[2026-01-16T08:12:27.470+0000][gc,init] CardTable entry size: 512
[2026-01-16T08:12:27.490+0000][gc     ] Using G1
[2026-01-16T08:12:27.640+0000][gc,init] Version: 21.0.4+7-LTS (release)
[2026-01-16T08:12:27.641+0000][gc,init] CPUs: 8 total, 8 available
[2026-01-16T08:12:27.642+0000][gc,init] Memory: 15972M
[2026-01-16T08:12:27.650+0000][gc,init] Large Page Support: Disabled
[2026-01-16T08:12:27.654+0000][gc,init] NUMA Support: Disabled
[2026-01-16T08:12:27.656+0000][gc,init] Compressed Oops: Enabled (32-bit)
[2026-01-16T08:12:27.657+0000][gc,init] Heap Region Size: 1M
[2026-01-16T08:12:27.657+0000][gc,init] Heap Min Capacity: 1G
[2026-01-16T08:12:27.658+0000][gc,init] Heap Initial Capacity: 1G
[2026-01-16T08:12:27.676+0000][gc,init] Heap Max Capacity: 1G
[2026-01-16T08:12:27.679+0000][gc,init] Pre-touch: Disabled
[2026-01-16T08:12:27.680+0000][gc,init] Parallel Workers: 8
[2026-01-16T08:12:27.681+0000][gc,init] Concurrent Workers: 2
[2026-01-16T08:12:27.682+0000][gc,init] Concurrent Refinement Workers: 8
[2026-01-16T08:12:27.682+0000][gc,init] Periodic GC: Disabled
[2026-01-16T08:12:34.803+0000][gc,metaspace] CDS archive(s) mapped at: [0x0000004800000000-0x0000004800bd0000-0x00000048036b0000), size 57344000, SharedBaseAddress: 0x0000004800000000, ArchiveRelocationMode: 1.
[2026-01-16T08:12:34.809+0000][gc,metaspace] Compressed class space mapped at: 0x0000004804000000-0x0000004844000000, reserved size: 1073741824
[2026-01-16T08:12:34.810+0000][gc,metaspace] Narrow klass base: 0x0000004800000000, Narrow klass shift: 0, Narrow klass range: 0x100000000
[2026-01-16T08:13:01.395+0000][gc,start    ] GC(0) Pause Young (Normal) (G1 Evacuation Pause)
[2026-01-16T08:13:01.437+0000][gc,task     ] GC(0) Using 8 workers of 8 for evacuation
[2026-01-16T08:13:02.307+0000][gc,mmu      ] GC(0) MMU target violated: 201.0ms (200.0ms/201.0ms)
[2026-01-16T08:13:02.308+0000][gc,phases   ] GC(0)   Pre Evacuate Collection Set: 81.3ms
[2026-01-16T08:13:02.308+0000][gc,phases   ] GC(0)   Merge Heap Roots: 2.8ms
[2026-01-16T08:13:02.308+0000][gc,phases   ] GC(0)   Evacuate Collection Set: 777.7ms
[2026-01-16T08:13:02.309+0000][gc,phases   ] GC(0)   Post Evacuate Collection Set: 5.6ms
[2026-01-16T08:13:02.309+0000][gc,phases   ] GC(0)   Other: 36.8ms
[2026-01-16T08:13:02.310+0000][gc,heap     ] GC(0) Eden regions: 51->0(44)
[2026-01-16T08:13:02.310+0000][gc,heap     ] GC(0) Survivor regions: 0->7(7)
[2026-01-16T08:13:02.310+0000][gc,heap     ] GC(0) Old regions: 1->3
[2026-01-16T08:13:02.311+0000][gc,heap     ] GC(0) Humongous regions: 4->4
[2026-01-16T08:13:02.311+0000][gc,metaspace] GC(0) Metaspace: 4773K(5056K)->4773K(5056K) NonClass: 4269K(4416K)->4269K(4416K) Class: 504K(640K)->504K(640K)
[2026-01-16T08:13:02.312+0000][gc          ] GC(0) Pause Young (Normal) (G1 Evacuation Pause) 55M->13M(1024M) 916.533ms
[2026-01-16T08:13:02.312+0000][gc,cpu      ] GC(0) User=0.19s Sys=0.17s Real=0.92s
[2026-01-16T08:13:14.301+0000][gc,start    ] GC(1) Pause Young (Normal) (G1 Evacuation Pause)
[2026-01-16T08:13:14.303+0000][gc,task     ] GC(1) Using 8 workers of 8 for evacuation
[2026-01-16T08:13:15.319+0000][gc,mmu      ] GC(1) MMU target violated: 201.0ms (200.0ms/201.0ms)
[2026-01-16T08:13:15.322+0000][gc,phases   ] GC(1)   Pre Evacuate Collection Set: 114.2ms
[2026-01-16T08:13:15.323+0000][gc,phases   ] GC(1)   Merge Heap Roots: 0.8ms
[2026-01-16T08:13:15.327+0000][gc,phases   ] GC(1)   Evacuate Collection Set: 883.9ms
[2026-01-16T08:13:15.327+0000][gc,phases   ] GC(1)   Post Evacuate Collection Set: 14.9ms
[2026-01-16T08:13:15.328+0000][gc,phases   ] GC(1)   Other: 5.1ms
[2026-01-16T08:13:15.328+0000][gc,heap     ] GC(1) Eden regions: 44->0(46)
[2026-01-16T08:13:15.329+0000][gc,heap     ] GC(1) Survivor regions: 7->5(7)
[2026-01-16T08:13:15.329+0000][gc,heap     ] GC(1) Old regions: 3->9
[2026-01-16T08:13:15.330+0000][gc,heap     ] GC(1) Humongous regions: 6->6
[2026-01-16T08:13:15.332+0000][gc,metaspace] GC(1) Metaspace: 7269K(7552K)->7269K(7552K) NonClass: 6452K(6592K)->6452K(6592K) Class: 817K(960K)->817K(960K)
[2026-01-16T08:13:15.339+0000][gc          ] GC(1) Pause Young (Normal) (G1 Evacuation Pause) 59M->19M(1024M) 1038.438ms
[2026-01-16T08:13:15.340+0000][gc,cpu      ] GC(1) User=0.39s Sys=0.19s Real=1.04s
[2026-01-16T08:13:19.362+0000][gc,start    ] GC(2) Pause Young (Normal) (G1 Evacuation Pause)
[2026-01-16T08:13:19.363+0000][gc,task     ] GC(2) Using 8 workers of 8 for evacuation
[2026-01-16T08:13:19.651+0000][gc,mmu      ] GC(2) MMU target violated: 201.0ms (200.0ms/201.0ms)
[2026-01-16T08:13:19.652+0000][gc,phases   ] GC(2)   Pre Evacuate Collection Set: 22.9ms
[2026-01-16T08:13:19.653+0000][gc,phases   ] GC(2)   Merge Heap Roots: 1.5ms
[2026-01-16T08:13:19.655+0000][gc,phases   ] GC(2)   Evacuate Collection Set: 254.2ms
[2026-01-16T08:13:19.655+0000][gc,phases   ] GC(2)   Post Evacuate Collection Set: 4.8ms
[2026-01-16T08:13:19.656+0000][gc,phases   ] GC(2)   Other: 6.0ms
[2026-01-16T08:13:19.656+0000][gc,heap     ] GC(2) Eden regions: 46->0(47)
[2026-01-16T08:13:19.656+0000][gc,heap     ] GC(2) Survivor regions: 5->4(7)
[2026-01-16T08:13:19.656+0000][gc,heap     ] GC(2) Old regions: 9->14
[2026-01-16T08:13:19.656+0000][gc,heap     ] GC(2) Humongous regions: 6->6
[2026-01-16T08:13:19.658+0000][gc,metaspace] GC(2) Metaspace: 7724K(8000K)->7724K(8000K) NonClass: 6845K(6976K)->6845K(6976K) Class: 878K(1024K)->878K(1024K)
[2026-01-16T08:13:19.660+0000][gc          ] GC(2) Pause Young (Normal) (G1 Evacuation Pause) 65M->23M(1024M) 298.301ms
[2026-01-16T08:13:19.663+0000][gc,cpu      ] GC(2) User=0.12s Sys=0.07s Real=0.30s
[2026-01-16T08:13:25.363+0000][gc,start    ] GC(3) Pause Young (Normal) (G1 Evacuation Pause)
[2026-01-16T08:13:25.379+0000][gc,task     ] GC(3) Using 8 workers of 8 for evacuation
[2026-01-16T08:13:25.760+0000][gc,mmu      ] GC(3) MMU target violated: 201.0ms (200.0ms/201.0ms)
[2026-01-16T08:13:25.765+0000][gc,phases   ] GC(3)   Pre Evacuate Collection Set: 48.9ms
[2026-01-16T08:13:25.765+0000][gc,phases   ] GC(3)   Merge Heap Roots: 8.5ms
[2026-01-16T08:13:25.766+0000][gc,phases   ] GC(3)   Evacuate Collection Set: 304.9ms
[2026-01-16T08:13:25.766+0000][gc,phases   ] GC(3)   Post Evacuate Collection Set: 2.4ms
[2026-01-16T08:13:25.766+0000][gc,phases   ] GC(3)   Other: 25.6ms
[2026-01-16T08:13:25.766+0000][gc,heap     ] GC(3) Eden regions: 47->0(46)
[2026-01-16T08:13:25.767+0000][gc,heap     ] GC(3) Survivor regions: 4->5(7)
[2026-01-16T08:13:25.767+0000][gc,heap     ] GC(3) Old regions: 14->14
[2026-01-16T08:13:25.767+0000][gc,heap     ] GC(3) Humongous regions: 135->135
[2026-01-16T08:13:25.767+0000][gc,metaspace] GC(3) Metaspace: 8304K(8576K)->8304K(8576K) NonClass: 7312K(7488K)->7312K(7488K) Class: 991K(1088K)->991K(1088K)
[2026-01-16T08:13:25.768+0000][gc          ] GC(3) Pause Young (Normal) (G1 Evacuation Pause) 199M->153M(1024M) 404.381ms
[2026-01-16T08:13:25.770+0000][gc,cpu      ] GC(3) User=0.21s Sys=0.04s Real=0.41s
[2026-01-16T08:13:28.784+0000][gc,start    ] GC(4) Pause Young (Normal) (G1 Evacuation Pause)
[2026-01-16T08:13:28.786+0000][gc,task     ] GC(4) Using 8 workers of 8 for evacuation
[2026-01-16T08:13:29.589+0000][gc,mmu      ] GC(4) MMU target violated: 201.0ms (200.0ms/201.0ms)
[2026-01-16T08:13:29.593+0000][gc,phases   ] GC(4)   Pre Evacuate Collection Set: 22.0ms
[2026-01-16T08:13:29.594+0000][gc,phases   ] GC(4)   Merge Heap Roots: 14.9ms
[2026-01-16T08:13:29.595+0000][gc,phases   ] GC(4)   Evacuate Collection Set: 751.9ms
[2026-01-16T08:13:29.595+0000][gc,phases   ] GC(4)   Post Evacuate Collection Set: 14.0ms
[2026-01-16T08:13:29.597+0000][gc,phases   ] GC(4)   Other: 4.0ms
[2026-01-16T08:13:29.597+0000][gc,heap     ] GC(4) Eden regions: 46->0(47)
[2026-01-16T08:13:29.597+0000][gc,heap     ] GC(4) Survivor regions: 5->4(7)
[2026-01-16T08:13:29.597+0000][gc,heap     ] GC(4) Old regions: 14->17
[2026-01-16T08:13:29.597+0000][gc,heap     ] GC(4) Humongous regions: 135->135
[2026-01-16T08:13:29.598+0000][gc,metaspace] GC(4) Metaspace: 8581K(8832K)->8581K(8832K) NonClass: 7550K(7680K)->7550K(7680K) Class: 1030K(1152K)->1030K(1152K)
[2026-01-16T08:13:29.598+0000][gc          ] GC(4) Pause Young (Normal) (G1 Evacuation Pause) 199M->155M(1024M) 814.414ms
[2026-01-16T08:13:29.599+0000][gc,cpu      ] GC(4) User=0.14s Sys=0.12s Real=0.82s
[2026-01-16T08:13:31.972+0000][gc,start    ] GC(5) Pause Young (Normal) (G1 Evacuation Pause)
[2026-01-16T08:13:31.979+0000][gc,task     ] GC(5) Using 8 workers of 8 for evacuation
[2026-01-16T08:13:32.101+0000][gc,phases   ] GC(5)   Pre Evacuate Collection Set: 13.8ms
[2026-01-16T08:13:32.106+0000][gc,phases   ] GC(5)   Merge Heap Roots: 3.0ms
[2026-01-16T08:13:32.110+0000][gc,phases   ] GC(5)   Evacuate Collection Set: 94.7ms
[2026-01-16T08:13:32.120+0000][gc,phases   ] GC(5)   Post Evacuate Collection Set: 10.6ms
[2026-01-16T08:13:32.120+0000][gc,phases   ] GC(5)   Other: 0.7ms
[2026-01-16T08:13:32.120+0000][gc,heap     ] GC(5) Eden regions: 47->0(47)
[2026-01-16T08:13:32.121+0000][gc,heap     ] GC(5) Survivor regions: 4->4(7)
[2026-01-16T08:13:32.121+0000][gc,heap     ] GC(5) Old regions: 17->17
[2026-01-16T08:13:32.122+0000][gc,heap     ] GC(5) Humongous regions: 135->135
[2026-01-16T08:13:32.123+0000][gc,metaspace] GC(5) Metaspace: 8779K(9088K)->8779K(9088K) NonClass: 7713K(7872K)->7713K(7872K) Class: 1066K(1216K)->1066K(1216K)
[2026-01-16T08:13:32.123+0000][gc          ] GC(5) Pause Young (Normal) (G1 Evacuation Pause) 202M->155M(1024M) 151.236ms
[2026-01-16T08:13:32.124+0000][gc,cpu      ] GC(5) User=0.08s Sys=0.00s Real=0.15s
[2026-01-16T08:13:35.772+0000][gc,start    ] GC(6) Pause Young (Normal) (G1 Evacuation Pause)
[2026-01-16T08:13:35.773+0000][gc,task     ] GC(6) Using 8 workers of 8 for evacuation
[2026-01-16T08:13:36.086+0000][gc,mmu      ] GC(6) MMU target violated: 201.0ms (200.0ms/201.0ms)
[2026-01-16T08:13:36.087+0000][gc,phases   ] GC(6)   Pre Evacuate Collection Set: 94.9ms
[2026-01-16T08:13:36.087+0000][gc,phases   ] GC(6)   Merge Heap Roots: 4.9ms
[2026-01-16T08:13:36.088+0000][gc,phases   ] GC(6)   Evacuate Collection Set: 191.0ms
[2026-01-16T08:13:36.088+0000][gc,phases   ] GC(6)   Post Evacuate Collection Set: 10.5ms
[2026-01-16T08:13:36.088+0000][gc,phases   ] GC(6)   Other: 12.8ms
[2026-01-16T08:13:36.095+0000][gc,heap     ] GC(6) Eden regions: 47->0(47)
[2026-01-16T08:13:36.098+0000][gc,heap     ] GC(6) Survivor regions: 4->4(7)
[2026-01-16T08:13:36.098+0000][gc,heap     ] GC(6) Old regions: 17->19
[2026-01-16T08:13:36.098+0000][gc,heap     ] GC(6) Humongous regions: 135->135
[2026-01-16T08:13:36.099+0000][gc,metaspace] GC(6) Metaspace: 9076K(9344K)->9076K(9344K) NonClass: 7947K(8064K)->7947K(8064K) Class: 1128K(1280K)->1128K(1280K)
[2026-01-16T08:13:36.099+0000][gc          ] GC(6) Pause Young (Normal) (G1 Evacuation Pause) 202M->156M(1024M) 327.174ms
[2026-01-16T08:13:36.100+0000][gc,cpu      ] GC(6) User=0.13s Sys=0.02s Real=0.33s
[2026-01-16T08:13:36.904+0000][gc,start    ] GC(7) Pause Young (Normal) (G1 Evacuation Pause)
[2026-01-16T08:13:36.906+0000][gc,task     ] GC(7) Using 8 workers of 8 for evacuation
[2026-01-16T08:13:37.039+0000][gc,phases   ] GC(7)   Pre Evacuate Collection Set: 5.8ms
[2026-01-16T08:13:37.039+0000][gc,phases   ] GC(7)   Merge Heap Roots: 13.1ms
[2026-01-16T08:13:37.040+0000][gc,phases   ] GC(7)   Evacuate Collection Set: 105.6ms
[2026-01-16T08:13:37.040+0000][gc,phases   ] GC(7)   Post Evacuate Collection Set: 3.5ms
[2026-01-16T08:13:37.041+0000][gc,phases   ] GC(7)   Other: 5.5ms
[2026-01-16T08:13:37.041+0000][gc,heap     ] GC(7) Eden regions: 47->0(46)
[2026-01-16T08:13:37.042+0000][gc,heap     ] GC(7) Survivor regions: 4->5(7)
[2026-01-16T08:13:37.042+0000][gc,heap     ] GC(7) Old regions: 19->19
[2026-01-16T08:13:37.044+0000][gc,heap     ] GC(7) Humongous regions: 135->135
[2026-01-16T08:13:37.047+0000][gc,metaspace] GC(7) Metaspace: 9085K(9344K)->9085K(9344K) NonClass: 7955K(8064K)->7955K(8064K) Class: 1129K(1280K)->1129K(1280K)
[2026-01-16T08:13:37.047+0000][gc          ] GC(7) Pause Young (Normal) (G1 Evacuation Pause) 203M->157M(1024M) 143.081ms
[2026-01-16T08:13:37.048+0000][gc,cpu      ] GC(7) User=0.04s Sys=0.01s Real=0.14s
[2026-01-16T08:13:38.990+0000][gc,start    ] GC(8) Pause Young (Normal) (G1 Evacuation Pause)
[2026-01-16T08:13:38.991+0000][gc,task     ] GC(8) Using 8 workers of 8 for evacuation
[2026-01-16T08:13:39.120+0000][gc,phases   ] GC(8)   Pre Evacuate Collection Set: 16.9ms
[2026-01-16T08:13:39.121+0000][gc,phases   ] GC(8)   Merge Heap Roots: 0.7ms
[2026-01-16T08:13:39.125+0000][gc,phases   ] GC(8)   Evacuate Collection Set: 104.8ms
[2026-01-16T08:13:39.125+0000][gc,phases   ] GC(8)   Post Evacuate Collection Set: 0.9ms
[2026-01-16T08:13:39.127+0000][gc,phases   ] GC(8)   Other: 6.1ms
[2026-01-16T08:13:39.128+0000][gc,heap     ] GC(8) Eden regions: 46->0(47)
[2026-01-16T08:13:39.129+0000][gc,heap     ] GC(8) Survivor regions: 5->4(7)
[2026-01-16T08:13:39.130+0000][gc,heap     ] GC(8) Old regions: 19->20
[2026-01-16T08:13:39.131+0000][gc,heap     ] GC(8) Humongous regions: 135->135
[2026-01-16T08:13:39.131+0000][gc,metaspace] GC(8) Metaspace: 9147K(9408K)->9147K(9408K) NonClass: 8011K(8128K)->8011K(8128K) Class: 1135K(1280K)->1135K(1280K)
[2026-01-16T08:13:39.132+0000][gc          ] GC(8) Pause Young (Normal) (G1 Evacuation Pause) 203M->158M(1024M) 142.127ms
[2026-01-16T08:13:39.135+0000][gc,cpu      ] GC(8) User=0.09s Sys=0.01s Real=0.14s
[2026-01-16T08:13:41.702+0000][gc,start    ] GC(9) Pause Young (Normal) (G1 Evacuation Pause)
[2026-01-16T08:13:41.703+0000][gc,task     ] GC(9) Using 8 workers of 8 for evacuation
[2026-01-16T08:13:41.956+0000][gc,mmu      ] GC(9) MMU target violated: 201.0ms (200.0ms/201.0ms)
[2026-01-16T08:13:41.959+0000][gc,phases   ] GC(9)   Pre Evacuate Collection Set: 11.8ms
[2026-01-16T08:13:41.961+0000][gc,phases   ] GC(9)   Merge Heap Roots: 0.3ms
[2026-01-16T08:13:41.966+0000][gc,phases   ] GC(9)   Evacuate Collection Set: 228.7ms
[2026-01-16T08:13:41.968+0000][gc,phases   ] GC(9)   Post Evacuate Collection Set: 9.4ms
[2026-01-16T08:13:41.970+0000][gc,phases   ] GC(9)   Other: 5.7ms
[2026-01-16T08:13:41.973+0000][gc,heap     ] GC(9) Eden regions: 47->0(47)
[2026-01-16T08:13:41.973+0000][gc,heap     ] GC(9) Survivor regions: 4->4(7)
[2026-01-16T08:13:41.974+0000][gc,heap     ] GC(9) Old regions: 20->20
[2026-01-16T08:13:41.976+0000][gc,heap     ] GC(9) Humongous regions: 135->135
[2026-01-16T08:13:41.977+0000][gc,metaspace] GC(9) Metaspace: 9223K(9472K)->9223K(9472K) NonClass: 8080K(8192K)->8080K(8192K) Class: 1143K(1280K)->1143K(1280K)
[2026-01-16T08:13:41.977+0000][gc          ] GC(9) Pause Young (Normal) (G1 Evacuation Pause) 205M->158M(1024M) 275.011ms
[2026-01-16T08:13:41.979+0000][gc,cpu      ] GC(9) User=0.14s Sys=0.00s Real=0.27s
[2026-01-16T08:13:43.754+0000][gc,start    ] GC(10) Pause Young (Normal) (G1 Evacuation Pause)
[2026-01-16T08:13:43.755+0000][gc,task     ] GC(10) Using 8 workers of 8 for evacuation
[2026-01-16T08:13:43.995+0000][gc,mmu      ] GC(10) MMU target violated: 201.0ms (200.0ms/201.0ms)
[2026-01-16T08:13:43.999+0000][gc,phases   ] GC(10)   Pre Evacuate Collection Set: 16.0ms
[2026-01-16T08:13:44.001+0000][gc,phases   ] GC(10)   Merge Heap Roots: 2.1ms
[2026-01-16T08:13:44.001+0000][gc,phases   ] GC(10)   Evacuate Collection Set: 195.8ms
[2026-01-16T08:13:44.003+0000][gc,phases   ] GC(10)   Post Evacuate Collection Set: 16.5ms
[2026-01-16T08:13:44.010+0000][gc,phases   ] GC(10)   Other: 14.0ms
[2026-01-16T08:13:44.013+0000][gc,heap     ] GC(10) Eden regions: 47->0(47)
[2026-01-16T08:13:44.013+0000][gc,heap     ] GC(10) Survivor regions: 4->4(7)
[2026-01-16T08:13:44.014+0000][gc,heap     ] GC(10) Old regions: 20->21
[2026-01-16T08:13:44.020+0000][gc,heap     ] GC(10) Humongous regions: 135->135
[2026-01-16T08:13:44.040+0000][gc,metaspace] GC(10) Metaspace: 9235K(9536K)->9235K(9536K) NonClass: 8091K(8256K)->8091K(8256K) Class: 1143K(1280K)->1143K(1280K)
[2026-01-16T08:13:44.042+0000][gc          ] GC(10) Pause Young (Normal) (G1 Evacuation Pause) 205M->159M(1024M) 287.803ms
[2026-01-16T08:13:44.042+0000][gc,cpu      ] GC(10) User=0.08s Sys=0.02s Real=0.29s
[2026-01-16T08:13:46.519+0000][gc,start    ] GC(11) Pause Young (Normal) (G1 Evacuation Pause)
[2026-01-16T08:13:46.535+0000][gc,task     ] GC(11) Using 8 workers of 8 for evacuation
[2026-01-16T08:13:46.692+0000][gc,phases   ] GC(11)   Pre Evacuate Collection Set: 47.7ms
[2026-01-16T08:13:46.700+0000][gc,phases   ] GC(11)   Merge Heap Roots: 6.6ms
[2026-01-16T08:13:46.700+0000][gc,phases   ] GC(11)   Evacuate Collection Set: 82.5ms
[2026-01-16T08:13:46.701+0000][gc,phases   ] GC(11)   Post Evacuate Collection Set: 12.8ms
[2026-01-16T08:13:46.701+0000][gc,phases   ] GC(11)   Other: 7.3ms
[2026-01-16T08:13:46.703+0000][gc,heap     ] GC(11) Eden regions: 47->0(48)
[2026-01-16T08:13:46.703+0000][gc,heap     ] GC(11) Survivor regions: 4->3(7)
[2026-01-16T08:13:46.704+0000][gc,heap     ] GC(11) Old regions: 21->21
[2026-01-16T08:13:46.705+0000][gc,heap     ] GC(11) Humongous regions: 135->135
[2026-01-16T08:13:46.710+0000][gc,metaspace] GC(11) Metaspace: 9261K(9536K)->9261K(9536K) NonClass: 8118K(8256K)->8118K(8256K) Class: 1143K(1280K)->1143K(1280K)
[2026-01-16T08:13:46.711+0000][gc          ] GC(11) Pause Young (Normal) (G1 Evacuation Pause) 206M->158M(1024M) 191.577ms
[2026-01-16T08:13:46.712+0000][gc,cpu      ] GC(11) User=0.05s Sys=0.01s Real=0.19s
[2026-01-16T08:13:49.780+0000][gc,start    ] GC(12) Pause Young (Normal) (G1 Evacuation Pause)
[2026-01-16T08:13:49.784+0000][gc,task     ] GC(12) Using 8 workers of 8 for evacuation
[2026-01-16T08:13:49.891+0000][gc,phases   ] GC(12)   Pre Evacuate Collection Set: 26.8ms
[2026-01-16T08:13:49.891+0000][gc,phases   ] GC(12)   Merge Heap Roots: 1.9ms
[2026-01-16T08:13:49.893+0000][gc,phases   ] GC(12)   Evacuate Collection Set: 76.0ms
[2026-01-16T08:13:49.893+0000][gc,phases   ] GC(12)   Post Evacuate Collection Set: 1.1ms
[2026-01-16T08:13:49.893+0000][gc,phases   ] GC(12)   Other: 1.1ms
[2026-01-16T08:13:49.894+0000][gc,heap     ] GC(12) Eden regions: 48->0(56)
[2026-01-16T08:13:49.894+0000][gc,heap     ] GC(12) Survivor regions: 3->3(7)
[2026-01-16T08:13:49.894+0000][gc,heap     ] GC(12) Old regions: 21->21
[2026-01-16T08:13:49.894+0000][gc,heap     ] GC(12) Humongous regions: 135->135
[2026-01-16T08:13:49.895+0000][gc,metaspace] GC(12) Metaspace: 9313K(9600K)->9313K(9600K) NonClass: 8168K(8320K)->8168K(8320K) Class: 1145K(1280K)->1145K(1280K)
[2026-01-16T08:13:49.895+0000][gc          ] GC(12) Pause Young (Normal) (G1 Evacuation Pause) 206M->158M(1024M) 114.891ms
[2026-01-16T08:13:49.896+0000][gc,cpu      ] GC(12) User=0.08s Sys=0.01s Real=0.11s
[2026-01-16T08:13:54.498+0000][gc,start    ] GC(13) Pause Young (Normal) (G1 Evacuation Pause)
[2026-01-16T08:13:54.512+0000][gc,task     ] GC(13) Using 8 workers of 8 for evacuation
[2026-01-16T08:13:54.766+0000][gc,mmu      ] GC(13) MMU target violated: 201.0ms (200.0ms/201.0ms)
[2026-01-16T08:13:54.768+0000][gc,phases   ] GC(13)   Pre Evacuate Collection Set: 19.1ms
[2026-01-16T08:13:54.768+0000][gc,phases   ] GC(13)   Merge Heap Roots: 4.4ms
[2026-01-16T08:13:54.769+0000][gc,phases   ] GC(13)   Evacuate Collection Set: 206.2ms
[2026-01-16T08:13:54.771+0000][gc,phases   ] GC(13)   Post Evacuate Collection Set: 4.6ms
[2026-01-16T08:13:54.783+0000][gc,phases   ] GC(13)   Other: 21.3ms
[2026-01-16T08:13:54.785+0000][gc,heap     ] GC(13) Eden regions: 62->0(47)
[2026-01-16T08:13:54.785+0000][gc,heap     ] GC(13) Survivor regions: 3->4(9)
[2026-01-16T08:13:54.787+0000][gc,heap     ] GC(13) Old regions: 21->21
[2026-01-16T08:13:54.787+0000][gc,heap     ] GC(13) Humongous regions: 135->135
[2026-01-16T08:13:54.790+0000][gc,metaspace] GC(13) Metaspace: 9428K(9728K)->9428K(9728K) NonClass: 8262K(8448K)->8262K(8448K) Class: 1166K(1280K)->1166K(1280K)
[2026-01-16T08:13:54.791+0000][gc          ] GC(13) Pause Young (Normal) (G1 Evacuation Pause) 220M->159M(1024M) 293.224ms
[2026-01-16T08:13:54.793+0000][gc,cpu      ] GC(13) User=0.11s Sys=0.04s Real=0.30s
[2026-01-16T08:13:59.281+0000][gc,start    ] GC(14) Pause Young (Normal) (G1 Evacuation Pause)
[2026-01-16T08:13:59.283+0000][gc,task     ] GC(14) Using 8 workers of 8 for evacuation
[2026-01-16T08:13:59.562+0000][gc,mmu      ] GC(14) MMU target violated: 201.0ms (200.0ms/201.0ms)
[2026-01-16T08:13:59.563+0000][gc,phases   ] GC(14)   Pre Evacuate Collection Set: 21.6ms
[2026-01-16T08:13:59.563+0000][gc,phases   ] GC(14)   Merge Heap Roots: 21.1ms
[2026-01-16T08:13:59.564+0000][gc,phases   ] GC(14)   Evacuate Collection Set: 228.3ms
[2026-01-16T08:13:59.564+0000][gc,phases   ] GC(14)   Post Evacuate Collection Set: 6.7ms
[2026-01-16T08:13:59.564+0000][gc,phases   ] GC(14)   Other: 2.7ms
[2026-01-16T08:13:59.564+0000][gc,heap     ] GC(14) Eden regions: 47->0(48)
[2026-01-16T08:13:59.564+0000][gc,heap     ] GC(14) Survivor regions: 4->3(7)
[2026-01-16T08:13:59.564+0000][gc,heap     ] GC(14) Old regions: 21->21
[2026-01-16T08:13:59.565+0000][gc,heap     ] GC(14) Humongous regions: 135->135
[2026-01-16T08:13:59.565+0000][gc,metaspace] GC(14) Metaspace: 9460K(9728K)->9460K(9728K) NonClass: 8293K(8448K)->8293K(8448K) Class: 1167K(1280K)->1167K(1280K)
[2026-01-16T08:13:59.565+0000][gc          ] GC(14) Pause Young (Normal) (G1 Evacuation Pause) 206M->158M(1024M) 283.831ms
[2026-01-16T08:13:59.566+0000][gc,cpu      ] GC(14) User=0.17s Sys=0.01s Real=0.28s
[2026-01-16T08:14:03.903+0000][gc,start    ] GC(15) Pause Young (Normal) (G1 Evacuation Pause)
[2026-01-16T08:14:03.917+0000][gc,task     ] GC(15) Using 8 workers of 8 for evacuation
[2026-01-16T08:14:04.256+0000][gc,mmu      ] GC(15) MMU target violated: 201.0ms (200.0ms/201.0ms)
[2026-01-16T08:14:04.258+0000][gc,phases   ] GC(15)   Pre Evacuate Collection Set: 120.1ms
[2026-01-16T08:14:04.259+0000][gc,phases   ] GC(15)   Merge Heap Roots: 12.2ms
[2026-01-16T08:14:04.259+0000][gc,phases   ] GC(15)   Evacuate Collection Set: 195.9ms
[2026-01-16T08:14:04.260+0000][gc,phases   ] GC(15)   Post Evacuate Collection Set: 6.9ms
[2026-01-16T08:14:04.261+0000][gc,phases   ] GC(15)   Other: 12.0ms
[2026-01-16T08:14:04.261+0000][gc,heap     ] GC(15) Eden regions: 48->0(48)
[2026-01-16T08:14:04.261+0000][gc,heap     ] GC(15) Survivor regions: 3->3(7)
[2026-01-16T08:14:04.264+0000][gc,heap     ] GC(15) Old regions: 21->21
[2026-01-16T08:14:04.265+0000][gc,heap     ] GC(15) Humongous regions: 135->135
[2026-01-16T08:14:04.265+0000][gc,metaspace] GC(15) Metaspace: 9500K(9792K)->9500K(9792K) NonClass: 8330K(8512K)->8330K(8512K) Class: 1170K(1280K)->1170K(1280K)
[2026-01-16T08:14:04.266+0000][gc          ] GC(15) Pause Young (Normal) (G1 Evacuation Pause) 206M->158M(1024M) 363.848ms
[2026-01-16T08:14:04.267+0000][gc,cpu      ] GC(15) User=0.13s Sys=0.04s Real=0.37s
[2026-01-16T08:14:06.320+0000][gc,start    ] GC(16) Pause Young (Normal) (G1 Evacuation Pause)
[2026-01-16T08:14:06.326+0000][gc,task     ] GC(16) Using 8 workers of 8 for evacuation
[2026-01-16T08:14:06.481+0000][gc,phases   ] GC(16)   Pre Evacuate Collection Set: 12.6ms
[2026-01-16T08:14:06.504+0000][gc,phases   ] GC(16)   Merge Heap Roots: 2.3ms
[2026-01-16T08:14:06.506+0000][gc,phases   ] GC(16)   Evacuate Collection Set: 127.3ms
[2026-01-16T08:14:06.508+0000][gc,phases   ] GC(16)   Post Evacuate Collection Set: 12.1ms
[2026-01-16T08:14:06.509+0000][gc,phases   ] GC(16)   Other: 5.4ms
[2026-01-16T08:14:06.509+0000][gc,heap     ] GC(16) Eden regions: 48->0(47)
[2026-01-16T08:14:06.510+0000][gc,heap     ] GC(16) Survivor regions: 3->4(7)
[2026-01-16T08:14:06.510+0000][gc,heap     ] GC(16) Old regions: 21->21
[2026-01-16T08:14:06.511+0000][gc,heap     ] GC(16) Humongous regions: 135->135
[2026-01-16T08:14:06.511+0000][gc,metaspace] GC(16) Metaspace: 9524K(9792K)->9524K(9792K) NonClass: 8353K(8512K)->8353K(8512K) Class: 1170K(1280K)->1170K(1280K)
[2026-01-16T08:14:06.513+0000][gc          ] GC(16) Pause Young (Normal) (G1 Evacuation Pause) 206M->159M(1024M) 192.373ms
[2026-01-16T08:14:06.530+0000][gc,cpu      ] GC(16) User=0.08s Sys=0.00s Real=0.21s
[2026-01-16T08:14:08.151+0000][gc,start    ] GC(17) Pause Young (Normal) (G1 Evacuation Pause)
[2026-01-16T08:14:08.152+0000][gc,task     ] GC(17) Using 8 workers of 8 for evacuation
[2026-01-16T08:14:08.233+0000][gc,phases   ] GC(17)   Pre Evacuate Collection Set: 16.1ms
[2026-01-16T08:14:08.234+0000][gc,phases   ] GC(17)   Merge Heap Roots: 0.5ms
[2026-01-16T08:14:08.234+0000][gc,phases   ] GC(17)   Evacuate Collection Set: 55.3ms
[2026-01-16T08:14:08.234+0000][gc,phases   ] GC(17)   Post Evacuate Collection Set: 8.3ms
[2026-01-16T08:14:08.235+0000][gc,phases   ] GC(17)   Other: 1.2ms
[2026-01-16T08:14:08.235+0000][gc,heap     ] GC(17) Eden regions: 47->0(46)
[2026-01-16T08:14:08.236+0000][gc,heap     ] GC(17) Survivor regions: 4->5(7)
[2026-01-16T08:14:08.236+0000][gc,heap     ] GC(17) Old regions: 21->21
[2026-01-16T08:14:08.236+0000][gc,heap     ] GC(17) Humongous regions: 135->135
[2026-01-16T08:14:08.236+0000][gc,metaspace] GC(17) Metaspace: 9543K(9792K)->9543K(9792K) NonClass: 8373K(8512K)->8373K(8512K) Class: 1170K(1280K)->1170K(1280K)
[2026-01-16T08:14:08.237+0000][gc          ] GC(17) Pause Young (Normal) (G1 Evacuation Pause) 206M->160M(1024M) 85.845ms
[2026-01-16T08:14:08.237+0000][gc,cpu      ] GC(17) User=0.10s Sys=0.00s Real=0.09s
[2026-01-16T08:14:08.918+0000][gc,start    ] GC(18) Pause Young (Normal) (G1 Evacuation Pause)
[2026-01-16T08:14:08.919+0000][gc,task     ] GC(18) Using 8 workers of 8 for evacuation
[2026-01-16T08:14:08.973+0000][gc,phases   ] GC(18)   Pre Evacuate Collection Set: 0.9ms
[2026-01-16T08:14:08.975+0000][gc,phases   ] GC(18)   Merge Heap Roots: 0.3ms
[2026-01-16T08:14:08.979+0000][gc,phases   ] GC(18)   Evacuate Collection Set: 49.4ms
[2026-01-16T08:14:08.980+0000][gc,phases   ] GC(18)   Post Evacuate Collection Set: 1.4ms
[2026-01-16T08:14:08.982+0000][gc,phases   ] GC(18)   Other: 1.2ms
[2026-01-16T08:14:08.982+0000][gc,heap     ] GC(18) Eden regions: 46->0(191)
[2026-01-16T08:14:08.983+0000][gc,heap     ] GC(18) Survivor regions: 5->3(7)
[2026-01-16T08:14:08.984+0000][gc,heap     ] GC(18) Old regions: 21->22
[2026-01-16T08:14:08.984+0000][gc,heap     ] GC(18) Humongous regions: 135->135
[2026-01-16T08:14:08.985+0000][gc,metaspace] GC(18) Metaspace: 9555K(9792K)->9555K(9792K) NonClass: 8384K(8512K)->8384K(8512K) Class: 1170K(1280K)->1170K(1280K)
[2026-01-16T08:14:08.986+0000][gc          ] GC(18) Pause Young (Normal) (G1 Evacuation Pause) 206M->158M(1024M) 67.305ms
[2026-01-16T08:14:08.986+0000][gc,cpu      ] GC(18) User=0.03s Sys=0.02s Real=0.07s
[2026-01-16T08:14:29.349+0000][gc,start    ] GC(19) Pause Young (Normal) (G1 Evacuation Pause)
[2026-01-16T08:14:29.395+0000][gc,task     ] GC(19) Using 8 workers of 8 for evacuation
[2026-01-16T08:14:30.048+0000][gc,mmu      ] GC(19) MMU target violated: 201.0ms (200.0ms/201.0ms)
[2026-01-16T08:14:30.052+0000][gc,phases   ] GC(19)   Pre Evacuate Collection Set: 62.1ms
[2026-01-16T08:14:30.054+0000][gc,phases   ] GC(19)   Merge Heap Roots: 17.2ms
[2026-01-16T08:14:30.062+0000][gc,phases   ] GC(19)   Evacuate Collection Set: 500.9ms
[2026-01-16T08:14:30.063+0000][gc,phases   ] GC(19)   Post Evacuate Collection Set: 48.6ms
[2026-01-16T08:14:30.063+0000][gc,phases   ] GC(19)   Other: 70.0ms
[2026-01-16T08:14:30.063+0000][gc,heap     ] GC(19) Eden regions: 214->0(48)
[2026-01-16T08:14:30.064+0000][gc,heap     ] GC(19) Survivor regions: 3->3(28)
[2026-01-16T08:14:30.064+0000][gc,heap     ] GC(19) Old regions: 22->22
[2026-01-16T08:14:30.065+0000][gc,heap     ] GC(19) Humongous regions: 135->135
[2026-01-16T08:14:30.065+0000][gc,metaspace] GC(19) Metaspace: 9720K(9920K)->9720K(9920K) NonClass: 8546K(8640K)->8546K(8640K) Class: 1173K(1280K)->1173K(1280K)
[2026-01-16T08:14:30.066+0000][gc          ] GC(19) Pause Young (Normal) (G1 Evacuation Pause) 372M->159M(1024M) 720.919ms
[2026-01-16T08:14:30.071+0000][gc,cpu      ] GC(19) User=0.36s Sys=0.10s Real=0.73s
[2026-01-16T08:14:38.433+0000][gc,start    ] GC(20) Pause Young (Normal) (G1 Evacuation Pause)
[2026-01-16T08:14:38.489+0000][gc,task     ] GC(20) Using 8 workers of 8 for evacuation
[2026-01-16T08:14:38.934+0000][gc,mmu      ] GC(20) MMU target violated: 201.0ms (200.0ms/201.0ms)
[2026-01-16T08:14:38.946+0000][gc,phases   ] GC(20)   Pre Evacuate Collection Set: 17.4ms
[2026-01-16T08:14:38.949+0000][gc,phases   ] GC(20)   Merge Heap Roots: 0.2ms
[2026-01-16T08:14:38.952+0000][gc,phases   ] GC(20)   Evacuate Collection Set: 361.2ms
[2026-01-16T08:14:38.958+0000][gc,phases   ] GC(20)   Post Evacuate Collection Set: 64.7ms
[2026-01-16T08:14:38.967+0000][gc,phases   ] GC(20)   Other: 13.9ms
[2026-01-16T08:14:38.970+0000][gc,heap     ] GC(20) Eden regions: 48->0(47)
[2026-01-16T08:14:38.970+0000][gc,heap     ] GC(20) Survivor regions: 3->4(7)
[2026-01-16T08:14:38.971+0000][gc,heap     ] GC(20) Old regions: 22->22
[2026-01-16T08:14:38.974+0000][gc,heap     ] GC(20) Humongous regions: 135->135
[2026-01-16T08:14:38.981+0000][gc,metaspace] GC(20) Metaspace: 9744K(9984K)->9744K(9984K) NonClass: 8567K(8704K)->8567K(8704K) Class: 1177K(1280K)->1177K(1280K)
[2026-01-16T08:14:38.984+0000][gc          ] GC(20) Pause Young (Normal) (G1 Evacuation Pause) 207M->160M(1024M) 550.735ms
[2026-01-16T08:14:38.988+0000][gc,cpu      ] GC(20) User=0.28s Sys=0.03s Real=0.57s
[2026-01-16T08:14:41.884+0000][gc,start    ] GC(21) Pause Young (Normal) (G1 Evacuation Pause)
[2026-01-16T08:14:41.892+0000][gc,task     ] GC(21) Using 8 workers of 8 for evacuation
[2026-01-16T08:14:42.111+0000][gc,mmu      ] GC(21) MMU target violated: 201.0ms (200.0ms/201.0ms)
[2026-01-16T08:14:42.112+0000][gc,phases   ] GC(21)   Pre Evacuate Collection Set: 22.4ms
[2026-01-16T08:14:42.118+0000][gc,phases   ] GC(21)   Merge Heap Roots: 0.2ms
[2026-01-16T08:14:42.118+0000][gc,phases   ] GC(21)   Evacuate Collection Set: 186.6ms
[2026-01-16T08:14:42.120+0000][gc,phases   ] GC(21)   Post Evacuate Collection Set: 9.5ms
[2026-01-16T08:14:42.123+0000][gc,phases   ] GC(21)   Other: 1.5ms
[2026-01-16T08:14:42.132+0000][gc,heap     ] GC(21) Eden regions: 47->0(46)
[2026-01-16T08:14:42.136+0000][gc,heap     ] GC(21) Survivor regions: 4->5(7)
[2026-01-16T08:14:42.146+0000][gc,heap     ] GC(21) Old regions: 22->22
[2026-01-16T08:14:42.147+0000][gc,heap     ] GC(21) Humongous regions: 135->135
[2026-01-16T08:14:42.148+0000][gc,metaspace] GC(21) Metaspace: 9796K(10112K)->9796K(10112K) NonClass: 8612K(8768K)->8612K(8768K) Class: 1183K(1344K)->1183K(1344K)
[2026-01-16T08:14:42.148+0000][gc          ] GC(21) Pause Young (Normal) (G1 Evacuation Pause) 207M->160M(1024M) 263.702ms
[2026-01-16T08:14:42.148+0000][gc,cpu      ] GC(21) User=0.16s Sys=0.01s Real=0.27s
[2026-01-16T08:14:44.061+0000][gc,start    ] GC(22) Pause Young (Normal) (G1 Evacuation Pause)
[2026-01-16T08:14:44.068+0000][gc,task     ] GC(22) Using 8 workers of 8 for evacuation
[2026-01-16T08:14:44.377+0000][gc,mmu      ] GC(22) MMU target violated: 201.0ms (200.0ms/201.0ms)
[2026-01-16T08:14:44.378+0000][gc,phases   ] GC(22)   Pre Evacuate Collection Set: 52.4ms
[2026-01-16T08:14:44.378+0000][gc,phases   ] GC(22)   Merge Heap Roots: 4.3ms
[2026-01-16T08:14:44.378+0000][gc,phases   ] GC(22)   Evacuate Collection Set: 241.5ms
[2026-01-16T08:14:44.379+0000][gc,phases   ] GC(22)   Post Evacuate Collection Set: 5.4ms
[2026-01-16T08:14:44.379+0000][gc,phases   ] GC(22)   Other: 8.4ms
[2026-01-16T08:14:44.379+0000][gc,heap     ] GC(22) Eden regions: 46->0(46)
[2026-01-16T08:14:44.379+0000][gc,heap     ] GC(22) Survivor regions: 5->5(7)
[2026-01-16T08:14:44.379+0000][gc,heap     ] GC(22) Old regions: 22->23
[2026-01-16T08:14:44.379+0000][gc,heap     ] GC(22) Humongous regions: 135->135
[2026-01-16T08:14:44.380+0000][gc,metaspace] GC(22) Metaspace: 9800K(10112K)->9800K(10112K) NonClass: 8616K(8768K)->8616K(8768K) Class: 1183K(1344K)->1183K(1344K)
[2026-01-16T08:14:44.381+0000][gc          ] GC(22) Pause Young (Normal) (G1 Evacuation Pause) 206M->161M(1024M) 319.794ms
[2026-01-16T08:14:44.381+0000][gc,cpu      ] GC(22) User=0.12s Sys=0.01s Real=0.32s
[2026-01-16T08:14:45.161+0000][gc,start    ] GC(23) Pause Young (Normal) (G1 Evacuation Pause)
[2026-01-16T08:14:45.162+0000][gc,task     ] GC(23) Using 8 workers of 8 for evacuation
[2026-01-16T08:14:45.248+0000][gc,phases   ] GC(23)   Pre Evacuate Collection Set: 1.5ms
[2026-01-16T08:14:45.249+0000][gc,phases   ] GC(23)   Merge Heap Roots: 18.3ms
[2026-01-16T08:14:45.249+0000][gc,phases   ] GC(23)   Evacuate Collection Set: 60.2ms
[2026-01-16T08:14:45.251+0000][gc,phases   ] GC(23)   Post Evacuate Collection Set: 3.1ms
[2026-01-16T08:14:45.251+0000][gc,phases   ] GC(23)   Other: 3.5ms
[2026-01-16T08:14:45.251+0000][gc,heap     ] GC(23) Eden regions: 46->0(48)
[2026-01-16T08:14:45.252+0000][gc,heap     ] GC(23) Survivor regions: 5->3(7)
[2026-01-16T08:14:45.252+0000][gc,heap     ] GC(23) Old regions: 23->23
[2026-01-16T08:14:45.254+0000][gc,heap     ] GC(23) Humongous regions: 135->135
[2026-01-16T08:14:45.254+0000][gc,metaspace] GC(23) Metaspace: 9810K(10176K)->9810K(10176K) NonClass: 8625K(8832K)->8625K(8832K) Class: 1185K(1344K)->1185K(1344K)
[2026-01-16T08:14:45.255+0000][gc          ] GC(23) Pause Young (Normal) (G1 Evacuation Pause) 207M->160M(1024M) 93.620ms
[2026-01-16T08:14:45.255+0000][gc,cpu      ] GC(23) User=0.04s Sys=0.01s Real=0.09s
[2026-01-16T08:14:47.748+0000][gc,start    ] GC(24) Pause Young (Normal) (G1 Evacuation Pause)
[2026-01-16T08:14:47.749+0000][gc,task     ] GC(24) Using 8 workers of 8 for evacuation
[2026-01-16T08:14:48.064+0000][gc,mmu      ] GC(24) MMU target violated: 201.0ms (200.0ms/201.0ms)
[2026-01-16T08:14:48.065+0000][gc,phases   ] GC(24)   Pre Evacuate Collection Set: 42.1ms
[2026-01-16T08:14:48.065+0000][gc,phases   ] GC(24)   Merge Heap Roots: 0.9ms
[2026-01-16T08:14:48.065+0000][gc,phases   ] GC(24)   Evacuate Collection Set: 260.4ms
[2026-01-16T08:14:48.065+0000][gc,phases   ] GC(24)   Post Evacuate Collection Set: 11.0ms
[2026-01-16T08:14:48.066+0000][gc,phases   ] GC(24)   Other: 1.5ms
[2026-01-16T08:14:48.066+0000][gc,heap     ] GC(24) Eden regions: 48->0(48)
[2026-01-16T08:14:48.066+0000][gc,heap     ] GC(24) Survivor regions: 3->3(7)
[2026-01-16T08:14:48.067+0000][gc,heap     ] GC(24) Old regions: 23->23
[2026-01-16T08:14:48.067+0000][gc,heap     ] GC(24) Humongous regions: 135->135
[2026-01-16T08:14:48.068+0000][gc,metaspace] GC(24) Metaspace: 9858K(10176K)->9858K(10176K) NonClass: 8666K(8832K)->8666K(8832K) Class: 1191K(1344K)->1191K(1344K)
[2026-01-16T08:14:48.072+0000][gc          ] GC(24) Pause Young (Normal) (G1 Evacuation Pause) 208M->160M(1024M) 324.071ms
[2026-01-16T08:14:48.072+0000][gc,cpu      ] GC(24) User=0.14s Sys=0.01s Real=0.32s
[2026-01-16T08:14:50.246+0000][gc,start    ] GC(25) Pause Young (Normal) (G1 Evacuation Pause)
[2026-01-16T08:14:50.263+0000][gc,task     ] GC(25) Using 8 workers of 8 for evacuation
[2026-01-16T08:14:50.806+0000][gc,mmu      ] GC(25) MMU target violated: 201.0ms (200.0ms/201.0ms)
[2026-01-16T08:14:50.808+0000][gc,phases   ] GC(25)   Pre Evacuate Collection Set: 202.5ms
[2026-01-16T08:14:50.809+0000][gc,phases   ] GC(25)   Merge Heap Roots: 3.8ms
[2026-01-16T08:14:50.814+0000][gc,phases   ] GC(25)   Evacuate Collection Set: 277.8ms
[2026-01-16T08:14:50.815+0000][gc,phases   ] GC(25)   Post Evacuate Collection Set: 39.8ms
[2026-01-16T08:14:50.818+0000][gc,phases   ] GC(25)   Other: 34.2ms
[2026-01-16T08:14:50.821+0000][gc,heap     ] GC(25) Eden regions: 48->0(47)
[2026-01-16T08:14:50.824+0000][gc,heap     ] GC(25) Survivor regions: 3->4(7)
[2026-01-16T08:14:50.825+0000][gc,heap     ] GC(25) Old regions: 23->23
[2026-01-16T08:14:50.831+0000][gc,heap     ] GC(25) Humongous regions: 135->135
[2026-01-16T08:14:50.833+0000][gc,metaspace] GC(25) Metaspace: 9989K(10240K)->9989K(10240K) NonClass: 8763K(8896K)->8763K(8896K) Class: 1225K(1344K)->1225K(1344K)
[2026-01-16T08:14:50.834+0000][gc          ] GC(25) Pause Young (Normal) (G1 Evacuation Pause) 208M->161M(1024M) 588.212ms
[2026-01-16T08:14:50.836+0000][gc,cpu      ] GC(25) User=0.22s Sys=0.03s Real=0.59s
[2026-01-16T08:14:53.531+0000][gc,start    ] GC(26) Pause Young (Normal) (G1 Evacuation Pause)
[2026-01-16T08:14:53.535+0000][gc,task     ] GC(26) Using 8 workers of 8 for evacuation
[2026-01-16T08:14:54.232+0000][gc,mmu      ] GC(26) MMU target violated: 201.0ms (200.0ms/201.0ms)
[2026-01-16T08:14:54.239+0000][gc,phases   ] GC(26)   Pre Evacuate Collection Set: 194.3ms
[2026-01-16T08:14:54.239+0000][gc,phases   ] GC(26)   Merge Heap Roots: 40.6ms
[2026-01-16T08:14:54.240+0000][gc,phases   ] GC(26)   Evacuate Collection Set: 448.2ms
[2026-01-16T08:14:54.244+0000][gc,phases   ] GC(26)   Post Evacuate Collection Set: 3.4ms
[2026-01-16T08:14:54.248+0000][gc,phases   ] GC(26)   Other: 18.9ms
[2026-01-16T08:14:54.248+0000][gc,heap     ] GC(26) Eden regions: 47->0(46)
[2026-01-16T08:14:54.248+0000][gc,heap     ] GC(26) Survivor regions: 4->5(7)
[2026-01-16T08:14:54.248+0000][gc,heap     ] GC(26) Old regions: 23->23
[2026-01-16T08:14:54.249+0000][gc,heap     ] GC(26) Humongous regions: 135->135
[2026-01-16T08:14:54.249+0000][gc,metaspace] GC(26) Metaspace: 10089K(10304K)->10089K(10304K) NonClass: 8847K(8960K)->8847K(8960K) Class: 1242K(1344K)->1242K(1344K)
[2026-01-16T08:14:54.249+0000][gc          ] GC(26) Pause Young (Normal) (G1 Evacuation Pause) 208M->162M(1024M) 717.921ms
[2026-01-16T08:14:54.249+0000][gc,cpu      ] GC(26) User=0.35s Sys=0.08s Real=0.72s
[2026-01-16T08:14:55.828+0000][gc,start    ] GC(27) Pause Young (Normal) (G1 Evacuation Pause)
[2026-01-16T08:14:55.831+0000][gc,task     ] GC(27) Using 8 workers of 8 for evacuation
[2026-01-16T08:14:56.159+0000][gc,mmu      ] GC(27) MMU target violated: 201.0ms (200.0ms/201.0ms)
[2026-01-16T08:14:56.161+0000][gc,phases   ] GC(27)   Pre Evacuate Collection Set: 43.9ms
[2026-01-16T08:14:56.163+0000][gc,phases   ] GC(27)   Merge Heap Roots: 1.5ms
[2026-01-16T08:14:56.163+0000][gc,phases   ] GC(27)   Evacuate Collection Set: 253.7ms
[2026-01-16T08:14:56.164+0000][gc,phases   ] GC(27)   Post Evacuate Collection Set: 8.0ms
[2026-01-16T08:14:56.164+0000][gc,phases   ] GC(27)   Other: 22.8ms
[2026-01-16T08:14:56.164+0000][gc,heap     ] GC(27) Eden regions: 46->0(46)
[2026-01-16T08:14:56.165+0000][gc,heap     ] GC(27) Survivor regions: 5->5(7)
[2026-01-16T08:14:56.165+0000][gc,heap     ] GC(27) Old regions: 23->24
[2026-01-16T08:14:56.165+0000][gc,heap     ] GC(27) Humongous regions: 135->135
[2026-01-16T08:14:56.165+0000][gc,metaspace] GC(27) Metaspace: 10424K(10688K)->10424K(10688K) NonClass: 9123K(9280K)->9123K(9280K) Class: 1301K(1408K)->1301K(1408K)
[2026-01-16T08:14:56.166+0000][gc          ] GC(27) Pause Young (Normal) (G1 Evacuation Pause) 208M->163M(1024M) 337.783ms
[2026-01-16T08:14:56.166+0000][gc,cpu      ] GC(27) User=0.12s Sys=0.06s Real=0.33s
[2026-01-16T08:14:57.535+0000][gc,start    ] GC(28) Pause Young (Normal) (G1 Evacuation Pause)
[2026-01-16T08:14:57.575+0000][gc,task     ] GC(28) Using 8 workers of 8 for evacuation
[2026-01-16T08:14:57.883+0000][gc,mmu      ] GC(28) MMU target violated: 201.0ms (200.0ms/201.0ms)
[2026-01-16T08:14:57.893+0000][gc,phases   ] GC(28)   Pre Evacuate Collection Set: 15.8ms
[2026-01-16T08:14:57.894+0000][gc,phases   ] GC(28)   Merge Heap Roots: 31.2ms
[2026-01-16T08:14:57.894+0000][gc,phases   ] GC(28)   Evacuate Collection Set: 220.9ms
[2026-01-16T08:14:57.895+0000][gc,phases   ] GC(28)   Post Evacuate Collection Set: 33.9ms
[2026-01-16T08:14:57.895+0000][gc,phases   ] GC(28)   Other: 16.7ms
[2026-01-16T08:14:57.895+0000][gc,heap     ] GC(28) Eden regions: 46->0(46)
[2026-01-16T08:14:57.896+0000][gc,heap     ] GC(28) Survivor regions: 5->5(7)
[2026-01-16T08:14:57.896+0000][gc,heap     ] GC(28) Old regions: 24->25
[2026-01-16T08:14:57.897+0000][gc,heap     ] GC(28) Humongous regions: 135->135
[2026-01-16T08:14:57.898+0000][gc,metaspace] GC(28) Metaspace: 10521K(10816K)->10521K(10816K) NonClass: 9194K(9344K)->9194K(9344K) Class: 1327K(1472K)->1327K(1472K)
[2026-01-16T08:14:57.899+0000][gc          ] GC(28) Pause Young (Normal) (G1 Evacuation Pause) 209M->163M(1024M) 363.757ms
[2026-01-16T08:14:57.908+0000][gc,cpu      ] GC(28) User=0.10s Sys=0.00s Real=0.38s
[2026-01-16T08:14:58.887+0000][gc,start    ] GC(29) Pause Young (Normal) (G1 Evacuation Pause)
[2026-01-16T08:14:58.892+0000][gc,task     ] GC(29) Using 8 workers of 8 for evacuation
[2026-01-16T08:14:59.183+0000][gc,mmu      ] GC(29) MMU target violated: 201.0ms (200.0ms/201.0ms)
[2026-01-16T08:14:59.206+0000][gc,phases   ] GC(29)   Pre Evacuate Collection Set: 12.5ms
[2026-01-16T08:14:59.210+0000][gc,phases   ] GC(29)   Merge Heap Roots: 0.3ms
[2026-01-16T08:14:59.221+0000][gc,phases   ] GC(29)   Evacuate Collection Set: 271.8ms
[2026-01-16T08:14:59.238+0000][gc,phases   ] GC(29)   Post Evacuate Collection Set: 4.8ms
[2026-01-16T08:14:59.241+0000][gc,phases   ] GC(29)   Other: 25.5ms
[2026-01-16T08:14:59.254+0000][gc,heap     ] GC(29) Eden regions: 46->0(47)
[2026-01-16T08:14:59.263+0000][gc,heap     ] GC(29) Survivor regions: 5->4(7)
[2026-01-16T08:14:59.268+0000][gc,heap     ] GC(29) Old regions: 25->26
[2026-01-16T08:14:59.273+0000][gc,heap     ] GC(29) Humongous regions: 135->135
[2026-01-16T08:14:59.273+0000][gc,metaspace] GC(29) Metaspace: 10531K(10816K)->10531K(10816K) NonClass: 9203K(9344K)->9203K(9344K) Class: 1327K(1472K)->1327K(1472K)
[2026-01-16T08:14:59.278+0000][gc          ] GC(29) Pause Young (Normal) (G1 Evacuation Pause) 209M->164M(1024M) 390.968ms
[2026-01-16T08:14:59.285+0000][gc,cpu      ] GC(29) User=0.14s Sys=0.07s Real=0.40s
[2026-01-16T08:15:00.510+0000][gc,start    ] GC(30) Pause Young (Normal) (G1 Evacuation Pause)
[2026-01-16T08:15:00.510+0000][gc,task     ] GC(30) Using 8 workers of 8 for evacuation
[2026-01-16T08:15:00.560+0000][gc,phases   ] GC(30)   Pre Evacuate Collection Set: 3.2ms
[2026-01-16T08:15:00.561+0000][gc,phases   ] GC(30)   Merge Heap Roots: 0.2ms
[2026-01-16T08:15:00.561+0000][gc,phases   ] GC(30)   Evacuate Collection Set: 44.8ms
[2026-01-16T08:15:00.561+0000][gc,phases   ] GC(30)   Post Evacuate Collection Set: 1.6ms
[2026-01-16T08:15:00.562+0000][gc,phases   ] GC(30)   Other: 0.4ms
[2026-01-16T08:15:00.562+0000][gc,heap     ] GC(30) Eden regions: 47->0(46)
[2026-01-16T08:15:00.563+0000][gc,heap     ] GC(30) Survivor regions: 4->5(7)
[2026-01-16T08:15:00.563+0000][gc,heap     ] GC(30) Old regions: 26->26
[2026-01-16T08:15:00.564+0000][gc,heap     ] GC(30) Humongous regions: 135->135
[2026-01-16T08:15:00.565+0000][gc,metaspace] GC(30) Metaspace: 10599K(10880K)->10599K(10880K) NonClass: 9259K(9408K)->9259K(9408K) Class: 1340K(1472K)->1340K(1472K)
[2026-01-16T08:15:00.565+0000][gc          ] GC(30) Pause Young (Normal) (G1 Evacuation Pause) 211M->165M(1024M) 55.712ms
[2026-01-16T08:15:00.566+0000][gc,cpu      ] GC(30) User=0.06s Sys=0.01s Real=0.06s
[2026-01-16T08:15:03.125+0000][gc,start    ] GC(31) Pause Young (Normal) (G1 Evacuation Pause)
[2026-01-16T08:15:03.126+0000][gc,task     ] GC(31) Using 8 workers of 8 for evacuation
[2026-01-16T08:15:03.374+0000][gc,mmu      ] GC(31) MMU target violated: 201.0ms (200.0ms/201.0ms)
[2026-01-16T08:15:03.376+0000][gc,phases   ] GC(31)   Pre Evacuate Collection Set: 13.8ms
[2026-01-16T08:15:03.376+0000][gc,phases   ] GC(31)   Merge Heap Roots: 0.5ms
[2026-01-16T08:15:03.377+0000][gc,phases   ] GC(31)   Evacuate Collection Set: 222.1ms
[2026-01-16T08:15:03.377+0000][gc,phases   ] GC(31)   Post Evacuate Collection Set: 9.5ms
[2026-01-16T08:15:03.377+0000][gc,phases   ] GC(31)   Other: 4.1ms
[2026-01-16T08:15:03.377+0000][gc,heap     ] GC(31) Eden regions: 46->0(46)
[2026-01-16T08:15:03.377+0000][gc,heap     ] GC(31) Survivor regions: 5->5(7)
[2026-01-16T08:15:03.377+0000][gc,heap     ] GC(31) Old regions: 26->27
[2026-01-16T08:15:03.379+0000][gc,heap     ] GC(31) Humongous regions: 135->135
[2026-01-16T08:15:03.380+0000][gc,metaspace] GC(31) Metaspace: 10612K(10944K)->10612K(10944K) NonClass: 9270K(9472K)->9270K(9472K) Class: 1342K(1472K)->1342K(1472K)
[2026-01-16T08:15:03.380+0000][gc          ] GC(31) Pause Young (Normal) (G1 Evacuation Pause) 211M->165M(1024M) 254.779ms
[2026-01-16T08:15:03.380+0000][gc,cpu      ] GC(31) User=0.15s Sys=0.01s Real=0.25s
[2026-01-16T08:15:04.441+0000][gc,start    ] GC(32) Pause Young (Normal) (G1 Evacuation Pause)
[2026-01-16T08:15:04.441+0000][gc,task     ] GC(32) Using 8 workers of 8 for evacuation
[2026-01-16T08:15:04.574+0000][gc,phases   ] GC(32)   Pre Evacuate Collection Set: 9.4ms
[2026-01-16T08:15:04.576+0000][gc,phases   ] GC(32)   Merge Heap Roots: 0.5ms
[2026-01-16T08:15:04.578+0000][gc,phases   ] GC(32)   Evacuate Collection Set: 121.5ms
[2026-01-16T08:15:04.578+0000][gc,phases   ] GC(32)   Post Evacuate Collection Set: 0.9ms
[2026-01-16T08:15:04.578+0000][gc,phases   ] GC(32)   Other: 0.9ms
[2026-01-16T08:15:04.579+0000][gc,heap     ] GC(32) Eden regions: 46->0(46)
[2026-01-16T08:15:04.579+0000][gc,heap     ] GC(32) Survivor regions: 5->5(7)
[2026-01-16T08:15:04.579+0000][gc,heap     ] GC(32) Old regions: 27->28
[2026-01-16T08:15:04.580+0000][gc,heap     ] GC(32) Humongous regions: 135->135
[2026-01-16T08:15:04.580+0000][gc,metaspace] GC(32) Metaspace: 10619K(10944K)->10619K(10944K) NonClass: 9276K(9472K)->9276K(9472K) Class: 1342K(1472K)->1342K(1472K)
[2026-01-16T08:15:04.580+0000][gc          ] GC(32) Pause Young (Normal) (G1 Evacuation Pause) 211M->166M(1024M) 139.713ms
[2026-01-16T08:15:04.583+0000][gc,cpu      ] GC(32) User=0.06s Sys=0.02s Real=0.14s
[2026-01-16T08:15:06.422+0000][gc,start    ] GC(33) Pause Young (Normal) (G1 Evacuation Pause)
[2026-01-16T08:15:06.423+0000][gc,task     ] GC(33) Using 8 workers of 8 for evacuation
[2026-01-16T08:15:06.575+0000][gc,phases   ] GC(33)   Pre Evacuate Collection Set: 10.7ms
[2026-01-16T08:15:06.576+0000][gc,phases   ] GC(33)   Merge Heap Roots: 4.2ms
[2026-01-16T08:15:06.576+0000][gc,phases   ] GC(33)   Evacuate Collection Set: 129.5ms
[2026-01-16T08:15:06.577+0000][gc,phases   ] GC(33)   Post Evacuate Collection Set: 5.7ms
[2026-01-16T08:15:06.580+0000][gc,phases   ] GC(33)   Other: 2.3ms
[2026-01-16T08:15:06.580+0000][gc,heap     ] GC(33) Eden regions: 46->0(46)
[2026-01-16T08:15:06.581+0000][gc,heap     ] GC(33) Survivor regions: 5->5(7)
[2026-01-16T08:15:06.582+0000][gc,heap     ] GC(33) Old regions: 28->28
[2026-01-16T08:15:06.583+0000][gc,heap     ] GC(33) Humongous regions: 135->135
[2026-01-16T08:15:06.584+0000][gc,metaspace] GC(33) Metaspace: 10757K(11072K)->10757K(11072K) NonClass: 9386K(9536K)->9386K(9536K) Class: 1371K(1536K)->1371K(1536K)
[2026-01-16T08:15:06.585+0000][gc          ] GC(33) Pause Young (Normal) (G1 Evacuation Pause) 212M->167M(1024M) 162.820ms
[2026-01-16T08:15:06.592+0000][gc,cpu      ] GC(33) User=0.09s Sys=0.01s Real=0.17s
[2026-01-16T08:15:08.674+0000][gc,start    ] GC(34) Pause Young (Normal) (G1 Evacuation Pause)
[2026-01-16T08:15:08.677+0000][gc,task     ] GC(34) Using 8 workers of 8 for evacuation
[2026-01-16T08:15:08.782+0000][gc,phases   ] GC(34)   Pre Evacuate Collection Set: 7.7ms
[2026-01-16T08:15:08.783+0000][gc,phases   ] GC(34)   Merge Heap Roots: 0.3ms
[2026-01-16T08:15:08.783+0000][gc,phases   ] GC(34)   Evacuate Collection Set: 88.4ms
[2026-01-16T08:15:08.786+0000][gc,phases   ] GC(34)   Post Evacuate Collection Set: 7.9ms
[2026-01-16T08:15:08.789+0000][gc,phases   ] GC(34)   Other: 0.9ms
[2026-01-16T08:15:08.789+0000][gc,heap     ] GC(34) Eden regions: 46->0(131)
[2026-01-16T08:15:08.791+0000][gc,heap     ] GC(34) Survivor regions: 5->3(7)
[2026-01-16T08:15:08.791+0000][gc,heap     ] GC(34) Old regions: 28->29
[2026-01-16T08:15:08.793+0000][gc,heap     ] GC(34) Humongous regions: 135->135
[2026-01-16T08:15:08.794+0000][gc,metaspace] GC(34) Metaspace: 10811K(11136K)->10811K(11136K) NonClass: 9439K(9600K)->9439K(9600K) Class: 1372K(1536K)->1372K(1536K)
[2026-01-16T08:15:08.795+0000][gc          ] GC(34) Pause Young (Normal) (G1 Evacuation Pause) 213M->165M(1024M) 120.606ms
[2026-01-16T08:15:08.796+0000][gc,cpu      ] GC(34) User=0.06s Sys=0.02s Real=0.12s
[2026-01-16T08:15:16.941+0000][gc,start    ] GC(35) Pause Young (Normal) (G1 Evacuation Pause)
[2026-01-16T08:15:16.944+0000][gc,task     ] GC(35) Using 8 workers of 8 for evacuation
[2026-01-16T08:15:17.151+0000][gc,mmu      ] GC(35) MMU target violated: 201.0ms (200.0ms/201.0ms)
[2026-01-16T08:15:17.152+0000][gc,phases   ] GC(35)   Pre Evacuate Collection Set: 30.0ms
[2026-01-16T08:15:17.155+0000][gc,phases   ] GC(35)   Merge Heap Roots: 5.1ms
[2026-01-16T08:15:17.157+0000][gc,phases   ] GC(35)   Evacuate Collection Set: 166.5ms
[2026-01-16T08:15:17.157+0000][gc,phases   ] GC(35)   Post Evacuate Collection Set: 2.9ms
[2026-01-16T08:15:17.158+0000][gc,phases   ] GC(35)   Other: 3.9ms
[2026-01-16T08:15:17.159+0000][gc,heap     ] GC(35) Eden regions: 122->0(45)
[2026-01-16T08:15:17.160+0000][gc,heap     ] GC(35) Survivor regions: 3->6(16)
[2026-01-16T08:15:17.161+0000][gc,heap     ] GC(35) Old regions: 29->29
[2026-01-16T08:15:17.162+0000][gc,heap     ] GC(35) Humongous regions: 135->135
[2026-01-16T08:15:17.165+0000][gc,metaspace] GC(35) Metaspace: 11513K(11840K)->11513K(11840K) NonClass: 10042K(10240K)->10042K(10240K) Class: 1471K(1600K)->1471K(1600K)
[2026-01-16T08:15:17.167+0000][gc          ] GC(35) Pause Young (Normal) (G1 Evacuation Pause) 287M->168M(1024M) 225.837ms
[2026-01-16T08:15:17.168+0000][gc,cpu      ] GC(35) User=0.19s Sys=0.02s Real=0.23s
[2026-01-16T08:15:17.681+0000][gc,start    ] GC(36) Pause Young (Normal) (G1 Evacuation Pause)
[2026-01-16T08:15:17.682+0000][gc,task     ] GC(36) Using 8 workers of 8 for evacuation
[2026-01-16T08:15:17.722+0000][gc,phases   ] GC(36)   Pre Evacuate Collection Set: 1.5ms
[2026-01-16T08:15:17.722+0000][gc,phases   ] GC(36)   Merge Heap Roots: 0.3ms
[2026-01-16T08:15:17.723+0000][gc,phases   ] GC(36)   Evacuate Collection Set: 32.2ms
[2026-01-16T08:15:17.723+0000][gc,phases   ] GC(36)   Post Evacuate Collection Set: 4.7ms
[2026-01-16T08:15:17.724+0000][gc,phases   ] GC(36)   Other: 1.1ms
[2026-01-16T08:15:17.725+0000][gc,heap     ] GC(36) Eden regions: 45->0(235)
[2026-01-16T08:15:17.725+0000][gc,heap     ] GC(36) Survivor regions: 6->3(7)
[2026-01-16T08:15:17.725+0000][gc,heap     ] GC(36) Old regions: 29->30
[2026-01-16T08:15:17.725+0000][gc,heap     ] GC(36) Humongous regions: 135->135
[2026-01-16T08:15:17.725+0000][gc,metaspace] GC(36) Metaspace: 11537K(11840K)->11537K(11840K) NonClass: 10065K(10240K)->10065K(10240K) Class: 1471K(1600K)->1471K(1600K)
[2026-01-16T08:15:17.726+0000][gc          ] GC(36) Pause Young (Normal) (G1 Evacuation Pause) 213M->167M(1024M) 44.390ms
[2026-01-16T08:15:17.726+0000][gc,cpu      ] GC(36) User=0.06s Sys=0.02s Real=0.05s
[2026-01-16T08:15:31.453+0000][gc,start    ] GC(37) Pause Young (Normal) (G1 Evacuation Pause)
[2026-01-16T08:15:31.461+0000][gc,task     ] GC(37) Using 8 workers of 8 for evacuation
[2026-01-16T08:15:32.271+0000][gc,mmu      ] GC(37) MMU target violated: 201.0ms (200.0ms/201.0ms)
[2026-01-16T08:15:32.274+0000][gc,phases   ] GC(37)   Pre Evacuate Collection Set: 99.4ms
[2026-01-16T08:15:32.279+0000][gc,phases   ] GC(37)   Merge Heap Roots: 7.3ms
[2026-01-16T08:15:32.281+0000][gc,phases   ] GC(37)   Evacuate Collection Set: 668.9ms
[2026-01-16T08:15:32.283+0000][gc,phases   ] GC(37)   Post Evacuate Collection Set: 32.4ms
[2026-01-16T08:15:32.284+0000][gc,phases   ] GC(37)   Other: 5.7ms
[2026-01-16T08:15:32.285+0000][gc,heap     ] GC(37) Eden regions: 235->0(47)
[2026-01-16T08:15:32.287+0000][gc,heap     ] GC(37) Survivor regions: 3->4(30)
[2026-01-16T08:15:32.289+0000][gc,heap     ] GC(37) Old regions: 30->30
[2026-01-16T08:15:32.292+0000][gc,heap     ] GC(37) Humongous regions: 135->135
[2026-01-16T08:15:32.293+0000][gc,metaspace] GC(37) Metaspace: 12130K(12416K)->12130K(12416K) NonClass: 10590K(10752K)->10590K(10752K) Class: 1539K(1664K)->1539K(1664K)
[2026-01-16T08:15:32.294+0000][gc          ] GC(37) Pause Young (Normal) (G1 Evacuation Pause) 402M->168M(1024M) 840.837ms
[2026-01-16T08:15:32.294+0000][gc,cpu      ] GC(37) User=0.41s Sys=0.16s Real=0.84s
[2026-01-16T08:15:35.754+0000][gc,start    ] GC(38) Pause Young (Normal) (G1 Evacuation Pause)
[2026-01-16T08:15:35.758+0000][gc,task     ] GC(38) Using 8 workers of 8 for evacuation
[2026-01-16T08:15:36.069+0000][gc,mmu      ] GC(38) MMU target violated: 201.0ms (200.0ms/201.0ms)
[2026-01-16T08:15:36.070+0000][gc,phases   ] GC(38)   Pre Evacuate Collection Set: 31.5ms
[2026-01-16T08:15:36.070+0000][gc,phases   ] GC(38)   Merge Heap Roots: 4.9ms
[2026-01-16T08:15:36.070+0000][gc,phases   ] GC(38)   Evacuate Collection Set: 264.1ms
[2026-01-16T08:15:36.071+0000][gc,phases   ] GC(38)   Post Evacuate Collection Set: 8.4ms
[2026-01-16T08:15:36.071+0000][gc,phases   ] GC(38)   Other: 2.2ms
[2026-01-16T08:15:36.072+0000][gc,heap     ] GC(38) Eden regions: 47->0(46)
[2026-01-16T08:15:36.072+0000][gc,heap     ] GC(38) Survivor regions: 4->5(7)
[2026-01-16T08:15:36.072+0000][gc,heap     ] GC(38) Old regions: 30->31
[2026-01-16T08:15:36.073+0000][gc,heap     ] GC(38) Humongous regions: 135->135
[2026-01-16T08:15:36.073+0000][gc,metaspace] GC(38) Metaspace: 12163K(12480K)->12163K(12480K) NonClass: 10623K(10816K)->10623K(10816K) Class: 1539K(1664K)->1539K(1664K)
[2026-01-16T08:15:36.085+0000][gc          ] GC(38) Pause Young (Normal) (G1 Evacuation Pause) 215M->169M(1024M) 331.386ms
[2026-01-16T08:15:36.085+0000][gc,cpu      ] GC(38) User=0.16s Sys=0.01s Real=0.34s
[2026-01-16T08:15:37.546+0000][gc,start    ] GC(39) Pause Young (Normal) (G1 Evacuation Pause)
[2026-01-16T08:15:37.553+0000][gc,task     ] GC(39) Using 8 workers of 8 for evacuation
[2026-01-16T08:15:37.865+0000][gc,mmu      ] GC(39) MMU target violated: 201.0ms (200.0ms/201.0ms)
[2026-01-16T08:15:37.869+0000][gc,phases   ] GC(39)   Pre Evacuate Collection Set: 20.3ms
[2026-01-16T08:15:37.874+0000][gc,phases   ] GC(39)   Merge Heap Roots: 9.1ms
[2026-01-16T08:15:37.876+0000][gc,phases   ] GC(39)   Evacuate Collection Set: 271.9ms
[2026-01-16T08:15:37.878+0000][gc,phases   ] GC(39)   Post Evacuate Collection Set: 5.0ms
[2026-01-16T08:15:37.879+0000][gc,phases   ] GC(39)   Other: 14.9ms
[2026-01-16T08:15:37.882+0000][gc,heap     ] GC(39) Eden regions: 46->0(46)
[2026-01-16T08:15:37.884+0000][gc,heap     ] GC(39) Survivor regions: 5->5(7)
[2026-01-16T08:15:37.888+0000][gc,heap     ] GC(39) Old regions: 31->32
[2026-01-16T08:15:37.889+0000][gc,heap     ] GC(39) Humongous regions: 135->135
[2026-01-16T08:15:37.890+0000][gc,metaspace] GC(39) Metaspace: 12191K(12480K)->12191K(12480K) NonClass: 10651K(10816K)->10651K(10816K) Class: 1539K(1664K)->1539K(1664K)
[2026-01-16T08:15:37.891+0000][gc          ] GC(39) Pause Young (Normal) (G1 Evacuation Pause) 215M->170M(1024M) 344.593ms
[2026-01-16T08:15:37.892+0000][gc,cpu      ] GC(39) User=0.20s Sys=0.06s Real=0.36s
[2026-01-16T08:15:40.139+0000][gc,start    ] GC(40) Pause Young (Normal) (G1 Evacuation Pause)
[2026-01-16T08:15:40.140+0000][gc,task     ] GC(40) Using 8 workers of 8 for evacuation
[2026-01-16T08:15:40.223+0000][gc,phases   ] GC(40)   Pre Evacuate Collection Set: 17.1ms
[2026-01-16T08:15:40.228+0000][gc,phases   ] GC(40)   Merge Heap Roots: 3.5ms
[2026-01-16T08:15:40.228+0000][gc,phases   ] GC(40)   Evacuate Collection Set: 58.4ms
[2026-01-16T08:15:40.228+0000][gc,phases   ] GC(40)   Post Evacuate Collection Set: 3.6ms
[2026-01-16T08:15:40.230+0000][gc,phases   ] GC(40)   Other: 0.9ms
[2026-01-16T08:15:40.233+0000][gc,heap     ] GC(40) Eden regions: 46->0(59)
[2026-01-16T08:15:40.233+0000][gc,heap     ] GC(40) Survivor regions: 5->2(7)
[2026-01-16T08:15:40.234+0000][gc,heap     ] GC(40) Old regions: 32->33
[2026-01-16T08:15:40.235+0000][gc,heap     ] GC(40) Humongous regions: 135->135
[2026-01-16T08:15:40.235+0000][gc,metaspace] GC(40) Metaspace: 12206K(12480K)->12206K(12480K) NonClass: 10666K(10816K)->10666K(10816K) Class: 1539K(1664K)->1539K(1664K)
[2026-01-16T08:15:40.236+0000][gc          ] GC(40) Pause Young (Normal) (G1 Evacuation Pause) 216M->168M(1024M) 97.119ms
[2026-01-16T08:15:40.236+0000][gc,cpu      ] GC(40) User=0.07s Sys=0.02s Real=0.10s
[2026-01-16T08:15:46.009+0000][gc,start    ] GC(41) Pause Young (Normal) (G1 Evacuation Pause)
[2026-01-16T08:15:46.022+0000][gc,task     ] GC(41) Using 8 workers of 8 for evacuation
[2026-01-16T08:15:46.215+0000][gc,phases   ] GC(41)   Pre Evacuate Collection Set: 16.9ms
[2026-01-16T08:15:46.216+0000][gc,phases   ] GC(41)   Merge Heap Roots: 15.8ms
[2026-01-16T08:15:46.216+0000][gc,phases   ] GC(41)   Evacuate Collection Set: 151.9ms
[2026-01-16T08:15:46.216+0000][gc,phases   ] GC(41)   Post Evacuate Collection Set: 6.1ms
[2026-01-16T08:15:46.217+0000][gc,phases   ] GC(41)   Other: 1.8ms
[2026-01-16T08:15:46.217+0000][gc,heap     ] GC(41) Eden regions: 90->0(48)
[2026-01-16T08:15:46.217+0000][gc,heap     ] GC(41) Survivor regions: 2->3(12)
[2026-01-16T08:15:46.218+0000][gc,heap     ] GC(41) Old regions: 33->33
[2026-01-16T08:15:46.218+0000][gc,heap     ] GC(41) Humongous regions: 135->135
[2026-01-16T08:15:46.219+0000][gc,metaspace] GC(41) Metaspace: 12267K(12544K)->12267K(12544K) NonClass: 10727K(10880K)->10727K(10880K) Class: 1539K(1664K)->1539K(1664K)
[2026-01-16T08:15:46.220+0000][gc          ] GC(41) Pause Young (Normal) (G1 Evacuation Pause) 258M->169M(1024M) 210.347ms
[2026-01-16T08:15:46.220+0000][gc,cpu      ] GC(41) User=0.21s Sys=0.01s Real=0.21s
[2026-01-16T08:15:47.339+0000][gc,start    ] GC(42) Pause Young (Normal) (G1 Evacuation Pause)
[2026-01-16T08:15:47.340+0000][gc,task     ] GC(42) Using 8 workers of 8 for evacuation
[2026-01-16T08:15:47.387+0000][gc,phases   ] GC(42)   Pre Evacuate Collection Set: 9.0ms
[2026-01-16T08:15:47.389+0000][gc,phases   ] GC(42)   Merge Heap Roots: 0.4ms
[2026-01-16T08:15:47.392+0000][gc,phases   ] GC(42)   Evacuate Collection Set: 31.2ms
[2026-01-16T08:15:47.394+0000][gc,phases   ] GC(42)   Post Evacuate Collection Set: 6.3ms
[2026-01-16T08:15:47.396+0000][gc,phases   ] GC(42)   Other: 0.5ms
[2026-01-16T08:15:47.397+0000][gc,heap     ] GC(42) Eden regions: 48->0(195)
[2026-01-16T08:15:47.398+0000][gc,heap     ] GC(42) Survivor regions: 3->1(7)
[2026-01-16T08:15:47.400+0000][gc,heap     ] GC(42) Old regions: 33->33
[2026-01-16T08:15:47.403+0000][gc,heap     ] GC(42) Humongous regions: 135->135
[2026-01-16T08:15:47.405+0000][gc,metaspace] GC(42) Metaspace: 12271K(12544K)->12271K(12544K) NonClass: 10731K(10880K)->10731K(10880K) Class: 1539K(1664K)->1539K(1664K)
[2026-01-16T08:15:47.408+0000][gc          ] GC(42) Pause Young (Normal) (G1 Evacuation Pause) 217M->167M(1024M) 69.042ms
[2026-01-16T08:15:47.410+0000][gc,cpu      ] GC(42) User=0.02s Sys=0.00s Real=0.07s
[2026-01-16T08:16:00.739+0000][gc,start    ] GC(43) Pause Young (Normal) (G1 Evacuation Pause)
[2026-01-16T08:16:00.750+0000][gc,task     ] GC(43) Using 8 workers of 8 for evacuation
[2026-01-16T08:16:00.872+0000][gc,phases   ] GC(43)   Pre Evacuate Collection Set: 30.7ms
[2026-01-16T08:16:00.873+0000][gc,phases   ] GC(43)   Merge Heap Roots: 2.0ms
[2026-01-16T08:16:00.873+0000][gc,phases   ] GC(43)   Evacuate Collection Set: 69.4ms
[2026-01-16T08:16:00.874+0000][gc,phases   ] GC(43)   Post Evacuate Collection Set: 19.7ms
[2026-01-16T08:16:00.875+0000][gc,phases   ] GC(43)   Other: 1.5ms
[2026-01-16T08:16:00.875+0000][gc,heap     ] GC(43) Eden regions: 212->0(216)
[2026-01-16T08:16:00.876+0000][gc,heap     ] GC(43) Survivor regions: 1->2(27)
[2026-01-16T08:16:00.881+0000][gc,heap     ] GC(43) Old regions: 33->33
[2026-01-16T08:16:00.882+0000][gc,heap     ] GC(43) Humongous regions: 135->135
[2026-01-16T08:16:00.882+0000][gc,metaspace] GC(43) Metaspace: 12357K(12672K)->12357K(12672K) NonClass: 10817K(11008K)->10817K(11008K) Class: 1539K(1664K)->1539K(1664K)
[2026-01-16T08:16:00.883+0000][gc          ] GC(43) Pause Young (Normal) (G1 Evacuation Pause) 379M->168M(1024M) 143.189ms
[2026-01-16T08:16:00.883+0000][gc,cpu      ] GC(43) User=0.09s Sys=0.01s Real=0.14s
[2026-01-16T08:16:13.199+0000][gc,start    ] GC(44) Pause Young (Normal) (G1 Evacuation Pause)
[2026-01-16T08:16:13.214+0000][gc,task     ] GC(44) Using 8 workers of 8 for evacuation
[2026-01-16T08:16:13.711+0000][gc,mmu      ] GC(44) MMU target violated: 201.0ms (200.0ms/201.0ms)
[2026-01-16T08:16:13.713+0000][gc,phases   ] GC(44)   Pre Evacuate Collection Set: 44.1ms
[2026-01-16T08:16:13.715+0000][gc,phases   ] GC(44)   Merge Heap Roots: 7.0ms
[2026-01-16T08:16:13.715+0000][gc,phases   ] GC(44)   Evacuate Collection Set: 388.9ms
[2026-01-16T08:16:13.716+0000][gc,phases   ] GC(44)   Post Evacuate Collection Set: 53.1ms
[2026-01-16T08:16:13.716+0000][gc,phases   ] GC(44)   Other: 6.1ms
[2026-01-16T08:16:13.717+0000][gc,heap     ] GC(44) Eden regions: 224->0(48)
[2026-01-16T08:16:13.717+0000][gc,heap     ] GC(44) Survivor regions: 2->3(29)
[2026-01-16T08:16:13.718+0000][gc,heap     ] GC(44) Old regions: 33->33
[2026-01-16T08:16:13.720+0000][gc,heap     ] GC(44) Humongous regions: 135->135
[2026-01-16T08:16:13.721+0000][gc,metaspace] GC(44) Metaspace: 12470K(12736K)->12470K(12736K) NonClass: 10930K(11072K)->10930K(11072K) Class: 1539K(1664K)->1539K(1664K)
[2026-01-16T08:16:13.724+0000][gc          ] GC(44) Pause Young (Normal) (G1 Evacuation Pause) 392M->169M(1024M) 524.595ms
[2026-01-16T08:16:13.725+0000][gc,cpu      ] GC(44) User=0.30s Sys=0.02s Real=0.52s
[2026-01-16T08:16:18.162+0000][gc,start    ] GC(45) Pause Young (Normal) (G1 Evacuation Pause)
[2026-01-16T08:16:18.164+0000][gc,task     ] GC(45) Using 8 workers of 8 for evacuation
[2026-01-16T08:16:18.617+0000][gc,mmu      ] GC(45) MMU target violated: 201.0ms (200.0ms/201.0ms)
[2026-01-16T08:16:18.618+0000][gc,phases   ] GC(45)   Pre Evacuate Collection Set: 73.1ms
[2026-01-16T08:16:18.618+0000][gc,phases   ] GC(45)   Merge Heap Roots: 35.8ms
[2026-01-16T08:16:18.622+0000][gc,phases   ] GC(45)   Evacuate Collection Set: 313.5ms
[2026-01-16T08:16:18.624+0000][gc,phases   ] GC(45)   Post Evacuate Collection Set: 22.8ms
[2026-01-16T08:16:18.624+0000][gc,phases   ] GC(45)   Other: 9.4ms
[2026-01-16T08:16:18.626+0000][gc,heap     ] GC(45) Eden regions: 48->0(47)
[2026-01-16T08:16:18.627+0000][gc,heap     ] GC(45) Survivor regions: 3->4(7)
[2026-01-16T08:16:18.628+0000][gc,heap     ] GC(45) Old regions: 33->33
[2026-01-16T08:16:18.628+0000][gc,heap     ] GC(45) Humongous regions: 135->135
[2026-01-16T08:16:18.628+0000][gc,metaspace] GC(45) Metaspace: 12577K(12864K)->12577K(12864K) NonClass: 11037K(11200K)->11037K(11200K) Class: 1539K(1664K)->1539K(1664K)
[2026-01-16T08:16:18.629+0000][gc          ] GC(45) Pause Young (Normal) (G1 Evacuation Pause) 217M->170M(1024M) 467.164ms
[2026-01-16T08:16:18.629+0000][gc,cpu      ] GC(45) User=0.25s Sys=0.04s Real=0.48s
[2026-01-16T08:16:20.059+0000][gc,start    ] GC(46) Pause Young (Normal) (G1 Evacuation Pause)
[2026-01-16T08:16:20.061+0000][gc,task     ] GC(46) Using 8 workers of 8 for evacuation
[2026-01-16T08:16:20.150+0000][gc,phases   ] GC(46)   Pre Evacuate Collection Set: 26.3ms
[2026-01-16T08:16:20.151+0000][gc,phases   ] GC(46)   Merge Heap Roots: 2.1ms
[2026-01-16T08:16:20.152+0000][gc,phases   ] GC(46)   Evacuate Collection Set: 52.4ms
[2026-01-16T08:16:20.153+0000][gc,phases   ] GC(46)   Post Evacuate Collection Set: 5.8ms
[2026-01-16T08:16:20.153+0000][gc,phases   ] GC(46)   Other: 2.5ms
[2026-01-16T08:16:20.153+0000][gc,heap     ] GC(46) Eden regions: 47->0(49)
[2026-01-16T08:16:20.155+0000][gc,heap     ] GC(46) Survivor regions: 4->2(7)
[2026-01-16T08:16:20.155+0000][gc,heap     ] GC(46) Old regions: 33->33
[2026-01-16T08:16:20.156+0000][gc,heap     ] GC(46) Humongous regions: 135->135
[2026-01-16T08:16:20.156+0000][gc,metaspace] GC(46) Metaspace: 12593K(12928K)->12593K(12928K) NonClass: 11051K(11200K)->11051K(11200K) Class: 1541K(1728K)->1541K(1728K)
[2026-01-16T08:16:20.156+0000][gc          ] GC(46) Pause Young (Normal) (G1 Evacuation Pause) 217M->168M(1024M) 97.269ms
[2026-01-16T08:16:20.157+0000][gc,cpu      ] GC(46) User=0.05s Sys=0.00s Real=0.09s
[2026-01-16T08:16:22.087+0000][gc,start    ] GC(47) Pause Young (Normal) (G1 Evacuation Pause)
[2026-01-16T08:16:22.088+0000][gc,task     ] GC(47) Using 8 workers of 8 for evacuation
[2026-01-16T08:16:22.137+0000][gc,phases   ] GC(47)   Pre Evacuate Collection Set: 6.8ms
[2026-01-16T08:16:22.138+0000][gc,phases   ] GC(47)   Merge Heap Roots: 0.3ms
[2026-01-16T08:16:22.139+0000][gc,phases   ] GC(47)   Evacuate Collection Set: 35.5ms
[2026-01-16T08:16:22.141+0000][gc,phases   ] GC(47)   Post Evacuate Collection Set: 6.1ms
[2026-01-16T08:16:22.141+0000][gc,phases   ] GC(47)   Other: 0.7ms
[2026-01-16T08:16:22.142+0000][gc,heap     ] GC(47) Eden regions: 51->0(48)
[2026-01-16T08:16:22.143+0000][gc,heap     ] GC(47) Survivor regions: 2->3(7)
[2026-01-16T08:16:22.144+0000][gc,heap     ] GC(47) Old regions: 33->33
[2026-01-16T08:16:22.144+0000][gc,heap     ] GC(47) Humongous regions: 135->135
[2026-01-16T08:16:22.145+0000][gc,metaspace] GC(47) Metaspace: 12597K(12928K)->12597K(12928K) NonClass: 11056K(11200K)->11056K(11200K) Class: 1541K(1728K)->1541K(1728K)
[2026-01-16T08:16:22.146+0000][gc          ] GC(47) Pause Young (Normal) (G1 Evacuation Pause) 219M->169M(1024M) 59.009ms
[2026-01-16T08:16:22.146+0000][gc,cpu      ] GC(47) User=0.07s Sys=0.00s Real=0.06s
[2026-01-16T08:16:22.812+0000][gc,start    ] GC(48) Pause Young (Normal) (G1 Evacuation Pause)
[2026-01-16T08:16:22.814+0000][gc,task     ] GC(48) Using 8 workers of 8 for evacuation
[2026-01-16T08:16:22.858+0000][gc,phases   ] GC(48)   Pre Evacuate Collection Set: 0.9ms
[2026-01-16T08:16:22.858+0000][gc,phases   ] GC(48)   Merge Heap Roots: 0.2ms
[2026-01-16T08:16:22.861+0000][gc,phases   ] GC(48)   Evacuate Collection Set: 39.8ms
[2026-01-16T08:16:22.861+0000][gc,phases   ] GC(48)   Post Evacuate Collection Set: 1.4ms
[2026-01-16T08:16:22.861+0000][gc,phases   ] GC(48)   Other: 1.2ms
[2026-01-16T08:16:22.862+0000][gc,heap     ] GC(48) Eden regions: 48->0(47)
[2026-01-16T08:16:22.863+0000][gc,heap     ] GC(48) Survivor regions: 3->4(7)
[2026-01-16T08:16:22.863+0000][gc,heap     ] GC(48) Old regions: 33->33
[2026-01-16T08:16:22.864+0000][gc,heap     ] GC(48) Humongous regions: 135->135
[2026-01-16T08:16:22.864+0000][gc,metaspace] GC(48) Metaspace: 12606K(12928K)->12606K(12928K) NonClass: 11064K(11200K)->11064K(11200K) Class: 1541K(1728K)->1541K(1728K)
[2026-01-16T08:16:22.864+0000][gc          ] GC(48) Pause Young (Normal) (G1 Evacuation Pause) 217M->170M(1024M) 52.278ms
[2026-01-16T08:16:22.865+0000][gc,cpu      ] GC(48) User=0.04s Sys=0.02s Real=0.05s
[2026-01-16T08:16:25.801+0000][gc,start    ] GC(49) Pause Young (Normal) (G1 Evacuation Pause)
[2026-01-16T08:16:25.802+0000][gc,task     ] GC(49) Using 8 workers of 8 for evacuation
[2026-01-16T08:16:25.980+0000][gc,phases   ] GC(49)   Pre Evacuate Collection Set: 15.2ms
[2026-01-16T08:16:25.983+0000][gc,phases   ] GC(49)   Merge Heap Roots: 3.8ms
[2026-01-16T08:16:25.984+0000][gc,phases   ] GC(49)   Evacuate Collection Set: 147.4ms
[2026-01-16T08:16:25.985+0000][gc,phases   ] GC(49)   Post Evacuate Collection Set: 12.0ms
[2026-01-16T08:16:25.985+0000][gc,phases   ] GC(49)   Other: 0.3ms
[2026-01-16T08:16:25.986+0000][gc,heap     ] GC(49) Eden regions: 47->0(124)
[2026-01-16T08:16:25.986+0000][gc,heap     ] GC(49) Survivor regions: 4->2(7)
[2026-01-16T08:16:25.987+0000][gc,heap     ] GC(49) Old regions: 33->33
[2026-01-16T08:16:25.988+0000][gc,heap     ] GC(49) Humongous regions: 135->135
[2026-01-16T08:16:25.988+0000][gc,metaspace] GC(49) Metaspace: 12626K(12928K)->12626K(12928K) NonClass: 11084K(11200K)->11084K(11200K) Class: 1541K(1728K)->1541K(1728K)
[2026-01-16T08:16:25.989+0000][gc          ] GC(49) Pause Young (Normal) (G1 Evacuation Pause) 217M->168M(1024M) 187.830ms
[2026-01-16T08:16:25.989+0000][gc,cpu      ] GC(49) User=0.07s Sys=0.00s Real=0.19s
[2026-01-16T08:16:31.979+0000][gc,start    ] GC(50) Pause Young (Normal) (G1 Evacuation Pause)
[2026-01-16T08:16:31.984+0000][gc,task     ] GC(50) Using 8 workers of 8 for evacuation
[2026-01-16T08:16:32.327+0000][gc,mmu      ] GC(50) MMU target violated: 201.0ms (200.0ms/201.0ms)
[2026-01-16T08:16:32.330+0000][gc,phases   ] GC(50)   Pre Evacuate Collection Set: 13.4ms
[2026-01-16T08:16:32.333+0000][gc,phases   ] GC(50)   Merge Heap Roots: 0.4ms
[2026-01-16T08:16:32.338+0000][gc,phases   ] GC(50)   Evacuate Collection Set: 317.9ms
[2026-01-16T08:16:32.340+0000][gc,phases   ] GC(50)   Post Evacuate Collection Set: 8.3ms
[2026-01-16T08:16:32.344+0000][gc,phases   ] GC(50)   Other: 7.0ms
[2026-01-16T08:16:32.351+0000][gc,heap     ] GC(50) Eden regions: 112->0(47)
[2026-01-16T08:16:32.353+0000][gc,heap     ] GC(50) Survivor regions: 2->4(15)
[2026-01-16T08:16:32.354+0000][gc,heap     ] GC(50) Old regions: 33->33
[2026-01-16T08:16:32.355+0000][gc,heap     ] GC(50) Humongous regions: 135->135
[2026-01-16T08:16:32.355+0000][gc,metaspace] GC(50) Metaspace: 12679K(13056K)->12679K(13056K) NonClass: 11138K(11328K)->11138K(11328K) Class: 1541K(1728K)->1541K(1728K)
[2026-01-16T08:16:32.356+0000][gc          ] GC(50) Pause Young (Normal) (G1 Evacuation Pause) 280M->170M(1024M) 376.623ms
[2026-01-16T08:16:32.357+0000][gc,cpu      ] GC(50) User=0.25s Sys=0.03s Real=0.38s
[2026-01-16T08:16:35.060+0000][gc,start    ] GC(51) Pause Young (Normal) (G1 Evacuation Pause)
[2026-01-16T08:16:35.062+0000][gc,task     ] GC(51) Using 8 workers of 8 for evacuation
[2026-01-16T08:16:35.097+0000][gc,phases   ] GC(51)   Pre Evacuate Collection Set: 2.1ms
[2026-01-16T08:16:35.099+0000][gc,phases   ] GC(51)   Merge Heap Roots: 0.3ms
[2026-01-16T08:16:35.099+0000][gc,phases   ] GC(51)   Evacuate Collection Set: 28.0ms
[2026-01-16T08:16:35.111+0000][gc,phases   ] GC(51)   Post Evacuate Collection Set: 4.2ms
[2026-01-16T08:16:35.120+0000][gc,phases   ] GC(51)   Other: 0.9ms
[2026-01-16T08:16:35.121+0000][gc,heap     ] GC(51) Eden regions: 47->0(154)
[2026-01-16T08:16:35.125+0000][gc,heap     ] GC(51) Survivor regions: 4->2(7)
[2026-01-16T08:16:35.127+0000][gc,heap     ] GC(51) Old regions: 33->33
[2026-01-16T08:16:35.131+0000][gc,heap     ] GC(51) Humongous regions: 135->135
[2026-01-16T08:16:35.132+0000][gc,metaspace] GC(51) Metaspace: 12692K(13056K)->12692K(13056K) NonClass: 11150K(11328K)->11150K(11328K) Class: 1541K(1728K)->1541K(1728K)
[2026-01-16T08:16:35.135+0000][gc          ] GC(51) Pause Young (Normal) (G1 Evacuation Pause) 217M->168M(1024M) 75.937ms
[2026-01-16T08:16:35.136+0000][gc,cpu      ] GC(51) User=0.03s Sys=0.00s Real=0.08s
[2026-01-16T08:16:42.871+0000][gc,start    ] GC(52) Pause Young (Normal) (G1 Evacuation Pause)
[2026-01-16T08:16:42.884+0000][gc,task     ] GC(52) Using 8 workers of 8 for evacuation
[2026-01-16T08:16:43.449+0000][gc,mmu      ] GC(52) MMU target violated: 201.0ms (200.0ms/201.0ms)
[2026-01-16T08:16:43.450+0000][gc,phases   ] GC(52)   Pre Evacuate Collection Set: 54.4ms
[2026-01-16T08:16:43.451+0000][gc,phases   ] GC(52)   Merge Heap Roots: 1.0ms
[2026-01-16T08:16:43.451+0000][gc,phases   ] GC(52)   Evacuate Collection Set: 445.6ms
[2026-01-16T08:16:43.451+0000][gc,phases   ] GC(52)   Post Evacuate Collection Set: 63.1ms
[2026-01-16T08:16:43.451+0000][gc,phases   ] GC(52)   Other: 9.2ms
[2026-01-16T08:16:43.451+0000][gc,heap     ] GC(52) Eden regions: 147->0(47)
[2026-01-16T08:16:43.451+0000][gc,heap     ] GC(52) Survivor regions: 2->4(19)
[2026-01-16T08:16:43.451+0000][gc,heap     ] GC(52) Old regions: 33->33
[2026-01-16T08:16:43.451+0000][gc,heap     ] GC(52) Humongous regions: 135->135
[2026-01-16T08:16:43.451+0000][gc,metaspace] GC(52) Metaspace: 12730K(13120K)->12730K(13120K) NonClass: 11189K(11392K)->11189K(11392K) Class: 1541K(1728K)->1541K(1728K)
[2026-01-16T08:16:43.451+0000][gc          ] GC(52) Pause Young (Normal) (G1 Evacuation Pause) 315M->170M(1024M) 580.212ms
[2026-01-16T08:16:43.451+0000][gc,cpu      ] GC(52) User=0.33s Sys=0.01s Real=0.58s
[2026-01-16T08:16:47.983+0000][gc,start    ] GC(53) Pause Young (Normal) (G1 Evacuation Pause)
[2026-01-16T08:16:47.984+0000][gc,task     ] GC(53) Using 8 workers of 8 for evacuation
[2026-01-16T08:16:48.506+0000][gc,mmu      ] GC(53) MMU target violated: 201.0ms (200.0ms/201.0ms)
[2026-01-16T08:16:48.507+0000][gc,phases   ] GC(53)   Pre Evacuate Collection Set: 134.7ms
[2026-01-16T08:16:48.511+0000][gc,phases   ] GC(53)   Merge Heap Roots: 10.3ms
[2026-01-16T08:16:48.513+0000][gc,phases   ] GC(53)   Evacuate Collection Set: 323.9ms
[2026-01-16T08:16:48.517+0000][gc,phases   ] GC(53)   Post Evacuate Collection Set: 49.0ms
[2026-01-16T08:16:48.517+0000][gc,phases   ] GC(53)   Other: 5.0ms
[2026-01-16T08:16:48.517+0000][gc,heap     ] GC(53) Eden regions: 47->0(49)
[2026-01-16T08:16:48.518+0000][gc,heap     ] GC(53) Survivor regions: 4->2(7)
[2026-01-16T08:16:48.519+0000][gc,heap     ] GC(53) Old regions: 33->33
[2026-01-16T08:16:48.521+0000][gc,heap     ] GC(53) Humongous regions: 135->135
[2026-01-16T08:16:48.522+0000][gc,metaspace] GC(53) Metaspace: 12758K(13120K)->12758K(13120K) NonClass: 11216K(11392K)->11216K(11392K) Class: 1541K(1728K)->1541K(1728K)
[2026-01-16T08:16:48.522+0000][gc          ] GC(53) Pause Young (Normal) (G1 Evacuation Pause) 217M->169M(1024M) 538.853ms
[2026-01-16T08:16:48.523+0000][gc,cpu      ] GC(53) User=0.20s Sys=0.03s Real=0.54s
[2026-01-16T08:16:51.937+0000][gc,start    ] GC(54) Pause Young (Normal) (G1 Evacuation Pause)
[2026-01-16T08:16:51.950+0000][gc,task     ] GC(54) Using 8 workers of 8 for evacuation
[2026-01-16T08:16:52.411+0000][gc,mmu      ] GC(54) MMU target violated: 201.0ms (200.0ms/201.0ms)
[2026-01-16T08:16:52.411+0000][gc,phases   ] GC(54)   Pre Evacuate Collection Set: 36.4ms
[2026-01-16T08:16:52.412+0000][gc,phases   ] GC(54)   Merge Heap Roots: 1.3ms
[2026-01-16T08:16:52.413+0000][gc,phases   ] GC(54)   Evacuate Collection Set: 400.6ms
[2026-01-16T08:16:52.414+0000][gc,phases   ] GC(54)   Post Evacuate Collection Set: 22.1ms
[2026-01-16T08:16:52.415+0000][gc,phases   ] GC(54)   Other: 5.4ms
[2026-01-16T08:16:52.415+0000][gc,heap     ] GC(54) Eden regions: 49->0(48)
[2026-01-16T08:16:52.416+0000][gc,heap     ] GC(54) Survivor regions: 2->3(7)
[2026-01-16T08:16:52.418+0000][gc,heap     ] GC(54) Old regions: 33->33
[2026-01-16T08:16:52.422+0000][gc,heap     ] GC(54) Humongous regions: 135->135
[2026-01-16T08:16:52.423+0000][gc,metaspace] GC(54) Metaspace: 12768K(13120K)->12768K(13120K) NonClass: 11226K(11392K)->11226K(11392K) Class: 1541K(1728K)->1541K(1728K)
[2026-01-16T08:16:52.423+0000][gc          ] GC(54) Pause Young (Normal) (G1 Evacuation Pause) 218M->169M(1024M) 485.850ms
[2026-01-16T08:16:52.423+0000][gc,cpu      ] GC(54) User=0.16s Sys=0.01s Real=0.49s
[2026-01-16T08:16:54.569+0000][gc,start    ] GC(55) Pause Young (Normal) (G1 Evacuation Pause)
[2026-01-16T08:16:54.572+0000][gc,task     ] GC(55) Using 8 workers of 8 for evacuation
[2026-01-16T08:16:54.937+0000][gc,mmu      ] GC(55) MMU target violated: 201.0ms (200.0ms/201.0ms)
[2026-01-16T08:16:54.938+0000][gc,phases   ] GC(55)   Pre Evacuate Collection Set: 15.0ms
[2026-01-16T08:16:54.941+0000][gc,phases   ] GC(55)   Merge Heap Roots: 28.1ms
[2026-01-16T08:16:54.941+0000][gc,phases   ] GC(55)   Evacuate Collection Set: 306.6ms
[2026-01-16T08:16:54.941+0000][gc,phases   ] GC(55)   Post Evacuate Collection Set: 14.8ms
[2026-01-16T08:16:54.942+0000][gc,phases   ] GC(55)   Other: 2.4ms
[2026-01-16T08:16:54.944+0000][gc,heap     ] GC(55) Eden regions: 48->0(47)
[2026-01-16T08:16:54.950+0000][gc,heap     ] GC(55) Survivor regions: 3->4(7)
[2026-01-16T08:16:54.952+0000][gc,heap     ] GC(55) Old regions: 33->33
[2026-01-16T08:16:54.954+0000][gc,heap     ] GC(55) Humongous regions: 135->135
[2026-01-16T08:16:54.954+0000][gc,metaspace] GC(55) Metaspace: 12773K(13120K)->12773K(13120K) NonClass: 11232K(11392K)->11232K(11392K) Class: 1541K(1728K)->1541K(1728K)
[2026-01-16T08:16:54.955+0000][gc          ] GC(55) Pause Young (Normal) (G1 Evacuation Pause) 217M->170M(1024M) 385.995ms
[2026-01-16T08:16:54.957+0000][gc,cpu      ] GC(55) User=0.11s Sys=0.02s Real=0.39s
[2026-01-16T08:16:56.541+0000][gc,start    ] GC(56) Pause Young (Normal) (G1 Evacuation Pause)
[2026-01-16T08:16:56.543+0000][gc,task     ] GC(56) Using 8 workers of 8 for evacuation
[2026-01-16T08:16:56.717+0000][gc,phases   ] GC(56)   Pre Evacuate Collection Set: 15.7ms
[2026-01-16T08:16:56.719+0000][gc,phases   ] GC(56)   Merge Heap Roots: 3.0ms
[2026-01-16T08:16:56.720+0000][gc,phases   ] GC(56)   Evacuate Collection Set: 152.0ms
[2026-01-16T08:16:56.722+0000][gc,phases   ] GC(56)   Post Evacuate Collection Set: 2.2ms
[2026-01-16T08:16:56.733+0000][gc,phases   ] GC(56)   Other: 1.2ms
[2026-01-16T08:16:56.734+0000][gc,heap     ] GC(56) Eden regions: 47->0(47)
[2026-01-16T08:16:56.735+0000][gc,heap     ] GC(56) Survivor regions: 4->4(7)
[2026-01-16T08:16:56.736+0000][gc,heap     ] GC(56) Old regions: 33->33
[2026-01-16T08:16:56.737+0000][gc,heap     ] GC(56) Humongous regions: 135->135
[2026-01-16T08:16:56.740+0000][gc,metaspace] GC(56) Metaspace: 12776K(13120K)->12776K(13120K) NonClass: 11235K(11392K)->11235K(11392K) Class: 1541K(1728K)->1541K(1728K)
[2026-01-16T08:16:56.748+0000][gc          ] GC(56) Pause Young (Normal) (G1 Evacuation Pause) 217M->171M(1024M) 206.051ms
[2026-01-16T08:16:56.750+0000][gc,cpu      ] GC(56) User=0.10s Sys=0.00s Real=0.21s
[2026-01-16T08:16:58.153+0000][gc,start    ] GC(57) Pause Young (Normal) (G1 Evacuation Pause)
[2026-01-16T08:16:58.160+0000][gc,task     ] GC(57) Using 8 workers of 8 for evacuation
[2026-01-16T08:16:58.325+0000][gc,phases   ] GC(57)   Pre Evacuate Collection Set: 41.2ms
[2026-01-16T08:16:58.326+0000][gc,phases   ] GC(57)   Merge Heap Roots: 2.9ms
[2026-01-16T08:16:58.326+0000][gc,phases   ] GC(57)   Evacuate Collection Set: 106.6ms
[2026-01-16T08:16:58.338+0000][gc,phases   ] GC(57)   Post Evacuate Collection Set: 5.9ms
[2026-01-16T08:16:58.341+0000][gc,phases   ] GC(57)   Other: 8.6ms
[2026-01-16T08:16:58.342+0000][gc,heap     ] GC(57) Eden regions: 47->0(48)
[2026-01-16T08:16:58.342+0000][gc,heap     ] GC(57) Survivor regions: 4->3(7)
[2026-01-16T08:16:58.343+0000][gc,heap     ] GC(57) Old regions: 33->33
[2026-01-16T08:16:58.343+0000][gc,heap     ] GC(57) Humongous regions: 135->135
[2026-01-16T08:16:58.343+0000][gc,metaspace] GC(57) Metaspace: 12779K(13120K)->12779K(13120K) NonClass: 11237K(11392K)->11237K(11392K) Class: 1541K(1728K)->1541K(1728K)
[2026-01-16T08:16:58.343+0000][gc          ] GC(57) Pause Young (Normal) (G1 Evacuation Pause) 218M->169M(1024M) 190.028ms
[2026-01-16T08:16:58.343+0000][gc,cpu      ] GC(57) User=0.10s Sys=0.01s Real=0.19s
[2026-01-16T08:16:59.619+0000][gc,start    ] GC(58) Pause Young (Normal) (G1 Evacuation Pause)
[2026-01-16T08:16:59.621+0000][gc,task     ] GC(58) Using 8 workers of 8 for evacuation
[2026-01-16T08:16:59.669+0000][gc,phases   ] GC(58)   Pre Evacuate Collection Set: 3.4ms
[2026-01-16T08:16:59.670+0000][gc,phases   ] GC(58)   Merge Heap Roots: 0.3ms
[2026-01-16T08:16:59.670+0000][gc,phases   ] GC(58)   Evacuate Collection Set: 40.5ms
[2026-01-16T08:16:59.671+0000][gc,phases   ] GC(58)   Post Evacuate Collection Set: 2.9ms
[2026-01-16T08:16:59.671+0000][gc,phases   ] GC(58)   Other: 1.8ms
[2026-01-16T08:16:59.671+0000][gc,heap     ] GC(58) Eden regions: 48->0(48)
[2026-01-16T08:16:59.671+0000][gc,heap     ] GC(58) Survivor regions: 3->3(7)
[2026-01-16T08:16:59.673+0000][gc,heap     ] GC(58) Old regions: 33->33
[2026-01-16T08:16:59.673+0000][gc,heap     ] GC(58) Humongous regions: 135->135
[2026-01-16T08:16:59.674+0000][gc,metaspace] GC(58) Metaspace: 12789K(13184K)->12789K(13184K) NonClass: 11246K(11456K)->11246K(11456K) Class: 1542K(1728K)->1542K(1728K)
[2026-01-16T08:16:59.674+0000][gc          ] GC(58) Pause Young (Normal) (G1 Evacuation Pause) 217M->170M(1024M) 54.732ms
[2026-01-16T08:16:59.674+0000][gc,cpu      ] GC(58) User=0.06s Sys=0.01s Real=0.06s
[2026-01-16T08:17:00.470+0000][gc,start    ] GC(59) Pause Young (Normal) (G1 Evacuation Pause)
[2026-01-16T08:17:00.470+0000][gc,task     ] GC(59) Using 8 workers of 8 for evacuation
[2026-01-16T08:17:00.565+0000][gc,phases   ] GC(59)   Pre Evacuate Collection Set: 0.9ms
[2026-01-16T08:17:00.565+0000][gc,phases   ] GC(59)   Merge Heap Roots: 0.1ms
[2026-01-16T08:17:00.566+0000][gc,phases   ] GC(59)   Evacuate Collection Set: 89.2ms
[2026-01-16T08:17:00.566+0000][gc,phases   ] GC(59)   Post Evacuate Collection Set: 2.5ms
[2026-01-16T08:17:00.566+0000][gc,phases   ] GC(59)   Other: 1.6ms
[2026-01-16T08:17:00.567+0000][gc,heap     ] GC(59) Eden regions: 48->0(47)
[2026-01-16T08:17:00.567+0000][gc,heap     ] GC(59) Survivor regions: 3->4(7)
[2026-01-16T08:17:00.567+0000][gc,heap     ] GC(59) Old regions: 33->33
[2026-01-16T08:17:00.568+0000][gc,heap     ] GC(59) Humongous regions: 135->135
[2026-01-16T08:17:00.568+0000][gc,metaspace] GC(59) Metaspace: 12794K(13184K)->12794K(13184K) NonClass: 11251K(11456K)->11251K(11456K) Class: 1542K(1728K)->1542K(1728K)
[2026-01-16T08:17:00.568+0000][gc          ] GC(59) Pause Young (Normal) (G1 Evacuation Pause) 218M->171M(1024M) 98.205ms
[2026-01-16T08:17:00.568+0000][gc,cpu      ] GC(59) User=0.05s Sys=0.01s Real=0.10s
[2026-01-16T08:17:05.122+0000][gc,start    ] GC(60) Pause Young (Normal) (G1 Evacuation Pause)
[2026-01-16T08:17:05.126+0000][gc,task     ] GC(60) Using 8 workers of 8 for evacuation
[2026-01-16T08:17:05.292+0000][gc,phases   ] GC(60)   Pre Evacuate Collection Set: 29.3ms
[2026-01-16T08:17:05.295+0000][gc,phases   ] GC(60)   Merge Heap Roots: 5.7ms
[2026-01-16T08:17:05.302+0000][gc,phases   ] GC(60)   Evacuate Collection Set: 123.5ms
[2026-01-16T08:17:05.303+0000][gc,phases   ] GC(60)   Post Evacuate Collection Set: 7.4ms
[2026-01-16T08:17:05.303+0000][gc,phases   ] GC(60)   Other: 1.1ms
[2026-01-16T08:17:05.305+0000][gc,heap     ] GC(60) Eden regions: 47->0(132)
[2026-01-16T08:17:05.307+0000][gc,heap     ] GC(60) Survivor regions: 4->2(7)
[2026-01-16T08:17:05.310+0000][gc,heap     ] GC(60) Old regions: 33->33
[2026-01-16T08:17:05.310+0000][gc,heap     ] GC(60) Humongous regions: 135->135
[2026-01-16T08:17:05.317+0000][gc,metaspace] GC(60) Metaspace: 12804K(13184K)->12804K(13184K) NonClass: 11262K(11456K)->11262K(11456K) Class: 1542K(1728K)->1542K(1728K)
[2026-01-16T08:17:05.318+0000][gc          ] GC(60) Pause Young (Normal) (G1 Evacuation Pause) 218M->169M(1024M) 195.171ms
[2026-01-16T08:17:05.318+0000][gc,cpu      ] GC(60) User=0.09s Sys=0.01s Real=0.20s
[2026-01-16T08:17:09.587+0000][gc,start    ] GC(61) Pause Young (Normal) (G1 Evacuation Pause)
[2026-01-16T08:17:09.590+0000][gc,task     ] GC(61) Using 8 workers of 8 for evacuation
[2026-01-16T08:17:09.735+0000][gc,phases   ] GC(61)   Pre Evacuate Collection Set: 10.1ms
[2026-01-16T08:17:09.736+0000][gc,phases   ] GC(61)   Merge Heap Roots: 0.4ms
[2026-01-16T08:17:09.738+0000][gc,phases   ] GC(61)   Evacuate Collection Set: 116.5ms
[2026-01-16T08:17:09.739+0000][gc,phases   ] GC(61)   Post Evacuate Collection Set: 8.2ms
[2026-01-16T08:17:09.739+0000][gc,phases   ] GC(61)   Other: 10.6ms
[2026-01-16T08:17:09.740+0000][gc,heap     ] GC(61) Eden regions: 118->0(55)
[2026-01-16T08:17:09.740+0000][gc,heap     ] GC(61) Survivor regions: 2->4(15)
[2026-01-16T08:17:09.741+0000][gc,heap     ] GC(61) Old regions: 33->34
[2026-01-16T08:17:09.741+0000][gc,heap     ] GC(61) Humongous regions: 135->135
[2026-01-16T08:17:09.741+0000][gc,metaspace] GC(61) Metaspace: 12819K(13184K)->12819K(13184K) NonClass: 11276K(11456K)->11276K(11456K) Class: 1542K(1728K)->1542K(1728K)
[2026-01-16T08:17:09.742+0000][gc          ] GC(61) Pause Young (Normal) (G1 Evacuation Pause) 287M->171M(1024M) 154.970ms
[2026-01-16T08:17:09.744+0000][gc,cpu      ] GC(61) User=0.13s Sys=0.01s Real=0.15s
[2026-01-16T08:17:15.942+0000][gc,start    ] GC(62) Pause Young (Normal) (G1 Evacuation Pause)
[2026-01-16T08:17:15.944+0000][gc,task     ] GC(62) Using 8 workers of 8 for evacuation
[2026-01-16T08:17:16.088+0000][gc,phases   ] GC(62)   Pre Evacuate Collection Set: 46.7ms
[2026-01-16T08:17:16.090+0000][gc,phases   ] GC(62)   Merge Heap Roots: 4.0ms
[2026-01-16T08:17:16.090+0000][gc,phases   ] GC(62)   Evacuate Collection Set: 82.9ms
[2026-01-16T08:17:16.091+0000][gc,phases   ] GC(62)   Post Evacuate Collection Set: 7.9ms
[2026-01-16T08:17:16.091+0000][gc,phases   ] GC(62)   Other: 2.8ms
[2026-01-16T08:17:16.091+0000][gc,heap     ] GC(62) Eden regions: 72->0(176)
[2026-01-16T08:17:16.092+0000][gc,heap     ] GC(62) Survivor regions: 4->2(10)
[2026-01-16T08:17:16.092+0000][gc,heap     ] GC(62) Old regions: 34->34
[2026-01-16T08:17:16.092+0000][gc,heap     ] GC(62) Humongous regions: 135->135
[2026-01-16T08:17:16.092+0000][gc,metaspace] GC(62) Metaspace: 12862K(13184K)->12862K(13184K) NonClass: 11319K(11456K)->11319K(11456K) Class: 1542K(1728K)->1542K(1728K)
[2026-01-16T08:17:16.093+0000][gc          ] GC(62) Pause Young (Normal) (G1 Evacuation Pause) 243M->169M(1024M) 150.656ms
[2026-01-16T08:17:16.093+0000][gc,cpu      ] GC(62) User=0.05s Sys=0.02s Real=0.15s
[2026-01-16T08:17:26.668+0000][gc,start    ] GC(63) Pause Young (Normal) (G1 Evacuation Pause)
[2026-01-16T08:17:26.675+0000][gc,task     ] GC(63) Using 8 workers of 8 for evacuation
[2026-01-16T08:17:26.864+0000][gc,phases   ] GC(63)   Pre Evacuate Collection Set: 52.2ms
[2026-01-16T08:17:26.865+0000][gc,phases   ] GC(63)   Merge Heap Roots: 1.4ms
[2026-01-16T08:17:26.865+0000][gc,phases   ] GC(63)   Evacuate Collection Set: 114.7ms
[2026-01-16T08:17:26.865+0000][gc,phases   ] GC(63)   Post Evacuate Collection Set: 16.2ms
[2026-01-16T08:17:26.865+0000][gc,phases   ] GC(63)   Other: 4.4ms
[2026-01-16T08:17:26.866+0000][gc,heap     ] GC(63) Eden regions: 169->0(160)
[2026-01-16T08:17:26.866+0000][gc,heap     ] GC(63) Survivor regions: 2->2(22)
[2026-01-16T08:17:26.867+0000][gc,heap     ] GC(63) Old regions: 34->34
[2026-01-16T08:17:26.867+0000][gc,heap     ] GC(63) Humongous regions: 135->135
[2026-01-16T08:17:26.867+0000][gc,metaspace] GC(63) Metaspace: 12959K(13312K)->12959K(13312K) NonClass: 11416K(11584K)->11416K(11584K) Class: 1542K(1728K)->1542K(1728K)
[2026-01-16T08:17:26.868+0000][gc          ] GC(63) Pause Young (Normal) (G1 Evacuation Pause) 338M->169M(1024M) 200.501ms
[2026-01-16T08:17:26.869+0000][gc,cpu      ] GC(63) User=0.17s Sys=0.01s Real=0.21s
[2026-01-16T08:17:35.666+0000][gc,start    ] GC(64) Pause Young (Normal) (G1 Evacuation Pause)
[2026-01-16T08:17:35.667+0000][gc,task     ] GC(64) Using 8 workers of 8 for evacuation
[2026-01-16T08:17:35.909+0000][gc,mmu      ] GC(64) MMU target violated: 201.0ms (200.0ms/201.0ms)
[2026-01-16T08:17:35.911+0000][gc,phases   ] GC(64)   Pre Evacuate Collection Set: 21.8ms
[2026-01-16T08:17:35.912+0000][gc,phases   ] GC(64)   Merge Heap Roots: 0.6ms
[2026-01-16T08:17:35.916+0000][gc,phases   ] GC(64)   Evacuate Collection Set: 210.1ms
[2026-01-16T08:17:35.933+0000][gc,phases   ] GC(64)   Post Evacuate Collection Set: 8.7ms
[2026-01-16T08:17:35.933+0000][gc,phases   ] GC(64)   Other: 2.5ms
[2026-01-16T08:17:35.934+0000][gc,heap     ] GC(64) Eden regions: 158->0(106)
[2026-01-16T08:17:35.934+0000][gc,heap     ] GC(64) Survivor regions: 2->2(20)
[2026-01-16T08:17:35.934+0000][gc,heap     ] GC(64) Old regions: 34->34
[2026-01-16T08:17:35.936+0000][gc,heap     ] GC(64) Humongous regions: 135->135
[2026-01-16T08:17:35.936+0000][gc,metaspace] GC(64) Metaspace: 12968K(13312K)->12968K(13312K) NonClass: 11425K(11584K)->11425K(11584K) Class: 1543K(1728K)->1543K(1728K)
[2026-01-16T08:17:35.940+0000][gc          ] GC(64) Pause Young (Normal) (G1 Evacuation Pause) 327M->170M(1024M) 274.157ms
[2026-01-16T08:17:35.940+0000][gc,cpu      ] GC(64) User=0.12s Sys=0.02s Real=0.28s
[2026-01-16T08:17:39.739+0000][gc,start    ] GC(65) Pause Young (Normal) (G1 Evacuation Pause)
[2026-01-16T08:17:39.744+0000][gc,task     ] GC(65) Using 8 workers of 8 for evacuation
[2026-01-16T08:17:39.873+0000][gc,phases   ] GC(65)   Pre Evacuate Collection Set: 7.7ms
[2026-01-16T08:17:39.876+0000][gc,phases   ] GC(65)   Merge Heap Roots: 0.3ms
[2026-01-16T08:17:39.876+0000][gc,phases   ] GC(65)   Evacuate Collection Set: 113.6ms
[2026-01-16T08:17:39.877+0000][gc,phases   ] GC(65)   Post Evacuate Collection Set: 4.9ms
[2026-01-16T08:17:39.877+0000][gc,phases   ] GC(65)   Other: 3.1ms
[2026-01-16T08:17:39.877+0000][gc,heap     ] GC(65) Eden regions: 95->0(47)
[2026-01-16T08:17:39.878+0000][gc,heap     ] GC(65) Survivor regions: 2->4(13)
[2026-01-16T08:17:39.878+0000][gc,heap     ] GC(65) Old regions: 34->34
[2026-01-16T08:17:39.879+0000][gc,heap     ] GC(65) Humongous regions: 135->135
[2026-01-16T08:17:39.879+0000][gc,metaspace] GC(65) Metaspace: 12978K(13312K)->12978K(13312K) NonClass: 11434K(11584K)->11434K(11584K) Class: 1543K(1728K)->1543K(1728K)
[2026-01-16T08:17:39.880+0000][gc          ] GC(65) Pause Young (Normal) (G1 Evacuation Pause) 265M->171M(1024M) 140.751ms
[2026-01-16T08:17:39.881+0000][gc,cpu      ] GC(65) User=0.12s Sys=0.01s Real=0.15s
[2026-01-16T08:17:40.808+0000][gc,start    ] GC(66) Pause Young (Normal) (G1 Evacuation Pause)
[2026-01-16T08:17:40.809+0000][gc,task     ] GC(66) Using 8 workers of 8 for evacuation
[2026-01-16T08:17:40.858+0000][gc,phases   ] GC(66)   Pre Evacuate Collection Set: 5.2ms
[2026-01-16T08:17:40.865+0000][gc,phases   ] GC(66)   Merge Heap Roots: 0.7ms
[2026-01-16T08:17:40.865+0000][gc,phases   ] GC(66)   Evacuate Collection Set: 40.3ms
[2026-01-16T08:17:40.865+0000][gc,phases   ] GC(66)   Post Evacuate Collection Set: 2.4ms
[2026-01-16T08:17:40.866+0000][gc,phases   ] GC(66)   Other: 0.9ms
[2026-01-16T08:17:40.866+0000][gc,heap     ] GC(66) Eden regions: 47->0(62)
[2026-01-16T08:17:40.866+0000][gc,heap     ] GC(66) Survivor regions: 4->4(7)
[2026-01-16T08:17:40.866+0000][gc,heap     ] GC(66) Old regions: 34->34
[2026-01-16T08:17:40.866+0000][gc,heap     ] GC(66) Humongous regions: 135->135
[2026-01-16T08:17:40.868+0000][gc,metaspace] GC(66) Metaspace: 12985K(13312K)->12985K(13312K) NonClass: 11442K(11584K)->11442K(11584K) Class: 1543K(1728K)->1543K(1728K)
[2026-01-16T08:17:40.869+0000][gc          ] GC(66) Pause Young (Normal) (G1 Evacuation Pause) 218M->172M(1024M) 60.815ms
[2026-01-16T08:17:40.869+0000][gc,cpu      ] GC(66) User=0.06s Sys=0.01s Real=0.07s
[2026-01-16T08:17:46.491+0000][gc,start    ] GC(67) Pause Young (Normal) (G1 Evacuation Pause)
[2026-01-16T08:17:46.511+0000][gc,task     ] GC(67) Using 8 workers of 8 for evacuation
[2026-01-16T08:17:46.658+0000][gc,phases   ] GC(67)   Pre Evacuate Collection Set: 25.1ms
[2026-01-16T08:17:46.659+0000][gc,phases   ] GC(67)   Merge Heap Roots: 1.0ms
[2026-01-16T08:17:46.659+0000][gc,phases   ] GC(67)   Evacuate Collection Set: 110.5ms
[2026-01-16T08:17:46.660+0000][gc,phases   ] GC(67)   Post Evacuate Collection Set: 8.9ms
[2026-01-16T08:17:46.660+0000][gc,phases   ] GC(67)   Other: 16.2ms
[2026-01-16T08:17:46.660+0000][gc,heap     ] GC(67) Eden regions: 69->0(164)
[2026-01-16T08:17:46.660+0000][gc,heap     ] GC(67) Survivor regions: 4->3(10)
[2026-01-16T08:17:46.660+0000][gc,heap     ] GC(67) Old regions: 34->34
[2026-01-16T08:17:46.662+0000][gc,heap     ] GC(67) Humongous regions: 135->135
[2026-01-16T08:17:46.664+0000][gc,metaspace] GC(67) Metaspace: 13071K(13440K)->13071K(13440K) NonClass: 11527K(11712K)->11527K(11712K) Class: 1543K(1728K)->1543K(1728K)
[2026-01-16T08:17:46.664+0000][gc          ] GC(67) Pause Young (Normal) (G1 Evacuation Pause) 241M->171M(1024M) 173.728ms
[2026-01-16T08:17:46.665+0000][gc,cpu      ] GC(67) User=0.11s Sys=0.01s Real=0.17s
[2026-01-16T08:18:02.303+0000][gc,start    ] GC(68) Pause Young (Normal) (G1 Evacuation Pause)
[2026-01-16T08:18:02.312+0000][gc,task     ] GC(68) Using 8 workers of 8 for evacuation
[2026-01-16T08:18:02.596+0000][gc,mmu      ] GC(68) MMU target violated: 201.0ms (200.0ms/201.0ms)
[2026-01-16T08:18:02.597+0000][gc,phases   ] GC(68)   Pre Evacuate Collection Set: 40.2ms
[2026-01-16T08:18:02.597+0000][gc,phases   ] GC(68)   Merge Heap Roots: 4.7ms
[2026-01-16T08:18:02.598+0000][gc,phases   ] GC(68)   Evacuate Collection Set: 207.8ms
[2026-01-16T08:18:02.601+0000][gc,phases   ] GC(68)   Post Evacuate Collection Set: 30.1ms
[2026-01-16T08:18:02.605+0000][gc,phases   ] GC(68)   Other: 2.2ms
[2026-01-16T08:18:02.605+0000][gc,heap     ] GC(68) Eden regions: 144->0(166)
[2026-01-16T08:18:02.606+0000][gc,heap     ] GC(68) Survivor regions: 3->2(19)
[2026-01-16T08:18:02.606+0000][gc,heap     ] GC(68) Old regions: 34->34
[2026-01-16T08:18:02.606+0000][gc,heap     ] GC(68) Humongous regions: 135->135
[2026-01-16T08:18:02.607+0000][gc,metaspace] GC(68) Metaspace: 13304K(13696K)->13304K(13696K) NonClass: 11758K(11968K)->11758K(11968K) Class: 1545K(1728K)->1545K(1728K)
[2026-01-16T08:18:02.608+0000][gc          ] GC(68) Pause Young (Normal) (G1 Evacuation Pause) 315M->170M(1024M) 304.903ms
[2026-01-16T08:18:02.609+0000][gc,cpu      ] GC(68) User=0.20s Sys=0.03s Real=0.31s
[2026-01-16T08:18:16.817+0000][gc,start    ] GC(69) Pause Young (Normal) (G1 Evacuation Pause)
[2026-01-16T08:18:16.822+0000][gc,task     ] GC(69) Using 8 workers of 8 for evacuation
[2026-01-16T08:18:18.079+0000][gc,mmu      ] GC(69) MMU target violated: 201.0ms (200.0ms/201.0ms)
[2026-01-16T08:18:18.081+0000][gc,phases   ] GC(69)   Pre Evacuate Collection Set: 30.0ms
[2026-01-16T08:18:18.083+0000][gc,phases   ] GC(69)   Merge Heap Roots: 5.8ms
[2026-01-16T08:18:18.086+0000][gc,phases   ] GC(69)   Evacuate Collection Set: 1180.6ms
[2026-01-16T08:18:18.089+0000][gc,phases   ] GC(69)   Post Evacuate Collection Set: 37.3ms
[2026-01-16T08:18:18.092+0000][gc,phases   ] GC(69)   Other: 6.1ms
[2026-01-16T08:18:18.092+0000][gc,heap     ] GC(69) Eden regions: 169->0(46)
[2026-01-16T08:18:18.092+0000][gc,heap     ] GC(69) Survivor regions: 2->5(22)
[2026-01-16T08:18:18.092+0000][gc,heap     ] GC(69) Old regions: 34->34
[2026-01-16T08:18:18.093+0000][gc,heap     ] GC(69) Humongous regions: 135->135
[2026-01-16T08:18:18.093+0000][gc,metaspace] GC(69) Metaspace: 13317K(13696K)->13317K(13696K) NonClass: 11772K(11968K)->11772K(11968K) Class: 1545K(1728K)->1545K(1728K)
[2026-01-16T08:18:18.094+0000][gc          ] GC(69) Pause Young (Normal) (G1 Evacuation Pause) 339M->173M(1024M) 1276.368ms
[2026-01-16T08:18:18.094+0000][gc,cpu      ] GC(69) User=1.00s Sys=0.14s Real=1.28s
[2026-01-16T08:18:19.221+0000][gc,start    ] GC(70) Pause Young (Normal) (G1 Evacuation Pause)
[2026-01-16T08:18:19.223+0000][gc,task     ] GC(70) Using 8 workers of 8 for evacuation
[2026-01-16T08:18:19.585+0000][gc,mmu      ] GC(70) MMU target violated: 201.0ms (200.0ms/201.0ms)
[2026-01-16T08:18:19.589+0000][gc,phases   ] GC(70)   Pre Evacuate Collection Set: 6.9ms
[2026-01-16T08:18:19.589+0000][gc,phases   ] GC(70)   Merge Heap Roots: 1.5ms
[2026-01-16T08:18:19.590+0000][gc,phases   ] GC(70)   Evacuate Collection Set: 318.4ms
[2026-01-16T08:18:19.590+0000][gc,phases   ] GC(70)   Post Evacuate Collection Set: 33.4ms
[2026-01-16T08:18:19.590+0000][gc,phases   ] GC(70)   Other: 6.5ms
[2026-01-16T08:18:19.592+0000][gc,heap     ] GC(70) Eden regions: 46->0(46)
[2026-01-16T08:18:19.593+0000][gc,heap     ] GC(70) Survivor regions: 5->5(7)
[2026-01-16T08:18:19.593+0000][gc,heap     ] GC(70) Old regions: 34->35
[2026-01-16T08:18:19.596+0000][gc,heap     ] GC(70) Humongous regions: 135->135
[2026-01-16T08:18:19.598+0000][gc,metaspace] GC(70) Metaspace: 13317K(13696K)->13317K(13696K) NonClass: 11772K(11968K)->11772K(11968K) Class: 1545K(1728K)->1545K(1728K)
[2026-01-16T08:18:19.600+0000][gc          ] GC(70) Pause Young (Normal) (G1 Evacuation Pause) 219M->174M(1024M) 379.111ms
[2026-01-16T08:18:19.608+0000][gc,cpu      ] GC(70) User=0.16s Sys=0.02s Real=0.39s
[2026-01-16T08:18:20.409+0000][gc,start    ] GC(71) Pause Young (Normal) (G1 Evacuation Pause)
[2026-01-16T08:18:20.411+0000][gc,task     ] GC(71) Using 8 workers of 8 for evacuation
[2026-01-16T08:18:20.685+0000][gc,mmu      ] GC(71) MMU target violated: 201.0ms (200.0ms/201.0ms)
[2026-01-16T08:18:20.694+0000][gc,phases   ] GC(71)   Pre Evacuate Collection Set: 1.3ms
[2026-01-16T08:18:20.694+0000][gc,phases   ] GC(71)   Merge Heap Roots: 3.0ms
[2026-01-16T08:18:20.695+0000][gc,phases   ] GC(71)   Evacuate Collection Set: 265.9ms
[2026-01-16T08:18:20.695+0000][gc,phases   ] GC(71)   Post Evacuate Collection Set: 3.1ms
[2026-01-16T08:18:20.695+0000][gc,phases   ] GC(71)   Other: 9.5ms
[2026-01-16T08:18:20.695+0000][gc,heap     ] GC(71) Eden regions: 46->0(46)
[2026-01-16T08:18:20.695+0000][gc,heap     ] GC(71) Survivor regions: 5->5(7)
[2026-01-16T08:18:20.696+0000][gc,heap     ] GC(71) Old regions: 35->36
[2026-01-16T08:18:20.696+0000][gc,heap     ] GC(71) Humongous regions: 135->135
[2026-01-16T08:18:20.696+0000][gc,metaspace] GC(71) Metaspace: 13318K(13696K)->13318K(13696K) NonClass: 11773K(11968K)->11773K(11968K) Class: 1545K(1728K)->1545K(1728K)
[2026-01-16T08:18:20.705+0000][gc          ] GC(71) Pause Young (Normal) (G1 Evacuation Pause) 220M->175M(1024M) 295.890ms
[2026-01-16T08:18:20.716+0000][gc,cpu      ] GC(71) User=0.10s Sys=0.02s Real=0.30s
[2026-01-16T08:18:21.454+0000][gc,start    ] GC(72) Pause Young (Normal) (G1 Evacuation Pause)
[2026-01-16T08:18:21.454+0000][gc,task     ] GC(72) Using 8 workers of 8 for evacuation
[2026-01-16T08:18:21.707+0000][gc,mmu      ] GC(72) MMU target violated: 201.0ms (200.0ms/201.0ms)
[2026-01-16T08:18:21.710+0000][gc,phases   ] GC(72)   Pre Evacuate Collection Set: 0.5ms
[2026-01-16T08:18:21.711+0000][gc,phases   ] GC(72)   Merge Heap Roots: 0.1ms
[2026-01-16T08:18:21.711+0000][gc,phases   ] GC(72)   Evacuate Collection Set: 242.2ms
[2026-01-16T08:18:21.712+0000][gc,phases   ] GC(72)   Post Evacuate Collection Set: 9.6ms
[2026-01-16T08:18:21.712+0000][gc,phases   ] GC(72)   Other: 3.7ms
[2026-01-16T08:18:21.712+0000][gc,heap     ] GC(72) Eden regions: 46->0(48)
[2026-01-16T08:18:21.712+0000][gc,heap     ] GC(72) Survivor regions: 5->3(7)
[2026-01-16T08:18:21.712+0000][gc,heap     ] GC(72) Old regions: 36->39
[2026-01-16T08:18:21.712+0000][gc,heap     ] GC(72) Humongous regions: 135->135
[2026-01-16T08:18:21.712+0000][gc,metaspace] GC(72) Metaspace: 13319K(13696K)->13319K(13696K) NonClass: 11773K(11968K)->11773K(11968K) Class: 1545K(1728K)->1545K(1728K)
[2026-01-16T08:18:21.713+0000][gc          ] GC(72) Pause Young (Normal) (G1 Evacuation Pause) 221M->175M(1024M) 259.843ms
[2026-01-16T08:18:21.730+0000][gc,cpu      ] GC(72) User=0.07s Sys=0.06s Real=0.28s
[2026-01-16T08:18:23.594+0000][gc,start    ] GC(73) Pause Young (Normal) (G1 Evacuation Pause)
[2026-01-16T08:18:23.601+0000][gc,task     ] GC(73) Using 8 workers of 8 for evacuation
[2026-01-16T08:18:23.729+0000][gc,phases   ] GC(73)   Pre Evacuate Collection Set: 11.5ms
[2026-01-16T08:18:23.729+0000][gc,phases   ] GC(73)   Merge Heap Roots: 0.8ms
[2026-01-16T08:18:23.730+0000][gc,phases   ] GC(73)   Evacuate Collection Set: 110.4ms
[2026-01-16T08:18:23.730+0000][gc,phases   ] GC(73)   Post Evacuate Collection Set: 3.6ms
[2026-01-16T08:18:23.731+0000][gc,phases   ] GC(73)   Other: 2.8ms
[2026-01-16T08:18:23.733+0000][gc,heap     ] GC(73) Eden regions: 48->0(47)
[2026-01-16T08:18:23.734+0000][gc,heap     ] GC(73) Survivor regions: 3->4(7)
[2026-01-16T08:18:23.734+0000][gc,heap     ] GC(73) Old regions: 39->39
[2026-01-16T08:18:23.734+0000][gc,heap     ] GC(73) Humongous regions: 135->135
[2026-01-16T08:18:23.736+0000][gc,metaspace] GC(73) Metaspace: 13319K(13696K)->13319K(13696K) NonClass: 11774K(11968K)->11774K(11968K) Class: 1545K(1728K)->1545K(1728K)
[2026-01-16T08:18:23.736+0000][gc          ] GC(73) Pause Young (Normal) (G1 Evacuation Pause) 223M->176M(1024M) 142.220ms
[2026-01-16T08:18:23.737+0000][gc,cpu      ] GC(73) User=0.08s Sys=0.01s Real=0.14s
[2026-01-16T08:18:24.640+0000][gc,start    ] GC(74) Pause Young (Normal) (G1 Evacuation Pause)
[2026-01-16T08:18:24.642+0000][gc,task     ] GC(74) Using 8 workers of 8 for evacuation
[2026-01-16T08:18:24.686+0000][gc,phases   ] GC(74)   Pre Evacuate Collection Set: 1.2ms
[2026-01-16T08:18:24.686+0000][gc,phases   ] GC(74)   Merge Heap Roots: 2.5ms
[2026-01-16T08:18:24.688+0000][gc,phases   ] GC(74)   Evacuate Collection Set: 38.5ms
[2026-01-16T08:18:24.689+0000][gc,phases   ] GC(74)   Post Evacuate Collection Set: 0.6ms
[2026-01-16T08:18:24.694+0000][gc,phases   ] GC(74)   Other: 0.5ms
[2026-01-16T08:18:24.695+0000][gc,heap     ] GC(74) Eden regions: 47->0(47)
[2026-01-16T08:18:24.697+0000][gc,heap     ] GC(74) Survivor regions: 4->4(7)
[2026-01-16T08:18:24.697+0000][gc,heap     ] GC(74) Old regions: 39->39
[2026-01-16T08:18:24.698+0000][gc,heap     ] GC(74) Humongous regions: 135->135
[2026-01-16T08:18:24.698+0000][gc,metaspace] GC(74) Metaspace: 13322K(13696K)->13322K(13696K) NonClass: 11776K(11968K)->11776K(11968K) Class: 1545K(1728K)->1545K(1728K)
[2026-01-16T08:18:24.698+0000][gc          ] GC(74) Pause Young (Normal) (G1 Evacuation Pause) 223M->176M(1024M) 57.758ms
[2026-01-16T08:18:24.698+0000][gc,cpu      ] GC(74) User=0.04s Sys=0.00s Real=0.05s
[2026-01-16T08:18:25.206+0000][gc,start    ] GC(75) Pause Young (Normal) (G1 Evacuation Pause)
[2026-01-16T08:18:25.209+0000][gc,task     ] GC(75) Using 8 workers of 8 for evacuation
[2026-01-16T08:18:25.296+0000][gc,phases   ] GC(75)   Pre Evacuate Collection Set: 14.7ms
[2026-01-16T08:18:25.302+0000][gc,phases   ] GC(75)   Merge Heap Roots: 2.4ms
[2026-01-16T08:18:25.303+0000][gc,phases   ] GC(75)   Evacuate Collection Set: 51.4ms
[2026-01-16T08:18:25.304+0000][gc,phases   ] GC(75)   Post Evacuate Collection Set: 16.9ms
[2026-01-16T08:18:25.305+0000][gc,phases   ] GC(75)   Other: 1.8ms
[2026-01-16T08:18:25.306+0000][gc,heap     ] GC(75) Eden regions: 47->0(46)
[2026-01-16T08:18:25.307+0000][gc,heap     ] GC(75) Survivor regions: 4->5(7)
[2026-01-16T08:18:25.310+0000][gc,heap     ] GC(75) Old regions: 39->39
[2026-01-16T08:18:25.313+0000][gc,heap     ] GC(75) Humongous regions: 135->135
[2026-01-16T08:18:25.313+0000][gc,metaspace] GC(75) Metaspace: 13322K(13696K)->13322K(13696K) NonClass: 11776K(11968K)->11776K(11968K) Class: 1545K(1728K)->1545K(1728K)
[2026-01-16T08:18:25.313+0000][gc          ] GC(75) Pause Young (Normal) (G1 Evacuation Pause) 223M->177M(1024M) 107.276ms
[2026-01-16T08:18:25.313+0000][gc,cpu      ] GC(75) User=0.06s Sys=0.02s Real=0.11s
[2026-01-16T08:18:26.676+0000][gc,start    ] GC(76) Pause Young (Normal) (G1 Evacuation Pause)
[2026-01-16T08:18:26.681+0000][gc,task     ] GC(76) Using 8 workers of 8 for evacuation
[2026-01-16T08:18:26.765+0000][gc,phases   ] GC(76)   Pre Evacuate Collection Set: 10.3ms
[2026-01-16T08:18:26.769+0000][gc,phases   ] GC(76)   Merge Heap Roots: 0.2ms
[2026-01-16T08:18:26.770+0000][gc,phases   ] GC(76)   Evacuate Collection Set: 68.6ms
[2026-01-16T08:18:26.770+0000][gc,phases   ] GC(76)   Post Evacuate Collection Set: 1.2ms
[2026-01-16T08:18:26.771+0000][gc,phases   ] GC(76)   Other: 3.1ms
[2026-01-16T08:18:26.771+0000][gc,heap     ] GC(76) Eden regions: 46->0(46)
[2026-01-16T08:18:26.772+0000][gc,heap     ] GC(76) Survivor regions: 5->5(7)
[2026-01-16T08:18:26.772+0000][gc,heap     ] GC(76) Old regions: 39->39
[2026-01-16T08:18:26.772+0000][gc,heap     ] GC(76) Humongous regions: 135->135
[2026-01-16T08:18:26.772+0000][gc,metaspace] GC(76) Metaspace: 13324K(13696K)->13324K(13696K) NonClass: 11778K(11968K)->11778K(11968K) Class: 1545K(1728K)->1545K(1728K)
[2026-01-16T08:18:26.773+0000][gc          ] GC(76) Pause Young (Normal) (G1 Evacuation Pause) 223M->178M(1024M) 96.978ms
[2026-01-16T08:18:26.773+0000][gc,cpu      ] GC(76) User=0.10s Sys=0.01s Real=0.10s
[2026-01-16T08:18:27.726+0000][gc,start    ] GC(77) Pause Young (Normal) (G1 Evacuation Pause)
[2026-01-16T08:18:27.726+0000][gc,task     ] GC(77) Using 8 workers of 8 for evacuation
[2026-01-16T08:18:27.833+0000][gc,phases   ] GC(77)   Pre Evacuate Collection Set: 1.4ms
[2026-01-16T08:18:27.834+0000][gc,phases   ] GC(77)   Merge Heap Roots: 0.4ms
[2026-01-16T08:18:27.835+0000][gc,phases   ] GC(77)   Evacuate Collection Set: 100.1ms
[2026-01-16T08:18:27.835+0000][gc,phases   ] GC(77)   Post Evacuate Collection Set: 3.7ms
[2026-01-16T08:18:27.836+0000][gc,phases   ] GC(77)   Other: 1.2ms
[2026-01-16T08:18:27.837+0000][gc,heap     ] GC(77) Eden regions: 46->0(53)
[2026-01-16T08:18:27.838+0000][gc,heap     ] GC(77) Survivor regions: 5->5(7)
[2026-01-16T08:18:27.838+0000][gc,heap     ] GC(77) Old regions: 39->40
[2026-01-16T08:18:27.839+0000][gc,heap     ] GC(77) Humongous regions: 135->135
[2026-01-16T08:18:27.843+0000][gc,metaspace] GC(77) Metaspace: 13324K(13696K)->13324K(13696K) NonClass: 11778K(11968K)->11778K(11968K) Class: 1545K(1728K)->1545K(1728K)
[2026-01-16T08:18:27.845+0000][gc          ] GC(77) Pause Young (Normal) (G1 Evacuation Pause) 224M->179M(1024M) 119.381ms
[2026-01-16T08:18:27.845+0000][gc,cpu      ] GC(77) User=0.04s Sys=0.02s Real=0.12s
[2026-01-16T08:18:28.783+0000][gc,start    ] GC(78) Pause Young (Normal) (G1 Evacuation Pause)
[2026-01-16T08:18:28.783+0000][gc,task     ] GC(78) Using 8 workers of 8 for evacuation
[2026-01-16T08:18:29.053+0000][gc,mmu      ] GC(78) MMU target violated: 201.0ms (200.0ms/201.0ms)
[2026-01-16T08:18:29.054+0000][gc,phases   ] GC(78)   Pre Evacuate Collection Set: 12.9ms
[2026-01-16T08:18:29.056+0000][gc,phases   ] GC(78)   Merge Heap Roots: 0.3ms
[2026-01-16T08:18:29.059+0000][gc,phases   ] GC(78)   Evacuate Collection Set: 253.4ms
[2026-01-16T08:18:29.060+0000][gc,phases   ] GC(78)   Post Evacuate Collection Set: 1.1ms
[2026-01-16T08:18:29.060+0000][gc,phases   ] GC(78)   Other: 2.8ms
[2026-01-16T08:18:29.060+0000][gc,heap     ] GC(78) Eden regions: 51->0(46)
[2026-01-16T08:18:29.061+0000][gc,heap     ] GC(78) Survivor regions: 5->5(7)
[2026-01-16T08:18:29.061+0000][gc,heap     ] GC(78) Old regions: 40->41
[2026-01-16T08:18:29.061+0000][gc,heap     ] GC(78) Humongous regions: 135->135
[2026-01-16T08:18:29.062+0000][gc,metaspace] GC(78) Metaspace: 13324K(13696K)->13324K(13696K) NonClass: 11778K(11968K)->11778K(11968K) Class: 1545K(1728K)->1545K(1728K)
[2026-01-16T08:18:29.063+0000][gc          ] GC(78) Pause Young (Normal) (G1 Evacuation Pause) 230M->179M(1024M) 280.232ms
[2026-01-16T08:18:29.063+0000][gc,cpu      ] GC(78) User=0.14s Sys=0.03s Real=0.28s
[2026-01-16T08:18:30.894+0000][gc,start    ] GC(79) Pause Young (Normal) (G1 Evacuation Pause)
[2026-01-16T08:18:30.896+0000][gc,task     ] GC(79) Using 8 workers of 8 for evacuation
[2026-01-16T08:18:30.997+0000][gc,phases   ] GC(79)   Pre Evacuate Collection Set: 7.4ms
[2026-01-16T08:18:30.998+0000][gc,phases   ] GC(79)   Merge Heap Roots: 1.1ms
[2026-01-16T08:18:30.999+0000][gc,phases   ] GC(79)   Evacuate Collection Set: 78.8ms
[2026-01-16T08:18:31.000+0000][gc,phases   ] GC(79)   Post Evacuate Collection Set: 1.9ms
[2026-01-16T08:18:31.001+0000][gc,phases   ] GC(79)   Other: 12.1ms
[2026-01-16T08:18:31.002+0000][gc,heap     ] GC(79) Eden regions: 46->0(61)
[2026-01-16T08:18:31.003+0000][gc,heap     ] GC(79) Survivor regions: 5->5(7)
[2026-01-16T08:18:31.004+0000][gc,heap     ] GC(79) Old regions: 41->42
[2026-01-16T08:18:31.004+0000][gc,heap     ] GC(79) Humongous regions: 135->135
[2026-01-16T08:18:31.004+0000][gc,metaspace] GC(79) Metaspace: 13333K(13696K)->13333K(13696K) NonClass: 11787K(11968K)->11787K(11968K) Class: 1545K(1728K)->1545K(1728K)
[2026-01-16T08:18:31.009+0000][gc          ] GC(79) Pause Young (Normal) (G1 Evacuation Pause) 225M->180M(1024M) 114.741ms
[2026-01-16T08:18:31.011+0000][gc,cpu      ] GC(79) User=0.09s Sys=0.01s Real=0.12s
[2026-01-16T08:18:36.386+0000][gc,start    ] GC(80) Pause Young (Normal) (G1 Evacuation Pause)
[2026-01-16T08:18:36.390+0000][gc,task     ] GC(80) Using 8 workers of 8 for evacuation
[2026-01-16T08:18:36.780+0000][gc,mmu      ] GC(80) MMU target violated: 201.0ms (200.0ms/201.0ms)
[2026-01-16T08:18:36.780+0000][gc,phases   ] GC(80)   Pre Evacuate Collection Set: 33.4ms
[2026-01-16T08:18:36.781+0000][gc,phases   ] GC(80)   Merge Heap Roots: 11.4ms
[2026-01-16T08:18:36.786+0000][gc,phases   ] GC(80)   Evacuate Collection Set: 327.1ms
[2026-01-16T08:18:36.786+0000][gc,phases   ] GC(80)   Post Evacuate Collection Set: 15.8ms
[2026-01-16T08:18:36.787+0000][gc,phases   ] GC(80)   Other: 3.2ms
[2026-01-16T08:18:36.787+0000][gc,heap     ] GC(80) Eden regions: 64->0(48)
[2026-01-16T08:18:36.787+0000][gc,heap     ] GC(80) Survivor regions: 5->3(9)
[2026-01-16T08:18:36.787+0000][gc,heap     ] GC(80) Old regions: 42->42
[2026-01-16T08:18:36.788+0000][gc,heap     ] GC(80) Humongous regions: 135->135
[2026-01-16T08:18:36.788+0000][gc,metaspace] GC(80) Metaspace: 13362K(13696K)->13362K(13696K) NonClass: 11817K(11968K)->11817K(11968K) Class: 1545K(1728K)->1545K(1728K)
[2026-01-16T08:18:36.788+0000][gc          ] GC(80) Pause Young (Normal) (G1 Evacuation Pause) 244M->179M(1024M) 402.676ms
[2026-01-16T08:18:36.789+0000][gc,cpu      ] GC(80) User=0.18s Sys=0.02s Real=0.40s
[2026-01-16T08:18:38.864+0000][gc,start    ] GC(81) Pause Young (Normal) (G1 Evacuation Pause)
[2026-01-16T08:18:38.868+0000][gc,task     ] GC(81) Using 8 workers of 8 for evacuation
[2026-01-16T08:18:39.016+0000][gc,phases   ] GC(81)   Pre Evacuate Collection Set: 15.6ms
[2026-01-16T08:18:39.022+0000][gc,phases   ] GC(81)   Merge Heap Roots: 0.8ms
[2026-01-16T08:18:39.024+0000][gc,phases   ] GC(81)   Evacuate Collection Set: 120.4ms
[2026-01-16T08:18:39.024+0000][gc,phases   ] GC(81)   Post Evacuate Collection Set: 8.8ms
[2026-01-16T08:18:39.025+0000][gc,phases   ] GC(81)   Other: 2.8ms
[2026-01-16T08:18:39.027+0000][gc,heap     ] GC(81) Eden regions: 48->0(47)
[2026-01-16T08:18:39.032+0000][gc,heap     ] GC(81) Survivor regions: 3->4(7)
[2026-01-16T08:18:39.036+0000][gc,heap     ] GC(81) Old regions: 42->42
[2026-01-16T08:18:39.041+0000][gc,heap     ] GC(81) Humongous regions: 135->135
[2026-01-16T08:18:39.048+0000][gc,metaspace] GC(81) Metaspace: 13362K(13696K)->13362K(13696K) NonClass: 11817K(11968K)->11817K(11968K) Class: 1545K(1728K)->1545K(1728K)
[2026-01-16T08:18:39.049+0000][gc          ] GC(81) Pause Young (Normal) (G1 Evacuation Pause) 227M->179M(1024M) 184.217ms
[2026-01-16T08:18:39.063+0000][gc,cpu      ] GC(81) User=0.09s Sys=0.01s Real=0.20s
[2026-01-16T08:18:41.390+0000][gc,start    ] GC(82) Pause Young (Normal) (G1 Evacuation Pause)
[2026-01-16T08:18:41.390+0000][gc,task     ] GC(82) Using 8 workers of 8 for evacuation
[2026-01-16T08:18:41.675+0000][gc,mmu      ] GC(82) MMU target violated: 201.0ms (200.0ms/201.0ms)
[2026-01-16T08:18:41.676+0000][gc,phases   ] GC(82)   Pre Evacuate Collection Set: 13.5ms
[2026-01-16T08:18:41.677+0000][gc,phases   ] GC(82)   Merge Heap Roots: 0.5ms
[2026-01-16T08:18:41.678+0000][gc,phases   ] GC(82)   Evacuate Collection Set: 229.9ms
[2026-01-16T08:18:41.679+0000][gc,phases   ] GC(82)   Post Evacuate Collection Set: 40.4ms
[2026-01-16T08:18:41.679+0000][gc,phases   ] GC(82)   Other: 1.3ms
[2026-01-16T08:18:41.679+0000][gc,heap     ] GC(82) Eden regions: 47->0(46)
[2026-01-16T08:18:41.681+0000][gc,heap     ] GC(82) Survivor regions: 4->5(7)
[2026-01-16T08:18:41.681+0000][gc,heap     ] GC(82) Old regions: 42->42
[2026-01-16T08:18:41.681+0000][gc,heap     ] GC(82) Humongous regions: 135->135
[2026-01-16T08:18:41.681+0000][gc,metaspace] GC(82) Metaspace: 13367K(13696K)->13367K(13696K) NonClass: 11821K(11968K)->11821K(11968K) Class: 1545K(1728K)->1545K(1728K)
[2026-01-16T08:18:41.681+0000][gc          ] GC(82) Pause Young (Normal) (G1 Evacuation Pause) 226M->180M(1024M) 291.564ms
[2026-01-16T08:18:41.683+0000][gc,cpu      ] GC(82) User=0.13s Sys=0.01s Real=0.30s
[2026-01-16T08:18:43.119+0000][gc,start    ] GC(83) Pause Young (Normal) (G1 Evacuation Pause)
[2026-01-16T08:18:43.124+0000][gc,task     ] GC(83) Using 8 workers of 8 for evacuation
[2026-01-16T08:18:43.379+0000][gc,mmu      ] GC(83) MMU target violated: 201.0ms (200.0ms/201.0ms)
[2026-01-16T08:18:43.380+0000][gc,phases   ] GC(83)   Pre Evacuate Collection Set: 40.9ms
[2026-01-16T08:18:43.381+0000][gc,phases   ] GC(83)   Merge Heap Roots: 1.2ms
[2026-01-16T08:18:43.383+0000][gc,phases   ] GC(83)   Evacuate Collection Set: 210.5ms
[2026-01-16T08:18:43.384+0000][gc,phases   ] GC(83)   Post Evacuate Collection Set: 1.5ms
[2026-01-16T08:18:43.387+0000][gc,phases   ] GC(83)   Other: 1.9ms
[2026-01-16T08:18:43.388+0000][gc,heap     ] GC(83) Eden regions: 46->0(46)
[2026-01-16T08:18:43.398+0000][gc,heap     ] GC(83) Survivor regions: 5->5(7)
[2026-01-16T08:18:43.411+0000][gc,heap     ] GC(83) Old regions: 42->42
[2026-01-16T08:18:43.411+0000][gc,heap     ] GC(83) Humongous regions: 135->135
[2026-01-16T08:18:43.427+0000][gc,metaspace] GC(83) Metaspace: 13368K(13696K)->13368K(13696K) NonClass: 11823K(11968K)->11823K(11968K) Class: 1545K(1728K)->1545K(1728K)
[2026-01-16T08:18:43.428+0000][gc          ] GC(83) Pause Young (Normal) (G1 Evacuation Pause) 226M->181M(1024M) 309.787ms
[2026-01-16T08:18:43.432+0000][gc,cpu      ] GC(83) User=0.09s Sys=0.01s Real=0.32s
[2026-01-16T08:18:46.709+0000][gc,start    ] GC(84) Pause Young (Normal) (G1 Evacuation Pause)
[2026-01-16T08:18:46.711+0000][gc,task     ] GC(84) Using 8 workers of 8 for evacuation
[2026-01-16T08:18:46.877+0000][gc,phases   ] GC(84)   Pre Evacuate Collection Set: 33.0ms
[2026-01-16T08:18:46.879+0000][gc,phases   ] GC(84)   Merge Heap Roots: 1.0ms
[2026-01-16T08:18:46.881+0000][gc,phases   ] GC(84)   Evacuate Collection Set: 116.9ms
[2026-01-16T08:18:46.882+0000][gc,phases   ] GC(84)   Post Evacuate Collection Set: 14.1ms
[2026-01-16T08:18:46.882+0000][gc,phases   ] GC(84)   Other: 1.6ms
[2026-01-16T08:18:46.883+0000][gc,heap     ] GC(84) Eden regions: 46->0(89)
[2026-01-16T08:18:46.883+0000][gc,heap     ] GC(84) Survivor regions: 5->3(7)
[2026-01-16T08:18:46.884+0000][gc,heap     ] GC(84) Old regions: 42->43
[2026-01-16T08:18:46.884+0000][gc,heap     ] GC(84) Humongous regions: 135->135
[2026-01-16T08:18:46.885+0000][gc,metaspace] GC(84) Metaspace: 13369K(13696K)->13369K(13696K) NonClass: 11824K(11968K)->11824K(11968K) Class: 1545K(1728K)->1545K(1728K)
[2026-01-16T08:18:46.885+0000][gc          ] GC(84) Pause Young (Normal) (G1 Evacuation Pause) 227M->179M(1024M) 176.359ms
[2026-01-16T08:18:46.888+0000][gc,cpu      ] GC(84) User=0.12s Sys=0.02s Real=0.18s
[2026-01-16T08:18:50.338+0000][gc,start    ] GC(85) Pause Young (Normal) (G1 Evacuation Pause)
[2026-01-16T08:18:50.339+0000][gc,task     ] GC(85) Using 8 workers of 8 for evacuation
[2026-01-16T08:18:50.771+0000][gc,mmu      ] GC(85) MMU target violated: 201.0ms (200.0ms/201.0ms)
[2026-01-16T08:18:50.775+0000][gc,phases   ] GC(85)   Pre Evacuate Collection Set: 41.5ms
[2026-01-16T08:18:50.775+0000][gc,phases   ] GC(85)   Merge Heap Roots: 2.5ms
[2026-01-16T08:18:50.780+0000][gc,phases   ] GC(85)   Evacuate Collection Set: 378.3ms
[2026-01-16T08:18:50.780+0000][gc,phases   ] GC(85)   Post Evacuate Collection Set: 8.6ms
[2026-01-16T08:18:50.781+0000][gc,phases   ] GC(85)   Other: 5.0ms
[2026-01-16T08:18:50.781+0000][gc,heap     ] GC(85) Eden regions: 83->0(47)
[2026-01-16T08:18:50.781+0000][gc,heap     ] GC(85) Survivor regions: 3->4(11)
[2026-01-16T08:18:50.781+0000][gc,heap     ] GC(85) Old regions: 43->43
[2026-01-16T08:18:50.781+0000][gc,heap     ] GC(85) Humongous regions: 135->135
[2026-01-16T08:18:50.781+0000][gc,metaspace] GC(85) Metaspace: 13376K(13696K)->13376K(13696K) NonClass: 11831K(11968K)->11831K(11968K) Class: 1545K(1728K)->1545K(1728K)
[2026-01-16T08:18:50.782+0000][gc          ] GC(85) Pause Young (Normal) (G1 Evacuation Pause) 262M->181M(1024M) 443.502ms
[2026-01-16T08:18:50.787+0000][gc,cpu      ] GC(85) User=0.29s Sys=0.02s Real=0.45s
[2026-01-16T08:18:52.381+0000][gc,start    ] GC(86) Pause Young (Normal) (G1 Evacuation Pause)
[2026-01-16T08:18:52.382+0000][gc,task     ] GC(86) Using 8 workers of 8 for evacuation
[2026-01-16T08:18:52.627+0000][gc,mmu      ] GC(86) MMU target violated: 201.0ms (200.0ms/201.0ms)
[2026-01-16T08:18:52.634+0000][gc,phases   ] GC(86)   Pre Evacuate Collection Set: 4.9ms
[2026-01-16T08:18:52.636+0000][gc,phases   ] GC(86)   Merge Heap Roots: 0.4ms
[2026-01-16T08:18:52.637+0000][gc,phases   ] GC(86)   Evacuate Collection Set: 232.4ms
[2026-01-16T08:18:52.637+0000][gc,phases   ] GC(86)   Post Evacuate Collection Set: 1.8ms
[2026-01-16T08:18:52.637+0000][gc,phases   ] GC(86)   Other: 12.5ms
[2026-01-16T08:18:52.637+0000][gc,heap     ] GC(86) Eden regions: 47->0(47)
[2026-01-16T08:18:52.638+0000][gc,heap     ] GC(86) Survivor regions: 4->4(7)
[2026-01-16T08:18:52.638+0000][gc,heap     ] GC(86) Old regions: 43->43
[2026-01-16T08:18:52.638+0000][gc,heap     ] GC(86) Humongous regions: 135->135
[2026-01-16T08:18:52.638+0000][gc,metaspace] GC(86) Metaspace: 13383K(13696K)->13383K(13696K) NonClass: 11837K(11968K)->11837K(11968K) Class: 1545K(1728K)->1545K(1728K)
[2026-01-16T08:18:52.639+0000][gc          ] GC(86) Pause Young (Normal) (G1 Evacuation Pause) 228M->181M(1024M) 258.553ms
[2026-01-16T08:18:52.642+0000][gc,cpu      ] GC(86) User=0.10s Sys=0.00s Real=0.26s
[2026-01-16T08:18:56.256+0000][gc,start    ] GC(87) Pause Young (Normal) (G1 Evacuation Pause)
[2026-01-16T08:18:56.257+0000][gc,task     ] GC(87) Using 8 workers of 8 for evacuation
[2026-01-16T08:18:56.418+0000][gc,phases   ] GC(87)   Pre Evacuate Collection Set: 25.5ms
[2026-01-16T08:18:56.418+0000][gc,phases   ] GC(87)   Merge Heap Roots: 8.5ms
[2026-01-16T08:18:56.418+0000][gc,phases   ] GC(87)   Evacuate Collection Set: 125.8ms
[2026-01-16T08:18:56.418+0000][gc,phases   ] GC(87)   Post Evacuate Collection Set: 1.0ms
[2026-01-16T08:18:56.420+0000][gc,phases   ] GC(87)   Other: 0.5ms
[2026-01-16T08:18:56.420+0000][gc,heap     ] GC(87) Eden regions: 47->0(58)
[2026-01-16T08:18:56.421+0000][gc,heap     ] GC(87) Survivor regions: 4->3(7)
[2026-01-16T08:18:56.421+0000][gc,heap     ] GC(87) Old regions: 43->43
[2026-01-16T08:18:56.421+0000][gc,heap     ] GC(87) Humongous regions: 135->135
[2026-01-16T08:18:56.423+0000][gc,metaspace] GC(87) Metaspace: 13398K(13760K)->13398K(13760K) NonClass: 11853K(12032K)->11853K(12032K) Class: 1545K(1728K)->1545K(1728K)
[2026-01-16T08:18:56.423+0000][gc          ] GC(87) Pause Young (Normal) (G1 Evacuation Pause) 228M->179M(1024M) 166.650ms
[2026-01-16T08:18:56.425+0000][gc,cpu      ] GC(87) User=0.11s Sys=0.02s Real=0.17s
[2026-01-16T08:19:01.001+0000][gc,start    ] GC(88) Pause Young (Normal) (G1 Evacuation Pause)
[2026-01-16T08:19:01.001+0000][gc,task     ] GC(88) Using 8 workers of 8 for evacuation
[2026-01-16T08:19:01.484+0000][gc,mmu      ] GC(88) MMU target violated: 201.0ms (200.0ms/201.0ms)
[2026-01-16T08:19:01.485+0000][gc,phases   ] GC(88)   Pre Evacuate Collection Set: 34.7ms
[2026-01-16T08:19:01.485+0000][gc,phases   ] GC(88)   Merge Heap Roots: 1.5ms
[2026-01-16T08:19:01.485+0000][gc,phases   ] GC(88)   Evacuate Collection Set: 434.4ms
[2026-01-16T08:19:01.486+0000][gc,phases   ] GC(88)   Post Evacuate Collection Set: 11.6ms
[2026-01-16T08:19:01.486+0000][gc,phases   ] GC(88)   Other: 1.1ms
[2026-01-16T08:19:01.487+0000][gc,heap     ] GC(88) Eden regions: 56->0(47)
[2026-01-16T08:19:01.488+0000][gc,heap     ] GC(88) Survivor regions: 3->4(8)
[2026-01-16T08:19:01.488+0000][gc,heap     ] GC(88) Old regions: 43->43
[2026-01-16T08:19:01.488+0000][gc,heap     ] GC(88) Humongous regions: 135->135
[2026-01-16T08:19:01.489+0000][gc,metaspace] GC(88) Metaspace: 13400K(13760K)->13400K(13760K) NonClass: 11854K(12032K)->11854K(12032K) Class: 1545K(1728K)->1545K(1728K)
[2026-01-16T08:19:01.489+0000][gc          ] GC(88) Pause Young (Normal) (G1 Evacuation Pause) 235M->180M(1024M) 488.078ms
[2026-01-16T08:19:01.489+0000][gc,cpu      ] GC(88) User=0.22s Sys=0.03s Real=0.49s
[2026-01-16T08:19:04.015+0000][gc,start    ] GC(89) Pause Young (Normal) (G1 Evacuation Pause)
[2026-01-16T08:19:04.017+0000][gc,task     ] GC(89) Using 8 workers of 8 for evacuation
[2026-01-16T08:19:04.120+0000][gc,phases   ] GC(89)   Pre Evacuate Collection Set: 14.3ms
[2026-01-16T08:19:04.120+0000][gc,phases   ] GC(89)   Merge Heap Roots: 0.4ms
[2026-01-16T08:19:04.120+0000][gc,phases   ] GC(89)   Evacuate Collection Set: 82.1ms
[2026-01-16T08:19:04.121+0000][gc,phases   ] GC(89)   Post Evacuate Collection Set: 4.9ms
[2026-01-16T08:19:04.121+0000][gc,phases   ] GC(89)   Other: 0.8ms
[2026-01-16T08:19:04.122+0000][gc,heap     ] GC(89) Eden regions: 47->0(47)
[2026-01-16T08:19:04.122+0000][gc,heap     ] GC(89) Survivor regions: 4->4(7)
[2026-01-16T08:19:04.123+0000][gc,heap     ] GC(89) Old regions: 43->43
[2026-01-16T08:19:04.123+0000][gc,heap     ] GC(89) Humongous regions: 135->135
[2026-01-16T08:19:04.123+0000][gc,metaspace] GC(89) Metaspace: 13403K(13760K)->13403K(13760K) NonClass: 11857K(12032K)->11857K(12032K) Class: 1545K(1728K)->1545K(1728K)
[2026-01-16T08:19:04.124+0000][gc          ] GC(89) Pause Young (Normal) (G1 Evacuation Pause) 227M->181M(1024M) 108.616ms
[2026-01-16T08:19:04.125+0000][gc,cpu      ] GC(89) User=0.10s Sys=0.00s Real=0.11s
[2026-01-16T08:19:04.790+0000][gc,start    ] GC(90) Pause Young (Normal) (G1 Evacuation Pause)
[2026-01-16T08:19:04.793+0000][gc,task     ] GC(90) Using 8 workers of 8 for evacuation
[2026-01-16T08:19:04.843+0000][gc,phases   ] GC(90)   Pre Evacuate Collection Set: 0.7ms
[2026-01-16T08:19:04.843+0000][gc,phases   ] GC(90)   Merge Heap Roots: 0.1ms
[2026-01-16T08:19:04.845+0000][gc,phases   ] GC(90)   Evacuate Collection Set: 44.0ms
[2026-01-16T08:19:04.845+0000][gc,phases   ] GC(90)   Post Evacuate Collection Set: 3.5ms
[2026-01-16T08:19:04.845+0000][gc,phases   ] GC(90)   Other: 1.7ms
[2026-01-16T08:19:04.847+0000][gc,heap     ] GC(90) Eden regions: 47->0(135)
[2026-01-16T08:19:04.850+0000][gc,heap     ] GC(90) Survivor regions: 4->2(7)
[2026-01-16T08:19:04.852+0000][gc,heap     ] GC(90) Old regions: 43->44
[2026-01-16T08:19:04.854+0000][gc,heap     ] GC(90) Humongous regions: 135->135
[2026-01-16T08:19:04.854+0000][gc,metaspace] GC(90) Metaspace: 13403K(13760K)->13403K(13760K) NonClass: 11857K(12032K)->11857K(12032K) Class: 1545K(1728K)->1545K(1728K)
[2026-01-16T08:19:04.855+0000][gc          ] GC(90) Pause Young (Normal) (G1 Evacuation Pause) 228M->179M(1024M) 65.099ms
[2026-01-16T08:19:04.856+0000][gc,cpu      ] GC(90) User=0.03s Sys=0.01s Real=0.07s
[2026-01-16T08:19:07.984+0000][gc,start    ] GC(91) Pause Young (Normal) (G1 Evacuation Pause)
[2026-01-16T08:19:07.985+0000][gc,task     ] GC(91) Using 8 workers of 8 for evacuation
[2026-01-16T08:19:08.110+0000][gc,phases   ] GC(91)   Pre Evacuate Collection Set: 6.8ms
[2026-01-16T08:19:08.112+0000][gc,phases   ] GC(91)   Merge Heap Roots: 0.3ms
[2026-01-16T08:19:08.115+0000][gc,phases   ] GC(91)   Evacuate Collection Set: 78.0ms
[2026-01-16T08:19:08.124+0000][gc,phases   ] GC(91)   Post Evacuate Collection Set: 29.8ms
[2026-01-16T08:19:08.125+0000][gc,phases   ] GC(91)   Other: 9.6ms
[2026-01-16T08:19:08.125+0000][gc,heap     ] GC(91) Eden regions: 136->0(61)
[2026-01-16T08:19:08.127+0000][gc,heap     ] GC(91) Survivor regions: 2->4(18)
[2026-01-16T08:19:08.127+0000][gc,heap     ] GC(91) Old regions: 44->44
[2026-01-16T08:19:08.127+0000][gc,heap     ] GC(91) Humongous regions: 135->135
[2026-01-16T08:19:08.127+0000][gc,metaspace] GC(91) Metaspace: 13404K(13760K)->13404K(13760K) NonClass: 11859K(12032K)->11859K(12032K) Class: 1545K(1728K)->1545K(1728K)
[2026-01-16T08:19:08.142+0000][gc          ] GC(91) Pause Young (Normal) (G1 Evacuation Pause) 315M->181M(1024M) 158.028ms
[2026-01-16T08:19:08.143+0000][gc,cpu      ] GC(91) User=0.19s Sys=0.03s Real=0.16s
[2026-01-16T08:19:16.634+0000][gc,start    ] GC(92) Pause Young (Normal) (G1 Evacuation Pause)
[2026-01-16T08:19:16.636+0000][gc,task     ] GC(92) Using 8 workers of 8 for evacuation
[2026-01-16T08:19:16.741+0000][gc,phases   ] GC(92)   Pre Evacuate Collection Set: 18.6ms
[2026-01-16T08:19:16.742+0000][gc,phases   ] GC(92)   Merge Heap Roots: 1.6ms
[2026-01-16T08:19:16.742+0000][gc,phases   ] GC(92)   Evacuate Collection Set: 76.7ms
[2026-01-16T08:19:16.742+0000][gc,phases   ] GC(92)   Post Evacuate Collection Set: 7.7ms
[2026-01-16T08:19:16.742+0000][gc,phases   ] GC(92)   Other: 1.0ms
[2026-01-16T08:19:16.743+0000][gc,heap     ] GC(92) Eden regions: 68->0(199)
[2026-01-16T08:19:16.743+0000][gc,heap     ] GC(92) Survivor regions: 4->2(9)
[2026-01-16T08:19:16.746+0000][gc,heap     ] GC(92) Old regions: 44->44
[2026-01-16T08:19:16.747+0000][gc,heap     ] GC(92) Humongous regions: 135->135
[2026-01-16T08:19:16.749+0000][gc,metaspace] GC(92) Metaspace: 13408K(13760K)->13408K(13760K) NonClass: 11863K(12032K)->11863K(12032K) Class: 1545K(1728K)->1545K(1728K)
[2026-01-16T08:19:16.751+0000][gc          ] GC(92) Pause Young (Normal) (G1 Evacuation Pause) 249M->180M(1024M) 116.972ms
[2026-01-16T08:19:16.755+0000][gc,cpu      ] GC(92) User=0.16s Sys=0.01s Real=0.12s
[2026-01-16T08:19:42.510+0000][gc,start    ] GC(93) Pause Young (Normal) (G1 Evacuation Pause)
[2026-01-16T08:19:42.582+0000][gc,task     ] GC(93) Using 8 workers of 8 for evacuation
[2026-01-16T08:19:44.272+0000][gc,mmu      ] GC(93) MMU target violated: 201.0ms (200.0ms/201.0ms)
[2026-01-16T08:19:44.272+0000][gc,phases   ] GC(93)   Pre Evacuate Collection Set: 134.7ms
[2026-01-16T08:19:44.273+0000][gc,phases   ] GC(93)   Merge Heap Roots: 29.9ms
[2026-01-16T08:19:44.273+0000][gc,phases   ] GC(93)   Evacuate Collection Set: 1446.4ms
[2026-01-16T08:19:44.273+0000][gc,phases   ] GC(93)   Post Evacuate Collection Set: 63.8ms
[2026-01-16T08:19:44.276+0000][gc,phases   ] GC(93)   Other: 33.2ms
[2026-01-16T08:19:44.281+0000][gc,heap     ] GC(93) Eden regions: 196->0(48)
[2026-01-16T08:19:44.281+0000][gc,heap     ] GC(93) Survivor regions: 2->3(25)
[2026-01-16T08:19:44.281+0000][gc,heap     ] GC(93) Old regions: 44->44
[2026-01-16T08:19:44.283+0000][gc,heap     ] GC(93) Humongous regions: 135->135
[2026-01-16T08:19:44.283+0000][gc,metaspace] GC(93) Metaspace: 13429K(13760K)->13429K(13760K) NonClass: 11884K(12032K)->11884K(12032K) Class: 1545K(1728K)->1545K(1728K)
[2026-01-16T08:19:44.285+0000][gc          ] GC(93) Pause Young (Normal) (G1 Evacuation Pause) 376M->181M(1024M) 1774.588ms
[2026-01-16T08:19:44.292+0000][gc,cpu      ] GC(93) User=1.03s Sys=0.12s Real=1.80s
[2026-01-16T08:19:56.742+0000][gc,start    ] GC(94) Pause Young (Normal) (G1 Evacuation Pause)
[2026-01-16T08:19:56.755+0000][gc,task     ] GC(94) Using 8 workers of 8 for evacuation
[2026-01-16T08:19:58.057+0000][gc,mmu      ] GC(94) MMU target violated: 201.0ms (200.0ms/201.0ms)
[2026-01-16T08:19:58.063+0000][gc,phases   ] GC(94)   Pre Evacuate Collection Set: 65.5ms
[2026-01-16T08:19:58.066+0000][gc,phases   ] GC(94)   Merge Heap Roots: 8.4ms
[2026-01-16T08:19:58.066+0000][gc,phases   ] GC(94)   Evacuate Collection Set: 1117.7ms
[2026-01-16T08:19:58.071+0000][gc,phases   ] GC(94)   Post Evacuate Collection Set: 104.8ms
[2026-01-16T08:19:58.071+0000][gc,phases   ] GC(94)   Other: 18.6ms
[2026-01-16T08:19:58.071+0000][gc,heap     ] GC(94) Eden regions: 48->0(47)
[2026-01-16T08:19:58.071+0000][gc,heap     ] GC(94) Survivor regions: 3->4(7)
[2026-01-16T08:19:58.074+0000][gc,heap     ] GC(94) Old regions: 44->44
[2026-01-16T08:19:58.074+0000][gc,heap     ] GC(94) Humongous regions: 135->135
[2026-01-16T08:19:58.075+0000][gc,metaspace] GC(94) Metaspace: 13446K(13824K)->13446K(13824K) NonClass: 11900K(12096K)->11900K(12096K) Class: 1546K(1728K)->1546K(1728K)
[2026-01-16T08:19:58.076+0000][gc          ] GC(94) Pause Young (Normal) (G1 Evacuation Pause) 229M->181M(1024M) 1334.104ms
[2026-01-16T08:19:58.082+0000][gc,cpu      ] GC(94) User=0.66s Sys=0.09s Real=1.33s
[2026-01-16T08:20:09.937+0000][gc,start    ] GC(95) Pause Young (Normal) (G1 Evacuation Pause)
[2026-01-16T08:20:09.960+0000][gc,task     ] GC(95) Using 8 workers of 8 for evacuation
[2026-01-16T08:20:12.023+0000][gc,mmu      ] GC(95) MMU target violated: 201.0ms (200.0ms/201.0ms)
[2026-01-16T08:20:12.038+0000][gc,phases   ] GC(95)   Pre Evacuate Collection Set: 225.8ms
[2026-01-16T08:20:12.051+0000][gc,phases   ] GC(95)   Merge Heap Roots: 0.3ms
[2026-01-16T08:20:12.061+0000][gc,phases   ] GC(95)   Evacuate Collection Set: 1587.6ms
[2026-01-16T08:20:12.070+0000][gc,phases   ] GC(95)   Post Evacuate Collection Set: 220.0ms
[2026-01-16T08:20:12.071+0000][gc,phases   ] GC(95)   Other: 57.4ms
[2026-01-16T08:20:12.072+0000][gc,heap     ] GC(95) Eden regions: 47->0(46)
[2026-01-16T08:20:12.078+0000][gc,heap     ] GC(95) Survivor regions: 4->5(7)
[2026-01-16T08:20:12.085+0000][gc,heap     ] GC(95) Old regions: 44->44
[2026-01-16T08:20:12.086+0000][gc,heap     ] GC(95) Humongous regions: 139->139
[2026-01-16T08:20:12.086+0000][gc,metaspace] GC(95) Metaspace: 13459K(13824K)->13459K(13824K) NonClass: 11913K(12096K)->11913K(12096K) Class: 1546K(1728K)->1546K(1728K)
[2026-01-16T08:20:12.099+0000][gc          ] GC(95) Pause Young (Normal) (G1 Evacuation Pause) 232M->186M(1024M) 2162.470ms
[2026-01-16T08:20:12.101+0000][gc,cpu      ] GC(95) User=0.81s Sys=0.10s Real=2.16s
[2026-01-16T08:20:18.155+0000][gc,start    ] GC(96) Pause Young (Normal) (G1 Evacuation Pause)
[2026-01-16T08:20:18.177+0000][gc,task     ] GC(96) Using 8 workers of 8 for evacuation
[2026-01-16T08:20:19.291+0000][gc,mmu      ] GC(96) MMU target violated: 201.0ms (200.0ms/201.0ms)
[2026-01-16T08:20:19.303+0000][gc,phases   ] GC(96)   Pre Evacuate Collection Set: 158.4ms
[2026-01-16T08:20:19.303+0000][gc,phases   ] GC(96)   Merge Heap Roots: 26.2ms
[2026-01-16T08:20:19.303+0000][gc,phases   ] GC(96)   Evacuate Collection Set: 817.7ms
[2026-01-16T08:20:19.303+0000][gc,phases   ] GC(96)   Post Evacuate Collection Set: 102.3ms
[2026-01-16T08:20:19.304+0000][gc,phases   ] GC(96)   Other: 20.7ms
[2026-01-16T08:20:19.304+0000][gc,heap     ] GC(96) Eden regions: 46->0(46)
[2026-01-16T08:20:19.304+0000][gc,heap     ] GC(96) Survivor regions: 5->5(7)
[2026-01-16T08:20:19.304+0000][gc,heap     ] GC(96) Old regions: 44->45
[2026-01-16T08:20:19.305+0000][gc,heap     ] GC(96) Humongous regions: 141->141
[2026-01-16T08:20:19.305+0000][gc,metaspace] GC(96) Metaspace: 13471K(13824K)->13471K(13824K) NonClass: 11925K(12096K)->11925K(12096K) Class: 1546K(1728K)->1546K(1728K)
[2026-01-16T08:20:19.306+0000][gc          ] GC(96) Pause Young (Normal) (G1 Evacuation Pause) 234M->189M(1024M) 1151.214ms
[2026-01-16T08:20:19.307+0000][gc,cpu      ] GC(96) User=0.49s Sys=0.05s Real=1.16s
[2026-01-16T08:20:23.511+0000][gc,start    ] GC(97) Pause Young (Normal) (G1 Evacuation Pause)
[2026-01-16T08:20:23.515+0000][gc,task     ] GC(97) Using 8 workers of 8 for evacuation
[2026-01-16T08:20:24.827+0000][gc,mmu      ] GC(97) MMU target violated: 201.0ms (200.0ms/201.0ms)
[2026-01-16T08:20:24.835+0000][gc,phases   ] GC(97)   Pre Evacuate Collection Set: 91.2ms
[2026-01-16T08:20:24.836+0000][gc,phases   ] GC(97)   Merge Heap Roots: 17.1ms
[2026-01-16T08:20:24.843+0000][gc,phases   ] GC(97)   Evacuate Collection Set: 1161.1ms
[2026-01-16T08:20:24.843+0000][gc,phases   ] GC(97)   Post Evacuate Collection Set: 34.5ms
[2026-01-16T08:20:24.849+0000][gc,phases   ] GC(97)   Other: 17.0ms
[2026-01-16T08:20:24.851+0000][gc,heap     ] GC(97) Eden regions: 46->0(47)
[2026-01-16T08:20:24.854+0000][gc,heap     ] GC(97) Survivor regions: 5->4(7)
[2026-01-16T08:20:24.858+0000][gc,heap     ] GC(97) Old regions: 45->46
[2026-01-16T08:20:24.860+0000][gc,heap     ] GC(97) Humongous regions: 141->141
[2026-01-16T08:20:24.861+0000][gc,metaspace] GC(97) Metaspace: 13471K(13824K)->13471K(13824K) NonClass: 11925K(12096K)->11925K(12096K) Class: 1546K(1728K)->1546K(1728K)
[2026-01-16T08:20:24.863+0000][gc          ] GC(97) Pause Young (Normal) (G1 Evacuation Pause) 235M->190M(1024M) 1352.023ms
[2026-01-16T08:20:24.898+0000][gc,cpu      ] GC(97) User=0.52s Sys=0.07s Real=1.39s
[2026-01-16T08:20:27.872+0000][gc,start    ] GC(98) Pause Young (Normal) (G1 Evacuation Pause)
[2026-01-16T08:20:27.881+0000][gc,task     ] GC(98) Using 8 workers of 8 for evacuation
[2026-01-16T08:20:28.851+0000][gc,mmu      ] GC(98) MMU target violated: 201.0ms (200.0ms/201.0ms)
[2026-01-16T08:20:28.857+0000][gc,phases   ] GC(98)   Pre Evacuate Collection Set: 122.2ms
[2026-01-16T08:20:28.862+0000][gc,phases   ] GC(98)   Merge Heap Roots: 9.1ms
[2026-01-16T08:20:28.864+0000][gc,phases   ] GC(98)   Evacuate Collection Set: 796.6ms
[2026-01-16T08:20:28.865+0000][gc,phases   ] GC(98)   Post Evacuate Collection Set: 41.6ms
[2026-01-16T08:20:28.865+0000][gc,phases   ] GC(98)   Other: 5.9ms
[2026-01-16T08:20:28.865+0000][gc,heap     ] GC(98) Eden regions: 47->0(46)
[2026-01-16T08:20:28.865+0000][gc,heap     ] GC(98) Survivor regions: 4->5(7)
[2026-01-16T08:20:28.866+0000][gc,heap     ] GC(98) Old regions: 46->46
[2026-01-16T08:20:28.866+0000][gc,heap     ] GC(98) Humongous regions: 141->141
[2026-01-16T08:20:28.866+0000][gc,metaspace] GC(98) Metaspace: 13471K(13824K)->13471K(13824K) NonClass: 11925K(12096K)->11925K(12096K) Class: 1546K(1728K)->1546K(1728K)
[2026-01-16T08:20:28.868+0000][gc          ] GC(98) Pause Young (Normal) (G1 Evacuation Pause) 237M->191M(1024M) 995.505ms
[2026-01-16T08:20:28.869+0000][gc,cpu      ] GC(98) User=0.49s Sys=0.05s Real=1.00s
[2026-01-16T08:20:32.728+0000][gc,start    ] GC(99) Pause Young (Normal) (G1 Evacuation Pause)
[2026-01-16T08:20:32.741+0000][gc,task     ] GC(99) Using 8 workers of 8 for evacuation
[2026-01-16T08:20:33.555+0000][gc,mmu      ] GC(99) MMU target violated: 201.0ms (200.0ms/201.0ms)
[2026-01-16T08:20:33.556+0000][gc,phases   ] GC(99)   Pre Evacuate Collection Set: 39.0ms
[2026-01-16T08:20:33.556+0000][gc,phases   ] GC(99)   Merge Heap Roots: 8.7ms
[2026-01-16T08:20:33.557+0000][gc,phases   ] GC(99)   Evacuate Collection Set: 743.3ms
[2026-01-16T08:20:33.559+0000][gc,phases   ] GC(99)   Post Evacuate Collection Set: 21.1ms
[2026-01-16T08:20:33.561+0000][gc,phases   ] GC(99)   Other: 2.6ms
[2026-01-16T08:20:33.564+0000][gc,heap     ] GC(99) Eden regions: 46->0(46)
[2026-01-16T08:20:33.564+0000][gc,heap     ] GC(99) Survivor regions: 5->5(7)
[2026-01-16T08:20:33.564+0000][gc,heap     ] GC(99) Old regions: 46->47
[2026-01-16T08:20:33.564+0000][gc,heap     ] GC(99) Humongous regions: 143->143
[2026-01-16T08:20:33.564+0000][gc,metaspace] GC(99) Metaspace: 13484K(13824K)->13484K(13824K) NonClass: 11937K(12096K)->11937K(12096K) Class: 1547K(1728K)->1547K(1728K)
[2026-01-16T08:20:33.566+0000][gc          ] GC(99) Pause Young (Normal) (G1 Evacuation Pause) 239M->194M(1024M) 838.083ms
[2026-01-16T08:20:33.568+0000][gc,cpu      ] GC(99) User=0.41s Sys=0.06s Real=0.86s
[2026-01-16T08:20:38.524+0000][gc,start    ] GC(100) Pause Young (Normal) (G1 Evacuation Pause)
[2026-01-16T08:20:38.535+0000][gc,task     ] GC(100) Using 8 workers of 8 for evacuation
[2026-01-16T08:20:39.381+0000][gc,mmu      ] GC(100) MMU target violated: 201.0ms (200.0ms/201.0ms)
[2026-01-16T08:20:39.381+0000][gc,phases   ] GC(100)   Pre Evacuate Collection Set: 49.0ms
[2026-01-16T08:20:39.382+0000][gc,phases   ] GC(100)   Merge Heap Roots: 4.6ms
[2026-01-16T08:20:39.383+0000][gc,phases   ] GC(100)   Evacuate Collection Set: 760.9ms
[2026-01-16T08:20:39.383+0000][gc,phases   ] GC(100)   Post Evacuate Collection Set: 29.9ms
[2026-01-16T08:20:39.384+0000][gc,phases   ] GC(100)   Other: 1.9ms
[2026-01-16T08:20:39.385+0000][gc,heap     ] GC(100) Eden regions: 46->0(46)
[2026-01-16T08:20:39.386+0000][gc,heap     ] GC(100) Survivor regions: 5->5(7)
[2026-01-16T08:20:39.387+0000][gc,heap     ] GC(100) Old regions: 47->48
[2026-01-16T08:20:39.387+0000][gc,heap     ] GC(100) Humongous regions: 145->145
[2026-01-16T08:20:39.389+0000][gc,metaspace] GC(100) Metaspace: 13486K(13824K)->13486K(13824K) NonClass: 11938K(12096K)->11938K(12096K) Class: 1547K(1728K)->1547K(1728K)
[2026-01-16T08:20:39.390+0000][gc          ] GC(100) Pause Young (Normal) (G1 Evacuation Pause) 242M->196M(1024M) 866.345ms
[2026-01-16T08:20:39.394+0000][gc,cpu      ] GC(100) User=0.43s Sys=0.06s Real=0.88s
[2026-01-16T08:20:44.261+0000][gc,start    ] GC(101) Pause Young (Normal) (G1 Evacuation Pause)
[2026-01-16T08:20:44.264+0000][gc,task     ] GC(101) Using 8 workers of 8 for evacuation
[2026-01-16T08:20:45.608+0000][gc,mmu      ] GC(101) MMU target violated: 201.0ms (200.0ms/201.0ms)
[2026-01-16T08:20:45.663+0000][gc,phases   ] GC(101)   Pre Evacuate Collection Set: 36.4ms
[2026-01-16T08:20:45.671+0000][gc,phases   ] GC(101)   Merge Heap Roots: 7.0ms
[2026-01-16T08:20:45.671+0000][gc,phases   ] GC(101)   Evacuate Collection Set: 1267.7ms
[2026-01-16T08:20:45.671+0000][gc,phases   ] GC(101)   Post Evacuate Collection Set: 31.5ms
[2026-01-16T08:20:45.677+0000][gc,phases   ] GC(101)   Other: 56.2ms
[2026-01-16T08:20:45.683+0000][gc,heap     ] GC(101) Eden regions: 46->0(47)
[2026-01-16T08:20:45.684+0000][gc,heap     ] GC(101) Survivor regions: 5->4(7)
[2026-01-16T08:20:45.685+0000][gc,heap     ] GC(101) Old regions: 48->49
[2026-01-16T08:20:45.686+0000][gc,heap     ] GC(101) Humongous regions: 145->145
[2026-01-16T08:20:45.687+0000][gc,metaspace] GC(101) Metaspace: 13489K(13824K)->13489K(13824K) NonClass: 11941K(12096K)->11941K(12096K) Class: 1547K(1728K)->1547K(1728K)
[2026-01-16T08:20:45.706+0000][gc          ] GC(101) Pause Young (Normal) (G1 Evacuation Pause) 242M->197M(1024M) 1444.661ms
[2026-01-16T08:20:45.710+0000][gc,cpu      ] GC(101) User=0.52s Sys=0.06s Real=1.45s
[2026-01-16T08:20:53.607+0000][gc,start    ] GC(102) Pause Young (Normal) (G1 Evacuation Pause)
[2026-01-16T08:20:53.653+0000][gc,task     ] GC(102) Using 8 workers of 8 for evacuation
[2026-01-16T08:20:54.971+0000][gc,mmu      ] GC(102) MMU target violated: 201.0ms (200.0ms/201.0ms)
[2026-01-16T08:20:54.973+0000][gc,phases   ] GC(102)   Pre Evacuate Collection Set: 35.4ms
[2026-01-16T08:20:54.973+0000][gc,phases   ] GC(102)   Merge Heap Roots: 18.5ms
[2026-01-16T08:20:54.978+0000][gc,phases   ] GC(102)   Evacuate Collection Set: 1238.7ms
[2026-01-16T08:20:54.978+0000][gc,phases   ] GC(102)   Post Evacuate Collection Set: 22.5ms
[2026-01-16T08:20:54.980+0000][gc,phases   ] GC(102)   Other: 38.9ms
[2026-01-16T08:20:54.985+0000][gc,heap     ] GC(102) Eden regions: 47->0(47)
[2026-01-16T08:20:54.985+0000][gc,heap     ] GC(102) Survivor regions: 4->4(7)
[2026-01-16T08:20:54.985+0000][gc,heap     ] GC(102) Old regions: 49->50
[2026-01-16T08:20:54.985+0000][gc,heap     ] GC(102) Humongous regions: 147->147
[2026-01-16T08:20:54.987+0000][gc,metaspace] GC(102) Metaspace: 13489K(13824K)->13489K(13824K) NonClass: 11942K(12096K)->11942K(12096K) Class: 1547K(1728K)->1547K(1728K)
[2026-01-16T08:20:54.991+0000][gc          ] GC(102) Pause Young (Normal) (G1 Evacuation Pause) 246M->200M(1024M) 1384.722ms
[2026-01-16T08:20:55.000+0000][gc,cpu      ] GC(102) User=0.60s Sys=0.09s Real=1.40s
[2026-01-16T08:20:58.151+0000][gc,start    ] GC(103) Pause Young (Normal) (G1 Evacuation Pause)
[2026-01-16T08:20:58.157+0000][gc,task     ] GC(103) Using 8 workers of 8 for evacuation
[2026-01-16T08:20:59.713+0000][gc,mmu      ] GC(103) MMU target violated: 201.0ms (200.0ms/201.0ms)
[2026-01-16T08:20:59.715+0000][gc,phases   ] GC(103)   Pre Evacuate Collection Set: 125.2ms
[2026-01-16T08:20:59.717+0000][gc,phases   ] GC(103)   Merge Heap Roots: 5.3ms
[2026-01-16T08:20:59.720+0000][gc,phases   ] GC(103)   Evacuate Collection Set: 1385.6ms
[2026-01-16T08:20:59.720+0000][gc,phases   ] GC(103)   Post Evacuate Collection Set: 39.2ms
[2026-01-16T08:20:59.730+0000][gc,phases   ] GC(103)   Other: 2.8ms
[2026-01-16T08:20:59.734+0000][gc,heap     ] GC(103) Eden regions: 47->0(46)
[2026-01-16T08:20:59.735+0000][gc,heap     ] GC(103) Survivor regions: 4->5(7)
[2026-01-16T08:20:59.736+0000][gc,heap     ] GC(103) Old regions: 50->51
[2026-01-16T08:20:59.737+0000][gc,heap     ] GC(103) Humongous regions: 147->147
[2026-01-16T08:20:59.737+0000][gc,metaspace] GC(103) Metaspace: 13491K(13824K)->13491K(13824K) NonClass: 11943K(12096K)->11943K(12096K) Class: 1547K(1728K)->1547K(1728K)
[2026-01-16T08:20:59.738+0000][gc          ] GC(103) Pause Young (Normal) (G1 Evacuation Pause) 247M->201M(1024M) 1587.667ms
[2026-01-16T08:20:59.742+0000][gc,cpu      ] GC(103) User=0.67s Sys=0.08s Real=1.59s
[2026-01-16T08:21:08.002+0000][gc,start    ] GC(104) Pause Young (Normal) (G1 Evacuation Pause)
[2026-01-16T08:21:08.016+0000][gc,task     ] GC(104) Using 8 workers of 8 for evacuation
[2026-01-16T08:21:08.774+0000][gc,mmu      ] GC(104) MMU target violated: 201.0ms (200.0ms/201.0ms)
[2026-01-16T08:21:08.775+0000][gc,phases   ] GC(104)   Pre Evacuate Collection Set: 57.6ms
[2026-01-16T08:21:08.777+0000][gc,phases   ] GC(104)   Merge Heap Roots: 2.6ms
[2026-01-16T08:21:08.780+0000][gc,phases   ] GC(104)   Evacuate Collection Set: 683.3ms
[2026-01-16T08:21:08.781+0000][gc,phases   ] GC(104)   Post Evacuate Collection Set: 12.2ms
[2026-01-16T08:21:08.781+0000][gc,phases   ] GC(104)   Other: 5.9ms
[2026-01-16T08:21:08.782+0000][gc,heap     ] GC(104) Eden regions: 46->0(46)
[2026-01-16T08:21:08.786+0000][gc,heap     ] GC(104) Survivor regions: 5->5(7)
[2026-01-16T08:21:08.786+0000][gc,heap     ] GC(104) Old regions: 51->51
[2026-01-16T08:21:08.786+0000][gc,heap     ] GC(104) Humongous regions: 149->149
[2026-01-16T08:21:08.787+0000][gc,metaspace] GC(104) Metaspace: 13493K(13824K)->13493K(13824K) NonClass: 11945K(12096K)->11945K(12096K) Class: 1547K(1728K)->1547K(1728K)
[2026-01-16T08:21:08.788+0000][gc          ] GC(104) Pause Young (Normal) (G1 Evacuation Pause) 249M->203M(1024M) 785.282ms
[2026-01-16T08:21:08.788+0000][gc,cpu      ] GC(104) User=0.43s Sys=0.05s Real=0.79s
[2026-01-16T08:21:11.280+0000][gc,start    ] GC(105) Pause Young (Normal) (G1 Evacuation Pause)
[2026-01-16T08:21:11.285+0000][gc,task     ] GC(105) Using 8 workers of 8 for evacuation
[2026-01-16T08:21:13.897+0000][gc,mmu      ] GC(105) MMU target violated: 201.0ms (200.0ms/201.0ms)
[2026-01-16T08:21:13.900+0000][gc,phases   ] GC(105)   Pre Evacuate Collection Set: 128.8ms
[2026-01-16T08:21:13.904+0000][gc,phases   ] GC(105)   Merge Heap Roots: 38.4ms
[2026-01-16T08:21:13.905+0000][gc,phases   ] GC(105)   Evacuate Collection Set: 2347.9ms
[2026-01-16T08:21:13.905+0000][gc,phases   ] GC(105)   Post Evacuate Collection Set: 94.5ms
[2026-01-16T08:21:13.924+0000][gc,phases   ] GC(105)   Other: 5.8ms
[2026-01-16T08:21:13.925+0000][gc,heap     ] GC(105) Eden regions: 46->0(47)
[2026-01-16T08:21:13.925+0000][gc,heap     ] GC(105) Survivor regions: 5->4(7)
[2026-01-16T08:21:13.925+0000][gc,heap     ] GC(105) Old regions: 51->52
[2026-01-16T08:21:13.925+0000][gc,heap     ] GC(105) Humongous regions: 149->149
[2026-01-16T08:21:13.926+0000][gc,metaspace] GC(105) Metaspace: 13493K(13824K)->13493K(13824K) NonClass: 11945K(12096K)->11945K(12096K) Class: 1547K(1728K)->1547K(1728K)
[2026-01-16T08:21:13.926+0000][gc          ] GC(105) Pause Young (Normal) (G1 Evacuation Pause) 249M->204M(1024M) 2646.821ms
[2026-01-16T08:21:13.927+0000][gc,cpu      ] GC(105) User=0.99s Sys=0.13s Real=2.65s
[2026-01-16T08:21:19.547+0000][gc,start    ] GC(106) Pause Young (Normal) (G1 Evacuation Pause)
[2026-01-16T08:21:19.573+0000][gc,task     ] GC(106) Using 8 workers of 8 for evacuation
[2026-01-16T08:21:21.145+0000][gc,mmu      ] GC(106) MMU target violated: 201.0ms (200.0ms/201.0ms)
[2026-01-16T08:21:21.155+0000][gc,phases   ] GC(106)   Pre Evacuate Collection Set: 87.8ms
[2026-01-16T08:21:21.156+0000][gc,phases   ] GC(106)   Merge Heap Roots: 11.8ms
[2026-01-16T08:21:21.159+0000][gc,phases   ] GC(106)   Evacuate Collection Set: 1392.2ms
[2026-01-16T08:21:21.161+0000][gc,phases   ] GC(106)   Post Evacuate Collection Set: 74.8ms
[2026-01-16T08:21:21.163+0000][gc,phases   ] GC(106)   Other: 15.8ms
[2026-01-16T08:21:21.166+0000][gc,heap     ] GC(106) Eden regions: 47->0(47)
[2026-01-16T08:21:21.169+0000][gc,heap     ] GC(106) Survivor regions: 4->4(7)
[2026-01-16T08:21:21.171+0000][gc,heap     ] GC(106) Old regions: 52->53
[2026-01-16T08:21:21.172+0000][gc,heap     ] GC(106) Humongous regions: 149->149
[2026-01-16T08:21:21.172+0000][gc,metaspace] GC(106) Metaspace: 13493K(13824K)->13493K(13824K) NonClass: 11945K(12096K)->11945K(12096K) Class: 1547K(1728K)->1547K(1728K)
[2026-01-16T08:21:21.173+0000][gc          ] GC(106) Pause Young (Normal) (G1 Evacuation Pause) 251M->205M(1024M) 1626.243ms
[2026-01-16T08:21:21.175+0000][gc,cpu      ] GC(106) User=0.47s Sys=0.09s Real=1.63s
[2026-01-16T08:21:24.978+0000][gc,start    ] GC(107) Pause Young (Normal) (G1 Evacuation Pause)
[2026-01-16T08:21:24.988+0000][gc,task     ] GC(107) Using 8 workers of 8 for evacuation
[2026-01-16T08:21:26.556+0000][gc,mmu      ] GC(107) MMU target violated: 201.0ms (200.0ms/201.0ms)
[2026-01-16T08:21:26.565+0000][gc,phases   ] GC(107)   Pre Evacuate Collection Set: 121.2ms
[2026-01-16T08:21:26.566+0000][gc,phases   ] GC(107)   Merge Heap Roots: 18.3ms
[2026-01-16T08:21:26.567+0000][gc,phases   ] GC(107)   Evacuate Collection Set: 1315.7ms
[2026-01-16T08:21:26.567+0000][gc,phases   ] GC(107)   Post Evacuate Collection Set: 103.8ms
[2026-01-16T08:21:26.568+0000][gc,phases   ] GC(107)   Other: 27.6ms
[2026-01-16T08:21:26.568+0000][gc,heap     ] GC(107) Eden regions: 47->0(47)
[2026-01-16T08:21:26.568+0000][gc,heap     ] GC(107) Survivor regions: 4->4(7)
[2026-01-16T08:21:26.568+0000][gc,heap     ] GC(107) Old regions: 53->54
[2026-01-16T08:21:26.569+0000][gc,heap     ] GC(107) Humongous regions: 149->149
[2026-01-16T08:21:26.569+0000][gc,metaspace] GC(107) Metaspace: 13503K(13824K)->13503K(13824K) NonClass: 11955K(12096K)->11955K(12096K) Class: 1548K(1728K)->1548K(1728K)
[2026-01-16T08:21:26.570+0000][gc          ] GC(107) Pause Young (Normal) (G1 Evacuation Pause) 252M->206M(1024M) 1592.309ms
[2026-01-16T08:21:26.572+0000][gc,cpu      ] GC(107) User=0.53s Sys=0.06s Real=1.59s
[2026-01-16T08:21:30.077+0000][gc,start    ] GC(108) Pause Young (Normal) (G1 Evacuation Pause)
[2026-01-16T08:21:30.093+0000][gc,task     ] GC(108) Using 8 workers of 8 for evacuation
[2026-01-16T08:21:30.867+0000][gc,mmu      ] GC(108) MMU target violated: 201.0ms (200.0ms/201.0ms)
[2026-01-16T08:21:30.892+0000][gc,phases   ] GC(108)   Pre Evacuate Collection Set: 77.2ms
[2026-01-16T08:21:30.893+0000][gc,phases   ] GC(108)   Merge Heap Roots: 7.3ms
[2026-01-16T08:21:30.893+0000][gc,phases   ] GC(108)   Evacuate Collection Set: 650.1ms
[2026-01-16T08:21:30.893+0000][gc,phases   ] GC(108)   Post Evacuate Collection Set: 39.2ms
[2026-01-16T08:21:30.893+0000][gc,phases   ] GC(108)   Other: 39.0ms
[2026-01-16T08:21:30.893+0000][gc,heap     ] GC(108) Eden regions: 47->0(46)
[2026-01-16T08:21:30.893+0000][gc,heap     ] GC(108) Survivor regions: 4->5(7)
[2026-01-16T08:21:30.893+0000][gc,heap     ] GC(108) Old regions: 54->54
[2026-01-16T08:21:30.893+0000][gc,heap     ] GC(108) Humongous regions: 149->149
[2026-01-16T08:21:30.893+0000][gc,metaspace] GC(108) Metaspace: 13506K(13824K)->13506K(13824K) NonClass: 11958K(12096K)->11958K(12096K) Class: 1548K(1728K)->1548K(1728K)
[2026-01-16T08:21:30.893+0000][gc          ] GC(108) Pause Young (Normal) (G1 Evacuation Pause) 253M->206M(1024M) 829.333ms
[2026-01-16T08:21:30.893+0000][gc,cpu      ] GC(108) User=0.40s Sys=0.04s Real=0.83s
[2026-01-16T08:21:35.103+0000][gc,start    ] GC(109) Pause Young (Normal) (G1 Evacuation Pause)
[2026-01-16T08:21:35.108+0000][gc,task     ] GC(109) Using 8 workers of 8 for evacuation
[2026-01-16T08:21:36.132+0000][gc,mmu      ] GC(109) MMU target violated: 201.0ms (200.0ms/201.0ms)
[2026-01-16T08:21:36.133+0000][gc,phases   ] GC(109)   Pre Evacuate Collection Set: 48.2ms
[2026-01-16T08:21:36.139+0000][gc,phases   ] GC(109)   Merge Heap Roots: 6.6ms
[2026-01-16T08:21:36.141+0000][gc,phases   ] GC(109)   Evacuate Collection Set: 890.9ms
[2026-01-16T08:21:36.143+0000][gc,phases   ] GC(109)   Post Evacuate Collection Set: 75.8ms
[2026-01-16T08:21:36.147+0000][gc,phases   ] GC(109)   Other: 3.7ms
[2026-01-16T08:21:36.150+0000][gc,heap     ] GC(109) Eden regions: 46->0(46)
[2026-01-16T08:21:36.157+0000][gc,heap     ] GC(109) Survivor regions: 5->5(7)
[2026-01-16T08:21:36.157+0000][gc,heap     ] GC(109) Old regions: 54->55
[2026-01-16T08:21:36.159+0000][gc,heap     ] GC(109) Humongous regions: 149->149
[2026-01-16T08:21:36.159+0000][gc,metaspace] GC(109) Metaspace: 13506K(13824K)->13506K(13824K) NonClass: 11958K(12096K)->11958K(12096K) Class: 1548K(1728K)->1548K(1728K)
[2026-01-16T08:21:36.160+0000][gc          ] GC(109) Pause Young (Normal) (G1 Evacuation Pause) 252M->207M(1024M) 1056.977ms
[2026-01-16T08:21:36.160+0000][gc,cpu      ] GC(109) User=0.44s Sys=0.07s Real=1.05s
[2026-01-16T08:21:40.996+0000][gc,start    ] GC(110) Pause Young (Normal) (G1 Evacuation Pause)
[2026-01-16T08:21:41.016+0000][gc,task     ] GC(110) Using 8 workers of 8 for evacuation
[2026-01-16T08:21:42.453+0000][gc,mmu      ] GC(110) MMU target violated: 201.0ms (200.0ms/201.0ms)
[2026-01-16T08:21:42.471+0000][gc,phases   ] GC(110)   Pre Evacuate Collection Set: 89.9ms
[2026-01-16T08:21:42.471+0000][gc,phases   ] GC(110)   Merge Heap Roots: 43.0ms
[2026-01-16T08:21:42.471+0000][gc,phases   ] GC(110)   Evacuate Collection Set: 1228.9ms
[2026-01-16T08:21:42.471+0000][gc,phases   ] GC(110)   Post Evacuate Collection Set: 69.6ms
[2026-01-16T08:21:42.472+0000][gc,phases   ] GC(110)   Other: 33.1ms
[2026-01-16T08:21:42.472+0000][gc,heap     ] GC(110) Eden regions: 46->0(47)
[2026-01-16T08:21:42.472+0000][gc,heap     ] GC(110) Survivor regions: 5->4(7)
[2026-01-16T08:21:42.472+0000][gc,heap     ] GC(110) Old regions: 55->56
[2026-01-16T08:21:42.473+0000][gc,heap     ] GC(110) Humongous regions: 149->149
[2026-01-16T08:21:42.473+0000][gc,metaspace] GC(110) Metaspace: 13507K(13824K)->13507K(13824K) NonClass: 11959K(12096K)->11959K(12096K) Class: 1548K(1728K)->1548K(1728K)
[2026-01-16T08:21:42.474+0000][gc          ] GC(110) Pause Young (Normal) (G1 Evacuation Pause) 253M->208M(1024M) 1478.382ms
[2026-01-16T08:21:42.475+0000][gc,cpu      ] GC(110) User=0.60s Sys=0.12s Real=1.48s
[2026-01-16T08:21:47.674+0000][gc,start    ] GC(111) Pause Young (Normal) (G1 Evacuation Pause)
[2026-01-16T08:21:47.675+0000][gc,task     ] GC(111) Using 8 workers of 8 for evacuation
[2026-01-16T08:21:49.950+0000][gc,mmu      ] GC(111) MMU target violated: 201.0ms (200.0ms/201.0ms)
[2026-01-16T08:21:49.967+0000][gc,phases   ] GC(111)   Pre Evacuate Collection Set: 104.9ms
[2026-01-16T08:21:49.968+0000][gc,phases   ] GC(111)   Merge Heap Roots: 13.0ms
[2026-01-16T08:21:49.968+0000][gc,phases   ] GC(111)   Evacuate Collection Set: 2100.5ms
[2026-01-16T08:21:49.968+0000][gc,phases   ] GC(111)   Post Evacuate Collection Set: 47.6ms
[2026-01-16T08:21:49.969+0000][gc,phases   ] GC(111)   Other: 26.5ms
[2026-01-16T08:21:49.975+0000][gc,heap     ] GC(111) Eden regions: 47->0(46)
[2026-01-16T08:21:49.979+0000][gc,heap     ] GC(111) Survivor regions: 4->5(7)
[2026-01-16T08:21:49.987+0000][gc,heap     ] GC(111) Old regions: 56->56
[2026-01-16T08:21:49.990+0000][gc,heap     ] GC(111) Humongous regions: 149->149
[2026-01-16T08:21:50.008+0000][gc,metaspace] GC(111) Metaspace: 13511K(13824K)->13511K(13824K) NonClass: 11963K(12096K)->11963K(12096K) Class: 1548K(1728K)->1548K(1728K)
[2026-01-16T08:21:50.012+0000][gc          ] GC(111) Pause Young (Normal) (G1 Evacuation Pause) 255M->208M(1024M) 2338.211ms
[2026-01-16T08:21:50.013+0000][gc,cpu      ] GC(111) User=0.94s Sys=0.14s Real=2.34s
[2026-01-16T08:21:53.373+0000][gc,start    ] GC(112) Pause Young (Normal) (G1 Evacuation Pause)
[2026-01-16T08:21:53.413+0000][gc,task     ] GC(112) Using 8 workers of 8 for evacuation
[2026-01-16T08:21:54.144+0000][gc,mmu      ] GC(112) MMU target violated: 201.0ms (200.0ms/201.0ms)
[2026-01-16T08:21:54.145+0000][gc,phases   ] GC(112)   Pre Evacuate Collection Set: 197.1ms
[2026-01-16T08:21:54.146+0000][gc,phases   ] GC(112)   Merge Heap Roots: 7.9ms
[2026-01-16T08:21:54.147+0000][gc,phases   ] GC(112)   Evacuate Collection Set: 437.0ms
[2026-01-16T08:21:54.156+0000][gc,phases   ] GC(112)   Post Evacuate Collection Set: 52.4ms
[2026-01-16T08:21:54.162+0000][gc,phases   ] GC(112)   Other: 37.6ms
[2026-01-16T08:21:54.165+0000][gc,heap     ] GC(112) Eden regions: 46->0(45)
[2026-01-16T08:21:54.167+0000][gc,heap     ] GC(112) Survivor regions: 5->6(7)
[2026-01-16T08:21:54.169+0000][gc,heap     ] GC(112) Old regions: 56->57
[2026-01-16T08:21:54.170+0000][gc,heap     ] GC(112) Humongous regions: 149->149
[2026-01-16T08:21:54.173+0000][gc,metaspace] GC(112) Metaspace: 13512K(13824K)->13512K(13824K) NonClass: 11964K(12096K)->11964K(12096K) Class: 1548K(1728K)->1548K(1728K)
[2026-01-16T08:21:54.178+0000][gc          ] GC(112) Pause Young (Normal) (G1 Evacuation Pause) 254M->210M(1024M) 805.225ms
[2026-01-16T08:21:54.182+0000][gc,cpu      ] GC(112) User=0.45s Sys=0.07s Real=0.81s
[2026-01-16T08:21:56.320+0000][gc,start    ] GC(113) Pause Young (Normal) (G1 Evacuation Pause)
[2026-01-16T08:21:56.339+0000][gc,task     ] GC(113) Using 8 workers of 8 for evacuation
[2026-01-16T08:21:56.946+0000][gc,mmu      ] GC(113) MMU target violated: 201.0ms (200.0ms/201.0ms)
[2026-01-16T08:21:56.947+0000][gc,phases   ] GC(113)   Pre Evacuate Collection Set: 68.1ms
[2026-01-16T08:21:56.947+0000][gc,phases   ] GC(113)   Merge Heap Roots: 3.2ms
[2026-01-16T08:21:56.948+0000][gc,phases   ] GC(113)   Evacuate Collection Set: 493.2ms
[2026-01-16T08:21:56.953+0000][gc,phases   ] GC(113)   Post Evacuate Collection Set: 31.4ms
[2026-01-16T08:21:56.958+0000][gc,phases   ] GC(113)   Other: 28.3ms
[2026-01-16T08:21:56.959+0000][gc,heap     ] GC(113) Eden regions: 45->0(47)
[2026-01-16T08:21:56.960+0000][gc,heap     ] GC(113) Survivor regions: 6->4(7)
[2026-01-16T08:21:56.960+0000][gc,heap     ] GC(113) Old regions: 57->58
[2026-01-16T08:21:56.960+0000][gc,heap     ] GC(113) Humongous regions: 149->149
[2026-01-16T08:21:56.961+0000][gc,metaspace] GC(113) Metaspace: 13513K(13888K)->13513K(13888K) NonClass: 11965K(12160K)->11965K(12160K) Class: 1548K(1728K)->1548K(1728K)
[2026-01-16T08:21:56.961+0000][gc          ] GC(113) Pause Young (Normal) (G1 Evacuation Pause) 255M->210M(1024M) 640.860ms
[2026-01-16T08:21:56.961+0000][gc,cpu      ] GC(113) User=0.37s Sys=0.07s Real=0.65s
[2026-01-16T08:21:59.265+0000][gc,start    ] GC(114) Pause Young (Normal) (G1 Evacuation Pause)
[2026-01-16T08:21:59.270+0000][gc,task     ] GC(114) Using 8 workers of 8 for evacuation
[2026-01-16T08:21:59.998+0000][gc,mmu      ] GC(114) MMU target violated: 201.0ms (200.0ms/201.0ms)
[2026-01-16T08:22:00.053+0000][gc,phases   ] GC(114)   Pre Evacuate Collection Set: 106.4ms
[2026-01-16T08:22:00.056+0000][gc,phases   ] GC(114)   Merge Heap Roots: 10.4ms
[2026-01-16T08:22:00.060+0000][gc,phases   ] GC(114)   Evacuate Collection Set: 598.4ms
[2026-01-16T08:22:00.060+0000][gc,phases   ] GC(114)   Post Evacuate Collection Set: 12.9ms
[2026-01-16T08:22:00.060+0000][gc,phases   ] GC(114)   Other: 55.5ms
[2026-01-16T08:22:00.061+0000][gc,heap     ] GC(114) Eden regions: 47->0(46)
[2026-01-16T08:22:00.061+0000][gc,heap     ] GC(114) Survivor regions: 4->5(7)
[2026-01-16T08:22:00.062+0000][gc,heap     ] GC(114) Old regions: 58->58
[2026-01-16T08:22:00.062+0000][gc,heap     ] GC(114) Humongous regions: 149->149
[2026-01-16T08:22:00.062+0000][gc,metaspace] GC(114) Metaspace: 13517K(13888K)->13517K(13888K) NonClass: 11969K(12160K)->11969K(12160K) Class: 1548K(1728K)->1548K(1728K)
[2026-01-16T08:22:00.063+0000][gc          ] GC(114) Pause Young (Normal) (G1 Evacuation Pause) 257M->211M(1024M) 798.159ms
[2026-01-16T08:22:00.063+0000][gc,cpu      ] GC(114) User=0.38s Sys=0.06s Real=0.80s
[2026-01-16T08:22:03.702+0000][gc,start    ] GC(115) Pause Young (Normal) (G1 Evacuation Pause)
[2026-01-16T08:22:03.727+0000][gc,task     ] GC(115) Using 8 workers of 8 for evacuation
[2026-01-16T08:22:05.143+0000][gc,mmu      ] GC(115) MMU target violated: 201.0ms (200.0ms/201.0ms)
[2026-01-16T08:22:05.146+0000][gc,phases   ] GC(115)   Pre Evacuate Collection Set: 70.8ms
[2026-01-16T08:22:05.150+0000][gc,phases   ] GC(115)   Merge Heap Roots: 14.2ms
[2026-01-16T08:22:05.153+0000][gc,phases   ] GC(115)   Evacuate Collection Set: 1242.4ms
[2026-01-16T08:22:05.158+0000][gc,phases   ] GC(115)   Post Evacuate Collection Set: 53.5ms
[2026-01-16T08:22:05.158+0000][gc,phases   ] GC(115)   Other: 39.8ms
[2026-01-16T08:22:05.159+0000][gc,heap     ] GC(115) Eden regions: 46->0(46)
[2026-01-16T08:22:05.159+0000][gc,heap     ] GC(115) Survivor regions: 5->5(7)
[2026-01-16T08:22:05.159+0000][gc,heap     ] GC(115) Old regions: 58->59
[2026-01-16T08:22:05.159+0000][gc,heap     ] GC(115) Humongous regions: 149->149
[2026-01-16T08:22:05.159+0000][gc,metaspace] GC(115) Metaspace: 13521K(13888K)->13521K(13888K) NonClass: 11973K(12160K)->11973K(12160K) Class: 1548K(1728K)->1548K(1728K)
[2026-01-16T08:22:05.159+0000][gc          ] GC(115) Pause Young (Normal) (G1 Evacuation Pause) 257M->212M(1024M) 1471.872ms
[2026-01-16T08:22:05.159+0000][gc,cpu      ] GC(115) User=0.57s Sys=0.06s Real=1.47s
[2026-01-16T08:22:08.182+0000][gc,start    ] GC(116) Pause Young (Normal) (G1 Evacuation Pause)
[2026-01-16T08:22:08.207+0000][gc,task     ] GC(116) Using 8 workers of 8 for evacuation
[2026-01-16T08:22:08.967+0000][gc,mmu      ] GC(116) MMU target violated: 201.0ms (200.0ms/201.0ms)
[2026-01-16T08:22:08.969+0000][gc,phases   ] GC(116)   Pre Evacuate Collection Set: 49.0ms
[2026-01-16T08:22:08.970+0000][gc,phases   ] GC(116)   Merge Heap Roots: 7.0ms
[2026-01-16T08:22:08.970+0000][gc,phases   ] GC(116)   Evacuate Collection Set: 669.7ms
[2026-01-16T08:22:08.970+0000][gc,phases   ] GC(116)   Post Evacuate Collection Set: 30.8ms
[2026-01-16T08:22:08.971+0000][gc,phases   ] GC(116)   Other: 27.0ms
[2026-01-16T08:22:08.972+0000][gc,heap     ] GC(116) Eden regions: 46->0(47)
[2026-01-16T08:22:08.975+0000][gc,heap     ] GC(116) Survivor regions: 5->4(7)
[2026-01-16T08:22:08.977+0000][gc,heap     ] GC(116) Old regions: 59->60
[2026-01-16T08:22:08.977+0000][gc,heap     ] GC(116) Humongous regions: 149->149
[2026-01-16T08:22:08.977+0000][gc,metaspace] GC(116) Metaspace: 13522K(13888K)->13522K(13888K) NonClass: 11974K(12160K)->11974K(12160K) Class: 1548K(1728K)->1548K(1728K)
[2026-01-16T08:22:08.978+0000][gc          ] GC(116) Pause Young (Normal) (G1 Evacuation Pause) 258M->212M(1024M) 795.854ms
[2026-01-16T08:22:08.978+0000][gc,cpu      ] GC(116) User=0.39s Sys=0.02s Real=0.80s
[2026-01-16T08:22:11.525+0000][gc,start    ] GC(117) Pause Young (Normal) (G1 Evacuation Pause)
[2026-01-16T08:22:11.571+0000][gc,task     ] GC(117) Using 8 workers of 8 for evacuation
[2026-01-16T08:22:12.226+0000][gc,mmu      ] GC(117) MMU target violated: 201.0ms (200.0ms/201.0ms)
[2026-01-16T08:22:12.241+0000][gc,phases   ] GC(117)   Pre Evacuate Collection Set: 72.7ms
[2026-01-16T08:22:12.241+0000][gc,phases   ] GC(117)   Merge Heap Roots: 49.9ms
[2026-01-16T08:22:12.245+0000][gc,phases   ] GC(117)   Evacuate Collection Set: 490.2ms
[2026-01-16T08:22:12.245+0000][gc,phases   ] GC(117)   Post Evacuate Collection Set: 34.4ms
[2026-01-16T08:22:12.251+0000][gc,phases   ] GC(117)   Other: 51.0ms
[2026-01-16T08:22:12.251+0000][gc,heap     ] GC(117) Eden regions: 47->0(47)
[2026-01-16T08:22:12.252+0000][gc,heap     ] GC(117) Survivor regions: 4->4(7)
[2026-01-16T08:22:12.252+0000][gc,heap     ] GC(117) Old regions: 60->61
[2026-01-16T08:22:12.254+0000][gc,heap     ] GC(117) Humongous regions: 149->149
[2026-01-16T08:22:12.254+0000][gc,metaspace] GC(117) Metaspace: 13528K(13888K)->13528K(13888K) NonClass: 11978K(12160K)->11978K(12160K) Class: 1550K(1728K)->1550K(1728K)
[2026-01-16T08:22:12.255+0000][gc          ] GC(117) Pause Young (Normal) (G1 Evacuation Pause) 259M->213M(1024M) 729.442ms
[2026-01-16T08:22:12.255+0000][gc,cpu      ] GC(117) User=0.46s Sys=0.06s Real=0.73s
[2026-01-16T08:22:15.048+0000][gc,start    ] GC(118) Pause Young (Normal) (G1 Evacuation Pause)
[2026-01-16T08:22:15.049+0000][gc,task     ] GC(118) Using 8 workers of 8 for evacuation
[2026-01-16T08:22:15.865+0000][gc,mmu      ] GC(118) MMU target violated: 201.0ms (200.0ms/201.0ms)
[2026-01-16T08:22:15.869+0000][gc,phases   ] GC(118)   Pre Evacuate Collection Set: 23.9ms
[2026-01-16T08:22:15.871+0000][gc,phases   ] GC(118)   Merge Heap Roots: 0.6ms
[2026-01-16T08:22:15.874+0000][gc,phases   ] GC(118)   Evacuate Collection Set: 676.7ms
[2026-01-16T08:22:15.874+0000][gc,phases   ] GC(118)   Post Evacuate Collection Set: 111.4ms
[2026-01-16T08:22:15.877+0000][gc,phases   ] GC(118)   Other: 7.2ms
[2026-01-16T08:22:15.878+0000][gc,heap     ] GC(118) Eden regions: 47->0(46)
[2026-01-16T08:22:15.878+0000][gc,heap     ] GC(118) Survivor regions: 4->5(7)
[2026-01-16T08:22:15.878+0000][gc,heap     ] GC(118) Old regions: 61->61
[2026-01-16T08:22:15.878+0000][gc,heap     ] GC(118) Humongous regions: 149->149
[2026-01-16T08:22:15.879+0000][gc,metaspace] GC(118) Metaspace: 13530K(13888K)->13530K(13888K) NonClass: 11979K(12160K)->11979K(12160K) Class: 1550K(1728K)->1550K(1728K)
[2026-01-16T08:22:15.884+0000][gc          ] GC(118) Pause Young (Normal) (G1 Evacuation Pause) 260M->214M(1024M) 835.843ms
[2026-01-16T08:22:15.886+0000][gc,cpu      ] GC(118) User=0.32s Sys=0.05s Real=0.84s
[2026-01-16T08:22:18.355+0000][gc,start    ] GC(119) Pause Young (Normal) (G1 Evacuation Pause)
[2026-01-16T08:22:18.389+0000][gc,task     ] GC(119) Using 8 workers of 8 for evacuation
[2026-01-16T08:22:19.816+0000][gc,mmu      ] GC(119) MMU target violated: 201.0ms (200.0ms/201.0ms)
[2026-01-16T08:22:19.820+0000][gc,phases   ] GC(119)   Pre Evacuate Collection Set: 141.6ms
[2026-01-16T08:22:19.821+0000][gc,phases   ] GC(119)   Merge Heap Roots: 20.7ms
[2026-01-16T08:22:19.821+0000][gc,phases   ] GC(119)   Evacuate Collection Set: 1168.5ms
[2026-01-16T08:22:19.821+0000][gc,phases   ] GC(119)   Post Evacuate Collection Set: 82.9ms
[2026-01-16T08:22:19.821+0000][gc,phases   ] GC(119)   Other: 18.4ms
[2026-01-16T08:22:19.822+0000][gc,heap     ] GC(119) Eden regions: 46->0(47)
[2026-01-16T08:22:19.822+0000][gc,heap     ] GC(119) Survivor regions: 5->4(7)
[2026-01-16T08:22:19.822+0000][gc,heap     ] GC(119) Old regions: 61->63
[2026-01-16T08:22:19.822+0000][gc,heap     ] GC(119) Humongous regions: 149->149
[2026-01-16T08:22:19.824+0000][gc,metaspace] GC(119) Metaspace: 13530K(13888K)->13530K(13888K) NonClass: 11979K(12160K)->11979K(12160K) Class: 1550K(1728K)->1550K(1728K)
[2026-01-16T08:22:19.826+0000][gc          ] GC(119) Pause Young (Normal) (G1 Evacuation Pause) 260M->214M(1024M) 1470.194ms
[2026-01-16T08:22:19.826+0000][gc,cpu      ] GC(119) User=0.43s Sys=0.13s Real=1.47s
[2026-01-16T08:22:26.534+0000][gc,start    ] GC(120) Pause Young (Normal) (G1 Evacuation Pause)
[2026-01-16T08:22:26.566+0000][gc,task     ] GC(120) Using 8 workers of 8 for evacuation
[2026-01-16T08:22:28.381+0000][gc,mmu      ] GC(120) MMU target violated: 201.0ms (200.0ms/201.0ms)
[2026-01-16T08:22:28.383+0000][gc,phases   ] GC(120)   Pre Evacuate Collection Set: 130.8ms
[2026-01-16T08:22:28.386+0000][gc,phases   ] GC(120)   Merge Heap Roots: 63.4ms
[2026-01-16T08:22:28.386+0000][gc,phases   ] GC(120)   Evacuate Collection Set: 1489.5ms
[2026-01-16T08:22:28.386+0000][gc,phases   ] GC(120)   Post Evacuate Collection Set: 114.8ms
[2026-01-16T08:22:28.386+0000][gc,phases   ] GC(120)   Other: 18.5ms
[2026-01-16T08:22:28.457+0000][gc,heap     ] GC(120) Eden regions: 47->0(46)
[2026-01-16T08:22:28.460+0000][gc,heap     ] GC(120) Survivor regions: 4->5(7)
[2026-01-16T08:22:28.460+0000][gc,heap     ] GC(120) Old regions: 63->63
[2026-01-16T08:22:28.460+0000][gc,heap     ] GC(120) Humongous regions: 149->149
[2026-01-16T08:22:28.460+0000][gc,metaspace] GC(120) Metaspace: 13530K(13888K)->13530K(13888K) NonClass: 11979K(12160K)->11979K(12160K) Class: 1550K(1728K)->1550K(1728K)
[2026-01-16T08:22:28.462+0000][gc          ] GC(120) Pause Young (Normal) (G1 Evacuation Pause) 261M->215M(1024M) 1928.529ms
[2026-01-16T08:22:28.467+0000][gc,cpu      ] GC(120) User=0.68s Sys=0.05s Real=1.93s
[2026-01-16T08:22:34.005+0000][gc,start    ] GC(121) Pause Young (Normal) (GCLocker Initiated GC)
[2026-01-16T08:22:34.010+0000][gc,task     ] GC(121) Using 8 workers of 8 for evacuation
[2026-01-16T08:22:36.541+0000][gc,mmu      ] GC(121) MMU target violated: 201.0ms (200.0ms/201.0ms)
[2026-01-16T08:22:36.549+0000][gc,phases   ] GC(121)   Pre Evacuate Collection Set: 56.3ms
[2026-01-16T08:22:36.553+0000][gc,phases   ] GC(121)   Merge Heap Roots: 9.8ms
[2026-01-16T08:22:36.554+0000][gc,phases   ] GC(121)   Evacuate Collection Set: 2312.1ms
[2026-01-16T08:22:36.555+0000][gc,phases   ] GC(121)   Post Evacuate Collection Set: 150.1ms
[2026-01-16T08:22:36.560+0000][gc,phases   ] GC(121)   Other: 13.4ms
[2026-01-16T08:22:36.562+0000][gc,heap     ] GC(121) Eden regions: 50->0(46)
[2026-01-16T08:22:36.569+0000][gc,heap     ] GC(121) Survivor regions: 5->5(7)
[2026-01-16T08:22:36.572+0000][gc,heap     ] GC(121) Old regions: 63->63
[2026-01-16T08:22:36.574+0000][gc,heap     ] GC(121) Humongous regions: 149->149
[2026-01-16T08:22:36.576+0000][gc,metaspace] GC(121) Metaspace: 13536K(13888K)->13536K(13888K) NonClass: 11986K(12160K)->11986K(12160K) Class: 1550K(1728K)->1550K(1728K)
[2026-01-16T08:22:36.578+0000][gc          ] GC(121) Pause Young (Normal) (GCLocker Initiated GC) 265M->216M(1024M) 2572.986ms
[2026-01-16T08:22:36.583+0000][gc,cpu      ] GC(121) User=1.07s Sys=0.14s Real=2.58s
[2026-01-16T08:22:39.929+0000][gc,start    ] GC(122) Pause Young (Normal) (G1 Evacuation Pause)
[2026-01-16T08:22:39.939+0000][gc,task     ] GC(122) Using 8 workers of 8 for evacuation
[2026-01-16T08:22:40.944+0000][gc,mmu      ] GC(122) MMU target violated: 201.0ms (200.0ms/201.0ms)
[2026-01-16T08:22:40.944+0000][gc,phases   ] GC(122)   Pre Evacuate Collection Set: 146.6ms
[2026-01-16T08:22:40.945+0000][gc,phases   ] GC(122)   Merge Heap Roots: 23.9ms
[2026-01-16T08:22:40.949+0000][gc,phases   ] GC(122)   Evacuate Collection Set: 798.0ms
[2026-01-16T08:22:40.951+0000][gc,phases   ] GC(122)   Post Evacuate Collection Set: 36.3ms
[2026-01-16T08:22:40.951+0000][gc,phases   ] GC(122)   Other: 1.0ms
[2026-01-16T08:22:40.953+0000][gc,heap     ] GC(122) Eden regions: 46->0(46)
[2026-01-16T08:22:40.953+0000][gc,heap     ] GC(122) Survivor regions: 5->5(7)
[2026-01-16T08:22:40.954+0000][gc,heap     ] GC(122) Old regions: 63->64
[2026-01-16T08:22:40.959+0000][gc,heap     ] GC(122) Humongous regions: 149->149
[2026-01-16T08:22:40.959+0000][gc,metaspace] GC(122) Metaspace: 13545K(13888K)->13545K(13888K) NonClass: 11994K(12160K)->11994K(12160K) Class: 1550K(1728K)->1550K(1728K)
[2026-01-16T08:22:40.960+0000][gc          ] GC(122) Pause Young (Normal) (G1 Evacuation Pause) 262M->217M(1024M) 1030.590ms
[2026-01-16T08:22:40.960+0000][gc,cpu      ] GC(122) User=0.58s Sys=0.06s Real=1.03s
[2026-01-16T08:22:43.875+0000][gc,start    ] GC(123) Pause Young (Normal) (G1 Evacuation Pause)
[2026-01-16T08:22:43.881+0000][gc,task     ] GC(123) Using 8 workers of 8 for evacuation
[2026-01-16T08:22:45.412+0000][gc,mmu      ] GC(123) MMU target violated: 201.0ms (200.0ms/201.0ms)
[2026-01-16T08:22:45.421+0000][gc,phases   ] GC(123)   Pre Evacuate Collection Set: 89.2ms
[2026-01-16T08:22:45.423+0000][gc,phases   ] GC(123)   Merge Heap Roots: 4.6ms
[2026-01-16T08:22:45.423+0000][gc,phases   ] GC(123)   Evacuate Collection Set: 1353.7ms
[2026-01-16T08:22:45.423+0000][gc,phases   ] GC(123)   Post Evacuate Collection Set: 82.8ms
[2026-01-16T08:22:45.424+0000][gc,phases   ] GC(123)   Other: 9.5ms
[2026-01-16T08:22:45.424+0000][gc,heap     ] GC(123) Eden regions: 46->0(46)
[2026-01-16T08:22:45.424+0000][gc,heap     ] GC(123) Survivor regions: 5->5(7)
[2026-01-16T08:22:45.424+0000][gc,heap     ] GC(123) Old regions: 64->65
[2026-01-16T08:22:45.425+0000][gc,heap     ] GC(123) Humongous regions: 149->149
[2026-01-16T08:22:45.425+0000][gc,metaspace] GC(123) Metaspace: 13557K(13888K)->13557K(13888K) NonClass: 12006K(12160K)->12006K(12160K) Class: 1550K(1728K)->1550K(1728K)
[2026-01-16T08:22:45.427+0000][gc          ] GC(123) Pause Young (Normal) (G1 Evacuation Pause) 263M->217M(1024M) 1552.325ms
[2026-01-16T08:22:45.432+0000][gc,cpu      ] GC(123) User=0.53s Sys=0.21s Real=1.56s
[2026-01-16T08:22:48.810+0000][gc,start    ] GC(124) Pause Young (Normal) (G1 Evacuation Pause)
[2026-01-16T08:22:48.814+0000][gc,task     ] GC(124) Using 8 workers of 8 for evacuation
[2026-01-16T08:22:49.754+0000][gc,mmu      ] GC(124) MMU target violated: 201.0ms (200.0ms/201.0ms)
[2026-01-16T08:22:49.758+0000][gc,phases   ] GC(124)   Pre Evacuate Collection Set: 82.7ms
[2026-01-16T08:22:49.758+0000][gc,phases   ] GC(124)   Merge Heap Roots: 4.3ms
[2026-01-16T08:22:49.759+0000][gc,phases   ] GC(124)   Evacuate Collection Set: 808.1ms
[2026-01-16T08:22:49.761+0000][gc,phases   ] GC(124)   Post Evacuate Collection Set: 36.9ms
[2026-01-16T08:22:49.762+0000][gc,phases   ] GC(124)   Other: 13.5ms
[2026-01-16T08:22:49.764+0000][gc,heap     ] GC(124) Eden regions: 46->0(46)
[2026-01-16T08:22:49.769+0000][gc,heap     ] GC(124) Survivor regions: 5->5(7)
[2026-01-16T08:22:49.769+0000][gc,heap     ] GC(124) Old regions: 65->66
[2026-01-16T08:22:49.769+0000][gc,heap     ] GC(124) Humongous regions: 149->149
[2026-01-16T08:22:49.769+0000][gc,metaspace] GC(124) Metaspace: 13558K(13888K)->13558K(13888K) NonClass: 12008K(12160K)->12008K(12160K) Class: 1550K(1728K)->1550K(1728K)
[2026-01-16T08:22:49.771+0000][gc          ] GC(124) Pause Young (Normal) (G1 Evacuation Pause) 263M->218M(1024M) 961.121ms
[2026-01-16T08:22:49.772+0000][gc,cpu      ] GC(124) User=0.48s Sys=0.09s Real=0.96s
[2026-01-16T08:22:54.330+0000][gc,start    ] GC(125) Pause Young (Normal) (G1 Evacuation Pause)
[2026-01-16T08:22:54.380+0000][gc,task     ] GC(125) Using 8 workers of 8 for evacuation
[2026-01-16T08:22:55.129+0000][gc,mmu      ] GC(125) MMU target violated: 201.0ms (200.0ms/201.0ms)
[2026-01-16T08:22:55.130+0000][gc,phases   ] GC(125)   Pre Evacuate Collection Set: 89.0ms
[2026-01-16T08:22:55.132+0000][gc,phases   ] GC(125)   Merge Heap Roots: 0.3ms
[2026-01-16T08:22:55.133+0000][gc,phases   ] GC(125)   Evacuate Collection Set: 622.6ms
[2026-01-16T08:22:55.134+0000][gc,phases   ] GC(125)   Post Evacuate Collection Set: 7.7ms
[2026-01-16T08:22:55.135+0000][gc,phases   ] GC(125)   Other: 30.5ms
[2026-01-16T08:22:55.135+0000][gc,heap     ] GC(125) Eden regions: 46->0(46)
[2026-01-16T08:22:55.138+0000][gc,heap     ] GC(125) Survivor regions: 5->5(7)
[2026-01-16T08:22:55.140+0000][gc,heap     ] GC(125) Old regions: 66->66
[2026-01-16T08:22:55.141+0000][gc,heap     ] GC(125) Humongous regions: 149->149
[2026-01-16T08:22:55.142+0000][gc,metaspace] GC(125) Metaspace: 13565K(13888K)->13565K(13888K) NonClass: 12015K(12160K)->12015K(12160K) Class: 1550K(1728K)->1550K(1728K)
[2026-01-16T08:22:55.143+0000][gc          ] GC(125) Pause Young (Normal) (G1 Evacuation Pause) 264M->219M(1024M) 813.588ms
[2026-01-16T08:22:55.147+0000][gc,cpu      ] GC(125) User=0.44s Sys=0.05s Real=0.81s
[2026-01-16T08:22:58.293+0000][gc,start    ] GC(126) Pause Young (Normal) (G1 Evacuation Pause)
[2026-01-16T08:22:58.299+0000][gc,task     ] GC(126) Using 8 workers of 8 for evacuation
[2026-01-16T08:23:00.282+0000][gc,mmu      ] GC(126) MMU target violated: 201.0ms (200.0ms/201.0ms)
[2026-01-16T08:23:00.301+0000][gc,phases   ] GC(126)   Pre Evacuate Collection Set: 119.5ms
[2026-01-16T08:23:00.301+0000][gc,phases   ] GC(126)   Merge Heap Roots: 17.5ms
[2026-01-16T08:23:00.302+0000][gc,phases   ] GC(126)   Evacuate Collection Set: 1547.0ms
[2026-01-16T08:23:00.304+0000][gc,phases   ] GC(126)   Post Evacuate Collection Set: 283.5ms
[2026-01-16T08:23:00.304+0000][gc,phases   ] GC(126)   Other: 34.5ms
[2026-01-16T08:23:00.305+0000][gc,heap     ] GC(126) Eden regions: 46->0(46)
[2026-01-16T08:23:00.305+0000][gc,heap     ] GC(126) Survivor regions: 5->5(7)
[2026-01-16T08:23:00.305+0000][gc,heap     ] GC(126) Old regions: 66->68
[2026-01-16T08:23:00.305+0000][gc,heap     ] GC(126) Humongous regions: 149->149
[2026-01-16T08:23:00.306+0000][gc,metaspace] GC(126) Metaspace: 13571K(13888K)->13571K(13888K) NonClass: 12020K(12160K)->12020K(12160K) Class: 1550K(1728K)->1550K(1728K)
[2026-01-16T08:23:00.306+0000][gc          ] GC(126) Pause Young (Normal) (G1 Evacuation Pause) 265M->220M(1024M) 2013.081ms
[2026-01-16T08:23:00.306+0000][gc,cpu      ] GC(126) User=0.89s Sys=0.13s Real=2.01s
[2026-01-16T08:23:04.410+0000][gc,start    ] GC(127) Pause Young (Normal) (G1 Evacuation Pause)
[2026-01-16T08:23:04.411+0000][gc,task     ] GC(127) Using 8 workers of 8 for evacuation
[2026-01-16T08:23:05.271+0000][gc,mmu      ] GC(127) MMU target violated: 201.0ms (200.0ms/201.0ms)
[2026-01-16T08:23:05.271+0000][gc,phases   ] GC(127)   Pre Evacuate Collection Set: 76.1ms
[2026-01-16T08:23:05.271+0000][gc,phases   ] GC(127)   Merge Heap Roots: 0.3ms
[2026-01-16T08:23:05.272+0000][gc,phases   ] GC(127)   Evacuate Collection Set: 710.3ms
[2026-01-16T08:23:05.273+0000][gc,phases   ] GC(127)   Post Evacuate Collection Set: 71.5ms
[2026-01-16T08:23:05.276+0000][gc,phases   ] GC(127)   Other: 2.1ms
[2026-01-16T08:23:05.279+0000][gc,heap     ] GC(127) Eden regions: 46->0(46)
[2026-01-16T08:23:05.279+0000][gc,heap     ] GC(127) Survivor regions: 5->5(7)
[2026-01-16T08:23:05.281+0000][gc,heap     ] GC(127) Old regions: 68->68
[2026-01-16T08:23:05.281+0000][gc,heap     ] GC(127) Humongous regions: 149->149
[2026-01-16T08:23:05.281+0000][gc,metaspace] GC(127) Metaspace: 13574K(13952K)->13574K(13952K) NonClass: 12024K(12224K)->12024K(12224K) Class: 1550K(1728K)->1550K(1728K)
[2026-01-16T08:23:05.281+0000][gc          ] GC(127) Pause Young (Normal) (G1 Evacuation Pause) 266M->221M(1024M) 871.070ms
[2026-01-16T08:23:05.281+0000][gc,cpu      ] GC(127) User=0.34s Sys=0.05s Real=0.87s
[2026-01-16T08:23:07.387+0000][gc,start    ] GC(128) Pause Young (Normal) (G1 Evacuation Pause)
[2026-01-16T08:23:07.389+0000][gc,task     ] GC(128) Using 8 workers of 8 for evacuation
[2026-01-16T08:23:08.041+0000][gc,mmu      ] GC(128) MMU target violated: 201.0ms (200.0ms/201.0ms)
[2026-01-16T08:23:08.043+0000][gc,phases   ] GC(128)   Pre Evacuate Collection Set: 80.3ms
[2026-01-16T08:23:08.045+0000][gc,phases   ] GC(128)   Merge Heap Roots: 32.9ms
[2026-01-16T08:23:08.045+0000][gc,phases   ] GC(128)   Evacuate Collection Set: 502.5ms
[2026-01-16T08:23:08.046+0000][gc,phases   ] GC(128)   Post Evacuate Collection Set: 21.1ms
[2026-01-16T08:23:08.047+0000][gc,phases   ] GC(128)   Other: 18.3ms
[2026-01-16T08:23:08.047+0000][gc,heap     ] GC(128) Eden regions: 46->0(46)
[2026-01-16T08:23:08.048+0000][gc,heap     ] GC(128) Survivor regions: 5->5(7)
[2026-01-16T08:23:08.048+0000][gc,heap     ] GC(128) Old regions: 68->69
[2026-01-16T08:23:08.048+0000][gc,heap     ] GC(128) Humongous regions: 149->149
[2026-01-16T08:23:08.053+0000][gc,metaspace] GC(128) Metaspace: 13576K(13952K)->13576K(13952K) NonClass: 12025K(12224K)->12025K(12224K) Class: 1551K(1728K)->1551K(1728K)
[2026-01-16T08:23:08.054+0000][gc          ] GC(128) Pause Young (Normal) (G1 Evacuation Pause) 267M->221M(1024M) 667.321ms
[2026-01-16T08:23:08.055+0000][gc,cpu      ] GC(128) User=0.31s Sys=0.05s Real=0.67s
[2026-01-16T08:23:09.837+0000][gc,start    ] GC(129) Pause Young (Normal) (G1 Evacuation Pause)
[2026-01-16T08:23:09.840+0000][gc,task     ] GC(129) Using 8 workers of 8 for evacuation
[2026-01-16T08:23:10.111+0000][gc,mmu      ] GC(129) MMU target violated: 201.0ms (200.0ms/201.0ms)
[2026-01-16T08:23:10.111+0000][gc,phases   ] GC(129)   Pre Evacuate Collection Set: 21.6ms
[2026-01-16T08:23:10.112+0000][gc,phases   ] GC(129)   Merge Heap Roots: 0.3ms
[2026-01-16T08:23:10.112+0000][gc,phases   ] GC(129)   Evacuate Collection Set: 240.7ms
[2026-01-16T08:23:10.112+0000][gc,phases   ] GC(129)   Post Evacuate Collection Set: 8.8ms
[2026-01-16T08:23:10.112+0000][gc,phases   ] GC(129)   Other: 0.7ms
[2026-01-16T08:23:10.112+0000][gc,heap     ] GC(129) Eden regions: 46->0(46)
[2026-01-16T08:23:10.112+0000][gc,heap     ] GC(129) Survivor regions: 5->5(7)
[2026-01-16T08:23:10.114+0000][gc,heap     ] GC(129) Old regions: 69->70
[2026-01-16T08:23:10.116+0000][gc,heap     ] GC(129) Humongous regions: 149->149
[2026-01-16T08:23:10.116+0000][gc,metaspace] GC(129) Metaspace: 13577K(13952K)->13577K(13952K) NonClass: 12026K(12224K)->12026K(12224K) Class: 1551K(1728K)->1551K(1728K)
[2026-01-16T08:23:10.117+0000][gc          ] GC(129) Pause Young (Normal) (G1 Evacuation Pause) 267M->222M(1024M) 279.774ms
[2026-01-16T08:23:10.117+0000][gc,cpu      ] GC(129) User=0.19s Sys=0.04s Real=0.28s
[2026-01-16T08:23:11.783+0000][gc,start    ] GC(130) Pause Young (Normal) (G1 Evacuation Pause)
[2026-01-16T08:23:11.803+0000][gc,task     ] GC(130) Using 8 workers of 8 for evacuation
[2026-01-16T08:23:14.196+0000][gc,mmu      ] GC(130) MMU target violated: 201.0ms (200.0ms/201.0ms)
[2026-01-16T08:23:14.199+0000][gc,phases   ] GC(130)   Pre Evacuate Collection Set: 252.7ms
[2026-01-16T08:23:14.203+0000][gc,phases   ] GC(130)   Merge Heap Roots: 9.6ms
[2026-01-16T08:23:14.206+0000][gc,phases   ] GC(130)   Evacuate Collection Set: 2004.7ms
[2026-01-16T08:23:14.209+0000][gc,phases   ] GC(130)   Post Evacuate Collection Set: 86.1ms
[2026-01-16T08:23:14.209+0000][gc,phases   ] GC(130)   Other: 60.1ms
[2026-01-16T08:23:14.210+0000][gc,heap     ] GC(130) Eden regions: 46->0(47)
[2026-01-16T08:23:14.210+0000][gc,heap     ] GC(130) Survivor regions: 5->4(7)
[2026-01-16T08:23:14.212+0000][gc,heap     ] GC(130) Old regions: 70->71
[2026-01-16T08:23:14.213+0000][gc,heap     ] GC(130) Humongous regions: 149->149
[2026-01-16T08:23:14.216+0000][gc,metaspace] GC(130) Metaspace: 13578K(13952K)->13578K(13952K) NonClass: 12027K(12224K)->12027K(12224K) Class: 1551K(1728K)->1551K(1728K)
[2026-01-16T08:23:14.217+0000][gc          ] GC(130) Pause Young (Normal) (G1 Evacuation Pause) 268M->223M(1024M) 2433.985ms
[2026-01-16T08:23:14.221+0000][gc,cpu      ] GC(130) User=0.74s Sys=0.14s Real=2.43s
[2026-01-16T08:23:16.751+0000][gc,start    ] GC(131) Pause Young (Normal) (G1 Evacuation Pause)
[2026-01-16T08:23:16.778+0000][gc,task     ] GC(131) Using 8 workers of 8 for evacuation
[2026-01-16T08:23:17.361+0000][gc,mmu      ] GC(131) MMU target violated: 201.0ms (200.0ms/201.0ms)
[2026-01-16T08:23:17.362+0000][gc,phases   ] GC(131)   Pre Evacuate Collection Set: 145.4ms
[2026-01-16T08:23:17.362+0000][gc,phases   ] GC(131)   Merge Heap Roots: 14.5ms
[2026-01-16T08:23:17.362+0000][gc,phases   ] GC(131)   Evacuate Collection Set: 381.4ms
[2026-01-16T08:23:17.363+0000][gc,phases   ] GC(131)   Post Evacuate Collection Set: 40.9ms
[2026-01-16T08:23:17.363+0000][gc,phases   ] GC(131)   Other: 28.2ms
[2026-01-16T08:23:17.364+0000][gc,heap     ] GC(131) Eden regions: 47->0(47)
[2026-01-16T08:23:17.364+0000][gc,heap     ] GC(131) Survivor regions: 4->4(7)
[2026-01-16T08:23:17.364+0000][gc,heap     ] GC(131) Old regions: 71->72
[2026-01-16T08:23:17.364+0000][gc,heap     ] GC(131) Humongous regions: 149->149
[2026-01-16T08:23:17.364+0000][gc,metaspace] GC(131) Metaspace: 13581K(13952K)->13581K(13952K) NonClass: 12030K(12224K)->12030K(12224K) Class: 1551K(1728K)->1551K(1728K)
[2026-01-16T08:23:17.365+0000][gc          ] GC(131) Pause Young (Normal) (G1 Evacuation Pause) 270M->223M(1024M) 613.711ms
[2026-01-16T08:23:17.365+0000][gc,cpu      ] GC(131) User=0.35s Sys=0.05s Real=0.62s
[2026-01-16T08:23:19.388+0000][gc,start    ] GC(132) Pause Young (Normal) (GCLocker Initiated GC)
[2026-01-16T08:23:19.390+0000][gc,task     ] GC(132) Using 8 workers of 8 for evacuation
[2026-01-16T08:23:19.703+0000][gc,mmu      ] GC(132) MMU target violated: 201.0ms (200.0ms/201.0ms)
[2026-01-16T08:23:19.703+0000][gc,phases   ] GC(132)   Pre Evacuate Collection Set: 35.1ms
[2026-01-16T08:23:19.703+0000][gc,phases   ] GC(132)   Merge Heap Roots: 3.1ms
[2026-01-16T08:23:19.704+0000][gc,phases   ] GC(132)   Evacuate Collection Set: 189.8ms
[2026-01-16T08:23:19.704+0000][gc,phases   ] GC(132)   Post Evacuate Collection Set: 81.3ms
[2026-01-16T08:23:19.704+0000][gc,phases   ] GC(132)   Other: 4.2ms
[2026-01-16T08:23:19.705+0000][gc,heap     ] GC(132) Eden regions: 47->0(46)
[2026-01-16T08:23:19.705+0000][gc,heap     ] GC(132) Survivor regions: 4->5(7)
[2026-01-16T08:23:19.705+0000][gc,heap     ] GC(132) Old regions: 72->72
[2026-01-16T08:23:19.705+0000][gc,heap     ] GC(132) Humongous regions: 149->149
[2026-01-16T08:23:19.706+0000][gc,metaspace] GC(132) Metaspace: 13584K(13952K)->13584K(13952K) NonClass: 12033K(12224K)->12033K(12224K) Class: 1551K(1728K)->1551K(1728K)
[2026-01-16T08:23:19.706+0000][gc          ] GC(132) Pause Young (Normal) (GCLocker Initiated GC) 270M->224M(1024M) 317.925ms
[2026-01-16T08:23:19.709+0000][gc,cpu      ] GC(132) User=0.21s Sys=0.02s Real=0.32s
[2026-01-16T08:23:22.542+0000][gc,start    ] GC(133) Pause Young (Normal) (G1 Evacuation Pause)
[2026-01-16T08:23:22.545+0000][gc,task     ] GC(133) Using 8 workers of 8 for evacuation
[2026-01-16T08:23:23.376+0000][gc,mmu      ] GC(133) MMU target violated: 201.0ms (200.0ms/201.0ms)
[2026-01-16T08:23:23.380+0000][gc,phases   ] GC(133)   Pre Evacuate Collection Set: 71.4ms
[2026-01-16T08:23:23.382+0000][gc,phases   ] GC(133)   Merge Heap Roots: 11.2ms
[2026-01-16T08:23:23.388+0000][gc,phases   ] GC(133)   Evacuate Collection Set: 721.1ms
[2026-01-16T08:23:23.393+0000][gc,phases   ] GC(133)   Post Evacuate Collection Set: 25.1ms
[2026-01-16T08:23:23.396+0000][gc,phases   ] GC(133)   Other: 6.5ms
[2026-01-16T08:23:23.397+0000][gc,heap     ] GC(133) Eden regions: 46->0(46)
[2026-01-16T08:23:23.397+0000][gc,heap     ] GC(133) Survivor regions: 5->5(7)
[2026-01-16T08:23:23.399+0000][gc,heap     ] GC(133) Old regions: 72->73
[2026-01-16T08:23:23.399+0000][gc,heap     ] GC(133) Humongous regions: 149->149
[2026-01-16T08:23:23.400+0000][gc,metaspace] GC(133) Metaspace: 13596K(13952K)->13596K(13952K) NonClass: 12045K(12224K)->12045K(12224K) Class: 1551K(1728K)->1551K(1728K)
[2026-01-16T08:23:23.400+0000][gc          ] GC(133) Pause Young (Normal) (G1 Evacuation Pause) 270M->225M(1024M) 858.274ms
[2026-01-16T08:23:23.404+0000][gc,cpu      ] GC(133) User=0.38s Sys=0.09s Real=0.86s
[2026-01-16T08:23:26.143+0000][gc,start    ] GC(134) Pause Young (Normal) (G1 Evacuation Pause)
[2026-01-16T08:23:26.153+0000][gc,task     ] GC(134) Using 8 workers of 8 for evacuation
[2026-01-16T08:23:27.381+0000][gc,mmu      ] GC(134) MMU target violated: 201.0ms (200.0ms/201.0ms)
[2026-01-16T08:23:27.382+0000][gc,phases   ] GC(134)   Pre Evacuate Collection Set: 70.6ms
[2026-01-16T08:23:27.383+0000][gc,phases   ] GC(134)   Merge Heap Roots: 31.4ms
[2026-01-16T08:23:27.383+0000][gc,phases   ] GC(134)   Evacuate Collection Set: 1002.0ms
[2026-01-16T08:23:27.384+0000][gc,phases   ] GC(134)   Post Evacuate Collection Set: 121.4ms
[2026-01-16T08:23:27.385+0000][gc,phases   ] GC(134)   Other: 3.7ms
[2026-01-16T08:23:27.388+0000][gc,heap     ] GC(134) Eden regions: 46->0(46)
[2026-01-16T08:23:27.388+0000][gc,heap     ] GC(134) Survivor regions: 5->5(7)
[2026-01-16T08:23:27.388+0000][gc,heap     ] GC(134) Old regions: 73->73
[2026-01-16T08:23:27.388+0000][gc,heap     ] GC(134) Humongous regions: 149->149
[2026-01-16T08:23:27.391+0000][gc,metaspace] GC(134) Metaspace: 13600K(13952K)->13600K(13952K) NonClass: 12049K(12224K)->12049K(12224K) Class: 1551K(1728K)->1551K(1728K)
[2026-01-16T08:23:27.395+0000][gc          ] GC(134) Pause Young (Normal) (G1 Evacuation Pause) 271M->226M(1024M) 1252.553ms
[2026-01-16T08:23:27.395+0000][gc,cpu      ] GC(134) User=0.42s Sys=0.15s Real=1.25s
[2026-01-16T08:23:29.575+0000][gc,start    ] GC(135) Pause Young (Normal) (G1 Evacuation Pause)
[2026-01-16T08:23:29.575+0000][gc,task     ] GC(135) Using 8 workers of 8 for evacuation
[2026-01-16T08:23:30.369+0000][gc,mmu      ] GC(135) MMU target violated: 201.0ms (200.0ms/201.0ms)
[2026-01-16T08:23:30.371+0000][gc,phases   ] GC(135)   Pre Evacuate Collection Set: 29.1ms
[2026-01-16T08:23:30.375+0000][gc,phases   ] GC(135)   Merge Heap Roots: 4.9ms
[2026-01-16T08:23:30.380+0000][gc,phases   ] GC(135)   Evacuate Collection Set: 713.8ms
[2026-01-16T08:23:30.382+0000][gc,phases   ] GC(135)   Post Evacuate Collection Set: 32.7ms
[2026-01-16T08:23:30.385+0000][gc,phases   ] GC(135)   Other: 15.4ms
[2026-01-16T08:23:30.393+0000][gc,heap     ] GC(135) Eden regions: 46->0(46)
[2026-01-16T08:23:30.395+0000][gc,heap     ] GC(135) Survivor regions: 5->5(7)
[2026-01-16T08:23:30.398+0000][gc,heap     ] GC(135) Old regions: 73->74
[2026-01-16T08:23:30.398+0000][gc,heap     ] GC(135) Humongous regions: 149->149
[2026-01-16T08:23:30.398+0000][gc,metaspace] GC(135) Metaspace: 13604K(13952K)->13604K(13952K) NonClass: 12052K(12224K)->12052K(12224K) Class: 1551K(1728K)->1551K(1728K)
[2026-01-16T08:23:30.398+0000][gc          ] GC(135) Pause Young (Normal) (G1 Evacuation Pause) 272M->226M(1024M) 823.939ms
[2026-01-16T08:23:30.399+0000][gc,cpu      ] GC(135) User=0.34s Sys=0.02s Real=0.83s
[2026-01-16T08:23:32.607+0000][gc,start    ] GC(136) Pause Young (Normal) (G1 Evacuation Pause)
[2026-01-16T08:23:32.612+0000][gc,task     ] GC(136) Using 8 workers of 8 for evacuation
[2026-01-16T08:23:33.096+0000][gc,mmu      ] GC(136) MMU target violated: 201.0ms (200.0ms/201.0ms)
[2026-01-16T08:23:33.098+0000][gc,phases   ] GC(136)   Pre Evacuate Collection Set: 62.1ms
[2026-01-16T08:23:33.101+0000][gc,phases   ] GC(136)   Merge Heap Roots: 0.5ms
[2026-01-16T08:23:33.103+0000][gc,phases   ] GC(136)   Evacuate Collection Set: 397.1ms
[2026-01-16T08:23:33.105+0000][gc,phases   ] GC(136)   Post Evacuate Collection Set: 22.8ms
[2026-01-16T08:23:33.105+0000][gc,phases   ] GC(136)   Other: 3.5ms
[2026-01-16T08:23:33.105+0000][gc,heap     ] GC(136) Eden regions: 46->0(46)
[2026-01-16T08:23:33.105+0000][gc,heap     ] GC(136) Survivor regions: 5->5(7)
[2026-01-16T08:23:33.106+0000][gc,heap     ] GC(136) Old regions: 74->75
[2026-01-16T08:23:33.106+0000][gc,heap     ] GC(136) Humongous regions: 149->149
[2026-01-16T08:23:33.106+0000][gc,metaspace] GC(136) Metaspace: 13606K(13952K)->13606K(13952K) NonClass: 12054K(12224K)->12054K(12224K) Class: 1552K(1728K)->1552K(1728K)
[2026-01-16T08:23:33.107+0000][gc          ] GC(136) Pause Young (Normal) (G1 Evacuation Pause) 272M->227M(1024M) 500.070ms
[2026-01-16T08:23:33.108+0000][gc,cpu      ] GC(136) User=0.22s Sys=0.04s Real=0.50s
[2026-01-16T08:23:35.114+0000][gc,start    ] GC(137) Pause Young (Normal) (G1 Evacuation Pause)
[2026-01-16T08:23:35.137+0000][gc,task     ] GC(137) Using 8 workers of 8 for evacuation
[2026-01-16T08:23:36.257+0000][gc,mmu      ] GC(137) MMU target violated: 201.0ms (200.0ms/201.0ms)
[2026-01-16T08:23:36.262+0000][gc,phases   ] GC(137)   Pre Evacuate Collection Set: 187.8ms
[2026-01-16T08:23:36.265+0000][gc,phases   ] GC(137)   Merge Heap Roots: 27.2ms
[2026-01-16T08:23:36.268+0000][gc,phases   ] GC(137)   Evacuate Collection Set: 841.2ms
[2026-01-16T08:23:36.269+0000][gc,phases   ] GC(137)   Post Evacuate Collection Set: 49.7ms
[2026-01-16T08:23:36.270+0000][gc,phases   ] GC(137)   Other: 19.6ms
[2026-01-16T08:23:36.274+0000][gc,heap     ] GC(137) Eden regions: 46->0(47)
[2026-01-16T08:23:36.275+0000][gc,heap     ] GC(137) Survivor regions: 5->4(7)
[2026-01-16T08:23:36.276+0000][gc,heap     ] GC(137) Old regions: 75->76
[2026-01-16T08:23:36.278+0000][gc,heap     ] GC(137) Humongous regions: 149->149
[2026-01-16T08:23:36.278+0000][gc,metaspace] GC(137) Metaspace: 13616K(13952K)->13616K(13952K) NonClass: 12063K(12224K)->12063K(12224K) Class: 1553K(1728K)->1553K(1728K)
[2026-01-16T08:23:36.278+0000][gc          ] GC(137) Pause Young (Normal) (G1 Evacuation Pause) 273M->228M(1024M) 1165.466ms
[2026-01-16T08:23:36.278+0000][gc,cpu      ] GC(137) User=0.44s Sys=0.09s Real=1.16s
[2026-01-16T08:23:39.566+0000][gc,start    ] GC(138) Pause Young (Normal) (G1 Evacuation Pause)
[2026-01-16T08:23:39.578+0000][gc,task     ] GC(138) Using 8 workers of 8 for evacuation
[2026-01-16T08:23:41.116+0000][gc,mmu      ] GC(138) MMU target violated: 201.0ms (200.0ms/201.0ms)
[2026-01-16T08:23:41.123+0000][gc,phases   ] GC(138)   Pre Evacuate Collection Set: 61.5ms
[2026-01-16T08:23:41.125+0000][gc,phases   ] GC(138)   Merge Heap Roots: 1.8ms
[2026-01-16T08:23:41.126+0000][gc,phases   ] GC(138)   Evacuate Collection Set: 1421.1ms
[2026-01-16T08:23:41.126+0000][gc,phases   ] GC(138)   Post Evacuate Collection Set: 39.2ms
[2026-01-16T08:23:41.127+0000][gc,phases   ] GC(138)   Other: 22.5ms
[2026-01-16T08:23:41.131+0000][gc,heap     ] GC(138) Eden regions: 47->0(47)
[2026-01-16T08:23:41.134+0000][gc,heap     ] GC(138) Survivor regions: 4->4(7)
[2026-01-16T08:23:41.136+0000][gc,heap     ] GC(138) Old regions: 76->77
[2026-01-16T08:23:41.138+0000][gc,heap     ] GC(138) Humongous regions: 149->149
[2026-01-16T08:23:41.141+0000][gc,metaspace] GC(138) Metaspace: 13630K(13952K)->13630K(13952K) NonClass: 12073K(12224K)->12073K(12224K) Class: 1556K(1728K)->1556K(1728K)
[2026-01-16T08:23:41.142+0000][gc          ] GC(138) Pause Young (Normal) (G1 Evacuation Pause) 275M->229M(1024M) 1576.477ms
[2026-01-16T08:23:41.152+0000][gc,cpu      ] GC(138) User=0.46s Sys=0.06s Real=1.58s
[2026-01-16T08:23:44.417+0000][gc,start    ] GC(139) Pause Young (Normal) (G1 Evacuation Pause)
[2026-01-16T08:23:44.419+0000][gc,task     ] GC(139) Using 8 workers of 8 for evacuation
[2026-01-16T08:23:45.081+0000][gc,mmu      ] GC(139) MMU target violated: 201.0ms (200.0ms/201.0ms)
[2026-01-16T08:23:45.082+0000][gc,phases   ] GC(139)   Pre Evacuate Collection Set: 74.5ms
[2026-01-16T08:23:45.083+0000][gc,phases   ] GC(139)   Merge Heap Roots: 5.8ms
[2026-01-16T08:23:45.084+0000][gc,phases   ] GC(139)   Evacuate Collection Set: 480.5ms
[2026-01-16T08:23:45.084+0000][gc,phases   ] GC(139)   Post Evacuate Collection Set: 99.7ms
[2026-01-16T08:23:45.085+0000][gc,phases   ] GC(139)   Other: 3.4ms
[2026-01-16T08:23:45.085+0000][gc,heap     ] GC(139) Eden regions: 47->0(46)
[2026-01-16T08:23:45.086+0000][gc,heap     ] GC(139) Survivor regions: 4->5(7)
[2026-01-16T08:23:45.086+0000][gc,heap     ] GC(139) Old regions: 77->77
[2026-01-16T08:23:45.089+0000][gc,heap     ] GC(139) Humongous regions: 149->149
[2026-01-16T08:23:45.090+0000][gc,metaspace] GC(139) Metaspace: 13642K(14016K)->13642K(14016K) NonClass: 12082K(12288K)->12082K(12288K) Class: 1560K(1728K)->1560K(1728K)
[2026-01-16T08:23:45.090+0000][gc          ] GC(139) Pause Young (Normal) (G1 Evacuation Pause) 276M->229M(1024M) 673.282ms
[2026-01-16T08:23:45.090+0000][gc,cpu      ] GC(139) User=0.26s Sys=0.08s Real=0.67s
[2026-01-16T08:23:47.642+0000][gc,start    ] GC(140) Pause Young (Normal) (G1 Evacuation Pause)
[2026-01-16T08:23:47.655+0000][gc,task     ] GC(140) Using 8 workers of 8 for evacuation
[2026-01-16T08:23:48.263+0000][gc,mmu      ] GC(140) MMU target violated: 201.0ms (200.0ms/201.0ms)
[2026-01-16T08:23:48.264+0000][gc,phases   ] GC(140)   Pre Evacuate Collection Set: 75.1ms
[2026-01-16T08:23:48.264+0000][gc,phases   ] GC(140)   Merge Heap Roots: 4.8ms
[2026-01-16T08:23:48.264+0000][gc,phases   ] GC(140)   Evacuate Collection Set: 506.8ms
[2026-01-16T08:23:48.265+0000][gc,phases   ] GC(140)   Post Evacuate Collection Set: 20.5ms
[2026-01-16T08:23:48.265+0000][gc,phases   ] GC(140)   Other: 2.6ms
[2026-01-16T08:23:48.265+0000][gc,heap     ] GC(140) Eden regions: 46->0(46)
[2026-01-16T08:23:48.265+0000][gc,heap     ] GC(140) Survivor regions: 5->5(7)
[2026-01-16T08:23:48.266+0000][gc,heap     ] GC(140) Old regions: 77->77
[2026-01-16T08:23:48.266+0000][gc,heap     ] GC(140) Humongous regions: 149->149
[2026-01-16T08:23:48.266+0000][gc,metaspace] GC(140) Metaspace: 13644K(14016K)->13644K(14016K) NonClass: 12084K(12288K)->12084K(12288K) Class: 1560K(1728K)->1560K(1728K)
[2026-01-16T08:23:48.266+0000][gc          ] GC(140) Pause Young (Normal) (G1 Evacuation Pause) 275M->230M(1024M) 624.708ms
[2026-01-16T08:23:48.267+0000][gc,cpu      ] GC(140) User=0.29s Sys=0.03s Real=0.63s
[2026-01-16T08:23:50.267+0000][gc,start    ] GC(141) Pause Young (Normal) (G1 Evacuation Pause)
[2026-01-16T08:23:50.343+0000][gc,task     ] GC(141) Using 8 workers of 8 for evacuation
[2026-01-16T08:23:56.496+0000][gc,mmu      ] GC(141) MMU target violated: 201.0ms (200.0ms/201.0ms)
[2026-01-16T08:23:56.582+0000][gc,phases   ] GC(141)   Pre Evacuate Collection Set: 446.7ms
[2026-01-16T08:23:56.589+0000][gc,phases   ] GC(141)   Merge Heap Roots: 0.4ms
[2026-01-16T08:23:56.594+0000][gc,phases   ] GC(141)   Evacuate Collection Set: 4704.4ms
[2026-01-16T08:23:56.606+0000][gc,phases   ] GC(141)   Post Evacuate Collection Set: 996.5ms
[2026-01-16T08:23:56.612+0000][gc,phases   ] GC(141)   Other: 120.2ms
[2026-01-16T08:23:56.615+0000][gc,heap     ] GC(141) Eden regions: 46->0(47)
[2026-01-16T08:23:56.617+0000][gc,heap     ] GC(141) Survivor regions: 5->4(7)
[2026-01-16T08:23:56.617+0000][gc,heap     ] GC(141) Old regions: 77->79
[2026-01-16T08:23:56.617+0000][gc,heap     ] GC(141) Humongous regions: 149->149
[2026-01-16T08:23:56.618+0000][gc,metaspace] GC(141) Metaspace: 13645K(14016K)->13645K(14016K) NonClass: 12085K(12288K)->12085K(12288K) Class: 1560K(1728K)->1560K(1728K)
[2026-01-16T08:23:56.650+0000][gc          ] GC(141) Pause Young (Normal) (G1 Evacuation Pause) 276M->231M(1024M) 6382.504ms
[2026-01-16T08:23:56.701+0000][gc,cpu      ] GC(141) User=1.62s Sys=0.32s Real=6.41s
[2026-01-16T08:24:05.065+0000][gc,start    ] GC(142) Pause Young (Normal) (G1 Evacuation Pause)
[2026-01-16T08:24:05.068+0000][gc,task     ] GC(142) Using 8 workers of 8 for evacuation
[2026-01-16T08:24:06.504+0000][gc,mmu      ] GC(142) MMU target violated: 201.0ms (200.0ms/201.0ms)
[2026-01-16T08:24:06.522+0000][gc,phases   ] GC(142)   Pre Evacuate Collection Set: 140.2ms
[2026-01-16T08:24:06.523+0000][gc,phases   ] GC(142)   Merge Heap Roots: 24.0ms
[2026-01-16T08:24:06.523+0000][gc,phases   ] GC(142)   Evacuate Collection Set: 1192.1ms
[2026-01-16T08:24:06.523+0000][gc,phases   ] GC(142)   Post Evacuate Collection Set: 76.3ms
[2026-01-16T08:24:06.524+0000][gc,phases   ] GC(142)   Other: 21.6ms
[2026-01-16T08:24:06.528+0000][gc,heap     ] GC(142) Eden regions: 47->0(46)
[2026-01-16T08:24:06.536+0000][gc,heap     ] GC(142) Survivor regions: 4->5(7)
[2026-01-16T08:24:06.536+0000][gc,heap     ] GC(142) Old regions: 79->79
[2026-01-16T08:24:06.536+0000][gc,heap     ] GC(142) Humongous regions: 149->149
[2026-01-16T08:24:06.536+0000][gc,metaspace] GC(142) Metaspace: 13660K(14016K)->13660K(14016K) NonClass: 12100K(12288K)->12100K(12288K) Class: 1560K(1728K)->1560K(1728K)
[2026-01-16T08:24:06.547+0000][gc          ] GC(142) Pause Young (Normal) (G1 Evacuation Pause) 278M->232M(1024M) 1482.708ms
[2026-01-16T08:24:06.548+0000][gc,cpu      ] GC(142) User=0.78s Sys=0.12s Real=1.50s
[2026-01-16T08:24:12.213+0000][gc,start    ] GC(143) Pause Young (Normal) (G1 Evacuation Pause)
[2026-01-16T08:24:12.216+0000][gc,task     ] GC(143) Using 8 workers of 8 for evacuation
[2026-01-16T08:24:13.263+0000][gc,mmu      ] GC(143) MMU target violated: 201.0ms (200.0ms/201.0ms)
[2026-01-16T08:24:13.266+0000][gc,phases   ] GC(143)   Pre Evacuate Collection Set: 147.9ms
[2026-01-16T08:24:13.290+0000][gc,phases   ] GC(143)   Merge Heap Roots: 12.8ms
[2026-01-16T08:24:13.292+0000][gc,phases   ] GC(143)   Evacuate Collection Set: 804.3ms
[2026-01-16T08:24:13.293+0000][gc,phases   ] GC(143)   Post Evacuate Collection Set: 79.9ms
[2026-01-16T08:24:13.303+0000][gc,phases   ] GC(143)   Other: 5.1ms
[2026-01-16T08:24:13.308+0000][gc,heap     ] GC(143) Eden regions: 46->0(47)
[2026-01-16T08:24:13.309+0000][gc,heap     ] GC(143) Survivor regions: 5->4(7)
[2026-01-16T08:24:13.309+0000][gc,heap     ] GC(143) Old regions: 79->80
[2026-01-16T08:24:13.309+0000][gc,heap     ] GC(143) Humongous regions: 149->149
[2026-01-16T08:24:13.309+0000][gc,metaspace] GC(143) Metaspace: 13665K(14016K)->13665K(14016K) NonClass: 12103K(12288K)->12103K(12288K) Class: 1561K(1728K)->1561K(1728K)
[2026-01-16T08:24:13.310+0000][gc          ] GC(143) Pause Young (Normal) (G1 Evacuation Pause) 278M->232M(1024M) 1097.555ms
[2026-01-16T08:24:13.318+0000][gc,cpu      ] GC(143) User=0.60s Sys=0.11s Real=1.11s
[2026-01-16T08:24:16.146+0000][gc,start    ] GC(144) Pause Young (Normal) (G1 Evacuation Pause)
[2026-01-16T08:24:16.150+0000][gc,task     ] GC(144) Using 8 workers of 8 for evacuation
[2026-01-16T08:24:16.500+0000][gc,mmu      ] GC(144) MMU target violated: 201.0ms (200.0ms/201.0ms)
[2026-01-16T08:24:16.503+0000][gc,phases   ] GC(144)   Pre Evacuate Collection Set: 17.3ms
[2026-01-16T08:24:16.503+0000][gc,phases   ] GC(144)   Merge Heap Roots: 2.0ms
[2026-01-16T08:24:16.503+0000][gc,phases   ] GC(144)   Evacuate Collection Set: 324.3ms
[2026-01-16T08:24:16.503+0000][gc,phases   ] GC(144)   Post Evacuate Collection Set: 6.4ms
[2026-01-16T08:24:16.503+0000][gc,phases   ] GC(144)   Other: 2.9ms
[2026-01-16T08:24:16.504+0000][gc,heap     ] GC(144) Eden regions: 47->0(46)
[2026-01-16T08:24:16.504+0000][gc,heap     ] GC(144) Survivor regions: 4->5(7)
[2026-01-16T08:24:16.504+0000][gc,heap     ] GC(144) Old regions: 80->80
[2026-01-16T08:24:16.504+0000][gc,heap     ] GC(144) Humongous regions: 149->149
[2026-01-16T08:24:16.504+0000][gc,metaspace] GC(144) Metaspace: 13670K(14016K)->13670K(14016K) NonClass: 12106K(12288K)->12106K(12288K) Class: 1563K(1728K)->1563K(1728K)
[2026-01-16T08:24:16.505+0000][gc          ] GC(144) Pause Young (Normal) (G1 Evacuation Pause) 279M->233M(1024M) 358.905ms
[2026-01-16T08:24:16.505+0000][gc,cpu      ] GC(144) User=0.27s Sys=0.03s Real=0.36s
[2026-01-16T08:24:18.358+0000][gc,start    ] GC(145) Pause Young (Normal) (G1 Evacuation Pause)
[2026-01-16T08:24:18.364+0000][gc,task     ] GC(145) Using 8 workers of 8 for evacuation
[2026-01-16T08:24:18.682+0000][gc,mmu      ] GC(145) MMU target violated: 201.0ms (200.0ms/201.0ms)
[2026-01-16T08:24:18.683+0000][gc,phases   ] GC(145)   Pre Evacuate Collection Set: 38.4ms
[2026-01-16T08:24:18.683+0000][gc,phases   ] GC(145)   Merge Heap Roots: 1.1ms
[2026-01-16T08:24:18.683+0000][gc,phases   ] GC(145)   Evacuate Collection Set: 258.3ms
[2026-01-16T08:24:18.683+0000][gc,phases   ] GC(145)   Post Evacuate Collection Set: 10.6ms
[2026-01-16T08:24:18.683+0000][gc,phases   ] GC(145)   Other: 10.7ms
[2026-01-16T08:24:18.683+0000][gc,heap     ] GC(145) Eden regions: 46->0(47)
[2026-01-16T08:24:18.686+0000][gc,heap     ] GC(145) Survivor regions: 5->4(7)
[2026-01-16T08:24:18.688+0000][gc,heap     ] GC(145) Old regions: 80->82
[2026-01-16T08:24:18.688+0000][gc,heap     ] GC(145) Humongous regions: 149->149
[2026-01-16T08:24:18.689+0000][gc,metaspace] GC(145) Metaspace: 13680K(14016K)->13680K(14016K) NonClass: 12116K(12288K)->12116K(12288K) Class: 1563K(1728K)->1563K(1728K)
[2026-01-16T08:24:18.691+0000][gc          ] GC(145) Pause Young (Normal) (G1 Evacuation Pause) 279M->234M(1024M) 332.142ms
[2026-01-16T08:24:18.691+0000][gc,cpu      ] GC(145) User=0.27s Sys=0.05s Real=0.33s
[2026-01-16T08:24:20.611+0000][gc,start    ] GC(146) Pause Young (Normal) (G1 Evacuation Pause)
[2026-01-16T08:24:20.619+0000][gc,task     ] GC(146) Using 8 workers of 8 for evacuation
[2026-01-16T08:24:22.126+0000][gc,mmu      ] GC(146) MMU target violated: 201.0ms (200.0ms/201.0ms)
[2026-01-16T08:24:22.127+0000][gc,phases   ] GC(146)   Pre Evacuate Collection Set: 53.1ms
[2026-01-16T08:24:22.127+0000][gc,phases   ] GC(146)   Merge Heap Roots: 3.5ms
[2026-01-16T08:24:22.128+0000][gc,phases   ] GC(146)   Evacuate Collection Set: 1176.5ms
[2026-01-16T08:24:22.128+0000][gc,phases   ] GC(146)   Post Evacuate Collection Set: 270.7ms
[2026-01-16T08:24:22.128+0000][gc,phases   ] GC(146)   Other: 10.7ms
[2026-01-16T08:24:22.129+0000][gc,heap     ] GC(146) Eden regions: 47->0(46)
[2026-01-16T08:24:22.129+0000][gc,heap     ] GC(146) Survivor regions: 4->5(7)
[2026-01-16T08:24:22.129+0000][gc,heap     ] GC(146) Old regions: 82->82
[2026-01-16T08:24:22.130+0000][gc,heap     ] GC(146) Humongous regions: 149->149
[2026-01-16T08:24:22.130+0000][gc,metaspace] GC(146) Metaspace: 13687K(14016K)->13687K(14016K) NonClass: 12123K(12288K)->12123K(12288K) Class: 1564K(1728K)->1564K(1728K)
[2026-01-16T08:24:22.131+0000][gc          ] GC(146) Pause Young (Normal) (G1 Evacuation Pause) 281M->235M(1024M) 1519.721ms
[2026-01-16T08:24:22.131+0000][gc,cpu      ] GC(146) User=0.65s Sys=0.08s Real=1.52s
[2026-01-16T08:24:24.680+0000][gc,start    ] GC(147) Pause Young (Normal) (G1 Evacuation Pause)
[2026-01-16T08:24:24.686+0000][gc,task     ] GC(147) Using 8 workers of 8 for evacuation
[2026-01-16T08:24:26.470+0000][gc,mmu      ] GC(147) MMU target violated: 201.0ms (200.0ms/201.0ms)
[2026-01-16T08:24:26.474+0000][gc,phases   ] GC(147)   Pre Evacuate Collection Set: 158.9ms
[2026-01-16T08:24:26.481+0000][gc,phases   ] GC(147)   Merge Heap Roots: 120.7ms
[2026-01-16T08:24:26.484+0000][gc,phases   ] GC(147)   Evacuate Collection Set: 1428.8ms
[2026-01-16T08:24:26.484+0000][gc,phases   ] GC(147)   Post Evacuate Collection Set: 75.6ms
[2026-01-16T08:24:26.485+0000][gc,phases   ] GC(147)   Other: 9.0ms
[2026-01-16T08:24:26.488+0000][gc,heap     ] GC(147) Eden regions: 46->0(46)
[2026-01-16T08:24:26.488+0000][gc,heap     ] GC(147) Survivor regions: 5->5(7)
[2026-01-16T08:24:26.489+0000][gc,heap     ] GC(147) Old regions: 82->83
[2026-01-16T08:24:26.489+0000][gc,heap     ] GC(147) Humongous regions: 149->149
[2026-01-16T08:24:26.491+0000][gc,metaspace] GC(147) Metaspace: 13691K(14016K)->13691K(14016K) NonClass: 12126K(12288K)->12126K(12288K) Class: 1565K(1728K)->1565K(1728K)
[2026-01-16T08:24:26.493+0000][gc          ] GC(147) Pause Young (Normal) (G1 Evacuation Pause) 281M->235M(1024M) 1813.525ms
[2026-01-16T08:24:26.496+0000][gc,cpu      ] GC(147) User=0.54s Sys=0.13s Real=1.82s
[2026-01-16T08:24:31.820+0000][gc,start    ] GC(148) Pause Young (Normal) (G1 Evacuation Pause)
[2026-01-16T08:24:31.821+0000][gc,task     ] GC(148) Using 8 workers of 8 for evacuation
[2026-01-16T08:24:32.732+0000][gc,mmu      ] GC(148) MMU target violated: 201.0ms (200.0ms/201.0ms)
[2026-01-16T08:24:32.737+0000][gc,phases   ] GC(148)   Pre Evacuate Collection Set: 88.9ms
[2026-01-16T08:24:32.738+0000][gc,phases   ] GC(148)   Merge Heap Roots: 1.3ms
[2026-01-16T08:24:32.741+0000][gc,phases   ] GC(148)   Evacuate Collection Set: 736.1ms
[2026-01-16T08:24:32.742+0000][gc,phases   ] GC(148)   Post Evacuate Collection Set: 83.8ms
[2026-01-16T08:24:32.746+0000][gc,phases   ] GC(148)   Other: 6.5ms
[2026-01-16T08:24:32.746+0000][gc,heap     ] GC(148) Eden regions: 46->0(46)
[2026-01-16T08:24:32.746+0000][gc,heap     ] GC(148) Survivor regions: 5->5(7)
[2026-01-16T08:24:32.746+0000][gc,heap     ] GC(148) Old regions: 83->84
[2026-01-16T08:24:32.748+0000][gc,heap     ] GC(148) Humongous regions: 149->149
[2026-01-16T08:24:32.749+0000][gc,metaspace] GC(148) Metaspace: 13702K(14016K)->13702K(14016K) NonClass: 12134K(12288K)->12134K(12288K) Class: 1568K(1728K)->1568K(1728K)
[2026-01-16T08:24:32.749+0000][gc          ] GC(148) Pause Young (Normal) (G1 Evacuation Pause) 281M->236M(1024M) 929.152ms
[2026-01-16T08:24:32.750+0000][gc,cpu      ] GC(148) User=0.46s Sys=0.05s Real=0.93s
[2026-01-16T08:24:36.159+0000][gc,start    ] GC(149) Pause Young (Normal) (G1 Evacuation Pause)
[2026-01-16T08:24:36.160+0000][gc,task     ] GC(149) Using 8 workers of 8 for evacuation
[2026-01-16T08:24:36.811+0000][gc,mmu      ] GC(149) MMU target violated: 201.0ms (200.0ms/201.0ms)
[2026-01-16T08:24:36.813+0000][gc,phases   ] GC(149)   Pre Evacuate Collection Set: 39.5ms
[2026-01-16T08:24:36.813+0000][gc,phases   ] GC(149)   Merge Heap Roots: 11.8ms
[2026-01-16T08:24:36.814+0000][gc,phases   ] GC(149)   Evacuate Collection Set: 565.1ms
[2026-01-16T08:24:36.818+0000][gc,phases   ] GC(149)   Post Evacuate Collection Set: 34.0ms
[2026-01-16T08:24:36.821+0000][gc,phases   ] GC(149)   Other: 3.3ms
[2026-01-16T08:24:36.822+0000][gc,heap     ] GC(149) Eden regions: 46->0(47)
[2026-01-16T08:24:36.822+0000][gc,heap     ] GC(149) Survivor regions: 5->4(7)
[2026-01-16T08:24:36.824+0000][gc,heap     ] GC(149) Old regions: 84->85
[2026-01-16T08:24:36.824+0000][gc,heap     ] GC(149) Humongous regions: 149->149
[2026-01-16T08:24:36.826+0000][gc,metaspace] GC(149) Metaspace: 13717K(14016K)->13717K(14016K) NonClass: 12145K(12288K)->12145K(12288K) Class: 1571K(1728K)->1571K(1728K)
[2026-01-16T08:24:36.828+0000][gc          ] GC(149) Pause Young (Normal) (G1 Evacuation Pause) 282M->236M(1024M) 668.807ms
[2026-01-16T08:24:36.829+0000][gc,cpu      ] GC(149) User=0.30s Sys=0.01s Real=0.67s
[2026-01-16T08:24:38.086+0000][gc,start    ] GC(150) Pause Young (Normal) (G1 Evacuation Pause)
[2026-01-16T08:24:38.095+0000][gc,task     ] GC(150) Using 8 workers of 8 for evacuation
[2026-01-16T08:24:38.658+0000][gc,mmu      ] GC(150) MMU target violated: 201.0ms (200.0ms/201.0ms)
[2026-01-16T08:24:38.660+0000][gc,phases   ] GC(150)   Pre Evacuate Collection Set: 16.5ms
[2026-01-16T08:24:38.671+0000][gc,phases   ] GC(150)   Merge Heap Roots: 3.1ms
[2026-01-16T08:24:38.671+0000][gc,phases   ] GC(150)   Evacuate Collection Set: 525.0ms
[2026-01-16T08:24:38.671+0000][gc,phases   ] GC(150)   Post Evacuate Collection Set: 9.5ms
[2026-01-16T08:24:38.674+0000][gc,phases   ] GC(150)   Other: 12.0ms
[2026-01-16T08:24:38.674+0000][gc,heap     ] GC(150) Eden regions: 47->0(46)
[2026-01-16T08:24:38.674+0000][gc,heap     ] GC(150) Survivor regions: 4->5(7)
[2026-01-16T08:24:38.675+0000][gc,heap     ] GC(150) Old regions: 85->85
[2026-01-16T08:24:38.676+0000][gc,heap     ] GC(150) Humongous regions: 149->149
[2026-01-16T08:24:38.678+0000][gc,metaspace] GC(150) Metaspace: 13717K(14016K)->13717K(14016K) NonClass: 12145K(12288K)->12145K(12288K) Class: 1571K(1728K)->1571K(1728K)
[2026-01-16T08:24:38.678+0000][gc          ] GC(150) Pause Young (Normal) (G1 Evacuation Pause) 283M->237M(1024M) 591.941ms
[2026-01-16T08:24:38.678+0000][gc,cpu      ] GC(150) User=0.20s Sys=0.02s Real=0.59s
[2026-01-16T08:24:40.593+0000][gc,start    ] GC(151) Pause Young (Normal) (G1 Evacuation Pause)
[2026-01-16T08:24:40.596+0000][gc,task     ] GC(151) Using 8 workers of 8 for evacuation
[2026-01-16T08:24:41.737+0000][gc,mmu      ] GC(151) MMU target violated: 201.0ms (200.0ms/201.0ms)
[2026-01-16T08:24:41.750+0000][gc,phases   ] GC(151)   Pre Evacuate Collection Set: 20.5ms
[2026-01-16T08:24:41.756+0000][gc,phases   ] GC(151)   Merge Heap Roots: 8.4ms
[2026-01-16T08:24:41.760+0000][gc,phases   ] GC(151)   Evacuate Collection Set: 1053.5ms
[2026-01-16T08:24:41.763+0000][gc,phases   ] GC(151)   Post Evacuate Collection Set: 52.7ms
[2026-01-16T08:24:41.766+0000][gc,phases   ] GC(151)   Other: 19.1ms
[2026-01-16T08:24:41.769+0000][gc,heap     ] GC(151) Eden regions: 46->0(46)
[2026-01-16T08:24:41.772+0000][gc,heap     ] GC(151) Survivor regions: 5->5(7)
[2026-01-16T08:24:41.774+0000][gc,heap     ] GC(151) Old regions: 85->85
[2026-01-16T08:24:41.775+0000][gc,heap     ] GC(151) Humongous regions: 149->149
[2026-01-16T08:24:41.775+0000][gc,metaspace] GC(151) Metaspace: 13717K(14016K)->13717K(14016K) NonClass: 12146K(12288K)->12146K(12288K) Class: 1571K(1728K)->1571K(1728K)
[2026-01-16T08:24:41.777+0000][gc          ] GC(151) Pause Young (Normal) (G1 Evacuation Pause) 283M->238M(1024M) 1183.715ms
[2026-01-16T08:24:41.782+0000][gc,cpu      ] GC(151) User=0.39s Sys=0.05s Real=1.19s
[2026-01-16T08:24:46.538+0000][gc,start    ] GC(152) Pause Young (Normal) (G1 Evacuation Pause)
[2026-01-16T08:24:46.543+0000][gc,task     ] GC(152) Using 8 workers of 8 for evacuation
[2026-01-16T08:24:48.013+0000][gc,mmu      ] GC(152) MMU target violated: 201.0ms (200.0ms/201.0ms)
[2026-01-16T08:24:48.014+0000][gc,phases   ] GC(152)   Pre Evacuate Collection Set: 41.4ms
[2026-01-16T08:24:48.018+0000][gc,phases   ] GC(152)   Merge Heap Roots: 19.0ms
[2026-01-16T08:24:48.018+0000][gc,phases   ] GC(152)   Evacuate Collection Set: 1330.2ms
[2026-01-16T08:24:48.018+0000][gc,phases   ] GC(152)   Post Evacuate Collection Set: 73.2ms
[2026-01-16T08:24:48.019+0000][gc,phases   ] GC(152)   Other: 9.2ms
[2026-01-16T08:24:48.020+0000][gc,heap     ] GC(152) Eden regions: 46->0(46)
[2026-01-16T08:24:48.023+0000][gc,heap     ] GC(152) Survivor regions: 5->5(7)
[2026-01-16T08:24:48.023+0000][gc,heap     ] GC(152) Old regions: 85->86
[2026-01-16T08:24:48.024+0000][gc,heap     ] GC(152) Humongous regions: 149->149
[2026-01-16T08:24:48.024+0000][gc,metaspace] GC(152) Metaspace: 13717K(14016K)->13717K(14016K) NonClass: 12146K(12288K)->12146K(12288K) Class: 1571K(1728K)->1571K(1728K)
[2026-01-16T08:24:48.024+0000][gc          ] GC(152) Pause Young (Normal) (G1 Evacuation Pause) 284M->239M(1024M) 1485.752ms
[2026-01-16T08:24:48.025+0000][gc,cpu      ] GC(152) User=0.76s Sys=0.09s Real=1.48s
[2026-01-16T08:24:51.765+0000][gc,start    ] GC(153) Pause Young (Normal) (G1 Evacuation Pause)
[2026-01-16T08:24:51.924+0000][gc,task     ] GC(153) Using 8 workers of 8 for evacuation
[2026-01-16T08:24:54.482+0000][gc,mmu      ] GC(153) MMU target violated: 201.0ms (200.0ms/201.0ms)
[2026-01-16T08:24:54.489+0000][gc,phases   ] GC(153)   Pre Evacuate Collection Set: 395.8ms
[2026-01-16T08:24:54.491+0000][gc,phases   ] GC(153)   Merge Heap Roots: 14.4ms
[2026-01-16T08:24:54.496+0000][gc,phases   ] GC(153)   Evacuate Collection Set: 2027.2ms
[2026-01-16T08:24:54.496+0000][gc,phases   ] GC(153)   Post Evacuate Collection Set: 98.8ms
[2026-01-16T08:24:54.498+0000][gc,phases   ] GC(153)   Other: 134.8ms
[2026-01-16T08:24:54.498+0000][gc,heap     ] GC(153) Eden regions: 46->0(47)
[2026-01-16T08:24:54.499+0000][gc,heap     ] GC(153) Survivor regions: 5->4(7)
[2026-01-16T08:24:54.502+0000][gc,heap     ] GC(153) Old regions: 86->88
[2026-01-16T08:24:54.503+0000][gc,heap     ] GC(153) Humongous regions: 149->149
[2026-01-16T08:24:54.503+0000][gc,metaspace] GC(153) Metaspace: 13717K(14016K)->13717K(14016K) NonClass: 12146K(12288K)->12146K(12288K) Class: 1571K(1728K)->1571K(1728K)
[2026-01-16T08:24:54.506+0000][gc          ] GC(153) Pause Young (Normal) (G1 Evacuation Pause) 285M->240M(1024M) 2741.572ms
[2026-01-16T08:24:54.509+0000][gc,cpu      ] GC(153) User=1.18s Sys=0.19s Real=2.75s
[2026-01-16T08:24:59.553+0000][gc,start    ] GC(154) Pause Young (Normal) (G1 Evacuation Pause)
[2026-01-16T08:24:59.559+0000][gc,task     ] GC(154) Using 8 workers of 8 for evacuation
[2026-01-16T08:25:00.427+0000][gc,mmu      ] GC(154) MMU target violated: 201.0ms (200.0ms/201.0ms)
[2026-01-16T08:25:00.428+0000][gc,phases   ] GC(154)   Pre Evacuate Collection Set: 66.1ms
[2026-01-16T08:25:00.428+0000][gc,phases   ] GC(154)   Merge Heap Roots: 22.0ms
[2026-01-16T08:25:00.428+0000][gc,phases   ] GC(154)   Evacuate Collection Set: 757.9ms
[2026-01-16T08:25:00.429+0000][gc,phases   ] GC(154)   Post Evacuate Collection Set: 20.6ms
[2026-01-16T08:25:00.433+0000][gc,phases   ] GC(154)   Other: 3.8ms
[2026-01-16T08:25:00.446+0000][gc,heap     ] GC(154) Eden regions: 47->0(46)
[2026-01-16T08:25:00.448+0000][gc,heap     ] GC(154) Survivor regions: 4->5(7)
[2026-01-16T08:25:00.451+0000][gc,heap     ] GC(154) Old regions: 88->88
[2026-01-16T08:25:00.451+0000][gc,heap     ] GC(154) Humongous regions: 149->149
[2026-01-16T08:25:00.451+0000][gc,metaspace] GC(154) Metaspace: 13721K(14016K)->13721K(14016K) NonClass: 12149K(12288K)->12149K(12288K) Class: 1571K(1728K)->1571K(1728K)
[2026-01-16T08:25:00.452+0000][gc          ] GC(154) Pause Young (Normal) (G1 Evacuation Pause) 287M->240M(1024M) 904.943ms
[2026-01-16T08:25:00.452+0000][gc,cpu      ] GC(154) User=0.43s Sys=0.04s Real=0.90s
[2026-01-16T08:25:03.358+0000][gc,start    ] GC(155) Pause Young (Normal) (G1 Evacuation Pause)
[2026-01-16T08:25:03.491+0000][gc,task     ] GC(155) Using 8 workers of 8 for evacuation
[2026-01-16T08:25:06.687+0000][gc,mmu      ] GC(155) MMU target violated: 201.0ms (200.0ms/201.0ms)
[2026-01-16T08:25:06.692+0000][gc,phases   ] GC(155)   Pre Evacuate Collection Set: 447.7ms
[2026-01-16T08:25:06.696+0000][gc,phases   ] GC(155)   Merge Heap Roots: 15.9ms
[2026-01-16T08:25:06.697+0000][gc,phases   ] GC(155)   Evacuate Collection Set: 2632.1ms
[2026-01-16T08:25:06.697+0000][gc,phases   ] GC(155)   Post Evacuate Collection Set: 83.9ms
[2026-01-16T08:25:06.703+0000][gc,phases   ] GC(155)   Other: 63.4ms
[2026-01-16T08:25:06.706+0000][gc,heap     ] GC(155) Eden regions: 46->0(46)
[2026-01-16T08:25:06.708+0000][gc,heap     ] GC(155) Survivor regions: 5->5(7)
[2026-01-16T08:25:06.708+0000][gc,heap     ] GC(155) Old regions: 88->88
[2026-01-16T08:25:06.708+0000][gc,heap     ] GC(155) Humongous regions: 149->149
[2026-01-16T08:25:06.709+0000][gc,metaspace] GC(155) Metaspace: 13724K(14080K)->13724K(14080K) NonClass: 12152K(12352K)->12152K(12352K) Class: 1572K(1728K)->1572K(1728K)
[2026-01-16T08:25:06.710+0000][gc          ] GC(155) Pause Young (Normal) (G1 Evacuation Pause) 286M->241M(1024M) 3352.459ms
[2026-01-16T08:25:06.713+0000][gc,cpu      ] GC(155) User=1.18s Sys=0.17s Real=3.38s
[2026-01-16T08:25:11.370+0000][gc,start    ] GC(156) Pause Young (Normal) (G1 Evacuation Pause)
[2026-01-16T08:25:11.372+0000][gc,task     ] GC(156) Using 8 workers of 8 for evacuation
[2026-01-16T08:25:12.009+0000][gc,mmu      ] GC(156) MMU target violated: 201.0ms (200.0ms/201.0ms)
[2026-01-16T08:25:12.014+0000][gc,phases   ] GC(156)   Pre Evacuate Collection Set: 101.1ms
[2026-01-16T08:25:12.015+0000][gc,phases   ] GC(156)   Merge Heap Roots: 0.4ms
[2026-01-16T08:25:12.017+0000][gc,phases   ] GC(156)   Evacuate Collection Set: 495.5ms
[2026-01-16T08:25:12.017+0000][gc,phases   ] GC(156)   Post Evacuate Collection Set: 22.6ms
[2026-01-16T08:25:12.018+0000][gc,phases   ] GC(156)   Other: 24.5ms
[2026-01-16T08:25:12.019+0000][gc,heap     ] GC(156) Eden regions: 46->0(46)
[2026-01-16T08:25:12.019+0000][gc,heap     ] GC(156) Survivor regions: 5->5(7)
[2026-01-16T08:25:12.020+0000][gc,heap     ] GC(156) Old regions: 88->89
[2026-01-16T08:25:12.020+0000][gc,heap     ] GC(156) Humongous regions: 149->149
[2026-01-16T08:25:12.021+0000][gc,metaspace] GC(156) Metaspace: 13727K(14080K)->13727K(14080K) NonClass: 12154K(12352K)->12154K(12352K) Class: 1572K(1728K)->1572K(1728K)
[2026-01-16T08:25:12.021+0000][gc          ] GC(156) Pause Young (Normal) (G1 Evacuation Pause) 287M->242M(1024M) 651.143ms
[2026-01-16T08:25:12.021+0000][gc,cpu      ] GC(156) User=0.33s Sys=0.04s Real=0.65s
[2026-01-16T08:25:16.068+0000][gc,start    ] GC(157) Pause Young (Normal) (G1 Evacuation Pause)
[2026-01-16T08:25:16.069+0000][gc,task     ] GC(157) Using 8 workers of 8 for evacuation
[2026-01-16T08:25:17.400+0000][gc,mmu      ] GC(157) MMU target violated: 201.0ms (200.0ms/201.0ms)
[2026-01-16T08:25:17.400+0000][gc,phases   ] GC(157)   Pre Evacuate Collection Set: 24.9ms
[2026-01-16T08:25:17.401+0000][gc,phases   ] GC(157)   Merge Heap Roots: 17.6ms
[2026-01-16T08:25:17.401+0000][gc,phases   ] GC(157)   Evacuate Collection Set: 1209.1ms
[2026-01-16T08:25:17.402+0000][gc,phases   ] GC(157)   Post Evacuate Collection Set: 68.6ms
[2026-01-16T08:25:17.402+0000][gc,phases   ] GC(157)   Other: 11.0ms
[2026-01-16T08:25:17.402+0000][gc,heap     ] GC(157) Eden regions: 46->0(46)
[2026-01-16T08:25:17.403+0000][gc,heap     ] GC(157) Survivor regions: 5->5(7)
[2026-01-16T08:25:17.403+0000][gc,heap     ] GC(157) Old regions: 89->90
[2026-01-16T08:25:17.404+0000][gc,heap     ] GC(157) Humongous regions: 149->149
[2026-01-16T08:25:17.405+0000][gc,metaspace] GC(157) Metaspace: 13732K(14080K)->13732K(14080K) NonClass: 12159K(12352K)->12159K(12352K) Class: 1572K(1728K)->1572K(1728K)
[2026-01-16T08:25:17.406+0000][gc          ] GC(157) Pause Young (Normal) (G1 Evacuation Pause) 288M->243M(1024M) 1337.430ms
[2026-01-16T08:25:17.406+0000][gc,cpu      ] GC(157) User=0.68s Sys=0.07s Real=1.34s
[2026-01-16T08:25:19.582+0000][gc,start    ] GC(158) Pause Young (Normal) (G1 Evacuation Pause)
[2026-01-16T08:25:19.588+0000][gc,task     ] GC(158) Using 8 workers of 8 for evacuation
[2026-01-16T08:25:19.901+0000][gc,mmu      ] GC(158) MMU target violated: 201.0ms (200.0ms/201.0ms)
[2026-01-16T08:25:19.903+0000][gc,phases   ] GC(158)   Pre Evacuate Collection Set: 33.9ms
[2026-01-16T08:25:19.906+0000][gc,phases   ] GC(158)   Merge Heap Roots: 10.9ms
[2026-01-16T08:25:19.908+0000][gc,phases   ] GC(158)   Evacuate Collection Set: 230.2ms
[2026-01-16T08:25:19.912+0000][gc,phases   ] GC(158)   Post Evacuate Collection Set: 10.2ms
[2026-01-16T08:25:19.913+0000][gc,phases   ] GC(158)   Other: 30.8ms
[2026-01-16T08:25:19.913+0000][gc,heap     ] GC(158) Eden regions: 46->0(46)
[2026-01-16T08:25:19.914+0000][gc,heap     ] GC(158) Survivor regions: 5->5(7)
[2026-01-16T08:25:19.914+0000][gc,heap     ] GC(158) Old regions: 90->91
[2026-01-16T08:25:19.914+0000][gc,heap     ] GC(158) Humongous regions: 149->149
[2026-01-16T08:25:19.915+0000][gc,metaspace] GC(158) Metaspace: 13732K(14080K)->13732K(14080K) NonClass: 12159K(12352K)->12159K(12352K) Class: 1572K(1728K)->1572K(1728K)
[2026-01-16T08:25:19.916+0000][gc          ] GC(158) Pause Young (Normal) (G1 Evacuation Pause) 289M->243M(1024M) 333.897ms
[2026-01-16T08:25:19.917+0000][gc,cpu      ] GC(158) User=0.25s Sys=0.05s Real=0.34s
[2026-01-16T08:25:20.265+0000][gc,start    ] GC(159) Pause Young (Normal) (G1 Evacuation Pause)
[2026-01-16T08:25:20.269+0000][gc,task     ] GC(159) Using 8 workers of 8 for evacuation
[2026-01-16T08:25:20.326+0000][gc,phases   ] GC(159)   Pre Evacuate Collection Set: 0.6ms
[2026-01-16T08:25:20.327+0000][gc,phases   ] GC(159)   Merge Heap Roots: 2.0ms
[2026-01-16T08:25:20.328+0000][gc,phases   ] GC(159)   Evacuate Collection Set: 50.0ms
[2026-01-16T08:25:20.328+0000][gc,phases   ] GC(159)   Post Evacuate Collection Set: 2.1ms
[2026-01-16T08:25:20.329+0000][gc,phases   ] GC(159)   Other: 1.9ms
[2026-01-16T08:25:20.329+0000][gc,heap     ] GC(159) Eden regions: 46->0(47)
[2026-01-16T08:25:20.330+0000][gc,heap     ] GC(159) Survivor regions: 5->4(7)
[2026-01-16T08:25:20.333+0000][gc,heap     ] GC(159) Old regions: 91->92
[2026-01-16T08:25:20.336+0000][gc,heap     ] GC(159) Humongous regions: 149->149
[2026-01-16T08:25:20.336+0000][gc,metaspace] GC(159) Metaspace: 13733K(14080K)->13733K(14080K) NonClass: 12160K(12352K)->12160K(12352K) Class: 1572K(1728K)->1572K(1728K)
[2026-01-16T08:25:20.337+0000][gc          ] GC(159) Pause Young (Normal) (G1 Evacuation Pause) 289M->244M(1024M) 71.834ms
[2026-01-16T08:25:20.337+0000][gc,cpu      ] GC(159) User=0.05s Sys=0.02s Real=0.07s
[2026-01-16T08:25:20.600+0000][gc,start    ] GC(160) Pause Young (Normal) (G1 Evacuation Pause)
[2026-01-16T08:25:20.601+0000][gc,task     ] GC(160) Using 8 workers of 8 for evacuation
[2026-01-16T08:25:20.699+0000][gc,phases   ] GC(160)   Pre Evacuate Collection Set: 4.1ms
[2026-01-16T08:25:20.704+0000][gc,phases   ] GC(160)   Merge Heap Roots: 0.1ms
[2026-01-16T08:25:20.707+0000][gc,phases   ] GC(160)   Evacuate Collection Set: 89.2ms
[2026-01-16T08:25:20.709+0000][gc,phases   ] GC(160)   Post Evacuate Collection Set: 4.1ms
[2026-01-16T08:25:20.711+0000][gc,phases   ] GC(160)   Other: 0.7ms
[2026-01-16T08:25:20.713+0000][gc,heap     ] GC(160) Eden regions: 47->0(47)
[2026-01-16T08:25:20.713+0000][gc,heap     ] GC(160) Survivor regions: 4->4(7)
[2026-01-16T08:25:20.714+0000][gc,heap     ] GC(160) Old regions: 92->93
[2026-01-16T08:25:20.716+0000][gc,heap     ] GC(160) Humongous regions: 149->149
[2026-01-16T08:25:20.719+0000][gc,metaspace] GC(160) Metaspace: 13734K(14080K)->13734K(14080K) NonClass: 12162K(12352K)->12162K(12352K) Class: 1572K(1728K)->1572K(1728K)
[2026-01-16T08:25:20.723+0000][gc          ] GC(160) Pause Young (Normal) (G1 Evacuation Pause) 291M->245M(1024M) 122.195ms
[2026-01-16T08:25:20.725+0000][gc,cpu      ] GC(160) User=0.06s Sys=0.02s Real=0.13s
[2026-01-16T08:25:21.085+0000][gc,start    ] GC(161) Pause Young (Normal) (G1 Evacuation Pause)
[2026-01-16T08:25:21.087+0000][gc,task     ] GC(161) Using 8 workers of 8 for evacuation
[2026-01-16T08:25:21.130+0000][gc,phases   ] GC(161)   Pre Evacuate Collection Set: 3.0ms
[2026-01-16T08:25:21.130+0000][gc,phases   ] GC(161)   Merge Heap Roots: 0.4ms
[2026-01-16T08:25:21.131+0000][gc,phases   ] GC(161)   Evacuate Collection Set: 31.2ms
[2026-01-16T08:25:21.133+0000][gc,phases   ] GC(161)   Post Evacuate Collection Set: 2.2ms
[2026-01-16T08:25:21.134+0000][gc,phases   ] GC(161)   Other: 5.6ms
[2026-01-16T08:25:21.136+0000][gc,heap     ] GC(161) Eden regions: 47->0(47)
[2026-01-16T08:25:21.138+0000][gc,heap     ] GC(161) Survivor regions: 4->4(7)
[2026-01-16T08:25:21.138+0000][gc,heap     ] GC(161) Old regions: 93->93
[2026-01-16T08:25:21.140+0000][gc,heap     ] GC(161) Humongous regions: 149->149
[2026-01-16T08:25:21.140+0000][gc,metaspace] GC(161) Metaspace: 13735K(14080K)->13735K(14080K) NonClass: 12162K(12352K)->12162K(12352K) Class: 1572K(1728K)->1572K(1728K)
[2026-01-16T08:25:21.141+0000][gc          ] GC(161) Pause Young (Normal) (G1 Evacuation Pause) 292M->245M(1024M) 55.931ms
[2026-01-16T08:25:21.141+0000][gc,cpu      ] GC(161) User=0.04s Sys=0.01s Real=0.05s
[2026-01-16T08:25:23.081+0000][gc,start    ] GC(162) Pause Young (Normal) (G1 Evacuation Pause)
[2026-01-16T08:25:23.084+0000][gc,task     ] GC(162) Using 8 workers of 8 for evacuation
[2026-01-16T08:25:23.989+0000][gc,mmu      ] GC(162) MMU target violated: 201.0ms (200.0ms/201.0ms)
[2026-01-16T08:25:23.996+0000][gc,phases   ] GC(162)   Pre Evacuate Collection Set: 46.7ms
[2026-01-16T08:25:23.997+0000][gc,phases   ] GC(162)   Merge Heap Roots: 5.1ms
[2026-01-16T08:25:23.997+0000][gc,phases   ] GC(162)   Evacuate Collection Set: 812.5ms
[2026-01-16T08:25:23.998+0000][gc,phases   ] GC(162)   Post Evacuate Collection Set: 22.3ms
[2026-01-16T08:25:23.998+0000][gc,phases   ] GC(162)   Other: 24.9ms
[2026-01-16T08:25:23.999+0000][gc,heap     ] GC(162) Eden regions: 47->0(47)
[2026-01-16T08:25:23.999+0000][gc,heap     ] GC(162) Survivor regions: 4->4(7)
[2026-01-16T08:25:23.999+0000][gc,heap     ] GC(162) Old regions: 93->94
[2026-01-16T08:25:24.000+0000][gc,heap     ] GC(162) Humongous regions: 149->149
[2026-01-16T08:25:24.000+0000][gc,metaspace] GC(162) Metaspace: 13735K(14080K)->13735K(14080K) NonClass: 12162K(12352K)->12162K(12352K) Class: 1572K(1728K)->1572K(1728K)
[2026-01-16T08:25:24.002+0000][gc          ] GC(162) Pause Young (Normal) (G1 Evacuation Pause) 292M->246M(1024M) 920.845ms
[2026-01-16T08:25:24.006+0000][gc,cpu      ] GC(162) User=0.44s Sys=0.06s Real=0.93s
[2026-01-16T08:25:26.771+0000][gc,start    ] GC(163) Pause Young (Normal) (G1 Evacuation Pause)
[2026-01-16T08:25:26.786+0000][gc,task     ] GC(163) Using 8 workers of 8 for evacuation
[2026-01-16T08:25:28.400+0000][gc,mmu      ] GC(163) MMU target violated: 201.0ms (200.0ms/201.0ms)
[2026-01-16T08:25:28.402+0000][gc,phases   ] GC(163)   Pre Evacuate Collection Set: 139.5ms
[2026-01-16T08:25:28.403+0000][gc,phases   ] GC(163)   Merge Heap Roots: 7.9ms
[2026-01-16T08:25:28.405+0000][gc,phases   ] GC(163)   Evacuate Collection Set: 1354.5ms
[2026-01-16T08:25:28.406+0000][gc,phases   ] GC(163)   Post Evacuate Collection Set: 91.3ms
[2026-01-16T08:25:28.408+0000][gc,phases   ] GC(163)   Other: 22.5ms
[2026-01-16T08:25:28.411+0000][gc,heap     ] GC(163) Eden regions: 47->0(47)
[2026-01-16T08:25:28.412+0000][gc,heap     ] GC(163) Survivor regions: 4->4(7)
[2026-01-16T08:25:28.415+0000][gc,heap     ] GC(163) Old regions: 94->95
[2026-01-16T08:25:28.416+0000][gc,heap     ] GC(163) Humongous regions: 149->149
[2026-01-16T08:25:28.416+0000][gc,metaspace] GC(163) Metaspace: 13741K(14080K)->13741K(14080K) NonClass: 12168K(12352K)->12168K(12352K) Class: 1572K(1728K)->1572K(1728K)
[2026-01-16T08:25:28.418+0000][gc          ] GC(163) Pause Young (Normal) (G1 Evacuation Pause) 293M->247M(1024M) 1647.408ms
[2026-01-16T08:25:28.423+0000][gc,cpu      ] GC(163) User=0.80s Sys=0.12s Real=1.67s
[2026-01-16T08:25:31.720+0000][gc,start    ] GC(164) Pause Young (Normal) (G1 Evacuation Pause)
[2026-01-16T08:25:31.720+0000][gc,task     ] GC(164) Using 8 workers of 8 for evacuation
[2026-01-16T08:25:32.180+0000][gc,mmu      ] GC(164) MMU target violated: 201.0ms (200.0ms/201.0ms)
[2026-01-16T08:25:32.184+0000][gc,phases   ] GC(164)   Pre Evacuate Collection Set: 71.3ms
[2026-01-16T08:25:32.185+0000][gc,phases   ] GC(164)   Merge Heap Roots: 1.3ms
[2026-01-16T08:25:32.187+0000][gc,phases   ] GC(164)   Evacuate Collection Set: 378.4ms
[2026-01-16T08:25:32.188+0000][gc,phases   ] GC(164)   Post Evacuate Collection Set: 13.1ms
[2026-01-16T08:25:32.189+0000][gc,phases   ] GC(164)   Other: 5.8ms
[2026-01-16T08:25:32.189+0000][gc,heap     ] GC(164) Eden regions: 47->0(47)
[2026-01-16T08:25:32.190+0000][gc,heap     ] GC(164) Survivor regions: 4->4(7)
[2026-01-16T08:25:32.190+0000][gc,heap     ] GC(164) Old regions: 95->96
[2026-01-16T08:25:32.190+0000][gc,heap     ] GC(164) Humongous regions: 149->149
[2026-01-16T08:25:32.191+0000][gc,metaspace] GC(164) Metaspace: 13743K(14080K)->13743K(14080K) NonClass: 12170K(12352K)->12170K(12352K) Class: 1573K(1728K)->1573K(1728K)
[2026-01-16T08:25:32.194+0000][gc          ] GC(164) Pause Young (Normal) (G1 Evacuation Pause) 294M->248M(1024M) 480.374ms
[2026-01-16T08:25:32.196+0000][gc,cpu      ] GC(164) User=0.31s Sys=0.04s Real=0.48s
[2026-01-16T08:25:36.351+0000][gc,start    ] GC(165) Pause Young (Normal) (G1 Evacuation Pause)
[2026-01-16T08:25:36.363+0000][gc,task     ] GC(165) Using 8 workers of 8 for evacuation
[2026-01-16T08:25:37.726+0000][gc,mmu      ] GC(165) MMU target violated: 201.0ms (200.0ms/201.0ms)
[2026-01-16T08:25:37.727+0000][gc,phases   ] GC(165)   Pre Evacuate Collection Set: 88.0ms
[2026-01-16T08:25:37.729+0000][gc,phases   ] GC(165)   Merge Heap Roots: 6.5ms
[2026-01-16T08:25:37.732+0000][gc,phases   ] GC(165)   Evacuate Collection Set: 1198.1ms
[2026-01-16T08:25:37.732+0000][gc,phases   ] GC(165)   Post Evacuate Collection Set: 54.8ms
[2026-01-16T08:25:37.732+0000][gc,phases   ] GC(165)   Other: 22.1ms
[2026-01-16T08:25:37.732+0000][gc,heap     ] GC(165) Eden regions: 47->0(46)
[2026-01-16T08:25:37.732+0000][gc,heap     ] GC(165) Survivor regions: 4->5(7)
[2026-01-16T08:25:37.733+0000][gc,heap     ] GC(165) Old regions: 96->96
[2026-01-16T08:25:37.733+0000][gc,heap     ] GC(165) Humongous regions: 149->149
[2026-01-16T08:25:37.733+0000][gc,metaspace] GC(165) Metaspace: 13744K(14080K)->13744K(14080K) NonClass: 12170K(12352K)->12170K(12352K) Class: 1573K(1728K)->1573K(1728K)
[2026-01-16T08:25:37.733+0000][gc          ] GC(165) Pause Young (Normal) (G1 Evacuation Pause) 295M->248M(1024M) 1382.428ms
[2026-01-16T08:25:37.733+0000][gc,cpu      ] GC(165) User=0.58s Sys=0.08s Real=1.38s
[2026-01-16T08:25:41.430+0000][gc,start    ] GC(166) Pause Young (Normal) (G1 Evacuation Pause)
[2026-01-16T08:25:41.434+0000][gc,task     ] GC(166) Using 8 workers of 8 for evacuation
[2026-01-16T08:25:41.749+0000][gc,mmu      ] GC(166) MMU target violated: 201.0ms (200.0ms/201.0ms)
[2026-01-16T08:25:41.751+0000][gc,phases   ] GC(166)   Pre Evacuate Collection Set: 38.2ms
[2026-01-16T08:25:41.753+0000][gc,phases   ] GC(166)   Merge Heap Roots: 0.9ms
[2026-01-16T08:25:41.753+0000][gc,phases   ] GC(166)   Evacuate Collection Set: 261.7ms
[2026-01-16T08:25:41.753+0000][gc,phases   ] GC(166)   Post Evacuate Collection Set: 13.6ms
[2026-01-16T08:25:41.754+0000][gc,phases   ] GC(166)   Other: 2.4ms
[2026-01-16T08:25:41.754+0000][gc,heap     ] GC(166) Eden regions: 46->0(46)
[2026-01-16T08:25:41.754+0000][gc,heap     ] GC(166) Survivor regions: 5->5(7)
[2026-01-16T08:25:41.755+0000][gc,heap     ] GC(166) Old regions: 96->97
[2026-01-16T08:25:41.757+0000][gc,heap     ] GC(166) Humongous regions: 149->149
[2026-01-16T08:25:41.757+0000][gc,metaspace] GC(166) Metaspace: 13745K(14080K)->13745K(14080K) NonClass: 12172K(12352K)->12172K(12352K) Class: 1573K(1728K)->1573K(1728K)
[2026-01-16T08:25:41.760+0000][gc          ] GC(166) Pause Young (Normal) (G1 Evacuation Pause) 294M->249M(1024M) 329.904ms
[2026-01-16T08:25:41.765+0000][gc,cpu      ] GC(166) User=0.30s Sys=0.03s Real=0.33s
[2026-01-16T08:25:42.850+0000][gc,start    ] GC(167) Pause Young (Normal) (G1 Evacuation Pause)
[2026-01-16T08:25:42.852+0000][gc,task     ] GC(167) Using 8 workers of 8 for evacuation
[2026-01-16T08:25:42.995+0000][gc,phases   ] GC(167)   Pre Evacuate Collection Set: 9.3ms
[2026-01-16T08:25:42.998+0000][gc,phases   ] GC(167)   Merge Heap Roots: 0.9ms
[2026-01-16T08:25:42.998+0000][gc,phases   ] GC(167)   Evacuate Collection Set: 128.8ms
[2026-01-16T08:25:42.999+0000][gc,phases   ] GC(167)   Post Evacuate Collection Set: 1.5ms
[2026-01-16T08:25:43.000+0000][gc,phases   ] GC(167)   Other: 2.6ms
[2026-01-16T08:25:43.001+0000][gc,heap     ] GC(167) Eden regions: 46->0(47)
[2026-01-16T08:25:43.005+0000][gc,heap     ] GC(167) Survivor regions: 5->4(7)
[2026-01-16T08:25:43.006+0000][gc,heap     ] GC(167) Old regions: 97->98
[2026-01-16T08:25:43.007+0000][gc,heap     ] GC(167) Humongous regions: 149->149
[2026-01-16T08:25:43.007+0000][gc,metaspace] GC(167) Metaspace: 13755K(14080K)->13755K(14080K) NonClass: 12182K(12352K)->12182K(12352K) Class: 1573K(1728K)->1573K(1728K)
[2026-01-16T08:25:43.008+0000][gc          ] GC(167) Pause Young (Normal) (G1 Evacuation Pause) 295M->250M(1024M) 158.260ms
[2026-01-16T08:25:43.008+0000][gc,cpu      ] GC(167) User=0.09s Sys=0.01s Real=0.16s
[2026-01-16T08:25:43.617+0000][gc,start    ] GC(168) Pause Young (Normal) (G1 Evacuation Pause)
[2026-01-16T08:25:43.618+0000][gc,task     ] GC(168) Using 8 workers of 8 for evacuation
[2026-01-16T08:25:43.733+0000][gc,phases   ] GC(168)   Pre Evacuate Collection Set: 4.8ms
[2026-01-16T08:25:43.733+0000][gc,phases   ] GC(168)   Merge Heap Roots: 0.3ms
[2026-01-16T08:25:43.737+0000][gc,phases   ] GC(168)   Evacuate Collection Set: 106.7ms
[2026-01-16T08:25:43.737+0000][gc,phases   ] GC(168)   Post Evacuate Collection Set: 2.4ms
[2026-01-16T08:25:43.740+0000][gc,phases   ] GC(168)   Other: 0.8ms
[2026-01-16T08:25:43.741+0000][gc,heap     ] GC(168) Eden regions: 47->0(46)
[2026-01-16T08:25:43.744+0000][gc,heap     ] GC(168) Survivor regions: 4->5(7)
[2026-01-16T08:25:43.747+0000][gc,heap     ] GC(168) Old regions: 98->98
[2026-01-16T08:25:43.749+0000][gc,heap     ] GC(168) Humongous regions: 149->149
[2026-01-16T08:25:43.749+0000][gc,metaspace] GC(168) Metaspace: 13758K(14080K)->13758K(14080K) NonClass: 12185K(12352K)->12185K(12352K) Class: 1573K(1728K)->1573K(1728K)
[2026-01-16T08:25:43.750+0000][gc          ] GC(168) Pause Young (Normal) (G1 Evacuation Pause) 297M->251M(1024M) 133.205ms
[2026-01-16T08:25:43.750+0000][gc,cpu      ] GC(168) User=0.07s Sys=0.00s Real=0.14s
[2026-01-16T08:25:44.358+0000][gc,start    ] GC(169) Pause Young (Normal) (G1 Evacuation Pause)
[2026-01-16T08:25:44.366+0000][gc,task     ] GC(169) Using 8 workers of 8 for evacuation
[2026-01-16T08:25:44.510+0000][gc,phases   ] GC(169)   Pre Evacuate Collection Set: 42.8ms
[2026-01-16T08:25:44.519+0000][gc,phases   ] GC(169)   Merge Heap Roots: 7.8ms
[2026-01-16T08:25:44.519+0000][gc,phases   ] GC(169)   Evacuate Collection Set: 91.1ms
[2026-01-16T08:25:44.521+0000][gc,phases   ] GC(169)   Post Evacuate Collection Set: 1.5ms
[2026-01-16T08:25:44.522+0000][gc,phases   ] GC(169)   Other: 0.9ms
[2026-01-16T08:25:44.522+0000][gc,heap     ] GC(169) Eden regions: 46->0(46)
[2026-01-16T08:25:44.523+0000][gc,heap     ] GC(169) Survivor regions: 5->5(7)
[2026-01-16T08:25:44.523+0000][gc,heap     ] GC(169) Old regions: 98->99
[2026-01-16T08:25:44.523+0000][gc,heap     ] GC(169) Humongous regions: 149->149
[2026-01-16T08:25:44.523+0000][gc,metaspace] GC(169) Metaspace: 13766K(14080K)->13766K(14080K) NonClass: 12191K(12352K)->12191K(12352K) Class: 1574K(1728K)->1574K(1728K)
[2026-01-16T08:25:44.524+0000][gc          ] GC(169) Pause Young (Normal) (G1 Evacuation Pause) 297M->251M(1024M) 165.718ms
[2026-01-16T08:25:44.524+0000][gc,cpu      ] GC(169) User=0.09s Sys=0.02s Real=0.16s
[2026-01-16T08:25:45.087+0000][gc,start    ] GC(170) Pause Young (Normal) (G1 Evacuation Pause)
[2026-01-16T08:25:45.090+0000][gc,task     ] GC(170) Using 8 workers of 8 for evacuation
[2026-01-16T08:25:45.279+0000][gc,phases   ] GC(170)   Pre Evacuate Collection Set: 51.8ms
[2026-01-16T08:25:45.279+0000][gc,phases   ] GC(170)   Merge Heap Roots: 0.6ms
[2026-01-16T08:25:45.280+0000][gc,phases   ] GC(170)   Evacuate Collection Set: 114.2ms
[2026-01-16T08:25:45.280+0000][gc,phases   ] GC(170)   Post Evacuate Collection Set: 8.6ms
[2026-01-16T08:25:45.281+0000][gc,phases   ] GC(170)   Other: 12.9ms
[2026-01-16T08:25:45.292+0000][gc,heap     ] GC(170) Eden regions: 46->0(46)
[2026-01-16T08:25:45.292+0000][gc,heap     ] GC(170) Survivor regions: 5->5(7)
[2026-01-16T08:25:45.294+0000][gc,heap     ] GC(170) Old regions: 99->99
[2026-01-16T08:25:45.294+0000][gc,heap     ] GC(170) Humongous regions: 149->149
[2026-01-16T08:25:45.295+0000][gc,metaspace] GC(170) Metaspace: 13767K(14080K)->13767K(14080K) NonClass: 12192K(12352K)->12192K(12352K) Class: 1574K(1728K)->1574K(1728K)
[2026-01-16T08:25:45.295+0000][gc          ] GC(170) Pause Young (Normal) (G1 Evacuation Pause) 297M->252M(1024M) 207.954ms
[2026-01-16T08:25:45.296+0000][gc,cpu      ] GC(170) User=0.06s Sys=0.00s Real=0.21s
[2026-01-16T08:25:46.174+0000][gc,start    ] GC(171) Pause Young (Normal) (G1 Evacuation Pause)
[2026-01-16T08:25:46.177+0000][gc,task     ] GC(171) Using 8 workers of 8 for evacuation
[2026-01-16T08:25:46.410+0000][gc,mmu      ] GC(171) MMU target violated: 201.0ms (200.0ms/201.0ms)
[2026-01-16T08:25:46.411+0000][gc,phases   ] GC(171)   Pre Evacuate Collection Set: 17.2ms
[2026-01-16T08:25:46.411+0000][gc,phases   ] GC(171)   Merge Heap Roots: 1.5ms
[2026-01-16T08:25:46.412+0000][gc,phases   ] GC(171)   Evacuate Collection Set: 202.1ms
[2026-01-16T08:25:46.414+0000][gc,phases   ] GC(171)   Post Evacuate Collection Set: 8.9ms
[2026-01-16T08:25:46.415+0000][gc,phases   ] GC(171)   Other: 4.5ms
[2026-01-16T08:25:46.417+0000][gc,heap     ] GC(171) Eden regions: 46->0(46)
[2026-01-16T08:25:46.418+0000][gc,heap     ] GC(171) Survivor regions: 5->5(7)
[2026-01-16T08:25:46.418+0000][gc,heap     ] GC(171) Old regions: 99->101
[2026-01-16T08:25:46.418+0000][gc,heap     ] GC(171) Humongous regions: 149->149
[2026-01-16T08:25:46.420+0000][gc,metaspace] GC(171) Metaspace: 13773K(14080K)->13773K(14080K) NonClass: 12198K(12352K)->12198K(12352K) Class: 1574K(1728K)->1574K(1728K)
[2026-01-16T08:25:46.422+0000][gc          ] GC(171) Pause Young (Normal) (G1 Evacuation Pause) 298M->253M(1024M) 248.249ms
[2026-01-16T08:25:46.424+0000][gc,cpu      ] GC(171) User=0.12s Sys=0.04s Real=0.25s
[2026-01-16T08:25:47.404+0000][gc,start    ] GC(172) Pause Young (Normal) (G1 Evacuation Pause)
[2026-01-16T08:25:47.477+0000][gc,task     ] GC(172) Using 8 workers of 8 for evacuation
[2026-01-16T08:25:47.834+0000][gc,mmu      ] GC(172) MMU target violated: 201.0ms (200.0ms/201.0ms)
[2026-01-16T08:25:47.834+0000][gc,phases   ] GC(172)   Pre Evacuate Collection Set: 11.0ms
[2026-01-16T08:25:47.835+0000][gc,phases   ] GC(172)   Merge Heap Roots: 6.5ms
[2026-01-16T08:25:47.835+0000][gc,phases   ] GC(172)   Evacuate Collection Set: 287.6ms
[2026-01-16T08:25:47.835+0000][gc,phases   ] GC(172)   Post Evacuate Collection Set: 49.0ms
[2026-01-16T08:25:47.835+0000][gc,phases   ] GC(172)   Other: 63.8ms
[2026-01-16T08:25:47.835+0000][gc,heap     ] GC(172) Eden regions: 46->0(47)
[2026-01-16T08:25:47.835+0000][gc,heap     ] GC(172) Survivor regions: 5->4(7)
[2026-01-16T08:25:47.835+0000][gc,heap     ] GC(172) Old regions: 101->101
[2026-01-16T08:25:47.840+0000][gc,heap     ] GC(172) Humongous regions: 149->149
[2026-01-16T08:25:47.840+0000][gc,metaspace] GC(172) Metaspace: 13774K(14080K)->13774K(14080K) NonClass: 12199K(12352K)->12199K(12352K) Class: 1574K(1728K)->1574K(1728K)
[2026-01-16T08:25:47.840+0000][gc          ] GC(172) Pause Young (Normal) (G1 Evacuation Pause) 299M->253M(1024M) 436.262ms
[2026-01-16T08:25:47.840+0000][gc,cpu      ] GC(172) User=0.21s Sys=0.04s Real=0.44s
[2026-01-16T08:25:48.479+0000][gc,start    ] GC(173) Pause Young (Normal) (G1 Evacuation Pause)
[2026-01-16T08:25:48.480+0000][gc,task     ] GC(173) Using 8 workers of 8 for evacuation
[2026-01-16T08:25:48.571+0000][gc,phases   ] GC(173)   Pre Evacuate Collection Set: 5.3ms
[2026-01-16T08:25:48.573+0000][gc,phases   ] GC(173)   Merge Heap Roots: 0.5ms
[2026-01-16T08:25:48.577+0000][gc,phases   ] GC(173)   Evacuate Collection Set: 80.8ms
[2026-01-16T08:25:48.577+0000][gc,phases   ] GC(173)   Post Evacuate Collection Set: 3.1ms
[2026-01-16T08:25:48.578+0000][gc,phases   ] GC(173)   Other: 1.8ms
[2026-01-16T08:25:48.578+0000][gc,heap     ] GC(173) Eden regions: 47->0(47)
[2026-01-16T08:25:48.578+0000][gc,heap     ] GC(173) Survivor regions: 4->4(7)
[2026-01-16T08:25:48.578+0000][gc,heap     ] GC(173) Old regions: 101->102
[2026-01-16T08:25:48.579+0000][gc,heap     ] GC(173) Humongous regions: 149->149
[2026-01-16T08:25:48.579+0000][gc,metaspace] GC(173) Metaspace: 13788K(14144K)->13788K(14144K) NonClass: 12212K(12416K)->12212K(12416K) Class: 1576K(1728K)->1576K(1728K)
[2026-01-16T08:25:48.579+0000][gc          ] GC(173) Pause Young (Normal) (G1 Evacuation Pause) 300M->254M(1024M) 99.719ms
[2026-01-16T08:25:48.580+0000][gc,cpu      ] GC(173) User=0.06s Sys=0.02s Real=0.10s
[2026-01-16T08:25:49.474+0000][gc,start    ] GC(174) Pause Young (Normal) (G1 Evacuation Pause)
[2026-01-16T08:25:49.474+0000][gc,task     ] GC(174) Using 8 workers of 8 for evacuation
[2026-01-16T08:25:49.615+0000][gc,phases   ] GC(174)   Pre Evacuate Collection Set: 11.4ms
[2026-01-16T08:25:49.616+0000][gc,phases   ] GC(174)   Merge Heap Roots: 2.0ms
[2026-01-16T08:25:49.616+0000][gc,phases   ] GC(174)   Evacuate Collection Set: 111.8ms
[2026-01-16T08:25:49.618+0000][gc,phases   ] GC(174)   Post Evacuate Collection Set: 15.9ms
[2026-01-16T08:25:49.625+0000][gc,phases   ] GC(174)   Other: 0.2ms
[2026-01-16T08:25:49.629+0000][gc,heap     ] GC(174) Eden regions: 47->0(46)
[2026-01-16T08:25:49.629+0000][gc,heap     ] GC(174) Survivor regions: 4->5(7)
[2026-01-16T08:25:49.629+0000][gc,heap     ] GC(174) Old regions: 102->102
[2026-01-16T08:25:49.629+0000][gc,heap     ] GC(174) Humongous regions: 149->149
[2026-01-16T08:25:49.629+0000][gc,metaspace] GC(174) Metaspace: 13935K(14208K)->13935K(14208K) NonClass: 12336K(12480K)->12336K(12480K) Class: 1599K(1728K)->1599K(1728K)
[2026-01-16T08:25:49.630+0000][gc          ] GC(174) Pause Young (Normal) (G1 Evacuation Pause) 301M->255M(1024M) 155.736ms
[2026-01-16T08:25:49.630+0000][gc,cpu      ] GC(174) User=0.11s Sys=0.00s Real=0.16s
[2026-01-16T08:25:51.695+0000][gc,start    ] GC(175) Pause Young (Normal) (G1 Evacuation Pause)
[2026-01-16T08:25:51.701+0000][gc,task     ] GC(175) Using 8 workers of 8 for evacuation
[2026-01-16T08:25:52.062+0000][gc,mmu      ] GC(175) MMU target violated: 201.0ms (200.0ms/201.0ms)
[2026-01-16T08:25:52.062+0000][gc,phases   ] GC(175)   Pre Evacuate Collection Set: 16.6ms
[2026-01-16T08:25:52.063+0000][gc,phases   ] GC(175)   Merge Heap Roots: 1.0ms
[2026-01-16T08:25:52.063+0000][gc,phases   ] GC(175)   Evacuate Collection Set: 307.7ms
[2026-01-16T08:25:52.064+0000][gc,phases   ] GC(175)   Post Evacuate Collection Set: 34.8ms
[2026-01-16T08:25:52.075+0000][gc,phases   ] GC(175)   Other: 1.7ms
[2026-01-16T08:25:52.076+0000][gc,heap     ] GC(175) Eden regions: 46->0(46)
[2026-01-16T08:25:52.082+0000][gc,heap     ] GC(175) Survivor regions: 5->5(7)
[2026-01-16T08:25:52.082+0000][gc,heap     ] GC(175) Old regions: 102->103
[2026-01-16T08:25:52.083+0000][gc,heap     ] GC(175) Humongous regions: 149->149
[2026-01-16T08:25:52.084+0000][gc,metaspace] GC(175) Metaspace: 13952K(14272K)->13952K(14272K) NonClass: 12353K(12544K)->12353K(12544K) Class: 1599K(1728K)->1599K(1728K)
[2026-01-16T08:25:52.085+0000][gc          ] GC(175) Pause Young (Normal) (G1 Evacuation Pause) 301M->255M(1024M) 390.105ms
[2026-01-16T08:25:52.086+0000][gc,cpu      ] GC(175) User=0.20s Sys=0.03s Real=0.39s
[2026-01-16T08:25:53.191+0000][gc,start    ] GC(176) Pause Young (Normal) (GCLocker Initiated GC)
[2026-01-16T08:25:53.194+0000][gc,task     ] GC(176) Using 8 workers of 8 for evacuation
[2026-01-16T08:25:53.387+0000][gc,phases   ] GC(176)   Pre Evacuate Collection Set: 18.2ms
[2026-01-16T08:25:53.389+0000][gc,phases   ] GC(176)   Merge Heap Roots: 2.3ms
[2026-01-16T08:25:53.391+0000][gc,phases   ] GC(176)   Evacuate Collection Set: 169.3ms
[2026-01-16T08:25:53.393+0000][gc,phases   ] GC(176)   Post Evacuate Collection Set: 1.2ms
[2026-01-16T08:25:53.394+0000][gc,phases   ] GC(176)   Other: 2.6ms
[2026-01-16T08:25:53.398+0000][gc,heap     ] GC(176) Eden regions: 46->0(46)
[2026-01-16T08:25:53.398+0000][gc,heap     ] GC(176) Survivor regions: 5->5(7)
[2026-01-16T08:25:53.399+0000][gc,heap     ] GC(176) Old regions: 103->104
[2026-01-16T08:25:53.399+0000][gc,heap     ] GC(176) Humongous regions: 149->149
[2026-01-16T08:25:53.399+0000][gc,metaspace] GC(176) Metaspace: 13954K(14272K)->13954K(14272K) NonClass: 12355K(12544K)->12355K(12544K) Class: 1599K(1728K)->1599K(1728K)
[2026-01-16T08:25:53.403+0000][gc          ] GC(176) Pause Young (Normal) (GCLocker Initiated GC) 301M->256M(1024M) 211.411ms
[2026-01-16T08:25:53.404+0000][gc,cpu      ] GC(176) User=0.11s Sys=0.00s Real=0.21s
[2026-01-16T08:25:54.323+0000][gc,start    ] GC(177) Pause Young (Normal) (G1 Evacuation Pause)
[2026-01-16T08:25:54.324+0000][gc,task     ] GC(177) Using 8 workers of 8 for evacuation
[2026-01-16T08:25:54.621+0000][gc,mmu      ] GC(177) MMU target violated: 201.0ms (200.0ms/201.0ms)
[2026-01-16T08:25:54.623+0000][gc,phases   ] GC(177)   Pre Evacuate Collection Set: 0.6ms
[2026-01-16T08:25:54.623+0000][gc,phases   ] GC(177)   Merge Heap Roots: 1.5ms
[2026-01-16T08:25:54.623+0000][gc,phases   ] GC(177)   Evacuate Collection Set: 283.3ms
[2026-01-16T08:25:54.626+0000][gc,phases   ] GC(177)   Post Evacuate Collection Set: 11.7ms
[2026-01-16T08:25:54.630+0000][gc,phases   ] GC(177)   Other: 2.0ms
[2026-01-16T08:25:54.631+0000][gc,heap     ] GC(177) Eden regions: 46->0(46)
[2026-01-16T08:25:54.631+0000][gc,heap     ] GC(177) Survivor regions: 5->5(7)
[2026-01-16T08:25:54.632+0000][gc,heap     ] GC(177) Old regions: 104->104
[2026-01-16T08:25:54.632+0000][gc,heap     ] GC(177) Humongous regions: 149->149
[2026-01-16T08:25:54.632+0000][gc,metaspace] GC(177) Metaspace: 13957K(14272K)->13957K(14272K) NonClass: 12357K(12544K)->12357K(12544K) Class: 1599K(1728K)->1599K(1728K)
[2026-01-16T08:25:54.632+0000][gc          ] GC(177) Pause Young (Normal) (G1 Evacuation Pause) 302M->257M(1024M) 308.611ms
[2026-01-16T08:25:54.632+0000][gc,cpu      ] GC(177) User=0.09s Sys=0.03s Real=0.31s
[2026-01-16T08:25:55.540+0000][gc,start    ] GC(178) Pause Young (Normal) (G1 Evacuation Pause)
[2026-01-16T08:25:55.543+0000][gc,task     ] GC(178) Using 8 workers of 8 for evacuation
[2026-01-16T08:25:55.823+0000][gc,mmu      ] GC(178) MMU target violated: 201.0ms (200.0ms/201.0ms)
[2026-01-16T08:25:55.824+0000][gc,phases   ] GC(178)   Pre Evacuate Collection Set: 9.2ms
[2026-01-16T08:25:55.824+0000][gc,phases   ] GC(178)   Merge Heap Roots: 3.6ms
[2026-01-16T08:25:55.824+0000][gc,phases   ] GC(178)   Evacuate Collection Set: 236.8ms
[2026-01-16T08:25:55.834+0000][gc,phases   ] GC(178)   Post Evacuate Collection Set: 29.7ms
[2026-01-16T08:25:55.835+0000][gc,phases   ] GC(178)   Other: 1.6ms
[2026-01-16T08:25:55.836+0000][gc,heap     ] GC(178) Eden regions: 46->0(46)
[2026-01-16T08:25:55.837+0000][gc,heap     ] GC(178) Survivor regions: 5->5(7)
[2026-01-16T08:25:55.837+0000][gc,heap     ] GC(178) Old regions: 104->105
[2026-01-16T08:25:55.838+0000][gc,heap     ] GC(178) Humongous regions: 149->149
[2026-01-16T08:25:55.838+0000][gc,metaspace] GC(178) Metaspace: 13972K(14272K)->13972K(14272K) NonClass: 12369K(12544K)->12369K(12544K) Class: 1603K(1728K)->1603K(1728K)
[2026-01-16T08:25:55.840+0000][gc          ] GC(178) Pause Young (Normal) (G1 Evacuation Pause) 303M->258M(1024M) 299.985ms
[2026-01-16T08:25:55.842+0000][gc,cpu      ] GC(178) User=0.11s Sys=0.02s Real=0.30s
[2026-01-16T08:25:58.705+0000][gc,start    ] GC(179) Pause Young (Normal) (G1 Evacuation Pause)
[2026-01-16T08:25:58.761+0000][gc,task     ] GC(179) Using 8 workers of 8 for evacuation
[2026-01-16T08:25:59.738+0000][gc,mmu      ] GC(179) MMU target violated: 201.0ms (200.0ms/201.0ms)
[2026-01-16T08:25:59.738+0000][gc,phases   ] GC(179)   Pre Evacuate Collection Set: 64.0ms
[2026-01-16T08:25:59.741+0000][gc,phases   ] GC(179)   Merge Heap Roots: 10.1ms
[2026-01-16T08:25:59.741+0000][gc,phases   ] GC(179)   Evacuate Collection Set: 834.5ms
[2026-01-16T08:25:59.741+0000][gc,phases   ] GC(179)   Post Evacuate Collection Set: 38.3ms
[2026-01-16T08:25:59.745+0000][gc,phases   ] GC(179)   Other: 71.1ms
[2026-01-16T08:25:59.746+0000][gc,heap     ] GC(179) Eden regions: 46->0(47)
[2026-01-16T08:25:59.746+0000][gc,heap     ] GC(179) Survivor regions: 5->4(7)
[2026-01-16T08:25:59.746+0000][gc,heap     ] GC(179) Old regions: 105->107
[2026-01-16T08:25:59.747+0000][gc,heap     ] GC(179) Humongous regions: 149->149
[2026-01-16T08:25:59.747+0000][gc,metaspace] GC(179) Metaspace: 14008K(14336K)->14008K(14336K) NonClass: 12395K(12544K)->12395K(12544K) Class: 1613K(1792K)->1613K(1792K)
[2026-01-16T08:25:59.748+0000][gc          ] GC(179) Pause Young (Normal) (G1 Evacuation Pause) 304M->258M(1024M) 1043.142ms
[2026-01-16T08:25:59.748+0000][gc,cpu      ] GC(179) User=0.46s Sys=0.07s Real=1.05s
[2026-01-16T08:26:03.304+0000][gc,start    ] GC(180) Pause Young (Normal) (G1 Evacuation Pause)
[2026-01-16T08:26:03.315+0000][gc,task     ] GC(180) Using 8 workers of 8 for evacuation
[2026-01-16T08:26:03.488+0000][gc,phases   ] GC(180)   Pre Evacuate Collection Set: 48.4ms
[2026-01-16T08:26:03.491+0000][gc,phases   ] GC(180)   Merge Heap Roots: 25.8ms
[2026-01-16T08:26:03.491+0000][gc,phases   ] GC(180)   Evacuate Collection Set: 93.2ms
[2026-01-16T08:26:03.491+0000][gc,phases   ] GC(180)   Post Evacuate Collection Set: 4.8ms
[2026-01-16T08:26:03.491+0000][gc,phases   ] GC(180)   Other: 0.9ms
[2026-01-16T08:26:03.492+0000][gc,heap     ] GC(180) Eden regions: 47->0(47)
[2026-01-16T08:26:03.492+0000][gc,heap     ] GC(180) Survivor regions: 4->4(7)
[2026-01-16T08:26:03.492+0000][gc,heap     ] GC(180) Old regions: 107->107
[2026-01-16T08:26:03.492+0000][gc,heap     ] GC(180) Humongous regions: 149->149
[2026-01-16T08:26:03.492+0000][gc,metaspace] GC(180) Metaspace: 14072K(14400K)->14072K(14400K) NonClass: 12450K(12608K)->12450K(12608K) Class: 1622K(1792K)->1622K(1792K)
[2026-01-16T08:26:03.493+0000][gc          ] GC(180) Pause Young (Normal) (G1 Evacuation Pause) 305M->259M(1024M) 188.592ms
[2026-01-16T08:26:03.493+0000][gc,cpu      ] GC(180) User=0.12s Sys=0.00s Real=0.19s
[2026-01-16T08:26:05.549+0000][gc,start    ] GC(181) Pause Young (Normal) (G1 Evacuation Pause)
[2026-01-16T08:26:05.549+0000][gc,task     ] GC(181) Using 8 workers of 8 for evacuation
[2026-01-16T08:26:06.038+0000][gc,mmu      ] GC(181) MMU target violated: 201.0ms (200.0ms/201.0ms)
[2026-01-16T08:26:06.043+0000][gc,phases   ] GC(181)   Pre Evacuate Collection Set: 7.8ms
[2026-01-16T08:26:06.045+0000][gc,phases   ] GC(181)   Merge Heap Roots: 5.6ms
[2026-01-16T08:26:06.045+0000][gc,phases   ] GC(181)   Evacuate Collection Set: 444.4ms
[2026-01-16T08:26:06.046+0000][gc,phases   ] GC(181)   Post Evacuate Collection Set: 28.0ms
[2026-01-16T08:26:06.046+0000][gc,phases   ] GC(181)   Other: 7.4ms
[2026-01-16T08:26:06.047+0000][gc,heap     ] GC(181) Eden regions: 47->0(46)
[2026-01-16T08:26:06.047+0000][gc,heap     ] GC(181) Survivor regions: 4->5(7)
[2026-01-16T08:26:06.048+0000][gc,heap     ] GC(181) Old regions: 107->107
[2026-01-16T08:26:06.048+0000][gc,heap     ] GC(181) Humongous regions: 149->149
[2026-01-16T08:26:06.050+0000][gc,metaspace] GC(181) Metaspace: 14127K(14464K)->14127K(14464K) NonClass: 12491K(12672K)->12491K(12672K) Class: 1636K(1792K)->1636K(1792K)
[2026-01-16T08:26:06.051+0000][gc          ] GC(181) Pause Young (Normal) (G1 Evacuation Pause) 306M->260M(1024M) 502.014ms
[2026-01-16T08:26:06.053+0000][gc,cpu      ] GC(181) User=0.23s Sys=0.01s Real=0.51s
[2026-01-16T08:26:08.983+0000][gc,start    ] GC(182) Pause Young (Normal) (G1 Evacuation Pause)
[2026-01-16T08:26:08.989+0000][gc,task     ] GC(182) Using 8 workers of 8 for evacuation
[2026-01-16T08:26:09.847+0000][gc,mmu      ] GC(182) MMU target violated: 201.0ms (200.0ms/201.0ms)
[2026-01-16T08:26:09.854+0000][gc,phases   ] GC(182)   Pre Evacuate Collection Set: 43.9ms
[2026-01-16T08:26:09.856+0000][gc,phases   ] GC(182)   Merge Heap Roots: 11.0ms
[2026-01-16T08:26:09.857+0000][gc,phases   ] GC(182)   Evacuate Collection Set: 787.2ms
[2026-01-16T08:26:09.859+0000][gc,phases   ] GC(182)   Post Evacuate Collection Set: 13.2ms
[2026-01-16T08:26:09.860+0000][gc,phases   ] GC(182)   Other: 8.9ms
[2026-01-16T08:26:09.861+0000][gc,heap     ] GC(182) Eden regions: 46->0(47)
[2026-01-16T08:26:09.862+0000][gc,heap     ] GC(182) Survivor regions: 5->4(7)
[2026-01-16T08:26:09.862+0000][gc,heap     ] GC(182) Old regions: 107->109
[2026-01-16T08:26:09.866+0000][gc,heap     ] GC(182) Humongous regions: 149->149
[2026-01-16T08:26:09.867+0000][gc,metaspace] GC(182) Metaspace: 14137K(14464K)->14137K(14464K) NonClass: 12500K(12672K)->12500K(12672K) Class: 1637K(1792K)->1637K(1792K)
[2026-01-16T08:26:09.868+0000][gc          ] GC(182) Pause Young (Normal) (G1 Evacuation Pause) 306M->261M(1024M) 885.272ms
[2026-01-16T08:26:09.869+0000][gc,cpu      ] GC(182) User=0.38s Sys=0.10s Real=0.88s
[2026-01-16T08:26:12.316+0000][gc,start    ] GC(183) Pause Young (Normal) (G1 Evacuation Pause)
[2026-01-16T08:26:12.356+0000][gc,task     ] GC(183) Using 8 workers of 8 for evacuation
[2026-01-16T08:26:12.759+0000][gc,mmu      ] GC(183) MMU target violated: 201.0ms (200.0ms/201.0ms)
[2026-01-16T08:26:12.761+0000][gc,phases   ] GC(183)   Pre Evacuate Collection Set: 117.1ms
[2026-01-16T08:26:12.764+0000][gc,phases   ] GC(183)   Merge Heap Roots: 22.6ms
[2026-01-16T08:26:12.765+0000][gc,phases   ] GC(183)   Evacuate Collection Set: 236.2ms
[2026-01-16T08:26:12.766+0000][gc,phases   ] GC(183)   Post Evacuate Collection Set: 14.0ms
[2026-01-16T08:26:12.776+0000][gc,phases   ] GC(183)   Other: 35.6ms
[2026-01-16T08:26:12.776+0000][gc,heap     ] GC(183) Eden regions: 47->0(46)
[2026-01-16T08:26:12.776+0000][gc,heap     ] GC(183) Survivor regions: 4->5(7)
[2026-01-16T08:26:12.776+0000][gc,heap     ] GC(183) Old regions: 109->109
[2026-01-16T08:26:12.776+0000][gc,heap     ] GC(183) Humongous regions: 149->149
[2026-01-16T08:26:12.776+0000][gc,metaspace] GC(183) Metaspace: 14138K(14464K)->14138K(14464K) NonClass: 12501K(12672K)->12501K(12672K) Class: 1637K(1792K)->1637K(1792K)
[2026-01-16T08:26:12.776+0000][gc          ] GC(183) Pause Young (Normal) (G1 Evacuation Pause) 308M->261M(1024M) 460.504ms
[2026-01-16T08:26:12.776+0000][gc,cpu      ] GC(183) User=0.25s Sys=0.03s Real=0.46s
[2026-01-16T08:26:13.527+0000][gc,start    ] GC(184) Pause Young (Normal) (G1 Evacuation Pause)
[2026-01-16T08:26:13.539+0000][gc,task     ] GC(184) Using 8 workers of 8 for evacuation
[2026-01-16T08:26:13.729+0000][gc,phases   ] GC(184)   Pre Evacuate Collection Set: 6.9ms
[2026-01-16T08:26:13.730+0000][gc,phases   ] GC(184)   Merge Heap Roots: 1.9ms
[2026-01-16T08:26:13.730+0000][gc,phases   ] GC(184)   Evacuate Collection Set: 174.6ms
[2026-01-16T08:26:13.730+0000][gc,phases   ] GC(184)   Post Evacuate Collection Set: 4.1ms
[2026-01-16T08:26:13.731+0000][gc,phases   ] GC(184)   Other: 2.0ms
[2026-01-16T08:26:13.732+0000][gc,heap     ] GC(184) Eden regions: 46->0(46)
[2026-01-16T08:26:13.732+0000][gc,heap     ] GC(184) Survivor regions: 5->5(7)
[2026-01-16T08:26:13.732+0000][gc,heap     ] GC(184) Old regions: 109->109
[2026-01-16T08:26:13.732+0000][gc,heap     ] GC(184) Humongous regions: 149->149
[2026-01-16T08:26:13.732+0000][gc,metaspace] GC(184) Metaspace: 14138K(14464K)->14138K(14464K) NonClass: 12501K(12672K)->12501K(12672K) Class: 1637K(1792K)->1637K(1792K)
[2026-01-16T08:26:13.732+0000][gc          ] GC(184) Pause Young (Normal) (G1 Evacuation Pause) 307M->262M(1024M) 204.723ms
[2026-01-16T08:26:13.732+0000][gc,cpu      ] GC(184) User=0.08s Sys=0.02s Real=0.21s
[2026-01-16T08:26:14.487+0000][gc,start    ] GC(185) Pause Young (Normal) (G1 Evacuation Pause)
[2026-01-16T08:26:14.489+0000][gc,task     ] GC(185) Using 8 workers of 8 for evacuation
[2026-01-16T08:26:14.679+0000][gc,phases   ] GC(185)   Pre Evacuate Collection Set: 3.3ms
[2026-01-16T08:26:14.680+0000][gc,phases   ] GC(185)   Merge Heap Roots: 1.0ms
[2026-01-16T08:26:14.681+0000][gc,phases   ] GC(185)   Evacuate Collection Set: 180.1ms
[2026-01-16T08:26:14.681+0000][gc,phases   ] GC(185)   Post Evacuate Collection Set: 5.4ms
[2026-01-16T08:26:14.681+0000][gc,phases   ] GC(185)   Other: 0.7ms
[2026-01-16T08:26:14.681+0000][gc,heap     ] GC(185) Eden regions: 46->0(46)
[2026-01-16T08:26:14.682+0000][gc,heap     ] GC(185) Survivor regions: 5->5(7)
[2026-01-16T08:26:14.682+0000][gc,heap     ] GC(185) Old regions: 109->110
[2026-01-16T08:26:14.682+0000][gc,heap     ] GC(185) Humongous regions: 149->149
[2026-01-16T08:26:14.682+0000][gc,metaspace] GC(185) Metaspace: 14146K(14464K)->14146K(14464K) NonClass: 12509K(12672K)->12509K(12672K) Class: 1637K(1792K)->1637K(1792K)
[2026-01-16T08:26:14.683+0000][gc          ] GC(185) Pause Young (Normal) (G1 Evacuation Pause) 308M->263M(1024M) 196.197ms
[2026-01-16T08:26:14.684+0000][gc,cpu      ] GC(185) User=0.08s Sys=0.04s Real=0.20s
[2026-01-16T08:26:15.413+0000][gc,start    ] GC(186) Pause Young (Normal) (G1 Evacuation Pause)
[2026-01-16T08:26:15.415+0000][gc,task     ] GC(186) Using 8 workers of 8 for evacuation
[2026-01-16T08:26:15.638+0000][gc,mmu      ] GC(186) MMU target violated: 201.0ms (200.0ms/201.0ms)
[2026-01-16T08:26:15.640+0000][gc,phases   ] GC(186)   Pre Evacuate Collection Set: 22.7ms
[2026-01-16T08:26:15.640+0000][gc,phases   ] GC(186)   Merge Heap Roots: 2.1ms
[2026-01-16T08:26:15.641+0000][gc,phases   ] GC(186)   Evacuate Collection Set: 170.4ms
[2026-01-16T08:26:15.641+0000][gc,phases   ] GC(186)   Post Evacuate Collection Set: 27.0ms
[2026-01-16T08:26:15.641+0000][gc,phases   ] GC(186)   Other: 2.9ms
[2026-01-16T08:26:15.641+0000][gc,heap     ] GC(186) Eden regions: 46->0(46)
[2026-01-16T08:26:15.642+0000][gc,heap     ] GC(186) Survivor regions: 5->5(7)
[2026-01-16T08:26:15.642+0000][gc,heap     ] GC(186) Old regions: 110->111
[2026-01-16T08:26:15.642+0000][gc,heap     ] GC(186) Humongous regions: 149->149
[2026-01-16T08:26:15.642+0000][gc,metaspace] GC(186) Metaspace: 14158K(14464K)->14158K(14464K) NonClass: 12521K(12672K)->12521K(12672K) Class: 1637K(1792K)->1637K(1792K)
[2026-01-16T08:26:15.644+0000][gc          ] GC(186) Pause Young (Normal) (G1 Evacuation Pause) 309M->263M(1024M) 230.875ms
[2026-01-16T08:26:15.647+0000][gc,cpu      ] GC(186) User=0.10s Sys=0.01s Real=0.23s
[2026-01-16T08:26:16.288+0000][gc,start    ] GC(187) Pause Young (Normal) (G1 Evacuation Pause)
[2026-01-16T08:26:16.289+0000][gc,task     ] GC(187) Using 8 workers of 8 for evacuation
[2026-01-16T08:26:16.398+0000][gc,phases   ] GC(187)   Pre Evacuate Collection Set: 9.3ms
[2026-01-16T08:26:16.399+0000][gc,phases   ] GC(187)   Merge Heap Roots: 2.7ms
[2026-01-16T08:26:16.399+0000][gc,phases   ] GC(187)   Evacuate Collection Set: 89.5ms
[2026-01-16T08:26:16.399+0000][gc,phases   ] GC(187)   Post Evacuate Collection Set: 6.3ms
[2026-01-16T08:26:16.399+0000][gc,phases   ] GC(187)   Other: 1.2ms
[2026-01-16T08:26:16.401+0000][gc,heap     ] GC(187) Eden regions: 46->0(46)
[2026-01-16T08:26:16.401+0000][gc,heap     ] GC(187) Survivor regions: 5->5(7)
[2026-01-16T08:26:16.401+0000][gc,heap     ] GC(187) Old regions: 111->112
[2026-01-16T08:26:16.404+0000][gc,heap     ] GC(187) Humongous regions: 149->149
[2026-01-16T08:26:16.405+0000][gc,metaspace] GC(187) Metaspace: 14162K(14464K)->14162K(14464K) NonClass: 12525K(12672K)->12525K(12672K) Class: 1637K(1792K)->1637K(1792K)
[2026-01-16T08:26:16.405+0000][gc          ] GC(187) Pause Young (Normal) (G1 Evacuation Pause) 309M->264M(1024M) 116.824ms
[2026-01-16T08:26:16.407+0000][gc,cpu      ] GC(187) User=0.07s Sys=0.02s Real=0.12s
[2026-01-16T08:26:17.032+0000][gc,start    ] GC(188) Pause Young (Normal) (G1 Evacuation Pause)
[2026-01-16T08:26:17.032+0000][gc,task     ] GC(188) Using 8 workers of 8 for evacuation
[2026-01-16T08:26:17.152+0000][gc,phases   ] GC(188)   Pre Evacuate Collection Set: 7.5ms
[2026-01-16T08:26:17.153+0000][gc,phases   ] GC(188)   Merge Heap Roots: 17.9ms
[2026-01-16T08:26:17.154+0000][gc,phases   ] GC(188)   Evacuate Collection Set: 90.4ms
[2026-01-16T08:26:17.154+0000][gc,phases   ] GC(188)   Post Evacuate Collection Set: 2.7ms
[2026-01-16T08:26:17.154+0000][gc,phases   ] GC(188)   Other: 1.1ms
[2026-01-16T08:26:17.154+0000][gc,heap     ] GC(188) Eden regions: 46->0(46)
[2026-01-16T08:26:17.155+0000][gc,heap     ] GC(188) Survivor regions: 5->5(7)
[2026-01-16T08:26:17.155+0000][gc,heap     ] GC(188) Old regions: 112->112
[2026-01-16T08:26:17.159+0000][gc,heap     ] GC(188) Humongous regions: 149->149
[2026-01-16T08:26:17.160+0000][gc,metaspace] GC(188) Metaspace: 14169K(14464K)->14169K(14464K) NonClass: 12532K(12672K)->12532K(12672K) Class: 1637K(1792K)->1637K(1792K)
[2026-01-16T08:26:17.160+0000][gc          ] GC(188) Pause Young (Normal) (G1 Evacuation Pause) 310M->265M(1024M) 128.383ms
[2026-01-16T08:26:17.161+0000][gc,cpu      ] GC(188) User=0.07s Sys=0.01s Real=0.12s
[2026-01-16T08:26:17.805+0000][gc,start    ] GC(189) Pause Young (Normal) (G1 Evacuation Pause)
[2026-01-16T08:26:17.820+0000][gc,task     ] GC(189) Using 8 workers of 8 for evacuation
[2026-01-16T08:26:17.985+0000][gc,phases   ] GC(189)   Pre Evacuate Collection Set: 6.5ms
[2026-01-16T08:26:17.989+0000][gc,phases   ] GC(189)   Merge Heap Roots: 0.3ms
[2026-01-16T08:26:17.989+0000][gc,phases   ] GC(189)   Evacuate Collection Set: 138.4ms
[2026-01-16T08:26:17.990+0000][gc,phases   ] GC(189)   Post Evacuate Collection Set: 4.3ms
[2026-01-16T08:26:17.990+0000][gc,phases   ] GC(189)   Other: 16.2ms
[2026-01-16T08:26:17.991+0000][gc,heap     ] GC(189) Eden regions: 46->0(46)
[2026-01-16T08:26:17.992+0000][gc,heap     ] GC(189) Survivor regions: 5->5(7)
[2026-01-16T08:26:17.993+0000][gc,heap     ] GC(189) Old regions: 112->113
[2026-01-16T08:26:17.993+0000][gc,heap     ] GC(189) Humongous regions: 149->149
[2026-01-16T08:26:17.994+0000][gc,metaspace] GC(189) Metaspace: 14180K(14528K)->14180K(14528K) NonClass: 12542K(12736K)->12542K(12736K) Class: 1637K(1792K)->1637K(1792K)
[2026-01-16T08:26:17.995+0000][gc          ] GC(189) Pause Young (Normal) (G1 Evacuation Pause) 311M->265M(1024M) 190.034ms
[2026-01-16T08:26:17.995+0000][gc,cpu      ] GC(189) User=0.10s Sys=0.02s Real=0.19s
[2026-01-16T08:26:18.962+0000][gc,start    ] GC(190) Pause Young (Normal) (G1 Evacuation Pause)
[2026-01-16T08:26:18.962+0000][gc,task     ] GC(190) Using 8 workers of 8 for evacuation
[2026-01-16T08:26:19.082+0000][gc,phases   ] GC(190)   Pre Evacuate Collection Set: 10.9ms
[2026-01-16T08:26:19.084+0000][gc,phases   ] GC(190)   Merge Heap Roots: 0.6ms
[2026-01-16T08:26:19.086+0000][gc,phases   ] GC(190)   Evacuate Collection Set: 79.6ms
[2026-01-16T08:26:19.087+0000][gc,phases   ] GC(190)   Post Evacuate Collection Set: 27.2ms
[2026-01-16T08:26:19.088+0000][gc,phases   ] GC(190)   Other: 1.6ms
[2026-01-16T08:26:19.088+0000][gc,heap     ] GC(190) Eden regions: 46->0(66)
[2026-01-16T08:26:19.089+0000][gc,heap     ] GC(190) Survivor regions: 5->5(7)
[2026-01-16T08:26:19.089+0000][gc,heap     ] GC(190) Old regions: 113->114
[2026-01-16T08:26:19.089+0000][gc,heap     ] GC(190) Humongous regions: 149->149
[2026-01-16T08:26:19.090+0000][gc,metaspace] GC(190) Metaspace: 14181K(14528K)->14181K(14528K) NonClass: 12544K(12736K)->12544K(12736K) Class: 1637K(1792K)->1637K(1792K)
[2026-01-16T08:26:19.090+0000][gc          ] GC(190) Pause Young (Normal) (G1 Evacuation Pause) 311M->266M(1024M) 128.915ms
[2026-01-16T08:26:19.091+0000][gc,cpu      ] GC(190) User=0.12s Sys=0.01s Real=0.13s
[2026-01-16T08:26:20.386+0000][gc,start    ] GC(191) Pause Young (Normal) (G1 Evacuation Pause)
[2026-01-16T08:26:20.388+0000][gc,task     ] GC(191) Using 8 workers of 8 for evacuation
[2026-01-16T08:26:20.986+0000][gc,mmu      ] GC(191) MMU target violated: 201.0ms (200.0ms/201.0ms)
[2026-01-16T08:26:20.992+0000][gc,phases   ] GC(191)   Pre Evacuate Collection Set: 35.3ms
[2026-01-16T08:26:20.993+0000][gc,phases   ] GC(191)   Merge Heap Roots: 6.1ms
[2026-01-16T08:26:20.995+0000][gc,phases   ] GC(191)   Evacuate Collection Set: 501.7ms
[2026-01-16T08:26:20.997+0000][gc,phases   ] GC(191)   Post Evacuate Collection Set: 52.4ms
[2026-01-16T08:26:20.997+0000][gc,phases   ] GC(191)   Other: 8.9ms
[2026-01-16T08:26:20.998+0000][gc,heap     ] GC(191) Eden regions: 72->0(45)
[2026-01-16T08:26:20.999+0000][gc,heap     ] GC(191) Survivor regions: 5->6(10)
[2026-01-16T08:26:21.000+0000][gc,heap     ] GC(191) Old regions: 114->114
[2026-01-16T08:26:21.001+0000][gc,heap     ] GC(191) Humongous regions: 149->149
[2026-01-16T08:26:21.004+0000][gc,metaspace] GC(191) Metaspace: 14183K(14528K)->14183K(14528K) NonClass: 12545K(12736K)->12545K(12736K) Class: 1637K(1792K)->1637K(1792K)
[2026-01-16T08:26:21.010+0000][gc          ] GC(191) Pause Young (Normal) (G1 Evacuation Pause) 338M->267M(1024M) 624.204ms
[2026-01-16T08:26:21.013+0000][gc,cpu      ] GC(191) User=0.35s Sys=0.13s Real=0.63s
[2026-01-16T08:26:21.651+0000][gc,start    ] GC(192) Pause Young (Normal) (G1 Evacuation Pause)
[2026-01-16T08:26:21.652+0000][gc,task     ] GC(192) Using 8 workers of 8 for evacuation
[2026-01-16T08:26:21.830+0000][gc,phases   ] GC(192)   Pre Evacuate Collection Set: 7.2ms
[2026-01-16T08:26:21.847+0000][gc,phases   ] GC(192)   Merge Heap Roots: 3.8ms
[2026-01-16T08:26:21.851+0000][gc,phases   ] GC(192)   Evacuate Collection Set: 157.6ms
[2026-01-16T08:26:21.851+0000][gc,phases   ] GC(192)   Post Evacuate Collection Set: 9.3ms
[2026-01-16T08:26:21.852+0000][gc,phases   ] GC(192)   Other: 0.6ms
[2026-01-16T08:26:21.853+0000][gc,heap     ] GC(192) Eden regions: 45->0(46)
[2026-01-16T08:26:21.853+0000][gc,heap     ] GC(192) Survivor regions: 6->5(7)
[2026-01-16T08:26:21.853+0000][gc,heap     ] GC(192) Old regions: 114->116
[2026-01-16T08:26:21.854+0000][gc,heap     ] GC(192) Humongous regions: 149->149
[2026-01-16T08:26:21.854+0000][gc,metaspace] GC(192) Metaspace: 14185K(14528K)->14185K(14528K) NonClass: 12548K(12736K)->12548K(12736K) Class: 1637K(1792K)->1637K(1792K)
[2026-01-16T08:26:21.854+0000][gc          ] GC(192) Pause Young (Normal) (G1 Evacuation Pause) 312M->268M(1024M) 203.556ms
[2026-01-16T08:26:21.855+0000][gc,cpu      ] GC(192) User=0.05s Sys=0.01s Real=0.20s
[2026-01-16T08:26:22.318+0000][gc,start    ] GC(193) Pause Young (Normal) (G1 Evacuation Pause)
[2026-01-16T08:26:22.319+0000][gc,task     ] GC(193) Using 8 workers of 8 for evacuation
[2026-01-16T08:26:22.595+0000][gc,mmu      ] GC(193) MMU target violated: 201.0ms (200.0ms/201.0ms)
[2026-01-16T08:26:22.596+0000][gc,phases   ] GC(193)   Pre Evacuate Collection Set: 37.6ms
[2026-01-16T08:26:22.597+0000][gc,phases   ] GC(193)   Merge Heap Roots: 6.4ms
[2026-01-16T08:26:22.597+0000][gc,phases   ] GC(193)   Evacuate Collection Set: 204.5ms
[2026-01-16T08:26:22.597+0000][gc,phases   ] GC(193)   Post Evacuate Collection Set: 16.3ms
[2026-01-16T08:26:22.597+0000][gc,phases   ] GC(193)   Other: 12.4ms
[2026-01-16T08:26:22.598+0000][gc,heap     ] GC(193) Eden regions: 46->0(46)
[2026-01-16T08:26:22.598+0000][gc,heap     ] GC(193) Survivor regions: 5->5(7)
[2026-01-16T08:26:22.599+0000][gc,heap     ] GC(193) Old regions: 116->117
[2026-01-16T08:26:22.602+0000][gc,heap     ] GC(193) Humongous regions: 149->149
[2026-01-16T08:26:22.602+0000][gc,metaspace] GC(193) Metaspace: 14185K(14528K)->14185K(14528K) NonClass: 12548K(12736K)->12548K(12736K) Class: 1637K(1792K)->1637K(1792K)
[2026-01-16T08:26:22.602+0000][gc          ] GC(193) Pause Young (Normal) (G1 Evacuation Pause) 314M->269M(1024M) 284.730ms
[2026-01-16T08:26:22.603+0000][gc,cpu      ] GC(193) User=0.13s Sys=0.04s Real=0.29s
[2026-01-16T08:26:23.254+0000][gc,start    ] GC(194) Pause Young (Normal) (G1 Evacuation Pause)
[2026-01-16T08:26:23.255+0000][gc,task     ] GC(194) Using 8 workers of 8 for evacuation
[2026-01-16T08:26:23.456+0000][gc,phases   ] GC(194)   Pre Evacuate Collection Set: 13.4ms
[2026-01-16T08:26:23.457+0000][gc,phases   ] GC(194)   Merge Heap Roots: 1.9ms
[2026-01-16T08:26:23.457+0000][gc,phases   ] GC(194)   Evacuate Collection Set: 172.0ms
[2026-01-16T08:26:23.459+0000][gc,phases   ] GC(194)   Post Evacuate Collection Set: 6.0ms
[2026-01-16T08:26:23.459+0000][gc,phases   ] GC(194)   Other: 8.0ms
[2026-01-16T08:26:23.459+0000][gc,heap     ] GC(194) Eden regions: 46->0(46)
[2026-01-16T08:26:23.460+0000][gc,heap     ] GC(194) Survivor regions: 5->5(7)
[2026-01-16T08:26:23.461+0000][gc,heap     ] GC(194) Old regions: 117->117
[2026-01-16T08:26:23.461+0000][gc,heap     ] GC(194) Humongous regions: 149->149
[2026-01-16T08:26:23.462+0000][gc,metaspace] GC(194) Metaspace: 14185K(14528K)->14185K(14528K) NonClass: 12548K(12736K)->12548K(12736K) Class: 1637K(1792K)->1637K(1792K)
[2026-01-16T08:26:23.466+0000][gc          ] GC(194) Pause Young (Normal) (G1 Evacuation Pause) 315M->270M(1024M) 212.607ms
[2026-01-16T08:26:23.476+0000][gc,cpu      ] GC(194) User=0.10s Sys=0.02s Real=0.21s
[2026-01-16T08:26:24.082+0000][gc,start    ] GC(195) Pause Young (Normal) (G1 Evacuation Pause)
[2026-01-16T08:26:24.083+0000][gc,task     ] GC(195) Using 8 workers of 8 for evacuation
[2026-01-16T08:26:24.311+0000][gc,mmu      ] GC(195) MMU target violated: 201.0ms (200.0ms/201.0ms)
[2026-01-16T08:26:24.312+0000][gc,phases   ] GC(195)   Pre Evacuate Collection Set: 4.3ms
[2026-01-16T08:26:24.313+0000][gc,phases   ] GC(195)   Merge Heap Roots: 4.6ms
[2026-01-16T08:26:24.315+0000][gc,phases   ] GC(195)   Evacuate Collection Set: 201.1ms
[2026-01-16T08:26:24.318+0000][gc,phases   ] GC(195)   Post Evacuate Collection Set: 15.4ms
[2026-01-16T08:26:24.320+0000][gc,phases   ] GC(195)   Other: 3.4ms
[2026-01-16T08:26:24.320+0000][gc,heap     ] GC(195) Eden regions: 46->0(57)
[2026-01-16T08:26:24.321+0000][gc,heap     ] GC(195) Survivor regions: 5->3(7)
[2026-01-16T08:26:24.321+0000][gc,heap     ] GC(195) Old regions: 117->119
[2026-01-16T08:26:24.321+0000][gc,heap     ] GC(195) Humongous regions: 149->149
[2026-01-16T08:26:24.322+0000][gc,metaspace] GC(195) Metaspace: 14189K(14528K)->14189K(14528K) NonClass: 12552K(12736K)->12552K(12736K) Class: 1637K(1792K)->1637K(1792K)
[2026-01-16T08:26:24.322+0000][gc          ] GC(195) Pause Young (Normal) (G1 Evacuation Pause) 316M->270M(1024M) 239.968ms
[2026-01-16T08:26:24.323+0000][gc,cpu      ] GC(195) User=0.09s Sys=0.04s Real=0.24s
[2026-01-16T08:26:25.679+0000][gc,start    ] GC(196) Pause Young (Normal) (G1 Evacuation Pause)
[2026-01-16T08:26:25.680+0000][gc,task     ] GC(196) Using 8 workers of 8 for evacuation
[2026-01-16T08:26:26.018+0000][gc,mmu      ] GC(196) MMU target violated: 201.0ms (200.0ms/201.0ms)
[2026-01-16T08:26:26.020+0000][gc,phases   ] GC(196)   Pre Evacuate Collection Set: 15.2ms
[2026-01-16T08:26:26.020+0000][gc,phases   ] GC(196)   Merge Heap Roots: 1.8ms
[2026-01-16T08:26:26.020+0000][gc,phases   ] GC(196)   Evacuate Collection Set: 308.0ms
[2026-01-16T08:26:26.021+0000][gc,phases   ] GC(196)   Post Evacuate Collection Set: 11.5ms
[2026-01-16T08:26:26.021+0000][gc,phases   ] GC(196)   Other: 3.5ms
[2026-01-16T08:26:26.021+0000][gc,heap     ] GC(196) Eden regions: 60->0(46)
[2026-01-16T08:26:26.021+0000][gc,heap     ] GC(196) Survivor regions: 3->5(8)
[2026-01-16T08:26:26.022+0000][gc,heap     ] GC(196) Old regions: 119->119
[2026-01-16T08:26:26.022+0000][gc,heap     ] GC(196) Humongous regions: 149->149
[2026-01-16T08:26:26.022+0000][gc,metaspace] GC(196) Metaspace: 14191K(14528K)->14191K(14528K) NonClass: 12554K(12736K)->12554K(12736K) Class: 1637K(1792K)->1637K(1792K)
[2026-01-16T08:26:26.023+0000][gc          ] GC(196) Pause Young (Normal) (G1 Evacuation Pause) 330M->272M(1024M) 343.853ms
[2026-01-16T08:26:26.026+0000][gc,cpu      ] GC(196) User=0.17s Sys=0.01s Real=0.35s
[2026-01-16T08:26:26.804+0000][gc,start    ] GC(197) Pause Young (Normal) (G1 Evacuation Pause)
[2026-01-16T08:26:26.805+0000][gc,task     ] GC(197) Using 8 workers of 8 for evacuation
[2026-01-16T08:26:26.926+0000][gc,phases   ] GC(197)   Pre Evacuate Collection Set: 14.9ms
[2026-01-16T08:26:26.927+0000][gc,phases   ] GC(197)   Merge Heap Roots: 2.7ms
[2026-01-16T08:26:26.928+0000][gc,phases   ] GC(197)   Evacuate Collection Set: 89.9ms
[2026-01-16T08:26:26.928+0000][gc,phases   ] GC(197)   Post Evacuate Collection Set: 1.0ms
[2026-01-16T08:26:26.929+0000][gc,phases   ] GC(197)   Other: 12.4ms
[2026-01-16T08:26:26.930+0000][gc,heap     ] GC(197) Eden regions: 46->0(47)
[2026-01-16T08:26:26.930+0000][gc,heap     ] GC(197) Survivor regions: 5->4(7)
[2026-01-16T08:26:26.930+0000][gc,heap     ] GC(197) Old regions: 119->120
[2026-01-16T08:26:26.930+0000][gc,heap     ] GC(197) Humongous regions: 149->149
[2026-01-16T08:26:26.930+0000][gc,metaspace] GC(197) Metaspace: 14191K(14528K)->14191K(14528K) NonClass: 12554K(12736K)->12554K(12736K) Class: 1637K(1792K)->1637K(1792K)
[2026-01-16T08:26:26.931+0000][gc          ] GC(197) Pause Young (Normal) (G1 Evacuation Pause) 318M->272M(1024M) 126.888ms
[2026-01-16T08:26:26.931+0000][gc,cpu      ] GC(197) User=0.05s Sys=0.02s Real=0.13s
[2026-01-16T08:26:27.320+0000][gc,start    ] GC(198) Pause Young (Normal) (G1 Evacuation Pause)
[2026-01-16T08:26:27.323+0000][gc,task     ] GC(198) Using 8 workers of 8 for evacuation
[2026-01-16T08:26:27.555+0000][gc,mmu      ] GC(198) MMU target violated: 201.0ms (200.0ms/201.0ms)
[2026-01-16T08:26:27.557+0000][gc,phases   ] GC(198)   Pre Evacuate Collection Set: 1.7ms
[2026-01-16T08:26:27.559+0000][gc,phases   ] GC(198)   Merge Heap Roots: 3.0ms
[2026-01-16T08:26:27.571+0000][gc,phases   ] GC(198)   Evacuate Collection Set: 198.4ms
[2026-01-16T08:26:27.573+0000][gc,phases   ] GC(198)   Post Evacuate Collection Set: 28.5ms
[2026-01-16T08:26:27.576+0000][gc,phases   ] GC(198)   Other: 2.9ms
[2026-01-16T08:26:27.576+0000][gc,heap     ] GC(198) Eden regions: 47->0(46)
[2026-01-16T08:26:27.576+0000][gc,heap     ] GC(198) Survivor regions: 4->5(7)
[2026-01-16T08:26:27.578+0000][gc,heap     ] GC(198) Old regions: 120->121
[2026-01-16T08:26:27.580+0000][gc,heap     ] GC(198) Humongous regions: 149->149
[2026-01-16T08:26:27.581+0000][gc,metaspace] GC(198) Metaspace: 14191K(14528K)->14191K(14528K) NonClass: 12554K(12736K)->12554K(12736K) Class: 1637K(1792K)->1637K(1792K)
[2026-01-16T08:26:27.583+0000][gc          ] GC(198) Pause Young (Normal) (G1 Evacuation Pause) 319M->273M(1024M) 263.012ms
[2026-01-16T08:26:27.584+0000][gc,cpu      ] GC(198) User=0.10s Sys=0.05s Real=0.27s
[2026-01-16T08:26:28.555+0000][gc,start    ] GC(199) Pause Young (Normal) (G1 Evacuation Pause)
[2026-01-16T08:26:28.559+0000][gc,task     ] GC(199) Using 8 workers of 8 for evacuation
[2026-01-16T08:26:28.760+0000][gc,phases   ] GC(199)   Pre Evacuate Collection Set: 7.8ms
[2026-01-16T08:26:28.761+0000][gc,phases   ] GC(199)   Merge Heap Roots: 5.3ms
[2026-01-16T08:26:28.762+0000][gc,phases   ] GC(199)   Evacuate Collection Set: 184.0ms
[2026-01-16T08:26:28.762+0000][gc,phases   ] GC(199)   Post Evacuate Collection Set: 1.6ms
[2026-01-16T08:26:28.762+0000][gc,phases   ] GC(199)   Other: 2.3ms
[2026-01-16T08:26:28.763+0000][gc,heap     ] GC(199) Eden regions: 46->0(46)
[2026-01-16T08:26:28.763+0000][gc,heap     ] GC(199) Survivor regions: 5->5(7)
[2026-01-16T08:26:28.765+0000][gc,heap     ] GC(199) Old regions: 121->122
[2026-01-16T08:26:28.765+0000][gc,heap     ] GC(199) Humongous regions: 149->149
[2026-01-16T08:26:28.766+0000][gc,metaspace] GC(199) Metaspace: 14192K(14528K)->14192K(14528K) NonClass: 12555K(12736K)->12555K(12736K) Class: 1637K(1792K)->1637K(1792K)
[2026-01-16T08:26:28.771+0000][gc          ] GC(199) Pause Young (Normal) (G1 Evacuation Pause) 319M->274M(1024M) 216.502ms
[2026-01-16T08:26:28.773+0000][gc,cpu      ] GC(199) User=0.12s Sys=0.02s Real=0.22s
[2026-01-16T08:26:29.921+0000][gc,start    ] GC(200) Pause Young (Normal) (G1 Evacuation Pause)
[2026-01-16T08:26:29.923+0000][gc,task     ] GC(200) Using 8 workers of 8 for evacuation
[2026-01-16T08:26:30.309+0000][gc,mmu      ] GC(200) MMU target violated: 201.0ms (200.0ms/201.0ms)
[2026-01-16T08:26:30.322+0000][gc,phases   ] GC(200)   Pre Evacuate Collection Set: 1.5ms
[2026-01-16T08:26:30.331+0000][gc,phases   ] GC(200)   Merge Heap Roots: 0.7ms
[2026-01-16T08:26:30.349+0000][gc,phases   ] GC(200)   Evacuate Collection Set: 371.6ms
[2026-01-16T08:26:30.349+0000][gc,phases   ] GC(200)   Post Evacuate Collection Set: 10.8ms
[2026-01-16T08:26:30.350+0000][gc,phases   ] GC(200)   Other: 14.8ms
[2026-01-16T08:26:30.350+0000][gc,heap     ] GC(200) Eden regions: 46->0(46)
[2026-01-16T08:26:30.350+0000][gc,heap     ] GC(200) Survivor regions: 5->5(7)
[2026-01-16T08:26:30.351+0000][gc,heap     ] GC(200) Old regions: 122->122
[2026-01-16T08:26:30.351+0000][gc,heap     ] GC(200) Humongous regions: 149->149
[2026-01-16T08:26:30.351+0000][gc,metaspace] GC(200) Metaspace: 14192K(14528K)->14192K(14528K) NonClass: 12555K(12736K)->12555K(12736K) Class: 1637K(1792K)->1637K(1792K)
[2026-01-16T08:26:30.351+0000][gc          ] GC(200) Pause Young (Normal) (G1 Evacuation Pause) 320M->274M(1024M) 430.012ms
[2026-01-16T08:26:30.355+0000][gc,cpu      ] GC(200) User=0.10s Sys=0.01s Real=0.43s
[2026-01-16T08:26:31.532+0000][gc,start    ] GC(201) Pause Young (Normal) (G1 Evacuation Pause)
[2026-01-16T08:26:31.542+0000][gc,task     ] GC(201) Using 8 workers of 8 for evacuation
[2026-01-16T08:26:31.928+0000][gc,mmu      ] GC(201) MMU target violated: 201.0ms (200.0ms/201.0ms)
[2026-01-16T08:26:31.935+0000][gc,phases   ] GC(201)   Pre Evacuate Collection Set: 36.4ms
[2026-01-16T08:26:31.936+0000][gc,phases   ] GC(201)   Merge Heap Roots: 7.0ms
[2026-01-16T08:26:31.939+0000][gc,phases   ] GC(201)   Evacuate Collection Set: 294.2ms
[2026-01-16T08:26:31.941+0000][gc,phases   ] GC(201)   Post Evacuate Collection Set: 28.5ms
[2026-01-16T08:26:31.941+0000][gc,phases   ] GC(201)   Other: 25.9ms
[2026-01-16T08:26:31.945+0000][gc,heap     ] GC(201) Eden regions: 46->0(47)
[2026-01-16T08:26:31.949+0000][gc,heap     ] GC(201) Survivor regions: 5->4(7)
[2026-01-16T08:26:31.950+0000][gc,heap     ] GC(201) Old regions: 122->123
[2026-01-16T08:26:31.952+0000][gc,heap     ] GC(201) Humongous regions: 149->149
[2026-01-16T08:26:31.954+0000][gc,metaspace] GC(201) Metaspace: 14192K(14528K)->14192K(14528K) NonClass: 12555K(12736K)->12555K(12736K) Class: 1637K(1792K)->1637K(1792K)
[2026-01-16T08:26:31.959+0000][gc          ] GC(201) Pause Young (Normal) (G1 Evacuation Pause) 320M->275M(1024M) 425.955ms
[2026-01-16T08:26:31.967+0000][gc,cpu      ] GC(201) User=0.17s Sys=0.06s Real=0.43s
[2026-01-16T08:26:33.470+0000][gc,start    ] GC(202) Pause Young (Normal) (G1 Evacuation Pause)
[2026-01-16T08:26:33.473+0000][gc,task     ] GC(202) Using 8 workers of 8 for evacuation
[2026-01-16T08:26:33.799+0000][gc,mmu      ] GC(202) MMU target violated: 201.0ms (200.0ms/201.0ms)
[2026-01-16T08:26:33.804+0000][gc,phases   ] GC(202)   Pre Evacuate Collection Set: 20.9ms
[2026-01-16T08:26:33.806+0000][gc,phases   ] GC(202)   Merge Heap Roots: 9.7ms
[2026-01-16T08:26:33.807+0000][gc,phases   ] GC(202)   Evacuate Collection Set: 267.0ms
[2026-01-16T08:26:33.810+0000][gc,phases   ] GC(202)   Post Evacuate Collection Set: 20.4ms
[2026-01-16T08:26:33.813+0000][gc,phases   ] GC(202)   Other: 14.3ms
[2026-01-16T08:26:33.814+0000][gc,heap     ] GC(202) Eden regions: 47->0(46)
[2026-01-16T08:26:33.815+0000][gc,heap     ] GC(202) Survivor regions: 4->5(7)
[2026-01-16T08:26:33.817+0000][gc,heap     ] GC(202) Old regions: 123->123
[2026-01-16T08:26:33.818+0000][gc,heap     ] GC(202) Humongous regions: 149->149
[2026-01-16T08:26:33.821+0000][gc,metaspace] GC(202) Metaspace: 14194K(14528K)->14194K(14528K) NonClass: 12557K(12736K)->12557K(12736K) Class: 1637K(1792K)->1637K(1792K)
[2026-01-16T08:26:33.823+0000][gc          ] GC(202) Pause Young (Normal) (G1 Evacuation Pause) 322M->276M(1024M) 353.024ms
[2026-01-16T08:26:33.825+0000][gc,cpu      ] GC(202) User=0.20s Sys=0.00s Real=0.36s
[2026-01-16T08:26:34.881+0000][gc,start    ] GC(203) Pause Young (Normal) (G1 Evacuation Pause)
[2026-01-16T08:26:34.884+0000][gc,task     ] GC(203) Using 8 workers of 8 for evacuation
[2026-01-16T08:26:35.217+0000][gc,mmu      ] GC(203) MMU target violated: 201.0ms (200.0ms/201.0ms)
[2026-01-16T08:26:35.220+0000][gc,phases   ] GC(203)   Pre Evacuate Collection Set: 24.2ms
[2026-01-16T08:26:35.223+0000][gc,phases   ] GC(203)   Merge Heap Roots: 1.1ms
[2026-01-16T08:26:35.226+0000][gc,phases   ] GC(203)   Evacuate Collection Set: 289.8ms
[2026-01-16T08:26:35.227+0000][gc,phases   ] GC(203)   Post Evacuate Collection Set: 12.1ms
[2026-01-16T08:26:35.227+0000][gc,phases   ] GC(203)   Other: 10.7ms
[2026-01-16T08:26:35.228+0000][gc,heap     ] GC(203) Eden regions: 46->0(46)
[2026-01-16T08:26:35.229+0000][gc,heap     ] GC(203) Survivor regions: 5->5(7)
[2026-01-16T08:26:35.230+0000][gc,heap     ] GC(203) Old regions: 123->124
[2026-01-16T08:26:35.230+0000][gc,heap     ] GC(203) Humongous regions: 149->149
[2026-01-16T08:26:35.231+0000][gc,metaspace] GC(203) Metaspace: 14197K(14528K)->14197K(14528K) NonClass: 12560K(12736K)->12560K(12736K) Class: 1637K(1792K)->1637K(1792K)
[2026-01-16T08:26:35.238+0000][gc          ] GC(203) Pause Young (Normal) (G1 Evacuation Pause) 322M->277M(1024M) 357.167ms
[2026-01-16T08:26:35.241+0000][gc,cpu      ] GC(203) User=0.17s Sys=0.04s Real=0.36s
[2026-01-16T08:26:35.779+0000][gc,start    ] GC(204) Pause Young (Normal) (G1 Evacuation Pause)
[2026-01-16T08:26:35.780+0000][gc,task     ] GC(204) Using 8 workers of 8 for evacuation
[2026-01-16T08:26:35.955+0000][gc,phases   ] GC(204)   Pre Evacuate Collection Set: 1.6ms
[2026-01-16T08:26:35.956+0000][gc,phases   ] GC(204)   Merge Heap Roots: 0.6ms
[2026-01-16T08:26:35.958+0000][gc,phases   ] GC(204)   Evacuate Collection Set: 164.7ms
[2026-01-16T08:26:35.959+0000][gc,phases   ] GC(204)   Post Evacuate Collection Set: 6.3ms
[2026-01-16T08:26:35.965+0000][gc,phases   ] GC(204)   Other: 1.4ms
[2026-01-16T08:26:35.967+0000][gc,heap     ] GC(204) Eden regions: 46->0(46)
[2026-01-16T08:26:35.968+0000][gc,heap     ] GC(204) Survivor regions: 5->5(7)
[2026-01-16T08:26:35.968+0000][gc,heap     ] GC(204) Old regions: 124->125
[2026-01-16T08:26:35.969+0000][gc,heap     ] GC(204) Humongous regions: 149->149
[2026-01-16T08:26:35.970+0000][gc,metaspace] GC(204) Metaspace: 14200K(14592K)->14200K(14592K) NonClass: 12563K(12800K)->12563K(12800K) Class: 1637K(1792K)->1637K(1792K)
[2026-01-16T08:26:35.971+0000][gc          ] GC(204) Pause Young (Normal) (G1 Evacuation Pause) 323M->277M(1024M) 191.437ms
[2026-01-16T08:26:35.973+0000][gc,cpu      ] GC(204) User=0.06s Sys=0.01s Real=0.20s
[2026-01-16T08:26:36.447+0000][gc,start    ] GC(205) Pause Young (Normal) (G1 Evacuation Pause)
[2026-01-16T08:26:36.448+0000][gc,task     ] GC(205) Using 8 workers of 8 for evacuation
[2026-01-16T08:26:36.619+0000][gc,phases   ] GC(205)   Pre Evacuate Collection Set: 34.3ms
[2026-01-16T08:26:36.624+0000][gc,phases   ] GC(205)   Merge Heap Roots: 0.5ms
[2026-01-16T08:26:36.625+0000][gc,phases   ] GC(205)   Evacuate Collection Set: 129.2ms
[2026-01-16T08:26:36.626+0000][gc,phases   ] GC(205)   Post Evacuate Collection Set: 5.4ms
[2026-01-16T08:26:36.626+0000][gc,phases   ] GC(205)   Other: 2.2ms
[2026-01-16T08:26:36.627+0000][gc,heap     ] GC(205) Eden regions: 46->0(62)
[2026-01-16T08:26:36.627+0000][gc,heap     ] GC(205) Survivor regions: 5->4(7)
[2026-01-16T08:26:36.627+0000][gc,heap     ] GC(205) Old regions: 125->126
[2026-01-16T08:26:36.629+0000][gc,heap     ] GC(205) Humongous regions: 149->149
[2026-01-16T08:26:36.636+0000][gc,metaspace] GC(205) Metaspace: 14200K(14592K)->14200K(14592K) NonClass: 12563K(12800K)->12563K(12800K) Class: 1637K(1792K)->1637K(1792K)
[2026-01-16T08:26:36.637+0000][gc          ] GC(205) Pause Young (Normal) (G1 Evacuation Pause) 323M->278M(1024M) 189.956ms
[2026-01-16T08:26:36.639+0000][gc,cpu      ] GC(205) User=0.09s Sys=0.01s Real=0.19s
[2026-01-16T08:26:38.703+0000][gc,start    ] GC(206) Pause Young (Normal) (G1 Evacuation Pause)
[2026-01-16T08:26:38.706+0000][gc,task     ] GC(206) Using 8 workers of 8 for evacuation
[2026-01-16T08:26:39.202+0000][gc,mmu      ] GC(206) MMU target violated: 201.0ms (200.0ms/201.0ms)
[2026-01-16T08:26:39.203+0000][gc,phases   ] GC(206)   Pre Evacuate Collection Set: 17.8ms
[2026-01-16T08:26:39.203+0000][gc,phases   ] GC(206)   Merge Heap Roots: 5.3ms
[2026-01-16T08:26:39.203+0000][gc,phases   ] GC(206)   Evacuate Collection Set: 446.7ms
[2026-01-16T08:26:39.204+0000][gc,phases   ] GC(206)   Post Evacuate Collection Set: 18.7ms
[2026-01-16T08:26:39.204+0000][gc,phases   ] GC(206)   Other: 8.2ms
[2026-01-16T08:26:39.205+0000][gc,heap     ] GC(206) Eden regions: 71->0(46)
[2026-01-16T08:26:39.205+0000][gc,heap     ] GC(206) Survivor regions: 4->5(10)
[2026-01-16T08:26:39.206+0000][gc,heap     ] GC(206) Old regions: 126->126
[2026-01-16T08:26:39.207+0000][gc,heap     ] GC(206) Humongous regions: 149->149
[2026-01-16T08:26:39.207+0000][gc,metaspace] GC(206) Metaspace: 14204K(14592K)->14204K(14592K) NonClass: 12567K(12800K)->12567K(12800K) Class: 1637K(1792K)->1637K(1792K)
[2026-01-16T08:26:39.208+0000][gc          ] GC(206) Pause Young (Normal) (G1 Evacuation Pause) 349M->279M(1024M) 504.811ms
[2026-01-16T08:26:39.214+0000][gc,cpu      ] GC(206) User=0.18s Sys=0.01s Real=0.51s
[2026-01-16T08:26:39.797+0000][gc,start    ] GC(207) Pause Young (Normal) (G1 Evacuation Pause)
[2026-01-16T08:26:39.798+0000][gc,task     ] GC(207) Using 8 workers of 8 for evacuation
[2026-01-16T08:26:40.074+0000][gc,mmu      ] GC(207) MMU target violated: 201.0ms (200.0ms/201.0ms)
[2026-01-16T08:26:40.075+0000][gc,phases   ] GC(207)   Pre Evacuate Collection Set: 13.0ms
[2026-01-16T08:26:40.078+0000][gc,phases   ] GC(207)   Merge Heap Roots: 0.3ms
[2026-01-16T08:26:40.079+0000][gc,phases   ] GC(207)   Evacuate Collection Set: 254.8ms
[2026-01-16T08:26:40.082+0000][gc,phases   ] GC(207)   Post Evacuate Collection Set: 7.0ms
[2026-01-16T08:26:40.082+0000][gc,phases   ] GC(207)   Other: 2.0ms
[2026-01-16T08:26:40.082+0000][gc,heap     ] GC(207) Eden regions: 46->0(47)
[2026-01-16T08:26:40.082+0000][gc,heap     ] GC(207) Survivor regions: 5->4(7)
[2026-01-16T08:26:40.083+0000][gc,heap     ] GC(207) Old regions: 126->128
[2026-01-16T08:26:40.092+0000][gc,heap     ] GC(207) Humongous regions: 149->149
[2026-01-16T08:26:40.093+0000][gc,metaspace] GC(207) Metaspace: 14204K(14592K)->14204K(14592K) NonClass: 12567K(12800K)->12567K(12800K) Class: 1637K(1792K)->1637K(1792K)
[2026-01-16T08:26:40.094+0000][gc          ] GC(207) Pause Young (Normal) (G1 Evacuation Pause) 325M->279M(1024M) 296.623ms
[2026-01-16T08:26:40.098+0000][gc,cpu      ] GC(207) User=0.09s Sys=0.07s Real=0.30s
[2026-01-16T08:26:41.177+0000][gc,start    ] GC(208) Pause Young (Normal) (G1 Evacuation Pause)
[2026-01-16T08:26:41.178+0000][gc,task     ] GC(208) Using 8 workers of 8 for evacuation
[2026-01-16T08:26:41.509+0000][gc,mmu      ] GC(208) MMU target violated: 201.0ms (200.0ms/201.0ms)
[2026-01-16T08:26:41.513+0000][gc,phases   ] GC(208)   Pre Evacuate Collection Set: 50.0ms
[2026-01-16T08:26:41.513+0000][gc,phases   ] GC(208)   Merge Heap Roots: 25.4ms
[2026-01-16T08:26:41.513+0000][gc,phases   ] GC(208)   Evacuate Collection Set: 228.8ms
[2026-01-16T08:26:41.514+0000][gc,phases   ] GC(208)   Post Evacuate Collection Set: 17.0ms
[2026-01-16T08:26:41.515+0000][gc,phases   ] GC(208)   Other: 13.7ms
[2026-01-16T08:26:41.523+0000][gc,heap     ] GC(208) Eden regions: 47->0(46)
[2026-01-16T08:26:41.524+0000][gc,heap     ] GC(208) Survivor regions: 4->5(7)
[2026-01-16T08:26:41.524+0000][gc,heap     ] GC(208) Old regions: 128->128
[2026-01-16T08:26:41.526+0000][gc,heap     ] GC(208) Humongous regions: 149->149
[2026-01-16T08:26:41.527+0000][gc,metaspace] GC(208) Metaspace: 14204K(14592K)->14204K(14592K) NonClass: 12567K(12800K)->12567K(12800K) Class: 1637K(1792K)->1637K(1792K)
[2026-01-16T08:26:41.528+0000][gc          ] GC(208) Pause Young (Normal) (G1 Evacuation Pause) 326M->280M(1024M) 351.081ms
[2026-01-16T08:26:41.530+0000][gc,cpu      ] GC(208) User=0.20s Sys=0.02s Real=0.35s
[2026-01-16T08:26:42.404+0000][gc,start    ] GC(209) Pause Young (Normal) (G1 Evacuation Pause)
[2026-01-16T08:26:42.406+0000][gc,task     ] GC(209) Using 8 workers of 8 for evacuation
[2026-01-16T08:26:42.540+0000][gc,phases   ] GC(209)   Pre Evacuate Collection Set: 6.6ms
[2026-01-16T08:26:42.541+0000][gc,phases   ] GC(209)   Merge Heap Roots: 0.7ms
[2026-01-16T08:26:42.541+0000][gc,phases   ] GC(209)   Evacuate Collection Set: 111.6ms
[2026-01-16T08:26:42.542+0000][gc,phases   ] GC(209)   Post Evacuate Collection Set: 13.7ms
[2026-01-16T08:26:42.548+0000][gc,phases   ] GC(209)   Other: 1.0ms
[2026-01-16T08:26:42.549+0000][gc,heap     ] GC(209) Eden regions: 46->0(46)
[2026-01-16T08:26:42.551+0000][gc,heap     ] GC(209) Survivor regions: 5->5(7)
[2026-01-16T08:26:42.551+0000][gc,heap     ] GC(209) Old regions: 128->129
[2026-01-16T08:26:42.552+0000][gc,heap     ] GC(209) Humongous regions: 149->149
[2026-01-16T08:26:42.553+0000][gc,metaspace] GC(209) Metaspace: 14206K(14592K)->14206K(14592K) NonClass: 12569K(12800K)->12569K(12800K) Class: 1637K(1792K)->1637K(1792K)
[2026-01-16T08:26:42.553+0000][gc          ] GC(209) Pause Young (Normal) (G1 Evacuation Pause) 326M->281M(1024M) 149.076ms
[2026-01-16T08:26:42.553+0000][gc,cpu      ] GC(209) User=0.06s Sys=0.00s Real=0.15s
[2026-01-16T08:26:43.250+0000][gc,start    ] GC(210) Pause Young (Normal) (G1 Evacuation Pause)
[2026-01-16T08:26:43.251+0000][gc,task     ] GC(210) Using 8 workers of 8 for evacuation
[2026-01-16T08:26:43.381+0000][gc,phases   ] GC(210)   Pre Evacuate Collection Set: 0.4ms
[2026-01-16T08:26:43.383+0000][gc,phases   ] GC(210)   Merge Heap Roots: 5.6ms
[2026-01-16T08:26:43.384+0000][gc,phases   ] GC(210)   Evacuate Collection Set: 103.0ms
[2026-01-16T08:26:43.384+0000][gc,phases   ] GC(210)   Post Evacuate Collection Set: 13.0ms
[2026-01-16T08:26:43.385+0000][gc,phases   ] GC(210)   Other: 7.9ms
[2026-01-16T08:26:43.385+0000][gc,heap     ] GC(210) Eden regions: 46->0(46)
[2026-01-16T08:26:43.386+0000][gc,heap     ] GC(210) Survivor regions: 5->5(7)
[2026-01-16T08:26:43.394+0000][gc,heap     ] GC(210) Old regions: 129->130
[2026-01-16T08:26:43.395+0000][gc,heap     ] GC(210) Humongous regions: 149->149
[2026-01-16T08:26:43.396+0000][gc,metaspace] GC(210) Metaspace: 14212K(14592K)->14212K(14592K) NonClass: 12575K(12800K)->12575K(12800K) Class: 1637K(1792K)->1637K(1792K)
[2026-01-16T08:26:43.396+0000][gc          ] GC(210) Pause Young (Normal) (G1 Evacuation Pause) 327M->282M(1024M) 146.262ms
[2026-01-16T08:26:43.397+0000][gc,cpu      ] GC(210) User=0.03s Sys=0.01s Real=0.15s
[2026-01-16T08:26:43.741+0000][gc,start    ] GC(211) Pause Young (Normal) (G1 Evacuation Pause)
[2026-01-16T08:26:43.743+0000][gc,task     ] GC(211) Using 8 workers of 8 for evacuation
[2026-01-16T08:26:43.848+0000][gc,phases   ] GC(211)   Pre Evacuate Collection Set: 6.8ms
[2026-01-16T08:26:43.852+0000][gc,phases   ] GC(211)   Merge Heap Roots: 3.4ms
[2026-01-16T08:26:43.854+0000][gc,phases   ] GC(211)   Evacuate Collection Set: 88.9ms
[2026-01-16T08:26:43.855+0000][gc,phases   ] GC(211)   Post Evacuate Collection Set: 4.0ms
[2026-01-16T08:26:43.856+0000][gc,phases   ] GC(211)   Other: 2.0ms
[2026-01-16T08:26:43.857+0000][gc,heap     ] GC(211) Eden regions: 46->0(114)
[2026-01-16T08:26:43.859+0000][gc,heap     ] GC(211) Survivor regions: 5->4(7)
[2026-01-16T08:26:43.862+0000][gc,heap     ] GC(211) Old regions: 130->131
[2026-01-16T08:26:43.870+0000][gc,heap     ] GC(211) Humongous regions: 149->149
[2026-01-16T08:26:43.871+0000][gc,metaspace] GC(211) Metaspace: 14213K(14592K)->14213K(14592K) NonClass: 12576K(12800K)->12576K(12800K) Class: 1637K(1792K)->1637K(1792K)
[2026-01-16T08:26:43.872+0000][gc          ] GC(211) Pause Young (Normal) (G1 Evacuation Pause) 328M->283M(1024M) 130.905ms
[2026-01-16T08:26:43.875+0000][gc,cpu      ] GC(211) User=0.07s Sys=0.00s Real=0.14s
[2026-01-16T08:26:46.261+0000][gc,start    ] GC(212) Pause Young (Normal) (G1 Evacuation Pause)
[2026-01-16T08:26:46.262+0000][gc,task     ] GC(212) Using 8 workers of 8 for evacuation
[2026-01-16T08:26:46.981+0000][gc,mmu      ] GC(212) MMU target violated: 201.0ms (200.0ms/201.0ms)
[2026-01-16T08:26:46.982+0000][gc,phases   ] GC(212)   Pre Evacuate Collection Set: 33.0ms
[2026-01-16T08:26:46.984+0000][gc,phases   ] GC(212)   Merge Heap Roots: 11.7ms
[2026-01-16T08:26:46.987+0000][gc,phases   ] GC(212)   Evacuate Collection Set: 640.0ms
[2026-01-16T08:26:46.988+0000][gc,phases   ] GC(212)   Post Evacuate Collection Set: 19.9ms
[2026-01-16T08:26:46.992+0000][gc,phases   ] GC(212)   Other: 15.7ms
[2026-01-16T08:26:46.992+0000][gc,heap     ] GC(212) Eden regions: 118->0(44)
[2026-01-16T08:26:46.993+0000][gc,heap     ] GC(212) Survivor regions: 4->7(16)
[2026-01-16T08:26:46.993+0000][gc,heap     ] GC(212) Old regions: 131->131
[2026-01-16T08:26:46.994+0000][gc,heap     ] GC(212) Humongous regions: 149->149
[2026-01-16T08:26:46.996+0000][gc,metaspace] GC(212) Metaspace: 14218K(14592K)->14218K(14592K) NonClass: 12580K(12800K)->12580K(12800K) Class: 1637K(1792K)->1637K(1792K)
[2026-01-16T08:26:46.997+0000][gc          ] GC(212) Pause Young (Normal) (G1 Evacuation Pause) 401M->285M(1024M) 735.921ms
[2026-01-16T08:26:47.000+0000][gc,cpu      ] GC(212) User=0.53s Sys=0.05s Real=0.74s
[2026-01-16T08:26:47.677+0000][gc,start    ] GC(213) Pause Young (Normal) (G1 Evacuation Pause)
[2026-01-16T08:26:47.680+0000][gc,task     ] GC(213) Using 8 workers of 8 for evacuation
[2026-01-16T08:26:47.978+0000][gc,mmu      ] GC(213) MMU target violated: 201.0ms (200.0ms/201.0ms)
[2026-01-16T08:26:47.979+0000][gc,phases   ] GC(213)   Pre Evacuate Collection Set: 15.0ms
[2026-01-16T08:26:47.979+0000][gc,phases   ] GC(213)   Merge Heap Roots: 6.9ms
[2026-01-16T08:26:47.992+0000][gc,phases   ] GC(213)   Evacuate Collection Set: 256.0ms
[2026-01-16T08:26:47.996+0000][gc,phases   ] GC(213)   Post Evacuate Collection Set: 2.7ms
[2026-01-16T08:26:47.997+0000][gc,phases   ] GC(213)   Other: 18.2ms
[2026-01-16T08:26:47.997+0000][gc,heap     ] GC(213) Eden regions: 44->0(47)
[2026-01-16T08:26:47.999+0000][gc,heap     ] GC(213) Survivor regions: 7->4(7)
[2026-01-16T08:26:47.999+0000][gc,heap     ] GC(213) Old regions: 131->133
[2026-01-16T08:26:47.999+0000][gc,heap     ] GC(213) Humongous regions: 149->149
[2026-01-16T08:26:48.001+0000][gc,metaspace] GC(213) Metaspace: 14218K(14592K)->14218K(14592K) NonClass: 12580K(12800K)->12580K(12800K) Class: 1637K(1792K)->1637K(1792K)
[2026-01-16T08:26:48.001+0000][gc          ] GC(213) Pause Young (Normal) (G1 Evacuation Pause) 329M->285M(1024M) 324.345ms
[2026-01-16T08:26:48.004+0000][gc,cpu      ] GC(213) User=0.12s Sys=0.04s Real=0.33s
[2026-01-16T08:26:48.448+0000][gc,start    ] GC(214) Pause Young (Normal) (G1 Evacuation Pause)
[2026-01-16T08:26:48.449+0000][gc,task     ] GC(214) Using 8 workers of 8 for evacuation
[2026-01-16T08:26:48.647+0000][gc,phases   ] GC(214)   Pre Evacuate Collection Set: 0.5ms
[2026-01-16T08:26:48.654+0000][gc,phases   ] GC(214)   Merge Heap Roots: 0.2ms
[2026-01-16T08:26:48.658+0000][gc,phases   ] GC(214)   Evacuate Collection Set: 191.2ms
[2026-01-16T08:26:48.663+0000][gc,phases   ] GC(214)   Post Evacuate Collection Set: 5.2ms
[2026-01-16T08:26:48.663+0000][gc,phases   ] GC(214)   Other: 1.1ms
[2026-01-16T08:26:48.664+0000][gc,heap     ] GC(214) Eden regions: 47->0(46)
[2026-01-16T08:26:48.664+0000][gc,heap     ] GC(214) Survivor regions: 4->5(7)
[2026-01-16T08:26:48.665+0000][gc,heap     ] GC(214) Old regions: 133->133
[2026-01-16T08:26:48.665+0000][gc,heap     ] GC(214) Humongous regions: 149->149
[2026-01-16T08:26:48.673+0000][gc,metaspace] GC(214) Metaspace: 14218K(14592K)->14218K(14592K) NonClass: 12581K(12800K)->12581K(12800K) Class: 1637K(1792K)->1637K(1792K)
[2026-01-16T08:26:48.675+0000][gc          ] GC(214) Pause Young (Normal) (G1 Evacuation Pause) 332M->286M(1024M) 226.430ms
[2026-01-16T08:26:48.676+0000][gc,cpu      ] GC(214) User=0.09s Sys=0.01s Real=0.23s
[2026-01-16T08:26:49.364+0000][gc,start    ] GC(215) Pause Young (Normal) (G1 Evacuation Pause)
[2026-01-16T08:26:49.366+0000][gc,task     ] GC(215) Using 8 workers of 8 for evacuation
[2026-01-16T08:26:49.621+0000][gc,mmu      ] GC(215) MMU target violated: 201.0ms (200.0ms/201.0ms)
[2026-01-16T08:26:49.623+0000][gc,phases   ] GC(215)   Pre Evacuate Collection Set: 17.8ms
[2026-01-16T08:26:49.623+0000][gc,phases   ] GC(215)   Merge Heap Roots: 0.7ms
[2026-01-16T08:26:49.623+0000][gc,phases   ] GC(215)   Evacuate Collection Set: 230.6ms
[2026-01-16T08:26:49.623+0000][gc,phases   ] GC(215)   Post Evacuate Collection Set: 4.0ms
[2026-01-16T08:26:49.623+0000][gc,phases   ] GC(215)   Other: 3.9ms
[2026-01-16T08:26:49.623+0000][gc,heap     ] GC(215) Eden regions: 46->0(46)
[2026-01-16T08:26:49.623+0000][gc,heap     ] GC(215) Survivor regions: 5->5(7)
[2026-01-16T08:26:49.623+0000][gc,heap     ] GC(215) Old regions: 133->134
[2026-01-16T08:26:49.623+0000][gc,heap     ] GC(215) Humongous regions: 149->149
[2026-01-16T08:26:49.623+0000][gc,metaspace] GC(215) Metaspace: 14218K(14592K)->14218K(14592K) NonClass: 12581K(12800K)->12581K(12800K) Class: 1637K(1792K)->1637K(1792K)
[2026-01-16T08:26:49.624+0000][gc          ] GC(215) Pause Young (Normal) (G1 Evacuation Pause) 332M->286M(1024M) 259.302ms
[2026-01-16T08:26:49.624+0000][gc,cpu      ] GC(215) User=0.09s Sys=0.01s Real=0.26s
[2026-01-16T08:26:50.377+0000][gc,start    ] GC(216) Pause Young (Normal) (G1 Evacuation Pause)
[2026-01-16T08:26:50.379+0000][gc,task     ] GC(216) Using 8 workers of 8 for evacuation
[2026-01-16T08:26:50.473+0000][gc,phases   ] GC(216)   Pre Evacuate Collection Set: 0.8ms
[2026-01-16T08:26:50.475+0000][gc,phases   ] GC(216)   Merge Heap Roots: 0.2ms
[2026-01-16T08:26:50.476+0000][gc,phases   ] GC(216)   Evacuate Collection Set: 91.3ms
[2026-01-16T08:26:50.476+0000][gc,phases   ] GC(216)   Post Evacuate Collection Set: 1.1ms
[2026-01-16T08:26:50.476+0000][gc,phases   ] GC(216)   Other: 0.5ms
[2026-01-16T08:26:50.476+0000][gc,heap     ] GC(216) Eden regions: 46->0(46)
[2026-01-16T08:26:50.477+0000][gc,heap     ] GC(216) Survivor regions: 5->5(7)
[2026-01-16T08:26:50.477+0000][gc,heap     ] GC(216) Old regions: 134->134
[2026-01-16T08:26:50.478+0000][gc,heap     ] GC(216) Humongous regions: 149->149
[2026-01-16T08:26:50.478+0000][gc,metaspace] GC(216) Metaspace: 14221K(14592K)->14221K(14592K) NonClass: 12584K(12800K)->12584K(12800K) Class: 1637K(1792K)->1637K(1792K)
[2026-01-16T08:26:50.480+0000][gc          ] GC(216) Pause Young (Normal) (G1 Evacuation Pause) 332M->287M(1024M) 102.887ms
[2026-01-16T08:26:50.480+0000][gc,cpu      ] GC(216) User=0.06s Sys=0.00s Real=0.10s
[2026-01-16T08:26:51.134+0000][gc,start    ] GC(217) Pause Young (Normal) (G1 Evacuation Pause)
[2026-01-16T08:26:51.138+0000][gc,task     ] GC(217) Using 8 workers of 8 for evacuation
[2026-01-16T08:26:51.345+0000][gc,mmu      ] GC(217) MMU target violated: 201.0ms (200.0ms/201.0ms)
[2026-01-16T08:26:51.347+0000][gc,phases   ] GC(217)   Pre Evacuate Collection Set: 8.2ms
[2026-01-16T08:26:51.351+0000][gc,phases   ] GC(217)   Merge Heap Roots: 0.6ms
[2026-01-16T08:26:51.352+0000][gc,phases   ] GC(217)   Evacuate Collection Set: 189.7ms
[2026-01-16T08:26:51.352+0000][gc,phases   ] GC(217)   Post Evacuate Collection Set: 5.7ms
[2026-01-16T08:26:51.352+0000][gc,phases   ] GC(217)   Other: 5.1ms
[2026-01-16T08:26:51.353+0000][gc,heap     ] GC(217) Eden regions: 46->0(53)
[2026-01-16T08:26:51.354+0000][gc,heap     ] GC(217) Survivor regions: 5->4(7)
[2026-01-16T08:26:51.354+0000][gc,heap     ] GC(217) Old regions: 134->136
[2026-01-16T08:26:51.355+0000][gc,heap     ] GC(217) Humongous regions: 149->149
[2026-01-16T08:26:51.355+0000][gc,metaspace] GC(217) Metaspace: 14221K(14592K)->14221K(14592K) NonClass: 12584K(12800K)->12584K(12800K) Class: 1637K(1792K)->1637K(1792K)
[2026-01-16T08:26:51.356+0000][gc          ] GC(217) Pause Young (Normal) (G1 Evacuation Pause) 333M->288M(1024M) 221.515ms
[2026-01-16T08:26:51.356+0000][gc,cpu      ] GC(217) User=0.09s Sys=0.07s Real=0.22s
[2026-01-16T08:26:53.403+0000][gc,start    ] GC(218) Pause Young (Normal) (G1 Evacuation Pause)
[2026-01-16T08:26:53.506+0000][gc,task     ] GC(218) Using 8 workers of 8 for evacuation
[2026-01-16T08:26:53.714+0000][gc,mmu      ] GC(218) MMU target violated: 201.0ms (200.0ms/201.0ms)
[2026-01-16T08:26:53.719+0000][gc,phases   ] GC(218)   Pre Evacuate Collection Set: 10.5ms
[2026-01-16T08:26:53.719+0000][gc,phases   ] GC(218)   Merge Heap Roots: 0.9ms
[2026-01-16T08:26:53.719+0000][gc,phases   ] GC(218)   Evacuate Collection Set: 189.7ms
[2026-01-16T08:26:53.720+0000][gc,phases   ] GC(218)   Post Evacuate Collection Set: 6.4ms
[2026-01-16T08:26:53.720+0000][gc,phases   ] GC(218)   Other: 5.5ms
[2026-01-16T08:26:53.721+0000][gc,heap     ] GC(218) Eden regions: 59->0(46)
[2026-01-16T08:26:53.721+0000][gc,heap     ] GC(218) Survivor regions: 4->5(8)
[2026-01-16T08:26:53.722+0000][gc,heap     ] GC(218) Old regions: 136->136
[2026-01-16T08:26:53.722+0000][gc,heap     ] GC(218) Humongous regions: 149->149
[2026-01-16T08:26:53.723+0000][gc,metaspace] GC(218) Metaspace: 14224K(14592K)->14224K(14592K) NonClass: 12586K(12800K)->12586K(12800K) Class: 1637K(1792K)->1637K(1792K)
[2026-01-16T08:26:53.723+0000][gc          ] GC(218) Pause Young (Normal) (G1 Evacuation Pause) 347M->289M(1024M) 319.768ms
[2026-01-16T08:26:53.724+0000][gc,cpu      ] GC(218) User=0.21s Sys=0.01s Real=0.32s
[2026-01-16T08:26:54.397+0000][gc,start    ] GC(219) Pause Young (Normal) (G1 Evacuation Pause)
[2026-01-16T08:26:54.398+0000][gc,task     ] GC(219) Using 8 workers of 8 for evacuation
[2026-01-16T08:26:54.556+0000][gc,phases   ] GC(219)   Pre Evacuate Collection Set: 1.1ms
[2026-01-16T08:26:54.558+0000][gc,phases   ] GC(219)   Merge Heap Roots: 0.8ms
[2026-01-16T08:26:54.559+0000][gc,phases   ] GC(219)   Evacuate Collection Set: 154.1ms
[2026-01-16T08:26:54.560+0000][gc,phases   ] GC(219)   Post Evacuate Collection Set: 0.8ms
[2026-01-16T08:26:54.560+0000][gc,phases   ] GC(219)   Other: 0.9ms
[2026-01-16T08:26:54.561+0000][gc,heap     ] GC(219) Eden regions: 46->0(46)
[2026-01-16T08:26:54.561+0000][gc,heap     ] GC(219) Survivor regions: 5->5(7)
[2026-01-16T08:26:54.563+0000][gc,heap     ] GC(219) Old regions: 136->137
[2026-01-16T08:26:54.564+0000][gc,heap     ] GC(219) Humongous regions: 149->149
[2026-01-16T08:26:54.564+0000][gc,metaspace] GC(219) Metaspace: 14224K(14592K)->14224K(14592K) NonClass: 12586K(12800K)->12586K(12800K) Class: 1637K(1792K)->1637K(1792K)
[2026-01-16T08:26:54.564+0000][gc          ] GC(219) Pause Young (Normal) (G1 Evacuation Pause) 335M->290M(1024M) 167.405ms
[2026-01-16T08:26:54.564+0000][gc,cpu      ] GC(219) User=0.06s Sys=0.03s Real=0.17s
[2026-01-16T08:26:55.437+0000][gc,start    ] GC(220) Pause Young (Normal) (G1 Evacuation Pause)
[2026-01-16T08:26:55.438+0000][gc,task     ] GC(220) Using 8 workers of 8 for evacuation
[2026-01-16T08:26:55.629+0000][gc,phases   ] GC(220)   Pre Evacuate Collection Set: 8.4ms
[2026-01-16T08:26:55.631+0000][gc,phases   ] GC(220)   Merge Heap Roots: 2.7ms
[2026-01-16T08:26:55.633+0000][gc,phases   ] GC(220)   Evacuate Collection Set: 166.5ms
[2026-01-16T08:26:55.633+0000][gc,phases   ] GC(220)   Post Evacuate Collection Set: 12.5ms
[2026-01-16T08:26:55.633+0000][gc,phases   ] GC(220)   Other: 1.3ms
[2026-01-16T08:26:55.634+0000][gc,heap     ] GC(220) Eden regions: 46->0(46)
[2026-01-16T08:26:55.634+0000][gc,heap     ] GC(220) Survivor regions: 5->5(7)
[2026-01-16T08:26:55.634+0000][gc,heap     ] GC(220) Old regions: 137->138
[2026-01-16T08:26:55.635+0000][gc,heap     ] GC(220) Humongous regions: 149->149
[2026-01-16T08:26:55.635+0000][gc,metaspace] GC(220) Metaspace: 14227K(14592K)->14227K(14592K) NonClass: 12590K(12800K)->12590K(12800K) Class: 1637K(1792K)->1637K(1792K)
[2026-01-16T08:26:55.635+0000][gc          ] GC(220) Pause Young (Normal) (G1 Evacuation Pause) 336M->291M(1024M) 198.411ms
[2026-01-16T08:26:55.639+0000][gc,cpu      ] GC(220) User=0.09s Sys=0.00s Real=0.20s
[2026-01-16T08:26:56.571+0000][gc,start    ] GC(221) Pause Young (Normal) (G1 Evacuation Pause)
[2026-01-16T08:26:56.572+0000][gc,task     ] GC(221) Using 8 workers of 8 for evacuation
[2026-01-16T08:26:56.642+0000][gc,phases   ] GC(221)   Pre Evacuate Collection Set: 4.4ms
[2026-01-16T08:26:56.645+0000][gc,phases   ] GC(221)   Merge Heap Roots: 5.3ms
[2026-01-16T08:26:56.646+0000][gc,phases   ] GC(221)   Evacuate Collection Set: 54.8ms
[2026-01-16T08:26:56.647+0000][gc,phases   ] GC(221)   Post Evacuate Collection Set: 4.4ms
[2026-01-16T08:26:56.649+0000][gc,phases   ] GC(221)   Other: 0.9ms
[2026-01-16T08:26:56.649+0000][gc,heap     ] GC(221) Eden regions: 46->0(170)
[2026-01-16T08:26:56.650+0000][gc,heap     ] GC(221) Survivor regions: 5->4(7)
[2026-01-16T08:26:56.650+0000][gc,heap     ] GC(221) Old regions: 138->139
[2026-01-16T08:26:56.650+0000][gc,heap     ] GC(221) Humongous regions: 149->149
[2026-01-16T08:26:56.650+0000][gc,metaspace] GC(221) Metaspace: 14238K(14592K)->14238K(14592K) NonClass: 12601K(12800K)->12601K(12800K) Class: 1637K(1792K)->1637K(1792K)
[2026-01-16T08:26:56.651+0000][gc          ] GC(221) Pause Young (Normal) (G1 Evacuation Pause) 337M->291M(1024M) 80.146ms
[2026-01-16T08:26:56.651+0000][gc,cpu      ] GC(221) User=0.04s Sys=0.00s Real=0.08s
[2026-01-16T08:27:05.926+0000][gc,start    ] GC(222) Pause Young (Normal) (G1 Evacuation Pause)
[2026-01-16T08:27:05.928+0000][gc,task     ] GC(222) Using 8 workers of 8 for evacuation
[2026-01-16T08:27:06.699+0000][gc,mmu      ] GC(222) MMU target violated: 201.0ms (200.0ms/201.0ms)
[2026-01-16T08:27:06.699+0000][gc,phases   ] GC(222)   Pre Evacuate Collection Set: 29.7ms
[2026-01-16T08:27:06.703+0000][gc,phases   ] GC(222)   Merge Heap Roots: 1.7ms
[2026-01-16T08:27:06.706+0000][gc,phases   ] GC(222)   Evacuate Collection Set: 692.0ms
[2026-01-16T08:27:06.708+0000][gc,phases   ] GC(222)   Post Evacuate Collection Set: 46.0ms
[2026-01-16T08:27:06.708+0000][gc,phases   ] GC(222)   Other: 1.5ms
[2026-01-16T08:27:06.709+0000][gc,heap     ] GC(222) Eden regions: 160->0(45)
[2026-01-16T08:27:06.709+0000][gc,heap     ] GC(222) Survivor regions: 4->6(21)
[2026-01-16T08:27:06.709+0000][gc,heap     ] GC(222) Old regions: 139->139
[2026-01-16T08:27:06.709+0000][gc,heap     ] GC(222) Humongous regions: 149->149
[2026-01-16T08:27:06.709+0000][gc,metaspace] GC(222) Metaspace: 14249K(14592K)->14249K(14592K) NonClass: 12612K(12800K)->12612K(12800K) Class: 1637K(1792K)->1637K(1792K)
[2026-01-16T08:27:06.709+0000][gc          ] GC(222) Pause Young (Normal) (G1 Evacuation Pause) 451M->293M(1024M) 782.953ms
[2026-01-16T08:27:06.711+0000][gc,cpu      ] GC(222) User=0.56s Sys=0.03s Real=0.79s
[2026-01-16T08:27:08.904+0000][gc,start    ] GC(223) Pause Young (Normal) (G1 Evacuation Pause)
[2026-01-16T08:27:08.907+0000][gc,task     ] GC(223) Using 8 workers of 8 for evacuation
[2026-01-16T08:27:09.285+0000][gc,mmu      ] GC(223) MMU target violated: 201.0ms (200.0ms/201.0ms)
[2026-01-16T08:27:09.289+0000][gc,phases   ] GC(223)   Pre Evacuate Collection Set: 11.0ms
[2026-01-16T08:27:09.289+0000][gc,phases   ] GC(223)   Merge Heap Roots: 3.6ms
[2026-01-16T08:27:09.290+0000][gc,phases   ] GC(223)   Evacuate Collection Set: 356.5ms
[2026-01-16T08:27:09.290+0000][gc,phases   ] GC(223)   Post Evacuate Collection Set: 5.8ms
[2026-01-16T08:27:09.298+0000][gc,phases   ] GC(223)   Other: 5.0ms
[2026-01-16T08:27:09.299+0000][gc,heap     ] GC(223) Eden regions: 45->0(46)
[2026-01-16T08:27:09.299+0000][gc,heap     ] GC(223) Survivor regions: 6->5(7)
[2026-01-16T08:27:09.301+0000][gc,heap     ] GC(223) Old regions: 139->142
[2026-01-16T08:27:09.301+0000][gc,heap     ] GC(223) Humongous regions: 149->149
[2026-01-16T08:27:09.302+0000][gc,metaspace] GC(223) Metaspace: 14255K(14592K)->14255K(14592K) NonClass: 12618K(12800K)->12618K(12800K) Class: 1637K(1792K)->1637K(1792K)
[2026-01-16T08:27:09.302+0000][gc          ] GC(223) Pause Young (Normal) (G1 Evacuation Pause) 338M->294M(1024M) 397.882ms
[2026-01-16T08:27:09.303+0000][gc,cpu      ] GC(223) User=0.16s Sys=0.04s Real=0.40s
[2026-01-16T08:27:10.259+0000][gc,start    ] GC(224) Pause Young (Normal) (G1 Evacuation Pause)
[2026-01-16T08:27:10.265+0000][gc,task     ] GC(224) Using 8 workers of 8 for evacuation
[2026-01-16T08:27:10.474+0000][gc,mmu      ] GC(224) MMU target violated: 201.0ms (200.0ms/201.0ms)
[2026-01-16T08:27:10.476+0000][gc,phases   ] GC(224)   Pre Evacuate Collection Set: 15.1ms
[2026-01-16T08:27:10.477+0000][gc,phases   ] GC(224)   Merge Heap Roots: 6.5ms
[2026-01-16T08:27:10.477+0000][gc,phases   ] GC(224)   Evacuate Collection Set: 175.6ms
[2026-01-16T08:27:10.477+0000][gc,phases   ] GC(224)   Post Evacuate Collection Set: 9.0ms
[2026-01-16T08:27:10.477+0000][gc,phases   ] GC(224)   Other: 5.3ms
[2026-01-16T08:27:10.477+0000][gc,heap     ] GC(224) Eden regions: 46->0(46)
[2026-01-16T08:27:10.478+0000][gc,heap     ] GC(224) Survivor regions: 5->5(7)
[2026-01-16T08:27:10.478+0000][gc,heap     ] GC(224) Old regions: 142->142
[2026-01-16T08:27:10.478+0000][gc,heap     ] GC(224) Humongous regions: 149->149
[2026-01-16T08:27:10.479+0000][gc,metaspace] GC(224) Metaspace: 14256K(14592K)->14256K(14592K) NonClass: 12619K(12800K)->12619K(12800K) Class: 1637K(1792K)->1637K(1792K)
[2026-01-16T08:27:10.479+0000][gc          ] GC(224) Pause Young (Normal) (G1 Evacuation Pause) 340M->295M(1024M) 220.200ms
[2026-01-16T08:27:10.479+0000][gc,cpu      ] GC(224) User=0.09s Sys=0.00s Real=0.22s
[2026-01-16T08:27:12.110+0000][gc,start    ] GC(225) Pause Young (Normal) (G1 Evacuation Pause)
[2026-01-16T08:27:12.113+0000][gc,task     ] GC(225) Using 8 workers of 8 for evacuation
[2026-01-16T08:27:12.239+0000][gc,phases   ] GC(225)   Pre Evacuate Collection Set: 8.3ms
[2026-01-16T08:27:12.250+0000][gc,phases   ] GC(225)   Merge Heap Roots: 0.7ms
[2026-01-16T08:27:12.252+0000][gc,phases   ] GC(225)   Evacuate Collection Set: 104.9ms
[2026-01-16T08:27:12.258+0000][gc,phases   ] GC(225)   Post Evacuate Collection Set: 10.5ms
[2026-01-16T08:27:12.260+0000][gc,phases   ] GC(225)   Other: 2.0ms
[2026-01-16T08:27:12.261+0000][gc,heap     ] GC(225) Eden regions: 46->0(58)
[2026-01-16T08:27:12.262+0000][gc,heap     ] GC(225) Survivor regions: 5->3(7)
[2026-01-16T08:27:12.268+0000][gc,heap     ] GC(225) Old regions: 142->145
[2026-01-16T08:27:12.271+0000][gc,heap     ] GC(225) Humongous regions: 149->149
[2026-01-16T08:27:12.277+0000][gc,metaspace] GC(225) Metaspace: 14258K(14592K)->14258K(14592K) NonClass: 12621K(12800K)->12621K(12800K) Class: 1637K(1792K)->1637K(1792K)
[2026-01-16T08:27:12.281+0000][gc          ] GC(225) Pause Young (Normal) (G1 Evacuation Pause) 341M->295M(1024M) 171.287ms
[2026-01-16T08:27:12.281+0000][gc,cpu      ] GC(225) User=0.11s Sys=0.02s Real=0.18s
[2026-01-16T08:27:14.239+0000][gc,start    ] GC(226) Pause Young (Normal) (G1 Evacuation Pause)
[2026-01-16T08:27:14.251+0000][gc,task     ] GC(226) Using 8 workers of 8 for evacuation
[2026-01-16T08:27:14.375+0000][gc,phases   ] GC(226)   Pre Evacuate Collection Set: 28.8ms
[2026-01-16T08:27:14.375+0000][gc,phases   ] GC(226)   Merge Heap Roots: 4.7ms
[2026-01-16T08:27:14.376+0000][gc,phases   ] GC(226)   Evacuate Collection Set: 74.3ms
[2026-01-16T08:27:14.376+0000][gc,phases   ] GC(226)   Post Evacuate Collection Set: 13.5ms
[2026-01-16T08:27:14.377+0000][gc,phases   ] GC(226)   Other: 2.4ms
[2026-01-16T08:27:14.379+0000][gc,heap     ] GC(226) Eden regions: 80->0(47)
[2026-01-16T08:27:14.380+0000][gc,heap     ] GC(226) Survivor regions: 3->4(11)
[2026-01-16T08:27:14.381+0000][gc,heap     ] GC(226) Old regions: 145->145
[2026-01-16T08:27:14.381+0000][gc,heap     ] GC(226) Humongous regions: 149->149
[2026-01-16T08:27:14.383+0000][gc,metaspace] GC(226) Metaspace: 14264K(14592K)->14264K(14592K) NonClass: 12627K(12800K)->12627K(12800K) Class: 1637K(1792K)->1637K(1792K)
[2026-01-16T08:27:14.383+0000][gc          ] GC(226) Pause Young (Normal) (G1 Evacuation Pause) 375M->296M(1024M) 144.026ms
[2026-01-16T08:27:14.384+0000][gc,cpu      ] GC(226) User=0.13s Sys=0.01s Real=0.15s
[2026-01-16T08:27:15.309+0000][gc,start    ] GC(227) Pause Young (Normal) (G1 Evacuation Pause)
[2026-01-16T08:27:15.311+0000][gc,task     ] GC(227) Using 8 workers of 8 for evacuation
[2026-01-16T08:27:15.455+0000][gc,phases   ] GC(227)   Pre Evacuate Collection Set: 4.4ms
[2026-01-16T08:27:15.458+0000][gc,phases   ] GC(227)   Merge Heap Roots: 2.1ms
[2026-01-16T08:27:15.459+0000][gc,phases   ] GC(227)   Evacuate Collection Set: 110.3ms
[2026-01-16T08:27:15.460+0000][gc,phases   ] GC(227)   Post Evacuate Collection Set: 7.2ms
[2026-01-16T08:27:15.463+0000][gc,phases   ] GC(227)   Other: 20.8ms
[2026-01-16T08:27:15.465+0000][gc,heap     ] GC(227) Eden regions: 52->0(46)
[2026-01-16T08:27:15.466+0000][gc,heap     ] GC(227) Survivor regions: 4->5(7)
[2026-01-16T08:27:15.466+0000][gc,heap     ] GC(227) Old regions: 145->145
[2026-01-16T08:27:15.466+0000][gc,heap     ] GC(227) Humongous regions: 149->149
[2026-01-16T08:27:15.467+0000][gc,metaspace] GC(227) Metaspace: 14268K(14592K)->14268K(14592K) NonClass: 12631K(12800K)->12631K(12800K) Class: 1637K(1792K)->1637K(1792K)
[2026-01-16T08:27:15.467+0000][gc          ] GC(227) Pause Young (Normal) (G1 Evacuation Pause) 348M->297M(1024M) 158.112ms
[2026-01-16T08:27:15.468+0000][gc,cpu      ] GC(227) User=0.06s Sys=0.00s Real=0.16s
[2026-01-16T08:27:16.040+0000][gc,start    ] GC(228) Pause Young (Normal) (G1 Evacuation Pause)
[2026-01-16T08:27:16.059+0000][gc,task     ] GC(228) Using 8 workers of 8 for evacuation
[2026-01-16T08:27:16.175+0000][gc,phases   ] GC(228)   Pre Evacuate Collection Set: 5.0ms
[2026-01-16T08:27:16.180+0000][gc,phases   ] GC(228)   Merge Heap Roots: 0.2ms
[2026-01-16T08:27:16.181+0000][gc,phases   ] GC(228)   Evacuate Collection Set: 98.4ms
[2026-01-16T08:27:16.191+0000][gc,phases   ] GC(228)   Post Evacuate Collection Set: 6.7ms
[2026-01-16T08:27:16.195+0000][gc,phases   ] GC(228)   Other: 2.3ms
[2026-01-16T08:27:16.195+0000][gc,heap     ] GC(228) Eden regions: 46->0(96)
[2026-01-16T08:27:16.197+0000][gc,heap     ] GC(228) Survivor regions: 5->5(7)
[2026-01-16T08:27:16.198+0000][gc,heap     ] GC(228) Old regions: 145->146
[2026-01-16T08:27:16.198+0000][gc,heap     ] GC(228) Humongous regions: 149->149
[2026-01-16T08:27:16.198+0000][gc,metaspace] GC(228) Metaspace: 14268K(14592K)->14268K(14592K) NonClass: 12631K(12800K)->12631K(12800K) Class: 1637K(1792K)->1637K(1792K)
[2026-01-16T08:27:16.198+0000][gc          ] GC(228) Pause Young (Normal) (G1 Evacuation Pause) 343M->298M(1024M) 158.649ms
[2026-01-16T08:27:16.198+0000][gc,cpu      ] GC(228) User=0.05s Sys=0.01s Real=0.16s
[2026-01-16T08:27:19.839+0000][gc,start    ] GC(229) Pause Young (Normal) (G1 Evacuation Pause)
[2026-01-16T08:27:19.841+0000][gc,task     ] GC(229) Using 8 workers of 8 for evacuation
[2026-01-16T08:27:20.185+0000][gc,mmu      ] GC(229) MMU target violated: 201.0ms (200.0ms/201.0ms)
[2026-01-16T08:27:20.186+0000][gc,phases   ] GC(229)   Pre Evacuate Collection Set: 61.3ms
[2026-01-16T08:27:20.190+0000][gc,phases   ] GC(229)   Merge Heap Roots: 6.4ms
[2026-01-16T08:27:20.190+0000][gc,phases   ] GC(229)   Evacuate Collection Set: 271.8ms
[2026-01-16T08:27:20.191+0000][gc,phases   ] GC(229)   Post Evacuate Collection Set: 3.6ms
[2026-01-16T08:27:20.193+0000][gc,phases   ] GC(229)   Other: 2.3ms
[2026-01-16T08:27:20.195+0000][gc,heap     ] GC(229) Eden regions: 90->0(45)
[2026-01-16T08:27:20.196+0000][gc,heap     ] GC(229) Survivor regions: 5->6(12)
[2026-01-16T08:27:20.196+0000][gc,heap     ] GC(229) Old regions: 146->146
[2026-01-16T08:27:20.196+0000][gc,heap     ] GC(229) Humongous regions: 149->149
[2026-01-16T08:27:20.197+0000][gc,metaspace] GC(229) Metaspace: 14269K(14592K)->14269K(14592K) NonClass: 12632K(12800K)->12632K(12800K) Class: 1637K(1792K)->1637K(1792K)
[2026-01-16T08:27:20.197+0000][gc          ] GC(229) Pause Young (Normal) (G1 Evacuation Pause) 388M->299M(1024M) 357.841ms
[2026-01-16T08:27:20.197+0000][gc,cpu      ] GC(229) User=0.26s Sys=0.00s Real=0.36s
[2026-01-16T08:27:22.839+0000][gc,start    ] GC(230) Pause Young (Normal) (G1 Evacuation Pause)
[2026-01-16T08:27:22.841+0000][gc,task     ] GC(230) Using 8 workers of 8 for evacuation
[2026-01-16T08:27:23.059+0000][gc,mmu      ] GC(230) MMU target violated: 201.0ms (200.0ms/201.0ms)
[2026-01-16T08:27:23.062+0000][gc,phases   ] GC(230)   Pre Evacuate Collection Set: 13.6ms
[2026-01-16T08:27:23.063+0000][gc,phases   ] GC(230)   Merge Heap Roots: 1.0ms
[2026-01-16T08:27:23.065+0000][gc,phases   ] GC(230)   Evacuate Collection Set: 192.5ms
[2026-01-16T08:27:23.067+0000][gc,phases   ] GC(230)   Post Evacuate Collection Set: 9.6ms
[2026-01-16T08:27:23.067+0000][gc,phases   ] GC(230)   Other: 4.3ms
[2026-01-16T08:27:23.069+0000][gc,heap     ] GC(230) Eden regions: 45->0(47)
[2026-01-16T08:27:23.074+0000][gc,heap     ] GC(230) Survivor regions: 6->4(7)
[2026-01-16T08:27:23.076+0000][gc,heap     ] GC(230) Old regions: 146->148
[2026-01-16T08:27:23.078+0000][gc,heap     ] GC(230) Humongous regions: 149->149
[2026-01-16T08:27:23.080+0000][gc,metaspace] GC(230) Metaspace: 14270K(14592K)->14270K(14592K) NonClass: 12632K(12800K)->12632K(12800K) Class: 1637K(1792K)->1637K(1792K)
[2026-01-16T08:27:23.082+0000][gc          ] GC(230) Pause Young (Normal) (G1 Evacuation Pause) 344M->300M(1024M) 242.526ms
[2026-01-16T08:27:23.084+0000][gc,cpu      ] GC(230) User=0.13s Sys=0.05s Real=0.25s
[2026-01-16T08:27:25.637+0000][gc,start    ] GC(231) Pause Young (Normal) (G1 Evacuation Pause)
[2026-01-16T08:27:25.638+0000][gc,task     ] GC(231) Using 8 workers of 8 for evacuation
[2026-01-16T08:27:25.814+0000][gc,phases   ] GC(231)   Pre Evacuate Collection Set: 15.0ms
[2026-01-16T08:27:25.814+0000][gc,phases   ] GC(231)   Merge Heap Roots: 11.2ms
[2026-01-16T08:27:25.816+0000][gc,phases   ] GC(231)   Evacuate Collection Set: 130.3ms
[2026-01-16T08:27:25.817+0000][gc,phases   ] GC(231)   Post Evacuate Collection Set: 18.8ms
[2026-01-16T08:27:25.819+0000][gc,phases   ] GC(231)   Other: 0.5ms
[2026-01-16T08:27:25.821+0000][gc,heap     ] GC(231) Eden regions: 50->0(83)
[2026-01-16T08:27:25.822+0000][gc,heap     ] GC(231) Survivor regions: 4->3(7)
[2026-01-16T08:27:25.822+0000][gc,heap     ] GC(231) Old regions: 148->148
[2026-01-16T08:27:25.828+0000][gc,heap     ] GC(231) Humongous regions: 149->149
[2026-01-16T08:27:25.830+0000][gc,metaspace] GC(231) Metaspace: 14270K(14592K)->14270K(14592K) NonClass: 12632K(12800K)->12632K(12800K) Class: 1637K(1792K)->1637K(1792K)
[2026-01-16T08:27:25.831+0000][gc          ] GC(231) Pause Young (Normal) (G1 Evacuation Pause) 350M->298M(1024M) 193.494ms
[2026-01-16T08:27:25.831+0000][gc,cpu      ] GC(231) User=0.08s Sys=0.01s Real=0.20s
[2026-01-16T08:27:31.657+0000][gc,start    ] GC(232) Pause Young (Normal) (G1 Evacuation Pause)
[2026-01-16T08:27:31.658+0000][gc,task     ] GC(232) Using 8 workers of 8 for evacuation
[2026-01-16T08:27:32.067+0000][gc,mmu      ] GC(232) MMU target violated: 201.0ms (200.0ms/201.0ms)
[2026-01-16T08:27:32.068+0000][gc,phases   ] GC(232)   Pre Evacuate Collection Set: 24.7ms
[2026-01-16T08:27:32.069+0000][gc,phases   ] GC(232)   Merge Heap Roots: 9.7ms
[2026-01-16T08:27:32.069+0000][gc,phases   ] GC(232)   Evacuate Collection Set: 352.2ms
[2026-01-16T08:27:32.087+0000][gc,phases   ] GC(232)   Post Evacuate Collection Set: 21.8ms
[2026-01-16T08:27:32.089+0000][gc,phases   ] GC(232)   Other: 2.3ms
[2026-01-16T08:27:32.089+0000][gc,heap     ] GC(232) Eden regions: 79->0(47)
[2026-01-16T08:27:32.090+0000][gc,heap     ] GC(232) Survivor regions: 3->4(11)
[2026-01-16T08:27:32.090+0000][gc,heap     ] GC(232) Old regions: 148->148
[2026-01-16T08:27:32.090+0000][gc,heap     ] GC(232) Humongous regions: 149->149
[2026-01-16T08:27:32.090+0000][gc,metaspace] GC(232) Metaspace: 14270K(14592K)->14270K(14592K) NonClass: 12633K(12800K)->12633K(12800K) Class: 1637K(1792K)->1637K(1792K)
[2026-01-16T08:27:32.091+0000][gc          ] GC(232) Pause Young (Normal) (G1 Evacuation Pause) 377M->299M(1024M) 434.486ms
[2026-01-16T08:27:32.092+0000][gc,cpu      ] GC(232) User=0.32s Sys=0.03s Real=0.44s
[2026-01-16T08:27:34.068+0000][gc,start    ] GC(233) Pause Young (Normal) (G1 Evacuation Pause)
[2026-01-16T08:27:34.076+0000][gc,task     ] GC(233) Using 8 workers of 8 for evacuation
[2026-01-16T08:27:34.226+0000][gc,phases   ] GC(233)   Pre Evacuate Collection Set: 6.7ms
[2026-01-16T08:27:34.227+0000][gc,phases   ] GC(233)   Merge Heap Roots: 0.5ms
[2026-01-16T08:27:34.228+0000][gc,phases   ] GC(233)   Evacuate Collection Set: 136.1ms
[2026-01-16T08:27:34.229+0000][gc,phases   ] GC(233)   Post Evacuate Collection Set: 6.7ms
[2026-01-16T08:27:34.230+0000][gc,phases   ] GC(233)   Other: 1.5ms
[2026-01-16T08:27:34.230+0000][gc,heap     ] GC(233) Eden regions: 47->0(47)
[2026-01-16T08:27:34.230+0000][gc,heap     ] GC(233) Survivor regions: 4->4(7)
[2026-01-16T08:27:34.231+0000][gc,heap     ] GC(233) Old regions: 148->148
[2026-01-16T08:27:34.231+0000][gc,heap     ] GC(233) Humongous regions: 149->149
[2026-01-16T08:27:34.231+0000][gc,metaspace] GC(233) Metaspace: 14287K(14592K)->14287K(14592K) NonClass: 12650K(12800K)->12650K(12800K) Class: 1637K(1792K)->1637K(1792K)
[2026-01-16T08:27:34.236+0000][gc          ] GC(233) Pause Young (Normal) (G1 Evacuation Pause) 346M->300M(1024M) 167.161ms
[2026-01-16T08:27:34.236+0000][gc,cpu      ] GC(233) User=0.15s Sys=0.02s Real=0.17s
[2026-01-16T08:27:35.436+0000][gc,start    ] GC(234) Pause Young (Normal) (G1 Evacuation Pause)
[2026-01-16T08:27:35.437+0000][gc,task     ] GC(234) Using 8 workers of 8 for evacuation
[2026-01-16T08:27:35.541+0000][gc,phases   ] GC(234)   Pre Evacuate Collection Set: 10.2ms
[2026-01-16T08:27:35.541+0000][gc,phases   ] GC(234)   Merge Heap Roots: 1.3ms
[2026-01-16T08:27:35.542+0000][gc,phases   ] GC(234)   Evacuate Collection Set: 85.0ms
[2026-01-16T08:27:35.543+0000][gc,phases   ] GC(234)   Post Evacuate Collection Set: 7.1ms
[2026-01-16T08:27:35.543+0000][gc,phases   ] GC(234)   Other: 0.7ms
[2026-01-16T08:27:35.544+0000][gc,heap     ] GC(234) Eden regions: 47->0(140)
[2026-01-16T08:27:35.544+0000][gc,heap     ] GC(234) Survivor regions: 4->2(7)
[2026-01-16T08:27:35.545+0000][gc,heap     ] GC(234) Old regions: 148->149
[2026-01-16T08:27:35.545+0000][gc,heap     ] GC(234) Humongous regions: 149->149
[2026-01-16T08:27:35.545+0000][gc,metaspace] GC(234) Metaspace: 14296K(14592K)->14296K(14592K) NonClass: 12658K(12800K)->12658K(12800K) Class: 1637K(1792K)->1637K(1792K)
[2026-01-16T08:27:35.547+0000][gc          ] GC(234) Pause Young (Normal) (G1 Evacuation Pause) 347M->299M(1024M) 111.240ms
[2026-01-16T08:27:35.549+0000][gc,cpu      ] GC(234) User=0.10s Sys=0.01s Real=0.12s
[2026-01-16T08:27:39.769+0000][gc,start    ] GC(235) Pause Young (Normal) (G1 Evacuation Pause)
[2026-01-16T08:27:39.772+0000][gc,task     ] GC(235) Using 8 workers of 8 for evacuation
[2026-01-16T08:27:40.094+0000][gc,mmu      ] GC(235) MMU target violated: 201.0ms (200.0ms/201.0ms)
[2026-01-16T08:27:40.095+0000][gc,phases   ] GC(235)   Pre Evacuate Collection Set: 9.4ms
[2026-01-16T08:27:40.096+0000][gc,phases   ] GC(235)   Merge Heap Roots: 2.5ms
[2026-01-16T08:27:40.097+0000][gc,phases   ] GC(235)   Evacuate Collection Set: 295.8ms
[2026-01-16T08:27:40.098+0000][gc,phases   ] GC(235)   Post Evacuate Collection Set: 11.8ms
[2026-01-16T08:27:40.099+0000][gc,phases   ] GC(235)   Other: 4.1ms
[2026-01-16T08:27:40.099+0000][gc,heap     ] GC(235) Eden regions: 136->0(47)
[2026-01-16T08:27:40.099+0000][gc,heap     ] GC(235) Survivor regions: 2->4(18)
[2026-01-16T08:27:40.099+0000][gc,heap     ] GC(235) Old regions: 149->149
[2026-01-16T08:27:40.100+0000][gc,heap     ] GC(235) Humongous regions: 149->149
[2026-01-16T08:27:40.100+0000][gc,metaspace] GC(235) Metaspace: 14302K(14656K)->14302K(14656K) NonClass: 12665K(12864K)->12665K(12864K) Class: 1637K(1792K)->1637K(1792K)
[2026-01-16T08:27:40.101+0000][gc          ] GC(235) Pause Young (Normal) (G1 Evacuation Pause) 435M->301M(1024M) 332.015ms
[2026-01-16T08:27:40.101+0000][gc,cpu      ] GC(235) User=0.34s Sys=0.05s Real=0.34s
[2026-01-16T08:27:46.603+0000][gc,start    ] GC(236) Pause Young (Normal) (G1 Evacuation Pause)
[2026-01-16T08:27:46.605+0000][gc,task     ] GC(236) Using 8 workers of 8 for evacuation
[2026-01-16T08:27:46.754+0000][gc,phases   ] GC(236)   Pre Evacuate Collection Set: 12.1ms
[2026-01-16T08:27:46.757+0000][gc,phases   ] GC(236)   Merge Heap Roots: 3.7ms
[2026-01-16T08:27:46.757+0000][gc,phases   ] GC(236)   Evacuate Collection Set: 125.6ms
[2026-01-16T08:27:46.757+0000][gc,phases   ] GC(236)   Post Evacuate Collection Set: 6.4ms
[2026-01-16T08:27:46.758+0000][gc,phases   ] GC(236)   Other: 2.0ms
[2026-01-16T08:27:46.758+0000][gc,heap     ] GC(236) Eden regions: 47->0(118)
[2026-01-16T08:27:46.758+0000][gc,heap     ] GC(236) Survivor regions: 4->2(7)
[2026-01-16T08:27:46.760+0000][gc,heap     ] GC(236) Old regions: 149->149
[2026-01-16T08:27:46.760+0000][gc,heap     ] GC(236) Humongous regions: 149->149
[2026-01-16T08:27:46.761+0000][gc,metaspace] GC(236) Metaspace: 14302K(14656K)->14302K(14656K) NonClass: 12665K(12864K)->12665K(12864K) Class: 1637K(1792K)->1637K(1792K)
[2026-01-16T08:27:46.762+0000][gc          ] GC(236) Pause Young (Normal) (G1 Evacuation Pause) 348M->299M(1024M) 159.130ms
[2026-01-16T08:27:46.763+0000][gc,cpu      ] GC(236) User=0.13s Sys=0.00s Real=0.16s
[2026-01-16T08:27:51.145+0000][gc,start    ] GC(237) Pause Young (Normal) (G1 Evacuation Pause)
[2026-01-16T08:27:51.160+0000][gc,task     ] GC(237) Using 8 workers of 8 for evacuation
[2026-01-16T08:27:51.596+0000][gc,mmu      ] GC(237) MMU target violated: 201.0ms (200.0ms/201.0ms)
[2026-01-16T08:27:51.598+0000][gc,phases   ] GC(237)   Pre Evacuate Collection Set: 33.0ms
[2026-01-16T08:27:51.598+0000][gc,phases   ] GC(237)   Merge Heap Roots: 31.8ms
[2026-01-16T08:27:51.598+0000][gc,phases   ] GC(237)   Evacuate Collection Set: 336.7ms
[2026-01-16T08:27:51.598+0000][gc,phases   ] GC(237)   Post Evacuate Collection Set: 16.0ms
[2026-01-16T08:27:51.598+0000][gc,phases   ] GC(237)   Other: 20.6ms
[2026-01-16T08:27:51.598+0000][gc,heap     ] GC(237) Eden regions: 118->0(47)
[2026-01-16T08:27:51.598+0000][gc,heap     ] GC(237) Survivor regions: 2->4(15)
[2026-01-16T08:27:51.599+0000][gc,heap     ] GC(237) Old regions: 149->149
[2026-01-16T08:27:51.599+0000][gc,heap     ] GC(237) Humongous regions: 149->149
[2026-01-16T08:27:51.599+0000][gc,metaspace] GC(237) Metaspace: 14304K(14656K)->14304K(14656K) NonClass: 12667K(12864K)->12667K(12864K) Class: 1637K(1792K)->1637K(1792K)
[2026-01-16T08:27:51.599+0000][gc          ] GC(237) Pause Young (Normal) (G1 Evacuation Pause) 417M->301M(1024M) 454.223ms
[2026-01-16T08:27:51.599+0000][gc,cpu      ] GC(237) User=0.30s Sys=0.03s Real=0.46s
[2026-01-16T08:27:59.499+0000][gc,start    ] GC(238) Pause Young (Normal) (G1 Evacuation Pause)
[2026-01-16T08:27:59.512+0000][gc,task     ] GC(238) Using 8 workers of 8 for evacuation
[2026-01-16T08:28:00.549+0000][gc,mmu      ] GC(238) MMU target violated: 201.0ms (200.0ms/201.0ms)
[2026-01-16T08:28:00.549+0000][gc,phases   ] GC(238)   Pre Evacuate Collection Set: 140.9ms
[2026-01-16T08:28:00.550+0000][gc,phases   ] GC(238)   Merge Heap Roots: 75.1ms
[2026-01-16T08:28:00.551+0000][gc,phases   ] GC(238)   Evacuate Collection Set: 758.4ms
[2026-01-16T08:28:00.553+0000][gc,phases   ] GC(238)   Post Evacuate Collection Set: 46.0ms
[2026-01-16T08:28:00.557+0000][gc,phases   ] GC(238)   Other: 17.3ms
[2026-01-16T08:28:00.558+0000][gc,heap     ] GC(238) Eden regions: 47->0(49)
[2026-01-16T08:28:00.559+0000][gc,heap     ] GC(238) Survivor regions: 4->2(7)
[2026-01-16T08:28:00.562+0000][gc,heap     ] GC(238) Old regions: 149->149
[2026-01-16T08:28:00.564+0000][gc,heap     ] GC(238) Humongous regions: 149->149
[2026-01-16T08:28:00.567+0000][gc,metaspace] GC(238) Metaspace: 14309K(14656K)->14309K(14656K) NonClass: 12672K(12864K)->12672K(12864K) Class: 1637K(1792K)->1637K(1792K)
[2026-01-16T08:28:00.568+0000][gc          ] GC(238) Pause Young (Normal) (G1 Evacuation Pause) 348M->299M(1024M) 1068.887ms
[2026-01-16T08:28:00.569+0000][gc,cpu      ] GC(238) User=0.39s Sys=0.03s Real=1.07s
[2026-01-16T08:28:04.943+0000][gc,start    ] GC(239) Pause Young (Normal) (G1 Evacuation Pause)
[2026-01-16T08:28:04.953+0000][gc,task     ] GC(239) Using 8 workers of 8 for evacuation
[2026-01-16T08:28:05.299+0000][gc,mmu      ] GC(239) MMU target violated: 201.0ms (200.0ms/201.0ms)
[2026-01-16T08:28:05.302+0000][gc,phases   ] GC(239)   Pre Evacuate Collection Set: 45.9ms
[2026-01-16T08:28:05.303+0000][gc,phases   ] GC(239)   Merge Heap Roots: 9.0ms
[2026-01-16T08:28:05.308+0000][gc,phases   ] GC(239)   Evacuate Collection Set: 244.9ms
[2026-01-16T08:28:05.311+0000][gc,phases   ] GC(239)   Post Evacuate Collection Set: 39.5ms
[2026-01-16T08:28:05.312+0000][gc,phases   ] GC(239)   Other: 10.7ms
[2026-01-16T08:28:05.313+0000][gc,heap     ] GC(239) Eden regions: 49->0(48)
[2026-01-16T08:28:05.314+0000][gc,heap     ] GC(239) Survivor regions: 2->3(7)
[2026-01-16T08:28:05.318+0000][gc,heap     ] GC(239) Old regions: 149->149
[2026-01-16T08:28:05.320+0000][gc,heap     ] GC(239) Humongous regions: 149->149
[2026-01-16T08:28:05.323+0000][gc,metaspace] GC(239) Metaspace: 14312K(14656K)->14312K(14656K) NonClass: 12675K(12864K)->12675K(12864K) Class: 1637K(1792K)->1637K(1792K)
[2026-01-16T08:28:05.324+0000][gc          ] GC(239) Pause Young (Normal) (G1 Evacuation Pause) 348M->300M(1024M) 380.798ms
[2026-01-16T08:28:05.324+0000][gc,cpu      ] GC(239) User=0.25s Sys=0.02s Real=0.38s
[2026-01-16T08:28:09.667+0000][gc,start    ] GC(240) Pause Young (Normal) (G1 Evacuation Pause)
[2026-01-16T08:28:09.671+0000][gc,task     ] GC(240) Using 8 workers of 8 for evacuation
[2026-01-16T08:28:10.059+0000][gc,mmu      ] GC(240) MMU target violated: 201.0ms (200.0ms/201.0ms)
[2026-01-16T08:28:10.060+0000][gc,phases   ] GC(240)   Pre Evacuate Collection Set: 61.8ms
[2026-01-16T08:28:10.062+0000][gc,phases   ] GC(240)   Merge Heap Roots: 10.2ms
[2026-01-16T08:28:10.062+0000][gc,phases   ] GC(240)   Evacuate Collection Set: 288.0ms
[2026-01-16T08:28:10.062+0000][gc,phases   ] GC(240)   Post Evacuate Collection Set: 21.0ms
[2026-01-16T08:28:10.064+0000][gc,phases   ] GC(240)   Other: 8.8ms
[2026-01-16T08:28:10.065+0000][gc,heap     ] GC(240) Eden regions: 48->0(47)
[2026-01-16T08:28:10.070+0000][gc,heap     ] GC(240) Survivor regions: 3->4(7)
[2026-01-16T08:28:10.071+0000][gc,heap     ] GC(240) Old regions: 149->149
[2026-01-16T08:28:10.073+0000][gc,heap     ] GC(240) Humongous regions: 149->149
[2026-01-16T08:28:10.073+0000][gc,metaspace] GC(240) Metaspace: 14314K(14656K)->14314K(14656K) NonClass: 12677K(12864K)->12677K(12864K) Class: 1637K(1792K)->1637K(1792K)
[2026-01-16T08:28:10.074+0000][gc          ] GC(240) Pause Young (Normal) (G1 Evacuation Pause) 348M->301M(1024M) 407.014ms
[2026-01-16T08:28:10.074+0000][gc,cpu      ] GC(240) User=0.25s Sys=0.03s Real=0.41s
[2026-01-16T08:28:12.239+0000][gc,start    ] GC(241) Pause Young (Normal) (G1 Evacuation Pause)
[2026-01-16T08:28:12.280+0000][gc,task     ] GC(241) Using 8 workers of 8 for evacuation
[2026-01-16T08:28:12.914+0000][gc,mmu      ] GC(241) MMU target violated: 201.0ms (200.0ms/201.0ms)
[2026-01-16T08:28:12.918+0000][gc,phases   ] GC(241)   Pre Evacuate Collection Set: 58.0ms
[2026-01-16T08:28:12.920+0000][gc,phases   ] GC(241)   Merge Heap Roots: 35.2ms
[2026-01-16T08:28:12.930+0000][gc,phases   ] GC(241)   Evacuate Collection Set: 451.9ms
[2026-01-16T08:28:12.931+0000][gc,phases   ] GC(241)   Post Evacuate Collection Set: 74.6ms
[2026-01-16T08:28:12.931+0000][gc,phases   ] GC(241)   Other: 54.1ms
[2026-01-16T08:28:12.931+0000][gc,heap     ] GC(241) Eden regions: 47->0(46)
[2026-01-16T08:28:12.931+0000][gc,heap     ] GC(241) Survivor regions: 4->5(7)
[2026-01-16T08:28:12.936+0000][gc,heap     ] GC(241) Old regions: 149->149
[2026-01-16T08:28:12.936+0000][gc,heap     ] GC(241) Humongous regions: 149->149
[2026-01-16T08:28:12.936+0000][gc,metaspace] GC(241) Metaspace: 14316K(14656K)->14316K(14656K) NonClass: 12679K(12864K)->12679K(12864K) Class: 1637K(1792K)->1637K(1792K)
[2026-01-16T08:28:12.951+0000][gc          ] GC(241) Pause Young (Normal) (G1 Evacuation Pause) 348M->302M(1024M) 712.250ms
[2026-01-16T08:28:12.952+0000][gc,cpu      ] GC(241) User=0.30s Sys=0.04s Real=0.72s
[2026-01-16T08:28:14.150+0000][gc,start    ] GC(242) Pause Young (Normal) (G1 Evacuation Pause)
[2026-01-16T08:28:14.163+0000][gc,task     ] GC(242) Using 8 workers of 8 for evacuation
[2026-01-16T08:28:14.510+0000][gc,mmu      ] GC(242) MMU target violated: 201.0ms (200.0ms/201.0ms)
[2026-01-16T08:28:14.515+0000][gc,phases   ] GC(242)   Pre Evacuate Collection Set: 17.8ms
[2026-01-16T08:28:14.516+0000][gc,phases   ] GC(242)   Merge Heap Roots: 9.6ms
[2026-01-16T08:28:14.523+0000][gc,phases   ] GC(242)   Evacuate Collection Set: 279.4ms
[2026-01-16T08:28:14.525+0000][gc,phases   ] GC(242)   Post Evacuate Collection Set: 27.2ms
[2026-01-16T08:28:14.527+0000][gc,phases   ] GC(242)   Other: 18.6ms
[2026-01-16T08:28:14.527+0000][gc,heap     ] GC(242) Eden regions: 46->0(46)
[2026-01-16T08:28:14.535+0000][gc,heap     ] GC(242) Survivor regions: 5->5(7)
[2026-01-16T08:28:14.538+0000][gc,heap     ] GC(242) Old regions: 149->150
[2026-01-16T08:28:14.540+0000][gc,heap     ] GC(242) Humongous regions: 149->149
[2026-01-16T08:28:14.540+0000][gc,metaspace] GC(242) Metaspace: 14316K(14656K)->14316K(14656K) NonClass: 12679K(12864K)->12679K(12864K) Class: 1637K(1792K)->1637K(1792K)
[2026-01-16T08:28:14.542+0000][gc          ] GC(242) Pause Young (Normal) (G1 Evacuation Pause) 348M->302M(1024M) 391.451ms
[2026-01-16T08:28:14.542+0000][gc,cpu      ] GC(242) User=0.16s Sys=0.01s Real=0.39s
[2026-01-16T08:28:15.212+0000][gc,start    ] GC(243) Pause Young (Normal) (G1 Evacuation Pause)
[2026-01-16T08:28:15.220+0000][gc,task     ] GC(243) Using 8 workers of 8 for evacuation
[2026-01-16T08:28:15.302+0000][gc,phases   ] GC(243)   Pre Evacuate Collection Set: 0.4ms
[2026-01-16T08:28:15.303+0000][gc,phases   ] GC(243)   Merge Heap Roots: 0.2ms
[2026-01-16T08:28:15.304+0000][gc,phases   ] GC(243)   Evacuate Collection Set: 72.9ms
[2026-01-16T08:28:15.305+0000][gc,phases   ] GC(243)   Post Evacuate Collection Set: 7.6ms
[2026-01-16T08:28:15.306+0000][gc,phases   ] GC(243)   Other: 0.9ms
[2026-01-16T08:28:15.307+0000][gc,heap     ] GC(243) Eden regions: 46->0(48)
[2026-01-16T08:28:15.308+0000][gc,heap     ] GC(243) Survivor regions: 5->3(7)
[2026-01-16T08:28:15.310+0000][gc,heap     ] GC(243) Old regions: 150->150
[2026-01-16T08:28:15.313+0000][gc,heap     ] GC(243) Humongous regions: 149->149
[2026-01-16T08:28:15.314+0000][gc,metaspace] GC(243) Metaspace: 14318K(14656K)->14318K(14656K) NonClass: 12681K(12864K)->12681K(12864K) Class: 1637K(1792K)->1637K(1792K)
[2026-01-16T08:28:15.315+0000][gc          ] GC(243) Pause Young (Normal) (G1 Evacuation Pause) 348M->300M(1024M) 103.373ms
[2026-01-16T08:28:15.316+0000][gc,cpu      ] GC(243) User=0.04s Sys=0.00s Real=0.10s
[2026-01-16T08:28:16.479+0000][gc,start    ] GC(244) Pause Young (Normal) (G1 Evacuation Pause)
[2026-01-16T08:28:16.490+0000][gc,task     ] GC(244) Using 8 workers of 8 for evacuation
[2026-01-16T08:28:16.607+0000][gc,phases   ] GC(244)   Pre Evacuate Collection Set: 33.7ms
[2026-01-16T08:28:16.607+0000][gc,phases   ] GC(244)   Merge Heap Roots: 6.0ms
[2026-01-16T08:28:16.608+0000][gc,phases   ] GC(244)   Evacuate Collection Set: 65.4ms
[2026-01-16T08:28:16.608+0000][gc,phases   ] GC(244)   Post Evacuate Collection Set: 9.6ms
[2026-01-16T08:28:16.609+0000][gc,phases   ] GC(244)   Other: 1.4ms
[2026-01-16T08:28:16.609+0000][gc,heap     ] GC(244) Eden regions: 48->0(48)
[2026-01-16T08:28:16.610+0000][gc,heap     ] GC(244) Survivor regions: 3->3(7)
[2026-01-16T08:28:16.610+0000][gc,heap     ] GC(244) Old regions: 150->150
[2026-01-16T08:28:16.611+0000][gc,heap     ] GC(244) Humongous regions: 149->149
[2026-01-16T08:28:16.613+0000][gc,metaspace] GC(244) Metaspace: 14326K(14656K)->14326K(14656K) NonClass: 12689K(12864K)->12689K(12864K) Class: 1637K(1792K)->1637K(1792K)
[2026-01-16T08:28:16.614+0000][gc          ] GC(244) Pause Young (Normal) (G1 Evacuation Pause) 348M->301M(1024M) 134.995ms
[2026-01-16T08:28:16.614+0000][gc,cpu      ] GC(244) User=0.08s Sys=0.01s Real=0.14s
[2026-01-16T08:28:17.175+0000][gc,start    ] GC(245) Pause Young (Normal) (G1 Evacuation Pause)
[2026-01-16T08:28:17.176+0000][gc,task     ] GC(245) Using 8 workers of 8 for evacuation
[2026-01-16T08:28:17.243+0000][gc,phases   ] GC(245)   Pre Evacuate Collection Set: 0.8ms
[2026-01-16T08:28:17.243+0000][gc,phases   ] GC(245)   Merge Heap Roots: 1.0ms
[2026-01-16T08:28:17.243+0000][gc,phases   ] GC(245)   Evacuate Collection Set: 62.8ms
[2026-01-16T08:28:17.243+0000][gc,phases   ] GC(245)   Post Evacuate Collection Set: 1.4ms
[2026-01-16T08:28:17.244+0000][gc,phases   ] GC(245)   Other: 1.1ms
[2026-01-16T08:28:17.245+0000][gc,heap     ] GC(245) Eden regions: 48->0(47)
[2026-01-16T08:28:17.245+0000][gc,heap     ] GC(245) Survivor regions: 3->4(7)
[2026-01-16T08:28:17.245+0000][gc,heap     ] GC(245) Old regions: 150->150
[2026-01-16T08:28:17.246+0000][gc,heap     ] GC(245) Humongous regions: 149->149
[2026-01-16T08:28:17.246+0000][gc,metaspace] GC(245) Metaspace: 14327K(14656K)->14327K(14656K) NonClass: 12690K(12864K)->12690K(12864K) Class: 1637K(1792K)->1637K(1792K)
[2026-01-16T08:28:17.248+0000][gc          ] GC(245) Pause Young (Normal) (G1 Evacuation Pause) 349M->302M(1024M) 72.664ms
[2026-01-16T08:28:17.249+0000][gc,cpu      ] GC(245) User=0.03s Sys=0.01s Real=0.07s
[2026-01-16T08:28:18.052+0000][gc,start    ] GC(246) Pause Young (Normal) (G1 Evacuation Pause)
[2026-01-16T08:28:18.052+0000][gc,task     ] GC(246) Using 8 workers of 8 for evacuation
[2026-01-16T08:28:18.165+0000][gc,phases   ] GC(246)   Pre Evacuate Collection Set: 23.6ms
[2026-01-16T08:28:18.166+0000][gc,phases   ] GC(246)   Merge Heap Roots: 2.1ms
[2026-01-16T08:28:18.166+0000][gc,phases   ] GC(246)   Evacuate Collection Set: 80.6ms
[2026-01-16T08:28:18.166+0000][gc,phases   ] GC(246)   Post Evacuate Collection Set: 5.3ms
[2026-01-16T08:28:18.167+0000][gc,phases   ] GC(246)   Other: 1.5ms
[2026-01-16T08:28:18.167+0000][gc,heap     ] GC(246) Eden regions: 47->0(46)
[2026-01-16T08:28:18.167+0000][gc,heap     ] GC(246) Survivor regions: 4->5(7)
[2026-01-16T08:28:18.167+0000][gc,heap     ] GC(246) Old regions: 150->150
[2026-01-16T08:28:18.167+0000][gc,heap     ] GC(246) Humongous regions: 149->149
[2026-01-16T08:28:18.170+0000][gc,metaspace] GC(246) Metaspace: 14331K(14656K)->14331K(14656K) NonClass: 12694K(12864K)->12694K(12864K) Class: 1637K(1792K)->1637K(1792K)
[2026-01-16T08:28:18.170+0000][gc          ] GC(246) Pause Young (Normal) (G1 Evacuation Pause) 349M->303M(1024M) 118.380ms
[2026-01-16T08:28:18.170+0000][gc,cpu      ] GC(246) User=0.10s Sys=0.01s Real=0.12s
[2026-01-16T08:28:18.715+0000][gc,start    ] GC(247) Pause Young (Normal) (G1 Evacuation Pause)
[2026-01-16T08:28:18.717+0000][gc,task     ] GC(247) Using 8 workers of 8 for evacuation
[2026-01-16T08:28:18.778+0000][gc,phases   ] GC(247)   Pre Evacuate Collection Set: 5.3ms
[2026-01-16T08:28:18.778+0000][gc,phases   ] GC(247)   Merge Heap Roots: 0.3ms
[2026-01-16T08:28:18.779+0000][gc,phases   ] GC(247)   Evacuate Collection Set: 48.5ms
[2026-01-16T08:28:18.779+0000][gc,phases   ] GC(247)   Post Evacuate Collection Set: 4.1ms
[2026-01-16T08:28:18.779+0000][gc,phases   ] GC(247)   Other: 3.0ms
[2026-01-16T08:28:18.780+0000][gc,heap     ] GC(247) Eden regions: 46->0(177)
[2026-01-16T08:28:18.781+0000][gc,heap     ] GC(247) Survivor regions: 5->2(7)
[2026-01-16T08:28:18.781+0000][gc,heap     ] GC(247) Old regions: 150->151
[2026-01-16T08:28:18.781+0000][gc,heap     ] GC(247) Humongous regions: 149->149
[2026-01-16T08:28:18.782+0000][gc,metaspace] GC(247) Metaspace: 14332K(14656K)->14332K(14656K) NonClass: 12695K(12864K)->12695K(12864K) Class: 1637K(1792K)->1637K(1792K)
[2026-01-16T08:28:18.784+0000][gc          ] GC(247) Pause Young (Normal) (G1 Evacuation Pause) 349M->301M(1024M) 69.875ms
[2026-01-16T08:28:18.788+0000][gc,cpu      ] GC(247) User=0.03s Sys=0.01s Real=0.07s
[2026-01-16T08:28:41.522+0000][gc,start    ] GC(248) Pause Young (Normal) (G1 Evacuation Pause)
[2026-01-16T08:28:41.525+0000][gc,task     ] GC(248) Using 8 workers of 8 for evacuation
[2026-01-16T08:28:43.016+0000][gc,mmu      ] GC(248) MMU target violated: 201.0ms (200.0ms/201.0ms)
[2026-01-16T08:28:43.017+0000][gc,phases   ] GC(248)   Pre Evacuate Collection Set: 37.7ms
[2026-01-16T08:28:43.017+0000][gc,phases   ] GC(248)   Merge Heap Roots: 8.2ms
[2026-01-16T08:28:43.017+0000][gc,phases   ] GC(248)   Evacuate Collection Set: 1399.8ms
[2026-01-16T08:28:43.017+0000][gc,phases   ] GC(248)   Post Evacuate Collection Set: 41.1ms
[2026-01-16T08:28:43.017+0000][gc,phases   ] GC(248)   Other: 5.0ms
[2026-01-16T08:28:43.017+0000][gc,heap     ] GC(248) Eden regions: 183->0(48)
[2026-01-16T08:28:43.017+0000][gc,heap     ] GC(248) Survivor regions: 2->3(24)
[2026-01-16T08:28:43.017+0000][gc,heap     ] GC(248) Old regions: 151->151
[2026-01-16T08:28:43.017+0000][gc,heap     ] GC(248) Humongous regions: 149->149
[2026-01-16T08:28:43.017+0000][gc,metaspace] GC(248) Metaspace: 14365K(14720K)->14365K(14720K) NonClass: 12727K(12928K)->12727K(12928K) Class: 1637K(1792K)->1637K(1792K)
[2026-01-16T08:28:43.017+0000][gc          ] GC(248) Pause Young (Normal) (G1 Evacuation Pause) 484M->301M(1024M) 1494.994ms
[2026-01-16T08:28:43.038+0000][gc,cpu      ] GC(248) User=0.71s Sys=0.05s Real=1.50s
[2026-01-16T08:28:47.046+0000][gc,start    ] GC(249) Pause Young (Normal) (G1 Evacuation Pause)
[2026-01-16T08:28:47.052+0000][gc,task     ] GC(249) Using 8 workers of 8 for evacuation
[2026-01-16T08:28:47.892+0000][gc,mmu      ] GC(249) MMU target violated: 201.0ms (200.0ms/201.0ms)
[2026-01-16T08:28:47.939+0000][gc,phases   ] GC(249)   Pre Evacuate Collection Set: 58.5ms
[2026-01-16T08:28:47.939+0000][gc,phases   ] GC(249)   Merge Heap Roots: 39.3ms
[2026-01-16T08:28:47.940+0000][gc,phases   ] GC(249)   Evacuate Collection Set: 664.0ms
[2026-01-16T08:28:47.941+0000][gc,phases   ] GC(249)   Post Evacuate Collection Set: 76.2ms
[2026-01-16T08:28:47.941+0000][gc,phases   ] GC(249)   Other: 50.1ms
[2026-01-16T08:28:47.942+0000][gc,heap     ] GC(249) Eden regions: 48->0(47)
[2026-01-16T08:28:47.943+0000][gc,heap     ] GC(249) Survivor regions: 3->4(7)
[2026-01-16T08:28:47.944+0000][gc,heap     ] GC(249) Old regions: 151->151
[2026-01-16T08:28:47.944+0000][gc,heap     ] GC(249) Humongous regions: 149->149
[2026-01-16T08:28:47.945+0000][gc,metaspace] GC(249) Metaspace: 14365K(14720K)->14365K(14720K) NonClass: 12728K(12928K)->12728K(12928K) Class: 1637K(1792K)->1637K(1792K)
[2026-01-16T08:28:47.947+0000][gc          ] GC(249) Pause Young (Normal) (G1 Evacuation Pause) 349M->302M(1024M) 900.662ms
[2026-01-16T08:28:47.954+0000][gc,cpu      ] GC(249) User=0.28s Sys=0.02s Real=0.91s
[2026-01-16T08:28:50.594+0000][gc,start    ] GC(250) Pause Young (Normal) (G1 Evacuation Pause)
[2026-01-16T08:28:50.596+0000][gc,task     ] GC(250) Using 8 workers of 8 for evacuation
[2026-01-16T08:28:51.504+0000][gc,mmu      ] GC(250) MMU target violated: 201.0ms (200.0ms/201.0ms)
[2026-01-16T08:28:51.504+0000][gc,phases   ] GC(250)   Pre Evacuate Collection Set: 80.6ms
[2026-01-16T08:28:51.505+0000][gc,phases   ] GC(250)   Merge Heap Roots: 79.1ms
[2026-01-16T08:28:51.506+0000][gc,phases   ] GC(250)   Evacuate Collection Set: 716.3ms
[2026-01-16T08:28:51.506+0000][gc,phases   ] GC(250)   Post Evacuate Collection Set: 30.7ms
[2026-01-16T08:28:51.506+0000][gc,phases   ] GC(250)   Other: 1.5ms
[2026-01-16T08:28:51.507+0000][gc,heap     ] GC(250) Eden regions: 47->0(46)
[2026-01-16T08:28:51.508+0000][gc,heap     ] GC(250) Survivor regions: 4->5(7)
[2026-01-16T08:28:51.509+0000][gc,heap     ] GC(250) Old regions: 151->151
[2026-01-16T08:28:51.509+0000][gc,heap     ] GC(250) Humongous regions: 149->149
[2026-01-16T08:28:51.512+0000][gc,metaspace] GC(250) Metaspace: 14375K(14720K)->14375K(14720K) NonClass: 12738K(12928K)->12738K(12928K) Class: 1637K(1792K)->1637K(1792K)
[2026-01-16T08:28:51.514+0000][gc          ] GC(250) Pause Young (Normal) (G1 Evacuation Pause) 349M->303M(1024M) 920.618ms
[2026-01-16T08:28:51.516+0000][gc,cpu      ] GC(250) User=0.27s Sys=0.06s Real=0.92s
[2026-01-16T08:28:53.738+0000][gc,start    ] GC(251) Pause Young (Normal) (G1 Evacuation Pause)
[2026-01-16T08:28:53.739+0000][gc,task     ] GC(251) Using 8 workers of 8 for evacuation
[2026-01-16T08:28:54.087+0000][gc,mmu      ] GC(251) MMU target violated: 201.0ms (200.0ms/201.0ms)
[2026-01-16T08:28:54.088+0000][gc,phases   ] GC(251)   Pre Evacuate Collection Set: 43.1ms
[2026-01-16T08:28:54.089+0000][gc,phases   ] GC(251)   Merge Heap Roots: 6.6ms
[2026-01-16T08:28:54.090+0000][gc,phases   ] GC(251)   Evacuate Collection Set: 281.8ms
[2026-01-16T08:28:54.090+0000][gc,phases   ] GC(251)   Post Evacuate Collection Set: 14.5ms
[2026-01-16T08:28:54.090+0000][gc,phases   ] GC(251)   Other: 3.8ms
[2026-01-16T08:28:54.091+0000][gc,heap     ] GC(251) Eden regions: 46->0(46)
[2026-01-16T08:28:54.093+0000][gc,heap     ] GC(251) Survivor regions: 5->5(7)
[2026-01-16T08:28:54.093+0000][gc,heap     ] GC(251) Old regions: 151->151
[2026-01-16T08:28:54.094+0000][gc,heap     ] GC(251) Humongous regions: 149->149
[2026-01-16T08:28:54.095+0000][gc,metaspace] GC(251) Metaspace: 14376K(14720K)->14376K(14720K) NonClass: 12738K(12928K)->12738K(12928K) Class: 1637K(1792K)->1637K(1792K)
[2026-01-16T08:28:54.096+0000][gc          ] GC(251) Pause Young (Normal) (G1 Evacuation Pause) 349M->304M(1024M) 358.049ms
[2026-01-16T08:28:54.096+0000][gc,cpu      ] GC(251) User=0.22s Sys=0.02s Real=0.36s
[2026-01-16T08:28:56.198+0000][gc,start    ] GC(252) Pause Young (Normal) (G1 Evacuation Pause)
[2026-01-16T08:28:56.241+0000][gc,task     ] GC(252) Using 8 workers of 8 for evacuation
[2026-01-16T08:28:56.959+0000][gc,mmu      ] GC(252) MMU target violated: 201.0ms (200.0ms/201.0ms)
[2026-01-16T08:28:56.960+0000][gc,phases   ] GC(252)   Pre Evacuate Collection Set: 44.8ms
[2026-01-16T08:28:56.960+0000][gc,phases   ] GC(252)   Merge Heap Roots: 15.0ms
[2026-01-16T08:28:56.960+0000][gc,phases   ] GC(252)   Evacuate Collection Set: 598.2ms
[2026-01-16T08:28:56.961+0000][gc,phases   ] GC(252)   Post Evacuate Collection Set: 11.4ms
[2026-01-16T08:28:56.961+0000][gc,phases   ] GC(252)   Other: 50.0ms
[2026-01-16T08:28:56.962+0000][gc,heap     ] GC(252) Eden regions: 46->0(47)
[2026-01-16T08:28:56.962+0000][gc,heap     ] GC(252) Survivor regions: 5->4(7)
[2026-01-16T08:28:56.962+0000][gc,heap     ] GC(252) Old regions: 151->153
[2026-01-16T08:28:56.963+0000][gc,heap     ] GC(252) Humongous regions: 149->149
[2026-01-16T08:28:56.963+0000][gc,metaspace] GC(252) Metaspace: 14380K(14720K)->14380K(14720K) NonClass: 12742K(12928K)->12742K(12928K) Class: 1637K(1792K)->1637K(1792K)
[2026-01-16T08:28:56.964+0000][gc          ] GC(252) Pause Young (Normal) (G1 Evacuation Pause) 350M->304M(1024M) 765.452ms
[2026-01-16T08:28:56.966+0000][gc,cpu      ] GC(252) User=0.44s Sys=0.09s Real=0.76s
[2026-01-16T08:29:00.368+0000][gc,start    ] GC(253) Pause Young (Normal) (G1 Evacuation Pause)
[2026-01-16T08:29:00.381+0000][gc,task     ] GC(253) Using 8 workers of 8 for evacuation
[2026-01-16T08:29:01.032+0000][gc,mmu      ] GC(253) MMU target violated: 201.0ms (200.0ms/201.0ms)
[2026-01-16T08:29:01.035+0000][gc,phases   ] GC(253)   Pre Evacuate Collection Set: 111.5ms
[2026-01-16T08:29:01.037+0000][gc,phases   ] GC(253)   Merge Heap Roots: 33.5ms
[2026-01-16T08:29:01.037+0000][gc,phases   ] GC(253)   Evacuate Collection Set: 444.0ms
[2026-01-16T08:29:01.039+0000][gc,phases   ] GC(253)   Post Evacuate Collection Set: 55.8ms
[2026-01-16T08:29:01.042+0000][gc,phases   ] GC(253)   Other: 19.9ms
[2026-01-16T08:29:01.044+0000][gc,heap     ] GC(253) Eden regions: 47->0(46)
[2026-01-16T08:29:01.046+0000][gc,heap     ] GC(253) Survivor regions: 4->5(7)
[2026-01-16T08:29:01.048+0000][gc,heap     ] GC(253) Old regions: 153->153
[2026-01-16T08:29:01.049+0000][gc,heap     ] GC(253) Humongous regions: 149->149
[2026-01-16T08:29:01.049+0000][gc,metaspace] GC(253) Metaspace: 14380K(14720K)->14380K(14720K) NonClass: 12742K(12928K)->12742K(12928K) Class: 1637K(1792K)->1637K(1792K)
[2026-01-16T08:29:01.050+0000][gc          ] GC(253) Pause Young (Normal) (G1 Evacuation Pause) 351M->305M(1024M) 682.239ms
[2026-01-16T08:29:01.050+0000][gc,cpu      ] GC(253) User=0.42s Sys=0.04s Real=0.69s
[2026-01-16T08:29:04.415+0000][gc,start    ] GC(254) Pause Young (Normal) (G1 Evacuation Pause)
[2026-01-16T08:29:04.417+0000][gc,task     ] GC(254) Using 8 workers of 8 for evacuation
[2026-01-16T08:29:05.218+0000][gc,mmu      ] GC(254) MMU target violated: 201.0ms (200.0ms/201.0ms)
[2026-01-16T08:29:05.220+0000][gc,phases   ] GC(254)   Pre Evacuate Collection Set: 100.2ms
[2026-01-16T08:29:05.221+0000][gc,phases   ] GC(254)   Merge Heap Roots: 26.5ms
[2026-01-16T08:29:05.221+0000][gc,phases   ] GC(254)   Evacuate Collection Set: 620.9ms
[2026-01-16T08:29:05.221+0000][gc,phases   ] GC(254)   Post Evacuate Collection Set: 47.8ms
[2026-01-16T08:29:05.222+0000][gc,phases   ] GC(254)   Other: 9.9ms
[2026-01-16T08:29:05.222+0000][gc,heap     ] GC(254) Eden regions: 46->0(47)
[2026-01-16T08:29:05.222+0000][gc,heap     ] GC(254) Survivor regions: 5->4(7)
[2026-01-16T08:29:05.222+0000][gc,heap     ] GC(254) Old regions: 153->154
[2026-01-16T08:29:05.223+0000][gc,heap     ] GC(254) Humongous regions: 149->149
[2026-01-16T08:29:05.223+0000][gc,metaspace] GC(254) Metaspace: 14381K(14720K)->14381K(14720K) NonClass: 12744K(12928K)->12744K(12928K) Class: 1637K(1792K)->1637K(1792K)
[2026-01-16T08:29:05.223+0000][gc          ] GC(254) Pause Young (Normal) (G1 Evacuation Pause) 351M->306M(1024M) 808.184ms
[2026-01-16T08:29:05.223+0000][gc,cpu      ] GC(254) User=0.36s Sys=0.06s Real=0.81s
[2026-01-16T08:29:06.949+0000][gc,start    ] GC(255) Pause Young (Normal) (G1 Evacuation Pause)
[2026-01-16T08:29:06.953+0000][gc,task     ] GC(255) Using 8 workers of 8 for evacuation
[2026-01-16T08:29:07.284+0000][gc,mmu      ] GC(255) MMU target violated: 201.0ms (200.0ms/201.0ms)
[2026-01-16T08:29:07.285+0000][gc,phases   ] GC(255)   Pre Evacuate Collection Set: 70.3ms
[2026-01-16T08:29:07.286+0000][gc,phases   ] GC(255)   Merge Heap Roots: 7.8ms
[2026-01-16T08:29:07.288+0000][gc,phases   ] GC(255)   Evacuate Collection Set: 226.4ms
[2026-01-16T08:29:07.290+0000][gc,phases   ] GC(255)   Post Evacuate Collection Set: 18.2ms
[2026-01-16T08:29:07.291+0000][gc,phases   ] GC(255)   Other: 10.7ms
[2026-01-16T08:29:07.291+0000][gc,heap     ] GC(255) Eden regions: 47->0(46)
[2026-01-16T08:29:07.291+0000][gc,heap     ] GC(255) Survivor regions: 4->5(7)
[2026-01-16T08:29:07.292+0000][gc,heap     ] GC(255) Old regions: 154->155
[2026-01-16T08:29:07.293+0000][gc,heap     ] GC(255) Humongous regions: 149->149
[2026-01-16T08:29:07.293+0000][gc,metaspace] GC(255) Metaspace: 14385K(14720K)->14385K(14720K) NonClass: 12748K(12928K)->12748K(12928K) Class: 1637K(1792K)->1637K(1792K)
[2026-01-16T08:29:07.294+0000][gc          ] GC(255) Pause Young (Normal) (G1 Evacuation Pause) 353M->307M(1024M) 344.275ms
[2026-01-16T08:29:07.294+0000][gc,cpu      ] GC(255) User=0.24s Sys=0.02s Real=0.35s
[2026-01-16T08:29:08.920+0000][gc,start    ] GC(256) Pause Young (Normal) (G1 Evacuation Pause)
[2026-01-16T08:29:08.921+0000][gc,task     ] GC(256) Using 8 workers of 8 for evacuation
[2026-01-16T08:29:09.210+0000][gc,mmu      ] GC(256) MMU target violated: 201.0ms (200.0ms/201.0ms)
[2026-01-16T08:29:09.210+0000][gc,phases   ] GC(256)   Pre Evacuate Collection Set: 39.7ms
[2026-01-16T08:29:09.211+0000][gc,phases   ] GC(256)   Merge Heap Roots: 6.8ms
[2026-01-16T08:29:09.211+0000][gc,phases   ] GC(256)   Evacuate Collection Set: 234.3ms
[2026-01-16T08:29:09.211+0000][gc,phases   ] GC(256)   Post Evacuate Collection Set: 6.3ms
[2026-01-16T08:29:09.211+0000][gc,phases   ] GC(256)   Other: 2.2ms
[2026-01-16T08:29:09.212+0000][gc,heap     ] GC(256) Eden regions: 46->0(46)
[2026-01-16T08:29:09.212+0000][gc,heap     ] GC(256) Survivor regions: 5->5(7)
[2026-01-16T08:29:09.212+0000][gc,heap     ] GC(256) Old regions: 155->155
[2026-01-16T08:29:09.212+0000][gc,heap     ] GC(256) Humongous regions: 149->149
[2026-01-16T08:29:09.212+0000][gc,metaspace] GC(256) Metaspace: 14390K(14720K)->14390K(14720K) NonClass: 12753K(12928K)->12753K(12928K) Class: 1637K(1792K)->1637K(1792K)
[2026-01-16T08:29:09.213+0000][gc          ] GC(256) Pause Young (Normal) (G1 Evacuation Pause) 353M->308M(1024M) 292.743ms
[2026-01-16T08:29:09.213+0000][gc,cpu      ] GC(256) User=0.18s Sys=0.01s Real=0.29s
[2026-01-16T08:29:10.502+0000][gc,start    ] GC(257) Pause Young (Normal) (G1 Evacuation Pause)
[2026-01-16T08:29:10.505+0000][gc,task     ] GC(257) Using 8 workers of 8 for evacuation
[2026-01-16T08:29:10.664+0000][gc,phases   ] GC(257)   Pre Evacuate Collection Set: 8.4ms
[2026-01-16T08:29:10.665+0000][gc,phases   ] GC(257)   Merge Heap Roots: 2.4ms
[2026-01-16T08:29:10.667+0000][gc,phases   ] GC(257)   Evacuate Collection Set: 139.6ms
[2026-01-16T08:29:10.668+0000][gc,phases   ] GC(257)   Post Evacuate Collection Set: 7.4ms
[2026-01-16T08:29:10.669+0000][gc,phases   ] GC(257)   Other: 0.6ms
[2026-01-16T08:29:10.670+0000][gc,heap     ] GC(257) Eden regions: 46->0(46)
[2026-01-16T08:29:10.672+0000][gc,heap     ] GC(257) Survivor regions: 5->5(7)
[2026-01-16T08:29:10.674+0000][gc,heap     ] GC(257) Old regions: 155->156
[2026-01-16T08:29:10.676+0000][gc,heap     ] GC(257) Humongous regions: 149->149
[2026-01-16T08:29:10.678+0000][gc,metaspace] GC(257) Metaspace: 14390K(14720K)->14390K(14720K) NonClass: 12753K(12928K)->12753K(12928K) Class: 1637K(1792K)->1637K(1792K)
[2026-01-16T08:29:10.678+0000][gc          ] GC(257) Pause Young (Normal) (G1 Evacuation Pause) 354M->308M(1024M) 176.109ms
[2026-01-16T08:29:10.678+0000][gc,cpu      ] GC(257) User=0.09s Sys=0.01s Real=0.18s
[2026-01-16T08:29:11.751+0000][gc,start    ] GC(258) Pause Young (Normal) (G1 Evacuation Pause)
[2026-01-16T08:29:11.752+0000][gc,task     ] GC(258) Using 8 workers of 8 for evacuation
[2026-01-16T08:29:11.966+0000][gc,mmu      ] GC(258) MMU target violated: 201.0ms (200.0ms/201.0ms)
[2026-01-16T08:29:11.968+0000][gc,phases   ] GC(258)   Pre Evacuate Collection Set: 7.0ms
[2026-01-16T08:29:11.968+0000][gc,phases   ] GC(258)   Merge Heap Roots: 2.9ms
[2026-01-16T08:29:11.969+0000][gc,phases   ] GC(258)   Evacuate Collection Set: 199.1ms
[2026-01-16T08:29:11.969+0000][gc,phases   ] GC(258)   Post Evacuate Collection Set: 3.1ms
[2026-01-16T08:29:11.970+0000][gc,phases   ] GC(258)   Other: 4.0ms
[2026-01-16T08:29:11.970+0000][gc,heap     ] GC(258) Eden regions: 46->0(47)
[2026-01-16T08:29:11.970+0000][gc,heap     ] GC(258) Survivor regions: 5->4(7)
[2026-01-16T08:29:11.971+0000][gc,heap     ] GC(258) Old regions: 156->157
[2026-01-16T08:29:11.971+0000][gc,heap     ] GC(258) Humongous regions: 149->149
[2026-01-16T08:29:11.971+0000][gc,metaspace] GC(258) Metaspace: 14390K(14720K)->14390K(14720K) NonClass: 12753K(12928K)->12753K(12928K) Class: 1637K(1792K)->1637K(1792K)
[2026-01-16T08:29:11.971+0000][gc          ] GC(258) Pause Young (Normal) (G1 Evacuation Pause) 354M->309M(1024M) 220.780ms
[2026-01-16T08:29:11.972+0000][gc,cpu      ] GC(258) User=0.08s Sys=0.02s Real=0.22s
[2026-01-16T08:29:13.720+0000][gc,start    ] GC(259) Pause Young (Normal) (G1 Evacuation Pause)
[2026-01-16T08:29:13.748+0000][gc,task     ] GC(259) Using 8 workers of 8 for evacuation
[2026-01-16T08:29:14.066+0000][gc,mmu      ] GC(259) MMU target violated: 201.0ms (200.0ms/201.0ms)
[2026-01-16T08:29:14.066+0000][gc,phases   ] GC(259)   Pre Evacuate Collection Set: 31.6ms
[2026-01-16T08:29:14.066+0000][gc,phases   ] GC(259)   Merge Heap Roots: 0.5ms
[2026-01-16T08:29:14.067+0000][gc,phases   ] GC(259)   Evacuate Collection Set: 277.5ms
[2026-01-16T08:29:14.068+0000][gc,phases   ] GC(259)   Post Evacuate Collection Set: 2.1ms
[2026-01-16T08:29:14.069+0000][gc,phases   ] GC(259)   Other: 6.7ms
[2026-01-16T08:29:14.070+0000][gc,heap     ] GC(259) Eden regions: 47->0(46)
[2026-01-16T08:29:14.071+0000][gc,heap     ] GC(259) Survivor regions: 4->5(7)
[2026-01-16T08:29:14.071+0000][gc,heap     ] GC(259) Old regions: 157->158
[2026-01-16T08:29:14.074+0000][gc,heap     ] GC(259) Humongous regions: 149->149
[2026-01-16T08:29:14.075+0000][gc,metaspace] GC(259) Metaspace: 14391K(14720K)->14391K(14720K) NonClass: 12754K(12928K)->12754K(12928K) Class: 1637K(1792K)->1637K(1792K)
[2026-01-16T08:29:14.080+0000][gc          ] GC(259) Pause Young (Normal) (G1 Evacuation Pause) 356M->310M(1024M) 360.185ms
[2026-01-16T08:29:14.081+0000][gc,cpu      ] GC(259) User=0.15s Sys=0.01s Real=0.36s
[2026-01-16T08:29:15.053+0000][gc,start    ] GC(260) Pause Young (Normal) (G1 Evacuation Pause)
[2026-01-16T08:29:15.053+0000][gc,task     ] GC(260) Using 8 workers of 8 for evacuation
[2026-01-16T08:29:15.158+0000][gc,phases   ] GC(260)   Pre Evacuate Collection Set: 7.8ms
[2026-01-16T08:29:15.158+0000][gc,phases   ] GC(260)   Merge Heap Roots: 0.6ms
[2026-01-16T08:29:15.158+0000][gc,phases   ] GC(260)   Evacuate Collection Set: 74.5ms
[2026-01-16T08:29:15.159+0000][gc,phases   ] GC(260)   Post Evacuate Collection Set: 20.8ms
[2026-01-16T08:29:15.162+0000][gc,phases   ] GC(260)   Other: 0.6ms
[2026-01-16T08:29:15.163+0000][gc,heap     ] GC(260) Eden regions: 46->0(46)
[2026-01-16T08:29:15.163+0000][gc,heap     ] GC(260) Survivor regions: 5->5(7)
[2026-01-16T08:29:15.171+0000][gc,heap     ] GC(260) Old regions: 158->158
[2026-01-16T08:29:15.176+0000][gc,heap     ] GC(260) Humongous regions: 149->149
[2026-01-16T08:29:15.176+0000][gc,metaspace] GC(260) Metaspace: 14392K(14720K)->14392K(14720K) NonClass: 12755K(12928K)->12755K(12928K) Class: 1637K(1792K)->1637K(1792K)
[2026-01-16T08:29:15.184+0000][gc          ] GC(260) Pause Young (Normal) (G1 Evacuation Pause) 356M->311M(1024M) 131.771ms
[2026-01-16T08:29:15.185+0000][gc,cpu      ] GC(260) User=0.06s Sys=0.01s Real=0.14s
[2026-01-16T08:29:16.461+0000][gc,start    ] GC(261) Pause Young (Normal) (GCLocker Initiated GC)
[2026-01-16T08:29:16.532+0000][gc,task     ] GC(261) Using 8 workers of 8 for evacuation
[2026-01-16T08:29:17.005+0000][gc,mmu      ] GC(261) MMU target violated: 201.0ms (200.0ms/201.0ms)
[2026-01-16T08:29:17.005+0000][gc,phases   ] GC(261)   Pre Evacuate Collection Set: 60.4ms
[2026-01-16T08:29:17.006+0000][gc,phases   ] GC(261)   Merge Heap Roots: 0.4ms
[2026-01-16T08:29:17.007+0000][gc,phases   ] GC(261)   Evacuate Collection Set: 377.5ms
[2026-01-16T08:29:17.008+0000][gc,phases   ] GC(261)   Post Evacuate Collection Set: 30.8ms
[2026-01-16T08:29:17.008+0000][gc,phases   ] GC(261)   Other: 60.3ms
[2026-01-16T08:29:17.009+0000][gc,heap     ] GC(261) Eden regions: 46->0(47)
[2026-01-16T08:29:17.009+0000][gc,heap     ] GC(261) Survivor regions: 5->4(7)
[2026-01-16T08:29:17.009+0000][gc,heap     ] GC(261) Old regions: 158->159
[2026-01-16T08:29:17.010+0000][gc,heap     ] GC(261) Humongous regions: 149->149
[2026-01-16T08:29:17.010+0000][gc,metaspace] GC(261) Metaspace: 14393K(14720K)->14393K(14720K) NonClass: 12756K(12928K)->12756K(12928K) Class: 1637K(1792K)->1637K(1792K)
[2026-01-16T08:29:17.014+0000][gc          ] GC(261) Pause Young (Normal) (GCLocker Initiated GC) 357M->311M(1024M) 553.681ms
[2026-01-16T08:29:17.017+0000][gc,cpu      ] GC(261) User=0.12s Sys=0.05s Real=0.56s
[2026-01-16T08:29:18.202+0000][gc,start    ] GC(262) Pause Young (Normal) (G1 Evacuation Pause)
[2026-01-16T08:29:18.203+0000][gc,task     ] GC(262) Using 8 workers of 8 for evacuation
[2026-01-16T08:29:18.311+0000][gc,phases   ] GC(262)   Pre Evacuate Collection Set: 15.5ms
[2026-01-16T08:29:18.315+0000][gc,phases   ] GC(262)   Merge Heap Roots: 0.7ms
[2026-01-16T08:29:18.317+0000][gc,phases   ] GC(262)   Evacuate Collection Set: 84.4ms
[2026-01-16T08:29:18.319+0000][gc,phases   ] GC(262)   Post Evacuate Collection Set: 2.1ms
[2026-01-16T08:29:18.319+0000][gc,phases   ] GC(262)   Other: 1.7ms
[2026-01-16T08:29:18.320+0000][gc,heap     ] GC(262) Eden regions: 47->0(46)
[2026-01-16T08:29:18.322+0000][gc,heap     ] GC(262) Survivor regions: 4->5(7)
[2026-01-16T08:29:18.323+0000][gc,heap     ] GC(262) Old regions: 159->159
[2026-01-16T08:29:18.326+0000][gc,heap     ] GC(262) Humongous regions: 149->149
[2026-01-16T08:29:18.328+0000][gc,metaspace] GC(262) Metaspace: 14395K(14720K)->14395K(14720K) NonClass: 12758K(12928K)->12758K(12928K) Class: 1637K(1792K)->1637K(1792K)
[2026-01-16T08:29:18.333+0000][gc          ] GC(262) Pause Young (Normal) (G1 Evacuation Pause) 358M->312M(1024M) 131.579ms
[2026-01-16T08:29:18.333+0000][gc,cpu      ] GC(262) User=0.10s Sys=0.01s Real=0.14s
[2026-01-16T08:29:19.073+0000][gc,start    ] GC(263) Pause Young (Normal) (G1 Evacuation Pause)
[2026-01-16T08:29:19.074+0000][gc,task     ] GC(263) Using 8 workers of 8 for evacuation
[2026-01-16T08:29:19.164+0000][gc,phases   ] GC(263)   Pre Evacuate Collection Set: 0.8ms
[2026-01-16T08:29:19.165+0000][gc,phases   ] GC(263)   Merge Heap Roots: 0.1ms
[2026-01-16T08:29:19.165+0000][gc,phases   ] GC(263)   Evacuate Collection Set: 88.2ms
[2026-01-16T08:29:19.165+0000][gc,phases   ] GC(263)   Post Evacuate Collection Set: 0.5ms
[2026-01-16T08:29:19.165+0000][gc,phases   ] GC(263)   Other: 0.8ms
[2026-01-16T08:29:19.166+0000][gc,heap     ] GC(263) Eden regions: 46->0(46)
[2026-01-16T08:29:19.166+0000][gc,heap     ] GC(263) Survivor regions: 5->5(7)
[2026-01-16T08:29:19.167+0000][gc,heap     ] GC(263) Old regions: 159->160
[2026-01-16T08:29:19.167+0000][gc,heap     ] GC(263) Humongous regions: 149->149
[2026-01-16T08:29:19.168+0000][gc,metaspace] GC(263) Metaspace: 14395K(14720K)->14395K(14720K) NonClass: 12758K(12928K)->12758K(12928K) Class: 1637K(1792K)->1637K(1792K)
[2026-01-16T08:29:19.168+0000][gc          ] GC(263) Pause Young (Normal) (G1 Evacuation Pause) 358M->312M(1024M) 94.991ms
[2026-01-16T08:29:19.169+0000][gc,cpu      ] GC(263) User=0.06s Sys=0.02s Real=0.10s
[2026-01-16T08:29:20.198+0000][gc,start    ] GC(264) Pause Young (Normal) (G1 Evacuation Pause)
[2026-01-16T08:29:20.203+0000][gc,task     ] GC(264) Using 8 workers of 8 for evacuation
[2026-01-16T08:29:20.357+0000][gc,phases   ] GC(264)   Pre Evacuate Collection Set: 10.1ms
[2026-01-16T08:29:20.358+0000][gc,phases   ] GC(264)   Merge Heap Roots: 6.0ms
[2026-01-16T08:29:20.361+0000][gc,phases   ] GC(264)   Evacuate Collection Set: 136.1ms
[2026-01-16T08:29:20.362+0000][gc,phases   ] GC(264)   Post Evacuate Collection Set: 1.7ms
[2026-01-16T08:29:20.365+0000][gc,phases   ] GC(264)   Other: 1.0ms
[2026-01-16T08:29:20.367+0000][gc,heap     ] GC(264) Eden regions: 46->0(46)
[2026-01-16T08:29:20.367+0000][gc,heap     ] GC(264) Survivor regions: 5->5(7)
[2026-01-16T08:29:20.371+0000][gc,heap     ] GC(264) Old regions: 160->161
[2026-01-16T08:29:20.371+0000][gc,heap     ] GC(264) Humongous regions: 149->149
[2026-01-16T08:29:20.377+0000][gc,metaspace] GC(264) Metaspace: 14398K(14720K)->14398K(14720K) NonClass: 12761K(12928K)->12761K(12928K) Class: 1637K(1792K)->1637K(1792K)
[2026-01-16T08:29:20.379+0000][gc          ] GC(264) Pause Young (Normal) (G1 Evacuation Pause) 358M->314M(1024M) 180.754ms
[2026-01-16T08:29:20.379+0000][gc,cpu      ] GC(264) User=0.10s Sys=0.02s Real=0.18s
[2026-01-16T08:29:21.343+0000][gc,start    ] GC(265) Pause Young (Normal) (G1 Evacuation Pause)
[2026-01-16T08:29:21.344+0000][gc,task     ] GC(265) Using 8 workers of 8 for evacuation
[2026-01-16T08:29:21.372+0000][gc,phases   ] GC(265)   Pre Evacuate Collection Set: 0.8ms
[2026-01-16T08:29:21.372+0000][gc,phases   ] GC(265)   Merge Heap Roots: 0.7ms
[2026-01-16T08:29:21.372+0000][gc,phases   ] GC(265)   Evacuate Collection Set: 23.8ms
[2026-01-16T08:29:21.372+0000][gc,phases   ] GC(265)   Post Evacuate Collection Set: 1.1ms
[2026-01-16T08:29:21.373+0000][gc,phases   ] GC(265)   Other: 0.6ms
[2026-01-16T08:29:21.373+0000][gc,heap     ] GC(265) Eden regions: 46->0(81)
[2026-01-16T08:29:21.373+0000][gc,heap     ] GC(265) Survivor regions: 5->5(7)
[2026-01-16T08:29:21.373+0000][gc,heap     ] GC(265) Old regions: 161->162
[2026-01-16T08:29:21.373+0000][gc,heap     ] GC(265) Humongous regions: 149->149
[2026-01-16T08:29:21.373+0000][gc,metaspace] GC(265) Metaspace: 14403K(14720K)->14403K(14720K) NonClass: 12766K(12928K)->12766K(12928K) Class: 1637K(1792K)->1637K(1792K)
[2026-01-16T08:29:21.374+0000][gc          ] GC(265) Pause Young (Normal) (G1 Evacuation Pause) 360M->314M(1024M) 30.802ms
[2026-01-16T08:29:21.374+0000][gc,cpu      ] GC(265) User=0.05s Sys=0.00s Real=0.04s
[2026-01-16T08:29:23.445+0000][gc,start    ] GC(266) Pause Young (Normal) (G1 Evacuation Pause)
[2026-01-16T08:29:23.449+0000][gc,task     ] GC(266) Using 8 workers of 8 for evacuation
[2026-01-16T08:29:23.743+0000][gc,mmu      ] GC(266) MMU target violated: 201.0ms (200.0ms/201.0ms)
[2026-01-16T08:29:23.743+0000][gc,phases   ] GC(266)   Pre Evacuate Collection Set: 15.0ms
[2026-01-16T08:29:23.744+0000][gc,phases   ] GC(266)   Merge Heap Roots: 2.3ms
[2026-01-16T08:29:23.744+0000][gc,phases   ] GC(266)   Evacuate Collection Set: 272.7ms
[2026-01-16T08:29:23.744+0000][gc,phases   ] GC(266)   Post Evacuate Collection Set: 2.2ms
[2026-01-16T08:29:23.744+0000][gc,phases   ] GC(266)   Other: 2.5ms
[2026-01-16T08:29:23.745+0000][gc,heap     ] GC(266) Eden regions: 87->0(45)
[2026-01-16T08:29:23.751+0000][gc,heap     ] GC(266) Survivor regions: 5->6(12)
[2026-01-16T08:29:23.755+0000][gc,heap     ] GC(266) Old regions: 162->162
[2026-01-16T08:29:23.755+0000][gc,heap     ] GC(266) Humongous regions: 149->149
[2026-01-16T08:29:23.757+0000][gc,metaspace] GC(266) Metaspace: 14403K(14720K)->14403K(14720K) NonClass: 12766K(12928K)->12766K(12928K) Class: 1637K(1792K)->1637K(1792K)
[2026-01-16T08:29:23.758+0000][gc          ] GC(266) Pause Young (Normal) (G1 Evacuation Pause) 401M->315M(1024M) 312.897ms
[2026-01-16T08:29:23.759+0000][gc,cpu      ] GC(266) User=0.25s Sys=0.01s Real=0.31s
[2026-01-16T08:29:25.239+0000][gc,start    ] GC(267) Pause Young (Normal) (G1 Evacuation Pause)
[2026-01-16T08:29:25.244+0000][gc,task     ] GC(267) Using 8 workers of 8 for evacuation
[2026-01-16T08:29:25.586+0000][gc,mmu      ] GC(267) MMU target violated: 201.0ms (200.0ms/201.0ms)
[2026-01-16T08:29:25.591+0000][gc,phases   ] GC(267)   Pre Evacuate Collection Set: 19.6ms
[2026-01-16T08:29:25.592+0000][gc,phases   ] GC(267)   Merge Heap Roots: 5.9ms
[2026-01-16T08:29:25.596+0000][gc,phases   ] GC(267)   Evacuate Collection Set: 308.0ms
[2026-01-16T08:29:25.598+0000][gc,phases   ] GC(267)   Post Evacuate Collection Set: 7.2ms
[2026-01-16T08:29:25.602+0000][gc,phases   ] GC(267)   Other: 5.9ms
[2026-01-16T08:29:25.604+0000][gc,heap     ] GC(267) Eden regions: 45->0(46)
[2026-01-16T08:29:25.609+0000][gc,heap     ] GC(267) Survivor regions: 6->5(7)
[2026-01-16T08:29:25.615+0000][gc,heap     ] GC(267) Old regions: 162->163
[2026-01-16T08:29:25.617+0000][gc,heap     ] GC(267) Humongous regions: 149->149
[2026-01-16T08:29:25.619+0000][gc,metaspace] GC(267) Metaspace: 14404K(14720K)->14404K(14720K) NonClass: 12766K(12928K)->12766K(12928K) Class: 1637K(1792K)->1637K(1792K)
[2026-01-16T08:29:25.620+0000][gc          ] GC(267) Pause Young (Normal) (G1 Evacuation Pause) 360M->316M(1024M) 380.305ms
[2026-01-16T08:29:25.620+0000][gc,cpu      ] GC(267) User=0.18s Sys=0.04s Real=0.38s
[2026-01-16T08:29:28.831+0000][gc,start    ] GC(268) Pause Young (Normal) (G1 Evacuation Pause)
[2026-01-16T08:29:28.845+0000][gc,task     ] GC(268) Using 8 workers of 8 for evacuation
[2026-01-16T08:29:29.578+0000][gc,mmu      ] GC(268) MMU target violated: 201.0ms (200.0ms/201.0ms)
[2026-01-16T08:29:29.582+0000][gc,phases   ] GC(268)   Pre Evacuate Collection Set: 14.1ms
[2026-01-16T08:29:29.582+0000][gc,phases   ] GC(268)   Merge Heap Roots: 4.8ms
[2026-01-16T08:29:29.582+0000][gc,phases   ] GC(268)   Evacuate Collection Set: 676.8ms
[2026-01-16T08:29:29.582+0000][gc,phases   ] GC(268)   Post Evacuate Collection Set: 8.0ms
[2026-01-16T08:29:29.583+0000][gc,phases   ] GC(268)   Other: 34.5ms
[2026-01-16T08:29:29.583+0000][gc,heap     ] GC(268) Eden regions: 46->0(46)
[2026-01-16T08:29:29.583+0000][gc,heap     ] GC(268) Survivor regions: 5->5(7)
[2026-01-16T08:29:29.583+0000][gc,heap     ] GC(268) Old regions: 163->164
[2026-01-16T08:29:29.583+0000][gc,heap     ] GC(268) Humongous regions: 149->149
[2026-01-16T08:29:29.583+0000][gc,metaspace] GC(268) Metaspace: 14404K(14720K)->14404K(14720K) NonClass: 12766K(12928K)->12766K(12928K) Class: 1637K(1792K)->1637K(1792K)
[2026-01-16T08:29:29.583+0000][gc          ] GC(268) Pause Young (Normal) (G1 Evacuation Pause) 362M->317M(1024M) 752.116ms
[2026-01-16T08:29:29.583+0000][gc,cpu      ] GC(268) User=0.30s Sys=0.09s Real=0.75s
[2026-01-16T08:29:32.148+0000][gc,start    ] GC(269) Pause Young (Normal) (G1 Evacuation Pause)
[2026-01-16T08:29:32.157+0000][gc,task     ] GC(269) Using 8 workers of 8 for evacuation
[2026-01-16T08:29:32.535+0000][gc,mmu      ] GC(269) MMU target violated: 201.0ms (200.0ms/201.0ms)
[2026-01-16T08:29:32.535+0000][gc,phases   ] GC(269)   Pre Evacuate Collection Set: 54.3ms
[2026-01-16T08:29:32.536+0000][gc,phases   ] GC(269)   Merge Heap Roots: 0.6ms
[2026-01-16T08:29:32.536+0000][gc,phases   ] GC(269)   Evacuate Collection Set: 313.3ms
[2026-01-16T08:29:32.536+0000][gc,phases   ] GC(269)   Post Evacuate Collection Set: 1.4ms
[2026-01-16T08:29:32.536+0000][gc,phases   ] GC(269)   Other: 8.8ms
[2026-01-16T08:29:32.536+0000][gc,heap     ] GC(269) Eden regions: 46->0(46)
[2026-01-16T08:29:32.536+0000][gc,heap     ] GC(269) Survivor regions: 5->5(7)
[2026-01-16T08:29:32.536+0000][gc,heap     ] GC(269) Old regions: 164->165
[2026-01-16T08:29:32.537+0000][gc,heap     ] GC(269) Humongous regions: 149->149
[2026-01-16T08:29:32.537+0000][gc,metaspace] GC(269) Metaspace: 14404K(14720K)->14404K(14720K) NonClass: 12766K(12928K)->12766K(12928K) Class: 1637K(1792K)->1637K(1792K)
[2026-01-16T08:29:32.537+0000][gc          ] GC(269) Pause Young (Normal) (G1 Evacuation Pause) 363M->317M(1024M) 388.444ms
[2026-01-16T08:29:32.537+0000][gc,cpu      ] GC(269) User=0.16s Sys=0.03s Real=0.39s
[2026-01-16T08:29:34.310+0000][gc,start    ] GC(270) Pause Young (Normal) (G1 Evacuation Pause)
[2026-01-16T08:29:34.312+0000][gc,task     ] GC(270) Using 8 workers of 8 for evacuation
[2026-01-16T08:29:34.520+0000][gc,mmu      ] GC(270) MMU target violated: 201.0ms (200.0ms/201.0ms)
[2026-01-16T08:29:34.525+0000][gc,phases   ] GC(270)   Pre Evacuate Collection Set: 18.0ms
[2026-01-16T08:29:34.525+0000][gc,phases   ] GC(270)   Merge Heap Roots: 0.5ms
[2026-01-16T08:29:34.525+0000][gc,phases   ] GC(270)   Evacuate Collection Set: 181.8ms
[2026-01-16T08:29:34.526+0000][gc,phases   ] GC(270)   Post Evacuate Collection Set: 2.5ms
[2026-01-16T08:29:34.526+0000][gc,phases   ] GC(270)   Other: 9.6ms
[2026-01-16T08:29:34.526+0000][gc,heap     ] GC(270) Eden regions: 46->0(46)
[2026-01-16T08:29:34.526+0000][gc,heap     ] GC(270) Survivor regions: 5->5(7)
[2026-01-16T08:29:34.526+0000][gc,heap     ] GC(270) Old regions: 165->166
[2026-01-16T08:29:34.528+0000][gc,heap     ] GC(270) Humongous regions: 149->149
[2026-01-16T08:29:34.531+0000][gc,metaspace] GC(270) Metaspace: 14404K(14720K)->14404K(14720K) NonClass: 12766K(12928K)->12766K(12928K) Class: 1637K(1792K)->1637K(1792K)
[2026-01-16T08:29:34.533+0000][gc          ] GC(270) Pause Young (Normal) (G1 Evacuation Pause) 363M->318M(1024M) 223.494ms
[2026-01-16T08:29:34.536+0000][gc,cpu      ] GC(270) User=0.10s Sys=0.01s Real=0.23s
[2026-01-16T08:29:36.824+0000][gc,start    ] GC(271) Pause Young (Normal) (G1 Evacuation Pause)
[2026-01-16T08:29:36.827+0000][gc,task     ] GC(271) Using 8 workers of 8 for evacuation
[2026-01-16T08:29:37.003+0000][gc,phases   ] GC(271)   Pre Evacuate Collection Set: 2.5ms
[2026-01-16T08:29:37.009+0000][gc,phases   ] GC(271)   Merge Heap Roots: 3.0ms
[2026-01-16T08:29:37.013+0000][gc,phases   ] GC(271)   Evacuate Collection Set: 165.1ms
[2026-01-16T08:29:37.016+0000][gc,phases   ] GC(271)   Post Evacuate Collection Set: 3.2ms
[2026-01-16T08:29:37.017+0000][gc,phases   ] GC(271)   Other: 2.6ms
[2026-01-16T08:29:37.018+0000][gc,heap     ] GC(271) Eden regions: 46->0(47)
[2026-01-16T08:29:37.023+0000][gc,heap     ] GC(271) Survivor regions: 5->4(7)
[2026-01-16T08:29:37.024+0000][gc,heap     ] GC(271) Old regions: 166->167
[2026-01-16T08:29:37.027+0000][gc,heap     ] GC(271) Humongous regions: 149->149
[2026-01-16T08:29:37.029+0000][gc,metaspace] GC(271) Metaspace: 14404K(14720K)->14404K(14720K) NonClass: 12766K(12928K)->12766K(12928K) Class: 1637K(1792K)->1637K(1792K)
[2026-01-16T08:29:37.030+0000][gc          ] GC(271) Pause Young (Normal) (G1 Evacuation Pause) 364M->319M(1024M) 205.483ms
[2026-01-16T08:29:37.033+0000][gc,cpu      ] GC(271) User=0.08s Sys=0.00s Real=0.21s
[2026-01-16T08:29:37.741+0000][gc,start    ] GC(272) Pause Young (Normal) (G1 Evacuation Pause)
[2026-01-16T08:29:37.742+0000][gc,task     ] GC(272) Using 8 workers of 8 for evacuation
[2026-01-16T08:29:37.781+0000][gc,phases   ] GC(272)   Pre Evacuate Collection Set: 1.0ms
[2026-01-16T08:29:37.783+0000][gc,phases   ] GC(272)   Merge Heap Roots: 0.2ms
[2026-01-16T08:29:37.783+0000][gc,phases   ] GC(272)   Evacuate Collection Set: 35.9ms
[2026-01-16T08:29:37.784+0000][gc,phases   ] GC(272)   Post Evacuate Collection Set: 1.1ms
[2026-01-16T08:29:37.784+0000][gc,phases   ] GC(272)   Other: 0.7ms
[2026-01-16T08:29:37.784+0000][gc,heap     ] GC(272) Eden regions: 47->0(46)
[2026-01-16T08:29:37.784+0000][gc,heap     ] GC(272) Survivor regions: 4->5(7)
[2026-01-16T08:29:37.784+0000][gc,heap     ] GC(272) Old regions: 167->167
[2026-01-16T08:29:37.785+0000][gc,heap     ] GC(272) Humongous regions: 149->149
[2026-01-16T08:29:37.785+0000][gc,metaspace] GC(272) Metaspace: 14404K(14720K)->14404K(14720K) NonClass: 12766K(12928K)->12766K(12928K) Class: 1637K(1792K)->1637K(1792K)
[2026-01-16T08:29:37.785+0000][gc          ] GC(272) Pause Young (Normal) (G1 Evacuation Pause) 366M->320M(1024M) 43.442ms
[2026-01-16T08:29:37.789+0000][gc,cpu      ] GC(272) User=0.04s Sys=0.01s Real=0.05s
[2026-01-16T08:29:38.544+0000][gc,start    ] GC(273) Pause Young (Normal) (G1 Evacuation Pause)
[2026-01-16T08:29:38.545+0000][gc,task     ] GC(273) Using 8 workers of 8 for evacuation
[2026-01-16T08:29:38.824+0000][gc,mmu      ] GC(273) MMU target violated: 201.0ms (200.0ms/201.0ms)
[2026-01-16T08:29:38.831+0000][gc,phases   ] GC(273)   Pre Evacuate Collection Set: 19.6ms
[2026-01-16T08:29:38.834+0000][gc,phases   ] GC(273)   Merge Heap Roots: 2.7ms
[2026-01-16T08:29:38.834+0000][gc,phases   ] GC(273)   Evacuate Collection Set: 189.8ms
[2026-01-16T08:29:38.834+0000][gc,phases   ] GC(273)   Post Evacuate Collection Set: 66.9ms
[2026-01-16T08:29:38.835+0000][gc,phases   ] GC(273)   Other: 7.7ms
[2026-01-16T08:29:38.835+0000][gc,heap     ] GC(273) Eden regions: 46->0(70)
[2026-01-16T08:29:38.835+0000][gc,heap     ] GC(273) Survivor regions: 5->2(7)
[2026-01-16T08:29:38.836+0000][gc,heap     ] GC(273) Old regions: 167->168
[2026-01-16T08:29:38.836+0000][gc,heap     ] GC(273) Humongous regions: 149->149
[2026-01-16T08:29:38.836+0000][gc,metaspace] GC(273) Metaspace: 14404K(14720K)->14404K(14720K) NonClass: 12766K(12928K)->12766K(12928K) Class: 1637K(1792K)->1637K(1792K)
[2026-01-16T08:29:38.837+0000][gc          ] GC(273) Pause Young (Normal) (G1 Evacuation Pause) 366M->318M(1024M) 292.801ms
[2026-01-16T08:29:38.842+0000][gc,cpu      ] GC(273) User=0.09s Sys=0.05s Real=0.29s
[2026-01-16T08:29:41.341+0000][gc,start    ] GC(274) Pause Young (Normal) (G1 Evacuation Pause)
[2026-01-16T08:29:41.346+0000][gc,task     ] GC(274) Using 8 workers of 8 for evacuation
[2026-01-16T08:29:41.631+0000][gc,mmu      ] GC(274) MMU target violated: 201.0ms (200.0ms/201.0ms)
[2026-01-16T08:29:41.633+0000][gc,phases   ] GC(274)   Pre Evacuate Collection Set: 20.9ms
[2026-01-16T08:29:41.638+0000][gc,phases   ] GC(274)   Merge Heap Roots: 2.9ms
[2026-01-16T08:29:41.639+0000][gc,phases   ] GC(274)   Evacuate Collection Set: 245.7ms
[2026-01-16T08:29:41.643+0000][gc,phases   ] GC(274)   Post Evacuate Collection Set: 13.9ms
[2026-01-16T08:29:41.651+0000][gc,phases   ] GC(274)   Other: 3.3ms
[2026-01-16T08:29:41.655+0000][gc,heap     ] GC(274) Eden regions: 74->0(47)
[2026-01-16T08:29:41.658+0000][gc,heap     ] GC(274) Survivor regions: 2->4(10)
[2026-01-16T08:29:41.659+0000][gc,heap     ] GC(274) Old regions: 168->168
[2026-01-16T08:29:41.659+0000][gc,heap     ] GC(274) Humongous regions: 149->149
[2026-01-16T08:29:41.663+0000][gc,metaspace] GC(274) Metaspace: 14404K(14720K)->14404K(14720K) NonClass: 12767K(12928K)->12767K(12928K) Class: 1637K(1792K)->1637K(1792K)
[2026-01-16T08:29:41.663+0000][gc          ] GC(274) Pause Young (Normal) (G1 Evacuation Pause) 392M->319M(1024M) 322.332ms
[2026-01-16T08:29:41.672+0000][gc,cpu      ] GC(274) User=0.15s Sys=0.01s Real=0.33s
[2026-01-16T08:29:45.466+0000][gc,start    ] GC(275) Pause Young (Normal) (G1 Evacuation Pause)
[2026-01-16T08:29:45.467+0000][gc,task     ] GC(275) Using 8 workers of 8 for evacuation
[2026-01-16T08:29:45.589+0000][gc,phases   ] GC(275)   Pre Evacuate Collection Set: 15.2ms
[2026-01-16T08:29:45.592+0000][gc,phases   ] GC(275)   Merge Heap Roots: 0.6ms
[2026-01-16T08:29:45.592+0000][gc,phases   ] GC(275)   Evacuate Collection Set: 100.5ms
[2026-01-16T08:29:45.593+0000][gc,phases   ] GC(275)   Post Evacuate Collection Set: 3.8ms
[2026-01-16T08:29:45.593+0000][gc,phases   ] GC(275)   Other: 1.9ms
[2026-01-16T08:29:45.594+0000][gc,heap     ] GC(275) Eden regions: 47->0(98)
[2026-01-16T08:29:45.596+0000][gc,heap     ] GC(275) Survivor regions: 4->2(7)
[2026-01-16T08:29:45.597+0000][gc,heap     ] GC(275) Old regions: 168->168
[2026-01-16T08:29:45.597+0000][gc,heap     ] GC(275) Humongous regions: 149->149
[2026-01-16T08:29:45.598+0000][gc,metaspace] GC(275) Metaspace: 14404K(14720K)->14404K(14720K) NonClass: 12767K(12928K)->12767K(12928K) Class: 1637K(1792K)->1637K(1792K)
[2026-01-16T08:29:45.599+0000][gc          ] GC(275) Pause Young (Normal) (G1 Evacuation Pause) 366M->317M(1024M) 133.643ms
[2026-01-16T08:29:45.600+0000][gc,cpu      ] GC(275) User=0.08s Sys=0.01s Real=0.13s
[2026-01-16T08:29:48.400+0000][gc,start    ] GC(276) Pause Young (Normal) (G1 Evacuation Pause)
[2026-01-16T08:29:48.401+0000][gc,task     ] GC(276) Using 8 workers of 8 for evacuation
[2026-01-16T08:29:48.488+0000][gc,phases   ] GC(276)   Pre Evacuate Collection Set: 5.1ms
[2026-01-16T08:29:48.488+0000][gc,phases   ] GC(276)   Merge Heap Roots: 0.5ms
[2026-01-16T08:29:48.489+0000][gc,phases   ] GC(276)   Evacuate Collection Set: 72.7ms
[2026-01-16T08:29:48.490+0000][gc,phases   ] GC(276)   Post Evacuate Collection Set: 7.7ms
[2026-01-16T08:29:48.490+0000][gc,phases   ] GC(276)   Other: 0.9ms
[2026-01-16T08:29:48.490+0000][gc,heap     ] GC(276) Eden regions: 90->0(83)
[2026-01-16T08:29:48.491+0000][gc,heap     ] GC(276) Survivor regions: 2->3(12)
[2026-01-16T08:29:48.491+0000][gc,heap     ] GC(276) Old regions: 168->168
[2026-01-16T08:29:48.491+0000][gc,heap     ] GC(276) Humongous regions: 149->149
[2026-01-16T08:29:48.492+0000][gc,metaspace] GC(276) Metaspace: 14404K(14720K)->14404K(14720K) NonClass: 12767K(12928K)->12767K(12928K) Class: 1637K(1792K)->1637K(1792K)
[2026-01-16T08:29:48.494+0000][gc          ] GC(276) Pause Young (Normal) (G1 Evacuation Pause) 407M->318M(1024M) 94.091ms
[2026-01-16T08:29:48.495+0000][gc,cpu      ] GC(276) User=0.14s Sys=0.00s Real=0.11s
[2026-01-16T08:30:00.245+0000][gc,start    ] GC(277) Pause Young (Normal) (G1 Evacuation Pause)
[2026-01-16T08:30:00.260+0000][gc,task     ] GC(277) Using 8 workers of 8 for evacuation
[2026-01-16T08:30:01.168+0000][gc,mmu      ] GC(277) MMU target violated: 201.0ms (200.0ms/201.0ms)
[2026-01-16T08:30:01.168+0000][gc,phases   ] GC(277)   Pre Evacuate Collection Set: 96.4ms
[2026-01-16T08:30:01.169+0000][gc,phases   ] GC(277)   Merge Heap Roots: 47.8ms
[2026-01-16T08:30:01.169+0000][gc,phases   ] GC(277)   Evacuate Collection Set: 719.5ms
[2026-01-16T08:30:01.169+0000][gc,phases   ] GC(277)   Post Evacuate Collection Set: 43.4ms
[2026-01-16T08:30:01.169+0000][gc,phases   ] GC(277)   Other: 12.4ms
[2026-01-16T08:30:01.169+0000][gc,heap     ] GC(277) Eden regions: 76->0(49)
[2026-01-16T08:30:01.169+0000][gc,heap     ] GC(277) Survivor regions: 3->2(10)
[2026-01-16T08:30:01.170+0000][gc,heap     ] GC(277) Old regions: 168->168
[2026-01-16T08:30:01.170+0000][gc,heap     ] GC(277) Humongous regions: 149->149
[2026-01-16T08:30:01.170+0000][gc,metaspace] GC(277) Metaspace: 14405K(14720K)->14405K(14720K) NonClass: 12768K(12928K)->12768K(12928K) Class: 1637K(1792K)->1637K(1792K)
[2026-01-16T08:30:01.170+0000][gc          ] GC(277) Pause Young (Normal) (G1 Evacuation Pause) 394M->317M(1024M) 925.041ms
[2026-01-16T08:30:01.175+0000][gc,cpu      ] GC(277) User=0.38s Sys=0.05s Real=0.93s
[2026-01-16T08:30:05.643+0000][gc,start    ] GC(278) Pause Young (Normal) (G1 Evacuation Pause)
[2026-01-16T08:30:05.645+0000][gc,task     ] GC(278) Using 8 workers of 8 for evacuation
[2026-01-16T08:30:06.378+0000][gc,mmu      ] GC(278) MMU target violated: 201.0ms (200.0ms/201.0ms)
[2026-01-16T08:30:06.389+0000][gc,phases   ] GC(278)   Pre Evacuate Collection Set: 35.1ms
[2026-01-16T08:30:06.390+0000][gc,phases   ] GC(278)   Merge Heap Roots: 4.4ms
[2026-01-16T08:30:06.390+0000][gc,phases   ] GC(278)   Evacuate Collection Set: 639.4ms
[2026-01-16T08:30:06.390+0000][gc,phases   ] GC(278)   Post Evacuate Collection Set: 53.5ms
[2026-01-16T08:30:06.390+0000][gc,phases   ] GC(278)   Other: 12.1ms
[2026-01-16T08:30:06.390+0000][gc,heap     ] GC(278) Eden regions: 49->0(48)
[2026-01-16T08:30:06.391+0000][gc,heap     ] GC(278) Survivor regions: 2->3(7)
[2026-01-16T08:30:06.391+0000][gc,heap     ] GC(278) Old regions: 168->168
[2026-01-16T08:30:06.391+0000][gc,heap     ] GC(278) Humongous regions: 149->149
[2026-01-16T08:30:06.391+0000][gc,metaspace] GC(278) Metaspace: 14410K(14720K)->14410K(14720K) NonClass: 12773K(12928K)->12773K(12928K) Class: 1637K(1792K)->1637K(1792K)
[2026-01-16T08:30:06.391+0000][gc          ] GC(278) Pause Young (Normal) (G1 Evacuation Pause) 366M->318M(1024M) 748.089ms
[2026-01-16T08:30:06.391+0000][gc,cpu      ] GC(278) User=0.37s Sys=0.03s Real=0.74s
[2026-01-16T08:30:10.813+0000][gc,start    ] GC(279) Pause Young (Normal) (G1 Evacuation Pause)
[2026-01-16T08:30:10.814+0000][gc,task     ] GC(279) Using 8 workers of 8 for evacuation
[2026-01-16T08:30:11.691+0000][gc,mmu      ] GC(279) MMU target violated: 201.0ms (200.0ms/201.0ms)
[2026-01-16T08:30:11.693+0000][gc,phases   ] GC(279)   Pre Evacuate Collection Set: 109.6ms
[2026-01-16T08:30:11.694+0000][gc,phases   ] GC(279)   Merge Heap Roots: 14.1ms
[2026-01-16T08:30:11.697+0000][gc,phases   ] GC(279)   Evacuate Collection Set: 548.0ms
[2026-01-16T08:30:11.699+0000][gc,phases   ] GC(279)   Post Evacuate Collection Set: 201.5ms
[2026-01-16T08:30:11.699+0000][gc,phases   ] GC(279)   Other: 6.1ms
[2026-01-16T08:30:11.700+0000][gc,heap     ] GC(279) Eden regions: 48->0(47)
[2026-01-16T08:30:11.702+0000][gc,heap     ] GC(279) Survivor regions: 3->4(7)
[2026-01-16T08:30:11.704+0000][gc,heap     ] GC(279) Old regions: 168->168
[2026-01-16T08:30:11.704+0000][gc,heap     ] GC(279) Humongous regions: 149->149
[2026-01-16T08:30:11.704+0000][gc,metaspace] GC(279) Metaspace: 14419K(14720K)->14419K(14720K) NonClass: 12781K(12928K)->12781K(12928K) Class: 1637K(1792K)->1637K(1792K)
[2026-01-16T08:30:11.707+0000][gc          ] GC(279) Pause Young (Normal) (G1 Evacuation Pause) 366M->319M(1024M) 894.609ms
[2026-01-16T08:30:11.708+0000][gc,cpu      ] GC(279) User=0.42s Sys=0.06s Real=0.90s
[2026-01-16T08:30:14.866+0000][gc,start    ] GC(280) Pause Young (Normal) (G1 Evacuation Pause)
[2026-01-16T08:30:14.868+0000][gc,task     ] GC(280) Using 8 workers of 8 for evacuation
[2026-01-16T08:30:15.339+0000][gc,mmu      ] GC(280) MMU target violated: 201.0ms (200.0ms/201.0ms)
[2026-01-16T08:30:15.339+0000][gc,phases   ] GC(280)   Pre Evacuate Collection Set: 57.7ms
[2026-01-16T08:30:15.340+0000][gc,phases   ] GC(280)   Merge Heap Roots: 12.4ms
[2026-01-16T08:30:15.340+0000][gc,phases   ] GC(280)   Evacuate Collection Set: 375.3ms
[2026-01-16T08:30:15.341+0000][gc,phases   ] GC(280)   Post Evacuate Collection Set: 14.8ms
[2026-01-16T08:30:15.341+0000][gc,phases   ] GC(280)   Other: 11.9ms
[2026-01-16T08:30:15.342+0000][gc,heap     ] GC(280) Eden regions: 47->0(47)
[2026-01-16T08:30:15.343+0000][gc,heap     ] GC(280) Survivor regions: 4->4(7)
[2026-01-16T08:30:15.344+0000][gc,heap     ] GC(280) Old regions: 168->168
[2026-01-16T08:30:15.346+0000][gc,heap     ] GC(280) Humongous regions: 149->149
[2026-01-16T08:30:15.346+0000][gc,metaspace] GC(280) Metaspace: 14419K(14720K)->14419K(14720K) NonClass: 12781K(12928K)->12781K(12928K) Class: 1637K(1792K)->1637K(1792K)
[2026-01-16T08:30:15.348+0000][gc          ] GC(280) Pause Young (Normal) (G1 Evacuation Pause) 366M->320M(1024M) 482.014ms
[2026-01-16T08:30:15.349+0000][gc,cpu      ] GC(280) User=0.25s Sys=0.01s Real=0.48s
[2026-01-16T08:30:16.440+0000][gc,start    ] GC(281) Pause Young (Normal) (G1 Evacuation Pause)
[2026-01-16T08:30:16.442+0000][gc,task     ] GC(281) Using 8 workers of 8 for evacuation
[2026-01-16T08:30:16.620+0000][gc,phases   ] GC(281)   Pre Evacuate Collection Set: 10.3ms
[2026-01-16T08:30:16.622+0000][gc,phases   ] GC(281)   Merge Heap Roots: 2.0ms
[2026-01-16T08:30:16.622+0000][gc,phases   ] GC(281)   Evacuate Collection Set: 133.0ms
[2026-01-16T08:30:16.623+0000][gc,phases   ] GC(281)   Post Evacuate Collection Set: 30.5ms
[2026-01-16T08:30:16.623+0000][gc,phases   ] GC(281)   Other: 2.4ms
[2026-01-16T08:30:16.623+0000][gc,heap     ] GC(281) Eden regions: 47->0(46)
[2026-01-16T08:30:16.623+0000][gc,heap     ] GC(281) Survivor regions: 4->5(7)
[2026-01-16T08:30:16.625+0000][gc,heap     ] GC(281) Old regions: 168->168
[2026-01-16T08:30:16.625+0000][gc,heap     ] GC(281) Humongous regions: 149->149
[2026-01-16T08:30:16.626+0000][gc,metaspace] GC(281) Metaspace: 14419K(14720K)->14419K(14720K) NonClass: 12782K(12928K)->12782K(12928K) Class: 1637K(1792K)->1637K(1792K)
[2026-01-16T08:30:16.626+0000][gc          ] GC(281) Pause Young (Normal) (G1 Evacuation Pause) 367M->321M(1024M) 186.243ms
[2026-01-16T08:30:16.627+0000][gc,cpu      ] GC(281) User=0.11s Sys=0.03s Real=0.19s
[2026-01-16T08:30:17.567+0000][gc,start    ] GC(282) Pause Young (Normal) (G1 Evacuation Pause)
[2026-01-16T08:30:17.569+0000][gc,task     ] GC(282) Using 8 workers of 8 for evacuation
[2026-01-16T08:30:17.732+0000][gc,phases   ] GC(282)   Pre Evacuate Collection Set: 4.3ms
[2026-01-16T08:30:17.733+0000][gc,phases   ] GC(282)   Merge Heap Roots: 7.8ms
[2026-01-16T08:30:17.734+0000][gc,phases   ] GC(282)   Evacuate Collection Set: 142.2ms
[2026-01-16T08:30:17.735+0000][gc,phases   ] GC(282)   Post Evacuate Collection Set: 7.6ms
[2026-01-16T08:30:17.735+0000][gc,phases   ] GC(282)   Other: 0.9ms
[2026-01-16T08:30:17.735+0000][gc,heap     ] GC(282) Eden regions: 46->0(46)
[2026-01-16T08:30:17.735+0000][gc,heap     ] GC(282) Survivor regions: 5->5(7)
[2026-01-16T08:30:17.736+0000][gc,heap     ] GC(282) Old regions: 168->169
[2026-01-16T08:30:17.736+0000][gc,heap     ] GC(282) Humongous regions: 149->149
[2026-01-16T08:30:17.737+0000][gc,metaspace] GC(282) Metaspace: 14419K(14720K)->14419K(14720K) NonClass: 12782K(12928K)->12782K(12928K) Class: 1637K(1792K)->1637K(1792K)
[2026-01-16T08:30:17.737+0000][gc          ] GC(282) Pause Young (Normal) (G1 Evacuation Pause) 367M->322M(1024M) 169.628ms
[2026-01-16T08:30:17.738+0000][gc,cpu      ] GC(282) User=0.08s Sys=0.04s Real=0.17s
[2026-01-16T08:30:20.575+0000][gc,start    ] GC(283) Pause Young (Normal) (G1 Evacuation Pause)
[2026-01-16T08:30:20.599+0000][gc,task     ] GC(283) Using 8 workers of 8 for evacuation
[2026-01-16T08:30:21.415+0000][gc,mmu      ] GC(283) MMU target violated: 201.0ms (200.0ms/201.0ms)
[2026-01-16T08:30:21.417+0000][gc,phases   ] GC(283)   Pre Evacuate Collection Set: 31.3ms
[2026-01-16T08:30:21.420+0000][gc,phases   ] GC(283)   Merge Heap Roots: 22.3ms
[2026-01-16T08:30:21.420+0000][gc,phases   ] GC(283)   Evacuate Collection Set: 634.9ms
[2026-01-16T08:30:21.423+0000][gc,phases   ] GC(283)   Post Evacuate Collection Set: 123.6ms
[2026-01-16T08:30:21.428+0000][gc,phases   ] GC(283)   Other: 6.0ms
[2026-01-16T08:30:21.431+0000][gc,heap     ] GC(283) Eden regions: 46->0(46)
[2026-01-16T08:30:21.433+0000][gc,heap     ] GC(283) Survivor regions: 5->5(7)
[2026-01-16T08:30:21.433+0000][gc,heap     ] GC(283) Old regions: 169->170
[2026-01-16T08:30:21.436+0000][gc,heap     ] GC(283) Humongous regions: 149->149
[2026-01-16T08:30:21.438+0000][gc,metaspace] GC(283) Metaspace: 14419K(14720K)->14419K(14720K) NonClass: 12782K(12928K)->12782K(12928K) Class: 1637K(1792K)->1637K(1792K)
[2026-01-16T08:30:21.443+0000][gc          ] GC(283) Pause Young (Normal) (G1 Evacuation Pause) 368M->322M(1024M) 868.160ms
[2026-01-16T08:30:21.451+0000][gc,cpu      ] GC(283) User=0.43s Sys=0.07s Real=0.87s
[2026-01-16T08:30:25.064+0000][gc,start    ] GC(284) Pause Young (Normal) (G1 Evacuation Pause)
[2026-01-16T08:30:25.068+0000][gc,task     ] GC(284) Using 8 workers of 8 for evacuation
[2026-01-16T08:30:25.482+0000][gc,mmu      ] GC(284) MMU target violated: 201.0ms (200.0ms/201.0ms)
[2026-01-16T08:30:25.483+0000][gc,phases   ] GC(284)   Pre Evacuate Collection Set: 63.6ms
[2026-01-16T08:30:25.483+0000][gc,phases   ] GC(284)   Merge Heap Roots: 12.0ms
[2026-01-16T08:30:25.483+0000][gc,phases   ] GC(284)   Evacuate Collection Set: 308.1ms
[2026-01-16T08:30:25.483+0000][gc,phases   ] GC(284)   Post Evacuate Collection Set: 25.3ms
[2026-01-16T08:30:25.484+0000][gc,phases   ] GC(284)   Other: 5.7ms
[2026-01-16T08:30:25.484+0000][gc,heap     ] GC(284) Eden regions: 46->0(47)
[2026-01-16T08:30:25.484+0000][gc,heap     ] GC(284) Survivor regions: 5->4(7)
[2026-01-16T08:30:25.484+0000][gc,heap     ] GC(284) Old regions: 170->171
[2026-01-16T08:30:25.485+0000][gc,heap     ] GC(284) Humongous regions: 149->149
[2026-01-16T08:30:25.485+0000][gc,metaspace] GC(284) Metaspace: 14420K(14720K)->14420K(14720K) NonClass: 12783K(12928K)->12783K(12928K) Class: 1637K(1792K)->1637K(1792K)
[2026-01-16T08:30:25.486+0000][gc          ] GC(284) Pause Young (Normal) (G1 Evacuation Pause) 368M->323M(1024M) 421.980ms
[2026-01-16T08:30:25.487+0000][gc,cpu      ] GC(284) User=0.19s Sys=0.04s Real=0.42s
[2026-01-16T08:30:26.749+0000][gc,start    ] GC(285) Pause Young (Normal) (G1 Evacuation Pause)
[2026-01-16T08:30:26.755+0000][gc,task     ] GC(285) Using 8 workers of 8 for evacuation
[2026-01-16T08:30:27.106+0000][gc,mmu      ] GC(285) MMU target violated: 201.0ms (200.0ms/201.0ms)
[2026-01-16T08:30:27.107+0000][gc,phases   ] GC(285)   Pre Evacuate Collection Set: 10.9ms
[2026-01-16T08:30:27.107+0000][gc,phases   ] GC(285)   Merge Heap Roots: 22.1ms
[2026-01-16T08:30:27.111+0000][gc,phases   ] GC(285)   Evacuate Collection Set: 307.6ms
[2026-01-16T08:30:27.112+0000][gc,phases   ] GC(285)   Post Evacuate Collection Set: 8.1ms
[2026-01-16T08:30:27.112+0000][gc,phases   ] GC(285)   Other: 3.0ms
[2026-01-16T08:30:27.112+0000][gc,heap     ] GC(285) Eden regions: 47->0(46)
[2026-01-16T08:30:27.112+0000][gc,heap     ] GC(285) Survivor regions: 4->5(7)
[2026-01-16T08:30:27.112+0000][gc,heap     ] GC(285) Old regions: 171->171
[2026-01-16T08:30:27.113+0000][gc,heap     ] GC(285) Humongous regions: 149->149
[2026-01-16T08:30:27.113+0000][gc,metaspace] GC(285) Metaspace: 14422K(14720K)->14422K(14720K) NonClass: 12785K(12928K)->12785K(12928K) Class: 1637K(1792K)->1637K(1792K)
[2026-01-16T08:30:27.113+0000][gc          ] GC(285) Pause Young (Normal) (G1 Evacuation Pause) 370M->324M(1024M) 363.959ms
[2026-01-16T08:30:27.115+0000][gc,cpu      ] GC(285) User=0.17s Sys=0.01s Real=0.37s
[2026-01-16T08:30:28.972+0000][gc,start    ] GC(286) Pause Young (Normal) (G1 Evacuation Pause)
[2026-01-16T08:30:28.982+0000][gc,task     ] GC(286) Using 8 workers of 8 for evacuation
[2026-01-16T08:30:29.248+0000][gc,mmu      ] GC(286) MMU target violated: 201.0ms (200.0ms/201.0ms)
[2026-01-16T08:30:29.249+0000][gc,phases   ] GC(286)   Pre Evacuate Collection Set: 29.5ms
[2026-01-16T08:30:29.251+0000][gc,phases   ] GC(286)   Merge Heap Roots: 1.9ms
[2026-01-16T08:30:29.251+0000][gc,phases   ] GC(286)   Evacuate Collection Set: 222.5ms
[2026-01-16T08:30:29.251+0000][gc,phases   ] GC(286)   Post Evacuate Collection Set: 11.4ms
[2026-01-16T08:30:29.251+0000][gc,phases   ] GC(286)   Other: 9.2ms
[2026-01-16T08:30:29.251+0000][gc,heap     ] GC(286) Eden regions: 46->0(47)
[2026-01-16T08:30:29.251+0000][gc,heap     ] GC(286) Survivor regions: 5->4(7)
[2026-01-16T08:30:29.251+0000][gc,heap     ] GC(286) Old regions: 171->172
[2026-01-16T08:30:29.251+0000][gc,heap     ] GC(286) Humongous regions: 149->149
[2026-01-16T08:30:29.251+0000][gc,metaspace] GC(286) Metaspace: 14423K(14720K)->14423K(14720K) NonClass: 12785K(12928K)->12785K(12928K) Class: 1637K(1792K)->1637K(1792K)
[2026-01-16T08:30:29.251+0000][gc          ] GC(286) Pause Young (Normal) (G1 Evacuation Pause) 370M->324M(1024M) 279.416ms
[2026-01-16T08:30:29.252+0000][gc,cpu      ] GC(286) User=0.19s Sys=0.02s Real=0.28s
[2026-01-16T08:30:30.622+0000][gc,start    ] GC(287) Pause Young (Normal) (G1 Evacuation Pause)
[2026-01-16T08:30:30.627+0000][gc,task     ] GC(287) Using 8 workers of 8 for evacuation
[2026-01-16T08:30:30.694+0000][gc,phases   ] GC(287)   Pre Evacuate Collection Set: 7.4ms
[2026-01-16T08:30:30.695+0000][gc,phases   ] GC(287)   Merge Heap Roots: 0.3ms
[2026-01-16T08:30:30.696+0000][gc,phases   ] GC(287)   Evacuate Collection Set: 55.9ms
[2026-01-16T08:30:30.696+0000][gc,phases   ] GC(287)   Post Evacuate Collection Set: 1.1ms
[2026-01-16T08:30:30.697+0000][gc,phases   ] GC(287)   Other: 4.7ms
[2026-01-16T08:30:30.697+0000][gc,heap     ] GC(287) Eden regions: 47->0(46)
[2026-01-16T08:30:30.698+0000][gc,heap     ] GC(287) Survivor regions: 4->5(7)
[2026-01-16T08:30:30.698+0000][gc,heap     ] GC(287) Old regions: 172->172
[2026-01-16T08:30:30.698+0000][gc,heap     ] GC(287) Humongous regions: 149->149
[2026-01-16T08:30:30.699+0000][gc,metaspace] GC(287) Metaspace: 14423K(14720K)->14423K(14720K) NonClass: 12785K(12928K)->12785K(12928K) Class: 1637K(1792K)->1637K(1792K)
[2026-01-16T08:30:30.700+0000][gc          ] GC(287) Pause Young (Normal) (G1 Evacuation Pause) 371M->325M(1024M) 77.495ms
[2026-01-16T08:30:30.700+0000][gc,cpu      ] GC(287) User=0.07s Sys=0.00s Real=0.08s
[2026-01-16T08:30:31.416+0000][gc,start    ] GC(288) Pause Young (Normal) (G1 Evacuation Pause)
[2026-01-16T08:30:31.417+0000][gc,task     ] GC(288) Using 8 workers of 8 for evacuation
[2026-01-16T08:30:31.644+0000][gc,mmu      ] GC(288) MMU target violated: 201.0ms (200.0ms/201.0ms)
[2026-01-16T08:30:31.646+0000][gc,phases   ] GC(288)   Pre Evacuate Collection Set: 17.7ms
[2026-01-16T08:30:31.646+0000][gc,phases   ] GC(288)   Merge Heap Roots: 6.9ms
[2026-01-16T08:30:31.646+0000][gc,phases   ] GC(288)   Evacuate Collection Set: 186.3ms
[2026-01-16T08:30:31.646+0000][gc,phases   ] GC(288)   Post Evacuate Collection Set: 10.9ms
[2026-01-16T08:30:31.646+0000][gc,phases   ] GC(288)   Other: 7.1ms
[2026-01-16T08:30:31.647+0000][gc,heap     ] GC(288) Eden regions: 46->0(46)
[2026-01-16T08:30:31.647+0000][gc,heap     ] GC(288) Survivor regions: 5->5(7)
[2026-01-16T08:30:31.648+0000][gc,heap     ] GC(288) Old regions: 172->173
[2026-01-16T08:30:31.648+0000][gc,heap     ] GC(288) Humongous regions: 149->149
[2026-01-16T08:30:31.648+0000][gc,metaspace] GC(288) Metaspace: 14423K(14720K)->14423K(14720K) NonClass: 12786K(12928K)->12786K(12928K) Class: 1637K(1792K)->1637K(1792K)
[2026-01-16T08:30:31.648+0000][gc          ] GC(288) Pause Young (Normal) (G1 Evacuation Pause) 371M->326M(1024M) 231.788ms
[2026-01-16T08:30:31.649+0000][gc,cpu      ] GC(288) User=0.07s Sys=0.01s Real=0.23s
[2026-01-16T08:30:32.850+0000][gc,start    ] GC(289) Pause Young (Normal) (G1 Evacuation Pause)
[2026-01-16T08:30:32.853+0000][gc,task     ] GC(289) Using 8 workers of 8 for evacuation
[2026-01-16T08:30:33.065+0000][gc,mmu      ] GC(289) MMU target violated: 201.0ms (200.0ms/201.0ms)
[2026-01-16T08:30:33.067+0000][gc,phases   ] GC(289)   Pre Evacuate Collection Set: 20.7ms
[2026-01-16T08:30:33.067+0000][gc,phases   ] GC(289)   Merge Heap Roots: 6.2ms
[2026-01-16T08:30:33.067+0000][gc,phases   ] GC(289)   Evacuate Collection Set: 183.1ms
[2026-01-16T08:30:33.069+0000][gc,phases   ] GC(289)   Post Evacuate Collection Set: 1.4ms
[2026-01-16T08:30:33.077+0000][gc,phases   ] GC(289)   Other: 1.8ms
[2026-01-16T08:30:33.077+0000][gc,heap     ] GC(289) Eden regions: 46->0(46)
[2026-01-16T08:30:33.077+0000][gc,heap     ] GC(289) Survivor regions: 5->5(7)
[2026-01-16T08:30:33.077+0000][gc,heap     ] GC(289) Old regions: 173->174
[2026-01-16T08:30:33.077+0000][gc,heap     ] GC(289) Humongous regions: 149->149
[2026-01-16T08:30:33.077+0000][gc,metaspace] GC(289) Metaspace: 14425K(14720K)->14425K(14720K) NonClass: 12788K(12928K)->12788K(12928K) Class: 1637K(1792K)->1637K(1792K)
[2026-01-16T08:30:33.077+0000][gc          ] GC(289) Pause Young (Normal) (G1 Evacuation Pause) 372M->327M(1024M) 227.265ms
[2026-01-16T08:30:33.078+0000][gc,cpu      ] GC(289) User=0.14s Sys=0.02s Real=0.23s
[2026-01-16T08:30:34.004+0000][gc,start    ] GC(290) Pause Young (Normal) (G1 Evacuation Pause)
[2026-01-16T08:30:34.005+0000][gc,task     ] GC(290) Using 8 workers of 8 for evacuation
[2026-01-16T08:30:34.130+0000][gc,phases   ] GC(290)   Pre Evacuate Collection Set: 7.0ms
[2026-01-16T08:30:34.132+0000][gc,phases   ] GC(290)   Merge Heap Roots: 1.5ms
[2026-01-16T08:30:34.132+0000][gc,phases   ] GC(290)   Evacuate Collection Set: 111.8ms
[2026-01-16T08:30:34.133+0000][gc,phases   ] GC(290)   Post Evacuate Collection Set: 2.7ms
[2026-01-16T08:30:34.133+0000][gc,phases   ] GC(290)   Other: 1.7ms
[2026-01-16T08:30:34.133+0000][gc,heap     ] GC(290) Eden regions: 46->0(46)
[2026-01-16T08:30:34.134+0000][gc,heap     ] GC(290) Survivor regions: 5->5(7)
[2026-01-16T08:30:34.134+0000][gc,heap     ] GC(290) Old regions: 174->175
[2026-01-16T08:30:34.136+0000][gc,heap     ] GC(290) Humongous regions: 149->149
[2026-01-16T08:30:34.136+0000][gc,metaspace] GC(290) Metaspace: 14425K(14720K)->14425K(14720K) NonClass: 12788K(12928K)->12788K(12928K) Class: 1637K(1792K)->1637K(1792K)
[2026-01-16T08:30:34.137+0000][gc          ] GC(290) Pause Young (Normal) (G1 Evacuation Pause) 373M->327M(1024M) 132.443ms
[2026-01-16T08:30:34.139+0000][gc,cpu      ] GC(290) User=0.06s Sys=0.01s Real=0.13s
[2026-01-16T08:30:36.002+0000][gc,start    ] GC(291) Pause Young (Normal) (G1 Evacuation Pause)
[2026-01-16T08:30:36.004+0000][gc,task     ] GC(291) Using 8 workers of 8 for evacuation
[2026-01-16T08:30:36.278+0000][gc,mmu      ] GC(291) MMU target violated: 201.0ms (200.0ms/201.0ms)
[2026-01-16T08:30:36.281+0000][gc,phases   ] GC(291)   Pre Evacuate Collection Set: 76.7ms
[2026-01-16T08:30:36.283+0000][gc,phases   ] GC(291)   Merge Heap Roots: 11.5ms
[2026-01-16T08:30:36.285+0000][gc,phases   ] GC(291)   Evacuate Collection Set: 171.4ms
[2026-01-16T08:30:36.285+0000][gc,phases   ] GC(291)   Post Evacuate Collection Set: 13.2ms
[2026-01-16T08:30:36.285+0000][gc,phases   ] GC(291)   Other: 4.5ms
[2026-01-16T08:30:36.285+0000][gc,heap     ] GC(291) Eden regions: 46->0(46)
[2026-01-16T08:30:36.285+0000][gc,heap     ] GC(291) Survivor regions: 5->5(7)
[2026-01-16T08:30:36.286+0000][gc,heap     ] GC(291) Old regions: 175->175
[2026-01-16T08:30:36.286+0000][gc,heap     ] GC(291) Humongous regions: 149->149
[2026-01-16T08:30:36.286+0000][gc,metaspace] GC(291) Metaspace: 14428K(14720K)->14428K(14720K) NonClass: 12791K(12928K)->12791K(12928K) Class: 1637K(1792K)->1637K(1792K)
[2026-01-16T08:30:36.286+0000][gc          ] GC(291) Pause Young (Normal) (G1 Evacuation Pause) 373M->328M(1024M) 284.122ms
[2026-01-16T08:30:36.286+0000][gc,cpu      ] GC(291) User=0.16s Sys=0.02s Real=0.29s
[2026-01-16T08:30:38.474+0000][gc,start    ] GC(292) Pause Young (Normal) (G1 Evacuation Pause)
[2026-01-16T08:30:38.478+0000][gc,task     ] GC(292) Using 8 workers of 8 for evacuation
[2026-01-16T08:30:38.640+0000][gc,phases   ] GC(292)   Pre Evacuate Collection Set: 13.5ms
[2026-01-16T08:30:38.641+0000][gc,phases   ] GC(292)   Merge Heap Roots: 3.3ms
[2026-01-16T08:30:38.642+0000][gc,phases   ] GC(292)   Evacuate Collection Set: 137.4ms
[2026-01-16T08:30:38.642+0000][gc,phases   ] GC(292)   Post Evacuate Collection Set: 4.9ms
[2026-01-16T08:30:38.642+0000][gc,phases   ] GC(292)   Other: 2.4ms
[2026-01-16T08:30:38.642+0000][gc,heap     ] GC(292) Eden regions: 46->0(46)
[2026-01-16T08:30:38.642+0000][gc,heap     ] GC(292) Survivor regions: 5->5(7)
[2026-01-16T08:30:38.643+0000][gc,heap     ] GC(292) Old regions: 175->176
[2026-01-16T08:30:38.643+0000][gc,heap     ] GC(292) Humongous regions: 149->149
[2026-01-16T08:30:38.643+0000][gc,metaspace] GC(292) Metaspace: 14428K(14720K)->14428K(14720K) NonClass: 12791K(12928K)->12791K(12928K) Class: 1637K(1792K)->1637K(1792K)
[2026-01-16T08:30:38.643+0000][gc          ] GC(292) Pause Young (Normal) (G1 Evacuation Pause) 374M->329M(1024M) 169.328ms
[2026-01-16T08:30:38.644+0000][gc,cpu      ] GC(292) User=0.12s Sys=0.02s Real=0.18s
[2026-01-16T08:30:40.294+0000][gc,start    ] GC(293) Pause Young (Normal) (G1 Evacuation Pause)
[2026-01-16T08:30:40.297+0000][gc,task     ] GC(293) Using 8 workers of 8 for evacuation
[2026-01-16T08:30:40.816+0000][gc,mmu      ] GC(293) MMU target violated: 201.0ms (200.0ms/201.0ms)
[2026-01-16T08:30:40.818+0000][gc,phases   ] GC(293)   Pre Evacuate Collection Set: 21.9ms
[2026-01-16T08:30:40.819+0000][gc,phases   ] GC(293)   Merge Heap Roots: 1.7ms
[2026-01-16T08:30:40.823+0000][gc,phases   ] GC(293)   Evacuate Collection Set: 466.6ms
[2026-01-16T08:30:40.824+0000][gc,phases   ] GC(293)   Post Evacuate Collection Set: 25.7ms
[2026-01-16T08:30:40.826+0000][gc,phases   ] GC(293)   Other: 5.4ms
[2026-01-16T08:30:40.830+0000][gc,heap     ] GC(293) Eden regions: 46->0(46)
[2026-01-16T08:30:40.835+0000][gc,heap     ] GC(293) Survivor regions: 5->5(7)
[2026-01-16T08:30:40.841+0000][gc,heap     ] GC(293) Old regions: 176->177
[2026-01-16T08:30:40.848+0000][gc,heap     ] GC(293) Humongous regions: 149->149
[2026-01-16T08:30:40.849+0000][gc,metaspace] GC(293) Metaspace: 14429K(14720K)->14429K(14720K) NonClass: 12792K(12928K)->12792K(12928K) Class: 1637K(1792K)->1637K(1792K)
[2026-01-16T08:30:40.849+0000][gc          ] GC(293) Pause Young (Normal) (G1 Evacuation Pause) 375M->329M(1024M) 555.106ms
[2026-01-16T08:30:40.849+0000][gc,cpu      ] GC(293) User=0.19s Sys=0.03s Real=0.55s
[2026-01-16T08:30:44.844+0000][gc,start    ] GC(294) Pause Young (Normal) (G1 Evacuation Pause)
[2026-01-16T08:30:44.847+0000][gc,task     ] GC(294) Using 8 workers of 8 for evacuation
[2026-01-16T08:30:45.155+0000][gc,mmu      ] GC(294) MMU target violated: 201.0ms (200.0ms/201.0ms)
[2026-01-16T08:30:45.155+0000][gc,phases   ] GC(294)   Pre Evacuate Collection Set: 28.9ms
[2026-01-16T08:30:45.155+0000][gc,phases   ] GC(294)   Merge Heap Roots: 8.6ms
[2026-01-16T08:30:45.155+0000][gc,phases   ] GC(294)   Evacuate Collection Set: 267.6ms
[2026-01-16T08:30:45.155+0000][gc,phases   ] GC(294)   Post Evacuate Collection Set: 1.6ms
[2026-01-16T08:30:45.155+0000][gc,phases   ] GC(294)   Other: 2.5ms
[2026-01-16T08:30:45.156+0000][gc,heap     ] GC(294) Eden regions: 46->0(46)
[2026-01-16T08:30:45.156+0000][gc,heap     ] GC(294) Survivor regions: 5->5(7)
[2026-01-16T08:30:45.156+0000][gc,heap     ] GC(294) Old regions: 177->178
[2026-01-16T08:30:45.156+0000][gc,heap     ] GC(294) Humongous regions: 149->149
[2026-01-16T08:30:45.156+0000][gc,metaspace] GC(294) Metaspace: 14429K(14720K)->14429K(14720K) NonClass: 12792K(12928K)->12792K(12928K) Class: 1637K(1792K)->1637K(1792K)
[2026-01-16T08:30:45.156+0000][gc          ] GC(294) Pause Young (Normal) (G1 Evacuation Pause) 375M->330M(1024M) 312.290ms
[2026-01-16T08:30:45.156+0000][gc,cpu      ] GC(294) User=0.27s Sys=0.04s Real=0.31s
[2026-01-16T08:30:47.286+0000][gc,start    ] GC(295) Pause Young (Normal) (G1 Evacuation Pause)
[2026-01-16T08:30:47.292+0000][gc,task     ] GC(295) Using 8 workers of 8 for evacuation
[2026-01-16T08:30:47.550+0000][gc,mmu      ] GC(295) MMU target violated: 201.0ms (200.0ms/201.0ms)
[2026-01-16T08:30:47.552+0000][gc,phases   ] GC(295)   Pre Evacuate Collection Set: 32.3ms
[2026-01-16T08:30:47.554+0000][gc,phases   ] GC(295)   Merge Heap Roots: 2.8ms
[2026-01-16T08:30:47.556+0000][gc,phases   ] GC(295)   Evacuate Collection Set: 184.4ms
[2026-01-16T08:30:47.558+0000][gc,phases   ] GC(295)   Post Evacuate Collection Set: 36.2ms
[2026-01-16T08:30:47.558+0000][gc,phases   ] GC(295)   Other: 4.1ms
[2026-01-16T08:30:47.559+0000][gc,heap     ] GC(295) Eden regions: 46->0(46)
[2026-01-16T08:30:47.559+0000][gc,heap     ] GC(295) Survivor regions: 5->5(7)
[2026-01-16T08:30:47.560+0000][gc,heap     ] GC(295) Old regions: 178->178
[2026-01-16T08:30:47.561+0000][gc,heap     ] GC(295) Humongous regions: 149->149
[2026-01-16T08:30:47.561+0000][gc,metaspace] GC(295) Metaspace: 14434K(14720K)->14434K(14720K) NonClass: 12797K(12928K)->12797K(12928K) Class: 1637K(1792K)->1637K(1792K)
[2026-01-16T08:30:47.563+0000][gc          ] GC(295) Pause Young (Normal) (G1 Evacuation Pause) 376M->331M(1024M) 276.334ms
[2026-01-16T08:30:47.563+0000][gc,cpu      ] GC(295) User=0.14s Sys=0.01s Real=0.27s
[2026-01-16T08:30:48.996+0000][gc,start    ] GC(296) Pause Young (Normal) (G1 Evacuation Pause)
[2026-01-16T08:30:48.998+0000][gc,task     ] GC(296) Using 8 workers of 8 for evacuation
[2026-01-16T08:30:49.198+0000][gc,phases   ] GC(296)   Pre Evacuate Collection Set: 14.2ms
[2026-01-16T08:30:49.202+0000][gc,phases   ] GC(296)   Merge Heap Roots: 1.7ms
[2026-01-16T08:30:49.203+0000][gc,phases   ] GC(296)   Evacuate Collection Set: 162.8ms
[2026-01-16T08:30:49.204+0000][gc,phases   ] GC(296)   Post Evacuate Collection Set: 15.3ms
[2026-01-16T08:30:49.208+0000][gc,phases   ] GC(296)   Other: 5.7ms
[2026-01-16T08:30:49.212+0000][gc,heap     ] GC(296) Eden regions: 46->0(46)
[2026-01-16T08:30:49.212+0000][gc,heap     ] GC(296) Survivor regions: 5->5(7)
[2026-01-16T08:30:49.213+0000][gc,heap     ] GC(296) Old regions: 178->180
[2026-01-16T08:30:49.213+0000][gc,heap     ] GC(296) Humongous regions: 149->149
[2026-01-16T08:30:49.214+0000][gc,metaspace] GC(296) Metaspace: 14435K(14720K)->14435K(14720K) NonClass: 12798K(12928K)->12798K(12928K) Class: 1637K(1792K)->1637K(1792K)
[2026-01-16T08:30:49.214+0000][gc          ] GC(296) Pause Young (Normal) (G1 Evacuation Pause) 377M->332M(1024M) 217.967ms
[2026-01-16T08:30:49.215+0000][gc,cpu      ] GC(296) User=0.12s Sys=0.04s Real=0.22s
[2026-01-16T08:30:50.154+0000][gc,start    ] GC(297) Pause Young (Normal) (G1 Evacuation Pause)
[2026-01-16T08:30:50.161+0000][gc,task     ] GC(297) Using 8 workers of 8 for evacuation
[2026-01-16T08:30:50.249+0000][gc,phases   ] GC(297)   Pre Evacuate Collection Set: 6.5ms
[2026-01-16T08:30:50.250+0000][gc,phases   ] GC(297)   Merge Heap Roots: 0.4ms
[2026-01-16T08:30:50.252+0000][gc,phases   ] GC(297)   Evacuate Collection Set: 79.0ms
[2026-01-16T08:30:50.261+0000][gc,phases   ] GC(297)   Post Evacuate Collection Set: 1.0ms
[2026-01-16T08:30:50.262+0000][gc,phases   ] GC(297)   Other: 1.5ms
[2026-01-16T08:30:50.263+0000][gc,heap     ] GC(297) Eden regions: 46->0(55)
[2026-01-16T08:30:50.266+0000][gc,heap     ] GC(297) Survivor regions: 5->4(7)
[2026-01-16T08:30:50.270+0000][gc,heap     ] GC(297) Old regions: 180->181
[2026-01-16T08:30:50.271+0000][gc,heap     ] GC(297) Humongous regions: 149->149
[2026-01-16T08:30:50.272+0000][gc,metaspace] GC(297) Metaspace: 14440K(14720K)->14440K(14720K) NonClass: 12803K(12928K)->12803K(12928K) Class: 1637K(1792K)->1637K(1792K)
[2026-01-16T08:30:50.272+0000][gc          ] GC(297) Pause Young (Normal) (G1 Evacuation Pause) 378M->333M(1024M) 117.882ms
[2026-01-16T08:30:50.273+0000][gc,cpu      ] GC(297) User=0.06s Sys=0.02s Real=0.11s
[2026-01-16T08:30:55.912+0000][gc,start    ] GC(298) Pause Young (Normal) (G1 Evacuation Pause)
[2026-01-16T08:30:55.918+0000][gc,task     ] GC(298) Using 8 workers of 8 for evacuation
[2026-01-16T08:30:56.693+0000][gc,mmu      ] GC(298) MMU target violated: 201.0ms (200.0ms/201.0ms)
[2026-01-16T08:30:56.706+0000][gc,phases   ] GC(298)   Pre Evacuate Collection Set: 27.1ms
[2026-01-16T08:30:56.715+0000][gc,phases   ] GC(298)   Merge Heap Roots: 1.8ms
[2026-01-16T08:30:56.718+0000][gc,phases   ] GC(298)   Evacuate Collection Set: 701.7ms
[2026-01-16T08:30:56.719+0000][gc,phases   ] GC(298)   Post Evacuate Collection Set: 36.6ms
[2026-01-16T08:30:56.719+0000][gc,phases   ] GC(298)   Other: 21.2ms
[2026-01-16T08:30:56.719+0000][gc,heap     ] GC(298) Eden regions: 64->0(46)
[2026-01-16T08:30:56.719+0000][gc,heap     ] GC(298) Survivor regions: 4->5(9)
[2026-01-16T08:30:56.719+0000][gc,heap     ] GC(298) Old regions: 181->181
[2026-01-16T08:30:56.719+0000][gc,heap     ] GC(298) Humongous regions: 149->149
[2026-01-16T08:30:56.720+0000][gc,metaspace] GC(298) Metaspace: 14453K(14784K)->14453K(14784K) NonClass: 12816K(12992K)->12816K(12992K) Class: 1637K(1792K)->1637K(1792K)
[2026-01-16T08:30:56.720+0000][gc          ] GC(298) Pause Young (Normal) (G1 Evacuation Pause) 397M->334M(1024M) 807.592ms
[2026-01-16T08:30:56.721+0000][gc,cpu      ] GC(298) User=0.38s Sys=0.04s Real=0.81s
[2026-01-16T08:30:58.038+0000][gc,start    ] GC(299) Pause Young (Normal) (G1 Evacuation Pause)
[2026-01-16T08:30:58.040+0000][gc,task     ] GC(299) Using 8 workers of 8 for evacuation
[2026-01-16T08:30:58.362+0000][gc,mmu      ] GC(299) MMU target violated: 201.0ms (200.0ms/201.0ms)
[2026-01-16T08:30:58.377+0000][gc,phases   ] GC(299)   Pre Evacuate Collection Set: 23.5ms
[2026-01-16T08:30:58.380+0000][gc,phases   ] GC(299)   Merge Heap Roots: 2.9ms
[2026-01-16T08:30:58.380+0000][gc,phases   ] GC(299)   Evacuate Collection Set: 272.3ms
[2026-01-16T08:30:58.381+0000][gc,phases   ] GC(299)   Post Evacuate Collection Set: 17.6ms
[2026-01-16T08:30:58.382+0000][gc,phases   ] GC(299)   Other: 20.8ms
[2026-01-16T08:30:58.382+0000][gc,heap     ] GC(299) Eden regions: 46->0(47)
[2026-01-16T08:30:58.382+0000][gc,heap     ] GC(299) Survivor regions: 5->4(7)
[2026-01-16T08:30:58.383+0000][gc,heap     ] GC(299) Old regions: 181->182
[2026-01-16T08:30:58.384+0000][gc,heap     ] GC(299) Humongous regions: 149->149
[2026-01-16T08:30:58.384+0000][gc,metaspace] GC(299) Metaspace: 14453K(14784K)->14453K(14784K) NonClass: 12816K(12992K)->12816K(12992K) Class: 1637K(1792K)->1637K(1792K)
[2026-01-16T08:30:58.385+0000][gc          ] GC(299) Pause Young (Normal) (G1 Evacuation Pause) 380M->334M(1024M) 346.626ms
[2026-01-16T08:30:58.385+0000][gc,cpu      ] GC(299) User=0.16s Sys=0.02s Real=0.35s
[2026-01-16T08:31:00.104+0000][gc,start    ] GC(300) Pause Young (Normal) (G1 Evacuation Pause)
[2026-01-16T08:31:00.107+0000][gc,task     ] GC(300) Using 8 workers of 8 for evacuation
[2026-01-16T08:31:00.436+0000][gc,mmu      ] GC(300) MMU target violated: 201.0ms (200.0ms/201.0ms)
[2026-01-16T08:31:00.437+0000][gc,phases   ] GC(300)   Pre Evacuate Collection Set: 60.2ms
[2026-01-16T08:31:00.437+0000][gc,phases   ] GC(300)   Merge Heap Roots: 7.9ms
[2026-01-16T08:31:00.438+0000][gc,phases   ] GC(300)   Evacuate Collection Set: 249.0ms
[2026-01-16T08:31:00.438+0000][gc,phases   ] GC(300)   Post Evacuate Collection Set: 9.5ms
[2026-01-16T08:31:00.439+0000][gc,phases   ] GC(300)   Other: 5.6ms
[2026-01-16T08:31:00.440+0000][gc,heap     ] GC(300) Eden regions: 47->0(48)
[2026-01-16T08:31:00.442+0000][gc,heap     ] GC(300) Survivor regions: 4->3(7)
[2026-01-16T08:31:00.445+0000][gc,heap     ] GC(300) Old regions: 182->183
[2026-01-16T08:31:00.447+0000][gc,heap     ] GC(300) Humongous regions: 149->149
[2026-01-16T08:31:00.447+0000][gc,metaspace] GC(300) Metaspace: 14453K(14784K)->14453K(14784K) NonClass: 12816K(12992K)->12816K(12992K) Class: 1637K(1792K)->1637K(1792K)
[2026-01-16T08:31:00.449+0000][gc          ] GC(300) Pause Young (Normal) (G1 Evacuation Pause) 381M->333M(1024M) 344.747ms
[2026-01-16T08:31:00.449+0000][gc,cpu      ] GC(300) User=0.18s Sys=0.04s Real=0.34s
[2026-01-16T08:31:02.231+0000][gc,start    ] GC(301) Pause Young (Normal) (G1 Evacuation Pause)
[2026-01-16T08:31:02.234+0000][gc,task     ] GC(301) Using 8 workers of 8 for evacuation
[2026-01-16T08:31:02.633+0000][gc,mmu      ] GC(301) MMU target violated: 201.0ms (200.0ms/201.0ms)
[2026-01-16T08:31:02.634+0000][gc,phases   ] GC(301)   Pre Evacuate Collection Set: 12.6ms
[2026-01-16T08:31:02.639+0000][gc,phases   ] GC(301)   Merge Heap Roots: 5.5ms
[2026-01-16T08:31:02.641+0000][gc,phases   ] GC(301)   Evacuate Collection Set: 346.7ms
[2026-01-16T08:31:02.642+0000][gc,phases   ] GC(301)   Post Evacuate Collection Set: 22.6ms
[2026-01-16T08:31:02.642+0000][gc,phases   ] GC(301)   Other: 3.5ms
[2026-01-16T08:31:02.642+0000][gc,heap     ] GC(301) Eden regions: 48->0(48)
[2026-01-16T08:31:02.643+0000][gc,heap     ] GC(301) Survivor regions: 3->3(7)
[2026-01-16T08:31:02.644+0000][gc,heap     ] GC(301) Old regions: 183->183
[2026-01-16T08:31:02.644+0000][gc,heap     ] GC(301) Humongous regions: 149->149
[2026-01-16T08:31:02.647+0000][gc,metaspace] GC(301) Metaspace: 14455K(14784K)->14455K(14784K) NonClass: 12817K(12992K)->12817K(12992K) Class: 1637K(1792K)->1637K(1792K)
[2026-01-16T08:31:02.648+0000][gc          ] GC(301) Pause Young (Normal) (G1 Evacuation Pause) 381M->333M(1024M) 409.976ms
[2026-01-16T08:31:02.656+0000][gc,cpu      ] GC(301) User=0.18s Sys=0.01s Real=0.42s
[2026-01-16T08:31:06.717+0000][gc,start    ] GC(302) Pause Young (Normal) (G1 Evacuation Pause)
[2026-01-16T08:31:06.728+0000][gc,task     ] GC(302) Using 8 workers of 8 for evacuation
[2026-01-16T08:31:07.287+0000][gc,mmu      ] GC(302) MMU target violated: 201.0ms (200.0ms/201.0ms)
[2026-01-16T08:31:07.289+0000][gc,phases   ] GC(302)   Pre Evacuate Collection Set: 64.0ms
[2026-01-16T08:31:07.289+0000][gc,phases   ] GC(302)   Merge Heap Roots: 77.6ms
[2026-01-16T08:31:07.290+0000][gc,phases   ] GC(302)   Evacuate Collection Set: 386.4ms
[2026-01-16T08:31:07.290+0000][gc,phases   ] GC(302)   Post Evacuate Collection Set: 21.3ms
[2026-01-16T08:31:07.290+0000][gc,phases   ] GC(302)   Other: 15.4ms
[2026-01-16T08:31:07.290+0000][gc,heap     ] GC(302) Eden regions: 48->0(47)
[2026-01-16T08:31:07.291+0000][gc,heap     ] GC(302) Survivor regions: 3->4(7)
[2026-01-16T08:31:07.291+0000][gc,heap     ] GC(302) Old regions: 183->183
[2026-01-16T08:31:07.291+0000][gc,heap     ] GC(302) Humongous regions: 149->149
[2026-01-16T08:31:07.291+0000][gc,metaspace] GC(302) Metaspace: 14463K(14848K)->14463K(14848K) NonClass: 12826K(13056K)->12826K(13056K) Class: 1637K(1792K)->1637K(1792K)
[2026-01-16T08:31:07.291+0000][gc          ] GC(302) Pause Young (Normal) (G1 Evacuation Pause) 381M->334M(1024M) 573.952ms
[2026-01-16T08:31:07.291+0000][gc,cpu      ] GC(302) User=0.26s Sys=0.03s Real=0.57s
[2026-01-16T08:31:08.594+0000][gc,start    ] GC(303) Pause Young (Normal) (G1 Evacuation Pause)
[2026-01-16T08:31:08.595+0000][gc,task     ] GC(303) Using 8 workers of 8 for evacuation
[2026-01-16T08:31:08.713+0000][gc,phases   ] GC(303)   Pre Evacuate Collection Set: 20.1ms
[2026-01-16T08:31:08.721+0000][gc,phases   ] GC(303)   Merge Heap Roots: 0.9ms
[2026-01-16T08:31:08.723+0000][gc,phases   ] GC(303)   Evacuate Collection Set: 86.6ms
[2026-01-16T08:31:08.725+0000][gc,phases   ] GC(303)   Post Evacuate Collection Set: 9.1ms
[2026-01-16T08:31:08.725+0000][gc,phases   ] GC(303)   Other: 1.3ms
[2026-01-16T08:31:08.731+0000][gc,heap     ] GC(303) Eden regions: 47->0(47)
[2026-01-16T08:31:08.733+0000][gc,heap     ] GC(303) Survivor regions: 4->4(7)
[2026-01-16T08:31:08.735+0000][gc,heap     ] GC(303) Old regions: 183->183
[2026-01-16T08:31:08.735+0000][gc,heap     ] GC(303) Humongous regions: 149->149
[2026-01-16T08:31:08.735+0000][gc,metaspace] GC(303) Metaspace: 14463K(14848K)->14463K(14848K) NonClass: 12826K(13056K)->12826K(13056K) Class: 1637K(1792K)->1637K(1792K)
[2026-01-16T08:31:08.735+0000][gc          ] GC(303) Pause Young (Normal) (G1 Evacuation Pause) 381M->334M(1024M) 141.492ms
[2026-01-16T08:31:08.736+0000][gc,cpu      ] GC(303) User=0.10s Sys=0.01s Real=0.14s
[2026-01-16T08:31:10.102+0000][gc,start    ] GC(304) Pause Young (Normal) (G1 Evacuation Pause)
[2026-01-16T08:31:10.107+0000][gc,task     ] GC(304) Using 8 workers of 8 for evacuation
[2026-01-16T08:31:10.213+0000][gc,phases   ] GC(304)   Pre Evacuate Collection Set: 7.1ms
[2026-01-16T08:31:10.213+0000][gc,phases   ] GC(304)   Merge Heap Roots: 3.7ms
[2026-01-16T08:31:10.213+0000][gc,phases   ] GC(304)   Evacuate Collection Set: 85.8ms
[2026-01-16T08:31:10.214+0000][gc,phases   ] GC(304)   Post Evacuate Collection Set: 7.3ms
[2026-01-16T08:31:10.214+0000][gc,phases   ] GC(304)   Other: 1.9ms
[2026-01-16T08:31:10.215+0000][gc,heap     ] GC(304) Eden regions: 47->0(48)
[2026-01-16T08:31:10.216+0000][gc,heap     ] GC(304) Survivor regions: 4->3(7)
[2026-01-16T08:31:10.216+0000][gc,heap     ] GC(304) Old regions: 183->183
[2026-01-16T08:31:10.217+0000][gc,heap     ] GC(304) Humongous regions: 149->149
[2026-01-16T08:31:10.218+0000][gc,metaspace] GC(304) Metaspace: 14467K(14848K)->14467K(14848K) NonClass: 12829K(13056K)->12829K(13056K) Class: 1637K(1792K)->1637K(1792K)
[2026-01-16T08:31:10.218+0000][gc          ] GC(304) Pause Young (Normal) (G1 Evacuation Pause) 381M->333M(1024M) 119.571ms
[2026-01-16T08:31:10.221+0000][gc,cpu      ] GC(304) User=0.07s Sys=0.00s Real=0.12s
[2026-01-16T08:31:11.644+0000][gc,start    ] GC(305) Pause Young (Normal) (G1 Evacuation Pause)
[2026-01-16T08:31:11.647+0000][gc,task     ] GC(305) Using 8 workers of 8 for evacuation
[2026-01-16T08:31:11.893+0000][gc,mmu      ] GC(305) MMU target violated: 201.0ms (200.0ms/201.0ms)
[2026-01-16T08:31:11.901+0000][gc,phases   ] GC(305)   Pre Evacuate Collection Set: 2.5ms
[2026-01-16T08:31:11.902+0000][gc,phases   ] GC(305)   Merge Heap Roots: 0.5ms
[2026-01-16T08:31:11.902+0000][gc,phases   ] GC(305)   Evacuate Collection Set: 214.8ms
[2026-01-16T08:31:11.903+0000][gc,phases   ] GC(305)   Post Evacuate Collection Set: 20.0ms
[2026-01-16T08:31:11.903+0000][gc,phases   ] GC(305)   Other: 15.6ms
[2026-01-16T08:31:11.903+0000][gc,heap     ] GC(305) Eden regions: 48->0(48)
[2026-01-16T08:31:11.904+0000][gc,heap     ] GC(305) Survivor regions: 3->3(7)
[2026-01-16T08:31:11.904+0000][gc,heap     ] GC(305) Old regions: 183->183
[2026-01-16T08:31:11.904+0000][gc,heap     ] GC(305) Humongous regions: 149->149
[2026-01-16T08:31:11.906+0000][gc,metaspace] GC(305) Metaspace: 14467K(14848K)->14467K(14848K) NonClass: 12829K(13056K)->12829K(13056K) Class: 1637K(1792K)->1637K(1792K)
[2026-01-16T08:31:11.909+0000][gc          ] GC(305) Pause Young (Normal) (G1 Evacuation Pause) 381M->333M(1024M) 264.997ms
[2026-01-16T08:31:11.911+0000][gc,cpu      ] GC(305) User=0.12s Sys=0.01s Real=0.27s
[2026-01-16T08:31:14.247+0000][gc,start    ] GC(306) Pause Young (Normal) (G1 Evacuation Pause)
[2026-01-16T08:31:14.250+0000][gc,task     ] GC(306) Using 8 workers of 8 for evacuation
[2026-01-16T08:31:14.502+0000][gc,mmu      ] GC(306) MMU target violated: 201.0ms (200.0ms/201.0ms)
[2026-01-16T08:31:14.505+0000][gc,phases   ] GC(306)   Pre Evacuate Collection Set: 8.5ms
[2026-01-16T08:31:14.514+0000][gc,phases   ] GC(306)   Merge Heap Roots: 3.3ms
[2026-01-16T08:31:14.514+0000][gc,phases   ] GC(306)   Evacuate Collection Set: 222.8ms
[2026-01-16T08:31:14.519+0000][gc,phases   ] GC(306)   Post Evacuate Collection Set: 17.0ms
[2026-01-16T08:31:14.520+0000][gc,phases   ] GC(306)   Other: 3.3ms
[2026-01-16T08:31:14.523+0000][gc,heap     ] GC(306) Eden regions: 48->0(47)
[2026-01-16T08:31:14.523+0000][gc,heap     ] GC(306) Survivor regions: 3->4(7)
[2026-01-16T08:31:14.523+0000][gc,heap     ] GC(306) Old regions: 183->183
[2026-01-16T08:31:14.523+0000][gc,heap     ] GC(306) Humongous regions: 149->149
[2026-01-16T08:31:14.523+0000][gc,metaspace] GC(306) Metaspace: 14467K(14848K)->14467K(14848K) NonClass: 12829K(13056K)->12829K(13056K) Class: 1637K(1792K)->1637K(1792K)
[2026-01-16T08:31:14.523+0000][gc          ] GC(306) Pause Young (Normal) (G1 Evacuation Pause) 381M->334M(1024M) 275.569ms
[2026-01-16T08:31:14.523+0000][gc,cpu      ] GC(306) User=0.17s Sys=0.03s Real=0.28s
[2026-01-16T08:31:18.060+0000][gc,start    ] GC(307) Pause Young (Normal) (G1 Evacuation Pause)
[2026-01-16T08:31:18.065+0000][gc,task     ] GC(307) Using 8 workers of 8 for evacuation
[2026-01-16T08:31:18.203+0000][gc,phases   ] GC(307)   Pre Evacuate Collection Set: 20.8ms
[2026-01-16T08:31:18.208+0000][gc,phases   ] GC(307)   Merge Heap Roots: 3.6ms
[2026-01-16T08:31:18.209+0000][gc,phases   ] GC(307)   Evacuate Collection Set: 94.9ms
[2026-01-16T08:31:18.209+0000][gc,phases   ] GC(307)   Post Evacuate Collection Set: 17.1ms
[2026-01-16T08:31:18.209+0000][gc,phases   ] GC(307)   Other: 3.5ms
[2026-01-16T08:31:18.213+0000][gc,heap     ] GC(307) Eden regions: 47->0(55)
[2026-01-16T08:31:18.213+0000][gc,heap     ] GC(307) Survivor regions: 4->2(7)
[2026-01-16T08:31:18.213+0000][gc,heap     ] GC(307) Old regions: 183->183
[2026-01-16T08:31:18.213+0000][gc,heap     ] GC(307) Humongous regions: 149->149
[2026-01-16T08:31:18.213+0000][gc,metaspace] GC(307) Metaspace: 14474K(14848K)->14474K(14848K) NonClass: 12837K(13056K)->12837K(13056K) Class: 1637K(1792K)->1637K(1792K)
[2026-01-16T08:31:18.214+0000][gc          ] GC(307) Pause Young (Normal) (G1 Evacuation Pause) 381M->332M(1024M) 153.625ms
[2026-01-16T08:31:18.217+0000][gc,cpu      ] GC(307) User=0.17s Sys=0.01s Real=0.16s
[2026-01-16T08:31:20.442+0000][gc,start    ] GC(308) Pause Young (Normal) (G1 Evacuation Pause)
[2026-01-16T08:31:20.449+0000][gc,task     ] GC(308) Using 8 workers of 8 for evacuation
[2026-01-16T08:31:20.692+0000][gc,mmu      ] GC(308) MMU target violated: 201.0ms (200.0ms/201.0ms)
[2026-01-16T08:31:20.694+0000][gc,phases   ] GC(308)   Pre Evacuate Collection Set: 20.0ms
[2026-01-16T08:31:20.694+0000][gc,phases   ] GC(308)   Merge Heap Roots: 3.8ms
[2026-01-16T08:31:20.694+0000][gc,phases   ] GC(308)   Evacuate Collection Set: 208.2ms
[2026-01-16T08:31:20.695+0000][gc,phases   ] GC(308)   Post Evacuate Collection Set: 9.1ms
[2026-01-16T08:31:20.696+0000][gc,phases   ] GC(308)   Other: 3.2ms
[2026-01-16T08:31:20.696+0000][gc,heap     ] GC(308) Eden regions: 52->0(48)
[2026-01-16T08:31:20.697+0000][gc,heap     ] GC(308) Survivor regions: 2->3(7)
[2026-01-16T08:31:20.697+0000][gc,heap     ] GC(308) Old regions: 183->183
[2026-01-16T08:31:20.697+0000][gc,heap     ] GC(308) Humongous regions: 149->149
[2026-01-16T08:31:20.698+0000][gc,metaspace] GC(308) Metaspace: 14474K(14848K)->14474K(14848K) NonClass: 12837K(13056K)->12837K(13056K) Class: 1637K(1792K)->1637K(1792K)
[2026-01-16T08:31:20.698+0000][gc          ] GC(308) Pause Young (Normal) (G1 Evacuation Pause) 384M->333M(1024M) 256.822ms
[2026-01-16T08:31:20.699+0000][gc,cpu      ] GC(308) User=0.19s Sys=0.02s Real=0.26s
[2026-01-16T08:31:21.760+0000][gc,start    ] GC(309) Pause Young (Normal) (G1 Evacuation Pause)
[2026-01-16T08:31:21.762+0000][gc,task     ] GC(309) Using 8 workers of 8 for evacuation
[2026-01-16T08:31:21.811+0000][gc,phases   ] GC(309)   Pre Evacuate Collection Set: 2.7ms
[2026-01-16T08:31:21.811+0000][gc,phases   ] GC(309)   Merge Heap Roots: 0.4ms
[2026-01-16T08:31:21.812+0000][gc,phases   ] GC(309)   Evacuate Collection Set: 35.2ms
[2026-01-16T08:31:21.812+0000][gc,phases   ] GC(309)   Post Evacuate Collection Set: 9.9ms
[2026-01-16T08:31:21.813+0000][gc,phases   ] GC(309)   Other: 0.8ms
[2026-01-16T08:31:21.813+0000][gc,heap     ] GC(309) Eden regions: 48->0(47)
[2026-01-16T08:31:21.813+0000][gc,heap     ] GC(309) Survivor regions: 3->4(7)
[2026-01-16T08:31:21.816+0000][gc,heap     ] GC(309) Old regions: 183->183
[2026-01-16T08:31:21.816+0000][gc,heap     ] GC(309) Humongous regions: 149->149
[2026-01-16T08:31:21.817+0000][gc,metaspace] GC(309) Metaspace: 14474K(14848K)->14474K(14848K) NonClass: 12837K(13056K)->12837K(13056K) Class: 1637K(1792K)->1637K(1792K)
[2026-01-16T08:31:21.817+0000][gc          ] GC(309) Pause Young (Normal) (G1 Evacuation Pause) 381M->334M(1024M) 56.834ms
[2026-01-16T08:31:21.817+0000][gc,cpu      ] GC(309) User=0.06s Sys=0.00s Real=0.06s
[2026-01-16T08:31:25.797+0000][gc,start    ] GC(310) Pause Young (Normal) (G1 Evacuation Pause)
[2026-01-16T08:31:25.799+0000][gc,task     ] GC(310) Using 8 workers of 8 for evacuation
[2026-01-16T08:31:26.171+0000][gc,mmu      ] GC(310) MMU target violated: 201.0ms (200.0ms/201.0ms)
[2026-01-16T08:31:26.172+0000][gc,phases   ] GC(310)   Pre Evacuate Collection Set: 61.2ms
[2026-01-16T08:31:26.173+0000][gc,phases   ] GC(310)   Merge Heap Roots: 2.2ms
[2026-01-16T08:31:26.175+0000][gc,phases   ] GC(310)   Evacuate Collection Set: 300.1ms
[2026-01-16T08:31:26.176+0000][gc,phases   ] GC(310)   Post Evacuate Collection Set: 4.8ms
[2026-01-16T08:31:26.180+0000][gc,phases   ] GC(310)   Other: 5.3ms
[2026-01-16T08:31:26.181+0000][gc,heap     ] GC(310) Eden regions: 47->0(49)
[2026-01-16T08:31:26.182+0000][gc,heap     ] GC(310) Survivor regions: 4->2(7)
[2026-01-16T08:31:26.183+0000][gc,heap     ] GC(310) Old regions: 183->183
[2026-01-16T08:31:26.183+0000][gc,heap     ] GC(310) Humongous regions: 149->149
[2026-01-16T08:31:26.183+0000][gc,metaspace] GC(310) Metaspace: 14482K(14848K)->14482K(14848K) NonClass: 12845K(13056K)->12845K(13056K) Class: 1637K(1792K)->1637K(1792K)
[2026-01-16T08:31:26.184+0000][gc          ] GC(310) Pause Young (Normal) (G1 Evacuation Pause) 381M->332M(1024M) 387.954ms
[2026-01-16T08:31:26.186+0000][gc,cpu      ] GC(310) User=0.15s Sys=0.02s Real=0.39s
[2026-01-16T08:31:28.668+0000][gc,start    ] GC(311) Pause Young (Normal) (G1 Evacuation Pause)
[2026-01-16T08:31:28.670+0000][gc,task     ] GC(311) Using 8 workers of 8 for evacuation
[2026-01-16T08:31:28.945+0000][gc,mmu      ] GC(311) MMU target violated: 201.0ms (200.0ms/201.0ms)
[2026-01-16T08:31:28.948+0000][gc,phases   ] GC(311)   Pre Evacuate Collection Set: 22.7ms
[2026-01-16T08:31:28.949+0000][gc,phases   ] GC(311)   Merge Heap Roots: 3.2ms
[2026-01-16T08:31:28.949+0000][gc,phases   ] GC(311)   Evacuate Collection Set: 231.0ms
[2026-01-16T08:31:28.949+0000][gc,phases   ] GC(311)   Post Evacuate Collection Set: 11.6ms
[2026-01-16T08:31:28.949+0000][gc,phases   ] GC(311)   Other: 9.2ms
[2026-01-16T08:31:28.950+0000][gc,heap     ] GC(311) Eden regions: 49->0(49)
[2026-01-16T08:31:28.951+0000][gc,heap     ] GC(311) Survivor regions: 2->2(7)
[2026-01-16T08:31:28.951+0000][gc,heap     ] GC(311) Old regions: 183->183
[2026-01-16T08:31:28.952+0000][gc,heap     ] GC(311) Humongous regions: 149->149
[2026-01-16T08:31:28.952+0000][gc,metaspace] GC(311) Metaspace: 14482K(14848K)->14482K(14848K) NonClass: 12845K(13056K)->12845K(13056K) Class: 1637K(1792K)->1637K(1792K)
[2026-01-16T08:31:28.953+0000][gc          ] GC(311) Pause Young (Normal) (G1 Evacuation Pause) 381M->333M(1024M) 285.006ms
[2026-01-16T08:31:28.953+0000][gc,cpu      ] GC(311) User=0.22s Sys=0.05s Real=0.29s
[2026-01-16T08:31:30.025+0000][gc,start    ] GC(312) Pause Young (Normal) (G1 Evacuation Pause)
[2026-01-16T08:31:30.028+0000][gc,task     ] GC(312) Using 8 workers of 8 for evacuation
[2026-01-16T08:31:30.080+0000][gc,phases   ] GC(312)   Pre Evacuate Collection Set: 2.3ms
[2026-01-16T08:31:30.081+0000][gc,phases   ] GC(312)   Merge Heap Roots: 1.3ms
[2026-01-16T08:31:30.082+0000][gc,phases   ] GC(312)   Evacuate Collection Set: 47.2ms
[2026-01-16T08:31:30.085+0000][gc,phases   ] GC(312)   Post Evacuate Collection Set: 0.8ms
[2026-01-16T08:31:30.086+0000][gc,phases   ] GC(312)   Other: 0.7ms
[2026-01-16T08:31:30.088+0000][gc,heap     ] GC(312) Eden regions: 49->0(48)
[2026-01-16T08:31:30.088+0000][gc,heap     ] GC(312) Survivor regions: 2->3(7)
[2026-01-16T08:31:30.090+0000][gc,heap     ] GC(312) Old regions: 183->183
[2026-01-16T08:31:30.091+0000][gc,heap     ] GC(312) Humongous regions: 149->149
[2026-01-16T08:31:30.092+0000][gc,metaspace] GC(312) Metaspace: 14486K(14848K)->14486K(14848K) NonClass: 12848K(13056K)->12848K(13056K) Class: 1637K(1792K)->1637K(1792K)
[2026-01-16T08:31:30.093+0000][gc          ] GC(312) Pause Young (Normal) (G1 Evacuation Pause) 382M->334M(1024M) 68.259ms
[2026-01-16T08:31:30.094+0000][gc,cpu      ] GC(312) User=0.05s Sys=0.00s Real=0.06s
[2026-01-16T08:31:30.743+0000][gc,start    ] GC(313) Pause Young (Normal) (G1 Evacuation Pause)
[2026-01-16T08:31:30.744+0000][gc,task     ] GC(313) Using 8 workers of 8 for evacuation
[2026-01-16T08:31:30.831+0000][gc,phases   ] GC(313)   Pre Evacuate Collection Set: 1.8ms
[2026-01-16T08:31:30.832+0000][gc,phases   ] GC(313)   Merge Heap Roots: 0.2ms
[2026-01-16T08:31:30.832+0000][gc,phases   ] GC(313)   Evacuate Collection Set: 79.9ms
[2026-01-16T08:31:30.834+0000][gc,phases   ] GC(313)   Post Evacuate Collection Set: 4.4ms
[2026-01-16T08:31:30.834+0000][gc,phases   ] GC(313)   Other: 0.7ms
[2026-01-16T08:31:30.835+0000][gc,heap     ] GC(313) Eden regions: 48->0(47)
[2026-01-16T08:31:30.835+0000][gc,heap     ] GC(313) Survivor regions: 3->4(7)
[2026-01-16T08:31:30.835+0000][gc,heap     ] GC(313) Old regions: 183->183
[2026-01-16T08:31:30.836+0000][gc,heap     ] GC(313) Humongous regions: 149->149
[2026-01-16T08:31:30.836+0000][gc,metaspace] GC(313) Metaspace: 14486K(14848K)->14486K(14848K) NonClass: 12848K(13056K)->12848K(13056K) Class: 1637K(1792K)->1637K(1792K)
[2026-01-16T08:31:30.837+0000][gc          ] GC(313) Pause Young (Normal) (G1 Evacuation Pause) 382M->335M(1024M) 94.850ms
[2026-01-16T08:31:30.838+0000][gc,cpu      ] GC(313) User=0.08s Sys=0.00s Real=0.10s
[2026-01-16T08:31:40.253+0000][gc,start    ] GC(314) Pause Young (Normal) (G1 Evacuation Pause)
[2026-01-16T08:31:40.256+0000][gc,task     ] GC(314) Using 8 workers of 8 for evacuation
[2026-01-16T08:31:40.699+0000][gc,mmu      ] GC(314) MMU target violated: 201.0ms (200.0ms/201.0ms)
[2026-01-16T08:31:40.705+0000][gc,phases   ] GC(314)   Pre Evacuate Collection Set: 49.5ms
[2026-01-16T08:31:40.706+0000][gc,phases   ] GC(314)   Merge Heap Roots: 8.6ms
[2026-01-16T08:31:40.708+0000][gc,phases   ] GC(314)   Evacuate Collection Set: 326.6ms
[2026-01-16T08:31:40.709+0000][gc,phases   ] GC(314)   Post Evacuate Collection Set: 54.9ms
[2026-01-16T08:31:40.712+0000][gc,phases   ] GC(314)   Other: 9.1ms
[2026-01-16T08:31:40.718+0000][gc,heap     ] GC(314) Eden regions: 47->0(49)
[2026-01-16T08:31:40.720+0000][gc,heap     ] GC(314) Survivor regions: 4->2(7)
[2026-01-16T08:31:40.721+0000][gc,heap     ] GC(314) Old regions: 183->183
[2026-01-16T08:31:40.721+0000][gc,heap     ] GC(314) Humongous regions: 149->149
[2026-01-16T08:31:40.721+0000][gc,metaspace] GC(314) Metaspace: 14490K(14848K)->14490K(14848K) NonClass: 12853K(13056K)->12853K(13056K) Class: 1637K(1792K)->1637K(1792K)
[2026-01-16T08:31:40.722+0000][gc          ] GC(314) Pause Young (Normal) (G1 Evacuation Pause) 382M->333M(1024M) 468.805ms
[2026-01-16T08:31:40.723+0000][gc,cpu      ] GC(314) User=0.28s Sys=0.05s Real=0.47s
[2026-01-16T08:31:45.413+0000][gc,start    ] GC(315) Pause Young (Normal) (G1 Evacuation Pause)
[2026-01-16T08:31:45.414+0000][gc,task     ] GC(315) Using 8 workers of 8 for evacuation
[2026-01-16T08:31:46.197+0000][gc,mmu      ] GC(315) MMU target violated: 201.0ms (200.0ms/201.0ms)
[2026-01-16T08:31:46.204+0000][gc,phases   ] GC(315)   Pre Evacuate Collection Set: 25.7ms
[2026-01-16T08:31:46.207+0000][gc,phases   ] GC(315)   Merge Heap Roots: 6.9ms
[2026-01-16T08:31:46.208+0000][gc,phases   ] GC(315)   Evacuate Collection Set: 717.8ms
[2026-01-16T08:31:46.208+0000][gc,phases   ] GC(315)   Post Evacuate Collection Set: 31.9ms
[2026-01-16T08:31:46.208+0000][gc,phases   ] GC(315)   Other: 7.4ms
[2026-01-16T08:31:46.208+0000][gc,heap     ] GC(315) Eden regions: 49->0(48)
[2026-01-16T08:31:46.209+0000][gc,heap     ] GC(315) Survivor regions: 2->3(7)
[2026-01-16T08:31:46.209+0000][gc,heap     ] GC(315) Old regions: 183->183
[2026-01-16T08:31:46.209+0000][gc,heap     ] GC(315) Humongous regions: 149->149
[2026-01-16T08:31:46.210+0000][gc,metaspace] GC(315) Metaspace: 14491K(14848K)->14491K(14848K) NonClass: 12854K(13056K)->12854K(13056K) Class: 1637K(1792K)->1637K(1792K)
[2026-01-16T08:31:46.210+0000][gc          ] GC(315) Pause Young (Normal) (G1 Evacuation Pause) 382M->334M(1024M) 796.716ms
[2026-01-16T08:31:46.212+0000][gc,cpu      ] GC(315) User=0.49s Sys=0.06s Real=0.80s
[2026-01-16T08:32:02.732+0000][gc,start    ] GC(316) Pause Young (Normal) (G1 Evacuation Pause)
[2026-01-16T08:32:02.779+0000][gc,task     ] GC(316) Using 8 workers of 8 for evacuation
[2026-01-16T08:32:06.450+0000][gc,mmu      ] GC(316) MMU target violated: 201.0ms (200.0ms/201.0ms)
[2026-01-16T08:32:06.462+0000][gc,phases   ] GC(316)   Pre Evacuate Collection Set: 178.6ms
[2026-01-16T08:32:06.464+0000][gc,phases   ] GC(316)   Merge Heap Roots: 28.7ms
[2026-01-16T08:32:06.474+0000][gc,phases   ] GC(316)   Evacuate Collection Set: 2886.0ms
[2026-01-16T08:32:06.481+0000][gc,phases   ] GC(316)   Post Evacuate Collection Set: 548.8ms
[2026-01-16T08:32:06.484+0000][gc,phases   ] GC(316)   Other: 42.3ms
[2026-01-16T08:32:06.489+0000][gc,heap     ] GC(316) Eden regions: 48->0(47)
[2026-01-16T08:32:06.490+0000][gc,heap     ] GC(316) Survivor regions: 3->4(7)
[2026-01-16T08:32:06.491+0000][gc,heap     ] GC(316) Old regions: 183->183
[2026-01-16T08:32:06.492+0000][gc,heap     ] GC(316) Humongous regions: 149->149
[2026-01-16T08:32:06.493+0000][gc,metaspace] GC(316) Metaspace: 14506K(14848K)->14506K(14848K) NonClass: 12868K(13056K)->12868K(13056K) Class: 1637K(1792K)->1637K(1792K)
[2026-01-16T08:32:06.556+0000][gc          ] GC(316) Pause Young (Normal) (G1 Evacuation Pause) 382M->335M(1024M) 3824.292ms
[2026-01-16T08:32:06.566+0000][gc,cpu      ] GC(316) User=1.65s Sys=0.18s Real=3.84s
[2026-01-16T08:32:17.912+0000][gc,start    ] GC(317) Pause Young (Normal) (G1 Evacuation Pause)
[2026-01-16T08:32:17.969+0000][gc,task     ] GC(317) Using 8 workers of 8 for evacuation
[2026-01-16T08:32:20.402+0000][gc,mmu      ] GC(317) MMU target violated: 201.0ms (200.0ms/201.0ms)
[2026-01-16T08:32:20.421+0000][gc,phases   ] GC(317)   Pre Evacuate Collection Set: 117.0ms
[2026-01-16T08:32:20.428+0000][gc,phases   ] GC(317)   Merge Heap Roots: 1058.6ms
[2026-01-16T08:32:20.434+0000][gc,phases   ] GC(317)   Evacuate Collection Set: 1138.4ms
[2026-01-16T08:32:20.436+0000][gc,phases   ] GC(317)   Post Evacuate Collection Set: 105.4ms
[2026-01-16T08:32:20.438+0000][gc,phases   ] GC(317)   Other: 29.1ms
[2026-01-16T08:32:20.438+0000][gc,heap     ] GC(317) Eden regions: 47->0(46)
[2026-01-16T08:32:20.439+0000][gc,heap     ] GC(317) Survivor regions: 4->5(7)
[2026-01-16T08:32:20.440+0000][gc,heap     ] GC(317) Old regions: 183->183
[2026-01-16T08:32:20.440+0000][gc,heap     ] GC(317) Humongous regions: 149->149
[2026-01-16T08:32:20.442+0000][gc,metaspace] GC(317) Metaspace: 14507K(14848K)->14507K(14848K) NonClass: 12869K(13056K)->12869K(13056K) Class: 1637K(1792K)->1637K(1792K)
[2026-01-16T08:32:20.447+0000][gc          ] GC(317) Pause Young (Normal) (G1 Evacuation Pause) 382M->336M(1024M) 2534.749ms
[2026-01-16T08:32:20.450+0000][gc,cpu      ] GC(317) User=0.80s Sys=0.16s Real=2.54s
[2026-01-16T08:32:26.565+0000][gc,start    ] GC(318) Pause Young (Normal) (G1 Evacuation Pause)
[2026-01-16T08:32:26.587+0000][gc,task     ] GC(318) Using 8 workers of 8 for evacuation
[2026-01-16T08:32:28.028+0000][gc,mmu      ] GC(318) MMU target violated: 201.0ms (200.0ms/201.0ms)
[2026-01-16T08:32:28.038+0000][gc,phases   ] GC(318)   Pre Evacuate Collection Set: 99.0ms
[2026-01-16T08:32:28.039+0000][gc,phases   ] GC(318)   Merge Heap Roots: 4.7ms
[2026-01-16T08:32:28.043+0000][gc,phases   ] GC(318)   Evacuate Collection Set: 1165.1ms
[2026-01-16T08:32:28.047+0000][gc,phases   ] GC(318)   Post Evacuate Collection Set: 163.0ms
[2026-01-16T08:32:28.050+0000][gc,phases   ] GC(318)   Other: 32.8ms
[2026-01-16T08:32:28.051+0000][gc,heap     ] GC(318) Eden regions: 46->0(46)
[2026-01-16T08:32:28.052+0000][gc,heap     ] GC(318) Survivor regions: 5->5(7)
[2026-01-16T08:32:28.052+0000][gc,heap     ] GC(318) Old regions: 183->184
[2026-01-16T08:32:28.056+0000][gc,heap     ] GC(318) Humongous regions: 149->149
[2026-01-16T08:32:28.059+0000][gc,metaspace] GC(318) Metaspace: 14508K(14848K)->14508K(14848K) NonClass: 12870K(13056K)->12870K(13056K) Class: 1637K(1792K)->1637K(1792K)
[2026-01-16T08:32:28.062+0000][gc          ] GC(318) Pause Young (Normal) (G1 Evacuation Pause) 382M->337M(1024M) 1497.168ms
[2026-01-16T08:32:28.079+0000][gc,cpu      ] GC(318) User=0.88s Sys=0.10s Real=1.51s
[2026-01-16T08:32:33.819+0000][gc,start    ] GC(319) Pause Young (Normal) (G1 Evacuation Pause)
[2026-01-16T08:32:33.829+0000][gc,task     ] GC(319) Using 8 workers of 8 for evacuation
[2026-01-16T08:32:34.904+0000][gc,mmu      ] GC(319) MMU target violated: 201.0ms (200.0ms/201.0ms)
[2026-01-16T08:32:34.905+0000][gc,phases   ] GC(319)   Pre Evacuate Collection Set: 65.9ms
[2026-01-16T08:32:34.906+0000][gc,phases   ] GC(319)   Merge Heap Roots: 4.1ms
[2026-01-16T08:32:34.906+0000][gc,phases   ] GC(319)   Evacuate Collection Set: 904.5ms
[2026-01-16T08:32:34.907+0000][gc,phases   ] GC(319)   Post Evacuate Collection Set: 93.2ms
[2026-01-16T08:32:34.907+0000][gc,phases   ] GC(319)   Other: 8.7ms
[2026-01-16T08:32:34.908+0000][gc,heap     ] GC(319) Eden regions: 46->0(46)
[2026-01-16T08:32:34.908+0000][gc,heap     ] GC(319) Survivor regions: 5->5(7)
[2026-01-16T08:32:34.909+0000][gc,heap     ] GC(319) Old regions: 184->185
[2026-01-16T08:32:34.909+0000][gc,heap     ] GC(319) Humongous regions: 149->149
[2026-01-16T08:32:34.910+0000][gc,metaspace] GC(319) Metaspace: 14508K(14848K)->14508K(14848K) NonClass: 12870K(13056K)->12870K(13056K) Class: 1637K(1792K)->1637K(1792K)
[2026-01-16T08:32:34.911+0000][gc          ] GC(319) Pause Young (Normal) (G1 Evacuation Pause) 383M->338M(1024M) 1091.751ms
[2026-01-16T08:32:34.919+0000][gc,cpu      ] GC(319) User=0.48s Sys=0.07s Real=1.10s
[2026-01-16T08:32:40.234+0000][gc,start    ] GC(320) Pause Young (Normal) (G1 Evacuation Pause)
[2026-01-16T08:32:40.237+0000][gc,task     ] GC(320) Using 8 workers of 8 for evacuation
[2026-01-16T08:32:40.541+0000][gc,mmu      ] GC(320) MMU target violated: 201.0ms (200.0ms/201.0ms)
[2026-01-16T08:32:40.543+0000][gc,phases   ] GC(320)   Pre Evacuate Collection Set: 21.7ms
[2026-01-16T08:32:40.543+0000][gc,phases   ] GC(320)   Merge Heap Roots: 2.5ms
[2026-01-16T08:32:40.543+0000][gc,phases   ] GC(320)   Evacuate Collection Set: 267.6ms
[2026-01-16T08:32:40.544+0000][gc,phases   ] GC(320)   Post Evacuate Collection Set: 5.5ms
[2026-01-16T08:32:40.544+0000][gc,phases   ] GC(320)   Other: 8.7ms
[2026-01-16T08:32:40.544+0000][gc,heap     ] GC(320) Eden regions: 46->0(47)
[2026-01-16T08:32:40.545+0000][gc,heap     ] GC(320) Survivor regions: 5->4(7)
[2026-01-16T08:32:40.545+0000][gc,heap     ] GC(320) Old regions: 185->186
[2026-01-16T08:32:40.545+0000][gc,heap     ] GC(320) Humongous regions: 149->149
[2026-01-16T08:32:40.546+0000][gc,metaspace] GC(320) Metaspace: 14509K(14848K)->14509K(14848K) NonClass: 12871K(13056K)->12871K(13056K) Class: 1637K(1792K)->1637K(1792K)
[2026-01-16T08:32:40.548+0000][gc          ] GC(320) Pause Young (Normal) (G1 Evacuation Pause) 384M->338M(1024M) 314.200ms
[2026-01-16T08:32:40.548+0000][gc,cpu      ] GC(320) User=0.22s Sys=0.03s Real=0.32s
[2026-01-16T08:32:43.505+0000][gc,start    ] GC(321) Pause Young (Normal) (G1 Evacuation Pause)
[2026-01-16T08:32:43.507+0000][gc,task     ] GC(321) Using 8 workers of 8 for evacuation
[2026-01-16T08:32:43.922+0000][gc,mmu      ] GC(321) MMU target violated: 201.0ms (200.0ms/201.0ms)
[2026-01-16T08:32:43.922+0000][gc,phases   ] GC(321)   Pre Evacuate Collection Set: 54.7ms
[2026-01-16T08:32:43.922+0000][gc,phases   ] GC(321)   Merge Heap Roots: 24.6ms
[2026-01-16T08:32:43.924+0000][gc,phases   ] GC(321)   Evacuate Collection Set: 325.9ms
[2026-01-16T08:32:43.927+0000][gc,phases   ] GC(321)   Post Evacuate Collection Set: 9.0ms
[2026-01-16T08:32:43.928+0000][gc,phases   ] GC(321)   Other: 1.6ms
[2026-01-16T08:32:43.928+0000][gc,heap     ] GC(321) Eden regions: 47->0(46)
[2026-01-16T08:32:43.929+0000][gc,heap     ] GC(321) Survivor regions: 4->5(7)
[2026-01-16T08:32:43.930+0000][gc,heap     ] GC(321) Old regions: 186->186
[2026-01-16T08:32:43.930+0000][gc,heap     ] GC(321) Humongous regions: 149->149
[2026-01-16T08:32:43.931+0000][gc,metaspace] GC(321) Metaspace: 14509K(14848K)->14509K(14848K) NonClass: 12871K(13056K)->12871K(13056K) Class: 1637K(1792K)->1637K(1792K)
[2026-01-16T08:32:43.936+0000][gc          ] GC(321) Pause Young (Normal) (G1 Evacuation Pause) 385M->339M(1024M) 430.127ms
[2026-01-16T08:32:43.937+0000][gc,cpu      ] GC(321) User=0.37s Sys=0.01s Real=0.44s
[2026-01-16T08:32:47.776+0000][gc,start    ] GC(322) Pause Young (Normal) (G1 Evacuation Pause)
[2026-01-16T08:32:47.805+0000][gc,task     ] GC(322) Using 8 workers of 8 for evacuation
[2026-01-16T08:32:48.146+0000][gc,mmu      ] GC(322) MMU target violated: 201.0ms (200.0ms/201.0ms)
[2026-01-16T08:32:48.151+0000][gc,phases   ] GC(322)   Pre Evacuate Collection Set: 35.9ms
[2026-01-16T08:32:48.152+0000][gc,phases   ] GC(322)   Merge Heap Roots: 15.4ms
[2026-01-16T08:32:48.153+0000][gc,phases   ] GC(322)   Evacuate Collection Set: 203.7ms
[2026-01-16T08:32:48.153+0000][gc,phases   ] GC(322)   Post Evacuate Collection Set: 70.3ms
[2026-01-16T08:32:48.155+0000][gc,phases   ] GC(322)   Other: 21.2ms
[2026-01-16T08:32:48.155+0000][gc,heap     ] GC(322) Eden regions: 46->0(46)
[2026-01-16T08:32:48.156+0000][gc,heap     ] GC(322) Survivor regions: 5->5(7)
[2026-01-16T08:32:48.156+0000][gc,heap     ] GC(322) Old regions: 186->187
[2026-01-16T08:32:48.157+0000][gc,heap     ] GC(322) Humongous regions: 149->149
[2026-01-16T08:32:48.157+0000][gc,metaspace] GC(322) Metaspace: 14510K(14848K)->14510K(14848K) NonClass: 12872K(13056K)->12872K(13056K) Class: 1637K(1792K)->1637K(1792K)
[2026-01-16T08:32:48.160+0000][gc          ] GC(322) Pause Young (Normal) (G1 Evacuation Pause) 385M->340M(1024M) 383.966ms
[2026-01-16T08:32:48.160+0000][gc,cpu      ] GC(322) User=0.18s Sys=0.02s Real=0.39s
[2026-01-16T08:32:54.499+0000][gc,start    ] GC(323) Pause Young (Normal) (G1 Evacuation Pause)
[2026-01-16T08:32:54.505+0000][gc,task     ] GC(323) Using 8 workers of 8 for evacuation
[2026-01-16T08:32:55.028+0000][gc,mmu      ] GC(323) MMU target violated: 201.0ms (200.0ms/201.0ms)
[2026-01-16T08:32:55.031+0000][gc,phases   ] GC(323)   Pre Evacuate Collection Set: 150.4ms
[2026-01-16T08:32:55.032+0000][gc,phases   ] GC(323)   Merge Heap Roots: 7.9ms
[2026-01-16T08:32:55.032+0000][gc,phases   ] GC(323)   Evacuate Collection Set: 357.5ms
[2026-01-16T08:32:55.032+0000][gc,phases   ] GC(323)   Post Evacuate Collection Set: 3.7ms
[2026-01-16T08:32:55.033+0000][gc,phases   ] GC(323)   Other: 6.3ms
[2026-01-16T08:32:55.033+0000][gc,heap     ] GC(323) Eden regions: 46->0(47)
[2026-01-16T08:32:55.033+0000][gc,heap     ] GC(323) Survivor regions: 5->4(7)
[2026-01-16T08:32:55.033+0000][gc,heap     ] GC(323) Old regions: 187->188
[2026-01-16T08:32:55.033+0000][gc,heap     ] GC(323) Humongous regions: 149->149
[2026-01-16T08:32:55.033+0000][gc,metaspace] GC(323) Metaspace: 14513K(14848K)->14513K(14848K) NonClass: 12875K(13056K)->12875K(13056K) Class: 1637K(1792K)->1637K(1792K)
[2026-01-16T08:32:55.037+0000][gc          ] GC(323) Pause Young (Normal) (G1 Evacuation Pause) 386M->340M(1024M) 537.704ms
[2026-01-16T08:32:55.037+0000][gc,cpu      ] GC(323) User=0.34s Sys=0.04s Real=0.54s
[2026-01-16T08:32:56.470+0000][gc,start    ] GC(324) Pause Young (Normal) (G1 Evacuation Pause)
[2026-01-16T08:32:56.470+0000][gc,task     ] GC(324) Using 8 workers of 8 for evacuation
[2026-01-16T08:32:56.726+0000][gc,mmu      ] GC(324) MMU target violated: 201.0ms (200.0ms/201.0ms)
[2026-01-16T08:32:56.726+0000][gc,phases   ] GC(324)   Pre Evacuate Collection Set: 5.9ms
[2026-01-16T08:32:56.726+0000][gc,phases   ] GC(324)   Merge Heap Roots: 1.3ms
[2026-01-16T08:32:56.726+0000][gc,phases   ] GC(324)   Evacuate Collection Set: 225.4ms
[2026-01-16T08:32:56.726+0000][gc,phases   ] GC(324)   Post Evacuate Collection Set: 22.8ms
[2026-01-16T08:32:56.726+0000][gc,phases   ] GC(324)   Other: 0.7ms
[2026-01-16T08:32:56.726+0000][gc,heap     ] GC(324) Eden regions: 47->0(46)
[2026-01-16T08:32:56.726+0000][gc,heap     ] GC(324) Survivor regions: 4->5(7)
[2026-01-16T08:32:56.726+0000][gc,heap     ] GC(324) Old regions: 188->189
[2026-01-16T08:32:56.726+0000][gc,heap     ] GC(324) Humongous regions: 149->149
[2026-01-16T08:32:56.727+0000][gc,metaspace] GC(324) Metaspace: 14513K(14848K)->14513K(14848K) NonClass: 12875K(13056K)->12875K(13056K) Class: 1637K(1792K)->1637K(1792K)
[2026-01-16T08:32:56.727+0000][gc          ] GC(324) Pause Young (Normal) (G1 Evacuation Pause) 387M->341M(1024M) 257.048ms
[2026-01-16T08:32:56.729+0000][gc,cpu      ] GC(324) User=0.15s Sys=0.02s Real=0.26s
[2026-01-16T08:32:59.527+0000][gc,start    ] GC(325) Pause Young (Normal) (GCLocker Initiated GC)
[2026-01-16T08:32:59.558+0000][gc,task     ] GC(325) Using 8 workers of 8 for evacuation
[2026-01-16T08:33:00.885+0000][gc,mmu      ] GC(325) MMU target violated: 201.0ms (200.0ms/201.0ms)
[2026-01-16T08:33:00.893+0000][gc,phases   ] GC(325)   Pre Evacuate Collection Set: 50.5ms
[2026-01-16T08:33:00.896+0000][gc,phases   ] GC(325)   Merge Heap Roots: 7.4ms
[2026-01-16T08:33:00.899+0000][gc,phases   ] GC(325)   Evacuate Collection Set: 1230.2ms
[2026-01-16T08:33:00.902+0000][gc,phases   ] GC(325)   Post Evacuate Collection Set: 24.5ms
[2026-01-16T08:33:00.907+0000][gc,phases   ] GC(325)   Other: 23.8ms
[2026-01-16T08:33:00.909+0000][gc,heap     ] GC(325) Eden regions: 52->0(45)
[2026-01-16T08:33:00.910+0000][gc,heap     ] GC(325) Survivor regions: 5->6(8)
[2026-01-16T08:33:00.910+0000][gc,heap     ] GC(325) Old regions: 189->189
[2026-01-16T08:33:00.910+0000][gc,heap     ] GC(325) Humongous regions: 149->149
[2026-01-16T08:33:00.911+0000][gc,metaspace] GC(325) Metaspace: 14514K(14848K)->14514K(14848K) NonClass: 12876K(13056K)->12876K(13056K) Class: 1637K(1792K)->1637K(1792K)
[2026-01-16T08:33:00.911+0000][gc          ] GC(325) Pause Young (Normal) (GCLocker Initiated GC) 393M->342M(1024M) 1383.365ms
[2026-01-16T08:33:00.911+0000][gc,cpu      ] GC(325) User=0.81s Sys=0.07s Real=1.38s
[2026-01-16T08:33:02.795+0000][gc,start    ] GC(326) Pause Young (Normal) (G1 Evacuation Pause)
[2026-01-16T08:33:02.799+0000][gc,task     ] GC(326) Using 8 workers of 8 for evacuation
[2026-01-16T08:33:03.375+0000][gc,mmu      ] GC(326) MMU target violated: 201.0ms (200.0ms/201.0ms)
[2026-01-16T08:33:03.379+0000][gc,phases   ] GC(326)   Pre Evacuate Collection Set: 22.4ms
[2026-01-16T08:33:03.380+0000][gc,phases   ] GC(326)   Merge Heap Roots: 2.9ms
[2026-01-16T08:33:03.381+0000][gc,phases   ] GC(326)   Evacuate Collection Set: 544.9ms
[2026-01-16T08:33:03.394+0000][gc,phases   ] GC(326)   Post Evacuate Collection Set: 2.6ms
[2026-01-16T08:33:03.395+0000][gc,phases   ] GC(326)   Other: 6.9ms
[2026-01-16T08:33:03.396+0000][gc,heap     ] GC(326) Eden regions: 45->0(47)
[2026-01-16T08:33:03.402+0000][gc,heap     ] GC(326) Survivor regions: 6->4(7)
[2026-01-16T08:33:03.406+0000][gc,heap     ] GC(326) Old regions: 189->190
[2026-01-16T08:33:03.411+0000][gc,heap     ] GC(326) Humongous regions: 149->149
[2026-01-16T08:33:03.414+0000][gc,metaspace] GC(326) Metaspace: 14514K(14848K)->14514K(14848K) NonClass: 12876K(13056K)->12876K(13056K) Class: 1637K(1792K)->1637K(1792K)
[2026-01-16T08:33:03.417+0000][gc          ] GC(326) Pause Young (Normal) (G1 Evacuation Pause) 387M->342M(1024M) 622.521ms
[2026-01-16T08:33:03.425+0000][gc,cpu      ] GC(326) User=0.25s Sys=0.07s Real=0.63s
[2026-01-16T08:33:05.580+0000][gc,start    ] GC(327) Pause Young (Normal) (G1 Evacuation Pause)
[2026-01-16T08:33:05.605+0000][gc,task     ] GC(327) Using 8 workers of 8 for evacuation
[2026-01-16T08:33:06.115+0000][gc,mmu      ] GC(327) MMU target violated: 201.0ms (200.0ms/201.0ms)
[2026-01-16T08:33:06.117+0000][gc,phases   ] GC(327)   Pre Evacuate Collection Set: 14.8ms
[2026-01-16T08:33:06.119+0000][gc,phases   ] GC(327)   Merge Heap Roots: 0.6ms
[2026-01-16T08:33:06.120+0000][gc,phases   ] GC(327)   Evacuate Collection Set: 443.5ms
[2026-01-16T08:33:06.121+0000][gc,phases   ] GC(327)   Post Evacuate Collection Set: 39.7ms
[2026-01-16T08:33:06.122+0000][gc,phases   ] GC(327)   Other: 25.9ms
[2026-01-16T08:33:06.124+0000][gc,heap     ] GC(327) Eden regions: 47->0(47)
[2026-01-16T08:33:06.125+0000][gc,heap     ] GC(327) Survivor regions: 4->4(7)
[2026-01-16T08:33:06.125+0000][gc,heap     ] GC(327) Old regions: 190->191
[2026-01-16T08:33:06.126+0000][gc,heap     ] GC(327) Humongous regions: 149->149
[2026-01-16T08:33:06.126+0000][gc,metaspace] GC(327) Metaspace: 14514K(14848K)->14514K(14848K) NonClass: 12876K(13056K)->12876K(13056K) Class: 1637K(1792K)->1637K(1792K)
[2026-01-16T08:33:06.138+0000][gc          ] GC(327) Pause Young (Normal) (G1 Evacuation Pause) 389M->343M(1024M) 558.300ms
[2026-01-16T08:33:06.140+0000][gc,cpu      ] GC(327) User=0.17s Sys=0.04s Real=0.56s
[2026-01-16T08:33:08.980+0000][gc,start    ] GC(328) Pause Young (Normal) (G1 Evacuation Pause)
[2026-01-16T08:33:09.087+0000][gc,task     ] GC(328) Using 8 workers of 8 for evacuation
[2026-01-16T08:33:09.588+0000][gc,mmu      ] GC(328) MMU target violated: 201.0ms (200.0ms/201.0ms)
[2026-01-16T08:33:09.589+0000][gc,phases   ] GC(328)   Pre Evacuate Collection Set: 60.8ms
[2026-01-16T08:33:09.591+0000][gc,phases   ] GC(328)   Merge Heap Roots: 1.8ms
[2026-01-16T08:33:09.591+0000][gc,phases   ] GC(328)   Evacuate Collection Set: 405.6ms
[2026-01-16T08:33:09.592+0000][gc,phases   ] GC(328)   Post Evacuate Collection Set: 15.8ms
[2026-01-16T08:33:09.597+0000][gc,phases   ] GC(328)   Other: 18.6ms
[2026-01-16T08:33:09.599+0000][gc,heap     ] GC(328) Eden regions: 47->0(47)
[2026-01-16T08:33:09.634+0000][gc,heap     ] GC(328) Survivor regions: 4->4(7)
[2026-01-16T08:33:09.637+0000][gc,heap     ] GC(328) Old regions: 191->192
[2026-01-16T08:33:09.638+0000][gc,heap     ] GC(328) Humongous regions: 149->149
[2026-01-16T08:33:09.643+0000][gc,metaspace] GC(328) Metaspace: 14519K(14848K)->14519K(14848K) NonClass: 12881K(13056K)->12881K(13056K) Class: 1637K(1792K)->1637K(1792K)
[2026-01-16T08:33:09.713+0000][gc          ] GC(328) Pause Young (Normal) (G1 Evacuation Pause) 390M->344M(1024M) 732.620ms
[2026-01-16T08:33:09.715+0000][gc,cpu      ] GC(328) User=0.19s Sys=0.05s Real=0.74s
[2026-01-16T08:33:12.849+0000][gc,start    ] GC(329) Pause Young (Normal) (G1 Evacuation Pause)
[2026-01-16T08:33:12.856+0000][gc,task     ] GC(329) Using 8 workers of 8 for evacuation
[2026-01-16T08:33:13.924+0000][gc,mmu      ] GC(329) MMU target violated: 201.0ms (200.0ms/201.0ms)
[2026-01-16T08:33:13.928+0000][gc,phases   ] GC(329)   Pre Evacuate Collection Set: 16.9ms
[2026-01-16T08:33:13.949+0000][gc,phases   ] GC(329)   Merge Heap Roots: 3.4ms
[2026-01-16T08:33:13.964+0000][gc,phases   ] GC(329)   Evacuate Collection Set: 971.8ms
[2026-01-16T08:33:13.967+0000][gc,phases   ] GC(329)   Post Evacuate Collection Set: 68.7ms
[2026-01-16T08:33:13.978+0000][gc,phases   ] GC(329)   Other: 11.8ms
[2026-01-16T08:33:13.982+0000][gc,heap     ] GC(329) Eden regions: 47->0(47)
[2026-01-16T08:33:13.982+0000][gc,heap     ] GC(329) Survivor regions: 4->4(7)
[2026-01-16T08:33:13.982+0000][gc,heap     ] GC(329) Old regions: 192->193
[2026-01-16T08:33:13.982+0000][gc,heap     ] GC(329) Humongous regions: 149->149
[2026-01-16T08:33:13.982+0000][gc,metaspace] GC(329) Metaspace: 14520K(14848K)->14520K(14848K) NonClass: 12883K(13056K)->12883K(13056K) Class: 1637K(1792K)->1637K(1792K)
[2026-01-16T08:33:13.982+0000][gc          ] GC(329) Pause Young (Normal) (G1 Evacuation Pause) 391M->345M(1024M) 1133.627ms
[2026-01-16T08:33:13.983+0000][gc,cpu      ] GC(329) User=0.41s Sys=0.06s Real=1.14s
[2026-01-16T08:33:18.126+0000][gc,start    ] GC(330) Pause Young (Normal) (G1 Evacuation Pause)
[2026-01-16T08:33:18.275+0000][gc,task     ] GC(330) Using 8 workers of 8 for evacuation
[2026-01-16T08:33:19.037+0000][gc,mmu      ] GC(330) MMU target violated: 201.0ms (200.0ms/201.0ms)
[2026-01-16T08:33:19.038+0000][gc,phases   ] GC(330)   Pre Evacuate Collection Set: 19.8ms
[2026-01-16T08:33:19.041+0000][gc,phases   ] GC(330)   Merge Heap Roots: 11.2ms
[2026-01-16T08:33:19.042+0000][gc,phases   ] GC(330)   Evacuate Collection Set: 679.9ms
[2026-01-16T08:33:19.042+0000][gc,phases   ] GC(330)   Post Evacuate Collection Set: 17.8ms
[2026-01-16T08:33:19.046+0000][gc,phases   ] GC(330)   Other: 34.8ms
[2026-01-16T08:33:19.047+0000][gc,heap     ] GC(330) Eden regions: 47->0(47)
[2026-01-16T08:33:19.047+0000][gc,heap     ] GC(330) Survivor regions: 4->4(7)
[2026-01-16T08:33:19.048+0000][gc,heap     ] GC(330) Old regions: 193->194
[2026-01-16T08:33:19.049+0000][gc,heap     ] GC(330) Humongous regions: 149->149
[2026-01-16T08:33:19.051+0000][gc,metaspace] GC(330) Metaspace: 14521K(14848K)->14521K(14848K) NonClass: 12883K(13056K)->12883K(13056K) Class: 1637K(1792K)->1637K(1792K)
[2026-01-16T08:33:19.052+0000][gc          ] GC(330) Pause Young (Normal) (G1 Evacuation Pause) 392M->346M(1024M) 926.273ms
[2026-01-16T08:33:19.053+0000][gc,cpu      ] GC(330) User=0.31s Sys=0.04s Real=0.93s
[2026-01-16T08:33:21.596+0000][gc,start    ] GC(331) Pause Young (Normal) (G1 Evacuation Pause)
[2026-01-16T08:33:21.601+0000][gc,task     ] GC(331) Using 8 workers of 8 for evacuation
[2026-01-16T08:33:22.197+0000][gc,mmu      ] GC(331) MMU target violated: 201.0ms (200.0ms/201.0ms)
[2026-01-16T08:33:22.197+0000][gc,phases   ] GC(331)   Pre Evacuate Collection Set: 40.6ms
[2026-01-16T08:33:22.197+0000][gc,phases   ] GC(331)   Merge Heap Roots: 22.2ms
[2026-01-16T08:33:22.197+0000][gc,phases   ] GC(331)   Evacuate Collection Set: 503.7ms
[2026-01-16T08:33:22.198+0000][gc,phases   ] GC(331)   Post Evacuate Collection Set: 13.7ms
[2026-01-16T08:33:22.198+0000][gc,phases   ] GC(331)   Other: 16.1ms
[2026-01-16T08:33:22.198+0000][gc,heap     ] GC(331) Eden regions: 47->0(47)
[2026-01-16T08:33:22.201+0000][gc,heap     ] GC(331) Survivor regions: 4->4(7)
[2026-01-16T08:33:22.201+0000][gc,heap     ] GC(331) Old regions: 194->194
[2026-01-16T08:33:22.201+0000][gc,heap     ] GC(331) Humongous regions: 149->149
[2026-01-16T08:33:22.202+0000][gc,metaspace] GC(331) Metaspace: 14521K(14848K)->14521K(14848K) NonClass: 12883K(13056K)->12883K(13056K) Class: 1637K(1792K)->1637K(1792K)
[2026-01-16T08:33:22.202+0000][gc          ] GC(331) Pause Young (Normal) (G1 Evacuation Pause) 393M->346M(1024M) 606.149ms
[2026-01-16T08:33:22.202+0000][gc,cpu      ] GC(331) User=0.26s Sys=0.05s Real=0.61s
[2026-01-16T08:33:23.535+0000][gc,start    ] GC(332) Pause Young (Normal) (G1 Evacuation Pause)
[2026-01-16T08:33:23.539+0000][gc,task     ] GC(332) Using 8 workers of 8 for evacuation
[2026-01-16T08:33:23.741+0000][gc,mmu      ] GC(332) MMU target violated: 201.0ms (200.0ms/201.0ms)
[2026-01-16T08:33:23.743+0000][gc,phases   ] GC(332)   Pre Evacuate Collection Set: 22.0ms
[2026-01-16T08:33:23.744+0000][gc,phases   ] GC(332)   Merge Heap Roots: 25.5ms
[2026-01-16T08:33:23.746+0000][gc,phases   ] GC(332)   Evacuate Collection Set: 150.1ms
[2026-01-16T08:33:23.747+0000][gc,phases   ] GC(332)   Post Evacuate Collection Set: 3.7ms
[2026-01-16T08:33:23.747+0000][gc,phases   ] GC(332)   Other: 2.7ms
[2026-01-16T08:33:23.750+0000][gc,heap     ] GC(332) Eden regions: 47->0(47)
[2026-01-16T08:33:23.751+0000][gc,heap     ] GC(332) Survivor regions: 4->4(7)
[2026-01-16T08:33:23.753+0000][gc,heap     ] GC(332) Old regions: 194->195
[2026-01-16T08:33:23.754+0000][gc,heap     ] GC(332) Humongous regions: 149->149
[2026-01-16T08:33:23.760+0000][gc,metaspace] GC(332) Metaspace: 14521K(14848K)->14521K(14848K) NonClass: 12883K(13056K)->12883K(13056K) Class: 1637K(1792K)->1637K(1792K)
[2026-01-16T08:33:23.760+0000][gc          ] GC(332) Pause Young (Normal) (G1 Evacuation Pause) 393M->347M(1024M) 225.628ms
[2026-01-16T08:33:23.760+0000][gc,cpu      ] GC(332) User=0.17s Sys=0.04s Real=0.23s
[2026-01-16T08:33:24.624+0000][gc,start    ] GC(333) Pause Young (Normal) (G1 Evacuation Pause)
[2026-01-16T08:33:24.630+0000][gc,task     ] GC(333) Using 8 workers of 8 for evacuation
[2026-01-16T08:33:24.769+0000][gc,phases   ] GC(333)   Pre Evacuate Collection Set: 1.9ms
[2026-01-16T08:33:24.774+0000][gc,phases   ] GC(333)   Merge Heap Roots: 0.6ms
[2026-01-16T08:33:24.776+0000][gc,phases   ] GC(333)   Evacuate Collection Set: 123.7ms
[2026-01-16T08:33:24.778+0000][gc,phases   ] GC(333)   Post Evacuate Collection Set: 8.4ms
[2026-01-16T08:33:24.785+0000][gc,phases   ] GC(333)   Other: 4.5ms
[2026-01-16T08:33:24.787+0000][gc,heap     ] GC(333) Eden regions: 47->0(47)
[2026-01-16T08:33:24.789+0000][gc,heap     ] GC(333) Survivor regions: 4->4(7)
[2026-01-16T08:33:24.792+0000][gc,heap     ] GC(333) Old regions: 195->196
[2026-01-16T08:33:24.796+0000][gc,heap     ] GC(333) Humongous regions: 149->149
[2026-01-16T08:33:24.798+0000][gc,metaspace] GC(333) Metaspace: 14521K(14848K)->14521K(14848K) NonClass: 12884K(13056K)->12884K(13056K) Class: 1637K(1792K)->1637K(1792K)
[2026-01-16T08:33:24.800+0000][gc          ] GC(333) Pause Young (Normal) (G1 Evacuation Pause) 394M->348M(1024M) 175.139ms
[2026-01-16T08:33:24.805+0000][gc,cpu      ] GC(333) User=0.05s Sys=0.03s Real=0.18s
[2026-01-16T08:33:25.741+0000][gc,start    ] GC(334) Pause Young (Normal) (G1 Evacuation Pause)
[2026-01-16T08:33:25.741+0000][gc,task     ] GC(334) Using 8 workers of 8 for evacuation
[2026-01-16T08:33:26.098+0000][gc,mmu      ] GC(334) MMU target violated: 201.0ms (200.0ms/201.0ms)
[2026-01-16T08:33:26.112+0000][gc,phases   ] GC(334)   Pre Evacuate Collection Set: 31.1ms
[2026-01-16T08:33:26.113+0000][gc,phases   ] GC(334)   Merge Heap Roots: 1.9ms
[2026-01-16T08:33:26.113+0000][gc,phases   ] GC(334)   Evacuate Collection Set: 303.0ms
[2026-01-16T08:33:26.113+0000][gc,phases   ] GC(334)   Post Evacuate Collection Set: 18.7ms
[2026-01-16T08:33:26.114+0000][gc,phases   ] GC(334)   Other: 16.5ms
[2026-01-16T08:33:26.114+0000][gc,heap     ] GC(334) Eden regions: 47->0(46)
[2026-01-16T08:33:26.115+0000][gc,heap     ] GC(334) Survivor regions: 4->5(7)
[2026-01-16T08:33:26.115+0000][gc,heap     ] GC(334) Old regions: 196->196
[2026-01-16T08:33:26.115+0000][gc,heap     ] GC(334) Humongous regions: 149->149
[2026-01-16T08:33:26.115+0000][gc,metaspace] GC(334) Metaspace: 14523K(14848K)->14523K(14848K) NonClass: 12885K(13056K)->12885K(13056K) Class: 1637K(1792K)->1637K(1792K)
[2026-01-16T08:33:26.115+0000][gc          ] GC(334) Pause Young (Normal) (G1 Evacuation Pause) 395M->349M(1024M) 374.342ms
[2026-01-16T08:33:26.115+0000][gc,cpu      ] GC(334) User=0.15s Sys=0.00s Real=0.37s
[2026-01-16T08:33:28.307+0000][gc,start    ] GC(335) Pause Young (Normal) (G1 Evacuation Pause)
[2026-01-16T08:33:28.325+0000][gc,task     ] GC(335) Using 8 workers of 8 for evacuation
[2026-01-16T08:33:29.492+0000][gc,mmu      ] GC(335) MMU target violated: 201.0ms (200.0ms/201.0ms)
[2026-01-16T08:33:29.492+0000][gc,phases   ] GC(335)   Pre Evacuate Collection Set: 41.8ms
[2026-01-16T08:33:29.535+0000][gc,phases   ] GC(335)   Merge Heap Roots: 2.0ms
[2026-01-16T08:33:29.537+0000][gc,phases   ] GC(335)   Evacuate Collection Set: 748.0ms
[2026-01-16T08:33:29.538+0000][gc,phases   ] GC(335)   Post Evacuate Collection Set: 358.3ms
[2026-01-16T08:33:29.540+0000][gc,phases   ] GC(335)   Other: 30.9ms
[2026-01-16T08:33:29.566+0000][gc,heap     ] GC(335) Eden regions: 46->0(46)
[2026-01-16T08:33:29.568+0000][gc,heap     ] GC(335) Survivor regions: 5->5(7)
[2026-01-16T08:33:29.570+0000][gc,heap     ] GC(335) Old regions: 196->197
[2026-01-16T08:33:29.570+0000][gc,heap     ] GC(335) Humongous regions: 149->149
[2026-01-16T08:33:29.571+0000][gc,metaspace] GC(335) Metaspace: 14523K(14848K)->14523K(14848K) NonClass: 12885K(13056K)->12885K(13056K) Class: 1637K(1792K)->1637K(1792K)
[2026-01-16T08:33:29.571+0000][gc          ] GC(335) Pause Young (Normal) (G1 Evacuation Pause) 395M->349M(1024M) 1264.384ms
[2026-01-16T08:33:29.573+0000][gc,cpu      ] GC(335) User=0.44s Sys=0.08s Real=1.27s
[2026-01-16T08:33:32.798+0000][gc,start    ] GC(336) Pause Young (Normal) (G1 Evacuation Pause)
[2026-01-16T08:33:32.801+0000][gc,task     ] GC(336) Using 8 workers of 8 for evacuation
[2026-01-16T08:33:33.158+0000][gc,mmu      ] GC(336) MMU target violated: 201.0ms (200.0ms/201.0ms)
[2026-01-16T08:33:33.159+0000][gc,phases   ] GC(336)   Pre Evacuate Collection Set: 43.8ms
[2026-01-16T08:33:33.166+0000][gc,phases   ] GC(336)   Merge Heap Roots: 8.1ms
[2026-01-16T08:33:33.166+0000][gc,phases   ] GC(336)   Evacuate Collection Set: 281.2ms
[2026-01-16T08:33:33.167+0000][gc,phases   ] GC(336)   Post Evacuate Collection Set: 22.2ms
[2026-01-16T08:33:33.168+0000][gc,phases   ] GC(336)   Other: 3.3ms
[2026-01-16T08:33:33.171+0000][gc,heap     ] GC(336) Eden regions: 46->0(46)
[2026-01-16T08:33:33.171+0000][gc,heap     ] GC(336) Survivor regions: 5->5(7)
[2026-01-16T08:33:33.173+0000][gc,heap     ] GC(336) Old regions: 197->198
[2026-01-16T08:33:33.174+0000][gc,heap     ] GC(336) Humongous regions: 149->149
[2026-01-16T08:33:33.174+0000][gc,metaspace] GC(336) Metaspace: 14528K(14848K)->14528K(14848K) NonClass: 12890K(13056K)->12890K(13056K) Class: 1637K(1792K)->1637K(1792K)
[2026-01-16T08:33:33.177+0000][gc          ] GC(336) Pause Young (Normal) (G1 Evacuation Pause) 395M->350M(1024M) 378.481ms
[2026-01-16T08:33:33.178+0000][gc,cpu      ] GC(336) User=0.22s Sys=0.05s Real=0.38s
[2026-01-16T08:33:35.413+0000][gc,start    ] GC(337) Pause Young (Normal) (G1 Evacuation Pause)
[2026-01-16T08:33:35.415+0000][gc,task     ] GC(337) Using 8 workers of 8 for evacuation
[2026-01-16T08:33:35.667+0000][gc,mmu      ] GC(337) MMU target violated: 201.0ms (200.0ms/201.0ms)
[2026-01-16T08:33:35.671+0000][gc,phases   ] GC(337)   Pre Evacuate Collection Set: 16.2ms
[2026-01-16T08:33:35.673+0000][gc,phases   ] GC(337)   Merge Heap Roots: 1.3ms
[2026-01-16T08:33:35.673+0000][gc,phases   ] GC(337)   Evacuate Collection Set: 225.2ms
[2026-01-16T08:33:35.675+0000][gc,phases   ] GC(337)   Post Evacuate Collection Set: 8.2ms
[2026-01-16T08:33:35.676+0000][gc,phases   ] GC(337)   Other: 4.5ms
[2026-01-16T08:33:35.679+0000][gc,heap     ] GC(337) Eden regions: 46->0(47)
[2026-01-16T08:33:35.685+0000][gc,heap     ] GC(337) Survivor regions: 5->4(7)
[2026-01-16T08:33:35.689+0000][gc,heap     ] GC(337) Old regions: 198->199
[2026-01-16T08:33:35.690+0000][gc,heap     ] GC(337) Humongous regions: 149->149
[2026-01-16T08:33:35.694+0000][gc,metaspace] GC(337) Metaspace: 14528K(14848K)->14528K(14848K) NonClass: 12890K(13056K)->12890K(13056K) Class: 1637K(1792K)->1637K(1792K)
[2026-01-16T08:33:35.696+0000][gc          ] GC(337) Pause Young (Normal) (G1 Evacuation Pause) 396M->351M(1024M) 282.512ms
[2026-01-16T08:33:35.697+0000][gc,cpu      ] GC(337) User=0.18s Sys=0.02s Real=0.28s
[2026-01-16T08:33:36.862+0000][gc,start    ] GC(338) Pause Young (Normal) (G1 Evacuation Pause)
[2026-01-16T08:33:36.868+0000][gc,task     ] GC(338) Using 8 workers of 8 for evacuation
[2026-01-16T08:33:37.450+0000][gc,mmu      ] GC(338) MMU target violated: 201.0ms (200.0ms/201.0ms)
[2026-01-16T08:33:37.459+0000][gc,phases   ] GC(338)   Pre Evacuate Collection Set: 30.8ms
[2026-01-16T08:33:37.461+0000][gc,phases   ] GC(338)   Merge Heap Roots: 16.0ms
[2026-01-16T08:33:37.466+0000][gc,phases   ] GC(338)   Evacuate Collection Set: 490.7ms
[2026-01-16T08:33:37.474+0000][gc,phases   ] GC(338)   Post Evacuate Collection Set: 39.2ms
[2026-01-16T08:33:37.474+0000][gc,phases   ] GC(338)   Other: 8.1ms
[2026-01-16T08:33:37.477+0000][gc,heap     ] GC(338) Eden regions: 47->0(46)
[2026-01-16T08:33:37.477+0000][gc,heap     ] GC(338) Survivor regions: 4->5(7)
[2026-01-16T08:33:37.480+0000][gc,heap     ] GC(338) Old regions: 199->200
[2026-01-16T08:33:37.484+0000][gc,heap     ] GC(338) Humongous regions: 149->149
[2026-01-16T08:33:37.486+0000][gc,metaspace] GC(338) Metaspace: 14528K(14848K)->14528K(14848K) NonClass: 12890K(13056K)->12890K(13056K) Class: 1637K(1792K)->1637K(1792K)
[2026-01-16T08:33:37.491+0000][gc          ] GC(338) Pause Young (Normal) (G1 Evacuation Pause) 398M->352M(1024M) 628.914ms
[2026-01-16T08:33:37.492+0000][gc,cpu      ] GC(338) User=0.28s Sys=0.04s Real=0.63s
[2026-01-16T08:33:38.797+0000][gc,start    ] GC(339) Pause Young (Normal) (G1 Evacuation Pause)
[2026-01-16T08:33:38.799+0000][gc,task     ] GC(339) Using 8 workers of 8 for evacuation
[2026-01-16T08:33:39.095+0000][gc,mmu      ] GC(339) MMU target violated: 201.0ms (200.0ms/201.0ms)
[2026-01-16T08:33:39.098+0000][gc,phases   ] GC(339)   Pre Evacuate Collection Set: 31.1ms
[2026-01-16T08:33:39.101+0000][gc,phases   ] GC(339)   Merge Heap Roots: 10.1ms
[2026-01-16T08:33:39.104+0000][gc,phases   ] GC(339)   Evacuate Collection Set: 218.0ms
[2026-01-16T08:33:39.111+0000][gc,phases   ] GC(339)   Post Evacuate Collection Set: 33.7ms
[2026-01-16T08:33:39.111+0000][gc,phases   ] GC(339)   Other: 5.8ms
[2026-01-16T08:33:39.115+0000][gc,heap     ] GC(339) Eden regions: 46->0(47)
[2026-01-16T08:33:39.117+0000][gc,heap     ] GC(339) Survivor regions: 5->4(7)
[2026-01-16T08:33:39.120+0000][gc,heap     ] GC(339) Old regions: 200->201
[2026-01-16T08:33:39.121+0000][gc,heap     ] GC(339) Humongous regions: 149->149
[2026-01-16T08:33:39.124+0000][gc,metaspace] GC(339) Metaspace: 14528K(14848K)->14528K(14848K) NonClass: 12890K(13056K)->12890K(13056K) Class: 1637K(1792K)->1637K(1792K)
[2026-01-16T08:33:39.126+0000][gc          ] GC(339) Pause Young (Normal) (G1 Evacuation Pause) 398M->352M(1024M) 329.104ms
[2026-01-16T08:33:39.127+0000][gc,cpu      ] GC(339) User=0.21s Sys=0.02s Real=0.33s
[2026-01-16T08:33:40.369+0000][gc,start    ] GC(340) Pause Young (Normal) (G1 Evacuation Pause)
[2026-01-16T08:33:40.373+0000][gc,task     ] GC(340) Using 8 workers of 8 for evacuation
[2026-01-16T08:33:41.020+0000][gc,mmu      ] GC(340) MMU target violated: 201.0ms (200.0ms/201.0ms)
[2026-01-16T08:33:41.022+0000][gc,phases   ] GC(340)   Pre Evacuate Collection Set: 31.0ms
[2026-01-16T08:33:41.022+0000][gc,phases   ] GC(340)   Merge Heap Roots: 0.7ms
[2026-01-16T08:33:41.023+0000][gc,phases   ] GC(340)   Evacuate Collection Set: 582.8ms
[2026-01-16T08:33:41.023+0000][gc,phases   ] GC(340)   Post Evacuate Collection Set: 11.5ms
[2026-01-16T08:33:41.024+0000][gc,phases   ] GC(340)   Other: 22.3ms
[2026-01-16T08:33:41.024+0000][gc,heap     ] GC(340) Eden regions: 47->0(47)
[2026-01-16T08:33:41.024+0000][gc,heap     ] GC(340) Survivor regions: 4->4(7)
[2026-01-16T08:33:41.025+0000][gc,heap     ] GC(340) Old regions: 201->201
[2026-01-16T08:33:41.026+0000][gc,heap     ] GC(340) Humongous regions: 149->149
[2026-01-16T08:33:41.026+0000][gc,metaspace] GC(340) Metaspace: 14528K(14848K)->14528K(14848K) NonClass: 12890K(13056K)->12890K(13056K) Class: 1637K(1792K)->1637K(1792K)
[2026-01-16T08:33:41.027+0000][gc          ] GC(340) Pause Young (Normal) (G1 Evacuation Pause) 399M->353M(1024M) 657.738ms
[2026-01-16T08:33:41.029+0000][gc,cpu      ] GC(340) User=0.25s Sys=0.06s Real=0.66s
[2026-01-16T08:33:42.580+0000][gc,start    ] GC(341) Pause Young (Normal) (G1 Evacuation Pause)
[2026-01-16T08:33:42.581+0000][gc,task     ] GC(341) Using 8 workers of 8 for evacuation
[2026-01-16T08:33:42.730+0000][gc,phases   ] GC(341)   Pre Evacuate Collection Set: 16.9ms
[2026-01-16T08:33:42.731+0000][gc,phases   ] GC(341)   Merge Heap Roots: 4.7ms
[2026-01-16T08:33:42.731+0000][gc,phases   ] GC(341)   Evacuate Collection Set: 121.7ms
[2026-01-16T08:33:42.732+0000][gc,phases   ] GC(341)   Post Evacuate Collection Set: 3.3ms
[2026-01-16T08:33:42.733+0000][gc,phases   ] GC(341)   Other: 1.9ms
[2026-01-16T08:33:42.733+0000][gc,heap     ] GC(341) Eden regions: 47->0(47)
[2026-01-16T08:33:42.734+0000][gc,heap     ] GC(341) Survivor regions: 4->4(7)
[2026-01-16T08:33:42.734+0000][gc,heap     ] GC(341) Old regions: 201->202
[2026-01-16T08:33:42.734+0000][gc,heap     ] GC(341) Humongous regions: 149->149
[2026-01-16T08:33:42.735+0000][gc,metaspace] GC(341) Metaspace: 14530K(14848K)->14530K(14848K) NonClass: 12893K(13056K)->12893K(13056K) Class: 1637K(1792K)->1637K(1792K)
[2026-01-16T08:33:42.736+0000][gc          ] GC(341) Pause Young (Normal) (G1 Evacuation Pause) 400M->354M(1024M) 156.015ms
[2026-01-16T08:33:42.736+0000][gc,cpu      ] GC(341) User=0.11s Sys=0.02s Real=0.16s
[2026-01-16T08:33:44.413+0000][gc,start    ] GC(342) Pause Young (Normal) (G1 Evacuation Pause)
[2026-01-16T08:33:44.427+0000][gc,task     ] GC(342) Using 8 workers of 8 for evacuation
[2026-01-16T08:33:45.359+0000][gc,mmu      ] GC(342) MMU target violated: 201.0ms (200.0ms/201.0ms)
[2026-01-16T08:33:45.363+0000][gc,phases   ] GC(342)   Pre Evacuate Collection Set: 23.9ms
[2026-01-16T08:33:45.364+0000][gc,phases   ] GC(342)   Merge Heap Roots: 7.0ms
[2026-01-16T08:33:45.366+0000][gc,phases   ] GC(342)   Evacuate Collection Set: 867.3ms
[2026-01-16T08:33:45.367+0000][gc,phases   ] GC(342)   Post Evacuate Collection Set: 23.8ms
[2026-01-16T08:33:45.368+0000][gc,phases   ] GC(342)   Other: 15.1ms
[2026-01-16T08:33:45.368+0000][gc,heap     ] GC(342) Eden regions: 47->0(46)
[2026-01-16T08:33:45.370+0000][gc,heap     ] GC(342) Survivor regions: 4->5(7)
[2026-01-16T08:33:45.376+0000][gc,heap     ] GC(342) Old regions: 202->203
[2026-01-16T08:33:45.377+0000][gc,heap     ] GC(342) Humongous regions: 149->149
[2026-01-16T08:33:45.377+0000][gc,metaspace] GC(342) Metaspace: 14535K(14848K)->14535K(14848K) NonClass: 12898K(13056K)->12898K(13056K) Class: 1637K(1792K)->1637K(1792K)
[2026-01-16T08:33:45.378+0000][gc          ] GC(342) Pause Young (Normal) (G1 Evacuation Pause) 401M->355M(1024M) 965.186ms
[2026-01-16T08:33:45.379+0000][gc,cpu      ] GC(342) User=0.31s Sys=0.11s Real=0.96s
[2026-01-16T08:33:46.751+0000][gc,start    ] GC(343) Pause Young (Normal) (G1 Evacuation Pause)
[2026-01-16T08:33:46.765+0000][gc,task     ] GC(343) Using 8 workers of 8 for evacuation
[2026-01-16T08:33:47.201+0000][gc,mmu      ] GC(343) MMU target violated: 201.0ms (200.0ms/201.0ms)
[2026-01-16T08:33:47.201+0000][gc,phases   ] GC(343)   Pre Evacuate Collection Set: 21.6ms
[2026-01-16T08:33:47.205+0000][gc,phases   ] GC(343)   Merge Heap Roots: 11.7ms
[2026-01-16T08:33:47.206+0000][gc,phases   ] GC(343)   Evacuate Collection Set: 373.7ms
[2026-01-16T08:33:47.208+0000][gc,phases   ] GC(343)   Post Evacuate Collection Set: 11.0ms
[2026-01-16T08:33:47.208+0000][gc,phases   ] GC(343)   Other: 18.0ms
[2026-01-16T08:33:47.209+0000][gc,heap     ] GC(343) Eden regions: 46->0(47)
[2026-01-16T08:33:47.209+0000][gc,heap     ] GC(343) Survivor regions: 5->4(7)
[2026-01-16T08:33:47.210+0000][gc,heap     ] GC(343) Old regions: 203->204
[2026-01-16T08:33:47.212+0000][gc,heap     ] GC(343) Humongous regions: 149->149
[2026-01-16T08:33:47.213+0000][gc,metaspace] GC(343) Metaspace: 14535K(14848K)->14535K(14848K) NonClass: 12898K(13056K)->12898K(13056K) Class: 1637K(1792K)->1637K(1792K)
[2026-01-16T08:33:47.215+0000][gc          ] GC(343) Pause Young (Normal) (G1 Evacuation Pause) 401M->356M(1024M) 464.168ms
[2026-01-16T08:33:47.215+0000][gc,cpu      ] GC(343) User=0.20s Sys=0.02s Real=0.47s
[2026-01-16T08:33:48.578+0000][gc,start    ] GC(344) Pause Young (Normal) (G1 Evacuation Pause)
[2026-01-16T08:33:48.584+0000][gc,task     ] GC(344) Using 8 workers of 8 for evacuation
[2026-01-16T08:33:48.983+0000][gc,mmu      ] GC(344) MMU target violated: 201.0ms (200.0ms/201.0ms)
[2026-01-16T08:33:48.983+0000][gc,phases   ] GC(344)   Pre Evacuate Collection Set: 38.0ms
[2026-01-16T08:33:48.985+0000][gc,phases   ] GC(344)   Merge Heap Roots: 4.2ms
[2026-01-16T08:33:48.985+0000][gc,phases   ] GC(344)   Evacuate Collection Set: 333.6ms
[2026-01-16T08:33:48.985+0000][gc,phases   ] GC(344)   Post Evacuate Collection Set: 16.3ms
[2026-01-16T08:33:48.986+0000][gc,phases   ] GC(344)   Other: 7.2ms
[2026-01-16T08:33:48.986+0000][gc,heap     ] GC(344) Eden regions: 47->0(46)
[2026-01-16T08:33:48.987+0000][gc,heap     ] GC(344) Survivor regions: 4->5(7)
[2026-01-16T08:33:48.987+0000][gc,heap     ] GC(344) Old regions: 204->204
[2026-01-16T08:33:48.992+0000][gc,heap     ] GC(344) Humongous regions: 149->149
[2026-01-16T08:33:49.002+0000][gc,metaspace] GC(344) Metaspace: 14536K(14848K)->14536K(14848K) NonClass: 12898K(13056K)->12898K(13056K) Class: 1637K(1792K)->1637K(1792K)
[2026-01-16T08:33:49.005+0000][gc          ] GC(344) Pause Young (Normal) (G1 Evacuation Pause) 403M->356M(1024M) 426.967ms
[2026-01-16T08:33:49.010+0000][gc,cpu      ] GC(344) User=0.22s Sys=0.01s Real=0.43s
[2026-01-16T08:33:50.704+0000][gc,start    ] GC(345) Pause Young (Normal) (G1 Evacuation Pause)
[2026-01-16T08:33:50.710+0000][gc,task     ] GC(345) Using 8 workers of 8 for evacuation
[2026-01-16T08:33:51.037+0000][gc,mmu      ] GC(345) MMU target violated: 201.0ms (200.0ms/201.0ms)
[2026-01-16T08:33:51.041+0000][gc,phases   ] GC(345)   Pre Evacuate Collection Set: 14.6ms
[2026-01-16T08:33:51.041+0000][gc,phases   ] GC(345)   Merge Heap Roots: 0.5ms
[2026-01-16T08:33:51.047+0000][gc,phases   ] GC(345)   Evacuate Collection Set: 285.9ms
[2026-01-16T08:33:51.049+0000][gc,phases   ] GC(345)   Post Evacuate Collection Set: 24.8ms
[2026-01-16T08:33:51.052+0000][gc,phases   ] GC(345)   Other: 5.3ms
[2026-01-16T08:33:51.053+0000][gc,heap     ] GC(345) Eden regions: 46->0(46)
[2026-01-16T08:33:51.056+0000][gc,heap     ] GC(345) Survivor regions: 5->5(7)
[2026-01-16T08:33:51.057+0000][gc,heap     ] GC(345) Old regions: 204->205
[2026-01-16T08:33:51.057+0000][gc,heap     ] GC(345) Humongous regions: 149->149
[2026-01-16T08:33:51.060+0000][gc,metaspace] GC(345) Metaspace: 14541K(14848K)->14541K(14848K) NonClass: 12902K(13056K)->12902K(13056K) Class: 1638K(1792K)->1638K(1792K)
[2026-01-16T08:33:51.068+0000][gc          ] GC(345) Pause Young (Normal) (G1 Evacuation Pause) 402M->357M(1024M) 363.568ms
[2026-01-16T08:33:51.069+0000][gc,cpu      ] GC(345) User=0.17s Sys=0.01s Real=0.36s
[2026-01-16T08:33:52.802+0000][gc,start    ] GC(346) Pause Young (Normal) (G1 Evacuation Pause)
[2026-01-16T08:33:52.804+0000][gc,task     ] GC(346) Using 8 workers of 8 for evacuation
[2026-01-16T08:33:53.298+0000][gc,mmu      ] GC(346) MMU target violated: 201.0ms (200.0ms/201.0ms)
[2026-01-16T08:33:53.302+0000][gc,phases   ] GC(346)   Pre Evacuate Collection Set: 58.2ms
[2026-01-16T08:33:53.304+0000][gc,phases   ] GC(346)   Merge Heap Roots: 16.7ms
[2026-01-16T08:33:53.305+0000][gc,phases   ] GC(346)   Evacuate Collection Set: 389.4ms
[2026-01-16T08:33:53.305+0000][gc,phases   ] GC(346)   Post Evacuate Collection Set: 15.4ms
[2026-01-16T08:33:53.307+0000][gc,phases   ] GC(346)   Other: 18.5ms
[2026-01-16T08:33:53.311+0000][gc,heap     ] GC(346) Eden regions: 46->0(47)
[2026-01-16T08:33:53.311+0000][gc,heap     ] GC(346) Survivor regions: 5->4(7)
[2026-01-16T08:33:53.312+0000][gc,heap     ] GC(346) Old regions: 205->206
[2026-01-16T08:33:53.314+0000][gc,heap     ] GC(346) Humongous regions: 149->149
[2026-01-16T08:33:53.315+0000][gc,metaspace] GC(346) Metaspace: 14541K(14848K)->14541K(14848K) NonClass: 12902K(13056K)->12902K(13056K) Class: 1638K(1792K)->1638K(1792K)
[2026-01-16T08:33:53.315+0000][gc          ] GC(346) Pause Young (Normal) (G1 Evacuation Pause) 403M->358M(1024M) 513.298ms
[2026-01-16T08:33:53.317+0000][gc,cpu      ] GC(346) User=0.18s Sys=0.03s Real=0.51s
[2026-01-16T08:33:54.804+0000][gc,start    ] GC(347) Pause Young (Normal) (G1 Evacuation Pause)
[2026-01-16T08:33:54.808+0000][gc,task     ] GC(347) Using 8 workers of 8 for evacuation
[2026-01-16T08:33:55.192+0000][gc,mmu      ] GC(347) MMU target violated: 201.0ms (200.0ms/201.0ms)
[2026-01-16T08:33:55.192+0000][gc,phases   ] GC(347)   Pre Evacuate Collection Set: 33.0ms
[2026-01-16T08:33:55.192+0000][gc,phases   ] GC(347)   Merge Heap Roots: 4.6ms
[2026-01-16T08:33:55.192+0000][gc,phases   ] GC(347)   Evacuate Collection Set: 318.4ms
[2026-01-16T08:33:55.194+0000][gc,phases   ] GC(347)   Post Evacuate Collection Set: 25.7ms
[2026-01-16T08:33:55.194+0000][gc,phases   ] GC(347)   Other: 2.5ms
[2026-01-16T08:33:55.195+0000][gc,heap     ] GC(347) Eden regions: 47->0(46)
[2026-01-16T08:33:55.196+0000][gc,heap     ] GC(347) Survivor regions: 4->5(7)
[2026-01-16T08:33:55.196+0000][gc,heap     ] GC(347) Old regions: 206->206
[2026-01-16T08:33:55.197+0000][gc,heap     ] GC(347) Humongous regions: 149->149
[2026-01-16T08:33:55.197+0000][gc,metaspace] GC(347) Metaspace: 14542K(14848K)->14542K(14848K) NonClass: 12903K(13056K)->12903K(13056K) Class: 1638K(1792K)->1638K(1792K)
[2026-01-16T08:33:55.198+0000][gc          ] GC(347) Pause Young (Normal) (G1 Evacuation Pause) 405M->358M(1024M) 394.132ms
[2026-01-16T08:33:55.198+0000][gc,cpu      ] GC(347) User=0.16s Sys=0.00s Real=0.39s
[2026-01-16T08:33:56.507+0000][gc,start    ] GC(348) Pause Young (Normal) (G1 Evacuation Pause)
[2026-01-16T08:33:56.511+0000][gc,task     ] GC(348) Using 8 workers of 8 for evacuation
[2026-01-16T08:33:57.156+0000][gc,mmu      ] GC(348) MMU target violated: 201.0ms (200.0ms/201.0ms)
[2026-01-16T08:33:57.165+0000][gc,phases   ] GC(348)   Pre Evacuate Collection Set: 40.2ms
[2026-01-16T08:33:57.167+0000][gc,phases   ] GC(348)   Merge Heap Roots: 1.2ms
[2026-01-16T08:33:57.169+0000][gc,phases   ] GC(348)   Evacuate Collection Set: 539.8ms
[2026-01-16T08:33:57.170+0000][gc,phases   ] GC(348)   Post Evacuate Collection Set: 59.5ms
[2026-01-16T08:33:57.178+0000][gc,phases   ] GC(348)   Other: 13.4ms
[2026-01-16T08:33:57.180+0000][gc,heap     ] GC(348) Eden regions: 46->0(46)
[2026-01-16T08:33:57.182+0000][gc,heap     ] GC(348) Survivor regions: 5->5(7)
[2026-01-16T08:33:57.185+0000][gc,heap     ] GC(348) Old regions: 206->207
[2026-01-16T08:33:57.186+0000][gc,heap     ] GC(348) Humongous regions: 149->149
[2026-01-16T08:33:57.186+0000][gc,metaspace] GC(348) Metaspace: 14545K(14848K)->14545K(14848K) NonClass: 12906K(13056K)->12906K(13056K) Class: 1638K(1792K)->1638K(1792K)
[2026-01-16T08:33:57.193+0000][gc          ] GC(348) Pause Young (Normal) (G1 Evacuation Pause) 404M->359M(1024M) 686.200ms
[2026-01-16T08:33:57.195+0000][gc,cpu      ] GC(348) User=0.20s Sys=0.02s Real=0.69s
[2026-01-16T08:33:58.969+0000][gc,start    ] GC(349) Pause Young (Normal) (G1 Evacuation Pause)
[2026-01-16T08:33:58.971+0000][gc,task     ] GC(349) Using 8 workers of 8 for evacuation
[2026-01-16T08:33:59.385+0000][gc,mmu      ] GC(349) MMU target violated: 201.0ms (200.0ms/201.0ms)
[2026-01-16T08:33:59.388+0000][gc,phases   ] GC(349)   Pre Evacuate Collection Set: 24.7ms
[2026-01-16T08:33:59.388+0000][gc,phases   ] GC(349)   Merge Heap Roots: 7.9ms
[2026-01-16T08:33:59.388+0000][gc,phases   ] GC(349)   Evacuate Collection Set: 338.5ms
[2026-01-16T08:33:59.388+0000][gc,phases   ] GC(349)   Post Evacuate Collection Set: 21.9ms
[2026-01-16T08:33:59.389+0000][gc,phases   ] GC(349)   Other: 23.7ms
[2026-01-16T08:33:59.392+0000][gc,heap     ] GC(349) Eden regions: 46->0(46)
[2026-01-16T08:33:59.394+0000][gc,heap     ] GC(349) Survivor regions: 5->5(7)
[2026-01-16T08:33:59.399+0000][gc,heap     ] GC(349) Old regions: 207->207
[2026-01-16T08:33:59.400+0000][gc,heap     ] GC(349) Humongous regions: 149->149
[2026-01-16T08:33:59.402+0000][gc,metaspace] GC(349) Metaspace: 14550K(14848K)->14550K(14848K) NonClass: 12911K(13056K)->12911K(13056K) Class: 1638K(1792K)->1638K(1792K)
[2026-01-16T08:33:59.406+0000][gc          ] GC(349) Pause Young (Normal) (G1 Evacuation Pause) 405M->360M(1024M) 436.714ms
[2026-01-16T08:33:59.406+0000][gc,cpu      ] GC(349) User=0.19s Sys=0.05s Real=0.44s
[2026-01-16T08:34:00.671+0000][gc,start    ] GC(350) Pause Young (Normal) (G1 Evacuation Pause)
[2026-01-16T08:34:00.680+0000][gc,task     ] GC(350) Using 8 workers of 8 for evacuation
[2026-01-16T08:34:00.965+0000][gc,mmu      ] GC(350) MMU target violated: 201.0ms (200.0ms/201.0ms)
[2026-01-16T08:34:00.966+0000][gc,phases   ] GC(350)   Pre Evacuate Collection Set: 40.4ms
[2026-01-16T08:34:00.966+0000][gc,phases   ] GC(350)   Merge Heap Roots: 5.6ms
[2026-01-16T08:34:00.967+0000][gc,phases   ] GC(350)   Evacuate Collection Set: 208.8ms
[2026-01-16T08:34:00.967+0000][gc,phases   ] GC(350)   Post Evacuate Collection Set: 4.9ms
[2026-01-16T08:34:00.967+0000][gc,phases   ] GC(350)   Other: 26.5ms
[2026-01-16T08:34:00.968+0000][gc,heap     ] GC(350) Eden regions: 46->0(46)
[2026-01-16T08:34:00.971+0000][gc,heap     ] GC(350) Survivor regions: 5->5(7)
[2026-01-16T08:34:00.971+0000][gc,heap     ] GC(350) Old regions: 207->208
[2026-01-16T08:34:00.971+0000][gc,heap     ] GC(350) Humongous regions: 149->149
[2026-01-16T08:34:00.972+0000][gc,metaspace] GC(350) Metaspace: 14575K(14848K)->14575K(14848K) NonClass: 12937K(13056K)->12937K(13056K) Class: 1638K(1792K)->1638K(1792K)
[2026-01-16T08:34:00.972+0000][gc          ] GC(350) Pause Young (Normal) (G1 Evacuation Pause) 406M->361M(1024M) 301.439ms
[2026-01-16T08:34:00.975+0000][gc,cpu      ] GC(350) User=0.15s Sys=0.02s Real=0.31s
[2026-01-16T08:34:01.819+0000][gc,start    ] GC(351) Pause Young (Normal) (G1 Evacuation Pause)
[2026-01-16T08:34:01.820+0000][gc,task     ] GC(351) Using 8 workers of 8 for evacuation
[2026-01-16T08:34:02.108+0000][gc,mmu      ] GC(351) MMU target violated: 201.0ms (200.0ms/201.0ms)
[2026-01-16T08:34:02.110+0000][gc,phases   ] GC(351)   Pre Evacuate Collection Set: 3.7ms
[2026-01-16T08:34:02.110+0000][gc,phases   ] GC(351)   Merge Heap Roots: 0.8ms
[2026-01-16T08:34:02.111+0000][gc,phases   ] GC(351)   Evacuate Collection Set: 271.3ms
[2026-01-16T08:34:02.116+0000][gc,phases   ] GC(351)   Post Evacuate Collection Set: 10.9ms
[2026-01-16T08:34:02.120+0000][gc,phases   ] GC(351)   Other: 2.8ms
[2026-01-16T08:34:02.124+0000][gc,heap     ] GC(351) Eden regions: 46->0(46)
[2026-01-16T08:34:02.127+0000][gc,heap     ] GC(351) Survivor regions: 5->5(7)
[2026-01-16T08:34:02.132+0000][gc,heap     ] GC(351) Old regions: 208->209
[2026-01-16T08:34:02.133+0000][gc,heap     ] GC(351) Humongous regions: 149->149
[2026-01-16T08:34:02.139+0000][gc,metaspace] GC(351) Metaspace: 14590K(14912K)->14590K(14912K) NonClass: 12949K(13120K)->12949K(13120K) Class: 1640K(1792K)->1640K(1792K)
[2026-01-16T08:34:02.142+0000][gc          ] GC(351) Pause Young (Normal) (G1 Evacuation Pause) 407M->362M(1024M) 323.194ms
[2026-01-16T08:34:02.143+0000][gc,cpu      ] GC(351) User=0.11s Sys=0.03s Real=0.33s
[2026-01-16T08:34:02.598+0000][gc,start    ] GC(352) Pause Young (Normal) (G1 Evacuation Pause)
[2026-01-16T08:34:02.601+0000][gc,task     ] GC(352) Using 8 workers of 8 for evacuation
[2026-01-16T08:34:02.698+0000][gc,phases   ] GC(352)   Pre Evacuate Collection Set: 20.1ms
[2026-01-16T08:34:02.698+0000][gc,phases   ] GC(352)   Merge Heap Roots: 2.8ms
[2026-01-16T08:34:02.698+0000][gc,phases   ] GC(352)   Evacuate Collection Set: 68.0ms
[2026-01-16T08:34:02.699+0000][gc,phases   ] GC(352)   Post Evacuate Collection Set: 2.6ms
[2026-01-16T08:34:02.699+0000][gc,phases   ] GC(352)   Other: 3.6ms
[2026-01-16T08:34:02.699+0000][gc,heap     ] GC(352) Eden regions: 46->0(46)
[2026-01-16T08:34:02.699+0000][gc,heap     ] GC(352) Survivor regions: 5->5(7)
[2026-01-16T08:34:02.699+0000][gc,heap     ] GC(352) Old regions: 209->210
[2026-01-16T08:34:02.699+0000][gc,heap     ] GC(352) Humongous regions: 149->149
[2026-01-16T08:34:02.699+0000][gc,metaspace] GC(352) Metaspace: 14604K(14912K)->14604K(14912K) NonClass: 12959K(13120K)->12959K(13120K) Class: 1644K(1792K)->1644K(1792K)
[2026-01-16T08:34:02.699+0000][gc          ] GC(352) Pause Young (Normal) (G1 Evacuation Pause) 408M->362M(1024M) 100.987ms
[2026-01-16T08:34:02.699+0000][gc,cpu      ] GC(352) User=0.05s Sys=0.01s Real=0.10s
[2026-01-16T08:34:03.035+0000][gc,start    ] GC(353) Pause Young (Normal) (G1 Evacuation Pause)
[2026-01-16T08:34:03.035+0000][gc,task     ] GC(353) Using 8 workers of 8 for evacuation
[2026-01-16T08:34:03.133+0000][gc,phases   ] GC(353)   Pre Evacuate Collection Set: 0.6ms
[2026-01-16T08:34:03.134+0000][gc,phases   ] GC(353)   Merge Heap Roots: 0.2ms
[2026-01-16T08:34:03.135+0000][gc,phases   ] GC(353)   Evacuate Collection Set: 95.0ms
[2026-01-16T08:34:03.135+0000][gc,phases   ] GC(353)   Post Evacuate Collection Set: 1.7ms
[2026-01-16T08:34:03.136+0000][gc,phases   ] GC(353)   Other: 0.3ms
[2026-01-16T08:34:03.136+0000][gc,heap     ] GC(353) Eden regions: 46->0(47)
[2026-01-16T08:34:03.137+0000][gc,heap     ] GC(353) Survivor regions: 5->4(7)
[2026-01-16T08:34:03.138+0000][gc,heap     ] GC(353) Old regions: 210->211
[2026-01-16T08:34:03.139+0000][gc,heap     ] GC(353) Humongous regions: 149->149
[2026-01-16T08:34:03.141+0000][gc,metaspace] GC(353) Metaspace: 14623K(14912K)->14623K(14912K) NonClass: 12973K(13120K)->12973K(13120K) Class: 1649K(1792K)->1649K(1792K)
[2026-01-16T08:34:03.144+0000][gc          ] GC(353) Pause Young (Normal) (G1 Evacuation Pause) 408M->363M(1024M) 108.849ms
[2026-01-16T08:34:03.145+0000][gc,cpu      ] GC(353) User=0.05s Sys=0.00s Real=0.11s
[2026-01-16T08:34:05.956+0000][gc,start    ] GC(354) Pause Young (Normal) (G1 Evacuation Pause)
[2026-01-16T08:34:05.983+0000][gc,task     ] GC(354) Using 8 workers of 8 for evacuation
[2026-01-16T08:34:06.535+0000][gc,mmu      ] GC(354) MMU target violated: 201.0ms (200.0ms/201.0ms)
[2026-01-16T08:34:06.536+0000][gc,phases   ] GC(354)   Pre Evacuate Collection Set: 61.4ms
[2026-01-16T08:34:06.539+0000][gc,phases   ] GC(354)   Merge Heap Roots: 52.3ms
[2026-01-16T08:34:06.545+0000][gc,phases   ] GC(354)   Evacuate Collection Set: 385.6ms
[2026-01-16T08:34:06.546+0000][gc,phases   ] GC(354)   Post Evacuate Collection Set: 36.4ms
[2026-01-16T08:34:06.548+0000][gc,phases   ] GC(354)   Other: 18.9ms
[2026-01-16T08:34:06.549+0000][gc,heap     ] GC(354) Eden regions: 47->0(47)
[2026-01-16T08:34:06.550+0000][gc,heap     ] GC(354) Survivor regions: 4->4(7)
[2026-01-16T08:34:06.555+0000][gc,heap     ] GC(354) Old regions: 211->212
[2026-01-16T08:34:06.558+0000][gc,heap     ] GC(354) Humongous regions: 149->149
[2026-01-16T08:34:06.559+0000][gc,metaspace] GC(354) Metaspace: 14663K(14912K)->14663K(14912K) NonClass: 13003K(13120K)->13003K(13120K) Class: 1659K(1792K)->1659K(1792K)
[2026-01-16T08:34:06.559+0000][gc          ] GC(354) Pause Young (Normal) (G1 Evacuation Pause) 410M->364M(1024M) 603.434ms
[2026-01-16T08:34:06.560+0000][gc,cpu      ] GC(354) User=0.25s Sys=0.03s Real=0.60s
[2026-01-16T08:34:08.859+0000][gc,start    ] GC(355) Pause Young (Normal) (G1 Evacuation Pause)
[2026-01-16T08:34:08.860+0000][gc,task     ] GC(355) Using 8 workers of 8 for evacuation
[2026-01-16T08:34:09.360+0000][gc,mmu      ] GC(355) MMU target violated: 201.0ms (200.0ms/201.0ms)
[2026-01-16T08:34:09.364+0000][gc,phases   ] GC(355)   Pre Evacuate Collection Set: 19.5ms
[2026-01-16T08:34:09.369+0000][gc,phases   ] GC(355)   Merge Heap Roots: 12.6ms
[2026-01-16T08:34:09.369+0000][gc,phases   ] GC(355)   Evacuate Collection Set: 430.5ms
[2026-01-16T08:34:09.369+0000][gc,phases   ] GC(355)   Post Evacuate Collection Set: 27.0ms
[2026-01-16T08:34:09.369+0000][gc,phases   ] GC(355)   Other: 13.9ms
[2026-01-16T08:34:09.369+0000][gc,heap     ] GC(355) Eden regions: 47->0(46)
[2026-01-16T08:34:09.369+0000][gc,heap     ] GC(355) Survivor regions: 4->5(7)
[2026-01-16T08:34:09.371+0000][gc,heap     ] GC(355) Old regions: 212->212
[2026-01-16T08:34:09.372+0000][gc,heap     ] GC(355) Humongous regions: 149->149
[2026-01-16T08:34:09.372+0000][gc,metaspace] GC(355) Metaspace: 14665K(14976K)->14665K(14976K) NonClass: 13005K(13184K)->13005K(13184K) Class: 1659K(1792K)->1659K(1792K)
[2026-01-16T08:34:09.373+0000][gc          ] GC(355) Pause Young (Normal) (G1 Evacuation Pause) 411M->365M(1024M) 514.179ms
[2026-01-16T08:34:09.375+0000][gc,cpu      ] GC(355) User=0.22s Sys=0.04s Real=0.51s
[2026-01-16T08:34:10.586+0000][gc,start    ] GC(356) Pause Young (Normal) (G1 Evacuation Pause)
[2026-01-16T08:34:10.587+0000][gc,task     ] GC(356) Using 8 workers of 8 for evacuation
[2026-01-16T08:34:11.072+0000][gc,mmu      ] GC(356) MMU target violated: 201.0ms (200.0ms/201.0ms)
[2026-01-16T08:34:11.078+0000][gc,phases   ] GC(356)   Pre Evacuate Collection Set: 17.0ms
[2026-01-16T08:34:11.078+0000][gc,phases   ] GC(356)   Merge Heap Roots: 10.6ms
[2026-01-16T08:34:11.080+0000][gc,phases   ] GC(356)   Evacuate Collection Set: 406.5ms
[2026-01-16T08:34:11.081+0000][gc,phases   ] GC(356)   Post Evacuate Collection Set: 43.0ms
[2026-01-16T08:34:11.084+0000][gc,phases   ] GC(356)   Other: 13.5ms
[2026-01-16T08:34:11.085+0000][gc,heap     ] GC(356) Eden regions: 46->0(47)
[2026-01-16T08:34:11.088+0000][gc,heap     ] GC(356) Survivor regions: 5->4(7)
[2026-01-16T08:34:11.088+0000][gc,heap     ] GC(356) Old regions: 212->213
[2026-01-16T08:34:11.088+0000][gc,heap     ] GC(356) Humongous regions: 149->149
[2026-01-16T08:34:11.089+0000][gc,metaspace] GC(356) Metaspace: 14665K(14976K)->14665K(14976K) NonClass: 13005K(13184K)->13005K(13184K) Class: 1659K(1792K)->1659K(1792K)
[2026-01-16T08:34:11.089+0000][gc          ] GC(356) Pause Young (Normal) (G1 Evacuation Pause) 411M->365M(1024M) 502.506ms
[2026-01-16T08:34:11.089+0000][gc,cpu      ] GC(356) User=0.18s Sys=0.04s Real=0.50s
[2026-01-16T08:34:12.097+0000][gc,start    ] GC(357) Pause Young (Normal) (G1 Evacuation Pause)
[2026-01-16T08:34:12.141+0000][gc,task     ] GC(357) Using 8 workers of 8 for evacuation
[2026-01-16T08:34:12.805+0000][gc,mmu      ] GC(357) MMU target violated: 201.0ms (200.0ms/201.0ms)
[2026-01-16T08:34:12.807+0000][gc,phases   ] GC(357)   Pre Evacuate Collection Set: 14.9ms
[2026-01-16T08:34:12.807+0000][gc,phases   ] GC(357)   Merge Heap Roots: 8.6ms
[2026-01-16T08:34:12.808+0000][gc,phases   ] GC(357)   Evacuate Collection Set: 546.7ms
[2026-01-16T08:34:12.810+0000][gc,phases   ] GC(357)   Post Evacuate Collection Set: 53.0ms
[2026-01-16T08:34:12.811+0000][gc,phases   ] GC(357)   Other: 43.6ms
[2026-01-16T08:34:12.813+0000][gc,heap     ] GC(357) Eden regions: 47->0(46)
[2026-01-16T08:34:12.814+0000][gc,heap     ] GC(357) Survivor regions: 4->5(7)
[2026-01-16T08:34:12.817+0000][gc,heap     ] GC(357) Old regions: 213->213
[2026-01-16T08:34:12.817+0000][gc,heap     ] GC(357) Humongous regions: 149->149
[2026-01-16T08:34:12.820+0000][gc,metaspace] GC(357) Metaspace: 14665K(14976K)->14665K(14976K) NonClass: 13005K(13184K)->13005K(13184K) Class: 1659K(1792K)->1659K(1792K)
[2026-01-16T08:34:12.823+0000][gc          ] GC(357) Pause Young (Normal) (G1 Evacuation Pause) 412M->366M(1024M) 726.397ms
[2026-01-16T08:34:12.824+0000][gc,cpu      ] GC(357) User=0.23s Sys=0.04s Real=0.72s
[2026-01-16T08:34:15.042+0000][gc,start    ] GC(358) Pause Young (Normal) (G1 Evacuation Pause)
[2026-01-16T08:34:15.053+0000][gc,task     ] GC(358) Using 8 workers of 8 for evacuation
[2026-01-16T08:34:15.497+0000][gc,mmu      ] GC(358) MMU target violated: 201.0ms (200.0ms/201.0ms)
[2026-01-16T08:34:15.499+0000][gc,phases   ] GC(358)   Pre Evacuate Collection Set: 32.1ms
[2026-01-16T08:34:15.501+0000][gc,phases   ] GC(358)   Merge Heap Roots: 31.9ms
[2026-01-16T08:34:15.503+0000][gc,phases   ] GC(358)   Evacuate Collection Set: 373.6ms
[2026-01-16T08:34:15.504+0000][gc,phases   ] GC(358)   Post Evacuate Collection Set: 5.6ms
[2026-01-16T08:34:15.510+0000][gc,phases   ] GC(358)   Other: 2.0ms
[2026-01-16T08:34:15.513+0000][gc,heap     ] GC(358) Eden regions: 46->0(46)
[2026-01-16T08:34:15.514+0000][gc,heap     ] GC(358) Survivor regions: 5->5(7)
[2026-01-16T08:34:15.515+0000][gc,heap     ] GC(358) Old regions: 213->214
[2026-01-16T08:34:15.516+0000][gc,heap     ] GC(358) Humongous regions: 149->149
[2026-01-16T08:34:15.518+0000][gc,metaspace] GC(358) Metaspace: 14665K(14976K)->14665K(14976K) NonClass: 13006K(13184K)->13006K(13184K) Class: 1659K(1792K)->1659K(1792K)
[2026-01-16T08:34:15.520+0000][gc          ] GC(358) Pause Young (Normal) (G1 Evacuation Pause) 412M->367M(1024M) 478.765ms
[2026-01-16T08:34:15.522+0000][gc,cpu      ] GC(358) User=0.14s Sys=0.04s Real=0.48s
[2026-01-16T08:34:17.867+0000][gc,start    ] GC(359) Pause Young (Normal) (G1 Evacuation Pause)
[2026-01-16T08:34:17.879+0000][gc,task     ] GC(359) Using 8 workers of 8 for evacuation
[2026-01-16T08:34:18.816+0000][gc,mmu      ] GC(359) MMU target violated: 201.0ms (200.0ms/201.0ms)
[2026-01-16T08:34:18.817+0000][gc,phases   ] GC(359)   Pre Evacuate Collection Set: 104.3ms
[2026-01-16T08:34:18.817+0000][gc,phases   ] GC(359)   Merge Heap Roots: 31.9ms
[2026-01-16T08:34:18.817+0000][gc,phases   ] GC(359)   Evacuate Collection Set: 716.0ms
[2026-01-16T08:34:18.817+0000][gc,phases   ] GC(359)   Post Evacuate Collection Set: 44.7ms
[2026-01-16T08:34:18.832+0000][gc,phases   ] GC(359)   Other: 52.0ms
[2026-01-16T08:34:18.832+0000][gc,heap     ] GC(359) Eden regions: 46->0(46)
[2026-01-16T08:34:18.834+0000][gc,heap     ] GC(359) Survivor regions: 5->5(7)
[2026-01-16T08:34:18.834+0000][gc,heap     ] GC(359) Old regions: 214->215
[2026-01-16T08:34:18.834+0000][gc,heap     ] GC(359) Humongous regions: 149->149
[2026-01-16T08:34:18.835+0000][gc,metaspace] GC(359) Metaspace: 14669K(14976K)->14669K(14976K) NonClass: 13010K(13184K)->13010K(13184K) Class: 1659K(1792K)->1659K(1792K)
[2026-01-16T08:34:18.839+0000][gc          ] GC(359) Pause Young (Normal) (G1 Evacuation Pause) 413M->368M(1024M) 971.877ms
[2026-01-16T08:34:18.839+0000][gc,cpu      ] GC(359) User=0.30s Sys=0.04s Real=0.97s
[2026-01-16T08:34:20.368+0000][gc,start    ] GC(360) Pause Young (Normal) (G1 Evacuation Pause)
[2026-01-16T08:34:20.371+0000][gc,task     ] GC(360) Using 8 workers of 8 for evacuation
[2026-01-16T08:34:20.557+0000][gc,phases   ] GC(360)   Pre Evacuate Collection Set: 8.1ms
[2026-01-16T08:34:20.565+0000][gc,phases   ] GC(360)   Merge Heap Roots: 2.2ms
[2026-01-16T08:34:20.566+0000][gc,phases   ] GC(360)   Evacuate Collection Set: 174.1ms
[2026-01-16T08:34:20.578+0000][gc,phases   ] GC(360)   Post Evacuate Collection Set: 1.3ms
[2026-01-16T08:34:20.578+0000][gc,phases   ] GC(360)   Other: 1.3ms
[2026-01-16T08:34:20.579+0000][gc,heap     ] GC(360) Eden regions: 46->0(47)
[2026-01-16T08:34:20.589+0000][gc,heap     ] GC(360) Survivor regions: 5->4(7)
[2026-01-16T08:34:20.590+0000][gc,heap     ] GC(360) Old regions: 215->216
[2026-01-16T08:34:20.590+0000][gc,heap     ] GC(360) Humongous regions: 149->149
[2026-01-16T08:34:20.590+0000][gc,metaspace] GC(360) Metaspace: 14681K(14976K)->14681K(14976K) NonClass: 13021K(13184K)->13021K(13184K) Class: 1659K(1792K)->1659K(1792K)
[2026-01-16T08:34:20.596+0000][gc          ] GC(360) Pause Young (Normal) (G1 Evacuation Pause) 414M->368M(1024M) 228.606ms
[2026-01-16T08:34:20.604+0000][gc,cpu      ] GC(360) User=0.13s Sys=0.02s Real=0.23s
[2026-01-16T08:34:21.754+0000][gc,start    ] GC(361) Pause Young (Normal) (G1 Evacuation Pause)
[2026-01-16T08:34:21.763+0000][gc,task     ] GC(361) Using 8 workers of 8 for evacuation
[2026-01-16T08:34:21.944+0000][gc,phases   ] GC(361)   Pre Evacuate Collection Set: 6.5ms
[2026-01-16T08:34:21.945+0000][gc,phases   ] GC(361)   Merge Heap Roots: 6.1ms
[2026-01-16T08:34:21.946+0000][gc,phases   ] GC(361)   Evacuate Collection Set: 165.1ms
[2026-01-16T08:34:21.948+0000][gc,phases   ] GC(361)   Post Evacuate Collection Set: 1.8ms
[2026-01-16T08:34:21.949+0000][gc,phases   ] GC(361)   Other: 2.1ms
[2026-01-16T08:34:21.951+0000][gc,heap     ] GC(361) Eden regions: 47->0(46)
[2026-01-16T08:34:21.951+0000][gc,heap     ] GC(361) Survivor regions: 4->5(7)
[2026-01-16T08:34:21.952+0000][gc,heap     ] GC(361) Old regions: 216->216
[2026-01-16T08:34:21.952+0000][gc,heap     ] GC(361) Humongous regions: 149->149
[2026-01-16T08:34:21.953+0000][gc,metaspace] GC(361) Metaspace: 14681K(14976K)->14681K(14976K) NonClass: 13021K(13184K)->13021K(13184K) Class: 1659K(1792K)->1659K(1792K)
[2026-01-16T08:34:21.960+0000][gc          ] GC(361) Pause Young (Normal) (G1 Evacuation Pause) 415M->368M(1024M) 206.301ms
[2026-01-16T08:34:21.960+0000][gc,cpu      ] GC(361) User=0.11s Sys=0.00s Real=0.21s
[2026-01-16T08:34:22.657+0000][gc,start    ] GC(362) Pause Young (Normal) (G1 Evacuation Pause)
[2026-01-16T08:34:22.660+0000][gc,task     ] GC(362) Using 8 workers of 8 for evacuation
[2026-01-16T08:34:22.864+0000][gc,mmu      ] GC(362) MMU target violated: 201.0ms (200.0ms/201.0ms)
[2026-01-16T08:34:22.865+0000][gc,phases   ] GC(362)   Pre Evacuate Collection Set: 31.5ms
[2026-01-16T08:34:22.866+0000][gc,phases   ] GC(362)   Merge Heap Roots: 2.3ms
[2026-01-16T08:34:22.866+0000][gc,phases   ] GC(362)   Evacuate Collection Set: 164.5ms
[2026-01-16T08:34:22.868+0000][gc,phases   ] GC(362)   Post Evacuate Collection Set: 5.1ms
[2026-01-16T08:34:22.870+0000][gc,phases   ] GC(362)   Other: 2.1ms
[2026-01-16T08:34:22.871+0000][gc,heap     ] GC(362) Eden regions: 46->0(46)
[2026-01-16T08:34:22.872+0000][gc,heap     ] GC(362) Survivor regions: 5->5(7)
[2026-01-16T08:34:22.873+0000][gc,heap     ] GC(362) Old regions: 216->217
[2026-01-16T08:34:22.875+0000][gc,heap     ] GC(362) Humongous regions: 149->149
[2026-01-16T08:34:22.879+0000][gc,metaspace] GC(362) Metaspace: 14681K(14976K)->14681K(14976K) NonClass: 13021K(13184K)->13021K(13184K) Class: 1659K(1792K)->1659K(1792K)
[2026-01-16T08:34:22.879+0000][gc          ] GC(362) Pause Young (Normal) (G1 Evacuation Pause) 414M->369M(1024M) 221.874ms
[2026-01-16T08:34:22.880+0000][gc,cpu      ] GC(362) User=0.06s Sys=0.01s Real=0.22s
[2026-01-16T08:34:23.564+0000][gc,start    ] GC(363) Pause Young (Normal) (G1 Evacuation Pause)
[2026-01-16T08:34:23.565+0000][gc,task     ] GC(363) Using 8 workers of 8 for evacuation
[2026-01-16T08:34:23.954+0000][gc,mmu      ] GC(363) MMU target violated: 201.0ms (200.0ms/201.0ms)
[2026-01-16T08:34:23.957+0000][gc,phases   ] GC(363)   Pre Evacuate Collection Set: 94.4ms
[2026-01-16T08:34:23.960+0000][gc,phases   ] GC(363)   Merge Heap Roots: 3.7ms
[2026-01-16T08:34:23.965+0000][gc,phases   ] GC(363)   Evacuate Collection Set: 174.9ms
[2026-01-16T08:34:23.973+0000][gc,phases   ] GC(363)   Post Evacuate Collection Set: 113.4ms
[2026-01-16T08:34:23.973+0000][gc,phases   ] GC(363)   Other: 6.2ms
[2026-01-16T08:34:23.973+0000][gc,heap     ] GC(363) Eden regions: 46->0(47)
[2026-01-16T08:34:23.973+0000][gc,heap     ] GC(363) Survivor regions: 5->4(7)
[2026-01-16T08:34:23.974+0000][gc,heap     ] GC(363) Old regions: 217->217
[2026-01-16T08:34:23.974+0000][gc,heap     ] GC(363) Humongous regions: 149->149
[2026-01-16T08:34:23.974+0000][gc,metaspace] GC(363) Metaspace: 14681K(14976K)->14681K(14976K) NonClass: 13021K(13184K)->13021K(13184K) Class: 1659K(1792K)->1659K(1792K)
[2026-01-16T08:34:23.974+0000][gc          ] GC(363) Pause Young (Normal) (G1 Evacuation Pause) 415M->369M(1024M) 409.946ms
[2026-01-16T08:34:23.974+0000][gc,cpu      ] GC(363) User=0.11s Sys=0.01s Real=0.41s
[2026-01-16T08:34:25.036+0000][gc,start    ] GC(364) Pause Young (Normal) (G1 Evacuation Pause)
[2026-01-16T08:34:25.039+0000][gc,task     ] GC(364) Using 8 workers of 8 for evacuation
[2026-01-16T08:34:25.394+0000][gc,mmu      ] GC(364) MMU target violated: 201.0ms (200.0ms/201.0ms)
[2026-01-16T08:34:25.396+0000][gc,phases   ] GC(364)   Pre Evacuate Collection Set: 29.8ms
[2026-01-16T08:34:25.397+0000][gc,phases   ] GC(364)   Merge Heap Roots: 5.0ms
[2026-01-16T08:34:25.397+0000][gc,phases   ] GC(364)   Evacuate Collection Set: 291.5ms
[2026-01-16T08:34:25.398+0000][gc,phases   ] GC(364)   Post Evacuate Collection Set: 15.1ms
[2026-01-16T08:34:25.398+0000][gc,phases   ] GC(364)   Other: 16.0ms
[2026-01-16T08:34:25.398+0000][gc,heap     ] GC(364) Eden regions: 47->0(47)
[2026-01-16T08:34:25.400+0000][gc,heap     ] GC(364) Survivor regions: 4->4(7)
[2026-01-16T08:34:25.401+0000][gc,heap     ] GC(364) Old regions: 217->218
[2026-01-16T08:34:25.402+0000][gc,heap     ] GC(364) Humongous regions: 149->149
[2026-01-16T08:34:25.402+0000][gc,metaspace] GC(364) Metaspace: 14681K(14976K)->14681K(14976K) NonClass: 13021K(13184K)->13021K(13184K) Class: 1659K(1792K)->1659K(1792K)
[2026-01-16T08:34:25.403+0000][gc          ] GC(364) Pause Young (Normal) (G1 Evacuation Pause) 416M->370M(1024M) 366.960ms
[2026-01-16T08:34:25.403+0000][gc,cpu      ] GC(364) User=0.14s Sys=0.02s Real=0.36s
[2026-01-16T08:34:27.251+0000][gc,start    ] GC(365) Pause Young (Normal) (G1 Evacuation Pause)
[2026-01-16T08:34:27.270+0000][gc,task     ] GC(365) Using 8 workers of 8 for evacuation
[2026-01-16T08:34:27.957+0000][gc,mmu      ] GC(365) MMU target violated: 201.0ms (200.0ms/201.0ms)
[2026-01-16T08:34:27.959+0000][gc,phases   ] GC(365)   Pre Evacuate Collection Set: 12.0ms
[2026-01-16T08:34:27.961+0000][gc,phases   ] GC(365)   Merge Heap Roots: 2.1ms
[2026-01-16T08:34:27.961+0000][gc,phases   ] GC(365)   Evacuate Collection Set: 644.4ms
[2026-01-16T08:34:27.961+0000][gc,phases   ] GC(365)   Post Evacuate Collection Set: 25.4ms
[2026-01-16T08:34:27.962+0000][gc,phases   ] GC(365)   Other: 5.6ms
[2026-01-16T08:34:27.962+0000][gc,heap     ] GC(365) Eden regions: 47->0(46)
[2026-01-16T08:34:27.962+0000][gc,heap     ] GC(365) Survivor regions: 4->5(7)
[2026-01-16T08:34:27.962+0000][gc,heap     ] GC(365) Old regions: 218->219
[2026-01-16T08:34:27.963+0000][gc,heap     ] GC(365) Humongous regions: 149->149
[2026-01-16T08:34:27.963+0000][gc,metaspace] GC(365) Metaspace: 14681K(14976K)->14681K(14976K) NonClass: 13021K(13184K)->13021K(13184K) Class: 1659K(1792K)->1659K(1792K)
[2026-01-16T08:34:27.971+0000][gc          ] GC(365) Pause Young (Normal) (G1 Evacuation Pause) 417M->371M(1024M) 719.673ms
[2026-01-16T08:34:27.975+0000][gc,cpu      ] GC(365) User=0.17s Sys=0.03s Real=0.72s
[2026-01-16T08:34:29.400+0000][gc,start    ] GC(366) Pause Young (Normal) (G1 Evacuation Pause)
[2026-01-16T08:34:29.404+0000][gc,task     ] GC(366) Using 8 workers of 8 for evacuation
[2026-01-16T08:34:29.600+0000][gc,phases   ] GC(366)   Pre Evacuate Collection Set: 16.5ms
[2026-01-16T08:34:29.603+0000][gc,phases   ] GC(366)   Merge Heap Roots: 5.2ms
[2026-01-16T08:34:29.607+0000][gc,phases   ] GC(366)   Evacuate Collection Set: 147.8ms
[2026-01-16T08:34:29.608+0000][gc,phases   ] GC(366)   Post Evacuate Collection Set: 23.3ms
[2026-01-16T08:34:29.610+0000][gc,phases   ] GC(366)   Other: 4.3ms
[2026-01-16T08:34:29.614+0000][gc,heap     ] GC(366) Eden regions: 46->0(46)
[2026-01-16T08:34:29.614+0000][gc,heap     ] GC(366) Survivor regions: 5->5(7)
[2026-01-16T08:34:29.616+0000][gc,heap     ] GC(366) Old regions: 219->219
[2026-01-16T08:34:29.616+0000][gc,heap     ] GC(366) Humongous regions: 149->149
[2026-01-16T08:34:29.617+0000][gc,metaspace] GC(366) Metaspace: 14681K(14976K)->14681K(14976K) NonClass: 13021K(13184K)->13021K(13184K) Class: 1659K(1792K)->1659K(1792K)
[2026-01-16T08:34:29.617+0000][gc          ] GC(366) Pause Young (Normal) (G1 Evacuation Pause) 417M->372M(1024M) 216.969ms
[2026-01-16T08:34:29.618+0000][gc,cpu      ] GC(366) User=0.11s Sys=0.01s Real=0.22s
[2026-01-16T08:34:30.256+0000][gc,start    ] GC(367) Pause Young (Normal) (G1 Evacuation Pause)
[2026-01-16T08:34:30.257+0000][gc,task     ] GC(367) Using 8 workers of 8 for evacuation
[2026-01-16T08:34:30.370+0000][gc,phases   ] GC(367)   Pre Evacuate Collection Set: 0.5ms
[2026-01-16T08:34:30.371+0000][gc,phases   ] GC(367)   Merge Heap Roots: 0.9ms
[2026-01-16T08:34:30.371+0000][gc,phases   ] GC(367)   Evacuate Collection Set: 109.9ms
[2026-01-16T08:34:30.373+0000][gc,phases   ] GC(367)   Post Evacuate Collection Set: 1.4ms
[2026-01-16T08:34:30.374+0000][gc,phases   ] GC(367)   Other: 0.9ms
[2026-01-16T08:34:30.375+0000][gc,heap     ] GC(367) Eden regions: 46->0(46)
[2026-01-16T08:34:30.377+0000][gc,heap     ] GC(367) Survivor regions: 5->5(7)
[2026-01-16T08:34:30.378+0000][gc,heap     ] GC(367) Old regions: 219->220
[2026-01-16T08:34:30.378+0000][gc,heap     ] GC(367) Humongous regions: 149->149
[2026-01-16T08:34:30.379+0000][gc,metaspace] GC(367) Metaspace: 14698K(15104K)->14698K(15104K) NonClass: 13035K(13248K)->13035K(13248K) Class: 1663K(1856K)->1663K(1856K)
[2026-01-16T08:34:30.379+0000][gc          ] GC(367) Pause Young (Normal) (G1 Evacuation Pause) 418M->373M(1024M) 123.326ms
[2026-01-16T08:34:30.379+0000][gc,cpu      ] GC(367) User=0.05s Sys=0.01s Real=0.13s
[2026-01-16T08:34:31.649+0000][gc,start    ] GC(368) Pause Young (Normal) (G1 Evacuation Pause)
[2026-01-16T08:34:31.650+0000][gc,task     ] GC(368) Using 8 workers of 8 for evacuation
[2026-01-16T08:34:31.811+0000][gc,phases   ] GC(368)   Pre Evacuate Collection Set: 15.3ms
[2026-01-16T08:34:31.813+0000][gc,phases   ] GC(368)   Merge Heap Roots: 11.2ms
[2026-01-16T08:34:31.817+0000][gc,phases   ] GC(368)   Evacuate Collection Set: 110.8ms
[2026-01-16T08:34:31.817+0000][gc,phases   ] GC(368)   Post Evacuate Collection Set: 18.6ms
[2026-01-16T08:34:31.817+0000][gc,phases   ] GC(368)   Other: 5.0ms
[2026-01-16T08:34:31.818+0000][gc,heap     ] GC(368) Eden regions: 46->0(46)
[2026-01-16T08:34:31.819+0000][gc,heap     ] GC(368) Survivor regions: 5->5(7)
[2026-01-16T08:34:31.819+0000][gc,heap     ] GC(368) Old regions: 220->221
[2026-01-16T08:34:31.821+0000][gc,heap     ] GC(368) Humongous regions: 149->149
[2026-01-16T08:34:31.821+0000][gc,metaspace] GC(368) Metaspace: 14704K(15104K)->14704K(15104K) NonClass: 13040K(13248K)->13040K(13248K) Class: 1664K(1856K)->1664K(1856K)
[2026-01-16T08:34:31.822+0000][gc          ] GC(368) Pause Young (Normal) (G1 Evacuation Pause) 419M->374M(1024M) 172.609ms
[2026-01-16T08:34:31.822+0000][gc,cpu      ] GC(368) User=0.12s Sys=0.01s Real=0.17s
[2026-01-16T08:34:33.050+0000][gc,start    ] GC(369) Pause Young (Normal) (G1 Evacuation Pause)
[2026-01-16T08:34:33.050+0000][gc,task     ] GC(369) Using 8 workers of 8 for evacuation
[2026-01-16T08:34:33.293+0000][gc,mmu      ] GC(369) MMU target violated: 201.0ms (200.0ms/201.0ms)
[2026-01-16T08:34:33.296+0000][gc,phases   ] GC(369)   Pre Evacuate Collection Set: 60.8ms
[2026-01-16T08:34:33.296+0000][gc,phases   ] GC(369)   Merge Heap Roots: 1.0ms
[2026-01-16T08:34:33.297+0000][gc,phases   ] GC(369)   Evacuate Collection Set: 171.7ms
[2026-01-16T08:34:33.298+0000][gc,phases   ] GC(369)   Post Evacuate Collection Set: 8.5ms
[2026-01-16T08:34:33.298+0000][gc,phases   ] GC(369)   Other: 3.3ms
[2026-01-16T08:34:33.300+0000][gc,heap     ] GC(369) Eden regions: 46->0(47)
[2026-01-16T08:34:33.301+0000][gc,heap     ] GC(369) Survivor regions: 5->4(7)
[2026-01-16T08:34:33.302+0000][gc,heap     ] GC(369) Old regions: 221->222
[2026-01-16T08:34:33.302+0000][gc,heap     ] GC(369) Humongous regions: 149->149
[2026-01-16T08:34:33.303+0000][gc,metaspace] GC(369) Metaspace: 14725K(15104K)->14725K(15104K) NonClass: 13059K(13248K)->13059K(13248K) Class: 1665K(1856K)->1665K(1856K)
[2026-01-16T08:34:33.306+0000][gc          ] GC(369) Pause Young (Normal) (G1 Evacuation Pause) 420M->374M(1024M) 256.744ms
[2026-01-16T08:34:33.307+0000][gc,cpu      ] GC(369) User=0.11s Sys=0.01s Real=0.26s
[2026-01-16T08:34:35.947+0000][gc,start    ] GC(370) Pause Young (Normal) (G1 Evacuation Pause)
[2026-01-16T08:34:35.948+0000][gc,task     ] GC(370) Using 8 workers of 8 for evacuation
[2026-01-16T08:34:36.218+0000][gc,mmu      ] GC(370) MMU target violated: 201.0ms (200.0ms/201.0ms)
[2026-01-16T08:34:36.222+0000][gc,phases   ] GC(370)   Pre Evacuate Collection Set: 18.5ms
[2026-01-16T08:34:36.224+0000][gc,phases   ] GC(370)   Merge Heap Roots: 0.7ms
[2026-01-16T08:34:36.225+0000][gc,phases   ] GC(370)   Evacuate Collection Set: 235.7ms
[2026-01-16T08:34:36.227+0000][gc,phases   ] GC(370)   Post Evacuate Collection Set: 12.4ms
[2026-01-16T08:34:36.227+0000][gc,phases   ] GC(370)   Other: 7.1ms
[2026-01-16T08:34:36.228+0000][gc,heap     ] GC(370) Eden regions: 47->0(47)
[2026-01-16T08:34:36.229+0000][gc,heap     ] GC(370) Survivor regions: 4->4(7)
[2026-01-16T08:34:36.230+0000][gc,heap     ] GC(370) Old regions: 222->223
[2026-01-16T08:34:36.231+0000][gc,heap     ] GC(370) Humongous regions: 149->149
[2026-01-16T08:34:36.231+0000][gc,metaspace] GC(370) Metaspace: 14785K(15232K)->14785K(15232K) NonClass: 13110K(13312K)->13110K(13312K) Class: 1674K(1920K)->1674K(1920K)
[2026-01-16T08:34:36.232+0000][gc          ] GC(370) Pause Young (Normal) (G1 Evacuation Pause) 421M->375M(1024M) 285.080ms
[2026-01-16T08:34:36.235+0000][gc,cpu      ] GC(370) User=0.12s Sys=0.02s Real=0.30s
[2026-01-16T08:34:38.081+0000][gc,start    ] GC(371) Pause Young (Normal) (G1 Evacuation Pause)
[2026-01-16T08:34:38.084+0000][gc,task     ] GC(371) Using 8 workers of 8 for evacuation
[2026-01-16T08:34:38.240+0000][gc,phases   ] GC(371)   Pre Evacuate Collection Set: 24.0ms
[2026-01-16T08:34:38.240+0000][gc,phases   ] GC(371)   Merge Heap Roots: 1.4ms
[2026-01-16T08:34:38.241+0000][gc,phases   ] GC(371)   Evacuate Collection Set: 120.8ms
[2026-01-16T08:34:38.241+0000][gc,phases   ] GC(371)   Post Evacuate Collection Set: 9.2ms
[2026-01-16T08:34:38.241+0000][gc,phases   ] GC(371)   Other: 0.9ms
[2026-01-16T08:34:38.241+0000][gc,heap     ] GC(371) Eden regions: 47->0(47)
[2026-01-16T08:34:38.242+0000][gc,heap     ] GC(371) Survivor regions: 4->4(7)
[2026-01-16T08:34:38.242+0000][gc,heap     ] GC(371) Old regions: 223->224
[2026-01-16T08:34:38.243+0000][gc,heap     ] GC(371) Humongous regions: 149->149
[2026-01-16T08:34:38.243+0000][gc,metaspace] GC(371) Metaspace: 14795K(15232K)->14795K(15232K) NonClass: 13120K(13312K)->13120K(13312K) Class: 1674K(1920K)->1674K(1920K)
[2026-01-16T08:34:38.244+0000][gc          ] GC(371) Pause Young (Normal) (G1 Evacuation Pause) 422M->376M(1024M) 162.600ms
[2026-01-16T08:34:38.244+0000][gc,cpu      ] GC(371) User=0.10s Sys=0.00s Real=0.17s
[2026-01-16T08:34:39.149+0000][gc,start    ] GC(372) Pause Young (Normal) (G1 Evacuation Pause)
[2026-01-16T08:34:39.151+0000][gc,task     ] GC(372) Using 8 workers of 8 for evacuation
[2026-01-16T08:34:39.333+0000][gc,phases   ] GC(372)   Pre Evacuate Collection Set: 0.4ms
[2026-01-16T08:34:39.335+0000][gc,phases   ] GC(372)   Merge Heap Roots: 0.1ms
[2026-01-16T08:34:39.337+0000][gc,phases   ] GC(372)   Evacuate Collection Set: 170.3ms
[2026-01-16T08:34:39.338+0000][gc,phases   ] GC(372)   Post Evacuate Collection Set: 4.8ms
[2026-01-16T08:34:39.338+0000][gc,phases   ] GC(372)   Other: 6.2ms
[2026-01-16T08:34:39.338+0000][gc,heap     ] GC(372) Eden regions: 47->0(46)
[2026-01-16T08:34:39.340+0000][gc,heap     ] GC(372) Survivor regions: 4->5(7)
[2026-01-16T08:34:39.341+0000][gc,heap     ] GC(372) Old regions: 224->224
[2026-01-16T08:34:39.342+0000][gc,heap     ] GC(372) Humongous regions: 149->149
[2026-01-16T08:34:39.343+0000][gc,metaspace] GC(372) Metaspace: 14799K(15232K)->14799K(15232K) NonClass: 13124K(13312K)->13124K(13312K) Class: 1674K(1920K)->1674K(1920K)
[2026-01-16T08:34:39.343+0000][gc          ] GC(372) Pause Young (Normal) (G1 Evacuation Pause) 423M->377M(1024M) 194.573ms
[2026-01-16T08:34:39.345+0000][gc,cpu      ] GC(372) User=0.07s Sys=0.01s Real=0.20s
[2026-01-16T08:34:39.848+0000][gc,start    ] GC(373) Pause Young (Normal) (G1 Evacuation Pause)
[2026-01-16T08:34:39.849+0000][gc,task     ] GC(373) Using 8 workers of 8 for evacuation
[2026-01-16T08:34:40.017+0000][gc,phases   ] GC(373)   Pre Evacuate Collection Set: 11.0ms
[2026-01-16T08:34:40.018+0000][gc,phases   ] GC(373)   Merge Heap Roots: 5.0ms
[2026-01-16T08:34:40.018+0000][gc,phases   ] GC(373)   Evacuate Collection Set: 144.0ms
[2026-01-16T08:34:40.019+0000][gc,phases   ] GC(373)   Post Evacuate Collection Set: 2.2ms
[2026-01-16T08:34:40.020+0000][gc,phases   ] GC(373)   Other: 5.5ms
[2026-01-16T08:34:40.021+0000][gc,heap     ] GC(373) Eden regions: 46->0(95)
[2026-01-16T08:34:40.022+0000][gc,heap     ] GC(373) Survivor regions: 5->4(7)
[2026-01-16T08:34:40.022+0000][gc,heap     ] GC(373) Old regions: 224->225
[2026-01-16T08:34:40.024+0000][gc,heap     ] GC(373) Humongous regions: 149->149
[2026-01-16T08:34:40.025+0000][gc,metaspace] GC(373) Metaspace: 14799K(15232K)->14799K(15232K) NonClass: 13124K(13312K)->13124K(13312K) Class: 1674K(1920K)->1674K(1920K)
[2026-01-16T08:34:40.028+0000][gc          ] GC(373) Pause Young (Normal) (G1 Evacuation Pause) 423M->377M(1024M) 179.804ms
[2026-01-16T08:34:40.028+0000][gc,cpu      ] GC(373) User=0.10s Sys=0.02s Real=0.18s
[2026-01-16T08:34:41.795+0000][gc,start    ] GC(374) Pause Young (Normal) (G1 Evacuation Pause)
[2026-01-16T08:34:41.796+0000][gc,task     ] GC(374) Using 8 workers of 8 for evacuation
[2026-01-16T08:34:42.074+0000][gc,mmu      ] GC(374) MMU target violated: 201.0ms (200.0ms/201.0ms)
[2026-01-16T08:34:42.074+0000][gc,phases   ] GC(374)   Pre Evacuate Collection Set: 19.0ms
[2026-01-16T08:34:42.077+0000][gc,phases   ] GC(374)   Merge Heap Roots: 0.4ms
[2026-01-16T08:34:42.077+0000][gc,phases   ] GC(374)   Evacuate Collection Set: 249.2ms
[2026-01-16T08:34:42.077+0000][gc,phases   ] GC(374)   Post Evacuate Collection Set: 5.1ms
[2026-01-16T08:34:42.077+0000][gc,phases   ] GC(374)   Other: 5.0ms
[2026-01-16T08:34:42.077+0000][gc,heap     ] GC(374) Eden regions: 79->0(46)
[2026-01-16T08:34:42.077+0000][gc,heap     ] GC(374) Survivor regions: 4->5(11)
[2026-01-16T08:34:42.077+0000][gc,heap     ] GC(374) Old regions: 225->225
[2026-01-16T08:34:42.077+0000][gc,heap     ] GC(374) Humongous regions: 149->149
[2026-01-16T08:34:42.077+0000][gc,metaspace] GC(374) Metaspace: 14815K(15232K)->14815K(15232K) NonClass: 13140K(13312K)->13140K(13312K) Class: 1674K(1920K)->1674K(1920K)
[2026-01-16T08:34:42.077+0000][gc          ] GC(374) Pause Young (Normal) (G1 Evacuation Pause) 456M->378M(1024M) 282.624ms
[2026-01-16T08:34:42.077+0000][gc,cpu      ] GC(374) User=0.30s Sys=0.02s Real=0.28s
[2026-01-16T08:34:42.719+0000][gc,start    ] GC(375) Pause Young (Normal) (G1 Evacuation Pause)
[2026-01-16T08:34:42.720+0000][gc,task     ] GC(375) Using 8 workers of 8 for evacuation
[2026-01-16T08:34:42.875+0000][gc,phases   ] GC(375)   Pre Evacuate Collection Set: 0.8ms
[2026-01-16T08:34:42.879+0000][gc,phases   ] GC(375)   Merge Heap Roots: 0.2ms
[2026-01-16T08:34:42.880+0000][gc,phases   ] GC(375)   Evacuate Collection Set: 147.1ms
[2026-01-16T08:34:42.880+0000][gc,phases   ] GC(375)   Post Evacuate Collection Set: 6.9ms
[2026-01-16T08:34:42.880+0000][gc,phases   ] GC(375)   Other: 0.4ms
[2026-01-16T08:34:42.880+0000][gc,heap     ] GC(375) Eden regions: 46->0(59)
[2026-01-16T08:34:42.881+0000][gc,heap     ] GC(375) Survivor regions: 5->4(7)
[2026-01-16T08:34:42.882+0000][gc,heap     ] GC(375) Old regions: 225->227
[2026-01-16T08:34:42.882+0000][gc,heap     ] GC(375) Humongous regions: 149->149
[2026-01-16T08:34:42.882+0000][gc,metaspace] GC(375) Metaspace: 14815K(15232K)->14815K(15232K) NonClass: 13140K(13312K)->13140K(13312K) Class: 1674K(1920K)->1674K(1920K)
[2026-01-16T08:34:42.883+0000][gc          ] GC(375) Pause Young (Normal) (G1 Evacuation Pause) 424M->379M(1024M) 163.656ms
[2026-01-16T08:34:42.883+0000][gc,cpu      ] GC(375) User=0.05s Sys=0.05s Real=0.16s
[2026-01-16T08:34:43.733+0000][gc,start    ] GC(376) Pause Young (Normal) (G1 Evacuation Pause)
[2026-01-16T08:34:43.755+0000][gc,task     ] GC(376) Using 8 workers of 8 for evacuation
[2026-01-16T08:34:44.083+0000][gc,mmu      ] GC(376) MMU target violated: 201.0ms (200.0ms/201.0ms)
[2026-01-16T08:34:44.085+0000][gc,phases   ] GC(376)   Pre Evacuate Collection Set: 27.5ms
[2026-01-16T08:34:44.086+0000][gc,phases   ] GC(376)   Merge Heap Roots: 1.2ms
[2026-01-16T08:34:44.087+0000][gc,phases   ] GC(376)   Evacuate Collection Set: 289.5ms
[2026-01-16T08:34:44.087+0000][gc,phases   ] GC(376)   Post Evacuate Collection Set: 9.3ms
[2026-01-16T08:34:44.088+0000][gc,phases   ] GC(376)   Other: 2.6ms
[2026-01-16T08:34:44.089+0000][gc,heap     ] GC(376) Eden regions: 54->0(46)
[2026-01-16T08:34:44.090+0000][gc,heap     ] GC(376) Survivor regions: 4->5(8)
[2026-01-16T08:34:44.090+0000][gc,heap     ] GC(376) Old regions: 227->227
[2026-01-16T08:34:44.090+0000][gc,heap     ] GC(376) Humongous regions: 149->149
[2026-01-16T08:34:44.091+0000][gc,metaspace] GC(376) Metaspace: 14816K(15232K)->14816K(15232K) NonClass: 13142K(13312K)->13142K(13312K) Class: 1674K(1920K)->1674K(1920K)
[2026-01-16T08:34:44.096+0000][gc          ] GC(376) Pause Young (Normal) (G1 Evacuation Pause) 433M->379M(1024M) 363.038ms
[2026-01-16T08:34:44.097+0000][gc,cpu      ] GC(376) User=0.15s Sys=0.02s Real=0.37s
[2026-01-16T08:34:45.678+0000][gc,start    ] GC(377) Pause Young (Normal) (G1 Evacuation Pause)
[2026-01-16T08:34:45.679+0000][gc,task     ] GC(377) Using 8 workers of 8 for evacuation
[2026-01-16T08:34:45.936+0000][gc,mmu      ] GC(377) MMU target violated: 201.0ms (200.0ms/201.0ms)
[2026-01-16T08:34:45.945+0000][gc,phases   ] GC(377)   Pre Evacuate Collection Set: 35.1ms
[2026-01-16T08:34:45.950+0000][gc,phases   ] GC(377)   Merge Heap Roots: 1.8ms
[2026-01-16T08:34:45.951+0000][gc,phases   ] GC(377)   Evacuate Collection Set: 207.9ms
[2026-01-16T08:34:45.955+0000][gc,phases   ] GC(377)   Post Evacuate Collection Set: 10.8ms
[2026-01-16T08:34:45.956+0000][gc,phases   ] GC(377)   Other: 11.4ms
[2026-01-16T08:34:45.956+0000][gc,heap     ] GC(377) Eden regions: 46->0(47)
[2026-01-16T08:34:45.969+0000][gc,heap     ] GC(377) Survivor regions: 5->4(7)
[2026-01-16T08:34:45.969+0000][gc,heap     ] GC(377) Old regions: 227->228
[2026-01-16T08:34:45.969+0000][gc,heap     ] GC(377) Humongous regions: 149->149
[2026-01-16T08:34:45.969+0000][gc,metaspace] GC(377) Metaspace: 14820K(15232K)->14820K(15232K) NonClass: 13146K(13312K)->13146K(13312K) Class: 1674K(1920K)->1674K(1920K)
[2026-01-16T08:34:45.969+0000][gc          ] GC(377) Pause Young (Normal) (G1 Evacuation Pause) 425M->380M(1024M) 291.493ms
[2026-01-16T08:34:45.969+0000][gc,cpu      ] GC(377) User=0.12s Sys=0.05s Real=0.29s
[2026-01-16T08:34:46.715+0000][gc,start    ] GC(378) Pause Young (Normal) (G1 Evacuation Pause)
[2026-01-16T08:34:46.718+0000][gc,task     ] GC(378) Using 8 workers of 8 for evacuation
[2026-01-16T08:34:46.884+0000][gc,phases   ] GC(378)   Pre Evacuate Collection Set: 41.6ms
[2026-01-16T08:34:46.885+0000][gc,phases   ] GC(378)   Merge Heap Roots: 0.4ms
[2026-01-16T08:34:46.887+0000][gc,phases   ] GC(378)   Evacuate Collection Set: 104.6ms
[2026-01-16T08:34:46.888+0000][gc,phases   ] GC(378)   Post Evacuate Collection Set: 15.0ms
[2026-01-16T08:34:46.888+0000][gc,phases   ] GC(378)   Other: 4.2ms
[2026-01-16T08:34:46.888+0000][gc,heap     ] GC(378) Eden regions: 47->0(46)
[2026-01-16T08:34:46.888+0000][gc,heap     ] GC(378) Survivor regions: 4->5(7)
[2026-01-16T08:34:46.888+0000][gc,heap     ] GC(378) Old regions: 228->229
[2026-01-16T08:34:46.888+0000][gc,heap     ] GC(378) Humongous regions: 149->149
[2026-01-16T08:34:46.890+0000][gc,metaspace] GC(378) Metaspace: 14821K(15232K)->14821K(15232K) NonClass: 13146K(13312K)->13146K(13312K) Class: 1674K(1920K)->1674K(1920K)
[2026-01-16T08:34:46.890+0000][gc          ] GC(378) Pause Young (Normal) (G1 Evacuation Pause) 427M->381M(1024M) 174.605ms
[2026-01-16T08:34:46.890+0000][gc,cpu      ] GC(378) User=0.05s Sys=0.03s Real=0.17s
[2026-01-16T08:34:48.429+0000][gc,start    ] GC(379) Pause Young (Normal) (G1 Evacuation Pause)
[2026-01-16T08:34:48.430+0000][gc,task     ] GC(379) Using 8 workers of 8 for evacuation
[2026-01-16T08:34:48.783+0000][gc,mmu      ] GC(379) MMU target violated: 201.0ms (200.0ms/201.0ms)
[2026-01-16T08:34:48.787+0000][gc,phases   ] GC(379)   Pre Evacuate Collection Set: 25.7ms
[2026-01-16T08:34:48.787+0000][gc,phases   ] GC(379)   Merge Heap Roots: 0.6ms
[2026-01-16T08:34:48.787+0000][gc,phases   ] GC(379)   Evacuate Collection Set: 297.9ms
[2026-01-16T08:34:48.787+0000][gc,phases   ] GC(379)   Post Evacuate Collection Set: 28.1ms
[2026-01-16T08:34:48.788+0000][gc,phases   ] GC(379)   Other: 4.6ms
[2026-01-16T08:34:48.788+0000][gc,heap     ] GC(379) Eden regions: 46->0(47)
[2026-01-16T08:34:48.788+0000][gc,heap     ] GC(379) Survivor regions: 5->4(7)
[2026-01-16T08:34:48.788+0000][gc,heap     ] GC(379) Old regions: 229->230
[2026-01-16T08:34:48.789+0000][gc,heap     ] GC(379) Humongous regions: 149->149
[2026-01-16T08:34:48.789+0000][gc,metaspace] GC(379) Metaspace: 14832K(15232K)->14832K(15232K) NonClass: 13158K(13312K)->13158K(13312K) Class: 1674K(1920K)->1674K(1920K)
[2026-01-16T08:34:48.793+0000][gc          ] GC(379) Pause Young (Normal) (G1 Evacuation Pause) 427M->382M(1024M) 363.986ms
[2026-01-16T08:34:48.793+0000][gc,cpu      ] GC(379) User=0.16s Sys=0.07s Real=0.37s
[2026-01-16T08:34:49.666+0000][gc,start    ] GC(380) Pause Young (Normal) (G1 Evacuation Pause)
[2026-01-16T08:34:49.668+0000][gc,task     ] GC(380) Using 8 workers of 8 for evacuation
[2026-01-16T08:34:49.746+0000][gc,phases   ] GC(380)   Pre Evacuate Collection Set: 4.9ms
[2026-01-16T08:34:49.750+0000][gc,phases   ] GC(380)   Merge Heap Roots: 3.5ms
[2026-01-16T08:34:49.752+0000][gc,phases   ] GC(380)   Evacuate Collection Set: 65.5ms
[2026-01-16T08:34:49.754+0000][gc,phases   ] GC(380)   Post Evacuate Collection Set: 3.1ms
[2026-01-16T08:34:49.755+0000][gc,phases   ] GC(380)   Other: 1.2ms
[2026-01-16T08:34:49.755+0000][gc,heap     ] GC(380) Eden regions: 47->0(47)
[2026-01-16T08:34:49.757+0000][gc,heap     ] GC(380) Survivor regions: 4->4(7)
[2026-01-16T08:34:49.759+0000][gc,heap     ] GC(380) Old regions: 230->230
[2026-01-16T08:34:49.762+0000][gc,heap     ] GC(380) Humongous regions: 149->149
[2026-01-16T08:34:49.763+0000][gc,metaspace] GC(380) Metaspace: 14834K(15232K)->14834K(15232K) NonClass: 13159K(13312K)->13159K(13312K) Class: 1674K(1920K)->1674K(1920K)
[2026-01-16T08:34:49.768+0000][gc          ] GC(380) Pause Young (Normal) (G1 Evacuation Pause) 429M->382M(1024M) 101.301ms
[2026-01-16T08:34:49.769+0000][gc,cpu      ] GC(380) User=0.05s Sys=0.00s Real=0.10s
[2026-01-16T08:34:51.084+0000][gc,start    ] GC(381) Pause Young (Normal) (G1 Evacuation Pause)
[2026-01-16T08:34:51.086+0000][gc,task     ] GC(381) Using 8 workers of 8 for evacuation
[2026-01-16T08:34:51.196+0000][gc,phases   ] GC(381)   Pre Evacuate Collection Set: 3.7ms
[2026-01-16T08:34:51.198+0000][gc,phases   ] GC(381)   Merge Heap Roots: 0.4ms
[2026-01-16T08:34:51.199+0000][gc,phases   ] GC(381)   Evacuate Collection Set: 92.9ms
[2026-01-16T08:34:51.200+0000][gc,phases   ] GC(381)   Post Evacuate Collection Set: 11.3ms
[2026-01-16T08:34:51.200+0000][gc,phases   ] GC(381)   Other: 1.7ms
[2026-01-16T08:34:51.203+0000][gc,heap     ] GC(381) Eden regions: 50->0(46)
[2026-01-16T08:34:51.205+0000][gc,heap     ] GC(381) Survivor regions: 4->5(7)
[2026-01-16T08:34:51.205+0000][gc,heap     ] GC(381) Old regions: 230->230
[2026-01-16T08:34:51.206+0000][gc,heap     ] GC(381) Humongous regions: 149->149
[2026-01-16T08:34:51.207+0000][gc,metaspace] GC(381) Metaspace: 14841K(15232K)->14841K(15232K) NonClass: 13166K(13312K)->13166K(13312K) Class: 1674K(1920K)->1674K(1920K)
[2026-01-16T08:34:51.210+0000][gc          ] GC(381) Pause Young (Normal) (G1 Evacuation Pause) 432M->383M(1024M) 125.940ms
[2026-01-16T08:34:51.210+0000][gc,cpu      ] GC(381) User=0.11s Sys=0.00s Real=0.12s
[2026-01-16T08:34:51.819+0000][gc,start    ] GC(382) Pause Young (Normal) (G1 Evacuation Pause)
[2026-01-16T08:34:51.819+0000][gc,task     ] GC(382) Using 8 workers of 8 for evacuation
[2026-01-16T08:34:51.856+0000][gc,phases   ] GC(382)   Pre Evacuate Collection Set: 0.7ms
[2026-01-16T08:34:51.857+0000][gc,phases   ] GC(382)   Merge Heap Roots: 0.2ms
[2026-01-16T08:34:51.857+0000][gc,phases   ] GC(382)   Evacuate Collection Set: 33.9ms
[2026-01-16T08:34:51.858+0000][gc,phases   ] GC(382)   Post Evacuate Collection Set: 1.7ms
[2026-01-16T08:34:51.858+0000][gc,phases   ] GC(382)   Other: 0.6ms
[2026-01-16T08:34:51.860+0000][gc,heap     ] GC(382) Eden regions: 46->0(139)
[2026-01-16T08:34:51.861+0000][gc,heap     ] GC(382) Survivor regions: 5->5(7)
[2026-01-16T08:34:51.861+0000][gc,heap     ] GC(382) Old regions: 230->231
[2026-01-16T08:34:51.862+0000][gc,heap     ] GC(382) Humongous regions: 149->149
[2026-01-16T08:34:51.864+0000][gc,metaspace] GC(382) Metaspace: 14846K(15232K)->14846K(15232K) NonClass: 13171K(13312K)->13171K(13312K) Class: 1674K(1920K)->1674K(1920K)
[2026-01-16T08:34:51.865+0000][gc          ] GC(382) Pause Young (Normal) (G1 Evacuation Pause) 429M->384M(1024M) 46.235ms
[2026-01-16T08:34:51.865+0000][gc,cpu      ] GC(382) User=0.03s Sys=0.01s Real=0.05s
[2026-01-16T08:34:59.457+0000][gc,start    ] GC(383) Pause Young (Normal) (G1 Evacuation Pause)
[2026-01-16T08:34:59.465+0000][gc,task     ] GC(383) Using 8 workers of 8 for evacuation
[2026-01-16T08:35:00.837+0000][gc,mmu      ] GC(383) MMU target violated: 201.0ms (200.0ms/201.0ms)
[2026-01-16T08:35:00.838+0000][gc,phases   ] GC(383)   Pre Evacuate Collection Set: 45.7ms
[2026-01-16T08:35:00.840+0000][gc,phases   ] GC(383)   Merge Heap Roots: 6.0ms
[2026-01-16T08:35:00.843+0000][gc,phases   ] GC(383)   Evacuate Collection Set: 1261.2ms
[2026-01-16T08:35:00.849+0000][gc,phases   ] GC(383)   Post Evacuate Collection Set: 55.3ms
[2026-01-16T08:35:00.853+0000][gc,phases   ] GC(383)   Other: 5.9ms
[2026-01-16T08:35:00.858+0000][gc,heap     ] GC(383) Eden regions: 142->0(44)
[2026-01-16T08:35:00.860+0000][gc,heap     ] GC(383) Survivor regions: 5->7(19)
[2026-01-16T08:35:00.871+0000][gc,heap     ] GC(383) Old regions: 231->231
[2026-01-16T08:35:00.873+0000][gc,heap     ] GC(383) Humongous regions: 149->149
[2026-01-16T08:35:00.874+0000][gc,metaspace] GC(383) Metaspace: 14889K(15296K)->14889K(15296K) NonClass: 13214K(13376K)->13214K(13376K) Class: 1674K(1920K)->1674K(1920K)
[2026-01-16T08:35:00.876+0000][gc          ] GC(383) Pause Young (Normal) (G1 Evacuation Pause) 526M->386M(1024M) 1418.899ms
[2026-01-16T08:35:00.877+0000][gc,cpu      ] GC(383) User=0.83s Sys=0.07s Real=1.42s
[2026-01-16T08:35:02.165+0000][gc,start    ] GC(384) Pause Young (Normal) (G1 Evacuation Pause)
[2026-01-16T08:35:02.166+0000][gc,task     ] GC(384) Using 8 workers of 8 for evacuation
[2026-01-16T08:35:02.274+0000][gc,phases   ] GC(384)   Pre Evacuate Collection Set: 14.7ms
[2026-01-16T08:35:02.277+0000][gc,phases   ] GC(384)   Merge Heap Roots: 1.6ms
[2026-01-16T08:35:02.277+0000][gc,phases   ] GC(384)   Evacuate Collection Set: 87.9ms
[2026-01-16T08:35:02.277+0000][gc,phases   ] GC(384)   Post Evacuate Collection Set: 3.4ms
[2026-01-16T08:35:02.278+0000][gc,phases   ] GC(384)   Other: 0.6ms
[2026-01-16T08:35:02.278+0000][gc,heap     ] GC(384) Eden regions: 44->0(46)
[2026-01-16T08:35:02.279+0000][gc,heap     ] GC(384) Survivor regions: 7->5(7)
[2026-01-16T08:35:02.279+0000][gc,heap     ] GC(384) Old regions: 231->234
[2026-01-16T08:35:02.279+0000][gc,heap     ] GC(384) Humongous regions: 149->149
[2026-01-16T08:35:02.280+0000][gc,metaspace] GC(384) Metaspace: 14894K(15296K)->14894K(15296K) NonClass: 13219K(13376K)->13219K(13376K) Class: 1674K(1920K)->1674K(1920K)
[2026-01-16T08:35:02.281+0000][gc          ] GC(384) Pause Young (Normal) (G1 Evacuation Pause) 430M->386M(1024M) 116.137ms
[2026-01-16T08:35:02.282+0000][gc,cpu      ] GC(384) User=0.14s Sys=0.03s Real=0.11s
[2026-01-16T08:35:03.170+0000][gc,start    ] GC(385) Pause Young (Normal) (G1 Evacuation Pause)
[2026-01-16T08:35:03.172+0000][gc,task     ] GC(385) Using 8 workers of 8 for evacuation
[2026-01-16T08:35:03.218+0000][gc,phases   ] GC(385)   Pre Evacuate Collection Set: 1.4ms
[2026-01-16T08:35:03.220+0000][gc,phases   ] GC(385)   Merge Heap Roots: 0.1ms
[2026-01-16T08:35:03.222+0000][gc,phases   ] GC(385)   Evacuate Collection Set: 41.7ms
[2026-01-16T08:35:03.222+0000][gc,phases   ] GC(385)   Post Evacuate Collection Set: 2.0ms
[2026-01-16T08:35:03.222+0000][gc,phases   ] GC(385)   Other: 1.3ms
[2026-01-16T08:35:03.223+0000][gc,heap     ] GC(385) Eden regions: 46->0(46)
[2026-01-16T08:35:03.223+0000][gc,heap     ] GC(385) Survivor regions: 5->5(7)
[2026-01-16T08:35:03.223+0000][gc,heap     ] GC(385) Old regions: 234->235
[2026-01-16T08:35:03.223+0000][gc,heap     ] GC(385) Humongous regions: 149->149
[2026-01-16T08:35:03.224+0000][gc,metaspace] GC(385) Metaspace: 14894K(15296K)->14894K(15296K) NonClass: 13219K(13376K)->13219K(13376K) Class: 1674K(1920K)->1674K(1920K)
[2026-01-16T08:35:03.225+0000][gc          ] GC(385) Pause Young (Normal) (G1 Evacuation Pause) 432M->387M(1024M) 54.053ms
[2026-01-16T08:35:03.225+0000][gc,cpu      ] GC(385) User=0.06s Sys=0.01s Real=0.05s
[2026-01-16T08:35:03.773+0000][gc,start    ] GC(386) Pause Young (Normal) (G1 Evacuation Pause)
[2026-01-16T08:35:03.778+0000][gc,task     ] GC(386) Using 8 workers of 8 for evacuation
[2026-01-16T08:35:03.899+0000][gc,phases   ] GC(386)   Pre Evacuate Collection Set: 12.1ms
[2026-01-16T08:35:03.899+0000][gc,phases   ] GC(386)   Merge Heap Roots: 4.9ms
[2026-01-16T08:35:03.902+0000][gc,phases   ] GC(386)   Evacuate Collection Set: 97.7ms
[2026-01-16T08:35:03.903+0000][gc,phases   ] GC(386)   Post Evacuate Collection Set: 2.1ms
[2026-01-16T08:35:03.905+0000][gc,phases   ] GC(386)   Other: 5.4ms
[2026-01-16T08:35:03.906+0000][gc,heap     ] GC(386) Eden regions: 46->0(46)
[2026-01-16T08:35:03.911+0000][gc,heap     ] GC(386) Survivor regions: 5->5(7)
[2026-01-16T08:35:03.913+0000][gc,heap     ] GC(386) Old regions: 235->236
[2026-01-16T08:35:03.914+0000][gc,heap     ] GC(386) Humongous regions: 149->149
[2026-01-16T08:35:03.914+0000][gc,metaspace] GC(386) Metaspace: 14895K(15296K)->14895K(15296K) NonClass: 13220K(13376K)->13220K(13376K) Class: 1674K(1920K)->1674K(1920K)
[2026-01-16T08:35:03.915+0000][gc          ] GC(386) Pause Young (Normal) (G1 Evacuation Pause) 433M->388M(1024M) 141.297ms
[2026-01-16T08:35:03.915+0000][gc,cpu      ] GC(386) User=0.09s Sys=0.04s Real=0.14s
[2026-01-16T08:35:06.196+0000][gc,start    ] GC(387) Pause Young (Normal) (G1 Evacuation Pause)
[2026-01-16T08:35:06.201+0000][gc,task     ] GC(387) Using 8 workers of 8 for evacuation
[2026-01-16T08:35:06.368+0000][gc,phases   ] GC(387)   Pre Evacuate Collection Set: 12.0ms
[2026-01-16T08:35:06.369+0000][gc,phases   ] GC(387)   Merge Heap Roots: 1.0ms
[2026-01-16T08:35:06.370+0000][gc,phases   ] GC(387)   Evacuate Collection Set: 149.2ms
[2026-01-16T08:35:06.371+0000][gc,phases   ] GC(387)   Post Evacuate Collection Set: 4.5ms
[2026-01-16T08:35:06.371+0000][gc,phases   ] GC(387)   Other: 2.6ms
[2026-01-16T08:35:06.371+0000][gc,heap     ] GC(387) Eden regions: 46->0(48)
[2026-01-16T08:35:06.371+0000][gc,heap     ] GC(387) Survivor regions: 5->3(7)
[2026-01-16T08:35:06.373+0000][gc,heap     ] GC(387) Old regions: 236->238
[2026-01-16T08:35:06.373+0000][gc,heap     ] GC(387) Humongous regions: 149->149
[2026-01-16T08:35:06.373+0000][gc,metaspace] GC(387) Metaspace: 14898K(15296K)->14898K(15296K) NonClass: 13223K(13376K)->13223K(13376K) Class: 1674K(1920K)->1674K(1920K)
[2026-01-16T08:35:06.376+0000][gc          ] GC(387) Pause Young (Normal) (G1 Evacuation Pause) 434M->388M(1024M) 179.128ms
[2026-01-16T08:35:06.376+0000][gc,cpu      ] GC(387) User=0.09s Sys=0.03s Real=0.18s
[2026-01-16T08:35:08.381+0000][gc,start    ] GC(388) Pause Young (Normal) (G1 Evacuation Pause)
[2026-01-16T08:35:08.383+0000][gc,task     ] GC(388) Using 8 workers of 8 for evacuation
[2026-01-16T08:35:08.649+0000][gc,mmu      ] GC(388) MMU target violated: 201.0ms (200.0ms/201.0ms)
[2026-01-16T08:35:08.650+0000][gc,phases   ] GC(388)   Pre Evacuate Collection Set: 12.9ms
[2026-01-16T08:35:08.652+0000][gc,phases   ] GC(388)   Merge Heap Roots: 10.1ms
[2026-01-16T08:35:08.652+0000][gc,phases   ] GC(388)   Evacuate Collection Set: 239.1ms
[2026-01-16T08:35:08.653+0000][gc,phases   ] GC(388)   Post Evacuate Collection Set: 1.6ms
[2026-01-16T08:35:08.653+0000][gc,phases   ] GC(388)   Other: 2.5ms
[2026-01-16T08:35:08.655+0000][gc,heap     ] GC(388) Eden regions: 55->0(47)
[2026-01-16T08:35:08.658+0000][gc,heap     ] GC(388) Survivor regions: 3->4(8)
[2026-01-16T08:35:08.660+0000][gc,heap     ] GC(388) Old regions: 238->238
[2026-01-16T08:35:08.660+0000][gc,heap     ] GC(388) Humongous regions: 149->149
[2026-01-16T08:35:08.660+0000][gc,metaspace] GC(388) Metaspace: 14901K(15296K)->14901K(15296K) NonClass: 13226K(13376K)->13226K(13376K) Class: 1674K(1920K)->1674K(1920K)
[2026-01-16T08:35:08.661+0000][gc          ] GC(388) Pause Young (Normal) (G1 Evacuation Pause) 443M->389M(1024M) 279.185ms
[2026-01-16T08:35:08.661+0000][gc,cpu      ] GC(388) User=0.30s Sys=0.03s Real=0.28s
[2026-01-16T08:35:10.038+0000][gc,start    ] GC(389) Pause Young (Normal) (G1 Evacuation Pause)
[2026-01-16T08:35:10.044+0000][gc,task     ] GC(389) Using 8 workers of 8 for evacuation
[2026-01-16T08:35:10.145+0000][gc,phases   ] GC(389)   Pre Evacuate Collection Set: 4.3ms
[2026-01-16T08:35:10.147+0000][gc,phases   ] GC(389)   Merge Heap Roots: 3.0ms
[2026-01-16T08:35:10.149+0000][gc,phases   ] GC(389)   Evacuate Collection Set: 78.0ms
[2026-01-16T08:35:10.151+0000][gc,phases   ] GC(389)   Post Evacuate Collection Set: 9.7ms
[2026-01-16T08:35:10.153+0000][gc,phases   ] GC(389)   Other: 5.4ms
[2026-01-16T08:35:10.154+0000][gc,heap     ] GC(389) Eden regions: 47->0(46)
[2026-01-16T08:35:10.154+0000][gc,heap     ] GC(389) Survivor regions: 4->5(7)
[2026-01-16T08:35:10.154+0000][gc,heap     ] GC(389) Old regions: 238->238
[2026-01-16T08:35:10.155+0000][gc,heap     ] GC(389) Humongous regions: 149->149
[2026-01-16T08:35:10.155+0000][gc,metaspace] GC(389) Metaspace: 14904K(15296K)->14904K(15296K) NonClass: 13229K(13376K)->13229K(13376K) Class: 1674K(1920K)->1674K(1920K)
[2026-01-16T08:35:10.156+0000][gc          ] GC(389) Pause Young (Normal) (G1 Evacuation Pause) 436M->390M(1024M) 117.608ms
[2026-01-16T08:35:10.156+0000][gc,cpu      ] GC(389) User=0.10s Sys=0.00s Real=0.12s
[2026-01-16T08:35:12.940+0000][gc,start    ] GC(390) Pause Young (Normal) (G1 Evacuation Pause)
[2026-01-16T08:35:12.944+0000][gc,task     ] GC(390) Using 8 workers of 8 for evacuation
[2026-01-16T08:35:13.239+0000][gc,mmu      ] GC(390) MMU target violated: 201.0ms (200.0ms/201.0ms)
[2026-01-16T08:35:13.242+0000][gc,phases   ] GC(390)   Pre Evacuate Collection Set: 33.1ms
[2026-01-16T08:35:13.245+0000][gc,phases   ] GC(390)   Merge Heap Roots: 5.0ms
[2026-01-16T08:35:13.245+0000][gc,phases   ] GC(390)   Evacuate Collection Set: 251.7ms
[2026-01-16T08:35:13.248+0000][gc,phases   ] GC(390)   Post Evacuate Collection Set: 4.6ms
[2026-01-16T08:35:13.250+0000][gc,phases   ] GC(390)   Other: 4.1ms
[2026-01-16T08:35:13.251+0000][gc,heap     ] GC(390) Eden regions: 46->0(46)
[2026-01-16T08:35:13.252+0000][gc,heap     ] GC(390) Survivor regions: 5->5(7)
[2026-01-16T08:35:13.253+0000][gc,heap     ] GC(390) Old regions: 238->238
[2026-01-16T08:35:13.253+0000][gc,heap     ] GC(390) Humongous regions: 149->149
[2026-01-16T08:35:13.256+0000][gc,metaspace] GC(390) Metaspace: 14905K(15296K)->14905K(15296K) NonClass: 13230K(13376K)->13230K(13376K) Class: 1674K(1920K)->1674K(1920K)
[2026-01-16T08:35:13.256+0000][gc          ] GC(390) Pause Young (Normal) (G1 Evacuation Pause) 436M->391M(1024M) 315.730ms
[2026-01-16T08:35:13.256+0000][gc,cpu      ] GC(390) User=0.15s Sys=0.00s Real=0.31s
[2026-01-16T08:35:17.215+0000][gc,start    ] GC(391) Pause Young (Normal) (G1 Evacuation Pause)
[2026-01-16T08:35:17.220+0000][gc,task     ] GC(391) Using 8 workers of 8 for evacuation
[2026-01-16T08:35:17.591+0000][gc,mmu      ] GC(391) MMU target violated: 201.0ms (200.0ms/201.0ms)
[2026-01-16T08:35:17.593+0000][gc,phases   ] GC(391)   Pre Evacuate Collection Set: 27.9ms
[2026-01-16T08:35:17.594+0000][gc,phases   ] GC(391)   Merge Heap Roots: 12.7ms
[2026-01-16T08:35:17.595+0000][gc,phases   ] GC(391)   Evacuate Collection Set: 309.8ms
[2026-01-16T08:35:17.597+0000][gc,phases   ] GC(391)   Post Evacuate Collection Set: 19.4ms
[2026-01-16T08:35:17.598+0000][gc,phases   ] GC(391)   Other: 3.6ms
[2026-01-16T08:35:17.599+0000][gc,heap     ] GC(391) Eden regions: 46->0(46)
[2026-01-16T08:35:17.600+0000][gc,heap     ] GC(391) Survivor regions: 5->5(7)
[2026-01-16T08:35:17.600+0000][gc,heap     ] GC(391) Old regions: 238->239
[2026-01-16T08:35:17.603+0000][gc,heap     ] GC(391) Humongous regions: 149->149
[2026-01-16T08:35:17.606+0000][gc,metaspace] GC(391) Metaspace: 14912K(15296K)->14912K(15296K) NonClass: 13238K(13376K)->13238K(13376K) Class: 1674K(1920K)->1674K(1920K)
[2026-01-16T08:35:17.609+0000][gc          ] GC(391) Pause Young (Normal) (G1 Evacuation Pause) 437M->391M(1024M) 393.650ms
[2026-01-16T08:35:17.611+0000][gc,cpu      ] GC(391) User=0.27s Sys=0.03s Real=0.40s
[2026-01-16T08:35:20.029+0000][gc,start    ] GC(392) Pause Young (Normal) (G1 Evacuation Pause)
[2026-01-16T08:35:20.031+0000][gc,task     ] GC(392) Using 8 workers of 8 for evacuation
[2026-01-16T08:35:20.227+0000][gc,phases   ] GC(392)   Pre Evacuate Collection Set: 26.0ms
[2026-01-16T08:35:20.238+0000][gc,phases   ] GC(392)   Merge Heap Roots: 0.7ms
[2026-01-16T08:35:20.238+0000][gc,phases   ] GC(392)   Evacuate Collection Set: 159.9ms
[2026-01-16T08:35:20.238+0000][gc,phases   ] GC(392)   Post Evacuate Collection Set: 7.8ms
[2026-01-16T08:35:20.256+0000][gc,phases   ] GC(392)   Other: 1.3ms
[2026-01-16T08:35:20.265+0000][gc,heap     ] GC(392) Eden regions: 46->0(46)
[2026-01-16T08:35:20.266+0000][gc,heap     ] GC(392) Survivor regions: 5->5(7)
[2026-01-16T08:35:20.266+0000][gc,heap     ] GC(392) Old regions: 239->240
[2026-01-16T08:35:20.266+0000][gc,heap     ] GC(392) Humongous regions: 149->149
[2026-01-16T08:35:20.267+0000][gc,metaspace] GC(392) Metaspace: 14957K(15424K)->14957K(15424K) NonClass: 13282K(13504K)->13282K(13504K) Class: 1674K(1920K)->1674K(1920K)
[2026-01-16T08:35:20.267+0000][gc          ] GC(392) Pause Young (Normal) (G1 Evacuation Pause) 437M->392M(1024M) 238.414ms
[2026-01-16T08:35:20.267+0000][gc,cpu      ] GC(392) User=0.10s Sys=0.01s Real=0.23s
[2026-01-16T08:35:20.974+0000][gc,start    ] GC(393) Pause Young (Normal) (G1 Evacuation Pause)
[2026-01-16T08:35:20.975+0000][gc,task     ] GC(393) Using 8 workers of 8 for evacuation
[2026-01-16T08:35:21.080+0000][gc,phases   ] GC(393)   Pre Evacuate Collection Set: 6.3ms
[2026-01-16T08:35:21.080+0000][gc,phases   ] GC(393)   Merge Heap Roots: 0.1ms
[2026-01-16T08:35:21.080+0000][gc,phases   ] GC(393)   Evacuate Collection Set: 93.7ms
[2026-01-16T08:35:21.081+0000][gc,phases   ] GC(393)   Post Evacuate Collection Set: 2.9ms
[2026-01-16T08:35:21.081+0000][gc,phases   ] GC(393)   Other: 1.7ms
[2026-01-16T08:35:21.082+0000][gc,heap     ] GC(393) Eden regions: 46->0(46)
[2026-01-16T08:35:21.082+0000][gc,heap     ] GC(393) Survivor regions: 5->5(7)
[2026-01-16T08:35:21.083+0000][gc,heap     ] GC(393) Old regions: 240->240
[2026-01-16T08:35:21.084+0000][gc,heap     ] GC(393) Humongous regions: 149->149
[2026-01-16T08:35:21.084+0000][gc,metaspace] GC(393) Metaspace: 14957K(15424K)->14957K(15424K) NonClass: 13282K(13504K)->13282K(13504K) Class: 1674K(1920K)->1674K(1920K)
[2026-01-16T08:35:21.085+0000][gc          ] GC(393) Pause Young (Normal) (G1 Evacuation Pause) 438M->392M(1024M) 110.203ms
[2026-01-16T08:35:21.085+0000][gc,cpu      ] GC(393) User=0.04s Sys=0.02s Real=0.11s
[2026-01-16T08:35:22.940+0000][gc,start    ] GC(394) Pause Young (Normal) (G1 Evacuation Pause)
[2026-01-16T08:35:22.943+0000][gc,task     ] GC(394) Using 8 workers of 8 for evacuation
[2026-01-16T08:35:23.072+0000][gc,phases   ] GC(394)   Pre Evacuate Collection Set: 14.3ms
[2026-01-16T08:35:23.074+0000][gc,phases   ] GC(394)   Merge Heap Roots: 1.9ms
[2026-01-16T08:35:23.076+0000][gc,phases   ] GC(394)   Evacuate Collection Set: 101.3ms
[2026-01-16T08:35:23.078+0000][gc,phases   ] GC(394)   Post Evacuate Collection Set: 11.1ms
[2026-01-16T08:35:23.078+0000][gc,phases   ] GC(394)   Other: 0.8ms
[2026-01-16T08:35:23.080+0000][gc,heap     ] GC(394) Eden regions: 46->0(220)
[2026-01-16T08:35:23.080+0000][gc,heap     ] GC(394) Survivor regions: 5->2(7)
[2026-01-16T08:35:23.080+0000][gc,heap     ] GC(394) Old regions: 240->241
[2026-01-16T08:35:23.080+0000][gc,heap     ] GC(394) Humongous regions: 149->149
[2026-01-16T08:35:23.082+0000][gc,metaspace] GC(394) Metaspace: 14964K(15424K)->14964K(15424K) NonClass: 13290K(13504K)->13290K(13504K) Class: 1674K(1920K)->1674K(1920K)
[2026-01-16T08:35:23.083+0000][gc          ] GC(394) Pause Young (Normal) (G1 Evacuation Pause) 438M->391M(1024M) 142.673ms
[2026-01-16T08:35:23.084+0000][gc,cpu      ] GC(394) User=0.06s Sys=0.00s Real=0.14s
[2026-01-16T08:35:42.071+0000][gc,start    ] GC(395) Pause Young (Normal) (G1 Evacuation Pause)
[2026-01-16T08:35:42.084+0000][gc,task     ] GC(395) Using 8 workers of 8 for evacuation
[2026-01-16T08:35:43.258+0000][gc,mmu      ] GC(395) MMU target violated: 201.0ms (200.0ms/201.0ms)
[2026-01-16T08:35:43.262+0000][gc,phases   ] GC(395)   Pre Evacuate Collection Set: 59.7ms
[2026-01-16T08:35:43.263+0000][gc,phases   ] GC(395)   Merge Heap Roots: 37.7ms
[2026-01-16T08:35:43.263+0000][gc,phases   ] GC(395)   Evacuate Collection Set: 1022.1ms
[2026-01-16T08:35:43.264+0000][gc,phases   ] GC(395)   Post Evacuate Collection Set: 47.3ms
[2026-01-16T08:35:43.267+0000][gc,phases   ] GC(395)   Other: 12.1ms
[2026-01-16T08:35:43.269+0000][gc,heap     ] GC(395) Eden regions: 211->0(48)
[2026-01-16T08:35:43.271+0000][gc,heap     ] GC(395) Survivor regions: 2->3(27)
[2026-01-16T08:35:43.273+0000][gc,heap     ] GC(395) Old regions: 241->241
[2026-01-16T08:35:43.275+0000][gc,heap     ] GC(395) Humongous regions: 149->149
[2026-01-16T08:35:43.276+0000][gc,metaspace] GC(395) Metaspace: 15112K(15488K)->15112K(15488K) NonClass: 13418K(13568K)->13418K(13568K) Class: 1694K(1920K)->1694K(1920K)
[2026-01-16T08:35:43.276+0000][gc          ] GC(395) Pause Young (Normal) (G1 Evacuation Pause) 602M->391M(1024M) 1204.345ms
[2026-01-16T08:35:43.276+0000][gc,cpu      ] GC(395) User=0.55s Sys=0.03s Real=1.21s
[2026-01-16T08:35:46.587+0000][gc,start    ] GC(396) Pause Young (Normal) (G1 Evacuation Pause)
[2026-01-16T08:35:46.587+0000][gc,task     ] GC(396) Using 8 workers of 8 for evacuation
[2026-01-16T08:35:46.902+0000][gc,mmu      ] GC(396) MMU target violated: 201.0ms (200.0ms/201.0ms)
[2026-01-16T08:35:46.906+0000][gc,phases   ] GC(396)   Pre Evacuate Collection Set: 47.9ms
[2026-01-16T08:35:46.909+0000][gc,phases   ] GC(396)   Merge Heap Roots: 4.1ms
[2026-01-16T08:35:46.914+0000][gc,phases   ] GC(396)   Evacuate Collection Set: 251.6ms
[2026-01-16T08:35:46.914+0000][gc,phases   ] GC(396)   Post Evacuate Collection Set: 10.3ms
[2026-01-16T08:35:46.915+0000][gc,phases   ] GC(396)   Other: 5.3ms
[2026-01-16T08:35:46.915+0000][gc,heap     ] GC(396) Eden regions: 48->0(47)
[2026-01-16T08:35:46.917+0000][gc,heap     ] GC(396) Survivor regions: 3->4(7)
[2026-01-16T08:35:46.917+0000][gc,heap     ] GC(396) Old regions: 241->241
[2026-01-16T08:35:46.918+0000][gc,heap     ] GC(396) Humongous regions: 149->149
[2026-01-16T08:35:46.918+0000][gc,metaspace] GC(396) Metaspace: 15121K(15488K)->15121K(15488K) NonClass: 13427K(13568K)->13427K(13568K) Class: 1694K(1920K)->1694K(1920K)
[2026-01-16T08:35:46.919+0000][gc          ] GC(396) Pause Young (Normal) (G1 Evacuation Pause) 439M->392M(1024M) 332.291ms
[2026-01-16T08:35:46.919+0000][gc,cpu      ] GC(396) User=0.18s Sys=0.01s Real=0.33s
[2026-01-16T08:35:48.772+0000][gc,start    ] GC(397) Pause Young (Normal) (G1 Evacuation Pause)
[2026-01-16T08:35:48.773+0000][gc,task     ] GC(397) Using 8 workers of 8 for evacuation
[2026-01-16T08:35:49.101+0000][gc,mmu      ] GC(397) MMU target violated: 201.0ms (200.0ms/201.0ms)
[2026-01-16T08:35:49.102+0000][gc,phases   ] GC(397)   Pre Evacuate Collection Set: 27.6ms
[2026-01-16T08:35:49.103+0000][gc,phases   ] GC(397)   Merge Heap Roots: 6.5ms
[2026-01-16T08:35:49.103+0000][gc,phases   ] GC(397)   Evacuate Collection Set: 286.5ms
[2026-01-16T08:35:49.104+0000][gc,phases   ] GC(397)   Post Evacuate Collection Set: 4.0ms
[2026-01-16T08:35:49.104+0000][gc,phases   ] GC(397)   Other: 4.0ms
[2026-01-16T08:35:49.105+0000][gc,heap     ] GC(397) Eden regions: 47->0(47)
[2026-01-16T08:35:49.105+0000][gc,heap     ] GC(397) Survivor regions: 4->4(7)
[2026-01-16T08:35:49.105+0000][gc,heap     ] GC(397) Old regions: 241->241
[2026-01-16T08:35:49.106+0000][gc,heap     ] GC(397) Humongous regions: 149->149
[2026-01-16T08:35:49.106+0000][gc,metaspace] GC(397) Metaspace: 15169K(15680K)->15169K(15680K) NonClass: 13466K(13696K)->13466K(13696K) Class: 1703K(1984K)->1703K(1984K)
[2026-01-16T08:35:49.107+0000][gc          ] GC(397) Pause Young (Normal) (G1 Evacuation Pause) 439M->393M(1024M) 334.763ms
[2026-01-16T08:35:49.107+0000][gc,cpu      ] GC(397) User=0.16s Sys=0.01s Real=0.34s
[2026-01-16T08:35:50.402+0000][gc,start    ] GC(398) Pause Young (Normal) (G1 Evacuation Pause)
[2026-01-16T08:35:50.406+0000][gc,task     ] GC(398) Using 8 workers of 8 for evacuation
[2026-01-16T08:35:50.649+0000][gc,mmu      ] GC(398) MMU target violated: 201.0ms (200.0ms/201.0ms)
[2026-01-16T08:35:50.652+0000][gc,phases   ] GC(398)   Pre Evacuate Collection Set: 33.5ms
[2026-01-16T08:35:50.653+0000][gc,phases   ] GC(398)   Merge Heap Roots: 2.9ms
[2026-01-16T08:35:50.653+0000][gc,phases   ] GC(398)   Evacuate Collection Set: 189.8ms
[2026-01-16T08:35:50.654+0000][gc,phases   ] GC(398)   Post Evacuate Collection Set: 14.8ms
[2026-01-16T08:35:50.656+0000][gc,phases   ] GC(398)   Other: 5.6ms
[2026-01-16T08:35:50.656+0000][gc,heap     ] GC(398) Eden regions: 47->0(46)
[2026-01-16T08:35:50.657+0000][gc,heap     ] GC(398) Survivor regions: 4->5(7)
[2026-01-16T08:35:50.657+0000][gc,heap     ] GC(398) Old regions: 241->241
[2026-01-16T08:35:50.658+0000][gc,heap     ] GC(398) Humongous regions: 149->149
[2026-01-16T08:35:50.658+0000][gc,metaspace] GC(398) Metaspace: 15185K(15680K)->15185K(15680K) NonClass: 13480K(13696K)->13480K(13696K) Class: 1705K(1984K)->1705K(1984K)
[2026-01-16T08:35:50.658+0000][gc          ] GC(398) Pause Young (Normal) (G1 Evacuation Pause) 440M->394M(1024M) 255.781ms
[2026-01-16T08:35:50.658+0000][gc,cpu      ] GC(398) User=0.13s Sys=0.01s Real=0.26s
[2026-01-16T08:35:51.857+0000][gc,start    ] GC(399) Pause Young (Normal) (G1 Evacuation Pause)
[2026-01-16T08:35:51.859+0000][gc,task     ] GC(399) Using 8 workers of 8 for evacuation
[2026-01-16T08:35:51.960+0000][gc,phases   ] GC(399)   Pre Evacuate Collection Set: 4.8ms
[2026-01-16T08:35:51.961+0000][gc,phases   ] GC(399)   Merge Heap Roots: 2.4ms
[2026-01-16T08:35:51.961+0000][gc,phases   ] GC(399)   Evacuate Collection Set: 90.4ms
[2026-01-16T08:35:51.961+0000][gc,phases   ] GC(399)   Post Evacuate Collection Set: 2.2ms
[2026-01-16T08:35:51.962+0000][gc,phases   ] GC(399)   Other: 2.2ms
[2026-01-16T08:35:51.962+0000][gc,heap     ] GC(399) Eden regions: 46->0(47)
[2026-01-16T08:35:51.963+0000][gc,heap     ] GC(399) Survivor regions: 5->4(7)
[2026-01-16T08:35:51.963+0000][gc,heap     ] GC(399) Old regions: 241->243
[2026-01-16T08:35:51.964+0000][gc,heap     ] GC(399) Humongous regions: 149->149
[2026-01-16T08:35:51.964+0000][gc,metaspace] GC(399) Metaspace: 15189K(15680K)->15189K(15680K) NonClass: 13482K(13696K)->13482K(13696K) Class: 1706K(1984K)->1706K(1984K)
[2026-01-16T08:35:51.964+0000][gc          ] GC(399) Pause Young (Normal) (G1 Evacuation Pause) 440M->394M(1024M) 107.090ms
[2026-01-16T08:35:51.965+0000][gc,cpu      ] GC(399) User=0.08s Sys=0.01s Real=0.10s
[2026-01-16T08:35:52.879+0000][gc,start    ] GC(400) Pause Young (Normal) (G1 Evacuation Pause)
[2026-01-16T08:35:52.895+0000][gc,task     ] GC(400) Using 8 workers of 8 for evacuation
[2026-01-16T08:35:53.002+0000][gc,phases   ] GC(400)   Pre Evacuate Collection Set: 1.9ms
[2026-01-16T08:35:53.002+0000][gc,phases   ] GC(400)   Merge Heap Roots: 0.2ms
[2026-01-16T08:35:53.002+0000][gc,phases   ] GC(400)   Evacuate Collection Set: 92.1ms
[2026-01-16T08:35:53.002+0000][gc,phases   ] GC(400)   Post Evacuate Collection Set: 10.2ms
[2026-01-16T08:35:53.002+0000][gc,phases   ] GC(400)   Other: 2.7ms
[2026-01-16T08:35:53.002+0000][gc,heap     ] GC(400) Eden regions: 47->0(47)
[2026-01-16T08:35:53.002+0000][gc,heap     ] GC(400) Survivor regions: 4->4(7)
[2026-01-16T08:35:53.002+0000][gc,heap     ] GC(400) Old regions: 243->243
[2026-01-16T08:35:53.002+0000][gc,heap     ] GC(400) Humongous regions: 149->149
[2026-01-16T08:35:53.002+0000][gc,metaspace] GC(400) Metaspace: 15198K(15680K)->15198K(15680K) NonClass: 13490K(13696K)->13490K(13696K) Class: 1708K(1984K)->1708K(1984K)
[2026-01-16T08:35:53.002+0000][gc          ] GC(400) Pause Young (Normal) (G1 Evacuation Pause) 441M->395M(1024M) 123.536ms
[2026-01-16T08:35:53.008+0000][gc,cpu      ] GC(400) User=0.07s Sys=0.01s Real=0.13s
[2026-01-16T08:35:54.532+0000][gc,start    ] GC(401) Pause Young (Normal) (G1 Evacuation Pause)
[2026-01-16T08:35:54.557+0000][gc,task     ] GC(401) Using 8 workers of 8 for evacuation
[2026-01-16T08:35:54.903+0000][gc,mmu      ] GC(401) MMU target violated: 201.0ms (200.0ms/201.0ms)
[2026-01-16T08:35:54.904+0000][gc,phases   ] GC(401)   Pre Evacuate Collection Set: 33.4ms
[2026-01-16T08:35:54.904+0000][gc,phases   ] GC(401)   Merge Heap Roots: 0.3ms
[2026-01-16T08:35:54.905+0000][gc,phases   ] GC(401)   Evacuate Collection Set: 301.7ms
[2026-01-16T08:35:54.906+0000][gc,phases   ] GC(401)   Post Evacuate Collection Set: 8.1ms
[2026-01-16T08:35:54.906+0000][gc,phases   ] GC(401)   Other: 4.0ms
[2026-01-16T08:35:54.907+0000][gc,heap     ] GC(401) Eden regions: 47->0(46)
[2026-01-16T08:35:54.907+0000][gc,heap     ] GC(401) Survivor regions: 4->5(7)
[2026-01-16T08:35:54.908+0000][gc,heap     ] GC(401) Old regions: 243->244
[2026-01-16T08:35:54.909+0000][gc,heap     ] GC(401) Humongous regions: 149->149
[2026-01-16T08:35:54.909+0000][gc,metaspace] GC(401) Metaspace: 15208K(15680K)->15208K(15680K) NonClass: 13500K(13696K)->13500K(13696K) Class: 1708K(1984K)->1708K(1984K)
[2026-01-16T08:35:54.910+0000][gc          ] GC(401) Pause Young (Normal) (G1 Evacuation Pause) 442M->396M(1024M) 378.347ms
[2026-01-16T08:35:54.913+0000][gc,cpu      ] GC(401) User=0.08s Sys=0.01s Real=0.38s
[2026-01-16T08:35:56.655+0000][gc,start    ] GC(402) Pause Young (Normal) (G1 Evacuation Pause)
[2026-01-16T08:35:56.657+0000][gc,task     ] GC(402) Using 8 workers of 8 for evacuation
[2026-01-16T08:35:56.788+0000][gc,phases   ] GC(402)   Pre Evacuate Collection Set: 11.3ms
[2026-01-16T08:35:56.790+0000][gc,phases   ] GC(402)   Merge Heap Roots: 0.5ms
[2026-01-16T08:35:56.791+0000][gc,phases   ] GC(402)   Evacuate Collection Set: 116.0ms
[2026-01-16T08:35:56.793+0000][gc,phases   ] GC(402)   Post Evacuate Collection Set: 2.3ms
[2026-01-16T08:35:56.794+0000][gc,phases   ] GC(402)   Other: 1.2ms
[2026-01-16T08:35:56.795+0000][gc,heap     ] GC(402) Eden regions: 46->0(46)
[2026-01-16T08:35:56.796+0000][gc,heap     ] GC(402) Survivor regions: 5->5(7)
[2026-01-16T08:35:56.796+0000][gc,heap     ] GC(402) Old regions: 244->244
[2026-01-16T08:35:56.797+0000][gc,heap     ] GC(402) Humongous regions: 149->149
[2026-01-16T08:35:56.797+0000][gc,metaspace] GC(402) Metaspace: 15209K(15680K)->15209K(15680K) NonClass: 13501K(13696K)->13501K(13696K) Class: 1708K(1984K)->1708K(1984K)
[2026-01-16T08:35:56.798+0000][gc          ] GC(402) Pause Young (Normal) (G1 Evacuation Pause) 442M->396M(1024M) 142.981ms
[2026-01-16T08:35:56.798+0000][gc,cpu      ] GC(402) User=0.12s Sys=0.01s Real=0.14s
[2026-01-16T08:35:58.359+0000][gc,start    ] GC(403) Pause Young (Normal) (G1 Evacuation Pause)
[2026-01-16T08:35:58.360+0000][gc,task     ] GC(403) Using 8 workers of 8 for evacuation
[2026-01-16T08:35:58.666+0000][gc,mmu      ] GC(403) MMU target violated: 201.0ms (200.0ms/201.0ms)
[2026-01-16T08:35:58.669+0000][gc,phases   ] GC(403)   Pre Evacuate Collection Set: 22.6ms
[2026-01-16T08:35:58.669+0000][gc,phases   ] GC(403)   Merge Heap Roots: 9.9ms
[2026-01-16T08:35:58.670+0000][gc,phases   ] GC(403)   Evacuate Collection Set: 266.5ms
[2026-01-16T08:35:58.672+0000][gc,phases   ] GC(403)   Post Evacuate Collection Set: 3.8ms
[2026-01-16T08:35:58.673+0000][gc,phases   ] GC(403)   Other: 5.3ms
[2026-01-16T08:35:58.673+0000][gc,heap     ] GC(403) Eden regions: 46->0(46)
[2026-01-16T08:35:58.674+0000][gc,heap     ] GC(403) Survivor regions: 5->5(7)
[2026-01-16T08:35:58.674+0000][gc,heap     ] GC(403) Old regions: 244->245
[2026-01-16T08:35:58.675+0000][gc,heap     ] GC(403) Humongous regions: 149->149
[2026-01-16T08:35:58.675+0000][gc,metaspace] GC(403) Metaspace: 15209K(15680K)->15209K(15680K) NonClass: 13501K(13696K)->13501K(13696K) Class: 1708K(1984K)->1708K(1984K)
[2026-01-16T08:35:58.677+0000][gc          ] GC(403) Pause Young (Normal) (G1 Evacuation Pause) 442M->397M(1024M) 318.251ms
[2026-01-16T08:35:58.677+0000][gc,cpu      ] GC(403) User=0.14s Sys=0.02s Real=0.32s
[2026-01-16T08:36:00.359+0000][gc,start    ] GC(404) Pause Young (Normal) (G1 Evacuation Pause)
[2026-01-16T08:36:00.362+0000][gc,task     ] GC(404) Using 8 workers of 8 for evacuation
[2026-01-16T08:36:00.548+0000][gc,phases   ] GC(404)   Pre Evacuate Collection Set: 3.0ms
[2026-01-16T08:36:00.548+0000][gc,phases   ] GC(404)   Merge Heap Roots: 0.3ms
[2026-01-16T08:36:00.549+0000][gc,phases   ] GC(404)   Evacuate Collection Set: 173.1ms
[2026-01-16T08:36:00.549+0000][gc,phases   ] GC(404)   Post Evacuate Collection Set: 8.7ms
[2026-01-16T08:36:00.550+0000][gc,phases   ] GC(404)   Other: 0.4ms
[2026-01-16T08:36:00.550+0000][gc,heap     ] GC(404) Eden regions: 46->0(46)
[2026-01-16T08:36:00.550+0000][gc,heap     ] GC(404) Survivor regions: 5->5(7)
[2026-01-16T08:36:00.551+0000][gc,heap     ] GC(404) Old regions: 245->245
[2026-01-16T08:36:00.551+0000][gc,heap     ] GC(404) Humongous regions: 149->149
[2026-01-16T08:36:00.551+0000][gc,metaspace] GC(404) Metaspace: 15209K(15680K)->15209K(15680K) NonClass: 13501K(13696K)->13501K(13696K) Class: 1708K(1984K)->1708K(1984K)
[2026-01-16T08:36:00.552+0000][gc          ] GC(404) Pause Young (Normal) (G1 Evacuation Pause) 443M->398M(1024M) 192.594ms
[2026-01-16T08:36:00.552+0000][gc,cpu      ] GC(404) User=0.12s Sys=0.02s Real=0.19s
[2026-01-16T08:36:01.534+0000][gc,start    ] GC(405) Pause Young (Normal) (G1 Evacuation Pause)
[2026-01-16T08:36:01.536+0000][gc,task     ] GC(405) Using 8 workers of 8 for evacuation
[2026-01-16T08:36:01.627+0000][gc,phases   ] GC(405)   Pre Evacuate Collection Set: 0.6ms
[2026-01-16T08:36:01.629+0000][gc,phases   ] GC(405)   Merge Heap Roots: 0.3ms
[2026-01-16T08:36:01.630+0000][gc,phases   ] GC(405)   Evacuate Collection Set: 78.9ms
[2026-01-16T08:36:01.632+0000][gc,phases   ] GC(405)   Post Evacuate Collection Set: 10.2ms
[2026-01-16T08:36:01.632+0000][gc,phases   ] GC(405)   Other: 0.5ms
[2026-01-16T08:36:01.632+0000][gc,heap     ] GC(405) Eden regions: 46->0(46)
[2026-01-16T08:36:01.632+0000][gc,heap     ] GC(405) Survivor regions: 5->5(7)
[2026-01-16T08:36:01.632+0000][gc,heap     ] GC(405) Old regions: 245->246
[2026-01-16T08:36:01.632+0000][gc,heap     ] GC(405) Humongous regions: 149->149
[2026-01-16T08:36:01.633+0000][gc,metaspace] GC(405) Metaspace: 15222K(15680K)->15222K(15680K) NonClass: 13513K(13696K)->13513K(13696K) Class: 1708K(1984K)->1708K(1984K)
[2026-01-16T08:36:01.633+0000][gc          ] GC(405) Pause Young (Normal) (G1 Evacuation Pause) 444M->398M(1024M) 98.494ms
[2026-01-16T08:36:01.633+0000][gc,cpu      ] GC(405) User=0.04s Sys=0.02s Real=0.09s
[2026-01-16T08:36:04.794+0000][gc,start    ] GC(406) Pause Young (Normal) (G1 Evacuation Pause)
[2026-01-16T08:36:04.799+0000][gc,task     ] GC(406) Using 8 workers of 8 for evacuation
[2026-01-16T08:36:05.142+0000][gc,mmu      ] GC(406) MMU target violated: 201.0ms (200.0ms/201.0ms)
[2026-01-16T08:36:05.142+0000][gc,phases   ] GC(406)   Pre Evacuate Collection Set: 13.7ms
[2026-01-16T08:36:05.143+0000][gc,phases   ] GC(406)   Merge Heap Roots: 1.3ms
[2026-01-16T08:36:05.143+0000][gc,phases   ] GC(406)   Evacuate Collection Set: 312.7ms
[2026-01-16T08:36:05.143+0000][gc,phases   ] GC(406)   Post Evacuate Collection Set: 13.7ms
[2026-01-16T08:36:05.143+0000][gc,phases   ] GC(406)   Other: 2.0ms
[2026-01-16T08:36:05.143+0000][gc,heap     ] GC(406) Eden regions: 46->0(47)
[2026-01-16T08:36:05.143+0000][gc,heap     ] GC(406) Survivor regions: 5->4(7)
[2026-01-16T08:36:05.143+0000][gc,heap     ] GC(406) Old regions: 246->247
[2026-01-16T08:36:05.143+0000][gc,heap     ] GC(406) Humongous regions: 149->149
[2026-01-16T08:36:05.143+0000][gc,metaspace] GC(406) Metaspace: 15249K(15744K)->15249K(15744K) NonClass: 13540K(13760K)->13540K(13760K) Class: 1708K(1984K)->1708K(1984K)
[2026-01-16T08:36:05.144+0000][gc          ] GC(406) Pause Young (Normal) (G1 Evacuation Pause) 444M->399M(1024M) 349.968ms
[2026-01-16T08:36:05.145+0000][gc,cpu      ] GC(406) User=0.23s Sys=0.01s Real=0.35s
[2026-01-16T08:36:06.969+0000][gc,start    ] GC(407) Pause Young (Normal) (G1 Evacuation Pause)
[2026-01-16T08:36:06.972+0000][gc,task     ] GC(407) Using 8 workers of 8 for evacuation
[2026-01-16T08:36:07.287+0000][gc,mmu      ] GC(407) MMU target violated: 201.0ms (200.0ms/201.0ms)
[2026-01-16T08:36:07.302+0000][gc,phases   ] GC(407)   Pre Evacuate Collection Set: 29.5ms
[2026-01-16T08:36:07.310+0000][gc,phases   ] GC(407)   Merge Heap Roots: 1.9ms
[2026-01-16T08:36:07.310+0000][gc,phases   ] GC(407)   Evacuate Collection Set: 254.5ms
[2026-01-16T08:36:07.314+0000][gc,phases   ] GC(407)   Post Evacuate Collection Set: 24.2ms
[2026-01-16T08:36:07.317+0000][gc,phases   ] GC(407)   Other: 20.5ms
[2026-01-16T08:36:07.319+0000][gc,heap     ] GC(407) Eden regions: 47->0(46)
[2026-01-16T08:36:07.320+0000][gc,heap     ] GC(407) Survivor regions: 4->5(7)
[2026-01-16T08:36:07.321+0000][gc,heap     ] GC(407) Old regions: 247->248
[2026-01-16T08:36:07.321+0000][gc,heap     ] GC(407) Humongous regions: 149->149
[2026-01-16T08:36:07.322+0000][gc,metaspace] GC(407) Metaspace: 15252K(15744K)->15252K(15744K) NonClass: 13543K(13760K)->13543K(13760K) Class: 1708K(1984K)->1708K(1984K)
[2026-01-16T08:36:07.323+0000][gc          ] GC(407) Pause Young (Normal) (G1 Evacuation Pause) 446M->400M(1024M) 353.703ms
[2026-01-16T08:36:07.325+0000][gc,cpu      ] GC(407) User=0.15s Sys=0.01s Real=0.35s
[2026-01-16T08:36:09.841+0000][gc,start    ] GC(408) Pause Young (Normal) (G1 Evacuation Pause)
[2026-01-16T08:36:09.845+0000][gc,task     ] GC(408) Using 8 workers of 8 for evacuation
[2026-01-16T08:36:10.030+0000][gc,phases   ] GC(408)   Pre Evacuate Collection Set: 41.1ms
[2026-01-16T08:36:10.031+0000][gc,phases   ] GC(408)   Merge Heap Roots: 1.6ms
[2026-01-16T08:36:10.032+0000][gc,phases   ] GC(408)   Evacuate Collection Set: 133.4ms
[2026-01-16T08:36:10.032+0000][gc,phases   ] GC(408)   Post Evacuate Collection Set: 8.1ms
[2026-01-16T08:36:10.054+0000][gc,phases   ] GC(408)   Other: 2.5ms
[2026-01-16T08:36:10.056+0000][gc,heap     ] GC(408) Eden regions: 46->0(121)
[2026-01-16T08:36:10.057+0000][gc,heap     ] GC(408) Survivor regions: 5->2(7)
[2026-01-16T08:36:10.059+0000][gc,heap     ] GC(408) Old regions: 248->248
[2026-01-16T08:36:10.060+0000][gc,heap     ] GC(408) Humongous regions: 149->149
[2026-01-16T08:36:10.061+0000][gc,metaspace] GC(408) Metaspace: 15252K(15744K)->15252K(15744K) NonClass: 13543K(13760K)->13543K(13760K) Class: 1708K(1984K)->1708K(1984K)
[2026-01-16T08:36:10.067+0000][gc          ] GC(408) Pause Young (Normal) (G1 Evacuation Pause) 446M->398M(1024M) 225.528ms
[2026-01-16T08:36:10.071+0000][gc,cpu      ] GC(408) User=0.11s Sys=0.02s Real=0.23s
[2026-01-16T08:36:22.728+0000][gc,start    ] GC(409) Pause Young (Normal) (G1 Evacuation Pause)
[2026-01-16T08:36:22.730+0000][gc,task     ] GC(409) Using 8 workers of 8 for evacuation
[2026-01-16T08:36:24.086+0000][gc,mmu      ] GC(409) MMU target violated: 201.0ms (200.0ms/201.0ms)
[2026-01-16T08:36:24.091+0000][gc,phases   ] GC(409)   Pre Evacuate Collection Set: 59.0ms
[2026-01-16T08:36:24.092+0000][gc,phases   ] GC(409)   Merge Heap Roots: 8.1ms
[2026-01-16T08:36:24.094+0000][gc,phases   ] GC(409)   Evacuate Collection Set: 1229.8ms
[2026-01-16T08:36:24.099+0000][gc,phases   ] GC(409)   Post Evacuate Collection Set: 54.6ms
[2026-01-16T08:36:24.106+0000][gc,phases   ] GC(409)   Other: 9.2ms
[2026-01-16T08:36:24.108+0000][gc,heap     ] GC(409) Eden regions: 115->0(47)
[2026-01-16T08:36:24.111+0000][gc,heap     ] GC(409) Survivor regions: 2->4(15)
[2026-01-16T08:36:24.112+0000][gc,heap     ] GC(409) Old regions: 248->248
[2026-01-16T08:36:24.115+0000][gc,heap     ] GC(409) Humongous regions: 149->149
[2026-01-16T08:36:24.115+0000][gc,metaspace] GC(409) Metaspace: 15258K(15744K)->15258K(15744K) NonClass: 13550K(13760K)->13550K(13760K) Class: 1708K(1984K)->1708K(1984K)
[2026-01-16T08:36:24.116+0000][gc          ] GC(409) Pause Young (Normal) (G1 Evacuation Pause) 513M->400M(1024M) 1388.403ms
[2026-01-16T08:36:24.116+0000][gc,cpu      ] GC(409) User=0.77s Sys=0.04s Real=1.38s
[2026-01-16T08:36:29.580+0000][gc,start    ] GC(410) Pause Young (Normal) (G1 Evacuation Pause)
[2026-01-16T08:36:29.643+0000][gc,task     ] GC(410) Using 8 workers of 8 for evacuation
[2026-01-16T08:36:30.978+0000][gc,mmu      ] GC(410) MMU target violated: 201.0ms (200.0ms/201.0ms)
[2026-01-16T08:36:30.980+0000][gc,phases   ] GC(410)   Pre Evacuate Collection Set: 159.3ms
[2026-01-16T08:36:30.980+0000][gc,phases   ] GC(410)   Merge Heap Roots: 6.0ms
[2026-01-16T08:36:30.982+0000][gc,phases   ] GC(410)   Evacuate Collection Set: 1124.7ms
[2026-01-16T08:36:30.983+0000][gc,phases   ] GC(410)   Post Evacuate Collection Set: 23.0ms
[2026-01-16T08:36:30.983+0000][gc,phases   ] GC(410)   Other: 44.7ms
[2026-01-16T08:36:30.983+0000][gc,heap     ] GC(410) Eden regions: 47->0(46)
[2026-01-16T08:36:30.984+0000][gc,heap     ] GC(410) Survivor regions: 4->5(7)
[2026-01-16T08:36:30.984+0000][gc,heap     ] GC(410) Old regions: 248->248
[2026-01-16T08:36:30.984+0000][gc,heap     ] GC(410) Humongous regions: 149->149
[2026-01-16T08:36:30.984+0000][gc,metaspace] GC(410) Metaspace: 15263K(15744K)->15263K(15744K) NonClass: 13555K(13760K)->13555K(13760K) Class: 1708K(1984K)->1708K(1984K)
[2026-01-16T08:36:30.987+0000][gc          ] GC(410) Pause Young (Normal) (G1 Evacuation Pause) 447M->400M(1024M) 1409.617ms
[2026-01-16T08:36:30.988+0000][gc,cpu      ] GC(410) User=0.83s Sys=0.07s Real=1.41s
[2026-01-16T08:36:37.105+0000][gc,start    ] GC(411) Pause Young (Normal) (G1 Evacuation Pause)
[2026-01-16T08:36:37.106+0000][gc,task     ] GC(411) Using 8 workers of 8 for evacuation
[2026-01-16T08:36:37.483+0000][gc,mmu      ] GC(411) MMU target violated: 201.0ms (200.0ms/201.0ms)
[2026-01-16T08:36:37.484+0000][gc,phases   ] GC(411)   Pre Evacuate Collection Set: 20.0ms
[2026-01-16T08:36:37.484+0000][gc,phases   ] GC(411)   Merge Heap Roots: 13.3ms
[2026-01-16T08:36:37.484+0000][gc,phases   ] GC(411)   Evacuate Collection Set: 319.8ms
[2026-01-16T08:36:37.484+0000][gc,phases   ] GC(411)   Post Evacuate Collection Set: 23.4ms
[2026-01-16T08:36:37.484+0000][gc,phases   ] GC(411)   Other: 1.0ms
[2026-01-16T08:36:37.484+0000][gc,heap     ] GC(411) Eden regions: 46->0(46)
[2026-01-16T08:36:37.484+0000][gc,heap     ] GC(411) Survivor regions: 5->5(7)
[2026-01-16T08:36:37.484+0000][gc,heap     ] GC(411) Old regions: 248->249
[2026-01-16T08:36:37.484+0000][gc,heap     ] GC(411) Humongous regions: 149->149
[2026-01-16T08:36:37.484+0000][gc,metaspace] GC(411) Metaspace: 15267K(15744K)->15267K(15744K) NonClass: 13558K(13760K)->13558K(13760K) Class: 1708K(1984K)->1708K(1984K)
[2026-01-16T08:36:37.484+0000][gc          ] GC(411) Pause Young (Normal) (G1 Evacuation Pause) 446M->401M(1024M) 379.167ms
[2026-01-16T08:36:37.484+0000][gc,cpu      ] GC(411) User=0.44s Sys=0.05s Real=0.37s
[2026-01-16T08:36:39.819+0000][gc,start    ] GC(412) Pause Young (Normal) (G1 Evacuation Pause)
[2026-01-16T08:36:39.884+0000][gc,task     ] GC(412) Using 8 workers of 8 for evacuation
[2026-01-16T08:36:40.687+0000][gc,mmu      ] GC(412) MMU target violated: 201.0ms (200.0ms/201.0ms)
[2026-01-16T08:36:40.692+0000][gc,phases   ] GC(412)   Pre Evacuate Collection Set: 138.6ms
[2026-01-16T08:36:40.694+0000][gc,phases   ] GC(412)   Merge Heap Roots: 33.1ms
[2026-01-16T08:36:40.694+0000][gc,phases   ] GC(412)   Evacuate Collection Set: 598.5ms
[2026-01-16T08:36:40.699+0000][gc,phases   ] GC(412)   Post Evacuate Collection Set: 25.2ms
[2026-01-16T08:36:40.699+0000][gc,phases   ] GC(412)   Other: 64.9ms
[2026-01-16T08:36:40.706+0000][gc,heap     ] GC(412) Eden regions: 46->0(47)
[2026-01-16T08:36:40.707+0000][gc,heap     ] GC(412) Survivor regions: 5->4(7)
[2026-01-16T08:36:40.707+0000][gc,heap     ] GC(412) Old regions: 249->249
[2026-01-16T08:36:40.710+0000][gc,heap     ] GC(412) Humongous regions: 149->149
[2026-01-16T08:36:40.711+0000][gc,metaspace] GC(412) Metaspace: 15269K(15744K)->15269K(15744K) NonClass: 13560K(13760K)->13560K(13760K) Class: 1708K(1984K)->1708K(1984K)
[2026-01-16T08:36:40.711+0000][gc          ] GC(412) Pause Young (Normal) (G1 Evacuation Pause) 447M->401M(1024M) 900.754ms
[2026-01-16T08:36:40.712+0000][gc,cpu      ] GC(412) User=0.45s Sys=0.05s Real=0.90s
[2026-01-16T08:36:43.968+0000][gc,start    ] GC(413) Pause Young (Normal) (G1 Evacuation Pause)
[2026-01-16T08:36:43.974+0000][gc,task     ] GC(413) Using 8 workers of 8 for evacuation
[2026-01-16T08:36:44.736+0000][gc,mmu      ] GC(413) MMU target violated: 201.0ms (200.0ms/201.0ms)
[2026-01-16T08:36:44.744+0000][gc,phases   ] GC(413)   Pre Evacuate Collection Set: 51.3ms
[2026-01-16T08:36:44.744+0000][gc,phases   ] GC(413)   Merge Heap Roots: 17.2ms
[2026-01-16T08:36:44.745+0000][gc,phases   ] GC(413)   Evacuate Collection Set: 621.9ms
[2026-01-16T08:36:44.745+0000][gc,phases   ] GC(413)   Post Evacuate Collection Set: 68.3ms
[2026-01-16T08:36:44.745+0000][gc,phases   ] GC(413)   Other: 12.2ms
[2026-01-16T08:36:44.749+0000][gc,heap     ] GC(413) Eden regions: 47->0(48)
[2026-01-16T08:36:44.751+0000][gc,heap     ] GC(413) Survivor regions: 4->3(7)
[2026-01-16T08:36:44.753+0000][gc,heap     ] GC(413) Old regions: 249->250
[2026-01-16T08:36:44.754+0000][gc,heap     ] GC(413) Humongous regions: 149->149
[2026-01-16T08:36:44.759+0000][gc,metaspace] GC(413) Metaspace: 15269K(15744K)->15269K(15744K) NonClass: 13560K(13760K)->13560K(13760K) Class: 1708K(1984K)->1708K(1984K)
[2026-01-16T08:36:44.771+0000][gc          ] GC(413) Pause Young (Normal) (G1 Evacuation Pause) 448M->400M(1024M) 802.909ms
[2026-01-16T08:36:44.801+0000][gc,cpu      ] GC(413) User=0.29s Sys=0.04s Real=0.81s
[2026-01-16T08:36:47.955+0000][gc,start    ] GC(414) Pause Young (Normal) (G1 Evacuation Pause)
[2026-01-16T08:36:47.975+0000][gc,task     ] GC(414) Using 8 workers of 8 for evacuation
[2026-01-16T08:36:50.363+0000][gc,mmu      ] GC(414) MMU target violated: 201.0ms (200.0ms/201.0ms)
[2026-01-16T08:36:50.373+0000][gc,phases   ] GC(414)   Pre Evacuate Collection Set: 144.4ms
[2026-01-16T08:36:50.376+0000][gc,phases   ] GC(414)   Merge Heap Roots: 121.1ms
[2026-01-16T08:36:50.378+0000][gc,phases   ] GC(414)   Evacuate Collection Set: 1835.4ms
[2026-01-16T08:36:50.379+0000][gc,phases   ] GC(414)   Post Evacuate Collection Set: 269.7ms
[2026-01-16T08:36:50.383+0000][gc,phases   ] GC(414)   Other: 36.7ms
[2026-01-16T08:36:50.384+0000][gc,heap     ] GC(414) Eden regions: 48->0(48)
[2026-01-16T08:36:50.390+0000][gc,heap     ] GC(414) Survivor regions: 3->3(7)
[2026-01-16T08:36:50.396+0000][gc,heap     ] GC(414) Old regions: 250->250
[2026-01-16T08:36:50.397+0000][gc,heap     ] GC(414) Humongous regions: 149->149
[2026-01-16T08:36:50.398+0000][gc,metaspace] GC(414) Metaspace: 15269K(15744K)->15269K(15744K) NonClass: 13560K(13760K)->13560K(13760K) Class: 1708K(1984K)->1708K(1984K)
[2026-01-16T08:36:50.402+0000][gc          ] GC(414) Pause Young (Normal) (G1 Evacuation Pause) 448M->401M(1024M) 2446.636ms
[2026-01-16T08:36:50.411+0000][gc,cpu      ] GC(414) User=0.97s Sys=0.14s Real=2.46s
[2026-01-16T08:37:00.958+0000][gc,start    ] GC(415) Pause Young (Normal) (G1 Evacuation Pause)
[2026-01-16T08:37:01.037+0000][gc,task     ] GC(415) Using 8 workers of 8 for evacuation
[2026-01-16T08:37:02.440+0000][gc,mmu      ] GC(415) MMU target violated: 201.0ms (200.0ms/201.0ms)
[2026-01-16T08:37:02.444+0000][gc,phases   ] GC(415)   Pre Evacuate Collection Set: 72.8ms
[2026-01-16T08:37:02.445+0000][gc,phases   ] GC(415)   Merge Heap Roots: 38.7ms
[2026-01-16T08:37:02.450+0000][gc,phases   ] GC(415)   Evacuate Collection Set: 1179.1ms
[2026-01-16T08:37:02.450+0000][gc,phases   ] GC(415)   Post Evacuate Collection Set: 105.7ms
[2026-01-16T08:37:02.450+0000][gc,phases   ] GC(415)   Other: 29.0ms
[2026-01-16T08:37:02.450+0000][gc,heap     ] GC(415) Eden regions: 48->0(47)
[2026-01-16T08:37:02.450+0000][gc,heap     ] GC(415) Survivor regions: 3->4(7)
[2026-01-16T08:37:02.451+0000][gc,heap     ] GC(415) Old regions: 250->250
[2026-01-16T08:37:02.458+0000][gc,heap     ] GC(415) Humongous regions: 149->149
[2026-01-16T08:37:02.460+0000][gc,metaspace] GC(415) Metaspace: 15269K(15744K)->15269K(15744K) NonClass: 13560K(13760K)->13560K(13760K) Class: 1708K(1984K)->1708K(1984K)
[2026-01-16T08:37:02.461+0000][gc          ] GC(415) Pause Young (Normal) (G1 Evacuation Pause) 449M->401M(1024M) 1505.482ms
[2026-01-16T08:37:02.466+0000][gc,cpu      ] GC(415) User=0.63s Sys=0.05s Real=1.55s
[2026-01-16T08:37:10.082+0000][gc,start    ] GC(416) Pause Young (Normal) (G1 Evacuation Pause)
[2026-01-16T08:37:10.092+0000][gc,task     ] GC(416) Using 8 workers of 8 for evacuation
[2026-01-16T08:37:10.434+0000][gc,mmu      ] GC(416) MMU target violated: 201.0ms (200.0ms/201.0ms)
[2026-01-16T08:37:10.437+0000][gc,phases   ] GC(416)   Pre Evacuate Collection Set: 17.0ms
[2026-01-16T08:37:10.439+0000][gc,phases   ] GC(416)   Merge Heap Roots: 6.7ms
[2026-01-16T08:37:10.459+0000][gc,phases   ] GC(416)   Evacuate Collection Set: 295.8ms
[2026-01-16T08:37:10.460+0000][gc,phases   ] GC(416)   Post Evacuate Collection Set: 15.8ms
[2026-01-16T08:37:10.462+0000][gc,phases   ] GC(416)   Other: 9.7ms
[2026-01-16T08:37:10.466+0000][gc,heap     ] GC(416) Eden regions: 47->0(46)
[2026-01-16T08:37:10.470+0000][gc,heap     ] GC(416) Survivor regions: 4->5(7)
[2026-01-16T08:37:10.472+0000][gc,heap     ] GC(416) Old regions: 250->250
[2026-01-16T08:37:10.474+0000][gc,heap     ] GC(416) Humongous regions: 149->149
[2026-01-16T08:37:10.478+0000][gc,metaspace] GC(416) Metaspace: 15275K(15744K)->15275K(15744K) NonClass: 13565K(13760K)->13565K(13760K) Class: 1710K(1984K)->1710K(1984K)
[2026-01-16T08:37:10.480+0000][gc          ] GC(416) Pause Young (Normal) (G1 Evacuation Pause) 448M->402M(1024M) 398.246ms
[2026-01-16T08:37:10.481+0000][gc,cpu      ] GC(416) User=0.36s Sys=0.03s Real=0.40s
[2026-01-16T08:37:20.722+0000][gc,start    ] GC(417) Pause Young (Normal) (G1 Evacuation Pause)
[2026-01-16T08:37:20.743+0000][gc,task     ] GC(417) Using 8 workers of 8 for evacuation
[2026-01-16T08:37:23.043+0000][gc,mmu      ] GC(417) MMU target violated: 201.0ms (200.0ms/201.0ms)
[2026-01-16T08:37:23.045+0000][gc,phases   ] GC(417)   Pre Evacuate Collection Set: 148.7ms
[2026-01-16T08:37:23.046+0000][gc,phases   ] GC(417)   Merge Heap Roots: 25.7ms
[2026-01-16T08:37:23.046+0000][gc,phases   ] GC(417)   Evacuate Collection Set: 1757.0ms
[2026-01-16T08:37:23.046+0000][gc,phases   ] GC(417)   Post Evacuate Collection Set: 282.2ms
[2026-01-16T08:37:23.047+0000][gc,phases   ] GC(417)   Other: 88.1ms
[2026-01-16T08:37:23.047+0000][gc,heap     ] GC(417) Eden regions: 46->0(46)
[2026-01-16T08:37:23.048+0000][gc,heap     ] GC(417) Survivor regions: 5->5(7)
[2026-01-16T08:37:23.048+0000][gc,heap     ] GC(417) Old regions: 250->251
[2026-01-16T08:37:23.049+0000][gc,heap     ] GC(417) Humongous regions: 149->149
[2026-01-16T08:37:23.049+0000][gc,metaspace] GC(417) Metaspace: 15275K(15744K)->15275K(15744K) NonClass: 13565K(13760K)->13565K(13760K) Class: 1710K(1984K)->1710K(1984K)
[2026-01-16T08:37:23.050+0000][gc          ] GC(417) Pause Young (Normal) (G1 Evacuation Pause) 448M->403M(1024M) 2335.974ms
[2026-01-16T08:37:23.051+0000][gc,cpu      ] GC(417) User=0.78s Sys=0.10s Real=2.34s
[2026-01-16T08:37:36.915+0000][gc,start    ] GC(418) Pause Young (Normal) (G1 Evacuation Pause)
[2026-01-16T08:37:36.946+0000][gc,task     ] GC(418) Using 8 workers of 8 for evacuation
[2026-01-16T08:37:38.073+0000][gc,mmu      ] GC(418) MMU target violated: 201.0ms (200.0ms/201.0ms)
[2026-01-16T08:37:38.074+0000][gc,phases   ] GC(418)   Pre Evacuate Collection Set: 55.6ms
[2026-01-16T08:37:38.080+0000][gc,phases   ] GC(418)   Merge Heap Roots: 0.7ms
[2026-01-16T08:37:38.080+0000][gc,phases   ] GC(418)   Evacuate Collection Set: 971.4ms
[2026-01-16T08:37:38.085+0000][gc,phases   ] GC(418)   Post Evacuate Collection Set: 73.3ms
[2026-01-16T08:37:38.085+0000][gc,phases   ] GC(418)   Other: 54.5ms
[2026-01-16T08:37:38.088+0000][gc,heap     ] GC(418) Eden regions: 46->0(46)
[2026-01-16T08:37:38.093+0000][gc,heap     ] GC(418) Survivor regions: 5->5(7)
[2026-01-16T08:37:38.096+0000][gc,heap     ] GC(418) Old regions: 251->251
[2026-01-16T08:37:38.098+0000][gc,heap     ] GC(418) Humongous regions: 149->149
[2026-01-16T08:37:38.098+0000][gc,metaspace] GC(418) Metaspace: 15277K(15744K)->15277K(15744K) NonClass: 13567K(13760K)->13567K(13760K) Class: 1710K(1984K)->1710K(1984K)
[2026-01-16T08:37:38.099+0000][gc          ] GC(418) Pause Young (Normal) (G1 Evacuation Pause) 449M->404M(1024M) 1184.164ms
[2026-01-16T08:37:38.106+0000][gc,cpu      ] GC(418) User=0.46s Sys=0.03s Real=1.19s
[2026-01-16T08:37:42.580+0000][gc,start    ] GC(419) Pause Young (Normal) (G1 Evacuation Pause)
[2026-01-16T08:37:42.652+0000][gc,task     ] GC(419) Using 8 workers of 8 for evacuation
[2026-01-16T08:37:43.792+0000][gc,mmu      ] GC(419) MMU target violated: 201.0ms (200.0ms/201.0ms)
[2026-01-16T08:37:43.793+0000][gc,phases   ] GC(419)   Pre Evacuate Collection Set: 121.6ms
[2026-01-16T08:37:43.803+0000][gc,phases   ] GC(419)   Merge Heap Roots: 26.1ms
[2026-01-16T08:37:43.804+0000][gc,phases   ] GC(419)   Evacuate Collection Set: 897.6ms
[2026-01-16T08:37:43.804+0000][gc,phases   ] GC(419)   Post Evacuate Collection Set: 69.5ms
[2026-01-16T08:37:43.805+0000][gc,phases   ] GC(419)   Other: 86.1ms
[2026-01-16T08:37:43.806+0000][gc,heap     ] GC(419) Eden regions: 46->0(46)
[2026-01-16T08:37:43.806+0000][gc,heap     ] GC(419) Survivor regions: 5->5(7)
[2026-01-16T08:37:43.807+0000][gc,heap     ] GC(419) Old regions: 251->252
[2026-01-16T08:37:43.807+0000][gc,heap     ] GC(419) Humongous regions: 149->149
[2026-01-16T08:37:43.807+0000][gc,metaspace] GC(419) Metaspace: 15278K(15744K)->15278K(15744K) NonClass: 13567K(13760K)->13567K(13760K) Class: 1710K(1984K)->1710K(1984K)
[2026-01-16T08:37:43.808+0000][gc          ] GC(419) Pause Young (Normal) (G1 Evacuation Pause) 450M->405M(1024M) 1227.552ms
[2026-01-16T08:37:43.814+0000][gc,cpu      ] GC(419) User=0.45s Sys=0.07s Real=1.23s
[2026-01-16T08:37:52.690+0000][gc,start    ] GC(420) Pause Young (Normal) (G1 Evacuation Pause)
[2026-01-16T08:37:52.778+0000][gc,task     ] GC(420) Using 8 workers of 8 for evacuation
[2026-01-16T08:37:54.393+0000][gc,mmu      ] GC(420) MMU target violated: 201.0ms (200.0ms/201.0ms)
[2026-01-16T08:37:54.398+0000][gc,phases   ] GC(420)   Pre Evacuate Collection Set: 69.4ms
[2026-01-16T08:37:54.401+0000][gc,phases   ] GC(420)   Merge Heap Roots: 23.4ms
[2026-01-16T08:37:54.406+0000][gc,phases   ] GC(420)   Evacuate Collection Set: 1390.1ms
[2026-01-16T08:37:54.410+0000][gc,phases   ] GC(420)   Post Evacuate Collection Set: 117.2ms
[2026-01-16T08:37:54.410+0000][gc,phases   ] GC(420)   Other: 19.3ms
[2026-01-16T08:37:54.411+0000][gc,heap     ] GC(420) Eden regions: 46->0(46)
[2026-01-16T08:37:54.412+0000][gc,heap     ] GC(420) Survivor regions: 5->5(7)
[2026-01-16T08:37:54.413+0000][gc,heap     ] GC(420) Old regions: 252->253
[2026-01-16T08:37:54.414+0000][gc,heap     ] GC(420) Humongous regions: 149->149
[2026-01-16T08:37:54.419+0000][gc,metaspace] GC(420) Metaspace: 15278K(15744K)->15278K(15744K) NonClass: 13567K(13760K)->13567K(13760K) Class: 1710K(1984K)->1710K(1984K)
[2026-01-16T08:37:54.449+0000][gc          ] GC(420) Pause Young (Normal) (G1 Evacuation Pause) 451M->405M(1024M) 1761.439ms
[2026-01-16T08:37:54.450+0000][gc,cpu      ] GC(420) User=1.07s Sys=0.15s Real=1.76s
[2026-01-16T08:38:00.038+0000][gc,start    ] GC(421) Pause Young (Normal) (G1 Evacuation Pause)
[2026-01-16T08:38:00.047+0000][gc,task     ] GC(421) Using 8 workers of 8 for evacuation
[2026-01-16T08:38:01.686+0000][gc,mmu      ] GC(421) MMU target violated: 201.0ms (200.0ms/201.0ms)
[2026-01-16T08:38:01.689+0000][gc,phases   ] GC(421)   Pre Evacuate Collection Set: 190.8ms
[2026-01-16T08:38:01.689+0000][gc,phases   ] GC(421)   Merge Heap Roots: 9.4ms
[2026-01-16T08:38:01.689+0000][gc,phases   ] GC(421)   Evacuate Collection Set: 1342.2ms
[2026-01-16T08:38:01.689+0000][gc,phases   ] GC(421)   Post Evacuate Collection Set: 86.9ms
[2026-01-16T08:38:01.689+0000][gc,phases   ] GC(421)   Other: 15.1ms
[2026-01-16T08:38:01.689+0000][gc,heap     ] GC(421) Eden regions: 46->0(46)
[2026-01-16T08:38:01.692+0000][gc,heap     ] GC(421) Survivor regions: 5->5(7)
[2026-01-16T08:38:01.693+0000][gc,heap     ] GC(421) Old regions: 253->254
[2026-01-16T08:38:01.693+0000][gc,heap     ] GC(421) Humongous regions: 149->149
[2026-01-16T08:38:01.694+0000][gc,metaspace] GC(421) Metaspace: 15278K(15744K)->15278K(15744K) NonClass: 13568K(13760K)->13568K(13760K) Class: 1710K(1984K)->1710K(1984K)
[2026-01-16T08:38:01.694+0000][gc          ] GC(421) Pause Young (Normal) (G1 Evacuation Pause) 451M->406M(1024M) 1655.890ms
[2026-01-16T08:38:01.698+0000][gc,cpu      ] GC(421) User=0.58s Sys=0.06s Real=1.66s
[2026-01-16T08:38:07.543+0000][gc,start    ] GC(422) Pause Young (Normal) (G1 Evacuation Pause)
[2026-01-16T08:38:07.552+0000][gc,task     ] GC(422) Using 8 workers of 8 for evacuation
[2026-01-16T08:38:08.310+0000][gc,mmu      ] GC(422) MMU target violated: 201.0ms (200.0ms/201.0ms)
[2026-01-16T08:38:08.318+0000][gc,phases   ] GC(422)   Pre Evacuate Collection Set: 66.9ms
[2026-01-16T08:38:08.319+0000][gc,phases   ] GC(422)   Merge Heap Roots: 13.2ms
[2026-01-16T08:38:08.319+0000][gc,phases   ] GC(422)   Evacuate Collection Set: 581.6ms
[2026-01-16T08:38:08.319+0000][gc,phases   ] GC(422)   Post Evacuate Collection Set: 73.8ms
[2026-01-16T08:38:08.319+0000][gc,phases   ] GC(422)   Other: 37.9ms
[2026-01-16T08:38:08.319+0000][gc,heap     ] GC(422) Eden regions: 46->0(47)
[2026-01-16T08:38:08.319+0000][gc,heap     ] GC(422) Survivor regions: 5->4(7)
[2026-01-16T08:38:08.319+0000][gc,heap     ] GC(422) Old regions: 254->255
[2026-01-16T08:38:08.320+0000][gc,heap     ] GC(422) Humongous regions: 149->149
[2026-01-16T08:38:08.321+0000][gc,metaspace] GC(422) Metaspace: 15279K(15744K)->15279K(15744K) NonClass: 13569K(13760K)->13569K(13760K) Class: 1710K(1984K)->1710K(1984K)
[2026-01-16T08:38:08.321+0000][gc          ] GC(422) Pause Young (Normal) (G1 Evacuation Pause) 452M->407M(1024M) 778.256ms
[2026-01-16T08:38:08.322+0000][gc,cpu      ] GC(422) User=0.47s Sys=0.06s Real=0.78s
[2026-01-16T08:38:12.069+0000][gc,start    ] GC(423) Pause Young (Normal) (G1 Evacuation Pause)
[2026-01-16T08:38:12.132+0000][gc,task     ] GC(423) Using 8 workers of 8 for evacuation
[2026-01-16T08:38:14.385+0000][gc,mmu      ] GC(423) MMU target violated: 201.0ms (200.0ms/201.0ms)
[2026-01-16T08:38:14.394+0000][gc,phases   ] GC(423)   Pre Evacuate Collection Set: 92.6ms
[2026-01-16T08:38:14.394+0000][gc,phases   ] GC(423)   Merge Heap Roots: 3.0ms
[2026-01-16T08:38:14.396+0000][gc,phases   ] GC(423)   Evacuate Collection Set: 1970.1ms
[2026-01-16T08:38:14.396+0000][gc,phases   ] GC(423)   Post Evacuate Collection Set: 181.2ms
[2026-01-16T08:38:14.399+0000][gc,phases   ] GC(423)   Other: 18.8ms
[2026-01-16T08:38:14.400+0000][gc,heap     ] GC(423) Eden regions: 47->0(47)
[2026-01-16T08:38:14.400+0000][gc,heap     ] GC(423) Survivor regions: 4->4(7)
[2026-01-16T08:38:14.400+0000][gc,heap     ] GC(423) Old regions: 255->255
[2026-01-16T08:38:14.400+0000][gc,heap     ] GC(423) Humongous regions: 149->149
[2026-01-16T08:38:14.400+0000][gc,metaspace] GC(423) Metaspace: 15280K(15744K)->15280K(15744K) NonClass: 13570K(13760K)->13570K(13760K) Class: 1710K(1984K)->1710K(1984K)
[2026-01-16T08:38:14.401+0000][gc          ] GC(423) Pause Young (Normal) (G1 Evacuation Pause) 454M->407M(1024M) 2332.687ms
[2026-01-16T08:38:14.403+0000][gc,cpu      ] GC(423) User=0.88s Sys=0.11s Real=2.33s
[2026-01-16T08:38:19.218+0000][gc,start    ] GC(424) Pause Young (Normal) (G1 Evacuation Pause)
[2026-01-16T08:38:19.220+0000][gc,task     ] GC(424) Using 8 workers of 8 for evacuation
[2026-01-16T08:38:20.580+0000][gc,mmu      ] GC(424) MMU target violated: 201.0ms (200.0ms/201.0ms)
[2026-01-16T08:38:20.588+0000][gc,phases   ] GC(424)   Pre Evacuate Collection Set: 175.2ms
[2026-01-16T08:38:20.590+0000][gc,phases   ] GC(424)   Merge Heap Roots: 11.5ms
[2026-01-16T08:38:20.591+0000][gc,phases   ] GC(424)   Evacuate Collection Set: 1090.9ms
[2026-01-16T08:38:20.593+0000][gc,phases   ] GC(424)   Post Evacuate Collection Set: 81.2ms
[2026-01-16T08:38:20.601+0000][gc,phases   ] GC(424)   Other: 9.3ms
[2026-01-16T08:38:20.609+0000][gc,heap     ] GC(424) Eden regions: 47->0(47)
[2026-01-16T08:38:20.610+0000][gc,heap     ] GC(424) Survivor regions: 4->4(7)
[2026-01-16T08:38:20.611+0000][gc,heap     ] GC(424) Old regions: 255->256
[2026-01-16T08:38:20.612+0000][gc,heap     ] GC(424) Humongous regions: 149->149
[2026-01-16T08:38:20.614+0000][gc,metaspace] GC(424) Metaspace: 15280K(15744K)->15280K(15744K) NonClass: 13570K(13760K)->13570K(13760K) Class: 1710K(1984K)->1710K(1984K)
[2026-01-16T08:38:20.652+0000][gc          ] GC(424) Pause Young (Normal) (G1 Evacuation Pause) 454M->408M(1024M) 1434.282ms
[2026-01-16T08:38:20.683+0000][gc,cpu      ] GC(424) User=0.56s Sys=0.06s Real=1.45s
[2026-01-16T08:38:26.749+0000][gc,start    ] GC(425) Pause Young (Normal) (G1 Evacuation Pause)
[2026-01-16T08:38:26.824+0000][gc,task     ] GC(425) Using 8 workers of 8 for evacuation
[2026-01-16T08:38:29.928+0000][gc,mmu      ] GC(425) MMU target violated: 201.0ms (200.0ms/201.0ms)
[2026-01-16T08:38:29.949+0000][gc,phases   ] GC(425)   Pre Evacuate Collection Set: 89.5ms
[2026-01-16T08:38:29.949+0000][gc,phases   ] GC(425)   Merge Heap Roots: 7.9ms
[2026-01-16T08:38:29.953+0000][gc,phases   ] GC(425)   Evacuate Collection Set: 2469.7ms
[2026-01-16T08:38:29.961+0000][gc,phases   ] GC(425)   Post Evacuate Collection Set: 506.4ms
[2026-01-16T08:38:29.963+0000][gc,phases   ] GC(425)   Other: 69.3ms
[2026-01-16T08:38:29.976+0000][gc,heap     ] GC(425) Eden regions: 47->0(47)
[2026-01-16T08:38:29.978+0000][gc,heap     ] GC(425) Survivor regions: 4->4(7)
[2026-01-16T08:38:29.978+0000][gc,heap     ] GC(425) Old regions: 256->257
[2026-01-16T08:38:29.979+0000][gc,heap     ] GC(425) Humongous regions: 149->149
[2026-01-16T08:38:29.979+0000][gc,metaspace] GC(425) Metaspace: 15280K(15744K)->15280K(15744K) NonClass: 13570K(13760K)->13570K(13760K) Class: 1710K(1984K)->1710K(1984K)
[2026-01-16T08:38:30.066+0000][gc          ] GC(425) Pause Young (Normal) (G1 Evacuation Pause) 455M->409M(1024M) 3316.724ms
[2026-01-16T08:38:30.066+0000][gc,cpu      ] GC(425) User=1.22s Sys=0.17s Real=3.31s
[2026-01-16T08:38:43.055+0000][gc,start    ] GC(426) Pause Young (Normal) (G1 Evacuation Pause)
[2026-01-16T08:38:43.060+0000][gc,task     ] GC(426) Using 8 workers of 8 for evacuation
[2026-01-16T08:38:44.574+0000][gc,mmu      ] GC(426) MMU target violated: 201.0ms (200.0ms/201.0ms)
[2026-01-16T08:38:44.579+0000][gc,phases   ] GC(426)   Pre Evacuate Collection Set: 84.7ms
[2026-01-16T08:38:44.582+0000][gc,phases   ] GC(426)   Merge Heap Roots: 3.6ms
[2026-01-16T08:38:44.582+0000][gc,phases   ] GC(426)   Evacuate Collection Set: 1306.4ms
[2026-01-16T08:38:44.582+0000][gc,phases   ] GC(426)   Post Evacuate Collection Set: 115.3ms
[2026-01-16T08:38:44.584+0000][gc,phases   ] GC(426)   Other: 9.3ms
[2026-01-16T08:38:44.586+0000][gc,heap     ] GC(426) Eden regions: 47->0(46)
[2026-01-16T08:38:44.588+0000][gc,heap     ] GC(426) Survivor regions: 4->5(7)
[2026-01-16T08:38:44.589+0000][gc,heap     ] GC(426) Old regions: 257->258
[2026-01-16T08:38:44.589+0000][gc,heap     ] GC(426) Humongous regions: 149->149
[2026-01-16T08:38:44.589+0000][gc,metaspace] GC(426) Metaspace: 15281K(15744K)->15281K(15744K) NonClass: 13570K(13760K)->13570K(13760K) Class: 1710K(1984K)->1710K(1984K)
[2026-01-16T08:38:44.590+0000][gc          ] GC(426) Pause Young (Normal) (G1 Evacuation Pause) 456M->410M(1024M) 1534.767ms
[2026-01-16T08:38:44.592+0000][gc,cpu      ] GC(426) User=0.68s Sys=0.09s Real=1.53s
[2026-01-16T08:38:48.159+0000][gc,start    ] GC(427) Pause Young (Normal) (G1 Evacuation Pause)
[2026-01-16T08:38:48.167+0000][gc,task     ] GC(427) Using 8 workers of 8 for evacuation
[2026-01-16T08:38:50.113+0000][gc,mmu      ] GC(427) MMU target violated: 201.0ms (200.0ms/201.0ms)
[2026-01-16T08:38:50.121+0000][gc,phases   ] GC(427)   Pre Evacuate Collection Set: 136.0ms
[2026-01-16T08:38:50.121+0000][gc,phases   ] GC(427)   Merge Heap Roots: 4.5ms
[2026-01-16T08:38:50.123+0000][gc,phases   ] GC(427)   Evacuate Collection Set: 1657.4ms
[2026-01-16T08:38:50.123+0000][gc,phases   ] GC(427)   Post Evacuate Collection Set: 140.5ms
[2026-01-16T08:38:50.123+0000][gc,phases   ] GC(427)   Other: 16.0ms
[2026-01-16T08:38:50.124+0000][gc,heap     ] GC(427) Eden regions: 46->0(47)
[2026-01-16T08:38:50.124+0000][gc,heap     ] GC(427) Survivor regions: 5->4(7)
[2026-01-16T08:38:50.124+0000][gc,heap     ] GC(427) Old regions: 258->259
[2026-01-16T08:38:50.124+0000][gc,heap     ] GC(427) Humongous regions: 149->149
[2026-01-16T08:38:50.124+0000][gc,metaspace] GC(427) Metaspace: 15281K(15744K)->15281K(15744K) NonClass: 13570K(13760K)->13570K(13760K) Class: 1710K(1984K)->1710K(1984K)
[2026-01-16T08:38:50.125+0000][gc          ] GC(427) Pause Young (Normal) (G1 Evacuation Pause) 456M->410M(1024M) 1966.266ms
[2026-01-16T08:38:50.125+0000][gc,cpu      ] GC(427) User=0.66s Sys=0.09s Real=1.97s
[2026-01-16T08:38:56.591+0000][gc,start    ] GC(428) Pause Young (Normal) (G1 Evacuation Pause)
[2026-01-16T08:38:56.592+0000][gc,task     ] GC(428) Using 8 workers of 8 for evacuation
[2026-01-16T08:38:57.664+0000][gc,mmu      ] GC(428) MMU target violated: 201.0ms (200.0ms/201.0ms)
[2026-01-16T08:38:57.669+0000][gc,phases   ] GC(428)   Pre Evacuate Collection Set: 82.0ms
[2026-01-16T08:38:57.670+0000][gc,phases   ] GC(428)   Merge Heap Roots: 4.6ms
[2026-01-16T08:38:57.671+0000][gc,phases   ] GC(428)   Evacuate Collection Set: 937.4ms
[2026-01-16T08:38:57.672+0000][gc,phases   ] GC(428)   Post Evacuate Collection Set: 35.9ms
[2026-01-16T08:38:57.672+0000][gc,phases   ] GC(428)   Other: 17.3ms
[2026-01-16T08:38:57.673+0000][gc,heap     ] GC(428) Eden regions: 47->0(47)
[2026-01-16T08:38:57.675+0000][gc,heap     ] GC(428) Survivor regions: 4->4(7)
[2026-01-16T08:38:57.682+0000][gc,heap     ] GC(428) Old regions: 259->259
[2026-01-16T08:38:57.683+0000][gc,heap     ] GC(428) Humongous regions: 149->149
[2026-01-16T08:38:57.684+0000][gc,metaspace] GC(428) Metaspace: 15281K(15744K)->15281K(15744K) NonClass: 13570K(13760K)->13570K(13760K) Class: 1710K(1984K)->1710K(1984K)
[2026-01-16T08:38:57.684+0000][gc          ] GC(428) Pause Young (Normal) (G1 Evacuation Pause) 457M->411M(1024M) 1092.960ms
[2026-01-16T08:38:57.689+0000][gc,cpu      ] GC(428) User=0.49s Sys=0.03s Real=1.10s
[2026-01-16T08:39:02.758+0000][gc,start    ] GC(429) Pause Young (Normal) (G1 Evacuation Pause)
[2026-01-16T08:39:02.875+0000][gc,task     ] GC(429) Using 8 workers of 8 for evacuation
[2026-01-16T08:39:05.135+0000][gc,mmu      ] GC(429) MMU target violated: 201.0ms (200.0ms/201.0ms)
[2026-01-16T08:39:05.151+0000][gc,phases   ] GC(429)   Pre Evacuate Collection Set: 131.2ms
[2026-01-16T08:39:05.153+0000][gc,phases   ] GC(429)   Merge Heap Roots: 22.9ms
[2026-01-16T08:39:05.154+0000][gc,phases   ] GC(429)   Evacuate Collection Set: 1916.9ms
[2026-01-16T08:39:05.155+0000][gc,phases   ] GC(429)   Post Evacuate Collection Set: 159.0ms
[2026-01-16T08:39:05.155+0000][gc,phases   ] GC(429)   Other: 75.2ms
[2026-01-16T08:39:05.156+0000][gc,heap     ] GC(429) Eden regions: 47->0(47)
[2026-01-16T08:39:05.156+0000][gc,heap     ] GC(429) Survivor regions: 4->4(7)
[2026-01-16T08:39:05.161+0000][gc,heap     ] GC(429) Old regions: 259->260
[2026-01-16T08:39:05.163+0000][gc,heap     ] GC(429) Humongous regions: 149->149
[2026-01-16T08:39:05.163+0000][gc,metaspace] GC(429) Metaspace: 15281K(15744K)->15281K(15744K) NonClass: 13571K(13760K)->13571K(13760K) Class: 1710K(1984K)->1710K(1984K)
[2026-01-16T08:39:05.167+0000][gc          ] GC(429) Pause Young (Normal) (G1 Evacuation Pause) 458M->412M(1024M) 2426.048ms
[2026-01-16T08:39:05.168+0000][gc,cpu      ] GC(429) User=0.85s Sys=0.11s Real=2.44s
[2026-01-16T08:39:09.788+0000][gc,start    ] GC(430) Pause Young (Normal) (G1 Evacuation Pause)
[2026-01-16T08:39:09.792+0000][gc,task     ] GC(430) Using 8 workers of 8 for evacuation
[2026-01-16T08:39:10.440+0000][gc,mmu      ] GC(430) MMU target violated: 201.0ms (200.0ms/201.0ms)
[2026-01-16T08:39:10.441+0000][gc,phases   ] GC(430)   Pre Evacuate Collection Set: 41.9ms
[2026-01-16T08:39:10.441+0000][gc,phases   ] GC(430)   Merge Heap Roots: 10.7ms
[2026-01-16T08:39:10.441+0000][gc,phases   ] GC(430)   Evacuate Collection Set: 574.7ms
[2026-01-16T08:39:10.442+0000][gc,phases   ] GC(430)   Post Evacuate Collection Set: 20.3ms
[2026-01-16T08:39:10.442+0000][gc,phases   ] GC(430)   Other: 1.4ms
[2026-01-16T08:39:10.442+0000][gc,heap     ] GC(430) Eden regions: 47->0(46)
[2026-01-16T08:39:10.448+0000][gc,heap     ] GC(430) Survivor regions: 4->5(7)
[2026-01-16T08:39:10.449+0000][gc,heap     ] GC(430) Old regions: 260->260
[2026-01-16T08:39:10.450+0000][gc,heap     ] GC(430) Humongous regions: 149->149
[2026-01-16T08:39:10.450+0000][gc,metaspace] GC(430) Metaspace: 15281K(15744K)->15281K(15744K) NonClass: 13571K(13760K)->13571K(13760K) Class: 1710K(1984K)->1710K(1984K)
[2026-01-16T08:39:10.451+0000][gc          ] GC(430) Pause Young (Normal) (G1 Evacuation Pause) 459M->412M(1024M) 662.656ms
[2026-01-16T08:39:10.452+0000][gc,cpu      ] GC(430) User=0.30s Sys=0.00s Real=0.66s
[2026-01-16T08:39:12.413+0000][gc,start    ] GC(431) Pause Young (Normal) (G1 Evacuation Pause)
[2026-01-16T08:39:12.420+0000][gc,task     ] GC(431) Using 8 workers of 8 for evacuation
[2026-01-16T08:39:13.353+0000][gc,mmu      ] GC(431) MMU target violated: 201.0ms (200.0ms/201.0ms)
[2026-01-16T08:39:13.357+0000][gc,phases   ] GC(431)   Pre Evacuate Collection Set: 182.2ms
[2026-01-16T08:39:13.359+0000][gc,phases   ] GC(431)   Merge Heap Roots: 40.8ms
[2026-01-16T08:39:13.360+0000][gc,phases   ] GC(431)   Evacuate Collection Set: 630.7ms
[2026-01-16T08:39:13.360+0000][gc,phases   ] GC(431)   Post Evacuate Collection Set: 37.1ms
[2026-01-16T08:39:13.361+0000][gc,phases   ] GC(431)   Other: 51.6ms
[2026-01-16T08:39:13.361+0000][gc,heap     ] GC(431) Eden regions: 46->0(46)
[2026-01-16T08:39:13.362+0000][gc,heap     ] GC(431) Survivor regions: 5->5(7)
[2026-01-16T08:39:13.362+0000][gc,heap     ] GC(431) Old regions: 260->261
[2026-01-16T08:39:13.362+0000][gc,heap     ] GC(431) Humongous regions: 149->149
[2026-01-16T08:39:13.363+0000][gc,metaspace] GC(431) Metaspace: 15281K(15744K)->15281K(15744K) NonClass: 13571K(13760K)->13571K(13760K) Class: 1710K(1984K)->1710K(1984K)
[2026-01-16T08:39:13.363+0000][gc          ] GC(431) Pause Young (Normal) (G1 Evacuation Pause) 458M->413M(1024M) 950.656ms
[2026-01-16T08:39:13.364+0000][gc,cpu      ] GC(431) User=0.64s Sys=0.12s Real=0.95s
[2026-01-16T08:39:16.154+0000][gc,start    ] GC(432) Pause Young (Normal) (G1 Evacuation Pause)
[2026-01-16T08:39:16.157+0000][gc,task     ] GC(432) Using 8 workers of 8 for evacuation
[2026-01-16T08:39:18.560+0000][gc,mmu      ] GC(432) MMU target violated: 201.0ms (200.0ms/201.0ms)
[2026-01-16T08:39:18.573+0000][gc,phases   ] GC(432)   Pre Evacuate Collection Set: 111.9ms
[2026-01-16T08:39:18.575+0000][gc,phases   ] GC(432)   Merge Heap Roots: 25.3ms
[2026-01-16T08:39:18.603+0000][gc,phases   ] GC(432)   Evacuate Collection Set: 1815.0ms
[2026-01-16T08:39:18.608+0000][gc,phases   ] GC(432)   Post Evacuate Collection Set: 417.4ms
[2026-01-16T08:39:18.614+0000][gc,phases   ] GC(432)   Other: 41.1ms
[2026-01-16T08:39:18.617+0000][gc,heap     ] GC(432) Eden regions: 46->0(47)
[2026-01-16T08:39:18.621+0000][gc,heap     ] GC(432) Survivor regions: 5->4(7)
[2026-01-16T08:39:18.624+0000][gc,heap     ] GC(432) Old regions: 261->262
[2026-01-16T08:39:18.628+0000][gc,heap     ] GC(432) Humongous regions: 149->149
[2026-01-16T08:39:18.630+0000][gc,metaspace] GC(432) Metaspace: 15282K(15744K)->15282K(15744K) NonClass: 13571K(13760K)->13571K(13760K) Class: 1710K(1984K)->1710K(1984K)
[2026-01-16T08:39:18.635+0000][gc          ] GC(432) Pause Young (Normal) (G1 Evacuation Pause) 459M->413M(1024M) 2480.307ms
[2026-01-16T08:39:18.700+0000][gc,cpu      ] GC(432) User=1.05s Sys=0.19s Real=2.52s
[2026-01-16T08:39:27.177+0000][gc,start    ] GC(433) Pause Young (Normal) (G1 Evacuation Pause)
[2026-01-16T08:39:27.199+0000][gc,task     ] GC(433) Using 8 workers of 8 for evacuation
[2026-01-16T08:39:29.674+0000][gc,mmu      ] GC(433) MMU target violated: 201.0ms (200.0ms/201.0ms)
[2026-01-16T08:39:29.682+0000][gc,phases   ] GC(433)   Pre Evacuate Collection Set: 39.4ms
[2026-01-16T08:39:29.690+0000][gc,phases   ] GC(433)   Merge Heap Roots: 8.5ms
[2026-01-16T08:39:29.690+0000][gc,phases   ] GC(433)   Evacuate Collection Set: 2313.1ms
[2026-01-16T08:39:29.692+0000][gc,phases   ] GC(433)   Post Evacuate Collection Set: 110.8ms
[2026-01-16T08:39:29.693+0000][gc,phases   ] GC(433)   Other: 12.8ms
[2026-01-16T08:39:29.697+0000][gc,heap     ] GC(433) Eden regions: 47->0(46)
[2026-01-16T08:39:29.704+0000][gc,heap     ] GC(433) Survivor regions: 4->5(7)
[2026-01-16T08:39:29.705+0000][gc,heap     ] GC(433) Old regions: 262->262
[2026-01-16T08:39:29.705+0000][gc,heap     ] GC(433) Humongous regions: 149->149
[2026-01-16T08:39:29.708+0000][gc,metaspace] GC(433) Metaspace: 15282K(15744K)->15282K(15744K) NonClass: 13572K(13760K)->13572K(13760K) Class: 1710K(1984K)->1710K(1984K)
[2026-01-16T08:39:29.720+0000][gc          ] GC(433) Pause Young (Normal) (G1 Evacuation Pause) 460M->415M(1024M) 2542.695ms
[2026-01-16T08:39:29.729+0000][gc,cpu      ] GC(433) User=0.86s Sys=0.06s Real=2.56s
[2026-01-16T08:39:34.032+0000][gc,start    ] GC(434) Pause Young (Normal) (G1 Evacuation Pause)
[2026-01-16T08:39:34.036+0000][gc,task     ] GC(434) Using 8 workers of 8 for evacuation
[2026-01-16T08:39:35.126+0000][gc,mmu      ] GC(434) MMU target violated: 201.0ms (200.0ms/201.0ms)
[2026-01-16T08:39:35.128+0000][gc,phases   ] GC(434)   Pre Evacuate Collection Set: 112.8ms
[2026-01-16T08:39:35.131+0000][gc,phases   ] GC(434)   Merge Heap Roots: 48.0ms
[2026-01-16T08:39:35.133+0000][gc,phases   ] GC(434)   Evacuate Collection Set: 770.0ms
[2026-01-16T08:39:35.138+0000][gc,phases   ] GC(434)   Post Evacuate Collection Set: 144.1ms
[2026-01-16T08:39:35.142+0000][gc,phases   ] GC(434)   Other: 17.3ms
[2026-01-16T08:39:35.143+0000][gc,heap     ] GC(434) Eden regions: 46->0(47)
[2026-01-16T08:39:35.143+0000][gc,heap     ] GC(434) Survivor regions: 5->4(7)
[2026-01-16T08:39:35.144+0000][gc,heap     ] GC(434) Old regions: 262->264
[2026-01-16T08:39:35.144+0000][gc,heap     ] GC(434) Humongous regions: 149->149
[2026-01-16T08:39:35.145+0000][gc,metaspace] GC(434) Metaspace: 15282K(15744K)->15282K(15744K) NonClass: 13572K(13760K)->13572K(13760K) Class: 1710K(1984K)->1710K(1984K)
[2026-01-16T08:39:35.146+0000][gc          ] GC(434) Pause Young (Normal) (G1 Evacuation Pause) 461M->415M(1024M) 1114.158ms
[2026-01-16T08:39:35.147+0000][gc,cpu      ] GC(434) User=0.41s Sys=0.05s Real=1.11s
[2026-01-16T08:39:37.719+0000][gc,start    ] GC(435) Pause Young (Normal) (G1 Evacuation Pause)
[2026-01-16T08:39:37.726+0000][gc,task     ] GC(435) Using 8 workers of 8 for evacuation
[2026-01-16T08:39:38.229+0000][gc,mmu      ] GC(435) MMU target violated: 201.0ms (200.0ms/201.0ms)
[2026-01-16T08:39:38.231+0000][gc,phases   ] GC(435)   Pre Evacuate Collection Set: 75.4ms
[2026-01-16T08:39:38.232+0000][gc,phases   ] GC(435)   Merge Heap Roots: 5.1ms
[2026-01-16T08:39:38.232+0000][gc,phases   ] GC(435)   Evacuate Collection Set: 404.2ms
[2026-01-16T08:39:38.232+0000][gc,phases   ] GC(435)   Post Evacuate Collection Set: 17.6ms
[2026-01-16T08:39:38.233+0000][gc,phases   ] GC(435)   Other: 2.9ms
[2026-01-16T08:39:38.235+0000][gc,heap     ] GC(435) Eden regions: 47->0(46)
[2026-01-16T08:39:38.236+0000][gc,heap     ] GC(435) Survivor regions: 4->5(7)
[2026-01-16T08:39:38.236+0000][gc,heap     ] GC(435) Old regions: 264->264
[2026-01-16T08:39:38.236+0000][gc,heap     ] GC(435) Humongous regions: 149->149
[2026-01-16T08:39:38.237+0000][gc,metaspace] GC(435) Metaspace: 15283K(15744K)->15283K(15744K) NonClass: 13573K(13760K)->13573K(13760K) Class: 1710K(1984K)->1710K(1984K)
[2026-01-16T08:39:38.242+0000][gc          ] GC(435) Pause Young (Normal) (G1 Evacuation Pause) 462M->416M(1024M) 518.117ms
[2026-01-16T08:39:38.244+0000][gc,cpu      ] GC(435) User=0.38s Sys=0.03s Real=0.52s
[2026-01-16T08:39:39.579+0000][gc,start    ] GC(436) Pause Young (Normal) (G1 Evacuation Pause)
[2026-01-16T08:39:39.582+0000][gc,task     ] GC(436) Using 8 workers of 8 for evacuation
[2026-01-16T08:39:39.962+0000][gc,mmu      ] GC(436) MMU target violated: 201.0ms (200.0ms/201.0ms)
[2026-01-16T08:39:39.966+0000][gc,phases   ] GC(436)   Pre Evacuate Collection Set: 17.7ms
[2026-01-16T08:39:39.974+0000][gc,phases   ] GC(436)   Merge Heap Roots: 1.8ms
[2026-01-16T08:39:39.974+0000][gc,phases   ] GC(436)   Evacuate Collection Set: 332.6ms
[2026-01-16T08:39:39.974+0000][gc,phases   ] GC(436)   Post Evacuate Collection Set: 27.6ms
[2026-01-16T08:39:39.975+0000][gc,phases   ] GC(436)   Other: 5.2ms
[2026-01-16T08:39:39.975+0000][gc,heap     ] GC(436) Eden regions: 46->0(46)
[2026-01-16T08:39:39.975+0000][gc,heap     ] GC(436) Survivor regions: 5->5(7)
[2026-01-16T08:39:39.975+0000][gc,heap     ] GC(436) Old regions: 264->264
[2026-01-16T08:39:39.975+0000][gc,heap     ] GC(436) Humongous regions: 149->149
[2026-01-16T08:39:39.975+0000][gc,metaspace] GC(436) Metaspace: 15283K(15744K)->15283K(15744K) NonClass: 13573K(13760K)->13573K(13760K) Class: 1710K(1984K)->1710K(1984K)
[2026-01-16T08:39:39.976+0000][gc          ] GC(436) Pause Young (Normal) (G1 Evacuation Pause) 462M->417M(1024M) 396.917ms
[2026-01-16T08:39:39.976+0000][gc,cpu      ] GC(436) User=0.10s Sys=0.03s Real=0.39s
[2026-01-16T08:39:40.634+0000][gc,start    ] GC(437) Pause Young (Normal) (G1 Evacuation Pause)
[2026-01-16T08:39:40.638+0000][gc,task     ] GC(437) Using 8 workers of 8 for evacuation
[2026-01-16T08:39:40.930+0000][gc,mmu      ] GC(437) MMU target violated: 201.0ms (200.0ms/201.0ms)
[2026-01-16T08:39:40.931+0000][gc,phases   ] GC(437)   Pre Evacuate Collection Set: 0.7ms
[2026-01-16T08:39:40.932+0000][gc,phases   ] GC(437)   Merge Heap Roots: 0.1ms
[2026-01-16T08:39:40.933+0000][gc,phases   ] GC(437)   Evacuate Collection Set: 258.7ms
[2026-01-16T08:39:40.933+0000][gc,phases   ] GC(437)   Post Evacuate Collection Set: 12.8ms
[2026-01-16T08:39:40.933+0000][gc,phases   ] GC(437)   Other: 21.2ms
[2026-01-16T08:39:40.934+0000][gc,heap     ] GC(437) Eden regions: 46->0(46)
[2026-01-16T08:39:40.934+0000][gc,heap     ] GC(437) Survivor regions: 5->5(7)
[2026-01-16T08:39:40.934+0000][gc,heap     ] GC(437) Old regions: 264->265
[2026-01-16T08:39:40.934+0000][gc,heap     ] GC(437) Humongous regions: 149->149
[2026-01-16T08:39:40.935+0000][gc,metaspace] GC(437) Metaspace: 15283K(15744K)->15283K(15744K) NonClass: 13573K(13760K)->13573K(13760K) Class: 1710K(1984K)->1710K(1984K)
[2026-01-16T08:39:40.936+0000][gc          ] GC(437) Pause Young (Normal) (G1 Evacuation Pause) 463M->417M(1024M) 301.474ms
[2026-01-16T08:39:40.936+0000][gc,cpu      ] GC(437) User=0.09s Sys=0.03s Real=0.30s
[2026-01-16T08:39:41.511+0000][gc,start    ] GC(438) Pause Young (Normal) (G1 Evacuation Pause)
[2026-01-16T08:39:41.512+0000][gc,task     ] GC(438) Using 8 workers of 8 for evacuation
[2026-01-16T08:39:41.647+0000][gc,phases   ] GC(438)   Pre Evacuate Collection Set: 15.9ms
[2026-01-16T08:39:41.651+0000][gc,phases   ] GC(438)   Merge Heap Roots: 1.7ms
[2026-01-16T08:39:41.651+0000][gc,phases   ] GC(438)   Evacuate Collection Set: 115.1ms
[2026-01-16T08:39:41.652+0000][gc,phases   ] GC(438)   Post Evacuate Collection Set: 1.5ms
[2026-01-16T08:39:41.656+0000][gc,phases   ] GC(438)   Other: 0.7ms
[2026-01-16T08:39:41.658+0000][gc,heap     ] GC(438) Eden regions: 46->0(46)
[2026-01-16T08:39:41.661+0000][gc,heap     ] GC(438) Survivor regions: 5->5(7)
[2026-01-16T08:39:41.661+0000][gc,heap     ] GC(438) Old regions: 265->266
[2026-01-16T08:39:41.662+0000][gc,heap     ] GC(438) Humongous regions: 149->149
[2026-01-16T08:39:41.662+0000][gc,metaspace] GC(438) Metaspace: 15283K(15744K)->15283K(15744K) NonClass: 13573K(13760K)->13573K(13760K) Class: 1710K(1984K)->1710K(1984K)
[2026-01-16T08:39:41.663+0000][gc          ] GC(438) Pause Young (Normal) (G1 Evacuation Pause) 463M->418M(1024M) 151.362ms
[2026-01-16T08:39:41.663+0000][gc,cpu      ] GC(438) User=0.07s Sys=0.01s Real=0.15s
[2026-01-16T08:39:42.795+0000][gc,start    ] GC(439) Pause Young (Normal) (G1 Evacuation Pause)
[2026-01-16T08:39:42.802+0000][gc,task     ] GC(439) Using 8 workers of 8 for evacuation
[2026-01-16T08:39:43.164+0000][gc,mmu      ] GC(439) MMU target violated: 201.0ms (200.0ms/201.0ms)
[2026-01-16T08:39:43.168+0000][gc,phases   ] GC(439)   Pre Evacuate Collection Set: 14.7ms
[2026-01-16T08:39:43.173+0000][gc,phases   ] GC(439)   Merge Heap Roots: 0.9ms
[2026-01-16T08:39:43.173+0000][gc,phases   ] GC(439)   Evacuate Collection Set: 318.8ms
[2026-01-16T08:39:43.173+0000][gc,phases   ] GC(439)   Post Evacuate Collection Set: 21.3ms
[2026-01-16T08:39:43.174+0000][gc,phases   ] GC(439)   Other: 10.3ms
[2026-01-16T08:39:43.174+0000][gc,heap     ] GC(439) Eden regions: 46->0(47)
[2026-01-16T08:39:43.174+0000][gc,heap     ] GC(439) Survivor regions: 5->4(7)
[2026-01-16T08:39:43.175+0000][gc,heap     ] GC(439) Old regions: 266->267
[2026-01-16T08:39:43.175+0000][gc,heap     ] GC(439) Humongous regions: 149->149
[2026-01-16T08:39:43.175+0000][gc,metaspace] GC(439) Metaspace: 15283K(15744K)->15283K(15744K) NonClass: 13573K(13760K)->13573K(13760K) Class: 1710K(1984K)->1710K(1984K)
[2026-01-16T08:39:43.180+0000][gc          ] GC(439) Pause Young (Normal) (G1 Evacuation Pause) 464M->419M(1024M) 385.065ms
[2026-01-16T08:39:43.184+0000][gc,cpu      ] GC(439) User=0.11s Sys=0.02s Real=0.39s
[2026-01-16T08:39:43.960+0000][gc,start    ] GC(440) Pause Young (Normal) (G1 Evacuation Pause)
[2026-01-16T08:39:43.986+0000][gc,task     ] GC(440) Using 8 workers of 8 for evacuation
[2026-01-16T08:39:44.128+0000][gc,phases   ] GC(440)   Pre Evacuate Collection Set: 2.1ms
[2026-01-16T08:39:44.129+0000][gc,phases   ] GC(440)   Merge Heap Roots: 2.0ms
[2026-01-16T08:39:44.129+0000][gc,phases   ] GC(440)   Evacuate Collection Set: 136.3ms
[2026-01-16T08:39:44.131+0000][gc,phases   ] GC(440)   Post Evacuate Collection Set: 0.9ms
[2026-01-16T08:39:44.132+0000][gc,phases   ] GC(440)   Other: 0.8ms
[2026-01-16T08:39:44.132+0000][gc,heap     ] GC(440) Eden regions: 47->0(47)
[2026-01-16T08:39:44.132+0000][gc,heap     ] GC(440) Survivor regions: 4->4(7)
[2026-01-16T08:39:44.132+0000][gc,heap     ] GC(440) Old regions: 267->268
[2026-01-16T08:39:44.132+0000][gc,heap     ] GC(440) Humongous regions: 149->149
[2026-01-16T08:39:44.132+0000][gc,metaspace] GC(440) Metaspace: 15283K(15744K)->15283K(15744K) NonClass: 13573K(13760K)->13573K(13760K) Class: 1710K(1984K)->1710K(1984K)
[2026-01-16T08:39:44.133+0000][gc          ] GC(440) Pause Young (Normal) (G1 Evacuation Pause) 466M->420M(1024M) 172.490ms
[2026-01-16T08:39:44.133+0000][gc,cpu      ] GC(440) User=0.07s Sys=0.03s Real=0.17s
[2026-01-16T08:39:44.888+0000][gc,start    ] GC(441) Pause Young (Normal) (G1 Evacuation Pause)
[2026-01-16T08:39:44.892+0000][gc,task     ] GC(441) Using 8 workers of 8 for evacuation
[2026-01-16T08:39:44.984+0000][gc,phases   ] GC(441)   Pre Evacuate Collection Set: 0.8ms
[2026-01-16T08:39:44.984+0000][gc,phases   ] GC(441)   Merge Heap Roots: 0.3ms
[2026-01-16T08:39:44.985+0000][gc,phases   ] GC(441)   Evacuate Collection Set: 89.5ms
[2026-01-16T08:39:44.985+0000][gc,phases   ] GC(441)   Post Evacuate Collection Set: 1.3ms
[2026-01-16T08:39:44.985+0000][gc,phases   ] GC(441)   Other: 0.9ms
[2026-01-16T08:39:44.985+0000][gc,heap     ] GC(441) Eden regions: 47->0(46)
[2026-01-16T08:39:44.986+0000][gc,heap     ] GC(441) Survivor regions: 4->5(7)
[2026-01-16T08:39:44.986+0000][gc,heap     ] GC(441) Old regions: 268->268
[2026-01-16T08:39:44.986+0000][gc,heap     ] GC(441) Humongous regions: 149->149
[2026-01-16T08:39:44.986+0000][gc,metaspace] GC(441) Metaspace: 15283K(15744K)->15283K(15744K) NonClass: 13573K(13760K)->13573K(13760K) Class: 1710K(1984K)->1710K(1984K)
[2026-01-16T08:39:44.987+0000][gc          ] GC(441) Pause Young (Normal) (G1 Evacuation Pause) 467M->420M(1024M) 98.738ms
[2026-01-16T08:39:44.987+0000][gc,cpu      ] GC(441) User=0.06s Sys=0.01s Real=0.09s
[2026-01-16T08:39:46.033+0000][gc,start    ] GC(442) Pause Young (Normal) (G1 Evacuation Pause)
[2026-01-16T08:39:46.047+0000][gc,task     ] GC(442) Using 8 workers of 8 for evacuation
[2026-01-16T08:39:46.593+0000][gc,mmu      ] GC(442) MMU target violated: 201.0ms (200.0ms/201.0ms)
[2026-01-16T08:39:46.594+0000][gc,phases   ] GC(442)   Pre Evacuate Collection Set: 21.0ms
[2026-01-16T08:39:46.600+0000][gc,phases   ] GC(442)   Merge Heap Roots: 3.1ms
[2026-01-16T08:39:46.634+0000][gc,phases   ] GC(442)   Evacuate Collection Set: 505.6ms
[2026-01-16T08:39:46.640+0000][gc,phases   ] GC(442)   Post Evacuate Collection Set: 12.2ms
[2026-01-16T08:39:46.644+0000][gc,phases   ] GC(442)   Other: 5.9ms
[2026-01-16T08:39:46.647+0000][gc,heap     ] GC(442) Eden regions: 46->0(46)
[2026-01-16T08:39:46.649+0000][gc,heap     ] GC(442) Survivor regions: 5->5(7)
[2026-01-16T08:39:46.651+0000][gc,heap     ] GC(442) Old regions: 268->268
[2026-01-16T08:39:46.653+0000][gc,heap     ] GC(442) Humongous regions: 149->149
[2026-01-16T08:39:46.655+0000][gc,metaspace] GC(442) Metaspace: 15283K(15744K)->15283K(15744K) NonClass: 13573K(13760K)->13573K(13760K) Class: 1710K(1984K)->1710K(1984K)
[2026-01-16T08:39:46.671+0000][gc          ] GC(442) Pause Young (Normal) (G1 Evacuation Pause) 466M->421M(1024M) 637.822ms
[2026-01-16T08:39:46.680+0000][gc,cpu      ] GC(442) User=0.15s Sys=0.03s Real=0.65s
[2026-01-16T08:39:48.740+0000][gc,start    ] GC(443) Pause Young (Normal) (G1 Evacuation Pause)
[2026-01-16T08:39:48.779+0000][gc,task     ] GC(443) Using 8 workers of 8 for evacuation
[2026-01-16T08:39:49.113+0000][gc,mmu      ] GC(443) MMU target violated: 201.0ms (200.0ms/201.0ms)
[2026-01-16T08:39:49.115+0000][gc,phases   ] GC(443)   Pre Evacuate Collection Set: 24.6ms
[2026-01-16T08:39:49.130+0000][gc,phases   ] GC(443)   Merge Heap Roots: 6.4ms
[2026-01-16T08:39:49.136+0000][gc,phases   ] GC(443)   Evacuate Collection Set: 214.0ms
[2026-01-16T08:39:49.153+0000][gc,phases   ] GC(443)   Post Evacuate Collection Set: 54.2ms
[2026-01-16T08:39:49.153+0000][gc,phases   ] GC(443)   Other: 61.3ms
[2026-01-16T08:39:49.153+0000][gc,heap     ] GC(443) Eden regions: 46->0(46)
[2026-01-16T08:39:49.153+0000][gc,heap     ] GC(443) Survivor regions: 5->5(7)
[2026-01-16T08:39:49.153+0000][gc,heap     ] GC(443) Old regions: 268->269
[2026-01-16T08:39:49.155+0000][gc,heap     ] GC(443) Humongous regions: 149->149
[2026-01-16T08:39:49.155+0000][gc,metaspace] GC(443) Metaspace: 15283K(15744K)->15283K(15744K) NonClass: 13573K(13760K)->13573K(13760K) Class: 1710K(1984K)->1710K(1984K)
[2026-01-16T08:39:49.155+0000][gc          ] GC(443) Pause Young (Normal) (G1 Evacuation Pause) 467M->422M(1024M) 415.409ms
[2026-01-16T08:39:49.155+0000][gc,cpu      ] GC(443) User=0.12s Sys=0.01s Real=0.41s
[2026-01-16T08:39:50.737+0000][gc,start    ] GC(444) Pause Young (Normal) (GCLocker Initiated GC)
[2026-01-16T08:39:50.741+0000][gc,task     ] GC(444) Using 8 workers of 8 for evacuation
[2026-01-16T08:39:51.207+0000][gc,mmu      ] GC(444) MMU target violated: 201.0ms (200.0ms/201.0ms)
[2026-01-16T08:39:51.209+0000][gc,phases   ] GC(444)   Pre Evacuate Collection Set: 13.3ms
[2026-01-16T08:39:51.210+0000][gc,phases   ] GC(444)   Merge Heap Roots: 33.0ms
[2026-01-16T08:39:51.210+0000][gc,phases   ] GC(444)   Evacuate Collection Set: 382.4ms
[2026-01-16T08:39:51.211+0000][gc,phases   ] GC(444)   Post Evacuate Collection Set: 35.2ms
[2026-01-16T08:39:51.211+0000][gc,phases   ] GC(444)   Other: 4.5ms
[2026-01-16T08:39:51.212+0000][gc,heap     ] GC(444) Eden regions: 46->0(46)
[2026-01-16T08:39:51.213+0000][gc,heap     ] GC(444) Survivor regions: 5->5(7)
[2026-01-16T08:39:51.213+0000][gc,heap     ] GC(444) Old regions: 269->270
[2026-01-16T08:39:51.214+0000][gc,heap     ] GC(444) Humongous regions: 149->149
[2026-01-16T08:39:51.214+0000][gc,metaspace] GC(444) Metaspace: 15284K(15744K)->15284K(15744K) NonClass: 13573K(13760K)->13573K(13760K) Class: 1710K(1984K)->1710K(1984K)
[2026-01-16T08:39:51.215+0000][gc          ] GC(444) Pause Young (Normal) (GCLocker Initiated GC) 468M->422M(1024M) 477.607ms
[2026-01-16T08:39:51.215+0000][gc,cpu      ] GC(444) User=0.15s Sys=0.02s Real=0.48s
[2026-01-16T08:39:54.488+0000][gc,start    ] GC(445) Pause Young (Normal) (G1 Evacuation Pause)
[2026-01-16T08:39:54.492+0000][gc,task     ] GC(445) Using 8 workers of 8 for evacuation
[2026-01-16T08:39:55.422+0000][gc,mmu      ] GC(445) MMU target violated: 201.0ms (200.0ms/201.0ms)
[2026-01-16T08:39:55.430+0000][gc,phases   ] GC(445)   Pre Evacuate Collection Set: 23.7ms
[2026-01-16T08:39:55.432+0000][gc,phases   ] GC(445)   Merge Heap Roots: 1.8ms
[2026-01-16T08:39:55.435+0000][gc,phases   ] GC(445)   Evacuate Collection Set: 841.3ms
[2026-01-16T08:39:55.436+0000][gc,phases   ] GC(445)   Post Evacuate Collection Set: 51.6ms
[2026-01-16T08:39:55.436+0000][gc,phases   ] GC(445)   Other: 20.4ms
[2026-01-16T08:39:55.437+0000][gc,heap     ] GC(445) Eden regions: 46->0(46)
[2026-01-16T08:39:55.440+0000][gc,heap     ] GC(445) Survivor regions: 5->5(7)
[2026-01-16T08:39:55.442+0000][gc,heap     ] GC(445) Old regions: 270->271
[2026-01-16T08:39:55.442+0000][gc,heap     ] GC(445) Humongous regions: 149->149
[2026-01-16T08:39:55.443+0000][gc,metaspace] GC(445) Metaspace: 15285K(15744K)->15285K(15744K) NonClass: 13574K(13760K)->13574K(13760K) Class: 1710K(1984K)->1710K(1984K)
[2026-01-16T08:39:55.445+0000][gc          ] GC(445) Pause Young (Normal) (G1 Evacuation Pause) 468M->423M(1024M) 957.117ms
[2026-01-16T08:39:55.446+0000][gc,cpu      ] GC(445) User=0.36s Sys=0.02s Real=0.96s
[2026-01-16T08:39:57.274+0000][gc,start    ] GC(446) Pause Young (Normal) (G1 Evacuation Pause)
[2026-01-16T08:39:57.287+0000][gc,task     ] GC(446) Using 8 workers of 8 for evacuation
[2026-01-16T08:39:58.217+0000][gc,mmu      ] GC(446) MMU target violated: 201.0ms (200.0ms/201.0ms)
[2026-01-16T08:39:58.219+0000][gc,phases   ] GC(446)   Pre Evacuate Collection Set: 101.5ms
[2026-01-16T08:39:58.237+0000][gc,phases   ] GC(446)   Merge Heap Roots: 20.9ms
[2026-01-16T08:39:58.244+0000][gc,phases   ] GC(446)   Evacuate Collection Set: 737.9ms
[2026-01-16T08:39:58.246+0000][gc,phases   ] GC(446)   Post Evacuate Collection Set: 62.3ms
[2026-01-16T08:39:58.254+0000][gc,phases   ] GC(446)   Other: 15.3ms
[2026-01-16T08:39:58.256+0000][gc,heap     ] GC(446) Eden regions: 46->0(47)
[2026-01-16T08:39:58.266+0000][gc,heap     ] GC(446) Survivor regions: 5->4(7)
[2026-01-16T08:39:58.269+0000][gc,heap     ] GC(446) Old regions: 271->272
[2026-01-16T08:39:58.269+0000][gc,heap     ] GC(446) Humongous regions: 149->149
[2026-01-16T08:39:58.270+0000][gc,metaspace] GC(446) Metaspace: 15285K(15744K)->15285K(15744K) NonClass: 13574K(13760K)->13574K(13760K) Class: 1710K(1984K)->1710K(1984K)
[2026-01-16T08:39:58.281+0000][gc          ] GC(446) Pause Young (Normal) (G1 Evacuation Pause) 469M->424M(1024M) 1006.485ms
[2026-01-16T08:39:58.284+0000][gc,cpu      ] GC(446) User=0.29s Sys=0.13s Real=1.01s
[2026-01-16T08:40:01.795+0000][gc,start    ] GC(447) Pause Young (Normal) (G1 Evacuation Pause)
[2026-01-16T08:40:01.851+0000][gc,task     ] GC(447) Using 8 workers of 8 for evacuation
[2026-01-16T08:40:02.676+0000][gc,mmu      ] GC(447) MMU target violated: 201.0ms (200.0ms/201.0ms)
[2026-01-16T08:40:02.677+0000][gc,phases   ] GC(447)   Pre Evacuate Collection Set: 127.1ms
[2026-01-16T08:40:02.679+0000][gc,phases   ] GC(447)   Merge Heap Roots: 46.3ms
[2026-01-16T08:40:02.686+0000][gc,phases   ] GC(447)   Evacuate Collection Set: 629.0ms
[2026-01-16T08:40:02.687+0000][gc,phases   ] GC(447)   Post Evacuate Collection Set: 7.2ms
[2026-01-16T08:40:02.687+0000][gc,phases   ] GC(447)   Other: 16.2ms
[2026-01-16T08:40:02.692+0000][gc,heap     ] GC(447) Eden regions: 47->0(46)
[2026-01-16T08:40:02.693+0000][gc,heap     ] GC(447) Survivor regions: 4->5(7)
[2026-01-16T08:40:02.695+0000][gc,heap     ] GC(447) Old regions: 272->272
[2026-01-16T08:40:02.701+0000][gc,heap     ] GC(447) Humongous regions: 149->149
[2026-01-16T08:40:02.703+0000][gc,metaspace] GC(447) Metaspace: 15285K(15744K)->15285K(15744K) NonClass: 13574K(13760K)->13574K(13760K) Class: 1710K(1984K)->1710K(1984K)
[2026-01-16T08:40:02.706+0000][gc          ] GC(447) Pause Young (Normal) (G1 Evacuation Pause) 471M->424M(1024M) 910.970ms
[2026-01-16T08:40:02.707+0000][gc,cpu      ] GC(447) User=0.34s Sys=0.01s Real=0.91s
[2026-01-16T08:40:04.196+0000][gc,start    ] GC(448) Pause Young (Normal) (G1 Evacuation Pause)
[2026-01-16T08:40:04.213+0000][gc,task     ] GC(448) Using 8 workers of 8 for evacuation
[2026-01-16T08:40:04.645+0000][gc,mmu      ] GC(448) MMU target violated: 201.0ms (200.0ms/201.0ms)
[2026-01-16T08:40:04.646+0000][gc,phases   ] GC(448)   Pre Evacuate Collection Set: 51.6ms
[2026-01-16T08:40:04.646+0000][gc,phases   ] GC(448)   Merge Heap Roots: 18.6ms
[2026-01-16T08:40:04.647+0000][gc,phases   ] GC(448)   Evacuate Collection Set: 342.3ms
[2026-01-16T08:40:04.649+0000][gc,phases   ] GC(448)   Post Evacuate Collection Set: 11.8ms
[2026-01-16T08:40:04.650+0000][gc,phases   ] GC(448)   Other: 9.5ms
[2026-01-16T08:40:04.651+0000][gc,heap     ] GC(448) Eden regions: 46->0(46)
[2026-01-16T08:40:04.655+0000][gc,heap     ] GC(448) Survivor regions: 5->5(7)
[2026-01-16T08:40:04.656+0000][gc,heap     ] GC(448) Old regions: 272->273
[2026-01-16T08:40:04.657+0000][gc,heap     ] GC(448) Humongous regions: 149->149
[2026-01-16T08:40:04.657+0000][gc,metaspace] GC(448) Metaspace: 15293K(15744K)->15293K(15744K) NonClass: 13583K(13760K)->13583K(13760K) Class: 1710K(1984K)->1710K(1984K)
[2026-01-16T08:40:04.658+0000][gc          ] GC(448) Pause Young (Normal) (G1 Evacuation Pause) 470M->425M(1024M) 461.413ms
[2026-01-16T08:40:04.659+0000][gc,cpu      ] GC(448) User=0.18s Sys=0.03s Real=0.47s
[2026-01-16T08:40:05.275+0000][gc,start    ] GC(449) Pause Young (Normal) (G1 Evacuation Pause)
[2026-01-16T08:40:05.279+0000][gc,task     ] GC(449) Using 8 workers of 8 for evacuation
[2026-01-16T08:40:05.453+0000][gc,phases   ] GC(449)   Pre Evacuate Collection Set: 7.9ms
[2026-01-16T08:40:05.455+0000][gc,phases   ] GC(449)   Merge Heap Roots: 4.0ms
[2026-01-16T08:40:05.460+0000][gc,phases   ] GC(449)   Evacuate Collection Set: 158.0ms
[2026-01-16T08:40:05.471+0000][gc,phases   ] GC(449)   Post Evacuate Collection Set: 3.1ms
[2026-01-16T08:40:05.474+0000][gc,phases   ] GC(449)   Other: 1.2ms
[2026-01-16T08:40:05.476+0000][gc,heap     ] GC(449) Eden regions: 46->0(46)
[2026-01-16T08:40:05.476+0000][gc,heap     ] GC(449) Survivor regions: 5->5(7)
[2026-01-16T08:40:05.477+0000][gc,heap     ] GC(449) Old regions: 273->274
[2026-01-16T08:40:05.478+0000][gc,heap     ] GC(449) Humongous regions: 149->149
[2026-01-16T08:40:05.479+0000][gc,metaspace] GC(449) Metaspace: 15293K(15744K)->15293K(15744K) NonClass: 13583K(13760K)->13583K(13760K) Class: 1710K(1984K)->1710K(1984K)
[2026-01-16T08:40:05.480+0000][gc          ] GC(449) Pause Young (Normal) (G1 Evacuation Pause) 471M->426M(1024M) 204.490ms
[2026-01-16T08:40:05.480+0000][gc,cpu      ] GC(449) User=0.08s Sys=0.01s Real=0.21s
[2026-01-16T08:40:06.201+0000][gc,start    ] GC(450) Pause Young (Normal) (G1 Evacuation Pause)
[2026-01-16T08:40:06.203+0000][gc,task     ] GC(450) Using 8 workers of 8 for evacuation
[2026-01-16T08:40:06.390+0000][gc,phases   ] GC(450)   Pre Evacuate Collection Set: 1.9ms
[2026-01-16T08:40:06.390+0000][gc,phases   ] GC(450)   Merge Heap Roots: 0.3ms
[2026-01-16T08:40:06.391+0000][gc,phases   ] GC(450)   Evacuate Collection Set: 176.9ms
[2026-01-16T08:40:06.391+0000][gc,phases   ] GC(450)   Post Evacuate Collection Set: 7.2ms
[2026-01-16T08:40:06.392+0000][gc,phases   ] GC(450)   Other: 1.0ms
[2026-01-16T08:40:06.393+0000][gc,heap     ] GC(450) Eden regions: 46->0(46)
[2026-01-16T08:40:06.393+0000][gc,heap     ] GC(450) Survivor regions: 5->5(7)
[2026-01-16T08:40:06.393+0000][gc,heap     ] GC(450) Old regions: 274->274
[2026-01-16T08:40:06.394+0000][gc,heap     ] GC(450) Humongous regions: 149->149
[2026-01-16T08:40:06.394+0000][gc,metaspace] GC(450) Metaspace: 15293K(15744K)->15293K(15744K) NonClass: 13583K(13760K)->13583K(13760K) Class: 1710K(1984K)->1710K(1984K)
[2026-01-16T08:40:06.395+0000][gc          ] GC(450) Pause Young (Normal) (G1 Evacuation Pause) 472M->426M(1024M) 193.621ms
[2026-01-16T08:40:06.396+0000][gc,cpu      ] GC(450) User=0.09s Sys=0.01s Real=0.19s
[2026-01-16T08:40:07.116+0000][gc,start    ] GC(451) Pause Young (Normal) (G1 Evacuation Pause)
[2026-01-16T08:40:07.116+0000][gc,task     ] GC(451) Using 8 workers of 8 for evacuation
[2026-01-16T08:40:07.297+0000][gc,phases   ] GC(451)   Pre Evacuate Collection Set: 36.2ms
[2026-01-16T08:40:07.312+0000][gc,phases   ] GC(451)   Merge Heap Roots: 9.7ms
[2026-01-16T08:40:07.317+0000][gc,phases   ] GC(451)   Evacuate Collection Set: 101.2ms
[2026-01-16T08:40:07.317+0000][gc,phases   ] GC(451)   Post Evacuate Collection Set: 32.6ms
[2026-01-16T08:40:07.319+0000][gc,phases   ] GC(451)   Other: 1.0ms
[2026-01-16T08:40:07.323+0000][gc,heap     ] GC(451) Eden regions: 46->0(46)
[2026-01-16T08:40:07.336+0000][gc,heap     ] GC(451) Survivor regions: 5->5(7)
[2026-01-16T08:40:07.340+0000][gc,heap     ] GC(451) Old regions: 274->275
[2026-01-16T08:40:07.342+0000][gc,heap     ] GC(451) Humongous regions: 149->149
[2026-01-16T08:40:07.343+0000][gc,metaspace] GC(451) Metaspace: 15293K(15744K)->15293K(15744K) NonClass: 13583K(13760K)->13583K(13760K) Class: 1710K(1984K)->1710K(1984K)
[2026-01-16T08:40:07.346+0000][gc          ] GC(451) Pause Young (Normal) (G1 Evacuation Pause) 472M->428M(1024M) 230.046ms
[2026-01-16T08:40:07.349+0000][gc,cpu      ] GC(451) User=0.11s Sys=0.01s Real=0.23s
[2026-01-16T08:40:08.518+0000][gc,start    ] GC(452) Pause Young (Normal) (GCLocker Initiated GC)
[2026-01-16T08:40:08.519+0000][gc,task     ] GC(452) Using 8 workers of 8 for evacuation
[2026-01-16T08:40:08.816+0000][gc,mmu      ] GC(452) MMU target violated: 201.0ms (200.0ms/201.0ms)
[2026-01-16T08:40:08.817+0000][gc,phases   ] GC(452)   Pre Evacuate Collection Set: 24.4ms
[2026-01-16T08:40:08.817+0000][gc,phases   ] GC(452)   Merge Heap Roots: 0.9ms
[2026-01-16T08:40:08.817+0000][gc,phases   ] GC(452)   Evacuate Collection Set: 245.7ms
[2026-01-16T08:40:08.819+0000][gc,phases   ] GC(452)   Post Evacuate Collection Set: 23.4ms
[2026-01-16T08:40:08.820+0000][gc,phases   ] GC(452)   Other: 3.1ms
[2026-01-16T08:40:08.820+0000][gc,heap     ] GC(452) Eden regions: 46->0(46)
[2026-01-16T08:40:08.822+0000][gc,heap     ] GC(452) Survivor regions: 5->5(7)
[2026-01-16T08:40:08.822+0000][gc,heap     ] GC(452) Old regions: 275->275
[2026-01-16T08:40:08.823+0000][gc,heap     ] GC(452) Humongous regions: 149->149
[2026-01-16T08:40:08.823+0000][gc,metaspace] GC(452) Metaspace: 15293K(15744K)->15293K(15744K) NonClass: 13583K(13760K)->13583K(13760K) Class: 1710K(1984K)->1710K(1984K)
[2026-01-16T08:40:08.824+0000][gc          ] GC(452) Pause Young (Normal) (GCLocker Initiated GC) 474M->428M(1024M) 305.950ms
[2026-01-16T08:40:08.824+0000][gc,cpu      ] GC(452) User=0.11s Sys=0.02s Real=0.30s
[2026-01-16T08:40:11.363+0000][gc,start    ] GC(453) Pause Young (Normal) (G1 Evacuation Pause)
[2026-01-16T08:40:11.392+0000][gc,task     ] GC(453) Using 8 workers of 8 for evacuation
[2026-01-16T08:40:13.729+0000][gc,mmu      ] GC(453) MMU target violated: 201.0ms (200.0ms/201.0ms)
[2026-01-16T08:40:13.734+0000][gc,phases   ] GC(453)   Pre Evacuate Collection Set: 224.5ms
[2026-01-16T08:40:13.736+0000][gc,phases   ] GC(453)   Merge Heap Roots: 20.9ms
[2026-01-16T08:40:13.738+0000][gc,phases   ] GC(453)   Evacuate Collection Set: 1928.8ms
[2026-01-16T08:40:13.741+0000][gc,phases   ] GC(453)   Post Evacuate Collection Set: 161.5ms
[2026-01-16T08:40:13.747+0000][gc,phases   ] GC(453)   Other: 6.8ms
[2026-01-16T08:40:13.750+0000][gc,heap     ] GC(453) Eden regions: 46->0(46)
[2026-01-16T08:40:13.753+0000][gc,heap     ] GC(453) Survivor regions: 5->5(7)
[2026-01-16T08:40:13.760+0000][gc,heap     ] GC(453) Old regions: 275->276
[2026-01-16T08:40:13.796+0000][gc,heap     ] GC(453) Humongous regions: 149->149
[2026-01-16T08:40:13.804+0000][gc,metaspace] GC(453) Metaspace: 15295K(15744K)->15295K(15744K) NonClass: 13585K(13760K)->13585K(13760K) Class: 1710K(1984K)->1710K(1984K)
[2026-01-16T08:40:13.822+0000][gc          ] GC(453) Pause Young (Normal) (G1 Evacuation Pause) 474M->428M(1024M) 2458.984ms
[2026-01-16T08:40:13.835+0000][gc,cpu      ] GC(453) User=0.80s Sys=0.16s Real=2.47s
[2026-01-16T08:40:18.564+0000][gc,start    ] GC(454) Pause Young (Normal) (G1 Evacuation Pause)
[2026-01-16T08:40:18.568+0000][gc,task     ] GC(454) Using 8 workers of 8 for evacuation
[2026-01-16T08:40:18.981+0000][gc,mmu      ] GC(454) MMU target violated: 201.0ms (200.0ms/201.0ms)
[2026-01-16T08:40:18.984+0000][gc,phases   ] GC(454)   Pre Evacuate Collection Set: 36.1ms
[2026-01-16T08:40:18.985+0000][gc,phases   ] GC(454)   Merge Heap Roots: 13.3ms
[2026-01-16T08:40:18.986+0000][gc,phases   ] GC(454)   Evacuate Collection Set: 330.0ms
[2026-01-16T08:40:18.987+0000][gc,phases   ] GC(454)   Post Evacuate Collection Set: 26.8ms
[2026-01-16T08:40:18.987+0000][gc,phases   ] GC(454)   Other: 10.5ms
[2026-01-16T08:40:18.991+0000][gc,heap     ] GC(454) Eden regions: 46->0(46)
[2026-01-16T08:40:18.997+0000][gc,heap     ] GC(454) Survivor regions: 5->5(7)
[2026-01-16T08:40:18.997+0000][gc,heap     ] GC(454) Old regions: 276->277
[2026-01-16T08:40:18.997+0000][gc,heap     ] GC(454) Humongous regions: 149->149
[2026-01-16T08:40:18.999+0000][gc,metaspace] GC(454) Metaspace: 15296K(15744K)->15296K(15744K) NonClass: 13586K(13760K)->13586K(13760K) Class: 1710K(1984K)->1710K(1984K)
[2026-01-16T08:40:19.001+0000][gc          ] GC(454) Pause Young (Normal) (G1 Evacuation Pause) 474M->429M(1024M) 436.591ms
[2026-01-16T08:40:19.001+0000][gc,cpu      ] GC(454) User=0.39s Sys=0.06s Real=0.44s
[2026-01-16T08:40:21.119+0000][gc,start    ] GC(455) Pause Young (Normal) (G1 Evacuation Pause)
[2026-01-16T08:40:21.139+0000][gc,task     ] GC(455) Using 8 workers of 8 for evacuation
[2026-01-16T08:40:22.644+0000][gc,mmu      ] GC(455) MMU target violated: 201.0ms (200.0ms/201.0ms)
[2026-01-16T08:40:22.649+0000][gc,phases   ] GC(455)   Pre Evacuate Collection Set: 119.3ms
[2026-01-16T08:40:22.654+0000][gc,phases   ] GC(455)   Merge Heap Roots: 2.4ms
[2026-01-16T08:40:22.655+0000][gc,phases   ] GC(455)   Evacuate Collection Set: 1273.4ms
[2026-01-16T08:40:22.656+0000][gc,phases   ] GC(455)   Post Evacuate Collection Set: 109.0ms
[2026-01-16T08:40:22.659+0000][gc,phases   ] GC(455)   Other: 21.0ms
[2026-01-16T08:40:22.666+0000][gc,heap     ] GC(455) Eden regions: 46->0(46)
[2026-01-16T08:40:22.675+0000][gc,heap     ] GC(455) Survivor regions: 5->5(7)
[2026-01-16T08:40:22.677+0000][gc,heap     ] GC(455) Old regions: 277->278
[2026-01-16T08:40:22.684+0000][gc,heap     ] GC(455) Humongous regions: 149->149
[2026-01-16T08:40:22.685+0000][gc,metaspace] GC(455) Metaspace: 15298K(15744K)->15298K(15744K) NonClass: 13588K(13760K)->13588K(13760K) Class: 1710K(1984K)->1710K(1984K)
[2026-01-16T08:40:22.687+0000][gc          ] GC(455) Pause Young (Normal) (G1 Evacuation Pause) 475M->430M(1024M) 1567.827ms
[2026-01-16T08:40:22.692+0000][gc,cpu      ] GC(455) User=0.62s Sys=0.05s Real=1.57s
[2026-01-16T08:40:31.023+0000][gc,start    ] GC(456) Pause Young (Normal) (G1 Evacuation Pause)
[2026-01-16T08:40:31.098+0000][gc,task     ] GC(456) Using 8 workers of 8 for evacuation
[2026-01-16T08:40:32.067+0000][gc,mmu      ] GC(456) MMU target violated: 201.0ms (200.0ms/201.0ms)
[2026-01-16T08:40:32.070+0000][gc,phases   ] GC(456)   Pre Evacuate Collection Set: 34.1ms
[2026-01-16T08:40:32.073+0000][gc,phases   ] GC(456)   Merge Heap Roots: 1.3ms
[2026-01-16T08:40:32.078+0000][gc,phases   ] GC(456)   Evacuate Collection Set: 905.0ms
[2026-01-16T08:40:32.078+0000][gc,phases   ] GC(456)   Post Evacuate Collection Set: 28.7ms
[2026-01-16T08:40:32.079+0000][gc,phases   ] GC(456)   Other: 57.6ms
[2026-01-16T08:40:32.079+0000][gc,heap     ] GC(456) Eden regions: 46->0(46)
[2026-01-16T08:40:32.079+0000][gc,heap     ] GC(456) Survivor regions: 5->5(7)
[2026-01-16T08:40:32.080+0000][gc,heap     ] GC(456) Old regions: 278->278
[2026-01-16T08:40:32.080+0000][gc,heap     ] GC(456) Humongous regions: 149->149
[2026-01-16T08:40:32.080+0000][gc,metaspace] GC(456) Metaspace: 15298K(15744K)->15298K(15744K) NonClass: 13588K(13760K)->13588K(13760K) Class: 1710K(1984K)->1710K(1984K)
[2026-01-16T08:40:32.081+0000][gc          ] GC(456) Pause Young (Normal) (G1 Evacuation Pause) 476M->431M(1024M) 1058.665ms
[2026-01-16T08:40:32.083+0000][gc,cpu      ] GC(456) User=0.46s Sys=0.07s Real=1.06s
[2026-01-16T08:40:35.234+0000][gc,start    ] GC(457) Pause Young (Normal) (G1 Evacuation Pause)
[2026-01-16T08:40:35.277+0000][gc,task     ] GC(457) Using 8 workers of 8 for evacuation
[2026-01-16T08:40:36.069+0000][gc,mmu      ] GC(457) MMU target violated: 201.0ms (200.0ms/201.0ms)
[2026-01-16T08:40:36.072+0000][gc,phases   ] GC(457)   Pre Evacuate Collection Set: 70.8ms
[2026-01-16T08:40:36.075+0000][gc,phases   ] GC(457)   Merge Heap Roots: 16.3ms
[2026-01-16T08:40:36.076+0000][gc,phases   ] GC(457)   Evacuate Collection Set: 677.7ms
[2026-01-16T08:40:36.077+0000][gc,phases   ] GC(457)   Post Evacuate Collection Set: 14.1ms
[2026-01-16T08:40:36.078+0000][gc,phases   ] GC(457)   Other: 14.6ms
[2026-01-16T08:40:36.078+0000][gc,heap     ] GC(457) Eden regions: 46->0(46)
[2026-01-16T08:40:36.078+0000][gc,heap     ] GC(457) Survivor regions: 5->5(7)
[2026-01-16T08:40:36.079+0000][gc,heap     ] GC(457) Old regions: 278->279
[2026-01-16T08:40:36.079+0000][gc,heap     ] GC(457) Humongous regions: 149->149
[2026-01-16T08:40:36.080+0000][gc,metaspace] GC(457) Metaspace: 15298K(15744K)->15298K(15744K) NonClass: 13588K(13760K)->13588K(13760K) Class: 1710K(1984K)->1710K(1984K)
[2026-01-16T08:40:36.080+0000][gc          ] GC(457) Pause Young (Normal) (G1 Evacuation Pause) 477M->431M(1024M) 846.838ms
[2026-01-16T08:40:36.081+0000][gc,cpu      ] GC(457) User=0.43s Sys=0.05s Real=0.86s
[2026-01-16T08:40:38.285+0000][gc,start    ] GC(458) Pause Young (Normal) (G1 Evacuation Pause)
[2026-01-16T08:40:38.287+0000][gc,task     ] GC(458) Using 8 workers of 8 for evacuation
[2026-01-16T08:40:38.680+0000][gc,mmu      ] GC(458) MMU target violated: 201.0ms (200.0ms/201.0ms)
[2026-01-16T08:40:38.682+0000][gc,phases   ] GC(458)   Pre Evacuate Collection Set: 45.9ms
[2026-01-16T08:40:38.685+0000][gc,phases   ] GC(458)   Merge Heap Roots: 29.9ms
[2026-01-16T08:40:38.685+0000][gc,phases   ] GC(458)   Evacuate Collection Set: 308.9ms
[2026-01-16T08:40:38.686+0000][gc,phases   ] GC(458)   Post Evacuate Collection Set: 5.6ms
[2026-01-16T08:40:38.686+0000][gc,phases   ] GC(458)   Other: 5.3ms
[2026-01-16T08:40:38.687+0000][gc,heap     ] GC(458) Eden regions: 46->0(46)
[2026-01-16T08:40:38.687+0000][gc,heap     ] GC(458) Survivor regions: 5->5(7)
[2026-01-16T08:40:38.687+0000][gc,heap     ] GC(458) Old regions: 279->280
[2026-01-16T08:40:38.688+0000][gc,heap     ] GC(458) Humongous regions: 149->149
[2026-01-16T08:40:38.689+0000][gc,metaspace] GC(458) Metaspace: 15298K(15744K)->15298K(15744K) NonClass: 13588K(13760K)->13588K(13760K) Class: 1710K(1984K)->1710K(1984K)
[2026-01-16T08:40:38.692+0000][gc          ] GC(458) Pause Young (Normal) (G1 Evacuation Pause) 477M->432M(1024M) 407.612ms
[2026-01-16T08:40:38.694+0000][gc,cpu      ] GC(458) User=0.33s Sys=0.04s Real=0.41s
[2026-01-16T08:40:41.127+0000][gc,start    ] GC(459) Pause Young (Normal) (G1 Evacuation Pause)
[2026-01-16T08:40:41.234+0000][gc,task     ] GC(459) Using 8 workers of 8 for evacuation
[2026-01-16T08:40:44.391+0000][gc,mmu      ] GC(459) MMU target violated: 201.0ms (200.0ms/201.0ms)
[2026-01-16T08:40:44.393+0000][gc,phases   ] GC(459)   Pre Evacuate Collection Set: 56.4ms
[2026-01-16T08:40:44.395+0000][gc,phases   ] GC(459)   Merge Heap Roots: 11.1ms
[2026-01-16T08:40:44.395+0000][gc,phases   ] GC(459)   Evacuate Collection Set: 2555.2ms
[2026-01-16T08:40:44.396+0000][gc,phases   ] GC(459)   Post Evacuate Collection Set: 517.8ms
[2026-01-16T08:40:44.397+0000][gc,phases   ] GC(459)   Other: 50.7ms
[2026-01-16T08:40:44.397+0000][gc,heap     ] GC(459) Eden regions: 46->0(46)
[2026-01-16T08:40:44.398+0000][gc,heap     ] GC(459) Survivor regions: 5->5(7)
[2026-01-16T08:40:44.398+0000][gc,heap     ] GC(459) Old regions: 280->280
[2026-01-16T08:40:44.399+0000][gc,heap     ] GC(459) Humongous regions: 149->149
[2026-01-16T08:40:44.400+0000][gc,metaspace] GC(459) Metaspace: 15298K(15744K)->15298K(15744K) NonClass: 13588K(13760K)->13588K(13760K) Class: 1710K(1984K)->1710K(1984K)
[2026-01-16T08:40:44.403+0000][gc          ] GC(459) Pause Young (Normal) (G1 Evacuation Pause) 478M->433M(1024M) 3276.501ms
[2026-01-16T08:40:44.408+0000][gc,cpu      ] GC(459) User=0.89s Sys=0.14s Real=3.28s
[2026-01-16T08:40:48.635+0000][gc,start    ] GC(460) Pause Young (Normal) (G1 Evacuation Pause)
[2026-01-16T08:40:48.637+0000][gc,task     ] GC(460) Using 8 workers of 8 for evacuation
[2026-01-16T08:40:49.176+0000][gc,mmu      ] GC(460) MMU target violated: 201.0ms (200.0ms/201.0ms)
[2026-01-16T08:40:49.187+0000][gc,phases   ] GC(460)   Pre Evacuate Collection Set: 78.2ms
[2026-01-16T08:40:49.187+0000][gc,phases   ] GC(460)   Merge Heap Roots: 30.2ms
[2026-01-16T08:40:49.187+0000][gc,phases   ] GC(460)   Evacuate Collection Set: 387.7ms
[2026-01-16T08:40:49.188+0000][gc,phases   ] GC(460)   Post Evacuate Collection Set: 32.6ms
[2026-01-16T08:40:49.189+0000][gc,phases   ] GC(460)   Other: 21.2ms
[2026-01-16T08:40:49.190+0000][gc,heap     ] GC(460) Eden regions: 46->0(46)
[2026-01-16T08:40:49.200+0000][gc,heap     ] GC(460) Survivor regions: 5->5(7)
[2026-01-16T08:40:49.200+0000][gc,heap     ] GC(460) Old regions: 280->281
[2026-01-16T08:40:49.204+0000][gc,heap     ] GC(460) Humongous regions: 149->149
[2026-01-16T08:40:49.205+0000][gc,metaspace] GC(460) Metaspace: 15299K(15744K)->15299K(15744K) NonClass: 13589K(13760K)->13589K(13760K) Class: 1710K(1984K)->1710K(1984K)
[2026-01-16T08:40:49.205+0000][gc          ] GC(460) Pause Young (Normal) (G1 Evacuation Pause) 479M->434M(1024M) 570.538ms
[2026-01-16T08:40:49.206+0000][gc,cpu      ] GC(460) User=0.38s Sys=0.06s Real=0.58s
[2026-01-16T08:40:50.824+0000][gc,start    ] GC(461) Pause Young (Normal) (G1 Evacuation Pause)
[2026-01-16T08:40:50.824+0000][gc,task     ] GC(461) Using 8 workers of 8 for evacuation
[2026-01-16T08:40:51.179+0000][gc,mmu      ] GC(461) MMU target violated: 201.0ms (200.0ms/201.0ms)
[2026-01-16T08:40:51.180+0000][gc,phases   ] GC(461)   Pre Evacuate Collection Set: 32.1ms
[2026-01-16T08:40:51.180+0000][gc,phases   ] GC(461)   Merge Heap Roots: 28.9ms
[2026-01-16T08:40:51.180+0000][gc,phases   ] GC(461)   Evacuate Collection Set: 285.2ms
[2026-01-16T08:40:51.180+0000][gc,phases   ] GC(461)   Post Evacuate Collection Set: 8.2ms
[2026-01-16T08:40:51.181+0000][gc,phases   ] GC(461)   Other: 1.1ms
[2026-01-16T08:40:51.182+0000][gc,heap     ] GC(461) Eden regions: 46->0(46)
[2026-01-16T08:40:51.183+0000][gc,heap     ] GC(461) Survivor regions: 5->5(7)
[2026-01-16T08:40:51.183+0000][gc,heap     ] GC(461) Old regions: 281->282
[2026-01-16T08:40:51.183+0000][gc,heap     ] GC(461) Humongous regions: 149->149
[2026-01-16T08:40:51.184+0000][gc,metaspace] GC(461) Metaspace: 15299K(15744K)->15299K(15744K) NonClass: 13589K(13760K)->13589K(13760K) Class: 1710K(1984K)->1710K(1984K)
[2026-01-16T08:40:51.184+0000][gc          ] GC(461) Pause Young (Normal) (G1 Evacuation Pause) 480M->434M(1024M) 360.720ms
[2026-01-16T08:40:51.186+0000][gc,cpu      ] GC(461) User=0.20s Sys=0.04s Real=0.38s
[2026-01-16T08:40:54.358+0000][gc,start    ] GC(462) Pause Young (Normal) (G1 Evacuation Pause)
[2026-01-16T08:40:54.429+0000][gc,task     ] GC(462) Using 8 workers of 8 for evacuation
[2026-01-16T08:40:59.360+0000][gc,mmu      ] GC(462) MMU target violated: 201.0ms (200.0ms/201.0ms)
[2026-01-16T08:40:59.366+0000][gc,phases   ] GC(462)   Pre Evacuate Collection Set: 102.2ms
[2026-01-16T08:40:59.367+0000][gc,phases   ] GC(462)   Merge Heap Roots: 33.8ms
[2026-01-16T08:40:59.367+0000][gc,phases   ] GC(462)   Evacuate Collection Set: 4607.5ms
[2026-01-16T08:40:59.367+0000][gc,phases   ] GC(462)   Post Evacuate Collection Set: 174.2ms
[2026-01-16T08:40:59.368+0000][gc,phases   ] GC(462)   Other: 43.8ms
[2026-01-16T08:40:59.376+0000][gc,heap     ] GC(462) Eden regions: 46->0(46)
[2026-01-16T08:40:59.378+0000][gc,heap     ] GC(462) Survivor regions: 5->5(7)
[2026-01-16T08:40:59.379+0000][gc,heap     ] GC(462) Old regions: 282->283
[2026-01-16T08:40:59.379+0000][gc,heap     ] GC(462) Humongous regions: 149->149
[2026-01-16T08:40:59.379+0000][gc,metaspace] GC(462) Metaspace: 15300K(15744K)->15300K(15744K) NonClass: 13590K(13760K)->13590K(13760K) Class: 1710K(1984K)->1710K(1984K)
[2026-01-16T08:40:59.380+0000][gc          ] GC(462) Pause Young (Normal) (G1 Evacuation Pause) 480M->435M(1024M) 5022.023ms
[2026-01-16T08:40:59.382+0000][gc,cpu      ] GC(462) User=1.88s Sys=0.26s Real=5.02s
[2026-01-16T08:41:04.285+0000][gc,start    ] GC(463) Pause Young (Normal) (G1 Evacuation Pause)
[2026-01-16T08:41:04.326+0000][gc,task     ] GC(463) Using 8 workers of 8 for evacuation
[2026-01-16T08:41:05.407+0000][gc,mmu      ] GC(463) MMU target violated: 201.0ms (200.0ms/201.0ms)
[2026-01-16T08:41:05.432+0000][gc,phases   ] GC(463)   Pre Evacuate Collection Set: 140.0ms
[2026-01-16T08:41:05.433+0000][gc,phases   ] GC(463)   Merge Heap Roots: 34.9ms
[2026-01-16T08:41:05.433+0000][gc,phases   ] GC(463)   Evacuate Collection Set: 809.3ms
[2026-01-16T08:41:05.433+0000][gc,phases   ] GC(463)   Post Evacuate Collection Set: 94.0ms
[2026-01-16T08:41:05.434+0000][gc,phases   ] GC(463)   Other: 27.9ms
[2026-01-16T08:41:05.434+0000][gc,heap     ] GC(463) Eden regions: 46->0(46)
[2026-01-16T08:41:05.434+0000][gc,heap     ] GC(463) Survivor regions: 5->5(7)
[2026-01-16T08:41:05.434+0000][gc,heap     ] GC(463) Old regions: 283->283
[2026-01-16T08:41:05.434+0000][gc,heap     ] GC(463) Humongous regions: 149->149
[2026-01-16T08:41:05.436+0000][gc,metaspace] GC(463) Metaspace: 15300K(15744K)->15300K(15744K) NonClass: 13590K(13760K)->13590K(13760K) Class: 1710K(1984K)->1710K(1984K)
[2026-01-16T08:41:05.439+0000][gc          ] GC(463) Pause Young (Normal) (G1 Evacuation Pause) 481M->436M(1024M) 1153.614ms
[2026-01-16T08:41:05.441+0000][gc,cpu      ] GC(463) User=0.56s Sys=0.09s Real=1.16s
[2026-01-16T08:41:07.801+0000][gc,start    ] GC(464) Pause Young (Normal) (G1 Evacuation Pause)
[2026-01-16T08:41:07.865+0000][gc,task     ] GC(464) Using 8 workers of 8 for evacuation
[2026-01-16T08:41:08.689+0000][gc,mmu      ] GC(464) MMU target violated: 201.0ms (200.0ms/201.0ms)
[2026-01-16T08:41:08.692+0000][gc,phases   ] GC(464)   Pre Evacuate Collection Set: 21.7ms
[2026-01-16T08:41:08.693+0000][gc,phases   ] GC(464)   Merge Heap Roots: 31.7ms
[2026-01-16T08:41:08.697+0000][gc,phases   ] GC(464)   Evacuate Collection Set: 646.4ms
[2026-01-16T08:41:08.699+0000][gc,phases   ] GC(464)   Post Evacuate Collection Set: 99.8ms
[2026-01-16T08:41:08.702+0000][gc,phases   ] GC(464)   Other: 75.2ms
[2026-01-16T08:41:08.703+0000][gc,heap     ] GC(464) Eden regions: 46->0(46)
[2026-01-16T08:41:08.706+0000][gc,heap     ] GC(464) Survivor regions: 5->5(7)
[2026-01-16T08:41:08.706+0000][gc,heap     ] GC(464) Old regions: 283->284
[2026-01-16T08:41:08.707+0000][gc,heap     ] GC(464) Humongous regions: 149->149
[2026-01-16T08:41:08.708+0000][gc,metaspace] GC(464) Metaspace: 15300K(15744K)->15300K(15744K) NonClass: 13590K(13760K)->13590K(13760K) Class: 1710K(1984K)->1710K(1984K)
[2026-01-16T08:41:08.710+0000][gc          ] GC(464) Pause Young (Normal) (G1 Evacuation Pause) 482M->436M(1024M) 909.642ms
[2026-01-16T08:41:08.711+0000][gc,cpu      ] GC(464) User=0.30s Sys=0.02s Real=0.91s
[2026-01-16T08:41:11.887+0000][gc,start    ] GC(465) Pause Young (Normal) (G1 Evacuation Pause)
[2026-01-16T08:41:11.909+0000][gc,task     ] GC(465) Using 8 workers of 8 for evacuation
[2026-01-16T08:41:14.293+0000][gc,mmu      ] GC(465) MMU target violated: 201.0ms (200.0ms/201.0ms)
[2026-01-16T08:41:14.296+0000][gc,phases   ] GC(465)   Pre Evacuate Collection Set: 109.7ms
[2026-01-16T08:41:14.301+0000][gc,phases   ] GC(465)   Merge Heap Roots: 48.5ms
[2026-01-16T08:41:14.303+0000][gc,phases   ] GC(465)   Evacuate Collection Set: 2125.2ms
[2026-01-16T08:41:14.304+0000][gc,phases   ] GC(465)   Post Evacuate Collection Set: 86.7ms
[2026-01-16T08:41:14.309+0000][gc,phases   ] GC(465)   Other: 30.5ms
[2026-01-16T08:41:14.316+0000][gc,heap     ] GC(465) Eden regions: 46->0(46)
[2026-01-16T08:41:14.317+0000][gc,heap     ] GC(465) Survivor regions: 5->5(7)
[2026-01-16T08:41:14.317+0000][gc,heap     ] GC(465) Old regions: 284->285
[2026-01-16T08:41:14.323+0000][gc,heap     ] GC(465) Humongous regions: 149->149
[2026-01-16T08:41:14.325+0000][gc,metaspace] GC(465) Metaspace: 15304K(15808K)->15304K(15808K) NonClass: 13594K(13824K)->13594K(13824K) Class: 1710K(1984K)->1710K(1984K)
[2026-01-16T08:41:14.337+0000][gc          ] GC(465) Pause Young (Normal) (G1 Evacuation Pause) 482M->437M(1024M) 2450.220ms
[2026-01-16T08:41:14.345+0000][gc,cpu      ] GC(465) User=1.00s Sys=0.16s Real=2.45s
[2026-01-16T08:41:17.692+0000][gc,start    ] GC(466) Pause Young (Normal) (G1 Evacuation Pause)
[2026-01-16T08:41:17.764+0000][gc,task     ] GC(466) Using 8 workers of 8 for evacuation
[2026-01-16T08:41:18.735+0000][gc,mmu      ] GC(466) MMU target violated: 201.0ms (200.0ms/201.0ms)
[2026-01-16T08:41:18.745+0000][gc,phases   ] GC(466)   Pre Evacuate Collection Set: 43.6ms
[2026-01-16T08:41:18.747+0000][gc,phases   ] GC(466)   Merge Heap Roots: 37.2ms
[2026-01-16T08:41:18.749+0000][gc,phases   ] GC(466)   Evacuate Collection Set: 858.3ms
[2026-01-16T08:41:18.753+0000][gc,phases   ] GC(466)   Post Evacuate Collection Set: 30.6ms
[2026-01-16T08:41:18.755+0000][gc,phases   ] GC(466)   Other: 12.2ms
[2026-01-16T08:41:18.760+0000][gc,heap     ] GC(466) Eden regions: 46->0(46)
[2026-01-16T08:41:18.763+0000][gc,heap     ] GC(466) Survivor regions: 5->5(7)
[2026-01-16T08:41:18.769+0000][gc,heap     ] GC(466) Old regions: 285->285
[2026-01-16T08:41:18.773+0000][gc,heap     ] GC(466) Humongous regions: 149->149
[2026-01-16T08:41:18.774+0000][gc,metaspace] GC(466) Metaspace: 15304K(15808K)->15304K(15808K) NonClass: 13594K(13824K)->13594K(13824K) Class: 1710K(1984K)->1710K(1984K)
[2026-01-16T08:41:18.775+0000][gc          ] GC(466) Pause Young (Normal) (G1 Evacuation Pause) 483M->438M(1024M) 1083.471ms
[2026-01-16T08:41:18.779+0000][gc,cpu      ] GC(466) User=0.73s Sys=0.13s Real=1.11s
[2026-01-16T08:41:23.281+0000][gc,start    ] GC(467) Pause Young (Normal) (G1 Evacuation Pause)
[2026-01-16T08:41:23.296+0000][gc,task     ] GC(467) Using 8 workers of 8 for evacuation
[2026-01-16T08:41:25.775+0000][gc,mmu      ] GC(467) MMU target violated: 201.0ms (200.0ms/201.0ms)
[2026-01-16T08:41:25.792+0000][gc,phases   ] GC(467)   Pre Evacuate Collection Set: 201.8ms
[2026-01-16T08:41:25.798+0000][gc,phases   ] GC(467)   Merge Heap Roots: 31.9ms
[2026-01-16T08:41:25.801+0000][gc,phases   ] GC(467)   Evacuate Collection Set: 2003.0ms
[2026-01-16T08:41:25.812+0000][gc,phases   ] GC(467)   Post Evacuate Collection Set: 225.4ms
[2026-01-16T08:41:25.813+0000][gc,phases   ] GC(467)   Other: 40.8ms
[2026-01-16T08:41:25.814+0000][gc,heap     ] GC(467) Eden regions: 46->0(46)
[2026-01-16T08:41:25.815+0000][gc,heap     ] GC(467) Survivor regions: 5->5(7)
[2026-01-16T08:41:25.831+0000][gc,heap     ] GC(467) Old regions: 285->286
[2026-01-16T08:41:25.835+0000][gc,heap     ] GC(467) Humongous regions: 149->149
[2026-01-16T08:41:25.836+0000][gc,metaspace] GC(467) Metaspace: 15304K(15808K)->15304K(15808K) NonClass: 13594K(13824K)->13594K(13824K) Class: 1710K(1984K)->1710K(1984K)
[2026-01-16T08:41:25.876+0000][gc          ] GC(467) Pause Young (Normal) (G1 Evacuation Pause) 484M->438M(1024M) 2598.208ms
[2026-01-16T08:41:25.877+0000][gc,cpu      ] GC(467) User=1.01s Sys=0.08s Real=2.60s
[2026-01-16T08:41:31.398+0000][gc,start    ] GC(468) Pause Young (Normal) (G1 Evacuation Pause)
[2026-01-16T08:41:31.418+0000][gc,task     ] GC(468) Using 8 workers of 8 for evacuation
[2026-01-16T08:41:34.284+0000][gc,mmu      ] GC(468) MMU target violated: 201.0ms (200.0ms/201.0ms)
[2026-01-16T08:41:34.285+0000][gc,phases   ] GC(468)   Pre Evacuate Collection Set: 73.7ms
[2026-01-16T08:41:34.291+0000][gc,phases   ] GC(468)   Merge Heap Roots: 23.7ms
[2026-01-16T08:41:34.298+0000][gc,phases   ] GC(468)   Evacuate Collection Set: 2624.0ms
[2026-01-16T08:41:34.299+0000][gc,phases   ] GC(468)   Post Evacuate Collection Set: 138.8ms
[2026-01-16T08:41:34.299+0000][gc,phases   ] GC(468)   Other: 12.6ms
[2026-01-16T08:41:34.301+0000][gc,heap     ] GC(468) Eden regions: 46->0(46)
[2026-01-16T08:41:34.309+0000][gc,heap     ] GC(468) Survivor regions: 5->5(7)
[2026-01-16T08:41:34.309+0000][gc,heap     ] GC(468) Old regions: 286->287
[2026-01-16T08:41:34.318+0000][gc,heap     ] GC(468) Humongous regions: 149->149
[2026-01-16T08:41:34.319+0000][gc,metaspace] GC(468) Metaspace: 15304K(15808K)->15304K(15808K) NonClass: 13594K(13824K)->13594K(13824K) Class: 1710K(1984K)->1710K(1984K)
[2026-01-16T08:41:34.321+0000][gc          ] GC(468) Pause Young (Normal) (G1 Evacuation Pause) 484M->439M(1024M) 2922.544ms
[2026-01-16T08:41:34.371+0000][gc,cpu      ] GC(468) User=1.10s Sys=0.16s Real=2.93s
[2026-01-16T08:41:40.497+0000][gc,start    ] GC(469) Pause Young (Normal) (G1 Evacuation Pause)
[2026-01-16T08:41:40.510+0000][gc,task     ] GC(469) Using 8 workers of 8 for evacuation
[2026-01-16T08:41:44.495+0000][gc,mmu      ] GC(469) MMU target violated: 201.0ms (200.0ms/201.0ms)
[2026-01-16T08:41:44.502+0000][gc,phases   ] GC(469)   Pre Evacuate Collection Set: 132.3ms
[2026-01-16T08:41:44.504+0000][gc,phases   ] GC(469)   Merge Heap Roots: 32.1ms
[2026-01-16T08:41:44.505+0000][gc,phases   ] GC(469)   Evacuate Collection Set: 3409.7ms
[2026-01-16T08:41:44.510+0000][gc,phases   ] GC(469)   Post Evacuate Collection Set: 357.2ms
[2026-01-16T08:41:44.514+0000][gc,phases   ] GC(469)   Other: 60.2ms
[2026-01-16T08:41:44.517+0000][gc,heap     ] GC(469) Eden regions: 46->0(46)
[2026-01-16T08:41:44.517+0000][gc,heap     ] GC(469) Survivor regions: 5->5(7)
[2026-01-16T08:41:44.517+0000][gc,heap     ] GC(469) Old regions: 287->287
[2026-01-16T08:41:44.517+0000][gc,heap     ] GC(469) Humongous regions: 149->149
[2026-01-16T08:41:44.517+0000][gc,metaspace] GC(469) Metaspace: 15304K(15808K)->15304K(15808K) NonClass: 13594K(13824K)->13594K(13824K) Class: 1710K(1984K)->1710K(1984K)
[2026-01-16T08:41:44.620+0000][gc          ] GC(469) Pause Young (Normal) (G1 Evacuation Pause) 485M->440M(1024M) 4123.146ms
[2026-01-16T08:41:44.626+0000][gc,cpu      ] GC(469) User=1.16s Sys=0.12s Real=4.13s
[2026-01-16T08:41:49.028+0000][gc,start    ] GC(470) Pause Young (Normal) (G1 Evacuation Pause)
[2026-01-16T08:41:49.044+0000][gc,task     ] GC(470) Using 8 workers of 8 for evacuation
[2026-01-16T08:41:49.949+0000][gc,mmu      ] GC(470) MMU target violated: 201.0ms (200.0ms/201.0ms)
[2026-01-16T08:41:49.951+0000][gc,phases   ] GC(470)   Pre Evacuate Collection Set: 106.1ms
[2026-01-16T08:41:49.953+0000][gc,phases   ] GC(470)   Merge Heap Roots: 21.9ms
[2026-01-16T08:41:49.953+0000][gc,phases   ] GC(470)   Evacuate Collection Set: 721.8ms
[2026-01-16T08:41:49.953+0000][gc,phases   ] GC(470)   Post Evacuate Collection Set: 48.2ms
[2026-01-16T08:41:49.955+0000][gc,phases   ] GC(470)   Other: 8.8ms
[2026-01-16T08:41:49.955+0000][gc,heap     ] GC(470) Eden regions: 46->0(47)
[2026-01-16T08:41:49.958+0000][gc,heap     ] GC(470) Survivor regions: 5->4(7)
[2026-01-16T08:41:49.959+0000][gc,heap     ] GC(470) Old regions: 287->289
[2026-01-16T08:41:49.960+0000][gc,heap     ] GC(470) Humongous regions: 149->149
[2026-01-16T08:41:49.961+0000][gc,metaspace] GC(470) Metaspace: 15304K(15808K)->15304K(15808K) NonClass: 13594K(13824K)->13594K(13824K) Class: 1710K(1984K)->1710K(1984K)
[2026-01-16T08:41:49.962+0000][gc          ] GC(470) Pause Young (Normal) (G1 Evacuation Pause) 486M->441M(1024M) 934.142ms
[2026-01-16T08:41:49.962+0000][gc,cpu      ] GC(470) User=0.58s Sys=0.11s Real=0.93s
[2026-01-16T08:41:58.771+0000][gc,start    ] GC(471) Pause Young (Normal) (G1 Evacuation Pause)
[2026-01-16T08:41:58.778+0000][gc,task     ] GC(471) Using 8 workers of 8 for evacuation
[2026-01-16T08:41:59.831+0000][gc,mmu      ] GC(471) MMU target violated: 201.0ms (200.0ms/201.0ms)
[2026-01-16T08:41:59.833+0000][gc,phases   ] GC(471)   Pre Evacuate Collection Set: 96.7ms
[2026-01-16T08:41:59.833+0000][gc,phases   ] GC(471)   Merge Heap Roots: 24.1ms
[2026-01-16T08:41:59.834+0000][gc,phases   ] GC(471)   Evacuate Collection Set: 826.0ms
[2026-01-16T08:41:59.834+0000][gc,phases   ] GC(471)   Post Evacuate Collection Set: 58.2ms
[2026-01-16T08:41:59.835+0000][gc,phases   ] GC(471)   Other: 50.9ms
[2026-01-16T08:41:59.836+0000][gc,heap     ] GC(471) Eden regions: 47->0(46)
[2026-01-16T08:41:59.837+0000][gc,heap     ] GC(471) Survivor regions: 4->5(7)
[2026-01-16T08:41:59.838+0000][gc,heap     ] GC(471) Old regions: 289->289
[2026-01-16T08:41:59.838+0000][gc,heap     ] GC(471) Humongous regions: 149->149
[2026-01-16T08:41:59.838+0000][gc,metaspace] GC(471) Metaspace: 15305K(15808K)->15305K(15808K) NonClass: 13595K(13824K)->13595K(13824K) Class: 1710K(1984K)->1710K(1984K)
[2026-01-16T08:41:59.839+0000][gc          ] GC(471) Pause Young (Normal) (G1 Evacuation Pause) 488M->441M(1024M) 1079.529ms
[2026-01-16T08:41:59.841+0000][gc,cpu      ] GC(471) User=0.66s Sys=0.11s Real=1.24s
[2026-01-16T08:42:08.851+0000][gc,start    ] GC(472) Pause Young (Normal) (G1 Evacuation Pause)
[2026-01-16T08:42:08.856+0000][gc,task     ] GC(472) Using 8 workers of 8 for evacuation
[2026-01-16T08:42:11.250+0000][gc,mmu      ] GC(472) MMU target violated: 201.0ms (200.0ms/201.0ms)
[2026-01-16T08:42:11.251+0000][gc,phases   ] GC(472)   Pre Evacuate Collection Set: 115.1ms
[2026-01-16T08:42:11.252+0000][gc,phases   ] GC(472)   Merge Heap Roots: 54.4ms
[2026-01-16T08:42:11.252+0000][gc,phases   ] GC(472)   Evacuate Collection Set: 1991.3ms
[2026-01-16T08:42:11.252+0000][gc,phases   ] GC(472)   Post Evacuate Collection Set: 224.4ms
[2026-01-16T08:42:11.254+0000][gc,phases   ] GC(472)   Other: 12.1ms
[2026-01-16T08:42:11.259+0000][gc,heap     ] GC(472) Eden regions: 46->0(46)
[2026-01-16T08:42:11.262+0000][gc,heap     ] GC(472) Survivor regions: 5->5(7)
[2026-01-16T08:42:11.262+0000][gc,heap     ] GC(472) Old regions: 289->290
[2026-01-16T08:42:11.263+0000][gc,heap     ] GC(472) Humongous regions: 149->149
[2026-01-16T08:42:11.264+0000][gc,metaspace] GC(472) Metaspace: 15307K(15808K)->15307K(15808K) NonClass: 13597K(13824K)->13597K(13824K) Class: 1710K(1984K)->1710K(1984K)
[2026-01-16T08:42:11.264+0000][gc          ] GC(472) Pause Young (Normal) (G1 Evacuation Pause) 487M->442M(1024M) 2417.476ms
[2026-01-16T08:42:11.266+0000][gc,cpu      ] GC(472) User=0.93s Sys=0.11s Real=2.42s
[2026-01-16T08:42:18.241+0000][gc,start    ] GC(473) Pause Young (Normal) (GCLocker Initiated GC)
[2026-01-16T08:42:18.253+0000][gc,task     ] GC(473) Using 8 workers of 8 for evacuation
[2026-01-16T08:42:20.408+0000][gc,mmu      ] GC(473) MMU target violated: 201.0ms (200.0ms/201.0ms)
[2026-01-16T08:42:20.413+0000][gc,phases   ] GC(473)   Pre Evacuate Collection Set: 79.3ms
[2026-01-16T08:42:20.415+0000][gc,phases   ] GC(473)   Merge Heap Roots: 26.0ms
[2026-01-16T08:42:20.416+0000][gc,phases   ] GC(473)   Evacuate Collection Set: 1994.5ms
[2026-01-16T08:42:20.417+0000][gc,phases   ] GC(473)   Post Evacuate Collection Set: 41.2ms
[2026-01-16T08:42:20.420+0000][gc,phases   ] GC(473)   Other: 20.8ms
[2026-01-16T08:42:20.424+0000][gc,heap     ] GC(473) Eden regions: 46->0(46)
[2026-01-16T08:42:20.426+0000][gc,heap     ] GC(473) Survivor regions: 5->5(7)
[2026-01-16T08:42:20.427+0000][gc,heap     ] GC(473) Old regions: 290->290
[2026-01-16T08:42:20.427+0000][gc,heap     ] GC(473) Humongous regions: 149->149
[2026-01-16T08:42:20.428+0000][gc,metaspace] GC(473) Metaspace: 15307K(15808K)->15307K(15808K) NonClass: 13597K(13824K)->13597K(13824K) Class: 1710K(1984K)->1710K(1984K)
[2026-01-16T08:42:20.431+0000][gc          ] GC(473) Pause Young (Normal) (GCLocker Initiated GC) 488M->443M(1024M) 2190.447ms
[2026-01-16T08:42:20.434+0000][gc,cpu      ] GC(473) User=0.99s Sys=0.11s Real=2.20s
[2026-01-16T08:42:29.988+0000][gc,start    ] GC(474) Pause Young (Normal) (G1 Evacuation Pause)
[2026-01-16T08:42:30.028+0000][gc,task     ] GC(474) Using 8 workers of 8 for evacuation
[2026-01-16T08:42:33.310+0000][gc,mmu      ] GC(474) MMU target violated: 201.0ms (200.0ms/201.0ms)
[2026-01-16T08:42:33.315+0000][gc,phases   ] GC(474)   Pre Evacuate Collection Set: 179.3ms
[2026-01-16T08:42:33.317+0000][gc,phases   ] GC(474)   Merge Heap Roots: 34.5ms
[2026-01-16T08:42:33.323+0000][gc,phases   ] GC(474)   Evacuate Collection Set: 2688.6ms
[2026-01-16T08:42:33.324+0000][gc,phases   ] GC(474)   Post Evacuate Collection Set: 361.0ms
[2026-01-16T08:42:33.324+0000][gc,phases   ] GC(474)   Other: 54.4ms
[2026-01-16T08:42:33.324+0000][gc,heap     ] GC(474) Eden regions: 46->0(45)
[2026-01-16T08:42:33.325+0000][gc,heap     ] GC(474) Survivor regions: 5->6(7)
[2026-01-16T08:42:33.325+0000][gc,heap     ] GC(474) Old regions: 290->291
[2026-01-16T08:42:33.325+0000][gc,heap     ] GC(474) Humongous regions: 149->149
[2026-01-16T08:42:33.325+0000][gc,metaspace] GC(474) Metaspace: 15307K(15808K)->15307K(15808K) NonClass: 13597K(13824K)->13597K(13824K) Class: 1710K(1984K)->1710K(1984K)
[2026-01-16T08:42:33.329+0000][gc          ] GC(474) Pause Young (Normal) (G1 Evacuation Pause) 489M->444M(1024M) 3341.127ms
[2026-01-16T08:42:33.330+0000][gc,cpu      ] GC(474) User=1.16s Sys=0.15s Real=3.34s
[2026-01-16T08:42:38.860+0000][gc,start    ] GC(475) Pause Young (Normal) (G1 Evacuation Pause)
[2026-01-16T08:42:38.905+0000][gc,task     ] GC(475) Using 8 workers of 8 for evacuation
[2026-01-16T08:42:39.618+0000][gc,mmu      ] GC(475) MMU target violated: 201.0ms (200.0ms/201.0ms)
[2026-01-16T08:42:39.620+0000][gc,phases   ] GC(475)   Pre Evacuate Collection Set: 124.8ms
[2026-01-16T08:42:39.622+0000][gc,phases   ] GC(475)   Merge Heap Roots: 17.6ms
[2026-01-16T08:42:39.623+0000][gc,phases   ] GC(475)   Evacuate Collection Set: 531.9ms
[2026-01-16T08:42:39.623+0000][gc,phases   ] GC(475)   Post Evacuate Collection Set: 29.7ms
[2026-01-16T08:42:39.623+0000][gc,phases   ] GC(475)   Other: 12.3ms
[2026-01-16T08:42:39.623+0000][gc,heap     ] GC(475) Eden regions: 45->0(47)
[2026-01-16T08:42:39.623+0000][gc,heap     ] GC(475) Survivor regions: 6->4(7)
[2026-01-16T08:42:39.623+0000][gc,heap     ] GC(475) Old regions: 291->293
[2026-01-16T08:42:39.623+0000][gc,heap     ] GC(475) Humongous regions: 149->149
[2026-01-16T08:42:39.623+0000][gc,metaspace] GC(475) Metaspace: 15307K(15808K)->15307K(15808K) NonClass: 13597K(13824K)->13597K(13824K) Class: 1710K(1984K)->1710K(1984K)
[2026-01-16T08:42:39.623+0000][gc          ] GC(475) Pause Young (Normal) (G1 Evacuation Pause) 489M->444M(1024M) 763.510ms
[2026-01-16T08:42:39.624+0000][gc,cpu      ] GC(475) User=0.43s Sys=0.05s Real=0.76s
[2026-01-16T08:42:43.183+0000][gc,start    ] GC(476) Pause Young (Normal) (G1 Evacuation Pause)
[2026-01-16T08:42:43.219+0000][gc,task     ] GC(476) Using 8 workers of 8 for evacuation
[2026-01-16T08:42:46.146+0000][gc,mmu      ] GC(476) MMU target violated: 201.0ms (200.0ms/201.0ms)
[2026-01-16T08:42:46.152+0000][gc,phases   ] GC(476)   Pre Evacuate Collection Set: 199.0ms
[2026-01-16T08:42:46.154+0000][gc,phases   ] GC(476)   Merge Heap Roots: 6.3ms
[2026-01-16T08:42:46.158+0000][gc,phases   ] GC(476)   Evacuate Collection Set: 2323.2ms
[2026-01-16T08:42:46.158+0000][gc,phases   ] GC(476)   Post Evacuate Collection Set: 315.1ms
[2026-01-16T08:42:46.159+0000][gc,phases   ] GC(476)   Other: 122.4ms
[2026-01-16T08:42:46.160+0000][gc,heap     ] GC(476) Eden regions: 47->0(46)
[2026-01-16T08:42:46.161+0000][gc,heap     ] GC(476) Survivor regions: 4->5(7)
[2026-01-16T08:42:46.167+0000][gc,heap     ] GC(476) Old regions: 293->293
[2026-01-16T08:42:46.173+0000][gc,heap     ] GC(476) Humongous regions: 149->149
[2026-01-16T08:42:46.173+0000][gc,metaspace] GC(476) Metaspace: 15307K(15808K)->15307K(15808K) NonClass: 13597K(13824K)->13597K(13824K) Class: 1710K(1984K)->1710K(1984K)
[2026-01-16T08:42:46.180+0000][gc          ] GC(476) Pause Young (Normal) (G1 Evacuation Pause) 491M->445M(1024M) 2997.218ms
[2026-01-16T08:42:46.211+0000][gc,cpu      ] GC(476) User=0.95s Sys=0.09s Real=3.03s
[2026-01-16T08:42:55.336+0000][gc,start    ] GC(477) Pause Young (Normal) (G1 Evacuation Pause)
[2026-01-16T08:42:55.353+0000][gc,task     ] GC(477) Using 8 workers of 8 for evacuation
[2026-01-16T08:42:56.112+0000][gc,mmu      ] GC(477) MMU target violated: 201.0ms (200.0ms/201.0ms)
[2026-01-16T08:42:56.112+0000][gc,phases   ] GC(477)   Pre Evacuate Collection Set: 61.4ms
[2026-01-16T08:42:56.112+0000][gc,phases   ] GC(477)   Merge Heap Roots: 12.5ms
[2026-01-16T08:42:56.113+0000][gc,phases   ] GC(477)   Evacuate Collection Set: 661.5ms
[2026-01-16T08:42:56.113+0000][gc,phases   ] GC(477)   Post Evacuate Collection Set: 15.5ms
[2026-01-16T08:42:56.113+0000][gc,phases   ] GC(477)   Other: 14.0ms
[2026-01-16T08:42:56.114+0000][gc,heap     ] GC(477) Eden regions: 46->0(46)
[2026-01-16T08:42:56.117+0000][gc,heap     ] GC(477) Survivor regions: 5->5(7)
[2026-01-16T08:42:56.117+0000][gc,heap     ] GC(477) Old regions: 293->293
[2026-01-16T08:42:56.118+0000][gc,heap     ] GC(477) Humongous regions: 149->149
[2026-01-16T08:42:56.119+0000][gc,metaspace] GC(477) Metaspace: 15307K(15808K)->15307K(15808K) NonClass: 13597K(13824K)->13597K(13824K) Class: 1710K(1984K)->1710K(1984K)
[2026-01-16T08:42:56.120+0000][gc          ] GC(477) Pause Young (Normal) (G1 Evacuation Pause) 491M->446M(1024M) 784.860ms
[2026-01-16T08:42:56.121+0000][gc,cpu      ] GC(477) User=0.85s Sys=0.11s Real=0.78s
[2026-01-16T08:43:01.357+0000][gc,start    ] GC(478) Pause Young (Normal) (G1 Evacuation Pause)
[2026-01-16T08:43:01.381+0000][gc,task     ] GC(478) Using 8 workers of 8 for evacuation
[2026-01-16T08:43:03.738+0000][gc,mmu      ] GC(478) MMU target violated: 201.0ms (200.0ms/201.0ms)
[2026-01-16T08:43:03.754+0000][gc,phases   ] GC(478)   Pre Evacuate Collection Set: 122.4ms
[2026-01-16T08:43:03.757+0000][gc,phases   ] GC(478)   Merge Heap Roots: 28.6ms
[2026-01-16T08:43:03.757+0000][gc,phases   ] GC(478)   Evacuate Collection Set: 1897.1ms
[2026-01-16T08:43:03.758+0000][gc,phases   ] GC(478)   Post Evacuate Collection Set: 261.6ms
[2026-01-16T08:43:03.770+0000][gc,phases   ] GC(478)   Other: 63.6ms
[2026-01-16T08:43:03.774+0000][gc,heap     ] GC(478) Eden regions: 46->0(46)
[2026-01-16T08:43:03.775+0000][gc,heap     ] GC(478) Survivor regions: 5->5(7)
[2026-01-16T08:43:03.780+0000][gc,heap     ] GC(478) Old regions: 293->294
[2026-01-16T08:43:03.785+0000][gc,heap     ] GC(478) Humongous regions: 149->149
[2026-01-16T08:43:03.785+0000][gc,metaspace] GC(478) Metaspace: 15307K(15808K)->15307K(15808K) NonClass: 13597K(13824K)->13597K(13824K) Class: 1710K(1984K)->1710K(1984K)
[2026-01-16T08:43:03.787+0000][gc          ] GC(478) Pause Young (Normal) (G1 Evacuation Pause) 492M->446M(1024M) 2430.092ms
[2026-01-16T08:43:03.855+0000][gc,cpu      ] GC(478) User=0.78s Sys=0.09s Real=2.45s
[2026-01-16T08:43:08.280+0000][gc,start    ] GC(479) Pause Young (Normal) (G1 Evacuation Pause)
[2026-01-16T08:43:08.299+0000][gc,task     ] GC(479) Using 8 workers of 8 for evacuation
[2026-01-16T08:43:09.530+0000][gc,mmu      ] GC(479) MMU target violated: 201.0ms (200.0ms/201.0ms)
[2026-01-16T08:43:09.532+0000][gc,phases   ] GC(479)   Pre Evacuate Collection Set: 108.9ms
[2026-01-16T08:43:09.535+0000][gc,phases   ] GC(479)   Merge Heap Roots: 17.8ms
[2026-01-16T08:43:09.536+0000][gc,phases   ] GC(479)   Evacuate Collection Set: 1060.6ms
[2026-01-16T08:43:09.536+0000][gc,phases   ] GC(479)   Post Evacuate Collection Set: 32.0ms
[2026-01-16T08:43:09.537+0000][gc,phases   ] GC(479)   Other: 29.0ms
[2026-01-16T08:43:09.539+0000][gc,heap     ] GC(479) Eden regions: 46->0(46)
[2026-01-16T08:43:09.540+0000][gc,heap     ] GC(479) Survivor regions: 5->5(7)
[2026-01-16T08:43:09.540+0000][gc,heap     ] GC(479) Old regions: 294->295
[2026-01-16T08:43:09.543+0000][gc,heap     ] GC(479) Humongous regions: 149->149
[2026-01-16T08:43:09.545+0000][gc,metaspace] GC(479) Metaspace: 15308K(15808K)->15308K(15808K) NonClass: 13597K(13824K)->13597K(13824K) Class: 1710K(1984K)->1710K(1984K)
[2026-01-16T08:43:09.546+0000][gc          ] GC(479) Pause Young (Normal) (G1 Evacuation Pause) 492M->447M(1024M) 1266.562ms
[2026-01-16T08:43:09.563+0000][gc,cpu      ] GC(479) User=0.56s Sys=0.05s Real=1.28s
[2026-01-16T08:43:15.816+0000][gc,start    ] GC(480) Pause Young (Normal) (G1 Evacuation Pause)
[2026-01-16T08:43:15.818+0000][gc,task     ] GC(480) Using 8 workers of 8 for evacuation
[2026-01-16T08:43:16.767+0000][gc,mmu      ] GC(480) MMU target violated: 201.0ms (200.0ms/201.0ms)
[2026-01-16T08:43:16.768+0000][gc,phases   ] GC(480)   Pre Evacuate Collection Set: 98.3ms
[2026-01-16T08:43:16.769+0000][gc,phases   ] GC(480)   Merge Heap Roots: 26.0ms
[2026-01-16T08:43:16.771+0000][gc,phases   ] GC(480)   Evacuate Collection Set: 709.5ms
[2026-01-16T08:43:16.774+0000][gc,phases   ] GC(480)   Post Evacuate Collection Set: 95.3ms
[2026-01-16T08:43:16.775+0000][gc,phases   ] GC(480)   Other: 21.5ms
[2026-01-16T08:43:16.776+0000][gc,heap     ] GC(480) Eden regions: 46->0(46)
[2026-01-16T08:43:16.776+0000][gc,heap     ] GC(480) Survivor regions: 5->5(7)
[2026-01-16T08:43:16.777+0000][gc,heap     ] GC(480) Old regions: 295->295
[2026-01-16T08:43:16.779+0000][gc,heap     ] GC(480) Humongous regions: 149->149
[2026-01-16T08:43:16.779+0000][gc,metaspace] GC(480) Metaspace: 15309K(15808K)->15309K(15808K) NonClass: 13599K(13824K)->13599K(13824K) Class: 1710K(1984K)->1710K(1984K)
[2026-01-16T08:43:16.781+0000][gc          ] GC(480) Pause Young (Normal) (G1 Evacuation Pause) 493M->448M(1024M) 964.981ms
[2026-01-16T08:43:16.783+0000][gc,cpu      ] GC(480) User=0.45s Sys=0.05s Real=0.97s
[2026-01-16T08:43:23.961+0000][gc,start    ] GC(481) Pause Young (Normal) (G1 Evacuation Pause)
[2026-01-16T08:43:24.022+0000][gc,task     ] GC(481) Using 8 workers of 8 for evacuation
[2026-01-16T08:43:24.737+0000][gc,mmu      ] GC(481) MMU target violated: 201.0ms (200.0ms/201.0ms)
[2026-01-16T08:43:24.738+0000][gc,phases   ] GC(481)   Pre Evacuate Collection Set: 126.7ms
[2026-01-16T08:43:24.741+0000][gc,phases   ] GC(481)   Merge Heap Roots: 2.1ms
[2026-01-16T08:43:24.742+0000][gc,phases   ] GC(481)   Evacuate Collection Set: 575.4ms
[2026-01-16T08:43:24.743+0000][gc,phases   ] GC(481)   Post Evacuate Collection Set: 8.5ms
[2026-01-16T08:43:24.744+0000][gc,phases   ] GC(481)   Other: 60.1ms
[2026-01-16T08:43:24.744+0000][gc,heap     ] GC(481) Eden regions: 46->0(47)
[2026-01-16T08:43:24.745+0000][gc,heap     ] GC(481) Survivor regions: 5->4(7)
[2026-01-16T08:43:24.745+0000][gc,heap     ] GC(481) Old regions: 295->296
[2026-01-16T08:43:24.746+0000][gc,heap     ] GC(481) Humongous regions: 149->149
[2026-01-16T08:43:24.746+0000][gc,metaspace] GC(481) Metaspace: 15309K(15808K)->15309K(15808K) NonClass: 13599K(13824K)->13599K(13824K) Class: 1710K(1984K)->1710K(1984K)
[2026-01-16T08:43:24.750+0000][gc          ] GC(481) Pause Young (Normal) (G1 Evacuation Pause) 494M->448M(1024M) 789.357ms
[2026-01-16T08:43:24.750+0000][gc,cpu      ] GC(481) User=0.41s Sys=0.04s Real=0.79s
[2026-01-16T08:43:28.509+0000][gc,start    ] GC(482) Pause Young (Normal) (G1 Evacuation Pause)
[2026-01-16T08:43:28.542+0000][gc,task     ] GC(482) Using 8 workers of 8 for evacuation
[2026-01-16T08:43:31.624+0000][gc,mmu      ] GC(482) MMU target violated: 201.0ms (200.0ms/201.0ms)
[2026-01-16T08:43:31.649+0000][gc,phases   ] GC(482)   Pre Evacuate Collection Set: 288.1ms
[2026-01-16T08:43:31.654+0000][gc,phases   ] GC(482)   Merge Heap Roots: 153.2ms
[2026-01-16T08:43:31.666+0000][gc,phases   ] GC(482)   Evacuate Collection Set: 2429.0ms
[2026-01-16T08:43:31.669+0000][gc,phases   ] GC(482)   Post Evacuate Collection Set: 199.3ms
[2026-01-16T08:43:31.671+0000][gc,phases   ] GC(482)   Other: 62.0ms
[2026-01-16T08:43:31.689+0000][gc,heap     ] GC(482) Eden regions: 47->0(46)
[2026-01-16T08:43:31.696+0000][gc,heap     ] GC(482) Survivor regions: 4->5(7)
[2026-01-16T08:43:31.696+0000][gc,heap     ] GC(482) Old regions: 296->297
[2026-01-16T08:43:31.698+0000][gc,heap     ] GC(482) Humongous regions: 149->149
[2026-01-16T08:43:31.700+0000][gc,metaspace] GC(482) Metaspace: 15311K(15808K)->15311K(15808K) NonClass: 13601K(13824K)->13601K(13824K) Class: 1710K(1984K)->1710K(1984K)
[2026-01-16T08:43:31.703+0000][gc          ] GC(482) Pause Young (Normal) (G1 Evacuation Pause) 495M->449M(1024M) 3194.284ms
[2026-01-16T08:43:31.739+0000][gc,cpu      ] GC(482) User=1.27s Sys=0.21s Real=3.21s
[2026-01-16T08:43:36.561+0000][gc,start    ] GC(483) Pause Young (Normal) (G1 Evacuation Pause)
[2026-01-16T08:43:36.568+0000][gc,task     ] GC(483) Using 8 workers of 8 for evacuation
[2026-01-16T08:43:38.471+0000][gc,mmu      ] GC(483) MMU target violated: 201.0ms (200.0ms/201.0ms)
[2026-01-16T08:43:38.478+0000][gc,phases   ] GC(483)   Pre Evacuate Collection Set: 182.1ms
[2026-01-16T08:43:38.484+0000][gc,phases   ] GC(483)   Merge Heap Roots: 28.6ms
[2026-01-16T08:43:38.484+0000][gc,phases   ] GC(483)   Evacuate Collection Set: 1410.9ms
[2026-01-16T08:43:38.492+0000][gc,phases   ] GC(483)   Post Evacuate Collection Set: 239.7ms
[2026-01-16T08:43:38.495+0000][gc,phases   ] GC(483)   Other: 45.8ms
[2026-01-16T08:43:38.506+0000][gc,heap     ] GC(483) Eden regions: 46->0(47)
[2026-01-16T08:43:38.510+0000][gc,heap     ] GC(483) Survivor regions: 5->4(7)
[2026-01-16T08:43:38.511+0000][gc,heap     ] GC(483) Old regions: 297->298
[2026-01-16T08:43:38.513+0000][gc,heap     ] GC(483) Humongous regions: 149->149
[2026-01-16T08:43:38.516+0000][gc,metaspace] GC(483) Metaspace: 15311K(15808K)->15311K(15808K) NonClass: 13601K(13824K)->13601K(13824K) Class: 1710K(1984K)->1710K(1984K)
[2026-01-16T08:43:38.523+0000][gc          ] GC(483) Pause Young (Normal) (G1 Evacuation Pause) 495M->450M(1024M) 1974.593ms
[2026-01-16T08:43:38.527+0000][gc,cpu      ] GC(483) User=0.89s Sys=0.13s Real=1.98s
[2026-01-16T08:43:56.883+0000][gc,start    ] GC(484) Pause Young (Normal) (G1 Evacuation Pause)
[2026-01-16T08:43:56.887+0000][gc,task     ] GC(484) Using 8 workers of 8 for evacuation
[2026-01-16T08:43:58.524+0000][gc,mmu      ] GC(484) MMU target violated: 201.0ms (200.0ms/201.0ms)
[2026-01-16T08:43:58.543+0000][gc,phases   ] GC(484)   Pre Evacuate Collection Set: 138.8ms
[2026-01-16T08:43:58.555+0000][gc,phases   ] GC(484)   Merge Heap Roots: 13.6ms
[2026-01-16T08:43:58.555+0000][gc,phases   ] GC(484)   Evacuate Collection Set: 1312.8ms
[2026-01-16T08:43:58.557+0000][gc,phases   ] GC(484)   Post Evacuate Collection Set: 147.5ms
[2026-01-16T08:43:58.558+0000][gc,phases   ] GC(484)   Other: 42.6ms
[2026-01-16T08:43:58.559+0000][gc,heap     ] GC(484) Eden regions: 47->0(46)
[2026-01-16T08:43:58.572+0000][gc,heap     ] GC(484) Survivor regions: 4->5(7)
[2026-01-16T08:43:58.591+0000][gc,heap     ] GC(484) Old regions: 298->298
[2026-01-16T08:43:58.592+0000][gc,heap     ] GC(484) Humongous regions: 149->149
[2026-01-16T08:43:58.592+0000][gc,metaspace] GC(484) Metaspace: 15315K(15808K)->15315K(15808K) NonClass: 13605K(13824K)->13605K(13824K) Class: 1710K(1984K)->1710K(1984K)
[2026-01-16T08:43:58.599+0000][gc          ] GC(484) Pause Young (Normal) (G1 Evacuation Pause) 497M->451M(1024M) 1715.395ms
[2026-01-16T08:43:58.609+0000][gc,cpu      ] GC(484) User=0.91s Sys=0.05s Real=1.72s
[2026-01-16T08:44:06.525+0000][gc,start    ] GC(485) Pause Young (Normal) (G1 Evacuation Pause)
[2026-01-16T08:44:06.529+0000][gc,task     ] GC(485) Using 8 workers of 8 for evacuation
[2026-01-16T08:44:06.975+0000][gc,mmu      ] GC(485) MMU target violated: 201.0ms (200.0ms/201.0ms)
[2026-01-16T08:44:06.983+0000][gc,phases   ] GC(485)   Pre Evacuate Collection Set: 22.4ms
[2026-01-16T08:44:06.984+0000][gc,phases   ] GC(485)   Merge Heap Roots: 1.5ms
[2026-01-16T08:44:06.984+0000][gc,phases   ] GC(485)   Evacuate Collection Set: 389.2ms
[2026-01-16T08:44:06.985+0000][gc,phases   ] GC(485)   Post Evacuate Collection Set: 25.4ms
[2026-01-16T08:44:06.988+0000][gc,phases   ] GC(485)   Other: 17.3ms
[2026-01-16T08:44:06.999+0000][gc,heap     ] GC(485) Eden regions: 46->0(47)
[2026-01-16T08:44:07.000+0000][gc,heap     ] GC(485) Survivor regions: 5->4(7)
[2026-01-16T08:44:07.009+0000][gc,heap     ] GC(485) Old regions: 298->299
[2026-01-16T08:44:07.012+0000][gc,heap     ] GC(485) Humongous regions: 149->149
[2026-01-16T08:44:07.013+0000][gc,metaspace] GC(485) Metaspace: 15317K(15808K)->15317K(15808K) NonClass: 13607K(13824K)->13607K(13824K) Class: 1710K(1984K)->1710K(1984K)
[2026-01-16T08:44:07.015+0000][gc          ] GC(485) Pause Young (Normal) (G1 Evacuation Pause) 497M->451M(1024M) 489.698ms
[2026-01-16T08:44:07.015+0000][gc,cpu      ] GC(485) User=0.42s Sys=0.05s Real=0.49s
[2026-01-16T08:44:08.775+0000][gc,start    ] GC(486) Pause Young (Normal) (G1 Evacuation Pause)
[2026-01-16T08:44:08.804+0000][gc,task     ] GC(486) Using 8 workers of 8 for evacuation
[2026-01-16T08:44:09.645+0000][gc,mmu      ] GC(486) MMU target violated: 201.0ms (200.0ms/201.0ms)
[2026-01-16T08:44:09.647+0000][gc,phases   ] GC(486)   Pre Evacuate Collection Set: 127.7ms
[2026-01-16T08:44:09.649+0000][gc,phases   ] GC(486)   Merge Heap Roots: 5.5ms
[2026-01-16T08:44:09.649+0000][gc,phases   ] GC(486)   Evacuate Collection Set: 695.5ms
[2026-01-16T08:44:09.650+0000][gc,phases   ] GC(486)   Post Evacuate Collection Set: 11.4ms
[2026-01-16T08:44:09.650+0000][gc,phases   ] GC(486)   Other: 3.1ms
[2026-01-16T08:44:09.650+0000][gc,heap     ] GC(486) Eden regions: 47->0(47)
[2026-01-16T08:44:09.665+0000][gc,heap     ] GC(486) Survivor regions: 4->4(7)
[2026-01-16T08:44:09.665+0000][gc,heap     ] GC(486) Old regions: 299->300
[2026-01-16T08:44:09.665+0000][gc,heap     ] GC(486) Humongous regions: 149->149
[2026-01-16T08:44:09.666+0000][gc,metaspace] GC(486) Metaspace: 15317K(15808K)->15317K(15808K) NonClass: 13607K(13824K)->13607K(13824K) Class: 1710K(1984K)->1710K(1984K)
[2026-01-16T08:44:09.666+0000][gc          ] GC(486) Pause Young (Normal) (G1 Evacuation Pause) 498M->452M(1024M) 891.618ms
[2026-01-16T08:44:09.667+0000][gc,cpu      ] GC(486) User=0.49s Sys=0.07s Real=0.89s
[2026-01-16T08:44:17.195+0000][gc,start    ] GC(487) Pause Young (Normal) (G1 Evacuation Pause)
[2026-01-16T08:44:17.206+0000][gc,task     ] GC(487) Using 8 workers of 8 for evacuation
[2026-01-16T08:44:18.619+0000][gc,mmu      ] GC(487) MMU target violated: 201.0ms (200.0ms/201.0ms)
[2026-01-16T08:44:18.622+0000][gc,phases   ] GC(487)   Pre Evacuate Collection Set: 206.0ms
[2026-01-16T08:44:18.629+0000][gc,phases   ] GC(487)   Merge Heap Roots: 24.0ms
[2026-01-16T08:44:18.632+0000][gc,phases   ] GC(487)   Evacuate Collection Set: 1109.8ms
[2026-01-16T08:44:18.633+0000][gc,phases   ] GC(487)   Post Evacuate Collection Set: 62.3ms
[2026-01-16T08:44:18.634+0000][gc,phases   ] GC(487)   Other: 14.3ms
[2026-01-16T08:44:18.635+0000][gc,heap     ] GC(487) Eden regions: 47->0(46)
[2026-01-16T08:44:18.636+0000][gc,heap     ] GC(487) Survivor regions: 4->5(7)
[2026-01-16T08:44:18.636+0000][gc,heap     ] GC(487) Old regions: 300->300
[2026-01-16T08:44:18.640+0000][gc,heap     ] GC(487) Humongous regions: 149->149
[2026-01-16T08:44:18.643+0000][gc,metaspace] GC(487) Metaspace: 15317K(15808K)->15317K(15808K) NonClass: 13607K(13824K)->13607K(13824K) Class: 1710K(1984K)->1710K(1984K)
[2026-01-16T08:44:18.643+0000][gc          ] GC(487) Pause Young (Normal) (G1 Evacuation Pause) 499M->453M(1024M) 1448.237ms
[2026-01-16T08:44:18.643+0000][gc,cpu      ] GC(487) User=0.57s Sys=0.04s Real=1.45s
[2026-01-16T08:44:23.404+0000][gc,start    ] GC(488) Pause Young (Normal) (G1 Evacuation Pause)
[2026-01-16T08:44:23.405+0000][gc,task     ] GC(488) Using 8 workers of 8 for evacuation
[2026-01-16T08:44:24.549+0000][gc,mmu      ] GC(488) MMU target violated: 201.0ms (200.0ms/201.0ms)
[2026-01-16T08:44:24.571+0000][gc,phases   ] GC(488)   Pre Evacuate Collection Set: 56.6ms
[2026-01-16T08:44:24.573+0000][gc,phases   ] GC(488)   Merge Heap Roots: 4.2ms
[2026-01-16T08:44:24.574+0000][gc,phases   ] GC(488)   Evacuate Collection Set: 985.4ms
[2026-01-16T08:44:24.574+0000][gc,phases   ] GC(488)   Post Evacuate Collection Set: 95.0ms
[2026-01-16T08:44:24.574+0000][gc,phases   ] GC(488)   Other: 25.1ms
[2026-01-16T08:44:24.576+0000][gc,heap     ] GC(488) Eden regions: 46->0(47)
[2026-01-16T08:44:24.579+0000][gc,heap     ] GC(488) Survivor regions: 5->4(7)
[2026-01-16T08:44:24.587+0000][gc,heap     ] GC(488) Old regions: 300->301
[2026-01-16T08:44:24.587+0000][gc,heap     ] GC(488) Humongous regions: 149->149
[2026-01-16T08:44:24.588+0000][gc,metaspace] GC(488) Metaspace: 15317K(15808K)->15317K(15808K) NonClass: 13607K(13824K)->13607K(13824K) Class: 1710K(1984K)->1710K(1984K)
[2026-01-16T08:44:24.589+0000][gc          ] GC(488) Pause Young (Normal) (G1 Evacuation Pause) 499M->453M(1024M) 1185.875ms
[2026-01-16T08:44:24.602+0000][gc,cpu      ] GC(488) User=0.72s Sys=0.12s Real=1.20s
[2026-01-16T08:44:33.585+0000][gc,start    ] GC(489) Pause Young (Normal) (G1 Evacuation Pause)
[2026-01-16T08:44:33.600+0000][gc,task     ] GC(489) Using 8 workers of 8 for evacuation
[2026-01-16T08:44:35.348+0000][gc,mmu      ] GC(489) MMU target violated: 201.0ms (200.0ms/201.0ms)
[2026-01-16T08:44:35.350+0000][gc,phases   ] GC(489)   Pre Evacuate Collection Set: 27.9ms
[2026-01-16T08:44:35.357+0000][gc,phases   ] GC(489)   Merge Heap Roots: 97.5ms
[2026-01-16T08:44:35.358+0000][gc,phases   ] GC(489)   Evacuate Collection Set: 1544.4ms
[2026-01-16T08:44:35.359+0000][gc,phases   ] GC(489)   Post Evacuate Collection Set: 74.1ms
[2026-01-16T08:44:35.368+0000][gc,phases   ] GC(489)   Other: 6.4ms
[2026-01-16T08:44:35.376+0000][gc,heap     ] GC(489) Eden regions: 47->0(47)
[2026-01-16T08:44:35.389+0000][gc,heap     ] GC(489) Survivor regions: 4->4(7)
[2026-01-16T08:44:35.399+0000][gc,heap     ] GC(489) Old regions: 301->302
[2026-01-16T08:44:35.401+0000][gc,heap     ] GC(489) Humongous regions: 149->149
[2026-01-16T08:44:35.401+0000][gc,metaspace] GC(489) Metaspace: 15317K(15808K)->15317K(15808K) NonClass: 13607K(13824K)->13607K(13824K) Class: 1710K(1984K)->1710K(1984K)
[2026-01-16T08:44:35.403+0000][gc          ] GC(489) Pause Young (Normal) (G1 Evacuation Pause) 500M->454M(1024M) 1817.928ms
[2026-01-16T08:44:35.440+0000][gc,cpu      ] GC(489) User=0.70s Sys=0.14s Real=1.86s
[2026-01-16T08:44:38.932+0000][gc,start    ] GC(490) Pause Young (Normal) (G1 Evacuation Pause)
[2026-01-16T08:44:38.979+0000][gc,task     ] GC(490) Using 8 workers of 8 for evacuation
[2026-01-16T08:44:39.928+0000][gc,mmu      ] GC(490) MMU target violated: 201.0ms (200.0ms/201.0ms)
[2026-01-16T08:44:39.931+0000][gc,phases   ] GC(490)   Pre Evacuate Collection Set: 128.5ms
[2026-01-16T08:44:39.934+0000][gc,phases   ] GC(490)   Merge Heap Roots: 3.0ms
[2026-01-16T08:44:39.937+0000][gc,phases   ] GC(490)   Evacuate Collection Set: 796.1ms
[2026-01-16T08:44:39.939+0000][gc,phases   ] GC(490)   Post Evacuate Collection Set: 18.2ms
[2026-01-16T08:44:39.939+0000][gc,phases   ] GC(490)   Other: 6.2ms
[2026-01-16T08:44:39.940+0000][gc,heap     ] GC(490) Eden regions: 47->0(47)
[2026-01-16T08:44:39.940+0000][gc,heap     ] GC(490) Survivor regions: 4->4(7)
[2026-01-16T08:44:39.940+0000][gc,heap     ] GC(490) Old regions: 302->303
[2026-01-16T08:44:39.941+0000][gc,heap     ] GC(490) Humongous regions: 149->149
[2026-01-16T08:44:39.942+0000][gc,metaspace] GC(490) Metaspace: 15317K(15808K)->15317K(15808K) NonClass: 13607K(13824K)->13607K(13824K) Class: 1710K(1984K)->1710K(1984K)
[2026-01-16T08:44:39.942+0000][gc          ] GC(490) Pause Young (Normal) (G1 Evacuation Pause) 501M->455M(1024M) 1009.770ms
[2026-01-16T08:44:39.943+0000][gc,cpu      ] GC(490) User=0.56s Sys=0.09s Real=1.01s
[2026-01-16T08:44:41.718+0000][gc,start    ] GC(491) Pause Young (Normal) (G1 Evacuation Pause)
[2026-01-16T08:44:41.718+0000][gc,task     ] GC(491) Using 8 workers of 8 for evacuation
[2026-01-16T08:44:42.537+0000][gc,mmu      ] GC(491) MMU target violated: 201.0ms (200.0ms/201.0ms)
[2026-01-16T08:44:42.545+0000][gc,phases   ] GC(491)   Pre Evacuate Collection Set: 101.5ms
[2026-01-16T08:44:42.546+0000][gc,phases   ] GC(491)   Merge Heap Roots: 17.7ms
[2026-01-16T08:44:42.547+0000][gc,phases   ] GC(491)   Evacuate Collection Set: 642.3ms
[2026-01-16T08:44:42.547+0000][gc,phases   ] GC(491)   Post Evacuate Collection Set: 57.4ms
[2026-01-16T08:44:42.549+0000][gc,phases   ] GC(491)   Other: 8.4ms
[2026-01-16T08:44:42.549+0000][gc,heap     ] GC(491) Eden regions: 47->0(46)
[2026-01-16T08:44:42.552+0000][gc,heap     ] GC(491) Survivor regions: 4->5(7)
[2026-01-16T08:44:42.602+0000][gc,heap     ] GC(491) Old regions: 303->303
[2026-01-16T08:44:42.612+0000][gc,heap     ] GC(491) Humongous regions: 149->149
[2026-01-16T08:44:42.613+0000][gc,metaspace] GC(491) Metaspace: 15326K(15808K)->15326K(15808K) NonClass: 13616K(13824K)->13616K(13824K) Class: 1710K(1984K)->1710K(1984K)
[2026-01-16T08:44:42.615+0000][gc          ] GC(491) Pause Young (Normal) (G1 Evacuation Pause) 502M->455M(1024M) 896.982ms
[2026-01-16T08:44:42.618+0000][gc,cpu      ] GC(491) User=0.37s Sys=0.02s Real=0.90s
[2026-01-16T08:44:53.122+0000][gc,start    ] GC(492) Pause Young (Normal) (G1 Evacuation Pause)
[2026-01-16T08:44:53.136+0000][gc,task     ] GC(492) Using 8 workers of 8 for evacuation
[2026-01-16T08:44:57.216+0000][gc,mmu      ] GC(492) MMU target violated: 201.0ms (200.0ms/201.0ms)
[2026-01-16T08:44:57.221+0000][gc,phases   ] GC(492)   Pre Evacuate Collection Set: 85.6ms
[2026-01-16T08:44:57.225+0000][gc,phases   ] GC(492)   Merge Heap Roots: 17.7ms
[2026-01-16T08:44:57.230+0000][gc,phases   ] GC(492)   Evacuate Collection Set: 3500.9ms
[2026-01-16T08:44:57.231+0000][gc,phases   ] GC(492)   Post Evacuate Collection Set: 455.1ms
[2026-01-16T08:44:57.233+0000][gc,phases   ] GC(492)   Other: 26.0ms
[2026-01-16T08:44:57.235+0000][gc,heap     ] GC(492) Eden regions: 46->0(46)
[2026-01-16T08:44:57.238+0000][gc,heap     ] GC(492) Survivor regions: 5->5(7)
[2026-01-16T08:44:57.240+0000][gc,heap     ] GC(492) Old regions: 303->304
[2026-01-16T08:44:57.241+0000][gc,heap     ] GC(492) Humongous regions: 149->149
[2026-01-16T08:44:57.242+0000][gc,metaspace] GC(492) Metaspace: 15326K(15808K)->15326K(15808K) NonClass: 13616K(13824K)->13616K(13824K) Class: 1710K(1984K)->1710K(1984K)
[2026-01-16T08:44:57.258+0000][gc          ] GC(492) Pause Young (Normal) (G1 Evacuation Pause) 501M->456M(1024M) 4137.618ms
[2026-01-16T08:44:57.359+0000][gc,cpu      ] GC(492) User=1.56s Sys=0.17s Real=4.17s
[2026-01-16T08:45:08.568+0000][gc,start    ] GC(493) Pause Young (Normal) (G1 Evacuation Pause)
[2026-01-16T08:45:08.574+0000][gc,task     ] GC(493) Using 8 workers of 8 for evacuation
[2026-01-16T08:45:10.169+0000][gc,mmu      ] GC(493) MMU target violated: 201.0ms (200.0ms/201.0ms)
[2026-01-16T08:45:10.170+0000][gc,phases   ] GC(493)   Pre Evacuate Collection Set: 143.7ms
[2026-01-16T08:45:10.170+0000][gc,phases   ] GC(493)   Merge Heap Roots: 48.0ms
[2026-01-16T08:45:10.170+0000][gc,phases   ] GC(493)   Evacuate Collection Set: 1343.8ms
[2026-01-16T08:45:10.171+0000][gc,phases   ] GC(493)   Post Evacuate Collection Set: 51.3ms
[2026-01-16T08:45:10.171+0000][gc,phases   ] GC(493)   Other: 9.4ms
[2026-01-16T08:45:10.171+0000][gc,heap     ] GC(493) Eden regions: 46->0(46)
[2026-01-16T08:45:10.171+0000][gc,heap     ] GC(493) Survivor regions: 5->5(7)
[2026-01-16T08:45:10.172+0000][gc,heap     ] GC(493) Old regions: 304->304
[2026-01-16T08:45:10.172+0000][gc,heap     ] GC(493) Humongous regions: 149->149
[2026-01-16T08:45:10.172+0000][gc,metaspace] GC(493) Metaspace: 15326K(15808K)->15326K(15808K) NonClass: 13616K(13824K)->13616K(13824K) Class: 1710K(1984K)->1710K(1984K)
[2026-01-16T08:45:10.173+0000][gc          ] GC(493) Pause Young (Normal) (G1 Evacuation Pause) 502M->457M(1024M) 1605.095ms
[2026-01-16T08:45:10.174+0000][gc,cpu      ] GC(493) User=0.76s Sys=0.06s Real=1.60s
[2026-01-16T08:45:12.833+0000][gc,start    ] GC(494) Pause Young (Normal) (G1 Evacuation Pause)
[2026-01-16T08:45:12.867+0000][gc,task     ] GC(494) Using 8 workers of 8 for evacuation
[2026-01-16T08:45:13.881+0000][gc,mmu      ] GC(494) MMU target violated: 201.0ms (200.0ms/201.0ms)
[2026-01-16T08:45:13.883+0000][gc,phases   ] GC(494)   Pre Evacuate Collection Set: 155.4ms
[2026-01-16T08:45:13.885+0000][gc,phases   ] GC(494)   Merge Heap Roots: 5.9ms
[2026-01-16T08:45:13.894+0000][gc,phases   ] GC(494)   Evacuate Collection Set: 701.0ms
[2026-01-16T08:45:13.899+0000][gc,phases   ] GC(494)   Post Evacuate Collection Set: 121.3ms
[2026-01-16T08:45:13.902+0000][gc,phases   ] GC(494)   Other: 47.5ms
[2026-01-16T08:45:13.907+0000][gc,heap     ] GC(494) Eden regions: 46->0(47)
[2026-01-16T08:45:13.907+0000][gc,heap     ] GC(494) Survivor regions: 5->4(7)
[2026-01-16T08:45:13.907+0000][gc,heap     ] GC(494) Old regions: 304->306
[2026-01-16T08:45:13.908+0000][gc,heap     ] GC(494) Humongous regions: 149->149
[2026-01-16T08:45:13.908+0000][gc,metaspace] GC(494) Metaspace: 15327K(15808K)->15327K(15808K) NonClass: 13616K(13824K)->13616K(13824K) Class: 1710K(1984K)->1710K(1984K)
[2026-01-16T08:45:13.909+0000][gc          ] GC(494) Pause Young (Normal) (G1 Evacuation Pause) 503M->457M(1024M) 1075.310ms
[2026-01-16T08:45:13.909+0000][gc,cpu      ] GC(494) User=0.51s Sys=0.04s Real=1.09s
[2026-01-16T08:45:16.265+0000][gc,start    ] GC(495) Pause Young (Normal) (G1 Evacuation Pause)
[2026-01-16T08:45:16.265+0000][gc,task     ] GC(495) Using 8 workers of 8 for evacuation
[2026-01-16T08:45:18.966+0000][gc,mmu      ] GC(495) MMU target violated: 201.0ms (200.0ms/201.0ms)
[2026-01-16T08:45:18.982+0000][gc,phases   ] GC(495)   Pre Evacuate Collection Set: 35.7ms
[2026-01-16T08:45:18.993+0000][gc,phases   ] GC(495)   Merge Heap Roots: 0.6ms
[2026-01-16T08:45:18.997+0000][gc,phases   ] GC(495)   Evacuate Collection Set: 2410.3ms
[2026-01-16T08:45:19.003+0000][gc,phases   ] GC(495)   Post Evacuate Collection Set: 227.0ms
[2026-01-16T08:45:19.005+0000][gc,phases   ] GC(495)   Other: 42.8ms
[2026-01-16T08:45:19.007+0000][gc,heap     ] GC(495) Eden regions: 47->0(46)
[2026-01-16T08:45:19.011+0000][gc,heap     ] GC(495) Survivor regions: 4->5(7)
[2026-01-16T08:45:19.011+0000][gc,heap     ] GC(495) Old regions: 306->306
[2026-01-16T08:45:19.012+0000][gc,heap     ] GC(495) Humongous regions: 149->149
[2026-01-16T08:45:19.014+0000][gc,metaspace] GC(495) Metaspace: 15327K(15808K)->15327K(15808K) NonClass: 13616K(13824K)->13616K(13824K) Class: 1710K(1984K)->1710K(1984K)
[2026-01-16T08:45:19.024+0000][gc          ] GC(495) Pause Young (Normal) (G1 Evacuation Pause) 504M->458M(1024M) 2759.258ms
[2026-01-16T08:45:19.049+0000][gc,cpu      ] GC(495) User=0.85s Sys=0.08s Real=2.79s
[2026-01-16T08:45:24.573+0000][gc,start    ] GC(496) Pause Young (Normal) (G1 Evacuation Pause)
[2026-01-16T08:45:24.598+0000][gc,task     ] GC(496) Using 8 workers of 8 for evacuation
[2026-01-16T08:45:26.314+0000][gc,mmu      ] GC(496) MMU target violated: 201.0ms (200.0ms/201.0ms)
[2026-01-16T08:45:26.316+0000][gc,phases   ] GC(496)   Pre Evacuate Collection Set: 87.1ms
[2026-01-16T08:45:26.317+0000][gc,phases   ] GC(496)   Merge Heap Roots: 33.8ms
[2026-01-16T08:45:26.317+0000][gc,phases   ] GC(496)   Evacuate Collection Set: 1438.3ms
[2026-01-16T08:45:26.318+0000][gc,phases   ] GC(496)   Post Evacuate Collection Set: 140.4ms
[2026-01-16T08:45:26.319+0000][gc,phases   ] GC(496)   Other: 19.3ms
[2026-01-16T08:45:26.321+0000][gc,heap     ] GC(496) Eden regions: 46->0(46)
[2026-01-16T08:45:26.322+0000][gc,heap     ] GC(496) Survivor regions: 5->5(7)
[2026-01-16T08:45:26.325+0000][gc,heap     ] GC(496) Old regions: 306->307
[2026-01-16T08:45:26.330+0000][gc,heap     ] GC(496) Humongous regions: 149->149
[2026-01-16T08:45:26.331+0000][gc,metaspace] GC(496) Metaspace: 15328K(15808K)->15328K(15808K) NonClass: 13617K(13824K)->13617K(13824K) Class: 1710K(1984K)->1710K(1984K)
[2026-01-16T08:45:26.333+0000][gc          ] GC(496) Pause Young (Normal) (G1 Evacuation Pause) 504M->459M(1024M) 1759.732ms
[2026-01-16T08:45:26.346+0000][gc,cpu      ] GC(496) User=0.94s Sys=0.07s Real=1.77s
[2026-01-16T08:45:34.541+0000][gc,start    ] GC(497) Pause Young (Normal) (G1 Evacuation Pause)
[2026-01-16T08:45:34.551+0000][gc,task     ] GC(497) Using 8 workers of 8 for evacuation
[2026-01-16T08:45:37.427+0000][gc,mmu      ] GC(497) MMU target violated: 201.0ms (200.0ms/201.0ms)
[2026-01-16T08:45:37.434+0000][gc,phases   ] GC(497)   Pre Evacuate Collection Set: 244.8ms
[2026-01-16T08:45:37.439+0000][gc,phases   ] GC(497)   Merge Heap Roots: 25.0ms
[2026-01-16T08:45:37.449+0000][gc,phases   ] GC(497)   Evacuate Collection Set: 2356.3ms
[2026-01-16T08:45:37.451+0000][gc,phases   ] GC(497)   Post Evacuate Collection Set: 245.1ms
[2026-01-16T08:45:37.457+0000][gc,phases   ] GC(497)   Other: 12.8ms
[2026-01-16T08:45:37.461+0000][gc,heap     ] GC(497) Eden regions: 46->0(47)
[2026-01-16T08:45:37.473+0000][gc,heap     ] GC(497) Survivor regions: 5->4(7)
[2026-01-16T08:45:37.478+0000][gc,heap     ] GC(497) Old regions: 307->307
[2026-01-16T08:45:37.483+0000][gc,heap     ] GC(497) Humongous regions: 149->149
[2026-01-16T08:45:37.492+0000][gc,metaspace] GC(497) Metaspace: 15328K(15808K)->15328K(15808K) NonClass: 13617K(13824K)->13617K(13824K) Class: 1710K(1984K)->1710K(1984K)
[2026-01-16T08:45:37.497+0000][gc          ] GC(497) Pause Young (Normal) (G1 Evacuation Pause) 505M->459M(1024M) 2956.027ms
[2026-01-16T08:45:37.528+0000][gc,cpu      ] GC(497) User=1.13s Sys=0.10s Real=3.18s
[2026-01-16T08:45:48.251+0000][gc,start    ] GC(498) Pause Young (Normal) (G1 Evacuation Pause)
[2026-01-16T08:45:48.256+0000][gc,task     ] GC(498) Using 8 workers of 8 for evacuation
[2026-01-16T08:45:50.198+0000][gc,mmu      ] GC(498) MMU target violated: 201.0ms (200.0ms/201.0ms)
[2026-01-16T08:45:50.201+0000][gc,phases   ] GC(498)   Pre Evacuate Collection Set: 260.5ms
[2026-01-16T08:45:50.202+0000][gc,phases   ] GC(498)   Merge Heap Roots: 79.1ms
[2026-01-16T08:45:50.202+0000][gc,phases   ] GC(498)   Evacuate Collection Set: 1454.1ms
[2026-01-16T08:45:50.203+0000][gc,phases   ] GC(498)   Post Evacuate Collection Set: 145.7ms
[2026-01-16T08:45:50.203+0000][gc,phases   ] GC(498)   Other: 6.9ms
[2026-01-16T08:45:50.211+0000][gc,heap     ] GC(498) Eden regions: 47->0(46)
[2026-01-16T08:45:50.217+0000][gc,heap     ] GC(498) Survivor regions: 4->5(7)
[2026-01-16T08:45:50.217+0000][gc,heap     ] GC(498) Old regions: 307->308
[2026-01-16T08:45:50.218+0000][gc,heap     ] GC(498) Humongous regions: 149->149
[2026-01-16T08:45:50.220+0000][gc,metaspace] GC(498) Metaspace: 15328K(15808K)->15328K(15808K) NonClass: 13618K(13824K)->13618K(13824K) Class: 1710K(1984K)->1710K(1984K)
[2026-01-16T08:45:50.224+0000][gc          ] GC(498) Pause Young (Normal) (G1 Evacuation Pause) 506M->460M(1024M) 1972.942ms
[2026-01-16T08:45:50.235+0000][gc,cpu      ] GC(498) User=0.87s Sys=0.15s Real=1.98s
[2026-01-16T08:45:53.376+0000][gc,start    ] GC(499) Pause Young (Normal) (G1 Evacuation Pause)
[2026-01-16T08:45:53.395+0000][gc,task     ] GC(499) Using 8 workers of 8 for evacuation
[2026-01-16T08:45:54.529+0000][gc,mmu      ] GC(499) MMU target violated: 201.0ms (200.0ms/201.0ms)
[2026-01-16T08:45:54.532+0000][gc,phases   ] GC(499)   Pre Evacuate Collection Set: 213.5ms
[2026-01-16T08:45:54.532+0000][gc,phases   ] GC(499)   Merge Heap Roots: 25.8ms
[2026-01-16T08:45:54.533+0000][gc,phases   ] GC(499)   Evacuate Collection Set: 876.3ms
[2026-01-16T08:45:54.533+0000][gc,phases   ] GC(499)   Post Evacuate Collection Set: 15.0ms
[2026-01-16T08:45:54.533+0000][gc,phases   ] GC(499)   Other: 18.1ms
[2026-01-16T08:45:54.534+0000][gc,heap     ] GC(499) Eden regions: 46->0(46)
[2026-01-16T08:45:54.536+0000][gc,heap     ] GC(499) Survivor regions: 5->5(7)
[2026-01-16T08:45:54.537+0000][gc,heap     ] GC(499) Old regions: 308->309
[2026-01-16T08:45:54.539+0000][gc,heap     ] GC(499) Humongous regions: 149->149
[2026-01-16T08:45:54.542+0000][gc,metaspace] GC(499) Metaspace: 15338K(15808K)->15338K(15808K) NonClass: 13628K(13824K)->13628K(13824K) Class: 1710K(1984K)->1710K(1984K)
[2026-01-16T08:45:54.543+0000][gc          ] GC(499) Pause Young (Normal) (G1 Evacuation Pause) 506M->461M(1024M) 1166.211ms
[2026-01-16T08:45:54.543+0000][gc,cpu      ] GC(499) User=0.65s Sys=0.09s Real=1.17s
[2026-01-16T08:45:57.969+0000][gc,start    ] GC(500) Pause Young (Normal) (G1 Evacuation Pause)
[2026-01-16T08:45:57.972+0000][gc,task     ] GC(500) Using 8 workers of 8 for evacuation
[2026-01-16T08:45:59.332+0000][gc,mmu      ] GC(500) MMU target violated: 201.0ms (200.0ms/201.0ms)
[2026-01-16T08:45:59.344+0000][gc,phases   ] GC(500)   Pre Evacuate Collection Set: 138.5ms
[2026-01-16T08:45:59.347+0000][gc,phases   ] GC(500)   Merge Heap Roots: 8.2ms
[2026-01-16T08:45:59.355+0000][gc,phases   ] GC(500)   Evacuate Collection Set: 1129.2ms
[2026-01-16T08:45:59.359+0000][gc,phases   ] GC(500)   Post Evacuate Collection Set: 76.6ms
[2026-01-16T08:45:59.360+0000][gc,phases   ] GC(500)   Other: 20.1ms
[2026-01-16T08:45:59.368+0000][gc,heap     ] GC(500) Eden regions: 46->0(47)
[2026-01-16T08:45:59.373+0000][gc,heap     ] GC(500) Survivor regions: 5->4(7)
[2026-01-16T08:45:59.375+0000][gc,heap     ] GC(500) Old regions: 309->310
[2026-01-16T08:45:59.375+0000][gc,heap     ] GC(500) Humongous regions: 149->149
[2026-01-16T08:45:59.375+0000][gc,metaspace] GC(500) Metaspace: 15342K(15808K)->15342K(15808K) NonClass: 13631K(13824K)->13631K(13824K) Class: 1710K(1984K)->1710K(1984K)
[2026-01-16T08:45:59.375+0000][gc          ] GC(500) Pause Young (Normal) (G1 Evacuation Pause) 507M->462M(1024M) 1405.784ms
[2026-01-16T08:45:59.380+0000][gc,cpu      ] GC(500) User=0.53s Sys=0.11s Real=1.41s
[2026-01-16T08:46:03.742+0000][gc,start    ] GC(501) Pause Young (Normal) (G1 Evacuation Pause)
[2026-01-16T08:46:03.769+0000][gc,task     ] GC(501) Using 8 workers of 8 for evacuation
[2026-01-16T08:46:04.021+0000][gc,mmu      ] GC(501) MMU target violated: 201.0ms (200.0ms/201.0ms)
[2026-01-16T08:46:04.026+0000][gc,phases   ] GC(501)   Pre Evacuate Collection Set: 43.4ms
[2026-01-16T08:46:04.033+0000][gc,phases   ] GC(501)   Merge Heap Roots: 7.2ms
[2026-01-16T08:46:04.033+0000][gc,phases   ] GC(501)   Evacuate Collection Set: 194.0ms
[2026-01-16T08:46:04.038+0000][gc,phases   ] GC(501)   Post Evacuate Collection Set: 3.4ms
[2026-01-16T08:46:04.039+0000][gc,phases   ] GC(501)   Other: 8.8ms
[2026-01-16T08:46:04.039+0000][gc,heap     ] GC(501) Eden regions: 47->0(46)
[2026-01-16T08:46:04.039+0000][gc,heap     ] GC(501) Survivor regions: 4->5(7)
[2026-01-16T08:46:04.039+0000][gc,heap     ] GC(501) Old regions: 310->310
[2026-01-16T08:46:04.039+0000][gc,heap     ] GC(501) Humongous regions: 149->149
[2026-01-16T08:46:04.042+0000][gc,metaspace] GC(501) Metaspace: 15342K(15808K)->15342K(15808K) NonClass: 13631K(13824K)->13631K(13824K) Class: 1710K(1984K)->1710K(1984K)
[2026-01-16T08:46:04.043+0000][gc          ] GC(501) Pause Young (Normal) (G1 Evacuation Pause) 509M->462M(1024M) 300.384ms
[2026-01-16T08:46:04.050+0000][gc,cpu      ] GC(501) User=0.10s Sys=0.01s Real=0.31s
[2026-01-16T08:46:04.817+0000][gc,start    ] GC(502) Pause Young (Normal) (G1 Evacuation Pause)
[2026-01-16T08:46:04.821+0000][gc,task     ] GC(502) Using 8 workers of 8 for evacuation
[2026-01-16T08:46:04.995+0000][gc,phases   ] GC(502)   Pre Evacuate Collection Set: 0.9ms
[2026-01-16T08:46:04.996+0000][gc,phases   ] GC(502)   Merge Heap Roots: 0.2ms
[2026-01-16T08:46:05.001+0000][gc,phases   ] GC(502)   Evacuate Collection Set: 163.7ms
[2026-01-16T08:46:05.009+0000][gc,phases   ] GC(502)   Post Evacuate Collection Set: 1.1ms
[2026-01-16T08:46:05.014+0000][gc,phases   ] GC(502)   Other: 7.7ms
[2026-01-16T08:46:05.016+0000][gc,heap     ] GC(502) Eden regions: 46->0(46)
[2026-01-16T08:46:05.027+0000][gc,heap     ] GC(502) Survivor regions: 5->5(7)
[2026-01-16T08:46:05.070+0000][gc,heap     ] GC(502) Old regions: 310->311
[2026-01-16T08:46:05.074+0000][gc,heap     ] GC(502) Humongous regions: 149->149
[2026-01-16T08:46:05.077+0000][gc,metaspace] GC(502) Metaspace: 15342K(15808K)->15342K(15808K) NonClass: 13631K(13824K)->13631K(13824K) Class: 1710K(1984K)->1710K(1984K)
[2026-01-16T08:46:05.078+0000][gc          ] GC(502) Pause Young (Normal) (G1 Evacuation Pause) 508M->463M(1024M) 261.178ms
[2026-01-16T08:46:05.079+0000][gc,cpu      ] GC(502) User=0.07s Sys=0.03s Real=0.26s
[2026-01-16T08:46:06.278+0000][gc,start    ] GC(503) Pause Young (Normal) (G1 Evacuation Pause)
[2026-01-16T08:46:06.278+0000][gc,task     ] GC(503) Using 8 workers of 8 for evacuation
[2026-01-16T08:46:06.418+0000][gc,phases   ] GC(503)   Pre Evacuate Collection Set: 5.5ms
[2026-01-16T08:46:06.419+0000][gc,phases   ] GC(503)   Merge Heap Roots: 10.9ms
[2026-01-16T08:46:06.419+0000][gc,phases   ] GC(503)   Evacuate Collection Set: 121.2ms
[2026-01-16T08:46:06.419+0000][gc,phases   ] GC(503)   Post Evacuate Collection Set: 1.5ms
[2026-01-16T08:46:06.420+0000][gc,phases   ] GC(503)   Other: 0.5ms
[2026-01-16T08:46:06.421+0000][gc,heap     ] GC(503) Eden regions: 46->0(46)
[2026-01-16T08:46:06.421+0000][gc,heap     ] GC(503) Survivor regions: 5->5(7)
[2026-01-16T08:46:06.421+0000][gc,heap     ] GC(503) Old regions: 311->311
[2026-01-16T08:46:06.421+0000][gc,heap     ] GC(503) Humongous regions: 149->149
[2026-01-16T08:46:06.422+0000][gc,metaspace] GC(503) Metaspace: 15342K(15808K)->15342K(15808K) NonClass: 13631K(13824K)->13631K(13824K) Class: 1710K(1984K)->1710K(1984K)
[2026-01-16T08:46:06.422+0000][gc          ] GC(503) Pause Young (Normal) (G1 Evacuation Pause) 509M->464M(1024M) 144.213ms
[2026-01-16T08:46:06.428+0000][gc,cpu      ] GC(503) User=0.10s Sys=0.01s Real=0.15s
[2026-01-16T08:46:08.058+0000][gc,start    ] GC(504) Pause Young (Normal) (G1 Evacuation Pause)
[2026-01-16T08:46:08.063+0000][gc,task     ] GC(504) Using 8 workers of 8 for evacuation
[2026-01-16T08:46:08.481+0000][gc,mmu      ] GC(504) MMU target violated: 201.0ms (200.0ms/201.0ms)
[2026-01-16T08:46:08.502+0000][gc,phases   ] GC(504)   Pre Evacuate Collection Set: 10.3ms
[2026-01-16T08:46:08.510+0000][gc,phases   ] GC(504)   Merge Heap Roots: 6.8ms
[2026-01-16T08:46:08.516+0000][gc,phases   ] GC(504)   Evacuate Collection Set: 369.0ms
[2026-01-16T08:46:08.516+0000][gc,phases   ] GC(504)   Post Evacuate Collection Set: 3.4ms
[2026-01-16T08:46:08.551+0000][gc,phases   ] GC(504)   Other: 37.7ms
[2026-01-16T08:46:08.558+0000][gc,heap     ] GC(504) Eden regions: 46->0(46)
[2026-01-16T08:46:08.573+0000][gc,heap     ] GC(504) Survivor regions: 5->5(7)
[2026-01-16T08:46:08.573+0000][gc,heap     ] GC(504) Old regions: 311->312
[2026-01-16T08:46:08.573+0000][gc,heap     ] GC(504) Humongous regions: 149->149
[2026-01-16T08:46:08.580+0000][gc,metaspace] GC(504) Metaspace: 15342K(15808K)->15342K(15808K) NonClass: 13632K(13824K)->13632K(13824K) Class: 1710K(1984K)->1710K(1984K)
[2026-01-16T08:46:08.598+0000][gc          ] GC(504) Pause Young (Normal) (G1 Evacuation Pause) 510M->465M(1024M) 528.769ms
[2026-01-16T08:46:08.609+0000][gc,cpu      ] GC(504) User=0.14s Sys=0.02s Real=0.54s
[2026-01-16T08:46:09.520+0000][gc,start    ] GC(505) Pause Young (Concurrent Start) (G1 Evacuation Pause)
[2026-01-16T08:46:09.526+0000][gc,task     ] GC(505) Using 8 workers of 8 for evacuation
[2026-01-16T08:46:10.106+0000][gc,mmu      ] GC(505) MMU target violated: 201.0ms (200.0ms/201.0ms)
[2026-01-16T08:46:10.114+0000][gc,phases   ] GC(505)   Pre Evacuate Collection Set: 56.3ms
[2026-01-16T08:46:10.117+0000][gc,phases   ] GC(505)   Merge Heap Roots: 2.7ms
[2026-01-16T08:46:10.121+0000][gc,phases   ] GC(505)   Evacuate Collection Set: 508.7ms
[2026-01-16T08:46:10.123+0000][gc,phases   ] GC(505)   Post Evacuate Collection Set: 4.2ms
[2026-01-16T08:46:10.123+0000][gc,phases   ] GC(505)   Other: 16.4ms
[2026-01-16T08:46:10.124+0000][gc,heap     ] GC(505) Eden regions: 46->0(46)
[2026-01-16T08:46:10.125+0000][gc,heap     ] GC(505) Survivor regions: 5->5(7)
[2026-01-16T08:46:10.125+0000][gc,heap     ] GC(505) Old regions: 312->313
[2026-01-16T08:46:10.126+0000][gc,heap     ] GC(505) Humongous regions: 149->149
[2026-01-16T08:46:10.127+0000][gc,metaspace] GC(505) Metaspace: 15342K(15808K)->15342K(15808K) NonClass: 13632K(13824K)->13632K(13824K) Class: 1710K(1984K)->1710K(1984K)
[2026-01-16T08:46:10.134+0000][gc          ] GC(505) Pause Young (Concurrent Start) (G1 Evacuation Pause) 511M->466M(1024M) 614.758ms
[2026-01-16T08:46:10.137+0000][gc,cpu      ] GC(505) User=0.24s Sys=0.04s Real=0.61s
[2026-01-16T08:46:10.137+0000][gc          ] GC(506) Concurrent Mark Cycle
[2026-01-16T08:46:10.143+0000][gc,marking  ] GC(506) Concurrent Scan Root Regions
[2026-01-16T08:46:11.728+0000][gc,marking  ] GC(506) Concurrent Scan Root Regions 1584.996ms
[2026-01-16T08:46:11.735+0000][gc,marking  ] GC(506) Concurrent Mark
[2026-01-16T08:46:11.737+0000][gc,marking  ] GC(506) Concurrent Mark From Roots
[2026-01-16T08:46:11.747+0000][gc,task     ] GC(506) Using 2 workers of 2 for marking
[2026-01-16T08:46:11.787+0000][gc,start    ] GC(507) Pause Young (Normal) (G1 Evacuation Pause)
[2026-01-16T08:46:11.788+0000][gc,task     ] GC(507) Using 8 workers of 8 for evacuation
[2026-01-16T08:46:12.034+0000][gc,mmu      ] GC(507) MMU target violated: 201.0ms (200.0ms/201.0ms)
[2026-01-16T08:46:12.035+0000][gc,phases   ] GC(507)   Pre Evacuate Collection Set: 26.2ms
[2026-01-16T08:46:12.035+0000][gc,phases   ] GC(507)   Merge Heap Roots: 21.7ms
[2026-01-16T08:46:12.035+0000][gc,phases   ] GC(507)   Evacuate Collection Set: 182.7ms
[2026-01-16T08:46:12.035+0000][gc,phases   ] GC(507)   Post Evacuate Collection Set: 8.4ms
[2026-01-16T08:46:12.035+0000][gc,phases   ] GC(507)   Other: 8.2ms
[2026-01-16T08:46:12.036+0000][gc,heap     ] GC(507) Eden regions: 46->0(47)
[2026-01-16T08:46:12.036+0000][gc,heap     ] GC(507) Survivor regions: 5->4(7)
[2026-01-16T08:46:12.036+0000][gc,heap     ] GC(507) Old regions: 313->314
[2026-01-16T08:46:12.038+0000][gc,heap     ] GC(507) Humongous regions: 149->149
[2026-01-16T08:46:12.038+0000][gc,metaspace] GC(507) Metaspace: 15342K(15808K)->15342K(15808K) NonClass: 13632K(13824K)->13632K(13824K) Class: 1710K(1984K)->1710K(1984K)
[2026-01-16T08:46:12.039+0000][gc          ] GC(507) Pause Young (Normal) (G1 Evacuation Pause) 512M->466M(1024M) 252.344ms
[2026-01-16T08:46:12.039+0000][gc,cpu      ] GC(507) User=0.10s Sys=0.03s Real=0.25s
[2026-01-16T08:46:14.163+0000][gc,start    ] GC(508) Pause Young (Normal) (G1 Evacuation Pause)
[2026-01-16T08:46:14.176+0000][gc,task     ] GC(508) Using 8 workers of 8 for evacuation
[2026-01-16T08:46:14.376+0000][gc,phases   ] GC(508)   Pre Evacuate Collection Set: 17.7ms
[2026-01-16T08:46:14.378+0000][gc,phases   ] GC(508)   Merge Heap Roots: 5.6ms
[2026-01-16T08:46:14.379+0000][gc,phases   ] GC(508)   Evacuate Collection Set: 169.5ms
[2026-01-16T08:46:14.380+0000][gc,phases   ] GC(508)   Post Evacuate Collection Set: 3.0ms
[2026-01-16T08:46:14.381+0000][gc,phases   ] GC(508)   Other: 8.8ms
[2026-01-16T08:46:14.381+0000][gc,heap     ] GC(508) Eden regions: 47->0(47)
[2026-01-16T08:46:14.382+0000][gc,heap     ] GC(508) Survivor regions: 4->4(7)
[2026-01-16T08:46:14.383+0000][gc,heap     ] GC(508) Old regions: 314->315
[2026-01-16T08:46:14.384+0000][gc,heap     ] GC(508) Humongous regions: 149->149
[2026-01-16T08:46:14.384+0000][gc,metaspace] GC(508) Metaspace: 15342K(15808K)->15342K(15808K) NonClass: 13632K(13824K)->13632K(13824K) Class: 1710K(1984K)->1710K(1984K)
[2026-01-16T08:46:14.385+0000][gc          ] GC(508) Pause Young (Normal) (G1 Evacuation Pause) 513M->467M(1024M) 221.206ms
[2026-01-16T08:46:14.385+0000][gc,cpu      ] GC(508) User=0.15s Sys=0.02s Real=0.22s
[2026-01-16T08:46:15.776+0000][gc,start    ] GC(509) Pause Young (Normal) (G1 Evacuation Pause)
[2026-01-16T08:46:15.785+0000][gc,task     ] GC(509) Using 8 workers of 8 for evacuation
[2026-01-16T08:46:15.943+0000][gc,phases   ] GC(509)   Pre Evacuate Collection Set: 9.1ms
[2026-01-16T08:46:15.945+0000][gc,phases   ] GC(509)   Merge Heap Roots: 0.6ms
[2026-01-16T08:46:15.947+0000][gc,phases   ] GC(509)   Evacuate Collection Set: 138.1ms
[2026-01-16T08:46:15.949+0000][gc,phases   ] GC(509)   Post Evacuate Collection Set: 4.5ms
[2026-01-16T08:46:15.951+0000][gc,phases   ] GC(509)   Other: 6.1ms
[2026-01-16T08:46:15.952+0000][gc,heap     ] GC(509) Eden regions: 47->0(47)
[2026-01-16T08:46:15.952+0000][gc,heap     ] GC(509) Survivor regions: 4->4(7)
[2026-01-16T08:46:15.952+0000][gc,heap     ] GC(509) Old regions: 315->316
[2026-01-16T08:46:15.952+0000][gc,heap     ] GC(509) Humongous regions: 149->149
[2026-01-16T08:46:15.952+0000][gc,metaspace] GC(509) Metaspace: 15342K(15808K)->15342K(15808K) NonClass: 13632K(13824K)->13632K(13824K) Class: 1710K(1984K)->1710K(1984K)
[2026-01-16T08:46:15.954+0000][gc          ] GC(509) Pause Young (Normal) (G1 Evacuation Pause) 514M->467M(1024M) 177.780ms
[2026-01-16T08:46:15.954+0000][gc,cpu      ] GC(509) User=0.06s Sys=0.02s Real=0.18s
[2026-01-16T08:46:17.296+0000][gc,start    ] GC(510) Pause Young (Normal) (G1 Evacuation Pause)
[2026-01-16T08:46:17.299+0000][gc,task     ] GC(510) Using 8 workers of 8 for evacuation
[2026-01-16T08:46:17.441+0000][gc,phases   ] GC(510)   Pre Evacuate Collection Set: 2.6ms
[2026-01-16T08:46:17.445+0000][gc,phases   ] GC(510)   Merge Heap Roots: 0.3ms
[2026-01-16T08:46:17.446+0000][gc,phases   ] GC(510)   Evacuate Collection Set: 132.2ms
[2026-01-16T08:46:17.446+0000][gc,phases   ] GC(510)   Post Evacuate Collection Set: 1.6ms
[2026-01-16T08:46:17.446+0000][gc,phases   ] GC(510)   Other: 5.6ms
[2026-01-16T08:46:17.448+0000][gc,heap     ] GC(510) Eden regions: 47->0(47)
[2026-01-16T08:46:17.451+0000][gc,heap     ] GC(510) Survivor regions: 4->4(7)
[2026-01-16T08:46:17.455+0000][gc,heap     ] GC(510) Old regions: 316->316
[2026-01-16T08:46:17.458+0000][gc,heap     ] GC(510) Humongous regions: 149->149
[2026-01-16T08:46:17.459+0000][gc,metaspace] GC(510) Metaspace: 15342K(15808K)->15342K(15808K) NonClass: 13632K(13824K)->13632K(13824K) Class: 1710K(1984K)->1710K(1984K)
[2026-01-16T08:46:17.463+0000][gc          ] GC(510) Pause Young (Normal) (G1 Evacuation Pause) 514M->468M(1024M) 166.110ms
[2026-01-16T08:46:17.467+0000][gc,cpu      ] GC(510) User=0.07s Sys=0.02s Real=0.17s
[2026-01-16T08:46:19.684+0000][gc,start    ] GC(511) Pause Young (Normal) (G1 Evacuation Pause)
[2026-01-16T08:46:19.689+0000][gc,task     ] GC(511) Using 8 workers of 8 for evacuation
[2026-01-16T08:46:20.810+0000][gc,mmu      ] GC(511) MMU target violated: 201.0ms (200.0ms/201.0ms)
[2026-01-16T08:46:20.827+0000][gc,phases   ] GC(511)   Pre Evacuate Collection Set: 32.2ms
[2026-01-16T08:46:20.831+0000][gc,phases   ] GC(511)   Merge Heap Roots: 21.6ms
[2026-01-16T08:46:20.842+0000][gc,phases   ] GC(511)   Evacuate Collection Set: 984.8ms
[2026-01-16T08:46:20.851+0000][gc,phases   ] GC(511)   Post Evacuate Collection Set: 74.5ms
[2026-01-16T08:46:20.855+0000][gc,phases   ] GC(511)   Other: 25.2ms
[2026-01-16T08:46:20.857+0000][gc,heap     ] GC(511) Eden regions: 47->0(46)
[2026-01-16T08:46:20.862+0000][gc,heap     ] GC(511) Survivor regions: 4->5(7)
[2026-01-16T08:46:20.866+0000][gc,heap     ] GC(511) Old regions: 316->316
[2026-01-16T08:46:20.870+0000][gc,heap     ] GC(511) Humongous regions: 149->149
[2026-01-16T08:46:20.872+0000][gc,metaspace] GC(511) Metaspace: 15342K(15808K)->15342K(15808K) NonClass: 13632K(13824K)->13632K(13824K) Class: 1710K(1984K)->1710K(1984K)
[2026-01-16T08:46:20.875+0000][gc          ] GC(511) Pause Young (Normal) (G1 Evacuation Pause) 515M->469M(1024M) 1191.005ms
[2026-01-16T08:46:20.881+0000][gc,cpu      ] GC(511) User=0.30s Sys=0.03s Real=1.20s
[2026-01-16T08:46:23.909+0000][gc,start    ] GC(512) Pause Young (Normal) (G1 Evacuation Pause)
[2026-01-16T08:46:23.909+0000][gc,task     ] GC(512) Using 8 workers of 8 for evacuation
[2026-01-16T08:46:24.243+0000][gc,mmu      ] GC(512) MMU target violated: 201.0ms (200.0ms/201.0ms)
[2026-01-16T08:46:24.245+0000][gc,phases   ] GC(512)   Pre Evacuate Collection Set: 14.8ms
[2026-01-16T08:46:24.245+0000][gc,phases   ] GC(512)   Merge Heap Roots: 3.0ms
[2026-01-16T08:46:24.248+0000][gc,phases   ] GC(512)   Evacuate Collection Set: 301.9ms
[2026-01-16T08:46:24.255+0000][gc,phases   ] GC(512)   Post Evacuate Collection Set: 11.1ms
[2026-01-16T08:46:24.260+0000][gc,phases   ] GC(512)   Other: 4.5ms
[2026-01-16T08:46:24.266+0000][gc,heap     ] GC(512) Eden regions: 46->0(47)
[2026-01-16T08:46:24.268+0000][gc,heap     ] GC(512) Survivor regions: 5->4(7)
[2026-01-16T08:46:24.274+0000][gc,heap     ] GC(512) Old regions: 316->318
[2026-01-16T08:46:24.276+0000][gc,heap     ] GC(512) Humongous regions: 149->149
[2026-01-16T08:46:24.277+0000][gc,metaspace] GC(512) Metaspace: 15344K(15808K)->15344K(15808K) NonClass: 13633K(13824K)->13633K(13824K) Class: 1710K(1984K)->1710K(1984K)
[2026-01-16T08:46:24.277+0000][gc          ] GC(512) Pause Young (Normal) (G1 Evacuation Pause) 515M->470M(1024M) 368.821ms
[2026-01-16T08:46:24.278+0000][gc,cpu      ] GC(512) User=0.20s Sys=0.00s Real=0.38s
[2026-01-16T08:46:26.566+0000][gc,start    ] GC(513) Pause Young (Normal) (G1 Evacuation Pause)
[2026-01-16T08:46:26.570+0000][gc,task     ] GC(513) Using 8 workers of 8 for evacuation
[2026-01-16T08:46:27.075+0000][gc,mmu      ] GC(513) MMU target violated: 201.0ms (200.0ms/201.0ms)
[2026-01-16T08:46:27.076+0000][gc,phases   ] GC(513)   Pre Evacuate Collection Set: 72.7ms
[2026-01-16T08:46:27.076+0000][gc,phases   ] GC(513)   Merge Heap Roots: 15.4ms
[2026-01-16T08:46:27.077+0000][gc,phases   ] GC(513)   Evacuate Collection Set: 389.5ms
[2026-01-16T08:46:27.077+0000][gc,phases   ] GC(513)   Post Evacuate Collection Set: 13.8ms
[2026-01-16T08:46:27.078+0000][gc,phases   ] GC(513)   Other: 14.5ms
[2026-01-16T08:46:27.080+0000][gc,heap     ] GC(513) Eden regions: 47->0(47)
[2026-01-16T08:46:27.080+0000][gc,heap     ] GC(513) Survivor regions: 4->4(7)
[2026-01-16T08:46:27.082+0000][gc,heap     ] GC(513) Old regions: 318->318
[2026-01-16T08:46:27.083+0000][gc,heap     ] GC(513) Humongous regions: 149->149
[2026-01-16T08:46:27.084+0000][gc,metaspace] GC(513) Metaspace: 15353K(15808K)->15353K(15808K) NonClass: 13643K(13824K)->13643K(13824K) Class: 1710K(1984K)->1710K(1984K)
[2026-01-16T08:46:27.087+0000][gc          ] GC(513) Pause Young (Normal) (G1 Evacuation Pause) 517M->470M(1024M) 521.060ms
[2026-01-16T08:46:27.117+0000][gc,cpu      ] GC(513) User=0.29s Sys=0.03s Real=0.55s
[2026-01-16T08:46:31.809+0000][gc,start    ] GC(514) Pause Young (Normal) (G1 Evacuation Pause)
[2026-01-16T08:46:31.814+0000][gc,task     ] GC(514) Using 8 workers of 8 for evacuation
[2026-01-16T08:46:32.936+0000][gc,mmu      ] GC(514) MMU target violated: 201.0ms (200.0ms/201.0ms)
[2026-01-16T08:46:32.937+0000][gc,phases   ] GC(514)   Pre Evacuate Collection Set: 203.3ms
[2026-01-16T08:46:32.938+0000][gc,phases   ] GC(514)   Merge Heap Roots: 69.4ms
[2026-01-16T08:46:32.938+0000][gc,phases   ] GC(514)   Evacuate Collection Set: 799.3ms
[2026-01-16T08:46:32.938+0000][gc,phases   ] GC(514)   Post Evacuate Collection Set: 46.3ms
[2026-01-16T08:46:32.946+0000][gc,phases   ] GC(514)   Other: 4.5ms
[2026-01-16T08:46:32.948+0000][gc,heap     ] GC(514) Eden regions: 47->0(46)
[2026-01-16T08:46:32.952+0000][gc,heap     ] GC(514) Survivor regions: 4->5(7)
[2026-01-16T08:46:32.952+0000][gc,heap     ] GC(514) Old regions: 318->319
[2026-01-16T08:46:32.954+0000][gc,heap     ] GC(514) Humongous regions: 149->149
[2026-01-16T08:46:32.954+0000][gc,metaspace] GC(514) Metaspace: 15354K(15808K)->15354K(15808K) NonClass: 13644K(13824K)->13644K(13824K) Class: 1710K(1984K)->1710K(1984K)
[2026-01-16T08:46:32.958+0000][gc          ] GC(514) Pause Young (Normal) (G1 Evacuation Pause) 517M->472M(1024M) 1148.278ms
[2026-01-16T08:46:32.958+0000][gc,cpu      ] GC(514) User=0.40s Sys=0.04s Real=1.14s
[2026-01-16T08:46:35.972+0000][gc,start    ] GC(515) Pause Young (Normal) (G1 Evacuation Pause)
[2026-01-16T08:46:35.975+0000][gc,task     ] GC(515) Using 8 workers of 8 for evacuation
[2026-01-16T08:46:36.535+0000][gc,mmu      ] GC(515) MMU target violated: 201.0ms (200.0ms/201.0ms)
[2026-01-16T08:46:36.536+0000][gc,phases   ] GC(515)   Pre Evacuate Collection Set: 33.2ms
[2026-01-16T08:46:36.537+0000][gc,phases   ] GC(515)   Merge Heap Roots: 1.8ms
[2026-01-16T08:46:36.538+0000][gc,phases   ] GC(515)   Evacuate Collection Set: 499.0ms
[2026-01-16T08:46:36.538+0000][gc,phases   ] GC(515)   Post Evacuate Collection Set: 23.3ms
[2026-01-16T08:46:36.540+0000][gc,phases   ] GC(515)   Other: 3.7ms
[2026-01-16T08:46:36.541+0000][gc,heap     ] GC(515) Eden regions: 46->0(47)
[2026-01-16T08:46:36.542+0000][gc,heap     ] GC(515) Survivor regions: 5->4(7)
[2026-01-16T08:46:36.543+0000][gc,heap     ] GC(515) Old regions: 319->320
[2026-01-16T08:46:36.545+0000][gc,heap     ] GC(515) Humongous regions: 149->149
[2026-01-16T08:46:36.546+0000][gc,metaspace] GC(515) Metaspace: 15354K(15808K)->15354K(15808K) NonClass: 13644K(13824K)->13644K(13824K) Class: 1710K(1984K)->1710K(1984K)
[2026-01-16T08:46:36.546+0000][gc          ] GC(515) Pause Young (Normal) (G1 Evacuation Pause) 518M->472M(1024M) 574.458ms
[2026-01-16T08:46:36.547+0000][gc,cpu      ] GC(515) User=0.27s Sys=0.01s Real=0.57s
[2026-01-16T08:46:40.238+0000][gc,start    ] GC(516) Pause Young (Normal) (G1 Evacuation Pause)
[2026-01-16T08:46:40.337+0000][gc,task     ] GC(516) Using 8 workers of 8 for evacuation
[2026-01-16T08:46:40.788+0000][gc,mmu      ] GC(516) MMU target violated: 201.0ms (200.0ms/201.0ms)
[2026-01-16T08:46:40.789+0000][gc,phases   ] GC(516)   Pre Evacuate Collection Set: 9.3ms
[2026-01-16T08:46:40.789+0000][gc,phases   ] GC(516)   Merge Heap Roots: 12.2ms
[2026-01-16T08:46:40.790+0000][gc,phases   ] GC(516)   Evacuate Collection Set: 392.2ms
[2026-01-16T08:46:40.790+0000][gc,phases   ] GC(516)   Post Evacuate Collection Set: 8.9ms
[2026-01-16T08:46:40.791+0000][gc,phases   ] GC(516)   Other: 92.9ms
[2026-01-16T08:46:40.792+0000][gc,heap     ] GC(516) Eden regions: 47->0(46)
[2026-01-16T08:46:40.793+0000][gc,heap     ] GC(516) Survivor regions: 4->5(7)
[2026-01-16T08:46:40.795+0000][gc,heap     ] GC(516) Old regions: 320->320
[2026-01-16T08:46:40.795+0000][gc,heap     ] GC(516) Humongous regions: 149->149
[2026-01-16T08:46:40.796+0000][gc,metaspace] GC(516) Metaspace: 15354K(15808K)->15354K(15808K) NonClass: 13644K(13824K)->13644K(13824K) Class: 1710K(1984K)->1710K(1984K)
[2026-01-16T08:46:40.798+0000][gc          ] GC(516) Pause Young (Normal) (G1 Evacuation Pause) 519M->473M(1024M) 559.082ms
[2026-01-16T08:46:40.799+0000][gc,cpu      ] GC(516) User=0.25s Sys=0.01s Real=0.56s
[2026-01-16T08:46:45.585+0000][gc,start    ] GC(517) Pause Young (Normal) (G1 Evacuation Pause)
[2026-01-16T08:46:45.590+0000][gc,task     ] GC(517) Using 8 workers of 8 for evacuation
[2026-01-16T08:46:46.170+0000][gc,mmu      ] GC(517) MMU target violated: 201.0ms (200.0ms/201.0ms)
[2026-01-16T08:46:46.171+0000][gc,phases   ] GC(517)   Pre Evacuate Collection Set: 86.4ms
[2026-01-16T08:46:46.171+0000][gc,phases   ] GC(517)   Merge Heap Roots: 2.2ms
[2026-01-16T08:46:46.172+0000][gc,phases   ] GC(517)   Evacuate Collection Set: 420.9ms
[2026-01-16T08:46:46.173+0000][gc,phases   ] GC(517)   Post Evacuate Collection Set: 60.3ms
[2026-01-16T08:46:46.177+0000][gc,phases   ] GC(517)   Other: 11.4ms
[2026-01-16T08:46:46.178+0000][gc,heap     ] GC(517) Eden regions: 46->0(46)
[2026-01-16T08:46:46.179+0000][gc,heap     ] GC(517) Survivor regions: 5->5(7)
[2026-01-16T08:46:46.180+0000][gc,heap     ] GC(517) Old regions: 320->321
[2026-01-16T08:46:46.181+0000][gc,heap     ] GC(517) Humongous regions: 149->149
[2026-01-16T08:46:46.183+0000][gc,metaspace] GC(517) Metaspace: 15354K(15808K)->15354K(15808K) NonClass: 13644K(13824K)->13644K(13824K) Class: 1710K(1984K)->1710K(1984K)
[2026-01-16T08:46:46.185+0000][gc          ] GC(517) Pause Young (Normal) (G1 Evacuation Pause) 519M->473M(1024M) 599.819ms
[2026-01-16T08:46:46.186+0000][gc,cpu      ] GC(517) User=0.29s Sys=0.03s Real=0.60s
[2026-01-16T08:46:49.464+0000][gc,start    ] GC(518) Pause Young (Normal) (G1 Evacuation Pause)
[2026-01-16T08:46:49.469+0000][gc,task     ] GC(518) Using 8 workers of 8 for evacuation
[2026-01-16T08:46:50.244+0000][gc,mmu      ] GC(518) MMU target violated: 201.0ms (200.0ms/201.0ms)
[2026-01-16T08:46:50.246+0000][gc,phases   ] GC(518)   Pre Evacuate Collection Set: 59.6ms
[2026-01-16T08:46:50.247+0000][gc,phases   ] GC(518)   Merge Heap Roots: 10.2ms
[2026-01-16T08:46:50.249+0000][gc,phases   ] GC(518)   Evacuate Collection Set: 684.5ms
[2026-01-16T08:46:50.250+0000][gc,phases   ] GC(518)   Post Evacuate Collection Set: 9.3ms
[2026-01-16T08:46:50.250+0000][gc,phases   ] GC(518)   Other: 15.0ms
[2026-01-16T08:46:50.250+0000][gc,heap     ] GC(518) Eden regions: 46->0(46)
[2026-01-16T08:46:50.251+0000][gc,heap     ] GC(518) Survivor regions: 5->5(7)
[2026-01-16T08:46:50.256+0000][gc,heap     ] GC(518) Old regions: 321->321
[2026-01-16T08:46:50.260+0000][gc,heap     ] GC(518) Humongous regions: 149->149
[2026-01-16T08:46:50.261+0000][gc,metaspace] GC(518) Metaspace: 15357K(15808K)->15357K(15808K) NonClass: 13647K(13824K)->13647K(13824K) Class: 1710K(1984K)->1710K(1984K)
[2026-01-16T08:46:50.266+0000][gc          ] GC(518) Pause Young (Normal) (G1 Evacuation Pause) 519M->474M(1024M) 802.356ms
[2026-01-16T08:46:50.269+0000][gc,cpu      ] GC(518) User=0.26s Sys=0.04s Real=0.80s
[2026-01-16T08:46:53.530+0000][gc,start    ] GC(519) Pause Young (Normal) (G1 Evacuation Pause)
[2026-01-16T08:46:53.536+0000][gc,task     ] GC(519) Using 8 workers of 8 for evacuation
[2026-01-16T08:46:54.216+0000][gc,mmu      ] GC(519) MMU target violated: 201.0ms (200.0ms/201.0ms)
[2026-01-16T08:46:54.220+0000][gc,phases   ] GC(519)   Pre Evacuate Collection Set: 75.4ms
[2026-01-16T08:46:54.220+0000][gc,phases   ] GC(519)   Merge Heap Roots: 8.3ms
[2026-01-16T08:46:54.221+0000][gc,phases   ] GC(519)   Evacuate Collection Set: 552.8ms
[2026-01-16T08:46:54.221+0000][gc,phases   ] GC(519)   Post Evacuate Collection Set: 20.2ms
[2026-01-16T08:46:54.225+0000][gc,phases   ] GC(519)   Other: 27.7ms
[2026-01-16T08:46:54.226+0000][gc,heap     ] GC(519) Eden regions: 46->0(46)
[2026-01-16T08:46:54.229+0000][gc,heap     ] GC(519) Survivor regions: 5->5(7)
[2026-01-16T08:46:54.230+0000][gc,heap     ] GC(519) Old regions: 321->322
[2026-01-16T08:46:54.231+0000][gc,heap     ] GC(519) Humongous regions: 149->149
[2026-01-16T08:46:54.232+0000][gc,metaspace] GC(519) Metaspace: 15357K(15808K)->15357K(15808K) NonClass: 13647K(13824K)->13647K(13824K) Class: 1710K(1984K)->1710K(1984K)
[2026-01-16T08:46:54.232+0000][gc          ] GC(519) Pause Young (Normal) (G1 Evacuation Pause) 520M->475M(1024M) 702.216ms
[2026-01-16T08:46:54.233+0000][gc,cpu      ] GC(519) User=0.27s Sys=0.01s Real=0.71s
[2026-01-16T08:46:58.145+0000][gc,start    ] GC(520) Pause Young (Normal) (G1 Evacuation Pause)
[2026-01-16T08:46:58.151+0000][gc,task     ] GC(520) Using 8 workers of 8 for evacuation
[2026-01-16T08:46:59.346+0000][gc,mmu      ] GC(520) MMU target violated: 201.0ms (200.0ms/201.0ms)
[2026-01-16T08:46:59.353+0000][gc,phases   ] GC(520)   Pre Evacuate Collection Set: 51.2ms
[2026-01-16T08:46:59.359+0000][gc,phases   ] GC(520)   Merge Heap Roots: 15.9ms
[2026-01-16T08:46:59.360+0000][gc,phases   ] GC(520)   Evacuate Collection Set: 1033.4ms
[2026-01-16T08:46:59.395+0000][gc,phases   ] GC(520)   Post Evacuate Collection Set: 93.8ms
[2026-01-16T08:46:59.397+0000][gc,phases   ] GC(520)   Other: 8.1ms
[2026-01-16T08:46:59.400+0000][gc,heap     ] GC(520) Eden regions: 46->0(46)
[2026-01-16T08:46:59.408+0000][gc,heap     ] GC(520) Survivor regions: 5->5(7)
[2026-01-16T08:46:59.411+0000][gc,heap     ] GC(520) Old regions: 322->323
[2026-01-16T08:46:59.414+0000][gc,heap     ] GC(520) Humongous regions: 149->149
[2026-01-16T08:46:59.426+0000][gc,metaspace] GC(520) Metaspace: 15357K(15808K)->15357K(15808K) NonClass: 13647K(13824K)->13647K(13824K) Class: 1710K(1984K)->1710K(1984K)
[2026-01-16T08:46:59.453+0000][gc          ] GC(520) Pause Young (Normal) (G1 Evacuation Pause) 521M->475M(1024M) 1307.422ms
[2026-01-16T08:46:59.457+0000][gc,cpu      ] GC(520) User=0.63s Sys=0.08s Real=1.31s
[2026-01-16T08:47:08.387+0000][gc,start    ] GC(521) Pause Young (Normal) (G1 Evacuation Pause)
[2026-01-16T08:47:08.458+0000][gc,task     ] GC(521) Using 8 workers of 8 for evacuation
[2026-01-16T08:47:09.422+0000][gc,mmu      ] GC(521) MMU target violated: 201.0ms (200.0ms/201.0ms)
[2026-01-16T08:47:09.428+0000][gc,phases   ] GC(521)   Pre Evacuate Collection Set: 158.1ms
[2026-01-16T08:47:09.433+0000][gc,phases   ] GC(521)   Merge Heap Roots: 65.6ms
[2026-01-16T08:47:09.435+0000][gc,phases   ] GC(521)   Evacuate Collection Set: 718.3ms
[2026-01-16T08:47:09.436+0000][gc,phases   ] GC(521)   Post Evacuate Collection Set: 15.2ms
[2026-01-16T08:47:09.437+0000][gc,phases   ] GC(521)   Other: 33.5ms
[2026-01-16T08:47:09.442+0000][gc,heap     ] GC(521) Eden regions: 46->0(46)
[2026-01-16T08:47:09.448+0000][gc,heap     ] GC(521) Survivor regions: 5->5(7)
[2026-01-16T08:47:09.452+0000][gc,heap     ] GC(521) Old regions: 323->323
[2026-01-16T08:47:09.455+0000][gc,heap     ] GC(521) Humongous regions: 149->149
[2026-01-16T08:47:09.458+0000][gc,metaspace] GC(521) Metaspace: 15357K(15808K)->15357K(15808K) NonClass: 13647K(13824K)->13647K(13824K) Class: 1710K(1984K)->1710K(1984K)
[2026-01-16T08:47:09.463+0000][gc          ] GC(521) Pause Young (Normal) (G1 Evacuation Pause) 521M->476M(1024M) 1077.520ms
[2026-01-16T08:47:09.464+0000][gc,cpu      ] GC(521) User=0.63s Sys=0.06s Real=1.07s
[2026-01-16T08:47:12.874+0000][gc,start    ] GC(522) Pause Young (Normal) (G1 Evacuation Pause)
[2026-01-16T08:47:12.887+0000][gc,task     ] GC(522) Using 8 workers of 8 for evacuation
[2026-01-16T08:47:13.232+0000][gc,mmu      ] GC(522) MMU target violated: 201.0ms (200.0ms/201.0ms)
[2026-01-16T08:47:13.233+0000][gc,phases   ] GC(522)   Pre Evacuate Collection Set: 23.9ms
[2026-01-16T08:47:13.234+0000][gc,phases   ] GC(522)   Merge Heap Roots: 2.7ms
[2026-01-16T08:47:13.236+0000][gc,phases   ] GC(522)   Evacuate Collection Set: 289.6ms
[2026-01-16T08:47:13.238+0000][gc,phases   ] GC(522)   Post Evacuate Collection Set: 24.5ms
[2026-01-16T08:47:13.239+0000][gc,phases   ] GC(522)   Other: 5.8ms
[2026-01-16T08:47:13.240+0000][gc,heap     ] GC(522) Eden regions: 46->0(46)
[2026-01-16T08:47:13.240+0000][gc,heap     ] GC(522) Survivor regions: 5->5(7)
[2026-01-16T08:47:13.243+0000][gc,heap     ] GC(522) Old regions: 323->324
[2026-01-16T08:47:13.244+0000][gc,heap     ] GC(522) Humongous regions: 149->149
[2026-01-16T08:47:13.244+0000][gc,metaspace] GC(522) Metaspace: 15357K(15808K)->15357K(15808K) NonClass: 13647K(13824K)->13647K(13824K) Class: 1710K(1984K)->1710K(1984K)
[2026-01-16T08:47:13.245+0000][gc          ] GC(522) Pause Young (Normal) (G1 Evacuation Pause) 522M->477M(1024M) 370.588ms
[2026-01-16T08:47:13.247+0000][gc,cpu      ] GC(522) User=0.20s Sys=0.02s Real=0.38s
[2026-01-16T08:47:13.910+0000][gc,marking  ] GC(506) Concurrent Mark From Roots 62165.805ms
[2026-01-16T08:47:13.986+0000][gc,marking  ] GC(506) Concurrent Preclean
[2026-01-16T08:47:14.237+0000][gc,marking  ] GC(506) Concurrent Preclean 251.376ms
[2026-01-16T08:47:14.284+0000][gc,start    ] GC(506) Pause Remark
[2026-01-16T08:47:19.946+0000][gc,mmu      ] GC(506) MMU target violated: 201.0ms (200.0ms/201.0ms)
[2026-01-16T08:47:19.948+0000][gc          ] GC(506) Pause Remark 497M->494M(1024M) 5664.086ms
[2026-01-16T08:47:19.949+0000][gc,cpu      ] GC(506) User=3.34s Sys=0.44s Real=5.67s
[2026-01-16T08:47:20.051+0000][gc,marking  ] GC(506) Concurrent Mark 68309.198ms
[2026-01-16T08:47:20.068+0000][gc,marking  ] GC(506) Concurrent Rebuild Remembered Sets and Scrub Regions
[2026-01-16T08:47:22.518+0000][gc,start    ] GC(523) Pause Young (Normal) (G1 Evacuation Pause)
[2026-01-16T08:47:22.521+0000][gc,task     ] GC(523) Using 8 workers of 8 for evacuation
[2026-01-16T08:47:23.455+0000][gc,mmu      ] GC(523) MMU target violated: 201.0ms (200.0ms/201.0ms)
[2026-01-16T08:47:23.460+0000][gc,phases   ] GC(523)   Pre Evacuate Collection Set: 49.2ms
[2026-01-16T08:47:23.460+0000][gc,phases   ] GC(523)   Merge Heap Roots: 25.4ms
[2026-01-16T08:47:23.462+0000][gc,phases   ] GC(523)   Evacuate Collection Set: 800.9ms
[2026-01-16T08:47:23.467+0000][gc,phases   ] GC(523)   Post Evacuate Collection Set: 51.9ms
[2026-01-16T08:47:23.469+0000][gc,phases   ] GC(523)   Other: 13.0ms
[2026-01-16T08:47:23.470+0000][gc,heap     ] GC(523) Eden regions: 46->0(47)
[2026-01-16T08:47:23.473+0000][gc,heap     ] GC(523) Survivor regions: 5->4(7)
[2026-01-16T08:47:23.474+0000][gc,heap     ] GC(523) Old regions: 321->323
[2026-01-16T08:47:23.475+0000][gc,heap     ] GC(523) Humongous regions: 149->149
[2026-01-16T08:47:23.476+0000][gc,metaspace] GC(523) Metaspace: 15248K(15808K)->15248K(15808K) NonClass: 13567K(13824K)->13567K(13824K) Class: 1681K(1984K)->1681K(1984K)
[2026-01-16T08:47:23.476+0000][gc          ] GC(523) Pause Young (Normal) (G1 Evacuation Pause) 520M->474M(1024M) 958.331ms
[2026-01-16T08:47:23.477+0000][gc,cpu      ] GC(523) User=0.51s Sys=0.06s Real=0.96s
[2026-01-16T08:47:27.537+0000][gc,start    ] GC(524) Pause Young (Normal) (G1 Evacuation Pause)
[2026-01-16T08:47:27.541+0000][gc,task     ] GC(524) Using 8 workers of 8 for evacuation
[2026-01-16T08:47:29.010+0000][gc,mmu      ] GC(524) MMU target violated: 201.0ms (200.0ms/201.0ms)
[2026-01-16T08:47:29.010+0000][gc,phases   ] GC(524)   Pre Evacuate Collection Set: 17.0ms
[2026-01-16T08:47:29.010+0000][gc,phases   ] GC(524)   Merge Heap Roots: 19.9ms
[2026-01-16T08:47:29.010+0000][gc,phases   ] GC(524)   Evacuate Collection Set: 1272.6ms
[2026-01-16T08:47:29.010+0000][gc,phases   ] GC(524)   Post Evacuate Collection Set: 148.0ms
[2026-01-16T08:47:29.010+0000][gc,phases   ] GC(524)   Other: 12.4ms
[2026-01-16T08:47:29.010+0000][gc,heap     ] GC(524) Eden regions: 47->0(47)
[2026-01-16T08:47:29.010+0000][gc,heap     ] GC(524) Survivor regions: 4->4(7)
[2026-01-16T08:47:29.010+0000][gc,heap     ] GC(524) Old regions: 323->323
[2026-01-16T08:47:29.010+0000][gc,heap     ] GC(524) Humongous regions: 149->149
[2026-01-16T08:47:29.010+0000][gc,metaspace] GC(524) Metaspace: 15248K(15808K)->15248K(15808K) NonClass: 13567K(13824K)->13567K(13824K) Class: 1681K(1984K)->1681K(1984K)
[2026-01-16T08:47:29.011+0000][gc          ] GC(524) Pause Young (Normal) (G1 Evacuation Pause) 521M->475M(1024M) 1473.797ms
[2026-01-16T08:47:29.011+0000][gc,cpu      ] GC(524) User=0.65s Sys=0.06s Real=1.47s
[2026-01-16T08:47:33.953+0000][gc,start    ] GC(525) Pause Young (Normal) (G1 Evacuation Pause)
[2026-01-16T08:47:33.956+0000][gc,task     ] GC(525) Using 8 workers of 8 for evacuation
[2026-01-16T08:47:34.475+0000][gc,mmu      ] GC(525) MMU target violated: 201.0ms (200.0ms/201.0ms)
[2026-01-16T08:47:34.475+0000][gc,phases   ] GC(525)   Pre Evacuate Collection Set: 39.4ms
[2026-01-16T08:47:34.476+0000][gc,phases   ] GC(525)   Merge Heap Roots: 9.1ms
[2026-01-16T08:47:34.476+0000][gc,phases   ] GC(525)   Evacuate Collection Set: 446.2ms
[2026-01-16T08:47:34.476+0000][gc,phases   ] GC(525)   Post Evacuate Collection Set: 20.7ms
[2026-01-16T08:47:34.478+0000][gc,phases   ] GC(525)   Other: 4.2ms
[2026-01-16T08:47:34.478+0000][gc,heap     ] GC(525) Eden regions: 47->0(46)
[2026-01-16T08:47:34.478+0000][gc,heap     ] GC(525) Survivor regions: 4->5(7)
[2026-01-16T08:47:34.480+0000][gc,heap     ] GC(525) Old regions: 323->323
[2026-01-16T08:47:34.480+0000][gc,heap     ] GC(525) Humongous regions: 149->149
[2026-01-16T08:47:34.480+0000][gc,metaspace] GC(525) Metaspace: 15248K(15808K)->15248K(15808K) NonClass: 13567K(13824K)->13567K(13824K) Class: 1681K(1984K)->1681K(1984K)
[2026-01-16T08:47:34.480+0000][gc          ] GC(525) Pause Young (Normal) (G1 Evacuation Pause) 522M->476M(1024M) 526.741ms
[2026-01-16T08:47:34.480+0000][gc,cpu      ] GC(525) User=0.31s Sys=0.01s Real=0.53s
[2026-01-16T08:47:39.095+0000][gc,start    ] GC(526) Pause Young (Normal) (G1 Evacuation Pause)
[2026-01-16T08:47:39.097+0000][gc,task     ] GC(526) Using 8 workers of 8 for evacuation
[2026-01-16T08:47:40.290+0000][gc,mmu      ] GC(526) MMU target violated: 201.0ms (200.0ms/201.0ms)
[2026-01-16T08:47:40.291+0000][gc,phases   ] GC(526)   Pre Evacuate Collection Set: 44.2ms
[2026-01-16T08:47:40.292+0000][gc,phases   ] GC(526)   Merge Heap Roots: 6.5ms
[2026-01-16T08:47:40.295+0000][gc,phases   ] GC(526)   Evacuate Collection Set: 981.9ms
[2026-01-16T08:47:40.300+0000][gc,phases   ] GC(526)   Post Evacuate Collection Set: 157.6ms
[2026-01-16T08:47:40.305+0000][gc,phases   ] GC(526)   Other: 3.5ms
[2026-01-16T08:47:40.312+0000][gc,heap     ] GC(526) Eden regions: 46->0(46)
[2026-01-16T08:47:40.313+0000][gc,heap     ] GC(526) Survivor regions: 5->5(7)
[2026-01-16T08:47:40.316+0000][gc,heap     ] GC(526) Old regions: 323->324
[2026-01-16T08:47:40.318+0000][gc,heap     ] GC(526) Humongous regions: 149->149
[2026-01-16T08:47:40.318+0000][gc,metaspace] GC(526) Metaspace: 15251K(15872K)->15251K(15872K) NonClass: 13570K(13888K)->13570K(13888K) Class: 1681K(1984K)->1681K(1984K)
[2026-01-16T08:47:40.375+0000][gc          ] GC(526) Pause Young (Normal) (G1 Evacuation Pause) 522M->477M(1024M) 1280.350ms
[2026-01-16T08:47:40.405+0000][gc,cpu      ] GC(526) User=0.81s Sys=0.10s Real=1.31s
[2026-01-16T08:47:46.548+0000][gc,start    ] GC(527) Pause Young (Normal) (G1 Evacuation Pause)
[2026-01-16T08:47:46.553+0000][gc,task     ] GC(527) Using 8 workers of 8 for evacuation
[2026-01-16T08:47:47.777+0000][gc,mmu      ] GC(527) MMU target violated: 201.0ms (200.0ms/201.0ms)
[2026-01-16T08:47:47.777+0000][gc,phases   ] GC(527)   Pre Evacuate Collection Set: 48.6ms
[2026-01-16T08:47:47.778+0000][gc,phases   ] GC(527)   Merge Heap Roots: 3.1ms
[2026-01-16T08:47:47.778+0000][gc,phases   ] GC(527)   Evacuate Collection Set: 1124.6ms
[2026-01-16T08:47:47.779+0000][gc,phases   ] GC(527)   Post Evacuate Collection Set: 39.6ms
[2026-01-16T08:47:47.781+0000][gc,phases   ] GC(527)   Other: 8.3ms
[2026-01-16T08:47:47.785+0000][gc,heap     ] GC(527) Eden regions: 46->0(46)
[2026-01-16T08:47:47.785+0000][gc,heap     ] GC(527) Survivor regions: 5->5(7)
[2026-01-16T08:47:47.788+0000][gc,heap     ] GC(527) Old regions: 324->325
[2026-01-16T08:47:47.792+0000][gc,heap     ] GC(527) Humongous regions: 149->149
[2026-01-16T08:47:47.795+0000][gc,metaspace] GC(527) Metaspace: 15254K(15872K)->15254K(15872K) NonClass: 13573K(13888K)->13573K(13888K) Class: 1681K(1984K)->1681K(1984K)
[2026-01-16T08:47:47.797+0000][gc          ] GC(527) Pause Young (Normal) (G1 Evacuation Pause) 523M->477M(1024M) 1248.842ms
[2026-01-16T08:47:47.804+0000][gc,cpu      ] GC(527) User=0.73s Sys=0.07s Real=1.25s
[2026-01-16T08:47:51.613+0000][gc,start    ] GC(528) Pause Young (Normal) (G1 Evacuation Pause)
[2026-01-16T08:47:51.645+0000][gc,task     ] GC(528) Using 8 workers of 8 for evacuation
[2026-01-16T08:47:53.055+0000][gc,mmu      ] GC(528) MMU target violated: 201.0ms (200.0ms/201.0ms)
[2026-01-16T08:47:53.059+0000][gc,phases   ] GC(528)   Pre Evacuate Collection Set: 78.8ms
[2026-01-16T08:47:53.062+0000][gc,phases   ] GC(528)   Merge Heap Roots: 12.5ms
[2026-01-16T08:47:53.063+0000][gc,phases   ] GC(528)   Evacuate Collection Set: 1281.1ms
[2026-01-16T08:47:53.063+0000][gc,phases   ] GC(528)   Post Evacuate Collection Set: 30.5ms
[2026-01-16T08:47:53.063+0000][gc,phases   ] GC(528)   Other: 20.1ms
[2026-01-16T08:47:53.065+0000][gc,heap     ] GC(528) Eden regions: 46->0(46)
[2026-01-16T08:47:53.065+0000][gc,heap     ] GC(528) Survivor regions: 5->5(7)
[2026-01-16T08:47:53.065+0000][gc,heap     ] GC(528) Old regions: 325->326
[2026-01-16T08:47:53.065+0000][gc,heap     ] GC(528) Humongous regions: 149->149
[2026-01-16T08:47:53.065+0000][gc,metaspace] GC(528) Metaspace: 15254K(15872K)->15254K(15872K) NonClass: 13573K(13888K)->13573K(13888K) Class: 1681K(1984K)->1681K(1984K)
[2026-01-16T08:47:53.065+0000][gc          ] GC(528) Pause Young (Normal) (G1 Evacuation Pause) 523M->478M(1024M) 1452.124ms
[2026-01-16T08:47:53.065+0000][gc,cpu      ] GC(528) User=0.87s Sys=0.07s Real=1.48s
[2026-01-16T08:47:57.398+0000][gc,start    ] GC(529) Pause Young (Normal) (G1 Evacuation Pause)
[2026-01-16T08:47:57.412+0000][gc,task     ] GC(529) Using 8 workers of 8 for evacuation
[2026-01-16T08:47:58.930+0000][gc,mmu      ] GC(529) MMU target violated: 201.0ms (200.0ms/201.0ms)
[2026-01-16T08:47:58.931+0000][gc,phases   ] GC(529)   Pre Evacuate Collection Set: 165.6ms
[2026-01-16T08:47:58.932+0000][gc,phases   ] GC(529)   Merge Heap Roots: 35.9ms
[2026-01-16T08:47:58.932+0000][gc,phases   ] GC(529)   Evacuate Collection Set: 1277.4ms
[2026-01-16T08:47:58.932+0000][gc,phases   ] GC(529)   Post Evacuate Collection Set: 21.6ms
[2026-01-16T08:47:58.933+0000][gc,phases   ] GC(529)   Other: 30.7ms
[2026-01-16T08:47:58.957+0000][gc,heap     ] GC(529) Eden regions: 46->0(46)
[2026-01-16T08:47:58.958+0000][gc,heap     ] GC(529) Survivor regions: 5->5(7)
[2026-01-16T08:47:58.958+0000][gc,heap     ] GC(529) Old regions: 326->326
[2026-01-16T08:47:58.958+0000][gc,heap     ] GC(529) Humongous regions: 149->149
[2026-01-16T08:47:58.959+0000][gc,metaspace] GC(529) Metaspace: 15254K(15872K)->15254K(15872K) NonClass: 13573K(13888K)->13573K(13888K) Class: 1681K(1984K)->1681K(1984K)
[2026-01-16T08:47:58.959+0000][gc          ] GC(529) Pause Young (Normal) (G1 Evacuation Pause) 524M->479M(1024M) 1560.780ms
[2026-01-16T08:47:58.961+0000][gc,cpu      ] GC(529) User=0.61s Sys=0.06s Real=1.56s
[2026-01-16T08:48:04.058+0000][gc,start    ] GC(530) Pause Young (Normal) (G1 Evacuation Pause)
[2026-01-16T08:48:04.112+0000][gc,task     ] GC(530) Using 8 workers of 8 for evacuation
[2026-01-16T08:48:04.686+0000][gc,mmu      ] GC(530) MMU target violated: 201.0ms (200.0ms/201.0ms)
[2026-01-16T08:48:04.686+0000][gc,phases   ] GC(530)   Pre Evacuate Collection Set: 98.9ms
[2026-01-16T08:48:04.687+0000][gc,phases   ] GC(530)   Merge Heap Roots: 13.0ms
[2026-01-16T08:48:04.687+0000][gc,phases   ] GC(530)   Evacuate Collection Set: 388.6ms
[2026-01-16T08:48:04.687+0000][gc,phases   ] GC(530)   Post Evacuate Collection Set: 66.4ms
[2026-01-16T08:48:04.687+0000][gc,phases   ] GC(530)   Other: 42.6ms
[2026-01-16T08:48:04.687+0000][gc,heap     ] GC(530) Eden regions: 46->0(46)
[2026-01-16T08:48:04.687+0000][gc,heap     ] GC(530) Survivor regions: 5->5(7)
[2026-01-16T08:48:04.687+0000][gc,heap     ] GC(530) Old regions: 326->327
[2026-01-16T08:48:04.690+0000][gc,heap     ] GC(530) Humongous regions: 149->149
[2026-01-16T08:48:04.692+0000][gc,metaspace] GC(530) Metaspace: 15254K(15872K)->15254K(15872K) NonClass: 13573K(13888K)->13573K(13888K) Class: 1681K(1984K)->1681K(1984K)
[2026-01-16T08:48:04.693+0000][gc          ] GC(530) Pause Young (Normal) (G1 Evacuation Pause) 525M->479M(1024M) 635.209ms
[2026-01-16T08:48:04.694+0000][gc,cpu      ] GC(530) User=0.44s Sys=0.05s Real=0.63s
[2026-01-16T08:48:06.313+0000][gc,marking  ] GC(506) Concurrent Rebuild Remembered Sets and Scrub Regions 46275.015ms
[2026-01-16T08:48:06.418+0000][gc,start    ] GC(506) Pause Cleanup
[2026-01-16T08:48:06.472+0000][gc          ] GC(506) Pause Cleanup 509M->509M(1024M) 54.278ms
[2026-01-16T08:48:06.473+0000][gc,cpu      ] GC(506) User=0.01s Sys=0.00s Real=0.05s
[2026-01-16T08:48:06.491+0000][gc,marking  ] GC(506) Concurrent Clear Claimed Marks
[2026-01-16T08:48:06.497+0000][gc,marking  ] GC(506) Concurrent Clear Claimed Marks 5.638ms
[2026-01-16T08:48:06.523+0000][gc,marking  ] GC(506) Concurrent Cleanup for Next Mark
[2026-01-16T08:48:07.216+0000][gc,start    ] GC(531) Pause Young (Prepare Mixed) (G1 Evacuation Pause)
[2026-01-16T08:48:07.218+0000][gc,task     ] GC(531) Using 8 workers of 8 for evacuation
[2026-01-16T08:48:08.177+0000][gc,mmu      ] GC(531) MMU target violated: 201.0ms (200.0ms/201.0ms)
[2026-01-16T08:48:08.179+0000][gc,phases   ] GC(531)   Pre Evacuate Collection Set: 77.3ms
[2026-01-16T08:48:08.183+0000][gc,phases   ] GC(531)   Merge Heap Roots: 13.4ms
[2026-01-16T08:48:08.186+0000][gc,phases   ] GC(531)   Evacuate Collection Set: 692.3ms
[2026-01-16T08:48:08.187+0000][gc,phases   ] GC(531)   Post Evacuate Collection Set: 162.0ms
[2026-01-16T08:48:08.187+0000][gc,phases   ] GC(531)   Other: 17.4ms
[2026-01-16T08:48:08.189+0000][gc,heap     ] GC(531) Eden regions: 46->0(46)
[2026-01-16T08:48:08.193+0000][gc,heap     ] GC(531) Survivor regions: 5->5(7)
[2026-01-16T08:48:08.195+0000][gc,heap     ] GC(531) Old regions: 327->328
[2026-01-16T08:48:08.196+0000][gc,heap     ] GC(531) Humongous regions: 149->149
[2026-01-16T08:48:08.196+0000][gc,metaspace] GC(531) Metaspace: 15254K(15872K)->15254K(15872K) NonClass: 13573K(13888K)->13573K(13888K) Class: 1681K(1984K)->1681K(1984K)
[2026-01-16T08:48:08.196+0000][gc          ] GC(531) Pause Young (Prepare Mixed) (G1 Evacuation Pause) 525M->480M(1024M) 979.806ms
[2026-01-16T08:48:08.197+0000][gc,cpu      ] GC(531) User=0.59s Sys=0.09s Real=0.98s
[2026-01-16T08:48:09.768+0000][gc,marking  ] GC(506) Concurrent Cleanup for Next Mark 3216.304ms
[2026-01-16T08:48:09.786+0000][gc          ] GC(506) Concurrent Mark Cycle 119643.958ms
[2026-01-16T08:48:13.052+0000][gc,start    ] GC(532) Pause Young (Mixed) (G1 Evacuation Pause)
[2026-01-16T08:48:13.155+0000][gc,task     ] GC(532) Using 8 workers of 8 for evacuation
[2026-01-16T08:48:15.786+0000][gc,mmu      ] GC(532) MMU target violated: 201.0ms (200.0ms/201.0ms)
[2026-01-16T08:48:15.787+0000][gc,phases   ] GC(532)   Pre Evacuate Collection Set: 110.3ms
[2026-01-16T08:48:15.789+0000][gc,phases   ] GC(532)   Merge Heap Roots: 21.2ms
[2026-01-16T08:48:15.790+0000][gc,phases   ] GC(532)   Evacuate Collection Set: 2269.0ms
[2026-01-16T08:48:15.790+0000][gc,phases   ] GC(532)   Post Evacuate Collection Set: 216.1ms
[2026-01-16T08:48:15.791+0000][gc,phases   ] GC(532)   Other: 112.2ms
[2026-01-16T08:48:15.792+0000][gc,heap     ] GC(532) Eden regions: 46->0(46)
[2026-01-16T08:48:15.797+0000][gc,heap     ] GC(532) Survivor regions: 5->5(7)
[2026-01-16T08:48:15.798+0000][gc,heap     ] GC(532) Old regions: 328->299
[2026-01-16T08:48:15.800+0000][gc,heap     ] GC(532) Humongous regions: 149->149
[2026-01-16T08:48:15.811+0000][gc,metaspace] GC(532) Metaspace: 15254K(15872K)->15254K(15872K) NonClass: 13573K(13888K)->13573K(13888K) Class: 1681K(1984K)->1681K(1984K)
[2026-01-16T08:48:15.812+0000][gc          ] GC(532) Pause Young (Mixed) (G1 Evacuation Pause) 526M->452M(1024M) 2760.085ms
[2026-01-16T08:48:15.823+0000][gc,cpu      ] GC(532) User=0.93s Sys=0.11s Real=2.81s
[2026-01-16T08:48:18.214+0000][gc,start    ] GC(533) Pause Young (Mixed) (G1 Evacuation Pause)
[2026-01-16T08:48:18.217+0000][gc,task     ] GC(533) Using 8 workers of 8 for evacuation
[2026-01-16T08:48:19.045+0000][gc,mmu      ] GC(533) MMU target violated: 201.0ms (200.0ms/201.0ms)
[2026-01-16T08:48:19.051+0000][gc,phases   ] GC(533)   Pre Evacuate Collection Set: 30.2ms
[2026-01-16T08:48:19.052+0000][gc,phases   ] GC(533)   Merge Heap Roots: 57.6ms
[2026-01-16T08:48:19.052+0000][gc,phases   ] GC(533)   Evacuate Collection Set: 688.1ms
[2026-01-16T08:48:19.052+0000][gc,phases   ] GC(533)   Post Evacuate Collection Set: 46.4ms
[2026-01-16T08:48:19.054+0000][gc,phases   ] GC(533)   Other: 13.8ms
[2026-01-16T08:48:19.054+0000][gc,heap     ] GC(533) Eden regions: 46->0(47)
[2026-01-16T08:48:19.055+0000][gc,heap     ] GC(533) Survivor regions: 5->4(7)
[2026-01-16T08:48:19.055+0000][gc,heap     ] GC(533) Old regions: 299->271
[2026-01-16T08:48:19.056+0000][gc,heap     ] GC(533) Humongous regions: 149->149
[2026-01-16T08:48:19.058+0000][gc,metaspace] GC(533) Metaspace: 15255K(15872K)->15255K(15872K) NonClass: 13574K(13888K)->13574K(13888K) Class: 1681K(1984K)->1681K(1984K)
[2026-01-16T08:48:19.064+0000][gc          ] GC(533) Pause Young (Mixed) (G1 Evacuation Pause) 498M->423M(1024M) 849.974ms
[2026-01-16T08:48:19.064+0000][gc,cpu      ] GC(533) User=0.51s Sys=0.06s Real=0.85s
[2026-01-16T08:48:21.519+0000][gc,start    ] GC(534) Pause Young (Mixed) (G1 Evacuation Pause)
[2026-01-16T08:48:21.522+0000][gc,task     ] GC(534) Using 8 workers of 8 for evacuation
[2026-01-16T08:48:24.867+0000][gc,mmu      ] GC(534) MMU target violated: 201.0ms (200.0ms/201.0ms)
[2026-01-16T08:48:24.870+0000][gc,phases   ] GC(534)   Pre Evacuate Collection Set: 64.3ms
[2026-01-16T08:48:24.870+0000][gc,phases   ] GC(534)   Merge Heap Roots: 24.7ms
[2026-01-16T08:48:24.871+0000][gc,phases   ] GC(534)   Evacuate Collection Set: 2722.5ms
[2026-01-16T08:48:24.871+0000][gc,phases   ] GC(534)   Post Evacuate Collection Set: 533.6ms
[2026-01-16T08:48:24.872+0000][gc,phases   ] GC(534)   Other: 3.6ms
[2026-01-16T08:48:24.872+0000][gc,heap     ] GC(534) Eden regions: 47->0(47)
[2026-01-16T08:48:24.875+0000][gc,heap     ] GC(534) Survivor regions: 4->4(7)
[2026-01-16T08:48:24.878+0000][gc,heap     ] GC(534) Old regions: 271->243
[2026-01-16T08:48:24.878+0000][gc,heap     ] GC(534) Humongous regions: 149->149
[2026-01-16T08:48:24.878+0000][gc,metaspace] GC(534) Metaspace: 15255K(15872K)->15255K(15872K) NonClass: 13574K(13888K)->13574K(13888K) Class: 1681K(1984K)->1681K(1984K)
[2026-01-16T08:48:24.879+0000][gc          ] GC(534) Pause Young (Mixed) (G1 Evacuation Pause) 470M->395M(1024M) 3359.640ms
[2026-01-16T08:48:24.882+0000][gc,cpu      ] GC(534) User=1.72s Sys=0.20s Real=3.36s
[2026-01-16T08:48:34.295+0000][gc,start    ] GC(535) Pause Young (Mixed) (G1 Evacuation Pause)
[2026-01-16T08:48:34.317+0000][gc,task     ] GC(535) Using 8 workers of 8 for evacuation
[2026-01-16T08:48:36.759+0000][gc,mmu      ] GC(535) MMU target violated: 201.0ms (200.0ms/201.0ms)
[2026-01-16T08:48:36.770+0000][gc,phases   ] GC(535)   Pre Evacuate Collection Set: 62.6ms
[2026-01-16T08:48:36.771+0000][gc,phases   ] GC(535)   Merge Heap Roots: 30.4ms
[2026-01-16T08:48:36.774+0000][gc,phases   ] GC(535)   Evacuate Collection Set: 2178.9ms
[2026-01-16T08:48:36.774+0000][gc,phases   ] GC(535)   Post Evacuate Collection Set: 159.6ms
[2026-01-16T08:48:36.775+0000][gc,phases   ] GC(535)   Other: 22.3ms
[2026-01-16T08:48:36.778+0000][gc,heap     ] GC(535) Eden regions: 47->0(46)
[2026-01-16T08:48:36.780+0000][gc,heap     ] GC(535) Survivor regions: 4->5(7)
[2026-01-16T08:48:36.780+0000][gc,heap     ] GC(535) Old regions: 243->215
[2026-01-16T08:48:36.780+0000][gc,heap     ] GC(535) Humongous regions: 149->149
[2026-01-16T08:48:36.781+0000][gc,metaspace] GC(535) Metaspace: 15256K(15872K)->15256K(15872K) NonClass: 13575K(13888K)->13575K(13888K) Class: 1681K(1984K)->1681K(1984K)
[2026-01-16T08:48:36.782+0000][gc          ] GC(535) Pause Young (Mixed) (G1 Evacuation Pause) 442M->367M(1024M) 2486.863ms
[2026-01-16T08:48:36.783+0000][gc,cpu      ] GC(535) User=1.13s Sys=0.08s Real=2.50s
[2026-01-16T08:48:39.947+0000][gc,start    ] GC(536) Pause Young (Mixed) (G1 Evacuation Pause)
[2026-01-16T08:48:39.948+0000][gc,task     ] GC(536) Using 8 workers of 8 for evacuation
[2026-01-16T08:48:41.475+0000][gc,mmu      ] GC(536) MMU target violated: 201.0ms (200.0ms/201.0ms)
[2026-01-16T08:48:41.490+0000][gc,phases   ] GC(536)   Pre Evacuate Collection Set: 98.4ms
[2026-01-16T08:48:41.490+0000][gc,phases   ] GC(536)   Merge Heap Roots: 40.3ms
[2026-01-16T08:48:41.490+0000][gc,phases   ] GC(536)   Evacuate Collection Set: 1285.9ms
[2026-01-16T08:48:41.490+0000][gc,phases   ] GC(536)   Post Evacuate Collection Set: 73.6ms
[2026-01-16T08:48:41.490+0000][gc,phases   ] GC(536)   Other: 43.4ms
[2026-01-16T08:48:41.496+0000][gc,heap     ] GC(536) Eden regions: 46->0(46)
[2026-01-16T08:48:41.505+0000][gc,heap     ] GC(536) Survivor regions: 5->5(7)
[2026-01-16T08:48:41.505+0000][gc,heap     ] GC(536) Old regions: 215->187
[2026-01-16T08:48:41.505+0000][gc,heap     ] GC(536) Humongous regions: 149->149
[2026-01-16T08:48:41.505+0000][gc,metaspace] GC(536) Metaspace: 15256K(15872K)->15256K(15872K) NonClass: 13575K(13888K)->13575K(13888K) Class: 1681K(1984K)->1681K(1984K)
[2026-01-16T08:48:41.542+0000][gc          ] GC(536) Pause Young (Mixed) (G1 Evacuation Pause) 413M->339M(1024M) 1595.188ms
[2026-01-16T08:48:41.545+0000][gc,cpu      ] GC(536) User=0.70s Sys=0.06s Real=1.60s
[2026-01-16T08:48:44.075+0000][gc,start    ] GC(537) Pause Young (Mixed) (G1 Evacuation Pause)
[2026-01-16T08:48:44.160+0000][gc,task     ] GC(537) Using 8 workers of 8 for evacuation
[2026-01-16T08:48:45.848+0000][gc,mmu      ] GC(537) MMU target violated: 201.0ms (200.0ms/201.0ms)
[2026-01-16T08:48:45.854+0000][gc,phases   ] GC(537)   Pre Evacuate Collection Set: 48.1ms
[2026-01-16T08:48:45.857+0000][gc,phases   ] GC(537)   Merge Heap Roots: 7.6ms
[2026-01-16T08:48:45.858+0000][gc,phases   ] GC(537)   Evacuate Collection Set: 1429.3ms
[2026-01-16T08:48:45.860+0000][gc,phases   ] GC(537)   Post Evacuate Collection Set: 195.0ms
[2026-01-16T08:48:45.862+0000][gc,phases   ] GC(537)   Other: 85.3ms
[2026-01-16T08:48:45.865+0000][gc,heap     ] GC(537) Eden regions: 46->0(46)
[2026-01-16T08:48:45.866+0000][gc,heap     ] GC(537) Survivor regions: 5->5(7)
[2026-01-16T08:48:45.866+0000][gc,heap     ] GC(537) Old regions: 187->158
[2026-01-16T08:48:45.866+0000][gc,heap     ] GC(537) Humongous regions: 149->149
[2026-01-16T08:48:45.867+0000][gc,metaspace] GC(537) Metaspace: 15256K(15872K)->15256K(15872K) NonClass: 13575K(13888K)->13575K(13888K) Class: 1681K(1984K)->1681K(1984K)
[2026-01-16T08:48:45.873+0000][gc          ] GC(537) Pause Young (Mixed) (G1 Evacuation Pause) 385M->311M(1024M) 1797.370ms
[2026-01-16T08:48:45.878+0000][gc,cpu      ] GC(537) User=0.78s Sys=0.07s Real=1.81s
[2026-01-16T08:48:49.400+0000][gc,start    ] GC(538) Pause Young (Mixed) (G1 Evacuation Pause)
[2026-01-16T08:48:49.403+0000][gc,task     ] GC(538) Using 8 workers of 8 for evacuation
[2026-01-16T08:48:51.428+0000][gc,mmu      ] GC(538) MMU target violated: 201.0ms (200.0ms/201.0ms)
[2026-01-16T08:48:51.440+0000][gc,phases   ] GC(538)   Pre Evacuate Collection Set: 41.6ms
[2026-01-16T08:48:51.440+0000][gc,phases   ] GC(538)   Merge Heap Roots: 46.7ms
[2026-01-16T08:48:51.443+0000][gc,phases   ] GC(538)   Evacuate Collection Set: 1757.7ms
[2026-01-16T08:48:51.447+0000][gc,phases   ] GC(538)   Post Evacuate Collection Set: 171.1ms
[2026-01-16T08:48:51.452+0000][gc,phases   ] GC(538)   Other: 20.6ms
[2026-01-16T08:48:51.455+0000][gc,heap     ] GC(538) Eden regions: 46->0(46)
[2026-01-16T08:48:51.462+0000][gc,heap     ] GC(538) Survivor regions: 5->5(7)
[2026-01-16T08:48:51.464+0000][gc,heap     ] GC(538) Old regions: 158->130
[2026-01-16T08:48:51.464+0000][gc,heap     ] GC(538) Humongous regions: 149->149
[2026-01-16T08:48:51.464+0000][gc,metaspace] GC(538) Metaspace: 15256K(15872K)->15256K(15872K) NonClass: 13575K(13888K)->13575K(13888K) Class: 1681K(1984K)->1681K(1984K)
[2026-01-16T08:48:51.468+0000][gc          ] GC(538) Pause Young (Mixed) (G1 Evacuation Pause) 357M->283M(1024M) 2067.530ms
[2026-01-16T08:48:51.475+0000][gc,cpu      ] GC(538) User=0.86s Sys=0.10s Real=2.07s
[2026-01-16T08:48:54.388+0000][gc,start    ] GC(539) Pause Young (Mixed) (G1 Evacuation Pause)
[2026-01-16T08:48:54.392+0000][gc,task     ] GC(539) Using 8 workers of 8 for evacuation
[2026-01-16T08:48:55.976+0000][gc,mmu      ] GC(539) MMU target violated: 201.0ms (200.0ms/201.0ms)
[2026-01-16T08:48:55.978+0000][gc,phases   ] GC(539)   Pre Evacuate Collection Set: 50.1ms
[2026-01-16T08:48:55.980+0000][gc,phases   ] GC(539)   Merge Heap Roots: 32.9ms
[2026-01-16T08:48:55.983+0000][gc,phases   ] GC(539)   Evacuate Collection Set: 1467.8ms
[2026-01-16T08:48:55.986+0000][gc,phases   ] GC(539)   Post Evacuate Collection Set: 31.1ms
[2026-01-16T08:48:55.987+0000][gc,phases   ] GC(539)   Other: 3.5ms
[2026-01-16T08:48:55.988+0000][gc,heap     ] GC(539) Eden regions: 46->0(46)
[2026-01-16T08:48:55.989+0000][gc,heap     ] GC(539) Survivor regions: 5->5(7)
[2026-01-16T08:48:55.989+0000][gc,heap     ] GC(539) Old regions: 130->105
[2026-01-16T08:48:55.990+0000][gc,heap     ] GC(539) Humongous regions: 149->149
[2026-01-16T08:48:55.990+0000][gc,metaspace] GC(539) Metaspace: 15256K(15872K)->15256K(15872K) NonClass: 13575K(13888K)->13575K(13888K) Class: 1681K(1984K)->1681K(1984K)
[2026-01-16T08:48:55.995+0000][gc          ] GC(539) Pause Young (Mixed) (G1 Evacuation Pause) 329M->258M(1024M) 1606.760ms
[2026-01-16T08:48:55.999+0000][gc,cpu      ] GC(539) User=0.72s Sys=0.03s Real=1.61s
[2026-01-16T08:48:59.304+0000][gc,start    ] GC(540) Pause Young (Normal) (G1 Evacuation Pause)
[2026-01-16T08:48:59.319+0000][gc,task     ] GC(540) Using 8 workers of 8 for evacuation
[2026-01-16T08:49:02.281+0000][gc,mmu      ] GC(540) MMU target violated: 201.0ms (200.0ms/201.0ms)
[2026-01-16T08:49:02.290+0000][gc,phases   ] GC(540)   Pre Evacuate Collection Set: 230.9ms
[2026-01-16T08:49:02.290+0000][gc,phases   ] GC(540)   Merge Heap Roots: 47.3ms
[2026-01-16T08:49:02.292+0000][gc,phases   ] GC(540)   Evacuate Collection Set: 2306.7ms
[2026-01-16T08:49:02.292+0000][gc,phases   ] GC(540)   Post Evacuate Collection Set: 358.6ms
[2026-01-16T08:49:02.292+0000][gc,phases   ] GC(540)   Other: 27.1ms
[2026-01-16T08:49:02.292+0000][gc,heap     ] GC(540) Eden regions: 46->0(46)
[2026-01-16T08:49:02.292+0000][gc,heap     ] GC(540) Survivor regions: 5->5(7)
[2026-01-16T08:49:02.292+0000][gc,heap     ] GC(540) Old regions: 105->106
[2026-01-16T08:49:02.292+0000][gc,heap     ] GC(540) Humongous regions: 149->149
[2026-01-16T08:49:02.292+0000][gc,metaspace] GC(540) Metaspace: 15256K(15872K)->15256K(15872K) NonClass: 13575K(13888K)->13575K(13888K) Class: 1681K(1984K)->1681K(1984K)
[2026-01-16T08:49:02.307+0000][gc          ] GC(540) Pause Young (Normal) (G1 Evacuation Pause) 304M->258M(1024M) 3002.738ms
[2026-01-16T08:49:02.316+0000][gc,cpu      ] GC(540) User=1.13s Sys=0.14s Real=3.00s
[2026-01-16T08:49:04.351+0000][gc,start    ] GC(541) Pause Young (Normal) (G1 Evacuation Pause)
[2026-01-16T08:49:04.355+0000][gc,task     ] GC(541) Using 8 workers of 8 for evacuation
[2026-01-16T08:49:06.298+0000][gc,mmu      ] GC(541) MMU target violated: 201.0ms (200.0ms/201.0ms)
[2026-01-16T08:49:06.302+0000][gc,phases   ] GC(541)   Pre Evacuate Collection Set: 134.5ms
[2026-01-16T08:49:06.306+0000][gc,phases   ] GC(541)   Merge Heap Roots: 92.8ms
[2026-01-16T08:49:06.307+0000][gc,phases   ] GC(541)   Evacuate Collection Set: 1631.1ms
[2026-01-16T08:49:06.308+0000][gc,phases   ] GC(541)   Post Evacuate Collection Set: 77.9ms
[2026-01-16T08:49:06.309+0000][gc,phases   ] GC(541)   Other: 9.7ms
[2026-01-16T08:49:06.312+0000][gc,heap     ] GC(541) Eden regions: 46->0(46)
[2026-01-16T08:49:06.313+0000][gc,heap     ] GC(541) Survivor regions: 5->5(7)
[2026-01-16T08:49:06.314+0000][gc,heap     ] GC(541) Old regions: 106->107
[2026-01-16T08:49:06.314+0000][gc,heap     ] GC(541) Humongous regions: 149->149
[2026-01-16T08:49:06.315+0000][gc,metaspace] GC(541) Metaspace: 15256K(15872K)->15256K(15872K) NonClass: 13575K(13888K)->13575K(13888K) Class: 1681K(1984K)->1681K(1984K)
[2026-01-16T08:49:06.326+0000][gc          ] GC(541) Pause Young (Normal) (G1 Evacuation Pause) 304M->259M(1024M) 1975.798ms
[2026-01-16T08:49:06.328+0000][gc,cpu      ] GC(541) User=0.79s Sys=0.11s Real=1.98s
[2026-01-16T08:49:09.642+0000][gc,start    ] GC(542) Pause Young (Normal) (G1 Evacuation Pause)
[2026-01-16T08:49:09.651+0000][gc,task     ] GC(542) Using 8 workers of 8 for evacuation
[2026-01-16T08:49:10.700+0000][gc,mmu      ] GC(542) MMU target violated: 201.0ms (200.0ms/201.0ms)
[2026-01-16T08:49:10.704+0000][gc,phases   ] GC(542)   Pre Evacuate Collection Set: 58.2ms
[2026-01-16T08:49:10.720+0000][gc,phases   ] GC(542)   Merge Heap Roots: 15.8ms
[2026-01-16T08:49:10.721+0000][gc,phases   ] GC(542)   Evacuate Collection Set: 940.0ms
[2026-01-16T08:49:10.722+0000][gc,phases   ] GC(542)   Post Evacuate Collection Set: 23.7ms
[2026-01-16T08:49:10.723+0000][gc,phases   ] GC(542)   Other: 15.3ms
[2026-01-16T08:49:10.723+0000][gc,heap     ] GC(542) Eden regions: 46->0(46)
[2026-01-16T08:49:10.723+0000][gc,heap     ] GC(542) Survivor regions: 5->5(7)
[2026-01-16T08:49:10.723+0000][gc,heap     ] GC(542) Old regions: 107->107
[2026-01-16T08:49:10.724+0000][gc,heap     ] GC(542) Humongous regions: 149->149
[2026-01-16T08:49:10.724+0000][gc,metaspace] GC(542) Metaspace: 15256K(15872K)->15256K(15872K) NonClass: 13575K(13888K)->13575K(13888K) Class: 1681K(1984K)->1681K(1984K)
[2026-01-16T08:49:10.732+0000][gc          ] GC(542) Pause Young (Normal) (G1 Evacuation Pause) 305M->260M(1024M) 1089.611ms
[2026-01-16T08:49:10.732+0000][gc,cpu      ] GC(542) User=0.51s Sys=0.05s Real=1.09s
[2026-01-16T08:49:13.704+0000][gc,start    ] GC(543) Pause Young (Normal) (G1 Evacuation Pause)
[2026-01-16T08:49:13.709+0000][gc,task     ] GC(543) Using 8 workers of 8 for evacuation
[2026-01-16T08:49:14.369+0000][gc,mmu      ] GC(543) MMU target violated: 201.0ms (200.0ms/201.0ms)
[2026-01-16T08:49:14.371+0000][gc,phases   ] GC(543)   Pre Evacuate Collection Set: 65.7ms
[2026-01-16T08:49:14.372+0000][gc,phases   ] GC(543)   Merge Heap Roots: 1.5ms
[2026-01-16T08:49:14.372+0000][gc,phases   ] GC(543)   Evacuate Collection Set: 564.2ms
[2026-01-16T08:49:14.373+0000][gc,phases   ] GC(543)   Post Evacuate Collection Set: 25.5ms
[2026-01-16T08:49:14.374+0000][gc,phases   ] GC(543)   Other: 6.3ms
[2026-01-16T08:49:14.378+0000][gc,heap     ] GC(543) Eden regions: 46->0(46)
[2026-01-16T08:49:14.378+0000][gc,heap     ] GC(543) Survivor regions: 5->5(7)
[2026-01-16T08:49:14.379+0000][gc,heap     ] GC(543) Old regions: 107->108
[2026-01-16T08:49:14.379+0000][gc,heap     ] GC(543) Humongous regions: 149->149
[2026-01-16T08:49:14.380+0000][gc,metaspace] GC(543) Metaspace: 15256K(15872K)->15256K(15872K) NonClass: 13575K(13888K)->13575K(13888K) Class: 1681K(1984K)->1681K(1984K)
[2026-01-16T08:49:14.380+0000][gc          ] GC(543) Pause Young (Normal) (G1 Evacuation Pause) 306M->261M(1024M) 676.024ms
[2026-01-16T08:49:14.380+0000][gc,cpu      ] GC(543) User=0.58s Sys=0.05s Real=0.68s
[2026-01-16T08:49:17.266+0000][gc,start    ] GC(544) Pause Young (Normal) (G1 Evacuation Pause)
[2026-01-16T08:49:17.293+0000][gc,task     ] GC(544) Using 8 workers of 8 for evacuation
[2026-01-16T08:49:18.733+0000][gc,mmu      ] GC(544) MMU target violated: 201.0ms (200.0ms/201.0ms)
[2026-01-16T08:49:18.738+0000][gc,phases   ] GC(544)   Pre Evacuate Collection Set: 130.8ms
[2026-01-16T08:49:18.739+0000][gc,phases   ] GC(544)   Merge Heap Roots: 17.9ms
[2026-01-16T08:49:18.739+0000][gc,phases   ] GC(544)   Evacuate Collection Set: 1229.2ms
[2026-01-16T08:49:18.739+0000][gc,phases   ] GC(544)   Post Evacuate Collection Set: 58.7ms
[2026-01-16T08:49:18.740+0000][gc,phases   ] GC(544)   Other: 20.3ms
[2026-01-16T08:49:18.742+0000][gc,heap     ] GC(544) Eden regions: 46->0(46)
[2026-01-16T08:49:18.743+0000][gc,heap     ] GC(544) Survivor regions: 5->5(7)
[2026-01-16T08:49:18.745+0000][gc,heap     ] GC(544) Old regions: 108->109
[2026-01-16T08:49:18.746+0000][gc,heap     ] GC(544) Humongous regions: 149->149
[2026-01-16T08:49:18.748+0000][gc,metaspace] GC(544) Metaspace: 15256K(15872K)->15256K(15872K) NonClass: 13575K(13888K)->13575K(13888K) Class: 1681K(1984K)->1681K(1984K)
[2026-01-16T08:49:18.752+0000][gc          ] GC(544) Pause Young (Normal) (G1 Evacuation Pause) 307M->262M(1024M) 1485.703ms
[2026-01-16T08:49:18.773+0000][gc,cpu      ] GC(544) User=0.64s Sys=0.06s Real=1.50s
[2026-01-16T08:49:22.387+0000][gc,start    ] GC(545) Pause Young (Normal) (G1 Evacuation Pause)
[2026-01-16T08:49:22.390+0000][gc,task     ] GC(545) Using 8 workers of 8 for evacuation
[2026-01-16T08:49:22.951+0000][gc,mmu      ] GC(545) MMU target violated: 201.0ms (200.0ms/201.0ms)
[2026-01-16T08:49:22.953+0000][gc,phases   ] GC(545)   Pre Evacuate Collection Set: 65.3ms
[2026-01-16T08:49:22.954+0000][gc,phases   ] GC(545)   Merge Heap Roots: 14.0ms
[2026-01-16T08:49:22.954+0000][gc,phases   ] GC(545)   Evacuate Collection Set: 459.8ms
[2026-01-16T08:49:22.954+0000][gc,phases   ] GC(545)   Post Evacuate Collection Set: 17.8ms
[2026-01-16T08:49:22.954+0000][gc,phases   ] GC(545)   Other: 8.1ms
[2026-01-16T08:49:22.954+0000][gc,heap     ] GC(545) Eden regions: 46->0(46)
[2026-01-16T08:49:22.954+0000][gc,heap     ] GC(545) Survivor regions: 5->5(7)
[2026-01-16T08:49:22.954+0000][gc,heap     ] GC(545) Old regions: 109->110
[2026-01-16T08:49:22.954+0000][gc,heap     ] GC(545) Humongous regions: 149->149
[2026-01-16T08:49:22.954+0000][gc,metaspace] GC(545) Metaspace: 15256K(15872K)->15256K(15872K) NonClass: 13575K(13888K)->13575K(13888K) Class: 1681K(1984K)->1681K(1984K)
[2026-01-16T08:49:22.954+0000][gc          ] GC(545) Pause Young (Normal) (G1 Evacuation Pause) 308M->262M(1024M) 567.628ms
[2026-01-16T08:49:22.954+0000][gc,cpu      ] GC(545) User=0.37s Sys=0.03s Real=0.57s
[2026-01-16T08:49:23.876+0000][gc,start    ] GC(546) Pause Young (Normal) (G1 Evacuation Pause)
[2026-01-16T08:49:23.894+0000][gc,task     ] GC(546) Using 8 workers of 8 for evacuation
[2026-01-16T08:49:24.365+0000][gc,mmu      ] GC(546) MMU target violated: 201.0ms (200.0ms/201.0ms)
[2026-01-16T08:49:24.367+0000][gc,phases   ] GC(546)   Pre Evacuate Collection Set: 28.4ms
[2026-01-16T08:49:24.369+0000][gc,phases   ] GC(546)   Merge Heap Roots: 2.2ms
[2026-01-16T08:49:24.371+0000][gc,phases   ] GC(546)   Evacuate Collection Set: 430.2ms
[2026-01-16T08:49:24.373+0000][gc,phases   ] GC(546)   Post Evacuate Collection Set: 9.8ms
[2026-01-16T08:49:24.373+0000][gc,phases   ] GC(546)   Other: 2.5ms
[2026-01-16T08:49:24.374+0000][gc,heap     ] GC(546) Eden regions: 46->0(46)
[2026-01-16T08:49:24.375+0000][gc,heap     ] GC(546) Survivor regions: 5->5(7)
[2026-01-16T08:49:24.377+0000][gc,heap     ] GC(546) Old regions: 110->110
[2026-01-16T08:49:24.378+0000][gc,heap     ] GC(546) Humongous regions: 149->149
[2026-01-16T08:49:24.381+0000][gc,metaspace] GC(546) Metaspace: 15256K(15872K)->15256K(15872K) NonClass: 13575K(13888K)->13575K(13888K) Class: 1681K(1984K)->1681K(1984K)
[2026-01-16T08:49:24.382+0000][gc          ] GC(546) Pause Young (Normal) (G1 Evacuation Pause) 308M->263M(1024M) 505.927ms
[2026-01-16T08:49:24.383+0000][gc,cpu      ] GC(546) User=0.14s Sys=0.01s Real=0.51s
[2026-01-16T08:49:25.555+0000][gc,start    ] GC(547) Pause Young (Normal) (G1 Evacuation Pause)
[2026-01-16T08:49:25.555+0000][gc,task     ] GC(547) Using 8 workers of 8 for evacuation
[2026-01-16T08:49:26.282+0000][gc,mmu      ] GC(547) MMU target violated: 201.0ms (200.0ms/201.0ms)
[2026-01-16T08:49:26.289+0000][gc,phases   ] GC(547)   Pre Evacuate Collection Set: 31.7ms
[2026-01-16T08:49:26.291+0000][gc,phases   ] GC(547)   Merge Heap Roots: 26.1ms
[2026-01-16T08:49:26.291+0000][gc,phases   ] GC(547)   Evacuate Collection Set: 633.1ms
[2026-01-16T08:49:26.291+0000][gc,phases   ] GC(547)   Post Evacuate Collection Set: 33.7ms
[2026-01-16T08:49:26.294+0000][gc,phases   ] GC(547)   Other: 8.8ms
[2026-01-16T08:49:26.294+0000][gc,heap     ] GC(547) Eden regions: 46->0(47)
[2026-01-16T08:49:26.295+0000][gc,heap     ] GC(547) Survivor regions: 5->4(7)
[2026-01-16T08:49:26.295+0000][gc,heap     ] GC(547) Old regions: 110->112
[2026-01-16T08:49:26.296+0000][gc,heap     ] GC(547) Humongous regions: 149->149
[2026-01-16T08:49:26.296+0000][gc,metaspace] GC(547) Metaspace: 15256K(15872K)->15256K(15872K) NonClass: 13575K(13888K)->13575K(13888K) Class: 1681K(1984K)->1681K(1984K)
[2026-01-16T08:49:26.298+0000][gc          ] GC(547) Pause Young (Normal) (G1 Evacuation Pause) 309M->264M(1024M) 743.264ms
[2026-01-16T08:49:26.299+0000][gc,cpu      ] GC(547) User=0.33s Sys=0.01s Real=0.75s
[2026-01-16T08:49:29.279+0000][gc,start    ] GC(548) Pause Young (Normal) (G1 Evacuation Pause)
[2026-01-16T08:49:29.299+0000][gc,task     ] GC(548) Using 8 workers of 8 for evacuation
[2026-01-16T08:49:30.140+0000][gc,mmu      ] GC(548) MMU target violated: 201.0ms (200.0ms/201.0ms)
[2026-01-16T08:49:30.140+0000][gc,phases   ] GC(548)   Pre Evacuate Collection Set: 103.9ms
[2026-01-16T08:49:30.160+0000][gc,phases   ] GC(548)   Merge Heap Roots: 39.6ms
[2026-01-16T08:49:30.163+0000][gc,phases   ] GC(548)   Evacuate Collection Set: 623.1ms
[2026-01-16T08:49:30.163+0000][gc,phases   ] GC(548)   Post Evacuate Collection Set: 62.5ms
[2026-01-16T08:49:30.165+0000][gc,phases   ] GC(548)   Other: 12.2ms
[2026-01-16T08:49:30.166+0000][gc,heap     ] GC(548) Eden regions: 47->0(46)
[2026-01-16T08:49:30.168+0000][gc,heap     ] GC(548) Survivor regions: 4->5(7)
[2026-01-16T08:49:30.169+0000][gc,heap     ] GC(548) Old regions: 112->112
[2026-01-16T08:49:30.171+0000][gc,heap     ] GC(548) Humongous regions: 149->149
[2026-01-16T08:49:30.171+0000][gc,metaspace] GC(548) Metaspace: 15256K(15872K)->15256K(15872K) NonClass: 13575K(13888K)->13575K(13888K) Class: 1681K(1984K)->1681K(1984K)
[2026-01-16T08:49:30.172+0000][gc          ] GC(548) Pause Young (Normal) (G1 Evacuation Pause) 311M->264M(1024M) 893.166ms
[2026-01-16T08:49:30.174+0000][gc,cpu      ] GC(548) User=0.40s Sys=0.03s Real=0.90s
[2026-01-16T08:49:33.547+0000][gc,start    ] GC(549) Pause Young (Normal) (G1 Evacuation Pause)
[2026-01-16T08:49:33.608+0000][gc,task     ] GC(549) Using 8 workers of 8 for evacuation
[2026-01-16T08:49:34.648+0000][gc,mmu      ] GC(549) MMU target violated: 201.0ms (200.0ms/201.0ms)
[2026-01-16T08:49:34.653+0000][gc,phases   ] GC(549)   Pre Evacuate Collection Set: 118.8ms
[2026-01-16T08:49:34.654+0000][gc,phases   ] GC(549)   Merge Heap Roots: 40.4ms
[2026-01-16T08:49:34.655+0000][gc,phases   ] GC(549)   Evacuate Collection Set: 842.4ms
[2026-01-16T08:49:34.657+0000][gc,phases   ] GC(549)   Post Evacuate Collection Set: 18.1ms
[2026-01-16T08:49:34.659+0000][gc,phases   ] GC(549)   Other: 28.3ms
[2026-01-16T08:49:34.665+0000][gc,heap     ] GC(549) Eden regions: 46->0(47)
[2026-01-16T08:49:34.670+0000][gc,heap     ] GC(549) Survivor regions: 5->4(7)
[2026-01-16T08:49:34.673+0000][gc,heap     ] GC(549) Old regions: 112->112
[2026-01-16T08:49:34.674+0000][gc,heap     ] GC(549) Humongous regions: 149->149
[2026-01-16T08:49:34.677+0000][gc,metaspace] GC(549) Metaspace: 15256K(15872K)->15256K(15872K) NonClass: 13575K(13888K)->13575K(13888K) Class: 1681K(1984K)->1681K(1984K)
[2026-01-16T08:49:34.679+0000][gc          ] GC(549) Pause Young (Normal) (G1 Evacuation Pause) 310M->264M(1024M) 1132.087ms
[2026-01-16T08:49:34.685+0000][gc,cpu      ] GC(549) User=0.68s Sys=0.10s Real=1.14s
[2026-01-16T08:49:39.375+0000][gc,start    ] GC(550) Pause Young (Normal) (GCLocker Initiated GC)
[2026-01-16T08:49:39.377+0000][gc,task     ] GC(550) Using 8 workers of 8 for evacuation
[2026-01-16T08:49:39.863+0000][gc,mmu      ] GC(550) MMU target violated: 201.0ms (200.0ms/201.0ms)
[2026-01-16T08:49:39.865+0000][gc,phases   ] GC(550)   Pre Evacuate Collection Set: 19.6ms
[2026-01-16T08:49:39.865+0000][gc,phases   ] GC(550)   Merge Heap Roots: 6.5ms
[2026-01-16T08:49:39.865+0000][gc,phases   ] GC(550)   Evacuate Collection Set: 443.5ms
[2026-01-16T08:49:39.866+0000][gc,phases   ] GC(550)   Post Evacuate Collection Set: 14.3ms
[2026-01-16T08:49:39.866+0000][gc,phases   ] GC(550)   Other: 4.1ms
[2026-01-16T08:49:39.866+0000][gc,heap     ] GC(550) Eden regions: 48->0(46)
[2026-01-16T08:49:39.868+0000][gc,heap     ] GC(550) Survivor regions: 4->5(7)
[2026-01-16T08:49:39.874+0000][gc,heap     ] GC(550) Old regions: 112->113
[2026-01-16T08:49:39.878+0000][gc,heap     ] GC(550) Humongous regions: 149->149
[2026-01-16T08:49:39.879+0000][gc,metaspace] GC(550) Metaspace: 15256K(15872K)->15256K(15872K) NonClass: 13575K(13888K)->13575K(13888K) Class: 1681K(1984K)->1681K(1984K)
[2026-01-16T08:49:39.880+0000][gc          ] GC(550) Pause Young (Normal) (GCLocker Initiated GC) 311M->265M(1024M) 505.575ms
[2026-01-16T08:49:39.883+0000][gc,cpu      ] GC(550) User=0.29s Sys=0.01s Real=0.51s
[2026-01-16T08:49:41.672+0000][gc,start    ] GC(551) Pause Young (Normal) (G1 Evacuation Pause)
[2026-01-16T08:49:41.681+0000][gc,task     ] GC(551) Using 8 workers of 8 for evacuation
[2026-01-16T08:49:42.290+0000][gc,mmu      ] GC(551) MMU target violated: 201.0ms (200.0ms/201.0ms)
[2026-01-16T08:49:42.291+0000][gc,phases   ] GC(551)   Pre Evacuate Collection Set: 91.4ms
[2026-01-16T08:49:42.292+0000][gc,phases   ] GC(551)   Merge Heap Roots: 5.6ms
[2026-01-16T08:49:42.294+0000][gc,phases   ] GC(551)   Evacuate Collection Set: 489.7ms
[2026-01-16T08:49:42.294+0000][gc,phases   ] GC(551)   Post Evacuate Collection Set: 15.4ms
[2026-01-16T08:49:42.295+0000][gc,phases   ] GC(551)   Other: 8.7ms
[2026-01-16T08:49:42.298+0000][gc,heap     ] GC(551) Eden regions: 46->0(46)
[2026-01-16T08:49:42.301+0000][gc,heap     ] GC(551) Survivor regions: 5->5(7)
[2026-01-16T08:49:42.301+0000][gc,heap     ] GC(551) Old regions: 113->114
[2026-01-16T08:49:42.303+0000][gc,heap     ] GC(551) Humongous regions: 149->149
[2026-01-16T08:49:42.303+0000][gc,metaspace] GC(551) Metaspace: 15262K(15872K)->15262K(15872K) NonClass: 13581K(13888K)->13581K(13888K) Class: 1681K(1984K)->1681K(1984K)
[2026-01-16T08:49:42.304+0000][gc          ] GC(551) Pause Young (Normal) (G1 Evacuation Pause) 311M->266M(1024M) 631.656ms
[2026-01-16T08:49:42.304+0000][gc,cpu      ] GC(551) User=0.31s Sys=0.03s Real=0.63s
[2026-01-16T08:49:43.474+0000][gc,start    ] GC(552) Pause Young (Normal) (G1 Evacuation Pause)
[2026-01-16T08:49:43.475+0000][gc,task     ] GC(552) Using 8 workers of 8 for evacuation
[2026-01-16T08:49:44.261+0000][gc,mmu      ] GC(552) MMU target violated: 201.0ms (200.0ms/201.0ms)
[2026-01-16T08:49:44.264+0000][gc,phases   ] GC(552)   Pre Evacuate Collection Set: 55.1ms
[2026-01-16T08:49:44.266+0000][gc,phases   ] GC(552)   Merge Heap Roots: 5.9ms
[2026-01-16T08:49:44.267+0000][gc,phases   ] GC(552)   Evacuate Collection Set: 655.4ms
[2026-01-16T08:49:44.268+0000][gc,phases   ] GC(552)   Post Evacuate Collection Set: 67.9ms
[2026-01-16T08:49:44.268+0000][gc,phases   ] GC(552)   Other: 4.6ms
[2026-01-16T08:49:44.270+0000][gc,heap     ] GC(552) Eden regions: 46->0(47)
[2026-01-16T08:49:44.270+0000][gc,heap     ] GC(552) Survivor regions: 5->4(7)
[2026-01-16T08:49:44.272+0000][gc,heap     ] GC(552) Old regions: 114->115
[2026-01-16T08:49:44.272+0000][gc,heap     ] GC(552) Humongous regions: 149->149
[2026-01-16T08:49:44.276+0000][gc,metaspace] GC(552) Metaspace: 15263K(15872K)->15263K(15872K) NonClass: 13582K(13888K)->13582K(13888K) Class: 1681K(1984K)->1681K(1984K)
[2026-01-16T08:49:44.284+0000][gc          ] GC(552) Pause Young (Normal) (G1 Evacuation Pause) 312M->267M(1024M) 809.686ms
[2026-01-16T08:49:44.286+0000][gc,cpu      ] GC(552) User=0.31s Sys=0.02s Real=0.81s
[2026-01-16T08:49:49.115+0000][gc,start    ] GC(553) Pause Young (Normal) (G1 Evacuation Pause)
[2026-01-16T08:49:49.129+0000][gc,task     ] GC(553) Using 8 workers of 8 for evacuation
[2026-01-16T08:49:50.694+0000][gc,mmu      ] GC(553) MMU target violated: 201.0ms (200.0ms/201.0ms)
[2026-01-16T08:49:50.704+0000][gc,phases   ] GC(553)   Pre Evacuate Collection Set: 113.3ms
[2026-01-16T08:49:50.738+0000][gc,phases   ] GC(553)   Merge Heap Roots: 47.3ms
[2026-01-16T08:49:50.741+0000][gc,phases   ] GC(553)   Evacuate Collection Set: 1207.2ms
[2026-01-16T08:49:50.761+0000][gc,phases   ] GC(553)   Post Evacuate Collection Set: 167.8ms
[2026-01-16T08:49:50.771+0000][gc,phases   ] GC(553)   Other: 41.3ms
[2026-01-16T08:49:50.771+0000][gc,heap     ] GC(553) Eden regions: 47->0(46)
[2026-01-16T08:49:50.771+0000][gc,heap     ] GC(553) Survivor regions: 4->5(7)
[2026-01-16T08:49:50.771+0000][gc,heap     ] GC(553) Old regions: 115->115
[2026-01-16T08:49:50.771+0000][gc,heap     ] GC(553) Humongous regions: 149->149
[2026-01-16T08:49:50.771+0000][gc,metaspace] GC(553) Metaspace: 15267K(15872K)->15267K(15872K) NonClass: 13585K(13888K)->13585K(13888K) Class: 1681K(1984K)->1681K(1984K)
[2026-01-16T08:49:50.779+0000][gc          ] GC(553) Pause Young (Normal) (G1 Evacuation Pause) 314M->267M(1024M) 1669.752ms
[2026-01-16T08:49:51.190+0000][gc,cpu      ] GC(553) User=0.81s Sys=0.07s Real=1.73s
[2026-01-16T08:50:00.861+0000][gc,start    ] GC(554) Pause Young (Normal) (G1 Evacuation Pause)
[2026-01-16T08:50:00.908+0000][gc,task     ] GC(554) Using 8 workers of 8 for evacuation
[2026-01-16T08:50:02.085+0000][gc,mmu      ] GC(554) MMU target violated: 201.0ms (200.0ms/201.0ms)
[2026-01-16T08:50:02.087+0000][gc,phases   ] GC(554)   Pre Evacuate Collection Set: 39.7ms
[2026-01-16T08:50:02.088+0000][gc,phases   ] GC(554)   Merge Heap Roots: 8.1ms
[2026-01-16T08:50:02.088+0000][gc,phases   ] GC(554)   Evacuate Collection Set: 1076.4ms
[2026-01-16T08:50:02.088+0000][gc,phases   ] GC(554)   Post Evacuate Collection Set: 43.8ms
[2026-01-16T08:50:02.089+0000][gc,phases   ] GC(554)   Other: 11.7ms
[2026-01-16T08:50:02.090+0000][gc,heap     ] GC(554) Eden regions: 46->0(46)
[2026-01-16T08:50:02.090+0000][gc,heap     ] GC(554) Survivor regions: 5->5(7)
[2026-01-16T08:50:02.091+0000][gc,heap     ] GC(554) Old regions: 115->116
[2026-01-16T08:50:02.095+0000][gc,heap     ] GC(554) Humongous regions: 149->149
[2026-01-16T08:50:02.098+0000][gc,metaspace] GC(554) Metaspace: 15267K(15872K)->15267K(15872K) NonClass: 13585K(13888K)->13585K(13888K) Class: 1681K(1984K)->1681K(1984K)
[2026-01-16T08:50:02.100+0000][gc          ] GC(554) Pause Young (Normal) (G1 Evacuation Pause) 313M->268M(1024M) 1239.613ms
[2026-01-16T08:50:02.101+0000][gc,cpu      ] GC(554) User=0.44s Sys=0.06s Real=1.24s
[2026-01-16T08:50:04.312+0000][gc,start    ] GC(555) Pause Young (Normal) (G1 Evacuation Pause)
[2026-01-16T08:50:04.317+0000][gc,task     ] GC(555) Using 8 workers of 8 for evacuation
[2026-01-16T08:50:06.188+0000][gc,mmu      ] GC(555) MMU target violated: 201.0ms (200.0ms/201.0ms)
[2026-01-16T08:50:06.190+0000][gc,phases   ] GC(555)   Pre Evacuate Collection Set: 37.2ms
[2026-01-16T08:50:06.191+0000][gc,phases   ] GC(555)   Merge Heap Roots: 0.8ms
[2026-01-16T08:50:06.192+0000][gc,phases   ] GC(555)   Evacuate Collection Set: 1655.7ms
[2026-01-16T08:50:06.193+0000][gc,phases   ] GC(555)   Post Evacuate Collection Set: 171.4ms
[2026-01-16T08:50:06.194+0000][gc,phases   ] GC(555)   Other: 8.4ms
[2026-01-16T08:50:06.197+0000][gc,heap     ] GC(555) Eden regions: 46->0(46)
[2026-01-16T08:50:06.197+0000][gc,heap     ] GC(555) Survivor regions: 5->5(7)
[2026-01-16T08:50:06.198+0000][gc,heap     ] GC(555) Old regions: 116->117
[2026-01-16T08:50:06.198+0000][gc,heap     ] GC(555) Humongous regions: 149->149
[2026-01-16T08:50:06.199+0000][gc,metaspace] GC(555) Metaspace: 15267K(15872K)->15267K(15872K) NonClass: 13585K(13888K)->13585K(13888K) Class: 1681K(1984K)->1681K(1984K)
[2026-01-16T08:50:06.207+0000][gc          ] GC(555) Pause Young (Normal) (G1 Evacuation Pause) 314M->269M(1024M) 1894.758ms
[2026-01-16T08:50:06.230+0000][gc,cpu      ] GC(555) User=0.70s Sys=0.09s Real=1.91s
[2026-01-16T08:50:11.725+0000][gc,start    ] GC(556) Pause Young (Normal) (G1 Evacuation Pause)
[2026-01-16T08:50:11.741+0000][gc,task     ] GC(556) Using 8 workers of 8 for evacuation
[2026-01-16T08:50:13.250+0000][gc,mmu      ] GC(556) MMU target violated: 201.0ms (200.0ms/201.0ms)
[2026-01-16T08:50:13.253+0000][gc,phases   ] GC(556)   Pre Evacuate Collection Set: 118.5ms
[2026-01-16T08:50:13.262+0000][gc,phases   ] GC(556)   Merge Heap Roots: 17.1ms
[2026-01-16T08:50:13.263+0000][gc,phases   ] GC(556)   Evacuate Collection Set: 1205.6ms
[2026-01-16T08:50:13.263+0000][gc,phases   ] GC(556)   Post Evacuate Collection Set: 129.2ms
[2026-01-16T08:50:13.267+0000][gc,phases   ] GC(556)   Other: 41.6ms
[2026-01-16T08:50:13.270+0000][gc,heap     ] GC(556) Eden regions: 46->0(47)
[2026-01-16T08:50:13.292+0000][gc,heap     ] GC(556) Survivor regions: 5->4(7)
[2026-01-16T08:50:13.293+0000][gc,heap     ] GC(556) Old regions: 117->118
[2026-01-16T08:50:13.293+0000][gc,heap     ] GC(556) Humongous regions: 149->149
[2026-01-16T08:50:13.293+0000][gc,metaspace] GC(556) Metaspace: 15268K(15872K)->15268K(15872K) NonClass: 13587K(13888K)->13587K(13888K) Class: 1681K(1984K)->1681K(1984K)
[2026-01-16T08:50:13.294+0000][gc          ] GC(556) Pause Young (Normal) (G1 Evacuation Pause) 315M->270M(1024M) 1569.317ms
[2026-01-16T08:50:13.330+0000][gc,cpu      ] GC(556) User=0.74s Sys=0.11s Real=1.57s
[2026-01-16T08:50:18.561+0000][gc,start    ] GC(557) Pause Young (Normal) (G1 Evacuation Pause)
[2026-01-16T08:50:18.578+0000][gc,task     ] GC(557) Using 8 workers of 8 for evacuation
[2026-01-16T08:50:19.654+0000][gc,mmu      ] GC(557) MMU target violated: 201.0ms (200.0ms/201.0ms)
[2026-01-16T08:50:19.656+0000][gc,phases   ] GC(557)   Pre Evacuate Collection Set: 100.0ms
[2026-01-16T08:50:19.656+0000][gc,phases   ] GC(557)   Merge Heap Roots: 6.3ms
[2026-01-16T08:50:19.661+0000][gc,phases   ] GC(557)   Evacuate Collection Set: 889.7ms
[2026-01-16T08:50:19.663+0000][gc,phases   ] GC(557)   Post Evacuate Collection Set: 60.8ms
[2026-01-16T08:50:19.663+0000][gc,phases   ] GC(557)   Other: 21.2ms
[2026-01-16T08:50:19.663+0000][gc,heap     ] GC(557) Eden regions: 47->0(46)
[2026-01-16T08:50:19.663+0000][gc,heap     ] GC(557) Survivor regions: 4->5(7)
[2026-01-16T08:50:19.664+0000][gc,heap     ] GC(557) Old regions: 118->118
[2026-01-16T08:50:19.664+0000][gc,heap     ] GC(557) Humongous regions: 149->149
[2026-01-16T08:50:19.665+0000][gc,metaspace] GC(557) Metaspace: 15268K(15872K)->15268K(15872K) NonClass: 13587K(13888K)->13587K(13888K) Class: 1681K(1984K)->1681K(1984K)
[2026-01-16T08:50:19.665+0000][gc          ] GC(557) Pause Young (Normal) (G1 Evacuation Pause) 317M->270M(1024M) 1104.396ms
[2026-01-16T08:50:19.666+0000][gc,cpu      ] GC(557) User=0.45s Sys=0.04s Real=1.11s
[2026-01-16T08:50:21.463+0000][gc,start    ] GC(558) Pause Young (Normal) (G1 Evacuation Pause)
[2026-01-16T08:50:21.464+0000][gc,task     ] GC(558) Using 8 workers of 8 for evacuation
[2026-01-16T08:50:22.372+0000][gc,mmu      ] GC(558) MMU target violated: 201.0ms (200.0ms/201.0ms)
[2026-01-16T08:50:22.374+0000][gc,phases   ] GC(558)   Pre Evacuate Collection Set: 143.6ms
[2026-01-16T08:50:22.377+0000][gc,phases   ] GC(558)   Merge Heap Roots: 0.6ms
[2026-01-16T08:50:22.378+0000][gc,phases   ] GC(558)   Evacuate Collection Set: 725.4ms
[2026-01-16T08:50:22.380+0000][gc,phases   ] GC(558)   Post Evacuate Collection Set: 29.3ms
[2026-01-16T08:50:22.380+0000][gc,phases   ] GC(558)   Other: 11.7ms
[2026-01-16T08:50:22.381+0000][gc,heap     ] GC(558) Eden regions: 46->0(46)
[2026-01-16T08:50:22.382+0000][gc,heap     ] GC(558) Survivor regions: 5->5(7)
[2026-01-16T08:50:22.382+0000][gc,heap     ] GC(558) Old regions: 118->119
[2026-01-16T08:50:22.386+0000][gc,heap     ] GC(558) Humongous regions: 149->149
[2026-01-16T08:50:22.386+0000][gc,metaspace] GC(558) Metaspace: 15268K(15872K)->15268K(15872K) NonClass: 13587K(13888K)->13587K(13888K) Class: 1681K(1984K)->1681K(1984K)
[2026-01-16T08:50:22.391+0000][gc          ] GC(558) Pause Young (Normal) (G1 Evacuation Pause) 316M->271M(1024M) 927.910ms
[2026-01-16T08:50:22.391+0000][gc,cpu      ] GC(558) User=0.39s Sys=0.03s Real=0.92s
[2026-01-16T08:50:23.526+0000][gc,start    ] GC(559) Pause Young (Normal) (G1 Evacuation Pause)
[2026-01-16T08:50:23.536+0000][gc,task     ] GC(559) Using 8 workers of 8 for evacuation
[2026-01-16T08:50:24.313+0000][gc,mmu      ] GC(559) MMU target violated: 201.0ms (200.0ms/201.0ms)
[2026-01-16T08:50:24.314+0000][gc,phases   ] GC(559)   Pre Evacuate Collection Set: 81.0ms
[2026-01-16T08:50:24.315+0000][gc,phases   ] GC(559)   Merge Heap Roots: 3.4ms
[2026-01-16T08:50:24.315+0000][gc,phases   ] GC(559)   Evacuate Collection Set: 673.1ms
[2026-01-16T08:50:24.317+0000][gc,phases   ] GC(559)   Post Evacuate Collection Set: 18.9ms
[2026-01-16T08:50:24.317+0000][gc,phases   ] GC(559)   Other: 2.2ms
[2026-01-16T08:50:24.317+0000][gc,heap     ] GC(559) Eden regions: 46->0(46)
[2026-01-16T08:50:24.318+0000][gc,heap     ] GC(559) Survivor regions: 5->5(7)
[2026-01-16T08:50:24.318+0000][gc,heap     ] GC(559) Old regions: 119->119
[2026-01-16T08:50:24.318+0000][gc,heap     ] GC(559) Humongous regions: 149->149
[2026-01-16T08:50:24.319+0000][gc,metaspace] GC(559) Metaspace: 15268K(15872K)->15268K(15872K) NonClass: 13587K(13888K)->13587K(13888K) Class: 1681K(1984K)->1681K(1984K)
[2026-01-16T08:50:24.320+0000][gc          ] GC(559) Pause Young (Normal) (G1 Evacuation Pause) 317M->272M(1024M) 794.281ms
[2026-01-16T08:50:24.321+0000][gc,cpu      ] GC(559) User=0.32s Sys=0.01s Real=0.79s
[2026-01-16T08:50:27.630+0000][gc,start    ] GC(560) Pause Young (Normal) (G1 Evacuation Pause)
[2026-01-16T08:50:27.808+0000][gc,task     ] GC(560) Using 8 workers of 8 for evacuation
[2026-01-16T08:50:30.512+0000][gc,mmu      ] GC(560) MMU target violated: 201.0ms (200.0ms/201.0ms)
[2026-01-16T08:50:30.577+0000][gc,phases   ] GC(560)   Pre Evacuate Collection Set: 60.9ms
[2026-01-16T08:50:30.578+0000][gc,phases   ] GC(560)   Merge Heap Roots: 17.9ms
[2026-01-16T08:50:30.578+0000][gc,phases   ] GC(560)   Evacuate Collection Set: 2157.5ms
[2026-01-16T08:50:30.579+0000][gc,phases   ] GC(560)   Post Evacuate Collection Set: 442.7ms
[2026-01-16T08:50:30.580+0000][gc,phases   ] GC(560)   Other: 239.2ms
[2026-01-16T08:50:30.582+0000][gc,heap     ] GC(560) Eden regions: 46->0(46)
[2026-01-16T08:50:30.588+0000][gc,heap     ] GC(560) Survivor regions: 5->5(7)
[2026-01-16T08:50:30.590+0000][gc,heap     ] GC(560) Old regions: 119->120
[2026-01-16T08:50:30.592+0000][gc,heap     ] GC(560) Humongous regions: 149->149
[2026-01-16T08:50:30.595+0000][gc,metaspace] GC(560) Metaspace: 15268K(15872K)->15268K(15872K) NonClass: 13587K(13888K)->13587K(13888K) Class: 1681K(1984K)->1681K(1984K)
[2026-01-16T08:50:30.600+0000][gc          ] GC(560) Pause Young (Normal) (G1 Evacuation Pause) 318M->273M(1024M) 2969.956ms
[2026-01-16T08:50:30.605+0000][gc,cpu      ] GC(560) User=1.14s Sys=0.10s Real=2.98s
[2026-01-16T08:50:34.877+0000][gc,start    ] GC(561) Pause Young (Normal) (G1 Evacuation Pause)
[2026-01-16T08:50:34.893+0000][gc,task     ] GC(561) Using 8 workers of 8 for evacuation
[2026-01-16T08:50:35.515+0000][gc,mmu      ] GC(561) MMU target violated: 201.0ms (200.0ms/201.0ms)
[2026-01-16T08:50:35.515+0000][gc,phases   ] GC(561)   Pre Evacuate Collection Set: 106.2ms
[2026-01-16T08:50:35.517+0000][gc,phases   ] GC(561)   Merge Heap Roots: 1.1ms
[2026-01-16T08:50:35.517+0000][gc,phases   ] GC(561)   Evacuate Collection Set: 488.6ms
[2026-01-16T08:50:35.518+0000][gc,phases   ] GC(561)   Post Evacuate Collection Set: 22.2ms
[2026-01-16T08:50:35.518+0000][gc,phases   ] GC(561)   Other: 17.5ms
[2026-01-16T08:50:35.518+0000][gc,heap     ] GC(561) Eden regions: 46->0(47)
[2026-01-16T08:50:35.532+0000][gc,heap     ] GC(561) Survivor regions: 5->4(7)
[2026-01-16T08:50:35.532+0000][gc,heap     ] GC(561) Old regions: 120->121
[2026-01-16T08:50:35.533+0000][gc,heap     ] GC(561) Humongous regions: 149->149
[2026-01-16T08:50:35.533+0000][gc,metaspace] GC(561) Metaspace: 15268K(15872K)->15268K(15872K) NonClass: 13587K(13888K)->13587K(13888K) Class: 1681K(1984K)->1681K(1984K)
[2026-01-16T08:50:35.541+0000][gc          ] GC(561) Pause Young (Normal) (G1 Evacuation Pause) 319M->273M(1024M) 664.382ms
[2026-01-16T08:50:35.543+0000][gc,cpu      ] GC(561) User=0.40s Sys=0.05s Real=0.67s
[2026-01-16T08:50:37.952+0000][gc,start    ] GC(562) Pause Young (Normal) (G1 Evacuation Pause)
[2026-01-16T08:50:37.964+0000][gc,task     ] GC(562) Using 8 workers of 8 for evacuation
[2026-01-16T08:50:38.911+0000][gc,mmu      ] GC(562) MMU target violated: 201.0ms (200.0ms/201.0ms)
[2026-01-16T08:50:38.920+0000][gc,phases   ] GC(562)   Pre Evacuate Collection Set: 64.8ms
[2026-01-16T08:50:38.929+0000][gc,phases   ] GC(562)   Merge Heap Roots: 22.3ms
[2026-01-16T08:50:38.931+0000][gc,phases   ] GC(562)   Evacuate Collection Set: 800.9ms
[2026-01-16T08:50:38.933+0000][gc,phases   ] GC(562)   Post Evacuate Collection Set: 57.5ms
[2026-01-16T08:50:38.934+0000][gc,phases   ] GC(562)   Other: 19.3ms
[2026-01-16T08:50:38.934+0000][gc,heap     ] GC(562) Eden regions: 47->0(46)
[2026-01-16T08:50:38.935+0000][gc,heap     ] GC(562) Survivor regions: 4->5(7)
[2026-01-16T08:50:38.935+0000][gc,heap     ] GC(562) Old regions: 121->121
[2026-01-16T08:50:38.935+0000][gc,heap     ] GC(562) Humongous regions: 149->149
[2026-01-16T08:50:38.936+0000][gc,metaspace] GC(562) Metaspace: 15269K(15872K)->15269K(15872K) NonClass: 13588K(13888K)->13588K(13888K) Class: 1681K(1984K)->1681K(1984K)
[2026-01-16T08:50:38.938+0000][gc          ] GC(562) Pause Young (Normal) (G1 Evacuation Pause) 320M->274M(1024M) 994.864ms
[2026-01-16T08:50:38.939+0000][gc,cpu      ] GC(562) User=0.51s Sys=0.03s Real=0.99s
[2026-01-16T08:50:42.475+0000][gc,start    ] GC(563) Pause Young (Normal) (G1 Evacuation Pause)
[2026-01-16T08:50:42.536+0000][gc,task     ] GC(563) Using 8 workers of 8 for evacuation
[2026-01-16T08:50:43.709+0000][gc,mmu      ] GC(563) MMU target violated: 201.0ms (200.0ms/201.0ms)
[2026-01-16T08:50:43.721+0000][gc,phases   ] GC(563)   Pre Evacuate Collection Set: 58.2ms
[2026-01-16T08:50:43.721+0000][gc,phases   ] GC(563)   Merge Heap Roots: 21.4ms
[2026-01-16T08:50:43.722+0000][gc,phases   ] GC(563)   Evacuate Collection Set: 1006.2ms
[2026-01-16T08:50:43.722+0000][gc,phases   ] GC(563)   Post Evacuate Collection Set: 83.9ms
[2026-01-16T08:50:43.755+0000][gc,phases   ] GC(563)   Other: 59.9ms
[2026-01-16T08:50:43.772+0000][gc,heap     ] GC(563) Eden regions: 46->0(47)
[2026-01-16T08:50:43.796+0000][gc,heap     ] GC(563) Survivor regions: 5->4(7)
[2026-01-16T08:50:43.797+0000][gc,heap     ] GC(563) Old regions: 121->123
[2026-01-16T08:50:43.797+0000][gc,heap     ] GC(563) Humongous regions: 149->149
[2026-01-16T08:50:43.797+0000][gc,metaspace] GC(563) Metaspace: 15269K(15872K)->15269K(15872K) NonClass: 13588K(13888K)->13588K(13888K) Class: 1681K(1984K)->1681K(1984K)
[2026-01-16T08:50:43.798+0000][gc          ] GC(563) Pause Young (Normal) (G1 Evacuation Pause) 320M->275M(1024M) 1322.580ms
[2026-01-16T08:50:43.800+0000][gc,cpu      ] GC(563) User=0.69s Sys=0.07s Real=1.32s
[2026-01-16T08:50:46.233+0000][gc,start    ] GC(564) Pause Young (Normal) (G1 Evacuation Pause)
[2026-01-16T08:50:46.244+0000][gc,task     ] GC(564) Using 8 workers of 8 for evacuation
[2026-01-16T08:50:46.572+0000][gc,mmu      ] GC(564) MMU target violated: 201.0ms (200.0ms/201.0ms)
[2026-01-16T08:50:46.573+0000][gc,phases   ] GC(564)   Pre Evacuate Collection Set: 43.6ms
[2026-01-16T08:50:46.576+0000][gc,phases   ] GC(564)   Merge Heap Roots: 7.1ms
[2026-01-16T08:50:46.582+0000][gc,phases   ] GC(564)   Evacuate Collection Set: 231.5ms
[2026-01-16T08:50:46.583+0000][gc,phases   ] GC(564)   Post Evacuate Collection Set: 38.0ms
[2026-01-16T08:50:46.587+0000][gc,phases   ] GC(564)   Other: 9.2ms
[2026-01-16T08:50:46.588+0000][gc,heap     ] GC(564) Eden regions: 47->0(46)
[2026-01-16T08:50:46.589+0000][gc,heap     ] GC(564) Survivor regions: 4->5(7)
[2026-01-16T08:50:46.590+0000][gc,heap     ] GC(564) Old regions: 123->123
[2026-01-16T08:50:46.590+0000][gc,heap     ] GC(564) Humongous regions: 149->149
[2026-01-16T08:50:46.591+0000][gc,metaspace] GC(564) Metaspace: 15273K(15872K)->15273K(15872K) NonClass: 13591K(13888K)->13591K(13888K) Class: 1681K(1984K)->1681K(1984K)
[2026-01-16T08:50:46.593+0000][gc          ] GC(564) Pause Young (Normal) (G1 Evacuation Pause) 322M->275M(1024M) 359.676ms
[2026-01-16T08:50:46.594+0000][gc,cpu      ] GC(564) User=0.17s Sys=0.01s Real=0.37s
[2026-01-16T08:50:48.068+0000][gc,start    ] GC(565) Pause Young (Normal) (G1 Evacuation Pause)
[2026-01-16T08:50:48.079+0000][gc,task     ] GC(565) Using 8 workers of 8 for evacuation
[2026-01-16T08:50:48.695+0000][gc,mmu      ] GC(565) MMU target violated: 201.0ms (200.0ms/201.0ms)
[2026-01-16T08:50:48.699+0000][gc,phases   ] GC(565)   Pre Evacuate Collection Set: 23.3ms
[2026-01-16T08:50:48.701+0000][gc,phases   ] GC(565)   Merge Heap Roots: 0.6ms
[2026-01-16T08:50:48.701+0000][gc,phases   ] GC(565)   Evacuate Collection Set: 546.5ms
[2026-01-16T08:50:48.702+0000][gc,phases   ] GC(565)   Post Evacuate Collection Set: 39.7ms
[2026-01-16T08:50:48.703+0000][gc,phases   ] GC(565)   Other: 10.2ms
[2026-01-16T08:50:48.704+0000][gc,heap     ] GC(565) Eden regions: 46->0(47)
[2026-01-16T08:50:48.705+0000][gc,heap     ] GC(565) Survivor regions: 5->4(7)
[2026-01-16T08:50:48.710+0000][gc,heap     ] GC(565) Old regions: 123->124
[2026-01-16T08:50:48.712+0000][gc,heap     ] GC(565) Humongous regions: 149->149
[2026-01-16T08:50:48.713+0000][gc,metaspace] GC(565) Metaspace: 15273K(15872K)->15273K(15872K) NonClass: 13591K(13888K)->13591K(13888K) Class: 1681K(1984K)->1681K(1984K)
[2026-01-16T08:50:48.714+0000][gc          ] GC(565) Pause Young (Normal) (G1 Evacuation Pause) 321M->276M(1024M) 646.042ms
[2026-01-16T08:50:48.715+0000][gc,cpu      ] GC(565) User=0.29s Sys=0.02s Real=0.65s
[2026-01-16T08:50:49.888+0000][gc,start    ] GC(566) Pause Young (Normal) (G1 Evacuation Pause)
[2026-01-16T08:50:49.895+0000][gc,task     ] GC(566) Using 8 workers of 8 for evacuation
[2026-01-16T08:50:50.211+0000][gc,mmu      ] GC(566) MMU target violated: 201.0ms (200.0ms/201.0ms)
[2026-01-16T08:50:50.212+0000][gc,phases   ] GC(566)   Pre Evacuate Collection Set: 42.6ms
[2026-01-16T08:50:50.212+0000][gc,phases   ] GC(566)   Merge Heap Roots: 0.6ms
[2026-01-16T08:50:50.212+0000][gc,phases   ] GC(566)   Evacuate Collection Set: 253.5ms
[2026-01-16T08:50:50.212+0000][gc,phases   ] GC(566)   Post Evacuate Collection Set: 13.0ms
[2026-01-16T08:50:50.212+0000][gc,phases   ] GC(566)   Other: 8.1ms
[2026-01-16T08:50:50.213+0000][gc,heap     ] GC(566) Eden regions: 47->0(47)
[2026-01-16T08:50:50.213+0000][gc,heap     ] GC(566) Survivor regions: 4->4(7)
[2026-01-16T08:50:50.214+0000][gc,heap     ] GC(566) Old regions: 124->125
[2026-01-16T08:50:50.214+0000][gc,heap     ] GC(566) Humongous regions: 149->149
[2026-01-16T08:50:50.214+0000][gc,metaspace] GC(566) Metaspace: 15273K(15872K)->15273K(15872K) NonClass: 13591K(13888K)->13591K(13888K) Class: 1681K(1984K)->1681K(1984K)
[2026-01-16T08:50:50.215+0000][gc          ] GC(566) Pause Young (Normal) (G1 Evacuation Pause) 323M->277M(1024M) 327.460ms
[2026-01-16T08:50:50.217+0000][gc,cpu      ] GC(566) User=0.16s Sys=0.00s Real=0.33s
[2026-01-16T08:50:51.766+0000][gc,start    ] GC(567) Pause Young (Normal) (G1 Evacuation Pause)
[2026-01-16T08:50:51.770+0000][gc,task     ] GC(567) Using 8 workers of 8 for evacuation
[2026-01-16T08:50:51.998+0000][gc,mmu      ] GC(567) MMU target violated: 201.0ms (200.0ms/201.0ms)
[2026-01-16T08:50:51.999+0000][gc,phases   ] GC(567)   Pre Evacuate Collection Set: 15.1ms
[2026-01-16T08:50:51.999+0000][gc,phases   ] GC(567)   Merge Heap Roots: 0.8ms
[2026-01-16T08:50:52.000+0000][gc,phases   ] GC(567)   Evacuate Collection Set: 189.7ms
[2026-01-16T08:50:52.000+0000][gc,phases   ] GC(567)   Post Evacuate Collection Set: 21.8ms
[2026-01-16T08:50:52.000+0000][gc,phases   ] GC(567)   Other: 2.1ms
[2026-01-16T08:50:52.000+0000][gc,heap     ] GC(567) Eden regions: 47->0(47)
[2026-01-16T08:50:52.001+0000][gc,heap     ] GC(567) Survivor regions: 4->4(7)
[2026-01-16T08:50:52.001+0000][gc,heap     ] GC(567) Old regions: 125->126
[2026-01-16T08:50:52.001+0000][gc,heap     ] GC(567) Humongous regions: 149->149
[2026-01-16T08:50:52.001+0000][gc,metaspace] GC(567) Metaspace: 15273K(15872K)->15273K(15872K) NonClass: 13591K(13888K)->13591K(13888K) Class: 1681K(1984K)->1681K(1984K)
[2026-01-16T08:50:52.002+0000][gc          ] GC(567) Pause Young (Normal) (G1 Evacuation Pause) 324M->278M(1024M) 235.434ms
[2026-01-16T08:50:52.002+0000][gc,cpu      ] GC(567) User=0.20s Sys=0.02s Real=0.23s
[2026-01-16T08:50:53.492+0000][gc,start    ] GC(568) Pause Young (Normal) (G1 Evacuation Pause)
[2026-01-16T08:50:53.502+0000][gc,task     ] GC(568) Using 8 workers of 8 for evacuation
[2026-01-16T08:50:54.062+0000][gc,mmu      ] GC(568) MMU target violated: 201.0ms (200.0ms/201.0ms)
[2026-01-16T08:50:54.065+0000][gc,phases   ] GC(568)   Pre Evacuate Collection Set: 30.9ms
[2026-01-16T08:50:54.070+0000][gc,phases   ] GC(568)   Merge Heap Roots: 8.3ms
[2026-01-16T08:50:54.078+0000][gc,phases   ] GC(568)   Evacuate Collection Set: 505.0ms
[2026-01-16T08:50:54.079+0000][gc,phases   ] GC(568)   Post Evacuate Collection Set: 15.9ms
[2026-01-16T08:50:54.081+0000][gc,phases   ] GC(568)   Other: 3.4ms
[2026-01-16T08:50:54.081+0000][gc,heap     ] GC(568) Eden regions: 47->0(46)
[2026-01-16T08:50:54.084+0000][gc,heap     ] GC(568) Survivor regions: 4->5(7)
[2026-01-16T08:50:54.087+0000][gc,heap     ] GC(568) Old regions: 126->126
[2026-01-16T08:50:54.089+0000][gc,heap     ] GC(568) Humongous regions: 149->149
[2026-01-16T08:50:54.091+0000][gc,metaspace] GC(568) Metaspace: 15278K(15872K)->15278K(15872K) NonClass: 13597K(13888K)->13597K(13888K) Class: 1681K(1984K)->1681K(1984K)
[2026-01-16T08:50:54.093+0000][gc          ] GC(568) Pause Young (Normal) (G1 Evacuation Pause) 325M->278M(1024M) 600.834ms
[2026-01-16T08:50:54.094+0000][gc,cpu      ] GC(568) User=0.27s Sys=0.03s Real=0.63s
[2026-01-16T08:50:56.204+0000][gc,start    ] GC(569) Pause Young (Normal) (GCLocker Initiated GC)
[2026-01-16T08:50:56.212+0000][gc,task     ] GC(569) Using 8 workers of 8 for evacuation
[2026-01-16T08:50:56.830+0000][gc,mmu      ] GC(569) MMU target violated: 201.0ms (200.0ms/201.0ms)
[2026-01-16T08:50:56.834+0000][gc,phases   ] GC(569)   Pre Evacuate Collection Set: 25.4ms
[2026-01-16T08:50:56.835+0000][gc,phases   ] GC(569)   Merge Heap Roots: 38.3ms
[2026-01-16T08:50:56.836+0000][gc,phases   ] GC(569)   Evacuate Collection Set: 505.0ms
[2026-01-16T08:50:56.837+0000][gc,phases   ] GC(569)   Post Evacuate Collection Set: 36.0ms
[2026-01-16T08:50:56.839+0000][gc,phases   ] GC(569)   Other: 18.4ms
[2026-01-16T08:50:56.840+0000][gc,heap     ] GC(569) Eden regions: 46->0(46)
[2026-01-16T08:50:56.842+0000][gc,heap     ] GC(569) Survivor regions: 5->5(7)
[2026-01-16T08:50:56.843+0000][gc,heap     ] GC(569) Old regions: 126->127
[2026-01-16T08:50:56.845+0000][gc,heap     ] GC(569) Humongous regions: 149->149
[2026-01-16T08:50:56.850+0000][gc,metaspace] GC(569) Metaspace: 15279K(15872K)->15279K(15872K) NonClass: 13598K(13888K)->13598K(13888K) Class: 1681K(1984K)->1681K(1984K)
[2026-01-16T08:50:56.852+0000][gc          ] GC(569) Pause Young (Normal) (GCLocker Initiated GC) 324M->279M(1024M) 648.250ms
[2026-01-16T08:50:56.853+0000][gc,cpu      ] GC(569) User=0.28s Sys=0.03s Real=0.65s
[2026-01-16T08:50:58.998+0000][gc,start    ] GC(570) Pause Young (Normal) (G1 Evacuation Pause)
[2026-01-16T08:50:59.031+0000][gc,task     ] GC(570) Using 8 workers of 8 for evacuation
[2026-01-16T08:50:59.562+0000][gc,mmu      ] GC(570) MMU target violated: 201.0ms (200.0ms/201.0ms)
[2026-01-16T08:50:59.563+0000][gc,phases   ] GC(570)   Pre Evacuate Collection Set: 37.7ms
[2026-01-16T08:50:59.564+0000][gc,phases   ] GC(570)   Merge Heap Roots: 1.3ms
[2026-01-16T08:50:59.567+0000][gc,phases   ] GC(570)   Evacuate Collection Set: 473.9ms
[2026-01-16T08:50:59.568+0000][gc,phases   ] GC(570)   Post Evacuate Collection Set: 15.7ms
[2026-01-16T08:50:59.569+0000][gc,phases   ] GC(570)   Other: 11.6ms
[2026-01-16T08:50:59.569+0000][gc,heap     ] GC(570) Eden regions: 46->0(47)
[2026-01-16T08:50:59.570+0000][gc,heap     ] GC(570) Survivor regions: 5->4(7)
[2026-01-16T08:50:59.570+0000][gc,heap     ] GC(570) Old regions: 127->127
[2026-01-16T08:50:59.572+0000][gc,heap     ] GC(570) Humongous regions: 149->149
[2026-01-16T08:50:59.572+0000][gc,metaspace] GC(570) Metaspace: 15282K(15872K)->15282K(15872K) NonClass: 13601K(13888K)->13601K(13888K) Class: 1681K(1984K)->1681K(1984K)
[2026-01-16T08:50:59.574+0000][gc          ] GC(570) Pause Young (Normal) (G1 Evacuation Pause) 325M->279M(1024M) 576.434ms
[2026-01-16T08:50:59.577+0000][gc,cpu      ] GC(570) User=0.30s Sys=0.02s Real=0.58s
[2026-01-16T08:51:02.527+0000][gc,start    ] GC(571) Pause Young (Normal) (G1 Evacuation Pause)
[2026-01-16T08:51:02.541+0000][gc,task     ] GC(571) Using 8 workers of 8 for evacuation
[2026-01-16T08:51:03.088+0000][gc,mmu      ] GC(571) MMU target violated: 201.0ms (200.0ms/201.0ms)
[2026-01-16T08:51:03.095+0000][gc,phases   ] GC(571)   Pre Evacuate Collection Set: 16.7ms
[2026-01-16T08:51:03.097+0000][gc,phases   ] GC(571)   Merge Heap Roots: 9.9ms
[2026-01-16T08:51:03.097+0000][gc,phases   ] GC(571)   Evacuate Collection Set: 484.2ms
[2026-01-16T08:51:03.098+0000][gc,phases   ] GC(571)   Post Evacuate Collection Set: 35.0ms
[2026-01-16T08:51:03.098+0000][gc,phases   ] GC(571)   Other: 16.7ms
[2026-01-16T08:51:03.099+0000][gc,heap     ] GC(571) Eden regions: 47->0(47)
[2026-01-16T08:51:03.100+0000][gc,heap     ] GC(571) Survivor regions: 4->4(7)
[2026-01-16T08:51:03.100+0000][gc,heap     ] GC(571) Old regions: 127->128
[2026-01-16T08:51:03.101+0000][gc,heap     ] GC(571) Humongous regions: 149->149
[2026-01-16T08:51:03.101+0000][gc,metaspace] GC(571) Metaspace: 15286K(15872K)->15286K(15872K) NonClass: 13605K(13888K)->13605K(13888K) Class: 1681K(1984K)->1681K(1984K)
[2026-01-16T08:51:03.102+0000][gc          ] GC(571) Pause Young (Normal) (G1 Evacuation Pause) 326M->280M(1024M) 574.505ms
[2026-01-16T08:51:03.104+0000][gc,cpu      ] GC(571) User=0.27s Sys=0.02s Real=0.59s
[2026-01-16T08:51:04.368+0000][gc,start    ] GC(572) Pause Young (Normal) (G1 Evacuation Pause)
[2026-01-16T08:51:04.371+0000][gc,task     ] GC(572) Using 8 workers of 8 for evacuation
[2026-01-16T08:51:05.089+0000][gc,mmu      ] GC(572) MMU target violated: 201.0ms (200.0ms/201.0ms)
[2026-01-16T08:51:05.089+0000][gc,phases   ] GC(572)   Pre Evacuate Collection Set: 103.6ms
[2026-01-16T08:51:05.090+0000][gc,phases   ] GC(572)   Merge Heap Roots: 0.9ms
[2026-01-16T08:51:05.091+0000][gc,phases   ] GC(572)   Evacuate Collection Set: 570.0ms
[2026-01-16T08:51:05.092+0000][gc,phases   ] GC(572)   Post Evacuate Collection Set: 41.1ms
[2026-01-16T08:51:05.096+0000][gc,phases   ] GC(572)   Other: 2.6ms
[2026-01-16T08:51:05.102+0000][gc,heap     ] GC(572) Eden regions: 47->0(47)
[2026-01-16T08:51:05.105+0000][gc,heap     ] GC(572) Survivor regions: 4->4(7)
[2026-01-16T08:51:05.111+0000][gc,heap     ] GC(572) Old regions: 128->129
[2026-01-16T08:51:05.113+0000][gc,heap     ] GC(572) Humongous regions: 149->149
[2026-01-16T08:51:05.116+0000][gc,metaspace] GC(572) Metaspace: 15292K(15872K)->15292K(15872K) NonClass: 13610K(13888K)->13610K(13888K) Class: 1681K(1984K)->1681K(1984K)
[2026-01-16T08:51:05.124+0000][gc          ] GC(572) Pause Young (Normal) (G1 Evacuation Pause) 327M->281M(1024M) 751.556ms
[2026-01-16T08:51:05.129+0000][gc,cpu      ] GC(572) User=0.19s Sys=0.04s Real=0.76s
[2026-01-16T08:51:07.589+0000][gc,start    ] GC(573) Pause Young (Normal) (G1 Evacuation Pause)
[2026-01-16T08:51:07.643+0000][gc,task     ] GC(573) Using 8 workers of 8 for evacuation
[2026-01-16T08:51:08.104+0000][gc,mmu      ] GC(573) MMU target violated: 201.0ms (200.0ms/201.0ms)
[2026-01-16T08:51:08.106+0000][gc,phases   ] GC(573)   Pre Evacuate Collection Set: 12.6ms
[2026-01-16T08:51:08.107+0000][gc,phases   ] GC(573)   Merge Heap Roots: 4.6ms
[2026-01-16T08:51:08.107+0000][gc,phases   ] GC(573)   Evacuate Collection Set: 418.2ms
[2026-01-16T08:51:08.108+0000][gc,phases   ] GC(573)   Post Evacuate Collection Set: 25.0ms
[2026-01-16T08:51:08.108+0000][gc,phases   ] GC(573)   Other: 3.2ms
[2026-01-16T08:51:08.109+0000][gc,heap     ] GC(573) Eden regions: 47->0(46)
[2026-01-16T08:51:08.109+0000][gc,heap     ] GC(573) Survivor regions: 4->5(7)
[2026-01-16T08:51:08.110+0000][gc,heap     ] GC(573) Old regions: 129->129
[2026-01-16T08:51:08.111+0000][gc,heap     ] GC(573) Humongous regions: 149->149
[2026-01-16T08:51:08.111+0000][gc,metaspace] GC(573) Metaspace: 15294K(15872K)->15294K(15872K) NonClass: 13613K(13888K)->13613K(13888K) Class: 1681K(1984K)->1681K(1984K)
[2026-01-16T08:51:08.112+0000][gc          ] GC(573) Pause Young (Normal) (G1 Evacuation Pause) 328M->282M(1024M) 522.698ms
[2026-01-16T08:51:08.117+0000][gc,cpu      ] GC(573) User=0.26s Sys=0.02s Real=0.53s
[2026-01-16T08:51:09.998+0000][gc,start    ] GC(574) Pause Young (Normal) (G1 Evacuation Pause)
[2026-01-16T08:51:10.001+0000][gc,task     ] GC(574) Using 8 workers of 8 for evacuation
[2026-01-16T08:51:11.247+0000][gc,mmu      ] GC(574) MMU target violated: 201.0ms (200.0ms/201.0ms)
[2026-01-16T08:51:11.249+0000][gc,phases   ] GC(574)   Pre Evacuate Collection Set: 105.8ms
[2026-01-16T08:51:11.252+0000][gc,phases   ] GC(574)   Merge Heap Roots: 11.5ms
[2026-01-16T08:51:11.254+0000][gc,phases   ] GC(574)   Evacuate Collection Set: 1033.0ms
[2026-01-16T08:51:11.254+0000][gc,phases   ] GC(574)   Post Evacuate Collection Set: 70.0ms
[2026-01-16T08:51:11.255+0000][gc,phases   ] GC(574)   Other: 28.9ms
[2026-01-16T08:51:11.256+0000][gc,heap     ] GC(574) Eden regions: 46->0(46)
[2026-01-16T08:51:11.261+0000][gc,heap     ] GC(574) Survivor regions: 5->5(7)
[2026-01-16T08:51:11.268+0000][gc,heap     ] GC(574) Old regions: 129->130
[2026-01-16T08:51:11.271+0000][gc,heap     ] GC(574) Humongous regions: 149->149
[2026-01-16T08:51:11.273+0000][gc,metaspace] GC(574) Metaspace: 15298K(15872K)->15298K(15872K) NonClass: 13617K(13888K)->13617K(13888K) Class: 1681K(1984K)->1681K(1984K)
[2026-01-16T08:51:11.276+0000][gc          ] GC(574) Pause Young (Normal) (G1 Evacuation Pause) 328M->282M(1024M) 1278.684ms
[2026-01-16T08:51:11.284+0000][gc,cpu      ] GC(574) User=0.43s Sys=0.04s Real=1.29s
[2026-01-16T08:51:12.562+0000][gc,start    ] GC(575) Pause Young (Normal) (G1 Evacuation Pause)
[2026-01-16T08:51:12.565+0000][gc,task     ] GC(575) Using 8 workers of 8 for evacuation
[2026-01-16T08:51:13.251+0000][gc,mmu      ] GC(575) MMU target violated: 201.0ms (200.0ms/201.0ms)
[2026-01-16T08:51:13.260+0000][gc,phases   ] GC(575)   Pre Evacuate Collection Set: 78.9ms
[2026-01-16T08:51:13.261+0000][gc,phases   ] GC(575)   Merge Heap Roots: 1.9ms
[2026-01-16T08:51:13.262+0000][gc,phases   ] GC(575)   Evacuate Collection Set: 575.1ms
[2026-01-16T08:51:13.263+0000][gc,phases   ] GC(575)   Post Evacuate Collection Set: 21.9ms
[2026-01-16T08:51:13.264+0000][gc,phases   ] GC(575)   Other: 17.3ms
[2026-01-16T08:51:13.265+0000][gc,heap     ] GC(575) Eden regions: 46->0(46)
[2026-01-16T08:51:13.266+0000][gc,heap     ] GC(575) Survivor regions: 5->5(7)
[2026-01-16T08:51:13.266+0000][gc,heap     ] GC(575) Old regions: 130->131
[2026-01-16T08:51:13.267+0000][gc,heap     ] GC(575) Humongous regions: 149->149
[2026-01-16T08:51:13.270+0000][gc,metaspace] GC(575) Metaspace: 15298K(15872K)->15298K(15872K) NonClass: 13617K(13888K)->13617K(13888K) Class: 1681K(1984K)->1681K(1984K)
[2026-01-16T08:51:13.272+0000][gc          ] GC(575) Pause Young (Normal) (G1 Evacuation Pause) 328M->283M(1024M) 709.968ms
[2026-01-16T08:51:13.273+0000][gc,cpu      ] GC(575) User=0.18s Sys=0.02s Real=0.71s
[2026-01-16T08:51:13.711+0000][gc,start    ] GC(576) Pause Young (Normal) (G1 Evacuation Pause)
[2026-01-16T08:51:13.713+0000][gc,task     ] GC(576) Using 8 workers of 8 for evacuation
[2026-01-16T08:51:13.906+0000][gc,phases   ] GC(576)   Pre Evacuate Collection Set: 1.3ms
[2026-01-16T08:51:13.909+0000][gc,phases   ] GC(576)   Merge Heap Roots: 3.4ms
[2026-01-16T08:51:13.913+0000][gc,phases   ] GC(576)   Evacuate Collection Set: 165.0ms
[2026-01-16T08:51:13.913+0000][gc,phases   ] GC(576)   Post Evacuate Collection Set: 8.3ms
[2026-01-16T08:51:13.913+0000][gc,phases   ] GC(576)   Other: 15.4ms
[2026-01-16T08:51:13.913+0000][gc,heap     ] GC(576) Eden regions: 46->0(46)
[2026-01-16T08:51:13.913+0000][gc,heap     ] GC(576) Survivor regions: 5->5(7)
[2026-01-16T08:51:13.913+0000][gc,heap     ] GC(576) Old regions: 131->131
[2026-01-16T08:51:13.913+0000][gc,heap     ] GC(576) Humongous regions: 149->149
[2026-01-16T08:51:13.914+0000][gc,metaspace] GC(576) Metaspace: 15298K(15872K)->15298K(15872K) NonClass: 13617K(13888K)->13617K(13888K) Class: 1681K(1984K)->1681K(1984K)
[2026-01-16T08:51:13.915+0000][gc          ] GC(576) Pause Young (Normal) (G1 Evacuation Pause) 329M->284M(1024M) 203.849ms
[2026-01-16T08:51:13.917+0000][gc,cpu      ] GC(576) User=0.11s Sys=0.00s Real=0.21s
[2026-01-16T08:51:14.422+0000][gc,start    ] GC(577) Pause Young (Normal) (G1 Evacuation Pause)
[2026-01-16T08:51:14.422+0000][gc,task     ] GC(577) Using 8 workers of 8 for evacuation
[2026-01-16T08:51:14.494+0000][gc,phases   ] GC(577)   Pre Evacuate Collection Set: 1.1ms
[2026-01-16T08:51:14.497+0000][gc,phases   ] GC(577)   Merge Heap Roots: 0.4ms
[2026-01-16T08:51:14.500+0000][gc,phases   ] GC(577)   Evacuate Collection Set: 67.3ms
[2026-01-16T08:51:14.502+0000][gc,phases   ] GC(577)   Post Evacuate Collection Set: 1.9ms
[2026-01-16T08:51:14.502+0000][gc,phases   ] GC(577)   Other: 0.7ms
[2026-01-16T08:51:14.502+0000][gc,heap     ] GC(577) Eden regions: 46->0(46)
[2026-01-16T08:51:14.502+0000][gc,heap     ] GC(577) Survivor regions: 5->5(7)
[2026-01-16T08:51:14.503+0000][gc,heap     ] GC(577) Old regions: 131->132
[2026-01-16T08:51:14.503+0000][gc,heap     ] GC(577) Humongous regions: 149->149
[2026-01-16T08:51:14.503+0000][gc,metaspace] GC(577) Metaspace: 15298K(15872K)->15298K(15872K) NonClass: 13617K(13888K)->13617K(13888K) Class: 1681K(1984K)->1681K(1984K)
[2026-01-16T08:51:14.504+0000][gc          ] GC(577) Pause Young (Normal) (G1 Evacuation Pause) 330M->284M(1024M) 81.665ms
[2026-01-16T08:51:14.504+0000][gc,cpu      ] GC(577) User=0.07s Sys=0.00s Real=0.09s
[2026-01-16T08:51:15.550+0000][gc,start    ] GC(578) Pause Young (Normal) (G1 Evacuation Pause)
[2026-01-16T08:51:15.559+0000][gc,task     ] GC(578) Using 8 workers of 8 for evacuation
[2026-01-16T08:51:15.747+0000][gc,phases   ] GC(578)   Pre Evacuate Collection Set: 6.9ms
[2026-01-16T08:51:15.749+0000][gc,phases   ] GC(578)   Merge Heap Roots: 6.1ms
[2026-01-16T08:51:15.749+0000][gc,phases   ] GC(578)   Evacuate Collection Set: 167.9ms
[2026-01-16T08:51:15.750+0000][gc,phases   ] GC(578)   Post Evacuate Collection Set: 6.1ms
[2026-01-16T08:51:15.750+0000][gc,phases   ] GC(578)   Other: 1.7ms
[2026-01-16T08:51:15.751+0000][gc,heap     ] GC(578) Eden regions: 46->0(46)
[2026-01-16T08:51:15.751+0000][gc,heap     ] GC(578) Survivor regions: 5->5(7)
[2026-01-16T08:51:15.751+0000][gc,heap     ] GC(578) Old regions: 132->133
[2026-01-16T08:51:15.752+0000][gc,heap     ] GC(578) Humongous regions: 149->149
[2026-01-16T08:51:15.752+0000][gc,metaspace] GC(578) Metaspace: 15298K(15872K)->15298K(15872K) NonClass: 13617K(13888K)->13617K(13888K) Class: 1681K(1984K)->1681K(1984K)
[2026-01-16T08:51:15.753+0000][gc          ] GC(578) Pause Young (Normal) (G1 Evacuation Pause) 330M->285M(1024M) 202.855ms
[2026-01-16T08:51:15.753+0000][gc,cpu      ] GC(578) User=0.11s Sys=0.01s Real=0.20s
[2026-01-16T08:51:16.473+0000][gc,start    ] GC(579) Pause Young (Normal) (G1 Evacuation Pause)
[2026-01-16T08:51:16.478+0000][gc,task     ] GC(579) Using 8 workers of 8 for evacuation
[2026-01-16T08:51:16.771+0000][gc,mmu      ] GC(579) MMU target violated: 201.0ms (200.0ms/201.0ms)
[2026-01-16T08:51:16.776+0000][gc,phases   ] GC(579)   Pre Evacuate Collection Set: 5.6ms
[2026-01-16T08:51:16.776+0000][gc,phases   ] GC(579)   Merge Heap Roots: 0.3ms
[2026-01-16T08:51:16.776+0000][gc,phases   ] GC(579)   Evacuate Collection Set: 264.4ms
[2026-01-16T08:51:16.776+0000][gc,phases   ] GC(579)   Post Evacuate Collection Set: 21.8ms
[2026-01-16T08:51:16.776+0000][gc,phases   ] GC(579)   Other: 5.2ms
[2026-01-16T08:51:16.776+0000][gc,heap     ] GC(579) Eden regions: 46->0(46)
[2026-01-16T08:51:16.776+0000][gc,heap     ] GC(579) Survivor regions: 5->5(7)
[2026-01-16T08:51:16.777+0000][gc,heap     ] GC(579) Old regions: 133->134
[2026-01-16T08:51:16.777+0000][gc,heap     ] GC(579) Humongous regions: 149->149
[2026-01-16T08:51:16.778+0000][gc,metaspace] GC(579) Metaspace: 15300K(15872K)->15300K(15872K) NonClass: 13619K(13888K)->13619K(13888K) Class: 1681K(1984K)->1681K(1984K)
[2026-01-16T08:51:16.780+0000][gc          ] GC(579) Pause Young (Normal) (G1 Evacuation Pause) 331M->286M(1024M) 307.221ms
[2026-01-16T08:51:16.781+0000][gc,cpu      ] GC(579) User=0.09s Sys=0.01s Real=0.31s
[2026-01-16T08:51:17.714+0000][gc,start    ] GC(580) Pause Young (Normal) (G1 Evacuation Pause)
[2026-01-16T08:51:17.718+0000][gc,task     ] GC(580) Using 8 workers of 8 for evacuation
[2026-01-16T08:51:17.967+0000][gc,mmu      ] GC(580) MMU target violated: 201.0ms (200.0ms/201.0ms)
[2026-01-16T08:51:17.998+0000][gc,phases   ] GC(580)   Pre Evacuate Collection Set: 11.9ms
[2026-01-16T08:51:17.999+0000][gc,phases   ] GC(580)   Merge Heap Roots: 5.8ms
[2026-01-16T08:51:17.999+0000][gc,phases   ] GC(580)   Evacuate Collection Set: 219.7ms
[2026-01-16T08:51:17.999+0000][gc,phases   ] GC(580)   Post Evacuate Collection Set: 8.0ms
[2026-01-16T08:51:18.000+0000][gc,phases   ] GC(580)   Other: 35.7ms
[2026-01-16T08:51:18.000+0000][gc,heap     ] GC(580) Eden regions: 46->0(46)
[2026-01-16T08:51:18.000+0000][gc,heap     ] GC(580) Survivor regions: 5->5(7)
[2026-01-16T08:51:18.000+0000][gc,heap     ] GC(580) Old regions: 134->134
[2026-01-16T08:51:18.001+0000][gc,heap     ] GC(580) Humongous regions: 149->149
[2026-01-16T08:51:18.002+0000][gc,metaspace] GC(580) Metaspace: 15300K(15872K)->15300K(15872K) NonClass: 13619K(13888K)->13619K(13888K) Class: 1681K(1984K)->1681K(1984K)
[2026-01-16T08:51:18.002+0000][gc          ] GC(580) Pause Young (Normal) (G1 Evacuation Pause) 332M->287M(1024M) 288.007ms
[2026-01-16T08:51:18.002+0000][gc,cpu      ] GC(580) User=0.16s Sys=0.01s Real=0.28s
[2026-01-16T08:51:19.008+0000][gc,start    ] GC(581) Pause Young (Normal) (G1 Evacuation Pause)
[2026-01-16T08:51:19.011+0000][gc,task     ] GC(581) Using 8 workers of 8 for evacuation
[2026-01-16T08:51:19.277+0000][gc,mmu      ] GC(581) MMU target violated: 201.0ms (200.0ms/201.0ms)
[2026-01-16T08:51:19.279+0000][gc,phases   ] GC(581)   Pre Evacuate Collection Set: 8.9ms
[2026-01-16T08:51:19.280+0000][gc,phases   ] GC(581)   Merge Heap Roots: 0.9ms
[2026-01-16T08:51:19.280+0000][gc,phases   ] GC(581)   Evacuate Collection Set: 251.0ms
[2026-01-16T08:51:19.280+0000][gc,phases   ] GC(581)   Post Evacuate Collection Set: 1.5ms
[2026-01-16T08:51:19.281+0000][gc,phases   ] GC(581)   Other: 5.7ms
[2026-01-16T08:51:19.281+0000][gc,heap     ] GC(581) Eden regions: 46->0(46)
[2026-01-16T08:51:19.282+0000][gc,heap     ] GC(581) Survivor regions: 5->5(7)
[2026-01-16T08:51:19.283+0000][gc,heap     ] GC(581) Old regions: 134->135
[2026-01-16T08:51:19.284+0000][gc,heap     ] GC(581) Humongous regions: 149->149
[2026-01-16T08:51:19.285+0000][gc,metaspace] GC(581) Metaspace: 15300K(15872K)->15300K(15872K) NonClass: 13619K(13888K)->13619K(13888K) Class: 1681K(1984K)->1681K(1984K)
[2026-01-16T08:51:19.286+0000][gc          ] GC(581) Pause Young (Normal) (G1 Evacuation Pause) 333M->287M(1024M) 277.580ms
[2026-01-16T08:51:19.286+0000][gc,cpu      ] GC(581) User=0.14s Sys=0.01s Real=0.28s
[2026-01-16T08:51:20.122+0000][gc,start    ] GC(582) Pause Young (Normal) (G1 Evacuation Pause)
[2026-01-16T08:51:20.126+0000][gc,task     ] GC(582) Using 8 workers of 8 for evacuation
[2026-01-16T08:51:20.352+0000][gc,mmu      ] GC(582) MMU target violated: 201.0ms (200.0ms/201.0ms)
[2026-01-16T08:51:20.356+0000][gc,phases   ] GC(582)   Pre Evacuate Collection Set: 0.7ms
[2026-01-16T08:51:20.356+0000][gc,phases   ] GC(582)   Merge Heap Roots: 0.4ms
[2026-01-16T08:51:20.357+0000][gc,phases   ] GC(582)   Evacuate Collection Set: 214.6ms
[2026-01-16T08:51:20.357+0000][gc,phases   ] GC(582)   Post Evacuate Collection Set: 8.0ms
[2026-01-16T08:51:20.358+0000][gc,phases   ] GC(582)   Other: 5.6ms
[2026-01-16T08:51:20.358+0000][gc,heap     ] GC(582) Eden regions: 46->0(46)
[2026-01-16T08:51:20.359+0000][gc,heap     ] GC(582) Survivor regions: 5->5(7)
[2026-01-16T08:51:20.359+0000][gc,heap     ] GC(582) Old regions: 135->136
[2026-01-16T08:51:20.359+0000][gc,heap     ] GC(582) Humongous regions: 149->149
[2026-01-16T08:51:20.360+0000][gc,metaspace] GC(582) Metaspace: 15300K(15872K)->15300K(15872K) NonClass: 13619K(13888K)->13619K(13888K) Class: 1681K(1984K)->1681K(1984K)
[2026-01-16T08:51:20.360+0000][gc          ] GC(582) Pause Young (Normal) (G1 Evacuation Pause) 333M->288M(1024M) 237.765ms
[2026-01-16T08:51:20.361+0000][gc,cpu      ] GC(582) User=0.11s Sys=0.02s Real=0.24s
[2026-01-16T08:51:21.438+0000][gc,start    ] GC(583) Pause Young (Normal) (G1 Evacuation Pause)
[2026-01-16T08:51:21.444+0000][gc,task     ] GC(583) Using 8 workers of 8 for evacuation
[2026-01-16T08:51:22.529+0000][gc,mmu      ] GC(583) MMU target violated: 201.0ms (200.0ms/201.0ms)
[2026-01-16T08:51:22.547+0000][gc,phases   ] GC(583)   Pre Evacuate Collection Set: 50.2ms
[2026-01-16T08:51:22.547+0000][gc,phases   ] GC(583)   Merge Heap Roots: 8.4ms
[2026-01-16T08:51:22.547+0000][gc,phases   ] GC(583)   Evacuate Collection Set: 982.9ms
[2026-01-16T08:51:22.547+0000][gc,phases   ] GC(583)   Post Evacuate Collection Set: 36.3ms
[2026-01-16T08:51:22.547+0000][gc,phases   ] GC(583)   Other: 24.7ms
[2026-01-16T08:51:22.547+0000][gc,heap     ] GC(583) Eden regions: 46->0(47)
[2026-01-16T08:51:22.547+0000][gc,heap     ] GC(583) Survivor regions: 5->4(7)
[2026-01-16T08:51:22.548+0000][gc,heap     ] GC(583) Old regions: 136->137
[2026-01-16T08:51:22.548+0000][gc,heap     ] GC(583) Humongous regions: 149->149
[2026-01-16T08:51:22.548+0000][gc,metaspace] GC(583) Metaspace: 15300K(15872K)->15300K(15872K) NonClass: 13619K(13888K)->13619K(13888K) Class: 1681K(1984K)->1681K(1984K)
[2026-01-16T08:51:22.548+0000][gc          ] GC(583) Pause Young (Normal) (G1 Evacuation Pause) 334M->289M(1024M) 1110.032ms
[2026-01-16T08:51:22.548+0000][gc,cpu      ] GC(583) User=0.30s Sys=0.02s Real=1.11s
[2026-01-16T08:51:24.106+0000][gc,start    ] GC(584) Pause Young (Normal) (G1 Evacuation Pause)
[2026-01-16T08:51:24.114+0000][gc,task     ] GC(584) Using 8 workers of 8 for evacuation
[2026-01-16T08:51:24.392+0000][gc,mmu      ] GC(584) MMU target violated: 201.0ms (200.0ms/201.0ms)
[2026-01-16T08:51:24.392+0000][gc,phases   ] GC(584)   Pre Evacuate Collection Set: 50.2ms
[2026-01-16T08:51:24.393+0000][gc,phases   ] GC(584)   Merge Heap Roots: 0.4ms
[2026-01-16T08:51:24.393+0000][gc,phases   ] GC(584)   Evacuate Collection Set: 223.0ms
[2026-01-16T08:51:24.393+0000][gc,phases   ] GC(584)   Post Evacuate Collection Set: 2.7ms
[2026-01-16T08:51:24.394+0000][gc,phases   ] GC(584)   Other: 2.5ms
[2026-01-16T08:51:24.394+0000][gc,heap     ] GC(584) Eden regions: 47->0(46)
[2026-01-16T08:51:24.395+0000][gc,heap     ] GC(584) Survivor regions: 4->5(7)
[2026-01-16T08:51:24.395+0000][gc,heap     ] GC(584) Old regions: 137->137
[2026-01-16T08:51:24.395+0000][gc,heap     ] GC(584) Humongous regions: 149->149
[2026-01-16T08:51:24.395+0000][gc,metaspace] GC(584) Metaspace: 15300K(15872K)->15300K(15872K) NonClass: 13619K(13888K)->13619K(13888K) Class: 1681K(1984K)->1681K(1984K)
[2026-01-16T08:51:24.396+0000][gc          ] GC(584) Pause Young (Normal) (G1 Evacuation Pause) 336M->290M(1024M) 289.542ms
[2026-01-16T08:51:24.396+0000][gc,cpu      ] GC(584) User=0.14s Sys=0.00s Real=0.29s
[2026-01-16T08:51:25.444+0000][gc,start    ] GC(585) Pause Young (Normal) (G1 Evacuation Pause)
[2026-01-16T08:51:25.445+0000][gc,task     ] GC(585) Using 8 workers of 8 for evacuation
[2026-01-16T08:51:25.793+0000][gc,mmu      ] GC(585) MMU target violated: 201.0ms (200.0ms/201.0ms)
[2026-01-16T08:51:25.793+0000][gc,phases   ] GC(585)   Pre Evacuate Collection Set: 6.5ms
[2026-01-16T08:51:25.794+0000][gc,phases   ] GC(585)   Merge Heap Roots: 1.1ms
[2026-01-16T08:51:25.794+0000][gc,phases   ] GC(585)   Evacuate Collection Set: 328.9ms
[2026-01-16T08:51:25.794+0000][gc,phases   ] GC(585)   Post Evacuate Collection Set: 10.7ms
[2026-01-16T08:51:25.794+0000][gc,phases   ] GC(585)   Other: 1.0ms
[2026-01-16T08:51:25.794+0000][gc,heap     ] GC(585) Eden regions: 46->0(46)
[2026-01-16T08:51:25.794+0000][gc,heap     ] GC(585) Survivor regions: 5->5(7)
[2026-01-16T08:51:25.794+0000][gc,heap     ] GC(585) Old regions: 137->138
[2026-01-16T08:51:25.794+0000][gc,heap     ] GC(585) Humongous regions: 149->149
[2026-01-16T08:51:25.794+0000][gc,metaspace] GC(585) Metaspace: 15300K(15872K)->15300K(15872K) NonClass: 13619K(13888K)->13619K(13888K) Class: 1681K(1984K)->1681K(1984K)
[2026-01-16T08:51:25.794+0000][gc          ] GC(585) Pause Young (Normal) (G1 Evacuation Pause) 336M->290M(1024M) 350.218ms
[2026-01-16T08:51:25.795+0000][gc,cpu      ] GC(585) User=0.15s Sys=0.01s Real=0.35s
[2026-01-16T08:51:26.288+0000][gc,start    ] GC(586) Pause Young (Normal) (G1 Evacuation Pause)
[2026-01-16T08:51:26.288+0000][gc,task     ] GC(586) Using 8 workers of 8 for evacuation
[2026-01-16T08:51:26.477+0000][gc,phases   ] GC(586)   Pre Evacuate Collection Set: 0.7ms
[2026-01-16T08:51:26.479+0000][gc,phases   ] GC(586)   Merge Heap Roots: 5.5ms
[2026-01-16T08:51:26.480+0000][gc,phases   ] GC(586)   Evacuate Collection Set: 171.4ms
[2026-01-16T08:51:26.480+0000][gc,phases   ] GC(586)   Post Evacuate Collection Set: 10.1ms
[2026-01-16T08:51:26.481+0000][gc,phases   ] GC(586)   Other: 1.1ms
[2026-01-16T08:51:26.483+0000][gc,heap     ] GC(586) Eden regions: 46->0(46)
[2026-01-16T08:51:26.484+0000][gc,heap     ] GC(586) Survivor regions: 5->5(7)
[2026-01-16T08:51:26.484+0000][gc,heap     ] GC(586) Old regions: 138->139
[2026-01-16T08:51:26.485+0000][gc,heap     ] GC(586) Humongous regions: 149->149
[2026-01-16T08:51:26.485+0000][gc,metaspace] GC(586) Metaspace: 15300K(15872K)->15300K(15872K) NonClass: 13619K(13888K)->13619K(13888K) Class: 1681K(1984K)->1681K(1984K)
[2026-01-16T08:51:26.486+0000][gc          ] GC(586) Pause Young (Normal) (G1 Evacuation Pause) 336M->291M(1024M) 198.236ms
[2026-01-16T08:51:26.486+0000][gc,cpu      ] GC(586) User=0.09s Sys=0.01s Real=0.20s
[2026-01-16T08:51:27.295+0000][gc,start    ] GC(587) Pause Young (Normal) (G1 Evacuation Pause)
[2026-01-16T08:51:27.296+0000][gc,task     ] GC(587) Using 8 workers of 8 for evacuation
[2026-01-16T08:51:27.566+0000][gc,mmu      ] GC(587) MMU target violated: 201.0ms (200.0ms/201.0ms)
[2026-01-16T08:51:27.569+0000][gc,phases   ] GC(587)   Pre Evacuate Collection Set: 15.5ms
[2026-01-16T08:51:27.570+0000][gc,phases   ] GC(587)   Merge Heap Roots: 1.1ms
[2026-01-16T08:51:27.571+0000][gc,phases   ] GC(587)   Evacuate Collection Set: 224.2ms
[2026-01-16T08:51:27.573+0000][gc,phases   ] GC(587)   Post Evacuate Collection Set: 20.5ms
[2026-01-16T08:51:27.575+0000][gc,phases   ] GC(587)   Other: 11.6ms
[2026-01-16T08:51:27.580+0000][gc,heap     ] GC(587) Eden regions: 46->0(47)
[2026-01-16T08:51:27.581+0000][gc,heap     ] GC(587) Survivor regions: 5->4(7)
[2026-01-16T08:51:27.584+0000][gc,heap     ] GC(587) Old regions: 139->140
[2026-01-16T08:51:27.587+0000][gc,heap     ] GC(587) Humongous regions: 149->149
[2026-01-16T08:51:27.587+0000][gc,metaspace] GC(587) Metaspace: 15300K(15872K)->15300K(15872K) NonClass: 13619K(13888K)->13619K(13888K) Class: 1681K(1984K)->1681K(1984K)
[2026-01-16T08:51:27.588+0000][gc          ] GC(587) Pause Young (Normal) (G1 Evacuation Pause) 337M->292M(1024M) 292.888ms
[2026-01-16T08:51:27.590+0000][gc,cpu      ] GC(587) User=0.19s Sys=0.01s Real=0.29s
[2026-01-16T08:51:28.365+0000][gc,start    ] GC(588) Pause Young (Normal) (G1 Evacuation Pause)
[2026-01-16T08:51:28.369+0000][gc,task     ] GC(588) Using 8 workers of 8 for evacuation
[2026-01-16T08:51:28.484+0000][gc,phases   ] GC(588)   Pre Evacuate Collection Set: 4.6ms
[2026-01-16T08:51:28.486+0000][gc,phases   ] GC(588)   Merge Heap Roots: 1.6ms
[2026-01-16T08:51:28.486+0000][gc,phases   ] GC(588)   Evacuate Collection Set: 88.8ms
[2026-01-16T08:51:28.487+0000][gc,phases   ] GC(588)   Post Evacuate Collection Set: 16.4ms
[2026-01-16T08:51:28.515+0000][gc,phases   ] GC(588)   Other: 3.5ms
[2026-01-16T08:51:28.516+0000][gc,heap     ] GC(588) Eden regions: 47->0(46)
[2026-01-16T08:51:28.516+0000][gc,heap     ] GC(588) Survivor regions: 4->5(7)
[2026-01-16T08:51:28.516+0000][gc,heap     ] GC(588) Old regions: 140->140
[2026-01-16T08:51:28.518+0000][gc,heap     ] GC(588) Humongous regions: 149->149
[2026-01-16T08:51:28.518+0000][gc,metaspace] GC(588) Metaspace: 15300K(15872K)->15300K(15872K) NonClass: 13619K(13888K)->13619K(13888K) Class: 1681K(1984K)->1681K(1984K)
[2026-01-16T08:51:28.518+0000][gc          ] GC(588) Pause Young (Normal) (G1 Evacuation Pause) 339M->292M(1024M) 153.092ms
[2026-01-16T08:51:28.518+0000][gc,cpu      ] GC(588) User=0.07s Sys=0.00s Real=0.15s
[2026-01-16T08:51:29.154+0000][gc,start    ] GC(589) Pause Young (Normal) (G1 Evacuation Pause)
[2026-01-16T08:51:29.155+0000][gc,task     ] GC(589) Using 8 workers of 8 for evacuation
[2026-01-16T08:51:29.445+0000][gc,mmu      ] GC(589) MMU target violated: 201.0ms (200.0ms/201.0ms)
[2026-01-16T08:51:29.450+0000][gc,phases   ] GC(589)   Pre Evacuate Collection Set: 12.7ms
[2026-01-16T08:51:29.451+0000][gc,phases   ] GC(589)   Merge Heap Roots: 5.7ms
[2026-01-16T08:51:29.452+0000][gc,phases   ] GC(589)   Evacuate Collection Set: 268.8ms
[2026-01-16T08:51:29.452+0000][gc,phases   ] GC(589)   Post Evacuate Collection Set: 2.5ms
[2026-01-16T08:51:29.453+0000][gc,phases   ] GC(589)   Other: 5.6ms
[2026-01-16T08:51:29.454+0000][gc,heap     ] GC(589) Eden regions: 46->0(47)
[2026-01-16T08:51:29.455+0000][gc,heap     ] GC(589) Survivor regions: 5->4(7)
[2026-01-16T08:51:29.456+0000][gc,heap     ] GC(589) Old regions: 140->141
[2026-01-16T08:51:29.457+0000][gc,heap     ] GC(589) Humongous regions: 149->149
[2026-01-16T08:51:29.457+0000][gc,metaspace] GC(589) Metaspace: 15301K(15872K)->15301K(15872K) NonClass: 13619K(13888K)->13619K(13888K) Class: 1681K(1984K)->1681K(1984K)
[2026-01-16T08:51:29.458+0000][gc          ] GC(589) Pause Young (Normal) (G1 Evacuation Pause) 338M->293M(1024M) 303.660ms
[2026-01-16T08:51:29.460+0000][gc,cpu      ] GC(589) User=0.16s Sys=0.01s Real=0.30s
[2026-01-16T08:51:30.763+0000][gc,start    ] GC(590) Pause Young (Normal) (G1 Evacuation Pause)
[2026-01-16T08:51:30.773+0000][gc,task     ] GC(590) Using 8 workers of 8 for evacuation
[2026-01-16T08:51:31.268+0000][gc,mmu      ] GC(590) MMU target violated: 201.0ms (200.0ms/201.0ms)
[2026-01-16T08:51:31.271+0000][gc,phases   ] GC(590)   Pre Evacuate Collection Set: 30.3ms
[2026-01-16T08:51:31.272+0000][gc,phases   ] GC(590)   Merge Heap Roots: 3.5ms
[2026-01-16T08:51:31.279+0000][gc,phases   ] GC(590)   Evacuate Collection Set: 433.0ms
[2026-01-16T08:51:31.280+0000][gc,phases   ] GC(590)   Post Evacuate Collection Set: 23.8ms
[2026-01-16T08:51:31.280+0000][gc,phases   ] GC(590)   Other: 7.8ms
[2026-01-16T08:51:31.280+0000][gc,heap     ] GC(590) Eden regions: 47->0(47)
[2026-01-16T08:51:31.280+0000][gc,heap     ] GC(590) Survivor regions: 4->4(7)
[2026-01-16T08:51:31.280+0000][gc,heap     ] GC(590) Old regions: 141->142
[2026-01-16T08:51:31.280+0000][gc,heap     ] GC(590) Humongous regions: 149->149
[2026-01-16T08:51:31.280+0000][gc,metaspace] GC(590) Metaspace: 15305K(15872K)->15305K(15872K) NonClass: 13623K(13888K)->13623K(13888K) Class: 1681K(1984K)->1681K(1984K)
[2026-01-16T08:51:31.280+0000][gc          ] GC(590) Pause Young (Normal) (G1 Evacuation Pause) 340M->294M(1024M) 517.229ms
[2026-01-16T08:51:31.281+0000][gc,cpu      ] GC(590) User=0.20s Sys=0.03s Real=0.52s
[2026-01-16T08:51:32.159+0000][gc,start    ] GC(591) Pause Young (Normal) (G1 Evacuation Pause)
[2026-01-16T08:51:32.163+0000][gc,task     ] GC(591) Using 8 workers of 8 for evacuation
[2026-01-16T08:51:32.539+0000][gc,mmu      ] GC(591) MMU target violated: 201.0ms (200.0ms/201.0ms)
[2026-01-16T08:51:32.541+0000][gc,phases   ] GC(591)   Pre Evacuate Collection Set: 27.8ms
[2026-01-16T08:51:32.543+0000][gc,phases   ] GC(591)   Merge Heap Roots: 0.3ms
[2026-01-16T08:51:32.543+0000][gc,phases   ] GC(591)   Evacuate Collection Set: 345.0ms
[2026-01-16T08:51:32.546+0000][gc,phases   ] GC(591)   Post Evacuate Collection Set: 2.8ms
[2026-01-16T08:51:32.547+0000][gc,phases   ] GC(591)   Other: 3.0ms
[2026-01-16T08:51:32.549+0000][gc,heap     ] GC(591) Eden regions: 47->0(46)
[2026-01-16T08:51:32.555+0000][gc,heap     ] GC(591) Survivor regions: 4->5(7)
[2026-01-16T08:51:32.556+0000][gc,heap     ] GC(591) Old regions: 142->142
[2026-01-16T08:51:32.556+0000][gc,heap     ] GC(591) Humongous regions: 149->149
[2026-01-16T08:51:32.557+0000][gc,metaspace] GC(591) Metaspace: 15305K(15872K)->15305K(15872K) NonClass: 13623K(13888K)->13623K(13888K) Class: 1681K(1984K)->1681K(1984K)
[2026-01-16T08:51:32.557+0000][gc          ] GC(591) Pause Young (Normal) (G1 Evacuation Pause) 341M->295M(1024M) 397.948ms
[2026-01-16T08:51:32.558+0000][gc,cpu      ] GC(591) User=0.18s Sys=0.01s Real=0.40s
[2026-01-16T08:51:33.522+0000][gc,start    ] GC(592) Pause Young (Normal) (G1 Evacuation Pause)
[2026-01-16T08:51:33.524+0000][gc,task     ] GC(592) Using 8 workers of 8 for evacuation
[2026-01-16T08:51:33.792+0000][gc,mmu      ] GC(592) MMU target violated: 201.0ms (200.0ms/201.0ms)
[2026-01-16T08:51:33.795+0000][gc,phases   ] GC(592)   Pre Evacuate Collection Set: 10.9ms
[2026-01-16T08:51:33.797+0000][gc,phases   ] GC(592)   Merge Heap Roots: 3.9ms
[2026-01-16T08:51:33.797+0000][gc,phases   ] GC(592)   Evacuate Collection Set: 242.4ms
[2026-01-16T08:51:33.801+0000][gc,phases   ] GC(592)   Post Evacuate Collection Set: 9.5ms
[2026-01-16T08:51:33.805+0000][gc,phases   ] GC(592)   Other: 4.0ms
[2026-01-16T08:51:33.809+0000][gc,heap     ] GC(592) Eden regions: 46->0(47)
[2026-01-16T08:51:33.812+0000][gc,heap     ] GC(592) Survivor regions: 5->4(7)
[2026-01-16T08:51:33.813+0000][gc,heap     ] GC(592) Old regions: 142->143
[2026-01-16T08:51:33.816+0000][gc,heap     ] GC(592) Humongous regions: 149->149
[2026-01-16T08:51:33.816+0000][gc,metaspace] GC(592) Metaspace: 15305K(15872K)->15305K(15872K) NonClass: 13623K(13888K)->13623K(13888K) Class: 1681K(1984K)->1681K(1984K)
[2026-01-16T08:51:33.817+0000][gc          ] GC(592) Pause Young (Normal) (G1 Evacuation Pause) 341M->295M(1024M) 294.337ms
[2026-01-16T08:51:33.817+0000][gc,cpu      ] GC(592) User=0.13s Sys=0.03s Real=0.30s
[2026-01-16T08:51:34.394+0000][gc,start    ] GC(593) Pause Young (Normal) (G1 Evacuation Pause)
[2026-01-16T08:51:34.395+0000][gc,task     ] GC(593) Using 8 workers of 8 for evacuation
[2026-01-16T08:51:34.674+0000][gc,mmu      ] GC(593) MMU target violated: 201.0ms (200.0ms/201.0ms)
[2026-01-16T08:51:34.681+0000][gc,phases   ] GC(593)   Pre Evacuate Collection Set: 23.3ms
[2026-01-16T08:51:34.681+0000][gc,phases   ] GC(593)   Merge Heap Roots: 0.2ms
[2026-01-16T08:51:34.682+0000][gc,phases   ] GC(593)   Evacuate Collection Set: 240.0ms
[2026-01-16T08:51:34.683+0000][gc,phases   ] GC(593)   Post Evacuate Collection Set: 14.3ms
[2026-01-16T08:51:34.683+0000][gc,phases   ] GC(593)   Other: 7.7ms
[2026-01-16T08:51:34.684+0000][gc,heap     ] GC(593) Eden regions: 47->0(46)
[2026-01-16T08:51:34.690+0000][gc,heap     ] GC(593) Survivor regions: 4->5(7)
[2026-01-16T08:51:34.691+0000][gc,heap     ] GC(593) Old regions: 143->144
[2026-01-16T08:51:34.692+0000][gc,heap     ] GC(593) Humongous regions: 149->149
[2026-01-16T08:51:34.692+0000][gc,metaspace] GC(593) Metaspace: 15305K(15872K)->15305K(15872K) NonClass: 13624K(13888K)->13624K(13888K) Class: 1681K(1984K)->1681K(1984K)
[2026-01-16T08:51:34.692+0000][gc          ] GC(593) Pause Young (Normal) (G1 Evacuation Pause) 342M->296M(1024M) 298.138ms
[2026-01-16T08:51:34.693+0000][gc,cpu      ] GC(593) User=0.15s Sys=0.03s Real=0.30s
[2026-01-16T08:51:36.768+0000][gc,start    ] GC(594) Pause Young (Normal) (G1 Evacuation Pause)
[2026-01-16T08:51:36.771+0000][gc,task     ] GC(594) Using 8 workers of 8 for evacuation
[2026-01-16T08:51:37.043+0000][gc,mmu      ] GC(594) MMU target violated: 201.0ms (200.0ms/201.0ms)
[2026-01-16T08:51:37.044+0000][gc,phases   ] GC(594)   Pre Evacuate Collection Set: 10.9ms
[2026-01-16T08:51:37.053+0000][gc,phases   ] GC(594)   Merge Heap Roots: 2.4ms
[2026-01-16T08:51:37.054+0000][gc,phases   ] GC(594)   Evacuate Collection Set: 246.7ms
[2026-01-16T08:51:37.077+0000][gc,phases   ] GC(594)   Post Evacuate Collection Set: 11.7ms
[2026-01-16T08:51:37.077+0000][gc,phases   ] GC(594)   Other: 1.1ms
[2026-01-16T08:51:37.078+0000][gc,heap     ] GC(594) Eden regions: 46->0(46)
[2026-01-16T08:51:37.078+0000][gc,heap     ] GC(594) Survivor regions: 5->5(7)
[2026-01-16T08:51:37.078+0000][gc,heap     ] GC(594) Old regions: 144->144
[2026-01-16T08:51:37.079+0000][gc,heap     ] GC(594) Humongous regions: 149->149
[2026-01-16T08:51:37.079+0000][gc,metaspace] GC(594) Metaspace: 15311K(15872K)->15311K(15872K) NonClass: 13630K(13888K)->13630K(13888K) Class: 1681K(1984K)->1681K(1984K)
[2026-01-16T08:51:37.079+0000][gc          ] GC(594) Pause Young (Normal) (G1 Evacuation Pause) 342M->297M(1024M) 311.006ms
[2026-01-16T08:51:37.088+0000][gc,cpu      ] GC(594) User=0.17s Sys=0.01s Real=0.32s
[2026-01-16T08:51:37.979+0000][gc,start    ] GC(595) Pause Young (Normal) (G1 Evacuation Pause)
[2026-01-16T08:51:37.982+0000][gc,task     ] GC(595) Using 8 workers of 8 for evacuation
[2026-01-16T08:51:38.199+0000][gc,mmu      ] GC(595) MMU target violated: 201.0ms (200.0ms/201.0ms)
[2026-01-16T08:51:38.200+0000][gc,phases   ] GC(595)   Pre Evacuate Collection Set: 19.5ms
[2026-01-16T08:51:38.201+0000][gc,phases   ] GC(595)   Merge Heap Roots: 0.7ms
[2026-01-16T08:51:38.201+0000][gc,phases   ] GC(595)   Evacuate Collection Set: 190.9ms
[2026-01-16T08:51:38.203+0000][gc,phases   ] GC(595)   Post Evacuate Collection Set: 1.8ms
[2026-01-16T08:51:38.204+0000][gc,phases   ] GC(595)   Other: 5.3ms
[2026-01-16T08:51:38.205+0000][gc,heap     ] GC(595) Eden regions: 46->0(47)
[2026-01-16T08:51:38.205+0000][gc,heap     ] GC(595) Survivor regions: 5->4(7)
[2026-01-16T08:51:38.206+0000][gc,heap     ] GC(595) Old regions: 144->145
[2026-01-16T08:51:38.207+0000][gc,heap     ] GC(595) Humongous regions: 149->149
[2026-01-16T08:51:38.207+0000][gc,metaspace] GC(595) Metaspace: 15311K(15872K)->15311K(15872K) NonClass: 13630K(13888K)->13630K(13888K) Class: 1681K(1984K)->1681K(1984K)
[2026-01-16T08:51:38.207+0000][gc          ] GC(595) Pause Young (Normal) (G1 Evacuation Pause) 343M->297M(1024M) 228.209ms
[2026-01-16T08:51:38.211+0000][gc,cpu      ] GC(595) User=0.18s Sys=0.01s Real=0.23s
[2026-01-16T08:51:39.140+0000][gc,start    ] GC(596) Pause Young (Normal) (G1 Evacuation Pause)
[2026-01-16T08:51:39.141+0000][gc,task     ] GC(596) Using 8 workers of 8 for evacuation
[2026-01-16T08:51:39.260+0000][gc,phases   ] GC(596)   Pre Evacuate Collection Set: 9.3ms
[2026-01-16T08:51:39.260+0000][gc,phases   ] GC(596)   Merge Heap Roots: 2.7ms
[2026-01-16T08:51:39.260+0000][gc,phases   ] GC(596)   Evacuate Collection Set: 101.1ms
[2026-01-16T08:51:39.260+0000][gc,phases   ] GC(596)   Post Evacuate Collection Set: 4.1ms
[2026-01-16T08:51:39.262+0000][gc,phases   ] GC(596)   Other: 1.5ms
[2026-01-16T08:51:39.264+0000][gc,heap     ] GC(596) Eden regions: 47->0(46)
[2026-01-16T08:51:39.266+0000][gc,heap     ] GC(596) Survivor regions: 4->5(7)
[2026-01-16T08:51:39.269+0000][gc,heap     ] GC(596) Old regions: 145->145
[2026-01-16T08:51:39.270+0000][gc,heap     ] GC(596) Humongous regions: 149->149
[2026-01-16T08:51:39.271+0000][gc,metaspace] GC(596) Metaspace: 15311K(15872K)->15311K(15872K) NonClass: 13630K(13888K)->13630K(13888K) Class: 1681K(1984K)->1681K(1984K)
[2026-01-16T08:51:39.271+0000][gc          ] GC(596) Pause Young (Normal) (G1 Evacuation Pause) 344M->298M(1024M) 130.531ms
[2026-01-16T08:51:39.271+0000][gc,cpu      ] GC(596) User=0.05s Sys=0.00s Real=0.14s
[2026-01-16T08:51:40.449+0000][gc,start    ] GC(597) Pause Young (Normal) (G1 Evacuation Pause)
[2026-01-16T08:51:40.455+0000][gc,task     ] GC(597) Using 8 workers of 8 for evacuation
[2026-01-16T08:51:40.665+0000][gc,mmu      ] GC(597) MMU target violated: 201.0ms (200.0ms/201.0ms)
[2026-01-16T08:51:40.666+0000][gc,phases   ] GC(597)   Pre Evacuate Collection Set: 22.8ms
[2026-01-16T08:51:40.666+0000][gc,phases   ] GC(597)   Merge Heap Roots: 2.8ms
[2026-01-16T08:51:40.667+0000][gc,phases   ] GC(597)   Evacuate Collection Set: 175.5ms
[2026-01-16T08:51:40.667+0000][gc,phases   ] GC(597)   Post Evacuate Collection Set: 7.4ms
[2026-01-16T08:51:40.667+0000][gc,phases   ] GC(597)   Other: 2.8ms
[2026-01-16T08:51:40.667+0000][gc,heap     ] GC(597) Eden regions: 46->0(46)
[2026-01-16T08:51:40.667+0000][gc,heap     ] GC(597) Survivor regions: 5->5(7)
[2026-01-16T08:51:40.668+0000][gc,heap     ] GC(597) Old regions: 145->146
[2026-01-16T08:51:40.668+0000][gc,heap     ] GC(597) Humongous regions: 149->149
[2026-01-16T08:51:40.668+0000][gc,metaspace] GC(597) Metaspace: 15311K(15872K)->15311K(15872K) NonClass: 13630K(13888K)->13630K(13888K) Class: 1681K(1984K)->1681K(1984K)
[2026-01-16T08:51:40.669+0000][gc          ] GC(597) Pause Young (Normal) (G1 Evacuation Pause) 344M->299M(1024M) 219.307ms
[2026-01-16T08:51:40.669+0000][gc,cpu      ] GC(597) User=0.17s Sys=0.01s Real=0.22s
[2026-01-16T08:51:41.641+0000][gc,start    ] GC(598) Pause Young (Normal) (G1 Evacuation Pause)
[2026-01-16T08:51:41.664+0000][gc,task     ] GC(598) Using 8 workers of 8 for evacuation
[2026-01-16T08:51:42.030+0000][gc,mmu      ] GC(598) MMU target violated: 201.0ms (200.0ms/201.0ms)
[2026-01-16T08:51:42.058+0000][gc,phases   ] GC(598)   Pre Evacuate Collection Set: 18.0ms
[2026-01-16T08:51:42.059+0000][gc,phases   ] GC(598)   Merge Heap Roots: 4.4ms
[2026-01-16T08:51:42.059+0000][gc,phases   ] GC(598)   Evacuate Collection Set: 323.2ms
[2026-01-16T08:51:42.060+0000][gc,phases   ] GC(598)   Post Evacuate Collection Set: 18.5ms
[2026-01-16T08:51:42.067+0000][gc,phases   ] GC(598)   Other: 29.7ms
[2026-01-16T08:51:42.072+0000][gc,heap     ] GC(598) Eden regions: 46->0(46)
[2026-01-16T08:51:42.073+0000][gc,heap     ] GC(598) Survivor regions: 5->5(7)
[2026-01-16T08:51:42.074+0000][gc,heap     ] GC(598) Old regions: 146->147
[2026-01-16T08:51:42.077+0000][gc,heap     ] GC(598) Humongous regions: 149->149
[2026-01-16T08:51:42.077+0000][gc,metaspace] GC(598) Metaspace: 15311K(15872K)->15311K(15872K) NonClass: 13630K(13888K)->13630K(13888K) Class: 1681K(1984K)->1681K(1984K)
[2026-01-16T08:51:42.080+0000][gc          ] GC(598) Pause Young (Normal) (G1 Evacuation Pause) 345M->300M(1024M) 439.612ms
[2026-01-16T08:51:42.087+0000][gc,cpu      ] GC(598) User=0.21s Sys=0.04s Real=0.44s
[2026-01-16T08:51:43.608+0000][gc,start    ] GC(599) Pause Young (Normal) (G1 Evacuation Pause)
[2026-01-16T08:51:43.613+0000][gc,task     ] GC(599) Using 8 workers of 8 for evacuation
[2026-01-16T08:51:44.214+0000][gc,mmu      ] GC(599) MMU target violated: 201.0ms (200.0ms/201.0ms)
[2026-01-16T08:51:44.215+0000][gc,phases   ] GC(599)   Pre Evacuate Collection Set: 78.5ms
[2026-01-16T08:51:44.215+0000][gc,phases   ] GC(599)   Merge Heap Roots: 2.8ms
[2026-01-16T08:51:44.215+0000][gc,phases   ] GC(599)   Evacuate Collection Set: 467.3ms
[2026-01-16T08:51:44.215+0000][gc,phases   ] GC(599)   Post Evacuate Collection Set: 28.3ms
[2026-01-16T08:51:44.216+0000][gc,phases   ] GC(599)   Other: 26.5ms
[2026-01-16T08:51:44.216+0000][gc,heap     ] GC(599) Eden regions: 46->0(46)
[2026-01-16T08:51:44.216+0000][gc,heap     ] GC(599) Survivor regions: 5->5(7)
[2026-01-16T08:51:44.223+0000][gc,heap     ] GC(599) Old regions: 147->148
[2026-01-16T08:51:44.223+0000][gc,heap     ] GC(599) Humongous regions: 149->149
[2026-01-16T08:51:44.223+0000][gc,metaspace] GC(599) Metaspace: 15311K(15872K)->15311K(15872K) NonClass: 13630K(13888K)->13630K(13888K) Class: 1681K(1984K)->1681K(1984K)
[2026-01-16T08:51:44.224+0000][gc          ] GC(599) Pause Young (Normal) (G1 Evacuation Pause) 346M->300M(1024M) 615.531ms
[2026-01-16T08:51:44.226+0000][gc,cpu      ] GC(599) User=0.25s Sys=0.02s Real=0.62s
[2026-01-16T08:51:44.982+0000][gc,start    ] GC(600) Pause Young (Normal) (G1 Evacuation Pause)
[2026-01-16T08:51:44.984+0000][gc,task     ] GC(600) Using 8 workers of 8 for evacuation
[2026-01-16T08:51:45.782+0000][gc,mmu      ] GC(600) MMU target violated: 201.0ms (200.0ms/201.0ms)
[2026-01-16T08:51:45.782+0000][gc,phases   ] GC(600)   Pre Evacuate Collection Set: 40.8ms
[2026-01-16T08:51:45.783+0000][gc,phases   ] GC(600)   Merge Heap Roots: 4.5ms
[2026-01-16T08:51:45.784+0000][gc,phases   ] GC(600)   Evacuate Collection Set: 719.6ms
[2026-01-16T08:51:45.785+0000][gc,phases   ] GC(600)   Post Evacuate Collection Set: 12.4ms
[2026-01-16T08:51:45.788+0000][gc,phases   ] GC(600)   Other: 20.7ms
[2026-01-16T08:51:45.788+0000][gc,heap     ] GC(600) Eden regions: 46->0(46)
[2026-01-16T08:51:45.788+0000][gc,heap     ] GC(600) Survivor regions: 5->5(7)
[2026-01-16T08:51:45.789+0000][gc,heap     ] GC(600) Old regions: 148->149
[2026-01-16T08:51:45.789+0000][gc,heap     ] GC(600) Humongous regions: 149->149
[2026-01-16T08:51:45.789+0000][gc,metaspace] GC(600) Metaspace: 15311K(15872K)->15311K(15872K) NonClass: 13630K(13888K)->13630K(13888K) Class: 1681K(1984K)->1681K(1984K)
[2026-01-16T08:51:45.789+0000][gc          ] GC(600) Pause Young (Normal) (G1 Evacuation Pause) 346M->301M(1024M) 806.710ms
[2026-01-16T08:51:45.789+0000][gc,cpu      ] GC(600) User=0.25s Sys=0.01s Real=0.80s
[2026-01-16T08:51:47.301+0000][gc,start    ] GC(601) Pause Young (Normal) (G1 Evacuation Pause)
[2026-01-16T08:51:47.317+0000][gc,task     ] GC(601) Using 8 workers of 8 for evacuation
[2026-01-16T08:51:47.859+0000][gc,mmu      ] GC(601) MMU target violated: 201.0ms (200.0ms/201.0ms)
[2026-01-16T08:51:47.861+0000][gc,phases   ] GC(601)   Pre Evacuate Collection Set: 68.3ms
[2026-01-16T08:51:47.862+0000][gc,phases   ] GC(601)   Merge Heap Roots: 6.3ms
[2026-01-16T08:51:47.863+0000][gc,phases   ] GC(601)   Evacuate Collection Set: 448.5ms
[2026-01-16T08:51:47.864+0000][gc,phases   ] GC(601)   Post Evacuate Collection Set: 13.5ms
[2026-01-16T08:51:47.866+0000][gc,phases   ] GC(601)   Other: 14.6ms
[2026-01-16T08:51:47.870+0000][gc,heap     ] GC(601) Eden regions: 46->0(46)
[2026-01-16T08:51:47.870+0000][gc,heap     ] GC(601) Survivor regions: 5->5(7)
[2026-01-16T08:51:47.870+0000][gc,heap     ] GC(601) Old regions: 149->149
[2026-01-16T08:51:47.875+0000][gc,heap     ] GC(601) Humongous regions: 149->149
[2026-01-16T08:51:47.876+0000][gc,metaspace] GC(601) Metaspace: 15311K(15872K)->15311K(15872K) NonClass: 13630K(13888K)->13630K(13888K) Class: 1681K(1984K)->1681K(1984K)
[2026-01-16T08:51:47.878+0000][gc          ] GC(601) Pause Young (Normal) (G1 Evacuation Pause) 347M->302M(1024M) 576.298ms
[2026-01-16T08:51:47.882+0000][gc,cpu      ] GC(601) User=0.29s Sys=0.03s Real=0.58s
[2026-01-16T08:51:49.365+0000][gc,start    ] GC(602) Pause Young (Normal) (G1 Evacuation Pause)
[2026-01-16T08:51:49.368+0000][gc,task     ] GC(602) Using 8 workers of 8 for evacuation
[2026-01-16T08:51:50.069+0000][gc,mmu      ] GC(602) MMU target violated: 201.0ms (200.0ms/201.0ms)
[2026-01-16T08:51:50.069+0000][gc,phases   ] GC(602)   Pre Evacuate Collection Set: 2.8ms
[2026-01-16T08:51:50.070+0000][gc,phases   ] GC(602)   Merge Heap Roots: 0.7ms
[2026-01-16T08:51:50.070+0000][gc,phases   ] GC(602)   Evacuate Collection Set: 691.3ms
[2026-01-16T08:51:50.071+0000][gc,phases   ] GC(602)   Post Evacuate Collection Set: 5.5ms
[2026-01-16T08:51:50.071+0000][gc,phases   ] GC(602)   Other: 1.9ms
[2026-01-16T08:51:50.071+0000][gc,heap     ] GC(602) Eden regions: 46->0(46)
[2026-01-16T08:51:50.072+0000][gc,heap     ] GC(602) Survivor regions: 5->5(7)
[2026-01-16T08:51:50.073+0000][gc,heap     ] GC(602) Old regions: 149->150
[2026-01-16T08:51:50.073+0000][gc,heap     ] GC(602) Humongous regions: 149->149
[2026-01-16T08:51:50.074+0000][gc,metaspace] GC(602) Metaspace: 15311K(15872K)->15311K(15872K) NonClass: 13630K(13888K)->13630K(13888K) Class: 1681K(1984K)->1681K(1984K)
[2026-01-16T08:51:50.075+0000][gc          ] GC(602) Pause Young (Normal) (G1 Evacuation Pause) 348M->302M(1024M) 709.436ms
[2026-01-16T08:51:50.075+0000][gc,cpu      ] GC(602) User=0.41s Sys=0.04s Real=0.71s
[2026-01-16T08:51:51.945+0000][gc,start    ] GC(603) Pause Young (Normal) (GCLocker Initiated GC)
[2026-01-16T08:51:51.948+0000][gc,task     ] GC(603) Using 8 workers of 8 for evacuation
[2026-01-16T08:52:23.741+0000][gc,mmu      ] GC(603) MMU target violated: 201.0ms (200.0ms/201.0ms)
[2026-01-16T08:52:26.800+0000][gc,phases   ] GC(603)   Pre Evacuate Collection Set: 13.3ms
[2026-01-16T08:52:26.946+0000][gc,phases   ] GC(603)   Merge Heap Roots: 6.1ms
[2026-01-16T08:52:27.014+0000][gc,phases   ] GC(603)   Evacuate Collection Set: 31351.2ms
[2026-01-16T08:52:27.036+0000][gc,phases   ] GC(603)   Post Evacuate Collection Set: 414.5ms
[2026-01-16T08:52:27.036+0000][gc,phases   ] GC(603)   Other: 3066.8ms
[2026-01-16T08:52:27.039+0000][gc,heap     ] GC(603) Eden regions: 52->0(46)
[2026-01-16T08:52:27.058+0000][gc,heap     ] GC(603) Survivor regions: 5->5(7)
[2026-01-16T08:52:27.081+0000][gc,heap     ] GC(603) Old regions: 150->151
[2026-01-16T08:52:27.096+0000][gc,heap     ] GC(603) Humongous regions: 149->149
[2026-01-16T08:52:27.105+0000][gc,metaspace] GC(603) Metaspace: 15311K(15872K)->15311K(15872K) NonClass: 13630K(13888K)->13630K(13888K) Class: 1681K(1984K)->1681K(1984K)
[2026-01-16T08:52:27.175+0000][gc          ] GC(603) Pause Young (Normal) (GCLocker Initiated GC) 354M->303M(1024M) 35230.653ms
[2026-01-16T08:52:28.970+0000][gc,cpu      ] GC(603) User=1.59s Sys=0.23s Real=36.89s
[2026-01-16T08:54:09.919+0000][gc,start    ] GC(604) Pause Young (Normal) (G1 Evacuation Pause)
[2026-01-16T08:54:10.087+0000][gc,task     ] GC(604) Using 8 workers of 8 for evacuation
[2026-01-16T08:54:13.108+0000][gc,mmu      ] GC(604) MMU target violated: 201.0ms (200.0ms/201.0ms)
[2026-01-16T08:54:13.124+0000][gc,phases   ] GC(604)   Pre Evacuate Collection Set: 126.2ms
[2026-01-16T08:54:13.128+0000][gc,phases   ] GC(604)   Merge Heap Roots: 20.0ms
[2026-01-16T08:54:13.129+0000][gc,phases   ] GC(604)   Evacuate Collection Set: 2551.2ms
[2026-01-16T08:54:13.129+0000][gc,phases   ] GC(604)   Post Evacuate Collection Set: 312.8ms
[2026-01-16T08:54:13.131+0000][gc,phases   ] GC(604)   Other: 71.4ms
[2026-01-16T08:54:13.153+0000][gc,heap     ] GC(604) Eden regions: 46->0(46)
[2026-01-16T08:54:13.156+0000][gc,heap     ] GC(604) Survivor regions: 5->5(7)
[2026-01-16T08:54:13.157+0000][gc,heap     ] GC(604) Old regions: 151->152
[2026-01-16T08:54:13.159+0000][gc,heap     ] GC(604) Humongous regions: 149->149
[2026-01-16T08:54:13.159+0000][gc,metaspace] GC(604) Metaspace: 15311K(15872K)->15311K(15872K) NonClass: 13630K(13888K)->13630K(13888K) Class: 1681K(1984K)->1681K(1984K)
[2026-01-16T08:54:13.178+0000][gc          ] GC(604) Pause Young (Normal) (G1 Evacuation Pause) 349M->304M(1024M) 3285.342ms
[2026-01-16T08:54:13.183+0000][gc,cpu      ] GC(604) User=1.61s Sys=0.15s Real=3.29s
[2026-01-16T08:54:18.701+0000][gc,start    ] GC(605) Pause Young (Normal) (G1 Evacuation Pause)
[2026-01-16T08:54:18.737+0000][gc,task     ] GC(605) Using 8 workers of 8 for evacuation
[2026-01-16T08:54:20.011+0000][gc,mmu      ] GC(605) MMU target violated: 201.0ms (200.0ms/201.0ms)
[2026-01-16T08:54:20.015+0000][gc,phases   ] GC(605)   Pre Evacuate Collection Set: 134.4ms
[2026-01-16T08:54:20.015+0000][gc,phases   ] GC(605)   Merge Heap Roots: 7.3ms
[2026-01-16T08:54:20.015+0000][gc,phases   ] GC(605)   Evacuate Collection Set: 1078.2ms
[2026-01-16T08:54:20.016+0000][gc,phases   ] GC(605)   Post Evacuate Collection Set: 42.2ms
[2026-01-16T08:54:20.017+0000][gc,phases   ] GC(605)   Other: 25.1ms
[2026-01-16T08:54:20.017+0000][gc,heap     ] GC(605) Eden regions: 46->0(47)
[2026-01-16T08:54:20.018+0000][gc,heap     ] GC(605) Survivor regions: 5->4(7)
[2026-01-16T08:54:20.018+0000][gc,heap     ] GC(605) Old regions: 152->153
[2026-01-16T08:54:20.018+0000][gc,heap     ] GC(605) Humongous regions: 149->149
[2026-01-16T08:54:20.018+0000][gc,metaspace] GC(605) Metaspace: 15311K(15872K)->15311K(15872K) NonClass: 13630K(13888K)->13630K(13888K) Class: 1681K(1984K)->1681K(1984K)
[2026-01-16T08:54:20.019+0000][gc          ] GC(605) Pause Young (Normal) (G1 Evacuation Pause) 350M->304M(1024M) 1317.991ms
[2026-01-16T08:54:20.019+0000][gc,cpu      ] GC(605) User=0.84s Sys=0.13s Real=1.32s
[2026-01-16T08:54:25.605+0000][gc,start    ] GC(606) Pause Young (Normal) (G1 Evacuation Pause)
[2026-01-16T08:54:25.638+0000][gc,task     ] GC(606) Using 8 workers of 8 for evacuation
[2026-01-16T08:54:27.148+0000][gc,mmu      ] GC(606) MMU target violated: 201.0ms (200.0ms/201.0ms)
[2026-01-16T08:54:27.149+0000][gc,phases   ] GC(606)   Pre Evacuate Collection Set: 184.1ms
[2026-01-16T08:54:27.150+0000][gc,phases   ] GC(606)   Merge Heap Roots: 2.0ms
[2026-01-16T08:54:27.172+0000][gc,phases   ] GC(606)   Evacuate Collection Set: 1236.0ms
[2026-01-16T08:54:27.174+0000][gc,phases   ] GC(606)   Post Evacuate Collection Set: 84.1ms
[2026-01-16T08:54:27.176+0000][gc,phases   ] GC(606)   Other: 5.3ms
[2026-01-16T08:54:27.178+0000][gc,heap     ] GC(606) Eden regions: 47->0(46)
[2026-01-16T08:54:27.180+0000][gc,heap     ] GC(606) Survivor regions: 4->5(7)
[2026-01-16T08:54:27.189+0000][gc,heap     ] GC(606) Old regions: 153->153
[2026-01-16T08:54:27.190+0000][gc,heap     ] GC(606) Humongous regions: 149->149
[2026-01-16T08:54:27.206+0000][gc,metaspace] GC(606) Metaspace: 15311K(15872K)->15311K(15872K) NonClass: 13630K(13888K)->13630K(13888K) Class: 1681K(1984K)->1681K(1984K)
[2026-01-16T08:54:27.213+0000][gc          ] GC(606) Pause Young (Normal) (G1 Evacuation Pause) 351M->305M(1024M) 1608.583ms
[2026-01-16T08:54:27.222+0000][gc,cpu      ] GC(606) User=0.94s Sys=0.08s Real=1.62s
[2026-01-16T08:54:33.089+0000][gc,start    ] GC(607) Pause Young (Normal) (G1 Evacuation Pause)
[2026-01-16T08:54:33.099+0000][gc,task     ] GC(607) Using 8 workers of 8 for evacuation
[2026-01-16T08:54:34.039+0000][gc,mmu      ] GC(607) MMU target violated: 201.0ms (200.0ms/201.0ms)
[2026-01-16T08:54:34.044+0000][gc,phases   ] GC(607)   Pre Evacuate Collection Set: 73.9ms
[2026-01-16T08:54:34.051+0000][gc,phases   ] GC(607)   Merge Heap Roots: 14.5ms
[2026-01-16T08:54:34.051+0000][gc,phases   ] GC(607)   Evacuate Collection Set: 812.2ms
[2026-01-16T08:54:34.054+0000][gc,phases   ] GC(607)   Post Evacuate Collection Set: 26.6ms
[2026-01-16T08:54:34.058+0000][gc,phases   ] GC(607)   Other: 6.7ms
[2026-01-16T08:54:34.070+0000][gc,heap     ] GC(607) Eden regions: 46->0(46)
[2026-01-16T08:54:34.073+0000][gc,heap     ] GC(607) Survivor regions: 5->5(7)
[2026-01-16T08:54:34.073+0000][gc,heap     ] GC(607) Old regions: 153->153
[2026-01-16T08:54:34.073+0000][gc,heap     ] GC(607) Humongous regions: 149->149
[2026-01-16T08:54:34.074+0000][gc,metaspace] GC(607) Metaspace: 15312K(15872K)->15312K(15872K) NonClass: 13631K(13888K)->13631K(13888K) Class: 1681K(1984K)->1681K(1984K)
[2026-01-16T08:54:34.074+0000][gc          ] GC(607) Pause Young (Normal) (G1 Evacuation Pause) 351M->306M(1024M) 973.422ms
[2026-01-16T08:54:34.074+0000][gc,cpu      ] GC(607) User=0.47s Sys=0.04s Real=0.97s
[2026-01-16T08:54:38.175+0000][gc,start    ] GC(608) Pause Young (Normal) (G1 Evacuation Pause)
[2026-01-16T08:54:38.200+0000][gc,task     ] GC(608) Using 8 workers of 8 for evacuation
[2026-01-16T08:54:38.898+0000][gc,mmu      ] GC(608) MMU target violated: 201.0ms (200.0ms/201.0ms)
[2026-01-16T08:54:38.900+0000][gc,phases   ] GC(608)   Pre Evacuate Collection Set: 35.3ms
[2026-01-16T08:54:38.902+0000][gc,phases   ] GC(608)   Merge Heap Roots: 12.3ms
[2026-01-16T08:54:38.906+0000][gc,phases   ] GC(608)   Evacuate Collection Set: 621.4ms
[2026-01-16T08:54:38.907+0000][gc,phases   ] GC(608)   Post Evacuate Collection Set: 19.2ms
[2026-01-16T08:54:38.912+0000][gc,phases   ] GC(608)   Other: 11.8ms
[2026-01-16T08:54:38.914+0000][gc,heap     ] GC(608) Eden regions: 46->0(46)
[2026-01-16T08:54:38.917+0000][gc,heap     ] GC(608) Survivor regions: 5->5(7)
[2026-01-16T08:54:38.924+0000][gc,heap     ] GC(608) Old regions: 153->155
[2026-01-16T08:54:38.927+0000][gc,heap     ] GC(608) Humongous regions: 149->149
[2026-01-16T08:54:38.929+0000][gc,metaspace] GC(608) Metaspace: 15312K(15872K)->15312K(15872K) NonClass: 13631K(13888K)->13631K(13888K) Class: 1681K(1984K)->1681K(1984K)
[2026-01-16T08:54:38.931+0000][gc          ] GC(608) Pause Young (Normal) (G1 Evacuation Pause) 352M->307M(1024M) 755.480ms
[2026-01-16T08:54:38.932+0000][gc,cpu      ] GC(608) User=0.36s Sys=0.02s Real=0.76s
[2026-01-16T08:54:43.684+0000][gc,start    ] GC(609) Pause Young (Normal) (G1 Evacuation Pause)
[2026-01-16T08:54:43.689+0000][gc,task     ] GC(609) Using 8 workers of 8 for evacuation
[2026-01-16T08:54:44.801+0000][gc,mmu      ] GC(609) MMU target violated: 201.0ms (200.0ms/201.0ms)
[2026-01-16T08:54:44.802+0000][gc,phases   ] GC(609)   Pre Evacuate Collection Set: 37.6ms
[2026-01-16T08:54:44.802+0000][gc,phases   ] GC(609)   Merge Heap Roots: 47.7ms
[2026-01-16T08:54:44.802+0000][gc,phases   ] GC(609)   Evacuate Collection Set: 910.3ms
[2026-01-16T08:54:44.803+0000][gc,phases   ] GC(609)   Post Evacuate Collection Set: 113.6ms
[2026-01-16T08:54:44.803+0000][gc,phases   ] GC(609)   Other: 4.4ms
[2026-01-16T08:54:44.809+0000][gc,heap     ] GC(609) Eden regions: 46->0(46)
[2026-01-16T08:54:44.810+0000][gc,heap     ] GC(609) Survivor regions: 5->5(7)
[2026-01-16T08:54:44.810+0000][gc,heap     ] GC(609) Old regions: 155->155
[2026-01-16T08:54:44.811+0000][gc,heap     ] GC(609) Humongous regions: 149->149
[2026-01-16T08:54:44.811+0000][gc,metaspace] GC(609) Metaspace: 15319K(15872K)->15319K(15872K) NonClass: 13638K(13888K)->13638K(13888K) Class: 1681K(1984K)->1681K(1984K)
[2026-01-16T08:54:44.811+0000][gc          ] GC(609) Pause Young (Normal) (G1 Evacuation Pause) 353M->307M(1024M) 1127.387ms
[2026-01-16T08:54:44.811+0000][gc,cpu      ] GC(609) User=0.38s Sys=0.04s Real=1.13s
[2026-01-16T08:54:48.889+0000][gc,start    ] GC(610) Pause Young (Normal) (G1 Evacuation Pause)
[2026-01-16T08:54:48.895+0000][gc,task     ] GC(610) Using 8 workers of 8 for evacuation
[2026-01-16T08:54:49.715+0000][gc,mmu      ] GC(610) MMU target violated: 201.0ms (200.0ms/201.0ms)
[2026-01-16T08:54:49.720+0000][gc,phases   ] GC(610)   Pre Evacuate Collection Set: 94.2ms
[2026-01-16T08:54:49.721+0000][gc,phases   ] GC(610)   Merge Heap Roots: 11.7ms
[2026-01-16T08:54:49.722+0000][gc,phases   ] GC(610)   Evacuate Collection Set: 694.7ms
[2026-01-16T08:54:49.726+0000][gc,phases   ] GC(610)   Post Evacuate Collection Set: 14.9ms
[2026-01-16T08:54:49.726+0000][gc,phases   ] GC(610)   Other: 10.6ms
[2026-01-16T08:54:49.727+0000][gc,heap     ] GC(610) Eden regions: 46->0(46)
[2026-01-16T08:54:49.727+0000][gc,heap     ] GC(610) Survivor regions: 5->5(7)
[2026-01-16T08:54:49.729+0000][gc,heap     ] GC(610) Old regions: 155->155
[2026-01-16T08:54:49.730+0000][gc,heap     ] GC(610) Humongous regions: 149->149
[2026-01-16T08:54:49.730+0000][gc,metaspace] GC(610) Metaspace: 15327K(15872K)->15327K(15872K) NonClass: 13646K(13888K)->13646K(13888K) Class: 1681K(1984K)->1681K(1984K)
[2026-01-16T08:54:49.730+0000][gc          ] GC(610) Pause Young (Normal) (G1 Evacuation Pause) 353M->308M(1024M) 841.527ms
[2026-01-16T08:54:49.732+0000][gc,cpu      ] GC(610) User=0.45s Sys=0.02s Real=0.85s
[2026-01-16T08:54:51.570+0000][gc,start    ] GC(611) Pause Young (Normal) (G1 Evacuation Pause)
[2026-01-16T08:54:51.575+0000][gc,task     ] GC(611) Using 8 workers of 8 for evacuation
[2026-01-16T08:54:52.015+0000][gc,mmu      ] GC(611) MMU target violated: 201.0ms (200.0ms/201.0ms)
[2026-01-16T08:54:52.016+0000][gc,phases   ] GC(611)   Pre Evacuate Collection Set: 56.7ms
[2026-01-16T08:54:52.016+0000][gc,phases   ] GC(611)   Merge Heap Roots: 9.5ms
[2026-01-16T08:54:52.017+0000][gc,phases   ] GC(611)   Evacuate Collection Set: 357.3ms
[2026-01-16T08:54:52.018+0000][gc,phases   ] GC(611)   Post Evacuate Collection Set: 13.9ms
[2026-01-16T08:54:52.018+0000][gc,phases   ] GC(611)   Other: 3.4ms
[2026-01-16T08:54:52.019+0000][gc,heap     ] GC(611) Eden regions: 46->0(46)
[2026-01-16T08:54:52.019+0000][gc,heap     ] GC(611) Survivor regions: 5->5(7)
[2026-01-16T08:54:52.020+0000][gc,heap     ] GC(611) Old regions: 155->156
[2026-01-16T08:54:52.020+0000][gc,heap     ] GC(611) Humongous regions: 149->149
[2026-01-16T08:54:52.020+0000][gc,metaspace] GC(611) Metaspace: 15327K(15872K)->15327K(15872K) NonClass: 13646K(13888K)->13646K(13888K) Class: 1681K(1984K)->1681K(1984K)
[2026-01-16T08:54:52.022+0000][gc          ] GC(611) Pause Young (Normal) (G1 Evacuation Pause) 354M->309M(1024M) 451.275ms
[2026-01-16T08:54:52.022+0000][gc,cpu      ] GC(611) User=0.23s Sys=0.01s Real=0.45s
[2026-01-16T08:54:53.421+0000][gc,start    ] GC(612) Pause Young (Normal) (G1 Evacuation Pause)
[2026-01-16T08:54:53.446+0000][gc,task     ] GC(612) Using 8 workers of 8 for evacuation
[2026-01-16T08:54:55.227+0000][gc,mmu      ] GC(612) MMU target violated: 201.0ms (200.0ms/201.0ms)
[2026-01-16T08:54:55.229+0000][gc,phases   ] GC(612)   Pre Evacuate Collection Set: 53.7ms
[2026-01-16T08:54:55.233+0000][gc,phases   ] GC(612)   Merge Heap Roots: 8.2ms
[2026-01-16T08:54:55.235+0000][gc,phases   ] GC(612)   Evacuate Collection Set: 1679.1ms
[2026-01-16T08:54:55.237+0000][gc,phases   ] GC(612)   Post Evacuate Collection Set: 39.0ms
[2026-01-16T08:54:55.238+0000][gc,phases   ] GC(612)   Other: 3.5ms
[2026-01-16T08:54:55.240+0000][gc,heap     ] GC(612) Eden regions: 46->0(46)
[2026-01-16T08:54:55.240+0000][gc,heap     ] GC(612) Survivor regions: 5->5(7)
[2026-01-16T08:54:55.241+0000][gc,heap     ] GC(612) Old regions: 156->157
[2026-01-16T08:54:55.241+0000][gc,heap     ] GC(612) Humongous regions: 149->149
[2026-01-16T08:54:55.243+0000][gc,metaspace] GC(612) Metaspace: 15327K(15872K)->15327K(15872K) NonClass: 13646K(13888K)->13646K(13888K) Class: 1681K(1984K)->1681K(1984K)
[2026-01-16T08:54:55.251+0000][gc          ] GC(612) Pause Young (Normal) (G1 Evacuation Pause) 355M->309M(1024M) 1830.195ms
[2026-01-16T08:54:55.273+0000][gc,cpu      ] GC(612) User=0.48s Sys=0.06s Real=1.90s
[2026-01-16T08:54:56.324+0000][gc,start    ] GC(613) Pause Young (Normal) (G1 Evacuation Pause)
[2026-01-16T08:54:56.324+0000][gc,task     ] GC(613) Using 8 workers of 8 for evacuation
[2026-01-16T08:54:56.767+0000][gc,mmu      ] GC(613) MMU target violated: 201.0ms (200.0ms/201.0ms)
[2026-01-16T08:54:56.780+0000][gc,phases   ] GC(613)   Pre Evacuate Collection Set: 20.0ms
[2026-01-16T08:54:56.781+0000][gc,phases   ] GC(613)   Merge Heap Roots: 0.6ms
[2026-01-16T08:54:56.782+0000][gc,phases   ] GC(613)   Evacuate Collection Set: 401.4ms
[2026-01-16T08:54:56.783+0000][gc,phases   ] GC(613)   Post Evacuate Collection Set: 20.3ms
[2026-01-16T08:54:56.784+0000][gc,phases   ] GC(613)   Other: 13.4ms
[2026-01-16T08:54:56.787+0000][gc,heap     ] GC(613) Eden regions: 46->0(46)
[2026-01-16T08:54:56.787+0000][gc,heap     ] GC(613) Survivor regions: 5->5(7)
[2026-01-16T08:54:56.790+0000][gc,heap     ] GC(613) Old regions: 157->158
[2026-01-16T08:54:56.791+0000][gc,heap     ] GC(613) Humongous regions: 149->149
[2026-01-16T08:54:56.792+0000][gc,metaspace] GC(613) Metaspace: 15327K(15872K)->15327K(15872K) NonClass: 13646K(13888K)->13646K(13888K) Class: 1681K(1984K)->1681K(1984K)
[2026-01-16T08:54:56.792+0000][gc          ] GC(613) Pause Young (Normal) (G1 Evacuation Pause) 355M->310M(1024M) 468.117ms
[2026-01-16T08:54:56.792+0000][gc,cpu      ] GC(613) User=0.18s Sys=0.01s Real=0.47s
[2026-01-16T08:54:58.181+0000][gc,start    ] GC(614) Pause Young (Normal) (G1 Evacuation Pause)
[2026-01-16T08:54:58.185+0000][gc,task     ] GC(614) Using 8 workers of 8 for evacuation
[2026-01-16T08:54:58.820+0000][gc,mmu      ] GC(614) MMU target violated: 201.0ms (200.0ms/201.0ms)
[2026-01-16T08:54:58.821+0000][gc,phases   ] GC(614)   Pre Evacuate Collection Set: 56.5ms
[2026-01-16T08:54:58.822+0000][gc,phases   ] GC(614)   Merge Heap Roots: 0.4ms
[2026-01-16T08:54:58.834+0000][gc,phases   ] GC(614)   Evacuate Collection Set: 563.0ms
[2026-01-16T08:54:58.834+0000][gc,phases   ] GC(614)   Post Evacuate Collection Set: 4.9ms
[2026-01-16T08:54:58.835+0000][gc,phases   ] GC(614)   Other: 12.3ms
[2026-01-16T08:54:58.835+0000][gc,heap     ] GC(614) Eden regions: 46->0(46)
[2026-01-16T08:54:58.838+0000][gc,heap     ] GC(614) Survivor regions: 5->5(7)
[2026-01-16T08:54:58.839+0000][gc,heap     ] GC(614) Old regions: 158->158
[2026-01-16T08:54:58.840+0000][gc,heap     ] GC(614) Humongous regions: 149->149
[2026-01-16T08:54:58.840+0000][gc,metaspace] GC(614) Metaspace: 15327K(15872K)->15327K(15872K) NonClass: 13646K(13888K)->13646K(13888K) Class: 1681K(1984K)->1681K(1984K)
[2026-01-16T08:54:58.841+0000][gc          ] GC(614) Pause Young (Normal) (G1 Evacuation Pause) 356M->310M(1024M) 659.883ms
[2026-01-16T08:54:58.843+0000][gc,cpu      ] GC(614) User=0.25s Sys=0.02s Real=0.66s
[2026-01-16T08:55:00.908+0000][gc,start    ] GC(615) Pause Young (Normal) (G1 Evacuation Pause)
[2026-01-16T08:55:00.947+0000][gc,task     ] GC(615) Using 8 workers of 8 for evacuation
[2026-01-16T08:55:01.499+0000][gc,mmu      ] GC(615) MMU target violated: 201.0ms (200.0ms/201.0ms)
[2026-01-16T08:55:01.499+0000][gc,phases   ] GC(615)   Pre Evacuate Collection Set: 33.0ms
[2026-01-16T08:55:01.500+0000][gc,phases   ] GC(615)   Merge Heap Roots: 8.9ms
[2026-01-16T08:55:01.501+0000][gc,phases   ] GC(615)   Evacuate Collection Set: 447.3ms
[2026-01-16T08:55:01.503+0000][gc,phases   ] GC(615)   Post Evacuate Collection Set: 47.7ms
[2026-01-16T08:55:01.507+0000][gc,phases   ] GC(615)   Other: 43.8ms
[2026-01-16T08:55:01.507+0000][gc,heap     ] GC(615) Eden regions: 46->0(46)
[2026-01-16T08:55:01.509+0000][gc,heap     ] GC(615) Survivor regions: 5->5(7)
[2026-01-16T08:55:01.510+0000][gc,heap     ] GC(615) Old regions: 158->159
[2026-01-16T08:55:01.513+0000][gc,heap     ] GC(615) Humongous regions: 149->149
[2026-01-16T08:55:01.516+0000][gc,metaspace] GC(615) Metaspace: 15327K(15872K)->15327K(15872K) NonClass: 13646K(13888K)->13646K(13888K) Class: 1681K(1984K)->1681K(1984K)
[2026-01-16T08:55:01.517+0000][gc          ] GC(615) Pause Young (Normal) (G1 Evacuation Pause) 356M->312M(1024M) 609.085ms
[2026-01-16T08:55:01.530+0000][gc,cpu      ] GC(615) User=0.28s Sys=0.05s Real=0.64s
[2026-01-16T08:55:02.978+0000][gc,start    ] GC(616) Pause Young (Normal) (G1 Evacuation Pause)
[2026-01-16T08:55:02.981+0000][gc,task     ] GC(616) Using 8 workers of 8 for evacuation
[2026-01-16T08:55:03.560+0000][gc,mmu      ] GC(616) MMU target violated: 201.0ms (200.0ms/201.0ms)
[2026-01-16T08:55:03.562+0000][gc,phases   ] GC(616)   Pre Evacuate Collection Set: 93.7ms
[2026-01-16T08:55:03.562+0000][gc,phases   ] GC(616)   Merge Heap Roots: 0.7ms
[2026-01-16T08:55:03.564+0000][gc,phases   ] GC(616)   Evacuate Collection Set: 476.7ms
[2026-01-16T08:55:03.564+0000][gc,phases   ] GC(616)   Post Evacuate Collection Set: 3.5ms
[2026-01-16T08:55:03.567+0000][gc,phases   ] GC(616)   Other: 5.1ms
[2026-01-16T08:55:03.571+0000][gc,heap     ] GC(616) Eden regions: 46->0(47)
[2026-01-16T08:55:03.573+0000][gc,heap     ] GC(616) Survivor regions: 5->4(7)
[2026-01-16T08:55:03.575+0000][gc,heap     ] GC(616) Old regions: 159->160
[2026-01-16T08:55:03.575+0000][gc,heap     ] GC(616) Humongous regions: 149->149
[2026-01-16T08:55:03.577+0000][gc,metaspace] GC(616) Metaspace: 15327K(15872K)->15327K(15872K) NonClass: 13646K(13888K)->13646K(13888K) Class: 1681K(1984K)->1681K(1984K)
[2026-01-16T08:55:03.579+0000][gc          ] GC(616) Pause Young (Normal) (G1 Evacuation Pause) 358M->312M(1024M) 598.613ms
[2026-01-16T08:55:03.580+0000][gc,cpu      ] GC(616) User=0.28s Sys=0.02s Real=0.60s
[2026-01-16T08:55:04.208+0000][gc,start    ] GC(617) Pause Young (Normal) (G1 Evacuation Pause)
[2026-01-16T08:55:04.210+0000][gc,task     ] GC(617) Using 8 workers of 8 for evacuation
[2026-01-16T08:55:04.344+0000][gc,phases   ] GC(617)   Pre Evacuate Collection Set: 1.0ms
[2026-01-16T08:55:04.345+0000][gc,phases   ] GC(617)   Merge Heap Roots: 0.2ms
[2026-01-16T08:55:04.345+0000][gc,phases   ] GC(617)   Evacuate Collection Set: 131.0ms
[2026-01-16T08:55:04.345+0000][gc,phases   ] GC(617)   Post Evacuate Collection Set: 1.1ms
[2026-01-16T08:55:04.345+0000][gc,phases   ] GC(617)   Other: 1.2ms
[2026-01-16T08:55:04.346+0000][gc,heap     ] GC(617) Eden regions: 47->0(46)
[2026-01-16T08:55:04.346+0000][gc,heap     ] GC(617) Survivor regions: 4->5(7)
[2026-01-16T08:55:04.347+0000][gc,heap     ] GC(617) Old regions: 160->160
[2026-01-16T08:55:04.348+0000][gc,heap     ] GC(617) Humongous regions: 149->149
[2026-01-16T08:55:04.358+0000][gc,metaspace] GC(617) Metaspace: 15327K(15872K)->15327K(15872K) NonClass: 13646K(13888K)->13646K(13888K) Class: 1681K(1984K)->1681K(1984K)
[2026-01-16T08:55:04.359+0000][gc          ] GC(617) Pause Young (Normal) (G1 Evacuation Pause) 359M->313M(1024M) 150.897ms
[2026-01-16T08:55:04.369+0000][gc,cpu      ] GC(617) User=0.05s Sys=0.01s Real=0.16s
[2026-01-16T08:55:05.489+0000][gc,start    ] GC(618) Pause Young (Normal) (G1 Evacuation Pause)
[2026-01-16T08:55:05.491+0000][gc,task     ] GC(618) Using 8 workers of 8 for evacuation
[2026-01-16T08:55:06.220+0000][gc,mmu      ] GC(618) MMU target violated: 201.0ms (200.0ms/201.0ms)
[2026-01-16T08:55:06.224+0000][gc,phases   ] GC(618)   Pre Evacuate Collection Set: 47.0ms
[2026-01-16T08:55:06.227+0000][gc,phases   ] GC(618)   Merge Heap Roots: 1.5ms
[2026-01-16T08:55:06.228+0000][gc,phases   ] GC(618)   Evacuate Collection Set: 648.6ms
[2026-01-16T08:55:06.229+0000][gc,phases   ] GC(618)   Post Evacuate Collection Set: 29.4ms
[2026-01-16T08:55:06.230+0000][gc,phases   ] GC(618)   Other: 7.3ms
[2026-01-16T08:55:06.231+0000][gc,heap     ] GC(618) Eden regions: 46->0(46)
[2026-01-16T08:55:06.232+0000][gc,heap     ] GC(618) Survivor regions: 5->5(7)
[2026-01-16T08:55:06.232+0000][gc,heap     ] GC(618) Old regions: 160->162
[2026-01-16T08:55:06.235+0000][gc,heap     ] GC(618) Humongous regions: 149->149
[2026-01-16T08:55:06.237+0000][gc,metaspace] GC(618) Metaspace: 15327K(15872K)->15327K(15872K) NonClass: 13646K(13888K)->13646K(13888K) Class: 1681K(1984K)->1681K(1984K)
[2026-01-16T08:55:06.239+0000][gc          ] GC(618) Pause Young (Normal) (G1 Evacuation Pause) 359M->314M(1024M) 750.646ms
[2026-01-16T08:55:06.241+0000][gc,cpu      ] GC(618) User=0.37s Sys=0.02s Real=0.76s
[2026-01-16T08:55:07.964+0000][gc,start    ] GC(619) Pause Young (Normal) (G1 Evacuation Pause)
[2026-01-16T08:55:07.974+0000][gc,task     ] GC(619) Using 8 workers of 8 for evacuation
[2026-01-16T08:55:08.306+0000][gc,mmu      ] GC(619) MMU target violated: 201.0ms (200.0ms/201.0ms)
[2026-01-16T08:55:08.307+0000][gc,phases   ] GC(619)   Pre Evacuate Collection Set: 59.2ms
[2026-01-16T08:55:08.308+0000][gc,phases   ] GC(619)   Merge Heap Roots: 3.4ms
[2026-01-16T08:55:08.309+0000][gc,phases   ] GC(619)   Evacuate Collection Set: 247.4ms
[2026-01-16T08:55:08.311+0000][gc,phases   ] GC(619)   Post Evacuate Collection Set: 17.9ms
[2026-01-16T08:55:08.312+0000][gc,phases   ] GC(619)   Other: 5.2ms
[2026-01-16T08:55:08.313+0000][gc,heap     ] GC(619) Eden regions: 46->0(47)
[2026-01-16T08:55:08.314+0000][gc,heap     ] GC(619) Survivor regions: 5->4(7)
[2026-01-16T08:55:08.314+0000][gc,heap     ] GC(619) Old regions: 162->162
[2026-01-16T08:55:08.315+0000][gc,heap     ] GC(619) Humongous regions: 149->149
[2026-01-16T08:55:08.315+0000][gc,metaspace] GC(619) Metaspace: 15327K(15872K)->15327K(15872K) NonClass: 13646K(13888K)->13646K(13888K) Class: 1681K(1984K)->1681K(1984K)
[2026-01-16T08:55:08.319+0000][gc          ] GC(619) Pause Young (Normal) (G1 Evacuation Pause) 360M->314M(1024M) 354.960ms
[2026-01-16T08:55:08.324+0000][gc,cpu      ] GC(619) User=0.21s Sys=0.00s Real=0.36s
[2026-01-16T08:55:09.504+0000][gc,start    ] GC(620) Pause Young (Normal) (G1 Evacuation Pause)
[2026-01-16T08:55:09.508+0000][gc,task     ] GC(620) Using 8 workers of 8 for evacuation
[2026-01-16T08:55:09.869+0000][gc,mmu      ] GC(620) MMU target violated: 201.0ms (200.0ms/201.0ms)
[2026-01-16T08:55:09.870+0000][gc,phases   ] GC(620)   Pre Evacuate Collection Set: 42.7ms
[2026-01-16T08:55:09.873+0000][gc,phases   ] GC(620)   Merge Heap Roots: 3.5ms
[2026-01-16T08:55:09.874+0000][gc,phases   ] GC(620)   Evacuate Collection Set: 294.7ms
[2026-01-16T08:55:09.874+0000][gc,phases   ] GC(620)   Post Evacuate Collection Set: 14.9ms
[2026-01-16T08:55:09.874+0000][gc,phases   ] GC(620)   Other: 7.5ms
[2026-01-16T08:55:09.875+0000][gc,heap     ] GC(620) Eden regions: 47->0(46)
[2026-01-16T08:55:09.876+0000][gc,heap     ] GC(620) Survivor regions: 4->5(7)
[2026-01-16T08:55:09.878+0000][gc,heap     ] GC(620) Old regions: 162->162
[2026-01-16T08:55:09.880+0000][gc,heap     ] GC(620) Humongous regions: 149->149
[2026-01-16T08:55:09.880+0000][gc,metaspace] GC(620) Metaspace: 15327K(15872K)->15327K(15872K) NonClass: 13646K(13888K)->13646K(13888K) Class: 1681K(1984K)->1681K(1984K)
[2026-01-16T08:55:09.880+0000][gc          ] GC(620) Pause Young (Normal) (G1 Evacuation Pause) 361M->315M(1024M) 375.856ms
[2026-01-16T08:55:09.881+0000][gc,cpu      ] GC(620) User=0.18s Sys=0.00s Real=0.37s
[2026-01-16T08:55:13.211+0000][gc,start    ] GC(621) Pause Young (Normal) (G1 Evacuation Pause)
[2026-01-16T08:55:13.212+0000][gc,task     ] GC(621) Using 8 workers of 8 for evacuation
[2026-01-16T08:55:13.602+0000][gc,mmu      ] GC(621) MMU target violated: 201.0ms (200.0ms/201.0ms)
[2026-01-16T08:55:13.698+0000][gc,phases   ] GC(621)   Pre Evacuate Collection Set: 9.4ms
[2026-01-16T08:55:13.734+0000][gc,phases   ] GC(621)   Merge Heap Roots: 1.9ms
[2026-01-16T08:55:13.737+0000][gc,phases   ] GC(621)   Evacuate Collection Set: 368.9ms
[2026-01-16T08:55:13.739+0000][gc,phases   ] GC(621)   Post Evacuate Collection Set: 9.2ms
[2026-01-16T08:55:13.741+0000][gc,phases   ] GC(621)   Other: 97.0ms
[2026-01-16T08:55:13.745+0000][gc,heap     ] GC(621) Eden regions: 46->0(46)
[2026-01-16T08:55:13.745+0000][gc,heap     ] GC(621) Survivor regions: 5->5(7)
[2026-01-16T08:55:13.749+0000][gc,heap     ] GC(621) Old regions: 162->163
[2026-01-16T08:55:13.750+0000][gc,heap     ] GC(621) Humongous regions: 149->149
[2026-01-16T08:55:13.758+0000][gc,metaspace] GC(621) Metaspace: 15327K(15872K)->15327K(15872K) NonClass: 13646K(13888K)->13646K(13888K) Class: 1681K(1984K)->1681K(1984K)
[2026-01-16T08:55:13.763+0000][gc          ] GC(621) Pause Young (Normal) (G1 Evacuation Pause) 361M->315M(1024M) 552.619ms
[2026-01-16T08:55:13.767+0000][gc,cpu      ] GC(621) User=0.27s Sys=0.01s Real=0.56s
[2026-01-16T08:55:15.129+0000][gc,start    ] GC(622) Pause Young (Normal) (G1 Evacuation Pause)
[2026-01-16T08:55:15.138+0000][gc,task     ] GC(622) Using 8 workers of 8 for evacuation
[2026-01-16T08:55:15.493+0000][gc,mmu      ] GC(622) MMU target violated: 201.0ms (200.0ms/201.0ms)
[2026-01-16T08:55:15.495+0000][gc,phases   ] GC(622)   Pre Evacuate Collection Set: 26.8ms
[2026-01-16T08:55:15.496+0000][gc,phases   ] GC(622)   Merge Heap Roots: 0.7ms
[2026-01-16T08:55:15.496+0000][gc,phases   ] GC(622)   Evacuate Collection Set: 305.6ms
[2026-01-16T08:55:15.496+0000][gc,phases   ] GC(622)   Post Evacuate Collection Set: 11.3ms
[2026-01-16T08:55:15.497+0000][gc,phases   ] GC(622)   Other: 13.5ms
[2026-01-16T08:55:15.498+0000][gc,heap     ] GC(622) Eden regions: 46->0(46)
[2026-01-16T08:55:15.499+0000][gc,heap     ] GC(622) Survivor regions: 5->5(7)
[2026-01-16T08:55:15.499+0000][gc,heap     ] GC(622) Old regions: 163->164
[2026-01-16T08:55:15.500+0000][gc,heap     ] GC(622) Humongous regions: 149->149
[2026-01-16T08:55:15.500+0000][gc,metaspace] GC(622) Metaspace: 15329K(15872K)->15329K(15872K) NonClass: 13648K(13888K)->13648K(13888K) Class: 1681K(1984K)->1681K(1984K)
[2026-01-16T08:55:15.501+0000][gc          ] GC(622) Pause Young (Normal) (G1 Evacuation Pause) 361M->316M(1024M) 372.002ms
[2026-01-16T08:55:15.501+0000][gc,cpu      ] GC(622) User=0.19s Sys=0.01s Real=0.37s
[2026-01-16T08:55:16.560+0000][gc,start    ] GC(623) Pause Young (Normal) (G1 Evacuation Pause)
[2026-01-16T08:55:16.564+0000][gc,task     ] GC(623) Using 8 workers of 8 for evacuation
[2026-01-16T08:55:16.911+0000][gc,mmu      ] GC(623) MMU target violated: 201.0ms (200.0ms/201.0ms)
[2026-01-16T08:55:16.913+0000][gc,phases   ] GC(623)   Pre Evacuate Collection Set: 67.6ms
[2026-01-16T08:55:16.913+0000][gc,phases   ] GC(623)   Merge Heap Roots: 7.0ms
[2026-01-16T08:55:16.913+0000][gc,phases   ] GC(623)   Evacuate Collection Set: 257.6ms
[2026-01-16T08:55:16.914+0000][gc,phases   ] GC(623)   Post Evacuate Collection Set: 10.6ms
[2026-01-16T08:55:16.914+0000][gc,phases   ] GC(623)   Other: 6.4ms
[2026-01-16T08:55:16.915+0000][gc,heap     ] GC(623) Eden regions: 46->0(46)
[2026-01-16T08:55:16.915+0000][gc,heap     ] GC(623) Survivor regions: 5->5(7)
[2026-01-16T08:55:16.916+0000][gc,heap     ] GC(623) Old regions: 164->165
[2026-01-16T08:55:16.916+0000][gc,heap     ] GC(623) Humongous regions: 149->149
[2026-01-16T08:55:16.917+0000][gc,metaspace] GC(623) Metaspace: 15333K(15872K)->15333K(15872K) NonClass: 13652K(13888K)->13652K(13888K) Class: 1681K(1984K)->1681K(1984K)
[2026-01-16T08:55:16.917+0000][gc          ] GC(623) Pause Young (Normal) (G1 Evacuation Pause) 362M->317M(1024M) 357.711ms
[2026-01-16T08:55:16.918+0000][gc,cpu      ] GC(623) User=0.17s Sys=0.01s Real=0.36s
[2026-01-16T08:55:18.673+0000][gc,start    ] GC(624) Pause Young (Normal) (G1 Evacuation Pause)
[2026-01-16T08:55:18.677+0000][gc,task     ] GC(624) Using 8 workers of 8 for evacuation
[2026-01-16T08:55:19.215+0000][gc,mmu      ] GC(624) MMU target violated: 201.0ms (200.0ms/201.0ms)
[2026-01-16T08:55:19.216+0000][gc,phases   ] GC(624)   Pre Evacuate Collection Set: 38.2ms
[2026-01-16T08:55:19.217+0000][gc,phases   ] GC(624)   Merge Heap Roots: 44.7ms
[2026-01-16T08:55:19.217+0000][gc,phases   ] GC(624)   Evacuate Collection Set: 443.4ms
[2026-01-16T08:55:19.218+0000][gc,phases   ] GC(624)   Post Evacuate Collection Set: 8.4ms
[2026-01-16T08:55:19.218+0000][gc,phases   ] GC(624)   Other: 4.3ms
[2026-01-16T08:55:19.219+0000][gc,heap     ] GC(624) Eden regions: 46->0(46)
[2026-01-16T08:55:19.220+0000][gc,heap     ] GC(624) Survivor regions: 5->5(7)
[2026-01-16T08:55:19.221+0000][gc,heap     ] GC(624) Old regions: 165->165
[2026-01-16T08:55:19.221+0000][gc,heap     ] GC(624) Humongous regions: 149->149
[2026-01-16T08:55:19.222+0000][gc,metaspace] GC(624) Metaspace: 15333K(15872K)->15333K(15872K) NonClass: 13652K(13888K)->13652K(13888K) Class: 1681K(1984K)->1681K(1984K)
[2026-01-16T08:55:19.225+0000][gc          ] GC(624) Pause Young (Normal) (G1 Evacuation Pause) 363M->318M(1024M) 551.901ms
[2026-01-16T08:55:19.227+0000][gc,cpu      ] GC(624) User=0.23s Sys=0.02s Real=0.55s
[2026-01-16T08:55:20.439+0000][gc,start    ] GC(625) Pause Young (Normal) (G1 Evacuation Pause)
[2026-01-16T08:55:20.440+0000][gc,task     ] GC(625) Using 8 workers of 8 for evacuation
[2026-01-16T08:55:21.221+0000][gc,mmu      ] GC(625) MMU target violated: 201.0ms (200.0ms/201.0ms)
[2026-01-16T08:55:21.246+0000][gc,phases   ] GC(625)   Pre Evacuate Collection Set: 4.6ms
[2026-01-16T08:55:21.246+0000][gc,phases   ] GC(625)   Merge Heap Roots: 0.5ms
[2026-01-16T08:55:21.246+0000][gc,phases   ] GC(625)   Evacuate Collection Set: 734.8ms
[2026-01-16T08:55:21.247+0000][gc,phases   ] GC(625)   Post Evacuate Collection Set: 39.9ms
[2026-01-16T08:55:21.247+0000][gc,phases   ] GC(625)   Other: 26.0ms
[2026-01-16T08:55:21.248+0000][gc,heap     ] GC(625) Eden regions: 46->0(46)
[2026-01-16T08:55:21.248+0000][gc,heap     ] GC(625) Survivor regions: 5->5(7)
[2026-01-16T08:55:21.248+0000][gc,heap     ] GC(625) Old regions: 165->166
[2026-01-16T08:55:21.248+0000][gc,heap     ] GC(625) Humongous regions: 149->149
[2026-01-16T08:55:21.250+0000][gc,metaspace] GC(625) Metaspace: 15333K(15872K)->15333K(15872K) NonClass: 13652K(13888K)->13652K(13888K) Class: 1681K(1984K)->1681K(1984K)
[2026-01-16T08:55:21.251+0000][gc          ] GC(625) Pause Young (Normal) (G1 Evacuation Pause) 364M->318M(1024M) 812.358ms
[2026-01-16T08:55:21.251+0000][gc,cpu      ] GC(625) User=0.23s Sys=0.04s Real=0.81s
[2026-01-16T08:55:22.372+0000][gc,start    ] GC(626) Pause Young (Normal) (G1 Evacuation Pause)
[2026-01-16T08:55:22.381+0000][gc,task     ] GC(626) Using 8 workers of 8 for evacuation
[2026-01-16T08:55:23.083+0000][gc,mmu      ] GC(626) MMU target violated: 201.0ms (200.0ms/201.0ms)
[2026-01-16T08:55:23.084+0000][gc,phases   ] GC(626)   Pre Evacuate Collection Set: 14.8ms
[2026-01-16T08:55:23.087+0000][gc,phases   ] GC(626)   Merge Heap Roots: 3.2ms
[2026-01-16T08:55:23.089+0000][gc,phases   ] GC(626)   Evacuate Collection Set: 616.6ms
[2026-01-16T08:55:23.090+0000][gc,phases   ] GC(626)   Post Evacuate Collection Set: 56.5ms
[2026-01-16T08:55:23.091+0000][gc,phases   ] GC(626)   Other: 12.2ms
[2026-01-16T08:55:23.092+0000][gc,heap     ] GC(626) Eden regions: 46->0(46)
[2026-01-16T08:55:23.093+0000][gc,heap     ] GC(626) Survivor regions: 5->5(7)
[2026-01-16T08:55:23.095+0000][gc,heap     ] GC(626) Old regions: 166->167
[2026-01-16T08:55:23.095+0000][gc,heap     ] GC(626) Humongous regions: 149->149
[2026-01-16T08:55:23.096+0000][gc,metaspace] GC(626) Metaspace: 15333K(15872K)->15333K(15872K) NonClass: 13652K(13888K)->13652K(13888K) Class: 1681K(1984K)->1681K(1984K)
[2026-01-16T08:55:23.104+0000][gc          ] GC(626) Pause Young (Normal) (G1 Evacuation Pause) 364M->319M(1024M) 731.487ms
[2026-01-16T08:55:23.105+0000][gc,cpu      ] GC(626) User=0.26s Sys=0.02s Real=0.75s
[2026-01-16T08:55:24.640+0000][gc,start    ] GC(627) Pause Young (Normal) (G1 Evacuation Pause)
[2026-01-16T08:55:24.641+0000][gc,task     ] GC(627) Using 8 workers of 8 for evacuation
[2026-01-16T08:55:25.199+0000][gc,mmu      ] GC(627) MMU target violated: 201.0ms (200.0ms/201.0ms)
[2026-01-16T08:55:25.204+0000][gc,phases   ] GC(627)   Pre Evacuate Collection Set: 11.7ms
[2026-01-16T08:55:25.208+0000][gc,phases   ] GC(627)   Merge Heap Roots: 6.9ms
[2026-01-16T08:55:25.209+0000][gc,phases   ] GC(627)   Evacuate Collection Set: 496.5ms
[2026-01-16T08:55:25.209+0000][gc,phases   ] GC(627)   Post Evacuate Collection Set: 40.6ms
[2026-01-16T08:55:25.209+0000][gc,phases   ] GC(627)   Other: 6.6ms
[2026-01-16T08:55:25.230+0000][gc,heap     ] GC(627) Eden regions: 46->0(46)
[2026-01-16T08:55:25.234+0000][gc,heap     ] GC(627) Survivor regions: 5->5(7)
[2026-01-16T08:55:25.235+0000][gc,heap     ] GC(627) Old regions: 167->167
[2026-01-16T08:55:25.236+0000][gc,heap     ] GC(627) Humongous regions: 149->149
[2026-01-16T08:55:25.236+0000][gc,metaspace] GC(627) Metaspace: 15333K(15872K)->15333K(15872K) NonClass: 13652K(13888K)->13652K(13888K) Class: 1681K(1984K)->1681K(1984K)
[2026-01-16T08:55:25.237+0000][gc          ] GC(627) Pause Young (Normal) (G1 Evacuation Pause) 365M->320M(1024M) 597.170ms
[2026-01-16T08:55:25.237+0000][gc,cpu      ] GC(627) User=0.26s Sys=0.04s Real=0.60s
[2026-01-16T08:55:28.061+0000][gc,start    ] GC(628) Pause Young (Normal) (GCLocker Initiated GC)
[2026-01-16T08:55:28.072+0000][gc,task     ] GC(628) Using 8 workers of 8 for evacuation
[2026-01-16T08:55:28.976+0000][gc,mmu      ] GC(628) MMU target violated: 201.0ms (200.0ms/201.0ms)
[2026-01-16T08:55:28.994+0000][gc,phases   ] GC(628)   Pre Evacuate Collection Set: 54.5ms
[2026-01-16T08:55:28.997+0000][gc,phases   ] GC(628)   Merge Heap Roots: 0.9ms
[2026-01-16T08:55:28.997+0000][gc,phases   ] GC(628)   Evacuate Collection Set: 772.5ms
[2026-01-16T08:55:28.997+0000][gc,phases   ] GC(628)   Post Evacuate Collection Set: 42.5ms
[2026-01-16T08:55:28.997+0000][gc,phases   ] GC(628)   Other: 52.6ms
[2026-01-16T08:55:28.997+0000][gc,heap     ] GC(628) Eden regions: 56->0(46)
[2026-01-16T08:55:28.997+0000][gc,heap     ] GC(628) Survivor regions: 5->5(8)
[2026-01-16T08:55:28.998+0000][gc,heap     ] GC(628) Old regions: 167->167
[2026-01-16T08:55:28.998+0000][gc,heap     ] GC(628) Humongous regions: 149->149
[2026-01-16T08:55:28.998+0000][gc,metaspace] GC(628) Metaspace: 15333K(15872K)->15333K(15872K) NonClass: 13652K(13888K)->13652K(13888K) Class: 1681K(1984K)->1681K(1984K)
[2026-01-16T08:55:28.998+0000][gc          ] GC(628) Pause Young (Normal) (GCLocker Initiated GC) 375M->320M(1024M) 937.027ms
[2026-01-16T08:55:28.998+0000][gc,cpu      ] GC(628) User=0.45s Sys=0.04s Real=0.94s
[2026-01-16T08:55:31.760+0000][gc,start    ] GC(629) Pause Young (Normal) (G1 Evacuation Pause)
[2026-01-16T08:55:31.765+0000][gc,task     ] GC(629) Using 8 workers of 8 for evacuation
[2026-01-16T08:55:33.237+0000][gc,mmu      ] GC(629) MMU target violated: 201.0ms (200.0ms/201.0ms)
[2026-01-16T08:55:33.240+0000][gc,phases   ] GC(629)   Pre Evacuate Collection Set: 36.5ms
[2026-01-16T08:55:33.240+0000][gc,phases   ] GC(629)   Merge Heap Roots: 4.7ms
[2026-01-16T08:55:33.252+0000][gc,phases   ] GC(629)   Evacuate Collection Set: 1375.0ms
[2026-01-16T08:55:33.255+0000][gc,phases   ] GC(629)   Post Evacuate Collection Set: 52.7ms
[2026-01-16T08:55:33.257+0000][gc,phases   ] GC(629)   Other: 6.4ms
[2026-01-16T08:55:33.258+0000][gc,heap     ] GC(629) Eden regions: 46->0(46)
[2026-01-16T08:55:33.264+0000][gc,heap     ] GC(629) Survivor regions: 5->5(7)
[2026-01-16T08:55:33.265+0000][gc,heap     ] GC(629) Old regions: 167->169
[2026-01-16T08:55:33.268+0000][gc,heap     ] GC(629) Humongous regions: 149->149
[2026-01-16T08:55:33.270+0000][gc,metaspace] GC(629) Metaspace: 15334K(15872K)->15334K(15872K) NonClass: 13653K(13888K)->13653K(13888K) Class: 1681K(1984K)->1681K(1984K)
[2026-01-16T08:55:33.278+0000][gc          ] GC(629) Pause Young (Normal) (G1 Evacuation Pause) 366M->322M(1024M) 1518.279ms
[2026-01-16T08:55:33.281+0000][gc,cpu      ] GC(629) User=0.77s Sys=0.06s Real=1.52s
[2026-01-16T08:55:37.927+0000][gc,start    ] GC(630) Pause Young (Normal) (G1 Evacuation Pause)
[2026-01-16T08:55:37.932+0000][gc,task     ] GC(630) Using 8 workers of 8 for evacuation
[2026-01-16T08:56:03.242+0000][gc,mmu      ] GC(630) MMU target violated: 201.0ms (200.0ms/201.0ms)
[2026-01-16T08:56:03.257+0000][gc,phases   ] GC(630)   Pre Evacuate Collection Set: 107.1ms
[2026-01-16T08:56:03.276+0000][gc,phases   ] GC(630)   Merge Heap Roots: 17.0ms
[2026-01-16T08:56:03.276+0000][gc,phases   ] GC(630)   Evacuate Collection Set: 24440.0ms
[2026-01-16T08:56:03.277+0000][gc,phases   ] GC(630)   Post Evacuate Collection Set: 717.6ms
[2026-01-16T08:56:03.277+0000][gc,phases   ] GC(630)   Other: 44.2ms
[2026-01-16T08:56:03.280+0000][gc,heap     ] GC(630) Eden regions: 46->0(46)
[2026-01-16T08:56:03.281+0000][gc,heap     ] GC(630) Survivor regions: 5->5(7)
[2026-01-16T08:56:03.281+0000][gc,heap     ] GC(630) Old regions: 169->170
[2026-01-16T08:56:03.282+0000][gc,heap     ] GC(630) Humongous regions: 149->149
[2026-01-16T08:56:03.282+0000][gc,metaspace] GC(630) Metaspace: 15334K(15872K)->15334K(15872K) NonClass: 13653K(13888K)->13653K(13888K) Class: 1681K(1984K)->1681K(1984K)
[2026-01-16T08:56:03.284+0000][gc          ] GC(630) Pause Young (Normal) (G1 Evacuation Pause) 368M->322M(1024M) 25357.906ms
[2026-01-16T08:56:03.303+0000][gc,cpu      ] GC(630) User=5.93s Sys=0.77s Real=25.37s
[2026-01-16T08:56:11.130+0000][gc,start    ] GC(631) Pause Young (Normal) (G1 Evacuation Pause)
[2026-01-16T08:56:11.172+0000][gc,task     ] GC(631) Using 8 workers of 8 for evacuation
[2026-01-16T08:56:13.298+0000][gc,mmu      ] GC(631) MMU target violated: 201.0ms (200.0ms/201.0ms)
[2026-01-16T08:56:13.303+0000][gc,phases   ] GC(631)   Pre Evacuate Collection Set: 295.2ms
[2026-01-16T08:56:13.342+0000][gc,phases   ] GC(631)   Merge Heap Roots: 20.1ms
[2026-01-16T08:56:13.344+0000][gc,phases   ] GC(631)   Evacuate Collection Set: 1698.1ms
[2026-01-16T08:56:13.346+0000][gc,phases   ] GC(631)   Post Evacuate Collection Set: 95.8ms
[2026-01-16T08:56:13.346+0000][gc,phases   ] GC(631)   Other: 58.2ms
[2026-01-16T08:56:13.348+0000][gc,heap     ] GC(631) Eden regions: 46->0(47)
[2026-01-16T08:56:13.349+0000][gc,heap     ] GC(631) Survivor regions: 5->4(7)
[2026-01-16T08:56:13.354+0000][gc,heap     ] GC(631) Old regions: 170->171
[2026-01-16T08:56:13.355+0000][gc,heap     ] GC(631) Humongous regions: 149->149
[2026-01-16T08:56:13.355+0000][gc,metaspace] GC(631) Metaspace: 15334K(15872K)->15334K(15872K) NonClass: 13653K(13888K)->13653K(13888K) Class: 1681K(1984K)->1681K(1984K)
[2026-01-16T08:56:13.359+0000][gc          ] GC(631) Pause Young (Normal) (G1 Evacuation Pause) 368M->323M(1024M) 2228.843ms
[2026-01-16T08:56:13.390+0000][gc,cpu      ] GC(631) User=1.14s Sys=0.10s Real=2.26s
[2026-01-16T08:56:18.560+0000][gc,start    ] GC(632) Pause Young (Normal) (G1 Evacuation Pause)
[2026-01-16T08:56:18.566+0000][gc,task     ] GC(632) Using 8 workers of 8 for evacuation
[2026-01-16T08:56:19.023+0000][gc,mmu      ] GC(632) MMU target violated: 201.0ms (200.0ms/201.0ms)
[2026-01-16T08:56:19.025+0000][gc,phases   ] GC(632)   Pre Evacuate Collection Set: 56.2ms
[2026-01-16T08:56:19.027+0000][gc,phases   ] GC(632)   Merge Heap Roots: 10.4ms
[2026-01-16T08:56:19.032+0000][gc,phases   ] GC(632)   Evacuate Collection Set: 365.1ms
[2026-01-16T08:56:19.034+0000][gc,phases   ] GC(632)   Post Evacuate Collection Set: 24.4ms
[2026-01-16T08:56:19.035+0000][gc,phases   ] GC(632)   Other: 2.6ms
[2026-01-16T08:56:19.037+0000][gc,heap     ] GC(632) Eden regions: 47->0(46)
[2026-01-16T08:56:19.038+0000][gc,heap     ] GC(632) Survivor regions: 4->5(7)
[2026-01-16T08:56:19.038+0000][gc,heap     ] GC(632) Old regions: 171->171
[2026-01-16T08:56:19.038+0000][gc,heap     ] GC(632) Humongous regions: 149->149
[2026-01-16T08:56:19.039+0000][gc,metaspace] GC(632) Metaspace: 15334K(15872K)->15334K(15872K) NonClass: 13653K(13888K)->13653K(13888K) Class: 1681K(1984K)->1681K(1984K)
[2026-01-16T08:56:19.039+0000][gc          ] GC(632) Pause Young (Normal) (G1 Evacuation Pause) 370M->323M(1024M) 479.749ms
[2026-01-16T08:56:19.040+0000][gc,cpu      ] GC(632) User=0.42s Sys=0.05s Real=0.48s
[2026-01-16T08:56:24.166+0000][gc,start    ] GC(633) Pause Young (Normal) (G1 Evacuation Pause)
[2026-01-16T08:56:24.186+0000][gc,task     ] GC(633) Using 8 workers of 8 for evacuation
[2026-01-16T08:56:25.609+0000][gc,mmu      ] GC(633) MMU target violated: 201.0ms (200.0ms/201.0ms)
[2026-01-16T08:56:25.637+0000][gc,phases   ] GC(633)   Pre Evacuate Collection Set: 171.7ms
[2026-01-16T08:56:25.639+0000][gc,phases   ] GC(633)   Merge Heap Roots: 3.6ms
[2026-01-16T08:56:25.640+0000][gc,phases   ] GC(633)   Evacuate Collection Set: 1106.7ms
[2026-01-16T08:56:25.640+0000][gc,phases   ] GC(633)   Post Evacuate Collection Set: 71.6ms
[2026-01-16T08:56:25.641+0000][gc,phases   ] GC(633)   Other: 97.6ms
[2026-01-16T08:56:25.641+0000][gc,heap     ] GC(633) Eden regions: 46->0(46)
[2026-01-16T08:56:25.643+0000][gc,heap     ] GC(633) Survivor regions: 5->5(7)
[2026-01-16T08:56:25.646+0000][gc,heap     ] GC(633) Old regions: 171->172
[2026-01-16T08:56:25.647+0000][gc,heap     ] GC(633) Humongous regions: 149->149
[2026-01-16T08:56:25.650+0000][gc,metaspace] GC(633) Metaspace: 15334K(15872K)->15334K(15872K) NonClass: 13653K(13888K)->13653K(13888K) Class: 1681K(1984K)->1681K(1984K)
[2026-01-16T08:56:25.676+0000][gc          ] GC(633) Pause Young (Normal) (G1 Evacuation Pause) 369M->324M(1024M) 1509.645ms
[2026-01-16T08:56:25.681+0000][gc,cpu      ] GC(633) User=0.63s Sys=0.04s Real=1.51s
[2026-01-16T08:56:40.304+0000][gc,start    ] GC(634) Pause Young (Normal) (G1 Evacuation Pause)
[2026-01-16T08:56:40.359+0000][gc,task     ] GC(634) Using 8 workers of 8 for evacuation
[2026-01-16T08:56:42.252+0000][gc,mmu      ] GC(634) MMU target violated: 201.0ms (200.0ms/201.0ms)
[2026-01-16T08:56:42.259+0000][gc,phases   ] GC(634)   Pre Evacuate Collection Set: 346.2ms
[2026-01-16T08:56:42.262+0000][gc,phases   ] GC(634)   Merge Heap Roots: 106.2ms
[2026-01-16T08:56:42.265+0000][gc,phases   ] GC(634)   Evacuate Collection Set: 1304.3ms
[2026-01-16T08:56:42.267+0000][gc,phases   ] GC(634)   Post Evacuate Collection Set: 122.5ms
[2026-01-16T08:56:42.272+0000][gc,phases   ] GC(634)   Other: 55.2ms
[2026-01-16T08:56:42.276+0000][gc,heap     ] GC(634) Eden regions: 46->0(46)
[2026-01-16T08:56:42.281+0000][gc,heap     ] GC(634) Survivor regions: 5->5(7)
[2026-01-16T08:56:42.283+0000][gc,heap     ] GC(634) Old regions: 172->172
[2026-01-16T08:56:42.285+0000][gc,heap     ] GC(634) Humongous regions: 149->149
[2026-01-16T08:56:42.287+0000][gc,metaspace] GC(634) Metaspace: 15336K(15872K)->15336K(15872K) NonClass: 13654K(13888K)->13654K(13888K) Class: 1681K(1984K)->1681K(1984K)
[2026-01-16T08:56:42.292+0000][gc          ] GC(634) Pause Young (Normal) (G1 Evacuation Pause) 370M->325M(1024M) 1987.690ms
[2026-01-16T08:56:42.297+0000][gc,cpu      ] GC(634) User=0.80s Sys=0.06s Real=2.00s
[2026-01-16T08:56:46.402+0000][gc,start    ] GC(635) Pause Young (Normal) (G1 Evacuation Pause)
[2026-01-16T08:56:46.420+0000][gc,task     ] GC(635) Using 8 workers of 8 for evacuation
[2026-01-16T08:56:47.849+0000][gc,mmu      ] GC(635) MMU target violated: 201.0ms (200.0ms/201.0ms)
[2026-01-16T08:56:47.853+0000][gc,phases   ] GC(635)   Pre Evacuate Collection Set: 223.6ms
[2026-01-16T08:56:47.877+0000][gc,phases   ] GC(635)   Merge Heap Roots: 38.9ms
[2026-01-16T08:56:47.877+0000][gc,phases   ] GC(635)   Evacuate Collection Set: 1084.3ms
[2026-01-16T08:56:47.877+0000][gc,phases   ] GC(635)   Post Evacuate Collection Set: 64.9ms
[2026-01-16T08:56:47.877+0000][gc,phases   ] GC(635)   Other: 23.4ms
[2026-01-16T08:56:47.878+0000][gc,heap     ] GC(635) Eden regions: 46->0(46)
[2026-01-16T08:56:47.879+0000][gc,heap     ] GC(635) Survivor regions: 5->5(7)
[2026-01-16T08:56:47.882+0000][gc,heap     ] GC(635) Old regions: 172->173
[2026-01-16T08:56:47.882+0000][gc,heap     ] GC(635) Humongous regions: 149->149
[2026-01-16T08:56:47.882+0000][gc,metaspace] GC(635) Metaspace: 15336K(15872K)->15336K(15872K) NonClass: 13654K(13888K)->13654K(13888K) Class: 1681K(1984K)->1681K(1984K)
[2026-01-16T08:56:47.883+0000][gc          ] GC(635) Pause Young (Normal) (G1 Evacuation Pause) 371M->325M(1024M) 1481.491ms
[2026-01-16T08:56:47.884+0000][gc,cpu      ] GC(635) User=0.65s Sys=0.06s Real=1.48s
[2026-01-16T08:56:50.751+0000][gc,start    ] GC(636) Pause Young (Normal) (G1 Evacuation Pause)
[2026-01-16T08:56:50.759+0000][gc,task     ] GC(636) Using 8 workers of 8 for evacuation
[2026-01-16T08:56:51.538+0000][gc,mmu      ] GC(636) MMU target violated: 201.0ms (200.0ms/201.0ms)
[2026-01-16T08:56:51.540+0000][gc,phases   ] GC(636)   Pre Evacuate Collection Set: 107.8ms
[2026-01-16T08:56:51.544+0000][gc,phases   ] GC(636)   Merge Heap Roots: 6.4ms
[2026-01-16T08:56:51.545+0000][gc,phases   ] GC(636)   Evacuate Collection Set: 585.8ms
[2026-01-16T08:56:51.549+0000][gc,phases   ] GC(636)   Post Evacuate Collection Set: 52.6ms
[2026-01-16T08:56:51.553+0000][gc,phases   ] GC(636)   Other: 28.6ms
[2026-01-16T08:56:51.555+0000][gc,heap     ] GC(636) Eden regions: 46->0(46)
[2026-01-16T08:56:51.556+0000][gc,heap     ] GC(636) Survivor regions: 5->5(7)
[2026-01-16T08:56:51.558+0000][gc,heap     ] GC(636) Old regions: 173->174
[2026-01-16T08:56:51.560+0000][gc,heap     ] GC(636) Humongous regions: 149->149
[2026-01-16T08:56:51.565+0000][gc,metaspace] GC(636) Metaspace: 15338K(15872K)->15338K(15872K) NonClass: 13657K(13888K)->13657K(13888K) Class: 1681K(1984K)->1681K(1984K)
[2026-01-16T08:56:51.570+0000][gc          ] GC(636) Pause Young (Normal) (G1 Evacuation Pause) 371M->326M(1024M) 819.019ms
[2026-01-16T08:56:51.571+0000][gc,cpu      ] GC(636) User=0.38s Sys=0.02s Real=0.82s
[2026-01-16T08:56:53.558+0000][gc,start    ] GC(637) Pause Young (Normal) (G1 Evacuation Pause)
[2026-01-16T08:56:53.639+0000][gc,task     ] GC(637) Using 8 workers of 8 for evacuation
[2026-01-16T08:56:54.309+0000][gc,mmu      ] GC(637) MMU target violated: 201.0ms (200.0ms/201.0ms)
[2026-01-16T08:56:54.311+0000][gc,phases   ] GC(637)   Pre Evacuate Collection Set: 29.3ms
[2026-01-16T08:56:54.312+0000][gc,phases   ] GC(637)   Merge Heap Roots: 1.7ms
[2026-01-16T08:56:54.312+0000][gc,phases   ] GC(637)   Evacuate Collection Set: 620.8ms
[2026-01-16T08:56:54.313+0000][gc,phases   ] GC(637)   Post Evacuate Collection Set: 5.8ms
[2026-01-16T08:56:54.313+0000][gc,phases   ] GC(637)   Other: 80.3ms
[2026-01-16T08:56:54.314+0000][gc,heap     ] GC(637) Eden regions: 46->0(46)
[2026-01-16T08:56:54.314+0000][gc,heap     ] GC(637) Survivor regions: 5->5(7)
[2026-01-16T08:56:54.314+0000][gc,heap     ] GC(637) Old regions: 174->174
[2026-01-16T08:56:54.315+0000][gc,heap     ] GC(637) Humongous regions: 149->149
[2026-01-16T08:56:54.316+0000][gc,metaspace] GC(637) Metaspace: 15342K(15872K)->15342K(15872K) NonClass: 13661K(13888K)->13661K(13888K) Class: 1681K(1984K)->1681K(1984K)
[2026-01-16T08:56:54.317+0000][gc          ] GC(637) Pause Young (Normal) (G1 Evacuation Pause) 372M->327M(1024M) 758.244ms
[2026-01-16T08:56:54.317+0000][gc,cpu      ] GC(637) User=0.35s Sys=0.05s Real=0.76s
[2026-01-16T08:56:56.463+0000][gc,start    ] GC(638) Pause Young (Normal) (G1 Evacuation Pause)
[2026-01-16T08:56:56.474+0000][gc,task     ] GC(638) Using 8 workers of 8 for evacuation
[2026-01-16T08:56:58.239+0000][gc,mmu      ] GC(638) MMU target violated: 201.0ms (200.0ms/201.0ms)
[2026-01-16T08:56:58.241+0000][gc,phases   ] GC(638)   Pre Evacuate Collection Set: 117.4ms
[2026-01-16T08:56:58.242+0000][gc,phases   ] GC(638)   Merge Heap Roots: 0.9ms
[2026-01-16T08:56:58.246+0000][gc,phases   ] GC(638)   Evacuate Collection Set: 1548.5ms
[2026-01-16T08:56:58.246+0000][gc,phases   ] GC(638)   Post Evacuate Collection Set: 94.7ms
[2026-01-16T08:56:58.247+0000][gc,phases   ] GC(638)   Other: 6.4ms
[2026-01-16T08:56:58.248+0000][gc,heap     ] GC(638) Eden regions: 46->0(46)
[2026-01-16T08:56:58.248+0000][gc,heap     ] GC(638) Survivor regions: 5->5(7)
[2026-01-16T08:56:58.248+0000][gc,heap     ] GC(638) Old regions: 174->175
[2026-01-16T08:56:58.248+0000][gc,heap     ] GC(638) Humongous regions: 149->149
[2026-01-16T08:56:58.248+0000][gc,metaspace] GC(638) Metaspace: 15342K(15872K)->15342K(15872K) NonClass: 13661K(13888K)->13661K(13888K) Class: 1681K(1984K)->1681K(1984K)
[2026-01-16T08:56:58.250+0000][gc          ] GC(638) Pause Young (Normal) (G1 Evacuation Pause) 373M->328M(1024M) 1787.426ms
[2026-01-16T08:56:58.255+0000][gc,cpu      ] GC(638) User=0.56s Sys=0.05s Real=1.79s
[2026-01-16T08:57:04.503+0000][gc,start    ] GC(639) Pause Young (Normal) (G1 Evacuation Pause)
[2026-01-16T08:57:04.542+0000][gc,task     ] GC(639) Using 8 workers of 8 for evacuation
[2026-01-16T08:57:05.775+0000][gc,mmu      ] GC(639) MMU target violated: 201.0ms (200.0ms/201.0ms)
[2026-01-16T08:57:05.777+0000][gc,phases   ] GC(639)   Pre Evacuate Collection Set: 139.7ms
[2026-01-16T08:57:05.778+0000][gc,phases   ] GC(639)   Merge Heap Roots: 5.1ms
[2026-01-16T08:57:05.778+0000][gc,phases   ] GC(639)   Evacuate Collection Set: 1039.3ms
[2026-01-16T08:57:05.779+0000][gc,phases   ] GC(639)   Post Evacuate Collection Set: 30.9ms
[2026-01-16T08:57:05.779+0000][gc,phases   ] GC(639)   Other: 21.3ms
[2026-01-16T08:57:05.781+0000][gc,heap     ] GC(639) Eden regions: 46->0(46)
[2026-01-16T08:57:05.789+0000][gc,heap     ] GC(639) Survivor regions: 5->5(7)
[2026-01-16T08:57:05.790+0000][gc,heap     ] GC(639) Old regions: 175->176
[2026-01-16T08:57:05.793+0000][gc,heap     ] GC(639) Humongous regions: 149->149
[2026-01-16T08:57:05.794+0000][gc,metaspace] GC(639) Metaspace: 15345K(15872K)->15345K(15872K) NonClass: 13664K(13888K)->13664K(13888K) Class: 1681K(1984K)->1681K(1984K)
[2026-01-16T08:57:05.795+0000][gc          ] GC(639) Pause Young (Normal) (G1 Evacuation Pause) 374M->328M(1024M) 1291.567ms
[2026-01-16T08:57:05.796+0000][gc,cpu      ] GC(639) User=0.61s Sys=0.06s Real=1.32s
[2026-01-16T08:57:09.198+0000][gc,start    ] GC(640) Pause Young (Normal) (G1 Evacuation Pause)
[2026-01-16T08:57:09.205+0000][gc,task     ] GC(640) Using 8 workers of 8 for evacuation
[2026-01-16T08:57:09.871+0000][gc,mmu      ] GC(640) MMU target violated: 201.0ms (200.0ms/201.0ms)
[2026-01-16T08:57:09.882+0000][gc,phases   ] GC(640)   Pre Evacuate Collection Set: 43.3ms
[2026-01-16T08:57:09.882+0000][gc,phases   ] GC(640)   Merge Heap Roots: 4.7ms
[2026-01-16T08:57:09.883+0000][gc,phases   ] GC(640)   Evacuate Collection Set: 594.9ms
[2026-01-16T08:57:09.896+0000][gc,phases   ] GC(640)   Post Evacuate Collection Set: 22.4ms
[2026-01-16T08:57:09.897+0000][gc,phases   ] GC(640)   Other: 14.2ms
[2026-01-16T08:57:09.898+0000][gc,heap     ] GC(640) Eden regions: 46->0(46)
[2026-01-16T08:57:09.898+0000][gc,heap     ] GC(640) Survivor regions: 5->5(7)
[2026-01-16T08:57:09.899+0000][gc,heap     ] GC(640) Old regions: 176->177
[2026-01-16T08:57:09.899+0000][gc,heap     ] GC(640) Humongous regions: 149->149
[2026-01-16T08:57:09.899+0000][gc,metaspace] GC(640) Metaspace: 15347K(15872K)->15347K(15872K) NonClass: 13665K(13888K)->13665K(13888K) Class: 1681K(1984K)->1681K(1984K)
[2026-01-16T08:57:09.899+0000][gc          ] GC(640) Pause Young (Normal) (G1 Evacuation Pause) 374M->329M(1024M) 700.934ms
[2026-01-16T08:57:09.899+0000][gc,cpu      ] GC(640) User=0.37s Sys=0.02s Real=0.70s
[2026-01-16T08:57:11.876+0000][gc,start    ] GC(641) Pause Young (Normal) (G1 Evacuation Pause)
[2026-01-16T08:57:11.879+0000][gc,task     ] GC(641) Using 8 workers of 8 for evacuation
[2026-01-16T08:57:12.713+0000][gc,mmu      ] GC(641) MMU target violated: 201.0ms (200.0ms/201.0ms)
[2026-01-16T08:57:12.714+0000][gc,phases   ] GC(641)   Pre Evacuate Collection Set: 69.5ms
[2026-01-16T08:57:12.716+0000][gc,phases   ] GC(641)   Merge Heap Roots: 3.1ms
[2026-01-16T08:57:12.717+0000][gc,phases   ] GC(641)   Evacuate Collection Set: 738.4ms
[2026-01-16T08:57:12.718+0000][gc,phases   ] GC(641)   Post Evacuate Collection Set: 17.5ms
[2026-01-16T08:57:12.718+0000][gc,phases   ] GC(641)   Other: 6.9ms
[2026-01-16T08:57:12.720+0000][gc,heap     ] GC(641) Eden regions: 46->0(46)
[2026-01-16T08:57:12.722+0000][gc,heap     ] GC(641) Survivor regions: 5->5(7)
[2026-01-16T08:57:12.725+0000][gc,heap     ] GC(641) Old regions: 177->177
[2026-01-16T08:57:12.726+0000][gc,heap     ] GC(641) Humongous regions: 149->149
[2026-01-16T08:57:12.726+0000][gc,metaspace] GC(641) Metaspace: 15348K(15872K)->15348K(15872K) NonClass: 13667K(13888K)->13667K(13888K) Class: 1681K(1984K)->1681K(1984K)
[2026-01-16T08:57:12.728+0000][gc          ] GC(641) Pause Young (Normal) (G1 Evacuation Pause) 375M->330M(1024M) 851.323ms
[2026-01-16T08:57:12.730+0000][gc,cpu      ] GC(641) User=0.59s Sys=0.07s Real=0.85s
[2026-01-16T08:57:15.808+0000][gc,start    ] GC(642) Pause Young (Normal) (G1 Evacuation Pause)
[2026-01-16T08:57:15.866+0000][gc,task     ] GC(642) Using 8 workers of 8 for evacuation
[2026-01-16T08:57:16.687+0000][gc,mmu      ] GC(642) MMU target violated: 201.0ms (200.0ms/201.0ms)
[2026-01-16T08:57:16.690+0000][gc,phases   ] GC(642)   Pre Evacuate Collection Set: 77.7ms
[2026-01-16T08:57:16.692+0000][gc,phases   ] GC(642)   Merge Heap Roots: 18.1ms
[2026-01-16T08:57:16.693+0000][gc,phases   ] GC(642)   Evacuate Collection Set: 680.5ms
[2026-01-16T08:57:16.697+0000][gc,phases   ] GC(642)   Post Evacuate Collection Set: 41.9ms
[2026-01-16T08:57:16.698+0000][gc,phases   ] GC(642)   Other: 17.6ms
[2026-01-16T08:57:16.700+0000][gc,heap     ] GC(642) Eden regions: 46->0(46)
[2026-01-16T08:57:16.701+0000][gc,heap     ] GC(642) Survivor regions: 5->5(7)
[2026-01-16T08:57:16.702+0000][gc,heap     ] GC(642) Old regions: 177->178
[2026-01-16T08:57:16.702+0000][gc,heap     ] GC(642) Humongous regions: 149->149
[2026-01-16T08:57:16.703+0000][gc,metaspace] GC(642) Metaspace: 15348K(15872K)->15348K(15872K) NonClass: 13667K(13888K)->13667K(13888K) Class: 1681K(1984K)->1681K(1984K)
[2026-01-16T08:57:16.715+0000][gc          ] GC(642) Pause Young (Normal) (G1 Evacuation Pause) 376M->330M(1024M) 906.813ms
[2026-01-16T08:57:16.728+0000][gc,cpu      ] GC(642) User=0.43s Sys=0.02s Real=0.92s
[2026-01-16T08:57:19.371+0000][gc,start    ] GC(643) Pause Young (Normal) (G1 Evacuation Pause)
[2026-01-16T08:57:19.381+0000][gc,task     ] GC(643) Using 8 workers of 8 for evacuation
[2026-01-16T08:57:19.903+0000][gc,mmu      ] GC(643) MMU target violated: 201.0ms (200.0ms/201.0ms)
[2026-01-16T08:57:19.904+0000][gc,phases   ] GC(643)   Pre Evacuate Collection Set: 46.9ms
[2026-01-16T08:57:19.904+0000][gc,phases   ] GC(643)   Merge Heap Roots: 3.0ms
[2026-01-16T08:57:19.904+0000][gc,phases   ] GC(643)   Evacuate Collection Set: 446.1ms
[2026-01-16T08:57:19.904+0000][gc,phases   ] GC(643)   Post Evacuate Collection Set: 20.8ms
[2026-01-16T08:57:19.904+0000][gc,phases   ] GC(643)   Other: 5.9ms
[2026-01-16T08:57:19.905+0000][gc,heap     ] GC(643) Eden regions: 46->0(46)
[2026-01-16T08:57:19.905+0000][gc,heap     ] GC(643) Survivor regions: 5->5(7)
[2026-01-16T08:57:19.905+0000][gc,heap     ] GC(643) Old regions: 178->179
[2026-01-16T08:57:19.905+0000][gc,heap     ] GC(643) Humongous regions: 149->149
[2026-01-16T08:57:19.906+0000][gc,metaspace] GC(643) Metaspace: 15348K(15872K)->15348K(15872K) NonClass: 13667K(13888K)->13667K(13888K) Class: 1681K(1984K)->1681K(1984K)
[2026-01-16T08:57:19.906+0000][gc          ] GC(643) Pause Young (Normal) (G1 Evacuation Pause) 376M->331M(1024M) 535.215ms
[2026-01-16T08:57:19.907+0000][gc,cpu      ] GC(643) User=0.30s Sys=0.01s Real=0.55s
[2026-01-16T08:57:21.613+0000][gc,start    ] GC(644) Pause Young (Normal) (G1 Evacuation Pause)
[2026-01-16T08:57:21.623+0000][gc,task     ] GC(644) Using 8 workers of 8 for evacuation
[2026-01-16T08:57:21.939+0000][gc,mmu      ] GC(644) MMU target violated: 201.0ms (200.0ms/201.0ms)
[2026-01-16T08:57:21.939+0000][gc,phases   ] GC(644)   Pre Evacuate Collection Set: 27.1ms
[2026-01-16T08:57:21.940+0000][gc,phases   ] GC(644)   Merge Heap Roots: 3.1ms
[2026-01-16T08:57:21.940+0000][gc,phases   ] GC(644)   Evacuate Collection Set: 250.3ms
[2026-01-16T08:57:21.941+0000][gc,phases   ] GC(644)   Post Evacuate Collection Set: 32.7ms
[2026-01-16T08:57:21.941+0000][gc,phases   ] GC(644)   Other: 3.4ms
[2026-01-16T08:57:21.942+0000][gc,heap     ] GC(644) Eden regions: 46->0(45)
[2026-01-16T08:57:21.943+0000][gc,heap     ] GC(644) Survivor regions: 5->6(7)
[2026-01-16T08:57:21.943+0000][gc,heap     ] GC(644) Old regions: 179->179
[2026-01-16T08:57:21.943+0000][gc,heap     ] GC(644) Humongous regions: 149->149
[2026-01-16T08:57:21.943+0000][gc,metaspace] GC(644) Metaspace: 15350K(15872K)->15350K(15872K) NonClass: 13668K(13888K)->13668K(13888K) Class: 1681K(1984K)->1681K(1984K)
[2026-01-16T08:57:21.944+0000][gc          ] GC(644) Pause Young (Normal) (G1 Evacuation Pause) 377M->333M(1024M) 330.760ms
[2026-01-16T08:57:21.945+0000][gc,cpu      ] GC(644) User=0.25s Sys=0.02s Real=0.33s
[2026-01-16T08:57:22.950+0000][gc,start    ] GC(645) Pause Young (Normal) (G1 Evacuation Pause)
[2026-01-16T08:57:22.951+0000][gc,task     ] GC(645) Using 8 workers of 8 for evacuation
[2026-01-16T08:57:23.356+0000][gc,mmu      ] GC(645) MMU target violated: 201.0ms (200.0ms/201.0ms)
[2026-01-16T08:57:23.366+0000][gc,phases   ] GC(645)   Pre Evacuate Collection Set: 2.0ms
[2026-01-16T08:57:23.368+0000][gc,phases   ] GC(645)   Merge Heap Roots: 2.0ms
[2026-01-16T08:57:23.549+0000][gc,phases   ] GC(645)   Evacuate Collection Set: 362.1ms
[2026-01-16T08:57:23.557+0000][gc,phases   ] GC(645)   Post Evacuate Collection Set: 38.3ms
[2026-01-16T08:57:23.558+0000][gc,phases   ] GC(645)   Other: 9.8ms
[2026-01-16T08:57:23.560+0000][gc,heap     ] GC(645) Eden regions: 45->0(47)
[2026-01-16T08:57:23.560+0000][gc,heap     ] GC(645) Survivor regions: 6->4(7)
[2026-01-16T08:57:23.566+0000][gc,heap     ] GC(645) Old regions: 179->181
[2026-01-16T08:57:23.569+0000][gc,heap     ] GC(645) Humongous regions: 149->149
[2026-01-16T08:57:23.572+0000][gc,metaspace] GC(645) Metaspace: 15350K(15872K)->15350K(15872K) NonClass: 13668K(13888K)->13668K(13888K) Class: 1681K(1984K)->1681K(1984K)
[2026-01-16T08:57:23.573+0000][gc          ] GC(645) Pause Young (Normal) (G1 Evacuation Pause) 378M->332M(1024M) 622.993ms
[2026-01-16T08:57:23.603+0000][gc,cpu      ] GC(645) User=0.16s Sys=0.03s Real=0.65s
[2026-01-16T08:57:25.762+0000][gc,start    ] GC(646) Pause Young (Normal) (G1 Evacuation Pause)
[2026-01-16T08:57:25.768+0000][gc,task     ] GC(646) Using 8 workers of 8 for evacuation
[2026-01-16T08:57:26.260+0000][gc,mmu      ] GC(646) MMU target violated: 201.0ms (200.0ms/201.0ms)
[2026-01-16T08:57:26.263+0000][gc,phases   ] GC(646)   Pre Evacuate Collection Set: 59.4ms
[2026-01-16T08:57:26.264+0000][gc,phases   ] GC(646)   Merge Heap Roots: 8.9ms
[2026-01-16T08:57:26.269+0000][gc,phases   ] GC(646)   Evacuate Collection Set: 381.8ms
[2026-01-16T08:57:26.273+0000][gc,phases   ] GC(646)   Post Evacuate Collection Set: 21.6ms
[2026-01-16T08:57:26.273+0000][gc,phases   ] GC(646)   Other: 23.8ms
[2026-01-16T08:57:26.274+0000][gc,heap     ] GC(646) Eden regions: 47->0(47)
[2026-01-16T08:57:26.274+0000][gc,heap     ] GC(646) Survivor regions: 4->4(7)
[2026-01-16T08:57:26.274+0000][gc,heap     ] GC(646) Old regions: 181->181
[2026-01-16T08:57:26.276+0000][gc,heap     ] GC(646) Humongous regions: 149->149
[2026-01-16T08:57:26.277+0000][gc,metaspace] GC(646) Metaspace: 15352K(15872K)->15352K(15872K) NonClass: 13671K(13888K)->13671K(13888K) Class: 1681K(1984K)->1681K(1984K)
[2026-01-16T08:57:26.279+0000][gc          ] GC(646) Pause Young (Normal) (G1 Evacuation Pause) 379M->333M(1024M) 516.834ms
[2026-01-16T08:57:26.280+0000][gc,cpu      ] GC(646) User=0.15s Sys=0.00s Real=0.52s
[2026-01-16T08:57:28.084+0000][gc,start    ] GC(647) Pause Young (Normal) (G1 Evacuation Pause)
[2026-01-16T08:57:28.091+0000][gc,task     ] GC(647) Using 8 workers of 8 for evacuation
[2026-01-16T08:57:28.746+0000][gc,mmu      ] GC(647) MMU target violated: 201.0ms (200.0ms/201.0ms)
[2026-01-16T08:57:28.748+0000][gc,phases   ] GC(647)   Pre Evacuate Collection Set: 43.9ms
[2026-01-16T08:57:28.751+0000][gc,phases   ] GC(647)   Merge Heap Roots: 1.9ms
[2026-01-16T08:57:28.752+0000][gc,phases   ] GC(647)   Evacuate Collection Set: 549.2ms
[2026-01-16T08:57:28.757+0000][gc,phases   ] GC(647)   Post Evacuate Collection Set: 59.0ms
[2026-01-16T08:57:28.761+0000][gc,phases   ] GC(647)   Other: 3.1ms
[2026-01-16T08:57:28.761+0000][gc,heap     ] GC(647) Eden regions: 47->0(47)
[2026-01-16T08:57:28.761+0000][gc,heap     ] GC(647) Survivor regions: 4->4(7)
[2026-01-16T08:57:28.761+0000][gc,heap     ] GC(647) Old regions: 181->182
[2026-01-16T08:57:28.761+0000][gc,heap     ] GC(647) Humongous regions: 149->149
[2026-01-16T08:57:28.762+0000][gc,metaspace] GC(647) Metaspace: 15352K(15872K)->15352K(15872K) NonClass: 13671K(13888K)->13671K(13888K) Class: 1681K(1984K)->1681K(1984K)
[2026-01-16T08:57:28.764+0000][gc          ] GC(647) Pause Young (Normal) (G1 Evacuation Pause) 380M->334M(1024M) 679.418ms
[2026-01-16T08:57:28.764+0000][gc,cpu      ] GC(647) User=0.34s Sys=0.05s Real=0.68s
[2026-01-16T08:57:31.001+0000][gc,start    ] GC(648) Pause Young (Normal) (G1 Evacuation Pause)
[2026-01-16T08:57:31.011+0000][gc,task     ] GC(648) Using 8 workers of 8 for evacuation
[2026-01-16T08:57:31.943+0000][gc,mmu      ] GC(648) MMU target violated: 201.0ms (200.0ms/201.0ms)
[2026-01-16T08:57:31.949+0000][gc,phases   ] GC(648)   Pre Evacuate Collection Set: 68.3ms
[2026-01-16T08:57:31.956+0000][gc,phases   ] GC(648)   Merge Heap Roots: 10.2ms
[2026-01-16T08:57:31.960+0000][gc,phases   ] GC(648)   Evacuate Collection Set: 764.1ms
[2026-01-16T08:57:31.963+0000][gc,phases   ] GC(648)   Post Evacuate Collection Set: 76.0ms
[2026-01-16T08:57:31.967+0000][gc,phases   ] GC(648)   Other: 20.6ms
[2026-01-16T08:57:31.967+0000][gc,heap     ] GC(648) Eden regions: 47->0(46)
[2026-01-16T08:57:31.967+0000][gc,heap     ] GC(648) Survivor regions: 4->5(7)
[2026-01-16T08:57:31.967+0000][gc,heap     ] GC(648) Old regions: 182->182
[2026-01-16T08:57:31.967+0000][gc,heap     ] GC(648) Humongous regions: 149->149
[2026-01-16T08:57:31.967+0000][gc,metaspace] GC(648) Metaspace: 15352K(15872K)->15352K(15872K) NonClass: 13671K(13888K)->13671K(13888K) Class: 1681K(1984K)->1681K(1984K)
[2026-01-16T08:57:31.968+0000][gc          ] GC(648) Pause Young (Normal) (G1 Evacuation Pause) 381M->335M(1024M) 967.117ms
[2026-01-16T08:57:31.969+0000][gc,cpu      ] GC(648) User=0.41s Sys=0.05s Real=0.97s
[2026-01-16T08:57:34.038+0000][gc,start    ] GC(649) Pause Young (Normal) (G1 Evacuation Pause)
[2026-01-16T08:57:34.039+0000][gc,task     ] GC(649) Using 8 workers of 8 for evacuation
[2026-01-16T08:57:34.398+0000][gc,mmu      ] GC(649) MMU target violated: 201.0ms (200.0ms/201.0ms)
[2026-01-16T08:57:34.407+0000][gc,phases   ] GC(649)   Pre Evacuate Collection Set: 21.3ms
[2026-01-16T08:57:34.409+0000][gc,phases   ] GC(649)   Merge Heap Roots: 3.8ms
[2026-01-16T08:57:34.409+0000][gc,phases   ] GC(649)   Evacuate Collection Set: 325.3ms
[2026-01-16T08:57:34.409+0000][gc,phases   ] GC(649)   Post Evacuate Collection Set: 7.7ms
[2026-01-16T08:57:34.411+0000][gc,phases   ] GC(649)   Other: 9.7ms
[2026-01-16T08:57:34.427+0000][gc,heap     ] GC(649) Eden regions: 46->0(46)
[2026-01-16T08:57:34.427+0000][gc,heap     ] GC(649) Survivor regions: 5->5(7)
[2026-01-16T08:57:34.428+0000][gc,heap     ] GC(649) Old regions: 182->183
[2026-01-16T08:57:34.428+0000][gc,heap     ] GC(649) Humongous regions: 149->149
[2026-01-16T08:57:34.428+0000][gc,metaspace] GC(649) Metaspace: 15353K(15872K)->15353K(15872K) NonClass: 13671K(13888K)->13671K(13888K) Class: 1681K(1984K)->1681K(1984K)
[2026-01-16T08:57:34.429+0000][gc          ] GC(649) Pause Young (Normal) (G1 Evacuation Pause) 381M->335M(1024M) 390.679ms
[2026-01-16T08:57:34.433+0000][gc,cpu      ] GC(649) User=0.16s Sys=0.01s Real=0.39s
[2026-01-16T08:57:35.743+0000][gc,start    ] GC(650) Pause Young (Normal) (G1 Evacuation Pause)
[2026-01-16T08:57:35.743+0000][gc,task     ] GC(650) Using 8 workers of 8 for evacuation
[2026-01-16T08:57:35.930+0000][gc,phases   ] GC(650)   Pre Evacuate Collection Set: 14.5ms
[2026-01-16T08:57:35.932+0000][gc,phases   ] GC(650)   Merge Heap Roots: 0.6ms
[2026-01-16T08:57:35.936+0000][gc,phases   ] GC(650)   Evacuate Collection Set: 163.3ms
[2026-01-16T08:57:35.938+0000][gc,phases   ] GC(650)   Post Evacuate Collection Set: 5.6ms
[2026-01-16T08:57:35.939+0000][gc,phases   ] GC(650)   Other: 0.4ms
[2026-01-16T08:57:35.939+0000][gc,heap     ] GC(650) Eden regions: 46->0(46)
[2026-01-16T08:57:35.944+0000][gc,heap     ] GC(650) Survivor regions: 5->5(7)
[2026-01-16T08:57:35.944+0000][gc,heap     ] GC(650) Old regions: 183->184
[2026-01-16T08:57:35.944+0000][gc,heap     ] GC(650) Humongous regions: 149->149
[2026-01-16T08:57:35.944+0000][gc,metaspace] GC(650) Metaspace: 15353K(15872K)->15353K(15872K) NonClass: 13671K(13888K)->13671K(13888K) Class: 1681K(1984K)->1681K(1984K)
[2026-01-16T08:57:35.944+0000][gc          ] GC(650) Pause Young (Normal) (G1 Evacuation Pause) 381M->336M(1024M) 201.078ms
[2026-01-16T08:57:35.944+0000][gc,cpu      ] GC(650) User=0.09s Sys=0.01s Real=0.20s
[2026-01-16T08:57:37.245+0000][gc,start    ] GC(651) Pause Young (Normal) (G1 Evacuation Pause)
[2026-01-16T08:57:37.250+0000][gc,task     ] GC(651) Using 8 workers of 8 for evacuation
[2026-01-16T08:57:37.758+0000][gc,mmu      ] GC(651) MMU target violated: 201.0ms (200.0ms/201.0ms)
[2026-01-16T08:57:37.762+0000][gc,phases   ] GC(651)   Pre Evacuate Collection Set: 2.6ms
[2026-01-16T08:57:37.763+0000][gc,phases   ] GC(651)   Merge Heap Roots: 6.3ms
[2026-01-16T08:57:37.764+0000][gc,phases   ] GC(651)   Evacuate Collection Set: 484.8ms
[2026-01-16T08:57:37.764+0000][gc,phases   ] GC(651)   Post Evacuate Collection Set: 13.8ms
[2026-01-16T08:57:37.764+0000][gc,phases   ] GC(651)   Other: 4.1ms
[2026-01-16T08:57:37.765+0000][gc,heap     ] GC(651) Eden regions: 46->0(46)
[2026-01-16T08:57:37.765+0000][gc,heap     ] GC(651) Survivor regions: 5->5(7)
[2026-01-16T08:57:37.765+0000][gc,heap     ] GC(651) Old regions: 184->184
[2026-01-16T08:57:37.766+0000][gc,heap     ] GC(651) Humongous regions: 149->149
[2026-01-16T08:57:37.767+0000][gc,metaspace] GC(651) Metaspace: 15353K(15872K)->15353K(15872K) NonClass: 13671K(13888K)->13671K(13888K) Class: 1681K(1984K)->1681K(1984K)
[2026-01-16T08:57:37.768+0000][gc          ] GC(651) Pause Young (Normal) (G1 Evacuation Pause) 382M->337M(1024M) 522.383ms
[2026-01-16T08:57:37.771+0000][gc,cpu      ] GC(651) User=0.16s Sys=0.02s Real=0.53s
[2026-01-16T08:57:38.495+0000][gc,start    ] GC(652) Pause Young (Normal) (G1 Evacuation Pause)
[2026-01-16T08:57:38.496+0000][gc,task     ] GC(652) Using 8 workers of 8 for evacuation
[2026-01-16T08:57:38.761+0000][gc,mmu      ] GC(652) MMU target violated: 201.0ms (200.0ms/201.0ms)
[2026-01-16T08:57:38.762+0000][gc,phases   ] GC(652)   Pre Evacuate Collection Set: 8.4ms
[2026-01-16T08:57:38.762+0000][gc,phases   ] GC(652)   Merge Heap Roots: 0.5ms
[2026-01-16T08:57:38.762+0000][gc,phases   ] GC(652)   Evacuate Collection Set: 255.3ms
[2026-01-16T08:57:38.762+0000][gc,phases   ] GC(652)   Post Evacuate Collection Set: 0.6ms
[2026-01-16T08:57:38.762+0000][gc,phases   ] GC(652)   Other: 1.0ms
[2026-01-16T08:57:38.762+0000][gc,heap     ] GC(652) Eden regions: 46->0(46)
[2026-01-16T08:57:38.762+0000][gc,heap     ] GC(652) Survivor regions: 5->5(7)
[2026-01-16T08:57:38.762+0000][gc,heap     ] GC(652) Old regions: 184->185
[2026-01-16T08:57:38.763+0000][gc,heap     ] GC(652) Humongous regions: 149->149
[2026-01-16T08:57:38.763+0000][gc,metaspace] GC(652) Metaspace: 15353K(15872K)->15353K(15872K) NonClass: 13671K(13888K)->13671K(13888K) Class: 1681K(1984K)->1681K(1984K)
[2026-01-16T08:57:38.763+0000][gc          ] GC(652) Pause Young (Normal) (G1 Evacuation Pause) 383M->337M(1024M) 267.858ms
[2026-01-16T08:57:38.763+0000][gc,cpu      ] GC(652) User=0.12s Sys=0.01s Real=0.27s
[2026-01-16T08:57:39.688+0000][gc,start    ] GC(653) Pause Young (Normal) (G1 Evacuation Pause)
[2026-01-16T08:57:39.689+0000][gc,task     ] GC(653) Using 8 workers of 8 for evacuation
[2026-01-16T08:57:40.065+0000][gc,mmu      ] GC(653) MMU target violated: 201.0ms (200.0ms/201.0ms)
[2026-01-16T08:57:40.073+0000][gc,phases   ] GC(653)   Pre Evacuate Collection Set: 9.8ms
[2026-01-16T08:57:40.074+0000][gc,phases   ] GC(653)   Merge Heap Roots: 0.2ms
[2026-01-16T08:57:40.077+0000][gc,phases   ] GC(653)   Evacuate Collection Set: 343.1ms
[2026-01-16T08:57:40.079+0000][gc,phases   ] GC(653)   Post Evacuate Collection Set: 19.1ms
[2026-01-16T08:57:40.079+0000][gc,phases   ] GC(653)   Other: 11.6ms
[2026-01-16T08:57:40.080+0000][gc,heap     ] GC(653) Eden regions: 46->0(46)
[2026-01-16T08:57:40.080+0000][gc,heap     ] GC(653) Survivor regions: 5->5(7)
[2026-01-16T08:57:40.081+0000][gc,heap     ] GC(653) Old regions: 185->186
[2026-01-16T08:57:40.082+0000][gc,heap     ] GC(653) Humongous regions: 149->149
[2026-01-16T08:57:40.082+0000][gc,metaspace] GC(653) Metaspace: 15353K(15872K)->15353K(15872K) NonClass: 13671K(13888K)->13671K(13888K) Class: 1681K(1984K)->1681K(1984K)
[2026-01-16T08:57:40.091+0000][gc          ] GC(653) Pause Young (Normal) (G1 Evacuation Pause) 383M->338M(1024M) 402.385ms
[2026-01-16T08:57:40.092+0000][gc,cpu      ] GC(653) User=0.19s Sys=0.01s Real=0.40s
[2026-01-16T08:57:41.327+0000][gc,start    ] GC(654) Pause Young (Normal) (G1 Evacuation Pause)
[2026-01-16T08:57:41.329+0000][gc,task     ] GC(654) Using 8 workers of 8 for evacuation
[2026-01-16T08:57:41.735+0000][gc,mmu      ] GC(654) MMU target violated: 201.0ms (200.0ms/201.0ms)
[2026-01-16T08:57:41.737+0000][gc,phases   ] GC(654)   Pre Evacuate Collection Set: 16.1ms
[2026-01-16T08:57:41.739+0000][gc,phases   ] GC(654)   Merge Heap Roots: 7.9ms
[2026-01-16T08:57:41.741+0000][gc,phases   ] GC(654)   Evacuate Collection Set: 375.8ms
[2026-01-16T08:57:41.743+0000][gc,phases   ] GC(654)   Post Evacuate Collection Set: 5.5ms
[2026-01-16T08:57:41.743+0000][gc,phases   ] GC(654)   Other: 2.5ms
[2026-01-16T08:57:41.744+0000][gc,heap     ] GC(654) Eden regions: 46->0(46)
[2026-01-16T08:57:41.746+0000][gc,heap     ] GC(654) Survivor regions: 5->5(7)
[2026-01-16T08:57:41.747+0000][gc,heap     ] GC(654) Old regions: 186->186
[2026-01-16T08:57:41.748+0000][gc,heap     ] GC(654) Humongous regions: 149->149
[2026-01-16T08:57:41.748+0000][gc,metaspace] GC(654) Metaspace: 15353K(15872K)->15353K(15872K) NonClass: 13671K(13888K)->13671K(13888K) Class: 1681K(1984K)->1681K(1984K)
[2026-01-16T08:57:41.748+0000][gc          ] GC(654) Pause Young (Normal) (G1 Evacuation Pause) 384M->339M(1024M) 421.390ms
[2026-01-16T08:57:41.749+0000][gc,cpu      ] GC(654) User=0.26s Sys=0.01s Real=0.43s
[2026-01-16T08:57:42.943+0000][gc,start    ] GC(655) Pause Young (Normal) (G1 Evacuation Pause)
[2026-01-16T08:57:42.951+0000][gc,task     ] GC(655) Using 8 workers of 8 for evacuation
[2026-01-16T08:57:43.840+0000][gc,mmu      ] GC(655) MMU target violated: 201.0ms (200.0ms/201.0ms)
[2026-01-16T08:57:43.841+0000][gc,phases   ] GC(655)   Pre Evacuate Collection Set: 25.4ms
[2026-01-16T08:57:43.845+0000][gc,phases   ] GC(655)   Merge Heap Roots: 3.7ms
[2026-01-16T08:57:43.855+0000][gc,phases   ] GC(655)   Evacuate Collection Set: 737.0ms
[2026-01-16T08:57:43.858+0000][gc,phases   ] GC(655)   Post Evacuate Collection Set: 121.7ms
[2026-01-16T08:57:43.860+0000][gc,phases   ] GC(655)   Other: 3.0ms
[2026-01-16T08:57:43.862+0000][gc,heap     ] GC(655) Eden regions: 46->0(46)
[2026-01-16T08:57:43.862+0000][gc,heap     ] GC(655) Survivor regions: 5->5(7)
[2026-01-16T08:57:43.862+0000][gc,heap     ] GC(655) Old regions: 186->187
[2026-01-16T08:57:43.863+0000][gc,heap     ] GC(655) Humongous regions: 149->149
[2026-01-16T08:57:43.864+0000][gc,metaspace] GC(655) Metaspace: 15354K(15872K)->15354K(15872K) NonClass: 13673K(13888K)->13673K(13888K) Class: 1681K(1984K)->1681K(1984K)
[2026-01-16T08:57:43.869+0000][gc          ] GC(655) Pause Young (Normal) (G1 Evacuation Pause) 385M->339M(1024M) 926.355ms
[2026-01-16T08:57:43.882+0000][gc,cpu      ] GC(655) User=0.31s Sys=0.02s Real=0.94s
[2026-01-16T08:57:45.132+0000][gc,start    ] GC(656) Pause Young (Normal) (G1 Evacuation Pause)
[2026-01-16T08:57:45.137+0000][gc,task     ] GC(656) Using 8 workers of 8 for evacuation
[2026-01-16T08:57:45.354+0000][gc,mmu      ] GC(656) MMU target violated: 201.0ms (200.0ms/201.0ms)
[2026-01-16T08:57:45.357+0000][gc,phases   ] GC(656)   Pre Evacuate Collection Set: 40.6ms
[2026-01-16T08:57:45.357+0000][gc,phases   ] GC(656)   Merge Heap Roots: 10.8ms
[2026-01-16T08:57:45.357+0000][gc,phases   ] GC(656)   Evacuate Collection Set: 153.0ms
[2026-01-16T08:57:45.358+0000][gc,phases   ] GC(656)   Post Evacuate Collection Set: 11.5ms
[2026-01-16T08:57:45.358+0000][gc,phases   ] GC(656)   Other: 4.5ms
[2026-01-16T08:57:45.358+0000][gc,heap     ] GC(656) Eden regions: 46->0(46)
[2026-01-16T08:57:45.358+0000][gc,heap     ] GC(656) Survivor regions: 5->5(7)
[2026-01-16T08:57:45.358+0000][gc,heap     ] GC(656) Old regions: 187->188
[2026-01-16T08:57:45.358+0000][gc,heap     ] GC(656) Humongous regions: 149->149
[2026-01-16T08:57:45.358+0000][gc,metaspace] GC(656) Metaspace: 15357K(15872K)->15357K(15872K) NonClass: 13676K(13888K)->13676K(13888K) Class: 1681K(1984K)->1681K(1984K)
[2026-01-16T08:57:45.358+0000][gc          ] GC(656) Pause Young (Normal) (G1 Evacuation Pause) 385M->340M(1024M) 226.394ms
[2026-01-16T08:57:45.358+0000][gc,cpu      ] GC(656) User=0.18s Sys=0.01s Real=0.23s
[2026-01-16T08:57:47.037+0000][gc,start    ] GC(657) Pause Young (Normal) (G1 Evacuation Pause)
[2026-01-16T08:57:47.040+0000][gc,task     ] GC(657) Using 8 workers of 8 for evacuation
[2026-01-16T08:57:47.387+0000][gc,mmu      ] GC(657) MMU target violated: 201.0ms (200.0ms/201.0ms)
[2026-01-16T08:57:47.389+0000][gc,phases   ] GC(657)   Pre Evacuate Collection Set: 22.5ms
[2026-01-16T08:57:47.389+0000][gc,phases   ] GC(657)   Merge Heap Roots: 1.3ms
[2026-01-16T08:57:47.390+0000][gc,phases   ] GC(657)   Evacuate Collection Set: 311.9ms
[2026-01-16T08:57:47.390+0000][gc,phases   ] GC(657)   Post Evacuate Collection Set: 8.7ms
[2026-01-16T08:57:47.391+0000][gc,phases   ] GC(657)   Other: 4.3ms
[2026-01-16T08:57:47.391+0000][gc,heap     ] GC(657) Eden regions: 46->0(46)
[2026-01-16T08:57:47.393+0000][gc,heap     ] GC(657) Survivor regions: 5->5(7)
[2026-01-16T08:57:47.394+0000][gc,heap     ] GC(657) Old regions: 188->189
[2026-01-16T08:57:47.395+0000][gc,heap     ] GC(657) Humongous regions: 149->149
[2026-01-16T08:57:47.398+0000][gc,metaspace] GC(657) Metaspace: 15359K(15872K)->15359K(15872K) NonClass: 13677K(13888K)->13677K(13888K) Class: 1681K(1984K)->1681K(1984K)
[2026-01-16T08:57:47.404+0000][gc          ] GC(657) Pause Young (Normal) (G1 Evacuation Pause) 386M->341M(1024M) 366.863ms
[2026-01-16T08:57:47.405+0000][gc,cpu      ] GC(657) User=0.24s Sys=0.02s Real=0.36s
[2026-01-16T08:57:48.852+0000][gc,start    ] GC(658) Pause Young (Normal) (G1 Evacuation Pause)
[2026-01-16T08:57:48.858+0000][gc,task     ] GC(658) Using 8 workers of 8 for evacuation
[2026-01-16T08:57:49.273+0000][gc,mmu      ] GC(658) MMU target violated: 201.0ms (200.0ms/201.0ms)
[2026-01-16T08:57:49.275+0000][gc,phases   ] GC(658)   Pre Evacuate Collection Set: 74.0ms
[2026-01-16T08:57:49.277+0000][gc,phases   ] GC(658)   Merge Heap Roots: 10.2ms
[2026-01-16T08:57:49.277+0000][gc,phases   ] GC(658)   Evacuate Collection Set: 315.1ms
[2026-01-16T08:57:49.278+0000][gc,phases   ] GC(658)   Post Evacuate Collection Set: 9.3ms
[2026-01-16T08:57:49.278+0000][gc,phases   ] GC(658)   Other: 7.8ms
[2026-01-16T08:57:49.280+0000][gc,heap     ] GC(658) Eden regions: 46->0(46)
[2026-01-16T08:57:49.281+0000][gc,heap     ] GC(658) Survivor regions: 5->5(7)
[2026-01-16T08:57:49.281+0000][gc,heap     ] GC(658) Old regions: 189->189
[2026-01-16T08:57:49.281+0000][gc,heap     ] GC(658) Humongous regions: 149->149
[2026-01-16T08:57:49.281+0000][gc,metaspace] GC(658) Metaspace: 15360K(15872K)->15360K(15872K) NonClass: 13679K(13888K)->13679K(13888K) Class: 1681K(1984K)->1681K(1984K)
[2026-01-16T08:57:49.283+0000][gc          ] GC(658) Pause Young (Normal) (G1 Evacuation Pause) 387M->341M(1024M) 430.776ms
[2026-01-16T08:57:49.283+0000][gc,cpu      ] GC(658) User=0.20s Sys=0.01s Real=0.43s
[2026-01-16T08:57:50.713+0000][gc,start    ] GC(659) Pause Young (Normal) (G1 Evacuation Pause)
[2026-01-16T08:57:50.714+0000][gc,task     ] GC(659) Using 8 workers of 8 for evacuation
[2026-01-16T08:57:51.141+0000][gc,mmu      ] GC(659) MMU target violated: 201.0ms (200.0ms/201.0ms)
[2026-01-16T08:57:51.145+0000][gc,phases   ] GC(659)   Pre Evacuate Collection Set: 28.5ms
[2026-01-16T08:57:51.146+0000][gc,phases   ] GC(659)   Merge Heap Roots: 12.0ms
[2026-01-16T08:57:51.148+0000][gc,phases   ] GC(659)   Evacuate Collection Set: 368.8ms
[2026-01-16T08:57:51.148+0000][gc,phases   ] GC(659)   Post Evacuate Collection Set: 15.0ms
[2026-01-16T08:57:51.149+0000][gc,phases   ] GC(659)   Other: 6.4ms
[2026-01-16T08:57:51.149+0000][gc,heap     ] GC(659) Eden regions: 46->0(46)
[2026-01-16T08:57:51.152+0000][gc,heap     ] GC(659) Survivor regions: 5->5(7)
[2026-01-16T08:57:51.153+0000][gc,heap     ] GC(659) Old regions: 189->190
[2026-01-16T08:57:51.153+0000][gc,heap     ] GC(659) Humongous regions: 149->149
[2026-01-16T08:57:51.156+0000][gc,metaspace] GC(659) Metaspace: 15360K(15872K)->15360K(15872K) NonClass: 13679K(13888K)->13679K(13888K) Class: 1681K(1984K)->1681K(1984K)
[2026-01-16T08:57:51.156+0000][gc          ] GC(659) Pause Young (Normal) (G1 Evacuation Pause) 387M->342M(1024M) 443.066ms
[2026-01-16T08:57:51.157+0000][gc,cpu      ] GC(659) User=0.22s Sys=0.00s Real=0.45s
[2026-01-16T08:57:52.847+0000][gc,start    ] GC(660) Pause Young (Normal) (G1 Evacuation Pause)
[2026-01-16T08:57:52.885+0000][gc,task     ] GC(660) Using 8 workers of 8 for evacuation
[2026-01-16T08:57:53.577+0000][gc,mmu      ] GC(660) MMU target violated: 201.0ms (200.0ms/201.0ms)
[2026-01-16T08:57:53.584+0000][gc,phases   ] GC(660)   Pre Evacuate Collection Set: 67.3ms
[2026-01-16T08:57:53.587+0000][gc,phases   ] GC(660)   Merge Heap Roots: 2.7ms
[2026-01-16T08:57:53.588+0000][gc,phases   ] GC(660)   Evacuate Collection Set: 593.5ms
[2026-01-16T08:57:53.601+0000][gc,phases   ] GC(660)   Post Evacuate Collection Set: 23.1ms
[2026-01-16T08:57:53.603+0000][gc,phases   ] GC(660)   Other: 34.5ms
[2026-01-16T08:57:53.607+0000][gc,heap     ] GC(660) Eden regions: 46->0(46)
[2026-01-16T08:57:53.609+0000][gc,heap     ] GC(660) Survivor regions: 5->5(7)
[2026-01-16T08:57:53.611+0000][gc,heap     ] GC(660) Old regions: 190->191
[2026-01-16T08:57:53.616+0000][gc,heap     ] GC(660) Humongous regions: 149->149
[2026-01-16T08:57:53.619+0000][gc,metaspace] GC(660) Metaspace: 15360K(15872K)->15360K(15872K) NonClass: 13679K(13888K)->13679K(13888K) Class: 1681K(1984K)->1681K(1984K)
[2026-01-16T08:57:53.619+0000][gc          ] GC(660) Pause Young (Normal) (G1 Evacuation Pause) 388M->343M(1024M) 772.700ms
[2026-01-16T08:57:53.620+0000][gc,cpu      ] GC(660) User=0.37s Sys=0.05s Real=0.78s
[2026-01-16T08:57:54.573+0000][gc,start    ] GC(661) Pause Young (Normal) (G1 Evacuation Pause)
[2026-01-16T08:57:54.665+0000][gc,task     ] GC(661) Using 8 workers of 8 for evacuation
[2026-01-16T08:57:55.326+0000][gc,mmu      ] GC(661) MMU target violated: 201.0ms (200.0ms/201.0ms)
[2026-01-16T08:57:55.326+0000][gc,phases   ] GC(661)   Pre Evacuate Collection Set: 29.7ms
[2026-01-16T08:57:55.329+0000][gc,phases   ] GC(661)   Merge Heap Roots: 0.5ms
[2026-01-16T08:57:55.329+0000][gc,phases   ] GC(661)   Evacuate Collection Set: 530.6ms
[2026-01-16T08:57:55.330+0000][gc,phases   ] GC(661)   Post Evacuate Collection Set: 97.9ms
[2026-01-16T08:57:55.331+0000][gc,phases   ] GC(661)   Other: 2.7ms
[2026-01-16T08:57:55.331+0000][gc,heap     ] GC(661) Eden regions: 46->0(46)
[2026-01-16T08:57:55.332+0000][gc,heap     ] GC(661) Survivor regions: 5->5(7)
[2026-01-16T08:57:55.334+0000][gc,heap     ] GC(661) Old regions: 191->191
[2026-01-16T08:57:55.342+0000][gc,heap     ] GC(661) Humongous regions: 149->149
[2026-01-16T08:57:55.342+0000][gc,metaspace] GC(661) Metaspace: 15360K(15872K)->15360K(15872K) NonClass: 13679K(13888K)->13679K(13888K) Class: 1681K(1984K)->1681K(1984K)
[2026-01-16T08:57:55.342+0000][gc          ] GC(661) Pause Young (Normal) (G1 Evacuation Pause) 389M->344M(1024M) 769.302ms
[2026-01-16T08:57:55.343+0000][gc,cpu      ] GC(661) User=0.26s Sys=0.01s Real=0.77s
[2026-01-16T08:57:56.671+0000][gc,start    ] GC(662) Pause Young (Normal) (G1 Evacuation Pause)
[2026-01-16T08:57:56.673+0000][gc,task     ] GC(662) Using 8 workers of 8 for evacuation
[2026-01-16T08:57:57.413+0000][gc,mmu      ] GC(662) MMU target violated: 201.0ms (200.0ms/201.0ms)
[2026-01-16T08:57:57.414+0000][gc,phases   ] GC(662)   Pre Evacuate Collection Set: 22.1ms
[2026-01-16T08:57:57.414+0000][gc,phases   ] GC(662)   Merge Heap Roots: 1.1ms
[2026-01-16T08:57:57.417+0000][gc,phases   ] GC(662)   Evacuate Collection Set: 663.9ms
[2026-01-16T08:57:57.421+0000][gc,phases   ] GC(662)   Post Evacuate Collection Set: 44.1ms
[2026-01-16T08:57:57.423+0000][gc,phases   ] GC(662)   Other: 10.2ms
[2026-01-16T08:57:57.423+0000][gc,heap     ] GC(662) Eden regions: 46->0(46)
[2026-01-16T08:57:57.424+0000][gc,heap     ] GC(662) Survivor regions: 5->5(7)
[2026-01-16T08:57:57.425+0000][gc,heap     ] GC(662) Old regions: 191->192
[2026-01-16T08:57:57.426+0000][gc,heap     ] GC(662) Humongous regions: 149->149
[2026-01-16T08:57:57.426+0000][gc,metaspace] GC(662) Metaspace: 15360K(15872K)->15360K(15872K) NonClass: 13679K(13888K)->13679K(13888K) Class: 1681K(1984K)->1681K(1984K)
[2026-01-16T08:57:57.428+0000][gc          ] GC(662) Pause Young (Normal) (G1 Evacuation Pause) 390M->345M(1024M) 757.201ms
[2026-01-16T08:57:57.429+0000][gc,cpu      ] GC(662) User=0.27s Sys=0.05s Real=0.76s
[2026-01-16T08:57:58.664+0000][gc,start    ] GC(663) Pause Young (Normal) (G1 Evacuation Pause)
[2026-01-16T08:57:58.665+0000][gc,task     ] GC(663) Using 8 workers of 8 for evacuation
[2026-01-16T08:57:58.986+0000][gc,mmu      ] GC(663) MMU target violated: 201.0ms (200.0ms/201.0ms)
[2026-01-16T08:57:58.987+0000][gc,phases   ] GC(663)   Pre Evacuate Collection Set: 26.9ms
[2026-01-16T08:57:58.987+0000][gc,phases   ] GC(663)   Merge Heap Roots: 13.7ms
[2026-01-16T08:57:58.988+0000][gc,phases   ] GC(663)   Evacuate Collection Set: 274.0ms
[2026-01-16T08:57:58.988+0000][gc,phases   ] GC(663)   Post Evacuate Collection Set: 5.5ms
[2026-01-16T08:57:58.989+0000][gc,phases   ] GC(663)   Other: 1.5ms
[2026-01-16T08:57:58.991+0000][gc,heap     ] GC(663) Eden regions: 46->0(46)
[2026-01-16T08:57:58.992+0000][gc,heap     ] GC(663) Survivor regions: 5->5(7)
[2026-01-16T08:57:58.993+0000][gc,heap     ] GC(663) Old regions: 192->193
[2026-01-16T08:57:58.993+0000][gc,heap     ] GC(663) Humongous regions: 149->149
[2026-01-16T08:57:58.993+0000][gc,metaspace] GC(663) Metaspace: 15360K(15872K)->15360K(15872K) NonClass: 13679K(13888K)->13679K(13888K) Class: 1681K(1984K)->1681K(1984K)
[2026-01-16T08:57:58.993+0000][gc          ] GC(663) Pause Young (Normal) (G1 Evacuation Pause) 391M->345M(1024M) 329.393ms
[2026-01-16T08:57:58.994+0000][gc,cpu      ] GC(663) User=0.15s Sys=0.01s Real=0.33s
[2026-01-16T08:57:59.582+0000][gc,start    ] GC(664) Pause Young (Normal) (G1 Evacuation Pause)
[2026-01-16T08:57:59.583+0000][gc,task     ] GC(664) Using 8 workers of 8 for evacuation
[2026-01-16T08:57:59.839+0000][gc,mmu      ] GC(664) MMU target violated: 201.0ms (200.0ms/201.0ms)
[2026-01-16T08:57:59.840+0000][gc,phases   ] GC(664)   Pre Evacuate Collection Set: 5.1ms
[2026-01-16T08:57:59.840+0000][gc,phases   ] GC(664)   Merge Heap Roots: 6.1ms
[2026-01-16T08:57:59.840+0000][gc,phases   ] GC(664)   Evacuate Collection Set: 233.9ms
[2026-01-16T08:57:59.840+0000][gc,phases   ] GC(664)   Post Evacuate Collection Set: 9.7ms
[2026-01-16T08:57:59.840+0000][gc,phases   ] GC(664)   Other: 2.0ms
[2026-01-16T08:57:59.841+0000][gc,heap     ] GC(664) Eden regions: 46->0(46)
[2026-01-16T08:57:59.841+0000][gc,heap     ] GC(664) Survivor regions: 5->5(7)
[2026-01-16T08:57:59.842+0000][gc,heap     ] GC(664) Old regions: 193->194
[2026-01-16T08:57:59.843+0000][gc,heap     ] GC(664) Humongous regions: 149->149
[2026-01-16T08:57:59.848+0000][gc,metaspace] GC(664) Metaspace: 15360K(15872K)->15360K(15872K) NonClass: 13679K(13888K)->13679K(13888K) Class: 1681K(1984K)->1681K(1984K)
[2026-01-16T08:57:59.849+0000][gc          ] GC(664) Pause Young (Normal) (G1 Evacuation Pause) 391M->346M(1024M) 267.541ms
[2026-01-16T08:57:59.849+0000][gc,cpu      ] GC(664) User=0.11s Sys=0.01s Real=0.27s
[2026-01-16T08:58:00.964+0000][gc,start    ] GC(665) Pause Young (Normal) (G1 Evacuation Pause)
[2026-01-16T08:58:00.964+0000][gc,task     ] GC(665) Using 8 workers of 8 for evacuation
[2026-01-16T08:58:01.391+0000][gc,mmu      ] GC(665) MMU target violated: 201.0ms (200.0ms/201.0ms)
[2026-01-16T08:58:01.395+0000][gc,phases   ] GC(665)   Pre Evacuate Collection Set: 15.8ms
[2026-01-16T08:58:01.395+0000][gc,phases   ] GC(665)   Merge Heap Roots: 1.1ms
[2026-01-16T08:58:01.396+0000][gc,phases   ] GC(665)   Evacuate Collection Set: 397.9ms
[2026-01-16T08:58:01.396+0000][gc,phases   ] GC(665)   Post Evacuate Collection Set: 10.2ms
[2026-01-16T08:58:01.397+0000][gc,phases   ] GC(665)   Other: 5.3ms
[2026-01-16T08:58:01.397+0000][gc,heap     ] GC(665) Eden regions: 46->0(46)
[2026-01-16T08:58:01.397+0000][gc,heap     ] GC(665) Survivor regions: 5->5(7)
[2026-01-16T08:58:01.398+0000][gc,heap     ] GC(665) Old regions: 194->194
[2026-01-16T08:58:01.398+0000][gc,heap     ] GC(665) Humongous regions: 149->149
[2026-01-16T08:58:01.399+0000][gc,metaspace] GC(665) Metaspace: 15360K(15872K)->15360K(15872K) NonClass: 13679K(13888K)->13679K(13888K) Class: 1681K(1984K)->1681K(1984K)
[2026-01-16T08:58:01.400+0000][gc          ] GC(665) Pause Young (Normal) (G1 Evacuation Pause) 392M->347M(1024M) 436.710ms
[2026-01-16T08:58:01.401+0000][gc,cpu      ] GC(665) User=0.19s Sys=0.02s Real=0.44s
[2026-01-16T08:58:03.332+0000][gc,start    ] GC(666) Pause Young (Normal) (G1 Evacuation Pause)
[2026-01-16T08:58:03.336+0000][gc,task     ] GC(666) Using 8 workers of 8 for evacuation
[2026-01-16T08:58:04.031+0000][gc,mmu      ] GC(666) MMU target violated: 201.0ms (200.0ms/201.0ms)
[2026-01-16T08:58:04.032+0000][gc,phases   ] GC(666)   Pre Evacuate Collection Set: 52.6ms
[2026-01-16T08:58:04.032+0000][gc,phases   ] GC(666)   Merge Heap Roots: 80.6ms
[2026-01-16T08:58:04.032+0000][gc,phases   ] GC(666)   Evacuate Collection Set: 544.5ms
[2026-01-16T08:58:04.033+0000][gc,phases   ] GC(666)   Post Evacuate Collection Set: 14.9ms
[2026-01-16T08:58:04.034+0000][gc,phases   ] GC(666)   Other: 3.2ms
[2026-01-16T08:58:04.035+0000][gc,heap     ] GC(666) Eden regions: 46->0(46)
[2026-01-16T08:58:04.037+0000][gc,heap     ] GC(666) Survivor regions: 5->5(7)
[2026-01-16T08:58:04.037+0000][gc,heap     ] GC(666) Old regions: 194->195
[2026-01-16T08:58:04.038+0000][gc,heap     ] GC(666) Humongous regions: 149->149
[2026-01-16T08:58:04.039+0000][gc,metaspace] GC(666) Metaspace: 15360K(15872K)->15360K(15872K) NonClass: 13679K(13888K)->13679K(13888K) Class: 1681K(1984K)->1681K(1984K)
[2026-01-16T08:58:04.044+0000][gc          ] GC(666) Pause Young (Normal) (G1 Evacuation Pause) 393M->347M(1024M) 711.360ms
[2026-01-16T08:58:04.046+0000][gc,cpu      ] GC(666) User=0.22s Sys=0.01s Real=0.71s
[2026-01-16T08:58:05.026+0000][gc,start    ] GC(667) Pause Young (Normal) (G1 Evacuation Pause)
[2026-01-16T08:58:05.033+0000][gc,task     ] GC(667) Using 8 workers of 8 for evacuation
[2026-01-16T08:58:05.241+0000][gc,mmu      ] GC(667) MMU target violated: 201.0ms (200.0ms/201.0ms)
[2026-01-16T08:58:05.243+0000][gc,phases   ] GC(667)   Pre Evacuate Collection Set: 25.1ms
[2026-01-16T08:58:05.245+0000][gc,phases   ] GC(667)   Merge Heap Roots: 0.6ms
[2026-01-16T08:58:05.247+0000][gc,phases   ] GC(667)   Evacuate Collection Set: 177.9ms
[2026-01-16T08:58:05.247+0000][gc,phases   ] GC(667)   Post Evacuate Collection Set: 3.3ms
[2026-01-16T08:58:05.248+0000][gc,phases   ] GC(667)   Other: 4.0ms
[2026-01-16T08:58:05.248+0000][gc,heap     ] GC(667) Eden regions: 46->0(46)
[2026-01-16T08:58:05.249+0000][gc,heap     ] GC(667) Survivor regions: 5->5(7)
[2026-01-16T08:58:05.249+0000][gc,heap     ] GC(667) Old regions: 195->196
[2026-01-16T08:58:05.250+0000][gc,heap     ] GC(667) Humongous regions: 149->149
[2026-01-16T08:58:05.251+0000][gc,metaspace] GC(667) Metaspace: 15360K(15872K)->15360K(15872K) NonClass: 13679K(13888K)->13679K(13888K) Class: 1681K(1984K)->1681K(1984K)
[2026-01-16T08:58:05.252+0000][gc          ] GC(667) Pause Young (Normal) (G1 Evacuation Pause) 393M->348M(1024M) 225.989ms
[2026-01-16T08:58:05.253+0000][gc,cpu      ] GC(667) User=0.14s Sys=0.03s Real=0.23s
[2026-01-16T08:58:06.876+0000][gc,start    ] GC(668) Pause Young (Normal) (G1 Evacuation Pause)
[2026-01-16T08:58:06.886+0000][gc,task     ] GC(668) Using 8 workers of 8 for evacuation
[2026-01-16T08:58:07.372+0000][gc,mmu      ] GC(668) MMU target violated: 201.0ms (200.0ms/201.0ms)
[2026-01-16T08:58:07.372+0000][gc,phases   ] GC(668)   Pre Evacuate Collection Set: 78.0ms
[2026-01-16T08:58:07.373+0000][gc,phases   ] GC(668)   Merge Heap Roots: 0.8ms
[2026-01-16T08:58:07.373+0000][gc,phases   ] GC(668)   Evacuate Collection Set: 379.6ms
[2026-01-16T08:58:07.373+0000][gc,phases   ] GC(668)   Post Evacuate Collection Set: 23.7ms
[2026-01-16T08:58:07.376+0000][gc,phases   ] GC(668)   Other: 4.1ms
[2026-01-16T08:58:07.377+0000][gc,heap     ] GC(668) Eden regions: 46->0(46)
[2026-01-16T08:58:07.377+0000][gc,heap     ] GC(668) Survivor regions: 5->5(7)
[2026-01-16T08:58:07.378+0000][gc,heap     ] GC(668) Old regions: 196->196
[2026-01-16T08:58:07.378+0000][gc,heap     ] GC(668) Humongous regions: 149->149
[2026-01-16T08:58:07.378+0000][gc,metaspace] GC(668) Metaspace: 15360K(15872K)->15360K(15872K) NonClass: 13679K(13888K)->13679K(13888K) Class: 1681K(1984K)->1681K(1984K)
[2026-01-16T08:58:07.379+0000][gc          ] GC(668) Pause Young (Normal) (G1 Evacuation Pause) 394M->349M(1024M) 502.816ms
[2026-01-16T08:58:07.387+0000][gc,cpu      ] GC(668) User=0.22s Sys=0.04s Real=0.52s
[2026-01-16T08:58:08.617+0000][gc,start    ] GC(669) Pause Young (Normal) (G1 Evacuation Pause)
[2026-01-16T08:58:08.622+0000][gc,task     ] GC(669) Using 8 workers of 8 for evacuation
[2026-01-16T08:58:09.073+0000][gc,mmu      ] GC(669) MMU target violated: 201.0ms (200.0ms/201.0ms)
[2026-01-16T08:58:09.076+0000][gc,phases   ] GC(669)   Pre Evacuate Collection Set: 31.0ms
[2026-01-16T08:58:09.077+0000][gc,phases   ] GC(669)   Merge Heap Roots: 5.9ms
[2026-01-16T08:58:09.080+0000][gc,phases   ] GC(669)   Evacuate Collection Set: 353.3ms
[2026-01-16T08:58:09.085+0000][gc,phases   ] GC(669)   Post Evacuate Collection Set: 57.6ms
[2026-01-16T08:58:09.088+0000][gc,phases   ] GC(669)   Other: 6.6ms
[2026-01-16T08:58:09.097+0000][gc,heap     ] GC(669) Eden regions: 46->0(46)
[2026-01-16T08:58:09.097+0000][gc,heap     ] GC(669) Survivor regions: 5->5(7)
[2026-01-16T08:58:09.101+0000][gc,heap     ] GC(669) Old regions: 196->197
[2026-01-16T08:58:09.104+0000][gc,heap     ] GC(669) Humongous regions: 149->149
[2026-01-16T08:58:09.105+0000][gc,metaspace] GC(669) Metaspace: 15360K(15872K)->15360K(15872K) NonClass: 13679K(13888K)->13679K(13888K) Class: 1681K(1984K)->1681K(1984K)
[2026-01-16T08:58:09.105+0000][gc          ] GC(669) Pause Young (Normal) (G1 Evacuation Pause) 395M->349M(1024M) 488.950ms
[2026-01-16T08:58:09.110+0000][gc,cpu      ] GC(669) User=0.16s Sys=0.02s Real=0.49s
[2026-01-16T08:58:10.590+0000][gc,start    ] GC(670) Pause Young (Normal) (G1 Evacuation Pause)
[2026-01-16T08:58:10.601+0000][gc,task     ] GC(670) Using 8 workers of 8 for evacuation
[2026-01-16T08:58:10.969+0000][gc,mmu      ] GC(670) MMU target violated: 201.0ms (200.0ms/201.0ms)
[2026-01-16T08:58:10.970+0000][gc,phases   ] GC(670)   Pre Evacuate Collection Set: 31.6ms
[2026-01-16T08:58:10.972+0000][gc,phases   ] GC(670)   Merge Heap Roots: 2.2ms
[2026-01-16T08:58:10.972+0000][gc,phases   ] GC(670)   Evacuate Collection Set: 322.9ms
[2026-01-16T08:58:10.972+0000][gc,phases   ] GC(670)   Post Evacuate Collection Set: 7.7ms
[2026-01-16T08:58:10.972+0000][gc,phases   ] GC(670)   Other: 5.0ms
[2026-01-16T08:58:10.972+0000][gc,heap     ] GC(670) Eden regions: 46->0(46)
[2026-01-16T08:58:10.972+0000][gc,heap     ] GC(670) Survivor regions: 5->5(7)
[2026-01-16T08:58:10.972+0000][gc,heap     ] GC(670) Old regions: 197->198
[2026-01-16T08:58:10.973+0000][gc,heap     ] GC(670) Humongous regions: 149->149
[2026-01-16T08:58:10.973+0000][gc,metaspace] GC(670) Metaspace: 15360K(15872K)->15360K(15872K) NonClass: 13679K(13888K)->13679K(13888K) Class: 1681K(1984K)->1681K(1984K)
[2026-01-16T08:58:10.973+0000][gc          ] GC(670) Pause Young (Normal) (G1 Evacuation Pause) 395M->350M(1024M) 382.868ms
[2026-01-16T08:58:10.974+0000][gc,cpu      ] GC(670) User=0.22s Sys=0.00s Real=0.38s
[2026-01-16T08:58:11.549+0000][gc,start    ] GC(671) Pause Young (Normal) (G1 Evacuation Pause)
[2026-01-16T08:58:11.556+0000][gc,task     ] GC(671) Using 8 workers of 8 for evacuation
[2026-01-16T08:58:11.707+0000][gc,phases   ] GC(671)   Pre Evacuate Collection Set: 3.3ms
[2026-01-16T08:58:11.714+0000][gc,phases   ] GC(671)   Merge Heap Roots: 0.2ms
[2026-01-16T08:58:11.715+0000][gc,phases   ] GC(671)   Evacuate Collection Set: 135.3ms
[2026-01-16T08:58:11.716+0000][gc,phases   ] GC(671)   Post Evacuate Collection Set: 1.8ms
[2026-01-16T08:58:11.717+0000][gc,phases   ] GC(671)   Other: 9.1ms
[2026-01-16T08:58:11.717+0000][gc,heap     ] GC(671) Eden regions: 46->0(46)
[2026-01-16T08:58:11.718+0000][gc,heap     ] GC(671) Survivor regions: 5->5(7)
[2026-01-16T08:58:11.720+0000][gc,heap     ] GC(671) Old regions: 198->199
[2026-01-16T08:58:11.720+0000][gc,heap     ] GC(671) Humongous regions: 149->149
[2026-01-16T08:58:11.721+0000][gc,metaspace] GC(671) Metaspace: 15360K(15872K)->15360K(15872K) NonClass: 13679K(13888K)->13679K(13888K) Class: 1681K(1984K)->1681K(1984K)
[2026-01-16T08:58:11.721+0000][gc          ] GC(671) Pause Young (Normal) (G1 Evacuation Pause) 396M->351M(1024M) 171.361ms
[2026-01-16T08:58:11.723+0000][gc,cpu      ] GC(671) User=0.08s Sys=0.02s Real=0.17s
[2026-01-16T08:58:12.370+0000][gc,start    ] GC(672) Pause Young (Normal) (G1 Evacuation Pause)
[2026-01-16T08:58:12.371+0000][gc,task     ] GC(672) Using 8 workers of 8 for evacuation
[2026-01-16T08:58:12.682+0000][gc,mmu      ] GC(672) MMU target violated: 201.0ms (200.0ms/201.0ms)
[2026-01-16T08:58:12.683+0000][gc,phases   ] GC(672)   Pre Evacuate Collection Set: 23.2ms
[2026-01-16T08:58:12.683+0000][gc,phases   ] GC(672)   Merge Heap Roots: 12.7ms
[2026-01-16T08:58:12.684+0000][gc,phases   ] GC(672)   Evacuate Collection Set: 254.9ms
[2026-01-16T08:58:12.684+0000][gc,phases   ] GC(672)   Post Evacuate Collection Set: 16.0ms
[2026-01-16T08:58:12.684+0000][gc,phases   ] GC(672)   Other: 5.3ms
[2026-01-16T08:58:12.685+0000][gc,heap     ] GC(672) Eden regions: 46->0(46)
[2026-01-16T08:58:12.685+0000][gc,heap     ] GC(672) Survivor regions: 5->5(7)
[2026-01-16T08:58:12.685+0000][gc,heap     ] GC(672) Old regions: 199->199
[2026-01-16T08:58:12.686+0000][gc,heap     ] GC(672) Humongous regions: 149->149
[2026-01-16T08:58:12.686+0000][gc,metaspace] GC(672) Metaspace: 15360K(15872K)->15360K(15872K) NonClass: 13679K(13888K)->13679K(13888K) Class: 1681K(1984K)->1681K(1984K)
[2026-01-16T08:58:12.686+0000][gc          ] GC(672) Pause Young (Normal) (G1 Evacuation Pause) 397M->351M(1024M) 316.382ms
[2026-01-16T08:58:12.687+0000][gc,cpu      ] GC(672) User=0.17s Sys=0.01s Real=0.31s
[2026-01-16T08:58:14.102+0000][gc,start    ] GC(673) Pause Young (Normal) (G1 Evacuation Pause)
[2026-01-16T08:58:14.106+0000][gc,task     ] GC(673) Using 8 workers of 8 for evacuation
[2026-01-16T08:58:14.535+0000][gc,mmu      ] GC(673) MMU target violated: 201.0ms (200.0ms/201.0ms)
[2026-01-16T08:58:14.540+0000][gc,phases   ] GC(673)   Pre Evacuate Collection Set: 64.9ms
[2026-01-16T08:58:14.541+0000][gc,phases   ] GC(673)   Merge Heap Roots: 1.1ms
[2026-01-16T08:58:14.542+0000][gc,phases   ] GC(673)   Evacuate Collection Set: 347.7ms
[2026-01-16T08:58:14.542+0000][gc,phases   ] GC(673)   Post Evacuate Collection Set: 1.7ms
[2026-01-16T08:58:14.542+0000][gc,phases   ] GC(673)   Other: 18.5ms
[2026-01-16T08:58:14.542+0000][gc,heap     ] GC(673) Eden regions: 46->0(46)
[2026-01-16T08:58:14.542+0000][gc,heap     ] GC(673) Survivor regions: 5->5(7)
[2026-01-16T08:58:14.543+0000][gc,heap     ] GC(673) Old regions: 199->200
[2026-01-16T08:58:14.543+0000][gc,heap     ] GC(673) Humongous regions: 149->149
[2026-01-16T08:58:14.543+0000][gc,metaspace] GC(673) Metaspace: 15381K(15936K)->15381K(15936K) NonClass: 13700K(13952K)->13700K(13952K) Class: 1681K(1984K)->1681K(1984K)
[2026-01-16T08:58:14.543+0000][gc          ] GC(673) Pause Young (Normal) (G1 Evacuation Pause) 397M->352M(1024M) 441.102ms
[2026-01-16T08:58:14.543+0000][gc,cpu      ] GC(673) User=0.19s Sys=0.00s Real=0.44s
[2026-01-16T08:58:15.760+0000][gc,start    ] GC(674) Pause Young (Normal) (G1 Evacuation Pause)
[2026-01-16T08:58:15.761+0000][gc,task     ] GC(674) Using 8 workers of 8 for evacuation
[2026-01-16T08:58:16.210+0000][gc,mmu      ] GC(674) MMU target violated: 201.0ms (200.0ms/201.0ms)
[2026-01-16T08:58:16.220+0000][gc,phases   ] GC(674)   Pre Evacuate Collection Set: 72.9ms
[2026-01-16T08:58:16.227+0000][gc,phases   ] GC(674)   Merge Heap Roots: 0.6ms
[2026-01-16T08:58:16.227+0000][gc,phases   ] GC(674)   Evacuate Collection Set: 369.5ms
[2026-01-16T08:58:16.228+0000][gc,phases   ] GC(674)   Post Evacuate Collection Set: 5.4ms
[2026-01-16T08:58:16.228+0000][gc,phases   ] GC(674)   Other: 11.3ms
[2026-01-16T08:58:16.237+0000][gc,heap     ] GC(674) Eden regions: 46->0(46)
[2026-01-16T08:58:16.248+0000][gc,heap     ] GC(674) Survivor regions: 5->5(7)
[2026-01-16T08:58:16.249+0000][gc,heap     ] GC(674) Old regions: 200->201
[2026-01-16T08:58:16.249+0000][gc,heap     ] GC(674) Humongous regions: 149->149
[2026-01-16T08:58:16.249+0000][gc,metaspace] GC(674) Metaspace: 15386K(15936K)->15386K(15936K) NonClass: 13705K(13952K)->13705K(13952K) Class: 1681K(1984K)->1681K(1984K)
[2026-01-16T08:58:16.250+0000][gc          ] GC(674) Pause Young (Normal) (G1 Evacuation Pause) 398M->353M(1024M) 490.030ms
[2026-01-16T08:58:16.250+0000][gc,cpu      ] GC(674) User=0.19s Sys=0.01s Real=0.49s
[2026-01-16T08:58:17.776+0000][gc,start    ] GC(675) Pause Young (Normal) (G1 Evacuation Pause)
[2026-01-16T08:58:17.780+0000][gc,task     ] GC(675) Using 8 workers of 8 for evacuation
[2026-01-16T08:58:18.231+0000][gc,mmu      ] GC(675) MMU target violated: 201.0ms (200.0ms/201.0ms)
[2026-01-16T08:58:18.231+0000][gc,phases   ] GC(675)   Pre Evacuate Collection Set: 16.1ms
[2026-01-16T08:58:18.231+0000][gc,phases   ] GC(675)   Merge Heap Roots: 0.8ms
[2026-01-16T08:58:18.231+0000][gc,phases   ] GC(675)   Evacuate Collection Set: 388.0ms
[2026-01-16T08:58:18.232+0000][gc,phases   ] GC(675)   Post Evacuate Collection Set: 13.3ms
[2026-01-16T08:58:18.232+0000][gc,phases   ] GC(675)   Other: 32.6ms
[2026-01-16T08:58:18.233+0000][gc,heap     ] GC(675) Eden regions: 46->0(46)
[2026-01-16T08:58:18.234+0000][gc,heap     ] GC(675) Survivor regions: 5->5(7)
[2026-01-16T08:58:18.234+0000][gc,heap     ] GC(675) Old regions: 201->201
[2026-01-16T08:58:18.234+0000][gc,heap     ] GC(675) Humongous regions: 149->149
[2026-01-16T08:58:18.235+0000][gc,metaspace] GC(675) Metaspace: 15386K(15936K)->15386K(15936K) NonClass: 13705K(13952K)->13705K(13952K) Class: 1681K(1984K)->1681K(1984K)
[2026-01-16T08:58:18.236+0000][gc          ] GC(675) Pause Young (Normal) (G1 Evacuation Pause) 399M->354M(1024M) 460.415ms
[2026-01-16T08:58:18.237+0000][gc,cpu      ] GC(675) User=0.23s Sys=0.01s Real=0.46s
[2026-01-16T08:58:19.918+0000][gc,start    ] GC(676) Pause Young (Normal) (G1 Evacuation Pause)
[2026-01-16T08:58:19.929+0000][gc,task     ] GC(676) Using 8 workers of 8 for evacuation
[2026-01-16T08:58:20.412+0000][gc,mmu      ] GC(676) MMU target violated: 201.0ms (200.0ms/201.0ms)
[2026-01-16T08:58:20.413+0000][gc,phases   ] GC(676)   Pre Evacuate Collection Set: 75.5ms
[2026-01-16T08:58:20.414+0000][gc,phases   ] GC(676)   Merge Heap Roots: 11.2ms
[2026-01-16T08:58:20.416+0000][gc,phases   ] GC(676)   Evacuate Collection Set: 351.6ms
[2026-01-16T08:58:20.418+0000][gc,phases   ] GC(676)   Post Evacuate Collection Set: 33.3ms
[2026-01-16T08:58:20.420+0000][gc,phases   ] GC(676)   Other: 13.3ms
[2026-01-16T08:58:20.420+0000][gc,heap     ] GC(676) Eden regions: 46->0(46)
[2026-01-16T08:58:20.420+0000][gc,heap     ] GC(676) Survivor regions: 5->5(7)
[2026-01-16T08:58:20.422+0000][gc,heap     ] GC(676) Old regions: 201->202
[2026-01-16T08:58:20.423+0000][gc,heap     ] GC(676) Humongous regions: 149->149
[2026-01-16T08:58:20.424+0000][gc,metaspace] GC(676) Metaspace: 15386K(15936K)->15386K(15936K) NonClass: 13705K(13952K)->13705K(13952K) Class: 1681K(1984K)->1681K(1984K)
[2026-01-16T08:58:20.425+0000][gc          ] GC(676) Pause Young (Normal) (G1 Evacuation Pause) 400M->355M(1024M) 507.360ms
[2026-01-16T08:58:20.426+0000][gc,cpu      ] GC(676) User=0.27s Sys=0.01s Real=0.50s
[2026-01-16T08:58:21.620+0000][gc,start    ] GC(677) Pause Young (Normal) (G1 Evacuation Pause)
[2026-01-16T08:58:21.625+0000][gc,task     ] GC(677) Using 8 workers of 8 for evacuation
[2026-01-16T08:58:22.035+0000][gc,mmu      ] GC(677) MMU target violated: 201.0ms (200.0ms/201.0ms)
[2026-01-16T08:58:22.037+0000][gc,phases   ] GC(677)   Pre Evacuate Collection Set: 18.2ms
[2026-01-16T08:58:22.046+0000][gc,phases   ] GC(677)   Merge Heap Roots: 1.2ms
[2026-01-16T08:58:22.046+0000][gc,phases   ] GC(677)   Evacuate Collection Set: 365.3ms
[2026-01-16T08:58:22.050+0000][gc,phases   ] GC(677)   Post Evacuate Collection Set: 20.3ms
[2026-01-16T08:58:22.053+0000][gc,phases   ] GC(677)   Other: 9.2ms
[2026-01-16T08:58:22.059+0000][gc,heap     ] GC(677) Eden regions: 46->0(46)
[2026-01-16T08:58:22.060+0000][gc,heap     ] GC(677) Survivor regions: 5->5(7)
[2026-01-16T08:58:22.063+0000][gc,heap     ] GC(677) Old regions: 202->203
[2026-01-16T08:58:22.067+0000][gc,heap     ] GC(677) Humongous regions: 149->149
[2026-01-16T08:58:22.071+0000][gc,metaspace] GC(677) Metaspace: 15386K(15936K)->15386K(15936K) NonClass: 13705K(13952K)->13705K(13952K) Class: 1681K(1984K)->1681K(1984K)
[2026-01-16T08:58:22.075+0000][gc          ] GC(677) Pause Young (Normal) (G1 Evacuation Pause) 401M->355M(1024M) 455.263ms
[2026-01-16T08:58:22.077+0000][gc,cpu      ] GC(677) User=0.30s Sys=0.02s Real=0.45s
[2026-01-16T08:58:23.661+0000][gc,start    ] GC(678) Pause Young (Normal) (G1 Evacuation Pause)
[2026-01-16T08:58:23.664+0000][gc,task     ] GC(678) Using 8 workers of 8 for evacuation
[2026-01-16T08:58:24.225+0000][gc,mmu      ] GC(678) MMU target violated: 201.0ms (200.0ms/201.0ms)
[2026-01-16T08:58:24.227+0000][gc,phases   ] GC(678)   Pre Evacuate Collection Set: 28.0ms
[2026-01-16T08:58:24.229+0000][gc,phases   ] GC(678)   Merge Heap Roots: 0.5ms
[2026-01-16T08:58:24.230+0000][gc,phases   ] GC(678)   Evacuate Collection Set: 508.4ms
[2026-01-16T08:58:24.231+0000][gc,phases   ] GC(678)   Post Evacuate Collection Set: 22.4ms
[2026-01-16T08:58:24.234+0000][gc,phases   ] GC(678)   Other: 3.8ms
[2026-01-16T08:58:24.240+0000][gc,heap     ] GC(678) Eden regions: 46->0(47)
[2026-01-16T08:58:24.241+0000][gc,heap     ] GC(678) Survivor regions: 5->4(7)
[2026-01-16T08:58:24.242+0000][gc,heap     ] GC(678) Old regions: 203->204
[2026-01-16T08:58:24.242+0000][gc,heap     ] GC(678) Humongous regions: 149->149
[2026-01-16T08:58:24.245+0000][gc,metaspace] GC(678) Metaspace: 15386K(15936K)->15386K(15936K) NonClass: 13705K(13952K)->13705K(13952K) Class: 1681K(1984K)->1681K(1984K)
[2026-01-16T08:58:24.247+0000][gc          ] GC(678) Pause Young (Normal) (G1 Evacuation Pause) 401M->356M(1024M) 586.166ms
[2026-01-16T08:58:24.249+0000][gc,cpu      ] GC(678) User=0.30s Sys=0.05s Real=0.59s
[2026-01-16T08:58:26.495+0000][gc,start    ] GC(679) Pause Young (Normal) (G1 Evacuation Pause)
[2026-01-16T08:58:26.499+0000][gc,task     ] GC(679) Using 8 workers of 8 for evacuation
[2026-01-16T08:58:27.336+0000][gc,mmu      ] GC(679) MMU target violated: 201.0ms (200.0ms/201.0ms)
[2026-01-16T08:58:27.342+0000][gc,phases   ] GC(679)   Pre Evacuate Collection Set: 138.1ms
[2026-01-16T08:58:27.349+0000][gc,phases   ] GC(679)   Merge Heap Roots: 8.8ms
[2026-01-16T08:58:27.358+0000][gc,phases   ] GC(679)   Evacuate Collection Set: 658.9ms
[2026-01-16T08:58:27.367+0000][gc,phases   ] GC(679)   Post Evacuate Collection Set: 29.4ms
[2026-01-16T08:58:27.368+0000][gc,phases   ] GC(679)   Other: 8.0ms
[2026-01-16T08:58:27.368+0000][gc,heap     ] GC(679) Eden regions: 47->0(46)
[2026-01-16T08:58:27.370+0000][gc,heap     ] GC(679) Survivor regions: 4->5(7)
[2026-01-16T08:58:27.371+0000][gc,heap     ] GC(679) Old regions: 204->204
[2026-01-16T08:58:27.374+0000][gc,heap     ] GC(679) Humongous regions: 149->149
[2026-01-16T08:58:27.378+0000][gc,metaspace] GC(679) Metaspace: 15386K(15936K)->15386K(15936K) NonClass: 13705K(13952K)->13705K(13952K) Class: 1681K(1984K)->1681K(1984K)
[2026-01-16T08:58:27.383+0000][gc          ] GC(679) Pause Young (Normal) (G1 Evacuation Pause) 403M->357M(1024M) 887.590ms
[2026-01-16T08:58:27.388+0000][gc,cpu      ] GC(679) User=0.41s Sys=0.05s Real=0.90s
[2026-01-16T08:58:29.633+0000][gc,start    ] GC(680) Pause Young (Normal) (G1 Evacuation Pause)
[2026-01-16T08:58:29.636+0000][gc,task     ] GC(680) Using 8 workers of 8 for evacuation
[2026-01-16T08:58:30.325+0000][gc,mmu      ] GC(680) MMU target violated: 201.0ms (200.0ms/201.0ms)
[2026-01-16T08:58:30.336+0000][gc,phases   ] GC(680)   Pre Evacuate Collection Set: 42.8ms
[2026-01-16T08:58:30.348+0000][gc,phases   ] GC(680)   Merge Heap Roots: 4.5ms
[2026-01-16T08:58:30.348+0000][gc,phases   ] GC(680)   Evacuate Collection Set: 602.3ms
[2026-01-16T08:58:30.350+0000][gc,phases   ] GC(680)   Post Evacuate Collection Set: 39.0ms
[2026-01-16T08:58:30.351+0000][gc,phases   ] GC(680)   Other: 11.4ms
[2026-01-16T08:58:30.352+0000][gc,heap     ] GC(680) Eden regions: 46->0(47)
[2026-01-16T08:58:30.353+0000][gc,heap     ] GC(680) Survivor regions: 5->4(7)
[2026-01-16T08:58:30.354+0000][gc,heap     ] GC(680) Old regions: 204->206
[2026-01-16T08:58:30.354+0000][gc,heap     ] GC(680) Humongous regions: 149->149
[2026-01-16T08:58:30.355+0000][gc,metaspace] GC(680) Metaspace: 15389K(15936K)->15389K(15936K) NonClass: 13708K(13952K)->13708K(13952K) Class: 1681K(1984K)->1681K(1984K)
[2026-01-16T08:58:30.355+0000][gc          ] GC(680) Pause Young (Normal) (G1 Evacuation Pause) 403M->358M(1024M) 722.328ms
[2026-01-16T08:58:30.356+0000][gc,cpu      ] GC(680) User=0.42s Sys=0.02s Real=0.72s
[2026-01-16T08:58:31.290+0000][gc,start    ] GC(681) Pause Young (Normal) (G1 Evacuation Pause)
[2026-01-16T08:58:31.293+0000][gc,task     ] GC(681) Using 8 workers of 8 for evacuation
[2026-01-16T08:58:31.816+0000][gc,mmu      ] GC(681) MMU target violated: 201.0ms (200.0ms/201.0ms)
[2026-01-16T08:58:31.836+0000][gc,phases   ] GC(681)   Pre Evacuate Collection Set: 21.0ms
[2026-01-16T08:58:31.843+0000][gc,phases   ] GC(681)   Merge Heap Roots: 2.8ms
[2026-01-16T08:58:31.844+0000][gc,phases   ] GC(681)   Evacuate Collection Set: 485.4ms
[2026-01-16T08:58:31.844+0000][gc,phases   ] GC(681)   Post Evacuate Collection Set: 13.1ms
[2026-01-16T08:58:31.844+0000][gc,phases   ] GC(681)   Other: 22.1ms
[2026-01-16T08:58:31.844+0000][gc,heap     ] GC(681) Eden regions: 47->0(47)
[2026-01-16T08:58:31.844+0000][gc,heap     ] GC(681) Survivor regions: 4->4(7)
[2026-01-16T08:58:31.844+0000][gc,heap     ] GC(681) Old regions: 206->206
[2026-01-16T08:58:31.845+0000][gc,heap     ] GC(681) Humongous regions: 149->149
[2026-01-16T08:58:31.845+0000][gc,metaspace] GC(681) Metaspace: 15389K(15936K)->15389K(15936K) NonClass: 13708K(13952K)->13708K(13952K) Class: 1681K(1984K)->1681K(1984K)
[2026-01-16T08:58:31.845+0000][gc          ] GC(681) Pause Young (Normal) (G1 Evacuation Pause) 405M->358M(1024M) 555.084ms
[2026-01-16T08:58:31.845+0000][gc,cpu      ] GC(681) User=0.26s Sys=0.03s Real=0.55s
[2026-01-16T08:58:34.654+0000][gc,start    ] GC(682) Pause Young (Normal) (G1 Evacuation Pause)
[2026-01-16T08:58:34.732+0000][gc,task     ] GC(682) Using 8 workers of 8 for evacuation
[2026-01-16T08:58:35.775+0000][gc,mmu      ] GC(682) MMU target violated: 201.0ms (200.0ms/201.0ms)
[2026-01-16T08:58:35.784+0000][gc,phases   ] GC(682)   Pre Evacuate Collection Set: 77.6ms
[2026-01-16T08:58:35.787+0000][gc,phases   ] GC(682)   Merge Heap Roots: 5.4ms
[2026-01-16T08:58:35.790+0000][gc,phases   ] GC(682)   Evacuate Collection Set: 850.3ms
[2026-01-16T08:58:35.791+0000][gc,phases   ] GC(682)   Post Evacuate Collection Set: 105.4ms
[2026-01-16T08:58:35.794+0000][gc,phases   ] GC(682)   Other: 19.9ms
[2026-01-16T08:58:35.800+0000][gc,heap     ] GC(682) Eden regions: 47->0(46)
[2026-01-16T08:58:35.803+0000][gc,heap     ] GC(682) Survivor regions: 4->5(7)
[2026-01-16T08:58:35.803+0000][gc,heap     ] GC(682) Old regions: 206->206
[2026-01-16T08:58:35.805+0000][gc,heap     ] GC(682) Humongous regions: 149->149
[2026-01-16T08:58:35.810+0000][gc,metaspace] GC(682) Metaspace: 15389K(15936K)->15389K(15936K) NonClass: 13708K(13952K)->13708K(13952K) Class: 1681K(1984K)->1681K(1984K)
[2026-01-16T08:58:35.811+0000][gc          ] GC(682) Pause Young (Normal) (G1 Evacuation Pause) 405M->359M(1024M) 1157.573ms
[2026-01-16T08:58:35.812+0000][gc,cpu      ] GC(682) User=0.47s Sys=0.06s Real=1.15s
[2026-01-16T08:58:37.461+0000][gc,start    ] GC(683) Pause Young (Normal) (G1 Evacuation Pause)
[2026-01-16T08:58:37.466+0000][gc,task     ] GC(683) Using 8 workers of 8 for evacuation
[2026-01-16T08:58:38.541+0000][gc,mmu      ] GC(683) MMU target violated: 201.0ms (200.0ms/201.0ms)
[2026-01-16T08:58:38.553+0000][gc,phases   ] GC(683)   Pre Evacuate Collection Set: 38.5ms
[2026-01-16T08:58:38.556+0000][gc,phases   ] GC(683)   Merge Heap Roots: 10.7ms
[2026-01-16T08:58:38.558+0000][gc,phases   ] GC(683)   Evacuate Collection Set: 946.0ms
[2026-01-16T08:58:38.558+0000][gc,phases   ] GC(683)   Post Evacuate Collection Set: 78.4ms
[2026-01-16T08:58:38.558+0000][gc,phases   ] GC(683)   Other: 14.0ms
[2026-01-16T08:58:38.559+0000][gc,heap     ] GC(683) Eden regions: 46->0(47)
[2026-01-16T08:58:38.559+0000][gc,heap     ] GC(683) Survivor regions: 5->4(7)
[2026-01-16T08:58:38.559+0000][gc,heap     ] GC(683) Old regions: 206->207
[2026-01-16T08:58:38.559+0000][gc,heap     ] GC(683) Humongous regions: 149->149
[2026-01-16T08:58:38.560+0000][gc,metaspace] GC(683) Metaspace: 15389K(15936K)->15389K(15936K) NonClass: 13708K(13952K)->13708K(13952K) Class: 1681K(1984K)->1681K(1984K)
[2026-01-16T08:58:38.561+0000][gc          ] GC(683) Pause Young (Normal) (G1 Evacuation Pause) 405M->359M(1024M) 1099.806ms
[2026-01-16T08:58:38.562+0000][gc,cpu      ] GC(683) User=0.25s Sys=0.01s Real=1.10s
[2026-01-16T08:58:41.397+0000][gc,start    ] GC(684) Pause Young (Normal) (G1 Evacuation Pause)
[2026-01-16T08:58:41.407+0000][gc,task     ] GC(684) Using 8 workers of 8 for evacuation
[2026-01-16T08:58:41.939+0000][gc,mmu      ] GC(684) MMU target violated: 201.0ms (200.0ms/201.0ms)
[2026-01-16T08:58:41.940+0000][gc,phases   ] GC(684)   Pre Evacuate Collection Set: 79.4ms
[2026-01-16T08:58:41.943+0000][gc,phases   ] GC(684)   Merge Heap Roots: 13.6ms
[2026-01-16T08:58:41.943+0000][gc,phases   ] GC(684)   Evacuate Collection Set: 386.3ms
[2026-01-16T08:58:41.944+0000][gc,phases   ] GC(684)   Post Evacuate Collection Set: 27.7ms
[2026-01-16T08:58:41.945+0000][gc,phases   ] GC(684)   Other: 27.1ms
[2026-01-16T08:58:41.945+0000][gc,heap     ] GC(684) Eden regions: 47->0(46)
[2026-01-16T08:58:41.945+0000][gc,heap     ] GC(684) Survivor regions: 4->5(7)
[2026-01-16T08:58:41.946+0000][gc,heap     ] GC(684) Old regions: 207->208
[2026-01-16T08:58:41.947+0000][gc,heap     ] GC(684) Humongous regions: 149->149
[2026-01-16T08:58:41.947+0000][gc,metaspace] GC(684) Metaspace: 15389K(15936K)->15389K(15936K) NonClass: 13708K(13952K)->13708K(13952K) Class: 1681K(1984K)->1681K(1984K)
[2026-01-16T08:58:41.950+0000][gc          ] GC(684) Pause Young (Normal) (G1 Evacuation Pause) 406M->360M(1024M) 554.249ms
[2026-01-16T08:58:41.966+0000][gc,cpu      ] GC(684) User=0.32s Sys=0.02s Real=0.58s
[2026-01-16T08:58:43.679+0000][gc,start    ] GC(685) Pause Young (Normal) (G1 Evacuation Pause)
[2026-01-16T08:58:43.683+0000][gc,task     ] GC(685) Using 8 workers of 8 for evacuation
[2026-01-16T08:58:44.108+0000][gc,mmu      ] GC(685) MMU target violated: 201.0ms (200.0ms/201.0ms)
[2026-01-16T08:58:44.121+0000][gc,phases   ] GC(685)   Pre Evacuate Collection Set: 28.3ms
[2026-01-16T08:58:44.129+0000][gc,phases   ] GC(685)   Merge Heap Roots: 0.6ms
[2026-01-16T08:58:44.130+0000][gc,phases   ] GC(685)   Evacuate Collection Set: 391.1ms
[2026-01-16T08:58:44.131+0000][gc,phases   ] GC(685)   Post Evacuate Collection Set: 4.1ms
[2026-01-16T08:58:44.138+0000][gc,phases   ] GC(685)   Other: 16.2ms
[2026-01-16T08:58:44.139+0000][gc,heap     ] GC(685) Eden regions: 46->0(47)
[2026-01-16T08:58:44.147+0000][gc,heap     ] GC(685) Survivor regions: 5->4(7)
[2026-01-16T08:58:44.148+0000][gc,heap     ] GC(685) Old regions: 208->209
[2026-01-16T08:58:44.150+0000][gc,heap     ] GC(685) Humongous regions: 149->149
[2026-01-16T08:58:44.150+0000][gc,metaspace] GC(685) Metaspace: 15389K(15936K)->15389K(15936K) NonClass: 13708K(13952K)->13708K(13952K) Class: 1681K(1984K)->1681K(1984K)
[2026-01-16T08:58:44.150+0000][gc          ] GC(685) Pause Young (Normal) (G1 Evacuation Pause) 406M->361M(1024M) 471.583ms
[2026-01-16T08:58:44.150+0000][gc,cpu      ] GC(685) User=0.22s Sys=0.02s Real=0.47s
[2026-01-16T08:58:44.988+0000][gc,start    ] GC(686) Pause Young (Normal) (G1 Evacuation Pause)
[2026-01-16T08:58:45.055+0000][gc,task     ] GC(686) Using 8 workers of 8 for evacuation
[2026-01-16T08:58:45.518+0000][gc,mmu      ] GC(686) MMU target violated: 201.0ms (200.0ms/201.0ms)
[2026-01-16T08:58:45.525+0000][gc,phases   ] GC(686)   Pre Evacuate Collection Set: 19.0ms
[2026-01-16T08:58:45.525+0000][gc,phases   ] GC(686)   Merge Heap Roots: 7.2ms
[2026-01-16T08:58:45.526+0000][gc,phases   ] GC(686)   Evacuate Collection Set: 417.0ms
[2026-01-16T08:58:45.527+0000][gc,phases   ] GC(686)   Post Evacuate Collection Set: 17.0ms
[2026-01-16T08:58:45.535+0000][gc,phases   ] GC(686)   Other: 8.9ms
[2026-01-16T08:58:45.536+0000][gc,heap     ] GC(686) Eden regions: 47->0(46)
[2026-01-16T08:58:45.536+0000][gc,heap     ] GC(686) Survivor regions: 4->5(7)
[2026-01-16T08:58:45.539+0000][gc,heap     ] GC(686) Old regions: 209->209
[2026-01-16T08:58:45.539+0000][gc,heap     ] GC(686) Humongous regions: 149->149
[2026-01-16T08:58:45.539+0000][gc,metaspace] GC(686) Metaspace: 15389K(15936K)->15389K(15936K) NonClass: 13708K(13952K)->13708K(13952K) Class: 1681K(1984K)->1681K(1984K)
[2026-01-16T08:58:45.540+0000][gc          ] GC(686) Pause Young (Normal) (G1 Evacuation Pause) 408M->361M(1024M) 552.031ms
[2026-01-16T08:58:45.542+0000][gc,cpu      ] GC(686) User=0.11s Sys=0.01s Real=0.55s
[2026-01-16T08:58:47.084+0000][gc,start    ] GC(687) Pause Young (Normal) (G1 Evacuation Pause)
[2026-01-16T08:58:47.092+0000][gc,task     ] GC(687) Using 8 workers of 8 for evacuation
[2026-01-16T08:58:47.587+0000][gc,mmu      ] GC(687) MMU target violated: 201.0ms (200.0ms/201.0ms)
[2026-01-16T08:58:47.591+0000][gc,phases   ] GC(687)   Pre Evacuate Collection Set: 28.5ms
[2026-01-16T08:58:47.593+0000][gc,phases   ] GC(687)   Merge Heap Roots: 3.3ms
[2026-01-16T08:58:47.594+0000][gc,phases   ] GC(687)   Evacuate Collection Set: 435.4ms
[2026-01-16T08:58:47.596+0000][gc,phases   ] GC(687)   Post Evacuate Collection Set: 21.8ms
[2026-01-16T08:58:47.599+0000][gc,phases   ] GC(687)   Other: 11.1ms
[2026-01-16T08:58:47.602+0000][gc,heap     ] GC(687) Eden regions: 46->0(46)
[2026-01-16T08:58:47.605+0000][gc,heap     ] GC(687) Survivor regions: 5->5(7)
[2026-01-16T08:58:47.608+0000][gc,heap     ] GC(687) Old regions: 209->210
[2026-01-16T08:58:47.609+0000][gc,heap     ] GC(687) Humongous regions: 149->149
[2026-01-16T08:58:47.611+0000][gc,metaspace] GC(687) Metaspace: 15389K(15936K)->15389K(15936K) NonClass: 13708K(13952K)->13708K(13952K) Class: 1681K(1984K)->1681K(1984K)
[2026-01-16T08:58:47.614+0000][gc          ] GC(687) Pause Young (Normal) (G1 Evacuation Pause) 407M->362M(1024M) 529.582ms
[2026-01-16T08:58:47.616+0000][gc,cpu      ] GC(687) User=0.29s Sys=0.00s Real=0.53s
[2026-01-16T08:58:49.327+0000][gc,start    ] GC(688) Pause Young (Normal) (G1 Evacuation Pause)
[2026-01-16T08:58:49.341+0000][gc,task     ] GC(688) Using 8 workers of 8 for evacuation
[2026-01-16T08:58:50.043+0000][gc,mmu      ] GC(688) MMU target violated: 201.0ms (200.0ms/201.0ms)
[2026-01-16T08:58:50.044+0000][gc,phases   ] GC(688)   Pre Evacuate Collection Set: 98.6ms
[2026-01-16T08:58:50.044+0000][gc,phases   ] GC(688)   Merge Heap Roots: 1.4ms
[2026-01-16T08:58:50.045+0000][gc,phases   ] GC(688)   Evacuate Collection Set: 584.0ms
[2026-01-16T08:58:50.045+0000][gc,phases   ] GC(688)   Post Evacuate Collection Set: 16.9ms
[2026-01-16T08:58:50.046+0000][gc,phases   ] GC(688)   Other: 2.5ms
[2026-01-16T08:58:50.054+0000][gc,heap     ] GC(688) Eden regions: 46->0(46)
[2026-01-16T08:58:50.054+0000][gc,heap     ] GC(688) Survivor regions: 5->5(7)
[2026-01-16T08:58:50.055+0000][gc,heap     ] GC(688) Old regions: 210->211
[2026-01-16T08:58:50.056+0000][gc,heap     ] GC(688) Humongous regions: 149->149
[2026-01-16T08:58:50.056+0000][gc,metaspace] GC(688) Metaspace: 15389K(15936K)->15389K(15936K) NonClass: 13708K(13952K)->13708K(13952K) Class: 1681K(1984K)->1681K(1984K)
[2026-01-16T08:58:50.057+0000][gc          ] GC(688) Pause Young (Normal) (G1 Evacuation Pause) 408M->363M(1024M) 729.386ms
[2026-01-16T08:58:50.057+0000][gc,cpu      ] GC(688) User=0.26s Sys=0.03s Real=0.74s
[2026-01-16T08:58:51.333+0000][gc,start    ] GC(689) Pause Young (Normal) (G1 Evacuation Pause)
[2026-01-16T08:58:51.345+0000][gc,task     ] GC(689) Using 8 workers of 8 for evacuation
[2026-01-16T08:58:52.111+0000][gc,mmu      ] GC(689) MMU target violated: 201.0ms (200.0ms/201.0ms)
[2026-01-16T08:58:52.114+0000][gc,phases   ] GC(689)   Pre Evacuate Collection Set: 25.1ms
[2026-01-16T08:58:52.114+0000][gc,phases   ] GC(689)   Merge Heap Roots: 10.8ms
[2026-01-16T08:58:52.119+0000][gc,phases   ] GC(689)   Evacuate Collection Set: 714.2ms
[2026-01-16T08:58:52.121+0000][gc,phases   ] GC(689)   Post Evacuate Collection Set: 12.9ms
[2026-01-16T08:58:52.129+0000][gc,phases   ] GC(689)   Other: 6.2ms
[2026-01-16T08:58:52.152+0000][gc,heap     ] GC(689) Eden regions: 46->0(46)
[2026-01-16T08:58:52.171+0000][gc,heap     ] GC(689) Survivor regions: 5->5(7)
[2026-01-16T08:58:52.171+0000][gc,heap     ] GC(689) Old regions: 211->211
[2026-01-16T08:58:52.176+0000][gc,heap     ] GC(689) Humongous regions: 149->149
[2026-01-16T08:58:52.178+0000][gc,metaspace] GC(689) Metaspace: 15389K(15936K)->15389K(15936K) NonClass: 13708K(13952K)->13708K(13952K) Class: 1681K(1984K)->1681K(1984K)
[2026-01-16T08:58:52.179+0000][gc          ] GC(689) Pause Young (Normal) (G1 Evacuation Pause) 409M->363M(1024M) 846.155ms
[2026-01-16T08:58:52.182+0000][gc,cpu      ] GC(689) User=0.27s Sys=0.01s Real=0.84s
[2026-01-16T08:58:54.881+0000][gc,start    ] GC(690) Pause Young (Normal) (G1 Evacuation Pause)
[2026-01-16T08:58:54.898+0000][gc,task     ] GC(690) Using 8 workers of 8 for evacuation
[2026-01-16T08:58:55.405+0000][gc,mmu      ] GC(690) MMU target violated: 201.0ms (200.0ms/201.0ms)
[2026-01-16T08:58:55.410+0000][gc,phases   ] GC(690)   Pre Evacuate Collection Set: 23.6ms
[2026-01-16T08:58:55.413+0000][gc,phases   ] GC(690)   Merge Heap Roots: 1.1ms
[2026-01-16T08:58:55.413+0000][gc,phases   ] GC(690)   Evacuate Collection Set: 455.0ms
[2026-01-16T08:58:55.414+0000][gc,phases   ] GC(690)   Post Evacuate Collection Set: 17.1ms
[2026-01-16T08:58:55.414+0000][gc,phases   ] GC(690)   Other: 14.8ms
[2026-01-16T08:58:55.414+0000][gc,heap     ] GC(690) Eden regions: 46->0(46)
[2026-01-16T08:58:55.415+0000][gc,heap     ] GC(690) Survivor regions: 5->5(7)
[2026-01-16T08:58:55.415+0000][gc,heap     ] GC(690) Old regions: 211->212
[2026-01-16T08:58:55.416+0000][gc,heap     ] GC(690) Humongous regions: 149->149
[2026-01-16T08:58:55.417+0000][gc,metaspace] GC(690) Metaspace: 15389K(15936K)->15389K(15936K) NonClass: 13708K(13952K)->13708K(13952K) Class: 1681K(1984K)->1681K(1984K)
[2026-01-16T08:58:55.417+0000][gc          ] GC(690) Pause Young (Normal) (G1 Evacuation Pause) 409M->364M(1024M) 536.204ms
[2026-01-16T08:58:55.421+0000][gc,cpu      ] GC(690) User=0.25s Sys=0.02s Real=0.54s
[2026-01-16T08:58:57.251+0000][gc,start    ] GC(691) Pause Young (Normal) (G1 Evacuation Pause)
[2026-01-16T08:58:57.259+0000][gc,task     ] GC(691) Using 8 workers of 8 for evacuation
[2026-01-16T08:58:57.529+0000][gc,mmu      ] GC(691) MMU target violated: 201.0ms (200.0ms/201.0ms)
[2026-01-16T08:58:57.530+0000][gc,phases   ] GC(691)   Pre Evacuate Collection Set: 39.3ms
[2026-01-16T08:58:57.533+0000][gc,phases   ] GC(691)   Merge Heap Roots: 3.2ms
[2026-01-16T08:58:57.536+0000][gc,phases   ] GC(691)   Evacuate Collection Set: 222.3ms
[2026-01-16T08:58:57.536+0000][gc,phases   ] GC(691)   Post Evacuate Collection Set: 4.3ms
[2026-01-16T08:58:57.536+0000][gc,phases   ] GC(691)   Other: 2.9ms
[2026-01-16T08:58:57.536+0000][gc,heap     ] GC(691) Eden regions: 46->0(46)
[2026-01-16T08:58:57.538+0000][gc,heap     ] GC(691) Survivor regions: 5->5(7)
[2026-01-16T08:58:57.539+0000][gc,heap     ] GC(691) Old regions: 212->212
[2026-01-16T08:58:57.539+0000][gc,heap     ] GC(691) Humongous regions: 149->149
[2026-01-16T08:58:57.539+0000][gc,metaspace] GC(691) Metaspace: 15389K(15936K)->15389K(15936K) NonClass: 13708K(13952K)->13708K(13952K) Class: 1681K(1984K)->1681K(1984K)
[2026-01-16T08:58:57.541+0000][gc          ] GC(691) Pause Young (Normal) (G1 Evacuation Pause) 410M->365M(1024M) 289.583ms
[2026-01-16T08:58:57.542+0000][gc,cpu      ] GC(691) User=0.18s Sys=0.01s Real=0.29s
[2026-01-16T08:58:58.250+0000][gc,start    ] GC(692) Pause Young (Normal) (G1 Evacuation Pause)
[2026-01-16T08:58:58.254+0000][gc,task     ] GC(692) Using 8 workers of 8 for evacuation
[2026-01-16T08:58:58.394+0000][gc,phases   ] GC(692)   Pre Evacuate Collection Set: 0.9ms
[2026-01-16T08:58:58.398+0000][gc,phases   ] GC(692)   Merge Heap Roots: 0.3ms
[2026-01-16T08:58:58.401+0000][gc,phases   ] GC(692)   Evacuate Collection Set: 136.6ms
[2026-01-16T08:58:58.401+0000][gc,phases   ] GC(692)   Post Evacuate Collection Set: 1.0ms
[2026-01-16T08:58:58.402+0000][gc,phases   ] GC(692)   Other: 0.9ms
[2026-01-16T08:58:58.403+0000][gc,heap     ] GC(692) Eden regions: 46->0(47)
[2026-01-16T08:58:58.404+0000][gc,heap     ] GC(692) Survivor regions: 5->4(7)
[2026-01-16T08:58:58.405+0000][gc,heap     ] GC(692) Old regions: 212->214
[2026-01-16T08:58:58.410+0000][gc,heap     ] GC(692) Humongous regions: 149->149
[2026-01-16T08:58:58.411+0000][gc,metaspace] GC(692) Metaspace: 15390K(15936K)->15390K(15936K) NonClass: 13709K(13952K)->13709K(13952K) Class: 1681K(1984K)->1681K(1984K)
[2026-01-16T08:58:58.411+0000][gc          ] GC(692) Pause Young (Normal) (G1 Evacuation Pause) 411M->366M(1024M) 160.849ms
[2026-01-16T08:58:58.412+0000][gc,cpu      ] GC(692) User=0.13s Sys=0.00s Real=0.16s
[2026-01-16T08:58:58.858+0000][gc,start    ] GC(693) Pause Young (Normal) (G1 Evacuation Pause)
[2026-01-16T08:58:58.858+0000][gc,task     ] GC(693) Using 8 workers of 8 for evacuation
[2026-01-16T08:58:59.050+0000][gc,phases   ] GC(693)   Pre Evacuate Collection Set: 20.8ms
[2026-01-16T08:58:59.050+0000][gc,phases   ] GC(693)   Merge Heap Roots: 5.1ms
[2026-01-16T08:58:59.061+0000][gc,phases   ] GC(693)   Evacuate Collection Set: 158.9ms
[2026-01-16T08:58:59.061+0000][gc,phases   ] GC(693)   Post Evacuate Collection Set: 3.0ms
[2026-01-16T08:58:59.069+0000][gc,phases   ] GC(693)   Other: 3.5ms
[2026-01-16T08:58:59.069+0000][gc,heap     ] GC(693) Eden regions: 47->0(46)
[2026-01-16T08:58:59.070+0000][gc,heap     ] GC(693) Survivor regions: 4->5(7)
[2026-01-16T08:58:59.070+0000][gc,heap     ] GC(693) Old regions: 214->214
[2026-01-16T08:58:59.070+0000][gc,heap     ] GC(693) Humongous regions: 149->149
[2026-01-16T08:58:59.072+0000][gc,metaspace] GC(693) Metaspace: 15390K(15936K)->15390K(15936K) NonClass: 13709K(13952K)->13709K(13952K) Class: 1681K(1984K)->1681K(1984K)
[2026-01-16T08:58:59.073+0000][gc          ] GC(693) Pause Young (Normal) (G1 Evacuation Pause) 413M->366M(1024M) 214.975ms
[2026-01-16T08:58:59.073+0000][gc,cpu      ] GC(693) User=0.10s Sys=0.00s Real=0.22s
[2026-01-16T08:59:00.171+0000][gc,start    ] GC(694) Pause Young (Normal) (G1 Evacuation Pause)
[2026-01-16T08:59:00.172+0000][gc,task     ] GC(694) Using 8 workers of 8 for evacuation
[2026-01-16T08:59:00.300+0000][gc,phases   ] GC(694)   Pre Evacuate Collection Set: 14.4ms
[2026-01-16T08:59:00.302+0000][gc,phases   ] GC(694)   Merge Heap Roots: 4.0ms
[2026-01-16T08:59:00.305+0000][gc,phases   ] GC(694)   Evacuate Collection Set: 104.5ms
[2026-01-16T08:59:00.307+0000][gc,phases   ] GC(694)   Post Evacuate Collection Set: 4.8ms
[2026-01-16T08:59:00.308+0000][gc,phases   ] GC(694)   Other: 0.7ms
[2026-01-16T08:59:00.308+0000][gc,heap     ] GC(694) Eden regions: 46->0(46)
[2026-01-16T08:59:00.308+0000][gc,heap     ] GC(694) Survivor regions: 5->5(7)
[2026-01-16T08:59:00.308+0000][gc,heap     ] GC(694) Old regions: 214->215
[2026-01-16T08:59:00.309+0000][gc,heap     ] GC(694) Humongous regions: 149->149
[2026-01-16T08:59:00.310+0000][gc,metaspace] GC(694) Metaspace: 15390K(15936K)->15390K(15936K) NonClass: 13709K(13952K)->13709K(13952K) Class: 1681K(1984K)->1681K(1984K)
[2026-01-16T08:59:00.312+0000][gc          ] GC(694) Pause Young (Normal) (G1 Evacuation Pause) 412M->367M(1024M) 141.025ms
[2026-01-16T08:59:00.312+0000][gc,cpu      ] GC(694) User=0.14s Sys=0.01s Real=0.14s
[2026-01-16T08:59:01.191+0000][gc,start    ] GC(695) Pause Young (Normal) (G1 Evacuation Pause)
[2026-01-16T08:59:01.208+0000][gc,task     ] GC(695) Using 8 workers of 8 for evacuation
[2026-01-16T08:59:01.484+0000][gc,mmu      ] GC(695) MMU target violated: 201.0ms (200.0ms/201.0ms)
[2026-01-16T08:59:01.485+0000][gc,phases   ] GC(695)   Pre Evacuate Collection Set: 1.0ms
[2026-01-16T08:59:01.486+0000][gc,phases   ] GC(695)   Merge Heap Roots: 0.4ms
[2026-01-16T08:59:01.486+0000][gc,phases   ] GC(695)   Evacuate Collection Set: 267.3ms
[2026-01-16T08:59:01.486+0000][gc,phases   ] GC(695)   Post Evacuate Collection Set: 4.0ms
[2026-01-16T08:59:01.487+0000][gc,phases   ] GC(695)   Other: 4.9ms
[2026-01-16T08:59:01.487+0000][gc,heap     ] GC(695) Eden regions: 46->0(46)
[2026-01-16T08:59:01.488+0000][gc,heap     ] GC(695) Survivor regions: 5->5(7)
[2026-01-16T08:59:01.488+0000][gc,heap     ] GC(695) Old regions: 215->215
[2026-01-16T08:59:01.488+0000][gc,heap     ] GC(695) Humongous regions: 149->149
[2026-01-16T08:59:01.488+0000][gc,metaspace] GC(695) Metaspace: 15390K(15936K)->15390K(15936K) NonClass: 13709K(13952K)->13709K(13952K) Class: 1681K(1984K)->1681K(1984K)
[2026-01-16T08:59:01.488+0000][gc          ] GC(695) Pause Young (Normal) (G1 Evacuation Pause) 413M->368M(1024M) 297.637ms
[2026-01-16T08:59:01.489+0000][gc,cpu      ] GC(695) User=0.12s Sys=0.02s Real=0.30s
[2026-01-16T08:59:02.772+0000][gc,start    ] GC(696) Pause Young (Normal) (G1 Evacuation Pause)
[2026-01-16T08:59:02.775+0000][gc,task     ] GC(696) Using 8 workers of 8 for evacuation
[2026-01-16T08:59:03.176+0000][gc,mmu      ] GC(696) MMU target violated: 201.0ms (200.0ms/201.0ms)
[2026-01-16T08:59:03.179+0000][gc,phases   ] GC(696)   Pre Evacuate Collection Set: 6.6ms
[2026-01-16T08:59:03.181+0000][gc,phases   ] GC(696)   Merge Heap Roots: 9.4ms
[2026-01-16T08:59:03.182+0000][gc,phases   ] GC(696)   Evacuate Collection Set: 372.1ms
[2026-01-16T08:59:03.183+0000][gc,phases   ] GC(696)   Post Evacuate Collection Set: 8.2ms
[2026-01-16T08:59:03.183+0000][gc,phases   ] GC(696)   Other: 8.4ms
[2026-01-16T08:59:03.184+0000][gc,heap     ] GC(696) Eden regions: 46->0(46)
[2026-01-16T08:59:03.191+0000][gc,heap     ] GC(696) Survivor regions: 5->5(7)
[2026-01-16T08:59:03.192+0000][gc,heap     ] GC(696) Old regions: 215->216
[2026-01-16T08:59:03.192+0000][gc,heap     ] GC(696) Humongous regions: 149->149
[2026-01-16T08:59:03.192+0000][gc,metaspace] GC(696) Metaspace: 15391K(15936K)->15391K(15936K) NonClass: 13709K(13952K)->13709K(13952K) Class: 1681K(1984K)->1681K(1984K)
[2026-01-16T08:59:03.193+0000][gc          ] GC(696) Pause Young (Normal) (G1 Evacuation Pause) 414M->369M(1024M) 420.468ms
[2026-01-16T08:59:03.194+0000][gc,cpu      ] GC(696) User=0.22s Sys=0.01s Real=0.42s
[2026-01-16T08:59:07.117+0000][gc,start    ] GC(697) Pause Young (Normal) (G1 Evacuation Pause)
[2026-01-16T08:59:07.119+0000][gc,task     ] GC(697) Using 8 workers of 8 for evacuation
[2026-01-16T08:59:07.999+0000][gc,mmu      ] GC(697) MMU target violated: 201.0ms (200.0ms/201.0ms)
[2026-01-16T08:59:08.002+0000][gc,phases   ] GC(697)   Pre Evacuate Collection Set: 144.7ms
[2026-01-16T08:59:08.003+0000][gc,phases   ] GC(697)   Merge Heap Roots: 27.9ms
[2026-01-16T08:59:08.003+0000][gc,phases   ] GC(697)   Evacuate Collection Set: 647.8ms
[2026-01-16T08:59:08.004+0000][gc,phases   ] GC(697)   Post Evacuate Collection Set: 58.3ms
[2026-01-16T08:59:08.005+0000][gc,phases   ] GC(697)   Other: 4.6ms
[2026-01-16T08:59:08.006+0000][gc,heap     ] GC(697) Eden regions: 46->0(46)
[2026-01-16T08:59:08.007+0000][gc,heap     ] GC(697) Survivor regions: 5->5(7)
[2026-01-16T08:59:08.011+0000][gc,heap     ] GC(697) Old regions: 216->217
[2026-01-16T08:59:08.013+0000][gc,heap     ] GC(697) Humongous regions: 149->149
[2026-01-16T08:59:08.014+0000][gc,metaspace] GC(697) Metaspace: 15391K(15936K)->15391K(15936K) NonClass: 13709K(13952K)->13709K(13952K) Class: 1681K(1984K)->1681K(1984K)
[2026-01-16T08:59:08.014+0000][gc          ] GC(697) Pause Young (Normal) (G1 Evacuation Pause) 415M->369M(1024M) 896.774ms
[2026-01-16T08:59:08.016+0000][gc,cpu      ] GC(697) User=0.50s Sys=0.09s Real=0.90s
[2026-01-16T08:59:10.293+0000][gc,start    ] GC(698) Pause Young (Normal) (G1 Evacuation Pause)
[2026-01-16T08:59:10.297+0000][gc,task     ] GC(698) Using 8 workers of 8 for evacuation
[2026-01-16T08:59:11.020+0000][gc,mmu      ] GC(698) MMU target violated: 201.0ms (200.0ms/201.0ms)
[2026-01-16T08:59:11.021+0000][gc,phases   ] GC(698)   Pre Evacuate Collection Set: 31.1ms
[2026-01-16T08:59:11.021+0000][gc,phases   ] GC(698)   Merge Heap Roots: 13.8ms
[2026-01-16T08:59:11.021+0000][gc,phases   ] GC(698)   Evacuate Collection Set: 658.8ms
[2026-01-16T08:59:11.022+0000][gc,phases   ] GC(698)   Post Evacuate Collection Set: 17.0ms
[2026-01-16T08:59:11.022+0000][gc,phases   ] GC(698)   Other: 3.7ms
[2026-01-16T08:59:11.023+0000][gc,heap     ] GC(698) Eden regions: 46->0(46)
[2026-01-16T08:59:11.023+0000][gc,heap     ] GC(698) Survivor regions: 5->5(7)
[2026-01-16T08:59:11.024+0000][gc,heap     ] GC(698) Old regions: 217->217
[2026-01-16T08:59:11.024+0000][gc,heap     ] GC(698) Humongous regions: 149->149
[2026-01-16T08:59:11.025+0000][gc,metaspace] GC(698) Metaspace: 15391K(15936K)->15391K(15936K) NonClass: 13709K(13952K)->13709K(13952K) Class: 1681K(1984K)->1681K(1984K)
[2026-01-16T08:59:11.026+0000][gc          ] GC(698) Pause Young (Normal) (G1 Evacuation Pause) 415M->370M(1024M) 732.682ms
[2026-01-16T08:59:11.026+0000][gc,cpu      ] GC(698) User=0.33s Sys=0.01s Real=0.74s
[2026-01-16T08:59:14.423+0000][gc,start    ] GC(699) Pause Young (Normal) (G1 Evacuation Pause)
[2026-01-16T08:59:14.433+0000][gc,task     ] GC(699) Using 8 workers of 8 for evacuation
[2026-01-16T08:59:15.379+0000][gc,mmu      ] GC(699) MMU target violated: 201.0ms (200.0ms/201.0ms)
[2026-01-16T08:59:15.380+0000][gc,phases   ] GC(699)   Pre Evacuate Collection Set: 23.2ms
[2026-01-16T08:59:15.380+0000][gc,phases   ] GC(699)   Merge Heap Roots: 5.7ms
[2026-01-16T08:59:15.380+0000][gc,phases   ] GC(699)   Evacuate Collection Set: 873.3ms
[2026-01-16T08:59:15.380+0000][gc,phases   ] GC(699)   Post Evacuate Collection Set: 43.2ms
[2026-01-16T08:59:15.380+0000][gc,phases   ] GC(699)   Other: 2.1ms
[2026-01-16T08:59:15.380+0000][gc,heap     ] GC(699) Eden regions: 46->0(46)
[2026-01-16T08:59:15.380+0000][gc,heap     ] GC(699) Survivor regions: 5->5(7)
[2026-01-16T08:59:15.380+0000][gc,heap     ] GC(699) Old regions: 217->219
[2026-01-16T08:59:15.380+0000][gc,heap     ] GC(699) Humongous regions: 149->149
[2026-01-16T08:59:15.382+0000][gc,metaspace] GC(699) Metaspace: 15391K(15936K)->15391K(15936K) NonClass: 13710K(13952K)->13710K(13952K) Class: 1681K(1984K)->1681K(1984K)
[2026-01-16T08:59:15.385+0000][gc          ] GC(699) Pause Young (Normal) (G1 Evacuation Pause) 416M->371M(1024M) 964.665ms
[2026-01-16T08:59:15.393+0000][gc,cpu      ] GC(699) User=0.61s Sys=0.06s Real=0.97s
[2026-01-16T08:59:19.135+0000][gc,start    ] GC(700) Pause Young (Normal) (G1 Evacuation Pause)
[2026-01-16T08:59:19.177+0000][gc,task     ] GC(700) Using 8 workers of 8 for evacuation
[2026-01-16T08:59:19.805+0000][gc,mmu      ] GC(700) MMU target violated: 201.0ms (200.0ms/201.0ms)
[2026-01-16T08:59:19.811+0000][gc,phases   ] GC(700)   Pre Evacuate Collection Set: 66.7ms
[2026-01-16T08:59:19.813+0000][gc,phases   ] GC(700)   Merge Heap Roots: 8.1ms
[2026-01-16T08:59:19.813+0000][gc,phases   ] GC(700)   Evacuate Collection Set: 527.0ms
[2026-01-16T08:59:19.814+0000][gc,phases   ] GC(700)   Post Evacuate Collection Set: 20.2ms
[2026-01-16T08:59:19.816+0000][gc,phases   ] GC(700)   Other: 25.6ms
[2026-01-16T08:59:19.817+0000][gc,heap     ] GC(700) Eden regions: 46->0(47)
[2026-01-16T08:59:19.817+0000][gc,heap     ] GC(700) Survivor regions: 5->4(7)
[2026-01-16T08:59:19.818+0000][gc,heap     ] GC(700) Old regions: 219->220
[2026-01-16T08:59:19.818+0000][gc,heap     ] GC(700) Humongous regions: 149->149
[2026-01-16T08:59:19.818+0000][gc,metaspace] GC(700) Metaspace: 15391K(15936K)->15391K(15936K) NonClass: 13710K(13952K)->13710K(13952K) Class: 1681K(1984K)->1681K(1984K)
[2026-01-16T08:59:19.819+0000][gc          ] GC(700) Pause Young (Normal) (G1 Evacuation Pause) 417M->371M(1024M) 683.943ms
[2026-01-16T08:59:19.826+0000][gc,cpu      ] GC(700) User=0.32s Sys=0.02s Real=0.68s
[2026-01-16T08:59:21.430+0000][gc,start    ] GC(701) Pause Young (Normal) (G1 Evacuation Pause)
[2026-01-16T08:59:21.440+0000][gc,task     ] GC(701) Using 8 workers of 8 for evacuation
[2026-01-16T08:59:21.930+0000][gc,mmu      ] GC(701) MMU target violated: 201.0ms (200.0ms/201.0ms)
[2026-01-16T08:59:21.931+0000][gc,phases   ] GC(701)   Pre Evacuate Collection Set: 69.0ms
[2026-01-16T08:59:21.931+0000][gc,phases   ] GC(701)   Merge Heap Roots: 0.4ms
[2026-01-16T08:59:21.932+0000][gc,phases   ] GC(701)   Evacuate Collection Set: 389.7ms
[2026-01-16T08:59:21.934+0000][gc,phases   ] GC(701)   Post Evacuate Collection Set: 22.6ms
[2026-01-16T08:59:21.934+0000][gc,phases   ] GC(701)   Other: 9.3ms
[2026-01-16T08:59:21.935+0000][gc,heap     ] GC(701) Eden regions: 47->0(46)
[2026-01-16T08:59:21.935+0000][gc,heap     ] GC(701) Survivor regions: 4->5(7)
[2026-01-16T08:59:21.935+0000][gc,heap     ] GC(701) Old regions: 220->220
[2026-01-16T08:59:21.936+0000][gc,heap     ] GC(701) Humongous regions: 149->149
[2026-01-16T08:59:21.936+0000][gc,metaspace] GC(701) Metaspace: 15392K(15936K)->15392K(15936K) NonClass: 13710K(13952K)->13710K(13952K) Class: 1681K(1984K)->1681K(1984K)
[2026-01-16T08:59:21.937+0000][gc          ] GC(701) Pause Young (Normal) (G1 Evacuation Pause) 418M->372M(1024M) 506.555ms
[2026-01-16T08:59:21.937+0000][gc,cpu      ] GC(701) User=0.22s Sys=0.00s Real=0.51s
[2026-01-16T08:59:23.592+0000][gc,start    ] GC(702) Pause Young (Normal) (G1 Evacuation Pause)
[2026-01-16T08:59:23.594+0000][gc,task     ] GC(702) Using 8 workers of 8 for evacuation
[2026-01-16T08:59:24.233+0000][gc,mmu      ] GC(702) MMU target violated: 201.0ms (200.0ms/201.0ms)
[2026-01-16T08:59:24.243+0000][gc,phases   ] GC(702)   Pre Evacuate Collection Set: 12.3ms
[2026-01-16T08:59:24.248+0000][gc,phases   ] GC(702)   Merge Heap Roots: 10.6ms
[2026-01-16T08:59:24.248+0000][gc,phases   ] GC(702)   Evacuate Collection Set: 600.1ms
[2026-01-16T08:59:24.250+0000][gc,phases   ] GC(702)   Post Evacuate Collection Set: 3.6ms
[2026-01-16T08:59:24.250+0000][gc,phases   ] GC(702)   Other: 24.0ms
[2026-01-16T08:59:24.251+0000][gc,heap     ] GC(702) Eden regions: 46->0(46)
[2026-01-16T08:59:24.252+0000][gc,heap     ] GC(702) Survivor regions: 5->5(7)
[2026-01-16T08:59:24.253+0000][gc,heap     ] GC(702) Old regions: 220->220
[2026-01-16T08:59:24.254+0000][gc,heap     ] GC(702) Humongous regions: 149->149
[2026-01-16T08:59:24.255+0000][gc,metaspace] GC(702) Metaspace: 15393K(15936K)->15393K(15936K) NonClass: 13712K(13952K)->13712K(13952K) Class: 1681K(1984K)->1681K(1984K)
[2026-01-16T08:59:24.258+0000][gc          ] GC(702) Pause Young (Normal) (G1 Evacuation Pause) 418M->373M(1024M) 666.033ms
[2026-01-16T08:59:24.260+0000][gc,cpu      ] GC(702) User=0.27s Sys=0.03s Real=0.67s
[2026-01-16T08:59:25.880+0000][gc,start    ] GC(703) Pause Young (Normal) (G1 Evacuation Pause)
[2026-01-16T08:59:25.881+0000][gc,task     ] GC(703) Using 8 workers of 8 for evacuation
[2026-01-16T08:59:26.416+0000][gc,mmu      ] GC(703) MMU target violated: 201.0ms (200.0ms/201.0ms)
[2026-01-16T08:59:26.417+0000][gc,phases   ] GC(703)   Pre Evacuate Collection Set: 10.3ms
[2026-01-16T08:59:26.417+0000][gc,phases   ] GC(703)   Merge Heap Roots: 1.0ms
[2026-01-16T08:59:26.417+0000][gc,phases   ] GC(703)   Evacuate Collection Set: 491.7ms
[2026-01-16T08:59:26.418+0000][gc,phases   ] GC(703)   Post Evacuate Collection Set: 30.2ms
[2026-01-16T08:59:26.418+0000][gc,phases   ] GC(703)   Other: 2.9ms
[2026-01-16T08:59:26.418+0000][gc,heap     ] GC(703) Eden regions: 46->0(46)
[2026-01-16T08:59:26.419+0000][gc,heap     ] GC(703) Survivor regions: 5->5(7)
[2026-01-16T08:59:26.420+0000][gc,heap     ] GC(703) Old regions: 220->221
[2026-01-16T08:59:26.420+0000][gc,heap     ] GC(703) Humongous regions: 149->149
[2026-01-16T08:59:26.421+0000][gc,metaspace] GC(703) Metaspace: 15393K(15936K)->15393K(15936K) NonClass: 13712K(13952K)->13712K(13952K) Class: 1681K(1984K)->1681K(1984K)
[2026-01-16T08:59:26.422+0000][gc          ] GC(703) Pause Young (Normal) (G1 Evacuation Pause) 419M->374M(1024M) 542.864ms
[2026-01-16T08:59:26.424+0000][gc,cpu      ] GC(703) User=0.29s Sys=0.02s Real=0.54s
[2026-01-16T08:59:27.852+0000][gc,start    ] GC(704) Pause Young (Normal) (G1 Evacuation Pause)
[2026-01-16T08:59:27.854+0000][gc,task     ] GC(704) Using 8 workers of 8 for evacuation
[2026-01-16T08:59:28.668+0000][gc,mmu      ] GC(704) MMU target violated: 201.0ms (200.0ms/201.0ms)
[2026-01-16T08:59:28.670+0000][gc,phases   ] GC(704)   Pre Evacuate Collection Set: 90.2ms
[2026-01-16T08:59:28.671+0000][gc,phases   ] GC(704)   Merge Heap Roots: 12.0ms
[2026-01-16T08:59:28.671+0000][gc,phases   ] GC(704)   Evacuate Collection Set: 462.4ms
[2026-01-16T08:59:28.673+0000][gc,phases   ] GC(704)   Post Evacuate Collection Set: 221.7ms
[2026-01-16T08:59:28.677+0000][gc,phases   ] GC(704)   Other: 29.5ms
[2026-01-16T08:59:28.677+0000][gc,heap     ] GC(704) Eden regions: 46->0(46)
[2026-01-16T08:59:28.681+0000][gc,heap     ] GC(704) Survivor regions: 5->5(7)
[2026-01-16T08:59:28.683+0000][gc,heap     ] GC(704) Old regions: 221->222
[2026-01-16T08:59:28.685+0000][gc,heap     ] GC(704) Humongous regions: 149->149
[2026-01-16T08:59:28.686+0000][gc,metaspace] GC(704) Metaspace: 15395K(15936K)->15395K(15936K) NonClass: 13714K(13952K)->13714K(13952K) Class: 1681K(1984K)->1681K(1984K)
[2026-01-16T08:59:28.686+0000][gc          ] GC(704) Pause Young (Normal) (G1 Evacuation Pause) 420M->375M(1024M) 834.127ms
[2026-01-16T08:59:28.688+0000][gc,cpu      ] GC(704) User=0.32s Sys=0.03s Real=0.84s
[2026-01-16T08:59:33.079+0000][gc,start    ] GC(705) Pause Young (Normal) (G1 Evacuation Pause)
[2026-01-16T08:59:33.122+0000][gc,task     ] GC(705) Using 8 workers of 8 for evacuation
[2026-01-16T08:59:34.623+0000][gc,mmu      ] GC(705) MMU target violated: 201.0ms (200.0ms/201.0ms)
[2026-01-16T08:59:34.625+0000][gc,phases   ] GC(705)   Pre Evacuate Collection Set: 186.2ms
[2026-01-16T08:59:34.625+0000][gc,phases   ] GC(705)   Merge Heap Roots: 63.0ms
[2026-01-16T08:59:34.625+0000][gc,phases   ] GC(705)   Evacuate Collection Set: 1186.7ms
[2026-01-16T08:59:34.625+0000][gc,phases   ] GC(705)   Post Evacuate Collection Set: 29.8ms
[2026-01-16T08:59:34.625+0000][gc,phases   ] GC(705)   Other: 39.1ms
[2026-01-16T08:59:34.625+0000][gc,heap     ] GC(705) Eden regions: 46->0(46)
[2026-01-16T08:59:34.625+0000][gc,heap     ] GC(705) Survivor regions: 5->5(7)
[2026-01-16T08:59:34.626+0000][gc,heap     ] GC(705) Old regions: 222->222
[2026-01-16T08:59:34.627+0000][gc,heap     ] GC(705) Humongous regions: 149->149
[2026-01-16T08:59:34.627+0000][gc,metaspace] GC(705) Metaspace: 15395K(15936K)->15395K(15936K) NonClass: 13714K(13952K)->13714K(13952K) Class: 1681K(1984K)->1681K(1984K)
[2026-01-16T08:59:34.634+0000][gc          ] GC(705) Pause Young (Normal) (G1 Evacuation Pause) 421M->375M(1024M) 1556.439ms
[2026-01-16T08:59:34.634+0000][gc,cpu      ] GC(705) User=0.80s Sys=0.09s Real=1.56s
[2026-01-16T08:59:37.644+0000][gc,start    ] GC(706) Pause Young (Normal) (G1 Evacuation Pause)
[2026-01-16T08:59:37.688+0000][gc,task     ] GC(706) Using 8 workers of 8 for evacuation
[2026-01-16T08:59:39.561+0000][gc,mmu      ] GC(706) MMU target violated: 201.0ms (200.0ms/201.0ms)
[2026-01-16T08:59:39.573+0000][gc,phases   ] GC(706)   Pre Evacuate Collection Set: 254.8ms
[2026-01-16T08:59:39.574+0000][gc,phases   ] GC(706)   Merge Heap Roots: 120.4ms
[2026-01-16T08:59:39.575+0000][gc,phases   ] GC(706)   Evacuate Collection Set: 1430.7ms
[2026-01-16T08:59:39.575+0000][gc,phases   ] GC(706)   Post Evacuate Collection Set: 53.8ms
[2026-01-16T08:59:39.575+0000][gc,phases   ] GC(706)   Other: 29.2ms
[2026-01-16T08:59:39.577+0000][gc,heap     ] GC(706) Eden regions: 46->0(47)
[2026-01-16T08:59:39.579+0000][gc,heap     ] GC(706) Survivor regions: 5->4(7)
[2026-01-16T08:59:39.584+0000][gc,heap     ] GC(706) Old regions: 222->223
[2026-01-16T08:59:39.585+0000][gc,heap     ] GC(706) Humongous regions: 149->149
[2026-01-16T08:59:39.585+0000][gc,metaspace] GC(706) Metaspace: 15395K(15936K)->15395K(15936K) NonClass: 13714K(13952K)->13714K(13952K) Class: 1681K(1984K)->1681K(1984K)
[2026-01-16T08:59:39.585+0000][gc          ] GC(706) Pause Young (Normal) (G1 Evacuation Pause) 421M->375M(1024M) 1941.208ms
[2026-01-16T08:59:39.586+0000][gc,cpu      ] GC(706) User=0.67s Sys=0.07s Real=1.94s
[2026-01-16T08:59:43.672+0000][gc,start    ] GC(707) Pause Young (Normal) (G1 Evacuation Pause)
[2026-01-16T08:59:43.675+0000][gc,task     ] GC(707) Using 8 workers of 8 for evacuation
[2026-01-16T08:59:44.762+0000][gc,mmu      ] GC(707) MMU target violated: 201.0ms (200.0ms/201.0ms)
[2026-01-16T08:59:44.763+0000][gc,phases   ] GC(707)   Pre Evacuate Collection Set: 105.3ms
[2026-01-16T08:59:44.781+0000][gc,phases   ] GC(707)   Merge Heap Roots: 3.4ms
[2026-01-16T08:59:44.788+0000][gc,phases   ] GC(707)   Evacuate Collection Set: 923.6ms
[2026-01-16T08:59:44.789+0000][gc,phases   ] GC(707)   Post Evacuate Collection Set: 44.3ms
[2026-01-16T08:59:44.789+0000][gc,phases   ] GC(707)   Other: 12.4ms
[2026-01-16T08:59:44.791+0000][gc,heap     ] GC(707) Eden regions: 47->0(46)
[2026-01-16T08:59:44.793+0000][gc,heap     ] GC(707) Survivor regions: 4->5(7)
[2026-01-16T08:59:44.793+0000][gc,heap     ] GC(707) Old regions: 223->224
[2026-01-16T08:59:44.794+0000][gc,heap     ] GC(707) Humongous regions: 149->149
[2026-01-16T08:59:44.794+0000][gc,metaspace] GC(707) Metaspace: 15399K(15936K)->15399K(15936K) NonClass: 13718K(13952K)->13718K(13952K) Class: 1681K(1984K)->1681K(1984K)
[2026-01-16T08:59:44.795+0000][gc          ] GC(707) Pause Young (Normal) (G1 Evacuation Pause) 422M->377M(1024M) 1123.149ms
[2026-01-16T08:59:44.804+0000][gc,cpu      ] GC(707) User=0.54s Sys=0.04s Real=1.13s
[2026-01-16T08:59:47.500+0000][gc,start    ] GC(708) Pause Young (Normal) (G1 Evacuation Pause)
[2026-01-16T08:59:47.502+0000][gc,task     ] GC(708) Using 8 workers of 8 for evacuation
[2026-01-16T08:59:48.165+0000][gc,mmu      ] GC(708) MMU target violated: 201.0ms (200.0ms/201.0ms)
[2026-01-16T08:59:48.165+0000][gc,phases   ] GC(708)   Pre Evacuate Collection Set: 89.6ms
[2026-01-16T08:59:48.166+0000][gc,phases   ] GC(708)   Merge Heap Roots: 23.1ms
[2026-01-16T08:59:48.166+0000][gc,phases   ] GC(708)   Evacuate Collection Set: 534.3ms
[2026-01-16T08:59:48.167+0000][gc,phases   ] GC(708)   Post Evacuate Collection Set: 14.6ms
[2026-01-16T08:59:48.167+0000][gc,phases   ] GC(708)   Other: 1.2ms
[2026-01-16T08:59:48.173+0000][gc,heap     ] GC(708) Eden regions: 46->0(47)
[2026-01-16T08:59:48.174+0000][gc,heap     ] GC(708) Survivor regions: 5->4(7)
[2026-01-16T08:59:48.174+0000][gc,heap     ] GC(708) Old regions: 224->225
[2026-01-16T08:59:48.174+0000][gc,heap     ] GC(708) Humongous regions: 149->149
[2026-01-16T08:59:48.175+0000][gc,metaspace] GC(708) Metaspace: 15399K(15936K)->15399K(15936K) NonClass: 13718K(13952K)->13718K(13952K) Class: 1681K(1984K)->1681K(1984K)
[2026-01-16T08:59:48.175+0000][gc          ] GC(708) Pause Young (Normal) (G1 Evacuation Pause) 423M->377M(1024M) 675.246ms
[2026-01-16T08:59:48.176+0000][gc,cpu      ] GC(708) User=0.44s Sys=0.02s Real=0.68s
[2026-01-16T08:59:50.401+0000][gc,start    ] GC(709) Pause Young (Normal) (G1 Evacuation Pause)
[2026-01-16T08:59:50.402+0000][gc,task     ] GC(709) Using 8 workers of 8 for evacuation
[2026-01-16T08:59:50.874+0000][gc,mmu      ] GC(709) MMU target violated: 201.0ms (200.0ms/201.0ms)
[2026-01-16T08:59:50.877+0000][gc,phases   ] GC(709)   Pre Evacuate Collection Set: 55.2ms
[2026-01-16T08:59:50.879+0000][gc,phases   ] GC(709)   Merge Heap Roots: 11.0ms
[2026-01-16T08:59:50.879+0000][gc,phases   ] GC(709)   Evacuate Collection Set: 374.8ms
[2026-01-16T08:59:50.880+0000][gc,phases   ] GC(709)   Post Evacuate Collection Set: 30.4ms
[2026-01-16T08:59:50.881+0000][gc,phases   ] GC(709)   Other: 3.7ms
[2026-01-16T08:59:50.881+0000][gc,heap     ] GC(709) Eden regions: 47->0(46)
[2026-01-16T08:59:50.882+0000][gc,heap     ] GC(709) Survivor regions: 4->5(7)
[2026-01-16T08:59:50.883+0000][gc,heap     ] GC(709) Old regions: 225->225
[2026-01-16T08:59:50.883+0000][gc,heap     ] GC(709) Humongous regions: 149->149
[2026-01-16T08:59:50.883+0000][gc,metaspace] GC(709) Metaspace: 15399K(15936K)->15399K(15936K) NonClass: 13718K(13952K)->13718K(13952K) Class: 1681K(1984K)->1681K(1984K)
[2026-01-16T08:59:50.884+0000][gc          ] GC(709) Pause Young (Normal) (G1 Evacuation Pause) 424M->378M(1024M) 483.458ms
[2026-01-16T08:59:50.895+0000][gc,cpu      ] GC(709) User=0.28s Sys=0.04s Real=0.50s
[2026-01-16T08:59:53.156+0000][gc,start    ] GC(710) Pause Young (Normal) (G1 Evacuation Pause)
[2026-01-16T08:59:53.205+0000][gc,task     ] GC(710) Using 8 workers of 8 for evacuation
[2026-01-16T08:59:54.277+0000][gc,mmu      ] GC(710) MMU target violated: 201.0ms (200.0ms/201.0ms)
[2026-01-16T08:59:54.286+0000][gc,phases   ] GC(710)   Pre Evacuate Collection Set: 181.5ms
[2026-01-16T08:59:54.288+0000][gc,phases   ] GC(710)   Merge Heap Roots: 23.9ms
[2026-01-16T08:59:54.297+0000][gc,phases   ] GC(710)   Evacuate Collection Set: 807.1ms
[2026-01-16T08:59:54.298+0000][gc,phases   ] GC(710)   Post Evacuate Collection Set: 42.9ms
[2026-01-16T08:59:54.298+0000][gc,phases   ] GC(710)   Other: 48.6ms
[2026-01-16T08:59:54.299+0000][gc,heap     ] GC(710) Eden regions: 46->0(46)
[2026-01-16T08:59:54.300+0000][gc,heap     ] GC(710) Survivor regions: 5->5(7)
[2026-01-16T08:59:54.302+0000][gc,heap     ] GC(710) Old regions: 225->226
[2026-01-16T08:59:54.302+0000][gc,heap     ] GC(710) Humongous regions: 149->149
[2026-01-16T08:59:54.307+0000][gc,metaspace] GC(710) Metaspace: 15399K(15936K)->15399K(15936K) NonClass: 13718K(13952K)->13718K(13952K) Class: 1681K(1984K)->1681K(1984K)
[2026-01-16T08:59:54.309+0000][gc          ] GC(710) Pause Young (Normal) (G1 Evacuation Pause) 424M->378M(1024M) 1152.891ms
[2026-01-16T08:59:54.316+0000][gc,cpu      ] GC(710) User=0.57s Sys=0.05s Real=1.17s
[2026-01-16T08:59:56.612+0000][gc,start    ] GC(711) Pause Young (Normal) (G1 Evacuation Pause)
[2026-01-16T08:59:56.638+0000][gc,task     ] GC(711) Using 8 workers of 8 for evacuation
[2026-01-16T08:59:57.398+0000][gc,mmu      ] GC(711) MMU target violated: 201.0ms (200.0ms/201.0ms)
[2026-01-16T08:59:57.400+0000][gc,phases   ] GC(711)   Pre Evacuate Collection Set: 150.1ms
[2026-01-16T08:59:57.401+0000][gc,phases   ] GC(711)   Merge Heap Roots: 40.7ms
[2026-01-16T08:59:57.402+0000][gc,phases   ] GC(711)   Evacuate Collection Set: 536.3ms
[2026-01-16T08:59:57.404+0000][gc,phases   ] GC(711)   Post Evacuate Collection Set: 17.7ms
[2026-01-16T08:59:57.405+0000][gc,phases   ] GC(711)   Other: 16.9ms
[2026-01-16T08:59:57.406+0000][gc,heap     ] GC(711) Eden regions: 46->0(46)
[2026-01-16T08:59:57.407+0000][gc,heap     ] GC(711) Survivor regions: 5->5(7)
[2026-01-16T08:59:57.408+0000][gc,heap     ] GC(711) Old regions: 226->227
[2026-01-16T08:59:57.408+0000][gc,heap     ] GC(711) Humongous regions: 149->149
[2026-01-16T08:59:57.409+0000][gc,metaspace] GC(711) Metaspace: 15399K(15936K)->15399K(15936K) NonClass: 13718K(13952K)->13718K(13952K) Class: 1681K(1984K)->1681K(1984K)
[2026-01-16T08:59:57.412+0000][gc          ] GC(711) Pause Young (Normal) (G1 Evacuation Pause) 424M->379M(1024M) 799.934ms
[2026-01-16T08:59:57.413+0000][gc,cpu      ] GC(711) User=0.48s Sys=0.02s Real=0.80s
[2026-01-16T09:00:00.126+0000][gc,start    ] GC(712) Pause Young (Normal) (G1 Evacuation Pause)
[2026-01-16T09:00:00.137+0000][gc,task     ] GC(712) Using 8 workers of 8 for evacuation
[2026-01-16T09:00:01.073+0000][gc,mmu      ] GC(712) MMU target violated: 201.0ms (200.0ms/201.0ms)
[2026-01-16T09:00:01.102+0000][gc,phases   ] GC(712)   Pre Evacuate Collection Set: 186.7ms
[2026-01-16T09:00:01.107+0000][gc,phases   ] GC(712)   Merge Heap Roots: 11.5ms
[2026-01-16T09:00:01.108+0000][gc,phases   ] GC(712)   Evacuate Collection Set: 611.8ms
[2026-01-16T09:00:01.108+0000][gc,phases   ] GC(712)   Post Evacuate Collection Set: 119.9ms
[2026-01-16T09:00:01.112+0000][gc,phases   ] GC(712)   Other: 34.7ms
[2026-01-16T09:00:01.114+0000][gc,heap     ] GC(712) Eden regions: 46->0(46)
[2026-01-16T09:00:01.117+0000][gc,heap     ] GC(712) Survivor regions: 5->5(7)
[2026-01-16T09:00:01.117+0000][gc,heap     ] GC(712) Old regions: 227->227
[2026-01-16T09:00:01.118+0000][gc,heap     ] GC(712) Humongous regions: 149->149
[2026-01-16T09:00:01.118+0000][gc,metaspace] GC(712) Metaspace: 15399K(15936K)->15399K(15936K) NonClass: 13718K(13952K)->13718K(13952K) Class: 1681K(1984K)->1681K(1984K)
[2026-01-16T09:00:01.118+0000][gc          ] GC(712) Pause Young (Normal) (G1 Evacuation Pause) 425M->380M(1024M) 991.731ms
[2026-01-16T09:00:01.118+0000][gc,cpu      ] GC(712) User=0.44s Sys=0.07s Real=0.99s
[2026-01-16T09:00:02.963+0000][gc,start    ] GC(713) Pause Young (Normal) (G1 Evacuation Pause)
[2026-01-16T09:00:02.973+0000][gc,task     ] GC(713) Using 8 workers of 8 for evacuation
[2026-01-16T09:00:03.302+0000][gc,mmu      ] GC(713) MMU target violated: 201.0ms (200.0ms/201.0ms)
[2026-01-16T09:00:03.304+0000][gc,phases   ] GC(713)   Pre Evacuate Collection Set: 73.8ms
[2026-01-16T09:00:03.305+0000][gc,phases   ] GC(713)   Merge Heap Roots: 10.1ms
[2026-01-16T09:00:03.305+0000][gc,phases   ] GC(713)   Evacuate Collection Set: 220.1ms
[2026-01-16T09:00:03.305+0000][gc,phases   ] GC(713)   Post Evacuate Collection Set: 11.6ms
[2026-01-16T09:00:03.306+0000][gc,phases   ] GC(713)   Other: 18.9ms
[2026-01-16T09:00:03.307+0000][gc,heap     ] GC(713) Eden regions: 46->0(46)
[2026-01-16T09:00:03.307+0000][gc,heap     ] GC(713) Survivor regions: 5->5(7)
[2026-01-16T09:00:03.307+0000][gc,heap     ] GC(713) Old regions: 227->228
[2026-01-16T09:00:03.308+0000][gc,heap     ] GC(713) Humongous regions: 149->149
[2026-01-16T09:00:03.311+0000][gc,metaspace] GC(713) Metaspace: 15399K(15936K)->15399K(15936K) NonClass: 13718K(13952K)->13718K(13952K) Class: 1681K(1984K)->1681K(1984K)
[2026-01-16T09:00:03.316+0000][gc          ] GC(713) Pause Young (Normal) (G1 Evacuation Pause) 426M->380M(1024M) 352.368ms
[2026-01-16T09:00:03.318+0000][gc,cpu      ] GC(713) User=0.18s Sys=0.02s Real=0.36s
[2026-01-16T09:00:04.542+0000][gc,start    ] GC(714) Pause Young (Normal) (G1 Evacuation Pause)
[2026-01-16T09:00:04.544+0000][gc,task     ] GC(714) Using 8 workers of 8 for evacuation
[2026-01-16T09:00:04.920+0000][gc,mmu      ] GC(714) MMU target violated: 201.0ms (200.0ms/201.0ms)
[2026-01-16T09:00:04.923+0000][gc,phases   ] GC(714)   Pre Evacuate Collection Set: 25.0ms
[2026-01-16T09:00:04.924+0000][gc,phases   ] GC(714)   Merge Heap Roots: 2.4ms
[2026-01-16T09:00:04.924+0000][gc,phases   ] GC(714)   Evacuate Collection Set: 338.9ms
[2026-01-16T09:00:04.925+0000][gc,phases   ] GC(714)   Post Evacuate Collection Set: 7.7ms
[2026-01-16T09:00:04.925+0000][gc,phases   ] GC(714)   Other: 5.0ms
[2026-01-16T09:00:04.925+0000][gc,heap     ] GC(714) Eden regions: 46->0(46)
[2026-01-16T09:00:04.925+0000][gc,heap     ] GC(714) Survivor regions: 5->5(7)
[2026-01-16T09:00:04.926+0000][gc,heap     ] GC(714) Old regions: 228->229
[2026-01-16T09:00:04.926+0000][gc,heap     ] GC(714) Humongous regions: 149->149
[2026-01-16T09:00:04.927+0000][gc,metaspace] GC(714) Metaspace: 15399K(15936K)->15399K(15936K) NonClass: 13718K(13952K)->13718K(13952K) Class: 1681K(1984K)->1681K(1984K)
[2026-01-16T09:00:04.927+0000][gc          ] GC(714) Pause Young (Normal) (G1 Evacuation Pause) 426M->381M(1024M) 385.178ms
[2026-01-16T09:00:04.928+0000][gc,cpu      ] GC(714) User=0.17s Sys=0.00s Real=0.38s
[2026-01-16T09:00:06.080+0000][gc,start    ] GC(715) Pause Young (Normal) (G1 Evacuation Pause)
[2026-01-16T09:00:06.081+0000][gc,task     ] GC(715) Using 8 workers of 8 for evacuation
[2026-01-16T09:00:06.694+0000][gc,mmu      ] GC(715) MMU target violated: 201.0ms (200.0ms/201.0ms)
[2026-01-16T09:00:06.697+0000][gc,phases   ] GC(715)   Pre Evacuate Collection Set: 62.7ms
[2026-01-16T09:00:06.697+0000][gc,phases   ] GC(715)   Merge Heap Roots: 10.4ms
[2026-01-16T09:00:06.697+0000][gc,phases   ] GC(715)   Evacuate Collection Set: 510.5ms
[2026-01-16T09:00:06.697+0000][gc,phases   ] GC(715)   Post Evacuate Collection Set: 23.1ms
[2026-01-16T09:00:06.697+0000][gc,phases   ] GC(715)   Other: 9.5ms
[2026-01-16T09:00:06.698+0000][gc,heap     ] GC(715) Eden regions: 46->0(46)
[2026-01-16T09:00:06.701+0000][gc,heap     ] GC(715) Survivor regions: 5->5(7)
[2026-01-16T09:00:06.703+0000][gc,heap     ] GC(715) Old regions: 229->229
[2026-01-16T09:00:06.706+0000][gc,heap     ] GC(715) Humongous regions: 149->149
[2026-01-16T09:00:06.707+0000][gc,metaspace] GC(715) Metaspace: 15399K(15936K)->15399K(15936K) NonClass: 13718K(13952K)->13718K(13952K) Class: 1681K(1984K)->1681K(1984K)
[2026-01-16T09:00:06.707+0000][gc          ] GC(715) Pause Young (Normal) (G1 Evacuation Pause) 427M->382M(1024M) 627.138ms
[2026-01-16T09:00:06.707+0000][gc,cpu      ] GC(715) User=0.26s Sys=0.00s Real=0.62s
[2026-01-16T09:00:09.285+0000][gc,start    ] GC(716) Pause Young (Normal) (G1 Evacuation Pause)
[2026-01-16T09:00:09.285+0000][gc,task     ] GC(716) Using 8 workers of 8 for evacuation
[2026-01-16T09:00:09.642+0000][gc,mmu      ] GC(716) MMU target violated: 201.0ms (200.0ms/201.0ms)
[2026-01-16T09:00:09.643+0000][gc,phases   ] GC(716)   Pre Evacuate Collection Set: 16.9ms
[2026-01-16T09:00:09.644+0000][gc,phases   ] GC(716)   Merge Heap Roots: 3.3ms
[2026-01-16T09:00:09.645+0000][gc,phases   ] GC(716)   Evacuate Collection Set: 330.5ms
[2026-01-16T09:00:09.646+0000][gc,phases   ] GC(716)   Post Evacuate Collection Set: 5.1ms
[2026-01-16T09:00:09.647+0000][gc,phases   ] GC(716)   Other: 2.1ms
[2026-01-16T09:00:09.647+0000][gc,heap     ] GC(716) Eden regions: 46->0(46)
[2026-01-16T09:00:09.648+0000][gc,heap     ] GC(716) Survivor regions: 5->5(7)
[2026-01-16T09:00:09.648+0000][gc,heap     ] GC(716) Old regions: 229->230
[2026-01-16T09:00:09.649+0000][gc,heap     ] GC(716) Humongous regions: 149->149
[2026-01-16T09:00:09.650+0000][gc,metaspace] GC(716) Metaspace: 15400K(15936K)->15400K(15936K) NonClass: 13718K(13952K)->13718K(13952K) Class: 1681K(1984K)->1681K(1984K)
[2026-01-16T09:00:09.651+0000][gc          ] GC(716) Pause Young (Normal) (G1 Evacuation Pause) 428M->383M(1024M) 366.057ms
[2026-01-16T09:00:09.651+0000][gc,cpu      ] GC(716) User=0.28s Sys=0.00s Real=0.37s
[2026-01-16T09:00:10.966+0000][gc,start    ] GC(717) Pause Young (Normal) (G1 Evacuation Pause)
[2026-01-16T09:00:10.970+0000][gc,task     ] GC(717) Using 8 workers of 8 for evacuation
[2026-01-16T09:00:11.245+0000][gc,mmu      ] GC(717) MMU target violated: 201.0ms (200.0ms/201.0ms)
[2026-01-16T09:00:11.248+0000][gc,phases   ] GC(717)   Pre Evacuate Collection Set: 16.7ms
[2026-01-16T09:00:11.250+0000][gc,phases   ] GC(717)   Merge Heap Roots: 36.1ms
[2026-01-16T09:00:11.250+0000][gc,phases   ] GC(717)   Evacuate Collection Set: 195.6ms
[2026-01-16T09:00:11.250+0000][gc,phases   ] GC(717)   Post Evacuate Collection Set: 23.3ms
[2026-01-16T09:00:11.251+0000][gc,phases   ] GC(717)   Other: 8.4ms
[2026-01-16T09:00:11.252+0000][gc,heap     ] GC(717) Eden regions: 46->0(46)
[2026-01-16T09:00:11.252+0000][gc,heap     ] GC(717) Survivor regions: 5->5(7)
[2026-01-16T09:00:11.252+0000][gc,heap     ] GC(717) Old regions: 230->231
[2026-01-16T09:00:11.252+0000][gc,heap     ] GC(717) Humongous regions: 149->149
[2026-01-16T09:00:11.252+0000][gc,metaspace] GC(717) Metaspace: 15400K(15936K)->15400K(15936K) NonClass: 13719K(13952K)->13719K(13952K) Class: 1681K(1984K)->1681K(1984K)
[2026-01-16T09:00:11.252+0000][gc          ] GC(717) Pause Young (Normal) (G1 Evacuation Pause) 429M->384M(1024M) 286.339ms
[2026-01-16T09:00:11.253+0000][gc,cpu      ] GC(717) User=0.29s Sys=0.02s Real=0.29s
[2026-01-16T09:00:12.252+0000][gc,start    ] GC(718) Pause Young (Normal) (G1 Evacuation Pause)
[2026-01-16T09:00:12.273+0000][gc,task     ] GC(718) Using 8 workers of 8 for evacuation
[2026-01-16T09:00:13.202+0000][gc,mmu      ] GC(718) MMU target violated: 201.0ms (200.0ms/201.0ms)
[2026-01-16T09:00:13.202+0000][gc,phases   ] GC(718)   Pre Evacuate Collection Set: 112.7ms
[2026-01-16T09:00:13.203+0000][gc,phases   ] GC(718)   Merge Heap Roots: 23.5ms
[2026-01-16T09:00:13.203+0000][gc,phases   ] GC(718)   Evacuate Collection Set: 764.8ms
[2026-01-16T09:00:13.204+0000][gc,phases   ] GC(718)   Post Evacuate Collection Set: 16.0ms
[2026-01-16T09:00:13.204+0000][gc,phases   ] GC(718)   Other: 12.3ms
[2026-01-16T09:00:13.204+0000][gc,heap     ] GC(718) Eden regions: 46->0(47)
[2026-01-16T09:00:13.205+0000][gc,heap     ] GC(718) Survivor regions: 5->4(7)
[2026-01-16T09:00:13.205+0000][gc,heap     ] GC(718) Old regions: 231->232
[2026-01-16T09:00:13.207+0000][gc,heap     ] GC(718) Humongous regions: 149->149
[2026-01-16T09:00:13.207+0000][gc,metaspace] GC(718) Metaspace: 15400K(15936K)->15400K(15936K) NonClass: 13719K(13952K)->13719K(13952K) Class: 1681K(1984K)->1681K(1984K)
[2026-01-16T09:00:13.208+0000][gc          ] GC(718) Pause Young (Normal) (G1 Evacuation Pause) 430M->384M(1024M) 955.598ms
[2026-01-16T09:00:13.208+0000][gc,cpu      ] GC(718) User=0.30s Sys=0.10s Real=0.96s
[2026-01-16T09:00:14.533+0000][gc,start    ] GC(719) Pause Young (Normal) (G1 Evacuation Pause)
[2026-01-16T09:00:14.535+0000][gc,task     ] GC(719) Using 8 workers of 8 for evacuation
[2026-01-16T09:00:15.018+0000][gc,mmu      ] GC(719) MMU target violated: 201.0ms (200.0ms/201.0ms)
[2026-01-16T09:00:15.022+0000][gc,phases   ] GC(719)   Pre Evacuate Collection Set: 44.8ms
[2026-01-16T09:00:15.024+0000][gc,phases   ] GC(719)   Merge Heap Roots: 56.0ms
[2026-01-16T09:00:15.024+0000][gc,phases   ] GC(719)   Evacuate Collection Set: 377.2ms
[2026-01-16T09:00:15.024+0000][gc,phases   ] GC(719)   Post Evacuate Collection Set: 2.8ms
[2026-01-16T09:00:15.025+0000][gc,phases   ] GC(719)   Other: 6.9ms
[2026-01-16T09:00:15.025+0000][gc,heap     ] GC(719) Eden regions: 47->0(47)
[2026-01-16T09:00:15.026+0000][gc,heap     ] GC(719) Survivor regions: 4->4(7)
[2026-01-16T09:00:15.026+0000][gc,heap     ] GC(719) Old regions: 232->233
[2026-01-16T09:00:15.027+0000][gc,heap     ] GC(719) Humongous regions: 149->149
[2026-01-16T09:00:15.028+0000][gc,metaspace] GC(719) Metaspace: 15401K(15936K)->15401K(15936K) NonClass: 13720K(13952K)->13720K(13952K) Class: 1681K(1984K)->1681K(1984K)
[2026-01-16T09:00:15.029+0000][gc          ] GC(719) Pause Young (Normal) (G1 Evacuation Pause) 431M->385M(1024M) 495.422ms
[2026-01-16T09:00:15.029+0000][gc,cpu      ] GC(719) User=0.20s Sys=0.02s Real=0.50s
[2026-01-16T09:00:16.026+0000][gc,start    ] GC(720) Pause Young (Normal) (GCLocker Initiated GC)
[2026-01-16T09:00:16.031+0000][gc,task     ] GC(720) Using 8 workers of 8 for evacuation
[2026-01-16T09:00:16.364+0000][gc,mmu      ] GC(720) MMU target violated: 201.0ms (200.0ms/201.0ms)
[2026-01-16T09:00:16.375+0000][gc,phases   ] GC(720)   Pre Evacuate Collection Set: 11.4ms
[2026-01-16T09:00:16.376+0000][gc,phases   ] GC(720)   Merge Heap Roots: 1.0ms
[2026-01-16T09:00:16.381+0000][gc,phases   ] GC(720)   Evacuate Collection Set: 315.3ms
[2026-01-16T09:00:16.383+0000][gc,phases   ] GC(720)   Post Evacuate Collection Set: 3.2ms
[2026-01-16T09:00:16.384+0000][gc,phases   ] GC(720)   Other: 13.0ms
[2026-01-16T09:00:16.400+0000][gc,heap     ] GC(720) Eden regions: 49->0(46)
[2026-01-16T09:00:16.400+0000][gc,heap     ] GC(720) Survivor regions: 4->5(7)
[2026-01-16T09:00:16.401+0000][gc,heap     ] GC(720) Old regions: 233->233
[2026-01-16T09:00:16.401+0000][gc,heap     ] GC(720) Humongous regions: 149->149
[2026-01-16T09:00:16.401+0000][gc,metaspace] GC(720) Metaspace: 15401K(15936K)->15401K(15936K) NonClass: 13720K(13952K)->13720K(13952K) Class: 1681K(1984K)->1681K(1984K)
[2026-01-16T09:00:16.402+0000][gc          ] GC(720) Pause Young (Normal) (GCLocker Initiated GC) 433M->385M(1024M) 375.988ms
[2026-01-16T09:00:16.429+0000][gc,cpu      ] GC(720) User=0.20s Sys=0.02s Real=0.41s
[2026-01-16T09:00:17.653+0000][gc,start    ] GC(721) Pause Young (Normal) (G1 Evacuation Pause)
[2026-01-16T09:00:17.656+0000][gc,task     ] GC(721) Using 8 workers of 8 for evacuation
[2026-01-16T09:00:17.966+0000][gc,mmu      ] GC(721) MMU target violated: 201.0ms (200.0ms/201.0ms)
[2026-01-16T09:00:17.969+0000][gc,phases   ] GC(721)   Pre Evacuate Collection Set: 28.3ms
[2026-01-16T09:00:17.970+0000][gc,phases   ] GC(721)   Merge Heap Roots: 1.1ms
[2026-01-16T09:00:17.970+0000][gc,phases   ] GC(721)   Evacuate Collection Set: 261.3ms
[2026-01-16T09:00:17.970+0000][gc,phases   ] GC(721)   Post Evacuate Collection Set: 7.6ms
[2026-01-16T09:00:17.970+0000][gc,phases   ] GC(721)   Other: 15.2ms
[2026-01-16T09:00:17.970+0000][gc,heap     ] GC(721) Eden regions: 46->0(46)
[2026-01-16T09:00:17.971+0000][gc,heap     ] GC(721) Survivor regions: 5->5(7)
[2026-01-16T09:00:17.971+0000][gc,heap     ] GC(721) Old regions: 233->234
[2026-01-16T09:00:17.971+0000][gc,heap     ] GC(721) Humongous regions: 149->149
[2026-01-16T09:00:17.971+0000][gc,metaspace] GC(721) Metaspace: 15401K(15936K)->15401K(15936K) NonClass: 13720K(13952K)->13720K(13952K) Class: 1681K(1984K)->1681K(1984K)
[2026-01-16T09:00:17.971+0000][gc          ] GC(721) Pause Young (Normal) (G1 Evacuation Pause) 431M->386M(1024M) 318.885ms
[2026-01-16T09:00:17.971+0000][gc,cpu      ] GC(721) User=0.23s Sys=0.02s Real=0.32s
[2026-01-16T09:00:19.052+0000][gc,start    ] GC(722) Pause Young (Normal) (GCLocker Initiated GC)
[2026-01-16T09:00:19.057+0000][gc,task     ] GC(722) Using 8 workers of 8 for evacuation
[2026-01-16T09:00:19.337+0000][gc,mmu      ] GC(722) MMU target violated: 201.0ms (200.0ms/201.0ms)
[2026-01-16T09:00:19.338+0000][gc,phases   ] GC(722)   Pre Evacuate Collection Set: 43.7ms
[2026-01-16T09:00:19.338+0000][gc,phases   ] GC(722)   Merge Heap Roots: 1.6ms
[2026-01-16T09:00:19.340+0000][gc,phases   ] GC(722)   Evacuate Collection Set: 229.7ms
[2026-01-16T09:00:19.340+0000][gc,phases   ] GC(722)   Post Evacuate Collection Set: 3.0ms
[2026-01-16T09:00:19.341+0000][gc,phases   ] GC(722)   Other: 3.3ms
[2026-01-16T09:00:19.341+0000][gc,heap     ] GC(722) Eden regions: 53->0(46)
[2026-01-16T09:00:19.342+0000][gc,heap     ] GC(722) Survivor regions: 5->5(8)
[2026-01-16T09:00:19.343+0000][gc,heap     ] GC(722) Old regions: 234->234
[2026-01-16T09:00:19.343+0000][gc,heap     ] GC(722) Humongous regions: 149->149
[2026-01-16T09:00:19.343+0000][gc,metaspace] GC(722) Metaspace: 15401K(15936K)->15401K(15936K) NonClass: 13720K(13952K)->13720K(13952K) Class: 1681K(1984K)->1681K(1984K)
[2026-01-16T09:00:19.344+0000][gc          ] GC(722) Pause Young (Normal) (GCLocker Initiated GC) 439M->387M(1024M) 291.606ms
[2026-01-16T09:00:19.344+0000][gc,cpu      ] GC(722) User=0.41s Sys=0.02s Real=0.29s
[2026-01-16T09:00:20.245+0000][gc,start    ] GC(723) Pause Young (Normal) (G1 Evacuation Pause)
[2026-01-16T09:00:20.250+0000][gc,task     ] GC(723) Using 8 workers of 8 for evacuation
[2026-01-16T09:00:20.641+0000][gc,mmu      ] GC(723) MMU target violated: 201.0ms (200.0ms/201.0ms)
[2026-01-16T09:00:20.644+0000][gc,phases   ] GC(723)   Pre Evacuate Collection Set: 11.8ms
[2026-01-16T09:00:20.644+0000][gc,phases   ] GC(723)   Merge Heap Roots: 0.4ms
[2026-01-16T09:00:20.645+0000][gc,phases   ] GC(723)   Evacuate Collection Set: 370.3ms
[2026-01-16T09:00:20.645+0000][gc,phases   ] GC(723)   Post Evacuate Collection Set: 6.9ms
[2026-01-16T09:00:20.646+0000][gc,phases   ] GC(723)   Other: 5.0ms
[2026-01-16T09:00:20.646+0000][gc,heap     ] GC(723) Eden regions: 46->0(46)
[2026-01-16T09:00:20.646+0000][gc,heap     ] GC(723) Survivor regions: 5->5(7)
[2026-01-16T09:00:20.646+0000][gc,heap     ] GC(723) Old regions: 234->235
[2026-01-16T09:00:20.646+0000][gc,heap     ] GC(723) Humongous regions: 149->149
[2026-01-16T09:00:20.647+0000][gc,metaspace] GC(723) Metaspace: 15401K(15936K)->15401K(15936K) NonClass: 13720K(13952K)->13720K(13952K) Class: 1681K(1984K)->1681K(1984K)
[2026-01-16T09:00:20.647+0000][gc          ] GC(723) Pause Young (Normal) (G1 Evacuation Pause) 433M->387M(1024M) 401.880ms
[2026-01-16T09:00:20.648+0000][gc,cpu      ] GC(723) User=0.36s Sys=0.07s Real=0.41s
[2026-01-16T09:00:22.060+0000][gc,start    ] GC(724) Pause Young (Normal) (G1 Evacuation Pause)
[2026-01-16T09:00:22.063+0000][gc,task     ] GC(724) Using 8 workers of 8 for evacuation
[2026-01-16T09:00:22.558+0000][gc,mmu      ] GC(724) MMU target violated: 201.0ms (200.0ms/201.0ms)
[2026-01-16T09:00:22.562+0000][gc,phases   ] GC(724)   Pre Evacuate Collection Set: 23.3ms
[2026-01-16T09:00:22.565+0000][gc,phases   ] GC(724)   Merge Heap Roots: 0.8ms
[2026-01-16T09:00:22.566+0000][gc,phases   ] GC(724)   Evacuate Collection Set: 452.0ms
[2026-01-16T09:00:22.566+0000][gc,phases   ] GC(724)   Post Evacuate Collection Set: 13.2ms
[2026-01-16T09:00:22.567+0000][gc,phases   ] GC(724)   Other: 9.9ms
[2026-01-16T09:00:22.568+0000][gc,heap     ] GC(724) Eden regions: 46->0(46)
[2026-01-16T09:00:22.570+0000][gc,heap     ] GC(724) Survivor regions: 5->5(7)
[2026-01-16T09:00:22.571+0000][gc,heap     ] GC(724) Old regions: 235->236
[2026-01-16T09:00:22.572+0000][gc,heap     ] GC(724) Humongous regions: 149->149
[2026-01-16T09:00:22.572+0000][gc,metaspace] GC(724) Metaspace: 15401K(15936K)->15401K(15936K) NonClass: 13720K(13952K)->13720K(13952K) Class: 1681K(1984K)->1681K(1984K)
[2026-01-16T09:00:22.573+0000][gc          ] GC(724) Pause Young (Normal) (G1 Evacuation Pause) 433M->389M(1024M) 512.777ms
[2026-01-16T09:00:22.573+0000][gc,cpu      ] GC(724) User=0.23s Sys=0.05s Real=0.52s
[2026-01-16T09:00:23.910+0000][gc,start    ] GC(725) Pause Young (Normal) (G1 Evacuation Pause)
[2026-01-16T09:00:23.915+0000][gc,task     ] GC(725) Using 8 workers of 8 for evacuation
[2026-01-16T09:00:24.404+0000][gc,mmu      ] GC(725) MMU target violated: 201.0ms (200.0ms/201.0ms)
[2026-01-16T09:00:24.407+0000][gc,phases   ] GC(725)   Pre Evacuate Collection Set: 55.6ms
[2026-01-16T09:00:24.408+0000][gc,phases   ] GC(725)   Merge Heap Roots: 6.6ms
[2026-01-16T09:00:24.409+0000][gc,phases   ] GC(725)   Evacuate Collection Set: 412.8ms
[2026-01-16T09:00:24.409+0000][gc,phases   ] GC(725)   Post Evacuate Collection Set: 13.3ms
[2026-01-16T09:00:24.410+0000][gc,phases   ] GC(725)   Other: 4.3ms
[2026-01-16T09:00:24.411+0000][gc,heap     ] GC(725) Eden regions: 46->0(47)
[2026-01-16T09:00:24.411+0000][gc,heap     ] GC(725) Survivor regions: 5->4(7)
[2026-01-16T09:00:24.412+0000][gc,heap     ] GC(725) Old regions: 236->237
[2026-01-16T09:00:24.413+0000][gc,heap     ] GC(725) Humongous regions: 149->149
[2026-01-16T09:00:24.414+0000][gc,metaspace] GC(725) Metaspace: 15401K(15936K)->15401K(15936K) NonClass: 13720K(13952K)->13720K(13952K) Class: 1681K(1984K)->1681K(1984K)
[2026-01-16T09:00:24.414+0000][gc          ] GC(725) Pause Young (Normal) (G1 Evacuation Pause) 435M->389M(1024M) 504.830ms
[2026-01-16T09:00:24.415+0000][gc,cpu      ] GC(725) User=0.32s Sys=0.06s Real=0.50s
[2026-01-16T09:00:26.206+0000][gc,start    ] GC(726) Pause Young (Normal) (G1 Evacuation Pause)
[2026-01-16T09:00:26.210+0000][gc,task     ] GC(726) Using 8 workers of 8 for evacuation
[2026-01-16T09:00:26.486+0000][gc,mmu      ] GC(726) MMU target violated: 201.0ms (200.0ms/201.0ms)
[2026-01-16T09:00:26.486+0000][gc,phases   ] GC(726)   Pre Evacuate Collection Set: 46.4ms
[2026-01-16T09:00:26.487+0000][gc,phases   ] GC(726)   Merge Heap Roots: 3.4ms
[2026-01-16T09:00:26.488+0000][gc,phases   ] GC(726)   Evacuate Collection Set: 214.6ms
[2026-01-16T09:00:26.489+0000][gc,phases   ] GC(726)   Post Evacuate Collection Set: 5.2ms
[2026-01-16T09:00:26.491+0000][gc,phases   ] GC(726)   Other: 8.0ms
[2026-01-16T09:00:26.492+0000][gc,heap     ] GC(726) Eden regions: 47->0(46)
[2026-01-16T09:00:26.494+0000][gc,heap     ] GC(726) Survivor regions: 4->5(7)
[2026-01-16T09:00:26.495+0000][gc,heap     ] GC(726) Old regions: 237->237
[2026-01-16T09:00:26.496+0000][gc,heap     ] GC(726) Humongous regions: 149->149
[2026-01-16T09:00:26.499+0000][gc,metaspace] GC(726) Metaspace: 15401K(15936K)->15401K(15936K) NonClass: 13720K(13952K)->13720K(13952K) Class: 1681K(1984K)->1681K(1984K)
[2026-01-16T09:00:26.501+0000][gc          ] GC(726) Pause Young (Normal) (G1 Evacuation Pause) 436M->390M(1024M) 295.193ms
[2026-01-16T09:00:26.504+0000][gc,cpu      ] GC(726) User=0.16s Sys=0.01s Real=0.30s
[2026-01-16T09:00:28.283+0000][gc,start    ] GC(727) Pause Young (Normal) (G1 Evacuation Pause)
[2026-01-16T09:00:28.285+0000][gc,task     ] GC(727) Using 8 workers of 8 for evacuation
[2026-01-16T09:00:28.642+0000][gc,mmu      ] GC(727) MMU target violated: 201.0ms (200.0ms/201.0ms)
[2026-01-16T09:00:28.645+0000][gc,phases   ] GC(727)   Pre Evacuate Collection Set: 47.9ms
[2026-01-16T09:00:28.650+0000][gc,phases   ] GC(727)   Merge Heap Roots: 6.8ms
[2026-01-16T09:00:28.661+0000][gc,phases   ] GC(727)   Evacuate Collection Set: 275.0ms
[2026-01-16T09:00:28.662+0000][gc,phases   ] GC(727)   Post Evacuate Collection Set: 26.1ms
[2026-01-16T09:00:28.662+0000][gc,phases   ] GC(727)   Other: 4.4ms
[2026-01-16T09:00:28.663+0000][gc,heap     ] GC(727) Eden regions: 46->0(46)
[2026-01-16T09:00:28.666+0000][gc,heap     ] GC(727) Survivor regions: 5->5(7)
[2026-01-16T09:00:28.667+0000][gc,heap     ] GC(727) Old regions: 237->238
[2026-01-16T09:00:28.667+0000][gc,heap     ] GC(727) Humongous regions: 149->149
[2026-01-16T09:00:28.667+0000][gc,metaspace] GC(727) Metaspace: 15401K(15936K)->15401K(15936K) NonClass: 13720K(13952K)->13720K(13952K) Class: 1681K(1984K)->1681K(1984K)
[2026-01-16T09:00:28.667+0000][gc          ] GC(727) Pause Young (Normal) (G1 Evacuation Pause) 436M->390M(1024M) 384.514ms
[2026-01-16T09:00:28.668+0000][gc,cpu      ] GC(727) User=0.21s Sys=0.01s Real=0.38s
[2026-01-16T09:00:30.106+0000][gc,start    ] GC(728) Pause Young (Normal) (G1 Evacuation Pause)
[2026-01-16T09:00:30.107+0000][gc,task     ] GC(728) Using 8 workers of 8 for evacuation
[2026-01-16T09:00:30.641+0000][gc,mmu      ] GC(728) MMU target violated: 201.0ms (200.0ms/201.0ms)
[2026-01-16T09:00:30.643+0000][gc,phases   ] GC(728)   Pre Evacuate Collection Set: 32.9ms
[2026-01-16T09:00:30.644+0000][gc,phases   ] GC(728)   Merge Heap Roots: 20.0ms
[2026-01-16T09:00:30.645+0000][gc,phases   ] GC(728)   Evacuate Collection Set: 465.6ms
[2026-01-16T09:00:30.645+0000][gc,phases   ] GC(728)   Post Evacuate Collection Set: 5.2ms
[2026-01-16T09:00:30.646+0000][gc,phases   ] GC(728)   Other: 12.0ms
[2026-01-16T09:00:30.646+0000][gc,heap     ] GC(728) Eden regions: 46->0(46)
[2026-01-16T09:00:30.647+0000][gc,heap     ] GC(728) Survivor regions: 5->5(7)
[2026-01-16T09:00:30.647+0000][gc,heap     ] GC(728) Old regions: 238->239
[2026-01-16T09:00:30.648+0000][gc,heap     ] GC(728) Humongous regions: 149->149
[2026-01-16T09:00:30.648+0000][gc,metaspace] GC(728) Metaspace: 15401K(15936K)->15401K(15936K) NonClass: 13720K(13952K)->13720K(13952K) Class: 1681K(1984K)->1681K(1984K)
[2026-01-16T09:00:30.649+0000][gc          ] GC(728) Pause Young (Normal) (G1 Evacuation Pause) 436M->391M(1024M) 543.580ms
[2026-01-16T09:00:30.653+0000][gc,cpu      ] GC(728) User=0.22s Sys=0.02s Real=0.55s
[2026-01-16T09:00:32.595+0000][gc,start    ] GC(729) Pause Young (Normal) (G1 Evacuation Pause)
[2026-01-16T09:00:32.601+0000][gc,task     ] GC(729) Using 8 workers of 8 for evacuation
[2026-01-16T09:00:33.141+0000][gc,mmu      ] GC(729) MMU target violated: 201.0ms (200.0ms/201.0ms)
[2026-01-16T09:00:33.144+0000][gc,phases   ] GC(729)   Pre Evacuate Collection Set: 14.2ms
[2026-01-16T09:00:33.147+0000][gc,phases   ] GC(729)   Merge Heap Roots: 4.4ms
[2026-01-16T09:00:33.150+0000][gc,phases   ] GC(729)   Evacuate Collection Set: 508.2ms
[2026-01-16T09:00:33.153+0000][gc,phases   ] GC(729)   Post Evacuate Collection Set: 11.8ms
[2026-01-16T09:00:33.154+0000][gc,phases   ] GC(729)   Other: 3.9ms
[2026-01-16T09:00:33.154+0000][gc,heap     ] GC(729) Eden regions: 46->0(46)
[2026-01-16T09:00:33.154+0000][gc,heap     ] GC(729) Survivor regions: 5->5(7)
[2026-01-16T09:00:33.154+0000][gc,heap     ] GC(729) Old regions: 239->239
[2026-01-16T09:00:33.154+0000][gc,heap     ] GC(729) Humongous regions: 149->149
[2026-01-16T09:00:33.154+0000][gc,metaspace] GC(729) Metaspace: 15401K(15936K)->15401K(15936K) NonClass: 13720K(13952K)->13720K(13952K) Class: 1681K(1984K)->1681K(1984K)
[2026-01-16T09:00:33.154+0000][gc          ] GC(729) Pause Young (Normal) (G1 Evacuation Pause) 437M->392M(1024M) 559.531ms
[2026-01-16T09:00:33.155+0000][gc,cpu      ] GC(729) User=0.22s Sys=0.02s Real=0.56s
[2026-01-16T09:00:34.527+0000][gc,start    ] GC(730) Pause Young (Normal) (G1 Evacuation Pause)
[2026-01-16T09:00:34.534+0000][gc,task     ] GC(730) Using 8 workers of 8 for evacuation
[2026-01-16T09:00:34.974+0000][gc,mmu      ] GC(730) MMU target violated: 201.0ms (200.0ms/201.0ms)
[2026-01-16T09:00:34.976+0000][gc,phases   ] GC(730)   Pre Evacuate Collection Set: 44.9ms
[2026-01-16T09:00:34.977+0000][gc,phases   ] GC(730)   Merge Heap Roots: 1.8ms
[2026-01-16T09:00:34.979+0000][gc,phases   ] GC(730)   Evacuate Collection Set: 375.2ms
[2026-01-16T09:00:34.981+0000][gc,phases   ] GC(730)   Post Evacuate Collection Set: 8.2ms
[2026-01-16T09:00:34.981+0000][gc,phases   ] GC(730)   Other: 11.9ms
[2026-01-16T09:00:34.982+0000][gc,heap     ] GC(730) Eden regions: 46->0(47)
[2026-01-16T09:00:34.982+0000][gc,heap     ] GC(730) Survivor regions: 5->4(7)
[2026-01-16T09:00:34.983+0000][gc,heap     ] GC(730) Old regions: 239->241
[2026-01-16T09:00:34.988+0000][gc,heap     ] GC(730) Humongous regions: 149->149
[2026-01-16T09:00:34.988+0000][gc,metaspace] GC(730) Metaspace: 15401K(15936K)->15401K(15936K) NonClass: 13720K(13952K)->13720K(13952K) Class: 1681K(1984K)->1681K(1984K)
[2026-01-16T09:00:34.990+0000][gc          ] GC(730) Pause Young (Normal) (G1 Evacuation Pause) 438M->392M(1024M) 463.803ms
[2026-01-16T09:00:34.992+0000][gc,cpu      ] GC(730) User=0.28s Sys=0.01s Real=0.46s
[2026-01-16T09:00:36.241+0000][gc,start    ] GC(731) Pause Young (Normal) (G1 Evacuation Pause)
[2026-01-16T09:00:36.261+0000][gc,task     ] GC(731) Using 8 workers of 8 for evacuation
[2026-01-16T09:00:36.601+0000][gc,mmu      ] GC(731) MMU target violated: 201.0ms (200.0ms/201.0ms)
[2026-01-16T09:00:36.604+0000][gc,phases   ] GC(731)   Pre Evacuate Collection Set: 59.5ms
[2026-01-16T09:00:36.609+0000][gc,phases   ] GC(731)   Merge Heap Roots: 12.9ms
[2026-01-16T09:00:36.621+0000][gc,phases   ] GC(731)   Evacuate Collection Set: 241.1ms
[2026-01-16T09:00:36.627+0000][gc,phases   ] GC(731)   Post Evacuate Collection Set: 20.7ms
[2026-01-16T09:00:36.641+0000][gc,phases   ] GC(731)   Other: 9.7ms
[2026-01-16T09:00:36.648+0000][gc,heap     ] GC(731) Eden regions: 47->0(46)
[2026-01-16T09:00:36.652+0000][gc,heap     ] GC(731) Survivor regions: 4->5(7)
[2026-01-16T09:00:36.653+0000][gc,heap     ] GC(731) Old regions: 241->241
[2026-01-16T09:00:36.654+0000][gc,heap     ] GC(731) Humongous regions: 149->149
[2026-01-16T09:00:36.655+0000][gc,metaspace] GC(731) Metaspace: 15401K(15936K)->15401K(15936K) NonClass: 13720K(13952K)->13720K(13952K) Class: 1681K(1984K)->1681K(1984K)
[2026-01-16T09:00:36.657+0000][gc          ] GC(731) Pause Young (Normal) (G1 Evacuation Pause) 439M->393M(1024M) 416.557ms
[2026-01-16T09:00:36.658+0000][gc,cpu      ] GC(731) User=0.22s Sys=0.01s Real=0.42s
[2026-01-16T09:00:37.970+0000][gc,start    ] GC(732) Pause Young (Normal) (G1 Evacuation Pause)
[2026-01-16T09:00:37.989+0000][gc,task     ] GC(732) Using 8 workers of 8 for evacuation
[2026-01-16T09:00:38.465+0000][gc,mmu      ] GC(732) MMU target violated: 201.0ms (200.0ms/201.0ms)
[2026-01-16T09:00:38.466+0000][gc,phases   ] GC(732)   Pre Evacuate Collection Set: 38.4ms
[2026-01-16T09:00:38.469+0000][gc,phases   ] GC(732)   Merge Heap Roots: 8.9ms
[2026-01-16T09:00:38.471+0000][gc,phases   ] GC(732)   Evacuate Collection Set: 405.1ms
[2026-01-16T09:00:38.475+0000][gc,phases   ] GC(732)   Post Evacuate Collection Set: 12.7ms
[2026-01-16T09:00:38.475+0000][gc,phases   ] GC(732)   Other: 12.9ms
[2026-01-16T09:00:38.476+0000][gc,heap     ] GC(732) Eden regions: 46->0(46)
[2026-01-16T09:00:38.476+0000][gc,heap     ] GC(732) Survivor regions: 5->5(7)
[2026-01-16T09:00:38.476+0000][gc,heap     ] GC(732) Old regions: 241->241
[2026-01-16T09:00:38.476+0000][gc,heap     ] GC(732) Humongous regions: 149->149
[2026-01-16T09:00:38.478+0000][gc,metaspace] GC(732) Metaspace: 15402K(15936K)->15402K(15936K) NonClass: 13720K(13952K)->13720K(13952K) Class: 1681K(1984K)->1681K(1984K)
[2026-01-16T09:00:38.511+0000][gc          ] GC(732) Pause Young (Normal) (G1 Evacuation Pause) 439M->394M(1024M) 540.482ms
[2026-01-16T09:00:38.518+0000][gc,cpu      ] GC(732) User=0.28s Sys=0.02s Real=0.55s
[2026-01-16T09:00:41.177+0000][gc,start    ] GC(733) Pause Young (Normal) (G1 Evacuation Pause)
[2026-01-16T09:00:41.232+0000][gc,task     ] GC(733) Using 8 workers of 8 for evacuation
[2026-01-16T09:00:42.340+0000][gc,mmu      ] GC(733) MMU target violated: 201.0ms (200.0ms/201.0ms)
[2026-01-16T09:00:42.348+0000][gc,phases   ] GC(733)   Pre Evacuate Collection Set: 46.4ms
[2026-01-16T09:00:42.355+0000][gc,phases   ] GC(733)   Merge Heap Roots: 8.9ms
[2026-01-16T09:00:42.360+0000][gc,phases   ] GC(733)   Evacuate Collection Set: 952.8ms
[2026-01-16T09:00:42.365+0000][gc,phases   ] GC(733)   Post Evacuate Collection Set: 99.2ms
[2026-01-16T09:00:42.367+0000][gc,phases   ] GC(733)   Other: 8.4ms
[2026-01-16T09:00:42.369+0000][gc,heap     ] GC(733) Eden regions: 46->0(46)
[2026-01-16T09:00:42.372+0000][gc,heap     ] GC(733) Survivor regions: 5->5(7)
[2026-01-16T09:00:42.374+0000][gc,heap     ] GC(733) Old regions: 241->242
[2026-01-16T09:00:42.375+0000][gc,heap     ] GC(733) Humongous regions: 149->149
[2026-01-16T09:00:42.375+0000][gc,metaspace] GC(733) Metaspace: 15402K(15936K)->15402K(15936K) NonClass: 13720K(13952K)->13720K(13952K) Class: 1681K(1984K)->1681K(1984K)
[2026-01-16T09:00:42.379+0000][gc          ] GC(733) Pause Young (Normal) (G1 Evacuation Pause) 440M->395M(1024M) 1201.504ms
[2026-01-16T09:00:42.382+0000][gc,cpu      ] GC(733) User=0.48s Sys=0.05s Real=1.20s
[2026-01-16T09:00:46.019+0000][gc,start    ] GC(734) Pause Young (Normal) (G1 Evacuation Pause)
[2026-01-16T09:00:46.031+0000][gc,task     ] GC(734) Using 8 workers of 8 for evacuation
[2026-01-16T09:00:48.250+0000][gc,mmu      ] GC(734) MMU target violated: 201.0ms (200.0ms/201.0ms)
[2026-01-16T09:00:48.252+0000][gc,phases   ] GC(734)   Pre Evacuate Collection Set: 185.5ms
[2026-01-16T09:00:48.252+0000][gc,phases   ] GC(734)   Merge Heap Roots: 84.8ms
[2026-01-16T09:00:48.253+0000][gc,phases   ] GC(734)   Evacuate Collection Set: 1736.4ms
[2026-01-16T09:00:48.253+0000][gc,phases   ] GC(734)   Post Evacuate Collection Set: 198.9ms
[2026-01-16T09:00:48.255+0000][gc,phases   ] GC(734)   Other: 15.4ms
[2026-01-16T09:00:48.261+0000][gc,heap     ] GC(734) Eden regions: 46->0(47)
[2026-01-16T09:00:48.262+0000][gc,heap     ] GC(734) Survivor regions: 5->4(7)
[2026-01-16T09:00:48.264+0000][gc,heap     ] GC(734) Old regions: 242->243
[2026-01-16T09:00:48.264+0000][gc,heap     ] GC(734) Humongous regions: 149->149
[2026-01-16T09:00:48.268+0000][gc,metaspace] GC(734) Metaspace: 15402K(15936K)->15402K(15936K) NonClass: 13720K(13952K)->13720K(13952K) Class: 1681K(1984K)->1681K(1984K)
[2026-01-16T09:00:48.273+0000][gc          ] GC(734) Pause Young (Normal) (G1 Evacuation Pause) 441M->395M(1024M) 2253.945ms
[2026-01-16T09:00:48.274+0000][gc,cpu      ] GC(734) User=1.03s Sys=0.11s Real=2.25s
[2026-01-16T09:00:51.017+0000][gc,start    ] GC(735) Pause Young (Normal) (G1 Evacuation Pause)
[2026-01-16T09:00:51.049+0000][gc,task     ] GC(735) Using 8 workers of 8 for evacuation
[2026-01-16T09:00:52.158+0000][gc,mmu      ] GC(735) MMU target violated: 201.0ms (200.0ms/201.0ms)
[2026-01-16T09:00:52.159+0000][gc,phases   ] GC(735)   Pre Evacuate Collection Set: 139.0ms
[2026-01-16T09:00:52.159+0000][gc,phases   ] GC(735)   Merge Heap Roots: 5.8ms
[2026-01-16T09:00:52.160+0000][gc,phases   ] GC(735)   Evacuate Collection Set: 907.3ms
[2026-01-16T09:00:52.162+0000][gc,phases   ] GC(735)   Post Evacuate Collection Set: 52.1ms
[2026-01-16T09:00:52.162+0000][gc,phases   ] GC(735)   Other: 5.7ms
[2026-01-16T09:00:52.163+0000][gc,heap     ] GC(735) Eden regions: 47->0(46)
[2026-01-16T09:00:52.164+0000][gc,heap     ] GC(735) Survivor regions: 4->5(7)
[2026-01-16T09:00:52.167+0000][gc,heap     ] GC(735) Old regions: 243->243
[2026-01-16T09:00:52.168+0000][gc,heap     ] GC(735) Humongous regions: 149->149
[2026-01-16T09:00:52.170+0000][gc,metaspace] GC(735) Metaspace: 15402K(15936K)->15402K(15936K) NonClass: 13720K(13952K)->13720K(13952K) Class: 1681K(1984K)->1681K(1984K)
[2026-01-16T09:00:52.172+0000][gc          ] GC(735) Pause Young (Normal) (G1 Evacuation Pause) 442M->396M(1024M) 1154.812ms
[2026-01-16T09:00:52.178+0000][gc,cpu      ] GC(735) User=0.46s Sys=0.03s Real=1.16s
[2026-01-16T09:00:55.066+0000][gc,start    ] GC(736) Pause Young (Normal) (G1 Evacuation Pause)
[2026-01-16T09:00:55.067+0000][gc,task     ] GC(736) Using 8 workers of 8 for evacuation
[2026-01-16T09:00:55.738+0000][gc,mmu      ] GC(736) MMU target violated: 201.0ms (200.0ms/201.0ms)
[2026-01-16T09:00:55.739+0000][gc,phases   ] GC(736)   Pre Evacuate Collection Set: 26.0ms
[2026-01-16T09:00:55.742+0000][gc,phases   ] GC(736)   Merge Heap Roots: 7.9ms
[2026-01-16T09:00:55.745+0000][gc,phases   ] GC(736)   Evacuate Collection Set: 587.2ms
[2026-01-16T09:00:55.745+0000][gc,phases   ] GC(736)   Post Evacuate Collection Set: 47.6ms
[2026-01-16T09:00:55.745+0000][gc,phases   ] GC(736)   Other: 3.7ms
[2026-01-16T09:00:55.745+0000][gc,heap     ] GC(736) Eden regions: 46->0(46)
[2026-01-16T09:00:55.746+0000][gc,heap     ] GC(736) Survivor regions: 5->5(7)
[2026-01-16T09:00:55.746+0000][gc,heap     ] GC(736) Old regions: 243->244
[2026-01-16T09:00:55.746+0000][gc,heap     ] GC(736) Humongous regions: 149->149
[2026-01-16T09:00:55.746+0000][gc,metaspace] GC(736) Metaspace: 15402K(15936K)->15402K(15936K) NonClass: 13720K(13952K)->13720K(13952K) Class: 1681K(1984K)->1681K(1984K)
[2026-01-16T09:00:55.747+0000][gc          ] GC(736) Pause Young (Normal) (G1 Evacuation Pause) 442M->397M(1024M) 681.223ms
[2026-01-16T09:00:55.747+0000][gc,cpu      ] GC(736) User=0.43s Sys=0.05s Real=0.68s
[2026-01-16T09:01:01.365+0000][gc,start    ] GC(737) Pause Young (Normal) (G1 Evacuation Pause)
[2026-01-16T09:01:01.378+0000][gc,task     ] GC(737) Using 8 workers of 8 for evacuation
[2026-01-16T09:01:02.922+0000][gc,mmu      ] GC(737) MMU target violated: 201.0ms (200.0ms/201.0ms)
[2026-01-16T09:01:02.925+0000][gc,phases   ] GC(737)   Pre Evacuate Collection Set: 134.1ms
[2026-01-16T09:01:02.925+0000][gc,phases   ] GC(737)   Merge Heap Roots: 23.1ms
[2026-01-16T09:01:02.925+0000][gc,phases   ] GC(737)   Evacuate Collection Set: 1346.4ms
[2026-01-16T09:01:02.925+0000][gc,phases   ] GC(737)   Post Evacuate Collection Set: 25.8ms
[2026-01-16T09:01:02.927+0000][gc,phases   ] GC(737)   Other: 22.0ms
[2026-01-16T09:01:02.927+0000][gc,heap     ] GC(737) Eden regions: 46->0(46)
[2026-01-16T09:01:02.927+0000][gc,heap     ] GC(737) Survivor regions: 5->5(7)
[2026-01-16T09:01:02.927+0000][gc,heap     ] GC(737) Old regions: 244->245
[2026-01-16T09:01:02.927+0000][gc,heap     ] GC(737) Humongous regions: 149->149
[2026-01-16T09:01:02.927+0000][gc,metaspace] GC(737) Metaspace: 15402K(15936K)->15402K(15936K) NonClass: 13720K(13952K)->13720K(13952K) Class: 1681K(1984K)->1681K(1984K)
[2026-01-16T09:01:02.930+0000][gc          ] GC(737) Pause Young (Normal) (G1 Evacuation Pause) 443M->398M(1024M) 1564.688ms
[2026-01-16T09:01:02.931+0000][gc,cpu      ] GC(737) User=1.01s Sys=0.09s Real=1.57s
[2026-01-16T09:01:07.659+0000][gc,start    ] GC(738) Pause Young (Normal) (G1 Evacuation Pause)
[2026-01-16T09:01:07.683+0000][gc,task     ] GC(738) Using 8 workers of 8 for evacuation
[2026-01-16T09:01:08.436+0000][gc,mmu      ] GC(738) MMU target violated: 201.0ms (200.0ms/201.0ms)
[2026-01-16T09:01:08.447+0000][gc,phases   ] GC(738)   Pre Evacuate Collection Set: 164.9ms
[2026-01-16T09:01:08.448+0000][gc,phases   ] GC(738)   Merge Heap Roots: 12.7ms
[2026-01-16T09:01:08.450+0000][gc,phases   ] GC(738)   Evacuate Collection Set: 530.4ms
[2026-01-16T09:01:08.451+0000][gc,phases   ] GC(738)   Post Evacuate Collection Set: 27.3ms
[2026-01-16T09:01:08.458+0000][gc,phases   ] GC(738)   Other: 29.0ms
[2026-01-16T09:01:08.467+0000][gc,heap     ] GC(738) Eden regions: 46->0(47)
[2026-01-16T09:01:08.469+0000][gc,heap     ] GC(738) Survivor regions: 5->4(7)
[2026-01-16T09:01:08.469+0000][gc,heap     ] GC(738) Old regions: 245->246
[2026-01-16T09:01:08.470+0000][gc,heap     ] GC(738) Humongous regions: 149->149
[2026-01-16T09:01:08.472+0000][gc,metaspace] GC(738) Metaspace: 15409K(15936K)->15409K(15936K) NonClass: 13728K(13952K)->13728K(13952K) Class: 1681K(1984K)->1681K(1984K)
[2026-01-16T09:01:08.475+0000][gc          ] GC(738) Pause Young (Normal) (G1 Evacuation Pause) 444M->398M(1024M) 815.805ms
[2026-01-16T09:01:08.476+0000][gc,cpu      ] GC(738) User=0.59s Sys=0.04s Real=0.82s
[2026-01-16T09:01:10.917+0000][gc,start    ] GC(739) Pause Young (Normal) (G1 Evacuation Pause)
[2026-01-16T09:01:10.923+0000][gc,task     ] GC(739) Using 8 workers of 8 for evacuation
[2026-01-16T09:01:11.349+0000][gc,mmu      ] GC(739) MMU target violated: 201.0ms (200.0ms/201.0ms)
[2026-01-16T09:01:11.354+0000][gc,phases   ] GC(739)   Pre Evacuate Collection Set: 37.1ms
[2026-01-16T09:01:11.359+0000][gc,phases   ] GC(739)   Merge Heap Roots: 1.8ms
[2026-01-16T09:01:11.360+0000][gc,phases   ] GC(739)   Evacuate Collection Set: 357.5ms
[2026-01-16T09:01:11.360+0000][gc,phases   ] GC(739)   Post Evacuate Collection Set: 28.0ms
[2026-01-16T09:01:11.360+0000][gc,phases   ] GC(739)   Other: 7.4ms
[2026-01-16T09:01:11.360+0000][gc,heap     ] GC(739) Eden regions: 47->0(46)
[2026-01-16T09:01:11.362+0000][gc,heap     ] GC(739) Survivor regions: 4->5(7)
[2026-01-16T09:01:11.364+0000][gc,heap     ] GC(739) Old regions: 246->246
[2026-01-16T09:01:11.364+0000][gc,heap     ] GC(739) Humongous regions: 149->149
[2026-01-16T09:01:11.364+0000][gc,metaspace] GC(739) Metaspace: 15410K(15936K)->15410K(15936K) NonClass: 13729K(13952K)->13729K(13952K) Class: 1681K(1984K)->1681K(1984K)
[2026-01-16T09:01:11.372+0000][gc          ] GC(739) Pause Young (Normal) (G1 Evacuation Pause) 445M->398M(1024M) 455.262ms
[2026-01-16T09:01:11.376+0000][gc,cpu      ] GC(739) User=0.35s Sys=0.06s Real=0.46s
[2026-01-16T09:01:14.153+0000][gc,start    ] GC(740) Pause Young (Normal) (G1 Evacuation Pause)
[2026-01-16T09:01:14.154+0000][gc,task     ] GC(740) Using 8 workers of 8 for evacuation
[2026-01-16T09:01:14.409+0000][gc,mmu      ] GC(740) MMU target violated: 201.0ms (200.0ms/201.0ms)
[2026-01-16T09:01:14.411+0000][gc,phases   ] GC(740)   Pre Evacuate Collection Set: 25.3ms
[2026-01-16T09:01:14.412+0000][gc,phases   ] GC(740)   Merge Heap Roots: 0.6ms
[2026-01-16T09:01:14.412+0000][gc,phases   ] GC(740)   Evacuate Collection Set: 226.6ms
[2026-01-16T09:01:14.412+0000][gc,phases   ] GC(740)   Post Evacuate Collection Set: 1.3ms
[2026-01-16T09:01:14.412+0000][gc,phases   ] GC(740)   Other: 3.4ms
[2026-01-16T09:01:14.413+0000][gc,heap     ] GC(740) Eden regions: 46->0(47)
[2026-01-16T09:01:14.413+0000][gc,heap     ] GC(740) Survivor regions: 5->4(7)
[2026-01-16T09:01:14.413+0000][gc,heap     ] GC(740) Old regions: 246->247
[2026-01-16T09:01:14.413+0000][gc,heap     ] GC(740) Humongous regions: 149->149
[2026-01-16T09:01:14.413+0000][gc,metaspace] GC(740) Metaspace: 15426K(15936K)->15426K(15936K) NonClass: 13745K(13952K)->13745K(13952K) Class: 1681K(1984K)->1681K(1984K)
[2026-01-16T09:01:14.413+0000][gc          ] GC(740) Pause Young (Normal) (G1 Evacuation Pause) 444M->399M(1024M) 260.535ms
[2026-01-16T09:01:14.413+0000][gc,cpu      ] GC(740) User=0.21s Sys=0.02s Real=0.26s
[2026-01-16T09:01:16.176+0000][gc,start    ] GC(741) Pause Young (Normal) (G1 Evacuation Pause)
[2026-01-16T09:01:16.194+0000][gc,task     ] GC(741) Using 8 workers of 8 for evacuation
[2026-01-16T09:01:16.772+0000][gc,mmu      ] GC(741) MMU target violated: 201.0ms (200.0ms/201.0ms)
[2026-01-16T09:01:16.775+0000][gc,phases   ] GC(741)   Pre Evacuate Collection Set: 27.4ms
[2026-01-16T09:01:16.776+0000][gc,phases   ] GC(741)   Merge Heap Roots: 4.8ms
[2026-01-16T09:01:16.777+0000][gc,phases   ] GC(741)   Evacuate Collection Set: 502.0ms
[2026-01-16T09:01:16.777+0000][gc,phases   ] GC(741)   Post Evacuate Collection Set: 10.5ms
[2026-01-16T09:01:16.777+0000][gc,phases   ] GC(741)   Other: 36.4ms
[2026-01-16T09:01:16.777+0000][gc,heap     ] GC(741) Eden regions: 47->0(46)
[2026-01-16T09:01:16.778+0000][gc,heap     ] GC(741) Survivor regions: 4->5(7)
[2026-01-16T09:01:16.778+0000][gc,heap     ] GC(741) Old regions: 247->248
[2026-01-16T09:01:16.778+0000][gc,heap     ] GC(741) Humongous regions: 149->149
[2026-01-16T09:01:16.778+0000][gc,metaspace] GC(741) Metaspace: 15426K(15936K)->15426K(15936K) NonClass: 13745K(13952K)->13745K(13952K) Class: 1681K(1984K)->1681K(1984K)
[2026-01-16T09:01:16.778+0000][gc          ] GC(741) Pause Young (Normal) (G1 Evacuation Pause) 446M->400M(1024M) 601.806ms
[2026-01-16T09:01:16.778+0000][gc,cpu      ] GC(741) User=0.27s Sys=0.01s Real=0.60s
[2026-01-16T09:01:18.487+0000][gc,start    ] GC(742) Pause Young (Normal) (G1 Evacuation Pause)
[2026-01-16T09:01:18.500+0000][gc,task     ] GC(742) Using 8 workers of 8 for evacuation
[2026-01-16T09:01:19.317+0000][gc,mmu      ] GC(742) MMU target violated: 201.0ms (200.0ms/201.0ms)
[2026-01-16T09:01:19.326+0000][gc,phases   ] GC(742)   Pre Evacuate Collection Set: 38.8ms
[2026-01-16T09:01:19.347+0000][gc,phases   ] GC(742)   Merge Heap Roots: 23.5ms
[2026-01-16T09:01:19.348+0000][gc,phases   ] GC(742)   Evacuate Collection Set: 658.5ms
[2026-01-16T09:01:19.348+0000][gc,phases   ] GC(742)   Post Evacuate Collection Set: 92.5ms
[2026-01-16T09:01:19.348+0000][gc,phases   ] GC(742)   Other: 12.4ms
[2026-01-16T09:01:19.349+0000][gc,heap     ] GC(742) Eden regions: 46->0(46)
[2026-01-16T09:01:19.351+0000][gc,heap     ] GC(742) Survivor regions: 5->5(7)
[2026-01-16T09:01:19.352+0000][gc,heap     ] GC(742) Old regions: 248->249
[2026-01-16T09:01:19.352+0000][gc,heap     ] GC(742) Humongous regions: 149->149
[2026-01-16T09:01:19.352+0000][gc,metaspace] GC(742) Metaspace: 15426K(15936K)->15426K(15936K) NonClass: 13745K(13952K)->13745K(13952K) Class: 1681K(1984K)->1681K(1984K)
[2026-01-16T09:01:19.354+0000][gc          ] GC(742) Pause Young (Normal) (G1 Evacuation Pause) 446M->401M(1024M) 867.004ms
[2026-01-16T09:01:19.356+0000][gc,cpu      ] GC(742) User=0.31s Sys=0.03s Real=0.87s
[2026-01-16T09:01:20.925+0000][gc,start    ] GC(743) Pause Young (Normal) (G1 Evacuation Pause)
[2026-01-16T09:01:20.926+0000][gc,task     ] GC(743) Using 8 workers of 8 for evacuation
[2026-01-16T09:01:21.316+0000][gc,mmu      ] GC(743) MMU target violated: 201.0ms (200.0ms/201.0ms)
[2026-01-16T09:01:21.320+0000][gc,phases   ] GC(743)   Pre Evacuate Collection Set: 24.9ms
[2026-01-16T09:01:21.322+0000][gc,phases   ] GC(743)   Merge Heap Roots: 7.7ms
[2026-01-16T09:01:21.349+0000][gc,phases   ] GC(743)   Evacuate Collection Set: 351.6ms
[2026-01-16T09:01:21.355+0000][gc,phases   ] GC(743)   Post Evacuate Collection Set: 5.1ms
[2026-01-16T09:01:21.357+0000][gc,phases   ] GC(743)   Other: 5.2ms
[2026-01-16T09:01:21.359+0000][gc,heap     ] GC(743) Eden regions: 46->0(46)
[2026-01-16T09:01:21.360+0000][gc,heap     ] GC(743) Survivor regions: 5->5(7)
[2026-01-16T09:01:21.360+0000][gc,heap     ] GC(743) Old regions: 249->249
[2026-01-16T09:01:21.361+0000][gc,heap     ] GC(743) Humongous regions: 149->149
[2026-01-16T09:01:21.361+0000][gc,metaspace] GC(743) Metaspace: 15426K(15936K)->15426K(15936K) NonClass: 13745K(13952K)->13745K(13952K) Class: 1681K(1984K)->1681K(1984K)
[2026-01-16T09:01:21.363+0000][gc          ] GC(743) Pause Young (Normal) (G1 Evacuation Pause) 447M->401M(1024M) 438.167ms
[2026-01-16T09:01:21.365+0000][gc,cpu      ] GC(743) User=0.25s Sys=0.02s Real=0.44s
[2026-01-16T09:01:24.073+0000][gc,start    ] GC(744) Pause Young (Normal) (GCLocker Initiated GC)
[2026-01-16T09:01:24.074+0000][gc,task     ] GC(744) Using 8 workers of 8 for evacuation
[2026-01-16T09:01:25.919+0000][gc,mmu      ] GC(744) MMU target violated: 201.0ms (200.0ms/201.0ms)
[2026-01-16T09:01:25.926+0000][gc,phases   ] GC(744)   Pre Evacuate Collection Set: 43.3ms
[2026-01-16T09:01:25.930+0000][gc,phases   ] GC(744)   Merge Heap Roots: 11.5ms
[2026-01-16T09:01:25.930+0000][gc,phases   ] GC(744)   Evacuate Collection Set: 1710.9ms
[2026-01-16T09:01:25.932+0000][gc,phases   ] GC(744)   Post Evacuate Collection Set: 79.0ms
[2026-01-16T09:01:25.932+0000][gc,phases   ] GC(744)   Other: 7.9ms
[2026-01-16T09:01:25.932+0000][gc,heap     ] GC(744) Eden regions: 55->0(46)
[2026-01-16T09:01:25.932+0000][gc,heap     ] GC(744) Survivor regions: 5->5(8)
[2026-01-16T09:01:25.932+0000][gc,heap     ] GC(744) Old regions: 249->249
[2026-01-16T09:01:25.940+0000][gc,heap     ] GC(744) Humongous regions: 149->149
[2026-01-16T09:01:25.940+0000][gc,metaspace] GC(744) Metaspace: 15426K(15936K)->15426K(15936K) NonClass: 13745K(13952K)->13745K(13952K) Class: 1681K(1984K)->1681K(1984K)
[2026-01-16T09:01:25.956+0000][gc          ] GC(744) Pause Young (Normal) (GCLocker Initiated GC) 456M->402M(1024M) 1883.760ms
[2026-01-16T09:01:25.957+0000][gc,cpu      ] GC(744) User=0.82s Sys=0.08s Real=1.88s
[2026-01-16T09:01:29.161+0000][gc,start    ] GC(745) Pause Young (Normal) (G1 Evacuation Pause)
[2026-01-16T09:01:29.165+0000][gc,task     ] GC(745) Using 8 workers of 8 for evacuation
[2026-01-16T09:01:30.117+0000][gc,mmu      ] GC(745) MMU target violated: 201.0ms (200.0ms/201.0ms)
[2026-01-16T09:01:30.119+0000][gc,phases   ] GC(745)   Pre Evacuate Collection Set: 123.8ms
[2026-01-16T09:01:30.119+0000][gc,phases   ] GC(745)   Merge Heap Roots: 6.6ms
[2026-01-16T09:01:30.119+0000][gc,phases   ] GC(745)   Evacuate Collection Set: 802.2ms
[2026-01-16T09:01:30.119+0000][gc,phases   ] GC(745)   Post Evacuate Collection Set: 8.2ms
[2026-01-16T09:01:30.120+0000][gc,phases   ] GC(745)   Other: 12.9ms
[2026-01-16T09:01:30.120+0000][gc,heap     ] GC(745) Eden regions: 46->0(46)
[2026-01-16T09:01:30.120+0000][gc,heap     ] GC(745) Survivor regions: 5->5(7)
[2026-01-16T09:01:30.121+0000][gc,heap     ] GC(745) Old regions: 249->251
[2026-01-16T09:01:30.122+0000][gc,heap     ] GC(745) Humongous regions: 149->149
[2026-01-16T09:01:30.123+0000][gc,metaspace] GC(745) Metaspace: 15426K(15936K)->15426K(15936K) NonClass: 13745K(13952K)->13745K(13952K) Class: 1681K(1984K)->1681K(1984K)
[2026-01-16T09:01:30.125+0000][gc          ] GC(745) Pause Young (Normal) (G1 Evacuation Pause) 448M->403M(1024M) 964.259ms
[2026-01-16T09:01:30.127+0000][gc,cpu      ] GC(745) User=0.41s Sys=0.04s Real=0.97s
[2026-01-16T09:01:34.024+0000][gc,start    ] GC(746) Pause Young (Normal) (G1 Evacuation Pause)
[2026-01-16T09:01:34.028+0000][gc,task     ] GC(746) Using 8 workers of 8 for evacuation
[2026-01-16T09:01:35.226+0000][gc,mmu      ] GC(746) MMU target violated: 201.0ms (200.0ms/201.0ms)
[2026-01-16T09:01:35.256+0000][gc,phases   ] GC(746)   Pre Evacuate Collection Set: 149.5ms
[2026-01-16T09:01:35.256+0000][gc,phases   ] GC(746)   Merge Heap Roots: 30.7ms
[2026-01-16T09:01:35.257+0000][gc,phases   ] GC(746)   Evacuate Collection Set: 954.9ms
[2026-01-16T09:01:35.264+0000][gc,phases   ] GC(746)   Post Evacuate Collection Set: 15.7ms
[2026-01-16T09:01:35.272+0000][gc,phases   ] GC(746)   Other: 66.6ms
[2026-01-16T09:01:35.273+0000][gc,heap     ] GC(746) Eden regions: 46->0(46)
[2026-01-16T09:01:35.276+0000][gc,heap     ] GC(746) Survivor regions: 5->5(7)
[2026-01-16T09:01:35.278+0000][gc,heap     ] GC(746) Old regions: 251->251
[2026-01-16T09:01:35.279+0000][gc,heap     ] GC(746) Humongous regions: 149->149
[2026-01-16T09:01:35.279+0000][gc,metaspace] GC(746) Metaspace: 15426K(15936K)->15426K(15936K) NonClass: 13745K(13952K)->13745K(13952K) Class: 1681K(1984K)->1681K(1984K)
[2026-01-16T09:01:35.280+0000][gc          ] GC(746) Pause Young (Normal) (G1 Evacuation Pause) 449M->404M(1024M) 1245.007ms
[2026-01-16T09:01:35.294+0000][gc,cpu      ] GC(746) User=0.61s Sys=0.08s Real=1.25s
[2026-01-16T09:01:39.261+0000][gc,start    ] GC(747) Pause Young (Normal) (G1 Evacuation Pause)
[2026-01-16T09:01:39.262+0000][gc,task     ] GC(747) Using 8 workers of 8 for evacuation
[2026-01-16T09:01:39.978+0000][gc,mmu      ] GC(747) MMU target violated: 201.0ms (200.0ms/201.0ms)
[2026-01-16T09:01:39.986+0000][gc,phases   ] GC(747)   Pre Evacuate Collection Set: 93.3ms
[2026-01-16T09:01:39.997+0000][gc,phases   ] GC(747)   Merge Heap Roots: 9.1ms
[2026-01-16T09:01:40.004+0000][gc,phases   ] GC(747)   Evacuate Collection Set: 587.9ms
[2026-01-16T09:01:40.022+0000][gc,phases   ] GC(747)   Post Evacuate Collection Set: 17.1ms
[2026-01-16T09:01:40.025+0000][gc,phases   ] GC(747)   Other: 16.5ms
[2026-01-16T09:01:40.036+0000][gc,heap     ] GC(747) Eden regions: 46->0(46)
[2026-01-16T09:01:40.036+0000][gc,heap     ] GC(747) Survivor regions: 5->5(7)
[2026-01-16T09:01:40.039+0000][gc,heap     ] GC(747) Old regions: 251->252
[2026-01-16T09:01:40.042+0000][gc,heap     ] GC(747) Humongous regions: 149->149
[2026-01-16T09:01:40.043+0000][gc,metaspace] GC(747) Metaspace: 15429K(15936K)->15429K(15936K) NonClass: 13748K(13952K)->13748K(13952K) Class: 1681K(1984K)->1681K(1984K)
[2026-01-16T09:01:40.044+0000][gc          ] GC(747) Pause Young (Normal) (G1 Evacuation Pause) 450M->405M(1024M) 783.324ms
[2026-01-16T09:01:40.048+0000][gc,cpu      ] GC(747) User=0.35s Sys=0.03s Real=0.79s
[2026-01-16T09:01:40.939+0000][gc,start    ] GC(748) Pause Young (Normal) (G1 Evacuation Pause)
[2026-01-16T09:01:40.948+0000][gc,task     ] GC(748) Using 8 workers of 8 for evacuation
[2026-01-16T09:01:41.626+0000][gc,mmu      ] GC(748) MMU target violated: 201.0ms (200.0ms/201.0ms)
[2026-01-16T09:01:41.627+0000][gc,phases   ] GC(748)   Pre Evacuate Collection Set: 38.2ms
[2026-01-16T09:01:41.627+0000][gc,phases   ] GC(748)   Merge Heap Roots: 14.0ms
[2026-01-16T09:01:41.627+0000][gc,phases   ] GC(748)   Evacuate Collection Set: 573.3ms
[2026-01-16T09:01:41.627+0000][gc,phases   ] GC(748)   Post Evacuate Collection Set: 46.8ms
[2026-01-16T09:01:41.627+0000][gc,phases   ] GC(748)   Other: 13.1ms
[2026-01-16T09:01:41.628+0000][gc,heap     ] GC(748) Eden regions: 46->0(47)
[2026-01-16T09:01:41.628+0000][gc,heap     ] GC(748) Survivor regions: 5->4(7)
[2026-01-16T09:01:41.628+0000][gc,heap     ] GC(748) Old regions: 252->253
[2026-01-16T09:01:41.628+0000][gc,heap     ] GC(748) Humongous regions: 149->149
[2026-01-16T09:01:41.629+0000][gc,metaspace] GC(748) Metaspace: 15429K(15936K)->15429K(15936K) NonClass: 13748K(13952K)->13748K(13952K) Class: 1681K(1984K)->1681K(1984K)
[2026-01-16T09:01:41.629+0000][gc          ] GC(748) Pause Young (Normal) (G1 Evacuation Pause) 451M->405M(1024M) 690.372ms
[2026-01-16T09:01:41.629+0000][gc,cpu      ] GC(748) User=0.26s Sys=0.02s Real=0.69s
[2026-01-16T09:01:43.104+0000][gc,start    ] GC(749) Pause Young (Normal) (G1 Evacuation Pause)
[2026-01-16T09:01:43.113+0000][gc,task     ] GC(749) Using 8 workers of 8 for evacuation
[2026-01-16T09:01:43.483+0000][gc,mmu      ] GC(749) MMU target violated: 201.0ms (200.0ms/201.0ms)
[2026-01-16T09:01:43.486+0000][gc,phases   ] GC(749)   Pre Evacuate Collection Set: 50.4ms
[2026-01-16T09:01:43.486+0000][gc,phases   ] GC(749)   Merge Heap Roots: 3.5ms
[2026-01-16T09:01:43.487+0000][gc,phases   ] GC(749)   Evacuate Collection Set: 310.0ms
[2026-01-16T09:01:43.492+0000][gc,phases   ] GC(749)   Post Evacuate Collection Set: 2.3ms
[2026-01-16T09:01:43.496+0000][gc,phases   ] GC(749)   Other: 6.8ms
[2026-01-16T09:01:43.496+0000][gc,heap     ] GC(749) Eden regions: 47->0(46)
[2026-01-16T09:01:43.496+0000][gc,heap     ] GC(749) Survivor regions: 4->5(7)
[2026-01-16T09:01:43.497+0000][gc,heap     ] GC(749) Old regions: 253->253
[2026-01-16T09:01:43.497+0000][gc,heap     ] GC(749) Humongous regions: 149->149
[2026-01-16T09:01:43.497+0000][gc,metaspace] GC(749) Metaspace: 15429K(15936K)->15429K(15936K) NonClass: 13748K(13952K)->13748K(13952K) Class: 1681K(1984K)->1681K(1984K)
[2026-01-16T09:01:43.498+0000][gc          ] GC(749) Pause Young (Normal) (G1 Evacuation Pause) 452M->406M(1024M) 393.885ms
[2026-01-16T09:01:43.499+0000][gc,cpu      ] GC(749) User=0.16s Sys=0.01s Real=0.39s
[2026-01-16T09:01:45.411+0000][gc,start    ] GC(750) Pause Young (Normal) (G1 Evacuation Pause)
[2026-01-16T09:01:45.414+0000][gc,task     ] GC(750) Using 8 workers of 8 for evacuation
[2026-01-16T09:01:45.891+0000][gc,mmu      ] GC(750) MMU target violated: 201.0ms (200.0ms/201.0ms)
[2026-01-16T09:01:45.893+0000][gc,phases   ] GC(750)   Pre Evacuate Collection Set: 9.8ms
[2026-01-16T09:01:45.893+0000][gc,phases   ] GC(750)   Merge Heap Roots: 10.8ms
[2026-01-16T09:01:45.894+0000][gc,phases   ] GC(750)   Evacuate Collection Set: 444.1ms
[2026-01-16T09:01:45.894+0000][gc,phases   ] GC(750)   Post Evacuate Collection Set: 8.0ms
[2026-01-16T09:01:45.895+0000][gc,phases   ] GC(750)   Other: 5.6ms
[2026-01-16T09:01:45.899+0000][gc,heap     ] GC(750) Eden regions: 46->0(46)
[2026-01-16T09:01:45.902+0000][gc,heap     ] GC(750) Survivor regions: 5->5(7)
[2026-01-16T09:01:45.902+0000][gc,heap     ] GC(750) Old regions: 253->254
[2026-01-16T09:01:45.915+0000][gc,heap     ] GC(750) Humongous regions: 149->149
[2026-01-16T09:01:45.916+0000][gc,metaspace] GC(750) Metaspace: 15429K(15936K)->15429K(15936K) NonClass: 13748K(13952K)->13748K(13952K) Class: 1681K(1984K)->1681K(1984K)
[2026-01-16T09:01:45.916+0000][gc          ] GC(750) Pause Young (Normal) (G1 Evacuation Pause) 452M->407M(1024M) 505.064ms
[2026-01-16T09:01:45.916+0000][gc,cpu      ] GC(750) User=0.22s Sys=0.03s Real=0.51s
[2026-01-16T09:01:47.352+0000][gc,start    ] GC(751) Pause Young (Normal) (G1 Evacuation Pause)
[2026-01-16T09:01:47.354+0000][gc,task     ] GC(751) Using 8 workers of 8 for evacuation
[2026-01-16T09:01:48.056+0000][gc,mmu      ] GC(751) MMU target violated: 201.0ms (200.0ms/201.0ms)
[2026-01-16T09:01:48.057+0000][gc,phases   ] GC(751)   Pre Evacuate Collection Set: 38.9ms
[2026-01-16T09:01:48.059+0000][gc,phases   ] GC(751)   Merge Heap Roots: 6.9ms
[2026-01-16T09:01:48.060+0000][gc,phases   ] GC(751)   Evacuate Collection Set: 635.4ms
[2026-01-16T09:01:48.060+0000][gc,phases   ] GC(751)   Post Evacuate Collection Set: 18.8ms
[2026-01-16T09:01:48.061+0000][gc,phases   ] GC(751)   Other: 3.5ms
[2026-01-16T09:01:48.062+0000][gc,heap     ] GC(751) Eden regions: 46->0(46)
[2026-01-16T09:01:48.063+0000][gc,heap     ] GC(751) Survivor regions: 5->5(7)
[2026-01-16T09:01:48.064+0000][gc,heap     ] GC(751) Old regions: 254->255
[2026-01-16T09:01:48.064+0000][gc,heap     ] GC(751) Humongous regions: 149->149
[2026-01-16T09:01:48.067+0000][gc,metaspace] GC(751) Metaspace: 15429K(15936K)->15429K(15936K) NonClass: 13748K(13952K)->13748K(13952K) Class: 1681K(1984K)->1681K(1984K)
[2026-01-16T09:01:48.128+0000][gc          ] GC(751) Pause Young (Normal) (G1 Evacuation Pause) 453M->407M(1024M) 775.213ms
[2026-01-16T09:01:48.161+0000][gc,cpu      ] GC(751) User=0.26s Sys=0.04s Real=0.80s
[2026-01-16T09:01:49.412+0000][gc,start    ] GC(752) Pause Young (Normal) (G1 Evacuation Pause)
[2026-01-16T09:01:49.413+0000][gc,task     ] GC(752) Using 8 workers of 8 for evacuation
[2026-01-16T09:01:49.823+0000][gc,mmu      ] GC(752) MMU target violated: 201.0ms (200.0ms/201.0ms)
[2026-01-16T09:01:49.827+0000][gc,phases   ] GC(752)   Pre Evacuate Collection Set: 16.7ms
[2026-01-16T09:01:49.829+0000][gc,phases   ] GC(752)   Merge Heap Roots: 8.9ms
[2026-01-16T09:01:49.830+0000][gc,phases   ] GC(752)   Evacuate Collection Set: 370.5ms
[2026-01-16T09:01:49.830+0000][gc,phases   ] GC(752)   Post Evacuate Collection Set: 12.5ms
[2026-01-16T09:01:49.834+0000][gc,phases   ] GC(752)   Other: 5.4ms
[2026-01-16T09:01:49.837+0000][gc,heap     ] GC(752) Eden regions: 46->0(47)
[2026-01-16T09:01:49.839+0000][gc,heap     ] GC(752) Survivor regions: 5->4(7)
[2026-01-16T09:01:49.839+0000][gc,heap     ] GC(752) Old regions: 255->256
[2026-01-16T09:01:49.840+0000][gc,heap     ] GC(752) Humongous regions: 149->149
[2026-01-16T09:01:49.840+0000][gc,metaspace] GC(752) Metaspace: 15429K(15936K)->15429K(15936K) NonClass: 13748K(13952K)->13748K(13952K) Class: 1681K(1984K)->1681K(1984K)
[2026-01-16T09:01:49.841+0000][gc          ] GC(752) Pause Young (Normal) (G1 Evacuation Pause) 453M->408M(1024M) 429.418ms
[2026-01-16T09:01:49.843+0000][gc,cpu      ] GC(752) User=0.23s Sys=0.01s Real=0.43s
[2026-01-16T09:01:51.517+0000][gc,start    ] GC(753) Pause Young (Normal) (G1 Evacuation Pause)
[2026-01-16T09:01:51.528+0000][gc,task     ] GC(753) Using 8 workers of 8 for evacuation
[2026-01-16T09:01:51.910+0000][gc,mmu      ] GC(753) MMU target violated: 201.0ms (200.0ms/201.0ms)
[2026-01-16T09:01:51.911+0000][gc,phases   ] GC(753)   Pre Evacuate Collection Set: 26.2ms
[2026-01-16T09:01:51.911+0000][gc,phases   ] GC(753)   Merge Heap Roots: 9.0ms
[2026-01-16T09:01:51.913+0000][gc,phases   ] GC(753)   Evacuate Collection Set: 339.0ms
[2026-01-16T09:01:51.913+0000][gc,phases   ] GC(753)   Post Evacuate Collection Set: 6.2ms
[2026-01-16T09:01:51.917+0000][gc,phases   ] GC(753)   Other: 2.7ms
[2026-01-16T09:01:51.918+0000][gc,heap     ] GC(753) Eden regions: 47->0(46)
[2026-01-16T09:01:51.918+0000][gc,heap     ] GC(753) Survivor regions: 4->5(7)
[2026-01-16T09:01:51.918+0000][gc,heap     ] GC(753) Old regions: 256->256
[2026-01-16T09:01:51.919+0000][gc,heap     ] GC(753) Humongous regions: 149->149
[2026-01-16T09:01:51.919+0000][gc,metaspace] GC(753) Metaspace: 15429K(15936K)->15429K(15936K) NonClass: 13748K(13952K)->13748K(13952K) Class: 1681K(1984K)->1681K(1984K)
[2026-01-16T09:01:51.925+0000][gc          ] GC(753) Pause Young (Normal) (G1 Evacuation Pause) 455M->409M(1024M) 407.453ms
[2026-01-16T09:01:51.928+0000][gc,cpu      ] GC(753) User=0.19s Sys=0.00s Real=0.41s
[2026-01-16T09:01:53.458+0000][gc,start    ] GC(754) Pause Young (Normal) (G1 Evacuation Pause)
[2026-01-16T09:01:53.462+0000][gc,task     ] GC(754) Using 8 workers of 8 for evacuation
[2026-01-16T09:01:53.731+0000][gc,mmu      ] GC(754) MMU target violated: 201.0ms (200.0ms/201.0ms)
[2026-01-16T09:01:53.731+0000][gc,phases   ] GC(754)   Pre Evacuate Collection Set: 27.1ms
[2026-01-16T09:01:53.732+0000][gc,phases   ] GC(754)   Merge Heap Roots: 0.6ms
[2026-01-16T09:01:53.734+0000][gc,phases   ] GC(754)   Evacuate Collection Set: 235.3ms
[2026-01-16T09:01:53.734+0000][gc,phases   ] GC(754)   Post Evacuate Collection Set: 3.9ms
[2026-01-16T09:01:53.735+0000][gc,phases   ] GC(754)   Other: 2.5ms
[2026-01-16T09:01:53.735+0000][gc,heap     ] GC(754) Eden regions: 46->0(47)
[2026-01-16T09:01:53.736+0000][gc,heap     ] GC(754) Survivor regions: 5->4(7)
[2026-01-16T09:01:53.737+0000][gc,heap     ] GC(754) Old regions: 256->258
[2026-01-16T09:01:53.738+0000][gc,heap     ] GC(754) Humongous regions: 149->149
[2026-01-16T09:01:53.739+0000][gc,metaspace] GC(754) Metaspace: 15429K(15936K)->15429K(15936K) NonClass: 13748K(13952K)->13748K(13952K) Class: 1681K(1984K)->1681K(1984K)
[2026-01-16T09:01:53.740+0000][gc          ] GC(754) Pause Young (Normal) (G1 Evacuation Pause) 455M->409M(1024M) 282.554ms
[2026-01-16T09:01:53.741+0000][gc,cpu      ] GC(754) User=0.26s Sys=0.02s Real=0.28s
[2026-01-16T09:01:55.432+0000][gc,start    ] GC(755) Pause Young (Normal) (G1 Evacuation Pause)
[2026-01-16T09:01:55.435+0000][gc,task     ] GC(755) Using 8 workers of 8 for evacuation
[2026-01-16T09:01:55.845+0000][gc,mmu      ] GC(755) MMU target violated: 201.0ms (200.0ms/201.0ms)
[2026-01-16T09:01:55.849+0000][gc,phases   ] GC(755)   Pre Evacuate Collection Set: 22.9ms
[2026-01-16T09:01:55.856+0000][gc,phases   ] GC(755)   Merge Heap Roots: 3.1ms
[2026-01-16T09:01:55.856+0000][gc,phases   ] GC(755)   Evacuate Collection Set: 346.5ms
[2026-01-16T09:01:55.857+0000][gc,phases   ] GC(755)   Post Evacuate Collection Set: 37.3ms
[2026-01-16T09:01:55.857+0000][gc,phases   ] GC(755)   Other: 4.3ms
[2026-01-16T09:01:55.857+0000][gc,heap     ] GC(755) Eden regions: 47->0(47)
[2026-01-16T09:01:55.858+0000][gc,heap     ] GC(755) Survivor regions: 4->4(7)
[2026-01-16T09:01:55.858+0000][gc,heap     ] GC(755) Old regions: 258->258
[2026-01-16T09:01:55.858+0000][gc,heap     ] GC(755) Humongous regions: 149->149
[2026-01-16T09:01:55.859+0000][gc,metaspace] GC(755) Metaspace: 15429K(15936K)->15429K(15936K) NonClass: 13748K(13952K)->13748K(13952K) Class: 1681K(1984K)->1681K(1984K)
[2026-01-16T09:01:55.867+0000][gc          ] GC(755) Pause Young (Normal) (G1 Evacuation Pause) 456M->410M(1024M) 435.327ms
[2026-01-16T09:01:55.867+0000][gc,cpu      ] GC(755) User=0.22s Sys=0.02s Real=0.44s
[2026-01-16T09:01:57.428+0000][gc,start    ] GC(756) Pause Young (Normal) (G1 Evacuation Pause)
[2026-01-16T09:01:57.436+0000][gc,task     ] GC(756) Using 8 workers of 8 for evacuation
[2026-01-16T09:01:58.246+0000][gc,mmu      ] GC(756) MMU target violated: 201.0ms (200.0ms/201.0ms)
[2026-01-16T09:01:58.251+0000][gc,phases   ] GC(756)   Pre Evacuate Collection Set: 119.7ms
[2026-01-16T09:01:58.266+0000][gc,phases   ] GC(756)   Merge Heap Roots: 4.1ms
[2026-01-16T09:01:58.271+0000][gc,phases   ] GC(756)   Evacuate Collection Set: 624.1ms
[2026-01-16T09:01:58.288+0000][gc,phases   ] GC(756)   Post Evacuate Collection Set: 60.2ms
[2026-01-16T09:01:58.291+0000][gc,phases   ] GC(756)   Other: 6.8ms
[2026-01-16T09:01:58.292+0000][gc,heap     ] GC(756) Eden regions: 47->0(47)
[2026-01-16T09:01:58.293+0000][gc,heap     ] GC(756) Survivor regions: 4->4(7)
[2026-01-16T09:01:58.294+0000][gc,heap     ] GC(756) Old regions: 258->259
[2026-01-16T09:01:58.296+0000][gc,heap     ] GC(756) Humongous regions: 149->149
[2026-01-16T09:01:58.297+0000][gc,metaspace] GC(756) Metaspace: 15429K(15936K)->15429K(15936K) NonClass: 13748K(13952K)->13748K(13952K) Class: 1681K(1984K)->1681K(1984K)
[2026-01-16T09:01:58.298+0000][gc          ] GC(756) Pause Young (Normal) (G1 Evacuation Pause) 457M->411M(1024M) 869.795ms
[2026-01-16T09:01:58.302+0000][gc,cpu      ] GC(756) User=0.28s Sys=0.09s Real=0.87s
[2026-01-16T09:02:00.363+0000][gc,start    ] GC(757) Pause Young (Normal) (G1 Evacuation Pause)
[2026-01-16T09:02:00.366+0000][gc,task     ] GC(757) Using 8 workers of 8 for evacuation
[2026-01-16T09:02:00.620+0000][gc,mmu      ] GC(757) MMU target violated: 201.0ms (200.0ms/201.0ms)
[2026-01-16T09:02:00.621+0000][gc,phases   ] GC(757)   Pre Evacuate Collection Set: 58.7ms
[2026-01-16T09:02:00.626+0000][gc,phases   ] GC(757)   Merge Heap Roots: 12.6ms
[2026-01-16T09:02:00.628+0000][gc,phases   ] GC(757)   Evacuate Collection Set: 162.5ms
[2026-01-16T09:02:00.629+0000][gc,phases   ] GC(757)   Post Evacuate Collection Set: 16.6ms
[2026-01-16T09:02:00.632+0000][gc,phases   ] GC(757)   Other: 5.1ms
[2026-01-16T09:02:00.633+0000][gc,heap     ] GC(757) Eden regions: 47->0(47)
[2026-01-16T09:02:00.635+0000][gc,heap     ] GC(757) Survivor regions: 4->4(7)
[2026-01-16T09:02:00.635+0000][gc,heap     ] GC(757) Old regions: 259->259
[2026-01-16T09:02:00.636+0000][gc,heap     ] GC(757) Humongous regions: 149->149
[2026-01-16T09:02:00.637+0000][gc,metaspace] GC(757) Metaspace: 15429K(15936K)->15429K(15936K) NonClass: 13748K(13952K)->13748K(13952K) Class: 1681K(1984K)->1681K(1984K)
[2026-01-16T09:02:00.643+0000][gc          ] GC(757) Pause Young (Normal) (G1 Evacuation Pause) 458M->411M(1024M) 280.363ms
[2026-01-16T09:02:00.646+0000][gc,cpu      ] GC(757) User=0.18s Sys=0.02s Real=0.29s
[2026-01-16T09:02:02.009+0000][gc,start    ] GC(758) Pause Young (Normal) (G1 Evacuation Pause)
[2026-01-16T09:02:02.053+0000][gc,task     ] GC(758) Using 8 workers of 8 for evacuation
[2026-01-16T09:02:02.468+0000][gc,mmu      ] GC(758) MMU target violated: 201.0ms (200.0ms/201.0ms)
[2026-01-16T09:02:02.476+0000][gc,phases   ] GC(758)   Pre Evacuate Collection Set: 28.0ms
[2026-01-16T09:02:02.476+0000][gc,phases   ] GC(758)   Merge Heap Roots: 14.7ms
[2026-01-16T09:02:02.476+0000][gc,phases   ] GC(758)   Evacuate Collection Set: 356.9ms
[2026-01-16T09:02:02.477+0000][gc,phases   ] GC(758)   Post Evacuate Collection Set: 4.1ms
[2026-01-16T09:02:02.478+0000][gc,phases   ] GC(758)   Other: 19.5ms
[2026-01-16T09:02:02.478+0000][gc,heap     ] GC(758) Eden regions: 47->0(47)
[2026-01-16T09:02:02.478+0000][gc,heap     ] GC(758) Survivor regions: 4->4(7)
[2026-01-16T09:02:02.478+0000][gc,heap     ] GC(758) Old regions: 259->260
[2026-01-16T09:02:02.482+0000][gc,heap     ] GC(758) Humongous regions: 149->149
[2026-01-16T09:02:02.483+0000][gc,metaspace] GC(758) Metaspace: 15429K(15936K)->15429K(15936K) NonClass: 13748K(13952K)->13748K(13952K) Class: 1681K(1984K)->1681K(1984K)
[2026-01-16T09:02:02.485+0000][gc          ] GC(758) Pause Young (Normal) (G1 Evacuation Pause) 458M->412M(1024M) 475.838ms
[2026-01-16T09:02:02.485+0000][gc,cpu      ] GC(758) User=0.33s Sys=0.04s Real=0.48s
[2026-01-16T09:02:04.579+0000][gc,start    ] GC(759) Pause Young (Normal) (GCLocker Initiated GC)
[2026-01-16T09:02:04.580+0000][gc,task     ] GC(759) Using 8 workers of 8 for evacuation
[2026-01-16T09:02:05.025+0000][gc,mmu      ] GC(759) MMU target violated: 201.0ms (200.0ms/201.0ms)
[2026-01-16T09:02:05.025+0000][gc,phases   ] GC(759)   Pre Evacuate Collection Set: 17.3ms
[2026-01-16T09:02:05.027+0000][gc,phases   ] GC(759)   Merge Heap Roots: 6.9ms
[2026-01-16T09:02:05.027+0000][gc,phases   ] GC(759)   Evacuate Collection Set: 411.6ms
[2026-01-16T09:02:05.027+0000][gc,phases   ] GC(759)   Post Evacuate Collection Set: 8.1ms
[2026-01-16T09:02:05.028+0000][gc,phases   ] GC(759)   Other: 1.0ms
[2026-01-16T09:02:05.028+0000][gc,heap     ] GC(759) Eden regions: 52->0(46)
[2026-01-16T09:02:05.028+0000][gc,heap     ] GC(759) Survivor regions: 4->5(7)
[2026-01-16T09:02:05.028+0000][gc,heap     ] GC(759) Old regions: 260->261
[2026-01-16T09:02:05.028+0000][gc,heap     ] GC(759) Humongous regions: 149->149
[2026-01-16T09:02:05.028+0000][gc,metaspace] GC(759) Metaspace: 15429K(15936K)->15429K(15936K) NonClass: 13748K(13952K)->13748K(13952K) Class: 1681K(1984K)->1681K(1984K)
[2026-01-16T09:02:05.029+0000][gc          ] GC(759) Pause Young (Normal) (GCLocker Initiated GC) 464M->413M(1024M) 449.294ms
[2026-01-16T09:02:05.029+0000][gc,cpu      ] GC(759) User=0.34s Sys=0.01s Real=0.45s
[2026-01-16T09:02:06.010+0000][gc,start    ] GC(760) Pause Young (Normal) (G1 Evacuation Pause)
[2026-01-16T09:02:06.010+0000][gc,task     ] GC(760) Using 8 workers of 8 for evacuation
[2026-01-16T09:02:06.196+0000][gc,phases   ] GC(760)   Pre Evacuate Collection Set: 11.5ms
[2026-01-16T09:02:06.196+0000][gc,phases   ] GC(760)   Merge Heap Roots: 4.7ms
[2026-01-16T09:02:06.196+0000][gc,phases   ] GC(760)   Evacuate Collection Set: 157.0ms
[2026-01-16T09:02:06.196+0000][gc,phases   ] GC(760)   Post Evacuate Collection Set: 5.9ms
[2026-01-16T09:02:06.196+0000][gc,phases   ] GC(760)   Other: 6.5ms
[2026-01-16T09:02:06.197+0000][gc,heap     ] GC(760) Eden regions: 46->0(46)
[2026-01-16T09:02:06.197+0000][gc,heap     ] GC(760) Survivor regions: 5->5(7)
[2026-01-16T09:02:06.198+0000][gc,heap     ] GC(760) Old regions: 261->261
[2026-01-16T09:02:06.198+0000][gc,heap     ] GC(760) Humongous regions: 149->149
[2026-01-16T09:02:06.198+0000][gc,metaspace] GC(760) Metaspace: 15430K(15936K)->15430K(15936K) NonClass: 13748K(13952K)->13748K(13952K) Class: 1681K(1984K)->1681K(1984K)
[2026-01-16T09:02:06.198+0000][gc          ] GC(760) Pause Young (Normal) (G1 Evacuation Pause) 459M->414M(1024M) 188.431ms
[2026-01-16T09:02:06.198+0000][gc,cpu      ] GC(760) User=0.13s Sys=0.02s Real=0.19s
[2026-01-16T09:02:07.218+0000][gc,start    ] GC(761) Pause Young (Normal) (G1 Evacuation Pause)
[2026-01-16T09:02:07.230+0000][gc,task     ] GC(761) Using 8 workers of 8 for evacuation
[2026-01-16T09:02:07.816+0000][gc,mmu      ] GC(761) MMU target violated: 201.0ms (200.0ms/201.0ms)
[2026-01-16T09:02:07.833+0000][gc,phases   ] GC(761)   Pre Evacuate Collection Set: 1.3ms
[2026-01-16T09:02:07.834+0000][gc,phases   ] GC(761)   Merge Heap Roots: 3.5ms
[2026-01-16T09:02:07.835+0000][gc,phases   ] GC(761)   Evacuate Collection Set: 498.3ms
[2026-01-16T09:02:07.835+0000][gc,phases   ] GC(761)   Post Evacuate Collection Set: 62.8ms
[2026-01-16T09:02:07.836+0000][gc,phases   ] GC(761)   Other: 38.0ms
[2026-01-16T09:02:07.836+0000][gc,heap     ] GC(761) Eden regions: 46->0(47)
[2026-01-16T09:02:07.841+0000][gc,heap     ] GC(761) Survivor regions: 5->4(7)
[2026-01-16T09:02:07.844+0000][gc,heap     ] GC(761) Old regions: 261->263
[2026-01-16T09:02:07.845+0000][gc,heap     ] GC(761) Humongous regions: 149->149
[2026-01-16T09:02:07.845+0000][gc,metaspace] GC(761) Metaspace: 15430K(15936K)->15430K(15936K) NonClass: 13748K(13952K)->13748K(13952K) Class: 1681K(1984K)->1681K(1984K)
[2026-01-16T09:02:07.845+0000][gc          ] GC(761) Pause Young (Normal) (G1 Evacuation Pause) 460M->414M(1024M) 627.822ms
[2026-01-16T09:02:07.846+0000][gc,cpu      ] GC(761) User=0.21s Sys=0.03s Real=0.63s
[2026-01-16T09:02:08.941+0000][gc,start    ] GC(762) Pause Young (Normal) (G1 Evacuation Pause)
[2026-01-16T09:02:08.945+0000][gc,task     ] GC(762) Using 8 workers of 8 for evacuation
[2026-01-16T09:02:09.106+0000][gc,phases   ] GC(762)   Pre Evacuate Collection Set: 63.9ms
[2026-01-16T09:02:09.108+0000][gc,phases   ] GC(762)   Merge Heap Roots: 0.7ms
[2026-01-16T09:02:09.110+0000][gc,phases   ] GC(762)   Evacuate Collection Set: 81.5ms
[2026-01-16T09:02:09.113+0000][gc,phases   ] GC(762)   Post Evacuate Collection Set: 14.9ms
[2026-01-16T09:02:09.114+0000][gc,phases   ] GC(762)   Other: 0.4ms
[2026-01-16T09:02:09.114+0000][gc,heap     ] GC(762) Eden regions: 47->0(46)
[2026-01-16T09:02:09.114+0000][gc,heap     ] GC(762) Survivor regions: 4->5(7)
[2026-01-16T09:02:09.114+0000][gc,heap     ] GC(762) Old regions: 263->263
[2026-01-16T09:02:09.114+0000][gc,heap     ] GC(762) Humongous regions: 149->149
[2026-01-16T09:02:09.115+0000][gc,metaspace] GC(762) Metaspace: 15430K(15936K)->15430K(15936K) NonClass: 13748K(13952K)->13748K(13952K) Class: 1681K(1984K)->1681K(1984K)
[2026-01-16T09:02:09.115+0000][gc          ] GC(762) Pause Young (Normal) (G1 Evacuation Pause) 461M->415M(1024M) 174.692ms
[2026-01-16T09:02:09.118+0000][gc,cpu      ] GC(762) User=0.09s Sys=0.01s Real=0.18s
[2026-01-16T09:02:09.969+0000][gc,start    ] GC(763) Pause Young (Normal) (G1 Evacuation Pause)
[2026-01-16T09:02:09.969+0000][gc,task     ] GC(763) Using 8 workers of 8 for evacuation
[2026-01-16T09:02:10.091+0000][gc,phases   ] GC(763)   Pre Evacuate Collection Set: 5.4ms
[2026-01-16T09:02:10.095+0000][gc,phases   ] GC(763)   Merge Heap Roots: 3.7ms
[2026-01-16T09:02:10.096+0000][gc,phases   ] GC(763)   Evacuate Collection Set: 109.1ms
[2026-01-16T09:02:10.096+0000][gc,phases   ] GC(763)   Post Evacuate Collection Set: 2.2ms
[2026-01-16T09:02:10.096+0000][gc,phases   ] GC(763)   Other: 0.8ms
[2026-01-16T09:02:10.097+0000][gc,heap     ] GC(763) Eden regions: 46->0(46)
[2026-01-16T09:02:10.097+0000][gc,heap     ] GC(763) Survivor regions: 5->5(7)
[2026-01-16T09:02:10.098+0000][gc,heap     ] GC(763) Old regions: 263->263
[2026-01-16T09:02:10.099+0000][gc,heap     ] GC(763) Humongous regions: 149->149
[2026-01-16T09:02:10.099+0000][gc,metaspace] GC(763) Metaspace: 15430K(15936K)->15430K(15936K) NonClass: 13748K(13952K)->13748K(13952K) Class: 1681K(1984K)->1681K(1984K)
[2026-01-16T09:02:10.100+0000][gc          ] GC(763) Pause Young (Normal) (G1 Evacuation Pause) 461M->415M(1024M) 131.051ms
[2026-01-16T09:02:10.100+0000][gc,cpu      ] GC(763) User=0.12s Sys=0.01s Real=0.13s
[2026-01-16T09:02:10.953+0000][gc,start    ] GC(764) Pause Young (Normal) (G1 Evacuation Pause)
[2026-01-16T09:02:10.955+0000][gc,task     ] GC(764) Using 8 workers of 8 for evacuation
[2026-01-16T09:02:11.404+0000][gc,mmu      ] GC(764) MMU target violated: 201.0ms (200.0ms/201.0ms)
[2026-01-16T09:02:11.407+0000][gc,phases   ] GC(764)   Pre Evacuate Collection Set: 16.8ms
[2026-01-16T09:02:11.415+0000][gc,phases   ] GC(764)   Merge Heap Roots: 11.9ms
[2026-01-16T09:02:11.416+0000][gc,phases   ] GC(764)   Evacuate Collection Set: 367.6ms
[2026-01-16T09:02:11.416+0000][gc,phases   ] GC(764)   Post Evacuate Collection Set: 51.8ms
[2026-01-16T09:02:11.417+0000][gc,phases   ] GC(764)   Other: 2.0ms
[2026-01-16T09:02:11.418+0000][gc,heap     ] GC(764) Eden regions: 46->0(46)
[2026-01-16T09:02:11.419+0000][gc,heap     ] GC(764) Survivor regions: 5->5(7)
[2026-01-16T09:02:11.419+0000][gc,heap     ] GC(764) Old regions: 263->264
[2026-01-16T09:02:11.420+0000][gc,heap     ] GC(764) Humongous regions: 149->149
[2026-01-16T09:02:11.429+0000][gc,metaspace] GC(764) Metaspace: 15430K(15936K)->15430K(15936K) NonClass: 13748K(13952K)->13748K(13952K) Class: 1681K(1984K)->1681K(1984K)
[2026-01-16T09:02:11.430+0000][gc          ] GC(764) Pause Young (Normal) (G1 Evacuation Pause) 461M->416M(1024M) 476.827ms
[2026-01-16T09:02:11.431+0000][gc,cpu      ] GC(764) User=0.21s Sys=0.01s Real=0.48s
[2026-01-16T09:02:12.628+0000][gc,start    ] GC(765) Pause Young (Normal) (G1 Evacuation Pause)
[2026-01-16T09:02:12.631+0000][gc,task     ] GC(765) Using 8 workers of 8 for evacuation
[2026-01-16T09:02:13.296+0000][gc,mmu      ] GC(765) MMU target violated: 201.0ms (200.0ms/201.0ms)
[2026-01-16T09:02:13.297+0000][gc,phases   ] GC(765)   Pre Evacuate Collection Set: 22.1ms
[2026-01-16T09:02:13.298+0000][gc,phases   ] GC(765)   Merge Heap Roots: 5.0ms
[2026-01-16T09:02:13.298+0000][gc,phases   ] GC(765)   Evacuate Collection Set: 607.7ms
[2026-01-16T09:02:13.298+0000][gc,phases   ] GC(765)   Post Evacuate Collection Set: 20.4ms
[2026-01-16T09:02:13.299+0000][gc,phases   ] GC(765)   Other: 11.3ms
[2026-01-16T09:02:13.299+0000][gc,heap     ] GC(765) Eden regions: 46->0(46)
[2026-01-16T09:02:13.299+0000][gc,heap     ] GC(765) Survivor regions: 5->5(7)
[2026-01-16T09:02:13.300+0000][gc,heap     ] GC(765) Old regions: 264->264
[2026-01-16T09:02:13.300+0000][gc,heap     ] GC(765) Humongous regions: 149->149
[2026-01-16T09:02:13.301+0000][gc,metaspace] GC(765) Metaspace: 15430K(15936K)->15430K(15936K) NonClass: 13748K(13952K)->13748K(13952K) Class: 1681K(1984K)->1681K(1984K)
[2026-01-16T09:02:13.308+0000][gc          ] GC(765) Pause Young (Normal) (G1 Evacuation Pause) 462M->417M(1024M) 680.190ms
[2026-01-16T09:02:13.309+0000][gc,cpu      ] GC(765) User=0.25s Sys=0.01s Real=0.68s
[2026-01-16T09:02:15.316+0000][gc,start    ] GC(766) Pause Young (Normal) (G1 Evacuation Pause)
[2026-01-16T09:02:15.330+0000][gc,task     ] GC(766) Using 8 workers of 8 for evacuation
[2026-01-16T09:02:15.910+0000][gc,mmu      ] GC(766) MMU target violated: 201.0ms (200.0ms/201.0ms)
[2026-01-16T09:02:15.910+0000][gc,phases   ] GC(766)   Pre Evacuate Collection Set: 32.4ms
[2026-01-16T09:02:15.911+0000][gc,phases   ] GC(766)   Merge Heap Roots: 3.0ms
[2026-01-16T09:02:15.911+0000][gc,phases   ] GC(766)   Evacuate Collection Set: 527.7ms
[2026-01-16T09:02:15.915+0000][gc,phases   ] GC(766)   Post Evacuate Collection Set: 4.8ms
[2026-01-16T09:02:15.916+0000][gc,phases   ] GC(766)   Other: 12.7ms
[2026-01-16T09:02:15.918+0000][gc,heap     ] GC(766) Eden regions: 46->0(46)
[2026-01-16T09:02:15.919+0000][gc,heap     ] GC(766) Survivor regions: 5->5(7)
[2026-01-16T09:02:15.920+0000][gc,heap     ] GC(766) Old regions: 264->265
[2026-01-16T09:02:15.920+0000][gc,heap     ] GC(766) Humongous regions: 149->149
[2026-01-16T09:02:15.921+0000][gc,metaspace] GC(766) Metaspace: 15430K(15936K)->15430K(15936K) NonClass: 13748K(13952K)->13748K(13952K) Class: 1681K(1984K)->1681K(1984K)
[2026-01-16T09:02:15.922+0000][gc          ] GC(766) Pause Young (Normal) (G1 Evacuation Pause) 463M->418M(1024M) 605.066ms
[2026-01-16T09:02:15.926+0000][gc,cpu      ] GC(766) User=0.23s Sys=0.02s Real=0.61s
[2026-01-16T09:02:17.196+0000][gc,start    ] GC(767) Pause Young (Normal) (G1 Evacuation Pause)
[2026-01-16T09:02:17.197+0000][gc,task     ] GC(767) Using 8 workers of 8 for evacuation
[2026-01-16T09:02:18.164+0000][gc,mmu      ] GC(767) MMU target violated: 201.0ms (200.0ms/201.0ms)
[2026-01-16T09:02:18.165+0000][gc,phases   ] GC(767)   Pre Evacuate Collection Set: 59.4ms
[2026-01-16T09:02:18.169+0000][gc,phases   ] GC(767)   Merge Heap Roots: 12.7ms
[2026-01-16T09:02:18.170+0000][gc,phases   ] GC(767)   Evacuate Collection Set: 878.0ms
[2026-01-16T09:02:18.175+0000][gc,phases   ] GC(767)   Post Evacuate Collection Set: 16.3ms
[2026-01-16T09:02:18.178+0000][gc,phases   ] GC(767)   Other: 2.3ms
[2026-01-16T09:02:18.179+0000][gc,heap     ] GC(767) Eden regions: 46->0(46)
[2026-01-16T09:02:18.180+0000][gc,heap     ] GC(767) Survivor regions: 5->5(7)
[2026-01-16T09:02:18.181+0000][gc,heap     ] GC(767) Old regions: 265->266
[2026-01-16T09:02:18.181+0000][gc,heap     ] GC(767) Humongous regions: 149->149
[2026-01-16T09:02:18.182+0000][gc,metaspace] GC(767) Metaspace: 15430K(15936K)->15430K(15936K) NonClass: 13748K(13952K)->13748K(13952K) Class: 1681K(1984K)->1681K(1984K)
[2026-01-16T09:02:18.183+0000][gc          ] GC(767) Pause Young (Normal) (G1 Evacuation Pause) 464M->418M(1024M) 987.840ms
[2026-01-16T09:02:18.185+0000][gc,cpu      ] GC(767) User=0.29s Sys=0.04s Real=0.98s
[2026-01-16T09:02:19.821+0000][gc,start    ] GC(768) Pause Young (Normal) (G1 Evacuation Pause)
[2026-01-16T09:02:19.826+0000][gc,task     ] GC(768) Using 8 workers of 8 for evacuation
[2026-01-16T09:02:20.146+0000][gc,mmu      ] GC(768) MMU target violated: 201.0ms (200.0ms/201.0ms)
[2026-01-16T09:02:20.147+0000][gc,phases   ] GC(768)   Pre Evacuate Collection Set: 18.0ms
[2026-01-16T09:02:20.147+0000][gc,phases   ] GC(768)   Merge Heap Roots: 1.3ms
[2026-01-16T09:02:20.147+0000][gc,phases   ] GC(768)   Evacuate Collection Set: 287.0ms
[2026-01-16T09:02:20.148+0000][gc,phases   ] GC(768)   Post Evacuate Collection Set: 13.0ms
[2026-01-16T09:02:20.148+0000][gc,phases   ] GC(768)   Other: 1.9ms
[2026-01-16T09:02:20.148+0000][gc,heap     ] GC(768) Eden regions: 46->0(46)
[2026-01-16T09:02:20.149+0000][gc,heap     ] GC(768) Survivor regions: 5->5(7)
[2026-01-16T09:02:20.149+0000][gc,heap     ] GC(768) Old regions: 266->267
[2026-01-16T09:02:20.149+0000][gc,heap     ] GC(768) Humongous regions: 149->149
[2026-01-16T09:02:20.152+0000][gc,metaspace] GC(768) Metaspace: 15430K(15936K)->15430K(15936K) NonClass: 13748K(13952K)->13748K(13952K) Class: 1681K(1984K)->1681K(1984K)
[2026-01-16T09:02:20.153+0000][gc          ] GC(768) Pause Young (Normal) (G1 Evacuation Pause) 464M->419M(1024M) 332.723ms
[2026-01-16T09:02:20.154+0000][gc,cpu      ] GC(768) User=0.20s Sys=0.00s Real=0.33s
[2026-01-16T09:02:20.828+0000][gc,start    ] GC(769) Pause Young (Normal) (G1 Evacuation Pause)
[2026-01-16T09:02:20.831+0000][gc,task     ] GC(769) Using 8 workers of 8 for evacuation
[2026-01-16T09:02:21.028+0000][gc,phases   ] GC(769)   Pre Evacuate Collection Set: 4.3ms
[2026-01-16T09:02:21.029+0000][gc,phases   ] GC(769)   Merge Heap Roots: 0.6ms
[2026-01-16T09:02:21.029+0000][gc,phases   ] GC(769)   Evacuate Collection Set: 188.5ms
[2026-01-16T09:02:21.029+0000][gc,phases   ] GC(769)   Post Evacuate Collection Set: 3.9ms
[2026-01-16T09:02:21.029+0000][gc,phases   ] GC(769)   Other: 0.3ms
[2026-01-16T09:02:21.029+0000][gc,heap     ] GC(769) Eden regions: 46->0(47)
[2026-01-16T09:02:21.029+0000][gc,heap     ] GC(769) Survivor regions: 5->4(7)
[2026-01-16T09:02:21.029+0000][gc,heap     ] GC(769) Old regions: 267->268
[2026-01-16T09:02:21.029+0000][gc,heap     ] GC(769) Humongous regions: 149->149
[2026-01-16T09:02:21.029+0000][gc,metaspace] GC(769) Metaspace: 15430K(15936K)->15430K(15936K) NonClass: 13748K(13952K)->13748K(13952K) Class: 1681K(1984K)->1681K(1984K)
[2026-01-16T09:02:21.030+0000][gc          ] GC(769) Pause Young (Normal) (G1 Evacuation Pause) 465M->420M(1024M) 201.903ms
[2026-01-16T09:02:21.030+0000][gc,cpu      ] GC(769) User=0.13s Sys=0.01s Real=0.20s
[2026-01-16T09:02:21.681+0000][gc,start    ] GC(770) Pause Young (Normal) (G1 Evacuation Pause)
[2026-01-16T09:02:21.685+0000][gc,task     ] GC(770) Using 8 workers of 8 for evacuation
[2026-01-16T09:02:22.015+0000][gc,mmu      ] GC(770) MMU target violated: 201.0ms (200.0ms/201.0ms)
[2026-01-16T09:02:22.016+0000][gc,phases   ] GC(770)   Pre Evacuate Collection Set: 36.2ms
[2026-01-16T09:02:22.018+0000][gc,phases   ] GC(770)   Merge Heap Roots: 1.8ms
[2026-01-16T09:02:22.019+0000][gc,phases   ] GC(770)   Evacuate Collection Set: 266.7ms
[2026-01-16T09:02:22.020+0000][gc,phases   ] GC(770)   Post Evacuate Collection Set: 11.3ms
[2026-01-16T09:02:22.021+0000][gc,phases   ] GC(770)   Other: 16.0ms
[2026-01-16T09:02:22.021+0000][gc,heap     ] GC(770) Eden regions: 47->0(46)
[2026-01-16T09:02:22.021+0000][gc,heap     ] GC(770) Survivor regions: 4->5(7)
[2026-01-16T09:02:22.021+0000][gc,heap     ] GC(770) Old regions: 268->268
[2026-01-16T09:02:22.021+0000][gc,heap     ] GC(770) Humongous regions: 149->149
[2026-01-16T09:02:22.022+0000][gc,metaspace] GC(770) Metaspace: 15430K(15936K)->15430K(15936K) NonClass: 13748K(13952K)->13748K(13952K) Class: 1681K(1984K)->1681K(1984K)
[2026-01-16T09:02:22.024+0000][gc          ] GC(770) Pause Young (Normal) (G1 Evacuation Pause) 467M->421M(1024M) 342.461ms
[2026-01-16T09:02:22.027+0000][gc,cpu      ] GC(770) User=0.16s Sys=0.01s Real=0.35s
[2026-01-16T09:02:23.392+0000][gc,start    ] GC(771) Pause Young (Normal) (G1 Evacuation Pause)
[2026-01-16T09:02:23.394+0000][gc,task     ] GC(771) Using 8 workers of 8 for evacuation
[2026-01-16T09:02:23.612+0000][gc,mmu      ] GC(771) MMU target violated: 201.0ms (200.0ms/201.0ms)
[2026-01-16T09:02:23.613+0000][gc,phases   ] GC(771)   Pre Evacuate Collection Set: 22.4ms
[2026-01-16T09:02:23.614+0000][gc,phases   ] GC(771)   Merge Heap Roots: 2.0ms
[2026-01-16T09:02:23.616+0000][gc,phases   ] GC(771)   Evacuate Collection Set: 188.3ms
[2026-01-16T09:02:23.621+0000][gc,phases   ] GC(771)   Post Evacuate Collection Set: 4.9ms
[2026-01-16T09:02:23.623+0000][gc,phases   ] GC(771)   Other: 1.2ms
[2026-01-16T09:02:23.624+0000][gc,heap     ] GC(771) Eden regions: 46->0(46)
[2026-01-16T09:02:23.624+0000][gc,heap     ] GC(771) Survivor regions: 5->5(7)
[2026-01-16T09:02:23.624+0000][gc,heap     ] GC(771) Old regions: 268->269
[2026-01-16T09:02:23.624+0000][gc,heap     ] GC(771) Humongous regions: 149->149
[2026-01-16T09:02:23.625+0000][gc,metaspace] GC(771) Metaspace: 15430K(15936K)->15430K(15936K) NonClass: 13748K(13952K)->13748K(13952K) Class: 1681K(1984K)->1681K(1984K)
[2026-01-16T09:02:23.625+0000][gc          ] GC(771) Pause Young (Normal) (G1 Evacuation Pause) 467M->421M(1024M) 233.340ms
[2026-01-16T09:02:23.627+0000][gc,cpu      ] GC(771) User=0.20s Sys=0.01s Real=0.24s
[2026-01-16T09:02:25.721+0000][gc,start    ] GC(772) Pause Young (Normal) (G1 Evacuation Pause)
[2026-01-16T09:02:25.744+0000][gc,task     ] GC(772) Using 8 workers of 8 for evacuation
[2026-01-16T09:02:26.298+0000][gc,mmu      ] GC(772) MMU target violated: 201.0ms (200.0ms/201.0ms)
[2026-01-16T09:02:26.299+0000][gc,phases   ] GC(772)   Pre Evacuate Collection Set: 48.0ms
[2026-01-16T09:02:26.300+0000][gc,phases   ] GC(772)   Merge Heap Roots: 26.9ms
[2026-01-16T09:02:26.308+0000][gc,phases   ] GC(772)   Evacuate Collection Set: 397.9ms
[2026-01-16T09:02:26.312+0000][gc,phases   ] GC(772)   Post Evacuate Collection Set: 71.1ms
[2026-01-16T09:02:26.314+0000][gc,phases   ] GC(772)   Other: 10.9ms
[2026-01-16T09:02:26.315+0000][gc,heap     ] GC(772) Eden regions: 46->0(46)
[2026-01-16T09:02:26.316+0000][gc,heap     ] GC(772) Survivor regions: 5->5(7)
[2026-01-16T09:02:26.319+0000][gc,heap     ] GC(772) Old regions: 269->269
[2026-01-16T09:02:26.319+0000][gc,heap     ] GC(772) Humongous regions: 149->149
[2026-01-16T09:02:26.320+0000][gc,metaspace] GC(772) Metaspace: 15430K(15936K)->15430K(15936K) NonClass: 13748K(13952K)->13748K(13952K) Class: 1681K(1984K)->1681K(1984K)
[2026-01-16T09:02:26.321+0000][gc          ] GC(772) Pause Young (Normal) (G1 Evacuation Pause) 467M->422M(1024M) 600.162ms
[2026-01-16T09:02:26.324+0000][gc,cpu      ] GC(772) User=0.23s Sys=0.02s Real=0.60s
[2026-01-16T09:02:27.577+0000][gc,start    ] GC(773) Pause Young (Normal) (G1 Evacuation Pause)
[2026-01-16T09:02:27.584+0000][gc,task     ] GC(773) Using 8 workers of 8 for evacuation
[2026-01-16T09:02:28.685+0000][gc,mmu      ] GC(773) MMU target violated: 201.0ms (200.0ms/201.0ms)
[2026-01-16T09:02:28.690+0000][gc,phases   ] GC(773)   Pre Evacuate Collection Set: 115.7ms
[2026-01-16T09:02:28.691+0000][gc,phases   ] GC(773)   Merge Heap Roots: 97.8ms
[2026-01-16T09:02:28.708+0000][gc,phases   ] GC(773)   Evacuate Collection Set: 842.6ms
[2026-01-16T09:02:28.712+0000][gc,phases   ] GC(773)   Post Evacuate Collection Set: 20.9ms
[2026-01-16T09:02:28.713+0000][gc,phases   ] GC(773)   Other: 29.6ms
[2026-01-16T09:02:28.714+0000][gc,heap     ] GC(773) Eden regions: 46->0(46)
[2026-01-16T09:02:28.730+0000][gc,heap     ] GC(773) Survivor regions: 5->5(7)
[2026-01-16T09:02:28.732+0000][gc,heap     ] GC(773) Old regions: 269->270
[2026-01-16T09:02:28.733+0000][gc,heap     ] GC(773) Humongous regions: 149->149
[2026-01-16T09:02:28.733+0000][gc,metaspace] GC(773) Metaspace: 15430K(15936K)->15430K(15936K) NonClass: 13748K(13952K)->13748K(13952K) Class: 1681K(1984K)->1681K(1984K)
[2026-01-16T09:02:28.735+0000][gc          ] GC(773) Pause Young (Normal) (G1 Evacuation Pause) 468M->423M(1024M) 1158.010ms
[2026-01-16T09:02:28.752+0000][gc,cpu      ] GC(773) User=0.34s Sys=0.02s Real=1.18s
[2026-01-16T09:02:30.374+0000][gc,start    ] GC(774) Pause Young (Normal) (G1 Evacuation Pause)
[2026-01-16T09:02:30.375+0000][gc,task     ] GC(774) Using 8 workers of 8 for evacuation
[2026-01-16T09:02:31.198+0000][gc,mmu      ] GC(774) MMU target violated: 201.0ms (200.0ms/201.0ms)
[2026-01-16T09:02:31.201+0000][gc,phases   ] GC(774)   Pre Evacuate Collection Set: 40.6ms
[2026-01-16T09:02:31.202+0000][gc,phases   ] GC(774)   Merge Heap Roots: 3.7ms
[2026-01-16T09:02:31.202+0000][gc,phases   ] GC(774)   Evacuate Collection Set: 736.9ms
[2026-01-16T09:02:31.203+0000][gc,phases   ] GC(774)   Post Evacuate Collection Set: 2.9ms
[2026-01-16T09:02:31.203+0000][gc,phases   ] GC(774)   Other: 41.9ms
[2026-01-16T09:02:31.204+0000][gc,heap     ] GC(774) Eden regions: 46->0(46)
[2026-01-16T09:02:31.205+0000][gc,heap     ] GC(774) Survivor regions: 5->5(7)
[2026-01-16T09:02:31.205+0000][gc,heap     ] GC(774) Old regions: 270->271
[2026-01-16T09:02:31.206+0000][gc,heap     ] GC(774) Humongous regions: 149->149
[2026-01-16T09:02:31.206+0000][gc,metaspace] GC(774) Metaspace: 15430K(15936K)->15430K(15936K) NonClass: 13748K(13952K)->13748K(13952K) Class: 1681K(1984K)->1681K(1984K)
[2026-01-16T09:02:31.208+0000][gc          ] GC(774) Pause Young (Normal) (G1 Evacuation Pause) 469M->424M(1024M) 834.416ms
[2026-01-16T09:02:31.210+0000][gc,cpu      ] GC(774) User=0.32s Sys=0.05s Real=0.84s
[2026-01-16T09:02:32.616+0000][gc,start    ] GC(775) Pause Young (Normal) (G1 Evacuation Pause)
[2026-01-16T09:02:32.628+0000][gc,task     ] GC(775) Using 8 workers of 8 for evacuation
[2026-01-16T09:02:33.073+0000][gc,mmu      ] GC(775) MMU target violated: 201.0ms (200.0ms/201.0ms)
[2026-01-16T09:02:33.074+0000][gc,phases   ] GC(775)   Pre Evacuate Collection Set: 36.2ms
[2026-01-16T09:02:33.074+0000][gc,phases   ] GC(775)   Merge Heap Roots: 3.6ms
[2026-01-16T09:02:33.074+0000][gc,phases   ] GC(775)   Evacuate Collection Set: 396.6ms
[2026-01-16T09:02:33.074+0000][gc,phases   ] GC(775)   Post Evacuate Collection Set: 7.5ms
[2026-01-16T09:02:33.075+0000][gc,phases   ] GC(775)   Other: 2.4ms
[2026-01-16T09:02:33.075+0000][gc,heap     ] GC(775) Eden regions: 46->0(47)
[2026-01-16T09:02:33.075+0000][gc,heap     ] GC(775) Survivor regions: 5->4(7)
[2026-01-16T09:02:33.075+0000][gc,heap     ] GC(775) Old regions: 271->272
[2026-01-16T09:02:33.075+0000][gc,heap     ] GC(775) Humongous regions: 149->149
[2026-01-16T09:02:33.075+0000][gc,metaspace] GC(775) Metaspace: 15430K(15936K)->15430K(15936K) NonClass: 13748K(13952K)->13748K(13952K) Class: 1681K(1984K)->1681K(1984K)
[2026-01-16T09:02:33.080+0000][gc          ] GC(775) Pause Young (Normal) (G1 Evacuation Pause) 470M->424M(1024M) 463.800ms
[2026-01-16T09:02:33.081+0000][gc,cpu      ] GC(775) User=0.33s Sys=0.01s Real=0.46s
[2026-01-16T09:02:34.523+0000][gc,start    ] GC(776) Pause Young (Normal) (G1 Evacuation Pause)
[2026-01-16T09:02:34.525+0000][gc,task     ] GC(776) Using 8 workers of 8 for evacuation
[2026-01-16T09:02:34.664+0000][gc,phases   ] GC(776)   Pre Evacuate Collection Set: 8.7ms
[2026-01-16T09:02:34.670+0000][gc,phases   ] GC(776)   Merge Heap Roots: 1.3ms
[2026-01-16T09:02:34.672+0000][gc,phases   ] GC(776)   Evacuate Collection Set: 113.8ms
[2026-01-16T09:02:34.676+0000][gc,phases   ] GC(776)   Post Evacuate Collection Set: 14.2ms
[2026-01-16T09:02:34.676+0000][gc,phases   ] GC(776)   Other: 1.2ms
[2026-01-16T09:02:34.676+0000][gc,heap     ] GC(776) Eden regions: 47->0(46)
[2026-01-16T09:02:34.676+0000][gc,heap     ] GC(776) Survivor regions: 4->5(7)
[2026-01-16T09:02:34.676+0000][gc,heap     ] GC(776) Old regions: 272->272
[2026-01-16T09:02:34.676+0000][gc,heap     ] GC(776) Humongous regions: 149->149
[2026-01-16T09:02:34.676+0000][gc,metaspace] GC(776) Metaspace: 15430K(15936K)->15430K(15936K) NonClass: 13748K(13952K)->13748K(13952K) Class: 1681K(1984K)->1681K(1984K)
[2026-01-16T09:02:34.676+0000][gc          ] GC(776) Pause Young (Normal) (G1 Evacuation Pause) 471M->425M(1024M) 153.689ms
[2026-01-16T09:02:34.676+0000][gc,cpu      ] GC(776) User=0.12s Sys=0.00s Real=0.15s
[2026-01-16T09:02:35.485+0000][gc,start    ] GC(777) Pause Young (Normal) (G1 Evacuation Pause)
[2026-01-16T09:02:35.487+0000][gc,task     ] GC(777) Using 8 workers of 8 for evacuation
[2026-01-16T09:02:35.641+0000][gc,phases   ] GC(777)   Pre Evacuate Collection Set: 11.9ms
[2026-01-16T09:02:35.650+0000][gc,phases   ] GC(777)   Merge Heap Roots: 0.2ms
[2026-01-16T09:02:35.651+0000][gc,phases   ] GC(777)   Evacuate Collection Set: 130.0ms
[2026-01-16T09:02:35.651+0000][gc,phases   ] GC(777)   Post Evacuate Collection Set: 5.9ms
[2026-01-16T09:02:35.651+0000][gc,phases   ] GC(777)   Other: 5.6ms
[2026-01-16T09:02:35.652+0000][gc,heap     ] GC(777) Eden regions: 46->0(46)
[2026-01-16T09:02:35.652+0000][gc,heap     ] GC(777) Survivor regions: 5->5(7)
[2026-01-16T09:02:35.655+0000][gc,heap     ] GC(777) Old regions: 272->273
[2026-01-16T09:02:35.660+0000][gc,heap     ] GC(777) Humongous regions: 149->149
[2026-01-16T09:02:35.663+0000][gc,metaspace] GC(777) Metaspace: 15430K(15936K)->15430K(15936K) NonClass: 13748K(13952K)->13748K(13952K) Class: 1681K(1984K)->1681K(1984K)
[2026-01-16T09:02:35.667+0000][gc          ] GC(777) Pause Young (Normal) (G1 Evacuation Pause) 471M->425M(1024M) 181.508ms
[2026-01-16T09:02:35.670+0000][gc,cpu      ] GC(777) User=0.12s Sys=0.02s Real=0.18s
[2026-01-16T09:02:37.257+0000][gc,start    ] GC(778) Pause Young (Normal) (GCLocker Initiated GC)
[2026-01-16T09:02:37.265+0000][gc,task     ] GC(778) Using 8 workers of 8 for evacuation
[2026-01-16T09:02:38.518+0000][gc,mmu      ] GC(778) MMU target violated: 201.0ms (200.0ms/201.0ms)
[2026-01-16T09:02:38.522+0000][gc,phases   ] GC(778)   Pre Evacuate Collection Set: 184.4ms
[2026-01-16T09:02:38.524+0000][gc,phases   ] GC(778)   Merge Heap Roots: 6.2ms
[2026-01-16T09:02:38.525+0000][gc,phases   ] GC(778)   Evacuate Collection Set: 960.0ms
[2026-01-16T09:02:38.529+0000][gc,phases   ] GC(778)   Post Evacuate Collection Set: 100.9ms
[2026-01-16T09:02:38.529+0000][gc,phases   ] GC(778)   Other: 5.5ms
[2026-01-16T09:02:38.530+0000][gc,heap     ] GC(778) Eden regions: 51->0(46)
[2026-01-16T09:02:38.530+0000][gc,heap     ] GC(778) Survivor regions: 5->5(7)
[2026-01-16T09:02:38.533+0000][gc,heap     ] GC(778) Old regions: 273->274
[2026-01-16T09:02:38.533+0000][gc,heap     ] GC(778) Humongous regions: 149->149
[2026-01-16T09:02:38.533+0000][gc,metaspace] GC(778) Metaspace: 15430K(15936K)->15430K(15936K) NonClass: 13748K(13952K)->13748K(13952K) Class: 1681K(1984K)->1681K(1984K)
[2026-01-16T09:02:38.534+0000][gc          ] GC(778) Pause Young (Normal) (GCLocker Initiated GC) 476M->426M(1024M) 1277.028ms
[2026-01-16T09:02:38.535+0000][gc,cpu      ] GC(778) User=0.51s Sys=0.05s Real=1.28s
[2026-01-16T09:02:40.653+0000][gc,start    ] GC(779) Pause Young (Normal) (G1 Evacuation Pause)
[2026-01-16T09:02:40.674+0000][gc,task     ] GC(779) Using 8 workers of 8 for evacuation
[2026-01-16T09:02:41.433+0000][gc,mmu      ] GC(779) MMU target violated: 201.0ms (200.0ms/201.0ms)
[2026-01-16T09:02:41.434+0000][gc,phases   ] GC(779)   Pre Evacuate Collection Set: 9.0ms
[2026-01-16T09:02:41.435+0000][gc,phases   ] GC(779)   Merge Heap Roots: 4.9ms
[2026-01-16T09:02:41.437+0000][gc,phases   ] GC(779)   Evacuate Collection Set: 727.8ms
[2026-01-16T09:02:41.438+0000][gc,phases   ] GC(779)   Post Evacuate Collection Set: 10.9ms
[2026-01-16T09:02:41.439+0000][gc,phases   ] GC(779)   Other: 6.7ms
[2026-01-16T09:02:41.439+0000][gc,heap     ] GC(779) Eden regions: 46->0(46)
[2026-01-16T09:02:41.440+0000][gc,heap     ] GC(779) Survivor regions: 5->5(7)
[2026-01-16T09:02:41.444+0000][gc,heap     ] GC(779) Old regions: 274->275
[2026-01-16T09:02:41.444+0000][gc,heap     ] GC(779) Humongous regions: 149->149
[2026-01-16T09:02:41.444+0000][gc,metaspace] GC(779) Metaspace: 15432K(16000K)->15432K(16000K) NonClass: 13751K(14016K)->13751K(14016K) Class: 1681K(1984K)->1681K(1984K)
[2026-01-16T09:02:41.444+0000][gc          ] GC(779) Pause Young (Normal) (G1 Evacuation Pause) 472M->427M(1024M) 791.523ms
[2026-01-16T09:02:41.445+0000][gc,cpu      ] GC(779) User=0.37s Sys=0.03s Real=0.79s
[2026-01-16T09:02:42.687+0000][gc,start    ] GC(780) Pause Young (Normal) (G1 Evacuation Pause)
[2026-01-16T09:02:42.688+0000][gc,task     ] GC(780) Using 8 workers of 8 for evacuation
[2026-01-16T09:02:43.185+0000][gc,mmu      ] GC(780) MMU target violated: 201.0ms (200.0ms/201.0ms)
[2026-01-16T09:02:43.186+0000][gc,phases   ] GC(780)   Pre Evacuate Collection Set: 36.9ms
[2026-01-16T09:02:43.188+0000][gc,phases   ] GC(780)   Merge Heap Roots: 38.1ms
[2026-01-16T09:02:43.192+0000][gc,phases   ] GC(780)   Evacuate Collection Set: 397.3ms
[2026-01-16T09:02:43.193+0000][gc,phases   ] GC(780)   Post Evacuate Collection Set: 24.3ms
[2026-01-16T09:02:43.194+0000][gc,phases   ] GC(780)   Other: 1.9ms
[2026-01-16T09:02:43.194+0000][gc,heap     ] GC(780) Eden regions: 46->0(46)
[2026-01-16T09:02:43.195+0000][gc,heap     ] GC(780) Survivor regions: 5->5(7)
[2026-01-16T09:02:43.195+0000][gc,heap     ] GC(780) Old regions: 275->275
[2026-01-16T09:02:43.196+0000][gc,heap     ] GC(780) Humongous regions: 149->149
[2026-01-16T09:02:43.199+0000][gc,metaspace] GC(780) Metaspace: 15432K(16000K)->15432K(16000K) NonClass: 13751K(14016K)->13751K(14016K) Class: 1681K(1984K)->1681K(1984K)
[2026-01-16T09:02:43.200+0000][gc          ] GC(780) Pause Young (Normal) (G1 Evacuation Pause) 473M->428M(1024M) 513.305ms
[2026-01-16T09:02:43.201+0000][gc,cpu      ] GC(780) User=0.29s Sys=0.03s Real=0.51s
[2026-01-16T09:02:45.477+0000][gc,start    ] GC(781) Pause Young (Normal) (G1 Evacuation Pause)
[2026-01-16T09:02:45.478+0000][gc,task     ] GC(781) Using 8 workers of 8 for evacuation
[2026-01-16T09:02:45.898+0000][gc,mmu      ] GC(781) MMU target violated: 201.0ms (200.0ms/201.0ms)
[2026-01-16T09:02:45.898+0000][gc,phases   ] GC(781)   Pre Evacuate Collection Set: 15.6ms
[2026-01-16T09:02:45.901+0000][gc,phases   ] GC(781)   Merge Heap Roots: 7.5ms
[2026-01-16T09:02:45.902+0000][gc,phases   ] GC(781)   Evacuate Collection Set: 386.4ms
[2026-01-16T09:02:45.903+0000][gc,phases   ] GC(781)   Post Evacuate Collection Set: 9.7ms
[2026-01-16T09:02:45.904+0000][gc,phases   ] GC(781)   Other: 1.3ms
[2026-01-16T09:02:45.912+0000][gc,heap     ] GC(781) Eden regions: 46->0(46)
[2026-01-16T09:02:45.918+0000][gc,heap     ] GC(781) Survivor regions: 5->5(7)
[2026-01-16T09:02:45.919+0000][gc,heap     ] GC(781) Old regions: 275->276
[2026-01-16T09:02:45.920+0000][gc,heap     ] GC(781) Humongous regions: 149->149
[2026-01-16T09:02:45.921+0000][gc,metaspace] GC(781) Metaspace: 15432K(16000K)->15432K(16000K) NonClass: 13751K(14016K)->13751K(14016K) Class: 1681K(1984K)->1681K(1984K)
[2026-01-16T09:02:45.922+0000][gc          ] GC(781) Pause Young (Normal) (G1 Evacuation Pause) 474M->428M(1024M) 444.549ms
[2026-01-16T09:02:45.926+0000][gc,cpu      ] GC(781) User=0.18s Sys=0.03s Real=0.45s
[2026-01-16T09:02:47.048+0000][gc,start    ] GC(782) Pause Young (Normal) (G1 Evacuation Pause)
[2026-01-16T09:02:47.049+0000][gc,task     ] GC(782) Using 8 workers of 8 for evacuation
[2026-01-16T09:02:48.032+0000][gc,mmu      ] GC(782) MMU target violated: 201.0ms (200.0ms/201.0ms)
[2026-01-16T09:02:48.033+0000][gc,phases   ] GC(782)   Pre Evacuate Collection Set: 85.1ms
[2026-01-16T09:02:48.033+0000][gc,phases   ] GC(782)   Merge Heap Roots: 4.9ms
[2026-01-16T09:02:48.033+0000][gc,phases   ] GC(782)   Evacuate Collection Set: 866.7ms
[2026-01-16T09:02:48.034+0000][gc,phases   ] GC(782)   Post Evacuate Collection Set: 7.8ms
[2026-01-16T09:02:48.034+0000][gc,phases   ] GC(782)   Other: 19.8ms
[2026-01-16T09:02:48.034+0000][gc,heap     ] GC(782) Eden regions: 46->0(46)
[2026-01-16T09:02:48.035+0000][gc,heap     ] GC(782) Survivor regions: 5->5(7)
[2026-01-16T09:02:48.035+0000][gc,heap     ] GC(782) Old regions: 276->277
[2026-01-16T09:02:48.036+0000][gc,heap     ] GC(782) Humongous regions: 149->149
[2026-01-16T09:02:48.036+0000][gc,metaspace] GC(782) Metaspace: 15432K(16000K)->15432K(16000K) NonClass: 13751K(14016K)->13751K(14016K) Class: 1681K(1984K)->1681K(1984K)
[2026-01-16T09:02:48.037+0000][gc          ] GC(782) Pause Young (Normal) (G1 Evacuation Pause) 474M->429M(1024M) 989.855ms
[2026-01-16T09:02:48.038+0000][gc,cpu      ] GC(782) User=0.24s Sys=0.02s Real=0.99s
[2026-01-16T09:02:49.059+0000][gc,start    ] GC(783) Pause Young (Normal) (G1 Evacuation Pause)
[2026-01-16T09:02:49.060+0000][gc,task     ] GC(783) Using 8 workers of 8 for evacuation
[2026-01-16T09:02:49.504+0000][gc,mmu      ] GC(783) MMU target violated: 201.0ms (200.0ms/201.0ms)
[2026-01-16T09:02:49.526+0000][gc,phases   ] GC(783)   Pre Evacuate Collection Set: 24.7ms
[2026-01-16T09:02:49.526+0000][gc,phases   ] GC(783)   Merge Heap Roots: 8.8ms
[2026-01-16T09:02:49.529+0000][gc,phases   ] GC(783)   Evacuate Collection Set: 349.1ms
[2026-01-16T09:02:49.530+0000][gc,phases   ] GC(783)   Post Evacuate Collection Set: 61.1ms
[2026-01-16T09:02:49.530+0000][gc,phases   ] GC(783)   Other: 22.7ms
[2026-01-16T09:02:49.531+0000][gc,heap     ] GC(783) Eden regions: 46->0(47)
[2026-01-16T09:02:49.541+0000][gc,heap     ] GC(783) Survivor regions: 5->4(7)
[2026-01-16T09:02:49.543+0000][gc,heap     ] GC(783) Old regions: 277->278
[2026-01-16T09:02:49.546+0000][gc,heap     ] GC(783) Humongous regions: 149->149
[2026-01-16T09:02:49.546+0000][gc,metaspace] GC(783) Metaspace: 15432K(16000K)->15432K(16000K) NonClass: 13751K(14016K)->13751K(14016K) Class: 1681K(1984K)->1681K(1984K)
[2026-01-16T09:02:49.553+0000][gc          ] GC(783) Pause Young (Normal) (G1 Evacuation Pause) 475M->430M(1024M) 494.173ms
[2026-01-16T09:02:49.556+0000][gc,cpu      ] GC(783) User=0.25s Sys=0.01s Real=0.50s
[2026-01-16T09:02:51.185+0000][gc,start    ] GC(784) Pause Young (Normal) (G1 Evacuation Pause)
[2026-01-16T09:02:51.196+0000][gc,task     ] GC(784) Using 8 workers of 8 for evacuation
[2026-01-16T09:02:51.553+0000][gc,mmu      ] GC(784) MMU target violated: 201.0ms (200.0ms/201.0ms)
[2026-01-16T09:02:51.554+0000][gc,phases   ] GC(784)   Pre Evacuate Collection Set: 102.1ms
[2026-01-16T09:02:51.555+0000][gc,phases   ] GC(784)   Merge Heap Roots: 3.5ms
[2026-01-16T09:02:51.556+0000][gc,phases   ] GC(784)   Evacuate Collection Set: 181.8ms
[2026-01-16T09:02:51.556+0000][gc,phases   ] GC(784)   Post Evacuate Collection Set: 57.9ms
[2026-01-16T09:02:51.560+0000][gc,phases   ] GC(784)   Other: 17.0ms
[2026-01-16T09:02:51.564+0000][gc,heap     ] GC(784) Eden regions: 47->0(46)
[2026-01-16T09:02:51.564+0000][gc,heap     ] GC(784) Survivor regions: 4->5(7)
[2026-01-16T09:02:51.565+0000][gc,heap     ] GC(784) Old regions: 278->278
[2026-01-16T09:02:51.565+0000][gc,heap     ] GC(784) Humongous regions: 149->149
[2026-01-16T09:02:51.565+0000][gc,metaspace] GC(784) Metaspace: 15432K(16000K)->15432K(16000K) NonClass: 13751K(14016K)->13751K(14016K) Class: 1681K(1984K)->1681K(1984K)
[2026-01-16T09:02:51.565+0000][gc          ] GC(784) Pause Young (Normal) (G1 Evacuation Pause) 477M->430M(1024M) 380.336ms
[2026-01-16T09:02:51.566+0000][gc,cpu      ] GC(784) User=0.14s Sys=0.01s Real=0.38s
[2026-01-16T09:02:52.715+0000][gc,start    ] GC(785) Pause Young (Normal) (GCLocker Initiated GC)
[2026-01-16T09:02:52.717+0000][gc,task     ] GC(785) Using 8 workers of 8 for evacuation
[2026-01-16T09:02:53.478+0000][gc,mmu      ] GC(785) MMU target violated: 201.0ms (200.0ms/201.0ms)
[2026-01-16T09:02:53.478+0000][gc,phases   ] GC(785)   Pre Evacuate Collection Set: 29.8ms
[2026-01-16T09:02:53.479+0000][gc,phases   ] GC(785)   Merge Heap Roots: 36.1ms
[2026-01-16T09:02:53.480+0000][gc,phases   ] GC(785)   Evacuate Collection Set: 674.9ms
[2026-01-16T09:02:53.481+0000][gc,phases   ] GC(785)   Post Evacuate Collection Set: 17.7ms
[2026-01-16T09:02:53.482+0000][gc,phases   ] GC(785)   Other: 3.5ms
[2026-01-16T09:02:53.483+0000][gc,heap     ] GC(785) Eden regions: 51->0(46)
[2026-01-16T09:02:53.483+0000][gc,heap     ] GC(785) Survivor regions: 5->5(7)
[2026-01-16T09:02:53.483+0000][gc,heap     ] GC(785) Old regions: 278->279
[2026-01-16T09:02:53.483+0000][gc,heap     ] GC(785) Humongous regions: 149->149
[2026-01-16T09:02:53.483+0000][gc,metaspace] GC(785) Metaspace: 15432K(16000K)->15432K(16000K) NonClass: 13751K(14016K)->13751K(14016K) Class: 1681K(1984K)->1681K(1984K)
[2026-01-16T09:02:53.483+0000][gc          ] GC(785) Pause Young (Normal) (GCLocker Initiated GC) 481M->431M(1024M) 768.332ms
[2026-01-16T09:02:53.484+0000][gc,cpu      ] GC(785) User=0.41s Sys=0.03s Real=0.76s
[2026-01-16T09:02:55.597+0000][gc,start    ] GC(786) Pause Young (Normal) (G1 Evacuation Pause)
[2026-01-16T09:02:55.600+0000][gc,task     ] GC(786) Using 8 workers of 8 for evacuation
[2026-01-16T09:02:56.126+0000][gc,mmu      ] GC(786) MMU target violated: 201.0ms (200.0ms/201.0ms)
[2026-01-16T09:02:56.132+0000][gc,phases   ] GC(786)   Pre Evacuate Collection Set: 29.1ms
[2026-01-16T09:02:56.132+0000][gc,phases   ] GC(786)   Merge Heap Roots: 11.8ms
[2026-01-16T09:02:56.133+0000][gc,phases   ] GC(786)   Evacuate Collection Set: 472.7ms
[2026-01-16T09:02:56.134+0000][gc,phases   ] GC(786)   Post Evacuate Collection Set: 8.7ms
[2026-01-16T09:02:56.135+0000][gc,phases   ] GC(786)   Other: 9.9ms
[2026-01-16T09:02:56.138+0000][gc,heap     ] GC(786) Eden regions: 46->0(46)
[2026-01-16T09:02:56.140+0000][gc,heap     ] GC(786) Survivor regions: 5->5(7)
[2026-01-16T09:02:56.142+0000][gc,heap     ] GC(786) Old regions: 279->279
[2026-01-16T09:02:56.143+0000][gc,heap     ] GC(786) Humongous regions: 149->149
[2026-01-16T09:02:56.143+0000][gc,metaspace] GC(786) Metaspace: 15432K(16000K)->15432K(16000K) NonClass: 13751K(14016K)->13751K(14016K) Class: 1681K(1984K)->1681K(1984K)
[2026-01-16T09:02:56.145+0000][gc          ] GC(786) Pause Young (Normal) (G1 Evacuation Pause) 477M->432M(1024M) 547.369ms
[2026-01-16T09:02:56.146+0000][gc,cpu      ] GC(786) User=0.27s Sys=0.02s Real=0.55s
[2026-01-16T09:02:58.706+0000][gc,start    ] GC(787) Pause Young (Normal) (G1 Evacuation Pause)
[2026-01-16T09:02:58.707+0000][gc,task     ] GC(787) Using 8 workers of 8 for evacuation
[2026-01-16T09:02:59.259+0000][gc,mmu      ] GC(787) MMU target violated: 201.0ms (200.0ms/201.0ms)
[2026-01-16T09:02:59.263+0000][gc,phases   ] GC(787)   Pre Evacuate Collection Set: 11.6ms
[2026-01-16T09:02:59.264+0000][gc,phases   ] GC(787)   Merge Heap Roots: 9.1ms
[2026-01-16T09:02:59.264+0000][gc,phases   ] GC(787)   Evacuate Collection Set: 488.8ms
[2026-01-16T09:02:59.265+0000][gc,phases   ] GC(787)   Post Evacuate Collection Set: 41.1ms
[2026-01-16T09:02:59.265+0000][gc,phases   ] GC(787)   Other: 5.3ms
[2026-01-16T09:02:59.266+0000][gc,heap     ] GC(787) Eden regions: 46->0(46)
[2026-01-16T09:02:59.267+0000][gc,heap     ] GC(787) Survivor regions: 5->5(7)
[2026-01-16T09:02:59.267+0000][gc,heap     ] GC(787) Old regions: 279->280
[2026-01-16T09:02:59.269+0000][gc,heap     ] GC(787) Humongous regions: 149->149
[2026-01-16T09:02:59.272+0000][gc,metaspace] GC(787) Metaspace: 15432K(16000K)->15432K(16000K) NonClass: 13751K(14016K)->13751K(14016K) Class: 1681K(1984K)->1681K(1984K)
[2026-01-16T09:02:59.272+0000][gc          ] GC(787) Pause Young (Normal) (G1 Evacuation Pause) 478M->433M(1024M) 566.056ms
[2026-01-16T09:02:59.277+0000][gc,cpu      ] GC(787) User=0.33s Sys=0.02s Real=0.57s
[2026-01-16T09:03:00.037+0000][gc,start    ] GC(788) Pause Young (Normal) (G1 Evacuation Pause)
[2026-01-16T09:03:00.039+0000][gc,task     ] GC(788) Using 8 workers of 8 for evacuation
[2026-01-16T09:03:00.247+0000][gc,mmu      ] GC(788) MMU target violated: 201.0ms (200.0ms/201.0ms)
[2026-01-16T09:03:00.247+0000][gc,phases   ] GC(788)   Pre Evacuate Collection Set: 24.0ms
[2026-01-16T09:03:00.247+0000][gc,phases   ] GC(788)   Merge Heap Roots: 0.4ms
[2026-01-16T09:03:00.248+0000][gc,phases   ] GC(788)   Evacuate Collection Set: 178.0ms
[2026-01-16T09:03:00.248+0000][gc,phases   ] GC(788)   Post Evacuate Collection Set: 4.7ms
[2026-01-16T09:03:00.249+0000][gc,phases   ] GC(788)   Other: 1.4ms
[2026-01-16T09:03:00.252+0000][gc,heap     ] GC(788) Eden regions: 46->0(46)
[2026-01-16T09:03:00.254+0000][gc,heap     ] GC(788) Survivor regions: 5->5(7)
[2026-01-16T09:03:00.255+0000][gc,heap     ] GC(788) Old regions: 280->281
[2026-01-16T09:03:00.257+0000][gc,heap     ] GC(788) Humongous regions: 149->149
[2026-01-16T09:03:00.257+0000][gc,metaspace] GC(788) Metaspace: 15432K(16000K)->15432K(16000K) NonClass: 13751K(14016K)->13751K(14016K) Class: 1681K(1984K)->1681K(1984K)
[2026-01-16T09:03:00.258+0000][gc          ] GC(788) Pause Young (Normal) (G1 Evacuation Pause) 479M->433M(1024M) 220.245ms
[2026-01-16T09:03:00.260+0000][gc,cpu      ] GC(788) User=0.12s Sys=0.01s Real=0.22s
[2026-01-16T09:03:00.791+0000][gc,start    ] GC(789) Pause Young (Normal) (G1 Evacuation Pause)
[2026-01-16T09:03:00.792+0000][gc,task     ] GC(789) Using 8 workers of 8 for evacuation
[2026-01-16T09:03:00.898+0000][gc,phases   ] GC(789)   Pre Evacuate Collection Set: 3.8ms
[2026-01-16T09:03:00.898+0000][gc,phases   ] GC(789)   Merge Heap Roots: 1.0ms
[2026-01-16T09:03:00.899+0000][gc,phases   ] GC(789)   Evacuate Collection Set: 91.9ms
[2026-01-16T09:03:00.899+0000][gc,phases   ] GC(789)   Post Evacuate Collection Set: 3.8ms
[2026-01-16T09:03:00.899+0000][gc,phases   ] GC(789)   Other: 5.8ms
[2026-01-16T09:03:00.899+0000][gc,heap     ] GC(789) Eden regions: 46->0(46)
[2026-01-16T09:03:00.900+0000][gc,heap     ] GC(789) Survivor regions: 5->5(7)
[2026-01-16T09:03:00.901+0000][gc,heap     ] GC(789) Old regions: 281->282
[2026-01-16T09:03:00.901+0000][gc,heap     ] GC(789) Humongous regions: 149->149
[2026-01-16T09:03:00.901+0000][gc,metaspace] GC(789) Metaspace: 15432K(16000K)->15432K(16000K) NonClass: 13751K(14016K)->13751K(14016K) Class: 1681K(1984K)->1681K(1984K)
[2026-01-16T09:03:00.901+0000][gc          ] GC(789) Pause Young (Normal) (G1 Evacuation Pause) 479M->434M(1024M) 110.435ms
[2026-01-16T09:03:00.904+0000][gc,cpu      ] GC(789) User=0.11s Sys=0.01s Real=0.12s
[2026-01-16T09:03:02.133+0000][gc,start    ] GC(790) Pause Young (Normal) (G1 Evacuation Pause)
[2026-01-16T09:03:02.140+0000][gc,task     ] GC(790) Using 8 workers of 8 for evacuation
[2026-01-16T09:03:02.551+0000][gc,mmu      ] GC(790) MMU target violated: 201.0ms (200.0ms/201.0ms)
[2026-01-16T09:03:02.552+0000][gc,phases   ] GC(790)   Pre Evacuate Collection Set: 26.7ms
[2026-01-16T09:03:02.553+0000][gc,phases   ] GC(790)   Merge Heap Roots: 0.7ms
[2026-01-16T09:03:02.553+0000][gc,phases   ] GC(790)   Evacuate Collection Set: 373.1ms
[2026-01-16T09:03:02.554+0000][gc,phases   ] GC(790)   Post Evacuate Collection Set: 7.3ms
[2026-01-16T09:03:02.556+0000][gc,phases   ] GC(790)   Other: 4.9ms
[2026-01-16T09:03:02.556+0000][gc,heap     ] GC(790) Eden regions: 46->0(46)
[2026-01-16T09:03:02.557+0000][gc,heap     ] GC(790) Survivor regions: 5->5(7)
[2026-01-16T09:03:02.559+0000][gc,heap     ] GC(790) Old regions: 282->282
[2026-01-16T09:03:02.561+0000][gc,heap     ] GC(790) Humongous regions: 149->149
[2026-01-16T09:03:02.565+0000][gc,metaspace] GC(790) Metaspace: 15432K(16000K)->15432K(16000K) NonClass: 13751K(14016K)->13751K(14016K) Class: 1681K(1984K)->1681K(1984K)
[2026-01-16T09:03:02.568+0000][gc          ] GC(790) Pause Young (Normal) (G1 Evacuation Pause) 480M->435M(1024M) 435.053ms
[2026-01-16T09:03:02.569+0000][gc,cpu      ] GC(790) User=0.27s Sys=0.02s Real=0.44s
[2026-01-16T09:03:03.300+0000][gc,start    ] GC(791) Pause Young (Normal) (G1 Evacuation Pause)
[2026-01-16T09:03:03.301+0000][gc,task     ] GC(791) Using 8 workers of 8 for evacuation
[2026-01-16T09:03:03.541+0000][gc,mmu      ] GC(791) MMU target violated: 201.0ms (200.0ms/201.0ms)
[2026-01-16T09:03:03.542+0000][gc,phases   ] GC(791)   Pre Evacuate Collection Set: 14.6ms
[2026-01-16T09:03:03.543+0000][gc,phases   ] GC(791)   Merge Heap Roots: 2.7ms
[2026-01-16T09:03:03.543+0000][gc,phases   ] GC(791)   Evacuate Collection Set: 218.6ms
[2026-01-16T09:03:03.543+0000][gc,phases   ] GC(791)   Post Evacuate Collection Set: 1.2ms
[2026-01-16T09:03:03.545+0000][gc,phases   ] GC(791)   Other: 4.3ms
[2026-01-16T09:03:03.545+0000][gc,heap     ] GC(791) Eden regions: 46->0(46)
[2026-01-16T09:03:03.546+0000][gc,heap     ] GC(791) Survivor regions: 5->5(7)
[2026-01-16T09:03:03.547+0000][gc,heap     ] GC(791) Old regions: 282->284
[2026-01-16T09:03:03.548+0000][gc,heap     ] GC(791) Humongous regions: 149->149
[2026-01-16T09:03:03.548+0000][gc,metaspace] GC(791) Metaspace: 15432K(16000K)->15432K(16000K) NonClass: 13751K(14016K)->13751K(14016K) Class: 1681K(1984K)->1681K(1984K)
[2026-01-16T09:03:03.548+0000][gc          ] GC(791) Pause Young (Normal) (G1 Evacuation Pause) 481M->436M(1024M) 248.295ms
[2026-01-16T09:03:03.550+0000][gc,cpu      ] GC(791) User=0.12s Sys=0.01s Real=0.25s
[2026-01-16T09:03:04.814+0000][gc,start    ] GC(792) Pause Young (Normal) (G1 Evacuation Pause)
[2026-01-16T09:03:04.829+0000][gc,task     ] GC(792) Using 8 workers of 8 for evacuation
[2026-01-16T09:03:05.114+0000][gc,mmu      ] GC(792) MMU target violated: 201.0ms (200.0ms/201.0ms)
[2026-01-16T09:03:05.117+0000][gc,phases   ] GC(792)   Pre Evacuate Collection Set: 1.5ms
[2026-01-16T09:03:05.127+0000][gc,phases   ] GC(792)   Merge Heap Roots: 17.1ms
[2026-01-16T09:03:05.127+0000][gc,phases   ] GC(792)   Evacuate Collection Set: 241.0ms
[2026-01-16T09:03:05.127+0000][gc,phases   ] GC(792)   Post Evacuate Collection Set: 15.4ms
[2026-01-16T09:03:05.130+0000][gc,phases   ] GC(792)   Other: 13.3ms
[2026-01-16T09:03:05.132+0000][gc,heap     ] GC(792) Eden regions: 46->0(46)
[2026-01-16T09:03:05.132+0000][gc,heap     ] GC(792) Survivor regions: 5->5(7)
[2026-01-16T09:03:05.132+0000][gc,heap     ] GC(792) Old regions: 284->285
[2026-01-16T09:03:05.132+0000][gc,heap     ] GC(792) Humongous regions: 149->149
[2026-01-16T09:03:05.132+0000][gc,metaspace] GC(792) Metaspace: 15432K(16000K)->15432K(16000K) NonClass: 13751K(14016K)->13751K(14016K) Class: 1681K(1984K)->1681K(1984K)
[2026-01-16T09:03:05.133+0000][gc          ] GC(792) Pause Young (Normal) (G1 Evacuation Pause) 482M->437M(1024M) 319.543ms
[2026-01-16T09:03:05.133+0000][gc,cpu      ] GC(792) User=0.19s Sys=0.01s Real=0.32s
[2026-01-16T09:03:07.074+0000][gc,start    ] GC(793) Pause Young (Normal) (G1 Evacuation Pause)
[2026-01-16T09:03:07.076+0000][gc,task     ] GC(793) Using 8 workers of 8 for evacuation
[2026-01-16T09:03:07.452+0000][gc,mmu      ] GC(793) MMU target violated: 201.0ms (200.0ms/201.0ms)
[2026-01-16T09:03:07.456+0000][gc,phases   ] GC(793)   Pre Evacuate Collection Set: 25.7ms
[2026-01-16T09:03:07.458+0000][gc,phases   ] GC(793)   Merge Heap Roots: 7.2ms
[2026-01-16T09:03:07.460+0000][gc,phases   ] GC(793)   Evacuate Collection Set: 328.0ms
[2026-01-16T09:03:07.460+0000][gc,phases   ] GC(793)   Post Evacuate Collection Set: 13.1ms
[2026-01-16T09:03:07.462+0000][gc,phases   ] GC(793)   Other: 6.6ms
[2026-01-16T09:03:07.473+0000][gc,heap     ] GC(793) Eden regions: 46->0(46)
[2026-01-16T09:03:07.476+0000][gc,heap     ] GC(793) Survivor regions: 5->5(7)
[2026-01-16T09:03:07.486+0000][gc,heap     ] GC(793) Old regions: 285->285
[2026-01-16T09:03:07.487+0000][gc,heap     ] GC(793) Humongous regions: 149->149
[2026-01-16T09:03:07.491+0000][gc,metaspace] GC(793) Metaspace: 15432K(16000K)->15432K(16000K) NonClass: 13751K(14016K)->13751K(14016K) Class: 1681K(1984K)->1681K(1984K)
[2026-01-16T09:03:07.495+0000][gc          ] GC(793) Pause Young (Normal) (G1 Evacuation Pause) 483M->437M(1024M) 420.767ms
[2026-01-16T09:03:07.497+0000][gc,cpu      ] GC(793) User=0.23s Sys=0.02s Real=0.43s
[2026-01-16T09:03:10.008+0000][gc,start    ] GC(794) Pause Young (Normal) (GCLocker Initiated GC)
[2026-01-16T09:03:10.011+0000][gc,task     ] GC(794) Using 8 workers of 8 for evacuation
[2026-01-16T09:03:10.858+0000][gc,mmu      ] GC(794) MMU target violated: 201.0ms (200.0ms/201.0ms)
[2026-01-16T09:03:10.862+0000][gc,phases   ] GC(794)   Pre Evacuate Collection Set: 56.9ms
[2026-01-16T09:03:10.863+0000][gc,phases   ] GC(794)   Merge Heap Roots: 10.9ms
[2026-01-16T09:03:10.863+0000][gc,phases   ] GC(794)   Evacuate Collection Set: 740.9ms
[2026-01-16T09:03:10.863+0000][gc,phases   ] GC(794)   Post Evacuate Collection Set: 25.8ms
[2026-01-16T09:03:10.864+0000][gc,phases   ] GC(794)   Other: 17.8ms
[2026-01-16T09:03:10.864+0000][gc,heap     ] GC(794) Eden regions: 55->0(46)
[2026-01-16T09:03:10.865+0000][gc,heap     ] GC(794) Survivor regions: 5->5(8)
[2026-01-16T09:03:10.866+0000][gc,heap     ] GC(794) Old regions: 285->285
[2026-01-16T09:03:10.868+0000][gc,heap     ] GC(794) Humongous regions: 149->149
[2026-01-16T09:03:10.870+0000][gc,metaspace] GC(794) Metaspace: 15432K(16000K)->15432K(16000K) NonClass: 13751K(14016K)->13751K(14016K) Class: 1681K(1984K)->1681K(1984K)
[2026-01-16T09:03:10.871+0000][gc          ] GC(794) Pause Young (Normal) (GCLocker Initiated GC) 492M->438M(1024M) 862.924ms
[2026-01-16T09:03:10.872+0000][gc,cpu      ] GC(794) User=0.34s Sys=0.00s Real=0.86s
[2026-01-16T09:03:12.469+0000][gc,start    ] GC(795) Pause Young (Normal) (G1 Evacuation Pause)
[2026-01-16T09:03:12.474+0000][gc,task     ] GC(795) Using 8 workers of 8 for evacuation
[2026-01-16T09:03:12.728+0000][gc,mmu      ] GC(795) MMU target violated: 201.0ms (200.0ms/201.0ms)
[2026-01-16T09:03:12.728+0000][gc,phases   ] GC(795)   Pre Evacuate Collection Set: 31.6ms
[2026-01-16T09:03:12.729+0000][gc,phases   ] GC(795)   Merge Heap Roots: 3.9ms
[2026-01-16T09:03:12.729+0000][gc,phases   ] GC(795)   Evacuate Collection Set: 214.5ms
[2026-01-16T09:03:12.730+0000][gc,phases   ] GC(795)   Post Evacuate Collection Set: 1.4ms
[2026-01-16T09:03:12.731+0000][gc,phases   ] GC(795)   Other: 3.3ms
[2026-01-16T09:03:12.731+0000][gc,heap     ] GC(795) Eden regions: 46->0(46)
[2026-01-16T09:03:12.731+0000][gc,heap     ] GC(795) Survivor regions: 5->5(7)
[2026-01-16T09:03:12.732+0000][gc,heap     ] GC(795) Old regions: 285->286
[2026-01-16T09:03:12.732+0000][gc,heap     ] GC(795) Humongous regions: 149->149
[2026-01-16T09:03:12.732+0000][gc,metaspace] GC(795) Metaspace: 15433K(16000K)->15433K(16000K) NonClass: 13752K(14016K)->13752K(14016K) Class: 1681K(1984K)->1681K(1984K)
[2026-01-16T09:03:12.733+0000][gc          ] GC(795) Pause Young (Normal) (G1 Evacuation Pause) 484M->438M(1024M) 264.468ms
[2026-01-16T09:03:12.734+0000][gc,cpu      ] GC(795) User=0.26s Sys=0.01s Real=0.26s
[2026-01-16T09:03:13.640+0000][gc,start    ] GC(796) Pause Young (Normal) (G1 Evacuation Pause)
[2026-01-16T09:03:13.642+0000][gc,task     ] GC(796) Using 8 workers of 8 for evacuation
[2026-01-16T09:03:13.874+0000][gc,mmu      ] GC(796) MMU target violated: 201.0ms (200.0ms/201.0ms)
[2026-01-16T09:03:13.894+0000][gc,phases   ] GC(796)   Pre Evacuate Collection Set: 6.9ms
[2026-01-16T09:03:13.897+0000][gc,phases   ] GC(796)   Merge Heap Roots: 0.5ms
[2026-01-16T09:03:13.903+0000][gc,phases   ] GC(796)   Evacuate Collection Set: 219.1ms
[2026-01-16T09:03:13.904+0000][gc,phases   ] GC(796)   Post Evacuate Collection Set: 4.7ms
[2026-01-16T09:03:13.906+0000][gc,phases   ] GC(796)   Other: 10.1ms
[2026-01-16T09:03:13.909+0000][gc,heap     ] GC(796) Eden regions: 46->0(47)
[2026-01-16T09:03:13.912+0000][gc,heap     ] GC(796) Survivor regions: 5->4(7)
[2026-01-16T09:03:13.912+0000][gc,heap     ] GC(796) Old regions: 286->287
[2026-01-16T09:03:13.913+0000][gc,heap     ] GC(796) Humongous regions: 149->149
[2026-01-16T09:03:13.914+0000][gc,metaspace] GC(796) Metaspace: 15433K(16000K)->15433K(16000K) NonClass: 13752K(14016K)->13752K(14016K) Class: 1681K(1984K)->1681K(1984K)
[2026-01-16T09:03:13.915+0000][gc          ] GC(796) Pause Young (Normal) (G1 Evacuation Pause) 484M->439M(1024M) 274.546ms
[2026-01-16T09:03:13.916+0000][gc,cpu      ] GC(796) User=0.11s Sys=0.02s Real=0.27s
[2026-01-16T09:03:15.755+0000][gc,start    ] GC(797) Pause Young (Normal) (G1 Evacuation Pause)
[2026-01-16T09:03:15.759+0000][gc,task     ] GC(797) Using 8 workers of 8 for evacuation
[2026-01-16T09:03:16.530+0000][gc,mmu      ] GC(797) MMU target violated: 201.0ms (200.0ms/201.0ms)
[2026-01-16T09:03:16.531+0000][gc,phases   ] GC(797)   Pre Evacuate Collection Set: 34.9ms
[2026-01-16T09:03:16.531+0000][gc,phases   ] GC(797)   Merge Heap Roots: 20.6ms
[2026-01-16T09:03:16.531+0000][gc,phases   ] GC(797)   Evacuate Collection Set: 688.9ms
[2026-01-16T09:03:16.531+0000][gc,phases   ] GC(797)   Post Evacuate Collection Set: 26.3ms
[2026-01-16T09:03:16.531+0000][gc,phases   ] GC(797)   Other: 1.0ms
[2026-01-16T09:03:16.531+0000][gc,heap     ] GC(797) Eden regions: 47->0(46)
[2026-01-16T09:03:16.531+0000][gc,heap     ] GC(797) Survivor regions: 4->5(7)
[2026-01-16T09:03:16.531+0000][gc,heap     ] GC(797) Old regions: 287->288
[2026-01-16T09:03:16.531+0000][gc,heap     ] GC(797) Humongous regions: 149->149
[2026-01-16T09:03:16.531+0000][gc,metaspace] GC(797) Metaspace: 15433K(16000K)->15433K(16000K) NonClass: 13752K(14016K)->13752K(14016K) Class: 1681K(1984K)->1681K(1984K)
[2026-01-16T09:03:16.532+0000][gc          ] GC(797) Pause Young (Normal) (G1 Evacuation Pause) 486M->440M(1024M) 776.317ms
[2026-01-16T09:03:16.532+0000][gc,cpu      ] GC(797) User=0.21s Sys=0.02s Real=0.78s
[2026-01-16T09:03:17.504+0000][gc,start    ] GC(798) Pause Young (Normal) (G1 Evacuation Pause)
[2026-01-16T09:03:17.507+0000][gc,task     ] GC(798) Using 8 workers of 8 for evacuation
[2026-01-16T09:03:18.100+0000][gc,mmu      ] GC(798) MMU target violated: 201.0ms (200.0ms/201.0ms)
[2026-01-16T09:03:18.105+0000][gc,phases   ] GC(798)   Pre Evacuate Collection Set: 107.3ms
[2026-01-16T09:03:18.111+0000][gc,phases   ] GC(798)   Merge Heap Roots: 2.0ms
[2026-01-16T09:03:18.113+0000][gc,phases   ] GC(798)   Evacuate Collection Set: 460.9ms
[2026-01-16T09:03:18.114+0000][gc,phases   ] GC(798)   Post Evacuate Collection Set: 19.0ms
[2026-01-16T09:03:18.115+0000][gc,phases   ] GC(798)   Other: 8.4ms
[2026-01-16T09:03:18.115+0000][gc,heap     ] GC(798) Eden regions: 46->0(47)
[2026-01-16T09:03:18.115+0000][gc,heap     ] GC(798) Survivor regions: 5->4(7)
[2026-01-16T09:03:18.115+0000][gc,heap     ] GC(798) Old regions: 288->289
[2026-01-16T09:03:18.116+0000][gc,heap     ] GC(798) Humongous regions: 149->149
[2026-01-16T09:03:18.117+0000][gc,metaspace] GC(798) Metaspace: 15433K(16000K)->15433K(16000K) NonClass: 13752K(14016K)->13752K(14016K) Class: 1681K(1984K)->1681K(1984K)
[2026-01-16T09:03:18.118+0000][gc          ] GC(798) Pause Young (Normal) (G1 Evacuation Pause) 486M->440M(1024M) 614.049ms
[2026-01-16T09:03:18.119+0000][gc,cpu      ] GC(798) User=0.24s Sys=0.05s Real=0.62s
[2026-01-16T09:03:19.685+0000][gc,start    ] GC(799) Pause Young (Normal) (G1 Evacuation Pause)
[2026-01-16T09:03:19.688+0000][gc,task     ] GC(799) Using 8 workers of 8 for evacuation
[2026-01-16T09:03:20.067+0000][gc,mmu      ] GC(799) MMU target violated: 201.0ms (200.0ms/201.0ms)
[2026-01-16T09:03:20.081+0000][gc,phases   ] GC(799)   Pre Evacuate Collection Set: 69.5ms
[2026-01-16T09:03:20.085+0000][gc,phases   ] GC(799)   Merge Heap Roots: 1.0ms
[2026-01-16T09:03:20.089+0000][gc,phases   ] GC(799)   Evacuate Collection Set: 250.1ms
[2026-01-16T09:03:20.090+0000][gc,phases   ] GC(799)   Post Evacuate Collection Set: 37.7ms
[2026-01-16T09:03:20.093+0000][gc,phases   ] GC(799)   Other: 35.9ms
[2026-01-16T09:03:20.096+0000][gc,heap     ] GC(799) Eden regions: 47->0(47)
[2026-01-16T09:03:20.102+0000][gc,heap     ] GC(799) Survivor regions: 4->4(7)
[2026-01-16T09:03:20.102+0000][gc,heap     ] GC(799) Old regions: 289->289
[2026-01-16T09:03:20.108+0000][gc,heap     ] GC(799) Humongous regions: 149->149
[2026-01-16T09:03:20.109+0000][gc,metaspace] GC(799) Metaspace: 15433K(16000K)->15433K(16000K) NonClass: 13752K(14016K)->13752K(14016K) Class: 1681K(1984K)->1681K(1984K)
[2026-01-16T09:03:20.110+0000][gc          ] GC(799) Pause Young (Normal) (G1 Evacuation Pause) 487M->441M(1024M) 424.403ms
[2026-01-16T09:03:20.128+0000][gc,cpu      ] GC(799) User=0.24s Sys=0.00s Real=0.45s
[2026-01-16T09:03:21.452+0000][gc,start    ] GC(800) Pause Young (Normal) (G1 Evacuation Pause)
[2026-01-16T09:03:21.461+0000][gc,task     ] GC(800) Using 8 workers of 8 for evacuation
[2026-01-16T09:03:21.972+0000][gc,mmu      ] GC(800) MMU target violated: 201.0ms (200.0ms/201.0ms)
[2026-01-16T09:03:21.974+0000][gc,phases   ] GC(800)   Pre Evacuate Collection Set: 58.8ms
[2026-01-16T09:03:21.975+0000][gc,phases   ] GC(800)   Merge Heap Roots: 8.7ms
[2026-01-16T09:03:21.977+0000][gc,phases   ] GC(800)   Evacuate Collection Set: 417.6ms
[2026-01-16T09:03:21.978+0000][gc,phases   ] GC(800)   Post Evacuate Collection Set: 19.3ms
[2026-01-16T09:03:21.981+0000][gc,phases   ] GC(800)   Other: 8.3ms
[2026-01-16T09:03:21.982+0000][gc,heap     ] GC(800) Eden regions: 47->0(46)
[2026-01-16T09:03:21.985+0000][gc,heap     ] GC(800) Survivor regions: 4->5(7)
[2026-01-16T09:03:21.985+0000][gc,heap     ] GC(800) Old regions: 289->289
[2026-01-16T09:03:21.985+0000][gc,heap     ] GC(800) Humongous regions: 149->149
[2026-01-16T09:03:21.997+0000][gc,metaspace] GC(800) Metaspace: 15434K(16000K)->15434K(16000K) NonClass: 13752K(14016K)->13752K(14016K) Class: 1681K(1984K)->1681K(1984K)
[2026-01-16T09:03:21.999+0000][gc          ] GC(800) Pause Young (Normal) (G1 Evacuation Pause) 488M->442M(1024M) 546.245ms
[2026-01-16T09:03:22.009+0000][gc,cpu      ] GC(800) User=0.21s Sys=0.00s Real=0.56s
[2026-01-16T09:03:23.753+0000][gc,start    ] GC(801) Pause Young (Normal) (G1 Evacuation Pause)
[2026-01-16T09:03:23.754+0000][gc,task     ] GC(801) Using 8 workers of 8 for evacuation
[2026-01-16T09:03:24.560+0000][gc,mmu      ] GC(801) MMU target violated: 201.0ms (200.0ms/201.0ms)
[2026-01-16T09:03:24.568+0000][gc,phases   ] GC(801)   Pre Evacuate Collection Set: 18.0ms
[2026-01-16T09:03:24.571+0000][gc,phases   ] GC(801)   Merge Heap Roots: 2.5ms
[2026-01-16T09:03:24.572+0000][gc,phases   ] GC(801)   Evacuate Collection Set: 773.8ms
[2026-01-16T09:03:24.572+0000][gc,phases   ] GC(801)   Post Evacuate Collection Set: 10.1ms
[2026-01-16T09:03:24.572+0000][gc,phases   ] GC(801)   Other: 9.6ms
[2026-01-16T09:03:24.572+0000][gc,heap     ] GC(801) Eden regions: 46->0(46)
[2026-01-16T09:03:24.572+0000][gc,heap     ] GC(801) Survivor regions: 5->5(7)
[2026-01-16T09:03:24.572+0000][gc,heap     ] GC(801) Old regions: 289->290
[2026-01-16T09:03:24.572+0000][gc,heap     ] GC(801) Humongous regions: 149->149
[2026-01-16T09:03:24.572+0000][gc,metaspace] GC(801) Metaspace: 15434K(16000K)->15434K(16000K) NonClass: 13752K(14016K)->13752K(14016K) Class: 1681K(1984K)->1681K(1984K)
[2026-01-16T09:03:24.576+0000][gc          ] GC(801) Pause Young (Normal) (G1 Evacuation Pause) 488M->442M(1024M) 822.605ms
[2026-01-16T09:03:24.579+0000][gc,cpu      ] GC(801) User=0.26s Sys=0.03s Real=0.83s
[2026-01-16T09:03:25.888+0000][gc,start    ] GC(802) Pause Young (Normal) (G1 Evacuation Pause)
[2026-01-16T09:03:25.890+0000][gc,task     ] GC(802) Using 8 workers of 8 for evacuation
[2026-01-16T09:03:26.443+0000][gc,mmu      ] GC(802) MMU target violated: 201.0ms (200.0ms/201.0ms)
[2026-01-16T09:03:26.443+0000][gc,phases   ] GC(802)   Pre Evacuate Collection Set: 63.4ms
[2026-01-16T09:03:26.445+0000][gc,phases   ] GC(802)   Merge Heap Roots: 29.0ms
[2026-01-16T09:03:26.445+0000][gc,phases   ] GC(802)   Evacuate Collection Set: 409.0ms
[2026-01-16T09:03:26.445+0000][gc,phases   ] GC(802)   Post Evacuate Collection Set: 41.6ms
[2026-01-16T09:03:26.446+0000][gc,phases   ] GC(802)   Other: 10.7ms
[2026-01-16T09:03:26.446+0000][gc,heap     ] GC(802) Eden regions: 46->0(46)
[2026-01-16T09:03:26.446+0000][gc,heap     ] GC(802) Survivor regions: 5->5(7)
[2026-01-16T09:03:26.446+0000][gc,heap     ] GC(802) Old regions: 290->291
[2026-01-16T09:03:26.447+0000][gc,heap     ] GC(802) Humongous regions: 149->149
[2026-01-16T09:03:26.447+0000][gc,metaspace] GC(802) Metaspace: 15434K(16000K)->15434K(16000K) NonClass: 13752K(14016K)->13752K(14016K) Class: 1681K(1984K)->1681K(1984K)
[2026-01-16T09:03:26.449+0000][gc          ] GC(802) Pause Young (Normal) (G1 Evacuation Pause) 488M->443M(1024M) 560.940ms
[2026-01-16T09:03:26.449+0000][gc,cpu      ] GC(802) User=0.19s Sys=0.02s Real=0.56s
[2026-01-16T09:03:26.991+0000][gc,start    ] GC(803) Pause Young (Normal) (G1 Evacuation Pause)
[2026-01-16T09:03:27.005+0000][gc,task     ] GC(803) Using 8 workers of 8 for evacuation
[2026-01-16T09:03:27.124+0000][gc,phases   ] GC(803)   Pre Evacuate Collection Set: 1.0ms
[2026-01-16T09:03:27.124+0000][gc,phases   ] GC(803)   Merge Heap Roots: 0.1ms
[2026-01-16T09:03:27.125+0000][gc,phases   ] GC(803)   Evacuate Collection Set: 115.6ms
[2026-01-16T09:03:27.125+0000][gc,phases   ] GC(803)   Post Evacuate Collection Set: 1.4ms
[2026-01-16T09:03:27.125+0000][gc,phases   ] GC(803)   Other: 0.5ms
[2026-01-16T09:03:27.126+0000][gc,heap     ] GC(803) Eden regions: 46->0(46)
[2026-01-16T09:03:27.126+0000][gc,heap     ] GC(803) Survivor regions: 5->5(7)
[2026-01-16T09:03:27.127+0000][gc,heap     ] GC(803) Old regions: 291->292
[2026-01-16T09:03:27.128+0000][gc,heap     ] GC(803) Humongous regions: 149->149
[2026-01-16T09:03:27.130+0000][gc,metaspace] GC(803) Metaspace: 15434K(16000K)->15434K(16000K) NonClass: 13752K(14016K)->13752K(14016K) Class: 1681K(1984K)->1681K(1984K)
[2026-01-16T09:03:27.131+0000][gc          ] GC(803) Pause Young (Normal) (G1 Evacuation Pause) 489M->444M(1024M) 140.471ms
[2026-01-16T09:03:27.132+0000][gc,cpu      ] GC(803) User=0.06s Sys=0.01s Real=0.14s
[2026-01-16T09:03:27.885+0000][gc,start    ] GC(804) Pause Young (Normal) (G1 Evacuation Pause)
[2026-01-16T09:03:27.888+0000][gc,task     ] GC(804) Using 8 workers of 8 for evacuation
[2026-01-16T09:03:28.383+0000][gc,mmu      ] GC(804) MMU target violated: 201.0ms (200.0ms/201.0ms)
[2026-01-16T09:03:28.384+0000][gc,phases   ] GC(804)   Pre Evacuate Collection Set: 54.8ms
[2026-01-16T09:03:28.384+0000][gc,phases   ] GC(804)   Merge Heap Roots: 0.8ms
[2026-01-16T09:03:28.385+0000][gc,phases   ] GC(804)   Evacuate Collection Set: 407.5ms
[2026-01-16T09:03:28.385+0000][gc,phases   ] GC(804)   Post Evacuate Collection Set: 30.9ms
[2026-01-16T09:03:28.385+0000][gc,phases   ] GC(804)   Other: 2.1ms
[2026-01-16T09:03:28.386+0000][gc,heap     ] GC(804) Eden regions: 46->0(46)
[2026-01-16T09:03:28.386+0000][gc,heap     ] GC(804) Survivor regions: 5->5(7)
[2026-01-16T09:03:28.386+0000][gc,heap     ] GC(804) Old regions: 292->292
[2026-01-16T09:03:28.387+0000][gc,heap     ] GC(804) Humongous regions: 149->149
[2026-01-16T09:03:28.387+0000][gc,metaspace] GC(804) Metaspace: 15434K(16000K)->15434K(16000K) NonClass: 13753K(14016K)->13753K(14016K) Class: 1681K(1984K)->1681K(1984K)
[2026-01-16T09:03:28.387+0000][gc          ] GC(804) Pause Young (Normal) (G1 Evacuation Pause) 490M->445M(1024M) 502.870ms
[2026-01-16T09:03:28.388+0000][gc,cpu      ] GC(804) User=0.23s Sys=0.02s Real=0.51s
[2026-01-16T09:03:29.692+0000][gc,start    ] GC(805) Pause Young (Normal) (G1 Evacuation Pause)
[2026-01-16T09:03:29.693+0000][gc,task     ] GC(805) Using 8 workers of 8 for evacuation
[2026-01-16T09:03:30.023+0000][gc,mmu      ] GC(805) MMU target violated: 201.0ms (200.0ms/201.0ms)
[2026-01-16T09:03:30.027+0000][gc,phases   ] GC(805)   Pre Evacuate Collection Set: 73.8ms
[2026-01-16T09:03:30.028+0000][gc,phases   ] GC(805)   Merge Heap Roots: 4.0ms
[2026-01-16T09:03:30.028+0000][gc,phases   ] GC(805)   Evacuate Collection Set: 237.6ms
[2026-01-16T09:03:30.029+0000][gc,phases   ] GC(805)   Post Evacuate Collection Set: 13.0ms
[2026-01-16T09:03:30.031+0000][gc,phases   ] GC(805)   Other: 5.6ms
[2026-01-16T09:03:30.034+0000][gc,heap     ] GC(805) Eden regions: 46->0(46)
[2026-01-16T09:03:30.043+0000][gc,heap     ] GC(805) Survivor regions: 5->5(7)
[2026-01-16T09:03:30.054+0000][gc,heap     ] GC(805) Old regions: 292->293
[2026-01-16T09:03:30.056+0000][gc,heap     ] GC(805) Humongous regions: 149->149
[2026-01-16T09:03:30.071+0000][gc,metaspace] GC(805) Metaspace: 15434K(16000K)->15434K(16000K) NonClass: 13753K(14016K)->13753K(14016K) Class: 1681K(1984K)->1681K(1984K)
[2026-01-16T09:03:30.074+0000][gc          ] GC(805) Pause Young (Normal) (G1 Evacuation Pause) 491M->446M(1024M) 381.468ms
[2026-01-16T09:03:30.075+0000][gc,cpu      ] GC(805) User=0.18s Sys=0.01s Real=0.38s
[2026-01-16T09:03:32.713+0000][gc,start    ] GC(806) Pause Young (Normal) (G1 Evacuation Pause)
[2026-01-16T09:03:32.717+0000][gc,task     ] GC(806) Using 8 workers of 8 for evacuation
[2026-01-16T09:03:33.088+0000][gc,mmu      ] GC(806) MMU target violated: 201.0ms (200.0ms/201.0ms)
[2026-01-16T09:03:33.090+0000][gc,phases   ] GC(806)   Pre Evacuate Collection Set: 30.7ms
[2026-01-16T09:03:33.091+0000][gc,phases   ] GC(806)   Merge Heap Roots: 1.0ms
[2026-01-16T09:03:33.092+0000][gc,phases   ] GC(806)   Evacuate Collection Set: 328.0ms
[2026-01-16T09:03:33.092+0000][gc,phases   ] GC(806)   Post Evacuate Collection Set: 4.8ms
[2026-01-16T09:03:33.092+0000][gc,phases   ] GC(806)   Other: 11.1ms
[2026-01-16T09:03:33.093+0000][gc,heap     ] GC(806) Eden regions: 46->0(46)
[2026-01-16T09:03:33.094+0000][gc,heap     ] GC(806) Survivor regions: 5->5(7)
[2026-01-16T09:03:33.094+0000][gc,heap     ] GC(806) Old regions: 293->294
[2026-01-16T09:03:33.096+0000][gc,heap     ] GC(806) Humongous regions: 149->149
[2026-01-16T09:03:33.097+0000][gc,metaspace] GC(806) Metaspace: 15435K(16000K)->15435K(16000K) NonClass: 13754K(14016K)->13754K(14016K) Class: 1681K(1984K)->1681K(1984K)
[2026-01-16T09:03:33.099+0000][gc          ] GC(806) Pause Young (Normal) (G1 Evacuation Pause) 492M->446M(1024M) 385.403ms
[2026-01-16T09:03:33.102+0000][gc,cpu      ] GC(806) User=0.31s Sys=0.03s Real=0.39s
[2026-01-16T09:03:35.413+0000][gc,start    ] GC(807) Pause Young (Normal) (G1 Evacuation Pause)
[2026-01-16T09:03:35.418+0000][gc,task     ] GC(807) Using 8 workers of 8 for evacuation
[2026-01-16T09:03:35.783+0000][gc,mmu      ] GC(807) MMU target violated: 201.0ms (200.0ms/201.0ms)
[2026-01-16T09:03:35.790+0000][gc,phases   ] GC(807)   Pre Evacuate Collection Set: 26.5ms
[2026-01-16T09:03:35.791+0000][gc,phases   ] GC(807)   Merge Heap Roots: 0.5ms
[2026-01-16T09:03:35.791+0000][gc,phases   ] GC(807)   Evacuate Collection Set: 291.9ms
[2026-01-16T09:03:35.792+0000][gc,phases   ] GC(807)   Post Evacuate Collection Set: 24.7ms
[2026-01-16T09:03:35.793+0000][gc,phases   ] GC(807)   Other: 28.6ms
[2026-01-16T09:03:35.798+0000][gc,heap     ] GC(807) Eden regions: 46->0(47)
[2026-01-16T09:03:35.799+0000][gc,heap     ] GC(807) Survivor regions: 5->4(7)
[2026-01-16T09:03:35.802+0000][gc,heap     ] GC(807) Old regions: 294->295
[2026-01-16T09:03:35.807+0000][gc,heap     ] GC(807) Humongous regions: 149->149
[2026-01-16T09:03:35.808+0000][gc,metaspace] GC(807) Metaspace: 15435K(16000K)->15435K(16000K) NonClass: 13754K(14016K)->13754K(14016K) Class: 1681K(1984K)->1681K(1984K)
[2026-01-16T09:03:35.809+0000][gc          ] GC(807) Pause Young (Normal) (G1 Evacuation Pause) 492M->447M(1024M) 396.120ms
[2026-01-16T09:03:35.809+0000][gc,cpu      ] GC(807) User=0.30s Sys=0.01s Real=0.40s
[2026-01-16T09:03:36.959+0000][gc,start    ] GC(808) Pause Young (Normal) (G1 Evacuation Pause)
[2026-01-16T09:03:36.964+0000][gc,task     ] GC(808) Using 8 workers of 8 for evacuation
[2026-01-16T09:03:37.352+0000][gc,mmu      ] GC(808) MMU target violated: 201.0ms (200.0ms/201.0ms)
[2026-01-16T09:03:37.353+0000][gc,phases   ] GC(808)   Pre Evacuate Collection Set: 18.8ms
[2026-01-16T09:03:37.353+0000][gc,phases   ] GC(808)   Merge Heap Roots: 2.5ms
[2026-01-16T09:03:37.353+0000][gc,phases   ] GC(808)   Evacuate Collection Set: 364.1ms
[2026-01-16T09:03:37.354+0000][gc,phases   ] GC(808)   Post Evacuate Collection Set: 1.4ms
[2026-01-16T09:03:37.354+0000][gc,phases   ] GC(808)   Other: 2.6ms
[2026-01-16T09:03:37.356+0000][gc,heap     ] GC(808) Eden regions: 47->0(47)
[2026-01-16T09:03:37.359+0000][gc,heap     ] GC(808) Survivor regions: 4->4(7)
[2026-01-16T09:03:37.359+0000][gc,heap     ] GC(808) Old regions: 295->296
[2026-01-16T09:03:37.359+0000][gc,heap     ] GC(808) Humongous regions: 149->149
[2026-01-16T09:03:37.359+0000][gc,metaspace] GC(808) Metaspace: 15436K(16000K)->15436K(16000K) NonClass: 13754K(14016K)->13754K(14016K) Class: 1681K(1984K)->1681K(1984K)
[2026-01-16T09:03:37.359+0000][gc          ] GC(808) Pause Young (Normal) (G1 Evacuation Pause) 494M->448M(1024M) 400.924ms
[2026-01-16T09:03:37.359+0000][gc,cpu      ] GC(808) User=0.25s Sys=0.01s Real=0.40s
[2026-01-16T09:03:38.197+0000][gc,start    ] GC(809) Pause Young (Normal) (G1 Evacuation Pause)
[2026-01-16T09:03:38.212+0000][gc,task     ] GC(809) Using 8 workers of 8 for evacuation
[2026-01-16T09:03:38.770+0000][gc,mmu      ] GC(809) MMU target violated: 201.0ms (200.0ms/201.0ms)
[2026-01-16T09:03:38.772+0000][gc,phases   ] GC(809)   Pre Evacuate Collection Set: 43.1ms
[2026-01-16T09:03:38.772+0000][gc,phases   ] GC(809)   Merge Heap Roots: 0.6ms
[2026-01-16T09:03:38.774+0000][gc,phases   ] GC(809)   Evacuate Collection Set: 488.9ms
[2026-01-16T09:03:38.775+0000][gc,phases   ] GC(809)   Post Evacuate Collection Set: 17.8ms
[2026-01-16T09:03:38.775+0000][gc,phases   ] GC(809)   Other: 9.7ms
[2026-01-16T09:03:38.775+0000][gc,heap     ] GC(809) Eden regions: 47->0(47)
[2026-01-16T09:03:38.776+0000][gc,heap     ] GC(809) Survivor regions: 4->4(7)
[2026-01-16T09:03:38.776+0000][gc,heap     ] GC(809) Old regions: 296->297
[2026-01-16T09:03:38.777+0000][gc,heap     ] GC(809) Humongous regions: 149->149
[2026-01-16T09:03:38.777+0000][gc,metaspace] GC(809) Metaspace: 15436K(16000K)->15436K(16000K) NonClass: 13754K(14016K)->13754K(14016K) Class: 1681K(1984K)->1681K(1984K)
[2026-01-16T09:03:38.778+0000][gc          ] GC(809) Pause Young (Normal) (G1 Evacuation Pause) 495M->449M(1024M) 581.106ms
[2026-01-16T09:03:38.778+0000][gc,cpu      ] GC(809) User=0.16s Sys=0.02s Real=0.58s
[2026-01-16T09:03:40.204+0000][gc,start    ] GC(810) Pause Young (Normal) (G1 Evacuation Pause)
[2026-01-16T09:03:40.210+0000][gc,task     ] GC(810) Using 8 workers of 8 for evacuation
[2026-01-16T09:03:40.382+0000][gc,phases   ] GC(810)   Pre Evacuate Collection Set: 12.2ms
[2026-01-16T09:03:40.383+0000][gc,phases   ] GC(810)   Merge Heap Roots: 4.8ms
[2026-01-16T09:03:40.383+0000][gc,phases   ] GC(810)   Evacuate Collection Set: 131.6ms
[2026-01-16T09:03:40.385+0000][gc,phases   ] GC(810)   Post Evacuate Collection Set: 6.5ms
[2026-01-16T09:03:40.388+0000][gc,phases   ] GC(810)   Other: 16.7ms
[2026-01-16T09:03:40.388+0000][gc,heap     ] GC(810) Eden regions: 47->0(47)
[2026-01-16T09:03:40.389+0000][gc,heap     ] GC(810) Survivor regions: 4->4(7)
[2026-01-16T09:03:40.389+0000][gc,heap     ] GC(810) Old regions: 297->297
[2026-01-16T09:03:40.389+0000][gc,heap     ] GC(810) Humongous regions: 149->149
[2026-01-16T09:03:40.390+0000][gc,metaspace] GC(810) Metaspace: 15436K(16000K)->15436K(16000K) NonClass: 13754K(14016K)->13754K(14016K) Class: 1681K(1984K)->1681K(1984K)
[2026-01-16T09:03:40.390+0000][gc          ] GC(810) Pause Young (Normal) (G1 Evacuation Pause) 496M->449M(1024M) 186.363ms
[2026-01-16T09:03:40.391+0000][gc,cpu      ] GC(810) User=0.17s Sys=0.00s Real=0.19s
[2026-01-16T09:03:41.177+0000][gc,start    ] GC(811) Pause Young (Normal) (G1 Evacuation Pause)
[2026-01-16T09:03:41.178+0000][gc,task     ] GC(811) Using 8 workers of 8 for evacuation
[2026-01-16T09:03:41.550+0000][gc,mmu      ] GC(811) MMU target violated: 201.0ms (200.0ms/201.0ms)
[2026-01-16T09:03:41.551+0000][gc,phases   ] GC(811)   Pre Evacuate Collection Set: 3.1ms
[2026-01-16T09:03:41.551+0000][gc,phases   ] GC(811)   Merge Heap Roots: 1.8ms
[2026-01-16T09:03:41.552+0000][gc,phases   ] GC(811)   Evacuate Collection Set: 346.2ms
[2026-01-16T09:03:41.556+0000][gc,phases   ] GC(811)   Post Evacuate Collection Set: 16.9ms
[2026-01-16T09:03:41.556+0000][gc,phases   ] GC(811)   Other: 5.1ms
[2026-01-16T09:03:41.556+0000][gc,heap     ] GC(811) Eden regions: 47->0(47)
[2026-01-16T09:03:41.556+0000][gc,heap     ] GC(811) Survivor regions: 4->4(7)
[2026-01-16T09:03:41.556+0000][gc,heap     ] GC(811) Old regions: 297->298
[2026-01-16T09:03:41.558+0000][gc,heap     ] GC(811) Humongous regions: 149->149
[2026-01-16T09:03:41.558+0000][gc,metaspace] GC(811) Metaspace: 15440K(16000K)->15440K(16000K) NonClass: 13759K(14016K)->13759K(14016K) Class: 1681K(1984K)->1681K(1984K)
[2026-01-16T09:03:41.559+0000][gc          ] GC(811) Pause Young (Normal) (G1 Evacuation Pause) 496M->450M(1024M) 381.591ms
[2026-01-16T09:03:41.559+0000][gc,cpu      ] GC(811) User=0.14s Sys=0.01s Real=0.38s
[2026-01-16T09:03:42.716+0000][gc,start    ] GC(812) Pause Young (Normal) (GCLocker Initiated GC)
[2026-01-16T09:03:42.719+0000][gc,task     ] GC(812) Using 8 workers of 8 for evacuation
[2026-01-16T09:03:43.053+0000][gc,mmu      ] GC(812) MMU target violated: 201.0ms (200.0ms/201.0ms)
[2026-01-16T09:03:43.054+0000][gc,phases   ] GC(812)   Pre Evacuate Collection Set: 11.3ms
[2026-01-16T09:03:43.056+0000][gc,phases   ] GC(812)   Merge Heap Roots: 12.9ms
[2026-01-16T09:03:43.056+0000][gc,phases   ] GC(812)   Evacuate Collection Set: 282.7ms
[2026-01-16T09:03:43.056+0000][gc,phases   ] GC(812)   Post Evacuate Collection Set: 19.7ms
[2026-01-16T09:03:43.056+0000][gc,phases   ] GC(812)   Other: 8.8ms
[2026-01-16T09:03:43.056+0000][gc,heap     ] GC(812) Eden regions: 50->0(46)
[2026-01-16T09:03:43.056+0000][gc,heap     ] GC(812) Survivor regions: 4->5(7)
[2026-01-16T09:03:43.056+0000][gc,heap     ] GC(812) Old regions: 298->298
[2026-01-16T09:03:43.057+0000][gc,heap     ] GC(812) Humongous regions: 149->149
[2026-01-16T09:03:43.057+0000][gc,metaspace] GC(812) Metaspace: 15441K(16000K)->15441K(16000K) NonClass: 13760K(14016K)->13760K(14016K) Class: 1681K(1984K)->1681K(1984K)
[2026-01-16T09:03:43.057+0000][gc          ] GC(812) Pause Young (Normal) (GCLocker Initiated GC) 500M->450M(1024M) 341.474ms
[2026-01-16T09:03:43.058+0000][gc,cpu      ] GC(812) User=0.23s Sys=0.01s Real=0.34s
[2026-01-16T09:03:44.549+0000][gc,start    ] GC(813) Pause Young (Normal) (G1 Evacuation Pause)
[2026-01-16T09:03:44.555+0000][gc,task     ] GC(813) Using 8 workers of 8 for evacuation
[2026-01-16T09:03:45.241+0000][gc,mmu      ] GC(813) MMU target violated: 201.0ms (200.0ms/201.0ms)
[2026-01-16T09:03:45.262+0000][gc,phases   ] GC(813)   Pre Evacuate Collection Set: 35.9ms
[2026-01-16T09:03:45.265+0000][gc,phases   ] GC(813)   Merge Heap Roots: 6.8ms
[2026-01-16T09:03:45.265+0000][gc,phases   ] GC(813)   Evacuate Collection Set: 525.6ms
[2026-01-16T09:03:45.266+0000][gc,phases   ] GC(813)   Post Evacuate Collection Set: 59.6ms
[2026-01-16T09:03:45.267+0000][gc,phases   ] GC(813)   Other: 79.4ms
[2026-01-16T09:03:45.267+0000][gc,heap     ] GC(813) Eden regions: 46->0(46)
[2026-01-16T09:03:45.268+0000][gc,heap     ] GC(813) Survivor regions: 5->5(7)
[2026-01-16T09:03:45.268+0000][gc,heap     ] GC(813) Old regions: 298->299
[2026-01-16T09:03:45.269+0000][gc,heap     ] GC(813) Humongous regions: 149->149
[2026-01-16T09:03:45.269+0000][gc,metaspace] GC(813) Metaspace: 15441K(16000K)->15441K(16000K) NonClass: 13760K(14016K)->13760K(14016K) Class: 1681K(1984K)->1681K(1984K)
[2026-01-16T09:03:45.272+0000][gc          ] GC(813) Pause Young (Normal) (G1 Evacuation Pause) 496M->451M(1024M) 722.617ms
[2026-01-16T09:03:45.273+0000][gc,cpu      ] GC(813) User=0.26s Sys=0.02s Real=0.73s
[2026-01-16T09:03:47.392+0000][gc,start    ] GC(814) Pause Young (Normal) (G1 Evacuation Pause)
[2026-01-16T09:03:47.396+0000][gc,task     ] GC(814) Using 8 workers of 8 for evacuation
[2026-01-16T09:03:48.130+0000][gc,mmu      ] GC(814) MMU target violated: 201.0ms (200.0ms/201.0ms)
[2026-01-16T09:03:48.157+0000][gc,phases   ] GC(814)   Pre Evacuate Collection Set: 33.8ms
[2026-01-16T09:03:48.180+0000][gc,phases   ] GC(814)   Merge Heap Roots: 8.8ms
[2026-01-16T09:03:48.185+0000][gc,phases   ] GC(814)   Evacuate Collection Set: 567.7ms
[2026-01-16T09:03:48.185+0000][gc,phases   ] GC(814)   Post Evacuate Collection Set: 116.8ms
[2026-01-16T09:03:48.187+0000][gc,phases   ] GC(814)   Other: 34.2ms
[2026-01-16T09:03:48.191+0000][gc,heap     ] GC(814) Eden regions: 46->0(46)
[2026-01-16T09:03:48.193+0000][gc,heap     ] GC(814) Survivor regions: 5->5(7)
[2026-01-16T09:03:48.195+0000][gc,heap     ] GC(814) Old regions: 299->300
[2026-01-16T09:03:48.198+0000][gc,heap     ] GC(814) Humongous regions: 149->149
[2026-01-16T09:03:48.201+0000][gc,metaspace] GC(814) Metaspace: 15441K(16000K)->15441K(16000K) NonClass: 13760K(14016K)->13760K(14016K) Class: 1681K(1984K)->1681K(1984K)
[2026-01-16T09:03:48.209+0000][gc          ] GC(814) Pause Young (Normal) (G1 Evacuation Pause) 497M->452M(1024M) 816.599ms
[2026-01-16T09:03:48.210+0000][gc,cpu      ] GC(814) User=0.30s Sys=0.04s Real=0.81s
[2026-01-16T09:03:50.565+0000][gc,start    ] GC(815) Pause Young (Normal) (G1 Evacuation Pause)
[2026-01-16T09:03:50.569+0000][gc,task     ] GC(815) Using 8 workers of 8 for evacuation
[2026-01-16T09:03:51.203+0000][gc,mmu      ] GC(815) MMU target violated: 201.0ms (200.0ms/201.0ms)
[2026-01-16T09:03:51.204+0000][gc,phases   ] GC(815)   Pre Evacuate Collection Set: 23.8ms
[2026-01-16T09:03:51.204+0000][gc,phases   ] GC(815)   Merge Heap Roots: 7.6ms
[2026-01-16T09:03:51.204+0000][gc,phases   ] GC(815)   Evacuate Collection Set: 557.9ms
[2026-01-16T09:03:51.205+0000][gc,phases   ] GC(815)   Post Evacuate Collection Set: 42.5ms
[2026-01-16T09:03:51.206+0000][gc,phases   ] GC(815)   Other: 3.4ms
[2026-01-16T09:03:51.207+0000][gc,heap     ] GC(815) Eden regions: 46->0(47)
[2026-01-16T09:03:51.210+0000][gc,heap     ] GC(815) Survivor regions: 5->4(7)
[2026-01-16T09:03:51.213+0000][gc,heap     ] GC(815) Old regions: 300->300
[2026-01-16T09:03:51.213+0000][gc,heap     ] GC(815) Humongous regions: 149->149
[2026-01-16T09:03:51.213+0000][gc,metaspace] GC(815) Metaspace: 15441K(16000K)->15441K(16000K) NonClass: 13760K(14016K)->13760K(14016K) Class: 1681K(1984K)->1681K(1984K)
[2026-01-16T09:03:51.214+0000][gc          ] GC(815) Pause Young (Normal) (G1 Evacuation Pause) 498M->452M(1024M) 648.522ms
[2026-01-16T09:03:51.214+0000][gc,cpu      ] GC(815) User=0.31s Sys=0.03s Real=0.65s
[2026-01-16T09:03:53.324+0000][gc,start    ] GC(816) Pause Young (Normal) (G1 Evacuation Pause)
[2026-01-16T09:03:53.330+0000][gc,task     ] GC(816) Using 8 workers of 8 for evacuation
[2026-01-16T09:03:53.867+0000][gc,mmu      ] GC(816) MMU target violated: 201.0ms (200.0ms/201.0ms)
[2026-01-16T09:03:53.870+0000][gc,phases   ] GC(816)   Pre Evacuate Collection Set: 71.9ms
[2026-01-16T09:03:53.878+0000][gc,phases   ] GC(816)   Merge Heap Roots: 12.0ms
[2026-01-16T09:03:53.879+0000][gc,phases   ] GC(816)   Evacuate Collection Set: 441.7ms
[2026-01-16T09:03:53.880+0000][gc,phases   ] GC(816)   Post Evacuate Collection Set: 2.7ms
[2026-01-16T09:03:53.880+0000][gc,phases   ] GC(816)   Other: 11.5ms
[2026-01-16T09:03:53.881+0000][gc,heap     ] GC(816) Eden regions: 47->0(46)
[2026-01-16T09:03:53.884+0000][gc,heap     ] GC(816) Survivor regions: 4->5(7)
[2026-01-16T09:03:53.896+0000][gc,heap     ] GC(816) Old regions: 300->300
[2026-01-16T09:03:53.897+0000][gc,heap     ] GC(816) Humongous regions: 149->149
[2026-01-16T09:03:53.900+0000][gc,metaspace] GC(816) Metaspace: 15441K(16000K)->15441K(16000K) NonClass: 13760K(14016K)->13760K(14016K) Class: 1681K(1984K)->1681K(1984K)
[2026-01-16T09:03:53.910+0000][gc          ] GC(816) Pause Young (Normal) (G1 Evacuation Pause) 499M->453M(1024M) 586.075ms
[2026-01-16T09:03:53.912+0000][gc,cpu      ] GC(816) User=0.24s Sys=0.03s Real=0.59s
[2026-01-16T09:03:55.561+0000][gc,start    ] GC(817) Pause Young (Normal) (G1 Evacuation Pause)
[2026-01-16T09:03:55.563+0000][gc,task     ] GC(817) Using 8 workers of 8 for evacuation
[2026-01-16T09:03:55.790+0000][gc,mmu      ] GC(817) MMU target violated: 201.0ms (200.0ms/201.0ms)
[2026-01-16T09:03:55.792+0000][gc,phases   ] GC(817)   Pre Evacuate Collection Set: 32.0ms
[2026-01-16T09:03:55.793+0000][gc,phases   ] GC(817)   Merge Heap Roots: 1.0ms
[2026-01-16T09:03:55.794+0000][gc,phases   ] GC(817)   Evacuate Collection Set: 182.9ms
[2026-01-16T09:03:55.797+0000][gc,phases   ] GC(817)   Post Evacuate Collection Set: 6.6ms
[2026-01-16T09:03:55.798+0000][gc,phases   ] GC(817)   Other: 6.4ms
[2026-01-16T09:03:55.801+0000][gc,heap     ] GC(817) Eden regions: 46->0(46)
[2026-01-16T09:03:55.801+0000][gc,heap     ] GC(817) Survivor regions: 5->5(7)
[2026-01-16T09:03:55.802+0000][gc,heap     ] GC(817) Old regions: 300->301
[2026-01-16T09:03:55.802+0000][gc,heap     ] GC(817) Humongous regions: 149->149
[2026-01-16T09:03:55.803+0000][gc,metaspace] GC(817) Metaspace: 15442K(16000K)->15442K(16000K) NonClass: 13761K(14016K)->13761K(14016K) Class: 1681K(1984K)->1681K(1984K)
[2026-01-16T09:03:55.803+0000][gc          ] GC(817) Pause Young (Normal) (G1 Evacuation Pause) 499M->454M(1024M) 242.321ms
[2026-01-16T09:03:55.804+0000][gc,cpu      ] GC(817) User=0.24s Sys=0.03s Real=0.25s
[2026-01-16T09:03:56.738+0000][gc,start    ] GC(818) Pause Young (Normal) (G1 Evacuation Pause)
[2026-01-16T09:03:56.741+0000][gc,task     ] GC(818) Using 8 workers of 8 for evacuation
[2026-01-16T09:03:56.946+0000][gc,phases   ] GC(818)   Pre Evacuate Collection Set: 0.6ms
[2026-01-16T09:03:56.950+0000][gc,phases   ] GC(818)   Merge Heap Roots: 0.2ms
[2026-01-16T09:03:56.950+0000][gc,phases   ] GC(818)   Evacuate Collection Set: 194.3ms
[2026-01-16T09:03:56.950+0000][gc,phases   ] GC(818)   Post Evacuate Collection Set: 3.0ms
[2026-01-16T09:03:56.957+0000][gc,phases   ] GC(818)   Other: 7.0ms
[2026-01-16T09:03:56.957+0000][gc,heap     ] GC(818) Eden regions: 46->0(46)
[2026-01-16T09:03:56.957+0000][gc,heap     ] GC(818) Survivor regions: 5->5(7)
[2026-01-16T09:03:56.957+0000][gc,heap     ] GC(818) Old regions: 301->302
[2026-01-16T09:03:56.959+0000][gc,heap     ] GC(818) Humongous regions: 149->149
[2026-01-16T09:03:56.959+0000][gc,metaspace] GC(818) Metaspace: 15442K(16000K)->15442K(16000K) NonClass: 13761K(14016K)->13761K(14016K) Class: 1681K(1984K)->1681K(1984K)
[2026-01-16T09:03:56.960+0000][gc          ] GC(818) Pause Young (Normal) (G1 Evacuation Pause) 500M->455M(1024M) 221.564ms
[2026-01-16T09:03:56.960+0000][gc,cpu      ] GC(818) User=0.11s Sys=0.00s Real=0.22s
[2026-01-16T09:03:58.330+0000][gc,start    ] GC(819) Pause Young (Normal) (G1 Evacuation Pause)
[2026-01-16T09:03:58.334+0000][gc,task     ] GC(819) Using 8 workers of 8 for evacuation
[2026-01-16T09:03:58.669+0000][gc,mmu      ] GC(819) MMU target violated: 201.0ms (200.0ms/201.0ms)
[2026-01-16T09:03:58.673+0000][gc,phases   ] GC(819)   Pre Evacuate Collection Set: 35.5ms
[2026-01-16T09:03:58.684+0000][gc,phases   ] GC(819)   Merge Heap Roots: 2.4ms
[2026-01-16T09:03:58.684+0000][gc,phases   ] GC(819)   Evacuate Collection Set: 287.9ms
[2026-01-16T09:03:58.685+0000][gc,phases   ] GC(819)   Post Evacuate Collection Set: 4.8ms
[2026-01-16T09:03:58.685+0000][gc,phases   ] GC(819)   Other: 7.6ms
[2026-01-16T09:03:58.686+0000][gc,heap     ] GC(819) Eden regions: 46->0(47)
[2026-01-16T09:03:58.689+0000][gc,heap     ] GC(819) Survivor regions: 5->4(7)
[2026-01-16T09:03:58.689+0000][gc,heap     ] GC(819) Old regions: 302->303
[2026-01-16T09:03:58.689+0000][gc,heap     ] GC(819) Humongous regions: 149->149
[2026-01-16T09:03:58.690+0000][gc,metaspace] GC(819) Metaspace: 15446K(16000K)->15446K(16000K) NonClass: 13765K(14016K)->13765K(14016K) Class: 1681K(1984K)->1681K(1984K)
[2026-01-16T09:03:58.693+0000][gc          ] GC(819) Pause Young (Normal) (G1 Evacuation Pause) 501M->455M(1024M) 363.349ms
[2026-01-16T09:03:58.699+0000][gc,cpu      ] GC(819) User=0.22s Sys=0.04s Real=0.37s
[2026-01-16T09:04:00.225+0000][gc,start    ] GC(820) Pause Young (Normal) (G1 Evacuation Pause)
[2026-01-16T09:04:00.228+0000][gc,task     ] GC(820) Using 8 workers of 8 for evacuation
[2026-01-16T09:04:00.546+0000][gc,mmu      ] GC(820) MMU target violated: 201.0ms (200.0ms/201.0ms)
[2026-01-16T09:04:00.548+0000][gc,phases   ] GC(820)   Pre Evacuate Collection Set: 34.3ms
[2026-01-16T09:04:00.549+0000][gc,phases   ] GC(820)   Merge Heap Roots: 0.5ms
[2026-01-16T09:04:00.549+0000][gc,phases   ] GC(820)   Evacuate Collection Set: 269.2ms
[2026-01-16T09:04:00.550+0000][gc,phases   ] GC(820)   Post Evacuate Collection Set: 9.3ms
[2026-01-16T09:04:00.551+0000][gc,phases   ] GC(820)   Other: 7.1ms
[2026-01-16T09:04:00.552+0000][gc,heap     ] GC(820) Eden regions: 47->0(46)
[2026-01-16T09:04:00.553+0000][gc,heap     ] GC(820) Survivor regions: 4->5(7)
[2026-01-16T09:04:00.554+0000][gc,heap     ] GC(820) Old regions: 303->304
[2026-01-16T09:04:00.554+0000][gc,heap     ] GC(820) Humongous regions: 149->149
[2026-01-16T09:04:00.555+0000][gc,metaspace] GC(820) Metaspace: 15446K(16000K)->15446K(16000K) NonClass: 13765K(14016K)->13765K(14016K) Class: 1681K(1984K)->1681K(1984K)
[2026-01-16T09:04:00.557+0000][gc          ] GC(820) Pause Young (Normal) (G1 Evacuation Pause) 502M->456M(1024M) 332.176ms
[2026-01-16T09:04:00.557+0000][gc,cpu      ] GC(820) User=0.17s Sys=0.02s Real=0.33s
[2026-01-16T09:04:02.723+0000][gc,start    ] GC(821) Pause Young (Normal) (G1 Evacuation Pause)
[2026-01-16T09:04:02.725+0000][gc,task     ] GC(821) Using 8 workers of 8 for evacuation
[2026-01-16T09:04:02.977+0000][gc,mmu      ] GC(821) MMU target violated: 201.0ms (200.0ms/201.0ms)
[2026-01-16T09:04:02.979+0000][gc,phases   ] GC(821)   Pre Evacuate Collection Set: 49.5ms
[2026-01-16T09:04:02.984+0000][gc,phases   ] GC(821)   Merge Heap Roots: 8.6ms
[2026-01-16T09:04:02.987+0000][gc,phases   ] GC(821)   Evacuate Collection Set: 178.5ms
[2026-01-16T09:04:02.988+0000][gc,phases   ] GC(821)   Post Evacuate Collection Set: 9.8ms
[2026-01-16T09:04:02.989+0000][gc,phases   ] GC(821)   Other: 7.9ms
[2026-01-16T09:04:02.991+0000][gc,heap     ] GC(821) Eden regions: 46->0(46)
[2026-01-16T09:04:02.992+0000][gc,heap     ] GC(821) Survivor regions: 5->5(7)
[2026-01-16T09:04:02.993+0000][gc,heap     ] GC(821) Old regions: 304->304
[2026-01-16T09:04:02.994+0000][gc,heap     ] GC(821) Humongous regions: 149->149
[2026-01-16T09:04:02.994+0000][gc,metaspace] GC(821) Metaspace: 15446K(16000K)->15446K(16000K) NonClass: 13765K(14016K)->13765K(14016K) Class: 1681K(1984K)->1681K(1984K)
[2026-01-16T09:04:02.995+0000][gc          ] GC(821) Pause Young (Normal) (G1 Evacuation Pause) 502M->457M(1024M) 272.011ms
[2026-01-16T09:04:02.995+0000][gc,cpu      ] GC(821) User=0.22s Sys=0.02s Real=0.27s
[2026-01-16T09:04:04.115+0000][gc,start    ] GC(822) Pause Young (Normal) (G1 Evacuation Pause)
[2026-01-16T09:04:04.118+0000][gc,task     ] GC(822) Using 8 workers of 8 for evacuation
[2026-01-16T09:04:04.559+0000][gc,mmu      ] GC(822) MMU target violated: 201.0ms (200.0ms/201.0ms)
[2026-01-16T09:04:04.574+0000][gc,phases   ] GC(822)   Pre Evacuate Collection Set: 5.3ms
[2026-01-16T09:04:04.575+0000][gc,phases   ] GC(822)   Merge Heap Roots: 2.4ms
[2026-01-16T09:04:04.575+0000][gc,phases   ] GC(822)   Evacuate Collection Set: 428.9ms
[2026-01-16T09:04:04.575+0000][gc,phases   ] GC(822)   Post Evacuate Collection Set: 2.6ms
[2026-01-16T09:04:04.575+0000][gc,phases   ] GC(822)   Other: 6.7ms
[2026-01-16T09:04:04.575+0000][gc,heap     ] GC(822) Eden regions: 46->0(47)
[2026-01-16T09:04:04.576+0000][gc,heap     ] GC(822) Survivor regions: 5->4(7)
[2026-01-16T09:04:04.576+0000][gc,heap     ] GC(822) Old regions: 304->306
[2026-01-16T09:04:04.576+0000][gc,heap     ] GC(822) Humongous regions: 149->149
[2026-01-16T09:04:04.576+0000][gc,metaspace] GC(822) Metaspace: 15446K(16000K)->15446K(16000K) NonClass: 13765K(14016K)->13765K(14016K) Class: 1681K(1984K)->1681K(1984K)
[2026-01-16T09:04:04.577+0000][gc          ] GC(822) Pause Young (Normal) (G1 Evacuation Pause) 503M->458M(1024M) 451.908ms
[2026-01-16T09:04:04.578+0000][gc,cpu      ] GC(822) User=0.14s Sys=0.05s Real=0.45s
[2026-01-16T09:04:06.620+0000][gc,start    ] GC(823) Pause Young (Normal) (G1 Evacuation Pause)
[2026-01-16T09:04:06.622+0000][gc,task     ] GC(823) Using 8 workers of 8 for evacuation
[2026-01-16T09:04:07.354+0000][gc,mmu      ] GC(823) MMU target violated: 201.0ms (200.0ms/201.0ms)
[2026-01-16T09:04:07.354+0000][gc,phases   ] GC(823)   Pre Evacuate Collection Set: 59.3ms
[2026-01-16T09:04:07.354+0000][gc,phases   ] GC(823)   Merge Heap Roots: 0.8ms
[2026-01-16T09:04:07.354+0000][gc,phases   ] GC(823)   Evacuate Collection Set: 659.1ms
[2026-01-16T09:04:07.355+0000][gc,phases   ] GC(823)   Post Evacuate Collection Set: 6.4ms
[2026-01-16T09:04:07.357+0000][gc,phases   ] GC(823)   Other: 6.7ms
[2026-01-16T09:04:07.359+0000][gc,heap     ] GC(823) Eden regions: 47->0(46)
[2026-01-16T09:04:07.359+0000][gc,heap     ] GC(823) Survivor regions: 4->5(7)
[2026-01-16T09:04:07.364+0000][gc,heap     ] GC(823) Old regions: 306->306
[2026-01-16T09:04:07.364+0000][gc,heap     ] GC(823) Humongous regions: 149->149
[2026-01-16T09:04:07.364+0000][gc,metaspace] GC(823) Metaspace: 15451K(16000K)->15451K(16000K) NonClass: 13770K(14016K)->13770K(14016K) Class: 1681K(1984K)->1681K(1984K)
[2026-01-16T09:04:07.375+0000][gc          ] GC(823) Pause Young (Normal) (G1 Evacuation Pause) 505M->458M(1024M) 754.885ms
[2026-01-16T09:04:07.376+0000][gc,cpu      ] GC(823) User=0.21s Sys=0.01s Real=0.76s
[2026-01-16T09:04:08.866+0000][gc,start    ] GC(824) Pause Young (Normal) (G1 Evacuation Pause)
[2026-01-16T09:04:08.869+0000][gc,task     ] GC(824) Using 8 workers of 8 for evacuation
[2026-01-16T09:04:09.286+0000][gc,mmu      ] GC(824) MMU target violated: 201.0ms (200.0ms/201.0ms)
[2026-01-16T09:04:09.288+0000][gc,phases   ] GC(824)   Pre Evacuate Collection Set: 35.5ms
[2026-01-16T09:04:09.288+0000][gc,phases   ] GC(824)   Merge Heap Roots: 13.3ms
[2026-01-16T09:04:09.289+0000][gc,phases   ] GC(824)   Evacuate Collection Set: 343.7ms
[2026-01-16T09:04:09.289+0000][gc,phases   ] GC(824)   Post Evacuate Collection Set: 24.0ms
[2026-01-16T09:04:09.305+0000][gc,phases   ] GC(824)   Other: 3.4ms
[2026-01-16T09:04:09.307+0000][gc,heap     ] GC(824) Eden regions: 46->0(46)
[2026-01-16T09:04:09.308+0000][gc,heap     ] GC(824) Survivor regions: 5->5(7)
[2026-01-16T09:04:09.308+0000][gc,heap     ] GC(824) Old regions: 306->306
[2026-01-16T09:04:09.309+0000][gc,heap     ] GC(824) Humongous regions: 149->149
[2026-01-16T09:04:09.309+0000][gc,metaspace] GC(824) Metaspace: 15451K(16000K)->15451K(16000K) NonClass: 13770K(14016K)->13770K(14016K) Class: 1681K(1984K)->1681K(1984K)
[2026-01-16T09:04:09.310+0000][gc          ] GC(824) Pause Young (Normal) (G1 Evacuation Pause) 504M->459M(1024M) 444.046ms
[2026-01-16T09:04:09.311+0000][gc,cpu      ] GC(824) User=0.21s Sys=0.03s Real=0.44s
[2026-01-16T09:04:10.888+0000][gc,start    ] GC(825) Pause Young (Normal) (G1 Evacuation Pause)
[2026-01-16T09:04:10.898+0000][gc,task     ] GC(825) Using 8 workers of 8 for evacuation
[2026-01-16T09:04:11.342+0000][gc,mmu      ] GC(825) MMU target violated: 201.0ms (200.0ms/201.0ms)
[2026-01-16T09:04:11.343+0000][gc,phases   ] GC(825)   Pre Evacuate Collection Set: 102.3ms
[2026-01-16T09:04:11.344+0000][gc,phases   ] GC(825)   Merge Heap Roots: 2.9ms
[2026-01-16T09:04:11.346+0000][gc,phases   ] GC(825)   Evacuate Collection Set: 304.2ms
[2026-01-16T09:04:11.348+0000][gc,phases   ] GC(825)   Post Evacuate Collection Set: 14.2ms
[2026-01-16T09:04:11.350+0000][gc,phases   ] GC(825)   Other: 22.9ms
[2026-01-16T09:04:11.354+0000][gc,heap     ] GC(825) Eden regions: 46->0(46)
[2026-01-16T09:04:11.357+0000][gc,heap     ] GC(825) Survivor regions: 5->5(7)
[2026-01-16T09:04:11.362+0000][gc,heap     ] GC(825) Old regions: 306->307
[2026-01-16T09:04:11.371+0000][gc,heap     ] GC(825) Humongous regions: 149->149
[2026-01-16T09:04:11.376+0000][gc,metaspace] GC(825) Metaspace: 15451K(16000K)->15451K(16000K) NonClass: 13770K(14016K)->13770K(14016K) Class: 1681K(1984K)->1681K(1984K)
[2026-01-16T09:04:11.378+0000][gc          ] GC(825) Pause Young (Normal) (G1 Evacuation Pause) 505M->460M(1024M) 490.408ms
[2026-01-16T09:04:11.383+0000][gc,cpu      ] GC(825) User=0.27s Sys=0.02s Real=0.49s
[2026-01-16T09:04:12.877+0000][gc,start    ] GC(826) Pause Young (Normal) (G1 Evacuation Pause)
[2026-01-16T09:04:12.923+0000][gc,task     ] GC(826) Using 8 workers of 8 for evacuation
[2026-01-16T09:04:13.634+0000][gc,mmu      ] GC(826) MMU target violated: 201.0ms (200.0ms/201.0ms)
[2026-01-16T09:04:13.648+0000][gc,phases   ] GC(826)   Pre Evacuate Collection Set: 103.6ms
[2026-01-16T09:04:13.651+0000][gc,phases   ] GC(826)   Merge Heap Roots: 37.0ms
[2026-01-16T09:04:13.666+0000][gc,phases   ] GC(826)   Evacuate Collection Set: 518.1ms
[2026-01-16T09:04:13.670+0000][gc,phases   ] GC(826)   Post Evacuate Collection Set: 45.3ms
[2026-01-16T09:04:13.672+0000][gc,phases   ] GC(826)   Other: 36.4ms
[2026-01-16T09:04:13.672+0000][gc,heap     ] GC(826) Eden regions: 46->0(46)
[2026-01-16T09:04:13.674+0000][gc,heap     ] GC(826) Survivor regions: 5->5(7)
[2026-01-16T09:04:13.675+0000][gc,heap     ] GC(826) Old regions: 307->308
[2026-01-16T09:04:13.677+0000][gc,heap     ] GC(826) Humongous regions: 149->149
[2026-01-16T09:04:13.677+0000][gc,metaspace] GC(826) Metaspace: 15451K(16000K)->15451K(16000K) NonClass: 13770K(14016K)->13770K(14016K) Class: 1681K(1984K)->1681K(1984K)
[2026-01-16T09:04:13.679+0000][gc          ] GC(826) Pause Young (Normal) (G1 Evacuation Pause) 506M->460M(1024M) 802.273ms
[2026-01-16T09:04:13.681+0000][gc,cpu      ] GC(826) User=0.30s Sys=0.02s Real=0.81s
[2026-01-16T09:04:15.334+0000][gc,start    ] GC(827) Pause Young (Normal) (G1 Evacuation Pause)
[2026-01-16T09:04:15.335+0000][gc,task     ] GC(827) Using 8 workers of 8 for evacuation
[2026-01-16T09:04:15.765+0000][gc,mmu      ] GC(827) MMU target violated: 201.0ms (200.0ms/201.0ms)
[2026-01-16T09:04:15.765+0000][gc,phases   ] GC(827)   Pre Evacuate Collection Set: 17.6ms
[2026-01-16T09:04:15.766+0000][gc,phases   ] GC(827)   Merge Heap Roots: 3.0ms
[2026-01-16T09:04:15.767+0000][gc,phases   ] GC(827)   Evacuate Collection Set: 395.7ms
[2026-01-16T09:04:15.767+0000][gc,phases   ] GC(827)   Post Evacuate Collection Set: 12.1ms
[2026-01-16T09:04:15.767+0000][gc,phases   ] GC(827)   Other: 2.0ms
[2026-01-16T09:04:15.769+0000][gc,heap     ] GC(827) Eden regions: 46->0(46)
[2026-01-16T09:04:15.774+0000][gc,heap     ] GC(827) Survivor regions: 5->5(7)
[2026-01-16T09:04:15.776+0000][gc,heap     ] GC(827) Old regions: 308->308
[2026-01-16T09:04:15.776+0000][gc,heap     ] GC(827) Humongous regions: 149->149
[2026-01-16T09:04:15.776+0000][gc,metaspace] GC(827) Metaspace: 15451K(16000K)->15451K(16000K) NonClass: 13770K(14016K)->13770K(14016K) Class: 1681K(1984K)->1681K(1984K)
[2026-01-16T09:04:15.777+0000][gc          ] GC(827) Pause Young (Normal) (G1 Evacuation Pause) 506M->461M(1024M) 443.107ms
[2026-01-16T09:04:15.777+0000][gc,cpu      ] GC(827) User=0.22s Sys=0.02s Real=0.44s
[2026-01-16T09:04:16.943+0000][gc,start    ] GC(828) Pause Young (Normal) (G1 Evacuation Pause)
[2026-01-16T09:04:16.946+0000][gc,task     ] GC(828) Using 8 workers of 8 for evacuation
[2026-01-16T09:04:17.441+0000][gc,mmu      ] GC(828) MMU target violated: 201.0ms (200.0ms/201.0ms)
[2026-01-16T09:04:17.441+0000][gc,phases   ] GC(828)   Pre Evacuate Collection Set: 49.1ms
[2026-01-16T09:04:17.441+0000][gc,phases   ] GC(828)   Merge Heap Roots: 0.5ms
[2026-01-16T09:04:17.442+0000][gc,phases   ] GC(828)   Evacuate Collection Set: 431.6ms
[2026-01-16T09:04:17.445+0000][gc,phases   ] GC(828)   Post Evacuate Collection Set: 12.2ms
[2026-01-16T09:04:17.445+0000][gc,phases   ] GC(828)   Other: 1.7ms
[2026-01-16T09:04:17.446+0000][gc,heap     ] GC(828) Eden regions: 46->0(46)
[2026-01-16T09:04:17.446+0000][gc,heap     ] GC(828) Survivor regions: 5->5(7)
[2026-01-16T09:04:17.447+0000][gc,heap     ] GC(828) Old regions: 308->309
[2026-01-16T09:04:17.448+0000][gc,heap     ] GC(828) Humongous regions: 149->149
[2026-01-16T09:04:17.449+0000][gc,metaspace] GC(828) Metaspace: 15451K(16000K)->15451K(16000K) NonClass: 13770K(14016K)->13770K(14016K) Class: 1681K(1984K)->1681K(1984K)
[2026-01-16T09:04:17.453+0000][gc          ] GC(828) Pause Young (Normal) (G1 Evacuation Pause) 507M->461M(1024M) 509.532ms
[2026-01-16T09:04:17.457+0000][gc,cpu      ] GC(828) User=0.26s Sys=0.03s Real=0.51s
[2026-01-16T09:04:19.626+0000][gc,start    ] GC(829) Pause Young (Normal) (G1 Evacuation Pause)
[2026-01-16T09:04:19.630+0000][gc,task     ] GC(829) Using 8 workers of 8 for evacuation
[2026-01-16T09:04:20.019+0000][gc,mmu      ] GC(829) MMU target violated: 201.0ms (200.0ms/201.0ms)
[2026-01-16T09:04:20.020+0000][gc,phases   ] GC(829)   Pre Evacuate Collection Set: 19.7ms
[2026-01-16T09:04:20.020+0000][gc,phases   ] GC(829)   Merge Heap Roots: 5.5ms
[2026-01-16T09:04:20.021+0000][gc,phases   ] GC(829)   Evacuate Collection Set: 348.9ms
[2026-01-16T09:04:20.021+0000][gc,phases   ] GC(829)   Post Evacuate Collection Set: 13.2ms
[2026-01-16T09:04:20.021+0000][gc,phases   ] GC(829)   Other: 3.1ms
[2026-01-16T09:04:20.021+0000][gc,heap     ] GC(829) Eden regions: 46->0(47)
[2026-01-16T09:04:20.022+0000][gc,heap     ] GC(829) Survivor regions: 5->4(7)
[2026-01-16T09:04:20.022+0000][gc,heap     ] GC(829) Old regions: 309->310
[2026-01-16T09:04:20.022+0000][gc,heap     ] GC(829) Humongous regions: 149->149
[2026-01-16T09:04:20.022+0000][gc,metaspace] GC(829) Metaspace: 15451K(16000K)->15451K(16000K) NonClass: 13770K(14016K)->13770K(14016K) Class: 1681K(1984K)->1681K(1984K)
[2026-01-16T09:04:20.022+0000][gc          ] GC(829) Pause Young (Normal) (G1 Evacuation Pause) 507M->462M(1024M) 396.172ms
[2026-01-16T09:04:20.023+0000][gc,cpu      ] GC(829) User=0.18s Sys=0.01s Real=0.39s
[2026-01-16T09:04:21.713+0000][gc,start    ] GC(830) Pause Young (Normal) (G1 Evacuation Pause)
[2026-01-16T09:04:21.717+0000][gc,task     ] GC(830) Using 8 workers of 8 for evacuation
[2026-01-16T09:04:22.035+0000][gc,mmu      ] GC(830) MMU target violated: 201.0ms (200.0ms/201.0ms)
[2026-01-16T09:04:22.036+0000][gc,phases   ] GC(830)   Pre Evacuate Collection Set: 40.6ms
[2026-01-16T09:04:22.036+0000][gc,phases   ] GC(830)   Merge Heap Roots: 2.4ms
[2026-01-16T09:04:22.037+0000][gc,phases   ] GC(830)   Evacuate Collection Set: 258.7ms
[2026-01-16T09:04:22.037+0000][gc,phases   ] GC(830)   Post Evacuate Collection Set: 12.1ms
[2026-01-16T09:04:22.038+0000][gc,phases   ] GC(830)   Other: 5.2ms
[2026-01-16T09:04:22.038+0000][gc,heap     ] GC(830) Eden regions: 47->0(47)
[2026-01-16T09:04:22.039+0000][gc,heap     ] GC(830) Survivor regions: 4->4(7)
[2026-01-16T09:04:22.039+0000][gc,heap     ] GC(830) Old regions: 310->311
[2026-01-16T09:04:22.039+0000][gc,heap     ] GC(830) Humongous regions: 149->149
[2026-01-16T09:04:22.040+0000][gc,metaspace] GC(830) Metaspace: 15451K(16000K)->15451K(16000K) NonClass: 13770K(14016K)->13770K(14016K) Class: 1681K(1984K)->1681K(1984K)
[2026-01-16T09:04:22.041+0000][gc          ] GC(830) Pause Young (Normal) (G1 Evacuation Pause) 509M->463M(1024M) 327.363ms
[2026-01-16T09:04:22.041+0000][gc,cpu      ] GC(830) User=0.23s Sys=0.01s Real=0.32s
[2026-01-16T09:04:23.406+0000][gc,start    ] GC(831) Pause Young (Normal) (G1 Evacuation Pause)
[2026-01-16T09:04:23.410+0000][gc,task     ] GC(831) Using 8 workers of 8 for evacuation
[2026-01-16T09:04:23.752+0000][gc,mmu      ] GC(831) MMU target violated: 201.0ms (200.0ms/201.0ms)
[2026-01-16T09:04:23.758+0000][gc,phases   ] GC(831)   Pre Evacuate Collection Set: 38.7ms
[2026-01-16T09:04:23.758+0000][gc,phases   ] GC(831)   Merge Heap Roots: 5.6ms
[2026-01-16T09:04:23.759+0000][gc,phases   ] GC(831)   Evacuate Collection Set: 287.6ms
[2026-01-16T09:04:23.759+0000][gc,phases   ] GC(831)   Post Evacuate Collection Set: 8.3ms
[2026-01-16T09:04:23.759+0000][gc,phases   ] GC(831)   Other: 8.0ms
[2026-01-16T09:04:23.760+0000][gc,heap     ] GC(831) Eden regions: 47->0(46)
[2026-01-16T09:04:23.760+0000][gc,heap     ] GC(831) Survivor regions: 4->5(7)
[2026-01-16T09:04:23.760+0000][gc,heap     ] GC(831) Old regions: 311->311
[2026-01-16T09:04:23.761+0000][gc,heap     ] GC(831) Humongous regions: 149->149
[2026-01-16T09:04:23.761+0000][gc,metaspace] GC(831) Metaspace: 15451K(16000K)->15451K(16000K) NonClass: 13770K(14016K)->13770K(14016K) Class: 1681K(1984K)->1681K(1984K)
[2026-01-16T09:04:23.762+0000][gc          ] GC(831) Pause Young (Normal) (G1 Evacuation Pause) 510M->464M(1024M) 356.813ms
[2026-01-16T09:04:23.763+0000][gc,cpu      ] GC(831) User=0.22s Sys=0.01s Real=0.36s
[2026-01-16T09:04:26.040+0000][gc,start    ] GC(832) Pause Young (Normal) (G1 Evacuation Pause)
[2026-01-16T09:04:26.053+0000][gc,task     ] GC(832) Using 8 workers of 8 for evacuation
[2026-01-16T09:04:26.656+0000][gc,mmu      ] GC(832) MMU target violated: 201.0ms (200.0ms/201.0ms)
[2026-01-16T09:04:26.656+0000][gc,phases   ] GC(832)   Pre Evacuate Collection Set: 54.6ms
[2026-01-16T09:04:26.656+0000][gc,phases   ] GC(832)   Merge Heap Roots: 1.1ms
[2026-01-16T09:04:26.656+0000][gc,phases   ] GC(832)   Evacuate Collection Set: 529.5ms
[2026-01-16T09:04:26.657+0000][gc,phases   ] GC(832)   Post Evacuate Collection Set: 17.3ms
[2026-01-16T09:04:26.657+0000][gc,phases   ] GC(832)   Other: 1.2ms
[2026-01-16T09:04:26.657+0000][gc,heap     ] GC(832) Eden regions: 46->0(46)
[2026-01-16T09:04:26.657+0000][gc,heap     ] GC(832) Survivor regions: 5->5(7)
[2026-01-16T09:04:26.657+0000][gc,heap     ] GC(832) Old regions: 311->312
[2026-01-16T09:04:26.657+0000][gc,heap     ] GC(832) Humongous regions: 149->149
[2026-01-16T09:04:26.658+0000][gc,metaspace] GC(832) Metaspace: 15451K(16000K)->15451K(16000K) NonClass: 13770K(14016K)->13770K(14016K) Class: 1681K(1984K)->1681K(1984K)
[2026-01-16T09:04:26.659+0000][gc          ] GC(832) Pause Young (Normal) (G1 Evacuation Pause) 510M->465M(1024M) 618.775ms
[2026-01-16T09:04:26.661+0000][gc,cpu      ] GC(832) User=0.25s Sys=0.04s Real=0.62s
[2026-01-16T09:04:28.673+0000][gc,start    ] GC(833) Pause Young (Concurrent Start) (G1 Evacuation Pause)
[2026-01-16T09:04:28.673+0000][gc,task     ] GC(833) Using 8 workers of 8 for evacuation
[2026-01-16T09:04:29.387+0000][gc,mmu      ] GC(833) MMU target violated: 201.0ms (200.0ms/201.0ms)
[2026-01-16T09:04:29.388+0000][gc,phases   ] GC(833)   Pre Evacuate Collection Set: 45.9ms
[2026-01-16T09:04:29.389+0000][gc,phases   ] GC(833)   Merge Heap Roots: 8.0ms
[2026-01-16T09:04:29.389+0000][gc,phases   ] GC(833)   Evacuate Collection Set: 642.3ms
[2026-01-16T09:04:29.390+0000][gc,phases   ] GC(833)   Post Evacuate Collection Set: 12.7ms
[2026-01-16T09:04:29.391+0000][gc,phases   ] GC(833)   Other: 6.4ms
[2026-01-16T09:04:29.392+0000][gc,heap     ] GC(833) Eden regions: 46->0(46)
[2026-01-16T09:04:29.392+0000][gc,heap     ] GC(833) Survivor regions: 5->5(7)
[2026-01-16T09:04:29.393+0000][gc,heap     ] GC(833) Old regions: 312->313
[2026-01-16T09:04:29.394+0000][gc,heap     ] GC(833) Humongous regions: 149->149
[2026-01-16T09:04:29.394+0000][gc,metaspace] GC(833) Metaspace: 15451K(16000K)->15451K(16000K) NonClass: 13770K(14016K)->13770K(14016K) Class: 1681K(1984K)->1681K(1984K)
[2026-01-16T09:04:29.396+0000][gc          ] GC(833) Pause Young (Concurrent Start) (G1 Evacuation Pause) 511M->465M(1024M) 723.010ms
[2026-01-16T09:04:29.404+0000][gc,cpu      ] GC(833) User=0.37s Sys=0.02s Real=0.74s
[2026-01-16T09:04:29.406+0000][gc          ] GC(834) Concurrent Mark Cycle
[2026-01-16T09:04:29.485+0000][gc,marking  ] GC(834) Concurrent Scan Root Regions
[2026-01-16T09:04:30.825+0000][gc,marking  ] GC(834) Concurrent Scan Root Regions 1287.745ms
[2026-01-16T09:04:30.829+0000][gc,marking  ] GC(834) Concurrent Mark
[2026-01-16T09:04:30.832+0000][gc,marking  ] GC(834) Concurrent Mark From Roots
[2026-01-16T09:04:30.877+0000][gc,task     ] GC(834) Using 2 workers of 2 for marking
[2026-01-16T09:04:35.059+0000][gc,start    ] GC(835) Pause Young (Normal) (G1 Evacuation Pause)
[2026-01-16T09:04:35.091+0000][gc,task     ] GC(835) Using 8 workers of 8 for evacuation
[2026-01-16T09:04:36.055+0000][gc,mmu      ] GC(835) MMU target violated: 201.0ms (200.0ms/201.0ms)
[2026-01-16T09:04:36.057+0000][gc,phases   ] GC(835)   Pre Evacuate Collection Set: 56.3ms
[2026-01-16T09:04:36.057+0000][gc,phases   ] GC(835)   Merge Heap Roots: 14.0ms
[2026-01-16T09:04:36.066+0000][gc,phases   ] GC(835)   Evacuate Collection Set: 850.0ms
[2026-01-16T09:04:36.068+0000][gc,phases   ] GC(835)   Post Evacuate Collection Set: 39.5ms
[2026-01-16T09:04:36.069+0000][gc,phases   ] GC(835)   Other: 20.0ms
[2026-01-16T09:04:36.070+0000][gc,heap     ] GC(835) Eden regions: 46->0(46)
[2026-01-16T09:04:36.071+0000][gc,heap     ] GC(835) Survivor regions: 5->5(7)
[2026-01-16T09:04:36.074+0000][gc,heap     ] GC(835) Old regions: 313->313
[2026-01-16T09:04:36.076+0000][gc,heap     ] GC(835) Humongous regions: 149->149
[2026-01-16T09:04:36.081+0000][gc,metaspace] GC(835) Metaspace: 15452K(16000K)->15452K(16000K) NonClass: 13770K(14016K)->13770K(14016K) Class: 1681K(1984K)->1681K(1984K)
[2026-01-16T09:04:36.085+0000][gc          ] GC(835) Pause Young (Normal) (G1 Evacuation Pause) 511M->465M(1024M) 1026.436ms
[2026-01-16T09:04:36.087+0000][gc,cpu      ] GC(835) User=0.52s Sys=0.05s Real=1.03s
[2026-01-16T09:04:40.676+0000][gc,start    ] GC(836) Pause Young (Normal) (G1 Evacuation Pause)
[2026-01-16T09:04:40.684+0000][gc,task     ] GC(836) Using 8 workers of 8 for evacuation
[2026-01-16T09:04:41.321+0000][gc,mmu      ] GC(836) MMU target violated: 201.0ms (200.0ms/201.0ms)
[2026-01-16T09:04:41.324+0000][gc,phases   ] GC(836)   Pre Evacuate Collection Set: 31.2ms
[2026-01-16T09:04:41.325+0000][gc,phases   ] GC(836)   Merge Heap Roots: 18.7ms
[2026-01-16T09:04:41.326+0000][gc,phases   ] GC(836)   Evacuate Collection Set: 564.8ms
[2026-01-16T09:04:41.326+0000][gc,phases   ] GC(836)   Post Evacuate Collection Set: 11.9ms
[2026-01-16T09:04:41.327+0000][gc,phases   ] GC(836)   Other: 14.2ms
[2026-01-16T09:04:41.328+0000][gc,heap     ] GC(836) Eden regions: 46->0(46)
[2026-01-16T09:04:41.328+0000][gc,heap     ] GC(836) Survivor regions: 5->5(7)
[2026-01-16T09:04:41.329+0000][gc,heap     ] GC(836) Old regions: 313->314
[2026-01-16T09:04:41.329+0000][gc,heap     ] GC(836) Humongous regions: 149->149
[2026-01-16T09:04:41.330+0000][gc,metaspace] GC(836) Metaspace: 15461K(16000K)->15461K(16000K) NonClass: 13779K(14016K)->13779K(14016K) Class: 1681K(1984K)->1681K(1984K)
[2026-01-16T09:04:41.331+0000][gc          ] GC(836) Pause Young (Normal) (G1 Evacuation Pause) 511M->467M(1024M) 654.930ms
[2026-01-16T09:04:41.335+0000][gc,cpu      ] GC(836) User=0.40s Sys=0.04s Real=0.66s
[2026-01-16T09:04:42.932+0000][gc,marking  ] GC(834) Concurrent Mark From Roots 12100.080ms
[2026-01-16T09:04:42.933+0000][gc,marking  ] GC(834) Concurrent Preclean
[2026-01-16T09:04:42.953+0000][gc,marking  ] GC(834) Concurrent Preclean 20.951ms
[2026-01-16T09:04:43.383+0000][gc,start    ] GC(834) Pause Remark
[2026-01-16T09:04:47.707+0000][gc,mmu      ] GC(834) MMU target violated: 201.0ms (200.0ms/201.0ms)
[2026-01-16T09:04:47.717+0000][gc          ] GC(834) Pause Remark 494M->483M(1024M) 4334.472ms
[2026-01-16T09:04:47.719+0000][gc,cpu      ] GC(834) User=2.08s Sys=0.25s Real=4.33s
[2026-01-16T09:04:47.792+0000][gc,marking  ] GC(834) Concurrent Mark 16962.655ms
[2026-01-16T09:04:47.800+0000][gc,marking  ] GC(834) Concurrent Rebuild Remembered Sets and Scrub Regions
[2026-01-16T09:04:50.211+0000][gc,start    ] GC(837) Pause Young (Normal) (G1 Evacuation Pause)
[2026-01-16T09:04:50.218+0000][gc,task     ] GC(837) Using 8 workers of 8 for evacuation
[2026-01-16T09:04:51.584+0000][gc,mmu      ] GC(837) MMU target violated: 201.0ms (200.0ms/201.0ms)
[2026-01-16T09:04:51.591+0000][gc,phases   ] GC(837)   Pre Evacuate Collection Set: 85.4ms
[2026-01-16T09:04:51.592+0000][gc,phases   ] GC(837)   Merge Heap Roots: 19.7ms
[2026-01-16T09:04:51.592+0000][gc,phases   ] GC(837)   Evacuate Collection Set: 1177.7ms
[2026-01-16T09:04:51.592+0000][gc,phases   ] GC(837)   Post Evacuate Collection Set: 75.0ms
[2026-01-16T09:04:51.595+0000][gc,phases   ] GC(837)   Other: 14.8ms
[2026-01-16T09:04:51.605+0000][gc,heap     ] GC(837) Eden regions: 46->0(46)
[2026-01-16T09:04:51.608+0000][gc,heap     ] GC(837) Survivor regions: 5->5(7)
[2026-01-16T09:04:51.611+0000][gc,heap     ] GC(837) Old regions: 303->304
[2026-01-16T09:04:51.613+0000][gc,heap     ] GC(837) Humongous regions: 149->149
[2026-01-16T09:04:51.615+0000][gc,metaspace] GC(837) Metaspace: 15461K(16000K)->15461K(16000K) NonClass: 13780K(14016K)->13780K(14016K) Class: 1681K(1984K)->1681K(1984K)
[2026-01-16T09:04:51.617+0000][gc          ] GC(837) Pause Young (Normal) (G1 Evacuation Pause) 502M->456M(1024M) 1406.345ms
[2026-01-16T09:04:51.620+0000][gc,cpu      ] GC(837) User=0.53s Sys=0.07s Real=1.41s
[2026-01-16T09:04:53.844+0000][gc,start    ] GC(838) Pause Young (Normal) (G1 Evacuation Pause)
[2026-01-16T09:04:53.850+0000][gc,task     ] GC(838) Using 8 workers of 8 for evacuation
[2026-01-16T09:04:54.864+0000][gc,mmu      ] GC(838) MMU target violated: 201.0ms (200.0ms/201.0ms)
[2026-01-16T09:04:54.864+0000][gc,phases   ] GC(838)   Pre Evacuate Collection Set: 101.5ms
[2026-01-16T09:04:54.865+0000][gc,phases   ] GC(838)   Merge Heap Roots: 20.4ms
[2026-01-16T09:04:54.865+0000][gc,phases   ] GC(838)   Evacuate Collection Set: 821.2ms
[2026-01-16T09:04:54.866+0000][gc,phases   ] GC(838)   Post Evacuate Collection Set: 58.2ms
[2026-01-16T09:04:54.866+0000][gc,phases   ] GC(838)   Other: 13.0ms
[2026-01-16T09:04:54.869+0000][gc,heap     ] GC(838) Eden regions: 46->0(46)
[2026-01-16T09:04:54.869+0000][gc,heap     ] GC(838) Survivor regions: 5->5(7)
[2026-01-16T09:04:54.871+0000][gc,heap     ] GC(838) Old regions: 304->304
[2026-01-16T09:04:54.872+0000][gc,heap     ] GC(838) Humongous regions: 149->149
[2026-01-16T09:04:54.874+0000][gc,metaspace] GC(838) Metaspace: 15461K(16000K)->15461K(16000K) NonClass: 13780K(14016K)->13780K(14016K) Class: 1681K(1984K)->1681K(1984K)
[2026-01-16T09:04:54.875+0000][gc          ] GC(838) Pause Young (Normal) (G1 Evacuation Pause) 502M->457M(1024M) 1030.247ms
[2026-01-16T09:04:54.876+0000][gc,cpu      ] GC(838) User=0.45s Sys=0.04s Real=1.03s
[2026-01-16T09:04:57.827+0000][gc,start    ] GC(839) Pause Young (Normal) (G1 Evacuation Pause)
[2026-01-16T09:04:57.836+0000][gc,task     ] GC(839) Using 8 workers of 8 for evacuation
[2026-01-16T09:04:58.366+0000][gc,mmu      ] GC(839) MMU target violated: 201.0ms (200.0ms/201.0ms)
[2026-01-16T09:04:58.366+0000][gc,phases   ] GC(839)   Pre Evacuate Collection Set: 62.4ms
[2026-01-16T09:04:58.367+0000][gc,phases   ] GC(839)   Merge Heap Roots: 12.8ms
[2026-01-16T09:04:58.367+0000][gc,phases   ] GC(839)   Evacuate Collection Set: 441.1ms
[2026-01-16T09:04:58.367+0000][gc,phases   ] GC(839)   Post Evacuate Collection Set: 13.0ms
[2026-01-16T09:04:58.368+0000][gc,phases   ] GC(839)   Other: 1.6ms
[2026-01-16T09:04:58.368+0000][gc,heap     ] GC(839) Eden regions: 46->0(46)
[2026-01-16T09:04:58.368+0000][gc,heap     ] GC(839) Survivor regions: 5->5(7)
[2026-01-16T09:04:58.368+0000][gc,heap     ] GC(839) Old regions: 304->305
[2026-01-16T09:04:58.369+0000][gc,heap     ] GC(839) Humongous regions: 149->149
[2026-01-16T09:04:58.370+0000][gc,metaspace] GC(839) Metaspace: 15461K(16000K)->15461K(16000K) NonClass: 13780K(14016K)->13780K(14016K) Class: 1681K(1984K)->1681K(1984K)
[2026-01-16T09:04:58.372+0000][gc          ] GC(839) Pause Young (Normal) (G1 Evacuation Pause) 503M->458M(1024M) 544.882ms
[2026-01-16T09:04:58.374+0000][gc,cpu      ] GC(839) User=0.24s Sys=0.02s Real=0.55s
[2026-01-16T09:05:00.999+0000][gc,start    ] GC(840) Pause Young (Normal) (GCLocker Initiated GC)
[2026-01-16T09:05:01.014+0000][gc,task     ] GC(840) Using 8 workers of 8 for evacuation
[2026-01-16T09:05:02.218+0000][gc,mmu      ] GC(840) MMU target violated: 201.0ms (200.0ms/201.0ms)
[2026-01-16T09:05:02.220+0000][gc,phases   ] GC(840)   Pre Evacuate Collection Set: 38.1ms
[2026-01-16T09:05:02.224+0000][gc,phases   ] GC(840)   Merge Heap Roots: 12.7ms
[2026-01-16T09:05:02.225+0000][gc,phases   ] GC(840)   Evacuate Collection Set: 1092.1ms
[2026-01-16T09:05:02.226+0000][gc,phases   ] GC(840)   Post Evacuate Collection Set: 60.8ms
[2026-01-16T09:05:02.226+0000][gc,phases   ] GC(840)   Other: 2.6ms
[2026-01-16T09:05:02.227+0000][gc,heap     ] GC(840) Eden regions: 50->0(46)
[2026-01-16T09:05:02.227+0000][gc,heap     ] GC(840) Survivor regions: 5->5(7)
[2026-01-16T09:05:02.227+0000][gc,heap     ] GC(840) Old regions: 305->306
[2026-01-16T09:05:02.228+0000][gc,heap     ] GC(840) Humongous regions: 149->149
[2026-01-16T09:05:02.228+0000][gc,metaspace] GC(840) Metaspace: 15461K(16000K)->15461K(16000K) NonClass: 13780K(14016K)->13780K(14016K) Class: 1681K(1984K)->1681K(1984K)
[2026-01-16T09:05:02.231+0000][gc          ] GC(840) Pause Young (Normal) (GCLocker Initiated GC) 508M->458M(1024M) 1231.611ms
[2026-01-16T09:05:02.233+0000][gc,cpu      ] GC(840) User=0.55s Sys=0.06s Real=1.24s
[2026-01-16T09:05:04.717+0000][gc,start    ] GC(841) Pause Young (Normal) (G1 Evacuation Pause)
[2026-01-16T09:05:04.738+0000][gc,task     ] GC(841) Using 8 workers of 8 for evacuation
[2026-01-16T09:05:06.071+0000][gc,mmu      ] GC(841) MMU target violated: 201.0ms (200.0ms/201.0ms)
[2026-01-16T09:05:06.084+0000][gc,phases   ] GC(841)   Pre Evacuate Collection Set: 47.3ms
[2026-01-16T09:05:06.088+0000][gc,phases   ] GC(841)   Merge Heap Roots: 57.9ms
[2026-01-16T09:05:06.089+0000][gc,phases   ] GC(841)   Evacuate Collection Set: 1090.5ms
[2026-01-16T09:05:06.090+0000][gc,phases   ] GC(841)   Post Evacuate Collection Set: 82.3ms
[2026-01-16T09:05:06.090+0000][gc,phases   ] GC(841)   Other: 84.8ms
[2026-01-16T09:05:06.091+0000][gc,heap     ] GC(841) Eden regions: 46->0(46)
[2026-01-16T09:05:06.094+0000][gc,heap     ] GC(841) Survivor regions: 5->5(7)
[2026-01-16T09:05:06.095+0000][gc,heap     ] GC(841) Old regions: 306->307
[2026-01-16T09:05:06.095+0000][gc,heap     ] GC(841) Humongous regions: 149->149
[2026-01-16T09:05:06.095+0000][gc,metaspace] GC(841) Metaspace: 15461K(16000K)->15461K(16000K) NonClass: 13780K(14016K)->13780K(14016K) Class: 1681K(1984K)->1681K(1984K)
[2026-01-16T09:05:06.097+0000][gc          ] GC(841) Pause Young (Normal) (G1 Evacuation Pause) 504M->459M(1024M) 1380.082ms
[2026-01-16T09:05:06.097+0000][gc,cpu      ] GC(841) User=0.51s Sys=0.04s Real=1.44s
[2026-01-16T09:05:09.394+0000][gc,start    ] GC(842) Pause Young (Normal) (G1 Evacuation Pause)
[2026-01-16T09:05:09.397+0000][gc,task     ] GC(842) Using 8 workers of 8 for evacuation
[2026-01-16T09:05:09.691+0000][gc,mmu      ] GC(842) MMU target violated: 201.0ms (200.0ms/201.0ms)
[2026-01-16T09:05:09.691+0000][gc,phases   ] GC(842)   Pre Evacuate Collection Set: 12.6ms
[2026-01-16T09:05:09.693+0000][gc,phases   ] GC(842)   Merge Heap Roots: 2.5ms
[2026-01-16T09:05:09.696+0000][gc,phases   ] GC(842)   Evacuate Collection Set: 260.6ms
[2026-01-16T09:05:09.696+0000][gc,phases   ] GC(842)   Post Evacuate Collection Set: 16.7ms
[2026-01-16T09:05:09.696+0000][gc,phases   ] GC(842)   Other: 1.5ms
[2026-01-16T09:05:09.698+0000][gc,heap     ] GC(842) Eden regions: 46->0(46)
[2026-01-16T09:05:09.698+0000][gc,heap     ] GC(842) Survivor regions: 5->5(7)
[2026-01-16T09:05:09.698+0000][gc,heap     ] GC(842) Old regions: 307->307
[2026-01-16T09:05:09.699+0000][gc,heap     ] GC(842) Humongous regions: 149->149
[2026-01-16T09:05:09.699+0000][gc,metaspace] GC(842) Metaspace: 15462K(16000K)->15462K(16000K) NonClass: 13781K(14016K)->13781K(14016K) Class: 1681K(1984K)->1681K(1984K)
[2026-01-16T09:05:09.700+0000][gc          ] GC(842) Pause Young (Normal) (G1 Evacuation Pause) 505M->460M(1024M) 305.613ms
[2026-01-16T09:05:09.702+0000][gc,cpu      ] GC(842) User=0.23s Sys=0.02s Real=0.30s
[2026-01-16T09:05:09.863+0000][gc,marking  ] GC(834) Concurrent Rebuild Remembered Sets and Scrub Regions 22053.215ms
[2026-01-16T09:05:09.931+0000][gc,start    ] GC(834) Pause Cleanup
[2026-01-16T09:05:09.946+0000][gc          ] GC(834) Pause Cleanup 472M->472M(1024M) 15.130ms
[2026-01-16T09:05:09.950+0000][gc,cpu      ] GC(834) User=0.01s Sys=0.00s Real=0.02s
[2026-01-16T09:05:09.960+0000][gc,marking  ] GC(834) Concurrent Clear Claimed Marks
[2026-01-16T09:05:09.964+0000][gc,marking  ] GC(834) Concurrent Clear Claimed Marks 4.097ms
[2026-01-16T09:05:09.964+0000][gc,marking  ] GC(834) Concurrent Cleanup for Next Mark
[2026-01-16T09:05:10.992+0000][gc,start    ] GC(843) Pause Young (Prepare Mixed) (G1 Evacuation Pause)
[2026-01-16T09:05:10.996+0000][gc,task     ] GC(843) Using 8 workers of 8 for evacuation
[2026-01-16T09:05:11.171+0000][gc,phases   ] GC(843)   Pre Evacuate Collection Set: 15.4ms
[2026-01-16T09:05:11.171+0000][gc,phases   ] GC(843)   Merge Heap Roots: 6.3ms
[2026-01-16T09:05:11.173+0000][gc,phases   ] GC(843)   Evacuate Collection Set: 137.5ms
[2026-01-16T09:05:11.173+0000][gc,phases   ] GC(843)   Post Evacuate Collection Set: 11.0ms
[2026-01-16T09:05:11.174+0000][gc,phases   ] GC(843)   Other: 4.2ms
[2026-01-16T09:05:11.176+0000][gc,heap     ] GC(843) Eden regions: 46->0(46)
[2026-01-16T09:05:11.176+0000][gc,heap     ] GC(843) Survivor regions: 5->5(7)
[2026-01-16T09:05:11.176+0000][gc,heap     ] GC(843) Old regions: 307->308
[2026-01-16T09:05:11.176+0000][gc,heap     ] GC(843) Humongous regions: 149->149
[2026-01-16T09:05:11.177+0000][gc,metaspace] GC(843) Metaspace: 15463K(16000K)->15463K(16000K) NonClass: 13781K(14016K)->13781K(14016K) Class: 1681K(1984K)->1681K(1984K)
[2026-01-16T09:05:11.178+0000][gc          ] GC(843) Pause Young (Prepare Mixed) (G1 Evacuation Pause) 506M->461M(1024M) 186.021ms
[2026-01-16T09:05:11.179+0000][gc,cpu      ] GC(843) User=0.17s Sys=0.00s Real=0.18s
[2026-01-16T09:05:12.670+0000][gc,start    ] GC(844) Pause Young (Mixed) (G1 Evacuation Pause)
[2026-01-16T09:05:12.671+0000][gc,task     ] GC(844) Using 8 workers of 8 for evacuation
[2026-01-16T09:05:13.276+0000][gc,mmu      ] GC(844) MMU target violated: 201.0ms (200.0ms/201.0ms)
[2026-01-16T09:05:13.278+0000][gc,phases   ] GC(844)   Pre Evacuate Collection Set: 17.3ms
[2026-01-16T09:05:13.284+0000][gc,phases   ] GC(844)   Merge Heap Roots: 18.5ms
[2026-01-16T09:05:13.293+0000][gc,phases   ] GC(844)   Evacuate Collection Set: 497.1ms
[2026-01-16T09:05:13.295+0000][gc,phases   ] GC(844)   Post Evacuate Collection Set: 69.2ms
[2026-01-16T09:05:13.295+0000][gc,phases   ] GC(844)   Other: 4.6ms
[2026-01-16T09:05:13.296+0000][gc,heap     ] GC(844) Eden regions: 46->0(46)
[2026-01-16T09:05:13.296+0000][gc,heap     ] GC(844) Survivor regions: 5->5(7)
[2026-01-16T09:05:13.296+0000][gc,heap     ] GC(844) Old regions: 308->281
[2026-01-16T09:05:13.301+0000][gc,heap     ] GC(844) Humongous regions: 149->149
[2026-01-16T09:05:13.301+0000][gc,metaspace] GC(844) Metaspace: 15463K(16000K)->15463K(16000K) NonClass: 13781K(14016K)->13781K(14016K) Class: 1681K(1984K)->1681K(1984K)
[2026-01-16T09:05:13.303+0000][gc          ] GC(844) Pause Young (Mixed) (G1 Evacuation Pause) 507M->433M(1024M) 632.541ms
[2026-01-16T09:05:13.304+0000][gc,cpu      ] GC(844) User=0.33s Sys=0.01s Real=0.64s
[2026-01-16T09:05:15.383+0000][gc,start    ] GC(845) Pause Young (Mixed) (G1 Evacuation Pause)
[2026-01-16T09:05:15.388+0000][gc,task     ] GC(845) Using 8 workers of 8 for evacuation
[2026-01-16T09:05:16.063+0000][gc,mmu      ] GC(845) MMU target violated: 201.0ms (200.0ms/201.0ms)
[2026-01-16T09:05:16.064+0000][gc,phases   ] GC(845)   Pre Evacuate Collection Set: 26.3ms
[2026-01-16T09:05:16.068+0000][gc,phases   ] GC(845)   Merge Heap Roots: 32.0ms
[2026-01-16T09:05:16.069+0000][gc,phases   ] GC(845)   Evacuate Collection Set: 536.1ms
[2026-01-16T09:05:16.069+0000][gc,phases   ] GC(845)   Post Evacuate Collection Set: 79.2ms
[2026-01-16T09:05:16.070+0000][gc,phases   ] GC(845)   Other: 3.3ms
[2026-01-16T09:05:16.071+0000][gc,heap     ] GC(845) Eden regions: 46->0(47)
[2026-01-16T09:05:16.071+0000][gc,heap     ] GC(845) Survivor regions: 5->4(7)
[2026-01-16T09:05:16.084+0000][gc,heap     ] GC(845) Old regions: 281->254
[2026-01-16T09:05:16.085+0000][gc,heap     ] GC(845) Humongous regions: 149->149
[2026-01-16T09:05:16.086+0000][gc,metaspace] GC(845) Metaspace: 15463K(16000K)->15463K(16000K) NonClass: 13781K(14016K)->13781K(14016K) Class: 1681K(1984K)->1681K(1984K)
[2026-01-16T09:05:16.089+0000][gc          ] GC(845) Pause Young (Mixed) (G1 Evacuation Pause) 479M->406M(1024M) 704.785ms
[2026-01-16T09:05:16.095+0000][gc,cpu      ] GC(845) User=0.38s Sys=0.04s Real=0.71s
[2026-01-16T09:05:16.132+0000][gc,marking  ] GC(834) Concurrent Cleanup for Next Mark 6167.757ms
[2026-01-16T09:05:16.142+0000][gc          ] GC(834) Concurrent Mark Cycle 46725.981ms
[2026-01-16T09:05:20.216+0000][gc,start    ] GC(846) Pause Young (Mixed) (GCLocker Initiated GC)
[2026-01-16T09:05:20.220+0000][gc,task     ] GC(846) Using 8 workers of 8 for evacuation
[2026-01-16T09:05:21.263+0000][gc,mmu      ] GC(846) MMU target violated: 201.0ms (200.0ms/201.0ms)
[2026-01-16T09:05:21.265+0000][gc,phases   ] GC(846)   Pre Evacuate Collection Set: 72.9ms
[2026-01-16T09:05:21.266+0000][gc,phases   ] GC(846)   Merge Heap Roots: 20.7ms
[2026-01-16T09:05:21.268+0000][gc,phases   ] GC(846)   Evacuate Collection Set: 914.6ms
[2026-01-16T09:05:21.270+0000][gc,phases   ] GC(846)   Post Evacuate Collection Set: 34.4ms
[2026-01-16T09:05:21.270+0000][gc,phases   ] GC(846)   Other: 3.1ms
[2026-01-16T09:05:21.270+0000][gc,heap     ] GC(846) Eden regions: 47->0(46)
[2026-01-16T09:05:21.270+0000][gc,heap     ] GC(846) Survivor regions: 4->5(7)
[2026-01-16T09:05:21.271+0000][gc,heap     ] GC(846) Old regions: 254->227
[2026-01-16T09:05:21.271+0000][gc,heap     ] GC(846) Humongous regions: 149->149
[2026-01-16T09:05:21.271+0000][gc,metaspace] GC(846) Metaspace: 15463K(16000K)->15463K(16000K) NonClass: 13781K(14016K)->13781K(14016K) Class: 1681K(1984K)->1681K(1984K)
[2026-01-16T09:05:21.272+0000][gc          ] GC(846) Pause Young (Mixed) (GCLocker Initiated GC) 453M->379M(1024M) 1055.365ms
[2026-01-16T09:05:21.272+0000][gc,cpu      ] GC(846) User=0.40s Sys=0.01s Real=1.06s
[2026-01-16T09:05:22.897+0000][gc,start    ] GC(847) Pause Young (Mixed) (G1 Evacuation Pause)
[2026-01-16T09:05:22.906+0000][gc,task     ] GC(847) Using 8 workers of 8 for evacuation
[2026-01-16T09:05:23.288+0000][gc,mmu      ] GC(847) MMU target violated: 201.0ms (200.0ms/201.0ms)
[2026-01-16T09:05:23.289+0000][gc,phases   ] GC(847)   Pre Evacuate Collection Set: 37.0ms
[2026-01-16T09:05:23.292+0000][gc,phases   ] GC(847)   Merge Heap Roots: 15.2ms
[2026-01-16T09:05:23.292+0000][gc,phases   ] GC(847)   Evacuate Collection Set: 279.9ms
[2026-01-16T09:05:23.299+0000][gc,phases   ] GC(847)   Post Evacuate Collection Set: 48.3ms
[2026-01-16T09:05:23.307+0000][gc,phases   ] GC(847)   Other: 3.3ms
[2026-01-16T09:05:23.308+0000][gc,heap     ] GC(847) Eden regions: 46->0(46)
[2026-01-16T09:05:23.308+0000][gc,heap     ] GC(847) Survivor regions: 5->5(7)
[2026-01-16T09:05:23.309+0000][gc,heap     ] GC(847) Old regions: 227->199
[2026-01-16T09:05:23.311+0000][gc,heap     ] GC(847) Humongous regions: 149->149
[2026-01-16T09:05:23.313+0000][gc,metaspace] GC(847) Metaspace: 15463K(16000K)->15463K(16000K) NonClass: 13781K(14016K)->13781K(14016K) Class: 1681K(1984K)->1681K(1984K)
[2026-01-16T09:05:23.314+0000][gc          ] GC(847) Pause Young (Mixed) (G1 Evacuation Pause) 425M->352M(1024M) 416.674ms
[2026-01-16T09:05:23.314+0000][gc,cpu      ] GC(847) User=0.25s Sys=0.03s Real=0.42s
[2026-01-16T09:05:25.223+0000][gc,start    ] GC(848) Pause Young (Mixed) (G1 Evacuation Pause)
[2026-01-16T09:05:25.225+0000][gc,task     ] GC(848) Using 8 workers of 8 for evacuation
[2026-01-16T09:05:26.099+0000][gc,mmu      ] GC(848) MMU target violated: 201.0ms (200.0ms/201.0ms)
[2026-01-16T09:05:26.112+0000][gc,phases   ] GC(848)   Pre Evacuate Collection Set: 34.7ms
[2026-01-16T09:05:26.114+0000][gc,phases   ] GC(848)   Merge Heap Roots: 24.1ms
[2026-01-16T09:05:26.114+0000][gc,phases   ] GC(848)   Evacuate Collection Set: 767.4ms
[2026-01-16T09:05:26.117+0000][gc,phases   ] GC(848)   Post Evacuate Collection Set: 40.0ms
[2026-01-16T09:05:26.123+0000][gc,phases   ] GC(848)   Other: 20.2ms
[2026-01-16T09:05:26.126+0000][gc,heap     ] GC(848) Eden regions: 46->0(46)
[2026-01-16T09:05:26.127+0000][gc,heap     ] GC(848) Survivor regions: 5->5(7)
[2026-01-16T09:05:26.129+0000][gc,heap     ] GC(848) Old regions: 199->172
[2026-01-16T09:05:26.130+0000][gc,heap     ] GC(848) Humongous regions: 149->149
[2026-01-16T09:05:26.130+0000][gc,metaspace] GC(848) Metaspace: 15463K(16000K)->15463K(16000K) NonClass: 13781K(14016K)->13781K(14016K) Class: 1681K(1984K)->1681K(1984K)
[2026-01-16T09:05:26.131+0000][gc          ] GC(848) Pause Young (Mixed) (G1 Evacuation Pause) 398M->324M(1024M) 908.110ms
[2026-01-16T09:05:26.152+0000][gc,cpu      ] GC(848) User=0.33s Sys=0.02s Real=0.91s
[2026-01-16T09:05:28.658+0000][gc,start    ] GC(849) Pause Young (Mixed) (G1 Evacuation Pause)
[2026-01-16T09:05:28.667+0000][gc,task     ] GC(849) Using 8 workers of 8 for evacuation
[2026-01-16T09:05:29.600+0000][gc,mmu      ] GC(849) MMU target violated: 201.0ms (200.0ms/201.0ms)
[2026-01-16T09:05:29.602+0000][gc,phases   ] GC(849)   Pre Evacuate Collection Set: 11.5ms
[2026-01-16T09:05:29.608+0000][gc,phases   ] GC(849)   Merge Heap Roots: 12.9ms
[2026-01-16T09:05:29.609+0000][gc,phases   ] GC(849)   Evacuate Collection Set: 832.2ms
[2026-01-16T09:05:29.612+0000][gc,phases   ] GC(849)   Post Evacuate Collection Set: 71.9ms
[2026-01-16T09:05:29.617+0000][gc,phases   ] GC(849)   Other: 14.8ms
[2026-01-16T09:05:29.618+0000][gc,heap     ] GC(849) Eden regions: 46->0(46)
[2026-01-16T09:05:29.625+0000][gc,heap     ] GC(849) Survivor regions: 5->5(7)
[2026-01-16T09:05:29.625+0000][gc,heap     ] GC(849) Old regions: 172->145
[2026-01-16T09:05:29.626+0000][gc,heap     ] GC(849) Humongous regions: 149->149
[2026-01-16T09:05:29.626+0000][gc,metaspace] GC(849) Metaspace: 15463K(16000K)->15463K(16000K) NonClass: 13781K(14016K)->13781K(14016K) Class: 1681K(1984K)->1681K(1984K)
[2026-01-16T09:05:29.627+0000][gc          ] GC(849) Pause Young (Mixed) (G1 Evacuation Pause) 370M->298M(1024M) 968.857ms
[2026-01-16T09:05:29.631+0000][gc,cpu      ] GC(849) User=0.54s Sys=0.04s Real=0.97s
[2026-01-16T09:05:32.263+0000][gc,start    ] GC(850) Pause Young (Mixed) (G1 Evacuation Pause)
[2026-01-16T09:05:32.265+0000][gc,task     ] GC(850) Using 8 workers of 8 for evacuation
[2026-01-16T09:05:33.992+0000][gc,mmu      ] GC(850) MMU target violated: 201.0ms (200.0ms/201.0ms)
[2026-01-16T09:05:33.997+0000][gc,phases   ] GC(850)   Pre Evacuate Collection Set: 38.2ms
[2026-01-16T09:05:33.998+0000][gc,phases   ] GC(850)   Merge Heap Roots: 103.0ms
[2026-01-16T09:05:33.998+0000][gc,phases   ] GC(850)   Evacuate Collection Set: 1453.8ms
[2026-01-16T09:05:33.999+0000][gc,phases   ] GC(850)   Post Evacuate Collection Set: 122.3ms
[2026-01-16T09:05:33.999+0000][gc,phases   ] GC(850)   Other: 15.4ms
[2026-01-16T09:05:34.000+0000][gc,heap     ] GC(850) Eden regions: 46->0(47)
[2026-01-16T09:05:34.001+0000][gc,heap     ] GC(850) Survivor regions: 5->4(7)
[2026-01-16T09:05:34.001+0000][gc,heap     ] GC(850) Old regions: 145->119
[2026-01-16T09:05:34.001+0000][gc,heap     ] GC(850) Humongous regions: 149->149
[2026-01-16T09:05:34.002+0000][gc,metaspace] GC(850) Metaspace: 15463K(16000K)->15463K(16000K) NonClass: 13781K(14016K)->13781K(14016K) Class: 1681K(1984K)->1681K(1984K)
[2026-01-16T09:05:34.002+0000][gc          ] GC(850) Pause Young (Mixed) (G1 Evacuation Pause) 344M->270M(1024M) 1739.088ms
[2026-01-16T09:05:34.003+0000][gc,cpu      ] GC(850) User=0.82s Sys=0.04s Real=1.75s
[2026-01-16T09:05:35.569+0000][gc,start    ] GC(851) Pause Young (Mixed) (G1 Evacuation Pause)
[2026-01-16T09:05:35.582+0000][gc,task     ] GC(851) Using 8 workers of 8 for evacuation
[2026-01-16T09:05:35.905+0000][gc,mmu      ] GC(851) MMU target violated: 201.0ms (200.0ms/201.0ms)
[2026-01-16T09:05:35.908+0000][gc,phases   ] GC(851)   Pre Evacuate Collection Set: 34.9ms
[2026-01-16T09:05:35.908+0000][gc,phases   ] GC(851)   Merge Heap Roots: 12.0ms
[2026-01-16T09:05:35.908+0000][gc,phases   ] GC(851)   Evacuate Collection Set: 259.4ms
[2026-01-16T09:05:35.919+0000][gc,phases   ] GC(851)   Post Evacuate Collection Set: 14.8ms
[2026-01-16T09:05:35.919+0000][gc,phases   ] GC(851)   Other: 4.7ms
[2026-01-16T09:05:35.919+0000][gc,heap     ] GC(851) Eden regions: 47->0(46)
[2026-01-16T09:05:35.919+0000][gc,heap     ] GC(851) Survivor regions: 4->5(7)
[2026-01-16T09:05:35.919+0000][gc,heap     ] GC(851) Old regions: 119->94
[2026-01-16T09:05:35.920+0000][gc,heap     ] GC(851) Humongous regions: 149->149
[2026-01-16T09:05:35.920+0000][gc,metaspace] GC(851) Metaspace: 15463K(16000K)->15463K(16000K) NonClass: 13781K(14016K)->13781K(14016K) Class: 1681K(1984K)->1681K(1984K)
[2026-01-16T09:05:35.920+0000][gc          ] GC(851) Pause Young (Mixed) (G1 Evacuation Pause) 317M->246M(1024M) 350.867ms
[2026-01-16T09:05:35.920+0000][gc,cpu      ] GC(851) User=0.29s Sys=0.01s Real=0.35s
[2026-01-16T09:05:37.369+0000][gc,start    ] GC(852) Pause Young (Normal) (G1 Evacuation Pause)
[2026-01-16T09:05:37.377+0000][gc,task     ] GC(852) Using 8 workers of 8 for evacuation
[2026-01-16T09:05:37.656+0000][gc,mmu      ] GC(852) MMU target violated: 201.0ms (200.0ms/201.0ms)
[2026-01-16T09:05:37.656+0000][gc,phases   ] GC(852)   Pre Evacuate Collection Set: 8.5ms
[2026-01-16T09:05:37.656+0000][gc,phases   ] GC(852)   Merge Heap Roots: 6.1ms
[2026-01-16T09:05:37.656+0000][gc,phases   ] GC(852)   Evacuate Collection Set: 250.8ms
[2026-01-16T09:05:37.657+0000][gc,phases   ] GC(852)   Post Evacuate Collection Set: 9.7ms
[2026-01-16T09:05:37.657+0000][gc,phases   ] GC(852)   Other: 9.1ms
[2026-01-16T09:05:37.657+0000][gc,heap     ] GC(852) Eden regions: 46->0(46)
[2026-01-16T09:05:37.657+0000][gc,heap     ] GC(852) Survivor regions: 5->5(7)
[2026-01-16T09:05:37.657+0000][gc,heap     ] GC(852) Old regions: 94->95
[2026-01-16T09:05:37.657+0000][gc,heap     ] GC(852) Humongous regions: 149->149
[2026-01-16T09:05:37.657+0000][gc,metaspace] GC(852) Metaspace: 15463K(16000K)->15463K(16000K) NonClass: 13781K(14016K)->13781K(14016K) Class: 1681K(1984K)->1681K(1984K)
[2026-01-16T09:05:37.657+0000][gc          ] GC(852) Pause Young (Normal) (G1 Evacuation Pause) 292M->247M(1024M) 287.999ms
[2026-01-16T09:05:37.657+0000][gc,cpu      ] GC(852) User=0.20s Sys=0.00s Real=0.29s
[2026-01-16T09:05:39.294+0000][gc,start    ] GC(853) Pause Young (Normal) (G1 Evacuation Pause)
[2026-01-16T09:05:39.297+0000][gc,task     ] GC(853) Using 8 workers of 8 for evacuation
[2026-01-16T09:05:39.536+0000][gc,mmu      ] GC(853) MMU target violated: 201.0ms (200.0ms/201.0ms)
[2026-01-16T09:05:39.538+0000][gc,phases   ] GC(853)   Pre Evacuate Collection Set: 14.9ms
[2026-01-16T09:05:39.539+0000][gc,phases   ] GC(853)   Merge Heap Roots: 0.8ms
[2026-01-16T09:05:39.541+0000][gc,phases   ] GC(853)   Evacuate Collection Set: 211.1ms
[2026-01-16T09:05:39.547+0000][gc,phases   ] GC(853)   Post Evacuate Collection Set: 10.9ms
[2026-01-16T09:05:39.548+0000][gc,phases   ] GC(853)   Other: 4.5ms
[2026-01-16T09:05:39.551+0000][gc,heap     ] GC(853) Eden regions: 46->0(46)
[2026-01-16T09:05:39.552+0000][gc,heap     ] GC(853) Survivor regions: 5->5(7)
[2026-01-16T09:05:39.556+0000][gc,heap     ] GC(853) Old regions: 95->96
[2026-01-16T09:05:39.563+0000][gc,heap     ] GC(853) Humongous regions: 149->149
[2026-01-16T09:05:39.564+0000][gc,metaspace] GC(853) Metaspace: 15463K(16000K)->15463K(16000K) NonClass: 13781K(14016K)->13781K(14016K) Class: 1681K(1984K)->1681K(1984K)
[2026-01-16T09:05:39.564+0000][gc          ] GC(853) Pause Young (Normal) (G1 Evacuation Pause) 293M->248M(1024M) 270.980ms
[2026-01-16T09:05:39.565+0000][gc,cpu      ] GC(853) User=0.23s Sys=0.04s Real=0.27s
[2026-01-16T09:05:41.337+0000][gc,start    ] GC(854) Pause Young (Normal) (G1 Evacuation Pause)
[2026-01-16T09:05:41.338+0000][gc,task     ] GC(854) Using 8 workers of 8 for evacuation
[2026-01-16T09:05:41.607+0000][gc,mmu      ] GC(854) MMU target violated: 201.0ms (200.0ms/201.0ms)
[2026-01-16T09:05:41.608+0000][gc,phases   ] GC(854)   Pre Evacuate Collection Set: 12.5ms
[2026-01-16T09:05:41.608+0000][gc,phases   ] GC(854)   Merge Heap Roots: 1.0ms
[2026-01-16T09:05:41.608+0000][gc,phases   ] GC(854)   Evacuate Collection Set: 244.8ms
[2026-01-16T09:05:41.608+0000][gc,phases   ] GC(854)   Post Evacuate Collection Set: 8.4ms
[2026-01-16T09:05:41.608+0000][gc,phases   ] GC(854)   Other: 2.7ms
[2026-01-16T09:05:41.608+0000][gc,heap     ] GC(854) Eden regions: 46->0(46)
[2026-01-16T09:05:41.608+0000][gc,heap     ] GC(854) Survivor regions: 5->5(7)
[2026-01-16T09:05:41.608+0000][gc,heap     ] GC(854) Old regions: 96->96
[2026-01-16T09:05:41.608+0000][gc,heap     ] GC(854) Humongous regions: 149->149
[2026-01-16T09:05:41.608+0000][gc,metaspace] GC(854) Metaspace: 15464K(16000K)->15464K(16000K) NonClass: 13783K(14016K)->13783K(14016K) Class: 1681K(1984K)->1681K(1984K)
[2026-01-16T09:05:41.609+0000][gc          ] GC(854) Pause Young (Normal) (G1 Evacuation Pause) 294M->249M(1024M) 271.870ms
[2026-01-16T09:05:41.609+0000][gc,cpu      ] GC(854) User=0.24s Sys=0.01s Real=0.27s
[2026-01-16T09:05:42.393+0000][gc,start    ] GC(855) Pause Young (Normal) (G1 Evacuation Pause)
[2026-01-16T09:05:42.394+0000][gc,task     ] GC(855) Using 8 workers of 8 for evacuation
[2026-01-16T09:05:42.762+0000][gc,mmu      ] GC(855) MMU target violated: 201.0ms (200.0ms/201.0ms)
[2026-01-16T09:05:42.764+0000][gc,phases   ] GC(855)   Pre Evacuate Collection Set: 7.8ms
[2026-01-16T09:05:42.768+0000][gc,phases   ] GC(855)   Merge Heap Roots: 0.6ms
[2026-01-16T09:05:42.769+0000][gc,phases   ] GC(855)   Evacuate Collection Set: 349.5ms
[2026-01-16T09:05:42.769+0000][gc,phases   ] GC(855)   Post Evacuate Collection Set: 9.4ms
[2026-01-16T09:05:42.770+0000][gc,phases   ] GC(855)   Other: 3.0ms
[2026-01-16T09:05:42.770+0000][gc,heap     ] GC(855) Eden regions: 46->0(47)
[2026-01-16T09:05:42.771+0000][gc,heap     ] GC(855) Survivor regions: 5->4(7)
[2026-01-16T09:05:42.773+0000][gc,heap     ] GC(855) Old regions: 96->98
[2026-01-16T09:05:42.775+0000][gc,heap     ] GC(855) Humongous regions: 149->149
[2026-01-16T09:05:42.775+0000][gc,metaspace] GC(855) Metaspace: 15464K(16000K)->15464K(16000K) NonClass: 13783K(14016K)->13783K(14016K) Class: 1681K(1984K)->1681K(1984K)
[2026-01-16T09:05:42.776+0000][gc          ] GC(855) Pause Young (Normal) (G1 Evacuation Pause) 295M->249M(1024M) 383.274ms
[2026-01-16T09:05:42.777+0000][gc,cpu      ] GC(855) User=0.19s Sys=0.03s Real=0.41s
[2026-01-16T09:05:43.963+0000][gc,start    ] GC(856) Pause Young (Normal) (G1 Evacuation Pause)
[2026-01-16T09:05:43.965+0000][gc,task     ] GC(856) Using 8 workers of 8 for evacuation
[2026-01-16T09:05:44.121+0000][gc,phases   ] GC(856)   Pre Evacuate Collection Set: 15.7ms
[2026-01-16T09:05:44.123+0000][gc,phases   ] GC(856)   Merge Heap Roots: 1.5ms
[2026-01-16T09:05:44.126+0000][gc,phases   ] GC(856)   Evacuate Collection Set: 132.5ms
[2026-01-16T09:05:44.129+0000][gc,phases   ] GC(856)   Post Evacuate Collection Set: 3.6ms
[2026-01-16T09:05:44.130+0000][gc,phases   ] GC(856)   Other: 1.1ms
[2026-01-16T09:05:44.131+0000][gc,heap     ] GC(856) Eden regions: 47->0(46)
[2026-01-16T09:05:44.132+0000][gc,heap     ] GC(856) Survivor regions: 4->5(7)
[2026-01-16T09:05:44.134+0000][gc,heap     ] GC(856) Old regions: 98->98
[2026-01-16T09:05:44.136+0000][gc,heap     ] GC(856) Humongous regions: 149->149
[2026-01-16T09:05:44.137+0000][gc,metaspace] GC(856) Metaspace: 15464K(16000K)->15464K(16000K) NonClass: 13783K(14016K)->13783K(14016K) Class: 1681K(1984K)->1681K(1984K)
[2026-01-16T09:05:44.137+0000][gc          ] GC(856) Pause Young (Normal) (G1 Evacuation Pause) 296M->250M(1024M) 174.524ms
[2026-01-16T09:05:44.138+0000][gc,cpu      ] GC(856) User=0.13s Sys=0.01s Real=0.17s
[2026-01-16T09:05:44.986+0000][gc,start    ] GC(857) Pause Young (Normal) (G1 Evacuation Pause)
[2026-01-16T09:05:44.988+0000][gc,task     ] GC(857) Using 8 workers of 8 for evacuation
[2026-01-16T09:05:45.533+0000][gc,mmu      ] GC(857) MMU target violated: 201.0ms (200.0ms/201.0ms)
[2026-01-16T09:05:45.536+0000][gc,phases   ] GC(857)   Pre Evacuate Collection Set: 17.2ms
[2026-01-16T09:05:45.537+0000][gc,phases   ] GC(857)   Merge Heap Roots: 6.5ms
[2026-01-16T09:05:45.538+0000][gc,phases   ] GC(857)   Evacuate Collection Set: 429.1ms
[2026-01-16T09:05:45.539+0000][gc,phases   ] GC(857)   Post Evacuate Collection Set: 83.4ms
[2026-01-16T09:05:45.540+0000][gc,phases   ] GC(857)   Other: 11.9ms
[2026-01-16T09:05:45.540+0000][gc,heap     ] GC(857) Eden regions: 46->0(47)
[2026-01-16T09:05:45.555+0000][gc,heap     ] GC(857) Survivor regions: 5->4(7)
[2026-01-16T09:05:45.557+0000][gc,heap     ] GC(857) Old regions: 98->99
[2026-01-16T09:05:45.558+0000][gc,heap     ] GC(857) Humongous regions: 149->149
[2026-01-16T09:05:45.560+0000][gc,metaspace] GC(857) Metaspace: 15464K(16000K)->15464K(16000K) NonClass: 13783K(14016K)->13783K(14016K) Class: 1681K(1984K)->1681K(1984K)
[2026-01-16T09:05:45.565+0000][gc          ] GC(857) Pause Young (Normal) (G1 Evacuation Pause) 296M->251M(1024M) 578.060ms
[2026-01-16T09:05:45.565+0000][gc,cpu      ] GC(857) User=0.24s Sys=0.04s Real=0.58s
[2026-01-16T09:05:46.677+0000][gc,start    ] GC(858) Pause Young (Normal) (G1 Evacuation Pause)
[2026-01-16T09:05:46.678+0000][gc,task     ] GC(858) Using 8 workers of 8 for evacuation
[2026-01-16T09:05:47.034+0000][gc,mmu      ] GC(858) MMU target violated: 201.0ms (200.0ms/201.0ms)
[2026-01-16T09:05:47.036+0000][gc,phases   ] GC(858)   Pre Evacuate Collection Set: 17.2ms
[2026-01-16T09:05:47.044+0000][gc,phases   ] GC(858)   Merge Heap Roots: 4.7ms
[2026-01-16T09:05:47.047+0000][gc,phases   ] GC(858)   Evacuate Collection Set: 301.8ms
[2026-01-16T09:05:47.049+0000][gc,phases   ] GC(858)   Post Evacuate Collection Set: 29.8ms
[2026-01-16T09:05:47.049+0000][gc,phases   ] GC(858)   Other: 5.1ms
[2026-01-16T09:05:47.052+0000][gc,heap     ] GC(858) Eden regions: 47->0(46)
[2026-01-16T09:05:47.053+0000][gc,heap     ] GC(858) Survivor regions: 4->5(7)
[2026-01-16T09:05:47.053+0000][gc,heap     ] GC(858) Old regions: 99->99
[2026-01-16T09:05:47.053+0000][gc,heap     ] GC(858) Humongous regions: 149->149
[2026-01-16T09:05:47.058+0000][gc,metaspace] GC(858) Metaspace: 15466K(16000K)->15466K(16000K) NonClass: 13784K(14016K)->13784K(14016K) Class: 1681K(1984K)->1681K(1984K)
[2026-01-16T09:05:47.060+0000][gc          ] GC(858) Pause Young (Normal) (G1 Evacuation Pause) 298M->252M(1024M) 382.969ms
[2026-01-16T09:05:47.064+0000][gc,cpu      ] GC(858) User=0.14s Sys=0.00s Real=0.39s
[2026-01-16T09:05:48.191+0000][gc,start    ] GC(859) Pause Young (Normal) (GCLocker Initiated GC)
[2026-01-16T09:05:48.195+0000][gc,task     ] GC(859) Using 8 workers of 8 for evacuation
[2026-01-16T09:05:48.704+0000][gc,mmu      ] GC(859) MMU target violated: 201.0ms (200.0ms/201.0ms)
[2026-01-16T09:05:48.706+0000][gc,phases   ] GC(859)   Pre Evacuate Collection Set: 45.0ms
[2026-01-16T09:05:48.706+0000][gc,phases   ] GC(859)   Merge Heap Roots: 4.5ms
[2026-01-16T09:05:48.706+0000][gc,phases   ] GC(859)   Evacuate Collection Set: 439.4ms
[2026-01-16T09:05:48.707+0000][gc,phases   ] GC(859)   Post Evacuate Collection Set: 11.1ms
[2026-01-16T09:05:48.707+0000][gc,phases   ] GC(859)   Other: 10.1ms
[2026-01-16T09:05:48.707+0000][gc,heap     ] GC(859) Eden regions: 51->0(46)
[2026-01-16T09:05:48.708+0000][gc,heap     ] GC(859) Survivor regions: 5->5(7)
[2026-01-16T09:05:48.708+0000][gc,heap     ] GC(859) Old regions: 99->100
[2026-01-16T09:05:48.709+0000][gc,heap     ] GC(859) Humongous regions: 149->149
[2026-01-16T09:05:48.709+0000][gc,metaspace] GC(859) Metaspace: 15466K(16000K)->15466K(16000K) NonClass: 13784K(14016K)->13784K(14016K) Class: 1681K(1984K)->1681K(1984K)
[2026-01-16T09:05:48.709+0000][gc          ] GC(859) Pause Young (Normal) (GCLocker Initiated GC) 303M->252M(1024M) 517.899ms
[2026-01-16T09:05:48.710+0000][gc,cpu      ] GC(859) User=0.30s Sys=0.02s Real=0.52s
[2026-01-16T09:05:49.889+0000][gc,start    ] GC(860) Pause Young (Normal) (G1 Evacuation Pause)
[2026-01-16T09:05:49.914+0000][gc,task     ] GC(860) Using 8 workers of 8 for evacuation
[2026-01-16T09:05:50.517+0000][gc,mmu      ] GC(860) MMU target violated: 201.0ms (200.0ms/201.0ms)
[2026-01-16T09:05:50.523+0000][gc,phases   ] GC(860)   Pre Evacuate Collection Set: 46.6ms
[2026-01-16T09:05:50.524+0000][gc,phases   ] GC(860)   Merge Heap Roots: 0.5ms
[2026-01-16T09:05:50.526+0000][gc,phases   ] GC(860)   Evacuate Collection Set: 532.7ms
[2026-01-16T09:05:50.527+0000][gc,phases   ] GC(860)   Post Evacuate Collection Set: 15.6ms
[2026-01-16T09:05:50.534+0000][gc,phases   ] GC(860)   Other: 26.4ms
[2026-01-16T09:05:50.537+0000][gc,heap     ] GC(860) Eden regions: 46->0(46)
[2026-01-16T09:05:50.539+0000][gc,heap     ] GC(860) Survivor regions: 5->5(7)
[2026-01-16T09:05:50.541+0000][gc,heap     ] GC(860) Old regions: 100->100
[2026-01-16T09:05:50.542+0000][gc,heap     ] GC(860) Humongous regions: 149->149
[2026-01-16T09:05:50.543+0000][gc,metaspace] GC(860) Metaspace: 15466K(16000K)->15466K(16000K) NonClass: 13784K(14016K)->13784K(14016K) Class: 1681K(1984K)->1681K(1984K)
[2026-01-16T09:05:50.544+0000][gc          ] GC(860) Pause Young (Normal) (G1 Evacuation Pause) 298M->253M(1024M) 655.052ms
[2026-01-16T09:05:50.556+0000][gc,cpu      ] GC(860) User=0.25s Sys=0.01s Real=0.67s
[2026-01-16T09:05:51.472+0000][gc,start    ] GC(861) Pause Young (Normal) (G1 Evacuation Pause)
[2026-01-16T09:05:51.479+0000][gc,task     ] GC(861) Using 8 workers of 8 for evacuation
[2026-01-16T09:05:51.835+0000][gc,mmu      ] GC(861) MMU target violated: 201.0ms (200.0ms/201.0ms)
[2026-01-16T09:05:51.836+0000][gc,phases   ] GC(861)   Pre Evacuate Collection Set: 28.1ms
[2026-01-16T09:05:51.837+0000][gc,phases   ] GC(861)   Merge Heap Roots: 8.3ms
[2026-01-16T09:05:51.837+0000][gc,phases   ] GC(861)   Evacuate Collection Set: 293.0ms
[2026-01-16T09:05:51.837+0000][gc,phases   ] GC(861)   Post Evacuate Collection Set: 14.4ms
[2026-01-16T09:05:51.838+0000][gc,phases   ] GC(861)   Other: 13.5ms
[2026-01-16T09:05:51.838+0000][gc,heap     ] GC(861) Eden regions: 46->0(46)
[2026-01-16T09:05:51.839+0000][gc,heap     ] GC(861) Survivor regions: 5->5(7)
[2026-01-16T09:05:51.840+0000][gc,heap     ] GC(861) Old regions: 100->101
[2026-01-16T09:05:51.841+0000][gc,heap     ] GC(861) Humongous regions: 149->149
[2026-01-16T09:05:51.842+0000][gc,metaspace] GC(861) Metaspace: 15466K(16000K)->15466K(16000K) NonClass: 13784K(14016K)->13784K(14016K) Class: 1681K(1984K)->1681K(1984K)
[2026-01-16T09:05:51.842+0000][gc          ] GC(861) Pause Young (Normal) (G1 Evacuation Pause) 299M->254M(1024M) 370.389ms
[2026-01-16T09:05:51.843+0000][gc,cpu      ] GC(861) User=0.16s Sys=0.01s Real=0.38s
[2026-01-16T09:05:53.166+0000][gc,start    ] GC(862) Pause Young (Normal) (G1 Evacuation Pause)
[2026-01-16T09:05:53.168+0000][gc,task     ] GC(862) Using 8 workers of 8 for evacuation
[2026-01-16T09:05:53.657+0000][gc,mmu      ] GC(862) MMU target violated: 201.0ms (200.0ms/201.0ms)
[2026-01-16T09:05:53.657+0000][gc,phases   ] GC(862)   Pre Evacuate Collection Set: 15.1ms
[2026-01-16T09:05:53.663+0000][gc,phases   ] GC(862)   Merge Heap Roots: 2.5ms
[2026-01-16T09:05:53.664+0000][gc,phases   ] GC(862)   Evacuate Collection Set: 450.8ms
[2026-01-16T09:05:53.664+0000][gc,phases   ] GC(862)   Post Evacuate Collection Set: 13.9ms
[2026-01-16T09:05:53.665+0000][gc,phases   ] GC(862)   Other: 6.9ms
[2026-01-16T09:05:53.668+0000][gc,heap     ] GC(862) Eden regions: 46->0(46)
[2026-01-16T09:05:53.668+0000][gc,heap     ] GC(862) Survivor regions: 5->5(7)
[2026-01-16T09:05:53.668+0000][gc,heap     ] GC(862) Old regions: 101->102
[2026-01-16T09:05:53.668+0000][gc,heap     ] GC(862) Humongous regions: 149->149
[2026-01-16T09:05:53.669+0000][gc,metaspace] GC(862) Metaspace: 15466K(16000K)->15466K(16000K) NonClass: 13784K(14016K)->13784K(14016K) Class: 1681K(1984K)->1681K(1984K)
[2026-01-16T09:05:53.669+0000][gc          ] GC(862) Pause Young (Normal) (G1 Evacuation Pause) 300M->255M(1024M) 503.112ms
[2026-01-16T09:05:53.669+0000][gc,cpu      ] GC(862) User=0.22s Sys=0.01s Real=0.50s
[2026-01-16T09:05:55.358+0000][gc,start    ] GC(863) Pause Young (Normal) (G1 Evacuation Pause)
[2026-01-16T09:05:55.362+0000][gc,task     ] GC(863) Using 8 workers of 8 for evacuation
[2026-01-16T09:05:56.207+0000][gc,mmu      ] GC(863) MMU target violated: 201.0ms (200.0ms/201.0ms)
[2026-01-16T09:05:56.210+0000][gc,phases   ] GC(863)   Pre Evacuate Collection Set: 36.4ms
[2026-01-16T09:05:56.219+0000][gc,phases   ] GC(863)   Merge Heap Roots: 0.9ms
[2026-01-16T09:05:56.222+0000][gc,phases   ] GC(863)   Evacuate Collection Set: 738.4ms
[2026-01-16T09:05:56.226+0000][gc,phases   ] GC(863)   Post Evacuate Collection Set: 58.6ms
[2026-01-16T09:05:56.231+0000][gc,phases   ] GC(863)   Other: 13.0ms
[2026-01-16T09:05:56.234+0000][gc,heap     ] GC(863) Eden regions: 46->0(46)
[2026-01-16T09:05:56.235+0000][gc,heap     ] GC(863) Survivor regions: 5->5(7)
[2026-01-16T09:05:56.237+0000][gc,heap     ] GC(863) Old regions: 102->103
[2026-01-16T09:05:56.239+0000][gc,heap     ] GC(863) Humongous regions: 149->149
[2026-01-16T09:05:56.242+0000][gc,metaspace] GC(863) Metaspace: 15466K(16000K)->15466K(16000K) NonClass: 13784K(14016K)->13784K(14016K) Class: 1681K(1984K)->1681K(1984K)
[2026-01-16T09:05:56.244+0000][gc          ] GC(863) Pause Young (Normal) (G1 Evacuation Pause) 301M->255M(1024M) 886.885ms
[2026-01-16T09:05:56.245+0000][gc,cpu      ] GC(863) User=0.34s Sys=0.06s Real=0.89s
[2026-01-16T09:05:58.119+0000][gc,start    ] GC(864) Pause Young (Normal) (G1 Evacuation Pause)
[2026-01-16T09:05:58.121+0000][gc,task     ] GC(864) Using 8 workers of 8 for evacuation
[2026-01-16T09:05:58.824+0000][gc,mmu      ] GC(864) MMU target violated: 201.0ms (200.0ms/201.0ms)
[2026-01-16T09:05:58.829+0000][gc,phases   ] GC(864)   Pre Evacuate Collection Set: 23.8ms
[2026-01-16T09:05:58.832+0000][gc,phases   ] GC(864)   Merge Heap Roots: 5.2ms
[2026-01-16T09:05:58.834+0000][gc,phases   ] GC(864)   Evacuate Collection Set: 646.5ms
[2026-01-16T09:05:58.834+0000][gc,phases   ] GC(864)   Post Evacuate Collection Set: 24.2ms
[2026-01-16T09:05:58.835+0000][gc,phases   ] GC(864)   Other: 8.3ms
[2026-01-16T09:05:58.835+0000][gc,heap     ] GC(864) Eden regions: 46->0(46)
[2026-01-16T09:05:58.838+0000][gc,heap     ] GC(864) Survivor regions: 5->5(7)
[2026-01-16T09:05:58.839+0000][gc,heap     ] GC(864) Old regions: 103->103
[2026-01-16T09:05:58.842+0000][gc,heap     ] GC(864) Humongous regions: 149->149
[2026-01-16T09:05:58.842+0000][gc,metaspace] GC(864) Metaspace: 15466K(16000K)->15466K(16000K) NonClass: 13784K(14016K)->13784K(14016K) Class: 1681K(1984K)->1681K(1984K)
[2026-01-16T09:05:58.844+0000][gc          ] GC(864) Pause Young (Normal) (G1 Evacuation Pause) 301M->256M(1024M) 724.805ms
[2026-01-16T09:05:58.845+0000][gc,cpu      ] GC(864) User=0.27s Sys=0.01s Real=0.73s
[2026-01-16T09:05:59.981+0000][gc,start    ] GC(865) Pause Young (Normal) (G1 Evacuation Pause)
[2026-01-16T09:05:59.982+0000][gc,task     ] GC(865) Using 8 workers of 8 for evacuation
[2026-01-16T09:06:00.218+0000][gc,mmu      ] GC(865) MMU target violated: 201.0ms (200.0ms/201.0ms)
[2026-01-16T09:06:00.219+0000][gc,phases   ] GC(865)   Pre Evacuate Collection Set: 26.7ms
[2026-01-16T09:06:00.220+0000][gc,phases   ] GC(865)   Merge Heap Roots: 8.5ms
[2026-01-16T09:06:00.220+0000][gc,phases   ] GC(865)   Evacuate Collection Set: 196.1ms
[2026-01-16T09:06:00.220+0000][gc,phases   ] GC(865)   Post Evacuate Collection Set: 4.3ms
[2026-01-16T09:06:00.220+0000][gc,phases   ] GC(865)   Other: 1.7ms
[2026-01-16T09:06:00.221+0000][gc,heap     ] GC(865) Eden regions: 46->0(46)
[2026-01-16T09:06:00.221+0000][gc,heap     ] GC(865) Survivor regions: 5->5(7)
[2026-01-16T09:06:00.221+0000][gc,heap     ] GC(865) Old regions: 103->104
[2026-01-16T09:06:00.222+0000][gc,heap     ] GC(865) Humongous regions: 149->149
[2026-01-16T09:06:00.222+0000][gc,metaspace] GC(865) Metaspace: 15467K(16000K)->15467K(16000K) NonClass: 13785K(14016K)->13785K(14016K) Class: 1681K(1984K)->1681K(1984K)
[2026-01-16T09:06:00.223+0000][gc          ] GC(865) Pause Young (Normal) (G1 Evacuation Pause) 302M->256M(1024M) 242.631ms
[2026-01-16T09:06:00.224+0000][gc,cpu      ] GC(865) User=0.14s Sys=0.00s Real=0.25s
[2026-01-16T09:06:01.174+0000][gc,start    ] GC(866) Pause Young (Normal) (G1 Evacuation Pause)
[2026-01-16T09:06:01.177+0000][gc,task     ] GC(866) Using 8 workers of 8 for evacuation
[2026-01-16T09:06:01.594+0000][gc,mmu      ] GC(866) MMU target violated: 201.0ms (200.0ms/201.0ms)
[2026-01-16T09:06:01.596+0000][gc,phases   ] GC(866)   Pre Evacuate Collection Set: 5.8ms
[2026-01-16T09:06:01.613+0000][gc,phases   ] GC(866)   Merge Heap Roots: 0.7ms
[2026-01-16T09:06:01.614+0000][gc,phases   ] GC(866)   Evacuate Collection Set: 382.2ms
[2026-01-16T09:06:01.614+0000][gc,phases   ] GC(866)   Post Evacuate Collection Set: 15.0ms
[2026-01-16T09:06:01.614+0000][gc,phases   ] GC(866)   Other: 15.7ms
[2026-01-16T09:06:01.615+0000][gc,heap     ] GC(866) Eden regions: 46->0(46)
[2026-01-16T09:06:01.615+0000][gc,heap     ] GC(866) Survivor regions: 5->5(7)
[2026-01-16T09:06:01.615+0000][gc,heap     ] GC(866) Old regions: 104->105
[2026-01-16T09:06:01.615+0000][gc,heap     ] GC(866) Humongous regions: 149->149
[2026-01-16T09:06:01.616+0000][gc,metaspace] GC(866) Metaspace: 15467K(16000K)->15467K(16000K) NonClass: 13785K(14016K)->13785K(14016K) Class: 1681K(1984K)->1681K(1984K)
[2026-01-16T09:06:01.616+0000][gc          ] GC(866) Pause Young (Normal) (G1 Evacuation Pause) 302M->257M(1024M) 442.130ms
[2026-01-16T09:06:01.617+0000][gc,cpu      ] GC(866) User=0.15s Sys=0.02s Real=0.44s
[2026-01-16T09:06:02.682+0000][gc,start    ] GC(867) Pause Young (Normal) (G1 Evacuation Pause)
[2026-01-16T09:06:02.684+0000][gc,task     ] GC(867) Using 8 workers of 8 for evacuation
[2026-01-16T09:06:02.929+0000][gc,mmu      ] GC(867) MMU target violated: 201.0ms (200.0ms/201.0ms)
[2026-01-16T09:06:02.964+0000][gc,phases   ] GC(867)   Pre Evacuate Collection Set: 13.0ms
[2026-01-16T09:06:02.968+0000][gc,phases   ] GC(867)   Merge Heap Roots: 0.4ms
[2026-01-16T09:06:02.968+0000][gc,phases   ] GC(867)   Evacuate Collection Set: 216.2ms
[2026-01-16T09:06:02.968+0000][gc,phases   ] GC(867)   Post Evacuate Collection Set: 5.8ms
[2026-01-16T09:06:02.969+0000][gc,phases   ] GC(867)   Other: 44.5ms
[2026-01-16T09:06:02.969+0000][gc,heap     ] GC(867) Eden regions: 46->0(46)
[2026-01-16T09:06:02.969+0000][gc,heap     ] GC(867) Survivor regions: 5->5(7)
[2026-01-16T09:06:02.976+0000][gc,heap     ] GC(867) Old regions: 105->106
[2026-01-16T09:06:02.977+0000][gc,heap     ] GC(867) Humongous regions: 149->149
[2026-01-16T09:06:02.979+0000][gc,metaspace] GC(867) Metaspace: 15468K(16000K)->15468K(16000K) NonClass: 13787K(14016K)->13787K(14016K) Class: 1681K(1984K)->1681K(1984K)
[2026-01-16T09:06:02.980+0000][gc          ] GC(867) Pause Young (Normal) (G1 Evacuation Pause) 303M->258M(1024M) 297.338ms
[2026-01-16T09:06:02.981+0000][gc,cpu      ] GC(867) User=0.17s Sys=0.01s Real=0.29s
[2026-01-16T09:06:04.763+0000][gc,start    ] GC(868) Pause Young (Normal) (G1 Evacuation Pause)
[2026-01-16T09:06:04.790+0000][gc,task     ] GC(868) Using 8 workers of 8 for evacuation
[2026-01-16T09:06:05.334+0000][gc,mmu      ] GC(868) MMU target violated: 201.0ms (200.0ms/201.0ms)
[2026-01-16T09:06:05.338+0000][gc,phases   ] GC(868)   Pre Evacuate Collection Set: 85.6ms
[2026-01-16T09:06:05.340+0000][gc,phases   ] GC(868)   Merge Heap Roots: 12.6ms
[2026-01-16T09:06:05.342+0000][gc,phases   ] GC(868)   Evacuate Collection Set: 378.0ms
[2026-01-16T09:06:05.344+0000][gc,phases   ] GC(868)   Post Evacuate Collection Set: 12.1ms
[2026-01-16T09:06:05.344+0000][gc,phases   ] GC(868)   Other: 28.0ms
[2026-01-16T09:06:05.345+0000][gc,heap     ] GC(868) Eden regions: 46->0(46)
[2026-01-16T09:06:05.346+0000][gc,heap     ] GC(868) Survivor regions: 5->5(7)
[2026-01-16T09:06:05.347+0000][gc,heap     ] GC(868) Old regions: 106->106
[2026-01-16T09:06:05.349+0000][gc,heap     ] GC(868) Humongous regions: 149->149
[2026-01-16T09:06:05.351+0000][gc,metaspace] GC(868) Metaspace: 15468K(16000K)->15468K(16000K) NonClass: 13787K(14016K)->13787K(14016K) Class: 1681K(1984K)->1681K(1984K)
[2026-01-16T09:06:05.352+0000][gc          ] GC(868) Pause Young (Normal) (G1 Evacuation Pause) 304M->258M(1024M) 556.694ms
[2026-01-16T09:06:05.352+0000][gc,cpu      ] GC(868) User=0.22s Sys=0.01s Real=0.55s
[2026-01-16T09:06:07.633+0000][gc,start    ] GC(869) Pause Young (Normal) (G1 Evacuation Pause)
[2026-01-16T09:06:07.642+0000][gc,task     ] GC(869) Using 8 workers of 8 for evacuation
[2026-01-16T09:06:10.461+0000][gc,mmu      ] GC(869) MMU target violated: 201.0ms (200.0ms/201.0ms)
[2026-01-16T09:06:10.498+0000][gc,phases   ] GC(869)   Pre Evacuate Collection Set: 6.1ms
[2026-01-16T09:06:10.518+0000][gc,phases   ] GC(869)   Merge Heap Roots: 0.4ms
[2026-01-16T09:06:10.520+0000][gc,phases   ] GC(869)   Evacuate Collection Set: 2730.0ms
[2026-01-16T09:06:10.521+0000][gc,phases   ] GC(869)   Post Evacuate Collection Set: 68.0ms
[2026-01-16T09:06:10.521+0000][gc,phases   ] GC(869)   Other: 22.2ms
[2026-01-16T09:06:10.522+0000][gc,heap     ] GC(869) Eden regions: 46->0(47)
[2026-01-16T09:06:10.522+0000][gc,heap     ] GC(869) Survivor regions: 5->4(7)
[2026-01-16T09:06:10.523+0000][gc,heap     ] GC(869) Old regions: 106->107
[2026-01-16T09:06:10.523+0000][gc,heap     ] GC(869) Humongous regions: 149->149
[2026-01-16T09:06:10.523+0000][gc,metaspace] GC(869) Metaspace: 15468K(16000K)->15468K(16000K) NonClass: 13787K(14016K)->13787K(14016K) Class: 1681K(1984K)->1681K(1984K)
[2026-01-16T09:06:10.542+0000][gc          ] GC(869) Pause Young (Normal) (G1 Evacuation Pause) 304M->259M(1024M) 2908.975ms
[2026-01-16T09:06:10.577+0000][gc,cpu      ] GC(869) User=0.81s Sys=0.12s Real=2.92s
[2026-01-16T09:06:13.890+0000][gc,start    ] GC(870) Pause Young (Normal) (G1 Evacuation Pause)
[2026-01-16T09:06:13.902+0000][gc,task     ] GC(870) Using 8 workers of 8 for evacuation
[2026-01-16T09:06:15.510+0000][gc,mmu      ] GC(870) MMU target violated: 201.0ms (200.0ms/201.0ms)
[2026-01-16T09:06:15.518+0000][gc,phases   ] GC(870)   Pre Evacuate Collection Set: 1004.4ms
[2026-01-16T09:06:15.519+0000][gc,phases   ] GC(870)   Merge Heap Roots: 10.6ms
[2026-01-16T09:06:15.519+0000][gc,phases   ] GC(870)   Evacuate Collection Set: 573.4ms
[2026-01-16T09:06:15.519+0000][gc,phases   ] GC(870)   Post Evacuate Collection Set: 17.2ms
[2026-01-16T09:06:15.519+0000][gc,phases   ] GC(870)   Other: 11.2ms
[2026-01-16T09:06:15.519+0000][gc,heap     ] GC(870) Eden regions: 47->0(47)
[2026-01-16T09:06:15.519+0000][gc,heap     ] GC(870) Survivor regions: 4->4(7)
[2026-01-16T09:06:15.520+0000][gc,heap     ] GC(870) Old regions: 107->108
[2026-01-16T09:06:15.520+0000][gc,heap     ] GC(870) Humongous regions: 149->149
[2026-01-16T09:06:15.520+0000][gc,metaspace] GC(870) Metaspace: 15470K(16000K)->15470K(16000K) NonClass: 13789K(14016K)->13789K(14016K) Class: 1681K(1984K)->1681K(1984K)
[2026-01-16T09:06:15.521+0000][gc          ] GC(870) Pause Young (Normal) (G1 Evacuation Pause) 306M->259M(1024M) 1631.085ms
[2026-01-16T09:06:15.533+0000][gc,cpu      ] GC(870) User=0.34s Sys=0.02s Real=1.64s
[2026-01-16T09:06:17.182+0000][gc,start    ] GC(871) Pause Young (Normal) (G1 Evacuation Pause)
[2026-01-16T09:06:17.187+0000][gc,task     ] GC(871) Using 8 workers of 8 for evacuation
[2026-01-16T09:06:17.382+0000][gc,phases   ] GC(871)   Pre Evacuate Collection Set: 13.4ms
[2026-01-16T09:06:17.383+0000][gc,phases   ] GC(871)   Merge Heap Roots: 0.7ms
[2026-01-16T09:06:17.391+0000][gc,phases   ] GC(871)   Evacuate Collection Set: 177.3ms
[2026-01-16T09:06:17.392+0000][gc,phases   ] GC(871)   Post Evacuate Collection Set: 2.3ms
[2026-01-16T09:06:17.392+0000][gc,phases   ] GC(871)   Other: 1.5ms
[2026-01-16T09:06:17.392+0000][gc,heap     ] GC(871) Eden regions: 47->0(46)
[2026-01-16T09:06:17.393+0000][gc,heap     ] GC(871) Survivor regions: 4->5(7)
[2026-01-16T09:06:17.393+0000][gc,heap     ] GC(871) Old regions: 108->108
[2026-01-16T09:06:17.393+0000][gc,heap     ] GC(871) Humongous regions: 149->149
[2026-01-16T09:06:17.393+0000][gc,metaspace] GC(871) Metaspace: 15487K(16000K)->15487K(16000K) NonClass: 13806K(14016K)->13806K(14016K) Class: 1681K(1984K)->1681K(1984K)
[2026-01-16T09:06:17.398+0000][gc          ] GC(871) Pause Young (Normal) (G1 Evacuation Pause) 306M->261M(1024M) 215.360ms
[2026-01-16T09:06:17.398+0000][gc,cpu      ] GC(871) User=0.18s Sys=0.01s Real=0.22s
[2026-01-16T09:06:18.190+0000][gc,start    ] GC(872) Pause Young (Normal) (G1 Evacuation Pause)
[2026-01-16T09:06:18.190+0000][gc,task     ] GC(872) Using 8 workers of 8 for evacuation
[2026-01-16T09:06:18.378+0000][gc,phases   ] GC(872)   Pre Evacuate Collection Set: 12.2ms
[2026-01-16T09:06:18.382+0000][gc,phases   ] GC(872)   Merge Heap Roots: 0.7ms
[2026-01-16T09:06:18.385+0000][gc,phases   ] GC(872)   Evacuate Collection Set: 173.2ms
[2026-01-16T09:06:18.387+0000][gc,phases   ] GC(872)   Post Evacuate Collection Set: 1.4ms
[2026-01-16T09:06:18.387+0000][gc,phases   ] GC(872)   Other: 0.4ms
[2026-01-16T09:06:18.388+0000][gc,heap     ] GC(872) Eden regions: 46->0(46)
[2026-01-16T09:06:18.391+0000][gc,heap     ] GC(872) Survivor regions: 5->5(7)
[2026-01-16T09:06:18.393+0000][gc,heap     ] GC(872) Old regions: 108->109
[2026-01-16T09:06:18.395+0000][gc,heap     ] GC(872) Humongous regions: 149->149
[2026-01-16T09:06:18.399+0000][gc,metaspace] GC(872) Metaspace: 15488K(16000K)->15488K(16000K) NonClass: 13806K(14016K)->13806K(14016K) Class: 1681K(1984K)->1681K(1984K)
[2026-01-16T09:06:18.404+0000][gc          ] GC(872) Pause Young (Normal) (G1 Evacuation Pause) 307M->262M(1024M) 214.694ms
[2026-01-16T09:06:18.405+0000][gc,cpu      ] GC(872) User=0.11s Sys=0.00s Real=0.22s
[2026-01-16T09:06:19.392+0000][gc,start    ] GC(873) Pause Young (Normal) (G1 Evacuation Pause)
[2026-01-16T09:06:19.393+0000][gc,task     ] GC(873) Using 8 workers of 8 for evacuation
[2026-01-16T09:06:19.732+0000][gc,mmu      ] GC(873) MMU target violated: 201.0ms (200.0ms/201.0ms)
[2026-01-16T09:06:19.734+0000][gc,phases   ] GC(873)   Pre Evacuate Collection Set: 5.0ms
[2026-01-16T09:06:19.735+0000][gc,phases   ] GC(873)   Merge Heap Roots: 4.7ms
[2026-01-16T09:06:19.735+0000][gc,phases   ] GC(873)   Evacuate Collection Set: 259.3ms
[2026-01-16T09:06:19.736+0000][gc,phases   ] GC(873)   Post Evacuate Collection Set: 69.6ms
[2026-01-16T09:06:19.740+0000][gc,phases   ] GC(873)   Other: 2.2ms
[2026-01-16T09:06:19.741+0000][gc,heap     ] GC(873) Eden regions: 46->0(47)
[2026-01-16T09:06:19.742+0000][gc,heap     ] GC(873) Survivor regions: 5->4(7)
[2026-01-16T09:06:19.744+0000][gc,heap     ] GC(873) Old regions: 109->110
[2026-01-16T09:06:19.744+0000][gc,heap     ] GC(873) Humongous regions: 149->149
[2026-01-16T09:06:19.746+0000][gc,metaspace] GC(873) Metaspace: 15491K(16000K)->15491K(16000K) NonClass: 13809K(14016K)->13809K(14016K) Class: 1681K(1984K)->1681K(1984K)
[2026-01-16T09:06:19.746+0000][gc          ] GC(873) Pause Young (Normal) (G1 Evacuation Pause) 308M->262M(1024M) 354.724ms
[2026-01-16T09:06:19.749+0000][gc,cpu      ] GC(873) User=0.29s Sys=0.01s Real=0.36s
[2026-01-16T09:06:20.890+0000][gc,start    ] GC(874) Pause Young (Normal) (G1 Evacuation Pause)
[2026-01-16T09:06:20.897+0000][gc,task     ] GC(874) Using 8 workers of 8 for evacuation
[2026-01-16T09:06:21.110+0000][gc,mmu      ] GC(874) MMU target violated: 201.0ms (200.0ms/201.0ms)
[2026-01-16T09:06:21.111+0000][gc,phases   ] GC(874)   Pre Evacuate Collection Set: 18.0ms
[2026-01-16T09:06:21.111+0000][gc,phases   ] GC(874)   Merge Heap Roots: 4.9ms
[2026-01-16T09:06:21.111+0000][gc,phases   ] GC(874)   Evacuate Collection Set: 175.0ms
[2026-01-16T09:06:21.112+0000][gc,phases   ] GC(874)   Post Evacuate Collection Set: 11.4ms
[2026-01-16T09:06:21.113+0000][gc,phases   ] GC(874)   Other: 4.7ms
[2026-01-16T09:06:21.113+0000][gc,heap     ] GC(874) Eden regions: 47->0(46)
[2026-01-16T09:06:21.113+0000][gc,heap     ] GC(874) Survivor regions: 4->5(7)
[2026-01-16T09:06:21.115+0000][gc,heap     ] GC(874) Old regions: 110->110
[2026-01-16T09:06:21.119+0000][gc,heap     ] GC(874) Humongous regions: 149->149
[2026-01-16T09:06:21.121+0000][gc,metaspace] GC(874) Metaspace: 15492K(16000K)->15492K(16000K) NonClass: 13810K(14016K)->13810K(14016K) Class: 1681K(1984K)->1681K(1984K)
[2026-01-16T09:06:21.129+0000][gc          ] GC(874) Pause Young (Normal) (G1 Evacuation Pause) 309M->263M(1024M) 238.816ms
[2026-01-16T09:06:21.131+0000][gc,cpu      ] GC(874) User=0.13s Sys=0.01s Real=0.24s
[2026-01-16T09:06:22.320+0000][gc,start    ] GC(875) Pause Young (Normal) (G1 Evacuation Pause)
[2026-01-16T09:06:22.326+0000][gc,task     ] GC(875) Using 8 workers of 8 for evacuation
[2026-01-16T09:06:23.259+0000][gc,mmu      ] GC(875) MMU target violated: 201.0ms (200.0ms/201.0ms)
[2026-01-16T09:06:23.259+0000][gc,phases   ] GC(875)   Pre Evacuate Collection Set: 59.8ms
[2026-01-16T09:06:23.260+0000][gc,phases   ] GC(875)   Merge Heap Roots: 0.7ms
[2026-01-16T09:06:23.260+0000][gc,phases   ] GC(875)   Evacuate Collection Set: 827.9ms
[2026-01-16T09:06:23.260+0000][gc,phases   ] GC(875)   Post Evacuate Collection Set: 43.2ms
[2026-01-16T09:06:23.260+0000][gc,phases   ] GC(875)   Other: 6.0ms
[2026-01-16T09:06:23.260+0000][gc,heap     ] GC(875) Eden regions: 46->0(46)
[2026-01-16T09:06:23.260+0000][gc,heap     ] GC(875) Survivor regions: 5->5(7)
[2026-01-16T09:06:23.260+0000][gc,heap     ] GC(875) Old regions: 110->111
[2026-01-16T09:06:23.260+0000][gc,heap     ] GC(875) Humongous regions: 149->149
[2026-01-16T09:06:23.260+0000][gc,metaspace] GC(875) Metaspace: 15494K(16000K)->15494K(16000K) NonClass: 13813K(14016K)->13813K(14016K) Class: 1681K(1984K)->1681K(1984K)
[2026-01-16T09:06:23.260+0000][gc          ] GC(875) Pause Young (Normal) (G1 Evacuation Pause) 309M->263M(1024M) 939.894ms
[2026-01-16T09:06:23.261+0000][gc,cpu      ] GC(875) User=0.32s Sys=0.05s Real=0.94s
[2026-01-16T09:06:24.881+0000][gc,start    ] GC(876) Pause Young (Normal) (G1 Evacuation Pause)
[2026-01-16T09:06:24.882+0000][gc,task     ] GC(876) Using 8 workers of 8 for evacuation
[2026-01-16T09:06:25.305+0000][gc,mmu      ] GC(876) MMU target violated: 201.0ms (200.0ms/201.0ms)
[2026-01-16T09:06:25.306+0000][gc,phases   ] GC(876)   Pre Evacuate Collection Set: 46.0ms
[2026-01-16T09:06:25.306+0000][gc,phases   ] GC(876)   Merge Heap Roots: 7.7ms
[2026-01-16T09:06:25.306+0000][gc,phases   ] GC(876)   Evacuate Collection Set: 344.4ms
[2026-01-16T09:06:25.307+0000][gc,phases   ] GC(876)   Post Evacuate Collection Set: 12.3ms
[2026-01-16T09:06:25.308+0000][gc,phases   ] GC(876)   Other: 12.9ms
[2026-01-16T09:06:25.308+0000][gc,heap     ] GC(876) Eden regions: 46->0(46)
[2026-01-16T09:06:25.308+0000][gc,heap     ] GC(876) Survivor regions: 5->5(7)
[2026-01-16T09:06:25.309+0000][gc,heap     ] GC(876) Old regions: 111->112
[2026-01-16T09:06:25.310+0000][gc,heap     ] GC(876) Humongous regions: 149->149
[2026-01-16T09:06:25.313+0000][gc,metaspace] GC(876) Metaspace: 15495K(16000K)->15495K(16000K) NonClass: 13813K(14016K)->13813K(14016K) Class: 1681K(1984K)->1681K(1984K)
[2026-01-16T09:06:25.325+0000][gc          ] GC(876) Pause Young (Normal) (G1 Evacuation Pause) 309M->264M(1024M) 444.445ms
[2026-01-16T09:06:25.326+0000][gc,cpu      ] GC(876) User=0.33s Sys=0.02s Real=0.45s
[2026-01-16T09:06:27.233+0000][gc,start    ] GC(877) Pause Young (Normal) (G1 Evacuation Pause)
[2026-01-16T09:06:27.237+0000][gc,task     ] GC(877) Using 8 workers of 8 for evacuation
[2026-01-16T09:06:27.588+0000][gc,mmu      ] GC(877) MMU target violated: 201.0ms (200.0ms/201.0ms)
[2026-01-16T09:06:27.590+0000][gc,phases   ] GC(877)   Pre Evacuate Collection Set: 20.2ms
[2026-01-16T09:06:27.590+0000][gc,phases   ] GC(877)   Merge Heap Roots: 0.5ms
[2026-01-16T09:06:27.592+0000][gc,phases   ] GC(877)   Evacuate Collection Set: 308.2ms
[2026-01-16T09:06:27.593+0000][gc,phases   ] GC(877)   Post Evacuate Collection Set: 18.9ms
[2026-01-16T09:06:27.594+0000][gc,phases   ] GC(877)   Other: 4.8ms
[2026-01-16T09:06:27.597+0000][gc,heap     ] GC(877) Eden regions: 46->0(46)
[2026-01-16T09:06:27.599+0000][gc,heap     ] GC(877) Survivor regions: 5->5(7)
[2026-01-16T09:06:27.599+0000][gc,heap     ] GC(877) Old regions: 112->112
[2026-01-16T09:06:27.599+0000][gc,heap     ] GC(877) Humongous regions: 149->149
[2026-01-16T09:06:27.599+0000][gc,metaspace] GC(877) Metaspace: 15501K(16000K)->15501K(16000K) NonClass: 13819K(14016K)->13819K(14016K) Class: 1681K(1984K)->1681K(1984K)
[2026-01-16T09:06:27.601+0000][gc          ] GC(877) Pause Young (Normal) (G1 Evacuation Pause) 310M->265M(1024M) 367.588ms
[2026-01-16T09:06:27.602+0000][gc,cpu      ] GC(877) User=0.21s Sys=0.01s Real=0.37s
[2026-01-16T09:06:28.135+0000][gc,start    ] GC(878) Pause Young (Normal) (G1 Evacuation Pause)
[2026-01-16T09:06:28.137+0000][gc,task     ] GC(878) Using 8 workers of 8 for evacuation
[2026-01-16T09:06:28.197+0000][gc,phases   ] GC(878)   Pre Evacuate Collection Set: 2.7ms
[2026-01-16T09:06:28.199+0000][gc,phases   ] GC(878)   Merge Heap Roots: 0.3ms
[2026-01-16T09:06:28.200+0000][gc,phases   ] GC(878)   Evacuate Collection Set: 54.9ms
[2026-01-16T09:06:28.201+0000][gc,phases   ] GC(878)   Post Evacuate Collection Set: 0.6ms
[2026-01-16T09:06:28.201+0000][gc,phases   ] GC(878)   Other: 2.6ms
[2026-01-16T09:06:28.202+0000][gc,heap     ] GC(878) Eden regions: 46->0(46)
[2026-01-16T09:06:28.202+0000][gc,heap     ] GC(878) Survivor regions: 5->5(7)
[2026-01-16T09:06:28.203+0000][gc,heap     ] GC(878) Old regions: 112->113
[2026-01-16T09:06:28.203+0000][gc,heap     ] GC(878) Humongous regions: 149->149
[2026-01-16T09:06:28.204+0000][gc,metaspace] GC(878) Metaspace: 15502K(16000K)->15502K(16000K) NonClass: 13820K(14016K)->13820K(14016K) Class: 1681K(1984K)->1681K(1984K)
[2026-01-16T09:06:28.206+0000][gc          ] GC(878) Pause Young (Normal) (G1 Evacuation Pause) 311M->266M(1024M) 71.001ms
[2026-01-16T09:06:28.208+0000][gc,cpu      ] GC(878) User=0.09s Sys=0.01s Real=0.07s
[2026-01-16T09:06:28.401+0000][gc,start    ] GC(879) Pause Young (Normal) (G1 Evacuation Pause)
[2026-01-16T09:06:28.404+0000][gc,task     ] GC(879) Using 8 workers of 8 for evacuation
[2026-01-16T09:06:28.493+0000][gc,phases   ] GC(879)   Pre Evacuate Collection Set: 3.2ms
[2026-01-16T09:06:28.495+0000][gc,phases   ] GC(879)   Merge Heap Roots: 1.6ms
[2026-01-16T09:06:28.496+0000][gc,phases   ] GC(879)   Evacuate Collection Set: 71.7ms
[2026-01-16T09:06:28.496+0000][gc,phases   ] GC(879)   Post Evacuate Collection Set: 12.4ms
[2026-01-16T09:06:28.497+0000][gc,phases   ] GC(879)   Other: 0.7ms
[2026-01-16T09:06:28.501+0000][gc,heap     ] GC(879) Eden regions: 46->0(46)
[2026-01-16T09:06:28.502+0000][gc,heap     ] GC(879) Survivor regions: 5->5(7)
[2026-01-16T09:06:28.502+0000][gc,heap     ] GC(879) Old regions: 113->114
[2026-01-16T09:06:28.502+0000][gc,heap     ] GC(879) Humongous regions: 149->149
[2026-01-16T09:06:28.502+0000][gc,metaspace] GC(879) Metaspace: 15502K(16000K)->15502K(16000K) NonClass: 13820K(14016K)->13820K(14016K) Class: 1681K(1984K)->1681K(1984K)
[2026-01-16T09:06:28.503+0000][gc          ] GC(879) Pause Young (Normal) (G1 Evacuation Pause) 312M->267M(1024M) 101.507ms
[2026-01-16T09:06:28.503+0000][gc,cpu      ] GC(879) User=0.09s Sys=0.01s Real=0.10s
[2026-01-16T09:06:28.968+0000][gc,start    ] GC(880) Pause Young (Normal) (G1 Evacuation Pause)
[2026-01-16T09:06:28.969+0000][gc,task     ] GC(880) Using 8 workers of 8 for evacuation
[2026-01-16T09:06:29.191+0000][gc,mmu      ] GC(880) MMU target violated: 201.0ms (200.0ms/201.0ms)
[2026-01-16T09:06:29.193+0000][gc,phases   ] GC(880)   Pre Evacuate Collection Set: 0.7ms
[2026-01-16T09:06:29.194+0000][gc,phases   ] GC(880)   Merge Heap Roots: 0.1ms
[2026-01-16T09:06:29.196+0000][gc,phases   ] GC(880)   Evacuate Collection Set: 213.9ms
[2026-01-16T09:06:29.196+0000][gc,phases   ] GC(880)   Post Evacuate Collection Set: 6.1ms
[2026-01-16T09:06:29.197+0000][gc,phases   ] GC(880)   Other: 2.8ms
[2026-01-16T09:06:29.198+0000][gc,heap     ] GC(880) Eden regions: 46->0(47)
[2026-01-16T09:06:29.199+0000][gc,heap     ] GC(880) Survivor regions: 5->4(7)
[2026-01-16T09:06:29.200+0000][gc,heap     ] GC(880) Old regions: 114->115
[2026-01-16T09:06:29.203+0000][gc,heap     ] GC(880) Humongous regions: 149->149
[2026-01-16T09:06:29.205+0000][gc,metaspace] GC(880) Metaspace: 15502K(16000K)->15502K(16000K) NonClass: 13820K(14016K)->13820K(14016K) Class: 1681K(1984K)->1681K(1984K)
[2026-01-16T09:06:29.207+0000][gc          ] GC(880) Pause Young (Normal) (G1 Evacuation Pause) 313M->267M(1024M) 239.151ms
[2026-01-16T09:06:29.209+0000][gc,cpu      ] GC(880) User=0.10s Sys=0.02s Real=0.24s
[2026-01-16T09:06:30.015+0000][gc,start    ] GC(881) Pause Young (Normal) (GCLocker Initiated GC)
[2026-01-16T09:06:30.016+0000][gc,task     ] GC(881) Using 8 workers of 8 for evacuation
[2026-01-16T09:06:30.220+0000][gc,mmu      ] GC(881) MMU target violated: 201.0ms (200.0ms/201.0ms)
[2026-01-16T09:06:30.222+0000][gc,phases   ] GC(881)   Pre Evacuate Collection Set: 32.4ms
[2026-01-16T09:06:30.222+0000][gc,phases   ] GC(881)   Merge Heap Roots: 0.3ms
[2026-01-16T09:06:30.223+0000][gc,phases   ] GC(881)   Evacuate Collection Set: 167.0ms
[2026-01-16T09:06:30.224+0000][gc,phases   ] GC(881)   Post Evacuate Collection Set: 2.1ms
[2026-01-16T09:06:30.228+0000][gc,phases   ] GC(881)   Other: 3.7ms
[2026-01-16T09:06:30.229+0000][gc,heap     ] GC(881) Eden regions: 48->0(46)
[2026-01-16T09:06:30.229+0000][gc,heap     ] GC(881) Survivor regions: 4->5(7)
[2026-01-16T09:06:30.230+0000][gc,heap     ] GC(881) Old regions: 115->115
[2026-01-16T09:06:30.230+0000][gc,heap     ] GC(881) Humongous regions: 149->149
[2026-01-16T09:06:30.230+0000][gc,metaspace] GC(881) Metaspace: 15503K(16000K)->15503K(16000K) NonClass: 13822K(14016K)->13822K(14016K) Class: 1681K(1984K)->1681K(1984K)
[2026-01-16T09:06:30.231+0000][gc          ] GC(881) Pause Young (Normal) (GCLocker Initiated GC) 315M->268M(1024M) 215.844ms
[2026-01-16T09:06:30.231+0000][gc,cpu      ] GC(881) User=0.11s Sys=0.02s Real=0.22s
[2026-01-16T09:06:31.605+0000][gc,start    ] GC(882) Pause Young (Normal) (G1 Evacuation Pause)
[2026-01-16T09:06:31.607+0000][gc,task     ] GC(882) Using 8 workers of 8 for evacuation
[2026-01-16T09:06:31.753+0000][gc,phases   ] GC(882)   Pre Evacuate Collection Set: 1.0ms
[2026-01-16T09:06:31.757+0000][gc,phases   ] GC(882)   Merge Heap Roots: 5.4ms
[2026-01-16T09:06:31.757+0000][gc,phases   ] GC(882)   Evacuate Collection Set: 125.5ms
[2026-01-16T09:06:31.757+0000][gc,phases   ] GC(882)   Post Evacuate Collection Set: 13.1ms
[2026-01-16T09:06:31.762+0000][gc,phases   ] GC(882)   Other: 0.8ms
[2026-01-16T09:06:31.762+0000][gc,heap     ] GC(882) Eden regions: 46->0(47)
[2026-01-16T09:06:31.762+0000][gc,heap     ] GC(882) Survivor regions: 5->4(7)
[2026-01-16T09:06:31.762+0000][gc,heap     ] GC(882) Old regions: 115->116
[2026-01-16T09:06:31.762+0000][gc,heap     ] GC(882) Humongous regions: 149->149
[2026-01-16T09:06:31.762+0000][gc,metaspace] GC(882) Metaspace: 15508K(16000K)->15508K(16000K) NonClass: 13827K(14016K)->13827K(14016K) Class: 1681K(1984K)->1681K(1984K)
[2026-01-16T09:06:31.763+0000][gc          ] GC(882) Pause Young (Normal) (G1 Evacuation Pause) 314M->268M(1024M) 157.398ms
[2026-01-16T09:06:31.763+0000][gc,cpu      ] GC(882) User=0.13s Sys=0.01s Real=0.15s
[2026-01-16T09:06:32.686+0000][gc,start    ] GC(883) Pause Young (Normal) (G1 Evacuation Pause)
[2026-01-16T09:06:32.689+0000][gc,task     ] GC(883) Using 8 workers of 8 for evacuation
[2026-01-16T09:06:32.928+0000][gc,mmu      ] GC(883) MMU target violated: 201.0ms (200.0ms/201.0ms)
[2026-01-16T09:06:32.929+0000][gc,phases   ] GC(883)   Pre Evacuate Collection Set: 9.1ms
[2026-01-16T09:06:32.934+0000][gc,phases   ] GC(883)   Merge Heap Roots: 8.8ms
[2026-01-16T09:06:32.936+0000][gc,phases   ] GC(883)   Evacuate Collection Set: 210.8ms
[2026-01-16T09:06:32.937+0000][gc,phases   ] GC(883)   Post Evacuate Collection Set: 9.4ms
[2026-01-16T09:06:32.938+0000][gc,phases   ] GC(883)   Other: 2.0ms
[2026-01-16T09:06:32.938+0000][gc,heap     ] GC(883) Eden regions: 47->0(46)
[2026-01-16T09:06:32.938+0000][gc,heap     ] GC(883) Survivor regions: 4->5(7)
[2026-01-16T09:06:32.939+0000][gc,heap     ] GC(883) Old regions: 116->117
[2026-01-16T09:06:32.939+0000][gc,heap     ] GC(883) Humongous regions: 149->149
[2026-01-16T09:06:32.939+0000][gc,metaspace] GC(883) Metaspace: 15511K(16000K)->15511K(16000K) NonClass: 13829K(14016K)->13829K(14016K) Class: 1681K(1984K)->1681K(1984K)
[2026-01-16T09:06:32.941+0000][gc          ] GC(883) Pause Young (Normal) (G1 Evacuation Pause) 315M->269M(1024M) 254.100ms
[2026-01-16T09:06:32.945+0000][gc,cpu      ] GC(883) User=0.11s Sys=0.01s Real=0.25s
[2026-01-16T09:06:33.641+0000][gc,start    ] GC(884) Pause Young (Normal) (G1 Evacuation Pause)
[2026-01-16T09:06:33.647+0000][gc,task     ] GC(884) Using 8 workers of 8 for evacuation
[2026-01-16T09:06:33.774+0000][gc,phases   ] GC(884)   Pre Evacuate Collection Set: 15.2ms
[2026-01-16T09:06:33.779+0000][gc,phases   ] GC(884)   Merge Heap Roots: 1.2ms
[2026-01-16T09:06:33.779+0000][gc,phases   ] GC(884)   Evacuate Collection Set: 94.9ms
[2026-01-16T09:06:33.779+0000][gc,phases   ] GC(884)   Post Evacuate Collection Set: 13.3ms
[2026-01-16T09:06:33.779+0000][gc,phases   ] GC(884)   Other: 2.4ms
[2026-01-16T09:06:33.779+0000][gc,heap     ] GC(884) Eden regions: 46->0(46)
[2026-01-16T09:06:33.779+0000][gc,heap     ] GC(884) Survivor regions: 5->5(7)
[2026-01-16T09:06:33.779+0000][gc,heap     ] GC(884) Old regions: 117->117
[2026-01-16T09:06:33.781+0000][gc,heap     ] GC(884) Humongous regions: 149->149
[2026-01-16T09:06:33.781+0000][gc,metaspace] GC(884) Metaspace: 15516K(16000K)->15516K(16000K) NonClass: 13835K(14016K)->13835K(14016K) Class: 1681K(1984K)->1681K(1984K)
[2026-01-16T09:06:33.782+0000][gc          ] GC(884) Pause Young (Normal) (G1 Evacuation Pause) 315M->269M(1024M) 140.994ms
[2026-01-16T09:06:33.782+0000][gc,cpu      ] GC(884) User=0.10s Sys=0.01s Real=0.14s
[2026-01-16T09:06:34.325+0000][gc,start    ] GC(885) Pause Young (Normal) (G1 Evacuation Pause)
[2026-01-16T09:06:34.326+0000][gc,task     ] GC(885) Using 8 workers of 8 for evacuation
[2026-01-16T09:06:34.468+0000][gc,phases   ] GC(885)   Pre Evacuate Collection Set: 10.2ms
[2026-01-16T09:06:34.469+0000][gc,phases   ] GC(885)   Merge Heap Roots: 1.1ms
[2026-01-16T09:06:34.469+0000][gc,phases   ] GC(885)   Evacuate Collection Set: 123.3ms
[2026-01-16T09:06:34.470+0000][gc,phases   ] GC(885)   Post Evacuate Collection Set: 6.8ms
[2026-01-16T09:06:34.470+0000][gc,phases   ] GC(885)   Other: 0.8ms
[2026-01-16T09:06:34.470+0000][gc,heap     ] GC(885) Eden regions: 46->0(101)
[2026-01-16T09:06:34.472+0000][gc,heap     ] GC(885) Survivor regions: 5->4(7)
[2026-01-16T09:06:34.474+0000][gc,heap     ] GC(885) Old regions: 117->118
[2026-01-16T09:06:34.475+0000][gc,heap     ] GC(885) Humongous regions: 149->149
[2026-01-16T09:06:34.476+0000][gc,metaspace] GC(885) Metaspace: 15516K(16000K)->15516K(16000K) NonClass: 13835K(14016K)->13835K(14016K) Class: 1681K(1984K)->1681K(1984K)
[2026-01-16T09:06:34.476+0000][gc          ] GC(885) Pause Young (Normal) (G1 Evacuation Pause) 315M->270M(1024M) 151.094ms
[2026-01-16T09:06:34.477+0000][gc,cpu      ] GC(885) User=0.10s Sys=0.00s Real=0.15s
[2026-01-16T09:06:43.396+0000][gc,start    ] GC(886) Pause Young (Normal) (G1 Evacuation Pause)
[2026-01-16T09:06:43.399+0000][gc,task     ] GC(886) Using 8 workers of 8 for evacuation
[2026-01-16T09:06:44.857+0000][gc,mmu      ] GC(886) MMU target violated: 201.0ms (200.0ms/201.0ms)
[2026-01-16T09:06:44.859+0000][gc,phases   ] GC(886)   Pre Evacuate Collection Set: 125.1ms
[2026-01-16T09:06:44.864+0000][gc,phases   ] GC(886)   Merge Heap Roots: 6.4ms
[2026-01-16T09:06:44.877+0000][gc,phases   ] GC(886)   Evacuate Collection Set: 1219.3ms
[2026-01-16T09:06:44.881+0000][gc,phases   ] GC(886)   Post Evacuate Collection Set: 95.2ms
[2026-01-16T09:06:44.884+0000][gc,phases   ] GC(886)   Other: 14.5ms
[2026-01-16T09:06:44.948+0000][gc,heap     ] GC(886) Eden regions: 106->0(45)
[2026-01-16T09:06:44.952+0000][gc,heap     ] GC(886) Survivor regions: 4->6(14)
[2026-01-16T09:06:44.963+0000][gc,heap     ] GC(886) Old regions: 118->118
[2026-01-16T09:06:45.000+0000][gc,heap     ] GC(886) Humongous regions: 149->149
[2026-01-16T09:06:45.009+0000][gc,metaspace] GC(886) Metaspace: 15524K(16000K)->15524K(16000K) NonClass: 13843K(14016K)->13843K(14016K) Class: 1681K(1984K)->1681K(1984K)
[2026-01-16T09:06:45.013+0000][gc          ] GC(886) Pause Young (Normal) (G1 Evacuation Pause) 376M->272M(1024M) 1617.153ms
[2026-01-16T09:06:45.033+0000][gc,cpu      ] GC(886) User=0.91s Sys=0.11s Real=1.64s
[2026-01-16T09:06:46.622+0000][gc,start    ] GC(887) Pause Young (Normal) (G1 Evacuation Pause)
[2026-01-16T09:06:46.622+0000][gc,task     ] GC(887) Using 8 workers of 8 for evacuation
[2026-01-16T09:06:46.902+0000][gc,mmu      ] GC(887) MMU target violated: 201.0ms (200.0ms/201.0ms)
[2026-01-16T09:06:46.902+0000][gc,phases   ] GC(887)   Pre Evacuate Collection Set: 50.1ms
[2026-01-16T09:06:46.903+0000][gc,phases   ] GC(887)   Merge Heap Roots: 0.7ms
[2026-01-16T09:06:46.903+0000][gc,phases   ] GC(887)   Evacuate Collection Set: 211.3ms
[2026-01-16T09:06:46.904+0000][gc,phases   ] GC(887)   Post Evacuate Collection Set: 17.0ms
[2026-01-16T09:06:46.904+0000][gc,phases   ] GC(887)   Other: 1.2ms
[2026-01-16T09:06:46.904+0000][gc,heap     ] GC(887) Eden regions: 45->0(46)
[2026-01-16T09:06:46.906+0000][gc,heap     ] GC(887) Survivor regions: 6->5(7)
[2026-01-16T09:06:46.906+0000][gc,heap     ] GC(887) Old regions: 118->120
[2026-01-16T09:06:46.906+0000][gc,heap     ] GC(887) Humongous regions: 149->149
[2026-01-16T09:06:46.906+0000][gc,metaspace] GC(887) Metaspace: 15526K(16000K)->15526K(16000K) NonClass: 13844K(14016K)->13844K(14016K) Class: 1681K(1984K)->1681K(1984K)
[2026-01-16T09:06:46.907+0000][gc          ] GC(887) Pause Young (Normal) (G1 Evacuation Pause) 317M->273M(1024M) 285.527ms
[2026-01-16T09:06:46.907+0000][gc,cpu      ] GC(887) User=0.22s Sys=0.01s Real=0.28s
[2026-01-16T09:06:48.065+0000][gc,start    ] GC(888) Pause Young (Normal) (G1 Evacuation Pause)
[2026-01-16T09:06:48.068+0000][gc,task     ] GC(888) Using 8 workers of 8 for evacuation
[2026-01-16T09:06:48.478+0000][gc,mmu      ] GC(888) MMU target violated: 201.0ms (200.0ms/201.0ms)
[2026-01-16T09:06:48.485+0000][gc,phases   ] GC(888)   Pre Evacuate Collection Set: 22.8ms
[2026-01-16T09:06:48.489+0000][gc,phases   ] GC(888)   Merge Heap Roots: 0.5ms
[2026-01-16T09:06:48.491+0000][gc,phases   ] GC(888)   Evacuate Collection Set: 380.3ms
[2026-01-16T09:06:48.492+0000][gc,phases   ] GC(888)   Post Evacuate Collection Set: 5.5ms
[2026-01-16T09:06:48.496+0000][gc,phases   ] GC(888)   Other: 8.3ms
[2026-01-16T09:06:48.500+0000][gc,heap     ] GC(888) Eden regions: 46->0(46)
[2026-01-16T09:06:48.502+0000][gc,heap     ] GC(888) Survivor regions: 5->5(7)
[2026-01-16T09:06:48.508+0000][gc,heap     ] GC(888) Old regions: 120->121
[2026-01-16T09:06:48.508+0000][gc,heap     ] GC(888) Humongous regions: 149->149
[2026-01-16T09:06:48.511+0000][gc,metaspace] GC(888) Metaspace: 15530K(16000K)->15530K(16000K) NonClass: 13848K(14016K)->13848K(14016K) Class: 1681K(1984K)->1681K(1984K)
[2026-01-16T09:06:48.515+0000][gc          ] GC(888) Pause Young (Normal) (G1 Evacuation Pause) 319M->273M(1024M) 450.342ms
[2026-01-16T09:06:48.516+0000][gc,cpu      ] GC(888) User=0.22s Sys=0.07s Real=0.45s
[2026-01-16T09:06:49.733+0000][gc,start    ] GC(889) Pause Young (Normal) (G1 Evacuation Pause)
[2026-01-16T09:06:49.736+0000][gc,task     ] GC(889) Using 8 workers of 8 for evacuation
[2026-01-16T09:06:50.242+0000][gc,mmu      ] GC(889) MMU target violated: 201.0ms (200.0ms/201.0ms)
[2026-01-16T09:06:50.245+0000][gc,phases   ] GC(889)   Pre Evacuate Collection Set: 31.7ms
[2026-01-16T09:06:50.248+0000][gc,phases   ] GC(889)   Merge Heap Roots: 9.8ms
[2026-01-16T09:06:50.249+0000][gc,phases   ] GC(889)   Evacuate Collection Set: 450.9ms
[2026-01-16T09:06:50.249+0000][gc,phases   ] GC(889)   Post Evacuate Collection Set: 7.6ms
[2026-01-16T09:06:50.255+0000][gc,phases   ] GC(889)   Other: 10.2ms
[2026-01-16T09:06:50.256+0000][gc,heap     ] GC(889) Eden regions: 46->0(47)
[2026-01-16T09:06:50.257+0000][gc,heap     ] GC(889) Survivor regions: 5->4(7)
[2026-01-16T09:06:50.257+0000][gc,heap     ] GC(889) Old regions: 121->122
[2026-01-16T09:06:50.258+0000][gc,heap     ] GC(889) Humongous regions: 149->149
[2026-01-16T09:06:50.258+0000][gc,metaspace] GC(889) Metaspace: 15534K(16000K)->15534K(16000K) NonClass: 13852K(14016K)->13852K(14016K) Class: 1681K(1984K)->1681K(1984K)
[2026-01-16T09:06:50.269+0000][gc          ] GC(889) Pause Young (Normal) (G1 Evacuation Pause) 319M->273M(1024M) 535.981ms
[2026-01-16T09:06:50.270+0000][gc,cpu      ] GC(889) User=0.26s Sys=0.01s Real=0.53s
[2026-01-16T09:06:51.504+0000][gc,start    ] GC(890) Pause Young (Normal) (G1 Evacuation Pause)
[2026-01-16T09:06:51.522+0000][gc,task     ] GC(890) Using 8 workers of 8 for evacuation
[2026-01-16T09:06:51.756+0000][gc,mmu      ] GC(890) MMU target violated: 201.0ms (200.0ms/201.0ms)
[2026-01-16T09:06:51.756+0000][gc,phases   ] GC(890)   Pre Evacuate Collection Set: 37.0ms
[2026-01-16T09:06:51.757+0000][gc,phases   ] GC(890)   Merge Heap Roots: 0.5ms
[2026-01-16T09:06:51.757+0000][gc,phases   ] GC(890)   Evacuate Collection Set: 184.6ms
[2026-01-16T09:06:51.758+0000][gc,phases   ] GC(890)   Post Evacuate Collection Set: 6.1ms
[2026-01-16T09:06:51.759+0000][gc,phases   ] GC(890)   Other: 6.2ms
[2026-01-16T09:06:51.759+0000][gc,heap     ] GC(890) Eden regions: 47->0(46)
[2026-01-16T09:06:51.760+0000][gc,heap     ] GC(890) Survivor regions: 4->5(7)
[2026-01-16T09:06:51.760+0000][gc,heap     ] GC(890) Old regions: 122->122
[2026-01-16T09:06:51.761+0000][gc,heap     ] GC(890) Humongous regions: 149->149
[2026-01-16T09:06:51.762+0000][gc,metaspace] GC(890) Metaspace: 15538K(16000K)->15538K(16000K) NonClass: 13857K(14016K)->13857K(14016K) Class: 1681K(1984K)->1681K(1984K)
[2026-01-16T09:06:51.764+0000][gc          ] GC(890) Pause Young (Normal) (G1 Evacuation Pause) 320M->274M(1024M) 260.238ms
[2026-01-16T09:06:51.766+0000][gc,cpu      ] GC(890) User=0.17s Sys=0.01s Real=0.26s
[2026-01-16T09:06:53.100+0000][gc,start    ] GC(891) Pause Young (Normal) (G1 Evacuation Pause)
[2026-01-16T09:06:53.103+0000][gc,task     ] GC(891) Using 8 workers of 8 for evacuation
[2026-01-16T09:06:53.556+0000][gc,mmu      ] GC(891) MMU target violated: 201.0ms (200.0ms/201.0ms)
[2026-01-16T09:06:53.558+0000][gc,phases   ] GC(891)   Pre Evacuate Collection Set: 38.9ms
[2026-01-16T09:06:53.559+0000][gc,phases   ] GC(891)   Merge Heap Roots: 1.2ms
[2026-01-16T09:06:53.559+0000][gc,phases   ] GC(891)   Evacuate Collection Set: 407.0ms
[2026-01-16T09:06:53.559+0000][gc,phases   ] GC(891)   Post Evacuate Collection Set: 3.0ms
[2026-01-16T09:06:53.560+0000][gc,phases   ] GC(891)   Other: 5.3ms
[2026-01-16T09:06:53.560+0000][gc,heap     ] GC(891) Eden regions: 46->0(47)
[2026-01-16T09:06:53.560+0000][gc,heap     ] GC(891) Survivor regions: 5->4(7)
[2026-01-16T09:06:53.561+0000][gc,heap     ] GC(891) Old regions: 122->123
[2026-01-16T09:06:53.561+0000][gc,heap     ] GC(891) Humongous regions: 149->149
[2026-01-16T09:06:53.561+0000][gc,metaspace] GC(891) Metaspace: 15538K(16000K)->15538K(16000K) NonClass: 13857K(14016K)->13857K(14016K) Class: 1681K(1984K)->1681K(1984K)
[2026-01-16T09:06:53.562+0000][gc          ] GC(891) Pause Young (Normal) (G1 Evacuation Pause) 320M->275M(1024M) 462.339ms
[2026-01-16T09:06:53.562+0000][gc,cpu      ] GC(891) User=0.35s Sys=0.02s Real=0.47s
[2026-01-16T09:06:54.523+0000][gc,start    ] GC(892) Pause Young (Normal) (G1 Evacuation Pause)
[2026-01-16T09:06:54.525+0000][gc,task     ] GC(892) Using 8 workers of 8 for evacuation
[2026-01-16T09:06:54.737+0000][gc,mmu      ] GC(892) MMU target violated: 201.0ms (200.0ms/201.0ms)
[2026-01-16T09:06:54.746+0000][gc,phases   ] GC(892)   Pre Evacuate Collection Set: 6.9ms
[2026-01-16T09:06:54.751+0000][gc,phases   ] GC(892)   Merge Heap Roots: 0.5ms
[2026-01-16T09:06:54.754+0000][gc,phases   ] GC(892)   Evacuate Collection Set: 196.0ms
[2026-01-16T09:06:54.758+0000][gc,phases   ] GC(892)   Post Evacuate Collection Set: 8.2ms
[2026-01-16T09:06:54.761+0000][gc,phases   ] GC(892)   Other: 10.0ms
[2026-01-16T09:06:54.764+0000][gc,heap     ] GC(892) Eden regions: 47->0(47)
[2026-01-16T09:06:54.767+0000][gc,heap     ] GC(892) Survivor regions: 4->4(7)
[2026-01-16T09:06:54.770+0000][gc,heap     ] GC(892) Old regions: 123->123
[2026-01-16T09:06:54.770+0000][gc,heap     ] GC(892) Humongous regions: 149->149
[2026-01-16T09:06:54.770+0000][gc,metaspace] GC(892) Metaspace: 15540K(16000K)->15540K(16000K) NonClass: 13858K(14016K)->13858K(14016K) Class: 1681K(1984K)->1681K(1984K)
[2026-01-16T09:06:54.771+0000][gc          ] GC(892) Pause Young (Normal) (G1 Evacuation Pause) 322M->275M(1024M) 247.581ms
[2026-01-16T09:06:54.771+0000][gc,cpu      ] GC(892) User=0.06s Sys=0.00s Real=0.25s
[2026-01-16T09:06:55.646+0000][gc,start    ] GC(893) Pause Young (Normal) (G1 Evacuation Pause)
[2026-01-16T09:06:55.659+0000][gc,task     ] GC(893) Using 8 workers of 8 for evacuation
[2026-01-16T09:06:55.823+0000][gc,phases   ] GC(893)   Pre Evacuate Collection Set: 1.2ms
[2026-01-16T09:06:55.823+0000][gc,phases   ] GC(893)   Merge Heap Roots: 0.4ms
[2026-01-16T09:06:55.823+0000][gc,phases   ] GC(893)   Evacuate Collection Set: 146.5ms
[2026-01-16T09:06:55.825+0000][gc,phases   ] GC(893)   Post Evacuate Collection Set: 11.5ms
[2026-01-16T09:06:55.826+0000][gc,phases   ] GC(893)   Other: 1.9ms
[2026-01-16T09:06:55.827+0000][gc,heap     ] GC(893) Eden regions: 47->0(46)
[2026-01-16T09:06:55.828+0000][gc,heap     ] GC(893) Survivor regions: 4->5(7)
[2026-01-16T09:06:55.830+0000][gc,heap     ] GC(893) Old regions: 123->124
[2026-01-16T09:06:55.830+0000][gc,heap     ] GC(893) Humongous regions: 149->149
[2026-01-16T09:06:55.832+0000][gc,metaspace] GC(893) Metaspace: 15542K(16000K)->15542K(16000K) NonClass: 13860K(14016K)->13860K(14016K) Class: 1681K(1984K)->1681K(1984K)
[2026-01-16T09:06:55.833+0000][gc          ] GC(893) Pause Young (Normal) (G1 Evacuation Pause) 322M->276M(1024M) 186.509ms
[2026-01-16T09:06:55.835+0000][gc,cpu      ] GC(893) User=0.12s Sys=0.01s Real=0.19s
[2026-01-16T09:06:56.965+0000][gc,start    ] GC(894) Pause Young (Normal) (G1 Evacuation Pause)
[2026-01-16T09:06:56.970+0000][gc,task     ] GC(894) Using 8 workers of 8 for evacuation
[2026-01-16T09:06:57.240+0000][gc,mmu      ] GC(894) MMU target violated: 201.0ms (200.0ms/201.0ms)
[2026-01-16T09:06:57.241+0000][gc,phases   ] GC(894)   Pre Evacuate Collection Set: 13.1ms
[2026-01-16T09:06:57.243+0000][gc,phases   ] GC(894)   Merge Heap Roots: 3.5ms
[2026-01-16T09:06:57.243+0000][gc,phases   ] GC(894)   Evacuate Collection Set: 233.6ms
[2026-01-16T09:06:57.244+0000][gc,phases   ] GC(894)   Post Evacuate Collection Set: 18.0ms
[2026-01-16T09:06:57.244+0000][gc,phases   ] GC(894)   Other: 2.5ms
[2026-01-16T09:06:57.245+0000][gc,heap     ] GC(894) Eden regions: 46->0(46)
[2026-01-16T09:06:57.246+0000][gc,heap     ] GC(894) Survivor regions: 5->5(7)
[2026-01-16T09:06:57.246+0000][gc,heap     ] GC(894) Old regions: 124->125
[2026-01-16T09:06:57.246+0000][gc,heap     ] GC(894) Humongous regions: 149->149
[2026-01-16T09:06:57.246+0000][gc,metaspace] GC(894) Metaspace: 15544K(16000K)->15544K(16000K) NonClass: 13863K(14016K)->13863K(14016K) Class: 1681K(1984K)->1681K(1984K)
[2026-01-16T09:06:57.247+0000][gc          ] GC(894) Pause Young (Normal) (G1 Evacuation Pause) 322M->277M(1024M) 281.725ms
[2026-01-16T09:06:57.248+0000][gc,cpu      ] GC(894) User=0.14s Sys=0.00s Real=0.28s
[2026-01-16T09:06:58.852+0000][gc,start    ] GC(895) Pause Young (Normal) (G1 Evacuation Pause)
[2026-01-16T09:06:58.863+0000][gc,task     ] GC(895) Using 8 workers of 8 for evacuation
[2026-01-16T09:06:59.203+0000][gc,mmu      ] GC(895) MMU target violated: 201.0ms (200.0ms/201.0ms)
[2026-01-16T09:06:59.203+0000][gc,phases   ] GC(895)   Pre Evacuate Collection Set: 27.7ms
[2026-01-16T09:06:59.204+0000][gc,phases   ] GC(895)   Merge Heap Roots: 0.6ms
[2026-01-16T09:06:59.204+0000][gc,phases   ] GC(895)   Evacuate Collection Set: 296.3ms
[2026-01-16T09:06:59.204+0000][gc,phases   ] GC(895)   Post Evacuate Collection Set: 13.5ms
[2026-01-16T09:06:59.204+0000][gc,phases   ] GC(895)   Other: 2.5ms
[2026-01-16T09:06:59.205+0000][gc,heap     ] GC(895) Eden regions: 46->0(46)
[2026-01-16T09:06:59.205+0000][gc,heap     ] GC(895) Survivor regions: 5->5(7)
[2026-01-16T09:06:59.205+0000][gc,heap     ] GC(895) Old regions: 125->125
[2026-01-16T09:06:59.206+0000][gc,heap     ] GC(895) Humongous regions: 149->149
[2026-01-16T09:06:59.206+0000][gc,metaspace] GC(895) Metaspace: 15556K(16000K)->15556K(16000K) NonClass: 13874K(14016K)->13874K(14016K) Class: 1681K(1984K)->1681K(1984K)
[2026-01-16T09:06:59.207+0000][gc          ] GC(895) Pause Young (Normal) (G1 Evacuation Pause) 323M->278M(1024M) 354.696ms
[2026-01-16T09:06:59.208+0000][gc,cpu      ] GC(895) User=0.18s Sys=0.00s Real=0.35s
[2026-01-16T09:07:00.540+0000][gc,start    ] GC(896) Pause Young (Normal) (G1 Evacuation Pause)
[2026-01-16T09:07:00.544+0000][gc,task     ] GC(896) Using 8 workers of 8 for evacuation
[2026-01-16T09:07:00.943+0000][gc,mmu      ] GC(896) MMU target violated: 201.0ms (200.0ms/201.0ms)
[2026-01-16T09:07:00.943+0000][gc,phases   ] GC(896)   Pre Evacuate Collection Set: 34.2ms
[2026-01-16T09:07:00.943+0000][gc,phases   ] GC(896)   Merge Heap Roots: 5.9ms
[2026-01-16T09:07:00.944+0000][gc,phases   ] GC(896)   Evacuate Collection Set: 341.9ms
[2026-01-16T09:07:00.946+0000][gc,phases   ] GC(896)   Post Evacuate Collection Set: 14.7ms
[2026-01-16T09:07:00.947+0000][gc,phases   ] GC(896)   Other: 3.0ms
[2026-01-16T09:07:00.947+0000][gc,heap     ] GC(896) Eden regions: 46->0(46)
[2026-01-16T09:07:00.952+0000][gc,heap     ] GC(896) Survivor regions: 5->5(7)
[2026-01-16T09:07:00.954+0000][gc,heap     ] GC(896) Old regions: 125->126
[2026-01-16T09:07:00.954+0000][gc,heap     ] GC(896) Humongous regions: 149->149
[2026-01-16T09:07:00.955+0000][gc,metaspace] GC(896) Metaspace: 15558K(16000K)->15558K(16000K) NonClass: 13877K(14016K)->13877K(14016K) Class: 1681K(1984K)->1681K(1984K)
[2026-01-16T09:07:00.956+0000][gc          ] GC(896) Pause Young (Normal) (G1 Evacuation Pause) 324M->278M(1024M) 416.084ms
[2026-01-16T09:07:00.962+0000][gc,cpu      ] GC(896) User=0.21s Sys=0.01s Real=0.43s
[2026-01-16T09:07:02.566+0000][gc,start    ] GC(897) Pause Young (Normal) (GCLocker Initiated GC)
[2026-01-16T09:07:02.573+0000][gc,task     ] GC(897) Using 8 workers of 8 for evacuation
[2026-01-16T09:07:02.818+0000][gc,mmu      ] GC(897) MMU target violated: 201.0ms (200.0ms/201.0ms)
[2026-01-16T09:07:02.819+0000][gc,phases   ] GC(897)   Pre Evacuate Collection Set: 14.7ms
[2026-01-16T09:07:02.821+0000][gc,phases   ] GC(897)   Merge Heap Roots: 8.9ms
[2026-01-16T09:07:02.821+0000][gc,phases   ] GC(897)   Evacuate Collection Set: 187.6ms
[2026-01-16T09:07:02.822+0000][gc,phases   ] GC(897)   Post Evacuate Collection Set: 22.9ms
[2026-01-16T09:07:02.822+0000][gc,phases   ] GC(897)   Other: 12.3ms
[2026-01-16T09:07:02.823+0000][gc,heap     ] GC(897) Eden regions: 48->0(47)
[2026-01-16T09:07:02.823+0000][gc,heap     ] GC(897) Survivor regions: 5->4(7)
[2026-01-16T09:07:02.825+0000][gc,heap     ] GC(897) Old regions: 126->127
[2026-01-16T09:07:02.825+0000][gc,heap     ] GC(897) Humongous regions: 149->149
[2026-01-16T09:07:02.827+0000][gc,metaspace] GC(897) Metaspace: 15562K(16000K)->15562K(16000K) NonClass: 13881K(14016K)->13881K(14016K) Class: 1681K(1984K)->1681K(1984K)
[2026-01-16T09:07:02.830+0000][gc          ] GC(897) Pause Young (Normal) (GCLocker Initiated GC) 326M->279M(1024M) 264.265ms
[2026-01-16T09:07:02.834+0000][gc,cpu      ] GC(897) User=0.19s Sys=0.01s Real=0.27s
[2026-01-16T09:07:04.804+0000][gc,start    ] GC(898) Pause Young (Normal) (G1 Evacuation Pause)
[2026-01-16T09:07:04.834+0000][gc,task     ] GC(898) Using 8 workers of 8 for evacuation
[2026-01-16T09:07:05.216+0000][gc,mmu      ] GC(898) MMU target violated: 201.0ms (200.0ms/201.0ms)
[2026-01-16T09:07:05.220+0000][gc,phases   ] GC(898)   Pre Evacuate Collection Set: 31.4ms
[2026-01-16T09:07:05.221+0000][gc,phases   ] GC(898)   Merge Heap Roots: 48.3ms
[2026-01-16T09:07:05.225+0000][gc,phases   ] GC(898)   Evacuate Collection Set: 254.8ms
[2026-01-16T09:07:05.226+0000][gc,phases   ] GC(898)   Post Evacuate Collection Set: 32.7ms
[2026-01-16T09:07:05.227+0000][gc,phases   ] GC(898)   Other: 19.4ms
[2026-01-16T09:07:05.232+0000][gc,heap     ] GC(898) Eden regions: 47->0(46)
[2026-01-16T09:07:05.232+0000][gc,heap     ] GC(898) Survivor regions: 4->5(7)
[2026-01-16T09:07:05.232+0000][gc,heap     ] GC(898) Old regions: 127->127
[2026-01-16T09:07:05.232+0000][gc,heap     ] GC(898) Humongous regions: 149->149
[2026-01-16T09:07:05.232+0000][gc,metaspace] GC(898) Metaspace: 15571K(16000K)->15571K(16000K) NonClass: 13889K(14016K)->13889K(14016K) Class: 1681K(1984K)->1681K(1984K)
[2026-01-16T09:07:05.234+0000][gc          ] GC(898) Pause Young (Normal) (G1 Evacuation Pause) 326M->280M(1024M) 426.997ms
[2026-01-16T09:07:05.238+0000][gc,cpu      ] GC(898) User=0.19s Sys=0.02s Real=0.43s
[2026-01-16T09:07:07.192+0000][gc,start    ] GC(899) Pause Young (Normal) (G1 Evacuation Pause)
[2026-01-16T09:07:07.204+0000][gc,task     ] GC(899) Using 8 workers of 8 for evacuation
[2026-01-16T09:07:07.463+0000][gc,mmu      ] GC(899) MMU target violated: 201.0ms (200.0ms/201.0ms)
[2026-01-16T09:07:07.465+0000][gc,phases   ] GC(899)   Pre Evacuate Collection Set: 36.1ms
[2026-01-16T09:07:07.466+0000][gc,phases   ] GC(899)   Merge Heap Roots: 4.8ms
[2026-01-16T09:07:07.466+0000][gc,phases   ] GC(899)   Evacuate Collection Set: 209.5ms
[2026-01-16T09:07:07.466+0000][gc,phases   ] GC(899)   Post Evacuate Collection Set: 6.9ms
[2026-01-16T09:07:07.466+0000][gc,phases   ] GC(899)   Other: 12.4ms
[2026-01-16T09:07:07.467+0000][gc,heap     ] GC(899) Eden regions: 46->0(46)
[2026-01-16T09:07:07.467+0000][gc,heap     ] GC(899) Survivor regions: 5->5(7)
[2026-01-16T09:07:07.467+0000][gc,heap     ] GC(899) Old regions: 127->128
[2026-01-16T09:07:07.468+0000][gc,heap     ] GC(899) Humongous regions: 149->149
[2026-01-16T09:07:07.468+0000][gc,metaspace] GC(899) Metaspace: 15584K(16000K)->15584K(16000K) NonClass: 13902K(14016K)->13902K(14016K) Class: 1681K(1984K)->1681K(1984K)
[2026-01-16T09:07:07.469+0000][gc          ] GC(899) Pause Young (Normal) (G1 Evacuation Pause) 326M->280M(1024M) 277.040ms
[2026-01-16T09:07:07.470+0000][gc,cpu      ] GC(899) User=0.19s Sys=0.00s Real=0.27s
[2026-01-16T09:07:08.972+0000][gc,start    ] GC(900) Pause Young (Normal) (G1 Evacuation Pause)
[2026-01-16T09:07:08.974+0000][gc,task     ] GC(900) Using 8 workers of 8 for evacuation
[2026-01-16T09:07:09.416+0000][gc,mmu      ] GC(900) MMU target violated: 201.0ms (200.0ms/201.0ms)
[2026-01-16T09:07:09.418+0000][gc,phases   ] GC(900)   Pre Evacuate Collection Set: 39.0ms
[2026-01-16T09:07:09.422+0000][gc,phases   ] GC(900)   Merge Heap Roots: 13.0ms
[2026-01-16T09:07:09.424+0000][gc,phases   ] GC(900)   Evacuate Collection Set: 361.2ms
[2026-01-16T09:07:09.425+0000][gc,phases   ] GC(900)   Post Evacuate Collection Set: 23.6ms
[2026-01-16T09:07:09.428+0000][gc,phases   ] GC(900)   Other: 7.7ms
[2026-01-16T09:07:09.429+0000][gc,heap     ] GC(900) Eden regions: 46->0(46)
[2026-01-16T09:07:09.430+0000][gc,heap     ] GC(900) Survivor regions: 5->5(7)
[2026-01-16T09:07:09.430+0000][gc,heap     ] GC(900) Old regions: 128->129
[2026-01-16T09:07:09.430+0000][gc,heap     ] GC(900) Humongous regions: 149->149
[2026-01-16T09:07:09.431+0000][gc,metaspace] GC(900) Metaspace: 15611K(16064K)->15611K(16064K) NonClass: 13929K(14080K)->13929K(14080K) Class: 1681K(1984K)->1681K(1984K)
[2026-01-16T09:07:09.434+0000][gc          ] GC(900) Pause Young (Normal) (G1 Evacuation Pause) 326M->281M(1024M) 461.126ms
[2026-01-16T09:07:09.434+0000][gc,cpu      ] GC(900) User=0.18s Sys=0.01s Real=0.46s
[2026-01-16T09:07:10.487+0000][gc,start    ] GC(901) Pause Young (Normal) (G1 Evacuation Pause)
[2026-01-16T09:07:10.492+0000][gc,task     ] GC(901) Using 8 workers of 8 for evacuation
[2026-01-16T09:07:10.778+0000][gc,mmu      ] GC(901) MMU target violated: 201.0ms (200.0ms/201.0ms)
[2026-01-16T09:07:10.779+0000][gc,phases   ] GC(901)   Pre Evacuate Collection Set: 45.4ms
[2026-01-16T09:07:10.780+0000][gc,phases   ] GC(901)   Merge Heap Roots: 10.1ms
[2026-01-16T09:07:10.780+0000][gc,phases   ] GC(901)   Evacuate Collection Set: 219.6ms
[2026-01-16T09:07:10.781+0000][gc,phases   ] GC(901)   Post Evacuate Collection Set: 7.8ms
[2026-01-16T09:07:10.781+0000][gc,phases   ] GC(901)   Other: 5.0ms
[2026-01-16T09:07:10.782+0000][gc,heap     ] GC(901) Eden regions: 46->0(46)
[2026-01-16T09:07:10.782+0000][gc,heap     ] GC(901) Survivor regions: 5->5(7)
[2026-01-16T09:07:10.783+0000][gc,heap     ] GC(901) Old regions: 129->130
[2026-01-16T09:07:10.783+0000][gc,heap     ] GC(901) Humongous regions: 149->149
[2026-01-16T09:07:10.783+0000][gc,metaspace] GC(901) Metaspace: 15623K(16064K)->15623K(16064K) NonClass: 13942K(14080K)->13942K(14080K) Class: 1681K(1984K)->1681K(1984K)
[2026-01-16T09:07:10.784+0000][gc          ] GC(901) Pause Young (Normal) (G1 Evacuation Pause) 327M->282M(1024M) 297.558ms
[2026-01-16T09:07:10.784+0000][gc,cpu      ] GC(901) User=0.19s Sys=0.01s Real=0.30s
[2026-01-16T09:07:11.557+0000][gc,start    ] GC(902) Pause Young (Normal) (G1 Evacuation Pause)
[2026-01-16T09:07:11.560+0000][gc,task     ] GC(902) Using 8 workers of 8 for evacuation
[2026-01-16T09:07:11.652+0000][gc,phases   ] GC(902)   Pre Evacuate Collection Set: 1.9ms
[2026-01-16T09:07:11.652+0000][gc,phases   ] GC(902)   Merge Heap Roots: 0.4ms
[2026-01-16T09:07:11.653+0000][gc,phases   ] GC(902)   Evacuate Collection Set: 86.0ms
[2026-01-16T09:07:11.654+0000][gc,phases   ] GC(902)   Post Evacuate Collection Set: 1.3ms
[2026-01-16T09:07:11.654+0000][gc,phases   ] GC(902)   Other: 3.0ms
[2026-01-16T09:07:11.654+0000][gc,heap     ] GC(902) Eden regions: 46->0(47)
[2026-01-16T09:07:11.654+0000][gc,heap     ] GC(902) Survivor regions: 5->4(7)
[2026-01-16T09:07:11.655+0000][gc,heap     ] GC(902) Old regions: 130->130
[2026-01-16T09:07:11.655+0000][gc,heap     ] GC(902) Humongous regions: 149->149
[2026-01-16T09:07:11.655+0000][gc,metaspace] GC(902) Metaspace: 15623K(16064K)->15623K(16064K) NonClass: 13942K(14080K)->13942K(14080K) Class: 1681K(1984K)->1681K(1984K)
[2026-01-16T09:07:11.656+0000][gc          ] GC(902) Pause Young (Normal) (G1 Evacuation Pause) 328M->282M(1024M) 98.707ms
[2026-01-16T09:07:11.657+0000][gc,cpu      ] GC(902) User=0.09s Sys=0.00s Real=0.10s
[2026-01-16T09:07:12.646+0000][gc,start    ] GC(903) Pause Young (Normal) (G1 Evacuation Pause)
[2026-01-16T09:07:12.647+0000][gc,task     ] GC(903) Using 8 workers of 8 for evacuation
[2026-01-16T09:07:12.920+0000][gc,mmu      ] GC(903) MMU target violated: 201.0ms (200.0ms/201.0ms)
[2026-01-16T09:07:12.935+0000][gc,phases   ] GC(903)   Pre Evacuate Collection Set: 6.7ms
[2026-01-16T09:07:12.936+0000][gc,phases   ] GC(903)   Merge Heap Roots: 0.8ms
[2026-01-16T09:07:12.937+0000][gc,phases   ] GC(903)   Evacuate Collection Set: 258.5ms
[2026-01-16T09:07:12.940+0000][gc,phases   ] GC(903)   Post Evacuate Collection Set: 7.5ms
[2026-01-16T09:07:12.941+0000][gc,phases   ] GC(903)   Other: 15.3ms
[2026-01-16T09:07:12.942+0000][gc,heap     ] GC(903) Eden regions: 47->0(46)
[2026-01-16T09:07:12.942+0000][gc,heap     ] GC(903) Survivor regions: 4->5(7)
[2026-01-16T09:07:12.942+0000][gc,heap     ] GC(903) Old regions: 130->131
[2026-01-16T09:07:12.942+0000][gc,heap     ] GC(903) Humongous regions: 149->149
[2026-01-16T09:07:12.942+0000][gc,metaspace] GC(903) Metaspace: 15623K(16064K)->15623K(16064K) NonClass: 13942K(14080K)->13942K(14080K) Class: 1681K(1984K)->1681K(1984K)
[2026-01-16T09:07:12.944+0000][gc          ] GC(903) Pause Young (Normal) (G1 Evacuation Pause) 329M->283M(1024M) 297.217ms
[2026-01-16T09:07:12.944+0000][gc,cpu      ] GC(903) User=0.18s Sys=0.00s Real=0.30s
[2026-01-16T09:07:14.896+0000][gc,start    ] GC(904) Pause Young (Normal) (G1 Evacuation Pause)
[2026-01-16T09:07:14.898+0000][gc,task     ] GC(904) Using 8 workers of 8 for evacuation
[2026-01-16T09:07:15.563+0000][gc,mmu      ] GC(904) MMU target violated: 201.0ms (200.0ms/201.0ms)
[2026-01-16T09:07:15.568+0000][gc,phases   ] GC(904)   Pre Evacuate Collection Set: 29.3ms
[2026-01-16T09:07:15.568+0000][gc,phases   ] GC(904)   Merge Heap Roots: 9.4ms
[2026-01-16T09:07:15.568+0000][gc,phases   ] GC(904)   Evacuate Collection Set: 623.4ms
[2026-01-16T09:07:15.568+0000][gc,phases   ] GC(904)   Post Evacuate Collection Set: 1.8ms
[2026-01-16T09:07:15.568+0000][gc,phases   ] GC(904)   Other: 5.8ms
[2026-01-16T09:07:15.568+0000][gc,heap     ] GC(904) Eden regions: 46->0(46)
[2026-01-16T09:07:15.568+0000][gc,heap     ] GC(904) Survivor regions: 5->5(7)
[2026-01-16T09:07:15.569+0000][gc,heap     ] GC(904) Old regions: 131->132
[2026-01-16T09:07:15.569+0000][gc,heap     ] GC(904) Humongous regions: 149->149
[2026-01-16T09:07:15.569+0000][gc,metaspace] GC(904) Metaspace: 15623K(16064K)->15623K(16064K) NonClass: 13942K(14080K)->13942K(14080K) Class: 1681K(1984K)->1681K(1984K)
[2026-01-16T09:07:15.570+0000][gc          ] GC(904) Pause Young (Normal) (G1 Evacuation Pause) 329M->284M(1024M) 673.722ms
[2026-01-16T09:07:15.570+0000][gc,cpu      ] GC(904) User=0.20s Sys=0.02s Real=0.67s
[2026-01-16T09:07:23.757+0000][gc,start    ] GC(905) Pause Young (Normal) (G1 Evacuation Pause)
[2026-01-16T09:07:23.780+0000][gc,task     ] GC(905) Using 8 workers of 8 for evacuation
[2026-01-16T09:07:24.847+0000][gc,mmu      ] GC(905) MMU target violated: 201.0ms (200.0ms/201.0ms)
[2026-01-16T09:07:24.854+0000][gc,phases   ] GC(905)   Pre Evacuate Collection Set: 113.1ms
[2026-01-16T09:07:24.862+0000][gc,phases   ] GC(905)   Merge Heap Roots: 44.4ms
[2026-01-16T09:07:24.864+0000][gc,phases   ] GC(905)   Evacuate Collection Set: 849.4ms
[2026-01-16T09:07:24.866+0000][gc,phases   ] GC(905)   Post Evacuate Collection Set: 27.0ms
[2026-01-16T09:07:24.871+0000][gc,phases   ] GC(905)   Other: 44.3ms
[2026-01-16T09:07:24.874+0000][gc,heap     ] GC(905) Eden regions: 46->0(49)
[2026-01-16T09:07:24.874+0000][gc,heap     ] GC(905) Survivor regions: 5->2(7)
[2026-01-16T09:07:24.874+0000][gc,heap     ] GC(905) Old regions: 132->132
[2026-01-16T09:07:24.874+0000][gc,heap     ] GC(905) Humongous regions: 149->149
[2026-01-16T09:07:24.874+0000][gc,metaspace] GC(905) Metaspace: 15623K(16064K)->15623K(16064K) NonClass: 13942K(14080K)->13942K(14080K) Class: 1681K(1984K)->1681K(1984K)
[2026-01-16T09:07:24.879+0000][gc          ] GC(905) Pause Young (Normal) (G1 Evacuation Pause) 330M->282M(1024M) 1121.324ms
[2026-01-16T09:07:24.898+0000][gc,cpu      ] GC(905) User=0.54s Sys=0.08s Real=1.13s
[2026-01-16T09:07:31.504+0000][gc,start    ] GC(906) Pause Young (Normal) (G1 Evacuation Pause)
[2026-01-16T09:07:31.520+0000][gc,task     ] GC(906) Using 8 workers of 8 for evacuation
[2026-01-16T09:07:32.423+0000][gc,mmu      ] GC(906) MMU target violated: 201.0ms (200.0ms/201.0ms)
[2026-01-16T09:07:32.428+0000][gc,phases   ] GC(906)   Pre Evacuate Collection Set: 266.1ms
[2026-01-16T09:07:32.428+0000][gc,phases   ] GC(906)   Merge Heap Roots: 18.6ms
[2026-01-16T09:07:32.429+0000][gc,phases   ] GC(906)   Evacuate Collection Set: 486.8ms
[2026-01-16T09:07:32.432+0000][gc,phases   ] GC(906)   Post Evacuate Collection Set: 118.6ms
[2026-01-16T09:07:32.436+0000][gc,phases   ] GC(906)   Other: 19.5ms
[2026-01-16T09:07:32.438+0000][gc,heap     ] GC(906) Eden regions: 49->0(48)
[2026-01-16T09:07:32.440+0000][gc,heap     ] GC(906) Survivor regions: 2->3(7)
[2026-01-16T09:07:32.445+0000][gc,heap     ] GC(906) Old regions: 132->132
[2026-01-16T09:07:32.447+0000][gc,heap     ] GC(906) Humongous regions: 149->149
[2026-01-16T09:07:32.447+0000][gc,metaspace] GC(906) Metaspace: 15623K(16064K)->15623K(16064K) NonClass: 13942K(14080K)->13942K(14080K) Class: 1681K(1984K)->1681K(1984K)
[2026-01-16T09:07:32.448+0000][gc          ] GC(906) Pause Young (Normal) (G1 Evacuation Pause) 331M->283M(1024M) 944.017ms
[2026-01-16T09:07:32.449+0000][gc,cpu      ] GC(906) User=0.58s Sys=0.03s Real=0.94s
[2026-01-16T09:07:34.904+0000][gc,start    ] GC(907) Pause Young (Normal) (G1 Evacuation Pause)
[2026-01-16T09:07:34.911+0000][gc,task     ] GC(907) Using 8 workers of 8 for evacuation
[2026-01-16T09:07:35.541+0000][gc,mmu      ] GC(907) MMU target violated: 201.0ms (200.0ms/201.0ms)
[2026-01-16T09:07:35.542+0000][gc,phases   ] GC(907)   Pre Evacuate Collection Set: 101.7ms
[2026-01-16T09:07:35.542+0000][gc,phases   ] GC(907)   Merge Heap Roots: 10.3ms
[2026-01-16T09:07:35.542+0000][gc,phases   ] GC(907)   Evacuate Collection Set: 477.9ms
[2026-01-16T09:07:35.542+0000][gc,phases   ] GC(907)   Post Evacuate Collection Set: 37.2ms
[2026-01-16T09:07:35.544+0000][gc,phases   ] GC(907)   Other: 5.3ms
[2026-01-16T09:07:35.545+0000][gc,heap     ] GC(907) Eden regions: 48->0(47)
[2026-01-16T09:07:35.546+0000][gc,heap     ] GC(907) Survivor regions: 3->4(7)
[2026-01-16T09:07:35.547+0000][gc,heap     ] GC(907) Old regions: 132->132
[2026-01-16T09:07:35.548+0000][gc,heap     ] GC(907) Humongous regions: 149->149
[2026-01-16T09:07:35.549+0000][gc,metaspace] GC(907) Metaspace: 15623K(16064K)->15623K(16064K) NonClass: 13942K(14080K)->13942K(14080K) Class: 1681K(1984K)->1681K(1984K)
[2026-01-16T09:07:35.558+0000][gc          ] GC(907) Pause Young (Normal) (G1 Evacuation Pause) 331M->284M(1024M) 654.602ms
[2026-01-16T09:07:35.561+0000][gc,cpu      ] GC(907) User=0.27s Sys=0.01s Real=0.65s
[2026-01-16T09:07:37.406+0000][gc,start    ] GC(908) Pause Young (Normal) (G1 Evacuation Pause)
[2026-01-16T09:07:37.407+0000][gc,task     ] GC(908) Using 8 workers of 8 for evacuation
[2026-01-16T09:07:37.754+0000][gc,mmu      ] GC(908) MMU target violated: 201.0ms (200.0ms/201.0ms)
[2026-01-16T09:07:37.754+0000][gc,phases   ] GC(908)   Pre Evacuate Collection Set: 41.8ms
[2026-01-16T09:07:37.754+0000][gc,phases   ] GC(908)   Merge Heap Roots: 3.0ms
[2026-01-16T09:07:37.755+0000][gc,phases   ] GC(908)   Evacuate Collection Set: 293.3ms
[2026-01-16T09:07:37.755+0000][gc,phases   ] GC(908)   Post Evacuate Collection Set: 7.5ms
[2026-01-16T09:07:37.755+0000][gc,phases   ] GC(908)   Other: 2.2ms
[2026-01-16T09:07:37.756+0000][gc,heap     ] GC(908) Eden regions: 47->0(47)
[2026-01-16T09:07:37.756+0000][gc,heap     ] GC(908) Survivor regions: 4->4(7)
[2026-01-16T09:07:37.756+0000][gc,heap     ] GC(908) Old regions: 132->132
[2026-01-16T09:07:37.757+0000][gc,heap     ] GC(908) Humongous regions: 149->149
[2026-01-16T09:07:37.757+0000][gc,metaspace] GC(908) Metaspace: 15623K(16064K)->15623K(16064K) NonClass: 13942K(14080K)->13942K(14080K) Class: 1681K(1984K)->1681K(1984K)
[2026-01-16T09:07:37.758+0000][gc          ] GC(908) Pause Young (Normal) (G1 Evacuation Pause) 331M->284M(1024M) 352.086ms
[2026-01-16T09:07:37.758+0000][gc,cpu      ] GC(908) User=0.20s Sys=0.01s Real=0.35s
[2026-01-16T09:07:38.783+0000][gc,start    ] GC(909) Pause Young (Normal) (G1 Evacuation Pause)
[2026-01-16T09:07:38.785+0000][gc,task     ] GC(909) Using 8 workers of 8 for evacuation
[2026-01-16T09:07:38.942+0000][gc,phases   ] GC(909)   Pre Evacuate Collection Set: 3.6ms
[2026-01-16T09:07:38.943+0000][gc,phases   ] GC(909)   Merge Heap Roots: 1.1ms
[2026-01-16T09:07:38.944+0000][gc,phases   ] GC(909)   Evacuate Collection Set: 146.3ms
[2026-01-16T09:07:38.944+0000][gc,phases   ] GC(909)   Post Evacuate Collection Set: 5.3ms
[2026-01-16T09:07:38.945+0000][gc,phases   ] GC(909)   Other: 0.8ms
[2026-01-16T09:07:38.945+0000][gc,heap     ] GC(909) Eden regions: 47->0(46)
[2026-01-16T09:07:38.945+0000][gc,heap     ] GC(909) Survivor regions: 4->5(7)
[2026-01-16T09:07:38.945+0000][gc,heap     ] GC(909) Old regions: 132->133
[2026-01-16T09:07:38.945+0000][gc,heap     ] GC(909) Humongous regions: 149->149
[2026-01-16T09:07:38.947+0000][gc,metaspace] GC(909) Metaspace: 15623K(16064K)->15623K(16064K) NonClass: 13942K(14080K)->13942K(14080K) Class: 1681K(1984K)->1681K(1984K)
[2026-01-16T09:07:38.947+0000][gc          ] GC(909) Pause Young (Normal) (G1 Evacuation Pause) 331M->285M(1024M) 163.462ms
[2026-01-16T09:07:38.947+0000][gc,cpu      ] GC(909) User=0.11s Sys=0.00s Real=0.16s
[2026-01-16T09:07:39.928+0000][gc,start    ] GC(910) Pause Young (Normal) (G1 Evacuation Pause)
[2026-01-16T09:07:39.928+0000][gc,task     ] GC(910) Using 8 workers of 8 for evacuation
[2026-01-16T09:07:40.080+0000][gc,phases   ] GC(910)   Pre Evacuate Collection Set: 0.4ms
[2026-01-16T09:07:40.081+0000][gc,phases   ] GC(910)   Merge Heap Roots: 0.1ms
[2026-01-16T09:07:40.083+0000][gc,phases   ] GC(910)   Evacuate Collection Set: 146.7ms
[2026-01-16T09:07:40.085+0000][gc,phases   ] GC(910)   Post Evacuate Collection Set: 2.0ms
[2026-01-16T09:07:40.086+0000][gc,phases   ] GC(910)   Other: 2.1ms
[2026-01-16T09:07:40.086+0000][gc,heap     ] GC(910) Eden regions: 46->0(46)
[2026-01-16T09:07:40.087+0000][gc,heap     ] GC(910) Survivor regions: 5->5(7)
[2026-01-16T09:07:40.087+0000][gc,heap     ] GC(910) Old regions: 133->133
[2026-01-16T09:07:40.088+0000][gc,heap     ] GC(910) Humongous regions: 149->149
[2026-01-16T09:07:40.088+0000][gc,metaspace] GC(910) Metaspace: 15623K(16064K)->15623K(16064K) NonClass: 13942K(14080K)->13942K(14080K) Class: 1681K(1984K)->1681K(1984K)
[2026-01-16T09:07:40.089+0000][gc          ] GC(910) Pause Young (Normal) (G1 Evacuation Pause) 331M->286M(1024M) 161.062ms
[2026-01-16T09:07:40.089+0000][gc,cpu      ] GC(910) User=0.10s Sys=0.01s Real=0.16s
[2026-01-16T09:07:41.383+0000][gc,start    ] GC(911) Pause Young (Normal) (G1 Evacuation Pause)
[2026-01-16T09:07:41.391+0000][gc,task     ] GC(911) Using 8 workers of 8 for evacuation
[2026-01-16T09:07:42.091+0000][gc,mmu      ] GC(911) MMU target violated: 201.0ms (200.0ms/201.0ms)
[2026-01-16T09:07:42.096+0000][gc,phases   ] GC(911)   Pre Evacuate Collection Set: 22.0ms
[2026-01-16T09:07:42.100+0000][gc,phases   ] GC(911)   Merge Heap Roots: 17.0ms
[2026-01-16T09:07:42.102+0000][gc,phases   ] GC(911)   Evacuate Collection Set: 589.1ms
[2026-01-16T09:07:42.103+0000][gc,phases   ] GC(911)   Post Evacuate Collection Set: 71.7ms
[2026-01-16T09:07:42.104+0000][gc,phases   ] GC(911)   Other: 5.0ms
[2026-01-16T09:07:42.104+0000][gc,heap     ] GC(911) Eden regions: 46->0(46)
[2026-01-16T09:07:42.105+0000][gc,heap     ] GC(911) Survivor regions: 5->5(7)
[2026-01-16T09:07:42.105+0000][gc,heap     ] GC(911) Old regions: 133->134
[2026-01-16T09:07:42.106+0000][gc,heap     ] GC(911) Humongous regions: 149->149
[2026-01-16T09:07:42.108+0000][gc,metaspace] GC(911) Metaspace: 15623K(16064K)->15623K(16064K) NonClass: 13942K(14080K)->13942K(14080K) Class: 1681K(1984K)->1681K(1984K)
[2026-01-16T09:07:42.110+0000][gc          ] GC(911) Pause Young (Normal) (G1 Evacuation Pause) 332M->287M(1024M) 728.095ms
[2026-01-16T09:07:42.112+0000][gc,cpu      ] GC(911) User=0.27s Sys=0.02s Real=0.73s
[2026-01-16T09:07:45.062+0000][gc,start    ] GC(912) Pause Young (Normal) (G1 Evacuation Pause)
[2026-01-16T09:07:45.066+0000][gc,task     ] GC(912) Using 8 workers of 8 for evacuation
[2026-01-16T09:07:45.529+0000][gc,mmu      ] GC(912) MMU target violated: 201.0ms (200.0ms/201.0ms)
[2026-01-16T09:07:45.530+0000][gc,phases   ] GC(912)   Pre Evacuate Collection Set: 35.1ms
[2026-01-16T09:07:45.530+0000][gc,phases   ] GC(912)   Merge Heap Roots: 16.1ms
[2026-01-16T09:07:45.534+0000][gc,phases   ] GC(912)   Evacuate Collection Set: 396.8ms
[2026-01-16T09:07:45.536+0000][gc,phases   ] GC(912)   Post Evacuate Collection Set: 11.6ms
[2026-01-16T09:07:45.536+0000][gc,phases   ] GC(912)   Other: 4.4ms
[2026-01-16T09:07:45.537+0000][gc,heap     ] GC(912) Eden regions: 46->0(46)
[2026-01-16T09:07:45.537+0000][gc,heap     ] GC(912) Survivor regions: 5->5(7)
[2026-01-16T09:07:45.538+0000][gc,heap     ] GC(912) Old regions: 134->135
[2026-01-16T09:07:45.538+0000][gc,heap     ] GC(912) Humongous regions: 149->149
[2026-01-16T09:07:45.539+0000][gc,metaspace] GC(912) Metaspace: 15623K(16064K)->15623K(16064K) NonClass: 13942K(14080K)->13942K(14080K) Class: 1681K(1984K)->1681K(1984K)
[2026-01-16T09:07:45.540+0000][gc          ] GC(912) Pause Young (Normal) (G1 Evacuation Pause) 333M->287M(1024M) 478.764ms
[2026-01-16T09:07:45.541+0000][gc,cpu      ] GC(912) User=0.23s Sys=0.01s Real=0.47s
[2026-01-16T09:07:46.661+0000][gc,start    ] GC(913) Pause Young (Normal) (G1 Evacuation Pause)
[2026-01-16T09:07:46.662+0000][gc,task     ] GC(913) Using 8 workers of 8 for evacuation
[2026-01-16T09:07:46.976+0000][gc,mmu      ] GC(913) MMU target violated: 201.0ms (200.0ms/201.0ms)
[2026-01-16T09:07:46.979+0000][gc,phases   ] GC(913)   Pre Evacuate Collection Set: 25.4ms
[2026-01-16T09:07:46.979+0000][gc,phases   ] GC(913)   Merge Heap Roots: 2.6ms
[2026-01-16T09:07:46.980+0000][gc,phases   ] GC(913)   Evacuate Collection Set: 270.1ms
[2026-01-16T09:07:46.980+0000][gc,phases   ] GC(913)   Post Evacuate Collection Set: 13.1ms
[2026-01-16T09:07:46.980+0000][gc,phases   ] GC(913)   Other: 6.1ms
[2026-01-16T09:07:46.980+0000][gc,heap     ] GC(913) Eden regions: 46->0(46)
[2026-01-16T09:07:46.981+0000][gc,heap     ] GC(913) Survivor regions: 5->5(7)
[2026-01-16T09:07:46.981+0000][gc,heap     ] GC(913) Old regions: 135->135
[2026-01-16T09:07:46.981+0000][gc,heap     ] GC(913) Humongous regions: 149->149
[2026-01-16T09:07:46.982+0000][gc,metaspace] GC(913) Metaspace: 15623K(16064K)->15623K(16064K) NonClass: 13942K(14080K)->13942K(14080K) Class: 1681K(1984K)->1681K(1984K)
[2026-01-16T09:07:46.983+0000][gc          ] GC(913) Pause Young (Normal) (G1 Evacuation Pause) 333M->288M(1024M) 321.190ms
[2026-01-16T09:07:46.984+0000][gc,cpu      ] GC(913) User=0.16s Sys=0.01s Real=0.33s
[2026-01-16T09:07:48.908+0000][gc,start    ] GC(914) Pause Young (Normal) (G1 Evacuation Pause)
[2026-01-16T09:07:48.909+0000][gc,task     ] GC(914) Using 8 workers of 8 for evacuation
[2026-01-16T09:07:49.146+0000][gc,mmu      ] GC(914) MMU target violated: 201.0ms (200.0ms/201.0ms)
[2026-01-16T09:07:49.147+0000][gc,phases   ] GC(914)   Pre Evacuate Collection Set: 15.1ms
[2026-01-16T09:07:49.150+0000][gc,phases   ] GC(914)   Merge Heap Roots: 3.5ms
[2026-01-16T09:07:49.151+0000][gc,phases   ] GC(914)   Evacuate Collection Set: 209.0ms
[2026-01-16T09:07:49.151+0000][gc,phases   ] GC(914)   Post Evacuate Collection Set: 8.6ms
[2026-01-16T09:07:49.152+0000][gc,phases   ] GC(914)   Other: 1.9ms
[2026-01-16T09:07:49.153+0000][gc,heap     ] GC(914) Eden regions: 46->0(46)
[2026-01-16T09:07:49.153+0000][gc,heap     ] GC(914) Survivor regions: 5->5(7)
[2026-01-16T09:07:49.153+0000][gc,heap     ] GC(914) Old regions: 135->136
[2026-01-16T09:07:49.154+0000][gc,heap     ] GC(914) Humongous regions: 149->149
[2026-01-16T09:07:49.155+0000][gc,metaspace] GC(914) Metaspace: 15624K(16064K)->15624K(16064K) NonClass: 13942K(14080K)->13942K(14080K) Class: 1681K(1984K)->1681K(1984K)
[2026-01-16T09:07:49.155+0000][gc          ] GC(914) Pause Young (Normal) (G1 Evacuation Pause) 334M->288M(1024M) 246.965ms
[2026-01-16T09:07:49.156+0000][gc,cpu      ] GC(914) User=0.15s Sys=0.01s Real=0.25s
[2026-01-16T09:07:50.859+0000][gc,start    ] GC(915) Pause Young (Normal) (G1 Evacuation Pause)
[2026-01-16T09:07:50.863+0000][gc,task     ] GC(915) Using 8 workers of 8 for evacuation
[2026-01-16T09:07:51.399+0000][gc,mmu      ] GC(915) MMU target violated: 201.0ms (200.0ms/201.0ms)
[2026-01-16T09:07:51.401+0000][gc,phases   ] GC(915)   Pre Evacuate Collection Set: 41.4ms
[2026-01-16T09:07:51.402+0000][gc,phases   ] GC(915)   Merge Heap Roots: 1.5ms
[2026-01-16T09:07:51.402+0000][gc,phases   ] GC(915)   Evacuate Collection Set: 481.8ms
[2026-01-16T09:07:51.402+0000][gc,phases   ] GC(915)   Post Evacuate Collection Set: 10.6ms
[2026-01-16T09:07:51.403+0000][gc,phases   ] GC(915)   Other: 3.5ms
[2026-01-16T09:07:51.403+0000][gc,heap     ] GC(915) Eden regions: 46->0(46)
[2026-01-16T09:07:51.403+0000][gc,heap     ] GC(915) Survivor regions: 5->5(7)
[2026-01-16T09:07:51.404+0000][gc,heap     ] GC(915) Old regions: 136->137
[2026-01-16T09:07:51.404+0000][gc,heap     ] GC(915) Humongous regions: 149->149
[2026-01-16T09:07:51.404+0000][gc,metaspace] GC(915) Metaspace: 15624K(16128K)->15624K(16128K) NonClass: 13942K(14144K)->13942K(14144K) Class: 1681K(1984K)->1681K(1984K)
[2026-01-16T09:07:51.404+0000][gc          ] GC(915) Pause Young (Normal) (G1 Evacuation Pause) 334M->289M(1024M) 545.645ms
[2026-01-16T09:07:51.405+0000][gc,cpu      ] GC(915) User=0.17s Sys=0.02s Real=0.55s
[2026-01-16T09:07:52.321+0000][gc,start    ] GC(916) Pause Young (Normal) (G1 Evacuation Pause)
[2026-01-16T09:07:52.323+0000][gc,task     ] GC(916) Using 8 workers of 8 for evacuation
[2026-01-16T09:07:52.884+0000][gc,mmu      ] GC(916) MMU target violated: 201.0ms (200.0ms/201.0ms)
[2026-01-16T09:07:52.886+0000][gc,phases   ] GC(916)   Pre Evacuate Collection Set: 5.6ms
[2026-01-16T09:07:52.886+0000][gc,phases   ] GC(916)   Merge Heap Roots: 4.3ms
[2026-01-16T09:07:52.887+0000][gc,phases   ] GC(916)   Evacuate Collection Set: 534.9ms
[2026-01-16T09:07:52.888+0000][gc,phases   ] GC(916)   Post Evacuate Collection Set: 14.3ms
[2026-01-16T09:07:52.888+0000][gc,phases   ] GC(916)   Other: 3.2ms
[2026-01-16T09:07:52.890+0000][gc,heap     ] GC(916) Eden regions: 46->0(46)
[2026-01-16T09:07:52.891+0000][gc,heap     ] GC(916) Survivor regions: 5->5(7)
[2026-01-16T09:07:52.892+0000][gc,heap     ] GC(916) Old regions: 137->138
[2026-01-16T09:07:52.893+0000][gc,heap     ] GC(916) Humongous regions: 149->149
[2026-01-16T09:07:52.893+0000][gc,metaspace] GC(916) Metaspace: 15624K(16128K)->15624K(16128K) NonClass: 13942K(14144K)->13942K(14144K) Class: 1681K(1984K)->1681K(1984K)
[2026-01-16T09:07:52.894+0000][gc          ] GC(916) Pause Young (Normal) (G1 Evacuation Pause) 335M->290M(1024M) 572.705ms
[2026-01-16T09:07:52.899+0000][gc,cpu      ] GC(916) User=0.23s Sys=0.02s Real=0.58s
[2026-01-16T09:07:55.474+0000][gc,start    ] GC(917) Pause Young (Normal) (G1 Evacuation Pause)
[2026-01-16T09:07:55.478+0000][gc,task     ] GC(917) Using 8 workers of 8 for evacuation
[2026-01-16T09:07:56.128+0000][gc,mmu      ] GC(917) MMU target violated: 201.0ms (200.0ms/201.0ms)
[2026-01-16T09:07:56.133+0000][gc,phases   ] GC(917)   Pre Evacuate Collection Set: 34.3ms
[2026-01-16T09:07:56.140+0000][gc,phases   ] GC(917)   Merge Heap Roots: 6.2ms
[2026-01-16T09:07:56.142+0000][gc,phases   ] GC(917)   Evacuate Collection Set: 585.9ms
[2026-01-16T09:07:56.144+0000][gc,phases   ] GC(917)   Post Evacuate Collection Set: 19.2ms
[2026-01-16T09:07:56.150+0000][gc,phases   ] GC(917)   Other: 8.6ms
[2026-01-16T09:07:56.159+0000][gc,heap     ] GC(917) Eden regions: 46->0(46)
[2026-01-16T09:07:56.159+0000][gc,heap     ] GC(917) Survivor regions: 5->5(7)
[2026-01-16T09:07:56.162+0000][gc,heap     ] GC(917) Old regions: 138->138
[2026-01-16T09:07:56.168+0000][gc,heap     ] GC(917) Humongous regions: 149->149
[2026-01-16T09:07:56.169+0000][gc,metaspace] GC(917) Metaspace: 15624K(16128K)->15624K(16128K) NonClass: 13942K(14144K)->13942K(14144K) Class: 1681K(1984K)->1681K(1984K)
[2026-01-16T09:07:56.202+0000][gc          ] GC(917) Pause Young (Normal) (G1 Evacuation Pause) 336M->290M(1024M) 727.274ms
[2026-01-16T09:07:56.202+0000][gc,cpu      ] GC(917) User=0.27s Sys=0.02s Real=0.75s
[2026-01-16T09:07:57.297+0000][gc,start    ] GC(918) Pause Young (Normal) (G1 Evacuation Pause)
[2026-01-16T09:07:57.299+0000][gc,task     ] GC(918) Using 8 workers of 8 for evacuation
[2026-01-16T09:07:57.616+0000][gc,mmu      ] GC(918) MMU target violated: 201.0ms (200.0ms/201.0ms)
[2026-01-16T09:07:57.618+0000][gc,phases   ] GC(918)   Pre Evacuate Collection Set: 24.0ms
[2026-01-16T09:07:57.619+0000][gc,phases   ] GC(918)   Merge Heap Roots: 4.6ms
[2026-01-16T09:07:57.619+0000][gc,phases   ] GC(918)   Evacuate Collection Set: 279.6ms
[2026-01-16T09:07:57.619+0000][gc,phases   ] GC(918)   Post Evacuate Collection Set: 7.3ms
[2026-01-16T09:07:57.619+0000][gc,phases   ] GC(918)   Other: 3.1ms
[2026-01-16T09:07:57.619+0000][gc,heap     ] GC(918) Eden regions: 46->0(47)
[2026-01-16T09:07:57.619+0000][gc,heap     ] GC(918) Survivor regions: 5->4(7)
[2026-01-16T09:07:57.620+0000][gc,heap     ] GC(918) Old regions: 138->139
[2026-01-16T09:07:57.620+0000][gc,heap     ] GC(918) Humongous regions: 149->149
[2026-01-16T09:07:57.620+0000][gc,metaspace] GC(918) Metaspace: 15624K(16128K)->15624K(16128K) NonClass: 13942K(14144K)->13942K(14144K) Class: 1681K(1984K)->1681K(1984K)
[2026-01-16T09:07:57.621+0000][gc          ] GC(918) Pause Young (Normal) (G1 Evacuation Pause) 336M->291M(1024M) 323.830ms
[2026-01-16T09:07:57.629+0000][gc,cpu      ] GC(918) User=0.19s Sys=0.01s Real=0.33s
[2026-01-16T09:07:58.825+0000][gc,start    ] GC(919) Pause Young (Normal) (G1 Evacuation Pause)
[2026-01-16T09:07:58.825+0000][gc,task     ] GC(919) Using 8 workers of 8 for evacuation
[2026-01-16T09:07:59.008+0000][gc,phases   ] GC(919)   Pre Evacuate Collection Set: 15.9ms
[2026-01-16T09:07:59.014+0000][gc,phases   ] GC(919)   Merge Heap Roots: 1.9ms
[2026-01-16T09:07:59.014+0000][gc,phases   ] GC(919)   Evacuate Collection Set: 157.9ms
[2026-01-16T09:07:59.015+0000][gc,phases   ] GC(919)   Post Evacuate Collection Set: 6.1ms
[2026-01-16T09:07:59.018+0000][gc,phases   ] GC(919)   Other: 1.5ms
[2026-01-16T09:07:59.020+0000][gc,heap     ] GC(919) Eden regions: 47->0(46)
[2026-01-16T09:07:59.020+0000][gc,heap     ] GC(919) Survivor regions: 4->5(7)
[2026-01-16T09:07:59.021+0000][gc,heap     ] GC(919) Old regions: 139->140
[2026-01-16T09:07:59.021+0000][gc,heap     ] GC(919) Humongous regions: 149->149
[2026-01-16T09:07:59.021+0000][gc,metaspace] GC(919) Metaspace: 15624K(16128K)->15624K(16128K) NonClass: 13942K(14144K)->13942K(14144K) Class: 1681K(1984K)->1681K(1984K)
[2026-01-16T09:07:59.021+0000][gc          ] GC(919) Pause Young (Normal) (G1 Evacuation Pause) 338M->292M(1024M) 196.729ms
[2026-01-16T09:07:59.022+0000][gc,cpu      ] GC(919) User=0.17s Sys=0.00s Real=0.20s
[2026-01-16T09:07:59.638+0000][gc,start    ] GC(920) Pause Young (Normal) (G1 Evacuation Pause)
[2026-01-16T09:07:59.639+0000][gc,task     ] GC(920) Using 8 workers of 8 for evacuation
[2026-01-16T09:07:59.705+0000][gc,phases   ] GC(920)   Pre Evacuate Collection Set: 2.7ms
[2026-01-16T09:07:59.705+0000][gc,phases   ] GC(920)   Merge Heap Roots: 0.2ms
[2026-01-16T09:07:59.707+0000][gc,phases   ] GC(920)   Evacuate Collection Set: 52.8ms
[2026-01-16T09:07:59.707+0000][gc,phases   ] GC(920)   Post Evacuate Collection Set: 4.9ms
[2026-01-16T09:07:59.708+0000][gc,phases   ] GC(920)   Other: 5.6ms
[2026-01-16T09:07:59.711+0000][gc,heap     ] GC(920) Eden regions: 46->0(46)
[2026-01-16T09:07:59.712+0000][gc,heap     ] GC(920) Survivor regions: 5->5(7)
[2026-01-16T09:07:59.714+0000][gc,heap     ] GC(920) Old regions: 140->140
[2026-01-16T09:07:59.717+0000][gc,heap     ] GC(920) Humongous regions: 149->149
[2026-01-16T09:07:59.720+0000][gc,metaspace] GC(920) Metaspace: 15624K(16128K)->15624K(16128K) NonClass: 13942K(14144K)->13942K(14144K) Class: 1681K(1984K)->1681K(1984K)
[2026-01-16T09:07:59.721+0000][gc          ] GC(920) Pause Young (Normal) (G1 Evacuation Pause) 338M->292M(1024M) 82.285ms
[2026-01-16T09:07:59.723+0000][gc,cpu      ] GC(920) User=0.04s Sys=0.01s Real=0.08s
[2026-01-16T09:08:01.697+0000][gc,start    ] GC(921) Pause Young (Normal) (G1 Evacuation Pause)
[2026-01-16T09:08:01.722+0000][gc,task     ] GC(921) Using 8 workers of 8 for evacuation
[2026-01-16T09:08:01.928+0000][gc,mmu      ] GC(921) MMU target violated: 201.0ms (200.0ms/201.0ms)
[2026-01-16T09:08:01.932+0000][gc,phases   ] GC(921)   Pre Evacuate Collection Set: 30.9ms
[2026-01-16T09:08:01.933+0000][gc,phases   ] GC(921)   Merge Heap Roots: 4.3ms
[2026-01-16T09:08:01.933+0000][gc,phases   ] GC(921)   Evacuate Collection Set: 158.7ms
[2026-01-16T09:08:01.933+0000][gc,phases   ] GC(921)   Post Evacuate Collection Set: 8.8ms
[2026-01-16T09:08:01.934+0000][gc,phases   ] GC(921)   Other: 7.2ms
[2026-01-16T09:08:01.934+0000][gc,heap     ] GC(921) Eden regions: 46->0(48)
[2026-01-16T09:08:01.934+0000][gc,heap     ] GC(921) Survivor regions: 5->3(7)
[2026-01-16T09:08:01.935+0000][gc,heap     ] GC(921) Old regions: 140->141
[2026-01-16T09:08:01.938+0000][gc,heap     ] GC(921) Humongous regions: 149->149
[2026-01-16T09:08:01.941+0000][gc,metaspace] GC(921) Metaspace: 15624K(16128K)->15624K(16128K) NonClass: 13942K(14144K)->13942K(14144K) Class: 1681K(1984K)->1681K(1984K)
[2026-01-16T09:08:01.941+0000][gc          ] GC(921) Pause Young (Normal) (G1 Evacuation Pause) 338M->291M(1024M) 244.630ms
[2026-01-16T09:08:01.942+0000][gc,cpu      ] GC(921) User=0.12s Sys=0.01s Real=0.25s
[2026-01-16T09:08:08.405+0000][gc,start    ] GC(922) Pause Young (Normal) (G1 Evacuation Pause)
[2026-01-16T09:08:08.408+0000][gc,task     ] GC(922) Using 8 workers of 8 for evacuation
[2026-01-16T09:08:08.955+0000][gc,mmu      ] GC(922) MMU target violated: 201.0ms (200.0ms/201.0ms)
[2026-01-16T09:08:08.956+0000][gc,phases   ] GC(922)   Pre Evacuate Collection Set: 52.9ms
[2026-01-16T09:08:08.957+0000][gc,phases   ] GC(922)   Merge Heap Roots: 7.0ms
[2026-01-16T09:08:08.958+0000][gc,phases   ] GC(922)   Evacuate Collection Set: 466.0ms
[2026-01-16T09:08:08.959+0000][gc,phases   ] GC(922)   Post Evacuate Collection Set: 15.0ms
[2026-01-16T09:08:08.960+0000][gc,phases   ] GC(922)   Other: 8.2ms
[2026-01-16T09:08:08.961+0000][gc,heap     ] GC(922) Eden regions: 62->0(48)
[2026-01-16T09:08:08.962+0000][gc,heap     ] GC(922) Survivor regions: 3->3(9)
[2026-01-16T09:08:08.967+0000][gc,heap     ] GC(922) Old regions: 141->141
[2026-01-16T09:08:08.968+0000][gc,heap     ] GC(922) Humongous regions: 149->149
[2026-01-16T09:08:08.968+0000][gc,metaspace] GC(922) Metaspace: 15624K(16128K)->15624K(16128K) NonClass: 13942K(14144K)->13942K(14144K) Class: 1681K(1984K)->1681K(1984K)
[2026-01-16T09:08:08.968+0000][gc          ] GC(922) Pause Young (Normal) (G1 Evacuation Pause) 353M->292M(1024M) 563.407ms
[2026-01-16T09:08:08.969+0000][gc,cpu      ] GC(922) User=0.35s Sys=0.02s Real=0.56s
[2026-01-16T09:08:11.575+0000][gc,start    ] GC(923) Pause Young (Normal) (G1 Evacuation Pause)
[2026-01-16T09:08:11.576+0000][gc,task     ] GC(923) Using 8 workers of 8 for evacuation
[2026-01-16T09:08:11.886+0000][gc,mmu      ] GC(923) MMU target violated: 201.0ms (200.0ms/201.0ms)
[2026-01-16T09:08:11.888+0000][gc,phases   ] GC(923)   Pre Evacuate Collection Set: 43.0ms
[2026-01-16T09:08:11.888+0000][gc,phases   ] GC(923)   Merge Heap Roots: 5.1ms
[2026-01-16T09:08:11.889+0000][gc,phases   ] GC(923)   Evacuate Collection Set: 246.7ms
[2026-01-16T09:08:11.890+0000][gc,phases   ] GC(923)   Post Evacuate Collection Set: 13.9ms
[2026-01-16T09:08:11.890+0000][gc,phases   ] GC(923)   Other: 2.8ms
[2026-01-16T09:08:11.890+0000][gc,heap     ] GC(923) Eden regions: 48->0(47)
[2026-01-16T09:08:11.890+0000][gc,heap     ] GC(923) Survivor regions: 3->4(7)
[2026-01-16T09:08:11.891+0000][gc,heap     ] GC(923) Old regions: 141->141
[2026-01-16T09:08:11.891+0000][gc,heap     ] GC(923) Humongous regions: 149->149
[2026-01-16T09:08:11.891+0000][gc,metaspace] GC(923) Metaspace: 15624K(16128K)->15624K(16128K) NonClass: 13942K(14144K)->13942K(14144K) Class: 1681K(1984K)->1681K(1984K)
[2026-01-16T09:08:11.891+0000][gc          ] GC(923) Pause Young (Normal) (G1 Evacuation Pause) 340M->292M(1024M) 315.965ms
[2026-01-16T09:08:11.892+0000][gc,cpu      ] GC(923) User=0.12s Sys=0.01s Real=0.31s
[2026-01-16T09:08:13.124+0000][gc,start    ] GC(924) Pause Young (Normal) (G1 Evacuation Pause)
[2026-01-16T09:08:13.125+0000][gc,task     ] GC(924) Using 8 workers of 8 for evacuation
[2026-01-16T09:08:13.367+0000][gc,mmu      ] GC(924) MMU target violated: 201.0ms (200.0ms/201.0ms)
[2026-01-16T09:08:13.368+0000][gc,phases   ] GC(924)   Pre Evacuate Collection Set: 32.2ms
[2026-01-16T09:08:13.369+0000][gc,phases   ] GC(924)   Merge Heap Roots: 2.1ms
[2026-01-16T09:08:13.369+0000][gc,phases   ] GC(924)   Evacuate Collection Set: 191.2ms
[2026-01-16T09:08:13.369+0000][gc,phases   ] GC(924)   Post Evacuate Collection Set: 15.3ms
[2026-01-16T09:08:13.369+0000][gc,phases   ] GC(924)   Other: 2.8ms
[2026-01-16T09:08:13.369+0000][gc,heap     ] GC(924) Eden regions: 47->0(49)
[2026-01-16T09:08:13.369+0000][gc,heap     ] GC(924) Survivor regions: 4->2(7)
[2026-01-16T09:08:13.369+0000][gc,heap     ] GC(924) Old regions: 141->141
[2026-01-16T09:08:13.369+0000][gc,heap     ] GC(924) Humongous regions: 149->149
[2026-01-16T09:08:13.369+0000][gc,metaspace] GC(924) Metaspace: 15624K(16128K)->15624K(16128K) NonClass: 13942K(14144K)->13942K(14144K) Class: 1681K(1984K)->1681K(1984K)
[2026-01-16T09:08:13.370+0000][gc          ] GC(924) Pause Young (Normal) (G1 Evacuation Pause) 339M->290M(1024M) 245.258ms
[2026-01-16T09:08:13.370+0000][gc,cpu      ] GC(924) User=0.08s Sys=0.00s Real=0.24s
[2026-01-16T09:08:15.408+0000][gc,start    ] GC(925) Pause Young (Normal) (G1 Evacuation Pause)
[2026-01-16T09:08:15.408+0000][gc,task     ] GC(925) Using 8 workers of 8 for evacuation
[2026-01-16T09:08:15.700+0000][gc,mmu      ] GC(925) MMU target violated: 201.0ms (200.0ms/201.0ms)
[2026-01-16T09:08:15.702+0000][gc,phases   ] GC(925)   Pre Evacuate Collection Set: 27.6ms
[2026-01-16T09:08:15.702+0000][gc,phases   ] GC(925)   Merge Heap Roots: 3.1ms
[2026-01-16T09:08:15.703+0000][gc,phases   ] GC(925)   Evacuate Collection Set: 242.2ms
[2026-01-16T09:08:15.707+0000][gc,phases   ] GC(925)   Post Evacuate Collection Set: 18.1ms
[2026-01-16T09:08:15.712+0000][gc,phases   ] GC(925)   Other: 2.2ms
[2026-01-16T09:08:15.713+0000][gc,heap     ] GC(925) Eden regions: 49->0(48)
[2026-01-16T09:08:15.713+0000][gc,heap     ] GC(925) Survivor regions: 2->3(7)
[2026-01-16T09:08:15.720+0000][gc,heap     ] GC(925) Old regions: 141->141
[2026-01-16T09:08:15.720+0000][gc,heap     ] GC(925) Humongous regions: 149->149
[2026-01-16T09:08:15.725+0000][gc,metaspace] GC(925) Metaspace: 15624K(16128K)->15624K(16128K) NonClass: 13942K(14144K)->13942K(14144K) Class: 1681K(1984K)->1681K(1984K)
[2026-01-16T09:08:15.734+0000][gc          ] GC(925) Pause Young (Normal) (G1 Evacuation Pause) 339M->291M(1024M) 325.471ms
[2026-01-16T09:08:15.737+0000][gc,cpu      ] GC(925) User=0.11s Sys=0.01s Real=0.33s
[2026-01-16T09:08:17.218+0000][gc,start    ] GC(926) Pause Young (Normal) (G1 Evacuation Pause)
[2026-01-16T09:08:17.220+0000][gc,task     ] GC(926) Using 8 workers of 8 for evacuation
[2026-01-16T09:08:17.465+0000][gc,mmu      ] GC(926) MMU target violated: 201.0ms (200.0ms/201.0ms)
[2026-01-16T09:08:17.468+0000][gc,phases   ] GC(926)   Pre Evacuate Collection Set: 18.6ms
[2026-01-16T09:08:17.473+0000][gc,phases   ] GC(926)   Merge Heap Roots: 4.0ms
[2026-01-16T09:08:17.476+0000][gc,phases   ] GC(926)   Evacuate Collection Set: 206.8ms
[2026-01-16T09:08:17.480+0000][gc,phases   ] GC(926)   Post Evacuate Collection Set: 15.9ms
[2026-01-16T09:08:17.480+0000][gc,phases   ] GC(926)   Other: 2.5ms
[2026-01-16T09:08:17.481+0000][gc,heap     ] GC(926) Eden regions: 48->0(47)
[2026-01-16T09:08:17.481+0000][gc,heap     ] GC(926) Survivor regions: 3->4(7)
[2026-01-16T09:08:17.483+0000][gc,heap     ] GC(926) Old regions: 141->141
[2026-01-16T09:08:17.483+0000][gc,heap     ] GC(926) Humongous regions: 149->149
[2026-01-16T09:08:17.484+0000][gc,metaspace] GC(926) Metaspace: 15624K(16128K)->15624K(16128K) NonClass: 13942K(14144K)->13942K(14144K) Class: 1681K(1984K)->1681K(1984K)
[2026-01-16T09:08:17.487+0000][gc          ] GC(926) Pause Young (Normal) (G1 Evacuation Pause) 339M->292M(1024M) 269.085ms
[2026-01-16T09:08:17.489+0000][gc,cpu      ] GC(926) User=0.13s Sys=0.00s Real=0.27s
[2026-01-16T09:08:19.658+0000][gc,start    ] GC(927) Pause Young (Normal) (G1 Evacuation Pause)
[2026-01-16T09:08:19.701+0000][gc,task     ] GC(927) Using 8 workers of 8 for evacuation
[2026-01-16T09:08:20.044+0000][gc,mmu      ] GC(927) MMU target violated: 201.0ms (200.0ms/201.0ms)
[2026-01-16T09:08:20.055+0000][gc,phases   ] GC(927)   Pre Evacuate Collection Set: 82.0ms
[2026-01-16T09:08:20.070+0000][gc,phases   ] GC(927)   Merge Heap Roots: 11.2ms
[2026-01-16T09:08:20.101+0000][gc,phases   ] GC(927)   Evacuate Collection Set: 227.8ms
[2026-01-16T09:08:20.103+0000][gc,phases   ] GC(927)   Post Evacuate Collection Set: 17.5ms
[2026-01-16T09:08:20.105+0000][gc,phases   ] GC(927)   Other: 40.8ms
[2026-01-16T09:08:20.113+0000][gc,heap     ] GC(927) Eden regions: 47->0(88)
[2026-01-16T09:08:20.118+0000][gc,heap     ] GC(927) Survivor regions: 4->2(7)
[2026-01-16T09:08:20.121+0000][gc,heap     ] GC(927) Old regions: 141->141
[2026-01-16T09:08:20.121+0000][gc,heap     ] GC(927) Humongous regions: 149->149
[2026-01-16T09:08:20.123+0000][gc,metaspace] GC(927) Metaspace: 15624K(16128K)->15624K(16128K) NonClass: 13942K(14144K)->13942K(14144K) Class: 1681K(1984K)->1681K(1984K)
[2026-01-16T09:08:20.126+0000][gc          ] GC(927) Pause Young (Normal) (G1 Evacuation Pause) 339M->290M(1024M) 467.427ms
[2026-01-16T09:08:20.130+0000][gc,cpu      ] GC(927) User=0.12s Sys=0.02s Real=0.47s
[2026-01-16T09:08:25.925+0000][gc,start    ] GC(928) Pause Young (Normal) (G1 Evacuation Pause)
[2026-01-16T09:08:25.942+0000][gc,task     ] GC(928) Using 8 workers of 8 for evacuation
[2026-01-16T09:08:27.093+0000][gc,mmu      ] GC(928) MMU target violated: 201.0ms (200.0ms/201.0ms)
[2026-01-16T09:08:27.094+0000][gc,phases   ] GC(928)   Pre Evacuate Collection Set: 85.8ms
[2026-01-16T09:08:27.096+0000][gc,phases   ] GC(928)   Merge Heap Roots: 5.8ms
[2026-01-16T09:08:27.096+0000][gc,phases   ] GC(928)   Evacuate Collection Set: 981.3ms
[2026-01-16T09:08:27.097+0000][gc,phases   ] GC(928)   Post Evacuate Collection Set: 75.1ms
[2026-01-16T09:08:27.097+0000][gc,phases   ] GC(928)   Other: 4.8ms
[2026-01-16T09:08:27.104+0000][gc,heap     ] GC(928) Eden regions: 81->0(48)
[2026-01-16T09:08:27.105+0000][gc,heap     ] GC(928) Survivor regions: 2->3(11)
[2026-01-16T09:08:27.105+0000][gc,heap     ] GC(928) Old regions: 141->141
[2026-01-16T09:08:27.105+0000][gc,heap     ] GC(928) Humongous regions: 149->149
[2026-01-16T09:08:27.105+0000][gc,metaspace] GC(928) Metaspace: 15624K(16128K)->15624K(16128K) NonClass: 13942K(14144K)->13942K(14144K) Class: 1681K(1984K)->1681K(1984K)
[2026-01-16T09:08:27.105+0000][gc          ] GC(928) Pause Young (Normal) (G1 Evacuation Pause) 371M->291M(1024M) 1180.395ms
[2026-01-16T09:08:27.105+0000][gc,cpu      ] GC(928) User=0.59s Sys=0.04s Real=1.18s
[2026-01-16T09:08:28.452+0000][gc,start    ] GC(929) Pause Young (Normal) (G1 Evacuation Pause)
[2026-01-16T09:08:28.457+0000][gc,task     ] GC(929) Using 8 workers of 8 for evacuation
[2026-01-16T09:08:28.572+0000][gc,phases   ] GC(929)   Pre Evacuate Collection Set: 12.3ms
[2026-01-16T09:08:28.573+0000][gc,phases   ] GC(929)   Merge Heap Roots: 0.3ms
[2026-01-16T09:08:28.574+0000][gc,phases   ] GC(929)   Evacuate Collection Set: 98.1ms
[2026-01-16T09:08:28.574+0000][gc,phases   ] GC(929)   Post Evacuate Collection Set: 3.3ms
[2026-01-16T09:08:28.575+0000][gc,phases   ] GC(929)   Other: 4.0ms
[2026-01-16T09:08:28.576+0000][gc,heap     ] GC(929) Eden regions: 48->0(47)
[2026-01-16T09:08:28.576+0000][gc,heap     ] GC(929) Survivor regions: 3->4(7)
[2026-01-16T09:08:28.577+0000][gc,heap     ] GC(929) Old regions: 141->141
[2026-01-16T09:08:28.577+0000][gc,heap     ] GC(929) Humongous regions: 149->149
[2026-01-16T09:08:28.577+0000][gc,metaspace] GC(929) Metaspace: 15625K(16128K)->15625K(16128K) NonClass: 13944K(14144K)->13944K(14144K) Class: 1681K(1984K)->1681K(1984K)
[2026-01-16T09:08:28.578+0000][gc          ] GC(929) Pause Young (Normal) (G1 Evacuation Pause) 339M->292M(1024M) 126.623ms
[2026-01-16T09:08:28.578+0000][gc,cpu      ] GC(929) User=0.10s Sys=0.01s Real=0.13s
[2026-01-16T09:08:30.290+0000][gc,start    ] GC(930) Pause Young (Normal) (G1 Evacuation Pause)
[2026-01-16T09:08:30.292+0000][gc,task     ] GC(930) Using 8 workers of 8 for evacuation
[2026-01-16T09:08:30.698+0000][gc,mmu      ] GC(930) MMU target violated: 201.0ms (200.0ms/201.0ms)
[2026-01-16T09:08:30.714+0000][gc,phases   ] GC(930)   Pre Evacuate Collection Set: 33.0ms
[2026-01-16T09:08:30.715+0000][gc,phases   ] GC(930)   Merge Heap Roots: 5.9ms
[2026-01-16T09:08:30.717+0000][gc,phases   ] GC(930)   Evacuate Collection Set: 353.1ms
[2026-01-16T09:08:30.725+0000][gc,phases   ] GC(930)   Post Evacuate Collection Set: 10.8ms
[2026-01-16T09:08:30.727+0000][gc,phases   ] GC(930)   Other: 19.8ms
[2026-01-16T09:08:30.729+0000][gc,heap     ] GC(930) Eden regions: 47->0(47)
[2026-01-16T09:08:30.730+0000][gc,heap     ] GC(930) Survivor regions: 4->4(7)
[2026-01-16T09:08:30.732+0000][gc,heap     ] GC(930) Old regions: 141->141
[2026-01-16T09:08:30.734+0000][gc,heap     ] GC(930) Humongous regions: 149->149
[2026-01-16T09:08:30.738+0000][gc,metaspace] GC(930) Metaspace: 15625K(16128K)->15625K(16128K) NonClass: 13944K(14144K)->13944K(14144K) Class: 1681K(1984K)->1681K(1984K)
[2026-01-16T09:08:30.740+0000][gc          ] GC(930) Pause Young (Normal) (G1 Evacuation Pause) 339M->293M(1024M) 450.804ms
[2026-01-16T09:08:30.747+0000][gc,cpu      ] GC(930) User=0.18s Sys=0.01s Real=0.46s
[2026-01-16T09:08:32.676+0000][gc,start    ] GC(931) Pause Young (Normal) (G1 Evacuation Pause)
[2026-01-16T09:08:32.679+0000][gc,task     ] GC(931) Using 8 workers of 8 for evacuation
[2026-01-16T09:08:33.052+0000][gc,mmu      ] GC(931) MMU target violated: 201.0ms (200.0ms/201.0ms)
[2026-01-16T09:08:33.054+0000][gc,phases   ] GC(931)   Pre Evacuate Collection Set: 51.6ms
[2026-01-16T09:08:33.056+0000][gc,phases   ] GC(931)   Merge Heap Roots: 1.8ms
[2026-01-16T09:08:33.056+0000][gc,phases   ] GC(931)   Evacuate Collection Set: 308.1ms
[2026-01-16T09:08:33.057+0000][gc,phases   ] GC(931)   Post Evacuate Collection Set: 6.0ms
[2026-01-16T09:08:33.058+0000][gc,phases   ] GC(931)   Other: 8.5ms
[2026-01-16T09:08:33.059+0000][gc,heap     ] GC(931) Eden regions: 47->0(47)
[2026-01-16T09:08:33.059+0000][gc,heap     ] GC(931) Survivor regions: 4->4(7)
[2026-01-16T09:08:33.060+0000][gc,heap     ] GC(931) Old regions: 141->141
[2026-01-16T09:08:33.062+0000][gc,heap     ] GC(931) Humongous regions: 149->149
[2026-01-16T09:08:33.065+0000][gc,metaspace] GC(931) Metaspace: 15625K(16128K)->15625K(16128K) NonClass: 13944K(14144K)->13944K(14144K) Class: 1681K(1984K)->1681K(1984K)
[2026-01-16T09:08:33.070+0000][gc          ] GC(931) Pause Young (Normal) (G1 Evacuation Pause) 340M->293M(1024M) 393.484ms
[2026-01-16T09:08:33.071+0000][gc,cpu      ] GC(931) User=0.22s Sys=0.01s Real=0.39s
[2026-01-16T09:08:36.339+0000][gc,start    ] GC(932) Pause Young (Normal) (G1 Evacuation Pause)
[2026-01-16T09:08:36.342+0000][gc,task     ] GC(932) Using 8 workers of 8 for evacuation
[2026-01-16T09:08:36.675+0000][gc,mmu      ] GC(932) MMU target violated: 201.0ms (200.0ms/201.0ms)
[2026-01-16T09:08:36.676+0000][gc,phases   ] GC(932)   Pre Evacuate Collection Set: 30.3ms
[2026-01-16T09:08:36.676+0000][gc,phases   ] GC(932)   Merge Heap Roots: 1.1ms
[2026-01-16T09:08:36.676+0000][gc,phases   ] GC(932)   Evacuate Collection Set: 282.7ms
[2026-01-16T09:08:36.676+0000][gc,phases   ] GC(932)   Post Evacuate Collection Set: 14.9ms
[2026-01-16T09:08:36.677+0000][gc,phases   ] GC(932)   Other: 5.3ms
[2026-01-16T09:08:36.677+0000][gc,heap     ] GC(932) Eden regions: 47->0(49)
[2026-01-16T09:08:36.678+0000][gc,heap     ] GC(932) Survivor regions: 4->2(7)
[2026-01-16T09:08:36.680+0000][gc,heap     ] GC(932) Old regions: 141->141
[2026-01-16T09:08:36.681+0000][gc,heap     ] GC(932) Humongous regions: 149->149
[2026-01-16T09:08:36.684+0000][gc,metaspace] GC(932) Metaspace: 15625K(16128K)->15625K(16128K) NonClass: 13944K(14144K)->13944K(14144K) Class: 1681K(1984K)->1681K(1984K)
[2026-01-16T09:08:36.686+0000][gc          ] GC(932) Pause Young (Normal) (G1 Evacuation Pause) 340M->291M(1024M) 346.793ms
[2026-01-16T09:08:36.686+0000][gc,cpu      ] GC(932) User=0.20s Sys=0.01s Real=0.34s
[2026-01-16T09:08:38.934+0000][gc,start    ] GC(933) Pause Young (Normal) (G1 Evacuation Pause)
[2026-01-16T09:08:38.961+0000][gc,task     ] GC(933) Using 8 workers of 8 for evacuation
[2026-01-16T09:08:39.076+0000][gc,phases   ] GC(933)   Pre Evacuate Collection Set: 13.3ms
[2026-01-16T09:08:39.079+0000][gc,phases   ] GC(933)   Merge Heap Roots: 1.0ms
[2026-01-16T09:08:39.079+0000][gc,phases   ] GC(933)   Evacuate Collection Set: 93.2ms
[2026-01-16T09:08:39.080+0000][gc,phases   ] GC(933)   Post Evacuate Collection Set: 6.1ms
[2026-01-16T09:08:39.081+0000][gc,phases   ] GC(933)   Other: 1.8ms
[2026-01-16T09:08:39.086+0000][gc,heap     ] GC(933) Eden regions: 49->0(48)
[2026-01-16T09:08:39.086+0000][gc,heap     ] GC(933) Survivor regions: 2->3(7)
[2026-01-16T09:08:39.087+0000][gc,heap     ] GC(933) Old regions: 141->141
[2026-01-16T09:08:39.088+0000][gc,heap     ] GC(933) Humongous regions: 149->149
[2026-01-16T09:08:39.088+0000][gc,metaspace] GC(933) Metaspace: 15625K(16128K)->15625K(16128K) NonClass: 13944K(14144K)->13944K(14144K) Class: 1681K(1984K)->1681K(1984K)
[2026-01-16T09:08:39.089+0000][gc          ] GC(933) Pause Young (Normal) (G1 Evacuation Pause) 340M->292M(1024M) 155.326ms
[2026-01-16T09:08:39.090+0000][gc,cpu      ] GC(933) User=0.11s Sys=0.01s Real=0.16s
[2026-01-16T09:08:41.015+0000][gc,start    ] GC(934) Pause Young (Normal) (G1 Evacuation Pause)
[2026-01-16T09:08:41.017+0000][gc,task     ] GC(934) Using 8 workers of 8 for evacuation
[2026-01-16T09:08:41.140+0000][gc,phases   ] GC(934)   Pre Evacuate Collection Set: 7.9ms
[2026-01-16T09:08:41.140+0000][gc,phases   ] GC(934)   Merge Heap Roots: 5.5ms
[2026-01-16T09:08:41.141+0000][gc,phases   ] GC(934)   Evacuate Collection Set: 100.7ms
[2026-01-16T09:08:41.141+0000][gc,phases   ] GC(934)   Post Evacuate Collection Set: 4.5ms
[2026-01-16T09:08:41.141+0000][gc,phases   ] GC(934)   Other: 4.5ms
[2026-01-16T09:08:41.142+0000][gc,heap     ] GC(934) Eden regions: 48->0(92)
[2026-01-16T09:08:41.142+0000][gc,heap     ] GC(934) Survivor regions: 3->1(7)
[2026-01-16T09:08:41.142+0000][gc,heap     ] GC(934) Old regions: 141->141
[2026-01-16T09:08:41.142+0000][gc,heap     ] GC(934) Humongous regions: 149->149
[2026-01-16T09:08:41.142+0000][gc,metaspace] GC(934) Metaspace: 15625K(16128K)->15625K(16128K) NonClass: 13944K(14144K)->13944K(14144K) Class: 1681K(1984K)->1681K(1984K)
[2026-01-16T09:08:41.143+0000][gc          ] GC(934) Pause Young (Normal) (G1 Evacuation Pause) 340M->290M(1024M) 127.933ms
[2026-01-16T09:08:41.143+0000][gc,cpu      ] GC(934) User=0.07s Sys=0.00s Real=0.13s
[2026-01-16T09:08:48.762+0000][gc,start    ] GC(935) Pause Young (Normal) (G1 Evacuation Pause)
[2026-01-16T09:08:48.769+0000][gc,task     ] GC(935) Using 8 workers of 8 for evacuation
[2026-01-16T09:08:49.477+0000][gc,mmu      ] GC(935) MMU target violated: 201.0ms (200.0ms/201.0ms)
[2026-01-16T09:08:49.478+0000][gc,phases   ] GC(935)   Pre Evacuate Collection Set: 21.8ms
[2026-01-16T09:08:49.478+0000][gc,phases   ] GC(935)   Merge Heap Roots: 5.8ms
[2026-01-16T09:08:49.479+0000][gc,phases   ] GC(935)   Evacuate Collection Set: 648.1ms
[2026-01-16T09:08:49.481+0000][gc,phases   ] GC(935)   Post Evacuate Collection Set: 8.4ms
[2026-01-16T09:08:49.483+0000][gc,phases   ] GC(935)   Other: 26.1ms
[2026-01-16T09:08:49.484+0000][gc,heap     ] GC(935) Eden regions: 92->0(48)
[2026-01-16T09:08:49.484+0000][gc,heap     ] GC(935) Survivor regions: 1->3(12)
[2026-01-16T09:08:49.486+0000][gc,heap     ] GC(935) Old regions: 141->141
[2026-01-16T09:08:49.487+0000][gc,heap     ] GC(935) Humongous regions: 149->149
[2026-01-16T09:08:49.487+0000][gc,metaspace] GC(935) Metaspace: 15625K(16128K)->15625K(16128K) NonClass: 13944K(14144K)->13944K(14144K) Class: 1681K(1984K)->1681K(1984K)
[2026-01-16T09:08:49.488+0000][gc          ] GC(935) Pause Young (Normal) (G1 Evacuation Pause) 382M->292M(1024M) 726.039ms
[2026-01-16T09:08:49.490+0000][gc,cpu      ] GC(935) User=0.44s Sys=0.03s Real=0.73s
[2026-01-16T09:08:51.736+0000][gc,start    ] GC(936) Pause Young (Normal) (G1 Evacuation Pause)
[2026-01-16T09:08:51.741+0000][gc,task     ] GC(936) Using 8 workers of 8 for evacuation
[2026-01-16T09:08:51.989+0000][gc,mmu      ] GC(936) MMU target violated: 201.0ms (200.0ms/201.0ms)
[2026-01-16T09:08:51.994+0000][gc,phases   ] GC(936)   Pre Evacuate Collection Set: 57.1ms
[2026-01-16T09:08:51.994+0000][gc,phases   ] GC(936)   Merge Heap Roots: 1.6ms
[2026-01-16T09:08:52.001+0000][gc,phases   ] GC(936)   Evacuate Collection Set: 185.9ms
[2026-01-16T09:08:52.001+0000][gc,phases   ] GC(936)   Post Evacuate Collection Set: 1.8ms
[2026-01-16T09:08:52.001+0000][gc,phases   ] GC(936)   Other: 6.4ms
[2026-01-16T09:08:52.002+0000][gc,heap     ] GC(936) Eden regions: 48->0(48)
[2026-01-16T09:08:52.002+0000][gc,heap     ] GC(936) Survivor regions: 3->3(7)
[2026-01-16T09:08:52.002+0000][gc,heap     ] GC(936) Old regions: 141->141
[2026-01-16T09:08:52.006+0000][gc,heap     ] GC(936) Humongous regions: 149->149
[2026-01-16T09:08:52.006+0000][gc,metaspace] GC(936) Metaspace: 15625K(16128K)->15625K(16128K) NonClass: 13944K(14144K)->13944K(14144K) Class: 1681K(1984K)->1681K(1984K)
[2026-01-16T09:08:52.006+0000][gc          ] GC(936) Pause Young (Normal) (G1 Evacuation Pause) 340M->292M(1024M) 270.292ms
[2026-01-16T09:08:52.013+0000][gc,cpu      ] GC(936) User=0.11s Sys=0.00s Real=0.28s
[2026-01-16T09:08:53.950+0000][gc,start    ] GC(937) Pause Young (Normal) (G1 Evacuation Pause)
[2026-01-16T09:08:53.951+0000][gc,task     ] GC(937) Using 8 workers of 8 for evacuation
[2026-01-16T09:08:54.067+0000][gc,phases   ] GC(937)   Pre Evacuate Collection Set: 15.0ms
[2026-01-16T09:08:54.067+0000][gc,phases   ] GC(937)   Merge Heap Roots: 5.7ms
[2026-01-16T09:08:54.068+0000][gc,phases   ] GC(937)   Evacuate Collection Set: 87.8ms
[2026-01-16T09:08:54.068+0000][gc,phases   ] GC(937)   Post Evacuate Collection Set: 5.9ms
[2026-01-16T09:08:54.069+0000][gc,phases   ] GC(937)   Other: 1.0ms
[2026-01-16T09:08:54.069+0000][gc,heap     ] GC(937) Eden regions: 48->0(47)
[2026-01-16T09:08:54.069+0000][gc,heap     ] GC(937) Survivor regions: 3->4(7)
[2026-01-16T09:08:54.070+0000][gc,heap     ] GC(937) Old regions: 141->141
[2026-01-16T09:08:54.070+0000][gc,heap     ] GC(937) Humongous regions: 149->149
[2026-01-16T09:08:54.070+0000][gc,metaspace] GC(937) Metaspace: 15625K(16128K)->15625K(16128K) NonClass: 13944K(14144K)->13944K(14144K) Class: 1681K(1984K)->1681K(1984K)
[2026-01-16T09:08:54.071+0000][gc          ] GC(937) Pause Young (Normal) (G1 Evacuation Pause) 340M->293M(1024M) 120.489ms
[2026-01-16T09:08:54.071+0000][gc,cpu      ] GC(937) User=0.13s Sys=0.01s Real=0.12s
[2026-01-16T09:08:55.991+0000][gc,start    ] GC(938) Pause Young (Normal) (G1 Evacuation Pause)
[2026-01-16T09:08:55.992+0000][gc,task     ] GC(938) Using 8 workers of 8 for evacuation
[2026-01-16T09:08:56.103+0000][gc,phases   ] GC(938)   Pre Evacuate Collection Set: 18.3ms
[2026-01-16T09:08:56.104+0000][gc,phases   ] GC(938)   Merge Heap Roots: 0.5ms
[2026-01-16T09:08:56.105+0000][gc,phases   ] GC(938)   Evacuate Collection Set: 84.2ms
[2026-01-16T09:08:56.105+0000][gc,phases   ] GC(938)   Post Evacuate Collection Set: 7.2ms
[2026-01-16T09:08:56.106+0000][gc,phases   ] GC(938)   Other: 1.2ms
[2026-01-16T09:08:56.107+0000][gc,heap     ] GC(938) Eden regions: 47->0(49)
[2026-01-16T09:08:56.107+0000][gc,heap     ] GC(938) Survivor regions: 4->2(7)
[2026-01-16T09:08:56.107+0000][gc,heap     ] GC(938) Old regions: 141->141
[2026-01-16T09:08:56.108+0000][gc,heap     ] GC(938) Humongous regions: 149->149
[2026-01-16T09:08:56.109+0000][gc,metaspace] GC(938) Metaspace: 15625K(16128K)->15625K(16128K) NonClass: 13944K(14144K)->13944K(14144K) Class: 1681K(1984K)->1681K(1984K)
[2026-01-16T09:08:56.111+0000][gc          ] GC(938) Pause Young (Normal) (G1 Evacuation Pause) 340M->291M(1024M) 120.025ms
[2026-01-16T09:08:56.113+0000][gc,cpu      ] GC(938) User=0.10s Sys=0.01s Real=0.12s
[2026-01-16T09:08:58.935+0000][gc,start    ] GC(939) Pause Young (Normal) (G1 Evacuation Pause)
[2026-01-16T09:08:58.938+0000][gc,task     ] GC(939) Using 8 workers of 8 for evacuation
[2026-01-16T09:08:59.250+0000][gc,mmu      ] GC(939) MMU target violated: 201.0ms (200.0ms/201.0ms)
[2026-01-16T09:08:59.250+0000][gc,phases   ] GC(939)   Pre Evacuate Collection Set: 15.1ms
[2026-01-16T09:08:59.251+0000][gc,phases   ] GC(939)   Merge Heap Roots: 8.4ms
[2026-01-16T09:08:59.251+0000][gc,phases   ] GC(939)   Evacuate Collection Set: 256.6ms
[2026-01-16T09:08:59.251+0000][gc,phases   ] GC(939)   Post Evacuate Collection Set: 29.0ms
[2026-01-16T09:08:59.251+0000][gc,phases   ] GC(939)   Other: 2.5ms
[2026-01-16T09:08:59.252+0000][gc,heap     ] GC(939) Eden regions: 49->0(48)
[2026-01-16T09:08:59.252+0000][gc,heap     ] GC(939) Survivor regions: 2->3(7)
[2026-01-16T09:08:59.252+0000][gc,heap     ] GC(939) Old regions: 141->141
[2026-01-16T09:08:59.253+0000][gc,heap     ] GC(939) Humongous regions: 149->149
[2026-01-16T09:08:59.256+0000][gc,metaspace] GC(939) Metaspace: 15625K(16128K)->15625K(16128K) NonClass: 13944K(14144K)->13944K(14144K) Class: 1681K(1984K)->1681K(1984K)
[2026-01-16T09:08:59.257+0000][gc          ] GC(939) Pause Young (Normal) (G1 Evacuation Pause) 340M->292M(1024M) 321.900ms
[2026-01-16T09:08:59.259+0000][gc,cpu      ] GC(939) User=0.14s Sys=0.01s Real=0.33s
[2026-01-16T09:09:01.238+0000][gc,start    ] GC(940) Pause Young (Normal) (G1 Evacuation Pause)
[2026-01-16T09:09:01.244+0000][gc,task     ] GC(940) Using 8 workers of 8 for evacuation
[2026-01-16T09:09:01.469+0000][gc,mmu      ] GC(940) MMU target violated: 201.0ms (200.0ms/201.0ms)
[2026-01-16T09:09:01.475+0000][gc,phases   ] GC(940)   Pre Evacuate Collection Set: 15.9ms
[2026-01-16T09:09:01.478+0000][gc,phases   ] GC(940)   Merge Heap Roots: 0.4ms
[2026-01-16T09:09:01.478+0000][gc,phases   ] GC(940)   Evacuate Collection Set: 130.2ms
[2026-01-16T09:09:01.482+0000][gc,phases   ] GC(940)   Post Evacuate Collection Set: 75.8ms
[2026-01-16T09:09:01.484+0000][gc,phases   ] GC(940)   Other: 8.5ms
[2026-01-16T09:09:01.486+0000][gc,heap     ] GC(940) Eden regions: 48->0(48)
[2026-01-16T09:09:01.487+0000][gc,heap     ] GC(940) Survivor regions: 3->3(7)
[2026-01-16T09:09:01.493+0000][gc,heap     ] GC(940) Old regions: 141->141
[2026-01-16T09:09:01.493+0000][gc,heap     ] GC(940) Humongous regions: 149->149
[2026-01-16T09:09:01.494+0000][gc,metaspace] GC(940) Metaspace: 15625K(16128K)->15625K(16128K) NonClass: 13944K(14144K)->13944K(14144K) Class: 1681K(1984K)->1681K(1984K)
[2026-01-16T09:09:01.497+0000][gc          ] GC(940) Pause Young (Normal) (G1 Evacuation Pause) 340M->292M(1024M) 258.575ms
[2026-01-16T09:09:01.498+0000][gc,cpu      ] GC(940) User=0.11s Sys=0.00s Real=0.26s
[2026-01-16T09:09:04.074+0000][gc,start    ] GC(941) Pause Young (Normal) (G1 Evacuation Pause)
[2026-01-16T09:09:04.090+0000][gc,task     ] GC(941) Using 8 workers of 8 for evacuation
[2026-01-16T09:09:04.633+0000][gc,mmu      ] GC(941) MMU target violated: 201.0ms (200.0ms/201.0ms)
[2026-01-16T09:09:04.636+0000][gc,phases   ] GC(941)   Pre Evacuate Collection Set: 61.0ms
[2026-01-16T09:09:04.640+0000][gc,phases   ] GC(941)   Merge Heap Roots: 6.8ms
[2026-01-16T09:09:04.640+0000][gc,phases   ] GC(941)   Evacuate Collection Set: 439.3ms
[2026-01-16T09:09:04.640+0000][gc,phases   ] GC(941)   Post Evacuate Collection Set: 25.8ms
[2026-01-16T09:09:04.640+0000][gc,phases   ] GC(941)   Other: 13.0ms
[2026-01-16T09:09:04.640+0000][gc,heap     ] GC(941) Eden regions: 48->0(47)
[2026-01-16T09:09:04.640+0000][gc,heap     ] GC(941) Survivor regions: 3->4(7)
[2026-01-16T09:09:04.644+0000][gc,heap     ] GC(941) Old regions: 141->141
[2026-01-16T09:09:04.645+0000][gc,heap     ] GC(941) Humongous regions: 149->149
[2026-01-16T09:09:04.645+0000][gc,metaspace] GC(941) Metaspace: 15628K(16128K)->15628K(16128K) NonClass: 13946K(14144K)->13946K(14144K) Class: 1681K(1984K)->1681K(1984K)
[2026-01-16T09:09:04.649+0000][gc          ] GC(941) Pause Young (Normal) (G1 Evacuation Pause) 340M->293M(1024M) 575.374ms
[2026-01-16T09:09:04.649+0000][gc,cpu      ] GC(941) User=0.18s Sys=0.01s Real=0.59s
[2026-01-16T09:09:05.791+0000][gc,start    ] GC(942) Pause Young (Normal) (G1 Evacuation Pause)
[2026-01-16T09:09:05.793+0000][gc,task     ] GC(942) Using 8 workers of 8 for evacuation
[2026-01-16T09:09:05.939+0000][gc,phases   ] GC(942)   Pre Evacuate Collection Set: 18.5ms
[2026-01-16T09:09:05.940+0000][gc,phases   ] GC(942)   Merge Heap Roots: 0.9ms
[2026-01-16T09:09:05.940+0000][gc,phases   ] GC(942)   Evacuate Collection Set: 117.0ms
[2026-01-16T09:09:05.940+0000][gc,phases   ] GC(942)   Post Evacuate Collection Set: 9.1ms
[2026-01-16T09:09:05.941+0000][gc,phases   ] GC(942)   Other: 0.6ms
[2026-01-16T09:09:05.941+0000][gc,heap     ] GC(942) Eden regions: 47->0(47)
[2026-01-16T09:09:05.941+0000][gc,heap     ] GC(942) Survivor regions: 4->4(7)
[2026-01-16T09:09:05.942+0000][gc,heap     ] GC(942) Old regions: 141->141
[2026-01-16T09:09:05.942+0000][gc,heap     ] GC(942) Humongous regions: 149->149
[2026-01-16T09:09:05.942+0000][gc,metaspace] GC(942) Metaspace: 15628K(16128K)->15628K(16128K) NonClass: 13946K(14144K)->13946K(14144K) Class: 1681K(1984K)->1681K(1984K)
[2026-01-16T09:09:05.944+0000][gc          ] GC(942) Pause Young (Normal) (G1 Evacuation Pause) 340M->293M(1024M) 152.483ms
[2026-01-16T09:09:05.944+0000][gc,cpu      ] GC(942) User=0.08s Sys=0.00s Real=0.16s
[2026-01-16T09:09:08.501+0000][gc,start    ] GC(943) Pause Young (Normal) (G1 Evacuation Pause)
[2026-01-16T09:09:08.511+0000][gc,task     ] GC(943) Using 8 workers of 8 for evacuation
[2026-01-16T09:09:08.861+0000][gc,mmu      ] GC(943) MMU target violated: 201.0ms (200.0ms/201.0ms)
[2026-01-16T09:09:08.866+0000][gc,phases   ] GC(943)   Pre Evacuate Collection Set: 41.9ms
[2026-01-16T09:09:08.867+0000][gc,phases   ] GC(943)   Merge Heap Roots: 6.4ms
[2026-01-16T09:09:08.869+0000][gc,phases   ] GC(943)   Evacuate Collection Set: 291.3ms
[2026-01-16T09:09:08.870+0000][gc,phases   ] GC(943)   Post Evacuate Collection Set: 8.8ms
[2026-01-16T09:09:08.872+0000][gc,phases   ] GC(943)   Other: 6.8ms
[2026-01-16T09:09:08.873+0000][gc,heap     ] GC(943) Eden regions: 47->0(48)
[2026-01-16T09:09:08.874+0000][gc,heap     ] GC(943) Survivor regions: 4->3(7)
[2026-01-16T09:09:08.876+0000][gc,heap     ] GC(943) Old regions: 141->142
[2026-01-16T09:09:08.877+0000][gc,heap     ] GC(943) Humongous regions: 149->149
[2026-01-16T09:09:08.880+0000][gc,metaspace] GC(943) Metaspace: 15628K(16128K)->15628K(16128K) NonClass: 13946K(14144K)->13946K(14144K) Class: 1681K(1984K)->1681K(1984K)
[2026-01-16T09:09:08.882+0000][gc          ] GC(943) Pause Young (Normal) (G1 Evacuation Pause) 340M->292M(1024M) 381.007ms
[2026-01-16T09:09:08.882+0000][gc,cpu      ] GC(943) User=0.17s Sys=0.00s Real=0.39s
[2026-01-16T09:09:13.111+0000][gc,start    ] GC(944) Pause Young (Normal) (G1 Evacuation Pause)
[2026-01-16T09:09:13.117+0000][gc,task     ] GC(944) Using 8 workers of 8 for evacuation
[2026-01-16T09:09:13.613+0000][gc,mmu      ] GC(944) MMU target violated: 201.0ms (200.0ms/201.0ms)
[2026-01-16T09:09:13.614+0000][gc,phases   ] GC(944)   Pre Evacuate Collection Set: 113.8ms
[2026-01-16T09:09:13.615+0000][gc,phases   ] GC(944)   Merge Heap Roots: 7.5ms
[2026-01-16T09:09:13.617+0000][gc,phases   ] GC(944)   Evacuate Collection Set: 351.7ms
[2026-01-16T09:09:13.620+0000][gc,phases   ] GC(944)   Post Evacuate Collection Set: 9.6ms
[2026-01-16T09:09:13.622+0000][gc,phases   ] GC(944)   Other: 14.8ms
[2026-01-16T09:09:13.623+0000][gc,heap     ] GC(944) Eden regions: 48->0(48)
[2026-01-16T09:09:13.623+0000][gc,heap     ] GC(944) Survivor regions: 3->3(7)
[2026-01-16T09:09:13.624+0000][gc,heap     ] GC(944) Old regions: 142->142
[2026-01-16T09:09:13.625+0000][gc,heap     ] GC(944) Humongous regions: 149->149
[2026-01-16T09:09:13.625+0000][gc,metaspace] GC(944) Metaspace: 15632K(16128K)->15632K(16128K) NonClass: 13950K(14144K)->13950K(14144K) Class: 1681K(1984K)->1681K(1984K)
[2026-01-16T09:09:13.627+0000][gc          ] GC(944) Pause Young (Normal) (G1 Evacuation Pause) 340M->292M(1024M) 516.620ms
[2026-01-16T09:09:13.628+0000][gc,cpu      ] GC(944) User=0.20s Sys=0.03s Real=0.53s
[2026-01-16T09:09:15.385+0000][gc,start    ] GC(945) Pause Young (Normal) (G1 Evacuation Pause)
[2026-01-16T09:09:15.385+0000][gc,task     ] GC(945) Using 8 workers of 8 for evacuation
[2026-01-16T09:09:15.473+0000][gc,phases   ] GC(945)   Pre Evacuate Collection Set: 12.3ms
[2026-01-16T09:09:15.475+0000][gc,phases   ] GC(945)   Merge Heap Roots: 0.7ms
[2026-01-16T09:09:15.478+0000][gc,phases   ] GC(945)   Evacuate Collection Set: 61.8ms
[2026-01-16T09:09:15.478+0000][gc,phases   ] GC(945)   Post Evacuate Collection Set: 12.6ms
[2026-01-16T09:09:15.478+0000][gc,phases   ] GC(945)   Other: 0.5ms
[2026-01-16T09:09:15.479+0000][gc,heap     ] GC(945) Eden regions: 48->0(49)
[2026-01-16T09:09:15.479+0000][gc,heap     ] GC(945) Survivor regions: 3->2(7)
[2026-01-16T09:09:15.479+0000][gc,heap     ] GC(945) Old regions: 142->142
[2026-01-16T09:09:15.479+0000][gc,heap     ] GC(945) Humongous regions: 149->149
[2026-01-16T09:09:15.479+0000][gc,metaspace] GC(945) Metaspace: 15632K(16128K)->15632K(16128K) NonClass: 13950K(14144K)->13950K(14144K) Class: 1681K(1984K)->1681K(1984K)
[2026-01-16T09:09:15.479+0000][gc          ] GC(945) Pause Young (Normal) (G1 Evacuation Pause) 340M->291M(1024M) 94.405ms
[2026-01-16T09:09:15.479+0000][gc,cpu      ] GC(945) User=0.07s Sys=0.00s Real=0.09s
[2026-01-16T09:09:16.716+0000][gc,start    ] GC(946) Pause Young (Normal) (G1 Evacuation Pause)
[2026-01-16T09:09:16.717+0000][gc,task     ] GC(946) Using 8 workers of 8 for evacuation
[2026-01-16T09:09:16.829+0000][gc,phases   ] GC(946)   Pre Evacuate Collection Set: 26.1ms
[2026-01-16T09:09:16.830+0000][gc,phases   ] GC(946)   Merge Heap Roots: 5.7ms
[2026-01-16T09:09:16.830+0000][gc,phases   ] GC(946)   Evacuate Collection Set: 73.3ms
[2026-01-16T09:09:16.831+0000][gc,phases   ] GC(946)   Post Evacuate Collection Set: 5.8ms
[2026-01-16T09:09:16.831+0000][gc,phases   ] GC(946)   Other: 1.9ms
[2026-01-16T09:09:16.831+0000][gc,heap     ] GC(946) Eden regions: 49->0(89)
[2026-01-16T09:09:16.832+0000][gc,heap     ] GC(946) Survivor regions: 2->2(7)
[2026-01-16T09:09:16.833+0000][gc,heap     ] GC(946) Old regions: 142->142
[2026-01-16T09:09:16.833+0000][gc,heap     ] GC(946) Humongous regions: 149->149
[2026-01-16T09:09:16.833+0000][gc,metaspace] GC(946) Metaspace: 15632K(16128K)->15632K(16128K) NonClass: 13950K(14144K)->13950K(14144K) Class: 1681K(1984K)->1681K(1984K)
[2026-01-16T09:09:16.834+0000][gc          ] GC(946) Pause Young (Normal) (G1 Evacuation Pause) 340M->291M(1024M) 118.595ms
[2026-01-16T09:09:16.835+0000][gc,cpu      ] GC(946) User=0.10s Sys=0.01s Real=0.12s
[2026-01-16T09:09:21.192+0000][gc,start    ] GC(947) Pause Young (Normal) (G1 Evacuation Pause)
[2026-01-16T09:09:21.195+0000][gc,task     ] GC(947) Using 8 workers of 8 for evacuation
[2026-01-16T09:09:21.510+0000][gc,mmu      ] GC(947) MMU target violated: 201.0ms (200.0ms/201.0ms)
[2026-01-16T09:09:21.511+0000][gc,phases   ] GC(947)   Pre Evacuate Collection Set: 38.6ms
[2026-01-16T09:09:21.512+0000][gc,phases   ] GC(947)   Merge Heap Roots: 15.0ms
[2026-01-16T09:09:21.517+0000][gc,phases   ] GC(947)   Evacuate Collection Set: 230.7ms
[2026-01-16T09:09:21.517+0000][gc,phases   ] GC(947)   Post Evacuate Collection Set: 23.7ms
[2026-01-16T09:09:21.519+0000][gc,phases   ] GC(947)   Other: 8.9ms
[2026-01-16T09:09:21.519+0000][gc,heap     ] GC(947) Eden regions: 91->0(166)
[2026-01-16T09:09:21.520+0000][gc,heap     ] GC(947) Survivor regions: 2->1(12)
[2026-01-16T09:09:21.520+0000][gc,heap     ] GC(947) Old regions: 142->142
[2026-01-16T09:09:21.521+0000][gc,heap     ] GC(947) Humongous regions: 149->149
[2026-01-16T09:09:21.521+0000][gc,metaspace] GC(947) Metaspace: 15632K(16128K)->15632K(16128K) NonClass: 13950K(14144K)->13950K(14144K) Class: 1681K(1984K)->1681K(1984K)
[2026-01-16T09:09:21.527+0000][gc          ] GC(947) Pause Young (Normal) (G1 Evacuation Pause) 382M->290M(1024M) 334.307ms
[2026-01-16T09:09:21.529+0000][gc,cpu      ] GC(947) User=0.14s Sys=0.02s Real=0.34s
[2026-01-16T09:09:35.434+0000][gc,start    ] GC(948) Pause Young (Normal) (G1 Evacuation Pause)
[2026-01-16T09:09:35.444+0000][gc,task     ] GC(948) Using 8 workers of 8 for evacuation
[2026-01-16T09:09:36.317+0000][gc,mmu      ] GC(948) MMU target violated: 201.0ms (200.0ms/201.0ms)
[2026-01-16T09:09:36.320+0000][gc,phases   ] GC(948)   Pre Evacuate Collection Set: 108.7ms
[2026-01-16T09:09:36.321+0000][gc,phases   ] GC(948)   Merge Heap Roots: 11.0ms
[2026-01-16T09:09:36.322+0000][gc,phases   ] GC(948)   Evacuate Collection Set: 718.7ms
[2026-01-16T09:09:36.324+0000][gc,phases   ] GC(948)   Post Evacuate Collection Set: 29.2ms
[2026-01-16T09:09:36.325+0000][gc,phases   ] GC(948)   Other: 9.0ms
[2026-01-16T09:09:36.325+0000][gc,heap     ] GC(948) Eden regions: 143->0(48)
[2026-01-16T09:09:36.326+0000][gc,heap     ] GC(948) Survivor regions: 1->3(18)
[2026-01-16T09:09:36.326+0000][gc,heap     ] GC(948) Old regions: 142->142
[2026-01-16T09:09:36.327+0000][gc,heap     ] GC(948) Humongous regions: 149->149
[2026-01-16T09:09:36.328+0000][gc,metaspace] GC(948) Metaspace: 15632K(16128K)->15632K(16128K) NonClass: 13950K(14144K)->13950K(14144K) Class: 1681K(1984K)->1681K(1984K)
[2026-01-16T09:09:36.330+0000][gc          ] GC(948) Pause Young (Normal) (G1 Evacuation Pause) 433M->292M(1024M) 896.268ms
[2026-01-16T09:09:36.335+0000][gc,cpu      ] GC(948) User=0.83s Sys=0.06s Real=0.90s
[2026-01-16T09:09:38.769+0000][gc,start    ] GC(949) Pause Young (Normal) (G1 Evacuation Pause)
[2026-01-16T09:09:38.782+0000][gc,task     ] GC(949) Using 8 workers of 8 for evacuation
[2026-01-16T09:09:39.047+0000][gc,mmu      ] GC(949) MMU target violated: 201.0ms (200.0ms/201.0ms)
[2026-01-16T09:09:39.047+0000][gc,phases   ] GC(949)   Pre Evacuate Collection Set: 36.9ms
[2026-01-16T09:09:39.047+0000][gc,phases   ] GC(949)   Merge Heap Roots: 6.7ms
[2026-01-16T09:09:39.047+0000][gc,phases   ] GC(949)   Evacuate Collection Set: 189.4ms
[2026-01-16T09:09:39.048+0000][gc,phases   ] GC(949)   Post Evacuate Collection Set: 8.7ms
[2026-01-16T09:09:39.048+0000][gc,phases   ] GC(949)   Other: 23.9ms
[2026-01-16T09:09:39.048+0000][gc,heap     ] GC(949) Eden regions: 48->0(47)
[2026-01-16T09:09:39.049+0000][gc,heap     ] GC(949) Survivor regions: 3->4(7)
[2026-01-16T09:09:39.050+0000][gc,heap     ] GC(949) Old regions: 142->142
[2026-01-16T09:09:39.050+0000][gc,heap     ] GC(949) Humongous regions: 149->149
[2026-01-16T09:09:39.050+0000][gc,metaspace] GC(949) Metaspace: 15632K(16128K)->15632K(16128K) NonClass: 13950K(14144K)->13950K(14144K) Class: 1681K(1984K)->1681K(1984K)
[2026-01-16T09:09:39.051+0000][gc          ] GC(949) Pause Young (Normal) (G1 Evacuation Pause) 340M->293M(1024M) 282.161ms
[2026-01-16T09:09:39.052+0000][gc,cpu      ] GC(949) User=0.15s Sys=0.00s Real=0.28s
[2026-01-16T09:09:40.773+0000][gc,start    ] GC(950) Pause Young (Normal) (G1 Evacuation Pause)
[2026-01-16T09:09:40.781+0000][gc,task     ] GC(950) Using 8 workers of 8 for evacuation
[2026-01-16T09:09:41.041+0000][gc,mmu      ] GC(950) MMU target violated: 201.0ms (200.0ms/201.0ms)
[2026-01-16T09:09:41.043+0000][gc,phases   ] GC(950)   Pre Evacuate Collection Set: 16.4ms
[2026-01-16T09:09:41.044+0000][gc,phases   ] GC(950)   Merge Heap Roots: 11.7ms
[2026-01-16T09:09:41.045+0000][gc,phases   ] GC(950)   Evacuate Collection Set: 200.4ms
[2026-01-16T09:09:41.046+0000][gc,phases   ] GC(950)   Post Evacuate Collection Set: 25.8ms
[2026-01-16T09:09:41.047+0000][gc,phases   ] GC(950)   Other: 8.6ms
[2026-01-16T09:09:41.048+0000][gc,heap     ] GC(950) Eden regions: 47->0(49)
[2026-01-16T09:09:41.049+0000][gc,heap     ] GC(950) Survivor regions: 4->2(7)
[2026-01-16T09:09:41.051+0000][gc,heap     ] GC(950) Old regions: 142->142
[2026-01-16T09:09:41.051+0000][gc,heap     ] GC(950) Humongous regions: 149->149
[2026-01-16T09:09:41.054+0000][gc,metaspace] GC(950) Metaspace: 15632K(16128K)->15632K(16128K) NonClass: 13950K(14144K)->13950K(14144K) Class: 1681K(1984K)->1681K(1984K)
[2026-01-16T09:09:41.056+0000][gc          ] GC(950) Pause Young (Normal) (G1 Evacuation Pause) 340M->291M(1024M) 282.951ms
[2026-01-16T09:09:41.057+0000][gc,cpu      ] GC(950) User=0.09s Sys=0.00s Real=0.29s
[2026-01-16T09:09:42.940+0000][gc,start    ] GC(951) Pause Young (Normal) (G1 Evacuation Pause)
[2026-01-16T09:09:42.948+0000][gc,task     ] GC(951) Using 8 workers of 8 for evacuation
[2026-01-16T09:09:43.196+0000][gc,mmu      ] GC(951) MMU target violated: 201.0ms (200.0ms/201.0ms)
[2026-01-16T09:09:43.200+0000][gc,phases   ] GC(951)   Pre Evacuate Collection Set: 34.3ms
[2026-01-16T09:09:43.220+0000][gc,phases   ] GC(951)   Merge Heap Roots: 6.0ms
[2026-01-16T09:09:43.222+0000][gc,phases   ] GC(951)   Evacuate Collection Set: 194.3ms
[2026-01-16T09:09:43.223+0000][gc,phases   ] GC(951)   Post Evacuate Collection Set: 11.0ms
[2026-01-16T09:09:43.224+0000][gc,phases   ] GC(951)   Other: 6.2ms
[2026-01-16T09:09:43.225+0000][gc,heap     ] GC(951) Eden regions: 49->0(48)
[2026-01-16T09:09:43.228+0000][gc,heap     ] GC(951) Survivor regions: 2->3(7)
[2026-01-16T09:09:43.230+0000][gc,heap     ] GC(951) Old regions: 142->142
[2026-01-16T09:09:43.233+0000][gc,heap     ] GC(951) Humongous regions: 149->149
[2026-01-16T09:09:43.236+0000][gc,metaspace] GC(951) Metaspace: 15632K(16128K)->15632K(16128K) NonClass: 13950K(14144K)->13950K(14144K) Class: 1681K(1984K)->1681K(1984K)
[2026-01-16T09:09:43.243+0000][gc          ] GC(951) Pause Young (Normal) (G1 Evacuation Pause) 340M->292M(1024M) 302.907ms
[2026-01-16T09:09:43.244+0000][gc,cpu      ] GC(951) User=0.13s Sys=0.00s Real=0.30s
[2026-01-16T09:09:45.644+0000][gc,start    ] GC(952) Pause Young (Normal) (G1 Evacuation Pause)
[2026-01-16T09:09:45.657+0000][gc,task     ] GC(952) Using 8 workers of 8 for evacuation
[2026-01-16T09:09:45.874+0000][gc,mmu      ] GC(952) MMU target violated: 201.0ms (200.0ms/201.0ms)
[2026-01-16T09:09:45.875+0000][gc,phases   ] GC(952)   Pre Evacuate Collection Set: 35.6ms
[2026-01-16T09:09:45.875+0000][gc,phases   ] GC(952)   Merge Heap Roots: 1.8ms
[2026-01-16T09:09:45.876+0000][gc,phases   ] GC(952)   Evacuate Collection Set: 168.7ms
[2026-01-16T09:09:45.880+0000][gc,phases   ] GC(952)   Post Evacuate Collection Set: 9.5ms
[2026-01-16T09:09:45.880+0000][gc,phases   ] GC(952)   Other: 2.4ms
[2026-01-16T09:09:45.881+0000][gc,heap     ] GC(952) Eden regions: 48->0(48)
[2026-01-16T09:09:45.881+0000][gc,heap     ] GC(952) Survivor regions: 3->3(7)
[2026-01-16T09:09:45.881+0000][gc,heap     ] GC(952) Old regions: 142->142
[2026-01-16T09:09:45.882+0000][gc,heap     ] GC(952) Humongous regions: 149->149
[2026-01-16T09:09:45.883+0000][gc,metaspace] GC(952) Metaspace: 15632K(16128K)->15632K(16128K) NonClass: 13950K(14144K)->13950K(14144K) Class: 1681K(1984K)->1681K(1984K)
[2026-01-16T09:09:45.884+0000][gc          ] GC(952) Pause Young (Normal) (G1 Evacuation Pause) 340M->292M(1024M) 239.799ms
[2026-01-16T09:09:45.886+0000][gc,cpu      ] GC(952) User=0.14s Sys=0.01s Real=0.25s
[2026-01-16T09:09:47.155+0000][gc,start    ] GC(953) Pause Young (Normal) (G1 Evacuation Pause)
[2026-01-16T09:09:47.160+0000][gc,task     ] GC(953) Using 8 workers of 8 for evacuation
[2026-01-16T09:09:47.512+0000][gc,mmu      ] GC(953) MMU target violated: 201.0ms (200.0ms/201.0ms)
[2026-01-16T09:09:47.512+0000][gc,phases   ] GC(953)   Pre Evacuate Collection Set: 34.1ms
[2026-01-16T09:09:47.512+0000][gc,phases   ] GC(953)   Merge Heap Roots: 7.9ms
[2026-01-16T09:09:47.512+0000][gc,phases   ] GC(953)   Evacuate Collection Set: 283.3ms
[2026-01-16T09:09:47.513+0000][gc,phases   ] GC(953)   Post Evacuate Collection Set: 24.2ms
[2026-01-16T09:09:47.515+0000][gc,phases   ] GC(953)   Other: 3.7ms
[2026-01-16T09:09:47.516+0000][gc,heap     ] GC(953) Eden regions: 48->0(47)
[2026-01-16T09:09:47.517+0000][gc,heap     ] GC(953) Survivor regions: 3->4(7)
[2026-01-16T09:09:47.519+0000][gc,heap     ] GC(953) Old regions: 142->142
[2026-01-16T09:09:47.520+0000][gc,heap     ] GC(953) Humongous regions: 149->149
[2026-01-16T09:09:47.521+0000][gc,metaspace] GC(953) Metaspace: 15632K(16128K)->15632K(16128K) NonClass: 13950K(14144K)->13950K(14144K) Class: 1681K(1984K)->1681K(1984K)
[2026-01-16T09:09:47.525+0000][gc          ] GC(953) Pause Young (Normal) (G1 Evacuation Pause) 340M->293M(1024M) 369.769ms
[2026-01-16T09:09:47.527+0000][gc,cpu      ] GC(953) User=0.17s Sys=0.01s Real=0.38s
[2026-01-16T09:09:48.387+0000][gc,start    ] GC(954) Pause Young (Normal) (G1 Evacuation Pause)
[2026-01-16T09:09:48.390+0000][gc,task     ] GC(954) Using 8 workers of 8 for evacuation
[2026-01-16T09:09:48.549+0000][gc,phases   ] GC(954)   Pre Evacuate Collection Set: 20.7ms
[2026-01-16T09:09:48.552+0000][gc,phases   ] GC(954)   Merge Heap Roots: 5.9ms
[2026-01-16T09:09:48.552+0000][gc,phases   ] GC(954)   Evacuate Collection Set: 127.6ms
[2026-01-16T09:09:48.560+0000][gc,phases   ] GC(954)   Post Evacuate Collection Set: 3.1ms
[2026-01-16T09:09:48.561+0000][gc,phases   ] GC(954)   Other: 0.9ms
[2026-01-16T09:09:48.562+0000][gc,heap     ] GC(954) Eden regions: 47->0(46)
[2026-01-16T09:09:48.562+0000][gc,heap     ] GC(954) Survivor regions: 4->5(7)
[2026-01-16T09:09:48.563+0000][gc,heap     ] GC(954) Old regions: 142->142
[2026-01-16T09:09:48.563+0000][gc,heap     ] GC(954) Humongous regions: 149->149
[2026-01-16T09:09:48.563+0000][gc,metaspace] GC(954) Metaspace: 15632K(16128K)->15632K(16128K) NonClass: 13950K(14144K)->13950K(14144K) Class: 1681K(1984K)->1681K(1984K)
[2026-01-16T09:09:48.564+0000][gc          ] GC(954) Pause Young (Normal) (G1 Evacuation Pause) 340M->294M(1024M) 176.892ms
[2026-01-16T09:09:48.565+0000][gc,cpu      ] GC(954) User=0.12s Sys=0.00s Real=0.17s
[2026-01-16T09:09:49.189+0000][gc,start    ] GC(955) Pause Young (Normal) (G1 Evacuation Pause)
[2026-01-16T09:09:49.189+0000][gc,task     ] GC(955) Using 8 workers of 8 for evacuation
[2026-01-16T09:09:49.286+0000][gc,phases   ] GC(955)   Pre Evacuate Collection Set: 4.9ms
[2026-01-16T09:09:49.287+0000][gc,phases   ] GC(955)   Merge Heap Roots: 3.2ms
[2026-01-16T09:09:49.288+0000][gc,phases   ] GC(955)   Evacuate Collection Set: 85.1ms
[2026-01-16T09:09:49.289+0000][gc,phases   ] GC(955)   Post Evacuate Collection Set: 0.9ms
[2026-01-16T09:09:49.289+0000][gc,phases   ] GC(955)   Other: 2.3ms
[2026-01-16T09:09:49.290+0000][gc,heap     ] GC(955) Eden regions: 46->0(46)
[2026-01-16T09:09:49.291+0000][gc,heap     ] GC(955) Survivor regions: 5->5(7)
[2026-01-16T09:09:49.291+0000][gc,heap     ] GC(955) Old regions: 142->142
[2026-01-16T09:09:49.292+0000][gc,heap     ] GC(955) Humongous regions: 149->149
[2026-01-16T09:09:49.293+0000][gc,metaspace] GC(955) Metaspace: 15632K(16128K)->15632K(16128K) NonClass: 13950K(14144K)->13950K(14144K) Class: 1681K(1984K)->1681K(1984K)
[2026-01-16T09:09:49.294+0000][gc          ] GC(955) Pause Young (Normal) (G1 Evacuation Pause) 340M->295M(1024M) 105.267ms
[2026-01-16T09:09:49.298+0000][gc,cpu      ] GC(955) User=0.11s Sys=0.00s Real=0.11s
[2026-01-16T09:09:50.496+0000][gc,start    ] GC(956) Pause Young (Normal) (G1 Evacuation Pause)
[2026-01-16T09:09:50.500+0000][gc,task     ] GC(956) Using 8 workers of 8 for evacuation
[2026-01-16T09:09:50.743+0000][gc,mmu      ] GC(956) MMU target violated: 201.0ms (200.0ms/201.0ms)
[2026-01-16T09:09:50.747+0000][gc,phases   ] GC(956)   Pre Evacuate Collection Set: 11.1ms
[2026-01-16T09:09:50.747+0000][gc,phases   ] GC(956)   Merge Heap Roots: 2.0ms
[2026-01-16T09:09:50.747+0000][gc,phases   ] GC(956)   Evacuate Collection Set: 216.5ms
[2026-01-16T09:09:50.748+0000][gc,phases   ] GC(956)   Post Evacuate Collection Set: 11.8ms
[2026-01-16T09:09:50.754+0000][gc,phases   ] GC(956)   Other: 8.1ms
[2026-01-16T09:09:50.759+0000][gc,heap     ] GC(956) Eden regions: 46->0(46)
[2026-01-16T09:09:50.761+0000][gc,heap     ] GC(956) Survivor regions: 5->5(7)
[2026-01-16T09:09:50.762+0000][gc,heap     ] GC(956) Old regions: 142->143
[2026-01-16T09:09:50.762+0000][gc,heap     ] GC(956) Humongous regions: 149->149
[2026-01-16T09:09:50.763+0000][gc,metaspace] GC(956) Metaspace: 15632K(16128K)->15632K(16128K) NonClass: 13950K(14144K)->13950K(14144K) Class: 1681K(1984K)->1681K(1984K)
[2026-01-16T09:09:50.764+0000][gc          ] GC(956) Pause Young (Normal) (G1 Evacuation Pause) 341M->295M(1024M) 268.730ms
[2026-01-16T09:09:50.765+0000][gc,cpu      ] GC(956) User=0.13s Sys=0.00s Real=0.26s
[2026-01-16T09:09:51.685+0000][gc,start    ] GC(957) Pause Young (Normal) (G1 Evacuation Pause)
[2026-01-16T09:09:51.688+0000][gc,task     ] GC(957) Using 8 workers of 8 for evacuation
[2026-01-16T09:09:51.895+0000][gc,mmu      ] GC(957) MMU target violated: 201.0ms (200.0ms/201.0ms)
[2026-01-16T09:09:51.896+0000][gc,phases   ] GC(957)   Pre Evacuate Collection Set: 5.4ms
[2026-01-16T09:09:51.899+0000][gc,phases   ] GC(957)   Merge Heap Roots: 1.7ms
[2026-01-16T09:09:51.900+0000][gc,phases   ] GC(957)   Evacuate Collection Set: 193.9ms
[2026-01-16T09:09:51.903+0000][gc,phases   ] GC(957)   Post Evacuate Collection Set: 5.3ms
[2026-01-16T09:09:51.904+0000][gc,phases   ] GC(957)   Other: 2.3ms
[2026-01-16T09:09:51.905+0000][gc,heap     ] GC(957) Eden regions: 46->0(46)
[2026-01-16T09:09:51.905+0000][gc,heap     ] GC(957) Survivor regions: 5->5(7)
[2026-01-16T09:09:51.906+0000][gc,heap     ] GC(957) Old regions: 143->144
[2026-01-16T09:09:51.906+0000][gc,heap     ] GC(957) Humongous regions: 149->149
[2026-01-16T09:09:51.909+0000][gc,metaspace] GC(957) Metaspace: 15632K(16128K)->15632K(16128K) NonClass: 13950K(14144K)->13950K(14144K) Class: 1681K(1984K)->1681K(1984K)
[2026-01-16T09:09:51.912+0000][gc          ] GC(957) Pause Young (Normal) (G1 Evacuation Pause) 341M->296M(1024M) 226.614ms
[2026-01-16T09:09:51.912+0000][gc,cpu      ] GC(957) User=0.09s Sys=0.02s Real=0.23s
[2026-01-16T09:09:53.357+0000][gc,start    ] GC(958) Pause Young (Normal) (G1 Evacuation Pause)
[2026-01-16T09:09:53.362+0000][gc,task     ] GC(958) Using 8 workers of 8 for evacuation
[2026-01-16T09:09:53.862+0000][gc,mmu      ] GC(958) MMU target violated: 201.0ms (200.0ms/201.0ms)
[2026-01-16T09:09:53.869+0000][gc,phases   ] GC(958)   Pre Evacuate Collection Set: 39.3ms
[2026-01-16T09:09:53.872+0000][gc,phases   ] GC(958)   Merge Heap Roots: 11.8ms
[2026-01-16T09:09:53.873+0000][gc,phases   ] GC(958)   Evacuate Collection Set: 427.7ms
[2026-01-16T09:09:53.873+0000][gc,phases   ] GC(958)   Post Evacuate Collection Set: 15.5ms
[2026-01-16T09:09:53.873+0000][gc,phases   ] GC(958)   Other: 12.6ms
[2026-01-16T09:09:53.877+0000][gc,heap     ] GC(958) Eden regions: 46->0(46)
[2026-01-16T09:09:53.877+0000][gc,heap     ] GC(958) Survivor regions: 5->5(7)
[2026-01-16T09:09:53.877+0000][gc,heap     ] GC(958) Old regions: 144->144
[2026-01-16T09:09:53.878+0000][gc,heap     ] GC(958) Humongous regions: 149->149
[2026-01-16T09:09:53.878+0000][gc,metaspace] GC(958) Metaspace: 15632K(16128K)->15632K(16128K) NonClass: 13950K(14144K)->13950K(14144K) Class: 1681K(1984K)->1681K(1984K)
[2026-01-16T09:09:53.878+0000][gc          ] GC(958) Pause Young (Normal) (G1 Evacuation Pause) 342M->297M(1024M) 521.302ms
[2026-01-16T09:09:53.878+0000][gc,cpu      ] GC(958) User=0.21s Sys=0.02s Real=0.53s
[2026-01-16T09:09:55.012+0000][gc,start    ] GC(959) Pause Young (Normal) (G1 Evacuation Pause)
[2026-01-16T09:09:55.015+0000][gc,task     ] GC(959) Using 8 workers of 8 for evacuation
[2026-01-16T09:09:55.202+0000][gc,phases   ] GC(959)   Pre Evacuate Collection Set: 19.2ms
[2026-01-16T09:09:55.205+0000][gc,phases   ] GC(959)   Merge Heap Roots: 0.6ms
[2026-01-16T09:09:55.206+0000][gc,phases   ] GC(959)   Evacuate Collection Set: 163.5ms
[2026-01-16T09:09:55.207+0000][gc,phases   ] GC(959)   Post Evacuate Collection Set: 2.1ms
[2026-01-16T09:09:55.207+0000][gc,phases   ] GC(959)   Other: 2.0ms
[2026-01-16T09:09:55.207+0000][gc,heap     ] GC(959) Eden regions: 46->0(46)
[2026-01-16T09:09:55.207+0000][gc,heap     ] GC(959) Survivor regions: 5->5(7)
[2026-01-16T09:09:55.208+0000][gc,heap     ] GC(959) Old regions: 144->145
[2026-01-16T09:09:55.208+0000][gc,heap     ] GC(959) Humongous regions: 149->149
[2026-01-16T09:09:55.208+0000][gc,metaspace] GC(959) Metaspace: 15632K(16128K)->15632K(16128K) NonClass: 13950K(14144K)->13950K(14144K) Class: 1681K(1984K)->1681K(1984K)
[2026-01-16T09:09:55.209+0000][gc          ] GC(959) Pause Young (Normal) (G1 Evacuation Pause) 343M->297M(1024M) 196.587ms
[2026-01-16T09:09:55.209+0000][gc,cpu      ] GC(959) User=0.13s Sys=0.01s Real=0.20s
[2026-01-16T09:09:57.491+0000][gc,start    ] GC(960) Pause Young (Normal) (G1 Evacuation Pause)
[2026-01-16T09:09:57.494+0000][gc,task     ] GC(960) Using 8 workers of 8 for evacuation
[2026-01-16T09:09:57.929+0000][gc,mmu      ] GC(960) MMU target violated: 201.0ms (200.0ms/201.0ms)
[2026-01-16T09:09:57.935+0000][gc,phases   ] GC(960)   Pre Evacuate Collection Set: 32.5ms
[2026-01-16T09:09:57.938+0000][gc,phases   ] GC(960)   Merge Heap Roots: 1.7ms
[2026-01-16T09:09:57.943+0000][gc,phases   ] GC(960)   Evacuate Collection Set: 379.0ms
[2026-01-16T09:09:57.943+0000][gc,phases   ] GC(960)   Post Evacuate Collection Set: 18.0ms
[2026-01-16T09:09:57.944+0000][gc,phases   ] GC(960)   Other: 10.0ms
[2026-01-16T09:09:57.945+0000][gc,heap     ] GC(960) Eden regions: 46->0(49)
[2026-01-16T09:09:57.945+0000][gc,heap     ] GC(960) Survivor regions: 5->2(7)
[2026-01-16T09:09:57.946+0000][gc,heap     ] GC(960) Old regions: 145->146
[2026-01-16T09:09:57.946+0000][gc,heap     ] GC(960) Humongous regions: 149->149
[2026-01-16T09:09:57.946+0000][gc,metaspace] GC(960) Metaspace: 15633K(16128K)->15633K(16128K) NonClass: 13951K(14144K)->13951K(14144K) Class: 1681K(1984K)->1681K(1984K)
[2026-01-16T09:09:57.948+0000][gc          ] GC(960) Pause Young (Normal) (G1 Evacuation Pause) 343M->296M(1024M) 457.331ms
[2026-01-16T09:09:57.951+0000][gc,cpu      ] GC(960) User=0.19s Sys=0.02s Real=0.46s
[2026-01-16T09:09:59.565+0000][gc,start    ] GC(961) Pause Young (Normal) (G1 Evacuation Pause)
[2026-01-16T09:09:59.570+0000][gc,task     ] GC(961) Using 8 workers of 8 for evacuation
[2026-01-16T09:09:59.773+0000][gc,phases   ] GC(961)   Pre Evacuate Collection Set: 29.9ms
[2026-01-16T09:09:59.776+0000][gc,phases   ] GC(961)   Merge Heap Roots: 1.9ms
[2026-01-16T09:09:59.778+0000][gc,phases   ] GC(961)   Evacuate Collection Set: 150.4ms
[2026-01-16T09:09:59.780+0000][gc,phases   ] GC(961)   Post Evacuate Collection Set: 14.3ms
[2026-01-16T09:09:59.781+0000][gc,phases   ] GC(961)   Other: 6.1ms
[2026-01-16T09:09:59.782+0000][gc,heap     ] GC(961) Eden regions: 49->0(48)
[2026-01-16T09:09:59.783+0000][gc,heap     ] GC(961) Survivor regions: 2->3(7)
[2026-01-16T09:09:59.784+0000][gc,heap     ] GC(961) Old regions: 146->146
[2026-01-16T09:09:59.785+0000][gc,heap     ] GC(961) Humongous regions: 149->149
[2026-01-16T09:09:59.786+0000][gc,metaspace] GC(961) Metaspace: 15633K(16128K)->15633K(16128K) NonClass: 13951K(14144K)->13951K(14144K) Class: 1681K(1984K)->1681K(1984K)
[2026-01-16T09:09:59.786+0000][gc          ] GC(961) Pause Young (Normal) (G1 Evacuation Pause) 345M->296M(1024M) 221.551ms
[2026-01-16T09:09:59.788+0000][gc,cpu      ] GC(961) User=0.18s Sys=0.02s Real=0.23s
[2026-01-16T09:10:02.442+0000][gc,start    ] GC(962) Pause Young (Normal) (G1 Evacuation Pause)
[2026-01-16T09:10:02.444+0000][gc,task     ] GC(962) Using 8 workers of 8 for evacuation
[2026-01-16T09:10:02.569+0000][gc,phases   ] GC(962)   Pre Evacuate Collection Set: 12.2ms
[2026-01-16T09:10:02.570+0000][gc,phases   ] GC(962)   Merge Heap Roots: 2.0ms
[2026-01-16T09:10:02.570+0000][gc,phases   ] GC(962)   Evacuate Collection Set: 103.7ms
[2026-01-16T09:10:02.570+0000][gc,phases   ] GC(962)   Post Evacuate Collection Set: 6.9ms
[2026-01-16T09:10:02.571+0000][gc,phases   ] GC(962)   Other: 1.4ms
[2026-01-16T09:10:02.572+0000][gc,heap     ] GC(962) Eden regions: 48->0(48)
[2026-01-16T09:10:02.572+0000][gc,heap     ] GC(962) Survivor regions: 3->3(7)
[2026-01-16T09:10:02.572+0000][gc,heap     ] GC(962) Old regions: 146->146
[2026-01-16T09:10:02.573+0000][gc,heap     ] GC(962) Humongous regions: 149->149
[2026-01-16T09:10:02.573+0000][gc,metaspace] GC(962) Metaspace: 15633K(16128K)->15633K(16128K) NonClass: 13951K(14144K)->13951K(14144K) Class: 1681K(1984K)->1681K(1984K)
[2026-01-16T09:10:02.574+0000][gc          ] GC(962) Pause Young (Normal) (G1 Evacuation Pause) 344M->297M(1024M) 131.901ms
[2026-01-16T09:10:02.574+0000][gc,cpu      ] GC(962) User=0.10s Sys=0.00s Real=0.13s
[2026-01-16T09:10:04.599+0000][gc,start    ] GC(963) Pause Young (Normal) (G1 Evacuation Pause)
[2026-01-16T09:10:04.601+0000][gc,task     ] GC(963) Using 8 workers of 8 for evacuation
[2026-01-16T09:10:04.764+0000][gc,phases   ] GC(963)   Pre Evacuate Collection Set: 10.0ms
[2026-01-16T09:10:04.768+0000][gc,phases   ] GC(963)   Merge Heap Roots: 1.3ms
[2026-01-16T09:10:04.770+0000][gc,phases   ] GC(963)   Evacuate Collection Set: 143.8ms
[2026-01-16T09:10:04.771+0000][gc,phases   ] GC(963)   Post Evacuate Collection Set: 7.6ms
[2026-01-16T09:10:04.772+0000][gc,phases   ] GC(963)   Other: 0.9ms
[2026-01-16T09:10:04.773+0000][gc,heap     ] GC(963) Eden regions: 48->0(47)
[2026-01-16T09:10:04.774+0000][gc,heap     ] GC(963) Survivor regions: 3->4(7)
[2026-01-16T09:10:04.775+0000][gc,heap     ] GC(963) Old regions: 146->146
[2026-01-16T09:10:04.776+0000][gc,heap     ] GC(963) Humongous regions: 149->149
[2026-01-16T09:10:04.778+0000][gc,metaspace] GC(963) Metaspace: 15633K(16128K)->15633K(16128K) NonClass: 13951K(14144K)->13951K(14144K) Class: 1681K(1984K)->1681K(1984K)
[2026-01-16T09:10:04.778+0000][gc          ] GC(963) Pause Young (Normal) (G1 Evacuation Pause) 345M->297M(1024M) 178.850ms
[2026-01-16T09:10:04.778+0000][gc,cpu      ] GC(963) User=0.10s Sys=0.01s Real=0.18s
[2026-01-16T09:10:06.336+0000][gc,start    ] GC(964) Pause Young (Normal) (G1 Evacuation Pause)
[2026-01-16T09:10:06.341+0000][gc,task     ] GC(964) Using 8 workers of 8 for evacuation
[2026-01-16T09:10:06.554+0000][gc,mmu      ] GC(964) MMU target violated: 201.0ms (200.0ms/201.0ms)
[2026-01-16T09:10:06.555+0000][gc,phases   ] GC(964)   Pre Evacuate Collection Set: 27.2ms
[2026-01-16T09:10:06.559+0000][gc,phases   ] GC(964)   Merge Heap Roots: 1.6ms
[2026-01-16T09:10:06.560+0000][gc,phases   ] GC(964)   Evacuate Collection Set: 169.5ms
[2026-01-16T09:10:06.561+0000][gc,phases   ] GC(964)   Post Evacuate Collection Set: 13.3ms
[2026-01-16T09:10:06.566+0000][gc,phases   ] GC(964)   Other: 4.3ms
[2026-01-16T09:10:06.567+0000][gc,heap     ] GC(964) Eden regions: 47->0(114)
[2026-01-16T09:10:06.567+0000][gc,heap     ] GC(964) Survivor regions: 4->2(7)
[2026-01-16T09:10:06.568+0000][gc,heap     ] GC(964) Old regions: 146->146
[2026-01-16T09:10:06.568+0000][gc,heap     ] GC(964) Humongous regions: 149->149
[2026-01-16T09:10:06.568+0000][gc,metaspace] GC(964) Metaspace: 15633K(16128K)->15633K(16128K) NonClass: 13952K(14144K)->13952K(14144K) Class: 1681K(1984K)->1681K(1984K)
[2026-01-16T09:10:06.569+0000][gc          ] GC(964) Pause Young (Normal) (G1 Evacuation Pause) 344M->296M(1024M) 232.953ms
[2026-01-16T09:10:06.571+0000][gc,cpu      ] GC(964) User=0.10s Sys=0.01s Real=0.24s
[2026-01-16T09:10:10.479+0000][gc,start    ] GC(965) Pause Young (Normal) (G1 Evacuation Pause)
[2026-01-16T09:10:10.509+0000][gc,task     ] GC(965) Using 8 workers of 8 for evacuation
[2026-01-16T09:10:11.232+0000][gc,mmu      ] GC(965) MMU target violated: 201.0ms (200.0ms/201.0ms)
[2026-01-16T09:10:11.233+0000][gc,phases   ] GC(965)   Pre Evacuate Collection Set: 118.8ms
[2026-01-16T09:10:11.233+0000][gc,phases   ] GC(965)   Merge Heap Roots: 11.9ms
[2026-01-16T09:10:11.233+0000][gc,phases   ] GC(965)   Evacuate Collection Set: 530.1ms
[2026-01-16T09:10:11.234+0000][gc,phases   ] GC(965)   Post Evacuate Collection Set: 52.0ms
[2026-01-16T09:10:11.234+0000][gc,phases   ] GC(965)   Other: 32.8ms
[2026-01-16T09:10:11.235+0000][gc,heap     ] GC(965) Eden regions: 101->0(47)
[2026-01-16T09:10:11.235+0000][gc,heap     ] GC(965) Survivor regions: 2->4(13)
[2026-01-16T09:10:11.235+0000][gc,heap     ] GC(965) Old regions: 146->146
[2026-01-16T09:10:11.236+0000][gc,heap     ] GC(965) Humongous regions: 149->149
[2026-01-16T09:10:11.238+0000][gc,metaspace] GC(965) Metaspace: 15633K(16128K)->15633K(16128K) NonClass: 13952K(14144K)->13952K(14144K) Class: 1681K(1984K)->1681K(1984K)
[2026-01-16T09:10:11.277+0000][gc          ] GC(965) Pause Young (Normal) (G1 Evacuation Pause) 397M->297M(1024M) 798.215ms
[2026-01-16T09:10:11.280+0000][gc,cpu      ] GC(965) User=0.47s Sys=0.03s Real=0.82s
[2026-01-16T09:10:15.645+0000][gc,start    ] GC(966) Pause Young (Normal) (G1 Evacuation Pause)
[2026-01-16T09:10:15.647+0000][gc,task     ] GC(966) Using 8 workers of 8 for evacuation
[2026-01-16T09:10:15.934+0000][gc,mmu      ] GC(966) MMU target violated: 201.0ms (200.0ms/201.0ms)
[2026-01-16T09:10:15.938+0000][gc,phases   ] GC(966)   Pre Evacuate Collection Set: 33.3ms
[2026-01-16T09:10:15.941+0000][gc,phases   ] GC(966)   Merge Heap Roots: 9.6ms
[2026-01-16T09:10:15.943+0000][gc,phases   ] GC(966)   Evacuate Collection Set: 217.8ms
[2026-01-16T09:10:15.945+0000][gc,phases   ] GC(966)   Post Evacuate Collection Set: 25.4ms
[2026-01-16T09:10:15.946+0000][gc,phases   ] GC(966)   Other: 4.6ms
[2026-01-16T09:10:15.949+0000][gc,heap     ] GC(966) Eden regions: 47->0(49)
[2026-01-16T09:10:15.949+0000][gc,heap     ] GC(966) Survivor regions: 4->2(7)
[2026-01-16T09:10:15.950+0000][gc,heap     ] GC(966) Old regions: 146->146
[2026-01-16T09:10:15.950+0000][gc,heap     ] GC(966) Humongous regions: 149->149
[2026-01-16T09:10:15.950+0000][gc,metaspace] GC(966) Metaspace: 15633K(16128K)->15633K(16128K) NonClass: 13952K(14144K)->13952K(14144K) Class: 1681K(1984K)->1681K(1984K)
[2026-01-16T09:10:15.951+0000][gc          ] GC(966) Pause Young (Normal) (G1 Evacuation Pause) 344M->295M(1024M) 306.323ms
[2026-01-16T09:10:15.952+0000][gc,cpu      ] GC(966) User=0.14s Sys=0.00s Real=0.31s
[2026-01-16T09:10:19.561+0000][gc,start    ] GC(967) Pause Young (Normal) (G1 Evacuation Pause)
[2026-01-16T09:10:19.563+0000][gc,task     ] GC(967) Using 8 workers of 8 for evacuation
[2026-01-16T09:10:20.133+0000][gc,mmu      ] GC(967) MMU target violated: 201.0ms (200.0ms/201.0ms)
[2026-01-16T09:10:20.145+0000][gc,phases   ] GC(967)   Pre Evacuate Collection Set: 60.2ms
[2026-01-16T09:10:20.148+0000][gc,phases   ] GC(967)   Merge Heap Roots: 6.5ms
[2026-01-16T09:10:20.151+0000][gc,phases   ] GC(967)   Evacuate Collection Set: 482.2ms
[2026-01-16T09:10:20.152+0000][gc,phases   ] GC(967)   Post Evacuate Collection Set: 8.0ms
[2026-01-16T09:10:20.152+0000][gc,phases   ] GC(967)   Other: 25.6ms
[2026-01-16T09:10:20.152+0000][gc,heap     ] GC(967) Eden regions: 49->0(49)
[2026-01-16T09:10:20.152+0000][gc,heap     ] GC(967) Survivor regions: 2->2(7)
[2026-01-16T09:10:20.152+0000][gc,heap     ] GC(967) Old regions: 146->146
[2026-01-16T09:10:20.152+0000][gc,heap     ] GC(967) Humongous regions: 149->149
[2026-01-16T09:10:20.153+0000][gc,metaspace] GC(967) Metaspace: 15633K(16128K)->15633K(16128K) NonClass: 13952K(14144K)->13952K(14144K) Class: 1681K(1984K)->1681K(1984K)
[2026-01-16T09:10:20.154+0000][gc          ] GC(967) Pause Young (Normal) (G1 Evacuation Pause) 344M->296M(1024M) 593.992ms
[2026-01-16T09:10:20.155+0000][gc,cpu      ] GC(967) User=0.22s Sys=0.03s Real=0.59s
[2026-01-16T09:10:22.220+0000][gc,start    ] GC(968) Pause Young (Normal) (G1 Evacuation Pause)
[2026-01-16T09:10:22.226+0000][gc,task     ] GC(968) Using 8 workers of 8 for evacuation
[2026-01-16T09:10:22.466+0000][gc,mmu      ] GC(968) MMU target violated: 201.0ms (200.0ms/201.0ms)
[2026-01-16T09:10:22.471+0000][gc,phases   ] GC(968)   Pre Evacuate Collection Set: 25.9ms
[2026-01-16T09:10:22.475+0000][gc,phases   ] GC(968)   Merge Heap Roots: 5.0ms
[2026-01-16T09:10:22.478+0000][gc,phases   ] GC(968)   Evacuate Collection Set: 182.4ms
[2026-01-16T09:10:22.481+0000][gc,phases   ] GC(968)   Post Evacuate Collection Set: 19.1ms
[2026-01-16T09:10:22.482+0000][gc,phases   ] GC(968)   Other: 15.3ms
[2026-01-16T09:10:22.483+0000][gc,heap     ] GC(968) Eden regions: 49->0(48)
[2026-01-16T09:10:22.485+0000][gc,heap     ] GC(968) Survivor regions: 2->3(7)
[2026-01-16T09:10:22.486+0000][gc,heap     ] GC(968) Old regions: 146->146
[2026-01-16T09:10:22.486+0000][gc,heap     ] GC(968) Humongous regions: 149->149
[2026-01-16T09:10:22.487+0000][gc,metaspace] GC(968) Metaspace: 15634K(16128K)->15634K(16128K) NonClass: 13952K(14144K)->13952K(14144K) Class: 1681K(1984K)->1681K(1984K)
[2026-01-16T09:10:22.492+0000][gc          ] GC(968) Pause Young (Normal) (G1 Evacuation Pause) 345M->297M(1024M) 272.122ms
[2026-01-16T09:10:22.494+0000][gc,cpu      ] GC(968) User=0.19s Sys=0.01s Real=0.27s
[2026-01-16T09:10:25.741+0000][gc,start    ] GC(969) Pause Young (Normal) (G1 Evacuation Pause)
[2026-01-16T09:10:25.745+0000][gc,task     ] GC(969) Using 8 workers of 8 for evacuation
[2026-01-16T09:10:26.079+0000][gc,mmu      ] GC(969) MMU target violated: 201.0ms (200.0ms/201.0ms)
[2026-01-16T09:10:26.085+0000][gc,phases   ] GC(969)   Pre Evacuate Collection Set: 46.0ms
[2026-01-16T09:10:26.088+0000][gc,phases   ] GC(969)   Merge Heap Roots: 5.0ms
[2026-01-16T09:10:26.090+0000][gc,phases   ] GC(969)   Evacuate Collection Set: 266.3ms
[2026-01-16T09:10:26.090+0000][gc,phases   ] GC(969)   Post Evacuate Collection Set: 14.3ms
[2026-01-16T09:10:26.092+0000][gc,phases   ] GC(969)   Other: 10.0ms
[2026-01-16T09:10:26.097+0000][gc,heap     ] GC(969) Eden regions: 48->0(47)
[2026-01-16T09:10:26.099+0000][gc,heap     ] GC(969) Survivor regions: 3->4(7)
[2026-01-16T09:10:26.100+0000][gc,heap     ] GC(969) Old regions: 146->146
[2026-01-16T09:10:26.101+0000][gc,heap     ] GC(969) Humongous regions: 149->149
[2026-01-16T09:10:26.103+0000][gc,metaspace] GC(969) Metaspace: 15634K(16128K)->15634K(16128K) NonClass: 13952K(14144K)->13952K(14144K) Class: 1681K(1984K)->1681K(1984K)
[2026-01-16T09:10:26.104+0000][gc          ] GC(969) Pause Young (Normal) (G1 Evacuation Pause) 345M->298M(1024M) 362.685ms
[2026-01-16T09:10:26.105+0000][gc,cpu      ] GC(969) User=0.22s Sys=0.00s Real=0.36s
[2026-01-16T09:10:27.878+0000][gc,start    ] GC(970) Pause Young (Normal) (G1 Evacuation Pause)
[2026-01-16T09:10:27.885+0000][gc,task     ] GC(970) Using 8 workers of 8 for evacuation
[2026-01-16T09:10:28.143+0000][gc,mmu      ] GC(970) MMU target violated: 201.0ms (200.0ms/201.0ms)
[2026-01-16T09:10:28.143+0000][gc,phases   ] GC(970)   Pre Evacuate Collection Set: 29.2ms
[2026-01-16T09:10:28.143+0000][gc,phases   ] GC(970)   Merge Heap Roots: 10.5ms
[2026-01-16T09:10:28.143+0000][gc,phases   ] GC(970)   Evacuate Collection Set: 193.3ms
[2026-01-16T09:10:28.144+0000][gc,phases   ] GC(970)   Post Evacuate Collection Set: 21.1ms
[2026-01-16T09:10:28.144+0000][gc,phases   ] GC(970)   Other: 4.9ms
[2026-01-16T09:10:28.144+0000][gc,heap     ] GC(970) Eden regions: 47->0(49)
[2026-01-16T09:10:28.145+0000][gc,heap     ] GC(970) Survivor regions: 4->2(7)
[2026-01-16T09:10:28.146+0000][gc,heap     ] GC(970) Old regions: 146->146
[2026-01-16T09:10:28.147+0000][gc,heap     ] GC(970) Humongous regions: 149->149
[2026-01-16T09:10:28.147+0000][gc,metaspace] GC(970) Metaspace: 15634K(16128K)->15634K(16128K) NonClass: 13952K(14144K)->13952K(14144K) Class: 1681K(1984K)->1681K(1984K)
[2026-01-16T09:10:28.159+0000][gc          ] GC(970) Pause Young (Normal) (G1 Evacuation Pause) 345M->296M(1024M) 281.448ms
[2026-01-16T09:10:28.160+0000][gc,cpu      ] GC(970) User=0.10s Sys=0.00s Real=0.28s
[2026-01-16T09:10:32.691+0000][gc,start    ] GC(971) Pause Young (Normal) (G1 Evacuation Pause)
[2026-01-16T09:10:32.697+0000][gc,task     ] GC(971) Using 8 workers of 8 for evacuation
[2026-01-16T09:10:33.217+0000][gc,mmu      ] GC(971) MMU target violated: 201.0ms (200.0ms/201.0ms)
[2026-01-16T09:10:33.225+0000][gc,phases   ] GC(971)   Pre Evacuate Collection Set: 75.0ms
[2026-01-16T09:10:33.226+0000][gc,phases   ] GC(971)   Merge Heap Roots: 6.5ms
[2026-01-16T09:10:33.227+0000][gc,phases   ] GC(971)   Evacuate Collection Set: 409.4ms
[2026-01-16T09:10:33.254+0000][gc,phases   ] GC(971)   Post Evacuate Collection Set: 15.3ms
[2026-01-16T09:10:33.255+0000][gc,phases   ] GC(971)   Other: 23.4ms
[2026-01-16T09:10:33.264+0000][gc,heap     ] GC(971) Eden regions: 49->0(49)
[2026-01-16T09:10:33.264+0000][gc,heap     ] GC(971) Survivor regions: 2->2(7)
[2026-01-16T09:10:33.265+0000][gc,heap     ] GC(971) Old regions: 146->147
[2026-01-16T09:10:33.265+0000][gc,heap     ] GC(971) Humongous regions: 149->149
[2026-01-16T09:10:33.265+0000][gc,metaspace] GC(971) Metaspace: 15634K(16128K)->15634K(16128K) NonClass: 13952K(14144K)->13952K(14144K) Class: 1681K(1984K)->1681K(1984K)
[2026-01-16T09:10:33.266+0000][gc          ] GC(971) Pause Young (Normal) (G1 Evacuation Pause) 345M->296M(1024M) 575.185ms
[2026-01-16T09:10:33.267+0000][gc,cpu      ] GC(971) User=0.33s Sys=0.01s Real=0.57s
[2026-01-16T09:10:35.271+0000][gc,start    ] GC(972) Pause Young (Normal) (G1 Evacuation Pause)
[2026-01-16T09:10:35.275+0000][gc,task     ] GC(972) Using 8 workers of 8 for evacuation
[2026-01-16T09:10:35.478+0000][gc,mmu      ] GC(972) MMU target violated: 200.2ms (200.0ms/201.0ms)
[2026-01-16T09:10:35.482+0000][gc,phases   ] GC(972)   Pre Evacuate Collection Set: 39.6ms
[2026-01-16T09:10:35.484+0000][gc,phases   ] GC(972)   Merge Heap Roots: 8.8ms
[2026-01-16T09:10:35.484+0000][gc,phases   ] GC(972)   Evacuate Collection Set: 140.1ms
[2026-01-16T09:10:35.484+0000][gc,phases   ] GC(972)   Post Evacuate Collection Set: 11.3ms
[2026-01-16T09:10:35.485+0000][gc,phases   ] GC(972)   Other: 6.8ms
[2026-01-16T09:10:35.486+0000][gc,heap     ] GC(972) Eden regions: 49->0(48)
[2026-01-16T09:10:35.487+0000][gc,heap     ] GC(972) Survivor regions: 2->3(7)
[2026-01-16T09:10:35.488+0000][gc,heap     ] GC(972) Old regions: 147->147
[2026-01-16T09:10:35.489+0000][gc,heap     ] GC(972) Humongous regions: 149->149
[2026-01-16T09:10:35.490+0000][gc,metaspace] GC(972) Metaspace: 15634K(16128K)->15634K(16128K) NonClass: 13952K(14144K)->13952K(14144K) Class: 1681K(1984K)->1681K(1984K)
[2026-01-16T09:10:35.492+0000][gc          ] GC(972) Pause Young (Normal) (G1 Evacuation Pause) 345M->297M(1024M) 219.306ms
[2026-01-16T09:10:35.494+0000][gc,cpu      ] GC(972) User=0.12s Sys=0.01s Real=0.22s
[2026-01-16T09:10:37.360+0000][gc,start    ] GC(973) Pause Young (Normal) (G1 Evacuation Pause)
[2026-01-16T09:10:37.374+0000][gc,task     ] GC(973) Using 8 workers of 8 for evacuation
[2026-01-16T09:10:37.704+0000][gc,mmu      ] GC(973) MMU target violated: 201.0ms (200.0ms/201.0ms)
[2026-01-16T09:10:37.705+0000][gc,phases   ] GC(973)   Pre Evacuate Collection Set: 61.9ms
[2026-01-16T09:10:37.707+0000][gc,phases   ] GC(973)   Merge Heap Roots: 8.1ms
[2026-01-16T09:10:37.708+0000][gc,phases   ] GC(973)   Evacuate Collection Set: 256.0ms
[2026-01-16T09:10:37.712+0000][gc,phases   ] GC(973)   Post Evacuate Collection Set: 3.0ms
[2026-01-16T09:10:37.712+0000][gc,phases   ] GC(973)   Other: 13.5ms
[2026-01-16T09:10:37.712+0000][gc,heap     ] GC(973) Eden regions: 48->0(48)
[2026-01-16T09:10:37.714+0000][gc,heap     ] GC(973) Survivor regions: 3->3(7)
[2026-01-16T09:10:37.715+0000][gc,heap     ] GC(973) Old regions: 147->147
[2026-01-16T09:10:37.716+0000][gc,heap     ] GC(973) Humongous regions: 149->149
[2026-01-16T09:10:37.719+0000][gc,metaspace] GC(973) Metaspace: 15634K(16128K)->15634K(16128K) NonClass: 13952K(14144K)->13952K(14144K) Class: 1681K(1984K)->1681K(1984K)
[2026-01-16T09:10:37.721+0000][gc          ] GC(973) Pause Young (Normal) (G1 Evacuation Pause) 345M->298M(1024M) 361.312ms
[2026-01-16T09:10:37.723+0000][gc,cpu      ] GC(973) User=0.19s Sys=0.02s Real=0.36s
[2026-01-16T09:10:39.717+0000][gc,start    ] GC(974) Pause Young (Normal) (G1 Evacuation Pause)
[2026-01-16T09:10:39.725+0000][gc,task     ] GC(974) Using 8 workers of 8 for evacuation
[2026-01-16T09:10:40.119+0000][gc,mmu      ] GC(974) MMU target violated: 201.0ms (200.0ms/201.0ms)
[2026-01-16T09:10:40.168+0000][gc,phases   ] GC(974)   Pre Evacuate Collection Set: 91.2ms
[2026-01-16T09:10:40.188+0000][gc,phases   ] GC(974)   Merge Heap Roots: 0.6ms
[2026-01-16T09:10:40.200+0000][gc,phases   ] GC(974)   Evacuate Collection Set: 251.6ms
[2026-01-16T09:10:40.205+0000][gc,phases   ] GC(974)   Post Evacuate Collection Set: 46.0ms
[2026-01-16T09:10:40.243+0000][gc,phases   ] GC(974)   Other: 53.8ms
[2026-01-16T09:10:40.244+0000][gc,heap     ] GC(974) Eden regions: 48->0(49)
[2026-01-16T09:10:40.245+0000][gc,heap     ] GC(974) Survivor regions: 3->2(7)
[2026-01-16T09:10:40.267+0000][gc,heap     ] GC(974) Old regions: 147->147
[2026-01-16T09:10:40.267+0000][gc,heap     ] GC(974) Humongous regions: 149->149
[2026-01-16T09:10:40.267+0000][gc,metaspace] GC(974) Metaspace: 15634K(16128K)->15634K(16128K) NonClass: 13952K(14144K)->13952K(14144K) Class: 1681K(1984K)->1681K(1984K)
[2026-01-16T09:10:40.267+0000][gc          ] GC(974) Pause Young (Normal) (G1 Evacuation Pause) 346M->296M(1024M) 550.745ms
[2026-01-16T09:10:40.268+0000][gc,cpu      ] GC(974) User=0.09s Sys=0.01s Real=0.55s
[2026-01-16T09:10:42.014+0000][gc,start    ] GC(975) Pause Young (Normal) (G1 Evacuation Pause)
[2026-01-16T09:10:42.019+0000][gc,task     ] GC(975) Using 8 workers of 8 for evacuation
[2026-01-16T09:10:42.131+0000][gc,phases   ] GC(975)   Pre Evacuate Collection Set: 12.8ms
[2026-01-16T09:10:42.132+0000][gc,phases   ] GC(975)   Merge Heap Roots: 4.1ms
[2026-01-16T09:10:42.132+0000][gc,phases   ] GC(975)   Evacuate Collection Set: 91.0ms
[2026-01-16T09:10:42.133+0000][gc,phases   ] GC(975)   Post Evacuate Collection Set: 3.7ms
[2026-01-16T09:10:42.133+0000][gc,phases   ] GC(975)   Other: 1.2ms
[2026-01-16T09:10:42.133+0000][gc,heap     ] GC(975) Eden regions: 49->0(49)
[2026-01-16T09:10:42.134+0000][gc,heap     ] GC(975) Survivor regions: 2->2(7)
[2026-01-16T09:10:42.134+0000][gc,heap     ] GC(975) Old regions: 147->147
[2026-01-16T09:10:42.137+0000][gc,heap     ] GC(975) Humongous regions: 149->149
[2026-01-16T09:10:42.139+0000][gc,metaspace] GC(975) Metaspace: 15634K(16128K)->15634K(16128K) NonClass: 13952K(14144K)->13952K(14144K) Class: 1681K(1984K)->1681K(1984K)
[2026-01-16T09:10:42.140+0000][gc          ] GC(975) Pause Young (Normal) (G1 Evacuation Pause) 345M->297M(1024M) 125.282ms
[2026-01-16T09:10:42.140+0000][gc,cpu      ] GC(975) User=0.08s Sys=0.00s Real=0.13s
[2026-01-16T09:10:43.829+0000][gc,start    ] GC(976) Pause Young (Normal) (G1 Evacuation Pause)
[2026-01-16T09:10:43.831+0000][gc,task     ] GC(976) Using 8 workers of 8 for evacuation
[2026-01-16T09:10:43.963+0000][gc,phases   ] GC(976)   Pre Evacuate Collection Set: 7.6ms
[2026-01-16T09:10:43.963+0000][gc,phases   ] GC(976)   Merge Heap Roots: 3.4ms
[2026-01-16T09:10:43.964+0000][gc,phases   ] GC(976)   Evacuate Collection Set: 109.7ms
[2026-01-16T09:10:43.964+0000][gc,phases   ] GC(976)   Post Evacuate Collection Set: 8.4ms
[2026-01-16T09:10:43.964+0000][gc,phases   ] GC(976)   Other: 3.4ms
[2026-01-16T09:10:43.964+0000][gc,heap     ] GC(976) Eden regions: 49->0(48)
[2026-01-16T09:10:43.965+0000][gc,heap     ] GC(976) Survivor regions: 2->3(7)
[2026-01-16T09:10:43.965+0000][gc,heap     ] GC(976) Old regions: 147->147
[2026-01-16T09:10:43.965+0000][gc,heap     ] GC(976) Humongous regions: 149->149
[2026-01-16T09:10:43.965+0000][gc,metaspace] GC(976) Metaspace: 15634K(16128K)->15634K(16128K) NonClass: 13952K(14144K)->13952K(14144K) Class: 1681K(1984K)->1681K(1984K)
[2026-01-16T09:10:43.966+0000][gc          ] GC(976) Pause Young (Normal) (G1 Evacuation Pause) 346M->297M(1024M) 136.876ms
[2026-01-16T09:10:43.966+0000][gc,cpu      ] GC(976) User=0.10s Sys=0.00s Real=0.13s
[2026-01-16T09:10:46.312+0000][gc,start    ] GC(977) Pause Young (Normal) (G1 Evacuation Pause)
[2026-01-16T09:10:46.315+0000][gc,task     ] GC(977) Using 8 workers of 8 for evacuation
[2026-01-16T09:10:46.382+0000][gc,phases   ] GC(977)   Pre Evacuate Collection Set: 11.1ms
[2026-01-16T09:10:46.383+0000][gc,phases   ] GC(977)   Merge Heap Roots: 1.4ms
[2026-01-16T09:10:46.383+0000][gc,phases   ] GC(977)   Evacuate Collection Set: 49.3ms
[2026-01-16T09:10:46.383+0000][gc,phases   ] GC(977)   Post Evacuate Collection Set: 4.2ms
[2026-01-16T09:10:46.383+0000][gc,phases   ] GC(977)   Other: 1.2ms
[2026-01-16T09:10:46.384+0000][gc,heap     ] GC(977) Eden regions: 48->0(130)
[2026-01-16T09:10:46.384+0000][gc,heap     ] GC(977) Survivor regions: 3->1(7)
[2026-01-16T09:10:46.384+0000][gc,heap     ] GC(977) Old regions: 147->147
[2026-01-16T09:10:46.384+0000][gc,heap     ] GC(977) Humongous regions: 149->149
[2026-01-16T09:10:46.385+0000][gc,metaspace] GC(977) Metaspace: 15634K(16128K)->15634K(16128K) NonClass: 13953K(14144K)->13953K(14144K) Class: 1681K(1984K)->1681K(1984K)
[2026-01-16T09:10:46.387+0000][gc          ] GC(977) Pause Young (Normal) (G1 Evacuation Pause) 345M->296M(1024M) 74.437ms
[2026-01-16T09:10:46.388+0000][gc,cpu      ] GC(977) User=0.07s Sys=0.01s Real=0.07s
[2026-01-16T09:10:55.289+0000][gc,start    ] GC(978) Pause Young (Normal) (G1 Evacuation Pause)
[2026-01-16T09:10:55.290+0000][gc,task     ] GC(978) Using 8 workers of 8 for evacuation
[2026-01-16T09:10:55.960+0000][gc,mmu      ] GC(978) MMU target violated: 201.0ms (200.0ms/201.0ms)
[2026-01-16T09:10:55.965+0000][gc,phases   ] GC(978)   Pre Evacuate Collection Set: 48.3ms
[2026-01-16T09:10:55.966+0000][gc,phases   ] GC(978)   Merge Heap Roots: 7.6ms
[2026-01-16T09:10:55.968+0000][gc,phases   ] GC(978)   Evacuate Collection Set: 581.9ms
[2026-01-16T09:10:55.968+0000][gc,phases   ] GC(978)   Post Evacuate Collection Set: 28.4ms
[2026-01-16T09:10:55.968+0000][gc,phases   ] GC(978)   Other: 9.9ms
[2026-01-16T09:10:55.968+0000][gc,heap     ] GC(978) Eden regions: 124->0(48)
[2026-01-16T09:10:55.969+0000][gc,heap     ] GC(978) Survivor regions: 1->3(16)
[2026-01-16T09:10:55.971+0000][gc,heap     ] GC(978) Old regions: 147->147
[2026-01-16T09:10:55.971+0000][gc,heap     ] GC(978) Humongous regions: 149->149
[2026-01-16T09:10:55.971+0000][gc,metaspace] GC(978) Metaspace: 15634K(16128K)->15634K(16128K) NonClass: 13953K(14144K)->13953K(14144K) Class: 1681K(1984K)->1681K(1984K)
[2026-01-16T09:10:55.972+0000][gc          ] GC(978) Pause Young (Normal) (G1 Evacuation Pause) 420M->297M(1024M) 683.079ms
[2026-01-16T09:10:55.972+0000][gc,cpu      ] GC(978) User=0.38s Sys=0.02s Real=0.69s
[2026-01-16T09:10:58.005+0000][gc,start    ] GC(979) Pause Young (Normal) (G1 Evacuation Pause)
[2026-01-16T09:10:58.010+0000][gc,task     ] GC(979) Using 8 workers of 8 for evacuation
[2026-01-16T09:10:58.288+0000][gc,mmu      ] GC(979) MMU target violated: 201.0ms (200.0ms/201.0ms)
[2026-01-16T09:10:58.290+0000][gc,phases   ] GC(979)   Pre Evacuate Collection Set: 20.7ms
[2026-01-16T09:10:58.293+0000][gc,phases   ] GC(979)   Merge Heap Roots: 0.5ms
[2026-01-16T09:10:58.295+0000][gc,phases   ] GC(979)   Evacuate Collection Set: 212.1ms
[2026-01-16T09:10:58.297+0000][gc,phases   ] GC(979)   Post Evacuate Collection Set: 43.2ms
[2026-01-16T09:10:58.298+0000][gc,phases   ] GC(979)   Other: 4.2ms
[2026-01-16T09:10:58.300+0000][gc,heap     ] GC(979) Eden regions: 48->0(47)
[2026-01-16T09:10:58.301+0000][gc,heap     ] GC(979) Survivor regions: 3->4(7)
[2026-01-16T09:10:58.302+0000][gc,heap     ] GC(979) Old regions: 147->147
[2026-01-16T09:10:58.302+0000][gc,heap     ] GC(979) Humongous regions: 149->149
[2026-01-16T09:10:58.303+0000][gc,metaspace] GC(979) Metaspace: 15634K(16128K)->15634K(16128K) NonClass: 13953K(14144K)->13953K(14144K) Class: 1681K(1984K)->1681K(1984K)
[2026-01-16T09:10:58.304+0000][gc          ] GC(979) Pause Young (Normal) (G1 Evacuation Pause) 345M->298M(1024M) 300.308ms
[2026-01-16T09:10:58.308+0000][gc,cpu      ] GC(979) User=0.16s Sys=0.01s Real=0.30s
[2026-01-16T09:11:01.729+0000][gc,start    ] GC(980) Pause Young (Normal) (G1 Evacuation Pause)
[2026-01-16T09:11:01.740+0000][gc,task     ] GC(980) Using 8 workers of 8 for evacuation
[2026-01-16T09:11:02.613+0000][gc,mmu      ] GC(980) MMU target violated: 201.0ms (200.0ms/201.0ms)
[2026-01-16T09:11:02.614+0000][gc,phases   ] GC(980)   Pre Evacuate Collection Set: 145.2ms
[2026-01-16T09:11:02.614+0000][gc,phases   ] GC(980)   Merge Heap Roots: 15.0ms
[2026-01-16T09:11:02.614+0000][gc,phases   ] GC(980)   Evacuate Collection Set: 604.1ms
[2026-01-16T09:11:02.614+0000][gc,phases   ] GC(980)   Post Evacuate Collection Set: 97.2ms
[2026-01-16T09:11:02.615+0000][gc,phases   ] GC(980)   Other: 12.4ms
[2026-01-16T09:11:02.624+0000][gc,heap     ] GC(980) Eden regions: 47->0(49)
[2026-01-16T09:11:02.636+0000][gc,heap     ] GC(980) Survivor regions: 4->2(7)
[2026-01-16T09:11:02.636+0000][gc,heap     ] GC(980) Old regions: 147->147
[2026-01-16T09:11:02.637+0000][gc,heap     ] GC(980) Humongous regions: 149->149
[2026-01-16T09:11:02.639+0000][gc,metaspace] GC(980) Metaspace: 15638K(16128K)->15638K(16128K) NonClass: 13957K(14144K)->13957K(14144K) Class: 1681K(1984K)->1681K(1984K)
[2026-01-16T09:11:02.681+0000][gc          ] GC(980) Pause Young (Normal) (G1 Evacuation Pause) 345M->296M(1024M) 952.788ms
[2026-01-16T09:11:02.691+0000][gc,cpu      ] GC(980) User=0.20s Sys=0.02s Real=0.97s
[2026-01-16T09:11:05.156+0000][gc,start    ] GC(981) Pause Young (Normal) (G1 Evacuation Pause)
[2026-01-16T09:11:05.169+0000][gc,task     ] GC(981) Using 8 workers of 8 for evacuation
[2026-01-16T09:11:05.546+0000][gc,mmu      ] GC(981) MMU target violated: 201.0ms (200.0ms/201.0ms)
[2026-01-16T09:11:05.547+0000][gc,phases   ] GC(981)   Pre Evacuate Collection Set: 41.2ms
[2026-01-16T09:11:05.547+0000][gc,phases   ] GC(981)   Merge Heap Roots: 11.6ms
[2026-01-16T09:11:05.548+0000][gc,phases   ] GC(981)   Evacuate Collection Set: 312.0ms
[2026-01-16T09:11:05.549+0000][gc,phases   ] GC(981)   Post Evacuate Collection Set: 8.2ms
[2026-01-16T09:11:05.549+0000][gc,phases   ] GC(981)   Other: 2.9ms
[2026-01-16T09:11:05.555+0000][gc,heap     ] GC(981) Eden regions: 49->0(49)
[2026-01-16T09:11:05.555+0000][gc,heap     ] GC(981) Survivor regions: 2->2(7)
[2026-01-16T09:11:05.556+0000][gc,heap     ] GC(981) Old regions: 147->147
[2026-01-16T09:11:05.557+0000][gc,heap     ] GC(981) Humongous regions: 149->149
[2026-01-16T09:11:05.558+0000][gc,metaspace] GC(981) Metaspace: 15638K(16128K)->15638K(16128K) NonClass: 13957K(14144K)->13957K(14144K) Class: 1681K(1984K)->1681K(1984K)
[2026-01-16T09:11:05.559+0000][gc          ] GC(981) Pause Young (Normal) (G1 Evacuation Pause) 345M->297M(1024M) 400.202ms
[2026-01-16T09:11:05.582+0000][gc,cpu      ] GC(981) User=0.13s Sys=0.00s Real=0.40s
[2026-01-16T09:11:06.781+0000][gc,start    ] GC(982) Pause Young (Normal) (G1 Evacuation Pause)
[2026-01-16T09:11:06.783+0000][gc,task     ] GC(982) Using 8 workers of 8 for evacuation
[2026-01-16T09:11:07.032+0000][gc,mmu      ] GC(982) MMU target violated: 201.0ms (200.0ms/201.0ms)
[2026-01-16T09:11:07.034+0000][gc,phases   ] GC(982)   Pre Evacuate Collection Set: 29.7ms
[2026-01-16T09:11:07.036+0000][gc,phases   ] GC(982)   Merge Heap Roots: 0.7ms
[2026-01-16T09:11:07.042+0000][gc,phases   ] GC(982)   Evacuate Collection Set: 186.3ms
[2026-01-16T09:11:07.045+0000][gc,phases   ] GC(982)   Post Evacuate Collection Set: 12.0ms
[2026-01-16T09:11:07.049+0000][gc,phases   ] GC(982)   Other: 21.9ms
[2026-01-16T09:11:07.051+0000][gc,heap     ] GC(982) Eden regions: 49->0(48)
[2026-01-16T09:11:07.054+0000][gc,heap     ] GC(982) Survivor regions: 2->3(7)
[2026-01-16T09:11:07.055+0000][gc,heap     ] GC(982) Old regions: 147->147
[2026-01-16T09:11:07.057+0000][gc,heap     ] GC(982) Humongous regions: 149->149
[2026-01-16T09:11:07.060+0000][gc,metaspace] GC(982) Metaspace: 15640K(16128K)->15640K(16128K) NonClass: 13959K(14144K)->13959K(14144K) Class: 1681K(1984K)->1681K(1984K)
[2026-01-16T09:11:07.060+0000][gc          ] GC(982) Pause Young (Normal) (G1 Evacuation Pause) 346M->298M(1024M) 278.688ms
[2026-01-16T09:11:07.060+0000][gc,cpu      ] GC(982) User=0.11s Sys=0.00s Real=0.27s
[2026-01-16T09:11:08.180+0000][gc,start    ] GC(983) Pause Young (Normal) (G1 Evacuation Pause)
[2026-01-16T09:11:08.191+0000][gc,task     ] GC(983) Using 8 workers of 8 for evacuation
[2026-01-16T09:11:08.355+0000][gc,phases   ] GC(983)   Pre Evacuate Collection Set: 18.4ms
[2026-01-16T09:11:08.357+0000][gc,phases   ] GC(983)   Merge Heap Roots: 0.4ms
[2026-01-16T09:11:08.358+0000][gc,phases   ] GC(983)   Evacuate Collection Set: 139.9ms
[2026-01-16T09:11:08.358+0000][gc,phases   ] GC(983)   Post Evacuate Collection Set: 4.3ms
[2026-01-16T09:11:08.359+0000][gc,phases   ] GC(983)   Other: 6.8ms
[2026-01-16T09:11:08.359+0000][gc,heap     ] GC(983) Eden regions: 48->0(47)
[2026-01-16T09:11:08.359+0000][gc,heap     ] GC(983) Survivor regions: 3->4(7)
[2026-01-16T09:11:08.360+0000][gc,heap     ] GC(983) Old regions: 147->147
[2026-01-16T09:11:08.361+0000][gc,heap     ] GC(983) Humongous regions: 149->149
[2026-01-16T09:11:08.363+0000][gc,metaspace] GC(983) Metaspace: 15640K(16128K)->15640K(16128K) NonClass: 13959K(14144K)->13959K(14144K) Class: 1681K(1984K)->1681K(1984K)
[2026-01-16T09:11:08.363+0000][gc          ] GC(983) Pause Young (Normal) (G1 Evacuation Pause) 346M->298M(1024M) 182.963ms
[2026-01-16T09:11:08.366+0000][gc,cpu      ] GC(983) User=0.09s Sys=0.00s Real=0.19s
[2026-01-16T09:11:09.139+0000][gc,start    ] GC(984) Pause Young (Normal) (G1 Evacuation Pause)
[2026-01-16T09:11:09.140+0000][gc,task     ] GC(984) Using 8 workers of 8 for evacuation
[2026-01-16T09:11:09.203+0000][gc,phases   ] GC(984)   Pre Evacuate Collection Set: 2.6ms
[2026-01-16T09:11:09.204+0000][gc,phases   ] GC(984)   Merge Heap Roots: 0.4ms
[2026-01-16T09:11:09.204+0000][gc,phases   ] GC(984)   Evacuate Collection Set: 55.3ms
[2026-01-16T09:11:09.205+0000][gc,phases   ] GC(984)   Post Evacuate Collection Set: 3.2ms
[2026-01-16T09:11:09.205+0000][gc,phases   ] GC(984)   Other: 1.5ms
[2026-01-16T09:11:09.205+0000][gc,heap     ] GC(984) Eden regions: 47->0(49)
[2026-01-16T09:11:09.205+0000][gc,heap     ] GC(984) Survivor regions: 4->2(7)
[2026-01-16T09:11:09.206+0000][gc,heap     ] GC(984) Old regions: 147->147
[2026-01-16T09:11:09.206+0000][gc,heap     ] GC(984) Humongous regions: 149->149
[2026-01-16T09:11:09.206+0000][gc,metaspace] GC(984) Metaspace: 15640K(16128K)->15640K(16128K) NonClass: 13959K(14144K)->13959K(14144K) Class: 1681K(1984K)->1681K(1984K)
[2026-01-16T09:11:09.212+0000][gc          ] GC(984) Pause Young (Normal) (G1 Evacuation Pause) 345M->296M(1024M) 72.884ms
[2026-01-16T09:11:09.213+0000][gc,cpu      ] GC(984) User=0.03s Sys=0.00s Real=0.08s
[2026-01-16T09:11:12.949+0000][gc,start    ] GC(985) Pause Young (Normal) (G1 Evacuation Pause)
[2026-01-16T09:11:12.965+0000][gc,task     ] GC(985) Using 8 workers of 8 for evacuation
[2026-01-16T09:11:13.378+0000][gc,mmu      ] GC(985) MMU target violated: 201.0ms (200.0ms/201.0ms)
[2026-01-16T09:11:13.379+0000][gc,phases   ] GC(985)   Pre Evacuate Collection Set: 117.2ms
[2026-01-16T09:11:13.380+0000][gc,phases   ] GC(985)   Merge Heap Roots: 2.1ms
[2026-01-16T09:11:13.382+0000][gc,phases   ] GC(985)   Evacuate Collection Set: 257.7ms
[2026-01-16T09:11:13.383+0000][gc,phases   ] GC(985)   Post Evacuate Collection Set: 15.3ms
[2026-01-16T09:11:13.388+0000][gc,phases   ] GC(985)   Other: 23.0ms
[2026-01-16T09:11:13.389+0000][gc,heap     ] GC(985) Eden regions: 49->0(49)
[2026-01-16T09:11:13.390+0000][gc,heap     ] GC(985) Survivor regions: 2->2(7)
[2026-01-16T09:11:13.392+0000][gc,heap     ] GC(985) Old regions: 147->147
[2026-01-16T09:11:13.392+0000][gc,heap     ] GC(985) Humongous regions: 149->149
[2026-01-16T09:11:13.394+0000][gc,metaspace] GC(985) Metaspace: 15640K(16128K)->15640K(16128K) NonClass: 13959K(14144K)->13959K(14144K) Class: 1681K(1984K)->1681K(1984K)
[2026-01-16T09:11:13.395+0000][gc          ] GC(985) Pause Young (Normal) (G1 Evacuation Pause) 345M->297M(1024M) 446.478ms
[2026-01-16T09:11:13.396+0000][gc,cpu      ] GC(985) User=0.26s Sys=0.01s Real=0.45s
[2026-01-16T09:11:17.252+0000][gc,start    ] GC(986) Pause Young (Normal) (G1 Evacuation Pause)
[2026-01-16T09:11:17.254+0000][gc,task     ] GC(986) Using 8 workers of 8 for evacuation
[2026-01-16T09:11:17.590+0000][gc,mmu      ] GC(986) MMU target violated: 201.0ms (200.0ms/201.0ms)
[2026-01-16T09:11:17.602+0000][gc,phases   ] GC(986)   Pre Evacuate Collection Set: 31.6ms
[2026-01-16T09:11:17.603+0000][gc,phases   ] GC(986)   Merge Heap Roots: 4.0ms
[2026-01-16T09:11:17.603+0000][gc,phases   ] GC(986)   Evacuate Collection Set: 284.8ms
[2026-01-16T09:11:17.604+0000][gc,phases   ] GC(986)   Post Evacuate Collection Set: 10.8ms
[2026-01-16T09:11:17.605+0000][gc,phases   ] GC(986)   Other: 16.9ms
[2026-01-16T09:11:17.606+0000][gc,heap     ] GC(986) Eden regions: 49->0(48)
[2026-01-16T09:11:17.613+0000][gc,heap     ] GC(986) Survivor regions: 2->3(7)
[2026-01-16T09:11:17.613+0000][gc,heap     ] GC(986) Old regions: 147->147
[2026-01-16T09:11:17.613+0000][gc,heap     ] GC(986) Humongous regions: 149->149
[2026-01-16T09:11:17.614+0000][gc,metaspace] GC(986) Metaspace: 15640K(16128K)->15640K(16128K) NonClass: 13959K(14144K)->13959K(14144K) Class: 1681K(1984K)->1681K(1984K)
[2026-01-16T09:11:17.615+0000][gc          ] GC(986) Pause Young (Normal) (G1 Evacuation Pause) 346M->298M(1024M) 362.764ms
[2026-01-16T09:11:17.626+0000][gc,cpu      ] GC(986) User=0.22s Sys=0.01s Real=0.37s
[2026-01-16T09:11:19.475+0000][gc,start    ] GC(987) Pause Young (Normal) (G1 Evacuation Pause)
[2026-01-16T09:11:19.477+0000][gc,task     ] GC(987) Using 8 workers of 8 for evacuation
[2026-01-16T09:11:19.736+0000][gc,mmu      ] GC(987) MMU target violated: 201.0ms (200.0ms/201.0ms)
[2026-01-16T09:11:19.738+0000][gc,phases   ] GC(987)   Pre Evacuate Collection Set: 33.8ms
[2026-01-16T09:11:19.745+0000][gc,phases   ] GC(987)   Merge Heap Roots: 7.2ms
[2026-01-16T09:11:19.747+0000][gc,phases   ] GC(987)   Evacuate Collection Set: 195.6ms
[2026-01-16T09:11:19.747+0000][gc,phases   ] GC(987)   Post Evacuate Collection Set: 20.9ms
[2026-01-16T09:11:19.747+0000][gc,phases   ] GC(987)   Other: 3.6ms
[2026-01-16T09:11:19.747+0000][gc,heap     ] GC(987) Eden regions: 48->0(59)
[2026-01-16T09:11:19.747+0000][gc,heap     ] GC(987) Survivor regions: 3->1(7)
[2026-01-16T09:11:19.748+0000][gc,heap     ] GC(987) Old regions: 147->147
[2026-01-16T09:11:19.748+0000][gc,heap     ] GC(987) Humongous regions: 149->149
[2026-01-16T09:11:19.765+0000][gc,metaspace] GC(987) Metaspace: 15640K(16128K)->15640K(16128K) NonClass: 13959K(14144K)->13959K(14144K) Class: 1681K(1984K)->1681K(1984K)
[2026-01-16T09:11:19.774+0000][gc          ] GC(987) Pause Young (Normal) (G1 Evacuation Pause) 346M->296M(1024M) 298.355ms
[2026-01-16T09:11:19.782+0000][gc,cpu      ] GC(987) User=0.09s Sys=0.01s Real=0.31s
[2026-01-16T09:11:23.328+0000][gc,start    ] GC(988) Pause Young (Normal) (G1 Evacuation Pause)
[2026-01-16T09:11:23.330+0000][gc,task     ] GC(988) Using 8 workers of 8 for evacuation
[2026-01-16T09:11:23.949+0000][gc,mmu      ] GC(988) MMU target violated: 201.0ms (200.0ms/201.0ms)
[2026-01-16T09:11:23.950+0000][gc,phases   ] GC(988)   Pre Evacuate Collection Set: 55.1ms
[2026-01-16T09:11:23.951+0000][gc,phases   ] GC(988)   Merge Heap Roots: 7.9ms
[2026-01-16T09:11:23.952+0000][gc,phases   ] GC(988)   Evacuate Collection Set: 534.9ms
[2026-01-16T09:11:23.953+0000][gc,phases   ] GC(988)   Post Evacuate Collection Set: 16.6ms
[2026-01-16T09:11:23.954+0000][gc,phases   ] GC(988)   Other: 6.4ms
[2026-01-16T09:11:23.956+0000][gc,heap     ] GC(988) Eden regions: 58->0(49)
[2026-01-16T09:11:23.957+0000][gc,heap     ] GC(988) Survivor regions: 1->2(8)
[2026-01-16T09:11:23.957+0000][gc,heap     ] GC(988) Old regions: 147->147
[2026-01-16T09:11:23.957+0000][gc,heap     ] GC(988) Humongous regions: 149->149
[2026-01-16T09:11:23.957+0000][gc,metaspace] GC(988) Metaspace: 15640K(16128K)->15640K(16128K) NonClass: 13959K(14144K)->13959K(14144K) Class: 1681K(1984K)->1681K(1984K)
[2026-01-16T09:11:23.967+0000][gc          ] GC(988) Pause Young (Normal) (G1 Evacuation Pause) 354M->297M(1024M) 638.119ms
[2026-01-16T09:11:23.971+0000][gc,cpu      ] GC(988) User=0.29s Sys=0.03s Real=0.65s
[2026-01-16T09:11:26.992+0000][gc,start    ] GC(989) Pause Young (Normal) (G1 Evacuation Pause)
[2026-01-16T09:11:26.995+0000][gc,task     ] GC(989) Using 8 workers of 8 for evacuation
[2026-01-16T09:11:27.351+0000][gc,mmu      ] GC(989) MMU target violated: 201.0ms (200.0ms/201.0ms)
[2026-01-16T09:11:27.352+0000][gc,phases   ] GC(989)   Pre Evacuate Collection Set: 52.8ms
[2026-01-16T09:11:27.352+0000][gc,phases   ] GC(989)   Merge Heap Roots: 5.7ms
[2026-01-16T09:11:27.353+0000][gc,phases   ] GC(989)   Evacuate Collection Set: 259.5ms
[2026-01-16T09:11:27.353+0000][gc,phases   ] GC(989)   Post Evacuate Collection Set: 36.3ms
[2026-01-16T09:11:27.353+0000][gc,phases   ] GC(989)   Other: 2.5ms
[2026-01-16T09:11:27.353+0000][gc,heap     ] GC(989) Eden regions: 49->0(48)
[2026-01-16T09:11:27.354+0000][gc,heap     ] GC(989) Survivor regions: 2->3(7)
[2026-01-16T09:11:27.356+0000][gc,heap     ] GC(989) Old regions: 147->147
[2026-01-16T09:11:27.358+0000][gc,heap     ] GC(989) Humongous regions: 149->149
[2026-01-16T09:11:27.358+0000][gc,metaspace] GC(989) Metaspace: 15640K(16128K)->15640K(16128K) NonClass: 13959K(14144K)->13959K(14144K) Class: 1681K(1984K)->1681K(1984K)
[2026-01-16T09:11:27.359+0000][gc          ] GC(989) Pause Young (Normal) (G1 Evacuation Pause) 346M->297M(1024M) 366.405ms
[2026-01-16T09:11:27.359+0000][gc,cpu      ] GC(989) User=0.17s Sys=0.00s Real=0.36s
[2026-01-16T09:11:28.936+0000][gc,start    ] GC(990) Pause Young (Normal) (G1 Evacuation Pause)
[2026-01-16T09:11:28.942+0000][gc,task     ] GC(990) Using 8 workers of 8 for evacuation
[2026-01-16T09:11:29.065+0000][gc,phases   ] GC(990)   Pre Evacuate Collection Set: 13.9ms
[2026-01-16T09:11:29.065+0000][gc,phases   ] GC(990)   Merge Heap Roots: 4.0ms
[2026-01-16T09:11:29.066+0000][gc,phases   ] GC(990)   Evacuate Collection Set: 87.7ms
[2026-01-16T09:11:29.066+0000][gc,phases   ] GC(990)   Post Evacuate Collection Set: 3.1ms
[2026-01-16T09:11:29.066+0000][gc,phases   ] GC(990)   Other: 18.8ms
[2026-01-16T09:11:29.067+0000][gc,heap     ] GC(990) Eden regions: 48->0(47)
[2026-01-16T09:11:29.067+0000][gc,heap     ] GC(990) Survivor regions: 3->4(7)
[2026-01-16T09:11:29.067+0000][gc,heap     ] GC(990) Old regions: 147->147
[2026-01-16T09:11:29.068+0000][gc,heap     ] GC(990) Humongous regions: 149->149
[2026-01-16T09:11:29.068+0000][gc,metaspace] GC(990) Metaspace: 15640K(16128K)->15640K(16128K) NonClass: 13959K(14144K)->13959K(14144K) Class: 1681K(1984K)->1681K(1984K)
[2026-01-16T09:11:29.069+0000][gc          ] GC(990) Pause Young (Normal) (G1 Evacuation Pause) 345M->298M(1024M) 132.860ms
[2026-01-16T09:11:29.069+0000][gc,cpu      ] GC(990) User=0.09s Sys=0.00s Real=0.13s
[2026-01-16T09:11:30.960+0000][gc,start    ] GC(991) Pause Young (Normal) (G1 Evacuation Pause)
[2026-01-16T09:11:30.966+0000][gc,task     ] GC(991) Using 8 workers of 8 for evacuation
[2026-01-16T09:11:31.285+0000][gc,mmu      ] GC(991) MMU target violated: 201.0ms (200.0ms/201.0ms)
[2026-01-16T09:11:31.287+0000][gc,phases   ] GC(991)   Pre Evacuate Collection Set: 38.3ms
[2026-01-16T09:11:31.288+0000][gc,phases   ] GC(991)   Merge Heap Roots: 8.8ms
[2026-01-16T09:11:31.288+0000][gc,phases   ] GC(991)   Evacuate Collection Set: 242.6ms
[2026-01-16T09:11:31.289+0000][gc,phases   ] GC(991)   Post Evacuate Collection Set: 25.3ms
[2026-01-16T09:11:31.292+0000][gc,phases   ] GC(991)   Other: 6.1ms
[2026-01-16T09:11:31.296+0000][gc,heap     ] GC(991) Eden regions: 47->0(49)
[2026-01-16T09:11:31.297+0000][gc,heap     ] GC(991) Survivor regions: 4->2(7)
[2026-01-16T09:11:31.301+0000][gc,heap     ] GC(991) Old regions: 147->147
[2026-01-16T09:11:31.302+0000][gc,heap     ] GC(991) Humongous regions: 149->149
[2026-01-16T09:11:31.307+0000][gc,metaspace] GC(991) Metaspace: 15641K(16128K)->15641K(16128K) NonClass: 13959K(14144K)->13959K(14144K) Class: 1681K(1984K)->1681K(1984K)
[2026-01-16T09:11:31.308+0000][gc          ] GC(991) Pause Young (Normal) (G1 Evacuation Pause) 345M->297M(1024M) 347.615ms
[2026-01-16T09:11:31.309+0000][gc,cpu      ] GC(991) User=0.10s Sys=0.02s Real=0.35s
[2026-01-16T09:11:33.116+0000][gc,start    ] GC(992) Pause Young (Normal) (G1 Evacuation Pause)
[2026-01-16T09:11:33.117+0000][gc,task     ] GC(992) Using 8 workers of 8 for evacuation
[2026-01-16T09:11:33.255+0000][gc,phases   ] GC(992)   Pre Evacuate Collection Set: 36.2ms
[2026-01-16T09:11:33.258+0000][gc,phases   ] GC(992)   Merge Heap Roots: 0.8ms
[2026-01-16T09:11:33.260+0000][gc,phases   ] GC(992)   Evacuate Collection Set: 89.4ms
[2026-01-16T09:11:33.261+0000][gc,phases   ] GC(992)   Post Evacuate Collection Set: 6.8ms
[2026-01-16T09:11:33.263+0000][gc,phases   ] GC(992)   Other: 3.9ms
[2026-01-16T09:11:33.263+0000][gc,heap     ] GC(992) Eden regions: 49->0(56)
[2026-01-16T09:11:33.264+0000][gc,heap     ] GC(992) Survivor regions: 2->2(7)
[2026-01-16T09:11:33.264+0000][gc,heap     ] GC(992) Old regions: 147->147
[2026-01-16T09:11:33.265+0000][gc,heap     ] GC(992) Humongous regions: 149->149
[2026-01-16T09:11:33.265+0000][gc,metaspace] GC(992) Metaspace: 15641K(16128K)->15641K(16128K) NonClass: 13959K(14144K)->13959K(14144K) Class: 1681K(1984K)->1681K(1984K)
[2026-01-16T09:11:33.266+0000][gc          ] GC(992) Pause Young (Normal) (G1 Evacuation Pause) 346M->297M(1024M) 149.832ms
[2026-01-16T09:11:33.267+0000][gc,cpu      ] GC(992) User=0.10s Sys=0.00s Real=0.15s
[2026-01-16T09:11:37.523+0000][gc,start    ] GC(993) Pause Young (Normal) (G1 Evacuation Pause)
[2026-01-16T09:11:37.536+0000][gc,task     ] GC(993) Using 8 workers of 8 for evacuation
[2026-01-16T09:11:37.954+0000][gc,mmu      ] GC(993) MMU target violated: 201.0ms (200.0ms/201.0ms)
[2026-01-16T09:11:37.955+0000][gc,phases   ] GC(993)   Pre Evacuate Collection Set: 38.8ms
[2026-01-16T09:11:37.955+0000][gc,phases   ] GC(993)   Merge Heap Roots: 3.6ms
[2026-01-16T09:11:37.973+0000][gc,phases   ] GC(993)   Evacuate Collection Set: 357.8ms
[2026-01-16T09:11:37.973+0000][gc,phases   ] GC(993)   Post Evacuate Collection Set: 13.4ms
[2026-01-16T09:11:37.974+0000][gc,phases   ] GC(993)   Other: 15.2ms
[2026-01-16T09:11:37.975+0000][gc,heap     ] GC(993) Eden regions: 56->0(48)
[2026-01-16T09:11:37.975+0000][gc,heap     ] GC(993) Survivor regions: 2->3(8)
[2026-01-16T09:11:37.975+0000][gc,heap     ] GC(993) Old regions: 147->147
[2026-01-16T09:11:37.976+0000][gc,heap     ] GC(993) Humongous regions: 149->149
[2026-01-16T09:11:37.976+0000][gc,metaspace] GC(993) Metaspace: 15641K(16128K)->15641K(16128K) NonClass: 13960K(14144K)->13960K(14144K) Class: 1681K(1984K)->1681K(1984K)
[2026-01-16T09:11:37.977+0000][gc          ] GC(993) Pause Young (Normal) (G1 Evacuation Pause) 353M->298M(1024M) 454.107ms
[2026-01-16T09:11:37.977+0000][gc,cpu      ] GC(993) User=0.27s Sys=0.02s Real=0.45s
[2026-01-16T09:11:39.733+0000][gc,start    ] GC(994) Pause Young (Normal) (G1 Evacuation Pause)
[2026-01-16T09:11:39.736+0000][gc,task     ] GC(994) Using 8 workers of 8 for evacuation
[2026-01-16T09:11:40.102+0000][gc,mmu      ] GC(994) MMU target violated: 201.0ms (200.0ms/201.0ms)
[2026-01-16T09:11:40.104+0000][gc,phases   ] GC(994)   Pre Evacuate Collection Set: 39.6ms
[2026-01-16T09:11:40.105+0000][gc,phases   ] GC(994)   Merge Heap Roots: 9.1ms
[2026-01-16T09:11:40.110+0000][gc,phases   ] GC(994)   Evacuate Collection Set: 305.1ms
[2026-01-16T09:11:40.110+0000][gc,phases   ] GC(994)   Post Evacuate Collection Set: 9.2ms
[2026-01-16T09:11:40.111+0000][gc,phases   ] GC(994)   Other: 5.8ms
[2026-01-16T09:11:40.111+0000][gc,heap     ] GC(994) Eden regions: 48->0(50)
[2026-01-16T09:11:40.112+0000][gc,heap     ] GC(994) Survivor regions: 3->1(7)
[2026-01-16T09:11:40.117+0000][gc,heap     ] GC(994) Old regions: 147->147
[2026-01-16T09:11:40.119+0000][gc,heap     ] GC(994) Humongous regions: 149->149
[2026-01-16T09:11:40.121+0000][gc,metaspace] GC(994) Metaspace: 15641K(16128K)->15641K(16128K) NonClass: 13960K(14144K)->13960K(14144K) Class: 1681K(1984K)->1681K(1984K)
[2026-01-16T09:11:40.169+0000][gc          ] GC(994) Pause Young (Normal) (G1 Evacuation Pause) 346M->296M(1024M) 436.229ms
[2026-01-16T09:11:40.172+0000][gc,cpu      ] GC(994) User=0.13s Sys=0.02s Real=0.44s
[2026-01-16T09:11:42.204+0000][gc,start    ] GC(995) Pause Young (Normal) (G1 Evacuation Pause)
[2026-01-16T09:11:42.209+0000][gc,task     ] GC(995) Using 8 workers of 8 for evacuation
[2026-01-16T09:11:42.438+0000][gc,mmu      ] GC(995) MMU target violated: 201.0ms (200.0ms/201.0ms)
[2026-01-16T09:11:42.440+0000][gc,phases   ] GC(995)   Pre Evacuate Collection Set: 17.5ms
[2026-01-16T09:11:42.442+0000][gc,phases   ] GC(995)   Merge Heap Roots: 2.4ms
[2026-01-16T09:11:42.443+0000][gc,phases   ] GC(995)   Evacuate Collection Set: 199.5ms
[2026-01-16T09:11:42.445+0000][gc,phases   ] GC(995)   Post Evacuate Collection Set: 7.4ms
[2026-01-16T09:11:42.446+0000][gc,phases   ] GC(995)   Other: 4.7ms
[2026-01-16T09:11:42.446+0000][gc,heap     ] GC(995) Eden regions: 50->0(49)
[2026-01-16T09:11:42.451+0000][gc,heap     ] GC(995) Survivor regions: 1->2(7)
[2026-01-16T09:11:42.453+0000][gc,heap     ] GC(995) Old regions: 147->147
[2026-01-16T09:11:42.472+0000][gc,heap     ] GC(995) Humongous regions: 149->149
[2026-01-16T09:11:42.473+0000][gc,metaspace] GC(995) Metaspace: 15641K(16128K)->15641K(16128K) NonClass: 13960K(14144K)->13960K(14144K) Class: 1681K(1984K)->1681K(1984K)
[2026-01-16T09:11:42.473+0000][gc          ] GC(995) Pause Young (Normal) (G1 Evacuation Pause) 346M->297M(1024M) 269.312ms
[2026-01-16T09:11:42.480+0000][gc,cpu      ] GC(995) User=0.09s Sys=0.01s Real=0.27s
[2026-01-16T09:11:44.285+0000][gc,start    ] GC(996) Pause Young (Normal) (G1 Evacuation Pause)
[2026-01-16T09:11:44.287+0000][gc,task     ] GC(996) Using 8 workers of 8 for evacuation
[2026-01-16T09:11:44.509+0000][gc,mmu      ] GC(996) MMU target violated: 201.0ms (200.0ms/201.0ms)
[2026-01-16T09:11:44.510+0000][gc,phases   ] GC(996)   Pre Evacuate Collection Set: 26.9ms
[2026-01-16T09:11:44.512+0000][gc,phases   ] GC(996)   Merge Heap Roots: 6.5ms
[2026-01-16T09:11:44.512+0000][gc,phases   ] GC(996)   Evacuate Collection Set: 178.5ms
[2026-01-16T09:11:44.513+0000][gc,phases   ] GC(996)   Post Evacuate Collection Set: 7.5ms
[2026-01-16T09:11:44.513+0000][gc,phases   ] GC(996)   Other: 3.4ms
[2026-01-16T09:11:44.513+0000][gc,heap     ] GC(996) Eden regions: 49->0(48)
[2026-01-16T09:11:44.513+0000][gc,heap     ] GC(996) Survivor regions: 2->3(7)
[2026-01-16T09:11:44.513+0000][gc,heap     ] GC(996) Old regions: 147->147
[2026-01-16T09:11:44.514+0000][gc,heap     ] GC(996) Humongous regions: 149->149
[2026-01-16T09:11:44.514+0000][gc,metaspace] GC(996) Metaspace: 15641K(16128K)->15641K(16128K) NonClass: 13960K(14144K)->13960K(14144K) Class: 1681K(1984K)->1681K(1984K)
[2026-01-16T09:11:44.514+0000][gc          ] GC(996) Pause Young (Normal) (G1 Evacuation Pause) 346M->297M(1024M) 229.746ms
[2026-01-16T09:11:44.514+0000][gc,cpu      ] GC(996) User=0.11s Sys=0.00s Real=0.23s
[2026-01-16T09:11:46.494+0000][gc,start    ] GC(997) Pause Young (Normal) (G1 Evacuation Pause)
[2026-01-16T09:11:46.500+0000][gc,task     ] GC(997) Using 8 workers of 8 for evacuation
[2026-01-16T09:11:46.661+0000][gc,phases   ] GC(997)   Pre Evacuate Collection Set: 33.2ms
[2026-01-16T09:11:46.665+0000][gc,phases   ] GC(997)   Merge Heap Roots: 2.9ms
[2026-01-16T09:11:46.666+0000][gc,phases   ] GC(997)   Evacuate Collection Set: 109.2ms
[2026-01-16T09:11:46.668+0000][gc,phases   ] GC(997)   Post Evacuate Collection Set: 4.9ms
[2026-01-16T09:11:46.668+0000][gc,phases   ] GC(997)   Other: 12.0ms
[2026-01-16T09:11:46.668+0000][gc,heap     ] GC(997) Eden regions: 48->0(124)
[2026-01-16T09:11:46.668+0000][gc,heap     ] GC(997) Survivor regions: 3->1(7)
[2026-01-16T09:11:46.669+0000][gc,heap     ] GC(997) Old regions: 147->147
[2026-01-16T09:11:46.669+0000][gc,heap     ] GC(997) Humongous regions: 149->149
[2026-01-16T09:11:46.669+0000][gc,metaspace] GC(997) Metaspace: 15642K(16128K)->15642K(16128K) NonClass: 13960K(14144K)->13960K(14144K) Class: 1681K(1984K)->1681K(1984K)
[2026-01-16T09:11:46.670+0000][gc          ] GC(997) Pause Young (Normal) (G1 Evacuation Pause) 345M->296M(1024M) 176.594ms
[2026-01-16T09:11:46.671+0000][gc,cpu      ] GC(997) User=0.07s Sys=0.01s Real=0.18s
[2026-01-16T09:11:54.396+0000][gc,start    ] GC(998) Pause Young (Normal) (G1 Evacuation Pause)
[2026-01-16T09:11:54.401+0000][gc,task     ] GC(998) Using 8 workers of 8 for evacuation
[2026-01-16T09:11:54.994+0000][gc,mmu      ] GC(998) MMU target violated: 201.0ms (200.0ms/201.0ms)
[2026-01-16T09:11:54.996+0000][gc,phases   ] GC(998)   Pre Evacuate Collection Set: 50.8ms
[2026-01-16T09:11:54.998+0000][gc,phases   ] GC(998)   Merge Heap Roots: 5.9ms
[2026-01-16T09:11:55.001+0000][gc,phases   ] GC(998)   Evacuate Collection Set: 489.0ms
[2026-01-16T09:11:55.004+0000][gc,phases   ] GC(998)   Post Evacuate Collection Set: 42.7ms
[2026-01-16T09:11:55.006+0000][gc,phases   ] GC(998)   Other: 5.9ms
[2026-01-16T09:11:55.007+0000][gc,heap     ] GC(998) Eden regions: 112->0(49)
[2026-01-16T09:11:55.007+0000][gc,heap     ] GC(998) Survivor regions: 1->2(15)
[2026-01-16T09:11:55.007+0000][gc,heap     ] GC(998) Old regions: 147->147
[2026-01-16T09:11:55.007+0000][gc,heap     ] GC(998) Humongous regions: 149->149
[2026-01-16T09:11:55.010+0000][gc,metaspace] GC(998) Metaspace: 15642K(16128K)->15642K(16128K) NonClass: 13960K(14144K)->13960K(14144K) Class: 1681K(1984K)->1681K(1984K)
[2026-01-16T09:11:55.011+0000][gc          ] GC(998) Pause Young (Normal) (G1 Evacuation Pause) 408M->297M(1024M) 615.098ms
[2026-01-16T09:11:55.012+0000][gc,cpu      ] GC(998) User=0.26s Sys=0.03s Real=0.62s
[2026-01-16T09:11:57.454+0000][gc,start    ] GC(999) Pause Young (Normal) (G1 Evacuation Pause)
[2026-01-16T09:11:57.456+0000][gc,task     ] GC(999) Using 8 workers of 8 for evacuation
[2026-01-16T09:11:57.673+0000][gc,mmu      ] GC(999) MMU target violated: 201.0ms (200.0ms/201.0ms)
[2026-01-16T09:11:57.674+0000][gc,phases   ] GC(999)   Pre Evacuate Collection Set: 22.2ms
[2026-01-16T09:11:57.674+0000][gc,phases   ] GC(999)   Merge Heap Roots: 0.8ms
[2026-01-16T09:11:57.674+0000][gc,phases   ] GC(999)   Evacuate Collection Set: 184.9ms
[2026-01-16T09:11:57.674+0000][gc,phases   ] GC(999)   Post Evacuate Collection Set: 6.8ms
[2026-01-16T09:11:57.675+0000][gc,phases   ] GC(999)   Other: 4.2ms
[2026-01-16T09:11:57.675+0000][gc,heap     ] GC(999) Eden regions: 49->0(48)
[2026-01-16T09:11:57.675+0000][gc,heap     ] GC(999) Survivor regions: 2->3(7)
[2026-01-16T09:11:57.687+0000][gc,heap     ] GC(999) Old regions: 147->147
[2026-01-16T09:11:57.687+0000][gc,heap     ] GC(999) Humongous regions: 149->149
[2026-01-16T09:11:57.687+0000][gc,metaspace] GC(999) Metaspace: 15642K(16128K)->15642K(16128K) NonClass: 13960K(14144K)->13960K(14144K) Class: 1681K(1984K)->1681K(1984K)
[2026-01-16T09:11:57.694+0000][gc          ] GC(999) Pause Young (Normal) (G1 Evacuation Pause) 346M->298M(1024M) 239.779ms
[2026-01-16T09:11:57.695+0000][gc,cpu      ] GC(999) User=0.13s Sys=0.01s Real=0.24s
[2026-01-16T09:11:58.426+0000][gc,start    ] GC(1000) Pause Young (Normal) (G1 Evacuation Pause)
[2026-01-16T09:11:58.428+0000][gc,task     ] GC(1000) Using 8 workers of 8 for evacuation
[2026-01-16T09:11:58.475+0000][gc,phases   ] GC(1000)   Pre Evacuate Collection Set: 1.5ms
[2026-01-16T09:11:58.477+0000][gc,phases   ] GC(1000)   Merge Heap Roots: 0.9ms
[2026-01-16T09:11:58.477+0000][gc,phases   ] GC(1000)   Evacuate Collection Set: 41.0ms
[2026-01-16T09:11:58.478+0000][gc,phases   ] GC(1000)   Post Evacuate Collection Set: 1.5ms
[2026-01-16T09:11:58.479+0000][gc,phases   ] GC(1000)   Other: 2.5ms
[2026-01-16T09:11:58.479+0000][gc,heap     ] GC(1000) Eden regions: 48->0(81)
[2026-01-16T09:11:58.480+0000][gc,heap     ] GC(1000) Survivor regions: 3->2(7)
[2026-01-16T09:11:58.480+0000][gc,heap     ] GC(1000) Old regions: 147->147
[2026-01-16T09:11:58.482+0000][gc,heap     ] GC(1000) Humongous regions: 149->149
[2026-01-16T09:11:58.484+0000][gc,metaspace] GC(1000) Metaspace: 15642K(16128K)->15642K(16128K) NonClass: 13960K(14144K)->13960K(14144K) Class: 1681K(1984K)->1681K(1984K)
[2026-01-16T09:11:58.484+0000][gc          ] GC(1000) Pause Young (Normal) (G1 Evacuation Pause) 346M->296M(1024M) 58.312ms
[2026-01-16T09:11:58.486+0000][gc,cpu      ] GC(1000) User=0.03s Sys=0.00s Real=0.06s
[2026-01-16T09:12:02.871+0000][gc,start    ] GC(1001) Pause Young (Normal) (G1 Evacuation Pause)
[2026-01-16T09:12:02.931+0000][gc,task     ] GC(1001) Using 8 workers of 8 for evacuation
[2026-01-16T09:12:03.644+0000][gc,mmu      ] GC(1001) MMU target violated: 201.0ms (200.0ms/201.0ms)
[2026-01-16T09:12:03.666+0000][gc,phases   ] GC(1001)   Pre Evacuate Collection Set: 93.6ms
[2026-01-16T09:12:03.666+0000][gc,phases   ] GC(1001)   Merge Heap Roots: 9.6ms
[2026-01-16T09:12:03.667+0000][gc,phases   ] GC(1001)   Evacuate Collection Set: 518.0ms
[2026-01-16T09:12:03.668+0000][gc,phases   ] GC(1001)   Post Evacuate Collection Set: 66.3ms
[2026-01-16T09:12:03.669+0000][gc,phases   ] GC(1001)   Other: 44.5ms
[2026-01-16T09:12:03.670+0000][gc,heap     ] GC(1001) Eden regions: 84->0(49)
[2026-01-16T09:12:03.670+0000][gc,heap     ] GC(1001) Survivor regions: 2->2(11)
[2026-01-16T09:12:03.672+0000][gc,heap     ] GC(1001) Old regions: 147->147
[2026-01-16T09:12:03.683+0000][gc,heap     ] GC(1001) Humongous regions: 149->149
[2026-01-16T09:12:03.686+0000][gc,metaspace] GC(1001) Metaspace: 15642K(16128K)->15642K(16128K) NonClass: 13960K(14144K)->13960K(14144K) Class: 1681K(1984K)->1681K(1984K)
[2026-01-16T09:12:03.688+0000][gc          ] GC(1001) Pause Young (Normal) (G1 Evacuation Pause) 380M->297M(1024M) 816.819ms
[2026-01-16T09:12:03.690+0000][gc,cpu      ] GC(1001) User=0.38s Sys=0.05s Real=0.82s
[2026-01-16T09:12:06.101+0000][gc,start    ] GC(1002) Pause Young (Normal) (G1 Evacuation Pause)
[2026-01-16T09:12:06.102+0000][gc,task     ] GC(1002) Using 8 workers of 8 for evacuation
[2026-01-16T09:12:06.249+0000][gc,phases   ] GC(1002)   Pre Evacuate Collection Set: 16.2ms
[2026-01-16T09:12:06.250+0000][gc,phases   ] GC(1002)   Merge Heap Roots: 2.6ms
[2026-01-16T09:12:06.250+0000][gc,phases   ] GC(1002)   Evacuate Collection Set: 121.4ms
[2026-01-16T09:12:06.251+0000][gc,phases   ] GC(1002)   Post Evacuate Collection Set: 3.5ms
[2026-01-16T09:12:06.251+0000][gc,phases   ] GC(1002)   Other: 3.6ms
[2026-01-16T09:12:06.251+0000][gc,heap     ] GC(1002) Eden regions: 49->0(48)
[2026-01-16T09:12:06.252+0000][gc,heap     ] GC(1002) Survivor regions: 2->3(7)
[2026-01-16T09:12:06.253+0000][gc,heap     ] GC(1002) Old regions: 147->147
[2026-01-16T09:12:06.254+0000][gc,heap     ] GC(1002) Humongous regions: 149->149
[2026-01-16T09:12:06.254+0000][gc,metaspace] GC(1002) Metaspace: 15642K(16128K)->15642K(16128K) NonClass: 13960K(14144K)->13960K(14144K) Class: 1681K(1984K)->1681K(1984K)
[2026-01-16T09:12:06.254+0000][gc          ] GC(1002) Pause Young (Normal) (G1 Evacuation Pause) 346M->298M(1024M) 153.655ms
[2026-01-16T09:12:06.255+0000][gc,cpu      ] GC(1002) User=0.11s Sys=0.00s Real=0.16s
[2026-01-16T09:12:07.997+0000][gc,start    ] GC(1003) Pause Young (Normal) (G1 Evacuation Pause)
[2026-01-16T09:12:07.999+0000][gc,task     ] GC(1003) Using 8 workers of 8 for evacuation
[2026-01-16T09:12:08.113+0000][gc,phases   ] GC(1003)   Pre Evacuate Collection Set: 26.0ms
[2026-01-16T09:12:08.113+0000][gc,phases   ] GC(1003)   Merge Heap Roots: 4.9ms
[2026-01-16T09:12:08.113+0000][gc,phases   ] GC(1003)   Evacuate Collection Set: 79.2ms
[2026-01-16T09:12:08.113+0000][gc,phases   ] GC(1003)   Post Evacuate Collection Set: 1.9ms
[2026-01-16T09:12:08.113+0000][gc,phases   ] GC(1003)   Other: 1.4ms
[2026-01-16T09:12:08.115+0000][gc,heap     ] GC(1003) Eden regions: 48->0(93)
[2026-01-16T09:12:08.115+0000][gc,heap     ] GC(1003) Survivor regions: 3->1(7)
[2026-01-16T09:12:08.115+0000][gc,heap     ] GC(1003) Old regions: 147->147
[2026-01-16T09:12:08.116+0000][gc,heap     ] GC(1003) Humongous regions: 149->149
[2026-01-16T09:12:08.116+0000][gc,metaspace] GC(1003) Metaspace: 15642K(16128K)->15642K(16128K) NonClass: 13960K(14144K)->13960K(14144K) Class: 1681K(1984K)->1681K(1984K)
[2026-01-16T09:12:08.116+0000][gc          ] GC(1003) Pause Young (Normal) (G1 Evacuation Pause) 346M->296M(1024M) 119.329ms
[2026-01-16T09:12:08.116+0000][gc,cpu      ] GC(1003) User=0.08s Sys=0.00s Real=0.12s
[2026-01-16T09:12:11.553+0000][gc,start    ] GC(1004) Pause Young (Normal) (G1 Evacuation Pause)
[2026-01-16T09:12:11.556+0000][gc,task     ] GC(1004) Using 8 workers of 8 for evacuation
[2026-01-16T09:12:12.254+0000][gc,mmu      ] GC(1004) MMU target violated: 201.0ms (200.0ms/201.0ms)
[2026-01-16T09:12:12.257+0000][gc,phases   ] GC(1004)   Pre Evacuate Collection Set: 28.7ms
[2026-01-16T09:12:12.257+0000][gc,phases   ] GC(1004)   Merge Heap Roots: 2.0ms
[2026-01-16T09:12:12.279+0000][gc,phases   ] GC(1004)   Evacuate Collection Set: 615.8ms
[2026-01-16T09:12:12.279+0000][gc,phases   ] GC(1004)   Post Evacuate Collection Set: 1.7ms
[2026-01-16T09:12:12.279+0000][gc,phases   ] GC(1004)   Other: 53.1ms
[2026-01-16T09:12:12.284+0000][gc,heap     ] GC(1004) Eden regions: 84->0(48)
[2026-01-16T09:12:12.290+0000][gc,heap     ] GC(1004) Survivor regions: 1->3(11)
[2026-01-16T09:12:12.290+0000][gc,heap     ] GC(1004) Old regions: 147->147
[2026-01-16T09:12:12.291+0000][gc,heap     ] GC(1004) Humongous regions: 149->149
[2026-01-16T09:12:12.291+0000][gc,metaspace] GC(1004) Metaspace: 15642K(16128K)->15642K(16128K) NonClass: 13960K(14144K)->13960K(14144K) Class: 1681K(1984K)->1681K(1984K)
[2026-01-16T09:12:12.303+0000][gc          ] GC(1004) Pause Young (Normal) (G1 Evacuation Pause) 380M->297M(1024M) 749.907ms
[2026-01-16T09:12:12.304+0000][gc,cpu      ] GC(1004) User=0.20s Sys=0.02s Real=0.75s
[2026-01-16T09:12:14.312+0000][gc,start    ] GC(1005) Pause Young (Normal) (G1 Evacuation Pause)
[2026-01-16T09:12:14.316+0000][gc,task     ] GC(1005) Using 8 workers of 8 for evacuation
[2026-01-16T09:12:14.605+0000][gc,mmu      ] GC(1005) MMU target violated: 201.0ms (200.0ms/201.0ms)
[2026-01-16T09:12:14.606+0000][gc,phases   ] GC(1005)   Pre Evacuate Collection Set: 67.7ms
[2026-01-16T09:12:14.607+0000][gc,phases   ] GC(1005)   Merge Heap Roots: 13.6ms
[2026-01-16T09:12:14.607+0000][gc,phases   ] GC(1005)   Evacuate Collection Set: 180.0ms
[2026-01-16T09:12:14.608+0000][gc,phases   ] GC(1005)   Post Evacuate Collection Set: 19.1ms
[2026-01-16T09:12:14.612+0000][gc,phases   ] GC(1005)   Other: 11.2ms
[2026-01-16T09:12:14.614+0000][gc,heap     ] GC(1005) Eden regions: 48->0(50)
[2026-01-16T09:12:14.615+0000][gc,heap     ] GC(1005) Survivor regions: 3->1(7)
[2026-01-16T09:12:14.615+0000][gc,heap     ] GC(1005) Old regions: 147->147
[2026-01-16T09:12:14.615+0000][gc,heap     ] GC(1005) Humongous regions: 149->149
[2026-01-16T09:12:14.616+0000][gc,metaspace] GC(1005) Metaspace: 15642K(16128K)->15642K(16128K) NonClass: 13960K(14144K)->13960K(14144K) Class: 1681K(1984K)->1681K(1984K)
[2026-01-16T09:12:14.616+0000][gc          ] GC(1005) Pause Young (Normal) (G1 Evacuation Pause) 345M->296M(1024M) 304.880ms
[2026-01-16T09:12:14.617+0000][gc,cpu      ] GC(1005) User=0.07s Sys=0.00s Real=0.31s
[2026-01-16T09:12:18.200+0000][gc,start    ] GC(1006) Pause Young (Normal) (G1 Evacuation Pause)
[2026-01-16T09:12:18.209+0000][gc,task     ] GC(1006) Using 8 workers of 8 for evacuation
[2026-01-16T09:12:18.606+0000][gc,mmu      ] GC(1006) MMU target violated: 201.0ms (200.0ms/201.0ms)
[2026-01-16T09:12:18.615+0000][gc,phases   ] GC(1006)   Pre Evacuate Collection Set: 42.0ms
[2026-01-16T09:12:18.616+0000][gc,phases   ] GC(1006)   Merge Heap Roots: 16.1ms
[2026-01-16T09:12:18.619+0000][gc,phases   ] GC(1006)   Evacuate Collection Set: 314.8ms
[2026-01-16T09:12:18.620+0000][gc,phases   ] GC(1006)   Post Evacuate Collection Set: 22.8ms
[2026-01-16T09:12:18.622+0000][gc,phases   ] GC(1006)   Other: 10.5ms
[2026-01-16T09:12:18.624+0000][gc,heap     ] GC(1006) Eden regions: 52->0(50)
[2026-01-16T09:12:18.624+0000][gc,heap     ] GC(1006) Survivor regions: 1->1(7)
[2026-01-16T09:12:18.625+0000][gc,heap     ] GC(1006) Old regions: 147->147
[2026-01-16T09:12:18.625+0000][gc,heap     ] GC(1006) Humongous regions: 149->149
[2026-01-16T09:12:18.637+0000][gc,metaspace] GC(1006) Metaspace: 15642K(16128K)->15642K(16128K) NonClass: 13960K(14144K)->13960K(14144K) Class: 1681K(1984K)->1681K(1984K)
[2026-01-16T09:12:18.650+0000][gc          ] GC(1006) Pause Young (Normal) (G1 Evacuation Pause) 348M->296M(1024M) 449.907ms
[2026-01-16T09:12:18.656+0000][gc,cpu      ] GC(1006) User=0.19s Sys=0.01s Real=0.45s
[2026-01-16T09:12:20.862+0000][gc,start    ] GC(1007) Pause Young (Normal) (G1 Evacuation Pause)
[2026-01-16T09:12:20.871+0000][gc,task     ] GC(1007) Using 8 workers of 8 for evacuation
[2026-01-16T09:12:21.140+0000][gc,mmu      ] GC(1007) MMU target violated: 201.0ms (200.0ms/201.0ms)
[2026-01-16T09:12:21.142+0000][gc,phases   ] GC(1007)   Pre Evacuate Collection Set: 44.7ms
[2026-01-16T09:12:21.142+0000][gc,phases   ] GC(1007)   Merge Heap Roots: 0.4ms
[2026-01-16T09:12:21.142+0000][gc,phases   ] GC(1007)   Evacuate Collection Set: 217.8ms
[2026-01-16T09:12:21.146+0000][gc,phases   ] GC(1007)   Post Evacuate Collection Set: 4.9ms
[2026-01-16T09:12:21.146+0000][gc,phases   ] GC(1007)   Other: 3.3ms
[2026-01-16T09:12:21.147+0000][gc,heap     ] GC(1007) Eden regions: 50->0(49)
[2026-01-16T09:12:21.147+0000][gc,heap     ] GC(1007) Survivor regions: 1->2(7)
[2026-01-16T09:12:21.147+0000][gc,heap     ] GC(1007) Old regions: 147->147
[2026-01-16T09:12:21.148+0000][gc,heap     ] GC(1007) Humongous regions: 149->149
[2026-01-16T09:12:21.148+0000][gc,metaspace] GC(1007) Metaspace: 15648K(16128K)->15648K(16128K) NonClass: 13966K(14144K)->13966K(14144K) Class: 1681K(1984K)->1681K(1984K)
[2026-01-16T09:12:21.148+0000][gc          ] GC(1007) Pause Young (Normal) (G1 Evacuation Pause) 346M->297M(1024M) 286.319ms
[2026-01-16T09:12:21.149+0000][gc,cpu      ] GC(1007) User=0.12s Sys=0.01s Real=0.29s
[2026-01-16T09:12:22.979+0000][gc,start    ] GC(1008) Pause Young (Normal) (G1 Evacuation Pause)
[2026-01-16T09:12:22.981+0000][gc,task     ] GC(1008) Using 8 workers of 8 for evacuation
[2026-01-16T09:12:23.227+0000][gc,mmu      ] GC(1008) MMU target violated: 201.0ms (200.0ms/201.0ms)
[2026-01-16T09:12:23.238+0000][gc,phases   ] GC(1008)   Pre Evacuate Collection Set: 18.6ms
[2026-01-16T09:12:23.239+0000][gc,phases   ] GC(1008)   Merge Heap Roots: 7.6ms
[2026-01-16T09:12:23.242+0000][gc,phases   ] GC(1008)   Evacuate Collection Set: 204.5ms
[2026-01-16T09:12:23.247+0000][gc,phases   ] GC(1008)   Post Evacuate Collection Set: 13.2ms
[2026-01-16T09:12:23.249+0000][gc,phases   ] GC(1008)   Other: 13.4ms
[2026-01-16T09:12:23.249+0000][gc,heap     ] GC(1008) Eden regions: 49->0(48)
[2026-01-16T09:12:23.250+0000][gc,heap     ] GC(1008) Survivor regions: 2->3(7)
[2026-01-16T09:12:23.254+0000][gc,heap     ] GC(1008) Old regions: 147->147
[2026-01-16T09:12:23.255+0000][gc,heap     ] GC(1008) Humongous regions: 149->149
[2026-01-16T09:12:23.256+0000][gc,metaspace] GC(1008) Metaspace: 15648K(16128K)->15648K(16128K) NonClass: 13966K(14144K)->13966K(14144K) Class: 1681K(1984K)->1681K(1984K)
[2026-01-16T09:12:23.257+0000][gc          ] GC(1008) Pause Young (Normal) (G1 Evacuation Pause) 346M->298M(1024M) 277.466ms
[2026-01-16T09:12:23.259+0000][gc,cpu      ] GC(1008) User=0.16s Sys=0.01s Real=0.28s
[2026-01-16T09:12:25.956+0000][gc,start    ] GC(1009) Pause Young (Normal) (G1 Evacuation Pause)
[2026-01-16T09:12:25.963+0000][gc,task     ] GC(1009) Using 8 workers of 8 for evacuation
[2026-01-16T09:12:26.098+0000][gc,phases   ] GC(1009)   Pre Evacuate Collection Set: 23.1ms
[2026-01-16T09:12:26.100+0000][gc,phases   ] GC(1009)   Merge Heap Roots: 2.3ms
[2026-01-16T09:12:26.100+0000][gc,phases   ] GC(1009)   Evacuate Collection Set: 100.0ms
[2026-01-16T09:12:26.101+0000][gc,phases   ] GC(1009)   Post Evacuate Collection Set: 6.6ms
[2026-01-16T09:12:26.102+0000][gc,phases   ] GC(1009)   Other: 2.7ms
[2026-01-16T09:12:26.102+0000][gc,heap     ] GC(1009) Eden regions: 48->0(91)
[2026-01-16T09:12:26.103+0000][gc,heap     ] GC(1009) Survivor regions: 3->1(7)
[2026-01-16T09:12:26.105+0000][gc,heap     ] GC(1009) Old regions: 147->147
[2026-01-16T09:12:26.106+0000][gc,heap     ] GC(1009) Humongous regions: 149->149
[2026-01-16T09:12:26.110+0000][gc,metaspace] GC(1009) Metaspace: 15651K(16128K)->15651K(16128K) NonClass: 13970K(14144K)->13970K(14144K) Class: 1681K(1984K)->1681K(1984K)
[2026-01-16T09:12:26.112+0000][gc          ] GC(1009) Pause Young (Normal) (G1 Evacuation Pause) 346M->296M(1024M) 155.581ms
[2026-01-16T09:12:26.113+0000][gc,cpu      ] GC(1009) User=0.07s Sys=0.00s Real=0.15s
[2026-01-16T09:12:32.636+0000][gc,start    ] GC(1010) Pause Young (Normal) (G1 Evacuation Pause)
[2026-01-16T09:12:32.638+0000][gc,task     ] GC(1010) Using 8 workers of 8 for evacuation
[2026-01-16T09:12:33.062+0000][gc,mmu      ] GC(1010) MMU target violated: 201.0ms (200.0ms/201.0ms)
[2026-01-16T09:12:33.065+0000][gc,phases   ] GC(1010)   Pre Evacuate Collection Set: 47.2ms
[2026-01-16T09:12:33.066+0000][gc,phases   ] GC(1010)   Merge Heap Roots: 1.6ms
[2026-01-16T09:12:33.066+0000][gc,phases   ] GC(1010)   Evacuate Collection Set: 355.2ms
[2026-01-16T09:12:33.067+0000][gc,phases   ] GC(1010)   Post Evacuate Collection Set: 14.5ms
[2026-01-16T09:12:33.067+0000][gc,phases   ] GC(1010)   Other: 9.5ms
[2026-01-16T09:12:33.067+0000][gc,heap     ] GC(1010) Eden regions: 86->0(49)
[2026-01-16T09:12:33.067+0000][gc,heap     ] GC(1010) Survivor regions: 1->2(11)
[2026-01-16T09:12:33.067+0000][gc,heap     ] GC(1010) Old regions: 147->147
[2026-01-16T09:12:33.067+0000][gc,heap     ] GC(1010) Humongous regions: 149->149
[2026-01-16T09:12:33.067+0000][gc,metaspace] GC(1010) Metaspace: 15651K(16128K)->15651K(16128K) NonClass: 13970K(14144K)->13970K(14144K) Class: 1681K(1984K)->1681K(1984K)
[2026-01-16T09:12:33.068+0000][gc          ] GC(1010) Pause Young (Normal) (G1 Evacuation Pause) 382M->297M(1024M) 431.291ms
[2026-01-16T09:12:33.068+0000][gc,cpu      ] GC(1010) User=0.44s Sys=0.04s Real=0.43s
[2026-01-16T09:12:36.033+0000][gc,start    ] GC(1011) Pause Young (Normal) (G1 Evacuation Pause)
[2026-01-16T09:12:36.037+0000][gc,task     ] GC(1011) Using 8 workers of 8 for evacuation
[2026-01-16T09:12:36.227+0000][gc,phases   ] GC(1011)   Pre Evacuate Collection Set: 13.6ms
[2026-01-16T09:12:36.231+0000][gc,phases   ] GC(1011)   Merge Heap Roots: 1.0ms
[2026-01-16T09:12:36.231+0000][gc,phases   ] GC(1011)   Evacuate Collection Set: 162.5ms
[2026-01-16T09:12:36.232+0000][gc,phases   ] GC(1011)   Post Evacuate Collection Set: 12.3ms
[2026-01-16T09:12:36.232+0000][gc,phases   ] GC(1011)   Other: 1.0ms
[2026-01-16T09:12:36.233+0000][gc,heap     ] GC(1011) Eden regions: 49->0(48)
[2026-01-16T09:12:36.233+0000][gc,heap     ] GC(1011) Survivor regions: 2->3(7)
[2026-01-16T09:12:36.234+0000][gc,heap     ] GC(1011) Old regions: 147->147
[2026-01-16T09:12:36.235+0000][gc,heap     ] GC(1011) Humongous regions: 149->149
[2026-01-16T09:12:36.236+0000][gc,metaspace] GC(1011) Metaspace: 15661K(16192K)->15661K(16192K) NonClass: 13979K(14208K)->13979K(14208K) Class: 1681K(1984K)->1681K(1984K)
[2026-01-16T09:12:36.238+0000][gc          ] GC(1011) Pause Young (Normal) (G1 Evacuation Pause) 346M->298M(1024M) 204.674ms
[2026-01-16T09:12:36.239+0000][gc,cpu      ] GC(1011) User=0.14s Sys=0.01s Real=0.21s
[2026-01-16T09:12:37.579+0000][gc,start    ] GC(1012) Pause Young (Normal) (G1 Evacuation Pause)
[2026-01-16T09:12:37.581+0000][gc,task     ] GC(1012) Using 8 workers of 8 for evacuation
[2026-01-16T09:12:37.727+0000][gc,phases   ] GC(1012)   Pre Evacuate Collection Set: 9.7ms
[2026-01-16T09:12:37.729+0000][gc,phases   ] GC(1012)   Merge Heap Roots: 29.9ms
[2026-01-16T09:12:37.730+0000][gc,phases   ] GC(1012)   Evacuate Collection Set: 102.2ms
[2026-01-16T09:12:37.731+0000][gc,phases   ] GC(1012)   Post Evacuate Collection Set: 2.9ms
[2026-01-16T09:12:37.732+0000][gc,phases   ] GC(1012)   Other: 1.7ms
[2026-01-16T09:12:37.732+0000][gc,heap     ] GC(1012) Eden regions: 48->0(48)
[2026-01-16T09:12:37.733+0000][gc,heap     ] GC(1012) Survivor regions: 3->3(7)
[2026-01-16T09:12:37.733+0000][gc,heap     ] GC(1012) Old regions: 147->147
[2026-01-16T09:12:37.734+0000][gc,heap     ] GC(1012) Humongous regions: 149->149
[2026-01-16T09:12:37.735+0000][gc,metaspace] GC(1012) Metaspace: 15661K(16192K)->15661K(16192K) NonClass: 13979K(14208K)->13979K(14208K) Class: 1681K(1984K)->1681K(1984K)
[2026-01-16T09:12:37.736+0000][gc          ] GC(1012) Pause Young (Normal) (G1 Evacuation Pause) 346M->298M(1024M) 157.079ms
[2026-01-16T09:12:37.740+0000][gc,cpu      ] GC(1012) User=0.11s Sys=0.00s Real=0.16s
[2026-01-16T09:12:40.420+0000][gc,start    ] GC(1013) Pause Young (Normal) (G1 Evacuation Pause)
[2026-01-16T09:12:40.430+0000][gc,task     ] GC(1013) Using 8 workers of 8 for evacuation
[2026-01-16T09:12:40.535+0000][gc,phases   ] GC(1013)   Pre Evacuate Collection Set: 12.9ms
[2026-01-16T09:12:40.539+0000][gc,phases   ] GC(1013)   Merge Heap Roots: 0.5ms
[2026-01-16T09:12:40.539+0000][gc,phases   ] GC(1013)   Evacuate Collection Set: 80.1ms
[2026-01-16T09:12:40.540+0000][gc,phases   ] GC(1013)   Post Evacuate Collection Set: 3.5ms
[2026-01-16T09:12:40.540+0000][gc,phases   ] GC(1013)   Other: 6.9ms
[2026-01-16T09:12:40.552+0000][gc,heap     ] GC(1013) Eden regions: 48->0(94)
[2026-01-16T09:12:40.557+0000][gc,heap     ] GC(1013) Survivor regions: 3->2(7)
[2026-01-16T09:12:40.559+0000][gc,heap     ] GC(1013) Old regions: 147->147
[2026-01-16T09:12:40.570+0000][gc,heap     ] GC(1013) Humongous regions: 149->149
[2026-01-16T09:12:40.571+0000][gc,metaspace] GC(1013) Metaspace: 15663K(16192K)->15663K(16192K) NonClass: 13981K(14208K)->13981K(14208K) Class: 1681K(1984K)->1681K(1984K)
[2026-01-16T09:12:40.596+0000][gc          ] GC(1013) Pause Young (Normal) (G1 Evacuation Pause) 346M->297M(1024M) 176.165ms
[2026-01-16T09:12:40.608+0000][gc,cpu      ] GC(1013) User=0.08s Sys=0.01s Real=0.19s
[2026-01-16T09:12:44.741+0000][gc,start    ] GC(1014) Pause Young (Normal) (G1 Evacuation Pause)
[2026-01-16T09:12:44.754+0000][gc,task     ] GC(1014) Using 8 workers of 8 for evacuation
[2026-01-16T09:12:45.117+0000][gc,mmu      ] GC(1014) MMU target violated: 201.0ms (200.0ms/201.0ms)
[2026-01-16T09:12:45.119+0000][gc,phases   ] GC(1014)   Pre Evacuate Collection Set: 30.1ms
[2026-01-16T09:12:45.119+0000][gc,phases   ] GC(1014)   Merge Heap Roots: 15.0ms
[2026-01-16T09:12:45.124+0000][gc,phases   ] GC(1014)   Evacuate Collection Set: 300.0ms
[2026-01-16T09:12:45.131+0000][gc,phases   ] GC(1014)   Post Evacuate Collection Set: 14.9ms
[2026-01-16T09:12:45.132+0000][gc,phases   ] GC(1014)   Other: 8.8ms
[2026-01-16T09:12:45.133+0000][gc,heap     ] GC(1014) Eden regions: 84->0(48)
[2026-01-16T09:12:45.133+0000][gc,heap     ] GC(1014) Survivor regions: 2->3(11)
[2026-01-16T09:12:45.138+0000][gc,heap     ] GC(1014) Old regions: 147->147
[2026-01-16T09:12:45.139+0000][gc,heap     ] GC(1014) Humongous regions: 149->149
[2026-01-16T09:12:45.140+0000][gc,metaspace] GC(1014) Metaspace: 15663K(16192K)->15663K(16192K) NonClass: 13981K(14208K)->13981K(14208K) Class: 1681K(1984K)->1681K(1984K)
[2026-01-16T09:12:45.147+0000][gc          ] GC(1014) Pause Young (Normal) (G1 Evacuation Pause) 381M->298M(1024M) 406.331ms
[2026-01-16T09:12:45.148+0000][gc,cpu      ] GC(1014) User=0.20s Sys=0.00s Real=0.41s
[2026-01-16T09:12:47.038+0000][gc,start    ] GC(1015) Pause Young (Normal) (G1 Evacuation Pause)
[2026-01-16T09:12:47.039+0000][gc,task     ] GC(1015) Using 8 workers of 8 for evacuation
[2026-01-16T09:12:47.128+0000][gc,phases   ] GC(1015)   Pre Evacuate Collection Set: 16.9ms
[2026-01-16T09:12:47.129+0000][gc,phases   ] GC(1015)   Merge Heap Roots: 4.8ms
[2026-01-16T09:12:47.131+0000][gc,phases   ] GC(1015)   Evacuate Collection Set: 60.8ms
[2026-01-16T09:12:47.131+0000][gc,phases   ] GC(1015)   Post Evacuate Collection Set: 5.5ms
[2026-01-16T09:12:47.132+0000][gc,phases   ] GC(1015)   Other: 0.9ms
[2026-01-16T09:12:47.133+0000][gc,heap     ] GC(1015) Eden regions: 48->0(79)
[2026-01-16T09:12:47.134+0000][gc,heap     ] GC(1015) Survivor regions: 3->1(7)
[2026-01-16T09:12:47.134+0000][gc,heap     ] GC(1015) Old regions: 147->147
[2026-01-16T09:12:47.135+0000][gc,heap     ] GC(1015) Humongous regions: 149->149
[2026-01-16T09:12:47.135+0000][gc,metaspace] GC(1015) Metaspace: 15663K(16192K)->15663K(16192K) NonClass: 13982K(14208K)->13982K(14208K) Class: 1681K(1984K)->1681K(1984K)
[2026-01-16T09:12:47.136+0000][gc          ] GC(1015) Pause Young (Normal) (G1 Evacuation Pause) 346M->296M(1024M) 98.203ms
[2026-01-16T09:12:47.137+0000][gc,cpu      ] GC(1015) User=0.06s Sys=0.00s Real=0.10s
[2026-01-16T09:12:50.993+0000][gc,start    ] GC(1016) Pause Young (Normal) (G1 Evacuation Pause)
[2026-01-16T09:12:50.999+0000][gc,task     ] GC(1016) Using 8 workers of 8 for evacuation
[2026-01-16T09:12:51.379+0000][gc,mmu      ] GC(1016) MMU target violated: 201.0ms (200.0ms/201.0ms)
[2026-01-16T09:12:51.380+0000][gc,phases   ] GC(1016)   Pre Evacuate Collection Set: 34.9ms
[2026-01-16T09:12:51.381+0000][gc,phases   ] GC(1016)   Merge Heap Roots: 6.7ms
[2026-01-16T09:12:51.381+0000][gc,phases   ] GC(1016)   Evacuate Collection Set: 326.3ms
[2026-01-16T09:12:51.382+0000][gc,phases   ] GC(1016)   Post Evacuate Collection Set: 11.1ms
[2026-01-16T09:12:51.382+0000][gc,phases   ] GC(1016)   Other: 1.3ms
[2026-01-16T09:12:51.385+0000][gc,heap     ] GC(1016) Eden regions: 80->0(49)
[2026-01-16T09:12:51.387+0000][gc,heap     ] GC(1016) Survivor regions: 1->2(11)
[2026-01-16T09:12:51.389+0000][gc,heap     ] GC(1016) Old regions: 147->147
[2026-01-16T09:12:51.393+0000][gc,heap     ] GC(1016) Humongous regions: 149->149
[2026-01-16T09:12:51.393+0000][gc,metaspace] GC(1016) Metaspace: 15663K(16192K)->15663K(16192K) NonClass: 13982K(14208K)->13982K(14208K) Class: 1681K(1984K)->1681K(1984K)
[2026-01-16T09:12:51.393+0000][gc          ] GC(1016) Pause Young (Normal) (G1 Evacuation Pause) 376M->297M(1024M) 400.889ms
[2026-01-16T09:12:51.394+0000][gc,cpu      ] GC(1016) User=0.19s Sys=0.01s Real=0.40s
[2026-01-16T09:12:53.999+0000][gc,start    ] GC(1017) Pause Young (Normal) (G1 Evacuation Pause)
[2026-01-16T09:12:54.001+0000][gc,task     ] GC(1017) Using 8 workers of 8 for evacuation
[2026-01-16T09:12:54.428+0000][gc,mmu      ] GC(1017) MMU target violated: 201.0ms (200.0ms/201.0ms)
[2026-01-16T09:12:54.429+0000][gc,phases   ] GC(1017)   Pre Evacuate Collection Set: 74.7ms
[2026-01-16T09:12:54.429+0000][gc,phases   ] GC(1017)   Merge Heap Roots: 5.2ms
[2026-01-16T09:12:54.430+0000][gc,phases   ] GC(1017)   Evacuate Collection Set: 330.4ms
[2026-01-16T09:12:54.431+0000][gc,phases   ] GC(1017)   Post Evacuate Collection Set: 14.2ms
[2026-01-16T09:12:54.432+0000][gc,phases   ] GC(1017)   Other: 4.0ms
[2026-01-16T09:12:54.433+0000][gc,heap     ] GC(1017) Eden regions: 49->0(48)
[2026-01-16T09:12:54.433+0000][gc,heap     ] GC(1017) Survivor regions: 2->3(7)
[2026-01-16T09:12:54.433+0000][gc,heap     ] GC(1017) Old regions: 147->147
[2026-01-16T09:12:54.434+0000][gc,heap     ] GC(1017) Humongous regions: 149->149
[2026-01-16T09:12:54.434+0000][gc,metaspace] GC(1017) Metaspace: 15663K(16192K)->15663K(16192K) NonClass: 13982K(14208K)->13982K(14208K) Class: 1681K(1984K)->1681K(1984K)
[2026-01-16T09:12:54.435+0000][gc          ] GC(1017) Pause Young (Normal) (G1 Evacuation Pause) 346M->298M(1024M) 435.587ms
[2026-01-16T09:12:54.436+0000][gc,cpu      ] GC(1017) User=0.19s Sys=0.01s Real=0.44s
[2026-01-16T09:12:57.460+0000][gc,start    ] GC(1018) Pause Young (Normal) (G1 Evacuation Pause)
[2026-01-16T09:12:57.462+0000][gc,task     ] GC(1018) Using 8 workers of 8 for evacuation
[2026-01-16T09:12:57.650+0000][gc,phases   ] GC(1018)   Pre Evacuate Collection Set: 28.0ms
[2026-01-16T09:12:57.652+0000][gc,phases   ] GC(1018)   Merge Heap Roots: 4.8ms
[2026-01-16T09:12:57.652+0000][gc,phases   ] GC(1018)   Evacuate Collection Set: 132.2ms
[2026-01-16T09:12:57.652+0000][gc,phases   ] GC(1018)   Post Evacuate Collection Set: 16.5ms
[2026-01-16T09:12:57.653+0000][gc,phases   ] GC(1018)   Other: 6.4ms
[2026-01-16T09:12:57.655+0000][gc,heap     ] GC(1018) Eden regions: 48->0(62)
[2026-01-16T09:12:57.658+0000][gc,heap     ] GC(1018) Survivor regions: 3->1(7)
[2026-01-16T09:12:57.660+0000][gc,heap     ] GC(1018) Old regions: 147->147
[2026-01-16T09:12:57.660+0000][gc,heap     ] GC(1018) Humongous regions: 149->149
[2026-01-16T09:12:57.660+0000][gc,metaspace] GC(1018) Metaspace: 15670K(16192K)->15670K(16192K) NonClass: 13989K(14208K)->13989K(14208K) Class: 1681K(1984K)->1681K(1984K)
[2026-01-16T09:12:57.661+0000][gc          ] GC(1018) Pause Young (Normal) (G1 Evacuation Pause) 346M->296M(1024M) 201.015ms
[2026-01-16T09:12:57.662+0000][gc,cpu      ] GC(1018) User=0.08s Sys=0.00s Real=0.20s
[2026-01-16T09:13:01.157+0000][gc,start    ] GC(1019) Pause Young (Normal) (G1 Evacuation Pause)
[2026-01-16T09:13:01.169+0000][gc,task     ] GC(1019) Using 8 workers of 8 for evacuation
[2026-01-16T09:13:01.924+0000][gc,mmu      ] GC(1019) MMU target violated: 201.0ms (200.0ms/201.0ms)
[2026-01-16T09:13:01.930+0000][gc,phases   ] GC(1019)   Pre Evacuate Collection Set: 44.2ms
[2026-01-16T09:13:01.931+0000][gc,phases   ] GC(1019)   Merge Heap Roots: 11.8ms
[2026-01-16T09:13:01.932+0000][gc,phases   ] GC(1019)   Evacuate Collection Set: 681.1ms
[2026-01-16T09:13:01.934+0000][gc,phases   ] GC(1019)   Post Evacuate Collection Set: 15.4ms
[2026-01-16T09:13:01.934+0000][gc,phases   ] GC(1019)   Other: 15.8ms
[2026-01-16T09:13:01.935+0000][gc,heap     ] GC(1019) Eden regions: 62->0(49)
[2026-01-16T09:13:01.935+0000][gc,heap     ] GC(1019) Survivor regions: 1->2(8)
[2026-01-16T09:13:01.935+0000][gc,heap     ] GC(1019) Old regions: 147->147
[2026-01-16T09:13:01.935+0000][gc,heap     ] GC(1019) Humongous regions: 149->149
[2026-01-16T09:13:01.937+0000][gc,metaspace] GC(1019) Metaspace: 15670K(16192K)->15670K(16192K) NonClass: 13989K(14208K)->13989K(14208K) Class: 1681K(1984K)->1681K(1984K)
[2026-01-16T09:13:01.937+0000][gc          ] GC(1019) Pause Young (Normal) (G1 Evacuation Pause) 358M->297M(1024M) 779.641ms
[2026-01-16T09:13:01.937+0000][gc,cpu      ] GC(1019) User=0.23s Sys=0.01s Real=0.78s
[2026-01-16T09:13:05.740+0000][gc,start    ] GC(1020) Pause Young (Normal) (G1 Evacuation Pause)
[2026-01-16T09:13:05.752+0000][gc,task     ] GC(1020) Using 8 workers of 8 for evacuation
[2026-01-16T09:13:06.183+0000][gc,mmu      ] GC(1020) MMU target violated: 201.0ms (200.0ms/201.0ms)
[2026-01-16T09:13:06.188+0000][gc,phases   ] GC(1020)   Pre Evacuate Collection Set: 38.7ms
[2026-01-16T09:13:06.188+0000][gc,phases   ] GC(1020)   Merge Heap Roots: 4.1ms
[2026-01-16T09:13:06.189+0000][gc,phases   ] GC(1020)   Evacuate Collection Set: 364.0ms
[2026-01-16T09:13:06.193+0000][gc,phases   ] GC(1020)   Post Evacuate Collection Set: 21.1ms
[2026-01-16T09:13:06.193+0000][gc,phases   ] GC(1020)   Other: 8.7ms
[2026-01-16T09:13:06.195+0000][gc,heap     ] GC(1020) Eden regions: 49->0(48)
[2026-01-16T09:13:06.196+0000][gc,heap     ] GC(1020) Survivor regions: 2->3(7)
[2026-01-16T09:13:06.197+0000][gc,heap     ] GC(1020) Old regions: 147->147
[2026-01-16T09:13:06.218+0000][gc,heap     ] GC(1020) Humongous regions: 149->149
[2026-01-16T09:13:06.221+0000][gc,metaspace] GC(1020) Metaspace: 15670K(16192K)->15670K(16192K) NonClass: 13989K(14208K)->13989K(14208K) Class: 1681K(1984K)->1681K(1984K)
[2026-01-16T09:13:06.228+0000][gc          ] GC(1020) Pause Young (Normal) (G1 Evacuation Pause) 346M->298M(1024M) 488.683ms
[2026-01-16T09:13:06.237+0000][gc,cpu      ] GC(1020) User=0.27s Sys=0.01s Real=0.50s
[2026-01-16T09:13:07.961+0000][gc,start    ] GC(1021) Pause Young (Normal) (G1 Evacuation Pause)
[2026-01-16T09:13:07.970+0000][gc,task     ] GC(1021) Using 8 workers of 8 for evacuation
[2026-01-16T09:13:08.254+0000][gc,mmu      ] GC(1021) MMU target violated: 201.0ms (200.0ms/201.0ms)
[2026-01-16T09:13:08.258+0000][gc,phases   ] GC(1021)   Pre Evacuate Collection Set: 32.0ms
[2026-01-16T09:13:08.259+0000][gc,phases   ] GC(1021)   Merge Heap Roots: 0.4ms
[2026-01-16T09:13:08.260+0000][gc,phases   ] GC(1021)   Evacuate Collection Set: 235.8ms
[2026-01-16T09:13:08.263+0000][gc,phases   ] GC(1021)   Post Evacuate Collection Set: 12.8ms
[2026-01-16T09:13:08.264+0000][gc,phases   ] GC(1021)   Other: 7.4ms
[2026-01-16T09:13:08.265+0000][gc,heap     ] GC(1021) Eden regions: 48->0(48)
[2026-01-16T09:13:08.266+0000][gc,heap     ] GC(1021) Survivor regions: 3->3(7)
[2026-01-16T09:13:08.267+0000][gc,heap     ] GC(1021) Old regions: 147->147
[2026-01-16T09:13:08.268+0000][gc,heap     ] GC(1021) Humongous regions: 149->149
[2026-01-16T09:13:08.268+0000][gc,metaspace] GC(1021) Metaspace: 15670K(16192K)->15670K(16192K) NonClass: 13989K(14208K)->13989K(14208K) Class: 1681K(1984K)->1681K(1984K)
[2026-01-16T09:13:08.270+0000][gc          ] GC(1021) Pause Young (Normal) (G1 Evacuation Pause) 346M->298M(1024M) 307.855ms
[2026-01-16T09:13:08.271+0000][gc,cpu      ] GC(1021) User=0.13s Sys=0.01s Real=0.31s
[2026-01-16T09:13:09.693+0000][gc,start    ] GC(1022) Pause Young (Normal) (G1 Evacuation Pause)
[2026-01-16T09:13:09.700+0000][gc,task     ] GC(1022) Using 8 workers of 8 for evacuation
[2026-01-16T09:13:09.882+0000][gc,phases   ] GC(1022)   Pre Evacuate Collection Set: 25.5ms
[2026-01-16T09:13:09.885+0000][gc,phases   ] GC(1022)   Merge Heap Roots: 0.9ms
[2026-01-16T09:13:09.888+0000][gc,phases   ] GC(1022)   Evacuate Collection Set: 138.4ms
[2026-01-16T09:13:09.888+0000][gc,phases   ] GC(1022)   Post Evacuate Collection Set: 7.0ms
[2026-01-16T09:13:09.889+0000][gc,phases   ] GC(1022)   Other: 10.6ms
[2026-01-16T09:13:09.889+0000][gc,heap     ] GC(1022) Eden regions: 48->0(49)
[2026-01-16T09:13:09.891+0000][gc,heap     ] GC(1022) Survivor regions: 3->2(7)
[2026-01-16T09:13:09.900+0000][gc,heap     ] GC(1022) Old regions: 147->147
[2026-01-16T09:13:09.900+0000][gc,heap     ] GC(1022) Humongous regions: 149->149
[2026-01-16T09:13:09.902+0000][gc,metaspace] GC(1022) Metaspace: 15670K(16192K)->15670K(16192K) NonClass: 13989K(14208K)->13989K(14208K) Class: 1681K(1984K)->1681K(1984K)
[2026-01-16T09:13:09.902+0000][gc          ] GC(1022) Pause Young (Normal) (G1 Evacuation Pause) 346M->297M(1024M) 208.988ms
[2026-01-16T09:13:09.902+0000][gc,cpu      ] GC(1022) User=0.09s Sys=0.01s Real=0.21s
[2026-01-16T09:13:11.837+0000][gc,start    ] GC(1023) Pause Young (Normal) (G1 Evacuation Pause)
[2026-01-16T09:13:11.840+0000][gc,task     ] GC(1023) Using 8 workers of 8 for evacuation
[2026-01-16T09:13:12.067+0000][gc,mmu      ] GC(1023) MMU target violated: 201.0ms (200.0ms/201.0ms)
[2026-01-16T09:13:12.069+0000][gc,phases   ] GC(1023)   Pre Evacuate Collection Set: 41.4ms
[2026-01-16T09:13:12.070+0000][gc,phases   ] GC(1023)   Merge Heap Roots: 13.8ms
[2026-01-16T09:13:12.070+0000][gc,phases   ] GC(1023)   Evacuate Collection Set: 150.2ms
[2026-01-16T09:13:12.071+0000][gc,phases   ] GC(1023)   Post Evacuate Collection Set: 5.9ms
[2026-01-16T09:13:12.072+0000][gc,phases   ] GC(1023)   Other: 17.6ms
[2026-01-16T09:13:12.073+0000][gc,heap     ] GC(1023) Eden regions: 49->0(49)
[2026-01-16T09:13:12.073+0000][gc,heap     ] GC(1023) Survivor regions: 2->2(7)
[2026-01-16T09:13:12.076+0000][gc,heap     ] GC(1023) Old regions: 147->147
[2026-01-16T09:13:12.077+0000][gc,heap     ] GC(1023) Humongous regions: 149->149
[2026-01-16T09:13:12.078+0000][gc,metaspace] GC(1023) Metaspace: 15670K(16192K)->15670K(16192K) NonClass: 13989K(14208K)->13989K(14208K) Class: 1681K(1984K)->1681K(1984K)
[2026-01-16T09:13:12.079+0000][gc          ] GC(1023) Pause Young (Normal) (G1 Evacuation Pause) 346M->297M(1024M) 241.896ms
[2026-01-16T09:13:12.079+0000][gc,cpu      ] GC(1023) User=0.10s Sys=0.01s Real=0.24s
[2026-01-16T09:13:14.209+0000][gc,start    ] GC(1024) Pause Young (Normal) (G1 Evacuation Pause)
[2026-01-16T09:13:14.213+0000][gc,task     ] GC(1024) Using 8 workers of 8 for evacuation
[2026-01-16T09:13:14.407+0000][gc,phases   ] GC(1024)   Pre Evacuate Collection Set: 16.1ms
[2026-01-16T09:13:14.408+0000][gc,phases   ] GC(1024)   Merge Heap Roots: 4.1ms
[2026-01-16T09:13:14.408+0000][gc,phases   ] GC(1024)   Evacuate Collection Set: 165.0ms
[2026-01-16T09:13:14.408+0000][gc,phases   ] GC(1024)   Post Evacuate Collection Set: 6.5ms
[2026-01-16T09:13:14.408+0000][gc,phases   ] GC(1024)   Other: 2.3ms
[2026-01-16T09:13:14.409+0000][gc,heap     ] GC(1024) Eden regions: 49->0(48)
[2026-01-16T09:13:14.412+0000][gc,heap     ] GC(1024) Survivor regions: 2->3(7)
[2026-01-16T09:13:14.413+0000][gc,heap     ] GC(1024) Old regions: 147->147
[2026-01-16T09:13:14.416+0000][gc,heap     ] GC(1024) Humongous regions: 149->149
[2026-01-16T09:13:14.416+0000][gc,metaspace] GC(1024) Metaspace: 15670K(16192K)->15670K(16192K) NonClass: 13989K(14208K)->13989K(14208K) Class: 1681K(1984K)->1681K(1984K)
[2026-01-16T09:13:14.418+0000][gc          ] GC(1024) Pause Young (Normal) (G1 Evacuation Pause) 346M->298M(1024M) 208.965ms
[2026-01-16T09:13:14.421+0000][gc,cpu      ] GC(1024) User=0.12s Sys=0.02s Real=0.21s
[2026-01-16T09:13:16.479+0000][gc,start    ] GC(1025) Pause Young (Normal) (G1 Evacuation Pause)
[2026-01-16T09:13:16.485+0000][gc,task     ] GC(1025) Using 8 workers of 8 for evacuation
[2026-01-16T09:13:16.684+0000][gc,phases   ] GC(1025)   Pre Evacuate Collection Set: 29.3ms
[2026-01-16T09:13:16.685+0000][gc,phases   ] GC(1025)   Merge Heap Roots: 12.8ms
[2026-01-16T09:13:16.687+0000][gc,phases   ] GC(1025)   Evacuate Collection Set: 149.2ms
[2026-01-16T09:13:16.688+0000][gc,phases   ] GC(1025)   Post Evacuate Collection Set: 5.0ms
[2026-01-16T09:13:16.690+0000][gc,phases   ] GC(1025)   Other: 2.8ms
[2026-01-16T09:13:16.691+0000][gc,heap     ] GC(1025) Eden regions: 48->0(98)
[2026-01-16T09:13:16.692+0000][gc,heap     ] GC(1025) Survivor regions: 3->1(7)
[2026-01-16T09:13:16.692+0000][gc,heap     ] GC(1025) Old regions: 147->148
[2026-01-16T09:13:16.692+0000][gc,heap     ] GC(1025) Humongous regions: 149->149
[2026-01-16T09:13:16.694+0000][gc,metaspace] GC(1025) Metaspace: 15670K(16192K)->15670K(16192K) NonClass: 13989K(14208K)->13989K(14208K) Class: 1681K(1984K)->1681K(1984K)
[2026-01-16T09:13:16.697+0000][gc          ] GC(1025) Pause Young (Normal) (G1 Evacuation Pause) 346M->296M(1024M) 218.266ms
[2026-01-16T09:13:16.697+0000][gc,cpu      ] GC(1025) User=0.08s Sys=0.00s Real=0.23s
[2026-01-16T09:13:20.813+0000][gc,start    ] GC(1026) Pause Young (Normal) (G1 Evacuation Pause)
[2026-01-16T09:13:20.827+0000][gc,task     ] GC(1026) Using 8 workers of 8 for evacuation
[2026-01-16T09:13:21.045+0000][gc,mmu      ] GC(1026) MMU target violated: 201.0ms (200.0ms/201.0ms)
[2026-01-16T09:13:21.045+0000][gc,phases   ] GC(1026)   Pre Evacuate Collection Set: 38.6ms
[2026-01-16T09:13:21.045+0000][gc,phases   ] GC(1026)   Merge Heap Roots: 4.5ms
[2026-01-16T09:13:21.046+0000][gc,phases   ] GC(1026)   Evacuate Collection Set: 166.2ms
[2026-01-16T09:13:21.046+0000][gc,phases   ] GC(1026)   Post Evacuate Collection Set: 6.0ms
[2026-01-16T09:13:21.046+0000][gc,phases   ] GC(1026)   Other: 6.1ms
[2026-01-16T09:13:21.048+0000][gc,heap     ] GC(1026) Eden regions: 87->0(49)
[2026-01-16T09:13:21.049+0000][gc,heap     ] GC(1026) Survivor regions: 1->2(11)
[2026-01-16T09:13:21.050+0000][gc,heap     ] GC(1026) Old regions: 148->148
[2026-01-16T09:13:21.050+0000][gc,heap     ] GC(1026) Humongous regions: 149->149
[2026-01-16T09:13:21.050+0000][gc,metaspace] GC(1026) Metaspace: 15670K(16192K)->15670K(16192K) NonClass: 13989K(14208K)->13989K(14208K) Class: 1681K(1984K)->1681K(1984K)
[2026-01-16T09:13:21.051+0000][gc          ] GC(1026) Pause Young (Normal) (G1 Evacuation Pause) 383M->297M(1024M) 238.499ms
[2026-01-16T09:13:21.052+0000][gc,cpu      ] GC(1026) User=0.18s Sys=0.00s Real=0.24s
[2026-01-16T09:13:22.771+0000][gc,start    ] GC(1027) Pause Young (Normal) (G1 Evacuation Pause)
[2026-01-16T09:13:22.772+0000][gc,task     ] GC(1027) Using 8 workers of 8 for evacuation
[2026-01-16T09:13:22.908+0000][gc,phases   ] GC(1027)   Pre Evacuate Collection Set: 16.6ms
[2026-01-16T09:13:22.911+0000][gc,phases   ] GC(1027)   Merge Heap Roots: 10.6ms
[2026-01-16T09:13:22.914+0000][gc,phases   ] GC(1027)   Evacuate Collection Set: 88.8ms
[2026-01-16T09:13:22.915+0000][gc,phases   ] GC(1027)   Post Evacuate Collection Set: 13.7ms
[2026-01-16T09:13:22.915+0000][gc,phases   ] GC(1027)   Other: 4.1ms
[2026-01-16T09:13:22.916+0000][gc,heap     ] GC(1027) Eden regions: 49->0(48)
[2026-01-16T09:13:22.916+0000][gc,heap     ] GC(1027) Survivor regions: 2->3(7)
[2026-01-16T09:13:22.916+0000][gc,heap     ] GC(1027) Old regions: 148->148
[2026-01-16T09:13:22.917+0000][gc,heap     ] GC(1027) Humongous regions: 149->149
[2026-01-16T09:13:22.917+0000][gc,metaspace] GC(1027) Metaspace: 15670K(16192K)->15670K(16192K) NonClass: 13989K(14208K)->13989K(14208K) Class: 1681K(1984K)->1681K(1984K)
[2026-01-16T09:13:22.918+0000][gc          ] GC(1027) Pause Young (Normal) (G1 Evacuation Pause) 346M->298M(1024M) 146.608ms
[2026-01-16T09:13:22.918+0000][gc,cpu      ] GC(1027) User=0.11s Sys=0.00s Real=0.15s
[2026-01-16T09:13:25.268+0000][gc,start    ] GC(1028) Pause Young (Normal) (G1 Evacuation Pause)
[2026-01-16T09:13:25.272+0000][gc,task     ] GC(1028) Using 8 workers of 8 for evacuation
[2026-01-16T09:13:25.350+0000][gc,phases   ] GC(1028)   Pre Evacuate Collection Set: 11.2ms
[2026-01-16T09:13:25.354+0000][gc,phases   ] GC(1028)   Merge Heap Roots: 3.5ms
[2026-01-16T09:13:25.355+0000][gc,phases   ] GC(1028)   Evacuate Collection Set: 55.8ms
[2026-01-16T09:13:25.355+0000][gc,phases   ] GC(1028)   Post Evacuate Collection Set: 6.1ms
[2026-01-16T09:13:25.360+0000][gc,phases   ] GC(1028)   Other: 1.4ms
[2026-01-16T09:13:25.361+0000][gc,heap     ] GC(1028) Eden regions: 48->0(203)
[2026-01-16T09:13:25.362+0000][gc,heap     ] GC(1028) Survivor regions: 3->1(7)
[2026-01-16T09:13:25.363+0000][gc,heap     ] GC(1028) Old regions: 148->148
[2026-01-16T09:13:25.364+0000][gc,heap     ] GC(1028) Humongous regions: 149->149
[2026-01-16T09:13:25.365+0000][gc,metaspace] GC(1028) Metaspace: 15670K(16192K)->15670K(16192K) NonClass: 13989K(14208K)->13989K(14208K) Class: 1681K(1984K)->1681K(1984K)
[2026-01-16T09:13:25.368+0000][gc          ] GC(1028) Pause Young (Normal) (G1 Evacuation Pause) 346M->296M(1024M) 99.485ms
[2026-01-16T09:13:25.371+0000][gc,cpu      ] GC(1028) User=0.07s Sys=0.00s Real=0.10s
[2026-01-16T09:13:41.539+0000][gc,start    ] GC(1029) Pause Young (Normal) (G1 Evacuation Pause)
[2026-01-16T09:13:41.546+0000][gc,task     ] GC(1029) Using 8 workers of 8 for evacuation
[2026-01-16T09:13:42.485+0000][gc,mmu      ] GC(1029) MMU target violated: 201.0ms (200.0ms/201.0ms)
[2026-01-16T09:13:42.490+0000][gc,phases   ] GC(1029)   Pre Evacuate Collection Set: 156.4ms
[2026-01-16T09:13:42.490+0000][gc,phases   ] GC(1029)   Merge Heap Roots: 14.5ms
[2026-01-16T09:13:42.490+0000][gc,phases   ] GC(1029)   Evacuate Collection Set: 715.9ms
[2026-01-16T09:13:42.491+0000][gc,phases   ] GC(1029)   Post Evacuate Collection Set: 50.7ms
[2026-01-16T09:13:42.491+0000][gc,phases   ] GC(1029)   Other: 5.7ms
[2026-01-16T09:13:42.491+0000][gc,heap     ] GC(1029) Eden regions: 184->0(50)
[2026-01-16T09:13:42.492+0000][gc,heap     ] GC(1029) Survivor regions: 1->1(24)
[2026-01-16T09:13:42.492+0000][gc,heap     ] GC(1029) Old regions: 148->148
[2026-01-16T09:13:42.498+0000][gc,heap     ] GC(1029) Humongous regions: 149->149
[2026-01-16T09:13:42.498+0000][gc,metaspace] GC(1029) Metaspace: 15670K(16192K)->15670K(16192K) NonClass: 13989K(14208K)->13989K(14208K) Class: 1681K(1984K)->1681K(1984K)
[2026-01-16T09:13:42.500+0000][gc          ] GC(1029) Pause Young (Normal) (G1 Evacuation Pause) 480M->296M(1024M) 961.122ms
[2026-01-16T09:13:42.509+0000][gc,cpu      ] GC(1029) User=0.34s Sys=0.03s Real=0.97s
[2026-01-16T09:13:45.925+0000][gc,start    ] GC(1030) Pause Young (Normal) (G1 Evacuation Pause)
[2026-01-16T09:13:45.926+0000][gc,task     ] GC(1030) Using 8 workers of 8 for evacuation
[2026-01-16T09:13:46.215+0000][gc,mmu      ] GC(1030) MMU target violated: 201.0ms (200.0ms/201.0ms)
[2026-01-16T09:13:46.222+0000][gc,phases   ] GC(1030)   Pre Evacuate Collection Set: 74.8ms
[2026-01-16T09:13:46.223+0000][gc,phases   ] GC(1030)   Merge Heap Roots: 0.7ms
[2026-01-16T09:13:46.224+0000][gc,phases   ] GC(1030)   Evacuate Collection Set: 190.4ms
[2026-01-16T09:13:46.224+0000][gc,phases   ] GC(1030)   Post Evacuate Collection Set: 22.9ms
[2026-01-16T09:13:46.225+0000][gc,phases   ] GC(1030)   Other: 8.0ms
[2026-01-16T09:13:46.226+0000][gc,heap     ] GC(1030) Eden regions: 50->0(49)
[2026-01-16T09:13:46.227+0000][gc,heap     ] GC(1030) Survivor regions: 1->2(7)
[2026-01-16T09:13:46.227+0000][gc,heap     ] GC(1030) Old regions: 148->148
[2026-01-16T09:13:46.228+0000][gc,heap     ] GC(1030) Humongous regions: 149->149
[2026-01-16T09:13:46.229+0000][gc,metaspace] GC(1030) Metaspace: 15670K(16192K)->15670K(16192K) NonClass: 13989K(14208K)->13989K(14208K) Class: 1681K(1984K)->1681K(1984K)
[2026-01-16T09:13:46.239+0000][gc          ] GC(1030) Pause Young (Normal) (G1 Evacuation Pause) 346M->297M(1024M) 314.083ms
[2026-01-16T09:13:46.242+0000][gc,cpu      ] GC(1030) User=0.17s Sys=0.01s Real=0.31s
[2026-01-16T09:13:47.349+0000][gc,start    ] GC(1031) Pause Young (Normal) (G1 Evacuation Pause)
[2026-01-16T09:13:47.351+0000][gc,task     ] GC(1031) Using 8 workers of 8 for evacuation
[2026-01-16T09:13:47.499+0000][gc,phases   ] GC(1031)   Pre Evacuate Collection Set: 15.3ms
[2026-01-16T09:13:47.500+0000][gc,phases   ] GC(1031)   Merge Heap Roots: 8.6ms
[2026-01-16T09:13:47.500+0000][gc,phases   ] GC(1031)   Evacuate Collection Set: 109.3ms
[2026-01-16T09:13:47.500+0000][gc,phases   ] GC(1031)   Post Evacuate Collection Set: 6.6ms
[2026-01-16T09:13:47.502+0000][gc,phases   ] GC(1031)   Other: 8.2ms
[2026-01-16T09:13:47.505+0000][gc,heap     ] GC(1031) Eden regions: 49->0(48)
[2026-01-16T09:13:47.507+0000][gc,heap     ] GC(1031) Survivor regions: 2->3(7)
[2026-01-16T09:13:47.509+0000][gc,heap     ] GC(1031) Old regions: 148->148
[2026-01-16T09:13:47.512+0000][gc,heap     ] GC(1031) Humongous regions: 149->149
[2026-01-16T09:13:47.513+0000][gc,metaspace] GC(1031) Metaspace: 15670K(16192K)->15670K(16192K) NonClass: 13989K(14208K)->13989K(14208K) Class: 1681K(1984K)->1681K(1984K)
[2026-01-16T09:13:47.515+0000][gc          ] GC(1031) Pause Young (Normal) (G1 Evacuation Pause) 346M->298M(1024M) 166.283ms
[2026-01-16T09:13:47.517+0000][gc,cpu      ] GC(1031) User=0.09s Sys=0.01s Real=0.17s
[2026-01-16T09:13:48.197+0000][gc,start    ] GC(1032) Pause Young (Normal) (G1 Evacuation Pause)
[2026-01-16T09:13:48.198+0000][gc,task     ] GC(1032) Using 8 workers of 8 for evacuation
[2026-01-16T09:13:48.285+0000][gc,phases   ] GC(1032)   Pre Evacuate Collection Set: 6.0ms
[2026-01-16T09:13:48.286+0000][gc,phases   ] GC(1032)   Merge Heap Roots: 0.5ms
[2026-01-16T09:13:48.286+0000][gc,phases   ] GC(1032)   Evacuate Collection Set: 76.9ms
[2026-01-16T09:13:48.293+0000][gc,phases   ] GC(1032)   Post Evacuate Collection Set: 1.9ms
[2026-01-16T09:13:48.297+0000][gc,phases   ] GC(1032)   Other: 1.2ms
[2026-01-16T09:13:48.298+0000][gc,heap     ] GC(1032) Eden regions: 48->0(48)
[2026-01-16T09:13:48.299+0000][gc,heap     ] GC(1032) Survivor regions: 3->3(7)
[2026-01-16T09:13:48.302+0000][gc,heap     ] GC(1032) Old regions: 148->148
[2026-01-16T09:13:48.304+0000][gc,heap     ] GC(1032) Humongous regions: 149->149
[2026-01-16T09:13:48.304+0000][gc,metaspace] GC(1032) Metaspace: 15670K(16192K)->15670K(16192K) NonClass: 13989K(14208K)->13989K(14208K) Class: 1681K(1984K)->1681K(1984K)
[2026-01-16T09:13:48.312+0000][gc          ] GC(1032) Pause Young (Normal) (G1 Evacuation Pause) 346M->299M(1024M) 114.903ms
[2026-01-16T09:13:48.313+0000][gc,cpu      ] GC(1032) User=0.05s Sys=0.00s Real=0.11s
[2026-01-16T09:13:49.424+0000][gc,start    ] GC(1033) Pause Young (Normal) (G1 Evacuation Pause)
[2026-01-16T09:13:49.429+0000][gc,task     ] GC(1033) Using 8 workers of 8 for evacuation
[2026-01-16T09:13:49.657+0000][gc,mmu      ] GC(1033) MMU target violated: 201.0ms (200.0ms/201.0ms)
[2026-01-16T09:13:49.658+0000][gc,phases   ] GC(1033)   Pre Evacuate Collection Set: 22.6ms
[2026-01-16T09:13:49.660+0000][gc,phases   ] GC(1033)   Merge Heap Roots: 0.9ms
[2026-01-16T09:13:49.660+0000][gc,phases   ] GC(1033)   Evacuate Collection Set: 194.5ms
[2026-01-16T09:13:49.662+0000][gc,phases   ] GC(1033)   Post Evacuate Collection Set: 9.8ms
[2026-01-16T09:13:49.664+0000][gc,phases   ] GC(1033)   Other: 2.1ms
[2026-01-16T09:13:49.665+0000][gc,heap     ] GC(1033) Eden regions: 48->0(47)
[2026-01-16T09:13:49.665+0000][gc,heap     ] GC(1033) Survivor regions: 3->4(7)
[2026-01-16T09:13:49.667+0000][gc,heap     ] GC(1033) Old regions: 148->148
[2026-01-16T09:13:49.667+0000][gc,heap     ] GC(1033) Humongous regions: 149->149
[2026-01-16T09:13:49.669+0000][gc,metaspace] GC(1033) Metaspace: 15670K(16192K)->15670K(16192K) NonClass: 13989K(14208K)->13989K(14208K) Class: 1681K(1984K)->1681K(1984K)
[2026-01-16T09:13:49.671+0000][gc          ] GC(1033) Pause Young (Normal) (G1 Evacuation Pause) 347M->299M(1024M) 247.559ms
[2026-01-16T09:13:49.672+0000][gc,cpu      ] GC(1033) User=0.12s Sys=0.00s Real=0.24s
[2026-01-16T09:13:51.396+0000][gc,start    ] GC(1034) Pause Young (Normal) (G1 Evacuation Pause)
[2026-01-16T09:13:51.405+0000][gc,task     ] GC(1034) Using 8 workers of 8 for evacuation
[2026-01-16T09:13:51.654+0000][gc,mmu      ] GC(1034) MMU target violated: 201.0ms (200.0ms/201.0ms)
[2026-01-16T09:13:51.656+0000][gc,phases   ] GC(1034)   Pre Evacuate Collection Set: 11.7ms
[2026-01-16T09:13:51.662+0000][gc,phases   ] GC(1034)   Merge Heap Roots: 2.8ms
[2026-01-16T09:13:51.668+0000][gc,phases   ] GC(1034)   Evacuate Collection Set: 213.3ms
[2026-01-16T09:13:51.668+0000][gc,phases   ] GC(1034)   Post Evacuate Collection Set: 12.6ms
[2026-01-16T09:13:51.669+0000][gc,phases   ] GC(1034)   Other: 12.5ms
[2026-01-16T09:13:51.670+0000][gc,heap     ] GC(1034) Eden regions: 47->0(46)
[2026-01-16T09:13:51.670+0000][gc,heap     ] GC(1034) Survivor regions: 4->5(7)
[2026-01-16T09:13:51.671+0000][gc,heap     ] GC(1034) Old regions: 148->148
[2026-01-16T09:13:51.671+0000][gc,heap     ] GC(1034) Humongous regions: 149->149
[2026-01-16T09:13:51.675+0000][gc,metaspace] GC(1034) Metaspace: 15670K(16192K)->15670K(16192K) NonClass: 13989K(14208K)->13989K(14208K) Class: 1681K(1984K)->1681K(1984K)
[2026-01-16T09:13:51.678+0000][gc          ] GC(1034) Pause Young (Normal) (G1 Evacuation Pause) 346M->300M(1024M) 281.469ms
[2026-01-16T09:13:51.702+0000][gc,cpu      ] GC(1034) User=0.11s Sys=0.00s Real=0.30s
[2026-01-16T09:13:52.758+0000][gc,start    ] GC(1035) Pause Young (Normal) (GCLocker Initiated GC)
[2026-01-16T09:13:52.759+0000][gc,task     ] GC(1035) Using 8 workers of 8 for evacuation
[2026-01-16T09:13:52.912+0000][gc,phases   ] GC(1035)   Pre Evacuate Collection Set: 15.1ms
[2026-01-16T09:13:52.915+0000][gc,phases   ] GC(1035)   Merge Heap Roots: 3.5ms
[2026-01-16T09:13:52.919+0000][gc,phases   ] GC(1035)   Evacuate Collection Set: 127.5ms
[2026-01-16T09:13:52.925+0000][gc,phases   ] GC(1035)   Post Evacuate Collection Set: 2.5ms
[2026-01-16T09:13:52.925+0000][gc,phases   ] GC(1035)   Other: 4.1ms
[2026-01-16T09:13:52.931+0000][gc,heap     ] GC(1035) Eden regions: 49->0(48)
[2026-01-16T09:13:52.932+0000][gc,heap     ] GC(1035) Survivor regions: 5->3(7)
[2026-01-16T09:13:52.937+0000][gc,heap     ] GC(1035) Old regions: 148->148
[2026-01-16T09:13:52.939+0000][gc,heap     ] GC(1035) Humongous regions: 149->149
[2026-01-16T09:13:52.944+0000][gc,metaspace] GC(1035) Metaspace: 15670K(16192K)->15670K(16192K) NonClass: 13989K(14208K)->13989K(14208K) Class: 1681K(1984K)->1681K(1984K)
[2026-01-16T09:13:52.945+0000][gc          ] GC(1035) Pause Young (Normal) (GCLocker Initiated GC) 349M->298M(1024M) 187.146ms
[2026-01-16T09:13:52.952+0000][gc,cpu      ] GC(1035) User=0.10s Sys=0.01s Real=0.19s
[2026-01-16T09:13:56.192+0000][gc,start    ] GC(1036) Pause Young (Normal) (G1 Evacuation Pause)
[2026-01-16T09:13:56.197+0000][gc,task     ] GC(1036) Using 8 workers of 8 for evacuation
[2026-01-16T09:13:56.383+0000][gc,phases   ] GC(1036)   Pre Evacuate Collection Set: 33.4ms
[2026-01-16T09:13:56.387+0000][gc,phases   ] GC(1036)   Merge Heap Roots: 0.8ms
[2026-01-16T09:13:56.389+0000][gc,phases   ] GC(1036)   Evacuate Collection Set: 130.3ms
[2026-01-16T09:13:56.390+0000][gc,phases   ] GC(1036)   Post Evacuate Collection Set: 10.9ms
[2026-01-16T09:13:56.391+0000][gc,phases   ] GC(1036)   Other: 10.7ms
[2026-01-16T09:13:56.392+0000][gc,heap     ] GC(1036) Eden regions: 48->0(86)
[2026-01-16T09:13:56.395+0000][gc,heap     ] GC(1036) Survivor regions: 3->1(7)
[2026-01-16T09:13:56.396+0000][gc,heap     ] GC(1036) Old regions: 148->148
[2026-01-16T09:13:56.396+0000][gc,heap     ] GC(1036) Humongous regions: 149->149
[2026-01-16T09:13:56.396+0000][gc,metaspace] GC(1036) Metaspace: 15670K(16192K)->15670K(16192K) NonClass: 13989K(14208K)->13989K(14208K) Class: 1681K(1984K)->1681K(1984K)
[2026-01-16T09:13:56.396+0000][gc          ] GC(1036) Pause Young (Normal) (G1 Evacuation Pause) 346M->297M(1024M) 203.917ms
[2026-01-16T09:13:56.396+0000][gc,cpu      ] GC(1036) User=0.09s Sys=0.01s Real=0.21s
[2026-01-16T09:14:01.023+0000][gc,start    ] GC(1037) Pause Young (Normal) (G1 Evacuation Pause)
[2026-01-16T09:14:01.031+0000][gc,task     ] GC(1037) Using 8 workers of 8 for evacuation
[2026-01-16T09:14:01.732+0000][gc,mmu      ] GC(1037) MMU target violated: 201.0ms (200.0ms/201.0ms)
[2026-01-16T09:14:01.738+0000][gc,phases   ] GC(1037)   Pre Evacuate Collection Set: 30.7ms
[2026-01-16T09:14:01.740+0000][gc,phases   ] GC(1037)   Merge Heap Roots: 22.6ms
[2026-01-16T09:14:01.741+0000][gc,phases   ] GC(1037)   Evacuate Collection Set: 616.7ms
[2026-01-16T09:14:01.741+0000][gc,phases   ] GC(1037)   Post Evacuate Collection Set: 29.5ms
[2026-01-16T09:14:01.742+0000][gc,phases   ] GC(1037)   Other: 8.1ms
[2026-01-16T09:14:01.744+0000][gc,heap     ] GC(1037) Eden regions: 86->0(49)
[2026-01-16T09:14:01.744+0000][gc,heap     ] GC(1037) Survivor regions: 1->2(11)
[2026-01-16T09:14:01.744+0000][gc,heap     ] GC(1037) Old regions: 148->148
[2026-01-16T09:14:01.744+0000][gc,heap     ] GC(1037) Humongous regions: 149->149
[2026-01-16T09:14:01.745+0000][gc,metaspace] GC(1037) Metaspace: 15670K(16192K)->15670K(16192K) NonClass: 13989K(14208K)->13989K(14208K) Class: 1681K(1984K)->1681K(1984K)
[2026-01-16T09:14:01.745+0000][gc          ] GC(1037) Pause Young (Normal) (G1 Evacuation Pause) 383M->297M(1024M) 722.322ms
[2026-01-16T09:14:01.745+0000][gc,cpu      ] GC(1037) User=0.29s Sys=0.02s Real=0.73s
[2026-01-16T09:14:04.751+0000][gc,start    ] GC(1038) Pause Young (Normal) (G1 Evacuation Pause)
[2026-01-16T09:14:04.753+0000][gc,task     ] GC(1038) Using 8 workers of 8 for evacuation
[2026-01-16T09:14:05.263+0000][gc,mmu      ] GC(1038) MMU target violated: 201.0ms (200.0ms/201.0ms)
[2026-01-16T09:14:05.302+0000][gc,phases   ] GC(1038)   Pre Evacuate Collection Set: 59.1ms
[2026-01-16T09:14:05.314+0000][gc,phases   ] GC(1038)   Merge Heap Roots: 15.1ms
[2026-01-16T09:14:05.315+0000][gc,phases   ] GC(1038)   Evacuate Collection Set: 408.0ms
[2026-01-16T09:14:05.316+0000][gc,phases   ] GC(1038)   Post Evacuate Collection Set: 25.0ms
[2026-01-16T09:14:05.321+0000][gc,phases   ] GC(1038)   Other: 41.8ms
[2026-01-16T09:14:05.321+0000][gc,heap     ] GC(1038) Eden regions: 49->0(48)
[2026-01-16T09:14:05.322+0000][gc,heap     ] GC(1038) Survivor regions: 2->3(7)
[2026-01-16T09:14:05.322+0000][gc,heap     ] GC(1038) Old regions: 148->148
[2026-01-16T09:14:05.322+0000][gc,heap     ] GC(1038) Humongous regions: 149->149
[2026-01-16T09:14:05.322+0000][gc,metaspace] GC(1038) Metaspace: 15670K(16192K)->15670K(16192K) NonClass: 13989K(14208K)->13989K(14208K) Class: 1681K(1984K)->1681K(1984K)
[2026-01-16T09:14:05.323+0000][gc          ] GC(1038) Pause Young (Normal) (G1 Evacuation Pause) 346M->298M(1024M) 571.585ms
[2026-01-16T09:14:05.323+0000][gc,cpu      ] GC(1038) User=0.19s Sys=0.01s Real=0.57s
[2026-01-16T09:14:09.186+0000][gc,start    ] GC(1039) Pause Young (Normal) (G1 Evacuation Pause)
[2026-01-16T09:14:09.187+0000][gc,task     ] GC(1039) Using 8 workers of 8 for evacuation
[2026-01-16T09:14:09.371+0000][gc,phases   ] GC(1039)   Pre Evacuate Collection Set: 27.3ms
[2026-01-16T09:14:09.371+0000][gc,phases   ] GC(1039)   Merge Heap Roots: 6.5ms
[2026-01-16T09:14:09.372+0000][gc,phases   ] GC(1039)   Evacuate Collection Set: 101.1ms
[2026-01-16T09:14:09.373+0000][gc,phases   ] GC(1039)   Post Evacuate Collection Set: 44.4ms
[2026-01-16T09:14:09.374+0000][gc,phases   ] GC(1039)   Other: 1.9ms
[2026-01-16T09:14:09.374+0000][gc,heap     ] GC(1039) Eden regions: 48->0(50)
[2026-01-16T09:14:09.375+0000][gc,heap     ] GC(1039) Survivor regions: 3->1(7)
[2026-01-16T09:14:09.375+0000][gc,heap     ] GC(1039) Old regions: 148->148
[2026-01-16T09:14:09.375+0000][gc,heap     ] GC(1039) Humongous regions: 149->149
[2026-01-16T09:14:09.376+0000][gc,metaspace] GC(1039) Metaspace: 15672K(16192K)->15672K(16192K) NonClass: 13990K(14208K)->13990K(14208K) Class: 1681K(1984K)->1681K(1984K)
[2026-01-16T09:14:09.376+0000][gc          ] GC(1039) Pause Young (Normal) (G1 Evacuation Pause) 346M->297M(1024M) 189.606ms
[2026-01-16T09:14:09.379+0000][gc,cpu      ] GC(1039) User=0.13s Sys=0.00s Real=0.19s
[2026-01-16T09:14:12.792+0000][gc,start    ] GC(1040) Pause Young (Normal) (G1 Evacuation Pause)
[2026-01-16T09:14:12.796+0000][gc,task     ] GC(1040) Using 8 workers of 8 for evacuation
[2026-01-16T09:14:12.996+0000][gc,phases   ] GC(1040)   Pre Evacuate Collection Set: 24.2ms
[2026-01-16T09:14:12.997+0000][gc,phases   ] GC(1040)   Merge Heap Roots: 0.6ms
[2026-01-16T09:14:12.998+0000][gc,phases   ] GC(1040)   Evacuate Collection Set: 164.9ms
[2026-01-16T09:14:12.999+0000][gc,phases   ] GC(1040)   Post Evacuate Collection Set: 8.0ms
[2026-01-16T09:14:12.999+0000][gc,phases   ] GC(1040)   Other: 2.1ms
[2026-01-16T09:14:13.002+0000][gc,heap     ] GC(1040) Eden regions: 50->0(49)
[2026-01-16T09:14:13.003+0000][gc,heap     ] GC(1040) Survivor regions: 1->2(7)
[2026-01-16T09:14:13.005+0000][gc,heap     ] GC(1040) Old regions: 148->148
[2026-01-16T09:14:13.005+0000][gc,heap     ] GC(1040) Humongous regions: 149->149
[2026-01-16T09:14:13.007+0000][gc,metaspace] GC(1040) Metaspace: 15672K(16192K)->15672K(16192K) NonClass: 13990K(14208K)->13990K(14208K) Class: 1681K(1984K)->1681K(1984K)
[2026-01-16T09:14:13.007+0000][gc          ] GC(1040) Pause Young (Normal) (G1 Evacuation Pause) 347M->297M(1024M) 214.656ms
[2026-01-16T09:14:13.007+0000][gc,cpu      ] GC(1040) User=0.11s Sys=0.01s Real=0.22s
[2026-01-16T09:14:15.282+0000][gc,start    ] GC(1041) Pause Young (Normal) (G1 Evacuation Pause)
[2026-01-16T09:14:15.283+0000][gc,task     ] GC(1041) Using 8 workers of 8 for evacuation
[2026-01-16T09:14:15.455+0000][gc,phases   ] GC(1041)   Pre Evacuate Collection Set: 9.0ms
[2026-01-16T09:14:15.457+0000][gc,phases   ] GC(1041)   Merge Heap Roots: 3.2ms
[2026-01-16T09:14:15.459+0000][gc,phases   ] GC(1041)   Evacuate Collection Set: 156.5ms
[2026-01-16T09:14:15.459+0000][gc,phases   ] GC(1041)   Post Evacuate Collection Set: 3.6ms
[2026-01-16T09:14:15.459+0000][gc,phases   ] GC(1041)   Other: 0.7ms
[2026-01-16T09:14:15.460+0000][gc,heap     ] GC(1041) Eden regions: 49->0(48)
[2026-01-16T09:14:15.460+0000][gc,heap     ] GC(1041) Survivor regions: 2->3(7)
[2026-01-16T09:14:15.460+0000][gc,heap     ] GC(1041) Old regions: 148->148
[2026-01-16T09:14:15.462+0000][gc,heap     ] GC(1041) Humongous regions: 149->149
[2026-01-16T09:14:15.465+0000][gc,metaspace] GC(1041) Metaspace: 15672K(16192K)->15672K(16192K) NonClass: 13990K(14208K)->13990K(14208K) Class: 1681K(1984K)->1681K(1984K)
[2026-01-16T09:14:15.465+0000][gc          ] GC(1041) Pause Young (Normal) (G1 Evacuation Pause) 346M->298M(1024M) 183.344ms
[2026-01-16T09:14:15.468+0000][gc,cpu      ] GC(1041) User=0.13s Sys=0.00s Real=0.19s
[2026-01-16T09:14:17.347+0000][gc,start    ] GC(1042) Pause Young (Normal) (G1 Evacuation Pause)
[2026-01-16T09:14:17.353+0000][gc,task     ] GC(1042) Using 8 workers of 8 for evacuation
[2026-01-16T09:14:17.594+0000][gc,mmu      ] GC(1042) MMU target violated: 201.0ms (200.0ms/201.0ms)
[2026-01-16T09:14:17.595+0000][gc,phases   ] GC(1042)   Pre Evacuate Collection Set: 40.7ms
[2026-01-16T09:14:17.596+0000][gc,phases   ] GC(1042)   Merge Heap Roots: 25.8ms
[2026-01-16T09:14:17.597+0000][gc,phases   ] GC(1042)   Evacuate Collection Set: 169.9ms
[2026-01-16T09:14:17.597+0000][gc,phases   ] GC(1042)   Post Evacuate Collection Set: 1.8ms
[2026-01-16T09:14:17.598+0000][gc,phases   ] GC(1042)   Other: 4.3ms
[2026-01-16T09:14:17.599+0000][gc,heap     ] GC(1042) Eden regions: 48->0(48)
[2026-01-16T09:14:17.599+0000][gc,heap     ] GC(1042) Survivor regions: 3->3(7)
[2026-01-16T09:14:17.600+0000][gc,heap     ] GC(1042) Old regions: 148->148
[2026-01-16T09:14:17.600+0000][gc,heap     ] GC(1042) Humongous regions: 149->149
[2026-01-16T09:14:17.600+0000][gc,metaspace] GC(1042) Metaspace: 15672K(16192K)->15672K(16192K) NonClass: 13990K(14208K)->13990K(14208K) Class: 1681K(1984K)->1681K(1984K)
[2026-01-16T09:14:17.601+0000][gc          ] GC(1042) Pause Young (Normal) (G1 Evacuation Pause) 346M->298M(1024M) 254.788ms
[2026-01-16T09:14:17.602+0000][gc,cpu      ] GC(1042) User=0.13s Sys=0.01s Real=0.26s
[2026-01-16T09:14:19.218+0000][gc,start    ] GC(1043) Pause Young (Normal) (G1 Evacuation Pause)
[2026-01-16T09:14:19.223+0000][gc,task     ] GC(1043) Using 8 workers of 8 for evacuation
[2026-01-16T09:14:19.529+0000][gc,mmu      ] GC(1043) MMU target violated: 201.0ms (200.0ms/201.0ms)
[2026-01-16T09:14:19.537+0000][gc,phases   ] GC(1043)   Pre Evacuate Collection Set: 12.2ms
[2026-01-16T09:14:19.542+0000][gc,phases   ] GC(1043)   Merge Heap Roots: 0.6ms
[2026-01-16T09:14:19.544+0000][gc,phases   ] GC(1043)   Evacuate Collection Set: 273.7ms
[2026-01-16T09:14:19.545+0000][gc,phases   ] GC(1043)   Post Evacuate Collection Set: 16.1ms
[2026-01-16T09:14:19.545+0000][gc,phases   ] GC(1043)   Other: 12.5ms
[2026-01-16T09:14:19.545+0000][gc,heap     ] GC(1043) Eden regions: 48->0(49)
[2026-01-16T09:14:19.545+0000][gc,heap     ] GC(1043) Survivor regions: 3->2(7)
[2026-01-16T09:14:19.546+0000][gc,heap     ] GC(1043) Old regions: 148->148
[2026-01-16T09:14:19.547+0000][gc,heap     ] GC(1043) Humongous regions: 149->149
[2026-01-16T09:14:19.547+0000][gc,metaspace] GC(1043) Metaspace: 15672K(16192K)->15672K(16192K) NonClass: 13990K(14208K)->13990K(14208K) Class: 1681K(1984K)->1681K(1984K)
[2026-01-16T09:14:19.555+0000][gc          ] GC(1043) Pause Young (Normal) (G1 Evacuation Pause) 346M->297M(1024M) 337.077ms
[2026-01-16T09:14:19.562+0000][gc,cpu      ] GC(1043) User=0.11s Sys=0.01s Real=0.34s
[2026-01-16T09:14:21.953+0000][gc,start    ] GC(1044) Pause Young (Normal) (G1 Evacuation Pause)
[2026-01-16T09:14:21.960+0000][gc,task     ] GC(1044) Using 8 workers of 8 for evacuation
[2026-01-16T09:14:22.434+0000][gc,mmu      ] GC(1044) MMU target violated: 201.0ms (200.0ms/201.0ms)
[2026-01-16T09:14:22.435+0000][gc,phases   ] GC(1044)   Pre Evacuate Collection Set: 32.9ms
[2026-01-16T09:14:22.435+0000][gc,phases   ] GC(1044)   Merge Heap Roots: 5.9ms
[2026-01-16T09:14:22.436+0000][gc,phases   ] GC(1044)   Evacuate Collection Set: 414.8ms
[2026-01-16T09:14:22.438+0000][gc,phases   ] GC(1044)   Post Evacuate Collection Set: 13.1ms
[2026-01-16T09:14:22.441+0000][gc,phases   ] GC(1044)   Other: 8.4ms
[2026-01-16T09:14:22.443+0000][gc,heap     ] GC(1044) Eden regions: 49->0(49)
[2026-01-16T09:14:22.447+0000][gc,heap     ] GC(1044) Survivor regions: 2->2(7)
[2026-01-16T09:14:22.452+0000][gc,heap     ] GC(1044) Old regions: 148->148
[2026-01-16T09:14:22.453+0000][gc,heap     ] GC(1044) Humongous regions: 149->149
[2026-01-16T09:14:22.454+0000][gc,metaspace] GC(1044) Metaspace: 15672K(16192K)->15672K(16192K) NonClass: 13990K(14208K)->13990K(14208K) Class: 1681K(1984K)->1681K(1984K)
[2026-01-16T09:14:22.455+0000][gc          ] GC(1044) Pause Young (Normal) (G1 Evacuation Pause) 346M->297M(1024M) 502.398ms
[2026-01-16T09:14:22.456+0000][gc,cpu      ] GC(1044) User=0.17s Sys=0.02s Real=0.51s
[2026-01-16T09:14:24.843+0000][gc,start    ] GC(1045) Pause Young (Normal) (G1 Evacuation Pause)
[2026-01-16T09:14:24.845+0000][gc,task     ] GC(1045) Using 8 workers of 8 for evacuation
[2026-01-16T09:14:25.256+0000][gc,mmu      ] GC(1045) MMU target violated: 201.0ms (200.0ms/201.0ms)
[2026-01-16T09:14:25.257+0000][gc,phases   ] GC(1045)   Pre Evacuate Collection Set: 29.6ms
[2026-01-16T09:14:25.257+0000][gc,phases   ] GC(1045)   Merge Heap Roots: 29.6ms
[2026-01-16T09:14:25.257+0000][gc,phases   ] GC(1045)   Evacuate Collection Set: 325.0ms
[2026-01-16T09:14:25.257+0000][gc,phases   ] GC(1045)   Post Evacuate Collection Set: 26.1ms
[2026-01-16T09:14:25.258+0000][gc,phases   ] GC(1045)   Other: 1.6ms
[2026-01-16T09:14:25.259+0000][gc,heap     ] GC(1045) Eden regions: 49->0(48)
[2026-01-16T09:14:25.259+0000][gc,heap     ] GC(1045) Survivor regions: 2->3(7)
[2026-01-16T09:14:25.260+0000][gc,heap     ] GC(1045) Old regions: 148->148
[2026-01-16T09:14:25.260+0000][gc,heap     ] GC(1045) Humongous regions: 149->149
[2026-01-16T09:14:25.261+0000][gc,metaspace] GC(1045) Metaspace: 15672K(16192K)->15672K(16192K) NonClass: 13990K(14208K)->13990K(14208K) Class: 1681K(1984K)->1681K(1984K)
[2026-01-16T09:14:25.265+0000][gc          ] GC(1045) Pause Young (Normal) (G1 Evacuation Pause) 346M->298M(1024M) 422.171ms
[2026-01-16T09:14:25.266+0000][gc,cpu      ] GC(1045) User=0.19s Sys=0.02s Real=0.43s
[2026-01-16T09:14:26.575+0000][gc,start    ] GC(1046) Pause Young (Normal) (G1 Evacuation Pause)
[2026-01-16T09:14:26.577+0000][gc,task     ] GC(1046) Using 8 workers of 8 for evacuation
[2026-01-16T09:14:26.738+0000][gc,phases   ] GC(1046)   Pre Evacuate Collection Set: 16.0ms
[2026-01-16T09:14:26.757+0000][gc,phases   ] GC(1046)   Merge Heap Roots: 0.5ms
[2026-01-16T09:14:26.760+0000][gc,phases   ] GC(1046)   Evacuate Collection Set: 100.1ms
[2026-01-16T09:14:26.767+0000][gc,phases   ] GC(1046)   Post Evacuate Collection Set: 41.4ms
[2026-01-16T09:14:26.768+0000][gc,phases   ] GC(1046)   Other: 3.5ms
[2026-01-16T09:14:26.769+0000][gc,heap     ] GC(1046) Eden regions: 48->0(50)
[2026-01-16T09:14:26.769+0000][gc,heap     ] GC(1046) Survivor regions: 3->1(7)
[2026-01-16T09:14:26.770+0000][gc,heap     ] GC(1046) Old regions: 148->148
[2026-01-16T09:14:26.771+0000][gc,heap     ] GC(1046) Humongous regions: 149->149
[2026-01-16T09:14:26.771+0000][gc,metaspace] GC(1046) Metaspace: 15676K(16192K)->15676K(16192K) NonClass: 13992K(14208K)->13992K(14208K) Class: 1683K(1984K)->1683K(1984K)
[2026-01-16T09:14:26.772+0000][gc          ] GC(1046) Pause Young (Normal) (G1 Evacuation Pause) 346M->296M(1024M) 197.853ms
[2026-01-16T09:14:26.773+0000][gc,cpu      ] GC(1046) User=0.09s Sys=0.00s Real=0.20s
[2026-01-16T09:14:29.808+0000][gc,start    ] GC(1047) Pause Young (Normal) (G1 Evacuation Pause)
[2026-01-16T09:14:29.809+0000][gc,task     ] GC(1047) Using 8 workers of 8 for evacuation
[2026-01-16T09:14:30.527+0000][gc,mmu      ] GC(1047) MMU target violated: 201.0ms (200.0ms/201.0ms)
[2026-01-16T09:14:30.529+0000][gc,phases   ] GC(1047)   Pre Evacuate Collection Set: 26.9ms
[2026-01-16T09:14:30.531+0000][gc,phases   ] GC(1047)   Merge Heap Roots: 68.3ms
[2026-01-16T09:14:30.531+0000][gc,phases   ] GC(1047)   Evacuate Collection Set: 593.7ms
[2026-01-16T09:14:30.531+0000][gc,phases   ] GC(1047)   Post Evacuate Collection Set: 26.4ms
[2026-01-16T09:14:30.532+0000][gc,phases   ] GC(1047)   Other: 4.2ms
[2026-01-16T09:14:30.533+0000][gc,heap     ] GC(1047) Eden regions: 50->0(49)
[2026-01-16T09:14:30.533+0000][gc,heap     ] GC(1047) Survivor regions: 1->2(7)
[2026-01-16T09:14:30.538+0000][gc,heap     ] GC(1047) Old regions: 148->148
[2026-01-16T09:14:30.539+0000][gc,heap     ] GC(1047) Humongous regions: 158->158
[2026-01-16T09:14:30.540+0000][gc,metaspace] GC(1047) Metaspace: 15736K(16192K)->15736K(16192K) NonClass: 14042K(14208K)->14042K(14208K) Class: 1693K(1984K)->1693K(1984K)
[2026-01-16T09:14:30.541+0000][gc          ] GC(1047) Pause Young (Normal) (G1 Evacuation Pause) 355M->306M(1024M) 732.567ms
[2026-01-16T09:14:30.544+0000][gc,cpu      ] GC(1047) User=0.24s Sys=0.02s Real=0.74s
[2026-01-16T09:14:37.295+0000][gc,start    ] GC(1048) Pause Young (Normal) (G1 Evacuation Pause)
[2026-01-16T09:14:37.305+0000][gc,task     ] GC(1048) Using 8 workers of 8 for evacuation
[2026-01-16T09:14:38.168+0000][gc,mmu      ] GC(1048) MMU target violated: 201.0ms (200.0ms/201.0ms)
[2026-01-16T09:14:38.172+0000][gc,phases   ] GC(1048)   Pre Evacuate Collection Set: 81.2ms
[2026-01-16T09:14:38.176+0000][gc,phases   ] GC(1048)   Merge Heap Roots: 35.9ms
[2026-01-16T09:14:38.177+0000][gc,phases   ] GC(1048)   Evacuate Collection Set: 596.8ms
[2026-01-16T09:14:38.178+0000][gc,phases   ] GC(1048)   Post Evacuate Collection Set: 139.2ms
[2026-01-16T09:14:38.179+0000][gc,phases   ] GC(1048)   Other: 15.2ms
[2026-01-16T09:14:38.180+0000][gc,heap     ] GC(1048) Eden regions: 49->0(48)
[2026-01-16T09:14:38.183+0000][gc,heap     ] GC(1048) Survivor regions: 2->3(7)
[2026-01-16T09:14:38.184+0000][gc,heap     ] GC(1048) Old regions: 148->148
[2026-01-16T09:14:38.184+0000][gc,heap     ] GC(1048) Humongous regions: 167->167
[2026-01-16T09:14:38.184+0000][gc,metaspace] GC(1048) Metaspace: 15771K(16256K)->15771K(16256K) NonClass: 14073K(14272K)->14073K(14272K) Class: 1697K(1984K)->1697K(1984K)
[2026-01-16T09:14:38.185+0000][gc          ] GC(1048) Pause Young (Normal) (G1 Evacuation Pause) 364M->316M(1024M) 890.106ms
[2026-01-16T09:14:38.190+0000][gc,cpu      ] GC(1048) User=0.39s Sys=0.03s Real=0.89s
[2026-01-16T09:14:42.230+0000][gc,start    ] GC(1049) Pause Young (Normal) (G1 Evacuation Pause)
[2026-01-16T09:14:42.239+0000][gc,task     ] GC(1049) Using 8 workers of 8 for evacuation
[2026-01-16T09:14:42.795+0000][gc,mmu      ] GC(1049) MMU target violated: 201.0ms (200.0ms/201.0ms)
[2026-01-16T09:14:42.802+0000][gc,phases   ] GC(1049)   Pre Evacuate Collection Set: 25.7ms
[2026-01-16T09:14:42.802+0000][gc,phases   ] GC(1049)   Merge Heap Roots: 11.3ms
[2026-01-16T09:14:42.803+0000][gc,phases   ] GC(1049)   Evacuate Collection Set: 503.4ms
[2026-01-16T09:14:42.803+0000][gc,phases   ] GC(1049)   Post Evacuate Collection Set: 11.4ms
[2026-01-16T09:14:42.803+0000][gc,phases   ] GC(1049)   Other: 12.3ms
[2026-01-16T09:14:42.804+0000][gc,heap     ] GC(1049) Eden regions: 48->0(47)
[2026-01-16T09:14:42.804+0000][gc,heap     ] GC(1049) Survivor regions: 3->4(7)
[2026-01-16T09:14:42.804+0000][gc,heap     ] GC(1049) Old regions: 148->148
[2026-01-16T09:14:42.805+0000][gc,heap     ] GC(1049) Humongous regions: 167->167
[2026-01-16T09:14:42.806+0000][gc,metaspace] GC(1049) Metaspace: 15771K(16256K)->15771K(16256K) NonClass: 14073K(14272K)->14073K(14272K) Class: 1697K(1984K)->1697K(1984K)
[2026-01-16T09:14:42.807+0000][gc          ] GC(1049) Pause Young (Normal) (G1 Evacuation Pause) 364M->317M(1024M) 586.484ms
[2026-01-16T09:14:42.808+0000][gc,cpu      ] GC(1049) User=0.39s Sys=0.03s Real=0.59s
[2026-01-16T09:14:45.262+0000][gc,start    ] GC(1050) Pause Young (Normal) (G1 Evacuation Pause)
[2026-01-16T09:14:45.265+0000][gc,task     ] GC(1050) Using 8 workers of 8 for evacuation
[2026-01-16T09:14:45.874+0000][gc,mmu      ] GC(1050) MMU target violated: 201.0ms (200.0ms/201.0ms)
[2026-01-16T09:14:45.887+0000][gc,phases   ] GC(1050)   Pre Evacuate Collection Set: 74.6ms
[2026-01-16T09:14:45.888+0000][gc,phases   ] GC(1050)   Merge Heap Roots: 14.9ms
[2026-01-16T09:14:45.888+0000][gc,phases   ] GC(1050)   Evacuate Collection Set: 494.8ms
[2026-01-16T09:14:45.888+0000][gc,phases   ] GC(1050)   Post Evacuate Collection Set: 22.4ms
[2026-01-16T09:14:45.888+0000][gc,phases   ] GC(1050)   Other: 16.4ms
[2026-01-16T09:14:45.888+0000][gc,heap     ] GC(1050) Eden regions: 47->0(46)
[2026-01-16T09:14:45.888+0000][gc,heap     ] GC(1050) Survivor regions: 4->5(7)
[2026-01-16T09:14:45.888+0000][gc,heap     ] GC(1050) Old regions: 148->148
[2026-01-16T09:14:45.888+0000][gc,heap     ] GC(1050) Humongous regions: 167->167
[2026-01-16T09:14:45.888+0000][gc,metaspace] GC(1050) Metaspace: 15771K(16256K)->15771K(16256K) NonClass: 14073K(14272K)->14073K(14272K) Class: 1697K(1984K)->1697K(1984K)
[2026-01-16T09:14:45.894+0000][gc          ] GC(1050) Pause Young (Normal) (G1 Evacuation Pause) 364M->318M(1024M) 631.808ms
[2026-01-16T09:14:45.894+0000][gc,cpu      ] GC(1050) User=0.33s Sys=0.03s Real=0.63s
[2026-01-16T09:14:46.939+0000][gc,start    ] GC(1051) Pause Young (Normal) (G1 Evacuation Pause)
[2026-01-16T09:14:46.941+0000][gc,task     ] GC(1051) Using 8 workers of 8 for evacuation
[2026-01-16T09:14:47.182+0000][gc,mmu      ] GC(1051) MMU target violated: 201.0ms (200.0ms/201.0ms)
[2026-01-16T09:14:47.182+0000][gc,phases   ] GC(1051)   Pre Evacuate Collection Set: 13.6ms
[2026-01-16T09:14:47.182+0000][gc,phases   ] GC(1051)   Merge Heap Roots: 0.5ms
[2026-01-16T09:14:47.183+0000][gc,phases   ] GC(1051)   Evacuate Collection Set: 210.1ms
[2026-01-16T09:14:47.183+0000][gc,phases   ] GC(1051)   Post Evacuate Collection Set: 10.4ms
[2026-01-16T09:14:47.184+0000][gc,phases   ] GC(1051)   Other: 6.5ms
[2026-01-16T09:14:47.185+0000][gc,heap     ] GC(1051) Eden regions: 46->0(47)
[2026-01-16T09:14:47.185+0000][gc,heap     ] GC(1051) Survivor regions: 5->4(7)
[2026-01-16T09:14:47.185+0000][gc,heap     ] GC(1051) Old regions: 148->149
[2026-01-16T09:14:47.186+0000][gc,heap     ] GC(1051) Humongous regions: 167->167
[2026-01-16T09:14:47.186+0000][gc,metaspace] GC(1051) Metaspace: 15771K(16256K)->15771K(16256K) NonClass: 14073K(14272K)->14073K(14272K) Class: 1697K(1984K)->1697K(1984K)
[2026-01-16T09:14:47.187+0000][gc          ] GC(1051) Pause Young (Normal) (G1 Evacuation Pause) 364M->319M(1024M) 247.286ms
[2026-01-16T09:14:47.187+0000][gc,cpu      ] GC(1051) User=0.19s Sys=0.02s Real=0.25s
[2026-01-16T09:14:47.832+0000][gc,start    ] GC(1052) Pause Young (Normal) (G1 Evacuation Pause)
[2026-01-16T09:14:47.838+0000][gc,task     ] GC(1052) Using 8 workers of 8 for evacuation
[2026-01-16T09:14:47.999+0000][gc,phases   ] GC(1052)   Pre Evacuate Collection Set: 8.1ms
[2026-01-16T09:14:48.003+0000][gc,phases   ] GC(1052)   Merge Heap Roots: 2.2ms
[2026-01-16T09:14:48.003+0000][gc,phases   ] GC(1052)   Evacuate Collection Set: 133.7ms
[2026-01-16T09:14:48.007+0000][gc,phases   ] GC(1052)   Post Evacuate Collection Set: 8.9ms
[2026-01-16T09:14:48.008+0000][gc,phases   ] GC(1052)   Other: 8.6ms
[2026-01-16T09:14:48.009+0000][gc,heap     ] GC(1052) Eden regions: 47->0(46)
[2026-01-16T09:14:48.009+0000][gc,heap     ] GC(1052) Survivor regions: 4->5(7)
[2026-01-16T09:14:48.010+0000][gc,heap     ] GC(1052) Old regions: 149->149
[2026-01-16T09:14:48.011+0000][gc,heap     ] GC(1052) Humongous regions: 167->167
[2026-01-16T09:14:48.012+0000][gc,metaspace] GC(1052) Metaspace: 15771K(16256K)->15771K(16256K) NonClass: 14073K(14272K)->14073K(14272K) Class: 1697K(1984K)->1697K(1984K)
[2026-01-16T09:14:48.015+0000][gc          ] GC(1052) Pause Young (Normal) (G1 Evacuation Pause) 366M->319M(1024M) 183.084ms
[2026-01-16T09:14:48.015+0000][gc,cpu      ] GC(1052) User=0.08s Sys=0.01s Real=0.19s
[2026-01-16T09:14:51.053+0000][gc,start    ] GC(1053) Pause Young (Normal) (G1 Evacuation Pause)
[2026-01-16T09:14:51.068+0000][gc,task     ] GC(1053) Using 8 workers of 8 for evacuation
[2026-01-16T09:14:51.939+0000][gc,mmu      ] GC(1053) MMU target violated: 201.0ms (200.0ms/201.0ms)
[2026-01-16T09:14:51.940+0000][gc,phases   ] GC(1053)   Pre Evacuate Collection Set: 31.4ms
[2026-01-16T09:14:51.940+0000][gc,phases   ] GC(1053)   Merge Heap Roots: 0.5ms
[2026-01-16T09:14:51.940+0000][gc,phases   ] GC(1053)   Evacuate Collection Set: 755.8ms
[2026-01-16T09:14:51.941+0000][gc,phases   ] GC(1053)   Post Evacuate Collection Set: 81.0ms
[2026-01-16T09:14:51.941+0000][gc,phases   ] GC(1053)   Other: 11.4ms
[2026-01-16T09:14:51.941+0000][gc,heap     ] GC(1053) Eden regions: 46->0(47)
[2026-01-16T09:14:51.942+0000][gc,heap     ] GC(1053) Survivor regions: 5->4(7)
[2026-01-16T09:14:51.942+0000][gc,heap     ] GC(1053) Old regions: 149->150
[2026-01-16T09:14:51.944+0000][gc,heap     ] GC(1053) Humongous regions: 167->167
[2026-01-16T09:14:51.945+0000][gc,metaspace] GC(1053) Metaspace: 15771K(16256K)->15771K(16256K) NonClass: 14073K(14272K)->14073K(14272K) Class: 1697K(1984K)->1697K(1984K)
[2026-01-16T09:14:51.951+0000][gc          ] GC(1053) Pause Young (Normal) (G1 Evacuation Pause) 365M->320M(1024M) 898.185ms
[2026-01-16T09:14:51.956+0000][gc,cpu      ] GC(1053) User=0.45s Sys=0.06s Real=0.91s
[2026-01-16T09:14:53.455+0000][gc,start    ] GC(1054) Pause Young (Normal) (G1 Evacuation Pause)
[2026-01-16T09:14:53.460+0000][gc,task     ] GC(1054) Using 8 workers of 8 for evacuation
[2026-01-16T09:14:53.781+0000][gc,mmu      ] GC(1054) MMU target violated: 201.0ms (200.0ms/201.0ms)
[2026-01-16T09:14:53.782+0000][gc,phases   ] GC(1054)   Pre Evacuate Collection Set: 43.3ms
[2026-01-16T09:14:53.782+0000][gc,phases   ] GC(1054)   Merge Heap Roots: 25.8ms
[2026-01-16T09:14:53.782+0000][gc,phases   ] GC(1054)   Evacuate Collection Set: 237.7ms
[2026-01-16T09:14:53.783+0000][gc,phases   ] GC(1054)   Post Evacuate Collection Set: 11.3ms
[2026-01-16T09:14:53.791+0000][gc,phases   ] GC(1054)   Other: 7.0ms
[2026-01-16T09:14:53.791+0000][gc,heap     ] GC(1054) Eden regions: 47->0(46)
[2026-01-16T09:14:53.796+0000][gc,heap     ] GC(1054) Survivor regions: 4->5(7)
[2026-01-16T09:14:53.796+0000][gc,heap     ] GC(1054) Old regions: 150->150
[2026-01-16T09:14:53.797+0000][gc,heap     ] GC(1054) Humongous regions: 167->167
[2026-01-16T09:14:53.797+0000][gc,metaspace] GC(1054) Metaspace: 15771K(16256K)->15771K(16256K) NonClass: 14073K(14272K)->14073K(14272K) Class: 1697K(1984K)->1697K(1984K)
[2026-01-16T09:14:53.798+0000][gc          ] GC(1054) Pause Young (Normal) (G1 Evacuation Pause) 367M->321M(1024M) 343.142ms
[2026-01-16T09:14:53.798+0000][gc,cpu      ] GC(1054) User=0.21s Sys=0.05s Real=0.34s
[2026-01-16T09:14:55.113+0000][gc,start    ] GC(1055) Pause Young (Normal) (G1 Evacuation Pause)
[2026-01-16T09:14:55.115+0000][gc,task     ] GC(1055) Using 8 workers of 8 for evacuation
[2026-01-16T09:14:55.385+0000][gc,mmu      ] GC(1055) MMU target violated: 201.0ms (200.0ms/201.0ms)
[2026-01-16T09:14:55.385+0000][gc,phases   ] GC(1055)   Pre Evacuate Collection Set: 15.3ms
[2026-01-16T09:14:55.386+0000][gc,phases   ] GC(1055)   Merge Heap Roots: 3.6ms
[2026-01-16T09:14:55.387+0000][gc,phases   ] GC(1055)   Evacuate Collection Set: 246.5ms
[2026-01-16T09:14:55.388+0000][gc,phases   ] GC(1055)   Post Evacuate Collection Set: 4.1ms
[2026-01-16T09:14:55.390+0000][gc,phases   ] GC(1055)   Other: 1.4ms
[2026-01-16T09:14:55.391+0000][gc,heap     ] GC(1055) Eden regions: 46->0(46)
[2026-01-16T09:14:55.391+0000][gc,heap     ] GC(1055) Survivor regions: 5->5(7)
[2026-01-16T09:14:55.394+0000][gc,heap     ] GC(1055) Old regions: 150->151
[2026-01-16T09:14:55.396+0000][gc,heap     ] GC(1055) Humongous regions: 167->167
[2026-01-16T09:14:55.397+0000][gc,metaspace] GC(1055) Metaspace: 15771K(16256K)->15771K(16256K) NonClass: 14073K(14272K)->14073K(14272K) Class: 1697K(1984K)->1697K(1984K)
[2026-01-16T09:14:55.398+0000][gc          ] GC(1055) Pause Young (Normal) (G1 Evacuation Pause) 367M->321M(1024M) 284.387ms
[2026-01-16T09:14:55.398+0000][gc,cpu      ] GC(1055) User=0.14s Sys=0.02s Real=0.29s
[2026-01-16T09:14:56.204+0000][gc,start    ] GC(1056) Pause Young (Normal) (G1 Evacuation Pause)
[2026-01-16T09:14:56.216+0000][gc,task     ] GC(1056) Using 8 workers of 8 for evacuation
[2026-01-16T09:14:56.384+0000][gc,phases   ] GC(1056)   Pre Evacuate Collection Set: 7.0ms
[2026-01-16T09:14:56.387+0000][gc,phases   ] GC(1056)   Merge Heap Roots: 0.3ms
[2026-01-16T09:14:56.387+0000][gc,phases   ] GC(1056)   Evacuate Collection Set: 135.9ms
[2026-01-16T09:14:56.387+0000][gc,phases   ] GC(1056)   Post Evacuate Collection Set: 5.2ms
[2026-01-16T09:14:56.388+0000][gc,phases   ] GC(1056)   Other: 19.7ms
[2026-01-16T09:14:56.388+0000][gc,heap     ] GC(1056) Eden regions: 46->0(46)
[2026-01-16T09:14:56.388+0000][gc,heap     ] GC(1056) Survivor regions: 5->5(7)
[2026-01-16T09:14:56.388+0000][gc,heap     ] GC(1056) Old regions: 151->152
[2026-01-16T09:14:56.388+0000][gc,heap     ] GC(1056) Humongous regions: 167->167
[2026-01-16T09:14:56.388+0000][gc,metaspace] GC(1056) Metaspace: 15771K(16256K)->15771K(16256K) NonClass: 14073K(14272K)->14073K(14272K) Class: 1697K(1984K)->1697K(1984K)
[2026-01-16T09:14:56.388+0000][gc          ] GC(1056) Pause Young (Normal) (G1 Evacuation Pause) 367M->322M(1024M) 183.799ms
[2026-01-16T09:14:56.388+0000][gc,cpu      ] GC(1056) User=0.08s Sys=0.01s Real=0.18s
[2026-01-16T09:14:57.255+0000][gc,start    ] GC(1057) Pause Young (Normal) (G1 Evacuation Pause)
[2026-01-16T09:14:57.258+0000][gc,task     ] GC(1057) Using 8 workers of 8 for evacuation
[2026-01-16T09:14:57.518+0000][gc,mmu      ] GC(1057) MMU target violated: 201.0ms (200.0ms/201.0ms)
[2026-01-16T09:14:57.519+0000][gc,phases   ] GC(1057)   Pre Evacuate Collection Set: 21.0ms
[2026-01-16T09:14:57.519+0000][gc,phases   ] GC(1057)   Merge Heap Roots: 3.0ms
[2026-01-16T09:14:57.520+0000][gc,phases   ] GC(1057)   Evacuate Collection Set: 220.8ms
[2026-01-16T09:14:57.521+0000][gc,phases   ] GC(1057)   Post Evacuate Collection Set: 6.4ms
[2026-01-16T09:14:57.523+0000][gc,phases   ] GC(1057)   Other: 9.2ms
[2026-01-16T09:14:57.523+0000][gc,heap     ] GC(1057) Eden regions: 46->0(47)
[2026-01-16T09:14:57.524+0000][gc,heap     ] GC(1057) Survivor regions: 5->4(7)
[2026-01-16T09:14:57.524+0000][gc,heap     ] GC(1057) Old regions: 152->153
[2026-01-16T09:14:57.528+0000][gc,heap     ] GC(1057) Humongous regions: 167->167
[2026-01-16T09:14:57.528+0000][gc,metaspace] GC(1057) Metaspace: 15771K(16256K)->15771K(16256K) NonClass: 14073K(14272K)->14073K(14272K) Class: 1697K(1984K)->1697K(1984K)
[2026-01-16T09:14:57.529+0000][gc          ] GC(1057) Pause Young (Normal) (G1 Evacuation Pause) 368M->323M(1024M) 274.625ms
[2026-01-16T09:14:57.530+0000][gc,cpu      ] GC(1057) User=0.14s Sys=0.00s Real=0.27s
[2026-01-16T09:14:58.429+0000][gc,start    ] GC(1058) Pause Young (Normal) (G1 Evacuation Pause)
[2026-01-16T09:14:58.432+0000][gc,task     ] GC(1058) Using 8 workers of 8 for evacuation
[2026-01-16T09:14:58.514+0000][gc,phases   ] GC(1058)   Pre Evacuate Collection Set: 2.0ms
[2026-01-16T09:14:58.515+0000][gc,phases   ] GC(1058)   Merge Heap Roots: 0.8ms
[2026-01-16T09:14:58.515+0000][gc,phases   ] GC(1058)   Evacuate Collection Set: 76.3ms
[2026-01-16T09:14:58.515+0000][gc,phases   ] GC(1058)   Post Evacuate Collection Set: 0.9ms
[2026-01-16T09:14:58.515+0000][gc,phases   ] GC(1058)   Other: 2.7ms
[2026-01-16T09:14:58.515+0000][gc,heap     ] GC(1058) Eden regions: 47->0(46)
[2026-01-16T09:14:58.515+0000][gc,heap     ] GC(1058) Survivor regions: 4->5(7)
[2026-01-16T09:14:58.515+0000][gc,heap     ] GC(1058) Old regions: 153->153
[2026-01-16T09:14:58.515+0000][gc,heap     ] GC(1058) Humongous regions: 167->167
[2026-01-16T09:14:58.515+0000][gc,metaspace] GC(1058) Metaspace: 15771K(16256K)->15771K(16256K) NonClass: 14074K(14272K)->14074K(14272K) Class: 1697K(1984K)->1697K(1984K)
[2026-01-16T09:14:58.522+0000][gc          ] GC(1058) Pause Young (Normal) (G1 Evacuation Pause) 370M->324M(1024M) 92.763ms
[2026-01-16T09:14:58.538+0000][gc,cpu      ] GC(1058) User=0.08s Sys=0.01s Real=0.11s
[2026-01-16T09:14:59.570+0000][gc,start    ] GC(1059) Pause Young (Normal) (G1 Evacuation Pause)
[2026-01-16T09:14:59.570+0000][gc,task     ] GC(1059) Using 8 workers of 8 for evacuation
[2026-01-16T09:14:59.826+0000][gc,mmu      ] GC(1059) MMU target violated: 201.0ms (200.0ms/201.0ms)
[2026-01-16T09:14:59.826+0000][gc,phases   ] GC(1059)   Pre Evacuate Collection Set: 3.2ms
[2026-01-16T09:14:59.826+0000][gc,phases   ] GC(1059)   Merge Heap Roots: 0.3ms
[2026-01-16T09:14:59.826+0000][gc,phases   ] GC(1059)   Evacuate Collection Set: 236.3ms
[2026-01-16T09:14:59.826+0000][gc,phases   ] GC(1059)   Post Evacuate Collection Set: 15.1ms
[2026-01-16T09:14:59.827+0000][gc,phases   ] GC(1059)   Other: 0.9ms
[2026-01-16T09:14:59.827+0000][gc,heap     ] GC(1059) Eden regions: 46->0(46)
[2026-01-16T09:14:59.827+0000][gc,heap     ] GC(1059) Survivor regions: 5->5(7)
[2026-01-16T09:14:59.827+0000][gc,heap     ] GC(1059) Old regions: 153->154
[2026-01-16T09:14:59.827+0000][gc,heap     ] GC(1059) Humongous regions: 167->167
[2026-01-16T09:14:59.827+0000][gc,metaspace] GC(1059) Metaspace: 15771K(16256K)->15771K(16256K) NonClass: 14074K(14272K)->14074K(14272K) Class: 1697K(1984K)->1697K(1984K)
[2026-01-16T09:14:59.827+0000][gc          ] GC(1059) Pause Young (Normal) (G1 Evacuation Pause) 370M->324M(1024M) 256.895ms
[2026-01-16T09:14:59.827+0000][gc,cpu      ] GC(1059) User=0.15s Sys=0.01s Real=0.26s
[2026-01-16T09:15:02.144+0000][gc,start    ] GC(1060) Pause Young (Normal) (G1 Evacuation Pause)
[2026-01-16T09:15:02.144+0000][gc,task     ] GC(1060) Using 8 workers of 8 for evacuation
[2026-01-16T09:15:02.870+0000][gc,mmu      ] GC(1060) MMU target violated: 201.0ms (200.0ms/201.0ms)
[2026-01-16T09:15:02.871+0000][gc,phases   ] GC(1060)   Pre Evacuate Collection Set: 65.5ms
[2026-01-16T09:15:02.873+0000][gc,phases   ] GC(1060)   Merge Heap Roots: 7.2ms
[2026-01-16T09:15:02.875+0000][gc,phases   ] GC(1060)   Evacuate Collection Set: 637.3ms
[2026-01-16T09:15:02.877+0000][gc,phases   ] GC(1060)   Post Evacuate Collection Set: 14.2ms
[2026-01-16T09:15:02.888+0000][gc,phases   ] GC(1060)   Other: 3.1ms
[2026-01-16T09:15:02.890+0000][gc,heap     ] GC(1060) Eden regions: 46->0(46)
[2026-01-16T09:15:02.891+0000][gc,heap     ] GC(1060) Survivor regions: 5->5(7)
[2026-01-16T09:15:02.894+0000][gc,heap     ] GC(1060) Old regions: 154->155
[2026-01-16T09:15:02.896+0000][gc,heap     ] GC(1060) Humongous regions: 167->167
[2026-01-16T09:15:02.896+0000][gc,metaspace] GC(1060) Metaspace: 15771K(16256K)->15771K(16256K) NonClass: 14074K(14272K)->14074K(14272K) Class: 1697K(1984K)->1697K(1984K)
[2026-01-16T09:15:02.897+0000][gc          ] GC(1060) Pause Young (Normal) (G1 Evacuation Pause) 370M->325M(1024M) 753.417ms
[2026-01-16T09:15:02.898+0000][gc,cpu      ] GC(1060) User=0.26s Sys=0.01s Real=0.76s
[2026-01-16T09:15:05.093+0000][gc,start    ] GC(1061) Pause Young (Normal) (G1 Evacuation Pause)
[2026-01-16T09:15:05.094+0000][gc,task     ] GC(1061) Using 8 workers of 8 for evacuation
[2026-01-16T09:15:05.302+0000][gc,mmu      ] GC(1061) MMU target violated: 201.0ms (200.0ms/201.0ms)
[2026-01-16T09:15:05.303+0000][gc,phases   ] GC(1061)   Pre Evacuate Collection Set: 10.9ms
[2026-01-16T09:15:05.303+0000][gc,phases   ] GC(1061)   Merge Heap Roots: 3.7ms
[2026-01-16T09:15:05.303+0000][gc,phases   ] GC(1061)   Evacuate Collection Set: 181.0ms
[2026-01-16T09:15:05.304+0000][gc,phases   ] GC(1061)   Post Evacuate Collection Set: 9.9ms
[2026-01-16T09:15:05.304+0000][gc,phases   ] GC(1061)   Other: 3.6ms
[2026-01-16T09:15:05.304+0000][gc,heap     ] GC(1061) Eden regions: 46->0(49)
[2026-01-16T09:15:05.304+0000][gc,heap     ] GC(1061) Survivor regions: 5->2(7)
[2026-01-16T09:15:05.305+0000][gc,heap     ] GC(1061) Old regions: 155->155
[2026-01-16T09:15:05.305+0000][gc,heap     ] GC(1061) Humongous regions: 167->167
[2026-01-16T09:15:05.306+0000][gc,metaspace] GC(1061) Metaspace: 15771K(16256K)->15771K(16256K) NonClass: 14074K(14272K)->14074K(14272K) Class: 1697K(1984K)->1697K(1984K)
[2026-01-16T09:15:05.307+0000][gc          ] GC(1061) Pause Young (Normal) (G1 Evacuation Pause) 371M->323M(1024M) 213.853ms
[2026-01-16T09:15:05.308+0000][gc,cpu      ] GC(1061) User=0.12s Sys=0.00s Real=0.22s
[2026-01-16T09:15:06.240+0000][gc,start    ] GC(1062) Pause Young (Normal) (G1 Evacuation Pause)
[2026-01-16T09:15:06.240+0000][gc,task     ] GC(1062) Using 8 workers of 8 for evacuation
[2026-01-16T09:15:06.335+0000][gc,phases   ] GC(1062)   Pre Evacuate Collection Set: 4.9ms
[2026-01-16T09:15:06.353+0000][gc,phases   ] GC(1062)   Merge Heap Roots: 4.3ms
[2026-01-16T09:15:06.354+0000][gc,phases   ] GC(1062)   Evacuate Collection Set: 67.1ms
[2026-01-16T09:15:06.354+0000][gc,phases   ] GC(1062)   Post Evacuate Collection Set: 3.1ms
[2026-01-16T09:15:06.354+0000][gc,phases   ] GC(1062)   Other: 15.4ms
[2026-01-16T09:15:06.359+0000][gc,heap     ] GC(1062) Eden regions: 49->0(48)
[2026-01-16T09:15:06.360+0000][gc,heap     ] GC(1062) Survivor regions: 2->3(7)
[2026-01-16T09:15:06.360+0000][gc,heap     ] GC(1062) Old regions: 155->155
[2026-01-16T09:15:06.360+0000][gc,heap     ] GC(1062) Humongous regions: 167->167
[2026-01-16T09:15:06.360+0000][gc,metaspace] GC(1062) Metaspace: 15771K(16256K)->15771K(16256K) NonClass: 14074K(14272K)->14074K(14272K) Class: 1697K(1984K)->1697K(1984K)
[2026-01-16T09:15:06.361+0000][gc          ] GC(1062) Pause Young (Normal) (G1 Evacuation Pause) 372M->324M(1024M) 121.191ms
[2026-01-16T09:15:06.361+0000][gc,cpu      ] GC(1062) User=0.05s Sys=0.01s Real=0.12s
[2026-01-16T09:15:07.578+0000][gc,start    ] GC(1063) Pause Young (Normal) (G1 Evacuation Pause)
[2026-01-16T09:15:07.579+0000][gc,task     ] GC(1063) Using 8 workers of 8 for evacuation
[2026-01-16T09:15:07.702+0000][gc,phases   ] GC(1063)   Pre Evacuate Collection Set: 9.7ms
[2026-01-16T09:15:07.703+0000][gc,phases   ] GC(1063)   Merge Heap Roots: 2.3ms
[2026-01-16T09:15:07.705+0000][gc,phases   ] GC(1063)   Evacuate Collection Set: 104.6ms
[2026-01-16T09:15:07.710+0000][gc,phases   ] GC(1063)   Post Evacuate Collection Set: 5.5ms
[2026-01-16T09:15:07.719+0000][gc,phases   ] GC(1063)   Other: 0.7ms
[2026-01-16T09:15:07.723+0000][gc,heap     ] GC(1063) Eden regions: 48->0(48)
[2026-01-16T09:15:07.723+0000][gc,heap     ] GC(1063) Survivor regions: 3->3(7)
[2026-01-16T09:15:07.724+0000][gc,heap     ] GC(1063) Old regions: 155->155
[2026-01-16T09:15:07.724+0000][gc,heap     ] GC(1063) Humongous regions: 167->167
[2026-01-16T09:15:07.725+0000][gc,metaspace] GC(1063) Metaspace: 15771K(16256K)->15771K(16256K) NonClass: 14074K(14272K)->14074K(14272K) Class: 1697K(1984K)->1697K(1984K)
[2026-01-16T09:15:07.726+0000][gc          ] GC(1063) Pause Young (Normal) (G1 Evacuation Pause) 372M->324M(1024M) 147.762ms
[2026-01-16T09:15:07.731+0000][gc,cpu      ] GC(1063) User=0.11s Sys=0.00s Real=0.15s
[2026-01-16T09:15:09.111+0000][gc,start    ] GC(1064) Pause Young (Normal) (G1 Evacuation Pause)
[2026-01-16T09:15:09.129+0000][gc,task     ] GC(1064) Using 8 workers of 8 for evacuation
[2026-01-16T09:15:09.247+0000][gc,phases   ] GC(1064)   Pre Evacuate Collection Set: 7.5ms
[2026-01-16T09:15:09.253+0000][gc,phases   ] GC(1064)   Merge Heap Roots: 0.7ms
[2026-01-16T09:15:09.254+0000][gc,phases   ] GC(1064)   Evacuate Collection Set: 106.5ms
[2026-01-16T09:15:09.255+0000][gc,phases   ] GC(1064)   Post Evacuate Collection Set: 1.6ms
[2026-01-16T09:15:09.255+0000][gc,phases   ] GC(1064)   Other: 2.3ms
[2026-01-16T09:15:09.259+0000][gc,heap     ] GC(1064) Eden regions: 48->0(47)
[2026-01-16T09:15:09.259+0000][gc,heap     ] GC(1064) Survivor regions: 3->4(7)
[2026-01-16T09:15:09.259+0000][gc,heap     ] GC(1064) Old regions: 155->155
[2026-01-16T09:15:09.260+0000][gc,heap     ] GC(1064) Humongous regions: 167->167
[2026-01-16T09:15:09.260+0000][gc,metaspace] GC(1064) Metaspace: 15785K(16256K)->15785K(16256K) NonClass: 14081K(14272K)->14081K(14272K) Class: 1703K(1984K)->1703K(1984K)
[2026-01-16T09:15:09.261+0000][gc          ] GC(1064) Pause Young (Normal) (G1 Evacuation Pause) 372M->325M(1024M) 150.155ms
[2026-01-16T09:15:09.261+0000][gc,cpu      ] GC(1064) User=0.17s Sys=0.00s Real=0.15s
[2026-01-16T09:15:13.770+0000][gc,start    ] GC(1065) Pause Young (Normal) (G1 Evacuation Pause)
[2026-01-16T09:15:13.782+0000][gc,task     ] GC(1065) Using 8 workers of 8 for evacuation
[2026-01-16T09:15:14.240+0000][gc,mmu      ] GC(1065) MMU target violated: 201.0ms (200.0ms/201.0ms)
[2026-01-16T09:15:14.242+0000][gc,phases   ] GC(1065)   Pre Evacuate Collection Set: 102.1ms
[2026-01-16T09:15:14.243+0000][gc,phases   ] GC(1065)   Merge Heap Roots: 7.0ms
[2026-01-16T09:15:14.244+0000][gc,phases   ] GC(1065)   Evacuate Collection Set: 322.8ms
[2026-01-16T09:15:14.245+0000][gc,phases   ] GC(1065)   Post Evacuate Collection Set: 17.9ms
[2026-01-16T09:15:14.247+0000][gc,phases   ] GC(1065)   Other: 14.2ms
[2026-01-16T09:15:14.248+0000][gc,heap     ] GC(1065) Eden regions: 47->0(49)
[2026-01-16T09:15:14.248+0000][gc,heap     ] GC(1065) Survivor regions: 4->2(7)
[2026-01-16T09:15:14.250+0000][gc,heap     ] GC(1065) Old regions: 155->155
[2026-01-16T09:15:14.252+0000][gc,heap     ] GC(1065) Humongous regions: 167->167
[2026-01-16T09:15:14.252+0000][gc,metaspace] GC(1065) Metaspace: 15785K(16256K)->15785K(16256K) NonClass: 14081K(14272K)->14081K(14272K) Class: 1703K(1984K)->1703K(1984K)
[2026-01-16T09:15:14.254+0000][gc          ] GC(1065) Pause Young (Normal) (G1 Evacuation Pause) 372M->323M(1024M) 484.558ms
[2026-01-16T09:15:14.257+0000][gc,cpu      ] GC(1065) User=0.24s Sys=0.02s Real=0.48s
[2026-01-16T09:15:17.378+0000][gc,start    ] GC(1066) Pause Young (Normal) (G1 Evacuation Pause)
[2026-01-16T09:15:17.381+0000][gc,task     ] GC(1066) Using 8 workers of 8 for evacuation
[2026-01-16T09:15:18.034+0000][gc,mmu      ] GC(1066) MMU target violated: 201.0ms (200.0ms/201.0ms)
[2026-01-16T09:15:18.035+0000][gc,phases   ] GC(1066)   Pre Evacuate Collection Set: 130.8ms
[2026-01-16T09:15:18.035+0000][gc,phases   ] GC(1066)   Merge Heap Roots: 48.5ms
[2026-01-16T09:15:18.035+0000][gc,phases   ] GC(1066)   Evacuate Collection Set: 401.2ms
[2026-01-16T09:15:18.035+0000][gc,phases   ] GC(1066)   Post Evacuate Collection Set: 38.6ms
[2026-01-16T09:15:18.036+0000][gc,phases   ] GC(1066)   Other: 35.1ms
[2026-01-16T09:15:18.036+0000][gc,heap     ] GC(1066) Eden regions: 49->0(48)
[2026-01-16T09:15:18.036+0000][gc,heap     ] GC(1066) Survivor regions: 2->3(7)
[2026-01-16T09:15:18.036+0000][gc,heap     ] GC(1066) Old regions: 155->155
[2026-01-16T09:15:18.036+0000][gc,heap     ] GC(1066) Humongous regions: 167->167
[2026-01-16T09:15:18.036+0000][gc,metaspace] GC(1066) Metaspace: 15785K(16256K)->15785K(16256K) NonClass: 14081K(14272K)->14081K(14272K) Class: 1703K(1984K)->1703K(1984K)
[2026-01-16T09:15:18.036+0000][gc          ] GC(1066) Pause Young (Normal) (G1 Evacuation Pause) 372M->324M(1024M) 658.663ms
[2026-01-16T09:15:18.037+0000][gc,cpu      ] GC(1066) User=0.24s Sys=0.01s Real=0.65s
[2026-01-16T09:15:18.969+0000][gc,start    ] GC(1067) Pause Young (Normal) (G1 Evacuation Pause)
[2026-01-16T09:15:18.975+0000][gc,task     ] GC(1067) Using 8 workers of 8 for evacuation
[2026-01-16T09:15:19.066+0000][gc,phases   ] GC(1067)   Pre Evacuate Collection Set: 12.7ms
[2026-01-16T09:15:19.067+0000][gc,phases   ] GC(1067)   Merge Heap Roots: 3.8ms
[2026-01-16T09:15:19.071+0000][gc,phases   ] GC(1067)   Evacuate Collection Set: 67.1ms
[2026-01-16T09:15:19.072+0000][gc,phases   ] GC(1067)   Post Evacuate Collection Set: 4.4ms
[2026-01-16T09:15:19.072+0000][gc,phases   ] GC(1067)   Other: 3.1ms
[2026-01-16T09:15:19.072+0000][gc,heap     ] GC(1067) Eden regions: 48->0(47)
[2026-01-16T09:15:19.073+0000][gc,heap     ] GC(1067) Survivor regions: 3->4(7)
[2026-01-16T09:15:19.074+0000][gc,heap     ] GC(1067) Old regions: 155->155
[2026-01-16T09:15:19.075+0000][gc,heap     ] GC(1067) Humongous regions: 167->167
[2026-01-16T09:15:19.076+0000][gc,metaspace] GC(1067) Metaspace: 15785K(16256K)->15785K(16256K) NonClass: 14081K(14272K)->14081K(14272K) Class: 1703K(1984K)->1703K(1984K)
[2026-01-16T09:15:19.077+0000][gc          ] GC(1067) Pause Young (Normal) (G1 Evacuation Pause) 372M->325M(1024M) 109.678ms
[2026-01-16T09:15:19.078+0000][gc,cpu      ] GC(1067) User=0.06s Sys=0.01s Real=0.11s
[2026-01-16T09:15:19.885+0000][gc,start    ] GC(1068) Pause Young (Normal) (G1 Evacuation Pause)
[2026-01-16T09:15:19.889+0000][gc,task     ] GC(1068) Using 8 workers of 8 for evacuation
[2026-01-16T09:15:19.983+0000][gc,phases   ] GC(1068)   Pre Evacuate Collection Set: 4.6ms
[2026-01-16T09:15:19.986+0000][gc,phases   ] GC(1068)   Merge Heap Roots: 0.5ms
[2026-01-16T09:15:19.993+0000][gc,phases   ] GC(1068)   Evacuate Collection Set: 82.4ms
[2026-01-16T09:15:19.994+0000][gc,phases   ] GC(1068)   Post Evacuate Collection Set: 4.6ms
[2026-01-16T09:15:19.994+0000][gc,phases   ] GC(1068)   Other: 0.9ms
[2026-01-16T09:15:19.995+0000][gc,heap     ] GC(1068) Eden regions: 47->0(47)
[2026-01-16T09:15:19.995+0000][gc,heap     ] GC(1068) Survivor regions: 4->4(7)
[2026-01-16T09:15:19.995+0000][gc,heap     ] GC(1068) Old regions: 155->155
[2026-01-16T09:15:19.996+0000][gc,heap     ] GC(1068) Humongous regions: 167->167
[2026-01-16T09:15:19.996+0000][gc,metaspace] GC(1068) Metaspace: 15785K(16256K)->15785K(16256K) NonClass: 14081K(14272K)->14081K(14272K) Class: 1703K(1984K)->1703K(1984K)
[2026-01-16T09:15:20.006+0000][gc          ] GC(1068) Pause Young (Normal) (G1 Evacuation Pause) 372M->325M(1024M) 120.356ms
[2026-01-16T09:15:20.015+0000][gc,cpu      ] GC(1068) User=0.05s Sys=0.00s Real=0.13s
[2026-01-16T09:15:21.521+0000][gc,start    ] GC(1069) Pause Young (Normal) (G1 Evacuation Pause)
[2026-01-16T09:15:21.522+0000][gc,task     ] GC(1069) Using 8 workers of 8 for evacuation
[2026-01-16T09:15:21.649+0000][gc,phases   ] GC(1069)   Pre Evacuate Collection Set: 7.9ms
[2026-01-16T09:15:21.650+0000][gc,phases   ] GC(1069)   Merge Heap Roots: 1.3ms
[2026-01-16T09:15:21.651+0000][gc,phases   ] GC(1069)   Evacuate Collection Set: 110.2ms
[2026-01-16T09:15:21.652+0000][gc,phases   ] GC(1069)   Post Evacuate Collection Set: 6.9ms
[2026-01-16T09:15:21.653+0000][gc,phases   ] GC(1069)   Other: 0.7ms
[2026-01-16T09:15:21.653+0000][gc,heap     ] GC(1069) Eden regions: 47->0(48)
[2026-01-16T09:15:21.654+0000][gc,heap     ] GC(1069) Survivor regions: 4->3(7)
[2026-01-16T09:15:21.654+0000][gc,heap     ] GC(1069) Old regions: 155->155
[2026-01-16T09:15:21.654+0000][gc,heap     ] GC(1069) Humongous regions: 167->167
[2026-01-16T09:15:21.655+0000][gc,metaspace] GC(1069) Metaspace: 15785K(16256K)->15785K(16256K) NonClass: 14081K(14272K)->14081K(14272K) Class: 1703K(1984K)->1703K(1984K)
[2026-01-16T09:15:21.656+0000][gc          ] GC(1069) Pause Young (Normal) (G1 Evacuation Pause) 372M->323M(1024M) 134.735ms
[2026-01-16T09:15:21.657+0000][gc,cpu      ] GC(1069) User=0.09s Sys=0.00s Real=0.13s
[2026-01-16T09:15:23.536+0000][gc,start    ] GC(1070) Pause Young (Normal) (G1 Evacuation Pause)
[2026-01-16T09:15:23.538+0000][gc,task     ] GC(1070) Using 8 workers of 8 for evacuation
[2026-01-16T09:15:23.691+0000][gc,phases   ] GC(1070)   Pre Evacuate Collection Set: 11.6ms
[2026-01-16T09:15:23.692+0000][gc,phases   ] GC(1070)   Merge Heap Roots: 6.4ms
[2026-01-16T09:15:23.695+0000][gc,phases   ] GC(1070)   Evacuate Collection Set: 131.5ms
[2026-01-16T09:15:23.695+0000][gc,phases   ] GC(1070)   Post Evacuate Collection Set: 3.1ms
[2026-01-16T09:15:23.695+0000][gc,phases   ] GC(1070)   Other: 0.5ms
[2026-01-16T09:15:23.696+0000][gc,heap     ] GC(1070) Eden regions: 48->0(47)
[2026-01-16T09:15:23.697+0000][gc,heap     ] GC(1070) Survivor regions: 3->4(7)
[2026-01-16T09:15:23.697+0000][gc,heap     ] GC(1070) Old regions: 155->155
[2026-01-16T09:15:23.698+0000][gc,heap     ] GC(1070) Humongous regions: 167->167
[2026-01-16T09:15:23.698+0000][gc,metaspace] GC(1070) Metaspace: 15786K(16256K)->15786K(16256K) NonClass: 14082K(14272K)->14082K(14272K) Class: 1703K(1984K)->1703K(1984K)
[2026-01-16T09:15:23.699+0000][gc          ] GC(1070) Pause Young (Normal) (G1 Evacuation Pause) 371M->325M(1024M) 162.621ms
[2026-01-16T09:15:23.699+0000][gc,cpu      ] GC(1070) User=0.12s Sys=0.00s Real=0.17s
[2026-01-16T09:15:26.580+0000][gc,start    ] GC(1071) Pause Young (Normal) (G1 Evacuation Pause)
[2026-01-16T09:15:26.583+0000][gc,task     ] GC(1071) Using 8 workers of 8 for evacuation
[2026-01-16T09:15:26.758+0000][gc,phases   ] GC(1071)   Pre Evacuate Collection Set: 20.9ms
[2026-01-16T09:15:26.759+0000][gc,phases   ] GC(1071)   Merge Heap Roots: 3.1ms
[2026-01-16T09:15:26.760+0000][gc,phases   ] GC(1071)   Evacuate Collection Set: 137.3ms
[2026-01-16T09:15:26.760+0000][gc,phases   ] GC(1071)   Post Evacuate Collection Set: 11.7ms
[2026-01-16T09:15:26.761+0000][gc,phases   ] GC(1071)   Other: 3.3ms
[2026-01-16T09:15:26.761+0000][gc,heap     ] GC(1071) Eden regions: 47->0(47)
[2026-01-16T09:15:26.761+0000][gc,heap     ] GC(1071) Survivor regions: 4->4(7)
[2026-01-16T09:15:26.762+0000][gc,heap     ] GC(1071) Old regions: 155->156
[2026-01-16T09:15:26.763+0000][gc,heap     ] GC(1071) Humongous regions: 167->167
[2026-01-16T09:15:26.764+0000][gc,metaspace] GC(1071) Metaspace: 15786K(16256K)->15786K(16256K) NonClass: 14082K(14272K)->14082K(14272K) Class: 1703K(1984K)->1703K(1984K)
[2026-01-16T09:15:26.765+0000][gc          ] GC(1071) Pause Young (Normal) (G1 Evacuation Pause) 372M->326M(1024M) 185.257ms
[2026-01-16T09:15:26.766+0000][gc,cpu      ] GC(1071) User=0.18s Sys=0.00s Real=0.18s
[2026-01-16T09:15:29.437+0000][gc,start    ] GC(1072) Pause Young (Normal) (G1 Evacuation Pause)
[2026-01-16T09:15:29.441+0000][gc,task     ] GC(1072) Using 8 workers of 8 for evacuation
[2026-01-16T09:15:29.670+0000][gc,mmu      ] GC(1072) MMU target violated: 201.0ms (200.0ms/201.0ms)
[2026-01-16T09:15:29.671+0000][gc,phases   ] GC(1072)   Pre Evacuate Collection Set: 19.7ms
[2026-01-16T09:15:29.671+0000][gc,phases   ] GC(1072)   Merge Heap Roots: 2.9ms
[2026-01-16T09:15:29.682+0000][gc,phases   ] GC(1072)   Evacuate Collection Set: 188.1ms
[2026-01-16T09:15:29.683+0000][gc,phases   ] GC(1072)   Post Evacuate Collection Set: 15.8ms
[2026-01-16T09:15:29.685+0000][gc,phases   ] GC(1072)   Other: 3.9ms
[2026-01-16T09:15:29.685+0000][gc,heap     ] GC(1072) Eden regions: 47->0(49)
[2026-01-16T09:15:29.690+0000][gc,heap     ] GC(1072) Survivor regions: 4->2(7)
[2026-01-16T09:15:29.691+0000][gc,heap     ] GC(1072) Old regions: 156->156
[2026-01-16T09:15:29.693+0000][gc,heap     ] GC(1072) Humongous regions: 167->167
[2026-01-16T09:15:29.695+0000][gc,metaspace] GC(1072) Metaspace: 15786K(16256K)->15786K(16256K) NonClass: 14082K(14272K)->14082K(14272K) Class: 1703K(1984K)->1703K(1984K)
[2026-01-16T09:15:29.707+0000][gc          ] GC(1072) Pause Young (Normal) (G1 Evacuation Pause) 373M->324M(1024M) 270.639ms
[2026-01-16T09:15:29.708+0000][gc,cpu      ] GC(1072) User=0.17s Sys=0.00s Real=0.27s
[2026-01-16T09:15:31.353+0000][gc,start    ] GC(1073) Pause Young (Normal) (G1 Evacuation Pause)
[2026-01-16T09:15:31.358+0000][gc,task     ] GC(1073) Using 8 workers of 8 for evacuation
[2026-01-16T09:15:31.654+0000][gc,mmu      ] GC(1073) MMU target violated: 201.0ms (200.0ms/201.0ms)
[2026-01-16T09:15:31.655+0000][gc,phases   ] GC(1073)   Pre Evacuate Collection Set: 39.4ms
[2026-01-16T09:15:31.657+0000][gc,phases   ] GC(1073)   Merge Heap Roots: 1.8ms
[2026-01-16T09:15:31.657+0000][gc,phases   ] GC(1073)   Evacuate Collection Set: 232.2ms
[2026-01-16T09:15:31.657+0000][gc,phases   ] GC(1073)   Post Evacuate Collection Set: 14.1ms
[2026-01-16T09:15:31.658+0000][gc,phases   ] GC(1073)   Other: 9.7ms
[2026-01-16T09:15:31.658+0000][gc,heap     ] GC(1073) Eden regions: 49->0(49)
[2026-01-16T09:15:31.658+0000][gc,heap     ] GC(1073) Survivor regions: 2->2(7)
[2026-01-16T09:15:31.659+0000][gc,heap     ] GC(1073) Old regions: 156->156
[2026-01-16T09:15:31.659+0000][gc,heap     ] GC(1073) Humongous regions: 167->167
[2026-01-16T09:15:31.659+0000][gc,metaspace] GC(1073) Metaspace: 15786K(16256K)->15786K(16256K) NonClass: 14082K(14272K)->14082K(14272K) Class: 1703K(1984K)->1703K(1984K)
[2026-01-16T09:15:31.660+0000][gc          ] GC(1073) Pause Young (Normal) (G1 Evacuation Pause) 373M->324M(1024M) 307.665ms
[2026-01-16T09:15:31.660+0000][gc,cpu      ] GC(1073) User=0.18s Sys=0.01s Real=0.31s
[2026-01-16T09:15:33.033+0000][gc,start    ] GC(1074) Pause Young (Normal) (G1 Evacuation Pause)
[2026-01-16T09:15:33.034+0000][gc,task     ] GC(1074) Using 8 workers of 8 for evacuation
[2026-01-16T09:15:33.243+0000][gc,mmu      ] GC(1074) MMU target violated: 201.0ms (200.0ms/201.0ms)
[2026-01-16T09:15:33.245+0000][gc,phases   ] GC(1074)   Pre Evacuate Collection Set: 15.0ms
[2026-01-16T09:15:33.247+0000][gc,phases   ] GC(1074)   Merge Heap Roots: 1.9ms
[2026-01-16T09:15:33.247+0000][gc,phases   ] GC(1074)   Evacuate Collection Set: 176.9ms
[2026-01-16T09:15:33.249+0000][gc,phases   ] GC(1074)   Post Evacuate Collection Set: 14.2ms
[2026-01-16T09:15:33.250+0000][gc,phases   ] GC(1074)   Other: 2.7ms
[2026-01-16T09:15:33.251+0000][gc,heap     ] GC(1074) Eden regions: 49->0(48)
[2026-01-16T09:15:33.252+0000][gc,heap     ] GC(1074) Survivor regions: 2->3(7)
[2026-01-16T09:15:33.252+0000][gc,heap     ] GC(1074) Old regions: 156->157
[2026-01-16T09:15:33.254+0000][gc,heap     ] GC(1074) Humongous regions: 167->167
[2026-01-16T09:15:33.258+0000][gc,metaspace] GC(1074) Metaspace: 15786K(16256K)->15786K(16256K) NonClass: 14082K(14272K)->14082K(14272K) Class: 1703K(1984K)->1703K(1984K)
[2026-01-16T09:15:33.260+0000][gc          ] GC(1074) Pause Young (Normal) (G1 Evacuation Pause) 373M->325M(1024M) 226.739ms
[2026-01-16T09:15:33.260+0000][gc,cpu      ] GC(1074) User=0.11s Sys=0.02s Real=0.23s
[2026-01-16T09:15:36.504+0000][gc,start    ] GC(1075) Pause Young (Normal) (G1 Evacuation Pause)
[2026-01-16T09:15:36.507+0000][gc,task     ] GC(1075) Using 8 workers of 8 for evacuation
[2026-01-16T09:15:36.748+0000][gc,mmu      ] GC(1075) MMU target violated: 201.0ms (200.0ms/201.0ms)
[2026-01-16T09:15:36.749+0000][gc,phases   ] GC(1075)   Pre Evacuate Collection Set: 21.6ms
[2026-01-16T09:15:36.749+0000][gc,phases   ] GC(1075)   Merge Heap Roots: 0.6ms
[2026-01-16T09:15:36.750+0000][gc,phases   ] GC(1075)   Evacuate Collection Set: 196.9ms
[2026-01-16T09:15:36.751+0000][gc,phases   ] GC(1075)   Post Evacuate Collection Set: 17.9ms
[2026-01-16T09:15:36.757+0000][gc,phases   ] GC(1075)   Other: 4.5ms
[2026-01-16T09:15:36.761+0000][gc,heap     ] GC(1075) Eden regions: 48->0(47)
[2026-01-16T09:15:36.762+0000][gc,heap     ] GC(1075) Survivor regions: 3->4(7)
[2026-01-16T09:15:36.763+0000][gc,heap     ] GC(1075) Old regions: 157->157
[2026-01-16T09:15:36.764+0000][gc,heap     ] GC(1075) Humongous regions: 167->167
[2026-01-16T09:15:36.764+0000][gc,metaspace] GC(1075) Metaspace: 15786K(16256K)->15786K(16256K) NonClass: 14082K(14272K)->14082K(14272K) Class: 1703K(1984K)->1703K(1984K)
[2026-01-16T09:15:36.765+0000][gc          ] GC(1075) Pause Young (Normal) (G1 Evacuation Pause) 373M->326M(1024M) 260.351ms
[2026-01-16T09:15:36.765+0000][gc,cpu      ] GC(1075) User=0.19s Sys=0.02s Real=0.26s
[2026-01-16T09:15:40.656+0000][gc,start    ] GC(1076) Pause Young (Normal) (G1 Evacuation Pause)
[2026-01-16T09:15:40.658+0000][gc,task     ] GC(1076) Using 8 workers of 8 for evacuation
[2026-01-16T09:15:41.121+0000][gc,mmu      ] GC(1076) MMU target violated: 201.0ms (200.0ms/201.0ms)
[2026-01-16T09:15:41.124+0000][gc,phases   ] GC(1076)   Pre Evacuate Collection Set: 55.7ms
[2026-01-16T09:15:41.125+0000][gc,phases   ] GC(1076)   Merge Heap Roots: 16.7ms
[2026-01-16T09:15:41.126+0000][gc,phases   ] GC(1076)   Evacuate Collection Set: 365.7ms
[2026-01-16T09:15:41.127+0000][gc,phases   ] GC(1076)   Post Evacuate Collection Set: 22.1ms
[2026-01-16T09:15:41.128+0000][gc,phases   ] GC(1076)   Other: 6.1ms
[2026-01-16T09:15:41.128+0000][gc,heap     ] GC(1076) Eden regions: 47->0(49)
[2026-01-16T09:15:41.128+0000][gc,heap     ] GC(1076) Survivor regions: 4->2(7)
[2026-01-16T09:15:41.128+0000][gc,heap     ] GC(1076) Old regions: 157->157
[2026-01-16T09:15:41.129+0000][gc,heap     ] GC(1076) Humongous regions: 167->167
[2026-01-16T09:15:41.129+0000][gc,metaspace] GC(1076) Metaspace: 15786K(16256K)->15786K(16256K) NonClass: 14082K(14272K)->14082K(14272K) Class: 1703K(1984K)->1703K(1984K)
[2026-01-16T09:15:41.131+0000][gc          ] GC(1076) Pause Young (Normal) (G1 Evacuation Pause) 373M->324M(1024M) 475.234ms
[2026-01-16T09:15:41.132+0000][gc,cpu      ] GC(1076) User=0.22s Sys=0.00s Real=0.47s
[2026-01-16T09:15:43.487+0000][gc,start    ] GC(1077) Pause Young (Normal) (G1 Evacuation Pause)
[2026-01-16T09:15:43.488+0000][gc,task     ] GC(1077) Using 8 workers of 8 for evacuation
[2026-01-16T09:15:43.678+0000][gc,phases   ] GC(1077)   Pre Evacuate Collection Set: 28.3ms
[2026-01-16T09:15:43.678+0000][gc,phases   ] GC(1077)   Merge Heap Roots: 4.2ms
[2026-01-16T09:15:43.678+0000][gc,phases   ] GC(1077)   Evacuate Collection Set: 140.8ms
[2026-01-16T09:15:43.679+0000][gc,phases   ] GC(1077)   Post Evacuate Collection Set: 14.5ms
[2026-01-16T09:15:43.680+0000][gc,phases   ] GC(1077)   Other: 1.8ms
[2026-01-16T09:15:43.680+0000][gc,heap     ] GC(1077) Eden regions: 49->0(49)
[2026-01-16T09:15:43.680+0000][gc,heap     ] GC(1077) Survivor regions: 2->2(7)
[2026-01-16T09:15:43.680+0000][gc,heap     ] GC(1077) Old regions: 157->157
[2026-01-16T09:15:43.680+0000][gc,heap     ] GC(1077) Humongous regions: 167->167
[2026-01-16T09:15:43.680+0000][gc,metaspace] GC(1077) Metaspace: 15786K(16256K)->15786K(16256K) NonClass: 14082K(14272K)->14082K(14272K) Class: 1703K(1984K)->1703K(1984K)
[2026-01-16T09:15:43.681+0000][gc          ] GC(1077) Pause Young (Normal) (G1 Evacuation Pause) 373M->324M(1024M) 193.714ms
[2026-01-16T09:15:43.681+0000][gc,cpu      ] GC(1077) User=0.11s Sys=0.00s Real=0.19s
[2026-01-16T09:15:44.653+0000][gc,start    ] GC(1078) Pause Young (Normal) (G1 Evacuation Pause)
[2026-01-16T09:15:44.653+0000][gc,task     ] GC(1078) Using 8 workers of 8 for evacuation
[2026-01-16T09:15:44.793+0000][gc,phases   ] GC(1078)   Pre Evacuate Collection Set: 3.9ms
[2026-01-16T09:15:44.793+0000][gc,phases   ] GC(1078)   Merge Heap Roots: 5.4ms
[2026-01-16T09:15:44.795+0000][gc,phases   ] GC(1078)   Evacuate Collection Set: 126.3ms
[2026-01-16T09:15:44.795+0000][gc,phases   ] GC(1078)   Post Evacuate Collection Set: 3.0ms
[2026-01-16T09:15:44.795+0000][gc,phases   ] GC(1078)   Other: 0.9ms
[2026-01-16T09:15:44.796+0000][gc,heap     ] GC(1078) Eden regions: 49->0(48)
[2026-01-16T09:15:44.796+0000][gc,heap     ] GC(1078) Survivor regions: 2->3(7)
[2026-01-16T09:15:44.796+0000][gc,heap     ] GC(1078) Old regions: 157->157
[2026-01-16T09:15:44.796+0000][gc,heap     ] GC(1078) Humongous regions: 167->167
[2026-01-16T09:15:44.796+0000][gc,metaspace] GC(1078) Metaspace: 15786K(16256K)->15786K(16256K) NonClass: 14082K(14272K)->14082K(14272K) Class: 1703K(1984K)->1703K(1984K)
[2026-01-16T09:15:44.797+0000][gc          ] GC(1078) Pause Young (Normal) (G1 Evacuation Pause) 373M->325M(1024M) 143.725ms
[2026-01-16T09:15:44.797+0000][gc,cpu      ] GC(1078) User=0.06s Sys=0.01s Real=0.14s
[2026-01-16T09:15:46.938+0000][gc,start    ] GC(1079) Pause Young (Normal) (G1 Evacuation Pause)
[2026-01-16T09:15:46.962+0000][gc,task     ] GC(1079) Using 8 workers of 8 for evacuation
[2026-01-16T09:15:47.152+0000][gc,phases   ] GC(1079)   Pre Evacuate Collection Set: 75.3ms
[2026-01-16T09:15:47.153+0000][gc,phases   ] GC(1079)   Merge Heap Roots: 7.8ms
[2026-01-16T09:15:47.153+0000][gc,phases   ] GC(1079)   Evacuate Collection Set: 93.7ms
[2026-01-16T09:15:47.154+0000][gc,phases   ] GC(1079)   Post Evacuate Collection Set: 7.4ms
[2026-01-16T09:15:47.155+0000][gc,phases   ] GC(1079)   Other: 5.6ms
[2026-01-16T09:15:47.155+0000][gc,heap     ] GC(1079) Eden regions: 48->0(47)
[2026-01-16T09:15:47.158+0000][gc,heap     ] GC(1079) Survivor regions: 3->4(7)
[2026-01-16T09:15:47.160+0000][gc,heap     ] GC(1079) Old regions: 157->157
[2026-01-16T09:15:47.162+0000][gc,heap     ] GC(1079) Humongous regions: 167->167
[2026-01-16T09:15:47.164+0000][gc,metaspace] GC(1079) Metaspace: 15786K(16256K)->15786K(16256K) NonClass: 14082K(14272K)->14082K(14272K) Class: 1703K(1984K)->1703K(1984K)
[2026-01-16T09:15:47.165+0000][gc          ] GC(1079) Pause Young (Normal) (G1 Evacuation Pause) 373M->326M(1024M) 227.311ms
[2026-01-16T09:15:47.166+0000][gc,cpu      ] GC(1079) User=0.13s Sys=0.02s Real=0.23s
[2026-01-16T09:15:52.256+0000][gc,start    ] GC(1080) Pause Young (Normal) (G1 Evacuation Pause)
[2026-01-16T09:15:52.258+0000][gc,task     ] GC(1080) Using 8 workers of 8 for evacuation
[2026-01-16T09:15:52.686+0000][gc,mmu      ] GC(1080) MMU target violated: 201.0ms (200.0ms/201.0ms)
[2026-01-16T09:15:52.688+0000][gc,phases   ] GC(1080)   Pre Evacuate Collection Set: 38.3ms
[2026-01-16T09:15:52.689+0000][gc,phases   ] GC(1080)   Merge Heap Roots: 5.3ms
[2026-01-16T09:15:52.689+0000][gc,phases   ] GC(1080)   Evacuate Collection Set: 367.9ms
[2026-01-16T09:15:52.690+0000][gc,phases   ] GC(1080)   Post Evacuate Collection Set: 15.4ms
[2026-01-16T09:15:52.690+0000][gc,phases   ] GC(1080)   Other: 4.0ms
[2026-01-16T09:15:52.690+0000][gc,heap     ] GC(1080) Eden regions: 47->0(49)
[2026-01-16T09:15:52.690+0000][gc,heap     ] GC(1080) Survivor regions: 4->2(7)
[2026-01-16T09:15:52.691+0000][gc,heap     ] GC(1080) Old regions: 157->157
[2026-01-16T09:15:52.691+0000][gc,heap     ] GC(1080) Humongous regions: 167->167
[2026-01-16T09:15:52.693+0000][gc,metaspace] GC(1080) Metaspace: 15786K(16256K)->15786K(16256K) NonClass: 14082K(14272K)->14082K(14272K) Class: 1703K(1984K)->1703K(1984K)
[2026-01-16T09:15:52.695+0000][gc          ] GC(1080) Pause Young (Normal) (G1 Evacuation Pause) 373M->324M(1024M) 439.131ms
[2026-01-16T09:15:52.696+0000][gc,cpu      ] GC(1080) User=0.29s Sys=0.01s Real=0.44s
[2026-01-16T09:15:55.432+0000][gc,start    ] GC(1081) Pause Young (Normal) (G1 Evacuation Pause)
[2026-01-16T09:15:55.496+0000][gc,task     ] GC(1081) Using 8 workers of 8 for evacuation
[2026-01-16T09:15:56.217+0000][gc,mmu      ] GC(1081) MMU target violated: 201.0ms (200.0ms/201.0ms)
[2026-01-16T09:15:56.220+0000][gc,phases   ] GC(1081)   Pre Evacuate Collection Set: 57.7ms
[2026-01-16T09:15:56.224+0000][gc,phases   ] GC(1081)   Merge Heap Roots: 20.9ms
[2026-01-16T09:15:56.225+0000][gc,phases   ] GC(1081)   Evacuate Collection Set: 613.8ms
[2026-01-16T09:15:56.226+0000][gc,phases   ] GC(1081)   Post Evacuate Collection Set: 13.6ms
[2026-01-16T09:15:56.226+0000][gc,phases   ] GC(1081)   Other: 18.6ms
[2026-01-16T09:15:56.227+0000][gc,heap     ] GC(1081) Eden regions: 49->0(48)
[2026-01-16T09:15:56.228+0000][gc,heap     ] GC(1081) Survivor regions: 2->3(7)
[2026-01-16T09:15:56.230+0000][gc,heap     ] GC(1081) Old regions: 157->157
[2026-01-16T09:15:56.230+0000][gc,heap     ] GC(1081) Humongous regions: 167->167
[2026-01-16T09:15:56.231+0000][gc,metaspace] GC(1081) Metaspace: 15788K(16256K)->15788K(16256K) NonClass: 14084K(14272K)->14084K(14272K) Class: 1703K(1984K)->1703K(1984K)
[2026-01-16T09:15:56.231+0000][gc          ] GC(1081) Pause Young (Normal) (G1 Evacuation Pause) 373M->325M(1024M) 798.764ms
[2026-01-16T09:15:56.232+0000][gc,cpu      ] GC(1081) User=0.20s Sys=0.00s Real=0.80s
[2026-01-16T09:15:57.384+0000][gc,start    ] GC(1082) Pause Young (Normal) (G1 Evacuation Pause)
[2026-01-16T09:15:57.404+0000][gc,task     ] GC(1082) Using 8 workers of 8 for evacuation
[2026-01-16T09:15:57.553+0000][gc,phases   ] GC(1082)   Pre Evacuate Collection Set: 18.6ms
[2026-01-16T09:15:57.591+0000][gc,phases   ] GC(1082)   Merge Heap Roots: 3.8ms
[2026-01-16T09:15:57.592+0000][gc,phases   ] GC(1082)   Evacuate Collection Set: 116.7ms
[2026-01-16T09:15:57.593+0000][gc,phases   ] GC(1082)   Post Evacuate Collection Set: 5.0ms
[2026-01-16T09:15:57.593+0000][gc,phases   ] GC(1082)   Other: 20.8ms
[2026-01-16T09:15:57.593+0000][gc,heap     ] GC(1082) Eden regions: 48->0(48)
[2026-01-16T09:15:57.594+0000][gc,heap     ] GC(1082) Survivor regions: 3->3(7)
[2026-01-16T09:15:57.594+0000][gc,heap     ] GC(1082) Old regions: 157->157
[2026-01-16T09:15:57.595+0000][gc,heap     ] GC(1082) Humongous regions: 167->167
[2026-01-16T09:15:57.596+0000][gc,metaspace] GC(1082) Metaspace: 15788K(16256K)->15788K(16256K) NonClass: 14084K(14272K)->14084K(14272K) Class: 1703K(1984K)->1703K(1984K)
[2026-01-16T09:15:57.597+0000][gc          ] GC(1082) Pause Young (Normal) (G1 Evacuation Pause) 373M->326M(1024M) 212.721ms
[2026-01-16T09:15:57.599+0000][gc,cpu      ] GC(1082) User=0.08s Sys=0.01s Real=0.21s
[2026-01-16T09:15:59.383+0000][gc,start    ] GC(1083) Pause Young (Normal) (G1 Evacuation Pause)
[2026-01-16T09:15:59.386+0000][gc,task     ] GC(1083) Using 8 workers of 8 for evacuation
[2026-01-16T09:15:59.549+0000][gc,phases   ] GC(1083)   Pre Evacuate Collection Set: 16.1ms
[2026-01-16T09:15:59.549+0000][gc,phases   ] GC(1083)   Merge Heap Roots: 2.2ms
[2026-01-16T09:15:59.550+0000][gc,phases   ] GC(1083)   Evacuate Collection Set: 121.0ms
[2026-01-16T09:15:59.550+0000][gc,phases   ] GC(1083)   Post Evacuate Collection Set: 3.0ms
[2026-01-16T09:15:59.550+0000][gc,phases   ] GC(1083)   Other: 20.8ms
[2026-01-16T09:15:59.550+0000][gc,heap     ] GC(1083) Eden regions: 48->0(49)
[2026-01-16T09:15:59.550+0000][gc,heap     ] GC(1083) Survivor regions: 3->2(7)
[2026-01-16T09:15:59.550+0000][gc,heap     ] GC(1083) Old regions: 157->157
[2026-01-16T09:15:59.550+0000][gc,heap     ] GC(1083) Humongous regions: 167->167
[2026-01-16T09:15:59.550+0000][gc,metaspace] GC(1083) Metaspace: 15788K(16256K)->15788K(16256K) NonClass: 14084K(14272K)->14084K(14272K) Class: 1703K(1984K)->1703K(1984K)
[2026-01-16T09:15:59.551+0000][gc          ] GC(1083) Pause Young (Normal) (G1 Evacuation Pause) 374M->324M(1024M) 167.664ms
[2026-01-16T09:15:59.551+0000][gc,cpu      ] GC(1083) User=0.09s Sys=0.00s Real=0.16s
[2026-01-16T09:16:01.514+0000][gc,start    ] GC(1084) Pause Young (Normal) (G1 Evacuation Pause)
[2026-01-16T09:16:01.517+0000][gc,task     ] GC(1084) Using 8 workers of 8 for evacuation
[2026-01-16T09:16:01.849+0000][gc,mmu      ] GC(1084) MMU target violated: 201.0ms (200.0ms/201.0ms)
[2026-01-16T09:16:01.849+0000][gc,phases   ] GC(1084)   Pre Evacuate Collection Set: 34.7ms
[2026-01-16T09:16:01.850+0000][gc,phases   ] GC(1084)   Merge Heap Roots: 1.6ms
[2026-01-16T09:16:01.850+0000][gc,phases   ] GC(1084)   Evacuate Collection Set: 275.4ms
[2026-01-16T09:16:01.854+0000][gc,phases   ] GC(1084)   Post Evacuate Collection Set: 19.4ms
[2026-01-16T09:16:01.855+0000][gc,phases   ] GC(1084)   Other: 1.2ms
[2026-01-16T09:16:01.857+0000][gc,heap     ] GC(1084) Eden regions: 49->0(49)
[2026-01-16T09:16:01.858+0000][gc,heap     ] GC(1084) Survivor regions: 2->2(7)
[2026-01-16T09:16:01.858+0000][gc,heap     ] GC(1084) Old regions: 157->157
[2026-01-16T09:16:01.858+0000][gc,heap     ] GC(1084) Humongous regions: 167->167
[2026-01-16T09:16:01.858+0000][gc,metaspace] GC(1084) Metaspace: 15788K(16256K)->15788K(16256K) NonClass: 14084K(14272K)->14084K(14272K) Class: 1703K(1984K)->1703K(1984K)
[2026-01-16T09:16:01.858+0000][gc          ] GC(1084) Pause Young (Normal) (G1 Evacuation Pause) 373M->324M(1024M) 343.836ms
[2026-01-16T09:16:01.863+0000][gc,cpu      ] GC(1084) User=0.15s Sys=0.00s Real=0.35s
[2026-01-16T09:16:03.367+0000][gc,start    ] GC(1085) Pause Young (Normal) (G1 Evacuation Pause)
[2026-01-16T09:16:03.369+0000][gc,task     ] GC(1085) Using 8 workers of 8 for evacuation
[2026-01-16T09:16:03.668+0000][gc,mmu      ] GC(1085) MMU target violated: 201.0ms (200.0ms/201.0ms)
[2026-01-16T09:16:03.669+0000][gc,phases   ] GC(1085)   Pre Evacuate Collection Set: 27.9ms
[2026-01-16T09:16:03.670+0000][gc,phases   ] GC(1085)   Merge Heap Roots: 3.1ms
[2026-01-16T09:16:03.670+0000][gc,phases   ] GC(1085)   Evacuate Collection Set: 253.6ms
[2026-01-16T09:16:03.671+0000][gc,phases   ] GC(1085)   Post Evacuate Collection Set: 12.6ms
[2026-01-16T09:16:03.671+0000][gc,phases   ] GC(1085)   Other: 2.9ms
[2026-01-16T09:16:03.673+0000][gc,heap     ] GC(1085) Eden regions: 49->0(49)
[2026-01-16T09:16:03.674+0000][gc,heap     ] GC(1085) Survivor regions: 2->2(7)
[2026-01-16T09:16:03.675+0000][gc,heap     ] GC(1085) Old regions: 157->157
[2026-01-16T09:16:03.675+0000][gc,heap     ] GC(1085) Humongous regions: 167->167
[2026-01-16T09:16:03.675+0000][gc,metaspace] GC(1085) Metaspace: 15788K(16256K)->15788K(16256K) NonClass: 14084K(14272K)->14084K(14272K) Class: 1703K(1984K)->1703K(1984K)
[2026-01-16T09:16:03.678+0000][gc          ] GC(1085) Pause Young (Normal) (G1 Evacuation Pause) 373M->325M(1024M) 310.951ms
[2026-01-16T09:16:03.680+0000][gc,cpu      ] GC(1085) User=0.21s Sys=0.01s Real=0.31s
[2026-01-16T09:16:06.669+0000][gc,start    ] GC(1086) Pause Young (Normal) (G1 Evacuation Pause)
[2026-01-16T09:16:06.676+0000][gc,task     ] GC(1086) Using 8 workers of 8 for evacuation
[2026-01-16T09:16:07.033+0000][gc,mmu      ] GC(1086) MMU target violated: 201.0ms (200.0ms/201.0ms)
[2026-01-16T09:16:07.033+0000][gc,phases   ] GC(1086)   Pre Evacuate Collection Set: 72.2ms
[2026-01-16T09:16:07.034+0000][gc,phases   ] GC(1086)   Merge Heap Roots: 27.7ms
[2026-01-16T09:16:07.034+0000][gc,phases   ] GC(1086)   Evacuate Collection Set: 250.5ms
[2026-01-16T09:16:07.035+0000][gc,phases   ] GC(1086)   Post Evacuate Collection Set: 3.9ms
[2026-01-16T09:16:07.035+0000][gc,phases   ] GC(1086)   Other: 3.2ms
[2026-01-16T09:16:07.037+0000][gc,heap     ] GC(1086) Eden regions: 64->0(48)
[2026-01-16T09:16:07.038+0000][gc,heap     ] GC(1086) Survivor regions: 2->3(9)
[2026-01-16T09:16:07.041+0000][gc,heap     ] GC(1086) Old regions: 157->157
[2026-01-16T09:16:07.042+0000][gc,heap     ] GC(1086) Humongous regions: 167->167
[2026-01-16T09:16:07.043+0000][gc,metaspace] GC(1086) Metaspace: 15788K(16256K)->15788K(16256K) NonClass: 14084K(14272K)->14084K(14272K) Class: 1703K(1984K)->1703K(1984K)
[2026-01-16T09:16:07.044+0000][gc          ] GC(1086) Pause Young (Normal) (G1 Evacuation Pause) 389M->326M(1024M) 375.421ms
[2026-01-16T09:16:07.045+0000][gc,cpu      ] GC(1086) User=0.16s Sys=0.02s Real=0.38s
[2026-01-16T09:16:10.671+0000][gc,start    ] GC(1087) Pause Young (Normal) (G1 Evacuation Pause)
[2026-01-16T09:16:10.681+0000][gc,task     ] GC(1087) Using 8 workers of 8 for evacuation
[2026-01-16T09:16:10.931+0000][gc,mmu      ] GC(1087) MMU target violated: 201.0ms (200.0ms/201.0ms)
[2026-01-16T09:16:10.933+0000][gc,phases   ] GC(1087)   Pre Evacuate Collection Set: 55.8ms
[2026-01-16T09:16:10.934+0000][gc,phases   ] GC(1087)   Merge Heap Roots: 5.5ms
[2026-01-16T09:16:10.934+0000][gc,phases   ] GC(1087)   Evacuate Collection Set: 146.2ms
[2026-01-16T09:16:10.934+0000][gc,phases   ] GC(1087)   Post Evacuate Collection Set: 38.8ms
[2026-01-16T09:16:10.935+0000][gc,phases   ] GC(1087)   Other: 11.0ms
[2026-01-16T09:16:10.937+0000][gc,heap     ] GC(1087) Eden regions: 48->0(72)
[2026-01-16T09:16:10.938+0000][gc,heap     ] GC(1087) Survivor regions: 3->1(7)
[2026-01-16T09:16:10.940+0000][gc,heap     ] GC(1087) Old regions: 157->157
[2026-01-16T09:16:10.942+0000][gc,heap     ] GC(1087) Humongous regions: 167->167
[2026-01-16T09:16:10.943+0000][gc,metaspace] GC(1087) Metaspace: 15788K(16256K)->15788K(16256K) NonClass: 14084K(14272K)->14084K(14272K) Class: 1703K(1984K)->1703K(1984K)
[2026-01-16T09:16:10.945+0000][gc          ] GC(1087) Pause Young (Normal) (G1 Evacuation Pause) 374M->324M(1024M) 273.917ms
[2026-01-16T09:16:10.946+0000][gc,cpu      ] GC(1087) User=0.18s Sys=0.02s Real=0.28s
[2026-01-16T09:16:20.871+0000][gc,start    ] GC(1088) Pause Young (Normal) (G1 Evacuation Pause)
[2026-01-16T09:16:20.873+0000][gc,task     ] GC(1088) Using 8 workers of 8 for evacuation
[2026-01-16T09:16:21.382+0000][gc,mmu      ] GC(1088) MMU target violated: 201.0ms (200.0ms/201.0ms)
[2026-01-16T09:16:21.385+0000][gc,phases   ] GC(1088)   Pre Evacuate Collection Set: 33.4ms
[2026-01-16T09:16:21.386+0000][gc,phases   ] GC(1088)   Merge Heap Roots: 5.1ms
[2026-01-16T09:16:21.386+0000][gc,phases   ] GC(1088)   Evacuate Collection Set: 416.1ms
[2026-01-16T09:16:21.387+0000][gc,phases   ] GC(1088)   Post Evacuate Collection Set: 54.2ms
[2026-01-16T09:16:21.387+0000][gc,phases   ] GC(1088)   Other: 3.3ms
[2026-01-16T09:16:21.387+0000][gc,heap     ] GC(1088) Eden regions: 158->0(48)
[2026-01-16T09:16:21.387+0000][gc,heap     ] GC(1088) Survivor regions: 1->3(20)
[2026-01-16T09:16:21.387+0000][gc,heap     ] GC(1088) Old regions: 157->157
[2026-01-16T09:16:21.388+0000][gc,heap     ] GC(1088) Humongous regions: 167->167
[2026-01-16T09:16:21.388+0000][gc,metaspace] GC(1088) Metaspace: 15789K(16256K)->15789K(16256K) NonClass: 14085K(14272K)->14085K(14272K) Class: 1703K(1984K)->1703K(1984K)
[2026-01-16T09:16:21.388+0000][gc          ] GC(1088) Pause Young (Normal) (G1 Evacuation Pause) 482M->326M(1024M) 517.883ms
[2026-01-16T09:16:21.389+0000][gc,cpu      ] GC(1088) User=0.40s Sys=0.03s Real=0.52s
[2026-01-16T09:16:23.027+0000][gc,start    ] GC(1089) Pause Young (Normal) (G1 Evacuation Pause)
[2026-01-16T09:16:23.029+0000][gc,task     ] GC(1089) Using 8 workers of 8 for evacuation
[2026-01-16T09:16:23.157+0000][gc,phases   ] GC(1089)   Pre Evacuate Collection Set: 19.0ms
[2026-01-16T09:16:23.159+0000][gc,phases   ] GC(1089)   Merge Heap Roots: 2.8ms
[2026-01-16T09:16:23.160+0000][gc,phases   ] GC(1089)   Evacuate Collection Set: 98.2ms
[2026-01-16T09:16:23.161+0000][gc,phases   ] GC(1089)   Post Evacuate Collection Set: 6.4ms
[2026-01-16T09:16:23.162+0000][gc,phases   ] GC(1089)   Other: 1.6ms
[2026-01-16T09:16:23.167+0000][gc,heap     ] GC(1089) Eden regions: 48->0(49)
[2026-01-16T09:16:23.168+0000][gc,heap     ] GC(1089) Survivor regions: 3->2(7)
[2026-01-16T09:16:23.169+0000][gc,heap     ] GC(1089) Old regions: 157->157
[2026-01-16T09:16:23.173+0000][gc,heap     ] GC(1089) Humongous regions: 167->167
[2026-01-16T09:16:23.178+0000][gc,metaspace] GC(1089) Metaspace: 15789K(16256K)->15789K(16256K) NonClass: 14085K(14272K)->14085K(14272K) Class: 1703K(1984K)->1703K(1984K)
[2026-01-16T09:16:23.181+0000][gc          ] GC(1089) Pause Young (Normal) (G1 Evacuation Pause) 374M->325M(1024M) 154.054ms
[2026-01-16T09:16:23.184+0000][gc,cpu      ] GC(1089) User=0.09s Sys=0.01s Real=0.16s
[2026-01-16T09:16:26.345+0000][gc,start    ] GC(1090) Pause Young (Normal) (G1 Evacuation Pause)
[2026-01-16T09:16:26.348+0000][gc,task     ] GC(1090) Using 8 workers of 8 for evacuation
[2026-01-16T09:16:26.713+0000][gc,mmu      ] GC(1090) MMU target violated: 201.0ms (200.0ms/201.0ms)
[2026-01-16T09:16:26.714+0000][gc,phases   ] GC(1090)   Pre Evacuate Collection Set: 46.8ms
[2026-01-16T09:16:26.721+0000][gc,phases   ] GC(1090)   Merge Heap Roots: 5.0ms
[2026-01-16T09:16:26.724+0000][gc,phases   ] GC(1090)   Evacuate Collection Set: 291.5ms
[2026-01-16T09:16:26.726+0000][gc,phases   ] GC(1090)   Post Evacuate Collection Set: 17.4ms
[2026-01-16T09:16:26.727+0000][gc,phases   ] GC(1090)   Other: 6.1ms
[2026-01-16T09:16:26.729+0000][gc,heap     ] GC(1090) Eden regions: 62->0(48)
[2026-01-16T09:16:26.730+0000][gc,heap     ] GC(1090) Survivor regions: 2->3(8)
[2026-01-16T09:16:26.731+0000][gc,heap     ] GC(1090) Old regions: 157->157
[2026-01-16T09:16:26.731+0000][gc,heap     ] GC(1090) Humongous regions: 167->167
[2026-01-16T09:16:26.731+0000][gc,metaspace] GC(1090) Metaspace: 15789K(16256K)->15789K(16256K) NonClass: 14085K(14272K)->14085K(14272K) Class: 1703K(1984K)->1703K(1984K)
[2026-01-16T09:16:26.732+0000][gc          ] GC(1090) Pause Young (Normal) (G1 Evacuation Pause) 387M->325M(1024M) 386.339ms
[2026-01-16T09:16:26.732+0000][gc,cpu      ] GC(1090) User=0.18s Sys=0.00s Real=0.38s
[2026-01-16T09:16:29.984+0000][gc,start    ] GC(1091) Pause Young (Normal) (G1 Evacuation Pause)
[2026-01-16T09:16:29.986+0000][gc,task     ] GC(1091) Using 8 workers of 8 for evacuation
[2026-01-16T09:16:30.268+0000][gc,mmu      ] GC(1091) MMU target violated: 201.0ms (200.0ms/201.0ms)
[2026-01-16T09:16:30.270+0000][gc,phases   ] GC(1091)   Pre Evacuate Collection Set: 44.0ms
[2026-01-16T09:16:30.271+0000][gc,phases   ] GC(1091)   Merge Heap Roots: 10.0ms
[2026-01-16T09:16:30.272+0000][gc,phases   ] GC(1091)   Evacuate Collection Set: 203.0ms
[2026-01-16T09:16:30.276+0000][gc,phases   ] GC(1091)   Post Evacuate Collection Set: 16.7ms
[2026-01-16T09:16:30.278+0000][gc,phases   ] GC(1091)   Other: 10.3ms
[2026-01-16T09:16:30.280+0000][gc,heap     ] GC(1091) Eden regions: 48->0(86)
[2026-01-16T09:16:30.283+0000][gc,heap     ] GC(1091) Survivor regions: 3->1(7)
[2026-01-16T09:16:30.284+0000][gc,heap     ] GC(1091) Old regions: 157->157
[2026-01-16T09:16:30.285+0000][gc,heap     ] GC(1091) Humongous regions: 167->167
[2026-01-16T09:16:30.285+0000][gc,metaspace] GC(1091) Metaspace: 15789K(16256K)->15789K(16256K) NonClass: 14085K(14272K)->14085K(14272K) Class: 1703K(1984K)->1703K(1984K)
[2026-01-16T09:16:30.286+0000][gc          ] GC(1091) Pause Young (Normal) (G1 Evacuation Pause) 373M->324M(1024M) 301.895ms
[2026-01-16T09:16:30.287+0000][gc,cpu      ] GC(1091) User=0.14s Sys=0.01s Real=0.31s
[2026-01-16T09:16:34.827+0000][gc,start    ] GC(1092) Pause Young (Normal) (G1 Evacuation Pause)
[2026-01-16T09:16:34.836+0000][gc,task     ] GC(1092) Using 8 workers of 8 for evacuation
[2026-01-16T09:16:35.219+0000][gc,mmu      ] GC(1092) MMU target violated: 201.0ms (200.0ms/201.0ms)
[2026-01-16T09:16:35.222+0000][gc,phases   ] GC(1092)   Pre Evacuate Collection Set: 59.0ms
[2026-01-16T09:16:35.225+0000][gc,phases   ] GC(1092)   Merge Heap Roots: 4.7ms
[2026-01-16T09:16:35.227+0000][gc,phases   ] GC(1092)   Evacuate Collection Set: 290.6ms
[2026-01-16T09:16:35.229+0000][gc,phases   ] GC(1092)   Post Evacuate Collection Set: 23.1ms
[2026-01-16T09:16:35.232+0000][gc,phases   ] GC(1092)   Other: 11.4ms
[2026-01-16T09:16:35.232+0000][gc,heap     ] GC(1092) Eden regions: 96->0(49)
[2026-01-16T09:16:35.234+0000][gc,heap     ] GC(1092) Survivor regions: 1->2(13)
[2026-01-16T09:16:35.234+0000][gc,heap     ] GC(1092) Old regions: 157->157
[2026-01-16T09:16:35.234+0000][gc,heap     ] GC(1092) Humongous regions: 167->167
[2026-01-16T09:16:35.235+0000][gc,metaspace] GC(1092) Metaspace: 15789K(16256K)->15789K(16256K) NonClass: 14085K(14272K)->14085K(14272K) Class: 1703K(1984K)->1703K(1984K)
[2026-01-16T09:16:35.238+0000][gc          ] GC(1092) Pause Young (Normal) (G1 Evacuation Pause) 420M->325M(1024M) 411.290ms
[2026-01-16T09:16:35.240+0000][gc,cpu      ] GC(1092) User=0.21s Sys=0.02s Real=0.41s
[2026-01-16T09:16:38.240+0000][gc,start    ] GC(1093) Pause Young (Normal) (G1 Evacuation Pause)
[2026-01-16T09:16:38.245+0000][gc,task     ] GC(1093) Using 8 workers of 8 for evacuation
[2026-01-16T09:16:39.112+0000][gc,mmu      ] GC(1093) MMU target violated: 201.0ms (200.0ms/201.0ms)
[2026-01-16T09:16:39.113+0000][gc,phases   ] GC(1093)   Pre Evacuate Collection Set: 38.0ms
[2026-01-16T09:16:39.115+0000][gc,phases   ] GC(1093)   Merge Heap Roots: 6.4ms
[2026-01-16T09:16:39.117+0000][gc,phases   ] GC(1093)   Evacuate Collection Set: 820.1ms
[2026-01-16T09:16:39.117+0000][gc,phases   ] GC(1093)   Post Evacuate Collection Set: 2.1ms
[2026-01-16T09:16:39.122+0000][gc,phases   ] GC(1093)   Other: 1.2ms
[2026-01-16T09:16:39.123+0000][gc,heap     ] GC(1093) Eden regions: 49->0(48)
[2026-01-16T09:16:39.123+0000][gc,heap     ] GC(1093) Survivor regions: 2->3(7)
[2026-01-16T09:16:39.124+0000][gc,heap     ] GC(1093) Old regions: 157->157
[2026-01-16T09:16:39.124+0000][gc,heap     ] GC(1093) Humongous regions: 167->167
[2026-01-16T09:16:39.127+0000][gc,metaspace] GC(1093) Metaspace: 15799K(16256K)->15799K(16256K) NonClass: 14095K(14272K)->14095K(14272K) Class: 1703K(1984K)->1703K(1984K)
[2026-01-16T09:16:39.131+0000][gc          ] GC(1093) Pause Young (Normal) (G1 Evacuation Pause) 374M->326M(1024M) 891.086ms
[2026-01-16T09:16:39.142+0000][gc,cpu      ] GC(1093) User=0.22s Sys=0.04s Real=0.90s
[2026-01-16T09:16:45.352+0000][gc,start    ] GC(1094) Pause Young (Normal) (G1 Evacuation Pause)
[2026-01-16T09:16:45.370+0000][gc,task     ] GC(1094) Using 8 workers of 8 for evacuation
[2026-01-16T09:16:45.690+0000][gc,mmu      ] GC(1094) MMU target violated: 201.0ms (200.0ms/201.0ms)
[2026-01-16T09:16:45.690+0000][gc,phases   ] GC(1094)   Pre Evacuate Collection Set: 61.3ms
[2026-01-16T09:16:45.691+0000][gc,phases   ] GC(1094)   Merge Heap Roots: 9.5ms
[2026-01-16T09:16:45.691+0000][gc,phases   ] GC(1094)   Evacuate Collection Set: 210.0ms
[2026-01-16T09:16:45.692+0000][gc,phases   ] GC(1094)   Post Evacuate Collection Set: 13.6ms
[2026-01-16T09:16:45.692+0000][gc,phases   ] GC(1094)   Other: 30.2ms
[2026-01-16T09:16:45.692+0000][gc,heap     ] GC(1094) Eden regions: 48->0(46)
[2026-01-16T09:16:45.693+0000][gc,heap     ] GC(1094) Survivor regions: 3->5(7)
[2026-01-16T09:16:45.693+0000][gc,heap     ] GC(1094) Old regions: 157->157
[2026-01-16T09:16:45.693+0000][gc,heap     ] GC(1094) Humongous regions: 173->167
[2026-01-16T09:16:45.694+0000][gc,metaspace] GC(1094) Metaspace: 15866K(16320K)->15866K(16320K) NonClass: 14145K(14336K)->14145K(14336K) Class: 1720K(1984K)->1720K(1984K)
[2026-01-16T09:16:45.696+0000][gc          ] GC(1094) Pause Young (Normal) (G1 Evacuation Pause) 380M->328M(1024M) 344.715ms
[2026-01-16T09:16:45.697+0000][gc,cpu      ] GC(1094) User=0.19s Sys=0.02s Real=0.35s
[2026-01-16T09:16:49.150+0000][gc,start    ] GC(1095) Pause Young (Normal) (G1 Evacuation Pause)
[2026-01-16T09:16:49.152+0000][gc,task     ] GC(1095) Using 8 workers of 8 for evacuation
[2026-01-16T09:16:49.579+0000][gc,mmu      ] GC(1095) MMU target violated: 201.0ms (200.0ms/201.0ms)
[2026-01-16T09:16:49.583+0000][gc,phases   ] GC(1095)   Pre Evacuate Collection Set: 42.1ms
[2026-01-16T09:16:49.584+0000][gc,phases   ] GC(1095)   Merge Heap Roots: 3.4ms
[2026-01-16T09:16:49.584+0000][gc,phases   ] GC(1095)   Evacuate Collection Set: 366.6ms
[2026-01-16T09:16:49.585+0000][gc,phases   ] GC(1095)   Post Evacuate Collection Set: 14.4ms
[2026-01-16T09:16:49.585+0000][gc,phases   ] GC(1095)   Other: 5.1ms
[2026-01-16T09:16:49.586+0000][gc,heap     ] GC(1095) Eden regions: 46->0(47)
[2026-01-16T09:16:49.591+0000][gc,heap     ] GC(1095) Survivor regions: 5->4(7)
[2026-01-16T09:16:49.591+0000][gc,heap     ] GC(1095) Old regions: 157->157
[2026-01-16T09:16:49.592+0000][gc,heap     ] GC(1095) Humongous regions: 167->167
[2026-01-16T09:16:49.593+0000][gc,metaspace] GC(1095) Metaspace: 15867K(16320K)->15867K(16320K) NonClass: 14146K(14336K)->14146K(14336K) Class: 1720K(1984K)->1720K(1984K)
[2026-01-16T09:16:49.595+0000][gc          ] GC(1095) Pause Young (Normal) (G1 Evacuation Pause) 374M->327M(1024M) 445.055ms
[2026-01-16T09:16:49.596+0000][gc,cpu      ] GC(1095) User=0.41s Sys=0.03s Real=0.45s
[2026-01-16T09:16:51.616+0000][gc,start    ] GC(1096) Pause Young (Normal) (G1 Evacuation Pause)
[2026-01-16T09:16:51.640+0000][gc,task     ] GC(1096) Using 8 workers of 8 for evacuation
[2026-01-16T09:16:52.003+0000][gc,mmu      ] GC(1096) MMU target violated: 201.0ms (200.0ms/201.0ms)
[2026-01-16T09:16:52.004+0000][gc,phases   ] GC(1096)   Pre Evacuate Collection Set: 33.0ms
[2026-01-16T09:16:52.007+0000][gc,phases   ] GC(1096)   Merge Heap Roots: 14.3ms
[2026-01-16T09:16:52.008+0000][gc,phases   ] GC(1096)   Evacuate Collection Set: 303.6ms
[2026-01-16T09:16:52.008+0000][gc,phases   ] GC(1096)   Post Evacuate Collection Set: 8.3ms
[2026-01-16T09:16:52.009+0000][gc,phases   ] GC(1096)   Other: 15.0ms
[2026-01-16T09:16:52.009+0000][gc,heap     ] GC(1096) Eden regions: 47->0(46)
[2026-01-16T09:16:52.010+0000][gc,heap     ] GC(1096) Survivor regions: 4->5(7)
[2026-01-16T09:16:52.011+0000][gc,heap     ] GC(1096) Old regions: 157->158
[2026-01-16T09:16:52.012+0000][gc,heap     ] GC(1096) Humongous regions: 167->167
[2026-01-16T09:16:52.014+0000][gc,metaspace] GC(1096) Metaspace: 15868K(16320K)->15868K(16320K) NonClass: 14147K(14336K)->14147K(14336K) Class: 1720K(1984K)->1720K(1984K)
[2026-01-16T09:16:52.015+0000][gc          ] GC(1096) Pause Young (Normal) (G1 Evacuation Pause) 374M->328M(1024M) 398.983ms
[2026-01-16T09:16:52.017+0000][gc,cpu      ] GC(1096) User=0.39s Sys=0.04s Real=0.41s
[2026-01-16T09:16:54.475+0000][gc,start    ] GC(1097) Pause Young (Normal) (G1 Evacuation Pause)
[2026-01-16T09:16:54.490+0000][gc,task     ] GC(1097) Using 8 workers of 8 for evacuation
[2026-01-16T09:16:55.634+0000][gc,mmu      ] GC(1097) MMU target violated: 201.0ms (200.0ms/201.0ms)
[2026-01-16T09:16:55.638+0000][gc,phases   ] GC(1097)   Pre Evacuate Collection Set: 46.8ms
[2026-01-16T09:16:55.639+0000][gc,phases   ] GC(1097)   Merge Heap Roots: 2.7ms
[2026-01-16T09:16:55.646+0000][gc,phases   ] GC(1097)   Evacuate Collection Set: 1047.8ms
[2026-01-16T09:16:55.648+0000][gc,phases   ] GC(1097)   Post Evacuate Collection Set: 42.2ms
[2026-01-16T09:16:55.651+0000][gc,phases   ] GC(1097)   Other: 12.6ms
[2026-01-16T09:16:55.651+0000][gc,heap     ] GC(1097) Eden regions: 46->0(47)
[2026-01-16T09:16:55.654+0000][gc,heap     ] GC(1097) Survivor regions: 5->4(7)
[2026-01-16T09:16:55.655+0000][gc,heap     ] GC(1097) Old regions: 158->159
[2026-01-16T09:16:55.660+0000][gc,heap     ] GC(1097) Humongous regions: 167->167
[2026-01-16T09:16:55.662+0000][gc,metaspace] GC(1097) Metaspace: 15868K(16320K)->15868K(16320K) NonClass: 14147K(14336K)->14147K(14336K) Class: 1720K(1984K)->1720K(1984K)
[2026-01-16T09:16:55.665+0000][gc          ] GC(1097) Pause Young (Normal) (G1 Evacuation Pause) 374M->329M(1024M) 1189.744ms
[2026-01-16T09:16:55.667+0000][gc,cpu      ] GC(1097) User=0.57s Sys=0.07s Real=1.20s
[2026-01-16T09:16:58.030+0000][gc,start    ] GC(1098) Pause Young (Normal) (G1 Evacuation Pause)
[2026-01-16T09:16:58.038+0000][gc,task     ] GC(1098) Using 8 workers of 8 for evacuation
[2026-01-16T09:16:58.376+0000][gc,mmu      ] GC(1098) MMU target violated: 201.0ms (200.0ms/201.0ms)
[2026-01-16T09:16:58.379+0000][gc,phases   ] GC(1098)   Pre Evacuate Collection Set: 29.7ms
[2026-01-16T09:16:58.381+0000][gc,phases   ] GC(1098)   Merge Heap Roots: 0.5ms
[2026-01-16T09:16:58.382+0000][gc,phases   ] GC(1098)   Evacuate Collection Set: 297.0ms
[2026-01-16T09:16:58.382+0000][gc,phases   ] GC(1098)   Post Evacuate Collection Set: 8.4ms
[2026-01-16T09:16:58.383+0000][gc,phases   ] GC(1098)   Other: 5.3ms
[2026-01-16T09:16:58.383+0000][gc,heap     ] GC(1098) Eden regions: 47->0(46)
[2026-01-16T09:16:58.384+0000][gc,heap     ] GC(1098) Survivor regions: 4->5(7)
[2026-01-16T09:16:58.384+0000][gc,heap     ] GC(1098) Old regions: 159->159
[2026-01-16T09:16:58.385+0000][gc,heap     ] GC(1098) Humongous regions: 167->167
[2026-01-16T09:16:58.385+0000][gc,metaspace] GC(1098) Metaspace: 15868K(16320K)->15868K(16320K) NonClass: 14147K(14336K)->14147K(14336K) Class: 1720K(1984K)->1720K(1984K)
[2026-01-16T09:16:58.386+0000][gc          ] GC(1098) Pause Young (Normal) (G1 Evacuation Pause) 376M->329M(1024M) 355.314ms
[2026-01-16T09:16:58.386+0000][gc,cpu      ] GC(1098) User=0.27s Sys=0.02s Real=0.36s
[2026-01-16T09:16:59.712+0000][gc,start    ] GC(1099) Pause Young (Normal) (G1 Evacuation Pause)
[2026-01-16T09:16:59.722+0000][gc,task     ] GC(1099) Using 8 workers of 8 for evacuation
[2026-01-16T09:17:00.211+0000][gc,mmu      ] GC(1099) MMU target violated: 201.0ms (200.0ms/201.0ms)
[2026-01-16T09:17:00.214+0000][gc,phases   ] GC(1099)   Pre Evacuate Collection Set: 35.7ms
[2026-01-16T09:17:00.214+0000][gc,phases   ] GC(1099)   Merge Heap Roots: 14.2ms
[2026-01-16T09:17:00.216+0000][gc,phases   ] GC(1099)   Evacuate Collection Set: 424.1ms
[2026-01-16T09:17:00.217+0000][gc,phases   ] GC(1099)   Post Evacuate Collection Set: 5.7ms
[2026-01-16T09:17:00.217+0000][gc,phases   ] GC(1099)   Other: 12.5ms
[2026-01-16T09:17:00.218+0000][gc,heap     ] GC(1099) Eden regions: 46->0(47)
[2026-01-16T09:17:00.219+0000][gc,heap     ] GC(1099) Survivor regions: 5->4(7)
[2026-01-16T09:17:00.220+0000][gc,heap     ] GC(1099) Old regions: 159->161
[2026-01-16T09:17:00.220+0000][gc,heap     ] GC(1099) Humongous regions: 167->167
[2026-01-16T09:17:00.220+0000][gc,metaspace] GC(1099) Metaspace: 15876K(16320K)->15876K(16320K) NonClass: 14156K(14336K)->14156K(14336K) Class: 1720K(1984K)->1720K(1984K)
[2026-01-16T09:17:00.221+0000][gc          ] GC(1099) Pause Young (Normal) (G1 Evacuation Pause) 375M->330M(1024M) 509.289ms
[2026-01-16T09:17:00.222+0000][gc,cpu      ] GC(1099) User=0.21s Sys=0.01s Real=0.51s
[2026-01-16T09:17:01.869+0000][gc,start    ] GC(1100) Pause Young (Normal) (G1 Evacuation Pause)
[2026-01-16T09:17:01.871+0000][gc,task     ] GC(1100) Using 8 workers of 8 for evacuation
[2026-01-16T09:17:02.059+0000][gc,phases   ] GC(1100)   Pre Evacuate Collection Set: 28.3ms
[2026-01-16T09:17:02.059+0000][gc,phases   ] GC(1100)   Merge Heap Roots: 5.2ms
[2026-01-16T09:17:02.061+0000][gc,phases   ] GC(1100)   Evacuate Collection Set: 138.6ms
[2026-01-16T09:17:02.061+0000][gc,phases   ] GC(1100)   Post Evacuate Collection Set: 8.4ms
[2026-01-16T09:17:02.064+0000][gc,phases   ] GC(1100)   Other: 7.9ms
[2026-01-16T09:17:02.065+0000][gc,heap     ] GC(1100) Eden regions: 47->0(47)
[2026-01-16T09:17:02.067+0000][gc,heap     ] GC(1100) Survivor regions: 4->4(7)
[2026-01-16T09:17:02.067+0000][gc,heap     ] GC(1100) Old regions: 161->161
[2026-01-16T09:17:02.070+0000][gc,heap     ] GC(1100) Humongous regions: 167->167
[2026-01-16T09:17:02.070+0000][gc,metaspace] GC(1100) Metaspace: 15876K(16320K)->15876K(16320K) NonClass: 14156K(14336K)->14156K(14336K) Class: 1720K(1984K)->1720K(1984K)
[2026-01-16T09:17:02.071+0000][gc          ] GC(1100) Pause Young (Normal) (G1 Evacuation Pause) 377M->331M(1024M) 202.152ms
[2026-01-16T09:17:02.073+0000][gc,cpu      ] GC(1100) User=0.18s Sys=0.01s Real=0.20s
[2026-01-16T09:17:02.580+0000][gc,start    ] GC(1101) Pause Young (Normal) (G1 Evacuation Pause)
[2026-01-16T09:17:02.581+0000][gc,task     ] GC(1101) Using 8 workers of 8 for evacuation
[2026-01-16T09:17:02.669+0000][gc,phases   ] GC(1101)   Pre Evacuate Collection Set: 0.8ms
[2026-01-16T09:17:02.669+0000][gc,phases   ] GC(1101)   Merge Heap Roots: 0.1ms
[2026-01-16T09:17:02.670+0000][gc,phases   ] GC(1101)   Evacuate Collection Set: 79.2ms
[2026-01-16T09:17:02.670+0000][gc,phases   ] GC(1101)   Post Evacuate Collection Set: 5.3ms
[2026-01-16T09:17:02.670+0000][gc,phases   ] GC(1101)   Other: 2.3ms
[2026-01-16T09:17:02.673+0000][gc,heap     ] GC(1101) Eden regions: 47->0(46)
[2026-01-16T09:17:02.675+0000][gc,heap     ] GC(1101) Survivor regions: 4->5(7)
[2026-01-16T09:17:02.676+0000][gc,heap     ] GC(1101) Old regions: 161->161
[2026-01-16T09:17:02.676+0000][gc,heap     ] GC(1101) Humongous regions: 167->167
[2026-01-16T09:17:02.677+0000][gc,metaspace] GC(1101) Metaspace: 15876K(16320K)->15876K(16320K) NonClass: 14156K(14336K)->14156K(14336K) Class: 1720K(1984K)->1720K(1984K)
[2026-01-16T09:17:02.677+0000][gc          ] GC(1101) Pause Young (Normal) (G1 Evacuation Pause) 378M->332M(1024M) 96.631ms
[2026-01-16T09:17:02.677+0000][gc,cpu      ] GC(1101) User=0.06s Sys=0.01s Real=0.10s
[2026-01-16T09:17:03.148+0000][gc,start    ] GC(1102) Pause Young (Normal) (G1 Evacuation Pause)
[2026-01-16T09:17:03.149+0000][gc,task     ] GC(1102) Using 8 workers of 8 for evacuation
[2026-01-16T09:17:03.255+0000][gc,phases   ] GC(1102)   Pre Evacuate Collection Set: 6.3ms
[2026-01-16T09:17:03.257+0000][gc,phases   ] GC(1102)   Merge Heap Roots: 0.7ms
[2026-01-16T09:17:03.259+0000][gc,phases   ] GC(1102)   Evacuate Collection Set: 88.5ms
[2026-01-16T09:17:03.259+0000][gc,phases   ] GC(1102)   Post Evacuate Collection Set: 8.8ms
[2026-01-16T09:17:03.259+0000][gc,phases   ] GC(1102)   Other: 1.7ms
[2026-01-16T09:17:03.260+0000][gc,heap     ] GC(1102) Eden regions: 46->0(46)
[2026-01-16T09:17:03.260+0000][gc,heap     ] GC(1102) Survivor regions: 5->5(7)
[2026-01-16T09:17:03.260+0000][gc,heap     ] GC(1102) Old regions: 161->162
[2026-01-16T09:17:03.260+0000][gc,heap     ] GC(1102) Humongous regions: 167->167
[2026-01-16T09:17:03.261+0000][gc,metaspace] GC(1102) Metaspace: 15876K(16320K)->15876K(16320K) NonClass: 14156K(14336K)->14156K(14336K) Class: 1720K(1984K)->1720K(1984K)
[2026-01-16T09:17:03.261+0000][gc          ] GC(1102) Pause Young (Normal) (G1 Evacuation Pause) 378M->332M(1024M) 113.613ms
[2026-01-16T09:17:03.262+0000][gc,cpu      ] GC(1102) User=0.09s Sys=0.01s Real=0.11s
[2026-01-16T09:17:03.710+0000][gc,start    ] GC(1103) Pause Young (Normal) (G1 Evacuation Pause)
[2026-01-16T09:17:03.711+0000][gc,task     ] GC(1103) Using 8 workers of 8 for evacuation
[2026-01-16T09:17:03.815+0000][gc,phases   ] GC(1103)   Pre Evacuate Collection Set: 1.6ms
[2026-01-16T09:17:03.815+0000][gc,phases   ] GC(1103)   Merge Heap Roots: 0.1ms
[2026-01-16T09:17:03.817+0000][gc,phases   ] GC(1103)   Evacuate Collection Set: 96.8ms
[2026-01-16T09:17:03.818+0000][gc,phases   ] GC(1103)   Post Evacuate Collection Set: 1.9ms
[2026-01-16T09:17:03.819+0000][gc,phases   ] GC(1103)   Other: 3.2ms
[2026-01-16T09:17:03.820+0000][gc,heap     ] GC(1103) Eden regions: 46->0(46)
[2026-01-16T09:17:03.823+0000][gc,heap     ] GC(1103) Survivor regions: 5->5(7)
[2026-01-16T09:17:03.823+0000][gc,heap     ] GC(1103) Old regions: 162->163
[2026-01-16T09:17:03.825+0000][gc,heap     ] GC(1103) Humongous regions: 167->167
[2026-01-16T09:17:03.827+0000][gc,metaspace] GC(1103) Metaspace: 15876K(16320K)->15876K(16320K) NonClass: 14156K(14336K)->14156K(14336K) Class: 1720K(1984K)->1720K(1984K)
[2026-01-16T09:17:03.829+0000][gc          ] GC(1103) Pause Young (Normal) (G1 Evacuation Pause) 378M->333M(1024M) 118.582ms
[2026-01-16T09:17:03.830+0000][gc,cpu      ] GC(1103) User=0.05s Sys=0.01s Real=0.12s
[2026-01-16T09:17:04.763+0000][gc,start    ] GC(1104) Pause Young (Normal) (G1 Evacuation Pause)
[2026-01-16T09:17:04.764+0000][gc,task     ] GC(1104) Using 8 workers of 8 for evacuation
[2026-01-16T09:17:05.228+0000][gc,mmu      ] GC(1104) MMU target violated: 201.0ms (200.0ms/201.0ms)
[2026-01-16T09:17:05.228+0000][gc,phases   ] GC(1104)   Pre Evacuate Collection Set: 17.8ms
[2026-01-16T09:17:05.229+0000][gc,phases   ] GC(1104)   Merge Heap Roots: 1.1ms
[2026-01-16T09:17:05.231+0000][gc,phases   ] GC(1104)   Evacuate Collection Set: 335.0ms
[2026-01-16T09:17:05.232+0000][gc,phases   ] GC(1104)   Post Evacuate Collection Set: 108.8ms
[2026-01-16T09:17:05.235+0000][gc,phases   ] GC(1104)   Other: 1.5ms
[2026-01-16T09:17:05.236+0000][gc,heap     ] GC(1104) Eden regions: 46->0(46)
[2026-01-16T09:17:05.238+0000][gc,heap     ] GC(1104) Survivor regions: 5->5(7)
[2026-01-16T09:17:05.238+0000][gc,heap     ] GC(1104) Old regions: 163->163
[2026-01-16T09:17:05.239+0000][gc,heap     ] GC(1104) Humongous regions: 167->167
[2026-01-16T09:17:05.239+0000][gc,metaspace] GC(1104) Metaspace: 15876K(16320K)->15876K(16320K) NonClass: 14156K(14336K)->14156K(14336K) Class: 1720K(1984K)->1720K(1984K)
[2026-01-16T09:17:05.240+0000][gc          ] GC(1104) Pause Young (Normal) (G1 Evacuation Pause) 379M->333M(1024M) 476.546ms
[2026-01-16T09:17:05.240+0000][gc,cpu      ] GC(1104) User=0.18s Sys=0.01s Real=0.48s
[2026-01-16T09:17:06.770+0000][gc,start    ] GC(1105) Pause Young (Normal) (G1 Evacuation Pause)
[2026-01-16T09:17:06.771+0000][gc,task     ] GC(1105) Using 8 workers of 8 for evacuation
[2026-01-16T09:17:07.128+0000][gc,mmu      ] GC(1105) MMU target violated: 201.0ms (200.0ms/201.0ms)
[2026-01-16T09:17:07.128+0000][gc,phases   ] GC(1105)   Pre Evacuate Collection Set: 31.6ms
[2026-01-16T09:17:07.130+0000][gc,phases   ] GC(1105)   Merge Heap Roots: 1.3ms
[2026-01-16T09:17:07.130+0000][gc,phases   ] GC(1105)   Evacuate Collection Set: 286.4ms
[2026-01-16T09:17:07.130+0000][gc,phases   ] GC(1105)   Post Evacuate Collection Set: 36.7ms
[2026-01-16T09:17:07.131+0000][gc,phases   ] GC(1105)   Other: 1.3ms
[2026-01-16T09:17:07.132+0000][gc,heap     ] GC(1105) Eden regions: 46->0(46)
[2026-01-16T09:17:07.132+0000][gc,heap     ] GC(1105) Survivor regions: 5->5(7)
[2026-01-16T09:17:07.132+0000][gc,heap     ] GC(1105) Old regions: 163->164
[2026-01-16T09:17:07.132+0000][gc,heap     ] GC(1105) Humongous regions: 167->167
[2026-01-16T09:17:07.133+0000][gc,metaspace] GC(1105) Metaspace: 15876K(16320K)->15876K(16320K) NonClass: 14156K(14336K)->14156K(14336K) Class: 1720K(1984K)->1720K(1984K)
[2026-01-16T09:17:07.135+0000][gc          ] GC(1105) Pause Young (Normal) (G1 Evacuation Pause) 379M->334M(1024M) 365.044ms
[2026-01-16T09:17:07.137+0000][gc,cpu      ] GC(1105) User=0.23s Sys=0.05s Real=0.37s
[2026-01-16T09:17:10.848+0000][gc,start    ] GC(1106) Pause Young (Normal) (G1 Evacuation Pause)
[2026-01-16T09:17:10.862+0000][gc,task     ] GC(1106) Using 8 workers of 8 for evacuation
[2026-01-16T09:17:11.310+0000][gc,mmu      ] GC(1106) MMU target violated: 201.0ms (200.0ms/201.0ms)
[2026-01-16T09:17:11.311+0000][gc,phases   ] GC(1106)   Pre Evacuate Collection Set: 25.3ms
[2026-01-16T09:17:11.313+0000][gc,phases   ] GC(1106)   Merge Heap Roots: 21.1ms
[2026-01-16T09:17:11.313+0000][gc,phases   ] GC(1106)   Evacuate Collection Set: 329.9ms
[2026-01-16T09:17:11.315+0000][gc,phases   ] GC(1106)   Post Evacuate Collection Set: 69.8ms
[2026-01-16T09:17:11.327+0000][gc,phases   ] GC(1106)   Other: 6.6ms
[2026-01-16T09:17:11.332+0000][gc,heap     ] GC(1106) Eden regions: 46->0(46)
[2026-01-16T09:17:11.335+0000][gc,heap     ] GC(1106) Survivor regions: 5->5(7)
[2026-01-16T09:17:11.336+0000][gc,heap     ] GC(1106) Old regions: 164->165
[2026-01-16T09:17:11.337+0000][gc,heap     ] GC(1106) Humongous regions: 167->167
[2026-01-16T09:17:11.337+0000][gc,metaspace] GC(1106) Metaspace: 15876K(16320K)->15876K(16320K) NonClass: 14156K(14336K)->14156K(14336K) Class: 1720K(1984K)->1720K(1984K)
[2026-01-16T09:17:11.338+0000][gc          ] GC(1106) Pause Young (Normal) (G1 Evacuation Pause) 380M->335M(1024M) 489.531ms
[2026-01-16T09:17:11.343+0000][gc,cpu      ] GC(1106) User=0.24s Sys=0.01s Real=0.49s
[2026-01-16T09:17:12.999+0000][gc,start    ] GC(1107) Pause Young (Normal) (G1 Evacuation Pause)
[2026-01-16T09:17:13.003+0000][gc,task     ] GC(1107) Using 8 workers of 8 for evacuation
[2026-01-16T09:17:13.336+0000][gc,mmu      ] GC(1107) MMU target violated: 201.0ms (200.0ms/201.0ms)
[2026-01-16T09:17:13.340+0000][gc,phases   ] GC(1107)   Pre Evacuate Collection Set: 14.1ms
[2026-01-16T09:17:13.340+0000][gc,phases   ] GC(1107)   Merge Heap Roots: 2.5ms
[2026-01-16T09:17:13.340+0000][gc,phases   ] GC(1107)   Evacuate Collection Set: 310.3ms
[2026-01-16T09:17:13.340+0000][gc,phases   ] GC(1107)   Post Evacuate Collection Set: 5.6ms
[2026-01-16T09:17:13.342+0000][gc,phases   ] GC(1107)   Other: 5.1ms
[2026-01-16T09:17:13.342+0000][gc,heap     ] GC(1107) Eden regions: 46->0(46)
[2026-01-16T09:17:13.343+0000][gc,heap     ] GC(1107) Survivor regions: 5->5(7)
[2026-01-16T09:17:13.343+0000][gc,heap     ] GC(1107) Old regions: 165->165
[2026-01-16T09:17:13.343+0000][gc,heap     ] GC(1107) Humongous regions: 167->167
[2026-01-16T09:17:13.343+0000][gc,metaspace] GC(1107) Metaspace: 15876K(16320K)->15876K(16320K) NonClass: 14156K(14336K)->14156K(14336K) Class: 1720K(1984K)->1720K(1984K)
[2026-01-16T09:17:13.351+0000][gc          ] GC(1107) Pause Young (Normal) (G1 Evacuation Pause) 381M->336M(1024M) 353.631ms
[2026-01-16T09:17:13.355+0000][gc,cpu      ] GC(1107) User=0.21s Sys=0.02s Real=0.36s
[2026-01-16T09:17:14.226+0000][gc,start    ] GC(1108) Pause Young (Normal) (G1 Evacuation Pause)
[2026-01-16T09:17:14.227+0000][gc,task     ] GC(1108) Using 8 workers of 8 for evacuation
[2026-01-16T09:17:14.333+0000][gc,phases   ] GC(1108)   Pre Evacuate Collection Set: 1.7ms
[2026-01-16T09:17:14.335+0000][gc,phases   ] GC(1108)   Merge Heap Roots: 0.3ms
[2026-01-16T09:17:14.335+0000][gc,phases   ] GC(1108)   Evacuate Collection Set: 97.5ms
[2026-01-16T09:17:14.335+0000][gc,phases   ] GC(1108)   Post Evacuate Collection Set: 5.6ms
[2026-01-16T09:17:14.335+0000][gc,phases   ] GC(1108)   Other: 0.6ms
[2026-01-16T09:17:14.336+0000][gc,heap     ] GC(1108) Eden regions: 46->0(46)
[2026-01-16T09:17:14.336+0000][gc,heap     ] GC(1108) Survivor regions: 5->5(7)
[2026-01-16T09:17:14.337+0000][gc,heap     ] GC(1108) Old regions: 165->166
[2026-01-16T09:17:14.337+0000][gc,heap     ] GC(1108) Humongous regions: 167->167
[2026-01-16T09:17:14.337+0000][gc,metaspace] GC(1108) Metaspace: 15876K(16320K)->15876K(16320K) NonClass: 14156K(14336K)->14156K(14336K) Class: 1720K(1984K)->1720K(1984K)
[2026-01-16T09:17:14.341+0000][gc          ] GC(1108) Pause Young (Normal) (G1 Evacuation Pause) 382M->336M(1024M) 115.240ms
[2026-01-16T09:17:14.344+0000][gc,cpu      ] GC(1108) User=0.10s Sys=0.00s Real=0.12s
[2026-01-16T09:17:15.255+0000][gc,start    ] GC(1109) Pause Young (Normal) (G1 Evacuation Pause)
[2026-01-16T09:17:15.258+0000][gc,task     ] GC(1109) Using 8 workers of 8 for evacuation
[2026-01-16T09:17:15.415+0000][gc,phases   ] GC(1109)   Pre Evacuate Collection Set: 5.9ms
[2026-01-16T09:17:15.421+0000][gc,phases   ] GC(1109)   Merge Heap Roots: 0.3ms
[2026-01-16T09:17:15.423+0000][gc,phases   ] GC(1109)   Evacuate Collection Set: 147.5ms
[2026-01-16T09:17:15.423+0000][gc,phases   ] GC(1109)   Post Evacuate Collection Set: 2.2ms
[2026-01-16T09:17:15.436+0000][gc,phases   ] GC(1109)   Other: 0.6ms
[2026-01-16T09:17:15.440+0000][gc,heap     ] GC(1109) Eden regions: 46->0(46)
[2026-01-16T09:17:15.440+0000][gc,heap     ] GC(1109) Survivor regions: 5->5(7)
[2026-01-16T09:17:15.441+0000][gc,heap     ] GC(1109) Old regions: 166->167
[2026-01-16T09:17:15.441+0000][gc,heap     ] GC(1109) Humongous regions: 167->167
[2026-01-16T09:17:15.441+0000][gc,metaspace] GC(1109) Metaspace: 15876K(16320K)->15876K(16320K) NonClass: 14156K(14336K)->14156K(14336K) Class: 1720K(1984K)->1720K(1984K)
[2026-01-16T09:17:15.443+0000][gc          ] GC(1109) Pause Young (Normal) (G1 Evacuation Pause) 382M->337M(1024M) 188.456ms
[2026-01-16T09:17:15.444+0000][gc,cpu      ] GC(1109) User=0.08s Sys=0.02s Real=0.19s
[2026-01-16T09:17:20.498+0000][gc,start    ] GC(1110) Pause Young (Normal) (G1 Evacuation Pause)
[2026-01-16T09:17:20.504+0000][gc,task     ] GC(1110) Using 8 workers of 8 for evacuation
[2026-01-16T09:17:20.836+0000][gc,mmu      ] GC(1110) MMU target violated: 201.0ms (200.0ms/201.0ms)
[2026-01-16T09:17:20.837+0000][gc,phases   ] GC(1110)   Pre Evacuate Collection Set: 16.7ms
[2026-01-16T09:17:20.838+0000][gc,phases   ] GC(1110)   Merge Heap Roots: 1.9ms
[2026-01-16T09:17:20.838+0000][gc,phases   ] GC(1110)   Evacuate Collection Set: 260.6ms
[2026-01-16T09:17:20.839+0000][gc,phases   ] GC(1110)   Post Evacuate Collection Set: 13.2ms
[2026-01-16T09:17:20.839+0000][gc,phases   ] GC(1110)   Other: 41.7ms
[2026-01-16T09:17:20.840+0000][gc,heap     ] GC(1110) Eden regions: 46->0(68)
[2026-01-16T09:17:20.842+0000][gc,heap     ] GC(1110) Survivor regions: 5->2(7)
[2026-01-16T09:17:20.843+0000][gc,heap     ] GC(1110) Old regions: 167->167
[2026-01-16T09:17:20.843+0000][gc,heap     ] GC(1110) Humongous regions: 167->167
[2026-01-16T09:17:20.846+0000][gc,metaspace] GC(1110) Metaspace: 15879K(16320K)->15879K(16320K) NonClass: 14158K(14336K)->14158K(14336K) Class: 1720K(1984K)->1720K(1984K)
[2026-01-16T09:17:20.848+0000][gc          ] GC(1110) Pause Young (Normal) (G1 Evacuation Pause) 383M->335M(1024M) 349.560ms
[2026-01-16T09:17:20.848+0000][gc,cpu      ] GC(1110) User=0.23s Sys=0.01s Real=0.35s
[2026-01-16T09:17:24.098+0000][gc,start    ] GC(1111) Pause Young (Normal) (G1 Evacuation Pause)
[2026-01-16T09:17:24.099+0000][gc,task     ] GC(1111) Using 8 workers of 8 for evacuation
[2026-01-16T09:17:24.880+0000][gc,mmu      ] GC(1111) MMU target violated: 201.0ms (200.0ms/201.0ms)
[2026-01-16T09:17:24.883+0000][gc,phases   ] GC(1111)   Pre Evacuate Collection Set: 15.8ms
[2026-01-16T09:17:24.884+0000][gc,phases   ] GC(1111)   Merge Heap Roots: 1.1ms
[2026-01-16T09:17:24.886+0000][gc,phases   ] GC(1111)   Evacuate Collection Set: 592.1ms
[2026-01-16T09:17:24.890+0000][gc,phases   ] GC(1111)   Post Evacuate Collection Set: 170.9ms
[2026-01-16T09:17:24.894+0000][gc,phases   ] GC(1111)   Other: 3.7ms
[2026-01-16T09:17:24.896+0000][gc,heap     ] GC(1111) Eden regions: 78->0(47)
[2026-01-16T09:17:24.897+0000][gc,heap     ] GC(1111) Survivor regions: 2->4(10)
[2026-01-16T09:17:24.897+0000][gc,heap     ] GC(1111) Old regions: 167->167
[2026-01-16T09:17:24.897+0000][gc,heap     ] GC(1111) Humongous regions: 167->167
[2026-01-16T09:17:24.898+0000][gc,metaspace] GC(1111) Metaspace: 15879K(16320K)->15879K(16320K) NonClass: 14158K(14336K)->14158K(14336K) Class: 1720K(1984K)->1720K(1984K)
[2026-01-16T09:17:24.900+0000][gc          ] GC(1111) Pause Young (Normal) (G1 Evacuation Pause) 413M->336M(1024M) 801.472ms
[2026-01-16T09:17:24.900+0000][gc,cpu      ] GC(1111) User=0.25s Sys=0.01s Real=0.80s
[2026-01-16T09:17:27.141+0000][gc,start    ] GC(1112) Pause Young (Normal) (G1 Evacuation Pause)
[2026-01-16T09:17:27.143+0000][gc,task     ] GC(1112) Using 8 workers of 8 for evacuation
[2026-01-16T09:17:27.314+0000][gc,phases   ] GC(1112)   Pre Evacuate Collection Set: 30.8ms
[2026-01-16T09:17:27.314+0000][gc,phases   ] GC(1112)   Merge Heap Roots: 9.8ms
[2026-01-16T09:17:27.315+0000][gc,phases   ] GC(1112)   Evacuate Collection Set: 118.6ms
[2026-01-16T09:17:27.315+0000][gc,phases   ] GC(1112)   Post Evacuate Collection Set: 10.1ms
[2026-01-16T09:17:27.315+0000][gc,phases   ] GC(1112)   Other: 1.3ms
[2026-01-16T09:17:27.316+0000][gc,heap     ] GC(1112) Eden regions: 47->0(47)
[2026-01-16T09:17:27.316+0000][gc,heap     ] GC(1112) Survivor regions: 4->4(7)
[2026-01-16T09:17:27.317+0000][gc,heap     ] GC(1112) Old regions: 167->167
[2026-01-16T09:17:27.317+0000][gc,heap     ] GC(1112) Humongous regions: 167->167
[2026-01-16T09:17:27.319+0000][gc,metaspace] GC(1112) Metaspace: 15880K(16320K)->15880K(16320K) NonClass: 14159K(14336K)->14159K(14336K) Class: 1720K(1984K)->1720K(1984K)
[2026-01-16T09:17:27.321+0000][gc          ] GC(1112) Pause Young (Normal) (G1 Evacuation Pause) 383M->337M(1024M) 180.084ms
[2026-01-16T09:17:27.322+0000][gc,cpu      ] GC(1112) User=0.15s Sys=0.01s Real=0.18s
[2026-01-16T09:17:29.403+0000][gc,start    ] GC(1113) Pause Young (Normal) (G1 Evacuation Pause)
[2026-01-16T09:17:29.405+0000][gc,task     ] GC(1113) Using 8 workers of 8 for evacuation
[2026-01-16T09:17:29.622+0000][gc,mmu      ] GC(1113) MMU target violated: 201.0ms (200.0ms/201.0ms)
[2026-01-16T09:17:29.622+0000][gc,phases   ] GC(1113)   Pre Evacuate Collection Set: 26.0ms
[2026-01-16T09:17:29.623+0000][gc,phases   ] GC(1113)   Merge Heap Roots: 0.7ms
[2026-01-16T09:17:29.624+0000][gc,phases   ] GC(1113)   Evacuate Collection Set: 175.7ms
[2026-01-16T09:17:29.625+0000][gc,phases   ] GC(1113)   Post Evacuate Collection Set: 10.2ms
[2026-01-16T09:17:29.625+0000][gc,phases   ] GC(1113)   Other: 5.3ms
[2026-01-16T09:17:29.626+0000][gc,heap     ] GC(1113) Eden regions: 47->0(48)
[2026-01-16T09:17:29.626+0000][gc,heap     ] GC(1113) Survivor regions: 4->3(7)
[2026-01-16T09:17:29.626+0000][gc,heap     ] GC(1113) Old regions: 167->167
[2026-01-16T09:17:29.626+0000][gc,heap     ] GC(1113) Humongous regions: 167->167
[2026-01-16T09:17:29.627+0000][gc,metaspace] GC(1113) Metaspace: 15880K(16320K)->15880K(16320K) NonClass: 14159K(14336K)->14159K(14336K) Class: 1720K(1984K)->1720K(1984K)
[2026-01-16T09:17:29.628+0000][gc          ] GC(1113) Pause Young (Normal) (G1 Evacuation Pause) 384M->336M(1024M) 225.050ms
[2026-01-16T09:17:29.630+0000][gc,cpu      ] GC(1113) User=0.12s Sys=0.01s Real=0.22s
[2026-01-16T09:17:31.356+0000][gc,start    ] GC(1114) Pause Young (Normal) (G1 Evacuation Pause)
[2026-01-16T09:17:31.357+0000][gc,task     ] GC(1114) Using 8 workers of 8 for evacuation
[2026-01-16T09:17:31.783+0000][gc,mmu      ] GC(1114) MMU target violated: 201.0ms (200.0ms/201.0ms)
[2026-01-16T09:17:31.784+0000][gc,phases   ] GC(1114)   Pre Evacuate Collection Set: 32.0ms
[2026-01-16T09:17:31.784+0000][gc,phases   ] GC(1114)   Merge Heap Roots: 6.3ms
[2026-01-16T09:17:31.784+0000][gc,phases   ] GC(1114)   Evacuate Collection Set: 380.7ms
[2026-01-16T09:17:31.785+0000][gc,phases   ] GC(1114)   Post Evacuate Collection Set: 5.7ms
[2026-01-16T09:17:31.785+0000][gc,phases   ] GC(1114)   Other: 2.3ms
[2026-01-16T09:17:31.785+0000][gc,heap     ] GC(1114) Eden regions: 48->0(48)
[2026-01-16T09:17:31.785+0000][gc,heap     ] GC(1114) Survivor regions: 3->3(7)
[2026-01-16T09:17:31.786+0000][gc,heap     ] GC(1114) Old regions: 167->167
[2026-01-16T09:17:31.786+0000][gc,heap     ] GC(1114) Humongous regions: 167->167
[2026-01-16T09:17:31.787+0000][gc,metaspace] GC(1114) Metaspace: 15880K(16320K)->15880K(16320K) NonClass: 14160K(14336K)->14160K(14336K) Class: 1720K(1984K)->1720K(1984K)
[2026-01-16T09:17:31.787+0000][gc          ] GC(1114) Pause Young (Normal) (G1 Evacuation Pause) 384M->336M(1024M) 431.493ms
[2026-01-16T09:17:31.788+0000][gc,cpu      ] GC(1114) User=0.15s Sys=0.01s Real=0.43s
[2026-01-16T09:17:34.105+0000][gc,start    ] GC(1115) Pause Young (Normal) (G1 Evacuation Pause)
[2026-01-16T09:17:34.106+0000][gc,task     ] GC(1115) Using 8 workers of 8 for evacuation
[2026-01-16T09:17:34.212+0000][gc,phases   ] GC(1115)   Pre Evacuate Collection Set: 10.5ms
[2026-01-16T09:17:34.217+0000][gc,phases   ] GC(1115)   Merge Heap Roots: 0.3ms
[2026-01-16T09:17:34.217+0000][gc,phases   ] GC(1115)   Evacuate Collection Set: 88.5ms
[2026-01-16T09:17:34.217+0000][gc,phases   ] GC(1115)   Post Evacuate Collection Set: 5.6ms
[2026-01-16T09:17:34.218+0000][gc,phases   ] GC(1115)   Other: 1.3ms
[2026-01-16T09:17:34.218+0000][gc,heap     ] GC(1115) Eden regions: 48->0(47)
[2026-01-16T09:17:34.219+0000][gc,heap     ] GC(1115) Survivor regions: 3->4(7)
[2026-01-16T09:17:34.219+0000][gc,heap     ] GC(1115) Old regions: 167->167
[2026-01-16T09:17:34.219+0000][gc,heap     ] GC(1115) Humongous regions: 167->167
[2026-01-16T09:17:34.219+0000][gc,metaspace] GC(1115) Metaspace: 15881K(16320K)->15881K(16320K) NonClass: 14160K(14336K)->14160K(14336K) Class: 1720K(1984K)->1720K(1984K)
[2026-01-16T09:17:34.219+0000][gc          ] GC(1115) Pause Young (Normal) (G1 Evacuation Pause) 384M->337M(1024M) 114.369ms
[2026-01-16T09:17:34.219+0000][gc,cpu      ] GC(1115) User=0.10s Sys=0.00s Real=0.11s
[2026-01-16T09:17:35.182+0000][gc,start    ] GC(1116) Pause Young (Normal) (G1 Evacuation Pause)
[2026-01-16T09:17:35.182+0000][gc,task     ] GC(1116) Using 8 workers of 8 for evacuation
[2026-01-16T09:17:35.341+0000][gc,phases   ] GC(1116)   Pre Evacuate Collection Set: 4.9ms
[2026-01-16T09:17:35.354+0000][gc,phases   ] GC(1116)   Merge Heap Roots: 0.8ms
[2026-01-16T09:17:35.366+0000][gc,phases   ] GC(1116)   Evacuate Collection Set: 141.4ms
[2026-01-16T09:17:35.367+0000][gc,phases   ] GC(1116)   Post Evacuate Collection Set: 8.8ms
[2026-01-16T09:17:35.372+0000][gc,phases   ] GC(1116)   Other: 3.3ms
[2026-01-16T09:17:35.380+0000][gc,heap     ] GC(1116) Eden regions: 47->0(46)
[2026-01-16T09:17:35.385+0000][gc,heap     ] GC(1116) Survivor regions: 4->5(7)
[2026-01-16T09:17:35.385+0000][gc,heap     ] GC(1116) Old regions: 167->167
[2026-01-16T09:17:35.385+0000][gc,heap     ] GC(1116) Humongous regions: 167->167
[2026-01-16T09:17:35.386+0000][gc,metaspace] GC(1116) Metaspace: 15881K(16320K)->15881K(16320K) NonClass: 14160K(14336K)->14160K(14336K) Class: 1720K(1984K)->1720K(1984K)
[2026-01-16T09:17:35.386+0000][gc          ] GC(1116) Pause Young (Normal) (G1 Evacuation Pause) 384M->338M(1024M) 204.641ms
[2026-01-16T09:17:35.387+0000][gc,cpu      ] GC(1116) User=0.06s Sys=0.01s Real=0.21s
[2026-01-16T09:17:39.957+0000][gc,start    ] GC(1117) Pause Young (Normal) (G1 Evacuation Pause)
[2026-01-16T09:17:39.961+0000][gc,task     ] GC(1117) Using 8 workers of 8 for evacuation
[2026-01-16T09:17:40.291+0000][gc,mmu      ] GC(1117) MMU target violated: 201.0ms (200.0ms/201.0ms)
[2026-01-16T09:17:40.291+0000][gc,phases   ] GC(1117)   Pre Evacuate Collection Set: 64.9ms
[2026-01-16T09:17:40.295+0000][gc,phases   ] GC(1117)   Merge Heap Roots: 6.4ms
[2026-01-16T09:17:40.296+0000][gc,phases   ] GC(1117)   Evacuate Collection Set: 238.9ms
[2026-01-16T09:17:40.297+0000][gc,phases   ] GC(1117)   Post Evacuate Collection Set: 15.2ms
[2026-01-16T09:17:40.298+0000][gc,phases   ] GC(1117)   Other: 4.5ms
[2026-01-16T09:17:40.302+0000][gc,heap     ] GC(1117) Eden regions: 46->0(49)
[2026-01-16T09:17:40.304+0000][gc,heap     ] GC(1117) Survivor regions: 5->2(7)
[2026-01-16T09:17:40.304+0000][gc,heap     ] GC(1117) Old regions: 167->168
[2026-01-16T09:17:40.305+0000][gc,heap     ] GC(1117) Humongous regions: 167->167
[2026-01-16T09:17:40.307+0000][gc,metaspace] GC(1117) Metaspace: 15882K(16320K)->15882K(16320K) NonClass: 14161K(14336K)->14161K(14336K) Class: 1720K(1984K)->1720K(1984K)
[2026-01-16T09:17:40.307+0000][gc          ] GC(1117) Pause Young (Normal) (G1 Evacuation Pause) 384M->336M(1024M) 350.324ms
[2026-01-16T09:17:40.307+0000][gc,cpu      ] GC(1117) User=0.25s Sys=0.01s Real=0.35s
[2026-01-16T09:17:41.636+0000][gc,start    ] GC(1118) Pause Young (Normal) (G1 Evacuation Pause)
[2026-01-16T09:17:41.638+0000][gc,task     ] GC(1118) Using 8 workers of 8 for evacuation
[2026-01-16T09:17:41.863+0000][gc,mmu      ] GC(1118) MMU target violated: 201.0ms (200.0ms/201.0ms)
[2026-01-16T09:17:41.864+0000][gc,phases   ] GC(1118)   Pre Evacuate Collection Set: 21.8ms
[2026-01-16T09:17:41.866+0000][gc,phases   ] GC(1118)   Merge Heap Roots: 5.6ms
[2026-01-16T09:17:41.875+0000][gc,phases   ] GC(1118)   Evacuate Collection Set: 186.5ms
[2026-01-16T09:17:41.877+0000][gc,phases   ] GC(1118)   Post Evacuate Collection Set: 9.3ms
[2026-01-16T09:17:41.885+0000][gc,phases   ] GC(1118)   Other: 2.5ms
[2026-01-16T09:17:41.886+0000][gc,heap     ] GC(1118) Eden regions: 49->0(48)
[2026-01-16T09:17:41.887+0000][gc,heap     ] GC(1118) Survivor regions: 2->3(7)
[2026-01-16T09:17:41.888+0000][gc,heap     ] GC(1118) Old regions: 168->168
[2026-01-16T09:17:41.888+0000][gc,heap     ] GC(1118) Humongous regions: 167->167
[2026-01-16T09:17:41.889+0000][gc,metaspace] GC(1118) Metaspace: 15882K(16320K)->15882K(16320K) NonClass: 14161K(14336K)->14161K(14336K) Class: 1720K(1984K)->1720K(1984K)
[2026-01-16T09:17:41.889+0000][gc          ] GC(1118) Pause Young (Normal) (G1 Evacuation Pause) 385M->336M(1024M) 253.549ms
[2026-01-16T09:17:41.890+0000][gc,cpu      ] GC(1118) User=0.16s Sys=0.01s Real=0.25s
[2026-01-16T09:17:44.430+0000][gc,start    ] GC(1119) Pause Young (Normal) (G1 Evacuation Pause)
[2026-01-16T09:17:44.431+0000][gc,task     ] GC(1119) Using 8 workers of 8 for evacuation
[2026-01-16T09:17:44.583+0000][gc,phases   ] GC(1119)   Pre Evacuate Collection Set: 29.4ms
[2026-01-16T09:17:44.583+0000][gc,phases   ] GC(1119)   Merge Heap Roots: 3.8ms
[2026-01-16T09:17:44.584+0000][gc,phases   ] GC(1119)   Evacuate Collection Set: 111.4ms
[2026-01-16T09:17:44.584+0000][gc,phases   ] GC(1119)   Post Evacuate Collection Set: 5.7ms
[2026-01-16T09:17:44.585+0000][gc,phases   ] GC(1119)   Other: 2.0ms
[2026-01-16T09:17:44.585+0000][gc,heap     ] GC(1119) Eden regions: 48->0(48)
[2026-01-16T09:17:44.585+0000][gc,heap     ] GC(1119) Survivor regions: 3->3(7)
[2026-01-16T09:17:44.585+0000][gc,heap     ] GC(1119) Old regions: 168->168
[2026-01-16T09:17:44.586+0000][gc,heap     ] GC(1119) Humongous regions: 167->167
[2026-01-16T09:17:44.586+0000][gc,metaspace] GC(1119) Metaspace: 15882K(16320K)->15882K(16320K) NonClass: 14161K(14336K)->14161K(14336K) Class: 1720K(1984K)->1720K(1984K)
[2026-01-16T09:17:44.587+0000][gc          ] GC(1119) Pause Young (Normal) (G1 Evacuation Pause) 384M->337M(1024M) 157.145ms
[2026-01-16T09:17:44.587+0000][gc,cpu      ] GC(1119) User=0.11s Sys=0.00s Real=0.16s
[2026-01-16T09:17:45.566+0000][gc,start    ] GC(1120) Pause Young (Normal) (G1 Evacuation Pause)
[2026-01-16T09:17:45.586+0000][gc,task     ] GC(1120) Using 8 workers of 8 for evacuation
[2026-01-16T09:17:45.657+0000][gc,phases   ] GC(1120)   Pre Evacuate Collection Set: 6.1ms
[2026-01-16T09:17:45.657+0000][gc,phases   ] GC(1120)   Merge Heap Roots: 0.9ms
[2026-01-16T09:17:45.658+0000][gc,phases   ] GC(1120)   Evacuate Collection Set: 56.5ms
[2026-01-16T09:17:45.658+0000][gc,phases   ] GC(1120)   Post Evacuate Collection Set: 2.7ms
[2026-01-16T09:17:45.659+0000][gc,phases   ] GC(1120)   Other: 4.5ms
[2026-01-16T09:17:45.659+0000][gc,heap     ] GC(1120) Eden regions: 48->0(47)
[2026-01-16T09:17:45.660+0000][gc,heap     ] GC(1120) Survivor regions: 3->4(7)
[2026-01-16T09:17:45.660+0000][gc,heap     ] GC(1120) Old regions: 168->168
[2026-01-16T09:17:45.660+0000][gc,heap     ] GC(1120) Humongous regions: 167->167
[2026-01-16T09:17:45.661+0000][gc,metaspace] GC(1120) Metaspace: 15882K(16320K)->15882K(16320K) NonClass: 14161K(14336K)->14161K(14336K) Class: 1720K(1984K)->1720K(1984K)
[2026-01-16T09:17:45.662+0000][gc          ] GC(1120) Pause Young (Normal) (G1 Evacuation Pause) 385M->337M(1024M) 95.508ms
[2026-01-16T09:17:45.662+0000][gc,cpu      ] GC(1120) User=0.06s Sys=0.00s Real=0.09s
[2026-01-16T09:17:50.547+0000][gc,start    ] GC(1121) Pause Young (Normal) (G1 Evacuation Pause)
[2026-01-16T09:17:50.556+0000][gc,task     ] GC(1121) Using 8 workers of 8 for evacuation
[2026-01-16T09:17:50.847+0000][gc,mmu      ] GC(1121) MMU target violated: 201.0ms (200.0ms/201.0ms)
[2026-01-16T09:17:50.848+0000][gc,phases   ] GC(1121)   Pre Evacuate Collection Set: 87.6ms
[2026-01-16T09:17:50.849+0000][gc,phases   ] GC(1121)   Merge Heap Roots: 9.9ms
[2026-01-16T09:17:50.852+0000][gc,phases   ] GC(1121)   Evacuate Collection Set: 173.8ms
[2026-01-16T09:17:50.853+0000][gc,phases   ] GC(1121)   Post Evacuate Collection Set: 11.1ms
[2026-01-16T09:17:50.855+0000][gc,phases   ] GC(1121)   Other: 10.0ms
[2026-01-16T09:17:50.858+0000][gc,heap     ] GC(1121) Eden regions: 47->0(64)
[2026-01-16T09:17:50.860+0000][gc,heap     ] GC(1121) Survivor regions: 4->2(7)
[2026-01-16T09:17:50.861+0000][gc,heap     ] GC(1121) Old regions: 168->168
[2026-01-16T09:17:50.861+0000][gc,heap     ] GC(1121) Humongous regions: 167->167
[2026-01-16T09:17:50.861+0000][gc,metaspace] GC(1121) Metaspace: 15885K(16320K)->15885K(16320K) NonClass: 14164K(14336K)->14164K(14336K) Class: 1720K(1984K)->1720K(1984K)
[2026-01-16T09:17:50.861+0000][gc          ] GC(1121) Pause Young (Normal) (G1 Evacuation Pause) 384M->336M(1024M) 314.751ms
[2026-01-16T09:17:50.862+0000][gc,cpu      ] GC(1121) User=0.22s Sys=0.01s Real=0.32s
[2026-01-16T09:17:53.989+0000][gc,start    ] GC(1122) Pause Young (Normal) (G1 Evacuation Pause)
[2026-01-16T09:17:53.996+0000][gc,task     ] GC(1122) Using 8 workers of 8 for evacuation
[2026-01-16T09:17:54.914+0000][gc,mmu      ] GC(1122) MMU target violated: 201.0ms (200.0ms/201.0ms)
[2026-01-16T09:17:54.915+0000][gc,phases   ] GC(1122)   Pre Evacuate Collection Set: 22.5ms
[2026-01-16T09:17:54.915+0000][gc,phases   ] GC(1122)   Merge Heap Roots: 0.5ms
[2026-01-16T09:17:54.955+0000][gc,phases   ] GC(1122)   Evacuate Collection Set: 761.3ms
[2026-01-16T09:17:54.963+0000][gc,phases   ] GC(1122)   Post Evacuate Collection Set: 117.1ms
[2026-01-16T09:17:54.966+0000][gc,phases   ] GC(1122)   Other: 17.4ms
[2026-01-16T09:17:54.969+0000][gc,heap     ] GC(1122) Eden regions: 63->0(48)
[2026-01-16T09:17:54.970+0000][gc,heap     ] GC(1122) Survivor regions: 2->3(9)
[2026-01-16T09:17:54.992+0000][gc,heap     ] GC(1122) Old regions: 168->168
[2026-01-16T09:17:54.996+0000][gc,heap     ] GC(1122) Humongous regions: 167->167
[2026-01-16T09:17:55.007+0000][gc,metaspace] GC(1122) Metaspace: 15885K(16320K)->15885K(16320K) NonClass: 14164K(14336K)->14164K(14336K) Class: 1720K(1984K)->1720K(1984K)
[2026-01-16T09:17:55.011+0000][gc          ] GC(1122) Pause Young (Normal) (G1 Evacuation Pause) 399M->337M(1024M) 1021.859ms
[2026-01-16T09:17:55.014+0000][gc,cpu      ] GC(1122) User=0.33s Sys=0.03s Real=1.03s
[2026-01-16T09:17:58.521+0000][gc,start    ] GC(1123) Pause Young (Normal) (G1 Evacuation Pause)
[2026-01-16T09:17:58.539+0000][gc,task     ] GC(1123) Using 8 workers of 8 for evacuation
[2026-01-16T09:17:59.504+0000][gc,mmu      ] GC(1123) MMU target violated: 201.0ms (200.0ms/201.0ms)
[2026-01-16T09:17:59.505+0000][gc,phases   ] GC(1123)   Pre Evacuate Collection Set: 32.4ms
[2026-01-16T09:17:59.506+0000][gc,phases   ] GC(1123)   Merge Heap Roots: 17.3ms
[2026-01-16T09:17:59.507+0000][gc,phases   ] GC(1123)   Evacuate Collection Set: 873.7ms
[2026-01-16T09:17:59.507+0000][gc,phases   ] GC(1123)   Post Evacuate Collection Set: 29.5ms
[2026-01-16T09:17:59.507+0000][gc,phases   ] GC(1123)   Other: 13.0ms
[2026-01-16T09:17:59.508+0000][gc,heap     ] GC(1123) Eden regions: 48->0(47)
[2026-01-16T09:17:59.508+0000][gc,heap     ] GC(1123) Survivor regions: 3->4(7)
[2026-01-16T09:17:59.509+0000][gc,heap     ] GC(1123) Old regions: 168->168
[2026-01-16T09:17:59.510+0000][gc,heap     ] GC(1123) Humongous regions: 167->167
[2026-01-16T09:17:59.510+0000][gc,metaspace] GC(1123) Metaspace: 15886K(16320K)->15886K(16320K) NonClass: 14165K(14336K)->14165K(14336K) Class: 1720K(1984K)->1720K(1984K)
[2026-01-16T09:17:59.511+0000][gc          ] GC(1123) Pause Young (Normal) (G1 Evacuation Pause) 385M->338M(1024M) 990.166ms
[2026-01-16T09:17:59.513+0000][gc,cpu      ] GC(1123) User=0.32s Sys=0.04s Real=1.00s
[2026-01-16T09:18:01.963+0000][gc,start    ] GC(1124) Pause Young (Normal) (G1 Evacuation Pause)
[2026-01-16T09:18:01.966+0000][gc,task     ] GC(1124) Using 8 workers of 8 for evacuation
[2026-01-16T09:18:02.377+0000][gc,mmu      ] GC(1124) MMU target violated: 201.0ms (200.0ms/201.0ms)
[2026-01-16T09:18:02.379+0000][gc,phases   ] GC(1124)   Pre Evacuate Collection Set: 92.3ms
[2026-01-16T09:18:02.382+0000][gc,phases   ] GC(1124)   Merge Heap Roots: 4.8ms
[2026-01-16T09:18:02.383+0000][gc,phases   ] GC(1124)   Evacuate Collection Set: 273.8ms
[2026-01-16T09:18:02.385+0000][gc,phases   ] GC(1124)   Post Evacuate Collection Set: 36.8ms
[2026-01-16T09:18:02.386+0000][gc,phases   ] GC(1124)   Other: 6.3ms
[2026-01-16T09:18:02.386+0000][gc,heap     ] GC(1124) Eden regions: 47->0(49)
[2026-01-16T09:18:02.387+0000][gc,heap     ] GC(1124) Survivor regions: 4->2(7)
[2026-01-16T09:18:02.387+0000][gc,heap     ] GC(1124) Old regions: 168->169
[2026-01-16T09:18:02.388+0000][gc,heap     ] GC(1124) Humongous regions: 167->167
[2026-01-16T09:18:02.388+0000][gc,metaspace] GC(1124) Metaspace: 15886K(16320K)->15886K(16320K) NonClass: 14165K(14336K)->14165K(14336K) Class: 1720K(1984K)->1720K(1984K)
[2026-01-16T09:18:02.389+0000][gc          ] GC(1124) Pause Young (Normal) (G1 Evacuation Pause) 385M->336M(1024M) 425.318ms
[2026-01-16T09:18:02.390+0000][gc,cpu      ] GC(1124) User=0.13s Sys=0.01s Real=0.42s
[2026-01-16T09:18:04.878+0000][gc,start    ] GC(1125) Pause Young (Normal) (G1 Evacuation Pause)
[2026-01-16T09:18:04.879+0000][gc,task     ] GC(1125) Using 8 workers of 8 for evacuation
[2026-01-16T09:18:05.101+0000][gc,mmu      ] GC(1125) MMU target violated: 201.0ms (200.0ms/201.0ms)
[2026-01-16T09:18:05.101+0000][gc,phases   ] GC(1125)   Pre Evacuate Collection Set: 57.5ms
[2026-01-16T09:18:05.102+0000][gc,phases   ] GC(1125)   Merge Heap Roots: 2.1ms
[2026-01-16T09:18:05.103+0000][gc,phases   ] GC(1125)   Evacuate Collection Set: 142.9ms
[2026-01-16T09:18:05.103+0000][gc,phases   ] GC(1125)   Post Evacuate Collection Set: 19.1ms
[2026-01-16T09:18:05.104+0000][gc,phases   ] GC(1125)   Other: 0.5ms
[2026-01-16T09:18:05.104+0000][gc,heap     ] GC(1125) Eden regions: 49->0(48)
[2026-01-16T09:18:05.104+0000][gc,heap     ] GC(1125) Survivor regions: 2->3(7)
[2026-01-16T09:18:05.105+0000][gc,heap     ] GC(1125) Old regions: 169->169
[2026-01-16T09:18:05.105+0000][gc,heap     ] GC(1125) Humongous regions: 167->167
[2026-01-16T09:18:05.106+0000][gc,metaspace] GC(1125) Metaspace: 15886K(16320K)->15886K(16320K) NonClass: 14165K(14336K)->14165K(14336K) Class: 1720K(1984K)->1720K(1984K)
[2026-01-16T09:18:05.106+0000][gc          ] GC(1125) Pause Young (Normal) (G1 Evacuation Pause) 385M->337M(1024M) 227.951ms
[2026-01-16T09:18:05.106+0000][gc,cpu      ] GC(1125) User=0.17s Sys=0.02s Real=0.23s
[2026-01-16T09:18:08.303+0000][gc,start    ] GC(1126) Pause Young (Normal) (G1 Evacuation Pause)
[2026-01-16T09:18:08.308+0000][gc,task     ] GC(1126) Using 8 workers of 8 for evacuation
[2026-01-16T09:18:08.710+0000][gc,mmu      ] GC(1126) MMU target violated: 201.0ms (200.0ms/201.0ms)
[2026-01-16T09:18:08.726+0000][gc,phases   ] GC(1126)   Pre Evacuate Collection Set: 130.1ms
[2026-01-16T09:18:08.730+0000][gc,phases   ] GC(1126)   Merge Heap Roots: 11.9ms
[2026-01-16T09:18:08.730+0000][gc,phases   ] GC(1126)   Evacuate Collection Set: 230.7ms
[2026-01-16T09:18:08.731+0000][gc,phases   ] GC(1126)   Post Evacuate Collection Set: 28.2ms
[2026-01-16T09:18:08.731+0000][gc,phases   ] GC(1126)   Other: 17.7ms
[2026-01-16T09:18:08.732+0000][gc,heap     ] GC(1126) Eden regions: 48->0(48)
[2026-01-16T09:18:08.732+0000][gc,heap     ] GC(1126) Survivor regions: 3->3(7)
[2026-01-16T09:18:08.732+0000][gc,heap     ] GC(1126) Old regions: 169->169
[2026-01-16T09:18:08.732+0000][gc,heap     ] GC(1126) Humongous regions: 167->167
[2026-01-16T09:18:08.736+0000][gc,metaspace] GC(1126) Metaspace: 15886K(16320K)->15886K(16320K) NonClass: 14165K(14336K)->14165K(14336K) Class: 1720K(1984K)->1720K(1984K)
[2026-01-16T09:18:08.737+0000][gc          ] GC(1126) Pause Young (Normal) (G1 Evacuation Pause) 385M->338M(1024M) 434.061ms
[2026-01-16T09:18:08.752+0000][gc,cpu      ] GC(1126) User=0.33s Sys=0.04s Real=0.45s
[2026-01-16T09:18:11.135+0000][gc,start    ] GC(1127) Pause Young (Normal) (G1 Evacuation Pause)
[2026-01-16T09:18:11.159+0000][gc,task     ] GC(1127) Using 8 workers of 8 for evacuation
[2026-01-16T09:18:11.504+0000][gc,mmu      ] GC(1127) MMU target violated: 201.0ms (200.0ms/201.0ms)
[2026-01-16T09:18:11.505+0000][gc,phases   ] GC(1127)   Pre Evacuate Collection Set: 30.3ms
[2026-01-16T09:18:11.506+0000][gc,phases   ] GC(1127)   Merge Heap Roots: 0.6ms
[2026-01-16T09:18:11.506+0000][gc,phases   ] GC(1127)   Evacuate Collection Set: 275.9ms
[2026-01-16T09:18:11.507+0000][gc,phases   ] GC(1127)   Post Evacuate Collection Set: 36.7ms
[2026-01-16T09:18:11.507+0000][gc,phases   ] GC(1127)   Other: 3.0ms
[2026-01-16T09:18:11.507+0000][gc,heap     ] GC(1127) Eden regions: 48->0(47)
[2026-01-16T09:18:11.507+0000][gc,heap     ] GC(1127) Survivor regions: 3->4(7)
[2026-01-16T09:18:11.508+0000][gc,heap     ] GC(1127) Old regions: 169->169
[2026-01-16T09:18:11.508+0000][gc,heap     ] GC(1127) Humongous regions: 167->167
[2026-01-16T09:18:11.509+0000][gc,metaspace] GC(1127) Metaspace: 15887K(16320K)->15887K(16320K) NonClass: 14166K(14336K)->14166K(14336K) Class: 1720K(1984K)->1720K(1984K)
[2026-01-16T09:18:11.510+0000][gc          ] GC(1127) Pause Young (Normal) (G1 Evacuation Pause) 386M->338M(1024M) 374.867ms
[2026-01-16T09:18:11.510+0000][gc,cpu      ] GC(1127) User=0.24s Sys=0.03s Real=0.37s
[2026-01-16T09:18:12.341+0000][gc,start    ] GC(1128) Pause Young (Normal) (G1 Evacuation Pause)
[2026-01-16T09:18:12.342+0000][gc,task     ] GC(1128) Using 8 workers of 8 for evacuation
[2026-01-16T09:18:12.514+0000][gc,phases   ] GC(1128)   Pre Evacuate Collection Set: 7.9ms
[2026-01-16T09:18:12.515+0000][gc,phases   ] GC(1128)   Merge Heap Roots: 3.9ms
[2026-01-16T09:18:12.515+0000][gc,phases   ] GC(1128)   Evacuate Collection Set: 157.1ms
[2026-01-16T09:18:12.516+0000][gc,phases   ] GC(1128)   Post Evacuate Collection Set: 2.9ms
[2026-01-16T09:18:12.521+0000][gc,phases   ] GC(1128)   Other: 0.4ms
[2026-01-16T09:18:12.521+0000][gc,heap     ] GC(1128) Eden regions: 47->0(46)
[2026-01-16T09:18:12.522+0000][gc,heap     ] GC(1128) Survivor regions: 4->5(7)
[2026-01-16T09:18:12.522+0000][gc,heap     ] GC(1128) Old regions: 169->169
[2026-01-16T09:18:12.522+0000][gc,heap     ] GC(1128) Humongous regions: 167->167
[2026-01-16T09:18:12.522+0000][gc,metaspace] GC(1128) Metaspace: 15887K(16320K)->15887K(16320K) NonClass: 14166K(14336K)->14166K(14336K) Class: 1720K(1984K)->1720K(1984K)
[2026-01-16T09:18:12.523+0000][gc          ] GC(1128) Pause Young (Normal) (G1 Evacuation Pause) 385M->339M(1024M) 181.695ms
[2026-01-16T09:18:12.523+0000][gc,cpu      ] GC(1128) User=0.10s Sys=0.00s Real=0.19s
[2026-01-16T09:18:13.593+0000][gc,start    ] GC(1129) Pause Young (Normal) (G1 Evacuation Pause)
[2026-01-16T09:18:13.595+0000][gc,task     ] GC(1129) Using 8 workers of 8 for evacuation
[2026-01-16T09:18:13.696+0000][gc,phases   ] GC(1129)   Pre Evacuate Collection Set: 9.5ms
[2026-01-16T09:18:13.696+0000][gc,phases   ] GC(1129)   Merge Heap Roots: 0.2ms
[2026-01-16T09:18:13.697+0000][gc,phases   ] GC(1129)   Evacuate Collection Set: 75.0ms
[2026-01-16T09:18:13.698+0000][gc,phases   ] GC(1129)   Post Evacuate Collection Set: 13.7ms
[2026-01-16T09:18:13.698+0000][gc,phases   ] GC(1129)   Other: 2.1ms
[2026-01-16T09:18:13.699+0000][gc,heap     ] GC(1129) Eden regions: 46->0(49)
[2026-01-16T09:18:13.699+0000][gc,heap     ] GC(1129) Survivor regions: 5->2(7)
[2026-01-16T09:18:13.699+0000][gc,heap     ] GC(1129) Old regions: 169->169
[2026-01-16T09:18:13.700+0000][gc,heap     ] GC(1129) Humongous regions: 167->167
[2026-01-16T09:18:13.700+0000][gc,metaspace] GC(1129) Metaspace: 15889K(16320K)->15889K(16320K) NonClass: 14169K(14336K)->14169K(14336K) Class: 1720K(1984K)->1720K(1984K)
[2026-01-16T09:18:13.700+0000][gc          ] GC(1129) Pause Young (Normal) (G1 Evacuation Pause) 385M->337M(1024M) 107.407ms
[2026-01-16T09:18:13.701+0000][gc,cpu      ] GC(1129) User=0.06s Sys=0.00s Real=0.10s
[2026-01-16T09:18:15.026+0000][gc,start    ] GC(1130) Pause Young (Normal) (G1 Evacuation Pause)
[2026-01-16T09:18:15.027+0000][gc,task     ] GC(1130) Using 8 workers of 8 for evacuation
[2026-01-16T09:18:15.304+0000][gc,mmu      ] GC(1130) MMU target violated: 201.0ms (200.0ms/201.0ms)
[2026-01-16T09:18:15.308+0000][gc,phases   ] GC(1130)   Pre Evacuate Collection Set: 13.2ms
[2026-01-16T09:18:15.309+0000][gc,phases   ] GC(1130)   Merge Heap Roots: 0.6ms
[2026-01-16T09:18:15.310+0000][gc,phases   ] GC(1130)   Evacuate Collection Set: 240.8ms
[2026-01-16T09:18:15.311+0000][gc,phases   ] GC(1130)   Post Evacuate Collection Set: 21.0ms
[2026-01-16T09:18:15.313+0000][gc,phases   ] GC(1130)   Other: 5.6ms
[2026-01-16T09:18:15.313+0000][gc,heap     ] GC(1130) Eden regions: 49->0(48)
[2026-01-16T09:18:15.315+0000][gc,heap     ] GC(1130) Survivor regions: 2->3(7)
[2026-01-16T09:18:15.317+0000][gc,heap     ] GC(1130) Old regions: 169->169
[2026-01-16T09:18:15.317+0000][gc,heap     ] GC(1130) Humongous regions: 167->167
[2026-01-16T09:18:15.318+0000][gc,metaspace] GC(1130) Metaspace: 15889K(16320K)->15889K(16320K) NonClass: 14169K(14336K)->14169K(14336K) Class: 1720K(1984K)->1720K(1984K)
[2026-01-16T09:18:15.319+0000][gc          ] GC(1130) Pause Young (Normal) (G1 Evacuation Pause) 386M->338M(1024M) 293.410ms
[2026-01-16T09:18:15.324+0000][gc,cpu      ] GC(1130) User=0.13s Sys=0.02s Real=0.30s
[2026-01-16T09:18:16.803+0000][gc,start    ] GC(1131) Pause Young (Normal) (G1 Evacuation Pause)
[2026-01-16T09:18:16.806+0000][gc,task     ] GC(1131) Using 8 workers of 8 for evacuation
[2026-01-16T09:18:17.051+0000][gc,mmu      ] GC(1131) MMU target violated: 201.0ms (200.0ms/201.0ms)
[2026-01-16T09:18:17.052+0000][gc,phases   ] GC(1131)   Pre Evacuate Collection Set: 23.7ms
[2026-01-16T09:18:17.052+0000][gc,phases   ] GC(1131)   Merge Heap Roots: 0.4ms
[2026-01-16T09:18:17.054+0000][gc,phases   ] GC(1131)   Evacuate Collection Set: 202.9ms
[2026-01-16T09:18:17.055+0000][gc,phases   ] GC(1131)   Post Evacuate Collection Set: 16.9ms
[2026-01-16T09:18:17.057+0000][gc,phases   ] GC(1131)   Other: 2.4ms
[2026-01-16T09:18:17.057+0000][gc,heap     ] GC(1131) Eden regions: 48->0(48)
[2026-01-16T09:18:17.057+0000][gc,heap     ] GC(1131) Survivor regions: 3->3(7)
[2026-01-16T09:18:17.059+0000][gc,heap     ] GC(1131) Old regions: 169->169
[2026-01-16T09:18:17.059+0000][gc,heap     ] GC(1131) Humongous regions: 167->167
[2026-01-16T09:18:17.059+0000][gc,metaspace] GC(1131) Metaspace: 15889K(16320K)->15889K(16320K) NonClass: 14169K(14336K)->14169K(14336K) Class: 1720K(1984K)->1720K(1984K)
[2026-01-16T09:18:17.060+0000][gc          ] GC(1131) Pause Young (Normal) (G1 Evacuation Pause) 386M->338M(1024M) 262.246ms
[2026-01-16T09:18:17.060+0000][gc,cpu      ] GC(1131) User=0.08s Sys=0.02s Real=0.26s
[2026-01-16T09:18:20.174+0000][gc,start    ] GC(1132) Pause Young (Normal) (G1 Evacuation Pause)
[2026-01-16T09:18:20.176+0000][gc,task     ] GC(1132) Using 8 workers of 8 for evacuation
[2026-01-16T09:18:20.305+0000][gc,phases   ] GC(1132)   Pre Evacuate Collection Set: 25.9ms
[2026-01-16T09:18:20.306+0000][gc,phases   ] GC(1132)   Merge Heap Roots: 3.9ms
[2026-01-16T09:18:20.307+0000][gc,phases   ] GC(1132)   Evacuate Collection Set: 93.0ms
[2026-01-16T09:18:20.307+0000][gc,phases   ] GC(1132)   Post Evacuate Collection Set: 4.6ms
[2026-01-16T09:18:20.307+0000][gc,phases   ] GC(1132)   Other: 2.1ms
[2026-01-16T09:18:20.308+0000][gc,heap     ] GC(1132) Eden regions: 48->0(71)
[2026-01-16T09:18:20.308+0000][gc,heap     ] GC(1132) Survivor regions: 3->2(7)
[2026-01-16T09:18:20.309+0000][gc,heap     ] GC(1132) Old regions: 169->169
[2026-01-16T09:18:20.310+0000][gc,heap     ] GC(1132) Humongous regions: 167->167
[2026-01-16T09:18:20.312+0000][gc,metaspace] GC(1132) Metaspace: 15890K(16320K)->15890K(16320K) NonClass: 14170K(14336K)->14170K(14336K) Class: 1720K(1984K)->1720K(1984K)
[2026-01-16T09:18:20.314+0000][gc          ] GC(1132) Pause Young (Normal) (G1 Evacuation Pause) 386M->337M(1024M) 140.051ms
[2026-01-16T09:18:20.314+0000][gc,cpu      ] GC(1132) User=0.11s Sys=0.01s Real=0.14s
[2026-01-16T09:18:23.440+0000][gc,start    ] GC(1133) Pause Young (Normal) (G1 Evacuation Pause)
[2026-01-16T09:18:23.443+0000][gc,task     ] GC(1133) Using 8 workers of 8 for evacuation
[2026-01-16T09:18:23.680+0000][gc,mmu      ] GC(1133) MMU target violated: 201.0ms (200.0ms/201.0ms)
[2026-01-16T09:18:23.681+0000][gc,phases   ] GC(1133)   Pre Evacuate Collection Set: 27.5ms
[2026-01-16T09:18:23.681+0000][gc,phases   ] GC(1133)   Merge Heap Roots: 0.7ms
[2026-01-16T09:18:23.682+0000][gc,phases   ] GC(1133)   Evacuate Collection Set: 191.3ms
[2026-01-16T09:18:23.683+0000][gc,phases   ] GC(1133)   Post Evacuate Collection Set: 15.4ms
[2026-01-16T09:18:23.683+0000][gc,phases   ] GC(1133)   Other: 2.7ms
[2026-01-16T09:18:23.686+0000][gc,heap     ] GC(1133) Eden regions: 74->0(48)
[2026-01-16T09:18:23.686+0000][gc,heap     ] GC(1133) Survivor regions: 2->3(10)
[2026-01-16T09:18:23.687+0000][gc,heap     ] GC(1133) Old regions: 169->169
[2026-01-16T09:18:23.687+0000][gc,heap     ] GC(1133) Humongous regions: 167->167
[2026-01-16T09:18:23.687+0000][gc,metaspace] GC(1133) Metaspace: 15890K(16320K)->15890K(16320K) NonClass: 14170K(14336K)->14170K(14336K) Class: 1720K(1984K)->1720K(1984K)
[2026-01-16T09:18:23.692+0000][gc          ] GC(1133) Pause Young (Normal) (G1 Evacuation Pause) 411M->338M(1024M) 251.716ms
[2026-01-16T09:18:23.692+0000][gc,cpu      ] GC(1133) User=0.18s Sys=0.01s Real=0.25s
[2026-01-16T09:18:24.807+0000][gc,start    ] GC(1134) Pause Young (Normal) (G1 Evacuation Pause)
[2026-01-16T09:18:24.808+0000][gc,task     ] GC(1134) Using 8 workers of 8 for evacuation
[2026-01-16T09:18:24.936+0000][gc,phases   ] GC(1134)   Pre Evacuate Collection Set: 10.6ms
[2026-01-16T09:18:24.937+0000][gc,phases   ] GC(1134)   Merge Heap Roots: 0.3ms
[2026-01-16T09:18:24.938+0000][gc,phases   ] GC(1134)   Evacuate Collection Set: 112.0ms
[2026-01-16T09:18:24.938+0000][gc,phases   ] GC(1134)   Post Evacuate Collection Set: 4.2ms
[2026-01-16T09:18:24.938+0000][gc,phases   ] GC(1134)   Other: 1.0ms
[2026-01-16T09:18:24.938+0000][gc,heap     ] GC(1134) Eden regions: 48->0(47)
[2026-01-16T09:18:24.938+0000][gc,heap     ] GC(1134) Survivor regions: 3->4(7)
[2026-01-16T09:18:24.939+0000][gc,heap     ] GC(1134) Old regions: 169->169
[2026-01-16T09:18:24.939+0000][gc,heap     ] GC(1134) Humongous regions: 167->167
[2026-01-16T09:18:24.939+0000][gc,metaspace] GC(1134) Metaspace: 15890K(16320K)->15890K(16320K) NonClass: 14170K(14336K)->14170K(14336K) Class: 1720K(1984K)->1720K(1984K)
[2026-01-16T09:18:24.940+0000][gc          ] GC(1134) Pause Young (Normal) (G1 Evacuation Pause) 386M->338M(1024M) 132.580ms
[2026-01-16T09:18:24.940+0000][gc,cpu      ] GC(1134) User=0.10s Sys=0.00s Real=0.13s
[2026-01-16T09:18:30.500+0000][gc,start    ] GC(1135) Pause Young (Normal) (G1 Evacuation Pause)
[2026-01-16T09:18:30.504+0000][gc,task     ] GC(1135) Using 8 workers of 8 for evacuation
[2026-01-16T09:18:30.805+0000][gc,mmu      ] GC(1135) MMU target violated: 201.0ms (200.0ms/201.0ms)
[2026-01-16T09:18:30.807+0000][gc,phases   ] GC(1135)   Pre Evacuate Collection Set: 33.2ms
[2026-01-16T09:18:30.807+0000][gc,phases   ] GC(1135)   Merge Heap Roots: 10.7ms
[2026-01-16T09:18:30.809+0000][gc,phases   ] GC(1135)   Evacuate Collection Set: 230.8ms
[2026-01-16T09:18:30.810+0000][gc,phases   ] GC(1135)   Post Evacuate Collection Set: 18.3ms
[2026-01-16T09:18:30.811+0000][gc,phases   ] GC(1135)   Other: 9.7ms
[2026-01-16T09:18:30.813+0000][gc,heap     ] GC(1135) Eden regions: 47->0(87)
[2026-01-16T09:18:30.814+0000][gc,heap     ] GC(1135) Survivor regions: 4->2(7)
[2026-01-16T09:18:30.814+0000][gc,heap     ] GC(1135) Old regions: 169->169
[2026-01-16T09:18:30.815+0000][gc,heap     ] GC(1135) Humongous regions: 167->167
[2026-01-16T09:18:30.818+0000][gc,metaspace] GC(1135) Metaspace: 15891K(16320K)->15891K(16320K) NonClass: 14171K(14336K)->14171K(14336K) Class: 1720K(1984K)->1720K(1984K)
[2026-01-16T09:18:30.822+0000][gc          ] GC(1135) Pause Young (Normal) (G1 Evacuation Pause) 385M->337M(1024M) 322.477ms
[2026-01-16T09:18:30.825+0000][gc,cpu      ] GC(1135) User=0.21s Sys=0.03s Real=0.33s
[2026-01-16T09:18:35.265+0000][gc,start    ] GC(1136) Pause Young (Normal) (G1 Evacuation Pause)
[2026-01-16T09:18:35.274+0000][gc,task     ] GC(1136) Using 8 workers of 8 for evacuation
[2026-01-16T09:18:35.767+0000][gc,mmu      ] GC(1136) MMU target violated: 201.0ms (200.0ms/201.0ms)
[2026-01-16T09:18:35.770+0000][gc,phases   ] GC(1136)   Pre Evacuate Collection Set: 228.2ms
[2026-01-16T09:18:35.772+0000][gc,phases   ] GC(1136)   Merge Heap Roots: 18.8ms
[2026-01-16T09:18:35.772+0000][gc,phases   ] GC(1136)   Evacuate Collection Set: 222.9ms
[2026-01-16T09:18:35.773+0000][gc,phases   ] GC(1136)   Post Evacuate Collection Set: 17.1ms
[2026-01-16T09:18:35.773+0000][gc,phases   ] GC(1136)   Other: 15.7ms
[2026-01-16T09:18:35.773+0000][gc,heap     ] GC(1136) Eden regions: 83->0(48)
[2026-01-16T09:18:35.773+0000][gc,heap     ] GC(1136) Survivor regions: 2->3(11)
[2026-01-16T09:18:35.773+0000][gc,heap     ] GC(1136) Old regions: 169->169
[2026-01-16T09:18:35.774+0000][gc,heap     ] GC(1136) Humongous regions: 167->167
[2026-01-16T09:18:35.777+0000][gc,metaspace] GC(1136) Metaspace: 15891K(16320K)->15891K(16320K) NonClass: 14171K(14336K)->14171K(14336K) Class: 1720K(1984K)->1720K(1984K)
[2026-01-16T09:18:35.778+0000][gc          ] GC(1136) Pause Young (Normal) (G1 Evacuation Pause) 420M->338M(1024M) 512.508ms
[2026-01-16T09:18:35.780+0000][gc,cpu      ] GC(1136) User=0.38s Sys=0.03s Real=0.51s
[2026-01-16T09:18:37.585+0000][gc,start    ] GC(1137) Pause Young (Normal) (G1 Evacuation Pause)
[2026-01-16T09:18:37.587+0000][gc,task     ] GC(1137) Using 8 workers of 8 for evacuation
[2026-01-16T09:18:37.745+0000][gc,phases   ] GC(1137)   Pre Evacuate Collection Set: 10.2ms
[2026-01-16T09:18:37.745+0000][gc,phases   ] GC(1137)   Merge Heap Roots: 0.5ms
[2026-01-16T09:18:37.745+0000][gc,phases   ] GC(1137)   Evacuate Collection Set: 143.2ms
[2026-01-16T09:18:37.745+0000][gc,phases   ] GC(1137)   Post Evacuate Collection Set: 3.2ms
[2026-01-16T09:18:37.745+0000][gc,phases   ] GC(1137)   Other: 0.8ms
[2026-01-16T09:18:37.745+0000][gc,heap     ] GC(1137) Eden regions: 48->0(47)
[2026-01-16T09:18:37.745+0000][gc,heap     ] GC(1137) Survivor regions: 3->4(7)
[2026-01-16T09:18:37.745+0000][gc,heap     ] GC(1137) Old regions: 169->169
[2026-01-16T09:18:37.745+0000][gc,heap     ] GC(1137) Humongous regions: 167->167
[2026-01-16T09:18:37.745+0000][gc,metaspace] GC(1137) Metaspace: 15891K(16320K)->15891K(16320K) NonClass: 14171K(14336K)->14171K(14336K) Class: 1720K(1984K)->1720K(1984K)
[2026-01-16T09:18:37.749+0000][gc          ] GC(1137) Pause Young (Normal) (G1 Evacuation Pause) 386M->339M(1024M) 163.347ms
[2026-01-16T09:18:37.752+0000][gc,cpu      ] GC(1137) User=0.14s Sys=0.00s Real=0.16s
[2026-01-16T09:18:40.126+0000][gc,start    ] GC(1138) Pause Young (Normal) (G1 Evacuation Pause)
[2026-01-16T09:18:40.127+0000][gc,task     ] GC(1138) Using 8 workers of 8 for evacuation
[2026-01-16T09:18:40.261+0000][gc,phases   ] GC(1138)   Pre Evacuate Collection Set: 11.1ms
[2026-01-16T09:18:40.262+0000][gc,phases   ] GC(1138)   Merge Heap Roots: 4.7ms
[2026-01-16T09:18:40.263+0000][gc,phases   ] GC(1138)   Evacuate Collection Set: 99.5ms
[2026-01-16T09:18:40.263+0000][gc,phases   ] GC(1138)   Post Evacuate Collection Set: 11.4ms
[2026-01-16T09:18:40.264+0000][gc,phases   ] GC(1138)   Other: 6.7ms
[2026-01-16T09:18:40.265+0000][gc,heap     ] GC(1138) Eden regions: 47->0(76)
[2026-01-16T09:18:40.265+0000][gc,heap     ] GC(1138) Survivor regions: 4->2(7)
[2026-01-16T09:18:40.265+0000][gc,heap     ] GC(1138) Old regions: 169->169
[2026-01-16T09:18:40.265+0000][gc,heap     ] GC(1138) Humongous regions: 167->167
[2026-01-16T09:18:40.266+0000][gc,metaspace] GC(1138) Metaspace: 15891K(16320K)->15891K(16320K) NonClass: 14171K(14336K)->14171K(14336K) Class: 1720K(1984K)->1720K(1984K)
[2026-01-16T09:18:40.266+0000][gc          ] GC(1138) Pause Young (Normal) (G1 Evacuation Pause) 386M->337M(1024M) 139.656ms
[2026-01-16T09:18:40.266+0000][gc,cpu      ] GC(1138) User=0.07s Sys=0.01s Real=0.14s
[2026-01-16T09:18:41.824+0000][gc,start    ] GC(1139) Pause Young (Normal) (G1 Evacuation Pause)
[2026-01-16T09:18:41.827+0000][gc,task     ] GC(1139) Using 8 workers of 8 for evacuation
[2026-01-16T09:18:42.109+0000][gc,mmu      ] GC(1139) MMU target violated: 201.0ms (200.0ms/201.0ms)
[2026-01-16T09:18:42.109+0000][gc,phases   ] GC(1139)   Pre Evacuate Collection Set: 41.0ms
[2026-01-16T09:18:42.110+0000][gc,phases   ] GC(1139)   Merge Heap Roots: 0.3ms
[2026-01-16T09:18:42.110+0000][gc,phases   ] GC(1139)   Evacuate Collection Set: 229.6ms
[2026-01-16T09:18:42.114+0000][gc,phases   ] GC(1139)   Post Evacuate Collection Set: 9.7ms
[2026-01-16T09:18:42.114+0000][gc,phases   ] GC(1139)   Other: 1.2ms
[2026-01-16T09:18:42.114+0000][gc,heap     ] GC(1139) Eden regions: 69->0(48)
[2026-01-16T09:18:42.115+0000][gc,heap     ] GC(1139) Survivor regions: 2->3(9)
[2026-01-16T09:18:42.116+0000][gc,heap     ] GC(1139) Old regions: 169->169
[2026-01-16T09:18:42.116+0000][gc,heap     ] GC(1139) Humongous regions: 167->167
[2026-01-16T09:18:42.117+0000][gc,metaspace] GC(1139) Metaspace: 15891K(16320K)->15891K(16320K) NonClass: 14171K(14336K)->14171K(14336K) Class: 1720K(1984K)->1720K(1984K)
[2026-01-16T09:18:42.117+0000][gc          ] GC(1139) Pause Young (Normal) (G1 Evacuation Pause) 406M->338M(1024M) 292.907ms
[2026-01-16T09:18:42.117+0000][gc,cpu      ] GC(1139) User=0.16s Sys=0.00s Real=0.29s
[2026-01-16T09:18:43.209+0000][gc,start    ] GC(1140) Pause Young (Normal) (G1 Evacuation Pause)
[2026-01-16T09:18:43.213+0000][gc,task     ] GC(1140) Using 8 workers of 8 for evacuation
[2026-01-16T09:18:43.431+0000][gc,mmu      ] GC(1140) MMU target violated: 201.0ms (200.0ms/201.0ms)
[2026-01-16T09:18:43.433+0000][gc,phases   ] GC(1140)   Pre Evacuate Collection Set: 24.4ms
[2026-01-16T09:18:43.434+0000][gc,phases   ] GC(1140)   Merge Heap Roots: 2.4ms
[2026-01-16T09:18:43.435+0000][gc,phases   ] GC(1140)   Evacuate Collection Set: 178.0ms
[2026-01-16T09:18:43.435+0000][gc,phases   ] GC(1140)   Post Evacuate Collection Set: 10.7ms
[2026-01-16T09:18:43.436+0000][gc,phases   ] GC(1140)   Other: 5.0ms
[2026-01-16T09:18:43.437+0000][gc,heap     ] GC(1140) Eden regions: 48->0(47)
[2026-01-16T09:18:43.437+0000][gc,heap     ] GC(1140) Survivor regions: 3->4(7)
[2026-01-16T09:18:43.438+0000][gc,heap     ] GC(1140) Old regions: 169->170
[2026-01-16T09:18:43.439+0000][gc,heap     ] GC(1140) Humongous regions: 167->167
[2026-01-16T09:18:43.440+0000][gc,metaspace] GC(1140) Metaspace: 15891K(16320K)->15891K(16320K) NonClass: 14171K(14336K)->14171K(14336K) Class: 1720K(1984K)->1720K(1984K)
[2026-01-16T09:18:43.441+0000][gc          ] GC(1140) Pause Young (Normal) (G1 Evacuation Pause) 386M->339M(1024M) 232.142ms
[2026-01-16T09:18:43.441+0000][gc,cpu      ] GC(1140) User=0.13s Sys=0.01s Real=0.23s
[2026-01-16T09:18:49.967+0000][gc,start    ] GC(1141) Pause Young (Normal) (G1 Evacuation Pause)
[2026-01-16T09:18:49.971+0000][gc,task     ] GC(1141) Using 8 workers of 8 for evacuation
[2026-01-16T09:18:50.105+0000][gc,phases   ] GC(1141)   Pre Evacuate Collection Set: 24.9ms
[2026-01-16T09:18:50.107+0000][gc,phases   ] GC(1141)   Merge Heap Roots: 4.0ms
[2026-01-16T09:18:50.108+0000][gc,phases   ] GC(1141)   Evacuate Collection Set: 81.3ms
[2026-01-16T09:18:50.108+0000][gc,phases   ] GC(1141)   Post Evacuate Collection Set: 22.1ms
[2026-01-16T09:18:50.108+0000][gc,phases   ] GC(1141)   Other: 1.4ms
[2026-01-16T09:18:50.109+0000][gc,heap     ] GC(1141) Eden regions: 47->0(171)
[2026-01-16T09:18:50.109+0000][gc,heap     ] GC(1141) Survivor regions: 4->2(7)
[2026-01-16T09:18:50.109+0000][gc,heap     ] GC(1141) Old regions: 170->170
[2026-01-16T09:18:50.110+0000][gc,heap     ] GC(1141) Humongous regions: 167->167
[2026-01-16T09:18:50.110+0000][gc,metaspace] GC(1141) Metaspace: 15891K(16320K)->15891K(16320K) NonClass: 14171K(14336K)->14171K(14336K) Class: 1720K(1984K)->1720K(1984K)
[2026-01-16T09:18:50.110+0000][gc          ] GC(1141) Pause Young (Normal) (G1 Evacuation Pause) 386M->337M(1024M) 143.348ms
[2026-01-16T09:18:50.111+0000][gc,cpu      ] GC(1141) User=0.12s Sys=0.01s Real=0.14s
[2026-01-16T09:19:01.378+0000][gc,start    ] GC(1142) Pause Young (Normal) (G1 Evacuation Pause)
[2026-01-16T09:19:01.386+0000][gc,task     ] GC(1142) Using 8 workers of 8 for evacuation
[2026-01-16T09:19:02.267+0000][gc,mmu      ] GC(1142) MMU target violated: 201.0ms (200.0ms/201.0ms)
[2026-01-16T09:19:02.267+0000][gc,phases   ] GC(1142)   Pre Evacuate Collection Set: 52.8ms
[2026-01-16T09:19:02.268+0000][gc,phases   ] GC(1142)   Merge Heap Roots: 2.5ms
[2026-01-16T09:19:02.268+0000][gc,phases   ] GC(1142)   Evacuate Collection Set: 769.1ms
[2026-01-16T09:19:02.268+0000][gc,phases   ] GC(1142)   Post Evacuate Collection Set: 51.5ms
[2026-01-16T09:19:02.268+0000][gc,phases   ] GC(1142)   Other: 9.7ms
[2026-01-16T09:19:02.268+0000][gc,heap     ] GC(1142) Eden regions: 155->0(47)
[2026-01-16T09:19:02.268+0000][gc,heap     ] GC(1142) Survivor regions: 2->4(20)
[2026-01-16T09:19:02.268+0000][gc,heap     ] GC(1142) Old regions: 170->170
[2026-01-16T09:19:02.268+0000][gc,heap     ] GC(1142) Humongous regions: 167->167
[2026-01-16T09:19:02.268+0000][gc,metaspace] GC(1142) Metaspace: 15891K(16320K)->15891K(16320K) NonClass: 14171K(14336K)->14171K(14336K) Class: 1720K(1984K)->1720K(1984K)
[2026-01-16T09:19:02.271+0000][gc          ] GC(1142) Pause Young (Normal) (G1 Evacuation Pause) 492M->339M(1024M) 892.967ms
[2026-01-16T09:19:02.275+0000][gc,cpu      ] GC(1142) User=0.66s Sys=0.04s Real=0.90s
[2026-01-16T09:19:03.519+0000][gc,start    ] GC(1143) Pause Young (Normal) (G1 Evacuation Pause)
[2026-01-16T09:19:03.520+0000][gc,task     ] GC(1143) Using 8 workers of 8 for evacuation
[2026-01-16T09:19:03.644+0000][gc,phases   ] GC(1143)   Pre Evacuate Collection Set: 26.5ms
[2026-01-16T09:19:03.646+0000][gc,phases   ] GC(1143)   Merge Heap Roots: 5.6ms
[2026-01-16T09:19:03.646+0000][gc,phases   ] GC(1143)   Evacuate Collection Set: 82.5ms
[2026-01-16T09:19:03.646+0000][gc,phases   ] GC(1143)   Post Evacuate Collection Set: 7.1ms
[2026-01-16T09:19:03.646+0000][gc,phases   ] GC(1143)   Other: 2.4ms
[2026-01-16T09:19:03.647+0000][gc,heap     ] GC(1143) Eden regions: 47->0(49)
[2026-01-16T09:19:03.647+0000][gc,heap     ] GC(1143) Survivor regions: 4->2(7)
[2026-01-16T09:19:03.647+0000][gc,heap     ] GC(1143) Old regions: 170->170
[2026-01-16T09:19:03.648+0000][gc,heap     ] GC(1143) Humongous regions: 167->167
[2026-01-16T09:19:03.648+0000][gc,metaspace] GC(1143) Metaspace: 15891K(16320K)->15891K(16320K) NonClass: 14171K(14336K)->14171K(14336K) Class: 1720K(1984K)->1720K(1984K)
[2026-01-16T09:19:03.649+0000][gc          ] GC(1143) Pause Young (Normal) (G1 Evacuation Pause) 386M->337M(1024M) 129.781ms
[2026-01-16T09:19:03.650+0000][gc,cpu      ] GC(1143) User=0.08s Sys=0.01s Real=0.13s
[2026-01-16T09:19:04.772+0000][gc,start    ] GC(1144) Pause Young (Normal) (G1 Evacuation Pause)
[2026-01-16T09:19:04.773+0000][gc,task     ] GC(1144) Using 8 workers of 8 for evacuation
[2026-01-16T09:19:04.907+0000][gc,phases   ] GC(1144)   Pre Evacuate Collection Set: 16.8ms
[2026-01-16T09:19:04.907+0000][gc,phases   ] GC(1144)   Merge Heap Roots: 10.5ms
[2026-01-16T09:19:04.908+0000][gc,phases   ] GC(1144)   Evacuate Collection Set: 89.1ms
[2026-01-16T09:19:04.908+0000][gc,phases   ] GC(1144)   Post Evacuate Collection Set: 15.2ms
[2026-01-16T09:19:04.908+0000][gc,phases   ] GC(1144)   Other: 2.7ms
[2026-01-16T09:19:04.908+0000][gc,heap     ] GC(1144) Eden regions: 49->0(48)
[2026-01-16T09:19:04.908+0000][gc,heap     ] GC(1144) Survivor regions: 2->3(7)
[2026-01-16T09:19:04.908+0000][gc,heap     ] GC(1144) Old regions: 170->170
[2026-01-16T09:19:04.908+0000][gc,heap     ] GC(1144) Humongous regions: 167->167
[2026-01-16T09:19:04.908+0000][gc,metaspace] GC(1144) Metaspace: 15891K(16320K)->15891K(16320K) NonClass: 14171K(14336K)->14171K(14336K) Class: 1720K(1984K)->1720K(1984K)
[2026-01-16T09:19:04.908+0000][gc          ] GC(1144) Pause Young (Normal) (G1 Evacuation Pause) 386M->338M(1024M) 136.307ms
[2026-01-16T09:19:04.908+0000][gc,cpu      ] GC(1144) User=0.11s Sys=0.01s Real=0.14s
[2026-01-16T09:19:06.201+0000][gc,start    ] GC(1145) Pause Young (Normal) (G1 Evacuation Pause)
[2026-01-16T09:19:06.202+0000][gc,task     ] GC(1145) Using 8 workers of 8 for evacuation
[2026-01-16T09:19:06.537+0000][gc,mmu      ] GC(1145) MMU target violated: 201.0ms (200.0ms/201.0ms)
[2026-01-16T09:19:06.540+0000][gc,phases   ] GC(1145)   Pre Evacuate Collection Set: 21.9ms
[2026-01-16T09:19:06.542+0000][gc,phases   ] GC(1145)   Merge Heap Roots: 6.2ms
[2026-01-16T09:19:06.544+0000][gc,phases   ] GC(1145)   Evacuate Collection Set: 283.7ms
[2026-01-16T09:19:06.547+0000][gc,phases   ] GC(1145)   Post Evacuate Collection Set: 19.3ms
[2026-01-16T09:19:06.550+0000][gc,phases   ] GC(1145)   Other: 6.8ms
[2026-01-16T09:19:06.551+0000][gc,heap     ] GC(1145) Eden regions: 48->0(47)
[2026-01-16T09:19:06.552+0000][gc,heap     ] GC(1145) Survivor regions: 3->4(7)
[2026-01-16T09:19:06.553+0000][gc,heap     ] GC(1145) Old regions: 170->170
[2026-01-16T09:19:06.554+0000][gc,heap     ] GC(1145) Humongous regions: 167->167
[2026-01-16T09:19:06.554+0000][gc,metaspace] GC(1145) Metaspace: 15891K(16320K)->15891K(16320K) NonClass: 14171K(14336K)->14171K(14336K) Class: 1720K(1984K)->1720K(1984K)
[2026-01-16T09:19:06.559+0000][gc          ] GC(1145) Pause Young (Normal) (G1 Evacuation Pause) 386M->339M(1024M) 358.510ms
[2026-01-16T09:19:06.560+0000][gc,cpu      ] GC(1145) User=0.14s Sys=0.00s Real=0.36s
[2026-01-16T09:19:07.931+0000][gc,start    ] GC(1146) Pause Young (Normal) (G1 Evacuation Pause)
[2026-01-16T09:19:07.932+0000][gc,task     ] GC(1146) Using 8 workers of 8 for evacuation
[2026-01-16T09:19:08.064+0000][gc,phases   ] GC(1146)   Pre Evacuate Collection Set: 17.6ms
[2026-01-16T09:19:08.065+0000][gc,phases   ] GC(1146)   Merge Heap Roots: 0.6ms
[2026-01-16T09:19:08.065+0000][gc,phases   ] GC(1146)   Evacuate Collection Set: 104.2ms
[2026-01-16T09:19:08.066+0000][gc,phases   ] GC(1146)   Post Evacuate Collection Set: 8.7ms
[2026-01-16T09:19:08.067+0000][gc,phases   ] GC(1146)   Other: 1.2ms
[2026-01-16T09:19:08.068+0000][gc,heap     ] GC(1146) Eden regions: 47->0(47)
[2026-01-16T09:19:08.068+0000][gc,heap     ] GC(1146) Survivor regions: 4->4(7)
[2026-01-16T09:19:08.069+0000][gc,heap     ] GC(1146) Old regions: 170->170
[2026-01-16T09:19:08.070+0000][gc,heap     ] GC(1146) Humongous regions: 167->167
[2026-01-16T09:19:08.071+0000][gc,metaspace] GC(1146) Metaspace: 15891K(16320K)->15891K(16320K) NonClass: 14171K(14336K)->14171K(14336K) Class: 1720K(1984K)->1720K(1984K)
[2026-01-16T09:19:08.072+0000][gc          ] GC(1146) Pause Young (Normal) (G1 Evacuation Pause) 386M->339M(1024M) 140.301ms
[2026-01-16T09:19:08.072+0000][gc,cpu      ] GC(1146) User=0.13s Sys=0.01s Real=0.14s
[2026-01-16T09:19:10.639+0000][gc,start    ] GC(1147) Pause Young (Normal) (G1 Evacuation Pause)
[2026-01-16T09:19:10.655+0000][gc,task     ] GC(1147) Using 8 workers of 8 for evacuation
[2026-01-16T09:19:10.964+0000][gc,mmu      ] GC(1147) MMU target violated: 201.0ms (200.0ms/201.0ms)
[2026-01-16T09:19:10.966+0000][gc,phases   ] GC(1147)   Pre Evacuate Collection Set: 25.9ms
[2026-01-16T09:19:10.966+0000][gc,phases   ] GC(1147)   Merge Heap Roots: 4.2ms
[2026-01-16T09:19:10.967+0000][gc,phases   ] GC(1147)   Evacuate Collection Set: 266.3ms
[2026-01-16T09:19:10.967+0000][gc,phases   ] GC(1147)   Post Evacuate Collection Set: 9.8ms
[2026-01-16T09:19:10.967+0000][gc,phases   ] GC(1147)   Other: 5.7ms
[2026-01-16T09:19:10.968+0000][gc,heap     ] GC(1147) Eden regions: 47->0(49)
[2026-01-16T09:19:10.968+0000][gc,heap     ] GC(1147) Survivor regions: 4->2(7)
[2026-01-16T09:19:10.968+0000][gc,heap     ] GC(1147) Old regions: 170->170
[2026-01-16T09:19:10.970+0000][gc,heap     ] GC(1147) Humongous regions: 167->167
[2026-01-16T09:19:10.971+0000][gc,metaspace] GC(1147) Metaspace: 15895K(16320K)->15895K(16320K) NonClass: 14174K(14336K)->14174K(14336K) Class: 1720K(1984K)->1720K(1984K)
[2026-01-16T09:19:10.972+0000][gc          ] GC(1147) Pause Young (Normal) (G1 Evacuation Pause) 386M->338M(1024M) 332.925ms
[2026-01-16T09:19:10.974+0000][gc,cpu      ] GC(1147) User=0.14s Sys=0.02s Real=0.33s
[2026-01-16T09:19:12.777+0000][gc,start    ] GC(1148) Pause Young (Normal) (G1 Evacuation Pause)
[2026-01-16T09:19:12.780+0000][gc,task     ] GC(1148) Using 8 workers of 8 for evacuation
[2026-01-16T09:19:12.947+0000][gc,phases   ] GC(1148)   Pre Evacuate Collection Set: 19.1ms
[2026-01-16T09:19:12.954+0000][gc,phases   ] GC(1148)   Merge Heap Roots: 0.5ms
[2026-01-16T09:19:12.955+0000][gc,phases   ] GC(1148)   Evacuate Collection Set: 139.2ms
[2026-01-16T09:19:12.955+0000][gc,phases   ] GC(1148)   Post Evacuate Collection Set: 5.8ms
[2026-01-16T09:19:12.957+0000][gc,phases   ] GC(1148)   Other: 3.2ms
[2026-01-16T09:19:12.957+0000][gc,heap     ] GC(1148) Eden regions: 49->0(48)
[2026-01-16T09:19:12.959+0000][gc,heap     ] GC(1148) Survivor regions: 2->3(7)
[2026-01-16T09:19:12.959+0000][gc,heap     ] GC(1148) Old regions: 170->170
[2026-01-16T09:19:12.959+0000][gc,heap     ] GC(1148) Humongous regions: 167->167
[2026-01-16T09:19:12.960+0000][gc,metaspace] GC(1148) Metaspace: 15895K(16320K)->15895K(16320K) NonClass: 14174K(14336K)->14174K(14336K) Class: 1720K(1984K)->1720K(1984K)
[2026-01-16T09:19:12.960+0000][gc          ] GC(1148) Pause Young (Normal) (G1 Evacuation Pause) 387M->338M(1024M) 182.706ms
[2026-01-16T09:19:12.960+0000][gc,cpu      ] GC(1148) User=0.13s Sys=0.02s Real=0.19s
[2026-01-16T09:19:14.553+0000][gc,start    ] GC(1149) Pause Young (Normal) (G1 Evacuation Pause)
[2026-01-16T09:19:14.559+0000][gc,task     ] GC(1149) Using 8 workers of 8 for evacuation
[2026-01-16T09:19:14.775+0000][gc,mmu      ] GC(1149) MMU target violated: 201.0ms (200.0ms/201.0ms)
[2026-01-16T09:19:14.776+0000][gc,phases   ] GC(1149)   Pre Evacuate Collection Set: 16.9ms
[2026-01-16T09:19:14.776+0000][gc,phases   ] GC(1149)   Merge Heap Roots: 2.3ms
[2026-01-16T09:19:14.777+0000][gc,phases   ] GC(1149)   Evacuate Collection Set: 187.2ms
[2026-01-16T09:19:14.777+0000][gc,phases   ] GC(1149)   Post Evacuate Collection Set: 7.3ms
[2026-01-16T09:19:14.777+0000][gc,phases   ] GC(1149)   Other: 3.7ms
[2026-01-16T09:19:14.778+0000][gc,heap     ] GC(1149) Eden regions: 48->0(47)
[2026-01-16T09:19:14.778+0000][gc,heap     ] GC(1149) Survivor regions: 3->4(7)
[2026-01-16T09:19:14.779+0000][gc,heap     ] GC(1149) Old regions: 170->170
[2026-01-16T09:19:14.779+0000][gc,heap     ] GC(1149) Humongous regions: 167->167
[2026-01-16T09:19:14.779+0000][gc,metaspace] GC(1149) Metaspace: 15895K(16320K)->15895K(16320K) NonClass: 14174K(14336K)->14174K(14336K) Class: 1720K(1984K)->1720K(1984K)
[2026-01-16T09:19:14.780+0000][gc          ] GC(1149) Pause Young (Normal) (G1 Evacuation Pause) 386M->339M(1024M) 226.829ms
[2026-01-16T09:19:14.780+0000][gc,cpu      ] GC(1149) User=0.09s Sys=0.00s Real=0.23s
[2026-01-16T09:19:19.746+0000][gc,start    ] GC(1150) Pause Young (Normal) (G1 Evacuation Pause)
[2026-01-16T09:19:19.749+0000][gc,task     ] GC(1150) Using 8 workers of 8 for evacuation
[2026-01-16T09:19:19.959+0000][gc,mmu      ] GC(1150) MMU target violated: 201.0ms (200.0ms/201.0ms)
[2026-01-16T09:19:19.962+0000][gc,phases   ] GC(1150)   Pre Evacuate Collection Set: 31.5ms
[2026-01-16T09:19:19.962+0000][gc,phases   ] GC(1150)   Merge Heap Roots: 6.5ms
[2026-01-16T09:19:19.963+0000][gc,phases   ] GC(1150)   Evacuate Collection Set: 152.4ms
[2026-01-16T09:19:19.963+0000][gc,phases   ] GC(1150)   Post Evacuate Collection Set: 14.0ms
[2026-01-16T09:19:19.966+0000][gc,phases   ] GC(1150)   Other: 8.0ms
[2026-01-16T09:19:19.967+0000][gc,heap     ] GC(1150) Eden regions: 47->0(73)
[2026-01-16T09:19:19.968+0000][gc,heap     ] GC(1150) Survivor regions: 4->2(7)
[2026-01-16T09:19:19.968+0000][gc,heap     ] GC(1150) Old regions: 170->170
[2026-01-16T09:19:19.968+0000][gc,heap     ] GC(1150) Humongous regions: 167->167
[2026-01-16T09:19:19.972+0000][gc,metaspace] GC(1150) Metaspace: 15895K(16320K)->15895K(16320K) NonClass: 14174K(14336K)->14174K(14336K) Class: 1720K(1984K)->1720K(1984K)
[2026-01-16T09:19:19.973+0000][gc          ] GC(1150) Pause Young (Normal) (G1 Evacuation Pause) 386M->337M(1024M) 226.739ms
[2026-01-16T09:19:19.974+0000][gc,cpu      ] GC(1150) User=0.18s Sys=0.01s Real=0.23s
[2026-01-16T09:19:22.884+0000][gc,start    ] GC(1151) Pause Young (Normal) (G1 Evacuation Pause)
[2026-01-16T09:19:22.886+0000][gc,task     ] GC(1151) Using 8 workers of 8 for evacuation
[2026-01-16T09:19:23.096+0000][gc,mmu      ] GC(1151) MMU target violated: 201.0ms (200.0ms/201.0ms)
[2026-01-16T09:19:23.097+0000][gc,phases   ] GC(1151)   Pre Evacuate Collection Set: 29.5ms
[2026-01-16T09:19:23.098+0000][gc,phases   ] GC(1151)   Merge Heap Roots: 1.8ms
[2026-01-16T09:19:23.099+0000][gc,phases   ] GC(1151)   Evacuate Collection Set: 175.2ms
[2026-01-16T09:19:23.100+0000][gc,phases   ] GC(1151)   Post Evacuate Collection Set: 2.7ms
[2026-01-16T09:19:23.101+0000][gc,phases   ] GC(1151)   Other: 1.9ms
[2026-01-16T09:19:23.101+0000][gc,heap     ] GC(1151) Eden regions: 70->0(48)
[2026-01-16T09:19:23.102+0000][gc,heap     ] GC(1151) Survivor regions: 2->3(9)
[2026-01-16T09:19:23.103+0000][gc,heap     ] GC(1151) Old regions: 170->170
[2026-01-16T09:19:23.103+0000][gc,heap     ] GC(1151) Humongous regions: 167->167
[2026-01-16T09:19:23.104+0000][gc,metaspace] GC(1151) Metaspace: 15895K(16320K)->15895K(16320K) NonClass: 14174K(14336K)->14174K(14336K) Class: 1720K(1984K)->1720K(1984K)
[2026-01-16T09:19:23.104+0000][gc          ] GC(1151) Pause Young (Normal) (G1 Evacuation Pause) 407M->339M(1024M) 220.205ms
[2026-01-16T09:19:23.105+0000][gc,cpu      ] GC(1151) User=0.14s Sys=0.00s Real=0.22s
[2026-01-16T09:19:24.072+0000][gc,start    ] GC(1152) Pause Young (Normal) (G1 Evacuation Pause)
[2026-01-16T09:19:24.074+0000][gc,task     ] GC(1152) Using 8 workers of 8 for evacuation
[2026-01-16T09:19:24.128+0000][gc,phases   ] GC(1152)   Pre Evacuate Collection Set: 2.6ms
[2026-01-16T09:19:24.130+0000][gc,phases   ] GC(1152)   Merge Heap Roots: 0.2ms
[2026-01-16T09:19:24.130+0000][gc,phases   ] GC(1152)   Evacuate Collection Set: 46.5ms
[2026-01-16T09:19:24.130+0000][gc,phases   ] GC(1152)   Post Evacuate Collection Set: 3.8ms
[2026-01-16T09:19:24.131+0000][gc,phases   ] GC(1152)   Other: 0.7ms
[2026-01-16T09:19:24.131+0000][gc,heap     ] GC(1152) Eden regions: 48->0(52)
[2026-01-16T09:19:24.131+0000][gc,heap     ] GC(1152) Survivor regions: 3->3(7)
[2026-01-16T09:19:24.131+0000][gc,heap     ] GC(1152) Old regions: 170->170
[2026-01-16T09:19:24.132+0000][gc,heap     ] GC(1152) Humongous regions: 167->167
[2026-01-16T09:19:24.132+0000][gc,metaspace] GC(1152) Metaspace: 15895K(16320K)->15895K(16320K) NonClass: 14174K(14336K)->14174K(14336K) Class: 1720K(1984K)->1720K(1984K)
[2026-01-16T09:19:24.133+0000][gc          ] GC(1152) Pause Young (Normal) (G1 Evacuation Pause) 387M->339M(1024M) 60.877ms
[2026-01-16T09:19:24.133+0000][gc,cpu      ] GC(1152) User=0.04s Sys=0.00s Real=0.06s
[2026-01-16T09:19:25.023+0000][gc,start    ] GC(1153) Pause Young (Normal) (G1 Evacuation Pause)
[2026-01-16T09:19:25.025+0000][gc,task     ] GC(1153) Using 8 workers of 8 for evacuation
[2026-01-16T09:19:25.117+0000][gc,phases   ] GC(1153)   Pre Evacuate Collection Set: 5.9ms
[2026-01-16T09:19:25.119+0000][gc,phases   ] GC(1153)   Merge Heap Roots: 1.5ms
[2026-01-16T09:19:25.120+0000][gc,phases   ] GC(1153)   Evacuate Collection Set: 78.0ms
[2026-01-16T09:19:25.121+0000][gc,phases   ] GC(1153)   Post Evacuate Collection Set: 2.4ms
[2026-01-16T09:19:25.126+0000][gc,phases   ] GC(1153)   Other: 3.7ms
[2026-01-16T09:19:25.127+0000][gc,heap     ] GC(1153) Eden regions: 54->0(59)
[2026-01-16T09:19:25.128+0000][gc,heap     ] GC(1153) Survivor regions: 3->4(8)
[2026-01-16T09:19:25.129+0000][gc,heap     ] GC(1153) Old regions: 170->170
[2026-01-16T09:19:25.130+0000][gc,heap     ] GC(1153) Humongous regions: 167->167
[2026-01-16T09:19:25.131+0000][gc,metaspace] GC(1153) Metaspace: 15895K(16320K)->15895K(16320K) NonClass: 14174K(14336K)->14174K(14336K) Class: 1720K(1984K)->1720K(1984K)
[2026-01-16T09:19:25.135+0000][gc          ] GC(1153) Pause Young (Normal) (G1 Evacuation Pause) 393M->340M(1024M) 111.514ms
[2026-01-16T09:19:25.136+0000][gc,cpu      ] GC(1153) User=0.06s Sys=0.00s Real=0.11s
[2026-01-16T09:19:33.882+0000][gc,start    ] GC(1154) Pause Young (Normal) (G1 Evacuation Pause)
[2026-01-16T09:19:33.887+0000][gc,task     ] GC(1154) Using 8 workers of 8 for evacuation
[2026-01-16T09:19:34.398+0000][gc,mmu      ] GC(1154) MMU target violated: 201.0ms (200.0ms/201.0ms)
[2026-01-16T09:19:34.412+0000][gc,phases   ] GC(1154)   Pre Evacuate Collection Set: 33.8ms
[2026-01-16T09:19:34.412+0000][gc,phases   ] GC(1154)   Merge Heap Roots: 3.4ms
[2026-01-16T09:19:34.413+0000][gc,phases   ] GC(1154)   Evacuate Collection Set: 412.1ms
[2026-01-16T09:19:34.413+0000][gc,phases   ] GC(1154)   Post Evacuate Collection Set: 49.0ms
[2026-01-16T09:19:34.414+0000][gc,phases   ] GC(1154)   Other: 26.9ms
[2026-01-16T09:19:34.414+0000][gc,heap     ] GC(1154) Eden regions: 60->0(48)
[2026-01-16T09:19:34.414+0000][gc,heap     ] GC(1154) Survivor regions: 4->3(8)
[2026-01-16T09:19:34.414+0000][gc,heap     ] GC(1154) Old regions: 170->170
[2026-01-16T09:19:34.415+0000][gc,heap     ] GC(1154) Humongous regions: 167->167
[2026-01-16T09:19:34.415+0000][gc,metaspace] GC(1154) Metaspace: 15895K(16320K)->15895K(16320K) NonClass: 14174K(14336K)->14174K(14336K) Class: 1720K(1984K)->1720K(1984K)
[2026-01-16T09:19:34.418+0000][gc          ] GC(1154) Pause Young (Normal) (G1 Evacuation Pause) 400M->339M(1024M) 535.944ms
[2026-01-16T09:19:34.421+0000][gc,cpu      ] GC(1154) User=0.30s Sys=0.01s Real=0.55s
[2026-01-16T09:19:37.371+0000][gc,start    ] GC(1155) Pause Young (Normal) (G1 Evacuation Pause)
[2026-01-16T09:19:37.383+0000][gc,task     ] GC(1155) Using 8 workers of 8 for evacuation
[2026-01-16T09:19:37.733+0000][gc,mmu      ] GC(1155) MMU target violated: 201.0ms (200.0ms/201.0ms)
[2026-01-16T09:19:37.756+0000][gc,phases   ] GC(1155)   Pre Evacuate Collection Set: 36.3ms
[2026-01-16T09:19:37.757+0000][gc,phases   ] GC(1155)   Merge Heap Roots: 1.0ms
[2026-01-16T09:19:37.758+0000][gc,phases   ] GC(1155)   Evacuate Collection Set: 297.8ms
[2026-01-16T09:19:37.759+0000][gc,phases   ] GC(1155)   Post Evacuate Collection Set: 14.4ms
[2026-01-16T09:19:37.764+0000][gc,phases   ] GC(1155)   Other: 32.3ms
[2026-01-16T09:19:37.766+0000][gc,heap     ] GC(1155) Eden regions: 48->0(48)
[2026-01-16T09:19:37.771+0000][gc,heap     ] GC(1155) Survivor regions: 3->3(7)
[2026-01-16T09:19:37.771+0000][gc,heap     ] GC(1155) Old regions: 170->170
[2026-01-16T09:19:37.772+0000][gc,heap     ] GC(1155) Humongous regions: 167->167
[2026-01-16T09:19:37.773+0000][gc,metaspace] GC(1155) Metaspace: 15895K(16320K)->15895K(16320K) NonClass: 14174K(14336K)->14174K(14336K) Class: 1720K(1984K)->1720K(1984K)
[2026-01-16T09:19:37.773+0000][gc          ] GC(1155) Pause Young (Normal) (G1 Evacuation Pause) 387M->339M(1024M) 402.574ms
[2026-01-16T09:19:37.774+0000][gc,cpu      ] GC(1155) User=0.23s Sys=0.02s Real=0.40s
[2026-01-16T09:19:39.771+0000][gc,start    ] GC(1156) Pause Young (Normal) (G1 Evacuation Pause)
[2026-01-16T09:19:39.771+0000][gc,task     ] GC(1156) Using 8 workers of 8 for evacuation
[2026-01-16T09:19:40.031+0000][gc,mmu      ] GC(1156) MMU target violated: 201.0ms (200.0ms/201.0ms)
[2026-01-16T09:19:40.032+0000][gc,phases   ] GC(1156)   Pre Evacuate Collection Set: 15.1ms
[2026-01-16T09:19:40.032+0000][gc,phases   ] GC(1156)   Merge Heap Roots: 7.1ms
[2026-01-16T09:19:40.033+0000][gc,phases   ] GC(1156)   Evacuate Collection Set: 227.3ms
[2026-01-16T09:19:40.036+0000][gc,phases   ] GC(1156)   Post Evacuate Collection Set: 8.8ms
[2026-01-16T09:19:40.036+0000][gc,phases   ] GC(1156)   Other: 2.5ms
[2026-01-16T09:19:40.037+0000][gc,heap     ] GC(1156) Eden regions: 48->0(47)
[2026-01-16T09:19:40.037+0000][gc,heap     ] GC(1156) Survivor regions: 3->4(7)
[2026-01-16T09:19:40.038+0000][gc,heap     ] GC(1156) Old regions: 170->171
[2026-01-16T09:19:40.041+0000][gc,heap     ] GC(1156) Humongous regions: 167->167
[2026-01-16T09:19:40.043+0000][gc,metaspace] GC(1156) Metaspace: 15895K(16320K)->15895K(16320K) NonClass: 14174K(14336K)->14174K(14336K) Class: 1720K(1984K)->1720K(1984K)
[2026-01-16T09:19:40.043+0000][gc          ] GC(1156) Pause Young (Normal) (G1 Evacuation Pause) 387M->340M(1024M) 272.305ms
[2026-01-16T09:19:40.043+0000][gc,cpu      ] GC(1156) User=0.18s Sys=0.00s Real=0.27s
[2026-01-16T09:19:41.232+0000][gc,start    ] GC(1157) Pause Young (Normal) (G1 Evacuation Pause)
[2026-01-16T09:19:41.237+0000][gc,task     ] GC(1157) Using 8 workers of 8 for evacuation
[2026-01-16T09:19:41.422+0000][gc,phases   ] GC(1157)   Pre Evacuate Collection Set: 10.7ms
[2026-01-16T09:19:41.432+0000][gc,phases   ] GC(1157)   Merge Heap Roots: 5.1ms
[2026-01-16T09:19:41.433+0000][gc,phases   ] GC(1157)   Evacuate Collection Set: 146.4ms
[2026-01-16T09:19:41.443+0000][gc,phases   ] GC(1157)   Post Evacuate Collection Set: 17.7ms
[2026-01-16T09:19:41.445+0000][gc,phases   ] GC(1157)   Other: 5.3ms
[2026-01-16T09:19:41.446+0000][gc,heap     ] GC(1157) Eden regions: 47->0(47)
[2026-01-16T09:19:41.446+0000][gc,heap     ] GC(1157) Survivor regions: 4->4(7)
[2026-01-16T09:19:41.447+0000][gc,heap     ] GC(1157) Old regions: 171->171
[2026-01-16T09:19:41.447+0000][gc,heap     ] GC(1157) Humongous regions: 167->167
[2026-01-16T09:19:41.448+0000][gc,metaspace] GC(1157) Metaspace: 15895K(16320K)->15895K(16320K) NonClass: 14174K(14336K)->14174K(14336K) Class: 1720K(1984K)->1720K(1984K)
[2026-01-16T09:19:41.454+0000][gc          ] GC(1157) Pause Young (Normal) (G1 Evacuation Pause) 387M->340M(1024M) 221.578ms
[2026-01-16T09:19:41.458+0000][gc,cpu      ] GC(1157) User=0.15s Sys=0.00s Real=0.22s
[2026-01-16T09:19:42.980+0000][gc,start    ] GC(1158) Pause Young (Normal) (G1 Evacuation Pause)
[2026-01-16T09:19:42.983+0000][gc,task     ] GC(1158) Using 8 workers of 8 for evacuation
[2026-01-16T09:19:43.095+0000][gc,phases   ] GC(1158)   Pre Evacuate Collection Set: 18.8ms
[2026-01-16T09:19:43.097+0000][gc,phases   ] GC(1158)   Merge Heap Roots: 0.9ms
[2026-01-16T09:19:43.098+0000][gc,phases   ] GC(1158)   Evacuate Collection Set: 78.3ms
[2026-01-16T09:19:43.099+0000][gc,phases   ] GC(1158)   Post Evacuate Collection Set: 11.7ms
[2026-01-16T09:19:43.100+0000][gc,phases   ] GC(1158)   Other: 2.3ms
[2026-01-16T09:19:43.100+0000][gc,heap     ] GC(1158) Eden regions: 47->0(48)
[2026-01-16T09:19:43.101+0000][gc,heap     ] GC(1158) Survivor regions: 4->3(7)
[2026-01-16T09:19:43.101+0000][gc,heap     ] GC(1158) Old regions: 171->171
[2026-01-16T09:19:43.101+0000][gc,heap     ] GC(1158) Humongous regions: 167->167
[2026-01-16T09:19:43.102+0000][gc,metaspace] GC(1158) Metaspace: 15895K(16320K)->15895K(16320K) NonClass: 14174K(14336K)->14174K(14336K) Class: 1720K(1984K)->1720K(1984K)
[2026-01-16T09:19:43.103+0000][gc          ] GC(1158) Pause Young (Normal) (G1 Evacuation Pause) 387M->339M(1024M) 123.304ms
[2026-01-16T09:19:43.104+0000][gc,cpu      ] GC(1158) User=0.09s Sys=0.00s Real=0.13s
[2026-01-16T09:19:44.882+0000][gc,start    ] GC(1159) Pause Young (Normal) (G1 Evacuation Pause)
[2026-01-16T09:19:44.884+0000][gc,task     ] GC(1159) Using 8 workers of 8 for evacuation
[2026-01-16T09:19:45.128+0000][gc,mmu      ] GC(1159) MMU target violated: 201.0ms (200.0ms/201.0ms)
[2026-01-16T09:19:45.136+0000][gc,phases   ] GC(1159)   Pre Evacuate Collection Set: 29.5ms
[2026-01-16T09:19:45.139+0000][gc,phases   ] GC(1159)   Merge Heap Roots: 5.9ms
[2026-01-16T09:19:45.140+0000][gc,phases   ] GC(1159)   Evacuate Collection Set: 194.7ms
[2026-01-16T09:19:45.141+0000][gc,phases   ] GC(1159)   Post Evacuate Collection Set: 10.1ms
[2026-01-16T09:19:45.145+0000][gc,phases   ] GC(1159)   Other: 12.2ms
[2026-01-16T09:19:45.146+0000][gc,heap     ] GC(1159) Eden regions: 48->0(48)
[2026-01-16T09:19:45.147+0000][gc,heap     ] GC(1159) Survivor regions: 3->3(7)
[2026-01-16T09:19:45.151+0000][gc,heap     ] GC(1159) Old regions: 171->171
[2026-01-16T09:19:45.154+0000][gc,heap     ] GC(1159) Humongous regions: 167->167
[2026-01-16T09:19:45.155+0000][gc,metaspace] GC(1159) Metaspace: 15895K(16320K)->15895K(16320K) NonClass: 14174K(14336K)->14174K(14336K) Class: 1720K(1984K)->1720K(1984K)
[2026-01-16T09:19:45.160+0000][gc          ] GC(1159) Pause Young (Normal) (G1 Evacuation Pause) 387M->340M(1024M) 277.536ms
[2026-01-16T09:19:45.163+0000][gc,cpu      ] GC(1159) User=0.15s Sys=0.01s Real=0.28s
[2026-01-16T09:19:47.026+0000][gc,start    ] GC(1160) Pause Young (Normal) (G1 Evacuation Pause)
[2026-01-16T09:19:47.031+0000][gc,task     ] GC(1160) Using 8 workers of 8 for evacuation
[2026-01-16T09:19:47.183+0000][gc,phases   ] GC(1160)   Pre Evacuate Collection Set: 20.5ms
[2026-01-16T09:19:47.193+0000][gc,phases   ] GC(1160)   Merge Heap Roots: 3.1ms
[2026-01-16T09:19:47.193+0000][gc,phases   ] GC(1160)   Evacuate Collection Set: 109.0ms
[2026-01-16T09:19:47.194+0000][gc,phases   ] GC(1160)   Post Evacuate Collection Set: 16.4ms
[2026-01-16T09:19:47.194+0000][gc,phases   ] GC(1160)   Other: 4.4ms
[2026-01-16T09:19:47.195+0000][gc,heap     ] GC(1160) Eden regions: 48->0(47)
[2026-01-16T09:19:47.197+0000][gc,heap     ] GC(1160) Survivor regions: 3->4(7)
[2026-01-16T09:19:47.197+0000][gc,heap     ] GC(1160) Old regions: 171->171
[2026-01-16T09:19:47.198+0000][gc,heap     ] GC(1160) Humongous regions: 167->167
[2026-01-16T09:19:47.198+0000][gc,metaspace] GC(1160) Metaspace: 15895K(16320K)->15895K(16320K) NonClass: 14174K(14336K)->14174K(14336K) Class: 1720K(1984K)->1720K(1984K)
[2026-01-16T09:19:47.199+0000][gc          ] GC(1160) Pause Young (Normal) (G1 Evacuation Pause) 388M->340M(1024M) 173.663ms
[2026-01-16T09:19:47.203+0000][gc,cpu      ] GC(1160) User=0.12s Sys=0.01s Real=0.19s
[2026-01-16T09:19:50.032+0000][gc,start    ] GC(1161) Pause Young (Normal) (G1 Evacuation Pause)
[2026-01-16T09:19:50.034+0000][gc,task     ] GC(1161) Using 8 workers of 8 for evacuation
[2026-01-16T09:19:50.269+0000][gc,mmu      ] GC(1161) MMU target violated: 201.0ms (200.0ms/201.0ms)
[2026-01-16T09:19:50.272+0000][gc,phases   ] GC(1161)   Pre Evacuate Collection Set: 43.4ms
[2026-01-16T09:19:50.272+0000][gc,phases   ] GC(1161)   Merge Heap Roots: 0.4ms
[2026-01-16T09:19:50.279+0000][gc,phases   ] GC(1161)   Evacuate Collection Set: 184.5ms
[2026-01-16T09:19:50.280+0000][gc,phases   ] GC(1161)   Post Evacuate Collection Set: 5.0ms
[2026-01-16T09:19:50.280+0000][gc,phases   ] GC(1161)   Other: 5.0ms
[2026-01-16T09:19:50.285+0000][gc,heap     ] GC(1161) Eden regions: 47->0(62)
[2026-01-16T09:19:50.285+0000][gc,heap     ] GC(1161) Survivor regions: 4->2(7)
[2026-01-16T09:19:50.285+0000][gc,heap     ] GC(1161) Old regions: 171->171
[2026-01-16T09:19:50.285+0000][gc,heap     ] GC(1161) Humongous regions: 167->167
[2026-01-16T09:19:50.285+0000][gc,metaspace] GC(1161) Metaspace: 15895K(16320K)->15895K(16320K) NonClass: 14174K(14336K)->14174K(14336K) Class: 1720K(1984K)->1720K(1984K)
[2026-01-16T09:19:50.286+0000][gc          ] GC(1161) Pause Young (Normal) (G1 Evacuation Pause) 387M->339M(1024M) 253.399ms
[2026-01-16T09:19:50.286+0000][gc,cpu      ] GC(1161) User=0.14s Sys=0.02s Real=0.25s
[2026-01-16T09:19:51.765+0000][gc,start    ] GC(1162) Pause Young (Normal) (G1 Evacuation Pause)
[2026-01-16T09:19:51.768+0000][gc,task     ] GC(1162) Using 8 workers of 8 for evacuation
[2026-01-16T09:19:51.875+0000][gc,phases   ] GC(1162)   Pre Evacuate Collection Set: 15.7ms
[2026-01-16T09:19:51.875+0000][gc,phases   ] GC(1162)   Merge Heap Roots: 0.5ms
[2026-01-16T09:19:51.876+0000][gc,phases   ] GC(1162)   Evacuate Collection Set: 81.3ms
[2026-01-16T09:19:51.876+0000][gc,phases   ] GC(1162)   Post Evacuate Collection Set: 8.3ms
[2026-01-16T09:19:51.876+0000][gc,phases   ] GC(1162)   Other: 1.6ms
[2026-01-16T09:19:51.876+0000][gc,heap     ] GC(1162) Eden regions: 62->0(51)
[2026-01-16T09:19:51.877+0000][gc,heap     ] GC(1162) Survivor regions: 2->3(8)
[2026-01-16T09:19:51.878+0000][gc,heap     ] GC(1162) Old regions: 171->171
[2026-01-16T09:19:51.879+0000][gc,heap     ] GC(1162) Humongous regions: 167->167
[2026-01-16T09:19:51.880+0000][gc,metaspace] GC(1162) Metaspace: 15895K(16320K)->15895K(16320K) NonClass: 14174K(14336K)->14174K(14336K) Class: 1720K(1984K)->1720K(1984K)
[2026-01-16T09:19:51.882+0000][gc          ] GC(1162) Pause Young (Normal) (G1 Evacuation Pause) 401M->339M(1024M) 117.009ms
[2026-01-16T09:19:51.883+0000][gc,cpu      ] GC(1162) User=0.11s Sys=0.01s Real=0.12s
[2026-01-16T09:19:53.693+0000][gc,start    ] GC(1163) Pause Young (Normal) (G1 Evacuation Pause)
[2026-01-16T09:19:53.696+0000][gc,task     ] GC(1163) Using 8 workers of 8 for evacuation
[2026-01-16T09:19:53.951+0000][gc,mmu      ] GC(1163) MMU target violated: 201.0ms (200.0ms/201.0ms)
[2026-01-16T09:19:53.953+0000][gc,phases   ] GC(1163)   Pre Evacuate Collection Set: 25.6ms
[2026-01-16T09:19:53.959+0000][gc,phases   ] GC(1163)   Merge Heap Roots: 10.4ms
[2026-01-16T09:19:53.960+0000][gc,phases   ] GC(1163)   Evacuate Collection Set: 203.0ms
[2026-01-16T09:19:53.960+0000][gc,phases   ] GC(1163)   Post Evacuate Collection Set: 14.3ms
[2026-01-16T09:19:53.961+0000][gc,phases   ] GC(1163)   Other: 4.2ms
[2026-01-16T09:19:53.963+0000][gc,heap     ] GC(1163) Eden regions: 50->0(47)
[2026-01-16T09:19:53.964+0000][gc,heap     ] GC(1163) Survivor regions: 3->4(7)
[2026-01-16T09:19:53.966+0000][gc,heap     ] GC(1163) Old regions: 171->171
[2026-01-16T09:19:53.967+0000][gc,heap     ] GC(1163) Humongous regions: 167->167
[2026-01-16T09:19:53.968+0000][gc,metaspace] GC(1163) Metaspace: 15895K(16320K)->15895K(16320K) NonClass: 14174K(14336K)->14174K(14336K) Class: 1720K(1984K)->1720K(1984K)
[2026-01-16T09:19:53.969+0000][gc          ] GC(1163) Pause Young (Normal) (G1 Evacuation Pause) 389M->340M(1024M) 276.483ms
[2026-01-16T09:19:53.970+0000][gc,cpu      ] GC(1163) User=0.15s Sys=0.01s Real=0.27s
[2026-01-16T09:19:59.378+0000][gc,start    ] GC(1164) Pause Young (Normal) (G1 Evacuation Pause)
[2026-01-16T09:19:59.384+0000][gc,task     ] GC(1164) Using 8 workers of 8 for evacuation
[2026-01-16T09:19:59.625+0000][gc,mmu      ] GC(1164) MMU target violated: 201.0ms (200.0ms/201.0ms)
[2026-01-16T09:19:59.626+0000][gc,phases   ] GC(1164)   Pre Evacuate Collection Set: 64.0ms
[2026-01-16T09:19:59.628+0000][gc,phases   ] GC(1164)   Merge Heap Roots: 2.7ms
[2026-01-16T09:19:59.628+0000][gc,phases   ] GC(1164)   Evacuate Collection Set: 164.1ms
[2026-01-16T09:19:59.629+0000][gc,phases   ] GC(1164)   Post Evacuate Collection Set: 9.5ms
[2026-01-16T09:19:59.629+0000][gc,phases   ] GC(1164)   Other: 2.7ms
[2026-01-16T09:19:59.629+0000][gc,heap     ] GC(1164) Eden regions: 47->0(70)
[2026-01-16T09:19:59.629+0000][gc,heap     ] GC(1164) Survivor regions: 4->2(7)
[2026-01-16T09:19:59.629+0000][gc,heap     ] GC(1164) Old regions: 171->171
[2026-01-16T09:19:59.629+0000][gc,heap     ] GC(1164) Humongous regions: 167->167
[2026-01-16T09:19:59.630+0000][gc,metaspace] GC(1164) Metaspace: 15895K(16320K)->15895K(16320K) NonClass: 14174K(14336K)->14174K(14336K) Class: 1720K(1984K)->1720K(1984K)
[2026-01-16T09:19:59.632+0000][gc          ] GC(1164) Pause Young (Normal) (G1 Evacuation Pause) 387M->338M(1024M) 253.435ms
[2026-01-16T09:19:59.633+0000][gc,cpu      ] GC(1164) User=0.14s Sys=0.01s Real=0.26s
[2026-01-16T09:20:01.957+0000][gc,start    ] GC(1165) Pause Young (Normal) (G1 Evacuation Pause)
[2026-01-16T09:20:01.960+0000][gc,task     ] GC(1165) Using 8 workers of 8 for evacuation
[2026-01-16T09:20:02.109+0000][gc,phases   ] GC(1165)   Pre Evacuate Collection Set: 8.5ms
[2026-01-16T09:20:02.110+0000][gc,phases   ] GC(1165)   Merge Heap Roots: 2.1ms
[2026-01-16T09:20:02.110+0000][gc,phases   ] GC(1165)   Evacuate Collection Set: 127.7ms
[2026-01-16T09:20:02.110+0000][gc,phases   ] GC(1165)   Post Evacuate Collection Set: 6.1ms
[2026-01-16T09:20:02.111+0000][gc,phases   ] GC(1165)   Other: 3.8ms
[2026-01-16T09:20:02.112+0000][gc,heap     ] GC(1165) Eden regions: 70->0(48)
[2026-01-16T09:20:02.114+0000][gc,heap     ] GC(1165) Survivor regions: 2->3(9)
[2026-01-16T09:20:02.116+0000][gc,heap     ] GC(1165) Old regions: 171->171
[2026-01-16T09:20:02.116+0000][gc,heap     ] GC(1165) Humongous regions: 167->167
[2026-01-16T09:20:02.117+0000][gc,metaspace] GC(1165) Metaspace: 15895K(16320K)->15895K(16320K) NonClass: 14174K(14336K)->14174K(14336K) Class: 1720K(1984K)->1720K(1984K)
[2026-01-16T09:20:02.118+0000][gc          ] GC(1165) Pause Young (Normal) (G1 Evacuation Pause) 408M->339M(1024M) 160.990ms
[2026-01-16T09:20:02.119+0000][gc,cpu      ] GC(1165) User=0.13s Sys=0.01s Real=0.16s
[2026-01-16T09:20:03.816+0000][gc,start    ] GC(1166) Pause Young (Normal) (G1 Evacuation Pause)
[2026-01-16T09:20:03.822+0000][gc,task     ] GC(1166) Using 8 workers of 8 for evacuation
[2026-01-16T09:20:03.961+0000][gc,phases   ] GC(1166)   Pre Evacuate Collection Set: 27.4ms
[2026-01-16T09:20:03.962+0000][gc,phases   ] GC(1166)   Merge Heap Roots: 1.5ms
[2026-01-16T09:20:03.962+0000][gc,phases   ] GC(1166)   Evacuate Collection Set: 98.2ms
[2026-01-16T09:20:03.963+0000][gc,phases   ] GC(1166)   Post Evacuate Collection Set: 10.6ms
[2026-01-16T09:20:03.963+0000][gc,phases   ] GC(1166)   Other: 1.4ms
[2026-01-16T09:20:03.964+0000][gc,heap     ] GC(1166) Eden regions: 48->0(58)
[2026-01-16T09:20:03.964+0000][gc,heap     ] GC(1166) Survivor regions: 3->3(7)
[2026-01-16T09:20:03.965+0000][gc,heap     ] GC(1166) Old regions: 171->171
[2026-01-16T09:20:03.965+0000][gc,heap     ] GC(1166) Humongous regions: 167->167
[2026-01-16T09:20:03.965+0000][gc,metaspace] GC(1166) Metaspace: 15895K(16320K)->15895K(16320K) NonClass: 14174K(14336K)->14174K(14336K) Class: 1720K(1984K)->1720K(1984K)
[2026-01-16T09:20:03.965+0000][gc          ] GC(1166) Pause Young (Normal) (G1 Evacuation Pause) 387M->340M(1024M) 149.362ms
[2026-01-16T09:20:03.967+0000][gc,cpu      ] GC(1166) User=0.09s Sys=0.01s Real=0.15s
[2026-01-16T09:20:08.931+0000][gc,start    ] GC(1167) Pause Young (Normal) (G1 Evacuation Pause)
[2026-01-16T09:20:08.958+0000][gc,task     ] GC(1167) Using 8 workers of 8 for evacuation
[2026-01-16T09:20:09.470+0000][gc,mmu      ] GC(1167) MMU target violated: 201.0ms (200.0ms/201.0ms)
[2026-01-16T09:20:09.473+0000][gc,phases   ] GC(1167)   Pre Evacuate Collection Set: 112.8ms
[2026-01-16T09:20:09.473+0000][gc,phases   ] GC(1167)   Merge Heap Roots: 20.6ms
[2026-01-16T09:20:09.474+0000][gc,phases   ] GC(1167)   Evacuate Collection Set: 349.5ms
[2026-01-16T09:20:09.475+0000][gc,phases   ] GC(1167)   Post Evacuate Collection Set: 26.9ms
[2026-01-16T09:20:09.477+0000][gc,phases   ] GC(1167)   Other: 4.5ms
[2026-01-16T09:20:09.478+0000][gc,heap     ] GC(1167) Eden regions: 57->0(49)
[2026-01-16T09:20:09.479+0000][gc,heap     ] GC(1167) Survivor regions: 3->2(8)
[2026-01-16T09:20:09.480+0000][gc,heap     ] GC(1167) Old regions: 171->171
[2026-01-16T09:20:09.482+0000][gc,heap     ] GC(1167) Humongous regions: 167->167
[2026-01-16T09:20:09.485+0000][gc,metaspace] GC(1167) Metaspace: 15895K(16320K)->15895K(16320K) NonClass: 14174K(14336K)->14174K(14336K) Class: 1720K(1984K)->1720K(1984K)
[2026-01-16T09:20:09.487+0000][gc          ] GC(1167) Pause Young (Normal) (G1 Evacuation Pause) 397M->339M(1024M) 555.849ms
[2026-01-16T09:20:09.489+0000][gc,cpu      ] GC(1167) User=0.23s Sys=0.03s Real=0.56s
[2026-01-16T09:20:10.638+0000][gc,start    ] GC(1168) Pause Young (Normal) (G1 Evacuation Pause)
[2026-01-16T09:20:10.641+0000][gc,task     ] GC(1168) Using 8 workers of 8 for evacuation
[2026-01-16T09:20:10.724+0000][gc,phases   ] GC(1168)   Pre Evacuate Collection Set: 17.5ms
[2026-01-16T09:20:10.726+0000][gc,phases   ] GC(1168)   Merge Heap Roots: 0.3ms
[2026-01-16T09:20:10.726+0000][gc,phases   ] GC(1168)   Evacuate Collection Set: 60.8ms
[2026-01-16T09:20:10.727+0000][gc,phases   ] GC(1168)   Post Evacuate Collection Set: 2.0ms
[2026-01-16T09:20:10.727+0000][gc,phases   ] GC(1168)   Other: 2.8ms
[2026-01-16T09:20:10.727+0000][gc,heap     ] GC(1168) Eden regions: 49->0(48)
[2026-01-16T09:20:10.728+0000][gc,heap     ] GC(1168) Survivor regions: 2->3(7)
[2026-01-16T09:20:10.728+0000][gc,heap     ] GC(1168) Old regions: 171->171
[2026-01-16T09:20:10.728+0000][gc,heap     ] GC(1168) Humongous regions: 167->167
[2026-01-16T09:20:10.729+0000][gc,metaspace] GC(1168) Metaspace: 15897K(16320K)->15897K(16320K) NonClass: 14176K(14336K)->14176K(14336K) Class: 1720K(1984K)->1720K(1984K)
[2026-01-16T09:20:10.730+0000][gc          ] GC(1168) Pause Young (Normal) (G1 Evacuation Pause) 388M->340M(1024M) 91.254ms
[2026-01-16T09:20:10.730+0000][gc,cpu      ] GC(1168) User=0.12s Sys=0.01s Real=0.09s
[2026-01-16T09:20:11.497+0000][gc,start    ] GC(1169) Pause Young (Normal) (G1 Evacuation Pause)
[2026-01-16T09:20:11.498+0000][gc,task     ] GC(1169) Using 8 workers of 8 for evacuation
[2026-01-16T09:20:11.570+0000][gc,phases   ] GC(1169)   Pre Evacuate Collection Set: 2.9ms
[2026-01-16T09:20:11.575+0000][gc,phases   ] GC(1169)   Merge Heap Roots: 0.4ms
[2026-01-16T09:20:11.577+0000][gc,phases   ] GC(1169)   Evacuate Collection Set: 65.2ms
[2026-01-16T09:20:11.577+0000][gc,phases   ] GC(1169)   Post Evacuate Collection Set: 2.6ms
[2026-01-16T09:20:11.578+0000][gc,phases   ] GC(1169)   Other: 1.4ms
[2026-01-16T09:20:11.578+0000][gc,heap     ] GC(1169) Eden regions: 49->0(106)
[2026-01-16T09:20:11.579+0000][gc,heap     ] GC(1169) Survivor regions: 3->3(7)
[2026-01-16T09:20:11.579+0000][gc,heap     ] GC(1169) Old regions: 171->172
[2026-01-16T09:20:11.579+0000][gc,heap     ] GC(1169) Humongous regions: 167->167
[2026-01-16T09:20:11.580+0000][gc,metaspace] GC(1169) Metaspace: 15897K(16320K)->15897K(16320K) NonClass: 14176K(14336K)->14176K(14336K) Class: 1720K(1984K)->1720K(1984K)
[2026-01-16T09:20:11.581+0000][gc          ] GC(1169) Pause Young (Normal) (G1 Evacuation Pause) 389M->340M(1024M) 83.360ms
[2026-01-16T09:20:11.581+0000][gc,cpu      ] GC(1169) User=0.09s Sys=0.01s Real=0.09s
[2026-01-16T09:20:22.133+0000][gc,start    ] GC(1170) Pause Young (Normal) (G1 Evacuation Pause)
[2026-01-16T09:20:22.139+0000][gc,task     ] GC(1170) Using 8 workers of 8 for evacuation
[2026-01-16T09:20:22.571+0000][gc,mmu      ] GC(1170) MMU target violated: 201.0ms (200.0ms/201.0ms)
[2026-01-16T09:20:22.572+0000][gc,phases   ] GC(1170)   Pre Evacuate Collection Set: 32.8ms
[2026-01-16T09:20:22.574+0000][gc,phases   ] GC(1170)   Merge Heap Roots: 0.6ms
[2026-01-16T09:20:22.577+0000][gc,phases   ] GC(1170)   Evacuate Collection Set: 337.3ms
[2026-01-16T09:20:22.584+0000][gc,phases   ] GC(1170)   Post Evacuate Collection Set: 55.0ms
[2026-01-16T09:20:22.585+0000][gc,phases   ] GC(1170)   Other: 7.6ms
[2026-01-16T09:20:22.587+0000][gc,heap     ] GC(1170) Eden regions: 104->0(50)
[2026-01-16T09:20:22.590+0000][gc,heap     ] GC(1170) Survivor regions: 3->1(14)
[2026-01-16T09:20:22.592+0000][gc,heap     ] GC(1170) Old regions: 172->172
[2026-01-16T09:20:22.594+0000][gc,heap     ] GC(1170) Humongous regions: 167->167
[2026-01-16T09:20:22.596+0000][gc,metaspace] GC(1170) Metaspace: 15897K(16320K)->15897K(16320K) NonClass: 14176K(14336K)->14176K(14336K) Class: 1720K(1984K)->1720K(1984K)
[2026-01-16T09:20:22.599+0000][gc          ] GC(1170) Pause Young (Normal) (G1 Evacuation Pause) 444M->339M(1024M) 466.364ms
[2026-01-16T09:20:22.606+0000][gc,cpu      ] GC(1170) User=0.25s Sys=0.02s Real=0.47s
[2026-01-16T09:20:26.062+0000][gc,start    ] GC(1171) Pause Young (Normal) (G1 Evacuation Pause)
[2026-01-16T09:20:26.064+0000][gc,task     ] GC(1171) Using 8 workers of 8 for evacuation
[2026-01-16T09:20:26.651+0000][gc,mmu      ] GC(1171) MMU target violated: 201.0ms (200.0ms/201.0ms)
[2026-01-16T09:20:26.655+0000][gc,phases   ] GC(1171)   Pre Evacuate Collection Set: 83.4ms
[2026-01-16T09:20:26.655+0000][gc,phases   ] GC(1171)   Merge Heap Roots: 13.4ms
[2026-01-16T09:20:26.656+0000][gc,phases   ] GC(1171)   Evacuate Collection Set: 449.5ms
[2026-01-16T09:20:26.657+0000][gc,phases   ] GC(1171)   Post Evacuate Collection Set: 39.2ms
[2026-01-16T09:20:26.658+0000][gc,phases   ] GC(1171)   Other: 6.1ms
[2026-01-16T09:20:26.659+0000][gc,heap     ] GC(1171) Eden regions: 50->0(49)
[2026-01-16T09:20:26.660+0000][gc,heap     ] GC(1171) Survivor regions: 1->2(7)
[2026-01-16T09:20:26.669+0000][gc,heap     ] GC(1171) Old regions: 172->172
[2026-01-16T09:20:26.678+0000][gc,heap     ] GC(1171) Humongous regions: 167->167
[2026-01-16T09:20:26.678+0000][gc,metaspace] GC(1171) Metaspace: 15897K(16320K)->15897K(16320K) NonClass: 14176K(14336K)->14176K(14336K) Class: 1720K(1984K)->1720K(1984K)
[2026-01-16T09:20:26.679+0000][gc          ] GC(1171) Pause Young (Normal) (G1 Evacuation Pause) 389M->339M(1024M) 617.613ms
[2026-01-16T09:20:26.687+0000][gc,cpu      ] GC(1171) User=0.25s Sys=0.03s Real=0.62s
[2026-01-16T09:20:32.239+0000][gc,start    ] GC(1172) Pause Young (Normal) (G1 Evacuation Pause)
[2026-01-16T09:20:32.241+0000][gc,task     ] GC(1172) Using 8 workers of 8 for evacuation
[2026-01-16T09:20:32.609+0000][gc,mmu      ] GC(1172) MMU target violated: 201.0ms (200.0ms/201.0ms)
[2026-01-16T09:20:32.613+0000][gc,phases   ] GC(1172)   Pre Evacuate Collection Set: 45.8ms
[2026-01-16T09:20:32.614+0000][gc,phases   ] GC(1172)   Merge Heap Roots: 2.8ms
[2026-01-16T09:20:32.614+0000][gc,phases   ] GC(1172)   Evacuate Collection Set: 299.0ms
[2026-01-16T09:20:32.615+0000][gc,phases   ] GC(1172)   Post Evacuate Collection Set: 19.3ms
[2026-01-16T09:20:32.615+0000][gc,phases   ] GC(1172)   Other: 5.5ms
[2026-01-16T09:20:32.616+0000][gc,heap     ] GC(1172) Eden regions: 49->0(48)
[2026-01-16T09:20:32.616+0000][gc,heap     ] GC(1172) Survivor regions: 2->3(7)
[2026-01-16T09:20:32.617+0000][gc,heap     ] GC(1172) Old regions: 172->172
[2026-01-16T09:20:32.617+0000][gc,heap     ] GC(1172) Humongous regions: 167->167
[2026-01-16T09:20:32.617+0000][gc,metaspace] GC(1172) Metaspace: 15903K(16320K)->15903K(16320K) NonClass: 14182K(14336K)->14182K(14336K) Class: 1720K(1984K)->1720K(1984K)
[2026-01-16T09:20:32.621+0000][gc          ] GC(1172) Pause Young (Normal) (G1 Evacuation Pause) 388M->340M(1024M) 381.499ms
[2026-01-16T09:20:32.623+0000][gc,cpu      ] GC(1172) User=0.37s Sys=0.03s Real=0.39s
[2026-01-16T09:20:33.945+0000][gc,start    ] GC(1173) Pause Young (Normal) (G1 Evacuation Pause)
[2026-01-16T09:20:33.949+0000][gc,task     ] GC(1173) Using 8 workers of 8 for evacuation
[2026-01-16T09:20:34.130+0000][gc,phases   ] GC(1173)   Pre Evacuate Collection Set: 20.8ms
[2026-01-16T09:20:34.132+0000][gc,phases   ] GC(1173)   Merge Heap Roots: 1.3ms
[2026-01-16T09:20:34.132+0000][gc,phases   ] GC(1173)   Evacuate Collection Set: 145.8ms
[2026-01-16T09:20:34.135+0000][gc,phases   ] GC(1173)   Post Evacuate Collection Set: 7.4ms
[2026-01-16T09:20:34.136+0000][gc,phases   ] GC(1173)   Other: 5.6ms
[2026-01-16T09:20:34.138+0000][gc,heap     ] GC(1173) Eden regions: 48->0(47)
[2026-01-16T09:20:34.140+0000][gc,heap     ] GC(1173) Survivor regions: 3->4(7)
[2026-01-16T09:20:34.140+0000][gc,heap     ] GC(1173) Old regions: 172->172
[2026-01-16T09:20:34.142+0000][gc,heap     ] GC(1173) Humongous regions: 167->167
[2026-01-16T09:20:34.142+0000][gc,metaspace] GC(1173) Metaspace: 15903K(16320K)->15903K(16320K) NonClass: 14182K(14336K)->14182K(14336K) Class: 1720K(1984K)->1720K(1984K)
[2026-01-16T09:20:34.143+0000][gc          ] GC(1173) Pause Young (Normal) (G1 Evacuation Pause) 388M->341M(1024M) 197.291ms
[2026-01-16T09:20:34.143+0000][gc,cpu      ] GC(1173) User=0.12s Sys=0.02s Real=0.20s
[2026-01-16T09:20:34.598+0000][gc,start    ] GC(1174) Pause Young (Normal) (G1 Evacuation Pause)
[2026-01-16T09:20:34.601+0000][gc,task     ] GC(1174) Using 8 workers of 8 for evacuation
[2026-01-16T09:20:34.698+0000][gc,phases   ] GC(1174)   Pre Evacuate Collection Set: 7.2ms
[2026-01-16T09:20:34.701+0000][gc,phases   ] GC(1174)   Merge Heap Roots: 0.2ms
[2026-01-16T09:20:34.702+0000][gc,phases   ] GC(1174)   Evacuate Collection Set: 83.9ms
[2026-01-16T09:20:34.702+0000][gc,phases   ] GC(1174)   Post Evacuate Collection Set: 2.3ms
[2026-01-16T09:20:34.703+0000][gc,phases   ] GC(1174)   Other: 3.6ms
[2026-01-16T09:20:34.703+0000][gc,heap     ] GC(1174) Eden regions: 47->0(46)
[2026-01-16T09:20:34.703+0000][gc,heap     ] GC(1174) Survivor regions: 4->5(7)
[2026-01-16T09:20:34.704+0000][gc,heap     ] GC(1174) Old regions: 172->172
[2026-01-16T09:20:34.704+0000][gc,heap     ] GC(1174) Humongous regions: 167->167
[2026-01-16T09:20:34.705+0000][gc,metaspace] GC(1174) Metaspace: 15903K(16320K)->15903K(16320K) NonClass: 14182K(14336K)->14182K(14336K) Class: 1720K(1984K)->1720K(1984K)
[2026-01-16T09:20:34.709+0000][gc          ] GC(1174) Pause Young (Normal) (G1 Evacuation Pause) 388M->342M(1024M) 110.937ms
[2026-01-16T09:20:34.712+0000][gc,cpu      ] GC(1174) User=0.06s Sys=0.00s Real=0.12s
[2026-01-16T09:20:35.486+0000][gc,start    ] GC(1175) Pause Young (Normal) (G1 Evacuation Pause)
[2026-01-16T09:20:35.493+0000][gc,task     ] GC(1175) Using 8 workers of 8 for evacuation
[2026-01-16T09:20:35.717+0000][gc,phases   ] GC(1175)   Pre Evacuate Collection Set: 8.4ms
[2026-01-16T09:20:35.720+0000][gc,phases   ] GC(1175)   Merge Heap Roots: 5.3ms
[2026-01-16T09:20:35.720+0000][gc,phases   ] GC(1175)   Evacuate Collection Set: 176.1ms
[2026-01-16T09:20:35.721+0000][gc,phases   ] GC(1175)   Post Evacuate Collection Set: 2.0ms
[2026-01-16T09:20:35.722+0000][gc,phases   ] GC(1175)   Other: 31.7ms
[2026-01-16T09:20:35.722+0000][gc,heap     ] GC(1175) Eden regions: 46->0(61)
[2026-01-16T09:20:35.725+0000][gc,heap     ] GC(1175) Survivor regions: 5->2(7)
[2026-01-16T09:20:35.727+0000][gc,heap     ] GC(1175) Old regions: 172->172
[2026-01-16T09:20:35.729+0000][gc,heap     ] GC(1175) Humongous regions: 167->167
[2026-01-16T09:20:35.730+0000][gc,metaspace] GC(1175) Metaspace: 15906K(16320K)->15906K(16320K) NonClass: 14186K(14336K)->14186K(14336K) Class: 1720K(1984K)->1720K(1984K)
[2026-01-16T09:20:35.731+0000][gc          ] GC(1175) Pause Young (Normal) (G1 Evacuation Pause) 388M->340M(1024M) 244.161ms
[2026-01-16T09:20:35.731+0000][gc,cpu      ] GC(1175) User=0.06s Sys=0.03s Real=0.25s
[2026-01-16T09:20:40.601+0000][gc,start    ] GC(1176) Pause Young (Normal) (G1 Evacuation Pause)
[2026-01-16T09:20:40.604+0000][gc,task     ] GC(1176) Using 8 workers of 8 for evacuation
[2026-01-16T09:20:41.445+0000][gc,mmu      ] GC(1176) MMU target violated: 201.0ms (200.0ms/201.0ms)
[2026-01-16T09:20:41.450+0000][gc,phases   ] GC(1176)   Pre Evacuate Collection Set: 49.0ms
[2026-01-16T09:20:41.465+0000][gc,phases   ] GC(1176)   Merge Heap Roots: 13.5ms
[2026-01-16T09:20:41.468+0000][gc,phases   ] GC(1176)   Evacuate Collection Set: 669.7ms
[2026-01-16T09:20:41.471+0000][gc,phases   ] GC(1176)   Post Evacuate Collection Set: 105.3ms
[2026-01-16T09:20:41.473+0000][gc,phases   ] GC(1176)   Other: 8.7ms
[2026-01-16T09:20:41.476+0000][gc,heap     ] GC(1176) Eden regions: 59->0(48)
[2026-01-16T09:20:41.479+0000][gc,heap     ] GC(1176) Survivor regions: 2->3(8)
[2026-01-16T09:20:41.481+0000][gc,heap     ] GC(1176) Old regions: 172->172
[2026-01-16T09:20:41.484+0000][gc,heap     ] GC(1176) Humongous regions: 167->167
[2026-01-16T09:20:41.487+0000][gc,metaspace] GC(1176) Metaspace: 15906K(16320K)->15906K(16320K) NonClass: 14186K(14336K)->14186K(14336K) Class: 1720K(1984K)->1720K(1984K)
[2026-01-16T09:20:41.487+0000][gc          ] GC(1176) Pause Young (Normal) (G1 Evacuation Pause) 399M->341M(1024M) 886.293ms
[2026-01-16T09:20:41.487+0000][gc,cpu      ] GC(1176) User=0.44s Sys=0.04s Real=0.89s
[2026-01-16T09:20:43.899+0000][gc,start    ] GC(1177) Pause Young (Normal) (G1 Evacuation Pause)
[2026-01-16T09:20:43.901+0000][gc,task     ] GC(1177) Using 8 workers of 8 for evacuation
[2026-01-16T09:20:44.601+0000][gc,mmu      ] GC(1177) MMU target violated: 201.0ms (200.0ms/201.0ms)
[2026-01-16T09:20:44.603+0000][gc,phases   ] GC(1177)   Pre Evacuate Collection Set: 69.1ms
[2026-01-16T09:20:44.609+0000][gc,phases   ] GC(1177)   Merge Heap Roots: 6.3ms
[2026-01-16T09:20:44.614+0000][gc,phases   ] GC(1177)   Evacuate Collection Set: 581.4ms
[2026-01-16T09:20:44.616+0000][gc,phases   ] GC(1177)   Post Evacuate Collection Set: 42.0ms
[2026-01-16T09:20:44.616+0000][gc,phases   ] GC(1177)   Other: 4.0ms
[2026-01-16T09:20:44.616+0000][gc,heap     ] GC(1177) Eden regions: 48->0(47)
[2026-01-16T09:20:44.616+0000][gc,heap     ] GC(1177) Survivor regions: 3->4(7)
[2026-01-16T09:20:44.616+0000][gc,heap     ] GC(1177) Old regions: 172->172
[2026-01-16T09:20:44.617+0000][gc,heap     ] GC(1177) Humongous regions: 167->167
[2026-01-16T09:20:44.617+0000][gc,metaspace] GC(1177) Metaspace: 15906K(16320K)->15906K(16320K) NonClass: 14186K(14336K)->14186K(14336K) Class: 1720K(1984K)->1720K(1984K)
[2026-01-16T09:20:44.617+0000][gc          ] GC(1177) Pause Young (Normal) (G1 Evacuation Pause) 389M->342M(1024M) 718.234ms
[2026-01-16T09:20:44.623+0000][gc,cpu      ] GC(1177) User=0.33s Sys=0.02s Real=0.72s
[2026-01-16T09:20:47.366+0000][gc,start    ] GC(1178) Pause Young (Normal) (G1 Evacuation Pause)
[2026-01-16T09:20:47.370+0000][gc,task     ] GC(1178) Using 8 workers of 8 for evacuation
[2026-01-16T09:20:47.795+0000][gc,mmu      ] GC(1178) MMU target violated: 201.0ms (200.0ms/201.0ms)
[2026-01-16T09:20:47.796+0000][gc,phases   ] GC(1178)   Pre Evacuate Collection Set: 66.1ms
[2026-01-16T09:20:47.799+0000][gc,phases   ] GC(1178)   Merge Heap Roots: 1.0ms
[2026-01-16T09:20:47.805+0000][gc,phases   ] GC(1178)   Evacuate Collection Set: 339.4ms
[2026-01-16T09:20:47.805+0000][gc,phases   ] GC(1178)   Post Evacuate Collection Set: 6.7ms
[2026-01-16T09:20:47.806+0000][gc,phases   ] GC(1178)   Other: 13.2ms
[2026-01-16T09:20:47.807+0000][gc,heap     ] GC(1178) Eden regions: 47->0(49)
[2026-01-16T09:20:47.807+0000][gc,heap     ] GC(1178) Survivor regions: 4->2(7)
[2026-01-16T09:20:47.808+0000][gc,heap     ] GC(1178) Old regions: 172->172
[2026-01-16T09:20:47.808+0000][gc,heap     ] GC(1178) Humongous regions: 167->167
[2026-01-16T09:20:47.808+0000][gc,metaspace] GC(1178) Metaspace: 15906K(16320K)->15906K(16320K) NonClass: 14186K(14336K)->14186K(14336K) Class: 1720K(1984K)->1720K(1984K)
[2026-01-16T09:20:47.809+0000][gc          ] GC(1178) Pause Young (Normal) (G1 Evacuation Pause) 389M->340M(1024M) 442.742ms
[2026-01-16T09:20:47.809+0000][gc,cpu      ] GC(1178) User=0.24s Sys=0.04s Real=0.45s
[2026-01-16T09:20:51.656+0000][gc,start    ] GC(1179) Pause Young (Normal) (G1 Evacuation Pause)
[2026-01-16T09:20:51.659+0000][gc,task     ] GC(1179) Using 8 workers of 8 for evacuation
[2026-01-16T09:20:52.261+0000][gc,mmu      ] GC(1179) MMU target violated: 201.0ms (200.0ms/201.0ms)
[2026-01-16T09:20:52.264+0000][gc,phases   ] GC(1179)   Pre Evacuate Collection Set: 82.1ms
[2026-01-16T09:20:52.265+0000][gc,phases   ] GC(1179)   Merge Heap Roots: 18.1ms
[2026-01-16T09:20:52.270+0000][gc,phases   ] GC(1179)   Evacuate Collection Set: 466.8ms
[2026-01-16T09:20:52.270+0000][gc,phases   ] GC(1179)   Post Evacuate Collection Set: 26.6ms
[2026-01-16T09:20:52.270+0000][gc,phases   ] GC(1179)   Other: 12.4ms
[2026-01-16T09:20:52.277+0000][gc,heap     ] GC(1179) Eden regions: 49->0(48)
[2026-01-16T09:20:52.279+0000][gc,heap     ] GC(1179) Survivor regions: 2->3(7)
[2026-01-16T09:20:52.282+0000][gc,heap     ] GC(1179) Old regions: 172->172
[2026-01-16T09:20:52.282+0000][gc,heap     ] GC(1179) Humongous regions: 167->167
[2026-01-16T09:20:52.284+0000][gc,metaspace] GC(1179) Metaspace: 15906K(16320K)->15906K(16320K) NonClass: 14186K(14336K)->14186K(14336K) Class: 1720K(1984K)->1720K(1984K)
[2026-01-16T09:20:52.285+0000][gc          ] GC(1179) Pause Young (Normal) (G1 Evacuation Pause) 389M->340M(1024M) 629.649ms
[2026-01-16T09:20:52.286+0000][gc,cpu      ] GC(1179) User=0.29s Sys=0.01s Real=0.63s
[2026-01-16T09:20:54.665+0000][gc,start    ] GC(1180) Pause Young (Normal) (G1 Evacuation Pause)
[2026-01-16T09:20:54.668+0000][gc,task     ] GC(1180) Using 8 workers of 8 for evacuation
[2026-01-16T09:20:55.101+0000][gc,mmu      ] GC(1180) MMU target violated: 201.0ms (200.0ms/201.0ms)
[2026-01-16T09:20:55.103+0000][gc,phases   ] GC(1180)   Pre Evacuate Collection Set: 34.9ms
[2026-01-16T09:20:55.103+0000][gc,phases   ] GC(1180)   Merge Heap Roots: 12.9ms
[2026-01-16T09:20:55.103+0000][gc,phases   ] GC(1180)   Evacuate Collection Set: 366.2ms
[2026-01-16T09:20:55.103+0000][gc,phases   ] GC(1180)   Post Evacuate Collection Set: 15.9ms
[2026-01-16T09:20:55.104+0000][gc,phases   ] GC(1180)   Other: 6.2ms
[2026-01-16T09:20:55.104+0000][gc,heap     ] GC(1180) Eden regions: 48->0(47)
[2026-01-16T09:20:55.104+0000][gc,heap     ] GC(1180) Survivor regions: 3->4(7)
[2026-01-16T09:20:55.105+0000][gc,heap     ] GC(1180) Old regions: 172->172
[2026-01-16T09:20:55.105+0000][gc,heap     ] GC(1180) Humongous regions: 167->167
[2026-01-16T09:20:55.106+0000][gc,metaspace] GC(1180) Metaspace: 15906K(16320K)->15906K(16320K) NonClass: 14186K(14336K)->14186K(14336K) Class: 1720K(1984K)->1720K(1984K)
[2026-01-16T09:20:55.109+0000][gc          ] GC(1180) Pause Young (Normal) (G1 Evacuation Pause) 388M->341M(1024M) 443.633ms
[2026-01-16T09:20:55.111+0000][gc,cpu      ] GC(1180) User=0.21s Sys=0.01s Real=0.45s
[2026-01-16T09:20:56.876+0000][gc,start    ] GC(1181) Pause Young (Normal) (G1 Evacuation Pause)
[2026-01-16T09:20:56.884+0000][gc,task     ] GC(1181) Using 8 workers of 8 for evacuation
[2026-01-16T09:20:57.216+0000][gc,mmu      ] GC(1181) MMU target violated: 201.0ms (200.0ms/201.0ms)
[2026-01-16T09:20:57.217+0000][gc,phases   ] GC(1181)   Pre Evacuate Collection Set: 62.6ms
[2026-01-16T09:20:57.217+0000][gc,phases   ] GC(1181)   Merge Heap Roots: 13.8ms
[2026-01-16T09:20:57.217+0000][gc,phases   ] GC(1181)   Evacuate Collection Set: 240.1ms
[2026-01-16T09:20:57.218+0000][gc,phases   ] GC(1181)   Post Evacuate Collection Set: 12.4ms
[2026-01-16T09:20:57.218+0000][gc,phases   ] GC(1181)   Other: 3.6ms
[2026-01-16T09:20:57.218+0000][gc,heap     ] GC(1181) Eden regions: 47->0(47)
[2026-01-16T09:20:57.219+0000][gc,heap     ] GC(1181) Survivor regions: 4->4(7)
[2026-01-16T09:20:57.219+0000][gc,heap     ] GC(1181) Old regions: 172->172
[2026-01-16T09:20:57.219+0000][gc,heap     ] GC(1181) Humongous regions: 167->167
[2026-01-16T09:20:57.219+0000][gc,metaspace] GC(1181) Metaspace: 15906K(16320K)->15906K(16320K) NonClass: 14186K(14336K)->14186K(14336K) Class: 1720K(1984K)->1720K(1984K)
[2026-01-16T09:20:57.222+0000][gc          ] GC(1181) Pause Young (Normal) (G1 Evacuation Pause) 388M->342M(1024M) 346.149ms
[2026-01-16T09:20:57.223+0000][gc,cpu      ] GC(1181) User=0.18s Sys=0.01s Real=0.34s
[2026-01-16T09:20:58.205+0000][gc,start    ] GC(1182) Pause Young (Normal) (G1 Evacuation Pause)
[2026-01-16T09:20:58.210+0000][gc,task     ] GC(1182) Using 8 workers of 8 for evacuation
[2026-01-16T09:20:58.494+0000][gc,mmu      ] GC(1182) MMU target violated: 201.0ms (200.0ms/201.0ms)
[2026-01-16T09:20:58.499+0000][gc,phases   ] GC(1182)   Pre Evacuate Collection Set: 17.1ms
[2026-01-16T09:20:58.499+0000][gc,phases   ] GC(1182)   Merge Heap Roots: 0.3ms
[2026-01-16T09:20:58.502+0000][gc,phases   ] GC(1182)   Evacuate Collection Set: 248.0ms
[2026-01-16T09:20:58.502+0000][gc,phases   ] GC(1182)   Post Evacuate Collection Set: 3.7ms
[2026-01-16T09:20:58.504+0000][gc,phases   ] GC(1182)   Other: 19.9ms
[2026-01-16T09:20:58.509+0000][gc,heap     ] GC(1182) Eden regions: 47->0(46)
[2026-01-16T09:20:58.511+0000][gc,heap     ] GC(1182) Survivor regions: 4->5(7)
[2026-01-16T09:20:58.511+0000][gc,heap     ] GC(1182) Old regions: 172->172
[2026-01-16T09:20:58.511+0000][gc,heap     ] GC(1182) Humongous regions: 167->167
[2026-01-16T09:20:58.511+0000][gc,metaspace] GC(1182) Metaspace: 15906K(16320K)->15906K(16320K) NonClass: 14186K(14336K)->14186K(14336K) Class: 1720K(1984K)->1720K(1984K)
[2026-01-16T09:20:58.513+0000][gc          ] GC(1182) Pause Young (Normal) (G1 Evacuation Pause) 389M->343M(1024M) 307.782ms
[2026-01-16T09:20:58.517+0000][gc,cpu      ] GC(1182) User=0.10s Sys=0.03s Real=0.32s
[2026-01-16T09:21:00.627+0000][gc,start    ] GC(1183) Pause Young (Normal) (G1 Evacuation Pause)
[2026-01-16T09:21:00.629+0000][gc,task     ] GC(1183) Using 8 workers of 8 for evacuation
[2026-01-16T09:21:00.821+0000][gc,phases   ] GC(1183)   Pre Evacuate Collection Set: 43.7ms
[2026-01-16T09:21:00.822+0000][gc,phases   ] GC(1183)   Merge Heap Roots: 1.3ms
[2026-01-16T09:21:00.823+0000][gc,phases   ] GC(1183)   Evacuate Collection Set: 142.0ms
[2026-01-16T09:21:00.823+0000][gc,phases   ] GC(1183)   Post Evacuate Collection Set: 4.5ms
[2026-01-16T09:21:00.824+0000][gc,phases   ] GC(1183)   Other: 1.2ms
[2026-01-16T09:21:00.826+0000][gc,heap     ] GC(1183) Eden regions: 46->0(48)
[2026-01-16T09:21:00.827+0000][gc,heap     ] GC(1183) Survivor regions: 5->3(7)
[2026-01-16T09:21:00.828+0000][gc,heap     ] GC(1183) Old regions: 172->173
[2026-01-16T09:21:00.828+0000][gc,heap     ] GC(1183) Humongous regions: 167->167
[2026-01-16T09:21:00.829+0000][gc,metaspace] GC(1183) Metaspace: 15907K(16320K)->15907K(16320K) NonClass: 14186K(14336K)->14186K(14336K) Class: 1720K(1984K)->1720K(1984K)
[2026-01-16T09:21:00.836+0000][gc          ] GC(1183) Pause Young (Normal) (G1 Evacuation Pause) 389M->341M(1024M) 208.234ms
[2026-01-16T09:21:00.836+0000][gc,cpu      ] GC(1183) User=0.18s Sys=0.02s Real=0.21s
[2026-01-16T09:21:01.776+0000][gc,start    ] GC(1184) Pause Young (Normal) (G1 Evacuation Pause)
[2026-01-16T09:21:01.778+0000][gc,task     ] GC(1184) Using 8 workers of 8 for evacuation
[2026-01-16T09:21:01.882+0000][gc,phases   ] GC(1184)   Pre Evacuate Collection Set: 2.7ms
[2026-01-16T09:21:01.882+0000][gc,phases   ] GC(1184)   Merge Heap Roots: 3.1ms
[2026-01-16T09:21:01.883+0000][gc,phases   ] GC(1184)   Evacuate Collection Set: 89.1ms
[2026-01-16T09:21:01.883+0000][gc,phases   ] GC(1184)   Post Evacuate Collection Set: 6.6ms
[2026-01-16T09:21:01.884+0000][gc,phases   ] GC(1184)   Other: 1.9ms
[2026-01-16T09:21:01.885+0000][gc,heap     ] GC(1184) Eden regions: 48->0(48)
[2026-01-16T09:21:01.885+0000][gc,heap     ] GC(1184) Survivor regions: 3->3(7)
[2026-01-16T09:21:01.886+0000][gc,heap     ] GC(1184) Old regions: 173->173
[2026-01-16T09:21:01.886+0000][gc,heap     ] GC(1184) Humongous regions: 167->167
[2026-01-16T09:21:01.886+0000][gc,metaspace] GC(1184) Metaspace: 15907K(16320K)->15907K(16320K) NonClass: 14186K(14336K)->14186K(14336K) Class: 1720K(1984K)->1720K(1984K)
[2026-01-16T09:21:01.894+0000][gc          ] GC(1184) Pause Young (Normal) (G1 Evacuation Pause) 389M->341M(1024M) 117.969ms
[2026-01-16T09:21:01.894+0000][gc,cpu      ] GC(1184) User=0.07s Sys=0.00s Real=0.11s
[2026-01-16T09:21:02.317+0000][gc,start    ] GC(1185) Pause Young (Normal) (G1 Evacuation Pause)
[2026-01-16T09:21:02.320+0000][gc,task     ] GC(1185) Using 8 workers of 8 for evacuation
[2026-01-16T09:21:02.444+0000][gc,phases   ] GC(1185)   Pre Evacuate Collection Set: 18.8ms
[2026-01-16T09:21:02.444+0000][gc,phases   ] GC(1185)   Merge Heap Roots: 0.2ms
[2026-01-16T09:21:02.445+0000][gc,phases   ] GC(1185)   Evacuate Collection Set: 70.0ms
[2026-01-16T09:21:02.446+0000][gc,phases   ] GC(1185)   Post Evacuate Collection Set: 28.3ms
[2026-01-16T09:21:02.446+0000][gc,phases   ] GC(1185)   Other: 7.0ms
[2026-01-16T09:21:02.446+0000][gc,heap     ] GC(1185) Eden regions: 48->0(47)
[2026-01-16T09:21:02.447+0000][gc,heap     ] GC(1185) Survivor regions: 3->4(7)
[2026-01-16T09:21:02.448+0000][gc,heap     ] GC(1185) Old regions: 173->173
[2026-01-16T09:21:02.450+0000][gc,heap     ] GC(1185) Humongous regions: 167->167
[2026-01-16T09:21:02.451+0000][gc,metaspace] GC(1185) Metaspace: 15907K(16320K)->15907K(16320K) NonClass: 14186K(14336K)->14186K(14336K) Class: 1720K(1984K)->1720K(1984K)
[2026-01-16T09:21:02.461+0000][gc          ] GC(1185) Pause Young (Normal) (G1 Evacuation Pause) 389M->342M(1024M) 144.223ms
[2026-01-16T09:21:02.465+0000][gc,cpu      ] GC(1185) User=0.09s Sys=0.01s Real=0.15s
[2026-01-16T09:21:02.999+0000][gc,start    ] GC(1186) Pause Young (Normal) (G1 Evacuation Pause)
[2026-01-16T09:21:03.000+0000][gc,task     ] GC(1186) Using 8 workers of 8 for evacuation
[2026-01-16T09:21:03.029+0000][gc,phases   ] GC(1186)   Pre Evacuate Collection Set: 4.6ms
[2026-01-16T09:21:03.029+0000][gc,phases   ] GC(1186)   Merge Heap Roots: 0.1ms
[2026-01-16T09:21:03.030+0000][gc,phases   ] GC(1186)   Evacuate Collection Set: 19.5ms
[2026-01-16T09:21:03.030+0000][gc,phases   ] GC(1186)   Post Evacuate Collection Set: 3.7ms
[2026-01-16T09:21:03.030+0000][gc,phases   ] GC(1186)   Other: 0.5ms
[2026-01-16T09:21:03.031+0000][gc,heap     ] GC(1186) Eden regions: 47->0(153)
[2026-01-16T09:21:03.031+0000][gc,heap     ] GC(1186) Survivor regions: 4->2(7)
[2026-01-16T09:21:03.031+0000][gc,heap     ] GC(1186) Old regions: 173->173
[2026-01-16T09:21:03.032+0000][gc,heap     ] GC(1186) Humongous regions: 167->167
[2026-01-16T09:21:03.038+0000][gc,metaspace] GC(1186) Metaspace: 15907K(16320K)->15907K(16320K) NonClass: 14186K(14336K)->14186K(14336K) Class: 1720K(1984K)->1720K(1984K)
[2026-01-16T09:21:03.039+0000][gc          ] GC(1186) Pause Young (Normal) (G1 Evacuation Pause) 389M->340M(1024M) 39.502ms
[2026-01-16T09:21:03.039+0000][gc,cpu      ] GC(1186) User=0.02s Sys=0.00s Real=0.04s
[2026-01-16T09:21:12.505+0000][gc,start    ] GC(1187) Pause Young (Normal) (G1 Evacuation Pause)
[2026-01-16T09:21:12.509+0000][gc,task     ] GC(1187) Using 8 workers of 8 for evacuation
[2026-01-16T09:21:12.817+0000][gc,mmu      ] GC(1187) MMU target violated: 201.0ms (200.0ms/201.0ms)
[2026-01-16T09:21:12.818+0000][gc,phases   ] GC(1187)   Pre Evacuate Collection Set: 31.6ms
[2026-01-16T09:21:12.818+0000][gc,phases   ] GC(1187)   Merge Heap Roots: 12.7ms
[2026-01-16T09:21:12.819+0000][gc,phases   ] GC(1187)   Evacuate Collection Set: 242.0ms
[2026-01-16T09:21:12.819+0000][gc,phases   ] GC(1187)   Post Evacuate Collection Set: 20.4ms
[2026-01-16T09:21:12.819+0000][gc,phases   ] GC(1187)   Other: 2.7ms
[2026-01-16T09:21:12.820+0000][gc,heap     ] GC(1187) Eden regions: 156->0(49)
[2026-01-16T09:21:12.820+0000][gc,heap     ] GC(1187) Survivor regions: 2->2(20)
[2026-01-16T09:21:12.821+0000][gc,heap     ] GC(1187) Old regions: 173->173
[2026-01-16T09:21:12.825+0000][gc,heap     ] GC(1187) Humongous regions: 167->167
[2026-01-16T09:21:12.828+0000][gc,metaspace] GC(1187) Metaspace: 15907K(16320K)->15907K(16320K) NonClass: 14186K(14336K)->14186K(14336K) Class: 1720K(1984K)->1720K(1984K)
[2026-01-16T09:21:12.828+0000][gc          ] GC(1187) Pause Young (Normal) (G1 Evacuation Pause) 496M->340M(1024M) 323.300ms
[2026-01-16T09:21:12.829+0000][gc,cpu      ] GC(1187) User=0.25s Sys=0.02s Real=0.32s
[2026-01-16T09:21:14.139+0000][gc,start    ] GC(1188) Pause Young (Normal) (G1 Evacuation Pause)
[2026-01-16T09:21:14.142+0000][gc,task     ] GC(1188) Using 8 workers of 8 for evacuation
[2026-01-16T09:21:14.193+0000][gc,phases   ] GC(1188)   Pre Evacuate Collection Set: 14.8ms
[2026-01-16T09:21:14.194+0000][gc,phases   ] GC(1188)   Merge Heap Roots: 0.5ms
[2026-01-16T09:21:14.194+0000][gc,phases   ] GC(1188)   Evacuate Collection Set: 28.1ms
[2026-01-16T09:21:14.196+0000][gc,phases   ] GC(1188)   Post Evacuate Collection Set: 3.5ms
[2026-01-16T09:21:14.196+0000][gc,phases   ] GC(1188)   Other: 4.8ms
[2026-01-16T09:21:14.196+0000][gc,heap     ] GC(1188) Eden regions: 49->0(48)
[2026-01-16T09:21:14.196+0000][gc,heap     ] GC(1188) Survivor regions: 2->3(7)
[2026-01-16T09:21:14.200+0000][gc,heap     ] GC(1188) Old regions: 173->173
[2026-01-16T09:21:14.201+0000][gc,heap     ] GC(1188) Humongous regions: 167->167
[2026-01-16T09:21:14.202+0000][gc,metaspace] GC(1188) Metaspace: 15907K(16320K)->15907K(16320K) NonClass: 14186K(14336K)->14186K(14336K) Class: 1720K(1984K)->1720K(1984K)
[2026-01-16T09:21:14.203+0000][gc          ] GC(1188) Pause Young (Normal) (G1 Evacuation Pause) 389M->341M(1024M) 63.668ms
[2026-01-16T09:21:14.204+0000][gc,cpu      ] GC(1188) User=0.06s Sys=0.01s Real=0.07s
[2026-01-16T09:21:15.104+0000][gc,start    ] GC(1189) Pause Young (Normal) (G1 Evacuation Pause)
[2026-01-16T09:21:15.105+0000][gc,task     ] GC(1189) Using 8 workers of 8 for evacuation
[2026-01-16T09:21:15.154+0000][gc,phases   ] GC(1189)   Pre Evacuate Collection Set: 1.7ms
[2026-01-16T09:21:15.154+0000][gc,phases   ] GC(1189)   Merge Heap Roots: 0.1ms
[2026-01-16T09:21:15.156+0000][gc,phases   ] GC(1189)   Evacuate Collection Set: 42.0ms
[2026-01-16T09:21:15.156+0000][gc,phases   ] GC(1189)   Post Evacuate Collection Set: 3.8ms
[2026-01-16T09:21:15.156+0000][gc,phases   ] GC(1189)   Other: 0.8ms
[2026-01-16T09:21:15.157+0000][gc,heap     ] GC(1189) Eden regions: 48->0(47)
[2026-01-16T09:21:15.157+0000][gc,heap     ] GC(1189) Survivor regions: 3->4(7)
[2026-01-16T09:21:15.159+0000][gc,heap     ] GC(1189) Old regions: 173->173
[2026-01-16T09:21:15.159+0000][gc,heap     ] GC(1189) Humongous regions: 167->167
[2026-01-16T09:21:15.160+0000][gc,metaspace] GC(1189) Metaspace: 15907K(16320K)->15907K(16320K) NonClass: 14186K(14336K)->14186K(14336K) Class: 1720K(1984K)->1720K(1984K)
[2026-01-16T09:21:15.160+0000][gc          ] GC(1189) Pause Young (Normal) (G1 Evacuation Pause) 389M->342M(1024M) 55.805ms
[2026-01-16T09:21:15.160+0000][gc,cpu      ] GC(1189) User=0.04s Sys=0.00s Real=0.05s
[2026-01-16T09:21:19.202+0000][gc,start    ] GC(1190) Pause Young (Normal) (G1 Evacuation Pause)
[2026-01-16T09:21:19.205+0000][gc,task     ] GC(1190) Using 8 workers of 8 for evacuation
[2026-01-16T09:21:19.295+0000][gc,phases   ] GC(1190)   Pre Evacuate Collection Set: 22.4ms
[2026-01-16T09:21:19.296+0000][gc,phases   ] GC(1190)   Merge Heap Roots: 3.2ms
[2026-01-16T09:21:19.297+0000][gc,phases   ] GC(1190)   Evacuate Collection Set: 52.6ms
[2026-01-16T09:21:19.297+0000][gc,phases   ] GC(1190)   Post Evacuate Collection Set: 10.5ms
[2026-01-16T09:21:19.301+0000][gc,phases   ] GC(1190)   Other: 1.8ms
[2026-01-16T09:21:19.303+0000][gc,heap     ] GC(1190) Eden regions: 47->0(220)
[2026-01-16T09:21:19.303+0000][gc,heap     ] GC(1190) Survivor regions: 4->2(7)
[2026-01-16T09:21:19.304+0000][gc,heap     ] GC(1190) Old regions: 173->173
[2026-01-16T09:21:19.306+0000][gc,heap     ] GC(1190) Humongous regions: 167->167
[2026-01-16T09:21:19.307+0000][gc,metaspace] GC(1190) Metaspace: 15907K(16320K)->15907K(16320K) NonClass: 14186K(14336K)->14186K(14336K) Class: 1720K(1984K)->1720K(1984K)
[2026-01-16T09:21:19.307+0000][gc          ] GC(1190) Pause Young (Normal) (G1 Evacuation Pause) 389M->340M(1024M) 107.812ms
[2026-01-16T09:21:19.308+0000][gc,cpu      ] GC(1190) User=0.10s Sys=0.01s Real=0.11s
[2026-01-16T09:21:35.296+0000][gc,start    ] GC(1191) Pause Young (Normal) (G1 Evacuation Pause)
[2026-01-16T09:21:35.327+0000][gc,task     ] GC(1191) Using 8 workers of 8 for evacuation
[2026-01-16T09:21:36.021+0000][gc,mmu      ] GC(1191) MMU target violated: 201.0ms (200.0ms/201.0ms)
[2026-01-16T09:21:36.024+0000][gc,phases   ] GC(1191)   Pre Evacuate Collection Set: 79.2ms
[2026-01-16T09:21:36.025+0000][gc,phases   ] GC(1191)   Merge Heap Roots: 1.4ms
[2026-01-16T09:21:36.025+0000][gc,phases   ] GC(1191)   Evacuate Collection Set: 595.8ms
[2026-01-16T09:21:36.025+0000][gc,phases   ] GC(1191)   Post Evacuate Collection Set: 8.0ms
[2026-01-16T09:21:36.025+0000][gc,phases   ] GC(1191)   Other: 13.2ms
[2026-01-16T09:21:36.025+0000][gc,heap     ] GC(1191) Eden regions: 212->0(49)
[2026-01-16T09:21:36.025+0000][gc,heap     ] GC(1191) Survivor regions: 2->2(27)
[2026-01-16T09:21:36.025+0000][gc,heap     ] GC(1191) Old regions: 173->173
[2026-01-16T09:21:36.025+0000][gc,heap     ] GC(1191) Humongous regions: 167->167
[2026-01-16T09:21:36.025+0000][gc,metaspace] GC(1191) Metaspace: 15907K(16320K)->15907K(16320K) NonClass: 14186K(14336K)->14186K(14336K) Class: 1720K(1984K)->1720K(1984K)
[2026-01-16T09:21:36.025+0000][gc          ] GC(1191) Pause Young (Normal) (G1 Evacuation Pause) 552M->340M(1024M) 729.445ms
[2026-01-16T09:21:36.025+0000][gc,cpu      ] GC(1191) User=0.34s Sys=0.03s Real=0.73s
[2026-01-16T09:21:38.554+0000][gc,start    ] GC(1192) Pause Young (Normal) (G1 Evacuation Pause)
[2026-01-16T09:21:38.555+0000][gc,task     ] GC(1192) Using 8 workers of 8 for evacuation
[2026-01-16T09:21:38.978+0000][gc,mmu      ] GC(1192) MMU target violated: 201.0ms (200.0ms/201.0ms)
[2026-01-16T09:21:38.984+0000][gc,phases   ] GC(1192)   Pre Evacuate Collection Set: 32.2ms
[2026-01-16T09:21:38.987+0000][gc,phases   ] GC(1192)   Merge Heap Roots: 6.1ms
[2026-01-16T09:21:38.987+0000][gc,phases   ] GC(1192)   Evacuate Collection Set: 377.1ms
[2026-01-16T09:21:38.994+0000][gc,phases   ] GC(1192)   Post Evacuate Collection Set: 4.3ms
[2026-01-16T09:21:38.995+0000][gc,phases   ] GC(1192)   Other: 9.2ms
[2026-01-16T09:21:38.995+0000][gc,heap     ] GC(1192) Eden regions: 49->0(48)
[2026-01-16T09:21:38.997+0000][gc,heap     ] GC(1192) Survivor regions: 2->3(7)
[2026-01-16T09:21:38.998+0000][gc,heap     ] GC(1192) Old regions: 173->173
[2026-01-16T09:21:38.998+0000][gc,heap     ] GC(1192) Humongous regions: 167->167
[2026-01-16T09:21:38.998+0000][gc,metaspace] GC(1192) Metaspace: 15907K(16320K)->15907K(16320K) NonClass: 14186K(14336K)->14186K(14336K) Class: 1720K(1984K)->1720K(1984K)
[2026-01-16T09:21:38.999+0000][gc          ] GC(1192) Pause Young (Normal) (G1 Evacuation Pause) 389M->341M(1024M) 444.822ms
[2026-01-16T09:21:38.999+0000][gc,cpu      ] GC(1192) User=0.18s Sys=0.02s Real=0.45s
[2026-01-16T09:21:40.182+0000][gc,start    ] GC(1193) Pause Young (Normal) (G1 Evacuation Pause)
[2026-01-16T09:21:40.183+0000][gc,task     ] GC(1193) Using 8 workers of 8 for evacuation
[2026-01-16T09:21:40.413+0000][gc,mmu      ] GC(1193) MMU target violated: 201.0ms (200.0ms/201.0ms)
[2026-01-16T09:21:40.414+0000][gc,phases   ] GC(1193)   Pre Evacuate Collection Set: 43.0ms
[2026-01-16T09:21:40.414+0000][gc,phases   ] GC(1193)   Merge Heap Roots: 0.7ms
[2026-01-16T09:21:40.419+0000][gc,phases   ] GC(1193)   Evacuate Collection Set: 178.4ms
[2026-01-16T09:21:40.419+0000][gc,phases   ] GC(1193)   Post Evacuate Collection Set: 6.9ms
[2026-01-16T09:21:40.420+0000][gc,phases   ] GC(1193)   Other: 2.1ms
[2026-01-16T09:21:40.420+0000][gc,heap     ] GC(1193) Eden regions: 48->0(47)
[2026-01-16T09:21:40.420+0000][gc,heap     ] GC(1193) Survivor regions: 3->4(7)
[2026-01-16T09:21:40.421+0000][gc,heap     ] GC(1193) Old regions: 173->173
[2026-01-16T09:21:40.421+0000][gc,heap     ] GC(1193) Humongous regions: 167->167
[2026-01-16T09:21:40.422+0000][gc,metaspace] GC(1193) Metaspace: 15907K(16320K)->15907K(16320K) NonClass: 14186K(14336K)->14186K(14336K) Class: 1720K(1984K)->1720K(1984K)
[2026-01-16T09:21:40.422+0000][gc          ] GC(1193) Pause Young (Normal) (G1 Evacuation Pause) 389M->342M(1024M) 240.107ms
[2026-01-16T09:21:40.422+0000][gc,cpu      ] GC(1193) User=0.12s Sys=0.00s Real=0.24s
[2026-01-16T09:21:40.841+0000][gc,start    ] GC(1194) Pause Young (Normal) (G1 Evacuation Pause)
[2026-01-16T09:21:40.849+0000][gc,task     ] GC(1194) Using 8 workers of 8 for evacuation
[2026-01-16T09:21:40.919+0000][gc,phases   ] GC(1194)   Pre Evacuate Collection Set: 0.9ms
[2026-01-16T09:21:40.920+0000][gc,phases   ] GC(1194)   Merge Heap Roots: 0.1ms
[2026-01-16T09:21:40.921+0000][gc,phases   ] GC(1194)   Evacuate Collection Set: 63.8ms
[2026-01-16T09:21:40.922+0000][gc,phases   ] GC(1194)   Post Evacuate Collection Set: 1.6ms
[2026-01-16T09:21:40.923+0000][gc,phases   ] GC(1194)   Other: 3.6ms
[2026-01-16T09:21:40.923+0000][gc,heap     ] GC(1194) Eden regions: 47->0(46)
[2026-01-16T09:21:40.924+0000][gc,heap     ] GC(1194) Survivor regions: 4->5(7)
[2026-01-16T09:21:40.924+0000][gc,heap     ] GC(1194) Old regions: 173->173
[2026-01-16T09:21:40.925+0000][gc,heap     ] GC(1194) Humongous regions: 167->167
[2026-01-16T09:21:40.925+0000][gc,metaspace] GC(1194) Metaspace: 15907K(16320K)->15907K(16320K) NonClass: 14186K(14336K)->14186K(14336K) Class: 1720K(1984K)->1720K(1984K)
[2026-01-16T09:21:40.926+0000][gc          ] GC(1194) Pause Young (Normal) (G1 Evacuation Pause) 389M->343M(1024M) 85.152ms
[2026-01-16T09:21:40.927+0000][gc,cpu      ] GC(1194) User=0.04s Sys=0.00s Real=0.09s
[2026-01-16T09:21:41.439+0000][gc,start    ] GC(1195) Pause Young (Normal) (G1 Evacuation Pause)
[2026-01-16T09:21:41.443+0000][gc,task     ] GC(1195) Using 8 workers of 8 for evacuation
[2026-01-16T09:21:41.678+0000][gc,mmu      ] GC(1195) MMU target violated: 201.0ms (200.0ms/201.0ms)
[2026-01-16T09:21:41.681+0000][gc,phases   ] GC(1195)   Pre Evacuate Collection Set: 6.6ms
[2026-01-16T09:21:41.683+0000][gc,phases   ] GC(1195)   Merge Heap Roots: 0.5ms
[2026-01-16T09:21:41.684+0000][gc,phases   ] GC(1195)   Evacuate Collection Set: 209.5ms
[2026-01-16T09:21:41.689+0000][gc,phases   ] GC(1195)   Post Evacuate Collection Set: 11.0ms
[2026-01-16T09:21:41.690+0000][gc,phases   ] GC(1195)   Other: 10.2ms
[2026-01-16T09:21:41.693+0000][gc,heap     ] GC(1195) Eden regions: 46->0(46)
[2026-01-16T09:21:41.696+0000][gc,heap     ] GC(1195) Survivor regions: 5->5(7)
[2026-01-16T09:21:41.697+0000][gc,heap     ] GC(1195) Old regions: 173->173
[2026-01-16T09:21:41.697+0000][gc,heap     ] GC(1195) Humongous regions: 167->167
[2026-01-16T09:21:41.699+0000][gc,metaspace] GC(1195) Metaspace: 15907K(16320K)->15907K(16320K) NonClass: 14186K(14336K)->14186K(14336K) Class: 1720K(1984K)->1720K(1984K)
[2026-01-16T09:21:41.700+0000][gc          ] GC(1195) Pause Young (Normal) (G1 Evacuation Pause) 389M->344M(1024M) 260.892ms
[2026-01-16T09:21:41.701+0000][gc,cpu      ] GC(1195) User=0.09s Sys=0.01s Real=0.26s
[2026-01-16T09:21:42.512+0000][gc,start    ] GC(1196) Pause Young (Normal) (G1 Evacuation Pause)
[2026-01-16T09:21:42.516+0000][gc,task     ] GC(1196) Using 8 workers of 8 for evacuation
[2026-01-16T09:21:42.594+0000][gc,phases   ] GC(1196)   Pre Evacuate Collection Set: 3.8ms
[2026-01-16T09:21:42.594+0000][gc,phases   ] GC(1196)   Merge Heap Roots: 0.1ms
[2026-01-16T09:21:42.595+0000][gc,phases   ] GC(1196)   Evacuate Collection Set: 69.0ms
[2026-01-16T09:21:42.595+0000][gc,phases   ] GC(1196)   Post Evacuate Collection Set: 1.2ms
[2026-01-16T09:21:42.595+0000][gc,phases   ] GC(1196)   Other: 3.1ms
[2026-01-16T09:21:42.596+0000][gc,heap     ] GC(1196) Eden regions: 46->0(94)
[2026-01-16T09:21:42.596+0000][gc,heap     ] GC(1196) Survivor regions: 5->3(7)
[2026-01-16T09:21:42.596+0000][gc,heap     ] GC(1196) Old regions: 173->174
[2026-01-16T09:21:42.597+0000][gc,heap     ] GC(1196) Humongous regions: 167->167
[2026-01-16T09:21:42.597+0000][gc,metaspace] GC(1196) Metaspace: 15907K(16320K)->15907K(16320K) NonClass: 14186K(14336K)->14186K(14336K) Class: 1720K(1984K)->1720K(1984K)
[2026-01-16T09:21:42.598+0000][gc          ] GC(1196) Pause Young (Normal) (G1 Evacuation Pause) 390M->342M(1024M) 85.775ms
[2026-01-16T09:21:42.598+0000][gc,cpu      ] GC(1196) User=0.07s Sys=0.01s Real=0.08s
[2026-01-16T09:21:50.183+0000][gc,start    ] GC(1197) Pause Young (Normal) (G1 Evacuation Pause)
[2026-01-16T09:21:50.192+0000][gc,task     ] GC(1197) Using 8 workers of 8 for evacuation
[2026-01-16T09:21:50.367+0000][gc,phases   ] GC(1197)   Pre Evacuate Collection Set: 37.8ms
[2026-01-16T09:21:50.368+0000][gc,phases   ] GC(1197)   Merge Heap Roots: 2.0ms
[2026-01-16T09:21:50.368+0000][gc,phases   ] GC(1197)   Evacuate Collection Set: 129.2ms
[2026-01-16T09:21:50.368+0000][gc,phases   ] GC(1197)   Post Evacuate Collection Set: 5.9ms
[2026-01-16T09:21:50.369+0000][gc,phases   ] GC(1197)   Other: 0.9ms
[2026-01-16T09:21:50.369+0000][gc,heap     ] GC(1197) Eden regions: 118->0(176)
[2026-01-16T09:21:50.371+0000][gc,heap     ] GC(1197) Survivor regions: 3->2(16)
[2026-01-16T09:21:50.371+0000][gc,heap     ] GC(1197) Old regions: 174->174
[2026-01-16T09:21:50.371+0000][gc,heap     ] GC(1197) Humongous regions: 167->167
[2026-01-16T09:21:50.372+0000][gc,metaspace] GC(1197) Metaspace: 15909K(16320K)->15909K(16320K) NonClass: 14188K(14336K)->14188K(14336K) Class: 1720K(1984K)->1720K(1984K)
[2026-01-16T09:21:50.372+0000][gc          ] GC(1197) Pause Young (Normal) (G1 Evacuation Pause) 460M->341M(1024M) 189.243ms
[2026-01-16T09:21:50.373+0000][gc,cpu      ] GC(1197) User=0.12s Sys=0.01s Real=0.19s
[2026-01-16T09:22:00.594+0000][gc,start    ] GC(1198) Pause Young (Normal) (G1 Evacuation Pause)
[2026-01-16T09:22:00.596+0000][gc,task     ] GC(1198) Using 8 workers of 8 for evacuation
[2026-01-16T09:22:00.751+0000][gc,phases   ] GC(1198)   Pre Evacuate Collection Set: 35.6ms
[2026-01-16T09:22:00.751+0000][gc,phases   ] GC(1198)   Merge Heap Roots: 5.8ms
[2026-01-16T09:22:00.752+0000][gc,phases   ] GC(1198)   Evacuate Collection Set: 96.2ms
[2026-01-16T09:22:00.752+0000][gc,phases   ] GC(1198)   Post Evacuate Collection Set: 11.5ms
[2026-01-16T09:22:00.753+0000][gc,phases   ] GC(1198)   Other: 5.6ms
[2026-01-16T09:22:00.753+0000][gc,heap     ] GC(1198) Eden regions: 177->0(212)
[2026-01-16T09:22:00.754+0000][gc,heap     ] GC(1198) Survivor regions: 2->2(23)
[2026-01-16T09:22:00.754+0000][gc,heap     ] GC(1198) Old regions: 174->174
[2026-01-16T09:22:00.755+0000][gc,heap     ] GC(1198) Humongous regions: 167->167
[2026-01-16T09:22:00.755+0000][gc,metaspace] GC(1198) Metaspace: 15909K(16320K)->15909K(16320K) NonClass: 14188K(14336K)->14188K(14336K) Class: 1720K(1984K)->1720K(1984K)
[2026-01-16T09:22:00.756+0000][gc          ] GC(1198) Pause Young (Normal) (G1 Evacuation Pause) 518M->341M(1024M) 162.696ms
[2026-01-16T09:22:00.757+0000][gc,cpu      ] GC(1198) User=0.15s Sys=0.00s Real=0.16s
[2026-01-16T09:22:09.575+0000][gc,start    ] GC(1199) Pause Young (Normal) (G1 Evacuation Pause)
[2026-01-16T09:22:09.576+0000][gc,task     ] GC(1199) Using 8 workers of 8 for evacuation
[2026-01-16T09:22:09.655+0000][gc,phases   ] GC(1199)   Pre Evacuate Collection Set: 12.0ms
[2026-01-16T09:22:09.655+0000][gc,phases   ] GC(1199)   Merge Heap Roots: 0.6ms
[2026-01-16T09:22:09.655+0000][gc,phases   ] GC(1199)   Evacuate Collection Set: 47.5ms
[2026-01-16T09:22:09.655+0000][gc,phases   ] GC(1199)   Post Evacuate Collection Set: 18.0ms
[2026-01-16T09:22:09.655+0000][gc,phases   ] GC(1199)   Other: 0.5ms
[2026-01-16T09:22:09.656+0000][gc,heap     ] GC(1199) Eden regions: 203->0(295)
[2026-01-16T09:22:09.656+0000][gc,heap     ] GC(1199) Survivor regions: 2->2(26)
[2026-01-16T09:22:09.656+0000][gc,heap     ] GC(1199) Old regions: 174->174
[2026-01-16T09:22:09.656+0000][gc,heap     ] GC(1199) Humongous regions: 167->167
[2026-01-16T09:22:09.656+0000][gc,metaspace] GC(1199) Metaspace: 15909K(16320K)->15909K(16320K) NonClass: 14188K(14336K)->14188K(14336K) Class: 1720K(1984K)->1720K(1984K)
[2026-01-16T09:22:09.656+0000][gc          ] GC(1199) Pause Young (Normal) (G1 Evacuation Pause) 544M->341M(1024M) 80.433ms
[2026-01-16T09:22:09.656+0000][gc,cpu      ] GC(1199) User=0.18s Sys=0.03s Real=0.09s
[2026-01-16T09:22:24.793+0000][gc,start    ] GC(1200) Pause Young (Normal) (G1 Evacuation Pause)
[2026-01-16T09:22:24.807+0000][gc,task     ] GC(1200) Using 8 workers of 8 for evacuation
[2026-01-16T09:22:26.504+0000][gc,mmu      ] GC(1200) MMU target violated: 201.0ms (200.0ms/201.0ms)
[2026-01-16T09:22:26.511+0000][gc,phases   ] GC(1200)   Pre Evacuate Collection Set: 109.6ms
[2026-01-16T09:22:26.512+0000][gc,phases   ] GC(1200)   Merge Heap Roots: 19.9ms
[2026-01-16T09:22:26.515+0000][gc,phases   ] GC(1200)   Evacuate Collection Set: 1408.8ms
[2026-01-16T09:22:26.518+0000][gc,phases   ] GC(1200)   Post Evacuate Collection Set: 33.5ms
[2026-01-16T09:22:26.519+0000][gc,phases   ] GC(1200)   Other: 139.6ms
[2026-01-16T09:22:26.519+0000][gc,heap     ] GC(1200) Eden regions: 279->0(47)
[2026-01-16T09:22:26.521+0000][gc,heap     ] GC(1200) Survivor regions: 2->4(36)
[2026-01-16T09:22:26.521+0000][gc,heap     ] GC(1200) Old regions: 174->174
[2026-01-16T09:22:26.521+0000][gc,heap     ] GC(1200) Humongous regions: 167->167
[2026-01-16T09:22:26.523+0000][gc,metaspace] GC(1200) Metaspace: 15910K(16320K)->15910K(16320K) NonClass: 14190K(14336K)->14190K(14336K) Class: 1720K(1984K)->1720K(1984K)
[2026-01-16T09:22:26.524+0000][gc          ] GC(1200) Pause Young (Normal) (G1 Evacuation Pause) 620M->343M(1024M) 1731.243ms
[2026-01-16T09:22:26.525+0000][gc,cpu      ] GC(1200) User=0.73s Sys=0.21s Real=1.73s
[2026-01-16T09:22:29.934+0000][gc,start    ] GC(1201) Pause Young (Normal) (G1 Evacuation Pause)
[2026-01-16T09:22:29.935+0000][gc,task     ] GC(1201) Using 8 workers of 8 for evacuation
[2026-01-16T09:22:30.278+0000][gc,mmu      ] GC(1201) MMU target violated: 201.0ms (200.0ms/201.0ms)
[2026-01-16T09:22:30.279+0000][gc,phases   ] GC(1201)   Pre Evacuate Collection Set: 25.2ms
[2026-01-16T09:22:30.281+0000][gc,phases   ] GC(1201)   Merge Heap Roots: 3.6ms
[2026-01-16T09:22:30.284+0000][gc,phases   ] GC(1201)   Evacuate Collection Set: 283.2ms
[2026-01-16T09:22:30.284+0000][gc,phases   ] GC(1201)   Post Evacuate Collection Set: 29.6ms
[2026-01-16T09:22:30.284+0000][gc,phases   ] GC(1201)   Other: 2.6ms
[2026-01-16T09:22:30.284+0000][gc,heap     ] GC(1201) Eden regions: 47->0(49)
[2026-01-16T09:22:30.285+0000][gc,heap     ] GC(1201) Survivor regions: 4->2(7)
[2026-01-16T09:22:30.287+0000][gc,heap     ] GC(1201) Old regions: 174->174
[2026-01-16T09:22:30.288+0000][gc,heap     ] GC(1201) Humongous regions: 167->167
[2026-01-16T09:22:30.288+0000][gc,metaspace] GC(1201) Metaspace: 15910K(16320K)->15910K(16320K) NonClass: 14190K(14336K)->14190K(14336K) Class: 1720K(1984K)->1720K(1984K)
[2026-01-16T09:22:30.288+0000][gc          ] GC(1201) Pause Young (Normal) (G1 Evacuation Pause) 390M->341M(1024M) 354.459ms
[2026-01-16T09:22:30.289+0000][gc,cpu      ] GC(1201) User=0.17s Sys=0.01s Real=0.36s
[2026-01-16T09:22:31.344+0000][gc,start    ] GC(1202) Pause Young (Normal) (G1 Evacuation Pause)
[2026-01-16T09:22:31.345+0000][gc,task     ] GC(1202) Using 8 workers of 8 for evacuation
[2026-01-16T09:22:31.516+0000][gc,phases   ] GC(1202)   Pre Evacuate Collection Set: 6.7ms
[2026-01-16T09:22:31.517+0000][gc,phases   ] GC(1202)   Merge Heap Roots: 0.3ms
[2026-01-16T09:22:31.517+0000][gc,phases   ] GC(1202)   Evacuate Collection Set: 161.0ms
[2026-01-16T09:22:31.520+0000][gc,phases   ] GC(1202)   Post Evacuate Collection Set: 2.8ms
[2026-01-16T09:22:31.521+0000][gc,phases   ] GC(1202)   Other: 0.8ms
[2026-01-16T09:22:31.523+0000][gc,heap     ] GC(1202) Eden regions: 49->0(48)
[2026-01-16T09:22:31.525+0000][gc,heap     ] GC(1202) Survivor regions: 2->3(7)
[2026-01-16T09:22:31.525+0000][gc,heap     ] GC(1202) Old regions: 174->174
[2026-01-16T09:22:31.525+0000][gc,heap     ] GC(1202) Humongous regions: 167->167
[2026-01-16T09:22:31.527+0000][gc,metaspace] GC(1202) Metaspace: 15910K(16320K)->15910K(16320K) NonClass: 14190K(14336K)->14190K(14336K) Class: 1720K(1984K)->1720K(1984K)
[2026-01-16T09:22:31.527+0000][gc          ] GC(1202) Pause Young (Normal) (G1 Evacuation Pause) 390M->342M(1024M) 183.385ms
[2026-01-16T09:22:31.528+0000][gc,cpu      ] GC(1202) User=0.10s Sys=0.00s Real=0.19s
[2026-01-16T09:22:32.284+0000][gc,start    ] GC(1203) Pause Young (Normal) (G1 Evacuation Pause)
[2026-01-16T09:22:32.287+0000][gc,task     ] GC(1203) Using 8 workers of 8 for evacuation
[2026-01-16T09:22:32.335+0000][gc,phases   ] GC(1203)   Pre Evacuate Collection Set: 3.4ms
[2026-01-16T09:22:32.336+0000][gc,phases   ] GC(1203)   Merge Heap Roots: 0.5ms
[2026-01-16T09:22:32.337+0000][gc,phases   ] GC(1203)   Evacuate Collection Set: 40.6ms
[2026-01-16T09:22:32.337+0000][gc,phases   ] GC(1203)   Post Evacuate Collection Set: 3.7ms
[2026-01-16T09:22:32.338+0000][gc,phases   ] GC(1203)   Other: 0.5ms
[2026-01-16T09:22:32.340+0000][gc,heap     ] GC(1203) Eden regions: 48->0(47)
[2026-01-16T09:22:32.340+0000][gc,heap     ] GC(1203) Survivor regions: 3->4(7)
[2026-01-16T09:22:32.341+0000][gc,heap     ] GC(1203) Old regions: 174->174
[2026-01-16T09:22:32.343+0000][gc,heap     ] GC(1203) Humongous regions: 167->167
[2026-01-16T09:22:32.346+0000][gc,metaspace] GC(1203) Metaspace: 15910K(16320K)->15910K(16320K) NonClass: 14190K(14336K)->14190K(14336K) Class: 1720K(1984K)->1720K(1984K)
[2026-01-16T09:22:32.346+0000][gc          ] GC(1203) Pause Young (Normal) (G1 Evacuation Pause) 390M->343M(1024M) 62.146ms
[2026-01-16T09:22:32.350+0000][gc,cpu      ] GC(1203) User=0.04s Sys=0.01s Real=0.07s
[2026-01-16T09:22:33.215+0000][gc,start    ] GC(1204) Pause Young (Normal) (G1 Evacuation Pause)
[2026-01-16T09:22:33.219+0000][gc,task     ] GC(1204) Using 8 workers of 8 for evacuation
[2026-01-16T09:22:33.280+0000][gc,phases   ] GC(1204)   Pre Evacuate Collection Set: 4.4ms
[2026-01-16T09:22:33.280+0000][gc,phases   ] GC(1204)   Merge Heap Roots: 1.1ms
[2026-01-16T09:22:33.288+0000][gc,phases   ] GC(1204)   Evacuate Collection Set: 45.3ms
[2026-01-16T09:22:33.288+0000][gc,phases   ] GC(1204)   Post Evacuate Collection Set: 9.1ms
[2026-01-16T09:22:33.289+0000][gc,phases   ] GC(1204)   Other: 0.9ms
[2026-01-16T09:22:33.289+0000][gc,heap     ] GC(1204) Eden regions: 47->0(47)
[2026-01-16T09:22:33.290+0000][gc,heap     ] GC(1204) Survivor regions: 4->4(7)
[2026-01-16T09:22:33.290+0000][gc,heap     ] GC(1204) Old regions: 174->174
[2026-01-16T09:22:33.290+0000][gc,heap     ] GC(1204) Humongous regions: 167->167
[2026-01-16T09:22:33.291+0000][gc,metaspace] GC(1204) Metaspace: 15910K(16320K)->15910K(16320K) NonClass: 14190K(14336K)->14190K(14336K) Class: 1720K(1984K)->1720K(1984K)
[2026-01-16T09:22:33.292+0000][gc          ] GC(1204) Pause Young (Normal) (G1 Evacuation Pause) 390M->343M(1024M) 76.793ms
[2026-01-16T09:22:33.292+0000][gc,cpu      ] GC(1204) User=0.07s Sys=0.01s Real=0.08s
[2026-01-16T09:22:40.885+0000][gc,start    ] GC(1205) Pause Young (Normal) (G1 Evacuation Pause)
[2026-01-16T09:22:40.887+0000][gc,task     ] GC(1205) Using 8 workers of 8 for evacuation
[2026-01-16T09:22:41.155+0000][gc,mmu      ] GC(1205) MMU target violated: 201.0ms (200.0ms/201.0ms)
[2026-01-16T09:22:41.156+0000][gc,phases   ] GC(1205)   Pre Evacuate Collection Set: 54.1ms
[2026-01-16T09:22:41.157+0000][gc,phases   ] GC(1205)   Merge Heap Roots: 30.3ms
[2026-01-16T09:22:41.158+0000][gc,phases   ] GC(1205)   Evacuate Collection Set: 168.0ms
[2026-01-16T09:22:41.159+0000][gc,phases   ] GC(1205)   Post Evacuate Collection Set: 13.4ms
[2026-01-16T09:22:41.160+0000][gc,phases   ] GC(1205)   Other: 3.2ms
[2026-01-16T09:22:41.160+0000][gc,heap     ] GC(1205) Eden regions: 47->0(48)
[2026-01-16T09:22:41.161+0000][gc,heap     ] GC(1205) Survivor regions: 4->3(7)
[2026-01-16T09:22:41.161+0000][gc,heap     ] GC(1205) Old regions: 174->174
[2026-01-16T09:22:41.161+0000][gc,heap     ] GC(1205) Humongous regions: 167->167
[2026-01-16T09:22:41.169+0000][gc,metaspace] GC(1205) Metaspace: 15911K(16320K)->15911K(16320K) NonClass: 14190K(14336K)->14190K(14336K) Class: 1720K(1984K)->1720K(1984K)
[2026-01-16T09:22:41.170+0000][gc          ] GC(1205) Pause Young (Normal) (G1 Evacuation Pause) 390M->342M(1024M) 284.883ms
[2026-01-16T09:22:41.170+0000][gc,cpu      ] GC(1205) User=0.13s Sys=0.01s Real=0.29s
[2026-01-16T09:22:44.207+0000][gc,start    ] GC(1206) Pause Young (Normal) (G1 Evacuation Pause)
[2026-01-16T09:22:44.211+0000][gc,task     ] GC(1206) Using 8 workers of 8 for evacuation
[2026-01-16T09:22:44.769+0000][gc,mmu      ] GC(1206) MMU target violated: 201.0ms (200.0ms/201.0ms)
[2026-01-16T09:22:44.772+0000][gc,phases   ] GC(1206)   Pre Evacuate Collection Set: 40.5ms
[2026-01-16T09:22:44.773+0000][gc,phases   ] GC(1206)   Merge Heap Roots: 0.9ms
[2026-01-16T09:22:44.774+0000][gc,phases   ] GC(1206)   Evacuate Collection Set: 467.3ms
[2026-01-16T09:22:44.776+0000][gc,phases   ] GC(1206)   Post Evacuate Collection Set: 34.1ms
[2026-01-16T09:22:44.778+0000][gc,phases   ] GC(1206)   Other: 17.8ms
[2026-01-16T09:22:44.778+0000][gc,heap     ] GC(1206) Eden regions: 48->0(48)
[2026-01-16T09:22:44.781+0000][gc,heap     ] GC(1206) Survivor regions: 3->3(7)
[2026-01-16T09:22:44.783+0000][gc,heap     ] GC(1206) Old regions: 174->174
[2026-01-16T09:22:44.784+0000][gc,heap     ] GC(1206) Humongous regions: 167->167
[2026-01-16T09:22:44.785+0000][gc,metaspace] GC(1206) Metaspace: 15911K(16320K)->15911K(16320K) NonClass: 14190K(14336K)->14190K(14336K) Class: 1720K(1984K)->1720K(1984K)
[2026-01-16T09:22:44.786+0000][gc          ] GC(1206) Pause Young (Normal) (G1 Evacuation Pause) 390M->342M(1024M) 579.333ms
[2026-01-16T09:22:44.788+0000][gc,cpu      ] GC(1206) User=0.29s Sys=0.01s Real=0.59s
[2026-01-16T09:22:48.258+0000][gc,start    ] GC(1207) Pause Young (Normal) (G1 Evacuation Pause)
[2026-01-16T09:22:48.261+0000][gc,task     ] GC(1207) Using 8 workers of 8 for evacuation
[2026-01-16T09:22:48.790+0000][gc,mmu      ] GC(1207) MMU target violated: 201.0ms (200.0ms/201.0ms)
[2026-01-16T09:22:48.792+0000][gc,phases   ] GC(1207)   Pre Evacuate Collection Set: 54.9ms
[2026-01-16T09:22:48.797+0000][gc,phases   ] GC(1207)   Merge Heap Roots: 23.4ms
[2026-01-16T09:22:48.798+0000][gc,phases   ] GC(1207)   Evacuate Collection Set: 391.5ms
[2026-01-16T09:22:48.798+0000][gc,phases   ] GC(1207)   Post Evacuate Collection Set: 34.0ms
[2026-01-16T09:22:48.798+0000][gc,phases   ] GC(1207)   Other: 27.3ms
[2026-01-16T09:22:48.801+0000][gc,heap     ] GC(1207) Eden regions: 48->0(47)
[2026-01-16T09:22:48.801+0000][gc,heap     ] GC(1207) Survivor regions: 3->4(7)
[2026-01-16T09:22:48.802+0000][gc,heap     ] GC(1207) Old regions: 174->174
[2026-01-16T09:22:48.805+0000][gc,heap     ] GC(1207) Humongous regions: 167->167
[2026-01-16T09:22:48.809+0000][gc,metaspace] GC(1207) Metaspace: 15911K(16320K)->15911K(16320K) NonClass: 14190K(14336K)->14190K(14336K) Class: 1720K(1984K)->1720K(1984K)
[2026-01-16T09:22:48.810+0000][gc          ] GC(1207) Pause Young (Normal) (G1 Evacuation Pause) 390M->343M(1024M) 552.479ms
[2026-01-16T09:22:48.813+0000][gc,cpu      ] GC(1207) User=0.33s Sys=0.01s Real=0.55s
[2026-01-16T09:22:51.061+0000][gc,start    ] GC(1208) Pause Young (Normal) (G1 Evacuation Pause)
[2026-01-16T09:22:51.063+0000][gc,task     ] GC(1208) Using 8 workers of 8 for evacuation
[2026-01-16T09:22:51.532+0000][gc,mmu      ] GC(1208) MMU target violated: 201.0ms (200.0ms/201.0ms)
[2026-01-16T09:22:51.543+0000][gc,phases   ] GC(1208)   Pre Evacuate Collection Set: 88.1ms
[2026-01-16T09:22:51.543+0000][gc,phases   ] GC(1208)   Merge Heap Roots: 5.3ms
[2026-01-16T09:22:51.544+0000][gc,phases   ] GC(1208)   Evacuate Collection Set: 345.2ms
[2026-01-16T09:22:51.544+0000][gc,phases   ] GC(1208)   Post Evacuate Collection Set: 30.0ms
[2026-01-16T09:22:51.544+0000][gc,phases   ] GC(1208)   Other: 11.5ms
[2026-01-16T09:22:51.545+0000][gc,heap     ] GC(1208) Eden regions: 47->0(46)
[2026-01-16T09:22:51.545+0000][gc,heap     ] GC(1208) Survivor regions: 4->5(7)
[2026-01-16T09:22:51.545+0000][gc,heap     ] GC(1208) Old regions: 174->174
[2026-01-16T09:22:51.545+0000][gc,heap     ] GC(1208) Humongous regions: 167->167
[2026-01-16T09:22:51.546+0000][gc,metaspace] GC(1208) Metaspace: 15911K(16320K)->15911K(16320K) NonClass: 14190K(14336K)->14190K(14336K) Class: 1720K(1984K)->1720K(1984K)
[2026-01-16T09:22:51.547+0000][gc          ] GC(1208) Pause Young (Normal) (G1 Evacuation Pause) 390M->344M(1024M) 486.549ms
[2026-01-16T09:22:51.548+0000][gc,cpu      ] GC(1208) User=0.26s Sys=0.02s Real=0.49s
[2026-01-16T09:22:52.364+0000][gc,start    ] GC(1209) Pause Young (Normal) (G1 Evacuation Pause)
[2026-01-16T09:22:52.366+0000][gc,task     ] GC(1209) Using 8 workers of 8 for evacuation
[2026-01-16T09:22:52.493+0000][gc,phases   ] GC(1209)   Pre Evacuate Collection Set: 6.7ms
[2026-01-16T09:22:52.493+0000][gc,phases   ] GC(1209)   Merge Heap Roots: 0.5ms
[2026-01-16T09:22:52.494+0000][gc,phases   ] GC(1209)   Evacuate Collection Set: 111.3ms
[2026-01-16T09:22:52.494+0000][gc,phases   ] GC(1209)   Post Evacuate Collection Set: 7.9ms
[2026-01-16T09:22:52.494+0000][gc,phases   ] GC(1209)   Other: 1.2ms
[2026-01-16T09:22:52.494+0000][gc,heap     ] GC(1209) Eden regions: 46->0(48)
[2026-01-16T09:22:52.495+0000][gc,heap     ] GC(1209) Survivor regions: 5->3(7)
[2026-01-16T09:22:52.495+0000][gc,heap     ] GC(1209) Old regions: 174->174
[2026-01-16T09:22:52.495+0000][gc,heap     ] GC(1209) Humongous regions: 167->167
[2026-01-16T09:22:52.496+0000][gc,metaspace] GC(1209) Metaspace: 15911K(16320K)->15911K(16320K) NonClass: 14190K(14336K)->14190K(14336K) Class: 1720K(1984K)->1720K(1984K)
[2026-01-16T09:22:52.496+0000][gc          ] GC(1209) Pause Young (Normal) (G1 Evacuation Pause) 390M->342M(1024M) 131.949ms
[2026-01-16T09:22:52.497+0000][gc,cpu      ] GC(1209) User=0.12s Sys=0.01s Real=0.13s
[2026-01-16T09:22:53.984+0000][gc,start    ] GC(1210) Pause Young (Normal) (G1 Evacuation Pause)
[2026-01-16T09:22:53.989+0000][gc,task     ] GC(1210) Using 8 workers of 8 for evacuation
[2026-01-16T09:22:54.583+0000][gc,mmu      ] GC(1210) MMU target violated: 201.0ms (200.0ms/201.0ms)
[2026-01-16T09:22:54.585+0000][gc,phases   ] GC(1210)   Pre Evacuate Collection Set: 20.8ms
[2026-01-16T09:22:54.594+0000][gc,phases   ] GC(1210)   Merge Heap Roots: 0.3ms
[2026-01-16T09:22:54.597+0000][gc,phases   ] GC(1210)   Evacuate Collection Set: 521.2ms
[2026-01-16T09:22:54.652+0000][gc,phases   ] GC(1210)   Post Evacuate Collection Set: 49.2ms
[2026-01-16T09:22:54.652+0000][gc,phases   ] GC(1210)   Other: 4.6ms
[2026-01-16T09:22:54.653+0000][gc,heap     ] GC(1210) Eden regions: 48->0(48)
[2026-01-16T09:22:54.656+0000][gc,heap     ] GC(1210) Survivor regions: 3->3(7)
[2026-01-16T09:22:54.656+0000][gc,heap     ] GC(1210) Old regions: 174->174
[2026-01-16T09:22:54.665+0000][gc,heap     ] GC(1210) Humongous regions: 167->167
[2026-01-16T09:22:54.671+0000][gc,metaspace] GC(1210) Metaspace: 15911K(16320K)->15911K(16320K) NonClass: 14190K(14336K)->14190K(14336K) Class: 1720K(1984K)->1720K(1984K)
[2026-01-16T09:22:54.677+0000][gc          ] GC(1210) Pause Young (Normal) (G1 Evacuation Pause) 390M->343M(1024M) 693.094ms
[2026-01-16T09:22:54.681+0000][gc,cpu      ] GC(1210) User=0.24s Sys=0.02s Real=0.70s
[2026-01-16T09:22:58.922+0000][gc,start    ] GC(1211) Pause Young (Normal) (G1 Evacuation Pause)
[2026-01-16T09:22:58.929+0000][gc,task     ] GC(1211) Using 8 workers of 8 for evacuation
[2026-01-16T09:22:59.296+0000][gc,mmu      ] GC(1211) MMU target violated: 201.0ms (200.0ms/201.0ms)
[2026-01-16T09:22:59.297+0000][gc,phases   ] GC(1211)   Pre Evacuate Collection Set: 59.0ms
[2026-01-16T09:22:59.298+0000][gc,phases   ] GC(1211)   Merge Heap Roots: 10.1ms
[2026-01-16T09:22:59.299+0000][gc,phases   ] GC(1211)   Evacuate Collection Set: 289.0ms
[2026-01-16T09:22:59.299+0000][gc,phases   ] GC(1211)   Post Evacuate Collection Set: 6.4ms
[2026-01-16T09:22:59.301+0000][gc,phases   ] GC(1211)   Other: 6.8ms
[2026-01-16T09:22:59.302+0000][gc,heap     ] GC(1211) Eden regions: 48->0(47)
[2026-01-16T09:22:59.302+0000][gc,heap     ] GC(1211) Survivor regions: 3->4(7)
[2026-01-16T09:22:59.302+0000][gc,heap     ] GC(1211) Old regions: 174->174
[2026-01-16T09:22:59.302+0000][gc,heap     ] GC(1211) Humongous regions: 167->167
[2026-01-16T09:22:59.302+0000][gc,metaspace] GC(1211) Metaspace: 15911K(16320K)->15911K(16320K) NonClass: 14190K(14336K)->14190K(14336K) Class: 1720K(1984K)->1720K(1984K)
[2026-01-16T09:22:59.302+0000][gc          ] GC(1211) Pause Young (Normal) (G1 Evacuation Pause) 391M->343M(1024M) 380.605ms
[2026-01-16T09:22:59.303+0000][gc,cpu      ] GC(1211) User=0.31s Sys=0.02s Real=0.38s
[2026-01-16T09:23:00.333+0000][gc,start    ] GC(1212) Pause Young (Normal) (G1 Evacuation Pause)
[2026-01-16T09:23:00.335+0000][gc,task     ] GC(1212) Using 8 workers of 8 for evacuation
[2026-01-16T09:23:00.463+0000][gc,phases   ] GC(1212)   Pre Evacuate Collection Set: 14.5ms
[2026-01-16T09:23:00.464+0000][gc,phases   ] GC(1212)   Merge Heap Roots: 1.4ms
[2026-01-16T09:23:00.465+0000][gc,phases   ] GC(1212)   Evacuate Collection Set: 98.0ms
[2026-01-16T09:23:00.466+0000][gc,phases   ] GC(1212)   Post Evacuate Collection Set: 4.5ms
[2026-01-16T09:23:00.466+0000][gc,phases   ] GC(1212)   Other: 9.8ms
[2026-01-16T09:23:00.467+0000][gc,heap     ] GC(1212) Eden regions: 47->0(47)
[2026-01-16T09:23:00.467+0000][gc,heap     ] GC(1212) Survivor regions: 4->4(7)
[2026-01-16T09:23:00.468+0000][gc,heap     ] GC(1212) Old regions: 174->174
[2026-01-16T09:23:00.468+0000][gc,heap     ] GC(1212) Humongous regions: 167->167
[2026-01-16T09:23:00.468+0000][gc,metaspace] GC(1212) Metaspace: 15911K(16320K)->15911K(16320K) NonClass: 14190K(14336K)->14190K(14336K) Class: 1720K(1984K)->1720K(1984K)
[2026-01-16T09:23:00.468+0000][gc          ] GC(1212) Pause Young (Normal) (G1 Evacuation Pause) 390M->344M(1024M) 135.620ms
[2026-01-16T09:23:00.469+0000][gc,cpu      ] GC(1212) User=0.06s Sys=0.00s Real=0.14s
[2026-01-16T09:23:01.309+0000][gc,start    ] GC(1213) Pause Young (Normal) (G1 Evacuation Pause)
[2026-01-16T09:23:01.311+0000][gc,task     ] GC(1213) Using 8 workers of 8 for evacuation
[2026-01-16T09:23:01.372+0000][gc,phases   ] GC(1213)   Pre Evacuate Collection Set: 2.6ms
[2026-01-16T09:23:01.382+0000][gc,phases   ] GC(1213)   Merge Heap Roots: 0.4ms
[2026-01-16T09:23:01.383+0000][gc,phases   ] GC(1213)   Evacuate Collection Set: 45.7ms
[2026-01-16T09:23:01.384+0000][gc,phases   ] GC(1213)   Post Evacuate Collection Set: 10.0ms
[2026-01-16T09:23:01.385+0000][gc,phases   ] GC(1213)   Other: 2.6ms
[2026-01-16T09:23:01.387+0000][gc,heap     ] GC(1213) Eden regions: 47->0(48)
[2026-01-16T09:23:01.389+0000][gc,heap     ] GC(1213) Survivor regions: 4->3(7)
[2026-01-16T09:23:01.391+0000][gc,heap     ] GC(1213) Old regions: 174->174
[2026-01-16T09:23:01.394+0000][gc,heap     ] GC(1213) Humongous regions: 167->167
[2026-01-16T09:23:01.394+0000][gc,metaspace] GC(1213) Metaspace: 15911K(16320K)->15911K(16320K) NonClass: 14190K(14336K)->14190K(14336K) Class: 1720K(1984K)->1720K(1984K)
[2026-01-16T09:23:01.395+0000][gc          ] GC(1213) Pause Young (Normal) (G1 Evacuation Pause) 391M->343M(1024M) 85.849ms
[2026-01-16T09:23:01.395+0000][gc,cpu      ] GC(1213) User=0.04s Sys=0.00s Real=0.08s
[2026-01-16T09:23:02.895+0000][gc,start    ] GC(1214) Pause Young (Normal) (G1 Evacuation Pause)
[2026-01-16T09:23:02.898+0000][gc,task     ] GC(1214) Using 8 workers of 8 for evacuation
[2026-01-16T09:23:03.203+0000][gc,mmu      ] GC(1214) MMU target violated: 201.0ms (200.0ms/201.0ms)
[2026-01-16T09:23:03.203+0000][gc,phases   ] GC(1214)   Pre Evacuate Collection Set: 39.6ms
[2026-01-16T09:23:03.203+0000][gc,phases   ] GC(1214)   Merge Heap Roots: 8.4ms
[2026-01-16T09:23:03.203+0000][gc,phases   ] GC(1214)   Evacuate Collection Set: 249.4ms
[2026-01-16T09:23:03.203+0000][gc,phases   ] GC(1214)   Post Evacuate Collection Set: 2.0ms
[2026-01-16T09:23:03.205+0000][gc,phases   ] GC(1214)   Other: 6.3ms
[2026-01-16T09:23:03.209+0000][gc,heap     ] GC(1214) Eden regions: 48->0(48)
[2026-01-16T09:23:03.210+0000][gc,heap     ] GC(1214) Survivor regions: 3->3(7)
[2026-01-16T09:23:03.210+0000][gc,heap     ] GC(1214) Old regions: 174->174
[2026-01-16T09:23:03.210+0000][gc,heap     ] GC(1214) Humongous regions: 167->167
[2026-01-16T09:23:03.210+0000][gc,metaspace] GC(1214) Metaspace: 15911K(16320K)->15911K(16320K) NonClass: 14190K(14336K)->14190K(14336K) Class: 1720K(1984K)->1720K(1984K)
[2026-01-16T09:23:03.210+0000][gc          ] GC(1214) Pause Young (Normal) (G1 Evacuation Pause) 391M->343M(1024M) 315.189ms
[2026-01-16T09:23:03.211+0000][gc,cpu      ] GC(1214) User=0.25s Sys=0.03s Real=0.32s
[2026-01-16T09:23:04.129+0000][gc,start    ] GC(1215) Pause Young (Normal) (G1 Evacuation Pause)
[2026-01-16T09:23:04.132+0000][gc,task     ] GC(1215) Using 8 workers of 8 for evacuation
[2026-01-16T09:23:04.412+0000][gc,mmu      ] GC(1215) MMU target violated: 201.0ms (200.0ms/201.0ms)
[2026-01-16T09:23:04.416+0000][gc,phases   ] GC(1215)   Pre Evacuate Collection Set: 20.9ms
[2026-01-16T09:23:04.417+0000][gc,phases   ] GC(1215)   Merge Heap Roots: 0.2ms
[2026-01-16T09:23:04.418+0000][gc,phases   ] GC(1215)   Evacuate Collection Set: 249.9ms
[2026-01-16T09:23:04.418+0000][gc,phases   ] GC(1215)   Post Evacuate Collection Set: 4.6ms
[2026-01-16T09:23:04.419+0000][gc,phases   ] GC(1215)   Other: 8.3ms
[2026-01-16T09:23:04.419+0000][gc,heap     ] GC(1215) Eden regions: 48->0(47)
[2026-01-16T09:23:04.422+0000][gc,heap     ] GC(1215) Survivor regions: 3->4(7)
[2026-01-16T09:23:04.422+0000][gc,heap     ] GC(1215) Old regions: 174->175
[2026-01-16T09:23:04.431+0000][gc,heap     ] GC(1215) Humongous regions: 167->167
[2026-01-16T09:23:04.433+0000][gc,metaspace] GC(1215) Metaspace: 15911K(16320K)->15911K(16320K) NonClass: 14190K(14336K)->14190K(14336K) Class: 1720K(1984K)->1720K(1984K)
[2026-01-16T09:23:04.439+0000][gc          ] GC(1215) Pause Young (Normal) (G1 Evacuation Pause) 391M->344M(1024M) 308.234ms
[2026-01-16T09:23:04.440+0000][gc,cpu      ] GC(1215) User=0.19s Sys=0.02s Real=0.31s
[2026-01-16T09:23:09.174+0000][gc,start    ] GC(1216) Pause Young (Normal) (G1 Evacuation Pause)
[2026-01-16T09:23:09.176+0000][gc,task     ] GC(1216) Using 8 workers of 8 for evacuation
[2026-01-16T09:23:09.360+0000][gc,phases   ] GC(1216)   Pre Evacuate Collection Set: 21.4ms
[2026-01-16T09:23:09.375+0000][gc,phases   ] GC(1216)   Merge Heap Roots: 1.9ms
[2026-01-16T09:23:09.375+0000][gc,phases   ] GC(1216)   Evacuate Collection Set: 147.6ms
[2026-01-16T09:23:09.375+0000][gc,phases   ] GC(1216)   Post Evacuate Collection Set: 9.9ms
[2026-01-16T09:23:09.375+0000][gc,phases   ] GC(1216)   Other: 1.9ms
[2026-01-16T09:23:09.375+0000][gc,heap     ] GC(1216) Eden regions: 47->0(67)
[2026-01-16T09:23:09.376+0000][gc,heap     ] GC(1216) Survivor regions: 4->2(7)
[2026-01-16T09:23:09.376+0000][gc,heap     ] GC(1216) Old regions: 175->175
[2026-01-16T09:23:09.376+0000][gc,heap     ] GC(1216) Humongous regions: 167->167
[2026-01-16T09:23:09.376+0000][gc,metaspace] GC(1216) Metaspace: 15912K(16320K)->15912K(16320K) NonClass: 14191K(14336K)->14191K(14336K) Class: 1720K(1984K)->1720K(1984K)
[2026-01-16T09:23:09.380+0000][gc          ] GC(1216) Pause Young (Normal) (G1 Evacuation Pause) 391M->342M(1024M) 206.114ms
[2026-01-16T09:23:09.380+0000][gc,cpu      ] GC(1216) User=0.14s Sys=0.03s Real=0.21s
[2026-01-16T09:23:10.865+0000][gc,start    ] GC(1217) Pause Young (Normal) (G1 Evacuation Pause)
[2026-01-16T09:23:10.866+0000][gc,task     ] GC(1217) Using 8 workers of 8 for evacuation
[2026-01-16T09:23:10.928+0000][gc,phases   ] GC(1217)   Pre Evacuate Collection Set: 2.9ms
[2026-01-16T09:23:10.929+0000][gc,phases   ] GC(1217)   Merge Heap Roots: 0.5ms
[2026-01-16T09:23:10.929+0000][gc,phases   ] GC(1217)   Evacuate Collection Set: 50.8ms
[2026-01-16T09:23:10.931+0000][gc,phases   ] GC(1217)   Post Evacuate Collection Set: 6.9ms
[2026-01-16T09:23:10.932+0000][gc,phases   ] GC(1217)   Other: 1.1ms
[2026-01-16T09:23:10.932+0000][gc,heap     ] GC(1217) Eden regions: 71->0(67)
[2026-01-16T09:23:10.932+0000][gc,heap     ] GC(1217) Survivor regions: 2->3(10)
[2026-01-16T09:23:10.933+0000][gc,heap     ] GC(1217) Old regions: 175->175
[2026-01-16T09:23:10.933+0000][gc,heap     ] GC(1217) Humongous regions: 167->167
[2026-01-16T09:23:10.933+0000][gc,metaspace] GC(1217) Metaspace: 15912K(16320K)->15912K(16320K) NonClass: 14191K(14336K)->14191K(14336K) Class: 1720K(1984K)->1720K(1984K)
[2026-01-16T09:23:10.933+0000][gc          ] GC(1217) Pause Young (Normal) (G1 Evacuation Pause) 413M->343M(1024M) 67.677ms
[2026-01-16T09:23:10.933+0000][gc,cpu      ] GC(1217) User=0.14s Sys=0.02s Real=0.07s
[2026-01-16T09:23:11.300+0000][gc,start    ] GC(1218) Pause Young (Normal) (G1 Evacuation Pause)
[2026-01-16T09:23:11.300+0000][gc,task     ] GC(1218) Using 8 workers of 8 for evacuation
[2026-01-16T09:23:11.338+0000][gc,phases   ] GC(1218)   Pre Evacuate Collection Set: 0.9ms
[2026-01-16T09:23:11.341+0000][gc,phases   ] GC(1218)   Merge Heap Roots: 0.2ms
[2026-01-16T09:23:11.342+0000][gc,phases   ] GC(1218)   Evacuate Collection Set: 27.7ms
[2026-01-16T09:23:11.342+0000][gc,phases   ] GC(1218)   Post Evacuate Collection Set: 9.0ms
[2026-01-16T09:23:11.343+0000][gc,phases   ] GC(1218)   Other: 0.6ms
[2026-01-16T09:23:11.343+0000][gc,heap     ] GC(1218) Eden regions: 71->0(73)
[2026-01-16T09:23:11.344+0000][gc,heap     ] GC(1218) Survivor regions: 3->4(10)
[2026-01-16T09:23:11.344+0000][gc,heap     ] GC(1218) Old regions: 175->175
[2026-01-16T09:23:11.344+0000][gc,heap     ] GC(1218) Humongous regions: 167->167
[2026-01-16T09:23:11.344+0000][gc,metaspace] GC(1218) Metaspace: 15912K(16320K)->15912K(16320K) NonClass: 14191K(14336K)->14191K(14336K) Class: 1720K(1984K)->1720K(1984K)
[2026-01-16T09:23:11.345+0000][gc          ] GC(1218) Pause Young (Normal) (G1 Evacuation Pause) 414M->344M(1024M) 44.889ms
[2026-01-16T09:23:11.345+0000][gc,cpu      ] GC(1218) User=0.05s Sys=0.01s Real=0.04s
[2026-01-16T09:23:19.868+0000][gc,start    ] GC(1219) Pause Young (Normal) (G1 Evacuation Pause)
[2026-01-16T09:23:19.868+0000][gc,task     ] GC(1219) Using 8 workers of 8 for evacuation
[2026-01-16T09:23:19.910+0000][gc,phases   ] GC(1219)   Pre Evacuate Collection Set: 4.0ms
[2026-01-16T09:23:19.911+0000][gc,phases   ] GC(1219)   Merge Heap Roots: 0.7ms
[2026-01-16T09:23:19.911+0000][gc,phases   ] GC(1219)   Evacuate Collection Set: 31.1ms
[2026-01-16T09:23:19.911+0000][gc,phases   ] GC(1219)   Post Evacuate Collection Set: 5.1ms
[2026-01-16T09:23:19.911+0000][gc,phases   ] GC(1219)   Other: 0.6ms
[2026-01-16T09:23:19.911+0000][gc,heap     ] GC(1219) Eden regions: 75->0(203)
[2026-01-16T09:23:19.912+0000][gc,heap     ] GC(1219) Survivor regions: 4->3(10)
[2026-01-16T09:23:19.912+0000][gc,heap     ] GC(1219) Old regions: 175->175
[2026-01-16T09:23:19.912+0000][gc,heap     ] GC(1219) Humongous regions: 167->167
[2026-01-16T09:23:19.912+0000][gc,metaspace] GC(1219) Metaspace: 15912K(16320K)->15912K(16320K) NonClass: 14192K(14336K)->14192K(14336K) Class: 1720K(1984K)->1720K(1984K)
[2026-01-16T09:23:19.913+0000][gc          ] GC(1219) Pause Young (Normal) (G1 Evacuation Pause) 419M->343M(1024M) 44.965ms
[2026-01-16T09:23:19.913+0000][gc,cpu      ] GC(1219) User=0.13s Sys=0.00s Real=0.04s
[2026-01-16T09:23:35.734+0000][gc,start    ] GC(1220) Pause Young (Normal) (G1 Evacuation Pause)
[2026-01-16T09:23:35.738+0000][gc,task     ] GC(1220) Using 8 workers of 8 for evacuation
[2026-01-16T09:23:36.010+0000][gc,mmu      ] GC(1220) MMU target violated: 201.0ms (200.0ms/201.0ms)
[2026-01-16T09:23:36.011+0000][gc,phases   ] GC(1220)   Pre Evacuate Collection Set: 60.2ms
[2026-01-16T09:23:36.015+0000][gc,phases   ] GC(1220)   Merge Heap Roots: 7.8ms
[2026-01-16T09:23:36.016+0000][gc,phases   ] GC(1220)   Evacuate Collection Set: 178.1ms
[2026-01-16T09:23:36.017+0000][gc,phases   ] GC(1220)   Post Evacuate Collection Set: 23.5ms
[2026-01-16T09:23:36.017+0000][gc,phases   ] GC(1220)   Other: 4.6ms
[2026-01-16T09:23:36.017+0000][gc,heap     ] GC(1220) Eden regions: 194->0(98)
[2026-01-16T09:23:36.018+0000][gc,heap     ] GC(1220) Survivor regions: 3->3(25)
[2026-01-16T09:23:36.018+0000][gc,heap     ] GC(1220) Old regions: 175->175
[2026-01-16T09:23:36.018+0000][gc,heap     ] GC(1220) Humongous regions: 167->167
[2026-01-16T09:23:36.019+0000][gc,metaspace] GC(1220) Metaspace: 15914K(16320K)->15914K(16320K) NonClass: 14193K(14336K)->14193K(14336K) Class: 1720K(1984K)->1720K(1984K)
[2026-01-16T09:23:36.019+0000][gc          ] GC(1220) Pause Young (Normal) (G1 Evacuation Pause) 537M->343M(1024M) 284.336ms
[2026-01-16T09:23:36.019+0000][gc,cpu      ] GC(1220) User=0.26s Sys=0.02s Real=0.29s
[2026-01-16T09:23:41.391+0000][gc,start    ] GC(1221) Pause Young (Normal) (G1 Evacuation Pause)
[2026-01-16T09:23:41.401+0000][gc,task     ] GC(1221) Using 8 workers of 8 for evacuation
[2026-01-16T09:23:41.618+0000][gc,mmu      ] GC(1221) MMU target violated: 201.0ms (200.0ms/201.0ms)
[2026-01-16T09:23:41.618+0000][gc,phases   ] GC(1221)   Pre Evacuate Collection Set: 39.7ms
[2026-01-16T09:23:41.620+0000][gc,phases   ] GC(1221)   Merge Heap Roots: 0.8ms
[2026-01-16T09:23:41.621+0000][gc,phases   ] GC(1221)   Evacuate Collection Set: 153.9ms
[2026-01-16T09:23:41.621+0000][gc,phases   ] GC(1221)   Post Evacuate Collection Set: 21.6ms
[2026-01-16T09:23:41.622+0000][gc,phases   ] GC(1221)   Other: 1.8ms
[2026-01-16T09:23:41.622+0000][gc,heap     ] GC(1221) Eden regions: 90->0(47)
[2026-01-16T09:23:41.623+0000][gc,heap     ] GC(1221) Survivor regions: 3->4(12)
[2026-01-16T09:23:41.623+0000][gc,heap     ] GC(1221) Old regions: 175->175
[2026-01-16T09:23:41.624+0000][gc,heap     ] GC(1221) Humongous regions: 167->167
[2026-01-16T09:23:41.625+0000][gc,metaspace] GC(1221) Metaspace: 15914K(16320K)->15914K(16320K) NonClass: 14193K(14336K)->14193K(14336K) Class: 1720K(1984K)->1720K(1984K)
[2026-01-16T09:23:41.625+0000][gc          ] GC(1221) Pause Young (Normal) (G1 Evacuation Pause) 433M->345M(1024M) 233.915ms
[2026-01-16T09:23:41.632+0000][gc,cpu      ] GC(1221) User=0.22s Sys=0.02s Real=0.24s
[2026-01-16T09:23:42.386+0000][gc,start    ] GC(1222) Pause Young (Normal) (G1 Evacuation Pause)
[2026-01-16T09:23:42.387+0000][gc,task     ] GC(1222) Using 8 workers of 8 for evacuation
[2026-01-16T09:23:42.443+0000][gc,phases   ] GC(1222)   Pre Evacuate Collection Set: 4.4ms
[2026-01-16T09:23:42.445+0000][gc,phases   ] GC(1222)   Merge Heap Roots: 0.3ms
[2026-01-16T09:23:42.446+0000][gc,phases   ] GC(1222)   Evacuate Collection Set: 49.9ms
[2026-01-16T09:23:42.446+0000][gc,phases   ] GC(1222)   Post Evacuate Collection Set: 1.0ms
[2026-01-16T09:23:42.446+0000][gc,phases   ] GC(1222)   Other: 0.9ms
[2026-01-16T09:23:42.446+0000][gc,heap     ] GC(1222) Eden regions: 47->0(52)
[2026-01-16T09:23:42.446+0000][gc,heap     ] GC(1222) Survivor regions: 4->5(7)
[2026-01-16T09:23:42.448+0000][gc,heap     ] GC(1222) Old regions: 175->175
[2026-01-16T09:23:42.448+0000][gc,heap     ] GC(1222) Humongous regions: 167->167
[2026-01-16T09:23:42.449+0000][gc,metaspace] GC(1222) Metaspace: 15914K(16320K)->15914K(16320K) NonClass: 14193K(14336K)->14193K(14336K) Class: 1720K(1984K)->1720K(1984K)
[2026-01-16T09:23:42.450+0000][gc          ] GC(1222) Pause Young (Normal) (G1 Evacuation Pause) 392M->346M(1024M) 63.924ms
[2026-01-16T09:23:42.452+0000][gc,cpu      ] GC(1222) User=0.06s Sys=0.00s Real=0.07s
[2026-01-16T09:23:42.842+0000][gc,start    ] GC(1223) Pause Young (Normal) (G1 Evacuation Pause)
[2026-01-16T09:23:42.843+0000][gc,task     ] GC(1223) Using 8 workers of 8 for evacuation
[2026-01-16T09:23:42.925+0000][gc,phases   ] GC(1223)   Pre Evacuate Collection Set: 1.8ms
[2026-01-16T09:23:42.926+0000][gc,phases   ] GC(1223)   Merge Heap Roots: 0.6ms
[2026-01-16T09:23:42.926+0000][gc,phases   ] GC(1223)   Evacuate Collection Set: 77.2ms
[2026-01-16T09:23:42.928+0000][gc,phases   ] GC(1223)   Post Evacuate Collection Set: 2.3ms
[2026-01-16T09:23:42.929+0000][gc,phases   ] GC(1223)   Other: 0.4ms
[2026-01-16T09:23:42.929+0000][gc,heap     ] GC(1223) Eden regions: 51->0(214)
[2026-01-16T09:23:42.929+0000][gc,heap     ] GC(1223) Survivor regions: 5->3(7)
[2026-01-16T09:23:42.930+0000][gc,heap     ] GC(1223) Old regions: 175->176
[2026-01-16T09:23:42.930+0000][gc,heap     ] GC(1223) Humongous regions: 167->167
[2026-01-16T09:23:42.932+0000][gc,metaspace] GC(1223) Metaspace: 15914K(16320K)->15914K(16320K) NonClass: 14193K(14336K)->14193K(14336K) Class: 1720K(1984K)->1720K(1984K)
[2026-01-16T09:23:42.934+0000][gc          ] GC(1223) Pause Young (Normal) (G1 Evacuation Pause) 397M->344M(1024M) 92.899ms
[2026-01-16T09:23:42.935+0000][gc,cpu      ] GC(1223) User=0.07s Sys=0.01s Real=0.09s
[2026-01-16T09:23:53.081+0000][gc,start    ] GC(1224) Pause Young (Normal) (G1 Evacuation Pause)
[2026-01-16T09:23:53.082+0000][gc,task     ] GC(1224) Using 8 workers of 8 for evacuation
[2026-01-16T09:23:53.316+0000][gc,mmu      ] GC(1224) MMU target violated: 201.0ms (200.0ms/201.0ms)
[2026-01-16T09:23:53.317+0000][gc,phases   ] GC(1224)   Pre Evacuate Collection Set: 39.2ms
[2026-01-16T09:23:53.317+0000][gc,phases   ] GC(1224)   Merge Heap Roots: 1.7ms
[2026-01-16T09:23:53.317+0000][gc,phases   ] GC(1224)   Evacuate Collection Set: 174.8ms
[2026-01-16T09:23:53.318+0000][gc,phases   ] GC(1224)   Post Evacuate Collection Set: 17.1ms
[2026-01-16T09:23:53.319+0000][gc,phases   ] GC(1224)   Other: 1.7ms
[2026-01-16T09:23:53.319+0000][gc,heap     ] GC(1224) Eden regions: 211->0(190)
[2026-01-16T09:23:53.320+0000][gc,heap     ] GC(1224) Survivor regions: 3->3(27)
[2026-01-16T09:23:53.320+0000][gc,heap     ] GC(1224) Old regions: 176->176
[2026-01-16T09:23:53.320+0000][gc,heap     ] GC(1224) Humongous regions: 167->167
[2026-01-16T09:23:53.320+0000][gc,metaspace] GC(1224) Metaspace: 15914K(16320K)->15914K(16320K) NonClass: 14193K(14336K)->14193K(14336K) Class: 1720K(1984K)->1720K(1984K)
[2026-01-16T09:23:53.321+0000][gc          ] GC(1224) Pause Young (Normal) (G1 Evacuation Pause) 555M->344M(1024M) 239.761ms
[2026-01-16T09:23:53.321+0000][gc,cpu      ] GC(1224) User=0.25s Sys=0.03s Real=0.24s
[2026-01-16T09:24:02.104+0000][gc,start    ] GC(1225) Pause Young (Normal) (G1 Evacuation Pause)
[2026-01-16T09:24:02.105+0000][gc,task     ] GC(1225) Using 8 workers of 8 for evacuation
[2026-01-16T09:24:02.193+0000][gc,phases   ] GC(1225)   Pre Evacuate Collection Set: 16.8ms
[2026-01-16T09:24:02.193+0000][gc,phases   ] GC(1225)   Merge Heap Roots: 6.0ms
[2026-01-16T09:24:02.194+0000][gc,phases   ] GC(1225)   Evacuate Collection Set: 49.6ms
[2026-01-16T09:24:02.194+0000][gc,phases   ] GC(1225)   Post Evacuate Collection Set: 8.3ms
[2026-01-16T09:24:02.194+0000][gc,phases   ] GC(1225)   Other: 5.6ms
[2026-01-16T09:24:02.194+0000][gc,heap     ] GC(1225) Eden regions: 190->0(291)
[2026-01-16T09:24:02.195+0000][gc,heap     ] GC(1225) Survivor regions: 3->3(25)
[2026-01-16T09:24:02.195+0000][gc,heap     ] GC(1225) Old regions: 176->176
[2026-01-16T09:24:02.196+0000][gc,heap     ] GC(1225) Humongous regions: 167->167
[2026-01-16T09:24:02.196+0000][gc,metaspace] GC(1225) Metaspace: 15924K(16320K)->15924K(16320K) NonClass: 14204K(14336K)->14204K(14336K) Class: 1720K(1984K)->1720K(1984K)
[2026-01-16T09:24:02.196+0000][gc          ] GC(1225) Pause Young (Normal) (G1 Evacuation Pause) 534M->345M(1024M) 92.577ms
[2026-01-16T09:24:02.196+0000][gc,cpu      ] GC(1225) User=0.19s Sys=0.01s Real=0.09s
[2026-01-16T09:24:20.698+0000][gc,start    ] GC(1226) Pause Young (Normal) (G1 Evacuation Pause)
[2026-01-16T09:24:20.703+0000][gc,task     ] GC(1226) Using 8 workers of 8 for evacuation
[2026-01-16T09:24:20.952+0000][gc,mmu      ] GC(1226) MMU target violated: 201.0ms (200.0ms/201.0ms)
[2026-01-16T09:24:20.954+0000][gc,phases   ] GC(1226)   Pre Evacuate Collection Set: 45.0ms
[2026-01-16T09:24:20.954+0000][gc,phases   ] GC(1226)   Merge Heap Roots: 1.3ms
[2026-01-16T09:24:20.954+0000][gc,phases   ] GC(1226)   Evacuate Collection Set: 173.7ms
[2026-01-16T09:24:20.954+0000][gc,phases   ] GC(1226)   Post Evacuate Collection Set: 25.9ms
[2026-01-16T09:24:20.955+0000][gc,phases   ] GC(1226)   Other: 5.6ms
[2026-01-16T09:24:20.955+0000][gc,heap     ] GC(1226) Eden regions: 287->0(128)
[2026-01-16T09:24:20.955+0000][gc,heap     ] GC(1226) Survivor regions: 3->3(37)
[2026-01-16T09:24:20.955+0000][gc,heap     ] GC(1226) Old regions: 176->176
[2026-01-16T09:24:20.956+0000][gc,heap     ] GC(1226) Humongous regions: 167->167
[2026-01-16T09:24:20.957+0000][gc,metaspace] GC(1226) Metaspace: 15925K(16320K)->15925K(16320K) NonClass: 14205K(14336K)->14205K(14336K) Class: 1720K(1984K)->1720K(1984K)
[2026-01-16T09:24:20.957+0000][gc          ] GC(1226) Pause Young (Normal) (G1 Evacuation Pause) 632M->344M(1024M) 259.303ms
[2026-01-16T09:24:20.958+0000][gc,cpu      ] GC(1226) User=0.26s Sys=0.06s Real=0.25s
[2026-01-16T09:24:23.820+0000][gc,start    ] GC(1227) Pause Young (Normal) (G1 Evacuation Pause)
[2026-01-16T09:24:23.822+0000][gc,task     ] GC(1227) Using 8 workers of 8 for evacuation
[2026-01-16T09:24:23.890+0000][gc,phases   ] GC(1227)   Pre Evacuate Collection Set: 6.3ms
[2026-01-16T09:24:23.890+0000][gc,phases   ] GC(1227)   Merge Heap Roots: 0.5ms
[2026-01-16T09:24:23.890+0000][gc,phases   ] GC(1227)   Evacuate Collection Set: 57.4ms
[2026-01-16T09:24:23.890+0000][gc,phases   ] GC(1227)   Post Evacuate Collection Set: 2.9ms
[2026-01-16T09:24:23.890+0000][gc,phases   ] GC(1227)   Other: 0.6ms
[2026-01-16T09:24:23.891+0000][gc,heap     ] GC(1227) Eden regions: 112->0(128)
[2026-01-16T09:24:23.891+0000][gc,heap     ] GC(1227) Survivor regions: 3->4(15)
[2026-01-16T09:24:23.891+0000][gc,heap     ] GC(1227) Old regions: 176->176
[2026-01-16T09:24:23.891+0000][gc,heap     ] GC(1227) Humongous regions: 167->167
[2026-01-16T09:24:23.891+0000][gc,metaspace] GC(1227) Metaspace: 15925K(16320K)->15925K(16320K) NonClass: 14205K(14336K)->14205K(14336K) Class: 1720K(1984K)->1720K(1984K)
[2026-01-16T09:24:23.892+0000][gc          ] GC(1227) Pause Young (Normal) (G1 Evacuation Pause) 456M->346M(1024M) 71.319ms
[2026-01-16T09:24:23.892+0000][gc,cpu      ] GC(1227) User=0.11s Sys=0.01s Real=0.07s
[2026-01-16T09:24:33.061+0000][gc,start    ] GC(1228) Pause Young (Normal) (G1 Evacuation Pause)
[2026-01-16T09:24:33.066+0000][gc,task     ] GC(1228) Using 8 workers of 8 for evacuation
[2026-01-16T09:24:33.222+0000][gc,phases   ] GC(1228)   Pre Evacuate Collection Set: 17.9ms
[2026-01-16T09:24:33.222+0000][gc,phases   ] GC(1228)   Merge Heap Roots: 6.1ms
[2026-01-16T09:24:33.222+0000][gc,phases   ] GC(1228)   Evacuate Collection Set: 121.5ms
[2026-01-16T09:24:33.223+0000][gc,phases   ] GC(1228)   Post Evacuate Collection Set: 10.0ms
[2026-01-16T09:24:33.225+0000][gc,phases   ] GC(1228)   Other: 0.5ms
[2026-01-16T09:24:33.226+0000][gc,heap     ] GC(1228) Eden regions: 125->0(157)
[2026-01-16T09:24:33.226+0000][gc,heap     ] GC(1228) Survivor regions: 4->4(17)
[2026-01-16T09:24:33.226+0000][gc,heap     ] GC(1228) Old regions: 176->176
[2026-01-16T09:24:33.226+0000][gc,heap     ] GC(1228) Humongous regions: 167->167
[2026-01-16T09:24:33.226+0000][gc,metaspace] GC(1228) Metaspace: 15925K(16320K)->15925K(16320K) NonClass: 14205K(14336K)->14205K(14336K) Class: 1720K(1984K)->1720K(1984K)
[2026-01-16T09:24:33.226+0000][gc          ] GC(1228) Pause Young (Normal) (G1 Evacuation Pause) 471M->345M(1024M) 165.804ms
[2026-01-16T09:24:33.227+0000][gc,cpu      ] GC(1228) User=0.20s Sys=0.00s Real=0.16s
[2026-01-16T09:24:42.364+0000][gc,start    ] GC(1229) Pause Young (Normal) (G1 Evacuation Pause)
[2026-01-16T09:24:42.369+0000][gc,task     ] GC(1229) Using 8 workers of 8 for evacuation
[2026-01-16T09:24:42.955+0000][gc,mmu      ] GC(1229) MMU target violated: 201.0ms (200.0ms/201.0ms)
[2026-01-16T09:24:42.955+0000][gc,phases   ] GC(1229)   Pre Evacuate Collection Set: 123.3ms
[2026-01-16T09:24:42.956+0000][gc,phases   ] GC(1229)   Merge Heap Roots: 12.1ms
[2026-01-16T09:24:42.956+0000][gc,phases   ] GC(1229)   Evacuate Collection Set: 391.4ms
[2026-01-16T09:24:42.956+0000][gc,phases   ] GC(1229)   Post Evacuate Collection Set: 50.3ms
[2026-01-16T09:24:42.957+0000][gc,phases   ] GC(1229)   Other: 9.2ms
[2026-01-16T09:24:42.957+0000][gc,heap     ] GC(1229) Eden regions: 154->0(47)
[2026-01-16T09:24:42.957+0000][gc,heap     ] GC(1229) Survivor regions: 4->4(20)
[2026-01-16T09:24:42.957+0000][gc,heap     ] GC(1229) Old regions: 176->176
[2026-01-16T09:24:42.960+0000][gc,heap     ] GC(1229) Humongous regions: 167->167
[2026-01-16T09:24:42.960+0000][gc,metaspace] GC(1229) Metaspace: 15925K(16320K)->15925K(16320K) NonClass: 14205K(14336K)->14205K(14336K) Class: 1720K(1984K)->1720K(1984K)
[2026-01-16T09:24:42.964+0000][gc          ] GC(1229) Pause Young (Normal) (G1 Evacuation Pause) 499M->345M(1024M) 599.649ms
[2026-01-16T09:24:42.964+0000][gc,cpu      ] GC(1229) User=0.29s Sys=0.02s Real=0.60s
[2026-01-16T09:24:44.741+0000][gc,start    ] GC(1230) Pause Young (Normal) (G1 Evacuation Pause)
[2026-01-16T09:24:44.743+0000][gc,task     ] GC(1230) Using 8 workers of 8 for evacuation
[2026-01-16T09:24:44.896+0000][gc,phases   ] GC(1230)   Pre Evacuate Collection Set: 11.5ms
[2026-01-16T09:24:44.896+0000][gc,phases   ] GC(1230)   Merge Heap Roots: 1.4ms
[2026-01-16T09:24:44.896+0000][gc,phases   ] GC(1230)   Evacuate Collection Set: 128.2ms
[2026-01-16T09:24:44.896+0000][gc,phases   ] GC(1230)   Post Evacuate Collection Set: 11.2ms
[2026-01-16T09:24:44.896+0000][gc,phases   ] GC(1230)   Other: 0.9ms
[2026-01-16T09:24:44.896+0000][gc,heap     ] GC(1230) Eden regions: 47->0(47)
[2026-01-16T09:24:44.898+0000][gc,heap     ] GC(1230) Survivor regions: 4->4(7)
[2026-01-16T09:24:44.898+0000][gc,heap     ] GC(1230) Old regions: 176->176
[2026-01-16T09:24:44.900+0000][gc,heap     ] GC(1230) Humongous regions: 167->167
[2026-01-16T09:24:44.902+0000][gc,metaspace] GC(1230) Metaspace: 15925K(16320K)->15925K(16320K) NonClass: 14205K(14336K)->14205K(14336K) Class: 1720K(1984K)->1720K(1984K)
[2026-01-16T09:24:44.908+0000][gc          ] GC(1230) Pause Young (Normal) (G1 Evacuation Pause) 392M->346M(1024M) 167.357ms
[2026-01-16T09:24:44.908+0000][gc,cpu      ] GC(1230) User=0.13s Sys=0.01s Real=0.17s
[2026-01-16T09:24:45.753+0000][gc,start    ] GC(1231) Pause Young (Normal) (G1 Evacuation Pause)
[2026-01-16T09:24:45.772+0000][gc,task     ] GC(1231) Using 8 workers of 8 for evacuation
[2026-01-16T09:24:45.945+0000][gc,phases   ] GC(1231)   Pre Evacuate Collection Set: 34.2ms
[2026-01-16T09:24:45.946+0000][gc,phases   ] GC(1231)   Merge Heap Roots: 0.3ms
[2026-01-16T09:24:45.946+0000][gc,phases   ] GC(1231)   Evacuate Collection Set: 117.9ms
[2026-01-16T09:24:45.949+0000][gc,phases   ] GC(1231)   Post Evacuate Collection Set: 3.6ms
[2026-01-16T09:24:45.951+0000][gc,phases   ] GC(1231)   Other: 18.1ms
[2026-01-16T09:24:45.953+0000][gc,heap     ] GC(1231) Eden regions: 47->0(46)
[2026-01-16T09:24:45.953+0000][gc,heap     ] GC(1231) Survivor regions: 4->5(7)
[2026-01-16T09:24:45.956+0000][gc,heap     ] GC(1231) Old regions: 176->176
[2026-01-16T09:24:45.956+0000][gc,heap     ] GC(1231) Humongous regions: 167->167
[2026-01-16T09:24:45.957+0000][gc,metaspace] GC(1231) Metaspace: 15925K(16320K)->15925K(16320K) NonClass: 14205K(14336K)->14205K(14336K) Class: 1720K(1984K)->1720K(1984K)
[2026-01-16T09:24:45.959+0000][gc          ] GC(1231) Pause Young (Normal) (G1 Evacuation Pause) 393M->347M(1024M) 206.107ms
[2026-01-16T09:24:45.961+0000][gc,cpu      ] GC(1231) User=0.11s Sys=0.02s Real=0.21s
[2026-01-16T09:24:49.889+0000][gc,start    ] GC(1232) Pause Young (Normal) (G1 Evacuation Pause)
[2026-01-16T09:24:49.891+0000][gc,task     ] GC(1232) Using 8 workers of 8 for evacuation
[2026-01-16T09:24:50.275+0000][gc,mmu      ] GC(1232) MMU target violated: 201.0ms (200.0ms/201.0ms)
[2026-01-16T09:24:50.276+0000][gc,phases   ] GC(1232)   Pre Evacuate Collection Set: 39.9ms
[2026-01-16T09:24:50.276+0000][gc,phases   ] GC(1232)   Merge Heap Roots: 11.9ms
[2026-01-16T09:24:50.277+0000][gc,phases   ] GC(1232)   Evacuate Collection Set: 319.8ms
[2026-01-16T09:24:50.278+0000][gc,phases   ] GC(1232)   Post Evacuate Collection Set: 8.8ms
[2026-01-16T09:24:50.279+0000][gc,phases   ] GC(1232)   Other: 4.4ms
[2026-01-16T09:24:50.289+0000][gc,heap     ] GC(1232) Eden regions: 46->0(48)
[2026-01-16T09:24:50.291+0000][gc,heap     ] GC(1232) Survivor regions: 5->3(7)
[2026-01-16T09:24:50.292+0000][gc,heap     ] GC(1232) Old regions: 176->177
[2026-01-16T09:24:50.299+0000][gc,heap     ] GC(1232) Humongous regions: 167->167
[2026-01-16T09:24:50.299+0000][gc,metaspace] GC(1232) Metaspace: 15925K(16320K)->15925K(16320K) NonClass: 14205K(14336K)->14205K(14336K) Class: 1720K(1984K)->1720K(1984K)
[2026-01-16T09:24:50.301+0000][gc          ] GC(1232) Pause Young (Normal) (G1 Evacuation Pause) 393M->345M(1024M) 412.051ms
[2026-01-16T09:24:50.322+0000][gc,cpu      ] GC(1232) User=0.23s Sys=0.01s Real=0.43s
[2026-01-16T09:24:51.686+0000][gc,start    ] GC(1233) Pause Young (Normal) (G1 Evacuation Pause)
[2026-01-16T09:24:51.689+0000][gc,task     ] GC(1233) Using 8 workers of 8 for evacuation
[2026-01-16T09:24:51.777+0000][gc,phases   ] GC(1233)   Pre Evacuate Collection Set: 14.1ms
[2026-01-16T09:24:51.780+0000][gc,phases   ] GC(1233)   Merge Heap Roots: 1.6ms
[2026-01-16T09:24:51.781+0000][gc,phases   ] GC(1233)   Evacuate Collection Set: 61.3ms
[2026-01-16T09:24:51.782+0000][gc,phases   ] GC(1233)   Post Evacuate Collection Set: 8.0ms
[2026-01-16T09:24:51.783+0000][gc,phases   ] GC(1233)   Other: 3.5ms
[2026-01-16T09:24:51.784+0000][gc,heap     ] GC(1233) Eden regions: 48->0(56)
[2026-01-16T09:24:51.784+0000][gc,heap     ] GC(1233) Survivor regions: 3->3(7)
[2026-01-16T09:24:51.784+0000][gc,heap     ] GC(1233) Old regions: 177->177
[2026-01-16T09:24:51.784+0000][gc,heap     ] GC(1233) Humongous regions: 167->167
[2026-01-16T09:24:51.784+0000][gc,metaspace] GC(1233) Metaspace: 15925K(16320K)->15925K(16320K) NonClass: 14205K(14336K)->14205K(14336K) Class: 1720K(1984K)->1720K(1984K)
[2026-01-16T09:24:51.784+0000][gc          ] GC(1233) Pause Young (Normal) (G1 Evacuation Pause) 393M->345M(1024M) 98.845ms
[2026-01-16T09:24:51.785+0000][gc,cpu      ] GC(1233) User=0.09s Sys=0.01s Real=0.09s
[2026-01-16T09:24:53.028+0000][gc,start    ] GC(1234) Pause Young (Normal) (G1 Evacuation Pause)
[2026-01-16T09:24:53.029+0000][gc,task     ] GC(1234) Using 8 workers of 8 for evacuation
[2026-01-16T09:24:53.170+0000][gc,phases   ] GC(1234)   Pre Evacuate Collection Set: 6.1ms
[2026-01-16T09:24:53.173+0000][gc,phases   ] GC(1234)   Merge Heap Roots: 3.6ms
[2026-01-16T09:24:53.173+0000][gc,phases   ] GC(1234)   Evacuate Collection Set: 124.4ms
[2026-01-16T09:24:53.173+0000][gc,phases   ] GC(1234)   Post Evacuate Collection Set: 6.1ms
[2026-01-16T09:24:53.173+0000][gc,phases   ] GC(1234)   Other: 0.9ms
[2026-01-16T09:24:53.173+0000][gc,heap     ] GC(1234) Eden regions: 66->0(47)
[2026-01-16T09:24:53.174+0000][gc,heap     ] GC(1234) Survivor regions: 3->4(9)
[2026-01-16T09:24:53.174+0000][gc,heap     ] GC(1234) Old regions: 177->177
[2026-01-16T09:24:53.174+0000][gc,heap     ] GC(1234) Humongous regions: 167->167
[2026-01-16T09:24:53.174+0000][gc,metaspace] GC(1234) Metaspace: 15925K(16320K)->15925K(16320K) NonClass: 14205K(14336K)->14205K(14336K) Class: 1720K(1984K)->1720K(1984K)
[2026-01-16T09:24:53.174+0000][gc          ] GC(1234) Pause Young (Normal) (G1 Evacuation Pause) 411M->346M(1024M) 146.182ms
[2026-01-16T09:24:53.177+0000][gc,cpu      ] GC(1234) User=0.12s Sys=0.00s Real=0.15s
[2026-01-16T09:24:59.601+0000][gc,start    ] GC(1235) Pause Young (Normal) (G1 Evacuation Pause)
[2026-01-16T09:24:59.605+0000][gc,task     ] GC(1235) Using 8 workers of 8 for evacuation
[2026-01-16T09:24:59.757+0000][gc,phases   ] GC(1235)   Pre Evacuate Collection Set: 11.7ms
[2026-01-16T09:24:59.760+0000][gc,phases   ] GC(1235)   Merge Heap Roots: 3.1ms
[2026-01-16T09:24:59.761+0000][gc,phases   ] GC(1235)   Evacuate Collection Set: 127.3ms
[2026-01-16T09:24:59.761+0000][gc,phases   ] GC(1235)   Post Evacuate Collection Set: 9.8ms
[2026-01-16T09:24:59.762+0000][gc,phases   ] GC(1235)   Other: 0.6ms
[2026-01-16T09:24:59.763+0000][gc,heap     ] GC(1235) Eden regions: 47->0(181)
[2026-01-16T09:24:59.766+0000][gc,heap     ] GC(1235) Survivor regions: 4->2(7)
[2026-01-16T09:24:59.772+0000][gc,heap     ] GC(1235) Old regions: 177->177
[2026-01-16T09:24:59.773+0000][gc,heap     ] GC(1235) Humongous regions: 167->167
[2026-01-16T09:24:59.775+0000][gc,metaspace] GC(1235) Metaspace: 15925K(16320K)->15925K(16320K) NonClass: 14205K(14336K)->14205K(14336K) Class: 1720K(1984K)->1720K(1984K)
[2026-01-16T09:24:59.779+0000][gc          ] GC(1235) Pause Young (Normal) (G1 Evacuation Pause) 393M->345M(1024M) 178.067ms
[2026-01-16T09:24:59.780+0000][gc,cpu      ] GC(1235) User=0.17s Sys=0.01s Real=0.18s
[2026-01-16T09:25:09.222+0000][gc,start    ] GC(1236) Pause Young (Normal) (G1 Evacuation Pause)
[2026-01-16T09:25:09.223+0000][gc,task     ] GC(1236) Using 8 workers of 8 for evacuation
[2026-01-16T09:25:09.344+0000][gc,phases   ] GC(1236)   Pre Evacuate Collection Set: 18.4ms
[2026-01-16T09:25:09.346+0000][gc,phases   ] GC(1236)   Merge Heap Roots: 0.9ms
[2026-01-16T09:25:09.346+0000][gc,phases   ] GC(1236)   Evacuate Collection Set: 86.9ms
[2026-01-16T09:25:09.347+0000][gc,phases   ] GC(1236)   Post Evacuate Collection Set: 13.4ms
[2026-01-16T09:25:09.347+0000][gc,phases   ] GC(1236)   Other: 1.5ms
[2026-01-16T09:25:09.348+0000][gc,heap     ] GC(1236) Eden regions: 178->0(249)
[2026-01-16T09:25:09.348+0000][gc,heap     ] GC(1236) Survivor regions: 2->2(23)
[2026-01-16T09:25:09.348+0000][gc,heap     ] GC(1236) Old regions: 177->177
[2026-01-16T09:25:09.349+0000][gc,heap     ] GC(1236) Humongous regions: 167->167
[2026-01-16T09:25:09.349+0000][gc,metaspace] GC(1236) Metaspace: 15926K(16320K)->15926K(16320K) NonClass: 14206K(14336K)->14206K(14336K) Class: 1720K(1984K)->1720K(1984K)
[2026-01-16T09:25:09.349+0000][gc          ] GC(1236) Pause Young (Normal) (G1 Evacuation Pause) 523M->345M(1024M) 127.168ms
[2026-01-16T09:25:09.349+0000][gc,cpu      ] GC(1236) User=0.23s Sys=0.02s Real=0.13s
[2026-01-16T09:25:21.342+0000][gc,start    ] GC(1237) Pause Young (Normal) (G1 Evacuation Pause)
[2026-01-16T09:25:21.342+0000][gc,task     ] GC(1237) Using 8 workers of 8 for evacuation
[2026-01-16T09:25:21.458+0000][gc,phases   ] GC(1237)   Pre Evacuate Collection Set: 8.7ms
[2026-01-16T09:25:21.458+0000][gc,phases   ] GC(1237)   Merge Heap Roots: 1.0ms
[2026-01-16T09:25:21.458+0000][gc,phases   ] GC(1237)   Evacuate Collection Set: 89.7ms
[2026-01-16T09:25:21.459+0000][gc,phases   ] GC(1237)   Post Evacuate Collection Set: 14.2ms
[2026-01-16T09:25:21.460+0000][gc,phases   ] GC(1237)   Other: 1.6ms
[2026-01-16T09:25:21.460+0000][gc,heap     ] GC(1237) Eden regions: 243->0(263)
[2026-01-16T09:25:21.461+0000][gc,heap     ] GC(1237) Survivor regions: 2->3(31)
[2026-01-16T09:25:21.461+0000][gc,heap     ] GC(1237) Old regions: 177->177
[2026-01-16T09:25:21.461+0000][gc,heap     ] GC(1237) Humongous regions: 167->167
[2026-01-16T09:25:21.461+0000][gc,metaspace] GC(1237) Metaspace: 15930K(16384K)->15930K(16384K) NonClass: 14209K(14400K)->14209K(14400K) Class: 1720K(1984K)->1720K(1984K)
[2026-01-16T09:25:21.462+0000][gc          ] GC(1237) Pause Young (Normal) (G1 Evacuation Pause) 588M->345M(1024M) 120.053ms
[2026-01-16T09:25:21.464+0000][gc,cpu      ] GC(1237) User=0.18s Sys=0.01s Real=0.12s
[2026-01-16T09:25:33.203+0000][gc,start    ] GC(1238) Pause Young (Normal) (G1 Evacuation Pause)
[2026-01-16T09:25:33.206+0000][gc,task     ] GC(1238) Using 8 workers of 8 for evacuation
[2026-01-16T09:25:33.297+0000][gc,phases   ] GC(1238)   Pre Evacuate Collection Set: 8.6ms
[2026-01-16T09:25:33.298+0000][gc,phases   ] GC(1238)   Merge Heap Roots: 8.0ms
[2026-01-16T09:25:33.298+0000][gc,phases   ] GC(1238)   Evacuate Collection Set: 68.1ms
[2026-01-16T09:25:33.298+0000][gc,phases   ] GC(1238)   Post Evacuate Collection Set: 4.5ms
[2026-01-16T09:25:33.300+0000][gc,phases   ] GC(1238)   Other: 2.0ms
[2026-01-16T09:25:33.300+0000][gc,heap     ] GC(1238) Eden regions: 257->0(294)
[2026-01-16T09:25:33.301+0000][gc,heap     ] GC(1238) Survivor regions: 3->4(33)
[2026-01-16T09:25:33.301+0000][gc,heap     ] GC(1238) Old regions: 177->177
[2026-01-16T09:25:33.302+0000][gc,heap     ] GC(1238) Humongous regions: 167->167
[2026-01-16T09:25:33.304+0000][gc,metaspace] GC(1238) Metaspace: 15931K(16384K)->15931K(16384K) NonClass: 14210K(14400K)->14210K(14400K) Class: 1720K(1984K)->1720K(1984K)
[2026-01-16T09:25:33.307+0000][gc          ] GC(1238) Pause Young (Normal) (G1 Evacuation Pause) 602M->346M(1024M) 103.236ms
[2026-01-16T09:25:33.307+0000][gc,cpu      ] GC(1238) User=0.22s Sys=0.02s Real=0.10s
[2026-01-16T09:25:57.597+0000][gc,start    ] GC(1239) Pause Young (Normal) (G1 Evacuation Pause)
[2026-01-16T09:25:57.598+0000][gc,task     ] GC(1239) Using 8 workers of 8 for evacuation
[2026-01-16T09:25:58.526+0000][gc,mmu      ] GC(1239) MMU target violated: 201.0ms (200.0ms/201.0ms)
[2026-01-16T09:25:58.528+0000][gc,phases   ] GC(1239)   Pre Evacuate Collection Set: 202.2ms
[2026-01-16T09:25:58.528+0000][gc,phases   ] GC(1239)   Merge Heap Roots: 11.5ms
[2026-01-16T09:25:58.528+0000][gc,phases   ] GC(1239)   Evacuate Collection Set: 605.0ms
[2026-01-16T09:25:58.528+0000][gc,phases   ] GC(1239)   Post Evacuate Collection Set: 85.1ms
[2026-01-16T09:25:58.528+0000][gc,phases   ] GC(1239)   Other: 26.1ms
[2026-01-16T09:25:58.530+0000][gc,heap     ] GC(1239) Eden regions: 286->0(47)
[2026-01-16T09:25:58.538+0000][gc,heap     ] GC(1239) Survivor regions: 4->4(37)
[2026-01-16T09:25:58.541+0000][gc,heap     ] GC(1239) Old regions: 177->177
[2026-01-16T09:25:58.543+0000][gc,heap     ] GC(1239) Humongous regions: 167->167
[2026-01-16T09:25:58.544+0000][gc,metaspace] GC(1239) Metaspace: 15931K(16384K)->15931K(16384K) NonClass: 14210K(14400K)->14210K(14400K) Class: 1720K(1984K)->1720K(1984K)
[2026-01-16T09:25:58.544+0000][gc          ] GC(1239) Pause Young (Normal) (G1 Evacuation Pause) 632M->346M(1024M) 947.008ms
[2026-01-16T09:25:58.544+0000][gc,cpu      ] GC(1239) User=0.60s Sys=0.06s Real=0.94s
[2026-01-16T09:26:03.060+0000][gc,start    ] GC(1240) Pause Young (Normal) (G1 Evacuation Pause)
[2026-01-16T09:26:03.060+0000][gc,task     ] GC(1240) Using 8 workers of 8 for evacuation
[2026-01-16T09:26:03.580+0000][gc,mmu      ] GC(1240) MMU target violated: 201.0ms (200.0ms/201.0ms)
[2026-01-16T09:26:03.582+0000][gc,phases   ] GC(1240)   Pre Evacuate Collection Set: 22.7ms
[2026-01-16T09:26:03.582+0000][gc,phases   ] GC(1240)   Merge Heap Roots: 17.3ms
[2026-01-16T09:26:03.582+0000][gc,phases   ] GC(1240)   Evacuate Collection Set: 468.1ms
[2026-01-16T09:26:03.582+0000][gc,phases   ] GC(1240)   Post Evacuate Collection Set: 7.3ms
[2026-01-16T09:26:03.583+0000][gc,phases   ] GC(1240)   Other: 6.2ms
[2026-01-16T09:26:03.583+0000][gc,heap     ] GC(1240) Eden regions: 47->0(47)
[2026-01-16T09:26:03.583+0000][gc,heap     ] GC(1240) Survivor regions: 4->4(7)
[2026-01-16T09:26:03.584+0000][gc,heap     ] GC(1240) Old regions: 177->177
[2026-01-16T09:26:03.584+0000][gc,heap     ] GC(1240) Humongous regions: 167->167
[2026-01-16T09:26:03.584+0000][gc,metaspace] GC(1240) Metaspace: 15931K(16384K)->15931K(16384K) NonClass: 14210K(14400K)->14210K(14400K) Class: 1720K(1984K)->1720K(1984K)
[2026-01-16T09:26:03.586+0000][gc          ] GC(1240) Pause Young (Normal) (G1 Evacuation Pause) 393M->346M(1024M) 524.994ms
[2026-01-16T09:26:03.600+0000][gc,cpu      ] GC(1240) User=0.31s Sys=0.01s Real=0.55s
[2026-01-16T09:26:05.723+0000][gc,start    ] GC(1241) Pause Young (Normal) (G1 Evacuation Pause)
[2026-01-16T09:26:05.821+0000][gc,task     ] GC(1241) Using 8 workers of 8 for evacuation
[2026-01-16T09:26:06.477+0000][gc,mmu      ] GC(1241) MMU target violated: 201.0ms (200.0ms/201.0ms)
[2026-01-16T09:26:06.478+0000][gc,phases   ] GC(1241)   Pre Evacuate Collection Set: 84.7ms
[2026-01-16T09:26:06.479+0000][gc,phases   ] GC(1241)   Merge Heap Roots: 15.6ms
[2026-01-16T09:26:06.479+0000][gc,phases   ] GC(1241)   Evacuate Collection Set: 540.9ms
[2026-01-16T09:26:06.479+0000][gc,phases   ] GC(1241)   Post Evacuate Collection Set: 14.6ms
[2026-01-16T09:26:06.480+0000][gc,phases   ] GC(1241)   Other: 3.1ms
[2026-01-16T09:26:06.480+0000][gc,heap     ] GC(1241) Eden regions: 47->0(46)
[2026-01-16T09:26:06.480+0000][gc,heap     ] GC(1241) Survivor regions: 4->5(7)
[2026-01-16T09:26:06.480+0000][gc,heap     ] GC(1241) Old regions: 177->177
[2026-01-16T09:26:06.481+0000][gc,heap     ] GC(1241) Humongous regions: 167->167
[2026-01-16T09:26:06.481+0000][gc,metaspace] GC(1241) Metaspace: 15932K(16384K)->15932K(16384K) NonClass: 14212K(14400K)->14212K(14400K) Class: 1720K(1984K)->1720K(1984K)
[2026-01-16T09:26:06.481+0000][gc          ] GC(1241) Pause Young (Normal) (G1 Evacuation Pause) 393M->347M(1024M) 758.515ms
[2026-01-16T09:26:06.482+0000][gc,cpu      ] GC(1241) User=0.31s Sys=0.03s Real=0.76s
[2026-01-16T09:26:08.612+0000][gc,start    ] GC(1242) Pause Young (Normal) (G1 Evacuation Pause)
[2026-01-16T09:26:08.613+0000][gc,task     ] GC(1242) Using 8 workers of 8 for evacuation
[2026-01-16T09:26:09.056+0000][gc,mmu      ] GC(1242) MMU target violated: 201.0ms (200.0ms/201.0ms)
[2026-01-16T09:26:09.058+0000][gc,phases   ] GC(1242)   Pre Evacuate Collection Set: 40.4ms
[2026-01-16T09:26:09.066+0000][gc,phases   ] GC(1242)   Merge Heap Roots: 1.4ms
[2026-01-16T09:26:09.066+0000][gc,phases   ] GC(1242)   Evacuate Collection Set: 344.0ms
[2026-01-16T09:26:09.066+0000][gc,phases   ] GC(1242)   Post Evacuate Collection Set: 48.6ms
[2026-01-16T09:26:09.066+0000][gc,phases   ] GC(1242)   Other: 10.9ms
[2026-01-16T09:26:09.067+0000][gc,heap     ] GC(1242) Eden regions: 46->0(46)
[2026-01-16T09:26:09.067+0000][gc,heap     ] GC(1242) Survivor regions: 5->5(7)
[2026-01-16T09:26:09.067+0000][gc,heap     ] GC(1242) Old regions: 177->177
[2026-01-16T09:26:09.071+0000][gc,heap     ] GC(1242) Humongous regions: 167->167
[2026-01-16T09:26:09.071+0000][gc,metaspace] GC(1242) Metaspace: 15932K(16384K)->15932K(16384K) NonClass: 14212K(14400K)->14212K(14400K) Class: 1720K(1984K)->1720K(1984K)
[2026-01-16T09:26:09.072+0000][gc          ] GC(1242) Pause Young (Normal) (G1 Evacuation Pause) 393M->348M(1024M) 459.873ms
[2026-01-16T09:26:09.086+0000][gc,cpu      ] GC(1242) User=0.28s Sys=0.04s Real=0.47s
[2026-01-16T09:26:10.188+0000][gc,start    ] GC(1243) Pause Young (Normal) (G1 Evacuation Pause)
[2026-01-16T09:26:10.191+0000][gc,task     ] GC(1243) Using 8 workers of 8 for evacuation
[2026-01-16T09:26:10.570+0000][gc,mmu      ] GC(1243) MMU target violated: 201.0ms (200.0ms/201.0ms)
[2026-01-16T09:26:10.572+0000][gc,phases   ] GC(1243)   Pre Evacuate Collection Set: 16.4ms
[2026-01-16T09:26:10.573+0000][gc,phases   ] GC(1243)   Merge Heap Roots: 1.4ms
[2026-01-16T09:26:10.574+0000][gc,phases   ] GC(1243)   Evacuate Collection Set: 312.6ms
[2026-01-16T09:26:10.574+0000][gc,phases   ] GC(1243)   Post Evacuate Collection Set: 48.2ms
[2026-01-16T09:26:10.578+0000][gc,phases   ] GC(1243)   Other: 2.8ms
[2026-01-16T09:26:10.581+0000][gc,heap     ] GC(1243) Eden regions: 46->0(48)
[2026-01-16T09:26:10.583+0000][gc,heap     ] GC(1243) Survivor regions: 5->3(7)
[2026-01-16T09:26:10.583+0000][gc,heap     ] GC(1243) Old regions: 177->179
[2026-01-16T09:26:10.585+0000][gc,heap     ] GC(1243) Humongous regions: 167->167
[2026-01-16T09:26:10.586+0000][gc,metaspace] GC(1243) Metaspace: 15932K(16384K)->15932K(16384K) NonClass: 14212K(14400K)->14212K(14400K) Class: 1720K(1984K)->1720K(1984K)
[2026-01-16T09:26:10.589+0000][gc          ] GC(1243) Pause Young (Normal) (G1 Evacuation Pause) 394M->348M(1024M) 400.319ms
[2026-01-16T09:26:10.589+0000][gc,cpu      ] GC(1243) User=0.22s Sys=0.02s Real=0.40s
[2026-01-16T09:26:11.214+0000][gc,start    ] GC(1244) Pause Young (Normal) (G1 Evacuation Pause)
[2026-01-16T09:26:11.217+0000][gc,task     ] GC(1244) Using 8 workers of 8 for evacuation
[2026-01-16T09:26:11.446+0000][gc,mmu      ] GC(1244) MMU target violated: 201.0ms (200.0ms/201.0ms)
[2026-01-16T09:26:11.448+0000][gc,phases   ] GC(1244)   Pre Evacuate Collection Set: 4.5ms
[2026-01-16T09:26:11.448+0000][gc,phases   ] GC(1244)   Merge Heap Roots: 6.5ms
[2026-01-16T09:26:11.450+0000][gc,phases   ] GC(1244)   Evacuate Collection Set: 211.1ms
[2026-01-16T09:26:11.450+0000][gc,phases   ] GC(1244)   Post Evacuate Collection Set: 5.3ms
[2026-01-16T09:26:11.450+0000][gc,phases   ] GC(1244)   Other: 3.4ms
[2026-01-16T09:26:11.450+0000][gc,heap     ] GC(1244) Eden regions: 48->0(47)
[2026-01-16T09:26:11.450+0000][gc,heap     ] GC(1244) Survivor regions: 3->4(7)
[2026-01-16T09:26:11.451+0000][gc,heap     ] GC(1244) Old regions: 179->179
[2026-01-16T09:26:11.451+0000][gc,heap     ] GC(1244) Humongous regions: 167->167
[2026-01-16T09:26:11.451+0000][gc,metaspace] GC(1244) Metaspace: 15932K(16384K)->15932K(16384K) NonClass: 14212K(14400K)->14212K(14400K) Class: 1720K(1984K)->1720K(1984K)
[2026-01-16T09:26:11.452+0000][gc          ] GC(1244) Pause Young (Normal) (G1 Evacuation Pause) 396M->349M(1024M) 237.291ms
[2026-01-16T09:26:11.452+0000][gc,cpu      ] GC(1244) User=0.10s Sys=0.01s Real=0.24s
[2026-01-16T09:26:13.186+0000][gc,start    ] GC(1245) Pause Young (Normal) (G1 Evacuation Pause)
[2026-01-16T09:26:13.188+0000][gc,task     ] GC(1245) Using 8 workers of 8 for evacuation
[2026-01-16T09:26:13.347+0000][gc,phases   ] GC(1245)   Pre Evacuate Collection Set: 39.2ms
[2026-01-16T09:26:13.347+0000][gc,phases   ] GC(1245)   Merge Heap Roots: 10.0ms
[2026-01-16T09:26:13.350+0000][gc,phases   ] GC(1245)   Evacuate Collection Set: 101.9ms
[2026-01-16T09:26:13.350+0000][gc,phases   ] GC(1245)   Post Evacuate Collection Set: 4.5ms
[2026-01-16T09:26:13.350+0000][gc,phases   ] GC(1245)   Other: 2.9ms
[2026-01-16T09:26:13.350+0000][gc,heap     ] GC(1245) Eden regions: 47->0(46)
[2026-01-16T09:26:13.350+0000][gc,heap     ] GC(1245) Survivor regions: 4->5(7)
[2026-01-16T09:26:13.350+0000][gc,heap     ] GC(1245) Old regions: 179->179
[2026-01-16T09:26:13.350+0000][gc,heap     ] GC(1245) Humongous regions: 167->167
[2026-01-16T09:26:13.350+0000][gc,metaspace] GC(1245) Metaspace: 15933K(16384K)->15933K(16384K) NonClass: 14212K(14400K)->14212K(14400K) Class: 1720K(1984K)->1720K(1984K)
[2026-01-16T09:26:13.350+0000][gc          ] GC(1245) Pause Young (Normal) (G1 Evacuation Pause) 396M->349M(1024M) 163.992ms
[2026-01-16T09:26:13.355+0000][gc,cpu      ] GC(1245) User=0.16s Sys=0.01s Real=0.17s
[2026-01-16T09:26:14.530+0000][gc,start    ] GC(1246) Pause Young (Normal) (G1 Evacuation Pause)
[2026-01-16T09:26:14.534+0000][gc,task     ] GC(1246) Using 8 workers of 8 for evacuation
[2026-01-16T09:26:14.805+0000][gc,mmu      ] GC(1246) MMU target violated: 201.0ms (200.0ms/201.0ms)
[2026-01-16T09:26:14.806+0000][gc,phases   ] GC(1246)   Pre Evacuate Collection Set: 1.6ms
[2026-01-16T09:26:14.806+0000][gc,phases   ] GC(1246)   Merge Heap Roots: 0.5ms
[2026-01-16T09:26:14.806+0000][gc,phases   ] GC(1246)   Evacuate Collection Set: 262.4ms
[2026-01-16T09:26:14.806+0000][gc,phases   ] GC(1246)   Post Evacuate Collection Set: 3.1ms
[2026-01-16T09:26:14.806+0000][gc,phases   ] GC(1246)   Other: 3.7ms
[2026-01-16T09:26:14.807+0000][gc,heap     ] GC(1246) Eden regions: 46->0(46)
[2026-01-16T09:26:14.807+0000][gc,heap     ] GC(1246) Survivor regions: 5->5(7)
[2026-01-16T09:26:14.807+0000][gc,heap     ] GC(1246) Old regions: 179->180
[2026-01-16T09:26:14.807+0000][gc,heap     ] GC(1246) Humongous regions: 167->167
[2026-01-16T09:26:14.807+0000][gc,metaspace] GC(1246) Metaspace: 15937K(16384K)->15937K(16384K) NonClass: 14214K(14400K)->14214K(14400K) Class: 1723K(1984K)->1723K(1984K)
[2026-01-16T09:26:14.808+0000][gc          ] GC(1246) Pause Young (Normal) (G1 Evacuation Pause) 395M->350M(1024M) 277.653ms
[2026-01-16T09:26:14.808+0000][gc,cpu      ] GC(1246) User=0.17s Sys=0.00s Real=0.28s
[2026-01-16T09:26:16.260+0000][gc,start    ] GC(1247) Pause Young (Normal) (G1 Evacuation Pause)
[2026-01-16T09:26:16.267+0000][gc,task     ] GC(1247) Using 8 workers of 8 for evacuation
[2026-01-16T09:26:16.585+0000][gc,mmu      ] GC(1247) MMU target violated: 201.0ms (200.0ms/201.0ms)
[2026-01-16T09:26:16.589+0000][gc,phases   ] GC(1247)   Pre Evacuate Collection Set: 37.8ms
[2026-01-16T09:26:16.590+0000][gc,phases   ] GC(1247)   Merge Heap Roots: 2.3ms
[2026-01-16T09:26:16.590+0000][gc,phases   ] GC(1247)   Evacuate Collection Set: 264.1ms
[2026-01-16T09:26:16.590+0000][gc,phases   ] GC(1247)   Post Evacuate Collection Set: 10.0ms
[2026-01-16T09:26:16.591+0000][gc,phases   ] GC(1247)   Other: 8.0ms
[2026-01-16T09:26:16.591+0000][gc,heap     ] GC(1247) Eden regions: 46->0(46)
[2026-01-16T09:26:16.591+0000][gc,heap     ] GC(1247) Survivor regions: 5->5(7)
[2026-01-16T09:26:16.591+0000][gc,heap     ] GC(1247) Old regions: 180->181
[2026-01-16T09:26:16.592+0000][gc,heap     ] GC(1247) Humongous regions: 167->167
[2026-01-16T09:26:16.592+0000][gc,metaspace] GC(1247) Metaspace: 15940K(16384K)->15940K(16384K) NonClass: 14217K(14400K)->14217K(14400K) Class: 1723K(1984K)->1723K(1984K)
[2026-01-16T09:26:16.593+0000][gc          ] GC(1247) Pause Young (Normal) (G1 Evacuation Pause) 396M->351M(1024M) 332.375ms
[2026-01-16T09:26:16.603+0000][gc,cpu      ] GC(1247) User=0.17s Sys=0.01s Real=0.35s
[2026-01-16T09:26:19.462+0000][gc,start    ] GC(1248) Pause Young (Normal) (G1 Evacuation Pause)
[2026-01-16T09:26:19.463+0000][gc,task     ] GC(1248) Using 8 workers of 8 for evacuation
[2026-01-16T09:26:19.824+0000][gc,mmu      ] GC(1248) MMU target violated: 201.0ms (200.0ms/201.0ms)
[2026-01-16T09:26:19.824+0000][gc,phases   ] GC(1248)   Pre Evacuate Collection Set: 57.1ms
[2026-01-16T09:26:19.825+0000][gc,phases   ] GC(1248)   Merge Heap Roots: 10.6ms
[2026-01-16T09:26:19.825+0000][gc,phases   ] GC(1248)   Evacuate Collection Set: 285.0ms
[2026-01-16T09:26:19.825+0000][gc,phases   ] GC(1248)   Post Evacuate Collection Set: 4.8ms
[2026-01-16T09:26:19.825+0000][gc,phases   ] GC(1248)   Other: 3.7ms
[2026-01-16T09:26:19.826+0000][gc,heap     ] GC(1248) Eden regions: 46->0(46)
[2026-01-16T09:26:19.826+0000][gc,heap     ] GC(1248) Survivor regions: 5->5(7)
[2026-01-16T09:26:19.826+0000][gc,heap     ] GC(1248) Old regions: 181->181
[2026-01-16T09:26:19.828+0000][gc,heap     ] GC(1248) Humongous regions: 167->167
[2026-01-16T09:26:19.828+0000][gc,metaspace] GC(1248) Metaspace: 15941K(16384K)->15941K(16384K) NonClass: 14217K(14400K)->14217K(14400K) Class: 1723K(1984K)->1723K(1984K)
[2026-01-16T09:26:19.829+0000][gc          ] GC(1248) Pause Young (Normal) (G1 Evacuation Pause) 397M->352M(1024M) 367.154ms
[2026-01-16T09:26:19.830+0000][gc,cpu      ] GC(1248) User=0.27s Sys=0.01s Real=0.36s
[2026-01-16T09:26:21.573+0000][gc,start    ] GC(1249) Pause Young (Normal) (G1 Evacuation Pause)
[2026-01-16T09:26:21.592+0000][gc,task     ] GC(1249) Using 8 workers of 8 for evacuation
[2026-01-16T09:26:21.967+0000][gc,mmu      ] GC(1249) MMU target violated: 201.0ms (200.0ms/201.0ms)
[2026-01-16T09:26:21.969+0000][gc,phases   ] GC(1249)   Pre Evacuate Collection Set: 27.7ms
[2026-01-16T09:26:21.975+0000][gc,phases   ] GC(1249)   Merge Heap Roots: 15.9ms
[2026-01-16T09:26:21.976+0000][gc,phases   ] GC(1249)   Evacuate Collection Set: 311.4ms
[2026-01-16T09:26:21.976+0000][gc,phases   ] GC(1249)   Post Evacuate Collection Set: 15.2ms
[2026-01-16T09:26:21.993+0000][gc,phases   ] GC(1249)   Other: 7.0ms
[2026-01-16T09:26:21.995+0000][gc,heap     ] GC(1249) Eden regions: 46->0(46)
[2026-01-16T09:26:21.995+0000][gc,heap     ] GC(1249) Survivor regions: 5->5(7)
[2026-01-16T09:26:21.995+0000][gc,heap     ] GC(1249) Old regions: 181->182
[2026-01-16T09:26:21.995+0000][gc,heap     ] GC(1249) Humongous regions: 167->167
[2026-01-16T09:26:21.995+0000][gc,metaspace] GC(1249) Metaspace: 15941K(16384K)->15941K(16384K) NonClass: 14217K(14400K)->14217K(14400K) Class: 1723K(1984K)->1723K(1984K)
[2026-01-16T09:26:21.996+0000][gc          ] GC(1249) Pause Young (Normal) (G1 Evacuation Pause) 398M->353M(1024M) 422.833ms
[2026-01-16T09:26:21.996+0000][gc,cpu      ] GC(1249) User=0.24s Sys=0.01s Real=0.42s
[2026-01-16T09:26:23.754+0000][gc,start    ] GC(1250) Pause Young (Normal) (G1 Evacuation Pause)
[2026-01-16T09:26:23.755+0000][gc,task     ] GC(1250) Using 8 workers of 8 for evacuation
[2026-01-16T09:26:24.009+0000][gc,mmu      ] GC(1250) MMU target violated: 201.0ms (200.0ms/201.0ms)
[2026-01-16T09:26:24.009+0000][gc,phases   ] GC(1250)   Pre Evacuate Collection Set: 37.3ms
[2026-01-16T09:26:24.009+0000][gc,phases   ] GC(1250)   Merge Heap Roots: 4.6ms
[2026-01-16T09:26:24.009+0000][gc,phases   ] GC(1250)   Evacuate Collection Set: 206.2ms
[2026-01-16T09:26:24.009+0000][gc,phases   ] GC(1250)   Post Evacuate Collection Set: 4.7ms
[2026-01-16T09:26:24.009+0000][gc,phases   ] GC(1250)   Other: 1.3ms
[2026-01-16T09:26:24.009+0000][gc,heap     ] GC(1250) Eden regions: 46->0(46)
[2026-01-16T09:26:24.009+0000][gc,heap     ] GC(1250) Survivor regions: 5->5(7)
[2026-01-16T09:26:24.010+0000][gc,heap     ] GC(1250) Old regions: 182->183
[2026-01-16T09:26:24.010+0000][gc,heap     ] GC(1250) Humongous regions: 167->167
[2026-01-16T09:26:24.010+0000][gc,metaspace] GC(1250) Metaspace: 15941K(16384K)->15941K(16384K) NonClass: 14217K(14400K)->14217K(14400K) Class: 1723K(1984K)->1723K(1984K)
[2026-01-16T09:26:24.010+0000][gc          ] GC(1250) Pause Young (Normal) (G1 Evacuation Pause) 399M->353M(1024M) 255.716ms
[2026-01-16T09:26:24.011+0000][gc,cpu      ] GC(1250) User=0.19s Sys=0.01s Real=0.25s
[2026-01-16T09:26:25.321+0000][gc,start    ] GC(1251) Pause Young (Normal) (G1 Evacuation Pause)
[2026-01-16T09:26:25.325+0000][gc,task     ] GC(1251) Using 8 workers of 8 for evacuation
[2026-01-16T09:26:26.102+0000][gc,mmu      ] GC(1251) MMU target violated: 201.0ms (200.0ms/201.0ms)
[2026-01-16T09:26:26.104+0000][gc,phases   ] GC(1251)   Pre Evacuate Collection Set: 14.0ms
[2026-01-16T09:26:26.104+0000][gc,phases   ] GC(1251)   Merge Heap Roots: 0.3ms
[2026-01-16T09:26:26.104+0000][gc,phases   ] GC(1251)   Evacuate Collection Set: 744.8ms
[2026-01-16T09:26:26.106+0000][gc,phases   ] GC(1251)   Post Evacuate Collection Set: 13.4ms
[2026-01-16T09:26:26.106+0000][gc,phases   ] GC(1251)   Other: 5.8ms
[2026-01-16T09:26:26.108+0000][gc,heap     ] GC(1251) Eden regions: 46->0(46)
[2026-01-16T09:26:26.108+0000][gc,heap     ] GC(1251) Survivor regions: 5->5(7)
[2026-01-16T09:26:26.109+0000][gc,heap     ] GC(1251) Old regions: 183->183
[2026-01-16T09:26:26.109+0000][gc,heap     ] GC(1251) Humongous regions: 167->167
[2026-01-16T09:26:26.110+0000][gc,metaspace] GC(1251) Metaspace: 15941K(16384K)->15941K(16384K) NonClass: 14217K(14400K)->14217K(14400K) Class: 1723K(1984K)->1723K(1984K)
[2026-01-16T09:26:26.111+0000][gc          ] GC(1251) Pause Young (Normal) (G1 Evacuation Pause) 399M->354M(1024M) 790.054ms
[2026-01-16T09:26:26.111+0000][gc,cpu      ] GC(1251) User=0.21s Sys=0.02s Real=0.80s
[2026-01-16T09:26:28.351+0000][gc,start    ] GC(1252) Pause Young (Normal) (G1 Evacuation Pause)
[2026-01-16T09:26:28.355+0000][gc,task     ] GC(1252) Using 8 workers of 8 for evacuation
[2026-01-16T09:26:29.740+0000][gc,mmu      ] GC(1252) MMU target violated: 201.0ms (200.0ms/201.0ms)
[2026-01-16T09:26:29.743+0000][gc,phases   ] GC(1252)   Pre Evacuate Collection Set: 77.5ms
[2026-01-16T09:26:29.749+0000][gc,phases   ] GC(1252)   Merge Heap Roots: 6.0ms
[2026-01-16T09:26:29.756+0000][gc,phases   ] GC(1252)   Evacuate Collection Set: 1226.2ms
[2026-01-16T09:26:29.756+0000][gc,phases   ] GC(1252)   Post Evacuate Collection Set: 70.7ms
[2026-01-16T09:26:29.759+0000][gc,phases   ] GC(1252)   Other: 8.9ms
[2026-01-16T09:26:29.762+0000][gc,heap     ] GC(1252) Eden regions: 46->0(46)
[2026-01-16T09:26:29.762+0000][gc,heap     ] GC(1252) Survivor regions: 5->5(7)
[2026-01-16T09:26:29.763+0000][gc,heap     ] GC(1252) Old regions: 183->184
[2026-01-16T09:26:29.764+0000][gc,heap     ] GC(1252) Humongous regions: 167->167
[2026-01-16T09:26:29.765+0000][gc,metaspace] GC(1252) Metaspace: 15941K(16384K)->15941K(16384K) NonClass: 14217K(14400K)->14217K(14400K) Class: 1723K(1984K)->1723K(1984K)
[2026-01-16T09:26:29.770+0000][gc          ] GC(1252) Pause Young (Normal) (G1 Evacuation Pause) 400M->355M(1024M) 1416.525ms
[2026-01-16T09:26:29.773+0000][gc,cpu      ] GC(1252) User=0.58s Sys=0.06s Real=1.43s
[2026-01-16T09:26:34.558+0000][gc,start    ] GC(1253) Pause Young (Normal) (G1 Evacuation Pause)
[2026-01-16T09:26:34.595+0000][gc,task     ] GC(1253) Using 8 workers of 8 for evacuation
[2026-01-16T09:26:35.434+0000][gc,mmu      ] GC(1253) MMU target violated: 201.0ms (200.0ms/201.0ms)
[2026-01-16T09:26:35.445+0000][gc,phases   ] GC(1253)   Pre Evacuate Collection Set: 124.5ms
[2026-01-16T09:26:35.449+0000][gc,phases   ] GC(1253)   Merge Heap Roots: 13.3ms
[2026-01-16T09:26:35.452+0000][gc,phases   ] GC(1253)   Evacuate Collection Set: 641.6ms
[2026-01-16T09:26:35.457+0000][gc,phases   ] GC(1253)   Post Evacuate Collection Set: 57.6ms
[2026-01-16T09:26:35.457+0000][gc,phases   ] GC(1253)   Other: 14.8ms
[2026-01-16T09:26:35.458+0000][gc,heap     ] GC(1253) Eden regions: 46->0(46)
[2026-01-16T09:26:35.458+0000][gc,heap     ] GC(1253) Survivor regions: 5->5(7)
[2026-01-16T09:26:35.462+0000][gc,heap     ] GC(1253) Old regions: 184->185
[2026-01-16T09:26:35.470+0000][gc,heap     ] GC(1253) Humongous regions: 167->167
[2026-01-16T09:26:35.470+0000][gc,metaspace] GC(1253) Metaspace: 15941K(16384K)->15941K(16384K) NonClass: 14217K(14400K)->14217K(14400K) Class: 1723K(1984K)->1723K(1984K)
[2026-01-16T09:26:35.476+0000][gc          ] GC(1253) Pause Young (Normal) (G1 Evacuation Pause) 401M->355M(1024M) 922.216ms
[2026-01-16T09:26:35.479+0000][gc,cpu      ] GC(1253) User=0.56s Sys=0.04s Real=0.93s
[2026-01-16T09:26:37.636+0000][gc,start    ] GC(1254) Pause Young (Normal) (G1 Evacuation Pause)
[2026-01-16T09:26:37.647+0000][gc,task     ] GC(1254) Using 8 workers of 8 for evacuation
[2026-01-16T09:26:38.380+0000][gc,mmu      ] GC(1254) MMU target violated: 201.0ms (200.0ms/201.0ms)
[2026-01-16T09:26:38.381+0000][gc,phases   ] GC(1254)   Pre Evacuate Collection Set: 99.3ms
[2026-01-16T09:26:38.381+0000][gc,phases   ] GC(1254)   Merge Heap Roots: 0.7ms
[2026-01-16T09:26:38.381+0000][gc,phases   ] GC(1254)   Evacuate Collection Set: 605.6ms
[2026-01-16T09:26:38.382+0000][gc,phases   ] GC(1254)   Post Evacuate Collection Set: 22.1ms
[2026-01-16T09:26:38.382+0000][gc,phases   ] GC(1254)   Other: 10.1ms
[2026-01-16T09:26:38.382+0000][gc,heap     ] GC(1254) Eden regions: 46->0(49)
[2026-01-16T09:26:38.382+0000][gc,heap     ] GC(1254) Survivor regions: 5->2(7)
[2026-01-16T09:26:38.382+0000][gc,heap     ] GC(1254) Old regions: 185->186
[2026-01-16T09:26:38.383+0000][gc,heap     ] GC(1254) Humongous regions: 167->167
[2026-01-16T09:26:38.383+0000][gc,metaspace] GC(1254) Metaspace: 15941K(16384K)->15941K(16384K) NonClass: 14217K(14400K)->14217K(14400K) Class: 1723K(1984K)->1723K(1984K)
[2026-01-16T09:26:38.383+0000][gc          ] GC(1254) Pause Young (Normal) (G1 Evacuation Pause) 401M->353M(1024M) 747.535ms
[2026-01-16T09:26:38.384+0000][gc,cpu      ] GC(1254) User=0.28s Sys=0.04s Real=0.75s
[2026-01-16T09:26:43.169+0000][gc,start    ] GC(1255) Pause Young (Normal) (G1 Evacuation Pause)
[2026-01-16T09:26:43.181+0000][gc,task     ] GC(1255) Using 8 workers of 8 for evacuation
[2026-01-16T09:26:43.847+0000][gc,mmu      ] GC(1255) MMU target violated: 201.0ms (200.0ms/201.0ms)
[2026-01-16T09:26:43.849+0000][gc,phases   ] GC(1255)   Pre Evacuate Collection Set: 104.5ms
[2026-01-16T09:26:43.852+0000][gc,phases   ] GC(1255)   Merge Heap Roots: 14.7ms
[2026-01-16T09:26:43.852+0000][gc,phases   ] GC(1255)   Evacuate Collection Set: 506.5ms
[2026-01-16T09:26:43.852+0000][gc,phases   ] GC(1255)   Post Evacuate Collection Set: 24.1ms
[2026-01-16T09:26:43.853+0000][gc,phases   ] GC(1255)   Other: 18.9ms
[2026-01-16T09:26:43.853+0000][gc,heap     ] GC(1255) Eden regions: 49->0(48)
[2026-01-16T09:26:43.853+0000][gc,heap     ] GC(1255) Survivor regions: 2->3(7)
[2026-01-16T09:26:43.854+0000][gc,heap     ] GC(1255) Old regions: 186->186
[2026-01-16T09:26:43.854+0000][gc,heap     ] GC(1255) Humongous regions: 167->167
[2026-01-16T09:26:43.854+0000][gc,metaspace] GC(1255) Metaspace: 15941K(16384K)->15941K(16384K) NonClass: 14218K(14400K)->14218K(14400K) Class: 1723K(1984K)->1723K(1984K)
[2026-01-16T09:26:43.855+0000][gc          ] GC(1255) Pause Young (Normal) (G1 Evacuation Pause) 402M->354M(1024M) 686.335ms
[2026-01-16T09:26:43.857+0000][gc,cpu      ] GC(1255) User=0.34s Sys=0.02s Real=0.69s
[2026-01-16T09:26:46.907+0000][gc,start    ] GC(1256) Pause Young (Normal) (G1 Evacuation Pause)
[2026-01-16T09:26:46.915+0000][gc,task     ] GC(1256) Using 8 workers of 8 for evacuation
[2026-01-16T09:26:47.304+0000][gc,mmu      ] GC(1256) MMU target violated: 201.0ms (200.0ms/201.0ms)
[2026-01-16T09:26:47.304+0000][gc,phases   ] GC(1256)   Pre Evacuate Collection Set: 26.4ms
[2026-01-16T09:26:47.306+0000][gc,phases   ] GC(1256)   Merge Heap Roots: 21.8ms
[2026-01-16T09:26:47.307+0000][gc,phases   ] GC(1256)   Evacuate Collection Set: 308.5ms
[2026-01-16T09:26:47.307+0000][gc,phases   ] GC(1256)   Post Evacuate Collection Set: 30.9ms
[2026-01-16T09:26:47.307+0000][gc,phases   ] GC(1256)   Other: 6.6ms
[2026-01-16T09:26:47.308+0000][gc,heap     ] GC(1256) Eden regions: 48->0(47)
[2026-01-16T09:26:47.308+0000][gc,heap     ] GC(1256) Survivor regions: 3->4(7)
[2026-01-16T09:26:47.308+0000][gc,heap     ] GC(1256) Old regions: 186->186
[2026-01-16T09:26:47.309+0000][gc,heap     ] GC(1256) Humongous regions: 167->167
[2026-01-16T09:26:47.309+0000][gc,metaspace] GC(1256) Metaspace: 15941K(16384K)->15941K(16384K) NonClass: 14218K(14400K)->14218K(14400K) Class: 1723K(1984K)->1723K(1984K)
[2026-01-16T09:26:47.309+0000][gc          ] GC(1256) Pause Young (Normal) (G1 Evacuation Pause) 402M->355M(1024M) 402.441ms
[2026-01-16T09:26:47.310+0000][gc,cpu      ] GC(1256) User=0.23s Sys=0.03s Real=0.40s
[2026-01-16T09:26:49.084+0000][gc,start    ] GC(1257) Pause Young (Normal) (G1 Evacuation Pause)
[2026-01-16T09:26:49.088+0000][gc,task     ] GC(1257) Using 8 workers of 8 for evacuation
[2026-01-16T09:26:49.637+0000][gc,mmu      ] GC(1257) MMU target violated: 201.0ms (200.0ms/201.0ms)
[2026-01-16T09:26:49.638+0000][gc,phases   ] GC(1257)   Pre Evacuate Collection Set: 35.8ms
[2026-01-16T09:26:49.641+0000][gc,phases   ] GC(1257)   Merge Heap Roots: 13.5ms
[2026-01-16T09:26:49.642+0000][gc,phases   ] GC(1257)   Evacuate Collection Set: 487.7ms
[2026-01-16T09:26:49.643+0000][gc,phases   ] GC(1257)   Post Evacuate Collection Set: 8.4ms
[2026-01-16T09:26:49.643+0000][gc,phases   ] GC(1257)   Other: 4.9ms
[2026-01-16T09:26:49.644+0000][gc,heap     ] GC(1257) Eden regions: 47->0(46)
[2026-01-16T09:26:49.644+0000][gc,heap     ] GC(1257) Survivor regions: 4->5(7)
[2026-01-16T09:26:49.644+0000][gc,heap     ] GC(1257) Old regions: 186->186
[2026-01-16T09:26:49.644+0000][gc,heap     ] GC(1257) Humongous regions: 167->167
[2026-01-16T09:26:49.645+0000][gc,metaspace] GC(1257) Metaspace: 15941K(16384K)->15941K(16384K) NonClass: 14218K(14400K)->14218K(14400K) Class: 1723K(1984K)->1723K(1984K)
[2026-01-16T09:26:49.646+0000][gc          ] GC(1257) Pause Young (Normal) (G1 Evacuation Pause) 402M->356M(1024M) 561.368ms
[2026-01-16T09:26:49.646+0000][gc,cpu      ] GC(1257) User=0.27s Sys=0.02s Real=0.56s
[2026-01-16T09:26:51.515+0000][gc,start    ] GC(1258) Pause Young (Normal) (G1 Evacuation Pause)
[2026-01-16T09:26:51.518+0000][gc,task     ] GC(1258) Using 8 workers of 8 for evacuation
[2026-01-16T09:26:52.162+0000][gc,mmu      ] GC(1258) MMU target violated: 201.0ms (200.0ms/201.0ms)
[2026-01-16T09:26:52.164+0000][gc,phases   ] GC(1258)   Pre Evacuate Collection Set: 70.0ms
[2026-01-16T09:26:52.165+0000][gc,phases   ] GC(1258)   Merge Heap Roots: 52.9ms
[2026-01-16T09:26:52.167+0000][gc,phases   ] GC(1258)   Evacuate Collection Set: 462.3ms
[2026-01-16T09:26:52.177+0000][gc,phases   ] GC(1258)   Post Evacuate Collection Set: 39.7ms
[2026-01-16T09:26:52.184+0000][gc,phases   ] GC(1258)   Other: 22.2ms
[2026-01-16T09:26:52.184+0000][gc,heap     ] GC(1258) Eden regions: 46->0(46)
[2026-01-16T09:26:52.184+0000][gc,heap     ] GC(1258) Survivor regions: 5->5(7)
[2026-01-16T09:26:52.185+0000][gc,heap     ] GC(1258) Old regions: 186->186
[2026-01-16T09:26:52.185+0000][gc,heap     ] GC(1258) Humongous regions: 167->167
[2026-01-16T09:26:52.185+0000][gc,metaspace] GC(1258) Metaspace: 15942K(16384K)->15942K(16384K) NonClass: 14218K(14400K)->14218K(14400K) Class: 1723K(1984K)->1723K(1984K)
[2026-01-16T09:26:52.186+0000][gc          ] GC(1258) Pause Young (Normal) (G1 Evacuation Pause) 402M->356M(1024M) 670.986ms
[2026-01-16T09:26:52.187+0000][gc,cpu      ] GC(1258) User=0.29s Sys=0.02s Real=0.67s
[2026-01-16T09:26:54.157+0000][gc,start    ] GC(1259) Pause Young (Normal) (G1 Evacuation Pause)
[2026-01-16T09:26:54.167+0000][gc,task     ] GC(1259) Using 8 workers of 8 for evacuation
[2026-01-16T09:26:54.885+0000][gc,mmu      ] GC(1259) MMU target violated: 201.0ms (200.0ms/201.0ms)
[2026-01-16T09:26:54.888+0000][gc,phases   ] GC(1259)   Pre Evacuate Collection Set: 94.3ms
[2026-01-16T09:26:54.888+0000][gc,phases   ] GC(1259)   Merge Heap Roots: 7.8ms
[2026-01-16T09:26:54.890+0000][gc,phases   ] GC(1259)   Evacuate Collection Set: 584.8ms
[2026-01-16T09:26:54.892+0000][gc,phases   ] GC(1259)   Post Evacuate Collection Set: 27.8ms
[2026-01-16T09:26:54.897+0000][gc,phases   ] GC(1259)   Other: 6.4ms
[2026-01-16T09:26:54.902+0000][gc,heap     ] GC(1259) Eden regions: 46->0(46)
[2026-01-16T09:26:54.902+0000][gc,heap     ] GC(1259) Survivor regions: 5->5(7)
[2026-01-16T09:26:54.903+0000][gc,heap     ] GC(1259) Old regions: 186->187
[2026-01-16T09:26:54.903+0000][gc,heap     ] GC(1259) Humongous regions: 167->167
[2026-01-16T09:26:54.903+0000][gc,metaspace] GC(1259) Metaspace: 15942K(16384K)->15942K(16384K) NonClass: 14218K(14400K)->14218K(14400K) Class: 1723K(1984K)->1723K(1984K)
[2026-01-16T09:26:54.909+0000][gc          ] GC(1259) Pause Young (Normal) (G1 Evacuation Pause) 402M->357M(1024M) 751.233ms
[2026-01-16T09:26:54.909+0000][gc,cpu      ] GC(1259) User=0.31s Sys=0.04s Real=0.75s
[2026-01-16T09:26:57.357+0000][gc,start    ] GC(1260) Pause Young (Normal) (G1 Evacuation Pause)
[2026-01-16T09:26:57.372+0000][gc,task     ] GC(1260) Using 8 workers of 8 for evacuation
[2026-01-16T09:26:57.885+0000][gc,mmu      ] GC(1260) MMU target violated: 201.0ms (200.0ms/201.0ms)
[2026-01-16T09:26:57.886+0000][gc,phases   ] GC(1260)   Pre Evacuate Collection Set: 46.9ms
[2026-01-16T09:26:57.886+0000][gc,phases   ] GC(1260)   Merge Heap Roots: 26.5ms
[2026-01-16T09:26:57.887+0000][gc,phases   ] GC(1260)   Evacuate Collection Set: 418.0ms
[2026-01-16T09:26:57.887+0000][gc,phases   ] GC(1260)   Post Evacuate Collection Set: 16.2ms
[2026-01-16T09:26:57.888+0000][gc,phases   ] GC(1260)   Other: 14.5ms
[2026-01-16T09:26:57.888+0000][gc,heap     ] GC(1260) Eden regions: 46->0(47)
[2026-01-16T09:26:57.888+0000][gc,heap     ] GC(1260) Survivor regions: 5->4(7)
[2026-01-16T09:26:57.888+0000][gc,heap     ] GC(1260) Old regions: 187->188
[2026-01-16T09:26:57.888+0000][gc,heap     ] GC(1260) Humongous regions: 167->167
[2026-01-16T09:26:57.889+0000][gc,metaspace] GC(1260) Metaspace: 15942K(16384K)->15942K(16384K) NonClass: 14218K(14400K)->14218K(14400K) Class: 1723K(1984K)->1723K(1984K)
[2026-01-16T09:26:57.889+0000][gc          ] GC(1260) Pause Young (Normal) (G1 Evacuation Pause) 403M->358M(1024M) 531.911ms
[2026-01-16T09:26:57.892+0000][gc,cpu      ] GC(1260) User=0.29s Sys=0.03s Real=0.54s
[2026-01-16T09:26:59.126+0000][gc,start    ] GC(1261) Pause Young (Normal) (G1 Evacuation Pause)
[2026-01-16T09:26:59.129+0000][gc,task     ] GC(1261) Using 8 workers of 8 for evacuation
[2026-01-16T09:26:59.500+0000][gc,mmu      ] GC(1261) MMU target violated: 201.0ms (200.0ms/201.0ms)
[2026-01-16T09:26:59.502+0000][gc,phases   ] GC(1261)   Pre Evacuate Collection Set: 42.6ms
[2026-01-16T09:26:59.503+0000][gc,phases   ] GC(1261)   Merge Heap Roots: 12.0ms
[2026-01-16T09:26:59.504+0000][gc,phases   ] GC(1261)   Evacuate Collection Set: 305.6ms
[2026-01-16T09:26:59.505+0000][gc,phases   ] GC(1261)   Post Evacuate Collection Set: 9.4ms
[2026-01-16T09:26:59.506+0000][gc,phases   ] GC(1261)   Other: 4.3ms
[2026-01-16T09:26:59.509+0000][gc,heap     ] GC(1261) Eden regions: 47->0(46)
[2026-01-16T09:26:59.510+0000][gc,heap     ] GC(1261) Survivor regions: 4->5(7)
[2026-01-16T09:26:59.513+0000][gc,heap     ] GC(1261) Old regions: 188->188
[2026-01-16T09:26:59.515+0000][gc,heap     ] GC(1261) Humongous regions: 167->167
[2026-01-16T09:26:59.517+0000][gc,metaspace] GC(1261) Metaspace: 15942K(16384K)->15942K(16384K) NonClass: 14219K(14400K)->14219K(14400K) Class: 1723K(1984K)->1723K(1984K)
[2026-01-16T09:26:59.518+0000][gc          ] GC(1261) Pause Young (Normal) (G1 Evacuation Pause) 405M->359M(1024M) 391.642ms
[2026-01-16T09:26:59.518+0000][gc,cpu      ] GC(1261) User=0.18s Sys=0.00s Real=0.39s
[2026-01-16T09:27:00.341+0000][gc,start    ] GC(1262) Pause Young (Normal) (G1 Evacuation Pause)
[2026-01-16T09:27:00.341+0000][gc,task     ] GC(1262) Using 8 workers of 8 for evacuation
[2026-01-16T09:27:00.527+0000][gc,phases   ] GC(1262)   Pre Evacuate Collection Set: 0.7ms
[2026-01-16T09:27:00.529+0000][gc,phases   ] GC(1262)   Merge Heap Roots: 0.1ms
[2026-01-16T09:27:00.529+0000][gc,phases   ] GC(1262)   Evacuate Collection Set: 176.1ms
[2026-01-16T09:27:00.531+0000][gc,phases   ] GC(1262)   Post Evacuate Collection Set: 6.2ms
[2026-01-16T09:27:00.532+0000][gc,phases   ] GC(1262)   Other: 2.8ms
[2026-01-16T09:27:00.534+0000][gc,heap     ] GC(1262) Eden regions: 46->0(46)
[2026-01-16T09:27:00.536+0000][gc,heap     ] GC(1262) Survivor regions: 5->5(7)
[2026-01-16T09:27:00.539+0000][gc,heap     ] GC(1262) Old regions: 188->189
[2026-01-16T09:27:00.541+0000][gc,heap     ] GC(1262) Humongous regions: 167->167
[2026-01-16T09:27:00.543+0000][gc,metaspace] GC(1262) Metaspace: 15942K(16384K)->15942K(16384K) NonClass: 14219K(14400K)->14219K(14400K) Class: 1723K(1984K)->1723K(1984K)
[2026-01-16T09:27:00.546+0000][gc          ] GC(1262) Pause Young (Normal) (G1 Evacuation Pause) 405M->359M(1024M) 204.829ms
[2026-01-16T09:27:00.546+0000][gc,cpu      ] GC(1262) User=0.11s Sys=0.01s Real=0.20s
[2026-01-16T09:27:02.222+0000][gc,start    ] GC(1263) Pause Young (Normal) (G1 Evacuation Pause)
[2026-01-16T09:27:02.231+0000][gc,task     ] GC(1263) Using 8 workers of 8 for evacuation
[2026-01-16T09:27:03.329+0000][gc,mmu      ] GC(1263) MMU target violated: 201.0ms (200.0ms/201.0ms)
[2026-01-16T09:27:03.337+0000][gc,phases   ] GC(1263)   Pre Evacuate Collection Set: 26.7ms
[2026-01-16T09:27:03.339+0000][gc,phases   ] GC(1263)   Merge Heap Roots: 7.3ms
[2026-01-16T09:27:03.343+0000][gc,phases   ] GC(1263)   Evacuate Collection Set: 928.5ms
[2026-01-16T09:27:03.345+0000][gc,phases   ] GC(1263)   Post Evacuate Collection Set: 106.0ms
[2026-01-16T09:27:03.345+0000][gc,phases   ] GC(1263)   Other: 37.8ms
[2026-01-16T09:27:03.348+0000][gc,heap     ] GC(1263) Eden regions: 46->0(46)
[2026-01-16T09:27:03.349+0000][gc,heap     ] GC(1263) Survivor regions: 5->5(7)
[2026-01-16T09:27:03.349+0000][gc,heap     ] GC(1263) Old regions: 189->189
[2026-01-16T09:27:03.350+0000][gc,heap     ] GC(1263) Humongous regions: 167->167
[2026-01-16T09:27:03.350+0000][gc,metaspace] GC(1263) Metaspace: 15942K(16384K)->15942K(16384K) NonClass: 14219K(14400K)->14219K(14400K) Class: 1723K(1984K)->1723K(1984K)
[2026-01-16T09:27:03.350+0000][gc          ] GC(1263) Pause Young (Normal) (G1 Evacuation Pause) 405M->360M(1024M) 1128.286ms
[2026-01-16T09:27:03.351+0000][gc,cpu      ] GC(1263) User=0.41s Sys=0.03s Real=1.13s
[2026-01-16T09:27:05.513+0000][gc,start    ] GC(1264) Pause Young (Normal) (G1 Evacuation Pause)
[2026-01-16T09:27:05.516+0000][gc,task     ] GC(1264) Using 8 workers of 8 for evacuation
[2026-01-16T09:27:05.797+0000][gc,mmu      ] GC(1264) MMU target violated: 201.0ms (200.0ms/201.0ms)
[2026-01-16T09:27:05.797+0000][gc,phases   ] GC(1264)   Pre Evacuate Collection Set: 30.6ms
[2026-01-16T09:27:05.798+0000][gc,phases   ] GC(1264)   Merge Heap Roots: 1.0ms
[2026-01-16T09:27:05.798+0000][gc,phases   ] GC(1264)   Evacuate Collection Set: 197.1ms
[2026-01-16T09:27:05.798+0000][gc,phases   ] GC(1264)   Post Evacuate Collection Set: 48.9ms
[2026-01-16T09:27:05.798+0000][gc,phases   ] GC(1264)   Other: 4.3ms
[2026-01-16T09:27:05.798+0000][gc,heap     ] GC(1264) Eden regions: 46->0(46)
[2026-01-16T09:27:05.798+0000][gc,heap     ] GC(1264) Survivor regions: 5->5(7)
[2026-01-16T09:27:05.799+0000][gc,heap     ] GC(1264) Old regions: 189->190
[2026-01-16T09:27:05.799+0000][gc,heap     ] GC(1264) Humongous regions: 167->167
[2026-01-16T09:27:05.799+0000][gc,metaspace] GC(1264) Metaspace: 15942K(16384K)->15942K(16384K) NonClass: 14219K(14400K)->14219K(14400K) Class: 1723K(1984K)->1723K(1984K)
[2026-01-16T09:27:05.800+0000][gc          ] GC(1264) Pause Young (Normal) (G1 Evacuation Pause) 406M->361M(1024M) 286.849ms
[2026-01-16T09:27:05.800+0000][gc,cpu      ] GC(1264) User=0.29s Sys=0.03s Real=0.28s
[2026-01-16T09:27:06.844+0000][gc,start    ] GC(1265) Pause Young (Normal) (G1 Evacuation Pause)
[2026-01-16T09:27:06.845+0000][gc,task     ] GC(1265) Using 8 workers of 8 for evacuation
[2026-01-16T09:27:07.027+0000][gc,phases   ] GC(1265)   Pre Evacuate Collection Set: 3.3ms
[2026-01-16T09:27:07.028+0000][gc,phases   ] GC(1265)   Merge Heap Roots: 6.3ms
[2026-01-16T09:27:07.028+0000][gc,phases   ] GC(1265)   Evacuate Collection Set: 170.8ms
[2026-01-16T09:27:07.028+0000][gc,phases   ] GC(1265)   Post Evacuate Collection Set: 1.7ms
[2026-01-16T09:27:07.028+0000][gc,phases   ] GC(1265)   Other: 0.4ms
[2026-01-16T09:27:07.067+0000][gc,heap     ] GC(1265) Eden regions: 46->0(46)
[2026-01-16T09:27:07.090+0000][gc,heap     ] GC(1265) Survivor regions: 5->5(7)
[2026-01-16T09:27:07.091+0000][gc,heap     ] GC(1265) Old regions: 190->191
[2026-01-16T09:27:07.091+0000][gc,heap     ] GC(1265) Humongous regions: 167->167
[2026-01-16T09:27:07.091+0000][gc,metaspace] GC(1265) Metaspace: 15942K(16384K)->15942K(16384K) NonClass: 14219K(14400K)->14219K(14400K) Class: 1723K(1984K)->1723K(1984K)
[2026-01-16T09:27:07.091+0000][gc          ] GC(1265) Pause Young (Normal) (G1 Evacuation Pause) 407M->361M(1024M) 246.998ms
[2026-01-16T09:27:07.091+0000][gc,cpu      ] GC(1265) User=0.12s Sys=0.00s Real=0.24s
[2026-01-16T09:27:08.087+0000][gc,start    ] GC(1266) Pause Young (Normal) (G1 Evacuation Pause)
[2026-01-16T09:27:08.087+0000][gc,task     ] GC(1266) Using 8 workers of 8 for evacuation
[2026-01-16T09:27:08.209+0000][gc,phases   ] GC(1266)   Pre Evacuate Collection Set: 1.7ms
[2026-01-16T09:27:08.209+0000][gc,phases   ] GC(1266)   Merge Heap Roots: 0.3ms
[2026-01-16T09:27:08.209+0000][gc,phases   ] GC(1266)   Evacuate Collection Set: 114.9ms
[2026-01-16T09:27:08.209+0000][gc,phases   ] GC(1266)   Post Evacuate Collection Set: 3.4ms
[2026-01-16T09:27:08.214+0000][gc,phases   ] GC(1266)   Other: 0.8ms
[2026-01-16T09:27:08.214+0000][gc,heap     ] GC(1266) Eden regions: 46->0(46)
[2026-01-16T09:27:08.215+0000][gc,heap     ] GC(1266) Survivor regions: 5->5(7)
[2026-01-16T09:27:08.216+0000][gc,heap     ] GC(1266) Old regions: 191->192
[2026-01-16T09:27:08.217+0000][gc,heap     ] GC(1266) Humongous regions: 167->167
[2026-01-16T09:27:08.218+0000][gc,metaspace] GC(1266) Metaspace: 15942K(16384K)->15942K(16384K) NonClass: 14219K(14400K)->14219K(14400K) Class: 1723K(1984K)->1723K(1984K)
[2026-01-16T09:27:08.220+0000][gc          ] GC(1266) Pause Young (Normal) (G1 Evacuation Pause) 407M->362M(1024M) 133.184ms
[2026-01-16T09:27:08.222+0000][gc,cpu      ] GC(1266) User=0.09s Sys=0.01s Real=0.13s
[2026-01-16T09:27:08.896+0000][gc,start    ] GC(1267) Pause Young (Normal) (G1 Evacuation Pause)
[2026-01-16T09:27:08.898+0000][gc,task     ] GC(1267) Using 8 workers of 8 for evacuation
[2026-01-16T09:27:09.058+0000][gc,phases   ] GC(1267)   Pre Evacuate Collection Set: 18.2ms
[2026-01-16T09:27:09.060+0000][gc,phases   ] GC(1267)   Merge Heap Roots: 0.7ms
[2026-01-16T09:27:09.061+0000][gc,phases   ] GC(1267)   Evacuate Collection Set: 128.7ms
[2026-01-16T09:27:09.061+0000][gc,phases   ] GC(1267)   Post Evacuate Collection Set: 7.4ms
[2026-01-16T09:27:09.062+0000][gc,phases   ] GC(1267)   Other: 5.8ms
[2026-01-16T09:27:09.063+0000][gc,heap     ] GC(1267) Eden regions: 46->0(46)
[2026-01-16T09:27:09.063+0000][gc,heap     ] GC(1267) Survivor regions: 5->5(7)
[2026-01-16T09:27:09.063+0000][gc,heap     ] GC(1267) Old regions: 192->192
[2026-01-16T09:27:09.064+0000][gc,heap     ] GC(1267) Humongous regions: 167->167
[2026-01-16T09:27:09.064+0000][gc,metaspace] GC(1267) Metaspace: 15942K(16384K)->15942K(16384K) NonClass: 14219K(14400K)->14219K(14400K) Class: 1723K(1984K)->1723K(1984K)
[2026-01-16T09:27:09.064+0000][gc          ] GC(1267) Pause Young (Normal) (G1 Evacuation Pause) 408M->363M(1024M) 168.100ms
[2026-01-16T09:27:09.065+0000][gc,cpu      ] GC(1267) User=0.13s Sys=0.00s Real=0.17s
[2026-01-16T09:27:10.463+0000][gc,start    ] GC(1268) Pause Young (Normal) (G1 Evacuation Pause)
[2026-01-16T09:27:10.463+0000][gc,task     ] GC(1268) Using 8 workers of 8 for evacuation
[2026-01-16T09:27:10.757+0000][gc,mmu      ] GC(1268) MMU target violated: 201.0ms (200.0ms/201.0ms)
[2026-01-16T09:27:10.758+0000][gc,phases   ] GC(1268)   Pre Evacuate Collection Set: 9.7ms
[2026-01-16T09:27:10.763+0000][gc,phases   ] GC(1268)   Merge Heap Roots: 1.7ms
[2026-01-16T09:27:10.769+0000][gc,phases   ] GC(1268)   Evacuate Collection Set: 253.0ms
[2026-01-16T09:27:10.774+0000][gc,phases   ] GC(1268)   Post Evacuate Collection Set: 26.4ms
[2026-01-16T09:27:10.782+0000][gc,phases   ] GC(1268)   Other: 4.6ms
[2026-01-16T09:27:10.796+0000][gc,heap     ] GC(1268) Eden regions: 46->0(46)
[2026-01-16T09:27:10.798+0000][gc,heap     ] GC(1268) Survivor regions: 5->5(7)
[2026-01-16T09:27:10.799+0000][gc,heap     ] GC(1268) Old regions: 192->193
[2026-01-16T09:27:10.802+0000][gc,heap     ] GC(1268) Humongous regions: 167->167
[2026-01-16T09:27:10.805+0000][gc,metaspace] GC(1268) Metaspace: 15947K(16384K)->15947K(16384K) NonClass: 14223K(14400K)->14223K(14400K) Class: 1723K(1984K)->1723K(1984K)
[2026-01-16T09:27:10.812+0000][gc          ] GC(1268) Pause Young (Normal) (G1 Evacuation Pause) 409M->363M(1024M) 349.012ms
[2026-01-16T09:27:10.819+0000][gc,cpu      ] GC(1268) User=0.19s Sys=0.03s Real=0.36s
[2026-01-16T09:27:11.312+0000][gc,start    ] GC(1269) Pause Young (Normal) (G1 Evacuation Pause)
[2026-01-16T09:27:11.316+0000][gc,task     ] GC(1269) Using 8 workers of 8 for evacuation
[2026-01-16T09:27:11.433+0000][gc,phases   ] GC(1269)   Pre Evacuate Collection Set: 2.0ms
[2026-01-16T09:27:11.433+0000][gc,phases   ] GC(1269)   Merge Heap Roots: 0.1ms
[2026-01-16T09:27:11.433+0000][gc,phases   ] GC(1269)   Evacuate Collection Set: 109.6ms
[2026-01-16T09:27:11.433+0000][gc,phases   ] GC(1269)   Post Evacuate Collection Set: 2.8ms
[2026-01-16T09:27:11.433+0000][gc,phases   ] GC(1269)   Other: 2.2ms
[2026-01-16T09:27:11.434+0000][gc,heap     ] GC(1269) Eden regions: 46->0(46)
[2026-01-16T09:27:11.434+0000][gc,heap     ] GC(1269) Survivor regions: 5->5(7)
[2026-01-16T09:27:11.434+0000][gc,heap     ] GC(1269) Old regions: 193->194
[2026-01-16T09:27:11.434+0000][gc,heap     ] GC(1269) Humongous regions: 167->167
[2026-01-16T09:27:11.434+0000][gc,metaspace] GC(1269) Metaspace: 15947K(16384K)->15947K(16384K) NonClass: 14223K(14400K)->14223K(14400K) Class: 1723K(1984K)->1723K(1984K)
[2026-01-16T09:27:11.434+0000][gc          ] GC(1269) Pause Young (Normal) (G1 Evacuation Pause) 409M->364M(1024M) 122.447ms
[2026-01-16T09:27:11.434+0000][gc,cpu      ] GC(1269) User=0.08s Sys=0.01s Real=0.13s
[2026-01-16T09:27:12.003+0000][gc,start    ] GC(1270) Pause Young (Normal) (G1 Evacuation Pause)
[2026-01-16T09:27:12.004+0000][gc,task     ] GC(1270) Using 8 workers of 8 for evacuation
[2026-01-16T09:27:12.171+0000][gc,phases   ] GC(1270)   Pre Evacuate Collection Set: 4.8ms
[2026-01-16T09:27:12.171+0000][gc,phases   ] GC(1270)   Merge Heap Roots: 3.4ms
[2026-01-16T09:27:12.171+0000][gc,phases   ] GC(1270)   Evacuate Collection Set: 154.3ms
[2026-01-16T09:27:12.172+0000][gc,phases   ] GC(1270)   Post Evacuate Collection Set: 3.8ms
[2026-01-16T09:27:12.172+0000][gc,phases   ] GC(1270)   Other: 0.3ms
[2026-01-16T09:27:12.172+0000][gc,heap     ] GC(1270) Eden regions: 46->0(46)
[2026-01-16T09:27:12.172+0000][gc,heap     ] GC(1270) Survivor regions: 5->5(7)
[2026-01-16T09:27:12.172+0000][gc,heap     ] GC(1270) Old regions: 194->194
[2026-01-16T09:27:12.174+0000][gc,heap     ] GC(1270) Humongous regions: 167->167
[2026-01-16T09:27:12.174+0000][gc,metaspace] GC(1270) Metaspace: 15947K(16384K)->15947K(16384K) NonClass: 14223K(14400K)->14223K(14400K) Class: 1723K(1984K)->1723K(1984K)
[2026-01-16T09:27:12.175+0000][gc          ] GC(1270) Pause Young (Normal) (G1 Evacuation Pause) 410M->365M(1024M) 171.222ms
[2026-01-16T09:27:12.175+0000][gc,cpu      ] GC(1270) User=0.10s Sys=0.01s Real=0.17s
[2026-01-16T09:27:13.212+0000][gc,start    ] GC(1271) Pause Young (Normal) (G1 Evacuation Pause)
[2026-01-16T09:27:13.212+0000][gc,task     ] GC(1271) Using 8 workers of 8 for evacuation
[2026-01-16T09:27:13.310+0000][gc,phases   ] GC(1271)   Pre Evacuate Collection Set: 6.5ms
[2026-01-16T09:27:13.311+0000][gc,phases   ] GC(1271)   Merge Heap Roots: 0.7ms
[2026-01-16T09:27:13.311+0000][gc,phases   ] GC(1271)   Evacuate Collection Set: 87.8ms
[2026-01-16T09:27:13.312+0000][gc,phases   ] GC(1271)   Post Evacuate Collection Set: 1.7ms
[2026-01-16T09:27:13.314+0000][gc,phases   ] GC(1271)   Other: 0.8ms
[2026-01-16T09:27:13.314+0000][gc,heap     ] GC(1271) Eden regions: 46->0(55)
[2026-01-16T09:27:13.316+0000][gc,heap     ] GC(1271) Survivor regions: 5->5(7)
[2026-01-16T09:27:13.316+0000][gc,heap     ] GC(1271) Old regions: 194->195
[2026-01-16T09:27:13.317+0000][gc,heap     ] GC(1271) Humongous regions: 167->167
[2026-01-16T09:27:13.317+0000][gc,metaspace] GC(1271) Metaspace: 15947K(16384K)->15947K(16384K) NonClass: 14223K(14400K)->14223K(14400K) Class: 1723K(1984K)->1723K(1984K)
[2026-01-16T09:27:13.321+0000][gc          ] GC(1271) Pause Young (Normal) (G1 Evacuation Pause) 411M->366M(1024M) 108.898ms
[2026-01-16T09:27:13.322+0000][gc,cpu      ] GC(1271) User=0.08s Sys=0.01s Real=0.11s
[2026-01-16T09:27:14.630+0000][gc,start    ] GC(1272) Pause Young (Normal) (G1 Evacuation Pause)
[2026-01-16T09:27:14.633+0000][gc,task     ] GC(1272) Using 8 workers of 8 for evacuation
[2026-01-16T09:27:15.124+0000][gc,mmu      ] GC(1272) MMU target violated: 201.0ms (200.0ms/201.0ms)
[2026-01-16T09:27:15.125+0000][gc,phases   ] GC(1272)   Pre Evacuate Collection Set: 5.7ms
[2026-01-16T09:27:15.126+0000][gc,phases   ] GC(1272)   Merge Heap Roots: 3.8ms
[2026-01-16T09:27:15.127+0000][gc,phases   ] GC(1272)   Evacuate Collection Set: 468.1ms
[2026-01-16T09:27:15.129+0000][gc,phases   ] GC(1272)   Post Evacuate Collection Set: 11.4ms
[2026-01-16T09:27:15.129+0000][gc,phases   ] GC(1272)   Other: 3.5ms
[2026-01-16T09:27:15.129+0000][gc,heap     ] GC(1272) Eden regions: 57->0(45)
[2026-01-16T09:27:15.130+0000][gc,heap     ] GC(1272) Survivor regions: 5->6(8)
[2026-01-16T09:27:15.130+0000][gc,heap     ] GC(1272) Old regions: 195->195
[2026-01-16T09:27:15.131+0000][gc,heap     ] GC(1272) Humongous regions: 167->167
[2026-01-16T09:27:15.131+0000][gc,metaspace] GC(1272) Metaspace: 15947K(16384K)->15947K(16384K) NonClass: 14223K(14400K)->14223K(14400K) Class: 1723K(1984K)->1723K(1984K)
[2026-01-16T09:27:15.132+0000][gc          ] GC(1272) Pause Young (Normal) (G1 Evacuation Pause) 423M->366M(1024M) 502.125ms
[2026-01-16T09:27:15.133+0000][gc,cpu      ] GC(1272) User=0.40s Sys=0.03s Real=0.50s
[2026-01-16T09:27:19.324+0000][gc,start    ] GC(1273) Pause Young (Normal) (G1 Evacuation Pause)
[2026-01-16T09:27:19.329+0000][gc,task     ] GC(1273) Using 8 workers of 8 for evacuation
[2026-01-16T09:27:19.553+0000][gc,mmu      ] GC(1273) MMU target violated: 201.0ms (200.0ms/201.0ms)
[2026-01-16T09:27:19.553+0000][gc,phases   ] GC(1273)   Pre Evacuate Collection Set: 17.4ms
[2026-01-16T09:27:19.553+0000][gc,phases   ] GC(1273)   Merge Heap Roots: 4.8ms
[2026-01-16T09:27:19.554+0000][gc,phases   ] GC(1273)   Evacuate Collection Set: 192.4ms
[2026-01-16T09:27:19.554+0000][gc,phases   ] GC(1273)   Post Evacuate Collection Set: 6.5ms
[2026-01-16T09:27:19.554+0000][gc,phases   ] GC(1273)   Other: 3.6ms
[2026-01-16T09:27:19.555+0000][gc,heap     ] GC(1273) Eden regions: 45->0(93)
[2026-01-16T09:27:19.555+0000][gc,heap     ] GC(1273) Survivor regions: 6->2(7)
[2026-01-16T09:27:19.555+0000][gc,heap     ] GC(1273) Old regions: 195->197
[2026-01-16T09:27:19.556+0000][gc,heap     ] GC(1273) Humongous regions: 167->167
[2026-01-16T09:27:19.556+0000][gc,metaspace] GC(1273) Metaspace: 15965K(16384K)->15965K(16384K) NonClass: 14242K(14400K)->14242K(14400K) Class: 1723K(1984K)->1723K(1984K)
[2026-01-16T09:27:19.557+0000][gc          ] GC(1273) Pause Young (Normal) (G1 Evacuation Pause) 411M->365M(1024M) 232.584ms
[2026-01-16T09:27:19.557+0000][gc,cpu      ] GC(1273) User=0.22s Sys=0.00s Real=0.23s
[2026-01-16T09:27:21.364+0000][gc,start    ] GC(1274) Pause Young (Normal) (G1 Evacuation Pause)
[2026-01-16T09:27:21.367+0000][gc,task     ] GC(1274) Using 8 workers of 8 for evacuation
[2026-01-16T09:27:21.454+0000][gc,phases   ] GC(1274)   Pre Evacuate Collection Set: 3.9ms
[2026-01-16T09:27:21.455+0000][gc,phases   ] GC(1274)   Merge Heap Roots: 0.5ms
[2026-01-16T09:27:21.455+0000][gc,phases   ] GC(1274)   Evacuate Collection Set: 79.1ms
[2026-01-16T09:27:21.456+0000][gc,phases   ] GC(1274)   Post Evacuate Collection Set: 2.8ms
[2026-01-16T09:27:21.456+0000][gc,phases   ] GC(1274)   Other: 1.0ms
[2026-01-16T09:27:21.456+0000][gc,heap     ] GC(1274) Eden regions: 90->0(47)
[2026-01-16T09:27:21.457+0000][gc,heap     ] GC(1274) Survivor regions: 2->4(12)
[2026-01-16T09:27:21.457+0000][gc,heap     ] GC(1274) Old regions: 197->197
[2026-01-16T09:27:21.457+0000][gc,heap     ] GC(1274) Humongous regions: 167->167
[2026-01-16T09:27:21.459+0000][gc,metaspace] GC(1274) Metaspace: 15975K(16384K)->15975K(16384K) NonClass: 14251K(14400K)->14251K(14400K) Class: 1723K(1984K)->1723K(1984K)
[2026-01-16T09:27:21.459+0000][gc          ] GC(1274) Pause Young (Normal) (G1 Evacuation Pause) 455M->366M(1024M) 95.036ms
[2026-01-16T09:27:21.460+0000][gc,cpu      ] GC(1274) User=0.14s Sys=0.01s Real=0.09s
[2026-01-16T09:27:21.811+0000][gc,start    ] GC(1275) Pause Young (Normal) (G1 Evacuation Pause)
[2026-01-16T09:27:21.812+0000][gc,task     ] GC(1275) Using 8 workers of 8 for evacuation
[2026-01-16T09:27:21.830+0000][gc,phases   ] GC(1275)   Pre Evacuate Collection Set: 0.6ms
[2026-01-16T09:27:21.831+0000][gc,phases   ] GC(1275)   Merge Heap Roots: 0.1ms
[2026-01-16T09:27:21.831+0000][gc,phases   ] GC(1275)   Evacuate Collection Set: 11.8ms
[2026-01-16T09:27:21.832+0000][gc,phases   ] GC(1275)   Post Evacuate Collection Set: 3.8ms
[2026-01-16T09:27:21.832+0000][gc,phases   ] GC(1275)   Other: 1.2ms
[2026-01-16T09:27:21.832+0000][gc,heap     ] GC(1275) Eden regions: 47->0(46)
[2026-01-16T09:27:21.832+0000][gc,heap     ] GC(1275) Survivor regions: 4->5(7)
[2026-01-16T09:27:21.833+0000][gc,heap     ] GC(1275) Old regions: 197->197
[2026-01-16T09:27:21.833+0000][gc,heap     ] GC(1275) Humongous regions: 167->167
[2026-01-16T09:27:21.833+0000][gc,metaspace] GC(1275) Metaspace: 15988K(16384K)->15988K(16384K) NonClass: 14264K(14400K)->14264K(14400K) Class: 1723K(1984K)->1723K(1984K)
[2026-01-16T09:27:21.833+0000][gc          ] GC(1275) Pause Young (Normal) (G1 Evacuation Pause) 413M->367M(1024M) 21.565ms
[2026-01-16T09:27:21.833+0000][gc,cpu      ] GC(1275) User=0.03s Sys=0.00s Real=0.03s
[2026-01-16T09:27:29.840+0000][gc,start    ] GC(1276) Pause Young (Normal) (G1 Evacuation Pause)
[2026-01-16T09:27:29.841+0000][gc,task     ] GC(1276) Using 8 workers of 8 for evacuation
[2026-01-16T09:27:29.966+0000][gc,phases   ] GC(1276)   Pre Evacuate Collection Set: 18.8ms
[2026-01-16T09:27:29.967+0000][gc,phases   ] GC(1276)   Merge Heap Roots: 0.9ms
[2026-01-16T09:27:29.970+0000][gc,phases   ] GC(1276)   Evacuate Collection Set: 93.1ms
[2026-01-16T09:27:29.972+0000][gc,phases   ] GC(1276)   Post Evacuate Collection Set: 9.3ms
[2026-01-16T09:27:29.972+0000][gc,phases   ] GC(1276)   Other: 2.5ms
[2026-01-16T09:27:29.972+0000][gc,heap     ] GC(1276) Eden regions: 46->0(269)
[2026-01-16T09:27:29.974+0000][gc,heap     ] GC(1276) Survivor regions: 5->2(7)
[2026-01-16T09:27:29.976+0000][gc,heap     ] GC(1276) Old regions: 197->197
[2026-01-16T09:27:29.981+0000][gc,heap     ] GC(1276) Humongous regions: 167->167
[2026-01-16T09:27:29.983+0000][gc,metaspace] GC(1276) Metaspace: 16004K(16384K)->16004K(16384K) NonClass: 14280K(14400K)->14280K(14400K) Class: 1723K(1984K)->1723K(1984K)
[2026-01-16T09:27:29.983+0000][gc          ] GC(1276) Pause Young (Normal) (G1 Evacuation Pause) 413M->365M(1024M) 143.337ms
[2026-01-16T09:27:29.985+0000][gc,cpu      ] GC(1276) User=0.21s Sys=0.01s Real=0.15s
[2026-01-16T09:27:44.303+0000][gc,start    ] GC(1277) Pause Young (Normal) (G1 Evacuation Pause)
[2026-01-16T09:27:44.304+0000][gc,task     ] GC(1277) Using 8 workers of 8 for evacuation
[2026-01-16T09:27:44.527+0000][gc,mmu      ] GC(1277) MMU target violated: 201.0ms (200.0ms/201.0ms)
[2026-01-16T09:27:44.527+0000][gc,phases   ] GC(1277)   Pre Evacuate Collection Set: 26.2ms
[2026-01-16T09:27:44.527+0000][gc,phases   ] GC(1277)   Merge Heap Roots: 4.9ms
[2026-01-16T09:27:44.528+0000][gc,phases   ] GC(1277)   Evacuate Collection Set: 177.6ms
[2026-01-16T09:27:44.528+0000][gc,phases   ] GC(1277)   Post Evacuate Collection Set: 11.9ms
[2026-01-16T09:27:44.528+0000][gc,phases   ] GC(1277)   Other: 3.1ms
[2026-01-16T09:27:44.528+0000][gc,heap     ] GC(1277) Eden regions: 258->0(105)
[2026-01-16T09:27:44.529+0000][gc,heap     ] GC(1277) Survivor regions: 2->4(33)
[2026-01-16T09:27:44.529+0000][gc,heap     ] GC(1277) Old regions: 197->197
[2026-01-16T09:27:44.529+0000][gc,heap     ] GC(1277) Humongous regions: 167->167
[2026-01-16T09:27:44.530+0000][gc,metaspace] GC(1277) Metaspace: 16018K(16448K)->16018K(16448K) NonClass: 14295K(14464K)->14295K(14464K) Class: 1723K(1984K)->1723K(1984K)
[2026-01-16T09:27:44.530+0000][gc          ] GC(1277) Pause Young (Normal) (G1 Evacuation Pause) 623M->366M(1024M) 227.375ms
[2026-01-16T09:27:44.531+0000][gc,cpu      ] GC(1277) User=0.27s Sys=0.01s Real=0.23s
[2026-01-16T09:27:49.563+0000][gc,start    ] GC(1278) Pause Young (Normal) (G1 Evacuation Pause)
[2026-01-16T09:27:49.564+0000][gc,task     ] GC(1278) Using 8 workers of 8 for evacuation
[2026-01-16T09:27:49.741+0000][gc,phases   ] GC(1278)   Pre Evacuate Collection Set: 46.4ms
[2026-01-16T09:27:49.742+0000][gc,phases   ] GC(1278)   Merge Heap Roots: 4.6ms
[2026-01-16T09:27:49.742+0000][gc,phases   ] GC(1278)   Evacuate Collection Set: 113.8ms
[2026-01-16T09:27:49.743+0000][gc,phases   ] GC(1278)   Post Evacuate Collection Set: 11.7ms
[2026-01-16T09:27:49.743+0000][gc,phases   ] GC(1278)   Other: 0.9ms
[2026-01-16T09:27:49.744+0000][gc,heap     ] GC(1278) Eden regions: 103->0(172)
[2026-01-16T09:27:49.748+0000][gc,heap     ] GC(1278) Survivor regions: 4->3(14)
[2026-01-16T09:27:49.759+0000][gc,heap     ] GC(1278) Old regions: 197->197
[2026-01-16T09:27:49.760+0000][gc,heap     ] GC(1278) Humongous regions: 167->167
[2026-01-16T09:27:49.760+0000][gc,metaspace] GC(1278) Metaspace: 16018K(16448K)->16018K(16448K) NonClass: 14295K(14464K)->14295K(14464K) Class: 1723K(1984K)->1723K(1984K)
[2026-01-16T09:27:49.763+0000][gc          ] GC(1278) Pause Young (Normal) (G1 Evacuation Pause) 469M->365M(1024M) 200.317ms
[2026-01-16T09:27:49.765+0000][gc,cpu      ] GC(1278) User=0.17s Sys=0.01s Real=0.20s
[2026-01-16T09:27:58.933+0000][gc,start    ] GC(1279) Pause Young (Normal) (G1 Evacuation Pause)
[2026-01-16T09:27:58.937+0000][gc,task     ] GC(1279) Using 8 workers of 8 for evacuation
[2026-01-16T09:27:59.032+0000][gc,phases   ] GC(1279)   Pre Evacuate Collection Set: 9.8ms
[2026-01-16T09:27:59.034+0000][gc,phases   ] GC(1279)   Merge Heap Roots: 8.5ms
[2026-01-16T09:27:59.034+0000][gc,phases   ] GC(1279)   Evacuate Collection Set: 69.8ms
[2026-01-16T09:27:59.034+0000][gc,phases   ] GC(1279)   Post Evacuate Collection Set: 6.0ms
[2026-01-16T09:27:59.034+0000][gc,phases   ] GC(1279)   Other: 2.8ms
[2026-01-16T09:27:59.035+0000][gc,heap     ] GC(1279) Eden regions: 162->0(310)
[2026-01-16T09:27:59.035+0000][gc,heap     ] GC(1279) Survivor regions: 3->2(21)
[2026-01-16T09:27:59.035+0000][gc,heap     ] GC(1279) Old regions: 197->197
[2026-01-16T09:27:59.035+0000][gc,heap     ] GC(1279) Humongous regions: 167->167
[2026-01-16T09:27:59.036+0000][gc,metaspace] GC(1279) Metaspace: 16021K(16448K)->16021K(16448K) NonClass: 14297K(14464K)->14297K(14464K) Class: 1723K(1984K)->1723K(1984K)
[2026-01-16T09:27:59.036+0000][gc          ] GC(1279) Pause Young (Normal) (G1 Evacuation Pause) 527M->365M(1024M) 104.082ms
[2026-01-16T09:27:59.037+0000][gc,cpu      ] GC(1279) User=0.18s Sys=0.01s Real=0.10s
[2026-01-16T09:28:12.414+0000][gc,start    ] GC(1280) Pause Young (Normal) (G1 Evacuation Pause)
[2026-01-16T09:28:12.415+0000][gc,task     ] GC(1280) Using 8 workers of 8 for evacuation
[2026-01-16T09:28:12.737+0000][gc,mmu      ] GC(1280) MMU target violated: 201.0ms (200.0ms/201.0ms)
[2026-01-16T09:28:12.749+0000][gc,phases   ] GC(1280)   Pre Evacuate Collection Set: 8.9ms
[2026-01-16T09:28:12.750+0000][gc,phases   ] GC(1280)   Merge Heap Roots: 4.3ms
[2026-01-16T09:28:12.750+0000][gc,phases   ] GC(1280)   Evacuate Collection Set: 250.5ms
[2026-01-16T09:28:12.751+0000][gc,phases   ] GC(1280)   Post Evacuate Collection Set: 57.8ms
[2026-01-16T09:28:12.751+0000][gc,phases   ] GC(1280)   Other: 13.2ms
[2026-01-16T09:28:12.753+0000][gc,heap     ] GC(1280) Eden regions: 283->0(47)
[2026-01-16T09:28:12.754+0000][gc,heap     ] GC(1280) Survivor regions: 2->4(36)
[2026-01-16T09:28:12.754+0000][gc,heap     ] GC(1280) Old regions: 197->197
[2026-01-16T09:28:12.754+0000][gc,heap     ] GC(1280) Humongous regions: 167->167
[2026-01-16T09:28:12.755+0000][gc,metaspace] GC(1280) Metaspace: 16045K(16512K)->16045K(16512K) NonClass: 14322K(14528K)->14322K(14528K) Class: 1723K(1984K)->1723K(1984K)
[2026-01-16T09:28:12.757+0000][gc          ] GC(1280) Pause Young (Normal) (G1 Evacuation Pause) 648M->367M(1024M) 343.575ms
[2026-01-16T09:28:12.757+0000][gc,cpu      ] GC(1280) User=0.38s Sys=0.03s Real=0.35s
[2026-01-16T09:28:13.992+0000][gc,start    ] GC(1281) Pause Young (Normal) (G1 Evacuation Pause)
[2026-01-16T09:28:13.993+0000][gc,task     ] GC(1281) Using 8 workers of 8 for evacuation
[2026-01-16T09:28:14.053+0000][gc,phases   ] GC(1281)   Pre Evacuate Collection Set: 6.7ms
[2026-01-16T09:28:14.053+0000][gc,phases   ] GC(1281)   Merge Heap Roots: 2.0ms
[2026-01-16T09:28:14.053+0000][gc,phases   ] GC(1281)   Evacuate Collection Set: 47.4ms
[2026-01-16T09:28:14.054+0000][gc,phases   ] GC(1281)   Post Evacuate Collection Set: 3.2ms
[2026-01-16T09:28:14.054+0000][gc,phases   ] GC(1281)   Other: 0.6ms
[2026-01-16T09:28:14.068+0000][gc,heap     ] GC(1281) Eden regions: 47->0(46)
[2026-01-16T09:28:14.069+0000][gc,heap     ] GC(1281) Survivor regions: 4->5(7)
[2026-01-16T09:28:14.069+0000][gc,heap     ] GC(1281) Old regions: 197->197
[2026-01-16T09:28:14.069+0000][gc,heap     ] GC(1281) Humongous regions: 167->167
[2026-01-16T09:28:14.069+0000][gc,metaspace] GC(1281) Metaspace: 16048K(16512K)->16048K(16512K) NonClass: 14325K(14528K)->14325K(14528K) Class: 1723K(1984K)->1723K(1984K)
[2026-01-16T09:28:14.069+0000][gc          ] GC(1281) Pause Young (Normal) (G1 Evacuation Pause) 414M->368M(1024M) 76.916ms
[2026-01-16T09:28:14.071+0000][gc,cpu      ] GC(1281) User=0.11s Sys=0.00s Real=0.08s
[2026-01-16T09:28:19.730+0000][gc,start    ] GC(1282) Pause Young (Normal) (G1 Evacuation Pause)
[2026-01-16T09:28:19.733+0000][gc,task     ] GC(1282) Using 8 workers of 8 for evacuation
[2026-01-16T09:28:19.910+0000][gc,phases   ] GC(1282)   Pre Evacuate Collection Set: 17.7ms
[2026-01-16T09:28:19.911+0000][gc,phases   ] GC(1282)   Merge Heap Roots: 1.2ms
[2026-01-16T09:28:19.912+0000][gc,phases   ] GC(1282)   Evacuate Collection Set: 143.6ms
[2026-01-16T09:28:19.912+0000][gc,phases   ] GC(1282)   Post Evacuate Collection Set: 11.7ms
[2026-01-16T09:28:19.913+0000][gc,phases   ] GC(1282)   Other: 2.8ms
[2026-01-16T09:28:19.913+0000][gc,heap     ] GC(1282) Eden regions: 46->0(137)
[2026-01-16T09:28:19.913+0000][gc,heap     ] GC(1282) Survivor regions: 5->3(7)
[2026-01-16T09:28:19.914+0000][gc,heap     ] GC(1282) Old regions: 197->198
[2026-01-16T09:28:19.914+0000][gc,heap     ] GC(1282) Humongous regions: 167->167
[2026-01-16T09:28:19.915+0000][gc,metaspace] GC(1282) Metaspace: 16048K(16512K)->16048K(16512K) NonClass: 14325K(14528K)->14325K(14528K) Class: 1723K(1984K)->1723K(1984K)
[2026-01-16T09:28:19.915+0000][gc          ] GC(1282) Pause Young (Normal) (G1 Evacuation Pause) 414M->366M(1024M) 185.455ms
[2026-01-16T09:28:19.917+0000][gc,cpu      ] GC(1282) User=0.21s Sys=0.01s Real=0.19s
[2026-01-16T09:28:24.535+0000][gc,start    ] GC(1283) Pause Young (Normal) (G1 Evacuation Pause)
[2026-01-16T09:28:24.539+0000][gc,task     ] GC(1283) Using 8 workers of 8 for evacuation
[2026-01-16T09:28:25.004+0000][gc,mmu      ] GC(1283) MMU target violated: 201.0ms (200.0ms/201.0ms)
[2026-01-16T09:28:25.004+0000][gc,phases   ] GC(1283)   Pre Evacuate Collection Set: 14.3ms
[2026-01-16T09:28:25.005+0000][gc,phases   ] GC(1283)   Merge Heap Roots: 9.9ms
[2026-01-16T09:28:25.005+0000][gc,phases   ] GC(1283)   Evacuate Collection Set: 392.5ms
[2026-01-16T09:28:25.005+0000][gc,phases   ] GC(1283)   Post Evacuate Collection Set: 46.6ms
[2026-01-16T09:28:25.006+0000][gc,phases   ] GC(1283)   Other: 2.1ms
[2026-01-16T09:28:25.006+0000][gc,heap     ] GC(1283) Eden regions: 138->0(46)
[2026-01-16T09:28:25.006+0000][gc,heap     ] GC(1283) Survivor regions: 3->5(18)
[2026-01-16T09:28:25.007+0000][gc,heap     ] GC(1283) Old regions: 198->198
[2026-01-16T09:28:25.007+0000][gc,heap     ] GC(1283) Humongous regions: 167->167
[2026-01-16T09:28:25.008+0000][gc,metaspace] GC(1283) Metaspace: 16048K(16512K)->16048K(16512K) NonClass: 14325K(14528K)->14325K(14528K) Class: 1723K(1984K)->1723K(1984K)
[2026-01-16T09:28:25.009+0000][gc          ] GC(1283) Pause Young (Normal) (G1 Evacuation Pause) 504M->368M(1024M) 473.869ms
[2026-01-16T09:28:25.011+0000][gc,cpu      ] GC(1283) User=0.32s Sys=0.01s Real=0.47s
[2026-01-16T09:28:31.794+0000][gc,start    ] GC(1284) Pause Young (Normal) (G1 Evacuation Pause)
[2026-01-16T09:28:31.798+0000][gc,task     ] GC(1284) Using 8 workers of 8 for evacuation
[2026-01-16T09:28:33.117+0000][gc,mmu      ] GC(1284) MMU target violated: 201.0ms (200.0ms/201.0ms)
[2026-01-16T09:28:33.121+0000][gc,phases   ] GC(1284)   Pre Evacuate Collection Set: 161.6ms
[2026-01-16T09:28:33.133+0000][gc,phases   ] GC(1284)   Merge Heap Roots: 105.0ms
[2026-01-16T09:28:33.134+0000][gc,phases   ] GC(1284)   Evacuate Collection Set: 997.9ms
[2026-01-16T09:28:33.134+0000][gc,phases   ] GC(1284)   Post Evacuate Collection Set: 51.1ms
[2026-01-16T09:28:33.135+0000][gc,phases   ] GC(1284)   Other: 6.3ms
[2026-01-16T09:28:33.136+0000][gc,heap     ] GC(1284) Eden regions: 46->0(49)
[2026-01-16T09:28:33.137+0000][gc,heap     ] GC(1284) Survivor regions: 5->2(7)
[2026-01-16T09:28:33.137+0000][gc,heap     ] GC(1284) Old regions: 198->198
[2026-01-16T09:28:33.137+0000][gc,heap     ] GC(1284) Humongous regions: 167->167
[2026-01-16T09:28:33.138+0000][gc,metaspace] GC(1284) Metaspace: 16050K(16512K)->16050K(16512K) NonClass: 14326K(14528K)->14326K(14528K) Class: 1723K(1984K)->1723K(1984K)
[2026-01-16T09:28:33.141+0000][gc          ] GC(1284) Pause Young (Normal) (G1 Evacuation Pause) 414M->366M(1024M) 1347.599ms
[2026-01-16T09:28:33.149+0000][gc,cpu      ] GC(1284) User=0.40s Sys=0.04s Real=1.35s
[2026-01-16T09:28:36.066+0000][gc,start    ] GC(1285) Pause Young (Normal) (G1 Evacuation Pause)
[2026-01-16T09:28:36.068+0000][gc,task     ] GC(1285) Using 8 workers of 8 for evacuation
[2026-01-16T09:28:36.407+0000][gc,mmu      ] GC(1285) MMU target violated: 201.0ms (200.0ms/201.0ms)
[2026-01-16T09:28:36.407+0000][gc,phases   ] GC(1285)   Pre Evacuate Collection Set: 18.6ms
[2026-01-16T09:28:36.407+0000][gc,phases   ] GC(1285)   Merge Heap Roots: 10.8ms
[2026-01-16T09:28:36.407+0000][gc,phases   ] GC(1285)   Evacuate Collection Set: 297.4ms
[2026-01-16T09:28:36.408+0000][gc,phases   ] GC(1285)   Post Evacuate Collection Set: 9.3ms
[2026-01-16T09:28:36.408+0000][gc,phases   ] GC(1285)   Other: 2.7ms
[2026-01-16T09:28:36.408+0000][gc,heap     ] GC(1285) Eden regions: 49->0(48)
[2026-01-16T09:28:36.408+0000][gc,heap     ] GC(1285) Survivor regions: 2->3(7)
[2026-01-16T09:28:36.409+0000][gc,heap     ] GC(1285) Old regions: 198->198
[2026-01-16T09:28:36.409+0000][gc,heap     ] GC(1285) Humongous regions: 167->167
[2026-01-16T09:28:36.410+0000][gc,metaspace] GC(1285) Metaspace: 16050K(16512K)->16050K(16512K) NonClass: 14326K(14528K)->14326K(14528K) Class: 1723K(1984K)->1723K(1984K)
[2026-01-16T09:28:36.435+0000][gc          ] GC(1285) Pause Young (Normal) (G1 Evacuation Pause) 415M->367M(1024M) 368.580ms
[2026-01-16T09:28:36.443+0000][gc,cpu      ] GC(1285) User=0.20s Sys=0.01s Real=0.37s
[2026-01-16T09:28:38.096+0000][gc,start    ] GC(1286) Pause Young (Normal) (G1 Evacuation Pause)
[2026-01-16T09:28:38.100+0000][gc,task     ] GC(1286) Using 8 workers of 8 for evacuation
[2026-01-16T09:28:38.301+0000][gc,mmu      ] GC(1286) MMU target violated: 200.3ms (200.0ms/201.0ms)
[2026-01-16T09:28:38.301+0000][gc,phases   ] GC(1286)   Pre Evacuate Collection Set: 24.9ms
[2026-01-16T09:28:38.301+0000][gc,phases   ] GC(1286)   Merge Heap Roots: 6.5ms
[2026-01-16T09:28:38.302+0000][gc,phases   ] GC(1286)   Evacuate Collection Set: 132.2ms
[2026-01-16T09:28:38.313+0000][gc,phases   ] GC(1286)   Post Evacuate Collection Set: 35.4ms
[2026-01-16T09:28:38.314+0000][gc,phases   ] GC(1286)   Other: 2.6ms
[2026-01-16T09:28:38.314+0000][gc,heap     ] GC(1286) Eden regions: 48->0(47)
[2026-01-16T09:28:38.314+0000][gc,heap     ] GC(1286) Survivor regions: 3->4(7)
[2026-01-16T09:28:38.315+0000][gc,heap     ] GC(1286) Old regions: 198->198
[2026-01-16T09:28:38.315+0000][gc,heap     ] GC(1286) Humongous regions: 167->167
[2026-01-16T09:28:38.317+0000][gc,metaspace] GC(1286) Metaspace: 16050K(16512K)->16050K(16512K) NonClass: 14326K(14528K)->14326K(14528K) Class: 1723K(1984K)->1723K(1984K)
[2026-01-16T09:28:38.319+0000][gc          ] GC(1286) Pause Young (Normal) (G1 Evacuation Pause) 415M->368M(1024M) 222.513ms
[2026-01-16T09:28:38.322+0000][gc,cpu      ] GC(1286) User=0.11s Sys=0.00s Real=0.22s
[2026-01-16T09:28:39.673+0000][gc,start    ] GC(1287) Pause Young (Normal) (G1 Evacuation Pause)
[2026-01-16T09:28:39.675+0000][gc,task     ] GC(1287) Using 8 workers of 8 for evacuation
[2026-01-16T09:28:39.916+0000][gc,mmu      ] GC(1287) MMU target violated: 201.0ms (200.0ms/201.0ms)
[2026-01-16T09:28:39.917+0000][gc,phases   ] GC(1287)   Pre Evacuate Collection Set: 3.4ms
[2026-01-16T09:28:39.918+0000][gc,phases   ] GC(1287)   Merge Heap Roots: 0.3ms
[2026-01-16T09:28:39.919+0000][gc,phases   ] GC(1287)   Evacuate Collection Set: 226.6ms
[2026-01-16T09:28:39.922+0000][gc,phases   ] GC(1287)   Post Evacuate Collection Set: 7.7ms
[2026-01-16T09:28:39.923+0000][gc,phases   ] GC(1287)   Other: 4.5ms
[2026-01-16T09:28:39.925+0000][gc,heap     ] GC(1287) Eden regions: 47->0(46)
[2026-01-16T09:28:39.927+0000][gc,heap     ] GC(1287) Survivor regions: 4->5(7)
[2026-01-16T09:28:39.927+0000][gc,heap     ] GC(1287) Old regions: 198->198
[2026-01-16T09:28:39.931+0000][gc,heap     ] GC(1287) Humongous regions: 167->167
[2026-01-16T09:28:39.933+0000][gc,metaspace] GC(1287) Metaspace: 16050K(16512K)->16050K(16512K) NonClass: 14326K(14528K)->14326K(14528K) Class: 1723K(1984K)->1723K(1984K)
[2026-01-16T09:28:39.936+0000][gc          ] GC(1287) Pause Young (Normal) (G1 Evacuation Pause) 415M->368M(1024M) 262.847ms
[2026-01-16T09:28:39.938+0000][gc,cpu      ] GC(1287) User=0.10s Sys=0.01s Real=0.27s
[2026-01-16T09:28:40.512+0000][gc,start    ] GC(1288) Pause Young (Normal) (G1 Evacuation Pause)
[2026-01-16T09:28:40.513+0000][gc,task     ] GC(1288) Using 8 workers of 8 for evacuation
[2026-01-16T09:28:40.628+0000][gc,phases   ] GC(1288)   Pre Evacuate Collection Set: 10.8ms
[2026-01-16T09:28:40.629+0000][gc,phases   ] GC(1288)   Merge Heap Roots: 0.3ms
[2026-01-16T09:28:40.630+0000][gc,phases   ] GC(1288)   Evacuate Collection Set: 100.1ms
[2026-01-16T09:28:40.631+0000][gc,phases   ] GC(1288)   Post Evacuate Collection Set: 2.4ms
[2026-01-16T09:28:40.632+0000][gc,phases   ] GC(1288)   Other: 0.8ms
[2026-01-16T09:28:40.632+0000][gc,heap     ] GC(1288) Eden regions: 46->0(49)
[2026-01-16T09:28:40.633+0000][gc,heap     ] GC(1288) Survivor regions: 5->2(7)
[2026-01-16T09:28:40.635+0000][gc,heap     ] GC(1288) Old regions: 198->199
[2026-01-16T09:28:40.638+0000][gc,heap     ] GC(1288) Humongous regions: 167->167
[2026-01-16T09:28:40.647+0000][gc,metaspace] GC(1288) Metaspace: 16050K(16512K)->16050K(16512K) NonClass: 14326K(14528K)->14326K(14528K) Class: 1723K(1984K)->1723K(1984K)
[2026-01-16T09:28:40.652+0000][gc          ] GC(1288) Pause Young (Normal) (G1 Evacuation Pause) 414M->366M(1024M) 137.247ms
[2026-01-16T09:28:40.654+0000][gc,cpu      ] GC(1288) User=0.06s Sys=0.00s Real=0.14s
[2026-01-16T09:28:42.478+0000][gc,start    ] GC(1289) Pause Young (Normal) (G1 Evacuation Pause)
[2026-01-16T09:28:42.482+0000][gc,task     ] GC(1289) Using 8 workers of 8 for evacuation
[2026-01-16T09:28:42.972+0000][gc,mmu      ] GC(1289) MMU target violated: 201.0ms (200.0ms/201.0ms)
[2026-01-16T09:28:42.974+0000][gc,phases   ] GC(1289)   Pre Evacuate Collection Set: 89.9ms
[2026-01-16T09:28:42.978+0000][gc,phases   ] GC(1289)   Merge Heap Roots: 0.5ms
[2026-01-16T09:28:42.979+0000][gc,phases   ] GC(1289)   Evacuate Collection Set: 356.3ms
[2026-01-16T09:28:42.982+0000][gc,phases   ] GC(1289)   Post Evacuate Collection Set: 41.6ms
[2026-01-16T09:28:42.984+0000][gc,phases   ] GC(1289)   Other: 3.8ms
[2026-01-16T09:28:42.986+0000][gc,heap     ] GC(1289) Eden regions: 49->0(48)
[2026-01-16T09:28:42.989+0000][gc,heap     ] GC(1289) Survivor regions: 2->3(7)
[2026-01-16T09:28:42.991+0000][gc,heap     ] GC(1289) Old regions: 199->199
[2026-01-16T09:28:42.991+0000][gc,heap     ] GC(1289) Humongous regions: 167->167
[2026-01-16T09:28:42.992+0000][gc,metaspace] GC(1289) Metaspace: 16050K(16512K)->16050K(16512K) NonClass: 14326K(14528K)->14326K(14528K) Class: 1723K(1984K)->1723K(1984K)
[2026-01-16T09:28:42.993+0000][gc          ] GC(1289) Pause Young (Normal) (G1 Evacuation Pause) 415M->367M(1024M) 515.702ms
[2026-01-16T09:28:42.995+0000][gc,cpu      ] GC(1289) User=0.34s Sys=0.02s Real=0.51s
[2026-01-16T09:28:47.547+0000][gc,start    ] GC(1290) Pause Young (Normal) (G1 Evacuation Pause)
[2026-01-16T09:28:47.569+0000][gc,task     ] GC(1290) Using 8 workers of 8 for evacuation
[2026-01-16T09:28:48.014+0000][gc,mmu      ] GC(1290) MMU target violated: 201.0ms (200.0ms/201.0ms)
[2026-01-16T09:28:48.016+0000][gc,phases   ] GC(1290)   Pre Evacuate Collection Set: 57.7ms
[2026-01-16T09:28:48.017+0000][gc,phases   ] GC(1290)   Merge Heap Roots: 3.1ms
[2026-01-16T09:28:48.019+0000][gc,phases   ] GC(1290)   Evacuate Collection Set: 357.8ms
[2026-01-16T09:28:48.021+0000][gc,phases   ] GC(1290)   Post Evacuate Collection Set: 18.9ms
[2026-01-16T09:28:48.023+0000][gc,phases   ] GC(1290)   Other: 11.2ms
[2026-01-16T09:28:48.023+0000][gc,heap     ] GC(1290) Eden regions: 48->0(47)
[2026-01-16T09:28:48.024+0000][gc,heap     ] GC(1290) Survivor regions: 3->4(7)
[2026-01-16T09:28:48.024+0000][gc,heap     ] GC(1290) Old regions: 199->199
[2026-01-16T09:28:48.024+0000][gc,heap     ] GC(1290) Humongous regions: 167->167
[2026-01-16T09:28:48.025+0000][gc,metaspace] GC(1290) Metaspace: 16050K(16512K)->16050K(16512K) NonClass: 14326K(14528K)->14326K(14528K) Class: 1723K(1984K)->1723K(1984K)
[2026-01-16T09:28:48.025+0000][gc          ] GC(1290) Pause Young (Normal) (G1 Evacuation Pause) 415M->368M(1024M) 478.278ms
[2026-01-16T09:28:48.026+0000][gc,cpu      ] GC(1290) User=0.26s Sys=0.01s Real=0.48s
[2026-01-16T09:28:50.560+0000][gc,start    ] GC(1291) Pause Young (Normal) (G1 Evacuation Pause)
[2026-01-16T09:28:50.565+0000][gc,task     ] GC(1291) Using 8 workers of 8 for evacuation
[2026-01-16T09:28:51.545+0000][gc,mmu      ] GC(1291) MMU target violated: 201.0ms (200.0ms/201.0ms)
[2026-01-16T09:28:51.552+0000][gc,phases   ] GC(1291)   Pre Evacuate Collection Set: 66.8ms
[2026-01-16T09:28:51.552+0000][gc,phases   ] GC(1291)   Merge Heap Roots: 30.5ms
[2026-01-16T09:28:51.553+0000][gc,phases   ] GC(1291)   Evacuate Collection Set: 801.7ms
[2026-01-16T09:28:51.554+0000][gc,phases   ] GC(1291)   Post Evacuate Collection Set: 79.5ms
[2026-01-16T09:28:51.555+0000][gc,phases   ] GC(1291)   Other: 8.5ms
[2026-01-16T09:28:51.555+0000][gc,heap     ] GC(1291) Eden regions: 47->0(47)
[2026-01-16T09:28:51.555+0000][gc,heap     ] GC(1291) Survivor regions: 4->4(7)
[2026-01-16T09:28:51.556+0000][gc,heap     ] GC(1291) Old regions: 199->199
[2026-01-16T09:28:51.556+0000][gc,heap     ] GC(1291) Humongous regions: 167->167
[2026-01-16T09:28:51.556+0000][gc,metaspace] GC(1291) Metaspace: 16050K(16512K)->16050K(16512K) NonClass: 14326K(14528K)->14326K(14528K) Class: 1723K(1984K)->1723K(1984K)
[2026-01-16T09:28:51.557+0000][gc          ] GC(1291) Pause Young (Normal) (G1 Evacuation Pause) 415M->368M(1024M) 997.023ms
[2026-01-16T09:28:51.558+0000][gc,cpu      ] GC(1291) User=0.36s Sys=0.04s Real=1.00s
[2026-01-16T09:28:53.333+0000][gc,start    ] GC(1292) Pause Young (Normal) (G1 Evacuation Pause)
[2026-01-16T09:28:53.335+0000][gc,task     ] GC(1292) Using 8 workers of 8 for evacuation
[2026-01-16T09:28:53.553+0000][gc,mmu      ] GC(1292) MMU target violated: 201.0ms (200.0ms/201.0ms)
[2026-01-16T09:28:53.556+0000][gc,phases   ] GC(1292)   Pre Evacuate Collection Set: 14.9ms
[2026-01-16T09:28:53.558+0000][gc,phases   ] GC(1292)   Merge Heap Roots: 3.8ms
[2026-01-16T09:28:53.559+0000][gc,phases   ] GC(1292)   Evacuate Collection Set: 171.2ms
[2026-01-16T09:28:53.559+0000][gc,phases   ] GC(1292)   Post Evacuate Collection Set: 25.3ms
[2026-01-16T09:28:53.568+0000][gc,phases   ] GC(1292)   Other: 5.8ms
[2026-01-16T09:28:53.570+0000][gc,heap     ] GC(1292) Eden regions: 47->0(48)
[2026-01-16T09:28:53.570+0000][gc,heap     ] GC(1292) Survivor regions: 4->3(7)
[2026-01-16T09:28:53.574+0000][gc,heap     ] GC(1292) Old regions: 199->199
[2026-01-16T09:28:53.574+0000][gc,heap     ] GC(1292) Humongous regions: 167->167
[2026-01-16T09:28:53.574+0000][gc,metaspace] GC(1292) Metaspace: 16050K(16512K)->16050K(16512K) NonClass: 14326K(14528K)->14326K(14528K) Class: 1723K(1984K)->1723K(1984K)
[2026-01-16T09:28:53.575+0000][gc          ] GC(1292) Pause Young (Normal) (G1 Evacuation Pause) 415M->367M(1024M) 241.673ms
[2026-01-16T09:28:53.575+0000][gc,cpu      ] GC(1292) User=0.17s Sys=0.01s Real=0.25s
[2026-01-16T09:28:55.572+0000][gc,start    ] GC(1293) Pause Young (Normal) (G1 Evacuation Pause)
[2026-01-16T09:28:55.575+0000][gc,task     ] GC(1293) Using 8 workers of 8 for evacuation
[2026-01-16T09:28:56.007+0000][gc,mmu      ] GC(1293) MMU target violated: 201.0ms (200.0ms/201.0ms)
[2026-01-16T09:28:56.007+0000][gc,phases   ] GC(1293)   Pre Evacuate Collection Set: 36.3ms
[2026-01-16T09:28:56.008+0000][gc,phases   ] GC(1293)   Merge Heap Roots: 19.2ms
[2026-01-16T09:28:56.009+0000][gc,phases   ] GC(1293)   Evacuate Collection Set: 351.5ms
[2026-01-16T09:28:56.011+0000][gc,phases   ] GC(1293)   Post Evacuate Collection Set: 24.4ms
[2026-01-16T09:28:56.013+0000][gc,phases   ] GC(1293)   Other: 1.4ms
[2026-01-16T09:28:56.014+0000][gc,heap     ] GC(1293) Eden regions: 48->0(47)
[2026-01-16T09:28:56.015+0000][gc,heap     ] GC(1293) Survivor regions: 3->4(7)
[2026-01-16T09:28:56.015+0000][gc,heap     ] GC(1293) Old regions: 199->199
[2026-01-16T09:28:56.016+0000][gc,heap     ] GC(1293) Humongous regions: 167->167
[2026-01-16T09:28:56.016+0000][gc,metaspace] GC(1293) Metaspace: 16050K(16512K)->16050K(16512K) NonClass: 14326K(14528K)->14326K(14528K) Class: 1723K(1984K)->1723K(1984K)
[2026-01-16T09:28:56.022+0000][gc          ] GC(1293) Pause Young (Normal) (G1 Evacuation Pause) 415M->368M(1024M) 450.266ms
[2026-01-16T09:28:56.027+0000][gc,cpu      ] GC(1293) User=0.22s Sys=0.00s Real=0.46s
[2026-01-16T09:28:58.654+0000][gc,start    ] GC(1294) Pause Young (Normal) (G1 Evacuation Pause)
[2026-01-16T09:28:58.654+0000][gc,task     ] GC(1294) Using 8 workers of 8 for evacuation
[2026-01-16T09:28:58.906+0000][gc,mmu      ] GC(1294) MMU target violated: 201.0ms (200.0ms/201.0ms)
[2026-01-16T09:28:58.908+0000][gc,phases   ] GC(1294)   Pre Evacuate Collection Set: 21.3ms
[2026-01-16T09:28:58.908+0000][gc,phases   ] GC(1294)   Merge Heap Roots: 1.1ms
[2026-01-16T09:28:58.910+0000][gc,phases   ] GC(1294)   Evacuate Collection Set: 191.3ms
[2026-01-16T09:28:58.911+0000][gc,phases   ] GC(1294)   Post Evacuate Collection Set: 28.6ms
[2026-01-16T09:28:58.916+0000][gc,phases   ] GC(1294)   Other: 11.0ms
[2026-01-16T09:28:58.922+0000][gc,heap     ] GC(1294) Eden regions: 47->0(47)
[2026-01-16T09:28:58.922+0000][gc,heap     ] GC(1294) Survivor regions: 4->4(7)
[2026-01-16T09:28:58.923+0000][gc,heap     ] GC(1294) Old regions: 199->199
[2026-01-16T09:28:58.925+0000][gc,heap     ] GC(1294) Humongous regions: 167->167
[2026-01-16T09:28:58.927+0000][gc,metaspace] GC(1294) Metaspace: 16050K(16512K)->16050K(16512K) NonClass: 14326K(14528K)->14326K(14528K) Class: 1723K(1984K)->1723K(1984K)
[2026-01-16T09:28:58.930+0000][gc          ] GC(1294) Pause Young (Normal) (G1 Evacuation Pause) 415M->368M(1024M) 275.971ms
[2026-01-16T09:28:58.932+0000][gc,cpu      ] GC(1294) User=0.18s Sys=0.02s Real=0.28s
[2026-01-16T09:29:01.569+0000][gc,start    ] GC(1295) Pause Young (Normal) (G1 Evacuation Pause)
[2026-01-16T09:29:01.570+0000][gc,task     ] GC(1295) Using 8 workers of 8 for evacuation
[2026-01-16T09:29:01.838+0000][gc,mmu      ] GC(1295) MMU target violated: 201.0ms (200.0ms/201.0ms)
[2026-01-16T09:29:01.839+0000][gc,phases   ] GC(1295)   Pre Evacuate Collection Set: 27.0ms
[2026-01-16T09:29:01.840+0000][gc,phases   ] GC(1295)   Merge Heap Roots: 10.0ms
[2026-01-16T09:29:01.840+0000][gc,phases   ] GC(1295)   Evacuate Collection Set: 210.7ms
[2026-01-16T09:29:01.841+0000][gc,phases   ] GC(1295)   Post Evacuate Collection Set: 11.8ms
[2026-01-16T09:29:01.841+0000][gc,phases   ] GC(1295)   Other: 9.3ms
[2026-01-16T09:29:01.842+0000][gc,heap     ] GC(1295) Eden regions: 47->0(47)
[2026-01-16T09:29:01.843+0000][gc,heap     ] GC(1295) Survivor regions: 4->4(7)
[2026-01-16T09:29:01.843+0000][gc,heap     ] GC(1295) Old regions: 199->199
[2026-01-16T09:29:01.843+0000][gc,heap     ] GC(1295) Humongous regions: 167->167
[2026-01-16T09:29:01.844+0000][gc,metaspace] GC(1295) Metaspace: 16050K(16512K)->16050K(16512K) NonClass: 14326K(14528K)->14326K(14528K) Class: 1723K(1984K)->1723K(1984K)
[2026-01-16T09:29:01.845+0000][gc          ] GC(1295) Pause Young (Normal) (G1 Evacuation Pause) 415M->369M(1024M) 275.410ms
[2026-01-16T09:29:01.851+0000][gc,cpu      ] GC(1295) User=0.24s Sys=0.02s Real=0.28s
[2026-01-16T09:29:04.275+0000][gc,start    ] GC(1296) Pause Young (Normal) (G1 Evacuation Pause)
[2026-01-16T09:29:04.290+0000][gc,task     ] GC(1296) Using 8 workers of 8 for evacuation
[2026-01-16T09:29:04.664+0000][gc,mmu      ] GC(1296) MMU target violated: 201.0ms (200.0ms/201.0ms)
[2026-01-16T09:29:04.667+0000][gc,phases   ] GC(1296)   Pre Evacuate Collection Set: 70.7ms
[2026-01-16T09:29:04.669+0000][gc,phases   ] GC(1296)   Merge Heap Roots: 11.8ms
[2026-01-16T09:29:04.670+0000][gc,phases   ] GC(1296)   Evacuate Collection Set: 235.2ms
[2026-01-16T09:29:04.670+0000][gc,phases   ] GC(1296)   Post Evacuate Collection Set: 6.7ms
[2026-01-16T09:29:04.671+0000][gc,phases   ] GC(1296)   Other: 53.3ms
[2026-01-16T09:29:04.671+0000][gc,heap     ] GC(1296) Eden regions: 47->0(49)
[2026-01-16T09:29:04.674+0000][gc,heap     ] GC(1296) Survivor regions: 4->2(7)
[2026-01-16T09:29:04.674+0000][gc,heap     ] GC(1296) Old regions: 199->199
[2026-01-16T09:29:04.674+0000][gc,heap     ] GC(1296) Humongous regions: 167->167
[2026-01-16T09:29:04.676+0000][gc,metaspace] GC(1296) Metaspace: 16050K(16512K)->16050K(16512K) NonClass: 14326K(14528K)->14326K(14528K) Class: 1723K(1984K)->1723K(1984K)
[2026-01-16T09:29:04.676+0000][gc          ] GC(1296) Pause Young (Normal) (G1 Evacuation Pause) 416M->367M(1024M) 401.185ms
[2026-01-16T09:29:04.676+0000][gc,cpu      ] GC(1296) User=0.23s Sys=0.02s Real=0.41s
[2026-01-16T09:29:06.693+0000][gc,start    ] GC(1297) Pause Young (Normal) (G1 Evacuation Pause)
[2026-01-16T09:29:06.703+0000][gc,task     ] GC(1297) Using 8 workers of 8 for evacuation
[2026-01-16T09:29:06.917+0000][gc,mmu      ] GC(1297) MMU target violated: 201.0ms (200.0ms/201.0ms)
[2026-01-16T09:29:06.923+0000][gc,phases   ] GC(1297)   Pre Evacuate Collection Set: 23.9ms
[2026-01-16T09:29:06.923+0000][gc,phases   ] GC(1297)   Merge Heap Roots: 3.0ms
[2026-01-16T09:29:06.923+0000][gc,phases   ] GC(1297)   Evacuate Collection Set: 146.2ms
[2026-01-16T09:29:06.924+0000][gc,phases   ] GC(1297)   Post Evacuate Collection Set: 26.8ms
[2026-01-16T09:29:06.924+0000][gc,phases   ] GC(1297)   Other: 20.4ms
[2026-01-16T09:29:06.924+0000][gc,heap     ] GC(1297) Eden regions: 49->0(48)
[2026-01-16T09:29:06.924+0000][gc,heap     ] GC(1297) Survivor regions: 2->3(7)
[2026-01-16T09:29:06.924+0000][gc,heap     ] GC(1297) Old regions: 199->199
[2026-01-16T09:29:06.924+0000][gc,heap     ] GC(1297) Humongous regions: 167->167
[2026-01-16T09:29:06.927+0000][gc,metaspace] GC(1297) Metaspace: 16050K(16512K)->16050K(16512K) NonClass: 14326K(14528K)->14326K(14528K) Class: 1723K(1984K)->1723K(1984K)
[2026-01-16T09:29:06.930+0000][gc          ] GC(1297) Pause Young (Normal) (G1 Evacuation Pause) 416M->368M(1024M) 236.935ms
[2026-01-16T09:29:06.933+0000][gc,cpu      ] GC(1297) User=0.13s Sys=0.00s Real=0.24s
[2026-01-16T09:29:07.597+0000][gc,start    ] GC(1298) Pause Young (Normal) (G1 Evacuation Pause)
[2026-01-16T09:29:07.598+0000][gc,task     ] GC(1298) Using 8 workers of 8 for evacuation
[2026-01-16T09:29:07.634+0000][gc,phases   ] GC(1298)   Pre Evacuate Collection Set: 1.5ms
[2026-01-16T09:29:07.634+0000][gc,phases   ] GC(1298)   Merge Heap Roots: 0.2ms
[2026-01-16T09:29:07.634+0000][gc,phases   ] GC(1298)   Evacuate Collection Set: 31.7ms
[2026-01-16T09:29:07.635+0000][gc,phases   ] GC(1298)   Post Evacuate Collection Set: 2.2ms
[2026-01-16T09:29:07.635+0000][gc,phases   ] GC(1298)   Other: 0.5ms
[2026-01-16T09:29:07.635+0000][gc,heap     ] GC(1298) Eden regions: 48->0(47)
[2026-01-16T09:29:07.636+0000][gc,heap     ] GC(1298) Survivor regions: 3->4(7)
[2026-01-16T09:29:07.636+0000][gc,heap     ] GC(1298) Old regions: 199->199
[2026-01-16T09:29:07.636+0000][gc,heap     ] GC(1298) Humongous regions: 167->167
[2026-01-16T09:29:07.636+0000][gc,metaspace] GC(1298) Metaspace: 16050K(16512K)->16050K(16512K) NonClass: 14326K(14528K)->14326K(14528K) Class: 1723K(1984K)->1723K(1984K)
[2026-01-16T09:29:07.636+0000][gc          ] GC(1298) Pause Young (Normal) (G1 Evacuation Pause) 416M->369M(1024M) 39.139ms
[2026-01-16T09:29:07.637+0000][gc,cpu      ] GC(1298) User=0.05s Sys=0.00s Real=0.04s
[2026-01-16T09:29:09.074+0000][gc,start    ] GC(1299) Pause Young (Normal) (G1 Evacuation Pause)
[2026-01-16T09:29:09.075+0000][gc,task     ] GC(1299) Using 8 workers of 8 for evacuation
[2026-01-16T09:29:09.293+0000][gc,mmu      ] GC(1299) MMU target violated: 201.0ms (200.0ms/201.0ms)
[2026-01-16T09:29:09.294+0000][gc,phases   ] GC(1299)   Pre Evacuate Collection Set: 13.4ms
[2026-01-16T09:29:09.294+0000][gc,phases   ] GC(1299)   Merge Heap Roots: 0.5ms
[2026-01-16T09:29:09.294+0000][gc,phases   ] GC(1299)   Evacuate Collection Set: 181.4ms
[2026-01-16T09:29:09.294+0000][gc,phases   ] GC(1299)   Post Evacuate Collection Set: 22.1ms
[2026-01-16T09:29:09.294+0000][gc,phases   ] GC(1299)   Other: 1.7ms
[2026-01-16T09:29:09.294+0000][gc,heap     ] GC(1299) Eden regions: 47->0(49)
[2026-01-16T09:29:09.296+0000][gc,heap     ] GC(1299) Survivor regions: 4->2(7)
[2026-01-16T09:29:09.298+0000][gc,heap     ] GC(1299) Old regions: 199->200
[2026-01-16T09:29:09.299+0000][gc,heap     ] GC(1299) Humongous regions: 167->167
[2026-01-16T09:29:09.300+0000][gc,metaspace] GC(1299) Metaspace: 16050K(16512K)->16050K(16512K) NonClass: 14326K(14528K)->14326K(14528K) Class: 1723K(1984K)->1723K(1984K)
[2026-01-16T09:29:09.302+0000][gc          ] GC(1299) Pause Young (Normal) (G1 Evacuation Pause) 416M->367M(1024M) 227.753ms
[2026-01-16T09:29:09.302+0000][gc,cpu      ] GC(1299) User=0.15s Sys=0.01s Real=0.23s
[2026-01-16T09:29:10.441+0000][gc,start    ] GC(1300) Pause Young (Normal) (G1 Evacuation Pause)
[2026-01-16T09:29:10.442+0000][gc,task     ] GC(1300) Using 8 workers of 8 for evacuation
[2026-01-16T09:29:10.664+0000][gc,mmu      ] GC(1300) MMU target violated: 201.0ms (200.0ms/201.0ms)
[2026-01-16T09:29:10.665+0000][gc,phases   ] GC(1300)   Pre Evacuate Collection Set: 8.0ms
[2026-01-16T09:29:10.665+0000][gc,phases   ] GC(1300)   Merge Heap Roots: 0.7ms
[2026-01-16T09:29:10.666+0000][gc,phases   ] GC(1300)   Evacuate Collection Set: 207.1ms
[2026-01-16T09:29:10.666+0000][gc,phases   ] GC(1300)   Post Evacuate Collection Set: 4.1ms
[2026-01-16T09:29:10.666+0000][gc,phases   ] GC(1300)   Other: 2.8ms
[2026-01-16T09:29:10.667+0000][gc,heap     ] GC(1300) Eden regions: 56->0(49)
[2026-01-16T09:29:10.667+0000][gc,heap     ] GC(1300) Survivor regions: 2->2(8)
[2026-01-16T09:29:10.667+0000][gc,heap     ] GC(1300) Old regions: 200->200
[2026-01-16T09:29:10.667+0000][gc,heap     ] GC(1300) Humongous regions: 167->167
[2026-01-16T09:29:10.668+0000][gc,metaspace] GC(1300) Metaspace: 16050K(16512K)->16050K(16512K) NonClass: 14326K(14528K)->14326K(14528K) Class: 1723K(1984K)->1723K(1984K)
[2026-01-16T09:29:10.669+0000][gc          ] GC(1300) Pause Young (Normal) (G1 Evacuation Pause) 423M->367M(1024M) 227.584ms
[2026-01-16T09:29:10.669+0000][gc,cpu      ] GC(1300) User=0.16s Sys=0.01s Real=0.23s
[2026-01-16T09:29:11.573+0000][gc,start    ] GC(1301) Pause Young (Normal) (G1 Evacuation Pause)
[2026-01-16T09:29:11.573+0000][gc,task     ] GC(1301) Using 8 workers of 8 for evacuation
[2026-01-16T09:29:11.630+0000][gc,phases   ] GC(1301)   Pre Evacuate Collection Set: 2.1ms
[2026-01-16T09:29:11.633+0000][gc,phases   ] GC(1301)   Merge Heap Roots: 0.6ms
[2026-01-16T09:29:11.638+0000][gc,phases   ] GC(1301)   Evacuate Collection Set: 52.0ms
[2026-01-16T09:29:11.639+0000][gc,phases   ] GC(1301)   Post Evacuate Collection Set: 1.6ms
[2026-01-16T09:29:11.641+0000][gc,phases   ] GC(1301)   Other: 1.1ms
[2026-01-16T09:29:11.642+0000][gc,heap     ] GC(1301) Eden regions: 49->0(48)
[2026-01-16T09:29:11.646+0000][gc,heap     ] GC(1301) Survivor regions: 2->3(7)
[2026-01-16T09:29:11.647+0000][gc,heap     ] GC(1301) Old regions: 200->200
[2026-01-16T09:29:11.648+0000][gc,heap     ] GC(1301) Humongous regions: 167->167
[2026-01-16T09:29:11.648+0000][gc,metaspace] GC(1301) Metaspace: 16050K(16512K)->16050K(16512K) NonClass: 14326K(14528K)->14326K(14528K) Class: 1723K(1984K)->1723K(1984K)
[2026-01-16T09:29:11.649+0000][gc          ] GC(1301) Pause Young (Normal) (G1 Evacuation Pause) 416M->368M(1024M) 76.404ms
[2026-01-16T09:29:11.649+0000][gc,cpu      ] GC(1301) User=0.04s Sys=0.00s Real=0.08s
[2026-01-16T09:29:12.100+0000][gc,start    ] GC(1302) Pause Young (Normal) (G1 Evacuation Pause)
[2026-01-16T09:29:12.102+0000][gc,task     ] GC(1302) Using 8 workers of 8 for evacuation
[2026-01-16T09:29:12.142+0000][gc,phases   ] GC(1302)   Pre Evacuate Collection Set: 3.0ms
[2026-01-16T09:29:12.145+0000][gc,phases   ] GC(1302)   Merge Heap Roots: 0.5ms
[2026-01-16T09:29:12.147+0000][gc,phases   ] GC(1302)   Evacuate Collection Set: 35.1ms
[2026-01-16T09:29:12.147+0000][gc,phases   ] GC(1302)   Post Evacuate Collection Set: 1.2ms
[2026-01-16T09:29:12.148+0000][gc,phases   ] GC(1302)   Other: 0.5ms
[2026-01-16T09:29:12.148+0000][gc,heap     ] GC(1302) Eden regions: 48->0(95)
[2026-01-16T09:29:12.148+0000][gc,heap     ] GC(1302) Survivor regions: 3->3(7)
[2026-01-16T09:29:12.149+0000][gc,heap     ] GC(1302) Old regions: 200->200
[2026-01-16T09:29:12.149+0000][gc,heap     ] GC(1302) Humongous regions: 167->167
[2026-01-16T09:29:12.150+0000][gc,metaspace] GC(1302) Metaspace: 16050K(16512K)->16050K(16512K) NonClass: 14326K(14528K)->14326K(14528K) Class: 1723K(1984K)->1723K(1984K)
[2026-01-16T09:29:12.151+0000][gc          ] GC(1302) Pause Young (Normal) (G1 Evacuation Pause) 416M->369M(1024M) 50.354ms
[2026-01-16T09:29:12.151+0000][gc,cpu      ] GC(1302) User=0.05s Sys=0.00s Real=0.05s
[2026-01-16T09:29:21.400+0000][gc,start    ] GC(1303) Pause Young (Normal) (G1 Evacuation Pause)
[2026-01-16T09:29:21.402+0000][gc,task     ] GC(1303) Using 8 workers of 8 for evacuation
[2026-01-16T09:29:21.572+0000][gc,phases   ] GC(1303)   Pre Evacuate Collection Set: 18.0ms
[2026-01-16T09:29:21.573+0000][gc,phases   ] GC(1303)   Merge Heap Roots: 7.3ms
[2026-01-16T09:29:21.573+0000][gc,phases   ] GC(1303)   Evacuate Collection Set: 134.0ms
[2026-01-16T09:29:21.573+0000][gc,phases   ] GC(1303)   Post Evacuate Collection Set: 10.4ms
[2026-01-16T09:29:21.573+0000][gc,phases   ] GC(1303)   Other: 1.0ms
[2026-01-16T09:29:21.573+0000][gc,heap     ] GC(1303) Eden regions: 100->0(130)
[2026-01-16T09:29:21.573+0000][gc,heap     ] GC(1303) Survivor regions: 3->3(13)
[2026-01-16T09:29:21.574+0000][gc,heap     ] GC(1303) Old regions: 200->200
[2026-01-16T09:29:21.574+0000][gc,heap     ] GC(1303) Humongous regions: 167->167
[2026-01-16T09:29:21.574+0000][gc,metaspace] GC(1303) Metaspace: 16050K(16512K)->16050K(16512K) NonClass: 14326K(14528K)->14326K(14528K) Class: 1723K(1984K)->1723K(1984K)
[2026-01-16T09:29:21.574+0000][gc          ] GC(1303) Pause Young (Normal) (G1 Evacuation Pause) 469M->368M(1024M) 173.872ms
[2026-01-16T09:29:21.575+0000][gc,cpu      ] GC(1303) User=0.24s Sys=0.02s Real=0.18s
[2026-01-16T09:29:32.232+0000][gc,start    ] GC(1304) Pause Young (Normal) (G1 Evacuation Pause)
[2026-01-16T09:29:32.233+0000][gc,task     ] GC(1304) Using 8 workers of 8 for evacuation
[2026-01-16T09:29:32.413+0000][gc,phases   ] GC(1304)   Pre Evacuate Collection Set: 17.2ms
[2026-01-16T09:29:32.416+0000][gc,phases   ] GC(1304)   Merge Heap Roots: 12.2ms
[2026-01-16T09:29:32.416+0000][gc,phases   ] GC(1304)   Evacuate Collection Set: 126.5ms
[2026-01-16T09:29:32.417+0000][gc,phases   ] GC(1304)   Post Evacuate Collection Set: 20.4ms
[2026-01-16T09:29:32.417+0000][gc,phases   ] GC(1304)   Other: 3.6ms
[2026-01-16T09:29:32.418+0000][gc,heap     ] GC(1304) Eden regions: 129->0(196)
[2026-01-16T09:29:32.419+0000][gc,heap     ] GC(1304) Survivor regions: 3->2(17)
[2026-01-16T09:29:32.419+0000][gc,heap     ] GC(1304) Old regions: 200->200
[2026-01-16T09:29:32.419+0000][gc,heap     ] GC(1304) Humongous regions: 167->167
[2026-01-16T09:29:32.420+0000][gc,metaspace] GC(1304) Metaspace: 16050K(16512K)->16050K(16512K) NonClass: 14326K(14528K)->14326K(14528K) Class: 1723K(1984K)->1723K(1984K)
[2026-01-16T09:29:32.421+0000][gc          ] GC(1304) Pause Young (Normal) (G1 Evacuation Pause) 497M->368M(1024M) 188.459ms
[2026-01-16T09:29:32.422+0000][gc,cpu      ] GC(1304) User=0.28s Sys=0.03s Real=0.19s
[2026-01-16T09:29:43.478+0000][gc,start    ] GC(1305) Pause Young (Normal) (G1 Evacuation Pause)
[2026-01-16T09:29:43.481+0000][gc,task     ] GC(1305) Using 8 workers of 8 for evacuation
[2026-01-16T09:29:43.838+0000][gc,mmu      ] GC(1305) MMU target violated: 201.0ms (200.0ms/201.0ms)
[2026-01-16T09:29:43.850+0000][gc,phases   ] GC(1305)   Pre Evacuate Collection Set: 61.8ms
[2026-01-16T09:29:43.852+0000][gc,phases   ] GC(1305)   Merge Heap Roots: 17.6ms
[2026-01-16T09:29:43.853+0000][gc,phases   ] GC(1305)   Evacuate Collection Set: 245.1ms
[2026-01-16T09:29:43.853+0000][gc,phases   ] GC(1305)   Post Evacuate Collection Set: 30.4ms
[2026-01-16T09:29:43.853+0000][gc,phases   ] GC(1305)   Other: 7.1ms
[2026-01-16T09:29:43.857+0000][gc,heap     ] GC(1305) Eden regions: 183->0(49)
[2026-01-16T09:29:43.857+0000][gc,heap     ] GC(1305) Survivor regions: 2->2(24)
[2026-01-16T09:29:43.858+0000][gc,heap     ] GC(1305) Old regions: 200->200
[2026-01-16T09:29:43.858+0000][gc,heap     ] GC(1305) Humongous regions: 167->167
[2026-01-16T09:29:43.859+0000][gc,metaspace] GC(1305) Metaspace: 16053K(16512K)->16053K(16512K) NonClass: 14329K(14528K)->14329K(14528K) Class: 1723K(1984K)->1723K(1984K)
[2026-01-16T09:29:43.859+0000][gc          ] GC(1305) Pause Young (Normal) (G1 Evacuation Pause) 551M->368M(1024M) 381.574ms
[2026-01-16T09:29:43.860+0000][gc,cpu      ] GC(1305) User=0.31s Sys=0.03s Real=0.40s
[2026-01-16T09:29:47.122+0000][gc,start    ] GC(1306) Pause Young (Normal) (G1 Evacuation Pause)
[2026-01-16T09:29:47.127+0000][gc,task     ] GC(1306) Using 8 workers of 8 for evacuation
[2026-01-16T09:29:47.561+0000][gc,mmu      ] GC(1306) MMU target violated: 201.0ms (200.0ms/201.0ms)
[2026-01-16T09:29:47.562+0000][gc,phases   ] GC(1306)   Pre Evacuate Collection Set: 37.2ms
[2026-01-16T09:29:47.562+0000][gc,phases   ] GC(1306)   Merge Heap Roots: 18.5ms
[2026-01-16T09:29:47.562+0000][gc,phases   ] GC(1306)   Evacuate Collection Set: 305.2ms
[2026-01-16T09:29:47.566+0000][gc,phases   ] GC(1306)   Post Evacuate Collection Set: 50.6ms
[2026-01-16T09:29:47.566+0000][gc,phases   ] GC(1306)   Other: 22.9ms
[2026-01-16T09:29:47.567+0000][gc,heap     ] GC(1306) Eden regions: 49->0(48)
[2026-01-16T09:29:47.570+0000][gc,heap     ] GC(1306) Survivor regions: 2->3(7)
[2026-01-16T09:29:47.574+0000][gc,heap     ] GC(1306) Old regions: 200->200
[2026-01-16T09:29:47.576+0000][gc,heap     ] GC(1306) Humongous regions: 167->167
[2026-01-16T09:29:47.578+0000][gc,metaspace] GC(1306) Metaspace: 16053K(16512K)->16053K(16512K) NonClass: 14329K(14528K)->14329K(14528K) Class: 1723K(1984K)->1723K(1984K)
[2026-01-16T09:29:47.583+0000][gc          ] GC(1306) Pause Young (Normal) (G1 Evacuation Pause) 417M->369M(1024M) 460.860ms
[2026-01-16T09:29:47.588+0000][gc,cpu      ] GC(1306) User=0.29s Sys=0.03s Real=0.47s
[2026-01-16T09:29:51.341+0000][gc,start    ] GC(1307) Pause Young (Normal) (G1 Evacuation Pause)
[2026-01-16T09:29:51.345+0000][gc,task     ] GC(1307) Using 8 workers of 8 for evacuation
[2026-01-16T09:29:51.748+0000][gc,mmu      ] GC(1307) MMU target violated: 201.0ms (200.0ms/201.0ms)
[2026-01-16T09:29:51.748+0000][gc,phases   ] GC(1307)   Pre Evacuate Collection Set: 39.4ms
[2026-01-16T09:29:51.750+0000][gc,phases   ] GC(1307)   Merge Heap Roots: 18.8ms
[2026-01-16T09:29:51.752+0000][gc,phases   ] GC(1307)   Evacuate Collection Set: 312.5ms
[2026-01-16T09:29:51.752+0000][gc,phases   ] GC(1307)   Post Evacuate Collection Set: 21.1ms
[2026-01-16T09:29:51.753+0000][gc,phases   ] GC(1307)   Other: 11.8ms
[2026-01-16T09:29:51.754+0000][gc,heap     ] GC(1307) Eden regions: 48->0(47)
[2026-01-16T09:29:51.756+0000][gc,heap     ] GC(1307) Survivor regions: 3->4(7)
[2026-01-16T09:29:51.761+0000][gc,heap     ] GC(1307) Old regions: 200->200
[2026-01-16T09:29:51.761+0000][gc,heap     ] GC(1307) Humongous regions: 167->167
[2026-01-16T09:29:51.761+0000][gc,metaspace] GC(1307) Metaspace: 16053K(16512K)->16053K(16512K) NonClass: 14329K(14528K)->14329K(14528K) Class: 1723K(1984K)->1723K(1984K)
[2026-01-16T09:29:51.762+0000][gc          ] GC(1307) Pause Young (Normal) (G1 Evacuation Pause) 417M->369M(1024M) 424.583ms
[2026-01-16T09:29:51.764+0000][gc,cpu      ] GC(1307) User=0.25s Sys=0.02s Real=0.44s
[2026-01-16T09:29:54.677+0000][gc,start    ] GC(1308) Pause Young (Normal) (G1 Evacuation Pause)
[2026-01-16T09:29:54.689+0000][gc,task     ] GC(1308) Using 8 workers of 8 for evacuation
[2026-01-16T09:29:55.238+0000][gc,mmu      ] GC(1308) MMU target violated: 201.0ms (200.0ms/201.0ms)
[2026-01-16T09:29:55.241+0000][gc,phases   ] GC(1308)   Pre Evacuate Collection Set: 140.9ms
[2026-01-16T09:29:55.241+0000][gc,phases   ] GC(1308)   Merge Heap Roots: 39.3ms
[2026-01-16T09:29:55.241+0000][gc,phases   ] GC(1308)   Evacuate Collection Set: 332.6ms
[2026-01-16T09:29:55.243+0000][gc,phases   ] GC(1308)   Post Evacuate Collection Set: 21.9ms
[2026-01-16T09:29:55.244+0000][gc,phases   ] GC(1308)   Other: 19.0ms
[2026-01-16T09:29:55.244+0000][gc,heap     ] GC(1308) Eden regions: 47->0(46)
[2026-01-16T09:29:55.244+0000][gc,heap     ] GC(1308) Survivor regions: 4->5(7)
[2026-01-16T09:29:55.244+0000][gc,heap     ] GC(1308) Old regions: 200->200
[2026-01-16T09:29:55.244+0000][gc,heap     ] GC(1308) Humongous regions: 167->167
[2026-01-16T09:29:55.244+0000][gc,metaspace] GC(1308) Metaspace: 16053K(16512K)->16053K(16512K) NonClass: 14329K(14528K)->14329K(14528K) Class: 1723K(1984K)->1723K(1984K)
[2026-01-16T09:29:55.244+0000][gc          ] GC(1308) Pause Young (Normal) (G1 Evacuation Pause) 416M->370M(1024M) 579.801ms
[2026-01-16T09:29:55.249+0000][gc,cpu      ] GC(1308) User=0.39s Sys=0.04s Real=0.59s
[2026-01-16T09:29:56.381+0000][gc,start    ] GC(1309) Pause Young (Normal) (G1 Evacuation Pause)
[2026-01-16T09:29:56.384+0000][gc,task     ] GC(1309) Using 8 workers of 8 for evacuation
[2026-01-16T09:29:56.521+0000][gc,phases   ] GC(1309)   Pre Evacuate Collection Set: 6.5ms
[2026-01-16T09:29:56.522+0000][gc,phases   ] GC(1309)   Merge Heap Roots: 1.2ms
[2026-01-16T09:29:56.522+0000][gc,phases   ] GC(1309)   Evacuate Collection Set: 112.0ms
[2026-01-16T09:29:56.522+0000][gc,phases   ] GC(1309)   Post Evacuate Collection Set: 11.5ms
[2026-01-16T09:29:56.523+0000][gc,phases   ] GC(1309)   Other: 4.6ms
[2026-01-16T09:29:56.523+0000][gc,heap     ] GC(1309) Eden regions: 46->0(46)
[2026-01-16T09:29:56.523+0000][gc,heap     ] GC(1309) Survivor regions: 5->5(7)
[2026-01-16T09:29:56.523+0000][gc,heap     ] GC(1309) Old regions: 200->201
[2026-01-16T09:29:56.524+0000][gc,heap     ] GC(1309) Humongous regions: 167->167
[2026-01-16T09:29:56.531+0000][gc,metaspace] GC(1309) Metaspace: 16053K(16512K)->16053K(16512K) NonClass: 14329K(14528K)->14329K(14528K) Class: 1723K(1984K)->1723K(1984K)
[2026-01-16T09:29:56.536+0000][gc          ] GC(1309) Pause Young (Normal) (G1 Evacuation Pause) 416M->371M(1024M) 154.759ms
[2026-01-16T09:29:56.546+0000][gc,cpu      ] GC(1309) User=0.11s Sys=0.02s Real=0.16s
[2026-01-16T09:29:57.076+0000][gc,start    ] GC(1310) Pause Young (Normal) (G1 Evacuation Pause)
[2026-01-16T09:29:57.077+0000][gc,task     ] GC(1310) Using 8 workers of 8 for evacuation
[2026-01-16T09:29:57.237+0000][gc,phases   ] GC(1310)   Pre Evacuate Collection Set: 12.7ms
[2026-01-16T09:29:57.238+0000][gc,phases   ] GC(1310)   Merge Heap Roots: 5.0ms
[2026-01-16T09:29:57.238+0000][gc,phases   ] GC(1310)   Evacuate Collection Set: 134.0ms
[2026-01-16T09:29:57.239+0000][gc,phases   ] GC(1310)   Post Evacuate Collection Set: 8.8ms
[2026-01-16T09:29:57.240+0000][gc,phases   ] GC(1310)   Other: 0.4ms
[2026-01-16T09:29:57.241+0000][gc,heap     ] GC(1310) Eden regions: 46->0(48)
[2026-01-16T09:29:57.241+0000][gc,heap     ] GC(1310) Survivor regions: 5->3(7)
[2026-01-16T09:29:57.241+0000][gc,heap     ] GC(1310) Old regions: 201->201
[2026-01-16T09:29:57.241+0000][gc,heap     ] GC(1310) Humongous regions: 167->167
[2026-01-16T09:29:57.241+0000][gc,metaspace] GC(1310) Metaspace: 16053K(16512K)->16053K(16512K) NonClass: 14329K(14528K)->14329K(14528K) Class: 1723K(1984K)->1723K(1984K)
[2026-01-16T09:29:57.242+0000][gc          ] GC(1310) Pause Young (Normal) (G1 Evacuation Pause) 417M->369M(1024M) 165.983ms
[2026-01-16T09:29:57.242+0000][gc,cpu      ] GC(1310) User=0.07s Sys=0.01s Real=0.17s
[2026-01-16T09:29:58.852+0000][gc,start    ] GC(1311) Pause Young (Normal) (G1 Evacuation Pause)
[2026-01-16T09:29:58.855+0000][gc,task     ] GC(1311) Using 8 workers of 8 for evacuation
[2026-01-16T09:29:58.990+0000][gc,phases   ] GC(1311)   Pre Evacuate Collection Set: 9.6ms
[2026-01-16T09:29:58.990+0000][gc,phases   ] GC(1311)   Merge Heap Roots: 3.4ms
[2026-01-16T09:29:58.991+0000][gc,phases   ] GC(1311)   Evacuate Collection Set: 87.7ms
[2026-01-16T09:29:58.995+0000][gc,phases   ] GC(1311)   Post Evacuate Collection Set: 31.5ms
[2026-01-16T09:29:58.998+0000][gc,phases   ] GC(1311)   Other: 3.3ms
[2026-01-16T09:29:58.998+0000][gc,heap     ] GC(1311) Eden regions: 48->0(48)
[2026-01-16T09:29:58.999+0000][gc,heap     ] GC(1311) Survivor regions: 3->3(7)
[2026-01-16T09:29:59.000+0000][gc,heap     ] GC(1311) Old regions: 201->201
[2026-01-16T09:29:59.000+0000][gc,heap     ] GC(1311) Humongous regions: 167->167
[2026-01-16T09:29:59.001+0000][gc,metaspace] GC(1311) Metaspace: 16053K(16512K)->16053K(16512K) NonClass: 14329K(14528K)->14329K(14528K) Class: 1723K(1984K)->1723K(1984K)
[2026-01-16T09:29:59.001+0000][gc          ] GC(1311) Pause Young (Normal) (G1 Evacuation Pause) 417M->370M(1024M) 149.035ms
[2026-01-16T09:29:59.002+0000][gc,cpu      ] GC(1311) User=0.11s Sys=0.01s Real=0.15s
[2026-01-16T09:30:03.231+0000][gc,start    ] GC(1312) Pause Young (Normal) (G1 Evacuation Pause)
[2026-01-16T09:30:03.276+0000][gc,task     ] GC(1312) Using 8 workers of 8 for evacuation
[2026-01-16T09:30:03.770+0000][gc,mmu      ] GC(1312) MMU target violated: 201.0ms (200.0ms/201.0ms)
[2026-01-16T09:30:03.774+0000][gc,phases   ] GC(1312)   Pre Evacuate Collection Set: 98.6ms
[2026-01-16T09:30:03.775+0000][gc,phases   ] GC(1312)   Merge Heap Roots: 14.3ms
[2026-01-16T09:30:03.778+0000][gc,phases   ] GC(1312)   Evacuate Collection Set: 330.8ms
[2026-01-16T09:30:03.779+0000][gc,phases   ] GC(1312)   Post Evacuate Collection Set: 49.7ms
[2026-01-16T09:30:03.779+0000][gc,phases   ] GC(1312)   Other: 44.7ms
[2026-01-16T09:30:03.779+0000][gc,heap     ] GC(1312) Eden regions: 48->0(48)
[2026-01-16T09:30:03.779+0000][gc,heap     ] GC(1312) Survivor regions: 3->3(7)
[2026-01-16T09:30:03.781+0000][gc,heap     ] GC(1312) Old regions: 201->201
[2026-01-16T09:30:03.781+0000][gc,heap     ] GC(1312) Humongous regions: 167->167
[2026-01-16T09:30:03.782+0000][gc,metaspace] GC(1312) Metaspace: 16053K(16512K)->16053K(16512K) NonClass: 14329K(14528K)->14329K(14528K) Class: 1723K(1984K)->1723K(1984K)
[2026-01-16T09:30:03.782+0000][gc          ] GC(1312) Pause Young (Normal) (G1 Evacuation Pause) 418M->370M(1024M) 551.598ms
[2026-01-16T09:30:03.785+0000][gc,cpu      ] GC(1312) User=0.24s Sys=0.01s Real=0.55s
[2026-01-16T09:30:07.128+0000][gc,start    ] GC(1313) Pause Young (Normal) (G1 Evacuation Pause)
[2026-01-16T09:30:07.135+0000][gc,task     ] GC(1313) Using 8 workers of 8 for evacuation
[2026-01-16T09:30:08.294+0000][gc,mmu      ] GC(1313) MMU target violated: 201.0ms (200.0ms/201.0ms)
[2026-01-16T09:30:08.297+0000][gc,phases   ] GC(1313)   Pre Evacuate Collection Set: 61.5ms
[2026-01-16T09:30:08.304+0000][gc,phases   ] GC(1313)   Merge Heap Roots: 9.6ms
[2026-01-16T09:30:08.322+0000][gc,phases   ] GC(1313)   Evacuate Collection Set: 1032.0ms
[2026-01-16T09:30:08.325+0000][gc,phases   ] GC(1313)   Post Evacuate Collection Set: 52.0ms
[2026-01-16T09:30:08.325+0000][gc,phases   ] GC(1313)   Other: 8.3ms
[2026-01-16T09:30:08.325+0000][gc,heap     ] GC(1313) Eden regions: 48->0(49)
[2026-01-16T09:30:08.325+0000][gc,heap     ] GC(1313) Survivor regions: 3->2(7)
[2026-01-16T09:30:08.325+0000][gc,heap     ] GC(1313) Old regions: 201->201
[2026-01-16T09:30:08.325+0000][gc,heap     ] GC(1313) Humongous regions: 167->167
[2026-01-16T09:30:08.325+0000][gc,metaspace] GC(1313) Metaspace: 16054K(16512K)->16054K(16512K) NonClass: 14330K(14528K)->14330K(14528K) Class: 1723K(1984K)->1723K(1984K)
[2026-01-16T09:30:08.330+0000][gc          ] GC(1313) Pause Young (Normal) (G1 Evacuation Pause) 418M->369M(1024M) 1201.944ms
[2026-01-16T09:30:08.333+0000][gc,cpu      ] GC(1313) User=0.57s Sys=0.07s Real=1.20s
[2026-01-16T09:30:12.143+0000][gc,start    ] GC(1314) Pause Young (Normal) (G1 Evacuation Pause)
[2026-01-16T09:30:12.144+0000][gc,task     ] GC(1314) Using 8 workers of 8 for evacuation
[2026-01-16T09:30:12.520+0000][gc,mmu      ] GC(1314) MMU target violated: 201.0ms (200.0ms/201.0ms)
[2026-01-16T09:30:12.520+0000][gc,phases   ] GC(1314)   Pre Evacuate Collection Set: 34.7ms
[2026-01-16T09:30:12.522+0000][gc,phases   ] GC(1314)   Merge Heap Roots: 11.1ms
[2026-01-16T09:30:12.526+0000][gc,phases   ] GC(1314)   Evacuate Collection Set: 292.2ms
[2026-01-16T09:30:12.528+0000][gc,phases   ] GC(1314)   Post Evacuate Collection Set: 37.4ms
[2026-01-16T09:30:12.531+0000][gc,phases   ] GC(1314)   Other: 1.2ms
[2026-01-16T09:30:12.531+0000][gc,heap     ] GC(1314) Eden regions: 49->0(48)
[2026-01-16T09:30:12.532+0000][gc,heap     ] GC(1314) Survivor regions: 2->3(7)
[2026-01-16T09:30:12.532+0000][gc,heap     ] GC(1314) Old regions: 201->201
[2026-01-16T09:30:12.532+0000][gc,heap     ] GC(1314) Humongous regions: 167->167
[2026-01-16T09:30:12.532+0000][gc,metaspace] GC(1314) Metaspace: 16054K(16512K)->16054K(16512K) NonClass: 14330K(14528K)->14330K(14528K) Class: 1723K(1984K)->1723K(1984K)
[2026-01-16T09:30:12.533+0000][gc          ] GC(1314) Pause Young (Normal) (G1 Evacuation Pause) 418M->369M(1024M) 390.339ms
[2026-01-16T09:30:12.533+0000][gc,cpu      ] GC(1314) User=0.17s Sys=0.03s Real=0.39s
[2026-01-16T09:30:15.180+0000][gc,start    ] GC(1315) Pause Young (Normal) (G1 Evacuation Pause)
[2026-01-16T09:30:15.201+0000][gc,task     ] GC(1315) Using 8 workers of 8 for evacuation
[2026-01-16T09:30:15.454+0000][gc,mmu      ] GC(1315) MMU target violated: 201.0ms (200.0ms/201.0ms)
[2026-01-16T09:30:15.455+0000][gc,phases   ] GC(1315)   Pre Evacuate Collection Set: 27.5ms
[2026-01-16T09:30:15.456+0000][gc,phases   ] GC(1315)   Merge Heap Roots: 6.6ms
[2026-01-16T09:30:15.456+0000][gc,phases   ] GC(1315)   Evacuate Collection Set: 196.3ms
[2026-01-16T09:30:15.456+0000][gc,phases   ] GC(1315)   Post Evacuate Collection Set: 15.8ms
[2026-01-16T09:30:15.459+0000][gc,phases   ] GC(1315)   Other: 7.8ms
[2026-01-16T09:30:15.463+0000][gc,heap     ] GC(1315) Eden regions: 48->0(47)
[2026-01-16T09:30:15.464+0000][gc,heap     ] GC(1315) Survivor regions: 3->4(7)
[2026-01-16T09:30:15.464+0000][gc,heap     ] GC(1315) Old regions: 201->201
[2026-01-16T09:30:15.464+0000][gc,heap     ] GC(1315) Humongous regions: 167->167
[2026-01-16T09:30:15.464+0000][gc,metaspace] GC(1315) Metaspace: 16054K(16512K)->16054K(16512K) NonClass: 14330K(14528K)->14330K(14528K) Class: 1723K(1984K)->1723K(1984K)
[2026-01-16T09:30:15.469+0000][gc          ] GC(1315) Pause Young (Normal) (G1 Evacuation Pause) 417M->370M(1024M) 289.728ms
[2026-01-16T09:30:15.485+0000][gc,cpu      ] GC(1315) User=0.22s Sys=0.02s Real=0.30s
[2026-01-16T09:30:16.451+0000][gc,start    ] GC(1316) Pause Young (Normal) (G1 Evacuation Pause)
[2026-01-16T09:30:16.451+0000][gc,task     ] GC(1316) Using 8 workers of 8 for evacuation
[2026-01-16T09:30:16.540+0000][gc,phases   ] GC(1316)   Pre Evacuate Collection Set: 2.3ms
[2026-01-16T09:30:16.541+0000][gc,phases   ] GC(1316)   Merge Heap Roots: 0.3ms
[2026-01-16T09:30:16.541+0000][gc,phases   ] GC(1316)   Evacuate Collection Set: 81.2ms
[2026-01-16T09:30:16.542+0000][gc,phases   ] GC(1316)   Post Evacuate Collection Set: 2.5ms
[2026-01-16T09:30:16.542+0000][gc,phases   ] GC(1316)   Other: 2.5ms
[2026-01-16T09:30:16.542+0000][gc,heap     ] GC(1316) Eden regions: 47->0(47)
[2026-01-16T09:30:16.543+0000][gc,heap     ] GC(1316) Survivor regions: 4->4(7)
[2026-01-16T09:30:16.543+0000][gc,heap     ] GC(1316) Old regions: 201->201
[2026-01-16T09:30:16.544+0000][gc,heap     ] GC(1316) Humongous regions: 167->167
[2026-01-16T09:30:16.545+0000][gc,metaspace] GC(1316) Metaspace: 16054K(16512K)->16054K(16512K) NonClass: 14330K(14528K)->14330K(14528K) Class: 1723K(1984K)->1723K(1984K)
[2026-01-16T09:30:16.546+0000][gc          ] GC(1316) Pause Young (Normal) (G1 Evacuation Pause) 417M->371M(1024M) 95.047ms
[2026-01-16T09:30:16.546+0000][gc,cpu      ] GC(1316) User=0.06s Sys=0.00s Real=0.09s
[2026-01-16T09:30:16.990+0000][gc,start    ] GC(1317) Pause Young (Normal) (G1 Evacuation Pause)
[2026-01-16T09:30:16.991+0000][gc,task     ] GC(1317) Using 8 workers of 8 for evacuation
[2026-01-16T09:30:17.168+0000][gc,phases   ] GC(1317)   Pre Evacuate Collection Set: 38.2ms
[2026-01-16T09:30:17.168+0000][gc,phases   ] GC(1317)   Merge Heap Roots: 5.6ms
[2026-01-16T09:30:17.169+0000][gc,phases   ] GC(1317)   Evacuate Collection Set: 110.5ms
[2026-01-16T09:30:17.169+0000][gc,phases   ] GC(1317)   Post Evacuate Collection Set: 19.5ms
[2026-01-16T09:30:17.169+0000][gc,phases   ] GC(1317)   Other: 3.4ms
[2026-01-16T09:30:17.169+0000][gc,heap     ] GC(1317) Eden regions: 47->0(46)
[2026-01-16T09:30:17.169+0000][gc,heap     ] GC(1317) Survivor regions: 4->5(7)
[2026-01-16T09:30:17.170+0000][gc,heap     ] GC(1317) Old regions: 201->201
[2026-01-16T09:30:17.171+0000][gc,heap     ] GC(1317) Humongous regions: 167->167
[2026-01-16T09:30:17.171+0000][gc,metaspace] GC(1317) Metaspace: 16054K(16512K)->16054K(16512K) NonClass: 14330K(14528K)->14330K(14528K) Class: 1723K(1984K)->1723K(1984K)
[2026-01-16T09:30:17.172+0000][gc          ] GC(1317) Pause Young (Normal) (G1 Evacuation Pause) 418M->372M(1024M) 181.722ms
[2026-01-16T09:30:17.172+0000][gc,cpu      ] GC(1317) User=0.13s Sys=0.01s Real=0.18s
[2026-01-16T09:30:17.641+0000][gc,start    ] GC(1318) Pause Young (Normal) (G1 Evacuation Pause)
[2026-01-16T09:30:17.644+0000][gc,task     ] GC(1318) Using 8 workers of 8 for evacuation
[2026-01-16T09:30:17.722+0000][gc,phases   ] GC(1318)   Pre Evacuate Collection Set: 0.6ms
[2026-01-16T09:30:17.722+0000][gc,phases   ] GC(1318)   Merge Heap Roots: 0.2ms
[2026-01-16T09:30:17.723+0000][gc,phases   ] GC(1318)   Evacuate Collection Set: 68.1ms
[2026-01-16T09:30:17.724+0000][gc,phases   ] GC(1318)   Post Evacuate Collection Set: 6.7ms
[2026-01-16T09:30:17.724+0000][gc,phases   ] GC(1318)   Other: 1.9ms
[2026-01-16T09:30:17.724+0000][gc,heap     ] GC(1318) Eden regions: 46->0(48)
[2026-01-16T09:30:17.725+0000][gc,heap     ] GC(1318) Survivor regions: 5->3(7)
[2026-01-16T09:30:17.725+0000][gc,heap     ] GC(1318) Old regions: 201->202
[2026-01-16T09:30:17.727+0000][gc,heap     ] GC(1318) Humongous regions: 167->167
[2026-01-16T09:30:17.728+0000][gc,metaspace] GC(1318) Metaspace: 16054K(16512K)->16054K(16512K) NonClass: 14330K(14528K)->14330K(14528K) Class: 1723K(1984K)->1723K(1984K)
[2026-01-16T09:30:17.729+0000][gc          ] GC(1318) Pause Young (Normal) (G1 Evacuation Pause) 418M->370M(1024M) 88.212ms
[2026-01-16T09:30:17.734+0000][gc,cpu      ] GC(1318) User=0.05s Sys=0.01s Real=0.09s
[2026-01-16T09:30:18.699+0000][gc,start    ] GC(1319) Pause Young (Normal) (G1 Evacuation Pause)
[2026-01-16T09:30:18.700+0000][gc,task     ] GC(1319) Using 8 workers of 8 for evacuation
[2026-01-16T09:30:18.837+0000][gc,phases   ] GC(1319)   Pre Evacuate Collection Set: 12.3ms
[2026-01-16T09:30:18.838+0000][gc,phases   ] GC(1319)   Merge Heap Roots: 4.4ms
[2026-01-16T09:30:18.839+0000][gc,phases   ] GC(1319)   Evacuate Collection Set: 113.2ms
[2026-01-16T09:30:18.839+0000][gc,phases   ] GC(1319)   Post Evacuate Collection Set: 6.6ms
[2026-01-16T09:30:18.839+0000][gc,phases   ] GC(1319)   Other: 0.7ms
[2026-01-16T09:30:18.839+0000][gc,heap     ] GC(1319) Eden regions: 48->0(48)
[2026-01-16T09:30:18.839+0000][gc,heap     ] GC(1319) Survivor regions: 3->3(7)
[2026-01-16T09:30:18.839+0000][gc,heap     ] GC(1319) Old regions: 202->202
[2026-01-16T09:30:18.841+0000][gc,heap     ] GC(1319) Humongous regions: 167->167
[2026-01-16T09:30:18.841+0000][gc,metaspace] GC(1319) Metaspace: 16054K(16512K)->16054K(16512K) NonClass: 14330K(14528K)->14330K(14528K) Class: 1723K(1984K)->1723K(1984K)
[2026-01-16T09:30:18.843+0000][gc          ] GC(1319) Pause Young (Normal) (G1 Evacuation Pause) 418M->370M(1024M) 144.036ms
[2026-01-16T09:30:18.843+0000][gc,cpu      ] GC(1319) User=0.09s Sys=0.00s Real=0.14s
[2026-01-16T09:30:19.982+0000][gc,start    ] GC(1320) Pause Young (Normal) (G1 Evacuation Pause)
[2026-01-16T09:30:19.983+0000][gc,task     ] GC(1320) Using 8 workers of 8 for evacuation
[2026-01-16T09:30:20.072+0000][gc,phases   ] GC(1320)   Pre Evacuate Collection Set: 8.8ms
[2026-01-16T09:30:20.074+0000][gc,phases   ] GC(1320)   Merge Heap Roots: 0.2ms
[2026-01-16T09:30:20.074+0000][gc,phases   ] GC(1320)   Evacuate Collection Set: 66.1ms
[2026-01-16T09:30:20.075+0000][gc,phases   ] GC(1320)   Post Evacuate Collection Set: 12.8ms
[2026-01-16T09:30:20.075+0000][gc,phases   ] GC(1320)   Other: 0.9ms
[2026-01-16T09:30:20.081+0000][gc,heap     ] GC(1320) Eden regions: 48->0(49)
[2026-01-16T09:30:20.082+0000][gc,heap     ] GC(1320) Survivor regions: 3->2(7)
[2026-01-16T09:30:20.082+0000][gc,heap     ] GC(1320) Old regions: 202->202
[2026-01-16T09:30:20.083+0000][gc,heap     ] GC(1320) Humongous regions: 167->167
[2026-01-16T09:30:20.083+0000][gc,metaspace] GC(1320) Metaspace: 16054K(16512K)->16054K(16512K) NonClass: 14330K(14528K)->14330K(14528K) Class: 1723K(1984K)->1723K(1984K)
[2026-01-16T09:30:20.084+0000][gc          ] GC(1320) Pause Young (Normal) (G1 Evacuation Pause) 418M->369M(1024M) 101.881ms
[2026-01-16T09:30:20.084+0000][gc,cpu      ] GC(1320) User=0.04s Sys=0.00s Real=0.10s
[2026-01-16T09:30:20.945+0000][gc,start    ] GC(1321) Pause Young (Normal) (G1 Evacuation Pause)
[2026-01-16T09:30:20.946+0000][gc,task     ] GC(1321) Using 8 workers of 8 for evacuation
[2026-01-16T09:30:21.111+0000][gc,phases   ] GC(1321)   Pre Evacuate Collection Set: 41.6ms
[2026-01-16T09:30:21.112+0000][gc,phases   ] GC(1321)   Merge Heap Roots: 0.4ms
[2026-01-16T09:30:21.112+0000][gc,phases   ] GC(1321)   Evacuate Collection Set: 112.9ms
[2026-01-16T09:30:21.113+0000][gc,phases   ] GC(1321)   Post Evacuate Collection Set: 9.0ms
[2026-01-16T09:30:21.114+0000][gc,phases   ] GC(1321)   Other: 1.9ms
[2026-01-16T09:30:21.115+0000][gc,heap     ] GC(1321) Eden regions: 57->0(51)
[2026-01-16T09:30:21.115+0000][gc,heap     ] GC(1321) Survivor regions: 2->2(8)
[2026-01-16T09:30:21.115+0000][gc,heap     ] GC(1321) Old regions: 202->202
[2026-01-16T09:30:21.116+0000][gc,heap     ] GC(1321) Humongous regions: 167->167
[2026-01-16T09:30:21.117+0000][gc,metaspace] GC(1321) Metaspace: 16054K(16512K)->16054K(16512K) NonClass: 14330K(14528K)->14330K(14528K) Class: 1723K(1984K)->1723K(1984K)
[2026-01-16T09:30:21.122+0000][gc          ] GC(1321) Pause Young (Normal) (G1 Evacuation Pause) 426M->369M(1024M) 175.191ms
[2026-01-16T09:30:21.125+0000][gc,cpu      ] GC(1321) User=0.09s Sys=0.02s Real=0.18s
[2026-01-16T09:30:22.454+0000][gc,start    ] GC(1322) Pause Young (Normal) (G1 Evacuation Pause)
[2026-01-16T09:30:22.463+0000][gc,task     ] GC(1322) Using 8 workers of 8 for evacuation
[2026-01-16T09:30:22.763+0000][gc,mmu      ] GC(1322) MMU target violated: 201.0ms (200.0ms/201.0ms)
[2026-01-16T09:30:22.766+0000][gc,phases   ] GC(1322)   Pre Evacuate Collection Set: 7.4ms
[2026-01-16T09:30:22.766+0000][gc,phases   ] GC(1322)   Merge Heap Roots: 0.3ms
[2026-01-16T09:30:22.766+0000][gc,phases   ] GC(1322)   Evacuate Collection Set: 280.5ms
[2026-01-16T09:30:22.766+0000][gc,phases   ] GC(1322)   Post Evacuate Collection Set: 8.4ms
[2026-01-16T09:30:22.767+0000][gc,phases   ] GC(1322)   Other: 6.1ms
[2026-01-16T09:30:22.767+0000][gc,heap     ] GC(1322) Eden regions: 59->0(48)
[2026-01-16T09:30:22.767+0000][gc,heap     ] GC(1322) Survivor regions: 2->3(8)
[2026-01-16T09:30:22.768+0000][gc,heap     ] GC(1322) Old regions: 202->202
[2026-01-16T09:30:22.768+0000][gc,heap     ] GC(1322) Humongous regions: 167->167
[2026-01-16T09:30:22.768+0000][gc,metaspace] GC(1322) Metaspace: 16054K(16512K)->16054K(16512K) NonClass: 14330K(14528K)->14330K(14528K) Class: 1723K(1984K)->1723K(1984K)
[2026-01-16T09:30:22.769+0000][gc          ] GC(1322) Pause Young (Normal) (G1 Evacuation Pause) 428M->370M(1024M) 315.078ms
[2026-01-16T09:30:22.770+0000][gc,cpu      ] GC(1322) User=0.16s Sys=0.01s Real=0.32s
[2026-01-16T09:30:29.348+0000][gc,start    ] GC(1323) Pause Young (Normal) (G1 Evacuation Pause)
[2026-01-16T09:30:29.350+0000][gc,task     ] GC(1323) Using 8 workers of 8 for evacuation
[2026-01-16T09:30:29.463+0000][gc,phases   ] GC(1323)   Pre Evacuate Collection Set: 15.9ms
[2026-01-16T09:30:29.465+0000][gc,phases   ] GC(1323)   Merge Heap Roots: 0.9ms
[2026-01-16T09:30:29.466+0000][gc,phases   ] GC(1323)   Evacuate Collection Set: 88.4ms
[2026-01-16T09:30:29.467+0000][gc,phases   ] GC(1323)   Post Evacuate Collection Set: 5.9ms
[2026-01-16T09:30:29.470+0000][gc,phases   ] GC(1323)   Other: 2.5ms
[2026-01-16T09:30:29.470+0000][gc,heap     ] GC(1323) Eden regions: 48->0(95)
[2026-01-16T09:30:29.471+0000][gc,heap     ] GC(1323) Survivor regions: 3->1(7)
[2026-01-16T09:30:29.474+0000][gc,heap     ] GC(1323) Old regions: 202->202
[2026-01-16T09:30:29.475+0000][gc,heap     ] GC(1323) Humongous regions: 167->167
[2026-01-16T09:30:29.475+0000][gc,metaspace] GC(1323) Metaspace: 16054K(16512K)->16054K(16512K) NonClass: 14330K(14528K)->14330K(14528K) Class: 1723K(1984K)->1723K(1984K)
[2026-01-16T09:30:29.475+0000][gc          ] GC(1323) Pause Young (Normal) (G1 Evacuation Pause) 418M->368M(1024M) 127.348ms
[2026-01-16T09:30:29.476+0000][gc,cpu      ] GC(1323) User=0.10s Sys=0.01s Real=0.12s
[2026-01-16T09:30:32.145+0000][gc,start    ] GC(1324) Pause Young (Normal) (G1 Evacuation Pause)
[2026-01-16T09:30:32.146+0000][gc,task     ] GC(1324) Using 8 workers of 8 for evacuation
[2026-01-16T09:30:32.248+0000][gc,phases   ] GC(1324)   Pre Evacuate Collection Set: 5.5ms
[2026-01-16T09:30:32.249+0000][gc,phases   ] GC(1324)   Merge Heap Roots: 1.3ms
[2026-01-16T09:30:32.250+0000][gc,phases   ] GC(1324)   Evacuate Collection Set: 89.1ms
[2026-01-16T09:30:32.250+0000][gc,phases   ] GC(1324)   Post Evacuate Collection Set: 5.2ms
[2026-01-16T09:30:32.250+0000][gc,phases   ] GC(1324)   Other: 1.2ms
[2026-01-16T09:30:32.250+0000][gc,heap     ] GC(1324) Eden regions: 89->0(76)
[2026-01-16T09:30:32.250+0000][gc,heap     ] GC(1324) Survivor regions: 1->2(12)
[2026-01-16T09:30:32.250+0000][gc,heap     ] GC(1324) Old regions: 202->202
[2026-01-16T09:30:32.251+0000][gc,heap     ] GC(1324) Humongous regions: 167->167
[2026-01-16T09:30:32.251+0000][gc,metaspace] GC(1324) Metaspace: 16054K(16512K)->16054K(16512K) NonClass: 14330K(14528K)->14330K(14528K) Class: 1723K(1984K)->1723K(1984K)
[2026-01-16T09:30:32.252+0000][gc          ] GC(1324) Pause Young (Normal) (G1 Evacuation Pause) 457M->369M(1024M) 106.807ms
[2026-01-16T09:30:32.252+0000][gc,cpu      ] GC(1324) User=0.17s Sys=0.01s Real=0.11s
[2026-01-16T09:30:33.464+0000][gc,start    ] GC(1325) Pause Young (Normal) (G1 Evacuation Pause)
[2026-01-16T09:30:33.470+0000][gc,task     ] GC(1325) Using 8 workers of 8 for evacuation
[2026-01-16T09:30:33.533+0000][gc,phases   ] GC(1325)   Pre Evacuate Collection Set: 11.6ms
[2026-01-16T09:30:33.534+0000][gc,phases   ] GC(1325)   Merge Heap Roots: 3.8ms
[2026-01-16T09:30:33.535+0000][gc,phases   ] GC(1325)   Evacuate Collection Set: 45.4ms
[2026-01-16T09:30:33.535+0000][gc,phases   ] GC(1325)   Post Evacuate Collection Set: 1.6ms
[2026-01-16T09:30:33.535+0000][gc,phases   ] GC(1325)   Other: 0.7ms
[2026-01-16T09:30:33.536+0000][gc,heap     ] GC(1325) Eden regions: 70->0(78)
[2026-01-16T09:30:33.536+0000][gc,heap     ] GC(1325) Survivor regions: 2->3(9)
[2026-01-16T09:30:33.537+0000][gc,heap     ] GC(1325) Old regions: 202->202
[2026-01-16T09:30:33.540+0000][gc,heap     ] GC(1325) Humongous regions: 167->167
[2026-01-16T09:30:33.541+0000][gc,metaspace] GC(1325) Metaspace: 16054K(16512K)->16054K(16512K) NonClass: 14330K(14528K)->14330K(14528K) Class: 1723K(1984K)->1723K(1984K)
[2026-01-16T09:30:33.543+0000][gc          ] GC(1325) Pause Young (Normal) (G1 Evacuation Pause) 439M->370M(1024M) 78.465ms
[2026-01-16T09:30:33.545+0000][gc,cpu      ] GC(1325) User=0.05s Sys=0.01s Real=0.08s
[2026-01-16T09:30:40.561+0000][gc,start    ] GC(1326) Pause Young (Normal) (G1 Evacuation Pause)
[2026-01-16T09:30:40.566+0000][gc,task     ] GC(1326) Using 8 workers of 8 for evacuation
[2026-01-16T09:30:40.759+0000][gc,phases   ] GC(1326)   Pre Evacuate Collection Set: 18.4ms
[2026-01-16T09:30:40.761+0000][gc,phases   ] GC(1326)   Merge Heap Roots: 7.0ms
[2026-01-16T09:30:40.762+0000][gc,phases   ] GC(1326)   Evacuate Collection Set: 152.4ms
[2026-01-16T09:30:40.763+0000][gc,phases   ] GC(1326)   Post Evacuate Collection Set: 14.7ms
[2026-01-16T09:30:40.764+0000][gc,phases   ] GC(1326)   Other: 1.0ms
[2026-01-16T09:30:40.774+0000][gc,heap     ] GC(1326) Eden regions: 73->0(114)
[2026-01-16T09:30:40.774+0000][gc,heap     ] GC(1326) Survivor regions: 3->2(10)
[2026-01-16T09:30:40.774+0000][gc,heap     ] GC(1326) Old regions: 202->202
[2026-01-16T09:30:40.774+0000][gc,heap     ] GC(1326) Humongous regions: 167->167
[2026-01-16T09:30:40.774+0000][gc,metaspace] GC(1326) Metaspace: 16054K(16512K)->16054K(16512K) NonClass: 14330K(14528K)->14330K(14528K) Class: 1723K(1984K)->1723K(1984K)
[2026-01-16T09:30:40.778+0000][gc          ] GC(1326) Pause Young (Normal) (G1 Evacuation Pause) 443M->369M(1024M) 217.067ms
[2026-01-16T09:30:40.779+0000][gc,cpu      ] GC(1326) User=0.14s Sys=0.01s Real=0.22s
[2026-01-16T09:30:42.875+0000][gc,start    ] GC(1327) Pause Young (Normal) (G1 Evacuation Pause)
[2026-01-16T09:30:42.877+0000][gc,task     ] GC(1327) Using 8 workers of 8 for evacuation
[2026-01-16T09:30:43.039+0000][gc,phases   ] GC(1327)   Pre Evacuate Collection Set: 9.3ms
[2026-01-16T09:30:43.040+0000][gc,phases   ] GC(1327)   Merge Heap Roots: 11.3ms
[2026-01-16T09:30:43.044+0000][gc,phases   ] GC(1327)   Evacuate Collection Set: 121.5ms
[2026-01-16T09:30:43.044+0000][gc,phases   ] GC(1327)   Post Evacuate Collection Set: 18.8ms
[2026-01-16T09:30:43.044+0000][gc,phases   ] GC(1327)   Other: 0.5ms
[2026-01-16T09:30:43.045+0000][gc,heap     ] GC(1327) Eden regions: 101->0(83)
[2026-01-16T09:30:43.045+0000][gc,heap     ] GC(1327) Survivor regions: 2->3(13)
[2026-01-16T09:30:43.045+0000][gc,heap     ] GC(1327) Old regions: 202->202
[2026-01-16T09:30:43.045+0000][gc,heap     ] GC(1327) Humongous regions: 167->167
[2026-01-16T09:30:43.045+0000][gc,metaspace] GC(1327) Metaspace: 16054K(16512K)->16054K(16512K) NonClass: 14330K(14528K)->14330K(14528K) Class: 1723K(1984K)->1723K(1984K)
[2026-01-16T09:30:43.045+0000][gc          ] GC(1327) Pause Young (Normal) (G1 Evacuation Pause) 470M->370M(1024M) 170.068ms
[2026-01-16T09:30:43.046+0000][gc,cpu      ] GC(1327) User=0.20s Sys=0.02s Real=0.17s
[2026-01-16T09:30:51.459+0000][gc,start    ] GC(1328) Pause Young (Normal) (G1 Evacuation Pause)
[2026-01-16T09:30:51.461+0000][gc,task     ] GC(1328) Using 8 workers of 8 for evacuation
[2026-01-16T09:30:51.568+0000][gc,phases   ] GC(1328)   Pre Evacuate Collection Set: 20.7ms
[2026-01-16T09:30:51.570+0000][gc,phases   ] GC(1328)   Merge Heap Roots: 1.2ms
[2026-01-16T09:30:51.570+0000][gc,phases   ] GC(1328)   Evacuate Collection Set: 75.1ms
[2026-01-16T09:30:51.570+0000][gc,phases   ] GC(1328)   Post Evacuate Collection Set: 7.5ms
[2026-01-16T09:30:51.571+0000][gc,phases   ] GC(1328)   Other: 1.8ms
[2026-01-16T09:30:51.571+0000][gc,heap     ] GC(1328) Eden regions: 77->0(161)
[2026-01-16T09:30:51.571+0000][gc,heap     ] GC(1328) Survivor regions: 3->2(10)
[2026-01-16T09:30:51.572+0000][gc,heap     ] GC(1328) Old regions: 202->202
[2026-01-16T09:30:51.572+0000][gc,heap     ] GC(1328) Humongous regions: 167->167
[2026-01-16T09:30:51.572+0000][gc,metaspace] GC(1328) Metaspace: 16054K(16512K)->16054K(16512K) NonClass: 14330K(14528K)->14330K(14528K) Class: 1723K(1984K)->1723K(1984K)
[2026-01-16T09:30:51.573+0000][gc          ] GC(1328) Pause Young (Normal) (G1 Evacuation Pause) 447M->369M(1024M) 115.379ms
[2026-01-16T09:30:51.574+0000][gc,cpu      ] GC(1328) User=0.18s Sys=0.01s Real=0.11s
[2026-01-16T09:31:00.753+0000][gc,start    ] GC(1329) Pause Young (Normal) (G1 Evacuation Pause)
[2026-01-16T09:31:00.766+0000][gc,task     ] GC(1329) Using 8 workers of 8 for evacuation
[2026-01-16T09:31:01.029+0000][gc,mmu      ] GC(1329) MMU target violated: 201.0ms (200.0ms/201.0ms)
[2026-01-16T09:31:01.030+0000][gc,phases   ] GC(1329)   Pre Evacuate Collection Set: 62.5ms
[2026-01-16T09:31:01.030+0000][gc,phases   ] GC(1329)   Merge Heap Roots: 8.4ms
[2026-01-16T09:31:01.032+0000][gc,phases   ] GC(1329)   Evacuate Collection Set: 175.4ms
[2026-01-16T09:31:01.032+0000][gc,phases   ] GC(1329)   Post Evacuate Collection Set: 15.5ms
[2026-01-16T09:31:01.033+0000][gc,phases   ] GC(1329)   Other: 9.5ms
[2026-01-16T09:31:01.034+0000][gc,heap     ] GC(1329) Eden regions: 150->0(125)
[2026-01-16T09:31:01.035+0000][gc,heap     ] GC(1329) Survivor regions: 2->2(19)
[2026-01-16T09:31:01.043+0000][gc,heap     ] GC(1329) Old regions: 202->202
[2026-01-16T09:31:01.046+0000][gc,heap     ] GC(1329) Humongous regions: 167->167
[2026-01-16T09:31:01.095+0000][gc,metaspace] GC(1329) Metaspace: 16054K(16512K)->16054K(16512K) NonClass: 14330K(14528K)->14330K(14528K) Class: 1723K(1984K)->1723K(1984K)
[2026-01-16T09:31:01.125+0000][gc          ] GC(1329) Pause Young (Normal) (G1 Evacuation Pause) 519M->369M(1024M) 371.477ms
[2026-01-16T09:31:01.130+0000][gc,cpu      ] GC(1329) User=0.27s Sys=0.03s Real=0.38s
[2026-01-16T09:31:05.634+0000][gc,start    ] GC(1330) Pause Young (Normal) (G1 Evacuation Pause)
[2026-01-16T09:31:05.636+0000][gc,task     ] GC(1330) Using 8 workers of 8 for evacuation
[2026-01-16T09:31:05.955+0000][gc,mmu      ] GC(1330) MMU target violated: 201.0ms (200.0ms/201.0ms)
[2026-01-16T09:31:05.956+0000][gc,phases   ] GC(1330)   Pre Evacuate Collection Set: 27.6ms
[2026-01-16T09:31:05.956+0000][gc,phases   ] GC(1330)   Merge Heap Roots: 12.0ms
[2026-01-16T09:31:05.956+0000][gc,phases   ] GC(1330)   Evacuate Collection Set: 236.6ms
[2026-01-16T09:31:05.957+0000][gc,phases   ] GC(1330)   Post Evacuate Collection Set: 40.6ms
[2026-01-16T09:31:05.957+0000][gc,phases   ] GC(1330)   Other: 4.0ms
[2026-01-16T09:31:05.957+0000][gc,heap     ] GC(1330) Eden regions: 135->0(47)
[2026-01-16T09:31:05.959+0000][gc,heap     ] GC(1330) Survivor regions: 2->4(18)
[2026-01-16T09:31:05.963+0000][gc,heap     ] GC(1330) Old regions: 202->202
[2026-01-16T09:31:05.963+0000][gc,heap     ] GC(1330) Humongous regions: 167->167
[2026-01-16T09:31:05.963+0000][gc,metaspace] GC(1330) Metaspace: 16054K(16512K)->16054K(16512K) NonClass: 14330K(14528K)->14330K(14528K) Class: 1723K(1984K)->1723K(1984K)
[2026-01-16T09:31:05.964+0000][gc          ] GC(1330) Pause Young (Normal) (G1 Evacuation Pause) 504M->371M(1024M) 329.386ms
[2026-01-16T09:31:05.964+0000][gc,cpu      ] GC(1330) User=0.33s Sys=0.01s Real=0.33s
[2026-01-16T09:31:09.629+0000][gc,start    ] GC(1331) Pause Young (Normal) (G1 Evacuation Pause)
[2026-01-16T09:31:09.630+0000][gc,task     ] GC(1331) Using 8 workers of 8 for evacuation
[2026-01-16T09:31:09.801+0000][gc,phases   ] GC(1331)   Pre Evacuate Collection Set: 22.9ms
[2026-01-16T09:31:09.801+0000][gc,phases   ] GC(1331)   Merge Heap Roots: 9.1ms
[2026-01-16T09:31:09.802+0000][gc,phases   ] GC(1331)   Evacuate Collection Set: 132.4ms
[2026-01-16T09:31:09.802+0000][gc,phases   ] GC(1331)   Post Evacuate Collection Set: 6.3ms
[2026-01-16T09:31:09.802+0000][gc,phases   ] GC(1331)   Other: 0.8ms
[2026-01-16T09:31:09.803+0000][gc,heap     ] GC(1331) Eden regions: 47->0(115)
[2026-01-16T09:31:09.803+0000][gc,heap     ] GC(1331) Survivor regions: 4->2(7)
[2026-01-16T09:31:09.804+0000][gc,heap     ] GC(1331) Old regions: 202->202
[2026-01-16T09:31:09.804+0000][gc,heap     ] GC(1331) Humongous regions: 167->167
[2026-01-16T09:31:09.804+0000][gc,metaspace] GC(1331) Metaspace: 16054K(16512K)->16054K(16512K) NonClass: 14330K(14528K)->14330K(14528K) Class: 1723K(1984K)->1723K(1984K)
[2026-01-16T09:31:09.805+0000][gc          ] GC(1331) Pause Young (Normal) (G1 Evacuation Pause) 418M->370M(1024M) 175.793ms
[2026-01-16T09:31:09.805+0000][gc,cpu      ] GC(1331) User=0.13s Sys=0.01s Real=0.18s
[2026-01-16T09:31:13.404+0000][gc,start    ] GC(1332) Pause Young (Normal) (G1 Evacuation Pause)
[2026-01-16T09:31:13.414+0000][gc,task     ] GC(1332) Using 8 workers of 8 for evacuation
[2026-01-16T09:31:13.525+0000][gc,phases   ] GC(1332)   Pre Evacuate Collection Set: 23.5ms
[2026-01-16T09:31:13.525+0000][gc,phases   ] GC(1332)   Merge Heap Roots: 6.2ms
[2026-01-16T09:31:13.525+0000][gc,phases   ] GC(1332)   Evacuate Collection Set: 71.7ms
[2026-01-16T09:31:13.526+0000][gc,phases   ] GC(1332)   Post Evacuate Collection Set: 7.2ms
[2026-01-16T09:31:13.527+0000][gc,phases   ] GC(1332)   Other: 2.3ms
[2026-01-16T09:31:13.527+0000][gc,heap     ] GC(1332) Eden regions: 116->0(49)
[2026-01-16T09:31:13.528+0000][gc,heap     ] GC(1332) Survivor regions: 2->4(15)
[2026-01-16T09:31:13.529+0000][gc,heap     ] GC(1332) Old regions: 202->202
[2026-01-16T09:31:13.529+0000][gc,heap     ] GC(1332) Humongous regions: 167->167
[2026-01-16T09:31:13.529+0000][gc,metaspace] GC(1332) Metaspace: 16054K(16512K)->16054K(16512K) NonClass: 14330K(14528K)->14330K(14528K) Class: 1723K(1984K)->1723K(1984K)
[2026-01-16T09:31:13.530+0000][gc          ] GC(1332) Pause Young (Normal) (G1 Evacuation Pause) 486M->371M(1024M) 126.520ms
[2026-01-16T09:31:13.531+0000][gc,cpu      ] GC(1332) User=0.17s Sys=0.01s Real=0.13s
[2026-01-16T09:31:19.002+0000][gc,start    ] GC(1333) Pause Young (Normal) (G1 Evacuation Pause)
[2026-01-16T09:31:19.004+0000][gc,task     ] GC(1333) Using 8 workers of 8 for evacuation
[2026-01-16T09:31:19.111+0000][gc,phases   ] GC(1333)   Pre Evacuate Collection Set: 17.3ms
[2026-01-16T09:31:19.111+0000][gc,phases   ] GC(1333)   Merge Heap Roots: 7.9ms
[2026-01-16T09:31:19.112+0000][gc,phases   ] GC(1333)   Evacuate Collection Set: 76.3ms
[2026-01-16T09:31:19.112+0000][gc,phases   ] GC(1333)   Post Evacuate Collection Set: 3.1ms
[2026-01-16T09:31:19.112+0000][gc,phases   ] GC(1333)   Other: 2.2ms
[2026-01-16T09:31:19.113+0000][gc,heap     ] GC(1333) Eden regions: 47->0(195)
[2026-01-16T09:31:19.113+0000][gc,heap     ] GC(1333) Survivor regions: 4->2(7)
[2026-01-16T09:31:19.114+0000][gc,heap     ] GC(1333) Old regions: 202->202
[2026-01-16T09:31:19.114+0000][gc,heap     ] GC(1333) Humongous regions: 167->167
[2026-01-16T09:31:19.114+0000][gc,metaspace] GC(1333) Metaspace: 16054K(16512K)->16054K(16512K) NonClass: 14330K(14528K)->14330K(14528K) Class: 1723K(1984K)->1723K(1984K)
[2026-01-16T09:31:19.115+0000][gc          ] GC(1333) Pause Young (Normal) (G1 Evacuation Pause) 418M->370M(1024M) 112.598ms
[2026-01-16T09:31:19.116+0000][gc,cpu      ] GC(1333) User=0.19s Sys=0.01s Real=0.11s
[2026-01-16T09:31:29.228+0000][gc,start    ] GC(1334) Pause Young (Normal) (G1 Evacuation Pause)
[2026-01-16T09:31:29.229+0000][gc,task     ] GC(1334) Using 8 workers of 8 for evacuation
[2026-01-16T09:31:29.284+0000][gc,phases   ] GC(1334)   Pre Evacuate Collection Set: 5.1ms
[2026-01-16T09:31:29.284+0000][gc,phases   ] GC(1334)   Merge Heap Roots: 1.0ms
[2026-01-16T09:31:29.284+0000][gc,phases   ] GC(1334)   Evacuate Collection Set: 41.8ms
[2026-01-16T09:31:29.285+0000][gc,phases   ] GC(1334)   Post Evacuate Collection Set: 6.0ms
[2026-01-16T09:31:29.285+0000][gc,phases   ] GC(1334)   Other: 1.0ms
[2026-01-16T09:31:29.286+0000][gc,heap     ] GC(1334) Eden regions: 188->0(255)
[2026-01-16T09:31:29.286+0000][gc,heap     ] GC(1334) Survivor regions: 2->3(24)
[2026-01-16T09:31:29.286+0000][gc,heap     ] GC(1334) Old regions: 202->202
[2026-01-16T09:31:29.287+0000][gc,heap     ] GC(1334) Humongous regions: 167->167
[2026-01-16T09:31:29.288+0000][gc,metaspace] GC(1334) Metaspace: 16056K(16512K)->16056K(16512K) NonClass: 14332K(14528K)->14332K(14528K) Class: 1723K(1984K)->1723K(1984K)
[2026-01-16T09:31:29.289+0000][gc          ] GC(1334) Pause Young (Normal) (G1 Evacuation Pause) 558M->370M(1024M) 60.890ms
[2026-01-16T09:31:29.289+0000][gc,cpu      ] GC(1334) User=0.13s Sys=0.01s Real=0.07s
[2026-01-16T09:31:43.501+0000][gc,start    ] GC(1335) Pause Young (Normal) (G1 Evacuation Pause)
[2026-01-16T09:31:43.504+0000][gc,task     ] GC(1335) Using 8 workers of 8 for evacuation
[2026-01-16T09:31:43.995+0000][gc,mmu      ] GC(1335) MMU target violated: 201.0ms (200.0ms/201.0ms)
[2026-01-16T09:31:43.998+0000][gc,phases   ] GC(1335)   Pre Evacuate Collection Set: 59.0ms
[2026-01-16T09:31:44.000+0000][gc,phases   ] GC(1335)   Merge Heap Roots: 5.9ms
[2026-01-16T09:31:44.001+0000][gc,phases   ] GC(1335)   Evacuate Collection Set: 343.8ms
[2026-01-16T09:31:44.002+0000][gc,phases   ] GC(1335)   Post Evacuate Collection Set: 79.2ms
[2026-01-16T09:31:44.002+0000][gc,phases   ] GC(1335)   Other: 6.1ms
[2026-01-16T09:31:44.003+0000][gc,heap     ] GC(1335) Eden regions: 245->0(47)
[2026-01-16T09:31:44.003+0000][gc,heap     ] GC(1335) Survivor regions: 3->4(31)
[2026-01-16T09:31:44.004+0000][gc,heap     ] GC(1335) Old regions: 202->202
[2026-01-16T09:31:44.005+0000][gc,heap     ] GC(1335) Humongous regions: 167->167
[2026-01-16T09:31:44.005+0000][gc,metaspace] GC(1335) Metaspace: 16056K(16512K)->16056K(16512K) NonClass: 14332K(14528K)->14332K(14528K) Class: 1723K(1984K)->1723K(1984K)
[2026-01-16T09:31:44.006+0000][gc          ] GC(1335) Pause Young (Normal) (G1 Evacuation Pause) 615M->371M(1024M) 505.302ms
[2026-01-16T09:31:44.007+0000][gc,cpu      ] GC(1335) User=0.38s Sys=0.04s Real=0.51s
[2026-01-16T09:31:45.562+0000][gc,start    ] GC(1336) Pause Young (Normal) (G1 Evacuation Pause)
[2026-01-16T09:31:45.567+0000][gc,task     ] GC(1336) Using 8 workers of 8 for evacuation
[2026-01-16T09:31:45.957+0000][gc,mmu      ] GC(1336) MMU target violated: 201.0ms (200.0ms/201.0ms)
[2026-01-16T09:31:45.958+0000][gc,phases   ] GC(1336)   Pre Evacuate Collection Set: 24.7ms
[2026-01-16T09:31:45.959+0000][gc,phases   ] GC(1336)   Merge Heap Roots: 2.1ms
[2026-01-16T09:31:45.965+0000][gc,phases   ] GC(1336)   Evacuate Collection Set: 337.5ms
[2026-01-16T09:31:45.968+0000][gc,phases   ] GC(1336)   Post Evacuate Collection Set: 24.2ms
[2026-01-16T09:31:45.969+0000][gc,phases   ] GC(1336)   Other: 2.5ms
[2026-01-16T09:31:45.970+0000][gc,heap     ] GC(1336) Eden regions: 47->0(47)
[2026-01-16T09:31:45.972+0000][gc,heap     ] GC(1336) Survivor regions: 4->4(7)
[2026-01-16T09:31:45.973+0000][gc,heap     ] GC(1336) Old regions: 202->202
[2026-01-16T09:31:45.973+0000][gc,heap     ] GC(1336) Humongous regions: 167->167
[2026-01-16T09:31:45.977+0000][gc,metaspace] GC(1336) Metaspace: 16056K(16512K)->16056K(16512K) NonClass: 14332K(14528K)->14332K(14528K) Class: 1723K(1984K)->1723K(1984K)
[2026-01-16T09:31:45.979+0000][gc          ] GC(1336) Pause Young (Normal) (G1 Evacuation Pause) 418M->372M(1024M) 416.972ms
[2026-01-16T09:31:45.979+0000][gc,cpu      ] GC(1336) User=0.15s Sys=0.02s Real=0.42s
[2026-01-16T09:31:48.696+0000][gc,start    ] GC(1337) Pause Young (Normal) (G1 Evacuation Pause)
[2026-01-16T09:31:48.719+0000][gc,task     ] GC(1337) Using 8 workers of 8 for evacuation
[2026-01-16T09:31:49.397+0000][gc,mmu      ] GC(1337) MMU target violated: 201.0ms (200.0ms/201.0ms)
[2026-01-16T09:31:49.399+0000][gc,phases   ] GC(1337)   Pre Evacuate Collection Set: 159.4ms
[2026-01-16T09:31:49.399+0000][gc,phases   ] GC(1337)   Merge Heap Roots: 8.4ms
[2026-01-16T09:31:49.399+0000][gc,phases   ] GC(1337)   Evacuate Collection Set: 486.0ms
[2026-01-16T09:31:49.399+0000][gc,phases   ] GC(1337)   Post Evacuate Collection Set: 23.8ms
[2026-01-16T09:31:49.399+0000][gc,phases   ] GC(1337)   Other: 2.1ms
[2026-01-16T09:31:49.399+0000][gc,heap     ] GC(1337) Eden regions: 47->0(48)
[2026-01-16T09:31:49.400+0000][gc,heap     ] GC(1337) Survivor regions: 4->3(7)
[2026-01-16T09:31:49.400+0000][gc,heap     ] GC(1337) Old regions: 202->202
[2026-01-16T09:31:49.400+0000][gc,heap     ] GC(1337) Humongous regions: 167->167
[2026-01-16T09:31:49.401+0000][gc,metaspace] GC(1337) Metaspace: 16056K(16512K)->16056K(16512K) NonClass: 14332K(14528K)->14332K(14528K) Class: 1723K(1984K)->1723K(1984K)
[2026-01-16T09:31:49.404+0000][gc          ] GC(1337) Pause Young (Normal) (G1 Evacuation Pause) 419M->370M(1024M) 707.996ms
[2026-01-16T09:31:49.409+0000][gc,cpu      ] GC(1337) User=0.40s Sys=0.04s Real=0.71s
[2026-01-16T09:31:52.303+0000][gc,start    ] GC(1338) Pause Young (Normal) (G1 Evacuation Pause)
[2026-01-16T09:31:52.307+0000][gc,task     ] GC(1338) Using 8 workers of 8 for evacuation
[2026-01-16T09:31:52.578+0000][gc,mmu      ] GC(1338) MMU target violated: 201.0ms (200.0ms/201.0ms)
[2026-01-16T09:31:52.579+0000][gc,phases   ] GC(1338)   Pre Evacuate Collection Set: 60.6ms
[2026-01-16T09:31:52.579+0000][gc,phases   ] GC(1338)   Merge Heap Roots: 10.3ms
[2026-01-16T09:31:52.579+0000][gc,phases   ] GC(1338)   Evacuate Collection Set: 174.4ms
[2026-01-16T09:31:52.579+0000][gc,phases   ] GC(1338)   Post Evacuate Collection Set: 19.4ms
[2026-01-16T09:31:52.580+0000][gc,phases   ] GC(1338)   Other: 7.9ms
[2026-01-16T09:31:52.580+0000][gc,heap     ] GC(1338) Eden regions: 48->0(48)
[2026-01-16T09:31:52.580+0000][gc,heap     ] GC(1338) Survivor regions: 3->3(7)
[2026-01-16T09:31:52.581+0000][gc,heap     ] GC(1338) Old regions: 202->202
[2026-01-16T09:31:52.581+0000][gc,heap     ] GC(1338) Humongous regions: 167->167
[2026-01-16T09:31:52.593+0000][gc,metaspace] GC(1338) Metaspace: 16056K(16512K)->16056K(16512K) NonClass: 14332K(14528K)->14332K(14528K) Class: 1723K(1984K)->1723K(1984K)
[2026-01-16T09:31:52.594+0000][gc          ] GC(1338) Pause Young (Normal) (G1 Evacuation Pause) 418M->371M(1024M) 290.942ms
[2026-01-16T09:31:52.594+0000][gc,cpu      ] GC(1338) User=0.22s Sys=0.02s Real=0.29s
[2026-01-16T09:31:54.459+0000][gc,start    ] GC(1339) Pause Young (Normal) (G1 Evacuation Pause)
[2026-01-16T09:31:54.461+0000][gc,task     ] GC(1339) Using 8 workers of 8 for evacuation
[2026-01-16T09:31:54.901+0000][gc,mmu      ] GC(1339) MMU target violated: 201.0ms (200.0ms/201.0ms)
[2026-01-16T09:31:54.906+0000][gc,phases   ] GC(1339)   Pre Evacuate Collection Set: 10.0ms
[2026-01-16T09:31:54.908+0000][gc,phases   ] GC(1339)   Merge Heap Roots: 3.4ms
[2026-01-16T09:31:54.911+0000][gc,phases   ] GC(1339)   Evacuate Collection Set: 375.8ms
[2026-01-16T09:31:54.911+0000][gc,phases   ] GC(1339)   Post Evacuate Collection Set: 48.4ms
[2026-01-16T09:31:54.911+0000][gc,phases   ] GC(1339)   Other: 7.0ms
[2026-01-16T09:31:54.911+0000][gc,heap     ] GC(1339) Eden regions: 48->0(47)
[2026-01-16T09:31:54.911+0000][gc,heap     ] GC(1339) Survivor regions: 3->4(7)
[2026-01-16T09:31:54.912+0000][gc,heap     ] GC(1339) Old regions: 202->202
[2026-01-16T09:31:54.912+0000][gc,heap     ] GC(1339) Humongous regions: 167->167
[2026-01-16T09:31:54.912+0000][gc,metaspace] GC(1339) Metaspace: 16056K(16512K)->16056K(16512K) NonClass: 14332K(14528K)->14332K(14528K) Class: 1723K(1984K)->1723K(1984K)
[2026-01-16T09:31:54.912+0000][gc          ] GC(1339) Pause Young (Normal) (G1 Evacuation Pause) 419M->371M(1024M) 452.340ms
[2026-01-16T09:31:54.912+0000][gc,cpu      ] GC(1339) User=0.16s Sys=0.02s Real=0.45s
[2026-01-16T09:31:58.198+0000][gc,start    ] GC(1340) Pause Young (Normal) (G1 Evacuation Pause)
[2026-01-16T09:31:58.199+0000][gc,task     ] GC(1340) Using 8 workers of 8 for evacuation
[2026-01-16T09:31:58.493+0000][gc,mmu      ] GC(1340) MMU target violated: 201.0ms (200.0ms/201.0ms)
[2026-01-16T09:31:58.494+0000][gc,phases   ] GC(1340)   Pre Evacuate Collection Set: 17.4ms
[2026-01-16T09:31:58.496+0000][gc,phases   ] GC(1340)   Merge Heap Roots: 6.5ms
[2026-01-16T09:31:58.498+0000][gc,phases   ] GC(1340)   Evacuate Collection Set: 266.4ms
[2026-01-16T09:31:58.498+0000][gc,phases   ] GC(1340)   Post Evacuate Collection Set: 2.2ms
[2026-01-16T09:31:58.499+0000][gc,phases   ] GC(1340)   Other: 2.4ms
[2026-01-16T09:31:58.501+0000][gc,heap     ] GC(1340) Eden regions: 47->0(46)
[2026-01-16T09:31:58.501+0000][gc,heap     ] GC(1340) Survivor regions: 4->5(7)
[2026-01-16T09:31:58.501+0000][gc,heap     ] GC(1340) Old regions: 202->202
[2026-01-16T09:31:58.503+0000][gc,heap     ] GC(1340) Humongous regions: 167->167
[2026-01-16T09:31:58.503+0000][gc,metaspace] GC(1340) Metaspace: 16056K(16512K)->16056K(16512K) NonClass: 14332K(14528K)->14332K(14528K) Class: 1723K(1984K)->1723K(1984K)
[2026-01-16T09:31:58.504+0000][gc          ] GC(1340) Pause Young (Normal) (G1 Evacuation Pause) 418M->372M(1024M) 305.476ms
[2026-01-16T09:31:58.506+0000][gc,cpu      ] GC(1340) User=0.26s Sys=0.01s Real=0.31s
[2026-01-16T09:32:00.225+0000][gc,start    ] GC(1341) Pause Young (Normal) (G1 Evacuation Pause)
[2026-01-16T09:32:00.226+0000][gc,task     ] GC(1341) Using 8 workers of 8 for evacuation
[2026-01-16T09:32:00.547+0000][gc,mmu      ] GC(1341) MMU target violated: 201.0ms (200.0ms/201.0ms)
[2026-01-16T09:32:00.551+0000][gc,phases   ] GC(1341)   Pre Evacuate Collection Set: 25.7ms
[2026-01-16T09:32:00.555+0000][gc,phases   ] GC(1341)   Merge Heap Roots: 7.5ms
[2026-01-16T09:32:00.558+0000][gc,phases   ] GC(1341)   Evacuate Collection Set: 260.3ms
[2026-01-16T09:32:00.558+0000][gc,phases   ] GC(1341)   Post Evacuate Collection Set: 21.4ms
[2026-01-16T09:32:00.558+0000][gc,phases   ] GC(1341)   Other: 9.4ms
[2026-01-16T09:32:00.560+0000][gc,heap     ] GC(1341) Eden regions: 46->0(46)
[2026-01-16T09:32:00.567+0000][gc,heap     ] GC(1341) Survivor regions: 5->5(7)
[2026-01-16T09:32:00.567+0000][gc,heap     ] GC(1341) Old regions: 202->202
[2026-01-16T09:32:00.568+0000][gc,heap     ] GC(1341) Humongous regions: 167->167
[2026-01-16T09:32:00.568+0000][gc,metaspace] GC(1341) Metaspace: 16056K(16512K)->16056K(16512K) NonClass: 14332K(14528K)->14332K(14528K) Class: 1723K(1984K)->1723K(1984K)
[2026-01-16T09:32:00.569+0000][gc          ] GC(1341) Pause Young (Normal) (G1 Evacuation Pause) 418M->373M(1024M) 343.977ms
[2026-01-16T09:32:00.573+0000][gc,cpu      ] GC(1341) User=0.19s Sys=0.01s Real=0.35s
[2026-01-16T09:32:01.770+0000][gc,start    ] GC(1342) Pause Young (Normal) (G1 Evacuation Pause)
[2026-01-16T09:32:01.791+0000][gc,task     ] GC(1342) Using 8 workers of 8 for evacuation
[2026-01-16T09:32:02.086+0000][gc,mmu      ] GC(1342) MMU target violated: 201.0ms (200.0ms/201.0ms)
[2026-01-16T09:32:02.086+0000][gc,phases   ] GC(1342)   Pre Evacuate Collection Set: 12.4ms
[2026-01-16T09:32:02.087+0000][gc,phases   ] GC(1342)   Merge Heap Roots: 1.7ms
[2026-01-16T09:32:02.095+0000][gc,phases   ] GC(1342)   Evacuate Collection Set: 264.5ms
[2026-01-16T09:32:02.095+0000][gc,phases   ] GC(1342)   Post Evacuate Collection Set: 4.2ms
[2026-01-16T09:32:02.095+0000][gc,phases   ] GC(1342)   Other: 12.9ms
[2026-01-16T09:32:02.095+0000][gc,heap     ] GC(1342) Eden regions: 46->0(49)
[2026-01-16T09:32:02.095+0000][gc,heap     ] GC(1342) Survivor regions: 5->2(7)
[2026-01-16T09:32:02.095+0000][gc,heap     ] GC(1342) Old regions: 202->203
[2026-01-16T09:32:02.097+0000][gc,heap     ] GC(1342) Humongous regions: 167->167
[2026-01-16T09:32:02.097+0000][gc,metaspace] GC(1342) Metaspace: 16056K(16512K)->16056K(16512K) NonClass: 14332K(14528K)->14332K(14528K) Class: 1723K(1984K)->1723K(1984K)
[2026-01-16T09:32:02.098+0000][gc          ] GC(1342) Pause Young (Normal) (G1 Evacuation Pause) 419M->371M(1024M) 328.249ms
[2026-01-16T09:32:02.099+0000][gc,cpu      ] GC(1342) User=0.19s Sys=0.01s Real=0.33s
[2026-01-16T09:32:04.130+0000][gc,start    ] GC(1343) Pause Young (Normal) (G1 Evacuation Pause)
[2026-01-16T09:32:04.136+0000][gc,task     ] GC(1343) Using 8 workers of 8 for evacuation
[2026-01-16T09:32:04.352+0000][gc,mmu      ] GC(1343) MMU target violated: 201.0ms (200.0ms/201.0ms)
[2026-01-16T09:32:04.352+0000][gc,phases   ] GC(1343)   Pre Evacuate Collection Set: 33.5ms
[2026-01-16T09:32:04.353+0000][gc,phases   ] GC(1343)   Merge Heap Roots: 2.9ms
[2026-01-16T09:32:04.353+0000][gc,phases   ] GC(1343)   Evacuate Collection Set: 159.0ms
[2026-01-16T09:32:04.354+0000][gc,phases   ] GC(1343)   Post Evacuate Collection Set: 10.0ms
[2026-01-16T09:32:04.354+0000][gc,phases   ] GC(1343)   Other: 11.0ms
[2026-01-16T09:32:04.354+0000][gc,heap     ] GC(1343) Eden regions: 49->0(48)
[2026-01-16T09:32:04.355+0000][gc,heap     ] GC(1343) Survivor regions: 2->3(7)
[2026-01-16T09:32:04.355+0000][gc,heap     ] GC(1343) Old regions: 203->203
[2026-01-16T09:32:04.355+0000][gc,heap     ] GC(1343) Humongous regions: 167->167
[2026-01-16T09:32:04.356+0000][gc,metaspace] GC(1343) Metaspace: 16056K(16512K)->16056K(16512K) NonClass: 14332K(14528K)->14332K(14528K) Class: 1723K(1984K)->1723K(1984K)
[2026-01-16T09:32:04.357+0000][gc          ] GC(1343) Pause Young (Normal) (G1 Evacuation Pause) 420M->372M(1024M) 226.971ms
[2026-01-16T09:32:04.357+0000][gc,cpu      ] GC(1343) User=0.19s Sys=0.02s Real=0.23s
[2026-01-16T09:32:05.615+0000][gc,start    ] GC(1344) Pause Young (Normal) (G1 Evacuation Pause)
[2026-01-16T09:32:05.621+0000][gc,task     ] GC(1344) Using 8 workers of 8 for evacuation
[2026-01-16T09:32:05.699+0000][gc,phases   ] GC(1344)   Pre Evacuate Collection Set: 11.6ms
[2026-01-16T09:32:05.700+0000][gc,phases   ] GC(1344)   Merge Heap Roots: 3.5ms
[2026-01-16T09:32:05.700+0000][gc,phases   ] GC(1344)   Evacuate Collection Set: 51.6ms
[2026-01-16T09:32:05.703+0000][gc,phases   ] GC(1344)   Post Evacuate Collection Set: 8.9ms
[2026-01-16T09:32:05.703+0000][gc,phases   ] GC(1344)   Other: 3.0ms
[2026-01-16T09:32:05.703+0000][gc,heap     ] GC(1344) Eden regions: 48->0(47)
[2026-01-16T09:32:05.704+0000][gc,heap     ] GC(1344) Survivor regions: 3->4(7)
[2026-01-16T09:32:05.704+0000][gc,heap     ] GC(1344) Old regions: 203->203
[2026-01-16T09:32:05.704+0000][gc,heap     ] GC(1344) Humongous regions: 167->167
[2026-01-16T09:32:05.705+0000][gc,metaspace] GC(1344) Metaspace: 16056K(16512K)->16056K(16512K) NonClass: 14332K(14528K)->14332K(14528K) Class: 1723K(1984K)->1723K(1984K)
[2026-01-16T09:32:05.705+0000][gc          ] GC(1344) Pause Young (Normal) (G1 Evacuation Pause) 420M->372M(1024M) 90.500ms
[2026-01-16T09:32:05.705+0000][gc,cpu      ] GC(1344) User=0.07s Sys=0.01s Real=0.09s
[2026-01-16T09:32:09.368+0000][gc,start    ] GC(1345) Pause Young (Normal) (G1 Evacuation Pause)
[2026-01-16T09:32:09.391+0000][gc,task     ] GC(1345) Using 8 workers of 8 for evacuation
[2026-01-16T09:32:09.573+0000][gc,phases   ] GC(1345)   Pre Evacuate Collection Set: 21.2ms
[2026-01-16T09:32:09.584+0000][gc,phases   ] GC(1345)   Merge Heap Roots: 2.4ms
[2026-01-16T09:32:09.585+0000][gc,phases   ] GC(1345)   Evacuate Collection Set: 118.8ms
[2026-01-16T09:32:09.586+0000][gc,phases   ] GC(1345)   Post Evacuate Collection Set: 32.4ms
[2026-01-16T09:32:09.588+0000][gc,phases   ] GC(1345)   Other: 3.4ms
[2026-01-16T09:32:09.588+0000][gc,heap     ] GC(1345) Eden regions: 47->0(91)
[2026-01-16T09:32:09.588+0000][gc,heap     ] GC(1345) Survivor regions: 4->2(7)
[2026-01-16T09:32:09.589+0000][gc,heap     ] GC(1345) Old regions: 203->203
[2026-01-16T09:32:09.589+0000][gc,heap     ] GC(1345) Humongous regions: 167->167
[2026-01-16T09:32:09.589+0000][gc,metaspace] GC(1345) Metaspace: 16056K(16512K)->16056K(16512K) NonClass: 14332K(14528K)->14332K(14528K) Class: 1723K(1984K)->1723K(1984K)
[2026-01-16T09:32:09.590+0000][gc          ] GC(1345) Pause Young (Normal) (G1 Evacuation Pause) 419M->371M(1024M) 222.666ms
[2026-01-16T09:32:09.591+0000][gc,cpu      ] GC(1345) User=0.13s Sys=0.01s Real=0.22s
[2026-01-16T09:32:11.836+0000][gc,start    ] GC(1346) Pause Young (Normal) (G1 Evacuation Pause)
[2026-01-16T09:32:11.837+0000][gc,task     ] GC(1346) Using 8 workers of 8 for evacuation
[2026-01-16T09:32:11.955+0000][gc,phases   ] GC(1346)   Pre Evacuate Collection Set: 16.7ms
[2026-01-16T09:32:11.955+0000][gc,phases   ] GC(1346)   Merge Heap Roots: 3.6ms
[2026-01-16T09:32:11.955+0000][gc,phases   ] GC(1346)   Evacuate Collection Set: 94.2ms
[2026-01-16T09:32:11.956+0000][gc,phases   ] GC(1346)   Post Evacuate Collection Set: 2.4ms
[2026-01-16T09:32:11.956+0000][gc,phases   ] GC(1346)   Other: 1.1ms
[2026-01-16T09:32:11.956+0000][gc,heap     ] GC(1346) Eden regions: 98->0(93)
[2026-01-16T09:32:11.956+0000][gc,heap     ] GC(1346) Survivor regions: 2->3(13)
[2026-01-16T09:32:11.956+0000][gc,heap     ] GC(1346) Old regions: 203->203
[2026-01-16T09:32:11.956+0000][gc,heap     ] GC(1346) Humongous regions: 167->167
[2026-01-16T09:32:11.957+0000][gc,metaspace] GC(1346) Metaspace: 16056K(16512K)->16056K(16512K) NonClass: 14332K(14528K)->14332K(14528K) Class: 1723K(1984K)->1723K(1984K)
[2026-01-16T09:32:11.957+0000][gc          ] GC(1346) Pause Young (Normal) (G1 Evacuation Pause) 469M->372M(1024M) 121.141ms
[2026-01-16T09:32:11.957+0000][gc,cpu      ] GC(1346) User=0.16s Sys=0.00s Real=0.12s
[2026-01-16T09:32:19.794+0000][gc,start    ] GC(1347) Pause Young (Normal) (G1 Evacuation Pause)
[2026-01-16T09:32:19.803+0000][gc,task     ] GC(1347) Using 8 workers of 8 for evacuation
[2026-01-16T09:32:19.980+0000][gc,phases   ] GC(1347)   Pre Evacuate Collection Set: 16.0ms
[2026-01-16T09:32:19.981+0000][gc,phases   ] GC(1347)   Merge Heap Roots: 5.2ms
[2026-01-16T09:32:19.982+0000][gc,phases   ] GC(1347)   Evacuate Collection Set: 125.7ms
[2026-01-16T09:32:19.983+0000][gc,phases   ] GC(1347)   Post Evacuate Collection Set: 30.1ms
[2026-01-16T09:32:19.983+0000][gc,phases   ] GC(1347)   Other: 5.9ms
[2026-01-16T09:32:19.983+0000][gc,heap     ] GC(1347) Eden regions: 101->0(167)
[2026-01-16T09:32:19.984+0000][gc,heap     ] GC(1347) Survivor regions: 3->2(13)
[2026-01-16T09:32:19.987+0000][gc,heap     ] GC(1347) Old regions: 203->203
[2026-01-16T09:32:19.987+0000][gc,heap     ] GC(1347) Humongous regions: 167->167
[2026-01-16T09:32:19.987+0000][gc,metaspace] GC(1347) Metaspace: 16056K(16512K)->16056K(16512K) NonClass: 14332K(14528K)->14332K(14528K) Class: 1723K(1984K)->1723K(1984K)
[2026-01-16T09:32:19.988+0000][gc          ] GC(1347) Pause Young (Normal) (G1 Evacuation Pause) 473M->371M(1024M) 194.278ms
[2026-01-16T09:32:19.989+0000][gc,cpu      ] GC(1347) User=0.20s Sys=0.01s Real=0.19s
[2026-01-16T09:32:29.510+0000][gc,start    ] GC(1348) Pause Young (Normal) (G1 Evacuation Pause)
[2026-01-16T09:32:29.511+0000][gc,task     ] GC(1348) Using 8 workers of 8 for evacuation
[2026-01-16T09:32:29.557+0000][gc,phases   ] GC(1348)   Pre Evacuate Collection Set: 6.6ms
[2026-01-16T09:32:29.558+0000][gc,phases   ] GC(1348)   Merge Heap Roots: 1.7ms
[2026-01-16T09:32:29.558+0000][gc,phases   ] GC(1348)   Evacuate Collection Set: 31.1ms
[2026-01-16T09:32:29.558+0000][gc,phases   ] GC(1348)   Post Evacuate Collection Set: 5.3ms
[2026-01-16T09:32:29.559+0000][gc,phases   ] GC(1348)   Other: 1.5ms
[2026-01-16T09:32:29.561+0000][gc,heap     ] GC(1348) Eden regions: 168->0(268)
[2026-01-16T09:32:29.562+0000][gc,heap     ] GC(1348) Survivor regions: 2->2(22)
[2026-01-16T09:32:29.563+0000][gc,heap     ] GC(1348) Old regions: 203->203
[2026-01-16T09:32:29.565+0000][gc,heap     ] GC(1348) Humongous regions: 167->167
[2026-01-16T09:32:29.565+0000][gc,metaspace] GC(1348) Metaspace: 16056K(16512K)->16056K(16512K) NonClass: 14333K(14528K)->14333K(14528K) Class: 1723K(1984K)->1723K(1984K)
[2026-01-16T09:32:29.566+0000][gc          ] GC(1348) Pause Young (Normal) (G1 Evacuation Pause) 539M->371M(1024M) 56.118ms
[2026-01-16T09:32:29.567+0000][gc,cpu      ] GC(1348) User=0.12s Sys=0.01s Real=0.06s
[2026-01-16T09:32:41.452+0000][gc,start    ] GC(1349) Pause Young (Normal) (G1 Evacuation Pause)
[2026-01-16T09:32:41.455+0000][gc,task     ] GC(1349) Using 8 workers of 8 for evacuation
[2026-01-16T09:32:41.543+0000][gc,phases   ] GC(1349)   Pre Evacuate Collection Set: 8.3ms
[2026-01-16T09:32:41.544+0000][gc,phases   ] GC(1349)   Merge Heap Roots: 1.2ms
[2026-01-16T09:32:41.544+0000][gc,phases   ] GC(1349)   Evacuate Collection Set: 73.9ms
[2026-01-16T09:32:41.544+0000][gc,phases   ] GC(1349)   Post Evacuate Collection Set: 4.1ms
[2026-01-16T09:32:41.545+0000][gc,phases   ] GC(1349)   Other: 2.1ms
[2026-01-16T09:32:41.545+0000][gc,heap     ] GC(1349) Eden regions: 253->0(261)
[2026-01-16T09:32:41.545+0000][gc,heap     ] GC(1349) Survivor regions: 2->4(32)
[2026-01-16T09:32:41.546+0000][gc,heap     ] GC(1349) Old regions: 203->203
[2026-01-16T09:32:41.546+0000][gc,heap     ] GC(1349) Humongous regions: 167->167
[2026-01-16T09:32:41.546+0000][gc,metaspace] GC(1349) Metaspace: 16056K(16512K)->16056K(16512K) NonClass: 14333K(14528K)->14333K(14528K) Class: 1723K(1984K)->1723K(1984K)
[2026-01-16T09:32:41.548+0000][gc          ] GC(1349) Pause Young (Normal) (G1 Evacuation Pause) 624M->373M(1024M) 95.450ms
[2026-01-16T09:32:41.548+0000][gc,cpu      ] GC(1349) User=0.23s Sys=0.03s Real=0.10s
[2026-01-16T09:32:52.552+0000][gc,start    ] GC(1350) Pause Young (Normal) (G1 Evacuation Pause)
[2026-01-16T09:32:52.560+0000][gc,task     ] GC(1350) Using 8 workers of 8 for evacuation
[2026-01-16T09:32:52.788+0000][gc,mmu      ] GC(1350) MMU target violated: 201.0ms (200.0ms/201.0ms)
[2026-01-16T09:32:52.788+0000][gc,phases   ] GC(1350)   Pre Evacuate Collection Set: 22.0ms
[2026-01-16T09:32:52.790+0000][gc,phases   ] GC(1350)   Merge Heap Roots: 1.0ms
[2026-01-16T09:32:52.791+0000][gc,phases   ] GC(1350)   Evacuate Collection Set: 191.6ms
[2026-01-16T09:32:52.792+0000][gc,phases   ] GC(1350)   Post Evacuate Collection Set: 9.4ms
[2026-01-16T09:32:52.794+0000][gc,phases   ] GC(1350)   Other: 7.4ms
[2026-01-16T09:32:52.799+0000][gc,heap     ] GC(1350) Eden regions: 247->0(182)
[2026-01-16T09:32:52.800+0000][gc,heap     ] GC(1350) Survivor regions: 4->5(32)
[2026-01-16T09:32:52.800+0000][gc,heap     ] GC(1350) Old regions: 203->204
[2026-01-16T09:32:52.801+0000][gc,heap     ] GC(1350) Humongous regions: 167->167
[2026-01-16T09:32:52.802+0000][gc,metaspace] GC(1350) Metaspace: 16056K(16512K)->16056K(16512K) NonClass: 14333K(14528K)->14333K(14528K) Class: 1723K(1984K)->1723K(1984K)
[2026-01-16T09:32:52.804+0000][gc          ] GC(1350) Pause Young (Normal) (G1 Evacuation Pause) 620M->374M(1024M) 251.231ms
[2026-01-16T09:32:52.807+0000][gc,cpu      ] GC(1350) User=0.29s Sys=0.02s Real=0.26s
[2026-01-16T09:33:03.209+0000][gc,start    ] GC(1351) Pause Young (Normal) (G1 Evacuation Pause)
[2026-01-16T09:33:03.209+0000][gc,task     ] GC(1351) Using 8 workers of 8 for evacuation
[2026-01-16T09:33:03.314+0000][gc,phases   ] GC(1351)   Pre Evacuate Collection Set: 16.2ms
[2026-01-16T09:33:03.315+0000][gc,phases   ] GC(1351)   Merge Heap Roots: 0.9ms
[2026-01-16T09:33:03.315+0000][gc,phases   ] GC(1351)   Evacuate Collection Set: 70.7ms
[2026-01-16T09:33:03.316+0000][gc,phases   ] GC(1351)   Post Evacuate Collection Set: 15.5ms
[2026-01-16T09:33:03.316+0000][gc,phases   ] GC(1351)   Other: 1.4ms
[2026-01-16T09:33:03.316+0000][gc,heap     ] GC(1351) Eden regions: 164->0(259)
[2026-01-16T09:33:03.316+0000][gc,heap     ] GC(1351) Survivor regions: 5->5(22)
[2026-01-16T09:33:03.317+0000][gc,heap     ] GC(1351) Old regions: 204->204
[2026-01-16T09:33:03.317+0000][gc,heap     ] GC(1351) Humongous regions: 167->167
[2026-01-16T09:33:03.317+0000][gc,metaspace] GC(1351) Metaspace: 16056K(16512K)->16056K(16512K) NonClass: 14333K(14528K)->14333K(14528K) Class: 1723K(1984K)->1723K(1984K)
[2026-01-16T09:33:03.319+0000][gc          ] GC(1351) Pause Young (Normal) (G1 Evacuation Pause) 538M->374M(1024M) 109.768ms
[2026-01-16T09:33:03.319+0000][gc,cpu      ] GC(1351) User=0.23s Sys=0.02s Real=0.11s
[2026-01-16T09:33:19.961+0000][gc,start    ] GC(1352) Pause Young (Normal) (G1 Evacuation Pause)
[2026-01-16T09:33:19.964+0000][gc,task     ] GC(1352) Using 8 workers of 8 for evacuation
[2026-01-16T09:33:20.142+0000][gc,phases   ] GC(1352)   Pre Evacuate Collection Set: 29.4ms
[2026-01-16T09:33:20.142+0000][gc,phases   ] GC(1352)   Merge Heap Roots: 12.1ms
[2026-01-16T09:33:20.143+0000][gc,phases   ] GC(1352)   Evacuate Collection Set: 121.9ms
[2026-01-16T09:33:20.144+0000][gc,phases   ] GC(1352)   Post Evacuate Collection Set: 11.2ms
[2026-01-16T09:33:20.144+0000][gc,phases   ] GC(1352)   Other: 4.2ms
[2026-01-16T09:33:20.144+0000][gc,heap     ] GC(1352) Eden regions: 256->0(415)
[2026-01-16T09:33:20.145+0000][gc,heap     ] GC(1352) Survivor regions: 5->3(33)
[2026-01-16T09:33:20.145+0000][gc,heap     ] GC(1352) Old regions: 204->204
[2026-01-16T09:33:20.147+0000][gc,heap     ] GC(1352) Humongous regions: 167->167
[2026-01-16T09:33:20.148+0000][gc,metaspace] GC(1352) Metaspace: 16056K(16512K)->16056K(16512K) NonClass: 14333K(14528K)->14333K(14528K) Class: 1723K(1984K)->1723K(1984K)
[2026-01-16T09:33:20.148+0000][gc          ] GC(1352) Pause Young (Normal) (G1 Evacuation Pause) 630M->373M(1024M) 186.630ms
[2026-01-16T09:33:20.148+0000][gc,cpu      ] GC(1352) User=0.30s Sys=0.05s Real=0.19s
[2026-01-16T09:33:40.402+0000][gc,start    ] GC(1353) Pause Young (Normal) (G1 Evacuation Pause)
[2026-01-16T09:33:40.403+0000][gc,task     ] GC(1353) Using 8 workers of 8 for evacuation
[2026-01-16T09:33:40.477+0000][gc,phases   ] GC(1353)   Pre Evacuate Collection Set: 5.0ms
[2026-01-16T09:33:40.477+0000][gc,phases   ] GC(1353)   Merge Heap Roots: 1.3ms
[2026-01-16T09:33:40.478+0000][gc,phases   ] GC(1353)   Evacuate Collection Set: 54.6ms
[2026-01-16T09:33:40.478+0000][gc,phases   ] GC(1353)   Post Evacuate Collection Set: 6.0ms
[2026-01-16T09:33:40.478+0000][gc,phases   ] GC(1353)   Other: 6.9ms
[2026-01-16T09:33:40.478+0000][gc,heap     ] GC(1353) Eden regions: 408->0(530)
[2026-01-16T09:33:40.479+0000][gc,heap     ] GC(1353) Survivor regions: 3->4(52)
[2026-01-16T09:33:40.479+0000][gc,heap     ] GC(1353) Old regions: 204->204
[2026-01-16T09:33:40.479+0000][gc,heap     ] GC(1353) Humongous regions: 167->167
[2026-01-16T09:33:40.479+0000][gc,metaspace] GC(1353) Metaspace: 16056K(16512K)->16056K(16512K) NonClass: 14333K(14528K)->14333K(14528K) Class: 1723K(1984K)->1723K(1984K)
[2026-01-16T09:33:40.480+0000][gc          ] GC(1353) Pause Young (Normal) (G1 Evacuation Pause) 781M->374M(1024M) 77.754ms
[2026-01-16T09:33:40.480+0000][gc,cpu      ] GC(1353) User=0.17s Sys=0.02s Real=0.08s
[2026-01-16T09:34:12.911+0000][gc,start    ] GC(1354) Pause Young (Normal) (G1 Evacuation Pause)
[2026-01-16T09:34:12.913+0000][gc,task     ] GC(1354) Using 8 workers of 8 for evacuation
[2026-01-16T09:34:13.580+0000][gc,mmu      ] GC(1354) MMU target violated: 201.0ms (200.0ms/201.0ms)
[2026-01-16T09:34:13.582+0000][gc,phases   ] GC(1354)   Pre Evacuate Collection Set: 129.0ms
[2026-01-16T09:34:13.584+0000][gc,phases   ] GC(1354)   Merge Heap Roots: 10.4ms
[2026-01-16T09:34:13.584+0000][gc,phases   ] GC(1354)   Evacuate Collection Set: 443.0ms
[2026-01-16T09:34:13.585+0000][gc,phases   ] GC(1354)   Post Evacuate Collection Set: 77.7ms
[2026-01-16T09:34:13.589+0000][gc,phases   ] GC(1354)   Other: 8.8ms
[2026-01-16T09:34:13.590+0000][gc,heap     ] GC(1354) Eden regions: 527->0(44)
[2026-01-16T09:34:13.590+0000][gc,heap     ] GC(1354) Survivor regions: 4->7(67)
[2026-01-16T09:34:13.591+0000][gc,heap     ] GC(1354) Old regions: 204->204
[2026-01-16T09:34:13.591+0000][gc,heap     ] GC(1354) Humongous regions: 167->167
[2026-01-16T09:34:13.592+0000][gc,metaspace] GC(1354) Metaspace: 16056K(16512K)->16056K(16512K) NonClass: 14333K(14528K)->14333K(14528K) Class: 1723K(1984K)->1723K(1984K)
[2026-01-16T09:34:13.592+0000][gc          ] GC(1354) Pause Young (Normal) (G1 Evacuation Pause) 901M->377M(1024M) 681.577ms
[2026-01-16T09:34:13.595+0000][gc,cpu      ] GC(1354) User=0.51s Sys=0.10s Real=0.68s
[2026-01-16T09:34:15.245+0000][gc,start    ] GC(1355) Pause Young (Normal) (G1 Evacuation Pause)
[2026-01-16T09:34:15.251+0000][gc,task     ] GC(1355) Using 8 workers of 8 for evacuation
[2026-01-16T09:34:15.579+0000][gc,mmu      ] GC(1355) MMU target violated: 201.0ms (200.0ms/201.0ms)
[2026-01-16T09:34:15.582+0000][gc,phases   ] GC(1355)   Pre Evacuate Collection Set: 12.6ms
[2026-01-16T09:34:15.582+0000][gc,phases   ] GC(1355)   Merge Heap Roots: 1.0ms
[2026-01-16T09:34:15.583+0000][gc,phases   ] GC(1355)   Evacuate Collection Set: 289.4ms
[2026-01-16T09:34:15.583+0000][gc,phases   ] GC(1355)   Post Evacuate Collection Set: 23.9ms
[2026-01-16T09:34:15.585+0000][gc,phases   ] GC(1355)   Other: 4.2ms
[2026-01-16T09:34:15.588+0000][gc,heap     ] GC(1355) Eden regions: 44->0(49)
[2026-01-16T09:34:15.588+0000][gc,heap     ] GC(1355) Survivor regions: 7->2(7)
[2026-01-16T09:34:15.589+0000][gc,heap     ] GC(1355) Old regions: 204->208
[2026-01-16T09:34:15.589+0000][gc,heap     ] GC(1355) Humongous regions: 167->167
[2026-01-16T09:34:15.589+0000][gc,metaspace] GC(1355) Metaspace: 16056K(16512K)->16056K(16512K) NonClass: 14333K(14528K)->14333K(14528K) Class: 1723K(1984K)->1723K(1984K)
[2026-01-16T09:34:15.590+0000][gc          ] GC(1355) Pause Young (Normal) (G1 Evacuation Pause) 421M->376M(1024M) 345.045ms
[2026-01-16T09:34:15.590+0000][gc,cpu      ] GC(1355) User=0.28s Sys=0.02s Real=0.35s
[2026-01-16T09:34:19.830+0000][gc,start    ] GC(1356) Pause Young (Normal) (G1 Evacuation Pause)
[2026-01-16T09:34:19.831+0000][gc,task     ] GC(1356) Using 8 workers of 8 for evacuation
[2026-01-16T09:34:20.083+0000][gc,mmu      ] GC(1356) MMU target violated: 201.0ms (200.0ms/201.0ms)
[2026-01-16T09:34:20.088+0000][gc,phases   ] GC(1356)   Pre Evacuate Collection Set: 27.0ms
[2026-01-16T09:34:20.089+0000][gc,phases   ] GC(1356)   Merge Heap Roots: 3.9ms
[2026-01-16T09:34:20.089+0000][gc,phases   ] GC(1356)   Evacuate Collection Set: 194.7ms
[2026-01-16T09:34:20.089+0000][gc,phases   ] GC(1356)   Post Evacuate Collection Set: 22.5ms
[2026-01-16T09:34:20.090+0000][gc,phases   ] GC(1356)   Other: 8.5ms
[2026-01-16T09:34:20.091+0000][gc,heap     ] GC(1356) Eden regions: 82->0(49)
[2026-01-16T09:34:20.091+0000][gc,heap     ] GC(1356) Survivor regions: 2->2(11)
[2026-01-16T09:34:20.092+0000][gc,heap     ] GC(1356) Old regions: 208->208
[2026-01-16T09:34:20.092+0000][gc,heap     ] GC(1356) Humongous regions: 167->167
[2026-01-16T09:34:20.093+0000][gc,metaspace] GC(1356) Metaspace: 16056K(16512K)->16056K(16512K) NonClass: 14333K(14528K)->14333K(14528K) Class: 1723K(1984K)->1723K(1984K)
[2026-01-16T09:34:20.093+0000][gc          ] GC(1356) Pause Young (Normal) (G1 Evacuation Pause) 458M->376M(1024M) 263.436ms
[2026-01-16T09:34:20.094+0000][gc,cpu      ] GC(1356) User=0.20s Sys=0.01s Real=0.26s
[2026-01-16T09:34:21.364+0000][gc,start    ] GC(1357) Pause Young (Normal) (G1 Evacuation Pause)
[2026-01-16T09:34:21.369+0000][gc,task     ] GC(1357) Using 8 workers of 8 for evacuation
[2026-01-16T09:34:21.495+0000][gc,phases   ] GC(1357)   Pre Evacuate Collection Set: 14.2ms
[2026-01-16T09:34:21.495+0000][gc,phases   ] GC(1357)   Merge Heap Roots: 2.1ms
[2026-01-16T09:34:21.496+0000][gc,phases   ] GC(1357)   Evacuate Collection Set: 98.2ms
[2026-01-16T09:34:21.497+0000][gc,phases   ] GC(1357)   Post Evacuate Collection Set: 5.5ms
[2026-01-16T09:34:21.497+0000][gc,phases   ] GC(1357)   Other: 5.1ms
[2026-01-16T09:34:21.498+0000][gc,heap     ] GC(1357) Eden regions: 49->0(48)
[2026-01-16T09:34:21.498+0000][gc,heap     ] GC(1357) Survivor regions: 2->3(7)
[2026-01-16T09:34:21.500+0000][gc,heap     ] GC(1357) Old regions: 208->208
[2026-01-16T09:34:21.501+0000][gc,heap     ] GC(1357) Humongous regions: 167->167
[2026-01-16T09:34:21.502+0000][gc,metaspace] GC(1357) Metaspace: 16056K(16512K)->16056K(16512K) NonClass: 14333K(14528K)->14333K(14528K) Class: 1723K(1984K)->1723K(1984K)
[2026-01-16T09:34:21.504+0000][gc          ] GC(1357) Pause Young (Normal) (G1 Evacuation Pause) 425M->377M(1024M) 140.092ms
[2026-01-16T09:34:21.504+0000][gc,cpu      ] GC(1357) User=0.09s Sys=0.01s Real=0.14s
[2026-01-16T09:34:22.098+0000][gc,start    ] GC(1358) Pause Young (Normal) (G1 Evacuation Pause)
[2026-01-16T09:34:22.100+0000][gc,task     ] GC(1358) Using 8 workers of 8 for evacuation
[2026-01-16T09:34:22.136+0000][gc,phases   ] GC(1358)   Pre Evacuate Collection Set: 1.3ms
[2026-01-16T09:34:22.137+0000][gc,phases   ] GC(1358)   Merge Heap Roots: 0.2ms
[2026-01-16T09:34:22.139+0000][gc,phases   ] GC(1358)   Evacuate Collection Set: 27.5ms
[2026-01-16T09:34:22.140+0000][gc,phases   ] GC(1358)   Post Evacuate Collection Set: 4.1ms
[2026-01-16T09:34:22.140+0000][gc,phases   ] GC(1358)   Other: 2.4ms
[2026-01-16T09:34:22.141+0000][gc,heap     ] GC(1358) Eden regions: 48->0(47)
[2026-01-16T09:34:22.142+0000][gc,heap     ] GC(1358) Survivor regions: 3->4(7)
[2026-01-16T09:34:22.145+0000][gc,heap     ] GC(1358) Old regions: 208->208
[2026-01-16T09:34:22.145+0000][gc,heap     ] GC(1358) Humongous regions: 167->167
[2026-01-16T09:34:22.145+0000][gc,metaspace] GC(1358) Metaspace: 16056K(16512K)->16056K(16512K) NonClass: 14333K(14528K)->14333K(14528K) Class: 1723K(1984K)->1723K(1984K)
[2026-01-16T09:34:22.145+0000][gc          ] GC(1358) Pause Young (Normal) (G1 Evacuation Pause) 425M->378M(1024M) 47.483ms
[2026-01-16T09:34:22.152+0000][gc,cpu      ] GC(1358) User=0.05s Sys=0.02s Real=0.06s
[2026-01-16T09:34:23.166+0000][gc,start    ] GC(1359) Pause Young (Normal) (G1 Evacuation Pause)
[2026-01-16T09:34:23.169+0000][gc,task     ] GC(1359) Using 8 workers of 8 for evacuation
[2026-01-16T09:34:23.255+0000][gc,phases   ] GC(1359)   Pre Evacuate Collection Set: 21.2ms
[2026-01-16T09:34:23.255+0000][gc,phases   ] GC(1359)   Merge Heap Roots: 2.0ms
[2026-01-16T09:34:23.256+0000][gc,phases   ] GC(1359)   Evacuate Collection Set: 51.3ms
[2026-01-16T09:34:23.256+0000][gc,phases   ] GC(1359)   Post Evacuate Collection Set: 8.4ms
[2026-01-16T09:34:23.257+0000][gc,phases   ] GC(1359)   Other: 2.7ms
[2026-01-16T09:34:23.257+0000][gc,heap     ] GC(1359) Eden regions: 47->0(46)
[2026-01-16T09:34:23.257+0000][gc,heap     ] GC(1359) Survivor regions: 4->5(7)
[2026-01-16T09:34:23.258+0000][gc,heap     ] GC(1359) Old regions: 208->208
[2026-01-16T09:34:23.258+0000][gc,heap     ] GC(1359) Humongous regions: 167->167
[2026-01-16T09:34:23.258+0000][gc,metaspace] GC(1359) Metaspace: 16056K(16512K)->16056K(16512K) NonClass: 14333K(14528K)->14333K(14528K) Class: 1723K(1984K)->1723K(1984K)
[2026-01-16T09:34:23.259+0000][gc          ] GC(1359) Pause Young (Normal) (G1 Evacuation Pause) 425M->379M(1024M) 92.628ms
[2026-01-16T09:34:23.259+0000][gc,cpu      ] GC(1359) User=0.13s Sys=0.00s Real=0.10s
[2026-01-16T09:34:29.367+0000][gc,start    ] GC(1360) Pause Young (Normal) (G1 Evacuation Pause)
[2026-01-16T09:34:29.367+0000][gc,task     ] GC(1360) Using 8 workers of 8 for evacuation
[2026-01-16T09:34:29.444+0000][gc,phases   ] GC(1360)   Pre Evacuate Collection Set: 12.7ms
[2026-01-16T09:34:29.444+0000][gc,phases   ] GC(1360)   Merge Heap Roots: 1.6ms
[2026-01-16T09:34:29.445+0000][gc,phases   ] GC(1360)   Evacuate Collection Set: 42.4ms
[2026-01-16T09:34:29.445+0000][gc,phases   ] GC(1360)   Post Evacuate Collection Set: 19.2ms
[2026-01-16T09:34:29.445+0000][gc,phases   ] GC(1360)   Other: 0.8ms
[2026-01-16T09:34:29.445+0000][gc,heap     ] GC(1360) Eden regions: 46->0(261)
[2026-01-16T09:34:29.446+0000][gc,heap     ] GC(1360) Survivor regions: 5->2(7)
[2026-01-16T09:34:29.446+0000][gc,heap     ] GC(1360) Old regions: 208->209
[2026-01-16T09:34:29.446+0000][gc,heap     ] GC(1360) Humongous regions: 167->167
[2026-01-16T09:34:29.447+0000][gc,metaspace] GC(1360) Metaspace: 16056K(16512K)->16056K(16512K) NonClass: 14333K(14528K)->14333K(14528K) Class: 1723K(1984K)->1723K(1984K)
[2026-01-16T09:34:29.447+0000][gc          ] GC(1360) Pause Young (Normal) (G1 Evacuation Pause) 425M->377M(1024M) 80.322ms
[2026-01-16T09:34:29.447+0000][gc,cpu      ] GC(1360) User=0.16s Sys=0.01s Real=0.08s
[2026-01-16T09:34:40.483+0000][gc,start    ] GC(1361) Pause Young (Normal) (G1 Evacuation Pause)
[2026-01-16T09:34:40.484+0000][gc,task     ] GC(1361) Using 8 workers of 8 for evacuation
[2026-01-16T09:34:40.531+0000][gc,phases   ] GC(1361)   Pre Evacuate Collection Set: 6.2ms
[2026-01-16T09:34:40.531+0000][gc,phases   ] GC(1361)   Merge Heap Roots: 0.7ms
[2026-01-16T09:34:40.531+0000][gc,phases   ] GC(1361)   Evacuate Collection Set: 35.6ms
[2026-01-16T09:34:40.531+0000][gc,phases   ] GC(1361)   Post Evacuate Collection Set: 4.1ms
[2026-01-16T09:34:40.531+0000][gc,phases   ] GC(1361)   Other: 0.5ms
[2026-01-16T09:34:40.531+0000][gc,heap     ] GC(1361) Eden regions: 251->0(350)
[2026-01-16T09:34:40.531+0000][gc,heap     ] GC(1361) Survivor regions: 2->3(32)
[2026-01-16T09:34:40.531+0000][gc,heap     ] GC(1361) Old regions: 209->209
[2026-01-16T09:34:40.531+0000][gc,heap     ] GC(1361) Humongous regions: 167->167
[2026-01-16T09:34:40.531+0000][gc,metaspace] GC(1361) Metaspace: 16056K(16512K)->16056K(16512K) NonClass: 14333K(14528K)->14333K(14528K) Class: 1723K(1984K)->1723K(1984K)
[2026-01-16T09:34:40.532+0000][gc          ] GC(1361) Pause Young (Normal) (G1 Evacuation Pause) 628M->378M(1024M) 49.052ms
[2026-01-16T09:34:40.532+0000][gc,cpu      ] GC(1361) User=0.24s Sys=0.01s Real=0.05s
[2026-01-16T09:35:00.038+0000][gc,start    ] GC(1362) Pause Young (Normal) (G1 Evacuation Pause)
[2026-01-16T09:35:00.039+0000][gc,task     ] GC(1362) Using 8 workers of 8 for evacuation
[2026-01-16T09:35:00.092+0000][gc,phases   ] GC(1362)   Pre Evacuate Collection Set: 7.2ms
[2026-01-16T09:35:00.092+0000][gc,phases   ] GC(1362)   Merge Heap Roots: 0.9ms
[2026-01-16T09:35:00.092+0000][gc,phases   ] GC(1362)   Evacuate Collection Set: 34.2ms
[2026-01-16T09:35:00.092+0000][gc,phases   ] GC(1362)   Post Evacuate Collection Set: 10.6ms
[2026-01-16T09:35:00.092+0000][gc,phases   ] GC(1362)   Other: 0.6ms
[2026-01-16T09:35:00.093+0000][gc,heap     ] GC(1362) Eden regions: 326->0(590)
[2026-01-16T09:35:00.093+0000][gc,heap     ] GC(1362) Survivor regions: 3->3(42)
[2026-01-16T09:35:00.093+0000][gc,heap     ] GC(1362) Old regions: 209->209
[2026-01-16T09:35:00.093+0000][gc,heap     ] GC(1362) Humongous regions: 167->167
[2026-01-16T09:35:00.093+0000][gc,metaspace] GC(1362) Metaspace: 16056K(16512K)->16056K(16512K) NonClass: 14333K(14528K)->14333K(14528K) Class: 1723K(1984K)->1723K(1984K)
[2026-01-16T09:35:00.093+0000][gc          ] GC(1362) Pause Young (Normal) (G1 Evacuation Pause) 704M->377M(1024M) 55.594ms
[2026-01-16T09:35:00.093+0000][gc,cpu      ] GC(1362) User=0.25s Sys=0.02s Real=0.06s
[2026-01-16T09:35:32.531+0000][gc,start    ] GC(1363) Pause Young (Normal) (G1 Evacuation Pause)
[2026-01-16T09:35:32.536+0000][gc,task     ] GC(1363) Using 8 workers of 8 for evacuation
[2026-01-16T09:35:32.830+0000][gc,mmu      ] GC(1363) MMU target violated: 201.0ms (200.0ms/201.0ms)
[2026-01-16T09:35:32.831+0000][gc,phases   ] GC(1363)   Pre Evacuate Collection Set: 33.6ms
[2026-01-16T09:35:32.831+0000][gc,phases   ] GC(1363)   Merge Heap Roots: 2.0ms
[2026-01-16T09:35:32.831+0000][gc,phases   ] GC(1363)   Evacuate Collection Set: 218.7ms
[2026-01-16T09:35:32.832+0000][gc,phases   ] GC(1363)   Post Evacuate Collection Set: 35.8ms
[2026-01-16T09:35:32.832+0000][gc,phases   ] GC(1363)   Other: 7.1ms
[2026-01-16T09:35:32.832+0000][gc,heap     ] GC(1363) Eden regions: 573->0(96)
[2026-01-16T09:35:32.832+0000][gc,heap     ] GC(1363) Survivor regions: 3->4(72)
[2026-01-16T09:35:32.833+0000][gc,heap     ] GC(1363) Old regions: 209->209
[2026-01-16T09:35:32.833+0000][gc,heap     ] GC(1363) Humongous regions: 167->167
[2026-01-16T09:35:32.833+0000][gc,metaspace] GC(1363) Metaspace: 16057K(16512K)->16057K(16512K) NonClass: 14333K(14528K)->14333K(14528K) Class: 1723K(1984K)->1723K(1984K)
[2026-01-16T09:35:32.835+0000][gc          ] GC(1363) Pause Young (Normal) (G1 Evacuation Pause) 950M->378M(1024M) 304.207ms
[2026-01-16T09:35:32.835+0000][gc,cpu      ] GC(1363) User=0.60s Sys=0.07s Real=0.30s
[2026-01-16T09:35:39.486+0000][gc,start    ] GC(1364) Pause Young (Normal) (G1 Evacuation Pause)
[2026-01-16T09:35:39.494+0000][gc,task     ] GC(1364) Using 8 workers of 8 for evacuation
[2026-01-16T09:35:39.943+0000][gc,mmu      ] GC(1364) MMU target violated: 201.0ms (200.0ms/201.0ms)
[2026-01-16T09:35:39.944+0000][gc,phases   ] GC(1364)   Pre Evacuate Collection Set: 34.7ms
[2026-01-16T09:35:39.944+0000][gc,phases   ] GC(1364)   Merge Heap Roots: 3.3ms
[2026-01-16T09:35:39.945+0000][gc,phases   ] GC(1364)   Evacuate Collection Set: 392.8ms
[2026-01-16T09:35:39.945+0000][gc,phases   ] GC(1364)   Post Evacuate Collection Set: 14.5ms
[2026-01-16T09:35:39.946+0000][gc,phases   ] GC(1364)   Other: 5.1ms
[2026-01-16T09:35:39.947+0000][gc,heap     ] GC(1364) Eden regions: 93->0(48)
[2026-01-16T09:35:39.947+0000][gc,heap     ] GC(1364) Survivor regions: 4->3(13)
[2026-01-16T09:35:39.948+0000][gc,heap     ] GC(1364) Old regions: 209->209
[2026-01-16T09:35:39.948+0000][gc,heap     ] GC(1364) Humongous regions: 167->167
[2026-01-16T09:35:39.948+0000][gc,metaspace] GC(1364) Metaspace: 16057K(16512K)->16057K(16512K) NonClass: 14334K(14528K)->14334K(14528K) Class: 1723K(1984K)->1723K(1984K)
[2026-01-16T09:35:39.953+0000][gc          ] GC(1364) Pause Young (Normal) (G1 Evacuation Pause) 471M->378M(1024M) 467.396ms
[2026-01-16T09:35:39.954+0000][gc,cpu      ] GC(1364) User=0.40s Sys=0.04s Real=0.46s
[2026-01-16T09:35:42.088+0000][gc,start    ] GC(1365) Pause Young (Normal) (G1 Evacuation Pause)
[2026-01-16T09:35:42.088+0000][gc,task     ] GC(1365) Using 8 workers of 8 for evacuation
[2026-01-16T09:35:42.203+0000][gc,phases   ] GC(1365)   Pre Evacuate Collection Set: 11.6ms
[2026-01-16T09:35:42.203+0000][gc,phases   ] GC(1365)   Merge Heap Roots: 1.2ms
[2026-01-16T09:35:42.204+0000][gc,phases   ] GC(1365)   Evacuate Collection Set: 86.0ms
[2026-01-16T09:35:42.204+0000][gc,phases   ] GC(1365)   Post Evacuate Collection Set: 15.4ms
[2026-01-16T09:35:42.205+0000][gc,phases   ] GC(1365)   Other: 0.3ms
[2026-01-16T09:35:42.205+0000][gc,heap     ] GC(1365) Eden regions: 48->0(47)
[2026-01-16T09:35:42.205+0000][gc,heap     ] GC(1365) Survivor regions: 3->4(7)
[2026-01-16T09:35:42.205+0000][gc,heap     ] GC(1365) Old regions: 209->209
[2026-01-16T09:35:42.205+0000][gc,heap     ] GC(1365) Humongous regions: 167->167
[2026-01-16T09:35:42.206+0000][gc,metaspace] GC(1365) Metaspace: 16057K(16512K)->16057K(16512K) NonClass: 14334K(14528K)->14334K(14528K) Class: 1723K(1984K)->1723K(1984K)
[2026-01-16T09:35:42.206+0000][gc          ] GC(1365) Pause Young (Normal) (G1 Evacuation Pause) 426M->378M(1024M) 118.170ms
[2026-01-16T09:35:42.206+0000][gc,cpu      ] GC(1365) User=0.11s Sys=0.01s Real=0.12s
[2026-01-16T09:35:43.084+0000][gc,start    ] GC(1366) Pause Young (Normal) (G1 Evacuation Pause)
[2026-01-16T09:35:43.087+0000][gc,task     ] GC(1366) Using 8 workers of 8 for evacuation
[2026-01-16T09:35:43.332+0000][gc,mmu      ] GC(1366) MMU target violated: 201.0ms (200.0ms/201.0ms)
[2026-01-16T09:35:43.337+0000][gc,phases   ] GC(1366)   Pre Evacuate Collection Set: 0.6ms
[2026-01-16T09:35:43.337+0000][gc,phases   ] GC(1366)   Merge Heap Roots: 0.2ms
[2026-01-16T09:35:43.342+0000][gc,phases   ] GC(1366)   Evacuate Collection Set: 227.1ms
[2026-01-16T09:35:43.343+0000][gc,phases   ] GC(1366)   Post Evacuate Collection Set: 13.8ms
[2026-01-16T09:35:43.343+0000][gc,phases   ] GC(1366)   Other: 8.5ms
[2026-01-16T09:35:43.344+0000][gc,heap     ] GC(1366) Eden regions: 47->0(46)
[2026-01-16T09:35:43.344+0000][gc,heap     ] GC(1366) Survivor regions: 4->5(7)
[2026-01-16T09:35:43.347+0000][gc,heap     ] GC(1366) Old regions: 209->209
[2026-01-16T09:35:43.349+0000][gc,heap     ] GC(1366) Humongous regions: 167->167
[2026-01-16T09:35:43.351+0000][gc,metaspace] GC(1366) Metaspace: 16057K(16512K)->16057K(16512K) NonClass: 14334K(14528K)->14334K(14528K) Class: 1723K(1984K)->1723K(1984K)
[2026-01-16T09:35:43.353+0000][gc          ] GC(1366) Pause Young (Normal) (G1 Evacuation Pause) 425M->379M(1024M) 268.332ms
[2026-01-16T09:35:43.354+0000][gc,cpu      ] GC(1366) User=0.16s Sys=0.00s Real=0.28s
[2026-01-16T09:35:44.484+0000][gc,start    ] GC(1367) Pause Young (Normal) (G1 Evacuation Pause)
[2026-01-16T09:35:44.488+0000][gc,task     ] GC(1367) Using 8 workers of 8 for evacuation
[2026-01-16T09:35:44.825+0000][gc,mmu      ] GC(1367) MMU target violated: 201.0ms (200.0ms/201.0ms)
[2026-01-16T09:35:44.828+0000][gc,phases   ] GC(1367)   Pre Evacuate Collection Set: 10.1ms
[2026-01-16T09:35:44.829+0000][gc,phases   ] GC(1367)   Merge Heap Roots: 0.5ms
[2026-01-16T09:35:44.829+0000][gc,phases   ] GC(1367)   Evacuate Collection Set: 311.5ms
[2026-01-16T09:35:44.829+0000][gc,phases   ] GC(1367)   Post Evacuate Collection Set: 9.8ms
[2026-01-16T09:35:44.830+0000][gc,phases   ] GC(1367)   Other: 8.3ms
[2026-01-16T09:35:44.830+0000][gc,heap     ] GC(1367) Eden regions: 46->0(46)
[2026-01-16T09:35:44.830+0000][gc,heap     ] GC(1367) Survivor regions: 5->5(7)
[2026-01-16T09:35:44.830+0000][gc,heap     ] GC(1367) Old regions: 209->210
[2026-01-16T09:35:44.831+0000][gc,heap     ] GC(1367) Humongous regions: 167->167
[2026-01-16T09:35:44.831+0000][gc,metaspace] GC(1367) Metaspace: 16057K(16512K)->16057K(16512K) NonClass: 14334K(14528K)->14334K(14528K) Class: 1723K(1984K)->1723K(1984K)
[2026-01-16T09:35:44.831+0000][gc          ] GC(1367) Pause Young (Normal) (G1 Evacuation Pause) 425M->380M(1024M) 347.159ms
[2026-01-16T09:35:44.832+0000][gc,cpu      ] GC(1367) User=0.19s Sys=0.01s Real=0.34s
[2026-01-16T09:35:50.559+0000][gc,start    ] GC(1368) Pause Young (Normal) (G1 Evacuation Pause)
[2026-01-16T09:35:50.562+0000][gc,task     ] GC(1368) Using 8 workers of 8 for evacuation
[2026-01-16T09:35:50.974+0000][gc,mmu      ] GC(1368) MMU target violated: 201.0ms (200.0ms/201.0ms)
[2026-01-16T09:35:50.985+0000][gc,phases   ] GC(1368)   Pre Evacuate Collection Set: 52.2ms
[2026-01-16T09:35:50.987+0000][gc,phases   ] GC(1368)   Merge Heap Roots: 12.2ms
[2026-01-16T09:35:50.988+0000][gc,phases   ] GC(1368)   Evacuate Collection Set: 309.4ms
[2026-01-16T09:35:50.988+0000][gc,phases   ] GC(1368)   Post Evacuate Collection Set: 30.1ms
[2026-01-16T09:35:50.989+0000][gc,phases   ] GC(1368)   Other: 10.4ms
[2026-01-16T09:35:50.989+0000][gc,heap     ] GC(1368) Eden regions: 46->0(49)
[2026-01-16T09:35:50.990+0000][gc,heap     ] GC(1368) Survivor regions: 5->2(7)
[2026-01-16T09:35:50.990+0000][gc,heap     ] GC(1368) Old regions: 210->210
[2026-01-16T09:35:50.990+0000][gc,heap     ] GC(1368) Humongous regions: 167->167
[2026-01-16T09:35:50.990+0000][gc,metaspace] GC(1368) Metaspace: 16057K(16512K)->16057K(16512K) NonClass: 14334K(14528K)->14334K(14528K) Class: 1723K(1984K)->1723K(1984K)
[2026-01-16T09:35:50.991+0000][gc          ] GC(1368) Pause Young (Normal) (G1 Evacuation Pause) 426M->378M(1024M) 432.625ms
[2026-01-16T09:35:50.992+0000][gc,cpu      ] GC(1368) User=0.31s Sys=0.04s Real=0.43s
[2026-01-16T09:35:53.083+0000][gc,start    ] GC(1369) Pause Young (Normal) (G1 Evacuation Pause)
[2026-01-16T09:35:53.084+0000][gc,task     ] GC(1369) Using 8 workers of 8 for evacuation
[2026-01-16T09:35:53.295+0000][gc,mmu      ] GC(1369) MMU target violated: 201.0ms (200.0ms/201.0ms)
[2026-01-16T09:35:53.298+0000][gc,phases   ] GC(1369)   Pre Evacuate Collection Set: 2.5ms
[2026-01-16T09:35:53.301+0000][gc,phases   ] GC(1369)   Merge Heap Roots: 2.1ms
[2026-01-16T09:35:53.308+0000][gc,phases   ] GC(1369)   Evacuate Collection Set: 193.1ms
[2026-01-16T09:35:53.309+0000][gc,phases   ] GC(1369)   Post Evacuate Collection Set: 11.1ms
[2026-01-16T09:35:53.310+0000][gc,phases   ] GC(1369)   Other: 5.7ms
[2026-01-16T09:35:53.311+0000][gc,heap     ] GC(1369) Eden regions: 49->0(48)
[2026-01-16T09:35:53.311+0000][gc,heap     ] GC(1369) Survivor regions: 2->3(7)
[2026-01-16T09:35:53.311+0000][gc,heap     ] GC(1369) Old regions: 210->210
[2026-01-16T09:35:53.312+0000][gc,heap     ] GC(1369) Humongous regions: 167->167
[2026-01-16T09:35:53.314+0000][gc,metaspace] GC(1369) Metaspace: 16057K(16512K)->16057K(16512K) NonClass: 14334K(14528K)->14334K(14528K) Class: 1723K(1984K)->1723K(1984K)
[2026-01-16T09:35:53.316+0000][gc          ] GC(1369) Pause Young (Normal) (G1 Evacuation Pause) 427M->379M(1024M) 232.915ms
[2026-01-16T09:35:53.331+0000][gc,cpu      ] GC(1369) User=0.13s Sys=0.02s Real=0.25s
[2026-01-16T09:35:55.472+0000][gc,start    ] GC(1370) Pause Young (Normal) (G1 Evacuation Pause)
[2026-01-16T09:35:55.474+0000][gc,task     ] GC(1370) Using 8 workers of 8 for evacuation
[2026-01-16T09:35:55.696+0000][gc,mmu      ] GC(1370) MMU target violated: 201.0ms (200.0ms/201.0ms)
[2026-01-16T09:35:55.697+0000][gc,phases   ] GC(1370)   Pre Evacuate Collection Set: 13.9ms
[2026-01-16T09:35:55.698+0000][gc,phases   ] GC(1370)   Merge Heap Roots: 1.4ms
[2026-01-16T09:35:55.698+0000][gc,phases   ] GC(1370)   Evacuate Collection Set: 165.8ms
[2026-01-16T09:35:55.698+0000][gc,phases   ] GC(1370)   Post Evacuate Collection Set: 40.9ms
[2026-01-16T09:35:55.699+0000][gc,phases   ] GC(1370)   Other: 1.7ms
[2026-01-16T09:35:55.700+0000][gc,heap     ] GC(1370) Eden regions: 48->0(47)
[2026-01-16T09:35:55.700+0000][gc,heap     ] GC(1370) Survivor regions: 3->4(7)
[2026-01-16T09:35:55.702+0000][gc,heap     ] GC(1370) Old regions: 210->210
[2026-01-16T09:35:55.702+0000][gc,heap     ] GC(1370) Humongous regions: 167->167
[2026-01-16T09:35:55.702+0000][gc,metaspace] GC(1370) Metaspace: 16057K(16512K)->16057K(16512K) NonClass: 14334K(14528K)->14334K(14528K) Class: 1723K(1984K)->1723K(1984K)
[2026-01-16T09:35:55.703+0000][gc          ] GC(1370) Pause Young (Normal) (G1 Evacuation Pause) 427M->379M(1024M) 230.705ms
[2026-01-16T09:35:55.704+0000][gc,cpu      ] GC(1370) User=0.12s Sys=0.00s Real=0.23s
[2026-01-16T09:35:57.175+0000][gc,start    ] GC(1371) Pause Young (Normal) (G1 Evacuation Pause)
[2026-01-16T09:35:57.192+0000][gc,task     ] GC(1371) Using 8 workers of 8 for evacuation
[2026-01-16T09:35:57.521+0000][gc,mmu      ] GC(1371) MMU target violated: 201.0ms (200.0ms/201.0ms)
[2026-01-16T09:35:57.522+0000][gc,phases   ] GC(1371)   Pre Evacuate Collection Set: 45.8ms
[2026-01-16T09:35:57.523+0000][gc,phases   ] GC(1371)   Merge Heap Roots: 8.4ms
[2026-01-16T09:35:57.524+0000][gc,phases   ] GC(1371)   Evacuate Collection Set: 254.0ms
[2026-01-16T09:35:57.526+0000][gc,phases   ] GC(1371)   Post Evacuate Collection Set: 18.6ms
[2026-01-16T09:35:57.528+0000][gc,phases   ] GC(1371)   Other: 14.9ms
[2026-01-16T09:35:57.528+0000][gc,heap     ] GC(1371) Eden regions: 47->0(46)
[2026-01-16T09:35:57.529+0000][gc,heap     ] GC(1371) Survivor regions: 4->5(7)
[2026-01-16T09:35:57.529+0000][gc,heap     ] GC(1371) Old regions: 210->210
[2026-01-16T09:35:57.529+0000][gc,heap     ] GC(1371) Humongous regions: 167->167
[2026-01-16T09:35:57.529+0000][gc,metaspace] GC(1371) Metaspace: 16057K(16512K)->16057K(16512K) NonClass: 14334K(14528K)->14334K(14528K) Class: 1723K(1984K)->1723K(1984K)
[2026-01-16T09:35:57.530+0000][gc          ] GC(1371) Pause Young (Normal) (G1 Evacuation Pause) 426M->380M(1024M) 355.530ms
[2026-01-16T09:35:57.531+0000][gc,cpu      ] GC(1371) User=0.12s Sys=0.01s Real=0.36s
[2026-01-16T09:36:00.210+0000][gc,start    ] GC(1372) Pause Young (Normal) (G1 Evacuation Pause)
[2026-01-16T09:36:00.212+0000][gc,task     ] GC(1372) Using 8 workers of 8 for evacuation
[2026-01-16T09:36:00.365+0000][gc,phases   ] GC(1372)   Pre Evacuate Collection Set: 25.9ms
[2026-01-16T09:36:00.365+0000][gc,phases   ] GC(1372)   Merge Heap Roots: 2.3ms
[2026-01-16T09:36:00.368+0000][gc,phases   ] GC(1372)   Evacuate Collection Set: 118.1ms
[2026-01-16T09:36:00.368+0000][gc,phases   ] GC(1372)   Post Evacuate Collection Set: 5.7ms
[2026-01-16T09:36:00.368+0000][gc,phases   ] GC(1372)   Other: 1.2ms
[2026-01-16T09:36:00.368+0000][gc,heap     ] GC(1372) Eden regions: 46->0(48)
[2026-01-16T09:36:00.368+0000][gc,heap     ] GC(1372) Survivor regions: 5->3(7)
[2026-01-16T09:36:00.369+0000][gc,heap     ] GC(1372) Old regions: 210->210
[2026-01-16T09:36:00.369+0000][gc,heap     ] GC(1372) Humongous regions: 167->167
[2026-01-16T09:36:00.369+0000][gc,metaspace] GC(1372) Metaspace: 16058K(16512K)->16058K(16512K) NonClass: 14334K(14528K)->14334K(14528K) Class: 1724K(1984K)->1724K(1984K)
[2026-01-16T09:36:00.370+0000][gc          ] GC(1372) Pause Young (Normal) (G1 Evacuation Pause) 426M->378M(1024M) 159.835ms
[2026-01-16T09:36:00.371+0000][gc,cpu      ] GC(1372) User=0.11s Sys=0.00s Real=0.16s
[2026-01-16T09:36:01.427+0000][gc,start    ] GC(1373) Pause Young (Normal) (G1 Evacuation Pause)
[2026-01-16T09:36:01.428+0000][gc,task     ] GC(1373) Using 8 workers of 8 for evacuation
[2026-01-16T09:36:01.524+0000][gc,phases   ] GC(1373)   Pre Evacuate Collection Set: 6.1ms
[2026-01-16T09:36:01.525+0000][gc,phases   ] GC(1373)   Merge Heap Roots: 0.3ms
[2026-01-16T09:36:01.525+0000][gc,phases   ] GC(1373)   Evacuate Collection Set: 85.1ms
[2026-01-16T09:36:01.525+0000][gc,phases   ] GC(1373)   Post Evacuate Collection Set: 2.2ms
[2026-01-16T09:36:01.526+0000][gc,phases   ] GC(1373)   Other: 2.8ms
[2026-01-16T09:36:01.526+0000][gc,heap     ] GC(1373) Eden regions: 48->0(58)
[2026-01-16T09:36:01.526+0000][gc,heap     ] GC(1373) Survivor regions: 3->3(7)
[2026-01-16T09:36:01.528+0000][gc,heap     ] GC(1373) Old regions: 210->210
[2026-01-16T09:36:01.528+0000][gc,heap     ] GC(1373) Humongous regions: 167->167
[2026-01-16T09:36:01.528+0000][gc,metaspace] GC(1373) Metaspace: 16058K(16512K)->16058K(16512K) NonClass: 14334K(14528K)->14334K(14528K) Class: 1724K(1984K)->1724K(1984K)
[2026-01-16T09:36:01.530+0000][gc          ] GC(1373) Pause Young (Normal) (G1 Evacuation Pause) 426M->379M(1024M) 102.196ms
[2026-01-16T09:36:01.531+0000][gc,cpu      ] GC(1373) User=0.07s Sys=0.00s Real=0.10s
[2026-01-16T09:36:03.162+0000][gc,start    ] GC(1374) Pause Young (Normal) (G1 Evacuation Pause)
[2026-01-16T09:36:03.163+0000][gc,task     ] GC(1374) Using 8 workers of 8 for evacuation
[2026-01-16T09:36:03.376+0000][gc,mmu      ] GC(1374) MMU target violated: 201.0ms (200.0ms/201.0ms)
[2026-01-16T09:36:03.377+0000][gc,phases   ] GC(1374)   Pre Evacuate Collection Set: 4.7ms
[2026-01-16T09:36:03.378+0000][gc,phases   ] GC(1374)   Merge Heap Roots: 0.8ms
[2026-01-16T09:36:03.378+0000][gc,phases   ] GC(1374)   Evacuate Collection Set: 189.7ms
[2026-01-16T09:36:03.379+0000][gc,phases   ] GC(1374)   Post Evacuate Collection Set: 17.3ms
[2026-01-16T09:36:03.380+0000][gc,phases   ] GC(1374)   Other: 0.8ms
[2026-01-16T09:36:03.380+0000][gc,heap     ] GC(1374) Eden regions: 65->0(47)
[2026-01-16T09:36:03.381+0000][gc,heap     ] GC(1374) Survivor regions: 3->4(9)
[2026-01-16T09:36:03.381+0000][gc,heap     ] GC(1374) Old regions: 210->210
[2026-01-16T09:36:03.382+0000][gc,heap     ] GC(1374) Humongous regions: 167->167
[2026-01-16T09:36:03.385+0000][gc,metaspace] GC(1374) Metaspace: 16058K(16512K)->16058K(16512K) NonClass: 14334K(14528K)->14334K(14528K) Class: 1724K(1984K)->1724K(1984K)
[2026-01-16T09:36:03.386+0000][gc          ] GC(1374) Pause Young (Normal) (G1 Evacuation Pause) 444M->380M(1024M) 223.964ms
[2026-01-16T09:36:03.388+0000][gc,cpu      ] GC(1374) User=0.13s Sys=0.00s Real=0.23s
[2026-01-16T09:36:08.765+0000][gc,start    ] GC(1375) Pause Young (Normal) (G1 Evacuation Pause)
[2026-01-16T09:36:08.766+0000][gc,task     ] GC(1375) Using 8 workers of 8 for evacuation
[2026-01-16T09:36:08.862+0000][gc,phases   ] GC(1375)   Pre Evacuate Collection Set: 15.1ms
[2026-01-16T09:36:08.863+0000][gc,phases   ] GC(1375)   Merge Heap Roots: 1.3ms
[2026-01-16T09:36:08.867+0000][gc,phases   ] GC(1375)   Evacuate Collection Set: 61.1ms
[2026-01-16T09:36:08.868+0000][gc,phases   ] GC(1375)   Post Evacuate Collection Set: 16.9ms
[2026-01-16T09:36:08.870+0000][gc,phases   ] GC(1375)   Other: 1.5ms
[2026-01-16T09:36:08.871+0000][gc,heap     ] GC(1375) Eden regions: 47->0(133)
[2026-01-16T09:36:08.872+0000][gc,heap     ] GC(1375) Survivor regions: 4->2(7)
[2026-01-16T09:36:08.872+0000][gc,heap     ] GC(1375) Old regions: 210->210
[2026-01-16T09:36:08.872+0000][gc,heap     ] GC(1375) Humongous regions: 167->167
[2026-01-16T09:36:08.872+0000][gc,metaspace] GC(1375) Metaspace: 16058K(16512K)->16058K(16512K) NonClass: 14334K(14528K)->14334K(14528K) Class: 1724K(1984K)->1724K(1984K)
[2026-01-16T09:36:08.872+0000][gc          ] GC(1375) Pause Young (Normal) (G1 Evacuation Pause) 427M->378M(1024M) 107.105ms
[2026-01-16T09:36:08.875+0000][gc,cpu      ] GC(1375) User=0.15s Sys=0.05s Real=0.11s
[2026-01-16T09:36:12.006+0000][gc,start    ] GC(1376) Pause Young (Normal) (G1 Evacuation Pause)
[2026-01-16T09:36:12.006+0000][gc,task     ] GC(1376) Using 8 workers of 8 for evacuation
[2026-01-16T09:36:12.074+0000][gc,phases   ] GC(1376)   Pre Evacuate Collection Set: 6.7ms
[2026-01-16T09:36:12.074+0000][gc,phases   ] GC(1376)   Merge Heap Roots: 2.9ms
[2026-01-16T09:36:12.074+0000][gc,phases   ] GC(1376)   Evacuate Collection Set: 50.4ms
[2026-01-16T09:36:12.074+0000][gc,phases   ] GC(1376)   Post Evacuate Collection Set: 7.3ms
[2026-01-16T09:36:12.074+0000][gc,phases   ] GC(1376)   Other: 0.4ms
[2026-01-16T09:36:12.074+0000][gc,heap     ] GC(1376) Eden regions: 135->0(101)
[2026-01-16T09:36:12.074+0000][gc,heap     ] GC(1376) Survivor regions: 2->4(18)
[2026-01-16T09:36:12.074+0000][gc,heap     ] GC(1376) Old regions: 210->210
[2026-01-16T09:36:12.074+0000][gc,heap     ] GC(1376) Humongous regions: 167->167
[2026-01-16T09:36:12.074+0000][gc,metaspace] GC(1376) Metaspace: 16059K(16512K)->16059K(16512K) NonClass: 14335K(14528K)->14335K(14528K) Class: 1724K(1984K)->1724K(1984K)
[2026-01-16T09:36:12.075+0000][gc          ] GC(1376) Pause Young (Normal) (G1 Evacuation Pause) 513M->380M(1024M) 69.166ms
[2026-01-16T09:36:12.075+0000][gc,cpu      ] GC(1376) User=0.21s Sys=0.00s Real=0.07s
[2026-01-16T09:36:19.988+0000][gc,start    ] GC(1377) Pause Young (Normal) (G1 Evacuation Pause)
[2026-01-16T09:36:19.990+0000][gc,task     ] GC(1377) Using 8 workers of 8 for evacuation
[2026-01-16T09:36:20.231+0000][gc,mmu      ] GC(1377) MMU target violated: 201.0ms (200.0ms/201.0ms)
[2026-01-16T09:36:20.233+0000][gc,phases   ] GC(1377)   Pre Evacuate Collection Set: 23.0ms
[2026-01-16T09:36:20.235+0000][gc,phases   ] GC(1377)   Merge Heap Roots: 7.6ms
[2026-01-16T09:36:20.239+0000][gc,phases   ] GC(1377)   Evacuate Collection Set: 131.4ms
[2026-01-16T09:36:20.239+0000][gc,phases   ] GC(1377)   Post Evacuate Collection Set: 77.1ms
[2026-01-16T09:36:20.239+0000][gc,phases   ] GC(1377)   Other: 4.3ms
[2026-01-16T09:36:20.239+0000][gc,heap     ] GC(1377) Eden regions: 104->0(111)
[2026-01-16T09:36:20.239+0000][gc,heap     ] GC(1377) Survivor regions: 4->3(14)
[2026-01-16T09:36:20.239+0000][gc,heap     ] GC(1377) Old regions: 210->210
[2026-01-16T09:36:20.239+0000][gc,heap     ] GC(1377) Humongous regions: 167->167
[2026-01-16T09:36:20.241+0000][gc,metaspace] GC(1377) Metaspace: 16060K(16512K)->16060K(16512K) NonClass: 14336K(14528K)->14336K(14528K) Class: 1724K(1984K)->1724K(1984K)
[2026-01-16T09:36:20.245+0000][gc          ] GC(1377) Pause Young (Normal) (G1 Evacuation Pause) 484M->379M(1024M) 257.537ms
[2026-01-16T09:36:20.248+0000][gc,cpu      ] GC(1377) User=0.28s Sys=0.02s Real=0.26s
[2026-01-16T09:36:21.933+0000][gc,start    ] GC(1378) Pause Young (Normal) (G1 Evacuation Pause)
[2026-01-16T09:36:21.934+0000][gc,task     ] GC(1378) Using 8 workers of 8 for evacuation
[2026-01-16T09:36:21.990+0000][gc,phases   ] GC(1378)   Pre Evacuate Collection Set: 7.2ms
[2026-01-16T09:36:21.990+0000][gc,phases   ] GC(1378)   Merge Heap Roots: 2.6ms
[2026-01-16T09:36:21.990+0000][gc,phases   ] GC(1378)   Evacuate Collection Set: 40.4ms
[2026-01-16T09:36:21.990+0000][gc,phases   ] GC(1378)   Post Evacuate Collection Set: 2.9ms
[2026-01-16T09:36:21.991+0000][gc,phases   ] GC(1378)   Other: 2.5ms
[2026-01-16T09:36:21.991+0000][gc,heap     ] GC(1378) Eden regions: 106->0(154)
[2026-01-16T09:36:21.991+0000][gc,heap     ] GC(1378) Survivor regions: 3->4(14)
[2026-01-16T09:36:21.991+0000][gc,heap     ] GC(1378) Old regions: 210->211
[2026-01-16T09:36:21.991+0000][gc,heap     ] GC(1378) Humongous regions: 167->167
[2026-01-16T09:36:21.992+0000][gc,metaspace] GC(1378) Metaspace: 16060K(16512K)->16060K(16512K) NonClass: 14336K(14528K)->14336K(14528K) Class: 1724K(1984K)->1724K(1984K)
[2026-01-16T09:36:21.994+0000][gc          ] GC(1378) Pause Young (Normal) (G1 Evacuation Pause) 485M->380M(1024M) 60.959ms
[2026-01-16T09:36:21.996+0000][gc,cpu      ] GC(1378) User=0.10s Sys=0.01s Real=0.06s
[2026-01-16T09:36:32.871+0000][gc,start    ] GC(1379) Pause Young (Normal) (G1 Evacuation Pause)
[2026-01-16T09:36:32.882+0000][gc,task     ] GC(1379) Using 8 workers of 8 for evacuation
[2026-01-16T09:36:33.060+0000][gc,phases   ] GC(1379)   Pre Evacuate Collection Set: 15.9ms
[2026-01-16T09:36:33.063+0000][gc,phases   ] GC(1379)   Merge Heap Roots: 1.8ms
[2026-01-16T09:36:33.064+0000][gc,phases   ] GC(1379)   Evacuate Collection Set: 127.8ms
[2026-01-16T09:36:33.065+0000][gc,phases   ] GC(1379)   Post Evacuate Collection Set: 31.9ms
[2026-01-16T09:36:33.066+0000][gc,phases   ] GC(1379)   Other: 3.4ms
[2026-01-16T09:36:33.068+0000][gc,heap     ] GC(1379) Eden regions: 151->0(151)
[2026-01-16T09:36:33.070+0000][gc,heap     ] GC(1379) Survivor regions: 4->4(20)
[2026-01-16T09:36:33.073+0000][gc,heap     ] GC(1379) Old regions: 211->211
[2026-01-16T09:36:33.073+0000][gc,heap     ] GC(1379) Humongous regions: 167->167
[2026-01-16T09:36:33.073+0000][gc,metaspace] GC(1379) Metaspace: 16060K(16512K)->16060K(16512K) NonClass: 14336K(14528K)->14336K(14528K) Class: 1724K(1984K)->1724K(1984K)
[2026-01-16T09:36:33.074+0000][gc          ] GC(1379) Pause Young (Normal) (G1 Evacuation Pause) 531M->381M(1024M) 203.405ms
[2026-01-16T09:36:33.075+0000][gc,cpu      ] GC(1379) User=0.29s Sys=0.02s Real=0.20s
[2026-01-16T09:36:42.022+0000][gc,start    ] GC(1380) Pause Young (Normal) (G1 Evacuation Pause)
[2026-01-16T09:36:42.024+0000][gc,task     ] GC(1380) Using 8 workers of 8 for evacuation
[2026-01-16T09:36:42.123+0000][gc,phases   ] GC(1380)   Pre Evacuate Collection Set: 13.5ms
[2026-01-16T09:36:42.123+0000][gc,phases   ] GC(1380)   Merge Heap Roots: 4.2ms
[2026-01-16T09:36:42.123+0000][gc,phases   ] GC(1380)   Evacuate Collection Set: 73.6ms
[2026-01-16T09:36:42.123+0000][gc,phases   ] GC(1380)   Post Evacuate Collection Set: 6.6ms
[2026-01-16T09:36:42.123+0000][gc,phases   ] GC(1380)   Other: 0.8ms
[2026-01-16T09:36:42.124+0000][gc,heap     ] GC(1380) Eden regions: 158->0(259)
[2026-01-16T09:36:42.124+0000][gc,heap     ] GC(1380) Survivor regions: 4->4(21)
[2026-01-16T09:36:42.124+0000][gc,heap     ] GC(1380) Old regions: 211->211
[2026-01-16T09:36:42.124+0000][gc,heap     ] GC(1380) Humongous regions: 167->167
[2026-01-16T09:36:42.125+0000][gc,metaspace] GC(1380) Metaspace: 16060K(16512K)->16060K(16512K) NonClass: 14336K(14528K)->14336K(14528K) Class: 1724K(1984K)->1724K(1984K)
[2026-01-16T09:36:42.126+0000][gc          ] GC(1380) Pause Young (Normal) (G1 Evacuation Pause) 539M->381M(1024M) 103.094ms
[2026-01-16T09:36:42.126+0000][gc,cpu      ] GC(1380) User=0.27s Sys=0.04s Real=0.11s
[2026-01-16T09:36:59.528+0000][gc,start    ] GC(1381) Pause Young (Normal) (G1 Evacuation Pause)
[2026-01-16T09:36:59.529+0000][gc,task     ] GC(1381) Using 8 workers of 8 for evacuation
[2026-01-16T09:36:59.676+0000][gc,phases   ] GC(1381)   Pre Evacuate Collection Set: 14.4ms
[2026-01-16T09:36:59.677+0000][gc,phases   ] GC(1381)   Merge Heap Roots: 1.7ms
[2026-01-16T09:36:59.677+0000][gc,phases   ] GC(1381)   Evacuate Collection Set: 104.2ms
[2026-01-16T09:36:59.678+0000][gc,phases   ] GC(1381)   Post Evacuate Collection Set: 26.0ms
[2026-01-16T09:36:59.678+0000][gc,phases   ] GC(1381)   Other: 0.9ms
[2026-01-16T09:36:59.679+0000][gc,heap     ] GC(1381) Eden regions: 265->0(310)
[2026-01-16T09:36:59.679+0000][gc,heap     ] GC(1381) Survivor regions: 4->3(34)
[2026-01-16T09:36:59.680+0000][gc,heap     ] GC(1381) Old regions: 211->211
[2026-01-16T09:36:59.680+0000][gc,heap     ] GC(1381) Humongous regions: 167->167
[2026-01-16T09:36:59.680+0000][gc,metaspace] GC(1381) Metaspace: 16060K(16512K)->16060K(16512K) NonClass: 14336K(14528K)->14336K(14528K) Class: 1724K(1984K)->1724K(1984K)
[2026-01-16T09:36:59.681+0000][gc          ] GC(1381) Pause Young (Normal) (G1 Evacuation Pause) 646M->380M(1024M) 152.820ms
[2026-01-16T09:36:59.683+0000][gc,cpu      ] GC(1381) User=0.33s Sys=0.02s Real=0.15s
[2026-01-16T09:37:13.621+0000][gc,start    ] GC(1382) Pause Young (Normal) (G1 Evacuation Pause)
[2026-01-16T09:37:13.625+0000][gc,task     ] GC(1382) Using 8 workers of 8 for evacuation
[2026-01-16T09:37:13.962+0000][gc,mmu      ] GC(1382) MMU target violated: 201.0ms (200.0ms/201.0ms)
[2026-01-16T09:37:13.964+0000][gc,phases   ] GC(1382)   Pre Evacuate Collection Set: 62.1ms
[2026-01-16T09:37:13.965+0000][gc,phases   ] GC(1382)   Merge Heap Roots: 12.3ms
[2026-01-16T09:37:13.966+0000][gc,phases   ] GC(1382)   Evacuate Collection Set: 236.4ms
[2026-01-16T09:37:13.968+0000][gc,phases   ] GC(1382)   Post Evacuate Collection Set: 13.1ms
[2026-01-16T09:37:13.968+0000][gc,phases   ] GC(1382)   Other: 17.6ms
[2026-01-16T09:37:13.969+0000][gc,heap     ] GC(1382) Eden regions: 308->0(46)
[2026-01-16T09:37:13.972+0000][gc,heap     ] GC(1382) Survivor regions: 3->5(39)
[2026-01-16T09:37:13.973+0000][gc,heap     ] GC(1382) Old regions: 211->211
[2026-01-16T09:37:13.973+0000][gc,heap     ] GC(1382) Humongous regions: 167->167
[2026-01-16T09:37:13.974+0000][gc,metaspace] GC(1382) Metaspace: 16060K(16512K)->16060K(16512K) NonClass: 14336K(14528K)->14336K(14528K) Class: 1724K(1984K)->1724K(1984K)
[2026-01-16T09:37:13.974+0000][gc          ] GC(1382) Pause Young (Normal) (G1 Evacuation Pause) 688M->382M(1024M) 352.945ms
[2026-01-16T09:37:13.979+0000][gc,cpu      ] GC(1382) User=0.37s Sys=0.05s Real=0.36s
[2026-01-16T09:37:21.160+0000][gc,start    ] GC(1383) Pause Young (Normal) (G1 Evacuation Pause)
[2026-01-16T09:37:21.190+0000][gc,task     ] GC(1383) Using 8 workers of 8 for evacuation
[2026-01-16T09:37:21.980+0000][gc,mmu      ] GC(1383) MMU target violated: 201.0ms (200.0ms/201.0ms)
[2026-01-16T09:37:21.983+0000][gc,phases   ] GC(1383)   Pre Evacuate Collection Set: 58.8ms
[2026-01-16T09:37:21.987+0000][gc,phases   ] GC(1383)   Merge Heap Roots: 9.6ms
[2026-01-16T09:37:21.988+0000][gc,phases   ] GC(1383)   Evacuate Collection Set: 659.5ms
[2026-01-16T09:37:21.988+0000][gc,phases   ] GC(1383)   Post Evacuate Collection Set: 52.9ms
[2026-01-16T09:37:21.988+0000][gc,phases   ] GC(1383)   Other: 13.8ms
[2026-01-16T09:37:21.990+0000][gc,heap     ] GC(1383) Eden regions: 54->0(48)
[2026-01-16T09:37:21.991+0000][gc,heap     ] GC(1383) Survivor regions: 5->3(8)
[2026-01-16T09:37:21.993+0000][gc,heap     ] GC(1383) Old regions: 211->212
[2026-01-16T09:37:21.996+0000][gc,heap     ] GC(1383) Humongous regions: 167->167
[2026-01-16T09:37:21.996+0000][gc,metaspace] GC(1383) Metaspace: 16060K(16512K)->16060K(16512K) NonClass: 14336K(14528K)->14336K(14528K) Class: 1724K(1984K)->1724K(1984K)
[2026-01-16T09:37:21.997+0000][gc          ] GC(1383) Pause Young (Normal) (G1 Evacuation Pause) 436M->380M(1024M) 837.534ms
[2026-01-16T09:37:21.997+0000][gc,cpu      ] GC(1383) User=0.37s Sys=0.04s Real=0.84s
[2026-01-16T09:37:24.237+0000][gc,start    ] GC(1384) Pause Young (Normal) (G1 Evacuation Pause)
[2026-01-16T09:37:24.243+0000][gc,task     ] GC(1384) Using 8 workers of 8 for evacuation
[2026-01-16T09:37:24.433+0000][gc,phases   ] GC(1384)   Pre Evacuate Collection Set: 8.7ms
[2026-01-16T09:37:24.441+0000][gc,phases   ] GC(1384)   Merge Heap Roots: 5.1ms
[2026-01-16T09:37:24.441+0000][gc,phases   ] GC(1384)   Evacuate Collection Set: 159.4ms
[2026-01-16T09:37:24.442+0000][gc,phases   ] GC(1384)   Post Evacuate Collection Set: 16.3ms
[2026-01-16T09:37:24.442+0000][gc,phases   ] GC(1384)   Other: 1.4ms
[2026-01-16T09:37:24.442+0000][gc,heap     ] GC(1384) Eden regions: 48->0(47)
[2026-01-16T09:37:24.442+0000][gc,heap     ] GC(1384) Survivor regions: 3->4(7)
[2026-01-16T09:37:24.443+0000][gc,heap     ] GC(1384) Old regions: 212->212
[2026-01-16T09:37:24.444+0000][gc,heap     ] GC(1384) Humongous regions: 167->167
[2026-01-16T09:37:24.444+0000][gc,metaspace] GC(1384) Metaspace: 16060K(16512K)->16060K(16512K) NonClass: 14336K(14528K)->14336K(14528K) Class: 1724K(1984K)->1724K(1984K)
[2026-01-16T09:37:24.444+0000][gc          ] GC(1384) Pause Young (Normal) (G1 Evacuation Pause) 428M->381M(1024M) 207.584ms
[2026-01-16T09:37:24.445+0000][gc,cpu      ] GC(1384) User=0.15s Sys=0.00s Real=0.21s
[2026-01-16T09:37:25.218+0000][gc,start    ] GC(1385) Pause Young (Normal) (G1 Evacuation Pause)
[2026-01-16T09:37:25.221+0000][gc,task     ] GC(1385) Using 8 workers of 8 for evacuation
[2026-01-16T09:37:25.280+0000][gc,phases   ] GC(1385)   Pre Evacuate Collection Set: 0.9ms
[2026-01-16T09:37:25.281+0000][gc,phases   ] GC(1385)   Merge Heap Roots: 0.6ms
[2026-01-16T09:37:25.282+0000][gc,phases   ] GC(1385)   Evacuate Collection Set: 54.0ms
[2026-01-16T09:37:25.282+0000][gc,phases   ] GC(1385)   Post Evacuate Collection Set: 2.4ms
[2026-01-16T09:37:25.283+0000][gc,phases   ] GC(1385)   Other: 0.7ms
[2026-01-16T09:37:25.284+0000][gc,heap     ] GC(1385) Eden regions: 47->0(47)
[2026-01-16T09:37:25.284+0000][gc,heap     ] GC(1385) Survivor regions: 4->4(7)
[2026-01-16T09:37:25.285+0000][gc,heap     ] GC(1385) Old regions: 212->212
[2026-01-16T09:37:25.286+0000][gc,heap     ] GC(1385) Humongous regions: 167->167
[2026-01-16T09:37:25.287+0000][gc,metaspace] GC(1385) Metaspace: 16060K(16512K)->16060K(16512K) NonClass: 14336K(14528K)->14336K(14528K) Class: 1724K(1984K)->1724K(1984K)
[2026-01-16T09:37:25.288+0000][gc          ] GC(1385) Pause Young (Normal) (G1 Evacuation Pause) 428M->382M(1024M) 69.445ms
[2026-01-16T09:37:25.288+0000][gc,cpu      ] GC(1385) User=0.06s Sys=0.00s Real=0.07s
[2026-01-16T09:37:27.110+0000][gc,start    ] GC(1386) Pause Young (Normal) (G1 Evacuation Pause)
[2026-01-16T09:37:27.112+0000][gc,task     ] GC(1386) Using 8 workers of 8 for evacuation
[2026-01-16T09:37:27.260+0000][gc,phases   ] GC(1386)   Pre Evacuate Collection Set: 17.2ms
[2026-01-16T09:37:27.263+0000][gc,phases   ] GC(1386)   Merge Heap Roots: 1.1ms
[2026-01-16T09:37:27.266+0000][gc,phases   ] GC(1386)   Evacuate Collection Set: 118.6ms
[2026-01-16T09:37:27.266+0000][gc,phases   ] GC(1386)   Post Evacuate Collection Set: 8.5ms
[2026-01-16T09:37:27.267+0000][gc,phases   ] GC(1386)   Other: 2.2ms
[2026-01-16T09:37:27.267+0000][gc,heap     ] GC(1386) Eden regions: 47->0(46)
[2026-01-16T09:37:27.267+0000][gc,heap     ] GC(1386) Survivor regions: 4->5(7)
[2026-01-16T09:37:27.268+0000][gc,heap     ] GC(1386) Old regions: 212->212
[2026-01-16T09:37:27.268+0000][gc,heap     ] GC(1386) Humongous regions: 167->167
[2026-01-16T09:37:27.269+0000][gc,metaspace] GC(1386) Metaspace: 16060K(16512K)->16060K(16512K) NonClass: 14336K(14528K)->14336K(14528K) Class: 1724K(1984K)->1724K(1984K)
[2026-01-16T09:37:27.271+0000][gc          ] GC(1386) Pause Young (Normal) (G1 Evacuation Pause) 429M->382M(1024M) 160.090ms
[2026-01-16T09:37:27.271+0000][gc,cpu      ] GC(1386) User=0.12s Sys=0.00s Real=0.16s
[2026-01-16T09:37:29.282+0000][gc,start    ] GC(1387) Pause Young (Normal) (G1 Evacuation Pause)
[2026-01-16T09:37:29.285+0000][gc,task     ] GC(1387) Using 8 workers of 8 for evacuation
[2026-01-16T09:37:29.928+0000][gc,mmu      ] GC(1387) MMU target violated: 201.0ms (200.0ms/201.0ms)
[2026-01-16T09:37:29.929+0000][gc,phases   ] GC(1387)   Pre Evacuate Collection Set: 19.1ms
[2026-01-16T09:37:29.931+0000][gc,phases   ] GC(1387)   Merge Heap Roots: 1.7ms
[2026-01-16T09:37:29.934+0000][gc,phases   ] GC(1387)   Evacuate Collection Set: 581.4ms
[2026-01-16T09:37:29.947+0000][gc,phases   ] GC(1387)   Post Evacuate Collection Set: 38.1ms
[2026-01-16T09:37:29.952+0000][gc,phases   ] GC(1387)   Other: 6.0ms
[2026-01-16T09:37:29.959+0000][gc,heap     ] GC(1387) Eden regions: 46->0(48)
[2026-01-16T09:37:29.959+0000][gc,heap     ] GC(1387) Survivor regions: 5->3(7)
[2026-01-16T09:37:29.963+0000][gc,heap     ] GC(1387) Old regions: 212->212
[2026-01-16T09:37:29.963+0000][gc,heap     ] GC(1387) Humongous regions: 167->167
[2026-01-16T09:37:29.966+0000][gc,metaspace] GC(1387) Metaspace: 16060K(16512K)->16060K(16512K) NonClass: 14336K(14528K)->14336K(14528K) Class: 1724K(1984K)->1724K(1984K)
[2026-01-16T09:37:29.967+0000][gc          ] GC(1387) Pause Young (Normal) (G1 Evacuation Pause) 428M->381M(1024M) 685.859ms
[2026-01-16T09:37:29.969+0000][gc,cpu      ] GC(1387) User=0.23s Sys=0.03s Real=0.69s
[2026-01-16T09:37:31.822+0000][gc,start    ] GC(1388) Pause Young (Normal) (G1 Evacuation Pause)
[2026-01-16T09:37:31.830+0000][gc,task     ] GC(1388) Using 8 workers of 8 for evacuation
[2026-01-16T09:37:32.173+0000][gc,mmu      ] GC(1388) MMU target violated: 201.0ms (200.0ms/201.0ms)
[2026-01-16T09:37:32.174+0000][gc,phases   ] GC(1388)   Pre Evacuate Collection Set: 83.9ms
[2026-01-16T09:37:32.175+0000][gc,phases   ] GC(1388)   Merge Heap Roots: 8.4ms
[2026-01-16T09:37:32.175+0000][gc,phases   ] GC(1388)   Evacuate Collection Set: 236.0ms
[2026-01-16T09:37:32.175+0000][gc,phases   ] GC(1388)   Post Evacuate Collection Set: 8.4ms
[2026-01-16T09:37:32.175+0000][gc,phases   ] GC(1388)   Other: 8.0ms
[2026-01-16T09:37:32.176+0000][gc,heap     ] GC(1388) Eden regions: 48->0(48)
[2026-01-16T09:37:32.176+0000][gc,heap     ] GC(1388) Survivor regions: 3->3(7)
[2026-01-16T09:37:32.177+0000][gc,heap     ] GC(1388) Old regions: 212->212
[2026-01-16T09:37:32.177+0000][gc,heap     ] GC(1388) Humongous regions: 167->167
[2026-01-16T09:37:32.178+0000][gc,metaspace] GC(1388) Metaspace: 16060K(16512K)->16060K(16512K) NonClass: 14336K(14528K)->14336K(14528K) Class: 1724K(1984K)->1724K(1984K)
[2026-01-16T09:37:32.178+0000][gc          ] GC(1388) Pause Young (Normal) (G1 Evacuation Pause) 429M->381M(1024M) 356.501ms
[2026-01-16T09:37:32.180+0000][gc,cpu      ] GC(1388) User=0.17s Sys=0.01s Real=0.36s
[2026-01-16T09:37:33.443+0000][gc,start    ] GC(1389) Pause Young (Normal) (G1 Evacuation Pause)
[2026-01-16T09:37:33.474+0000][gc,task     ] GC(1389) Using 8 workers of 8 for evacuation
[2026-01-16T09:37:33.582+0000][gc,phases   ] GC(1389)   Pre Evacuate Collection Set: 6.0ms
[2026-01-16T09:37:33.582+0000][gc,phases   ] GC(1389)   Merge Heap Roots: 1.4ms
[2026-01-16T09:37:33.582+0000][gc,phases   ] GC(1389)   Evacuate Collection Set: 89.3ms
[2026-01-16T09:37:33.582+0000][gc,phases   ] GC(1389)   Post Evacuate Collection Set: 5.2ms
[2026-01-16T09:37:33.582+0000][gc,phases   ] GC(1389)   Other: 5.6ms
[2026-01-16T09:37:33.583+0000][gc,heap     ] GC(1389) Eden regions: 48->0(47)
[2026-01-16T09:37:33.583+0000][gc,heap     ] GC(1389) Survivor regions: 3->4(7)
[2026-01-16T09:37:33.583+0000][gc,heap     ] GC(1389) Old regions: 212->212
[2026-01-16T09:37:33.583+0000][gc,heap     ] GC(1389) Humongous regions: 167->167
[2026-01-16T09:37:33.584+0000][gc,metaspace] GC(1389) Metaspace: 16060K(16512K)->16060K(16512K) NonClass: 14336K(14528K)->14336K(14528K) Class: 1724K(1984K)->1724K(1984K)
[2026-01-16T09:37:33.584+0000][gc          ] GC(1389) Pause Young (Normal) (G1 Evacuation Pause) 429M->382M(1024M) 140.960ms
[2026-01-16T09:37:33.584+0000][gc,cpu      ] GC(1389) User=0.07s Sys=0.01s Real=0.15s
[2026-01-16T09:37:34.542+0000][gc,start    ] GC(1390) Pause Young (Normal) (G1 Evacuation Pause)
[2026-01-16T09:37:34.543+0000][gc,task     ] GC(1390) Using 8 workers of 8 for evacuation
[2026-01-16T09:37:34.634+0000][gc,phases   ] GC(1390)   Pre Evacuate Collection Set: 0.6ms
[2026-01-16T09:37:34.635+0000][gc,phases   ] GC(1390)   Merge Heap Roots: 0.1ms
[2026-01-16T09:37:34.636+0000][gc,phases   ] GC(1390)   Evacuate Collection Set: 84.3ms
[2026-01-16T09:37:34.636+0000][gc,phases   ] GC(1390)   Post Evacuate Collection Set: 5.2ms
[2026-01-16T09:37:34.636+0000][gc,phases   ] GC(1390)   Other: 0.3ms
[2026-01-16T09:37:34.636+0000][gc,heap     ] GC(1390) Eden regions: 47->0(47)
[2026-01-16T09:37:34.639+0000][gc,heap     ] GC(1390) Survivor regions: 4->4(7)
[2026-01-16T09:37:34.640+0000][gc,heap     ] GC(1390) Old regions: 212->212
[2026-01-16T09:37:34.640+0000][gc,heap     ] GC(1390) Humongous regions: 167->167
[2026-01-16T09:37:34.640+0000][gc,metaspace] GC(1390) Metaspace: 16060K(16512K)->16060K(16512K) NonClass: 14336K(14528K)->14336K(14528K) Class: 1724K(1984K)->1724K(1984K)
[2026-01-16T09:37:34.641+0000][gc          ] GC(1390) Pause Young (Normal) (G1 Evacuation Pause) 429M->382M(1024M) 99.009ms
[2026-01-16T09:37:34.643+0000][gc,cpu      ] GC(1390) User=0.04s Sys=0.00s Real=0.11s
[2026-01-16T09:37:41.188+0000][gc,start    ] GC(1391) Pause Young (Normal) (G1 Evacuation Pause)
[2026-01-16T09:37:41.189+0000][gc,task     ] GC(1391) Using 8 workers of 8 for evacuation
[2026-01-16T09:37:41.553+0000][gc,mmu      ] GC(1391) MMU target violated: 201.0ms (200.0ms/201.0ms)
[2026-01-16T09:37:41.554+0000][gc,phases   ] GC(1391)   Pre Evacuate Collection Set: 39.7ms
[2026-01-16T09:37:41.555+0000][gc,phases   ] GC(1391)   Merge Heap Roots: 2.6ms
[2026-01-16T09:37:41.555+0000][gc,phases   ] GC(1391)   Evacuate Collection Set: 301.2ms
[2026-01-16T09:37:41.556+0000][gc,phases   ] GC(1391)   Post Evacuate Collection Set: 16.7ms
[2026-01-16T09:37:41.557+0000][gc,phases   ] GC(1391)   Other: 4.9ms
[2026-01-16T09:37:41.558+0000][gc,heap     ] GC(1391) Eden regions: 47->0(48)
[2026-01-16T09:37:41.558+0000][gc,heap     ] GC(1391) Survivor regions: 4->3(7)
[2026-01-16T09:37:41.558+0000][gc,heap     ] GC(1391) Old regions: 212->212
[2026-01-16T09:37:41.558+0000][gc,heap     ] GC(1391) Humongous regions: 167->167
[2026-01-16T09:37:41.560+0000][gc,metaspace] GC(1391) Metaspace: 16060K(16512K)->16060K(16512K) NonClass: 14336K(14528K)->14336K(14528K) Class: 1724K(1984K)->1724K(1984K)
[2026-01-16T09:37:41.560+0000][gc          ] GC(1391) Pause Young (Normal) (G1 Evacuation Pause) 429M->381M(1024M) 372.324ms
[2026-01-16T09:37:41.562+0000][gc,cpu      ] GC(1391) User=0.22s Sys=0.03s Real=0.37s
[2026-01-16T09:37:43.561+0000][gc,start    ] GC(1392) Pause Young (Normal) (G1 Evacuation Pause)
[2026-01-16T09:37:43.567+0000][gc,task     ] GC(1392) Using 8 workers of 8 for evacuation
[2026-01-16T09:37:43.744+0000][gc,phases   ] GC(1392)   Pre Evacuate Collection Set: 15.8ms
[2026-01-16T09:37:43.745+0000][gc,phases   ] GC(1392)   Merge Heap Roots: 4.3ms
[2026-01-16T09:37:43.745+0000][gc,phases   ] GC(1392)   Evacuate Collection Set: 130.6ms
[2026-01-16T09:37:43.746+0000][gc,phases   ] GC(1392)   Post Evacuate Collection Set: 25.9ms
[2026-01-16T09:37:43.749+0000][gc,phases   ] GC(1392)   Other: 1.1ms
[2026-01-16T09:37:43.751+0000][gc,heap     ] GC(1392) Eden regions: 48->0(48)
[2026-01-16T09:37:43.755+0000][gc,heap     ] GC(1392) Survivor regions: 3->3(7)
[2026-01-16T09:37:43.755+0000][gc,heap     ] GC(1392) Old regions: 212->212
[2026-01-16T09:37:43.758+0000][gc,heap     ] GC(1392) Humongous regions: 167->167
[2026-01-16T09:37:43.758+0000][gc,metaspace] GC(1392) Metaspace: 16060K(16512K)->16060K(16512K) NonClass: 14336K(14528K)->14336K(14528K) Class: 1724K(1984K)->1724K(1984K)
[2026-01-16T09:37:43.759+0000][gc          ] GC(1392) Pause Young (Normal) (G1 Evacuation Pause) 429M->381M(1024M) 197.443ms
[2026-01-16T09:37:43.759+0000][gc,cpu      ] GC(1392) User=0.13s Sys=0.01s Real=0.20s
[2026-01-16T09:37:45.549+0000][gc,start    ] GC(1393) Pause Young (Normal) (G1 Evacuation Pause)
[2026-01-16T09:37:45.549+0000][gc,task     ] GC(1393) Using 8 workers of 8 for evacuation
[2026-01-16T09:37:45.664+0000][gc,phases   ] GC(1393)   Pre Evacuate Collection Set: 9.8ms
[2026-01-16T09:37:45.665+0000][gc,phases   ] GC(1393)   Merge Heap Roots: 1.0ms
[2026-01-16T09:37:45.667+0000][gc,phases   ] GC(1393)   Evacuate Collection Set: 92.6ms
[2026-01-16T09:37:45.667+0000][gc,phases   ] GC(1393)   Post Evacuate Collection Set: 8.0ms
[2026-01-16T09:37:45.668+0000][gc,phases   ] GC(1393)   Other: 3.3ms
[2026-01-16T09:37:45.669+0000][gc,heap     ] GC(1393) Eden regions: 48->0(47)
[2026-01-16T09:37:45.670+0000][gc,heap     ] GC(1393) Survivor regions: 3->4(7)
[2026-01-16T09:37:45.670+0000][gc,heap     ] GC(1393) Old regions: 212->212
[2026-01-16T09:37:45.671+0000][gc,heap     ] GC(1393) Humongous regions: 167->167
[2026-01-16T09:37:45.671+0000][gc,metaspace] GC(1393) Metaspace: 16060K(16512K)->16060K(16512K) NonClass: 14336K(14528K)->14336K(14528K) Class: 1724K(1984K)->1724K(1984K)
[2026-01-16T09:37:45.673+0000][gc          ] GC(1393) Pause Young (Normal) (G1 Evacuation Pause) 429M->382M(1024M) 124.798ms
[2026-01-16T09:37:45.674+0000][gc,cpu      ] GC(1393) User=0.10s Sys=0.00s Real=0.13s
[2026-01-16T09:37:48.776+0000][gc,start    ] GC(1394) Pause Young (Normal) (G1 Evacuation Pause)
[2026-01-16T09:37:48.778+0000][gc,task     ] GC(1394) Using 8 workers of 8 for evacuation
[2026-01-16T09:37:49.168+0000][gc,mmu      ] GC(1394) MMU target violated: 201.0ms (200.0ms/201.0ms)
[2026-01-16T09:37:49.173+0000][gc,phases   ] GC(1394)   Pre Evacuate Collection Set: 18.3ms
[2026-01-16T09:37:49.174+0000][gc,phases   ] GC(1394)   Merge Heap Roots: 12.4ms
[2026-01-16T09:37:49.182+0000][gc,phases   ] GC(1394)   Evacuate Collection Set: 267.8ms
[2026-01-16T09:37:49.183+0000][gc,phases   ] GC(1394)   Post Evacuate Collection Set: 87.1ms
[2026-01-16T09:37:49.183+0000][gc,phases   ] GC(1394)   Other: 10.1ms
[2026-01-16T09:37:49.184+0000][gc,heap     ] GC(1394) Eden regions: 47->0(49)
[2026-01-16T09:37:49.184+0000][gc,heap     ] GC(1394) Survivor regions: 4->2(7)
[2026-01-16T09:37:49.184+0000][gc,heap     ] GC(1394) Old regions: 212->212
[2026-01-16T09:37:49.188+0000][gc,heap     ] GC(1394) Humongous regions: 167->167
[2026-01-16T09:37:49.189+0000][gc,metaspace] GC(1394) Metaspace: 16060K(16512K)->16060K(16512K) NonClass: 14336K(14528K)->14336K(14528K) Class: 1724K(1984K)->1724K(1984K)
[2026-01-16T09:37:49.191+0000][gc          ] GC(1394) Pause Young (Normal) (G1 Evacuation Pause) 429M->380M(1024M) 413.162ms
[2026-01-16T09:37:49.217+0000][gc,cpu      ] GC(1394) User=0.21s Sys=0.02s Real=0.44s
[2026-01-16T09:37:51.867+0000][gc,start    ] GC(1395) Pause Young (Normal) (G1 Evacuation Pause)
[2026-01-16T09:37:51.882+0000][gc,task     ] GC(1395) Using 8 workers of 8 for evacuation
[2026-01-16T09:37:52.213+0000][gc,mmu      ] GC(1395) MMU target violated: 201.0ms (200.0ms/201.0ms)
[2026-01-16T09:37:52.215+0000][gc,phases   ] GC(1395)   Pre Evacuate Collection Set: 38.8ms
[2026-01-16T09:37:52.216+0000][gc,phases   ] GC(1395)   Merge Heap Roots: 0.4ms
[2026-01-16T09:37:52.216+0000][gc,phases   ] GC(1395)   Evacuate Collection Set: 258.6ms
[2026-01-16T09:37:52.217+0000][gc,phases   ] GC(1395)   Post Evacuate Collection Set: 28.1ms
[2026-01-16T09:37:52.217+0000][gc,phases   ] GC(1395)   Other: 11.6ms
[2026-01-16T09:37:52.217+0000][gc,heap     ] GC(1395) Eden regions: 49->0(48)
[2026-01-16T09:37:52.218+0000][gc,heap     ] GC(1395) Survivor regions: 2->3(7)
[2026-01-16T09:37:52.219+0000][gc,heap     ] GC(1395) Old regions: 212->213
[2026-01-16T09:37:52.220+0000][gc,heap     ] GC(1395) Humongous regions: 167->167
[2026-01-16T09:37:52.221+0000][gc,metaspace] GC(1395) Metaspace: 16061K(16512K)->16061K(16512K) NonClass: 14337K(14528K)->14337K(14528K) Class: 1724K(1984K)->1724K(1984K)
[2026-01-16T09:37:52.224+0000][gc          ] GC(1395) Pause Young (Normal) (G1 Evacuation Pause) 429M->381M(1024M) 358.043ms
[2026-01-16T09:37:52.226+0000][gc,cpu      ] GC(1395) User=0.20s Sys=0.01s Real=0.36s
[2026-01-16T09:37:54.741+0000][gc,start    ] GC(1396) Pause Young (Normal) (G1 Evacuation Pause)
[2026-01-16T09:37:54.742+0000][gc,task     ] GC(1396) Using 8 workers of 8 for evacuation
[2026-01-16T09:37:55.029+0000][gc,mmu      ] GC(1396) MMU target violated: 201.0ms (200.0ms/201.0ms)
[2026-01-16T09:37:55.033+0000][gc,phases   ] GC(1396)   Pre Evacuate Collection Set: 18.0ms
[2026-01-16T09:37:55.035+0000][gc,phases   ] GC(1396)   Merge Heap Roots: 10.3ms
[2026-01-16T09:37:55.035+0000][gc,phases   ] GC(1396)   Evacuate Collection Set: 236.3ms
[2026-01-16T09:37:55.035+0000][gc,phases   ] GC(1396)   Post Evacuate Collection Set: 12.6ms
[2026-01-16T09:37:55.036+0000][gc,phases   ] GC(1396)   Other: 13.9ms
[2026-01-16T09:37:55.036+0000][gc,heap     ] GC(1396) Eden regions: 48->0(48)
[2026-01-16T09:37:55.037+0000][gc,heap     ] GC(1396) Survivor regions: 3->3(7)
[2026-01-16T09:37:55.037+0000][gc,heap     ] GC(1396) Old regions: 213->213
[2026-01-16T09:37:55.037+0000][gc,heap     ] GC(1396) Humongous regions: 167->167
[2026-01-16T09:37:55.038+0000][gc,metaspace] GC(1396) Metaspace: 16061K(16512K)->16061K(16512K) NonClass: 14337K(14528K)->14337K(14528K) Class: 1724K(1984K)->1724K(1984K)
[2026-01-16T09:37:55.038+0000][gc          ] GC(1396) Pause Young (Normal) (G1 Evacuation Pause) 429M->382M(1024M) 297.064ms
[2026-01-16T09:37:55.039+0000][gc,cpu      ] GC(1396) User=0.16s Sys=0.02s Real=0.30s
[2026-01-16T09:37:57.107+0000][gc,start    ] GC(1397) Pause Young (Normal) (G1 Evacuation Pause)
[2026-01-16T09:37:57.108+0000][gc,task     ] GC(1397) Using 8 workers of 8 for evacuation
[2026-01-16T09:37:57.328+0000][gc,mmu      ] GC(1397) MMU target violated: 201.0ms (200.0ms/201.0ms)
[2026-01-16T09:37:57.332+0000][gc,phases   ] GC(1397)   Pre Evacuate Collection Set: 16.5ms
[2026-01-16T09:37:57.333+0000][gc,phases   ] GC(1397)   Merge Heap Roots: 2.8ms
[2026-01-16T09:37:57.333+0000][gc,phases   ] GC(1397)   Evacuate Collection Set: 178.8ms
[2026-01-16T09:37:57.334+0000][gc,phases   ] GC(1397)   Post Evacuate Collection Set: 15.0ms
[2026-01-16T09:37:57.335+0000][gc,phases   ] GC(1397)   Other: 11.1ms
[2026-01-16T09:37:57.335+0000][gc,heap     ] GC(1397) Eden regions: 48->0(47)
[2026-01-16T09:37:57.336+0000][gc,heap     ] GC(1397) Survivor regions: 3->4(7)
[2026-01-16T09:37:57.336+0000][gc,heap     ] GC(1397) Old regions: 213->213
[2026-01-16T09:37:57.337+0000][gc,heap     ] GC(1397) Humongous regions: 167->167
[2026-01-16T09:37:57.338+0000][gc,metaspace] GC(1397) Metaspace: 16062K(16512K)->16062K(16512K) NonClass: 14338K(14528K)->14338K(14528K) Class: 1724K(1984K)->1724K(1984K)
[2026-01-16T09:37:57.340+0000][gc          ] GC(1397) Pause Young (Normal) (G1 Evacuation Pause) 430M->383M(1024M) 231.617ms
[2026-01-16T09:37:57.342+0000][gc,cpu      ] GC(1397) User=0.15s Sys=0.02s Real=0.23s
[2026-01-16T09:37:59.274+0000][gc,start    ] GC(1398) Pause Young (Normal) (G1 Evacuation Pause)
[2026-01-16T09:37:59.310+0000][gc,task     ] GC(1398) Using 8 workers of 8 for evacuation
[2026-01-16T09:37:59.501+0000][gc,phases   ] GC(1398)   Pre Evacuate Collection Set: 15.7ms
[2026-01-16T09:37:59.503+0000][gc,phases   ] GC(1398)   Merge Heap Roots: 12.1ms
[2026-01-16T09:37:59.503+0000][gc,phases   ] GC(1398)   Evacuate Collection Set: 130.6ms
[2026-01-16T09:37:59.504+0000][gc,phases   ] GC(1398)   Post Evacuate Collection Set: 20.7ms
[2026-01-16T09:37:59.504+0000][gc,phases   ] GC(1398)   Other: 12.6ms
[2026-01-16T09:37:59.507+0000][gc,heap     ] GC(1398) Eden regions: 47->0(62)
[2026-01-16T09:37:59.507+0000][gc,heap     ] GC(1398) Survivor regions: 4->2(7)
[2026-01-16T09:37:59.508+0000][gc,heap     ] GC(1398) Old regions: 213->214
[2026-01-16T09:37:59.508+0000][gc,heap     ] GC(1398) Humongous regions: 167->167
[2026-01-16T09:37:59.508+0000][gc,metaspace] GC(1398) Metaspace: 16062K(16512K)->16062K(16512K) NonClass: 14338K(14528K)->14338K(14528K) Class: 1724K(1984K)->1724K(1984K)
[2026-01-16T09:37:59.512+0000][gc          ] GC(1398) Pause Young (Normal) (G1 Evacuation Pause) 430M->381M(1024M) 238.285ms
[2026-01-16T09:37:59.513+0000][gc,cpu      ] GC(1398) User=0.09s Sys=0.02s Real=0.23s
[2026-01-16T09:38:01.968+0000][gc,start    ] GC(1399) Pause Young (Normal) (G1 Evacuation Pause)
[2026-01-16T09:38:01.969+0000][gc,task     ] GC(1399) Using 8 workers of 8 for evacuation
[2026-01-16T09:38:02.130+0000][gc,phases   ] GC(1399)   Pre Evacuate Collection Set: 9.2ms
[2026-01-16T09:38:02.131+0000][gc,phases   ] GC(1399)   Merge Heap Roots: 1.4ms
[2026-01-16T09:38:02.132+0000][gc,phases   ] GC(1399)   Evacuate Collection Set: 144.5ms
[2026-01-16T09:38:02.132+0000][gc,phases   ] GC(1399)   Post Evacuate Collection Set: 5.7ms
[2026-01-16T09:38:02.133+0000][gc,phases   ] GC(1399)   Other: 1.1ms
[2026-01-16T09:38:02.133+0000][gc,heap     ] GC(1399) Eden regions: 69->0(53)
[2026-01-16T09:38:02.134+0000][gc,heap     ] GC(1399) Survivor regions: 2->3(9)
[2026-01-16T09:38:02.134+0000][gc,heap     ] GC(1399) Old regions: 214->214
[2026-01-16T09:38:02.135+0000][gc,heap     ] GC(1399) Humongous regions: 167->167
[2026-01-16T09:38:02.135+0000][gc,metaspace] GC(1399) Metaspace: 16062K(16512K)->16062K(16512K) NonClass: 14338K(14528K)->14338K(14528K) Class: 1724K(1984K)->1724K(1984K)
[2026-01-16T09:38:02.136+0000][gc          ] GC(1399) Pause Young (Normal) (G1 Evacuation Pause) 450M->382M(1024M) 168.497ms
[2026-01-16T09:38:02.137+0000][gc,cpu      ] GC(1399) User=0.18s Sys=0.01s Real=0.17s
[2026-01-16T09:38:03.479+0000][gc,start    ] GC(1400) Pause Young (Normal) (G1 Evacuation Pause)
[2026-01-16T09:38:03.480+0000][gc,task     ] GC(1400) Using 8 workers of 8 for evacuation
[2026-01-16T09:38:03.618+0000][gc,phases   ] GC(1400)   Pre Evacuate Collection Set: 15.5ms
[2026-01-16T09:38:03.618+0000][gc,phases   ] GC(1400)   Merge Heap Roots: 3.3ms
[2026-01-16T09:38:03.618+0000][gc,phases   ] GC(1400)   Evacuate Collection Set: 101.1ms
[2026-01-16T09:38:03.619+0000][gc,phases   ] GC(1400)   Post Evacuate Collection Set: 15.4ms
[2026-01-16T09:38:03.619+0000][gc,phases   ] GC(1400)   Other: 2.8ms
[2026-01-16T09:38:03.619+0000][gc,heap     ] GC(1400) Eden regions: 58->0(47)
[2026-01-16T09:38:03.620+0000][gc,heap     ] GC(1400) Survivor regions: 3->4(8)
[2026-01-16T09:38:03.620+0000][gc,heap     ] GC(1400) Old regions: 214->214
[2026-01-16T09:38:03.620+0000][gc,heap     ] GC(1400) Humongous regions: 167->167
[2026-01-16T09:38:03.621+0000][gc,metaspace] GC(1400) Metaspace: 16062K(16512K)->16062K(16512K) NonClass: 14338K(14528K)->14338K(14528K) Class: 1724K(1984K)->1724K(1984K)
[2026-01-16T09:38:03.624+0000][gc          ] GC(1400) Pause Young (Normal) (G1 Evacuation Pause) 440M->383M(1024M) 145.062ms
[2026-01-16T09:38:03.625+0000][gc,cpu      ] GC(1400) User=0.12s Sys=0.00s Real=0.15s
[2026-01-16T09:38:08.855+0000][gc,start    ] GC(1401) Pause Young (Normal) (G1 Evacuation Pause)
[2026-01-16T09:38:08.859+0000][gc,task     ] GC(1401) Using 8 workers of 8 for evacuation
[2026-01-16T09:38:08.980+0000][gc,phases   ] GC(1401)   Pre Evacuate Collection Set: 14.7ms
[2026-01-16T09:38:08.981+0000][gc,phases   ] GC(1401)   Merge Heap Roots: 2.0ms
[2026-01-16T09:38:08.984+0000][gc,phases   ] GC(1401)   Evacuate Collection Set: 81.3ms
[2026-01-16T09:38:08.984+0000][gc,phases   ] GC(1401)   Post Evacuate Collection Set: 18.7ms
[2026-01-16T09:38:08.986+0000][gc,phases   ] GC(1401)   Other: 5.7ms
[2026-01-16T09:38:08.987+0000][gc,heap     ] GC(1401) Eden regions: 47->0(129)
[2026-01-16T09:38:08.987+0000][gc,heap     ] GC(1401) Survivor regions: 4->2(7)
[2026-01-16T09:38:08.987+0000][gc,heap     ] GC(1401) Old regions: 214->214
[2026-01-16T09:38:08.987+0000][gc,heap     ] GC(1401) Humongous regions: 167->167
[2026-01-16T09:38:08.987+0000][gc,metaspace] GC(1401) Metaspace: 16062K(16512K)->16062K(16512K) NonClass: 14338K(14528K)->14338K(14528K) Class: 1724K(1984K)->1724K(1984K)
[2026-01-16T09:38:08.989+0000][gc          ] GC(1401) Pause Young (Normal) (G1 Evacuation Pause) 430M->381M(1024M) 133.589ms
[2026-01-16T09:38:08.989+0000][gc,cpu      ] GC(1401) User=0.13s Sys=0.01s Real=0.13s
[2026-01-16T09:38:12.518+0000][gc,start    ] GC(1402) Pause Young (Normal) (G1 Evacuation Pause)
[2026-01-16T09:38:12.520+0000][gc,task     ] GC(1402) Using 8 workers of 8 for evacuation
[2026-01-16T09:38:12.648+0000][gc,phases   ] GC(1402)   Pre Evacuate Collection Set: 8.2ms
[2026-01-16T09:38:12.650+0000][gc,phases   ] GC(1402)   Merge Heap Roots: 3.2ms
[2026-01-16T09:38:12.650+0000][gc,phases   ] GC(1402)   Evacuate Collection Set: 106.9ms
[2026-01-16T09:38:12.650+0000][gc,phases   ] GC(1402)   Post Evacuate Collection Set: 8.5ms
[2026-01-16T09:38:12.651+0000][gc,phases   ] GC(1402)   Other: 0.8ms
[2026-01-16T09:38:12.651+0000][gc,heap     ] GC(1402) Eden regions: 128->0(93)
[2026-01-16T09:38:12.651+0000][gc,heap     ] GC(1402) Survivor regions: 2->4(17)
[2026-01-16T09:38:12.651+0000][gc,heap     ] GC(1402) Old regions: 214->214
[2026-01-16T09:38:12.651+0000][gc,heap     ] GC(1402) Humongous regions: 167->167
[2026-01-16T09:38:12.651+0000][gc,metaspace] GC(1402) Metaspace: 16062K(16512K)->16062K(16512K) NonClass: 14338K(14528K)->14338K(14528K) Class: 1724K(1984K)->1724K(1984K)
[2026-01-16T09:38:12.651+0000][gc          ] GC(1402) Pause Young (Normal) (G1 Evacuation Pause) 509M->383M(1024M) 132.987ms
[2026-01-16T09:38:12.652+0000][gc,cpu      ] GC(1402) User=0.22s Sys=0.03s Real=0.13s
[2026-01-16T09:38:20.783+0000][gc,start    ] GC(1403) Pause Young (Normal) (G1 Evacuation Pause)
[2026-01-16T09:38:20.784+0000][gc,task     ] GC(1403) Using 8 workers of 8 for evacuation
[2026-01-16T09:38:21.054+0000][gc,mmu      ] GC(1403) MMU target violated: 201.0ms (200.0ms/201.0ms)
[2026-01-16T09:38:21.059+0000][gc,phases   ] GC(1403)   Pre Evacuate Collection Set: 36.4ms
[2026-01-16T09:38:21.063+0000][gc,phases   ] GC(1403)   Merge Heap Roots: 0.9ms
[2026-01-16T09:38:21.064+0000][gc,phases   ] GC(1403)   Evacuate Collection Set: 193.3ms
[2026-01-16T09:38:21.064+0000][gc,phases   ] GC(1403)   Post Evacuate Collection Set: 36.1ms
[2026-01-16T09:38:21.065+0000][gc,phases   ] GC(1403)   Other: 8.4ms
[2026-01-16T09:38:21.065+0000][gc,heap     ] GC(1403) Eden regions: 95->0(109)
[2026-01-16T09:38:21.065+0000][gc,heap     ] GC(1403) Survivor regions: 4->2(13)
[2026-01-16T09:38:21.066+0000][gc,heap     ] GC(1403) Old regions: 214->214
[2026-01-16T09:38:21.066+0000][gc,heap     ] GC(1403) Humongous regions: 167->167
[2026-01-16T09:38:21.066+0000][gc,metaspace] GC(1403) Metaspace: 16062K(16512K)->16062K(16512K) NonClass: 14338K(14528K)->14338K(14528K) Class: 1724K(1984K)->1724K(1984K)
[2026-01-16T09:38:21.067+0000][gc          ] GC(1403) Pause Young (Normal) (G1 Evacuation Pause) 478M->382M(1024M) 283.767ms
[2026-01-16T09:38:21.068+0000][gc,cpu      ] GC(1403) User=0.20s Sys=0.01s Real=0.28s
[2026-01-16T09:38:24.140+0000][gc,start    ] GC(1404) Pause Young (Normal) (G1 Evacuation Pause)
[2026-01-16T09:38:24.145+0000][gc,task     ] GC(1404) Using 8 workers of 8 for evacuation
[2026-01-16T09:38:24.316+0000][gc,phases   ] GC(1404)   Pre Evacuate Collection Set: 24.8ms
[2026-01-16T09:38:24.316+0000][gc,phases   ] GC(1404)   Merge Heap Roots: 1.1ms
[2026-01-16T09:38:24.316+0000][gc,phases   ] GC(1404)   Evacuate Collection Set: 129.5ms
[2026-01-16T09:38:24.318+0000][gc,phases   ] GC(1404)   Post Evacuate Collection Set: 11.4ms
[2026-01-16T09:38:24.327+0000][gc,phases   ] GC(1404)   Other: 3.6ms
[2026-01-16T09:38:24.328+0000][gc,heap     ] GC(1404) Eden regions: 110->0(51)
[2026-01-16T09:38:24.329+0000][gc,heap     ] GC(1404) Survivor regions: 2->4(14)
[2026-01-16T09:38:24.329+0000][gc,heap     ] GC(1404) Old regions: 214->214
[2026-01-16T09:38:24.329+0000][gc,heap     ] GC(1404) Humongous regions: 167->167
[2026-01-16T09:38:24.329+0000][gc,metaspace] GC(1404) Metaspace: 16062K(16512K)->16062K(16512K) NonClass: 14338K(14528K)->14338K(14528K) Class: 1724K(1984K)->1724K(1984K)
[2026-01-16T09:38:24.329+0000][gc          ] GC(1404) Pause Young (Normal) (G1 Evacuation Pause) 492M->383M(1024M) 189.077ms
[2026-01-16T09:38:24.329+0000][gc,cpu      ] GC(1404) User=0.13s Sys=0.01s Real=0.19s
[2026-01-16T09:38:29.935+0000][gc,start    ] GC(1405) Pause Young (Normal) (G1 Evacuation Pause)
[2026-01-16T09:38:29.937+0000][gc,task     ] GC(1405) Using 8 workers of 8 for evacuation
[2026-01-16T09:38:30.205+0000][gc,mmu      ] GC(1405) MMU target violated: 201.0ms (200.0ms/201.0ms)
[2026-01-16T09:38:30.205+0000][gc,phases   ] GC(1405)   Pre Evacuate Collection Set: 33.9ms
[2026-01-16T09:38:30.206+0000][gc,phases   ] GC(1405)   Merge Heap Roots: 9.6ms
[2026-01-16T09:38:30.206+0000][gc,phases   ] GC(1405)   Evacuate Collection Set: 182.7ms
[2026-01-16T09:38:30.207+0000][gc,phases   ] GC(1405)   Post Evacuate Collection Set: 40.7ms
[2026-01-16T09:38:30.207+0000][gc,phases   ] GC(1405)   Other: 1.9ms
[2026-01-16T09:38:30.208+0000][gc,heap     ] GC(1405) Eden regions: 51->0(99)
[2026-01-16T09:38:30.208+0000][gc,heap     ] GC(1405) Survivor regions: 4->2(7)
[2026-01-16T09:38:30.209+0000][gc,heap     ] GC(1405) Old regions: 214->214
[2026-01-16T09:38:30.209+0000][gc,heap     ] GC(1405) Humongous regions: 167->167
[2026-01-16T09:38:30.210+0000][gc,metaspace] GC(1405) Metaspace: 16062K(16512K)->16062K(16512K) NonClass: 14338K(14528K)->14338K(14528K) Class: 1724K(1984K)->1724K(1984K)
[2026-01-16T09:38:30.211+0000][gc          ] GC(1405) Pause Young (Normal) (G1 Evacuation Pause) 434M->382M(1024M) 275.919ms
[2026-01-16T09:38:30.212+0000][gc,cpu      ] GC(1405) User=0.27s Sys=0.02s Real=0.27s
[2026-01-16T09:38:32.537+0000][gc,start    ] GC(1406) Pause Young (Normal) (G1 Evacuation Pause)
[2026-01-16T09:38:32.538+0000][gc,task     ] GC(1406) Using 8 workers of 8 for evacuation
[2026-01-16T09:38:32.652+0000][gc,phases   ] GC(1406)   Pre Evacuate Collection Set: 6.9ms
[2026-01-16T09:38:32.657+0000][gc,phases   ] GC(1406)   Merge Heap Roots: 0.6ms
[2026-01-16T09:38:32.658+0000][gc,phases   ] GC(1406)   Evacuate Collection Set: 95.8ms
[2026-01-16T09:38:32.658+0000][gc,phases   ] GC(1406)   Post Evacuate Collection Set: 8.9ms
[2026-01-16T09:38:32.659+0000][gc,phases   ] GC(1406)   Other: 2.0ms
[2026-01-16T09:38:32.659+0000][gc,heap     ] GC(1406) Eden regions: 108->0(66)
[2026-01-16T09:38:32.660+0000][gc,heap     ] GC(1406) Survivor regions: 2->4(14)
[2026-01-16T09:38:32.660+0000][gc,heap     ] GC(1406) Old regions: 214->214
[2026-01-16T09:38:32.660+0000][gc,heap     ] GC(1406) Humongous regions: 167->167
[2026-01-16T09:38:32.661+0000][gc,metaspace] GC(1406) Metaspace: 16062K(16512K)->16062K(16512K) NonClass: 14338K(14528K)->14338K(14528K) Class: 1724K(1984K)->1724K(1984K)
[2026-01-16T09:38:32.661+0000][gc          ] GC(1406) Pause Young (Normal) (G1 Evacuation Pause) 490M->383M(1024M) 124.922ms
[2026-01-16T09:38:32.662+0000][gc,cpu      ] GC(1406) User=0.10s Sys=0.01s Real=0.12s
[2026-01-16T09:38:39.209+0000][gc,start    ] GC(1407) Pause Young (Normal) (G1 Evacuation Pause)
[2026-01-16T09:38:39.213+0000][gc,task     ] GC(1407) Using 8 workers of 8 for evacuation
[2026-01-16T09:38:39.334+0000][gc,phases   ] GC(1407)   Pre Evacuate Collection Set: 28.8ms
[2026-01-16T09:38:39.335+0000][gc,phases   ] GC(1407)   Merge Heap Roots: 4.1ms
[2026-01-16T09:38:39.335+0000][gc,phases   ] GC(1407)   Evacuate Collection Set: 76.5ms
[2026-01-16T09:38:39.336+0000][gc,phases   ] GC(1407)   Post Evacuate Collection Set: 8.7ms
[2026-01-16T09:38:39.336+0000][gc,phases   ] GC(1407)   Other: 3.1ms
[2026-01-16T09:38:39.336+0000][gc,heap     ] GC(1407) Eden regions: 63->0(189)
[2026-01-16T09:38:39.337+0000][gc,heap     ] GC(1407) Survivor regions: 4->2(9)
[2026-01-16T09:38:39.337+0000][gc,heap     ] GC(1407) Old regions: 214->214
[2026-01-16T09:38:39.337+0000][gc,heap     ] GC(1407) Humongous regions: 167->167
[2026-01-16T09:38:39.338+0000][gc,metaspace] GC(1407) Metaspace: 16062K(16512K)->16062K(16512K) NonClass: 14338K(14528K)->14338K(14528K) Class: 1724K(1984K)->1724K(1984K)
[2026-01-16T09:38:39.339+0000][gc          ] GC(1407) Pause Young (Normal) (G1 Evacuation Pause) 446M->382M(1024M) 130.245ms
[2026-01-16T09:38:39.340+0000][gc,cpu      ] GC(1407) User=0.12s Sys=0.02s Real=0.13s
[2026-01-16T09:38:50.193+0000][gc,start    ] GC(1408) Pause Young (Normal) (G1 Evacuation Pause)
[2026-01-16T09:38:50.206+0000][gc,task     ] GC(1408) Using 8 workers of 8 for evacuation
[2026-01-16T09:38:50.420+0000][gc,mmu      ] GC(1408) MMU target violated: 201.0ms (200.0ms/201.0ms)
[2026-01-16T09:38:50.421+0000][gc,phases   ] GC(1408)   Pre Evacuate Collection Set: 15.7ms
[2026-01-16T09:38:50.421+0000][gc,phases   ] GC(1408)   Merge Heap Roots: 2.5ms
[2026-01-16T09:38:50.422+0000][gc,phases   ] GC(1408)   Evacuate Collection Set: 178.9ms
[2026-01-16T09:38:50.422+0000][gc,phases   ] GC(1408)   Post Evacuate Collection Set: 13.3ms
[2026-01-16T09:38:50.422+0000][gc,phases   ] GC(1408)   Other: 16.7ms
[2026-01-16T09:38:50.422+0000][gc,heap     ] GC(1408) Eden regions: 182->0(187)
[2026-01-16T09:38:50.422+0000][gc,heap     ] GC(1408) Survivor regions: 2->2(23)
[2026-01-16T09:38:50.422+0000][gc,heap     ] GC(1408) Old regions: 214->214
[2026-01-16T09:38:50.423+0000][gc,heap     ] GC(1408) Humongous regions: 167->167
[2026-01-16T09:38:50.423+0000][gc,metaspace] GC(1408) Metaspace: 16062K(16512K)->16062K(16512K) NonClass: 14338K(14528K)->14338K(14528K) Class: 1724K(1984K)->1724K(1984K)
[2026-01-16T09:38:50.424+0000][gc          ] GC(1408) Pause Young (Normal) (G1 Evacuation Pause) 564M->382M(1024M) 231.438ms
[2026-01-16T09:38:50.424+0000][gc,cpu      ] GC(1408) User=0.19s Sys=0.00s Real=0.24s
[2026-01-16T09:39:00.742+0000][gc,start    ] GC(1409) Pause Young (Normal) (G1 Evacuation Pause)
[2026-01-16T09:39:00.749+0000][gc,task     ] GC(1409) Using 8 workers of 8 for evacuation
[2026-01-16T09:39:00.943+0000][gc,phases   ] GC(1409)   Pre Evacuate Collection Set: 7.5ms
[2026-01-16T09:39:00.944+0000][gc,phases   ] GC(1409)   Merge Heap Roots: 8.2ms
[2026-01-16T09:39:00.945+0000][gc,phases   ] GC(1409)   Evacuate Collection Set: 145.9ms
[2026-01-16T09:39:00.945+0000][gc,phases   ] GC(1409)   Post Evacuate Collection Set: 30.2ms
[2026-01-16T09:39:00.945+0000][gc,phases   ] GC(1409)   Other: 2.9ms
[2026-01-16T09:39:00.947+0000][gc,heap     ] GC(1409) Eden regions: 199->0(152)
[2026-01-16T09:39:00.947+0000][gc,heap     ] GC(1409) Survivor regions: 2->3(26)
[2026-01-16T09:39:00.948+0000][gc,heap     ] GC(1409) Old regions: 214->214
[2026-01-16T09:39:00.948+0000][gc,heap     ] GC(1409) Humongous regions: 167->167
[2026-01-16T09:39:00.949+0000][gc,metaspace] GC(1409) Metaspace: 16062K(16512K)->16062K(16512K) NonClass: 14338K(14528K)->14338K(14528K) Class: 1724K(1984K)->1724K(1984K)
[2026-01-16T09:39:00.950+0000][gc          ] GC(1409) Pause Young (Normal) (G1 Evacuation Pause) 581M->383M(1024M) 208.158ms
[2026-01-16T09:39:00.951+0000][gc,cpu      ] GC(1409) User=0.18s Sys=0.01s Real=0.21s
[2026-01-16T09:39:09.662+0000][gc,start    ] GC(1410) Pause Young (Normal) (G1 Evacuation Pause)
[2026-01-16T09:39:09.665+0000][gc,task     ] GC(1410) Using 8 workers of 8 for evacuation
[2026-01-16T09:39:09.921+0000][gc,mmu      ] GC(1410) MMU target violated: 201.0ms (200.0ms/201.0ms)
[2026-01-16T09:39:09.925+0000][gc,phases   ] GC(1410)   Pre Evacuate Collection Set: 46.7ms
[2026-01-16T09:39:09.926+0000][gc,phases   ] GC(1410)   Merge Heap Roots: 9.1ms
[2026-01-16T09:39:09.926+0000][gc,phases   ] GC(1410)   Evacuate Collection Set: 159.9ms
[2026-01-16T09:39:09.927+0000][gc,phases   ] GC(1410)   Post Evacuate Collection Set: 39.5ms
[2026-01-16T09:39:09.927+0000][gc,phases   ] GC(1410)   Other: 5.6ms
[2026-01-16T09:39:09.928+0000][gc,heap     ] GC(1410) Eden regions: 162->0(165)
[2026-01-16T09:39:09.928+0000][gc,heap     ] GC(1410) Survivor regions: 3->3(21)
[2026-01-16T09:39:09.928+0000][gc,heap     ] GC(1410) Old regions: 214->214
[2026-01-16T09:39:09.929+0000][gc,heap     ] GC(1410) Humongous regions: 167->167
[2026-01-16T09:39:09.929+0000][gc,metaspace] GC(1410) Metaspace: 16063K(16512K)->16063K(16512K) NonClass: 14339K(14528K)->14339K(14528K) Class: 1724K(1984K)->1724K(1984K)
[2026-01-16T09:39:09.930+0000][gc          ] GC(1410) Pause Young (Normal) (G1 Evacuation Pause) 545M->382M(1024M) 268.537ms
[2026-01-16T09:39:09.931+0000][gc,cpu      ] GC(1410) User=0.20s Sys=0.01s Real=0.27s
[2026-01-16T09:39:18.962+0000][gc,start    ] GC(1411) Pause Young (Normal) (G1 Evacuation Pause)
[2026-01-16T09:39:18.968+0000][gc,task     ] GC(1411) Using 8 workers of 8 for evacuation
[2026-01-16T09:39:19.210+0000][gc,mmu      ] GC(1411) MMU target violated: 201.0ms (200.0ms/201.0ms)
[2026-01-16T09:39:19.212+0000][gc,phases   ] GC(1411)   Pre Evacuate Collection Set: 30.5ms
[2026-01-16T09:39:19.213+0000][gc,phases   ] GC(1411)   Merge Heap Roots: 12.5ms
[2026-01-16T09:39:19.214+0000][gc,phases   ] GC(1411)   Evacuate Collection Set: 159.2ms
[2026-01-16T09:39:19.215+0000][gc,phases   ] GC(1411)   Post Evacuate Collection Set: 38.3ms
[2026-01-16T09:39:19.215+0000][gc,phases   ] GC(1411)   Other: 4.0ms
[2026-01-16T09:39:19.216+0000][gc,heap     ] GC(1411) Eden regions: 171->0(167)
[2026-01-16T09:39:19.217+0000][gc,heap     ] GC(1411) Survivor regions: 3->3(22)
[2026-01-16T09:39:19.217+0000][gc,heap     ] GC(1411) Old regions: 214->214
[2026-01-16T09:39:19.218+0000][gc,heap     ] GC(1411) Humongous regions: 167->167
[2026-01-16T09:39:19.219+0000][gc,metaspace] GC(1411) Metaspace: 16063K(16512K)->16063K(16512K) NonClass: 14339K(14528K)->14339K(14528K) Class: 1724K(1984K)->1724K(1984K)
[2026-01-16T09:39:19.220+0000][gc          ] GC(1411) Pause Young (Normal) (G1 Evacuation Pause) 553M->383M(1024M) 258.579ms
[2026-01-16T09:39:19.222+0000][gc,cpu      ] GC(1411) User=0.21s Sys=0.09s Real=0.26s
[2026-01-16T09:39:22.735+0000][gc,start    ] GC(1412) Pause Young (Normal) (G1 Evacuation Pause)
[2026-01-16T09:39:22.738+0000][gc,task     ] GC(1412) Using 8 workers of 8 for evacuation
[2026-01-16T09:39:22.805+0000][gc,phases   ] GC(1412)   Pre Evacuate Collection Set: 12.5ms
[2026-01-16T09:39:22.805+0000][gc,phases   ] GC(1412)   Merge Heap Roots: 0.6ms
[2026-01-16T09:39:22.806+0000][gc,phases   ] GC(1412)   Evacuate Collection Set: 48.4ms
[2026-01-16T09:39:22.808+0000][gc,phases   ] GC(1412)   Post Evacuate Collection Set: 3.1ms
[2026-01-16T09:39:22.808+0000][gc,phases   ] GC(1412)   Other: 2.6ms
[2026-01-16T09:39:22.808+0000][gc,heap     ] GC(1412) Eden regions: 168->0(192)
[2026-01-16T09:39:22.809+0000][gc,heap     ] GC(1412) Survivor regions: 3->4(22)
[2026-01-16T09:39:22.809+0000][gc,heap     ] GC(1412) Old regions: 214->214
[2026-01-16T09:39:22.809+0000][gc,heap     ] GC(1412) Humongous regions: 167->167
[2026-01-16T09:39:22.809+0000][gc,metaspace] GC(1412) Metaspace: 16063K(16512K)->16063K(16512K) NonClass: 14339K(14528K)->14339K(14528K) Class: 1724K(1984K)->1724K(1984K)
[2026-01-16T09:39:22.810+0000][gc          ] GC(1412) Pause Young (Normal) (G1 Evacuation Pause) 551M->384M(1024M) 74.250ms
[2026-01-16T09:39:22.810+0000][gc,cpu      ] GC(1412) User=0.10s Sys=0.00s Real=0.07s
[2026-01-16T09:39:34.945+0000][gc,start    ] GC(1413) Pause Young (Normal) (G1 Evacuation Pause)
[2026-01-16T09:39:34.949+0000][gc,task     ] GC(1413) Using 8 workers of 8 for evacuation
[2026-01-16T09:39:35.311+0000][gc,mmu      ] GC(1413) MMU target violated: 201.0ms (200.0ms/201.0ms)
[2026-01-16T09:39:35.313+0000][gc,phases   ] GC(1413)   Pre Evacuate Collection Set: 54.2ms
[2026-01-16T09:39:35.315+0000][gc,phases   ] GC(1413)   Merge Heap Roots: 2.3ms
[2026-01-16T09:39:35.316+0000][gc,phases   ] GC(1413)   Evacuate Collection Set: 267.7ms
[2026-01-16T09:39:35.317+0000][gc,phases   ] GC(1413)   Post Evacuate Collection Set: 28.7ms
[2026-01-16T09:39:35.317+0000][gc,phases   ] GC(1413)   Other: 13.7ms
[2026-01-16T09:39:35.318+0000][gc,heap     ] GC(1413) Eden regions: 180->0(47)
[2026-01-16T09:39:35.322+0000][gc,heap     ] GC(1413) Survivor regions: 4->4(23)
[2026-01-16T09:39:35.324+0000][gc,heap     ] GC(1413) Old regions: 214->214
[2026-01-16T09:39:35.325+0000][gc,heap     ] GC(1413) Humongous regions: 167->167
[2026-01-16T09:39:35.325+0000][gc,metaspace] GC(1413) Metaspace: 16064K(16512K)->16064K(16512K) NonClass: 14340K(14528K)->14340K(14528K) Class: 1724K(1984K)->1724K(1984K)
[2026-01-16T09:39:35.326+0000][gc          ] GC(1413) Pause Young (Normal) (G1 Evacuation Pause) 564M->384M(1024M) 380.495ms
[2026-01-16T09:39:35.326+0000][gc,cpu      ] GC(1413) User=0.40s Sys=0.02s Real=0.38s
[2026-01-16T09:39:40.991+0000][gc,start    ] GC(1414) Pause Young (Normal) (G1 Evacuation Pause)
[2026-01-16T09:39:40.993+0000][gc,task     ] GC(1414) Using 8 workers of 8 for evacuation
[2026-01-16T09:39:41.285+0000][gc,mmu      ] GC(1414) MMU target violated: 201.0ms (200.0ms/201.0ms)
[2026-01-16T09:39:41.286+0000][gc,phases   ] GC(1414)   Pre Evacuate Collection Set: 46.7ms
[2026-01-16T09:39:41.287+0000][gc,phases   ] GC(1414)   Merge Heap Roots: 4.8ms
[2026-01-16T09:39:41.287+0000][gc,phases   ] GC(1414)   Evacuate Collection Set: 206.0ms
[2026-01-16T09:39:41.288+0000][gc,phases   ] GC(1414)   Post Evacuate Collection Set: 32.4ms
[2026-01-16T09:39:41.288+0000][gc,phases   ] GC(1414)   Other: 3.1ms
[2026-01-16T09:39:41.289+0000][gc,heap     ] GC(1414) Eden regions: 47->0(106)
[2026-01-16T09:39:41.289+0000][gc,heap     ] GC(1414) Survivor regions: 4->2(7)
[2026-01-16T09:39:41.289+0000][gc,heap     ] GC(1414) Old regions: 214->215
[2026-01-16T09:39:41.289+0000][gc,heap     ] GC(1414) Humongous regions: 167->167
[2026-01-16T09:39:41.289+0000][gc,metaspace] GC(1414) Metaspace: 16064K(16512K)->16064K(16512K) NonClass: 14340K(14528K)->14340K(14528K) Class: 1724K(1984K)->1724K(1984K)
[2026-01-16T09:39:41.291+0000][gc          ] GC(1414) Pause Young (Normal) (G1 Evacuation Pause) 431M->382M(1024M) 299.621ms
[2026-01-16T09:39:41.291+0000][gc,cpu      ] GC(1414) User=0.20s Sys=0.04s Real=0.30s
[2026-01-16T09:39:44.992+0000][gc,start    ] GC(1415) Pause Young (Normal) (G1 Evacuation Pause)
[2026-01-16T09:39:44.993+0000][gc,task     ] GC(1415) Using 8 workers of 8 for evacuation
[2026-01-16T09:39:45.428+0000][gc,mmu      ] GC(1415) MMU target violated: 201.0ms (200.0ms/201.0ms)
[2026-01-16T09:39:45.429+0000][gc,phases   ] GC(1415)   Pre Evacuate Collection Set: 64.7ms
[2026-01-16T09:39:45.429+0000][gc,phases   ] GC(1415)   Merge Heap Roots: 18.8ms
[2026-01-16T09:39:45.429+0000][gc,phases   ] GC(1415)   Evacuate Collection Set: 309.2ms
[2026-01-16T09:39:45.430+0000][gc,phases   ] GC(1415)   Post Evacuate Collection Set: 37.2ms
[2026-01-16T09:39:45.431+0000][gc,phases   ] GC(1415)   Other: 5.5ms
[2026-01-16T09:39:45.432+0000][gc,heap     ] GC(1415) Eden regions: 127->0(47)
[2026-01-16T09:39:45.433+0000][gc,heap     ] GC(1415) Survivor regions: 2->4(17)
[2026-01-16T09:39:45.437+0000][gc,heap     ] GC(1415) Old regions: 215->215
[2026-01-16T09:39:45.438+0000][gc,heap     ] GC(1415) Humongous regions: 167->167
[2026-01-16T09:39:45.448+0000][gc,metaspace] GC(1415) Metaspace: 16064K(16512K)->16064K(16512K) NonClass: 14340K(14528K)->14340K(14528K) Class: 1724K(1984K)->1724K(1984K)
[2026-01-16T09:39:45.449+0000][gc          ] GC(1415) Pause Young (Normal) (G1 Evacuation Pause) 509M->384M(1024M) 457.096ms
[2026-01-16T09:39:45.449+0000][gc,cpu      ] GC(1415) User=0.30s Sys=0.02s Real=0.46s
[2026-01-16T09:39:50.582+0000][gc,start    ] GC(1416) Pause Young (Normal) (G1 Evacuation Pause)
[2026-01-16T09:39:50.583+0000][gc,task     ] GC(1416) Using 8 workers of 8 for evacuation
[2026-01-16T09:39:50.824+0000][gc,mmu      ] GC(1416) MMU target violated: 201.0ms (200.0ms/201.0ms)
[2026-01-16T09:39:50.827+0000][gc,phases   ] GC(1416)   Pre Evacuate Collection Set: 67.7ms
[2026-01-16T09:39:50.829+0000][gc,phases   ] GC(1416)   Merge Heap Roots: 4.7ms
[2026-01-16T09:39:50.832+0000][gc,phases   ] GC(1416)   Evacuate Collection Set: 154.2ms
[2026-01-16T09:39:50.835+0000][gc,phases   ] GC(1416)   Post Evacuate Collection Set: 11.5ms
[2026-01-16T09:39:50.835+0000][gc,phases   ] GC(1416)   Other: 5.6ms
[2026-01-16T09:39:50.835+0000][gc,heap     ] GC(1416) Eden regions: 47->0(48)
[2026-01-16T09:39:50.835+0000][gc,heap     ] GC(1416) Survivor regions: 4->3(7)
[2026-01-16T09:39:50.835+0000][gc,heap     ] GC(1416) Old regions: 215->215
[2026-01-16T09:39:50.835+0000][gc,heap     ] GC(1416) Humongous regions: 167->167
[2026-01-16T09:39:50.836+0000][gc,metaspace] GC(1416) Metaspace: 16064K(16512K)->16064K(16512K) NonClass: 14340K(14528K)->14340K(14528K) Class: 1724K(1984K)->1724K(1984K)
[2026-01-16T09:39:50.836+0000][gc          ] GC(1416) Pause Young (Normal) (G1 Evacuation Pause) 431M->383M(1024M) 253.410ms
[2026-01-16T09:39:50.836+0000][gc,cpu      ] GC(1416) User=0.20s Sys=0.02s Real=0.25s
[2026-01-16T09:39:52.221+0000][gc,start    ] GC(1417) Pause Young (Normal) (G1 Evacuation Pause)
[2026-01-16T09:39:52.221+0000][gc,task     ] GC(1417) Using 8 workers of 8 for evacuation
[2026-01-16T09:39:52.371+0000][gc,phases   ] GC(1417)   Pre Evacuate Collection Set: 4.1ms
[2026-01-16T09:39:52.385+0000][gc,phases   ] GC(1417)   Merge Heap Roots: 4.4ms
[2026-01-16T09:39:52.392+0000][gc,phases   ] GC(1417)   Evacuate Collection Set: 106.1ms
[2026-01-16T09:39:52.457+0000][gc,phases   ] GC(1417)   Post Evacuate Collection Set: 34.6ms
[2026-01-16T09:39:52.476+0000][gc,phases   ] GC(1417)   Other: 0.5ms
[2026-01-16T09:39:52.482+0000][gc,heap     ] GC(1417) Eden regions: 48->0(48)
[2026-01-16T09:39:52.482+0000][gc,heap     ] GC(1417) Survivor regions: 3->3(7)
[2026-01-16T09:39:52.486+0000][gc,heap     ] GC(1417) Old regions: 215->215
[2026-01-16T09:39:52.490+0000][gc,heap     ] GC(1417) Humongous regions: 167->167
[2026-01-16T09:39:52.495+0000][gc,metaspace] GC(1417) Metaspace: 16064K(16512K)->16064K(16512K) NonClass: 14340K(14528K)->14340K(14528K) Class: 1724K(1984K)->1724K(1984K)
[2026-01-16T09:39:52.501+0000][gc          ] GC(1417) Pause Young (Normal) (G1 Evacuation Pause) 431M->383M(1024M) 280.078ms
[2026-01-16T09:39:52.503+0000][gc,cpu      ] GC(1417) User=0.14s Sys=0.02s Real=0.28s
[2026-01-16T09:39:54.359+0000][gc,start    ] GC(1418) Pause Young (Normal) (G1 Evacuation Pause)
[2026-01-16T09:39:54.361+0000][gc,task     ] GC(1418) Using 8 workers of 8 for evacuation
[2026-01-16T09:39:54.479+0000][gc,phases   ] GC(1418)   Pre Evacuate Collection Set: 15.7ms
[2026-01-16T09:39:54.482+0000][gc,phases   ] GC(1418)   Merge Heap Roots: 0.3ms
[2026-01-16T09:39:54.483+0000][gc,phases   ] GC(1418)   Evacuate Collection Set: 81.6ms
[2026-01-16T09:39:54.483+0000][gc,phases   ] GC(1418)   Post Evacuate Collection Set: 17.4ms
[2026-01-16T09:39:54.484+0000][gc,phases   ] GC(1418)   Other: 2.8ms
[2026-01-16T09:39:54.484+0000][gc,heap     ] GC(1418) Eden regions: 48->0(47)
[2026-01-16T09:39:54.485+0000][gc,heap     ] GC(1418) Survivor regions: 3->4(7)
[2026-01-16T09:39:54.485+0000][gc,heap     ] GC(1418) Old regions: 215->215
[2026-01-16T09:39:54.486+0000][gc,heap     ] GC(1418) Humongous regions: 167->167
[2026-01-16T09:39:54.487+0000][gc,metaspace] GC(1418) Metaspace: 16064K(16512K)->16064K(16512K) NonClass: 14340K(14528K)->14340K(14528K) Class: 1724K(1984K)->1724K(1984K)
[2026-01-16T09:39:54.502+0000][gc          ] GC(1418) Pause Young (Normal) (G1 Evacuation Pause) 431M->384M(1024M) 143.540ms
[2026-01-16T09:39:54.504+0000][gc,cpu      ] GC(1418) User=0.14s Sys=0.01s Real=0.14s
[2026-01-16T09:39:55.731+0000][gc,start    ] GC(1419) Pause Young (Normal) (G1 Evacuation Pause)
[2026-01-16T09:39:55.737+0000][gc,task     ] GC(1419) Using 8 workers of 8 for evacuation
[2026-01-16T09:39:55.904+0000][gc,phases   ] GC(1419)   Pre Evacuate Collection Set: 1.0ms
[2026-01-16T09:39:55.910+0000][gc,phases   ] GC(1419)   Merge Heap Roots: 0.3ms
[2026-01-16T09:39:55.910+0000][gc,phases   ] GC(1419)   Evacuate Collection Set: 146.7ms
[2026-01-16T09:39:55.910+0000][gc,phases   ] GC(1419)   Post Evacuate Collection Set: 15.3ms
[2026-01-16T09:39:55.912+0000][gc,phases   ] GC(1419)   Other: 3.5ms
[2026-01-16T09:39:55.912+0000][gc,heap     ] GC(1419) Eden regions: 47->0(47)
[2026-01-16T09:39:55.913+0000][gc,heap     ] GC(1419) Survivor regions: 4->4(7)
[2026-01-16T09:39:55.913+0000][gc,heap     ] GC(1419) Old regions: 215->215
[2026-01-16T09:39:55.913+0000][gc,heap     ] GC(1419) Humongous regions: 167->167
[2026-01-16T09:39:55.913+0000][gc,metaspace] GC(1419) Metaspace: 16064K(16512K)->16064K(16512K) NonClass: 14340K(14528K)->14340K(14528K) Class: 1724K(1984K)->1724K(1984K)
[2026-01-16T09:39:55.931+0000][gc          ] GC(1419) Pause Young (Normal) (G1 Evacuation Pause) 431M->384M(1024M) 199.277ms
[2026-01-16T09:39:55.941+0000][gc,cpu      ] GC(1419) User=0.10s Sys=0.01s Real=0.21s
[2026-01-16T09:40:03.938+0000][gc,start    ] GC(1420) Pause Young (Normal) (G1 Evacuation Pause)
[2026-01-16T09:40:03.939+0000][gc,task     ] GC(1420) Using 8 workers of 8 for evacuation
[2026-01-16T09:40:04.438+0000][gc,mmu      ] GC(1420) MMU target violated: 201.0ms (200.0ms/201.0ms)
[2026-01-16T09:40:04.438+0000][gc,phases   ] GC(1420)   Pre Evacuate Collection Set: 92.7ms
[2026-01-16T09:40:04.439+0000][gc,phases   ] GC(1420)   Merge Heap Roots: 5.7ms
[2026-01-16T09:40:04.439+0000][gc,phases   ] GC(1420)   Evacuate Collection Set: 374.9ms
[2026-01-16T09:40:04.440+0000][gc,phases   ] GC(1420)   Post Evacuate Collection Set: 23.6ms
[2026-01-16T09:40:04.440+0000][gc,phases   ] GC(1420)   Other: 2.5ms
[2026-01-16T09:40:04.440+0000][gc,heap     ] GC(1420) Eden regions: 47->0(48)
[2026-01-16T09:40:04.442+0000][gc,heap     ] GC(1420) Survivor regions: 4->3(7)
[2026-01-16T09:40:04.443+0000][gc,heap     ] GC(1420) Old regions: 215->215
[2026-01-16T09:40:04.443+0000][gc,heap     ] GC(1420) Humongous regions: 167->167
[2026-01-16T09:40:04.444+0000][gc,metaspace] GC(1420) Metaspace: 16064K(16512K)->16064K(16512K) NonClass: 14340K(14528K)->14340K(14528K) Class: 1724K(1984K)->1724K(1984K)
[2026-01-16T09:40:04.445+0000][gc          ] GC(1420) Pause Young (Normal) (G1 Evacuation Pause) 431M->383M(1024M) 506.714ms
[2026-01-16T09:40:04.447+0000][gc,cpu      ] GC(1420) User=0.28s Sys=0.01s Real=0.51s
[2026-01-16T09:40:05.724+0000][gc,start    ] GC(1421) Pause Young (Normal) (G1 Evacuation Pause)
[2026-01-16T09:40:05.726+0000][gc,task     ] GC(1421) Using 8 workers of 8 for evacuation
[2026-01-16T09:40:05.839+0000][gc,phases   ] GC(1421)   Pre Evacuate Collection Set: 7.9ms
[2026-01-16T09:40:05.839+0000][gc,phases   ] GC(1421)   Merge Heap Roots: 1.4ms
[2026-01-16T09:40:05.839+0000][gc,phases   ] GC(1421)   Evacuate Collection Set: 95.3ms
[2026-01-16T09:40:05.839+0000][gc,phases   ] GC(1421)   Post Evacuate Collection Set: 5.6ms
[2026-01-16T09:40:05.840+0000][gc,phases   ] GC(1421)   Other: 2.9ms
[2026-01-16T09:40:05.841+0000][gc,heap     ] GC(1421) Eden regions: 48->0(48)
[2026-01-16T09:40:05.841+0000][gc,heap     ] GC(1421) Survivor regions: 3->3(7)
[2026-01-16T09:40:05.842+0000][gc,heap     ] GC(1421) Old regions: 215->215
[2026-01-16T09:40:05.842+0000][gc,heap     ] GC(1421) Humongous regions: 167->167
[2026-01-16T09:40:05.842+0000][gc,metaspace] GC(1421) Metaspace: 16064K(16512K)->16064K(16512K) NonClass: 14340K(14528K)->14340K(14528K) Class: 1724K(1984K)->1724K(1984K)
[2026-01-16T09:40:05.843+0000][gc          ] GC(1421) Pause Young (Normal) (G1 Evacuation Pause) 431M->384M(1024M) 119.105ms
[2026-01-16T09:40:05.845+0000][gc,cpu      ] GC(1421) User=0.09s Sys=0.01s Real=0.13s
[2026-01-16T09:40:09.019+0000][gc,start    ] GC(1422) Pause Young (Normal) (G1 Evacuation Pause)
[2026-01-16T09:40:09.019+0000][gc,task     ] GC(1422) Using 8 workers of 8 for evacuation
[2026-01-16T09:40:09.409+0000][gc,mmu      ] GC(1422) MMU target violated: 201.0ms (200.0ms/201.0ms)
[2026-01-16T09:40:09.412+0000][gc,phases   ] GC(1422)   Pre Evacuate Collection Set: 33.2ms
[2026-01-16T09:40:09.412+0000][gc,phases   ] GC(1422)   Merge Heap Roots: 12.2ms
[2026-01-16T09:40:09.415+0000][gc,phases   ] GC(1422)   Evacuate Collection Set: 289.9ms
[2026-01-16T09:40:09.420+0000][gc,phases   ] GC(1422)   Post Evacuate Collection Set: 36.8ms
[2026-01-16T09:40:09.424+0000][gc,phases   ] GC(1422)   Other: 20.3ms
[2026-01-16T09:40:09.425+0000][gc,heap     ] GC(1422) Eden regions: 48->0(47)
[2026-01-16T09:40:09.427+0000][gc,heap     ] GC(1422) Survivor regions: 3->4(7)
[2026-01-16T09:40:09.427+0000][gc,heap     ] GC(1422) Old regions: 215->215
[2026-01-16T09:40:09.429+0000][gc,heap     ] GC(1422) Humongous regions: 167->167
[2026-01-16T09:40:09.430+0000][gc,metaspace] GC(1422) Metaspace: 16065K(16512K)->16065K(16512K) NonClass: 14341K(14528K)->14341K(14528K) Class: 1724K(1984K)->1724K(1984K)
[2026-01-16T09:40:09.431+0000][gc          ] GC(1422) Pause Young (Normal) (G1 Evacuation Pause) 432M->385M(1024M) 411.867ms
[2026-01-16T09:40:09.431+0000][gc,cpu      ] GC(1422) User=0.20s Sys=0.01s Real=0.41s
[2026-01-16T09:40:11.719+0000][gc,start    ] GC(1423) Pause Young (Normal) (G1 Evacuation Pause)
[2026-01-16T09:40:11.727+0000][gc,task     ] GC(1423) Using 8 workers of 8 for evacuation
[2026-01-16T09:40:12.001+0000][gc,mmu      ] GC(1423) MMU target violated: 201.0ms (200.0ms/201.0ms)
[2026-01-16T09:40:12.002+0000][gc,phases   ] GC(1423)   Pre Evacuate Collection Set: 31.7ms
[2026-01-16T09:40:12.003+0000][gc,phases   ] GC(1423)   Merge Heap Roots: 12.4ms
[2026-01-16T09:40:12.003+0000][gc,phases   ] GC(1423)   Evacuate Collection Set: 210.0ms
[2026-01-16T09:40:12.003+0000][gc,phases   ] GC(1423)   Post Evacuate Collection Set: 16.3ms
[2026-01-16T09:40:12.003+0000][gc,phases   ] GC(1423)   Other: 12.1ms
[2026-01-16T09:40:12.003+0000][gc,heap     ] GC(1423) Eden regions: 47->0(47)
[2026-01-16T09:40:12.004+0000][gc,heap     ] GC(1423) Survivor regions: 4->4(7)
[2026-01-16T09:40:12.004+0000][gc,heap     ] GC(1423) Old regions: 215->215
[2026-01-16T09:40:12.004+0000][gc,heap     ] GC(1423) Humongous regions: 167->167
[2026-01-16T09:40:12.004+0000][gc,metaspace] GC(1423) Metaspace: 16065K(16512K)->16065K(16512K) NonClass: 14341K(14528K)->14341K(14528K) Class: 1724K(1984K)->1724K(1984K)
[2026-01-16T09:40:12.005+0000][gc          ] GC(1423) Pause Young (Normal) (G1 Evacuation Pause) 432M->385M(1024M) 286.213ms
[2026-01-16T09:40:12.006+0000][gc,cpu      ] GC(1423) User=0.16s Sys=0.01s Real=0.28s
[2026-01-16T09:40:13.191+0000][gc,start    ] GC(1424) Pause Young (Normal) (G1 Evacuation Pause)
[2026-01-16T09:40:13.194+0000][gc,task     ] GC(1424) Using 8 workers of 8 for evacuation
[2026-01-16T09:40:13.404+0000][gc,mmu      ] GC(1424) MMU target violated: 201.0ms (200.0ms/201.0ms)
[2026-01-16T09:40:13.405+0000][gc,phases   ] GC(1424)   Pre Evacuate Collection Set: 24.9ms
[2026-01-16T09:40:13.406+0000][gc,phases   ] GC(1424)   Merge Heap Roots: 3.5ms
[2026-01-16T09:40:13.406+0000][gc,phases   ] GC(1424)   Evacuate Collection Set: 166.8ms
[2026-01-16T09:40:13.407+0000][gc,phases   ] GC(1424)   Post Evacuate Collection Set: 11.5ms
[2026-01-16T09:40:13.407+0000][gc,phases   ] GC(1424)   Other: 4.9ms
[2026-01-16T09:40:13.407+0000][gc,heap     ] GC(1424) Eden regions: 47->0(48)
[2026-01-16T09:40:13.408+0000][gc,heap     ] GC(1424) Survivor regions: 4->3(7)
[2026-01-16T09:40:13.410+0000][gc,heap     ] GC(1424) Old regions: 215->215
[2026-01-16T09:40:13.411+0000][gc,heap     ] GC(1424) Humongous regions: 167->167
[2026-01-16T09:40:13.412+0000][gc,metaspace] GC(1424) Metaspace: 16065K(16512K)->16065K(16512K) NonClass: 14341K(14528K)->14341K(14528K) Class: 1724K(1984K)->1724K(1984K)
[2026-01-16T09:40:13.415+0000][gc          ] GC(1424) Pause Young (Normal) (G1 Evacuation Pause) 432M->384M(1024M) 224.383ms
[2026-01-16T09:40:13.416+0000][gc,cpu      ] GC(1424) User=0.13s Sys=0.00s Real=0.22s
[2026-01-16T09:40:15.149+0000][gc,start    ] GC(1425) Pause Young (Normal) (G1 Evacuation Pause)
[2026-01-16T09:40:15.150+0000][gc,task     ] GC(1425) Using 8 workers of 8 for evacuation
[2026-01-16T09:40:15.331+0000][gc,phases   ] GC(1425)   Pre Evacuate Collection Set: 11.3ms
[2026-01-16T09:40:15.332+0000][gc,phases   ] GC(1425)   Merge Heap Roots: 5.4ms
[2026-01-16T09:40:15.333+0000][gc,phases   ] GC(1425)   Evacuate Collection Set: 137.0ms
[2026-01-16T09:40:15.333+0000][gc,phases   ] GC(1425)   Post Evacuate Collection Set: 26.6ms
[2026-01-16T09:40:15.333+0000][gc,phases   ] GC(1425)   Other: 1.9ms
[2026-01-16T09:40:15.333+0000][gc,heap     ] GC(1425) Eden regions: 48->0(48)
[2026-01-16T09:40:15.334+0000][gc,heap     ] GC(1425) Survivor regions: 3->3(7)
[2026-01-16T09:40:15.334+0000][gc,heap     ] GC(1425) Old regions: 215->215
[2026-01-16T09:40:15.334+0000][gc,heap     ] GC(1425) Humongous regions: 167->167
[2026-01-16T09:40:15.334+0000][gc,metaspace] GC(1425) Metaspace: 16065K(16512K)->16065K(16512K) NonClass: 14341K(14528K)->14341K(14528K) Class: 1724K(1984K)->1724K(1984K)
[2026-01-16T09:40:15.337+0000][gc          ] GC(1425) Pause Young (Normal) (G1 Evacuation Pause) 432M->384M(1024M) 188.236ms
[2026-01-16T09:40:15.340+0000][gc,cpu      ] GC(1425) User=0.11s Sys=0.01s Real=0.19s
[2026-01-16T09:40:16.032+0000][gc,start    ] GC(1426) Pause Young (Normal) (G1 Evacuation Pause)
[2026-01-16T09:40:16.033+0000][gc,task     ] GC(1426) Using 8 workers of 8 for evacuation
[2026-01-16T09:40:16.103+0000][gc,phases   ] GC(1426)   Pre Evacuate Collection Set: 0.6ms
[2026-01-16T09:40:16.123+0000][gc,phases   ] GC(1426)   Merge Heap Roots: 0.7ms
[2026-01-16T09:40:16.128+0000][gc,phases   ] GC(1426)   Evacuate Collection Set: 65.4ms
[2026-01-16T09:40:16.129+0000][gc,phases   ] GC(1426)   Post Evacuate Collection Set: 2.1ms
[2026-01-16T09:40:16.129+0000][gc,phases   ] GC(1426)   Other: 1.1ms
[2026-01-16T09:40:16.129+0000][gc,heap     ] GC(1426) Eden regions: 48->0(47)
[2026-01-16T09:40:16.129+0000][gc,heap     ] GC(1426) Survivor regions: 3->4(7)
[2026-01-16T09:40:16.129+0000][gc,heap     ] GC(1426) Old regions: 215->215
[2026-01-16T09:40:16.129+0000][gc,heap     ] GC(1426) Humongous regions: 167->167
[2026-01-16T09:40:16.129+0000][gc,metaspace] GC(1426) Metaspace: 16065K(16512K)->16065K(16512K) NonClass: 14341K(14528K)->14341K(14528K) Class: 1724K(1984K)->1724K(1984K)
[2026-01-16T09:40:16.129+0000][gc          ] GC(1426) Pause Young (Normal) (G1 Evacuation Pause) 432M->385M(1024M) 97.462ms
[2026-01-16T09:40:16.130+0000][gc,cpu      ] GC(1426) User=0.05s Sys=0.01s Real=0.10s
[2026-01-16T09:40:18.968+0000][gc,start    ] GC(1427) Pause Young (Normal) (G1 Evacuation Pause)
[2026-01-16T09:40:18.969+0000][gc,task     ] GC(1427) Using 8 workers of 8 for evacuation
[2026-01-16T09:40:19.231+0000][gc,mmu      ] GC(1427) MMU target violated: 201.0ms (200.0ms/201.0ms)
[2026-01-16T09:40:19.245+0000][gc,phases   ] GC(1427)   Pre Evacuate Collection Set: 20.4ms
[2026-01-16T09:40:19.246+0000][gc,phases   ] GC(1427)   Merge Heap Roots: 21.1ms
[2026-01-16T09:40:19.249+0000][gc,phases   ] GC(1427)   Evacuate Collection Set: 203.0ms
[2026-01-16T09:40:19.249+0000][gc,phases   ] GC(1427)   Post Evacuate Collection Set: 13.2ms
[2026-01-16T09:40:19.250+0000][gc,phases   ] GC(1427)   Other: 17.9ms
[2026-01-16T09:40:19.251+0000][gc,heap     ] GC(1427) Eden regions: 47->0(79)
[2026-01-16T09:40:19.252+0000][gc,heap     ] GC(1427) Survivor regions: 4->2(7)
[2026-01-16T09:40:19.253+0000][gc,heap     ] GC(1427) Old regions: 215->215
[2026-01-16T09:40:19.255+0000][gc,heap     ] GC(1427) Humongous regions: 167->167
[2026-01-16T09:40:19.256+0000][gc,metaspace] GC(1427) Metaspace: 16065K(16512K)->16065K(16512K) NonClass: 14341K(14528K)->14341K(14528K) Class: 1724K(1984K)->1724K(1984K)
[2026-01-16T09:40:19.257+0000][gc          ] GC(1427) Pause Young (Normal) (G1 Evacuation Pause) 432M->383M(1024M) 288.440ms
[2026-01-16T09:40:19.257+0000][gc,cpu      ] GC(1427) User=0.10s Sys=0.01s Real=0.28s
[2026-01-16T09:40:20.904+0000][gc,start    ] GC(1428) Pause Young (Normal) (G1 Evacuation Pause)
[2026-01-16T09:40:20.904+0000][gc,task     ] GC(1428) Using 8 workers of 8 for evacuation
[2026-01-16T09:40:20.989+0000][gc,phases   ] GC(1428)   Pre Evacuate Collection Set: 4.7ms
[2026-01-16T09:40:20.989+0000][gc,phases   ] GC(1428)   Merge Heap Roots: 1.6ms
[2026-01-16T09:40:20.990+0000][gc,phases   ] GC(1428)   Evacuate Collection Set: 55.8ms
[2026-01-16T09:40:20.990+0000][gc,phases   ] GC(1428)   Post Evacuate Collection Set: 21.1ms
[2026-01-16T09:40:20.990+0000][gc,phases   ] GC(1428)   Other: 2.0ms
[2026-01-16T09:40:20.990+0000][gc,heap     ] GC(1428) Eden regions: 86->0(80)
[2026-01-16T09:40:20.990+0000][gc,heap     ] GC(1428) Survivor regions: 2->3(11)
[2026-01-16T09:40:20.991+0000][gc,heap     ] GC(1428) Old regions: 215->216
[2026-01-16T09:40:20.991+0000][gc,heap     ] GC(1428) Humongous regions: 167->167
[2026-01-16T09:40:20.991+0000][gc,metaspace] GC(1428) Metaspace: 16065K(16512K)->16065K(16512K) NonClass: 14341K(14528K)->14341K(14528K) Class: 1724K(1984K)->1724K(1984K)
[2026-01-16T09:40:20.991+0000][gc          ] GC(1428) Pause Young (Normal) (G1 Evacuation Pause) 469M->384M(1024M) 87.220ms
[2026-01-16T09:40:20.991+0000][gc,cpu      ] GC(1428) User=0.13s Sys=0.01s Real=0.09s
[2026-01-16T09:40:29.109+0000][gc,start    ] GC(1429) Pause Young (Normal) (G1 Evacuation Pause)
[2026-01-16T09:40:29.120+0000][gc,task     ] GC(1429) Using 8 workers of 8 for evacuation
[2026-01-16T09:40:29.442+0000][gc,mmu      ] GC(1429) MMU target violated: 201.0ms (200.0ms/201.0ms)
[2026-01-16T09:40:29.442+0000][gc,phases   ] GC(1429)   Pre Evacuate Collection Set: 59.2ms
[2026-01-16T09:40:29.445+0000][gc,phases   ] GC(1429)   Merge Heap Roots: 4.5ms
[2026-01-16T09:40:29.448+0000][gc,phases   ] GC(1429)   Evacuate Collection Set: 210.3ms
[2026-01-16T09:40:29.450+0000][gc,phases   ] GC(1429)   Post Evacuate Collection Set: 37.9ms
[2026-01-16T09:40:29.451+0000][gc,phases   ] GC(1429)   Other: 14.0ms
[2026-01-16T09:40:29.455+0000][gc,heap     ] GC(1429) Eden regions: 86->0(80)
[2026-01-16T09:40:29.457+0000][gc,heap     ] GC(1429) Survivor regions: 3->2(12)
[2026-01-16T09:40:29.457+0000][gc,heap     ] GC(1429) Old regions: 216->216
[2026-01-16T09:40:29.459+0000][gc,heap     ] GC(1429) Humongous regions: 167->167
[2026-01-16T09:40:29.459+0000][gc,metaspace] GC(1429) Metaspace: 16065K(16512K)->16065K(16512K) NonClass: 14341K(14528K)->14341K(14528K) Class: 1724K(1984K)->1724K(1984K)
[2026-01-16T09:40:29.464+0000][gc          ] GC(1429) Pause Young (Normal) (G1 Evacuation Pause) 470M->383M(1024M) 355.157ms
[2026-01-16T09:40:29.464+0000][gc,cpu      ] GC(1429) User=0.18s Sys=0.02s Real=0.35s
[2026-01-16T09:40:33.383+0000][gc,start    ] GC(1430) Pause Young (Normal) (G1 Evacuation Pause)
[2026-01-16T09:40:33.386+0000][gc,task     ] GC(1430) Using 8 workers of 8 for evacuation
[2026-01-16T09:40:33.546+0000][gc,phases   ] GC(1430)   Pre Evacuate Collection Set: 10.5ms
[2026-01-16T09:40:33.547+0000][gc,phases   ] GC(1430)   Merge Heap Roots: 4.7ms
[2026-01-16T09:40:33.550+0000][gc,phases   ] GC(1430)   Evacuate Collection Set: 131.6ms
[2026-01-16T09:40:33.552+0000][gc,phases   ] GC(1430)   Post Evacuate Collection Set: 8.6ms
[2026-01-16T09:40:33.553+0000][gc,phases   ] GC(1430)   Other: 4.7ms
[2026-01-16T09:40:33.553+0000][gc,heap     ] GC(1430) Eden regions: 88->0(48)
[2026-01-16T09:40:33.553+0000][gc,heap     ] GC(1430) Survivor regions: 2->3(12)
[2026-01-16T09:40:33.554+0000][gc,heap     ] GC(1430) Old regions: 216->216
[2026-01-16T09:40:33.554+0000][gc,heap     ] GC(1430) Humongous regions: 167->167
[2026-01-16T09:40:33.554+0000][gc,metaspace] GC(1430) Metaspace: 16065K(16512K)->16065K(16512K) NonClass: 14341K(14528K)->14341K(14528K) Class: 1724K(1984K)->1724K(1984K)
[2026-01-16T09:40:33.555+0000][gc          ] GC(1430) Pause Young (Normal) (G1 Evacuation Pause) 471M->384M(1024M) 171.469ms
[2026-01-16T09:40:33.555+0000][gc,cpu      ] GC(1430) User=0.20s Sys=0.01s Real=0.17s
[2026-01-16T09:40:34.578+0000][gc,start    ] GC(1431) Pause Young (Normal) (G1 Evacuation Pause)
[2026-01-16T09:40:34.583+0000][gc,task     ] GC(1431) Using 8 workers of 8 for evacuation
[2026-01-16T09:40:34.633+0000][gc,phases   ] GC(1431)   Pre Evacuate Collection Set: 2.7ms
[2026-01-16T09:40:34.634+0000][gc,phases   ] GC(1431)   Merge Heap Roots: 0.9ms
[2026-01-16T09:40:34.637+0000][gc,phases   ] GC(1431)   Evacuate Collection Set: 37.4ms
[2026-01-16T09:40:34.638+0000][gc,phases   ] GC(1431)   Post Evacuate Collection Set: 5.6ms
[2026-01-16T09:40:34.639+0000][gc,phases   ] GC(1431)   Other: 1.6ms
[2026-01-16T09:40:34.642+0000][gc,heap     ] GC(1431) Eden regions: 53->0(53)
[2026-01-16T09:40:34.644+0000][gc,heap     ] GC(1431) Survivor regions: 3->4(7)
[2026-01-16T09:40:34.647+0000][gc,heap     ] GC(1431) Old regions: 216->216
[2026-01-16T09:40:34.649+0000][gc,heap     ] GC(1431) Humongous regions: 167->167
[2026-01-16T09:40:34.652+0000][gc,metaspace] GC(1431) Metaspace: 16065K(16512K)->16065K(16512K) NonClass: 14341K(14528K)->14341K(14528K) Class: 1724K(1984K)->1724K(1984K)
[2026-01-16T09:40:34.654+0000][gc          ] GC(1431) Pause Young (Normal) (G1 Evacuation Pause) 437M->385M(1024M) 75.834ms
[2026-01-16T09:40:34.655+0000][gc,cpu      ] GC(1431) User=0.07s Sys=0.01s Real=0.07s
[2026-01-16T09:40:40.037+0000][gc,start    ] GC(1432) Pause Young (Normal) (G1 Evacuation Pause)
[2026-01-16T09:40:40.038+0000][gc,task     ] GC(1432) Using 8 workers of 8 for evacuation
[2026-01-16T09:40:40.146+0000][gc,phases   ] GC(1432)   Pre Evacuate Collection Set: 40.0ms
[2026-01-16T09:40:40.146+0000][gc,phases   ] GC(1432)   Merge Heap Roots: 3.7ms
[2026-01-16T09:40:40.150+0000][gc,phases   ] GC(1432)   Evacuate Collection Set: 54.7ms
[2026-01-16T09:40:40.151+0000][gc,phases   ] GC(1432)   Post Evacuate Collection Set: 7.2ms
[2026-01-16T09:40:40.151+0000][gc,phases   ] GC(1432)   Other: 2.5ms
[2026-01-16T09:40:40.152+0000][gc,heap     ] GC(1432) Eden regions: 62->0(204)
[2026-01-16T09:40:40.152+0000][gc,heap     ] GC(1432) Survivor regions: 4->2(9)
[2026-01-16T09:40:40.152+0000][gc,heap     ] GC(1432) Old regions: 216->216
[2026-01-16T09:40:40.153+0000][gc,heap     ] GC(1432) Humongous regions: 167->167
[2026-01-16T09:40:40.155+0000][gc,metaspace] GC(1432) Metaspace: 16065K(16512K)->16065K(16512K) NonClass: 14341K(14528K)->14341K(14528K) Class: 1724K(1984K)->1724K(1984K)
[2026-01-16T09:40:40.155+0000][gc          ] GC(1432) Pause Young (Normal) (G1 Evacuation Pause) 447M->384M(1024M) 118.244ms
[2026-01-16T09:40:40.155+0000][gc,cpu      ] GC(1432) User=0.11s Sys=0.00s Real=0.12s
[2026-01-16T09:40:51.151+0000][gc,start    ] GC(1433) Pause Young (Normal) (G1 Evacuation Pause)
[2026-01-16T09:40:51.152+0000][gc,task     ] GC(1433) Using 8 workers of 8 for evacuation
[2026-01-16T09:40:51.364+0000][gc,mmu      ] GC(1433) MMU target violated: 201.0ms (200.0ms/201.0ms)
[2026-01-16T09:40:51.364+0000][gc,phases   ] GC(1433)   Pre Evacuate Collection Set: 26.2ms
[2026-01-16T09:40:51.364+0000][gc,phases   ] GC(1433)   Merge Heap Roots: 3.3ms
[2026-01-16T09:40:51.365+0000][gc,phases   ] GC(1433)   Evacuate Collection Set: 155.1ms
[2026-01-16T09:40:51.366+0000][gc,phases   ] GC(1433)   Post Evacuate Collection Set: 19.9ms
[2026-01-16T09:40:51.366+0000][gc,phases   ] GC(1433)   Other: 7.4ms
[2026-01-16T09:40:51.368+0000][gc,heap     ] GC(1433) Eden regions: 204->0(190)
[2026-01-16T09:40:51.368+0000][gc,heap     ] GC(1433) Survivor regions: 2->3(26)
[2026-01-16T09:40:51.368+0000][gc,heap     ] GC(1433) Old regions: 216->216
[2026-01-16T09:40:51.369+0000][gc,heap     ] GC(1433) Humongous regions: 167->167
[2026-01-16T09:40:51.372+0000][gc,metaspace] GC(1433) Metaspace: 16065K(16512K)->16065K(16512K) NonClass: 14341K(14528K)->14341K(14528K) Class: 1724K(1984K)->1724K(1984K)
[2026-01-16T09:40:51.372+0000][gc          ] GC(1433) Pause Young (Normal) (G1 Evacuation Pause) 588M->384M(1024M) 221.656ms
[2026-01-16T09:40:51.373+0000][gc,cpu      ] GC(1433) User=0.28s Sys=0.06s Real=0.22s
[2026-01-16T09:41:01.248+0000][gc,start    ] GC(1434) Pause Young (Normal) (G1 Evacuation Pause)
[2026-01-16T09:41:01.256+0000][gc,task     ] GC(1434) Using 8 workers of 8 for evacuation
[2026-01-16T09:41:01.635+0000][gc,mmu      ] GC(1434) MMU target violated: 201.0ms (200.0ms/201.0ms)
[2026-01-16T09:41:01.640+0000][gc,phases   ] GC(1434)   Pre Evacuate Collection Set: 129.5ms
[2026-01-16T09:41:01.641+0000][gc,phases   ] GC(1434)   Merge Heap Roots: 13.6ms
[2026-01-16T09:41:01.641+0000][gc,phases   ] GC(1434)   Evacuate Collection Set: 195.2ms
[2026-01-16T09:41:01.642+0000][gc,phases   ] GC(1434)   Post Evacuate Collection Set: 32.3ms
[2026-01-16T09:41:01.642+0000][gc,phases   ] GC(1434)   Other: 14.2ms
[2026-01-16T09:41:01.642+0000][gc,heap     ] GC(1434) Eden regions: 186->0(48)
[2026-01-16T09:41:01.642+0000][gc,heap     ] GC(1434) Survivor regions: 3->3(24)
[2026-01-16T09:41:01.643+0000][gc,heap     ] GC(1434) Old regions: 216->216
[2026-01-16T09:41:01.643+0000][gc,heap     ] GC(1434) Humongous regions: 167->167
[2026-01-16T09:41:01.643+0000][gc,metaspace] GC(1434) Metaspace: 16065K(16512K)->16065K(16512K) NonClass: 14341K(14528K)->14341K(14528K) Class: 1724K(1984K)->1724K(1984K)
[2026-01-16T09:41:01.644+0000][gc          ] GC(1434) Pause Young (Normal) (G1 Evacuation Pause) 570M->385M(1024M) 396.256ms
[2026-01-16T09:41:01.644+0000][gc,cpu      ] GC(1434) User=0.24s Sys=0.04s Real=0.40s
[2026-01-16T09:41:02.919+0000][gc,start    ] GC(1435) Pause Young (Normal) (G1 Evacuation Pause)
[2026-01-16T09:41:02.921+0000][gc,task     ] GC(1435) Using 8 workers of 8 for evacuation
[2026-01-16T09:41:03.002+0000][gc,phases   ] GC(1435)   Pre Evacuate Collection Set: 16.7ms
[2026-01-16T09:41:03.003+0000][gc,phases   ] GC(1435)   Merge Heap Roots: 0.4ms
[2026-01-16T09:41:03.004+0000][gc,phases   ] GC(1435)   Evacuate Collection Set: 37.5ms
[2026-01-16T09:41:03.004+0000][gc,phases   ] GC(1435)   Post Evacuate Collection Set: 13.1ms
[2026-01-16T09:41:03.004+0000][gc,phases   ] GC(1435)   Other: 14.6ms
[2026-01-16T09:41:03.004+0000][gc,heap     ] GC(1435) Eden regions: 48->0(62)
[2026-01-16T09:41:03.004+0000][gc,heap     ] GC(1435) Survivor regions: 3->3(7)
[2026-01-16T09:41:03.004+0000][gc,heap     ] GC(1435) Old regions: 216->216
[2026-01-16T09:41:03.004+0000][gc,heap     ] GC(1435) Humongous regions: 167->167
[2026-01-16T09:41:03.004+0000][gc,metaspace] GC(1435) Metaspace: 16065K(16512K)->16065K(16512K) NonClass: 14341K(14528K)->14341K(14528K) Class: 1724K(1984K)->1724K(1984K)
[2026-01-16T09:41:03.004+0000][gc          ] GC(1435) Pause Young (Normal) (G1 Evacuation Pause) 433M->385M(1024M) 85.423ms
[2026-01-16T09:41:03.004+0000][gc,cpu      ] GC(1435) User=0.08s Sys=0.01s Real=0.09s
[2026-01-16T09:41:03.979+0000][gc,start    ] GC(1436) Pause Young (Normal) (G1 Evacuation Pause)
[2026-01-16T09:41:03.980+0000][gc,task     ] GC(1436) Using 8 workers of 8 for evacuation
[2026-01-16T09:41:04.135+0000][gc,phases   ] GC(1436)   Pre Evacuate Collection Set: 8.8ms
[2026-01-16T09:41:04.135+0000][gc,phases   ] GC(1436)   Merge Heap Roots: 0.4ms
[2026-01-16T09:41:04.135+0000][gc,phases   ] GC(1436)   Evacuate Collection Set: 141.6ms
[2026-01-16T09:41:04.140+0000][gc,phases   ] GC(1436)   Post Evacuate Collection Set: 3.8ms
[2026-01-16T09:41:04.142+0000][gc,phases   ] GC(1436)   Other: 0.5ms
[2026-01-16T09:41:04.142+0000][gc,heap     ] GC(1436) Eden regions: 59->0(47)
[2026-01-16T09:41:04.142+0000][gc,heap     ] GC(1436) Survivor regions: 3->4(8)
[2026-01-16T09:41:04.143+0000][gc,heap     ] GC(1436) Old regions: 216->216
[2026-01-16T09:41:04.143+0000][gc,heap     ] GC(1436) Humongous regions: 167->167
[2026-01-16T09:41:04.143+0000][gc,metaspace] GC(1436) Metaspace: 16065K(16512K)->16065K(16512K) NonClass: 14341K(14528K)->14341K(14528K) Class: 1724K(1984K)->1724K(1984K)
[2026-01-16T09:41:04.145+0000][gc          ] GC(1436) Pause Young (Normal) (G1 Evacuation Pause) 444M->386M(1024M) 165.683ms
[2026-01-16T09:41:04.145+0000][gc,cpu      ] GC(1436) User=0.09s Sys=0.02s Real=0.17s
[2026-01-16T09:41:09.917+0000][gc,start    ] GC(1437) Pause Young (Normal) (G1 Evacuation Pause)
[2026-01-16T09:41:09.919+0000][gc,task     ] GC(1437) Using 8 workers of 8 for evacuation
[2026-01-16T09:41:09.986+0000][gc,phases   ] GC(1437)   Pre Evacuate Collection Set: 19.9ms
[2026-01-16T09:41:09.986+0000][gc,phases   ] GC(1437)   Merge Heap Roots: 1.2ms
[2026-01-16T09:41:09.986+0000][gc,phases   ] GC(1437)   Evacuate Collection Set: 36.7ms
[2026-01-16T09:41:09.987+0000][gc,phases   ] GC(1437)   Post Evacuate Collection Set: 7.0ms
[2026-01-16T09:41:09.987+0000][gc,phases   ] GC(1437)   Other: 2.7ms
[2026-01-16T09:41:09.987+0000][gc,heap     ] GC(1437) Eden regions: 47->0(233)
[2026-01-16T09:41:09.987+0000][gc,heap     ] GC(1437) Survivor regions: 4->2(7)
[2026-01-16T09:41:09.987+0000][gc,heap     ] GC(1437) Old regions: 216->216
[2026-01-16T09:41:09.987+0000][gc,heap     ] GC(1437) Humongous regions: 167->167
[2026-01-16T09:41:09.987+0000][gc,metaspace] GC(1437) Metaspace: 16065K(16512K)->16065K(16512K) NonClass: 14341K(14528K)->14341K(14528K) Class: 1724K(1984K)->1724K(1984K)
[2026-01-16T09:41:09.988+0000][gc          ] GC(1437) Pause Young (Normal) (G1 Evacuation Pause) 433M->384M(1024M) 70.968ms
[2026-01-16T09:41:09.988+0000][gc,cpu      ] GC(1437) User=0.15s Sys=0.01s Real=0.07s
[2026-01-16T09:41:20.609+0000][gc,start    ] GC(1438) Pause Young (Normal) (G1 Evacuation Pause)
[2026-01-16T09:41:20.613+0000][gc,task     ] GC(1438) Using 8 workers of 8 for evacuation
[2026-01-16T09:41:20.780+0000][gc,phases   ] GC(1438)   Pre Evacuate Collection Set: 24.5ms
[2026-01-16T09:41:20.780+0000][gc,phases   ] GC(1438)   Merge Heap Roots: 1.3ms
[2026-01-16T09:41:20.780+0000][gc,phases   ] GC(1438)   Evacuate Collection Set: 79.4ms
[2026-01-16T09:41:20.781+0000][gc,phases   ] GC(1438)   Post Evacuate Collection Set: 59.6ms
[2026-01-16T09:41:20.781+0000][gc,phases   ] GC(1438)   Other: 2.4ms
[2026-01-16T09:41:20.781+0000][gc,heap     ] GC(1438) Eden regions: 227->0(188)
[2026-01-16T09:41:20.782+0000][gc,heap     ] GC(1438) Survivor regions: 2->3(29)
[2026-01-16T09:41:20.782+0000][gc,heap     ] GC(1438) Old regions: 216->216
[2026-01-16T09:41:20.782+0000][gc,heap     ] GC(1438) Humongous regions: 167->167
[2026-01-16T09:41:20.782+0000][gc,metaspace] GC(1438) Metaspace: 16065K(16512K)->16065K(16512K) NonClass: 14341K(14528K)->14341K(14528K) Class: 1724K(1984K)->1724K(1984K)
[2026-01-16T09:41:20.782+0000][gc          ] GC(1438) Pause Young (Normal) (G1 Evacuation Pause) 611M->385M(1024M) 172.950ms
[2026-01-16T09:41:20.782+0000][gc,cpu      ] GC(1438) User=0.37s Sys=0.03s Real=0.17s
[2026-01-16T09:41:31.655+0000][gc,start    ] GC(1439) Pause Young (Normal) (G1 Evacuation Pause)
[2026-01-16T09:41:31.659+0000][gc,task     ] GC(1439) Using 8 workers of 8 for evacuation
[2026-01-16T09:41:31.795+0000][gc,phases   ] GC(1439)   Pre Evacuate Collection Set: 45.4ms
[2026-01-16T09:41:31.796+0000][gc,phases   ] GC(1439)   Merge Heap Roots: 1.3ms
[2026-01-16T09:41:31.796+0000][gc,phases   ] GC(1439)   Evacuate Collection Set: 70.1ms
[2026-01-16T09:41:31.797+0000][gc,phases   ] GC(1439)   Post Evacuate Collection Set: 17.3ms
[2026-01-16T09:41:31.797+0000][gc,phases   ] GC(1439)   Other: 2.4ms
[2026-01-16T09:41:31.798+0000][gc,heap     ] GC(1439) Eden regions: 182->0(221)
[2026-01-16T09:41:31.798+0000][gc,heap     ] GC(1439) Survivor regions: 3->4(24)
[2026-01-16T09:41:31.801+0000][gc,heap     ] GC(1439) Old regions: 216->216
[2026-01-16T09:41:31.801+0000][gc,heap     ] GC(1439) Humongous regions: 167->167
[2026-01-16T09:41:31.801+0000][gc,metaspace] GC(1439) Metaspace: 16065K(16512K)->16065K(16512K) NonClass: 14341K(14528K)->14341K(14528K) Class: 1724K(1984K)->1724K(1984K)
[2026-01-16T09:41:31.803+0000][gc          ] GC(1439) Pause Young (Normal) (G1 Evacuation Pause) 567M->386M(1024M) 149.182ms
[2026-01-16T09:41:31.811+0000][gc,cpu      ] GC(1439) User=0.30s Sys=0.02s Real=0.16s
[2026-01-16T09:41:42.069+0000][gc,start    ] GC(1440) Pause Young (Normal) (G1 Evacuation Pause)
[2026-01-16T09:41:42.070+0000][gc,task     ] GC(1440) Using 8 workers of 8 for evacuation
[2026-01-16T09:41:42.225+0000][gc,phases   ] GC(1440)   Pre Evacuate Collection Set: 34.5ms
[2026-01-16T09:41:42.225+0000][gc,phases   ] GC(1440)   Merge Heap Roots: 9.4ms
[2026-01-16T09:41:42.226+0000][gc,phases   ] GC(1440)   Evacuate Collection Set: 91.3ms
[2026-01-16T09:41:42.227+0000][gc,phases   ] GC(1440)   Post Evacuate Collection Set: 18.3ms
[2026-01-16T09:41:42.228+0000][gc,phases   ] GC(1440)   Other: 0.6ms
[2026-01-16T09:41:42.228+0000][gc,heap     ] GC(1440) Eden regions: 216->0(226)
[2026-01-16T09:41:42.229+0000][gc,heap     ] GC(1440) Survivor regions: 4->4(28)
[2026-01-16T09:41:42.229+0000][gc,heap     ] GC(1440) Old regions: 216->217
[2026-01-16T09:41:42.229+0000][gc,heap     ] GC(1440) Humongous regions: 167->167
[2026-01-16T09:41:42.231+0000][gc,metaspace] GC(1440) Metaspace: 16073K(16512K)->16073K(16512K) NonClass: 14348K(14528K)->14348K(14528K) Class: 1724K(1984K)->1724K(1984K)
[2026-01-16T09:41:42.234+0000][gc          ] GC(1440) Pause Young (Normal) (G1 Evacuation Pause) 602M->386M(1024M) 164.280ms
[2026-01-16T09:41:42.234+0000][gc,cpu      ] GC(1440) User=0.27s Sys=0.02s Real=0.16s
[2026-01-16T09:41:52.245+0000][gc,start    ] GC(1441) Pause Young (Normal) (G1 Evacuation Pause)
[2026-01-16T09:41:52.254+0000][gc,task     ] GC(1441) Using 8 workers of 8 for evacuation
[2026-01-16T09:41:52.489+0000][gc,mmu      ] GC(1441) MMU target violated: 201.0ms (200.0ms/201.0ms)
[2026-01-16T09:41:52.491+0000][gc,phases   ] GC(1441)   Pre Evacuate Collection Set: 8.5ms
[2026-01-16T09:41:52.493+0000][gc,phases   ] GC(1441)   Merge Heap Roots: 0.5ms
[2026-01-16T09:41:52.493+0000][gc,phases   ] GC(1441)   Evacuate Collection Set: 192.8ms
[2026-01-16T09:41:52.494+0000][gc,phases   ] GC(1441)   Post Evacuate Collection Set: 28.2ms
[2026-01-16T09:41:52.495+0000][gc,phases   ] GC(1441)   Other: 8.7ms
[2026-01-16T09:41:52.496+0000][gc,heap     ] GC(1441) Eden regions: 220->0(63)
[2026-01-16T09:41:52.496+0000][gc,heap     ] GC(1441) Survivor regions: 4->5(28)
[2026-01-16T09:41:52.496+0000][gc,heap     ] GC(1441) Old regions: 217->217
[2026-01-16T09:41:52.497+0000][gc,heap     ] GC(1441) Humongous regions: 167->167
[2026-01-16T09:41:52.500+0000][gc,metaspace] GC(1441) Metaspace: 16073K(16512K)->16073K(16512K) NonClass: 14348K(14528K)->14348K(14528K) Class: 1724K(1984K)->1724K(1984K)
[2026-01-16T09:41:52.505+0000][gc          ] GC(1441) Pause Young (Normal) (G1 Evacuation Pause) 606M->387M(1024M) 260.398ms
[2026-01-16T09:41:52.512+0000][gc,cpu      ] GC(1441) User=0.40s Sys=0.06s Real=0.27s
[2026-01-16T09:42:00.144+0000][gc,start    ] GC(1442) Pause Young (Normal) (G1 Evacuation Pause)
[2026-01-16T09:42:00.152+0000][gc,task     ] GC(1442) Using 8 workers of 8 for evacuation
[2026-01-16T09:42:00.284+0000][gc,phases   ] GC(1442)   Pre Evacuate Collection Set: 26.6ms
[2026-01-16T09:42:00.284+0000][gc,phases   ] GC(1442)   Merge Heap Roots: 1.8ms
[2026-01-16T09:42:00.285+0000][gc,phases   ] GC(1442)   Evacuate Collection Set: 86.9ms
[2026-01-16T09:42:00.285+0000][gc,phases   ] GC(1442)   Post Evacuate Collection Set: 14.3ms
[2026-01-16T09:42:00.285+0000][gc,phases   ] GC(1442)   Other: 2.8ms
[2026-01-16T09:42:00.285+0000][gc,heap     ] GC(1442) Eden regions: 64->0(182)
[2026-01-16T09:42:00.285+0000][gc,heap     ] GC(1442) Survivor regions: 5->4(9)
[2026-01-16T09:42:00.285+0000][gc,heap     ] GC(1442) Old regions: 217->217
[2026-01-16T09:42:00.285+0000][gc,heap     ] GC(1442) Humongous regions: 167->167
[2026-01-16T09:42:00.286+0000][gc,metaspace] GC(1442) Metaspace: 16074K(16512K)->16074K(16512K) NonClass: 14350K(14528K)->14350K(14528K) Class: 1724K(1984K)->1724K(1984K)
[2026-01-16T09:42:00.286+0000][gc          ] GC(1442) Pause Young (Normal) (G1 Evacuation Pause) 451M->386M(1024M) 142.575ms
[2026-01-16T09:42:00.286+0000][gc,cpu      ] GC(1442) User=0.24s Sys=0.02s Real=0.14s
[2026-01-16T09:42:09.897+0000][gc,start    ] GC(1443) Pause Young (Normal) (G1 Evacuation Pause)
[2026-01-16T09:42:09.898+0000][gc,task     ] GC(1443) Using 8 workers of 8 for evacuation
[2026-01-16T09:42:10.144+0000][gc,mmu      ] GC(1443) MMU target violated: 201.0ms (200.0ms/201.0ms)
[2026-01-16T09:42:10.145+0000][gc,phases   ] GC(1443)   Pre Evacuate Collection Set: 42.7ms
[2026-01-16T09:42:10.146+0000][gc,phases   ] GC(1443)   Merge Heap Roots: 1.0ms
[2026-01-16T09:42:10.150+0000][gc,phases   ] GC(1443)   Evacuate Collection Set: 179.9ms
[2026-01-16T09:42:10.150+0000][gc,phases   ] GC(1443)   Post Evacuate Collection Set: 22.7ms
[2026-01-16T09:42:10.151+0000][gc,phases   ] GC(1443)   Other: 1.0ms
[2026-01-16T09:42:10.152+0000][gc,heap     ] GC(1443) Eden regions: 180->0(127)
[2026-01-16T09:42:10.153+0000][gc,heap     ] GC(1443) Survivor regions: 4->4(23)
[2026-01-16T09:42:10.153+0000][gc,heap     ] GC(1443) Old regions: 217->217
[2026-01-16T09:42:10.154+0000][gc,heap     ] GC(1443) Humongous regions: 167->167
[2026-01-16T09:42:10.154+0000][gc,metaspace] GC(1443) Metaspace: 16074K(16512K)->16074K(16512K) NonClass: 14350K(14528K)->14350K(14528K) Class: 1724K(1984K)->1724K(1984K)
[2026-01-16T09:42:10.155+0000][gc          ] GC(1443) Pause Young (Normal) (G1 Evacuation Pause) 566M->386M(1024M) 258.401ms
[2026-01-16T09:42:10.156+0000][gc,cpu      ] GC(1443) User=0.23s Sys=0.02s Real=0.26s
[2026-01-16T09:42:12.299+0000][gc,start    ] GC(1444) Pause Young (Normal) (G1 Evacuation Pause)
[2026-01-16T09:42:12.300+0000][gc,task     ] GC(1444) Using 8 workers of 8 for evacuation
[2026-01-16T09:42:12.360+0000][gc,phases   ] GC(1444)   Pre Evacuate Collection Set: 1.9ms
[2026-01-16T09:42:12.360+0000][gc,phases   ] GC(1444)   Merge Heap Roots: 0.3ms
[2026-01-16T09:42:12.360+0000][gc,phases   ] GC(1444)   Evacuate Collection Set: 47.9ms
[2026-01-16T09:42:12.360+0000][gc,phases   ] GC(1444)   Post Evacuate Collection Set: 9.2ms
[2026-01-16T09:42:12.360+0000][gc,phases   ] GC(1444)   Other: 0.4ms
[2026-01-16T09:42:12.360+0000][gc,heap     ] GC(1444) Eden regions: 120->0(125)
[2026-01-16T09:42:12.360+0000][gc,heap     ] GC(1444) Survivor regions: 4->5(16)
[2026-01-16T09:42:12.361+0000][gc,heap     ] GC(1444) Old regions: 217->217
[2026-01-16T09:42:12.361+0000][gc,heap     ] GC(1444) Humongous regions: 167->167
[2026-01-16T09:42:12.361+0000][gc,metaspace] GC(1444) Metaspace: 16074K(16512K)->16074K(16512K) NonClass: 14350K(14528K)->14350K(14528K) Class: 1724K(1984K)->1724K(1984K)
[2026-01-16T09:42:12.361+0000][gc          ] GC(1444) Pause Young (Normal) (G1 Evacuation Pause) 506M->388M(1024M) 61.999ms
[2026-01-16T09:42:12.362+0000][gc,cpu      ] GC(1444) User=0.17s Sys=0.03s Real=0.07s
[2026-01-16T09:42:20.119+0000][gc,start    ] GC(1445) Pause Young (Normal) (G1 Evacuation Pause)
[2026-01-16T09:42:20.120+0000][gc,task     ] GC(1445) Using 8 workers of 8 for evacuation
[2026-01-16T09:42:20.167+0000][gc,phases   ] GC(1445)   Pre Evacuate Collection Set: 3.3ms
[2026-01-16T09:42:20.167+0000][gc,phases   ] GC(1445)   Merge Heap Roots: 1.9ms
[2026-01-16T09:42:20.167+0000][gc,phases   ] GC(1445)   Evacuate Collection Set: 37.2ms
[2026-01-16T09:42:20.167+0000][gc,phases   ] GC(1445)   Post Evacuate Collection Set: 3.3ms
[2026-01-16T09:42:20.168+0000][gc,phases   ] GC(1445)   Other: 0.6ms
[2026-01-16T09:42:20.168+0000][gc,heap     ] GC(1445) Eden regions: 121->0(250)
[2026-01-16T09:42:20.168+0000][gc,heap     ] GC(1445) Survivor regions: 5->5(16)
[2026-01-16T09:42:20.168+0000][gc,heap     ] GC(1445) Old regions: 217->217
[2026-01-16T09:42:20.168+0000][gc,heap     ] GC(1445) Humongous regions: 167->167
[2026-01-16T09:42:20.169+0000][gc,metaspace] GC(1445) Metaspace: 16074K(16512K)->16074K(16512K) NonClass: 14350K(14528K)->14350K(14528K) Class: 1724K(1984K)->1724K(1984K)
[2026-01-16T09:42:20.169+0000][gc          ] GC(1445) Pause Young (Normal) (G1 Evacuation Pause) 509M->387M(1024M) 49.827ms
[2026-01-16T09:42:20.169+0000][gc,cpu      ] GC(1445) User=0.19s Sys=0.01s Real=0.05s
[2026-01-16T09:42:32.089+0000][gc,start    ] GC(1446) Pause Young (Normal) (G1 Evacuation Pause)
[2026-01-16T09:42:32.089+0000][gc,task     ] GC(1446) Using 8 workers of 8 for evacuation
[2026-01-16T09:42:32.171+0000][gc,phases   ] GC(1446)   Pre Evacuate Collection Set: 3.3ms
[2026-01-16T09:42:32.171+0000][gc,phases   ] GC(1446)   Merge Heap Roots: 1.2ms
[2026-01-16T09:42:32.171+0000][gc,phases   ] GC(1446)   Evacuate Collection Set: 71.7ms
[2026-01-16T09:42:32.171+0000][gc,phases   ] GC(1446)   Post Evacuate Collection Set: 5.4ms
[2026-01-16T09:42:32.171+0000][gc,phases   ] GC(1446)   Other: 0.4ms
[2026-01-16T09:42:32.172+0000][gc,heap     ] GC(1446) Eden regions: 253->0(313)
[2026-01-16T09:42:32.172+0000][gc,heap     ] GC(1446) Survivor regions: 5->6(33)
[2026-01-16T09:42:32.172+0000][gc,heap     ] GC(1446) Old regions: 217->217
[2026-01-16T09:42:32.172+0000][gc,heap     ] GC(1446) Humongous regions: 167->167
[2026-01-16T09:42:32.172+0000][gc,metaspace] GC(1446) Metaspace: 16079K(16512K)->16079K(16512K) NonClass: 14355K(14528K)->14355K(14528K) Class: 1724K(1984K)->1724K(1984K)
[2026-01-16T09:42:32.172+0000][gc          ] GC(1446) Pause Young (Normal) (G1 Evacuation Pause) 640M->388M(1024M) 83.042ms
[2026-01-16T09:42:32.172+0000][gc,cpu      ] GC(1446) User=0.36s Sys=0.03s Real=0.09s
[2026-01-16T09:42:51.245+0000][gc,start    ] GC(1447) Pause Young (Normal) (G1 Evacuation Pause)
[2026-01-16T09:42:51.246+0000][gc,task     ] GC(1447) Using 8 workers of 8 for evacuation
[2026-01-16T09:42:51.319+0000][gc,phases   ] GC(1447)   Pre Evacuate Collection Set: 4.6ms
[2026-01-16T09:42:51.319+0000][gc,phases   ] GC(1447)   Merge Heap Roots: 2.8ms
[2026-01-16T09:42:51.319+0000][gc,phases   ] GC(1447)   Evacuate Collection Set: 59.4ms
[2026-01-16T09:42:51.319+0000][gc,phases   ] GC(1447)   Post Evacuate Collection Set: 5.1ms
[2026-01-16T09:42:51.319+0000][gc,phases   ] GC(1447)   Other: 0.7ms
[2026-01-16T09:42:51.319+0000][gc,heap     ] GC(1447) Eden regions: 312->0(562)
[2026-01-16T09:42:51.319+0000][gc,heap     ] GC(1447) Survivor regions: 6->5(40)
[2026-01-16T09:42:51.319+0000][gc,heap     ] GC(1447) Old regions: 217->217
[2026-01-16T09:42:51.319+0000][gc,heap     ] GC(1447) Humongous regions: 167->167
[2026-01-16T09:42:51.320+0000][gc,metaspace] GC(1447) Metaspace: 16079K(16512K)->16079K(16512K) NonClass: 14355K(14528K)->14355K(14528K) Class: 1724K(1984K)->1724K(1984K)
[2026-01-16T09:42:51.320+0000][gc          ] GC(1447) Pause Young (Normal) (G1 Evacuation Pause) 700M->388M(1024M) 74.655ms
[2026-01-16T09:42:51.320+0000][gc,cpu      ] GC(1447) User=0.34s Sys=0.04s Real=0.08s
[2026-01-16T09:43:30.540+0000][gc,start    ] GC(1448) Pause Young (Normal) (G1 Evacuation Pause)
[2026-01-16T09:43:30.547+0000][gc,task     ] GC(1448) Using 8 workers of 8 for evacuation
[2026-01-16T09:43:32.080+0000][gc,mmu      ] GC(1448) MMU target violated: 201.0ms (200.0ms/201.0ms)
[2026-01-16T09:43:32.084+0000][gc,phases   ] GC(1448)   Pre Evacuate Collection Set: 64.6ms
[2026-01-16T09:43:32.091+0000][gc,phases   ] GC(1448)   Merge Heap Roots: 8.7ms
[2026-01-16T09:43:32.100+0000][gc,phases   ] GC(1448)   Evacuate Collection Set: 1129.0ms
[2026-01-16T09:43:32.149+0000][gc,phases   ] GC(1448)   Post Evacuate Collection Set: 303.7ms
[2026-01-16T09:43:32.166+0000][gc,phases   ] GC(1448)   Other: 31.2ms
[2026-01-16T09:43:32.190+0000][gc,heap     ] GC(1448) Eden regions: 554->0(45)
[2026-01-16T09:43:32.196+0000][gc,heap     ] GC(1448) Survivor regions: 5->6(70)
[2026-01-16T09:43:32.197+0000][gc,heap     ] GC(1448) Old regions: 217->217
[2026-01-16T09:43:32.197+0000][gc,heap     ] GC(1448) Humongous regions: 167->167
[2026-01-16T09:43:32.198+0000][gc,metaspace] GC(1448) Metaspace: 16085K(16512K)->16085K(16512K) NonClass: 14361K(14528K)->14361K(14528K) Class: 1724K(1984K)->1724K(1984K)
[2026-01-16T09:43:32.198+0000][gc          ] GC(1448) Pause Young (Normal) (G1 Evacuation Pause) 942M->389M(1024M) 1658.548ms
[2026-01-16T09:43:32.206+0000][gc,cpu      ] GC(1448) User=1.19s Sys=0.19s Real=1.66s
[2026-01-16T09:43:34.822+0000][gc,start    ] GC(1449) Pause Young (Normal) (G1 Evacuation Pause)
[2026-01-16T09:43:34.830+0000][gc,task     ] GC(1449) Using 8 workers of 8 for evacuation
[2026-01-16T09:43:35.905+0000][gc,mmu      ] GC(1449) MMU target violated: 201.0ms (200.0ms/201.0ms)
[2026-01-16T09:43:35.906+0000][gc,phases   ] GC(1449)   Pre Evacuate Collection Set: 71.3ms
[2026-01-16T09:43:35.906+0000][gc,phases   ] GC(1449)   Merge Heap Roots: 36.9ms
[2026-01-16T09:43:35.906+0000][gc,phases   ] GC(1449)   Evacuate Collection Set: 929.8ms
[2026-01-16T09:43:35.907+0000][gc,phases   ] GC(1449)   Post Evacuate Collection Set: 26.1ms
[2026-01-16T09:43:35.907+0000][gc,phases   ] GC(1449)   Other: 11.6ms
[2026-01-16T09:43:35.907+0000][gc,heap     ] GC(1449) Eden regions: 45->0(46)
[2026-01-16T09:43:35.908+0000][gc,heap     ] GC(1449) Survivor regions: 6->5(7)
[2026-01-16T09:43:35.908+0000][gc,heap     ] GC(1449) Old regions: 217->220
[2026-01-16T09:43:35.908+0000][gc,heap     ] GC(1449) Humongous regions: 167->167
[2026-01-16T09:43:35.908+0000][gc,metaspace] GC(1449) Metaspace: 16085K(16512K)->16085K(16512K) NonClass: 14361K(14528K)->14361K(14528K) Class: 1724K(1984K)->1724K(1984K)
[2026-01-16T09:43:35.909+0000][gc          ] GC(1449) Pause Young (Normal) (G1 Evacuation Pause) 434M->390M(1024M) 1087.487ms
[2026-01-16T09:43:35.910+0000][gc,cpu      ] GC(1449) User=0.71s Sys=0.06s Real=1.09s
[2026-01-16T09:43:36.951+0000][gc,start    ] GC(1450) Pause Young (Normal) (G1 Evacuation Pause)
[2026-01-16T09:43:36.952+0000][gc,task     ] GC(1450) Using 8 workers of 8 for evacuation
[2026-01-16T09:43:37.227+0000][gc,mmu      ] GC(1450) MMU target violated: 201.0ms (200.0ms/201.0ms)
[2026-01-16T09:43:37.227+0000][gc,phases   ] GC(1450)   Pre Evacuate Collection Set: 33.9ms
[2026-01-16T09:43:37.227+0000][gc,phases   ] GC(1450)   Merge Heap Roots: 10.5ms
[2026-01-16T09:43:37.229+0000][gc,phases   ] GC(1450)   Evacuate Collection Set: 225.0ms
[2026-01-16T09:43:37.229+0000][gc,phases   ] GC(1450)   Post Evacuate Collection Set: 4.6ms
[2026-01-16T09:43:37.230+0000][gc,phases   ] GC(1450)   Other: 1.6ms
[2026-01-16T09:43:37.230+0000][gc,heap     ] GC(1450) Eden regions: 46->0(46)
[2026-01-16T09:43:37.231+0000][gc,heap     ] GC(1450) Survivor regions: 5->5(7)
[2026-01-16T09:43:37.231+0000][gc,heap     ] GC(1450) Old regions: 220->220
[2026-01-16T09:43:37.232+0000][gc,heap     ] GC(1450) Humongous regions: 167->167
[2026-01-16T09:43:37.233+0000][gc,metaspace] GC(1450) Metaspace: 16085K(16512K)->16085K(16512K) NonClass: 14361K(14528K)->14361K(14528K) Class: 1724K(1984K)->1724K(1984K)
[2026-01-16T09:43:37.233+0000][gc          ] GC(1450) Pause Young (Normal) (G1 Evacuation Pause) 436M->391M(1024M) 281.756ms
[2026-01-16T09:43:37.233+0000][gc,cpu      ] GC(1450) User=0.15s Sys=0.01s Real=0.28s
[2026-01-16T09:43:38.455+0000][gc,start    ] GC(1451) Pause Young (Normal) (G1 Evacuation Pause)
[2026-01-16T09:43:38.456+0000][gc,task     ] GC(1451) Using 8 workers of 8 for evacuation
[2026-01-16T09:43:38.600+0000][gc,phases   ] GC(1451)   Pre Evacuate Collection Set: 23.2ms
[2026-01-16T09:43:38.600+0000][gc,phases   ] GC(1451)   Merge Heap Roots: 2.8ms
[2026-01-16T09:43:38.600+0000][gc,phases   ] GC(1451)   Evacuate Collection Set: 109.5ms
[2026-01-16T09:43:38.601+0000][gc,phases   ] GC(1451)   Post Evacuate Collection Set: 6.9ms
[2026-01-16T09:43:38.601+0000][gc,phases   ] GC(1451)   Other: 0.9ms
[2026-01-16T09:43:38.601+0000][gc,heap     ] GC(1451) Eden regions: 46->0(49)
[2026-01-16T09:43:38.601+0000][gc,heap     ] GC(1451) Survivor regions: 5->2(7)
[2026-01-16T09:43:38.601+0000][gc,heap     ] GC(1451) Old regions: 220->222
[2026-01-16T09:43:38.602+0000][gc,heap     ] GC(1451) Humongous regions: 167->167
[2026-01-16T09:43:38.602+0000][gc,metaspace] GC(1451) Metaspace: 16085K(16512K)->16085K(16512K) NonClass: 14361K(14528K)->14361K(14528K) Class: 1724K(1984K)->1724K(1984K)
[2026-01-16T09:43:38.602+0000][gc          ] GC(1451) Pause Young (Normal) (G1 Evacuation Pause) 437M->389M(1024M) 147.613ms
[2026-01-16T09:43:38.602+0000][gc,cpu      ] GC(1451) User=0.12s Sys=0.01s Real=0.15s
[2026-01-16T09:43:40.628+0000][gc,start    ] GC(1452) Pause Young (Normal) (G1 Evacuation Pause)
[2026-01-16T09:43:40.634+0000][gc,task     ] GC(1452) Using 8 workers of 8 for evacuation
[2026-01-16T09:43:40.785+0000][gc,phases   ] GC(1452)   Pre Evacuate Collection Set: 35.5ms
[2026-01-16T09:43:40.786+0000][gc,phases   ] GC(1452)   Merge Heap Roots: 1.2ms
[2026-01-16T09:43:40.786+0000][gc,phases   ] GC(1452)   Evacuate Collection Set: 98.5ms
[2026-01-16T09:43:40.787+0000][gc,phases   ] GC(1452)   Post Evacuate Collection Set: 12.0ms
[2026-01-16T09:43:40.787+0000][gc,phases   ] GC(1452)   Other: 3.2ms
[2026-01-16T09:43:40.787+0000][gc,heap     ] GC(1452) Eden regions: 49->0(48)
[2026-01-16T09:43:40.788+0000][gc,heap     ] GC(1452) Survivor regions: 2->3(7)
[2026-01-16T09:43:40.788+0000][gc,heap     ] GC(1452) Old regions: 222->222
[2026-01-16T09:43:40.789+0000][gc,heap     ] GC(1452) Humongous regions: 167->167
[2026-01-16T09:43:40.789+0000][gc,metaspace] GC(1452) Metaspace: 16085K(16512K)->16085K(16512K) NonClass: 14361K(14528K)->14361K(14528K) Class: 1724K(1984K)->1724K(1984K)
[2026-01-16T09:43:40.791+0000][gc          ] GC(1452) Pause Young (Normal) (G1 Evacuation Pause) 438M->390M(1024M) 164.138ms
[2026-01-16T09:43:40.792+0000][gc,cpu      ] GC(1452) User=0.08s Sys=0.01s Real=0.17s
[2026-01-16T09:43:41.388+0000][gc,start    ] GC(1453) Pause Young (Normal) (G1 Evacuation Pause)
[2026-01-16T09:43:41.390+0000][gc,task     ] GC(1453) Using 8 workers of 8 for evacuation
[2026-01-16T09:43:41.479+0000][gc,phases   ] GC(1453)   Pre Evacuate Collection Set: 35.7ms
[2026-01-16T09:43:41.481+0000][gc,phases   ] GC(1453)   Merge Heap Roots: 10.4ms
[2026-01-16T09:43:41.481+0000][gc,phases   ] GC(1453)   Evacuate Collection Set: 41.0ms
[2026-01-16T09:43:41.481+0000][gc,phases   ] GC(1453)   Post Evacuate Collection Set: 1.1ms
[2026-01-16T09:43:41.481+0000][gc,phases   ] GC(1453)   Other: 1.2ms
[2026-01-16T09:43:41.482+0000][gc,heap     ] GC(1453) Eden regions: 48->0(48)
[2026-01-16T09:43:41.482+0000][gc,heap     ] GC(1453) Survivor regions: 3->3(7)
[2026-01-16T09:43:41.482+0000][gc,heap     ] GC(1453) Old regions: 222->222
[2026-01-16T09:43:41.482+0000][gc,heap     ] GC(1453) Humongous regions: 167->167
[2026-01-16T09:43:41.483+0000][gc,metaspace] GC(1453) Metaspace: 16085K(16512K)->16085K(16512K) NonClass: 14361K(14528K)->14361K(14528K) Class: 1724K(1984K)->1724K(1984K)
[2026-01-16T09:43:41.483+0000][gc          ] GC(1453) Pause Young (Normal) (G1 Evacuation Pause) 438M->390M(1024M) 95.113ms
[2026-01-16T09:43:41.483+0000][gc,cpu      ] GC(1453) User=0.02s Sys=0.01s Real=0.10s
[2026-01-16T09:43:42.088+0000][gc,start    ] GC(1454) Pause Young (Normal) (G1 Evacuation Pause)
[2026-01-16T09:43:42.090+0000][gc,task     ] GC(1454) Using 8 workers of 8 for evacuation
[2026-01-16T09:43:42.145+0000][gc,phases   ] GC(1454)   Pre Evacuate Collection Set: 10.7ms
[2026-01-16T09:43:42.146+0000][gc,phases   ] GC(1454)   Merge Heap Roots: 0.5ms
[2026-01-16T09:43:42.147+0000][gc,phases   ] GC(1454)   Evacuate Collection Set: 38.2ms
[2026-01-16T09:43:42.147+0000][gc,phases   ] GC(1454)   Post Evacuate Collection Set: 5.4ms
[2026-01-16T09:43:42.147+0000][gc,phases   ] GC(1454)   Other: 0.9ms
[2026-01-16T09:43:42.147+0000][gc,heap     ] GC(1454) Eden regions: 48->0(47)
[2026-01-16T09:43:42.148+0000][gc,heap     ] GC(1454) Survivor regions: 3->4(7)
[2026-01-16T09:43:42.148+0000][gc,heap     ] GC(1454) Old regions: 222->222
[2026-01-16T09:43:42.148+0000][gc,heap     ] GC(1454) Humongous regions: 167->167
[2026-01-16T09:43:42.149+0000][gc,metaspace] GC(1454) Metaspace: 16086K(16512K)->16086K(16512K) NonClass: 14362K(14528K)->14362K(14528K) Class: 1724K(1984K)->1724K(1984K)
[2026-01-16T09:43:42.149+0000][gc          ] GC(1454) Pause Young (Normal) (G1 Evacuation Pause) 438M->391M(1024M) 60.906ms
[2026-01-16T09:43:42.149+0000][gc,cpu      ] GC(1454) User=0.06s Sys=0.00s Real=0.07s
[2026-01-16T09:43:42.533+0000][gc,start    ] GC(1455) Pause Young (Normal) (G1 Evacuation Pause)
[2026-01-16T09:43:42.535+0000][gc,task     ] GC(1455) Using 8 workers of 8 for evacuation
[2026-01-16T09:43:42.582+0000][gc,phases   ] GC(1455)   Pre Evacuate Collection Set: 3.1ms
[2026-01-16T09:43:42.584+0000][gc,phases   ] GC(1455)   Merge Heap Roots: 0.4ms
[2026-01-16T09:43:42.584+0000][gc,phases   ] GC(1455)   Evacuate Collection Set: 34.5ms
[2026-01-16T09:43:42.584+0000][gc,phases   ] GC(1455)   Post Evacuate Collection Set: 5.2ms
[2026-01-16T09:43:42.587+0000][gc,phases   ] GC(1455)   Other: 3.2ms
[2026-01-16T09:43:42.587+0000][gc,heap     ] GC(1455) Eden regions: 47->0(46)
[2026-01-16T09:43:42.587+0000][gc,heap     ] GC(1455) Survivor regions: 4->5(7)
[2026-01-16T09:43:42.588+0000][gc,heap     ] GC(1455) Old regions: 222->222
[2026-01-16T09:43:42.595+0000][gc,heap     ] GC(1455) Humongous regions: 167->167
[2026-01-16T09:43:42.602+0000][gc,metaspace] GC(1455) Metaspace: 16086K(16512K)->16086K(16512K) NonClass: 14362K(14528K)->14362K(14528K) Class: 1724K(1984K)->1724K(1984K)
[2026-01-16T09:43:42.602+0000][gc          ] GC(1455) Pause Young (Normal) (G1 Evacuation Pause) 438M->392M(1024M) 69.747ms
[2026-01-16T09:43:42.604+0000][gc,cpu      ] GC(1455) User=0.03s Sys=0.00s Real=0.07s
[2026-01-16T09:43:43.823+0000][gc,start    ] GC(1456) Pause Young (Normal) (G1 Evacuation Pause)
[2026-01-16T09:43:43.824+0000][gc,task     ] GC(1456) Using 8 workers of 8 for evacuation
[2026-01-16T09:43:43.919+0000][gc,phases   ] GC(1456)   Pre Evacuate Collection Set: 4.6ms
[2026-01-16T09:43:43.923+0000][gc,phases   ] GC(1456)   Merge Heap Roots: 1.0ms
[2026-01-16T09:43:43.924+0000][gc,phases   ] GC(1456)   Evacuate Collection Set: 81.9ms
[2026-01-16T09:43:43.931+0000][gc,phases   ] GC(1456)   Post Evacuate Collection Set: 7.2ms
[2026-01-16T09:43:43.933+0000][gc,phases   ] GC(1456)   Other: 0.5ms
[2026-01-16T09:43:43.934+0000][gc,heap     ] GC(1456) Eden regions: 46->0(57)
[2026-01-16T09:43:43.935+0000][gc,heap     ] GC(1456) Survivor regions: 5->5(7)
[2026-01-16T09:43:43.936+0000][gc,heap     ] GC(1456) Old regions: 222->222
[2026-01-16T09:43:43.936+0000][gc,heap     ] GC(1456) Humongous regions: 167->167
[2026-01-16T09:43:43.937+0000][gc,metaspace] GC(1456) Metaspace: 16086K(16512K)->16086K(16512K) NonClass: 14362K(14528K)->14362K(14528K) Class: 1724K(1984K)->1724K(1984K)
[2026-01-16T09:43:43.937+0000][gc          ] GC(1456) Pause Young (Normal) (G1 Evacuation Pause) 438M->392M(1024M) 114.444ms
[2026-01-16T09:43:43.938+0000][gc,cpu      ] GC(1456) User=0.12s Sys=0.01s Real=0.11s
[2026-01-16T09:43:50.681+0000][gc,start    ] GC(1457) Pause Young (Normal) (G1 Evacuation Pause)
[2026-01-16T09:43:50.684+0000][gc,task     ] GC(1457) Using 8 workers of 8 for evacuation
[2026-01-16T09:43:50.845+0000][gc,phases   ] GC(1457)   Pre Evacuate Collection Set: 35.6ms
[2026-01-16T09:43:50.852+0000][gc,phases   ] GC(1457)   Merge Heap Roots: 1.3ms
[2026-01-16T09:43:50.858+0000][gc,phases   ] GC(1457)   Evacuate Collection Set: 101.9ms
[2026-01-16T09:43:50.858+0000][gc,phases   ] GC(1457)   Post Evacuate Collection Set: 21.5ms
[2026-01-16T09:43:50.859+0000][gc,phases   ] GC(1457)   Other: 1.3ms
[2026-01-16T09:43:50.860+0000][gc,heap     ] GC(1457) Eden regions: 64->0(165)
[2026-01-16T09:43:50.861+0000][gc,heap     ] GC(1457) Survivor regions: 5->3(9)
[2026-01-16T09:43:50.865+0000][gc,heap     ] GC(1457) Old regions: 222->222
[2026-01-16T09:43:50.866+0000][gc,heap     ] GC(1457) Humongous regions: 167->167
[2026-01-16T09:43:50.869+0000][gc,metaspace] GC(1457) Metaspace: 16086K(16512K)->16086K(16512K) NonClass: 14362K(14528K)->14362K(14528K) Class: 1724K(1984K)->1724K(1984K)
[2026-01-16T09:43:50.873+0000][gc          ] GC(1457) Pause Young (Normal) (G1 Evacuation Pause) 456M->391M(1024M) 191.698ms
[2026-01-16T09:43:50.875+0000][gc,cpu      ] GC(1457) User=0.20s Sys=0.03s Real=0.19s
[2026-01-16T09:43:58.989+0000][gc,start    ] GC(1458) Pause Young (Normal) (G1 Evacuation Pause)
[2026-01-16T09:43:58.993+0000][gc,task     ] GC(1458) Using 8 workers of 8 for evacuation
[2026-01-16T09:43:59.140+0000][gc,phases   ] GC(1458)   Pre Evacuate Collection Set: 20.9ms
[2026-01-16T09:43:59.141+0000][gc,phases   ] GC(1458)   Merge Heap Roots: 3.8ms
[2026-01-16T09:43:59.141+0000][gc,phases   ] GC(1458)   Evacuate Collection Set: 109.4ms
[2026-01-16T09:43:59.141+0000][gc,phases   ] GC(1458)   Post Evacuate Collection Set: 12.7ms
[2026-01-16T09:43:59.143+0000][gc,phases   ] GC(1458)   Other: 0.8ms
[2026-01-16T09:43:59.143+0000][gc,heap     ] GC(1458) Eden regions: 165->0(221)
[2026-01-16T09:43:59.143+0000][gc,heap     ] GC(1458) Survivor regions: 3->3(21)
[2026-01-16T09:43:59.144+0000][gc,heap     ] GC(1458) Old regions: 222->222
[2026-01-16T09:43:59.145+0000][gc,heap     ] GC(1458) Humongous regions: 167->167
[2026-01-16T09:43:59.145+0000][gc,metaspace] GC(1458) Metaspace: 16086K(16512K)->16086K(16512K) NonClass: 14362K(14528K)->14362K(14528K) Class: 1724K(1984K)->1724K(1984K)
[2026-01-16T09:43:59.146+0000][gc          ] GC(1458) Pause Young (Normal) (G1 Evacuation Pause) 556M->391M(1024M) 156.685ms
[2026-01-16T09:43:59.148+0000][gc,cpu      ] GC(1458) User=0.19s Sys=0.04s Real=0.16s
[2026-01-16T09:44:11.224+0000][gc,start    ] GC(1459) Pause Young (Normal) (G1 Evacuation Pause)
[2026-01-16T09:44:11.226+0000][gc,task     ] GC(1459) Using 8 workers of 8 for evacuation
[2026-01-16T09:44:11.473+0000][gc,mmu      ] GC(1459) MMU target violated: 201.0ms (200.0ms/201.0ms)
[2026-01-16T09:44:11.474+0000][gc,phases   ] GC(1459)   Pre Evacuate Collection Set: 48.8ms
[2026-01-16T09:44:11.474+0000][gc,phases   ] GC(1459)   Merge Heap Roots: 4.1ms
[2026-01-16T09:44:11.474+0000][gc,phases   ] GC(1459)   Evacuate Collection Set: 158.3ms
[2026-01-16T09:44:11.475+0000][gc,phases   ] GC(1459)   Post Evacuate Collection Set: 33.2ms
[2026-01-16T09:44:11.475+0000][gc,phases   ] GC(1459)   Other: 3.2ms
[2026-01-16T09:44:11.475+0000][gc,heap     ] GC(1459) Eden regions: 220->0(112)
[2026-01-16T09:44:11.476+0000][gc,heap     ] GC(1459) Survivor regions: 3->4(28)
[2026-01-16T09:44:11.476+0000][gc,heap     ] GC(1459) Old regions: 222->222
[2026-01-16T09:44:11.476+0000][gc,heap     ] GC(1459) Humongous regions: 167->167
[2026-01-16T09:44:11.477+0000][gc,metaspace] GC(1459) Metaspace: 16086K(16512K)->16086K(16512K) NonClass: 14362K(14528K)->14362K(14528K) Class: 1724K(1984K)->1724K(1984K)
[2026-01-16T09:44:11.477+0000][gc          ] GC(1459) Pause Young (Normal) (G1 Evacuation Pause) 611M->392M(1024M) 252.642ms
[2026-01-16T09:44:11.478+0000][gc,cpu      ] GC(1459) User=0.23s Sys=0.04s Real=0.25s
