[2025-12-25T12:57:36.718+0000][gc,init] CardTable entry size: 512
[2025-12-25T12:57:36.722+0000][gc     ] Using G1
[2025-12-25T12:57:36.727+0000][gc,init] Version: 21.0.4+7-LTS (release)
[2025-12-25T12:57:36.727+0000][gc,init] CPUs: 8 total, 8 available
[2025-12-25T12:57:36.727+0000][gc,init] Memory: 13709M
[2025-12-25T12:57:36.727+0000][gc,init] Large Page Support: Disabled
[2025-12-25T12:57:36.727+0000][gc,init] NUMA Support: Disabled
[2025-12-25T12:57:36.728+0000][gc,init] Compressed Oops: Enabled (32-bit)
[2025-12-25T12:57:36.728+0000][gc,init] Heap Region Size: 1M
[2025-12-25T12:57:36.728+0000][gc,init] Heap Min Capacity: 1G
[2025-12-25T12:57:36.728+0000][gc,init] Heap Initial Capacity: 1G
[2025-12-25T12:57:36.728+0000][gc,init] Heap Max Capacity: 1G
[2025-12-25T12:57:36.728+0000][gc,init] Pre-touch: Disabled
[2025-12-25T12:57:36.728+0000][gc,init] Parallel Workers: 8
[2025-12-25T12:57:36.728+0000][gc,init] Concurrent Workers: 2
[2025-12-25T12:57:36.729+0000][gc,init] Concurrent Refinement Workers: 8
[2025-12-25T12:57:36.729+0000][gc,init] Periodic GC: Disabled
[2025-12-25T12:57:36.973+0000][gc,metaspace] CDS archive(s) mapped at: [0x000000a000000000-0x000000a000bd0000-0x000000a0036b0000), size 57344000, SharedBaseAddress: 0x000000a000000000, ArchiveRelocationMode: 1.
[2025-12-25T12:57:36.973+0000][gc,metaspace] Compressed class space mapped at: 0x000000a004000000-0x000000a044000000, reserved size: 1073741824
[2025-12-25T12:57:36.973+0000][gc,metaspace] Narrow klass base: 0x000000a000000000, Narrow klass shift: 0, Narrow klass range: 0x100000000
[2025-12-25T12:57:45.173+0000][gc,start    ] GC(0) Pause Young (Normal) (G1 Evacuation Pause)
[2025-12-25T12:57:45.200+0000][gc,task     ] GC(0) Using 8 workers of 8 for evacuation
[2025-12-25T12:57:45.588+0000][gc,mmu      ] GC(0) MMU target violated: 201.0ms (200.0ms/201.0ms)
[2025-12-25T12:57:45.603+0000][gc,phases   ] GC(0)   Pre Evacuate Collection Set: 13.4ms
[2025-12-25T12:57:45.608+0000][gc,phases   ] GC(0)   Merge Heap Roots: 5.0ms
[2025-12-25T12:57:45.608+0000][gc,phases   ] GC(0)   Evacuate Collection Set: 342.2ms
[2025-12-25T12:57:45.614+0000][gc,phases   ] GC(0)   Post Evacuate Collection Set: 26.0ms
[2025-12-25T12:57:45.616+0000][gc,phases   ] GC(0)   Other: 38.5ms
[2025-12-25T12:57:45.618+0000][gc,heap     ] GC(0) Eden regions: 51->0(44)
[2025-12-25T12:57:45.623+0000][gc,heap     ] GC(0) Survivor regions: 0->7(7)
[2025-12-25T12:57:45.631+0000][gc,heap     ] GC(0) Old regions: 1->5
[2025-12-25T12:57:45.633+0000][gc,heap     ] GC(0) Humongous regions: 2->2
[2025-12-25T12:57:45.640+0000][gc,metaspace] GC(0) Metaspace: 5871K(6208K)->5871K(6208K) NonClass: 5162K(5312K)->5162K(5312K) Class: 709K(896K)->709K(896K)
[2025-12-25T12:57:45.647+0000][gc          ] GC(0) Pause Young (Normal) (G1 Evacuation Pause) 53M->13M(1024M) 473.355ms
[2025-12-25T12:57:45.650+0000][gc,cpu      ] GC(0) User=0.10s Sys=0.14s Real=0.48s
[2025-12-25T12:57:51.021+0000][gc,start    ] GC(1) Pause Young (Normal) (G1 Evacuation Pause)
[2025-12-25T12:57:51.022+0000][gc,task     ] GC(1) Using 8 workers of 8 for evacuation
[2025-12-25T12:57:51.102+0000][gc,phases   ] GC(1)   Pre Evacuate Collection Set: 15.1ms
[2025-12-25T12:57:51.104+0000][gc,phases   ] GC(1)   Merge Heap Roots: 3.8ms
[2025-12-25T12:57:51.105+0000][gc,phases   ] GC(1)   Evacuate Collection Set: 57.3ms
[2025-12-25T12:57:51.106+0000][gc,phases   ] GC(1)   Post Evacuate Collection Set: 2.8ms
[2025-12-25T12:57:51.106+0000][gc,phases   ] GC(1)   Other: 0.6ms
[2025-12-25T12:57:51.106+0000][gc,heap     ] GC(1) Eden regions: 44->0(44)
[2025-12-25T12:57:51.107+0000][gc,heap     ] GC(1) Survivor regions: 7->7(7)
[2025-12-25T12:57:51.108+0000][gc,heap     ] GC(1) Old regions: 5->12
[2025-12-25T12:57:51.109+0000][gc,heap     ] GC(1) Humongous regions: 131->131
[2025-12-25T12:57:51.110+0000][gc,metaspace] GC(1) Metaspace: 8167K(8512K)->8167K(8512K) NonClass: 7165K(7360K)->7165K(7360K) Class: 1002K(1152K)->1002K(1152K)
[2025-12-25T12:57:51.110+0000][gc          ] GC(1) Pause Young (Normal) (G1 Evacuation Pause) 186M->149M(1024M) 88.717ms
[2025-12-25T12:57:51.112+0000][gc,cpu      ] GC(1) User=0.10s Sys=0.04s Real=0.09s
[2025-12-25T12:57:51.635+0000][gc,start    ] GC(2) Pause Young (Normal) (G1 Evacuation Pause)
[2025-12-25T12:57:51.637+0000][gc,task     ] GC(2) Using 8 workers of 8 for evacuation
[2025-12-25T12:57:51.692+0000][gc,phases   ] GC(2)   Pre Evacuate Collection Set: 2.2ms
[2025-12-25T12:57:51.693+0000][gc,phases   ] GC(2)   Merge Heap Roots: 0.4ms
[2025-12-25T12:57:51.693+0000][gc,phases   ] GC(2)   Evacuate Collection Set: 49.6ms
[2025-12-25T12:57:51.693+0000][gc,phases   ] GC(2)   Post Evacuate Collection Set: 1.0ms
[2025-12-25T12:57:51.694+0000][gc,phases   ] GC(2)   Other: 1.8ms
[2025-12-25T12:57:51.694+0000][gc,heap     ] GC(2) Eden regions: 44->0(65)
[2025-12-25T12:57:51.694+0000][gc,heap     ] GC(2) Survivor regions: 7->2(7)
[2025-12-25T12:57:51.695+0000][gc,heap     ] GC(2) Old regions: 12->20
[2025-12-25T12:57:51.695+0000][gc,heap     ] GC(2) Humongous regions: 131->131
[2025-12-25T12:57:51.695+0000][gc,metaspace] GC(2) Metaspace: 8400K(8640K)->8400K(8640K) NonClass: 7357K(7488K)->7357K(7488K) Class: 1042K(1152K)->1042K(1152K)
[2025-12-25T12:57:51.695+0000][gc          ] GC(2) Pause Young (Normal) (G1 Evacuation Pause) 193M->151M(1024M) 60.298ms
[2025-12-25T12:57:51.695+0000][gc,cpu      ] GC(2) User=0.07s Sys=0.07s Real=0.06s
[2025-12-25T12:57:52.253+0000][gc,start    ] GC(3) Pause Young (Normal) (G1 Evacuation Pause)
[2025-12-25T12:57:52.254+0000][gc,task     ] GC(3) Using 8 workers of 8 for evacuation
[2025-12-25T12:57:52.263+0000][gc,phases   ] GC(3)   Pre Evacuate Collection Set: 0.5ms
[2025-12-25T12:57:52.263+0000][gc,phases   ] GC(3)   Merge Heap Roots: 0.1ms
[2025-12-25T12:57:52.264+0000][gc,phases   ] GC(3)   Evacuate Collection Set: 7.8ms
[2025-12-25T12:57:52.264+0000][gc,phases   ] GC(3)   Post Evacuate Collection Set: 0.4ms
[2025-12-25T12:57:52.264+0000][gc,phases   ] GC(3)   Other: 0.5ms
[2025-12-25T12:57:52.264+0000][gc,heap     ] GC(3) Eden regions: 66->0(272)
[2025-12-25T12:57:52.264+0000][gc,heap     ] GC(3) Survivor regions: 2->3(9)
[2025-12-25T12:57:52.264+0000][gc,heap     ] GC(3) Old regions: 20->20
[2025-12-25T12:57:52.264+0000][gc,heap     ] GC(3) Humongous regions: 131->131
[2025-12-25T12:57:52.264+0000][gc,metaspace] GC(3) Metaspace: 8529K(8832K)->8529K(8832K) NonClass: 7467K(7616K)->7467K(7616K) Class: 1062K(1216K)->1062K(1216K)
[2025-12-25T12:57:52.266+0000][gc          ] GC(3) Pause Young (Normal) (G1 Evacuation Pause) 217M->152M(1024M) 13.092ms
[2025-12-25T12:57:52.266+0000][gc,cpu      ] GC(3) User=0.02s Sys=0.01s Real=0.02s
[2025-12-25T12:58:11.116+0000][gc,start    ] GC(4) Pause Young (Normal) (G1 Evacuation Pause)
[2025-12-25T12:58:11.117+0000][gc,task     ] GC(4) Using 8 workers of 8 for evacuation
[2025-12-25T12:58:11.175+0000][gc,phases   ] GC(4)   Pre Evacuate Collection Set: 3.6ms
[2025-12-25T12:58:11.176+0000][gc,phases   ] GC(4)   Merge Heap Roots: 0.3ms
[2025-12-25T12:58:11.176+0000][gc,phases   ] GC(4)   Evacuate Collection Set: 44.1ms
[2025-12-25T12:58:11.176+0000][gc,phases   ] GC(4)   Post Evacuate Collection Set: 4.3ms
[2025-12-25T12:58:11.177+0000][gc,phases   ] GC(4)   Other: 0.8ms
[2025-12-25T12:58:11.177+0000][gc,heap     ] GC(4) Eden regions: 274->0(337)
[2025-12-25T12:58:11.177+0000][gc,heap     ] GC(4) Survivor regions: 3->7(35)
[2025-12-25T12:58:11.177+0000][gc,heap     ] GC(4) Old regions: 20->20
[2025-12-25T12:58:11.177+0000][gc,heap     ] GC(4) Humongous regions: 131->131
[2025-12-25T12:58:11.177+0000][gc,metaspace] GC(4) Metaspace: 10930K(11200K)->10930K(11200K) NonClass: 9517K(9664K)->9517K(9664K) Class: 1413K(1536K)->1413K(1536K)
[2025-12-25T12:58:11.177+0000][gc          ] GC(4) Pause Young (Normal) (G1 Evacuation Pause) 426M->156M(1024M) 60.999ms
[2025-12-25T12:58:11.178+0000][gc,cpu      ] GC(4) User=0.09s Sys=0.04s Real=0.06s
[2025-12-25T12:58:30.891+0000][gc,start    ] GC(5) Pause Young (Normal) (G1 Evacuation Pause)
[2025-12-25T12:58:30.892+0000][gc,task     ] GC(5) Using 8 workers of 8 for evacuation
[2025-12-25T12:58:30.907+0000][gc,phases   ] GC(5)   Pre Evacuate Collection Set: 1.4ms
[2025-12-25T12:58:30.908+0000][gc,phases   ] GC(5)   Merge Heap Roots: 0.2ms
[2025-12-25T12:58:30.908+0000][gc,phases   ] GC(5)   Evacuate Collection Set: 12.8ms
[2025-12-25T12:58:30.908+0000][gc,phases   ] GC(5)   Post Evacuate Collection Set: 1.0ms
[2025-12-25T12:58:30.908+0000][gc,phases   ] GC(5)   Other: 0.2ms
[2025-12-25T12:58:30.908+0000][gc,heap     ] GC(5) Eden regions: 328->0(454)
[2025-12-25T12:58:30.908+0000][gc,heap     ] GC(5) Survivor regions: 7->7(42)
[2025-12-25T12:58:30.908+0000][gc,heap     ] GC(5) Old regions: 20->20
[2025-12-25T12:58:30.908+0000][gc,heap     ] GC(5) Humongous regions: 131->131
[2025-12-25T12:58:30.908+0000][gc,metaspace] GC(5) Metaspace: 11294K(11648K)->11294K(11648K) NonClass: 9857K(10048K)->9857K(10048K) Class: 1437K(1600K)->1437K(1600K)
[2025-12-25T12:58:30.908+0000][gc          ] GC(5) Pause Young (Normal) (G1 Evacuation Pause) 484M->156M(1024M) 16.784ms
[2025-12-25T12:58:30.908+0000][gc,cpu      ] GC(5) User=0.06s Sys=0.04s Real=0.02s
[2025-12-25T12:58:51.948+0000][gc,start    ] GC(6) Pause Young (Normal) (G1 Evacuation Pause)
[2025-12-25T12:58:51.949+0000][gc,task     ] GC(6) Using 8 workers of 8 for evacuation
[2025-12-25T12:58:52.004+0000][gc,phases   ] GC(6)   Pre Evacuate Collection Set: 3.7ms
[2025-12-25T12:58:52.004+0000][gc,phases   ] GC(6)   Merge Heap Roots: 0.7ms
[2025-12-25T12:58:52.004+0000][gc,phases   ] GC(6)   Evacuate Collection Set: 49.1ms
[2025-12-25T12:58:52.004+0000][gc,phases   ] GC(6)   Post Evacuate Collection Set: 1.0ms
[2025-12-25T12:58:52.004+0000][gc,phases   ] GC(6)   Other: 0.5ms
[2025-12-25T12:58:52.004+0000][gc,heap     ] GC(6) Eden regions: 452->0(605)
[2025-12-25T12:58:52.004+0000][gc,heap     ] GC(6) Survivor regions: 7->9(58)
[2025-12-25T12:58:52.004+0000][gc,heap     ] GC(6) Old regions: 20->20
[2025-12-25T12:58:52.004+0000][gc,heap     ] GC(6) Humongous regions: 131->131
[2025-12-25T12:58:52.004+0000][gc,metaspace] GC(6) Metaspace: 11572K(11904K)->11572K(11904K) NonClass: 10130K(10304K)->10130K(10304K) Class: 1442K(1600K)->1442K(1600K)
[2025-12-25T12:58:52.004+0000][gc          ] GC(6) Pause Young (Normal) (G1 Evacuation Pause) 608M->158M(1024M) 56.081ms
[2025-12-25T12:58:52.005+0000][gc,cpu      ] GC(6) User=0.13s Sys=0.19s Real=0.06s
[2025-12-25T12:59:30.924+0000][gc,start    ] GC(7) Pause Young (Normal) (G1 Evacuation Pause)
[2025-12-25T12:59:30.925+0000][gc,task     ] GC(7) Using 8 workers of 8 for evacuation
[2025-12-25T12:59:30.947+0000][gc,phases   ] GC(7)   Pre Evacuate Collection Set: 4.1ms
[2025-12-25T12:59:30.947+0000][gc,phases   ] GC(7)   Merge Heap Roots: 0.2ms
[2025-12-25T12:59:30.947+0000][gc,phases   ] GC(7)   Evacuate Collection Set: 15.0ms
[2025-12-25T12:59:30.947+0000][gc,phases   ] GC(7)   Post Evacuate Collection Set: 1.6ms
[2025-12-25T12:59:30.947+0000][gc,phases   ] GC(7)   Other: 0.6ms
[2025-12-25T12:59:30.947+0000][gc,heap     ] GC(7) Eden regions: 605->0(605)
[2025-12-25T12:59:30.947+0000][gc,heap     ] GC(7) Survivor regions: 9->9(77)
[2025-12-25T12:59:30.947+0000][gc,heap     ] GC(7) Old regions: 20->20
[2025-12-25T12:59:30.947+0000][gc,heap     ] GC(7) Humongous regions: 131->131
[2025-12-25T12:59:30.947+0000][gc,metaspace] GC(7) Metaspace: 11940K(12224K)->11940K(12224K) NonClass: 10495K(10624K)->10495K(10624K) Class: 1445K(1600K)->1445K(1600K)
[2025-12-25T12:59:30.947+0000][gc          ] GC(7) Pause Young (Normal) (G1 Evacuation Pause) 763M->158M(1024M) 23.367ms
[2025-12-25T12:59:30.947+0000][gc,cpu      ] GC(7) User=0.11s Sys=0.02s Real=0.02s
[2025-12-25T13:00:02.158+0000][gc,start    ] GC(8) Pause Young (Normal) (G1 Evacuation Pause)
[2025-12-25T13:00:02.159+0000][gc,task     ] GC(8) Using 8 workers of 8 for evacuation
[2025-12-25T13:00:02.229+0000][gc,phases   ] GC(8)   Pre Evacuate Collection Set: 12.1ms
[2025-12-25T13:00:02.229+0000][gc,phases   ] GC(8)   Merge Heap Roots: 1.6ms
[2025-12-25T13:00:02.230+0000][gc,phases   ] GC(8)   Evacuate Collection Set: 51.0ms
[2025-12-25T13:00:02.230+0000][gc,phases   ] GC(8)   Post Evacuate Collection Set: 4.3ms
[2025-12-25T13:00:02.230+0000][gc,phases   ] GC(8)   Other: 0.9ms
[2025-12-25T13:00:02.231+0000][gc,heap     ] GC(8) Eden regions: 605->0(603)
[2025-12-25T13:00:02.231+0000][gc,heap     ] GC(8) Survivor regions: 9->11(77)
[2025-12-25T13:00:02.231+0000][gc,heap     ] GC(8) Old regions: 20->20
[2025-12-25T13:00:02.231+0000][gc,heap     ] GC(8) Humongous regions: 131->131
[2025-12-25T13:00:02.232+0000][gc,metaspace] GC(8) Metaspace: 12227K(12544K)->12227K(12544K) NonClass: 10781K(10944K)->10781K(10944K) Class: 1445K(1600K)->1445K(1600K)
[2025-12-25T13:00:02.232+0000][gc          ] GC(8) Pause Young (Normal) (G1 Evacuation Pause) 763M->160M(1024M) 74.099ms
[2025-12-25T13:00:02.233+0000][gc,cpu      ] GC(8) User=0.18s Sys=0.00s Real=0.07s
[2025-12-25T13:11:45.148+0000][gc,start    ] GC(9) Pause Young (Normal) (G1 Evacuation Pause)
[2025-12-25T13:11:45.149+0000][gc,task     ] GC(9) Using 8 workers of 8 for evacuation
[2025-12-25T13:11:45.175+0000][gc,phases   ] GC(9)   Pre Evacuate Collection Set: 5.4ms
[2025-12-25T13:11:45.175+0000][gc,phases   ] GC(9)   Merge Heap Roots: 0.8ms
[2025-12-25T13:11:45.175+0000][gc,phases   ] GC(9)   Evacuate Collection Set: 17.8ms
[2025-12-25T13:11:45.175+0000][gc,phases   ] GC(9)   Post Evacuate Collection Set: 1.4ms
[2025-12-25T13:11:45.175+0000][gc,phases   ] GC(9)   Other: 0.5ms
[2025-12-25T13:11:45.176+0000][gc,heap     ] GC(9) Eden regions: 603->0(604)
[2025-12-25T13:11:45.176+0000][gc,heap     ] GC(9) Survivor regions: 11->10(77)
[2025-12-25T13:11:45.176+0000][gc,heap     ] GC(9) Old regions: 20->20
[2025-12-25T13:11:45.176+0000][gc,heap     ] GC(9) Humongous regions: 131->131
[2025-12-25T13:11:45.176+0000][gc,metaspace] GC(9) Metaspace: 12680K(13056K)->12680K(13056K) NonClass: 11223K(11456K)->11223K(11456K) Class: 1456K(1600K)->1456K(1600K)
[2025-12-25T13:11:45.176+0000][gc          ] GC(9) Pause Young (Normal) (G1 Evacuation Pause) 763M->160M(1024M) 27.500ms
[2025-12-25T13:11:45.176+0000][gc,cpu      ] GC(9) User=0.16s Sys=0.00s Real=0.02s
[2025-12-25T13:12:15.442+0000][gc,start    ] GC(10) Pause Young (Normal) (G1 Evacuation Pause)
[2025-12-25T13:12:15.444+0000][gc,task     ] GC(10) Using 8 workers of 8 for evacuation
[2025-12-25T13:12:15.467+0000][gc,phases   ] GC(10)   Pre Evacuate Collection Set: 3.1ms
[2025-12-25T13:12:15.467+0000][gc,phases   ] GC(10)   Merge Heap Roots: 0.9ms
[2025-12-25T13:12:15.467+0000][gc,phases   ] GC(10)   Evacuate Collection Set: 17.7ms
[2025-12-25T13:12:15.467+0000][gc,phases   ] GC(10)   Post Evacuate Collection Set: 1.5ms
[2025-12-25T13:12:15.467+0000][gc,phases   ] GC(10)   Other: 0.2ms
[2025-12-25T13:12:15.467+0000][gc,heap     ] GC(10) Eden regions: 604->0(602)
[2025-12-25T13:12:15.468+0000][gc,heap     ] GC(10) Survivor regions: 10->12(77)
[2025-12-25T13:12:15.468+0000][gc,heap     ] GC(10) Old regions: 20->20
[2025-12-25T13:12:15.468+0000][gc,heap     ] GC(10) Humongous regions: 131->131
[2025-12-25T13:12:15.468+0000][gc,metaspace] GC(10) Metaspace: 12796K(13120K)->12796K(13120K) NonClass: 11337K(11520K)->11337K(11520K) Class: 1458K(1600K)->1458K(1600K)
[2025-12-25T13:12:15.468+0000][gc          ] GC(10) Pause Young (Normal) (G1 Evacuation Pause) 764M->162M(1024M) 25.402ms
[2025-12-25T13:12:15.468+0000][gc,cpu      ] GC(10) User=0.16s Sys=0.00s Real=0.03s
[2025-12-25T13:12:55.175+0000][gc,start    ] GC(11) Pause Young (Normal) (G1 Evacuation Pause)
[2025-12-25T13:12:55.176+0000][gc,task     ] GC(11) Using 8 workers of 8 for evacuation
[2025-12-25T13:12:55.196+0000][gc,phases   ] GC(11)   Pre Evacuate Collection Set: 1.2ms
[2025-12-25T13:12:55.196+0000][gc,phases   ] GC(11)   Merge Heap Roots: 0.2ms
[2025-12-25T13:12:55.196+0000][gc,phases   ] GC(11)   Evacuate Collection Set: 17.0ms
[2025-12-25T13:12:55.196+0000][gc,phases   ] GC(11)   Post Evacuate Collection Set: 1.4ms
[2025-12-25T13:12:55.196+0000][gc,phases   ] GC(11)   Other: 0.2ms
[2025-12-25T13:12:55.196+0000][gc,heap     ] GC(11) Eden regions: 602->0(602)
[2025-12-25T13:12:55.196+0000][gc,heap     ] GC(11) Survivor regions: 12->12(77)
[2025-12-25T13:12:55.196+0000][gc,heap     ] GC(11) Old regions: 20->20
[2025-12-25T13:12:55.196+0000][gc,heap     ] GC(11) Humongous regions: 131->131
[2025-12-25T13:12:55.196+0000][gc,metaspace] GC(11) Metaspace: 12878K(13184K)->12878K(13184K) NonClass: 11417K(11584K)->11417K(11584K) Class: 1460K(1600K)->1460K(1600K)
[2025-12-25T13:12:55.196+0000][gc          ] GC(11) Pause Young (Normal) (G1 Evacuation Pause) 764M->161M(1024M) 21.313ms
[2025-12-25T13:12:55.197+0000][gc,cpu      ] GC(11) User=0.15s Sys=0.00s Real=0.02s
[2025-12-25T13:13:33.912+0000][gc,start    ] GC(12) Pause Young (Normal) (G1 Evacuation Pause)
[2025-12-25T13:13:33.914+0000][gc,task     ] GC(12) Using 8 workers of 8 for evacuation
[2025-12-25T13:13:33.959+0000][gc,phases   ] GC(12)   Pre Evacuate Collection Set: 3.9ms
[2025-12-25T13:13:33.960+0000][gc,phases   ] GC(12)   Merge Heap Roots: 0.5ms
[2025-12-25T13:13:33.960+0000][gc,phases   ] GC(12)   Evacuate Collection Set: 35.9ms
[2025-12-25T13:13:33.960+0000][gc,phases   ] GC(12)   Post Evacuate Collection Set: 5.0ms
[2025-12-25T13:13:33.960+0000][gc,phases   ] GC(12)   Other: 0.6ms
[2025-12-25T13:13:33.960+0000][gc,heap     ] GC(12) Eden regions: 602->0(606)
[2025-12-25T13:13:33.960+0000][gc,heap     ] GC(12) Survivor regions: 12->8(77)
[2025-12-25T13:13:33.960+0000][gc,heap     ] GC(12) Old regions: 20->20
[2025-12-25T13:13:33.960+0000][gc,heap     ] GC(12) Humongous regions: 131->131
[2025-12-25T13:13:33.960+0000][gc,metaspace] GC(12) Metaspace: 12928K(13248K)->12928K(13248K) NonClass: 11465K(11648K)->11465K(11648K) Class: 1462K(1600K)->1462K(1600K)
[2025-12-25T13:13:33.961+0000][gc          ] GC(12) Pause Young (Normal) (G1 Evacuation Pause) 763M->157M(1024M) 49.122ms
[2025-12-25T13:13:33.961+0000][gc,cpu      ] GC(12) User=0.26s Sys=0.01s Real=0.05s
[2025-12-25T13:18:15.510+0000][gc,start    ] GC(13) Pause Young (Normal) (G1 Evacuation Pause)
[2025-12-25T13:18:15.512+0000][gc,task     ] GC(13) Using 8 workers of 8 for evacuation
[2025-12-25T13:18:15.530+0000][gc,phases   ] GC(13)   Pre Evacuate Collection Set: 2.7ms
[2025-12-25T13:18:15.530+0000][gc,phases   ] GC(13)   Merge Heap Roots: 0.3ms
[2025-12-25T13:18:15.530+0000][gc,phases   ] GC(13)   Evacuate Collection Set: 13.1ms
[2025-12-25T13:18:15.530+0000][gc,phases   ] GC(13)   Post Evacuate Collection Set: 1.8ms
[2025-12-25T13:18:15.530+0000][gc,phases   ] GC(13)   Other: 0.5ms
[2025-12-25T13:18:15.530+0000][gc,heap     ] GC(13) Eden regions: 606->0(605)
[2025-12-25T13:18:15.530+0000][gc,heap     ] GC(13) Survivor regions: 8->9(77)
[2025-12-25T13:18:15.530+0000][gc,heap     ] GC(13) Old regions: 20->20
[2025-12-25T13:18:15.531+0000][gc,heap     ] GC(13) Humongous regions: 131->131
[2025-12-25T13:18:15.531+0000][gc,metaspace] GC(13) Metaspace: 12972K(13312K)->12972K(13312K) NonClass: 11507K(11712K)->11507K(11712K) Class: 1464K(1600K)->1464K(1600K)
[2025-12-25T13:18:15.531+0000][gc          ] GC(13) Pause Young (Normal) (G1 Evacuation Pause) 763M->159M(1024M) 21.331ms
[2025-12-25T13:18:15.531+0000][gc,cpu      ] GC(13) User=0.10s Sys=0.00s Real=0.02s
[2025-12-25T13:18:55.179+0000][gc,start    ] GC(14) Pause Young (Normal) (G1 Evacuation Pause)
[2025-12-25T13:18:55.180+0000][gc,task     ] GC(14) Using 8 workers of 8 for evacuation
[2025-12-25T13:18:55.200+0000][gc,phases   ] GC(14)   Pre Evacuate Collection Set: 1.3ms
[2025-12-25T13:18:55.200+0000][gc,phases   ] GC(14)   Merge Heap Roots: 0.2ms
[2025-12-25T13:18:55.200+0000][gc,phases   ] GC(14)   Evacuate Collection Set: 16.5ms
[2025-12-25T13:18:55.200+0000][gc,phases   ] GC(14)   Post Evacuate Collection Set: 1.7ms
[2025-12-25T13:18:55.200+0000][gc,phases   ] GC(14)   Other: 0.3ms
[2025-12-25T13:18:55.200+0000][gc,heap     ] GC(14) Eden regions: 605->0(605)
[2025-12-25T13:18:55.200+0000][gc,heap     ] GC(14) Survivor regions: 9->9(77)
[2025-12-25T13:18:55.200+0000][gc,heap     ] GC(14) Old regions: 20->20
[2025-12-25T13:18:55.200+0000][gc,heap     ] GC(14) Humongous regions: 131->131
[2025-12-25T13:18:55.200+0000][gc,metaspace] GC(14) Metaspace: 12999K(13312K)->12999K(13312K) NonClass: 11535K(11712K)->11535K(11712K) Class: 1464K(1600K)->1464K(1600K)
[2025-12-25T13:18:55.201+0000][gc          ] GC(14) Pause Young (Normal) (G1 Evacuation Pause) 764M->158M(1024M) 21.246ms
[2025-12-25T13:18:55.201+0000][gc,cpu      ] GC(14) User=0.12s Sys=0.00s Real=0.02s
[2025-12-25T13:19:25.503+0000][gc,start    ] GC(15) Pause Young (Normal) (G1 Evacuation Pause)
[2025-12-25T13:19:25.504+0000][gc,task     ] GC(15) Using 8 workers of 8 for evacuation
[2025-12-25T13:19:25.520+0000][gc,phases   ] GC(15)   Pre Evacuate Collection Set: 1.4ms
[2025-12-25T13:19:25.520+0000][gc,phases   ] GC(15)   Merge Heap Roots: 0.2ms
[2025-12-25T13:19:25.520+0000][gc,phases   ] GC(15)   Evacuate Collection Set: 12.6ms
[2025-12-25T13:19:25.520+0000][gc,phases   ] GC(15)   Post Evacuate Collection Set: 1.7ms
[2025-12-25T13:19:25.520+0000][gc,phases   ] GC(15)   Other: 0.3ms
[2025-12-25T13:19:25.520+0000][gc,heap     ] GC(15) Eden regions: 605->0(603)
[2025-12-25T13:19:25.520+0000][gc,heap     ] GC(15) Survivor regions: 9->11(77)
[2025-12-25T13:19:25.520+0000][gc,heap     ] GC(15) Old regions: 20->20
[2025-12-25T13:19:25.520+0000][gc,heap     ] GC(15) Humongous regions: 131->131
[2025-12-25T13:19:25.521+0000][gc,metaspace] GC(15) Metaspace: 13022K(13312K)->13022K(13312K) NonClass: 11557K(11712K)->11557K(11712K) Class: 1464K(1600K)->1464K(1600K)
[2025-12-25T13:19:25.521+0000][gc          ] GC(15) Pause Young (Normal) (G1 Evacuation Pause) 763M->160M(1024M) 17.410ms
[2025-12-25T13:19:25.521+0000][gc,cpu      ] GC(15) User=0.10s Sys=0.00s Real=0.01s
[2025-12-25T13:20:05.194+0000][gc,start    ] GC(16) Pause Young (Normal) (G1 Evacuation Pause)
[2025-12-25T13:20:05.195+0000][gc,task     ] GC(16) Using 8 workers of 8 for evacuation
[2025-12-25T13:20:05.220+0000][gc,phases   ] GC(16)   Pre Evacuate Collection Set: 1.5ms
[2025-12-25T13:20:05.220+0000][gc,phases   ] GC(16)   Merge Heap Roots: 0.2ms
[2025-12-25T13:20:05.220+0000][gc,phases   ] GC(16)   Evacuate Collection Set: 21.8ms
[2025-12-25T13:20:05.220+0000][gc,phases   ] GC(16)   Post Evacuate Collection Set: 1.5ms
[2025-12-25T13:20:05.220+0000][gc,phases   ] GC(16)   Other: 0.3ms
[2025-12-25T13:20:05.220+0000][gc,heap     ] GC(16) Eden regions: 603->0(603)
[2025-12-25T13:20:05.220+0000][gc,heap     ] GC(16) Survivor regions: 11->11(77)
[2025-12-25T13:20:05.220+0000][gc,heap     ] GC(16) Old regions: 20->20
[2025-12-25T13:20:05.220+0000][gc,heap     ] GC(16) Humongous regions: 131->131
[2025-12-25T13:20:05.220+0000][gc,metaspace] GC(16) Metaspace: 13050K(13376K)->13050K(13376K) NonClass: 11583K(11712K)->11583K(11712K) Class: 1466K(1664K)->1466K(1664K)
[2025-12-25T13:20:05.221+0000][gc          ] GC(16) Pause Young (Normal) (G1 Evacuation Pause) 763M->160M(1024M) 26.483ms
[2025-12-25T13:20:05.221+0000][gc,cpu      ] GC(16) User=0.16s Sys=0.00s Real=0.03s
[2025-12-25T13:20:35.640+0000][gc,start    ] GC(17) Pause Young (Normal) (G1 Evacuation Pause)
[2025-12-25T13:20:35.640+0000][gc,task     ] GC(17) Using 8 workers of 8 for evacuation
[2025-12-25T13:20:35.664+0000][gc,phases   ] GC(17)   Pre Evacuate Collection Set: 1.2ms
[2025-12-25T13:20:35.664+0000][gc,phases   ] GC(17)   Merge Heap Roots: 0.2ms
[2025-12-25T13:20:35.664+0000][gc,phases   ] GC(17)   Evacuate Collection Set: 20.4ms
[2025-12-25T13:20:35.664+0000][gc,phases   ] GC(17)   Post Evacuate Collection Set: 1.5ms
[2025-12-25T13:20:35.664+0000][gc,phases   ] GC(17)   Other: 0.2ms
[2025-12-25T13:20:35.664+0000][gc,heap     ] GC(17) Eden regions: 603->0(603)
[2025-12-25T13:20:35.664+0000][gc,heap     ] GC(17) Survivor regions: 11->11(77)
[2025-12-25T13:20:35.664+0000][gc,heap     ] GC(17) Old regions: 20->20
[2025-12-25T13:20:35.664+0000][gc,heap     ] GC(17) Humongous regions: 131->131
[2025-12-25T13:20:35.664+0000][gc,metaspace] GC(17) Metaspace: 13098K(13504K)->13098K(13504K) NonClass: 11632K(11840K)->11632K(11840K) Class: 1466K(1664K)->1466K(1664K)
[2025-12-25T13:20:35.665+0000][gc          ] GC(17) Pause Young (Normal) (G1 Evacuation Pause) 763M->161M(1024M) 24.685ms
[2025-12-25T13:20:35.665+0000][gc,cpu      ] GC(17) User=0.17s Sys=0.00s Real=0.02s
[2025-12-25T13:21:15.290+0000][gc,start    ] GC(18) Pause Young (Normal) (G1 Evacuation Pause)
[2025-12-25T13:21:15.291+0000][gc,task     ] GC(18) Using 8 workers of 8 for evacuation
[2025-12-25T13:21:15.327+0000][gc,phases   ] GC(18)   Pre Evacuate Collection Set: 1.5ms
[2025-12-25T13:21:15.327+0000][gc,phases   ] GC(18)   Merge Heap Roots: 0.2ms
[2025-12-25T13:21:15.327+0000][gc,phases   ] GC(18)   Evacuate Collection Set: 28.1ms
[2025-12-25T13:21:15.327+0000][gc,phases   ] GC(18)   Post Evacuate Collection Set: 6.0ms
[2025-12-25T13:21:15.327+0000][gc,phases   ] GC(18)   Other: 0.4ms
[2025-12-25T13:21:15.327+0000][gc,heap     ] GC(18) Eden regions: 603->0(604)
[2025-12-25T13:21:15.327+0000][gc,heap     ] GC(18) Survivor regions: 11->10(77)
[2025-12-25T13:21:15.327+0000][gc,heap     ] GC(18) Old regions: 20->22
[2025-12-25T13:21:15.327+0000][gc,heap     ] GC(18) Humongous regions: 131->131
[2025-12-25T13:21:15.327+0000][gc,metaspace] GC(18) Metaspace: 13116K(13504K)->13116K(13504K) NonClass: 11649K(11840K)->11649K(11840K) Class: 1466K(1664K)->1466K(1664K)
[2025-12-25T13:21:15.328+0000][gc          ] GC(18) Pause Young (Normal) (G1 Evacuation Pause) 764M->161M(1024M) 37.488ms
[2025-12-25T13:21:15.328+0000][gc,cpu      ] GC(18) User=0.19s Sys=0.03s Real=0.04s
[2025-12-25T13:21:45.729+0000][gc,start    ] GC(19) Pause Young (Normal) (G1 Evacuation Pause)
[2025-12-25T13:21:45.729+0000][gc,task     ] GC(19) Using 8 workers of 8 for evacuation
[2025-12-25T13:21:45.754+0000][gc,phases   ] GC(19)   Pre Evacuate Collection Set: 3.9ms
[2025-12-25T13:21:45.755+0000][gc,phases   ] GC(19)   Merge Heap Roots: 0.4ms
[2025-12-25T13:21:45.755+0000][gc,phases   ] GC(19)   Evacuate Collection Set: 18.9ms
[2025-12-25T13:21:45.755+0000][gc,phases   ] GC(19)   Post Evacuate Collection Set: 1.7ms
[2025-12-25T13:21:45.755+0000][gc,phases   ] GC(19)   Other: 0.4ms
[2025-12-25T13:21:45.755+0000][gc,heap     ] GC(19) Eden regions: 604->0(609)
[2025-12-25T13:21:45.755+0000][gc,heap     ] GC(19) Survivor regions: 10->5(77)
[2025-12-25T13:21:45.755+0000][gc,heap     ] GC(19) Old regions: 22->25
[2025-12-25T13:21:45.755+0000][gc,heap     ] GC(19) Humongous regions: 131->131
[2025-12-25T13:21:45.755+0000][gc,metaspace] GC(19) Metaspace: 13152K(13504K)->13152K(13504K) NonClass: 11686K(11840K)->11686K(11840K) Class: 1466K(1664K)->1466K(1664K)
[2025-12-25T13:21:45.755+0000][gc          ] GC(19) Pause Young (Normal) (G1 Evacuation Pause) 765M->159M(1024M) 26.542ms
[2025-12-25T13:21:45.755+0000][gc,cpu      ] GC(19) User=0.13s Sys=0.02s Real=0.03s
[2025-12-25T13:22:25.285+0000][gc,start    ] GC(20) Pause Young (Normal) (G1 Evacuation Pause)
[2025-12-25T13:22:25.286+0000][gc,task     ] GC(20) Using 8 workers of 8 for evacuation
[2025-12-25T13:22:25.297+0000][gc,phases   ] GC(20)   Pre Evacuate Collection Set: 2.2ms
[2025-12-25T13:22:25.297+0000][gc,phases   ] GC(20)   Merge Heap Roots: 0.3ms
[2025-12-25T13:22:25.297+0000][gc,phases   ] GC(20)   Evacuate Collection Set: 6.3ms
[2025-12-25T13:22:25.297+0000][gc,phases   ] GC(20)   Post Evacuate Collection Set: 1.5ms
[2025-12-25T13:22:25.297+0000][gc,phases   ] GC(20)   Other: 0.4ms
[2025-12-25T13:22:25.297+0000][gc,heap     ] GC(20) Eden regions: 609->0(610)
[2025-12-25T13:22:25.297+0000][gc,heap     ] GC(20) Survivor regions: 5->4(77)
[2025-12-25T13:22:25.297+0000][gc,heap     ] GC(20) Old regions: 25->25
[2025-12-25T13:22:25.297+0000][gc,heap     ] GC(20) Humongous regions: 131->131
[2025-12-25T13:22:25.297+0000][gc,metaspace] GC(20) Metaspace: 13161K(13504K)->13161K(13504K) NonClass: 11694K(11840K)->11694K(11840K) Class: 1466K(1664K)->1466K(1664K)
[2025-12-25T13:22:25.297+0000][gc          ] GC(20) Pause Young (Normal) (G1 Evacuation Pause) 768M->159M(1024M) 12.016ms
[2025-12-25T13:22:25.297+0000][gc,cpu      ] GC(20) User=0.05s Sys=0.00s Real=0.01s
[2025-12-25T13:22:55.731+0000][gc,start    ] GC(21) Pause Young (Normal) (G1 Evacuation Pause)
[2025-12-25T13:22:55.737+0000][gc,task     ] GC(21) Using 8 workers of 8 for evacuation
[2025-12-25T13:22:55.764+0000][gc,phases   ] GC(21)   Pre Evacuate Collection Set: 5.5ms
[2025-12-25T13:22:55.764+0000][gc,phases   ] GC(21)   Merge Heap Roots: 0.4ms
[2025-12-25T13:22:55.764+0000][gc,phases   ] GC(21)   Evacuate Collection Set: 15.1ms
[2025-12-25T13:22:55.764+0000][gc,phases   ] GC(21)   Post Evacuate Collection Set: 4.6ms
[2025-12-25T13:22:55.764+0000][gc,phases   ] GC(21)   Other: 4.1ms
[2025-12-25T13:22:55.764+0000][gc,heap     ] GC(21) Eden regions: 610->0(608)
[2025-12-25T13:22:55.764+0000][gc,heap     ] GC(21) Survivor regions: 4->6(77)
[2025-12-25T13:22:55.764+0000][gc,heap     ] GC(21) Old regions: 25->25
[2025-12-25T13:22:55.764+0000][gc,heap     ] GC(21) Humongous regions: 131->131
[2025-12-25T13:22:55.765+0000][gc,metaspace] GC(21) Metaspace: 13173K(13568K)->13173K(13568K) NonClass: 11706K(11904K)->11706K(11904K) Class: 1466K(1664K)->1466K(1664K)
[2025-12-25T13:22:55.765+0000][gc          ] GC(21) Pause Young (Normal) (G1 Evacuation Pause) 769M->161M(1024M) 33.314ms
[2025-12-25T13:22:55.765+0000][gc,cpu      ] GC(21) User=0.15s Sys=0.01s Real=0.03s
[2025-12-25T13:27:32.012+0000][gc,start    ] GC(22) Pause Young (Normal) (G1 Evacuation Pause)
[2025-12-25T13:27:32.013+0000][gc,task     ] GC(22) Using 8 workers of 8 for evacuation
[2025-12-25T13:27:32.035+0000][gc,phases   ] GC(22)   Pre Evacuate Collection Set: 5.9ms
[2025-12-25T13:27:32.035+0000][gc,phases   ] GC(22)   Merge Heap Roots: 0.3ms
[2025-12-25T13:27:32.035+0000][gc,phases   ] GC(22)   Evacuate Collection Set: 13.9ms
[2025-12-25T13:27:32.035+0000][gc,phases   ] GC(22)   Post Evacuate Collection Set: 1.4ms
[2025-12-25T13:27:32.035+0000][gc,phases   ] GC(22)   Other: 0.2ms
[2025-12-25T13:27:32.035+0000][gc,heap     ] GC(22) Eden regions: 608->0(609)
[2025-12-25T13:27:32.035+0000][gc,heap     ] GC(22) Survivor regions: 6->5(77)
[2025-12-25T13:27:32.035+0000][gc,heap     ] GC(22) Old regions: 25->25
[2025-12-25T13:27:32.035+0000][gc,heap     ] GC(22) Humongous regions: 131->131
[2025-12-25T13:27:32.035+0000][gc,metaspace] GC(22) Metaspace: 13241K(13632K)->13241K(13632K) NonClass: 11768K(11968K)->11768K(11968K) Class: 1472K(1664K)->1472K(1664K)
[2025-12-25T13:27:32.035+0000][gc          ] GC(22) Pause Young (Normal) (G1 Evacuation Pause) 769M->160M(1024M) 23.141ms
[2025-12-25T13:27:32.035+0000][gc,cpu      ] GC(22) User=0.12s Sys=0.00s Real=0.03s
[2025-12-25T13:28:05.215+0000][gc,start    ] GC(23) Pause Young (Normal) (G1 Evacuation Pause)
[2025-12-25T13:28:05.217+0000][gc,task     ] GC(23) Using 8 workers of 8 for evacuation
[2025-12-25T13:28:05.236+0000][gc,phases   ] GC(23)   Pre Evacuate Collection Set: 7.3ms
[2025-12-25T13:28:05.236+0000][gc,phases   ] GC(23)   Merge Heap Roots: 0.2ms
[2025-12-25T13:28:05.236+0000][gc,phases   ] GC(23)   Evacuate Collection Set: 8.2ms
[2025-12-25T13:28:05.236+0000][gc,phases   ] GC(23)   Post Evacuate Collection Set: 2.3ms
[2025-12-25T13:28:05.236+0000][gc,phases   ] GC(23)   Other: 0.7ms
[2025-12-25T13:28:05.236+0000][gc,heap     ] GC(23) Eden regions: 609->0(609)
[2025-12-25T13:28:05.236+0000][gc,heap     ] GC(23) Survivor regions: 5->5(77)
[2025-12-25T13:28:05.236+0000][gc,heap     ] GC(23) Old regions: 25->25
[2025-12-25T13:28:05.236+0000][gc,heap     ] GC(23) Humongous regions: 131->131
[2025-12-25T13:28:05.236+0000][gc,metaspace] GC(23) Metaspace: 13251K(13632K)->13251K(13632K) NonClass: 11778K(11968K)->11778K(11968K) Class: 1472K(1664K)->1472K(1664K)
[2025-12-25T13:28:05.236+0000][gc          ] GC(23) Pause Young (Normal) (G1 Evacuation Pause) 769M->160M(1024M) 21.422ms
[2025-12-25T13:28:05.236+0000][gc,cpu      ] GC(23) User=0.07s Sys=0.00s Real=0.02s
[2025-12-25T13:28:42.070+0000][gc,start    ] GC(24) Pause Young (Normal) (G1 Evacuation Pause)
[2025-12-25T13:28:42.072+0000][gc,task     ] GC(24) Using 8 workers of 8 for evacuation
[2025-12-25T13:28:42.086+0000][gc,phases   ] GC(24)   Pre Evacuate Collection Set: 3.9ms
[2025-12-25T13:28:42.087+0000][gc,phases   ] GC(24)   Merge Heap Roots: 0.3ms
[2025-12-25T13:28:42.087+0000][gc,phases   ] GC(24)   Evacuate Collection Set: 8.2ms
[2025-12-25T13:28:42.087+0000][gc,phases   ] GC(24)   Post Evacuate Collection Set: 1.5ms
[2025-12-25T13:28:42.087+0000][gc,phases   ] GC(24)   Other: 0.7ms
[2025-12-25T13:28:42.087+0000][gc,heap     ] GC(24) Eden regions: 609->0(607)
[2025-12-25T13:28:42.087+0000][gc,heap     ] GC(24) Survivor regions: 5->7(77)
[2025-12-25T13:28:42.087+0000][gc,heap     ] GC(24) Old regions: 25->25
[2025-12-25T13:28:42.087+0000][gc,heap     ] GC(24) Humongous regions: 131->131
[2025-12-25T13:28:42.087+0000][gc,metaspace] GC(24) Metaspace: 13284K(13632K)->13284K(13632K) NonClass: 11812K(11968K)->11812K(11968K) Class: 1472K(1664K)->1472K(1664K)
[2025-12-25T13:28:42.091+0000][gc          ] GC(24) Pause Young (Normal) (G1 Evacuation Pause) 769M->162M(1024M) 20.993ms
[2025-12-25T13:28:42.092+0000][gc,cpu      ] GC(24) User=0.09s Sys=0.00s Real=0.02s
[2025-12-25T13:29:21.800+0000][gc,start    ] GC(25) Pause Young (Normal) (G1 Evacuation Pause)
[2025-12-25T13:29:21.801+0000][gc,task     ] GC(25) Using 8 workers of 8 for evacuation
[2025-12-25T13:29:21.820+0000][gc,phases   ] GC(25)   Pre Evacuate Collection Set: 4.5ms
[2025-12-25T13:29:21.821+0000][gc,phases   ] GC(25)   Merge Heap Roots: 0.2ms
[2025-12-25T13:29:21.821+0000][gc,phases   ] GC(25)   Evacuate Collection Set: 11.1ms
[2025-12-25T13:29:21.821+0000][gc,phases   ] GC(25)   Post Evacuate Collection Set: 2.8ms
[2025-12-25T13:29:21.821+0000][gc,phases   ] GC(25)   Other: 0.7ms
[2025-12-25T13:29:21.821+0000][gc,heap     ] GC(25) Eden regions: 607->0(608)
[2025-12-25T13:29:21.822+0000][gc,heap     ] GC(25) Survivor regions: 7->6(77)
[2025-12-25T13:29:21.822+0000][gc,heap     ] GC(25) Old regions: 25->25
[2025-12-25T13:29:21.822+0000][gc,heap     ] GC(25) Humongous regions: 131->131
[2025-12-25T13:29:21.822+0000][gc,metaspace] GC(25) Metaspace: 13372K(13760K)->13372K(13760K) NonClass: 11888K(12096K)->11888K(12096K) Class: 1484K(1664K)->1484K(1664K)
[2025-12-25T13:29:21.823+0000][gc          ] GC(25) Pause Young (Normal) (G1 Evacuation Pause) 769M->161M(1024M) 22.612ms
[2025-12-25T13:29:21.823+0000][gc,cpu      ] GC(25) User=0.07s Sys=0.00s Real=0.02s
[2025-12-25T13:29:52.137+0000][gc,start    ] GC(26) Pause Young (Normal) (G1 Evacuation Pause)
[2025-12-25T13:29:52.138+0000][gc,task     ] GC(26) Using 8 workers of 8 for evacuation
[2025-12-25T13:29:52.159+0000][gc,phases   ] GC(26)   Pre Evacuate Collection Set: 1.3ms
[2025-12-25T13:29:52.160+0000][gc,phases   ] GC(26)   Merge Heap Roots: 0.2ms
[2025-12-25T13:29:52.160+0000][gc,phases   ] GC(26)   Evacuate Collection Set: 18.0ms
[2025-12-25T13:29:52.160+0000][gc,phases   ] GC(26)   Post Evacuate Collection Set: 1.3ms
[2025-12-25T13:29:52.160+0000][gc,phases   ] GC(26)   Other: 0.2ms
[2025-12-25T13:29:52.160+0000][gc,heap     ] GC(26) Eden regions: 608->0(606)
[2025-12-25T13:29:52.160+0000][gc,heap     ] GC(26) Survivor regions: 6->8(77)
[2025-12-25T13:29:52.160+0000][gc,heap     ] GC(26) Old regions: 25->25
[2025-12-25T13:29:52.160+0000][gc,heap     ] GC(26) Humongous regions: 131->131
[2025-12-25T13:29:52.160+0000][gc,metaspace] GC(26) Metaspace: 13385K(13760K)->13385K(13760K) NonClass: 11901K(12096K)->11901K(12096K) Class: 1484K(1664K)->1484K(1664K)
[2025-12-25T13:29:52.160+0000][gc          ] GC(26) Pause Young (Normal) (G1 Evacuation Pause) 769M->163M(1024M) 22.997ms
[2025-12-25T13:29:52.160+0000][gc,cpu      ] GC(26) User=0.13s Sys=0.00s Real=0.02s
[2025-12-25T13:30:31.914+0000][gc,start    ] GC(27) Pause Young (Normal) (G1 Evacuation Pause)
[2025-12-25T13:30:31.915+0000][gc,task     ] GC(27) Using 8 workers of 8 for evacuation
[2025-12-25T13:30:31.928+0000][gc,phases   ] GC(27)   Pre Evacuate Collection Set: 2.2ms
[2025-12-25T13:30:31.928+0000][gc,phases   ] GC(27)   Merge Heap Roots: 0.3ms
[2025-12-25T13:30:31.929+0000][gc,phases   ] GC(27)   Evacuate Collection Set: 7.1ms
[2025-12-25T13:30:31.929+0000][gc,phases   ] GC(27)   Post Evacuate Collection Set: 2.1ms
[2025-12-25T13:30:31.929+0000][gc,phases   ] GC(27)   Other: 1.8ms
[2025-12-25T13:30:31.929+0000][gc,heap     ] GC(27) Eden regions: 606->0(610)
[2025-12-25T13:30:31.929+0000][gc,heap     ] GC(27) Survivor regions: 8->4(77)
[2025-12-25T13:30:31.929+0000][gc,heap     ] GC(27) Old regions: 25->25
[2025-12-25T13:30:31.929+0000][gc,heap     ] GC(27) Humongous regions: 131->131
[2025-12-25T13:30:31.929+0000][gc,metaspace] GC(27) Metaspace: 13404K(13760K)->13404K(13760K) NonClass: 11918K(12096K)->11918K(12096K) Class: 1485K(1664K)->1485K(1664K)
[2025-12-25T13:30:31.930+0000][gc          ] GC(27) Pause Young (Normal) (G1 Evacuation Pause) 769M->159M(1024M) 15.529ms
[2025-12-25T13:30:31.930+0000][gc,cpu      ] GC(27) User=0.06s Sys=0.00s Real=0.02s
[2025-12-25T13:31:03.342+0000][gc,start    ] GC(28) Pause Young (Normal) (G1 Evacuation Pause)
[2025-12-25T13:31:03.345+0000][gc,task     ] GC(28) Using 8 workers of 8 for evacuation
[2025-12-25T13:31:03.400+0000][gc,phases   ] GC(28)   Pre Evacuate Collection Set: 16.9ms
[2025-12-25T13:31:03.401+0000][gc,phases   ] GC(28)   Merge Heap Roots: 0.8ms
[2025-12-25T13:31:03.401+0000][gc,phases   ] GC(28)   Evacuate Collection Set: 34.1ms
[2025-12-25T13:31:03.401+0000][gc,phases   ] GC(28)   Post Evacuate Collection Set: 2.7ms
[2025-12-25T13:31:03.401+0000][gc,phases   ] GC(28)   Other: 2.1ms
[2025-12-25T13:31:03.401+0000][gc,heap     ] GC(28) Eden regions: 610->0(609)
[2025-12-25T13:31:03.401+0000][gc,heap     ] GC(28) Survivor regions: 4->5(77)
[2025-12-25T13:31:03.401+0000][gc,heap     ] GC(28) Old regions: 25->25
[2025-12-25T13:31:03.401+0000][gc,heap     ] GC(28) Humongous regions: 131->131
[2025-12-25T13:31:03.401+0000][gc,metaspace] GC(28) Metaspace: 13704K(14080K)->13704K(14080K) NonClass: 12163K(12352K)->12163K(12352K) Class: 1541K(1728K)->1541K(1728K)
[2025-12-25T13:31:03.402+0000][gc          ] GC(28) Pause Young (Normal) (G1 Evacuation Pause) 769M->160M(1024M) 59.654ms
[2025-12-25T13:31:03.402+0000][gc,cpu      ] GC(28) User=0.25s Sys=0.02s Real=0.06s
[2025-12-25T13:31:41.995+0000][gc,start    ] GC(29) Pause Young (Normal) (G1 Evacuation Pause)
[2025-12-25T13:31:41.997+0000][gc,task     ] GC(29) Using 8 workers of 8 for evacuation
[2025-12-25T13:31:42.018+0000][gc,phases   ] GC(29)   Pre Evacuate Collection Set: 3.8ms
[2025-12-25T13:31:42.019+0000][gc,phases   ] GC(29)   Merge Heap Roots: 0.4ms
[2025-12-25T13:31:42.019+0000][gc,phases   ] GC(29)   Evacuate Collection Set: 14.4ms
[2025-12-25T13:31:42.019+0000][gc,phases   ] GC(29)   Post Evacuate Collection Set: 2.1ms
[2025-12-25T13:31:42.019+0000][gc,phases   ] GC(29)   Other: 0.7ms
[2025-12-25T13:31:42.019+0000][gc,heap     ] GC(29) Eden regions: 609->0(609)
[2025-12-25T13:31:42.019+0000][gc,heap     ] GC(29) Survivor regions: 5->5(77)
[2025-12-25T13:31:42.019+0000][gc,heap     ] GC(29) Old regions: 25->25
[2025-12-25T13:31:42.019+0000][gc,heap     ] GC(29) Humongous regions: 131->131
[2025-12-25T13:31:42.019+0000][gc,metaspace] GC(29) Metaspace: 13716K(14080K)->13716K(14080K) NonClass: 12175K(12352K)->12175K(12352K) Class: 1541K(1728K)->1541K(1728K)
[2025-12-25T13:31:42.019+0000][gc          ] GC(29) Pause Young (Normal) (G1 Evacuation Pause) 769M->160M(1024M) 24.037ms
[2025-12-25T13:31:42.019+0000][gc,cpu      ] GC(29) User=0.12s Sys=0.00s Real=0.02s
[2025-12-25T13:32:12.320+0000][gc,start    ] GC(30) Pause Young (Normal) (G1 Evacuation Pause)
[2025-12-25T13:32:12.321+0000][gc,task     ] GC(30) Using 8 workers of 8 for evacuation
[2025-12-25T13:32:12.333+0000][gc,phases   ] GC(30)   Pre Evacuate Collection Set: 1.4ms
[2025-12-25T13:32:12.333+0000][gc,phases   ] GC(30)   Merge Heap Roots: 0.3ms
[2025-12-25T13:32:12.333+0000][gc,phases   ] GC(30)   Evacuate Collection Set: 6.5ms
[2025-12-25T13:32:12.333+0000][gc,phases   ] GC(30)   Post Evacuate Collection Set: 3.4ms
[2025-12-25T13:32:12.333+0000][gc,phases   ] GC(30)   Other: 0.2ms
[2025-12-25T13:32:12.334+0000][gc,heap     ] GC(30) Eden regions: 609->0(607)
[2025-12-25T13:32:12.334+0000][gc,heap     ] GC(30) Survivor regions: 5->7(77)
[2025-12-25T13:32:12.334+0000][gc,heap     ] GC(30) Old regions: 25->25
[2025-12-25T13:32:12.334+0000][gc,heap     ] GC(30) Humongous regions: 131->131
[2025-12-25T13:32:12.334+0000][gc,metaspace] GC(30) Metaspace: 13719K(14080K)->13719K(14080K) NonClass: 12178K(12352K)->12178K(12352K) Class: 1541K(1728K)->1541K(1728K)
[2025-12-25T13:32:12.334+0000][gc          ] GC(30) Pause Young (Normal) (G1 Evacuation Pause) 769M->162M(1024M) 13.905ms
[2025-12-25T13:32:12.335+0000][gc,cpu      ] GC(30) User=0.06s Sys=0.00s Real=0.01s
[2025-12-25T13:32:52.079+0000][gc,start    ] GC(31) Pause Young (Normal) (G1 Evacuation Pause)
[2025-12-25T13:32:52.080+0000][gc,task     ] GC(31) Using 8 workers of 8 for evacuation
[2025-12-25T13:32:52.093+0000][gc,phases   ] GC(31)   Pre Evacuate Collection Set: 1.3ms
[2025-12-25T13:32:52.093+0000][gc,phases   ] GC(31)   Merge Heap Roots: 0.2ms
[2025-12-25T13:32:52.093+0000][gc,phases   ] GC(31)   Evacuate Collection Set: 10.5ms
[2025-12-25T13:32:52.093+0000][gc,phases   ] GC(31)   Post Evacuate Collection Set: 1.5ms
[2025-12-25T13:32:52.093+0000][gc,phases   ] GC(31)   Other: 0.3ms
[2025-12-25T13:32:52.094+0000][gc,heap     ] GC(31) Eden regions: 607->0(607)
[2025-12-25T13:32:52.094+0000][gc,heap     ] GC(31) Survivor regions: 7->7(77)
[2025-12-25T13:32:52.094+0000][gc,heap     ] GC(31) Old regions: 25->25
[2025-12-25T13:32:52.094+0000][gc,heap     ] GC(31) Humongous regions: 131->131
[2025-12-25T13:32:52.094+0000][gc,metaspace] GC(31) Metaspace: 13740K(14080K)->13740K(14080K) NonClass: 12199K(12352K)->12199K(12352K) Class: 1541K(1728K)->1541K(1728K)
[2025-12-25T13:32:52.094+0000][gc          ] GC(31) Pause Young (Normal) (G1 Evacuation Pause) 769M->162M(1024M) 14.958ms
[2025-12-25T13:32:52.094+0000][gc,cpu      ] GC(31) User=0.08s Sys=0.00s Real=0.01s
[2025-12-25T13:33:22.764+0000][gc,start    ] GC(32) Pause Young (Normal) (G1 Evacuation Pause)
[2025-12-25T13:33:22.765+0000][gc,task     ] GC(32) Using 8 workers of 8 for evacuation
[2025-12-25T13:33:22.781+0000][gc,phases   ] GC(32)   Pre Evacuate Collection Set: 2.0ms
[2025-12-25T13:33:22.781+0000][gc,phases   ] GC(32)   Merge Heap Roots: 0.2ms
[2025-12-25T13:33:22.781+0000][gc,phases   ] GC(32)   Evacuate Collection Set: 11.5ms
[2025-12-25T13:33:22.781+0000][gc,phases   ] GC(32)   Post Evacuate Collection Set: 1.6ms
[2025-12-25T13:33:22.781+0000][gc,phases   ] GC(32)   Other: 0.3ms
[2025-12-25T13:33:22.781+0000][gc,heap     ] GC(32) Eden regions: 607->0(606)
[2025-12-25T13:33:22.781+0000][gc,heap     ] GC(32) Survivor regions: 7->8(77)
[2025-12-25T13:33:22.781+0000][gc,heap     ] GC(32) Old regions: 25->25
[2025-12-25T13:33:22.781+0000][gc,heap     ] GC(32) Humongous regions: 131->131
[2025-12-25T13:33:22.781+0000][gc,metaspace] GC(32) Metaspace: 13746K(14080K)->13746K(14080K) NonClass: 12204K(12352K)->12204K(12352K) Class: 1541K(1728K)->1541K(1728K)
[2025-12-25T13:33:22.781+0000][gc          ] GC(32) Pause Young (Normal) (G1 Evacuation Pause) 769M->163M(1024M) 16.772ms
[2025-12-25T13:33:22.781+0000][gc,cpu      ] GC(32) User=0.10s Sys=0.00s Real=0.01s
[2025-12-25T13:34:02.117+0000][gc,start    ] GC(33) Pause Young (Normal) (G1 Evacuation Pause)
[2025-12-25T13:34:02.117+0000][gc,task     ] GC(33) Using 8 workers of 8 for evacuation
[2025-12-25T13:34:02.139+0000][gc,phases   ] GC(33)   Pre Evacuate Collection Set: 5.3ms
[2025-12-25T13:34:02.139+0000][gc,phases   ] GC(33)   Merge Heap Roots: 0.6ms
[2025-12-25T13:34:02.140+0000][gc,phases   ] GC(33)   Evacuate Collection Set: 14.7ms
[2025-12-25T13:34:02.140+0000][gc,phases   ] GC(33)   Post Evacuate Collection Set: 1.4ms
[2025-12-25T13:34:02.140+0000][gc,phases   ] GC(33)   Other: 0.2ms
[2025-12-25T13:34:02.140+0000][gc,heap     ] GC(33) Eden regions: 606->0(606)
[2025-12-25T13:34:02.140+0000][gc,heap     ] GC(33) Survivor regions: 8->8(77)
[2025-12-25T13:34:02.140+0000][gc,heap     ] GC(33) Old regions: 25->25
[2025-12-25T13:34:02.140+0000][gc,heap     ] GC(33) Humongous regions: 131->131
[2025-12-25T13:34:02.140+0000][gc,metaspace] GC(33) Metaspace: 13775K(14144K)->13775K(14144K) NonClass: 12234K(12416K)->12234K(12416K) Class: 1541K(1728K)->1541K(1728K)
[2025-12-25T13:34:02.140+0000][gc          ] GC(33) Pause Young (Normal) (G1 Evacuation Pause) 769M->163M(1024M) 23.171ms
[2025-12-25T13:34:02.140+0000][gc,cpu      ] GC(33) User=0.12s Sys=0.00s Real=0.02s
[2025-12-25T13:34:32.551+0000][gc,start    ] GC(34) Pause Young (Normal) (G1 Evacuation Pause)
[2025-12-25T13:34:32.552+0000][gc,task     ] GC(34) Using 8 workers of 8 for evacuation
[2025-12-25T13:34:32.588+0000][gc,phases   ] GC(34)   Pre Evacuate Collection Set: 1.3ms
[2025-12-25T13:34:32.588+0000][gc,phases   ] GC(34)   Merge Heap Roots: 0.2ms
[2025-12-25T13:34:32.588+0000][gc,phases   ] GC(34)   Evacuate Collection Set: 31.6ms
[2025-12-25T13:34:32.588+0000][gc,phases   ] GC(34)   Post Evacuate Collection Set: 3.0ms
[2025-12-25T13:34:32.588+0000][gc,phases   ] GC(34)   Other: 0.3ms
[2025-12-25T13:34:32.588+0000][gc,heap     ] GC(34) Eden regions: 606->0(608)
[2025-12-25T13:34:32.588+0000][gc,heap     ] GC(34) Survivor regions: 8->6(77)
[2025-12-25T13:34:32.589+0000][gc,heap     ] GC(34) Old regions: 25->25
[2025-12-25T13:34:32.589+0000][gc,heap     ] GC(34) Humongous regions: 131->131
[2025-12-25T13:34:32.589+0000][gc,metaspace] GC(34) Metaspace: 13785K(14144K)->13785K(14144K) NonClass: 12244K(12416K)->12244K(12416K) Class: 1541K(1728K)->1541K(1728K)
[2025-12-25T13:34:32.590+0000][gc          ] GC(34) Pause Young (Normal) (G1 Evacuation Pause) 769M->161M(1024M) 38.338ms
[2025-12-25T13:34:32.590+0000][gc,cpu      ] GC(34) User=0.14s Sys=0.07s Real=0.04s
[2025-12-25T13:35:12.130+0000][gc,start    ] GC(35) Pause Young (Normal) (G1 Evacuation Pause)
[2025-12-25T13:35:12.131+0000][gc,task     ] GC(35) Using 8 workers of 8 for evacuation
[2025-12-25T13:35:12.151+0000][gc,phases   ] GC(35)   Pre Evacuate Collection Set: 3.1ms
[2025-12-25T13:35:12.152+0000][gc,phases   ] GC(35)   Merge Heap Roots: 1.3ms
[2025-12-25T13:35:12.152+0000][gc,phases   ] GC(35)   Evacuate Collection Set: 11.6ms
[2025-12-25T13:35:12.152+0000][gc,phases   ] GC(35)   Post Evacuate Collection Set: 2.8ms
[2025-12-25T13:35:12.152+0000][gc,phases   ] GC(35)   Other: 0.3ms
[2025-12-25T13:35:12.152+0000][gc,heap     ] GC(35) Eden regions: 608->0(609)
[2025-12-25T13:35:12.152+0000][gc,heap     ] GC(35) Survivor regions: 6->5(77)
[2025-12-25T13:35:12.152+0000][gc,heap     ] GC(35) Old regions: 25->25
[2025-12-25T13:35:12.152+0000][gc,heap     ] GC(35) Humongous regions: 131->131
[2025-12-25T13:35:12.152+0000][gc,metaspace] GC(35) Metaspace: 13791K(14144K)->13791K(14144K) NonClass: 12249K(12416K)->12249K(12416K) Class: 1541K(1728K)->1541K(1728K)
[2025-12-25T13:35:12.152+0000][gc          ] GC(35) Pause Young (Normal) (G1 Evacuation Pause) 769M->160M(1024M) 22.122ms
[2025-12-25T13:35:12.152+0000][gc,cpu      ] GC(35) User=0.10s Sys=0.00s Real=0.02s
[2025-12-25T13:35:42.824+0000][gc,start    ] GC(36) Pause Young (Normal) (G1 Evacuation Pause)
[2025-12-25T13:35:42.825+0000][gc,task     ] GC(36) Using 8 workers of 8 for evacuation
[2025-12-25T13:35:42.846+0000][gc,phases   ] GC(36)   Pre Evacuate Collection Set: 1.3ms
[2025-12-25T13:35:42.846+0000][gc,phases   ] GC(36)   Merge Heap Roots: 0.2ms
[2025-12-25T13:35:42.846+0000][gc,phases   ] GC(36)   Evacuate Collection Set: 17.9ms
[2025-12-25T13:35:42.846+0000][gc,phases   ] GC(36)   Post Evacuate Collection Set: 1.4ms
[2025-12-25T13:35:42.846+0000][gc,phases   ] GC(36)   Other: 0.3ms
[2025-12-25T13:35:42.846+0000][gc,heap     ] GC(36) Eden regions: 609->0(607)
[2025-12-25T13:35:42.846+0000][gc,heap     ] GC(36) Survivor regions: 5->7(77)
[2025-12-25T13:35:42.846+0000][gc,heap     ] GC(36) Old regions: 25->26
[2025-12-25T13:35:42.846+0000][gc,heap     ] GC(36) Humongous regions: 131->131
[2025-12-25T13:35:42.846+0000][gc,metaspace] GC(36) Metaspace: 13798K(14144K)->13798K(14144K) NonClass: 12257K(12416K)->12257K(12416K) Class: 1541K(1728K)->1541K(1728K)
[2025-12-25T13:35:42.846+0000][gc          ] GC(36) Pause Young (Normal) (G1 Evacuation Pause) 769M->162M(1024M) 22.456ms
[2025-12-25T13:35:42.846+0000][gc,cpu      ] GC(36) User=0.15s Sys=0.00s Real=0.02s
[2025-12-25T13:36:22.461+0000][gc,start    ] GC(37) Pause Young (Normal) (G1 Evacuation Pause)
[2025-12-25T13:36:22.463+0000][gc,task     ] GC(37) Using 8 workers of 8 for evacuation
[2025-12-25T13:36:22.499+0000][gc,phases   ] GC(37)   Pre Evacuate Collection Set: 8.6ms
[2025-12-25T13:36:22.499+0000][gc,phases   ] GC(37)   Merge Heap Roots: 0.8ms
[2025-12-25T13:36:22.499+0000][gc,phases   ] GC(37)   Evacuate Collection Set: 23.4ms
[2025-12-25T13:36:22.499+0000][gc,phases   ] GC(37)   Post Evacuate Collection Set: 2.3ms
[2025-12-25T13:36:22.499+0000][gc,phases   ] GC(37)   Other: 0.7ms
[2025-12-25T13:36:22.499+0000][gc,heap     ] GC(37) Eden regions: 607->0(607)
[2025-12-25T13:36:22.499+0000][gc,heap     ] GC(37) Survivor regions: 7->7(77)
[2025-12-25T13:36:22.499+0000][gc,heap     ] GC(37) Old regions: 26->26
[2025-12-25T13:36:22.500+0000][gc,heap     ] GC(37) Humongous regions: 131->131
[2025-12-25T13:36:22.500+0000][gc,metaspace] GC(37) Metaspace: 13805K(14144K)->13805K(14144K) NonClass: 12263K(12416K)->12263K(12416K) Class: 1541K(1728K)->1541K(1728K)
[2025-12-25T13:36:22.500+0000][gc          ] GC(37) Pause Young (Normal) (G1 Evacuation Pause) 769M->162M(1024M) 38.505ms
[2025-12-25T13:36:22.500+0000][gc,cpu      ] GC(37) User=0.22s Sys=0.02s Real=0.03s
[2025-12-25T13:37:01.872+0000][gc,start    ] GC(38) Pause Young (Normal) (G1 Evacuation Pause)
[2025-12-25T13:37:01.873+0000][gc,task     ] GC(38) Using 8 workers of 8 for evacuation
[2025-12-25T13:37:01.898+0000][gc,phases   ] GC(38)   Pre Evacuate Collection Set: 3.5ms
[2025-12-25T13:37:01.898+0000][gc,phases   ] GC(38)   Merge Heap Roots: 0.3ms
[2025-12-25T13:37:01.898+0000][gc,phases   ] GC(38)   Evacuate Collection Set: 16.8ms
[2025-12-25T13:37:01.898+0000][gc,phases   ] GC(38)   Post Evacuate Collection Set: 4.5ms
[2025-12-25T13:37:01.898+0000][gc,phases   ] GC(38)   Other: 0.2ms
[2025-12-25T13:37:01.899+0000][gc,heap     ] GC(38) Eden regions: 607->0(608)
[2025-12-25T13:37:01.899+0000][gc,heap     ] GC(38) Survivor regions: 7->6(77)
[2025-12-25T13:37:01.899+0000][gc,heap     ] GC(38) Old regions: 26->26
[2025-12-25T13:37:01.899+0000][gc,heap     ] GC(38) Humongous regions: 131->131
[2025-12-25T13:37:01.899+0000][gc,metaspace] GC(38) Metaspace: 13805K(14144K)->13805K(14144K) NonClass: 12264K(12416K)->12264K(12416K) Class: 1541K(1728K)->1541K(1728K)
[2025-12-25T13:37:01.899+0000][gc          ] GC(38) Pause Young (Normal) (G1 Evacuation Pause) 769M->161M(1024M) 26.798ms
[2025-12-25T13:37:01.899+0000][gc,cpu      ] GC(38) User=0.14s Sys=0.00s Real=0.03s
[2025-12-25T13:37:32.268+0000][gc,start    ] GC(39) Pause Young (Normal) (G1 Evacuation Pause)
[2025-12-25T13:37:32.269+0000][gc,task     ] GC(39) Using 8 workers of 8 for evacuation
[2025-12-25T13:37:32.292+0000][gc,phases   ] GC(39)   Pre Evacuate Collection Set: 4.1ms
[2025-12-25T13:37:32.293+0000][gc,phases   ] GC(39)   Merge Heap Roots: 0.5ms
[2025-12-25T13:37:32.293+0000][gc,phases   ] GC(39)   Evacuate Collection Set: 13.8ms
[2025-12-25T13:37:32.293+0000][gc,phases   ] GC(39)   Post Evacuate Collection Set: 4.3ms
[2025-12-25T13:37:32.293+0000][gc,phases   ] GC(39)   Other: 1.0ms
[2025-12-25T13:37:32.293+0000][gc,heap     ] GC(39) Eden regions: 608->0(606)
[2025-12-25T13:37:32.293+0000][gc,heap     ] GC(39) Survivor regions: 6->8(77)
[2025-12-25T13:37:32.293+0000][gc,heap     ] GC(39) Old regions: 26->26
[2025-12-25T13:37:32.293+0000][gc,heap     ] GC(39) Humongous regions: 131->131
[2025-12-25T13:37:32.293+0000][gc,metaspace] GC(39) Metaspace: 13810K(14144K)->13810K(14144K) NonClass: 12269K(12416K)->12269K(12416K) Class: 1541K(1728K)->1541K(1728K)
[2025-12-25T13:37:32.293+0000][gc          ] GC(39) Pause Young (Normal) (G1 Evacuation Pause) 769M->163M(1024M) 25.200ms
[2025-12-25T13:37:32.293+0000][gc,cpu      ] GC(39) User=0.14s Sys=0.00s Real=0.03s
[2025-12-25T13:38:11.915+0000][gc,start    ] GC(40) Pause Young (Normal) (G1 Evacuation Pause)
[2025-12-25T13:38:11.917+0000][gc,task     ] GC(40) Using 8 workers of 8 for evacuation
[2025-12-25T13:38:11.936+0000][gc,phases   ] GC(40)   Pre Evacuate Collection Set: 2.1ms
[2025-12-25T13:38:11.936+0000][gc,phases   ] GC(40)   Merge Heap Roots: 0.2ms
[2025-12-25T13:38:11.936+0000][gc,phases   ] GC(40)   Evacuate Collection Set: 14.0ms
[2025-12-25T13:38:11.936+0000][gc,phases   ] GC(40)   Post Evacuate Collection Set: 2.3ms
[2025-12-25T13:38:11.936+0000][gc,phases   ] GC(40)   Other: 0.7ms
[2025-12-25T13:38:11.936+0000][gc,heap     ] GC(40) Eden regions: 606->0(607)
[2025-12-25T13:38:11.936+0000][gc,heap     ] GC(40) Survivor regions: 8->7(77)
[2025-12-25T13:38:11.936+0000][gc,heap     ] GC(40) Old regions: 26->26
[2025-12-25T13:38:11.936+0000][gc,heap     ] GC(40) Humongous regions: 131->131
[2025-12-25T13:38:11.936+0000][gc,metaspace] GC(40) Metaspace: 14052K(14528K)->14052K(14528K) NonClass: 12477K(12736K)->12477K(12736K) Class: 1575K(1792K)->1575K(1792K)
[2025-12-25T13:38:11.936+0000][gc          ] GC(40) Pause Young (Normal) (G1 Evacuation Pause) 769M->163M(1024M) 21.733ms
[2025-12-25T13:38:11.936+0000][gc,cpu      ] GC(40) User=0.12s Sys=0.00s Real=0.02s
[2025-12-25T13:38:42.411+0000][gc,start    ] GC(41) Pause Young (Normal) (G1 Evacuation Pause)
[2025-12-25T13:38:42.412+0000][gc,task     ] GC(41) Using 8 workers of 8 for evacuation
[2025-12-25T13:38:42.422+0000][gc,phases   ] GC(41)   Pre Evacuate Collection Set: 1.8ms
[2025-12-25T13:38:42.422+0000][gc,phases   ] GC(41)   Merge Heap Roots: 0.2ms
[2025-12-25T13:38:42.422+0000][gc,phases   ] GC(41)   Evacuate Collection Set: 5.9ms
[2025-12-25T13:38:42.422+0000][gc,phases   ] GC(41)   Post Evacuate Collection Set: 1.4ms
[2025-12-25T13:38:42.422+0000][gc,phases   ] GC(41)   Other: 0.2ms
[2025-12-25T13:38:42.422+0000][gc,heap     ] GC(41) Eden regions: 607->0(609)
[2025-12-25T13:38:42.422+0000][gc,heap     ] GC(41) Survivor regions: 7->5(77)
[2025-12-25T13:38:42.422+0000][gc,heap     ] GC(41) Old regions: 26->26
[2025-12-25T13:38:42.422+0000][gc,heap     ] GC(41) Humongous regions: 131->131
[2025-12-25T13:38:42.422+0000][gc,metaspace] GC(41) Metaspace: 14087K(14528K)->14087K(14528K) NonClass: 12510K(12736K)->12510K(12736K) Class: 1577K(1792K)->1577K(1792K)
[2025-12-25T13:38:42.422+0000][gc          ] GC(41) Pause Young (Normal) (G1 Evacuation Pause) 770M->161M(1024M) 11.181ms
[2025-12-25T13:38:42.422+0000][gc,cpu      ] GC(41) User=0.05s Sys=0.00s Real=0.01s
[2025-12-25T13:39:21.984+0000][gc,start    ] GC(42) Pause Young (Normal) (G1 Evacuation Pause)
[2025-12-25T13:39:21.987+0000][gc,task     ] GC(42) Using 8 workers of 8 for evacuation
[2025-12-25T13:39:22.049+0000][gc,phases   ] GC(42)   Pre Evacuate Collection Set: 33.6ms
[2025-12-25T13:39:22.049+0000][gc,phases   ] GC(42)   Merge Heap Roots: 7.2ms
[2025-12-25T13:39:22.049+0000][gc,phases   ] GC(42)   Evacuate Collection Set: 12.9ms
[2025-12-25T13:39:22.050+0000][gc,phases   ] GC(42)   Post Evacuate Collection Set: 8.0ms
[2025-12-25T13:39:22.050+0000][gc,phases   ] GC(42)   Other: 1.9ms
[2025-12-25T13:39:22.051+0000][gc,heap     ] GC(42) Eden regions: 609->0(609)
[2025-12-25T13:39:22.051+0000][gc,heap     ] GC(42) Survivor regions: 5->5(77)
[2025-12-25T13:39:22.051+0000][gc,heap     ] GC(42) Old regions: 26->26
[2025-12-25T13:39:22.052+0000][gc,heap     ] GC(42) Humongous regions: 131->131
[2025-12-25T13:39:22.052+0000][gc,metaspace] GC(42) Metaspace: 14089K(14528K)->14089K(14528K) NonClass: 12512K(12736K)->12512K(12736K) Class: 1577K(1792K)->1577K(1792K)
[2025-12-25T13:39:22.052+0000][gc          ] GC(42) Pause Young (Normal) (G1 Evacuation Pause) 770M->160M(1024M) 67.743ms
[2025-12-25T13:39:22.052+0000][gc,cpu      ] GC(42) User=0.20s Sys=0.02s Real=0.07s
[2025-12-25T13:39:52.557+0000][gc,start    ] GC(43) Pause Young (Normal) (G1 Evacuation Pause)
[2025-12-25T13:39:52.557+0000][gc,task     ] GC(43) Using 8 workers of 8 for evacuation
[2025-12-25T13:39:52.572+0000][gc,phases   ] GC(43)   Pre Evacuate Collection Set: 2.0ms
[2025-12-25T13:39:52.572+0000][gc,phases   ] GC(43)   Merge Heap Roots: 0.4ms
[2025-12-25T13:39:52.572+0000][gc,phases   ] GC(43)   Evacuate Collection Set: 10.8ms
[2025-12-25T13:39:52.572+0000][gc,phases   ] GC(43)   Post Evacuate Collection Set: 1.2ms
[2025-12-25T13:39:52.572+0000][gc,phases   ] GC(43)   Other: 0.3ms
[2025-12-25T13:39:52.572+0000][gc,heap     ] GC(43) Eden regions: 609->0(607)
[2025-12-25T13:39:52.572+0000][gc,heap     ] GC(43) Survivor regions: 5->7(77)
[2025-12-25T13:39:52.572+0000][gc,heap     ] GC(43) Old regions: 26->26
[2025-12-25T13:39:52.573+0000][gc,heap     ] GC(43) Humongous regions: 131->131
[2025-12-25T13:39:52.573+0000][gc,metaspace] GC(43) Metaspace: 14090K(14528K)->14090K(14528K) NonClass: 12513K(12736K)->12513K(12736K) Class: 1577K(1792K)->1577K(1792K)
[2025-12-25T13:39:52.573+0000][gc          ] GC(43) Pause Young (Normal) (G1 Evacuation Pause) 769M->162M(1024M) 15.948ms
[2025-12-25T13:39:52.573+0000][gc,cpu      ] GC(43) User=0.10s Sys=0.00s Real=0.01s
[2025-12-25T13:40:32.215+0000][gc,start    ] GC(44) Pause Young (Normal) (G1 Evacuation Pause)
[2025-12-25T13:40:32.217+0000][gc,task     ] GC(44) Using 8 workers of 8 for evacuation
[2025-12-25T13:40:32.238+0000][gc,phases   ] GC(44)   Pre Evacuate Collection Set: 6.8ms
[2025-12-25T13:40:32.238+0000][gc,phases   ] GC(44)   Merge Heap Roots: 0.3ms
[2025-12-25T13:40:32.238+0000][gc,phases   ] GC(44)   Evacuate Collection Set: 11.9ms
[2025-12-25T13:40:32.238+0000][gc,phases   ] GC(44)   Post Evacuate Collection Set: 1.5ms
[2025-12-25T13:40:32.238+0000][gc,phases   ] GC(44)   Other: 0.5ms
[2025-12-25T13:40:32.238+0000][gc,heap     ] GC(44) Eden regions: 607->0(608)
[2025-12-25T13:40:32.238+0000][gc,heap     ] GC(44) Survivor regions: 7->6(77)
[2025-12-25T13:40:32.238+0000][gc,heap     ] GC(44) Old regions: 26->26
[2025-12-25T13:40:32.238+0000][gc,heap     ] GC(44) Humongous regions: 131->131
[2025-12-25T13:40:32.238+0000][gc,metaspace] GC(44) Metaspace: 14101K(14528K)->14101K(14528K) NonClass: 12523K(12736K)->12523K(12736K) Class: 1577K(1792K)->1577K(1792K)
[2025-12-25T13:40:32.238+0000][gc          ] GC(44) Pause Young (Normal) (G1 Evacuation Pause) 769M->162M(1024M) 23.306ms
[2025-12-25T13:40:32.238+0000][gc,cpu      ] GC(44) User=0.09s Sys=0.01s Real=0.02s
[2025-12-25T13:41:02.566+0000][gc,start    ] GC(45) Pause Young (Normal) (G1 Evacuation Pause)
[2025-12-25T13:41:02.567+0000][gc,task     ] GC(45) Using 8 workers of 8 for evacuation
[2025-12-25T13:41:02.607+0000][gc,phases   ] GC(45)   Pre Evacuate Collection Set: 2.3ms
[2025-12-25T13:41:02.607+0000][gc,phases   ] GC(45)   Merge Heap Roots: 0.2ms
[2025-12-25T13:41:02.607+0000][gc,phases   ] GC(45)   Evacuate Collection Set: 30.6ms
[2025-12-25T13:41:02.607+0000][gc,phases   ] GC(45)   Post Evacuate Collection Set: 6.5ms
[2025-12-25T13:41:02.607+0000][gc,phases   ] GC(45)   Other: 0.2ms
[2025-12-25T13:41:02.607+0000][gc,heap     ] GC(45) Eden regions: 608->0(606)
[2025-12-25T13:41:02.608+0000][gc,heap     ] GC(45) Survivor regions: 6->8(77)
[2025-12-25T13:41:02.608+0000][gc,heap     ] GC(45) Old regions: 26->26
[2025-12-25T13:41:02.608+0000][gc,heap     ] GC(45) Humongous regions: 131->131
[2025-12-25T13:41:02.608+0000][gc,metaspace] GC(45) Metaspace: 14104K(14528K)->14104K(14528K) NonClass: 12526K(12736K)->12526K(12736K) Class: 1578K(1792K)->1578K(1792K)
[2025-12-25T13:41:02.610+0000][gc          ] GC(45) Pause Young (Normal) (G1 Evacuation Pause) 770M->164M(1024M) 43.752ms
[2025-12-25T13:41:02.610+0000][gc,cpu      ] GC(45) User=0.22s Sys=0.01s Real=0.04s
[2025-12-25T13:41:42.090+0000][gc,start    ] GC(46) Pause Young (Normal) (G1 Evacuation Pause)
[2025-12-25T13:41:42.090+0000][gc,task     ] GC(46) Using 8 workers of 8 for evacuation
[2025-12-25T13:41:42.113+0000][gc,phases   ] GC(46)   Pre Evacuate Collection Set: 5.6ms
[2025-12-25T13:41:42.113+0000][gc,phases   ] GC(46)   Merge Heap Roots: 1.0ms
[2025-12-25T13:41:42.113+0000][gc,phases   ] GC(46)   Evacuate Collection Set: 13.2ms
[2025-12-25T13:41:42.113+0000][gc,phases   ] GC(46)   Post Evacuate Collection Set: 2.4ms
[2025-12-25T13:41:42.113+0000][gc,phases   ] GC(46)   Other: 0.4ms
[2025-12-25T13:41:42.114+0000][gc,heap     ] GC(46) Eden regions: 606->0(606)
[2025-12-25T13:41:42.114+0000][gc,heap     ] GC(46) Survivor regions: 8->8(77)
[2025-12-25T13:41:42.114+0000][gc,heap     ] GC(46) Old regions: 26->27
[2025-12-25T13:41:42.114+0000][gc,heap     ] GC(46) Humongous regions: 131->131
[2025-12-25T13:41:42.114+0000][gc,metaspace] GC(46) Metaspace: 14106K(14528K)->14106K(14528K) NonClass: 12528K(12736K)->12528K(12736K) Class: 1578K(1792K)->1578K(1792K)
[2025-12-25T13:41:42.114+0000][gc          ] GC(46) Pause Young (Normal) (G1 Evacuation Pause) 770M->164M(1024M) 24.302ms
[2025-12-25T13:41:42.114+0000][gc,cpu      ] GC(46) User=0.13s Sys=0.00s Real=0.03s
[2025-12-25T13:42:12.531+0000][gc,start    ] GC(47) Pause Young (Normal) (G1 Evacuation Pause)
[2025-12-25T13:42:12.532+0000][gc,task     ] GC(47) Using 8 workers of 8 for evacuation
[2025-12-25T13:42:12.544+0000][gc,phases   ] GC(47)   Pre Evacuate Collection Set: 1.4ms
[2025-12-25T13:42:12.545+0000][gc,phases   ] GC(47)   Merge Heap Roots: 0.3ms
[2025-12-25T13:42:12.545+0000][gc,phases   ] GC(47)   Evacuate Collection Set: 9.8ms
[2025-12-25T13:42:12.545+0000][gc,phases   ] GC(47)   Post Evacuate Collection Set: 1.2ms
[2025-12-25T13:42:12.545+0000][gc,phases   ] GC(47)   Other: 0.3ms
[2025-12-25T13:42:12.545+0000][gc,heap     ] GC(47) Eden regions: 606->0(604)
[2025-12-25T13:42:12.545+0000][gc,heap     ] GC(47) Survivor regions: 8->10(77)
[2025-12-25T13:42:12.545+0000][gc,heap     ] GC(47) Old regions: 27->27
[2025-12-25T13:42:12.545+0000][gc,heap     ] GC(47) Humongous regions: 131->131
[2025-12-25T13:42:12.545+0000][gc,metaspace] GC(47) Metaspace: 14107K(14528K)->14107K(14528K) NonClass: 12529K(12736K)->12529K(12736K) Class: 1578K(1792K)->1578K(1792K)
[2025-12-25T13:42:12.545+0000][gc          ] GC(47) Pause Young (Normal) (G1 Evacuation Pause) 770M->166M(1024M) 14.234ms
[2025-12-25T13:42:12.545+0000][gc,cpu      ] GC(47) User=0.07s Sys=0.01s Real=0.01s
[2025-12-25T13:42:52.147+0000][gc,start    ] GC(48) Pause Young (Normal) (G1 Evacuation Pause)
[2025-12-25T13:42:52.148+0000][gc,task     ] GC(48) Using 8 workers of 8 for evacuation
[2025-12-25T13:42:52.161+0000][gc,phases   ] GC(48)   Pre Evacuate Collection Set: 1.8ms
[2025-12-25T13:42:52.162+0000][gc,phases   ] GC(48)   Merge Heap Roots: 0.2ms
[2025-12-25T13:42:52.162+0000][gc,phases   ] GC(48)   Evacuate Collection Set: 10.0ms
[2025-12-25T13:42:52.162+0000][gc,phases   ] GC(48)   Post Evacuate Collection Set: 1.7ms
[2025-12-25T13:42:52.162+0000][gc,phases   ] GC(48)   Other: 0.2ms
[2025-12-25T13:42:52.162+0000][gc,heap     ] GC(48) Eden regions: 604->0(609)
[2025-12-25T13:42:52.162+0000][gc,heap     ] GC(48) Survivor regions: 10->5(77)
[2025-12-25T13:42:52.162+0000][gc,heap     ] GC(48) Old regions: 27->27
[2025-12-25T13:42:52.162+0000][gc,heap     ] GC(48) Humongous regions: 131->131
[2025-12-25T13:42:52.162+0000][gc,metaspace] GC(48) Metaspace: 14113K(14528K)->14113K(14528K) NonClass: 12535K(12736K)->12535K(12736K) Class: 1578K(1792K)->1578K(1792K)
[2025-12-25T13:42:52.162+0000][gc          ] GC(48) Pause Young (Normal) (G1 Evacuation Pause) 770M->162M(1024M) 15.066ms
[2025-12-25T13:42:52.162+0000][gc,cpu      ] GC(48) User=0.08s Sys=0.00s Real=0.02s
[2025-12-25T13:43:22.662+0000][gc,start    ] GC(49) Pause Young (Normal) (G1 Evacuation Pause)
[2025-12-25T13:43:22.663+0000][gc,task     ] GC(49) Using 8 workers of 8 for evacuation
[2025-12-25T13:43:22.732+0000][gc,phases   ] GC(49)   Pre Evacuate Collection Set: 14.7ms
[2025-12-25T13:43:22.732+0000][gc,phases   ] GC(49)   Merge Heap Roots: 0.5ms
[2025-12-25T13:43:22.732+0000][gc,phases   ] GC(49)   Evacuate Collection Set: 35.8ms
[2025-12-25T13:43:22.733+0000][gc,phases   ] GC(49)   Post Evacuate Collection Set: 16.8ms
[2025-12-25T13:43:22.733+0000][gc,phases   ] GC(49)   Other: 0.8ms
[2025-12-25T13:43:22.733+0000][gc,heap     ] GC(49) Eden regions: 609->0(607)
[2025-12-25T13:43:22.733+0000][gc,heap     ] GC(49) Survivor regions: 5->7(77)
[2025-12-25T13:43:22.733+0000][gc,heap     ] GC(49) Old regions: 27->27
[2025-12-25T13:43:22.734+0000][gc,heap     ] GC(49) Humongous regions: 131->131
[2025-12-25T13:43:22.734+0000][gc,metaspace] GC(49) Metaspace: 14115K(14528K)->14115K(14528K) NonClass: 12537K(12736K)->12537K(12736K) Class: 1578K(1792K)->1578K(1792K)
[2025-12-25T13:43:22.734+0000][gc          ] GC(49) Pause Young (Normal) (G1 Evacuation Pause) 771M->163M(1024M) 71.909ms
[2025-12-25T13:43:22.734+0000][gc,cpu      ] GC(49) User=0.15s Sys=0.02s Real=0.07s
[2025-12-25T13:44:02.157+0000][gc,start    ] GC(50) Pause Young (Normal) (G1 Evacuation Pause)
[2025-12-25T13:44:02.159+0000][gc,task     ] GC(50) Using 8 workers of 8 for evacuation
[2025-12-25T13:44:02.179+0000][gc,phases   ] GC(50)   Pre Evacuate Collection Set: 4.7ms
[2025-12-25T13:44:02.179+0000][gc,phases   ] GC(50)   Merge Heap Roots: 0.5ms
[2025-12-25T13:44:02.179+0000][gc,phases   ] GC(50)   Evacuate Collection Set: 12.0ms
[2025-12-25T13:44:02.179+0000][gc,phases   ] GC(50)   Post Evacuate Collection Set: 2.2ms
[2025-12-25T13:44:02.179+0000][gc,phases   ] GC(50)   Other: 0.6ms
[2025-12-25T13:44:02.179+0000][gc,heap     ] GC(50) Eden regions: 607->0(607)
[2025-12-25T13:44:02.179+0000][gc,heap     ] GC(50) Survivor regions: 7->7(77)
[2025-12-25T13:44:02.179+0000][gc,heap     ] GC(50) Old regions: 27->27
[2025-12-25T13:44:02.179+0000][gc,heap     ] GC(50) Humongous regions: 131->131
[2025-12-25T13:44:02.179+0000][gc,metaspace] GC(50) Metaspace: 14116K(14528K)->14116K(14528K) NonClass: 12538K(12736K)->12538K(12736K) Class: 1578K(1792K)->1578K(1792K)
[2025-12-25T13:44:02.179+0000][gc          ] GC(50) Pause Young (Normal) (G1 Evacuation Pause) 770M->163M(1024M) 22.336ms
[2025-12-25T13:44:02.179+0000][gc,cpu      ] GC(50) User=0.10s Sys=0.00s Real=0.02s
[2025-12-25T13:44:32.450+0000][gc,start    ] GC(51) Pause Young (Normal) (G1 Evacuation Pause)
[2025-12-25T13:44:32.450+0000][gc,task     ] GC(51) Using 8 workers of 8 for evacuation
[2025-12-25T13:44:32.461+0000][gc,phases   ] GC(51)   Pre Evacuate Collection Set: 1.3ms
[2025-12-25T13:44:32.462+0000][gc,phases   ] GC(51)   Merge Heap Roots: 0.3ms
[2025-12-25T13:44:32.462+0000][gc,phases   ] GC(51)   Evacuate Collection Set: 7.9ms
[2025-12-25T13:44:32.462+0000][gc,phases   ] GC(51)   Post Evacuate Collection Set: 1.3ms
[2025-12-25T13:44:32.462+0000][gc,phases   ] GC(51)   Other: 0.2ms
[2025-12-25T13:44:32.462+0000][gc,heap     ] GC(51) Eden regions: 607->0(605)
[2025-12-25T13:44:32.462+0000][gc,heap     ] GC(51) Survivor regions: 7->9(77)
[2025-12-25T13:44:32.462+0000][gc,heap     ] GC(51) Old regions: 27->27
[2025-12-25T13:44:32.462+0000][gc,heap     ] GC(51) Humongous regions: 131->131
[2025-12-25T13:44:32.462+0000][gc,metaspace] GC(51) Metaspace: 14116K(14528K)->14116K(14528K) NonClass: 12538K(12736K)->12538K(12736K) Class: 1578K(1792K)->1578K(1792K)
[2025-12-25T13:44:32.462+0000][gc          ] GC(51) Pause Young (Normal) (G1 Evacuation Pause) 770M->166M(1024M) 12.237ms
[2025-12-25T13:44:32.462+0000][gc,cpu      ] GC(51) User=0.06s Sys=0.00s Real=0.01s
[2025-12-25T13:45:12.185+0000][gc,start    ] GC(52) Pause Young (Normal) (G1 Evacuation Pause)
[2025-12-25T13:45:12.185+0000][gc,task     ] GC(52) Using 8 workers of 8 for evacuation
[2025-12-25T13:45:12.198+0000][gc,phases   ] GC(52)   Pre Evacuate Collection Set: 1.5ms
[2025-12-25T13:45:12.199+0000][gc,phases   ] GC(52)   Merge Heap Roots: 0.3ms
[2025-12-25T13:45:12.199+0000][gc,phases   ] GC(52)   Evacuate Collection Set: 8.9ms
[2025-12-25T13:45:12.199+0000][gc,phases   ] GC(52)   Post Evacuate Collection Set: 2.3ms
[2025-12-25T13:45:12.199+0000][gc,phases   ] GC(52)   Other: 0.2ms
[2025-12-25T13:45:12.199+0000][gc,heap     ] GC(52) Eden regions: 605->0(606)
[2025-12-25T13:45:12.200+0000][gc,heap     ] GC(52) Survivor regions: 9->8(77)
[2025-12-25T13:45:12.200+0000][gc,heap     ] GC(52) Old regions: 27->27
[2025-12-25T13:45:12.200+0000][gc,heap     ] GC(52) Humongous regions: 131->131
[2025-12-25T13:45:12.200+0000][gc,metaspace] GC(52) Metaspace: 14117K(14528K)->14117K(14528K) NonClass: 12539K(12736K)->12539K(12736K) Class: 1578K(1792K)->1578K(1792K)
[2025-12-25T13:45:12.200+0000][gc          ] GC(52) Pause Young (Normal) (G1 Evacuation Pause) 771M->165M(1024M) 15.591ms
[2025-12-25T13:45:12.200+0000][gc,cpu      ] GC(52) User=0.08s Sys=0.01s Real=0.02s
[2025-12-25T13:45:42.640+0000][gc,start    ] GC(53) Pause Young (Normal) (G1 Evacuation Pause)
[2025-12-25T13:45:42.641+0000][gc,task     ] GC(53) Using 8 workers of 8 for evacuation
[2025-12-25T13:45:42.666+0000][gc,phases   ] GC(53)   Pre Evacuate Collection Set: 1.6ms
[2025-12-25T13:45:42.666+0000][gc,phases   ] GC(53)   Merge Heap Roots: 0.2ms
[2025-12-25T13:45:42.666+0000][gc,phases   ] GC(53)   Evacuate Collection Set: 21.5ms
[2025-12-25T13:45:42.666+0000][gc,phases   ] GC(53)   Post Evacuate Collection Set: 1.4ms
[2025-12-25T13:45:42.666+0000][gc,phases   ] GC(53)   Other: 0.2ms
[2025-12-25T13:45:42.666+0000][gc,heap     ] GC(53) Eden regions: 606->0(604)
[2025-12-25T13:45:42.666+0000][gc,heap     ] GC(53) Survivor regions: 8->10(77)
[2025-12-25T13:45:42.666+0000][gc,heap     ] GC(53) Old regions: 27->28
[2025-12-25T13:45:42.666+0000][gc,heap     ] GC(53) Humongous regions: 131->131
[2025-12-25T13:45:42.667+0000][gc,metaspace] GC(53) Metaspace: 14123K(14528K)->14123K(14528K) NonClass: 12545K(12736K)->12545K(12736K) Class: 1578K(1792K)->1578K(1792K)
[2025-12-25T13:45:42.667+0000][gc          ] GC(53) Pause Young (Normal) (G1 Evacuation Pause) 771M->167M(1024M) 26.113ms
[2025-12-25T13:45:42.667+0000][gc,cpu      ] GC(53) User=0.15s Sys=0.00s Real=0.02s
[2025-12-25T13:46:22.207+0000][gc,start    ] GC(54) Pause Young (Normal) (G1 Evacuation Pause)
[2025-12-25T13:46:22.208+0000][gc,task     ] GC(54) Using 8 workers of 8 for evacuation
[2025-12-25T13:46:22.221+0000][gc,phases   ] GC(54)   Pre Evacuate Collection Set: 1.9ms
[2025-12-25T13:46:22.221+0000][gc,phases   ] GC(54)   Merge Heap Roots: 0.3ms
[2025-12-25T13:46:22.221+0000][gc,phases   ] GC(54)   Evacuate Collection Set: 9.5ms
[2025-12-25T13:46:22.221+0000][gc,phases   ] GC(54)   Post Evacuate Collection Set: 1.5ms
[2025-12-25T13:46:22.221+0000][gc,phases   ] GC(54)   Other: 0.2ms
[2025-12-25T13:46:22.221+0000][gc,heap     ] GC(54) Eden regions: 604->0(605)
[2025-12-25T13:46:22.221+0000][gc,heap     ] GC(54) Survivor regions: 10->9(77)
[2025-12-25T13:46:22.221+0000][gc,heap     ] GC(54) Old regions: 28->28
[2025-12-25T13:46:22.221+0000][gc,heap     ] GC(54) Humongous regions: 131->131
[2025-12-25T13:46:22.221+0000][gc,metaspace] GC(54) Metaspace: 14125K(14528K)->14125K(14528K) NonClass: 12547K(12736K)->12547K(12736K) Class: 1578K(1792K)->1578K(1792K)
[2025-12-25T13:46:22.222+0000][gc          ] GC(54) Pause Young (Normal) (G1 Evacuation Pause) 771M->167M(1024M) 15.002ms
[2025-12-25T13:46:22.222+0000][gc,cpu      ] GC(54) User=0.08s Sys=0.00s Real=0.01s
[2025-12-25T13:46:53.640+0000][gc,start    ] GC(55) Pause Young (Normal) (G1 Evacuation Pause)
[2025-12-25T13:46:53.641+0000][gc,task     ] GC(55) Using 8 workers of 8 for evacuation
[2025-12-25T13:46:53.665+0000][gc,phases   ] GC(55)   Pre Evacuate Collection Set: 3.5ms
[2025-12-25T13:46:53.666+0000][gc,phases   ] GC(55)   Merge Heap Roots: 1.4ms
[2025-12-25T13:46:53.666+0000][gc,phases   ] GC(55)   Evacuate Collection Set: 12.8ms
[2025-12-25T13:46:53.666+0000][gc,phases   ] GC(55)   Post Evacuate Collection Set: 5.8ms
[2025-12-25T13:46:53.666+0000][gc,phases   ] GC(55)   Other: 0.7ms
[2025-12-25T13:46:53.666+0000][gc,heap     ] GC(55) Eden regions: 605->0(607)
[2025-12-25T13:46:53.666+0000][gc,heap     ] GC(55) Survivor regions: 9->7(77)
[2025-12-25T13:46:53.666+0000][gc,heap     ] GC(55) Old regions: 28->28
[2025-12-25T13:46:53.666+0000][gc,heap     ] GC(55) Humongous regions: 131->131
[2025-12-25T13:46:53.666+0000][gc,metaspace] GC(55) Metaspace: 14127K(14528K)->14127K(14528K) NonClass: 12549K(12736K)->12549K(12736K) Class: 1578K(1792K)->1578K(1792K)
[2025-12-25T13:46:53.666+0000][gc          ] GC(55) Pause Young (Normal) (G1 Evacuation Pause) 772M->165M(1024M) 26.060ms
[2025-12-25T13:46:53.667+0000][gc,cpu      ] GC(55) User=0.12s Sys=0.01s Real=0.03s
[2025-12-25T13:49:38.115+0000][gc,start    ] GC(56) Pause Young (Normal) (G1 Evacuation Pause)
[2025-12-25T13:49:38.118+0000][gc,task     ] GC(56) Using 8 workers of 8 for evacuation
[2025-12-25T13:49:38.149+0000][gc,phases   ] GC(56)   Pre Evacuate Collection Set: 9.6ms
[2025-12-25T13:49:38.150+0000][gc,phases   ] GC(56)   Merge Heap Roots: 0.5ms
[2025-12-25T13:49:38.150+0000][gc,phases   ] GC(56)   Evacuate Collection Set: 17.7ms
[2025-12-25T13:49:38.150+0000][gc,phases   ] GC(56)   Post Evacuate Collection Set: 2.2ms
[2025-12-25T13:49:38.150+0000][gc,phases   ] GC(56)   Other: 1.9ms
[2025-12-25T13:49:38.150+0000][gc,heap     ] GC(56) Eden regions: 607->0(607)
[2025-12-25T13:49:38.150+0000][gc,heap     ] GC(56) Survivor regions: 7->7(77)
[2025-12-25T13:49:38.150+0000][gc,heap     ] GC(56) Old regions: 28->28
[2025-12-25T13:49:38.150+0000][gc,heap     ] GC(56) Humongous regions: 131->131
[2025-12-25T13:49:38.150+0000][gc,metaspace] GC(56) Metaspace: 14140K(14528K)->14140K(14528K) NonClass: 12559K(12736K)->12559K(12736K) Class: 1580K(1792K)->1580K(1792K)
[2025-12-25T13:49:38.150+0000][gc          ] GC(56) Pause Young (Normal) (G1 Evacuation Pause) 772M->165M(1024M) 34.905ms
[2025-12-25T13:49:38.150+0000][gc,cpu      ] GC(56) User=0.11s Sys=0.00s Real=0.03s
[2025-12-25T13:50:10.570+0000][gc,start    ] GC(57) Pause Young (Normal) (G1 Evacuation Pause)
[2025-12-25T13:50:10.571+0000][gc,task     ] GC(57) Using 8 workers of 8 for evacuation
[2025-12-25T13:50:10.604+0000][gc,phases   ] GC(57)   Pre Evacuate Collection Set: 5.7ms
[2025-12-25T13:50:10.604+0000][gc,phases   ] GC(57)   Merge Heap Roots: 0.5ms
[2025-12-25T13:50:10.604+0000][gc,phases   ] GC(57)   Evacuate Collection Set: 20.9ms
[2025-12-25T13:50:10.604+0000][gc,phases   ] GC(57)   Post Evacuate Collection Set: 4.4ms
[2025-12-25T13:50:10.604+0000][gc,phases   ] GC(57)   Other: 0.9ms
[2025-12-25T13:50:10.604+0000][gc,heap     ] GC(57) Eden regions: 607->0(608)
[2025-12-25T13:50:10.604+0000][gc,heap     ] GC(57) Survivor regions: 7->6(77)
[2025-12-25T13:50:10.604+0000][gc,heap     ] GC(57) Old regions: 28->29
[2025-12-25T13:50:10.604+0000][gc,heap     ] GC(57) Humongous regions: 131->131
[2025-12-25T13:50:10.605+0000][gc,metaspace] GC(57) Metaspace: 14144K(14528K)->14144K(14528K) NonClass: 12563K(12736K)->12563K(12736K) Class: 1580K(1792K)->1580K(1792K)
[2025-12-25T13:50:10.605+0000][gc          ] GC(57) Pause Young (Normal) (G1 Evacuation Pause) 772M->164M(1024M) 34.739ms
[2025-12-25T13:50:10.605+0000][gc,cpu      ] GC(57) User=0.11s Sys=0.06s Real=0.04s
[2025-12-25T13:50:48.256+0000][gc,start    ] GC(58) Pause Young (Normal) (G1 Evacuation Pause)
[2025-12-25T13:50:48.256+0000][gc,task     ] GC(58) Using 8 workers of 8 for evacuation
[2025-12-25T13:50:48.270+0000][gc,phases   ] GC(58)   Pre Evacuate Collection Set: 1.4ms
[2025-12-25T13:50:48.270+0000][gc,phases   ] GC(58)   Merge Heap Roots: 0.2ms
[2025-12-25T13:50:48.270+0000][gc,phases   ] GC(58)   Evacuate Collection Set: 9.6ms
[2025-12-25T13:50:48.270+0000][gc,phases   ] GC(58)   Post Evacuate Collection Set: 2.0ms
[2025-12-25T13:50:48.270+0000][gc,phases   ] GC(58)   Other: 0.2ms
[2025-12-25T13:50:48.270+0000][gc,heap     ] GC(58) Eden regions: 608->0(606)
[2025-12-25T13:50:48.270+0000][gc,heap     ] GC(58) Survivor regions: 6->8(77)
[2025-12-25T13:50:48.270+0000][gc,heap     ] GC(58) Old regions: 29->29
[2025-12-25T13:50:48.271+0000][gc,heap     ] GC(58) Humongous regions: 131->131
[2025-12-25T13:50:48.271+0000][gc,metaspace] GC(58) Metaspace: 14170K(14592K)->14170K(14592K) NonClass: 12589K(12800K)->12589K(12800K) Class: 1580K(1792K)->1580K(1792K)
[2025-12-25T13:50:48.271+0000][gc          ] GC(58) Pause Young (Normal) (G1 Evacuation Pause) 772M->166M(1024M) 14.807ms
[2025-12-25T13:50:48.271+0000][gc,cpu      ] GC(58) User=0.08s Sys=0.01s Real=0.02s
[2025-12-25T13:51:27.799+0000][gc,start    ] GC(59) Pause Young (Normal) (G1 Evacuation Pause)
[2025-12-25T13:51:27.800+0000][gc,task     ] GC(59) Using 8 workers of 8 for evacuation
[2025-12-25T13:51:27.844+0000][gc,phases   ] GC(59)   Pre Evacuate Collection Set: 7.0ms
[2025-12-25T13:51:27.844+0000][gc,phases   ] GC(59)   Merge Heap Roots: 0.8ms
[2025-12-25T13:51:27.844+0000][gc,phases   ] GC(59)   Evacuate Collection Set: 33.6ms
[2025-12-25T13:51:27.844+0000][gc,phases   ] GC(59)   Post Evacuate Collection Set: 2.6ms
[2025-12-25T13:51:27.844+0000][gc,phases   ] GC(59)   Other: 0.4ms
[2025-12-25T13:51:27.844+0000][gc,heap     ] GC(59) Eden regions: 606->0(607)
[2025-12-25T13:51:27.845+0000][gc,heap     ] GC(59) Survivor regions: 8->7(77)
[2025-12-25T13:51:27.845+0000][gc,heap     ] GC(59) Old regions: 29->29
[2025-12-25T13:51:27.845+0000][gc,heap     ] GC(59) Humongous regions: 131->131
[2025-12-25T13:51:27.845+0000][gc,metaspace] GC(59) Metaspace: 14198K(14656K)->14198K(14656K) NonClass: 12617K(12864K)->12617K(12864K) Class: 1580K(1792K)->1580K(1792K)
[2025-12-25T13:51:27.845+0000][gc          ] GC(59) Pause Young (Normal) (G1 Evacuation Pause) 772M->166M(1024M) 46.395ms
[2025-12-25T13:51:27.845+0000][gc,cpu      ] GC(59) User=0.24s Sys=0.01s Real=0.05s
[2025-12-25T13:51:58.228+0000][gc,start    ] GC(60) Pause Young (Normal) (G1 Evacuation Pause)
[2025-12-25T13:51:58.229+0000][gc,task     ] GC(60) Using 8 workers of 8 for evacuation
[2025-12-25T13:51:58.262+0000][gc,phases   ] GC(60)   Pre Evacuate Collection Set: 6.0ms
[2025-12-25T13:51:58.262+0000][gc,phases   ] GC(60)   Merge Heap Roots: 1.4ms
[2025-12-25T13:51:58.262+0000][gc,phases   ] GC(60)   Evacuate Collection Set: 23.8ms
[2025-12-25T13:51:58.263+0000][gc,phases   ] GC(60)   Post Evacuate Collection Set: 1.7ms
[2025-12-25T13:51:58.263+0000][gc,phases   ] GC(60)   Other: 0.2ms
[2025-12-25T13:51:58.263+0000][gc,heap     ] GC(60) Eden regions: 607->0(605)
[2025-12-25T13:51:58.263+0000][gc,heap     ] GC(60) Survivor regions: 7->9(77)
[2025-12-25T13:51:58.263+0000][gc,heap     ] GC(60) Old regions: 29->29
[2025-12-25T13:51:58.263+0000][gc,heap     ] GC(60) Humongous regions: 131->131
[2025-12-25T13:51:58.263+0000][gc,metaspace] GC(60) Metaspace: 14210K(14656K)->14210K(14656K) NonClass: 12629K(12864K)->12629K(12864K) Class: 1580K(1792K)->1580K(1792K)
[2025-12-25T13:51:58.263+0000][gc          ] GC(60) Pause Young (Normal) (G1 Evacuation Pause) 773M->168M(1024M) 34.681ms
[2025-12-25T13:51:58.263+0000][gc,cpu      ] GC(60) User=0.18s Sys=0.00s Real=0.04s
[2025-12-25T13:52:37.811+0000][gc,start    ] GC(61) Pause Young (Normal) (G1 Evacuation Pause)
[2025-12-25T13:52:37.812+0000][gc,task     ] GC(61) Using 8 workers of 8 for evacuation
[2025-12-25T13:52:37.839+0000][gc,phases   ] GC(61)   Pre Evacuate Collection Set: 2.0ms
[2025-12-25T13:52:37.839+0000][gc,phases   ] GC(61)   Merge Heap Roots: 0.3ms
[2025-12-25T13:52:37.839+0000][gc,phases   ] GC(61)   Evacuate Collection Set: 21.4ms
[2025-12-25T13:52:37.839+0000][gc,phases   ] GC(61)   Post Evacuate Collection Set: 3.5ms
[2025-12-25T13:52:37.839+0000][gc,phases   ] GC(61)   Other: 0.3ms
[2025-12-25T13:52:37.839+0000][gc,heap     ] GC(61) Eden regions: 605->0(605)
[2025-12-25T13:52:37.839+0000][gc,heap     ] GC(61) Survivor regions: 9->9(77)
[2025-12-25T13:52:37.840+0000][gc,heap     ] GC(61) Old regions: 29->30
[2025-12-25T13:52:37.840+0000][gc,heap     ] GC(61) Humongous regions: 131->131
[2025-12-25T13:52:37.840+0000][gc,metaspace] GC(61) Metaspace: 14217K(14656K)->14217K(14656K) NonClass: 12636K(12864K)->12636K(12864K) Class: 1580K(1792K)->1580K(1792K)
[2025-12-25T13:52:37.840+0000][gc          ] GC(61) Pause Young (Normal) (G1 Evacuation Pause) 773M->168M(1024M) 28.985ms
[2025-12-25T13:52:37.840+0000][gc,cpu      ] GC(61) User=0.15s Sys=0.01s Real=0.03s
[2025-12-25T13:53:08.156+0000][gc,start    ] GC(62) Pause Young (Normal) (G1 Evacuation Pause)
[2025-12-25T13:53:08.158+0000][gc,task     ] GC(62) Using 8 workers of 8 for evacuation
[2025-12-25T13:53:08.171+0000][gc,phases   ] GC(62)   Pre Evacuate Collection Set: 1.4ms
[2025-12-25T13:53:08.171+0000][gc,phases   ] GC(62)   Merge Heap Roots: 0.2ms
[2025-12-25T13:53:08.171+0000][gc,phases   ] GC(62)   Evacuate Collection Set: 6.1ms
[2025-12-25T13:53:08.172+0000][gc,phases   ] GC(62)   Post Evacuate Collection Set: 5.4ms
[2025-12-25T13:53:08.172+0000][gc,phases   ] GC(62)   Other: 0.3ms
[2025-12-25T13:53:08.172+0000][gc,heap     ] GC(62) Eden regions: 605->0(608)
[2025-12-25T13:53:08.172+0000][gc,heap     ] GC(62) Survivor regions: 9->6(77)
[2025-12-25T13:53:08.172+0000][gc,heap     ] GC(62) Old regions: 30->30
[2025-12-25T13:53:08.172+0000][gc,heap     ] GC(62) Humongous regions: 131->131
[2025-12-25T13:53:08.172+0000][gc,metaspace] GC(62) Metaspace: 14245K(14656K)->14245K(14656K) NonClass: 12664K(12864K)->12664K(12864K) Class: 1580K(1792K)->1580K(1792K)
[2025-12-25T13:53:08.172+0000][gc          ] GC(62) Pause Young (Normal) (G1 Evacuation Pause) 773M->165M(1024M) 15.534ms
[2025-12-25T13:53:08.172+0000][gc,cpu      ] GC(62) User=0.07s Sys=0.01s Real=0.02s
[2025-12-25T13:53:47.846+0000][gc,start    ] GC(63) Pause Young (Normal) (G1 Evacuation Pause)
[2025-12-25T13:53:47.846+0000][gc,task     ] GC(63) Using 8 workers of 8 for evacuation
[2025-12-25T13:53:47.934+0000][gc,phases   ] GC(63)   Pre Evacuate Collection Set: 4.4ms
[2025-12-25T13:53:47.934+0000][gc,phases   ] GC(63)   Merge Heap Roots: 1.8ms
[2025-12-25T13:53:47.934+0000][gc,phases   ] GC(63)   Evacuate Collection Set: 76.7ms
[2025-12-25T13:53:47.935+0000][gc,phases   ] GC(63)   Post Evacuate Collection Set: 3.9ms
[2025-12-25T13:53:47.935+0000][gc,phases   ] GC(63)   Other: 0.4ms
[2025-12-25T13:53:47.935+0000][gc,heap     ] GC(63) Eden regions: 608->0(609)
[2025-12-25T13:53:47.936+0000][gc,heap     ] GC(63) Survivor regions: 6->5(77)
[2025-12-25T13:53:47.936+0000][gc,heap     ] GC(63) Old regions: 30->30
[2025-12-25T13:53:47.936+0000][gc,heap     ] GC(63) Humongous regions: 131->131
[2025-12-25T13:53:47.936+0000][gc,metaspace] GC(63) Metaspace: 14249K(14656K)->14249K(14656K) NonClass: 12668K(12864K)->12668K(12864K) Class: 1580K(1792K)->1580K(1792K)
[2025-12-25T13:53:47.936+0000][gc          ] GC(63) Pause Young (Normal) (G1 Evacuation Pause) 773M->165M(1024M) 90.648ms
[2025-12-25T13:53:47.937+0000][gc,cpu      ] GC(63) User=0.35s Sys=0.04s Real=0.09s
[2025-12-25T13:54:18.297+0000][gc,start    ] GC(64) Pause Young (Normal) (G1 Evacuation Pause)
[2025-12-25T13:54:18.298+0000][gc,task     ] GC(64) Using 8 workers of 8 for evacuation
[2025-12-25T13:54:18.326+0000][gc,phases   ] GC(64)   Pre Evacuate Collection Set: 1.8ms
[2025-12-25T13:54:18.326+0000][gc,phases   ] GC(64)   Merge Heap Roots: 1.9ms
[2025-12-25T13:54:18.326+0000][gc,phases   ] GC(64)   Evacuate Collection Set: 23.4ms
[2025-12-25T13:54:18.326+0000][gc,phases   ] GC(64)   Post Evacuate Collection Set: 1.2ms
[2025-12-25T13:54:18.326+0000][gc,phases   ] GC(64)   Other: 0.3ms
[2025-12-25T13:54:18.326+0000][gc,heap     ] GC(64) Eden regions: 609->0(607)
[2025-12-25T13:54:18.327+0000][gc,heap     ] GC(64) Survivor regions: 5->7(77)
[2025-12-25T13:54:18.327+0000][gc,heap     ] GC(64) Old regions: 30->30
[2025-12-25T13:54:18.327+0000][gc,heap     ] GC(64) Humongous regions: 131->131
[2025-12-25T13:54:18.327+0000][gc,metaspace] GC(64) Metaspace: 14256K(14656K)->14256K(14656K) NonClass: 12675K(12864K)->12675K(12864K) Class: 1581K(1792K)->1581K(1792K)
[2025-12-25T13:54:18.327+0000][gc          ] GC(64) Pause Young (Normal) (G1 Evacuation Pause) 774M->167M(1024M) 30.032ms
[2025-12-25T13:54:18.327+0000][gc,cpu      ] GC(64) User=0.20s Sys=0.00s Real=0.03s
[2025-12-25T13:54:57.933+0000][gc,start    ] GC(65) Pause Young (Normal) (G1 Evacuation Pause)
[2025-12-25T13:54:57.933+0000][gc,task     ] GC(65) Using 8 workers of 8 for evacuation
[2025-12-25T13:54:57.956+0000][gc,phases   ] GC(65)   Pre Evacuate Collection Set: 3.2ms
[2025-12-25T13:54:57.956+0000][gc,phases   ] GC(65)   Merge Heap Roots: 0.9ms
[2025-12-25T13:54:57.956+0000][gc,phases   ] GC(65)   Evacuate Collection Set: 15.0ms
[2025-12-25T13:54:57.956+0000][gc,phases   ] GC(65)   Post Evacuate Collection Set: 2.9ms
[2025-12-25T13:54:57.956+0000][gc,phases   ] GC(65)   Other: 0.4ms
[2025-12-25T13:54:57.956+0000][gc,heap     ] GC(65) Eden regions: 607->0(607)
[2025-12-25T13:54:57.957+0000][gc,heap     ] GC(65) Survivor regions: 7->7(77)
[2025-12-25T13:54:57.957+0000][gc,heap     ] GC(65) Old regions: 30->30
[2025-12-25T13:54:57.957+0000][gc,heap     ] GC(65) Humongous regions: 131->131
[2025-12-25T13:54:57.957+0000][gc,metaspace] GC(65) Metaspace: 14256K(14656K)->14256K(14656K) NonClass: 12675K(12864K)->12675K(12864K) Class: 1581K(1792K)->1581K(1792K)
[2025-12-25T13:54:57.957+0000][gc          ] GC(65) Pause Young (Normal) (G1 Evacuation Pause) 774M->167M(1024M) 24.399ms
[2025-12-25T13:54:57.957+0000][gc,cpu      ] GC(65) User=0.13s Sys=0.00s Real=0.03s
[2025-12-25T13:55:28.277+0000][gc,start    ] GC(66) Pause Young (Normal) (G1 Evacuation Pause)
[2025-12-25T13:55:28.278+0000][gc,task     ] GC(66) Using 8 workers of 8 for evacuation
[2025-12-25T13:55:28.298+0000][gc,phases   ] GC(66)   Pre Evacuate Collection Set: 1.6ms
[2025-12-25T13:55:28.299+0000][gc,phases   ] GC(66)   Merge Heap Roots: 0.2ms
[2025-12-25T13:55:28.299+0000][gc,phases   ] GC(66)   Evacuate Collection Set: 17.3ms
[2025-12-25T13:55:28.299+0000][gc,phases   ] GC(66)   Post Evacuate Collection Set: 1.3ms
[2025-12-25T13:55:28.299+0000][gc,phases   ] GC(66)   Other: 0.2ms
[2025-12-25T13:55:28.299+0000][gc,heap     ] GC(66) Eden regions: 607->0(606)
[2025-12-25T13:55:28.299+0000][gc,heap     ] GC(66) Survivor regions: 7->8(77)
[2025-12-25T13:55:28.299+0000][gc,heap     ] GC(66) Old regions: 30->31
[2025-12-25T13:55:28.299+0000][gc,heap     ] GC(66) Humongous regions: 131->131
[2025-12-25T13:55:28.299+0000][gc,metaspace] GC(66) Metaspace: 14261K(14656K)->14261K(14656K) NonClass: 12679K(12864K)->12679K(12864K) Class: 1581K(1792K)->1581K(1792K)
[2025-12-25T13:55:28.299+0000][gc          ] GC(66) Pause Young (Normal) (G1 Evacuation Pause) 774M->169M(1024M) 21.937ms
[2025-12-25T13:55:28.299+0000][gc,cpu      ] GC(66) User=0.14s Sys=0.01s Real=0.02s
[2025-12-25T13:56:08.037+0000][gc,start    ] GC(67) Pause Young (Normal) (G1 Evacuation Pause)
[2025-12-25T13:56:08.038+0000][gc,task     ] GC(67) Using 8 workers of 8 for evacuation
[2025-12-25T13:56:08.069+0000][gc,phases   ] GC(67)   Pre Evacuate Collection Set: 2.5ms
[2025-12-25T13:56:08.069+0000][gc,phases   ] GC(67)   Merge Heap Roots: 0.7ms
[2025-12-25T13:56:08.069+0000][gc,phases   ] GC(67)   Evacuate Collection Set: 25.5ms
[2025-12-25T13:56:08.069+0000][gc,phases   ] GC(67)   Post Evacuate Collection Set: 2.3ms
[2025-12-25T13:56:08.069+0000][gc,phases   ] GC(67)   Other: 0.2ms
[2025-12-25T13:56:08.069+0000][gc,heap     ] GC(67) Eden regions: 606->0(606)
[2025-12-25T13:56:08.069+0000][gc,heap     ] GC(67) Survivor regions: 8->8(77)
[2025-12-25T13:56:08.069+0000][gc,heap     ] GC(67) Old regions: 31->31
[2025-12-25T13:56:08.069+0000][gc,heap     ] GC(67) Humongous regions: 131->131
[2025-12-25T13:56:08.069+0000][gc,metaspace] GC(67) Metaspace: 14270K(14656K)->14270K(14656K) NonClass: 12689K(12864K)->12689K(12864K) Class: 1581K(1792K)->1581K(1792K)
[2025-12-25T13:56:08.069+0000][gc          ] GC(67) Pause Young (Normal) (G1 Evacuation Pause) 775M->169M(1024M) 32.486ms
[2025-12-25T13:56:08.069+0000][gc,cpu      ] GC(67) User=0.17s Sys=0.01s Real=0.03s
[2025-12-25T13:56:38.776+0000][gc,start    ] GC(68) Pause Young (Normal) (G1 Evacuation Pause)
[2025-12-25T13:56:38.777+0000][gc,task     ] GC(68) Using 8 workers of 8 for evacuation
[2025-12-25T13:56:38.797+0000][gc,phases   ] GC(68)   Pre Evacuate Collection Set: 1.9ms
[2025-12-25T13:56:38.798+0000][gc,phases   ] GC(68)   Merge Heap Roots: 0.5ms
[2025-12-25T13:56:38.798+0000][gc,phases   ] GC(68)   Evacuate Collection Set: 16.0ms
[2025-12-25T13:56:38.798+0000][gc,phases   ] GC(68)   Post Evacuate Collection Set: 1.7ms
[2025-12-25T13:56:38.798+0000][gc,phases   ] GC(68)   Other: 0.4ms
[2025-12-25T13:56:38.798+0000][gc,heap     ] GC(68) Eden regions: 606->0(604)
[2025-12-25T13:56:38.798+0000][gc,heap     ] GC(68) Survivor regions: 8->10(77)
[2025-12-25T13:56:38.798+0000][gc,heap     ] GC(68) Old regions: 31->31
[2025-12-25T13:56:38.798+0000][gc,heap     ] GC(68) Humongous regions: 131->131
[2025-12-25T13:56:38.798+0000][gc,metaspace] GC(68) Metaspace: 14274K(14656K)->14274K(14656K) NonClass: 12693K(12864K)->12693K(12864K) Class: 1581K(1792K)->1581K(1792K)
[2025-12-25T13:56:38.798+0000][gc          ] GC(68) Pause Young (Normal) (G1 Evacuation Pause) 775M->171M(1024M) 22.386ms
[2025-12-25T13:56:38.798+0000][gc,cpu      ] GC(68) User=0.15s Sys=0.00s Real=0.02s
[2025-12-25T13:57:18.170+0000][gc,start    ] GC(69) Pause Young (Normal) (G1 Evacuation Pause)
[2025-12-25T13:57:18.178+0000][gc,task     ] GC(69) Using 8 workers of 8 for evacuation
[2025-12-25T13:57:18.231+0000][gc,phases   ] GC(69)   Pre Evacuate Collection Set: 19.4ms
[2025-12-25T13:57:18.233+0000][gc,phases   ] GC(69)   Merge Heap Roots: 0.4ms
[2025-12-25T13:57:18.233+0000][gc,phases   ] GC(69)   Evacuate Collection Set: 27.3ms
[2025-12-25T13:57:18.234+0000][gc,phases   ] GC(69)   Post Evacuate Collection Set: 5.8ms
[2025-12-25T13:57:18.235+0000][gc,phases   ] GC(69)   Other: 1.1ms
[2025-12-25T13:57:18.235+0000][gc,heap     ] GC(69) Eden regions: 604->0(608)
[2025-12-25T13:57:18.235+0000][gc,heap     ] GC(69) Survivor regions: 10->6(77)
[2025-12-25T13:57:18.235+0000][gc,heap     ] GC(69) Old regions: 31->31
[2025-12-25T13:57:18.235+0000][gc,heap     ] GC(69) Humongous regions: 131->131
[2025-12-25T13:57:18.235+0000][gc,metaspace] GC(69) Metaspace: 14286K(14720K)->14286K(14720K) NonClass: 12705K(12928K)->12705K(12928K) Class: 1581K(1792K)->1581K(1792K)
[2025-12-25T13:57:18.235+0000][gc          ] GC(69) Pause Young (Normal) (G1 Evacuation Pause) 775M->167M(1024M) 64.891ms
[2025-12-25T13:57:18.235+0000][gc,cpu      ] GC(69) User=0.19s Sys=0.02s Real=0.08s
[2025-12-25T13:57:48.479+0000][gc,start    ] GC(70) Pause Young (Normal) (G1 Evacuation Pause)
[2025-12-25T13:57:48.480+0000][gc,task     ] GC(70) Using 8 workers of 8 for evacuation
[2025-12-25T13:57:48.520+0000][gc,phases   ] GC(70)   Pre Evacuate Collection Set: 6.9ms
[2025-12-25T13:57:48.520+0000][gc,phases   ] GC(70)   Merge Heap Roots: 1.6ms
[2025-12-25T13:57:48.520+0000][gc,phases   ] GC(70)   Evacuate Collection Set: 28.8ms
[2025-12-25T13:57:48.520+0000][gc,phases   ] GC(70)   Post Evacuate Collection Set: 2.3ms
[2025-12-25T13:57:48.521+0000][gc,phases   ] GC(70)   Other: 0.4ms
[2025-12-25T13:57:48.521+0000][gc,heap     ] GC(70) Eden regions: 608->0(607)
[2025-12-25T13:57:48.521+0000][gc,heap     ] GC(70) Survivor regions: 6->7(77)
[2025-12-25T13:57:48.521+0000][gc,heap     ] GC(70) Old regions: 31->32
[2025-12-25T13:57:48.521+0000][gc,heap     ] GC(70) Humongous regions: 131->131
[2025-12-25T13:57:48.521+0000][gc,metaspace] GC(70) Metaspace: 14290K(14720K)->14290K(14720K) NonClass: 12709K(12928K)->12709K(12928K) Class: 1581K(1792K)->1581K(1792K)
[2025-12-25T13:57:48.521+0000][gc          ] GC(70) Pause Young (Normal) (G1 Evacuation Pause) 775M->168M(1024M) 42.410ms
[2025-12-25T13:57:48.521+0000][gc,cpu      ] GC(70) User=0.24s Sys=0.01s Real=0.04s
[2025-12-25T13:58:27.973+0000][gc,start    ] GC(71) Pause Young (Normal) (G1 Evacuation Pause)
[2025-12-25T13:58:27.973+0000][gc,task     ] GC(71) Using 8 workers of 8 for evacuation
[2025-12-25T13:58:27.991+0000][gc,phases   ] GC(71)   Pre Evacuate Collection Set: 1.9ms
[2025-12-25T13:58:27.991+0000][gc,phases   ] GC(71)   Merge Heap Roots: 0.3ms
[2025-12-25T13:58:27.991+0000][gc,phases   ] GC(71)   Evacuate Collection Set: 13.3ms
[2025-12-25T13:58:27.991+0000][gc,phases   ] GC(71)   Post Evacuate Collection Set: 1.8ms
[2025-12-25T13:58:27.991+0000][gc,phases   ] GC(71)   Other: 0.2ms
[2025-12-25T13:58:27.991+0000][gc,heap     ] GC(71) Eden regions: 607->0(607)
[2025-12-25T13:58:27.991+0000][gc,heap     ] GC(71) Survivor regions: 7->7(77)
[2025-12-25T13:58:27.991+0000][gc,heap     ] GC(71) Old regions: 32->32
[2025-12-25T13:58:27.991+0000][gc,heap     ] GC(71) Humongous regions: 131->131
[2025-12-25T13:58:27.992+0000][gc,metaspace] GC(71) Metaspace: 14291K(14720K)->14291K(14720K) NonClass: 12710K(12928K)->12710K(12928K) Class: 1581K(1792K)->1581K(1792K)
[2025-12-25T13:58:27.992+0000][gc          ] GC(71) Pause Young (Normal) (G1 Evacuation Pause) 775M->168M(1024M) 19.101ms
[2025-12-25T13:58:27.992+0000][gc,cpu      ] GC(71) User=0.10s Sys=0.00s Real=0.02s
[2025-12-25T13:58:58.355+0000][gc,start    ] GC(72) Pause Young (Normal) (G1 Evacuation Pause)
[2025-12-25T13:58:58.356+0000][gc,task     ] GC(72) Using 8 workers of 8 for evacuation
[2025-12-25T13:58:58.407+0000][gc,phases   ] GC(72)   Pre Evacuate Collection Set: 23.3ms
[2025-12-25T13:58:58.407+0000][gc,phases   ] GC(72)   Merge Heap Roots: 3.1ms
[2025-12-25T13:58:58.407+0000][gc,phases   ] GC(72)   Evacuate Collection Set: 23.0ms
[2025-12-25T13:58:58.407+0000][gc,phases   ] GC(72)   Post Evacuate Collection Set: 1.6ms
[2025-12-25T13:58:58.407+0000][gc,phases   ] GC(72)   Other: 0.7ms
[2025-12-25T13:58:58.407+0000][gc,heap     ] GC(72) Eden regions: 607->0(606)
[2025-12-25T13:58:58.407+0000][gc,heap     ] GC(72) Survivor regions: 7->8(77)
[2025-12-25T13:58:58.407+0000][gc,heap     ] GC(72) Old regions: 32->32
[2025-12-25T13:58:58.408+0000][gc,heap     ] GC(72) Humongous regions: 131->131
[2025-12-25T13:58:58.408+0000][gc,metaspace] GC(72) Metaspace: 14291K(14720K)->14291K(14720K) NonClass: 12710K(12928K)->12710K(12928K) Class: 1581K(1792K)->1581K(1792K)
[2025-12-25T13:58:58.408+0000][gc          ] GC(72) Pause Young (Normal) (G1 Evacuation Pause) 775M->170M(1024M) 53.082ms
[2025-12-25T13:58:58.408+0000][gc,cpu      ] GC(72) User=0.25s Sys=0.02s Real=0.05s
[2025-12-25T13:59:38.008+0000][gc,start    ] GC(73) Pause Young (Normal) (G1 Evacuation Pause)
[2025-12-25T13:59:38.010+0000][gc,task     ] GC(73) Using 8 workers of 8 for evacuation
[2025-12-25T13:59:38.026+0000][gc,phases   ] GC(73)   Pre Evacuate Collection Set: 1.6ms
[2025-12-25T13:59:38.026+0000][gc,phases   ] GC(73)   Merge Heap Roots: 0.2ms
[2025-12-25T13:59:38.026+0000][gc,phases   ] GC(73)   Evacuate Collection Set: 9.2ms
[2025-12-25T13:59:38.026+0000][gc,phases   ] GC(73)   Post Evacuate Collection Set: 5.3ms
[2025-12-25T13:59:38.026+0000][gc,phases   ] GC(73)   Other: 0.3ms
[2025-12-25T13:59:38.026+0000][gc,heap     ] GC(73) Eden regions: 606->0(606)
[2025-12-25T13:59:38.026+0000][gc,heap     ] GC(73) Survivor regions: 8->8(77)
[2025-12-25T13:59:38.026+0000][gc,heap     ] GC(73) Old regions: 32->32
[2025-12-25T13:59:38.027+0000][gc,heap     ] GC(73) Humongous regions: 131->131
[2025-12-25T13:59:38.027+0000][gc,metaspace] GC(73) Metaspace: 14304K(14720K)->14304K(14720K) NonClass: 12723K(12928K)->12723K(12928K) Class: 1581K(1792K)->1581K(1792K)
[2025-12-25T13:59:38.027+0000][gc          ] GC(73) Pause Young (Normal) (G1 Evacuation Pause) 776M->170M(1024M) 18.574ms
[2025-12-25T13:59:38.027+0000][gc,cpu      ] GC(73) User=0.09s Sys=0.01s Real=0.02s
[2025-12-25T14:00:08.835+0000][gc,start    ] GC(74) Pause Young (Normal) (G1 Evacuation Pause)
[2025-12-25T14:00:08.842+0000][gc,task     ] GC(74) Using 8 workers of 8 for evacuation
[2025-12-25T14:00:08.877+0000][gc,phases   ] GC(74)   Pre Evacuate Collection Set: 11.6ms
[2025-12-25T14:00:08.877+0000][gc,phases   ] GC(74)   Merge Heap Roots: 0.5ms
[2025-12-25T14:00:08.877+0000][gc,phases   ] GC(74)   Evacuate Collection Set: 16.8ms
[2025-12-25T14:00:08.877+0000][gc,phases   ] GC(74)   Post Evacuate Collection Set: 5.6ms
[2025-12-25T14:00:08.877+0000][gc,phases   ] GC(74)   Other: 2.5ms
[2025-12-25T14:00:08.877+0000][gc,heap     ] GC(74) Eden regions: 606->0(605)
[2025-12-25T14:00:08.878+0000][gc,heap     ] GC(74) Survivor regions: 8->9(77)
[2025-12-25T14:00:08.878+0000][gc,heap     ] GC(74) Old regions: 32->33
[2025-12-25T14:00:08.878+0000][gc,heap     ] GC(74) Humongous regions: 131->131
[2025-12-25T14:00:08.878+0000][gc,metaspace] GC(74) Metaspace: 14305K(14720K)->14305K(14720K) NonClass: 12724K(12928K)->12724K(12928K) Class: 1581K(1792K)->1581K(1792K)
[2025-12-25T14:00:08.878+0000][gc          ] GC(74) Pause Young (Normal) (G1 Evacuation Pause) 776M->172M(1024M) 42.804ms
[2025-12-25T14:00:08.878+0000][gc,cpu      ] GC(74) User=0.21s Sys=0.03s Real=0.04s
[2025-12-25T14:00:48.510+0000][gc,start    ] GC(75) Pause Young (Normal) (G1 Evacuation Pause)
[2025-12-25T14:00:48.511+0000][gc,task     ] GC(75) Using 8 workers of 8 for evacuation
[2025-12-25T14:00:48.540+0000][gc,phases   ] GC(75)   Pre Evacuate Collection Set: 3.3ms
[2025-12-25T14:00:48.540+0000][gc,phases   ] GC(75)   Merge Heap Roots: 0.6ms
[2025-12-25T14:00:48.540+0000][gc,phases   ] GC(75)   Evacuate Collection Set: 21.9ms
[2025-12-25T14:00:48.540+0000][gc,phases   ] GC(75)   Post Evacuate Collection Set: 2.9ms
[2025-12-25T14:00:48.540+0000][gc,phases   ] GC(75)   Other: 0.3ms
[2025-12-25T14:00:48.540+0000][gc,heap     ] GC(75) Eden regions: 605->0(605)
[2025-12-25T14:00:48.541+0000][gc,heap     ] GC(75) Survivor regions: 9->9(77)
[2025-12-25T14:00:48.541+0000][gc,heap     ] GC(75) Old regions: 33->33
[2025-12-25T14:00:48.541+0000][gc,heap     ] GC(75) Humongous regions: 131->131
[2025-12-25T14:00:48.541+0000][gc,metaspace] GC(75) Metaspace: 14311K(14784K)->14311K(14784K) NonClass: 12729K(12992K)->12729K(12992K) Class: 1581K(1792K)->1581K(1792K)
[2025-12-25T14:00:48.541+0000][gc          ] GC(75) Pause Young (Normal) (G1 Evacuation Pause) 777M->172M(1024M) 30.564ms
[2025-12-25T14:00:48.541+0000][gc,cpu      ] GC(75) User=0.20s Sys=0.01s Real=0.03s
[2025-12-25T14:01:18.514+0000][gc,start    ] GC(76) Pause Young (Normal) (G1 Evacuation Pause)
[2025-12-25T14:01:18.515+0000][gc,task     ] GC(76) Using 8 workers of 8 for evacuation
[2025-12-25T14:01:18.542+0000][gc,phases   ] GC(76)   Pre Evacuate Collection Set: 2.9ms
[2025-12-25T14:01:18.542+0000][gc,phases   ] GC(76)   Merge Heap Roots: 1.2ms
[2025-12-25T14:01:18.542+0000][gc,phases   ] GC(76)   Evacuate Collection Set: 19.2ms
[2025-12-25T14:01:18.543+0000][gc,phases   ] GC(76)   Post Evacuate Collection Set: 4.3ms
[2025-12-25T14:01:18.543+0000][gc,phases   ] GC(76)   Other: 0.3ms
[2025-12-25T14:01:18.543+0000][gc,heap     ] GC(76) Eden regions: 605->0(603)
[2025-12-25T14:01:18.543+0000][gc,heap     ] GC(76) Survivor regions: 9->11(77)
[2025-12-25T14:01:18.543+0000][gc,heap     ] GC(76) Old regions: 33->33
[2025-12-25T14:01:18.543+0000][gc,heap     ] GC(76) Humongous regions: 131->131
[2025-12-25T14:01:18.543+0000][gc,metaspace] GC(76) Metaspace: 14331K(14784K)->14331K(14784K) NonClass: 12750K(12992K)->12750K(12992K) Class: 1581K(1792K)->1581K(1792K)
[2025-12-25T14:01:18.543+0000][gc          ] GC(76) Pause Young (Normal) (G1 Evacuation Pause) 777M->173M(1024M) 28.899ms
[2025-12-25T14:01:18.543+0000][gc,cpu      ] GC(76) User=0.16s Sys=0.02s Real=0.03s
[2025-12-25T14:01:58.110+0000][gc,start    ] GC(77) Pause Young (Normal) (G1 Evacuation Pause)
[2025-12-25T14:01:58.110+0000][gc,task     ] GC(77) Using 8 workers of 8 for evacuation
[2025-12-25T14:01:58.139+0000][gc,phases   ] GC(77)   Pre Evacuate Collection Set: 2.3ms
[2025-12-25T14:01:58.139+0000][gc,phases   ] GC(77)   Merge Heap Roots: 0.9ms
[2025-12-25T14:01:58.139+0000][gc,phases   ] GC(77)   Evacuate Collection Set: 20.0ms
[2025-12-25T14:01:58.139+0000][gc,phases   ] GC(77)   Post Evacuate Collection Set: 5.5ms
[2025-12-25T14:01:58.140+0000][gc,phases   ] GC(77)   Other: 0.2ms
[2025-12-25T14:01:58.140+0000][gc,heap     ] GC(77) Eden regions: 603->0(608)
[2025-12-25T14:01:58.140+0000][gc,heap     ] GC(77) Survivor regions: 11->6(77)
[2025-12-25T14:01:58.140+0000][gc,heap     ] GC(77) Old regions: 33->33
[2025-12-25T14:01:58.140+0000][gc,heap     ] GC(77) Humongous regions: 131->131
[2025-12-25T14:01:58.141+0000][gc,metaspace] GC(77) Metaspace: 14481K(14848K)->14481K(14848K) NonClass: 12900K(13056K)->12900K(13056K) Class: 1581K(1792K)->1581K(1792K)
[2025-12-25T14:01:58.141+0000][gc          ] GC(77) Pause Young (Normal) (G1 Evacuation Pause) 776M->169M(1024M) 31.263ms
[2025-12-25T14:01:58.141+0000][gc,cpu      ] GC(77) User=0.12s Sys=0.00s Real=0.03s
[2025-12-25T14:02:28.793+0000][gc,start    ] GC(78) Pause Young (Normal) (G1 Evacuation Pause)
[2025-12-25T14:02:28.793+0000][gc,task     ] GC(78) Using 8 workers of 8 for evacuation
[2025-12-25T14:02:28.824+0000][gc,phases   ] GC(78)   Pre Evacuate Collection Set: 1.4ms
[2025-12-25T14:02:28.824+0000][gc,phases   ] GC(78)   Merge Heap Roots: 0.5ms
[2025-12-25T14:02:28.824+0000][gc,phases   ] GC(78)   Evacuate Collection Set: 26.4ms
[2025-12-25T14:02:28.824+0000][gc,phases   ] GC(78)   Post Evacuate Collection Set: 2.0ms
[2025-12-25T14:02:28.824+0000][gc,phases   ] GC(78)   Other: 0.2ms
[2025-12-25T14:02:28.824+0000][gc,heap     ] GC(78) Eden regions: 608->0(607)
[2025-12-25T14:02:28.825+0000][gc,heap     ] GC(78) Survivor regions: 6->7(77)
[2025-12-25T14:02:28.825+0000][gc,heap     ] GC(78) Old regions: 33->34
[2025-12-25T14:02:28.825+0000][gc,heap     ] GC(78) Humongous regions: 131->131
[2025-12-25T14:02:28.825+0000][gc,metaspace] GC(78) Metaspace: 14481K(14848K)->14481K(14848K) NonClass: 12900K(13056K)->12900K(13056K) Class: 1581K(1792K)->1581K(1792K)
[2025-12-25T14:02:28.825+0000][gc          ] GC(78) Pause Young (Normal) (G1 Evacuation Pause) 777M->171M(1024M) 32.015ms
[2025-12-25T14:02:28.825+0000][gc,cpu      ] GC(78) User=0.21s Sys=0.00s Real=0.04s
[2025-12-25T14:03:08.514+0000][gc,start    ] GC(79) Pause Young (Normal) (G1 Evacuation Pause)
[2025-12-25T14:03:08.515+0000][gc,task     ] GC(79) Using 8 workers of 8 for evacuation
[2025-12-25T14:03:08.539+0000][gc,phases   ] GC(79)   Pre Evacuate Collection Set: 1.5ms
[2025-12-25T14:03:08.539+0000][gc,phases   ] GC(79)   Merge Heap Roots: 0.3ms
[2025-12-25T14:03:08.539+0000][gc,phases   ] GC(79)   Evacuate Collection Set: 13.6ms
[2025-12-25T14:03:08.539+0000][gc,phases   ] GC(79)   Post Evacuate Collection Set: 8.1ms
[2025-12-25T14:03:08.539+0000][gc,phases   ] GC(79)   Other: 0.4ms
[2025-12-25T14:03:08.540+0000][gc,heap     ] GC(79) Eden regions: 607->0(607)
[2025-12-25T14:03:08.540+0000][gc,heap     ] GC(79) Survivor regions: 7->7(77)
[2025-12-25T14:03:08.540+0000][gc,heap     ] GC(79) Old regions: 34->34
[2025-12-25T14:03:08.540+0000][gc,heap     ] GC(79) Humongous regions: 131->131
[2025-12-25T14:03:08.540+0000][gc,metaspace] GC(79) Metaspace: 14482K(14848K)->14482K(14848K) NonClass: 12901K(13056K)->12901K(13056K) Class: 1581K(1792K)->1581K(1792K)
[2025-12-25T14:03:08.540+0000][gc          ] GC(79) Pause Young (Normal) (G1 Evacuation Pause) 778M->171M(1024M) 26.661ms
[2025-12-25T14:03:08.540+0000][gc,cpu      ] GC(79) User=0.12s Sys=0.00s Real=0.03s
[2025-12-25T14:03:48.518+0000][gc,start    ] GC(80) Pause Young (Normal) (G1 Evacuation Pause)
[2025-12-25T14:03:48.520+0000][gc,task     ] GC(80) Using 8 workers of 8 for evacuation
[2025-12-25T14:03:48.619+0000][gc,phases   ] GC(80)   Pre Evacuate Collection Set: 13.2ms
[2025-12-25T14:03:48.619+0000][gc,phases   ] GC(80)   Merge Heap Roots: 0.8ms
[2025-12-25T14:03:48.619+0000][gc,phases   ] GC(80)   Evacuate Collection Set: 68.8ms
[2025-12-25T14:03:48.619+0000][gc,phases   ] GC(80)   Post Evacuate Collection Set: 15.6ms
[2025-12-25T14:03:48.619+0000][gc,phases   ] GC(80)   Other: 1.2ms
[2025-12-25T14:03:48.619+0000][gc,heap     ] GC(80) Eden regions: 607->0(607)
[2025-12-25T14:03:48.619+0000][gc,heap     ] GC(80) Survivor regions: 7->7(77)
[2025-12-25T14:03:48.619+0000][gc,heap     ] GC(80) Old regions: 34->34
[2025-12-25T14:03:48.619+0000][gc,heap     ] GC(80) Humongous regions: 131->131
[2025-12-25T14:03:48.619+0000][gc,metaspace] GC(80) Metaspace: 14487K(14848K)->14487K(14848K) NonClass: 12906K(13056K)->12906K(13056K) Class: 1581K(1792K)->1581K(1792K)
[2025-12-25T14:03:48.619+0000][gc          ] GC(80) Pause Young (Normal) (G1 Evacuation Pause) 778M->170M(1024M) 101.419ms
[2025-12-25T14:03:48.619+0000][gc,cpu      ] GC(80) User=0.44s Sys=0.02s Real=0.10s
[2025-12-25T14:04:18.740+0000][gc,start    ] GC(81) Pause Young (Normal) (G1 Evacuation Pause)
[2025-12-25T14:04:18.741+0000][gc,task     ] GC(81) Using 8 workers of 8 for evacuation
[2025-12-25T14:04:18.826+0000][gc,phases   ] GC(81)   Pre Evacuate Collection Set: 5.1ms
[2025-12-25T14:04:18.827+0000][gc,phases   ] GC(81)   Merge Heap Roots: 1.5ms
[2025-12-25T14:04:18.827+0000][gc,phases   ] GC(81)   Evacuate Collection Set: 72.4ms
[2025-12-25T14:04:18.827+0000][gc,phases   ] GC(81)   Post Evacuate Collection Set: 6.2ms
[2025-12-25T14:04:18.828+0000][gc,phases   ] GC(81)   Other: 0.3ms
[2025-12-25T14:04:18.828+0000][gc,heap     ] GC(81) Eden regions: 607->0(606)
[2025-12-25T14:04:18.828+0000][gc,heap     ] GC(81) Survivor regions: 7->8(77)
[2025-12-25T14:04:18.828+0000][gc,heap     ] GC(81) Old regions: 34->34
[2025-12-25T14:04:18.828+0000][gc,heap     ] GC(81) Humongous regions: 131->131
[2025-12-25T14:04:18.828+0000][gc,metaspace] GC(81) Metaspace: 14487K(14848K)->14487K(14848K) NonClass: 12906K(13056K)->12906K(13056K) Class: 1581K(1792K)->1581K(1792K)
[2025-12-25T14:04:18.828+0000][gc          ] GC(81) Pause Young (Normal) (G1 Evacuation Pause) 777M->172M(1024M) 88.095ms
[2025-12-25T14:04:18.828+0000][gc,cpu      ] GC(81) User=0.32s Sys=0.01s Real=0.09s
[2025-12-25T14:05:00.095+0000][gc,start    ] GC(82) Pause Young (Normal) (G1 Evacuation Pause)
[2025-12-25T14:05:00.113+0000][gc,task     ] GC(82) Using 8 workers of 8 for evacuation
[2025-12-25T14:05:00.671+0000][gc,mmu      ] GC(82) MMU target violated: 201.0ms (200.0ms/201.0ms)
[2025-12-25T14:05:00.674+0000][gc,phases   ] GC(82)   Pre Evacuate Collection Set: 115.8ms
[2025-12-25T14:05:00.675+0000][gc,phases   ] GC(82)   Merge Heap Roots: 17.2ms
[2025-12-25T14:05:00.676+0000][gc,phases   ] GC(82)   Evacuate Collection Set: 370.4ms
[2025-12-25T14:05:00.677+0000][gc,phases   ] GC(82)   Post Evacuate Collection Set: 48.8ms
[2025-12-25T14:05:00.677+0000][gc,phases   ] GC(82)   Other: 8.5ms
[2025-12-25T14:05:00.678+0000][gc,heap     ] GC(82) Eden regions: 606->0(43)
[2025-12-25T14:05:00.679+0000][gc,heap     ] GC(82) Survivor regions: 8->8(77)
[2025-12-25T14:05:00.679+0000][gc,heap     ] GC(82) Old regions: 34->35
[2025-12-25T14:05:00.680+0000][gc,heap     ] GC(82) Humongous regions: 131->131
[2025-12-25T14:05:00.680+0000][gc,metaspace] GC(82) Metaspace: 14488K(14848K)->14488K(14848K) NonClass: 12907K(13056K)->12907K(13056K) Class: 1581K(1792K)->1581K(1792K)
[2025-12-25T14:05:00.682+0000][gc          ] GC(82) Pause Young (Normal) (G1 Evacuation Pause) 778M->172M(1024M) 586.519ms
[2025-12-25T14:05:00.682+0000][gc,cpu      ] GC(82) User=0.97s Sys=0.14s Real=0.59s
[2025-12-25T14:05:03.141+0000][gc,start    ] GC(83) Pause Young (Normal) (G1 Evacuation Pause)
[2025-12-25T14:05:03.142+0000][gc,task     ] GC(83) Using 8 workers of 8 for evacuation
[2025-12-25T14:05:03.292+0000][gc,phases   ] GC(83)   Pre Evacuate Collection Set: 3.6ms
[2025-12-25T14:05:03.292+0000][gc,phases   ] GC(83)   Merge Heap Roots: 0.7ms
[2025-12-25T14:05:03.292+0000][gc,phases   ] GC(83)   Evacuate Collection Set: 143.6ms
[2025-12-25T14:05:03.293+0000][gc,phases   ] GC(83)   Post Evacuate Collection Set: 2.2ms
[2025-12-25T14:05:03.293+0000][gc,phases   ] GC(83)   Other: 0.5ms
[2025-12-25T14:05:03.293+0000][gc,heap     ] GC(83) Eden regions: 43->0(46)
[2025-12-25T14:05:03.293+0000][gc,heap     ] GC(83) Survivor regions: 8->5(7)
[2025-12-25T14:05:03.293+0000][gc,heap     ] GC(83) Old regions: 35->39
[2025-12-25T14:05:03.293+0000][gc,heap     ] GC(83) Humongous regions: 131->131
[2025-12-25T14:05:03.293+0000][gc,metaspace] GC(83) Metaspace: 14488K(14848K)->14488K(14848K) NonClass: 12907K(13056K)->12907K(13056K) Class: 1581K(1792K)->1581K(1792K)
[2025-12-25T14:05:03.294+0000][gc          ] GC(83) Pause Young (Normal) (G1 Evacuation Pause) 215M->173M(1024M) 153.275ms
[2025-12-25T14:05:03.294+0000][gc,cpu      ] GC(83) User=0.28s Sys=0.25s Real=0.15s
[2025-12-25T14:05:09.300+0000][gc,start    ] GC(84) Pause Young (Normal) (G1 Evacuation Pause)
[2025-12-25T14:05:09.301+0000][gc,task     ] GC(84) Using 8 workers of 8 for evacuation
[2025-12-25T14:05:09.325+0000][gc,phases   ] GC(84)   Pre Evacuate Collection Set: 2.7ms
[2025-12-25T14:05:09.325+0000][gc,phases   ] GC(84)   Merge Heap Roots: 0.4ms
[2025-12-25T14:05:09.326+0000][gc,phases   ] GC(84)   Evacuate Collection Set: 16.8ms
[2025-12-25T14:05:09.326+0000][gc,phases   ] GC(84)   Post Evacuate Collection Set: 2.8ms
[2025-12-25T14:05:09.326+0000][gc,phases   ] GC(84)   Other: 1.1ms
[2025-12-25T14:05:09.327+0000][gc,heap     ] GC(84) Eden regions: 196->0(267)
[2025-12-25T14:05:09.327+0000][gc,heap     ] GC(84) Survivor regions: 5->5(26)
[2025-12-25T14:05:09.327+0000][gc,heap     ] GC(84) Old regions: 39->39
[2025-12-25T14:05:09.327+0000][gc,heap     ] GC(84) Humongous regions: 131->131
[2025-12-25T14:05:09.327+0000][gc,metaspace] GC(84) Metaspace: 14488K(14848K)->14488K(14848K) NonClass: 12907K(13056K)->12907K(13056K) Class: 1581K(1792K)->1581K(1792K)
[2025-12-25T14:05:09.328+0000][gc          ] GC(84) Pause Young (Normal) (G1 Evacuation Pause) 369M->173M(1024M) 27.804ms
[2025-12-25T14:05:09.328+0000][gc,cpu      ] GC(84) User=0.09s Sys=0.00s Real=0.02s
[2025-12-25T14:05:38.089+0000][gc,start    ] GC(85) Pause Young (Normal) (G1 Evacuation Pause)
[2025-12-25T14:05:38.090+0000][gc,task     ] GC(85) Using 8 workers of 8 for evacuation
[2025-12-25T14:05:38.104+0000][gc,phases   ] GC(85)   Pre Evacuate Collection Set: 1.6ms
[2025-12-25T14:05:38.104+0000][gc,phases   ] GC(85)   Merge Heap Roots: 0.8ms
[2025-12-25T14:05:38.104+0000][gc,phases   ] GC(85)   Evacuate Collection Set: 10.5ms
[2025-12-25T14:05:38.104+0000][gc,phases   ] GC(85)   Post Evacuate Collection Set: 1.3ms
[2025-12-25T14:05:38.105+0000][gc,phases   ] GC(85)   Other: 0.4ms
[2025-12-25T14:05:38.105+0000][gc,heap     ] GC(85) Eden regions: 452->0(610)
[2025-12-25T14:05:38.105+0000][gc,heap     ] GC(85) Survivor regions: 5->4(58)
[2025-12-25T14:05:38.105+0000][gc,heap     ] GC(85) Old regions: 39->39
[2025-12-25T14:05:38.105+0000][gc,heap     ] GC(85) Humongous regions: 131->131
[2025-12-25T14:05:38.105+0000][gc,metaspace] GC(85) Metaspace: 14489K(14848K)->14489K(14848K) NonClass: 12908K(13056K)->12908K(13056K) Class: 1581K(1792K)->1581K(1792K)
[2025-12-25T14:05:38.105+0000][gc          ] GC(85) Pause Young (Normal) (G1 Evacuation Pause) 625M->173M(1024M) 15.657ms
[2025-12-25T14:05:38.105+0000][gc,cpu      ] GC(85) User=0.09s Sys=0.00s Real=0.01s
[2025-12-25T14:06:09.073+0000][gc,start    ] GC(86) Pause Young (Normal) (G1 Evacuation Pause)
[2025-12-25T14:06:09.074+0000][gc,task     ] GC(86) Using 8 workers of 8 for evacuation
[2025-12-25T14:06:09.087+0000][gc,phases   ] GC(86)   Pre Evacuate Collection Set: 1.5ms
[2025-12-25T14:06:09.087+0000][gc,phases   ] GC(86)   Merge Heap Roots: 0.2ms
[2025-12-25T14:06:09.087+0000][gc,phases   ] GC(86)   Evacuate Collection Set: 10.0ms
[2025-12-25T14:06:09.087+0000][gc,phases   ] GC(86)   Post Evacuate Collection Set: 1.5ms
[2025-12-25T14:06:09.087+0000][gc,phases   ] GC(86)   Other: 0.2ms
[2025-12-25T14:06:09.087+0000][gc,heap     ] GC(86) Eden regions: 610->0(610)
[2025-12-25T14:06:09.087+0000][gc,heap     ] GC(86) Survivor regions: 4->4(77)
[2025-12-25T14:06:09.087+0000][gc,heap     ] GC(86) Old regions: 39->39
[2025-12-25T14:06:09.087+0000][gc,heap     ] GC(86) Humongous regions: 131->131
[2025-12-25T14:06:09.087+0000][gc,metaspace] GC(86) Metaspace: 14492K(14912K)->14492K(14912K) NonClass: 12911K(13120K)->12911K(13120K) Class: 1581K(1792K)->1581K(1792K)
[2025-12-25T14:06:09.088+0000][gc          ] GC(86) Pause Young (Normal) (G1 Evacuation Pause) 783M->173M(1024M) 14.526ms
[2025-12-25T14:06:09.088+0000][gc,cpu      ] GC(86) User=0.08s Sys=0.00s Real=0.01s
[2025-12-25T14:06:48.978+0000][gc,start    ] GC(87) Pause Young (Normal) (G1 Evacuation Pause)
[2025-12-25T14:06:48.982+0000][gc,task     ] GC(87) Using 8 workers of 8 for evacuation
[2025-12-25T14:06:49.030+0000][gc,phases   ] GC(87)   Pre Evacuate Collection Set: 6.7ms
[2025-12-25T14:06:49.031+0000][gc,phases   ] GC(87)   Merge Heap Roots: 0.9ms
[2025-12-25T14:06:49.031+0000][gc,phases   ] GC(87)   Evacuate Collection Set: 32.1ms
[2025-12-25T14:06:49.031+0000][gc,phases   ] GC(87)   Post Evacuate Collection Set: 8.3ms
[2025-12-25T14:06:49.032+0000][gc,phases   ] GC(87)   Other: 1.5ms
[2025-12-25T14:06:49.032+0000][gc,heap     ] GC(87) Eden regions: 610->0(610)
[2025-12-25T14:06:49.032+0000][gc,heap     ] GC(87) Survivor regions: 4->4(77)
[2025-12-25T14:06:49.032+0000][gc,heap     ] GC(87) Old regions: 39->39
[2025-12-25T14:06:49.033+0000][gc,heap     ] GC(87) Humongous regions: 131->131
[2025-12-25T14:06:49.033+0000][gc,metaspace] GC(87) Metaspace: 14493K(14912K)->14493K(14912K) NonClass: 12911K(13120K)->12911K(13120K) Class: 1581K(1792K)->1581K(1792K)
[2025-12-25T14:06:49.033+0000][gc          ] GC(87) Pause Young (Normal) (G1 Evacuation Pause) 783M->173M(1024M) 55.928ms
[2025-12-25T14:06:49.034+0000][gc,cpu      ] GC(87) User=0.20s Sys=0.00s Real=0.06s
[2025-12-25T14:07:21.559+0000][gc,start    ] GC(88) Pause Young (Normal) (G1 Evacuation Pause)
[2025-12-25T14:07:21.560+0000][gc,task     ] GC(88) Using 8 workers of 8 for evacuation
[2025-12-25T14:07:21.595+0000][gc,phases   ] GC(88)   Pre Evacuate Collection Set: 6.1ms
[2025-12-25T14:07:21.595+0000][gc,phases   ] GC(88)   Merge Heap Roots: 2.1ms
[2025-12-25T14:07:21.595+0000][gc,phases   ] GC(88)   Evacuate Collection Set: 23.5ms
[2025-12-25T14:07:21.595+0000][gc,phases   ] GC(88)   Post Evacuate Collection Set: 2.8ms
[2025-12-25T14:07:21.595+0000][gc,phases   ] GC(88)   Other: 0.6ms
[2025-12-25T14:07:21.595+0000][gc,heap     ] GC(88) Eden regions: 610->0(608)
[2025-12-25T14:07:21.596+0000][gc,heap     ] GC(88) Survivor regions: 4->6(77)
[2025-12-25T14:07:21.596+0000][gc,heap     ] GC(88) Old regions: 39->39
[2025-12-25T14:07:21.596+0000][gc,heap     ] GC(88) Humongous regions: 131->131
[2025-12-25T14:07:21.596+0000][gc,metaspace] GC(88) Metaspace: 14497K(14912K)->14497K(14912K) NonClass: 12916K(13120K)->12916K(13120K) Class: 1581K(1792K)->1581K(1792K)
[2025-12-25T14:07:21.596+0000][gc          ] GC(88) Pause Young (Normal) (G1 Evacuation Pause) 783M->175M(1024M) 36.578ms
[2025-12-25T14:07:21.596+0000][gc,cpu      ] GC(88) User=0.21s Sys=0.00s Real=0.04s
[2025-12-25T14:07:58.249+0000][gc,start    ] GC(89) Pause Young (Normal) (G1 Evacuation Pause)
[2025-12-25T14:07:58.250+0000][gc,task     ] GC(89) Using 8 workers of 8 for evacuation
[2025-12-25T14:07:58.281+0000][gc,phases   ] GC(89)   Pre Evacuate Collection Set: 4.5ms
[2025-12-25T14:07:58.282+0000][gc,phases   ] GC(89)   Merge Heap Roots: 1.3ms
[2025-12-25T14:07:58.282+0000][gc,phases   ] GC(89)   Evacuate Collection Set: 11.1ms
[2025-12-25T14:07:58.283+0000][gc,phases   ] GC(89)   Post Evacuate Collection Set: 12.9ms
[2025-12-25T14:07:58.283+0000][gc,phases   ] GC(89)   Other: 0.5ms
[2025-12-25T14:07:58.283+0000][gc,heap     ] GC(89) Eden regions: 608->0(608)
[2025-12-25T14:07:58.284+0000][gc,heap     ] GC(89) Survivor regions: 6->6(77)
[2025-12-25T14:07:58.284+0000][gc,heap     ] GC(89) Old regions: 39->39
[2025-12-25T14:07:58.284+0000][gc,heap     ] GC(89) Humongous regions: 131->131
[2025-12-25T14:07:58.284+0000][gc,metaspace] GC(89) Metaspace: 14509K(14912K)->14509K(14912K) NonClass: 12927K(13120K)->12927K(13120K) Class: 1581K(1792K)->1581K(1792K)
[2025-12-25T14:07:58.285+0000][gc          ] GC(89) Pause Young (Normal) (G1 Evacuation Pause) 783M->175M(1024M) 36.284ms
[2025-12-25T14:07:58.285+0000][gc,cpu      ] GC(89) User=0.12s Sys=0.01s Real=0.04s
[2025-12-25T14:08:28.690+0000][gc,start    ] GC(90) Pause Young (Normal) (G1 Evacuation Pause)
[2025-12-25T14:08:28.691+0000][gc,task     ] GC(90) Using 8 workers of 8 for evacuation
[2025-12-25T14:08:28.723+0000][gc,phases   ] GC(90)   Pre Evacuate Collection Set: 2.1ms
[2025-12-25T14:08:28.723+0000][gc,phases   ] GC(90)   Merge Heap Roots: 2.2ms
[2025-12-25T14:08:28.723+0000][gc,phases   ] GC(90)   Evacuate Collection Set: 24.6ms
[2025-12-25T14:08:28.723+0000][gc,phases   ] GC(90)   Post Evacuate Collection Set: 1.7ms
[2025-12-25T14:08:28.723+0000][gc,phases   ] GC(90)   Other: 1.5ms
[2025-12-25T14:08:28.723+0000][gc,heap     ] GC(90) Eden regions: 608->0(606)
[2025-12-25T14:08:28.723+0000][gc,heap     ] GC(90) Survivor regions: 6->8(77)
[2025-12-25T14:08:28.723+0000][gc,heap     ] GC(90) Old regions: 39->39
[2025-12-25T14:08:28.724+0000][gc,heap     ] GC(90) Humongous regions: 131->131
[2025-12-25T14:08:28.724+0000][gc,metaspace] GC(90) Metaspace: 14509K(14912K)->14509K(14912K) NonClass: 12927K(13120K)->12927K(13120K) Class: 1581K(1792K)->1581K(1792K)
[2025-12-25T14:08:28.724+0000][gc          ] GC(90) Pause Young (Normal) (G1 Evacuation Pause) 783M->177M(1024M) 33.639ms
[2025-12-25T14:08:28.724+0000][gc,cpu      ] GC(90) User=0.20s Sys=0.01s Real=0.03s
[2025-12-25T14:09:08.522+0000][gc,start    ] GC(91) Pause Young (Normal) (G1 Evacuation Pause)
[2025-12-25T14:09:08.523+0000][gc,task     ] GC(91) Using 8 workers of 8 for evacuation
[2025-12-25T14:09:08.561+0000][gc,phases   ] GC(91)   Pre Evacuate Collection Set: 7.7ms
[2025-12-25T14:09:08.561+0000][gc,phases   ] GC(91)   Merge Heap Roots: 1.1ms
[2025-12-25T14:09:08.561+0000][gc,phases   ] GC(91)   Evacuate Collection Set: 26.2ms
[2025-12-25T14:09:08.562+0000][gc,phases   ] GC(91)   Post Evacuate Collection Set: 2.7ms
[2025-12-25T14:09:08.562+0000][gc,phases   ] GC(91)   Other: 0.6ms
[2025-12-25T14:09:08.562+0000][gc,heap     ] GC(91) Eden regions: 606->0(606)
[2025-12-25T14:09:08.562+0000][gc,heap     ] GC(91) Survivor regions: 8->8(77)
[2025-12-25T14:09:08.562+0000][gc,heap     ] GC(91) Old regions: 39->39
[2025-12-25T14:09:08.562+0000][gc,heap     ] GC(91) Humongous regions: 131->131
[2025-12-25T14:09:08.562+0000][gc,metaspace] GC(91) Metaspace: 14512K(14912K)->14512K(14912K) NonClass: 12931K(13120K)->12931K(13120K) Class: 1581K(1792K)->1581K(1792K)
[2025-12-25T14:09:08.563+0000][gc          ] GC(91) Pause Young (Normal) (G1 Evacuation Pause) 783M->177M(1024M) 40.755ms
[2025-12-25T14:09:08.563+0000][gc,cpu      ] GC(91) User=0.22s Sys=0.01s Real=0.04s
[2025-12-25T14:09:39.459+0000][gc,start    ] GC(92) Pause Young (Normal) (G1 Evacuation Pause)
[2025-12-25T14:09:39.461+0000][gc,task     ] GC(92) Using 8 workers of 8 for evacuation
[2025-12-25T14:09:39.512+0000][gc,phases   ] GC(92)   Pre Evacuate Collection Set: 2.5ms
[2025-12-25T14:09:39.513+0000][gc,phases   ] GC(92)   Merge Heap Roots: 0.6ms
[2025-12-25T14:09:39.513+0000][gc,phases   ] GC(92)   Evacuate Collection Set: 43.9ms
[2025-12-25T14:09:39.513+0000][gc,phases   ] GC(92)   Post Evacuate Collection Set: 4.2ms
[2025-12-25T14:09:39.513+0000][gc,phases   ] GC(92)   Other: 1.0ms
[2025-12-25T14:09:39.513+0000][gc,heap     ] GC(92) Eden regions: 606->0(604)
[2025-12-25T14:09:39.514+0000][gc,heap     ] GC(92) Survivor regions: 8->10(77)
[2025-12-25T14:09:39.514+0000][gc,heap     ] GC(92) Old regions: 39->39
[2025-12-25T14:09:39.514+0000][gc,heap     ] GC(92) Humongous regions: 131->131
[2025-12-25T14:09:39.514+0000][gc,metaspace] GC(92) Metaspace: 14512K(14912K)->14512K(14912K) NonClass: 12931K(13120K)->12931K(13120K) Class: 1581K(1792K)->1581K(1792K)
[2025-12-25T14:09:39.514+0000][gc          ] GC(92) Pause Young (Normal) (G1 Evacuation Pause) 783M->178M(1024M) 55.462ms
[2025-12-25T14:09:39.515+0000][gc,cpu      ] GC(92) User=0.28s Sys=0.02s Real=0.06s
[2025-12-25T14:10:18.417+0000][gc,start    ] GC(93) Pause Young (Normal) (G1 Evacuation Pause)
[2025-12-25T14:10:18.418+0000][gc,task     ] GC(93) Using 8 workers of 8 for evacuation
[2025-12-25T14:10:18.441+0000][gc,phases   ] GC(93)   Pre Evacuate Collection Set: 5.1ms
[2025-12-25T14:10:18.441+0000][gc,phases   ] GC(93)   Merge Heap Roots: 1.2ms
[2025-12-25T14:10:18.441+0000][gc,phases   ] GC(93)   Evacuate Collection Set: 13.9ms
[2025-12-25T14:10:18.441+0000][gc,phases   ] GC(93)   Post Evacuate Collection Set: 1.9ms
[2025-12-25T14:10:18.441+0000][gc,phases   ] GC(93)   Other: 0.7ms
[2025-12-25T14:10:18.441+0000][gc,heap     ] GC(93) Eden regions: 604->0(608)
[2025-12-25T14:10:18.442+0000][gc,heap     ] GC(93) Survivor regions: 10->6(77)
[2025-12-25T14:10:18.442+0000][gc,heap     ] GC(93) Old regions: 39->39
[2025-12-25T14:10:18.442+0000][gc,heap     ] GC(93) Humongous regions: 131->131
[2025-12-25T14:10:18.442+0000][gc,metaspace] GC(93) Metaspace: 14514K(14912K)->14514K(14912K) NonClass: 12933K(13120K)->12933K(13120K) Class: 1581K(1792K)->1581K(1792K)
[2025-12-25T14:10:18.442+0000][gc          ] GC(93) Pause Young (Normal) (G1 Evacuation Pause) 782M->174M(1024M) 24.629ms
[2025-12-25T14:10:18.442+0000][gc,cpu      ] GC(93) User=0.12s Sys=0.00s Real=0.02s
[2025-12-25T14:10:48.939+0000][gc,start    ] GC(94) Pause Young (Normal) (G1 Evacuation Pause)
[2025-12-25T14:10:48.939+0000][gc,task     ] GC(94) Using 8 workers of 8 for evacuation
[2025-12-25T14:10:48.950+0000][gc,phases   ] GC(94)   Pre Evacuate Collection Set: 1.4ms
[2025-12-25T14:10:48.950+0000][gc,phases   ] GC(94)   Merge Heap Roots: 0.2ms
[2025-12-25T14:10:48.950+0000][gc,phases   ] GC(94)   Evacuate Collection Set: 7.7ms
[2025-12-25T14:10:48.950+0000][gc,phases   ] GC(94)   Post Evacuate Collection Set: 1.4ms
[2025-12-25T14:10:48.950+0000][gc,phases   ] GC(94)   Other: 0.2ms
[2025-12-25T14:10:48.951+0000][gc,heap     ] GC(94) Eden regions: 608->0(607)
[2025-12-25T14:10:48.951+0000][gc,heap     ] GC(94) Survivor regions: 6->7(77)
[2025-12-25T14:10:48.951+0000][gc,heap     ] GC(94) Old regions: 39->39
[2025-12-25T14:10:48.951+0000][gc,heap     ] GC(94) Humongous regions: 131->131
[2025-12-25T14:10:48.951+0000][gc,metaspace] GC(94) Metaspace: 14516K(14912K)->14516K(14912K) NonClass: 12935K(13120K)->12935K(13120K) Class: 1581K(1792K)->1581K(1792K)
[2025-12-25T14:10:48.951+0000][gc          ] GC(94) Pause Young (Normal) (G1 Evacuation Pause) 782M->176M(1024M) 12.387ms
[2025-12-25T14:10:48.951+0000][gc,cpu      ] GC(94) User=0.07s Sys=0.00s Real=0.02s
[2025-12-25T14:11:28.251+0000][gc,start    ] GC(95) Pause Young (Normal) (G1 Evacuation Pause)
[2025-12-25T14:11:28.252+0000][gc,task     ] GC(95) Using 8 workers of 8 for evacuation
[2025-12-25T14:11:28.274+0000][gc,phases   ] GC(95)   Pre Evacuate Collection Set: 2.3ms
[2025-12-25T14:11:28.274+0000][gc,phases   ] GC(95)   Merge Heap Roots: 0.5ms
[2025-12-25T14:11:28.274+0000][gc,phases   ] GC(95)   Evacuate Collection Set: 13.8ms
[2025-12-25T14:11:28.274+0000][gc,phases   ] GC(95)   Post Evacuate Collection Set: 4.4ms
[2025-12-25T14:11:28.275+0000][gc,phases   ] GC(95)   Other: 0.9ms
[2025-12-25T14:11:28.275+0000][gc,heap     ] GC(95) Eden regions: 607->0(607)
[2025-12-25T14:11:28.275+0000][gc,heap     ] GC(95) Survivor regions: 7->7(77)
[2025-12-25T14:11:28.275+0000][gc,heap     ] GC(95) Old regions: 39->39
[2025-12-25T14:11:28.275+0000][gc,heap     ] GC(95) Humongous regions: 131->131
[2025-12-25T14:11:28.275+0000][gc,metaspace] GC(95) Metaspace: 14517K(14912K)->14517K(14912K) NonClass: 12935K(13120K)->12935K(13120K) Class: 1581K(1792K)->1581K(1792K)
[2025-12-25T14:11:28.275+0000][gc          ] GC(95) Pause Young (Normal) (G1 Evacuation Pause) 783M->176M(1024M) 23.839ms
[2025-12-25T14:11:28.275+0000][gc,cpu      ] GC(95) User=0.11s Sys=0.01s Real=0.02s
[2025-12-25T14:11:58.947+0000][gc,start    ] GC(96) Pause Young (Normal) (G1 Evacuation Pause)
[2025-12-25T14:11:58.948+0000][gc,task     ] GC(96) Using 8 workers of 8 for evacuation
[2025-12-25T14:11:58.964+0000][gc,phases   ] GC(96)   Pre Evacuate Collection Set: 2.5ms
[2025-12-25T14:11:58.964+0000][gc,phases   ] GC(96)   Merge Heap Roots: 0.3ms
[2025-12-25T14:11:58.964+0000][gc,phases   ] GC(96)   Evacuate Collection Set: 11.8ms
[2025-12-25T14:11:58.964+0000][gc,phases   ] GC(96)   Post Evacuate Collection Set: 1.1ms
[2025-12-25T14:11:58.964+0000][gc,phases   ] GC(96)   Other: 0.3ms
[2025-12-25T14:11:58.964+0000][gc,heap     ] GC(96) Eden regions: 607->0(606)
[2025-12-25T14:11:58.964+0000][gc,heap     ] GC(96) Survivor regions: 7->8(77)
[2025-12-25T14:11:58.964+0000][gc,heap     ] GC(96) Old regions: 39->40
[2025-12-25T14:11:58.964+0000][gc,heap     ] GC(96) Humongous regions: 131->131
[2025-12-25T14:11:58.964+0000][gc,metaspace] GC(96) Metaspace: 14522K(14912K)->14522K(14912K) NonClass: 12940K(13120K)->12940K(13120K) Class: 1581K(1792K)->1581K(1792K)
[2025-12-25T14:11:58.964+0000][gc          ] GC(96) Pause Young (Normal) (G1 Evacuation Pause) 783M->177M(1024M) 16.912ms
[2025-12-25T14:11:58.964+0000][gc,cpu      ] GC(96) User=0.11s Sys=0.00s Real=0.02s
[2025-12-25T14:12:38.328+0000][gc,start    ] GC(97) Pause Young (Normal) (G1 Evacuation Pause)
[2025-12-25T14:12:38.332+0000][gc,task     ] GC(97) Using 8 workers of 8 for evacuation
[2025-12-25T14:12:38.356+0000][gc,phases   ] GC(97)   Pre Evacuate Collection Set: 2.1ms
[2025-12-25T14:12:38.356+0000][gc,phases   ] GC(97)   Merge Heap Roots: 0.3ms
[2025-12-25T14:12:38.356+0000][gc,phases   ] GC(97)   Evacuate Collection Set: 19.2ms
[2025-12-25T14:12:38.356+0000][gc,phases   ] GC(97)   Post Evacuate Collection Set: 1.2ms
[2025-12-25T14:12:38.356+0000][gc,phases   ] GC(97)   Other: 1.5ms
[2025-12-25T14:12:38.356+0000][gc,heap     ] GC(97) Eden regions: 606->0(606)
[2025-12-25T14:12:38.356+0000][gc,heap     ] GC(97) Survivor regions: 8->8(77)
[2025-12-25T14:12:38.356+0000][gc,heap     ] GC(97) Old regions: 40->40
[2025-12-25T14:12:38.356+0000][gc,heap     ] GC(97) Humongous regions: 131->131
[2025-12-25T14:12:38.356+0000][gc,metaspace] GC(97) Metaspace: 14527K(14912K)->14527K(14912K) NonClass: 12945K(13120K)->12945K(13120K) Class: 1581K(1792K)->1581K(1792K)
[2025-12-25T14:12:38.357+0000][gc          ] GC(97) Pause Young (Normal) (G1 Evacuation Pause) 783M->178M(1024M) 28.444ms
[2025-12-25T14:12:38.357+0000][gc,cpu      ] GC(97) User=0.14s Sys=0.00s Real=0.03s
[2025-12-25T14:13:08.613+0000][gc,start    ] GC(98) Pause Young (Normal) (G1 Evacuation Pause)
[2025-12-25T14:13:08.614+0000][gc,task     ] GC(98) Using 8 workers of 8 for evacuation
[2025-12-25T14:13:08.637+0000][gc,phases   ] GC(98)   Pre Evacuate Collection Set: 1.4ms
[2025-12-25T14:13:08.637+0000][gc,phases   ] GC(98)   Merge Heap Roots: 0.2ms
[2025-12-25T14:13:08.637+0000][gc,phases   ] GC(98)   Evacuate Collection Set: 19.4ms
[2025-12-25T14:13:08.637+0000][gc,phases   ] GC(98)   Post Evacuate Collection Set: 1.5ms
[2025-12-25T14:13:08.637+0000][gc,phases   ] GC(98)   Other: 0.3ms
[2025-12-25T14:13:08.637+0000][gc,heap     ] GC(98) Eden regions: 606->0(604)
[2025-12-25T14:13:08.637+0000][gc,heap     ] GC(98) Survivor regions: 8->10(77)
[2025-12-25T14:13:08.637+0000][gc,heap     ] GC(98) Old regions: 40->40
[2025-12-25T14:13:08.637+0000][gc,heap     ] GC(98) Humongous regions: 131->131
[2025-12-25T14:13:08.637+0000][gc,metaspace] GC(98) Metaspace: 14528K(14912K)->14528K(14912K) NonClass: 12947K(13120K)->12947K(13120K) Class: 1581K(1792K)->1581K(1792K)
[2025-12-25T14:13:08.637+0000][gc          ] GC(98) Pause Young (Normal) (G1 Evacuation Pause) 784M->179M(1024M) 23.960ms
[2025-12-25T14:13:08.637+0000][gc,cpu      ] GC(98) User=0.14s Sys=0.00s Real=0.02s
[2025-12-25T14:13:48.315+0000][gc,start    ] GC(99) Pause Young (Normal) (G1 Evacuation Pause)
[2025-12-25T14:13:48.316+0000][gc,task     ] GC(99) Using 8 workers of 8 for evacuation
[2025-12-25T14:13:48.335+0000][gc,phases   ] GC(99)   Pre Evacuate Collection Set: 1.4ms
[2025-12-25T14:13:48.335+0000][gc,phases   ] GC(99)   Merge Heap Roots: 0.2ms
[2025-12-25T14:13:48.336+0000][gc,phases   ] GC(99)   Evacuate Collection Set: 15.4ms
[2025-12-25T14:13:48.336+0000][gc,phases   ] GC(99)   Post Evacuate Collection Set: 1.4ms
[2025-12-25T14:13:48.336+0000][gc,phases   ] GC(99)   Other: 0.3ms
[2025-12-25T14:13:48.336+0000][gc,heap     ] GC(99) Eden regions: 604->0(604)
[2025-12-25T14:13:48.336+0000][gc,heap     ] GC(99) Survivor regions: 10->10(77)
[2025-12-25T14:13:48.336+0000][gc,heap     ] GC(99) Old regions: 40->40
[2025-12-25T14:13:48.336+0000][gc,heap     ] GC(99) Humongous regions: 131->131
[2025-12-25T14:13:48.336+0000][gc,metaspace] GC(99) Metaspace: 14528K(14912K)->14528K(14912K) NonClass: 12947K(13120K)->12947K(13120K) Class: 1581K(1792K)->1581K(1792K)
[2025-12-25T14:13:48.336+0000][gc          ] GC(99) Pause Young (Normal) (G1 Evacuation Pause) 783M->180M(1024M) 20.662ms
[2025-12-25T14:13:48.336+0000][gc,cpu      ] GC(99) User=0.12s Sys=0.00s Real=0.02s
[2025-12-25T14:14:25.528+0000][gc,start    ] GC(100) Pause Young (Normal) (G1 Evacuation Pause)
[2025-12-25T14:14:25.528+0000][gc,task     ] GC(100) Using 8 workers of 8 for evacuation
[2025-12-25T14:14:25.543+0000][gc,phases   ] GC(100)   Pre Evacuate Collection Set: 3.7ms
[2025-12-25T14:14:25.543+0000][gc,phases   ] GC(100)   Merge Heap Roots: 0.2ms
[2025-12-25T14:14:25.543+0000][gc,phases   ] GC(100)   Evacuate Collection Set: 9.4ms
[2025-12-25T14:14:25.543+0000][gc,phases   ] GC(100)   Post Evacuate Collection Set: 1.2ms
[2025-12-25T14:14:25.544+0000][gc,phases   ] GC(100)   Other: 0.5ms
[2025-12-25T14:14:25.544+0000][gc,heap     ] GC(100) Eden regions: 604->0(609)
[2025-12-25T14:14:25.544+0000][gc,heap     ] GC(100) Survivor regions: 10->5(77)
[2025-12-25T14:14:25.544+0000][gc,heap     ] GC(100) Old regions: 40->40
[2025-12-25T14:14:25.544+0000][gc,heap     ] GC(100) Humongous regions: 131->131
[2025-12-25T14:14:25.544+0000][gc,metaspace] GC(100) Metaspace: 14531K(14976K)->14531K(14976K) NonClass: 12949K(13184K)->12949K(13184K) Class: 1581K(1792K)->1581K(1792K)
[2025-12-25T14:14:25.544+0000][gc          ] GC(100) Pause Young (Normal) (G1 Evacuation Pause) 784M->175M(1024M) 16.325ms
[2025-12-25T14:14:25.544+0000][gc,cpu      ] GC(100) User=0.09s Sys=0.00s Real=0.01s
[2025-12-25T14:14:58.410+0000][gc,start    ] GC(101) Pause Young (Normal) (G1 Evacuation Pause)
[2025-12-25T14:14:58.411+0000][gc,task     ] GC(101) Using 8 workers of 8 for evacuation
[2025-12-25T14:14:58.439+0000][gc,phases   ] GC(101)   Pre Evacuate Collection Set: 5.2ms
[2025-12-25T14:14:58.439+0000][gc,phases   ] GC(101)   Merge Heap Roots: 1.2ms
[2025-12-25T14:14:58.439+0000][gc,phases   ] GC(101)   Evacuate Collection Set: 20.2ms
[2025-12-25T14:14:58.439+0000][gc,phases   ] GC(101)   Post Evacuate Collection Set: 1.4ms
[2025-12-25T14:14:58.440+0000][gc,phases   ] GC(101)   Other: 0.4ms
[2025-12-25T14:14:58.440+0000][gc,heap     ] GC(101) Eden regions: 609->0(607)
[2025-12-25T14:14:58.440+0000][gc,heap     ] GC(101) Survivor regions: 5->7(77)
[2025-12-25T14:14:58.440+0000][gc,heap     ] GC(101) Old regions: 40->41
[2025-12-25T14:14:58.440+0000][gc,heap     ] GC(101) Humongous regions: 131->131
[2025-12-25T14:14:58.440+0000][gc,metaspace] GC(101) Metaspace: 14531K(14976K)->14531K(14976K) NonClass: 12949K(13184K)->12949K(13184K) Class: 1581K(1792K)->1581K(1792K)
[2025-12-25T14:14:58.440+0000][gc          ] GC(101) Pause Young (Normal) (G1 Evacuation Pause) 784M->177M(1024M) 30.110ms
[2025-12-25T14:14:58.441+0000][gc,cpu      ] GC(101) User=0.18s Sys=0.01s Real=0.03s
[2025-12-25T14:15:38.038+0000][gc,start    ] GC(102) Pause Young (Normal) (G1 Evacuation Pause)
[2025-12-25T14:15:38.040+0000][gc,task     ] GC(102) Using 8 workers of 8 for evacuation
[2025-12-25T14:15:38.053+0000][gc,phases   ] GC(102)   Pre Evacuate Collection Set: 1.5ms
[2025-12-25T14:15:38.053+0000][gc,phases   ] GC(102)   Merge Heap Roots: 0.4ms
[2025-12-25T14:15:38.053+0000][gc,phases   ] GC(102)   Evacuate Collection Set: 9.1ms
[2025-12-25T14:15:38.053+0000][gc,phases   ] GC(102)   Post Evacuate Collection Set: 1.4ms
[2025-12-25T14:15:38.053+0000][gc,phases   ] GC(102)   Other: 0.4ms
[2025-12-25T14:15:38.053+0000][gc,heap     ] GC(102) Eden regions: 607->0(608)
[2025-12-25T14:15:38.053+0000][gc,heap     ] GC(102) Survivor regions: 7->6(77)
[2025-12-25T14:15:38.053+0000][gc,heap     ] GC(102) Old regions: 41->41
[2025-12-25T14:15:38.053+0000][gc,heap     ] GC(102) Humongous regions: 131->131
[2025-12-25T14:15:38.053+0000][gc,metaspace] GC(102) Metaspace: 14541K(14976K)->14541K(14976K) NonClass: 12960K(13184K)->12960K(13184K) Class: 1581K(1792K)->1581K(1792K)
[2025-12-25T14:15:38.053+0000][gc          ] GC(102) Pause Young (Normal) (G1 Evacuation Pause) 784M->177M(1024M) 15.042ms
[2025-12-25T14:15:38.054+0000][gc,cpu      ] GC(102) User=0.06s Sys=0.01s Real=0.01s
[2025-12-25T14:16:08.393+0000][gc,start    ] GC(103) Pause Young (Normal) (G1 Evacuation Pause)
[2025-12-25T14:16:08.395+0000][gc,task     ] GC(103) Using 8 workers of 8 for evacuation
[2025-12-25T14:16:08.417+0000][gc,phases   ] GC(103)   Pre Evacuate Collection Set: 6.3ms
[2025-12-25T14:16:08.418+0000][gc,phases   ] GC(103)   Merge Heap Roots: 0.4ms
[2025-12-25T14:16:08.418+0000][gc,phases   ] GC(103)   Evacuate Collection Set: 12.5ms
[2025-12-25T14:16:08.419+0000][gc,phases   ] GC(103)   Post Evacuate Collection Set: 1.6ms
[2025-12-25T14:16:08.419+0000][gc,phases   ] GC(103)   Other: 1.3ms
[2025-12-25T14:16:08.421+0000][gc,heap     ] GC(103) Eden regions: 608->0(606)
[2025-12-25T14:16:08.422+0000][gc,heap     ] GC(103) Survivor regions: 6->8(77)
[2025-12-25T14:16:08.422+0000][gc,heap     ] GC(103) Old regions: 41->41
[2025-12-25T14:16:08.423+0000][gc,heap     ] GC(103) Humongous regions: 131->131
[2025-12-25T14:16:08.423+0000][gc,metaspace] GC(103) Metaspace: 14546K(14976K)->14546K(14976K) NonClass: 12964K(13184K)->12964K(13184K) Class: 1581K(1792K)->1581K(1792K)
[2025-12-25T14:16:08.423+0000][gc          ] GC(103) Pause Young (Normal) (G1 Evacuation Pause) 785M->179M(1024M) 29.851ms
[2025-12-25T14:16:08.423+0000][gc,cpu      ] GC(103) User=0.10s Sys=0.00s Real=0.03s
[2025-12-25T14:16:48.098+0000][gc,start    ] GC(104) Pause Young (Normal) (G1 Evacuation Pause)
[2025-12-25T14:16:48.099+0000][gc,task     ] GC(104) Using 8 workers of 8 for evacuation
[2025-12-25T14:16:48.125+0000][gc,phases   ] GC(104)   Pre Evacuate Collection Set: 3.8ms
[2025-12-25T14:16:48.125+0000][gc,phases   ] GC(104)   Merge Heap Roots: 1.4ms
[2025-12-25T14:16:48.125+0000][gc,phases   ] GC(104)   Evacuate Collection Set: 17.5ms
[2025-12-25T14:16:48.126+0000][gc,phases   ] GC(104)   Post Evacuate Collection Set: 1.8ms
[2025-12-25T14:16:48.126+0000][gc,phases   ] GC(104)   Other: 0.7ms
[2025-12-25T14:16:48.126+0000][gc,heap     ] GC(104) Eden regions: 606->0(607)
[2025-12-25T14:16:48.126+0000][gc,heap     ] GC(104) Survivor regions: 8->7(77)
[2025-12-25T14:16:48.126+0000][gc,heap     ] GC(104) Old regions: 41->41
[2025-12-25T14:16:48.126+0000][gc,heap     ] GC(104) Humongous regions: 131->131
[2025-12-25T14:16:48.126+0000][gc,metaspace] GC(104) Metaspace: 14546K(14976K)->14546K(14976K) NonClass: 12964K(13184K)->12964K(13184K) Class: 1581K(1792K)->1581K(1792K)
[2025-12-25T14:16:48.126+0000][gc          ] GC(104) Pause Young (Normal) (G1 Evacuation Pause) 785M->178M(1024M) 28.066ms
[2025-12-25T14:16:48.126+0000][gc,cpu      ] GC(104) User=0.15s Sys=0.01s Real=0.03s
[2025-12-25T14:17:18.494+0000][gc,start    ] GC(105) Pause Young (Normal) (G1 Evacuation Pause)
[2025-12-25T14:17:18.495+0000][gc,task     ] GC(105) Using 8 workers of 8 for evacuation
[2025-12-25T14:17:18.520+0000][gc,phases   ] GC(105)   Pre Evacuate Collection Set: 1.0ms
[2025-12-25T14:17:18.520+0000][gc,phases   ] GC(105)   Merge Heap Roots: 0.3ms
[2025-12-25T14:17:18.520+0000][gc,phases   ] GC(105)   Evacuate Collection Set: 21.8ms
[2025-12-25T14:17:18.520+0000][gc,phases   ] GC(105)   Post Evacuate Collection Set: 1.5ms
[2025-12-25T14:17:18.520+0000][gc,phases   ] GC(105)   Other: 0.3ms
[2025-12-25T14:17:18.520+0000][gc,heap     ] GC(105) Eden regions: 607->0(604)
[2025-12-25T14:17:18.520+0000][gc,heap     ] GC(105) Survivor regions: 7->10(77)
[2025-12-25T14:17:18.520+0000][gc,heap     ] GC(105) Old regions: 41->41
[2025-12-25T14:17:18.520+0000][gc,heap     ] GC(105) Humongous regions: 131->131
[2025-12-25T14:17:18.520+0000][gc,metaspace] GC(105) Metaspace: 14546K(14976K)->14546K(14976K) NonClass: 12964K(13184K)->12964K(13184K) Class: 1581K(1792K)->1581K(1792K)
[2025-12-25T14:17:18.520+0000][gc          ] GC(105) Pause Young (Normal) (G1 Evacuation Pause) 785M->181M(1024M) 26.107ms
[2025-12-25T14:17:18.520+0000][gc,cpu      ] GC(105) User=0.17s Sys=0.00s Real=0.02s
[2025-12-25T14:17:58.123+0000][gc,start    ] GC(106) Pause Young (Normal) (G1 Evacuation Pause)
[2025-12-25T14:17:58.125+0000][gc,task     ] GC(106) Using 8 workers of 8 for evacuation
[2025-12-25T14:17:58.151+0000][gc,phases   ] GC(106)   Pre Evacuate Collection Set: 3.3ms
[2025-12-25T14:17:58.151+0000][gc,phases   ] GC(106)   Merge Heap Roots: 1.0ms
[2025-12-25T14:17:58.151+0000][gc,phases   ] GC(106)   Evacuate Collection Set: 19.3ms
[2025-12-25T14:17:58.151+0000][gc,phases   ] GC(106)   Post Evacuate Collection Set: 1.7ms
[2025-12-25T14:17:58.151+0000][gc,phases   ] GC(106)   Other: 1.0ms
[2025-12-25T14:17:58.151+0000][gc,heap     ] GC(106) Eden regions: 604->0(605)
[2025-12-25T14:17:58.151+0000][gc,heap     ] GC(106) Survivor regions: 10->9(77)
[2025-12-25T14:17:58.151+0000][gc,heap     ] GC(106) Old regions: 41->42
[2025-12-25T14:17:58.152+0000][gc,heap     ] GC(106) Humongous regions: 131->131
[2025-12-25T14:17:58.152+0000][gc,metaspace] GC(106) Metaspace: 14546K(14976K)->14546K(14976K) NonClass: 12964K(13184K)->12964K(13184K) Class: 1581K(1792K)->1581K(1792K)
[2025-12-25T14:17:58.152+0000][gc          ] GC(106) Pause Young (Normal) (G1 Evacuation Pause) 785M->181M(1024M) 28.882ms
[2025-12-25T14:17:58.152+0000][gc,cpu      ] GC(106) User=0.14s Sys=0.01s Real=0.03s
[2025-12-25T14:18:28.416+0000][gc,start    ] GC(107) Pause Young (Normal) (G1 Evacuation Pause)
[2025-12-25T14:18:28.424+0000][gc,task     ] GC(107) Using 8 workers of 8 for evacuation
[2025-12-25T14:18:28.439+0000][gc,phases   ] GC(107)   Pre Evacuate Collection Set: 1.5ms
[2025-12-25T14:18:28.439+0000][gc,phases   ] GC(107)   Merge Heap Roots: 0.4ms
[2025-12-25T14:18:28.439+0000][gc,phases   ] GC(107)   Evacuate Collection Set: 9.2ms
[2025-12-25T14:18:28.439+0000][gc,phases   ] GC(107)   Post Evacuate Collection Set: 4.2ms
[2025-12-25T14:18:28.440+0000][gc,phases   ] GC(107)   Other: 1.0ms
[2025-12-25T14:18:28.440+0000][gc,heap     ] GC(107) Eden regions: 605->0(608)
[2025-12-25T14:18:28.440+0000][gc,heap     ] GC(107) Survivor regions: 9->6(77)
[2025-12-25T14:18:28.440+0000][gc,heap     ] GC(107) Old regions: 42->42
[2025-12-25T14:18:28.440+0000][gc,heap     ] GC(107) Humongous regions: 131->131
[2025-12-25T14:18:28.440+0000][gc,metaspace] GC(107) Metaspace: 14546K(14976K)->14546K(14976K) NonClass: 12965K(13184K)->12965K(13184K) Class: 1581K(1792K)->1581K(1792K)
[2025-12-25T14:18:28.440+0000][gc          ] GC(107) Pause Young (Normal) (G1 Evacuation Pause) 786M->178M(1024M) 23.544ms
[2025-12-25T14:18:28.440+0000][gc,cpu      ] GC(107) User=0.07s Sys=0.00s Real=0.03s
[2025-12-25T14:19:08.202+0000][gc,start    ] GC(108) Pause Young (Normal) (G1 Evacuation Pause)
[2025-12-25T14:19:08.204+0000][gc,task     ] GC(108) Using 8 workers of 8 for evacuation
[2025-12-25T14:19:08.260+0000][gc,phases   ] GC(108)   Pre Evacuate Collection Set: 3.5ms
[2025-12-25T14:19:08.261+0000][gc,phases   ] GC(108)   Merge Heap Roots: 0.5ms
[2025-12-25T14:19:08.261+0000][gc,phases   ] GC(108)   Evacuate Collection Set: 42.8ms
[2025-12-25T14:19:08.261+0000][gc,phases   ] GC(108)   Post Evacuate Collection Set: 8.2ms
[2025-12-25T14:19:08.262+0000][gc,phases   ] GC(108)   Other: 1.2ms
[2025-12-25T14:19:08.262+0000][gc,heap     ] GC(108) Eden regions: 608->0(607)
[2025-12-25T14:19:08.263+0000][gc,heap     ] GC(108) Survivor regions: 6->7(77)
[2025-12-25T14:19:08.266+0000][gc,heap     ] GC(108) Old regions: 42->42
[2025-12-25T14:19:08.266+0000][gc,heap     ] GC(108) Humongous regions: 149->149
[2025-12-25T14:19:08.266+0000][gc,metaspace] GC(108) Metaspace: 14675K(15104K)->14675K(15104K) NonClass: 13074K(13248K)->13074K(13248K) Class: 1600K(1856K)->1600K(1856K)
[2025-12-25T14:19:08.269+0000][gc          ] GC(108) Pause Young (Normal) (G1 Evacuation Pause) 804M->197M(1024M) 67.027ms
[2025-12-25T14:19:08.270+0000][gc,cpu      ] GC(108) User=0.27s Sys=0.01s Real=0.07s
[2025-12-25T14:19:38.552+0000][gc,start    ] GC(109) Pause Young (Normal) (G1 Evacuation Pause)
[2025-12-25T14:19:38.553+0000][gc,task     ] GC(109) Using 8 workers of 8 for evacuation
[2025-12-25T14:19:38.578+0000][gc,phases   ] GC(109)   Pre Evacuate Collection Set: 1.6ms
[2025-12-25T14:19:38.578+0000][gc,phases   ] GC(109)   Merge Heap Roots: 0.3ms
[2025-12-25T14:19:38.578+0000][gc,phases   ] GC(109)   Evacuate Collection Set: 21.6ms
[2025-12-25T14:19:38.578+0000][gc,phases   ] GC(109)   Post Evacuate Collection Set: 1.3ms
[2025-12-25T14:19:38.578+0000][gc,phases   ] GC(109)   Other: 0.3ms
[2025-12-25T14:19:38.578+0000][gc,heap     ] GC(109) Eden regions: 607->0(605)
[2025-12-25T14:19:38.578+0000][gc,heap     ] GC(109) Survivor regions: 7->9(77)
[2025-12-25T14:19:38.578+0000][gc,heap     ] GC(109) Old regions: 42->42
[2025-12-25T14:19:38.579+0000][gc,heap     ] GC(109) Humongous regions: 149->149
[2025-12-25T14:19:38.579+0000][gc,metaspace] GC(109) Metaspace: 14691K(15104K)->14691K(15104K) NonClass: 13085K(13248K)->13085K(13248K) Class: 1606K(1856K)->1606K(1856K)
[2025-12-25T14:19:38.579+0000][gc          ] GC(109) Pause Young (Normal) (G1 Evacuation Pause) 804M->199M(1024M) 26.404ms
[2025-12-25T14:19:38.579+0000][gc,cpu      ] GC(109) User=0.16s Sys=0.00s Real=0.03s
[2025-12-25T14:20:18.400+0000][gc,start    ] GC(110) Pause Young (Normal) (G1 Evacuation Pause)
[2025-12-25T14:20:18.410+0000][gc,task     ] GC(110) Using 8 workers of 8 for evacuation
[2025-12-25T14:20:18.528+0000][gc,phases   ] GC(110)   Pre Evacuate Collection Set: 34.2ms
[2025-12-25T14:20:18.528+0000][gc,phases   ] GC(110)   Merge Heap Roots: 0.9ms
[2025-12-25T14:20:18.529+0000][gc,phases   ] GC(110)   Evacuate Collection Set: 73.7ms
[2025-12-25T14:20:18.529+0000][gc,phases   ] GC(110)   Post Evacuate Collection Set: 8.4ms
[2025-12-25T14:20:18.529+0000][gc,phases   ] GC(110)   Other: 5.6ms
[2025-12-25T14:20:18.529+0000][gc,heap     ] GC(110) Eden regions: 605->0(606)
[2025-12-25T14:20:18.529+0000][gc,heap     ] GC(110) Survivor regions: 9->8(77)
[2025-12-25T14:20:18.529+0000][gc,heap     ] GC(110) Old regions: 42->43
[2025-12-25T14:20:18.530+0000][gc,heap     ] GC(110) Humongous regions: 149->149
[2025-12-25T14:20:18.530+0000][gc,metaspace] GC(110) Metaspace: 14691K(15104K)->14691K(15104K) NonClass: 13085K(13248K)->13085K(13248K) Class: 1606K(1856K)->1606K(1856K)
[2025-12-25T14:20:18.530+0000][gc          ] GC(110) Pause Young (Normal) (G1 Evacuation Pause) 804M->199M(1024M) 130.539ms
[2025-12-25T14:20:18.530+0000][gc,cpu      ] GC(110) User=0.46s Sys=0.07s Real=0.13s
[2025-12-25T14:20:48.863+0000][gc,start    ] GC(111) Pause Young (Normal) (G1 Evacuation Pause)
[2025-12-25T14:20:48.865+0000][gc,task     ] GC(111) Using 8 workers of 8 for evacuation
[2025-12-25T14:20:48.910+0000][gc,phases   ] GC(111)   Pre Evacuate Collection Set: 3.0ms
[2025-12-25T14:20:48.910+0000][gc,phases   ] GC(111)   Merge Heap Roots: 0.8ms
[2025-12-25T14:20:48.910+0000][gc,phases   ] GC(111)   Evacuate Collection Set: 34.2ms
[2025-12-25T14:20:48.910+0000][gc,phases   ] GC(111)   Post Evacuate Collection Set: 6.5ms
[2025-12-25T14:20:48.910+0000][gc,phases   ] GC(111)   Other: 1.3ms
[2025-12-25T14:20:48.910+0000][gc,heap     ] GC(111) Eden regions: 606->0(604)
[2025-12-25T14:20:48.910+0000][gc,heap     ] GC(111) Survivor regions: 8->10(77)
[2025-12-25T14:20:48.910+0000][gc,heap     ] GC(111) Old regions: 43->43
[2025-12-25T14:20:48.911+0000][gc,heap     ] GC(111) Humongous regions: 149->149
[2025-12-25T14:20:48.911+0000][gc,metaspace] GC(111) Metaspace: 14694K(15104K)->14694K(15104K) NonClass: 13087K(13248K)->13087K(13248K) Class: 1606K(1856K)->1606K(1856K)
[2025-12-25T14:20:48.911+0000][gc          ] GC(111) Pause Young (Normal) (G1 Evacuation Pause) 805M->201M(1024M) 47.423ms
[2025-12-25T14:20:48.911+0000][gc,cpu      ] GC(111) User=0.29s Sys=0.01s Real=0.05s
[2025-12-25T14:21:28.154+0000][gc,start    ] GC(112) Pause Young (Normal) (G1 Evacuation Pause)
[2025-12-25T14:21:28.155+0000][gc,task     ] GC(112) Using 8 workers of 8 for evacuation
[2025-12-25T14:21:28.170+0000][gc,phases   ] GC(112)   Pre Evacuate Collection Set: 1.2ms
[2025-12-25T14:21:28.170+0000][gc,phases   ] GC(112)   Merge Heap Roots: 0.3ms
[2025-12-25T14:21:28.170+0000][gc,phases   ] GC(112)   Evacuate Collection Set: 12.2ms
[2025-12-25T14:21:28.170+0000][gc,phases   ] GC(112)   Post Evacuate Collection Set: 1.4ms
[2025-12-25T14:21:28.170+0000][gc,phases   ] GC(112)   Other: 0.3ms
[2025-12-25T14:21:28.170+0000][gc,heap     ] GC(112) Eden regions: 604->0(605)
[2025-12-25T14:21:28.170+0000][gc,heap     ] GC(112) Survivor regions: 10->9(77)
[2025-12-25T14:21:28.170+0000][gc,heap     ] GC(112) Old regions: 43->43
[2025-12-25T14:21:28.170+0000][gc,heap     ] GC(112) Humongous regions: 149->149
[2025-12-25T14:21:28.170+0000][gc,metaspace] GC(112) Metaspace: 14694K(15104K)->14694K(15104K) NonClass: 13087K(13248K)->13087K(13248K) Class: 1606K(1856K)->1606K(1856K)
[2025-12-25T14:21:28.171+0000][gc          ] GC(112) Pause Young (Normal) (G1 Evacuation Pause) 805M->200M(1024M) 16.400ms
[2025-12-25T14:21:28.171+0000][gc,cpu      ] GC(112) User=0.09s Sys=0.01s Real=0.02s
[2025-12-25T14:21:58.476+0000][gc,start    ] GC(113) Pause Young (Normal) (G1 Evacuation Pause)
[2025-12-25T14:21:58.476+0000][gc,task     ] GC(113) Using 8 workers of 8 for evacuation
[2025-12-25T14:21:58.500+0000][gc,phases   ] GC(113)   Pre Evacuate Collection Set: 1.1ms
[2025-12-25T14:21:58.501+0000][gc,phases   ] GC(113)   Merge Heap Roots: 0.2ms
[2025-12-25T14:21:58.501+0000][gc,phases   ] GC(113)   Evacuate Collection Set: 21.0ms
[2025-12-25T14:21:58.501+0000][gc,phases   ] GC(113)   Post Evacuate Collection Set: 1.6ms
[2025-12-25T14:21:58.501+0000][gc,phases   ] GC(113)   Other: 0.3ms
[2025-12-25T14:21:58.501+0000][gc,heap     ] GC(113) Eden regions: 605->0(603)
[2025-12-25T14:21:58.501+0000][gc,heap     ] GC(113) Survivor regions: 9->11(77)
[2025-12-25T14:21:58.501+0000][gc,heap     ] GC(113) Old regions: 43->43
[2025-12-25T14:21:58.501+0000][gc,heap     ] GC(113) Humongous regions: 149->149
[2025-12-25T14:21:58.501+0000][gc,metaspace] GC(113) Metaspace: 14695K(15104K)->14695K(15104K) NonClass: 13089K(13248K)->13089K(13248K) Class: 1606K(1856K)->1606K(1856K)
[2025-12-25T14:21:58.502+0000][gc          ] GC(113) Pause Young (Normal) (G1 Evacuation Pause) 805M->202M(1024M) 25.920ms
[2025-12-25T14:21:58.502+0000][gc,cpu      ] GC(113) User=0.17s Sys=0.00s Real=0.03s
[2025-12-25T14:22:38.184+0000][gc,start    ] GC(114) Pause Young (Normal) (G1 Evacuation Pause)
[2025-12-25T14:22:38.185+0000][gc,task     ] GC(114) Using 8 workers of 8 for evacuation
[2025-12-25T14:22:38.209+0000][gc,phases   ] GC(114)   Pre Evacuate Collection Set: 1.7ms
[2025-12-25T14:22:38.209+0000][gc,phases   ] GC(114)   Merge Heap Roots: 0.6ms
[2025-12-25T14:22:38.210+0000][gc,phases   ] GC(114)   Evacuate Collection Set: 20.6ms
[2025-12-25T14:22:38.210+0000][gc,phases   ] GC(114)   Post Evacuate Collection Set: 1.4ms
[2025-12-25T14:22:38.210+0000][gc,phases   ] GC(114)   Other: 0.2ms
[2025-12-25T14:22:38.210+0000][gc,heap     ] GC(114) Eden regions: 603->0(608)
[2025-12-25T14:22:38.210+0000][gc,heap     ] GC(114) Survivor regions: 11->6(77)
[2025-12-25T14:22:38.210+0000][gc,heap     ] GC(114) Old regions: 43->44
[2025-12-25T14:22:38.210+0000][gc,heap     ] GC(114) Humongous regions: 149->149
[2025-12-25T14:22:38.210+0000][gc,metaspace] GC(114) Metaspace: 14713K(15168K)->14713K(15168K) NonClass: 13107K(13312K)->13107K(13312K) Class: 1606K(1856K)->1606K(1856K)
[2025-12-25T14:22:38.210+0000][gc          ] GC(114) Pause Young (Normal) (G1 Evacuation Pause) 805M->197M(1024M) 25.588ms
[2025-12-25T14:22:38.210+0000][gc,cpu      ] GC(114) User=0.14s Sys=0.01s Real=0.03s
[2025-12-25T14:23:08.711+0000][gc,start    ] GC(115) Pause Young (Normal) (G1 Evacuation Pause)
[2025-12-25T14:23:08.712+0000][gc,task     ] GC(115) Using 8 workers of 8 for evacuation
[2025-12-25T14:23:08.743+0000][gc,phases   ] GC(115)   Pre Evacuate Collection Set: 1.1ms
[2025-12-25T14:23:08.743+0000][gc,phases   ] GC(115)   Merge Heap Roots: 0.3ms
[2025-12-25T14:23:08.743+0000][gc,phases   ] GC(115)   Evacuate Collection Set: 26.5ms
[2025-12-25T14:23:08.743+0000][gc,phases   ] GC(115)   Post Evacuate Collection Set: 2.7ms
[2025-12-25T14:23:08.743+0000][gc,phases   ] GC(115)   Other: 0.3ms
[2025-12-25T14:23:08.743+0000][gc,heap     ] GC(115) Eden regions: 608->0(607)
[2025-12-25T14:23:08.743+0000][gc,heap     ] GC(115) Survivor regions: 6->7(77)
[2025-12-25T14:23:08.743+0000][gc,heap     ] GC(115) Old regions: 44->44
[2025-12-25T14:23:08.743+0000][gc,heap     ] GC(115) Humongous regions: 149->149
[2025-12-25T14:23:08.743+0000][gc,metaspace] GC(115) Metaspace: 14815K(15296K)->14815K(15296K) NonClass: 13208K(13440K)->13208K(13440K) Class: 1606K(1856K)->1606K(1856K)
[2025-12-25T14:23:08.743+0000][gc          ] GC(115) Pause Young (Normal) (G1 Evacuation Pause) 805M->199M(1024M) 32.332ms
[2025-12-25T14:23:08.743+0000][gc,cpu      ] GC(115) User=0.19s Sys=0.01s Real=0.04s
[2025-12-25T14:23:48.443+0000][gc,start    ] GC(116) Pause Young (Normal) (G1 Evacuation Pause)
[2025-12-25T14:23:48.444+0000][gc,task     ] GC(116) Using 8 workers of 8 for evacuation
[2025-12-25T14:23:48.497+0000][gc,phases   ] GC(116)   Pre Evacuate Collection Set: 3.2ms
[2025-12-25T14:23:48.497+0000][gc,phases   ] GC(116)   Merge Heap Roots: 1.2ms
[2025-12-25T14:23:48.498+0000][gc,phases   ] GC(116)   Evacuate Collection Set: 34.6ms
[2025-12-25T14:23:48.498+0000][gc,phases   ] GC(116)   Post Evacuate Collection Set: 13.6ms
[2025-12-25T14:23:48.498+0000][gc,phases   ] GC(116)   Other: 0.8ms
[2025-12-25T14:23:48.498+0000][gc,heap     ] GC(116) Eden regions: 607->0(607)
[2025-12-25T14:23:48.498+0000][gc,heap     ] GC(116) Survivor regions: 7->7(77)
[2025-12-25T14:23:48.498+0000][gc,heap     ] GC(116) Old regions: 44->44
[2025-12-25T14:23:48.498+0000][gc,heap     ] GC(116) Humongous regions: 149->149
[2025-12-25T14:23:48.499+0000][gc,metaspace] GC(116) Metaspace: 14815K(15296K)->14815K(15296K) NonClass: 13208K(13440K)->13208K(13440K) Class: 1606K(1856K)->1606K(1856K)
[2025-12-25T14:23:48.499+0000][gc          ] GC(116) Pause Young (Normal) (G1 Evacuation Pause) 806M->198M(1024M) 56.187ms
[2025-12-25T14:23:48.499+0000][gc,cpu      ] GC(116) User=0.17s Sys=0.01s Real=0.06s
[2025-12-25T14:24:18.667+0000][gc,start    ] GC(117) Pause Young (Normal) (G1 Evacuation Pause)
[2025-12-25T14:24:18.667+0000][gc,task     ] GC(117) Using 8 workers of 8 for evacuation
[2025-12-25T14:24:18.691+0000][gc,phases   ] GC(117)   Pre Evacuate Collection Set: 1.0ms
[2025-12-25T14:24:18.691+0000][gc,phases   ] GC(117)   Merge Heap Roots: 0.3ms
[2025-12-25T14:24:18.691+0000][gc,phases   ] GC(117)   Evacuate Collection Set: 20.9ms
[2025-12-25T14:24:18.691+0000][gc,phases   ] GC(117)   Post Evacuate Collection Set: 1.5ms
[2025-12-25T14:24:18.691+0000][gc,phases   ] GC(117)   Other: 0.2ms
[2025-12-25T14:24:18.691+0000][gc,heap     ] GC(117) Eden regions: 607->0(606)
[2025-12-25T14:24:18.691+0000][gc,heap     ] GC(117) Survivor regions: 7->8(77)
[2025-12-25T14:24:18.691+0000][gc,heap     ] GC(117) Old regions: 44->44
[2025-12-25T14:24:18.691+0000][gc,heap     ] GC(117) Humongous regions: 149->149
[2025-12-25T14:24:18.692+0000][gc,metaspace] GC(117) Metaspace: 14815K(15296K)->14815K(15296K) NonClass: 13208K(13440K)->13208K(13440K) Class: 1606K(1856K)->1606K(1856K)
[2025-12-25T14:24:18.692+0000][gc          ] GC(117) Pause Young (Normal) (G1 Evacuation Pause) 805M->200M(1024M) 24.941ms
[2025-12-25T14:24:18.692+0000][gc,cpu      ] GC(117) User=0.16s Sys=0.00s Real=0.02s
[2025-12-25T14:24:58.443+0000][gc,start    ] GC(118) Pause Young (Normal) (G1 Evacuation Pause)
[2025-12-25T14:24:58.444+0000][gc,task     ] GC(118) Using 8 workers of 8 for evacuation
[2025-12-25T14:24:58.470+0000][gc,phases   ] GC(118)   Pre Evacuate Collection Set: 1.3ms
[2025-12-25T14:24:58.470+0000][gc,phases   ] GC(118)   Merge Heap Roots: 0.4ms
[2025-12-25T14:24:58.470+0000][gc,phases   ] GC(118)   Evacuate Collection Set: 22.4ms
[2025-12-25T14:24:58.470+0000][gc,phases   ] GC(118)   Post Evacuate Collection Set: 1.8ms
[2025-12-25T14:24:58.470+0000][gc,phases   ] GC(118)   Other: 0.4ms
[2025-12-25T14:24:58.470+0000][gc,heap     ] GC(118) Eden regions: 606->0(606)
[2025-12-25T14:24:58.470+0000][gc,heap     ] GC(118) Survivor regions: 8->8(77)
[2025-12-25T14:24:58.470+0000][gc,heap     ] GC(118) Old regions: 44->45
[2025-12-25T14:24:58.470+0000][gc,heap     ] GC(118) Humongous regions: 149->149
[2025-12-25T14:24:58.470+0000][gc,metaspace] GC(118) Metaspace: 14815K(15296K)->14815K(15296K) NonClass: 13208K(13440K)->13208K(13440K) Class: 1606K(1856K)->1606K(1856K)
[2025-12-25T14:24:58.471+0000][gc          ] GC(118) Pause Young (Normal) (G1 Evacuation Pause) 806M->200M(1024M) 27.519ms
[2025-12-25T14:24:58.471+0000][gc,cpu      ] GC(118) User=0.16s Sys=0.02s Real=0.03s
[2025-12-25T14:25:28.752+0000][gc,start    ] GC(119) Pause Young (Normal) (G1 Evacuation Pause)
[2025-12-25T14:25:28.752+0000][gc,task     ] GC(119) Using 8 workers of 8 for evacuation
[2025-12-25T14:25:28.779+0000][gc,phases   ] GC(119)   Pre Evacuate Collection Set: 1.1ms
[2025-12-25T14:25:28.779+0000][gc,phases   ] GC(119)   Merge Heap Roots: 0.6ms
[2025-12-25T14:25:28.779+0000][gc,phases   ] GC(119)   Evacuate Collection Set: 23.1ms
[2025-12-25T14:25:28.779+0000][gc,phases   ] GC(119)   Post Evacuate Collection Set: 1.5ms
[2025-12-25T14:25:28.779+0000][gc,phases   ] GC(119)   Other: 0.4ms
[2025-12-25T14:25:28.779+0000][gc,heap     ] GC(119) Eden regions: 606->0(605)
[2025-12-25T14:25:28.779+0000][gc,heap     ] GC(119) Survivor regions: 8->9(77)
[2025-12-25T14:25:28.779+0000][gc,heap     ] GC(119) Old regions: 45->45
[2025-12-25T14:25:28.780+0000][gc,heap     ] GC(119) Humongous regions: 149->149
[2025-12-25T14:25:28.780+0000][gc,metaspace] GC(119) Metaspace: 14815K(15296K)->14815K(15296K) NonClass: 13208K(13440K)->13208K(13440K) Class: 1606K(1856K)->1606K(1856K)
[2025-12-25T14:25:28.780+0000][gc          ] GC(119) Pause Young (Normal) (G1 Evacuation Pause) 806M->201M(1024M) 27.968ms
[2025-12-25T14:25:28.780+0000][gc,cpu      ] GC(119) User=0.15s Sys=0.02s Real=0.02s
[2025-12-25T14:26:08.339+0000][gc,start    ] GC(120) Pause Young (Normal) (G1 Evacuation Pause)
[2025-12-25T14:26:08.339+0000][gc,task     ] GC(120) Using 8 workers of 8 for evacuation
[2025-12-25T14:26:08.361+0000][gc,phases   ] GC(120)   Pre Evacuate Collection Set: 1.1ms
[2025-12-25T14:26:08.361+0000][gc,phases   ] GC(120)   Merge Heap Roots: 0.5ms
[2025-12-25T14:26:08.361+0000][gc,phases   ] GC(120)   Evacuate Collection Set: 18.8ms
[2025-12-25T14:26:08.361+0000][gc,phases   ] GC(120)   Post Evacuate Collection Set: 1.2ms
[2025-12-25T14:26:08.361+0000][gc,phases   ] GC(120)   Other: 0.2ms
[2025-12-25T14:26:08.361+0000][gc,heap     ] GC(120) Eden regions: 605->0(606)
[2025-12-25T14:26:08.361+0000][gc,heap     ] GC(120) Survivor regions: 9->8(77)
[2025-12-25T14:26:08.362+0000][gc,heap     ] GC(120) Old regions: 45->45
[2025-12-25T14:26:08.362+0000][gc,heap     ] GC(120) Humongous regions: 149->149
[2025-12-25T14:26:08.362+0000][gc,metaspace] GC(120) Metaspace: 14815K(15296K)->14815K(15296K) NonClass: 13208K(13440K)->13208K(13440K) Class: 1606K(1856K)->1606K(1856K)
[2025-12-25T14:26:08.362+0000][gc          ] GC(120) Pause Young (Normal) (G1 Evacuation Pause) 806M->201M(1024M) 22.935ms
[2025-12-25T14:26:08.362+0000][gc,cpu      ] GC(120) User=0.15s Sys=0.00s Real=0.02s
[2025-12-25T14:26:38.707+0000][gc,start    ] GC(121) Pause Young (Normal) (G1 Evacuation Pause)
[2025-12-25T14:26:38.709+0000][gc,task     ] GC(121) Using 8 workers of 8 for evacuation
[2025-12-25T14:26:38.731+0000][gc,phases   ] GC(121)   Pre Evacuate Collection Set: 3.2ms
[2025-12-25T14:26:38.731+0000][gc,phases   ] GC(121)   Merge Heap Roots: 1.1ms
[2025-12-25T14:26:38.732+0000][gc,phases   ] GC(121)   Evacuate Collection Set: 15.3ms
[2025-12-25T14:26:38.732+0000][gc,phases   ] GC(121)   Post Evacuate Collection Set: 2.2ms
[2025-12-25T14:26:38.732+0000][gc,phases   ] GC(121)   Other: 1.0ms
[2025-12-25T14:26:38.732+0000][gc,heap     ] GC(121) Eden regions: 606->0(604)
[2025-12-25T14:26:38.732+0000][gc,heap     ] GC(121) Survivor regions: 8->10(77)
[2025-12-25T14:26:38.732+0000][gc,heap     ] GC(121) Old regions: 45->45
[2025-12-25T14:26:38.732+0000][gc,heap     ] GC(121) Humongous regions: 149->149
[2025-12-25T14:26:38.732+0000][gc,metaspace] GC(121) Metaspace: 14815K(15296K)->14815K(15296K) NonClass: 13208K(13440K)->13208K(13440K) Class: 1606K(1856K)->1606K(1856K)
[2025-12-25T14:26:38.732+0000][gc          ] GC(121) Pause Young (Normal) (G1 Evacuation Pause) 807M->203M(1024M) 25.119ms
[2025-12-25T14:26:38.733+0000][gc,cpu      ] GC(121) User=0.12s Sys=0.00s Real=0.02s
[2025-12-25T14:27:18.335+0000][gc,start    ] GC(122) Pause Young (Normal) (G1 Evacuation Pause)
[2025-12-25T14:27:18.338+0000][gc,task     ] GC(122) Using 8 workers of 8 for evacuation
[2025-12-25T14:27:18.354+0000][gc,phases   ] GC(122)   Pre Evacuate Collection Set: 3.3ms
[2025-12-25T14:27:18.354+0000][gc,phases   ] GC(122)   Merge Heap Roots: 0.8ms
[2025-12-25T14:27:18.354+0000][gc,phases   ] GC(122)   Evacuate Collection Set: 9.5ms
[2025-12-25T14:27:18.354+0000][gc,phases   ] GC(122)   Post Evacuate Collection Set: 2.0ms
[2025-12-25T14:27:18.354+0000][gc,phases   ] GC(122)   Other: 0.9ms
[2025-12-25T14:27:18.354+0000][gc,heap     ] GC(122) Eden regions: 604->0(609)
[2025-12-25T14:27:18.354+0000][gc,heap     ] GC(122) Survivor regions: 10->5(77)
[2025-12-25T14:27:18.354+0000][gc,heap     ] GC(122) Old regions: 45->46
[2025-12-25T14:27:18.354+0000][gc,heap     ] GC(122) Humongous regions: 149->149
[2025-12-25T14:27:18.355+0000][gc,metaspace] GC(122) Metaspace: 14825K(15296K)->14825K(15296K) NonClass: 13218K(13440K)->13218K(13440K) Class: 1606K(1856K)->1606K(1856K)
[2025-12-25T14:27:18.355+0000][gc          ] GC(122) Pause Young (Normal) (G1 Evacuation Pause) 807M->198M(1024M) 19.605ms
[2025-12-25T14:27:18.355+0000][gc,cpu      ] GC(122) User=0.10s Sys=0.00s Real=0.02s
[2025-12-25T14:27:58.000+0000][gc,start    ] GC(123) Pause Young (Normal) (G1 Evacuation Pause)
[2025-12-25T14:27:58.000+0000][gc,task     ] GC(123) Using 8 workers of 8 for evacuation
[2025-12-25T14:27:58.020+0000][gc,phases   ] GC(123)   Pre Evacuate Collection Set: 1.2ms
[2025-12-25T14:27:58.020+0000][gc,phases   ] GC(123)   Merge Heap Roots: 0.3ms
[2025-12-25T14:27:58.020+0000][gc,phases   ] GC(123)   Evacuate Collection Set: 16.3ms
[2025-12-25T14:27:58.020+0000][gc,phases   ] GC(123)   Post Evacuate Collection Set: 1.6ms
[2025-12-25T14:27:58.020+0000][gc,phases   ] GC(123)   Other: 0.3ms
[2025-12-25T14:27:58.020+0000][gc,heap     ] GC(123) Eden regions: 609->0(610)
[2025-12-25T14:27:58.020+0000][gc,heap     ] GC(123) Survivor regions: 5->4(77)
[2025-12-25T14:27:58.020+0000][gc,heap     ] GC(123) Old regions: 46->46
[2025-12-25T14:27:58.020+0000][gc,heap     ] GC(123) Humongous regions: 149->149
[2025-12-25T14:27:58.020+0000][gc,metaspace] GC(123) Metaspace: 14825K(15296K)->14825K(15296K) NonClass: 13218K(13440K)->13218K(13440K) Class: 1606K(1856K)->1606K(1856K)
[2025-12-25T14:27:58.020+0000][gc          ] GC(123) Pause Young (Normal) (G1 Evacuation Pause) 807M->198M(1024M) 21.083ms
[2025-12-25T14:27:58.020+0000][gc,cpu      ] GC(123) User=0.12s Sys=0.01s Real=0.02s
[2025-12-25T14:28:28.419+0000][gc,start    ] GC(124) Pause Young (Normal) (G1 Evacuation Pause)
[2025-12-25T14:28:28.421+0000][gc,task     ] GC(124) Using 8 workers of 8 for evacuation
[2025-12-25T14:28:28.436+0000][gc,phases   ] GC(124)   Pre Evacuate Collection Set: 1.9ms
[2025-12-25T14:28:28.436+0000][gc,phases   ] GC(124)   Merge Heap Roots: 0.2ms
[2025-12-25T14:28:28.436+0000][gc,phases   ] GC(124)   Evacuate Collection Set: 10.9ms
[2025-12-25T14:28:28.436+0000][gc,phases   ] GC(124)   Post Evacuate Collection Set: 1.4ms
[2025-12-25T14:28:28.436+0000][gc,phases   ] GC(124)   Other: 0.4ms
[2025-12-25T14:28:28.436+0000][gc,heap     ] GC(124) Eden regions: 610->0(609)
[2025-12-25T14:28:28.436+0000][gc,heap     ] GC(124) Survivor regions: 4->5(77)
[2025-12-25T14:28:28.436+0000][gc,heap     ] GC(124) Old regions: 46->46
[2025-12-25T14:28:28.436+0000][gc,heap     ] GC(124) Humongous regions: 149->149
[2025-12-25T14:28:28.436+0000][gc,metaspace] GC(124) Metaspace: 14825K(15296K)->14825K(15296K) NonClass: 13218K(13440K)->13218K(13440K) Class: 1606K(1856K)->1606K(1856K)
[2025-12-25T14:28:28.436+0000][gc          ] GC(124) Pause Young (Normal) (G1 Evacuation Pause) 808M->199M(1024M) 17.291ms
[2025-12-25T14:28:28.437+0000][gc,cpu      ] GC(124) User=0.08s Sys=0.01s Real=0.01s
[2025-12-25T14:29:08.084+0000][gc,start    ] GC(125) Pause Young (Normal) (G1 Evacuation Pause)
[2025-12-25T14:29:08.085+0000][gc,task     ] GC(125) Using 8 workers of 8 for evacuation
[2025-12-25T14:29:08.104+0000][gc,phases   ] GC(125)   Pre Evacuate Collection Set: 1.9ms
[2025-12-25T14:29:08.104+0000][gc,phases   ] GC(125)   Merge Heap Roots: 0.4ms
[2025-12-25T14:29:08.104+0000][gc,phases   ] GC(125)   Evacuate Collection Set: 11.0ms
[2025-12-25T14:29:08.104+0000][gc,phases   ] GC(125)   Post Evacuate Collection Set: 5.7ms
[2025-12-25T14:29:08.104+0000][gc,phases   ] GC(125)   Other: 0.3ms
[2025-12-25T14:29:08.104+0000][gc,heap     ] GC(125) Eden regions: 609->0(609)
[2025-12-25T14:29:08.104+0000][gc,heap     ] GC(125) Survivor regions: 5->5(77)
[2025-12-25T14:29:08.104+0000][gc,heap     ] GC(125) Old regions: 46->47
[2025-12-25T14:29:08.105+0000][gc,heap     ] GC(125) Humongous regions: 149->149
[2025-12-25T14:29:08.105+0000][gc,metaspace] GC(125) Metaspace: 14825K(15296K)->14825K(15296K) NonClass: 13218K(13440K)->13218K(13440K) Class: 1606K(1856K)->1606K(1856K)
[2025-12-25T14:29:08.105+0000][gc          ] GC(125) Pause Young (Normal) (G1 Evacuation Pause) 808M->199M(1024M) 20.632ms
[2025-12-25T14:29:08.105+0000][gc,cpu      ] GC(125) User=0.06s Sys=0.01s Real=0.02s
[2025-12-25T14:29:38.694+0000][gc,start    ] GC(126) Pause Young (Normal) (G1 Evacuation Pause)
[2025-12-25T14:29:38.695+0000][gc,task     ] GC(126) Using 8 workers of 8 for evacuation
[2025-12-25T14:29:38.732+0000][gc,phases   ] GC(126)   Pre Evacuate Collection Set: 5.8ms
[2025-12-25T14:29:38.733+0000][gc,phases   ] GC(126)   Merge Heap Roots: 1.1ms
[2025-12-25T14:29:38.733+0000][gc,phases   ] GC(126)   Evacuate Collection Set: 27.2ms
[2025-12-25T14:29:38.733+0000][gc,phases   ] GC(126)   Post Evacuate Collection Set: 2.3ms
[2025-12-25T14:29:38.733+0000][gc,phases   ] GC(126)   Other: 0.7ms
[2025-12-25T14:29:38.733+0000][gc,heap     ] GC(126) Eden regions: 609->0(607)
[2025-12-25T14:29:38.733+0000][gc,heap     ] GC(126) Survivor regions: 5->7(77)
[2025-12-25T14:29:38.733+0000][gc,heap     ] GC(126) Old regions: 47->47
[2025-12-25T14:29:38.733+0000][gc,heap     ] GC(126) Humongous regions: 149->149
[2025-12-25T14:29:38.733+0000][gc,metaspace] GC(126) Metaspace: 14825K(15296K)->14825K(15296K) NonClass: 13218K(13440K)->13218K(13440K) Class: 1606K(1856K)->1606K(1856K)
[2025-12-25T14:29:38.734+0000][gc          ] GC(126) Pause Young (Normal) (G1 Evacuation Pause) 808M->201M(1024M) 39.724ms
[2025-12-25T14:29:38.734+0000][gc,cpu      ] GC(126) User=0.22s Sys=0.01s Real=0.04s
[2025-12-25T14:30:18.451+0000][gc,start    ] GC(127) Pause Young (Normal) (G1 Evacuation Pause)
[2025-12-25T14:30:18.462+0000][gc,task     ] GC(127) Using 8 workers of 8 for evacuation
[2025-12-25T14:30:18.535+0000][gc,phases   ] GC(127)   Pre Evacuate Collection Set: 18.0ms
[2025-12-25T14:30:18.536+0000][gc,phases   ] GC(127)   Merge Heap Roots: 5.0ms
[2025-12-25T14:30:18.536+0000][gc,phases   ] GC(127)   Evacuate Collection Set: 37.3ms
[2025-12-25T14:30:18.538+0000][gc,phases   ] GC(127)   Post Evacuate Collection Set: 6.5ms
[2025-12-25T14:30:18.538+0000][gc,phases   ] GC(127)   Other: 12.1ms
[2025-12-25T14:30:18.539+0000][gc,heap     ] GC(127) Eden regions: 607->0(607)
[2025-12-25T14:30:18.539+0000][gc,heap     ] GC(127) Survivor regions: 7->7(77)
[2025-12-25T14:30:18.540+0000][gc,heap     ] GC(127) Old regions: 47->47
[2025-12-25T14:30:18.540+0000][gc,heap     ] GC(127) Humongous regions: 149->149
[2025-12-25T14:30:18.540+0000][gc,metaspace] GC(127) Metaspace: 14826K(15296K)->14826K(15296K) NonClass: 13219K(13440K)->13219K(13440K) Class: 1606K(1856K)->1606K(1856K)
[2025-12-25T14:30:18.541+0000][gc          ] GC(127) Pause Young (Normal) (G1 Evacuation Pause) 808M->201M(1024M) 90.290ms
[2025-12-25T14:30:18.541+0000][gc,cpu      ] GC(127) User=0.17s Sys=0.01s Real=0.09s
[2025-12-25T14:30:49.601+0000][gc,start    ] GC(128) Pause Young (Normal) (G1 Evacuation Pause)
[2025-12-25T14:30:49.602+0000][gc,task     ] GC(128) Using 8 workers of 8 for evacuation
[2025-12-25T14:30:49.635+0000][gc,phases   ] GC(128)   Pre Evacuate Collection Set: 4.0ms
[2025-12-25T14:30:49.636+0000][gc,phases   ] GC(128)   Merge Heap Roots: 0.9ms
[2025-12-25T14:30:49.636+0000][gc,phases   ] GC(128)   Evacuate Collection Set: 24.9ms
[2025-12-25T14:30:49.636+0000][gc,phases   ] GC(128)   Post Evacuate Collection Set: 2.8ms
[2025-12-25T14:30:49.636+0000][gc,phases   ] GC(128)   Other: 1.0ms
[2025-12-25T14:30:49.636+0000][gc,heap     ] GC(128) Eden regions: 607->0(605)
[2025-12-25T14:30:49.636+0000][gc,heap     ] GC(128) Survivor regions: 7->9(77)
[2025-12-25T14:30:49.636+0000][gc,heap     ] GC(128) Old regions: 47->47
[2025-12-25T14:30:49.636+0000][gc,heap     ] GC(128) Humongous regions: 149->149
[2025-12-25T14:30:49.637+0000][gc,metaspace] GC(128) Metaspace: 14831K(15296K)->14831K(15296K) NonClass: 13224K(13440K)->13224K(13440K) Class: 1607K(1856K)->1607K(1856K)
[2025-12-25T14:30:49.637+0000][gc          ] GC(128) Pause Young (Normal) (G1 Evacuation Pause) 808M->203M(1024M) 35.884ms
[2025-12-25T14:30:49.637+0000][gc,cpu      ] GC(128) User=0.18s Sys=0.00s Real=0.03s
[2025-12-25T14:31:28.221+0000][gc,start    ] GC(129) Pause Young (Normal) (G1 Evacuation Pause)
[2025-12-25T14:31:28.222+0000][gc,task     ] GC(129) Using 8 workers of 8 for evacuation
[2025-12-25T14:31:28.235+0000][gc,phases   ] GC(129)   Pre Evacuate Collection Set: 2.2ms
[2025-12-25T14:31:28.235+0000][gc,phases   ] GC(129)   Merge Heap Roots: 2.2ms
[2025-12-25T14:31:28.235+0000][gc,phases   ] GC(129)   Evacuate Collection Set: 6.9ms
[2025-12-25T14:31:28.235+0000][gc,phases   ] GC(129)   Post Evacuate Collection Set: 1.4ms
[2025-12-25T14:31:28.235+0000][gc,phases   ] GC(129)   Other: 0.5ms
[2025-12-25T14:31:28.236+0000][gc,heap     ] GC(129) Eden regions: 605->0(610)
[2025-12-25T14:31:28.236+0000][gc,heap     ] GC(129) Survivor regions: 9->4(77)
[2025-12-25T14:31:28.236+0000][gc,heap     ] GC(129) Old regions: 47->47
[2025-12-25T14:31:28.236+0000][gc,heap     ] GC(129) Humongous regions: 149->149
[2025-12-25T14:31:28.236+0000][gc,metaspace] GC(129) Metaspace: 14831K(15296K)->14831K(15296K) NonClass: 13224K(13440K)->13224K(13440K) Class: 1607K(1856K)->1607K(1856K)
[2025-12-25T14:31:28.236+0000][gc          ] GC(129) Pause Young (Normal) (G1 Evacuation Pause) 808M->198M(1024M) 14.879ms
[2025-12-25T14:31:28.236+0000][gc,cpu      ] GC(129) User=0.06s Sys=0.01s Real=0.02s
[2025-12-25T14:31:58.503+0000][gc,start    ] GC(130) Pause Young (Normal) (G1 Evacuation Pause)
[2025-12-25T14:31:58.504+0000][gc,task     ] GC(130) Using 8 workers of 8 for evacuation
[2025-12-25T14:31:58.522+0000][gc,phases   ] GC(130)   Pre Evacuate Collection Set: 1.3ms
[2025-12-25T14:31:58.522+0000][gc,phases   ] GC(130)   Merge Heap Roots: 0.2ms
[2025-12-25T14:31:58.522+0000][gc,phases   ] GC(130)   Evacuate Collection Set: 13.5ms
[2025-12-25T14:31:58.522+0000][gc,phases   ] GC(130)   Post Evacuate Collection Set: 3.0ms
[2025-12-25T14:31:58.523+0000][gc,phases   ] GC(130)   Other: 0.3ms
[2025-12-25T14:31:58.523+0000][gc,heap     ] GC(130) Eden regions: 610->0(608)
[2025-12-25T14:31:58.523+0000][gc,heap     ] GC(130) Survivor regions: 4->6(77)
[2025-12-25T14:31:58.523+0000][gc,heap     ] GC(130) Old regions: 47->47
[2025-12-25T14:31:58.523+0000][gc,heap     ] GC(130) Humongous regions: 149->149
[2025-12-25T14:31:58.523+0000][gc,metaspace] GC(130) Metaspace: 14845K(15296K)->14845K(15296K) NonClass: 13234K(13440K)->13234K(13440K) Class: 1610K(1856K)->1610K(1856K)
[2025-12-25T14:31:58.523+0000][gc          ] GC(130) Pause Young (Normal) (G1 Evacuation Pause) 808M->200M(1024M) 19.619ms
[2025-12-25T14:31:58.523+0000][gc,cpu      ] GC(130) User=0.10s Sys=0.00s Real=0.02s
[2025-12-25T14:32:38.223+0000][gc,start    ] GC(131) Pause Young (Normal) (G1 Evacuation Pause)
[2025-12-25T14:32:38.224+0000][gc,task     ] GC(131) Using 8 workers of 8 for evacuation
[2025-12-25T14:32:38.237+0000][gc,phases   ] GC(131)   Pre Evacuate Collection Set: 2.4ms
[2025-12-25T14:32:38.237+0000][gc,phases   ] GC(131)   Merge Heap Roots: 0.4ms
[2025-12-25T14:32:38.237+0000][gc,phases   ] GC(131)   Evacuate Collection Set: 7.6ms
[2025-12-25T14:32:38.237+0000][gc,phases   ] GC(131)   Post Evacuate Collection Set: 2.0ms
[2025-12-25T14:32:38.238+0000][gc,phases   ] GC(131)   Other: 0.5ms
[2025-12-25T14:32:38.238+0000][gc,heap     ] GC(131) Eden regions: 608->0(608)
[2025-12-25T14:32:38.238+0000][gc,heap     ] GC(131) Survivor regions: 6->6(77)
[2025-12-25T14:32:38.238+0000][gc,heap     ] GC(131) Old regions: 47->47
[2025-12-25T14:32:38.238+0000][gc,heap     ] GC(131) Humongous regions: 149->149
[2025-12-25T14:32:38.239+0000][gc,metaspace] GC(131) Metaspace: 14846K(15296K)->14846K(15296K) NonClass: 13235K(13440K)->13235K(13440K) Class: 1610K(1856K)->1610K(1856K)
[2025-12-25T14:32:38.239+0000][gc          ] GC(131) Pause Young (Normal) (G1 Evacuation Pause) 808M->200M(1024M) 15.586ms
[2025-12-25T14:32:38.239+0000][gc,cpu      ] GC(131) User=0.07s Sys=0.00s Real=0.01s
[2025-12-25T14:33:08.519+0000][gc,start    ] GC(132) Pause Young (Normal) (G1 Evacuation Pause)
[2025-12-25T14:33:08.520+0000][gc,task     ] GC(132) Using 8 workers of 8 for evacuation
[2025-12-25T14:33:08.539+0000][gc,phases   ] GC(132)   Pre Evacuate Collection Set: 1.1ms
[2025-12-25T14:33:08.540+0000][gc,phases   ] GC(132)   Merge Heap Roots: 0.2ms
[2025-12-25T14:33:08.540+0000][gc,phases   ] GC(132)   Evacuate Collection Set: 17.2ms
[2025-12-25T14:33:08.540+0000][gc,phases   ] GC(132)   Post Evacuate Collection Set: 1.1ms
[2025-12-25T14:33:08.540+0000][gc,phases   ] GC(132)   Other: 0.2ms
[2025-12-25T14:33:08.540+0000][gc,heap     ] GC(132) Eden regions: 608->0(606)
[2025-12-25T14:33:08.540+0000][gc,heap     ] GC(132) Survivor regions: 6->8(77)
[2025-12-25T14:33:08.540+0000][gc,heap     ] GC(132) Old regions: 47->47
[2025-12-25T14:33:08.540+0000][gc,heap     ] GC(132) Humongous regions: 149->149
[2025-12-25T14:33:08.540+0000][gc,metaspace] GC(132) Metaspace: 14846K(15296K)->14846K(15296K) NonClass: 13235K(13440K)->13235K(13440K) Class: 1610K(1856K)->1610K(1856K)
[2025-12-25T14:33:08.540+0000][gc          ] GC(132) Pause Young (Normal) (G1 Evacuation Pause) 808M->202M(1024M) 20.659ms
[2025-12-25T14:33:08.540+0000][gc,cpu      ] GC(132) User=0.12s Sys=0.00s Real=0.02s
[2025-12-25T14:33:48.225+0000][gc,start    ] GC(133) Pause Young (Normal) (G1 Evacuation Pause)
[2025-12-25T14:33:48.225+0000][gc,task     ] GC(133) Using 8 workers of 8 for evacuation
[2025-12-25T14:33:48.246+0000][gc,phases   ] GC(133)   Pre Evacuate Collection Set: 2.4ms
[2025-12-25T14:33:48.246+0000][gc,phases   ] GC(133)   Merge Heap Roots: 1.6ms
[2025-12-25T14:33:48.246+0000][gc,phases   ] GC(133)   Evacuate Collection Set: 14.8ms
[2025-12-25T14:33:48.246+0000][gc,phases   ] GC(133)   Post Evacuate Collection Set: 1.3ms
[2025-12-25T14:33:48.246+0000][gc,phases   ] GC(133)   Other: 0.5ms
[2025-12-25T14:33:48.246+0000][gc,heap     ] GC(133) Eden regions: 606->0(607)
[2025-12-25T14:33:48.246+0000][gc,heap     ] GC(133) Survivor regions: 8->7(77)
[2025-12-25T14:33:48.247+0000][gc,heap     ] GC(133) Old regions: 47->47
[2025-12-25T14:33:48.247+0000][gc,heap     ] GC(133) Humongous regions: 149->149
[2025-12-25T14:33:48.247+0000][gc,metaspace] GC(133) Metaspace: 14846K(15296K)->14846K(15296K) NonClass: 13235K(13440K)->13235K(13440K) Class: 1610K(1856K)->1610K(1856K)
[2025-12-25T14:33:48.247+0000][gc          ] GC(133) Pause Young (Normal) (G1 Evacuation Pause) 808M->202M(1024M) 22.039ms
[2025-12-25T14:33:48.247+0000][gc,cpu      ] GC(133) User=0.11s Sys=0.00s Real=0.02s
[2025-12-25T14:34:18.677+0000][gc,start    ] GC(134) Pause Young (Normal) (G1 Evacuation Pause)
[2025-12-25T14:34:18.678+0000][gc,task     ] GC(134) Using 8 workers of 8 for evacuation
[2025-12-25T14:34:18.696+0000][gc,phases   ] GC(134)   Pre Evacuate Collection Set: 1.2ms
[2025-12-25T14:34:18.696+0000][gc,phases   ] GC(134)   Merge Heap Roots: 0.2ms
[2025-12-25T14:34:18.696+0000][gc,phases   ] GC(134)   Evacuate Collection Set: 13.6ms
[2025-12-25T14:34:18.696+0000][gc,phases   ] GC(134)   Post Evacuate Collection Set: 2.9ms
[2025-12-25T14:34:18.697+0000][gc,phases   ] GC(134)   Other: 0.4ms
[2025-12-25T14:34:18.698+0000][gc,heap     ] GC(134) Eden regions: 607->0(604)
[2025-12-25T14:34:18.698+0000][gc,heap     ] GC(134) Survivor regions: 7->10(77)
[2025-12-25T14:34:18.698+0000][gc,heap     ] GC(134) Old regions: 47->47
[2025-12-25T14:34:18.698+0000][gc,heap     ] GC(134) Humongous regions: 149->149
[2025-12-25T14:34:18.698+0000][gc,metaspace] GC(134) Metaspace: 14846K(15296K)->14846K(15296K) NonClass: 13235K(13440K)->13235K(13440K) Class: 1610K(1856K)->1610K(1856K)
[2025-12-25T14:34:18.698+0000][gc          ] GC(134) Pause Young (Normal) (G1 Evacuation Pause) 809M->204M(1024M) 21.020ms
[2025-12-25T14:34:18.698+0000][gc,cpu      ] GC(134) User=0.13s Sys=0.00s Real=0.02s
[2025-12-25T14:34:58.347+0000][gc,start    ] GC(135) Pause Young (Normal) (G1 Evacuation Pause)
[2025-12-25T14:34:58.348+0000][gc,task     ] GC(135) Using 8 workers of 8 for evacuation
[2025-12-25T14:34:58.373+0000][gc,phases   ] GC(135)   Pre Evacuate Collection Set: 5.5ms
[2025-12-25T14:34:58.373+0000][gc,phases   ] GC(135)   Merge Heap Roots: 0.2ms
[2025-12-25T14:34:58.373+0000][gc,phases   ] GC(135)   Evacuate Collection Set: 17.0ms
[2025-12-25T14:34:58.373+0000][gc,phases   ] GC(135)   Post Evacuate Collection Set: 1.6ms
[2025-12-25T14:34:58.373+0000][gc,phases   ] GC(135)   Other: 0.9ms
[2025-12-25T14:34:58.373+0000][gc,heap     ] GC(135) Eden regions: 604->0(605)
[2025-12-25T14:34:58.374+0000][gc,heap     ] GC(135) Survivor regions: 10->9(77)
[2025-12-25T14:34:58.374+0000][gc,heap     ] GC(135) Old regions: 47->47
[2025-12-25T14:34:58.374+0000][gc,heap     ] GC(135) Humongous regions: 149->149
[2025-12-25T14:34:58.374+0000][gc,metaspace] GC(135) Metaspace: 14846K(15296K)->14846K(15296K) NonClass: 13236K(13440K)->13236K(13440K) Class: 1610K(1856K)->1610K(1856K)
[2025-12-25T14:34:58.374+0000][gc          ] GC(135) Pause Young (Normal) (G1 Evacuation Pause) 808M->203M(1024M) 27.154ms
[2025-12-25T14:34:58.374+0000][gc,cpu      ] GC(135) User=0.15s Sys=0.01s Real=0.03s
[2025-12-25T14:35:30.212+0000][gc,start    ] GC(136) Pause Young (Normal) (G1 Evacuation Pause)
[2025-12-25T14:35:30.218+0000][gc,task     ] GC(136) Using 8 workers of 8 for evacuation
[2025-12-25T14:35:30.245+0000][gc,phases   ] GC(136)   Pre Evacuate Collection Set: 4.4ms
[2025-12-25T14:35:30.245+0000][gc,phases   ] GC(136)   Merge Heap Roots: 0.8ms
[2025-12-25T14:35:30.245+0000][gc,phases   ] GC(136)   Evacuate Collection Set: 14.2ms
[2025-12-25T14:35:30.246+0000][gc,phases   ] GC(136)   Post Evacuate Collection Set: 7.3ms
[2025-12-25T14:35:30.246+0000][gc,phases   ] GC(136)   Other: 4.9ms
[2025-12-25T14:35:30.246+0000][gc,heap     ] GC(136) Eden regions: 605->0(607)
[2025-12-25T14:35:30.246+0000][gc,heap     ] GC(136) Survivor regions: 9->7(77)
[2025-12-25T14:35:30.246+0000][gc,heap     ] GC(136) Old regions: 47->47
[2025-12-25T14:35:30.246+0000][gc,heap     ] GC(136) Humongous regions: 149->149
[2025-12-25T14:35:30.246+0000][gc,metaspace] GC(136) Metaspace: 14846K(15296K)->14846K(15296K) NonClass: 13236K(13440K)->13236K(13440K) Class: 1610K(1856K)->1610K(1856K)
[2025-12-25T14:35:30.246+0000][gc          ] GC(136) Pause Young (Normal) (G1 Evacuation Pause) 808M->202M(1024M) 33.431ms
[2025-12-25T14:35:30.246+0000][gc,cpu      ] GC(136) User=0.13s Sys=0.01s Real=0.03s
[2025-12-25T14:36:08.527+0000][gc,start    ] GC(137) Pause Young (Normal) (G1 Evacuation Pause)
[2025-12-25T14:36:08.530+0000][gc,task     ] GC(137) Using 8 workers of 8 for evacuation
[2025-12-25T14:36:08.566+0000][gc,phases   ] GC(137)   Pre Evacuate Collection Set: 3.1ms
[2025-12-25T14:36:08.566+0000][gc,phases   ] GC(137)   Merge Heap Roots: 0.8ms
[2025-12-25T14:36:08.566+0000][gc,phases   ] GC(137)   Evacuate Collection Set: 24.8ms
[2025-12-25T14:36:08.566+0000][gc,phases   ] GC(137)   Post Evacuate Collection Set: 7.3ms
[2025-12-25T14:36:08.566+0000][gc,phases   ] GC(137)   Other: 0.6ms
[2025-12-25T14:36:08.567+0000][gc,heap     ] GC(137) Eden regions: 607->0(608)
[2025-12-25T14:36:08.567+0000][gc,heap     ] GC(137) Survivor regions: 7->6(77)
[2025-12-25T14:36:08.567+0000][gc,heap     ] GC(137) Old regions: 47->47
[2025-12-25T14:36:08.567+0000][gc,heap     ] GC(137) Humongous regions: 149->149
[2025-12-25T14:36:08.567+0000][gc,metaspace] GC(137) Metaspace: 14848K(15296K)->14848K(15296K) NonClass: 13237K(13440K)->13237K(13440K) Class: 1610K(1856K)->1610K(1856K)
[2025-12-25T14:36:08.567+0000][gc          ] GC(137) Pause Young (Normal) (G1 Evacuation Pause) 809M->201M(1024M) 39.619ms
[2025-12-25T14:36:08.567+0000][gc,cpu      ] GC(137) User=0.21s Sys=0.01s Real=0.04s
[2025-12-25T14:36:38.647+0000][gc,start    ] GC(138) Pause Young (Normal) (G1 Evacuation Pause)
[2025-12-25T14:36:38.648+0000][gc,task     ] GC(138) Using 8 workers of 8 for evacuation
[2025-12-25T14:36:38.664+0000][gc,phases   ] GC(138)   Pre Evacuate Collection Set: 1.4ms
[2025-12-25T14:36:38.664+0000][gc,phases   ] GC(138)   Merge Heap Roots: 0.3ms
[2025-12-25T14:36:38.664+0000][gc,phases   ] GC(138)   Evacuate Collection Set: 12.6ms
[2025-12-25T14:36:38.664+0000][gc,phases   ] GC(138)   Post Evacuate Collection Set: 1.2ms
[2025-12-25T14:36:38.664+0000][gc,phases   ] GC(138)   Other: 0.4ms
[2025-12-25T14:36:38.664+0000][gc,heap     ] GC(138) Eden regions: 608->0(606)
[2025-12-25T14:36:38.664+0000][gc,heap     ] GC(138) Survivor regions: 6->8(77)
[2025-12-25T14:36:38.664+0000][gc,heap     ] GC(138) Old regions: 47->47
[2025-12-25T14:36:38.664+0000][gc,heap     ] GC(138) Humongous regions: 149->149
[2025-12-25T14:36:38.664+0000][gc,metaspace] GC(138) Metaspace: 14849K(15296K)->14849K(15296K) NonClass: 13238K(13440K)->13238K(13440K) Class: 1610K(1856K)->1610K(1856K)
[2025-12-25T14:36:38.664+0000][gc          ] GC(138) Pause Young (Normal) (G1 Evacuation Pause) 809M->203M(1024M) 16.972ms
[2025-12-25T14:36:38.665+0000][gc,cpu      ] GC(138) User=0.10s Sys=0.00s Real=0.02s
[2025-12-25T14:37:18.372+0000][gc,start    ] GC(139) Pause Young (Normal) (G1 Evacuation Pause)
[2025-12-25T14:37:18.372+0000][gc,task     ] GC(139) Using 8 workers of 8 for evacuation
[2025-12-25T14:37:18.388+0000][gc,phases   ] GC(139)   Pre Evacuate Collection Set: 1.2ms
[2025-12-25T14:37:18.388+0000][gc,phases   ] GC(139)   Merge Heap Roots: 0.3ms
[2025-12-25T14:37:18.388+0000][gc,phases   ] GC(139)   Evacuate Collection Set: 9.4ms
[2025-12-25T14:37:18.388+0000][gc,phases   ] GC(139)   Post Evacuate Collection Set: 3.6ms
[2025-12-25T14:37:18.388+0000][gc,phases   ] GC(139)   Other: 0.4ms
[2025-12-25T14:37:18.388+0000][gc,heap     ] GC(139) Eden regions: 606->0(606)
[2025-12-25T14:37:18.388+0000][gc,heap     ] GC(139) Survivor regions: 8->8(77)
[2025-12-25T14:37:18.388+0000][gc,heap     ] GC(139) Old regions: 47->48
[2025-12-25T14:37:18.388+0000][gc,heap     ] GC(139) Humongous regions: 149->149
[2025-12-25T14:37:18.388+0000][gc,metaspace] GC(139) Metaspace: 14850K(15296K)->14850K(15296K) NonClass: 13239K(13440K)->13239K(13440K) Class: 1610K(1856K)->1610K(1856K)
[2025-12-25T14:37:18.389+0000][gc          ] GC(139) Pause Young (Normal) (G1 Evacuation Pause) 809M->203M(1024M) 16.861ms
[2025-12-25T14:37:18.389+0000][gc,cpu      ] GC(139) User=0.08s Sys=0.01s Real=0.02s
[2025-12-25T14:37:57.035+0000][gc,start    ] GC(140) Pause Young (Normal) (G1 Evacuation Pause)
[2025-12-25T14:37:57.036+0000][gc,task     ] GC(140) Using 8 workers of 8 for evacuation
[2025-12-25T14:37:57.061+0000][gc,phases   ] GC(140)   Pre Evacuate Collection Set: 2.2ms
[2025-12-25T14:37:57.061+0000][gc,phases   ] GC(140)   Merge Heap Roots: 0.5ms
[2025-12-25T14:37:57.061+0000][gc,phases   ] GC(140)   Evacuate Collection Set: 19.2ms
[2025-12-25T14:37:57.061+0000][gc,phases   ] GC(140)   Post Evacuate Collection Set: 1.9ms
[2025-12-25T14:37:57.061+0000][gc,phases   ] GC(140)   Other: 0.9ms
[2025-12-25T14:37:57.061+0000][gc,heap     ] GC(140) Eden regions: 606->0(607)
[2025-12-25T14:37:57.061+0000][gc,heap     ] GC(140) Survivor regions: 8->7(77)
[2025-12-25T14:37:57.061+0000][gc,heap     ] GC(140) Old regions: 48->48
[2025-12-25T14:37:57.061+0000][gc,heap     ] GC(140) Humongous regions: 149->149
[2025-12-25T14:37:57.061+0000][gc,metaspace] GC(140) Metaspace: 14850K(15296K)->14850K(15296K) NonClass: 13239K(13440K)->13239K(13440K) Class: 1610K(1856K)->1610K(1856K)
[2025-12-25T14:37:57.062+0000][gc          ] GC(140) Pause Young (Normal) (G1 Evacuation Pause) 809M->202M(1024M) 26.445ms
[2025-12-25T14:37:57.062+0000][gc,cpu      ] GC(140) User=0.14s Sys=0.01s Real=0.03s
[2025-12-25T14:38:28.483+0000][gc,start    ] GC(141) Pause Young (Normal) (G1 Evacuation Pause)
[2025-12-25T14:38:28.484+0000][gc,task     ] GC(141) Using 8 workers of 8 for evacuation
[2025-12-25T14:38:28.516+0000][gc,phases   ] GC(141)   Pre Evacuate Collection Set: 2.1ms
[2025-12-25T14:38:28.517+0000][gc,phases   ] GC(141)   Merge Heap Roots: 0.5ms
[2025-12-25T14:38:28.517+0000][gc,phases   ] GC(141)   Evacuate Collection Set: 27.5ms
[2025-12-25T14:38:28.517+0000][gc,phases   ] GC(141)   Post Evacuate Collection Set: 1.9ms
[2025-12-25T14:38:28.517+0000][gc,phases   ] GC(141)   Other: 0.5ms
[2025-12-25T14:38:28.517+0000][gc,heap     ] GC(141) Eden regions: 607->0(605)
[2025-12-25T14:38:28.517+0000][gc,heap     ] GC(141) Survivor regions: 7->9(77)
[2025-12-25T14:38:28.517+0000][gc,heap     ] GC(141) Old regions: 48->48
[2025-12-25T14:38:28.517+0000][gc,heap     ] GC(141) Humongous regions: 149->149
[2025-12-25T14:38:28.517+0000][gc,metaspace] GC(141) Metaspace: 14850K(15296K)->14850K(15296K) NonClass: 13239K(13440K)->13239K(13440K) Class: 1610K(1856K)->1610K(1856K)
[2025-12-25T14:38:28.517+0000][gc          ] GC(141) Pause Young (Normal) (G1 Evacuation Pause) 809M->205M(1024M) 34.054ms
[2025-12-25T14:38:28.517+0000][gc,cpu      ] GC(141) User=0.19s Sys=0.01s Real=0.03s
[2025-12-25T14:39:08.073+0000][gc,start    ] GC(142) Pause Young (Normal) (G1 Evacuation Pause)
[2025-12-25T14:39:08.073+0000][gc,task     ] GC(142) Using 8 workers of 8 for evacuation
[2025-12-25T14:39:08.103+0000][gc,phases   ] GC(142)   Pre Evacuate Collection Set: 1.3ms
[2025-12-25T14:39:08.103+0000][gc,phases   ] GC(142)   Merge Heap Roots: 0.4ms
[2025-12-25T14:39:08.103+0000][gc,phases   ] GC(142)   Evacuate Collection Set: 19.1ms
[2025-12-25T14:39:08.104+0000][gc,phases   ] GC(142)   Post Evacuate Collection Set: 9.1ms
[2025-12-25T14:39:08.104+0000][gc,phases   ] GC(142)   Other: 0.4ms
[2025-12-25T14:39:08.104+0000][gc,heap     ] GC(142) Eden regions: 605->0(605)
[2025-12-25T14:39:08.104+0000][gc,heap     ] GC(142) Survivor regions: 9->9(77)
[2025-12-25T14:39:08.104+0000][gc,heap     ] GC(142) Old regions: 48->48
[2025-12-25T14:39:08.104+0000][gc,heap     ] GC(142) Humongous regions: 149->149
[2025-12-25T14:39:08.104+0000][gc,metaspace] GC(142) Metaspace: 14850K(15296K)->14850K(15296K) NonClass: 13239K(13440K)->13239K(13440K) Class: 1610K(1856K)->1610K(1856K)
[2025-12-25T14:39:08.104+0000][gc          ] GC(142) Pause Young (Normal) (G1 Evacuation Pause) 810M->204M(1024M) 31.425ms
[2025-12-25T14:39:08.104+0000][gc,cpu      ] GC(142) User=0.15s Sys=0.00s Real=0.03s
[2025-12-25T14:39:38.486+0000][gc,start    ] GC(143) Pause Young (Normal) (G1 Evacuation Pause)
[2025-12-25T14:39:38.486+0000][gc,task     ] GC(143) Using 8 workers of 8 for evacuation
[2025-12-25T14:39:38.496+0000][gc,phases   ] GC(143)   Pre Evacuate Collection Set: 1.2ms
[2025-12-25T14:39:38.496+0000][gc,phases   ] GC(143)   Merge Heap Roots: 0.2ms
[2025-12-25T14:39:38.496+0000][gc,phases   ] GC(143)   Evacuate Collection Set: 6.7ms
[2025-12-25T14:39:38.496+0000][gc,phases   ] GC(143)   Post Evacuate Collection Set: 1.3ms
[2025-12-25T14:39:38.496+0000][gc,phases   ] GC(143)   Other: 0.3ms
[2025-12-25T14:39:38.497+0000][gc,heap     ] GC(143) Eden regions: 605->0(608)
[2025-12-25T14:39:38.497+0000][gc,heap     ] GC(143) Survivor regions: 9->6(77)
[2025-12-25T14:39:38.497+0000][gc,heap     ] GC(143) Old regions: 48->48
[2025-12-25T14:39:38.497+0000][gc,heap     ] GC(143) Humongous regions: 149->149
[2025-12-25T14:39:38.497+0000][gc,metaspace] GC(143) Metaspace: 14851K(15296K)->14851K(15296K) NonClass: 13240K(13440K)->13240K(13440K) Class: 1610K(1856K)->1610K(1856K)
[2025-12-25T14:39:38.497+0000][gc          ] GC(143) Pause Young (Normal) (G1 Evacuation Pause) 809M->202M(1024M) 10.816ms
[2025-12-25T14:39:38.497+0000][gc,cpu      ] GC(143) User=0.05s Sys=0.01s Real=0.01s
[2025-12-25T14:40:18.114+0000][gc,start    ] GC(144) Pause Young (Normal) (G1 Evacuation Pause)
[2025-12-25T14:40:18.116+0000][gc,task     ] GC(144) Using 8 workers of 8 for evacuation
[2025-12-25T14:40:18.132+0000][gc,phases   ] GC(144)   Pre Evacuate Collection Set: 1.5ms
[2025-12-25T14:40:18.132+0000][gc,phases   ] GC(144)   Merge Heap Roots: 0.3ms
[2025-12-25T14:40:18.133+0000][gc,phases   ] GC(144)   Evacuate Collection Set: 12.9ms
[2025-12-25T14:40:18.133+0000][gc,phases   ] GC(144)   Post Evacuate Collection Set: 1.6ms
[2025-12-25T14:40:18.133+0000][gc,phases   ] GC(144)   Other: 0.5ms
[2025-12-25T14:40:18.133+0000][gc,heap     ] GC(144) Eden regions: 608->0(609)
[2025-12-25T14:40:18.133+0000][gc,heap     ] GC(144) Survivor regions: 6->5(77)
[2025-12-25T14:40:18.133+0000][gc,heap     ] GC(144) Old regions: 48->49
[2025-12-25T14:40:18.134+0000][gc,heap     ] GC(144) Humongous regions: 149->149
[2025-12-25T14:40:18.134+0000][gc,metaspace] GC(144) Metaspace: 14851K(15296K)->14851K(15296K) NonClass: 13240K(13440K)->13240K(13440K) Class: 1610K(1856K)->1610K(1856K)
[2025-12-25T14:40:18.134+0000][gc          ] GC(144) Pause Young (Normal) (G1 Evacuation Pause) 810M->202M(1024M) 20.040ms
[2025-12-25T14:40:18.134+0000][gc,cpu      ] GC(144) User=0.08s Sys=0.02s Real=0.02s
[2025-12-25T14:40:48.507+0000][gc,start    ] GC(145) Pause Young (Normal) (G1 Evacuation Pause)
[2025-12-25T14:40:48.507+0000][gc,task     ] GC(145) Using 8 workers of 8 for evacuation
[2025-12-25T14:40:48.522+0000][gc,phases   ] GC(145)   Pre Evacuate Collection Set: 1.1ms
[2025-12-25T14:40:48.522+0000][gc,phases   ] GC(145)   Merge Heap Roots: 0.4ms
[2025-12-25T14:40:48.523+0000][gc,phases   ] GC(145)   Evacuate Collection Set: 10.5ms
[2025-12-25T14:40:48.523+0000][gc,phases   ] GC(145)   Post Evacuate Collection Set: 2.8ms
[2025-12-25T14:40:48.523+0000][gc,phases   ] GC(145)   Other: 0.2ms
[2025-12-25T14:40:48.523+0000][gc,heap     ] GC(145) Eden regions: 609->0(607)
[2025-12-25T14:40:48.523+0000][gc,heap     ] GC(145) Survivor regions: 5->7(77)
[2025-12-25T14:40:48.523+0000][gc,heap     ] GC(145) Old regions: 49->49
[2025-12-25T14:40:48.523+0000][gc,heap     ] GC(145) Humongous regions: 149->149
[2025-12-25T14:40:48.523+0000][gc,metaspace] GC(145) Metaspace: 14851K(15296K)->14851K(15296K) NonClass: 13240K(13440K)->13240K(13440K) Class: 1610K(1856K)->1610K(1856K)
[2025-12-25T14:40:48.523+0000][gc          ] GC(145) Pause Young (Normal) (G1 Evacuation Pause) 811M->204M(1024M) 16.308ms
[2025-12-25T14:40:48.523+0000][gc,cpu      ] GC(145) User=0.08s Sys=0.01s Real=0.02s
[2025-12-25T14:41:28.243+0000][gc,start    ] GC(146) Pause Young (Normal) (G1 Evacuation Pause)
[2025-12-25T14:41:28.244+0000][gc,task     ] GC(146) Using 8 workers of 8 for evacuation
[2025-12-25T14:41:28.280+0000][gc,phases   ] GC(146)   Pre Evacuate Collection Set: 9.4ms
[2025-12-25T14:41:28.280+0000][gc,phases   ] GC(146)   Merge Heap Roots: 0.8ms
[2025-12-25T14:41:28.280+0000][gc,phases   ] GC(146)   Evacuate Collection Set: 20.4ms
[2025-12-25T14:41:28.280+0000][gc,phases   ] GC(146)   Post Evacuate Collection Set: 4.7ms
[2025-12-25T14:41:28.281+0000][gc,phases   ] GC(146)   Other: 1.2ms
[2025-12-25T14:41:28.281+0000][gc,heap     ] GC(146) Eden regions: 607->0(607)
[2025-12-25T14:41:28.281+0000][gc,heap     ] GC(146) Survivor regions: 7->7(77)
[2025-12-25T14:41:28.281+0000][gc,heap     ] GC(146) Old regions: 49->49
[2025-12-25T14:41:28.281+0000][gc,heap     ] GC(146) Humongous regions: 149->149
[2025-12-25T14:41:28.281+0000][gc,metaspace] GC(146) Metaspace: 14852K(15296K)->14852K(15296K) NonClass: 13241K(13440K)->13241K(13440K) Class: 1610K(1856K)->1610K(1856K)
[2025-12-25T14:41:28.281+0000][gc          ] GC(146) Pause Young (Normal) (G1 Evacuation Pause) 811M->203M(1024M) 38.663ms
[2025-12-25T14:41:28.281+0000][gc,cpu      ] GC(146) User=0.19s Sys=0.01s Real=0.03s
[2025-12-25T14:41:58.542+0000][gc,start    ] GC(147) Pause Young (Normal) (G1 Evacuation Pause)
[2025-12-25T14:41:58.543+0000][gc,task     ] GC(147) Using 8 workers of 8 for evacuation
[2025-12-25T14:41:58.563+0000][gc,phases   ] GC(147)   Pre Evacuate Collection Set: 1.4ms
[2025-12-25T14:41:58.564+0000][gc,phases   ] GC(147)   Merge Heap Roots: 1.4ms
[2025-12-25T14:41:58.564+0000][gc,phases   ] GC(147)   Evacuate Collection Set: 15.7ms
[2025-12-25T14:41:58.564+0000][gc,phases   ] GC(147)   Post Evacuate Collection Set: 1.9ms
[2025-12-25T14:41:58.564+0000][gc,phases   ] GC(147)   Other: 0.2ms
[2025-12-25T14:41:58.564+0000][gc,heap     ] GC(147) Eden regions: 607->0(605)
[2025-12-25T14:41:58.564+0000][gc,heap     ] GC(147) Survivor regions: 7->9(77)
[2025-12-25T14:41:58.564+0000][gc,heap     ] GC(147) Old regions: 49->49
[2025-12-25T14:41:58.564+0000][gc,heap     ] GC(147) Humongous regions: 149->149
[2025-12-25T14:41:58.564+0000][gc,metaspace] GC(147) Metaspace: 14853K(15296K)->14853K(15296K) NonClass: 13242K(13440K)->13242K(13440K) Class: 1610K(1856K)->1610K(1856K)
[2025-12-25T14:41:58.564+0000][gc          ] GC(147) Pause Young (Normal) (G1 Evacuation Pause) 810M->206M(1024M) 21.743ms
[2025-12-25T14:41:58.564+0000][gc,cpu      ] GC(147) User=0.12s Sys=0.00s Real=0.03s
[2025-12-25T14:42:38.193+0000][gc,start    ] GC(148) Pause Young (Normal) (G1 Evacuation Pause)
[2025-12-25T14:42:38.197+0000][gc,task     ] GC(148) Using 8 workers of 8 for evacuation
[2025-12-25T14:42:38.394+0000][gc,phases   ] GC(148)   Pre Evacuate Collection Set: 7.0ms
[2025-12-25T14:42:38.394+0000][gc,phases   ] GC(148)   Merge Heap Roots: 5.1ms
[2025-12-25T14:42:38.395+0000][gc,phases   ] GC(148)   Evacuate Collection Set: 177.8ms
[2025-12-25T14:42:38.400+0000][gc,phases   ] GC(148)   Post Evacuate Collection Set: 6.7ms
[2025-12-25T14:42:38.402+0000][gc,phases   ] GC(148)   Other: 1.4ms
[2025-12-25T14:42:38.403+0000][gc,heap     ] GC(148) Eden regions: 605->0(606)
[2025-12-25T14:42:38.403+0000][gc,heap     ] GC(148) Survivor regions: 9->8(77)
[2025-12-25T14:42:38.404+0000][gc,heap     ] GC(148) Old regions: 49->50
[2025-12-25T14:42:38.405+0000][gc,heap     ] GC(148) Humongous regions: 149->149
[2025-12-25T14:42:38.405+0000][gc,metaspace] GC(148) Metaspace: 14853K(15296K)->14853K(15296K) NonClass: 13242K(13440K)->13242K(13440K) Class: 1610K(1856K)->1610K(1856K)
[2025-12-25T14:42:38.406+0000][gc          ] GC(148) Pause Young (Normal) (G1 Evacuation Pause) 811M->205M(1024M) 213.021ms
[2025-12-25T14:42:38.407+0000][gc,cpu      ] GC(148) User=0.94s Sys=0.06s Real=0.22s
[2025-12-25T14:43:08.609+0000][gc,start    ] GC(149) Pause Young (Normal) (G1 Evacuation Pause)
[2025-12-25T14:43:08.610+0000][gc,task     ] GC(149) Using 8 workers of 8 for evacuation
[2025-12-25T14:43:08.650+0000][gc,phases   ] GC(149)   Pre Evacuate Collection Set: 5.6ms
[2025-12-25T14:43:08.650+0000][gc,phases   ] GC(149)   Merge Heap Roots: 1.7ms
[2025-12-25T14:43:08.650+0000][gc,phases   ] GC(149)   Evacuate Collection Set: 29.0ms
[2025-12-25T14:43:08.650+0000][gc,phases   ] GC(149)   Post Evacuate Collection Set: 1.9ms
[2025-12-25T14:43:08.650+0000][gc,phases   ] GC(149)   Other: 1.5ms
[2025-12-25T14:43:08.650+0000][gc,heap     ] GC(149) Eden regions: 606->0(604)
[2025-12-25T14:43:08.650+0000][gc,heap     ] GC(149) Survivor regions: 8->10(77)
[2025-12-25T14:43:08.650+0000][gc,heap     ] GC(149) Old regions: 50->50
[2025-12-25T14:43:08.650+0000][gc,heap     ] GC(149) Humongous regions: 149->149
[2025-12-25T14:43:08.650+0000][gc,metaspace] GC(149) Metaspace: 14853K(15296K)->14853K(15296K) NonClass: 13242K(13440K)->13242K(13440K) Class: 1610K(1856K)->1610K(1856K)
[2025-12-25T14:43:08.651+0000][gc          ] GC(149) Pause Young (Normal) (G1 Evacuation Pause) 811M->208M(1024M) 41.250ms
[2025-12-25T14:43:08.651+0000][gc,cpu      ] GC(149) User=0.24s Sys=0.00s Real=0.04s
[2025-12-25T14:43:48.312+0000][gc,start    ] GC(150) Pause Young (Normal) (G1 Evacuation Pause)
[2025-12-25T14:43:48.312+0000][gc,task     ] GC(150) Using 8 workers of 8 for evacuation
[2025-12-25T14:43:48.326+0000][gc,phases   ] GC(150)   Pre Evacuate Collection Set: 1.4ms
[2025-12-25T14:43:48.326+0000][gc,phases   ] GC(150)   Merge Heap Roots: 0.2ms
[2025-12-25T14:43:48.326+0000][gc,phases   ] GC(150)   Evacuate Collection Set: 8.4ms
[2025-12-25T14:43:48.326+0000][gc,phases   ] GC(150)   Post Evacuate Collection Set: 3.3ms
[2025-12-25T14:43:48.326+0000][gc,phases   ] GC(150)   Other: 0.3ms
[2025-12-25T14:43:48.326+0000][gc,heap     ] GC(150) Eden regions: 604->0(608)
[2025-12-25T14:43:48.326+0000][gc,heap     ] GC(150) Survivor regions: 10->6(77)
[2025-12-25T14:43:48.326+0000][gc,heap     ] GC(150) Old regions: 50->50
[2025-12-25T14:43:48.326+0000][gc,heap     ] GC(150) Humongous regions: 149->149
[2025-12-25T14:43:48.327+0000][gc,metaspace] GC(150) Metaspace: 14854K(15296K)->14854K(15296K) NonClass: 13243K(13440K)->13243K(13440K) Class: 1610K(1856K)->1610K(1856K)
[2025-12-25T14:43:48.327+0000][gc          ] GC(150) Pause Young (Normal) (G1 Evacuation Pause) 812M->203M(1024M) 15.215ms
[2025-12-25T14:43:48.327+0000][gc,cpu      ] GC(150) User=0.07s Sys=0.01s Real=0.02s
[2025-12-25T14:43:58.508+0000][gc,start    ] GC(151) Pause Young (Concurrent Start) (CodeCache GC Threshold)
[2025-12-25T14:43:58.508+0000][gc,task     ] GC(151) Using 8 workers of 8 for evacuation
[2025-12-25T14:43:58.530+0000][gc,phases   ] GC(151)   Pre Evacuate Collection Set: 3.5ms
[2025-12-25T14:43:58.530+0000][gc,phases   ] GC(151)   Merge Heap Roots: 0.2ms
[2025-12-25T14:43:58.530+0000][gc,phases   ] GC(151)   Evacuate Collection Set: 14.7ms
[2025-12-25T14:43:58.530+0000][gc,phases   ] GC(151)   Post Evacuate Collection Set: 3.1ms
[2025-12-25T14:43:58.530+0000][gc,phases   ] GC(151)   Other: 0.2ms
[2025-12-25T14:43:58.530+0000][gc,heap     ] GC(151) Eden regions: 252->0(608)
[2025-12-25T14:43:58.530+0000][gc,heap     ] GC(151) Survivor regions: 6->6(77)
[2025-12-25T14:43:58.530+0000][gc,heap     ] GC(151) Old regions: 50->50
[2025-12-25T14:43:58.530+0000][gc,heap     ] GC(151) Humongous regions: 149->149
[2025-12-25T14:43:58.530+0000][gc,metaspace] GC(151) Metaspace: 14879K(15296K)->14879K(15296K) NonClass: 13268K(13440K)->13268K(13440K) Class: 1610K(1856K)->1610K(1856K)
[2025-12-25T14:43:58.530+0000][gc          ] GC(151) Pause Young (Concurrent Start) (CodeCache GC Threshold) 455M->204M(1024M) 22.682ms
[2025-12-25T14:43:58.530+0000][gc,cpu      ] GC(151) User=0.13s Sys=0.00s Real=0.02s
[2025-12-25T14:43:58.531+0000][gc          ] GC(152) Concurrent Mark Cycle
[2025-12-25T14:43:58.531+0000][gc,marking  ] GC(152) Concurrent Scan Root Regions
[2025-12-25T14:43:58.537+0000][gc,marking  ] GC(152) Concurrent Scan Root Regions 5.669ms
[2025-12-25T14:43:58.537+0000][gc,marking  ] GC(152) Concurrent Mark
[2025-12-25T14:43:58.537+0000][gc,marking  ] GC(152) Concurrent Mark From Roots
[2025-12-25T14:43:58.537+0000][gc,task     ] GC(152) Using 2 workers of 2 for marking
[2025-12-25T14:43:58.647+0000][gc,marking  ] GC(152) Concurrent Mark From Roots 109.989ms
[2025-12-25T14:43:58.647+0000][gc,marking  ] GC(152) Concurrent Preclean
[2025-12-25T14:43:58.647+0000][gc,marking  ] GC(152) Concurrent Preclean 0.290ms
[2025-12-25T14:43:58.649+0000][gc,start    ] GC(152) Pause Remark
[2025-12-25T14:43:58.883+0000][gc,mmu      ] GC(152) MMU target violated: 201.0ms (200.0ms/201.0ms)
[2025-12-25T14:43:58.883+0000][gc          ] GC(152) Pause Remark 232M->229M(1024M) 234.019ms
[2025-12-25T14:43:58.883+0000][gc,cpu      ] GC(152) User=1.64s Sys=0.03s Real=0.23s
[2025-12-25T14:43:58.884+0000][gc,marking  ] GC(152) Concurrent Mark 346.824ms
[2025-12-25T14:43:58.884+0000][gc,marking  ] GC(152) Concurrent Rebuild Remembered Sets and Scrub Regions
[2025-12-25T14:43:58.901+0000][gc,marking  ] GC(152) Concurrent Rebuild Remembered Sets and Scrub Regions 16.205ms
[2025-12-25T14:43:58.902+0000][gc,start    ] GC(152) Pause Cleanup
[2025-12-25T14:43:58.902+0000][gc          ] GC(152) Pause Cleanup 233M->233M(1024M) 0.599ms
[2025-12-25T14:43:58.902+0000][gc,cpu      ] GC(152) User=0.00s Sys=0.00s Real=0.00s
[2025-12-25T14:43:58.902+0000][gc,marking  ] GC(152) Concurrent Clear Claimed Marks
[2025-12-25T14:43:58.903+0000][gc,marking  ] GC(152) Concurrent Clear Claimed Marks 0.130ms
[2025-12-25T14:43:58.903+0000][gc,marking  ] GC(152) Concurrent Cleanup for Next Mark
[2025-12-25T14:43:58.928+0000][gc,marking  ] GC(152) Concurrent Cleanup for Next Mark 25.204ms
[2025-12-25T14:43:58.928+0000][gc          ] GC(152) Concurrent Mark Cycle 397.317ms
[2025-12-25T14:44:38.197+0000][gc,start    ] GC(153) Pause Young (Prepare Mixed) (G1 Evacuation Pause)
[2025-12-25T14:44:38.197+0000][gc,task     ] GC(153) Using 8 workers of 8 for evacuation
[2025-12-25T14:44:38.212+0000][gc,phases   ] GC(153)   Pre Evacuate Collection Set: 1.2ms
[2025-12-25T14:44:38.213+0000][gc,phases   ] GC(153)   Merge Heap Roots: 0.4ms
[2025-12-25T14:44:38.213+0000][gc,phases   ] GC(153)   Evacuate Collection Set: 11.7ms
[2025-12-25T14:44:38.213+0000][gc,phases   ] GC(153)   Post Evacuate Collection Set: 1.8ms
[2025-12-25T14:44:38.213+0000][gc,phases   ] GC(153)   Other: 0.2ms
[2025-12-25T14:44:38.213+0000][gc,heap     ] GC(153) Eden regions: 608->0(608)
[2025-12-25T14:44:38.213+0000][gc,heap     ] GC(153) Survivor regions: 6->6(77)
[2025-12-25T14:44:38.213+0000][gc,heap     ] GC(153) Old regions: 47->47
[2025-12-25T14:44:38.213+0000][gc,heap     ] GC(153) Humongous regions: 149->149
[2025-12-25T14:44:38.213+0000][gc,metaspace] GC(153) Metaspace: 14850K(15296K)->14850K(15296K) NonClass: 13268K(13440K)->13268K(13440K) Class: 1582K(1856K)->1582K(1856K)
[2025-12-25T14:44:38.213+0000][gc          ] GC(153) Pause Young (Prepare Mixed) (G1 Evacuation Pause) 809M->201M(1024M) 16.757ms
[2025-12-25T14:44:38.214+0000][gc,cpu      ] GC(153) User=0.09s Sys=0.00s Real=0.02s
[2025-12-25T14:45:08.561+0000][gc,start    ] GC(154) Pause Young (Mixed) (G1 Evacuation Pause)
[2025-12-25T14:45:08.562+0000][gc,task     ] GC(154) Using 8 workers of 8 for evacuation
[2025-12-25T14:45:08.619+0000][gc,phases   ] GC(154)   Pre Evacuate Collection Set: 9.6ms
[2025-12-25T14:45:08.619+0000][gc,phases   ] GC(154)   Merge Heap Roots: 1.2ms
[2025-12-25T14:45:08.619+0000][gc,phases   ] GC(154)   Evacuate Collection Set: 39.3ms
[2025-12-25T14:45:08.619+0000][gc,phases   ] GC(154)   Post Evacuate Collection Set: 5.7ms
[2025-12-25T14:45:08.619+0000][gc,phases   ] GC(154)   Other: 1.2ms
[2025-12-25T14:45:08.620+0000][gc,heap     ] GC(154) Eden regions: 608->0(606)
[2025-12-25T14:45:08.620+0000][gc,heap     ] GC(154) Survivor regions: 6->8(77)
[2025-12-25T14:45:08.620+0000][gc,heap     ] GC(154) Old regions: 47->44
[2025-12-25T14:45:08.620+0000][gc,heap     ] GC(154) Humongous regions: 149->149
[2025-12-25T14:45:08.620+0000][gc,metaspace] GC(154) Metaspace: 14850K(15296K)->14850K(15296K) NonClass: 13268K(13440K)->13268K(13440K) Class: 1582K(1856K)->1582K(1856K)
[2025-12-25T14:45:08.620+0000][gc          ] GC(154) Pause Young (Mixed) (G1 Evacuation Pause) 809M->199M(1024M) 58.893ms
[2025-12-25T14:45:08.620+0000][gc,cpu      ] GC(154) User=0.30s Sys=0.01s Real=0.06s
[2025-12-25T14:45:48.180+0000][gc,start    ] GC(155) Pause Young (Normal) (G1 Evacuation Pause)
[2025-12-25T14:45:48.180+0000][gc,task     ] GC(155) Using 8 workers of 8 for evacuation
[2025-12-25T14:45:48.197+0000][gc,phases   ] GC(155)   Pre Evacuate Collection Set: 1.5ms
[2025-12-25T14:45:48.197+0000][gc,phases   ] GC(155)   Merge Heap Roots: 0.3ms
[2025-12-25T14:45:48.197+0000][gc,phases   ] GC(155)   Evacuate Collection Set: 13.6ms
[2025-12-25T14:45:48.197+0000][gc,phases   ] GC(155)   Post Evacuate Collection Set: 1.2ms
[2025-12-25T14:45:48.198+0000][gc,phases   ] GC(155)   Other: 0.2ms
[2025-12-25T14:45:48.198+0000][gc,heap     ] GC(155) Eden regions: 606->0(607)
[2025-12-25T14:45:48.198+0000][gc,heap     ] GC(155) Survivor regions: 8->7(77)
[2025-12-25T14:45:48.198+0000][gc,heap     ] GC(155) Old regions: 44->44
[2025-12-25T14:45:48.198+0000][gc,heap     ] GC(155) Humongous regions: 149->149
[2025-12-25T14:45:48.198+0000][gc,metaspace] GC(155) Metaspace: 14853K(15296K)->14853K(15296K) NonClass: 13271K(13440K)->13271K(13440K) Class: 1582K(1856K)->1582K(1856K)
[2025-12-25T14:45:48.198+0000][gc          ] GC(155) Pause Young (Normal) (G1 Evacuation Pause) 805M->198M(1024M) 18.034ms
[2025-12-25T14:45:48.198+0000][gc,cpu      ] GC(155) User=0.10s Sys=0.01s Real=0.02s
[2025-12-25T14:46:18.633+0000][gc,start    ] GC(156) Pause Young (Normal) (G1 Evacuation Pause)
[2025-12-25T14:46:18.636+0000][gc,task     ] GC(156) Using 8 workers of 8 for evacuation
[2025-12-25T14:46:18.683+0000][gc,phases   ] GC(156)   Pre Evacuate Collection Set: 8.1ms
[2025-12-25T14:46:18.684+0000][gc,phases   ] GC(156)   Merge Heap Roots: 0.4ms
[2025-12-25T14:46:18.684+0000][gc,phases   ] GC(156)   Evacuate Collection Set: 36.2ms
[2025-12-25T14:46:18.684+0000][gc,phases   ] GC(156)   Post Evacuate Collection Set: 1.4ms
[2025-12-25T14:46:18.684+0000][gc,phases   ] GC(156)   Other: 1.7ms
[2025-12-25T14:46:18.684+0000][gc,heap     ] GC(156) Eden regions: 607->0(605)
[2025-12-25T14:46:18.684+0000][gc,heap     ] GC(156) Survivor regions: 7->9(77)
[2025-12-25T14:46:18.684+0000][gc,heap     ] GC(156) Old regions: 44->44
[2025-12-25T14:46:18.684+0000][gc,heap     ] GC(156) Humongous regions: 149->149
[2025-12-25T14:46:18.684+0000][gc,metaspace] GC(156) Metaspace: 14853K(15296K)->14853K(15296K) NonClass: 13271K(13440K)->13271K(13440K) Class: 1582K(1856K)->1582K(1856K)
[2025-12-25T14:46:18.685+0000][gc          ] GC(156) Pause Young (Normal) (G1 Evacuation Pause) 805M->200M(1024M) 51.272ms
[2025-12-25T14:46:18.685+0000][gc,cpu      ] GC(156) User=0.28s Sys=0.01s Real=0.05s
[2025-12-25T14:46:58.161+0000][gc,start    ] GC(157) Pause Young (Normal) (G1 Evacuation Pause)
[2025-12-25T14:46:58.161+0000][gc,task     ] GC(157) Using 8 workers of 8 for evacuation
[2025-12-25T14:46:58.186+0000][gc,phases   ] GC(157)   Pre Evacuate Collection Set: 1.5ms
[2025-12-25T14:46:58.186+0000][gc,phases   ] GC(157)   Merge Heap Roots: 0.3ms
[2025-12-25T14:46:58.186+0000][gc,phases   ] GC(157)   Evacuate Collection Set: 21.0ms
[2025-12-25T14:46:58.186+0000][gc,phases   ] GC(157)   Post Evacuate Collection Set: 1.3ms
[2025-12-25T14:46:58.186+0000][gc,phases   ] GC(157)   Other: 0.2ms
[2025-12-25T14:46:58.186+0000][gc,heap     ] GC(157) Eden regions: 605->0(606)
[2025-12-25T14:46:58.186+0000][gc,heap     ] GC(157) Survivor regions: 9->8(77)
[2025-12-25T14:46:58.186+0000][gc,heap     ] GC(157) Old regions: 44->44
[2025-12-25T14:46:58.186+0000][gc,heap     ] GC(157) Humongous regions: 149->149
[2025-12-25T14:46:58.186+0000][gc,metaspace] GC(157) Metaspace: 14853K(15296K)->14853K(15296K) NonClass: 13271K(13440K)->13271K(13440K) Class: 1582K(1856K)->1582K(1856K)
[2025-12-25T14:46:58.186+0000][gc          ] GC(157) Pause Young (Normal) (G1 Evacuation Pause) 805M->200M(1024M) 25.761ms
[2025-12-25T14:46:58.186+0000][gc,cpu      ] GC(157) User=0.15s Sys=0.00s Real=0.03s
[2025-12-25T14:47:28.684+0000][gc,start    ] GC(158) Pause Young (Normal) (G1 Evacuation Pause)
[2025-12-25T14:47:28.685+0000][gc,task     ] GC(158) Using 8 workers of 8 for evacuation
[2025-12-25T14:47:28.733+0000][gc,phases   ] GC(158)   Pre Evacuate Collection Set: 6.9ms
[2025-12-25T14:47:28.733+0000][gc,phases   ] GC(158)   Merge Heap Roots: 0.9ms
[2025-12-25T14:47:28.733+0000][gc,phases   ] GC(158)   Evacuate Collection Set: 38.3ms
[2025-12-25T14:47:28.733+0000][gc,phases   ] GC(158)   Post Evacuate Collection Set: 1.7ms
[2025-12-25T14:47:28.733+0000][gc,phases   ] GC(158)   Other: 0.6ms
[2025-12-25T14:47:28.733+0000][gc,heap     ] GC(158) Eden regions: 606->0(604)
[2025-12-25T14:47:28.733+0000][gc,heap     ] GC(158) Survivor regions: 8->10(77)
[2025-12-25T14:47:28.734+0000][gc,heap     ] GC(158) Old regions: 44->45
[2025-12-25T14:47:28.734+0000][gc,heap     ] GC(158) Humongous regions: 149->149
[2025-12-25T14:47:28.734+0000][gc,metaspace] GC(158) Metaspace: 14853K(15296K)->14853K(15296K) NonClass: 13271K(13440K)->13271K(13440K) Class: 1582K(1856K)->1582K(1856K)
[2025-12-25T14:47:28.734+0000][gc          ] GC(158) Pause Young (Normal) (G1 Evacuation Pause) 806M->202M(1024M) 49.659ms
[2025-12-25T14:47:28.734+0000][gc,cpu      ] GC(158) User=0.20s Sys=0.00s Real=0.04s
[2025-12-25T14:48:08.204+0000][gc,start    ] GC(159) Pause Young (Normal) (G1 Evacuation Pause)
[2025-12-25T14:48:08.206+0000][gc,task     ] GC(159) Using 8 workers of 8 for evacuation
[2025-12-25T14:48:08.236+0000][gc,phases   ] GC(159)   Pre Evacuate Collection Set: 3.5ms
[2025-12-25T14:48:08.236+0000][gc,phases   ] GC(159)   Merge Heap Roots: 0.9ms
[2025-12-25T14:48:08.236+0000][gc,phases   ] GC(159)   Evacuate Collection Set: 23.2ms
[2025-12-25T14:48:08.236+0000][gc,phases   ] GC(159)   Post Evacuate Collection Set: 1.8ms
[2025-12-25T14:48:08.236+0000][gc,phases   ] GC(159)   Other: 1.0ms
[2025-12-25T14:48:08.236+0000][gc,heap     ] GC(159) Eden regions: 604->0(609)
[2025-12-25T14:48:08.236+0000][gc,heap     ] GC(159) Survivor regions: 10->5(77)
[2025-12-25T14:48:08.236+0000][gc,heap     ] GC(159) Old regions: 45->45
[2025-12-25T14:48:08.236+0000][gc,heap     ] GC(159) Humongous regions: 149->149
[2025-12-25T14:48:08.237+0000][gc,metaspace] GC(159) Metaspace: 14853K(15296K)->14853K(15296K) NonClass: 13271K(13440K)->13271K(13440K) Class: 1582K(1856K)->1582K(1856K)
[2025-12-25T14:48:08.237+0000][gc          ] GC(159) Pause Young (Normal) (G1 Evacuation Pause) 806M->198M(1024M) 32.711ms
[2025-12-25T14:48:08.237+0000][gc,cpu      ] GC(159) User=0.14s Sys=0.01s Real=0.04s
[2025-12-25T14:48:38.419+0000][gc,start    ] GC(160) Pause Young (Normal) (G1 Evacuation Pause)
[2025-12-25T14:48:38.419+0000][gc,task     ] GC(160) Using 8 workers of 8 for evacuation
[2025-12-25T14:48:38.439+0000][gc,phases   ] GC(160)   Pre Evacuate Collection Set: 1.1ms
[2025-12-25T14:48:38.439+0000][gc,phases   ] GC(160)   Merge Heap Roots: 0.3ms
[2025-12-25T14:48:38.439+0000][gc,phases   ] GC(160)   Evacuate Collection Set: 16.4ms
[2025-12-25T14:48:38.439+0000][gc,phases   ] GC(160)   Post Evacuate Collection Set: 1.1ms
[2025-12-25T14:48:38.439+0000][gc,phases   ] GC(160)   Other: 0.2ms
[2025-12-25T14:48:38.439+0000][gc,heap     ] GC(160) Eden regions: 609->0(608)
[2025-12-25T14:48:38.439+0000][gc,heap     ] GC(160) Survivor regions: 5->6(77)
[2025-12-25T14:48:38.439+0000][gc,heap     ] GC(160) Old regions: 45->45
[2025-12-25T14:48:38.439+0000][gc,heap     ] GC(160) Humongous regions: 149->149
[2025-12-25T14:48:38.439+0000][gc,metaspace] GC(160) Metaspace: 14853K(15296K)->14853K(15296K) NonClass: 13271K(13440K)->13271K(13440K) Class: 1582K(1856K)->1582K(1856K)
[2025-12-25T14:48:38.439+0000][gc          ] GC(160) Pause Young (Normal) (G1 Evacuation Pause) 807M->199M(1024M) 20.252ms
[2025-12-25T14:48:38.439+0000][gc,cpu      ] GC(160) User=0.14s Sys=0.00s Real=0.02s
[2025-12-25T14:49:18.107+0000][gc,start    ] GC(161) Pause Young (Normal) (G1 Evacuation Pause)
[2025-12-25T14:49:18.109+0000][gc,task     ] GC(161) Using 8 workers of 8 for evacuation
[2025-12-25T14:49:18.128+0000][gc,phases   ] GC(161)   Pre Evacuate Collection Set: 4.0ms
[2025-12-25T14:49:18.128+0000][gc,phases   ] GC(161)   Merge Heap Roots: 0.3ms
[2025-12-25T14:49:18.128+0000][gc,phases   ] GC(161)   Evacuate Collection Set: 13.2ms
[2025-12-25T14:49:18.128+0000][gc,phases   ] GC(161)   Post Evacuate Collection Set: 1.3ms
[2025-12-25T14:49:18.128+0000][gc,phases   ] GC(161)   Other: 0.6ms
[2025-12-25T14:49:18.128+0000][gc,heap     ] GC(161) Eden regions: 608->0(608)
[2025-12-25T14:49:18.128+0000][gc,heap     ] GC(161) Survivor regions: 6->6(77)
[2025-12-25T14:49:18.128+0000][gc,heap     ] GC(161) Old regions: 45->45
[2025-12-25T14:49:18.128+0000][gc,heap     ] GC(161) Humongous regions: 149->149
[2025-12-25T14:49:18.128+0000][gc,metaspace] GC(161) Metaspace: 14853K(15296K)->14853K(15296K) NonClass: 13271K(13440K)->13271K(13440K) Class: 1582K(1856K)->1582K(1856K)
[2025-12-25T14:49:18.128+0000][gc          ] GC(161) Pause Young (Normal) (G1 Evacuation Pause) 807M->199M(1024M) 21.009ms
[2025-12-25T14:49:18.128+0000][gc,cpu      ] GC(161) User=0.11s Sys=0.00s Real=0.02s
[2025-12-25T14:49:48.406+0000][gc,start    ] GC(162) Pause Young (Normal) (G1 Evacuation Pause)
[2025-12-25T14:49:48.407+0000][gc,task     ] GC(162) Using 8 workers of 8 for evacuation
[2025-12-25T14:49:48.421+0000][gc,phases   ] GC(162)   Pre Evacuate Collection Set: 1.1ms
[2025-12-25T14:49:48.421+0000][gc,phases   ] GC(162)   Merge Heap Roots: 0.3ms
[2025-12-25T14:49:48.421+0000][gc,phases   ] GC(162)   Evacuate Collection Set: 11.2ms
[2025-12-25T14:49:48.421+0000][gc,phases   ] GC(162)   Post Evacuate Collection Set: 1.1ms
[2025-12-25T14:49:48.421+0000][gc,phases   ] GC(162)   Other: 0.2ms
[2025-12-25T14:49:48.421+0000][gc,heap     ] GC(162) Eden regions: 608->0(606)
[2025-12-25T14:49:48.421+0000][gc,heap     ] GC(162) Survivor regions: 6->8(77)
[2025-12-25T14:49:48.421+0000][gc,heap     ] GC(162) Old regions: 45->46
[2025-12-25T14:49:48.421+0000][gc,heap     ] GC(162) Humongous regions: 149->149
[2025-12-25T14:49:48.421+0000][gc,metaspace] GC(162) Metaspace: 14853K(15296K)->14853K(15296K) NonClass: 13271K(13440K)->13271K(13440K) Class: 1582K(1856K)->1582K(1856K)
[2025-12-25T14:49:48.421+0000][gc          ] GC(162) Pause Young (Normal) (G1 Evacuation Pause) 807M->201M(1024M) 14.956ms
[2025-12-25T14:49:48.421+0000][gc,cpu      ] GC(162) User=0.09s Sys=0.01s Real=0.01s
[2025-12-25T14:50:28.096+0000][gc,start    ] GC(163) Pause Young (Normal) (G1 Evacuation Pause)
[2025-12-25T14:50:28.097+0000][gc,task     ] GC(163) Using 8 workers of 8 for evacuation
[2025-12-25T14:50:28.127+0000][gc,phases   ] GC(163)   Pre Evacuate Collection Set: 3.3ms
[2025-12-25T14:50:28.127+0000][gc,phases   ] GC(163)   Merge Heap Roots: 2.9ms
[2025-12-25T14:50:28.127+0000][gc,phases   ] GC(163)   Evacuate Collection Set: 21.4ms
[2025-12-25T14:50:28.127+0000][gc,phases   ] GC(163)   Post Evacuate Collection Set: 1.8ms
[2025-12-25T14:50:28.128+0000][gc,phases   ] GC(163)   Other: 1.1ms
[2025-12-25T14:50:28.128+0000][gc,heap     ] GC(163) Eden regions: 606->0(607)
[2025-12-25T14:50:28.128+0000][gc,heap     ] GC(163) Survivor regions: 8->7(77)
[2025-12-25T14:50:28.128+0000][gc,heap     ] GC(163) Old regions: 46->46
[2025-12-25T14:50:28.128+0000][gc,heap     ] GC(163) Humongous regions: 149->149
[2025-12-25T14:50:28.128+0000][gc,metaspace] GC(163) Metaspace: 14853K(15296K)->14853K(15296K) NonClass: 13271K(13440K)->13271K(13440K) Class: 1582K(1856K)->1582K(1856K)
[2025-12-25T14:50:28.128+0000][gc          ] GC(163) Pause Young (Normal) (G1 Evacuation Pause) 807M->200M(1024M) 31.860ms
[2025-12-25T14:50:28.128+0000][gc,cpu      ] GC(163) User=0.16s Sys=0.01s Real=0.04s
[2025-12-25T14:50:58.436+0000][gc,start    ] GC(164) Pause Young (Normal) (G1 Evacuation Pause)
[2025-12-25T14:50:58.437+0000][gc,task     ] GC(164) Using 8 workers of 8 for evacuation
[2025-12-25T14:50:58.452+0000][gc,phases   ] GC(164)   Pre Evacuate Collection Set: 1.1ms
[2025-12-25T14:50:58.452+0000][gc,phases   ] GC(164)   Merge Heap Roots: 0.3ms
[2025-12-25T14:50:58.453+0000][gc,phases   ] GC(164)   Evacuate Collection Set: 11.0ms
[2025-12-25T14:50:58.453+0000][gc,phases   ] GC(164)   Post Evacuate Collection Set: 2.8ms
[2025-12-25T14:50:58.453+0000][gc,phases   ] GC(164)   Other: 0.4ms
[2025-12-25T14:50:58.453+0000][gc,heap     ] GC(164) Eden regions: 607->0(605)
[2025-12-25T14:50:58.453+0000][gc,heap     ] GC(164) Survivor regions: 7->9(77)
[2025-12-25T14:50:58.453+0000][gc,heap     ] GC(164) Old regions: 46->46
[2025-12-25T14:50:58.453+0000][gc,heap     ] GC(164) Humongous regions: 149->149
[2025-12-25T14:50:58.453+0000][gc,metaspace] GC(164) Metaspace: 14853K(15296K)->14853K(15296K) NonClass: 13271K(13440K)->13271K(13440K) Class: 1582K(1856K)->1582K(1856K)
[2025-12-25T14:50:58.453+0000][gc          ] GC(164) Pause Young (Normal) (G1 Evacuation Pause) 807M->203M(1024M) 17.008ms
[2025-12-25T14:50:58.453+0000][gc,cpu      ] GC(164) User=0.11s Sys=0.00s Real=0.02s
[2025-12-25T14:51:38.049+0000][gc,start    ] GC(165) Pause Young (Normal) (G1 Evacuation Pause)
[2025-12-25T14:51:38.049+0000][gc,task     ] GC(165) Using 8 workers of 8 for evacuation
[2025-12-25T14:51:38.075+0000][gc,phases   ] GC(165)   Pre Evacuate Collection Set: 1.5ms
[2025-12-25T14:51:38.075+0000][gc,phases   ] GC(165)   Merge Heap Roots: 0.3ms
[2025-12-25T14:51:38.075+0000][gc,phases   ] GC(165)   Evacuate Collection Set: 22.2ms
[2025-12-25T14:51:38.075+0000][gc,phases   ] GC(165)   Post Evacuate Collection Set: 1.3ms
[2025-12-25T14:51:38.075+0000][gc,phases   ] GC(165)   Other: 0.2ms
[2025-12-25T14:51:38.075+0000][gc,heap     ] GC(165) Eden regions: 605->0(606)
[2025-12-25T14:51:38.075+0000][gc,heap     ] GC(165) Survivor regions: 9->8(77)
[2025-12-25T14:51:38.075+0000][gc,heap     ] GC(165) Old regions: 46->46
[2025-12-25T14:51:38.075+0000][gc,heap     ] GC(165) Humongous regions: 149->149
[2025-12-25T14:51:38.075+0000][gc,metaspace] GC(165) Metaspace: 14854K(15296K)->14854K(15296K) NonClass: 13272K(13440K)->13272K(13440K) Class: 1582K(1856K)->1582K(1856K)
[2025-12-25T14:51:38.076+0000][gc          ] GC(165) Pause Young (Normal) (G1 Evacuation Pause) 808M->202M(1024M) 26.514ms
[2025-12-25T14:51:38.076+0000][gc,cpu      ] GC(165) User=0.16s Sys=0.01s Real=0.02s
[2025-12-25T14:52:08.414+0000][gc,start    ] GC(166) Pause Young (Normal) (G1 Evacuation Pause)
[2025-12-25T14:52:08.415+0000][gc,task     ] GC(166) Using 8 workers of 8 for evacuation
[2025-12-25T14:52:08.434+0000][gc,phases   ] GC(166)   Pre Evacuate Collection Set: 1.2ms
[2025-12-25T14:52:08.434+0000][gc,phases   ] GC(166)   Merge Heap Roots: 0.3ms
[2025-12-25T14:52:08.434+0000][gc,phases   ] GC(166)   Evacuate Collection Set: 16.3ms
[2025-12-25T14:52:08.434+0000][gc,phases   ] GC(166)   Post Evacuate Collection Set: 1.1ms
[2025-12-25T14:52:08.434+0000][gc,phases   ] GC(166)   Other: 0.2ms
[2025-12-25T14:52:08.434+0000][gc,heap     ] GC(166) Eden regions: 606->0(608)
[2025-12-25T14:52:08.434+0000][gc,heap     ] GC(166) Survivor regions: 8->6(77)
[2025-12-25T14:52:08.434+0000][gc,heap     ] GC(166) Old regions: 46->47
[2025-12-25T14:52:08.434+0000][gc,heap     ] GC(166) Humongous regions: 149->149
[2025-12-25T14:52:08.434+0000][gc,metaspace] GC(166) Metaspace: 14854K(15296K)->14854K(15296K) NonClass: 13272K(13440K)->13272K(13440K) Class: 1582K(1856K)->1582K(1856K)
[2025-12-25T14:52:08.434+0000][gc          ] GC(166) Pause Young (Normal) (G1 Evacuation Pause) 808M->200M(1024M) 20.022ms
[2025-12-25T14:52:08.434+0000][gc,cpu      ] GC(166) User=0.11s Sys=0.00s Real=0.02s
[2025-12-25T14:52:48.040+0000][gc,start    ] GC(167) Pause Young (Normal) (G1 Evacuation Pause)
[2025-12-25T14:52:48.041+0000][gc,task     ] GC(167) Using 8 workers of 8 for evacuation
[2025-12-25T14:52:48.072+0000][gc,phases   ] GC(167)   Pre Evacuate Collection Set: 2.3ms
[2025-12-25T14:52:48.073+0000][gc,phases   ] GC(167)   Merge Heap Roots: 0.5ms
[2025-12-25T14:52:48.073+0000][gc,phases   ] GC(167)   Evacuate Collection Set: 23.9ms
[2025-12-25T14:52:48.073+0000][gc,phases   ] GC(167)   Post Evacuate Collection Set: 4.4ms
[2025-12-25T14:52:48.073+0000][gc,phases   ] GC(167)   Other: 0.3ms
[2025-12-25T14:52:48.073+0000][gc,heap     ] GC(167) Eden regions: 608->0(609)
[2025-12-25T14:52:48.073+0000][gc,heap     ] GC(167) Survivor regions: 6->5(77)
[2025-12-25T14:52:48.073+0000][gc,heap     ] GC(167) Old regions: 47->47
[2025-12-25T14:52:48.073+0000][gc,heap     ] GC(167) Humongous regions: 149->149
[2025-12-25T14:52:48.073+0000][gc,metaspace] GC(167) Metaspace: 14856K(15296K)->14856K(15296K) NonClass: 13274K(13440K)->13274K(13440K) Class: 1582K(1856K)->1582K(1856K)
[2025-12-25T14:52:48.073+0000][gc          ] GC(167) Pause Young (Normal) (G1 Evacuation Pause) 808M->200M(1024M) 32.855ms
[2025-12-25T14:52:48.073+0000][gc,cpu      ] GC(167) User=0.19s Sys=0.00s Real=0.03s
[2025-12-25T14:53:18.407+0000][gc,start    ] GC(168) Pause Young (Normal) (G1 Evacuation Pause)
[2025-12-25T14:53:18.407+0000][gc,task     ] GC(168) Using 8 workers of 8 for evacuation
[2025-12-25T14:53:18.426+0000][gc,phases   ] GC(168)   Pre Evacuate Collection Set: 1.1ms
[2025-12-25T14:53:18.426+0000][gc,phases   ] GC(168)   Merge Heap Roots: 0.3ms
[2025-12-25T14:53:18.426+0000][gc,phases   ] GC(168)   Evacuate Collection Set: 14.5ms
[2025-12-25T14:53:18.426+0000][gc,phases   ] GC(168)   Post Evacuate Collection Set: 2.8ms
[2025-12-25T14:53:18.427+0000][gc,phases   ] GC(168)   Other: 0.3ms
[2025-12-25T14:53:18.427+0000][gc,heap     ] GC(168) Eden regions: 609->0(607)
[2025-12-25T14:53:18.427+0000][gc,heap     ] GC(168) Survivor regions: 5->7(77)
[2025-12-25T14:53:18.427+0000][gc,heap     ] GC(168) Old regions: 47->47
[2025-12-25T14:53:18.427+0000][gc,heap     ] GC(168) Humongous regions: 149->149
[2025-12-25T14:53:18.427+0000][gc,metaspace] GC(168) Metaspace: 14859K(15296K)->14859K(15296K) NonClass: 13277K(13440K)->13277K(13440K) Class: 1582K(1856K)->1582K(1856K)
[2025-12-25T14:53:18.427+0000][gc          ] GC(168) Pause Young (Normal) (G1 Evacuation Pause) 809M->202M(1024M) 19.890ms
[2025-12-25T14:53:18.428+0000][gc,cpu      ] GC(168) User=0.12s Sys=0.00s Real=0.02s
[2025-12-25T14:53:58.100+0000][gc,start    ] GC(169) Pause Young (Normal) (G1 Evacuation Pause)
[2025-12-25T14:53:58.100+0000][gc,task     ] GC(169) Using 8 workers of 8 for evacuation
[2025-12-25T14:53:58.135+0000][gc,phases   ] GC(169)   Pre Evacuate Collection Set: 5.4ms
[2025-12-25T14:53:58.136+0000][gc,phases   ] GC(169)   Merge Heap Roots: 2.1ms
[2025-12-25T14:53:58.136+0000][gc,phases   ] GC(169)   Evacuate Collection Set: 21.3ms
[2025-12-25T14:53:58.136+0000][gc,phases   ] GC(169)   Post Evacuate Collection Set: 6.3ms
[2025-12-25T14:53:58.136+0000][gc,phases   ] GC(169)   Other: 0.2ms
[2025-12-25T14:53:58.136+0000][gc,heap     ] GC(169) Eden regions: 607->0(607)
[2025-12-25T14:53:58.136+0000][gc,heap     ] GC(169) Survivor regions: 7->7(77)
[2025-12-25T14:53:58.137+0000][gc,heap     ] GC(169) Old regions: 47->47
[2025-12-25T14:53:58.137+0000][gc,heap     ] GC(169) Humongous regions: 149->149
[2025-12-25T14:53:58.137+0000][gc,metaspace] GC(169) Metaspace: 14859K(15296K)->14859K(15296K) NonClass: 13277K(13440K)->13277K(13440K) Class: 1582K(1856K)->1582K(1856K)
[2025-12-25T14:53:58.137+0000][gc          ] GC(169) Pause Young (Normal) (G1 Evacuation Pause) 809M->201M(1024M) 37.516ms
[2025-12-25T14:53:58.137+0000][gc,cpu      ] GC(169) User=0.14s Sys=0.01s Real=0.04s
[2025-12-25T14:54:28.529+0000][gc,start    ] GC(170) Pause Young (Normal) (G1 Evacuation Pause)
[2025-12-25T14:54:28.529+0000][gc,task     ] GC(170) Using 8 workers of 8 for evacuation
[2025-12-25T14:54:28.581+0000][gc,phases   ] GC(170)   Pre Evacuate Collection Set: 3.5ms
[2025-12-25T14:54:28.581+0000][gc,phases   ] GC(170)   Merge Heap Roots: 0.9ms
[2025-12-25T14:54:28.581+0000][gc,phases   ] GC(170)   Evacuate Collection Set: 41.2ms
[2025-12-25T14:54:28.582+0000][gc,phases   ] GC(170)   Post Evacuate Collection Set: 6.0ms
[2025-12-25T14:54:28.582+0000][gc,phases   ] GC(170)   Other: 0.3ms
[2025-12-25T14:54:28.582+0000][gc,heap     ] GC(170) Eden regions: 607->0(606)
[2025-12-25T14:54:28.582+0000][gc,heap     ] GC(170) Survivor regions: 7->8(77)
[2025-12-25T14:54:28.582+0000][gc,heap     ] GC(170) Old regions: 47->47
[2025-12-25T14:54:28.582+0000][gc,heap     ] GC(170) Humongous regions: 149->149
[2025-12-25T14:54:28.582+0000][gc,metaspace] GC(170) Metaspace: 14860K(15360K)->14860K(15360K) NonClass: 13278K(13504K)->13278K(13504K) Class: 1582K(1856K)->1582K(1856K)
[2025-12-25T14:54:28.583+0000][gc          ] GC(170) Pause Young (Normal) (G1 Evacuation Pause) 808M->203M(1024M) 55.355ms
[2025-12-25T14:54:28.583+0000][gc,cpu      ] GC(170) User=0.30s Sys=0.02s Real=0.06s
[2025-12-25T14:55:08.039+0000][gc,start    ] GC(171) Pause Young (Normal) (G1 Evacuation Pause)
[2025-12-25T14:55:08.040+0000][gc,task     ] GC(171) Using 8 workers of 8 for evacuation
[2025-12-25T14:55:08.073+0000][gc,phases   ] GC(171)   Pre Evacuate Collection Set: 4.2ms
[2025-12-25T14:55:08.073+0000][gc,phases   ] GC(171)   Merge Heap Roots: 0.4ms
[2025-12-25T14:55:08.073+0000][gc,phases   ] GC(171)   Evacuate Collection Set: 26.5ms
[2025-12-25T14:55:08.073+0000][gc,phases   ] GC(171)   Post Evacuate Collection Set: 1.5ms
[2025-12-25T14:55:08.073+0000][gc,phases   ] GC(171)   Other: 0.3ms
[2025-12-25T14:55:08.073+0000][gc,heap     ] GC(171) Eden regions: 606->0(606)
[2025-12-25T14:55:08.073+0000][gc,heap     ] GC(171) Survivor regions: 8->8(77)
[2025-12-25T14:55:08.073+0000][gc,heap     ] GC(171) Old regions: 47->48
[2025-12-25T14:55:08.073+0000][gc,heap     ] GC(171) Humongous regions: 149->149
[2025-12-25T14:55:08.074+0000][gc,metaspace] GC(171) Metaspace: 14871K(15360K)->14871K(15360K) NonClass: 13289K(13504K)->13289K(13504K) Class: 1582K(1856K)->1582K(1856K)
[2025-12-25T14:55:08.074+0000][gc          ] GC(171) Pause Young (Normal) (G1 Evacuation Pause) 809M->203M(1024M) 34.248ms
[2025-12-25T14:55:08.074+0000][gc,cpu      ] GC(171) User=0.21s Sys=0.01s Real=0.04s
[2025-12-25T14:55:38.414+0000][gc,start    ] GC(172) Pause Young (Normal) (G1 Evacuation Pause)
[2025-12-25T14:55:38.415+0000][gc,task     ] GC(172) Using 8 workers of 8 for evacuation
[2025-12-25T14:55:38.438+0000][gc,phases   ] GC(172)   Pre Evacuate Collection Set: 2.0ms
[2025-12-25T14:55:38.438+0000][gc,phases   ] GC(172)   Merge Heap Roots: 0.7ms
[2025-12-25T14:55:38.438+0000][gc,phases   ] GC(172)   Evacuate Collection Set: 18.9ms
[2025-12-25T14:55:38.438+0000][gc,phases   ] GC(172)   Post Evacuate Collection Set: 1.3ms
[2025-12-25T14:55:38.438+0000][gc,phases   ] GC(172)   Other: 0.6ms
[2025-12-25T14:55:38.439+0000][gc,heap     ] GC(172) Eden regions: 606->0(605)
[2025-12-25T14:55:38.439+0000][gc,heap     ] GC(172) Survivor regions: 8->9(77)
[2025-12-25T14:55:38.439+0000][gc,heap     ] GC(172) Old regions: 48->48
[2025-12-25T14:55:38.439+0000][gc,heap     ] GC(172) Humongous regions: 149->149
[2025-12-25T14:55:38.439+0000][gc,metaspace] GC(172) Metaspace: 14871K(15360K)->14871K(15360K) NonClass: 13289K(13504K)->13289K(13504K) Class: 1582K(1856K)->1582K(1856K)
[2025-12-25T14:55:38.439+0000][gc          ] GC(172) Pause Young (Normal) (G1 Evacuation Pause) 809M->205M(1024M) 24.994ms
[2025-12-25T14:55:38.439+0000][gc,cpu      ] GC(172) User=0.16s Sys=0.00s Real=0.02s
[2025-12-25T14:56:18.012+0000][gc,start    ] GC(173) Pause Young (Normal) (G1 Evacuation Pause)
[2025-12-25T14:56:18.012+0000][gc,task     ] GC(173) Using 8 workers of 8 for evacuation
[2025-12-25T14:56:18.039+0000][gc,phases   ] GC(173)   Pre Evacuate Collection Set: 2.2ms
[2025-12-25T14:56:18.039+0000][gc,phases   ] GC(173)   Merge Heap Roots: 0.3ms
[2025-12-25T14:56:18.040+0000][gc,phases   ] GC(173)   Evacuate Collection Set: 20.8ms
[2025-12-25T14:56:18.040+0000][gc,phases   ] GC(173)   Post Evacuate Collection Set: 3.0ms
[2025-12-25T14:56:18.040+0000][gc,phases   ] GC(173)   Other: 0.4ms
[2025-12-25T14:56:18.040+0000][gc,heap     ] GC(173) Eden regions: 605->0(609)
[2025-12-25T14:56:18.040+0000][gc,heap     ] GC(173) Survivor regions: 9->5(77)
[2025-12-25T14:56:18.040+0000][gc,heap     ] GC(173) Old regions: 48->48
[2025-12-25T14:56:18.041+0000][gc,heap     ] GC(173) Humongous regions: 149->149
[2025-12-25T14:56:18.041+0000][gc,metaspace] GC(173) Metaspace: 14872K(15360K)->14872K(15360K) NonClass: 13289K(13504K)->13289K(13504K) Class: 1582K(1856K)->1582K(1856K)
[2025-12-25T14:56:18.041+0000][gc          ] GC(173) Pause Young (Normal) (G1 Evacuation Pause) 810M->201M(1024M) 29.214ms
[2025-12-25T14:56:18.041+0000][gc,cpu      ] GC(173) User=0.12s Sys=0.00s Real=0.03s
[2025-12-25T14:56:48.538+0000][gc,start    ] GC(174) Pause Young (Normal) (G1 Evacuation Pause)
[2025-12-25T14:56:48.538+0000][gc,task     ] GC(174) Using 8 workers of 8 for evacuation
[2025-12-25T14:56:48.597+0000][gc,phases   ] GC(174)   Pre Evacuate Collection Set: 7.3ms
[2025-12-25T14:56:48.598+0000][gc,phases   ] GC(174)   Merge Heap Roots: 0.4ms
[2025-12-25T14:56:48.599+0000][gc,phases   ] GC(174)   Evacuate Collection Set: 34.2ms
[2025-12-25T14:56:48.599+0000][gc,phases   ] GC(174)   Post Evacuate Collection Set: 15.8ms
[2025-12-25T14:56:48.600+0000][gc,phases   ] GC(174)   Other: 1.0ms
[2025-12-25T14:56:48.600+0000][gc,heap     ] GC(174) Eden regions: 609->0(608)
[2025-12-25T14:56:48.601+0000][gc,heap     ] GC(174) Survivor regions: 5->6(77)
[2025-12-25T14:56:48.601+0000][gc,heap     ] GC(174) Old regions: 48->48
[2025-12-25T14:56:48.602+0000][gc,heap     ] GC(174) Humongous regions: 149->149
[2025-12-25T14:56:48.603+0000][gc,metaspace] GC(174) Metaspace: 14872K(15360K)->14872K(15360K) NonClass: 13289K(13504K)->13289K(13504K) Class: 1582K(1856K)->1582K(1856K)
[2025-12-25T14:56:48.603+0000][gc          ] GC(174) Pause Young (Normal) (G1 Evacuation Pause) 810M->202M(1024M) 65.683ms
[2025-12-25T14:56:48.605+0000][gc,cpu      ] GC(174) User=0.11s Sys=0.01s Real=0.07s
[2025-12-25T14:57:28.015+0000][gc,start    ] GC(175) Pause Young (Normal) (G1 Evacuation Pause)
[2025-12-25T14:57:28.016+0000][gc,task     ] GC(175) Using 8 workers of 8 for evacuation
[2025-12-25T14:57:28.041+0000][gc,phases   ] GC(175)   Pre Evacuate Collection Set: 1.8ms
[2025-12-25T14:57:28.041+0000][gc,phases   ] GC(175)   Merge Heap Roots: 0.3ms
[2025-12-25T14:57:28.042+0000][gc,phases   ] GC(175)   Evacuate Collection Set: 16.7ms
[2025-12-25T14:57:28.042+0000][gc,phases   ] GC(175)   Post Evacuate Collection Set: 6.3ms
[2025-12-25T14:57:28.042+0000][gc,phases   ] GC(175)   Other: 0.3ms
[2025-12-25T14:57:28.042+0000][gc,heap     ] GC(175) Eden regions: 608->0(609)
[2025-12-25T14:57:28.043+0000][gc,heap     ] GC(175) Survivor regions: 6->5(77)
[2025-12-25T14:57:28.043+0000][gc,heap     ] GC(175) Old regions: 48->49
[2025-12-25T14:57:28.043+0000][gc,heap     ] GC(175) Humongous regions: 149->149
[2025-12-25T14:57:28.043+0000][gc,metaspace] GC(175) Metaspace: 14874K(15360K)->14874K(15360K) NonClass: 13292K(13504K)->13292K(13504K) Class: 1582K(1856K)->1582K(1856K)
[2025-12-25T14:57:28.043+0000][gc          ] GC(175) Pause Young (Normal) (G1 Evacuation Pause) 810M->201M(1024M) 27.830ms
[2025-12-25T14:57:28.043+0000][gc,cpu      ] GC(175) User=0.13s Sys=0.01s Real=0.03s
[2025-12-25T14:57:58.339+0000][gc,start    ] GC(176) Pause Young (Normal) (G1 Evacuation Pause)
[2025-12-25T14:57:58.339+0000][gc,task     ] GC(176) Using 8 workers of 8 for evacuation
[2025-12-25T14:57:58.359+0000][gc,phases   ] GC(176)   Pre Evacuate Collection Set: 1.1ms
[2025-12-25T14:57:58.359+0000][gc,phases   ] GC(176)   Merge Heap Roots: 0.2ms
[2025-12-25T14:57:58.359+0000][gc,phases   ] GC(176)   Evacuate Collection Set: 17.0ms
[2025-12-25T14:57:58.359+0000][gc,phases   ] GC(176)   Post Evacuate Collection Set: 1.2ms
[2025-12-25T14:57:58.359+0000][gc,phases   ] GC(176)   Other: 0.3ms
[2025-12-25T14:57:58.359+0000][gc,heap     ] GC(176) Eden regions: 609->0(607)
[2025-12-25T14:57:58.359+0000][gc,heap     ] GC(176) Survivor regions: 5->7(77)
[2025-12-25T14:57:58.359+0000][gc,heap     ] GC(176) Old regions: 49->49
[2025-12-25T14:57:58.359+0000][gc,heap     ] GC(176) Humongous regions: 149->149
[2025-12-25T14:57:58.359+0000][gc,metaspace] GC(176) Metaspace: 14874K(15360K)->14874K(15360K) NonClass: 13292K(13504K)->13292K(13504K) Class: 1582K(1856K)->1582K(1856K)
[2025-12-25T14:57:58.359+0000][gc          ] GC(176) Pause Young (Normal) (G1 Evacuation Pause) 810M->204M(1024M) 20.497ms
[2025-12-25T14:57:58.359+0000][gc,cpu      ] GC(176) User=0.12s Sys=0.00s Real=0.02s
[2025-12-25T14:58:38.011+0000][gc,start    ] GC(177) Pause Young (Normal) (G1 Evacuation Pause)
[2025-12-25T14:58:38.011+0000][gc,task     ] GC(177) Using 8 workers of 8 for evacuation
[2025-12-25T14:58:38.037+0000][gc,phases   ] GC(177)   Pre Evacuate Collection Set: 1.4ms
[2025-12-25T14:58:38.037+0000][gc,phases   ] GC(177)   Merge Heap Roots: 0.3ms
[2025-12-25T14:58:38.037+0000][gc,phases   ] GC(177)   Evacuate Collection Set: 21.7ms
[2025-12-25T14:58:38.037+0000][gc,phases   ] GC(177)   Post Evacuate Collection Set: 1.9ms
[2025-12-25T14:58:38.037+0000][gc,phases   ] GC(177)   Other: 0.3ms
[2025-12-25T14:58:38.037+0000][gc,heap     ] GC(177) Eden regions: 607->0(607)
[2025-12-25T14:58:38.037+0000][gc,heap     ] GC(177) Survivor regions: 7->7(77)
[2025-12-25T14:58:38.037+0000][gc,heap     ] GC(177) Old regions: 49->49
[2025-12-25T14:58:38.037+0000][gc,heap     ] GC(177) Humongous regions: 149->149
[2025-12-25T14:58:38.037+0000][gc,metaspace] GC(177) Metaspace: 14876K(15360K)->14876K(15360K) NonClass: 13293K(13504K)->13293K(13504K) Class: 1582K(1856K)->1582K(1856K)
[2025-12-25T14:58:38.037+0000][gc          ] GC(177) Pause Young (Normal) (G1 Evacuation Pause) 811M->204M(1024M) 26.415ms
[2025-12-25T14:58:38.038+0000][gc,cpu      ] GC(177) User=0.17s Sys=0.00s Real=0.03s
[2025-12-25T14:59:08.404+0000][gc,start    ] GC(178) Pause Young (Normal) (G1 Evacuation Pause)
[2025-12-25T14:59:08.404+0000][gc,task     ] GC(178) Using 8 workers of 8 for evacuation
[2025-12-25T14:59:08.425+0000][gc,phases   ] GC(178)   Pre Evacuate Collection Set: 1.7ms
[2025-12-25T14:59:08.425+0000][gc,phases   ] GC(178)   Merge Heap Roots: 0.3ms
[2025-12-25T14:59:08.425+0000][gc,phases   ] GC(178)   Evacuate Collection Set: 16.8ms
[2025-12-25T14:59:08.425+0000][gc,phases   ] GC(178)   Post Evacuate Collection Set: 1.3ms
[2025-12-25T14:59:08.425+0000][gc,phases   ] GC(178)   Other: 0.3ms
[2025-12-25T14:59:08.425+0000][gc,heap     ] GC(178) Eden regions: 607->0(605)
[2025-12-25T14:59:08.425+0000][gc,heap     ] GC(178) Survivor regions: 7->9(77)
[2025-12-25T14:59:08.426+0000][gc,heap     ] GC(178) Old regions: 49->49
[2025-12-25T14:59:08.426+0000][gc,heap     ] GC(178) Humongous regions: 149->149
[2025-12-25T14:59:08.426+0000][gc,metaspace] GC(178) Metaspace: 14876K(15360K)->14876K(15360K) NonClass: 13293K(13504K)->13293K(13504K) Class: 1582K(1856K)->1582K(1856K)
[2025-12-25T14:59:08.426+0000][gc          ] GC(178) Pause Young (Normal) (G1 Evacuation Pause) 811M->206M(1024M) 21.764ms
[2025-12-25T14:59:08.426+0000][gc,cpu      ] GC(178) User=0.14s Sys=0.00s Real=0.02s
[2025-12-25T14:59:39.890+0000][gc,start    ] GC(179) Pause Young (Normal) (G1 Evacuation Pause)
[2025-12-25T14:59:39.891+0000][gc,task     ] GC(179) Using 8 workers of 8 for evacuation
[2025-12-25T14:59:39.916+0000][gc,phases   ] GC(179)   Pre Evacuate Collection Set: 3.9ms
[2025-12-25T14:59:39.916+0000][gc,phases   ] GC(179)   Merge Heap Roots: 0.6ms
[2025-12-25T14:59:39.916+0000][gc,phases   ] GC(179)   Evacuate Collection Set: 14.3ms
[2025-12-25T14:59:39.916+0000][gc,phases   ] GC(179)   Post Evacuate Collection Set: 4.1ms
[2025-12-25T14:59:39.917+0000][gc,phases   ] GC(179)   Other: 0.9ms
[2025-12-25T14:59:39.917+0000][gc,heap     ] GC(179) Eden regions: 605->0(606)
[2025-12-25T14:59:39.917+0000][gc,heap     ] GC(179) Survivor regions: 9->8(77)
[2025-12-25T14:59:39.917+0000][gc,heap     ] GC(179) Old regions: 49->49
[2025-12-25T14:59:39.917+0000][gc,heap     ] GC(179) Humongous regions: 149->149
[2025-12-25T14:59:39.917+0000][gc,metaspace] GC(179) Metaspace: 14876K(15360K)->14876K(15360K) NonClass: 13294K(13504K)->13294K(13504K) Class: 1582K(1856K)->1582K(1856K)
[2025-12-25T14:59:39.917+0000][gc          ] GC(179) Pause Young (Normal) (G1 Evacuation Pause) 811M->205M(1024M) 27.920ms
[2025-12-25T14:59:39.918+0000][gc,cpu      ] GC(179) User=0.11s Sys=0.01s Real=0.03s
[2025-12-25T15:00:18.358+0000][gc,start    ] GC(180) Pause Young (Normal) (G1 Evacuation Pause)
[2025-12-25T15:00:18.358+0000][gc,task     ] GC(180) Using 8 workers of 8 for evacuation
[2025-12-25T15:00:18.382+0000][gc,phases   ] GC(180)   Pre Evacuate Collection Set: 1.3ms
[2025-12-25T15:00:18.383+0000][gc,phases   ] GC(180)   Merge Heap Roots: 0.2ms
[2025-12-25T15:00:18.383+0000][gc,phases   ] GC(180)   Evacuate Collection Set: 21.1ms
[2025-12-25T15:00:18.383+0000][gc,phases   ] GC(180)   Post Evacuate Collection Set: 1.3ms
[2025-12-25T15:00:18.383+0000][gc,phases   ] GC(180)   Other: 0.2ms
[2025-12-25T15:00:18.383+0000][gc,heap     ] GC(180) Eden regions: 606->0(604)
[2025-12-25T15:00:18.383+0000][gc,heap     ] GC(180) Survivor regions: 8->10(77)
[2025-12-25T15:00:18.383+0000][gc,heap     ] GC(180) Old regions: 49->50
[2025-12-25T15:00:18.383+0000][gc,heap     ] GC(180) Humongous regions: 149->149
[2025-12-25T15:00:18.383+0000][gc,metaspace] GC(180) Metaspace: 14876K(15360K)->14876K(15360K) NonClass: 13294K(13504K)->13294K(13504K) Class: 1582K(1856K)->1582K(1856K)
[2025-12-25T15:00:18.383+0000][gc          ] GC(180) Pause Young (Normal) (G1 Evacuation Pause) 811M->207M(1024M) 25.447ms
[2025-12-25T15:00:18.383+0000][gc,cpu      ] GC(180) User=0.18s Sys=0.00s Real=0.03s
[2025-12-25T15:00:48.576+0000][gc,start    ] GC(181) Pause Young (Normal) (G1 Evacuation Pause)
[2025-12-25T15:00:48.577+0000][gc,task     ] GC(181) Using 8 workers of 8 for evacuation
[2025-12-25T15:00:48.598+0000][gc,phases   ] GC(181)   Pre Evacuate Collection Set: 1.1ms
[2025-12-25T15:00:48.599+0000][gc,phases   ] GC(181)   Merge Heap Roots: 0.3ms
[2025-12-25T15:00:48.599+0000][gc,phases   ] GC(181)   Evacuate Collection Set: 18.9ms
[2025-12-25T15:00:48.599+0000][gc,phases   ] GC(181)   Post Evacuate Collection Set: 1.2ms
[2025-12-25T15:00:48.599+0000][gc,phases   ] GC(181)   Other: 0.5ms
[2025-12-25T15:00:48.599+0000][gc,heap     ] GC(181) Eden regions: 604->0(607)
[2025-12-25T15:00:48.599+0000][gc,heap     ] GC(181) Survivor regions: 10->7(77)
[2025-12-25T15:00:48.599+0000][gc,heap     ] GC(181) Old regions: 50->50
[2025-12-25T15:00:48.599+0000][gc,heap     ] GC(181) Humongous regions: 149->149
[2025-12-25T15:00:48.599+0000][gc,metaspace] GC(181) Metaspace: 14876K(15360K)->14876K(15360K) NonClass: 13294K(13504K)->13294K(13504K) Class: 1582K(1856K)->1582K(1856K)
[2025-12-25T15:00:48.599+0000][gc          ] GC(181) Pause Young (Normal) (G1 Evacuation Pause) 811M->204M(1024M) 22.970ms
[2025-12-25T15:00:48.599+0000][gc,cpu      ] GC(181) User=0.15s Sys=0.00s Real=0.02s
[2025-12-25T15:01:28.330+0000][gc,start    ] GC(182) Pause Young (Normal) (G1 Evacuation Pause)
[2025-12-25T15:01:28.330+0000][gc,task     ] GC(182) Using 8 workers of 8 for evacuation
[2025-12-25T15:01:28.346+0000][gc,phases   ] GC(182)   Pre Evacuate Collection Set: 1.6ms
[2025-12-25T15:01:28.346+0000][gc,phases   ] GC(182)   Merge Heap Roots: 0.3ms
[2025-12-25T15:01:28.346+0000][gc,phases   ] GC(182)   Evacuate Collection Set: 12.2ms
[2025-12-25T15:01:28.346+0000][gc,phases   ] GC(182)   Post Evacuate Collection Set: 1.2ms
[2025-12-25T15:01:28.346+0000][gc,phases   ] GC(182)   Other: 0.3ms
[2025-12-25T15:01:28.346+0000][gc,heap     ] GC(182) Eden regions: 607->0(608)
[2025-12-25T15:01:28.346+0000][gc,heap     ] GC(182) Survivor regions: 7->6(77)
[2025-12-25T15:01:28.346+0000][gc,heap     ] GC(182) Old regions: 50->50
[2025-12-25T15:01:28.346+0000][gc,heap     ] GC(182) Humongous regions: 149->149
[2025-12-25T15:01:28.346+0000][gc,metaspace] GC(182) Metaspace: 14876K(15360K)->14876K(15360K) NonClass: 13294K(13504K)->13294K(13504K) Class: 1582K(1856K)->1582K(1856K)
[2025-12-25T15:01:28.347+0000][gc          ] GC(182) Pause Young (Normal) (G1 Evacuation Pause) 811M->204M(1024M) 16.744ms
[2025-12-25T15:01:28.347+0000][gc,cpu      ] GC(182) User=0.11s Sys=0.01s Real=0.01s
[2025-12-25T15:01:58.642+0000][gc,start    ] GC(183) Pause Young (Normal) (G1 Evacuation Pause)
[2025-12-25T15:01:58.642+0000][gc,task     ] GC(183) Using 8 workers of 8 for evacuation
[2025-12-25T15:01:58.653+0000][gc,phases   ] GC(183)   Pre Evacuate Collection Set: 1.2ms
[2025-12-25T15:01:58.653+0000][gc,phases   ] GC(183)   Merge Heap Roots: 0.3ms
[2025-12-25T15:01:58.653+0000][gc,phases   ] GC(183)   Evacuate Collection Set: 7.4ms
[2025-12-25T15:01:58.653+0000][gc,phases   ] GC(183)   Post Evacuate Collection Set: 1.1ms
[2025-12-25T15:01:58.653+0000][gc,phases   ] GC(183)   Other: 0.3ms
[2025-12-25T15:01:58.653+0000][gc,heap     ] GC(183) Eden regions: 608->0(606)
[2025-12-25T15:01:58.653+0000][gc,heap     ] GC(183) Survivor regions: 6->8(77)
[2025-12-25T15:01:58.653+0000][gc,heap     ] GC(183) Old regions: 50->50
[2025-12-25T15:01:58.653+0000][gc,heap     ] GC(183) Humongous regions: 149->149
[2025-12-25T15:01:58.653+0000][gc,metaspace] GC(183) Metaspace: 14876K(15360K)->14876K(15360K) NonClass: 13294K(13504K)->13294K(13504K) Class: 1582K(1856K)->1582K(1856K)
[2025-12-25T15:01:58.654+0000][gc          ] GC(183) Pause Young (Normal) (G1 Evacuation Pause) 812M->206M(1024M) 11.451ms
[2025-12-25T15:01:58.654+0000][gc,cpu      ] GC(183) User=0.07s Sys=0.00s Real=0.01s
[2025-12-25T15:02:38.298+0000][gc,start    ] GC(184) Pause Young (Normal) (G1 Evacuation Pause)
[2025-12-25T15:02:38.298+0000][gc,task     ] GC(184) Using 8 workers of 8 for evacuation
[2025-12-25T15:02:38.315+0000][gc,phases   ] GC(184)   Pre Evacuate Collection Set: 1.2ms
[2025-12-25T15:02:38.316+0000][gc,phases   ] GC(184)   Merge Heap Roots: 0.2ms
[2025-12-25T15:02:38.316+0000][gc,phases   ] GC(184)   Evacuate Collection Set: 11.8ms
[2025-12-25T15:02:38.316+0000][gc,phases   ] GC(184)   Post Evacuate Collection Set: 3.0ms
[2025-12-25T15:02:38.316+0000][gc,phases   ] GC(184)   Other: 0.4ms
[2025-12-25T15:02:38.316+0000][gc,heap     ] GC(184) Eden regions: 606->0(606)
[2025-12-25T15:02:38.316+0000][gc,heap     ] GC(184) Survivor regions: 8->8(77)
[2025-12-25T15:02:38.316+0000][gc,heap     ] GC(184) Old regions: 50->51
[2025-12-25T15:02:38.316+0000][gc,heap     ] GC(184) Humongous regions: 149->149
[2025-12-25T15:02:38.316+0000][gc,metaspace] GC(184) Metaspace: 14877K(15360K)->14877K(15360K) NonClass: 13295K(13504K)->13295K(13504K) Class: 1582K(1856K)->1582K(1856K)
[2025-12-25T15:02:38.316+0000][gc          ] GC(184) Pause Young (Normal) (G1 Evacuation Pause) 812M->206M(1024M) 18.238ms
[2025-12-25T15:02:38.316+0000][gc,cpu      ] GC(184) User=0.11s Sys=0.01s Real=0.02s
[2025-12-25T15:03:08.703+0000][gc,start    ] GC(185) Pause Young (Normal) (G1 Evacuation Pause)
[2025-12-25T15:03:08.704+0000][gc,task     ] GC(185) Using 8 workers of 8 for evacuation
[2025-12-25T15:03:08.714+0000][gc,phases   ] GC(185)   Pre Evacuate Collection Set: 1.1ms
[2025-12-25T15:03:08.714+0000][gc,phases   ] GC(185)   Merge Heap Roots: 0.2ms
[2025-12-25T15:03:08.714+0000][gc,phases   ] GC(185)   Evacuate Collection Set: 8.0ms
[2025-12-25T15:03:08.714+0000][gc,phases   ] GC(185)   Post Evacuate Collection Set: 0.9ms
[2025-12-25T15:03:08.714+0000][gc,phases   ] GC(185)   Other: 0.2ms
[2025-12-25T15:03:08.714+0000][gc,heap     ] GC(185) Eden regions: 606->0(604)
[2025-12-25T15:03:08.714+0000][gc,heap     ] GC(185) Survivor regions: 8->10(77)
[2025-12-25T15:03:08.715+0000][gc,heap     ] GC(185) Old regions: 51->51
[2025-12-25T15:03:08.715+0000][gc,heap     ] GC(185) Humongous regions: 149->149
[2025-12-25T15:03:08.715+0000][gc,metaspace] GC(185) Metaspace: 14879K(15360K)->14879K(15360K) NonClass: 13296K(13504K)->13296K(13504K) Class: 1582K(1856K)->1582K(1856K)
[2025-12-25T15:03:08.715+0000][gc          ] GC(185) Pause Young (Normal) (G1 Evacuation Pause) 812M->208M(1024M) 11.293ms
[2025-12-25T15:03:08.715+0000][gc,cpu      ] GC(185) User=0.06s Sys=0.00s Real=0.01s
[2025-12-25T15:03:48.210+0000][gc,start    ] GC(186) Pause Young (Normal) (G1 Evacuation Pause)
[2025-12-25T15:03:48.210+0000][gc,task     ] GC(186) Using 8 workers of 8 for evacuation
[2025-12-25T15:03:48.237+0000][gc,phases   ] GC(186)   Pre Evacuate Collection Set: 1.5ms
[2025-12-25T15:03:48.238+0000][gc,phases   ] GC(186)   Merge Heap Roots: 0.3ms
[2025-12-25T15:03:48.238+0000][gc,phases   ] GC(186)   Evacuate Collection Set: 24.2ms
[2025-12-25T15:03:48.238+0000][gc,phases   ] GC(186)   Post Evacuate Collection Set: 1.3ms
[2025-12-25T15:03:48.238+0000][gc,phases   ] GC(186)   Other: 0.2ms
[2025-12-25T15:03:48.238+0000][gc,heap     ] GC(186) Eden regions: 604->0(605)
[2025-12-25T15:03:48.238+0000][gc,heap     ] GC(186) Survivor regions: 10->9(77)
[2025-12-25T15:03:48.238+0000][gc,heap     ] GC(186) Old regions: 51->51
[2025-12-25T15:03:48.238+0000][gc,heap     ] GC(186) Humongous regions: 149->149
[2025-12-25T15:03:48.238+0000][gc,metaspace] GC(186) Metaspace: 14879K(15360K)->14879K(15360K) NonClass: 13296K(13504K)->13296K(13504K) Class: 1582K(1856K)->1582K(1856K)
[2025-12-25T15:03:48.238+0000][gc          ] GC(186) Pause Young (Normal) (G1 Evacuation Pause) 812M->208M(1024M) 28.822ms
[2025-12-25T15:03:48.238+0000][gc,cpu      ] GC(186) User=0.15s Sys=0.01s Real=0.02s
[2025-12-25T15:04:18.583+0000][gc,start    ] GC(187) Pause Young (Normal) (G1 Evacuation Pause)
[2025-12-25T15:04:18.583+0000][gc,task     ] GC(187) Using 8 workers of 8 for evacuation
[2025-12-25T15:04:18.606+0000][gc,phases   ] GC(187)   Pre Evacuate Collection Set: 2.3ms
[2025-12-25T15:04:18.606+0000][gc,phases   ] GC(187)   Merge Heap Roots: 0.3ms
[2025-12-25T15:04:18.606+0000][gc,phases   ] GC(187)   Evacuate Collection Set: 18.5ms
[2025-12-25T15:04:18.606+0000][gc,phases   ] GC(187)   Post Evacuate Collection Set: 1.1ms
[2025-12-25T15:04:18.606+0000][gc,phases   ] GC(187)   Other: 0.2ms
[2025-12-25T15:04:18.606+0000][gc,heap     ] GC(187) Eden regions: 605->0(603)
[2025-12-25T15:04:18.606+0000][gc,heap     ] GC(187) Survivor regions: 9->11(77)
[2025-12-25T15:04:18.606+0000][gc,heap     ] GC(187) Old regions: 51->51
[2025-12-25T15:04:18.606+0000][gc,heap     ] GC(187) Humongous regions: 149->149
[2025-12-25T15:04:18.606+0000][gc,metaspace] GC(187) Metaspace: 14879K(15360K)->14879K(15360K) NonClass: 13296K(13504K)->13296K(13504K) Class: 1582K(1856K)->1582K(1856K)
[2025-12-25T15:04:18.607+0000][gc          ] GC(187) Pause Young (Normal) (G1 Evacuation Pause) 813M->210M(1024M) 23.619ms
[2025-12-25T15:04:18.607+0000][gc,cpu      ] GC(187) User=0.16s Sys=0.00s Real=0.02s
[2025-12-25T15:04:58.232+0000][gc,start    ] GC(188) Pause Young (Normal) (G1 Evacuation Pause)
[2025-12-25T15:04:58.232+0000][gc,task     ] GC(188) Using 8 workers of 8 for evacuation
[2025-12-25T15:04:58.255+0000][gc,phases   ] GC(188)   Pre Evacuate Collection Set: 5.2ms
[2025-12-25T15:04:58.255+0000][gc,phases   ] GC(188)   Merge Heap Roots: 0.7ms
[2025-12-25T15:04:58.255+0000][gc,phases   ] GC(188)   Evacuate Collection Set: 15.2ms
[2025-12-25T15:04:58.255+0000][gc,phases   ] GC(188)   Post Evacuate Collection Set: 1.6ms
[2025-12-25T15:04:58.256+0000][gc,phases   ] GC(188)   Other: 0.5ms
[2025-12-25T15:04:58.256+0000][gc,heap     ] GC(188) Eden regions: 603->0(608)
[2025-12-25T15:04:58.256+0000][gc,heap     ] GC(188) Survivor regions: 11->6(77)
[2025-12-25T15:04:58.256+0000][gc,heap     ] GC(188) Old regions: 51->52
[2025-12-25T15:04:58.256+0000][gc,heap     ] GC(188) Humongous regions: 149->149
[2025-12-25T15:04:58.256+0000][gc,metaspace] GC(188) Metaspace: 14879K(15360K)->14879K(15360K) NonClass: 13296K(13504K)->13296K(13504K) Class: 1582K(1856K)->1582K(1856K)
[2025-12-25T15:04:58.256+0000][gc          ] GC(188) Pause Young (Normal) (G1 Evacuation Pause) 813M->205M(1024M) 24.364ms
[2025-12-25T15:04:58.256+0000][gc,cpu      ] GC(188) User=0.13s Sys=0.00s Real=0.02s
[2025-12-25T15:05:28.557+0000][gc,start    ] GC(189) Pause Young (Normal) (G1 Evacuation Pause)
[2025-12-25T15:05:28.557+0000][gc,task     ] GC(189) Using 8 workers of 8 for evacuation
[2025-12-25T15:05:28.575+0000][gc,phases   ] GC(189)   Pre Evacuate Collection Set: 2.4ms
[2025-12-25T15:05:28.575+0000][gc,phases   ] GC(189)   Merge Heap Roots: 0.3ms
[2025-12-25T15:05:28.575+0000][gc,phases   ] GC(189)   Evacuate Collection Set: 12.4ms
[2025-12-25T15:05:28.575+0000][gc,phases   ] GC(189)   Post Evacuate Collection Set: 1.7ms
[2025-12-25T15:05:28.575+0000][gc,phases   ] GC(189)   Other: 0.3ms
[2025-12-25T15:05:28.575+0000][gc,heap     ] GC(189) Eden regions: 608->0(607)
[2025-12-25T15:05:28.575+0000][gc,heap     ] GC(189) Survivor regions: 6->7(77)
[2025-12-25T15:05:28.575+0000][gc,heap     ] GC(189) Old regions: 52->52
[2025-12-25T15:05:28.575+0000][gc,heap     ] GC(189) Humongous regions: 149->149
[2025-12-25T15:05:28.575+0000][gc,metaspace] GC(189) Metaspace: 14906K(15360K)->14906K(15360K) NonClass: 13324K(13504K)->13324K(13504K) Class: 1582K(1856K)->1582K(1856K)
[2025-12-25T15:05:28.575+0000][gc          ] GC(189) Pause Young (Normal) (G1 Evacuation Pause) 813M->207M(1024M) 18.340ms
[2025-12-25T15:05:28.575+0000][gc,cpu      ] GC(189) User=0.12s Sys=0.00s Real=0.02s
[2025-12-25T15:06:08.283+0000][gc,start    ] GC(190) Pause Young (Normal) (G1 Evacuation Pause)
[2025-12-25T15:06:08.284+0000][gc,task     ] GC(190) Using 8 workers of 8 for evacuation
[2025-12-25T15:06:08.315+0000][gc,phases   ] GC(190)   Pre Evacuate Collection Set: 5.3ms
[2025-12-25T15:06:08.315+0000][gc,phases   ] GC(190)   Merge Heap Roots: 1.9ms
[2025-12-25T15:06:08.315+0000][gc,phases   ] GC(190)   Evacuate Collection Set: 20.0ms
[2025-12-25T15:06:08.316+0000][gc,phases   ] GC(190)   Post Evacuate Collection Set: 2.2ms
[2025-12-25T15:06:08.316+0000][gc,phases   ] GC(190)   Other: 1.6ms
[2025-12-25T15:06:08.316+0000][gc,heap     ] GC(190) Eden regions: 607->0(607)
[2025-12-25T15:06:08.317+0000][gc,heap     ] GC(190) Survivor regions: 7->7(77)
[2025-12-25T15:06:08.317+0000][gc,heap     ] GC(190) Old regions: 52->52
[2025-12-25T15:06:08.318+0000][gc,heap     ] GC(190) Humongous regions: 149->149
[2025-12-25T15:06:08.319+0000][gc,metaspace] GC(190) Metaspace: 14916K(15360K)->14916K(15360K) NonClass: 13334K(13504K)->13334K(13504K) Class: 1582K(1856K)->1582K(1856K)
[2025-12-25T15:06:08.320+0000][gc          ] GC(190) Pause Young (Normal) (G1 Evacuation Pause) 814M->206M(1024M) 36.566ms
[2025-12-25T15:06:08.321+0000][gc,cpu      ] GC(190) User=0.18s Sys=0.00s Real=0.04s
[2025-12-25T15:06:38.831+0000][gc,start    ] GC(191) Pause Young (Normal) (G1 Evacuation Pause)
[2025-12-25T15:06:38.831+0000][gc,task     ] GC(191) Using 8 workers of 8 for evacuation
[2025-12-25T15:06:38.846+0000][gc,phases   ] GC(191)   Pre Evacuate Collection Set: 2.9ms
[2025-12-25T15:06:38.846+0000][gc,phases   ] GC(191)   Merge Heap Roots: 0.3ms
[2025-12-25T15:06:38.846+0000][gc,phases   ] GC(191)   Evacuate Collection Set: 9.9ms
[2025-12-25T15:06:38.846+0000][gc,phases   ] GC(191)   Post Evacuate Collection Set: 1.5ms
[2025-12-25T15:06:38.847+0000][gc,phases   ] GC(191)   Other: 0.3ms
[2025-12-25T15:06:38.847+0000][gc,heap     ] GC(191) Eden regions: 607->0(606)
[2025-12-25T15:06:38.847+0000][gc,heap     ] GC(191) Survivor regions: 7->8(77)
[2025-12-25T15:06:38.847+0000][gc,heap     ] GC(191) Old regions: 52->52
[2025-12-25T15:06:38.847+0000][gc,heap     ] GC(191) Humongous regions: 149->149
[2025-12-25T15:06:38.847+0000][gc,metaspace] GC(191) Metaspace: 14919K(15360K)->14919K(15360K) NonClass: 13336K(13504K)->13336K(13504K) Class: 1582K(1856K)->1582K(1856K)
[2025-12-25T15:06:38.847+0000][gc          ] GC(191) Pause Young (Normal) (G1 Evacuation Pause) 813M->208M(1024M) 16.178ms
[2025-12-25T15:06:38.847+0000][gc,cpu      ] GC(191) User=0.08s Sys=0.00s Real=0.01s
[2025-12-25T15:07:18.188+0000][gc,start    ] GC(192) Pause Young (Normal) (G1 Evacuation Pause)
[2025-12-25T15:07:18.189+0000][gc,task     ] GC(192) Using 8 workers of 8 for evacuation
[2025-12-25T15:07:18.209+0000][gc,phases   ] GC(192)   Pre Evacuate Collection Set: 1.4ms
[2025-12-25T15:07:18.209+0000][gc,phases   ] GC(192)   Merge Heap Roots: 0.5ms
[2025-12-25T15:07:18.209+0000][gc,phases   ] GC(192)   Evacuate Collection Set: 17.0ms
[2025-12-25T15:07:18.209+0000][gc,phases   ] GC(192)   Post Evacuate Collection Set: 1.4ms
[2025-12-25T15:07:18.209+0000][gc,phases   ] GC(192)   Other: 0.3ms
[2025-12-25T15:07:18.210+0000][gc,heap     ] GC(192) Eden regions: 606->0(606)
[2025-12-25T15:07:18.210+0000][gc,heap     ] GC(192) Survivor regions: 8->8(77)
[2025-12-25T15:07:18.210+0000][gc,heap     ] GC(192) Old regions: 52->53
[2025-12-25T15:07:18.210+0000][gc,heap     ] GC(192) Humongous regions: 149->149
[2025-12-25T15:07:18.210+0000][gc,metaspace] GC(192) Metaspace: 14919K(15360K)->14919K(15360K) NonClass: 13336K(13504K)->13336K(13504K) Class: 1582K(1856K)->1582K(1856K)
[2025-12-25T15:07:18.210+0000][gc          ] GC(192) Pause Young (Normal) (G1 Evacuation Pause) 814M->208M(1024M) 22.251ms
[2025-12-25T15:07:18.212+0000][gc,cpu      ] GC(192) User=0.11s Sys=0.00s Real=0.03s
[2025-12-25T15:07:48.891+0000][gc,start    ] GC(193) Pause Young (Normal) (G1 Evacuation Pause)
[2025-12-25T15:07:48.892+0000][gc,task     ] GC(193) Using 8 workers of 8 for evacuation
[2025-12-25T15:07:48.915+0000][gc,phases   ] GC(193)   Pre Evacuate Collection Set: 1.4ms
[2025-12-25T15:07:48.915+0000][gc,phases   ] GC(193)   Merge Heap Roots: 0.6ms
[2025-12-25T15:07:48.915+0000][gc,phases   ] GC(193)   Evacuate Collection Set: 20.0ms
[2025-12-25T15:07:48.915+0000][gc,phases   ] GC(193)   Post Evacuate Collection Set: 0.9ms
[2025-12-25T15:07:48.915+0000][gc,phases   ] GC(193)   Other: 0.2ms
[2025-12-25T15:07:48.915+0000][gc,heap     ] GC(193) Eden regions: 606->0(604)
[2025-12-25T15:07:48.915+0000][gc,heap     ] GC(193) Survivor regions: 8->10(77)
[2025-12-25T15:07:48.915+0000][gc,heap     ] GC(193) Old regions: 53->53
[2025-12-25T15:07:48.915+0000][gc,heap     ] GC(193) Humongous regions: 149->149
[2025-12-25T15:07:48.916+0000][gc,metaspace] GC(193) Metaspace: 14919K(15360K)->14919K(15360K) NonClass: 13336K(13504K)->13336K(13504K) Class: 1582K(1856K)->1582K(1856K)
[2025-12-25T15:07:48.916+0000][gc          ] GC(193) Pause Young (Normal) (G1 Evacuation Pause) 814M->210M(1024M) 24.173ms
[2025-12-25T15:07:48.916+0000][gc,cpu      ] GC(193) User=0.16s Sys=0.00s Real=0.02s
[2025-12-25T15:08:28.135+0000][gc,start    ] GC(194) Pause Young (Normal) (G1 Evacuation Pause)
[2025-12-25T15:08:28.136+0000][gc,task     ] GC(194) Using 8 workers of 8 for evacuation
[2025-12-25T15:08:28.166+0000][gc,phases   ] GC(194)   Pre Evacuate Collection Set: 1.8ms
[2025-12-25T15:08:28.166+0000][gc,phases   ] GC(194)   Merge Heap Roots: 2.3ms
[2025-12-25T15:08:28.166+0000][gc,phases   ] GC(194)   Evacuate Collection Set: 20.6ms
[2025-12-25T15:08:28.166+0000][gc,phases   ] GC(194)   Post Evacuate Collection Set: 5.2ms
[2025-12-25T15:08:28.166+0000][gc,phases   ] GC(194)   Other: 0.3ms
[2025-12-25T15:08:28.167+0000][gc,heap     ] GC(194) Eden regions: 604->0(604)
[2025-12-25T15:08:28.167+0000][gc,heap     ] GC(194) Survivor regions: 10->10(77)
[2025-12-25T15:08:28.167+0000][gc,heap     ] GC(194) Old regions: 53->53
[2025-12-25T15:08:28.167+0000][gc,heap     ] GC(194) Humongous regions: 149->149
[2025-12-25T15:08:28.167+0000][gc,metaspace] GC(194) Metaspace: 14919K(15360K)->14919K(15360K) NonClass: 13336K(13504K)->13336K(13504K) Class: 1582K(1856K)->1582K(1856K)
[2025-12-25T15:08:28.167+0000][gc          ] GC(194) Pause Young (Normal) (G1 Evacuation Pause) 814M->210M(1024M) 31.854ms
[2025-12-25T15:08:28.167+0000][gc,cpu      ] GC(194) User=0.15s Sys=0.00s Real=0.03s
[2025-12-25T15:08:58.493+0000][gc,start    ] GC(195) Pause Young (Normal) (G1 Evacuation Pause)
[2025-12-25T15:08:58.493+0000][gc,task     ] GC(195) Using 8 workers of 8 for evacuation
[2025-12-25T15:08:58.516+0000][gc,phases   ] GC(195)   Pre Evacuate Collection Set: 1.9ms
[2025-12-25T15:08:58.516+0000][gc,phases   ] GC(195)   Merge Heap Roots: 0.6ms
[2025-12-25T15:08:58.517+0000][gc,phases   ] GC(195)   Evacuate Collection Set: 18.8ms
[2025-12-25T15:08:58.517+0000][gc,phases   ] GC(195)   Post Evacuate Collection Set: 1.5ms
[2025-12-25T15:08:58.517+0000][gc,phases   ] GC(195)   Other: 0.4ms
[2025-12-25T15:08:58.517+0000][gc,heap     ] GC(195) Eden regions: 604->0(607)
[2025-12-25T15:08:58.517+0000][gc,heap     ] GC(195) Survivor regions: 10->7(77)
[2025-12-25T15:08:58.517+0000][gc,heap     ] GC(195) Old regions: 53->53
[2025-12-25T15:08:58.517+0000][gc,heap     ] GC(195) Humongous regions: 149->149
[2025-12-25T15:08:58.517+0000][gc,metaspace] GC(195) Metaspace: 14919K(15360K)->14919K(15360K) NonClass: 13336K(13504K)->13336K(13504K) Class: 1582K(1856K)->1582K(1856K)
[2025-12-25T15:08:58.517+0000][gc          ] GC(195) Pause Young (Normal) (G1 Evacuation Pause) 814M->208M(1024M) 24.452ms
[2025-12-25T15:08:58.517+0000][gc,cpu      ] GC(195) User=0.16s Sys=0.01s Real=0.02s
[2025-12-25T15:09:38.182+0000][gc,start    ] GC(196) Pause Young (Normal) (G1 Evacuation Pause)
[2025-12-25T15:09:38.182+0000][gc,task     ] GC(196) Using 8 workers of 8 for evacuation
[2025-12-25T15:09:38.208+0000][gc,phases   ] GC(196)   Pre Evacuate Collection Set: 2.3ms
[2025-12-25T15:09:38.208+0000][gc,phases   ] GC(196)   Merge Heap Roots: 1.5ms
[2025-12-25T15:09:38.208+0000][gc,phases   ] GC(196)   Evacuate Collection Set: 20.1ms
[2025-12-25T15:09:38.208+0000][gc,phases   ] GC(196)   Post Evacuate Collection Set: 1.5ms
[2025-12-25T15:09:38.208+0000][gc,phases   ] GC(196)   Other: 0.3ms
[2025-12-25T15:09:38.208+0000][gc,heap     ] GC(196) Eden regions: 607->0(608)
[2025-12-25T15:09:38.208+0000][gc,heap     ] GC(196) Survivor regions: 7->6(77)
[2025-12-25T15:09:38.209+0000][gc,heap     ] GC(196) Old regions: 53->53
[2025-12-25T15:09:38.209+0000][gc,heap     ] GC(196) Humongous regions: 149->149
[2025-12-25T15:09:38.210+0000][gc,metaspace] GC(196) Metaspace: 14919K(15360K)->14919K(15360K) NonClass: 13336K(13504K)->13336K(13504K) Class: 1582K(1856K)->1582K(1856K)
[2025-12-25T15:09:38.211+0000][gc          ] GC(196) Pause Young (Normal) (G1 Evacuation Pause) 815M->207M(1024M) 28.963ms
[2025-12-25T15:09:38.211+0000][gc,cpu      ] GC(196) User=0.14s Sys=0.01s Real=0.03s
[2025-12-25T15:10:08.541+0000][gc,start    ] GC(197) Pause Young (Normal) (G1 Evacuation Pause)
[2025-12-25T15:10:08.541+0000][gc,task     ] GC(197) Using 8 workers of 8 for evacuation
[2025-12-25T15:10:08.567+0000][gc,phases   ] GC(197)   Pre Evacuate Collection Set: 3.5ms
[2025-12-25T15:10:08.567+0000][gc,phases   ] GC(197)   Merge Heap Roots: 1.4ms
[2025-12-25T15:10:08.567+0000][gc,phases   ] GC(197)   Evacuate Collection Set: 17.4ms
[2025-12-25T15:10:08.567+0000][gc,phases   ] GC(197)   Post Evacuate Collection Set: 1.2ms
[2025-12-25T15:10:08.567+0000][gc,phases   ] GC(197)   Other: 2.3ms
[2025-12-25T15:10:08.568+0000][gc,heap     ] GC(197) Eden regions: 608->0(606)
[2025-12-25T15:10:08.568+0000][gc,heap     ] GC(197) Survivor regions: 6->8(77)
[2025-12-25T15:10:08.568+0000][gc,heap     ] GC(197) Old regions: 53->54
[2025-12-25T15:10:08.568+0000][gc,heap     ] GC(197) Humongous regions: 149->149
[2025-12-25T15:10:08.568+0000][gc,metaspace] GC(197) Metaspace: 14919K(15360K)->14919K(15360K) NonClass: 13336K(13504K)->13336K(13504K) Class: 1582K(1856K)->1582K(1856K)
[2025-12-25T15:10:08.568+0000][gc          ] GC(197) Pause Young (Normal) (G1 Evacuation Pause) 815M->209M(1024M) 27.281ms
[2025-12-25T15:10:08.568+0000][gc,cpu      ] GC(197) User=0.15s Sys=0.01s Real=0.03s
[2025-12-25T15:10:48.443+0000][gc,start    ] GC(198) Pause Young (Normal) (G1 Evacuation Pause)
[2025-12-25T15:10:48.444+0000][gc,task     ] GC(198) Using 8 workers of 8 for evacuation
[2025-12-25T15:10:48.463+0000][gc,phases   ] GC(198)   Pre Evacuate Collection Set: 1.3ms
[2025-12-25T15:10:48.463+0000][gc,phases   ] GC(198)   Merge Heap Roots: 0.3ms
[2025-12-25T15:10:48.463+0000][gc,phases   ] GC(198)   Evacuate Collection Set: 13.7ms
[2025-12-25T15:10:48.463+0000][gc,phases   ] GC(198)   Post Evacuate Collection Set: 3.6ms
[2025-12-25T15:10:48.463+0000][gc,phases   ] GC(198)   Other: 0.4ms
[2025-12-25T15:10:48.464+0000][gc,heap     ] GC(198) Eden regions: 606->0(607)
[2025-12-25T15:10:48.464+0000][gc,heap     ] GC(198) Survivor regions: 8->7(77)
[2025-12-25T15:10:48.464+0000][gc,heap     ] GC(198) Old regions: 54->54
[2025-12-25T15:10:48.464+0000][gc,heap     ] GC(198) Humongous regions: 149->149
[2025-12-25T15:10:48.464+0000][gc,metaspace] GC(198) Metaspace: 14919K(15360K)->14919K(15360K) NonClass: 13336K(13504K)->13336K(13504K) Class: 1582K(1856K)->1582K(1856K)
[2025-12-25T15:10:48.464+0000][gc          ] GC(198) Pause Young (Normal) (G1 Evacuation Pause) 815M->209M(1024M) 20.462ms
[2025-12-25T15:10:48.464+0000][gc,cpu      ] GC(198) User=0.10s Sys=0.00s Real=0.02s
[2025-12-25T15:11:18.730+0000][gc,start    ] GC(199) Pause Young (Normal) (G1 Evacuation Pause)
[2025-12-25T15:11:18.733+0000][gc,task     ] GC(199) Using 8 workers of 8 for evacuation
[2025-12-25T15:11:18.757+0000][gc,phases   ] GC(199)   Pre Evacuate Collection Set: 4.1ms
[2025-12-25T15:11:18.757+0000][gc,phases   ] GC(199)   Merge Heap Roots: 0.3ms
[2025-12-25T15:11:18.757+0000][gc,phases   ] GC(199)   Evacuate Collection Set: 17.2ms
[2025-12-25T15:11:18.757+0000][gc,phases   ] GC(199)   Post Evacuate Collection Set: 1.8ms
[2025-12-25T15:11:18.757+0000][gc,phases   ] GC(199)   Other: 1.1ms
[2025-12-25T15:11:18.757+0000][gc,heap     ] GC(199) Eden regions: 607->0(605)
[2025-12-25T15:11:18.757+0000][gc,heap     ] GC(199) Survivor regions: 7->9(77)
[2025-12-25T15:11:18.757+0000][gc,heap     ] GC(199) Old regions: 54->54
[2025-12-25T15:11:18.757+0000][gc,heap     ] GC(199) Humongous regions: 149->149
[2025-12-25T15:11:18.758+0000][gc,metaspace] GC(199) Metaspace: 14919K(15360K)->14919K(15360K) NonClass: 13337K(13504K)->13337K(13504K) Class: 1582K(1856K)->1582K(1856K)
[2025-12-25T15:11:18.758+0000][gc          ] GC(199) Pause Young (Normal) (G1 Evacuation Pause) 816M->211M(1024M) 28.225ms
[2025-12-25T15:11:18.758+0000][gc,cpu      ] GC(199) User=0.14s Sys=0.01s Real=0.03s
[2025-12-25T15:11:58.090+0000][gc,start    ] GC(200) Pause Young (Normal) (G1 Evacuation Pause)
[2025-12-25T15:11:58.091+0000][gc,task     ] GC(200) Using 8 workers of 8 for evacuation
[2025-12-25T15:11:58.121+0000][gc,phases   ] GC(200)   Pre Evacuate Collection Set: 1.4ms
[2025-12-25T15:11:58.121+0000][gc,phases   ] GC(200)   Merge Heap Roots: 0.8ms
[2025-12-25T15:11:58.121+0000][gc,phases   ] GC(200)   Evacuate Collection Set: 23.4ms
[2025-12-25T15:11:58.121+0000][gc,phases   ] GC(200)   Post Evacuate Collection Set: 4.2ms
[2025-12-25T15:11:58.122+0000][gc,phases   ] GC(200)   Other: 0.3ms
[2025-12-25T15:11:58.122+0000][gc,heap     ] GC(200) Eden regions: 605->0(606)
[2025-12-25T15:11:58.122+0000][gc,heap     ] GC(200) Survivor regions: 9->8(77)
[2025-12-25T15:11:58.122+0000][gc,heap     ] GC(200) Old regions: 54->54
[2025-12-25T15:11:58.122+0000][gc,heap     ] GC(200) Humongous regions: 149->149
[2025-12-25T15:11:58.122+0000][gc,metaspace] GC(200) Metaspace: 14919K(15360K)->14919K(15360K) NonClass: 13337K(13504K)->13337K(13504K) Class: 1582K(1856K)->1582K(1856K)
[2025-12-25T15:11:58.122+0000][gc          ] GC(200) Pause Young (Normal) (G1 Evacuation Pause) 816M->210M(1024M) 31.778ms
[2025-12-25T15:11:58.122+0000][gc,cpu      ] GC(200) User=0.17s Sys=0.00s Real=0.03s
[2025-12-25T15:12:28.444+0000][gc,start    ] GC(201) Pause Young (Normal) (G1 Evacuation Pause)
[2025-12-25T15:12:28.444+0000][gc,task     ] GC(201) Using 8 workers of 8 for evacuation
[2025-12-25T15:12:28.466+0000][gc,phases   ] GC(201)   Pre Evacuate Collection Set: 1.2ms
[2025-12-25T15:12:28.467+0000][gc,phases   ] GC(201)   Merge Heap Roots: 0.3ms
[2025-12-25T15:12:28.467+0000][gc,phases   ] GC(201)   Evacuate Collection Set: 19.9ms
[2025-12-25T15:12:28.467+0000][gc,phases   ] GC(201)   Post Evacuate Collection Set: 1.1ms
[2025-12-25T15:12:28.467+0000][gc,phases   ] GC(201)   Other: 0.2ms
[2025-12-25T15:12:28.467+0000][gc,heap     ] GC(201) Eden regions: 606->0(604)
[2025-12-25T15:12:28.467+0000][gc,heap     ] GC(201) Survivor regions: 8->10(77)
[2025-12-25T15:12:28.467+0000][gc,heap     ] GC(201) Old regions: 54->55
[2025-12-25T15:12:28.467+0000][gc,heap     ] GC(201) Humongous regions: 149->149
[2025-12-25T15:12:28.467+0000][gc,metaspace] GC(201) Metaspace: 14919K(15360K)->14919K(15360K) NonClass: 13337K(13504K)->13337K(13504K) Class: 1582K(1856K)->1582K(1856K)
[2025-12-25T15:12:28.467+0000][gc          ] GC(201) Pause Young (Normal) (G1 Evacuation Pause) 816M->212M(1024M) 23.533ms
[2025-12-25T15:12:28.467+0000][gc,cpu      ] GC(201) User=0.16s Sys=0.01s Real=0.02s
[2025-12-25T15:13:08.072+0000][gc,start    ] GC(202) Pause Young (Normal) (G1 Evacuation Pause)
[2025-12-25T15:13:08.072+0000][gc,task     ] GC(202) Using 8 workers of 8 for evacuation
[2025-12-25T15:13:08.094+0000][gc,phases   ] GC(202)   Pre Evacuate Collection Set: 2.4ms
[2025-12-25T15:13:08.094+0000][gc,phases   ] GC(202)   Merge Heap Roots: 3.1ms
[2025-12-25T15:13:08.094+0000][gc,phases   ] GC(202)   Evacuate Collection Set: 13.0ms
[2025-12-25T15:13:08.094+0000][gc,phases   ] GC(202)   Post Evacuate Collection Set: 1.5ms
[2025-12-25T15:13:08.094+0000][gc,phases   ] GC(202)   Other: 1.6ms
[2025-12-25T15:13:08.094+0000][gc,heap     ] GC(202) Eden regions: 604->0(609)
[2025-12-25T15:13:08.095+0000][gc,heap     ] GC(202) Survivor regions: 10->5(77)
[2025-12-25T15:13:08.095+0000][gc,heap     ] GC(202) Old regions: 55->55
[2025-12-25T15:13:08.095+0000][gc,heap     ] GC(202) Humongous regions: 149->149
[2025-12-25T15:13:08.095+0000][gc,metaspace] GC(202) Metaspace: 14919K(15360K)->14919K(15360K) NonClass: 13337K(13504K)->13337K(13504K) Class: 1582K(1856K)->1582K(1856K)
[2025-12-25T15:13:08.095+0000][gc          ] GC(202) Pause Young (Normal) (G1 Evacuation Pause) 816M->208M(1024M) 22.650ms
[2025-12-25T15:13:08.095+0000][gc,cpu      ] GC(202) User=0.10s Sys=0.00s Real=0.02s
