[2025-12-25T12:01:47.309+0000][gc,init] CardTable entry size: 512
[2025-12-25T12:01:47.311+0000][gc     ] Using G1
[2025-12-25T12:01:47.324+0000][gc,init] Version: 21.0.4+7-LTS (release)
[2025-12-25T12:01:47.325+0000][gc,init] CPUs: 8 total, 8 available
[2025-12-25T12:01:47.330+0000][gc,init] Memory: 13709M
[2025-12-25T12:01:47.334+0000][gc,init] Large Page Support: Disabled
[2025-12-25T12:01:47.336+0000][gc,init] NUMA Support: Disabled
[2025-12-25T12:01:47.338+0000][gc,init] Compressed Oops: Enabled (32-bit)
[2025-12-25T12:01:47.339+0000][gc,init] Heap Region Size: 1M
[2025-12-25T12:01:47.365+0000][gc,init] Heap Min Capacity: 1G
[2025-12-25T12:01:47.388+0000][gc,init] Heap Initial Capacity: 1G
[2025-12-25T12:01:47.405+0000][gc,init] Heap Max Capacity: 1G
[2025-12-25T12:01:47.409+0000][gc,init] Pre-touch: Disabled
[2025-12-25T12:01:47.409+0000][gc,init] Parallel Workers: 8
[2025-12-25T12:01:47.409+0000][gc,init] Concurrent Workers: 2
[2025-12-25T12:01:47.409+0000][gc,init] Concurrent Refinement Workers: 8
[2025-12-25T12:01:47.415+0000][gc,init] Periodic GC: Disabled
[2025-12-25T12:01:47.592+0000][gc,metaspace] CDS archive(s) mapped at: [0x0000002800000000-0x0000002800bd0000-0x00000028036b0000), size 57344000, SharedBaseAddress: 0x0000002800000000, ArchiveRelocationMode: 1.
[2025-12-25T12:01:47.595+0000][gc,metaspace] Compressed class space mapped at: 0x0000002804000000-0x0000002844000000, reserved size: 1073741824
[2025-12-25T12:01:47.602+0000][gc,metaspace] Narrow klass base: 0x0000002800000000, Narrow klass shift: 0, Narrow klass range: 0x100000000
[2025-12-25T12:01:57.353+0000][gc,start    ] GC(0) Pause Young (Normal) (G1 Evacuation Pause)
[2025-12-25T12:01:57.421+0000][gc,task     ] GC(0) Using 8 workers of 8 for evacuation
[2025-12-25T12:01:57.690+0000][gc,mmu      ] GC(0) MMU target violated: 201.0ms (200.0ms/201.0ms)
[2025-12-25T12:01:57.692+0000][gc,phases   ] GC(0)   Pre Evacuate Collection Set: 6.5ms
[2025-12-25T12:01:57.692+0000][gc,phases   ] GC(0)   Merge Heap Roots: 0.2ms
[2025-12-25T12:01:57.692+0000][gc,phases   ] GC(0)   Evacuate Collection Set: 247.4ms
[2025-12-25T12:01:57.692+0000][gc,phases   ] GC(0)   Post Evacuate Collection Set: 12.6ms
[2025-12-25T12:01:57.693+0000][gc,phases   ] GC(0)   Other: 70.2ms
[2025-12-25T12:01:57.693+0000][gc,heap     ] GC(0) Eden regions: 51->0(44)
[2025-12-25T12:01:57.697+0000][gc,heap     ] GC(0) Survivor regions: 0->7(7)
[2025-12-25T12:01:57.698+0000][gc,heap     ] GC(0) Old regions: 1->7
[2025-12-25T12:01:57.702+0000][gc,heap     ] GC(0) Humongous regions: 0->0
[2025-12-25T12:01:57.706+0000][gc,metaspace] GC(0) Metaspace: 5169K(5376K)->5169K(5376K) NonClass: 4590K(4736K)->4590K(4736K) Class: 578K(640K)->578K(640K)
[2025-12-25T12:01:57.709+0000][gc          ] GC(0) Pause Young (Normal) (G1 Evacuation Pause) 51M->13M(1024M) 356.422ms
[2025-12-25T12:01:57.710+0000][gc,cpu      ] GC(0) User=0.18s Sys=0.04s Real=0.35s
[2025-12-25T12:02:00.831+0000][gc,start    ] GC(1) Pause Young (Normal) (G1 Evacuation Pause)
[2025-12-25T12:02:00.845+0000][gc,task     ] GC(1) Using 8 workers of 8 for evacuation
[2025-12-25T12:02:01.257+0000][gc,mmu      ] GC(1) MMU target violated: 201.0ms (200.0ms/201.0ms)
[2025-12-25T12:02:01.259+0000][gc,phases   ] GC(1)   Pre Evacuate Collection Set: 177.1ms
[2025-12-25T12:02:01.259+0000][gc,phases   ] GC(1)   Merge Heap Roots: 26.1ms
[2025-12-25T12:02:01.259+0000][gc,phases   ] GC(1)   Evacuate Collection Set: 202.7ms
[2025-12-25T12:02:01.259+0000][gc,phases   ] GC(1)   Post Evacuate Collection Set: 1.4ms
[2025-12-25T12:02:01.259+0000][gc,phases   ] GC(1)   Other: 6.6ms
[2025-12-25T12:02:01.259+0000][gc,heap     ] GC(1) Eden regions: 44->0(49)
[2025-12-25T12:02:01.261+0000][gc,heap     ] GC(1) Survivor regions: 7->2(7)
[2025-12-25T12:02:01.264+0000][gc,heap     ] GC(1) Old regions: 7->14
[2025-12-25T12:02:01.269+0000][gc,heap     ] GC(1) Humongous regions: 2->2
[2025-12-25T12:02:01.270+0000][gc,metaspace] GC(1) Metaspace: 5858K(6080K)->5858K(6080K) NonClass: 5189K(5312K)->5189K(5312K) Class: 668K(768K)->668K(768K)
[2025-12-25T12:02:01.272+0000][gc          ] GC(1) Pause Young (Normal) (G1 Evacuation Pause) 59M->17M(1024M) 441.942ms
[2025-12-25T12:02:01.273+0000][gc,cpu      ] GC(1) User=0.14s Sys=0.01s Real=0.44s
[2025-12-25T12:02:03.751+0000][gc,start    ] GC(2) Pause Young (Normal) (G1 Evacuation Pause)
[2025-12-25T12:02:03.751+0000][gc,task     ] GC(2) Using 8 workers of 8 for evacuation
[2025-12-25T12:02:03.812+0000][gc,phases   ] GC(2)   Pre Evacuate Collection Set: 1.7ms
[2025-12-25T12:02:03.817+0000][gc,phases   ] GC(2)   Merge Heap Roots: 0.2ms
[2025-12-25T12:02:03.822+0000][gc,phases   ] GC(2)   Evacuate Collection Set: 58.0ms
[2025-12-25T12:02:03.823+0000][gc,phases   ] GC(2)   Post Evacuate Collection Set: 0.4ms
[2025-12-25T12:02:03.830+0000][gc,phases   ] GC(2)   Other: 0.5ms
[2025-12-25T12:02:03.831+0000][gc,heap     ] GC(2) Eden regions: 49->0(47)
[2025-12-25T12:02:03.831+0000][gc,heap     ] GC(2) Survivor regions: 2->4(7)
[2025-12-25T12:02:03.831+0000][gc,heap     ] GC(2) Old regions: 14->14
[2025-12-25T12:02:03.832+0000][gc,heap     ] GC(2) Humongous regions: 2->2
[2025-12-25T12:02:03.832+0000][gc,metaspace] GC(2) Metaspace: 6376K(6656K)->6376K(6656K) NonClass: 5650K(5824K)->5650K(5824K) Class: 725K(832K)->725K(832K)
[2025-12-25T12:02:03.832+0000][gc          ] GC(2) Pause Young (Normal) (G1 Evacuation Pause) 66M->18M(1024M) 80.563ms
[2025-12-25T12:02:03.832+0000][gc,cpu      ] GC(2) User=0.04s Sys=0.01s Real=0.08s
[2025-12-25T12:02:05.022+0000][gc,start    ] GC(3) Pause Young (Normal) (G1 Evacuation Pause)
[2025-12-25T12:02:05.022+0000][gc,task     ] GC(3) Using 8 workers of 8 for evacuation
[2025-12-25T12:02:05.091+0000][gc,phases   ] GC(3)   Pre Evacuate Collection Set: 3.5ms
[2025-12-25T12:02:05.091+0000][gc,phases   ] GC(3)   Merge Heap Roots: 2.9ms
[2025-12-25T12:02:05.092+0000][gc,phases   ] GC(3)   Evacuate Collection Set: 61.5ms
[2025-12-25T12:02:05.095+0000][gc,phases   ] GC(3)   Post Evacuate Collection Set: 1.1ms
[2025-12-25T12:02:05.095+0000][gc,phases   ] GC(3)   Other: 0.2ms
[2025-12-25T12:02:05.097+0000][gc,heap     ] GC(3) Eden regions: 47->0(64)
[2025-12-25T12:02:05.099+0000][gc,heap     ] GC(3) Survivor regions: 4->5(7)
[2025-12-25T12:02:05.099+0000][gc,heap     ] GC(3) Old regions: 14->14
[2025-12-25T12:02:05.099+0000][gc,heap     ] GC(3) Humongous regions: 2->2
[2025-12-25T12:02:05.099+0000][gc,metaspace] GC(3) Metaspace: 6601K(6912K)->6601K(6912K) NonClass: 5848K(6016K)->5848K(6016K) Class: 752K(896K)->752K(896K)
[2025-12-25T12:02:05.099+0000][gc          ] GC(3) Pause Young (Normal) (G1 Evacuation Pause) 65M->19M(1024M) 77.713ms
[2025-12-25T12:02:05.100+0000][gc,cpu      ] GC(3) User=0.02s Sys=0.00s Real=0.08s
[2025-12-25T12:02:08.116+0000][gc,start    ] GC(4) Pause Young (Normal) (G1 Evacuation Pause)
[2025-12-25T12:02:08.119+0000][gc,task     ] GC(4) Using 8 workers of 8 for evacuation
[2025-12-25T12:02:08.232+0000][gc,phases   ] GC(4)   Pre Evacuate Collection Set: 21.1ms
[2025-12-25T12:02:08.232+0000][gc,phases   ] GC(4)   Merge Heap Roots: 0.3ms
[2025-12-25T12:02:08.233+0000][gc,phases   ] GC(4)   Evacuate Collection Set: 79.7ms
[2025-12-25T12:02:08.233+0000][gc,phases   ] GC(4)   Post Evacuate Collection Set: 10.0ms
[2025-12-25T12:02:08.233+0000][gc,phases   ] GC(4)   Other: 2.0ms
[2025-12-25T12:02:08.233+0000][gc,heap     ] GC(4) Eden regions: 68->0(78)
[2025-12-25T12:02:08.234+0000][gc,heap     ] GC(4) Survivor regions: 5->6(10)
[2025-12-25T12:02:08.234+0000][gc,heap     ] GC(4) Old regions: 14->14
[2025-12-25T12:02:08.234+0000][gc,heap     ] GC(4) Humongous regions: 131->131
[2025-12-25T12:02:08.234+0000][gc,metaspace] GC(4) Metaspace: 8552K(8832K)->8552K(8832K) NonClass: 7516K(7680K)->7516K(7680K) Class: 1035K(1152K)->1035K(1152K)
[2025-12-25T12:02:08.237+0000][gc          ] GC(4) Pause Young (Normal) (G1 Evacuation Pause) 216M->150M(1024M) 120.937ms
[2025-12-25T12:02:08.237+0000][gc,cpu      ] GC(4) User=0.10s Sys=0.03s Real=0.12s
[2025-12-25T12:02:09.203+0000][gc,start    ] GC(5) Pause Young (Normal) (G1 Evacuation Pause)
[2025-12-25T12:02:09.205+0000][gc,task     ] GC(5) Using 8 workers of 8 for evacuation
[2025-12-25T12:02:09.254+0000][gc,phases   ] GC(5)   Pre Evacuate Collection Set: 0.5ms
[2025-12-25T12:02:09.267+0000][gc,phases   ] GC(5)   Merge Heap Roots: 0.1ms
[2025-12-25T12:02:09.268+0000][gc,phases   ] GC(5)   Evacuate Collection Set: 44.6ms
[2025-12-25T12:02:09.274+0000][gc,phases   ] GC(5)   Post Evacuate Collection Set: 1.1ms
[2025-12-25T12:02:09.275+0000][gc,phases   ] GC(5)   Other: 2.0ms
[2025-12-25T12:02:09.276+0000][gc,heap     ] GC(5) Eden regions: 84->0(397)
[2025-12-25T12:02:09.276+0000][gc,heap     ] GC(5) Survivor regions: 6->7(12)
[2025-12-25T12:02:09.278+0000][gc,heap     ] GC(5) Old regions: 14->14
[2025-12-25T12:02:09.279+0000][gc,heap     ] GC(5) Humongous regions: 131->131
[2025-12-25T12:02:09.280+0000][gc,metaspace] GC(5) Metaspace: 8749K(9024K)->8749K(9024K) NonClass: 7681K(7808K)->7681K(7808K) Class: 1068K(1216K)->1068K(1216K)
[2025-12-25T12:02:09.287+0000][gc          ] GC(5) Pause Young (Normal) (G1 Evacuation Pause) 234M->151M(1024M) 83.593ms
[2025-12-25T12:02:09.294+0000][gc,cpu      ] GC(5) User=0.07s Sys=0.01s Real=0.09s
[2025-12-25T12:02:39.059+0000][gc,start    ] GC(6) Pause Young (Normal) (G1 Evacuation Pause)
[2025-12-25T12:02:39.060+0000][gc,task     ] GC(6) Using 8 workers of 8 for evacuation
[2025-12-25T12:02:39.131+0000][gc,phases   ] GC(6)   Pre Evacuate Collection Set: 7.2ms
[2025-12-25T12:02:39.131+0000][gc,phases   ] GC(6)   Merge Heap Roots: 1.2ms
[2025-12-25T12:02:39.131+0000][gc,phases   ] GC(6)   Evacuate Collection Set: 58.2ms
[2025-12-25T12:02:39.132+0000][gc,phases   ] GC(6)   Post Evacuate Collection Set: 3.3ms
[2025-12-25T12:02:39.132+0000][gc,phases   ] GC(6)   Other: 1.1ms
[2025-12-25T12:02:39.132+0000][gc,heap     ] GC(6) Eden regions: 421->0(521)
[2025-12-25T12:02:39.132+0000][gc,heap     ] GC(6) Survivor regions: 7->9(54)
[2025-12-25T12:02:39.132+0000][gc,heap     ] GC(6) Old regions: 14->14
[2025-12-25T12:02:39.133+0000][gc,heap     ] GC(6) Humongous regions: 131->131
[2025-12-25T12:02:39.133+0000][gc,metaspace] GC(6) Metaspace: 11564K(11840K)->11564K(11840K) NonClass: 10051K(10176K)->10051K(10176K) Class: 1513K(1664K)->1513K(1664K)
[2025-12-25T12:02:39.134+0000][gc          ] GC(6) Pause Young (Normal) (G1 Evacuation Pause) 572M->153M(1024M) 74.790ms
[2025-12-25T12:02:39.134+0000][gc,cpu      ] GC(6) User=0.14s Sys=0.05s Real=0.07s
[2025-12-25T12:03:08.080+0000][gc,start    ] GC(7) Pause Young (Normal) (G1 Evacuation Pause)
[2025-12-25T12:03:08.081+0000][gc,task     ] GC(7) Using 8 workers of 8 for evacuation
[2025-12-25T12:03:08.213+0000][gc,phases   ] GC(7)   Pre Evacuate Collection Set: 28.9ms
[2025-12-25T12:03:08.213+0000][gc,phases   ] GC(7)   Merge Heap Roots: 1.8ms
[2025-12-25T12:03:08.213+0000][gc,phases   ] GC(7)   Evacuate Collection Set: 90.5ms
[2025-12-25T12:03:08.213+0000][gc,phases   ] GC(7)   Post Evacuate Collection Set: 9.3ms
[2025-12-25T12:03:08.213+0000][gc,phases   ] GC(7)   Other: 0.7ms
[2025-12-25T12:03:08.214+0000][gc,heap     ] GC(7) Eden regions: 521->0(604)
[2025-12-25T12:03:08.214+0000][gc,heap     ] GC(7) Survivor regions: 9->10(67)
[2025-12-25T12:03:08.215+0000][gc,heap     ] GC(7) Old regions: 14->14
[2025-12-25T12:03:08.215+0000][gc,heap     ] GC(7) Humongous regions: 131->131
[2025-12-25T12:03:08.215+0000][gc,metaspace] GC(7) Metaspace: 11966K(12288K)->11966K(12288K) NonClass: 10446K(10624K)->10446K(10624K) Class: 1519K(1664K)->1519K(1664K)
[2025-12-25T12:03:08.215+0000][gc          ] GC(7) Pause Young (Normal) (G1 Evacuation Pause) 674M->153M(1024M) 135.105ms
[2025-12-25T12:03:08.215+0000][gc,cpu      ] GC(7) User=0.12s Sys=0.08s Real=0.13s
[2025-12-25T12:03:38.447+0000][gc,start    ] GC(8) Pause Young (Normal) (G1 Evacuation Pause)
[2025-12-25T12:03:38.449+0000][gc,task     ] GC(8) Using 8 workers of 8 for evacuation
[2025-12-25T12:03:38.485+0000][gc,phases   ] GC(8)   Pre Evacuate Collection Set: 2.5ms
[2025-12-25T12:03:38.487+0000][gc,phases   ] GC(8)   Merge Heap Roots: 0.2ms
[2025-12-25T12:03:38.489+0000][gc,phases   ] GC(8)   Evacuate Collection Set: 24.6ms
[2025-12-25T12:03:38.490+0000][gc,phases   ] GC(8)   Post Evacuate Collection Set: 7.8ms
[2025-12-25T12:03:38.490+0000][gc,phases   ] GC(8)   Other: 0.4ms
[2025-12-25T12:03:38.490+0000][gc,heap     ] GC(8) Eden regions: 604->0(601)
[2025-12-25T12:03:38.490+0000][gc,heap     ] GC(8) Survivor regions: 10->13(77)
[2025-12-25T12:03:38.491+0000][gc,heap     ] GC(8) Old regions: 14->14
[2025-12-25T12:03:38.491+0000][gc,heap     ] GC(8) Humongous regions: 131->131
[2025-12-25T12:03:38.491+0000][gc,metaspace] GC(8) Metaspace: 12489K(12800K)->12489K(12800K) NonClass: 10966K(11136K)->10966K(11136K) Class: 1522K(1664K)->1522K(1664K)
[2025-12-25T12:03:38.491+0000][gc          ] GC(8) Pause Young (Normal) (G1 Evacuation Pause) 757M->156M(1024M) 44.011ms
[2025-12-25T12:03:38.492+0000][gc,cpu      ] GC(8) User=0.08s Sys=0.04s Real=0.05s
[2025-12-25T12:04:18.097+0000][gc,start    ] GC(9) Pause Young (Normal) (G1 Evacuation Pause)
[2025-12-25T12:04:18.098+0000][gc,task     ] GC(9) Using 8 workers of 8 for evacuation
[2025-12-25T12:04:18.117+0000][gc,phases   ] GC(9)   Pre Evacuate Collection Set: 1.1ms
[2025-12-25T12:04:18.117+0000][gc,phases   ] GC(9)   Merge Heap Roots: 0.2ms
[2025-12-25T12:04:18.117+0000][gc,phases   ] GC(9)   Evacuate Collection Set: 15.2ms
[2025-12-25T12:04:18.117+0000][gc,phases   ] GC(9)   Post Evacuate Collection Set: 2.6ms
[2025-12-25T12:04:18.117+0000][gc,phases   ] GC(9)   Other: 0.2ms
[2025-12-25T12:04:18.118+0000][gc,heap     ] GC(9) Eden regions: 601->0(602)
[2025-12-25T12:04:18.118+0000][gc,heap     ] GC(9) Survivor regions: 13->12(77)
[2025-12-25T12:04:18.118+0000][gc,heap     ] GC(9) Old regions: 14->14
[2025-12-25T12:04:18.118+0000][gc,heap     ] GC(9) Humongous regions: 131->131
[2025-12-25T12:04:18.118+0000][gc,metaspace] GC(9) Metaspace: 12819K(13120K)->12819K(13120K) NonClass: 11296K(11456K)->11296K(11456K) Class: 1522K(1664K)->1522K(1664K)
[2025-12-25T12:04:18.118+0000][gc          ] GC(9) Pause Young (Normal) (G1 Evacuation Pause) 757M->155M(1024M) 21.011ms
[2025-12-25T12:04:18.118+0000][gc,cpu      ] GC(9) User=0.12s Sys=0.00s Real=0.02s
[2025-12-25T12:04:48.394+0000][gc,start    ] GC(10) Pause Young (Normal) (G1 Evacuation Pause)
[2025-12-25T12:04:48.395+0000][gc,task     ] GC(10) Using 8 workers of 8 for evacuation
[2025-12-25T12:04:48.411+0000][gc,phases   ] GC(10)   Pre Evacuate Collection Set: 1.0ms
[2025-12-25T12:04:48.411+0000][gc,phases   ] GC(10)   Merge Heap Roots: 0.2ms
[2025-12-25T12:04:48.411+0000][gc,phases   ] GC(10)   Evacuate Collection Set: 13.5ms
[2025-12-25T12:04:48.411+0000][gc,phases   ] GC(10)   Post Evacuate Collection Set: 1.3ms
[2025-12-25T12:04:48.411+0000][gc,phases   ] GC(10)   Other: 0.2ms
[2025-12-25T12:04:48.411+0000][gc,heap     ] GC(10) Eden regions: 602->0(600)
[2025-12-25T12:04:48.411+0000][gc,heap     ] GC(10) Survivor regions: 12->14(77)
[2025-12-25T12:04:48.411+0000][gc,heap     ] GC(10) Old regions: 14->14
[2025-12-25T12:04:48.412+0000][gc,heap     ] GC(10) Humongous regions: 131->131
[2025-12-25T12:04:48.412+0000][gc,metaspace] GC(10) Metaspace: 13001K(13312K)->13001K(13312K) NonClass: 11470K(11648K)->11470K(11648K) Class: 1530K(1664K)->1530K(1664K)
[2025-12-25T12:04:48.412+0000][gc          ] GC(10) Pause Young (Normal) (G1 Evacuation Pause) 757M->157M(1024M) 17.516ms
[2025-12-25T12:04:48.412+0000][gc,cpu      ] GC(10) User=0.09s Sys=0.01s Real=0.01s
[2025-12-25T12:05:28.067+0000][gc,start    ] GC(11) Pause Young (Normal) (G1 Evacuation Pause)
[2025-12-25T12:05:28.067+0000][gc,task     ] GC(11) Using 8 workers of 8 for evacuation
[2025-12-25T12:05:28.094+0000][gc,phases   ] GC(11)   Pre Evacuate Collection Set: 1.0ms
[2025-12-25T12:05:28.094+0000][gc,phases   ] GC(11)   Merge Heap Roots: 0.2ms
[2025-12-25T12:05:28.094+0000][gc,phases   ] GC(11)   Evacuate Collection Set: 24.1ms
[2025-12-25T12:05:28.094+0000][gc,phases   ] GC(11)   Post Evacuate Collection Set: 1.3ms
[2025-12-25T12:05:28.095+0000][gc,phases   ] GC(11)   Other: 0.2ms
[2025-12-25T12:05:28.095+0000][gc,heap     ] GC(11) Eden regions: 600->0(601)
[2025-12-25T12:05:28.095+0000][gc,heap     ] GC(11) Survivor regions: 14->13(77)
[2025-12-25T12:05:28.095+0000][gc,heap     ] GC(11) Old regions: 14->14
[2025-12-25T12:05:28.095+0000][gc,heap     ] GC(11) Humongous regions: 131->131
[2025-12-25T12:05:28.095+0000][gc,metaspace] GC(11) Metaspace: 13198K(13504K)->13198K(13504K) NonClass: 11666K(11840K)->11666K(11840K) Class: 1531K(1664K)->1531K(1664K)
[2025-12-25T12:05:28.095+0000][gc          ] GC(11) Pause Young (Normal) (G1 Evacuation Pause) 757M->157M(1024M) 28.338ms
[2025-12-25T12:05:28.095+0000][gc,cpu      ] GC(11) User=0.19s Sys=0.00s Real=0.03s
[2025-12-25T12:05:58.419+0000][gc,start    ] GC(12) Pause Young (Normal) (G1 Evacuation Pause)
[2025-12-25T12:05:58.420+0000][gc,task     ] GC(12) Using 8 workers of 8 for evacuation
[2025-12-25T12:05:58.440+0000][gc,phases   ] GC(12)   Pre Evacuate Collection Set: 2.3ms
[2025-12-25T12:05:58.440+0000][gc,phases   ] GC(12)   Merge Heap Roots: 0.3ms
[2025-12-25T12:05:58.440+0000][gc,phases   ] GC(12)   Evacuate Collection Set: 14.8ms
[2025-12-25T12:05:58.440+0000][gc,phases   ] GC(12)   Post Evacuate Collection Set: 1.6ms
[2025-12-25T12:05:58.440+0000][gc,phases   ] GC(12)   Other: 0.5ms
[2025-12-25T12:05:58.440+0000][gc,heap     ] GC(12) Eden regions: 601->0(599)
[2025-12-25T12:05:58.440+0000][gc,heap     ] GC(12) Survivor regions: 13->15(77)
[2025-12-25T12:05:58.440+0000][gc,heap     ] GC(12) Old regions: 14->14
[2025-12-25T12:05:58.440+0000][gc,heap     ] GC(12) Humongous regions: 131->131
[2025-12-25T12:05:58.440+0000][gc,metaspace] GC(12) Metaspace: 13231K(13504K)->13231K(13504K) NonClass: 11699K(11840K)->11699K(11840K) Class: 1532K(1664K)->1532K(1664K)
[2025-12-25T12:05:58.440+0000][gc          ] GC(12) Pause Young (Normal) (G1 Evacuation Pause) 758M->158M(1024M) 20.906ms
[2025-12-25T12:05:58.440+0000][gc,cpu      ] GC(12) User=0.11s Sys=0.00s Real=0.02s
[2025-12-25T12:06:38.061+0000][gc,start    ] GC(13) Pause Young (Normal) (G1 Evacuation Pause)
[2025-12-25T12:06:38.062+0000][gc,task     ] GC(13) Using 8 workers of 8 for evacuation
[2025-12-25T12:06:38.088+0000][gc,phases   ] GC(13)   Pre Evacuate Collection Set: 0.9ms
[2025-12-25T12:06:38.088+0000][gc,phases   ] GC(13)   Merge Heap Roots: 0.3ms
[2025-12-25T12:06:38.089+0000][gc,phases   ] GC(13)   Evacuate Collection Set: 23.8ms
[2025-12-25T12:06:38.089+0000][gc,phases   ] GC(13)   Post Evacuate Collection Set: 1.5ms
[2025-12-25T12:06:38.089+0000][gc,phases   ] GC(13)   Other: 0.2ms
[2025-12-25T12:06:38.089+0000][gc,heap     ] GC(13) Eden regions: 599->0(600)
[2025-12-25T12:06:38.089+0000][gc,heap     ] GC(13) Survivor regions: 15->14(77)
[2025-12-25T12:06:38.089+0000][gc,heap     ] GC(13) Old regions: 14->14
[2025-12-25T12:06:38.089+0000][gc,heap     ] GC(13) Humongous regions: 131->131
[2025-12-25T12:06:38.089+0000][gc,metaspace] GC(13) Metaspace: 13294K(13632K)->13294K(13632K) NonClass: 11760K(11968K)->11760K(11968K) Class: 1533K(1664K)->1533K(1664K)
[2025-12-25T12:06:38.089+0000][gc          ] GC(13) Pause Young (Normal) (G1 Evacuation Pause) 757M->158M(1024M) 27.843ms
[2025-12-25T12:06:38.089+0000][gc,cpu      ] GC(13) User=0.17s Sys=0.00s Real=0.03s
[2025-12-25T12:07:08.380+0000][gc,start    ] GC(14) Pause Young (Normal) (G1 Evacuation Pause)
[2025-12-25T12:07:08.380+0000][gc,task     ] GC(14) Using 8 workers of 8 for evacuation
[2025-12-25T12:07:08.409+0000][gc,phases   ] GC(14)   Pre Evacuate Collection Set: 1.2ms
[2025-12-25T12:07:08.409+0000][gc,phases   ] GC(14)   Merge Heap Roots: 0.2ms
[2025-12-25T12:07:08.409+0000][gc,phases   ] GC(14)   Evacuate Collection Set: 25.3ms
[2025-12-25T12:07:08.409+0000][gc,phases   ] GC(14)   Post Evacuate Collection Set: 1.4ms
[2025-12-25T12:07:08.409+0000][gc,phases   ] GC(14)   Other: 0.2ms
[2025-12-25T12:07:08.409+0000][gc,heap     ] GC(14) Eden regions: 600->0(602)
[2025-12-25T12:07:08.409+0000][gc,heap     ] GC(14) Survivor regions: 14->12(77)
[2025-12-25T12:07:08.409+0000][gc,heap     ] GC(14) Old regions: 14->14
[2025-12-25T12:07:08.409+0000][gc,heap     ] GC(14) Humongous regions: 131->131
[2025-12-25T12:07:08.409+0000][gc,metaspace] GC(14) Metaspace: 13339K(13696K)->13339K(13696K) NonClass: 11801K(11968K)->11801K(11968K) Class: 1538K(1728K)->1538K(1728K)
[2025-12-25T12:07:08.409+0000][gc          ] GC(14) Pause Young (Normal) (G1 Evacuation Pause) 758M->156M(1024M) 29.539ms
[2025-12-25T12:07:08.409+0000][gc,cpu      ] GC(14) User=0.18s Sys=0.00s Real=0.03s
[2025-12-25T12:07:48.065+0000][gc,start    ] GC(15) Pause Young (Normal) (G1 Evacuation Pause)
[2025-12-25T12:07:48.065+0000][gc,task     ] GC(15) Using 8 workers of 8 for evacuation
[2025-12-25T12:07:48.094+0000][gc,phases   ] GC(15)   Pre Evacuate Collection Set: 1.0ms
[2025-12-25T12:07:48.094+0000][gc,phases   ] GC(15)   Merge Heap Roots: 0.2ms
[2025-12-25T12:07:48.094+0000][gc,phases   ] GC(15)   Evacuate Collection Set: 24.5ms
[2025-12-25T12:07:48.094+0000][gc,phases   ] GC(15)   Post Evacuate Collection Set: 2.6ms
[2025-12-25T12:07:48.094+0000][gc,phases   ] GC(15)   Other: 0.2ms
[2025-12-25T12:07:48.095+0000][gc,heap     ] GC(15) Eden regions: 602->0(602)
[2025-12-25T12:07:48.095+0000][gc,heap     ] GC(15) Survivor regions: 12->12(77)
[2025-12-25T12:07:48.095+0000][gc,heap     ] GC(15) Old regions: 14->14
[2025-12-25T12:07:48.095+0000][gc,heap     ] GC(15) Humongous regions: 131->131
[2025-12-25T12:07:48.095+0000][gc,metaspace] GC(15) Metaspace: 13363K(13696K)->13363K(13696K) NonClass: 11825K(11968K)->11825K(11968K) Class: 1538K(1728K)->1538K(1728K)
[2025-12-25T12:07:48.095+0000][gc          ] GC(15) Pause Young (Normal) (G1 Evacuation Pause) 758M->155M(1024M) 30.163ms
[2025-12-25T12:07:48.095+0000][gc,cpu      ] GC(15) User=0.20s Sys=0.00s Real=0.03s
[2025-12-25T12:08:18.350+0000][gc,start    ] GC(16) Pause Young (Normal) (G1 Evacuation Pause)
[2025-12-25T12:08:18.350+0000][gc,task     ] GC(16) Using 8 workers of 8 for evacuation
[2025-12-25T12:08:18.376+0000][gc,phases   ] GC(16)   Pre Evacuate Collection Set: 1.0ms
[2025-12-25T12:08:18.376+0000][gc,phases   ] GC(16)   Merge Heap Roots: 0.2ms
[2025-12-25T12:08:18.376+0000][gc,phases   ] GC(16)   Evacuate Collection Set: 23.0ms
[2025-12-25T12:08:18.377+0000][gc,phases   ] GC(16)   Post Evacuate Collection Set: 1.6ms
[2025-12-25T12:08:18.377+0000][gc,phases   ] GC(16)   Other: 0.2ms
[2025-12-25T12:08:18.377+0000][gc,heap     ] GC(16) Eden regions: 602->0(602)
[2025-12-25T12:08:18.377+0000][gc,heap     ] GC(16) Survivor regions: 12->12(77)
[2025-12-25T12:08:18.377+0000][gc,heap     ] GC(16) Old regions: 14->15
[2025-12-25T12:08:18.377+0000][gc,heap     ] GC(16) Humongous regions: 131->131
[2025-12-25T12:08:18.377+0000][gc,metaspace] GC(16) Metaspace: 13385K(13760K)->13385K(13760K) NonClass: 11847K(12032K)->11847K(12032K) Class: 1538K(1728K)->1538K(1728K)
[2025-12-25T12:08:18.377+0000][gc          ] GC(16) Pause Young (Normal) (G1 Evacuation Pause) 757M->157M(1024M) 26.962ms
[2025-12-25T12:08:18.377+0000][gc,cpu      ] GC(16) User=0.15s Sys=0.00s Real=0.03s
[2025-12-25T12:08:58.019+0000][gc,start    ] GC(17) Pause Young (Normal) (G1 Evacuation Pause)
[2025-12-25T12:08:58.020+0000][gc,task     ] GC(17) Using 8 workers of 8 for evacuation
[2025-12-25T12:08:58.047+0000][gc,phases   ] GC(17)   Pre Evacuate Collection Set: 1.6ms
[2025-12-25T12:08:58.047+0000][gc,phases   ] GC(17)   Merge Heap Roots: 0.3ms
[2025-12-25T12:08:58.047+0000][gc,phases   ] GC(17)   Evacuate Collection Set: 20.8ms
[2025-12-25T12:08:58.047+0000][gc,phases   ] GC(17)   Post Evacuate Collection Set: 3.4ms
[2025-12-25T12:08:58.047+0000][gc,phases   ] GC(17)   Other: 0.4ms
[2025-12-25T12:08:58.047+0000][gc,heap     ] GC(17) Eden regions: 602->0(604)
[2025-12-25T12:08:58.047+0000][gc,heap     ] GC(17) Survivor regions: 12->10(77)
[2025-12-25T12:08:58.048+0000][gc,heap     ] GC(17) Old regions: 15->16
[2025-12-25T12:08:58.048+0000][gc,heap     ] GC(17) Humongous regions: 131->131
[2025-12-25T12:08:58.048+0000][gc,metaspace] GC(17) Metaspace: 13414K(13824K)->13414K(13824K) NonClass: 11876K(12096K)->11876K(12096K) Class: 1538K(1728K)->1538K(1728K)
[2025-12-25T12:08:58.048+0000][gc          ] GC(17) Pause Young (Normal) (G1 Evacuation Pause) 759M->156M(1024M) 28.957ms
[2025-12-25T12:08:58.048+0000][gc,cpu      ] GC(17) User=0.12s Sys=0.00s Real=0.03s
[2025-12-25T12:09:28.404+0000][gc,start    ] GC(18) Pause Young (Normal) (G1 Evacuation Pause)
[2025-12-25T12:09:28.405+0000][gc,task     ] GC(18) Using 8 workers of 8 for evacuation
[2025-12-25T12:09:28.431+0000][gc,phases   ] GC(18)   Pre Evacuate Collection Set: 1.1ms
[2025-12-25T12:09:28.431+0000][gc,phases   ] GC(18)   Merge Heap Roots: 0.2ms
[2025-12-25T12:09:28.431+0000][gc,phases   ] GC(18)   Evacuate Collection Set: 23.1ms
[2025-12-25T12:09:28.431+0000][gc,phases   ] GC(18)   Post Evacuate Collection Set: 1.2ms
[2025-12-25T12:09:28.431+0000][gc,phases   ] GC(18)   Other: 0.2ms
[2025-12-25T12:09:28.431+0000][gc,heap     ] GC(18) Eden regions: 604->0(602)
[2025-12-25T12:09:28.431+0000][gc,heap     ] GC(18) Survivor regions: 10->12(77)
[2025-12-25T12:09:28.431+0000][gc,heap     ] GC(18) Old regions: 16->17
[2025-12-25T12:09:28.431+0000][gc,heap     ] GC(18) Humongous regions: 131->131
[2025-12-25T12:09:28.431+0000][gc,metaspace] GC(18) Metaspace: 13447K(13824K)->13447K(13824K) NonClass: 11907K(12096K)->11907K(12096K) Class: 1539K(1728K)->1539K(1728K)
[2025-12-25T12:09:28.431+0000][gc          ] GC(18) Pause Young (Normal) (G1 Evacuation Pause) 760M->158M(1024M) 27.009ms
[2025-12-25T12:09:28.431+0000][gc,cpu      ] GC(18) User=0.18s Sys=0.01s Real=0.03s
[2025-12-25T12:10:08.024+0000][gc,start    ] GC(19) Pause Young (Normal) (G1 Evacuation Pause)
[2025-12-25T12:10:08.026+0000][gc,task     ] GC(19) Using 8 workers of 8 for evacuation
[2025-12-25T12:10:08.057+0000][gc,phases   ] GC(19)   Pre Evacuate Collection Set: 1.5ms
[2025-12-25T12:10:08.057+0000][gc,phases   ] GC(19)   Merge Heap Roots: 0.3ms
[2025-12-25T12:10:08.058+0000][gc,phases   ] GC(19)   Evacuate Collection Set: 28.2ms
[2025-12-25T12:10:08.058+0000][gc,phases   ] GC(19)   Post Evacuate Collection Set: 1.4ms
[2025-12-25T12:10:08.058+0000][gc,phases   ] GC(19)   Other: 0.3ms
[2025-12-25T12:10:08.058+0000][gc,heap     ] GC(19) Eden regions: 602->0(605)
[2025-12-25T12:10:08.058+0000][gc,heap     ] GC(19) Survivor regions: 12->9(77)
[2025-12-25T12:10:08.058+0000][gc,heap     ] GC(19) Old regions: 17->19
[2025-12-25T12:10:08.058+0000][gc,heap     ] GC(19) Humongous regions: 131->131
[2025-12-25T12:10:08.058+0000][gc,metaspace] GC(19) Metaspace: 13475K(13824K)->13475K(13824K) NonClass: 11936K(12096K)->11936K(12096K) Class: 1539K(1728K)->1539K(1728K)
[2025-12-25T12:10:08.058+0000][gc          ] GC(19) Pause Young (Normal) (G1 Evacuation Pause) 760M->157M(1024M) 33.986ms
[2025-12-25T12:10:08.058+0000][gc,cpu      ] GC(19) User=0.22s Sys=0.01s Real=0.04s
[2025-12-25T12:10:38.317+0000][gc,start    ] GC(20) Pause Young (Normal) (G1 Evacuation Pause)
[2025-12-25T12:10:38.317+0000][gc,task     ] GC(20) Using 8 workers of 8 for evacuation
[2025-12-25T12:10:38.339+0000][gc,phases   ] GC(20)   Pre Evacuate Collection Set: 0.9ms
[2025-12-25T12:10:38.339+0000][gc,phases   ] GC(20)   Merge Heap Roots: 0.2ms
[2025-12-25T12:10:38.339+0000][gc,phases   ] GC(20)   Evacuate Collection Set: 19.6ms
[2025-12-25T12:10:38.339+0000][gc,phases   ] GC(20)   Post Evacuate Collection Set: 1.0ms
[2025-12-25T12:10:38.339+0000][gc,phases   ] GC(20)   Other: 0.2ms
[2025-12-25T12:10:38.339+0000][gc,heap     ] GC(20) Eden regions: 605->0(604)
[2025-12-25T12:10:38.339+0000][gc,heap     ] GC(20) Survivor regions: 9->10(77)
[2025-12-25T12:10:38.339+0000][gc,heap     ] GC(20) Old regions: 19->20
[2025-12-25T12:10:38.340+0000][gc,heap     ] GC(20) Humongous regions: 131->131
[2025-12-25T12:10:38.340+0000][gc,metaspace] GC(20) Metaspace: 13516K(13888K)->13516K(13888K) NonClass: 11977K(12160K)->11977K(12160K) Class: 1539K(1728K)->1539K(1728K)
[2025-12-25T12:10:38.340+0000][gc          ] GC(20) Pause Young (Normal) (G1 Evacuation Pause) 762M->160M(1024M) 23.047ms
[2025-12-25T12:10:38.340+0000][gc,cpu      ] GC(20) User=0.17s Sys=0.00s Real=0.02s
[2025-12-25T12:11:18.086+0000][gc,start    ] GC(21) Pause Young (Normal) (G1 Evacuation Pause)
[2025-12-25T12:11:18.086+0000][gc,task     ] GC(21) Using 8 workers of 8 for evacuation
[2025-12-25T12:11:18.112+0000][gc,phases   ] GC(21)   Pre Evacuate Collection Set: 1.2ms
[2025-12-25T12:11:18.112+0000][gc,phases   ] GC(21)   Merge Heap Roots: 0.3ms
[2025-12-25T12:11:18.112+0000][gc,phases   ] GC(21)   Evacuate Collection Set: 21.8ms
[2025-12-25T12:11:18.113+0000][gc,phases   ] GC(21)   Post Evacuate Collection Set: 1.9ms
[2025-12-25T12:11:18.113+0000][gc,phases   ] GC(21)   Other: 0.3ms
[2025-12-25T12:11:18.113+0000][gc,heap     ] GC(21) Eden regions: 604->0(611)
[2025-12-25T12:11:18.113+0000][gc,heap     ] GC(21) Survivor regions: 10->3(77)
[2025-12-25T12:11:18.114+0000][gc,heap     ] GC(21) Old regions: 20->22
[2025-12-25T12:11:18.114+0000][gc,heap     ] GC(21) Humongous regions: 131->131
[2025-12-25T12:11:18.114+0000][gc,metaspace] GC(21) Metaspace: 13540K(13952K)->13540K(13952K) NonClass: 12001K(12224K)->12001K(12224K) Class: 1539K(1728K)->1539K(1728K)
[2025-12-25T12:11:18.115+0000][gc          ] GC(21) Pause Young (Normal) (G1 Evacuation Pause) 764M->155M(1024M) 28.787ms
[2025-12-25T12:11:18.115+0000][gc,cpu      ] GC(21) User=0.13s Sys=0.02s Real=0.03s
[2025-12-25T12:11:48.394+0000][gc,start    ] GC(22) Pause Young (Normal) (G1 Evacuation Pause)
[2025-12-25T12:11:48.395+0000][gc,task     ] GC(22) Using 8 workers of 8 for evacuation
[2025-12-25T12:11:48.413+0000][gc,phases   ] GC(22)   Pre Evacuate Collection Set: 1.0ms
[2025-12-25T12:11:48.413+0000][gc,phases   ] GC(22)   Merge Heap Roots: 0.2ms
[2025-12-25T12:11:48.413+0000][gc,phases   ] GC(22)   Evacuate Collection Set: 15.1ms
[2025-12-25T12:11:48.413+0000][gc,phases   ] GC(22)   Post Evacuate Collection Set: 1.4ms
[2025-12-25T12:11:48.413+0000][gc,phases   ] GC(22)   Other: 0.2ms
[2025-12-25T12:11:48.413+0000][gc,heap     ] GC(22) Eden regions: 611->0(609)
[2025-12-25T12:11:48.413+0000][gc,heap     ] GC(22) Survivor regions: 3->5(77)
[2025-12-25T12:11:48.413+0000][gc,heap     ] GC(22) Old regions: 22->23
[2025-12-25T12:11:48.413+0000][gc,heap     ] GC(22) Humongous regions: 131->131
[2025-12-25T12:11:48.413+0000][gc,metaspace] GC(22) Metaspace: 13549K(13952K)->13549K(13952K) NonClass: 12010K(12224K)->12010K(12224K) Class: 1539K(1728K)->1539K(1728K)
[2025-12-25T12:11:48.413+0000][gc          ] GC(22) Pause Young (Normal) (G1 Evacuation Pause) 766M->157M(1024M) 19.198ms
[2025-12-25T12:11:48.413+0000][gc,cpu      ] GC(22) User=0.10s Sys=0.01s Real=0.02s
[2025-12-25T12:12:28.064+0000][gc,start    ] GC(23) Pause Young (Normal) (G1 Evacuation Pause)
[2025-12-25T12:12:28.065+0000][gc,task     ] GC(23) Using 8 workers of 8 for evacuation
[2025-12-25T12:12:28.075+0000][gc,phases   ] GC(23)   Pre Evacuate Collection Set: 1.1ms
[2025-12-25T12:12:28.075+0000][gc,phases   ] GC(23)   Merge Heap Roots: 0.2ms
[2025-12-25T12:12:28.075+0000][gc,phases   ] GC(23)   Evacuate Collection Set: 7.2ms
[2025-12-25T12:12:28.075+0000][gc,phases   ] GC(23)   Post Evacuate Collection Set: 1.1ms
[2025-12-25T12:12:28.075+0000][gc,phases   ] GC(23)   Other: 0.2ms
[2025-12-25T12:12:28.075+0000][gc,heap     ] GC(23) Eden regions: 609->0(610)
[2025-12-25T12:12:28.075+0000][gc,heap     ] GC(23) Survivor regions: 5->4(77)
[2025-12-25T12:12:28.075+0000][gc,heap     ] GC(23) Old regions: 23->23
[2025-12-25T12:12:28.075+0000][gc,heap     ] GC(23) Humongous regions: 131->131
[2025-12-25T12:12:28.075+0000][gc,metaspace] GC(23) Metaspace: 13631K(13952K)->13631K(13952K) NonClass: 12078K(12224K)->12078K(12224K) Class: 1553K(1728K)->1553K(1728K)
[2025-12-25T12:12:28.075+0000][gc          ] GC(23) Pause Young (Normal) (G1 Evacuation Pause) 766M->157M(1024M) 10.845ms
[2025-12-25T12:12:28.075+0000][gc,cpu      ] GC(23) User=0.05s Sys=0.01s Real=0.01s
[2025-12-25T12:12:58.387+0000][gc,start    ] GC(24) Pause Young (Normal) (G1 Evacuation Pause)
[2025-12-25T12:12:58.387+0000][gc,task     ] GC(24) Using 8 workers of 8 for evacuation
[2025-12-25T12:12:58.403+0000][gc,phases   ] GC(24)   Pre Evacuate Collection Set: 1.1ms
[2025-12-25T12:12:58.403+0000][gc,phases   ] GC(24)   Merge Heap Roots: 0.2ms
[2025-12-25T12:12:58.403+0000][gc,phases   ] GC(24)   Evacuate Collection Set: 12.9ms
[2025-12-25T12:12:58.403+0000][gc,phases   ] GC(24)   Post Evacuate Collection Set: 1.1ms
[2025-12-25T12:12:58.403+0000][gc,phases   ] GC(24)   Other: 0.2ms
[2025-12-25T12:12:58.403+0000][gc,heap     ] GC(24) Eden regions: 610->0(608)
[2025-12-25T12:12:58.403+0000][gc,heap     ] GC(24) Survivor regions: 4->6(77)
[2025-12-25T12:12:58.403+0000][gc,heap     ] GC(24) Old regions: 23->23
[2025-12-25T12:12:58.403+0000][gc,heap     ] GC(24) Humongous regions: 131->131
[2025-12-25T12:12:58.403+0000][gc,metaspace] GC(24) Metaspace: 13683K(14016K)->13683K(14016K) NonClass: 12127K(12288K)->12127K(12288K) Class: 1556K(1728K)->1556K(1728K)
[2025-12-25T12:12:58.404+0000][gc          ] GC(24) Pause Young (Normal) (G1 Evacuation Pause) 767M->158M(1024M) 16.706ms
[2025-12-25T12:12:58.404+0000][gc,cpu      ] GC(24) User=0.09s Sys=0.00s Real=0.02s
[2025-12-25T12:13:38.217+0000][gc,start    ] GC(25) Pause Young (Normal) (G1 Evacuation Pause)
[2025-12-25T12:13:38.218+0000][gc,task     ] GC(25) Using 8 workers of 8 for evacuation
[2025-12-25T12:13:38.229+0000][gc,phases   ] GC(25)   Pre Evacuate Collection Set: 1.1ms
[2025-12-25T12:13:38.229+0000][gc,phases   ] GC(25)   Merge Heap Roots: 0.3ms
[2025-12-25T12:13:38.229+0000][gc,phases   ] GC(25)   Evacuate Collection Set: 6.6ms
[2025-12-25T12:13:38.229+0000][gc,phases   ] GC(25)   Post Evacuate Collection Set: 2.5ms
[2025-12-25T12:13:38.229+0000][gc,phases   ] GC(25)   Other: 0.2ms
[2025-12-25T12:13:38.230+0000][gc,heap     ] GC(25) Eden regions: 608->0(608)
[2025-12-25T12:13:38.230+0000][gc,heap     ] GC(25) Survivor regions: 6->6(77)
[2025-12-25T12:13:38.230+0000][gc,heap     ] GC(25) Old regions: 23->23
[2025-12-25T12:13:38.230+0000][gc,heap     ] GC(25) Humongous regions: 131->131
[2025-12-25T12:13:38.230+0000][gc,metaspace] GC(25) Metaspace: 13687K(14016K)->13687K(14016K) NonClass: 12130K(12288K)->12130K(12288K) Class: 1556K(1728K)->1556K(1728K)
[2025-12-25T12:13:38.230+0000][gc          ] GC(25) Pause Young (Normal) (G1 Evacuation Pause) 766M->158M(1024M) 12.573ms
[2025-12-25T12:13:38.230+0000][gc,cpu      ] GC(25) User=0.07s Sys=0.00s Real=0.01s
[2025-12-25T12:14:08.491+0000][gc,start    ] GC(26) Pause Young (Normal) (G1 Evacuation Pause)
[2025-12-25T12:14:08.492+0000][gc,task     ] GC(26) Using 8 workers of 8 for evacuation
[2025-12-25T12:14:08.501+0000][gc,phases   ] GC(26)   Pre Evacuate Collection Set: 1.3ms
[2025-12-25T12:14:08.501+0000][gc,phases   ] GC(26)   Merge Heap Roots: 0.2ms
[2025-12-25T12:14:08.501+0000][gc,phases   ] GC(26)   Evacuate Collection Set: 5.9ms
[2025-12-25T12:14:08.501+0000][gc,phases   ] GC(26)   Post Evacuate Collection Set: 1.2ms
[2025-12-25T12:14:08.501+0000][gc,phases   ] GC(26)   Other: 0.3ms
[2025-12-25T12:14:08.501+0000][gc,heap     ] GC(26) Eden regions: 608->0(606)
[2025-12-25T12:14:08.501+0000][gc,heap     ] GC(26) Survivor regions: 6->8(77)
[2025-12-25T12:14:08.501+0000][gc,heap     ] GC(26) Old regions: 23->23
[2025-12-25T12:14:08.501+0000][gc,heap     ] GC(26) Humongous regions: 131->131
[2025-12-25T12:14:08.501+0000][gc,metaspace] GC(26) Metaspace: 13694K(14016K)->13694K(14016K) NonClass: 12137K(12288K)->12137K(12288K) Class: 1556K(1728K)->1556K(1728K)
[2025-12-25T12:14:08.501+0000][gc          ] GC(26) Pause Young (Normal) (G1 Evacuation Pause) 766M->160M(1024M) 10.576ms
[2025-12-25T12:14:08.501+0000][gc,cpu      ] GC(26) User=0.05s Sys=0.00s Real=0.01s
[2025-12-25T12:14:48.279+0000][gc,start    ] GC(27) Pause Young (Normal) (G1 Evacuation Pause)
[2025-12-25T12:14:48.279+0000][gc,task     ] GC(27) Using 8 workers of 8 for evacuation
[2025-12-25T12:14:48.306+0000][gc,phases   ] GC(27)   Pre Evacuate Collection Set: 1.6ms
[2025-12-25T12:14:48.307+0000][gc,phases   ] GC(27)   Merge Heap Roots: 0.3ms
[2025-12-25T12:14:48.307+0000][gc,phases   ] GC(27)   Evacuate Collection Set: 21.8ms
[2025-12-25T12:14:48.307+0000][gc,phases   ] GC(27)   Post Evacuate Collection Set: 2.5ms
[2025-12-25T12:14:48.307+0000][gc,phases   ] GC(27)   Other: 0.5ms
[2025-12-25T12:14:48.307+0000][gc,heap     ] GC(27) Eden regions: 606->0(606)
[2025-12-25T12:14:48.307+0000][gc,heap     ] GC(27) Survivor regions: 8->8(77)
[2025-12-25T12:14:48.307+0000][gc,heap     ] GC(27) Old regions: 23->23
[2025-12-25T12:14:48.309+0000][gc,heap     ] GC(27) Humongous regions: 131->131
[2025-12-25T12:14:48.310+0000][gc,metaspace] GC(27) Metaspace: 13722K(14080K)->13722K(14080K) NonClass: 12166K(12352K)->12166K(12352K) Class: 1556K(1728K)->1556K(1728K)
[2025-12-25T12:14:48.312+0000][gc          ] GC(27) Pause Young (Normal) (G1 Evacuation Pause) 766M->160M(1024M) 33.412ms
[2025-12-25T12:14:48.312+0000][gc,cpu      ] GC(27) User=0.17s Sys=0.01s Real=0.03s
[2025-12-25T12:15:18.579+0000][gc,start    ] GC(28) Pause Young (Normal) (G1 Evacuation Pause)
[2025-12-25T12:15:18.580+0000][gc,task     ] GC(28) Using 8 workers of 8 for evacuation
[2025-12-25T12:15:18.593+0000][gc,phases   ] GC(28)   Pre Evacuate Collection Set: 1.6ms
[2025-12-25T12:15:18.593+0000][gc,phases   ] GC(28)   Merge Heap Roots: 0.3ms
[2025-12-25T12:15:18.594+0000][gc,phases   ] GC(28)   Evacuate Collection Set: 9.4ms
[2025-12-25T12:15:18.594+0000][gc,phases   ] GC(28)   Post Evacuate Collection Set: 2.1ms
[2025-12-25T12:15:18.594+0000][gc,phases   ] GC(28)   Other: 0.3ms
[2025-12-25T12:15:18.594+0000][gc,heap     ] GC(28) Eden regions: 606->0(609)
[2025-12-25T12:15:18.594+0000][gc,heap     ] GC(28) Survivor regions: 8->5(77)
[2025-12-25T12:15:18.594+0000][gc,heap     ] GC(28) Old regions: 23->23
[2025-12-25T12:15:18.594+0000][gc,heap     ] GC(28) Humongous regions: 131->131
[2025-12-25T12:15:18.594+0000][gc,metaspace] GC(28) Metaspace: 13763K(14080K)->13763K(14080K) NonClass: 12206K(12352K)->12206K(12352K) Class: 1556K(1728K)->1556K(1728K)
[2025-12-25T12:15:18.594+0000][gc          ] GC(28) Pause Young (Normal) (G1 Evacuation Pause) 766M->158M(1024M) 15.221ms
[2025-12-25T12:15:18.595+0000][gc,cpu      ] GC(28) User=0.07s Sys=0.01s Real=0.01s
[2025-12-25T12:15:58.245+0000][gc,start    ] GC(29) Pause Young (Normal) (G1 Evacuation Pause)
[2025-12-25T12:15:58.249+0000][gc,task     ] GC(29) Using 8 workers of 8 for evacuation
[2025-12-25T12:15:58.288+0000][gc,phases   ] GC(29)   Pre Evacuate Collection Set: 18.9ms
[2025-12-25T12:15:58.288+0000][gc,phases   ] GC(29)   Merge Heap Roots: 3.9ms
[2025-12-25T12:15:58.288+0000][gc,phases   ] GC(29)   Evacuate Collection Set: 11.4ms
[2025-12-25T12:15:58.289+0000][gc,phases   ] GC(29)   Post Evacuate Collection Set: 2.6ms
[2025-12-25T12:15:58.289+0000][gc,phases   ] GC(29)   Other: 2.4ms
[2025-12-25T12:15:58.289+0000][gc,heap     ] GC(29) Eden regions: 609->0(609)
[2025-12-25T12:15:58.289+0000][gc,heap     ] GC(29) Survivor regions: 5->5(77)
[2025-12-25T12:15:58.289+0000][gc,heap     ] GC(29) Old regions: 23->23
[2025-12-25T12:15:58.289+0000][gc,heap     ] GC(29) Humongous regions: 131->131
[2025-12-25T12:15:58.289+0000][gc,metaspace] GC(29) Metaspace: 13784K(14144K)->13784K(14144K) NonClass: 12228K(12416K)->12228K(12416K) Class: 1556K(1728K)->1556K(1728K)
[2025-12-25T12:15:58.289+0000][gc          ] GC(29) Pause Young (Normal) (G1 Evacuation Pause) 767M->157M(1024M) 44.283ms
[2025-12-25T12:15:58.289+0000][gc,cpu      ] GC(29) User=0.12s Sys=0.01s Real=0.05s
[2025-12-25T12:16:28.797+0000][gc,start    ] GC(30) Pause Young (Normal) (G1 Evacuation Pause)
[2025-12-25T12:16:28.799+0000][gc,task     ] GC(30) Using 8 workers of 8 for evacuation
[2025-12-25T12:16:28.815+0000][gc,phases   ] GC(30)   Pre Evacuate Collection Set: 6.0ms
[2025-12-25T12:16:28.816+0000][gc,phases   ] GC(30)   Merge Heap Roots: 1.0ms
[2025-12-25T12:16:28.816+0000][gc,phases   ] GC(30)   Evacuate Collection Set: 7.5ms
[2025-12-25T12:16:28.816+0000][gc,phases   ] GC(30)   Post Evacuate Collection Set: 1.5ms
[2025-12-25T12:16:28.816+0000][gc,phases   ] GC(30)   Other: 0.7ms
[2025-12-25T12:16:28.816+0000][gc,heap     ] GC(30) Eden regions: 609->0(607)
[2025-12-25T12:16:28.816+0000][gc,heap     ] GC(30) Survivor regions: 5->7(77)
[2025-12-25T12:16:28.816+0000][gc,heap     ] GC(30) Old regions: 23->23
[2025-12-25T12:16:28.816+0000][gc,heap     ] GC(30) Humongous regions: 131->131
[2025-12-25T12:16:28.816+0000][gc,metaspace] GC(30) Metaspace: 13820K(14144K)->13820K(14144K) NonClass: 12264K(12416K)->12264K(12416K) Class: 1556K(1728K)->1556K(1728K)
[2025-12-25T12:16:28.816+0000][gc          ] GC(30) Pause Young (Normal) (G1 Evacuation Pause) 766M->160M(1024M) 19.457ms
[2025-12-25T12:16:28.816+0000][gc,cpu      ] GC(30) User=0.08s Sys=0.01s Real=0.02s
[2025-12-25T12:17:08.268+0000][gc,start    ] GC(31) Pause Young (Normal) (G1 Evacuation Pause)
[2025-12-25T12:17:08.269+0000][gc,task     ] GC(31) Using 8 workers of 8 for evacuation
[2025-12-25T12:17:08.308+0000][gc,phases   ] GC(31)   Pre Evacuate Collection Set: 3.0ms
[2025-12-25T12:17:08.308+0000][gc,phases   ] GC(31)   Merge Heap Roots: 0.7ms
[2025-12-25T12:17:08.308+0000][gc,phases   ] GC(31)   Evacuate Collection Set: 27.9ms
[2025-12-25T12:17:08.308+0000][gc,phases   ] GC(31)   Post Evacuate Collection Set: 7.1ms
[2025-12-25T12:17:08.309+0000][gc,phases   ] GC(31)   Other: 0.4ms
[2025-12-25T12:17:08.309+0000][gc,heap     ] GC(31) Eden regions: 607->0(608)
[2025-12-25T12:17:08.309+0000][gc,heap     ] GC(31) Survivor regions: 7->6(77)
[2025-12-25T12:17:08.309+0000][gc,heap     ] GC(31) Old regions: 23->23
[2025-12-25T12:17:08.309+0000][gc,heap     ] GC(31) Humongous regions: 131->131
[2025-12-25T12:17:08.309+0000][gc,metaspace] GC(31) Metaspace: 14061K(14400K)->14061K(14400K) NonClass: 12452K(12608K)->12452K(12608K) Class: 1608K(1792K)->1608K(1792K)
[2025-12-25T12:17:08.309+0000][gc          ] GC(31) Pause Young (Normal) (G1 Evacuation Pause) 767M->159M(1024M) 41.017ms
[2025-12-25T12:17:08.309+0000][gc,cpu      ] GC(31) User=0.20s Sys=0.00s Real=0.04s
[2025-12-25T12:17:38.685+0000][gc,start    ] GC(32) Pause Young (Normal) (G1 Evacuation Pause)
[2025-12-25T12:17:38.686+0000][gc,task     ] GC(32) Using 8 workers of 8 for evacuation
[2025-12-25T12:17:38.707+0000][gc,phases   ] GC(32)   Pre Evacuate Collection Set: 2.2ms
[2025-12-25T12:17:38.707+0000][gc,phases   ] GC(32)   Merge Heap Roots: 0.2ms
[2025-12-25T12:17:38.708+0000][gc,phases   ] GC(32)   Evacuate Collection Set: 17.4ms
[2025-12-25T12:17:38.708+0000][gc,phases   ] GC(32)   Post Evacuate Collection Set: 1.3ms
[2025-12-25T12:17:38.708+0000][gc,phases   ] GC(32)   Other: 0.6ms
[2025-12-25T12:17:38.708+0000][gc,heap     ] GC(32) Eden regions: 608->0(606)
[2025-12-25T12:17:38.708+0000][gc,heap     ] GC(32) Survivor regions: 6->8(77)
[2025-12-25T12:17:38.708+0000][gc,heap     ] GC(32) Old regions: 23->23
[2025-12-25T12:17:38.708+0000][gc,heap     ] GC(32) Humongous regions: 131->131
[2025-12-25T12:17:38.708+0000][gc,metaspace] GC(32) Metaspace: 14079K(14400K)->14079K(14400K) NonClass: 12470K(12608K)->12470K(12608K) Class: 1608K(1792K)->1608K(1792K)
[2025-12-25T12:17:38.708+0000][gc          ] GC(32) Pause Young (Normal) (G1 Evacuation Pause) 767M->161M(1024M) 23.585ms
[2025-12-25T12:17:38.708+0000][gc,cpu      ] GC(32) User=0.13s Sys=0.00s Real=0.02s
[2025-12-25T12:18:18.239+0000][gc,start    ] GC(33) Pause Young (Normal) (G1 Evacuation Pause)
[2025-12-25T12:18:18.240+0000][gc,task     ] GC(33) Using 8 workers of 8 for evacuation
[2025-12-25T12:18:18.260+0000][gc,phases   ] GC(33)   Pre Evacuate Collection Set: 1.6ms
[2025-12-25T12:18:18.260+0000][gc,phases   ] GC(33)   Merge Heap Roots: 0.2ms
[2025-12-25T12:18:18.260+0000][gc,phases   ] GC(33)   Evacuate Collection Set: 16.5ms
[2025-12-25T12:18:18.260+0000][gc,phases   ] GC(33)   Post Evacuate Collection Set: 1.7ms
[2025-12-25T12:18:18.260+0000][gc,phases   ] GC(33)   Other: 0.2ms
[2025-12-25T12:18:18.260+0000][gc,heap     ] GC(33) Eden regions: 606->0(606)
[2025-12-25T12:18:18.260+0000][gc,heap     ] GC(33) Survivor regions: 8->8(77)
[2025-12-25T12:18:18.260+0000][gc,heap     ] GC(33) Old regions: 23->23
[2025-12-25T12:18:18.260+0000][gc,heap     ] GC(33) Humongous regions: 131->131
[2025-12-25T12:18:18.260+0000][gc,metaspace] GC(33) Metaspace: 14093K(14464K)->14093K(14464K) NonClass: 12484K(12672K)->12484K(12672K) Class: 1608K(1792K)->1608K(1792K)
[2025-12-25T12:18:18.261+0000][gc          ] GC(33) Pause Young (Normal) (G1 Evacuation Pause) 767M->161M(1024M) 21.404ms
[2025-12-25T12:18:18.261+0000][gc,cpu      ] GC(33) User=0.14s Sys=0.00s Real=0.02s
[2025-12-25T12:18:48.607+0000][gc,start    ] GC(34) Pause Young (Normal) (G1 Evacuation Pause)
[2025-12-25T12:18:48.609+0000][gc,task     ] GC(34) Using 8 workers of 8 for evacuation
[2025-12-25T12:18:48.629+0000][gc,phases   ] GC(34)   Pre Evacuate Collection Set: 3.4ms
[2025-12-25T12:18:48.629+0000][gc,phases   ] GC(34)   Merge Heap Roots: 0.7ms
[2025-12-25T12:18:48.629+0000][gc,phases   ] GC(34)   Evacuate Collection Set: 12.8ms
[2025-12-25T12:18:48.629+0000][gc,phases   ] GC(34)   Post Evacuate Collection Set: 2.5ms
[2025-12-25T12:18:48.629+0000][gc,phases   ] GC(34)   Other: 0.4ms
[2025-12-25T12:18:48.629+0000][gc,heap     ] GC(34) Eden regions: 606->0(604)
[2025-12-25T12:18:48.629+0000][gc,heap     ] GC(34) Survivor regions: 8->10(77)
[2025-12-25T12:18:48.629+0000][gc,heap     ] GC(34) Old regions: 23->23
[2025-12-25T12:18:48.629+0000][gc,heap     ] GC(34) Humongous regions: 131->131
[2025-12-25T12:18:48.629+0000][gc,metaspace] GC(34) Metaspace: 14110K(14528K)->14110K(14528K) NonClass: 12501K(12736K)->12501K(12736K) Class: 1608K(1792K)->1608K(1792K)
[2025-12-25T12:18:48.629+0000][gc          ] GC(34) Pause Young (Normal) (G1 Evacuation Pause) 767M->163M(1024M) 22.259ms
[2025-12-25T12:18:48.630+0000][gc,cpu      ] GC(34) User=0.11s Sys=0.01s Real=0.02s
[2025-12-25T12:19:28.237+0000][gc,start    ] GC(35) Pause Young (Normal) (G1 Evacuation Pause)
[2025-12-25T12:19:28.238+0000][gc,task     ] GC(35) Using 8 workers of 8 for evacuation
[2025-12-25T12:19:28.250+0000][gc,phases   ] GC(35)   Pre Evacuate Collection Set: 3.1ms
[2025-12-25T12:19:28.250+0000][gc,phases   ] GC(35)   Merge Heap Roots: 0.6ms
[2025-12-25T12:19:28.250+0000][gc,phases   ] GC(35)   Evacuate Collection Set: 6.9ms
[2025-12-25T12:19:28.250+0000][gc,phases   ] GC(35)   Post Evacuate Collection Set: 1.6ms
[2025-12-25T12:19:28.250+0000][gc,phases   ] GC(35)   Other: 0.4ms
[2025-12-25T12:19:28.251+0000][gc,heap     ] GC(35) Eden regions: 604->0(608)
[2025-12-25T12:19:28.251+0000][gc,heap     ] GC(35) Survivor regions: 10->6(77)
[2025-12-25T12:19:28.251+0000][gc,heap     ] GC(35) Old regions: 23->24
[2025-12-25T12:19:28.251+0000][gc,heap     ] GC(35) Humongous regions: 131->131
[2025-12-25T12:19:28.251+0000][gc,metaspace] GC(35) Metaspace: 14161K(14528K)->14161K(14528K) NonClass: 12552K(12736K)->12552K(12736K) Class: 1609K(1792K)->1609K(1792K)
[2025-12-25T12:19:28.251+0000][gc          ] GC(35) Pause Young (Normal) (G1 Evacuation Pause) 767M->159M(1024M) 13.877ms
[2025-12-25T12:19:28.251+0000][gc,cpu      ] GC(35) User=0.07s Sys=0.00s Real=0.01s
[2025-12-25T12:19:58.566+0000][gc,start    ] GC(36) Pause Young (Normal) (G1 Evacuation Pause)
[2025-12-25T12:19:58.567+0000][gc,task     ] GC(36) Using 8 workers of 8 for evacuation
[2025-12-25T12:19:58.585+0000][gc,phases   ] GC(36)   Pre Evacuate Collection Set: 4.6ms
[2025-12-25T12:19:58.585+0000][gc,phases   ] GC(36)   Merge Heap Roots: 1.0ms
[2025-12-25T12:19:58.586+0000][gc,phases   ] GC(36)   Evacuate Collection Set: 11.1ms
[2025-12-25T12:19:58.586+0000][gc,phases   ] GC(36)   Post Evacuate Collection Set: 1.5ms
[2025-12-25T12:19:58.586+0000][gc,phases   ] GC(36)   Other: 0.6ms
[2025-12-25T12:19:58.586+0000][gc,heap     ] GC(36) Eden regions: 608->0(607)
[2025-12-25T12:19:58.586+0000][gc,heap     ] GC(36) Survivor regions: 6->7(77)
[2025-12-25T12:19:58.586+0000][gc,heap     ] GC(36) Old regions: 24->24
[2025-12-25T12:19:58.586+0000][gc,heap     ] GC(36) Humongous regions: 131->131
[2025-12-25T12:19:58.586+0000][gc,metaspace] GC(36) Metaspace: 14161K(14528K)->14161K(14528K) NonClass: 12552K(12736K)->12552K(12736K) Class: 1609K(1792K)->1609K(1792K)
[2025-12-25T12:19:58.586+0000][gc          ] GC(36) Pause Young (Normal) (G1 Evacuation Pause) 767M->160M(1024M) 20.080ms
[2025-12-25T12:19:58.586+0000][gc,cpu      ] GC(36) User=0.10s Sys=0.00s Real=0.02s
[2025-12-25T12:20:38.257+0000][gc,start    ] GC(37) Pause Young (Normal) (G1 Evacuation Pause)
[2025-12-25T12:20:38.257+0000][gc,task     ] GC(37) Using 8 workers of 8 for evacuation
[2025-12-25T12:20:38.273+0000][gc,phases   ] GC(37)   Pre Evacuate Collection Set: 2.2ms
[2025-12-25T12:20:38.273+0000][gc,phases   ] GC(37)   Merge Heap Roots: 0.4ms
[2025-12-25T12:20:38.274+0000][gc,phases   ] GC(37)   Evacuate Collection Set: 11.8ms
[2025-12-25T12:20:38.274+0000][gc,phases   ] GC(37)   Post Evacuate Collection Set: 1.2ms
[2025-12-25T12:20:38.274+0000][gc,phases   ] GC(37)   Other: 0.3ms
[2025-12-25T12:20:38.274+0000][gc,heap     ] GC(37) Eden regions: 607->0(608)
[2025-12-25T12:20:38.274+0000][gc,heap     ] GC(37) Survivor regions: 7->6(77)
[2025-12-25T12:20:38.274+0000][gc,heap     ] GC(37) Old regions: 24->24
[2025-12-25T12:20:38.274+0000][gc,heap     ] GC(37) Humongous regions: 131->131
[2025-12-25T12:20:38.274+0000][gc,metaspace] GC(37) Metaspace: 14169K(14528K)->14169K(14528K) NonClass: 12560K(12736K)->12560K(12736K) Class: 1609K(1792K)->1609K(1792K)
[2025-12-25T12:20:38.274+0000][gc          ] GC(37) Pause Young (Normal) (G1 Evacuation Pause) 767M->159M(1024M) 17.099ms
[2025-12-25T12:20:38.274+0000][gc,cpu      ] GC(37) User=0.11s Sys=0.00s Real=0.02s
[2025-12-25T12:21:08.523+0000][gc,start    ] GC(38) Pause Young (Normal) (G1 Evacuation Pause)
[2025-12-25T12:21:08.524+0000][gc,task     ] GC(38) Using 8 workers of 8 for evacuation
[2025-12-25T12:21:08.543+0000][gc,phases   ] GC(38)   Pre Evacuate Collection Set: 1.2ms
[2025-12-25T12:21:08.543+0000][gc,phases   ] GC(38)   Merge Heap Roots: 0.3ms
[2025-12-25T12:21:08.543+0000][gc,phases   ] GC(38)   Evacuate Collection Set: 13.3ms
[2025-12-25T12:21:08.543+0000][gc,phases   ] GC(38)   Post Evacuate Collection Set: 3.4ms
[2025-12-25T12:21:08.543+0000][gc,phases   ] GC(38)   Other: 0.3ms
[2025-12-25T12:21:08.543+0000][gc,heap     ] GC(38) Eden regions: 608->0(606)
[2025-12-25T12:21:08.543+0000][gc,heap     ] GC(38) Survivor regions: 6->8(77)
[2025-12-25T12:21:08.543+0000][gc,heap     ] GC(38) Old regions: 24->24
[2025-12-25T12:21:08.543+0000][gc,heap     ] GC(38) Humongous regions: 131->131
[2025-12-25T12:21:08.543+0000][gc,metaspace] GC(38) Metaspace: 14175K(14528K)->14175K(14528K) NonClass: 12565K(12736K)->12565K(12736K) Class: 1609K(1792K)->1609K(1792K)
[2025-12-25T12:21:08.543+0000][gc          ] GC(38) Pause Young (Normal) (G1 Evacuation Pause) 767M->162M(1024M) 20.562ms
[2025-12-25T12:21:08.543+0000][gc,cpu      ] GC(38) User=0.09s Sys=0.01s Real=0.02s
[2025-12-25T12:21:48.257+0000][gc,start    ] GC(39) Pause Young (Normal) (G1 Evacuation Pause)
[2025-12-25T12:21:48.258+0000][gc,task     ] GC(39) Using 8 workers of 8 for evacuation
[2025-12-25T12:21:48.276+0000][gc,phases   ] GC(39)   Pre Evacuate Collection Set: 2.2ms
[2025-12-25T12:21:48.276+0000][gc,phases   ] GC(39)   Merge Heap Roots: 0.4ms
[2025-12-25T12:21:48.276+0000][gc,phases   ] GC(39)   Evacuate Collection Set: 13.1ms
[2025-12-25T12:21:48.276+0000][gc,phases   ] GC(39)   Post Evacuate Collection Set: 2.1ms
[2025-12-25T12:21:48.276+0000][gc,phases   ] GC(39)   Other: 0.4ms
[2025-12-25T12:21:48.276+0000][gc,heap     ] GC(39) Eden regions: 606->0(607)
[2025-12-25T12:21:48.276+0000][gc,heap     ] GC(39) Survivor regions: 8->7(77)
[2025-12-25T12:21:48.276+0000][gc,heap     ] GC(39) Old regions: 24->24
[2025-12-25T12:21:48.276+0000][gc,heap     ] GC(39) Humongous regions: 131->131
[2025-12-25T12:21:48.276+0000][gc,metaspace] GC(39) Metaspace: 14183K(14528K)->14183K(14528K) NonClass: 12574K(12736K)->12574K(12736K) Class: 1609K(1792K)->1609K(1792K)
[2025-12-25T12:21:48.277+0000][gc          ] GC(39) Pause Young (Normal) (G1 Evacuation Pause) 768M->161M(1024M) 19.490ms
[2025-12-25T12:21:48.277+0000][gc,cpu      ] GC(39) User=0.10s Sys=0.00s Real=0.02s
[2025-12-25T12:22:18.685+0000][gc,start    ] GC(40) Pause Young (Normal) (G1 Evacuation Pause)
[2025-12-25T12:22:18.686+0000][gc,task     ] GC(40) Using 8 workers of 8 for evacuation
[2025-12-25T12:22:18.724+0000][gc,phases   ] GC(40)   Pre Evacuate Collection Set: 2.3ms
[2025-12-25T12:22:18.725+0000][gc,phases   ] GC(40)   Merge Heap Roots: 0.4ms
[2025-12-25T12:22:18.725+0000][gc,phases   ] GC(40)   Evacuate Collection Set: 32.0ms
[2025-12-25T12:22:18.725+0000][gc,phases   ] GC(40)   Post Evacuate Collection Set: 2.9ms
[2025-12-25T12:22:18.725+0000][gc,phases   ] GC(40)   Other: 0.6ms
[2025-12-25T12:22:18.725+0000][gc,heap     ] GC(40) Eden regions: 607->0(605)
[2025-12-25T12:22:18.726+0000][gc,heap     ] GC(40) Survivor regions: 7->9(77)
[2025-12-25T12:22:18.726+0000][gc,heap     ] GC(40) Old regions: 24->24
[2025-12-25T12:22:18.726+0000][gc,heap     ] GC(40) Humongous regions: 131->131
[2025-12-25T12:22:18.726+0000][gc,metaspace] GC(40) Metaspace: 14187K(14528K)->14187K(14528K) NonClass: 12578K(12736K)->12578K(12736K) Class: 1609K(1792K)->1609K(1792K)
[2025-12-25T12:22:18.726+0000][gc          ] GC(40) Pause Young (Normal) (G1 Evacuation Pause) 768M->163M(1024M) 41.149ms
[2025-12-25T12:22:18.726+0000][gc,cpu      ] GC(40) User=0.13s Sys=0.01s Real=0.04s
[2025-12-25T12:22:58.289+0000][gc,start    ] GC(41) Pause Young (Normal) (G1 Evacuation Pause)
[2025-12-25T12:22:58.292+0000][gc,task     ] GC(41) Using 8 workers of 8 for evacuation
[2025-12-25T12:22:58.351+0000][gc,phases   ] GC(41)   Pre Evacuate Collection Set: 2.3ms
[2025-12-25T12:22:58.351+0000][gc,phases   ] GC(41)   Merge Heap Roots: 0.7ms
[2025-12-25T12:22:58.351+0000][gc,phases   ] GC(41)   Evacuate Collection Set: 52.2ms
[2025-12-25T12:22:58.351+0000][gc,phases   ] GC(41)   Post Evacuate Collection Set: 2.4ms
[2025-12-25T12:22:58.351+0000][gc,phases   ] GC(41)   Other: 2.4ms
[2025-12-25T12:22:58.351+0000][gc,heap     ] GC(41) Eden regions: 605->0(606)
[2025-12-25T12:22:58.351+0000][gc,heap     ] GC(41) Survivor regions: 9->8(77)
[2025-12-25T12:22:58.352+0000][gc,heap     ] GC(41) Old regions: 24->25
[2025-12-25T12:22:58.352+0000][gc,heap     ] GC(41) Humongous regions: 131->131
[2025-12-25T12:22:58.352+0000][gc,metaspace] GC(41) Metaspace: 14196K(14528K)->14196K(14528K) NonClass: 12587K(12736K)->12587K(12736K) Class: 1609K(1792K)->1609K(1792K)
[2025-12-25T12:22:58.352+0000][gc          ] GC(41) Pause Young (Normal) (G1 Evacuation Pause) 768M->163M(1024M) 62.784ms
[2025-12-25T12:22:58.352+0000][gc,cpu      ] GC(41) User=0.30s Sys=0.05s Real=0.06s
[2025-12-25T12:23:28.633+0000][gc,start    ] GC(42) Pause Young (Normal) (G1 Evacuation Pause)
[2025-12-25T12:23:28.634+0000][gc,task     ] GC(42) Using 8 workers of 8 for evacuation
[2025-12-25T12:23:28.653+0000][gc,phases   ] GC(42)   Pre Evacuate Collection Set: 1.6ms
[2025-12-25T12:23:28.653+0000][gc,phases   ] GC(42)   Merge Heap Roots: 0.3ms
[2025-12-25T12:23:28.653+0000][gc,phases   ] GC(42)   Evacuate Collection Set: 15.2ms
[2025-12-25T12:23:28.653+0000][gc,phases   ] GC(42)   Post Evacuate Collection Set: 1.4ms
[2025-12-25T12:23:28.653+0000][gc,phases   ] GC(42)   Other: 0.3ms
[2025-12-25T12:23:28.653+0000][gc,heap     ] GC(42) Eden regions: 606->0(604)
[2025-12-25T12:23:28.653+0000][gc,heap     ] GC(42) Survivor regions: 8->10(77)
[2025-12-25T12:23:28.653+0000][gc,heap     ] GC(42) Old regions: 25->25
[2025-12-25T12:23:28.653+0000][gc,heap     ] GC(42) Humongous regions: 131->131
[2025-12-25T12:23:28.653+0000][gc,metaspace] GC(42) Metaspace: 14458K(14912K)->14458K(14912K) NonClass: 12813K(13056K)->12813K(13056K) Class: 1645K(1856K)->1645K(1856K)
[2025-12-25T12:23:28.653+0000][gc          ] GC(42) Pause Young (Normal) (G1 Evacuation Pause) 769M->164M(1024M) 20.160ms
[2025-12-25T12:23:28.653+0000][gc,cpu      ] GC(42) User=0.11s Sys=0.00s Real=0.03s
[2025-12-25T12:24:08.154+0000][gc,start    ] GC(43) Pause Young (Normal) (G1 Evacuation Pause)
[2025-12-25T12:24:08.154+0000][gc,task     ] GC(43) Using 8 workers of 8 for evacuation
[2025-12-25T12:24:08.170+0000][gc,phases   ] GC(43)   Pre Evacuate Collection Set: 1.8ms
[2025-12-25T12:24:08.170+0000][gc,phases   ] GC(43)   Merge Heap Roots: 0.2ms
[2025-12-25T12:24:08.170+0000][gc,phases   ] GC(43)   Evacuate Collection Set: 11.6ms
[2025-12-25T12:24:08.170+0000][gc,phases   ] GC(43)   Post Evacuate Collection Set: 1.5ms
[2025-12-25T12:24:08.170+0000][gc,phases   ] GC(43)   Other: 0.3ms
[2025-12-25T12:24:08.170+0000][gc,heap     ] GC(43) Eden regions: 604->0(608)
[2025-12-25T12:24:08.170+0000][gc,heap     ] GC(43) Survivor regions: 10->6(77)
[2025-12-25T12:24:08.170+0000][gc,heap     ] GC(43) Old regions: 25->25
[2025-12-25T12:24:08.170+0000][gc,heap     ] GC(43) Humongous regions: 131->131
[2025-12-25T12:24:08.170+0000][gc,metaspace] GC(43) Metaspace: 14468K(14912K)->14468K(14912K) NonClass: 12822K(13056K)->12822K(13056K) Class: 1645K(1856K)->1645K(1856K)
[2025-12-25T12:24:08.170+0000][gc          ] GC(43) Pause Young (Normal) (G1 Evacuation Pause) 768M->160M(1024M) 16.722ms
[2025-12-25T12:24:08.170+0000][gc,cpu      ] GC(43) User=0.10s Sys=0.01s Real=0.02s
[2025-12-25T12:24:38.531+0000][gc,start    ] GC(44) Pause Young (Normal) (G1 Evacuation Pause)
[2025-12-25T12:24:38.532+0000][gc,task     ] GC(44) Using 8 workers of 8 for evacuation
[2025-12-25T12:24:38.558+0000][gc,phases   ] GC(44)   Pre Evacuate Collection Set: 1.6ms
[2025-12-25T12:24:38.558+0000][gc,phases   ] GC(44)   Merge Heap Roots: 0.3ms
[2025-12-25T12:24:38.558+0000][gc,phases   ] GC(44)   Evacuate Collection Set: 22.2ms
[2025-12-25T12:24:38.558+0000][gc,phases   ] GC(44)   Post Evacuate Collection Set: 1.7ms
[2025-12-25T12:24:38.558+0000][gc,phases   ] GC(44)   Other: 0.3ms
[2025-12-25T12:24:38.559+0000][gc,heap     ] GC(44) Eden regions: 608->0(607)
[2025-12-25T12:24:38.559+0000][gc,heap     ] GC(44) Survivor regions: 6->7(77)
[2025-12-25T12:24:38.559+0000][gc,heap     ] GC(44) Old regions: 25->25
[2025-12-25T12:24:38.559+0000][gc,heap     ] GC(44) Humongous regions: 131->131
[2025-12-25T12:24:38.559+0000][gc,metaspace] GC(44) Metaspace: 14492K(14912K)->14492K(14912K) NonClass: 12846K(13056K)->12846K(13056K) Class: 1645K(1856K)->1645K(1856K)
[2025-12-25T12:24:38.559+0000][gc          ] GC(44) Pause Young (Normal) (G1 Evacuation Pause) 768M->162M(1024M) 27.616ms
[2025-12-25T12:24:38.559+0000][gc,cpu      ] GC(44) User=0.12s Sys=0.01s Real=0.03s
[2025-12-25T12:25:18.129+0000][gc,start    ] GC(45) Pause Young (Normal) (G1 Evacuation Pause)
[2025-12-25T12:25:18.129+0000][gc,task     ] GC(45) Using 8 workers of 8 for evacuation
[2025-12-25T12:25:18.142+0000][gc,phases   ] GC(45)   Pre Evacuate Collection Set: 1.0ms
[2025-12-25T12:25:18.142+0000][gc,phases   ] GC(45)   Merge Heap Roots: 0.3ms
[2025-12-25T12:25:18.142+0000][gc,phases   ] GC(45)   Evacuate Collection Set: 9.4ms
[2025-12-25T12:25:18.143+0000][gc,phases   ] GC(45)   Post Evacuate Collection Set: 2.0ms
[2025-12-25T12:25:18.143+0000][gc,phases   ] GC(45)   Other: 0.3ms
[2025-12-25T12:25:18.143+0000][gc,heap     ] GC(45) Eden regions: 607->0(608)
[2025-12-25T12:25:18.143+0000][gc,heap     ] GC(45) Survivor regions: 7->6(77)
[2025-12-25T12:25:18.143+0000][gc,heap     ] GC(45) Old regions: 25->26
[2025-12-25T12:25:18.143+0000][gc,heap     ] GC(45) Humongous regions: 131->131
[2025-12-25T12:25:18.143+0000][gc,metaspace] GC(45) Metaspace: 14495K(14912K)->14495K(14912K) NonClass: 12849K(13056K)->12849K(13056K) Class: 1646K(1856K)->1646K(1856K)
[2025-12-25T12:25:18.143+0000][gc          ] GC(45) Pause Young (Normal) (G1 Evacuation Pause) 769M->162M(1024M) 14.211ms
[2025-12-25T12:25:18.143+0000][gc,cpu      ] GC(45) User=0.08s Sys=0.00s Real=0.02s
[2025-12-25T12:25:48.454+0000][gc,start    ] GC(46) Pause Young (Normal) (G1 Evacuation Pause)
[2025-12-25T12:25:48.455+0000][gc,task     ] GC(46) Using 8 workers of 8 for evacuation
[2025-12-25T12:25:48.480+0000][gc,phases   ] GC(46)   Pre Evacuate Collection Set: 2.5ms
[2025-12-25T12:25:48.480+0000][gc,phases   ] GC(46)   Merge Heap Roots: 1.0ms
[2025-12-25T12:25:48.480+0000][gc,phases   ] GC(46)   Evacuate Collection Set: 19.9ms
[2025-12-25T12:25:48.480+0000][gc,phases   ] GC(46)   Post Evacuate Collection Set: 1.2ms
[2025-12-25T12:25:48.480+0000][gc,phases   ] GC(46)   Other: 0.6ms
[2025-12-25T12:25:48.480+0000][gc,heap     ] GC(46) Eden regions: 608->0(606)
[2025-12-25T12:25:48.480+0000][gc,heap     ] GC(46) Survivor regions: 6->8(77)
[2025-12-25T12:25:48.480+0000][gc,heap     ] GC(46) Old regions: 26->26
[2025-12-25T12:25:48.480+0000][gc,heap     ] GC(46) Humongous regions: 131->131
[2025-12-25T12:25:48.480+0000][gc,metaspace] GC(46) Metaspace: 14495K(14912K)->14495K(14912K) NonClass: 12849K(13056K)->12849K(13056K) Class: 1646K(1856K)->1646K(1856K)
[2025-12-25T12:25:48.480+0000][gc          ] GC(46) Pause Young (Normal) (G1 Evacuation Pause) 770M->164M(1024M) 26.329ms
[2025-12-25T12:25:48.481+0000][gc,cpu      ] GC(46) User=0.08s Sys=0.09s Real=0.02s
[2025-12-25T12:26:28.125+0000][gc,start    ] GC(47) Pause Young (Normal) (G1 Evacuation Pause)
[2025-12-25T12:26:28.126+0000][gc,task     ] GC(47) Using 8 workers of 8 for evacuation
[2025-12-25T12:26:28.161+0000][gc,phases   ] GC(47)   Pre Evacuate Collection Set: 1.8ms
[2025-12-25T12:26:28.161+0000][gc,phases   ] GC(47)   Merge Heap Roots: 0.3ms
[2025-12-25T12:26:28.161+0000][gc,phases   ] GC(47)   Evacuate Collection Set: 28.6ms
[2025-12-25T12:26:28.162+0000][gc,phases   ] GC(47)   Post Evacuate Collection Set: 4.1ms
[2025-12-25T12:26:28.162+0000][gc,phases   ] GC(47)   Other: 0.4ms
[2025-12-25T12:26:28.162+0000][gc,heap     ] GC(47) Eden regions: 606->0(607)
[2025-12-25T12:26:28.162+0000][gc,heap     ] GC(47) Survivor regions: 8->7(77)
[2025-12-25T12:26:28.162+0000][gc,heap     ] GC(47) Old regions: 26->26
[2025-12-25T12:26:28.162+0000][gc,heap     ] GC(47) Humongous regions: 131->131
[2025-12-25T12:26:28.162+0000][gc,metaspace] GC(47) Metaspace: 14499K(14912K)->14499K(14912K) NonClass: 12853K(13056K)->12853K(13056K) Class: 1646K(1856K)->1646K(1856K)
[2025-12-25T12:26:28.162+0000][gc          ] GC(47) Pause Young (Normal) (G1 Evacuation Pause) 770M->163M(1024M) 36.569ms
[2025-12-25T12:26:28.162+0000][gc,cpu      ] GC(47) User=0.24s Sys=0.01s Real=0.04s
[2025-12-25T12:26:58.510+0000][gc,start    ] GC(48) Pause Young (Normal) (G1 Evacuation Pause)
[2025-12-25T12:26:58.510+0000][gc,task     ] GC(48) Using 8 workers of 8 for evacuation
[2025-12-25T12:26:58.544+0000][gc,phases   ] GC(48)   Pre Evacuate Collection Set: 2.2ms
[2025-12-25T12:26:58.545+0000][gc,phases   ] GC(48)   Merge Heap Roots: 1.0ms
[2025-12-25T12:26:58.545+0000][gc,phases   ] GC(48)   Evacuate Collection Set: 26.7ms
[2025-12-25T12:26:58.545+0000][gc,phases   ] GC(48)   Post Evacuate Collection Set: 2.9ms
[2025-12-25T12:26:58.545+0000][gc,phases   ] GC(48)   Other: 1.1ms
[2025-12-25T12:26:58.546+0000][gc,heap     ] GC(48) Eden regions: 607->0(605)
[2025-12-25T12:26:58.546+0000][gc,heap     ] GC(48) Survivor regions: 7->9(77)
[2025-12-25T12:26:58.546+0000][gc,heap     ] GC(48) Old regions: 26->26
[2025-12-25T12:26:58.546+0000][gc,heap     ] GC(48) Humongous regions: 131->131
[2025-12-25T12:26:58.547+0000][gc,metaspace] GC(48) Metaspace: 14503K(14912K)->14503K(14912K) NonClass: 12857K(13056K)->12857K(13056K) Class: 1646K(1856K)->1646K(1856K)
[2025-12-25T12:26:58.548+0000][gc          ] GC(48) Pause Young (Normal) (G1 Evacuation Pause) 770M->165M(1024M) 37.903ms
[2025-12-25T12:26:58.548+0000][gc,cpu      ] GC(48) User=0.16s Sys=0.01s Real=0.04s
[2025-12-25T12:27:38.121+0000][gc,start    ] GC(49) Pause Young (Normal) (G1 Evacuation Pause)
[2025-12-25T12:27:38.122+0000][gc,task     ] GC(49) Using 8 workers of 8 for evacuation
[2025-12-25T12:27:38.152+0000][gc,phases   ] GC(49)   Pre Evacuate Collection Set: 1.6ms
[2025-12-25T12:27:38.153+0000][gc,phases   ] GC(49)   Merge Heap Roots: 0.3ms
[2025-12-25T12:27:38.153+0000][gc,phases   ] GC(49)   Evacuate Collection Set: 26.5ms
[2025-12-25T12:27:38.153+0000][gc,phases   ] GC(49)   Post Evacuate Collection Set: 1.9ms
[2025-12-25T12:27:38.153+0000][gc,phases   ] GC(49)   Other: 0.4ms
[2025-12-25T12:27:38.153+0000][gc,heap     ] GC(49) Eden regions: 605->0(606)
[2025-12-25T12:27:38.153+0000][gc,heap     ] GC(49) Survivor regions: 9->8(77)
[2025-12-25T12:27:38.153+0000][gc,heap     ] GC(49) Old regions: 26->27
[2025-12-25T12:27:38.153+0000][gc,heap     ] GC(49) Humongous regions: 131->131
[2025-12-25T12:27:38.153+0000][gc,metaspace] GC(49) Metaspace: 14506K(14912K)->14506K(14912K) NonClass: 12860K(13056K)->12860K(13056K) Class: 1646K(1856K)->1646K(1856K)
[2025-12-25T12:27:38.153+0000][gc          ] GC(49) Pause Young (Normal) (G1 Evacuation Pause) 770M->165M(1024M) 32.737ms
[2025-12-25T12:27:38.153+0000][gc,cpu      ] GC(49) User=0.22s Sys=0.00s Real=0.03s
[2025-12-25T12:28:08.417+0000][gc,start    ] GC(50) Pause Young (Normal) (G1 Evacuation Pause)
[2025-12-25T12:28:08.418+0000][gc,task     ] GC(50) Using 8 workers of 8 for evacuation
[2025-12-25T12:28:08.441+0000][gc,phases   ] GC(50)   Pre Evacuate Collection Set: 3.2ms
[2025-12-25T12:28:08.441+0000][gc,phases   ] GC(50)   Merge Heap Roots: 0.8ms
[2025-12-25T12:28:08.441+0000][gc,phases   ] GC(50)   Evacuate Collection Set: 17.5ms
[2025-12-25T12:28:08.442+0000][gc,phases   ] GC(50)   Post Evacuate Collection Set: 1.6ms
[2025-12-25T12:28:08.442+0000][gc,phases   ] GC(50)   Other: 0.4ms
[2025-12-25T12:28:08.442+0000][gc,heap     ] GC(50) Eden regions: 606->0(608)
[2025-12-25T12:28:08.442+0000][gc,heap     ] GC(50) Survivor regions: 8->6(77)
[2025-12-25T12:28:08.442+0000][gc,heap     ] GC(50) Old regions: 27->27
[2025-12-25T12:28:08.442+0000][gc,heap     ] GC(50) Humongous regions: 131->131
[2025-12-25T12:28:08.442+0000][gc,metaspace] GC(50) Metaspace: 14519K(14912K)->14519K(14912K) NonClass: 12873K(13056K)->12873K(13056K) Class: 1646K(1856K)->1646K(1856K)
[2025-12-25T12:28:08.442+0000][gc          ] GC(50) Pause Young (Normal) (G1 Evacuation Pause) 771M->163M(1024M) 24.638ms
[2025-12-25T12:28:08.442+0000][gc,cpu      ] GC(50) User=0.15s Sys=0.00s Real=0.03s
[2025-12-25T12:28:48.109+0000][gc,start    ] GC(51) Pause Young (Normal) (G1 Evacuation Pause)
[2025-12-25T12:28:48.110+0000][gc,task     ] GC(51) Using 8 workers of 8 for evacuation
[2025-12-25T12:28:48.127+0000][gc,phases   ] GC(51)   Pre Evacuate Collection Set: 2.3ms
[2025-12-25T12:28:48.127+0000][gc,phases   ] GC(51)   Merge Heap Roots: 0.4ms
[2025-12-25T12:28:48.127+0000][gc,phases   ] GC(51)   Evacuate Collection Set: 12.8ms
[2025-12-25T12:28:48.127+0000][gc,phases   ] GC(51)   Post Evacuate Collection Set: 1.3ms
[2025-12-25T12:28:48.127+0000][gc,phases   ] GC(51)   Other: 0.4ms
[2025-12-25T12:28:48.128+0000][gc,heap     ] GC(51) Eden regions: 608->0(609)
[2025-12-25T12:28:48.128+0000][gc,heap     ] GC(51) Survivor regions: 6->5(77)
[2025-12-25T12:28:48.128+0000][gc,heap     ] GC(51) Old regions: 27->27
[2025-12-25T12:28:48.128+0000][gc,heap     ] GC(51) Humongous regions: 131->131
[2025-12-25T12:28:48.128+0000][gc,metaspace] GC(51) Metaspace: 14522K(14976K)->14522K(14976K) NonClass: 12876K(13120K)->12876K(13120K) Class: 1646K(1856K)->1646K(1856K)
[2025-12-25T12:28:48.128+0000][gc          ] GC(51) Pause Young (Normal) (G1 Evacuation Pause) 771M->162M(1024M) 18.597ms
[2025-12-25T12:28:48.128+0000][gc,cpu      ] GC(51) User=0.12s Sys=0.00s Real=0.02s
[2025-12-25T12:29:18.424+0000][gc,start    ] GC(52) Pause Young (Normal) (G1 Evacuation Pause)
[2025-12-25T12:29:18.425+0000][gc,task     ] GC(52) Using 8 workers of 8 for evacuation
[2025-12-25T12:29:18.440+0000][gc,phases   ] GC(52)   Pre Evacuate Collection Set: 1.0ms
[2025-12-25T12:29:18.441+0000][gc,phases   ] GC(52)   Merge Heap Roots: 0.3ms
[2025-12-25T12:29:18.441+0000][gc,phases   ] GC(52)   Evacuate Collection Set: 11.5ms
[2025-12-25T12:29:18.441+0000][gc,phases   ] GC(52)   Post Evacuate Collection Set: 2.5ms
[2025-12-25T12:29:18.441+0000][gc,phases   ] GC(52)   Other: 0.3ms
[2025-12-25T12:29:18.441+0000][gc,heap     ] GC(52) Eden regions: 609->0(607)
[2025-12-25T12:29:18.441+0000][gc,heap     ] GC(52) Survivor regions: 5->7(77)
[2025-12-25T12:29:18.441+0000][gc,heap     ] GC(52) Old regions: 27->27
[2025-12-25T12:29:18.441+0000][gc,heap     ] GC(52) Humongous regions: 131->131
[2025-12-25T12:29:18.442+0000][gc,metaspace] GC(52) Metaspace: 14528K(14976K)->14528K(14976K) NonClass: 12882K(13120K)->12882K(13120K) Class: 1646K(1856K)->1646K(1856K)
[2025-12-25T12:29:18.442+0000][gc          ] GC(52) Pause Young (Normal) (G1 Evacuation Pause) 771M->164M(1024M) 18.024ms
[2025-12-25T12:29:18.442+0000][gc,cpu      ] GC(52) User=0.09s Sys=0.00s Real=0.02s
[2025-12-25T12:29:58.096+0000][gc,start    ] GC(53) Pause Young (Normal) (G1 Evacuation Pause)
[2025-12-25T12:29:58.097+0000][gc,task     ] GC(53) Using 8 workers of 8 for evacuation
[2025-12-25T12:29:58.127+0000][gc,phases   ] GC(53)   Pre Evacuate Collection Set: 2.2ms
[2025-12-25T12:29:58.128+0000][gc,phases   ] GC(53)   Merge Heap Roots: 0.8ms
[2025-12-25T12:29:58.128+0000][gc,phases   ] GC(53)   Evacuate Collection Set: 23.5ms
[2025-12-25T12:29:58.128+0000][gc,phases   ] GC(53)   Post Evacuate Collection Set: 3.1ms
[2025-12-25T12:29:58.128+0000][gc,phases   ] GC(53)   Other: 0.6ms
[2025-12-25T12:29:58.128+0000][gc,heap     ] GC(53) Eden regions: 607->0(607)
[2025-12-25T12:29:58.128+0000][gc,heap     ] GC(53) Survivor regions: 7->7(77)
[2025-12-25T12:29:58.128+0000][gc,heap     ] GC(53) Old regions: 27->28
[2025-12-25T12:29:58.128+0000][gc,heap     ] GC(53) Humongous regions: 131->131
[2025-12-25T12:29:58.128+0000][gc,metaspace] GC(53) Metaspace: 14535K(14976K)->14535K(14976K) NonClass: 12889K(13120K)->12889K(13120K) Class: 1646K(1856K)->1646K(1856K)
[2025-12-25T12:29:58.129+0000][gc          ] GC(53) Pause Young (Normal) (G1 Evacuation Pause) 771M->164M(1024M) 32.289ms
[2025-12-25T12:29:58.129+0000][gc,cpu      ] GC(53) User=0.19s Sys=0.01s Real=0.03s
[2025-12-25T12:30:28.949+0000][gc,start    ] GC(54) Pause Young (Normal) (G1 Evacuation Pause)
[2025-12-25T12:30:28.950+0000][gc,task     ] GC(54) Using 8 workers of 8 for evacuation
[2025-12-25T12:30:28.975+0000][gc,phases   ] GC(54)   Pre Evacuate Collection Set: 2.0ms
[2025-12-25T12:30:28.976+0000][gc,phases   ] GC(54)   Merge Heap Roots: 0.4ms
[2025-12-25T12:30:28.976+0000][gc,phases   ] GC(54)   Evacuate Collection Set: 21.6ms
[2025-12-25T12:30:28.976+0000][gc,phases   ] GC(54)   Post Evacuate Collection Set: 1.4ms
[2025-12-25T12:30:28.976+0000][gc,phases   ] GC(54)   Other: 0.3ms
[2025-12-25T12:30:28.976+0000][gc,heap     ] GC(54) Eden regions: 607->0(606)
[2025-12-25T12:30:28.976+0000][gc,heap     ] GC(54) Survivor regions: 7->8(77)
[2025-12-25T12:30:28.976+0000][gc,heap     ] GC(54) Old regions: 28->28
[2025-12-25T12:30:28.976+0000][gc,heap     ] GC(54) Humongous regions: 131->131
[2025-12-25T12:30:28.976+0000][gc,metaspace] GC(54) Metaspace: 14539K(14976K)->14539K(14976K) NonClass: 12893K(13120K)->12893K(13120K) Class: 1646K(1856K)->1646K(1856K)
[2025-12-25T12:30:28.976+0000][gc          ] GC(54) Pause Young (Normal) (G1 Evacuation Pause) 771M->166M(1024M) 27.114ms
[2025-12-25T12:30:28.976+0000][gc,cpu      ] GC(54) User=0.13s Sys=0.01s Real=0.02s
[2025-12-25T12:31:02.656+0000][gc,start    ] GC(55) Pause Young (Normal) (G1 Evacuation Pause)
[2025-12-25T12:31:02.657+0000][gc,task     ] GC(55) Using 8 workers of 8 for evacuation
[2025-12-25T12:31:02.693+0000][gc,phases   ] GC(55)   Pre Evacuate Collection Set: 7.7ms
[2025-12-25T12:31:02.693+0000][gc,phases   ] GC(55)   Merge Heap Roots: 2.4ms
[2025-12-25T12:31:02.693+0000][gc,phases   ] GC(55)   Evacuate Collection Set: 22.4ms
[2025-12-25T12:31:02.693+0000][gc,phases   ] GC(55)   Post Evacuate Collection Set: 2.0ms
[2025-12-25T12:31:02.693+0000][gc,phases   ] GC(55)   Other: 0.9ms
[2025-12-25T12:31:02.693+0000][gc,heap     ] GC(55) Eden regions: 606->0(606)
[2025-12-25T12:31:02.693+0000][gc,heap     ] GC(55) Survivor regions: 8->8(77)
[2025-12-25T12:31:02.693+0000][gc,heap     ] GC(55) Old regions: 28->28
[2025-12-25T12:31:02.693+0000][gc,heap     ] GC(55) Humongous regions: 131->131
[2025-12-25T12:31:02.694+0000][gc,metaspace] GC(55) Metaspace: 14539K(14976K)->14539K(14976K) NonClass: 12893K(13120K)->12893K(13120K) Class: 1646K(1856K)->1646K(1856K)
[2025-12-25T12:31:02.694+0000][gc          ] GC(55) Pause Young (Normal) (G1 Evacuation Pause) 772M->165M(1024M) 37.345ms
[2025-12-25T12:31:02.694+0000][gc,cpu      ] GC(55) User=0.23s Sys=0.00s Real=0.04s
[2025-12-25T12:31:38.375+0000][gc,start    ] GC(56) Pause Young (Normal) (G1 Evacuation Pause)
[2025-12-25T12:31:38.376+0000][gc,task     ] GC(56) Using 8 workers of 8 for evacuation
[2025-12-25T12:31:38.397+0000][gc,phases   ] GC(56)   Pre Evacuate Collection Set: 2.8ms
[2025-12-25T12:31:38.397+0000][gc,phases   ] GC(56)   Merge Heap Roots: 0.6ms
[2025-12-25T12:31:38.397+0000][gc,phases   ] GC(56)   Evacuate Collection Set: 14.3ms
[2025-12-25T12:31:38.397+0000][gc,phases   ] GC(56)   Post Evacuate Collection Set: 2.4ms
[2025-12-25T12:31:38.397+0000][gc,phases   ] GC(56)   Other: 0.8ms
[2025-12-25T12:31:38.397+0000][gc,heap     ] GC(56) Eden regions: 606->0(604)
[2025-12-25T12:31:38.397+0000][gc,heap     ] GC(56) Survivor regions: 8->10(77)
[2025-12-25T12:31:38.397+0000][gc,heap     ] GC(56) Old regions: 28->28
[2025-12-25T12:31:38.397+0000][gc,heap     ] GC(56) Humongous regions: 131->131
[2025-12-25T12:31:38.397+0000][gc,metaspace] GC(56) Metaspace: 14541K(14976K)->14541K(14976K) NonClass: 12895K(13120K)->12895K(13120K) Class: 1646K(1856K)->1646K(1856K)
[2025-12-25T12:31:38.398+0000][gc          ] GC(56) Pause Young (Normal) (G1 Evacuation Pause) 771M->168M(1024M) 22.842ms
[2025-12-25T12:31:38.398+0000][gc,cpu      ] GC(56) User=0.12s Sys=0.00s Real=0.02s
[2025-12-25T12:32:08.676+0000][gc,start    ] GC(57) Pause Young (Normal) (G1 Evacuation Pause)
[2025-12-25T12:32:08.677+0000][gc,task     ] GC(57) Using 8 workers of 8 for evacuation
[2025-12-25T12:32:08.688+0000][gc,phases   ] GC(57)   Pre Evacuate Collection Set: 1.5ms
[2025-12-25T12:32:08.688+0000][gc,phases   ] GC(57)   Merge Heap Roots: 0.3ms
[2025-12-25T12:32:08.688+0000][gc,phases   ] GC(57)   Evacuate Collection Set: 8.0ms
[2025-12-25T12:32:08.688+0000][gc,phases   ] GC(57)   Post Evacuate Collection Set: 1.2ms
[2025-12-25T12:32:08.688+0000][gc,phases   ] GC(57)   Other: 0.2ms
[2025-12-25T12:32:08.688+0000][gc,heap     ] GC(57) Eden regions: 604->0(607)
[2025-12-25T12:32:08.689+0000][gc,heap     ] GC(57) Survivor regions: 10->7(77)
[2025-12-25T12:32:08.689+0000][gc,heap     ] GC(57) Old regions: 28->29
[2025-12-25T12:32:08.689+0000][gc,heap     ] GC(57) Humongous regions: 131->131
[2025-12-25T12:32:08.689+0000][gc,metaspace] GC(57) Metaspace: 14547K(14976K)->14547K(14976K) NonClass: 12901K(13120K)->12901K(13120K) Class: 1646K(1856K)->1646K(1856K)
[2025-12-25T12:32:08.689+0000][gc          ] GC(57) Pause Young (Normal) (G1 Evacuation Pause) 772M->165M(1024M) 12.901ms
[2025-12-25T12:32:08.689+0000][gc,cpu      ] GC(57) User=0.06s Sys=0.00s Real=0.02s
[2025-12-25T12:32:48.339+0000][gc,start    ] GC(58) Pause Young (Normal) (G1 Evacuation Pause)
[2025-12-25T12:32:48.339+0000][gc,task     ] GC(58) Using 8 workers of 8 for evacuation
[2025-12-25T12:32:48.362+0000][gc,phases   ] GC(58)   Pre Evacuate Collection Set: 1.4ms
[2025-12-25T12:32:48.362+0000][gc,phases   ] GC(58)   Merge Heap Roots: 0.3ms
[2025-12-25T12:32:48.362+0000][gc,phases   ] GC(58)   Evacuate Collection Set: 19.2ms
[2025-12-25T12:32:48.362+0000][gc,phases   ] GC(58)   Post Evacuate Collection Set: 1.5ms
[2025-12-25T12:32:48.362+0000][gc,phases   ] GC(58)   Other: 0.2ms
[2025-12-25T12:32:48.362+0000][gc,heap     ] GC(58) Eden regions: 607->0(608)
[2025-12-25T12:32:48.362+0000][gc,heap     ] GC(58) Survivor regions: 7->6(77)
[2025-12-25T12:32:48.362+0000][gc,heap     ] GC(58) Old regions: 29->29
[2025-12-25T12:32:48.362+0000][gc,heap     ] GC(58) Humongous regions: 131->131
[2025-12-25T12:32:48.363+0000][gc,metaspace] GC(58) Metaspace: 14549K(14976K)->14549K(14976K) NonClass: 12903K(13120K)->12903K(13120K) Class: 1646K(1856K)->1646K(1856K)
[2025-12-25T12:32:48.364+0000][gc          ] GC(58) Pause Young (Normal) (G1 Evacuation Pause) 772M->165M(1024M) 25.175ms
[2025-12-25T12:32:48.364+0000][gc,cpu      ] GC(58) User=0.14s Sys=0.00s Real=0.02s
[2025-12-25T12:33:18.677+0000][gc,start    ] GC(59) Pause Young (Normal) (G1 Evacuation Pause)
[2025-12-25T12:33:18.679+0000][gc,task     ] GC(59) Using 8 workers of 8 for evacuation
[2025-12-25T12:33:18.704+0000][gc,phases   ] GC(59)   Pre Evacuate Collection Set: 1.7ms
[2025-12-25T12:33:18.705+0000][gc,phases   ] GC(59)   Merge Heap Roots: 0.4ms
[2025-12-25T12:33:18.705+0000][gc,phases   ] GC(59)   Evacuate Collection Set: 21.8ms
[2025-12-25T12:33:18.705+0000][gc,phases   ] GC(59)   Post Evacuate Collection Set: 1.4ms
[2025-12-25T12:33:18.705+0000][gc,phases   ] GC(59)   Other: 0.3ms
[2025-12-25T12:33:18.705+0000][gc,heap     ] GC(59) Eden regions: 608->0(606)
[2025-12-25T12:33:18.705+0000][gc,heap     ] GC(59) Survivor regions: 6->8(77)
[2025-12-25T12:33:18.705+0000][gc,heap     ] GC(59) Old regions: 29->29
[2025-12-25T12:33:18.705+0000][gc,heap     ] GC(59) Humongous regions: 131->131
[2025-12-25T12:33:18.705+0000][gc,metaspace] GC(59) Metaspace: 14556K(14976K)->14556K(14976K) NonClass: 12910K(13120K)->12910K(13120K) Class: 1646K(1856K)->1646K(1856K)
[2025-12-25T12:33:18.705+0000][gc          ] GC(59) Pause Young (Normal) (G1 Evacuation Pause) 773M->166M(1024M) 28.427ms
[2025-12-25T12:33:18.705+0000][gc,cpu      ] GC(59) User=0.12s Sys=0.00s Real=0.03s
[2025-12-25T12:33:58.424+0000][gc,start    ] GC(60) Pause Young (Normal) (G1 Evacuation Pause)
[2025-12-25T12:33:58.425+0000][gc,task     ] GC(60) Using 8 workers of 8 for evacuation
[2025-12-25T12:33:58.441+0000][gc,phases   ] GC(60)   Pre Evacuate Collection Set: 1.7ms
[2025-12-25T12:33:58.441+0000][gc,phases   ] GC(60)   Merge Heap Roots: 0.3ms
[2025-12-25T12:33:58.441+0000][gc,phases   ] GC(60)   Evacuate Collection Set: 11.6ms
[2025-12-25T12:33:58.441+0000][gc,phases   ] GC(60)   Post Evacuate Collection Set: 1.8ms
[2025-12-25T12:33:58.441+0000][gc,phases   ] GC(60)   Other: 0.2ms
[2025-12-25T12:33:58.441+0000][gc,heap     ] GC(60) Eden regions: 606->0(607)
[2025-12-25T12:33:58.441+0000][gc,heap     ] GC(60) Survivor regions: 8->7(77)
[2025-12-25T12:33:58.441+0000][gc,heap     ] GC(60) Old regions: 29->29
[2025-12-25T12:33:58.441+0000][gc,heap     ] GC(60) Humongous regions: 131->131
[2025-12-25T12:33:58.441+0000][gc,metaspace] GC(60) Metaspace: 14602K(15040K)->14602K(15040K) NonClass: 12956K(13184K)->12956K(13184K) Class: 1646K(1856K)->1646K(1856K)
[2025-12-25T12:33:58.442+0000][gc          ] GC(60) Pause Young (Normal) (G1 Evacuation Pause) 772M->166M(1024M) 17.340ms
[2025-12-25T12:33:58.442+0000][gc,cpu      ] GC(60) User=0.09s Sys=0.00s Real=0.01s
[2025-12-25T12:46:50.357+0000][gc,start    ] GC(61) Pause Young (Normal) (G1 Evacuation Pause)
[2025-12-25T12:46:50.358+0000][gc,task     ] GC(61) Using 8 workers of 8 for evacuation
[2025-12-25T12:46:50.379+0000][gc,phases   ] GC(61)   Pre Evacuate Collection Set: 1.8ms
[2025-12-25T12:46:50.379+0000][gc,phases   ] GC(61)   Merge Heap Roots: 0.5ms
[2025-12-25T12:46:50.379+0000][gc,phases   ] GC(61)   Evacuate Collection Set: 17.0ms
[2025-12-25T12:46:50.379+0000][gc,phases   ] GC(61)   Post Evacuate Collection Set: 1.3ms
[2025-12-25T12:46:50.379+0000][gc,phases   ] GC(61)   Other: 0.2ms
[2025-12-25T12:46:50.379+0000][gc,heap     ] GC(61) Eden regions: 607->0(605)
[2025-12-25T12:46:50.379+0000][gc,heap     ] GC(61) Survivor regions: 7->9(77)
[2025-12-25T12:46:50.379+0000][gc,heap     ] GC(61) Old regions: 29->30
[2025-12-25T12:46:50.379+0000][gc,heap     ] GC(61) Humongous regions: 133->133
[2025-12-25T12:46:50.379+0000][gc,metaspace] GC(61) Metaspace: 14648K(15040K)->14648K(15040K) NonClass: 12998K(13184K)->12998K(13184K) Class: 1649K(1856K)->1649K(1856K)
[2025-12-25T12:46:50.380+0000][gc          ] GC(61) Pause Young (Normal) (G1 Evacuation Pause) 775M->170M(1024M) 22.105ms
[2025-12-25T12:46:50.380+0000][gc,cpu      ] GC(61) User=0.11s Sys=0.00s Real=0.03s
[2025-12-25T12:47:29.940+0000][gc,start    ] GC(62) Pause Young (Normal) (G1 Evacuation Pause)
[2025-12-25T12:47:29.941+0000][gc,task     ] GC(62) Using 8 workers of 8 for evacuation
[2025-12-25T12:47:29.953+0000][gc,phases   ] GC(62)   Pre Evacuate Collection Set: 1.1ms
[2025-12-25T12:47:29.953+0000][gc,phases   ] GC(62)   Merge Heap Roots: 0.3ms
[2025-12-25T12:47:29.953+0000][gc,phases   ] GC(62)   Evacuate Collection Set: 9.1ms
[2025-12-25T12:47:29.953+0000][gc,phases   ] GC(62)   Post Evacuate Collection Set: 1.2ms
[2025-12-25T12:47:29.953+0000][gc,phases   ] GC(62)   Other: 0.2ms
[2025-12-25T12:47:29.953+0000][gc,heap     ] GC(62) Eden regions: 605->0(606)
[2025-12-25T12:47:29.953+0000][gc,heap     ] GC(62) Survivor regions: 9->8(77)
[2025-12-25T12:47:29.953+0000][gc,heap     ] GC(62) Old regions: 30->30
[2025-12-25T12:47:29.953+0000][gc,heap     ] GC(62) Humongous regions: 133->133
[2025-12-25T12:47:29.953+0000][gc,metaspace] GC(62) Metaspace: 14648K(15040K)->14648K(15040K) NonClass: 12998K(13184K)->12998K(13184K) Class: 1649K(1856K)->1649K(1856K)
[2025-12-25T12:47:29.953+0000][gc          ] GC(62) Pause Young (Normal) (G1 Evacuation Pause) 775M->170M(1024M) 13.139ms
[2025-12-25T12:47:29.953+0000][gc,cpu      ] GC(62) User=0.08s Sys=0.00s Real=0.01s
[2025-12-25T12:48:00.183+0000][gc,start    ] GC(63) Pause Young (Normal) (G1 Evacuation Pause)
[2025-12-25T12:48:00.185+0000][gc,task     ] GC(63) Using 8 workers of 8 for evacuation
[2025-12-25T12:48:00.207+0000][gc,phases   ] GC(63)   Pre Evacuate Collection Set: 4.3ms
[2025-12-25T12:48:00.207+0000][gc,phases   ] GC(63)   Merge Heap Roots: 1.1ms
[2025-12-25T12:48:00.208+0000][gc,phases   ] GC(63)   Evacuate Collection Set: 14.9ms
[2025-12-25T12:48:00.208+0000][gc,phases   ] GC(63)   Post Evacuate Collection Set: 2.0ms
[2025-12-25T12:48:00.208+0000][gc,phases   ] GC(63)   Other: 0.4ms
[2025-12-25T12:48:00.208+0000][gc,heap     ] GC(63) Eden regions: 606->0(604)
[2025-12-25T12:48:00.208+0000][gc,heap     ] GC(63) Survivor regions: 8->10(77)
[2025-12-25T12:48:00.208+0000][gc,heap     ] GC(63) Old regions: 30->30
[2025-12-25T12:48:00.208+0000][gc,heap     ] GC(63) Humongous regions: 133->133
[2025-12-25T12:48:00.208+0000][gc,metaspace] GC(63) Metaspace: 14650K(15040K)->14650K(15040K) NonClass: 13001K(13184K)->13001K(13184K) Class: 1649K(1856K)->1649K(1856K)
[2025-12-25T12:48:00.208+0000][gc          ] GC(63) Pause Young (Normal) (G1 Evacuation Pause) 776M->172M(1024M) 24.574ms
[2025-12-25T12:48:00.208+0000][gc,cpu      ] GC(63) User=0.13s Sys=0.00s Real=0.02s
[2025-12-25T12:48:39.911+0000][gc,start    ] GC(64) Pause Young (Normal) (G1 Evacuation Pause)
[2025-12-25T12:48:39.911+0000][gc,task     ] GC(64) Using 8 workers of 8 for evacuation
[2025-12-25T12:48:39.923+0000][gc,phases   ] GC(64)   Pre Evacuate Collection Set: 1.4ms
[2025-12-25T12:48:39.923+0000][gc,phases   ] GC(64)   Merge Heap Roots: 0.5ms
[2025-12-25T12:48:39.923+0000][gc,phases   ] GC(64)   Evacuate Collection Set: 8.2ms
[2025-12-25T12:48:39.923+0000][gc,phases   ] GC(64)   Post Evacuate Collection Set: 1.5ms
[2025-12-25T12:48:39.923+0000][gc,phases   ] GC(64)   Other: 0.2ms
[2025-12-25T12:48:39.923+0000][gc,heap     ] GC(64) Eden regions: 604->0(608)
[2025-12-25T12:48:39.923+0000][gc,heap     ] GC(64) Survivor regions: 10->6(77)
[2025-12-25T12:48:39.923+0000][gc,heap     ] GC(64) Old regions: 30->30
[2025-12-25T12:48:39.923+0000][gc,heap     ] GC(64) Humongous regions: 133->133
[2025-12-25T12:48:39.923+0000][gc,metaspace] GC(64) Metaspace: 14682K(15104K)->14682K(15104K) NonClass: 13032K(13248K)->13032K(13248K) Class: 1649K(1856K)->1649K(1856K)
[2025-12-25T12:48:39.923+0000][gc          ] GC(64) Pause Young (Normal) (G1 Evacuation Pause) 776M->168M(1024M) 12.805ms
[2025-12-25T12:48:39.924+0000][gc,cpu      ] GC(64) User=0.07s Sys=0.01s Real=0.01s
[2025-12-25T12:49:10.718+0000][gc,start    ] GC(65) Pause Young (Normal) (G1 Evacuation Pause)
[2025-12-25T12:49:10.720+0000][gc,task     ] GC(65) Using 8 workers of 8 for evacuation
[2025-12-25T12:49:10.767+0000][gc,phases   ] GC(65)   Pre Evacuate Collection Set: 7.3ms
[2025-12-25T12:49:10.767+0000][gc,phases   ] GC(65)   Merge Heap Roots: 0.5ms
[2025-12-25T12:49:10.767+0000][gc,phases   ] GC(65)   Evacuate Collection Set: 34.4ms
[2025-12-25T12:49:10.767+0000][gc,phases   ] GC(65)   Post Evacuate Collection Set: 4.0ms
[2025-12-25T12:49:10.768+0000][gc,phases   ] GC(65)   Other: 0.8ms
[2025-12-25T12:49:10.768+0000][gc,heap     ] GC(65) Eden regions: 608->0(607)
[2025-12-25T12:49:10.768+0000][gc,heap     ] GC(65) Survivor regions: 6->7(77)
[2025-12-25T12:49:10.769+0000][gc,heap     ] GC(65) Old regions: 30->30
[2025-12-25T12:49:10.772+0000][gc,heap     ] GC(65) Humongous regions: 133->133
[2025-12-25T12:49:10.776+0000][gc,metaspace] GC(65) Metaspace: 14682K(15104K)->14682K(15104K) NonClass: 13033K(13248K)->13033K(13248K) Class: 1649K(1856K)->1649K(1856K)
[2025-12-25T12:49:10.778+0000][gc          ] GC(65) Pause Young (Normal) (G1 Evacuation Pause) 776M->169M(1024M) 60.564ms
[2025-12-25T12:49:10.779+0000][gc,cpu      ] GC(65) User=0.19s Sys=0.02s Real=0.06s
[2025-12-25T12:49:49.882+0000][gc,start    ] GC(66) Pause Young (Normal) (G1 Evacuation Pause)
[2025-12-25T12:49:49.882+0000][gc,task     ] GC(66) Using 8 workers of 8 for evacuation
[2025-12-25T12:49:49.901+0000][gc,phases   ] GC(66)   Pre Evacuate Collection Set: 1.6ms
[2025-12-25T12:49:49.901+0000][gc,phases   ] GC(66)   Merge Heap Roots: 0.3ms
[2025-12-25T12:49:49.901+0000][gc,phases   ] GC(66)   Evacuate Collection Set: 14.8ms
[2025-12-25T12:49:49.901+0000][gc,phases   ] GC(66)   Post Evacuate Collection Set: 1.2ms
[2025-12-25T12:49:49.901+0000][gc,phases   ] GC(66)   Other: 0.5ms
[2025-12-25T12:49:49.901+0000][gc,heap     ] GC(66) Eden regions: 607->0(608)
[2025-12-25T12:49:49.901+0000][gc,heap     ] GC(66) Survivor regions: 7->6(77)
[2025-12-25T12:49:49.901+0000][gc,heap     ] GC(66) Old regions: 30->31
[2025-12-25T12:49:49.901+0000][gc,heap     ] GC(66) Humongous regions: 133->133
[2025-12-25T12:49:49.901+0000][gc,metaspace] GC(66) Metaspace: 14688K(15104K)->14688K(15104K) NonClass: 13038K(13248K)->13038K(13248K) Class: 1649K(1856K)->1649K(1856K)
[2025-12-25T12:49:49.901+0000][gc          ] GC(66) Pause Young (Normal) (G1 Evacuation Pause) 776M->169M(1024M) 19.554ms
[2025-12-25T12:49:49.902+0000][gc,cpu      ] GC(66) User=0.12s Sys=0.00s Real=0.02s
[2025-12-25T12:50:20.211+0000][gc,start    ] GC(67) Pause Young (Normal) (G1 Evacuation Pause)
[2025-12-25T12:50:20.212+0000][gc,task     ] GC(67) Using 8 workers of 8 for evacuation
[2025-12-25T12:50:20.237+0000][gc,phases   ] GC(67)   Pre Evacuate Collection Set: 1.8ms
[2025-12-25T12:50:20.237+0000][gc,phases   ] GC(67)   Merge Heap Roots: 0.6ms
[2025-12-25T12:50:20.237+0000][gc,phases   ] GC(67)   Evacuate Collection Set: 20.9ms
[2025-12-25T12:50:20.237+0000][gc,phases   ] GC(67)   Post Evacuate Collection Set: 1.8ms
[2025-12-25T12:50:20.237+0000][gc,phases   ] GC(67)   Other: 0.2ms
[2025-12-25T12:50:20.238+0000][gc,heap     ] GC(67) Eden regions: 608->0(606)
[2025-12-25T12:50:20.238+0000][gc,heap     ] GC(67) Survivor regions: 6->8(77)
[2025-12-25T12:50:20.238+0000][gc,heap     ] GC(67) Old regions: 31->31
[2025-12-25T12:50:20.238+0000][gc,heap     ] GC(67) Humongous regions: 133->133
[2025-12-25T12:50:20.238+0000][gc,metaspace] GC(67) Metaspace: 14689K(15104K)->14689K(15104K) NonClass: 13039K(13248K)->13039K(13248K) Class: 1649K(1856K)->1649K(1856K)
[2025-12-25T12:50:20.238+0000][gc          ] GC(67) Pause Young (Normal) (G1 Evacuation Pause) 777M->171M(1024M) 26.505ms
[2025-12-25T12:50:20.238+0000][gc,cpu      ] GC(67) User=0.15s Sys=0.01s Real=0.03s
[2025-12-25T12:50:59.852+0000][gc,start    ] GC(68) Pause Young (Normal) (G1 Evacuation Pause)
[2025-12-25T12:50:59.852+0000][gc,task     ] GC(68) Using 8 workers of 8 for evacuation
[2025-12-25T12:50:59.873+0000][gc,phases   ] GC(68)   Pre Evacuate Collection Set: 1.3ms
[2025-12-25T12:50:59.874+0000][gc,phases   ] GC(68)   Merge Heap Roots: 0.3ms
[2025-12-25T12:50:59.874+0000][gc,phases   ] GC(68)   Evacuate Collection Set: 17.4ms
[2025-12-25T12:50:59.874+0000][gc,phases   ] GC(68)   Post Evacuate Collection Set: 1.7ms
[2025-12-25T12:50:59.874+0000][gc,phases   ] GC(68)   Other: 0.2ms
[2025-12-25T12:50:59.874+0000][gc,heap     ] GC(68) Eden regions: 606->0(606)
[2025-12-25T12:50:59.874+0000][gc,heap     ] GC(68) Survivor regions: 8->8(77)
[2025-12-25T12:50:59.874+0000][gc,heap     ] GC(68) Old regions: 31->31
[2025-12-25T12:50:59.874+0000][gc,heap     ] GC(68) Humongous regions: 133->133
[2025-12-25T12:50:59.874+0000][gc,metaspace] GC(68) Metaspace: 14701K(15104K)->14701K(15104K) NonClass: 13052K(13248K)->13052K(13248K) Class: 1649K(1856K)->1649K(1856K)
[2025-12-25T12:50:59.874+0000][gc          ] GC(68) Pause Young (Normal) (G1 Evacuation Pause) 777M->170M(1024M) 22.207ms
[2025-12-25T12:50:59.874+0000][gc,cpu      ] GC(68) User=0.11s Sys=0.01s Real=0.02s
[2025-12-25T12:51:30.222+0000][gc,start    ] GC(69) Pause Young (Normal) (G1 Evacuation Pause)
[2025-12-25T12:51:30.222+0000][gc,task     ] GC(69) Using 8 workers of 8 for evacuation
[2025-12-25T12:51:30.276+0000][gc,phases   ] GC(69)   Pre Evacuate Collection Set: 1.3ms
[2025-12-25T12:51:30.276+0000][gc,phases   ] GC(69)   Merge Heap Roots: 1.4ms
[2025-12-25T12:51:30.276+0000][gc,phases   ] GC(69)   Evacuate Collection Set: 45.6ms
[2025-12-25T12:51:30.276+0000][gc,phases   ] GC(69)   Post Evacuate Collection Set: 4.6ms
[2025-12-25T12:51:30.276+0000][gc,phases   ] GC(69)   Other: 0.2ms
[2025-12-25T12:51:30.276+0000][gc,heap     ] GC(69) Eden regions: 606->0(605)
[2025-12-25T12:51:30.276+0000][gc,heap     ] GC(69) Survivor regions: 8->9(77)
[2025-12-25T12:51:30.276+0000][gc,heap     ] GC(69) Old regions: 31->31
[2025-12-25T12:51:30.277+0000][gc,heap     ] GC(69) Humongous regions: 133->133
[2025-12-25T12:51:30.277+0000][gc,metaspace] GC(69) Metaspace: 14701K(15104K)->14701K(15104K) NonClass: 13052K(13248K)->13052K(13248K) Class: 1649K(1856K)->1649K(1856K)
[2025-12-25T12:51:30.277+0000][gc          ] GC(69) Pause Young (Normal) (G1 Evacuation Pause) 776M->172M(1024M) 54.898ms
[2025-12-25T12:51:30.277+0000][gc,cpu      ] GC(69) User=0.32s Sys=0.02s Real=0.06s
[2025-12-25T12:52:09.855+0000][gc,start    ] GC(70) Pause Young (Normal) (G1 Evacuation Pause)
[2025-12-25T12:52:09.857+0000][gc,task     ] GC(70) Using 8 workers of 8 for evacuation
[2025-12-25T12:52:09.889+0000][gc,phases   ] GC(70)   Pre Evacuate Collection Set: 5.7ms
[2025-12-25T12:52:09.889+0000][gc,phases   ] GC(70)   Merge Heap Roots: 1.1ms
[2025-12-25T12:52:09.889+0000][gc,phases   ] GC(70)   Evacuate Collection Set: 21.6ms
[2025-12-25T12:52:09.889+0000][gc,phases   ] GC(70)   Post Evacuate Collection Set: 2.2ms
[2025-12-25T12:52:09.889+0000][gc,phases   ] GC(70)   Other: 1.0ms
[2025-12-25T12:52:09.889+0000][gc,heap     ] GC(70) Eden regions: 605->0(606)
[2025-12-25T12:52:09.889+0000][gc,heap     ] GC(70) Survivor regions: 9->8(77)
[2025-12-25T12:52:09.889+0000][gc,heap     ] GC(70) Old regions: 31->32
[2025-12-25T12:52:09.889+0000][gc,heap     ] GC(70) Humongous regions: 133->133
[2025-12-25T12:52:09.890+0000][gc,metaspace] GC(70) Metaspace: 14701K(15104K)->14701K(15104K) NonClass: 13052K(13248K)->13052K(13248K) Class: 1649K(1856K)->1649K(1856K)
[2025-12-25T12:52:09.890+0000][gc          ] GC(70) Pause Young (Normal) (G1 Evacuation Pause) 777M->172M(1024M) 34.191ms
[2025-12-25T12:52:09.890+0000][gc,cpu      ] GC(70) User=0.18s Sys=0.01s Real=0.04s
[2025-12-25T12:52:40.128+0000][gc,start    ] GC(71) Pause Young (Normal) (G1 Evacuation Pause)
[2025-12-25T12:52:40.128+0000][gc,task     ] GC(71) Using 8 workers of 8 for evacuation
[2025-12-25T12:52:40.139+0000][gc,phases   ] GC(71)   Pre Evacuate Collection Set: 1.4ms
[2025-12-25T12:52:40.140+0000][gc,phases   ] GC(71)   Merge Heap Roots: 0.2ms
[2025-12-25T12:52:40.140+0000][gc,phases   ] GC(71)   Evacuate Collection Set: 7.7ms
[2025-12-25T12:52:40.140+0000][gc,phases   ] GC(71)   Post Evacuate Collection Set: 1.9ms
[2025-12-25T12:52:40.140+0000][gc,phases   ] GC(71)   Other: 0.2ms
[2025-12-25T12:52:40.140+0000][gc,heap     ] GC(71) Eden regions: 606->0(608)
[2025-12-25T12:52:40.140+0000][gc,heap     ] GC(71) Survivor regions: 8->6(77)
[2025-12-25T12:52:40.140+0000][gc,heap     ] GC(71) Old regions: 32->32
[2025-12-25T12:52:40.140+0000][gc,heap     ] GC(71) Humongous regions: 133->133
[2025-12-25T12:52:40.140+0000][gc,metaspace] GC(71) Metaspace: 14708K(15104K)->14708K(15104K) NonClass: 13059K(13248K)->13059K(13248K) Class: 1649K(1856K)->1649K(1856K)
[2025-12-25T12:52:40.140+0000][gc          ] GC(71) Pause Young (Normal) (G1 Evacuation Pause) 778M->170M(1024M) 12.524ms
[2025-12-25T12:52:40.140+0000][gc,cpu      ] GC(71) User=0.07s Sys=0.00s Real=0.01s
[2025-12-25T12:53:19.800+0000][gc,start    ] GC(72) Pause Young (Normal) (G1 Evacuation Pause)
[2025-12-25T12:53:19.801+0000][gc,task     ] GC(72) Using 8 workers of 8 for evacuation
[2025-12-25T12:53:19.824+0000][gc,phases   ] GC(72)   Pre Evacuate Collection Set: 2.2ms
[2025-12-25T12:53:19.824+0000][gc,phases   ] GC(72)   Merge Heap Roots: 1.4ms
[2025-12-25T12:53:19.824+0000][gc,phases   ] GC(72)   Evacuate Collection Set: 18.2ms
[2025-12-25T12:53:19.824+0000][gc,phases   ] GC(72)   Post Evacuate Collection Set: 1.5ms
[2025-12-25T12:53:19.824+0000][gc,phases   ] GC(72)   Other: 0.3ms
[2025-12-25T12:53:19.825+0000][gc,heap     ] GC(72) Eden regions: 608->0(608)
[2025-12-25T12:53:19.825+0000][gc,heap     ] GC(72) Survivor regions: 6->6(77)
[2025-12-25T12:53:19.825+0000][gc,heap     ] GC(72) Old regions: 32->32
[2025-12-25T12:53:19.825+0000][gc,heap     ] GC(72) Humongous regions: 133->133
[2025-12-25T12:53:19.825+0000][gc,metaspace] GC(72) Metaspace: 14712K(15168K)->14712K(15168K) NonClass: 13062K(13312K)->13062K(13312K) Class: 1649K(1856K)->1649K(1856K)
[2025-12-25T12:53:19.825+0000][gc          ] GC(72) Pause Young (Normal) (G1 Evacuation Pause) 778M->169M(1024M) 24.995ms
[2025-12-25T12:53:19.825+0000][gc,cpu      ] GC(72) User=0.15s Sys=0.01s Real=0.03s
[2025-12-25T12:53:50.144+0000][gc,start    ] GC(73) Pause Young (Normal) (G1 Evacuation Pause)
[2025-12-25T12:53:50.144+0000][gc,task     ] GC(73) Using 8 workers of 8 for evacuation
[2025-12-25T12:53:50.170+0000][gc,phases   ] GC(73)   Pre Evacuate Collection Set: 3.0ms
[2025-12-25T12:53:50.171+0000][gc,phases   ] GC(73)   Merge Heap Roots: 1.6ms
[2025-12-25T12:53:50.171+0000][gc,phases   ] GC(73)   Evacuate Collection Set: 18.6ms
[2025-12-25T12:53:50.171+0000][gc,phases   ] GC(73)   Post Evacuate Collection Set: 2.2ms
[2025-12-25T12:53:50.171+0000][gc,phases   ] GC(73)   Other: 0.6ms
[2025-12-25T12:53:50.171+0000][gc,heap     ] GC(73) Eden regions: 608->0(607)
[2025-12-25T12:53:50.171+0000][gc,heap     ] GC(73) Survivor regions: 6->7(77)
[2025-12-25T12:53:50.171+0000][gc,heap     ] GC(73) Old regions: 32->32
[2025-12-25T12:53:50.172+0000][gc,heap     ] GC(73) Humongous regions: 133->133
[2025-12-25T12:53:50.172+0000][gc,metaspace] GC(73) Metaspace: 14715K(15168K)->14715K(15168K) NonClass: 13065K(13312K)->13065K(13312K) Class: 1649K(1856K)->1649K(1856K)
[2025-12-25T12:53:50.172+0000][gc          ] GC(73) Pause Young (Normal) (G1 Evacuation Pause) 777M->171M(1024M) 28.000ms
[2025-12-25T12:53:50.172+0000][gc,cpu      ] GC(73) User=0.14s Sys=0.01s Real=0.03s
[2025-12-25T12:54:29.778+0000][gc,start    ] GC(74) Pause Young (Normal) (G1 Evacuation Pause)
[2025-12-25T12:54:29.778+0000][gc,task     ] GC(74) Using 8 workers of 8 for evacuation
[2025-12-25T12:54:29.799+0000][gc,phases   ] GC(74)   Pre Evacuate Collection Set: 2.1ms
[2025-12-25T12:54:29.800+0000][gc,phases   ] GC(74)   Merge Heap Roots: 0.5ms
[2025-12-25T12:54:29.800+0000][gc,phases   ] GC(74)   Evacuate Collection Set: 16.5ms
[2025-12-25T12:54:29.800+0000][gc,phases   ] GC(74)   Post Evacuate Collection Set: 1.7ms
[2025-12-25T12:54:29.800+0000][gc,phases   ] GC(74)   Other: 0.2ms
[2025-12-25T12:54:29.800+0000][gc,heap     ] GC(74) Eden regions: 607->0(608)
[2025-12-25T12:54:29.800+0000][gc,heap     ] GC(74) Survivor regions: 7->6(77)
[2025-12-25T12:54:29.800+0000][gc,heap     ] GC(74) Old regions: 32->33
[2025-12-25T12:54:29.800+0000][gc,heap     ] GC(74) Humongous regions: 133->133
[2025-12-25T12:54:29.800+0000][gc,metaspace] GC(74) Metaspace: 14718K(15168K)->14718K(15168K) NonClass: 13068K(13312K)->13068K(13312K) Class: 1649K(1856K)->1649K(1856K)
[2025-12-25T12:54:29.800+0000][gc          ] GC(74) Pause Young (Normal) (G1 Evacuation Pause) 778M->170M(1024M) 22.502ms
[2025-12-25T12:54:29.800+0000][gc,cpu      ] GC(74) User=0.14s Sys=0.00s Real=0.02s
[2025-12-25T12:55:00.137+0000][gc,start    ] GC(75) Pause Young (Normal) (G1 Evacuation Pause)
[2025-12-25T12:55:00.137+0000][gc,task     ] GC(75) Using 8 workers of 8 for evacuation
[2025-12-25T12:55:00.156+0000][gc,phases   ] GC(75)   Pre Evacuate Collection Set: 1.8ms
[2025-12-25T12:55:00.157+0000][gc,phases   ] GC(75)   Merge Heap Roots: 0.7ms
[2025-12-25T12:55:00.157+0000][gc,phases   ] GC(75)   Evacuate Collection Set: 15.0ms
[2025-12-25T12:55:00.157+0000][gc,phases   ] GC(75)   Post Evacuate Collection Set: 1.4ms
[2025-12-25T12:55:00.157+0000][gc,phases   ] GC(75)   Other: 0.3ms
[2025-12-25T12:55:00.157+0000][gc,heap     ] GC(75) Eden regions: 608->0(606)
[2025-12-25T12:55:00.157+0000][gc,heap     ] GC(75) Survivor regions: 6->8(77)
[2025-12-25T12:55:00.157+0000][gc,heap     ] GC(75) Old regions: 33->33
[2025-12-25T12:55:00.157+0000][gc,heap     ] GC(75) Humongous regions: 133->133
[2025-12-25T12:55:00.157+0000][gc,metaspace] GC(75) Metaspace: 14720K(15168K)->14720K(15168K) NonClass: 13071K(13312K)->13071K(13312K) Class: 1649K(1856K)->1649K(1856K)
[2025-12-25T12:55:00.157+0000][gc          ] GC(75) Pause Young (Normal) (G1 Evacuation Pause) 778M->173M(1024M) 20.609ms
[2025-12-25T12:55:00.157+0000][gc,cpu      ] GC(75) User=0.11s Sys=0.01s Real=0.02s
