[2025-12-24T10:26:39.928+0000][gc,init] CardTable entry size: 512
[2025-12-24T10:26:39.928+0000][gc     ] Using G1
[2025-12-24T10:26:39.937+0000][gc,init] Version: 21.0.4+7-LTS (release)
[2025-12-24T10:26:39.938+0000][gc,init] CPUs: 8 total, 8 available
[2025-12-24T10:26:39.938+0000][gc,init] Memory: 13709M
[2025-12-24T10:26:39.938+0000][gc,init] Large Page Support: Disabled
[2025-12-24T10:26:39.938+0000][gc,init] NUMA Support: Disabled
[2025-12-24T10:26:39.938+0000][gc,init] Compressed Oops: Enabled (32-bit)
[2025-12-24T10:26:39.939+0000][gc,init] Heap Region Size: 1M
[2025-12-24T10:26:39.939+0000][gc,init] Heap Min Capacity: 1G
[2025-12-24T10:26:39.939+0000][gc,init] Heap Initial Capacity: 1G
[2025-12-24T10:26:39.939+0000][gc,init] Heap Max Capacity: 1G
[2025-12-24T10:26:39.939+0000][gc,init] Pre-touch: Disabled
[2025-12-24T10:26:39.940+0000][gc,init] Parallel Workers: 8
[2025-12-24T10:26:39.940+0000][gc,init] Concurrent Workers: 2
[2025-12-24T10:26:39.940+0000][gc,init] Concurrent Refinement Workers: 8
[2025-12-24T10:26:39.940+0000][gc,init] Periodic GC: Disabled
[2025-12-24T10:26:40.079+0000][gc,metaspace] CDS archive(s) mapped at: [0x0000004000000000-0x0000004000bd0000-0x00000040036b0000), size 57344000, SharedBaseAddress: 0x0000004000000000, ArchiveRelocationMode: 1.
[2025-12-24T10:26:40.079+0000][gc,metaspace] Compressed class space mapped at: 0x0000004004000000-0x0000004044000000, reserved size: 1073741824
[2025-12-24T10:26:40.079+0000][gc,metaspace] Narrow klass base: 0x0000004000000000, Narrow klass shift: 0, Narrow klass range: 0x100000000
[2025-12-24T10:26:45.586+0000][gc,start    ] GC(0) Pause Young (Normal) (G1 Evacuation Pause)
[2025-12-24T10:26:45.607+0000][gc,task     ] GC(0) Using 8 workers of 8 for evacuation
[2025-12-24T10:26:45.834+0000][gc,mmu      ] GC(0) MMU target violated: 201.0ms (200.0ms/201.0ms)
[2025-12-24T10:26:45.836+0000][gc,phases   ] GC(0)   Pre Evacuate Collection Set: 15.4ms
[2025-12-24T10:26:45.837+0000][gc,phases   ] GC(0)   Merge Heap Roots: 0.5ms
[2025-12-24T10:26:45.839+0000][gc,phases   ] GC(0)   Evacuate Collection Set: 204.5ms
[2025-12-24T10:26:45.841+0000][gc,phases   ] GC(0)   Post Evacuate Collection Set: 5.2ms
[2025-12-24T10:26:45.843+0000][gc,phases   ] GC(0)   Other: 18.5ms
[2025-12-24T10:26:45.844+0000][gc,heap     ] GC(0) Eden regions: 51->0(44)
[2025-12-24T10:26:45.844+0000][gc,heap     ] GC(0) Survivor regions: 0->7(7)
[2025-12-24T10:26:45.845+0000][gc,heap     ] GC(0) Old regions: 1->5
[2025-12-24T10:26:45.845+0000][gc,heap     ] GC(0) Humongous regions: 2->2
[2025-12-24T10:26:45.846+0000][gc,metaspace] GC(0) Metaspace: 5532K(5824K)->5532K(5824K) NonClass: 4851K(4992K)->4851K(4992K) Class: 681K(832K)->681K(832K)
[2025-12-24T10:26:45.849+0000][gc          ] GC(0) Pause Young (Normal) (G1 Evacuation Pause) 53M->13M(1024M) 263.883ms
[2025-12-24T10:26:45.851+0000][gc,cpu      ] GC(0) User=0.10s Sys=0.08s Real=0.27s
[2025-12-24T10:26:49.547+0000][gc,start    ] GC(1) Pause Young (Normal) (G1 Evacuation Pause)
[2025-12-24T10:26:49.547+0000][gc,task     ] GC(1) Using 8 workers of 8 for evacuation
[2025-12-24T10:26:49.646+0000][gc,phases   ] GC(1)   Pre Evacuate Collection Set: 5.8ms
[2025-12-24T10:26:49.646+0000][gc,phases   ] GC(1)   Merge Heap Roots: 0.2ms
[2025-12-24T10:26:49.649+0000][gc,phases   ] GC(1)   Evacuate Collection Set: 41.8ms
[2025-12-24T10:26:49.651+0000][gc,phases   ] GC(1)   Post Evacuate Collection Set: 50.3ms
[2025-12-24T10:26:49.652+0000][gc,phases   ] GC(1)   Other: 0.3ms
[2025-12-24T10:26:49.653+0000][gc,heap     ] GC(1) Eden regions: 44->0(46)
[2025-12-24T10:26:49.659+0000][gc,heap     ] GC(1) Survivor regions: 7->5(7)
[2025-12-24T10:26:49.660+0000][gc,heap     ] GC(1) Old regions: 5->12
[2025-12-24T10:26:49.664+0000][gc,heap     ] GC(1) Humongous regions: 2->2
[2025-12-24T10:26:49.669+0000][gc,metaspace] GC(1) Metaspace: 6919K(7232K)->6919K(7232K) NonClass: 6089K(6272K)->6089K(6272K) Class: 830K(960K)->830K(960K)
[2025-12-24T10:26:49.670+0000][gc          ] GC(1) Pause Young (Normal) (G1 Evacuation Pause) 57M->18M(1024M) 122.895ms
[2025-12-24T10:26:49.670+0000][gc,cpu      ] GC(1) User=0.05s Sys=0.01s Real=0.13s
[2025-12-24T10:26:54.339+0000][gc,start    ] GC(2) Pause Young (Normal) (G1 Evacuation Pause)
[2025-12-24T10:26:54.339+0000][gc,task     ] GC(2) Using 8 workers of 8 for evacuation
[2025-12-24T10:26:54.355+0000][gc,phases   ] GC(2)   Pre Evacuate Collection Set: 1.9ms
[2025-12-24T10:26:54.355+0000][gc,phases   ] GC(2)   Merge Heap Roots: 0.2ms
[2025-12-24T10:26:54.355+0000][gc,phases   ] GC(2)   Evacuate Collection Set: 12.8ms
[2025-12-24T10:26:54.356+0000][gc,phases   ] GC(2)   Post Evacuate Collection Set: 0.7ms
[2025-12-24T10:26:54.356+0000][gc,phases   ] GC(2)   Other: 0.5ms
[2025-12-24T10:26:54.356+0000][gc,heap     ] GC(2) Eden regions: 46->0(65)
[2025-12-24T10:26:54.357+0000][gc,heap     ] GC(2) Survivor regions: 5->4(7)
[2025-12-24T10:26:54.357+0000][gc,heap     ] GC(2) Old regions: 12->17
[2025-12-24T10:26:54.357+0000][gc,heap     ] GC(2) Humongous regions: 131->131
[2025-12-24T10:26:54.357+0000][gc,metaspace] GC(2) Metaspace: 8213K(8512K)->8213K(8512K) NonClass: 7196K(7360K)->7196K(7360K) Class: 1017K(1152K)->1017K(1152K)
[2025-12-24T10:26:54.357+0000][gc          ] GC(2) Pause Young (Normal) (G1 Evacuation Pause) 193M->150M(1024M) 18.697ms
[2025-12-24T10:26:54.358+0000][gc,cpu      ] GC(2) User=0.05s Sys=0.01s Real=0.02s
[2025-12-24T10:26:54.892+0000][gc,start    ] GC(3) Pause Young (Normal) (G1 Evacuation Pause)
[2025-12-24T10:26:54.906+0000][gc,task     ] GC(3) Using 8 workers of 8 for evacuation
[2025-12-24T10:26:54.927+0000][gc,phases   ] GC(3)   Pre Evacuate Collection Set: 0.6ms
[2025-12-24T10:26:54.928+0000][gc,phases   ] GC(3)   Merge Heap Roots: 0.5ms
[2025-12-24T10:26:54.929+0000][gc,phases   ] GC(3)   Evacuate Collection Set: 16.6ms
[2025-12-24T10:26:54.930+0000][gc,phases   ] GC(3)   Post Evacuate Collection Set: 2.1ms
[2025-12-24T10:26:54.930+0000][gc,phases   ] GC(3)   Other: 0.9ms
[2025-12-24T10:26:54.930+0000][gc,heap     ] GC(3) Eden regions: 65->0(609)
[2025-12-24T10:26:54.930+0000][gc,heap     ] GC(3) Survivor regions: 4->5(9)
[2025-12-24T10:26:54.930+0000][gc,heap     ] GC(3) Old regions: 17->17
[2025-12-24T10:26:54.930+0000][gc,heap     ] GC(3) Humongous regions: 131->131
[2025-12-24T10:26:54.931+0000][gc,metaspace] GC(3) Metaspace: 8481K(8768K)->8481K(8768K) NonClass: 7419K(7552K)->7419K(7552K) Class: 1062K(1216K)->1062K(1216K)
[2025-12-24T10:26:54.931+0000][gc          ] GC(3) Pause Young (Normal) (G1 Evacuation Pause) 215M->151M(1024M) 39.426ms
[2025-12-24T10:26:54.932+0000][gc,cpu      ] GC(3) User=0.02s Sys=0.02s Real=0.04s
[2025-12-24T10:27:33.909+0000][gc,start    ] GC(4) Pause Young (Normal) (G1 Evacuation Pause)
[2025-12-24T10:27:33.910+0000][gc,task     ] GC(4) Using 8 workers of 8 for evacuation
[2025-12-24T10:27:33.930+0000][gc,phases   ] GC(4)   Pre Evacuate Collection Set: 1.9ms
[2025-12-24T10:27:33.930+0000][gc,phases   ] GC(4)   Merge Heap Roots: 0.3ms
[2025-12-24T10:27:33.930+0000][gc,phases   ] GC(4)   Evacuate Collection Set: 14.9ms
[2025-12-24T10:27:33.930+0000][gc,phases   ] GC(4)   Post Evacuate Collection Set: 2.8ms
[2025-12-24T10:27:33.930+0000][gc,phases   ] GC(4)   Other: 0.4ms
[2025-12-24T10:27:33.930+0000][gc,heap     ] GC(4) Eden regions: 609->0(607)
[2025-12-24T10:27:33.930+0000][gc,heap     ] GC(4) Survivor regions: 5->7(77)
[2025-12-24T10:27:33.930+0000][gc,heap     ] GC(4) Old regions: 17->17
[2025-12-24T10:27:33.930+0000][gc,heap     ] GC(4) Humongous regions: 131->131
[2025-12-24T10:27:33.930+0000][gc,metaspace] GC(4) Metaspace: 11654K(11968K)->11654K(11968K) NonClass: 10143K(10304K)->10143K(10304K) Class: 1510K(1664K)->1510K(1664K)
[2025-12-24T10:27:33.931+0000][gc          ] GC(4) Pause Young (Normal) (G1 Evacuation Pause) 760M->154M(1024M) 21.291ms
[2025-12-24T10:27:33.931+0000][gc,cpu      ] GC(4) User=0.12s Sys=0.02s Real=0.02s
[2025-12-24T10:28:04.239+0000][gc,start    ] GC(5) Pause Young (Normal) (G1 Evacuation Pause)
[2025-12-24T10:28:04.239+0000][gc,task     ] GC(5) Using 8 workers of 8 for evacuation
[2025-12-24T10:28:04.259+0000][gc,phases   ] GC(5)   Pre Evacuate Collection Set: 1.4ms
[2025-12-24T10:28:04.259+0000][gc,phases   ] GC(5)   Merge Heap Roots: 0.2ms
[2025-12-24T10:28:04.259+0000][gc,phases   ] GC(5)   Evacuate Collection Set: 16.2ms
[2025-12-24T10:28:04.259+0000][gc,phases   ] GC(5)   Post Evacuate Collection Set: 1.9ms
[2025-12-24T10:28:04.259+0000][gc,phases   ] GC(5)   Other: 0.2ms
[2025-12-24T10:28:04.260+0000][gc,heap     ] GC(5) Eden regions: 607->0(605)
[2025-12-24T10:28:04.260+0000][gc,heap     ] GC(5) Survivor regions: 7->9(77)
[2025-12-24T10:28:04.260+0000][gc,heap     ] GC(5) Old regions: 17->17
[2025-12-24T10:28:04.260+0000][gc,heap     ] GC(5) Humongous regions: 131->131
[2025-12-24T10:28:04.260+0000][gc,metaspace] GC(5) Metaspace: 12031K(12352K)->12031K(12352K) NonClass: 10516K(10688K)->10516K(10688K) Class: 1515K(1664K)->1515K(1664K)
[2025-12-24T10:28:04.260+0000][gc          ] GC(5) Pause Young (Normal) (G1 Evacuation Pause) 761M->156M(1024M) 20.934ms
[2025-12-24T10:28:04.260+0000][gc,cpu      ] GC(5) User=0.13s Sys=0.00s Real=0.02s
[2025-12-24T10:28:43.937+0000][gc,start    ] GC(6) Pause Young (Normal) (G1 Evacuation Pause)
[2025-12-24T10:28:43.937+0000][gc,task     ] GC(6) Using 8 workers of 8 for evacuation
[2025-12-24T10:28:43.956+0000][gc,phases   ] GC(6)   Pre Evacuate Collection Set: 3.1ms
[2025-12-24T10:28:43.956+0000][gc,phases   ] GC(6)   Merge Heap Roots: 0.2ms
[2025-12-24T10:28:43.956+0000][gc,phases   ] GC(6)   Evacuate Collection Set: 13.9ms
[2025-12-24T10:28:43.956+0000][gc,phases   ] GC(6)   Post Evacuate Collection Set: 1.5ms
[2025-12-24T10:28:43.956+0000][gc,phases   ] GC(6)   Other: 0.2ms
[2025-12-24T10:28:43.956+0000][gc,heap     ] GC(6) Eden regions: 605->0(605)
[2025-12-24T10:28:43.956+0000][gc,heap     ] GC(6) Survivor regions: 9->9(77)
[2025-12-24T10:28:43.956+0000][gc,heap     ] GC(6) Old regions: 17->17
[2025-12-24T10:28:43.956+0000][gc,heap     ] GC(6) Humongous regions: 131->131
[2025-12-24T10:28:43.957+0000][gc,metaspace] GC(6) Metaspace: 12420K(12736K)->12420K(12736K) NonClass: 10902K(11072K)->10902K(11072K) Class: 1518K(1664K)->1518K(1664K)
[2025-12-24T10:28:43.957+0000][gc          ] GC(6) Pause Young (Normal) (G1 Evacuation Pause) 761M->155M(1024M) 19.919ms
[2025-12-24T10:28:43.957+0000][gc,cpu      ] GC(6) User=0.12s Sys=0.00s Real=0.02s
[2025-12-24T10:29:14.217+0000][gc,start    ] GC(7) Pause Young (Normal) (G1 Evacuation Pause)
[2025-12-24T10:29:14.219+0000][gc,task     ] GC(7) Using 8 workers of 8 for evacuation
[2025-12-24T10:29:14.243+0000][gc,phases   ] GC(7)   Pre Evacuate Collection Set: 6.2ms
[2025-12-24T10:29:14.243+0000][gc,phases   ] GC(7)   Merge Heap Roots: 0.4ms
[2025-12-24T10:29:14.243+0000][gc,phases   ] GC(7)   Evacuate Collection Set: 15.1ms
[2025-12-24T10:29:14.243+0000][gc,phases   ] GC(7)   Post Evacuate Collection Set: 2.2ms
[2025-12-24T10:29:14.243+0000][gc,phases   ] GC(7)   Other: 0.6ms
[2025-12-24T10:29:14.243+0000][gc,heap     ] GC(7) Eden regions: 605->0(603)
[2025-12-24T10:29:14.243+0000][gc,heap     ] GC(7) Survivor regions: 9->11(77)
[2025-12-24T10:29:14.243+0000][gc,heap     ] GC(7) Old regions: 17->17
[2025-12-24T10:29:14.243+0000][gc,heap     ] GC(7) Humongous regions: 131->131
[2025-12-24T10:29:14.243+0000][gc,metaspace] GC(7) Metaspace: 12644K(12992K)->12644K(12992K) NonClass: 11126K(11328K)->11126K(11328K) Class: 1518K(1664K)->1518K(1664K)
[2025-12-24T10:29:14.243+0000][gc          ] GC(7) Pause Young (Normal) (G1 Evacuation Pause) 760M->158M(1024M) 26.631ms
[2025-12-24T10:29:14.243+0000][gc,cpu      ] GC(7) User=0.09s Sys=0.04s Real=0.03s
[2025-12-24T10:29:53.922+0000][gc,start    ] GC(8) Pause Young (Normal) (G1 Evacuation Pause)
[2025-12-24T10:29:53.923+0000][gc,task     ] GC(8) Using 8 workers of 8 for evacuation
[2025-12-24T10:29:53.945+0000][gc,phases   ] GC(8)   Pre Evacuate Collection Set: 1.9ms
[2025-12-24T10:29:53.945+0000][gc,phases   ] GC(8)   Merge Heap Roots: 0.2ms
[2025-12-24T10:29:53.946+0000][gc,phases   ] GC(8)   Evacuate Collection Set: 19.1ms
[2025-12-24T10:29:53.946+0000][gc,phases   ] GC(8)   Post Evacuate Collection Set: 1.3ms
[2025-12-24T10:29:53.946+0000][gc,phases   ] GC(8)   Other: 0.3ms
[2025-12-24T10:29:53.946+0000][gc,heap     ] GC(8) Eden regions: 603->0(604)
[2025-12-24T10:29:53.946+0000][gc,heap     ] GC(8) Survivor regions: 11->10(77)
[2025-12-24T10:29:53.946+0000][gc,heap     ] GC(8) Old regions: 17->17
[2025-12-24T10:29:53.946+0000][gc,heap     ] GC(8) Humongous regions: 131->131
[2025-12-24T10:29:53.946+0000][gc,metaspace] GC(8) Metaspace: 12998K(13312K)->12998K(13312K) NonClass: 11472K(11648K)->11472K(11648K) Class: 1526K(1664K)->1526K(1664K)
[2025-12-24T10:29:53.946+0000][gc          ] GC(8) Pause Young (Normal) (G1 Evacuation Pause) 761M->157M(1024M) 23.899ms
[2025-12-24T10:29:53.946+0000][gc,cpu      ] GC(8) User=0.17s Sys=0.00s Real=0.03s
[2025-12-24T10:30:24.204+0000][gc,start    ] GC(9) Pause Young (Normal) (G1 Evacuation Pause)
[2025-12-24T10:30:24.204+0000][gc,task     ] GC(9) Using 8 workers of 8 for evacuation
[2025-12-24T10:30:24.223+0000][gc,phases   ] GC(9)   Pre Evacuate Collection Set: 4.8ms
[2025-12-24T10:30:24.223+0000][gc,phases   ] GC(9)   Merge Heap Roots: 0.2ms
[2025-12-24T10:30:24.223+0000][gc,phases   ] GC(9)   Evacuate Collection Set: 12.3ms
[2025-12-24T10:30:24.223+0000][gc,phases   ] GC(9)   Post Evacuate Collection Set: 1.5ms
[2025-12-24T10:30:24.223+0000][gc,phases   ] GC(9)   Other: 0.2ms
[2025-12-24T10:30:24.223+0000][gc,heap     ] GC(9) Eden regions: 604->0(601)
[2025-12-24T10:30:24.223+0000][gc,heap     ] GC(9) Survivor regions: 10->13(77)
[2025-12-24T10:30:24.223+0000][gc,heap     ] GC(9) Old regions: 17->17
[2025-12-24T10:30:24.224+0000][gc,heap     ] GC(9) Humongous regions: 131->131
[2025-12-24T10:30:24.224+0000][gc,metaspace] GC(9) Metaspace: 13056K(13376K)->13056K(13376K) NonClass: 11528K(11712K)->11528K(11712K) Class: 1528K(1664K)->1528K(1664K)
[2025-12-24T10:30:24.224+0000][gc          ] GC(9) Pause Young (Normal) (G1 Evacuation Pause) 761M->159M(1024M) 20.055ms
[2025-12-24T10:30:24.224+0000][gc,cpu      ] GC(9) User=0.12s Sys=0.01s Real=0.02s
[2025-12-24T10:31:03.923+0000][gc,start    ] GC(10) Pause Young (Normal) (G1 Evacuation Pause)
[2025-12-24T10:31:03.923+0000][gc,task     ] GC(10) Using 8 workers of 8 for evacuation
[2025-12-24T10:31:03.950+0000][gc,phases   ] GC(10)   Pre Evacuate Collection Set: 6.6ms
[2025-12-24T10:31:03.950+0000][gc,phases   ] GC(10)   Merge Heap Roots: 0.4ms
[2025-12-24T10:31:03.950+0000][gc,phases   ] GC(10)   Evacuate Collection Set: 17.5ms
[2025-12-24T10:31:03.950+0000][gc,phases   ] GC(10)   Post Evacuate Collection Set: 1.6ms
[2025-12-24T10:31:03.950+0000][gc,phases   ] GC(10)   Other: 0.2ms
[2025-12-24T10:31:03.950+0000][gc,heap     ] GC(10) Eden regions: 601->0(602)
[2025-12-24T10:31:03.950+0000][gc,heap     ] GC(10) Survivor regions: 13->12(77)
[2025-12-24T10:31:03.950+0000][gc,heap     ] GC(10) Old regions: 17->17
[2025-12-24T10:31:03.950+0000][gc,heap     ] GC(10) Humongous regions: 131->131
[2025-12-24T10:31:03.950+0000][gc,metaspace] GC(10) Metaspace: 13132K(13440K)->13132K(13440K) NonClass: 11602K(11776K)->11602K(11776K) Class: 1529K(1664K)->1529K(1664K)
[2025-12-24T10:31:03.950+0000][gc          ] GC(10) Pause Young (Normal) (G1 Evacuation Pause) 760M->159M(1024M) 27.324ms
[2025-12-24T10:31:03.950+0000][gc,cpu      ] GC(10) User=0.19s Sys=0.00s Real=0.03s
[2025-12-24T10:31:34.189+0000][gc,start    ] GC(11) Pause Young (Normal) (G1 Evacuation Pause)
[2025-12-24T10:31:34.189+0000][gc,task     ] GC(11) Using 8 workers of 8 for evacuation
[2025-12-24T10:31:34.202+0000][gc,phases   ] GC(11)   Pre Evacuate Collection Set: 1.5ms
[2025-12-24T10:31:34.202+0000][gc,phases   ] GC(11)   Merge Heap Roots: 0.2ms
[2025-12-24T10:31:34.202+0000][gc,phases   ] GC(11)   Evacuate Collection Set: 8.8ms
[2025-12-24T10:31:34.202+0000][gc,phases   ] GC(11)   Post Evacuate Collection Set: 1.7ms
[2025-12-24T10:31:34.202+0000][gc,phases   ] GC(11)   Other: 0.2ms
[2025-12-24T10:31:34.202+0000][gc,heap     ] GC(11) Eden regions: 602->0(604)
[2025-12-24T10:31:34.203+0000][gc,heap     ] GC(11) Survivor regions: 12->10(77)
[2025-12-24T10:31:34.203+0000][gc,heap     ] GC(11) Old regions: 17->17
[2025-12-24T10:31:34.203+0000][gc,heap     ] GC(11) Humongous regions: 131->131
[2025-12-24T10:31:34.203+0000][gc,metaspace] GC(11) Metaspace: 13206K(13504K)->13206K(13504K) NonClass: 11673K(11840K)->11673K(11840K) Class: 1532K(1664K)->1532K(1664K)
[2025-12-24T10:31:34.203+0000][gc          ] GC(11) Pause Young (Normal) (G1 Evacuation Pause) 761M->157M(1024M) 13.961ms
[2025-12-24T10:31:34.203+0000][gc,cpu      ] GC(11) User=0.08s Sys=0.00s Real=0.02s
[2025-12-24T10:32:13.923+0000][gc,start    ] GC(12) Pause Young (Normal) (G1 Evacuation Pause)
[2025-12-24T10:32:13.924+0000][gc,task     ] GC(12) Using 8 workers of 8 for evacuation
[2025-12-24T10:32:13.944+0000][gc,phases   ] GC(12)   Pre Evacuate Collection Set: 1.9ms
[2025-12-24T10:32:13.944+0000][gc,phases   ] GC(12)   Merge Heap Roots: 0.3ms
[2025-12-24T10:32:13.944+0000][gc,phases   ] GC(12)   Evacuate Collection Set: 15.8ms
[2025-12-24T10:32:13.944+0000][gc,phases   ] GC(12)   Post Evacuate Collection Set: 2.4ms
[2025-12-24T10:32:13.945+0000][gc,phases   ] GC(12)   Other: 0.2ms
[2025-12-24T10:32:13.945+0000][gc,heap     ] GC(12) Eden regions: 604->0(605)
[2025-12-24T10:32:13.945+0000][gc,heap     ] GC(12) Survivor regions: 10->9(77)
[2025-12-24T10:32:13.945+0000][gc,heap     ] GC(12) Old regions: 17->17
[2025-12-24T10:32:13.945+0000][gc,heap     ] GC(12) Humongous regions: 131->131
[2025-12-24T10:32:13.945+0000][gc,metaspace] GC(12) Metaspace: 13251K(13568K)->13251K(13568K) NonClass: 11717K(11904K)->11717K(11904K) Class: 1534K(1664K)->1534K(1664K)
[2025-12-24T10:32:13.945+0000][gc          ] GC(12) Pause Young (Normal) (G1 Evacuation Pause) 761M->155M(1024M) 21.812ms
[2025-12-24T10:32:13.945+0000][gc,cpu      ] GC(12) User=0.13s Sys=0.00s Real=0.02s
[2025-12-24T10:32:44.170+0000][gc,start    ] GC(13) Pause Young (Normal) (G1 Evacuation Pause)
[2025-12-24T10:32:44.170+0000][gc,task     ] GC(13) Using 8 workers of 8 for evacuation
[2025-12-24T10:32:44.191+0000][gc,phases   ] GC(13)   Pre Evacuate Collection Set: 1.4ms
[2025-12-24T10:32:44.191+0000][gc,phases   ] GC(13)   Merge Heap Roots: 0.2ms
[2025-12-24T10:32:44.191+0000][gc,phases   ] GC(13)   Evacuate Collection Set: 18.0ms
[2025-12-24T10:32:44.191+0000][gc,phases   ] GC(13)   Post Evacuate Collection Set: 1.4ms
[2025-12-24T10:32:44.191+0000][gc,phases   ] GC(13)   Other: 0.2ms
[2025-12-24T10:32:44.191+0000][gc,heap     ] GC(13) Eden regions: 605->0(603)
[2025-12-24T10:32:44.192+0000][gc,heap     ] GC(13) Survivor regions: 9->11(77)
[2025-12-24T10:32:44.192+0000][gc,heap     ] GC(13) Old regions: 17->17
[2025-12-24T10:32:44.192+0000][gc,heap     ] GC(13) Humongous regions: 131->131
[2025-12-24T10:32:44.192+0000][gc,metaspace] GC(13) Metaspace: 13262K(13568K)->13262K(13568K) NonClass: 11728K(11904K)->11728K(11904K) Class: 1534K(1664K)->1534K(1664K)
[2025-12-24T10:32:44.192+0000][gc          ] GC(13) Pause Young (Normal) (G1 Evacuation Pause) 760M->157M(1024M) 22.269ms
[2025-12-24T10:32:44.192+0000][gc,cpu      ] GC(13) User=0.14s Sys=0.00s Real=0.02s
[2025-12-24T10:33:23.909+0000][gc,start    ] GC(14) Pause Young (Normal) (G1 Evacuation Pause)
[2025-12-24T10:33:23.909+0000][gc,task     ] GC(14) Using 8 workers of 8 for evacuation
[2025-12-24T10:33:23.932+0000][gc,phases   ] GC(14)   Pre Evacuate Collection Set: 1.4ms
[2025-12-24T10:33:23.932+0000][gc,phases   ] GC(14)   Merge Heap Roots: 0.2ms
[2025-12-24T10:33:23.932+0000][gc,phases   ] GC(14)   Evacuate Collection Set: 19.2ms
[2025-12-24T10:33:23.932+0000][gc,phases   ] GC(14)   Post Evacuate Collection Set: 1.5ms
[2025-12-24T10:33:23.932+0000][gc,phases   ] GC(14)   Other: 0.2ms
[2025-12-24T10:33:23.932+0000][gc,heap     ] GC(14) Eden regions: 603->0(604)
[2025-12-24T10:33:23.932+0000][gc,heap     ] GC(14) Survivor regions: 11->10(77)
[2025-12-24T10:33:23.932+0000][gc,heap     ] GC(14) Old regions: 17->17
[2025-12-24T10:33:23.932+0000][gc,heap     ] GC(14) Humongous regions: 131->131
[2025-12-24T10:33:23.932+0000][gc,metaspace] GC(14) Metaspace: 13292K(13568K)->13292K(13568K) NonClass: 11758K(11904K)->11758K(11904K) Class: 1534K(1664K)->1534K(1664K)
[2025-12-24T10:33:23.932+0000][gc          ] GC(14) Pause Young (Normal) (G1 Evacuation Pause) 760M->157M(1024M) 23.895ms
[2025-12-24T10:33:23.933+0000][gc,cpu      ] GC(14) User=0.15s Sys=0.01s Real=0.02s
[2025-12-24T10:33:54.173+0000][gc,start    ] GC(15) Pause Young (Normal) (G1 Evacuation Pause)
[2025-12-24T10:33:54.174+0000][gc,task     ] GC(15) Using 8 workers of 8 for evacuation
[2025-12-24T10:33:54.192+0000][gc,phases   ] GC(15)   Pre Evacuate Collection Set: 1.7ms
[2025-12-24T10:33:54.192+0000][gc,phases   ] GC(15)   Merge Heap Roots: 0.7ms
[2025-12-24T10:33:54.192+0000][gc,phases   ] GC(15)   Evacuate Collection Set: 11.2ms
[2025-12-24T10:33:54.192+0000][gc,phases   ] GC(15)   Post Evacuate Collection Set: 3.5ms
[2025-12-24T10:33:54.192+0000][gc,phases   ] GC(15)   Other: 0.2ms
[2025-12-24T10:33:54.192+0000][gc,heap     ] GC(15) Eden regions: 604->0(602)
[2025-12-24T10:33:54.192+0000][gc,heap     ] GC(15) Survivor regions: 10->12(77)
[2025-12-24T10:33:54.192+0000][gc,heap     ] GC(15) Old regions: 17->17
[2025-12-24T10:33:54.192+0000][gc,heap     ] GC(15) Humongous regions: 131->131
[2025-12-24T10:33:54.192+0000][gc,metaspace] GC(15) Metaspace: 13320K(13632K)->13320K(13632K) NonClass: 11784K(11968K)->11784K(11968K) Class: 1535K(1664K)->1535K(1664K)
[2025-12-24T10:33:54.193+0000][gc          ] GC(15) Pause Young (Normal) (G1 Evacuation Pause) 761M->158M(1024M) 19.228ms
[2025-12-24T10:33:54.193+0000][gc,cpu      ] GC(15) User=0.12s Sys=0.00s Real=0.02s
[2025-12-24T10:34:33.920+0000][gc,start    ] GC(16) Pause Young (Normal) (G1 Evacuation Pause)
[2025-12-24T10:34:33.921+0000][gc,task     ] GC(16) Using 8 workers of 8 for evacuation
[2025-12-24T10:34:33.941+0000][gc,phases   ] GC(16)   Pre Evacuate Collection Set: 1.7ms
[2025-12-24T10:34:33.941+0000][gc,phases   ] GC(16)   Merge Heap Roots: 0.2ms
[2025-12-24T10:34:33.941+0000][gc,phases   ] GC(16)   Evacuate Collection Set: 16.8ms
[2025-12-24T10:34:33.941+0000][gc,phases   ] GC(16)   Post Evacuate Collection Set: 1.4ms
[2025-12-24T10:34:33.942+0000][gc,phases   ] GC(16)   Other: 0.2ms
[2025-12-24T10:34:33.942+0000][gc,heap     ] GC(16) Eden regions: 602->0(602)
[2025-12-24T10:34:33.942+0000][gc,heap     ] GC(16) Survivor regions: 12->12(77)
[2025-12-24T10:34:33.942+0000][gc,heap     ] GC(16) Old regions: 17->17
[2025-12-24T10:34:33.942+0000][gc,heap     ] GC(16) Humongous regions: 131->131
[2025-12-24T10:34:33.942+0000][gc,metaspace] GC(16) Metaspace: 13348K(13632K)->13348K(13632K) NonClass: 11813K(11968K)->11813K(11968K) Class: 1535K(1664K)->1535K(1664K)
[2025-12-24T10:34:33.942+0000][gc          ] GC(16) Pause Young (Normal) (G1 Evacuation Pause) 760M->158M(1024M) 21.673ms
[2025-12-24T10:34:33.942+0000][gc,cpu      ] GC(16) User=0.14s Sys=0.00s Real=0.02s
[2025-12-24T10:35:04.178+0000][gc,start    ] GC(17) Pause Young (Normal) (G1 Evacuation Pause)
[2025-12-24T10:35:04.179+0000][gc,task     ] GC(17) Using 8 workers of 8 for evacuation
[2025-12-24T10:35:04.198+0000][gc,phases   ] GC(17)   Pre Evacuate Collection Set: 1.6ms
[2025-12-24T10:35:04.198+0000][gc,phases   ] GC(17)   Merge Heap Roots: 0.2ms
[2025-12-24T10:35:04.198+0000][gc,phases   ] GC(17)   Evacuate Collection Set: 15.3ms
[2025-12-24T10:35:04.199+0000][gc,phases   ] GC(17)   Post Evacuate Collection Set: 2.1ms
[2025-12-24T10:35:04.199+0000][gc,phases   ] GC(17)   Other: 0.3ms
[2025-12-24T10:35:04.199+0000][gc,heap     ] GC(17) Eden regions: 602->0(603)
[2025-12-24T10:35:04.199+0000][gc,heap     ] GC(17) Survivor regions: 12->11(77)
[2025-12-24T10:35:04.199+0000][gc,heap     ] GC(17) Old regions: 17->19
[2025-12-24T10:35:04.199+0000][gc,heap     ] GC(17) Humongous regions: 131->131
[2025-12-24T10:35:04.199+0000][gc,metaspace] GC(17) Metaspace: 13387K(13696K)->13387K(13696K) NonClass: 11851K(12032K)->11851K(12032K) Class: 1535K(1664K)->1535K(1664K)
[2025-12-24T10:35:04.199+0000][gc          ] GC(17) Pause Young (Normal) (G1 Evacuation Pause) 760M->159M(1024M) 20.816ms
[2025-12-24T10:35:04.199+0000][gc,cpu      ] GC(17) User=0.14s Sys=0.00s Real=0.03s
[2025-12-24T10:35:43.874+0000][gc,start    ] GC(18) Pause Young (Normal) (G1 Evacuation Pause)
[2025-12-24T10:35:43.874+0000][gc,task     ] GC(18) Using 8 workers of 8 for evacuation
[2025-12-24T10:35:43.889+0000][gc,phases   ] GC(18)   Pre Evacuate Collection Set: 1.6ms
[2025-12-24T10:35:43.889+0000][gc,phases   ] GC(18)   Merge Heap Roots: 0.2ms
[2025-12-24T10:35:43.889+0000][gc,phases   ] GC(18)   Evacuate Collection Set: 9.8ms
[2025-12-24T10:35:43.889+0000][gc,phases   ] GC(18)   Post Evacuate Collection Set: 2.9ms
[2025-12-24T10:35:43.889+0000][gc,phases   ] GC(18)   Other: 0.4ms
[2025-12-24T10:35:43.890+0000][gc,heap     ] GC(18) Eden regions: 603->0(608)
[2025-12-24T10:35:43.890+0000][gc,heap     ] GC(18) Survivor regions: 11->6(77)
[2025-12-24T10:35:43.890+0000][gc,heap     ] GC(18) Old regions: 19->20
[2025-12-24T10:35:43.890+0000][gc,heap     ] GC(18) Humongous regions: 131->131
[2025-12-24T10:35:43.890+0000][gc,metaspace] GC(18) Metaspace: 13444K(13760K)->13444K(13760K) NonClass: 11909K(12096K)->11909K(12096K) Class: 1535K(1664K)->1535K(1664K)
[2025-12-24T10:35:43.890+0000][gc          ] GC(18) Pause Young (Normal) (G1 Evacuation Pause) 762M->155M(1024M) 16.213ms
[2025-12-24T10:35:43.890+0000][gc,cpu      ] GC(18) User=0.08s Sys=0.00s Real=0.01s
[2025-12-24T10:36:14.171+0000][gc,start    ] GC(19) Pause Young (Normal) (G1 Evacuation Pause)
[2025-12-24T10:36:14.172+0000][gc,task     ] GC(19) Using 8 workers of 8 for evacuation
[2025-12-24T10:36:14.196+0000][gc,phases   ] GC(19)   Pre Evacuate Collection Set: 1.8ms
[2025-12-24T10:36:14.196+0000][gc,phases   ] GC(19)   Merge Heap Roots: 0.2ms
[2025-12-24T10:36:14.196+0000][gc,phases   ] GC(19)   Evacuate Collection Set: 20.5ms
[2025-12-24T10:36:14.196+0000][gc,phases   ] GC(19)   Post Evacuate Collection Set: 1.2ms
[2025-12-24T10:36:14.196+0000][gc,phases   ] GC(19)   Other: 0.2ms
[2025-12-24T10:36:14.196+0000][gc,heap     ] GC(19) Eden regions: 608->0(609)
[2025-12-24T10:36:14.196+0000][gc,heap     ] GC(19) Survivor regions: 6->5(77)
[2025-12-24T10:36:14.196+0000][gc,heap     ] GC(19) Old regions: 20->22
[2025-12-24T10:36:14.196+0000][gc,heap     ] GC(19) Humongous regions: 131->131
[2025-12-24T10:36:14.196+0000][gc,metaspace] GC(19) Metaspace: 13456K(13760K)->13456K(13760K) NonClass: 11920K(12096K)->11920K(12096K) Class: 1535K(1664K)->1535K(1664K)
[2025-12-24T10:36:14.197+0000][gc          ] GC(19) Pause Young (Normal) (G1 Evacuation Pause) 763M->157M(1024M) 25.649ms
[2025-12-24T10:36:14.197+0000][gc,cpu      ] GC(19) User=0.11s Sys=0.05s Real=0.03s
[2025-12-24T10:36:53.908+0000][gc,start    ] GC(20) Pause Young (Normal) (G1 Evacuation Pause)
[2025-12-24T10:36:53.909+0000][gc,task     ] GC(20) Using 8 workers of 8 for evacuation
[2025-12-24T10:36:53.923+0000][gc,phases   ] GC(20)   Pre Evacuate Collection Set: 3.5ms
[2025-12-24T10:36:53.923+0000][gc,phases   ] GC(20)   Merge Heap Roots: 0.4ms
[2025-12-24T10:36:53.923+0000][gc,phases   ] GC(20)   Evacuate Collection Set: 8.7ms
[2025-12-24T10:36:53.923+0000][gc,phases   ] GC(20)   Post Evacuate Collection Set: 1.2ms
[2025-12-24T10:36:53.923+0000][gc,phases   ] GC(20)   Other: 0.2ms
[2025-12-24T10:36:53.923+0000][gc,heap     ] GC(20) Eden regions: 609->0(610)
[2025-12-24T10:36:53.923+0000][gc,heap     ] GC(20) Survivor regions: 5->4(77)
[2025-12-24T10:36:53.923+0000][gc,heap     ] GC(20) Old regions: 22->23
[2025-12-24T10:36:53.924+0000][gc,heap     ] GC(20) Humongous regions: 131->131
[2025-12-24T10:36:53.924+0000][gc,metaspace] GC(20) Metaspace: 13496K(13888K)->13496K(13888K) NonClass: 11951K(12160K)->11951K(12160K) Class: 1545K(1728K)->1545K(1728K)
[2025-12-24T10:36:53.924+0000][gc          ] GC(20) Pause Young (Normal) (G1 Evacuation Pause) 766M->156M(1024M) 15.741ms
[2025-12-24T10:36:53.924+0000][gc,cpu      ] GC(20) User=0.07s Sys=0.01s Real=0.02s
[2025-12-24T10:37:24.221+0000][gc,start    ] GC(21) Pause Young (Normal) (G1 Evacuation Pause)
[2025-12-24T10:37:24.222+0000][gc,task     ] GC(21) Using 8 workers of 8 for evacuation
[2025-12-24T10:37:24.228+0000][gc,phases   ] GC(21)   Pre Evacuate Collection Set: 1.2ms
[2025-12-24T10:37:24.228+0000][gc,phases   ] GC(21)   Merge Heap Roots: 0.2ms
[2025-12-24T10:37:24.228+0000][gc,phases   ] GC(21)   Evacuate Collection Set: 3.6ms
[2025-12-24T10:37:24.228+0000][gc,phases   ] GC(21)   Post Evacuate Collection Set: 1.0ms
[2025-12-24T10:37:24.228+0000][gc,phases   ] GC(21)   Other: 0.1ms
[2025-12-24T10:37:24.229+0000][gc,heap     ] GC(21) Eden regions: 610->0(608)
[2025-12-24T10:37:24.229+0000][gc,heap     ] GC(21) Survivor regions: 4->6(77)
[2025-12-24T10:37:24.229+0000][gc,heap     ] GC(21) Old regions: 23->23
[2025-12-24T10:37:24.229+0000][gc,heap     ] GC(21) Humongous regions: 131->131
[2025-12-24T10:37:24.229+0000][gc,metaspace] GC(21) Metaspace: 13565K(13888K)->13565K(13888K) NonClass: 12015K(12160K)->12015K(12160K) Class: 1550K(1728K)->1550K(1728K)
[2025-12-24T10:37:24.229+0000][gc          ] GC(21) Pause Young (Normal) (G1 Evacuation Pause) 766M->159M(1024M) 8.063ms
[2025-12-24T10:37:24.229+0000][gc,cpu      ] GC(21) User=0.04s Sys=0.00s Real=0.01s
[2025-12-24T10:38:03.953+0000][gc,start    ] GC(22) Pause Young (Normal) (G1 Evacuation Pause)
[2025-12-24T10:38:03.953+0000][gc,task     ] GC(22) Using 8 workers of 8 for evacuation
[2025-12-24T10:38:03.963+0000][gc,phases   ] GC(22)   Pre Evacuate Collection Set: 1.5ms
[2025-12-24T10:38:03.963+0000][gc,phases   ] GC(22)   Merge Heap Roots: 0.2ms
[2025-12-24T10:38:03.963+0000][gc,phases   ] GC(22)   Evacuate Collection Set: 5.8ms
[2025-12-24T10:38:03.963+0000][gc,phases   ] GC(22)   Post Evacuate Collection Set: 2.0ms
[2025-12-24T10:38:03.963+0000][gc,phases   ] GC(22)   Other: 0.2ms
[2025-12-24T10:38:03.964+0000][gc,heap     ] GC(22) Eden regions: 608->0(608)
[2025-12-24T10:38:03.964+0000][gc,heap     ] GC(22) Survivor regions: 6->6(77)
[2025-12-24T10:38:03.964+0000][gc,heap     ] GC(22) Old regions: 23->23
[2025-12-24T10:38:03.964+0000][gc,heap     ] GC(22) Humongous regions: 131->131
[2025-12-24T10:38:03.964+0000][gc,metaspace] GC(22) Metaspace: 13571K(13888K)->13571K(13888K) NonClass: 12021K(12160K)->12021K(12160K) Class: 1550K(1728K)->1550K(1728K)
[2025-12-24T10:38:03.964+0000][gc          ] GC(22) Pause Young (Normal) (G1 Evacuation Pause) 767M->158M(1024M) 11.306ms
[2025-12-24T10:38:03.964+0000][gc,cpu      ] GC(22) User=0.06s Sys=0.00s Real=0.01s
[2025-12-24T10:38:34.246+0000][gc,start    ] GC(23) Pause Young (Normal) (G1 Evacuation Pause)
[2025-12-24T10:38:34.247+0000][gc,task     ] GC(23) Using 8 workers of 8 for evacuation
[2025-12-24T10:38:34.263+0000][gc,phases   ] GC(23)   Pre Evacuate Collection Set: 1.4ms
[2025-12-24T10:38:34.263+0000][gc,phases   ] GC(23)   Merge Heap Roots: 0.2ms
[2025-12-24T10:38:34.263+0000][gc,phases   ] GC(23)   Evacuate Collection Set: 13.2ms
[2025-12-24T10:38:34.263+0000][gc,phases   ] GC(23)   Post Evacuate Collection Set: 1.5ms
[2025-12-24T10:38:34.263+0000][gc,phases   ] GC(23)   Other: 0.4ms
[2025-12-24T10:38:34.263+0000][gc,heap     ] GC(23) Eden regions: 608->0(606)
[2025-12-24T10:38:34.264+0000][gc,heap     ] GC(23) Survivor regions: 6->8(77)
[2025-12-24T10:38:34.264+0000][gc,heap     ] GC(23) Old regions: 23->23
[2025-12-24T10:38:34.264+0000][gc,heap     ] GC(23) Humongous regions: 131->131
[2025-12-24T10:38:34.264+0000][gc,metaspace] GC(23) Metaspace: 13574K(13888K)->13574K(13888K) NonClass: 12024K(12160K)->12024K(12160K) Class: 1550K(1728K)->1550K(1728K)
[2025-12-24T10:38:34.264+0000][gc          ] GC(23) Pause Young (Normal) (G1 Evacuation Pause) 766M->161M(1024M) 17.785ms
[2025-12-24T10:38:34.264+0000][gc,cpu      ] GC(23) User=0.10s Sys=0.00s Real=0.02s
[2025-12-24T10:39:13.950+0000][gc,start    ] GC(24) Pause Young (Normal) (G1 Evacuation Pause)
[2025-12-24T10:39:13.952+0000][gc,task     ] GC(24) Using 8 workers of 8 for evacuation
[2025-12-24T10:39:13.964+0000][gc,phases   ] GC(24)   Pre Evacuate Collection Set: 4.6ms
[2025-12-24T10:39:13.965+0000][gc,phases   ] GC(24)   Merge Heap Roots: 0.5ms
[2025-12-24T10:39:13.965+0000][gc,phases   ] GC(24)   Evacuate Collection Set: 5.5ms
[2025-12-24T10:39:13.965+0000][gc,phases   ] GC(24)   Post Evacuate Collection Set: 1.5ms
[2025-12-24T10:39:13.965+0000][gc,phases   ] GC(24)   Other: 0.2ms
[2025-12-24T10:39:13.965+0000][gc,heap     ] GC(24) Eden regions: 606->0(607)
[2025-12-24T10:39:13.965+0000][gc,heap     ] GC(24) Survivor regions: 8->7(77)
[2025-12-24T10:39:13.965+0000][gc,heap     ] GC(24) Old regions: 23->23
[2025-12-24T10:39:13.965+0000][gc,heap     ] GC(24) Humongous regions: 131->131
[2025-12-24T10:39:13.965+0000][gc,metaspace] GC(24) Metaspace: 13603K(13952K)->13603K(13952K) NonClass: 12052K(12224K)->12052K(12224K) Class: 1550K(1728K)->1550K(1728K)
[2025-12-24T10:39:13.965+0000][gc          ] GC(24) Pause Young (Normal) (G1 Evacuation Pause) 767M->160M(1024M) 14.788ms
[2025-12-24T10:39:13.965+0000][gc,cpu      ] GC(24) User=0.08s Sys=0.00s Real=0.01s
[2025-12-24T10:39:44.242+0000][gc,start    ] GC(25) Pause Young (Normal) (G1 Evacuation Pause)
[2025-12-24T10:39:44.243+0000][gc,task     ] GC(25) Using 8 workers of 8 for evacuation
[2025-12-24T10:39:44.256+0000][gc,phases   ] GC(25)   Pre Evacuate Collection Set: 2.1ms
[2025-12-24T10:39:44.256+0000][gc,phases   ] GC(25)   Merge Heap Roots: 0.3ms
[2025-12-24T10:39:44.256+0000][gc,phases   ] GC(25)   Evacuate Collection Set: 6.8ms
[2025-12-24T10:39:44.256+0000][gc,phases   ] GC(25)   Post Evacuate Collection Set: 4.0ms
[2025-12-24T10:39:44.256+0000][gc,phases   ] GC(25)   Other: 0.2ms
[2025-12-24T10:39:44.256+0000][gc,heap     ] GC(25) Eden regions: 607->0(609)
[2025-12-24T10:39:44.257+0000][gc,heap     ] GC(25) Survivor regions: 7->5(77)
[2025-12-24T10:39:44.257+0000][gc,heap     ] GC(25) Old regions: 23->23
[2025-12-24T10:39:44.257+0000][gc,heap     ] GC(25) Humongous regions: 131->131
[2025-12-24T10:39:44.257+0000][gc,metaspace] GC(25) Metaspace: 13635K(14016K)->13635K(14016K) NonClass: 12085K(12288K)->12085K(12288K) Class: 1550K(1728K)->1550K(1728K)
[2025-12-24T10:39:44.257+0000][gc          ] GC(25) Pause Young (Normal) (G1 Evacuation Pause) 767M->158M(1024M) 14.541ms
[2025-12-24T10:39:44.257+0000][gc,cpu      ] GC(25) User=0.09s Sys=0.00s Real=0.02s
[2025-12-24T10:40:23.992+0000][gc,start    ] GC(26) Pause Young (Normal) (G1 Evacuation Pause)
[2025-12-24T10:40:23.994+0000][gc,task     ] GC(26) Using 8 workers of 8 for evacuation
[2025-12-24T10:40:24.000+0000][gc,phases   ] GC(26)   Pre Evacuate Collection Set: 1.5ms
[2025-12-24T10:40:24.000+0000][gc,phases   ] GC(26)   Merge Heap Roots: 0.2ms
[2025-12-24T10:40:24.000+0000][gc,phases   ] GC(26)   Evacuate Collection Set: 3.6ms
[2025-12-24T10:40:24.000+0000][gc,phases   ] GC(26)   Post Evacuate Collection Set: 1.3ms
[2025-12-24T10:40:24.001+0000][gc,phases   ] GC(26)   Other: 0.2ms
[2025-12-24T10:40:24.001+0000][gc,heap     ] GC(26) Eden regions: 609->0(609)
[2025-12-24T10:40:24.001+0000][gc,heap     ] GC(26) Survivor regions: 5->5(77)
[2025-12-24T10:40:24.001+0000][gc,heap     ] GC(26) Old regions: 23->23
[2025-12-24T10:40:24.001+0000][gc,heap     ] GC(26) Humongous regions: 131->131
[2025-12-24T10:40:24.001+0000][gc,metaspace] GC(26) Metaspace: 13667K(14016K)->13667K(14016K) NonClass: 12117K(12288K)->12117K(12288K) Class: 1550K(1728K)->1550K(1728K)
[2025-12-24T10:40:24.001+0000][gc          ] GC(26) Pause Young (Normal) (G1 Evacuation Pause) 767M->157M(1024M) 8.381ms
[2025-12-24T10:40:24.001+0000][gc,cpu      ] GC(26) User=0.04s Sys=0.00s Real=0.00s
[2025-12-24T10:40:54.282+0000][gc,start    ] GC(27) Pause Young (Normal) (G1 Evacuation Pause)
[2025-12-24T10:40:54.283+0000][gc,task     ] GC(27) Using 8 workers of 8 for evacuation
[2025-12-24T10:40:54.294+0000][gc,phases   ] GC(27)   Pre Evacuate Collection Set: 1.6ms
[2025-12-24T10:40:54.294+0000][gc,phases   ] GC(27)   Merge Heap Roots: 0.2ms
[2025-12-24T10:40:54.294+0000][gc,phases   ] GC(27)   Evacuate Collection Set: 6.6ms
[2025-12-24T10:40:54.294+0000][gc,phases   ] GC(27)   Post Evacuate Collection Set: 2.9ms
[2025-12-24T10:40:54.294+0000][gc,phases   ] GC(27)   Other: 0.2ms
[2025-12-24T10:40:54.295+0000][gc,heap     ] GC(27) Eden regions: 609->0(607)
[2025-12-24T10:40:54.295+0000][gc,heap     ] GC(27) Survivor regions: 5->7(77)
[2025-12-24T10:40:54.295+0000][gc,heap     ] GC(27) Old regions: 23->23
[2025-12-24T10:40:54.295+0000][gc,heap     ] GC(27) Humongous regions: 131->131
[2025-12-24T10:40:54.295+0000][gc,metaspace] GC(27) Metaspace: 13695K(14016K)->13695K(14016K) NonClass: 12145K(12288K)->12145K(12288K) Class: 1550K(1728K)->1550K(1728K)
[2025-12-24T10:40:54.295+0000][gc          ] GC(27) Pause Young (Normal) (G1 Evacuation Pause) 766M->159M(1024M) 13.206ms
[2025-12-24T10:40:54.295+0000][gc,cpu      ] GC(27) User=0.07s Sys=0.00s Real=0.01s
[2025-12-24T10:41:34.036+0000][gc,start    ] GC(28) Pause Young (Normal) (G1 Evacuation Pause)
[2025-12-24T10:41:34.037+0000][gc,task     ] GC(28) Using 8 workers of 8 for evacuation
[2025-12-24T10:41:34.050+0000][gc,phases   ] GC(28)   Pre Evacuate Collection Set: 1.6ms
[2025-12-24T10:41:34.050+0000][gc,phases   ] GC(28)   Merge Heap Roots: 0.7ms
[2025-12-24T10:41:34.050+0000][gc,phases   ] GC(28)   Evacuate Collection Set: 8.9ms
[2025-12-24T10:41:34.050+0000][gc,phases   ] GC(28)   Post Evacuate Collection Set: 1.6ms
[2025-12-24T10:41:34.050+0000][gc,phases   ] GC(28)   Other: 0.2ms
[2025-12-24T10:41:34.050+0000][gc,heap     ] GC(28) Eden regions: 607->0(607)
[2025-12-24T10:41:34.051+0000][gc,heap     ] GC(28) Survivor regions: 7->7(77)
[2025-12-24T10:41:34.051+0000][gc,heap     ] GC(28) Old regions: 23->23
[2025-12-24T10:41:34.051+0000][gc,heap     ] GC(28) Humongous regions: 131->131
[2025-12-24T10:41:34.051+0000][gc,metaspace] GC(28) Metaspace: 13703K(14016K)->13703K(14016K) NonClass: 12153K(12288K)->12153K(12288K) Class: 1550K(1728K)->1550K(1728K)
[2025-12-24T10:41:34.051+0000][gc          ] GC(28) Pause Young (Normal) (G1 Evacuation Pause) 766M->159M(1024M) 14.921ms
[2025-12-24T10:41:34.051+0000][gc,cpu      ] GC(28) User=0.08s Sys=0.00s Real=0.02s
[2025-12-24T10:42:04.355+0000][gc,start    ] GC(29) Pause Young (Normal) (G1 Evacuation Pause)
[2025-12-24T10:42:04.356+0000][gc,task     ] GC(29) Using 8 workers of 8 for evacuation
[2025-12-24T10:42:04.365+0000][gc,phases   ] GC(29)   Pre Evacuate Collection Set: 2.0ms
[2025-12-24T10:42:04.365+0000][gc,phases   ] GC(29)   Merge Heap Roots: 0.2ms
[2025-12-24T10:42:04.365+0000][gc,phases   ] GC(29)   Evacuate Collection Set: 5.5ms
[2025-12-24T10:42:04.365+0000][gc,phases   ] GC(29)   Post Evacuate Collection Set: 1.4ms
[2025-12-24T10:42:04.365+0000][gc,phases   ] GC(29)   Other: 0.3ms
[2025-12-24T10:42:04.365+0000][gc,heap     ] GC(29) Eden regions: 607->0(605)
[2025-12-24T10:42:04.366+0000][gc,heap     ] GC(29) Survivor regions: 7->9(77)
[2025-12-24T10:42:04.366+0000][gc,heap     ] GC(29) Old regions: 23->23
[2025-12-24T10:42:04.366+0000][gc,heap     ] GC(29) Humongous regions: 131->131
[2025-12-24T10:42:04.366+0000][gc,metaspace] GC(29) Metaspace: 13715K(14080K)->13715K(14080K) NonClass: 12165K(12352K)->12165K(12352K) Class: 1550K(1728K)->1550K(1728K)
[2025-12-24T10:42:04.366+0000][gc          ] GC(29) Pause Young (Normal) (G1 Evacuation Pause) 766M->162M(1024M) 10.797ms
[2025-12-24T10:42:04.366+0000][gc,cpu      ] GC(29) User=0.05s Sys=0.01s Real=0.02s
[2025-12-24T10:42:44.087+0000][gc,start    ] GC(30) Pause Young (Normal) (G1 Evacuation Pause)
[2025-12-24T10:42:44.093+0000][gc,task     ] GC(30) Using 8 workers of 8 for evacuation
[2025-12-24T10:42:44.125+0000][gc,phases   ] GC(30)   Pre Evacuate Collection Set: 8.8ms
[2025-12-24T10:42:44.125+0000][gc,phases   ] GC(30)   Merge Heap Roots: 0.3ms
[2025-12-24T10:42:44.125+0000][gc,phases   ] GC(30)   Evacuate Collection Set: 18.7ms
[2025-12-24T10:42:44.125+0000][gc,phases   ] GC(30)   Post Evacuate Collection Set: 2.8ms
[2025-12-24T10:42:44.125+0000][gc,phases   ] GC(30)   Other: 0.9ms
[2025-12-24T10:42:44.125+0000][gc,heap     ] GC(30) Eden regions: 605->0(606)
[2025-12-24T10:42:44.125+0000][gc,heap     ] GC(30) Survivor regions: 9->8(77)
[2025-12-24T10:42:44.126+0000][gc,heap     ] GC(30) Old regions: 23->23
[2025-12-24T10:42:44.126+0000][gc,heap     ] GC(30) Humongous regions: 131->131
[2025-12-24T10:42:44.126+0000][gc,metaspace] GC(30) Metaspace: 13742K(14080K)->13742K(14080K) NonClass: 12192K(12352K)->12192K(12352K) Class: 1550K(1728K)->1550K(1728K)
[2025-12-24T10:42:44.126+0000][gc          ] GC(30) Pause Young (Normal) (G1 Evacuation Pause) 767M->161M(1024M) 38.716ms
[2025-12-24T10:42:44.126+0000][gc,cpu      ] GC(30) User=0.14s Sys=0.02s Real=0.04s
[2025-12-24T10:43:14.324+0000][gc,start    ] GC(31) Pause Young (Normal) (G1 Evacuation Pause)
[2025-12-24T10:43:14.325+0000][gc,task     ] GC(31) Using 8 workers of 8 for evacuation
[2025-12-24T10:43:14.336+0000][gc,phases   ] GC(31)   Pre Evacuate Collection Set: 1.6ms
[2025-12-24T10:43:14.336+0000][gc,phases   ] GC(31)   Merge Heap Roots: 0.3ms
[2025-12-24T10:43:14.336+0000][gc,phases   ] GC(31)   Evacuate Collection Set: 6.3ms
[2025-12-24T10:43:14.336+0000][gc,phases   ] GC(31)   Post Evacuate Collection Set: 2.6ms
[2025-12-24T10:43:14.337+0000][gc,phases   ] GC(31)   Other: 0.5ms
[2025-12-24T10:43:14.337+0000][gc,heap     ] GC(31) Eden regions: 606->0(604)
[2025-12-24T10:43:14.337+0000][gc,heap     ] GC(31) Survivor regions: 8->10(77)
[2025-12-24T10:43:14.337+0000][gc,heap     ] GC(31) Old regions: 23->24
[2025-12-24T10:43:14.337+0000][gc,heap     ] GC(31) Humongous regions: 131->131
[2025-12-24T10:43:14.337+0000][gc,metaspace] GC(31) Metaspace: 13747K(14080K)->13747K(14080K) NonClass: 12196K(12352K)->12196K(12352K) Class: 1550K(1728K)->1550K(1728K)
[2025-12-24T10:43:14.337+0000][gc          ] GC(31) Pause Young (Normal) (G1 Evacuation Pause) 767M->163M(1024M) 13.233ms
[2025-12-24T10:43:14.337+0000][gc,cpu      ] GC(31) User=0.06s Sys=0.00s Real=0.01s
[2025-12-24T10:43:54.061+0000][gc,start    ] GC(32) Pause Young (Normal) (G1 Evacuation Pause)
[2025-12-24T10:43:54.062+0000][gc,task     ] GC(32) Using 8 workers of 8 for evacuation
[2025-12-24T10:43:54.075+0000][gc,phases   ] GC(32)   Pre Evacuate Collection Set: 1.8ms
[2025-12-24T10:43:54.075+0000][gc,phases   ] GC(32)   Merge Heap Roots: 0.3ms
[2025-12-24T10:43:54.075+0000][gc,phases   ] GC(32)   Evacuate Collection Set: 8.9ms
[2025-12-24T10:43:54.075+0000][gc,phases   ] GC(32)   Post Evacuate Collection Set: 1.6ms
[2025-12-24T10:43:54.075+0000][gc,phases   ] GC(32)   Other: 0.2ms
[2025-12-24T10:43:54.075+0000][gc,heap     ] GC(32) Eden regions: 604->0(608)
[2025-12-24T10:43:54.075+0000][gc,heap     ] GC(32) Survivor regions: 10->6(77)
[2025-12-24T10:43:54.075+0000][gc,heap     ] GC(32) Old regions: 24->24
[2025-12-24T10:43:54.075+0000][gc,heap     ] GC(32) Humongous regions: 131->131
[2025-12-24T10:43:54.075+0000][gc,metaspace] GC(32) Metaspace: 13788K(14144K)->13788K(14144K) NonClass: 12237K(12416K)->12237K(12416K) Class: 1550K(1728K)->1550K(1728K)
[2025-12-24T10:43:54.075+0000][gc          ] GC(32) Pause Young (Normal) (G1 Evacuation Pause) 767M->159M(1024M) 14.391ms
[2025-12-24T10:43:54.075+0000][gc,cpu      ] GC(32) User=0.08s Sys=0.00s Real=0.01s
[2025-12-24T10:44:24.336+0000][gc,start    ] GC(33) Pause Young (Normal) (G1 Evacuation Pause)
[2025-12-24T10:44:24.336+0000][gc,task     ] GC(33) Using 8 workers of 8 for evacuation
[2025-12-24T10:44:24.348+0000][gc,phases   ] GC(33)   Pre Evacuate Collection Set: 2.0ms
[2025-12-24T10:44:24.348+0000][gc,phases   ] GC(33)   Merge Heap Roots: 0.3ms
[2025-12-24T10:44:24.348+0000][gc,phases   ] GC(33)   Evacuate Collection Set: 7.1ms
[2025-12-24T10:44:24.348+0000][gc,phases   ] GC(33)   Post Evacuate Collection Set: 1.8ms
[2025-12-24T10:44:24.348+0000][gc,phases   ] GC(33)   Other: 0.4ms
[2025-12-24T10:44:24.348+0000][gc,heap     ] GC(33) Eden regions: 608->0(607)
[2025-12-24T10:44:24.349+0000][gc,heap     ] GC(33) Survivor regions: 6->7(77)
[2025-12-24T10:44:24.349+0000][gc,heap     ] GC(33) Old regions: 24->24
[2025-12-24T10:44:24.349+0000][gc,heap     ] GC(33) Humongous regions: 131->131
[2025-12-24T10:44:24.349+0000][gc,metaspace] GC(33) Metaspace: 14174K(14528K)->14174K(14528K) NonClass: 12564K(12736K)->12564K(12736K) Class: 1609K(1792K)->1609K(1792K)
[2025-12-24T10:44:24.349+0000][gc          ] GC(33) Pause Young (Normal) (G1 Evacuation Pause) 767M->161M(1024M) 13.444ms
[2025-12-24T10:44:24.349+0000][gc,cpu      ] GC(33) User=0.06s Sys=0.00s Real=0.02s
[2025-12-24T10:45:04.027+0000][gc,start    ] GC(34) Pause Young (Normal) (G1 Evacuation Pause)
[2025-12-24T10:45:04.028+0000][gc,task     ] GC(34) Using 8 workers of 8 for evacuation
[2025-12-24T10:45:04.042+0000][gc,phases   ] GC(34)   Pre Evacuate Collection Set: 1.5ms
[2025-12-24T10:45:04.042+0000][gc,phases   ] GC(34)   Merge Heap Roots: 0.2ms
[2025-12-24T10:45:04.042+0000][gc,phases   ] GC(34)   Evacuate Collection Set: 10.3ms
[2025-12-24T10:45:04.042+0000][gc,phases   ] GC(34)   Post Evacuate Collection Set: 2.2ms
[2025-12-24T10:45:04.042+0000][gc,phases   ] GC(34)   Other: 0.2ms
[2025-12-24T10:45:04.043+0000][gc,heap     ] GC(34) Eden regions: 607->0(607)
[2025-12-24T10:45:04.043+0000][gc,heap     ] GC(34) Survivor regions: 7->7(77)
[2025-12-24T10:45:04.043+0000][gc,heap     ] GC(34) Old regions: 24->24
[2025-12-24T10:45:04.043+0000][gc,heap     ] GC(34) Humongous regions: 131->131
[2025-12-24T10:45:04.043+0000][gc,metaspace] GC(34) Metaspace: 14177K(14528K)->14177K(14528K) NonClass: 12567K(12736K)->12567K(12736K) Class: 1609K(1792K)->1609K(1792K)
[2025-12-24T10:45:04.043+0000][gc          ] GC(34) Pause Young (Normal) (G1 Evacuation Pause) 768M->160M(1024M) 15.793ms
[2025-12-24T10:45:04.043+0000][gc,cpu      ] GC(34) User=0.08s Sys=0.01s Real=0.01s
[2025-12-24T10:45:34.304+0000][gc,start    ] GC(35) Pause Young (Normal) (G1 Evacuation Pause)
[2025-12-24T10:45:34.305+0000][gc,task     ] GC(35) Using 8 workers of 8 for evacuation
[2025-12-24T10:45:34.315+0000][gc,phases   ] GC(35)   Pre Evacuate Collection Set: 1.4ms
[2025-12-24T10:45:34.315+0000][gc,phases   ] GC(35)   Merge Heap Roots: 0.2ms
[2025-12-24T10:45:34.315+0000][gc,phases   ] GC(35)   Evacuate Collection Set: 6.3ms
[2025-12-24T10:45:34.315+0000][gc,phases   ] GC(35)   Post Evacuate Collection Set: 1.4ms
[2025-12-24T10:45:34.315+0000][gc,phases   ] GC(35)   Other: 0.2ms
[2025-12-24T10:45:34.315+0000][gc,heap     ] GC(35) Eden regions: 607->0(606)
[2025-12-24T10:45:34.315+0000][gc,heap     ] GC(35) Survivor regions: 7->8(77)
[2025-12-24T10:45:34.315+0000][gc,heap     ] GC(35) Old regions: 24->24
[2025-12-24T10:45:34.315+0000][gc,heap     ] GC(35) Humongous regions: 131->131
[2025-12-24T10:45:34.315+0000][gc,metaspace] GC(35) Metaspace: 14183K(14528K)->14183K(14528K) NonClass: 12574K(12736K)->12574K(12736K) Class: 1609K(1792K)->1609K(1792K)
[2025-12-24T10:45:34.315+0000][gc          ] GC(35) Pause Young (Normal) (G1 Evacuation Pause) 767M->162M(1024M) 11.049ms
[2025-12-24T10:45:34.315+0000][gc,cpu      ] GC(35) User=0.06s Sys=0.00s Real=0.01s
[2025-12-24T10:46:14.040+0000][gc,start    ] GC(36) Pause Young (Normal) (G1 Evacuation Pause)
[2025-12-24T10:46:14.043+0000][gc,task     ] GC(36) Using 8 workers of 8 for evacuation
[2025-12-24T10:46:14.060+0000][gc,phases   ] GC(36)   Pre Evacuate Collection Set: 2.4ms
[2025-12-24T10:46:14.060+0000][gc,phases   ] GC(36)   Merge Heap Roots: 0.2ms
[2025-12-24T10:46:14.060+0000][gc,phases   ] GC(36)   Evacuate Collection Set: 12.1ms
[2025-12-24T10:46:14.060+0000][gc,phases   ] GC(36)   Post Evacuate Collection Set: 1.5ms
[2025-12-24T10:46:14.060+0000][gc,phases   ] GC(36)   Other: 0.5ms
[2025-12-24T10:46:14.060+0000][gc,heap     ] GC(36) Eden regions: 606->0(606)
[2025-12-24T10:46:14.060+0000][gc,heap     ] GC(36) Survivor regions: 8->8(77)
[2025-12-24T10:46:14.060+0000][gc,heap     ] GC(36) Old regions: 24->24
[2025-12-24T10:46:14.060+0000][gc,heap     ] GC(36) Humongous regions: 131->131
[2025-12-24T10:46:14.060+0000][gc,metaspace] GC(36) Metaspace: 14198K(14528K)->14198K(14528K) NonClass: 12588K(12736K)->12588K(12736K) Class: 1609K(1792K)->1609K(1792K)
[2025-12-24T10:46:14.060+0000][gc          ] GC(36) Pause Young (Normal) (G1 Evacuation Pause) 768M->162M(1024M) 20.265ms
[2025-12-24T10:46:14.060+0000][gc,cpu      ] GC(36) User=0.09s Sys=0.01s Real=0.02s
[2025-12-24T10:46:44.276+0000][gc,start    ] GC(37) Pause Young (Normal) (G1 Evacuation Pause)
[2025-12-24T10:46:44.277+0000][gc,task     ] GC(37) Using 8 workers of 8 for evacuation
[2025-12-24T10:46:44.296+0000][gc,phases   ] GC(37)   Pre Evacuate Collection Set: 3.3ms
[2025-12-24T10:46:44.297+0000][gc,phases   ] GC(37)   Merge Heap Roots: 0.5ms
[2025-12-24T10:46:44.297+0000][gc,phases   ] GC(37)   Evacuate Collection Set: 13.3ms
[2025-12-24T10:46:44.297+0000][gc,phases   ] GC(37)   Post Evacuate Collection Set: 1.9ms
[2025-12-24T10:46:44.297+0000][gc,phases   ] GC(37)   Other: 0.5ms
[2025-12-24T10:46:44.297+0000][gc,heap     ] GC(37) Eden regions: 606->0(604)
[2025-12-24T10:46:44.297+0000][gc,heap     ] GC(37) Survivor regions: 8->10(77)
[2025-12-24T10:46:44.297+0000][gc,heap     ] GC(37) Old regions: 24->25
[2025-12-24T10:46:44.297+0000][gc,heap     ] GC(37) Humongous regions: 131->131
[2025-12-24T10:46:44.297+0000][gc,metaspace] GC(37) Metaspace: 14206K(14528K)->14206K(14528K) NonClass: 12596K(12736K)->12596K(12736K) Class: 1609K(1792K)->1609K(1792K)
[2025-12-24T10:46:44.297+0000][gc          ] GC(37) Pause Young (Normal) (G1 Evacuation Pause) 768M->164M(1024M) 21.728ms
[2025-12-24T10:46:44.297+0000][gc,cpu      ] GC(37) User=0.13s Sys=0.00s Real=0.02s
[2025-12-24T10:47:23.968+0000][gc,start    ] GC(38) Pause Young (Normal) (G1 Evacuation Pause)
[2025-12-24T10:47:23.969+0000][gc,task     ] GC(38) Using 8 workers of 8 for evacuation
[2025-12-24T10:47:23.988+0000][gc,phases   ] GC(38)   Pre Evacuate Collection Set: 1.4ms
[2025-12-24T10:47:23.988+0000][gc,phases   ] GC(38)   Merge Heap Roots: 0.3ms
[2025-12-24T10:47:23.988+0000][gc,phases   ] GC(38)   Evacuate Collection Set: 15.8ms
[2025-12-24T10:47:23.988+0000][gc,phases   ] GC(38)   Post Evacuate Collection Set: 1.6ms
[2025-12-24T10:47:23.988+0000][gc,phases   ] GC(38)   Other: 0.2ms
[2025-12-24T10:47:23.988+0000][gc,heap     ] GC(38) Eden regions: 604->0(605)
[2025-12-24T10:47:23.988+0000][gc,heap     ] GC(38) Survivor regions: 10->9(77)
[2025-12-24T10:47:23.988+0000][gc,heap     ] GC(38) Old regions: 25->25
[2025-12-24T10:47:23.988+0000][gc,heap     ] GC(38) Humongous regions: 131->131
[2025-12-24T10:47:23.988+0000][gc,metaspace] GC(38) Metaspace: 14213K(14528K)->14213K(14528K) NonClass: 12603K(12736K)->12603K(12736K) Class: 1609K(1792K)->1609K(1792K)
[2025-12-24T10:47:23.989+0000][gc          ] GC(38) Pause Young (Normal) (G1 Evacuation Pause) 768M->164M(1024M) 20.338ms
[2025-12-24T10:47:23.989+0000][gc,cpu      ] GC(38) User=0.13s Sys=0.00s Real=0.02s
[2025-12-24T10:47:54.199+0000][gc,start    ] GC(39) Pause Young (Normal) (G1 Evacuation Pause)
[2025-12-24T10:47:54.201+0000][gc,task     ] GC(39) Using 8 workers of 8 for evacuation
[2025-12-24T10:47:54.211+0000][gc,phases   ] GC(39)   Pre Evacuate Collection Set: 1.6ms
[2025-12-24T10:47:54.211+0000][gc,phases   ] GC(39)   Merge Heap Roots: 0.2ms
[2025-12-24T10:47:54.211+0000][gc,phases   ] GC(39)   Evacuate Collection Set: 6.8ms
[2025-12-24T10:47:54.211+0000][gc,phases   ] GC(39)   Post Evacuate Collection Set: 1.2ms
[2025-12-24T10:47:54.211+0000][gc,phases   ] GC(39)   Other: 0.2ms
[2025-12-24T10:47:54.211+0000][gc,heap     ] GC(39) Eden regions: 605->0(604)
[2025-12-24T10:47:54.211+0000][gc,heap     ] GC(39) Survivor regions: 9->10(77)
[2025-12-24T10:47:54.211+0000][gc,heap     ] GC(39) Old regions: 25->25
[2025-12-24T10:47:54.211+0000][gc,heap     ] GC(39) Humongous regions: 131->131
[2025-12-24T10:47:54.211+0000][gc,metaspace] GC(39) Metaspace: 14416K(14848K)->14416K(14848K) NonClass: 12777K(12992K)->12777K(12992K) Class: 1638K(1856K)->1638K(1856K)
[2025-12-24T10:47:54.211+0000][gc          ] GC(39) Pause Young (Normal) (G1 Evacuation Pause) 769M->165M(1024M) 11.916ms
[2025-12-24T10:47:54.211+0000][gc,cpu      ] GC(39) User=0.06s Sys=0.00s Real=0.01s
[2025-12-24T10:48:34.042+0000][gc,start    ] GC(40) Pause Young (Normal) (G1 Evacuation Pause)
[2025-12-24T10:48:34.043+0000][gc,task     ] GC(40) Using 8 workers of 8 for evacuation
[2025-12-24T10:48:34.056+0000][gc,phases   ] GC(40)   Pre Evacuate Collection Set: 1.7ms
[2025-12-24T10:48:34.056+0000][gc,phases   ] GC(40)   Merge Heap Roots: 0.3ms
[2025-12-24T10:48:34.056+0000][gc,phases   ] GC(40)   Evacuate Collection Set: 8.3ms
[2025-12-24T10:48:34.056+0000][gc,phases   ] GC(40)   Post Evacuate Collection Set: 1.9ms
[2025-12-24T10:48:34.056+0000][gc,phases   ] GC(40)   Other: 0.3ms
[2025-12-24T10:48:34.056+0000][gc,heap     ] GC(40) Eden regions: 604->0(608)
[2025-12-24T10:48:34.056+0000][gc,heap     ] GC(40) Survivor regions: 10->6(77)
[2025-12-24T10:48:34.056+0000][gc,heap     ] GC(40) Old regions: 25->25
[2025-12-24T10:48:34.056+0000][gc,heap     ] GC(40) Humongous regions: 131->131
[2025-12-24T10:48:34.056+0000][gc,metaspace] GC(40) Metaspace: 14483K(14912K)->14483K(14912K) NonClass: 12838K(13056K)->12838K(13056K) Class: 1645K(1856K)->1645K(1856K)
[2025-12-24T10:48:34.056+0000][gc          ] GC(40) Pause Young (Normal) (G1 Evacuation Pause) 769M->161M(1024M) 14.036ms
[2025-12-24T10:48:34.057+0000][gc,cpu      ] GC(40) User=0.07s Sys=0.00s Real=0.01s
[2025-12-24T10:49:04.196+0000][gc,start    ] GC(41) Pause Young (Normal) (G1 Evacuation Pause)
[2025-12-24T10:49:04.196+0000][gc,task     ] GC(41) Using 8 workers of 8 for evacuation
[2025-12-24T10:49:04.206+0000][gc,phases   ] GC(41)   Pre Evacuate Collection Set: 1.6ms
[2025-12-24T10:49:04.206+0000][gc,phases   ] GC(41)   Merge Heap Roots: 0.2ms
[2025-12-24T10:49:04.206+0000][gc,phases   ] GC(41)   Evacuate Collection Set: 6.3ms
[2025-12-24T10:49:04.206+0000][gc,phases   ] GC(41)   Post Evacuate Collection Set: 1.4ms
[2025-12-24T10:49:04.206+0000][gc,phases   ] GC(41)   Other: 0.3ms
[2025-12-24T10:49:04.206+0000][gc,heap     ] GC(41) Eden regions: 608->0(607)
[2025-12-24T10:49:04.207+0000][gc,heap     ] GC(41) Survivor regions: 6->7(77)
[2025-12-24T10:49:04.207+0000][gc,heap     ] GC(41) Old regions: 25->26
[2025-12-24T10:49:04.207+0000][gc,heap     ] GC(41) Humongous regions: 131->131
[2025-12-24T10:49:04.207+0000][gc,metaspace] GC(41) Metaspace: 14513K(14912K)->14513K(14912K) NonClass: 12868K(13056K)->12868K(13056K) Class: 1645K(1856K)->1645K(1856K)
[2025-12-24T10:49:04.207+0000][gc          ] GC(41) Pause Young (Normal) (G1 Evacuation Pause) 769M->162M(1024M) 11.086ms
[2025-12-24T10:49:04.207+0000][gc,cpu      ] GC(41) User=0.06s Sys=0.00s Real=0.01s
[2025-12-24T10:49:43.916+0000][gc,start    ] GC(42) Pause Young (Normal) (G1 Evacuation Pause)
[2025-12-24T10:49:43.916+0000][gc,task     ] GC(42) Using 8 workers of 8 for evacuation
[2025-12-24T10:49:43.935+0000][gc,phases   ] GC(42)   Pre Evacuate Collection Set: 1.8ms
[2025-12-24T10:49:43.935+0000][gc,phases   ] GC(42)   Merge Heap Roots: 0.2ms
[2025-12-24T10:49:43.935+0000][gc,phases   ] GC(42)   Evacuate Collection Set: 15.2ms
[2025-12-24T10:49:43.935+0000][gc,phases   ] GC(42)   Post Evacuate Collection Set: 1.4ms
[2025-12-24T10:49:43.935+0000][gc,phases   ] GC(42)   Other: 0.3ms
[2025-12-24T10:49:43.935+0000][gc,heap     ] GC(42) Eden regions: 607->0(607)
[2025-12-24T10:49:43.936+0000][gc,heap     ] GC(42) Survivor regions: 7->7(77)
[2025-12-24T10:49:43.936+0000][gc,heap     ] GC(42) Old regions: 26->26
[2025-12-24T10:49:43.936+0000][gc,heap     ] GC(42) Humongous regions: 131->131
[2025-12-24T10:49:43.936+0000][gc,metaspace] GC(42) Metaspace: 14519K(14912K)->14519K(14912K) NonClass: 12873K(13056K)->12873K(13056K) Class: 1645K(1856K)->1645K(1856K)
[2025-12-24T10:49:43.936+0000][gc          ] GC(42) Pause Young (Normal) (G1 Evacuation Pause) 769M->162M(1024M) 19.976ms
[2025-12-24T10:49:43.936+0000][gc,cpu      ] GC(42) User=0.09s Sys=0.00s Real=0.02s
[2025-12-24T10:50:14.470+0000][gc,start    ] GC(43) Pause Young (Normal) (G1 Evacuation Pause)
[2025-12-24T10:50:14.471+0000][gc,task     ] GC(43) Using 8 workers of 8 for evacuation
[2025-12-24T10:50:14.480+0000][gc,phases   ] GC(43)   Pre Evacuate Collection Set: 1.3ms
[2025-12-24T10:50:14.480+0000][gc,phases   ] GC(43)   Merge Heap Roots: 0.2ms
[2025-12-24T10:50:14.480+0000][gc,phases   ] GC(43)   Evacuate Collection Set: 5.4ms
[2025-12-24T10:50:14.480+0000][gc,phases   ] GC(43)   Post Evacuate Collection Set: 1.2ms
[2025-12-24T10:50:14.480+0000][gc,phases   ] GC(43)   Other: 0.3ms
[2025-12-24T10:50:14.480+0000][gc,heap     ] GC(43) Eden regions: 607->0(605)
[2025-12-24T10:50:14.480+0000][gc,heap     ] GC(43) Survivor regions: 7->9(77)
[2025-12-24T10:50:14.480+0000][gc,heap     ] GC(43) Old regions: 26->26
[2025-12-24T10:50:14.480+0000][gc,heap     ] GC(43) Humongous regions: 131->131
[2025-12-24T10:50:14.480+0000][gc,metaspace] GC(43) Metaspace: 14521K(14912K)->14521K(14912K) NonClass: 12875K(13056K)->12875K(13056K) Class: 1645K(1856K)->1645K(1856K)
[2025-12-24T10:50:14.480+0000][gc          ] GC(43) Pause Young (Normal) (G1 Evacuation Pause) 769M->164M(1024M) 10.557ms
[2025-12-24T10:50:14.480+0000][gc,cpu      ] GC(43) User=0.05s Sys=0.00s Real=0.01s
[2025-12-24T10:50:54.191+0000][gc,start    ] GC(44) Pause Young (Normal) (G1 Evacuation Pause)
[2025-12-24T10:50:54.192+0000][gc,task     ] GC(44) Using 8 workers of 8 for evacuation
[2025-12-24T10:50:54.212+0000][gc,phases   ] GC(44)   Pre Evacuate Collection Set: 2.5ms
[2025-12-24T10:50:54.213+0000][gc,phases   ] GC(44)   Merge Heap Roots: 1.0ms
[2025-12-24T10:50:54.213+0000][gc,phases   ] GC(44)   Evacuate Collection Set: 15.0ms
[2025-12-24T10:50:54.213+0000][gc,phases   ] GC(44)   Post Evacuate Collection Set: 1.5ms
[2025-12-24T10:50:54.213+0000][gc,phases   ] GC(44)   Other: 0.2ms
[2025-12-24T10:50:54.213+0000][gc,heap     ] GC(44) Eden regions: 605->0(606)
[2025-12-24T10:50:54.213+0000][gc,heap     ] GC(44) Survivor regions: 9->8(77)
[2025-12-24T10:50:54.213+0000][gc,heap     ] GC(44) Old regions: 26->26
[2025-12-24T10:50:54.213+0000][gc,heap     ] GC(44) Humongous regions: 131->131
[2025-12-24T10:50:54.213+0000][gc,metaspace] GC(44) Metaspace: 14521K(14912K)->14521K(14912K) NonClass: 12875K(13056K)->12875K(13056K) Class: 1645K(1856K)->1645K(1856K)
[2025-12-24T10:50:54.213+0000][gc          ] GC(44) Pause Young (Normal) (G1 Evacuation Pause) 769M->164M(1024M) 22.009ms
[2025-12-24T10:50:54.213+0000][gc,cpu      ] GC(44) User=0.14s Sys=0.01s Real=0.02s
[2025-12-24T10:51:24.500+0000][gc,start    ] GC(45) Pause Young (Normal) (G1 Evacuation Pause)
[2025-12-24T10:51:24.502+0000][gc,task     ] GC(45) Using 8 workers of 8 for evacuation
[2025-12-24T10:51:24.517+0000][gc,phases   ] GC(45)   Pre Evacuate Collection Set: 1.4ms
[2025-12-24T10:51:24.518+0000][gc,phases   ] GC(45)   Merge Heap Roots: 0.3ms
[2025-12-24T10:51:24.518+0000][gc,phases   ] GC(45)   Evacuate Collection Set: 12.2ms
[2025-12-24T10:51:24.518+0000][gc,phases   ] GC(45)   Post Evacuate Collection Set: 1.4ms
[2025-12-24T10:51:24.518+0000][gc,phases   ] GC(45)   Other: 0.3ms
[2025-12-24T10:51:24.518+0000][gc,heap     ] GC(45) Eden regions: 606->0(605)
[2025-12-24T10:51:24.518+0000][gc,heap     ] GC(45) Survivor regions: 8->9(77)
[2025-12-24T10:51:24.518+0000][gc,heap     ] GC(45) Old regions: 26->26
[2025-12-24T10:51:24.518+0000][gc,heap     ] GC(45) Humongous regions: 131->131
[2025-12-24T10:51:24.518+0000][gc,metaspace] GC(45) Metaspace: 14524K(14912K)->14524K(14912K) NonClass: 12879K(13056K)->12879K(13056K) Class: 1645K(1856K)->1645K(1856K)
[2025-12-24T10:51:24.518+0000][gc          ] GC(45) Pause Young (Normal) (G1 Evacuation Pause) 770M->165M(1024M) 17.752ms
[2025-12-24T10:51:24.518+0000][gc,cpu      ] GC(45) User=0.09s Sys=0.00s Real=0.02s
[2025-12-24T10:52:04.178+0000][gc,start    ] GC(46) Pause Young (Normal) (G1 Evacuation Pause)
[2025-12-24T10:52:04.180+0000][gc,task     ] GC(46) Using 8 workers of 8 for evacuation
[2025-12-24T10:52:04.194+0000][gc,phases   ] GC(46)   Pre Evacuate Collection Set: 1.8ms
[2025-12-24T10:52:04.194+0000][gc,phases   ] GC(46)   Merge Heap Roots: 0.2ms
[2025-12-24T10:52:04.194+0000][gc,phases   ] GC(46)   Evacuate Collection Set: 10.7ms
[2025-12-24T10:52:04.194+0000][gc,phases   ] GC(46)   Post Evacuate Collection Set: 1.6ms
[2025-12-24T10:52:04.194+0000][gc,phases   ] GC(46)   Other: 0.3ms
[2025-12-24T10:52:04.194+0000][gc,heap     ] GC(46) Eden regions: 605->0(605)
[2025-12-24T10:52:04.195+0000][gc,heap     ] GC(46) Survivor regions: 9->9(77)
[2025-12-24T10:52:04.195+0000][gc,heap     ] GC(46) Old regions: 26->27
[2025-12-24T10:52:04.195+0000][gc,heap     ] GC(46) Humongous regions: 131->131
[2025-12-24T10:52:04.195+0000][gc,metaspace] GC(46) Metaspace: 14529K(14912K)->14529K(14912K) NonClass: 12883K(13056K)->12883K(13056K) Class: 1645K(1856K)->1645K(1856K)
[2025-12-24T10:52:04.195+0000][gc          ] GC(46) Pause Young (Normal) (G1 Evacuation Pause) 770M->166M(1024M) 16.532ms
[2025-12-24T10:52:04.195+0000][gc,cpu      ] GC(46) User=0.09s Sys=0.01s Real=0.01s
[2025-12-24T10:52:34.434+0000][gc,start    ] GC(47) Pause Young (Normal) (G1 Evacuation Pause)
[2025-12-24T10:52:34.436+0000][gc,task     ] GC(47) Using 8 workers of 8 for evacuation
[2025-12-24T10:52:34.446+0000][gc,phases   ] GC(47)   Pre Evacuate Collection Set: 1.6ms
[2025-12-24T10:52:34.447+0000][gc,phases   ] GC(47)   Merge Heap Roots: 0.2ms
[2025-12-24T10:52:34.447+0000][gc,phases   ] GC(47)   Evacuate Collection Set: 7.6ms
[2025-12-24T10:52:34.447+0000][gc,phases   ] GC(47)   Post Evacuate Collection Set: 1.2ms
[2025-12-24T10:52:34.447+0000][gc,phases   ] GC(47)   Other: 0.2ms
[2025-12-24T10:52:34.447+0000][gc,heap     ] GC(47) Eden regions: 605->0(608)
[2025-12-24T10:52:34.447+0000][gc,heap     ] GC(47) Survivor regions: 9->6(77)
[2025-12-24T10:52:34.447+0000][gc,heap     ] GC(47) Old regions: 27->27
[2025-12-24T10:52:34.447+0000][gc,heap     ] GC(47) Humongous regions: 131->131
[2025-12-24T10:52:34.447+0000][gc,metaspace] GC(47) Metaspace: 14534K(14912K)->14534K(14912K) NonClass: 12889K(13056K)->12889K(13056K) Class: 1645K(1856K)->1645K(1856K)
[2025-12-24T10:52:34.447+0000][gc          ] GC(47) Pause Young (Normal) (G1 Evacuation Pause) 771M->163M(1024M) 12.779ms
[2025-12-24T10:52:34.447+0000][gc,cpu      ] GC(47) User=0.07s Sys=0.00s Real=0.01s
[2025-12-24T10:53:14.148+0000][gc,start    ] GC(48) Pause Young (Normal) (G1 Evacuation Pause)
[2025-12-24T10:53:14.149+0000][gc,task     ] GC(48) Using 8 workers of 8 for evacuation
[2025-12-24T10:53:14.160+0000][gc,phases   ] GC(48)   Pre Evacuate Collection Set: 2.0ms
[2025-12-24T10:53:14.160+0000][gc,phases   ] GC(48)   Merge Heap Roots: 0.2ms
[2025-12-24T10:53:14.160+0000][gc,phases   ] GC(48)   Evacuate Collection Set: 6.2ms
[2025-12-24T10:53:14.160+0000][gc,phases   ] GC(48)   Post Evacuate Collection Set: 1.5ms
[2025-12-24T10:53:14.160+0000][gc,phases   ] GC(48)   Other: 0.2ms
[2025-12-24T10:53:14.160+0000][gc,heap     ] GC(48) Eden regions: 608->0(608)
[2025-12-24T10:53:14.160+0000][gc,heap     ] GC(48) Survivor regions: 6->6(77)
[2025-12-24T10:53:14.160+0000][gc,heap     ] GC(48) Old regions: 27->27
[2025-12-24T10:53:14.160+0000][gc,heap     ] GC(48) Humongous regions: 131->131
[2025-12-24T10:53:14.160+0000][gc,metaspace] GC(48) Metaspace: 14554K(15040K)->14554K(15040K) NonClass: 12908K(13184K)->12908K(13184K) Class: 1646K(1856K)->1646K(1856K)
[2025-12-24T10:53:14.160+0000][gc          ] GC(48) Pause Young (Normal) (G1 Evacuation Pause) 771M->162M(1024M) 11.735ms
[2025-12-24T10:53:14.160+0000][gc,cpu      ] GC(48) User=0.06s Sys=0.00s Real=0.02s
[2025-12-24T10:53:44.446+0000][gc,start    ] GC(49) Pause Young (Normal) (G1 Evacuation Pause)
[2025-12-24T10:53:44.447+0000][gc,task     ] GC(49) Using 8 workers of 8 for evacuation
[2025-12-24T10:53:44.458+0000][gc,phases   ] GC(49)   Pre Evacuate Collection Set: 1.6ms
[2025-12-24T10:53:44.458+0000][gc,phases   ] GC(49)   Merge Heap Roots: 0.3ms
[2025-12-24T10:53:44.458+0000][gc,phases   ] GC(49)   Evacuate Collection Set: 7.7ms
[2025-12-24T10:53:44.459+0000][gc,phases   ] GC(49)   Post Evacuate Collection Set: 1.8ms
[2025-12-24T10:53:44.459+0000][gc,phases   ] GC(49)   Other: 0.2ms
[2025-12-24T10:53:44.459+0000][gc,heap     ] GC(49) Eden regions: 608->0(607)
[2025-12-24T10:53:44.459+0000][gc,heap     ] GC(49) Survivor regions: 6->7(77)
[2025-12-24T10:53:44.459+0000][gc,heap     ] GC(49) Old regions: 27->28
[2025-12-24T10:53:44.459+0000][gc,heap     ] GC(49) Humongous regions: 131->131
[2025-12-24T10:53:44.459+0000][gc,metaspace] GC(49) Metaspace: 14556K(15040K)->14556K(15040K) NonClass: 12910K(13184K)->12910K(13184K) Class: 1646K(1856K)->1646K(1856K)
[2025-12-24T10:53:44.459+0000][gc          ] GC(49) Pause Young (Normal) (G1 Evacuation Pause) 770M->165M(1024M) 12.732ms
[2025-12-24T10:53:44.459+0000][gc,cpu      ] GC(49) User=0.07s Sys=0.00s Real=0.01s
[2025-12-24T10:54:24.139+0000][gc,start    ] GC(50) Pause Young (Normal) (G1 Evacuation Pause)
[2025-12-24T10:54:24.140+0000][gc,task     ] GC(50) Using 8 workers of 8 for evacuation
[2025-12-24T10:54:24.162+0000][gc,phases   ] GC(50)   Pre Evacuate Collection Set: 1.6ms
[2025-12-24T10:54:24.162+0000][gc,phases   ] GC(50)   Merge Heap Roots: 0.3ms
[2025-12-24T10:54:24.162+0000][gc,phases   ] GC(50)   Evacuate Collection Set: 17.6ms
[2025-12-24T10:54:24.162+0000][gc,phases   ] GC(50)   Post Evacuate Collection Set: 1.9ms
[2025-12-24T10:54:24.162+0000][gc,phases   ] GC(50)   Other: 0.3ms
[2025-12-24T10:54:24.162+0000][gc,heap     ] GC(50) Eden regions: 607->0(607)
[2025-12-24T10:54:24.162+0000][gc,heap     ] GC(50) Survivor regions: 7->7(77)
[2025-12-24T10:54:24.162+0000][gc,heap     ] GC(50) Old regions: 28->28
[2025-12-24T10:54:24.162+0000][gc,heap     ] GC(50) Humongous regions: 131->131
[2025-12-24T10:54:24.162+0000][gc,metaspace] GC(50) Metaspace: 14563K(15040K)->14563K(15040K) NonClass: 12916K(13184K)->12916K(13184K) Class: 1646K(1856K)->1646K(1856K)
[2025-12-24T10:54:24.162+0000][gc          ] GC(50) Pause Young (Normal) (G1 Evacuation Pause) 772M->164M(1024M) 23.125ms
[2025-12-24T10:54:24.163+0000][gc,cpu      ] GC(50) User=0.15s Sys=0.00s Real=0.03s
[2025-12-24T10:54:54.413+0000][gc,start    ] GC(51) Pause Young (Normal) (G1 Evacuation Pause)
[2025-12-24T10:54:54.413+0000][gc,task     ] GC(51) Using 8 workers of 8 for evacuation
[2025-12-24T10:54:54.427+0000][gc,phases   ] GC(51)   Pre Evacuate Collection Set: 1.8ms
[2025-12-24T10:54:54.428+0000][gc,phases   ] GC(51)   Merge Heap Roots: 0.2ms
[2025-12-24T10:54:54.428+0000][gc,phases   ] GC(51)   Evacuate Collection Set: 10.7ms
[2025-12-24T10:54:54.428+0000][gc,phases   ] GC(51)   Post Evacuate Collection Set: 1.4ms
[2025-12-24T10:54:54.428+0000][gc,phases   ] GC(51)   Other: 0.2ms
[2025-12-24T10:54:54.428+0000][gc,heap     ] GC(51) Eden regions: 607->0(605)
[2025-12-24T10:54:54.428+0000][gc,heap     ] GC(51) Survivor regions: 7->9(77)
[2025-12-24T10:54:54.428+0000][gc,heap     ] GC(51) Old regions: 28->28
[2025-12-24T10:54:54.428+0000][gc,heap     ] GC(51) Humongous regions: 131->131
[2025-12-24T10:54:54.428+0000][gc,metaspace] GC(51) Metaspace: 14567K(15040K)->14567K(15040K) NonClass: 12921K(13184K)->12921K(13184K) Class: 1646K(1856K)->1646K(1856K)
[2025-12-24T10:54:54.428+0000][gc          ] GC(51) Pause Young (Normal) (G1 Evacuation Pause) 771M->166M(1024M) 15.298ms
[2025-12-24T10:54:54.428+0000][gc,cpu      ] GC(51) User=0.10s Sys=0.00s Real=0.02s
[2025-12-24T10:55:34.088+0000][gc,start    ] GC(52) Pause Young (Normal) (G1 Evacuation Pause)
[2025-12-24T10:55:34.088+0000][gc,task     ] GC(52) Using 8 workers of 8 for evacuation
[2025-12-24T10:55:34.107+0000][gc,phases   ] GC(52)   Pre Evacuate Collection Set: 3.4ms
[2025-12-24T10:55:34.107+0000][gc,phases   ] GC(52)   Merge Heap Roots: 0.8ms
[2025-12-24T10:55:34.107+0000][gc,phases   ] GC(52)   Evacuate Collection Set: 11.9ms
[2025-12-24T10:55:34.107+0000][gc,phases   ] GC(52)   Post Evacuate Collection Set: 2.0ms
[2025-12-24T10:55:34.107+0000][gc,phases   ] GC(52)   Other: 0.4ms
[2025-12-24T10:55:34.107+0000][gc,heap     ] GC(52) Eden regions: 605->0(606)
[2025-12-24T10:55:34.108+0000][gc,heap     ] GC(52) Survivor regions: 9->8(77)
[2025-12-24T10:55:34.108+0000][gc,heap     ] GC(52) Old regions: 28->28
[2025-12-24T10:55:34.108+0000][gc,heap     ] GC(52) Humongous regions: 131->131
[2025-12-24T10:55:34.108+0000][gc,metaspace] GC(52) Metaspace: 14579K(15040K)->14579K(15040K) NonClass: 12933K(13184K)->12933K(13184K) Class: 1646K(1856K)->1646K(1856K)
[2025-12-24T10:55:34.108+0000][gc          ] GC(52) Pause Young (Normal) (G1 Evacuation Pause) 771M->166M(1024M) 20.234ms
[2025-12-24T10:55:34.108+0000][gc,cpu      ] GC(52) User=0.10s Sys=0.01s Real=0.02s
[2025-12-24T10:56:04.364+0000][gc,start    ] GC(53) Pause Young (Normal) (G1 Evacuation Pause)
[2025-12-24T10:56:04.364+0000][gc,task     ] GC(53) Using 8 workers of 8 for evacuation
[2025-12-24T10:56:04.383+0000][gc,phases   ] GC(53)   Pre Evacuate Collection Set: 1.5ms
[2025-12-24T10:56:04.383+0000][gc,phases   ] GC(53)   Merge Heap Roots: 0.2ms
[2025-12-24T10:56:04.383+0000][gc,phases   ] GC(53)   Evacuate Collection Set: 15.7ms
[2025-12-24T10:56:04.383+0000][gc,phases   ] GC(53)   Post Evacuate Collection Set: 1.3ms
[2025-12-24T10:56:04.383+0000][gc,phases   ] GC(53)   Other: 0.1ms
[2025-12-24T10:56:04.383+0000][gc,heap     ] GC(53) Eden regions: 606->0(605)
[2025-12-24T10:56:04.383+0000][gc,heap     ] GC(53) Survivor regions: 8->9(77)
[2025-12-24T10:56:04.384+0000][gc,heap     ] GC(53) Old regions: 28->29
[2025-12-24T10:56:04.384+0000][gc,heap     ] GC(53) Humongous regions: 131->131
[2025-12-24T10:56:04.384+0000][gc,metaspace] GC(53) Metaspace: 14580K(15040K)->14580K(15040K) NonClass: 12934K(13184K)->12934K(13184K) Class: 1646K(1856K)->1646K(1856K)
[2025-12-24T10:56:04.384+0000][gc          ] GC(53) Pause Young (Normal) (G1 Evacuation Pause) 772M->168M(1024M) 19.853ms
[2025-12-24T10:56:04.384+0000][gc,cpu      ] GC(53) User=0.14s Sys=0.00s Real=0.02s
[2025-12-24T10:56:34.648+0000][gc,start    ] GC(54) Pause Young (Normal) (G1 Evacuation Pause)
[2025-12-24T10:56:34.649+0000][gc,task     ] GC(54) Using 8 workers of 8 for evacuation
[2025-12-24T10:56:34.660+0000][gc,phases   ] GC(54)   Pre Evacuate Collection Set: 5.2ms
[2025-12-24T10:56:34.661+0000][gc,phases   ] GC(54)   Merge Heap Roots: 0.4ms
[2025-12-24T10:56:34.661+0000][gc,phases   ] GC(54)   Evacuate Collection Set: 4.7ms
[2025-12-24T10:56:34.661+0000][gc,phases   ] GC(54)   Post Evacuate Collection Set: 1.2ms
[2025-12-24T10:56:34.661+0000][gc,phases   ] GC(54)   Other: 0.3ms
[2025-12-24T10:56:34.661+0000][gc,heap     ] GC(54) Eden regions: 605->0(607)
[2025-12-24T10:56:34.661+0000][gc,heap     ] GC(54) Survivor regions: 9->7(77)
[2025-12-24T10:56:34.661+0000][gc,heap     ] GC(54) Old regions: 29->29
[2025-12-24T10:56:34.661+0000][gc,heap     ] GC(54) Humongous regions: 131->131
[2025-12-24T10:56:34.661+0000][gc,metaspace] GC(54) Metaspace: 14580K(15040K)->14580K(15040K) NonClass: 12934K(13184K)->12934K(13184K) Class: 1646K(1856K)->1646K(1856K)
[2025-12-24T10:56:34.661+0000][gc          ] GC(54) Pause Young (Normal) (G1 Evacuation Pause) 773M->165M(1024M) 13.243ms
[2025-12-24T10:56:34.661+0000][gc,cpu      ] GC(54) User=0.07s Sys=0.01s Real=0.01s
[2025-12-24T10:57:14.312+0000][gc,start    ] GC(55) Pause Young (Normal) (G1 Evacuation Pause)
[2025-12-24T10:57:14.312+0000][gc,task     ] GC(55) Using 8 workers of 8 for evacuation
[2025-12-24T10:57:14.320+0000][gc,phases   ] GC(55)   Pre Evacuate Collection Set: 1.5ms
[2025-12-24T10:57:14.320+0000][gc,phases   ] GC(55)   Merge Heap Roots: 0.3ms
[2025-12-24T10:57:14.320+0000][gc,phases   ] GC(55)   Evacuate Collection Set: 4.9ms
[2025-12-24T10:57:14.320+0000][gc,phases   ] GC(55)   Post Evacuate Collection Set: 1.3ms
[2025-12-24T10:57:14.320+0000][gc,phases   ] GC(55)   Other: 0.2ms
[2025-12-24T10:57:14.320+0000][gc,heap     ] GC(55) Eden regions: 607->0(608)
[2025-12-24T10:57:14.320+0000][gc,heap     ] GC(55) Survivor regions: 7->6(77)
[2025-12-24T10:57:14.321+0000][gc,heap     ] GC(55) Old regions: 29->29
[2025-12-24T10:57:14.321+0000][gc,heap     ] GC(55) Humongous regions: 131->131
[2025-12-24T10:57:14.321+0000][gc,metaspace] GC(55) Metaspace: 14587K(15040K)->14587K(15040K) NonClass: 12941K(13184K)->12941K(13184K) Class: 1646K(1856K)->1646K(1856K)
[2025-12-24T10:57:14.321+0000][gc          ] GC(55) Pause Young (Normal) (G1 Evacuation Pause) 772M->165M(1024M) 9.252ms
[2025-12-24T10:57:14.321+0000][gc,cpu      ] GC(55) User=0.05s Sys=0.00s Real=0.01s
[2025-12-24T10:57:44.641+0000][gc,start    ] GC(56) Pause Young (Normal) (G1 Evacuation Pause)
[2025-12-24T10:57:44.642+0000][gc,task     ] GC(56) Using 8 workers of 8 for evacuation
[2025-12-24T10:57:44.655+0000][gc,phases   ] GC(56)   Pre Evacuate Collection Set: 2.4ms
[2025-12-24T10:57:44.655+0000][gc,phases   ] GC(56)   Merge Heap Roots: 0.2ms
[2025-12-24T10:57:44.655+0000][gc,phases   ] GC(56)   Evacuate Collection Set: 7.7ms
[2025-12-24T10:57:44.655+0000][gc,phases   ] GC(56)   Post Evacuate Collection Set: 2.0ms
[2025-12-24T10:57:44.655+0000][gc,phases   ] GC(56)   Other: 0.6ms
[2025-12-24T10:57:44.655+0000][gc,heap     ] GC(56) Eden regions: 608->0(606)
[2025-12-24T10:57:44.655+0000][gc,heap     ] GC(56) Survivor regions: 6->8(77)
[2025-12-24T10:57:44.656+0000][gc,heap     ] GC(56) Old regions: 29->29
[2025-12-24T10:57:44.656+0000][gc,heap     ] GC(56) Humongous regions: 131->131
[2025-12-24T10:57:44.656+0000][gc,metaspace] GC(56) Metaspace: 14591K(15040K)->14591K(15040K) NonClass: 12945K(13184K)->12945K(13184K) Class: 1646K(1856K)->1646K(1856K)
[2025-12-24T10:57:44.656+0000][gc          ] GC(56) Pause Young (Normal) (G1 Evacuation Pause) 773M->167M(1024M) 14.910ms
[2025-12-24T10:57:44.656+0000][gc,cpu      ] GC(56) User=0.07s Sys=0.00s Real=0.01s
[2025-12-24T10:58:24.350+0000][gc,start    ] GC(57) Pause Young (Normal) (G1 Evacuation Pause)
[2025-12-24T10:58:24.351+0000][gc,task     ] GC(57) Using 8 workers of 8 for evacuation
[2025-12-24T10:58:24.370+0000][gc,phases   ] GC(57)   Pre Evacuate Collection Set: 1.6ms
[2025-12-24T10:58:24.370+0000][gc,phases   ] GC(57)   Merge Heap Roots: 0.2ms
[2025-12-24T10:58:24.370+0000][gc,phases   ] GC(57)   Evacuate Collection Set: 15.1ms
[2025-12-24T10:58:24.370+0000][gc,phases   ] GC(57)   Post Evacuate Collection Set: 1.8ms
[2025-12-24T10:58:24.370+0000][gc,phases   ] GC(57)   Other: 0.2ms
[2025-12-24T10:58:24.370+0000][gc,heap     ] GC(57) Eden regions: 606->0(607)
[2025-12-24T10:58:24.370+0000][gc,heap     ] GC(57) Survivor regions: 8->7(77)
[2025-12-24T10:58:24.370+0000][gc,heap     ] GC(57) Old regions: 29->30
[2025-12-24T10:58:24.370+0000][gc,heap     ] GC(57) Humongous regions: 131->131
[2025-12-24T10:58:24.370+0000][gc,metaspace] GC(57) Metaspace: 14598K(15040K)->14598K(15040K) NonClass: 12951K(13184K)->12951K(13184K) Class: 1646K(1856K)->1646K(1856K)
[2025-12-24T10:58:24.370+0000][gc          ] GC(57) Pause Young (Normal) (G1 Evacuation Pause) 773M->166M(1024M) 20.128ms
[2025-12-24T10:58:24.370+0000][gc,cpu      ] GC(57) User=0.13s Sys=0.00s Real=0.02s
[2025-12-24T10:58:54.571+0000][gc,start    ] GC(58) Pause Young (Normal) (G1 Evacuation Pause)
[2025-12-24T10:58:54.572+0000][gc,task     ] GC(58) Using 8 workers of 8 for evacuation
[2025-12-24T10:58:54.581+0000][gc,phases   ] GC(58)   Pre Evacuate Collection Set: 1.5ms
[2025-12-24T10:58:54.581+0000][gc,phases   ] GC(58)   Merge Heap Roots: 0.2ms
[2025-12-24T10:58:54.581+0000][gc,phases   ] GC(58)   Evacuate Collection Set: 5.7ms
[2025-12-24T10:58:54.581+0000][gc,phases   ] GC(58)   Post Evacuate Collection Set: 1.3ms
[2025-12-24T10:58:54.581+0000][gc,phases   ] GC(58)   Other: 0.2ms
[2025-12-24T10:58:54.581+0000][gc,heap     ] GC(58) Eden regions: 607->0(605)
[2025-12-24T10:58:54.581+0000][gc,heap     ] GC(58) Survivor regions: 7->9(77)
[2025-12-24T10:58:54.581+0000][gc,heap     ] GC(58) Old regions: 30->30
[2025-12-24T10:58:54.581+0000][gc,heap     ] GC(58) Humongous regions: 131->131
[2025-12-24T10:58:54.581+0000][gc,metaspace] GC(58) Metaspace: 14644K(15040K)->14644K(15040K) NonClass: 12998K(13184K)->12998K(13184K) Class: 1646K(1856K)->1646K(1856K)
[2025-12-24T10:58:54.581+0000][gc          ] GC(58) Pause Young (Normal) (G1 Evacuation Pause) 773M->169M(1024M) 10.011ms
[2025-12-24T10:58:54.581+0000][gc,cpu      ] GC(58) User=0.05s Sys=0.00s Real=0.01s
[2025-12-24T10:59:34.413+0000][gc,start    ] GC(59) Pause Young (Normal) (G1 Evacuation Pause)
[2025-12-24T10:59:34.414+0000][gc,task     ] GC(59) Using 8 workers of 8 for evacuation
[2025-12-24T10:59:34.443+0000][gc,phases   ] GC(59)   Pre Evacuate Collection Set: 2.5ms
[2025-12-24T10:59:34.443+0000][gc,phases   ] GC(59)   Merge Heap Roots: 0.4ms
[2025-12-24T10:59:34.443+0000][gc,phases   ] GC(59)   Evacuate Collection Set: 16.3ms
[2025-12-24T10:59:34.443+0000][gc,phases   ] GC(59)   Post Evacuate Collection Set: 8.7ms
[2025-12-24T10:59:34.443+0000][gc,phases   ] GC(59)   Other: 0.4ms
[2025-12-24T10:59:34.444+0000][gc,heap     ] GC(59) Eden regions: 605->0(605)
[2025-12-24T10:59:34.444+0000][gc,heap     ] GC(59) Survivor regions: 9->9(77)
[2025-12-24T10:59:34.444+0000][gc,heap     ] GC(59) Old regions: 30->30
[2025-12-24T10:59:34.444+0000][gc,heap     ] GC(59) Humongous regions: 131->131
[2025-12-24T10:59:34.444+0000][gc,metaspace] GC(59) Metaspace: 14661K(15104K)->14661K(15104K) NonClass: 13014K(13248K)->13014K(13248K) Class: 1646K(1856K)->1646K(1856K)
[2025-12-24T10:59:34.445+0000][gc          ] GC(59) Pause Young (Normal) (G1 Evacuation Pause) 774M->168M(1024M) 31.421ms
[2025-12-24T10:59:34.445+0000][gc,cpu      ] GC(59) User=0.15s Sys=0.01s Real=0.04s
[2025-12-24T11:04:40.882+0000][gc,start    ] GC(60) Pause Young (Normal) (G1 Evacuation Pause)
[2025-12-24T11:04:40.891+0000][gc,task     ] GC(60) Using 8 workers of 8 for evacuation
[2025-12-24T11:04:40.972+0000][gc,phases   ] GC(60)   Pre Evacuate Collection Set: 24.6ms
[2025-12-24T11:04:40.973+0000][gc,phases   ] GC(60)   Merge Heap Roots: 0.9ms
[2025-12-24T11:04:40.973+0000][gc,phases   ] GC(60)   Evacuate Collection Set: 45.8ms
[2025-12-24T11:04:40.973+0000][gc,phases   ] GC(60)   Post Evacuate Collection Set: 8.3ms
[2025-12-24T11:04:40.973+0000][gc,phases   ] GC(60)   Other: 2.2ms
[2025-12-24T11:04:40.973+0000][gc,heap     ] GC(60) Eden regions: 605->0(604)
[2025-12-24T11:04:40.973+0000][gc,heap     ] GC(60) Survivor regions: 9->10(77)
[2025-12-24T11:04:40.973+0000][gc,heap     ] GC(60) Old regions: 30->30
[2025-12-24T11:04:40.973+0000][gc,heap     ] GC(60) Humongous regions: 131->131
[2025-12-24T11:04:40.974+0000][gc,metaspace] GC(60) Metaspace: 14665K(15104K)->14665K(15104K) NonClass: 13018K(13248K)->13018K(13248K) Class: 1647K(1856K)->1647K(1856K)
[2025-12-24T11:04:40.974+0000][gc          ] GC(60) Pause Young (Normal) (G1 Evacuation Pause) 773M->170M(1024M) 91.736ms
[2025-12-24T11:04:40.974+0000][gc,cpu      ] GC(60) User=0.41s Sys=0.04s Real=0.09s
[2025-12-24T11:05:20.185+0000][gc,start    ] GC(61) Pause Young (Normal) (G1 Evacuation Pause)
[2025-12-24T11:05:20.185+0000][gc,task     ] GC(61) Using 8 workers of 8 for evacuation
[2025-12-24T11:05:20.197+0000][gc,phases   ] GC(61)   Pre Evacuate Collection Set: 2.2ms
[2025-12-24T11:05:20.197+0000][gc,phases   ] GC(61)   Merge Heap Roots: 0.4ms
[2025-12-24T11:05:20.197+0000][gc,phases   ] GC(61)   Evacuate Collection Set: 7.0ms
[2025-12-24T11:05:20.197+0000][gc,phases   ] GC(61)   Post Evacuate Collection Set: 2.4ms
[2025-12-24T11:05:20.197+0000][gc,phases   ] GC(61)   Other: 0.2ms
[2025-12-24T11:05:20.197+0000][gc,heap     ] GC(61) Eden regions: 604->0(608)
[2025-12-24T11:05:20.198+0000][gc,heap     ] GC(61) Survivor regions: 10->6(77)
[2025-12-24T11:05:20.198+0000][gc,heap     ] GC(61) Old regions: 30->31
[2025-12-24T11:05:20.198+0000][gc,heap     ] GC(61) Humongous regions: 131->131
[2025-12-24T11:05:20.198+0000][gc,metaspace] GC(61) Metaspace: 14698K(15168K)->14698K(15168K) NonClass: 13051K(13312K)->13051K(13312K) Class: 1647K(1856K)->1647K(1856K)
[2025-12-24T11:05:20.198+0000][gc          ] GC(61) Pause Young (Normal) (G1 Evacuation Pause) 774M->166M(1024M) 13.171ms
[2025-12-24T11:05:20.198+0000][gc,cpu      ] GC(61) User=0.08s Sys=0.00s Real=0.02s
[2025-12-24T11:05:50.436+0000][gc,start    ] GC(62) Pause Young (Normal) (G1 Evacuation Pause)
[2025-12-24T11:05:50.437+0000][gc,task     ] GC(62) Using 8 workers of 8 for evacuation
[2025-12-24T11:05:50.448+0000][gc,phases   ] GC(62)   Pre Evacuate Collection Set: 1.5ms
[2025-12-24T11:05:50.448+0000][gc,phases   ] GC(62)   Merge Heap Roots: 0.3ms
[2025-12-24T11:05:50.448+0000][gc,phases   ] GC(62)   Evacuate Collection Set: 4.7ms
[2025-12-24T11:05:50.448+0000][gc,phases   ] GC(62)   Post Evacuate Collection Set: 4.3ms
[2025-12-24T11:05:50.448+0000][gc,phases   ] GC(62)   Other: 0.3ms
[2025-12-24T11:05:50.449+0000][gc,heap     ] GC(62) Eden regions: 608->0(607)
[2025-12-24T11:05:50.449+0000][gc,heap     ] GC(62) Survivor regions: 6->7(77)
[2025-12-24T11:05:50.449+0000][gc,heap     ] GC(62) Old regions: 31->31
[2025-12-24T11:05:50.449+0000][gc,heap     ] GC(62) Humongous regions: 131->131
[2025-12-24T11:05:50.449+0000][gc,metaspace] GC(62) Metaspace: 14699K(15168K)->14699K(15168K) NonClass: 13051K(13312K)->13051K(13312K) Class: 1647K(1856K)->1647K(1856K)
[2025-12-24T11:05:50.449+0000][gc          ] GC(62) Pause Young (Normal) (G1 Evacuation Pause) 774M->167M(1024M) 12.902ms
[2025-12-24T11:05:50.449+0000][gc,cpu      ] GC(62) User=0.07s Sys=0.00s Real=0.02s
[2025-12-24T11:06:30.147+0000][gc,start    ] GC(63) Pause Young (Normal) (G1 Evacuation Pause)
[2025-12-24T11:06:30.148+0000][gc,task     ] GC(63) Using 8 workers of 8 for evacuation
[2025-12-24T11:06:30.158+0000][gc,phases   ] GC(63)   Pre Evacuate Collection Set: 1.3ms
[2025-12-24T11:06:30.158+0000][gc,phases   ] GC(63)   Merge Heap Roots: 0.2ms
[2025-12-24T11:06:30.158+0000][gc,phases   ] GC(63)   Evacuate Collection Set: 6.7ms
[2025-12-24T11:06:30.158+0000][gc,phases   ] GC(63)   Post Evacuate Collection Set: 1.6ms
[2025-12-24T11:06:30.158+0000][gc,phases   ] GC(63)   Other: 0.2ms
[2025-12-24T11:06:30.158+0000][gc,heap     ] GC(63) Eden regions: 607->0(607)
[2025-12-24T11:06:30.159+0000][gc,heap     ] GC(63) Survivor regions: 7->7(77)
[2025-12-24T11:06:30.159+0000][gc,heap     ] GC(63) Old regions: 31->31
[2025-12-24T11:06:30.159+0000][gc,heap     ] GC(63) Humongous regions: 131->131
[2025-12-24T11:06:30.159+0000][gc,metaspace] GC(63) Metaspace: 14699K(15168K)->14699K(15168K) NonClass: 13052K(13312K)->13052K(13312K) Class: 1647K(1856K)->1647K(1856K)
[2025-12-24T11:06:30.159+0000][gc          ] GC(63) Pause Young (Normal) (G1 Evacuation Pause) 774M->167M(1024M) 11.944ms
[2025-12-24T11:06:30.159+0000][gc,cpu      ] GC(63) User=0.06s Sys=0.00s Real=0.02s
[2025-12-24T11:07:00.406+0000][gc,start    ] GC(64) Pause Young (Normal) (G1 Evacuation Pause)
[2025-12-24T11:07:00.407+0000][gc,task     ] GC(64) Using 8 workers of 8 for evacuation
[2025-12-24T11:07:00.415+0000][gc,phases   ] GC(64)   Pre Evacuate Collection Set: 1.5ms
[2025-12-24T11:07:00.415+0000][gc,phases   ] GC(64)   Merge Heap Roots: 0.2ms
[2025-12-24T11:07:00.415+0000][gc,phases   ] GC(64)   Evacuate Collection Set: 5.1ms
[2025-12-24T11:07:00.415+0000][gc,phases   ] GC(64)   Post Evacuate Collection Set: 1.3ms
[2025-12-24T11:07:00.415+0000][gc,phases   ] GC(64)   Other: 0.3ms
[2025-12-24T11:07:00.415+0000][gc,heap     ] GC(64) Eden regions: 607->0(606)
[2025-12-24T11:07:00.415+0000][gc,heap     ] GC(64) Survivor regions: 7->8(77)
[2025-12-24T11:07:00.415+0000][gc,heap     ] GC(64) Old regions: 31->31
[2025-12-24T11:07:00.416+0000][gc,heap     ] GC(64) Humongous regions: 131->131
[2025-12-24T11:07:00.416+0000][gc,metaspace] GC(64) Metaspace: 14702K(15168K)->14702K(15168K) NonClass: 13054K(13312K)->13054K(13312K) Class: 1647K(1856K)->1647K(1856K)
[2025-12-24T11:07:00.416+0000][gc          ] GC(64) Pause Young (Normal) (G1 Evacuation Pause) 774M->169M(1024M) 9.568ms
[2025-12-24T11:07:00.416+0000][gc,cpu      ] GC(64) User=0.05s Sys=0.01s Real=0.01s
[2025-12-24T11:07:40.133+0000][gc,start    ] GC(65) Pause Young (Normal) (G1 Evacuation Pause)
[2025-12-24T11:07:40.134+0000][gc,task     ] GC(65) Using 8 workers of 8 for evacuation
[2025-12-24T11:07:40.142+0000][gc,phases   ] GC(65)   Pre Evacuate Collection Set: 1.4ms
[2025-12-24T11:07:40.142+0000][gc,phases   ] GC(65)   Merge Heap Roots: 0.2ms
[2025-12-24T11:07:40.142+0000][gc,phases   ] GC(65)   Evacuate Collection Set: 5.0ms
[2025-12-24T11:07:40.142+0000][gc,phases   ] GC(65)   Post Evacuate Collection Set: 1.2ms
[2025-12-24T11:07:40.142+0000][gc,phases   ] GC(65)   Other: 0.2ms
[2025-12-24T11:07:40.143+0000][gc,heap     ] GC(65) Eden regions: 606->0(607)
[2025-12-24T11:07:40.143+0000][gc,heap     ] GC(65) Survivor regions: 8->7(77)
[2025-12-24T11:07:40.143+0000][gc,heap     ] GC(65) Old regions: 31->31
[2025-12-24T11:07:40.143+0000][gc,heap     ] GC(65) Humongous regions: 131->131
[2025-12-24T11:07:40.143+0000][gc,metaspace] GC(65) Metaspace: 14703K(15168K)->14703K(15168K) NonClass: 13055K(13312K)->13055K(13312K) Class: 1647K(1856K)->1647K(1856K)
[2025-12-24T11:07:40.143+0000][gc          ] GC(65) Pause Young (Normal) (G1 Evacuation Pause) 775M->168M(1024M) 10.858ms
[2025-12-24T11:07:40.143+0000][gc,cpu      ] GC(65) User=0.05s Sys=0.00s Real=0.01s
[2025-12-24T11:08:10.409+0000][gc,start    ] GC(66) Pause Young (Normal) (G1 Evacuation Pause)
[2025-12-24T11:08:10.410+0000][gc,task     ] GC(66) Using 8 workers of 8 for evacuation
[2025-12-24T11:08:10.429+0000][gc,phases   ] GC(66)   Pre Evacuate Collection Set: 1.4ms
[2025-12-24T11:08:10.429+0000][gc,phases   ] GC(66)   Merge Heap Roots: 0.3ms
[2025-12-24T11:08:10.429+0000][gc,phases   ] GC(66)   Evacuate Collection Set: 15.2ms
[2025-12-24T11:08:10.429+0000][gc,phases   ] GC(66)   Post Evacuate Collection Set: 1.5ms
[2025-12-24T11:08:10.429+0000][gc,phases   ] GC(66)   Other: 0.2ms
[2025-12-24T11:08:10.429+0000][gc,heap     ] GC(66) Eden regions: 607->0(605)
[2025-12-24T11:08:10.429+0000][gc,heap     ] GC(66) Survivor regions: 7->9(77)
[2025-12-24T11:08:10.429+0000][gc,heap     ] GC(66) Old regions: 31->32
[2025-12-24T11:08:10.429+0000][gc,heap     ] GC(66) Humongous regions: 131->131
[2025-12-24T11:08:10.429+0000][gc,metaspace] GC(66) Metaspace: 14712K(15168K)->14712K(15168K) NonClass: 13064K(13312K)->13064K(13312K) Class: 1647K(1856K)->1647K(1856K)
[2025-12-24T11:08:10.429+0000][gc          ] GC(66) Pause Young (Normal) (G1 Evacuation Pause) 775M->170M(1024M) 20.602ms
[2025-12-24T11:08:10.430+0000][gc,cpu      ] GC(66) User=0.13s Sys=0.01s Real=0.02s
[2025-12-24T11:08:50.097+0000][gc,start    ] GC(67) Pause Young (Normal) (G1 Evacuation Pause)
[2025-12-24T11:08:50.098+0000][gc,task     ] GC(67) Using 8 workers of 8 for evacuation
[2025-12-24T11:08:50.106+0000][gc,phases   ] GC(67)   Pre Evacuate Collection Set: 1.3ms
[2025-12-24T11:08:50.106+0000][gc,phases   ] GC(67)   Merge Heap Roots: 0.2ms
[2025-12-24T11:08:50.107+0000][gc,phases   ] GC(67)   Evacuate Collection Set: 5.3ms
[2025-12-24T11:08:50.107+0000][gc,phases   ] GC(67)   Post Evacuate Collection Set: 1.4ms
[2025-12-24T11:08:50.107+0000][gc,phases   ] GC(67)   Other: 0.2ms
[2025-12-24T11:08:50.107+0000][gc,heap     ] GC(67) Eden regions: 605->0(606)
[2025-12-24T11:08:50.107+0000][gc,heap     ] GC(67) Survivor regions: 9->8(77)
[2025-12-24T11:08:50.107+0000][gc,heap     ] GC(67) Old regions: 32->32
[2025-12-24T11:08:50.107+0000][gc,heap     ] GC(67) Humongous regions: 131->131
[2025-12-24T11:08:50.107+0000][gc,metaspace] GC(67) Metaspace: 14712K(15168K)->14712K(15168K) NonClass: 13064K(13312K)->13064K(13312K) Class: 1647K(1856K)->1647K(1856K)
[2025-12-24T11:08:50.107+0000][gc          ] GC(67) Pause Young (Normal) (G1 Evacuation Pause) 775M->170M(1024M) 9.721ms
[2025-12-24T11:08:50.107+0000][gc,cpu      ] GC(67) User=0.05s Sys=0.00s Real=0.01s
[2025-12-24T11:09:20.386+0000][gc,start    ] GC(68) Pause Young (Normal) (G1 Evacuation Pause)
[2025-12-24T11:09:20.387+0000][gc,task     ] GC(68) Using 8 workers of 8 for evacuation
[2025-12-24T11:09:20.403+0000][gc,phases   ] GC(68)   Pre Evacuate Collection Set: 2.4ms
[2025-12-24T11:09:20.403+0000][gc,phases   ] GC(68)   Merge Heap Roots: 0.5ms
[2025-12-24T11:09:20.403+0000][gc,phases   ] GC(68)   Evacuate Collection Set: 11.7ms
[2025-12-24T11:09:20.403+0000][gc,phases   ] GC(68)   Post Evacuate Collection Set: 1.5ms
[2025-12-24T11:09:20.403+0000][gc,phases   ] GC(68)   Other: 0.2ms
[2025-12-24T11:09:20.403+0000][gc,heap     ] GC(68) Eden regions: 606->0(604)
[2025-12-24T11:09:20.403+0000][gc,heap     ] GC(68) Survivor regions: 8->10(77)
[2025-12-24T11:09:20.404+0000][gc,heap     ] GC(68) Old regions: 32->32
[2025-12-24T11:09:20.404+0000][gc,heap     ] GC(68) Humongous regions: 131->131
[2025-12-24T11:09:20.404+0000][gc,metaspace] GC(68) Metaspace: 14714K(15168K)->14714K(15168K) NonClass: 13067K(13312K)->13067K(13312K) Class: 1647K(1856K)->1647K(1856K)
[2025-12-24T11:09:20.404+0000][gc          ] GC(68) Pause Young (Normal) (G1 Evacuation Pause) 776M->172M(1024M) 17.989ms
[2025-12-24T11:09:20.404+0000][gc,cpu      ] GC(68) User=0.11s Sys=0.01s Real=0.02s
[2025-12-24T11:10:00.066+0000][gc,start    ] GC(69) Pause Young (Normal) (G1 Evacuation Pause)
[2025-12-24T11:10:00.066+0000][gc,task     ] GC(69) Using 8 workers of 8 for evacuation
[2025-12-24T11:10:00.074+0000][gc,phases   ] GC(69)   Pre Evacuate Collection Set: 1.5ms
[2025-12-24T11:10:00.074+0000][gc,phases   ] GC(69)   Merge Heap Roots: 0.2ms
[2025-12-24T11:10:00.074+0000][gc,phases   ] GC(69)   Evacuate Collection Set: 4.7ms
[2025-12-24T11:10:00.074+0000][gc,phases   ] GC(69)   Post Evacuate Collection Set: 1.2ms
[2025-12-24T11:10:00.074+0000][gc,phases   ] GC(69)   Other: 0.2ms
[2025-12-24T11:10:00.074+0000][gc,heap     ] GC(69) Eden regions: 604->0(609)
[2025-12-24T11:10:00.075+0000][gc,heap     ] GC(69) Survivor regions: 10->5(77)
[2025-12-24T11:10:00.075+0000][gc,heap     ] GC(69) Old regions: 32->32
[2025-12-24T11:10:00.075+0000][gc,heap     ] GC(69) Humongous regions: 131->131
[2025-12-24T11:10:00.075+0000][gc,metaspace] GC(69) Metaspace: 14731K(15168K)->14731K(15168K) NonClass: 13083K(13312K)->13083K(13312K) Class: 1648K(1856K)->1648K(1856K)
[2025-12-24T11:10:00.075+0000][gc          ] GC(69) Pause Young (Normal) (G1 Evacuation Pause) 776M->167M(1024M) 8.893ms
[2025-12-24T11:10:00.075+0000][gc,cpu      ] GC(69) User=0.05s Sys=0.00s Real=0.01s
[2025-12-24T11:10:30.280+0000][gc,start    ] GC(70) Pause Young (Normal) (G1 Evacuation Pause)
[2025-12-24T11:10:30.280+0000][gc,task     ] GC(70) Using 8 workers of 8 for evacuation
[2025-12-24T11:10:30.292+0000][gc,phases   ] GC(70)   Pre Evacuate Collection Set: 0.9ms
[2025-12-24T11:10:30.292+0000][gc,phases   ] GC(70)   Merge Heap Roots: 0.2ms
[2025-12-24T11:10:30.292+0000][gc,phases   ] GC(70)   Evacuate Collection Set: 9.7ms
[2025-12-24T11:10:30.292+0000][gc,phases   ] GC(70)   Post Evacuate Collection Set: 1.0ms
[2025-12-24T11:10:30.292+0000][gc,phases   ] GC(70)   Other: 0.2ms
[2025-12-24T11:10:30.292+0000][gc,heap     ] GC(70) Eden regions: 609->0(607)
[2025-12-24T11:10:30.292+0000][gc,heap     ] GC(70) Survivor regions: 5->7(77)
[2025-12-24T11:10:30.292+0000][gc,heap     ] GC(70) Old regions: 32->33
[2025-12-24T11:10:30.292+0000][gc,heap     ] GC(70) Humongous regions: 131->131
[2025-12-24T11:10:30.293+0000][gc,metaspace] GC(70) Metaspace: 14731K(15168K)->14731K(15168K) NonClass: 13083K(13312K)->13083K(13312K) Class: 1648K(1856K)->1648K(1856K)
[2025-12-24T11:10:30.293+0000][gc          ] GC(70) Pause Young (Normal) (G1 Evacuation Pause) 776M->169M(1024M) 13.013ms
[2025-12-24T11:10:30.293+0000][gc,cpu      ] GC(70) User=0.07s Sys=0.01s Real=0.01s
[2025-12-24T11:11:10.057+0000][gc,start    ] GC(71) Pause Young (Normal) (G1 Evacuation Pause)
[2025-12-24T11:11:10.058+0000][gc,task     ] GC(71) Using 8 workers of 8 for evacuation
[2025-12-24T11:11:10.073+0000][gc,phases   ] GC(71)   Pre Evacuate Collection Set: 0.9ms
[2025-12-24T11:11:10.073+0000][gc,phases   ] GC(71)   Merge Heap Roots: 0.2ms
[2025-12-24T11:11:10.073+0000][gc,phases   ] GC(71)   Evacuate Collection Set: 13.3ms
[2025-12-24T11:11:10.074+0000][gc,phases   ] GC(71)   Post Evacuate Collection Set: 1.1ms
[2025-12-24T11:11:10.074+0000][gc,phases   ] GC(71)   Other: 0.2ms
[2025-12-24T11:11:10.074+0000][gc,heap     ] GC(71) Eden regions: 607->0(608)
[2025-12-24T11:11:10.074+0000][gc,heap     ] GC(71) Survivor regions: 7->6(77)
[2025-12-24T11:11:10.074+0000][gc,heap     ] GC(71) Old regions: 33->33
[2025-12-24T11:11:10.074+0000][gc,heap     ] GC(71) Humongous regions: 131->131
[2025-12-24T11:11:10.074+0000][gc,metaspace] GC(71) Metaspace: 14733K(15168K)->14733K(15168K) NonClass: 13085K(13312K)->13085K(13312K) Class: 1648K(1856K)->1648K(1856K)
[2025-12-24T11:11:10.074+0000][gc          ] GC(71) Pause Young (Normal) (G1 Evacuation Pause) 776M->168M(1024M) 16.908ms
[2025-12-24T11:11:10.074+0000][gc,cpu      ] GC(71) User=0.11s Sys=0.00s Real=0.01s
[2025-12-24T11:11:40.278+0000][gc,start    ] GC(72) Pause Young (Normal) (G1 Evacuation Pause)
[2025-12-24T11:11:40.279+0000][gc,task     ] GC(72) Using 8 workers of 8 for evacuation
[2025-12-24T11:11:40.294+0000][gc,phases   ] GC(72)   Pre Evacuate Collection Set: 0.8ms
[2025-12-24T11:11:40.294+0000][gc,phases   ] GC(72)   Merge Heap Roots: 0.2ms
[2025-12-24T11:11:40.294+0000][gc,phases   ] GC(72)   Evacuate Collection Set: 12.4ms
[2025-12-24T11:11:40.294+0000][gc,phases   ] GC(72)   Post Evacuate Collection Set: 1.4ms
[2025-12-24T11:11:40.294+0000][gc,phases   ] GC(72)   Other: 0.2ms
[2025-12-24T11:11:40.294+0000][gc,heap     ] GC(72) Eden regions: 608->0(606)
[2025-12-24T11:11:40.294+0000][gc,heap     ] GC(72) Survivor regions: 6->8(77)
[2025-12-24T11:11:40.295+0000][gc,heap     ] GC(72) Old regions: 33->33
[2025-12-24T11:11:40.295+0000][gc,heap     ] GC(72) Humongous regions: 131->131
[2025-12-24T11:11:40.295+0000][gc,metaspace] GC(72) Metaspace: 14737K(15168K)->14737K(15168K) NonClass: 13088K(13312K)->13088K(13312K) Class: 1648K(1856K)->1648K(1856K)
[2025-12-24T11:11:40.295+0000][gc          ] GC(72) Pause Young (Normal) (G1 Evacuation Pause) 776M->171M(1024M) 17.139ms
[2025-12-24T11:11:40.295+0000][gc,cpu      ] GC(72) User=0.10s Sys=0.00s Real=0.02s
[2025-12-24T11:12:19.388+0000][gc,start    ] GC(73) Pause Young (Normal) (G1 Evacuation Pause)
[2025-12-24T11:12:19.389+0000][gc,task     ] GC(73) Using 8 workers of 8 for evacuation
[2025-12-24T11:12:19.411+0000][gc,phases   ] GC(73)   Pre Evacuate Collection Set: 2.7ms
[2025-12-24T11:12:19.412+0000][gc,phases   ] GC(73)   Merge Heap Roots: 0.4ms
[2025-12-24T11:12:19.412+0000][gc,phases   ] GC(73)   Evacuate Collection Set: 16.7ms
[2025-12-24T11:12:19.412+0000][gc,phases   ] GC(73)   Post Evacuate Collection Set: 2.1ms
[2025-12-24T11:12:19.412+0000][gc,phases   ] GC(73)   Other: 0.4ms
[2025-12-24T11:12:19.412+0000][gc,heap     ] GC(73) Eden regions: 606->0(607)
[2025-12-24T11:12:19.412+0000][gc,heap     ] GC(73) Survivor regions: 8->7(77)
[2025-12-24T11:12:19.412+0000][gc,heap     ] GC(73) Old regions: 33->33
[2025-12-24T11:12:19.413+0000][gc,heap     ] GC(73) Humongous regions: 131->131
[2025-12-24T11:12:19.413+0000][gc,metaspace] GC(73) Metaspace: 14739K(15168K)->14739K(15168K) NonClass: 13090K(13312K)->13090K(13312K) Class: 1648K(1856K)->1648K(1856K)
[2025-12-24T11:12:19.413+0000][gc          ] GC(73) Pause Young (Normal) (G1 Evacuation Pause) 777M->170M(1024M) 25.448ms
[2025-12-24T11:12:19.413+0000][gc,cpu      ] GC(73) User=0.15s Sys=0.01s Real=0.03s
[2025-12-24T11:12:50.247+0000][gc,start    ] GC(74) Pause Young (Normal) (G1 Evacuation Pause)
[2025-12-24T11:12:50.249+0000][gc,task     ] GC(74) Using 8 workers of 8 for evacuation
[2025-12-24T11:12:50.257+0000][gc,phases   ] GC(74)   Pre Evacuate Collection Set: 1.0ms
[2025-12-24T11:12:50.257+0000][gc,phases   ] GC(74)   Merge Heap Roots: 0.2ms
[2025-12-24T11:12:50.257+0000][gc,phases   ] GC(74)   Evacuate Collection Set: 6.0ms
[2025-12-24T11:12:50.257+0000][gc,phases   ] GC(74)   Post Evacuate Collection Set: 1.0ms
[2025-12-24T11:12:50.257+0000][gc,phases   ] GC(74)   Other: 0.2ms
[2025-12-24T11:12:50.258+0000][gc,heap     ] GC(74) Eden regions: 607->0(605)
[2025-12-24T11:12:50.258+0000][gc,heap     ] GC(74) Survivor regions: 7->9(77)
[2025-12-24T11:12:50.258+0000][gc,heap     ] GC(74) Old regions: 33->34
[2025-12-24T11:12:50.258+0000][gc,heap     ] GC(74) Humongous regions: 131->131
[2025-12-24T11:12:50.258+0000][gc,metaspace] GC(74) Metaspace: 14754K(15168K)->14754K(15168K) NonClass: 13106K(13312K)->13106K(13312K) Class: 1648K(1856K)->1648K(1856K)
[2025-12-24T11:12:50.258+0000][gc          ] GC(74) Pause Young (Normal) (G1 Evacuation Pause) 777M->173M(1024M) 10.336ms
[2025-12-24T11:12:50.258+0000][gc,cpu      ] GC(74) User=0.05s Sys=0.01s Real=0.01s
[2025-12-24T11:13:20.495+0000][gc,start    ] GC(75) Pause Young (Normal) (G1 Evacuation Pause)
[2025-12-24T11:13:20.497+0000][gc,task     ] GC(75) Using 8 workers of 8 for evacuation
[2025-12-24T11:13:20.507+0000][gc,phases   ] GC(75)   Pre Evacuate Collection Set: 1.1ms
[2025-12-24T11:13:20.507+0000][gc,phases   ] GC(75)   Merge Heap Roots: 0.3ms
[2025-12-24T11:13:20.507+0000][gc,phases   ] GC(75)   Evacuate Collection Set: 7.5ms
[2025-12-24T11:13:20.507+0000][gc,phases   ] GC(75)   Post Evacuate Collection Set: 1.0ms
[2025-12-24T11:13:20.507+0000][gc,phases   ] GC(75)   Other: 0.2ms
[2025-12-24T11:13:20.507+0000][gc,heap     ] GC(75) Eden regions: 605->0(604)
[2025-12-24T11:13:20.507+0000][gc,heap     ] GC(75) Survivor regions: 9->10(77)
[2025-12-24T11:13:20.507+0000][gc,heap     ] GC(75) Old regions: 34->34
[2025-12-24T11:13:20.507+0000][gc,heap     ] GC(75) Humongous regions: 131->131
[2025-12-24T11:13:20.507+0000][gc,metaspace] GC(75) Metaspace: 14763K(15168K)->14763K(15168K) NonClass: 13114K(13312K)->13114K(13312K) Class: 1648K(1856K)->1648K(1856K)
[2025-12-24T11:13:20.507+0000][gc          ] GC(75) Pause Young (Normal) (G1 Evacuation Pause) 778M->174M(1024M) 11.960ms
[2025-12-24T11:13:20.507+0000][gc,cpu      ] GC(75) User=0.06s Sys=0.01s Real=0.01s
[2025-12-24T11:14:00.208+0000][gc,start    ] GC(76) Pause Young (Normal) (G1 Evacuation Pause)
[2025-12-24T11:14:00.209+0000][gc,task     ] GC(76) Using 8 workers of 8 for evacuation
[2025-12-24T11:14:00.219+0000][gc,phases   ] GC(76)   Pre Evacuate Collection Set: 1.2ms
[2025-12-24T11:14:00.219+0000][gc,phases   ] GC(76)   Merge Heap Roots: 0.4ms
[2025-12-24T11:14:00.219+0000][gc,phases   ] GC(76)   Evacuate Collection Set: 6.3ms
[2025-12-24T11:14:00.219+0000][gc,phases   ] GC(76)   Post Evacuate Collection Set: 1.8ms
[2025-12-24T11:14:00.219+0000][gc,phases   ] GC(76)   Other: 0.4ms
[2025-12-24T11:14:00.220+0000][gc,heap     ] GC(76) Eden regions: 604->0(608)
[2025-12-24T11:14:00.220+0000][gc,heap     ] GC(76) Survivor regions: 10->6(77)
[2025-12-24T11:14:00.220+0000][gc,heap     ] GC(76) Old regions: 34->34
[2025-12-24T11:14:00.220+0000][gc,heap     ] GC(76) Humongous regions: 131->131
[2025-12-24T11:14:00.220+0000][gc,metaspace] GC(76) Metaspace: 14885K(15296K)->14885K(15296K) NonClass: 13236K(13440K)->13236K(13440K) Class: 1648K(1856K)->1648K(1856K)
[2025-12-24T11:14:00.220+0000][gc          ] GC(76) Pause Young (Normal) (G1 Evacuation Pause) 778M->170M(1024M) 12.360ms
[2025-12-24T11:14:00.220+0000][gc,cpu      ] GC(76) User=0.07s Sys=0.00s Real=0.01s
[2025-12-24T11:14:30.456+0000][gc,start    ] GC(77) Pause Young (Normal) (G1 Evacuation Pause)
[2025-12-24T11:14:30.457+0000][gc,task     ] GC(77) Using 8 workers of 8 for evacuation
[2025-12-24T11:14:30.473+0000][gc,phases   ] GC(77)   Pre Evacuate Collection Set: 3.3ms
[2025-12-24T11:14:30.473+0000][gc,phases   ] GC(77)   Merge Heap Roots: 0.5ms
[2025-12-24T11:14:30.473+0000][gc,phases   ] GC(77)   Evacuate Collection Set: 10.3ms
[2025-12-24T11:14:30.473+0000][gc,phases   ] GC(77)   Post Evacuate Collection Set: 1.0ms
[2025-12-24T11:14:30.473+0000][gc,phases   ] GC(77)   Other: 0.5ms
[2025-12-24T11:14:30.473+0000][gc,heap     ] GC(77) Eden regions: 608->0(606)
[2025-12-24T11:14:30.473+0000][gc,heap     ] GC(77) Survivor regions: 6->8(77)
[2025-12-24T11:14:30.473+0000][gc,heap     ] GC(77) Old regions: 34->34
[2025-12-24T11:14:30.473+0000][gc,heap     ] GC(77) Humongous regions: 131->131
[2025-12-24T11:14:30.473+0000][gc,metaspace] GC(77) Metaspace: 14941K(15360K)->14941K(15360K) NonClass: 13293K(13504K)->13293K(13504K) Class: 1648K(1856K)->1648K(1856K)
[2025-12-24T11:14:30.474+0000][gc          ] GC(77) Pause Young (Normal) (G1 Evacuation Pause) 778M->172M(1024M) 17.334ms
[2025-12-24T11:14:30.474+0000][gc,cpu      ] GC(77) User=0.10s Sys=0.00s Real=0.02s
[2025-12-24T11:15:10.168+0000][gc,start    ] GC(78) Pause Young (Normal) (G1 Evacuation Pause)
[2025-12-24T11:15:10.169+0000][gc,task     ] GC(78) Using 8 workers of 8 for evacuation
[2025-12-24T11:15:10.178+0000][gc,phases   ] GC(78)   Pre Evacuate Collection Set: 0.9ms
[2025-12-24T11:15:10.178+0000][gc,phases   ] GC(78)   Merge Heap Roots: 0.3ms
[2025-12-24T11:15:10.178+0000][gc,phases   ] GC(78)   Evacuate Collection Set: 6.3ms
[2025-12-24T11:15:10.178+0000][gc,phases   ] GC(78)   Post Evacuate Collection Set: 1.0ms
[2025-12-24T11:15:10.178+0000][gc,phases   ] GC(78)   Other: 0.2ms
[2025-12-24T11:15:10.178+0000][gc,heap     ] GC(78) Eden regions: 606->0(607)
[2025-12-24T11:15:10.178+0000][gc,heap     ] GC(78) Survivor regions: 8->7(77)
[2025-12-24T11:15:10.178+0000][gc,heap     ] GC(78) Old regions: 34->35
[2025-12-24T11:15:10.178+0000][gc,heap     ] GC(78) Humongous regions: 131->131
[2025-12-24T11:15:10.178+0000][gc,metaspace] GC(78) Metaspace: 14942K(15360K)->14942K(15360K) NonClass: 13294K(13504K)->13294K(13504K) Class: 1648K(1856K)->1648K(1856K)
[2025-12-24T11:15:10.178+0000][gc          ] GC(78) Pause Young (Normal) (G1 Evacuation Pause) 778M->171M(1024M) 10.571ms
[2025-12-24T11:15:10.178+0000][gc,cpu      ] GC(78) User=0.04s Sys=0.01s Real=0.01s
[2025-12-24T11:15:40.382+0000][gc,start    ] GC(79) Pause Young (Normal) (G1 Evacuation Pause)
[2025-12-24T11:15:40.383+0000][gc,task     ] GC(79) Using 8 workers of 8 for evacuation
[2025-12-24T11:15:40.394+0000][gc,phases   ] GC(79)   Pre Evacuate Collection Set: 0.8ms
[2025-12-24T11:15:40.394+0000][gc,phases   ] GC(79)   Merge Heap Roots: 0.2ms
[2025-12-24T11:15:40.394+0000][gc,phases   ] GC(79)   Evacuate Collection Set: 9.1ms
[2025-12-24T11:15:40.394+0000][gc,phases   ] GC(79)   Post Evacuate Collection Set: 1.0ms
[2025-12-24T11:15:40.394+0000][gc,phases   ] GC(79)   Other: 0.1ms
[2025-12-24T11:15:40.395+0000][gc,heap     ] GC(79) Eden regions: 607->0(606)
[2025-12-24T11:15:40.395+0000][gc,heap     ] GC(79) Survivor regions: 7->8(77)
[2025-12-24T11:15:40.395+0000][gc,heap     ] GC(79) Old regions: 35->35
[2025-12-24T11:15:40.395+0000][gc,heap     ] GC(79) Humongous regions: 131->131
[2025-12-24T11:15:40.395+0000][gc,metaspace] GC(79) Metaspace: 14943K(15360K)->14943K(15360K) NonClass: 13294K(13504K)->13294K(13504K) Class: 1648K(1856K)->1648K(1856K)
[2025-12-24T11:15:40.395+0000][gc          ] GC(79) Pause Young (Normal) (G1 Evacuation Pause) 778M->173M(1024M) 12.387ms
[2025-12-24T11:15:40.395+0000][gc,cpu      ] GC(79) User=0.07s Sys=0.01s Real=0.02s
[2025-12-24T11:16:20.198+0000][gc,start    ] GC(80) Pause Young (Normal) (G1 Evacuation Pause)
[2025-12-24T11:16:20.199+0000][gc,task     ] GC(80) Using 8 workers of 8 for evacuation
[2025-12-24T11:16:20.216+0000][gc,phases   ] GC(80)   Pre Evacuate Collection Set: 1.0ms
[2025-12-24T11:16:20.216+0000][gc,phases   ] GC(80)   Merge Heap Roots: 0.3ms
[2025-12-24T11:16:20.216+0000][gc,phases   ] GC(80)   Evacuate Collection Set: 13.8ms
[2025-12-24T11:16:20.216+0000][gc,phases   ] GC(80)   Post Evacuate Collection Set: 1.2ms
[2025-12-24T11:16:20.216+0000][gc,phases   ] GC(80)   Other: 0.3ms
[2025-12-24T11:16:20.216+0000][gc,heap     ] GC(80) Eden regions: 606->0(606)
[2025-12-24T11:16:20.216+0000][gc,heap     ] GC(80) Survivor regions: 8->8(77)
[2025-12-24T11:16:20.216+0000][gc,heap     ] GC(80) Old regions: 35->35
[2025-12-24T11:16:20.216+0000][gc,heap     ] GC(80) Humongous regions: 131->131
[2025-12-24T11:16:20.216+0000][gc,metaspace] GC(80) Metaspace: 14948K(15360K)->14948K(15360K) NonClass: 13300K(13504K)->13300K(13504K) Class: 1648K(1856K)->1648K(1856K)
[2025-12-24T11:16:20.216+0000][gc          ] GC(80) Pause Young (Normal) (G1 Evacuation Pause) 779M->173M(1024M) 18.304ms
[2025-12-24T11:16:20.216+0000][gc,cpu      ] GC(80) User=0.10s Sys=0.01s Real=0.02s
[2025-12-24T11:16:50.373+0000][gc,start    ] GC(81) Pause Young (Normal) (G1 Evacuation Pause)
[2025-12-24T11:16:50.374+0000][gc,task     ] GC(81) Using 8 workers of 8 for evacuation
[2025-12-24T11:16:50.388+0000][gc,phases   ] GC(81)   Pre Evacuate Collection Set: 1.0ms
[2025-12-24T11:16:50.388+0000][gc,phases   ] GC(81)   Merge Heap Roots: 0.2ms
[2025-12-24T11:16:50.388+0000][gc,phases   ] GC(81)   Evacuate Collection Set: 11.3ms
[2025-12-24T11:16:50.388+0000][gc,phases   ] GC(81)   Post Evacuate Collection Set: 0.9ms
[2025-12-24T11:16:50.388+0000][gc,phases   ] GC(81)   Other: 0.2ms
[2025-12-24T11:16:50.388+0000][gc,heap     ] GC(81) Eden regions: 606->0(604)
[2025-12-24T11:16:50.388+0000][gc,heap     ] GC(81) Survivor regions: 8->10(77)
[2025-12-24T11:16:50.388+0000][gc,heap     ] GC(81) Old regions: 35->35
[2025-12-24T11:16:50.388+0000][gc,heap     ] GC(81) Humongous regions: 131->131
[2025-12-24T11:16:50.388+0000][gc,metaspace] GC(81) Metaspace: 14948K(15360K)->14948K(15360K) NonClass: 13300K(13504K)->13300K(13504K) Class: 1648K(1856K)->1648K(1856K)
[2025-12-24T11:16:50.388+0000][gc          ] GC(81) Pause Young (Normal) (G1 Evacuation Pause) 779M->174M(1024M) 15.452ms
[2025-12-24T11:16:50.388+0000][gc,cpu      ] GC(81) User=0.09s Sys=0.00s Real=0.02s
[2025-12-24T11:17:30.128+0000][gc,start    ] GC(82) Pause Young (Normal) (G1 Evacuation Pause)
[2025-12-24T11:17:30.129+0000][gc,task     ] GC(82) Using 8 workers of 8 for evacuation
[2025-12-24T11:17:30.140+0000][gc,phases   ] GC(82)   Pre Evacuate Collection Set: 1.0ms
[2025-12-24T11:17:30.140+0000][gc,phases   ] GC(82)   Merge Heap Roots: 0.3ms
[2025-12-24T11:17:30.140+0000][gc,phases   ] GC(82)   Evacuate Collection Set: 8.2ms
[2025-12-24T11:17:30.140+0000][gc,phases   ] GC(82)   Post Evacuate Collection Set: 1.0ms
[2025-12-24T11:17:30.140+0000][gc,phases   ] GC(82)   Other: 0.2ms
[2025-12-24T11:17:30.140+0000][gc,heap     ] GC(82) Eden regions: 604->0(605)
[2025-12-24T11:17:30.141+0000][gc,heap     ] GC(82) Survivor regions: 10->9(77)
[2025-12-24T11:17:30.141+0000][gc,heap     ] GC(82) Old regions: 35->36
[2025-12-24T11:17:30.141+0000][gc,heap     ] GC(82) Humongous regions: 131->131
[2025-12-24T11:17:30.141+0000][gc,metaspace] GC(82) Metaspace: 14949K(15360K)->14949K(15360K) NonClass: 13301K(13504K)->13301K(13504K) Class: 1648K(1856K)->1648K(1856K)
[2025-12-24T11:17:30.141+0000][gc          ] GC(82) Pause Young (Normal) (G1 Evacuation Pause) 778M->174M(1024M) 12.510ms
[2025-12-24T11:17:30.141+0000][gc,cpu      ] GC(82) User=0.06s Sys=0.00s Real=0.01s
[2025-12-24T11:18:00.390+0000][gc,start    ] GC(83) Pause Young (Normal) (G1 Evacuation Pause)
[2025-12-24T11:18:00.391+0000][gc,task     ] GC(83) Using 8 workers of 8 for evacuation
[2025-12-24T11:18:00.402+0000][gc,phases   ] GC(83)   Pre Evacuate Collection Set: 0.8ms
[2025-12-24T11:18:00.402+0000][gc,phases   ] GC(83)   Merge Heap Roots: 0.3ms
[2025-12-24T11:18:00.402+0000][gc,phases   ] GC(83)   Evacuate Collection Set: 8.0ms
[2025-12-24T11:18:00.402+0000][gc,phases   ] GC(83)   Post Evacuate Collection Set: 1.0ms
[2025-12-24T11:18:00.402+0000][gc,phases   ] GC(83)   Other: 0.3ms
[2025-12-24T11:18:00.402+0000][gc,heap     ] GC(83) Eden regions: 605->0(608)
[2025-12-24T11:18:00.402+0000][gc,heap     ] GC(83) Survivor regions: 9->6(77)
[2025-12-24T11:18:00.402+0000][gc,heap     ] GC(83) Old regions: 36->36
[2025-12-24T11:18:00.402+0000][gc,heap     ] GC(83) Humongous regions: 131->131
[2025-12-24T11:18:00.403+0000][gc,metaspace] GC(83) Metaspace: 14949K(15360K)->14949K(15360K) NonClass: 13301K(13504K)->13301K(13504K) Class: 1648K(1856K)->1648K(1856K)
[2025-12-24T11:18:00.403+0000][gc          ] GC(83) Pause Young (Normal) (G1 Evacuation Pause) 779M->172M(1024M) 12.371ms
[2025-12-24T11:18:00.403+0000][gc,cpu      ] GC(83) User=0.07s Sys=0.00s Real=0.01s
[2025-12-24T11:18:40.140+0000][gc,start    ] GC(84) Pause Young (Normal) (G1 Evacuation Pause)
[2025-12-24T11:18:40.140+0000][gc,task     ] GC(84) Using 8 workers of 8 for evacuation
[2025-12-24T11:18:40.160+0000][gc,phases   ] GC(84)   Pre Evacuate Collection Set: 3.2ms
[2025-12-24T11:18:40.161+0000][gc,phases   ] GC(84)   Merge Heap Roots: 1.6ms
[2025-12-24T11:18:40.162+0000][gc,phases   ] GC(84)   Evacuate Collection Set: 10.4ms
[2025-12-24T11:18:40.162+0000][gc,phases   ] GC(84)   Post Evacuate Collection Set: 2.6ms
[2025-12-24T11:18:40.163+0000][gc,phases   ] GC(84)   Other: 1.9ms
[2025-12-24T11:18:40.163+0000][gc,heap     ] GC(84) Eden regions: 608->0(608)
[2025-12-24T11:18:40.164+0000][gc,heap     ] GC(84) Survivor regions: 6->6(77)
[2025-12-24T11:18:40.164+0000][gc,heap     ] GC(84) Old regions: 36->36
[2025-12-24T11:18:40.165+0000][gc,heap     ] GC(84) Humongous regions: 131->131
[2025-12-24T11:18:40.166+0000][gc,metaspace] GC(84) Metaspace: 14950K(15360K)->14950K(15360K) NonClass: 13301K(13504K)->13301K(13504K) Class: 1648K(1856K)->1648K(1856K)
[2025-12-24T11:18:40.167+0000][gc          ] GC(84) Pause Young (Normal) (G1 Evacuation Pause) 780M->171M(1024M) 27.404ms
[2025-12-24T11:18:40.167+0000][gc,cpu      ] GC(84) User=0.09s Sys=0.00s Real=0.03s
[2025-12-24T11:19:10.340+0000][gc,start    ] GC(85) Pause Young (Normal) (G1 Evacuation Pause)
[2025-12-24T11:19:10.343+0000][gc,task     ] GC(85) Using 8 workers of 8 for evacuation
[2025-12-24T11:19:10.351+0000][gc,phases   ] GC(85)   Pre Evacuate Collection Set: 0.9ms
[2025-12-24T11:19:10.351+0000][gc,phases   ] GC(85)   Merge Heap Roots: 0.3ms
[2025-12-24T11:19:10.351+0000][gc,phases   ] GC(85)   Evacuate Collection Set: 5.4ms
[2025-12-24T11:19:10.351+0000][gc,phases   ] GC(85)   Post Evacuate Collection Set: 1.2ms
[2025-12-24T11:19:10.351+0000][gc,phases   ] GC(85)   Other: 0.3ms
[2025-12-24T11:19:10.351+0000][gc,heap     ] GC(85) Eden regions: 608->0(607)
[2025-12-24T11:19:10.351+0000][gc,heap     ] GC(85) Survivor regions: 6->7(77)
[2025-12-24T11:19:10.351+0000][gc,heap     ] GC(85) Old regions: 36->36
[2025-12-24T11:19:10.351+0000][gc,heap     ] GC(85) Humongous regions: 131->131
[2025-12-24T11:19:10.351+0000][gc,metaspace] GC(85) Metaspace: 14951K(15360K)->14951K(15360K) NonClass: 13302K(13504K)->13302K(13504K) Class: 1648K(1856K)->1648K(1856K)
[2025-12-24T11:19:10.351+0000][gc          ] GC(85) Pause Young (Normal) (G1 Evacuation Pause) 779M->173M(1024M) 11.460ms
[2025-12-24T11:19:10.352+0000][gc,cpu      ] GC(85) User=0.04s Sys=0.00s Real=0.01s
[2025-12-24T11:19:50.077+0000][gc,start    ] GC(86) Pause Young (Normal) (G1 Evacuation Pause)
[2025-12-24T11:19:50.078+0000][gc,task     ] GC(86) Using 8 workers of 8 for evacuation
[2025-12-24T11:19:50.128+0000][gc,phases   ] GC(86)   Pre Evacuate Collection Set: 1.2ms
[2025-12-24T11:19:50.129+0000][gc,phases   ] GC(86)   Merge Heap Roots: 0.3ms
[2025-12-24T11:19:50.129+0000][gc,phases   ] GC(86)   Evacuate Collection Set: 15.6ms
[2025-12-24T11:19:50.129+0000][gc,phases   ] GC(86)   Post Evacuate Collection Set: 32.0ms
[2025-12-24T11:19:50.129+0000][gc,phases   ] GC(86)   Other: 0.5ms
[2025-12-24T11:19:50.129+0000][gc,heap     ] GC(86) Eden regions: 607->0(607)
[2025-12-24T11:19:50.129+0000][gc,heap     ] GC(86) Survivor regions: 7->7(77)
[2025-12-24T11:19:50.129+0000][gc,heap     ] GC(86) Old regions: 36->37
[2025-12-24T11:19:50.129+0000][gc,heap     ] GC(86) Humongous regions: 131->131
[2025-12-24T11:19:50.129+0000][gc,metaspace] GC(86) Metaspace: 14953K(15360K)->14953K(15360K) NonClass: 13304K(13504K)->13304K(13504K) Class: 1648K(1856K)->1648K(1856K)
[2025-12-24T11:19:50.129+0000][gc          ] GC(86) Pause Young (Normal) (G1 Evacuation Pause) 780M->173M(1024M) 52.323ms
[2025-12-24T11:19:50.130+0000][gc,cpu      ] GC(86) User=0.15s Sys=0.02s Real=0.06s
[2025-12-24T11:20:20.398+0000][gc,start    ] GC(87) Pause Young (Normal) (G1 Evacuation Pause)
[2025-12-24T11:20:20.398+0000][gc,task     ] GC(87) Using 8 workers of 8 for evacuation
[2025-12-24T11:20:20.408+0000][gc,phases   ] GC(87)   Pre Evacuate Collection Set: 1.0ms
[2025-12-24T11:20:20.408+0000][gc,phases   ] GC(87)   Merge Heap Roots: 0.3ms
[2025-12-24T11:20:20.408+0000][gc,phases   ] GC(87)   Evacuate Collection Set: 6.9ms
[2025-12-24T11:20:20.408+0000][gc,phases   ] GC(87)   Post Evacuate Collection Set: 1.1ms
[2025-12-24T11:20:20.408+0000][gc,phases   ] GC(87)   Other: 0.3ms
[2025-12-24T11:20:20.408+0000][gc,heap     ] GC(87) Eden regions: 607->0(606)
[2025-12-24T11:20:20.408+0000][gc,heap     ] GC(87) Survivor regions: 7->8(77)
[2025-12-24T11:20:20.408+0000][gc,heap     ] GC(87) Old regions: 37->37
[2025-12-24T11:20:20.408+0000][gc,heap     ] GC(87) Humongous regions: 131->131
[2025-12-24T11:20:20.408+0000][gc,metaspace] GC(87) Metaspace: 14966K(15360K)->14966K(15360K) NonClass: 13317K(13504K)->13317K(13504K) Class: 1648K(1856K)->1648K(1856K)
[2025-12-24T11:20:20.409+0000][gc          ] GC(87) Pause Young (Normal) (G1 Evacuation Pause) 780M->175M(1024M) 10.707ms
[2025-12-24T11:20:20.409+0000][gc,cpu      ] GC(87) User=0.06s Sys=0.01s Real=0.01s
[2025-12-24T11:21:00.032+0000][gc,start    ] GC(88) Pause Young (Normal) (G1 Evacuation Pause)
[2025-12-24T11:21:00.033+0000][gc,task     ] GC(88) Using 8 workers of 8 for evacuation
[2025-12-24T11:21:00.046+0000][gc,phases   ] GC(88)   Pre Evacuate Collection Set: 1.5ms
[2025-12-24T11:21:00.046+0000][gc,phases   ] GC(88)   Merge Heap Roots: 0.5ms
[2025-12-24T11:21:00.046+0000][gc,phases   ] GC(88)   Evacuate Collection Set: 8.8ms
[2025-12-24T11:21:00.046+0000][gc,phases   ] GC(88)   Post Evacuate Collection Set: 1.6ms
[2025-12-24T11:21:00.046+0000][gc,phases   ] GC(88)   Other: 0.5ms
[2025-12-24T11:21:00.046+0000][gc,heap     ] GC(88) Eden regions: 606->0(606)
[2025-12-24T11:21:00.046+0000][gc,heap     ] GC(88) Survivor regions: 8->8(77)
[2025-12-24T11:21:00.046+0000][gc,heap     ] GC(88) Old regions: 37->37
[2025-12-24T11:21:00.047+0000][gc,heap     ] GC(88) Humongous regions: 131->131
[2025-12-24T11:21:00.047+0000][gc,metaspace] GC(88) Metaspace: 14971K(15360K)->14971K(15360K) NonClass: 13323K(13504K)->13323K(13504K) Class: 1648K(1856K)->1648K(1856K)
[2025-12-24T11:21:00.047+0000][gc          ] GC(88) Pause Young (Normal) (G1 Evacuation Pause) 781M->174M(1024M) 14.844ms
[2025-12-24T11:21:00.047+0000][gc,cpu      ] GC(88) User=0.08s Sys=0.00s Real=0.01s
[2025-12-24T11:21:30.318+0000][gc,start    ] GC(89) Pause Young (Normal) (G1 Evacuation Pause)
[2025-12-24T11:21:30.320+0000][gc,task     ] GC(89) Using 8 workers of 8 for evacuation
[2025-12-24T11:21:30.329+0000][gc,phases   ] GC(89)   Pre Evacuate Collection Set: 0.9ms
[2025-12-24T11:21:30.329+0000][gc,phases   ] GC(89)   Merge Heap Roots: 0.3ms
[2025-12-24T11:21:30.329+0000][gc,phases   ] GC(89)   Evacuate Collection Set: 6.6ms
[2025-12-24T11:21:30.329+0000][gc,phases   ] GC(89)   Post Evacuate Collection Set: 1.2ms
[2025-12-24T11:21:30.329+0000][gc,phases   ] GC(89)   Other: 0.3ms
[2025-12-24T11:21:30.329+0000][gc,heap     ] GC(89) Eden regions: 606->0(605)
[2025-12-24T11:21:30.329+0000][gc,heap     ] GC(89) Survivor regions: 8->9(77)
[2025-12-24T11:21:30.329+0000][gc,heap     ] GC(89) Old regions: 37->37
[2025-12-24T11:21:30.329+0000][gc,heap     ] GC(89) Humongous regions: 131->131
[2025-12-24T11:21:30.330+0000][gc,metaspace] GC(89) Metaspace: 14975K(15360K)->14975K(15360K) NonClass: 13327K(13504K)->13327K(13504K) Class: 1648K(1856K)->1648K(1856K)
[2025-12-24T11:21:30.330+0000][gc          ] GC(89) Pause Young (Normal) (G1 Evacuation Pause) 780M->176M(1024M) 11.197ms
[2025-12-24T11:21:30.330+0000][gc,cpu      ] GC(89) User=0.05s Sys=0.00s Real=0.01s
[2025-12-24T11:22:00.666+0000][gc,start    ] GC(90) Pause Young (Normal) (G1 Evacuation Pause)
[2025-12-24T11:22:00.667+0000][gc,task     ] GC(90) Using 8 workers of 8 for evacuation
[2025-12-24T11:22:00.678+0000][gc,phases   ] GC(90)   Pre Evacuate Collection Set: 1.1ms
[2025-12-24T11:22:00.678+0000][gc,phases   ] GC(90)   Merge Heap Roots: 0.3ms
[2025-12-24T11:22:00.678+0000][gc,phases   ] GC(90)   Evacuate Collection Set: 7.8ms
[2025-12-24T11:22:00.678+0000][gc,phases   ] GC(90)   Post Evacuate Collection Set: 1.0ms
[2025-12-24T11:22:00.678+0000][gc,phases   ] GC(90)   Other: 0.3ms
[2025-12-24T11:22:00.678+0000][gc,heap     ] GC(90) Eden regions: 605->0(604)
[2025-12-24T11:22:00.678+0000][gc,heap     ] GC(90) Survivor regions: 9->10(77)
[2025-12-24T11:22:00.678+0000][gc,heap     ] GC(90) Old regions: 37->38
[2025-12-24T11:22:00.678+0000][gc,heap     ] GC(90) Humongous regions: 131->131
[2025-12-24T11:22:00.678+0000][gc,metaspace] GC(90) Metaspace: 14977K(15360K)->14977K(15360K) NonClass: 13328K(13504K)->13328K(13504K) Class: 1648K(1856K)->1648K(1856K)
[2025-12-24T11:22:00.679+0000][gc          ] GC(90) Pause Young (Normal) (G1 Evacuation Pause) 781M->177M(1024M) 12.586ms
[2025-12-24T11:22:00.679+0000][gc,cpu      ] GC(90) User=0.07s Sys=0.01s Real=0.01s
[2025-12-24T11:22:40.287+0000][gc,start    ] GC(91) Pause Young (Normal) (G1 Evacuation Pause)
[2025-12-24T11:22:40.288+0000][gc,task     ] GC(91) Using 8 workers of 8 for evacuation
[2025-12-24T11:22:40.298+0000][gc,phases   ] GC(91)   Pre Evacuate Collection Set: 1.0ms
[2025-12-24T11:22:40.298+0000][gc,phases   ] GC(91)   Merge Heap Roots: 0.2ms
[2025-12-24T11:22:40.298+0000][gc,phases   ] GC(91)   Evacuate Collection Set: 7.0ms
[2025-12-24T11:22:40.298+0000][gc,phases   ] GC(91)   Post Evacuate Collection Set: 1.2ms
[2025-12-24T11:22:40.299+0000][gc,phases   ] GC(91)   Other: 0.3ms
[2025-12-24T11:22:40.299+0000][gc,heap     ] GC(91) Eden regions: 604->0(608)
[2025-12-24T11:22:40.299+0000][gc,heap     ] GC(91) Survivor regions: 10->6(77)
[2025-12-24T11:22:40.299+0000][gc,heap     ] GC(91) Old regions: 38->38
[2025-12-24T11:22:40.299+0000][gc,heap     ] GC(91) Humongous regions: 131->131
[2025-12-24T11:22:40.299+0000][gc,metaspace] GC(91) Metaspace: 14977K(15360K)->14977K(15360K) NonClass: 13328K(13504K)->13328K(13504K) Class: 1648K(1856K)->1648K(1856K)
[2025-12-24T11:22:40.299+0000][gc          ] GC(91) Pause Young (Normal) (G1 Evacuation Pause) 781M->174M(1024M) 11.719ms
[2025-12-24T11:22:40.299+0000][gc,cpu      ] GC(91) User=0.05s Sys=0.00s Real=0.01s
[2025-12-24T11:23:10.552+0000][gc,start    ] GC(92) Pause Young (Normal) (G1 Evacuation Pause)
[2025-12-24T11:23:10.552+0000][gc,task     ] GC(92) Using 8 workers of 8 for evacuation
[2025-12-24T11:23:10.565+0000][gc,phases   ] GC(92)   Pre Evacuate Collection Set: 0.9ms
[2025-12-24T11:23:10.565+0000][gc,phases   ] GC(92)   Merge Heap Roots: 0.2ms
[2025-12-24T11:23:10.566+0000][gc,phases   ] GC(92)   Evacuate Collection Set: 10.5ms
[2025-12-24T11:23:10.566+0000][gc,phases   ] GC(92)   Post Evacuate Collection Set: 1.0ms
[2025-12-24T11:23:10.566+0000][gc,phases   ] GC(92)   Other: 0.3ms
[2025-12-24T11:23:10.566+0000][gc,heap     ] GC(92) Eden regions: 608->0(606)
[2025-12-24T11:23:10.566+0000][gc,heap     ] GC(92) Survivor regions: 6->8(77)
[2025-12-24T11:23:10.566+0000][gc,heap     ] GC(92) Old regions: 38->38
[2025-12-24T11:23:10.566+0000][gc,heap     ] GC(92) Humongous regions: 131->131
[2025-12-24T11:23:10.566+0000][gc,metaspace] GC(92) Metaspace: 14977K(15360K)->14977K(15360K) NonClass: 13328K(13504K)->13328K(13504K) Class: 1648K(1856K)->1648K(1856K)
[2025-12-24T11:23:10.566+0000][gc          ] GC(92) Pause Young (Normal) (G1 Evacuation Pause) 782M->175M(1024M) 14.277ms
[2025-12-24T11:23:10.566+0000][gc,cpu      ] GC(92) User=0.08s Sys=0.00s Real=0.02s
[2025-12-24T11:23:50.228+0000][gc,start    ] GC(93) Pause Young (Normal) (G1 Evacuation Pause)
[2025-12-24T11:23:50.231+0000][gc,task     ] GC(93) Using 8 workers of 8 for evacuation
[2025-12-24T11:23:50.241+0000][gc,phases   ] GC(93)   Pre Evacuate Collection Set: 1.1ms
[2025-12-24T11:23:50.241+0000][gc,phases   ] GC(93)   Merge Heap Roots: 0.3ms
[2025-12-24T11:23:50.241+0000][gc,phases   ] GC(93)   Evacuate Collection Set: 7.7ms
[2025-12-24T11:23:50.242+0000][gc,phases   ] GC(93)   Post Evacuate Collection Set: 1.2ms
[2025-12-24T11:23:50.242+0000][gc,phases   ] GC(93)   Other: 0.3ms
[2025-12-24T11:23:50.242+0000][gc,heap     ] GC(93) Eden regions: 606->0(607)
[2025-12-24T11:23:50.242+0000][gc,heap     ] GC(93) Survivor regions: 8->7(77)
[2025-12-24T11:23:50.242+0000][gc,heap     ] GC(93) Old regions: 38->38
[2025-12-24T11:23:50.242+0000][gc,heap     ] GC(93) Humongous regions: 131->131
[2025-12-24T11:23:50.242+0000][gc,metaspace] GC(93) Metaspace: 14983K(15360K)->14983K(15360K) NonClass: 13335K(13504K)->13335K(13504K) Class: 1648K(1856K)->1648K(1856K)
[2025-12-24T11:23:50.242+0000][gc          ] GC(93) Pause Young (Normal) (G1 Evacuation Pause) 781M->175M(1024M) 13.938ms
[2025-12-24T11:23:50.242+0000][gc,cpu      ] GC(93) User=0.05s Sys=0.00s Real=0.01s
[2025-12-24T11:24:20.630+0000][gc,start    ] GC(94) Pause Young (Normal) (G1 Evacuation Pause)
[2025-12-24T11:24:20.631+0000][gc,task     ] GC(94) Using 8 workers of 8 for evacuation
[2025-12-24T11:24:20.650+0000][gc,phases   ] GC(94)   Pre Evacuate Collection Set: 2.3ms
[2025-12-24T11:24:20.651+0000][gc,phases   ] GC(94)   Merge Heap Roots: 1.5ms
[2025-12-24T11:24:20.651+0000][gc,phases   ] GC(94)   Evacuate Collection Set: 13.4ms
[2025-12-24T11:24:20.651+0000][gc,phases   ] GC(94)   Post Evacuate Collection Set: 1.3ms
[2025-12-24T11:24:20.651+0000][gc,phases   ] GC(94)   Other: 0.6ms
[2025-12-24T11:24:20.651+0000][gc,heap     ] GC(94) Eden regions: 607->0(605)
[2025-12-24T11:24:20.651+0000][gc,heap     ] GC(94) Survivor regions: 7->9(77)
[2025-12-24T11:24:20.651+0000][gc,heap     ] GC(94) Old regions: 38->38
[2025-12-24T11:24:20.651+0000][gc,heap     ] GC(94) Humongous regions: 131->131
[2025-12-24T11:24:20.651+0000][gc,metaspace] GC(94) Metaspace: 14984K(15360K)->14984K(15360K) NonClass: 13335K(13504K)->13335K(13504K) Class: 1648K(1856K)->1648K(1856K)
[2025-12-24T11:24:20.651+0000][gc          ] GC(94) Pause Young (Normal) (G1 Evacuation Pause) 782M->177M(1024M) 21.074ms
[2025-12-24T11:24:20.651+0000][gc,cpu      ] GC(94) User=0.12s Sys=0.00s Real=0.02s
[2025-12-24T11:24:50.281+0000][gc,start    ] GC(95) Pause Young (Concurrent Start) (CodeCache GC Threshold)
[2025-12-24T11:24:50.282+0000][gc,task     ] GC(95) Using 8 workers of 8 for evacuation
[2025-12-24T11:24:50.305+0000][gc,phases   ] GC(95)   Pre Evacuate Collection Set: 3.6ms
[2025-12-24T11:24:50.305+0000][gc,phases   ] GC(95)   Merge Heap Roots: 0.3ms
[2025-12-24T11:24:50.305+0000][gc,phases   ] GC(95)   Evacuate Collection Set: 15.9ms
[2025-12-24T11:24:50.305+0000][gc,phases   ] GC(95)   Post Evacuate Collection Set: 2.5ms
[2025-12-24T11:24:50.305+0000][gc,phases   ] GC(95)   Other: 0.3ms
[2025-12-24T11:24:50.305+0000][gc,heap     ] GC(95) Eden regions: 455->0(606)
[2025-12-24T11:24:50.305+0000][gc,heap     ] GC(95) Survivor regions: 9->8(77)
[2025-12-24T11:24:50.305+0000][gc,heap     ] GC(95) Old regions: 38->39
[2025-12-24T11:24:50.305+0000][gc,heap     ] GC(95) Humongous regions: 131->131
[2025-12-24T11:24:50.305+0000][gc,metaspace] GC(95) Metaspace: 14992K(15424K)->14992K(15424K) NonClass: 13343K(13568K)->13343K(13568K) Class: 1648K(1856K)->1648K(1856K)
[2025-12-24T11:24:50.305+0000][gc          ] GC(95) Pause Young (Concurrent Start) (CodeCache GC Threshold) 632M->177M(1024M) 24.548ms
[2025-12-24T11:24:50.306+0000][gc,cpu      ] GC(95) User=0.13s Sys=0.00s Real=0.03s
[2025-12-24T11:24:50.306+0000][gc          ] GC(96) Concurrent Mark Cycle
[2025-12-24T11:24:50.306+0000][gc,marking  ] GC(96) Concurrent Scan Root Regions
[2025-12-24T11:24:50.310+0000][gc,marking  ] GC(96) Concurrent Scan Root Regions 3.419ms
[2025-12-24T11:24:50.310+0000][gc,marking  ] GC(96) Concurrent Mark
[2025-12-24T11:24:50.310+0000][gc,marking  ] GC(96) Concurrent Mark From Roots
[2025-12-24T11:24:50.310+0000][gc,task     ] GC(96) Using 2 workers of 2 for marking
[2025-12-24T11:24:50.345+0000][gc,marking  ] GC(96) Concurrent Mark From Roots 35.085ms
[2025-12-24T11:24:50.345+0000][gc,marking  ] GC(96) Concurrent Preclean
[2025-12-24T11:24:50.346+0000][gc,marking  ] GC(96) Concurrent Preclean 0.324ms
[2025-12-24T11:24:50.346+0000][gc,start    ] GC(96) Pause Remark
[2025-12-24T11:24:50.397+0000][gc          ] GC(96) Pause Remark 187M->187M(1024M) 50.686ms
[2025-12-24T11:24:50.397+0000][gc,cpu      ] GC(96) User=0.30s Sys=0.00s Real=0.05s
[2025-12-24T11:24:50.397+0000][gc,marking  ] GC(96) Concurrent Mark 87.262ms
[2025-12-24T11:24:50.399+0000][gc,marking  ] GC(96) Concurrent Rebuild Remembered Sets and Scrub Regions
[2025-12-24T11:24:50.408+0000][gc,marking  ] GC(96) Concurrent Rebuild Remembered Sets and Scrub Regions 9.299ms
[2025-12-24T11:24:50.408+0000][gc,start    ] GC(96) Pause Cleanup
[2025-12-24T11:24:50.408+0000][gc          ] GC(96) Pause Cleanup 190M->190M(1024M) 0.438ms
[2025-12-24T11:24:50.409+0000][gc,cpu      ] GC(96) User=0.00s Sys=0.00s Real=0.00s
[2025-12-24T11:24:50.409+0000][gc,marking  ] GC(96) Concurrent Clear Claimed Marks
[2025-12-24T11:24:50.409+0000][gc,marking  ] GC(96) Concurrent Clear Claimed Marks 0.160ms
[2025-12-24T11:24:50.409+0000][gc,marking  ] GC(96) Concurrent Cleanup for Next Mark
[2025-12-24T11:24:50.418+0000][gc,marking  ] GC(96) Concurrent Cleanup for Next Mark 9.143ms
[2025-12-24T11:24:50.418+0000][gc          ] GC(96) Concurrent Mark Cycle 112.293ms
[2025-12-24T11:25:20.534+0000][gc,start    ] GC(97) Pause Young (Prepare Mixed) (G1 Evacuation Pause)
[2025-12-24T11:25:20.535+0000][gc,task     ] GC(97) Using 8 workers of 8 for evacuation
[2025-12-24T11:25:20.555+0000][gc,phases   ] GC(97)   Pre Evacuate Collection Set: 3.4ms
[2025-12-24T11:25:20.556+0000][gc,phases   ] GC(97)   Merge Heap Roots: 1.1ms
[2025-12-24T11:25:20.556+0000][gc,phases   ] GC(97)   Evacuate Collection Set: 10.8ms
[2025-12-24T11:25:20.556+0000][gc,phases   ] GC(97)   Post Evacuate Collection Set: 4.1ms
[2025-12-24T11:25:20.556+0000][gc,phases   ] GC(97)   Other: 0.9ms
[2025-12-24T11:25:20.556+0000][gc,heap     ] GC(97) Eden regions: 606->0(604)
[2025-12-24T11:25:20.556+0000][gc,heap     ] GC(97) Survivor regions: 8->10(77)
[2025-12-24T11:25:20.556+0000][gc,heap     ] GC(97) Old regions: 39->39
[2025-12-24T11:25:20.556+0000][gc,heap     ] GC(97) Humongous regions: 131->131
[2025-12-24T11:25:20.556+0000][gc,metaspace] GC(97) Metaspace: 14883K(15424K)->14883K(15424K) NonClass: 13263K(13568K)->13263K(13568K) Class: 1619K(1856K)->1619K(1856K)
[2025-12-24T11:25:20.556+0000][gc          ] GC(97) Pause Young (Prepare Mixed) (G1 Evacuation Pause) 783M->179M(1024M) 22.108ms
[2025-12-24T11:25:20.556+0000][gc,cpu      ] GC(97) User=0.10s Sys=0.00s Real=0.03s
[2025-12-24T11:26:00.180+0000][gc,start    ] GC(98) Pause Young (Mixed) (G1 Evacuation Pause)
[2025-12-24T11:26:00.181+0000][gc,task     ] GC(98) Using 8 workers of 8 for evacuation
[2025-12-24T11:26:00.192+0000][gc,phases   ] GC(98)   Pre Evacuate Collection Set: 1.3ms
[2025-12-24T11:26:00.192+0000][gc,phases   ] GC(98)   Merge Heap Roots: 0.2ms
[2025-12-24T11:26:00.192+0000][gc,phases   ] GC(98)   Evacuate Collection Set: 8.5ms
[2025-12-24T11:26:00.192+0000][gc,phases   ] GC(98)   Post Evacuate Collection Set: 1.1ms
[2025-12-24T11:26:00.193+0000][gc,phases   ] GC(98)   Other: 0.2ms
[2025-12-24T11:26:00.193+0000][gc,heap     ] GC(98) Eden regions: 604->0(605)
[2025-12-24T11:26:00.193+0000][gc,heap     ] GC(98) Survivor regions: 10->9(77)
[2025-12-24T11:26:00.193+0000][gc,heap     ] GC(98) Old regions: 39->36
[2025-12-24T11:26:00.193+0000][gc,heap     ] GC(98) Humongous regions: 131->131
[2025-12-24T11:26:00.193+0000][gc,metaspace] GC(98) Metaspace: 14883K(15424K)->14883K(15424K) NonClass: 13263K(13568K)->13263K(13568K) Class: 1619K(1856K)->1619K(1856K)
[2025-12-24T11:26:00.193+0000][gc          ] GC(98) Pause Young (Mixed) (G1 Evacuation Pause) 783M->175M(1024M) 12.629ms
[2025-12-24T11:26:00.193+0000][gc,cpu      ] GC(98) User=0.08s Sys=0.00s Real=0.01s
[2025-12-24T11:26:30.412+0000][gc,start    ] GC(99) Pause Young (Normal) (G1 Evacuation Pause)
[2025-12-24T11:26:30.413+0000][gc,task     ] GC(99) Using 8 workers of 8 for evacuation
[2025-12-24T11:26:30.432+0000][gc,phases   ] GC(99)   Pre Evacuate Collection Set: 2.1ms
[2025-12-24T11:26:30.432+0000][gc,phases   ] GC(99)   Merge Heap Roots: 1.1ms
[2025-12-24T11:26:30.432+0000][gc,phases   ] GC(99)   Evacuate Collection Set: 14.1ms
[2025-12-24T11:26:30.432+0000][gc,phases   ] GC(99)   Post Evacuate Collection Set: 1.6ms
[2025-12-24T11:26:30.432+0000][gc,phases   ] GC(99)   Other: 0.4ms
[2025-12-24T11:26:30.433+0000][gc,heap     ] GC(99) Eden regions: 605->0(607)
[2025-12-24T11:26:30.433+0000][gc,heap     ] GC(99) Survivor regions: 9->7(77)
[2025-12-24T11:26:30.433+0000][gc,heap     ] GC(99) Old regions: 36->37
[2025-12-24T11:26:30.433+0000][gc,heap     ] GC(99) Humongous regions: 131->131
[2025-12-24T11:26:30.433+0000][gc,metaspace] GC(99) Metaspace: 14883K(15424K)->14883K(15424K) NonClass: 13263K(13568K)->13263K(13568K) Class: 1619K(1856K)->1619K(1856K)
[2025-12-24T11:26:30.433+0000][gc          ] GC(99) Pause Young (Normal) (G1 Evacuation Pause) 780M->173M(1024M) 21.267ms
[2025-12-24T11:26:30.433+0000][gc,cpu      ] GC(99) User=0.10s Sys=0.00s Real=0.02s
[2025-12-24T11:27:10.123+0000][gc,start    ] GC(100) Pause Young (Normal) (G1 Evacuation Pause)
[2025-12-24T11:27:10.123+0000][gc,task     ] GC(100) Using 8 workers of 8 for evacuation
[2025-12-24T11:27:10.134+0000][gc,phases   ] GC(100)   Pre Evacuate Collection Set: 1.4ms
[2025-12-24T11:27:10.135+0000][gc,phases   ] GC(100)   Merge Heap Roots: 0.3ms
[2025-12-24T11:27:10.135+0000][gc,phases   ] GC(100)   Evacuate Collection Set: 8.0ms
[2025-12-24T11:27:10.135+0000][gc,phases   ] GC(100)   Post Evacuate Collection Set: 1.2ms
[2025-12-24T11:27:10.135+0000][gc,phases   ] GC(100)   Other: 0.3ms
[2025-12-24T11:27:10.135+0000][gc,heap     ] GC(100) Eden regions: 607->0(608)
[2025-12-24T11:27:10.135+0000][gc,heap     ] GC(100) Survivor regions: 7->6(77)
[2025-12-24T11:27:10.135+0000][gc,heap     ] GC(100) Old regions: 37->37
[2025-12-24T11:27:10.135+0000][gc,heap     ] GC(100) Humongous regions: 131->131
[2025-12-24T11:27:10.135+0000][gc,metaspace] GC(100) Metaspace: 14884K(15424K)->14884K(15424K) NonClass: 13264K(13568K)->13264K(13568K) Class: 1619K(1856K)->1619K(1856K)
[2025-12-24T11:27:10.135+0000][gc          ] GC(100) Pause Young (Normal) (G1 Evacuation Pause) 780M->172M(1024M) 12.628ms
[2025-12-24T11:27:10.135+0000][gc,cpu      ] GC(100) User=0.06s Sys=0.01s Real=0.01s
[2025-12-24T11:27:40.361+0000][gc,start    ] GC(101) Pause Young (Normal) (G1 Evacuation Pause)
[2025-12-24T11:27:40.362+0000][gc,task     ] GC(101) Using 8 workers of 8 for evacuation
[2025-12-24T11:27:40.374+0000][gc,phases   ] GC(101)   Pre Evacuate Collection Set: 0.9ms
[2025-12-24T11:27:40.375+0000][gc,phases   ] GC(101)   Merge Heap Roots: 0.2ms
[2025-12-24T11:27:40.375+0000][gc,phases   ] GC(101)   Evacuate Collection Set: 9.7ms
[2025-12-24T11:27:40.375+0000][gc,phases   ] GC(101)   Post Evacuate Collection Set: 0.9ms
[2025-12-24T11:27:40.375+0000][gc,phases   ] GC(101)   Other: 0.2ms
[2025-12-24T11:27:40.375+0000][gc,heap     ] GC(101) Eden regions: 608->0(607)
[2025-12-24T11:27:40.375+0000][gc,heap     ] GC(101) Survivor regions: 6->7(77)
[2025-12-24T11:27:40.375+0000][gc,heap     ] GC(101) Old regions: 37->37
[2025-12-24T11:27:40.375+0000][gc,heap     ] GC(101) Humongous regions: 131->131
[2025-12-24T11:27:40.375+0000][gc,metaspace] GC(101) Metaspace: 14884K(15424K)->14884K(15424K) NonClass: 13264K(13568K)->13264K(13568K) Class: 1619K(1856K)->1619K(1856K)
[2025-12-24T11:27:40.375+0000][gc          ] GC(101) Pause Young (Normal) (G1 Evacuation Pause) 780M->174M(1024M) 13.903ms
[2025-12-24T11:27:40.375+0000][gc,cpu      ] GC(101) User=0.07s Sys=0.00s Real=0.01s
[2025-12-24T11:28:20.045+0000][gc,start    ] GC(102) Pause Young (Normal) (G1 Evacuation Pause)
[2025-12-24T11:28:20.046+0000][gc,task     ] GC(102) Using 8 workers of 8 for evacuation
[2025-12-24T11:28:20.063+0000][gc,phases   ] GC(102)   Pre Evacuate Collection Set: 1.8ms
[2025-12-24T11:28:20.063+0000][gc,phases   ] GC(102)   Merge Heap Roots: 0.4ms
[2025-12-24T11:28:20.063+0000][gc,phases   ] GC(102)   Evacuate Collection Set: 12.6ms
[2025-12-24T11:28:20.063+0000][gc,phases   ] GC(102)   Post Evacuate Collection Set: 1.5ms
[2025-12-24T11:28:20.063+0000][gc,phases   ] GC(102)   Other: 0.5ms
[2025-12-24T11:28:20.063+0000][gc,heap     ] GC(102) Eden regions: 607->0(608)
[2025-12-24T11:28:20.063+0000][gc,heap     ] GC(102) Survivor regions: 7->6(77)
[2025-12-24T11:28:20.063+0000][gc,heap     ] GC(102) Old regions: 37->37
[2025-12-24T11:28:20.063+0000][gc,heap     ] GC(102) Humongous regions: 131->131
[2025-12-24T11:28:20.063+0000][gc,metaspace] GC(102) Metaspace: 14884K(15424K)->14884K(15424K) NonClass: 13264K(13568K)->13264K(13568K) Class: 1619K(1856K)->1619K(1856K)
[2025-12-24T11:28:20.064+0000][gc          ] GC(102) Pause Young (Normal) (G1 Evacuation Pause) 781M->173M(1024M) 18.781ms
[2025-12-24T11:28:20.064+0000][gc,cpu      ] GC(102) User=0.10s Sys=0.00s Real=0.02s
[2025-12-24T11:28:50.309+0000][gc,start    ] GC(103) Pause Young (Normal) (G1 Evacuation Pause)
[2025-12-24T11:28:50.310+0000][gc,task     ] GC(103) Using 8 workers of 8 for evacuation
[2025-12-24T11:28:50.320+0000][gc,phases   ] GC(103)   Pre Evacuate Collection Set: 1.2ms
[2025-12-24T11:28:50.320+0000][gc,phases   ] GC(103)   Merge Heap Roots: 0.4ms
[2025-12-24T11:28:50.320+0000][gc,phases   ] GC(103)   Evacuate Collection Set: 7.4ms
[2025-12-24T11:28:50.321+0000][gc,phases   ] GC(103)   Post Evacuate Collection Set: 1.2ms
[2025-12-24T11:28:50.321+0000][gc,phases   ] GC(103)   Other: 0.3ms
[2025-12-24T11:28:50.321+0000][gc,heap     ] GC(103) Eden regions: 608->0(606)
[2025-12-24T11:28:50.321+0000][gc,heap     ] GC(103) Survivor regions: 6->8(77)
[2025-12-24T11:28:50.321+0000][gc,heap     ] GC(103) Old regions: 37->37
[2025-12-24T11:28:50.321+0000][gc,heap     ] GC(103) Humongous regions: 131->131
[2025-12-24T11:28:50.321+0000][gc,metaspace] GC(103) Metaspace: 14884K(15424K)->14884K(15424K) NonClass: 13264K(13568K)->13264K(13568K) Class: 1619K(1856K)->1619K(1856K)
[2025-12-24T11:28:50.321+0000][gc          ] GC(103) Pause Young (Normal) (G1 Evacuation Pause) 781M->175M(1024M) 12.264ms
[2025-12-24T11:28:50.321+0000][gc,cpu      ] GC(103) User=0.06s Sys=0.00s Real=0.02s
[2025-12-24T11:29:20.549+0000][gc,start    ] GC(104) Pause Young (Normal) (G1 Evacuation Pause)
[2025-12-24T11:29:20.549+0000][gc,task     ] GC(104) Using 8 workers of 8 for evacuation
[2025-12-24T11:29:20.560+0000][gc,phases   ] GC(104)   Pre Evacuate Collection Set: 1.0ms
[2025-12-24T11:29:20.560+0000][gc,phases   ] GC(104)   Merge Heap Roots: 0.2ms
[2025-12-24T11:29:20.560+0000][gc,phases   ] GC(104)   Evacuate Collection Set: 7.6ms
[2025-12-24T11:29:20.560+0000][gc,phases   ] GC(104)   Post Evacuate Collection Set: 1.1ms
[2025-12-24T11:29:20.560+0000][gc,phases   ] GC(104)   Other: 0.3ms
[2025-12-24T11:29:20.560+0000][gc,heap     ] GC(104) Eden regions: 606->0(604)
[2025-12-24T11:29:20.560+0000][gc,heap     ] GC(104) Survivor regions: 8->10(77)
[2025-12-24T11:29:20.560+0000][gc,heap     ] GC(104) Old regions: 37->38
[2025-12-24T11:29:20.560+0000][gc,heap     ] GC(104) Humongous regions: 131->131
[2025-12-24T11:29:20.560+0000][gc,metaspace] GC(104) Metaspace: 14884K(15424K)->14884K(15424K) NonClass: 13264K(13568K)->13264K(13568K) Class: 1619K(1856K)->1619K(1856K)
[2025-12-24T11:29:20.560+0000][gc          ] GC(104) Pause Young (Normal) (G1 Evacuation Pause) 781M->177M(1024M) 11.650ms
[2025-12-24T11:29:20.561+0000][gc,cpu      ] GC(104) User=0.07s Sys=0.01s Real=0.02s
[2025-12-24T11:30:00.192+0000][gc,start    ] GC(105) Pause Young (Normal) (G1 Evacuation Pause)
[2025-12-24T11:30:00.193+0000][gc,task     ] GC(105) Using 8 workers of 8 for evacuation
[2025-12-24T11:30:00.205+0000][gc,phases   ] GC(105)   Pre Evacuate Collection Set: 1.1ms
[2025-12-24T11:30:00.205+0000][gc,phases   ] GC(105)   Merge Heap Roots: 0.3ms
[2025-12-24T11:30:00.206+0000][gc,phases   ] GC(105)   Evacuate Collection Set: 8.0ms
[2025-12-24T11:30:00.206+0000][gc,phases   ] GC(105)   Post Evacuate Collection Set: 2.6ms
[2025-12-24T11:30:00.206+0000][gc,phases   ] GC(105)   Other: 0.2ms
[2025-12-24T11:30:00.206+0000][gc,heap     ] GC(105) Eden regions: 604->0(605)
[2025-12-24T11:30:00.206+0000][gc,heap     ] GC(105) Survivor regions: 10->9(77)
[2025-12-24T11:30:00.206+0000][gc,heap     ] GC(105) Old regions: 38->38
[2025-12-24T11:30:00.206+0000][gc,heap     ] GC(105) Humongous regions: 131->131
[2025-12-24T11:30:00.206+0000][gc,metaspace] GC(105) Metaspace: 14884K(15424K)->14884K(15424K) NonClass: 13264K(13568K)->13264K(13568K) Class: 1619K(1856K)->1619K(1856K)
[2025-12-24T11:30:00.206+0000][gc          ] GC(105) Pause Young (Normal) (G1 Evacuation Pause) 781M->177M(1024M) 14.494ms
[2025-12-24T11:30:00.206+0000][gc,cpu      ] GC(105) User=0.07s Sys=0.00s Real=0.01s
[2025-12-24T11:30:30.443+0000][gc,start    ] GC(106) Pause Young (Normal) (G1 Evacuation Pause)
[2025-12-24T11:30:30.444+0000][gc,task     ] GC(106) Using 8 workers of 8 for evacuation
[2025-12-24T11:30:30.453+0000][gc,phases   ] GC(106)   Pre Evacuate Collection Set: 1.0ms
[2025-12-24T11:30:30.453+0000][gc,phases   ] GC(106)   Merge Heap Roots: 0.2ms
[2025-12-24T11:30:30.453+0000][gc,phases   ] GC(106)   Evacuate Collection Set: 6.1ms
[2025-12-24T11:30:30.453+0000][gc,phases   ] GC(106)   Post Evacuate Collection Set: 1.6ms
[2025-12-24T11:30:30.453+0000][gc,phases   ] GC(106)   Other: 0.2ms
[2025-12-24T11:30:30.454+0000][gc,heap     ] GC(106) Eden regions: 605->0(608)
[2025-12-24T11:30:30.454+0000][gc,heap     ] GC(106) Survivor regions: 9->6(77)
[2025-12-24T11:30:30.454+0000][gc,heap     ] GC(106) Old regions: 38->38
[2025-12-24T11:30:30.454+0000][gc,heap     ] GC(106) Humongous regions: 131->131
[2025-12-24T11:30:30.454+0000][gc,metaspace] GC(106) Metaspace: 14884K(15424K)->14884K(15424K) NonClass: 13264K(13568K)->13264K(13568K) Class: 1619K(1856K)->1619K(1856K)
[2025-12-24T11:30:30.454+0000][gc          ] GC(106) Pause Young (Normal) (G1 Evacuation Pause) 782M->174M(1024M) 10.903ms
[2025-12-24T11:30:30.454+0000][gc,cpu      ] GC(106) User=0.06s Sys=0.00s Real=0.01s
[2025-12-24T11:31:10.150+0000][gc,start    ] GC(107) Pause Young (Normal) (G1 Evacuation Pause)
[2025-12-24T11:31:10.151+0000][gc,task     ] GC(107) Using 8 workers of 8 for evacuation
[2025-12-24T11:31:10.159+0000][gc,phases   ] GC(107)   Pre Evacuate Collection Set: 1.0ms
[2025-12-24T11:31:10.159+0000][gc,phases   ] GC(107)   Merge Heap Roots: 0.2ms
[2025-12-24T11:31:10.159+0000][gc,phases   ] GC(107)   Evacuate Collection Set: 5.2ms
[2025-12-24T11:31:10.160+0000][gc,phases   ] GC(107)   Post Evacuate Collection Set: 1.1ms
[2025-12-24T11:31:10.160+0000][gc,phases   ] GC(107)   Other: 0.3ms
[2025-12-24T11:31:10.160+0000][gc,heap     ] GC(107) Eden regions: 608->0(609)
[2025-12-24T11:31:10.160+0000][gc,heap     ] GC(107) Survivor regions: 6->5(77)
[2025-12-24T11:31:10.160+0000][gc,heap     ] GC(107) Old regions: 38->38
[2025-12-24T11:31:10.160+0000][gc,heap     ] GC(107) Humongous regions: 131->131
[2025-12-24T11:31:10.160+0000][gc,metaspace] GC(107) Metaspace: 14887K(15424K)->14887K(15424K) NonClass: 13268K(13568K)->13268K(13568K) Class: 1619K(1856K)->1619K(1856K)
[2025-12-24T11:31:10.160+0000][gc          ] GC(107) Pause Young (Normal) (G1 Evacuation Pause) 782M->173M(1024M) 9.959ms
[2025-12-24T11:31:10.160+0000][gc,cpu      ] GC(107) User=0.05s Sys=0.00s Real=0.01s
[2025-12-24T11:31:40.392+0000][gc,start    ] GC(108) Pause Young (Normal) (G1 Evacuation Pause)
[2025-12-24T11:31:40.394+0000][gc,task     ] GC(108) Using 8 workers of 8 for evacuation
[2025-12-24T11:31:40.408+0000][gc,phases   ] GC(108)   Pre Evacuate Collection Set: 1.8ms
[2025-12-24T11:31:40.408+0000][gc,phases   ] GC(108)   Merge Heap Roots: 0.2ms
[2025-12-24T11:31:40.408+0000][gc,phases   ] GC(108)   Evacuate Collection Set: 10.6ms
[2025-12-24T11:31:40.408+0000][gc,phases   ] GC(108)   Post Evacuate Collection Set: 1.1ms
[2025-12-24T11:31:40.408+0000][gc,phases   ] GC(108)   Other: 0.4ms
[2025-12-24T11:31:40.408+0000][gc,heap     ] GC(108) Eden regions: 609->0(604)
[2025-12-24T11:31:40.408+0000][gc,heap     ] GC(108) Survivor regions: 5->10(77)
[2025-12-24T11:31:40.408+0000][gc,heap     ] GC(108) Old regions: 38->39
[2025-12-24T11:31:40.408+0000][gc,heap     ] GC(108) Humongous regions: 149->149
[2025-12-24T11:31:40.408+0000][gc,metaspace] GC(108) Metaspace: 15025K(15488K)->15025K(15488K) NonClass: 13377K(13568K)->13377K(13568K) Class: 1648K(1920K)->1648K(1920K)
[2025-12-24T11:31:40.409+0000][gc          ] GC(108) Pause Young (Normal) (G1 Evacuation Pause) 800M->196M(1024M) 16.585ms
[2025-12-24T11:31:40.409+0000][gc,cpu      ] GC(108) User=0.09s Sys=0.01s Real=0.02s
[2025-12-24T11:32:20.050+0000][gc,start    ] GC(109) Pause Young (Normal) (G1 Evacuation Pause)
[2025-12-24T11:32:20.050+0000][gc,task     ] GC(109) Using 8 workers of 8 for evacuation
[2025-12-24T11:32:20.083+0000][gc,phases   ] GC(109)   Pre Evacuate Collection Set: 1.9ms
[2025-12-24T11:32:20.083+0000][gc,phases   ] GC(109)   Merge Heap Roots: 0.5ms
[2025-12-24T11:32:20.083+0000][gc,phases   ] GC(109)   Evacuate Collection Set: 27.4ms
[2025-12-24T11:32:20.083+0000][gc,phases   ] GC(109)   Post Evacuate Collection Set: 1.9ms
[2025-12-24T11:32:20.083+0000][gc,phases   ] GC(109)   Other: 0.3ms
[2025-12-24T11:32:20.083+0000][gc,heap     ] GC(109) Eden regions: 604->0(605)
[2025-12-24T11:32:20.083+0000][gc,heap     ] GC(109) Survivor regions: 10->9(77)
[2025-12-24T11:32:20.083+0000][gc,heap     ] GC(109) Old regions: 39->39
[2025-12-24T11:32:20.084+0000][gc,heap     ] GC(109) Humongous regions: 149->149
[2025-12-24T11:32:20.084+0000][gc,metaspace] GC(109) Metaspace: 15027K(15488K)->15027K(15488K) NonClass: 13379K(13568K)->13379K(13568K) Class: 1648K(1920K)->1648K(1920K)
[2025-12-24T11:32:20.084+0000][gc          ] GC(109) Pause Young (Normal) (G1 Evacuation Pause) 800M->195M(1024M) 33.892ms
[2025-12-24T11:32:20.084+0000][gc,cpu      ] GC(109) User=0.22s Sys=0.00s Real=0.03s
