[2025-12-24T11:34:28.793+0000][gc,init] CardTable entry size: 512
[2025-12-24T11:34:28.794+0000][gc     ] Using G1
[2025-12-24T11:34:28.816+0000][gc,init] Version: 21.0.4+7-LTS (release)
[2025-12-24T11:34:28.816+0000][gc,init] CPUs: 8 total, 8 available
[2025-12-24T11:34:28.818+0000][gc,init] Memory: 13709M
[2025-12-24T11:34:28.821+0000][gc,init] Large Page Support: Disabled
[2025-12-24T11:34:28.824+0000][gc,init] NUMA Support: Disabled
[2025-12-24T11:34:28.828+0000][gc,init] Compressed Oops: Enabled (32-bit)
[2025-12-24T11:34:28.831+0000][gc,init] Heap Region Size: 1M
[2025-12-24T11:34:28.834+0000][gc,init] Heap Min Capacity: 1G
[2025-12-24T11:34:28.835+0000][gc,init] Heap Initial Capacity: 1G
[2025-12-24T11:34:28.837+0000][gc,init] Heap Max Capacity: 1G
[2025-12-24T11:34:28.837+0000][gc,init] Pre-touch: Disabled
[2025-12-24T11:34:28.838+0000][gc,init] Parallel Workers: 8
[2025-12-24T11:34:28.841+0000][gc,init] Concurrent Workers: 2
[2025-12-24T11:34:28.842+0000][gc,init] Concurrent Refinement Workers: 8
[2025-12-24T11:34:28.842+0000][gc,init] Periodic GC: Disabled
[2025-12-24T11:34:28.891+0000][gc,metaspace] CDS archive(s) mapped at: [0x0000006800000000-0x0000006800bd0000-0x00000068036b0000), size 57344000, SharedBaseAddress: 0x0000006800000000, ArchiveRelocationMode: 1.
[2025-12-24T11:34:28.892+0000][gc,metaspace] Compressed class space mapped at: 0x0000006804000000-0x0000006844000000, reserved size: 1073741824
[2025-12-24T11:34:28.892+0000][gc,metaspace] Narrow klass base: 0x0000006800000000, Narrow klass shift: 0, Narrow klass range: 0x100000000
[2025-12-24T11:34:33.699+0000][gc,start    ] GC(0) Pause Young (Normal) (G1 Evacuation Pause)
[2025-12-24T11:34:33.703+0000][gc,task     ] GC(0) Using 8 workers of 8 for evacuation
[2025-12-24T11:34:33.853+0000][gc,phases   ] GC(0)   Pre Evacuate Collection Set: 0.7ms
[2025-12-24T11:34:33.853+0000][gc,phases   ] GC(0)   Merge Heap Roots: 0.0ms
[2025-12-24T11:34:33.853+0000][gc,phases   ] GC(0)   Evacuate Collection Set: 145.7ms
[2025-12-24T11:34:33.853+0000][gc,phases   ] GC(0)   Post Evacuate Collection Set: 3.3ms
[2025-12-24T11:34:33.853+0000][gc,phases   ] GC(0)   Other: 4.1ms
[2025-12-24T11:34:33.854+0000][gc,heap     ] GC(0) Eden regions: 51->0(44)
[2025-12-24T11:34:33.855+0000][gc,heap     ] GC(0) Survivor regions: 0->7(7)
[2025-12-24T11:34:33.855+0000][gc,heap     ] GC(0) Old regions: 1->6
[2025-12-24T11:34:33.855+0000][gc,heap     ] GC(0) Humongous regions: 0->0
[2025-12-24T11:34:33.855+0000][gc,metaspace] GC(0) Metaspace: 5125K(5312K)->5125K(5312K) NonClass: 4515K(4608K)->4515K(4608K) Class: 609K(704K)->609K(704K)
[2025-12-24T11:34:33.855+0000][gc          ] GC(0) Pause Young (Normal) (G1 Evacuation Pause) 51M->12M(1024M) 156.474ms
[2025-12-24T11:34:33.855+0000][gc,cpu      ] GC(0) User=0.06s Sys=0.08s Real=0.15s
[2025-12-24T11:34:36.085+0000][gc,start    ] GC(1) Pause Young (Normal) (G1 Evacuation Pause)
[2025-12-24T11:34:36.085+0000][gc,task     ] GC(1) Using 8 workers of 8 for evacuation
[2025-12-24T11:34:36.111+0000][gc,phases   ] GC(1)   Pre Evacuate Collection Set: 0.4ms
[2025-12-24T11:34:36.111+0000][gc,phases   ] GC(1)   Merge Heap Roots: 0.1ms
[2025-12-24T11:34:36.111+0000][gc,phases   ] GC(1)   Evacuate Collection Set: 22.3ms
[2025-12-24T11:34:36.112+0000][gc,phases   ] GC(1)   Post Evacuate Collection Set: 2.1ms
[2025-12-24T11:34:36.112+0000][gc,phases   ] GC(1)   Other: 0.3ms
[2025-12-24T11:34:36.112+0000][gc,heap     ] GC(1) Eden regions: 44->0(60)
[2025-12-24T11:34:36.112+0000][gc,heap     ] GC(1) Survivor regions: 7->2(7)
[2025-12-24T11:34:36.112+0000][gc,heap     ] GC(1) Old regions: 6->14
[2025-12-24T11:34:36.112+0000][gc,heap     ] GC(1) Humongous regions: 2->2
[2025-12-24T11:34:36.112+0000][gc,metaspace] GC(1) Metaspace: 6441K(6720K)->6441K(6720K) NonClass: 5686K(5824K)->5686K(5824K) Class: 755K(896K)->755K(896K)
[2025-12-24T11:34:36.112+0000][gc          ] GC(1) Pause Young (Normal) (G1 Evacuation Pause) 58M->17M(1024M) 27.333ms
[2025-12-24T11:34:36.113+0000][gc,cpu      ] GC(1) User=0.03s Sys=0.01s Real=0.03s
[2025-12-24T11:34:36.825+0000][gc,start    ] GC(2) Pause Young (Normal) (G1 Evacuation Pause)
[2025-12-24T11:34:36.826+0000][gc,task     ] GC(2) Using 8 workers of 8 for evacuation
[2025-12-24T11:34:36.841+0000][gc,phases   ] GC(2)   Pre Evacuate Collection Set: 1.0ms
[2025-12-24T11:34:36.842+0000][gc,phases   ] GC(2)   Merge Heap Roots: 0.2ms
[2025-12-24T11:34:36.842+0000][gc,phases   ] GC(2)   Evacuate Collection Set: 12.9ms
[2025-12-24T11:34:36.842+0000][gc,phases   ] GC(2)   Post Evacuate Collection Set: 0.4ms
[2025-12-24T11:34:36.842+0000][gc,phases   ] GC(2)   Other: 0.5ms
[2025-12-24T11:34:36.842+0000][gc,heap     ] GC(2) Eden regions: 67->0(609)
[2025-12-24T11:34:36.842+0000][gc,heap     ] GC(2) Survivor regions: 2->5(9)
[2025-12-24T11:34:36.842+0000][gc,heap     ] GC(2) Old regions: 14->14
[2025-12-24T11:34:36.843+0000][gc,heap     ] GC(2) Humongous regions: 2->2
[2025-12-24T11:34:36.843+0000][gc,metaspace] GC(2) Metaspace: 7680K(8000K)->7680K(8000K) NonClass: 6756K(6912K)->6756K(6912K) Class: 923K(1088K)->923K(1088K)
[2025-12-24T11:34:36.843+0000][gc          ] GC(2) Pause Young (Normal) (G1 Evacuation Pause) 84M->19M(1024M) 17.736ms
[2025-12-24T11:34:36.843+0000][gc,cpu      ] GC(2) User=0.02s Sys=0.01s Real=0.02s
[2025-12-24T11:35:35.913+0000][gc,start    ] GC(3) Pause Young (Normal) (G1 Evacuation Pause)
[2025-12-24T11:35:35.914+0000][gc,task     ] GC(3) Using 8 workers of 8 for evacuation
[2025-12-24T11:35:35.922+0000][gc,phases   ] GC(3)   Pre Evacuate Collection Set: 1.0ms
[2025-12-24T11:35:35.923+0000][gc,phases   ] GC(3)   Merge Heap Roots: 0.1ms
[2025-12-24T11:35:35.923+0000][gc,phases   ] GC(3)   Evacuate Collection Set: 5.4ms
[2025-12-24T11:35:35.923+0000][gc,phases   ] GC(3)   Post Evacuate Collection Set: 2.0ms
[2025-12-24T11:35:35.923+0000][gc,phases   ] GC(3)   Other: 0.3ms
[2025-12-24T11:35:35.923+0000][gc,heap     ] GC(3) Eden regions: 609->0(609)
[2025-12-24T11:35:35.923+0000][gc,heap     ] GC(3) Survivor regions: 5->5(77)
[2025-12-24T11:35:35.923+0000][gc,heap     ] GC(3) Old regions: 14->14
[2025-12-24T11:35:35.923+0000][gc,heap     ] GC(3) Humongous regions: 2->2
[2025-12-24T11:35:35.923+0000][gc,metaspace] GC(3) Metaspace: 8983K(9280K)->8983K(9280K) NonClass: 8017K(8192K)->8017K(8192K) Class: 966K(1088K)->966K(1088K)
[2025-12-24T11:35:35.923+0000][gc          ] GC(3) Pause Young (Normal) (G1 Evacuation Pause) 628M->19M(1024M) 9.967ms
[2025-12-24T11:35:35.923+0000][gc,cpu      ] GC(3) User=0.05s Sys=0.01s Real=0.01s
[2025-12-24T11:36:35.858+0000][gc,start    ] GC(4) Pause Young (Normal) (G1 Evacuation Pause)
[2025-12-24T11:36:35.859+0000][gc,task     ] GC(4) Using 8 workers of 8 for evacuation
[2025-12-24T11:36:35.869+0000][gc,phases   ] GC(4)   Pre Evacuate Collection Set: 1.0ms
[2025-12-24T11:36:35.869+0000][gc,phases   ] GC(4)   Merge Heap Roots: 0.2ms
[2025-12-24T11:36:35.869+0000][gc,phases   ] GC(4)   Evacuate Collection Set: 7.0ms
[2025-12-24T11:36:35.869+0000][gc,phases   ] GC(4)   Post Evacuate Collection Set: 2.1ms
[2025-12-24T11:36:35.869+0000][gc,phases   ] GC(4)   Other: 0.2ms
[2025-12-24T11:36:35.869+0000][gc,heap     ] GC(4) Eden regions: 609->0(610)
[2025-12-24T11:36:35.869+0000][gc,heap     ] GC(4) Survivor regions: 5->4(77)
[2025-12-24T11:36:35.870+0000][gc,heap     ] GC(4) Old regions: 14->14
[2025-12-24T11:36:35.870+0000][gc,heap     ] GC(4) Humongous regions: 2->2
[2025-12-24T11:36:35.870+0000][gc,metaspace] GC(4) Metaspace: 9320K(9600K)->9320K(9600K) NonClass: 8351K(8512K)->8351K(8512K) Class: 969K(1088K)->969K(1088K)
[2025-12-24T11:36:35.870+0000][gc          ] GC(4) Pause Young (Normal) (G1 Evacuation Pause) 628M->19M(1024M) 11.783ms
[2025-12-24T11:36:35.870+0000][gc,cpu      ] GC(4) User=0.06s Sys=0.00s Real=0.02s
[2025-12-24T11:37:35.716+0000][gc,start    ] GC(5) Pause Young (Normal) (G1 Evacuation Pause)
[2025-12-24T11:37:35.717+0000][gc,task     ] GC(5) Using 8 workers of 8 for evacuation
[2025-12-24T11:37:35.724+0000][gc,phases   ] GC(5)   Pre Evacuate Collection Set: 0.9ms
[2025-12-24T11:37:35.724+0000][gc,phases   ] GC(5)   Merge Heap Roots: 0.2ms
[2025-12-24T11:37:35.724+0000][gc,phases   ] GC(5)   Evacuate Collection Set: 4.6ms
[2025-12-24T11:37:35.724+0000][gc,phases   ] GC(5)   Post Evacuate Collection Set: 1.2ms
[2025-12-24T11:37:35.724+0000][gc,phases   ] GC(5)   Other: 0.2ms
[2025-12-24T11:37:35.724+0000][gc,heap     ] GC(5) Eden regions: 610->0(610)
[2025-12-24T11:37:35.724+0000][gc,heap     ] GC(5) Survivor regions: 4->4(77)
[2025-12-24T11:37:35.724+0000][gc,heap     ] GC(5) Old regions: 14->14
[2025-12-24T11:37:35.724+0000][gc,heap     ] GC(5) Humongous regions: 2->2
[2025-12-24T11:37:35.724+0000][gc,metaspace] GC(5) Metaspace: 9592K(9920K)->9592K(9920K) NonClass: 8616K(8768K)->8616K(8768K) Class: 976K(1152K)->976K(1152K)
[2025-12-24T11:37:35.724+0000][gc          ] GC(5) Pause Young (Normal) (G1 Evacuation Pause) 629M->18M(1024M) 8.152ms
[2025-12-24T11:37:35.725+0000][gc,cpu      ] GC(5) User=0.04s Sys=0.00s Real=0.01s
[2025-12-24T11:38:26.021+0000][gc,start    ] GC(6) Pause Young (Normal) (G1 Evacuation Pause)
[2025-12-24T11:38:26.021+0000][gc,task     ] GC(6) Using 8 workers of 8 for evacuation
[2025-12-24T11:38:26.029+0000][gc,phases   ] GC(6)   Pre Evacuate Collection Set: 1.0ms
[2025-12-24T11:38:26.029+0000][gc,phases   ] GC(6)   Merge Heap Roots: 0.2ms
[2025-12-24T11:38:26.029+0000][gc,phases   ] GC(6)   Evacuate Collection Set: 5.0ms
[2025-12-24T11:38:26.029+0000][gc,phases   ] GC(6)   Post Evacuate Collection Set: 1.0ms
[2025-12-24T11:38:26.029+0000][gc,phases   ] GC(6)   Other: 0.2ms
[2025-12-24T11:38:26.029+0000][gc,heap     ] GC(6) Eden regions: 610->0(609)
[2025-12-24T11:38:26.029+0000][gc,heap     ] GC(6) Survivor regions: 4->5(77)
[2025-12-24T11:38:26.029+0000][gc,heap     ] GC(6) Old regions: 14->14
[2025-12-24T11:38:26.029+0000][gc,heap     ] GC(6) Humongous regions: 2->2
[2025-12-24T11:38:26.029+0000][gc,metaspace] GC(6) Metaspace: 9734K(10112K)->9734K(10112K) NonClass: 8756K(8960K)->8756K(8960K) Class: 978K(1152K)->978K(1152K)
[2025-12-24T11:38:26.029+0000][gc          ] GC(6) Pause Young (Normal) (G1 Evacuation Pause) 628M->19M(1024M) 8.139ms
[2025-12-24T11:38:26.029+0000][gc,cpu      ] GC(6) User=0.04s Sys=0.00s Real=0.01s
[2025-12-24T11:39:25.949+0000][gc,start    ] GC(7) Pause Young (Normal) (G1 Evacuation Pause)
[2025-12-24T11:39:25.950+0000][gc,task     ] GC(7) Using 8 workers of 8 for evacuation
[2025-12-24T11:39:25.960+0000][gc,phases   ] GC(7)   Pre Evacuate Collection Set: 2.4ms
[2025-12-24T11:39:25.960+0000][gc,phases   ] GC(7)   Merge Heap Roots: 0.2ms
[2025-12-24T11:39:25.960+0000][gc,phases   ] GC(7)   Evacuate Collection Set: 5.7ms
[2025-12-24T11:39:25.960+0000][gc,phases   ] GC(7)   Post Evacuate Collection Set: 1.3ms
[2025-12-24T11:39:25.960+0000][gc,phases   ] GC(7)   Other: 0.3ms
[2025-12-24T11:39:25.960+0000][gc,heap     ] GC(7) Eden regions: 609->0(609)
[2025-12-24T11:39:25.960+0000][gc,heap     ] GC(7) Survivor regions: 5->5(77)
[2025-12-24T11:39:25.960+0000][gc,heap     ] GC(7) Old regions: 14->14
[2025-12-24T11:39:25.960+0000][gc,heap     ] GC(7) Humongous regions: 2->2
[2025-12-24T11:39:25.960+0000][gc,metaspace] GC(7) Metaspace: 9936K(10304K)->9936K(10304K) NonClass: 8956K(9152K)->8956K(9152K) Class: 979K(1152K)->979K(1152K)
[2025-12-24T11:39:25.960+0000][gc          ] GC(7) Pause Young (Normal) (G1 Evacuation Pause) 628M->19M(1024M) 11.730ms
[2025-12-24T11:39:25.960+0000][gc,cpu      ] GC(7) User=0.05s Sys=0.00s Real=0.01s
[2025-12-24T11:40:25.917+0000][gc,start    ] GC(8) Pause Young (Normal) (G1 Evacuation Pause)
[2025-12-24T11:40:25.918+0000][gc,task     ] GC(8) Using 8 workers of 8 for evacuation
[2025-12-24T11:40:25.931+0000][gc,phases   ] GC(8)   Pre Evacuate Collection Set: 2.9ms
[2025-12-24T11:40:25.932+0000][gc,phases   ] GC(8)   Merge Heap Roots: 0.4ms
[2025-12-24T11:40:25.932+0000][gc,phases   ] GC(8)   Evacuate Collection Set: 8.1ms
[2025-12-24T11:40:25.932+0000][gc,phases   ] GC(8)   Post Evacuate Collection Set: 1.4ms
[2025-12-24T11:40:25.932+0000][gc,phases   ] GC(8)   Other: 0.7ms
[2025-12-24T11:40:25.932+0000][gc,heap     ] GC(8) Eden regions: 609->0(609)
[2025-12-24T11:40:25.932+0000][gc,heap     ] GC(8) Survivor regions: 5->5(77)
[2025-12-24T11:40:25.932+0000][gc,heap     ] GC(8) Old regions: 14->14
[2025-12-24T11:40:25.932+0000][gc,heap     ] GC(8) Humongous regions: 2->2
[2025-12-24T11:40:25.932+0000][gc,metaspace] GC(8) Metaspace: 10013K(10368K)->10013K(10368K) NonClass: 9031K(9216K)->9031K(9216K) Class: 982K(1152K)->982K(1152K)
[2025-12-24T11:40:25.932+0000][gc          ] GC(8) Pause Young (Normal) (G1 Evacuation Pause) 628M->19M(1024M) 15.619ms
[2025-12-24T11:40:25.932+0000][gc,cpu      ] GC(8) User=0.08s Sys=0.00s Real=0.01s
[2025-12-24T11:41:25.812+0000][gc,start    ] GC(9) Pause Young (Normal) (G1 Evacuation Pause)
[2025-12-24T11:41:25.812+0000][gc,task     ] GC(9) Using 8 workers of 8 for evacuation
[2025-12-24T11:41:25.833+0000][gc,phases   ] GC(9)   Pre Evacuate Collection Set: 1.5ms
[2025-12-24T11:41:25.833+0000][gc,phases   ] GC(9)   Merge Heap Roots: 0.2ms
[2025-12-24T11:41:25.833+0000][gc,phases   ] GC(9)   Evacuate Collection Set: 17.3ms
[2025-12-24T11:41:25.833+0000][gc,phases   ] GC(9)   Post Evacuate Collection Set: 1.5ms
[2025-12-24T11:41:25.833+0000][gc,phases   ] GC(9)   Other: 0.3ms
[2025-12-24T11:41:25.833+0000][gc,heap     ] GC(9) Eden regions: 609->0(609)
[2025-12-24T11:41:25.833+0000][gc,heap     ] GC(9) Survivor regions: 5->5(77)
[2025-12-24T11:41:25.833+0000][gc,heap     ] GC(9) Old regions: 14->14
[2025-12-24T11:41:25.833+0000][gc,heap     ] GC(9) Humongous regions: 2->2
[2025-12-24T11:41:25.833+0000][gc,metaspace] GC(9) Metaspace: 10056K(10368K)->10056K(10368K) NonClass: 9074K(9216K)->9074K(9216K) Class: 982K(1152K)->982K(1152K)
[2025-12-24T11:41:25.834+0000][gc          ] GC(9) Pause Young (Normal) (G1 Evacuation Pause) 628M->19M(1024M) 21.950ms
[2025-12-24T11:41:25.834+0000][gc,cpu      ] GC(9) User=0.13s Sys=0.00s Real=0.02s
[2025-12-24T11:42:25.792+0000][gc,start    ] GC(10) Pause Young (Normal) (G1 Evacuation Pause)
[2025-12-24T11:42:25.792+0000][gc,task     ] GC(10) Using 8 workers of 8 for evacuation
[2025-12-24T11:42:25.802+0000][gc,phases   ] GC(10)   Pre Evacuate Collection Set: 1.2ms
[2025-12-24T11:42:25.802+0000][gc,phases   ] GC(10)   Merge Heap Roots: 0.2ms
[2025-12-24T11:42:25.802+0000][gc,phases   ] GC(10)   Evacuate Collection Set: 7.2ms
[2025-12-24T11:42:25.803+0000][gc,phases   ] GC(10)   Post Evacuate Collection Set: 1.1ms
[2025-12-24T11:42:25.803+0000][gc,phases   ] GC(10)   Other: 0.3ms
[2025-12-24T11:42:25.803+0000][gc,heap     ] GC(10) Eden regions: 609->0(610)
[2025-12-24T11:42:25.803+0000][gc,heap     ] GC(10) Survivor regions: 5->4(77)
[2025-12-24T11:42:25.803+0000][gc,heap     ] GC(10) Old regions: 14->14
[2025-12-24T11:42:25.803+0000][gc,heap     ] GC(10) Humongous regions: 2->2
[2025-12-24T11:42:25.803+0000][gc,metaspace] GC(10) Metaspace: 10086K(10432K)->10086K(10432K) NonClass: 9102K(9280K)->9102K(9280K) Class: 983K(1152K)->983K(1152K)
[2025-12-24T11:42:25.803+0000][gc          ] GC(10) Pause Young (Normal) (G1 Evacuation Pause) 628M->19M(1024M) 11.091ms
[2025-12-24T11:42:25.803+0000][gc,cpu      ] GC(10) User=0.06s Sys=0.01s Real=0.01s
[2025-12-24T11:43:25.709+0000][gc,start    ] GC(11) Pause Young (Normal) (G1 Evacuation Pause)
[2025-12-24T11:43:25.710+0000][gc,task     ] GC(11) Using 8 workers of 8 for evacuation
[2025-12-24T11:43:25.725+0000][gc,phases   ] GC(11)   Pre Evacuate Collection Set: 3.7ms
[2025-12-24T11:43:25.725+0000][gc,phases   ] GC(11)   Merge Heap Roots: 0.5ms
[2025-12-24T11:43:25.725+0000][gc,phases   ] GC(11)   Evacuate Collection Set: 8.8ms
[2025-12-24T11:43:25.725+0000][gc,phases   ] GC(11)   Post Evacuate Collection Set: 1.5ms
[2025-12-24T11:43:25.725+0000][gc,phases   ] GC(11)   Other: 0.3ms
[2025-12-24T11:43:25.725+0000][gc,heap     ] GC(11) Eden regions: 610->0(610)
[2025-12-24T11:43:25.725+0000][gc,heap     ] GC(11) Survivor regions: 4->4(77)
[2025-12-24T11:43:25.726+0000][gc,heap     ] GC(11) Old regions: 14->14
[2025-12-24T11:43:25.726+0000][gc,heap     ] GC(11) Humongous regions: 2->2
[2025-12-24T11:43:25.726+0000][gc,metaspace] GC(11) Metaspace: 10124K(10496K)->10124K(10496K) NonClass: 9140K(9344K)->9140K(9344K) Class: 983K(1152K)->983K(1152K)
[2025-12-24T11:43:25.726+0000][gc          ] GC(11) Pause Young (Normal) (G1 Evacuation Pause) 629M->18M(1024M) 16.309ms
[2025-12-24T11:43:25.726+0000][gc,cpu      ] GC(11) User=0.09s Sys=0.01s Real=0.02s
[2025-12-24T11:44:16.009+0000][gc,start    ] GC(12) Pause Young (Normal) (G1 Evacuation Pause)
[2025-12-24T11:44:16.009+0000][gc,task     ] GC(12) Using 8 workers of 8 for evacuation
[2025-12-24T11:44:16.025+0000][gc,phases   ] GC(12)   Pre Evacuate Collection Set: 2.5ms
[2025-12-24T11:44:16.025+0000][gc,phases   ] GC(12)   Merge Heap Roots: 0.3ms
[2025-12-24T11:44:16.025+0000][gc,phases   ] GC(12)   Evacuate Collection Set: 10.7ms
[2025-12-24T11:44:16.025+0000][gc,phases   ] GC(12)   Post Evacuate Collection Set: 1.3ms
[2025-12-24T11:44:16.025+0000][gc,phases   ] GC(12)   Other: 0.3ms
[2025-12-24T11:44:16.025+0000][gc,heap     ] GC(12) Eden regions: 610->0(609)
[2025-12-24T11:44:16.025+0000][gc,heap     ] GC(12) Survivor regions: 4->5(77)
[2025-12-24T11:44:16.025+0000][gc,heap     ] GC(12) Old regions: 14->14
[2025-12-24T11:44:16.025+0000][gc,heap     ] GC(12) Humongous regions: 2->2
[2025-12-24T11:44:16.025+0000][gc,metaspace] GC(12) Metaspace: 10133K(10496K)->10133K(10496K) NonClass: 9149K(9344K)->9149K(9344K) Class: 983K(1152K)->983K(1152K)
[2025-12-24T11:44:16.025+0000][gc          ] GC(12) Pause Young (Normal) (G1 Evacuation Pause) 628M->20M(1024M) 16.505ms
[2025-12-24T11:44:16.025+0000][gc,cpu      ] GC(12) User=0.10s Sys=0.00s Real=0.02s
[2025-12-24T11:45:15.935+0000][gc,start    ] GC(13) Pause Young (Normal) (G1 Evacuation Pause)
[2025-12-24T11:45:15.936+0000][gc,task     ] GC(13) Using 8 workers of 8 for evacuation
[2025-12-24T11:45:15.946+0000][gc,phases   ] GC(13)   Pre Evacuate Collection Set: 0.9ms
[2025-12-24T11:45:15.946+0000][gc,phases   ] GC(13)   Merge Heap Roots: 0.2ms
[2025-12-24T11:45:15.946+0000][gc,phases   ] GC(13)   Evacuate Collection Set: 8.0ms
[2025-12-24T11:45:15.946+0000][gc,phases   ] GC(13)   Post Evacuate Collection Set: 1.2ms
[2025-12-24T11:45:15.947+0000][gc,phases   ] GC(13)   Other: 0.2ms
[2025-12-24T11:45:15.947+0000][gc,heap     ] GC(13) Eden regions: 609->0(609)
[2025-12-24T11:45:15.947+0000][gc,heap     ] GC(13) Survivor regions: 5->5(77)
[2025-12-24T11:45:15.947+0000][gc,heap     ] GC(13) Old regions: 14->14
[2025-12-24T11:45:15.947+0000][gc,heap     ] GC(13) Humongous regions: 2->2
[2025-12-24T11:45:15.947+0000][gc,metaspace] GC(13) Metaspace: 10255K(10624K)->10255K(10624K) NonClass: 9257K(9472K)->9257K(9472K) Class: 998K(1152K)->998K(1152K)
[2025-12-24T11:45:15.947+0000][gc          ] GC(13) Pause Young (Normal) (G1 Evacuation Pause) 629M->20M(1024M) 11.655ms
[2025-12-24T11:45:15.947+0000][gc,cpu      ] GC(13) User=0.06s Sys=0.00s Real=0.01s
[2025-12-24T11:46:15.906+0000][gc,start    ] GC(14) Pause Young (Normal) (G1 Evacuation Pause)
[2025-12-24T11:46:15.906+0000][gc,task     ] GC(14) Using 8 workers of 8 for evacuation
[2025-12-24T11:46:15.921+0000][gc,phases   ] GC(14)   Pre Evacuate Collection Set: 1.0ms
[2025-12-24T11:46:15.921+0000][gc,phases   ] GC(14)   Merge Heap Roots: 0.2ms
[2025-12-24T11:46:15.921+0000][gc,phases   ] GC(14)   Evacuate Collection Set: 12.3ms
[2025-12-24T11:46:15.921+0000][gc,phases   ] GC(14)   Post Evacuate Collection Set: 1.3ms
[2025-12-24T11:46:15.921+0000][gc,phases   ] GC(14)   Other: 0.3ms
[2025-12-24T11:46:15.922+0000][gc,heap     ] GC(14) Eden regions: 609->0(609)
[2025-12-24T11:46:15.922+0000][gc,heap     ] GC(14) Survivor regions: 5->5(77)
[2025-12-24T11:46:15.922+0000][gc,heap     ] GC(14) Old regions: 14->14
[2025-12-24T11:46:15.922+0000][gc,heap     ] GC(14) Humongous regions: 2->2
[2025-12-24T11:46:15.922+0000][gc,metaspace] GC(14) Metaspace: 10264K(10624K)->10264K(10624K) NonClass: 9265K(9472K)->9265K(9472K) Class: 998K(1152K)->998K(1152K)
[2025-12-24T11:46:15.922+0000][gc          ] GC(14) Pause Young (Normal) (G1 Evacuation Pause) 629M->19M(1024M) 16.332ms
[2025-12-24T11:46:15.922+0000][gc,cpu      ] GC(14) User=0.09s Sys=0.00s Real=0.02s
[2025-12-24T11:47:15.860+0000][gc,start    ] GC(15) Pause Young (Normal) (G1 Evacuation Pause)
[2025-12-24T11:47:15.861+0000][gc,task     ] GC(15) Using 8 workers of 8 for evacuation
[2025-12-24T11:47:15.879+0000][gc,phases   ] GC(15)   Pre Evacuate Collection Set: 1.3ms
[2025-12-24T11:47:15.879+0000][gc,phases   ] GC(15)   Merge Heap Roots: 0.2ms
[2025-12-24T11:47:15.879+0000][gc,phases   ] GC(15)   Evacuate Collection Set: 15.4ms
[2025-12-24T11:47:15.879+0000][gc,phases   ] GC(15)   Post Evacuate Collection Set: 1.3ms
[2025-12-24T11:47:15.879+0000][gc,phases   ] GC(15)   Other: 0.3ms
[2025-12-24T11:47:15.879+0000][gc,heap     ] GC(15) Eden regions: 609->0(609)
[2025-12-24T11:47:15.879+0000][gc,heap     ] GC(15) Survivor regions: 5->5(77)
[2025-12-24T11:47:15.879+0000][gc,heap     ] GC(15) Old regions: 14->14
[2025-12-24T11:47:15.879+0000][gc,heap     ] GC(15) Humongous regions: 2->2
[2025-12-24T11:47:15.879+0000][gc,metaspace] GC(15) Metaspace: 10276K(10624K)->10276K(10624K) NonClass: 9277K(9472K)->9277K(9472K) Class: 998K(1152K)->998K(1152K)
[2025-12-24T11:47:15.880+0000][gc          ] GC(15) Pause Young (Normal) (G1 Evacuation Pause) 628M->19M(1024M) 19.525ms
[2025-12-24T11:47:15.880+0000][gc,cpu      ] GC(15) User=0.13s Sys=0.00s Real=0.02s
[2025-12-24T11:48:15.834+0000][gc,start    ] GC(16) Pause Young (Normal) (G1 Evacuation Pause)
[2025-12-24T11:48:15.835+0000][gc,task     ] GC(16) Using 8 workers of 8 for evacuation
[2025-12-24T11:48:15.850+0000][gc,phases   ] GC(16)   Pre Evacuate Collection Set: 1.1ms
[2025-12-24T11:48:15.850+0000][gc,phases   ] GC(16)   Merge Heap Roots: 0.2ms
[2025-12-24T11:48:15.850+0000][gc,phases   ] GC(16)   Evacuate Collection Set: 12.7ms
[2025-12-24T11:48:15.850+0000][gc,phases   ] GC(16)   Post Evacuate Collection Set: 1.1ms
[2025-12-24T11:48:15.850+0000][gc,phases   ] GC(16)   Other: 0.2ms
[2025-12-24T11:48:15.850+0000][gc,heap     ] GC(16) Eden regions: 609->0(611)
[2025-12-24T11:48:15.851+0000][gc,heap     ] GC(16) Survivor regions: 5->3(77)
[2025-12-24T11:48:15.851+0000][gc,heap     ] GC(16) Old regions: 14->15
[2025-12-24T11:48:15.851+0000][gc,heap     ] GC(16) Humongous regions: 2->2
[2025-12-24T11:48:15.851+0000][gc,metaspace] GC(16) Metaspace: 10296K(10624K)->10296K(10624K) NonClass: 9297K(9472K)->9297K(9472K) Class: 998K(1152K)->998K(1152K)
[2025-12-24T11:48:15.851+0000][gc          ] GC(16) Pause Young (Normal) (G1 Evacuation Pause) 628M->19M(1024M) 16.392ms
[2025-12-24T11:48:15.851+0000][gc,cpu      ] GC(16) User=0.11s Sys=0.01s Real=0.01s
[2025-12-24T11:49:15.726+0000][gc,start    ] GC(17) Pause Young (Normal) (G1 Evacuation Pause)
[2025-12-24T11:49:15.726+0000][gc,task     ] GC(17) Using 8 workers of 8 for evacuation
[2025-12-24T11:49:15.753+0000][gc,phases   ] GC(17)   Pre Evacuate Collection Set: 1.1ms
[2025-12-24T11:49:15.753+0000][gc,phases   ] GC(17)   Merge Heap Roots: 0.1ms
[2025-12-24T11:49:15.753+0000][gc,phases   ] GC(17)   Evacuate Collection Set: 23.8ms
[2025-12-24T11:49:15.753+0000][gc,phases   ] GC(17)   Post Evacuate Collection Set: 1.4ms
[2025-12-24T11:49:15.753+0000][gc,phases   ] GC(17)   Other: 0.2ms
[2025-12-24T11:49:15.753+0000][gc,heap     ] GC(17) Eden regions: 611->0(612)
[2025-12-24T11:49:15.753+0000][gc,heap     ] GC(17) Survivor regions: 3->2(77)
[2025-12-24T11:49:15.753+0000][gc,heap     ] GC(17) Old regions: 15->16
[2025-12-24T11:49:15.753+0000][gc,heap     ] GC(17) Humongous regions: 2->2
[2025-12-24T11:49:15.754+0000][gc,metaspace] GC(17) Metaspace: 10339K(10624K)->10339K(10624K) NonClass: 9339K(9472K)->9339K(9472K) Class: 999K(1152K)->999K(1152K)
[2025-12-24T11:49:15.754+0000][gc          ] GC(17) Pause Young (Normal) (G1 Evacuation Pause) 630M->19M(1024M) 27.682ms
[2025-12-24T11:49:15.754+0000][gc,cpu      ] GC(17) User=0.08s Sys=0.04s Real=0.03s
[2025-12-24T11:50:15.699+0000][gc,start    ] GC(18) Pause Young (Normal) (G1 Evacuation Pause)
[2025-12-24T11:50:15.701+0000][gc,task     ] GC(18) Using 8 workers of 8 for evacuation
[2025-12-24T11:50:15.716+0000][gc,phases   ] GC(18)   Pre Evacuate Collection Set: 4.0ms
[2025-12-24T11:50:15.716+0000][gc,phases   ] GC(18)   Merge Heap Roots: 0.2ms
[2025-12-24T11:50:15.716+0000][gc,phases   ] GC(18)   Evacuate Collection Set: 8.3ms
[2025-12-24T11:50:15.716+0000][gc,phases   ] GC(18)   Post Evacuate Collection Set: 1.6ms
[2025-12-24T11:50:15.717+0000][gc,phases   ] GC(18)   Other: 1.1ms
[2025-12-24T11:50:15.717+0000][gc,heap     ] GC(18) Eden regions: 612->0(613)
[2025-12-24T11:50:15.717+0000][gc,heap     ] GC(18) Survivor regions: 2->1(77)
[2025-12-24T11:50:15.717+0000][gc,heap     ] GC(18) Old regions: 16->17
[2025-12-24T11:50:15.717+0000][gc,heap     ] GC(18) Humongous regions: 2->2
[2025-12-24T11:50:15.717+0000][gc,metaspace] GC(18) Metaspace: 10343K(10624K)->10343K(10624K) NonClass: 9342K(9472K)->9342K(9472K) Class: 1000K(1152K)->1000K(1152K)
[2025-12-24T11:50:15.717+0000][gc          ] GC(18) Pause Young (Normal) (G1 Evacuation Pause) 631M->19M(1024M) 18.044ms
[2025-12-24T11:50:15.717+0000][gc,cpu      ] GC(18) User=0.09s Sys=0.01s Real=0.02s
[2025-12-24T11:51:06.003+0000][gc,start    ] GC(19) Pause Young (Normal) (G1 Evacuation Pause)
[2025-12-24T11:51:06.004+0000][gc,task     ] GC(19) Using 8 workers of 8 for evacuation
[2025-12-24T11:51:06.008+0000][gc,phases   ] GC(19)   Pre Evacuate Collection Set: 0.9ms
[2025-12-24T11:51:06.008+0000][gc,phases   ] GC(19)   Merge Heap Roots: 0.2ms
[2025-12-24T11:51:06.008+0000][gc,phases   ] GC(19)   Evacuate Collection Set: 2.4ms
[2025-12-24T11:51:06.008+0000][gc,phases   ] GC(19)   Post Evacuate Collection Set: 0.9ms
[2025-12-24T11:51:06.008+0000][gc,phases   ] GC(19)   Other: 0.2ms
[2025-12-24T11:51:06.009+0000][gc,heap     ] GC(19) Eden regions: 613->0(612)
[2025-12-24T11:51:06.009+0000][gc,heap     ] GC(19) Survivor regions: 1->2(77)
[2025-12-24T11:51:06.009+0000][gc,heap     ] GC(19) Old regions: 17->17
[2025-12-24T11:51:06.009+0000][gc,heap     ] GC(19) Humongous regions: 2->2
[2025-12-24T11:51:06.009+0000][gc,metaspace] GC(19) Metaspace: 10368K(10688K)->10368K(10688K) NonClass: 9368K(9536K)->9368K(9536K) Class: 1000K(1152K)->1000K(1152K)
[2025-12-24T11:51:06.009+0000][gc          ] GC(19) Pause Young (Normal) (G1 Evacuation Pause) 632M->20M(1024M) 5.565ms
[2025-12-24T11:51:06.009+0000][gc,cpu      ] GC(19) User=0.02s Sys=0.00s Real=0.01s
[2025-12-24T11:52:05.963+0000][gc,start    ] GC(20) Pause Young (Normal) (G1 Evacuation Pause)
[2025-12-24T11:52:05.964+0000][gc,task     ] GC(20) Using 8 workers of 8 for evacuation
[2025-12-24T11:52:05.968+0000][gc,phases   ] GC(20)   Pre Evacuate Collection Set: 1.0ms
[2025-12-24T11:52:05.969+0000][gc,phases   ] GC(20)   Merge Heap Roots: 0.2ms
[2025-12-24T11:52:05.969+0000][gc,phases   ] GC(20)   Evacuate Collection Set: 2.2ms
[2025-12-24T11:52:05.969+0000][gc,phases   ] GC(20)   Post Evacuate Collection Set: 0.9ms
[2025-12-24T11:52:05.969+0000][gc,phases   ] GC(20)   Other: 0.2ms
[2025-12-24T11:52:05.969+0000][gc,heap     ] GC(20) Eden regions: 612->0(612)
[2025-12-24T11:52:05.969+0000][gc,heap     ] GC(20) Survivor regions: 2->2(77)
[2025-12-24T11:52:05.969+0000][gc,heap     ] GC(20) Old regions: 17->17
[2025-12-24T11:52:05.969+0000][gc,heap     ] GC(20) Humongous regions: 2->2
[2025-12-24T11:52:05.969+0000][gc,metaspace] GC(20) Metaspace: 10396K(10688K)->10396K(10688K) NonClass: 9396K(9536K)->9396K(9536K) Class: 1000K(1152K)->1000K(1152K)
[2025-12-24T11:52:05.969+0000][gc          ] GC(20) Pause Young (Normal) (G1 Evacuation Pause) 632M->20M(1024M) 5.627ms
[2025-12-24T11:52:05.969+0000][gc,cpu      ] GC(20) User=0.02s Sys=0.00s Real=0.01s
[2025-12-24T11:53:05.932+0000][gc,start    ] GC(21) Pause Young (Normal) (G1 Evacuation Pause)
[2025-12-24T11:53:05.932+0000][gc,task     ] GC(21) Using 8 workers of 8 for evacuation
[2025-12-24T11:53:05.936+0000][gc,phases   ] GC(21)   Pre Evacuate Collection Set: 0.9ms
[2025-12-24T11:53:05.937+0000][gc,phases   ] GC(21)   Merge Heap Roots: 0.1ms
[2025-12-24T11:53:05.937+0000][gc,phases   ] GC(21)   Evacuate Collection Set: 2.2ms
[2025-12-24T11:53:05.937+0000][gc,phases   ] GC(21)   Post Evacuate Collection Set: 0.8ms
[2025-12-24T11:53:05.937+0000][gc,phases   ] GC(21)   Other: 0.2ms
[2025-12-24T11:53:05.937+0000][gc,heap     ] GC(21) Eden regions: 612->0(612)
[2025-12-24T11:53:05.937+0000][gc,heap     ] GC(21) Survivor regions: 2->2(77)
[2025-12-24T11:53:05.937+0000][gc,heap     ] GC(21) Old regions: 17->17
[2025-12-24T11:53:05.937+0000][gc,heap     ] GC(21) Humongous regions: 2->2
[2025-12-24T11:53:05.937+0000][gc,metaspace] GC(21) Metaspace: 10404K(10688K)->10404K(10688K) NonClass: 9403K(9536K)->9403K(9536K) Class: 1000K(1152K)->1000K(1152K)
[2025-12-24T11:53:05.937+0000][gc          ] GC(21) Pause Young (Normal) (G1 Evacuation Pause) 632M->20M(1024M) 5.235ms
[2025-12-24T11:53:05.937+0000][gc,cpu      ] GC(21) User=0.02s Sys=0.00s Real=0.00s
[2025-12-24T11:54:05.907+0000][gc,start    ] GC(22) Pause Young (Normal) (G1 Evacuation Pause)
[2025-12-24T11:54:05.908+0000][gc,task     ] GC(22) Using 8 workers of 8 for evacuation
[2025-12-24T11:54:05.915+0000][gc,phases   ] GC(22)   Pre Evacuate Collection Set: 1.1ms
[2025-12-24T11:54:05.915+0000][gc,phases   ] GC(22)   Merge Heap Roots: 0.1ms
[2025-12-24T11:54:05.915+0000][gc,phases   ] GC(22)   Evacuate Collection Set: 2.2ms
[2025-12-24T11:54:05.915+0000][gc,phases   ] GC(22)   Post Evacuate Collection Set: 3.8ms
[2025-12-24T11:54:05.915+0000][gc,phases   ] GC(22)   Other: 0.2ms
[2025-12-24T11:54:05.915+0000][gc,heap     ] GC(22) Eden regions: 612->0(612)
[2025-12-24T11:54:05.916+0000][gc,heap     ] GC(22) Survivor regions: 2->2(77)
[2025-12-24T11:54:05.916+0000][gc,heap     ] GC(22) Old regions: 17->17
[2025-12-24T11:54:05.916+0000][gc,heap     ] GC(22) Humongous regions: 2->2
[2025-12-24T11:54:05.916+0000][gc,metaspace] GC(22) Metaspace: 10417K(10688K)->10417K(10688K) NonClass: 9417K(9536K)->9417K(9536K) Class: 1000K(1152K)->1000K(1152K)
[2025-12-24T11:54:05.917+0000][gc          ] GC(22) Pause Young (Normal) (G1 Evacuation Pause) 632M->20M(1024M) 9.954ms
[2025-12-24T11:54:05.917+0000][gc,cpu      ] GC(22) User=0.05s Sys=0.00s Real=0.01s
[2025-12-24T11:55:05.860+0000][gc,start    ] GC(23) Pause Young (Normal) (G1 Evacuation Pause)
[2025-12-24T11:55:05.862+0000][gc,task     ] GC(23) Using 8 workers of 8 for evacuation
[2025-12-24T11:55:05.870+0000][gc,phases   ] GC(23)   Pre Evacuate Collection Set: 1.1ms
[2025-12-24T11:55:05.870+0000][gc,phases   ] GC(23)   Merge Heap Roots: 0.1ms
[2025-12-24T11:55:05.870+0000][gc,phases   ] GC(23)   Evacuate Collection Set: 5.2ms
[2025-12-24T11:55:05.870+0000][gc,phases   ] GC(23)   Post Evacuate Collection Set: 1.7ms
[2025-12-24T11:55:05.871+0000][gc,phases   ] GC(23)   Other: 0.2ms
[2025-12-24T11:55:05.871+0000][gc,heap     ] GC(23) Eden regions: 612->0(612)
[2025-12-24T11:55:05.871+0000][gc,heap     ] GC(23) Survivor regions: 2->2(77)
[2025-12-24T11:55:05.871+0000][gc,heap     ] GC(23) Old regions: 17->17
[2025-12-24T11:55:05.871+0000][gc,heap     ] GC(23) Humongous regions: 2->2
[2025-12-24T11:55:05.871+0000][gc,metaspace] GC(23) Metaspace: 10445K(10752K)->10445K(10752K) NonClass: 9445K(9600K)->9445K(9600K) Class: 1000K(1152K)->1000K(1152K)
[2025-12-24T11:55:05.871+0000][gc          ] GC(23) Pause Young (Normal) (G1 Evacuation Pause) 632M->19M(1024M) 10.960ms
[2025-12-24T11:55:05.871+0000][gc,cpu      ] GC(23) User=0.05s Sys=0.00s Real=0.01s
[2025-12-24T11:56:05.830+0000][gc,start    ] GC(24) Pause Young (Normal) (G1 Evacuation Pause)
[2025-12-24T11:56:05.831+0000][gc,task     ] GC(24) Using 8 workers of 8 for evacuation
[2025-12-24T11:56:05.841+0000][gc,phases   ] GC(24)   Pre Evacuate Collection Set: 1.0ms
[2025-12-24T11:56:05.842+0000][gc,phases   ] GC(24)   Merge Heap Roots: 0.1ms
[2025-12-24T11:56:05.842+0000][gc,phases   ] GC(24)   Evacuate Collection Set: 6.1ms
[2025-12-24T11:56:05.842+0000][gc,phases   ] GC(24)   Post Evacuate Collection Set: 3.0ms
[2025-12-24T11:56:05.842+0000][gc,phases   ] GC(24)   Other: 0.4ms
[2025-12-24T11:56:05.842+0000][gc,heap     ] GC(24) Eden regions: 612->0(612)
[2025-12-24T11:56:05.842+0000][gc,heap     ] GC(24) Survivor regions: 2->2(77)
[2025-12-24T11:56:05.842+0000][gc,heap     ] GC(24) Old regions: 17->17
[2025-12-24T11:56:05.842+0000][gc,heap     ] GC(24) Humongous regions: 2->2
[2025-12-24T11:56:05.842+0000][gc,metaspace] GC(24) Metaspace: 10720K(11072K)->10720K(11072K) NonClass: 9683K(9856K)->9683K(9856K) Class: 1036K(1216K)->1036K(1216K)
[2025-12-24T11:56:05.842+0000][gc          ] GC(24) Pause Young (Normal) (G1 Evacuation Pause) 631M->19M(1024M) 12.580ms
[2025-12-24T11:56:05.842+0000][gc,cpu      ] GC(24) User=0.06s Sys=0.00s Real=0.01s
[2025-12-24T11:57:05.808+0000][gc,start    ] GC(25) Pause Young (Normal) (G1 Evacuation Pause)
[2025-12-24T11:57:05.808+0000][gc,task     ] GC(25) Using 8 workers of 8 for evacuation
[2025-12-24T11:57:05.821+0000][gc,phases   ] GC(25)   Pre Evacuate Collection Set: 1.0ms
[2025-12-24T11:57:05.821+0000][gc,phases   ] GC(25)   Merge Heap Roots: 0.1ms
[2025-12-24T11:57:05.821+0000][gc,phases   ] GC(25)   Evacuate Collection Set: 7.6ms
[2025-12-24T11:57:05.821+0000][gc,phases   ] GC(25)   Post Evacuate Collection Set: 3.6ms
[2025-12-24T11:57:05.821+0000][gc,phases   ] GC(25)   Other: 0.2ms
[2025-12-24T11:57:05.821+0000][gc,heap     ] GC(25) Eden regions: 612->0(613)
[2025-12-24T11:57:05.822+0000][gc,heap     ] GC(25) Survivor regions: 2->1(77)
[2025-12-24T11:57:05.822+0000][gc,heap     ] GC(25) Old regions: 17->17
[2025-12-24T11:57:05.822+0000][gc,heap     ] GC(25) Humongous regions: 2->2
[2025-12-24T11:57:05.822+0000][gc,metaspace] GC(25) Metaspace: 10722K(11072K)->10722K(11072K) NonClass: 9686K(9856K)->9686K(9856K) Class: 1036K(1216K)->1036K(1216K)
[2025-12-24T11:57:05.822+0000][gc          ] GC(25) Pause Young (Normal) (G1 Evacuation Pause) 631M->19M(1024M) 13.713ms
[2025-12-24T11:57:05.822+0000][gc,cpu      ] GC(25) User=0.06s Sys=0.00s Real=0.01s
[2025-12-24T11:58:05.748+0000][gc,start    ] GC(26) Pause Young (Normal) (G1 Evacuation Pause)
[2025-12-24T11:58:05.750+0000][gc,task     ] GC(26) Using 8 workers of 8 for evacuation
[2025-12-24T11:58:05.762+0000][gc,phases   ] GC(26)   Pre Evacuate Collection Set: 1.8ms
[2025-12-24T11:58:05.762+0000][gc,phases   ] GC(26)   Merge Heap Roots: 0.2ms
[2025-12-24T11:58:05.762+0000][gc,phases   ] GC(26)   Evacuate Collection Set: 6.4ms
[2025-12-24T11:58:05.762+0000][gc,phases   ] GC(26)   Post Evacuate Collection Set: 2.9ms
[2025-12-24T11:58:05.762+0000][gc,phases   ] GC(26)   Other: 1.1ms
[2025-12-24T11:58:05.762+0000][gc,heap     ] GC(26) Eden regions: 613->0(613)
[2025-12-24T11:58:05.762+0000][gc,heap     ] GC(26) Survivor regions: 1->1(77)
[2025-12-24T11:58:05.762+0000][gc,heap     ] GC(26) Old regions: 17->17
[2025-12-24T11:58:05.762+0000][gc,heap     ] GC(26) Humongous regions: 2->2
[2025-12-24T11:58:05.762+0000][gc,metaspace] GC(26) Metaspace: 10722K(11072K)->10722K(11072K) NonClass: 9686K(9856K)->9686K(9856K) Class: 1036K(1216K)->1036K(1216K)
[2025-12-24T11:58:05.762+0000][gc          ] GC(26) Pause Young (Normal) (G1 Evacuation Pause) 632M->19M(1024M) 14.280ms
[2025-12-24T11:58:05.762+0000][gc,cpu      ] GC(26) User=0.06s Sys=0.00s Real=0.01s
[2025-12-24T11:59:05.693+0000][gc,start    ] GC(27) Pause Young (Normal) (G1 Evacuation Pause)
[2025-12-24T11:59:05.695+0000][gc,task     ] GC(27) Using 8 workers of 8 for evacuation
[2025-12-24T11:59:05.709+0000][gc,phases   ] GC(27)   Pre Evacuate Collection Set: 2.3ms
[2025-12-24T11:59:05.709+0000][gc,phases   ] GC(27)   Merge Heap Roots: 0.4ms
[2025-12-24T11:59:05.709+0000][gc,phases   ] GC(27)   Evacuate Collection Set: 8.4ms
[2025-12-24T11:59:05.709+0000][gc,phases   ] GC(27)   Post Evacuate Collection Set: 2.7ms
[2025-12-24T11:59:05.710+0000][gc,phases   ] GC(27)   Other: 0.6ms
[2025-12-24T11:59:05.710+0000][gc,heap     ] GC(27) Eden regions: 613->0(613)
[2025-12-24T11:59:05.710+0000][gc,heap     ] GC(27) Survivor regions: 1->1(77)
[2025-12-24T11:59:05.710+0000][gc,heap     ] GC(27) Old regions: 17->17
[2025-12-24T11:59:05.710+0000][gc,heap     ] GC(27) Humongous regions: 2->2
[2025-12-24T11:59:05.710+0000][gc,metaspace] GC(27) Metaspace: 10722K(11072K)->10722K(11072K) NonClass: 9686K(9856K)->9686K(9856K) Class: 1036K(1216K)->1036K(1216K)
[2025-12-24T11:59:05.710+0000][gc          ] GC(27) Pause Young (Normal) (G1 Evacuation Pause) 632M->19M(1024M) 17.285ms
[2025-12-24T11:59:05.711+0000][gc,cpu      ] GC(27) User=0.06s Sys=0.00s Real=0.02s
[2025-12-24T11:59:55.994+0000][gc,start    ] GC(28) Pause Young (Normal) (G1 Evacuation Pause)
[2025-12-24T11:59:55.995+0000][gc,task     ] GC(28) Using 8 workers of 8 for evacuation
[2025-12-24T11:59:56.002+0000][gc,phases   ] GC(28)   Pre Evacuate Collection Set: 0.9ms
[2025-12-24T11:59:56.003+0000][gc,phases   ] GC(28)   Merge Heap Roots: 0.1ms
[2025-12-24T11:59:56.003+0000][gc,phases   ] GC(28)   Evacuate Collection Set: 3.3ms
[2025-12-24T11:59:56.003+0000][gc,phases   ] GC(28)   Post Evacuate Collection Set: 2.8ms
[2025-12-24T11:59:56.003+0000][gc,phases   ] GC(28)   Other: 0.2ms
[2025-12-24T11:59:56.003+0000][gc,heap     ] GC(28) Eden regions: 613->0(612)
[2025-12-24T11:59:56.003+0000][gc,heap     ] GC(28) Survivor regions: 1->2(77)
[2025-12-24T11:59:56.003+0000][gc,heap     ] GC(28) Old regions: 17->17
[2025-12-24T11:59:56.003+0000][gc,heap     ] GC(28) Humongous regions: 2->2
[2025-12-24T11:59:56.003+0000][gc,metaspace] GC(28) Metaspace: 10722K(11072K)->10722K(11072K) NonClass: 9686K(9856K)->9686K(9856K) Class: 1036K(1216K)->1036K(1216K)
[2025-12-24T11:59:56.003+0000][gc          ] GC(28) Pause Young (Normal) (G1 Evacuation Pause) 632M->20M(1024M) 9.350ms
[2025-12-24T11:59:56.003+0000][gc,cpu      ] GC(28) User=0.03s Sys=0.00s Real=0.01s
[2025-12-24T12:00:55.965+0000][gc,start    ] GC(29) Pause Young (Normal) (G1 Evacuation Pause)
[2025-12-24T12:00:55.965+0000][gc,task     ] GC(29) Using 8 workers of 8 for evacuation
[2025-12-24T12:00:55.972+0000][gc,phases   ] GC(29)   Pre Evacuate Collection Set: 1.0ms
[2025-12-24T12:00:55.972+0000][gc,phases   ] GC(29)   Merge Heap Roots: 0.2ms
[2025-12-24T12:00:55.972+0000][gc,phases   ] GC(29)   Evacuate Collection Set: 4.1ms
[2025-12-24T12:00:55.972+0000][gc,phases   ] GC(29)   Post Evacuate Collection Set: 1.2ms
[2025-12-24T12:00:55.972+0000][gc,phases   ] GC(29)   Other: 0.3ms
[2025-12-24T12:00:55.973+0000][gc,heap     ] GC(29) Eden regions: 612->0(612)
[2025-12-24T12:00:55.973+0000][gc,heap     ] GC(29) Survivor regions: 2->2(77)
[2025-12-24T12:00:55.973+0000][gc,heap     ] GC(29) Old regions: 17->17
[2025-12-24T12:00:55.973+0000][gc,heap     ] GC(29) Humongous regions: 2->2
[2025-12-24T12:00:55.973+0000][gc,metaspace] GC(29) Metaspace: 10723K(11072K)->10723K(11072K) NonClass: 9687K(9856K)->9687K(9856K) Class: 1036K(1216K)->1036K(1216K)
[2025-12-24T12:00:55.973+0000][gc          ] GC(29) Pause Young (Normal) (G1 Evacuation Pause) 632M->20M(1024M) 7.945ms
[2025-12-24T12:00:55.973+0000][gc,cpu      ] GC(29) User=0.04s Sys=0.00s Real=0.00s
[2025-12-24T12:01:55.892+0000][gc,start    ] GC(30) Pause Young (Normal) (G1 Evacuation Pause)
[2025-12-24T12:01:55.892+0000][gc,task     ] GC(30) Using 8 workers of 8 for evacuation
[2025-12-24T12:01:55.897+0000][gc,phases   ] GC(30)   Pre Evacuate Collection Set: 1.1ms
[2025-12-24T12:01:55.897+0000][gc,phases   ] GC(30)   Merge Heap Roots: 0.1ms
[2025-12-24T12:01:55.897+0000][gc,phases   ] GC(30)   Evacuate Collection Set: 2.2ms
[2025-12-24T12:01:55.897+0000][gc,phases   ] GC(30)   Post Evacuate Collection Set: 1.0ms
[2025-12-24T12:01:55.897+0000][gc,phases   ] GC(30)   Other: 0.2ms
[2025-12-24T12:01:55.897+0000][gc,heap     ] GC(30) Eden regions: 612->0(612)
[2025-12-24T12:01:55.897+0000][gc,heap     ] GC(30) Survivor regions: 2->2(77)
[2025-12-24T12:01:55.897+0000][gc,heap     ] GC(30) Old regions: 17->17
[2025-12-24T12:01:55.897+0000][gc,heap     ] GC(30) Humongous regions: 2->2
[2025-12-24T12:01:55.897+0000][gc,metaspace] GC(30) Metaspace: 10726K(11072K)->10726K(11072K) NonClass: 9690K(9856K)->9690K(9856K) Class: 1036K(1216K)->1036K(1216K)
[2025-12-24T12:01:55.897+0000][gc          ] GC(30) Pause Young (Normal) (G1 Evacuation Pause) 632M->20M(1024M) 5.698ms
[2025-12-24T12:01:55.897+0000][gc,cpu      ] GC(30) User=0.02s Sys=0.00s Real=0.01s
[2025-12-24T12:02:55.881+0000][gc,start    ] GC(31) Pause Young (Normal) (G1 Evacuation Pause)
[2025-12-24T12:02:55.881+0000][gc,task     ] GC(31) Using 8 workers of 8 for evacuation
[2025-12-24T12:02:55.890+0000][gc,phases   ] GC(31)   Pre Evacuate Collection Set: 2.3ms
[2025-12-24T12:02:55.890+0000][gc,phases   ] GC(31)   Merge Heap Roots: 0.2ms
[2025-12-24T12:02:55.891+0000][gc,phases   ] GC(31)   Evacuate Collection Set: 3.5ms
[2025-12-24T12:02:55.891+0000][gc,phases   ] GC(31)   Post Evacuate Collection Set: 1.3ms
[2025-12-24T12:02:55.891+0000][gc,phases   ] GC(31)   Other: 1.6ms
[2025-12-24T12:02:55.891+0000][gc,heap     ] GC(31) Eden regions: 612->0(612)
[2025-12-24T12:02:55.891+0000][gc,heap     ] GC(31) Survivor regions: 2->2(77)
[2025-12-24T12:02:55.891+0000][gc,heap     ] GC(31) Old regions: 17->17
[2025-12-24T12:02:55.891+0000][gc,heap     ] GC(31) Humongous regions: 2->2
[2025-12-24T12:02:55.891+0000][gc,metaspace] GC(31) Metaspace: 10733K(11072K)->10733K(11072K) NonClass: 9697K(9856K)->9697K(9856K) Class: 1036K(1216K)->1036K(1216K)
[2025-12-24T12:02:55.891+0000][gc          ] GC(31) Pause Young (Normal) (G1 Evacuation Pause) 632M->20M(1024M) 10.250ms
[2025-12-24T12:02:55.891+0000][gc,cpu      ] GC(31) User=0.04s Sys=0.01s Real=0.01s
[2025-12-24T12:03:55.861+0000][gc,start    ] GC(32) Pause Young (Normal) (G1 Evacuation Pause)
[2025-12-24T12:03:55.861+0000][gc,task     ] GC(32) Using 8 workers of 8 for evacuation
[2025-12-24T12:03:55.865+0000][gc,phases   ] GC(32)   Pre Evacuate Collection Set: 0.9ms
[2025-12-24T12:03:55.865+0000][gc,phases   ] GC(32)   Merge Heap Roots: 0.1ms
[2025-12-24T12:03:55.865+0000][gc,phases   ] GC(32)   Evacuate Collection Set: 2.2ms
[2025-12-24T12:03:55.866+0000][gc,phases   ] GC(32)   Post Evacuate Collection Set: 0.9ms
[2025-12-24T12:03:55.866+0000][gc,phases   ] GC(32)   Other: 0.2ms
[2025-12-24T12:03:55.866+0000][gc,heap     ] GC(32) Eden regions: 612->0(612)
[2025-12-24T12:03:55.866+0000][gc,heap     ] GC(32) Survivor regions: 2->2(77)
[2025-12-24T12:03:55.866+0000][gc,heap     ] GC(32) Old regions: 17->17
[2025-12-24T12:03:55.866+0000][gc,heap     ] GC(32) Humongous regions: 2->2
[2025-12-24T12:03:55.866+0000][gc,metaspace] GC(32) Metaspace: 10739K(11072K)->10739K(11072K) NonClass: 9703K(9856K)->9703K(9856K) Class: 1036K(1216K)->1036K(1216K)
[2025-12-24T12:03:55.866+0000][gc          ] GC(32) Pause Young (Normal) (G1 Evacuation Pause) 632M->20M(1024M) 5.223ms
[2025-12-24T12:03:55.866+0000][gc,cpu      ] GC(32) User=0.02s Sys=0.00s Real=0.01s
[2025-12-24T12:04:55.806+0000][gc,start    ] GC(33) Pause Young (Normal) (G1 Evacuation Pause)
[2025-12-24T12:04:55.806+0000][gc,task     ] GC(33) Using 8 workers of 8 for evacuation
[2025-12-24T12:04:55.817+0000][gc,phases   ] GC(33)   Pre Evacuate Collection Set: 1.6ms
[2025-12-24T12:04:55.817+0000][gc,phases   ] GC(33)   Merge Heap Roots: 0.3ms
[2025-12-24T12:04:55.817+0000][gc,phases   ] GC(33)   Evacuate Collection Set: 7.1ms
[2025-12-24T12:04:55.817+0000][gc,phases   ] GC(33)   Post Evacuate Collection Set: 1.2ms
[2025-12-24T12:04:55.817+0000][gc,phases   ] GC(33)   Other: 0.3ms
[2025-12-24T12:04:55.817+0000][gc,heap     ] GC(33) Eden regions: 612->0(612)
[2025-12-24T12:04:55.817+0000][gc,heap     ] GC(33) Survivor regions: 2->2(77)
[2025-12-24T12:04:55.817+0000][gc,heap     ] GC(33) Old regions: 17->17
[2025-12-24T12:04:55.817+0000][gc,heap     ] GC(33) Humongous regions: 2->2
[2025-12-24T12:04:55.817+0000][gc,metaspace] GC(33) Metaspace: 10741K(11072K)->10741K(11072K) NonClass: 9705K(9856K)->9705K(9856K) Class: 1036K(1216K)->1036K(1216K)
[2025-12-24T12:04:55.818+0000][gc          ] GC(33) Pause Young (Normal) (G1 Evacuation Pause) 632M->20M(1024M) 11.770ms
[2025-12-24T12:04:55.818+0000][gc,cpu      ] GC(33) User=0.07s Sys=0.00s Real=0.02s
[2025-12-24T12:05:55.788+0000][gc,start    ] GC(34) Pause Young (Normal) (G1 Evacuation Pause)
[2025-12-24T12:05:55.788+0000][gc,task     ] GC(34) Using 8 workers of 8 for evacuation
[2025-12-24T12:05:55.795+0000][gc,phases   ] GC(34)   Pre Evacuate Collection Set: 1.1ms
[2025-12-24T12:05:55.795+0000][gc,phases   ] GC(34)   Merge Heap Roots: 0.2ms
[2025-12-24T12:05:55.795+0000][gc,phases   ] GC(34)   Evacuate Collection Set: 2.6ms
[2025-12-24T12:05:55.795+0000][gc,phases   ] GC(34)   Post Evacuate Collection Set: 2.6ms
[2025-12-24T12:05:55.795+0000][gc,phases   ] GC(34)   Other: 0.3ms
[2025-12-24T12:05:55.795+0000][gc,heap     ] GC(34) Eden regions: 612->0(613)
[2025-12-24T12:05:55.795+0000][gc,heap     ] GC(34) Survivor regions: 2->1(77)
[2025-12-24T12:05:55.795+0000][gc,heap     ] GC(34) Old regions: 17->17
[2025-12-24T12:05:55.795+0000][gc,heap     ] GC(34) Humongous regions: 2->2
[2025-12-24T12:05:55.795+0000][gc,metaspace] GC(34) Metaspace: 10744K(11072K)->10744K(11072K) NonClass: 9708K(9856K)->9708K(9856K) Class: 1036K(1216K)->1036K(1216K)
[2025-12-24T12:05:55.795+0000][gc          ] GC(34) Pause Young (Normal) (G1 Evacuation Pause) 632M->19M(1024M) 7.802ms
[2025-12-24T12:05:55.795+0000][gc,cpu      ] GC(34) User=0.03s Sys=0.00s Real=0.01s
[2025-12-24T12:06:55.731+0000][gc,start    ] GC(35) Pause Young (Normal) (G1 Evacuation Pause)
[2025-12-24T12:06:55.731+0000][gc,task     ] GC(35) Using 8 workers of 8 for evacuation
[2025-12-24T12:06:55.738+0000][gc,phases   ] GC(35)   Pre Evacuate Collection Set: 1.4ms
[2025-12-24T12:06:55.738+0000][gc,phases   ] GC(35)   Merge Heap Roots: 0.2ms
[2025-12-24T12:06:55.738+0000][gc,phases   ] GC(35)   Evacuate Collection Set: 3.1ms
[2025-12-24T12:06:55.738+0000][gc,phases   ] GC(35)   Post Evacuate Collection Set: 1.4ms
[2025-12-24T12:06:55.738+0000][gc,phases   ] GC(35)   Other: 0.4ms
[2025-12-24T12:06:55.738+0000][gc,heap     ] GC(35) Eden regions: 613->0(613)
[2025-12-24T12:06:55.738+0000][gc,heap     ] GC(35) Survivor regions: 1->1(77)
[2025-12-24T12:06:55.738+0000][gc,heap     ] GC(35) Old regions: 17->18
[2025-12-24T12:06:55.738+0000][gc,heap     ] GC(35) Humongous regions: 2->2
[2025-12-24T12:06:55.738+0000][gc,metaspace] GC(35) Metaspace: 10794K(11200K)->10794K(11200K) NonClass: 9758K(9984K)->9758K(9984K) Class: 1036K(1216K)->1036K(1216K)
[2025-12-24T12:06:55.738+0000][gc          ] GC(35) Pause Young (Normal) (G1 Evacuation Pause) 632M->19M(1024M) 7.815ms
[2025-12-24T12:06:55.738+0000][gc,cpu      ] GC(35) User=0.04s Sys=0.00s Real=0.00s
[2025-12-24T12:07:46.377+0000][gc,start    ] GC(36) Pause Young (Normal) (G1 Evacuation Pause)
[2025-12-24T12:07:46.379+0000][gc,task     ] GC(36) Using 8 workers of 8 for evacuation
[2025-12-24T12:07:46.385+0000][gc,phases   ] GC(36)   Pre Evacuate Collection Set: 2.0ms
[2025-12-24T12:07:46.385+0000][gc,phases   ] GC(36)   Merge Heap Roots: 0.3ms
[2025-12-24T12:07:46.386+0000][gc,phases   ] GC(36)   Evacuate Collection Set: 2.3ms
[2025-12-24T12:07:46.386+0000][gc,phases   ] GC(36)   Post Evacuate Collection Set: 1.3ms
[2025-12-24T12:07:46.386+0000][gc,phases   ] GC(36)   Other: 0.4ms
[2025-12-24T12:07:46.386+0000][gc,heap     ] GC(36) Eden regions: 613->0(613)
[2025-12-24T12:07:46.386+0000][gc,heap     ] GC(36) Survivor regions: 1->1(77)
[2025-12-24T12:07:46.386+0000][gc,heap     ] GC(36) Old regions: 18->18
[2025-12-24T12:07:46.386+0000][gc,heap     ] GC(36) Humongous regions: 2->2
[2025-12-24T12:07:46.386+0000][gc,metaspace] GC(36) Metaspace: 10796K(11200K)->10796K(11200K) NonClass: 9759K(9984K)->9759K(9984K) Class: 1036K(1216K)->1036K(1216K)
[2025-12-24T12:07:46.386+0000][gc          ] GC(36) Pause Young (Normal) (G1 Evacuation Pause) 632M->19M(1024M) 9.039ms
[2025-12-24T12:07:46.387+0000][gc,cpu      ] GC(36) User=0.02s Sys=0.01s Real=0.01s
[2025-12-24T12:08:46.029+0000][gc,start    ] GC(37) Pause Young (Normal) (G1 Evacuation Pause)
[2025-12-24T12:08:46.030+0000][gc,task     ] GC(37) Using 8 workers of 8 for evacuation
[2025-12-24T12:08:46.046+0000][gc,phases   ] GC(37)   Pre Evacuate Collection Set: 3.2ms
[2025-12-24T12:08:46.047+0000][gc,phases   ] GC(37)   Merge Heap Roots: 0.7ms
[2025-12-24T12:08:46.047+0000][gc,phases   ] GC(37)   Evacuate Collection Set: 10.6ms
[2025-12-24T12:08:46.047+0000][gc,phases   ] GC(37)   Post Evacuate Collection Set: 1.5ms
[2025-12-24T12:08:46.047+0000][gc,phases   ] GC(37)   Other: 0.5ms
[2025-12-24T12:08:46.047+0000][gc,heap     ] GC(37) Eden regions: 613->0(612)
[2025-12-24T12:08:46.047+0000][gc,heap     ] GC(37) Survivor regions: 1->2(77)
[2025-12-24T12:08:46.047+0000][gc,heap     ] GC(37) Old regions: 18->18
[2025-12-24T12:08:46.047+0000][gc,heap     ] GC(37) Humongous regions: 2->2
[2025-12-24T12:08:46.047+0000][gc,metaspace] GC(37) Metaspace: 10824K(11200K)->10824K(11200K) NonClass: 9788K(9984K)->9788K(9984K) Class: 1036K(1216K)->1036K(1216K)
[2025-12-24T12:08:46.048+0000][gc          ] GC(37) Pause Young (Normal) (G1 Evacuation Pause) 632M->21M(1024M) 18.263ms
[2025-12-24T12:08:46.048+0000][gc,cpu      ] GC(37) User=0.09s Sys=0.00s Real=0.02s
[2025-12-24T12:09:45.932+0000][gc,start    ] GC(38) Pause Young (Normal) (G1 Evacuation Pause)
[2025-12-24T12:09:45.933+0000][gc,task     ] GC(38) Using 8 workers of 8 for evacuation
[2025-12-24T12:09:45.939+0000][gc,phases   ] GC(38)   Pre Evacuate Collection Set: 1.0ms
[2025-12-24T12:09:45.939+0000][gc,phases   ] GC(38)   Merge Heap Roots: 0.1ms
[2025-12-24T12:09:45.939+0000][gc,phases   ] GC(38)   Evacuate Collection Set: 3.6ms
[2025-12-24T12:09:45.939+0000][gc,phases   ] GC(38)   Post Evacuate Collection Set: 1.5ms
[2025-12-24T12:09:45.939+0000][gc,phases   ] GC(38)   Other: 0.2ms
[2025-12-24T12:09:45.939+0000][gc,heap     ] GC(38) Eden regions: 612->0(612)
[2025-12-24T12:09:45.939+0000][gc,heap     ] GC(38) Survivor regions: 2->2(77)
[2025-12-24T12:09:45.939+0000][gc,heap     ] GC(38) Old regions: 18->18
[2025-12-24T12:09:45.939+0000][gc,heap     ] GC(38) Humongous regions: 2->2
[2025-12-24T12:09:45.940+0000][gc,metaspace] GC(38) Metaspace: 10827K(11200K)->10827K(11200K) NonClass: 9791K(9984K)->9791K(9984K) Class: 1036K(1216K)->1036K(1216K)
[2025-12-24T12:09:45.941+0000][gc          ] GC(38) Pause Young (Normal) (G1 Evacuation Pause) 633M->20M(1024M) 8.533ms
[2025-12-24T12:09:45.941+0000][gc,cpu      ] GC(38) User=0.04s Sys=0.00s Real=0.00s
[2025-12-24T12:10:45.898+0000][gc,start    ] GC(39) Pause Young (Normal) (G1 Evacuation Pause)
[2025-12-24T12:10:45.899+0000][gc,task     ] GC(39) Using 8 workers of 8 for evacuation
[2025-12-24T12:10:45.905+0000][gc,phases   ] GC(39)   Pre Evacuate Collection Set: 1.1ms
[2025-12-24T12:10:45.905+0000][gc,phases   ] GC(39)   Merge Heap Roots: 0.1ms
[2025-12-24T12:10:45.905+0000][gc,phases   ] GC(39)   Evacuate Collection Set: 2.4ms
[2025-12-24T12:10:45.906+0000][gc,phases   ] GC(39)   Post Evacuate Collection Set: 2.9ms
[2025-12-24T12:10:45.906+0000][gc,phases   ] GC(39)   Other: 0.2ms
[2025-12-24T12:10:45.906+0000][gc,heap     ] GC(39) Eden regions: 612->0(612)
[2025-12-24T12:10:45.906+0000][gc,heap     ] GC(39) Survivor regions: 2->2(77)
[2025-12-24T12:10:45.906+0000][gc,heap     ] GC(39) Old regions: 18->18
[2025-12-24T12:10:45.906+0000][gc,heap     ] GC(39) Humongous regions: 2->2
[2025-12-24T12:10:45.906+0000][gc,metaspace] GC(39) Metaspace: 10842K(11200K)->10842K(11200K) NonClass: 9806K(9984K)->9806K(9984K) Class: 1036K(1216K)->1036K(1216K)
[2025-12-24T12:10:45.906+0000][gc          ] GC(39) Pause Young (Normal) (G1 Evacuation Pause) 632M->20M(1024M) 8.268ms
[2025-12-24T12:10:45.907+0000][gc,cpu      ] GC(39) User=0.03s Sys=0.00s Real=0.01s
[2025-12-24T12:11:45.865+0000][gc,start    ] GC(40) Pause Young (Normal) (G1 Evacuation Pause)
[2025-12-24T12:11:45.866+0000][gc,task     ] GC(40) Using 8 workers of 8 for evacuation
[2025-12-24T12:11:45.871+0000][gc,phases   ] GC(40)   Pre Evacuate Collection Set: 1.1ms
[2025-12-24T12:11:45.871+0000][gc,phases   ] GC(40)   Merge Heap Roots: 0.2ms
[2025-12-24T12:11:45.871+0000][gc,phases   ] GC(40)   Evacuate Collection Set: 2.5ms
[2025-12-24T12:11:45.871+0000][gc,phases   ] GC(40)   Post Evacuate Collection Set: 1.0ms
[2025-12-24T12:11:45.871+0000][gc,phases   ] GC(40)   Other: 0.2ms
[2025-12-24T12:11:45.871+0000][gc,heap     ] GC(40) Eden regions: 612->0(612)
[2025-12-24T12:11:45.871+0000][gc,heap     ] GC(40) Survivor regions: 2->2(77)
[2025-12-24T12:11:45.871+0000][gc,heap     ] GC(40) Old regions: 18->18
[2025-12-24T12:11:45.871+0000][gc,heap     ] GC(40) Humongous regions: 2->2
[2025-12-24T12:11:45.871+0000][gc,metaspace] GC(40) Metaspace: 10842K(11200K)->10842K(11200K) NonClass: 9806K(9984K)->9806K(9984K) Class: 1036K(1216K)->1036K(1216K)
[2025-12-24T12:11:45.871+0000][gc          ] GC(40) Pause Young (Normal) (G1 Evacuation Pause) 632M->20M(1024M) 6.143ms
[2025-12-24T12:11:45.871+0000][gc,cpu      ] GC(40) User=0.03s Sys=0.00s Real=0.00s
[2025-12-24T12:12:45.842+0000][gc,start    ] GC(41) Pause Young (Normal) (G1 Evacuation Pause)
[2025-12-24T12:12:45.842+0000][gc,task     ] GC(41) Using 8 workers of 8 for evacuation
[2025-12-24T12:12:45.852+0000][gc,phases   ] GC(41)   Pre Evacuate Collection Set: 2.5ms
[2025-12-24T12:12:45.852+0000][gc,phases   ] GC(41)   Merge Heap Roots: 0.2ms
[2025-12-24T12:12:45.852+0000][gc,phases   ] GC(41)   Evacuate Collection Set: 5.6ms
[2025-12-24T12:12:45.852+0000][gc,phases   ] GC(41)   Post Evacuate Collection Set: 0.9ms
[2025-12-24T12:12:45.852+0000][gc,phases   ] GC(41)   Other: 0.4ms
[2025-12-24T12:12:45.852+0000][gc,heap     ] GC(41) Eden regions: 612->0(612)
[2025-12-24T12:12:45.852+0000][gc,heap     ] GC(41) Survivor regions: 2->2(77)
[2025-12-24T12:12:45.852+0000][gc,heap     ] GC(41) Old regions: 18->18
[2025-12-24T12:12:45.852+0000][gc,heap     ] GC(41) Humongous regions: 2->2
[2025-12-24T12:12:45.852+0000][gc,metaspace] GC(41) Metaspace: 10865K(11200K)->10865K(11200K) NonClass: 9829K(9984K)->9829K(9984K) Class: 1036K(1216K)->1036K(1216K)
[2025-12-24T12:12:45.852+0000][gc          ] GC(41) Pause Young (Normal) (G1 Evacuation Pause) 632M->20M(1024M) 10.577ms
[2025-12-24T12:12:45.852+0000][gc,cpu      ] GC(41) User=0.06s Sys=0.00s Real=0.01s
[2025-12-24T12:13:45.806+0000][gc,start    ] GC(42) Pause Young (Normal) (G1 Evacuation Pause)
[2025-12-24T12:13:45.807+0000][gc,task     ] GC(42) Using 8 workers of 8 for evacuation
[2025-12-24T12:13:45.818+0000][gc,phases   ] GC(42)   Pre Evacuate Collection Set: 1.1ms
[2025-12-24T12:13:45.818+0000][gc,phases   ] GC(42)   Merge Heap Roots: 0.3ms
[2025-12-24T12:13:45.818+0000][gc,phases   ] GC(42)   Evacuate Collection Set: 6.1ms
[2025-12-24T12:13:45.818+0000][gc,phases   ] GC(42)   Post Evacuate Collection Set: 3.4ms
[2025-12-24T12:13:45.818+0000][gc,phases   ] GC(42)   Other: 0.4ms
[2025-12-24T12:13:45.818+0000][gc,heap     ] GC(42) Eden regions: 612->0(612)
[2025-12-24T12:13:45.818+0000][gc,heap     ] GC(42) Survivor regions: 2->2(77)
[2025-12-24T12:13:45.818+0000][gc,heap     ] GC(42) Old regions: 18->18
[2025-12-24T12:13:45.818+0000][gc,heap     ] GC(42) Humongous regions: 2->2
[2025-12-24T12:13:45.819+0000][gc,metaspace] GC(42) Metaspace: 10873K(11200K)->10873K(11200K) NonClass: 9837K(9984K)->9837K(9984K) Class: 1036K(1216K)->1036K(1216K)
[2025-12-24T12:13:45.819+0000][gc          ] GC(42) Pause Young (Normal) (G1 Evacuation Pause) 632M->20M(1024M) 12.612ms
[2025-12-24T12:13:45.819+0000][gc,cpu      ] GC(42) User=0.06s Sys=0.01s Real=0.01s
[2025-12-24T12:14:45.768+0000][gc,start    ] GC(43) Pause Young (Normal) (G1 Evacuation Pause)
[2025-12-24T12:14:45.769+0000][gc,task     ] GC(43) Using 8 workers of 8 for evacuation
[2025-12-24T12:14:45.773+0000][gc,phases   ] GC(43)   Pre Evacuate Collection Set: 0.9ms
[2025-12-24T12:14:45.773+0000][gc,phases   ] GC(43)   Merge Heap Roots: 0.2ms
[2025-12-24T12:14:45.773+0000][gc,phases   ] GC(43)   Evacuate Collection Set: 1.8ms
[2025-12-24T12:14:45.773+0000][gc,phases   ] GC(43)   Post Evacuate Collection Set: 0.8ms
[2025-12-24T12:14:45.773+0000][gc,phases   ] GC(43)   Other: 0.2ms
[2025-12-24T12:14:45.773+0000][gc,heap     ] GC(43) Eden regions: 612->0(613)
[2025-12-24T12:14:45.773+0000][gc,heap     ] GC(43) Survivor regions: 2->1(77)
[2025-12-24T12:14:45.773+0000][gc,heap     ] GC(43) Old regions: 18->18
[2025-12-24T12:14:45.773+0000][gc,heap     ] GC(43) Humongous regions: 2->2
[2025-12-24T12:14:45.773+0000][gc,metaspace] GC(43) Metaspace: 10883K(11264K)->10883K(11264K) NonClass: 9847K(10048K)->9847K(10048K) Class: 1036K(1216K)->1036K(1216K)
[2025-12-24T12:14:45.773+0000][gc          ] GC(43) Pause Young (Normal) (G1 Evacuation Pause) 632M->20M(1024M) 4.923ms
[2025-12-24T12:14:45.773+0000][gc,cpu      ] GC(43) User=0.02s Sys=0.00s Real=0.00s
[2025-12-24T12:15:45.694+0000][gc,start    ] GC(44) Pause Young (Normal) (G1 Evacuation Pause)
[2025-12-24T12:15:45.695+0000][gc,task     ] GC(44) Using 8 workers of 8 for evacuation
[2025-12-24T12:15:45.701+0000][gc,phases   ] GC(44)   Pre Evacuate Collection Set: 1.4ms
[2025-12-24T12:15:45.702+0000][gc,phases   ] GC(44)   Merge Heap Roots: 0.3ms
[2025-12-24T12:15:45.702+0000][gc,phases   ] GC(44)   Evacuate Collection Set: 2.8ms
[2025-12-24T12:15:45.702+0000][gc,phases   ] GC(44)   Post Evacuate Collection Set: 1.2ms
[2025-12-24T12:15:45.702+0000][gc,phases   ] GC(44)   Other: 0.4ms
[2025-12-24T12:15:45.702+0000][gc,heap     ] GC(44) Eden regions: 613->0(613)
[2025-12-24T12:15:45.702+0000][gc,heap     ] GC(44) Survivor regions: 1->1(77)
[2025-12-24T12:15:45.702+0000][gc,heap     ] GC(44) Old regions: 18->18
[2025-12-24T12:15:45.702+0000][gc,heap     ] GC(44) Humongous regions: 2->2
[2025-12-24T12:15:45.702+0000][gc,metaspace] GC(44) Metaspace: 10898K(11264K)->10898K(11264K) NonClass: 9862K(10048K)->9862K(10048K) Class: 1036K(1216K)->1036K(1216K)
[2025-12-24T12:15:45.702+0000][gc          ] GC(44) Pause Young (Normal) (G1 Evacuation Pause) 633M->19M(1024M) 8.327ms
[2025-12-24T12:15:45.702+0000][gc,cpu      ] GC(44) User=0.03s Sys=0.01s Real=0.01s
[2025-12-24T12:16:35.944+0000][gc,start    ] GC(45) Pause Young (Normal) (G1 Evacuation Pause)
[2025-12-24T12:16:35.945+0000][gc,task     ] GC(45) Using 8 workers of 8 for evacuation
[2025-12-24T12:16:35.949+0000][gc,phases   ] GC(45)   Pre Evacuate Collection Set: 0.9ms
[2025-12-24T12:16:35.949+0000][gc,phases   ] GC(45)   Merge Heap Roots: 0.1ms
[2025-12-24T12:16:35.949+0000][gc,phases   ] GC(45)   Evacuate Collection Set: 2.0ms
[2025-12-24T12:16:35.949+0000][gc,phases   ] GC(45)   Post Evacuate Collection Set: 0.8ms
[2025-12-24T12:16:35.949+0000][gc,phases   ] GC(45)   Other: 0.3ms
[2025-12-24T12:16:35.949+0000][gc,heap     ] GC(45) Eden regions: 613->0(612)
[2025-12-24T12:16:35.949+0000][gc,heap     ] GC(45) Survivor regions: 1->2(77)
[2025-12-24T12:16:35.949+0000][gc,heap     ] GC(45) Old regions: 18->18
[2025-12-24T12:16:35.949+0000][gc,heap     ] GC(45) Humongous regions: 2->2
[2025-12-24T12:16:35.949+0000][gc,metaspace] GC(45) Metaspace: 10925K(11264K)->10925K(11264K) NonClass: 9889K(10048K)->9889K(10048K) Class: 1036K(1216K)->1036K(1216K)
[2025-12-24T12:16:35.949+0000][gc          ] GC(45) Pause Young (Normal) (G1 Evacuation Pause) 632M->21M(1024M) 5.230ms
[2025-12-24T12:16:35.949+0000][gc,cpu      ] GC(45) User=0.02s Sys=0.00s Real=0.01s
[2025-12-24T12:17:35.946+0000][gc,start    ] GC(46) Pause Young (Normal) (G1 Evacuation Pause)
[2025-12-24T12:17:35.946+0000][gc,task     ] GC(46) Using 8 workers of 8 for evacuation
[2025-12-24T12:17:35.954+0000][gc,phases   ] GC(46)   Pre Evacuate Collection Set: 1.0ms
[2025-12-24T12:17:35.954+0000][gc,phases   ] GC(46)   Merge Heap Roots: 0.2ms
[2025-12-24T12:17:35.954+0000][gc,phases   ] GC(46)   Evacuate Collection Set: 5.0ms
[2025-12-24T12:17:35.954+0000][gc,phases   ] GC(46)   Post Evacuate Collection Set: 0.9ms
[2025-12-24T12:17:35.954+0000][gc,phases   ] GC(46)   Other: 0.2ms
[2025-12-24T12:17:35.954+0000][gc,heap     ] GC(46) Eden regions: 612->0(612)
[2025-12-24T12:17:35.954+0000][gc,heap     ] GC(46) Survivor regions: 2->2(77)
[2025-12-24T12:17:35.954+0000][gc,heap     ] GC(46) Old regions: 18->18
[2025-12-24T12:17:35.954+0000][gc,heap     ] GC(46) Humongous regions: 2->2
[2025-12-24T12:17:35.954+0000][gc,metaspace] GC(46) Metaspace: 11075K(11456K)->11075K(11456K) NonClass: 10039K(10240K)->10039K(10240K) Class: 1036K(1216K)->1036K(1216K)
[2025-12-24T12:17:35.954+0000][gc          ] GC(46) Pause Young (Normal) (G1 Evacuation Pause) 633M->21M(1024M) 8.692ms
[2025-12-24T12:17:35.954+0000][gc,cpu      ] GC(46) User=0.04s Sys=0.00s Real=0.00s
[2025-12-24T12:18:35.904+0000][gc,start    ] GC(47) Pause Young (Normal) (G1 Evacuation Pause)
[2025-12-24T12:18:35.904+0000][gc,task     ] GC(47) Using 8 workers of 8 for evacuation
[2025-12-24T12:18:35.908+0000][gc,phases   ] GC(47)   Pre Evacuate Collection Set: 0.8ms
[2025-12-24T12:18:35.908+0000][gc,phases   ] GC(47)   Merge Heap Roots: 0.2ms
[2025-12-24T12:18:35.908+0000][gc,phases   ] GC(47)   Evacuate Collection Set: 2.2ms
[2025-12-24T12:18:35.909+0000][gc,phases   ] GC(47)   Post Evacuate Collection Set: 0.8ms
[2025-12-24T12:18:35.909+0000][gc,phases   ] GC(47)   Other: 0.2ms
[2025-12-24T12:18:35.909+0000][gc,heap     ] GC(47) Eden regions: 612->0(612)
[2025-12-24T12:18:35.909+0000][gc,heap     ] GC(47) Survivor regions: 2->2(77)
[2025-12-24T12:18:35.909+0000][gc,heap     ] GC(47) Old regions: 18->18
[2025-12-24T12:18:35.909+0000][gc,heap     ] GC(47) Humongous regions: 2->2
[2025-12-24T12:18:35.909+0000][gc,metaspace] GC(47) Metaspace: 11075K(11456K)->11075K(11456K) NonClass: 10039K(10240K)->10039K(10240K) Class: 1036K(1216K)->1036K(1216K)
[2025-12-24T12:18:35.909+0000][gc          ] GC(47) Pause Young (Normal) (G1 Evacuation Pause) 633M->21M(1024M) 5.353ms
[2025-12-24T12:18:35.909+0000][gc,cpu      ] GC(47) User=0.02s Sys=0.00s Real=0.01s
[2025-12-24T12:19:35.898+0000][gc,start    ] GC(48) Pause Young (Normal) (G1 Evacuation Pause)
[2025-12-24T12:19:35.899+0000][gc,task     ] GC(48) Using 8 workers of 8 for evacuation
[2025-12-24T12:19:35.903+0000][gc,phases   ] GC(48)   Pre Evacuate Collection Set: 0.9ms
[2025-12-24T12:19:35.903+0000][gc,phases   ] GC(48)   Merge Heap Roots: 0.2ms
[2025-12-24T12:19:35.903+0000][gc,phases   ] GC(48)   Evacuate Collection Set: 2.4ms
[2025-12-24T12:19:35.904+0000][gc,phases   ] GC(48)   Post Evacuate Collection Set: 0.8ms
[2025-12-24T12:19:35.904+0000][gc,phases   ] GC(48)   Other: 0.3ms
[2025-12-24T12:19:35.904+0000][gc,heap     ] GC(48) Eden regions: 612->0(612)
[2025-12-24T12:19:35.904+0000][gc,heap     ] GC(48) Survivor regions: 2->2(77)
[2025-12-24T12:19:35.904+0000][gc,heap     ] GC(48) Old regions: 18->18
[2025-12-24T12:19:35.904+0000][gc,heap     ] GC(48) Humongous regions: 2->2
[2025-12-24T12:19:35.904+0000][gc,metaspace] GC(48) Metaspace: 11075K(11456K)->11075K(11456K) NonClass: 10039K(10240K)->10039K(10240K) Class: 1036K(1216K)->1036K(1216K)
[2025-12-24T12:19:35.904+0000][gc          ] GC(48) Pause Young (Normal) (G1 Evacuation Pause) 633M->20M(1024M) 5.619ms
[2025-12-24T12:19:35.904+0000][gc,cpu      ] GC(48) User=0.02s Sys=0.00s Real=0.00s
[2025-12-24T12:20:35.853+0000][gc,start    ] GC(49) Pause Young (Normal) (G1 Evacuation Pause)
[2025-12-24T12:20:35.853+0000][gc,task     ] GC(49) Using 8 workers of 8 for evacuation
[2025-12-24T12:20:35.858+0000][gc,phases   ] GC(49)   Pre Evacuate Collection Set: 0.9ms
[2025-12-24T12:20:35.858+0000][gc,phases   ] GC(49)   Merge Heap Roots: 0.2ms
[2025-12-24T12:20:35.858+0000][gc,phases   ] GC(49)   Evacuate Collection Set: 2.5ms
[2025-12-24T12:20:35.858+0000][gc,phases   ] GC(49)   Post Evacuate Collection Set: 1.0ms
[2025-12-24T12:20:35.858+0000][gc,phases   ] GC(49)   Other: 0.2ms
[2025-12-24T12:20:35.858+0000][gc,heap     ] GC(49) Eden regions: 612->0(612)
[2025-12-24T12:20:35.858+0000][gc,heap     ] GC(49) Survivor regions: 2->2(77)
[2025-12-24T12:20:35.858+0000][gc,heap     ] GC(49) Old regions: 18->18
[2025-12-24T12:20:35.858+0000][gc,heap     ] GC(49) Humongous regions: 2->2
[2025-12-24T12:20:35.858+0000][gc,metaspace] GC(49) Metaspace: 11080K(11456K)->11080K(11456K) NonClass: 10044K(10240K)->10044K(10240K) Class: 1036K(1216K)->1036K(1216K)
[2025-12-24T12:20:35.858+0000][gc          ] GC(49) Pause Young (Normal) (G1 Evacuation Pause) 632M->20M(1024M) 5.803ms
[2025-12-24T12:20:35.859+0000][gc,cpu      ] GC(49) User=0.03s Sys=0.00s Real=0.01s
[2025-12-24T12:21:35.816+0000][gc,start    ] GC(50) Pause Young (Normal) (G1 Evacuation Pause)
[2025-12-24T12:21:35.816+0000][gc,task     ] GC(50) Using 8 workers of 8 for evacuation
[2025-12-24T12:21:35.824+0000][gc,phases   ] GC(50)   Pre Evacuate Collection Set: 0.9ms
[2025-12-24T12:21:35.824+0000][gc,phases   ] GC(50)   Merge Heap Roots: 0.1ms
[2025-12-24T12:21:35.824+0000][gc,phases   ] GC(50)   Evacuate Collection Set: 2.0ms
[2025-12-24T12:21:35.824+0000][gc,phases   ] GC(50)   Post Evacuate Collection Set: 2.4ms
[2025-12-24T12:21:35.824+0000][gc,phases   ] GC(50)   Other: 1.4ms
[2025-12-24T12:21:35.824+0000][gc,heap     ] GC(50) Eden regions: 612->0(612)
[2025-12-24T12:21:35.824+0000][gc,heap     ] GC(50) Survivor regions: 2->2(77)
[2025-12-24T12:21:35.824+0000][gc,heap     ] GC(50) Old regions: 18->18
[2025-12-24T12:21:35.824+0000][gc,heap     ] GC(50) Humongous regions: 2->2
[2025-12-24T12:21:35.824+0000][gc,metaspace] GC(50) Metaspace: 11080K(11456K)->11080K(11456K) NonClass: 10044K(10240K)->10044K(10240K) Class: 1036K(1216K)->1036K(1216K)
[2025-12-24T12:21:35.824+0000][gc          ] GC(50) Pause Young (Normal) (G1 Evacuation Pause) 632M->20M(1024M) 8.696ms
[2025-12-24T12:21:35.825+0000][gc,cpu      ] GC(50) User=0.03s Sys=0.00s Real=0.01s
[2025-12-24T12:22:35.766+0000][gc,start    ] GC(51) Pause Young (Normal) (G1 Evacuation Pause)
[2025-12-24T12:22:35.767+0000][gc,task     ] GC(51) Using 8 workers of 8 for evacuation
[2025-12-24T12:22:35.772+0000][gc,phases   ] GC(51)   Pre Evacuate Collection Set: 1.0ms
[2025-12-24T12:22:35.772+0000][gc,phases   ] GC(51)   Merge Heap Roots: 0.1ms
[2025-12-24T12:22:35.772+0000][gc,phases   ] GC(51)   Evacuate Collection Set: 2.1ms
[2025-12-24T12:22:35.772+0000][gc,phases   ] GC(51)   Post Evacuate Collection Set: 1.0ms
[2025-12-24T12:22:35.772+0000][gc,phases   ] GC(51)   Other: 0.2ms
[2025-12-24T12:22:35.772+0000][gc,heap     ] GC(51) Eden regions: 612->0(612)
[2025-12-24T12:22:35.772+0000][gc,heap     ] GC(51) Survivor regions: 2->2(77)
[2025-12-24T12:22:35.772+0000][gc,heap     ] GC(51) Old regions: 18->18
[2025-12-24T12:22:35.772+0000][gc,heap     ] GC(51) Humongous regions: 2->2
[2025-12-24T12:22:35.772+0000][gc,metaspace] GC(51) Metaspace: 11082K(11456K)->11082K(11456K) NonClass: 10045K(10240K)->10045K(10240K) Class: 1036K(1216K)->1036K(1216K)
[2025-12-24T12:22:35.772+0000][gc          ] GC(51) Pause Young (Normal) (G1 Evacuation Pause) 632M->20M(1024M) 6.100ms
[2025-12-24T12:22:35.772+0000][gc,cpu      ] GC(51) User=0.03s Sys=0.00s Real=0.01s
[2025-12-24T12:23:35.740+0000][gc,start    ] GC(52) Pause Young (Normal) (G1 Evacuation Pause)
[2025-12-24T12:23:35.741+0000][gc,task     ] GC(52) Using 8 workers of 8 for evacuation
[2025-12-24T12:23:35.747+0000][gc,phases   ] GC(52)   Pre Evacuate Collection Set: 1.9ms
[2025-12-24T12:23:35.747+0000][gc,phases   ] GC(52)   Merge Heap Roots: 0.1ms
[2025-12-24T12:23:35.747+0000][gc,phases   ] GC(52)   Evacuate Collection Set: 2.7ms
[2025-12-24T12:23:35.747+0000][gc,phases   ] GC(52)   Post Evacuate Collection Set: 0.9ms
[2025-12-24T12:23:35.747+0000][gc,phases   ] GC(52)   Other: 0.3ms
[2025-12-24T12:23:35.747+0000][gc,heap     ] GC(52) Eden regions: 612->0(613)
[2025-12-24T12:23:35.747+0000][gc,heap     ] GC(52) Survivor regions: 2->1(77)
[2025-12-24T12:23:35.747+0000][gc,heap     ] GC(52) Old regions: 18->18
[2025-12-24T12:23:35.747+0000][gc,heap     ] GC(52) Humongous regions: 2->2
[2025-12-24T12:23:35.747+0000][gc,metaspace] GC(52) Metaspace: 11093K(11456K)->11093K(11456K) NonClass: 10057K(10240K)->10057K(10240K) Class: 1036K(1216K)->1036K(1216K)
[2025-12-24T12:23:35.747+0000][gc          ] GC(52) Pause Young (Normal) (G1 Evacuation Pause) 632M->20M(1024M) 7.511ms
[2025-12-24T12:23:35.747+0000][gc,cpu      ] GC(52) User=0.03s Sys=0.00s Real=0.01s
[2025-12-24T12:25:47.331+0000][gc,start    ] GC(53) Pause Young (Normal) (G1 Evacuation Pause)
[2025-12-24T12:25:47.332+0000][gc,task     ] GC(53) Using 8 workers of 8 for evacuation
[2025-12-24T12:25:47.360+0000][gc,phases   ] GC(53)   Pre Evacuate Collection Set: 11.7ms
[2025-12-24T12:25:47.360+0000][gc,phases   ] GC(53)   Merge Heap Roots: 1.0ms
[2025-12-24T12:25:47.360+0000][gc,phases   ] GC(53)   Evacuate Collection Set: 9.3ms
[2025-12-24T12:25:47.361+0000][gc,phases   ] GC(53)   Post Evacuate Collection Set: 4.1ms
[2025-12-24T12:25:47.361+0000][gc,phases   ] GC(53)   Other: 1.4ms
[2025-12-24T12:25:47.362+0000][gc,heap     ] GC(53) Eden regions: 613->0(612)
[2025-12-24T12:25:47.362+0000][gc,heap     ] GC(53) Survivor regions: 1->2(77)
[2025-12-24T12:25:47.363+0000][gc,heap     ] GC(53) Old regions: 18->18
[2025-12-24T12:25:47.363+0000][gc,heap     ] GC(53) Humongous regions: 2->2
[2025-12-24T12:25:47.364+0000][gc,metaspace] GC(53) Metaspace: 11110K(11456K)->11110K(11456K) NonClass: 10071K(10240K)->10071K(10240K) Class: 1038K(1216K)->1038K(1216K)
[2025-12-24T12:25:47.364+0000][gc          ] GC(53) Pause Young (Normal) (G1 Evacuation Pause) 633M->20M(1024M) 33.135ms
[2025-12-24T12:25:47.366+0000][gc,cpu      ] GC(53) User=0.12s Sys=0.01s Real=0.03s
[2025-12-24T12:30:50.575+0000][gc,start    ] GC(54) Pause Young (Normal) (G1 Evacuation Pause)
[2025-12-24T12:30:50.576+0000][gc,task     ] GC(54) Using 8 workers of 8 for evacuation
[2025-12-24T12:30:50.581+0000][gc,phases   ] GC(54)   Pre Evacuate Collection Set: 0.9ms
[2025-12-24T12:30:50.581+0000][gc,phases   ] GC(54)   Merge Heap Roots: 0.1ms
[2025-12-24T12:30:50.581+0000][gc,phases   ] GC(54)   Evacuate Collection Set: 2.8ms
[2025-12-24T12:30:50.581+0000][gc,phases   ] GC(54)   Post Evacuate Collection Set: 0.9ms
[2025-12-24T12:30:50.582+0000][gc,phases   ] GC(54)   Other: 0.3ms
[2025-12-24T12:30:50.582+0000][gc,heap     ] GC(54) Eden regions: 612->0(612)
[2025-12-24T12:30:50.582+0000][gc,heap     ] GC(54) Survivor regions: 2->2(77)
[2025-12-24T12:30:50.582+0000][gc,heap     ] GC(54) Old regions: 18->18
[2025-12-24T12:30:50.582+0000][gc,heap     ] GC(54) Humongous regions: 11->11
[2025-12-24T12:30:50.582+0000][gc,metaspace] GC(54) Metaspace: 11216K(11520K)->11216K(11520K) NonClass: 10159K(10304K)->10159K(10304K) Class: 1057K(1216K)->1057K(1216K)
[2025-12-24T12:30:50.582+0000][gc          ] GC(54) Pause Young (Normal) (G1 Evacuation Pause) 641M->30M(1024M) 6.984ms
[2025-12-24T12:30:50.582+0000][gc,cpu      ] GC(54) User=0.02s Sys=0.00s Real=0.01s
[2025-12-24T12:31:53.241+0000][gc,start    ] GC(55) Pause Young (Normal) (G1 Evacuation Pause)
[2025-12-24T12:31:53.241+0000][gc,task     ] GC(55) Using 8 workers of 8 for evacuation
[2025-12-24T12:31:53.249+0000][gc,phases   ] GC(55)   Pre Evacuate Collection Set: 1.0ms
[2025-12-24T12:31:53.250+0000][gc,phases   ] GC(55)   Merge Heap Roots: 0.1ms
[2025-12-24T12:31:53.250+0000][gc,phases   ] GC(55)   Evacuate Collection Set: 6.1ms
[2025-12-24T12:31:53.250+0000][gc,phases   ] GC(55)   Post Evacuate Collection Set: 1.0ms
[2025-12-24T12:31:53.250+0000][gc,phases   ] GC(55)   Other: 0.2ms
[2025-12-24T12:31:53.250+0000][gc,heap     ] GC(55) Eden regions: 612->0(611)
[2025-12-24T12:31:53.250+0000][gc,heap     ] GC(55) Survivor regions: 2->3(77)
[2025-12-24T12:31:53.250+0000][gc,heap     ] GC(55) Old regions: 18->18
[2025-12-24T12:31:53.250+0000][gc,heap     ] GC(55) Humongous regions: 11->11
[2025-12-24T12:31:53.250+0000][gc,metaspace] GC(55) Metaspace: 11725K(12096K)->11725K(12096K) NonClass: 10659K(10880K)->10659K(10880K) Class: 1065K(1216K)->1065K(1216K)
[2025-12-24T12:31:53.250+0000][gc          ] GC(55) Pause Young (Normal) (G1 Evacuation Pause) 642M->31M(1024M) 9.344ms
[2025-12-24T12:31:53.250+0000][gc,cpu      ] GC(55) User=0.05s Sys=0.00s Real=0.01s
[2025-12-24T12:36:15.972+0000][gc,start    ] GC(56) Pause Young (Normal) (G1 Evacuation Pause)
[2025-12-24T12:36:15.972+0000][gc,task     ] GC(56) Using 8 workers of 8 for evacuation
[2025-12-24T12:36:15.995+0000][gc,phases   ] GC(56)   Pre Evacuate Collection Set: 4.0ms
[2025-12-24T12:36:15.996+0000][gc,phases   ] GC(56)   Merge Heap Roots: 0.9ms
[2025-12-24T12:36:15.996+0000][gc,phases   ] GC(56)   Evacuate Collection Set: 15.7ms
[2025-12-24T12:36:15.996+0000][gc,phases   ] GC(56)   Post Evacuate Collection Set: 1.9ms
[2025-12-24T12:36:15.996+0000][gc,phases   ] GC(56)   Other: 0.6ms
[2025-12-24T12:36:15.996+0000][gc,heap     ] GC(56) Eden regions: 611->0(611)
[2025-12-24T12:36:15.996+0000][gc,heap     ] GC(56) Survivor regions: 3->3(77)
[2025-12-24T12:36:15.996+0000][gc,heap     ] GC(56) Old regions: 18->18
[2025-12-24T12:36:15.996+0000][gc,heap     ] GC(56) Humongous regions: 11->2
[2025-12-24T12:36:15.997+0000][gc,metaspace] GC(56) Metaspace: 11778K(12160K)->11778K(12160K) NonClass: 10707K(10880K)->10707K(10880K) Class: 1070K(1280K)->1070K(1280K)
[2025-12-24T12:36:15.999+0000][gc          ] GC(56) Pause Young (Normal) (G1 Evacuation Pause) 642M->21M(1024M) 27.535ms
[2025-12-24T12:36:16.000+0000][gc,cpu      ] GC(56) User=0.16s Sys=0.01s Real=0.03s
[2025-12-24T12:41:37.551+0000][gc,start    ] GC(57) Pause Young (Normal) (G1 Evacuation Pause)
[2025-12-24T12:41:37.552+0000][gc,task     ] GC(57) Using 8 workers of 8 for evacuation
[2025-12-24T12:41:37.568+0000][gc,phases   ] GC(57)   Pre Evacuate Collection Set: 1.0ms
[2025-12-24T12:41:37.569+0000][gc,phases   ] GC(57)   Merge Heap Roots: 0.2ms
[2025-12-24T12:41:37.569+0000][gc,phases   ] GC(57)   Evacuate Collection Set: 13.1ms
[2025-12-24T12:41:37.569+0000][gc,phases   ] GC(57)   Post Evacuate Collection Set: 2.3ms
[2025-12-24T12:41:37.569+0000][gc,phases   ] GC(57)   Other: 0.2ms
[2025-12-24T12:41:37.569+0000][gc,heap     ] GC(57) Eden regions: 611->0(610)
[2025-12-24T12:41:37.569+0000][gc,heap     ] GC(57) Survivor regions: 3->4(77)
[2025-12-24T12:41:37.569+0000][gc,heap     ] GC(57) Old regions: 18->18
[2025-12-24T12:41:37.569+0000][gc,heap     ] GC(57) Humongous regions: 11->11
[2025-12-24T12:41:37.569+0000][gc,metaspace] GC(57) Metaspace: 11836K(12224K)->11836K(12224K) NonClass: 10765K(10944K)->10765K(10944K) Class: 1071K(1280K)->1071K(1280K)
[2025-12-24T12:41:37.569+0000][gc          ] GC(57) Pause Young (Normal) (G1 Evacuation Pause) 641M->32M(1024M) 17.946ms
[2025-12-24T12:41:37.569+0000][gc,cpu      ] GC(57) User=0.11s Sys=0.00s Real=0.02s
[2025-12-24T12:42:37.381+0000][gc,start    ] GC(58) Pause Young (Normal) (G1 Evacuation Pause)
[2025-12-24T12:42:37.383+0000][gc,task     ] GC(58) Using 8 workers of 8 for evacuation
[2025-12-24T12:42:37.402+0000][gc,phases   ] GC(58)   Pre Evacuate Collection Set: 1.0ms
[2025-12-24T12:42:37.402+0000][gc,phases   ] GC(58)   Merge Heap Roots: 0.2ms
[2025-12-24T12:42:37.402+0000][gc,phases   ] GC(58)   Evacuate Collection Set: 16.9ms
[2025-12-24T12:42:37.402+0000][gc,phases   ] GC(58)   Post Evacuate Collection Set: 1.2ms
[2025-12-24T12:42:37.402+0000][gc,phases   ] GC(58)   Other: 0.2ms
[2025-12-24T12:42:37.402+0000][gc,heap     ] GC(58) Eden regions: 610->0(610)
[2025-12-24T12:42:37.402+0000][gc,heap     ] GC(58) Survivor regions: 4->4(77)
[2025-12-24T12:42:37.402+0000][gc,heap     ] GC(58) Old regions: 18->18
[2025-12-24T12:42:37.402+0000][gc,heap     ] GC(58) Humongous regions: 11->11
[2025-12-24T12:42:37.402+0000][gc,metaspace] GC(58) Metaspace: 11885K(12288K)->11885K(12288K) NonClass: 10814K(11008K)->10814K(11008K) Class: 1071K(1280K)->1071K(1280K)
[2025-12-24T12:42:37.403+0000][gc          ] GC(58) Pause Young (Normal) (G1 Evacuation Pause) 642M->32M(1024M) 21.300ms
[2025-12-24T12:42:37.403+0000][gc,cpu      ] GC(58) User=0.13s Sys=0.00s Real=0.02s
[2025-12-24T12:43:27.528+0000][gc,start    ] GC(59) Pause Young (Normal) (G1 Evacuation Pause)
[2025-12-24T12:43:27.529+0000][gc,task     ] GC(59) Using 8 workers of 8 for evacuation
[2025-12-24T12:43:27.536+0000][gc,phases   ] GC(59)   Pre Evacuate Collection Set: 0.9ms
[2025-12-24T12:43:27.536+0000][gc,phases   ] GC(59)   Merge Heap Roots: 0.2ms
[2025-12-24T12:43:27.536+0000][gc,phases   ] GC(59)   Evacuate Collection Set: 5.1ms
[2025-12-24T12:43:27.536+0000][gc,phases   ] GC(59)   Post Evacuate Collection Set: 0.9ms
[2025-12-24T12:43:27.536+0000][gc,phases   ] GC(59)   Other: 0.2ms
[2025-12-24T12:43:27.536+0000][gc,heap     ] GC(59) Eden regions: 610->0(608)
[2025-12-24T12:43:27.536+0000][gc,heap     ] GC(59) Survivor regions: 4->6(77)
[2025-12-24T12:43:27.537+0000][gc,heap     ] GC(59) Old regions: 18->18
[2025-12-24T12:43:27.537+0000][gc,heap     ] GC(59) Humongous regions: 11->11
[2025-12-24T12:43:27.537+0000][gc,metaspace] GC(59) Metaspace: 11919K(12352K)->11919K(12352K) NonClass: 10847K(11072K)->10847K(11072K) Class: 1071K(1280K)->1071K(1280K)
[2025-12-24T12:43:27.537+0000][gc          ] GC(59) Pause Young (Normal) (G1 Evacuation Pause) 642M->34M(1024M) 8.437ms
[2025-12-24T12:43:27.537+0000][gc,cpu      ] GC(59) User=0.04s Sys=0.00s Real=0.01s
[2025-12-24T12:44:27.372+0000][gc,start    ] GC(60) Pause Young (Normal) (G1 Evacuation Pause)
[2025-12-24T12:44:27.372+0000][gc,task     ] GC(60) Using 8 workers of 8 for evacuation
[2025-12-24T12:44:27.387+0000][gc,phases   ] GC(60)   Pre Evacuate Collection Set: 1.0ms
[2025-12-24T12:44:27.387+0000][gc,phases   ] GC(60)   Merge Heap Roots: 0.2ms
[2025-12-24T12:44:27.387+0000][gc,phases   ] GC(60)   Evacuate Collection Set: 11.8ms
[2025-12-24T12:44:27.387+0000][gc,phases   ] GC(60)   Post Evacuate Collection Set: 1.3ms
[2025-12-24T12:44:27.387+0000][gc,phases   ] GC(60)   Other: 0.3ms
[2025-12-24T12:44:27.387+0000][gc,heap     ] GC(60) Eden regions: 608->0(608)
[2025-12-24T12:44:27.388+0000][gc,heap     ] GC(60) Survivor regions: 6->6(77)
[2025-12-24T12:44:27.388+0000][gc,heap     ] GC(60) Old regions: 18->18
[2025-12-24T12:44:27.388+0000][gc,heap     ] GC(60) Humongous regions: 11->11
[2025-12-24T12:44:27.388+0000][gc,metaspace] GC(60) Metaspace: 11970K(12416K)->11970K(12416K) NonClass: 10899K(11136K)->10899K(11136K) Class: 1071K(1280K)->1071K(1280K)
[2025-12-24T12:44:27.388+0000][gc          ] GC(60) Pause Young (Normal) (G1 Evacuation Pause) 642M->34M(1024M) 16.074ms
[2025-12-24T12:44:27.388+0000][gc,cpu      ] GC(60) User=0.09s Sys=0.01s Real=0.01s
[2025-12-24T12:45:17.550+0000][gc,start    ] GC(61) Pause Young (Normal) (G1 Evacuation Pause)
[2025-12-24T12:45:17.551+0000][gc,task     ] GC(61) Using 8 workers of 8 for evacuation
[2025-12-24T12:45:17.567+0000][gc,phases   ] GC(61)   Pre Evacuate Collection Set: 1.3ms
[2025-12-24T12:45:17.567+0000][gc,phases   ] GC(61)   Merge Heap Roots: 0.4ms
[2025-12-24T12:45:17.567+0000][gc,phases   ] GC(61)   Evacuate Collection Set: 13.5ms
[2025-12-24T12:45:17.567+0000][gc,phases   ] GC(61)   Post Evacuate Collection Set: 1.1ms
[2025-12-24T12:45:17.567+0000][gc,phases   ] GC(61)   Other: 0.4ms
[2025-12-24T12:45:17.567+0000][gc,heap     ] GC(61) Eden regions: 608->0(606)
[2025-12-24T12:45:17.567+0000][gc,heap     ] GC(61) Survivor regions: 6->8(77)
[2025-12-24T12:45:17.568+0000][gc,heap     ] GC(61) Old regions: 18->18
[2025-12-24T12:45:17.568+0000][gc,heap     ] GC(61) Humongous regions: 11->11
[2025-12-24T12:45:17.568+0000][gc,metaspace] GC(61) Metaspace: 11981K(12416K)->11981K(12416K) NonClass: 10909K(11136K)->10909K(11136K) Class: 1071K(1280K)->1071K(1280K)
[2025-12-24T12:45:17.568+0000][gc          ] GC(61) Pause Young (Normal) (G1 Evacuation Pause) 642M->36M(1024M) 17.539ms
[2025-12-24T12:45:17.568+0000][gc,cpu      ] GC(61) User=0.11s Sys=0.00s Real=0.02s
[2025-12-24T12:46:17.371+0000][gc,start    ] GC(62) Pause Young (Normal) (G1 Evacuation Pause)
[2025-12-24T12:46:17.374+0000][gc,task     ] GC(62) Using 8 workers of 8 for evacuation
[2025-12-24T12:46:17.390+0000][gc,phases   ] GC(62)   Pre Evacuate Collection Set: 2.5ms
[2025-12-24T12:46:17.391+0000][gc,phases   ] GC(62)   Merge Heap Roots: 0.6ms
[2025-12-24T12:46:17.391+0000][gc,phases   ] GC(62)   Evacuate Collection Set: 11.5ms
[2025-12-24T12:46:17.391+0000][gc,phases   ] GC(62)   Post Evacuate Collection Set: 1.1ms
[2025-12-24T12:46:17.391+0000][gc,phases   ] GC(62)   Other: 0.6ms
[2025-12-24T12:46:17.391+0000][gc,heap     ] GC(62) Eden regions: 606->0(606)
[2025-12-24T12:46:17.391+0000][gc,heap     ] GC(62) Survivor regions: 8->8(77)
[2025-12-24T12:46:17.391+0000][gc,heap     ] GC(62) Old regions: 18->18
[2025-12-24T12:46:17.391+0000][gc,heap     ] GC(62) Humongous regions: 11->11
[2025-12-24T12:46:17.391+0000][gc,metaspace] GC(62) Metaspace: 12002K(12416K)->12002K(12416K) NonClass: 10931K(11136K)->10931K(11136K) Class: 1071K(1280K)->1071K(1280K)
[2025-12-24T12:46:17.391+0000][gc          ] GC(62) Pause Young (Normal) (G1 Evacuation Pause) 642M->36M(1024M) 19.924ms
[2025-12-24T12:46:17.391+0000][gc,cpu      ] GC(62) User=0.11s Sys=0.00s Real=0.02s
[2025-12-24T12:47:07.509+0000][gc,start    ] GC(63) Pause Young (Normal) (G1 Evacuation Pause)
[2025-12-24T12:47:07.511+0000][gc,task     ] GC(63) Using 8 workers of 8 for evacuation
[2025-12-24T12:47:07.528+0000][gc,phases   ] GC(63)   Pre Evacuate Collection Set: 1.1ms
[2025-12-24T12:47:07.528+0000][gc,phases   ] GC(63)   Merge Heap Roots: 0.2ms
[2025-12-24T12:47:07.528+0000][gc,phases   ] GC(63)   Evacuate Collection Set: 14.4ms
[2025-12-24T12:47:07.528+0000][gc,phases   ] GC(63)   Post Evacuate Collection Set: 1.3ms
[2025-12-24T12:47:07.528+0000][gc,phases   ] GC(63)   Other: 0.3ms
[2025-12-24T12:47:07.528+0000][gc,heap     ] GC(63) Eden regions: 606->0(604)
[2025-12-24T12:47:07.529+0000][gc,heap     ] GC(63) Survivor regions: 8->10(77)
[2025-12-24T12:47:07.529+0000][gc,heap     ] GC(63) Old regions: 18->18
[2025-12-24T12:47:07.529+0000][gc,heap     ] GC(63) Humongous regions: 11->11
[2025-12-24T12:47:07.529+0000][gc,metaspace] GC(63) Metaspace: 12005K(12416K)->12005K(12416K) NonClass: 10933K(11136K)->10933K(11136K) Class: 1071K(1280K)->1071K(1280K)
[2025-12-24T12:47:07.529+0000][gc          ] GC(63) Pause Young (Normal) (G1 Evacuation Pause) 642M->38M(1024M) 19.497ms
[2025-12-24T12:47:07.529+0000][gc,cpu      ] GC(63) User=0.11s Sys=0.00s Real=0.02s
[2025-12-24T12:48:07.316+0000][gc,start    ] GC(64) Pause Young (Normal) (G1 Evacuation Pause)
[2025-12-24T12:48:07.318+0000][gc,task     ] GC(64) Using 8 workers of 8 for evacuation
[2025-12-24T12:48:07.330+0000][gc,phases   ] GC(64)   Pre Evacuate Collection Set: 1.1ms
[2025-12-24T12:48:07.330+0000][gc,phases   ] GC(64)   Merge Heap Roots: 0.2ms
[2025-12-24T12:48:07.330+0000][gc,phases   ] GC(64)   Evacuate Collection Set: 9.8ms
[2025-12-24T12:48:07.330+0000][gc,phases   ] GC(64)   Post Evacuate Collection Set: 1.1ms
[2025-12-24T12:48:07.330+0000][gc,phases   ] GC(64)   Other: 0.2ms
[2025-12-24T12:48:07.330+0000][gc,heap     ] GC(64) Eden regions: 604->0(603)
[2025-12-24T12:48:07.330+0000][gc,heap     ] GC(64) Survivor regions: 10->11(77)
[2025-12-24T12:48:07.331+0000][gc,heap     ] GC(64) Old regions: 18->19
[2025-12-24T12:48:07.331+0000][gc,heap     ] GC(64) Humongous regions: 20->20
[2025-12-24T12:48:07.331+0000][gc,metaspace] GC(64) Metaspace: 12118K(12544K)->12118K(12544K) NonClass: 11027K(11200K)->11027K(11200K) Class: 1090K(1344K)->1090K(1344K)
[2025-12-24T12:48:07.331+0000][gc          ] GC(64) Pause Young (Normal) (G1 Evacuation Pause) 651M->48M(1024M) 14.282ms
[2025-12-24T12:48:07.331+0000][gc,cpu      ] GC(64) User=0.08s Sys=0.00s Real=0.02s
[2025-12-24T12:48:57.482+0000][gc,start    ] GC(65) Pause Young (Normal) (G1 Evacuation Pause)
[2025-12-24T12:48:57.482+0000][gc,task     ] GC(65) Using 8 workers of 8 for evacuation
[2025-12-24T12:48:57.500+0000][gc,phases   ] GC(65)   Pre Evacuate Collection Set: 1.1ms
[2025-12-24T12:48:57.500+0000][gc,phases   ] GC(65)   Merge Heap Roots: 0.2ms
[2025-12-24T12:48:57.500+0000][gc,phases   ] GC(65)   Evacuate Collection Set: 12.9ms
[2025-12-24T12:48:57.500+0000][gc,phases   ] GC(65)   Post Evacuate Collection Set: 3.2ms
[2025-12-24T12:48:57.500+0000][gc,phases   ] GC(65)   Other: 0.3ms
[2025-12-24T12:48:57.500+0000][gc,heap     ] GC(65) Eden regions: 603->0(602)
[2025-12-24T12:48:57.500+0000][gc,heap     ] GC(65) Survivor regions: 11->12(77)
[2025-12-24T12:48:57.500+0000][gc,heap     ] GC(65) Old regions: 19->19
[2025-12-24T12:48:57.501+0000][gc,heap     ] GC(65) Humongous regions: 20->20
[2025-12-24T12:48:57.501+0000][gc,metaspace] GC(65) Metaspace: 12133K(12544K)->12133K(12544K) NonClass: 11037K(11200K)->11037K(11200K) Class: 1095K(1344K)->1095K(1344K)
[2025-12-24T12:48:57.501+0000][gc          ] GC(65) Pause Young (Normal) (G1 Evacuation Pause) 651M->50M(1024M) 19.145ms
[2025-12-24T12:48:57.501+0000][gc,cpu      ] GC(65) User=0.11s Sys=0.00s Real=0.01s
[2025-12-24T12:49:47.629+0000][gc,start    ] GC(66) Pause Young (Normal) (G1 Evacuation Pause)
[2025-12-24T12:49:47.631+0000][gc,task     ] GC(66) Using 8 workers of 8 for evacuation
[2025-12-24T12:49:47.651+0000][gc,phases   ] GC(66)   Pre Evacuate Collection Set: 0.9ms
[2025-12-24T12:49:47.651+0000][gc,phases   ] GC(66)   Merge Heap Roots: 0.1ms
[2025-12-24T12:49:47.651+0000][gc,phases   ] GC(66)   Evacuate Collection Set: 18.1ms
[2025-12-24T12:49:47.651+0000][gc,phases   ] GC(66)   Post Evacuate Collection Set: 1.2ms
[2025-12-24T12:49:47.651+0000][gc,phases   ] GC(66)   Other: 0.2ms
[2025-12-24T12:49:47.651+0000][gc,heap     ] GC(66) Eden regions: 602->0(602)
[2025-12-24T12:49:47.651+0000][gc,heap     ] GC(66) Survivor regions: 12->12(77)
[2025-12-24T12:49:47.652+0000][gc,heap     ] GC(66) Old regions: 19->19
[2025-12-24T12:49:47.652+0000][gc,heap     ] GC(66) Humongous regions: 20->20
[2025-12-24T12:49:47.652+0000][gc,metaspace] GC(66) Metaspace: 12136K(12544K)->12136K(12544K) NonClass: 11040K(11200K)->11040K(11200K) Class: 1095K(1344K)->1095K(1344K)
[2025-12-24T12:49:47.652+0000][gc          ] GC(66) Pause Young (Normal) (G1 Evacuation Pause) 652M->49M(1024M) 22.481ms
[2025-12-24T12:49:47.652+0000][gc,cpu      ] GC(66) User=0.14s Sys=0.00s Real=0.03s
[2025-12-24T12:50:47.392+0000][gc,start    ] GC(67) Pause Young (Normal) (G1 Evacuation Pause)
[2025-12-24T12:50:47.392+0000][gc,task     ] GC(67) Using 8 workers of 8 for evacuation
[2025-12-24T12:50:47.408+0000][gc,phases   ] GC(67)   Pre Evacuate Collection Set: 1.0ms
[2025-12-24T12:50:47.408+0000][gc,phases   ] GC(67)   Merge Heap Roots: 0.2ms
[2025-12-24T12:50:47.408+0000][gc,phases   ] GC(67)   Evacuate Collection Set: 13.0ms
[2025-12-24T12:50:47.408+0000][gc,phases   ] GC(67)   Post Evacuate Collection Set: 1.4ms
[2025-12-24T12:50:47.408+0000][gc,phases   ] GC(67)   Other: 0.3ms
[2025-12-24T12:50:47.408+0000][gc,heap     ] GC(67) Eden regions: 602->0(602)
[2025-12-24T12:50:47.408+0000][gc,heap     ] GC(67) Survivor regions: 12->12(77)
[2025-12-24T12:50:47.408+0000][gc,heap     ] GC(67) Old regions: 19->19
[2025-12-24T12:50:47.408+0000][gc,heap     ] GC(67) Humongous regions: 20->20
[2025-12-24T12:50:47.409+0000][gc,metaspace] GC(67) Metaspace: 12138K(12544K)->12138K(12544K) NonClass: 11042K(11200K)->11042K(11200K) Class: 1095K(1344K)->1095K(1344K)
[2025-12-24T12:50:47.409+0000][gc          ] GC(67) Pause Young (Normal) (G1 Evacuation Pause) 651M->50M(1024M) 17.050ms
[2025-12-24T12:50:47.409+0000][gc,cpu      ] GC(67) User=0.11s Sys=0.00s Real=0.01s
[2025-12-24T12:51:37.536+0000][gc,start    ] GC(68) Pause Young (Normal) (G1 Evacuation Pause)
[2025-12-24T12:51:37.537+0000][gc,task     ] GC(68) Using 8 workers of 8 for evacuation
[2025-12-24T12:51:37.548+0000][gc,phases   ] GC(68)   Pre Evacuate Collection Set: 0.9ms
[2025-12-24T12:51:37.549+0000][gc,phases   ] GC(68)   Merge Heap Roots: 0.2ms
[2025-12-24T12:51:37.549+0000][gc,phases   ] GC(68)   Evacuate Collection Set: 9.6ms
[2025-12-24T12:51:37.549+0000][gc,phases   ] GC(68)   Post Evacuate Collection Set: 1.0ms
[2025-12-24T12:51:37.549+0000][gc,phases   ] GC(68)   Other: 0.2ms
[2025-12-24T12:51:37.549+0000][gc,heap     ] GC(68) Eden regions: 602->0(602)
[2025-12-24T12:51:37.549+0000][gc,heap     ] GC(68) Survivor regions: 12->12(77)
[2025-12-24T12:51:37.549+0000][gc,heap     ] GC(68) Old regions: 19->19
[2025-12-24T12:51:37.549+0000][gc,heap     ] GC(68) Humongous regions: 20->20
[2025-12-24T12:51:37.549+0000][gc,metaspace] GC(68) Metaspace: 12176K(12608K)->12176K(12608K) NonClass: 11080K(11264K)->11080K(11264K) Class: 1095K(1344K)->1095K(1344K)
[2025-12-24T12:51:37.549+0000][gc          ] GC(68) Pause Young (Normal) (G1 Evacuation Pause) 652M->49M(1024M) 12.974ms
[2025-12-24T12:51:37.549+0000][gc,cpu      ] GC(68) User=0.09s Sys=0.00s Real=0.01s
[2025-12-24T12:52:37.367+0000][gc,start    ] GC(69) Pause Young (Normal) (G1 Evacuation Pause)
[2025-12-24T12:52:37.368+0000][gc,task     ] GC(69) Using 8 workers of 8 for evacuation
[2025-12-24T12:52:37.383+0000][gc,phases   ] GC(69)   Pre Evacuate Collection Set: 1.1ms
[2025-12-24T12:52:37.383+0000][gc,phases   ] GC(69)   Merge Heap Roots: 0.1ms
[2025-12-24T12:52:37.383+0000][gc,phases   ] GC(69)   Evacuate Collection Set: 11.7ms
[2025-12-24T12:52:37.383+0000][gc,phases   ] GC(69)   Post Evacuate Collection Set: 1.5ms
[2025-12-24T12:52:37.383+0000][gc,phases   ] GC(69)   Other: 0.2ms
[2025-12-24T12:52:37.384+0000][gc,heap     ] GC(69) Eden regions: 602->0(603)
[2025-12-24T12:52:37.384+0000][gc,heap     ] GC(69) Survivor regions: 12->11(77)
[2025-12-24T12:52:37.384+0000][gc,heap     ] GC(69) Old regions: 19->19
[2025-12-24T12:52:37.384+0000][gc,heap     ] GC(69) Humongous regions: 20->20
[2025-12-24T12:52:37.384+0000][gc,metaspace] GC(69) Metaspace: 12226K(12672K)->12226K(12672K) NonClass: 11130K(11328K)->11130K(11328K) Class: 1095K(1344K)->1095K(1344K)
[2025-12-24T12:52:37.384+0000][gc          ] GC(69) Pause Young (Normal) (G1 Evacuation Pause) 651M->49M(1024M) 16.754ms
[2025-12-24T12:52:37.384+0000][gc,cpu      ] GC(69) User=0.10s Sys=0.00s Real=0.02s
[2025-12-24T12:53:27.504+0000][gc,start    ] GC(70) Pause Young (Normal) (G1 Evacuation Pause)
[2025-12-24T12:53:27.504+0000][gc,task     ] GC(70) Using 8 workers of 8 for evacuation
[2025-12-24T12:53:27.520+0000][gc,phases   ] GC(70)   Pre Evacuate Collection Set: 1.0ms
[2025-12-24T12:53:27.520+0000][gc,phases   ] GC(70)   Merge Heap Roots: 0.2ms
[2025-12-24T12:53:27.520+0000][gc,phases   ] GC(70)   Evacuate Collection Set: 13.3ms
[2025-12-24T12:53:27.520+0000][gc,phases   ] GC(70)   Post Evacuate Collection Set: 1.0ms
[2025-12-24T12:53:27.520+0000][gc,phases   ] GC(70)   Other: 0.2ms
[2025-12-24T12:53:27.520+0000][gc,heap     ] GC(70) Eden regions: 603->0(603)
[2025-12-24T12:53:27.521+0000][gc,heap     ] GC(70) Survivor regions: 11->11(77)
[2025-12-24T12:53:27.521+0000][gc,heap     ] GC(70) Old regions: 19->20
[2025-12-24T12:53:27.521+0000][gc,heap     ] GC(70) Humongous regions: 20->20
[2025-12-24T12:53:27.521+0000][gc,metaspace] GC(70) Metaspace: 12230K(12672K)->12230K(12672K) NonClass: 11134K(11328K)->11134K(11328K) Class: 1095K(1344K)->1095K(1344K)
[2025-12-24T12:53:27.521+0000][gc          ] GC(70) Pause Young (Normal) (G1 Evacuation Pause) 652M->49M(1024M) 16.878ms
[2025-12-24T12:53:27.521+0000][gc,cpu      ] GC(70) User=0.10s Sys=0.00s Real=0.02s
[2025-12-24T12:54:27.270+0000][gc,start    ] GC(71) Pause Young (Normal) (G1 Evacuation Pause)
[2025-12-24T12:54:27.271+0000][gc,task     ] GC(71) Using 8 workers of 8 for evacuation
[2025-12-24T12:54:27.290+0000][gc,phases   ] GC(71)   Pre Evacuate Collection Set: 1.8ms
[2025-12-24T12:54:27.290+0000][gc,phases   ] GC(71)   Merge Heap Roots: 0.4ms
[2025-12-24T12:54:27.290+0000][gc,phases   ] GC(71)   Evacuate Collection Set: 13.8ms
[2025-12-24T12:54:27.290+0000][gc,phases   ] GC(71)   Post Evacuate Collection Set: 1.7ms
[2025-12-24T12:54:27.290+0000][gc,phases   ] GC(71)   Other: 0.6ms
[2025-12-24T12:54:27.290+0000][gc,heap     ] GC(71) Eden regions: 603->0(604)
[2025-12-24T12:54:27.290+0000][gc,heap     ] GC(71) Survivor regions: 11->10(77)
[2025-12-24T12:54:27.290+0000][gc,heap     ] GC(71) Old regions: 20->20
[2025-12-24T12:54:27.290+0000][gc,heap     ] GC(71) Humongous regions: 20->20
[2025-12-24T12:54:27.291+0000][gc,metaspace] GC(71) Metaspace: 12231K(12672K)->12231K(12672K) NonClass: 11135K(11328K)->11135K(11328K) Class: 1095K(1344K)->1095K(1344K)
[2025-12-24T12:54:27.291+0000][gc          ] GC(71) Pause Young (Normal) (G1 Evacuation Pause) 652M->48M(1024M) 21.097ms
[2025-12-24T12:54:27.291+0000][gc,cpu      ] GC(71) User=0.11s Sys=0.01s Real=0.03s
[2025-12-24T12:55:17.470+0000][gc,start    ] GC(72) Pause Young (Normal) (G1 Evacuation Pause)
[2025-12-24T12:55:17.471+0000][gc,task     ] GC(72) Using 8 workers of 8 for evacuation
[2025-12-24T12:55:17.492+0000][gc,phases   ] GC(72)   Pre Evacuate Collection Set: 1.1ms
[2025-12-24T12:55:17.492+0000][gc,phases   ] GC(72)   Merge Heap Roots: 0.2ms
[2025-12-24T12:55:17.492+0000][gc,phases   ] GC(72)   Evacuate Collection Set: 17.9ms
[2025-12-24T12:55:17.492+0000][gc,phases   ] GC(72)   Post Evacuate Collection Set: 1.5ms
[2025-12-24T12:55:17.492+0000][gc,phases   ] GC(72)   Other: 0.3ms
[2025-12-24T12:55:17.492+0000][gc,heap     ] GC(72) Eden regions: 604->0(604)
[2025-12-24T12:55:17.492+0000][gc,heap     ] GC(72) Survivor regions: 10->10(77)
[2025-12-24T12:55:17.492+0000][gc,heap     ] GC(72) Old regions: 20->20
[2025-12-24T12:55:17.492+0000][gc,heap     ] GC(72) Humongous regions: 20->20
[2025-12-24T12:55:17.493+0000][gc,metaspace] GC(72) Metaspace: 12231K(12672K)->12231K(12672K) NonClass: 11135K(11328K)->11135K(11328K) Class: 1095K(1344K)->1095K(1344K)
[2025-12-24T12:55:17.493+0000][gc          ] GC(72) Pause Young (Normal) (G1 Evacuation Pause) 652M->49M(1024M) 22.968ms
[2025-12-24T12:55:17.493+0000][gc,cpu      ] GC(72) User=0.15s Sys=0.00s Real=0.03s
[2025-12-24T12:56:07.561+0000][gc,start    ] GC(73) Pause Young (Normal) (G1 Evacuation Pause)
[2025-12-24T12:56:07.561+0000][gc,task     ] GC(73) Using 8 workers of 8 for evacuation
[2025-12-24T12:56:07.580+0000][gc,phases   ] GC(73)   Pre Evacuate Collection Set: 1.8ms
[2025-12-24T12:56:07.580+0000][gc,phases   ] GC(73)   Merge Heap Roots: 0.4ms
[2025-12-24T12:56:07.580+0000][gc,phases   ] GC(73)   Evacuate Collection Set: 12.2ms
[2025-12-24T12:56:07.580+0000][gc,phases   ] GC(73)   Post Evacuate Collection Set: 4.3ms
[2025-12-24T12:56:07.580+0000][gc,phases   ] GC(73)   Other: 0.3ms
[2025-12-24T12:56:07.580+0000][gc,heap     ] GC(73) Eden regions: 604->0(604)
[2025-12-24T12:56:07.580+0000][gc,heap     ] GC(73) Survivor regions: 10->10(77)
[2025-12-24T12:56:07.581+0000][gc,heap     ] GC(73) Old regions: 20->21
[2025-12-24T12:56:07.581+0000][gc,heap     ] GC(73) Humongous regions: 20->20
[2025-12-24T12:56:07.581+0000][gc,metaspace] GC(73) Metaspace: 12231K(12672K)->12231K(12672K) NonClass: 11135K(11328K)->11135K(11328K) Class: 1095K(1344K)->1095K(1344K)
[2025-12-24T12:56:07.581+0000][gc          ] GC(73) Pause Young (Normal) (G1 Evacuation Pause) 653M->50M(1024M) 20.044ms
[2025-12-24T12:56:07.581+0000][gc,cpu      ] GC(73) User=0.12s Sys=0.00s Real=0.02s
[2025-12-24T12:57:07.383+0000][gc,start    ] GC(74) Pause Young (Normal) (G1 Evacuation Pause)
[2025-12-24T12:57:07.384+0000][gc,task     ] GC(74) Using 8 workers of 8 for evacuation
[2025-12-24T12:57:07.396+0000][gc,phases   ] GC(74)   Pre Evacuate Collection Set: 1.4ms
[2025-12-24T12:57:07.396+0000][gc,phases   ] GC(74)   Merge Heap Roots: 0.2ms
[2025-12-24T12:57:07.396+0000][gc,phases   ] GC(74)   Evacuate Collection Set: 9.0ms
[2025-12-24T12:57:07.396+0000][gc,phases   ] GC(74)   Post Evacuate Collection Set: 1.0ms
[2025-12-24T12:57:07.396+0000][gc,phases   ] GC(74)   Other: 0.3ms
[2025-12-24T12:57:07.396+0000][gc,heap     ] GC(74) Eden regions: 604->0(606)
[2025-12-24T12:57:07.396+0000][gc,heap     ] GC(74) Survivor regions: 10->8(77)
[2025-12-24T12:57:07.396+0000][gc,heap     ] GC(74) Old regions: 21->22
[2025-12-24T12:57:07.396+0000][gc,heap     ] GC(74) Humongous regions: 20->20
[2025-12-24T12:57:07.396+0000][gc,metaspace] GC(74) Metaspace: 12232K(12672K)->12232K(12672K) NonClass: 11136K(11328K)->11136K(11328K) Class: 1095K(1344K)->1095K(1344K)
[2025-12-24T12:57:07.396+0000][gc          ] GC(74) Pause Young (Normal) (G1 Evacuation Pause) 654M->49M(1024M) 13.033ms
[2025-12-24T12:57:07.396+0000][gc,cpu      ] GC(74) User=0.07s Sys=0.00s Real=0.01s
[2025-12-24T12:57:57.510+0000][gc,start    ] GC(75) Pause Young (Normal) (G1 Evacuation Pause)
[2025-12-24T12:57:57.511+0000][gc,task     ] GC(75) Using 8 workers of 8 for evacuation
[2025-12-24T12:57:57.523+0000][gc,phases   ] GC(75)   Pre Evacuate Collection Set: 1.0ms
[2025-12-24T12:57:57.524+0000][gc,phases   ] GC(75)   Merge Heap Roots: 0.2ms
[2025-12-24T12:57:57.524+0000][gc,phases   ] GC(75)   Evacuate Collection Set: 10.4ms
[2025-12-24T12:57:57.524+0000][gc,phases   ] GC(75)   Post Evacuate Collection Set: 1.0ms
[2025-12-24T12:57:57.524+0000][gc,phases   ] GC(75)   Other: 0.3ms
[2025-12-24T12:57:57.524+0000][gc,heap     ] GC(75) Eden regions: 606->0(606)
[2025-12-24T12:57:57.524+0000][gc,heap     ] GC(75) Survivor regions: 8->8(77)
[2025-12-24T12:57:57.524+0000][gc,heap     ] GC(75) Old regions: 22->23
[2025-12-24T12:57:57.524+0000][gc,heap     ] GC(75) Humongous regions: 20->20
[2025-12-24T12:57:57.524+0000][gc,metaspace] GC(75) Metaspace: 12232K(12672K)->12232K(12672K) NonClass: 11136K(11328K)->11136K(11328K) Class: 1095K(1344K)->1095K(1344K)
[2025-12-24T12:57:57.524+0000][gc          ] GC(75) Pause Young (Normal) (G1 Evacuation Pause) 655M->49M(1024M) 14.652ms
[2025-12-24T12:57:57.524+0000][gc,cpu      ] GC(75) User=0.08s Sys=0.00s Real=0.01s
[2025-12-24T12:58:57.359+0000][gc,start    ] GC(76) Pause Young (Normal) (G1 Evacuation Pause)
[2025-12-24T12:58:57.359+0000][gc,task     ] GC(76) Using 8 workers of 8 for evacuation
[2025-12-24T12:58:57.384+0000][gc,phases   ] GC(76)   Pre Evacuate Collection Set: 1.6ms
[2025-12-24T12:58:57.384+0000][gc,phases   ] GC(76)   Merge Heap Roots: 0.4ms
[2025-12-24T12:58:57.384+0000][gc,phases   ] GC(76)   Evacuate Collection Set: 20.3ms
[2025-12-24T12:58:57.384+0000][gc,phases   ] GC(76)   Post Evacuate Collection Set: 1.5ms
[2025-12-24T12:58:57.384+0000][gc,phases   ] GC(76)   Other: 0.3ms
[2025-12-24T12:58:57.384+0000][gc,heap     ] GC(76) Eden regions: 606->0(608)
[2025-12-24T12:58:57.384+0000][gc,heap     ] GC(76) Survivor regions: 8->6(77)
[2025-12-24T12:58:57.384+0000][gc,heap     ] GC(76) Old regions: 23->24
[2025-12-24T12:58:57.384+0000][gc,heap     ] GC(76) Humongous regions: 20->20
[2025-12-24T12:58:57.384+0000][gc,metaspace] GC(76) Metaspace: 12233K(12672K)->12233K(12672K) NonClass: 11137K(11328K)->11137K(11328K) Class: 1095K(1344K)->1095K(1344K)
[2025-12-24T12:58:57.384+0000][gc          ] GC(76) Pause Young (Normal) (G1 Evacuation Pause) 655M->49M(1024M) 25.451ms
[2025-12-24T12:58:57.384+0000][gc,cpu      ] GC(76) User=0.14s Sys=0.02s Real=0.02s
[2025-12-24T12:59:47.485+0000][gc,start    ] GC(77) Pause Young (Normal) (G1 Evacuation Pause)
[2025-12-24T12:59:47.487+0000][gc,task     ] GC(77) Using 8 workers of 8 for evacuation
[2025-12-24T12:59:47.497+0000][gc,phases   ] GC(77)   Pre Evacuate Collection Set: 1.1ms
[2025-12-24T12:59:47.497+0000][gc,phases   ] GC(77)   Merge Heap Roots: 0.3ms
[2025-12-24T12:59:47.497+0000][gc,phases   ] GC(77)   Evacuate Collection Set: 7.7ms
[2025-12-24T12:59:47.497+0000][gc,phases   ] GC(77)   Post Evacuate Collection Set: 1.4ms
[2025-12-24T12:59:47.497+0000][gc,phases   ] GC(77)   Other: 0.3ms
[2025-12-24T12:59:47.497+0000][gc,heap     ] GC(77) Eden regions: 608->0(608)
[2025-12-24T12:59:47.498+0000][gc,heap     ] GC(77) Survivor regions: 6->6(77)
[2025-12-24T12:59:47.498+0000][gc,heap     ] GC(77) Old regions: 24->25
[2025-12-24T12:59:47.498+0000][gc,heap     ] GC(77) Humongous regions: 20->20
[2025-12-24T12:59:47.498+0000][gc,metaspace] GC(77) Metaspace: 12233K(12672K)->12233K(12672K) NonClass: 11137K(11328K)->11137K(11328K) Class: 1095K(1344K)->1095K(1344K)
[2025-12-24T12:59:47.498+0000][gc          ] GC(77) Pause Young (Normal) (G1 Evacuation Pause) 657M->49M(1024M) 12.617ms
[2025-12-24T12:59:47.498+0000][gc,cpu      ] GC(77) User=0.07s Sys=0.00s Real=0.02s
[2025-12-24T13:00:47.267+0000][gc,start    ] GC(78) Pause Young (Normal) (G1 Evacuation Pause)
[2025-12-24T13:00:47.267+0000][gc,task     ] GC(78) Using 8 workers of 8 for evacuation
[2025-12-24T13:00:47.288+0000][gc,phases   ] GC(78)   Pre Evacuate Collection Set: 1.0ms
[2025-12-24T13:00:47.288+0000][gc,phases   ] GC(78)   Merge Heap Roots: 0.3ms
[2025-12-24T13:00:47.288+0000][gc,phases   ] GC(78)   Evacuate Collection Set: 17.9ms
[2025-12-24T13:00:47.288+0000][gc,phases   ] GC(78)   Post Evacuate Collection Set: 1.2ms
[2025-12-24T13:00:47.288+0000][gc,phases   ] GC(78)   Other: 0.3ms
[2025-12-24T13:00:47.288+0000][gc,heap     ] GC(78) Eden regions: 608->0(610)
[2025-12-24T13:00:47.288+0000][gc,heap     ] GC(78) Survivor regions: 6->4(77)
[2025-12-24T13:00:47.288+0000][gc,heap     ] GC(78) Old regions: 25->26
[2025-12-24T13:00:47.289+0000][gc,heap     ] GC(78) Humongous regions: 20->20
[2025-12-24T13:00:47.289+0000][gc,metaspace] GC(78) Metaspace: 12234K(12672K)->12234K(12672K) NonClass: 11138K(11328K)->11138K(11328K) Class: 1095K(1344K)->1095K(1344K)
[2025-12-24T13:00:47.289+0000][gc          ] GC(78) Pause Young (Normal) (G1 Evacuation Pause) 657M->49M(1024M) 22.183ms
[2025-12-24T13:00:47.289+0000][gc,cpu      ] GC(78) User=0.11s Sys=0.04s Real=0.03s
[2025-12-24T13:01:37.456+0000][gc,start    ] GC(79) Pause Young (Normal) (G1 Evacuation Pause)
[2025-12-24T13:01:37.457+0000][gc,task     ] GC(79) Using 8 workers of 8 for evacuation
[2025-12-24T13:01:37.471+0000][gc,phases   ] GC(79)   Pre Evacuate Collection Set: 2.9ms
[2025-12-24T13:01:37.472+0000][gc,phases   ] GC(79)   Merge Heap Roots: 0.6ms
[2025-12-24T13:01:37.472+0000][gc,phases   ] GC(79)   Evacuate Collection Set: 8.8ms
[2025-12-24T13:01:37.472+0000][gc,phases   ] GC(79)   Post Evacuate Collection Set: 1.3ms
[2025-12-24T13:01:37.472+0000][gc,phases   ] GC(79)   Other: 0.3ms
[2025-12-24T13:01:37.472+0000][gc,heap     ] GC(79) Eden regions: 610->0(610)
[2025-12-24T13:01:37.472+0000][gc,heap     ] GC(79) Survivor regions: 4->4(77)
[2025-12-24T13:01:37.472+0000][gc,heap     ] GC(79) Old regions: 26->27
[2025-12-24T13:01:37.472+0000][gc,heap     ] GC(79) Humongous regions: 20->20
[2025-12-24T13:01:37.472+0000][gc,metaspace] GC(79) Metaspace: 12234K(12672K)->12234K(12672K) NonClass: 11139K(11328K)->11139K(11328K) Class: 1095K(1344K)->1095K(1344K)
[2025-12-24T13:01:37.472+0000][gc          ] GC(79) Pause Young (Normal) (G1 Evacuation Pause) 659M->49M(1024M) 16.035ms
[2025-12-24T13:01:37.472+0000][gc,cpu      ] GC(79) User=0.09s Sys=0.00s Real=0.02s
[2025-12-24T13:02:37.263+0000][gc,start    ] GC(80) Pause Young (Normal) (G1 Evacuation Pause)
[2025-12-24T13:02:37.263+0000][gc,task     ] GC(80) Using 8 workers of 8 for evacuation
[2025-12-24T13:02:37.273+0000][gc,phases   ] GC(80)   Pre Evacuate Collection Set: 1.3ms
[2025-12-24T13:02:37.273+0000][gc,phases   ] GC(80)   Merge Heap Roots: 0.3ms
[2025-12-24T13:02:37.273+0000][gc,phases   ] GC(80)   Evacuate Collection Set: 4.7ms
[2025-12-24T13:02:37.273+0000][gc,phases   ] GC(80)   Post Evacuate Collection Set: 2.9ms
[2025-12-24T13:02:37.273+0000][gc,phases   ] GC(80)   Other: 0.4ms
[2025-12-24T13:02:37.273+0000][gc,heap     ] GC(80) Eden regions: 610->0(611)
[2025-12-24T13:02:37.273+0000][gc,heap     ] GC(80) Survivor regions: 4->3(77)
[2025-12-24T13:02:37.274+0000][gc,heap     ] GC(80) Old regions: 27->27
[2025-12-24T13:02:37.274+0000][gc,heap     ] GC(80) Humongous regions: 20->20
[2025-12-24T13:02:37.274+0000][gc,metaspace] GC(80) Metaspace: 12239K(12672K)->12239K(12672K) NonClass: 11144K(11328K)->11144K(11328K) Class: 1095K(1344K)->1095K(1344K)
[2025-12-24T13:02:37.274+0000][gc          ] GC(80) Pause Young (Normal) (G1 Evacuation Pause) 659M->49M(1024M) 11.337ms
[2025-12-24T13:02:37.274+0000][gc,cpu      ] GC(80) User=0.05s Sys=0.00s Real=0.01s
[2025-12-24T13:03:27.440+0000][gc,start    ] GC(81) Pause Young (Normal) (G1 Evacuation Pause)
[2025-12-24T13:03:27.441+0000][gc,task     ] GC(81) Using 8 workers of 8 for evacuation
[2025-12-24T13:03:27.448+0000][gc,phases   ] GC(81)   Pre Evacuate Collection Set: 0.9ms
[2025-12-24T13:03:27.448+0000][gc,phases   ] GC(81)   Merge Heap Roots: 0.2ms
[2025-12-24T13:03:27.448+0000][gc,phases   ] GC(81)   Evacuate Collection Set: 4.6ms
[2025-12-24T13:03:27.448+0000][gc,phases   ] GC(81)   Post Evacuate Collection Set: 1.1ms
[2025-12-24T13:03:27.448+0000][gc,phases   ] GC(81)   Other: 0.3ms
[2025-12-24T13:03:27.448+0000][gc,heap     ] GC(81) Eden regions: 611->0(610)
[2025-12-24T13:03:27.448+0000][gc,heap     ] GC(81) Survivor regions: 3->4(77)
[2025-12-24T13:03:27.449+0000][gc,heap     ] GC(81) Old regions: 27->27
[2025-12-24T13:03:27.449+0000][gc,heap     ] GC(81) Humongous regions: 20->20
[2025-12-24T13:03:27.449+0000][gc,metaspace] GC(81) Metaspace: 12241K(12672K)->12241K(12672K) NonClass: 11145K(11328K)->11145K(11328K) Class: 1095K(1344K)->1095K(1344K)
[2025-12-24T13:03:27.449+0000][gc          ] GC(81) Pause Young (Normal) (G1 Evacuation Pause) 660M->50M(1024M) 8.319ms
[2025-12-24T13:03:27.449+0000][gc,cpu      ] GC(81) User=0.03s Sys=0.00s Real=0.01s
[2025-12-24T13:04:27.228+0000][gc,start    ] GC(82) Pause Young (Normal) (G1 Evacuation Pause)
[2025-12-24T13:04:27.230+0000][gc,task     ] GC(82) Using 8 workers of 8 for evacuation
[2025-12-24T13:04:27.240+0000][gc,phases   ] GC(82)   Pre Evacuate Collection Set: 2.0ms
[2025-12-24T13:04:27.240+0000][gc,phases   ] GC(82)   Merge Heap Roots: 0.3ms
[2025-12-24T13:04:27.240+0000][gc,phases   ] GC(82)   Evacuate Collection Set: 5.7ms
[2025-12-24T13:04:27.240+0000][gc,phases   ] GC(82)   Post Evacuate Collection Set: 2.0ms
[2025-12-24T13:04:27.241+0000][gc,phases   ] GC(82)   Other: 0.5ms
[2025-12-24T13:04:27.241+0000][gc,heap     ] GC(82) Eden regions: 610->0(611)
[2025-12-24T13:04:27.241+0000][gc,heap     ] GC(82) Survivor regions: 4->3(77)
[2025-12-24T13:04:27.241+0000][gc,heap     ] GC(82) Old regions: 27->28
[2025-12-24T13:04:27.241+0000][gc,heap     ] GC(82) Humongous regions: 20->20
[2025-12-24T13:04:27.241+0000][gc,metaspace] GC(82) Metaspace: 12242K(12672K)->12242K(12672K) NonClass: 11146K(11328K)->11146K(11328K) Class: 1095K(1344K)->1095K(1344K)
[2025-12-24T13:04:27.241+0000][gc          ] GC(82) Pause Young (Normal) (G1 Evacuation Pause) 660M->49M(1024M) 13.488ms
[2025-12-24T13:04:27.241+0000][gc,cpu      ] GC(82) User=0.06s Sys=0.01s Real=0.01s
[2025-12-24T13:05:17.416+0000][gc,start    ] GC(83) Pause Young (Normal) (G1 Evacuation Pause)
[2025-12-24T13:05:17.418+0000][gc,task     ] GC(83) Using 8 workers of 8 for evacuation
[2025-12-24T13:05:17.425+0000][gc,phases   ] GC(83)   Pre Evacuate Collection Set: 1.1ms
[2025-12-24T13:05:17.425+0000][gc,phases   ] GC(83)   Merge Heap Roots: 0.2ms
[2025-12-24T13:05:17.425+0000][gc,phases   ] GC(83)   Evacuate Collection Set: 3.7ms
[2025-12-24T13:05:17.425+0000][gc,phases   ] GC(83)   Post Evacuate Collection Set: 1.4ms
[2025-12-24T13:05:17.425+0000][gc,phases   ] GC(83)   Other: 0.4ms
[2025-12-24T13:05:17.425+0000][gc,heap     ] GC(83) Eden regions: 611->0(610)
[2025-12-24T13:05:17.425+0000][gc,heap     ] GC(83) Survivor regions: 3->4(77)
[2025-12-24T13:05:17.425+0000][gc,heap     ] GC(83) Old regions: 28->28
[2025-12-24T13:05:17.425+0000][gc,heap     ] GC(83) Humongous regions: 20->20
[2025-12-24T13:05:17.425+0000][gc,metaspace] GC(83) Metaspace: 12243K(12672K)->12243K(12672K) NonClass: 11148K(11328K)->11148K(11328K) Class: 1095K(1344K)->1095K(1344K)
[2025-12-24T13:05:17.425+0000][gc          ] GC(83) Pause Young (Normal) (G1 Evacuation Pause) 660M->50M(1024M) 8.791ms
[2025-12-24T13:05:17.425+0000][gc,cpu      ] GC(83) User=0.04s Sys=0.00s Real=0.01s
[2025-12-24T13:06:10.217+0000][gc,start    ] GC(84) Pause Young (Normal) (G1 Evacuation Pause)
[2025-12-24T13:06:10.219+0000][gc,task     ] GC(84) Using 8 workers of 8 for evacuation
[2025-12-24T13:06:10.235+0000][gc,phases   ] GC(84)   Pre Evacuate Collection Set: 3.3ms
[2025-12-24T13:06:10.235+0000][gc,phases   ] GC(84)   Merge Heap Roots: 0.5ms
[2025-12-24T13:06:10.235+0000][gc,phases   ] GC(84)   Evacuate Collection Set: 9.8ms
[2025-12-24T13:06:10.235+0000][gc,phases   ] GC(84)   Post Evacuate Collection Set: 1.5ms
[2025-12-24T13:06:10.235+0000][gc,phases   ] GC(84)   Other: 0.9ms
[2025-12-24T13:06:10.235+0000][gc,heap     ] GC(84) Eden regions: 610->0(611)
[2025-12-24T13:06:10.235+0000][gc,heap     ] GC(84) Survivor regions: 4->3(77)
[2025-12-24T13:06:10.235+0000][gc,heap     ] GC(84) Old regions: 28->28
[2025-12-24T13:06:10.235+0000][gc,heap     ] GC(84) Humongous regions: 20->20
[2025-12-24T13:06:10.235+0000][gc,metaspace] GC(84) Metaspace: 12244K(12672K)->12244K(12672K) NonClass: 11148K(11328K)->11148K(11328K) Class: 1095K(1344K)->1095K(1344K)
[2025-12-24T13:06:10.235+0000][gc          ] GC(84) Pause Young (Normal) (G1 Evacuation Pause) 660M->49M(1024M) 17.755ms
[2025-12-24T13:06:10.235+0000][gc,cpu      ] GC(84) User=0.08s Sys=0.01s Real=0.02s
[2025-12-24T13:07:07.420+0000][gc,start    ] GC(85) Pause Young (Normal) (G1 Evacuation Pause)
[2025-12-24T13:07:07.421+0000][gc,task     ] GC(85) Using 8 workers of 8 for evacuation
[2025-12-24T13:07:07.428+0000][gc,phases   ] GC(85)   Pre Evacuate Collection Set: 1.1ms
[2025-12-24T13:07:07.428+0000][gc,phases   ] GC(85)   Merge Heap Roots: 0.2ms
[2025-12-24T13:07:07.428+0000][gc,phases   ] GC(85)   Evacuate Collection Set: 4.3ms
[2025-12-24T13:07:07.428+0000][gc,phases   ] GC(85)   Post Evacuate Collection Set: 1.0ms
[2025-12-24T13:07:07.428+0000][gc,phases   ] GC(85)   Other: 0.3ms
[2025-12-24T13:07:07.428+0000][gc,heap     ] GC(85) Eden regions: 611->0(611)
[2025-12-24T13:07:07.428+0000][gc,heap     ] GC(85) Survivor regions: 3->3(77)
[2025-12-24T13:07:07.428+0000][gc,heap     ] GC(85) Old regions: 28->28
[2025-12-24T13:07:07.428+0000][gc,heap     ] GC(85) Humongous regions: 20->20
[2025-12-24T13:07:07.428+0000][gc,metaspace] GC(85) Metaspace: 12245K(12672K)->12245K(12672K) NonClass: 11149K(11328K)->11149K(11328K) Class: 1095K(1344K)->1095K(1344K)
[2025-12-24T13:07:07.428+0000][gc          ] GC(85) Pause Young (Normal) (G1 Evacuation Pause) 660M->50M(1024M) 8.066ms
[2025-12-24T13:07:07.429+0000][gc,cpu      ] GC(85) User=0.04s Sys=0.00s Real=0.01s
[2025-12-24T13:07:57.544+0000][gc,start    ] GC(86) Pause Young (Normal) (G1 Evacuation Pause)
[2025-12-24T13:07:57.546+0000][gc,task     ] GC(86) Using 8 workers of 8 for evacuation
[2025-12-24T13:07:57.552+0000][gc,phases   ] GC(86)   Pre Evacuate Collection Set: 1.0ms
[2025-12-24T13:07:57.552+0000][gc,phases   ] GC(86)   Merge Heap Roots: 0.2ms
[2025-12-24T13:07:57.552+0000][gc,phases   ] GC(86)   Evacuate Collection Set: 3.4ms
[2025-12-24T13:07:57.552+0000][gc,phases   ] GC(86)   Post Evacuate Collection Set: 1.2ms
[2025-12-24T13:07:57.552+0000][gc,phases   ] GC(86)   Other: 0.3ms
[2025-12-24T13:07:57.552+0000][gc,heap     ] GC(86) Eden regions: 611->0(610)
[2025-12-24T13:07:57.552+0000][gc,heap     ] GC(86) Survivor regions: 3->4(77)
[2025-12-24T13:07:57.552+0000][gc,heap     ] GC(86) Old regions: 28->28
[2025-12-24T13:07:57.552+0000][gc,heap     ] GC(86) Humongous regions: 20->20
[2025-12-24T13:07:57.552+0000][gc,metaspace] GC(86) Metaspace: 12254K(12672K)->12254K(12672K) NonClass: 11158K(11328K)->11158K(11328K) Class: 1095K(1344K)->1095K(1344K)
[2025-12-24T13:07:57.552+0000][gc          ] GC(86) Pause Young (Normal) (G1 Evacuation Pause) 661M->50M(1024M) 8.176ms
[2025-12-24T13:07:57.552+0000][gc,cpu      ] GC(86) User=0.03s Sys=0.01s Real=0.00s
[2025-12-24T13:08:57.423+0000][gc,start    ] GC(87) Pause Young (Normal) (G1 Evacuation Pause)
[2025-12-24T13:08:57.425+0000][gc,task     ] GC(87) Using 8 workers of 8 for evacuation
[2025-12-24T13:08:57.439+0000][gc,phases   ] GC(87)   Pre Evacuate Collection Set: 3.8ms
[2025-12-24T13:08:57.439+0000][gc,phases   ] GC(87)   Merge Heap Roots: 0.4ms
[2025-12-24T13:08:57.439+0000][gc,phases   ] GC(87)   Evacuate Collection Set: 8.6ms
[2025-12-24T13:08:57.439+0000][gc,phases   ] GC(87)   Post Evacuate Collection Set: 1.2ms
[2025-12-24T13:08:57.439+0000][gc,phases   ] GC(87)   Other: 0.3ms
[2025-12-24T13:08:57.439+0000][gc,heap     ] GC(87) Eden regions: 610->0(610)
[2025-12-24T13:08:57.439+0000][gc,heap     ] GC(87) Survivor regions: 4->4(77)
[2025-12-24T13:08:57.439+0000][gc,heap     ] GC(87) Old regions: 28->28
[2025-12-24T13:08:57.439+0000][gc,heap     ] GC(87) Humongous regions: 20->20
[2025-12-24T13:08:57.439+0000][gc,metaspace] GC(87) Metaspace: 12254K(12672K)->12254K(12672K) NonClass: 11158K(11328K)->11158K(11328K) Class: 1095K(1344K)->1095K(1344K)
[2025-12-24T13:08:57.440+0000][gc          ] GC(87) Pause Young (Normal) (G1 Evacuation Pause) 660M->50M(1024M) 16.198ms
[2025-12-24T13:08:57.440+0000][gc,cpu      ] GC(87) User=0.09s Sys=0.00s Real=0.02s
[2025-12-24T13:09:47.576+0000][gc,start    ] GC(88) Pause Young (Normal) (G1 Evacuation Pause)
[2025-12-24T13:09:47.578+0000][gc,task     ] GC(88) Using 8 workers of 8 for evacuation
[2025-12-24T13:09:47.588+0000][gc,phases   ] GC(88)   Pre Evacuate Collection Set: 4.1ms
[2025-12-24T13:09:47.588+0000][gc,phases   ] GC(88)   Merge Heap Roots: 1.2ms
[2025-12-24T13:09:47.588+0000][gc,phases   ] GC(88)   Evacuate Collection Set: 4.0ms
[2025-12-24T13:09:47.588+0000][gc,phases   ] GC(88)   Post Evacuate Collection Set: 1.1ms
[2025-12-24T13:09:47.589+0000][gc,phases   ] GC(88)   Other: 0.4ms
[2025-12-24T13:09:47.589+0000][gc,heap     ] GC(88) Eden regions: 610->0(610)
[2025-12-24T13:09:47.589+0000][gc,heap     ] GC(88) Survivor regions: 4->4(77)
[2025-12-24T13:09:47.589+0000][gc,heap     ] GC(88) Old regions: 28->28
[2025-12-24T13:09:47.589+0000][gc,heap     ] GC(88) Humongous regions: 20->20
[2025-12-24T13:09:47.589+0000][gc,metaspace] GC(88) Metaspace: 12254K(12672K)->12254K(12672K) NonClass: 11159K(11328K)->11159K(11328K) Class: 1095K(1344K)->1095K(1344K)
[2025-12-24T13:09:47.589+0000][gc          ] GC(88) Pause Young (Normal) (G1 Evacuation Pause) 660M->50M(1024M) 12.600ms
[2025-12-24T13:09:47.589+0000][gc,cpu      ] GC(88) User=0.07s Sys=0.01s Real=0.01s
[2025-12-24T13:10:47.370+0000][gc,start    ] GC(89) Pause Young (Normal) (G1 Evacuation Pause)
[2025-12-24T13:10:47.371+0000][gc,task     ] GC(89) Using 8 workers of 8 for evacuation
[2025-12-24T13:10:47.377+0000][gc,phases   ] GC(89)   Pre Evacuate Collection Set: 1.1ms
[2025-12-24T13:10:47.377+0000][gc,phases   ] GC(89)   Merge Heap Roots: 0.2ms
[2025-12-24T13:10:47.378+0000][gc,phases   ] GC(89)   Evacuate Collection Set: 3.6ms
[2025-12-24T13:10:47.378+0000][gc,phases   ] GC(89)   Post Evacuate Collection Set: 1.3ms
[2025-12-24T13:10:47.378+0000][gc,phases   ] GC(89)   Other: 0.4ms
[2025-12-24T13:10:47.378+0000][gc,heap     ] GC(89) Eden regions: 610->0(611)
[2025-12-24T13:10:47.378+0000][gc,heap     ] GC(89) Survivor regions: 4->3(77)
[2025-12-24T13:10:47.378+0000][gc,heap     ] GC(89) Old regions: 28->28
[2025-12-24T13:10:47.378+0000][gc,heap     ] GC(89) Humongous regions: 20->20
[2025-12-24T13:10:47.378+0000][gc,metaspace] GC(89) Metaspace: 12254K(12672K)->12254K(12672K) NonClass: 11159K(11328K)->11159K(11328K) Class: 1095K(1344K)->1095K(1344K)
[2025-12-24T13:10:47.378+0000][gc          ] GC(89) Pause Young (Normal) (G1 Evacuation Pause) 660M->50M(1024M) 8.589ms
[2025-12-24T13:10:47.378+0000][gc,cpu      ] GC(89) User=0.04s Sys=0.00s Real=0.01s
[2025-12-24T13:11:37.388+0000][gc,start    ] GC(90) Pause Young (Normal) (G1 Evacuation Pause)
[2025-12-24T13:11:37.389+0000][gc,task     ] GC(90) Using 8 workers of 8 for evacuation
[2025-12-24T13:11:37.398+0000][gc,phases   ] GC(90)   Pre Evacuate Collection Set: 1.6ms
[2025-12-24T13:11:37.398+0000][gc,phases   ] GC(90)   Merge Heap Roots: 0.2ms
[2025-12-24T13:11:37.398+0000][gc,phases   ] GC(90)   Evacuate Collection Set: 4.8ms
[2025-12-24T13:11:37.398+0000][gc,phases   ] GC(90)   Post Evacuate Collection Set: 1.4ms
[2025-12-24T13:11:37.398+0000][gc,phases   ] GC(90)   Other: 0.5ms
[2025-12-24T13:11:37.398+0000][gc,heap     ] GC(90) Eden regions: 611->0(610)
[2025-12-24T13:11:37.398+0000][gc,heap     ] GC(90) Survivor regions: 3->4(77)
[2025-12-24T13:11:37.398+0000][gc,heap     ] GC(90) Old regions: 28->28
[2025-12-24T13:11:37.398+0000][gc,heap     ] GC(90) Humongous regions: 20->20
[2025-12-24T13:11:37.398+0000][gc,metaspace] GC(90) Metaspace: 12254K(12672K)->12254K(12672K) NonClass: 11159K(11328K)->11159K(11328K) Class: 1095K(1344K)->1095K(1344K)
[2025-12-24T13:11:37.398+0000][gc          ] GC(90) Pause Young (Normal) (G1 Evacuation Pause) 661M->51M(1024M) 10.013ms
[2025-12-24T13:11:37.399+0000][gc,cpu      ] GC(90) User=0.05s Sys=0.00s Real=0.01s
[2025-12-24T13:12:37.216+0000][gc,start    ] GC(91) Pause Young (Normal) (G1 Evacuation Pause)
[2025-12-24T13:12:37.217+0000][gc,task     ] GC(91) Using 8 workers of 8 for evacuation
[2025-12-24T13:12:37.227+0000][gc,phases   ] GC(91)   Pre Evacuate Collection Set: 1.2ms
[2025-12-24T13:12:37.227+0000][gc,phases   ] GC(91)   Merge Heap Roots: 0.2ms
[2025-12-24T13:12:37.227+0000][gc,phases   ] GC(91)   Evacuate Collection Set: 7.3ms
[2025-12-24T13:12:37.227+0000][gc,phases   ] GC(91)   Post Evacuate Collection Set: 1.5ms
[2025-12-24T13:12:37.227+0000][gc,phases   ] GC(91)   Other: 0.3ms
[2025-12-24T13:12:37.227+0000][gc,heap     ] GC(91) Eden regions: 610->0(610)
[2025-12-24T13:12:37.227+0000][gc,heap     ] GC(91) Survivor regions: 4->4(77)
[2025-12-24T13:12:37.228+0000][gc,heap     ] GC(91) Old regions: 28->28
[2025-12-24T13:12:37.228+0000][gc,heap     ] GC(91) Humongous regions: 20->20
[2025-12-24T13:12:37.228+0000][gc,metaspace] GC(91) Metaspace: 12258K(12672K)->12258K(12672K) NonClass: 11162K(11328K)->11162K(11328K) Class: 1095K(1344K)->1095K(1344K)
[2025-12-24T13:12:37.228+0000][gc          ] GC(91) Pause Young (Normal) (G1 Evacuation Pause) 661M->50M(1024M) 11.629ms
[2025-12-24T13:12:37.228+0000][gc,cpu      ] GC(91) User=0.06s Sys=0.00s Real=0.02s
[2025-12-24T13:13:27.362+0000][gc,start    ] GC(92) Pause Young (Normal) (G1 Evacuation Pause)
[2025-12-24T13:13:27.363+0000][gc,task     ] GC(92) Using 8 workers of 8 for evacuation
[2025-12-24T13:13:27.381+0000][gc,phases   ] GC(92)   Pre Evacuate Collection Set: 1.1ms
[2025-12-24T13:13:27.381+0000][gc,phases   ] GC(92)   Merge Heap Roots: 0.2ms
[2025-12-24T13:13:27.381+0000][gc,phases   ] GC(92)   Evacuate Collection Set: 15.0ms
[2025-12-24T13:13:27.381+0000][gc,phases   ] GC(92)   Post Evacuate Collection Set: 1.1ms
[2025-12-24T13:13:27.381+0000][gc,phases   ] GC(92)   Other: 0.4ms
[2025-12-24T13:13:27.381+0000][gc,heap     ] GC(92) Eden regions: 610->0(610)
[2025-12-24T13:13:27.381+0000][gc,heap     ] GC(92) Survivor regions: 4->4(77)
[2025-12-24T13:13:27.381+0000][gc,heap     ] GC(92) Old regions: 28->28
[2025-12-24T13:13:27.381+0000][gc,heap     ] GC(92) Humongous regions: 20->20
[2025-12-24T13:13:27.381+0000][gc,metaspace] GC(92) Metaspace: 12375K(12800K)->12375K(12800K) NonClass: 11279K(11456K)->11279K(11456K) Class: 1095K(1344K)->1095K(1344K)
[2025-12-24T13:13:27.382+0000][gc          ] GC(92) Pause Young (Normal) (G1 Evacuation Pause) 660M->51M(1024M) 19.309ms
[2025-12-24T13:13:27.382+0000][gc,cpu      ] GC(92) User=0.09s Sys=0.00s Real=0.02s
[2025-12-24T13:14:27.186+0000][gc,start    ] GC(93) Pause Young (Normal) (G1 Evacuation Pause)
[2025-12-24T13:14:27.187+0000][gc,task     ] GC(93) Using 8 workers of 8 for evacuation
[2025-12-24T13:14:27.193+0000][gc,phases   ] GC(93)   Pre Evacuate Collection Set: 1.0ms
[2025-12-24T13:14:27.193+0000][gc,phases   ] GC(93)   Merge Heap Roots: 0.2ms
[2025-12-24T13:14:27.193+0000][gc,phases   ] GC(93)   Evacuate Collection Set: 3.5ms
[2025-12-24T13:14:27.194+0000][gc,phases   ] GC(93)   Post Evacuate Collection Set: 1.4ms
[2025-12-24T13:14:27.194+0000][gc,phases   ] GC(93)   Other: 0.3ms
[2025-12-24T13:14:27.194+0000][gc,heap     ] GC(93) Eden regions: 610->0(611)
[2025-12-24T13:14:27.194+0000][gc,heap     ] GC(93) Survivor regions: 4->3(77)
[2025-12-24T13:14:27.194+0000][gc,heap     ] GC(93) Old regions: 28->28
[2025-12-24T13:14:27.194+0000][gc,heap     ] GC(93) Humongous regions: 20->20
[2025-12-24T13:14:27.194+0000][gc,metaspace] GC(93) Metaspace: 12382K(12800K)->12382K(12800K) NonClass: 11286K(11456K)->11286K(11456K) Class: 1095K(1344K)->1095K(1344K)
[2025-12-24T13:14:27.194+0000][gc          ] GC(93) Pause Young (Normal) (G1 Evacuation Pause) 661M->50M(1024M) 7.751ms
[2025-12-24T13:14:27.194+0000][gc,cpu      ] GC(93) User=0.03s Sys=0.00s Real=0.01s
[2025-12-24T13:15:17.349+0000][gc,start    ] GC(94) Pause Young (Normal) (G1 Evacuation Pause)
[2025-12-24T13:15:17.350+0000][gc,task     ] GC(94) Using 8 workers of 8 for evacuation
[2025-12-24T13:15:17.356+0000][gc,phases   ] GC(94)   Pre Evacuate Collection Set: 1.0ms
[2025-12-24T13:15:17.356+0000][gc,phases   ] GC(94)   Merge Heap Roots: 0.2ms
[2025-12-24T13:15:17.356+0000][gc,phases   ] GC(94)   Evacuate Collection Set: 3.1ms
[2025-12-24T13:15:17.356+0000][gc,phases   ] GC(94)   Post Evacuate Collection Set: 1.5ms
[2025-12-24T13:15:17.356+0000][gc,phases   ] GC(94)   Other: 0.2ms
[2025-12-24T13:15:17.356+0000][gc,heap     ] GC(94) Eden regions: 611->0(610)
[2025-12-24T13:15:17.356+0000][gc,heap     ] GC(94) Survivor regions: 3->4(77)
[2025-12-24T13:15:17.356+0000][gc,heap     ] GC(94) Old regions: 28->28
[2025-12-24T13:15:17.356+0000][gc,heap     ] GC(94) Humongous regions: 20->20
[2025-12-24T13:15:17.356+0000][gc,metaspace] GC(94) Metaspace: 12382K(12800K)->12382K(12800K) NonClass: 11286K(11456K)->11286K(11456K) Class: 1095K(1344K)->1095K(1344K)
[2025-12-24T13:15:17.357+0000][gc          ] GC(94) Pause Young (Normal) (G1 Evacuation Pause) 661M->51M(1024M) 7.179ms
[2025-12-24T13:15:17.357+0000][gc,cpu      ] GC(94) User=0.03s Sys=0.01s Real=0.01s
[2025-12-24T13:16:17.181+0000][gc,start    ] GC(95) Pause Young (Normal) (G1 Evacuation Pause)
[2025-12-24T13:16:17.184+0000][gc,task     ] GC(95) Using 8 workers of 8 for evacuation
[2025-12-24T13:16:17.192+0000][gc,phases   ] GC(95)   Pre Evacuate Collection Set: 1.4ms
[2025-12-24T13:16:17.192+0000][gc,phases   ] GC(95)   Merge Heap Roots: 0.3ms
[2025-12-24T13:16:17.192+0000][gc,phases   ] GC(95)   Evacuate Collection Set: 4.1ms
[2025-12-24T13:16:17.192+0000][gc,phases   ] GC(95)   Post Evacuate Collection Set: 1.4ms
[2025-12-24T13:16:17.192+0000][gc,phases   ] GC(95)   Other: 1.1ms
[2025-12-24T13:16:17.192+0000][gc,heap     ] GC(95) Eden regions: 610->0(610)
[2025-12-24T13:16:17.192+0000][gc,heap     ] GC(95) Survivor regions: 4->4(77)
[2025-12-24T13:16:17.192+0000][gc,heap     ] GC(95) Old regions: 28->28
[2025-12-24T13:16:17.193+0000][gc,heap     ] GC(95) Humongous regions: 20->20
[2025-12-24T13:16:17.193+0000][gc,metaspace] GC(95) Metaspace: 12382K(12800K)->12382K(12800K) NonClass: 11286K(11456K)->11286K(11456K) Class: 1095K(1344K)->1095K(1344K)
[2025-12-24T13:16:17.193+0000][gc          ] GC(95) Pause Young (Normal) (G1 Evacuation Pause) 661M->50M(1024M) 11.620ms
[2025-12-24T13:16:17.193+0000][gc,cpu      ] GC(95) User=0.04s Sys=0.01s Real=0.01s
[2025-12-24T13:17:07.300+0000][gc,start    ] GC(96) Pause Young (Normal) (G1 Evacuation Pause)
[2025-12-24T13:17:07.301+0000][gc,task     ] GC(96) Using 8 workers of 8 for evacuation
[2025-12-24T13:17:07.312+0000][gc,phases   ] GC(96)   Pre Evacuate Collection Set: 1.1ms
[2025-12-24T13:17:07.312+0000][gc,phases   ] GC(96)   Merge Heap Roots: 0.3ms
[2025-12-24T13:17:07.312+0000][gc,phases   ] GC(96)   Evacuate Collection Set: 4.6ms
[2025-12-24T13:17:07.312+0000][gc,phases   ] GC(96)   Post Evacuate Collection Set: 4.1ms
[2025-12-24T13:17:07.312+0000][gc,phases   ] GC(96)   Other: 0.5ms
[2025-12-24T13:17:07.312+0000][gc,heap     ] GC(96) Eden regions: 610->0(610)
[2025-12-24T13:17:07.312+0000][gc,heap     ] GC(96) Survivor regions: 4->4(77)
[2025-12-24T13:17:07.312+0000][gc,heap     ] GC(96) Old regions: 28->28
[2025-12-24T13:17:07.312+0000][gc,heap     ] GC(96) Humongous regions: 20->20
[2025-12-24T13:17:07.312+0000][gc,metaspace] GC(96) Metaspace: 12382K(12800K)->12382K(12800K) NonClass: 11286K(11456K)->11286K(11456K) Class: 1095K(1344K)->1095K(1344K)
[2025-12-24T13:17:07.312+0000][gc          ] GC(96) Pause Young (Normal) (G1 Evacuation Pause) 660M->51M(1024M) 12.368ms
[2025-12-24T13:17:07.312+0000][gc,cpu      ] GC(96) User=0.04s Sys=0.00s Real=0.01s
[2025-12-24T13:18:07.144+0000][gc,start    ] GC(97) Pause Young (Normal) (G1 Evacuation Pause)
[2025-12-24T13:18:07.145+0000][gc,task     ] GC(97) Using 8 workers of 8 for evacuation
[2025-12-24T13:18:07.150+0000][gc,phases   ] GC(97)   Pre Evacuate Collection Set: 1.0ms
[2025-12-24T13:18:07.150+0000][gc,phases   ] GC(97)   Merge Heap Roots: 0.2ms
[2025-12-24T13:18:07.150+0000][gc,phases   ] GC(97)   Evacuate Collection Set: 3.1ms
[2025-12-24T13:18:07.150+0000][gc,phases   ] GC(97)   Post Evacuate Collection Set: 1.0ms
[2025-12-24T13:18:07.151+0000][gc,phases   ] GC(97)   Other: 0.3ms
[2025-12-24T13:18:07.151+0000][gc,heap     ] GC(97) Eden regions: 610->0(611)
[2025-12-24T13:18:07.151+0000][gc,heap     ] GC(97) Survivor regions: 4->3(77)
[2025-12-24T13:18:07.151+0000][gc,heap     ] GC(97) Old regions: 28->28
[2025-12-24T13:18:07.151+0000][gc,heap     ] GC(97) Humongous regions: 20->20
[2025-12-24T13:18:07.151+0000][gc,metaspace] GC(97) Metaspace: 12382K(12800K)->12382K(12800K) NonClass: 11286K(11456K)->11286K(11456K) Class: 1095K(1344K)->1095K(1344K)
[2025-12-24T13:18:07.151+0000][gc          ] GC(97) Pause Young (Normal) (G1 Evacuation Pause) 661M->50M(1024M) 6.793ms
[2025-12-24T13:18:07.151+0000][gc,cpu      ] GC(97) User=0.03s Sys=0.00s Real=0.01s
[2025-12-24T13:18:57.320+0000][gc,start    ] GC(98) Pause Young (Normal) (G1 Evacuation Pause)
[2025-12-24T13:18:57.321+0000][gc,task     ] GC(98) Using 8 workers of 8 for evacuation
[2025-12-24T13:18:57.327+0000][gc,phases   ] GC(98)   Pre Evacuate Collection Set: 1.0ms
[2025-12-24T13:18:57.327+0000][gc,phases   ] GC(98)   Merge Heap Roots: 0.2ms
[2025-12-24T13:18:57.327+0000][gc,phases   ] GC(98)   Evacuate Collection Set: 3.6ms
[2025-12-24T13:18:57.327+0000][gc,phases   ] GC(98)   Post Evacuate Collection Set: 1.0ms
[2025-12-24T13:18:57.327+0000][gc,phases   ] GC(98)   Other: 0.2ms
[2025-12-24T13:18:57.327+0000][gc,heap     ] GC(98) Eden regions: 611->0(610)
[2025-12-24T13:18:57.327+0000][gc,heap     ] GC(98) Survivor regions: 3->4(77)
[2025-12-24T13:18:57.327+0000][gc,heap     ] GC(98) Old regions: 28->28
[2025-12-24T13:18:57.327+0000][gc,heap     ] GC(98) Humongous regions: 20->20
[2025-12-24T13:18:57.327+0000][gc,metaspace] GC(98) Metaspace: 12382K(12800K)->12382K(12800K) NonClass: 11287K(11456K)->11287K(11456K) Class: 1095K(1344K)->1095K(1344K)
[2025-12-24T13:18:57.327+0000][gc          ] GC(98) Pause Young (Normal) (G1 Evacuation Pause) 661M->51M(1024M) 7.007ms
[2025-12-24T13:18:57.328+0000][gc,cpu      ] GC(98) User=0.03s Sys=0.00s Real=0.01s
[2025-12-24T13:19:57.119+0000][gc,start    ] GC(99) Pause Young (Normal) (G1 Evacuation Pause)
[2025-12-24T13:19:57.120+0000][gc,task     ] GC(99) Using 8 workers of 8 for evacuation
[2025-12-24T13:19:57.131+0000][gc,phases   ] GC(99)   Pre Evacuate Collection Set: 1.1ms
[2025-12-24T13:19:57.132+0000][gc,phases   ] GC(99)   Merge Heap Roots: 0.3ms
[2025-12-24T13:19:57.132+0000][gc,phases   ] GC(99)   Evacuate Collection Set: 8.0ms
[2025-12-24T13:19:57.132+0000][gc,phases   ] GC(99)   Post Evacuate Collection Set: 1.5ms
[2025-12-24T13:19:57.132+0000][gc,phases   ] GC(99)   Other: 0.4ms
[2025-12-24T13:19:57.132+0000][gc,heap     ] GC(99) Eden regions: 610->0(611)
[2025-12-24T13:19:57.132+0000][gc,heap     ] GC(99) Survivor regions: 4->3(77)
[2025-12-24T13:19:57.132+0000][gc,heap     ] GC(99) Old regions: 28->28
[2025-12-24T13:19:57.132+0000][gc,heap     ] GC(99) Humongous regions: 20->20
[2025-12-24T13:19:57.132+0000][gc,metaspace] GC(99) Metaspace: 12386K(12800K)->12386K(12800K) NonClass: 11290K(11456K)->11290K(11456K) Class: 1095K(1344K)->1095K(1344K)
[2025-12-24T13:19:57.132+0000][gc          ] GC(99) Pause Young (Normal) (G1 Evacuation Pause) 661M->50M(1024M) 13.145ms
[2025-12-24T13:19:57.132+0000][gc,cpu      ] GC(99) User=0.07s Sys=0.00s Real=0.01s
[2025-12-24T13:20:47.319+0000][gc,start    ] GC(100) Pause Young (Normal) (G1 Evacuation Pause)
[2025-12-24T13:20:47.320+0000][gc,task     ] GC(100) Using 8 workers of 8 for evacuation
[2025-12-24T13:20:47.327+0000][gc,phases   ] GC(100)   Pre Evacuate Collection Set: 1.1ms
[2025-12-24T13:20:47.327+0000][gc,phases   ] GC(100)   Merge Heap Roots: 0.2ms
[2025-12-24T13:20:47.327+0000][gc,phases   ] GC(100)   Evacuate Collection Set: 3.7ms
[2025-12-24T13:20:47.327+0000][gc,phases   ] GC(100)   Post Evacuate Collection Set: 1.3ms
[2025-12-24T13:20:47.327+0000][gc,phases   ] GC(100)   Other: 0.2ms
[2025-12-24T13:20:47.327+0000][gc,heap     ] GC(100) Eden regions: 611->0(610)
[2025-12-24T13:20:47.327+0000][gc,heap     ] GC(100) Survivor regions: 3->4(77)
[2025-12-24T13:20:47.327+0000][gc,heap     ] GC(100) Old regions: 28->29
[2025-12-24T13:20:47.327+0000][gc,heap     ] GC(100) Humongous regions: 20->20
[2025-12-24T13:20:47.327+0000][gc,metaspace] GC(100) Metaspace: 12390K(12800K)->12390K(12800K) NonClass: 11294K(11456K)->11294K(11456K) Class: 1095K(1344K)->1095K(1344K)
[2025-12-24T13:20:47.328+0000][gc          ] GC(100) Pause Young (Normal) (G1 Evacuation Pause) 661M->51M(1024M) 8.234ms
[2025-12-24T13:20:47.328+0000][gc,cpu      ] GC(100) User=0.03s Sys=0.00s Real=0.01s
[2025-12-24T13:21:47.128+0000][gc,start    ] GC(101) Pause Young (Normal) (G1 Evacuation Pause)
[2025-12-24T13:21:47.129+0000][gc,task     ] GC(101) Using 8 workers of 8 for evacuation
[2025-12-24T13:21:47.136+0000][gc,phases   ] GC(101)   Pre Evacuate Collection Set: 1.2ms
[2025-12-24T13:21:47.136+0000][gc,phases   ] GC(101)   Merge Heap Roots: 0.3ms
[2025-12-24T13:21:47.136+0000][gc,phases   ] GC(101)   Evacuate Collection Set: 4.1ms
[2025-12-24T13:21:47.136+0000][gc,phases   ] GC(101)   Post Evacuate Collection Set: 1.4ms
[2025-12-24T13:21:47.136+0000][gc,phases   ] GC(101)   Other: 0.4ms
[2025-12-24T13:21:47.136+0000][gc,heap     ] GC(101) Eden regions: 610->0(611)
[2025-12-24T13:21:47.136+0000][gc,heap     ] GC(101) Survivor regions: 4->3(77)
[2025-12-24T13:21:47.137+0000][gc,heap     ] GC(101) Old regions: 29->29
[2025-12-24T13:21:47.137+0000][gc,heap     ] GC(101) Humongous regions: 20->20
[2025-12-24T13:21:47.137+0000][gc,metaspace] GC(101) Metaspace: 12394K(12800K)->12394K(12800K) NonClass: 11298K(11456K)->11298K(11456K) Class: 1095K(1344K)->1095K(1344K)
[2025-12-24T13:21:47.137+0000][gc          ] GC(101) Pause Young (Normal) (G1 Evacuation Pause) 661M->50M(1024M) 8.780ms
[2025-12-24T13:21:47.137+0000][gc,cpu      ] GC(101) User=0.04s Sys=0.00s Real=0.01s
[2025-12-24T13:22:37.387+0000][gc,start    ] GC(102) Pause Young (Normal) (G1 Evacuation Pause)
[2025-12-24T13:22:37.388+0000][gc,task     ] GC(102) Using 8 workers of 8 for evacuation
[2025-12-24T13:22:37.400+0000][gc,phases   ] GC(102)   Pre Evacuate Collection Set: 1.5ms
[2025-12-24T13:22:37.400+0000][gc,phases   ] GC(102)   Merge Heap Roots: 0.6ms
[2025-12-24T13:22:37.400+0000][gc,phases   ] GC(102)   Evacuate Collection Set: 8.1ms
[2025-12-24T13:22:37.400+0000][gc,phases   ] GC(102)   Post Evacuate Collection Set: 1.4ms
[2025-12-24T13:22:37.400+0000][gc,phases   ] GC(102)   Other: 0.4ms
[2025-12-24T13:22:37.400+0000][gc,heap     ] GC(102) Eden regions: 611->0(610)
[2025-12-24T13:22:37.401+0000][gc,heap     ] GC(102) Survivor regions: 3->4(77)
[2025-12-24T13:22:37.401+0000][gc,heap     ] GC(102) Old regions: 29->29
[2025-12-24T13:22:37.401+0000][gc,heap     ] GC(102) Humongous regions: 20->20
[2025-12-24T13:22:37.401+0000][gc,metaspace] GC(102) Metaspace: 12394K(12800K)->12394K(12800K) NonClass: 11298K(11456K)->11298K(11456K) Class: 1095K(1344K)->1095K(1344K)
[2025-12-24T13:22:37.401+0000][gc          ] GC(102) Pause Young (Normal) (G1 Evacuation Pause) 661M->51M(1024M) 13.486ms
[2025-12-24T13:22:37.401+0000][gc,cpu      ] GC(102) User=0.08s Sys=0.00s Real=0.02s
[2025-12-24T13:23:37.125+0000][gc,start    ] GC(103) Pause Young (Normal) (G1 Evacuation Pause)
[2025-12-24T13:23:37.126+0000][gc,task     ] GC(103) Using 8 workers of 8 for evacuation
[2025-12-24T13:23:37.137+0000][gc,phases   ] GC(103)   Pre Evacuate Collection Set: 1.1ms
[2025-12-24T13:23:37.137+0000][gc,phases   ] GC(103)   Merge Heap Roots: 0.2ms
[2025-12-24T13:23:37.137+0000][gc,phases   ] GC(103)   Evacuate Collection Set: 6.7ms
[2025-12-24T13:23:37.137+0000][gc,phases   ] GC(103)   Post Evacuate Collection Set: 2.9ms
[2025-12-24T13:23:37.137+0000][gc,phases   ] GC(103)   Other: 0.3ms
[2025-12-24T13:23:37.137+0000][gc,heap     ] GC(103) Eden regions: 610->0(611)
[2025-12-24T13:23:37.138+0000][gc,heap     ] GC(103) Survivor regions: 4->3(77)
[2025-12-24T13:23:37.138+0000][gc,heap     ] GC(103) Old regions: 29->29
[2025-12-24T13:23:37.138+0000][gc,heap     ] GC(103) Humongous regions: 20->20
[2025-12-24T13:23:37.138+0000][gc,metaspace] GC(103) Metaspace: 12394K(12800K)->12394K(12800K) NonClass: 11298K(11456K)->11298K(11456K) Class: 1095K(1344K)->1095K(1344K)
[2025-12-24T13:23:37.138+0000][gc          ] GC(103) Pause Young (Normal) (G1 Evacuation Pause) 661M->51M(1024M) 12.447ms
[2025-12-24T13:23:37.138+0000][gc,cpu      ] GC(103) User=0.07s Sys=0.00s Real=0.02s
[2025-12-24T13:24:27.290+0000][gc,start    ] GC(104) Pause Young (Normal) (G1 Evacuation Pause)
[2025-12-24T13:24:27.291+0000][gc,task     ] GC(104) Using 8 workers of 8 for evacuation
[2025-12-24T13:24:27.305+0000][gc,phases   ] GC(104)   Pre Evacuate Collection Set: 3.6ms
[2025-12-24T13:24:27.305+0000][gc,phases   ] GC(104)   Merge Heap Roots: 0.6ms
[2025-12-24T13:24:27.305+0000][gc,phases   ] GC(104)   Evacuate Collection Set: 7.0ms
[2025-12-24T13:24:27.305+0000][gc,phases   ] GC(104)   Post Evacuate Collection Set: 1.8ms
[2025-12-24T13:24:27.305+0000][gc,phases   ] GC(104)   Other: 0.4ms
[2025-12-24T13:24:27.305+0000][gc,heap     ] GC(104) Eden regions: 611->0(610)
[2025-12-24T13:24:27.305+0000][gc,heap     ] GC(104) Survivor regions: 3->4(77)
[2025-12-24T13:24:27.305+0000][gc,heap     ] GC(104) Old regions: 29->29
[2025-12-24T13:24:27.305+0000][gc,heap     ] GC(104) Humongous regions: 20->20
[2025-12-24T13:24:27.305+0000][gc,metaspace] GC(104) Metaspace: 12394K(12800K)->12394K(12800K) NonClass: 11298K(11456K)->11298K(11456K) Class: 1095K(1344K)->1095K(1344K)
[2025-12-24T13:24:27.306+0000][gc          ] GC(104) Pause Young (Normal) (G1 Evacuation Pause) 662M->51M(1024M) 15.557ms
[2025-12-24T13:24:27.306+0000][gc,cpu      ] GC(104) User=0.07s Sys=0.01s Real=0.02s
[2025-12-24T13:25:27.116+0000][gc,start    ] GC(105) Pause Young (Normal) (G1 Evacuation Pause)
[2025-12-24T13:25:27.117+0000][gc,task     ] GC(105) Using 8 workers of 8 for evacuation
[2025-12-24T13:25:27.124+0000][gc,phases   ] GC(105)   Pre Evacuate Collection Set: 1.2ms
[2025-12-24T13:25:27.124+0000][gc,phases   ] GC(105)   Merge Heap Roots: 0.2ms
[2025-12-24T13:25:27.124+0000][gc,phases   ] GC(105)   Evacuate Collection Set: 4.0ms
[2025-12-24T13:25:27.125+0000][gc,phases   ] GC(105)   Post Evacuate Collection Set: 1.6ms
[2025-12-24T13:25:27.125+0000][gc,phases   ] GC(105)   Other: 0.3ms
[2025-12-24T13:25:27.125+0000][gc,heap     ] GC(105) Eden regions: 610->0(611)
[2025-12-24T13:25:27.125+0000][gc,heap     ] GC(105) Survivor regions: 4->3(77)
[2025-12-24T13:25:27.125+0000][gc,heap     ] GC(105) Old regions: 29->29
[2025-12-24T13:25:27.125+0000][gc,heap     ] GC(105) Humongous regions: 20->20
[2025-12-24T13:25:27.125+0000][gc,metaspace] GC(105) Metaspace: 12394K(12800K)->12394K(12800K) NonClass: 11298K(11456K)->11298K(11456K) Class: 1096K(1344K)->1096K(1344K)
[2025-12-24T13:25:27.125+0000][gc          ] GC(105) Pause Young (Normal) (G1 Evacuation Pause) 661M->51M(1024M) 9.149ms
[2025-12-24T13:25:27.125+0000][gc,cpu      ] GC(105) User=0.03s Sys=0.00s Real=0.01s
[2025-12-24T13:26:17.273+0000][gc,start    ] GC(106) Pause Young (Normal) (G1 Evacuation Pause)
[2025-12-24T13:26:17.274+0000][gc,task     ] GC(106) Using 8 workers of 8 for evacuation
[2025-12-24T13:26:17.281+0000][gc,phases   ] GC(106)   Pre Evacuate Collection Set: 1.1ms
[2025-12-24T13:26:17.281+0000][gc,phases   ] GC(106)   Merge Heap Roots: 0.2ms
[2025-12-24T13:26:17.282+0000][gc,phases   ] GC(106)   Evacuate Collection Set: 3.9ms
[2025-12-24T13:26:17.282+0000][gc,phases   ] GC(106)   Post Evacuate Collection Set: 1.1ms
[2025-12-24T13:26:17.282+0000][gc,phases   ] GC(106)   Other: 0.9ms
[2025-12-24T13:26:17.282+0000][gc,heap     ] GC(106) Eden regions: 611->0(610)
[2025-12-24T13:26:17.282+0000][gc,heap     ] GC(106) Survivor regions: 3->4(77)
[2025-12-24T13:26:17.282+0000][gc,heap     ] GC(106) Old regions: 29->29
[2025-12-24T13:26:17.282+0000][gc,heap     ] GC(106) Humongous regions: 20->20
[2025-12-24T13:26:17.282+0000][gc,metaspace] GC(106) Metaspace: 12394K(12800K)->12394K(12800K) NonClass: 11298K(11456K)->11298K(11456K) Class: 1096K(1344K)->1096K(1344K)
[2025-12-24T13:26:17.282+0000][gc          ] GC(106) Pause Young (Normal) (G1 Evacuation Pause) 662M->51M(1024M) 9.377ms
[2025-12-24T13:26:17.282+0000][gc,cpu      ] GC(106) User=0.03s Sys=0.00s Real=0.01s
[2025-12-24T13:27:17.061+0000][gc,start    ] GC(107) Pause Young (Normal) (G1 Evacuation Pause)
[2025-12-24T13:27:17.061+0000][gc,task     ] GC(107) Using 8 workers of 8 for evacuation
[2025-12-24T13:27:17.082+0000][gc,phases   ] GC(107)   Pre Evacuate Collection Set: 1.2ms
[2025-12-24T13:27:17.082+0000][gc,phases   ] GC(107)   Merge Heap Roots: 0.2ms
[2025-12-24T13:27:17.083+0000][gc,phases   ] GC(107)   Evacuate Collection Set: 17.9ms
[2025-12-24T13:27:17.083+0000][gc,phases   ] GC(107)   Post Evacuate Collection Set: 1.6ms
[2025-12-24T13:27:17.083+0000][gc,phases   ] GC(107)   Other: 0.3ms
[2025-12-24T13:27:17.083+0000][gc,heap     ] GC(107) Eden regions: 610->0(611)
[2025-12-24T13:27:17.083+0000][gc,heap     ] GC(107) Survivor regions: 4->3(77)
[2025-12-24T13:27:17.083+0000][gc,heap     ] GC(107) Old regions: 29->29
[2025-12-24T13:27:17.083+0000][gc,heap     ] GC(107) Humongous regions: 20->20
[2025-12-24T13:27:17.083+0000][gc,metaspace] GC(107) Metaspace: 12394K(12800K)->12394K(12800K) NonClass: 11298K(11456K)->11298K(11456K) Class: 1096K(1344K)->1096K(1344K)
[2025-12-24T13:27:17.083+0000][gc          ] GC(107) Pause Young (Normal) (G1 Evacuation Pause) 661M->51M(1024M) 22.191ms
[2025-12-24T13:27:17.083+0000][gc,cpu      ] GC(107) User=0.14s Sys=0.00s Real=0.02s
[2025-12-24T13:28:07.242+0000][gc,start    ] GC(108) Pause Young (Normal) (G1 Evacuation Pause)
[2025-12-24T13:28:07.242+0000][gc,task     ] GC(108) Using 8 workers of 8 for evacuation
[2025-12-24T13:28:07.250+0000][gc,phases   ] GC(108)   Pre Evacuate Collection Set: 1.0ms
[2025-12-24T13:28:07.250+0000][gc,phases   ] GC(108)   Merge Heap Roots: 0.3ms
[2025-12-24T13:28:07.250+0000][gc,phases   ] GC(108)   Evacuate Collection Set: 4.5ms
[2025-12-24T13:28:07.250+0000][gc,phases   ] GC(108)   Post Evacuate Collection Set: 1.2ms
[2025-12-24T13:28:07.250+0000][gc,phases   ] GC(108)   Other: 0.3ms
[2025-12-24T13:28:07.250+0000][gc,heap     ] GC(108) Eden regions: 611->0(610)
[2025-12-24T13:28:07.250+0000][gc,heap     ] GC(108) Survivor regions: 3->4(77)
[2025-12-24T13:28:07.250+0000][gc,heap     ] GC(108) Old regions: 29->29
[2025-12-24T13:28:07.250+0000][gc,heap     ] GC(108) Humongous regions: 20->20
[2025-12-24T13:28:07.250+0000][gc,metaspace] GC(108) Metaspace: 12394K(12800K)->12394K(12800K) NonClass: 11298K(11456K)->11298K(11456K) Class: 1096K(1344K)->1096K(1344K)
[2025-12-24T13:28:07.250+0000][gc          ] GC(108) Pause Young (Normal) (G1 Evacuation Pause) 662M->52M(1024M) 8.694ms
[2025-12-24T13:28:07.250+0000][gc,cpu      ] GC(108) User=0.04s Sys=0.01s Real=0.01s
[2025-12-24T13:29:07.058+0000][gc,start    ] GC(109) Pause Young (Normal) (G1 Evacuation Pause)
[2025-12-24T13:29:07.059+0000][gc,task     ] GC(109) Using 8 workers of 8 for evacuation
[2025-12-24T13:29:07.073+0000][gc,phases   ] GC(109)   Pre Evacuate Collection Set: 1.4ms
[2025-12-24T13:29:07.073+0000][gc,phases   ] GC(109)   Merge Heap Roots: 0.3ms
[2025-12-24T13:29:07.073+0000][gc,phases   ] GC(109)   Evacuate Collection Set: 5.1ms
[2025-12-24T13:29:07.073+0000][gc,phases   ] GC(109)   Post Evacuate Collection Set: 7.1ms
[2025-12-24T13:29:07.073+0000][gc,phases   ] GC(109)   Other: 0.3ms
[2025-12-24T13:29:07.073+0000][gc,heap     ] GC(109) Eden regions: 610->0(611)
[2025-12-24T13:29:07.073+0000][gc,heap     ] GC(109) Survivor regions: 4->3(77)
[2025-12-24T13:29:07.073+0000][gc,heap     ] GC(109) Old regions: 29->29
[2025-12-24T13:29:07.073+0000][gc,heap     ] GC(109) Humongous regions: 20->20
[2025-12-24T13:29:07.073+0000][gc,metaspace] GC(109) Metaspace: 12394K(12800K)->12394K(12800K) NonClass: 11298K(11456K)->11298K(11456K) Class: 1096K(1344K)->1096K(1344K)
[2025-12-24T13:29:07.074+0000][gc          ] GC(109) Pause Young (Normal) (G1 Evacuation Pause) 662M->51M(1024M) 15.748ms
[2025-12-24T13:29:07.074+0000][gc,cpu      ] GC(109) User=0.08s Sys=0.00s Real=0.02s
[2025-12-24T13:29:57.238+0000][gc,start    ] GC(110) Pause Young (Normal) (G1 Evacuation Pause)
[2025-12-24T13:29:57.239+0000][gc,task     ] GC(110) Using 8 workers of 8 for evacuation
[2025-12-24T13:29:57.246+0000][gc,phases   ] GC(110)   Pre Evacuate Collection Set: 1.1ms
[2025-12-24T13:29:57.246+0000][gc,phases   ] GC(110)   Merge Heap Roots: 0.3ms
[2025-12-24T13:29:57.246+0000][gc,phases   ] GC(110)   Evacuate Collection Set: 4.2ms
[2025-12-24T13:29:57.246+0000][gc,phases   ] GC(110)   Post Evacuate Collection Set: 1.4ms
[2025-12-24T13:29:57.246+0000][gc,phases   ] GC(110)   Other: 0.4ms
[2025-12-24T13:29:57.247+0000][gc,heap     ] GC(110) Eden regions: 611->0(610)
[2025-12-24T13:29:57.247+0000][gc,heap     ] GC(110) Survivor regions: 3->4(77)
[2025-12-24T13:29:57.247+0000][gc,heap     ] GC(110) Old regions: 29->29
[2025-12-24T13:29:57.247+0000][gc,heap     ] GC(110) Humongous regions: 20->20
[2025-12-24T13:29:57.247+0000][gc,metaspace] GC(110) Metaspace: 12394K(12800K)->12394K(12800K) NonClass: 11298K(11456K)->11298K(11456K) Class: 1096K(1344K)->1096K(1344K)
[2025-12-24T13:29:57.247+0000][gc          ] GC(110) Pause Young (Normal) (G1 Evacuation Pause) 662M->52M(1024M) 9.027ms
[2025-12-24T13:29:57.247+0000][gc,cpu      ] GC(110) User=0.04s Sys=0.00s Real=0.01s
[2025-12-24T13:30:57.021+0000][gc,start    ] GC(111) Pause Young (Normal) (G1 Evacuation Pause)
[2025-12-24T13:30:57.022+0000][gc,task     ] GC(111) Using 8 workers of 8 for evacuation
[2025-12-24T13:30:57.032+0000][gc,phases   ] GC(111)   Pre Evacuate Collection Set: 1.6ms
[2025-12-24T13:30:57.032+0000][gc,phases   ] GC(111)   Merge Heap Roots: 0.3ms
[2025-12-24T13:30:57.032+0000][gc,phases   ] GC(111)   Evacuate Collection Set: 6.1ms
[2025-12-24T13:30:57.032+0000][gc,phases   ] GC(111)   Post Evacuate Collection Set: 1.9ms
[2025-12-24T13:30:57.033+0000][gc,phases   ] GC(111)   Other: 0.5ms
[2025-12-24T13:30:57.033+0000][gc,heap     ] GC(111) Eden regions: 610->0(611)
[2025-12-24T13:30:57.033+0000][gc,heap     ] GC(111) Survivor regions: 4->3(77)
[2025-12-24T13:30:57.033+0000][gc,heap     ] GC(111) Old regions: 29->29
[2025-12-24T13:30:57.033+0000][gc,heap     ] GC(111) Humongous regions: 20->20
[2025-12-24T13:30:57.033+0000][gc,metaspace] GC(111) Metaspace: 12394K(12800K)->12394K(12800K) NonClass: 11298K(11456K)->11298K(11456K) Class: 1096K(1344K)->1096K(1344K)
[2025-12-24T13:30:57.034+0000][gc          ] GC(111) Pause Young (Normal) (G1 Evacuation Pause) 662M->51M(1024M) 12.871ms
[2025-12-24T13:30:57.034+0000][gc,cpu      ] GC(111) User=0.05s Sys=0.00s Real=0.01s
[2025-12-24T13:31:47.208+0000][gc,start    ] GC(112) Pause Young (Normal) (G1 Evacuation Pause)
[2025-12-24T13:31:47.208+0000][gc,task     ] GC(112) Using 8 workers of 8 for evacuation
[2025-12-24T13:31:47.215+0000][gc,phases   ] GC(112)   Pre Evacuate Collection Set: 1.0ms
[2025-12-24T13:31:47.216+0000][gc,phases   ] GC(112)   Merge Heap Roots: 0.2ms
[2025-12-24T13:31:47.216+0000][gc,phases   ] GC(112)   Evacuate Collection Set: 4.5ms
[2025-12-24T13:31:47.216+0000][gc,phases   ] GC(112)   Post Evacuate Collection Set: 1.4ms
[2025-12-24T13:31:47.216+0000][gc,phases   ] GC(112)   Other: 0.2ms
[2025-12-24T13:31:47.216+0000][gc,heap     ] GC(112) Eden regions: 611->0(610)
[2025-12-24T13:31:47.216+0000][gc,heap     ] GC(112) Survivor regions: 3->4(77)
[2025-12-24T13:31:47.216+0000][gc,heap     ] GC(112) Old regions: 29->29
[2025-12-24T13:31:47.216+0000][gc,heap     ] GC(112) Humongous regions: 20->20
[2025-12-24T13:31:47.216+0000][gc,metaspace] GC(112) Metaspace: 12397K(12800K)->12397K(12800K) NonClass: 11301K(11456K)->11301K(11456K) Class: 1096K(1344K)->1096K(1344K)
[2025-12-24T13:31:47.216+0000][gc          ] GC(112) Pause Young (Normal) (G1 Evacuation Pause) 662M->52M(1024M) 8.466ms
[2025-12-24T13:31:47.216+0000][gc,cpu      ] GC(112) User=0.03s Sys=0.01s Real=0.00s
[2025-12-24T13:32:47.001+0000][gc,start    ] GC(113) Pause Young (Normal) (G1 Evacuation Pause)
[2025-12-24T13:32:47.002+0000][gc,task     ] GC(113) Using 8 workers of 8 for evacuation
[2025-12-24T13:32:47.019+0000][gc,phases   ] GC(113)   Pre Evacuate Collection Set: 2.1ms
[2025-12-24T13:32:47.019+0000][gc,phases   ] GC(113)   Merge Heap Roots: 0.5ms
[2025-12-24T13:32:47.019+0000][gc,phases   ] GC(113)   Evacuate Collection Set: 11.0ms
[2025-12-24T13:32:47.019+0000][gc,phases   ] GC(113)   Post Evacuate Collection Set: 2.2ms
[2025-12-24T13:32:47.019+0000][gc,phases   ] GC(113)   Other: 0.7ms
[2025-12-24T13:32:47.020+0000][gc,heap     ] GC(113) Eden regions: 610->0(610)
[2025-12-24T13:32:47.020+0000][gc,heap     ] GC(113) Survivor regions: 4->4(77)
[2025-12-24T13:32:47.020+0000][gc,heap     ] GC(113) Old regions: 29->29
[2025-12-24T13:32:47.020+0000][gc,heap     ] GC(113) Humongous regions: 20->20
[2025-12-24T13:32:47.020+0000][gc,metaspace] GC(113) Metaspace: 12397K(12800K)->12397K(12800K) NonClass: 11301K(11456K)->11301K(11456K) Class: 1096K(1344K)->1096K(1344K)
[2025-12-24T13:32:47.020+0000][gc          ] GC(113) Pause Young (Normal) (G1 Evacuation Pause) 662M->51M(1024M) 19.981ms
[2025-12-24T13:32:47.021+0000][gc,cpu      ] GC(113) User=0.10s Sys=0.00s Real=0.02s
[2025-12-24T13:33:37.205+0000][gc,start    ] GC(114) Pause Young (Normal) (G1 Evacuation Pause)
[2025-12-24T13:33:37.207+0000][gc,task     ] GC(114) Using 8 workers of 8 for evacuation
[2025-12-24T13:33:37.218+0000][gc,phases   ] GC(114)   Pre Evacuate Collection Set: 1.0ms
[2025-12-24T13:33:37.218+0000][gc,phases   ] GC(114)   Merge Heap Roots: 0.2ms
[2025-12-24T13:33:37.218+0000][gc,phases   ] GC(114)   Evacuate Collection Set: 9.0ms
[2025-12-24T13:33:37.218+0000][gc,phases   ] GC(114)   Post Evacuate Collection Set: 1.1ms
[2025-12-24T13:33:37.219+0000][gc,phases   ] GC(114)   Other: 0.2ms
[2025-12-24T13:33:37.219+0000][gc,heap     ] GC(114) Eden regions: 610->0(610)
[2025-12-24T13:33:37.219+0000][gc,heap     ] GC(114) Survivor regions: 4->4(77)
[2025-12-24T13:33:37.219+0000][gc,heap     ] GC(114) Old regions: 29->30
[2025-12-24T13:33:37.219+0000][gc,heap     ] GC(114) Humongous regions: 20->20
[2025-12-24T13:33:37.219+0000][gc,metaspace] GC(114) Metaspace: 12397K(12800K)->12397K(12800K) NonClass: 11301K(11456K)->11301K(11456K) Class: 1096K(1344K)->1096K(1344K)
[2025-12-24T13:33:37.219+0000][gc          ] GC(114) Pause Young (Normal) (G1 Evacuation Pause) 661M->52M(1024M) 13.587ms
[2025-12-24T13:33:37.219+0000][gc,cpu      ] GC(114) User=0.07s Sys=0.01s Real=0.01s
[2025-12-24T13:34:27.342+0000][gc,start    ] GC(115) Pause Young (Normal) (G1 Evacuation Pause)
[2025-12-24T13:34:27.342+0000][gc,task     ] GC(115) Using 8 workers of 8 for evacuation
[2025-12-24T13:34:27.352+0000][gc,phases   ] GC(115)   Pre Evacuate Collection Set: 1.1ms
[2025-12-24T13:34:27.353+0000][gc,phases   ] GC(115)   Merge Heap Roots: 0.3ms
[2025-12-24T13:34:27.353+0000][gc,phases   ] GC(115)   Evacuate Collection Set: 6.7ms
[2025-12-24T13:34:27.353+0000][gc,phases   ] GC(115)   Post Evacuate Collection Set: 2.2ms
[2025-12-24T13:34:27.353+0000][gc,phases   ] GC(115)   Other: 0.3ms
[2025-12-24T13:34:27.353+0000][gc,heap     ] GC(115) Eden regions: 610->0(609)
[2025-12-24T13:34:27.353+0000][gc,heap     ] GC(115) Survivor regions: 4->5(77)
[2025-12-24T13:34:27.353+0000][gc,heap     ] GC(115) Old regions: 30->30
[2025-12-24T13:34:27.353+0000][gc,heap     ] GC(115) Humongous regions: 20->20
[2025-12-24T13:34:27.353+0000][gc,metaspace] GC(115) Metaspace: 12422K(12864K)->12422K(12864K) NonClass: 11326K(11520K)->11326K(11520K) Class: 1096K(1344K)->1096K(1344K)
[2025-12-24T13:34:27.353+0000][gc          ] GC(115) Pause Young (Normal) (G1 Evacuation Pause) 662M->53M(1024M) 11.576ms
[2025-12-24T13:34:27.353+0000][gc,cpu      ] GC(115) User=0.06s Sys=0.00s Real=0.01s
[2025-12-24T13:35:27.203+0000][gc,start    ] GC(116) Pause Young (Normal) (G1 Evacuation Pause)
[2025-12-24T13:35:27.204+0000][gc,task     ] GC(116) Using 8 workers of 8 for evacuation
[2025-12-24T13:35:27.220+0000][gc,phases   ] GC(116)   Pre Evacuate Collection Set: 2.2ms
[2025-12-24T13:35:27.220+0000][gc,phases   ] GC(116)   Merge Heap Roots: 1.4ms
[2025-12-24T13:35:27.220+0000][gc,phases   ] GC(116)   Evacuate Collection Set: 8.5ms
[2025-12-24T13:35:27.220+0000][gc,phases   ] GC(116)   Post Evacuate Collection Set: 1.7ms
[2025-12-24T13:35:27.220+0000][gc,phases   ] GC(116)   Other: 1.8ms
[2025-12-24T13:35:27.220+0000][gc,heap     ] GC(116) Eden regions: 609->0(610)
[2025-12-24T13:35:27.220+0000][gc,heap     ] GC(116) Survivor regions: 5->4(77)
[2025-12-24T13:35:27.220+0000][gc,heap     ] GC(116) Old regions: 30->30
[2025-12-24T13:35:27.221+0000][gc,heap     ] GC(116) Humongous regions: 20->20
[2025-12-24T13:35:27.221+0000][gc,metaspace] GC(116) Metaspace: 12426K(12864K)->12426K(12864K) NonClass: 11330K(11520K)->11330K(11520K) Class: 1096K(1344K)->1096K(1344K)
[2025-12-24T13:35:27.221+0000][gc          ] GC(116) Pause Young (Normal) (G1 Evacuation Pause) 662M->53M(1024M) 17.543ms
[2025-12-24T13:35:27.221+0000][gc,cpu      ] GC(116) User=0.09s Sys=0.01s Real=0.02s
[2025-12-24T13:36:17.305+0000][gc,start    ] GC(117) Pause Young (Normal) (G1 Evacuation Pause)
[2025-12-24T13:36:17.305+0000][gc,task     ] GC(117) Using 8 workers of 8 for evacuation
[2025-12-24T13:36:17.312+0000][gc,phases   ] GC(117)   Pre Evacuate Collection Set: 1.0ms
[2025-12-24T13:36:17.312+0000][gc,phases   ] GC(117)   Merge Heap Roots: 0.2ms
[2025-12-24T13:36:17.312+0000][gc,phases   ] GC(117)   Evacuate Collection Set: 4.3ms
[2025-12-24T13:36:17.312+0000][gc,phases   ] GC(117)   Post Evacuate Collection Set: 1.0ms
[2025-12-24T13:36:17.312+0000][gc,phases   ] GC(117)   Other: 0.3ms
[2025-12-24T13:36:17.312+0000][gc,heap     ] GC(117) Eden regions: 610->0(609)
[2025-12-24T13:36:17.312+0000][gc,heap     ] GC(117) Survivor regions: 4->5(77)
[2025-12-24T13:36:17.313+0000][gc,heap     ] GC(117) Old regions: 30->30
[2025-12-24T13:36:17.313+0000][gc,heap     ] GC(117) Humongous regions: 20->20
[2025-12-24T13:36:17.313+0000][gc,metaspace] GC(117) Metaspace: 12426K(12864K)->12426K(12864K) NonClass: 11330K(11520K)->11330K(11520K) Class: 1096K(1344K)->1096K(1344K)
[2025-12-24T13:36:17.313+0000][gc          ] GC(117) Pause Young (Normal) (G1 Evacuation Pause) 663M->53M(1024M) 7.738ms
[2025-12-24T13:36:17.313+0000][gc,cpu      ] GC(117) User=0.04s Sys=0.00s Real=0.01s
[2025-12-24T13:37:17.171+0000][gc,start    ] GC(118) Pause Young (Normal) (G1 Evacuation Pause)
[2025-12-24T13:37:17.172+0000][gc,task     ] GC(118) Using 8 workers of 8 for evacuation
[2025-12-24T13:37:17.185+0000][gc,phases   ] GC(118)   Pre Evacuate Collection Set: 1.1ms
[2025-12-24T13:37:17.185+0000][gc,phases   ] GC(118)   Merge Heap Roots: 0.2ms
[2025-12-24T13:37:17.185+0000][gc,phases   ] GC(118)   Evacuate Collection Set: 7.9ms
[2025-12-24T13:37:17.185+0000][gc,phases   ] GC(118)   Post Evacuate Collection Set: 2.6ms
[2025-12-24T13:37:17.185+0000][gc,phases   ] GC(118)   Other: 0.4ms
[2025-12-24T13:37:17.185+0000][gc,heap     ] GC(118) Eden regions: 609->0(610)
[2025-12-24T13:37:17.185+0000][gc,heap     ] GC(118) Survivor regions: 5->4(77)
[2025-12-24T13:37:17.185+0000][gc,heap     ] GC(118) Old regions: 30->30
[2025-12-24T13:37:17.185+0000][gc,heap     ] GC(118) Humongous regions: 20->20
[2025-12-24T13:37:17.186+0000][gc,metaspace] GC(118) Metaspace: 12426K(12864K)->12426K(12864K) NonClass: 11330K(11520K)->11330K(11520K) Class: 1096K(1344K)->1096K(1344K)
[2025-12-24T13:37:17.186+0000][gc          ] GC(118) Pause Young (Normal) (G1 Evacuation Pause) 662M->53M(1024M) 14.779ms
[2025-12-24T13:37:17.186+0000][gc,cpu      ] GC(118) User=0.08s Sys=0.00s Real=0.01s
[2025-12-24T13:38:07.384+0000][gc,start    ] GC(119) Pause Young (Normal) (G1 Evacuation Pause)
[2025-12-24T13:38:07.384+0000][gc,task     ] GC(119) Using 8 workers of 8 for evacuation
[2025-12-24T13:38:07.392+0000][gc,phases   ] GC(119)   Pre Evacuate Collection Set: 1.1ms
[2025-12-24T13:38:07.392+0000][gc,phases   ] GC(119)   Merge Heap Roots: 0.2ms
[2025-12-24T13:38:07.393+0000][gc,phases   ] GC(119)   Evacuate Collection Set: 5.4ms
[2025-12-24T13:38:07.393+0000][gc,phases   ] GC(119)   Post Evacuate Collection Set: 1.3ms
[2025-12-24T13:38:07.393+0000][gc,phases   ] GC(119)   Other: 0.2ms
[2025-12-24T13:38:07.393+0000][gc,heap     ] GC(119) Eden regions: 610->0(609)
[2025-12-24T13:38:07.393+0000][gc,heap     ] GC(119) Survivor regions: 4->5(77)
[2025-12-24T13:38:07.393+0000][gc,heap     ] GC(119) Old regions: 30->30
[2025-12-24T13:38:07.393+0000][gc,heap     ] GC(119) Humongous regions: 20->20
[2025-12-24T13:38:07.393+0000][gc,metaspace] GC(119) Metaspace: 12426K(12864K)->12426K(12864K) NonClass: 11330K(11520K)->11330K(11520K) Class: 1096K(1344K)->1096K(1344K)
[2025-12-24T13:38:07.393+0000][gc          ] GC(119) Pause Young (Normal) (G1 Evacuation Pause) 663M->53M(1024M) 9.373ms
[2025-12-24T13:38:07.393+0000][gc,cpu      ] GC(119) User=0.05s Sys=0.00s Real=0.00s
[2025-12-24T13:53:11.454+0000][gc,start    ] GC(120) Pause Young (Normal) (G1 Evacuation Pause)
[2025-12-24T13:53:11.455+0000][gc,task     ] GC(120) Using 8 workers of 8 for evacuation
[2025-12-24T13:53:11.470+0000][gc,phases   ] GC(120)   Pre Evacuate Collection Set: 1.0ms
[2025-12-24T13:53:11.470+0000][gc,phases   ] GC(120)   Merge Heap Roots: 0.3ms
[2025-12-24T13:53:11.470+0000][gc,phases   ] GC(120)   Evacuate Collection Set: 12.6ms
[2025-12-24T13:53:11.470+0000][gc,phases   ] GC(120)   Post Evacuate Collection Set: 1.1ms
[2025-12-24T13:53:11.471+0000][gc,phases   ] GC(120)   Other: 0.2ms
[2025-12-24T13:53:11.471+0000][gc,heap     ] GC(120) Eden regions: 609->0(610)
[2025-12-24T13:53:11.471+0000][gc,heap     ] GC(120) Survivor regions: 5->4(77)
[2025-12-24T13:53:11.471+0000][gc,heap     ] GC(120) Old regions: 30->30
[2025-12-24T13:53:11.471+0000][gc,heap     ] GC(120) Humongous regions: 22->22
[2025-12-24T13:53:11.471+0000][gc,metaspace] GC(120) Metaspace: 12435K(12864K)->12435K(12864K) NonClass: 11338K(11520K)->11338K(11520K) Class: 1096K(1344K)->1096K(1344K)
[2025-12-24T13:53:11.471+0000][gc          ] GC(120) Pause Young (Normal) (G1 Evacuation Pause) 664M->55M(1024M) 17.011ms
[2025-12-24T13:53:11.471+0000][gc,cpu      ] GC(120) User=0.09s Sys=0.01s Real=0.02s
[2025-12-24T13:54:01.660+0000][gc,start    ] GC(121) Pause Young (Normal) (G1 Evacuation Pause)
[2025-12-24T13:54:01.660+0000][gc,task     ] GC(121) Using 8 workers of 8 for evacuation
[2025-12-24T13:54:01.670+0000][gc,phases   ] GC(121)   Pre Evacuate Collection Set: 1.0ms
[2025-12-24T13:54:01.670+0000][gc,phases   ] GC(121)   Merge Heap Roots: 0.2ms
[2025-12-24T13:54:01.670+0000][gc,phases   ] GC(121)   Evacuate Collection Set: 7.0ms
[2025-12-24T13:54:01.670+0000][gc,phases   ] GC(121)   Post Evacuate Collection Set: 1.2ms
[2025-12-24T13:54:01.671+0000][gc,phases   ] GC(121)   Other: 0.4ms
[2025-12-24T13:54:01.671+0000][gc,heap     ] GC(121) Eden regions: 610->0(609)
[2025-12-24T13:54:01.671+0000][gc,heap     ] GC(121) Survivor regions: 4->5(77)
[2025-12-24T13:54:01.671+0000][gc,heap     ] GC(121) Old regions: 30->30
[2025-12-24T13:54:01.671+0000][gc,heap     ] GC(121) Humongous regions: 22->22
[2025-12-24T13:54:01.671+0000][gc,metaspace] GC(121) Metaspace: 12435K(12864K)->12435K(12864K) NonClass: 11338K(11520K)->11338K(11520K) Class: 1096K(1344K)->1096K(1344K)
[2025-12-24T13:54:01.671+0000][gc          ] GC(121) Pause Young (Normal) (G1 Evacuation Pause) 665M->55M(1024M) 10.989ms
[2025-12-24T13:54:01.671+0000][gc,cpu      ] GC(121) User=0.06s Sys=0.00s Real=0.01s
[2025-12-24T13:55:01.464+0000][gc,start    ] GC(122) Pause Young (Normal) (G1 Evacuation Pause)
[2025-12-24T13:55:01.465+0000][gc,task     ] GC(122) Using 8 workers of 8 for evacuation
[2025-12-24T13:55:01.474+0000][gc,phases   ] GC(122)   Pre Evacuate Collection Set: 1.1ms
[2025-12-24T13:55:01.474+0000][gc,phases   ] GC(122)   Merge Heap Roots: 0.2ms
[2025-12-24T13:55:01.475+0000][gc,phases   ] GC(122)   Evacuate Collection Set: 6.1ms
[2025-12-24T13:55:01.475+0000][gc,phases   ] GC(122)   Post Evacuate Collection Set: 1.4ms
[2025-12-24T13:55:01.475+0000][gc,phases   ] GC(122)   Other: 0.3ms
[2025-12-24T13:55:01.475+0000][gc,heap     ] GC(122) Eden regions: 609->0(609)
[2025-12-24T13:55:01.475+0000][gc,heap     ] GC(122) Survivor regions: 5->5(77)
[2025-12-24T13:55:01.475+0000][gc,heap     ] GC(122) Old regions: 30->30
[2025-12-24T13:55:01.475+0000][gc,heap     ] GC(122) Humongous regions: 22->22
[2025-12-24T13:55:01.475+0000][gc,metaspace] GC(122) Metaspace: 12435K(12864K)->12435K(12864K) NonClass: 11338K(11520K)->11338K(11520K) Class: 1096K(1344K)->1096K(1344K)
[2025-12-24T13:55:01.475+0000][gc          ] GC(122) Pause Young (Normal) (G1 Evacuation Pause) 664M->55M(1024M) 10.987ms
[2025-12-24T13:55:01.475+0000][gc,cpu      ] GC(122) User=0.04s Sys=0.00s Real=0.01s
[2025-12-24T13:56:01.313+0000][gc,start    ] GC(123) Pause Young (Normal) (G1 Evacuation Pause)
[2025-12-24T13:56:01.314+0000][gc,task     ] GC(123) Using 8 workers of 8 for evacuation
[2025-12-24T13:56:01.330+0000][gc,phases   ] GC(123)   Pre Evacuate Collection Set: 2.0ms
[2025-12-24T13:56:01.330+0000][gc,phases   ] GC(123)   Merge Heap Roots: 1.1ms
[2025-12-24T13:56:01.330+0000][gc,phases   ] GC(123)   Evacuate Collection Set: 11.7ms
[2025-12-24T13:56:01.330+0000][gc,phases   ] GC(123)   Post Evacuate Collection Set: 1.3ms
[2025-12-24T13:56:01.330+0000][gc,phases   ] GC(123)   Other: 0.4ms
[2025-12-24T13:56:01.330+0000][gc,heap     ] GC(123) Eden regions: 609->0(611)
[2025-12-24T13:56:01.330+0000][gc,heap     ] GC(123) Survivor regions: 5->3(77)
[2025-12-24T13:56:01.331+0000][gc,heap     ] GC(123) Old regions: 30->30
[2025-12-24T13:56:01.331+0000][gc,heap     ] GC(123) Humongous regions: 22->22
[2025-12-24T13:56:01.331+0000][gc,metaspace] GC(123) Metaspace: 12435K(12864K)->12435K(12864K) NonClass: 11338K(11520K)->11338K(11520K) Class: 1096K(1344K)->1096K(1344K)
[2025-12-24T13:56:01.331+0000][gc          ] GC(123) Pause Young (Normal) (G1 Evacuation Pause) 664M->54M(1024M) 17.822ms
[2025-12-24T13:56:01.331+0000][gc,cpu      ] GC(123) User=0.09s Sys=0.01s Real=0.02s
[2025-12-24T13:56:51.542+0000][gc,start    ] GC(124) Pause Young (Normal) (G1 Evacuation Pause)
[2025-12-24T13:56:51.543+0000][gc,task     ] GC(124) Using 8 workers of 8 for evacuation
[2025-12-24T13:56:51.553+0000][gc,phases   ] GC(124)   Pre Evacuate Collection Set: 1.1ms
[2025-12-24T13:56:51.553+0000][gc,phases   ] GC(124)   Merge Heap Roots: 0.2ms
[2025-12-24T13:56:51.553+0000][gc,phases   ] GC(124)   Evacuate Collection Set: 6.9ms
[2025-12-24T13:56:51.553+0000][gc,phases   ] GC(124)   Post Evacuate Collection Set: 1.4ms
[2025-12-24T13:56:51.553+0000][gc,phases   ] GC(124)   Other: 0.3ms
[2025-12-24T13:56:51.553+0000][gc,heap     ] GC(124) Eden regions: 611->0(610)
[2025-12-24T13:56:51.553+0000][gc,heap     ] GC(124) Survivor regions: 3->4(77)
[2025-12-24T13:56:51.553+0000][gc,heap     ] GC(124) Old regions: 30->30
[2025-12-24T13:56:51.553+0000][gc,heap     ] GC(124) Humongous regions: 22->22
[2025-12-24T13:56:51.554+0000][gc,metaspace] GC(124) Metaspace: 12435K(12864K)->12435K(12864K) NonClass: 11338K(11520K)->11338K(11520K) Class: 1096K(1344K)->1096K(1344K)
[2025-12-24T13:56:51.554+0000][gc          ] GC(124) Pause Young (Normal) (G1 Evacuation Pause) 665M->55M(1024M) 11.713ms
[2025-12-24T13:56:51.554+0000][gc,cpu      ] GC(124) User=0.06s Sys=0.00s Real=0.02s
[2025-12-24T13:57:51.376+0000][gc,start    ] GC(125) Pause Young (Normal) (G1 Evacuation Pause)
[2025-12-24T13:57:51.377+0000][gc,task     ] GC(125) Using 8 workers of 8 for evacuation
[2025-12-24T13:57:51.384+0000][gc,phases   ] GC(125)   Pre Evacuate Collection Set: 1.3ms
[2025-12-24T13:57:51.384+0000][gc,phases   ] GC(125)   Merge Heap Roots: 0.3ms
[2025-12-24T13:57:51.384+0000][gc,phases   ] GC(125)   Evacuate Collection Set: 4.4ms
[2025-12-24T13:57:51.384+0000][gc,phases   ] GC(125)   Post Evacuate Collection Set: 1.2ms
[2025-12-24T13:57:51.385+0000][gc,phases   ] GC(125)   Other: 0.4ms
[2025-12-24T13:57:51.385+0000][gc,heap     ] GC(125) Eden regions: 610->0(611)
[2025-12-24T13:57:51.385+0000][gc,heap     ] GC(125) Survivor regions: 4->3(77)
[2025-12-24T13:57:51.385+0000][gc,heap     ] GC(125) Old regions: 30->31
[2025-12-24T13:57:51.385+0000][gc,heap     ] GC(125) Humongous regions: 22->22
[2025-12-24T13:57:51.385+0000][gc,metaspace] GC(125) Metaspace: 12435K(12864K)->12435K(12864K) NonClass: 11338K(11520K)->11338K(11520K) Class: 1096K(1344K)->1096K(1344K)
[2025-12-24T13:57:51.385+0000][gc          ] GC(125) Pause Young (Normal) (G1 Evacuation Pause) 665M->55M(1024M) 9.116ms
[2025-12-24T13:57:51.385+0000][gc,cpu      ] GC(125) User=0.04s Sys=0.00s Real=0.01s
[2025-12-24T13:58:41.574+0000][gc,start    ] GC(126) Pause Young (Normal) (G1 Evacuation Pause)
[2025-12-24T13:58:41.576+0000][gc,task     ] GC(126) Using 8 workers of 8 for evacuation
[2025-12-24T13:58:41.585+0000][gc,phases   ] GC(126)   Pre Evacuate Collection Set: 1.0ms
[2025-12-24T13:58:41.585+0000][gc,phases   ] GC(126)   Merge Heap Roots: 0.2ms
[2025-12-24T13:58:41.585+0000][gc,phases   ] GC(126)   Evacuate Collection Set: 4.9ms
[2025-12-24T13:58:41.585+0000][gc,phases   ] GC(126)   Post Evacuate Collection Set: 3.3ms
[2025-12-24T13:58:41.586+0000][gc,phases   ] GC(126)   Other: 0.2ms
[2025-12-24T13:58:41.586+0000][gc,heap     ] GC(126) Eden regions: 611->0(610)
[2025-12-24T13:58:41.586+0000][gc,heap     ] GC(126) Survivor regions: 3->4(77)
[2025-12-24T13:58:41.586+0000][gc,heap     ] GC(126) Old regions: 31->31
[2025-12-24T13:58:41.586+0000][gc,heap     ] GC(126) Humongous regions: 22->22
[2025-12-24T13:58:41.586+0000][gc,metaspace] GC(126) Metaspace: 12435K(12864K)->12435K(12864K) NonClass: 11338K(11520K)->11338K(11520K) Class: 1096K(1344K)->1096K(1344K)
[2025-12-24T13:58:41.586+0000][gc          ] GC(126) Pause Young (Normal) (G1 Evacuation Pause) 666M->55M(1024M) 11.594ms
[2025-12-24T13:58:41.586+0000][gc,cpu      ] GC(126) User=0.05s Sys=0.00s Real=0.01s
[2025-12-24T13:59:41.402+0000][gc,start    ] GC(127) Pause Young (Normal) (G1 Evacuation Pause)
[2025-12-24T13:59:41.403+0000][gc,task     ] GC(127) Using 8 workers of 8 for evacuation
[2025-12-24T13:59:41.410+0000][gc,phases   ] GC(127)   Pre Evacuate Collection Set: 1.2ms
[2025-12-24T13:59:41.410+0000][gc,phases   ] GC(127)   Merge Heap Roots: 0.2ms
[2025-12-24T13:59:41.410+0000][gc,phases   ] GC(127)   Evacuate Collection Set: 3.8ms
[2025-12-24T13:59:41.410+0000][gc,phases   ] GC(127)   Post Evacuate Collection Set: 1.2ms
[2025-12-24T13:59:41.410+0000][gc,phases   ] GC(127)   Other: 0.2ms
[2025-12-24T13:59:41.410+0000][gc,heap     ] GC(127) Eden regions: 610->0(611)
[2025-12-24T13:59:41.410+0000][gc,heap     ] GC(127) Survivor regions: 4->3(77)
[2025-12-24T13:59:41.410+0000][gc,heap     ] GC(127) Old regions: 31->31
[2025-12-24T13:59:41.410+0000][gc,heap     ] GC(127) Humongous regions: 22->22
[2025-12-24T13:59:41.410+0000][gc,metaspace] GC(127) Metaspace: 12435K(12864K)->12435K(12864K) NonClass: 11338K(11520K)->11338K(11520K) Class: 1096K(1344K)->1096K(1344K)
[2025-12-24T13:59:41.411+0000][gc          ] GC(127) Pause Young (Normal) (G1 Evacuation Pause) 665M->55M(1024M) 8.642ms
[2025-12-24T13:59:41.411+0000][gc,cpu      ] GC(127) User=0.04s Sys=0.00s Real=0.01s
[2025-12-24T14:00:31.626+0000][gc,start    ] GC(128) Pause Young (Normal) (G1 Evacuation Pause)
[2025-12-24T14:00:31.627+0000][gc,task     ] GC(128) Using 8 workers of 8 for evacuation
[2025-12-24T14:00:31.633+0000][gc,phases   ] GC(128)   Pre Evacuate Collection Set: 1.0ms
[2025-12-24T14:00:31.633+0000][gc,phases   ] GC(128)   Merge Heap Roots: 0.2ms
[2025-12-24T14:00:31.633+0000][gc,phases   ] GC(128)   Evacuate Collection Set: 3.3ms
[2025-12-24T14:00:31.633+0000][gc,phases   ] GC(128)   Post Evacuate Collection Set: 1.0ms
[2025-12-24T14:00:31.633+0000][gc,phases   ] GC(128)   Other: 0.2ms
[2025-12-24T14:00:31.633+0000][gc,heap     ] GC(128) Eden regions: 611->0(610)
[2025-12-24T14:00:31.633+0000][gc,heap     ] GC(128) Survivor regions: 3->4(77)
[2025-12-24T14:00:31.633+0000][gc,heap     ] GC(128) Old regions: 31->31
[2025-12-24T14:00:31.633+0000][gc,heap     ] GC(128) Humongous regions: 22->22
[2025-12-24T14:00:31.634+0000][gc,metaspace] GC(128) Metaspace: 12440K(12864K)->12440K(12864K) NonClass: 11343K(11520K)->11343K(11520K) Class: 1097K(1344K)->1097K(1344K)
[2025-12-24T14:00:31.634+0000][gc          ] GC(128) Pause Young (Normal) (G1 Evacuation Pause) 666M->56M(1024M) 7.681ms
[2025-12-24T14:00:31.634+0000][gc,cpu      ] GC(128) User=0.02s Sys=0.00s Real=0.00s
[2025-12-24T14:01:54.183+0000][gc,start    ] GC(129) Pause Young (Normal) (G1 Evacuation Pause)
[2025-12-24T14:01:54.184+0000][gc,task     ] GC(129) Using 8 workers of 8 for evacuation
[2025-12-24T14:01:54.190+0000][gc,phases   ] GC(129)   Pre Evacuate Collection Set: 1.1ms
[2025-12-24T14:01:54.190+0000][gc,phases   ] GC(129)   Merge Heap Roots: 0.2ms
[2025-12-24T14:01:54.191+0000][gc,phases   ] GC(129)   Evacuate Collection Set: 3.9ms
[2025-12-24T14:01:54.191+0000][gc,phases   ] GC(129)   Post Evacuate Collection Set: 1.2ms
[2025-12-24T14:01:54.191+0000][gc,phases   ] GC(129)   Other: 0.2ms
[2025-12-24T14:01:54.191+0000][gc,heap     ] GC(129) Eden regions: 610->0(611)
[2025-12-24T14:01:54.191+0000][gc,heap     ] GC(129) Survivor regions: 4->3(77)
[2025-12-24T14:01:54.191+0000][gc,heap     ] GC(129) Old regions: 31->31
[2025-12-24T14:01:54.191+0000][gc,heap     ] GC(129) Humongous regions: 22->22
[2025-12-24T14:01:54.191+0000][gc,metaspace] GC(129) Metaspace: 12445K(12864K)->12445K(12864K) NonClass: 11347K(11520K)->11347K(11520K) Class: 1097K(1344K)->1097K(1344K)
[2025-12-24T14:01:54.191+0000][gc          ] GC(129) Pause Young (Normal) (G1 Evacuation Pause) 666M->55M(1024M) 8.424ms
[2025-12-24T14:01:54.191+0000][gc,cpu      ] GC(129) User=0.03s Sys=0.00s Real=0.01s
[2025-12-24T14:02:44.345+0000][gc,start    ] GC(130) Pause Young (Normal) (G1 Evacuation Pause)
[2025-12-24T14:02:44.346+0000][gc,task     ] GC(130) Using 8 workers of 8 for evacuation
[2025-12-24T14:02:44.354+0000][gc,phases   ] GC(130)   Pre Evacuate Collection Set: 1.2ms
[2025-12-24T14:02:44.354+0000][gc,phases   ] GC(130)   Merge Heap Roots: 0.2ms
[2025-12-24T14:02:44.354+0000][gc,phases   ] GC(130)   Evacuate Collection Set: 4.6ms
[2025-12-24T14:02:44.354+0000][gc,phases   ] GC(130)   Post Evacuate Collection Set: 1.2ms
[2025-12-24T14:02:44.354+0000][gc,phases   ] GC(130)   Other: 0.4ms
[2025-12-24T14:02:44.354+0000][gc,heap     ] GC(130) Eden regions: 611->0(610)
[2025-12-24T14:02:44.354+0000][gc,heap     ] GC(130) Survivor regions: 3->4(77)
[2025-12-24T14:02:44.354+0000][gc,heap     ] GC(130) Old regions: 31->31
[2025-12-24T14:02:44.354+0000][gc,heap     ] GC(130) Humongous regions: 31->31
[2025-12-24T14:02:44.354+0000][gc,metaspace] GC(130) Metaspace: 12462K(12864K)->12462K(12864K) NonClass: 11365K(11520K)->11365K(11520K) Class: 1097K(1344K)->1097K(1344K)
[2025-12-24T14:02:44.354+0000][gc          ] GC(130) Pause Young (Normal) (G1 Evacuation Pause) 675M->65M(1024M) 8.845ms
[2025-12-24T14:02:44.354+0000][gc,cpu      ] GC(130) User=0.04s Sys=0.00s Real=0.01s
[2025-12-24T14:03:44.210+0000][gc,start    ] GC(131) Pause Young (Normal) (G1 Evacuation Pause)
[2025-12-24T14:03:44.211+0000][gc,task     ] GC(131) Using 8 workers of 8 for evacuation
[2025-12-24T14:03:44.220+0000][gc,phases   ] GC(131)   Pre Evacuate Collection Set: 1.3ms
[2025-12-24T14:03:44.220+0000][gc,phases   ] GC(131)   Merge Heap Roots: 0.2ms
[2025-12-24T14:03:44.220+0000][gc,phases   ] GC(131)   Evacuate Collection Set: 4.6ms
[2025-12-24T14:03:44.220+0000][gc,phases   ] GC(131)   Post Evacuate Collection Set: 3.0ms
[2025-12-24T14:03:44.220+0000][gc,phases   ] GC(131)   Other: 0.2ms
[2025-12-24T14:03:44.220+0000][gc,heap     ] GC(131) Eden regions: 610->0(610)
[2025-12-24T14:03:44.220+0000][gc,heap     ] GC(131) Survivor regions: 4->4(77)
[2025-12-24T14:03:44.220+0000][gc,heap     ] GC(131) Old regions: 31->31
[2025-12-24T14:03:44.220+0000][gc,heap     ] GC(131) Humongous regions: 31->31
[2025-12-24T14:03:44.220+0000][gc,metaspace] GC(131) Metaspace: 12526K(12928K)->12526K(12928K) NonClass: 11415K(11584K)->11415K(11584K) Class: 1111K(1344K)->1111K(1344K)
[2025-12-24T14:03:44.221+0000][gc          ] GC(131) Pause Young (Normal) (G1 Evacuation Pause) 675M->64M(1024M) 10.504ms
[2025-12-24T14:03:44.221+0000][gc,cpu      ] GC(131) User=0.05s Sys=0.00s Real=0.01s
[2025-12-24T14:04:44.059+0000][gc,start    ] GC(132) Pause Young (Normal) (G1 Evacuation Pause)
[2025-12-24T14:04:44.060+0000][gc,task     ] GC(132) Using 8 workers of 8 for evacuation
[2025-12-24T14:04:44.076+0000][gc,phases   ] GC(132)   Pre Evacuate Collection Set: 1.3ms
[2025-12-24T14:04:44.077+0000][gc,phases   ] GC(132)   Merge Heap Roots: 0.2ms
[2025-12-24T14:04:44.077+0000][gc,phases   ] GC(132)   Evacuate Collection Set: 11.8ms
[2025-12-24T14:04:44.077+0000][gc,phases   ] GC(132)   Post Evacuate Collection Set: 2.7ms
[2025-12-24T14:04:44.077+0000][gc,phases   ] GC(132)   Other: 0.4ms
[2025-12-24T14:04:44.077+0000][gc,heap     ] GC(132) Eden regions: 610->0(611)
[2025-12-24T14:04:44.077+0000][gc,heap     ] GC(132) Survivor regions: 4->3(77)
[2025-12-24T14:04:44.077+0000][gc,heap     ] GC(132) Old regions: 31->32
[2025-12-24T14:04:44.077+0000][gc,heap     ] GC(132) Humongous regions: 31->31
[2025-12-24T14:04:44.077+0000][gc,metaspace] GC(132) Metaspace: 12531K(12928K)->12531K(12928K) NonClass: 11420K(11584K)->11420K(11584K) Class: 1111K(1344K)->1111K(1344K)
[2025-12-24T14:04:44.077+0000][gc          ] GC(132) Pause Young (Normal) (G1 Evacuation Pause) 674M->64M(1024M) 18.137ms
[2025-12-24T14:04:44.077+0000][gc,cpu      ] GC(132) User=0.10s Sys=0.00s Real=0.02s
