[2025-12-25T12:01:49.671+0000][gc,init] CardTable entry size: 512
[2025-12-25T12:01:49.674+0000][gc     ] Using G1
[2025-12-25T12:01:49.709+0000][gc,init] Version: 21.0.4+7-LTS (release)
[2025-12-25T12:01:49.710+0000][gc,init] CPUs: 8 total, 8 available
[2025-12-25T12:01:49.713+0000][gc,init] Memory: 13709M
[2025-12-25T12:01:49.720+0000][gc,init] Large Page Support: Disabled
[2025-12-25T12:01:49.728+0000][gc,init] NUMA Support: Disabled
[2025-12-25T12:01:49.733+0000][gc,init] Compressed Oops: Enabled (32-bit)
[2025-12-25T12:01:49.742+0000][gc,init] Heap Region Size: 1M
[2025-12-25T12:01:49.750+0000][gc,init] Heap Min Capacity: 1G
[2025-12-25T12:01:49.764+0000][gc,init] Heap Initial Capacity: 1G
[2025-12-25T12:01:49.767+0000][gc,init] Heap Max Capacity: 1G
[2025-12-25T12:01:49.767+0000][gc,init] Pre-touch: Disabled
[2025-12-25T12:01:49.769+0000][gc,init] Parallel Workers: 8
[2025-12-25T12:01:49.770+0000][gc,init] Concurrent Workers: 2
[2025-12-25T12:01:49.775+0000][gc,init] Concurrent Refinement Workers: 8
[2025-12-25T12:01:49.777+0000][gc,init] Periodic GC: Disabled
[2025-12-25T12:01:49.955+0000][gc,metaspace] CDS archive(s) mapped at: [0x0000000300000000-0x0000000300bd0000-0x00000003036b0000), size 57344000, SharedBaseAddress: 0x0000000300000000, ArchiveRelocationMode: 1.
[2025-12-25T12:01:49.962+0000][gc,metaspace] Compressed class space mapped at: 0x0000000304000000-0x0000000344000000, reserved size: 1073741824
[2025-12-25T12:01:49.972+0000][gc,metaspace] Narrow klass base: 0x0000000300000000, Narrow klass shift: 0, Narrow klass range: 0x100000000
[2025-12-25T12:02:03.050+0000][gc,start    ] GC(0) Pause Young (Normal) (G1 Evacuation Pause)
[2025-12-25T12:02:03.078+0000][gc,task     ] GC(0) Using 8 workers of 8 for evacuation
[2025-12-25T12:02:03.158+0000][gc,phases   ] GC(0)   Pre Evacuate Collection Set: 6.6ms
[2025-12-25T12:02:03.158+0000][gc,phases   ] GC(0)   Merge Heap Roots: 0.4ms
[2025-12-25T12:02:03.158+0000][gc,phases   ] GC(0)   Evacuate Collection Set: 62.1ms
[2025-12-25T12:02:03.158+0000][gc,phases   ] GC(0)   Post Evacuate Collection Set: 9.5ms
[2025-12-25T12:02:03.159+0000][gc,phases   ] GC(0)   Other: 21.8ms
[2025-12-25T12:02:03.159+0000][gc,heap     ] GC(0) Eden regions: 51->0(44)
[2025-12-25T12:02:03.159+0000][gc,heap     ] GC(0) Survivor regions: 0->7(7)
[2025-12-25T12:02:03.159+0000][gc,heap     ] GC(0) Old regions: 1->5
[2025-12-25T12:02:03.159+0000][gc,heap     ] GC(0) Humongous regions: 2->2
[2025-12-25T12:02:03.159+0000][gc,metaspace] GC(0) Metaspace: 5819K(6144K)->5819K(6144K) NonClass: 5157K(5312K)->5157K(5312K) Class: 661K(832K)->661K(832K)
[2025-12-25T12:02:03.160+0000][gc          ] GC(0) Pause Young (Normal) (G1 Evacuation Pause) 53M->13M(1024M) 109.084ms
[2025-12-25T12:02:03.160+0000][gc,cpu      ] GC(0) User=0.07s Sys=0.02s Real=0.11s
[2025-12-25T12:02:07.306+0000][gc,start    ] GC(1) Pause Young (Normal) (G1 Evacuation Pause)
[2025-12-25T12:02:07.307+0000][gc,task     ] GC(1) Using 8 workers of 8 for evacuation
[2025-12-25T12:02:07.545+0000][gc,mmu      ] GC(1) MMU target violated: 201.0ms (200.0ms/201.0ms)
[2025-12-25T12:02:07.548+0000][gc,phases   ] GC(1)   Pre Evacuate Collection Set: 50.6ms
[2025-12-25T12:02:07.548+0000][gc,phases   ] GC(1)   Merge Heap Roots: 1.0ms
[2025-12-25T12:02:07.549+0000][gc,phases   ] GC(1)   Evacuate Collection Set: 179.1ms
[2025-12-25T12:02:07.550+0000][gc,phases   ] GC(1)   Post Evacuate Collection Set: 3.4ms
[2025-12-25T12:02:07.551+0000][gc,phases   ] GC(1)   Other: 6.1ms
[2025-12-25T12:02:07.551+0000][gc,heap     ] GC(1) Eden regions: 44->0(46)
[2025-12-25T12:02:07.551+0000][gc,heap     ] GC(1) Survivor regions: 7->5(7)
[2025-12-25T12:02:07.551+0000][gc,heap     ] GC(1) Old regions: 5->12
[2025-12-25T12:02:07.551+0000][gc,heap     ] GC(1) Humongous regions: 2->2
[2025-12-25T12:02:07.551+0000][gc,metaspace] GC(1) Metaspace: 7785K(8000K)->7785K(8000K) NonClass: 6861K(6976K)->6861K(6976K) Class: 923K(1024K)->923K(1024K)
[2025-12-25T12:02:07.551+0000][gc          ] GC(1) Pause Young (Normal) (G1 Evacuation Pause) 57M->18M(1024M) 245.227ms
[2025-12-25T12:02:07.552+0000][gc,cpu      ] GC(1) User=0.18s Sys=0.03s Real=0.24s
[2025-12-25T12:02:08.235+0000][gc,start    ] GC(2) Pause Young (Normal) (G1 Evacuation Pause)
[2025-12-25T12:02:08.235+0000][gc,task     ] GC(2) Using 8 workers of 8 for evacuation
[2025-12-25T12:02:08.249+0000][gc,phases   ] GC(2)   Pre Evacuate Collection Set: 0.2ms
[2025-12-25T12:02:08.249+0000][gc,phases   ] GC(2)   Merge Heap Roots: 0.0ms
[2025-12-25T12:02:08.249+0000][gc,phases   ] GC(2)   Evacuate Collection Set: 13.3ms
[2025-12-25T12:02:08.249+0000][gc,phases   ] GC(2)   Post Evacuate Collection Set: 0.8ms
[2025-12-25T12:02:08.250+0000][gc,phases   ] GC(2)   Other: 0.2ms
[2025-12-25T12:02:08.250+0000][gc,heap     ] GC(2) Eden regions: 46->0(88)
[2025-12-25T12:02:08.250+0000][gc,heap     ] GC(2) Survivor regions: 5->1(7)
[2025-12-25T12:02:08.250+0000][gc,heap     ] GC(2) Old regions: 12->17
[2025-12-25T12:02:08.250+0000][gc,heap     ] GC(2) Humongous regions: 2->2
[2025-12-25T12:02:08.250+0000][gc,metaspace] GC(2) Metaspace: 7901K(8192K)->7901K(8192K) NonClass: 6959K(7104K)->6959K(7104K) Class: 941K(1088K)->941K(1088K)
[2025-12-25T12:02:08.250+0000][gc          ] GC(2) Pause Young (Normal) (G1 Evacuation Pause) 64M->19M(1024M) 15.713ms
[2025-12-25T12:02:08.250+0000][gc,cpu      ] GC(2) User=0.02s Sys=0.00s Real=0.01s
[2025-12-25T12:02:16.442+0000][gc,start    ] GC(3) Pause Young (Normal) (G1 Evacuation Pause)
[2025-12-25T12:02:16.443+0000][gc,task     ] GC(3) Using 8 workers of 8 for evacuation
[2025-12-25T12:02:16.476+0000][gc,phases   ] GC(3)   Pre Evacuate Collection Set: 2.8ms
[2025-12-25T12:02:16.476+0000][gc,phases   ] GC(3)   Merge Heap Roots: 0.3ms
[2025-12-25T12:02:16.476+0000][gc,phases   ] GC(3)   Evacuate Collection Set: 27.2ms
[2025-12-25T12:02:16.476+0000][gc,phases   ] GC(3)   Post Evacuate Collection Set: 1.5ms
[2025-12-25T12:02:16.476+0000][gc,phases   ] GC(3)   Other: 0.5ms
[2025-12-25T12:02:16.477+0000][gc,heap     ] GC(3) Eden regions: 96->0(363)
[2025-12-25T12:02:16.477+0000][gc,heap     ] GC(3) Survivor regions: 1->3(13)
[2025-12-25T12:02:16.477+0000][gc,heap     ] GC(3) Old regions: 17->17
[2025-12-25T12:02:16.477+0000][gc,heap     ] GC(3) Humongous regions: 2->2
[2025-12-25T12:02:16.477+0000][gc,metaspace] GC(3) Metaspace: 8076K(8384K)->8076K(8384K) NonClass: 7133K(7296K)->7133K(7296K) Class: 942K(1088K)->942K(1088K)
[2025-12-25T12:02:16.477+0000][gc          ] GC(3) Pause Young (Normal) (G1 Evacuation Pause) 115M->20M(1024M) 35.184ms
[2025-12-25T12:02:16.477+0000][gc,cpu      ] GC(3) User=0.09s Sys=0.02s Real=0.03s
[2025-12-25T12:02:55.593+0000][gc,start    ] GC(4) Pause Young (Normal) (G1 Evacuation Pause)
[2025-12-25T12:02:55.594+0000][gc,task     ] GC(4) Using 8 workers of 8 for evacuation
[2025-12-25T12:02:55.607+0000][gc,phases   ] GC(4)   Pre Evacuate Collection Set: 2.8ms
[2025-12-25T12:02:55.607+0000][gc,phases   ] GC(4)   Merge Heap Roots: 0.2ms
[2025-12-25T12:02:55.607+0000][gc,phases   ] GC(4)   Evacuate Collection Set: 7.6ms
[2025-12-25T12:02:55.607+0000][gc,phases   ] GC(4)   Post Evacuate Collection Set: 1.5ms
[2025-12-25T12:02:55.607+0000][gc,phases   ] GC(4)   Other: 0.5ms
[2025-12-25T12:02:55.607+0000][gc,heap     ] GC(4) Eden regions: 403->0(611)
[2025-12-25T12:02:55.607+0000][gc,heap     ] GC(4) Survivor regions: 3->3(51)
[2025-12-25T12:02:55.607+0000][gc,heap     ] GC(4) Old regions: 17->17
[2025-12-25T12:02:55.607+0000][gc,heap     ] GC(4) Humongous regions: 2->2
[2025-12-25T12:02:55.607+0000][gc,metaspace] GC(4) Metaspace: 8698K(9024K)->8698K(9024K) NonClass: 7745K(7936K)->7745K(7936K) Class: 952K(1088K)->952K(1088K)
[2025-12-25T12:02:55.607+0000][gc          ] GC(4) Pause Young (Normal) (G1 Evacuation Pause) 423M->20M(1024M) 14.421ms
[2025-12-25T12:02:55.607+0000][gc,cpu      ] GC(4) User=0.04s Sys=0.02s Real=0.01s
[2025-12-25T12:03:55.509+0000][gc,start    ] GC(5) Pause Young (Normal) (G1 Evacuation Pause)
[2025-12-25T12:03:55.511+0000][gc,task     ] GC(5) Using 8 workers of 8 for evacuation
[2025-12-25T12:03:55.528+0000][gc,phases   ] GC(5)   Pre Evacuate Collection Set: 2.7ms
[2025-12-25T12:03:55.529+0000][gc,phases   ] GC(5)   Merge Heap Roots: 0.7ms
[2025-12-25T12:03:55.529+0000][gc,phases   ] GC(5)   Evacuate Collection Set: 9.7ms
[2025-12-25T12:03:55.529+0000][gc,phases   ] GC(5)   Post Evacuate Collection Set: 0.9ms
[2025-12-25T12:03:55.529+0000][gc,phases   ] GC(5)   Other: 2.7ms
[2025-12-25T12:03:55.529+0000][gc,heap     ] GC(5) Eden regions: 611->0(611)
[2025-12-25T12:03:55.529+0000][gc,heap     ] GC(5) Survivor regions: 3->3(77)
[2025-12-25T12:03:55.529+0000][gc,heap     ] GC(5) Old regions: 17->17
[2025-12-25T12:03:55.529+0000][gc,heap     ] GC(5) Humongous regions: 2->2
[2025-12-25T12:03:55.529+0000][gc,metaspace] GC(5) Metaspace: 9103K(9408K)->9103K(9408K) NonClass: 8145K(8320K)->8145K(8320K) Class: 958K(1088K)->958K(1088K)
[2025-12-25T12:03:55.529+0000][gc          ] GC(5) Pause Young (Normal) (G1 Evacuation Pause) 631M->20M(1024M) 20.260ms
[2025-12-25T12:03:55.529+0000][gc,cpu      ] GC(5) User=0.09s Sys=0.01s Real=0.02s
[2025-12-25T12:04:55.512+0000][gc,start    ] GC(6) Pause Young (Normal) (G1 Evacuation Pause)
[2025-12-25T12:04:55.512+0000][gc,task     ] GC(6) Using 8 workers of 8 for evacuation
[2025-12-25T12:04:55.518+0000][gc,phases   ] GC(6)   Pre Evacuate Collection Set: 1.0ms
[2025-12-25T12:04:55.518+0000][gc,phases   ] GC(6)   Merge Heap Roots: 0.2ms
[2025-12-25T12:04:55.518+0000][gc,phases   ] GC(6)   Evacuate Collection Set: 3.6ms
[2025-12-25T12:04:55.518+0000][gc,phases   ] GC(6)   Post Evacuate Collection Set: 1.0ms
[2025-12-25T12:04:55.518+0000][gc,phases   ] GC(6)   Other: 0.2ms
[2025-12-25T12:04:55.519+0000][gc,heap     ] GC(6) Eden regions: 611->0(612)
[2025-12-25T12:04:55.519+0000][gc,heap     ] GC(6) Survivor regions: 3->2(77)
[2025-12-25T12:04:55.519+0000][gc,heap     ] GC(6) Old regions: 17->17
[2025-12-25T12:04:55.519+0000][gc,heap     ] GC(6) Humongous regions: 2->2
[2025-12-25T12:04:55.519+0000][gc,metaspace] GC(6) Metaspace: 9419K(9728K)->9419K(9728K) NonClass: 8452K(8640K)->8452K(8640K) Class: 966K(1088K)->966K(1088K)
[2025-12-25T12:04:55.519+0000][gc          ] GC(6) Pause Young (Normal) (G1 Evacuation Pause) 631M->20M(1024M) 7.173ms
[2025-12-25T12:04:55.519+0000][gc,cpu      ] GC(6) User=0.02s Sys=0.00s Real=0.01s
[2025-12-25T12:05:55.459+0000][gc,start    ] GC(7) Pause Young (Normal) (G1 Evacuation Pause)
[2025-12-25T12:05:55.461+0000][gc,task     ] GC(7) Using 8 workers of 8 for evacuation
[2025-12-25T12:05:55.476+0000][gc,phases   ] GC(7)   Pre Evacuate Collection Set: 3.4ms
[2025-12-25T12:05:55.476+0000][gc,phases   ] GC(7)   Merge Heap Roots: 0.2ms
[2025-12-25T12:05:55.477+0000][gc,phases   ] GC(7)   Evacuate Collection Set: 10.7ms
[2025-12-25T12:05:55.477+0000][gc,phases   ] GC(7)   Post Evacuate Collection Set: 1.2ms
[2025-12-25T12:05:55.477+0000][gc,phases   ] GC(7)   Other: 0.2ms
[2025-12-25T12:05:55.477+0000][gc,heap     ] GC(7) Eden regions: 612->0(612)
[2025-12-25T12:05:55.477+0000][gc,heap     ] GC(7) Survivor regions: 2->2(77)
[2025-12-25T12:05:55.477+0000][gc,heap     ] GC(7) Old regions: 17->17
[2025-12-25T12:05:55.477+0000][gc,heap     ] GC(7) Humongous regions: 2->2
[2025-12-25T12:05:55.477+0000][gc,metaspace] GC(7) Metaspace: 9613K(9984K)->9613K(9984K) NonClass: 8645K(8832K)->8645K(8832K) Class: 967K(1152K)->967K(1152K)
[2025-12-25T12:05:55.477+0000][gc          ] GC(7) Pause Young (Normal) (G1 Evacuation Pause) 632M->20M(1024M) 17.492ms
[2025-12-25T12:05:55.477+0000][gc,cpu      ] GC(7) User=0.10s Sys=0.00s Real=0.02s
[2025-12-25T12:06:55.450+0000][gc,start    ] GC(8) Pause Young (Normal) (G1 Evacuation Pause)
[2025-12-25T12:06:55.451+0000][gc,task     ] GC(8) Using 8 workers of 8 for evacuation
[2025-12-25T12:06:55.463+0000][gc,phases   ] GC(8)   Pre Evacuate Collection Set: 2.9ms
[2025-12-25T12:06:55.463+0000][gc,phases   ] GC(8)   Merge Heap Roots: 0.2ms
[2025-12-25T12:06:55.463+0000][gc,phases   ] GC(8)   Evacuate Collection Set: 6.3ms
[2025-12-25T12:06:55.463+0000][gc,phases   ] GC(8)   Post Evacuate Collection Set: 2.1ms
[2025-12-25T12:06:55.464+0000][gc,phases   ] GC(8)   Other: 0.9ms
[2025-12-25T12:06:55.464+0000][gc,heap     ] GC(8) Eden regions: 612->0(612)
[2025-12-25T12:06:55.464+0000][gc,heap     ] GC(8) Survivor regions: 2->2(77)
[2025-12-25T12:06:55.464+0000][gc,heap     ] GC(8) Old regions: 17->17
[2025-12-25T12:06:55.464+0000][gc,heap     ] GC(8) Humongous regions: 2->2
[2025-12-25T12:06:55.464+0000][gc,metaspace] GC(8) Metaspace: 9800K(10112K)->9800K(10112K) NonClass: 8831K(8960K)->8831K(8960K) Class: 969K(1152K)->969K(1152K)
[2025-12-25T12:06:55.464+0000][gc          ] GC(8) Pause Young (Normal) (G1 Evacuation Pause) 632M->20M(1024M) 14.235ms
[2025-12-25T12:06:55.464+0000][gc,cpu      ] GC(8) User=0.05s Sys=0.00s Real=0.01s
[2025-12-25T12:07:55.404+0000][gc,start    ] GC(9) Pause Young (Normal) (G1 Evacuation Pause)
[2025-12-25T12:07:55.405+0000][gc,task     ] GC(9) Using 8 workers of 8 for evacuation
[2025-12-25T12:07:55.424+0000][gc,phases   ] GC(9)   Pre Evacuate Collection Set: 1.8ms
[2025-12-25T12:07:55.424+0000][gc,phases   ] GC(9)   Merge Heap Roots: 0.2ms
[2025-12-25T12:07:55.424+0000][gc,phases   ] GC(9)   Evacuate Collection Set: 12.8ms
[2025-12-25T12:07:55.424+0000][gc,phases   ] GC(9)   Post Evacuate Collection Set: 2.8ms
[2025-12-25T12:07:55.424+0000][gc,phases   ] GC(9)   Other: 0.7ms
[2025-12-25T12:07:55.425+0000][gc,heap     ] GC(9) Eden regions: 612->0(612)
[2025-12-25T12:07:55.425+0000][gc,heap     ] GC(9) Survivor regions: 2->2(77)
[2025-12-25T12:07:55.425+0000][gc,heap     ] GC(9) Old regions: 17->17
[2025-12-25T12:07:55.425+0000][gc,heap     ] GC(9) Humongous regions: 2->2
[2025-12-25T12:07:55.425+0000][gc,metaspace] GC(9) Metaspace: 9860K(10176K)->9860K(10176K) NonClass: 8889K(9024K)->8889K(9024K) Class: 971K(1152K)->971K(1152K)
[2025-12-25T12:07:55.425+0000][gc          ] GC(9) Pause Young (Normal) (G1 Evacuation Pause) 632M->20M(1024M) 20.668ms
[2025-12-25T12:07:55.425+0000][gc,cpu      ] GC(9) User=0.11s Sys=0.00s Real=0.02s
[2025-12-25T12:08:52.504+0000][gc,start    ] GC(10) Pause Young (Normal) (G1 Evacuation Pause)
[2025-12-25T12:08:52.505+0000][gc,task     ] GC(10) Using 8 workers of 8 for evacuation
[2025-12-25T12:08:52.516+0000][gc,phases   ] GC(10)   Pre Evacuate Collection Set: 1.6ms
[2025-12-25T12:08:52.517+0000][gc,phases   ] GC(10)   Merge Heap Roots: 0.2ms
[2025-12-25T12:08:52.517+0000][gc,phases   ] GC(10)   Evacuate Collection Set: 8.1ms
[2025-12-25T12:08:52.517+0000][gc,phases   ] GC(10)   Post Evacuate Collection Set: 1.3ms
[2025-12-25T12:08:52.517+0000][gc,phases   ] GC(10)   Other: 0.4ms
[2025-12-25T12:08:52.517+0000][gc,heap     ] GC(10) Eden regions: 612->0(612)
[2025-12-25T12:08:52.517+0000][gc,heap     ] GC(10) Survivor regions: 2->2(77)
[2025-12-25T12:08:52.517+0000][gc,heap     ] GC(10) Old regions: 17->17
[2025-12-25T12:08:52.517+0000][gc,heap     ] GC(10) Humongous regions: 2->2
[2025-12-25T12:08:52.517+0000][gc,metaspace] GC(10) Metaspace: 9896K(10240K)->9896K(10240K) NonClass: 8925K(9088K)->8925K(9088K) Class: 971K(1152K)->971K(1152K)
[2025-12-25T12:08:52.518+0000][gc          ] GC(10) Pause Young (Normal) (G1 Evacuation Pause) 632M->20M(1024M) 13.275ms
[2025-12-25T12:08:52.518+0000][gc,cpu      ] GC(10) User=0.06s Sys=0.01s Real=0.01s
[2025-12-25T12:09:45.738+0000][gc,start    ] GC(11) Pause Young (Normal) (G1 Evacuation Pause)
[2025-12-25T12:09:45.741+0000][gc,task     ] GC(11) Using 8 workers of 8 for evacuation
[2025-12-25T12:09:45.762+0000][gc,phases   ] GC(11)   Pre Evacuate Collection Set: 4.7ms
[2025-12-25T12:09:45.762+0000][gc,phases   ] GC(11)   Merge Heap Roots: 0.4ms
[2025-12-25T12:09:45.763+0000][gc,phases   ] GC(11)   Evacuate Collection Set: 13.2ms
[2025-12-25T12:09:45.763+0000][gc,phases   ] GC(11)   Post Evacuate Collection Set: 1.8ms
[2025-12-25T12:09:45.763+0000][gc,phases   ] GC(11)   Other: 2.0ms
[2025-12-25T12:09:45.763+0000][gc,heap     ] GC(11) Eden regions: 612->0(611)
[2025-12-25T12:09:45.763+0000][gc,heap     ] GC(11) Survivor regions: 2->3(77)
[2025-12-25T12:09:45.763+0000][gc,heap     ] GC(11) Old regions: 17->17
[2025-12-25T12:09:45.764+0000][gc,heap     ] GC(11) Humongous regions: 2->2
[2025-12-25T12:09:45.764+0000][gc,metaspace] GC(11) Metaspace: 9932K(10304K)->9932K(10304K) NonClass: 8959K(9152K)->8959K(9152K) Class: 973K(1152K)->973K(1152K)
[2025-12-25T12:09:45.764+0000][gc          ] GC(11) Pause Young (Normal) (G1 Evacuation Pause) 632M->21M(1024M) 25.809ms
[2025-12-25T12:09:45.764+0000][gc,cpu      ] GC(11) User=0.06s Sys=0.01s Real=0.02s
[2025-12-25T12:10:45.724+0000][gc,start    ] GC(12) Pause Young (Normal) (G1 Evacuation Pause)
[2025-12-25T12:10:45.725+0000][gc,task     ] GC(12) Using 8 workers of 8 for evacuation
[2025-12-25T12:10:45.749+0000][gc,phases   ] GC(12)   Pre Evacuate Collection Set: 3.9ms
[2025-12-25T12:10:45.749+0000][gc,phases   ] GC(12)   Merge Heap Roots: 0.5ms
[2025-12-25T12:10:45.749+0000][gc,phases   ] GC(12)   Evacuate Collection Set: 17.7ms
[2025-12-25T12:10:45.749+0000][gc,phases   ] GC(12)   Post Evacuate Collection Set: 1.3ms
[2025-12-25T12:10:45.749+0000][gc,phases   ] GC(12)   Other: 0.5ms
[2025-12-25T12:10:45.749+0000][gc,heap     ] GC(12) Eden regions: 611->0(610)
[2025-12-25T12:10:45.749+0000][gc,heap     ] GC(12) Survivor regions: 3->4(77)
[2025-12-25T12:10:45.749+0000][gc,heap     ] GC(12) Old regions: 17->17
[2025-12-25T12:10:45.750+0000][gc,heap     ] GC(12) Humongous regions: 2->2
[2025-12-25T12:10:45.750+0000][gc,metaspace] GC(12) Metaspace: 9973K(10304K)->9973K(10304K) NonClass: 9000K(9152K)->9000K(9152K) Class: 973K(1152K)->973K(1152K)
[2025-12-25T12:10:45.750+0000][gc          ] GC(12) Pause Young (Normal) (G1 Evacuation Pause) 632M->21M(1024M) 25.677ms
[2025-12-25T12:10:45.751+0000][gc,cpu      ] GC(12) User=0.08s Sys=0.01s Real=0.02s
[2025-12-25T12:11:45.696+0000][gc,start    ] GC(13) Pause Young (Normal) (G1 Evacuation Pause)
[2025-12-25T12:11:45.696+0000][gc,task     ] GC(13) Using 8 workers of 8 for evacuation
[2025-12-25T12:11:45.704+0000][gc,phases   ] GC(13)   Pre Evacuate Collection Set: 1.2ms
[2025-12-25T12:11:45.704+0000][gc,phases   ] GC(13)   Merge Heap Roots: 0.1ms
[2025-12-25T12:11:45.704+0000][gc,phases   ] GC(13)   Evacuate Collection Set: 4.4ms
[2025-12-25T12:11:45.704+0000][gc,phases   ] GC(13)   Post Evacuate Collection Set: 1.3ms
[2025-12-25T12:11:45.704+0000][gc,phases   ] GC(13)   Other: 0.2ms
[2025-12-25T12:11:45.704+0000][gc,heap     ] GC(13) Eden regions: 610->0(610)
[2025-12-25T12:11:45.704+0000][gc,heap     ] GC(13) Survivor regions: 4->4(77)
[2025-12-25T12:11:45.704+0000][gc,heap     ] GC(13) Old regions: 17->17
[2025-12-25T12:11:45.704+0000][gc,heap     ] GC(13) Humongous regions: 2->2
[2025-12-25T12:11:45.704+0000][gc,metaspace] GC(13) Metaspace: 9976K(10304K)->9976K(10304K) NonClass: 9003K(9152K)->9003K(9152K) Class: 973K(1152K)->973K(1152K)
[2025-12-25T12:11:45.704+0000][gc          ] GC(13) Pause Young (Normal) (G1 Evacuation Pause) 631M->21M(1024M) 8.881ms
[2025-12-25T12:11:45.705+0000][gc,cpu      ] GC(13) User=0.04s Sys=0.00s Real=0.01s
[2025-12-25T12:12:45.632+0000][gc,start    ] GC(14) Pause Young (Normal) (G1 Evacuation Pause)
[2025-12-25T12:12:45.632+0000][gc,task     ] GC(14) Using 8 workers of 8 for evacuation
[2025-12-25T12:12:45.639+0000][gc,phases   ] GC(14)   Pre Evacuate Collection Set: 1.2ms
[2025-12-25T12:12:45.639+0000][gc,phases   ] GC(14)   Merge Heap Roots: 0.2ms
[2025-12-25T12:12:45.639+0000][gc,phases   ] GC(14)   Evacuate Collection Set: 3.8ms
[2025-12-25T12:12:45.639+0000][gc,phases   ] GC(14)   Post Evacuate Collection Set: 0.9ms
[2025-12-25T12:12:45.639+0000][gc,phases   ] GC(14)   Other: 0.3ms
[2025-12-25T12:12:45.639+0000][gc,heap     ] GC(14) Eden regions: 610->0(610)
[2025-12-25T12:12:45.639+0000][gc,heap     ] GC(14) Survivor regions: 4->4(77)
[2025-12-25T12:12:45.639+0000][gc,heap     ] GC(14) Old regions: 17->17
[2025-12-25T12:12:45.639+0000][gc,heap     ] GC(14) Humongous regions: 2->2
[2025-12-25T12:12:45.639+0000][gc,metaspace] GC(14) Metaspace: 10080K(10432K)->10080K(10432K) NonClass: 9095K(9280K)->9095K(9280K) Class: 984K(1152K)->984K(1152K)
[2025-12-25T12:12:45.639+0000][gc          ] GC(14) Pause Young (Normal) (G1 Evacuation Pause) 631M->21M(1024M) 7.701ms
[2025-12-25T12:12:45.640+0000][gc,cpu      ] GC(14) User=0.03s Sys=0.00s Real=0.01s
[2025-12-25T12:13:45.746+0000][gc,start    ] GC(15) Pause Young (Normal) (G1 Evacuation Pause)
[2025-12-25T12:13:45.749+0000][gc,task     ] GC(15) Using 8 workers of 8 for evacuation
[2025-12-25T12:13:45.767+0000][gc,phases   ] GC(15)   Pre Evacuate Collection Set: 4.3ms
[2025-12-25T12:13:45.768+0000][gc,phases   ] GC(15)   Merge Heap Roots: 0.3ms
[2025-12-25T12:13:45.768+0000][gc,phases   ] GC(15)   Evacuate Collection Set: 11.6ms
[2025-12-25T12:13:45.768+0000][gc,phases   ] GC(15)   Post Evacuate Collection Set: 1.3ms
[2025-12-25T12:13:45.768+0000][gc,phases   ] GC(15)   Other: 0.5ms
[2025-12-25T12:13:45.768+0000][gc,heap     ] GC(15) Eden regions: 610->0(610)
[2025-12-25T12:13:45.768+0000][gc,heap     ] GC(15) Survivor regions: 4->4(77)
[2025-12-25T12:13:45.768+0000][gc,heap     ] GC(15) Old regions: 17->17
[2025-12-25T12:13:45.768+0000][gc,heap     ] GC(15) Humongous regions: 2->2
[2025-12-25T12:13:45.768+0000][gc,metaspace] GC(15) Metaspace: 10087K(10432K)->10087K(10432K) NonClass: 9102K(9280K)->9102K(9280K) Class: 984K(1152K)->984K(1152K)
[2025-12-25T12:13:45.768+0000][gc          ] GC(15) Pause Young (Normal) (G1 Evacuation Pause) 631M->21M(1024M) 21.691ms
[2025-12-25T12:13:45.768+0000][gc,cpu      ] GC(15) User=0.09s Sys=0.00s Real=0.02s
[2025-12-25T12:14:46.261+0000][gc,start    ] GC(16) Pause Young (Normal) (G1 Evacuation Pause)
[2025-12-25T12:14:46.262+0000][gc,task     ] GC(16) Using 8 workers of 8 for evacuation
[2025-12-25T12:14:46.274+0000][gc,phases   ] GC(16)   Pre Evacuate Collection Set: 1.5ms
[2025-12-25T12:14:46.274+0000][gc,phases   ] GC(16)   Merge Heap Roots: 0.2ms
[2025-12-25T12:14:46.274+0000][gc,phases   ] GC(16)   Evacuate Collection Set: 7.2ms
[2025-12-25T12:14:46.274+0000][gc,phases   ] GC(16)   Post Evacuate Collection Set: 2.4ms
[2025-12-25T12:14:46.274+0000][gc,phases   ] GC(16)   Other: 0.8ms
[2025-12-25T12:14:46.274+0000][gc,heap     ] GC(16) Eden regions: 610->0(611)
[2025-12-25T12:14:46.274+0000][gc,heap     ] GC(16) Survivor regions: 4->3(77)
[2025-12-25T12:14:46.274+0000][gc,heap     ] GC(16) Old regions: 17->17
[2025-12-25T12:14:46.274+0000][gc,heap     ] GC(16) Humongous regions: 2->2
[2025-12-25T12:14:46.274+0000][gc,metaspace] GC(16) Metaspace: 10110K(10432K)->10110K(10432K) NonClass: 9125K(9280K)->9125K(9280K) Class: 984K(1152K)->984K(1152K)
[2025-12-25T12:14:46.274+0000][gc          ] GC(16) Pause Young (Normal) (G1 Evacuation Pause) 631M->21M(1024M) 13.882ms
[2025-12-25T12:14:46.275+0000][gc,cpu      ] GC(16) User=0.06s Sys=0.00s Real=0.01s
[2025-12-25T12:15:45.654+0000][gc,start    ] GC(17) Pause Young (Normal) (G1 Evacuation Pause)
[2025-12-25T12:15:45.654+0000][gc,task     ] GC(17) Using 8 workers of 8 for evacuation
[2025-12-25T12:15:45.661+0000][gc,phases   ] GC(17)   Pre Evacuate Collection Set: 1.1ms
[2025-12-25T12:15:45.661+0000][gc,phases   ] GC(17)   Merge Heap Roots: 0.2ms
[2025-12-25T12:15:45.661+0000][gc,phases   ] GC(17)   Evacuate Collection Set: 4.6ms
[2025-12-25T12:15:45.661+0000][gc,phases   ] GC(17)   Post Evacuate Collection Set: 1.0ms
[2025-12-25T12:15:45.661+0000][gc,phases   ] GC(17)   Other: 0.3ms
[2025-12-25T12:15:45.662+0000][gc,heap     ] GC(17) Eden regions: 611->0(611)
[2025-12-25T12:15:45.662+0000][gc,heap     ] GC(17) Survivor regions: 3->3(77)
[2025-12-25T12:15:45.662+0000][gc,heap     ] GC(17) Old regions: 17->18
[2025-12-25T12:15:45.662+0000][gc,heap     ] GC(17) Humongous regions: 2->2
[2025-12-25T12:15:45.662+0000][gc,metaspace] GC(17) Metaspace: 10128K(10432K)->10128K(10432K) NonClass: 9144K(9280K)->9144K(9280K) Class: 984K(1152K)->984K(1152K)
[2025-12-25T12:15:45.662+0000][gc          ] GC(17) Pause Young (Normal) (G1 Evacuation Pause) 632M->21M(1024M) 8.236ms
[2025-12-25T12:15:45.662+0000][gc,cpu      ] GC(17) User=0.05s Sys=0.00s Real=0.01s
[2025-12-25T12:16:45.776+0000][gc,start    ] GC(18) Pause Young (Normal) (G1 Evacuation Pause)
[2025-12-25T12:16:45.778+0000][gc,task     ] GC(18) Using 8 workers of 8 for evacuation
[2025-12-25T12:16:45.793+0000][gc,phases   ] GC(18)   Pre Evacuate Collection Set: 3.9ms
[2025-12-25T12:16:45.794+0000][gc,phases   ] GC(18)   Merge Heap Roots: 0.2ms
[2025-12-25T12:16:45.794+0000][gc,phases   ] GC(18)   Evacuate Collection Set: 8.8ms
[2025-12-25T12:16:45.794+0000][gc,phases   ] GC(18)   Post Evacuate Collection Set: 1.8ms
[2025-12-25T12:16:45.794+0000][gc,phases   ] GC(18)   Other: 1.5ms
[2025-12-25T12:16:45.794+0000][gc,heap     ] GC(18) Eden regions: 611->0(612)
[2025-12-25T12:16:45.794+0000][gc,heap     ] GC(18) Survivor regions: 3->2(77)
[2025-12-25T12:16:45.794+0000][gc,heap     ] GC(18) Old regions: 18->18
[2025-12-25T12:16:45.794+0000][gc,heap     ] GC(18) Humongous regions: 2->2
[2025-12-25T12:16:45.794+0000][gc,metaspace] GC(18) Metaspace: 10170K(10496K)->10170K(10496K) NonClass: 9184K(9344K)->9184K(9344K) Class: 985K(1152K)->985K(1152K)
[2025-12-25T12:16:45.794+0000][gc          ] GC(18) Pause Young (Normal) (G1 Evacuation Pause) 632M->21M(1024M) 17.986ms
[2025-12-25T12:16:45.794+0000][gc,cpu      ] GC(18) User=0.07s Sys=0.00s Real=0.01s
[2025-12-25T12:17:45.694+0000][gc,start    ] GC(19) Pause Young (Normal) (G1 Evacuation Pause)
[2025-12-25T12:17:45.694+0000][gc,task     ] GC(19) Using 8 workers of 8 for evacuation
[2025-12-25T12:17:45.709+0000][gc,phases   ] GC(19)   Pre Evacuate Collection Set: 5.0ms
[2025-12-25T12:17:45.709+0000][gc,phases   ] GC(19)   Merge Heap Roots: 0.3ms
[2025-12-25T12:17:45.709+0000][gc,phases   ] GC(19)   Evacuate Collection Set: 8.2ms
[2025-12-25T12:17:45.709+0000][gc,phases   ] GC(19)   Post Evacuate Collection Set: 1.1ms
[2025-12-25T12:17:45.709+0000][gc,phases   ] GC(19)   Other: 0.5ms
[2025-12-25T12:17:45.709+0000][gc,heap     ] GC(19) Eden regions: 612->0(612)
[2025-12-25T12:17:45.709+0000][gc,heap     ] GC(19) Survivor regions: 2->2(77)
[2025-12-25T12:17:45.710+0000][gc,heap     ] GC(19) Old regions: 18->19
[2025-12-25T12:17:45.710+0000][gc,heap     ] GC(19) Humongous regions: 2->2
[2025-12-25T12:17:45.710+0000][gc,metaspace] GC(19) Metaspace: 10186K(10496K)->10186K(10496K) NonClass: 9200K(9344K)->9200K(9344K) Class: 985K(1152K)->985K(1152K)
[2025-12-25T12:17:45.710+0000][gc          ] GC(19) Pause Young (Normal) (G1 Evacuation Pause) 633M->21M(1024M) 16.036ms
[2025-12-25T12:17:45.710+0000][gc,cpu      ] GC(19) User=0.08s Sys=0.00s Real=0.01s
[2025-12-25T12:18:45.675+0000][gc,start    ] GC(20) Pause Young (Normal) (G1 Evacuation Pause)
[2025-12-25T12:18:45.676+0000][gc,task     ] GC(20) Using 8 workers of 8 for evacuation
[2025-12-25T12:18:45.684+0000][gc,phases   ] GC(20)   Pre Evacuate Collection Set: 1.7ms
[2025-12-25T12:18:45.684+0000][gc,phases   ] GC(20)   Merge Heap Roots: 0.4ms
[2025-12-25T12:18:45.684+0000][gc,phases   ] GC(20)   Evacuate Collection Set: 4.0ms
[2025-12-25T12:18:45.684+0000][gc,phases   ] GC(20)   Post Evacuate Collection Set: 1.9ms
[2025-12-25T12:18:45.685+0000][gc,phases   ] GC(20)   Other: 0.3ms
[2025-12-25T12:18:45.685+0000][gc,heap     ] GC(20) Eden regions: 612->0(612)
[2025-12-25T12:18:45.685+0000][gc,heap     ] GC(20) Survivor regions: 2->2(77)
[2025-12-25T12:18:45.685+0000][gc,heap     ] GC(20) Old regions: 19->19
[2025-12-25T12:18:45.685+0000][gc,heap     ] GC(20) Humongous regions: 2->2
[2025-12-25T12:18:45.685+0000][gc,metaspace] GC(20) Metaspace: 10204K(10496K)->10204K(10496K) NonClass: 9218K(9344K)->9218K(9344K) Class: 985K(1152K)->985K(1152K)
[2025-12-25T12:18:45.685+0000][gc          ] GC(20) Pause Young (Normal) (G1 Evacuation Pause) 633M->21M(1024M) 9.877ms
[2025-12-25T12:18:45.685+0000][gc,cpu      ] GC(20) User=0.04s Sys=0.00s Real=0.01s
[2025-12-25T12:19:45.628+0000][gc,start    ] GC(21) Pause Young (Normal) (G1 Evacuation Pause)
[2025-12-25T12:19:45.629+0000][gc,task     ] GC(21) Using 8 workers of 8 for evacuation
[2025-12-25T12:19:45.637+0000][gc,phases   ] GC(21)   Pre Evacuate Collection Set: 1.1ms
[2025-12-25T12:19:45.637+0000][gc,phases   ] GC(21)   Merge Heap Roots: 0.2ms
[2025-12-25T12:19:45.637+0000][gc,phases   ] GC(21)   Evacuate Collection Set: 5.0ms
[2025-12-25T12:19:45.637+0000][gc,phases   ] GC(21)   Post Evacuate Collection Set: 1.7ms
[2025-12-25T12:19:45.637+0000][gc,phases   ] GC(21)   Other: 0.3ms
[2025-12-25T12:19:45.638+0000][gc,heap     ] GC(21) Eden regions: 612->0(612)
[2025-12-25T12:19:45.638+0000][gc,heap     ] GC(21) Survivor regions: 2->2(77)
[2025-12-25T12:19:45.638+0000][gc,heap     ] GC(21) Old regions: 19->19
[2025-12-25T12:19:45.638+0000][gc,heap     ] GC(21) Humongous regions: 2->2
[2025-12-25T12:19:45.638+0000][gc,metaspace] GC(21) Metaspace: 10228K(10560K)->10228K(10560K) NonClass: 9242K(9408K)->9242K(9408K) Class: 986K(1152K)->986K(1152K)
[2025-12-25T12:19:45.638+0000][gc          ] GC(21) Pause Young (Normal) (G1 Evacuation Pause) 633M->21M(1024M) 10.018ms
[2025-12-25T12:19:45.638+0000][gc,cpu      ] GC(21) User=0.03s Sys=0.00s Real=0.01s
[2025-12-25T12:20:45.780+0000][gc,start    ] GC(22) Pause Young (Normal) (G1 Evacuation Pause)
[2025-12-25T12:20:45.781+0000][gc,task     ] GC(22) Using 8 workers of 8 for evacuation
[2025-12-25T12:20:45.790+0000][gc,phases   ] GC(22)   Pre Evacuate Collection Set: 2.1ms
[2025-12-25T12:20:45.790+0000][gc,phases   ] GC(22)   Merge Heap Roots: 0.1ms
[2025-12-25T12:20:45.790+0000][gc,phases   ] GC(22)   Evacuate Collection Set: 4.7ms
[2025-12-25T12:20:45.790+0000][gc,phases   ] GC(22)   Post Evacuate Collection Set: 1.4ms
[2025-12-25T12:20:45.790+0000][gc,phases   ] GC(22)   Other: 0.7ms
[2025-12-25T12:20:45.790+0000][gc,heap     ] GC(22) Eden regions: 612->0(612)
[2025-12-25T12:20:45.790+0000][gc,heap     ] GC(22) Survivor regions: 2->2(77)
[2025-12-25T12:20:45.790+0000][gc,heap     ] GC(22) Old regions: 19->19
[2025-12-25T12:20:45.790+0000][gc,heap     ] GC(22) Humongous regions: 2->2
[2025-12-25T12:20:45.790+0000][gc,metaspace] GC(22) Metaspace: 10236K(10560K)->10236K(10560K) NonClass: 9249K(9408K)->9249K(9408K) Class: 986K(1152K)->986K(1152K)
[2025-12-25T12:20:45.790+0000][gc          ] GC(22) Pause Young (Normal) (G1 Evacuation Pause) 633M->21M(1024M) 10.659ms
[2025-12-25T12:20:45.791+0000][gc,cpu      ] GC(22) User=0.05s Sys=0.00s Real=0.01s
[2025-12-25T12:21:45.628+0000][gc,start    ] GC(23) Pause Young (Normal) (G1 Evacuation Pause)
[2025-12-25T12:21:45.629+0000][gc,task     ] GC(23) Using 8 workers of 8 for evacuation
[2025-12-25T12:21:45.637+0000][gc,phases   ] GC(23)   Pre Evacuate Collection Set: 1.6ms
[2025-12-25T12:21:45.637+0000][gc,phases   ] GC(23)   Merge Heap Roots: 0.2ms
[2025-12-25T12:21:45.637+0000][gc,phases   ] GC(23)   Evacuate Collection Set: 3.6ms
[2025-12-25T12:21:45.637+0000][gc,phases   ] GC(23)   Post Evacuate Collection Set: 1.3ms
[2025-12-25T12:21:45.637+0000][gc,phases   ] GC(23)   Other: 0.4ms
[2025-12-25T12:21:45.637+0000][gc,heap     ] GC(23) Eden regions: 612->0(612)
[2025-12-25T12:21:45.637+0000][gc,heap     ] GC(23) Survivor regions: 2->2(77)
[2025-12-25T12:21:45.637+0000][gc,heap     ] GC(23) Old regions: 19->19
[2025-12-25T12:21:45.637+0000][gc,heap     ] GC(23) Humongous regions: 2->2
[2025-12-25T12:21:45.637+0000][gc,metaspace] GC(23) Metaspace: 10248K(10624K)->10248K(10624K) NonClass: 9261K(9472K)->9261K(9472K) Class: 986K(1152K)->986K(1152K)
[2025-12-25T12:21:45.637+0000][gc          ] GC(23) Pause Young (Normal) (G1 Evacuation Pause) 633M->21M(1024M) 8.820ms
[2025-12-25T12:21:45.637+0000][gc,cpu      ] GC(23) User=0.03s Sys=0.00s Real=0.01s
[2025-12-25T12:22:45.644+0000][gc,start    ] GC(24) Pause Young (Normal) (G1 Evacuation Pause)
[2025-12-25T12:22:45.645+0000][gc,task     ] GC(24) Using 8 workers of 8 for evacuation
[2025-12-25T12:22:45.656+0000][gc,phases   ] GC(24)   Pre Evacuate Collection Set: 1.3ms
[2025-12-25T12:22:45.656+0000][gc,phases   ] GC(24)   Merge Heap Roots: 0.4ms
[2025-12-25T12:22:45.656+0000][gc,phases   ] GC(24)   Evacuate Collection Set: 7.5ms
[2025-12-25T12:22:45.656+0000][gc,phases   ] GC(24)   Post Evacuate Collection Set: 1.3ms
[2025-12-25T12:22:45.656+0000][gc,phases   ] GC(24)   Other: 0.5ms
[2025-12-25T12:22:45.656+0000][gc,heap     ] GC(24) Eden regions: 612->0(612)
[2025-12-25T12:22:45.656+0000][gc,heap     ] GC(24) Survivor regions: 2->2(77)
[2025-12-25T12:22:45.656+0000][gc,heap     ] GC(24) Old regions: 19->19
[2025-12-25T12:22:45.657+0000][gc,heap     ] GC(24) Humongous regions: 2->2
[2025-12-25T12:22:45.657+0000][gc,metaspace] GC(24) Metaspace: 10285K(10624K)->10285K(10624K) NonClass: 9298K(9472K)->9298K(9472K) Class: 986K(1152K)->986K(1152K)
[2025-12-25T12:22:45.657+0000][gc          ] GC(24) Pause Young (Normal) (G1 Evacuation Pause) 633M->21M(1024M) 12.477ms
[2025-12-25T12:22:45.657+0000][gc,cpu      ] GC(24) User=0.06s Sys=0.00s Real=0.02s
[2025-12-25T12:23:45.580+0000][gc,start    ] GC(25) Pause Young (Normal) (G1 Evacuation Pause)
[2025-12-25T12:23:45.580+0000][gc,task     ] GC(25) Using 8 workers of 8 for evacuation
[2025-12-25T12:23:45.596+0000][gc,phases   ] GC(25)   Pre Evacuate Collection Set: 1.8ms
[2025-12-25T12:23:45.596+0000][gc,phases   ] GC(25)   Merge Heap Roots: 0.2ms
[2025-12-25T12:23:45.597+0000][gc,phases   ] GC(25)   Evacuate Collection Set: 12.4ms
[2025-12-25T12:23:45.597+0000][gc,phases   ] GC(25)   Post Evacuate Collection Set: 1.3ms
[2025-12-25T12:23:45.597+0000][gc,phases   ] GC(25)   Other: 0.3ms
[2025-12-25T12:23:45.597+0000][gc,heap     ] GC(25) Eden regions: 612->0(612)
[2025-12-25T12:23:45.597+0000][gc,heap     ] GC(25) Survivor regions: 2->2(77)
[2025-12-25T12:23:45.597+0000][gc,heap     ] GC(25) Old regions: 19->19
[2025-12-25T12:23:45.597+0000][gc,heap     ] GC(25) Humongous regions: 2->2
[2025-12-25T12:23:45.597+0000][gc,metaspace] GC(25) Metaspace: 10526K(10944K)->10526K(10944K) NonClass: 9504K(9728K)->9504K(9728K) Class: 1022K(1216K)->1022K(1216K)
[2025-12-25T12:23:45.597+0000][gc          ] GC(25) Pause Young (Normal) (G1 Evacuation Pause) 633M->21M(1024M) 17.110ms
[2025-12-25T12:23:45.597+0000][gc,cpu      ] GC(25) User=0.05s Sys=0.06s Real=0.02s
[2025-12-25T12:24:45.576+0000][gc,start    ] GC(26) Pause Young (Normal) (G1 Evacuation Pause)
[2025-12-25T12:24:45.576+0000][gc,task     ] GC(26) Using 8 workers of 8 for evacuation
[2025-12-25T12:24:45.592+0000][gc,phases   ] GC(26)   Pre Evacuate Collection Set: 1.5ms
[2025-12-25T12:24:45.592+0000][gc,phases   ] GC(26)   Merge Heap Roots: 0.2ms
[2025-12-25T12:24:45.592+0000][gc,phases   ] GC(26)   Evacuate Collection Set: 10.0ms
[2025-12-25T12:24:45.592+0000][gc,phases   ] GC(26)   Post Evacuate Collection Set: 3.1ms
[2025-12-25T12:24:45.592+0000][gc,phases   ] GC(26)   Other: 0.4ms
[2025-12-25T12:24:45.592+0000][gc,heap     ] GC(26) Eden regions: 612->0(612)
[2025-12-25T12:24:45.593+0000][gc,heap     ] GC(26) Survivor regions: 2->2(77)
[2025-12-25T12:24:45.593+0000][gc,heap     ] GC(26) Old regions: 19->19
[2025-12-25T12:24:45.593+0000][gc,heap     ] GC(26) Humongous regions: 2->2
[2025-12-25T12:24:45.593+0000][gc,metaspace] GC(26) Metaspace: 10527K(10944K)->10527K(10944K) NonClass: 9504K(9728K)->9504K(9728K) Class: 1022K(1216K)->1022K(1216K)
[2025-12-25T12:24:45.593+0000][gc          ] GC(26) Pause Young (Normal) (G1 Evacuation Pause) 633M->21M(1024M) 17.217ms
[2025-12-25T12:24:45.593+0000][gc,cpu      ] GC(26) User=0.10s Sys=0.00s Real=0.01s
[2025-12-25T12:25:45.572+0000][gc,start    ] GC(27) Pause Young (Normal) (G1 Evacuation Pause)
[2025-12-25T12:25:45.573+0000][gc,task     ] GC(27) Using 8 workers of 8 for evacuation
[2025-12-25T12:25:45.590+0000][gc,phases   ] GC(27)   Pre Evacuate Collection Set: 1.1ms
[2025-12-25T12:25:45.590+0000][gc,phases   ] GC(27)   Merge Heap Roots: 0.4ms
[2025-12-25T12:25:45.591+0000][gc,phases   ] GC(27)   Evacuate Collection Set: 13.7ms
[2025-12-25T12:25:45.591+0000][gc,phases   ] GC(27)   Post Evacuate Collection Set: 1.6ms
[2025-12-25T12:25:45.591+0000][gc,phases   ] GC(27)   Other: 0.4ms
[2025-12-25T12:25:45.591+0000][gc,heap     ] GC(27) Eden regions: 612->0(613)
[2025-12-25T12:25:45.591+0000][gc,heap     ] GC(27) Survivor regions: 2->1(77)
[2025-12-25T12:25:45.591+0000][gc,heap     ] GC(27) Old regions: 19->19
[2025-12-25T12:25:45.591+0000][gc,heap     ] GC(27) Humongous regions: 2->2
[2025-12-25T12:25:45.591+0000][gc,metaspace] GC(27) Metaspace: 10527K(10944K)->10527K(10944K) NonClass: 9505K(9728K)->9505K(9728K) Class: 1022K(1216K)->1022K(1216K)
[2025-12-25T12:25:45.591+0000][gc          ] GC(27) Pause Young (Normal) (G1 Evacuation Pause) 633M->21M(1024M) 19.538ms
[2025-12-25T12:25:45.591+0000][gc,cpu      ] GC(27) User=0.10s Sys=0.01s Real=0.02s
[2025-12-25T12:26:45.510+0000][gc,start    ] GC(28) Pause Young (Normal) (G1 Evacuation Pause)
[2025-12-25T12:26:45.510+0000][gc,task     ] GC(28) Using 8 workers of 8 for evacuation
[2025-12-25T12:26:45.521+0000][gc,phases   ] GC(28)   Pre Evacuate Collection Set: 1.4ms
[2025-12-25T12:26:45.521+0000][gc,phases   ] GC(28)   Merge Heap Roots: 0.2ms
[2025-12-25T12:26:45.521+0000][gc,phases   ] GC(28)   Evacuate Collection Set: 7.4ms
[2025-12-25T12:26:45.521+0000][gc,phases   ] GC(28)   Post Evacuate Collection Set: 1.4ms
[2025-12-25T12:26:45.521+0000][gc,phases   ] GC(28)   Other: 0.2ms
[2025-12-25T12:26:45.521+0000][gc,heap     ] GC(28) Eden regions: 613->0(613)
[2025-12-25T12:26:45.521+0000][gc,heap     ] GC(28) Survivor regions: 1->1(77)
[2025-12-25T12:26:45.521+0000][gc,heap     ] GC(28) Old regions: 19->19
[2025-12-25T12:26:45.521+0000][gc,heap     ] GC(28) Humongous regions: 2->2
[2025-12-25T12:26:45.521+0000][gc,metaspace] GC(28) Metaspace: 10527K(10944K)->10527K(10944K) NonClass: 9505K(9728K)->9505K(9728K) Class: 1022K(1216K)->1022K(1216K)
[2025-12-25T12:26:45.521+0000][gc          ] GC(28) Pause Young (Normal) (G1 Evacuation Pause) 634M->21M(1024M) 11.752ms
[2025-12-25T12:26:45.521+0000][gc,cpu      ] GC(28) User=0.07s Sys=0.00s Real=0.02s
[2025-12-25T12:27:45.517+0000][gc,start    ] GC(29) Pause Young (Normal) (G1 Evacuation Pause)
[2025-12-25T12:27:45.518+0000][gc,task     ] GC(29) Using 8 workers of 8 for evacuation
[2025-12-25T12:27:45.532+0000][gc,phases   ] GC(29)   Pre Evacuate Collection Set: 1.6ms
[2025-12-25T12:27:45.532+0000][gc,phases   ] GC(29)   Merge Heap Roots: 0.2ms
[2025-12-25T12:27:45.532+0000][gc,phases   ] GC(29)   Evacuate Collection Set: 7.9ms
[2025-12-25T12:27:45.532+0000][gc,phases   ] GC(29)   Post Evacuate Collection Set: 3.7ms
[2025-12-25T12:27:45.532+0000][gc,phases   ] GC(29)   Other: 0.3ms
[2025-12-25T12:27:45.532+0000][gc,heap     ] GC(29) Eden regions: 613->0(613)
[2025-12-25T12:27:45.532+0000][gc,heap     ] GC(29) Survivor regions: 1->1(77)
[2025-12-25T12:27:45.532+0000][gc,heap     ] GC(29) Old regions: 19->19
[2025-12-25T12:27:45.532+0000][gc,heap     ] GC(29) Humongous regions: 2->2
[2025-12-25T12:27:45.532+0000][gc,metaspace] GC(29) Metaspace: 10528K(10944K)->10528K(10944K) NonClass: 9505K(9728K)->9505K(9728K) Class: 1022K(1216K)->1022K(1216K)
[2025-12-25T12:27:45.532+0000][gc          ] GC(29) Pause Young (Normal) (G1 Evacuation Pause) 634M->21M(1024M) 15.344ms
[2025-12-25T12:27:45.532+0000][gc,cpu      ] GC(29) User=0.07s Sys=0.00s Real=0.02s
[2025-12-25T12:28:45.486+0000][gc,start    ] GC(30) Pause Young (Normal) (G1 Evacuation Pause)
[2025-12-25T12:28:45.487+0000][gc,task     ] GC(30) Using 8 workers of 8 for evacuation
[2025-12-25T12:28:45.493+0000][gc,phases   ] GC(30)   Pre Evacuate Collection Set: 1.4ms
[2025-12-25T12:28:45.493+0000][gc,phases   ] GC(30)   Merge Heap Roots: 0.2ms
[2025-12-25T12:28:45.493+0000][gc,phases   ] GC(30)   Evacuate Collection Set: 3.0ms
[2025-12-25T12:28:45.493+0000][gc,phases   ] GC(30)   Post Evacuate Collection Set: 1.2ms
[2025-12-25T12:28:45.493+0000][gc,phases   ] GC(30)   Other: 0.3ms
[2025-12-25T12:28:45.493+0000][gc,heap     ] GC(30) Eden regions: 613->0(613)
[2025-12-25T12:28:45.493+0000][gc,heap     ] GC(30) Survivor regions: 1->1(77)
[2025-12-25T12:28:45.493+0000][gc,heap     ] GC(30) Old regions: 19->19
[2025-12-25T12:28:45.493+0000][gc,heap     ] GC(30) Humongous regions: 2->2
[2025-12-25T12:28:45.493+0000][gc,metaspace] GC(30) Metaspace: 10532K(10944K)->10532K(10944K) NonClass: 9510K(9728K)->9510K(9728K) Class: 1022K(1216K)->1022K(1216K)
[2025-12-25T12:28:45.493+0000][gc          ] GC(30) Pause Young (Normal) (G1 Evacuation Pause) 634M->21M(1024M) 7.428ms
[2025-12-25T12:28:45.493+0000][gc,cpu      ] GC(30) User=0.03s Sys=0.00s Real=0.01s
[2025-12-25T12:29:45.513+0000][gc,start    ] GC(31) Pause Young (Normal) (G1 Evacuation Pause)
[2025-12-25T12:29:45.514+0000][gc,task     ] GC(31) Using 8 workers of 8 for evacuation
[2025-12-25T12:29:45.524+0000][gc,phases   ] GC(31)   Pre Evacuate Collection Set: 1.6ms
[2025-12-25T12:29:45.525+0000][gc,phases   ] GC(31)   Merge Heap Roots: 0.2ms
[2025-12-25T12:29:45.525+0000][gc,phases   ] GC(31)   Evacuate Collection Set: 5.5ms
[2025-12-25T12:29:45.525+0000][gc,phases   ] GC(31)   Post Evacuate Collection Set: 2.8ms
[2025-12-25T12:29:45.525+0000][gc,phases   ] GC(31)   Other: 0.8ms
[2025-12-25T12:29:45.525+0000][gc,heap     ] GC(31) Eden regions: 613->0(613)
[2025-12-25T12:29:45.525+0000][gc,heap     ] GC(31) Survivor regions: 1->1(77)
[2025-12-25T12:29:45.525+0000][gc,heap     ] GC(31) Old regions: 19->19
[2025-12-25T12:29:45.525+0000][gc,heap     ] GC(31) Humongous regions: 2->2
[2025-12-25T12:29:45.525+0000][gc,metaspace] GC(31) Metaspace: 10533K(10944K)->10533K(10944K) NonClass: 9511K(9728K)->9511K(9728K) Class: 1022K(1216K)->1022K(1216K)
[2025-12-25T12:29:45.525+0000][gc          ] GC(31) Pause Young (Normal) (G1 Evacuation Pause) 634M->21M(1024M) 12.850ms
[2025-12-25T12:29:45.526+0000][gc,cpu      ] GC(31) User=0.06s Sys=0.01s Real=0.01s
[2025-12-25T12:30:45.497+0000][gc,start    ] GC(32) Pause Young (Normal) (G1 Evacuation Pause)
[2025-12-25T12:30:45.498+0000][gc,task     ] GC(32) Using 8 workers of 8 for evacuation
[2025-12-25T12:30:45.505+0000][gc,phases   ] GC(32)   Pre Evacuate Collection Set: 1.5ms
[2025-12-25T12:30:45.505+0000][gc,phases   ] GC(32)   Merge Heap Roots: 0.2ms
[2025-12-25T12:30:45.506+0000][gc,phases   ] GC(32)   Evacuate Collection Set: 3.5ms
[2025-12-25T12:30:45.506+0000][gc,phases   ] GC(32)   Post Evacuate Collection Set: 1.8ms
[2025-12-25T12:30:45.506+0000][gc,phases   ] GC(32)   Other: 0.4ms
[2025-12-25T12:30:45.506+0000][gc,heap     ] GC(32) Eden regions: 613->0(613)
[2025-12-25T12:30:45.506+0000][gc,heap     ] GC(32) Survivor regions: 1->1(77)
[2025-12-25T12:30:45.506+0000][gc,heap     ] GC(32) Old regions: 19->19
[2025-12-25T12:30:45.506+0000][gc,heap     ] GC(32) Humongous regions: 2->2
[2025-12-25T12:30:45.506+0000][gc,metaspace] GC(32) Metaspace: 10544K(10944K)->10544K(10944K) NonClass: 9522K(9728K)->9522K(9728K) Class: 1022K(1216K)->1022K(1216K)
[2025-12-25T12:30:45.506+0000][gc          ] GC(32) Pause Young (Normal) (G1 Evacuation Pause) 634M->21M(1024M) 9.522ms
[2025-12-25T12:30:45.507+0000][gc,cpu      ] GC(32) User=0.03s Sys=0.00s Real=0.01s
[2025-12-25T12:31:45.457+0000][gc,start    ] GC(33) Pause Young (Normal) (G1 Evacuation Pause)
[2025-12-25T12:31:45.458+0000][gc,task     ] GC(33) Using 8 workers of 8 for evacuation
[2025-12-25T12:31:45.476+0000][gc,phases   ] GC(33)   Pre Evacuate Collection Set: 5.2ms
[2025-12-25T12:31:45.476+0000][gc,phases   ] GC(33)   Merge Heap Roots: 0.7ms
[2025-12-25T12:31:45.476+0000][gc,phases   ] GC(33)   Evacuate Collection Set: 9.7ms
[2025-12-25T12:31:45.477+0000][gc,phases   ] GC(33)   Post Evacuate Collection Set: 2.4ms
[2025-12-25T12:31:45.477+0000][gc,phases   ] GC(33)   Other: 0.6ms
[2025-12-25T12:31:45.477+0000][gc,heap     ] GC(33) Eden regions: 613->0(613)
[2025-12-25T12:31:45.477+0000][gc,heap     ] GC(33) Survivor regions: 1->1(77)
[2025-12-25T12:31:45.477+0000][gc,heap     ] GC(33) Old regions: 19->19
[2025-12-25T12:31:45.477+0000][gc,heap     ] GC(33) Humongous regions: 2->2
[2025-12-25T12:31:45.477+0000][gc,metaspace] GC(33) Metaspace: 10548K(10944K)->10548K(10944K) NonClass: 9526K(9728K)->9526K(9728K) Class: 1022K(1216K)->1022K(1216K)
[2025-12-25T12:31:45.477+0000][gc          ] GC(33) Pause Young (Normal) (G1 Evacuation Pause) 634M->21M(1024M) 20.035ms
[2025-12-25T12:31:45.477+0000][gc,cpu      ] GC(33) User=0.12s Sys=0.01s Real=0.03s
[2025-12-25T12:32:45.465+0000][gc,start    ] GC(34) Pause Young (Normal) (G1 Evacuation Pause)
[2025-12-25T12:32:45.466+0000][gc,task     ] GC(34) Using 8 workers of 8 for evacuation
[2025-12-25T12:32:45.483+0000][gc,phases   ] GC(34)   Pre Evacuate Collection Set: 2.6ms
[2025-12-25T12:32:45.483+0000][gc,phases   ] GC(34)   Merge Heap Roots: 0.3ms
[2025-12-25T12:32:45.483+0000][gc,phases   ] GC(34)   Evacuate Collection Set: 6.8ms
[2025-12-25T12:32:45.484+0000][gc,phases   ] GC(34)   Post Evacuate Collection Set: 3.4ms
[2025-12-25T12:32:45.484+0000][gc,phases   ] GC(34)   Other: 2.8ms
[2025-12-25T12:32:45.484+0000][gc,heap     ] GC(34) Eden regions: 613->0(612)
[2025-12-25T12:32:45.484+0000][gc,heap     ] GC(34) Survivor regions: 1->2(77)
[2025-12-25T12:32:45.484+0000][gc,heap     ] GC(34) Old regions: 19->19
[2025-12-25T12:32:45.484+0000][gc,heap     ] GC(34) Humongous regions: 2->2
[2025-12-25T12:32:45.484+0000][gc,metaspace] GC(34) Metaspace: 10549K(10944K)->10549K(10944K) NonClass: 9527K(9728K)->9527K(9728K) Class: 1022K(1216K)->1022K(1216K)
[2025-12-25T12:32:45.484+0000][gc          ] GC(34) Pause Young (Normal) (G1 Evacuation Pause) 634M->21M(1024M) 19.607ms
[2025-12-25T12:32:45.484+0000][gc,cpu      ] GC(34) User=0.08s Sys=0.00s Real=0.02s
[2025-12-25T12:33:35.804+0000][gc,start    ] GC(35) Pause Young (Normal) (G1 Evacuation Pause)
[2025-12-25T12:33:35.805+0000][gc,task     ] GC(35) Using 8 workers of 8 for evacuation
[2025-12-25T12:33:35.816+0000][gc,phases   ] GC(35)   Pre Evacuate Collection Set: 2.7ms
[2025-12-25T12:33:35.816+0000][gc,phases   ] GC(35)   Merge Heap Roots: 0.2ms
[2025-12-25T12:33:35.816+0000][gc,phases   ] GC(35)   Evacuate Collection Set: 6.0ms
[2025-12-25T12:33:35.816+0000][gc,phases   ] GC(35)   Post Evacuate Collection Set: 1.1ms
[2025-12-25T12:33:35.816+0000][gc,phases   ] GC(35)   Other: 0.6ms
[2025-12-25T12:33:35.816+0000][gc,heap     ] GC(35) Eden regions: 612->0(612)
[2025-12-25T12:33:35.816+0000][gc,heap     ] GC(35) Survivor regions: 2->2(77)
[2025-12-25T12:33:35.816+0000][gc,heap     ] GC(35) Old regions: 19->19
[2025-12-25T12:33:35.816+0000][gc,heap     ] GC(35) Humongous regions: 2->2
[2025-12-25T12:33:35.816+0000][gc,metaspace] GC(35) Metaspace: 10564K(10944K)->10564K(10944K) NonClass: 9542K(9728K)->9542K(9728K) Class: 1022K(1216K)->1022K(1216K)
[2025-12-25T12:33:35.816+0000][gc          ] GC(35) Pause Young (Normal) (G1 Evacuation Pause) 633M->22M(1024M) 12.339ms
[2025-12-25T12:33:35.816+0000][gc,cpu      ] GC(35) User=0.05s Sys=0.01s Real=0.02s
[2025-12-25T12:46:57.545+0000][gc,start    ] GC(36) Pause Young (Normal) (G1 Evacuation Pause)
[2025-12-25T12:46:57.546+0000][gc,task     ] GC(36) Using 8 workers of 8 for evacuation
[2025-12-25T12:46:57.556+0000][gc,phases   ] GC(36)   Pre Evacuate Collection Set: 2.0ms
[2025-12-25T12:46:57.557+0000][gc,phases   ] GC(36)   Merge Heap Roots: 0.4ms
[2025-12-25T12:46:57.557+0000][gc,phases   ] GC(36)   Evacuate Collection Set: 6.8ms
[2025-12-25T12:46:57.557+0000][gc,phases   ] GC(36)   Post Evacuate Collection Set: 1.3ms
[2025-12-25T12:46:57.557+0000][gc,phases   ] GC(36)   Other: 0.2ms
[2025-12-25T12:46:57.557+0000][gc,heap     ] GC(36) Eden regions: 612->0(611)
[2025-12-25T12:46:57.557+0000][gc,heap     ] GC(36) Survivor regions: 2->3(77)
[2025-12-25T12:46:57.557+0000][gc,heap     ] GC(36) Old regions: 19->19
[2025-12-25T12:46:57.557+0000][gc,heap     ] GC(36) Humongous regions: 2->2
[2025-12-25T12:46:57.557+0000][gc,metaspace] GC(36) Metaspace: 10649K(11008K)->10649K(11008K) NonClass: 9619K(9792K)->9619K(9792K) Class: 1030K(1216K)->1030K(1216K)
[2025-12-25T12:46:57.557+0000][gc          ] GC(36) Pause Young (Normal) (G1 Evacuation Pause) 634M->22M(1024M) 11.970ms
[2025-12-25T12:46:57.557+0000][gc,cpu      ] GC(36) User=0.04s Sys=0.00s Real=0.01s
[2025-12-25T12:47:57.370+0000][gc,start    ] GC(37) Pause Young (Normal) (G1 Evacuation Pause)
[2025-12-25T12:47:57.372+0000][gc,task     ] GC(37) Using 8 workers of 8 for evacuation
[2025-12-25T12:47:57.380+0000][gc,phases   ] GC(37)   Pre Evacuate Collection Set: 2.8ms
[2025-12-25T12:47:57.380+0000][gc,phases   ] GC(37)   Merge Heap Roots: 0.2ms
[2025-12-25T12:47:57.380+0000][gc,phases   ] GC(37)   Evacuate Collection Set: 3.6ms
[2025-12-25T12:47:57.380+0000][gc,phases   ] GC(37)   Post Evacuate Collection Set: 1.0ms
[2025-12-25T12:47:57.380+0000][gc,phases   ] GC(37)   Other: 0.5ms
[2025-12-25T12:47:57.380+0000][gc,heap     ] GC(37) Eden regions: 611->0(612)
[2025-12-25T12:47:57.380+0000][gc,heap     ] GC(37) Survivor regions: 3->2(77)
[2025-12-25T12:47:57.380+0000][gc,heap     ] GC(37) Old regions: 19->19
[2025-12-25T12:47:57.380+0000][gc,heap     ] GC(37) Humongous regions: 2->2
[2025-12-25T12:47:57.380+0000][gc,metaspace] GC(37) Metaspace: 10656K(11008K)->10656K(11008K) NonClass: 9626K(9792K)->9626K(9792K) Class: 1030K(1216K)->1030K(1216K)
[2025-12-25T12:47:57.380+0000][gc          ] GC(37) Pause Young (Normal) (G1 Evacuation Pause) 633M->22M(1024M) 10.648ms
[2025-12-25T12:47:57.380+0000][gc,cpu      ] GC(37) User=0.04s Sys=0.00s Real=0.01s
[2025-12-25T12:48:57.441+0000][gc,start    ] GC(38) Pause Young (Normal) (G1 Evacuation Pause)
[2025-12-25T12:48:57.442+0000][gc,task     ] GC(38) Using 8 workers of 8 for evacuation
[2025-12-25T12:48:57.452+0000][gc,phases   ] GC(38)   Pre Evacuate Collection Set: 1.4ms
[2025-12-25T12:48:57.452+0000][gc,phases   ] GC(38)   Merge Heap Roots: 0.2ms
[2025-12-25T12:48:57.452+0000][gc,phases   ] GC(38)   Evacuate Collection Set: 6.2ms
[2025-12-25T12:48:57.452+0000][gc,phases   ] GC(38)   Post Evacuate Collection Set: 1.6ms
[2025-12-25T12:48:57.452+0000][gc,phases   ] GC(38)   Other: 0.3ms
[2025-12-25T12:48:57.452+0000][gc,heap     ] GC(38) Eden regions: 612->0(612)
[2025-12-25T12:48:57.452+0000][gc,heap     ] GC(38) Survivor regions: 2->2(77)
[2025-12-25T12:48:57.452+0000][gc,heap     ] GC(38) Old regions: 19->19
[2025-12-25T12:48:57.452+0000][gc,heap     ] GC(38) Humongous regions: 2->2
[2025-12-25T12:48:57.453+0000][gc,metaspace] GC(38) Metaspace: 10682K(11072K)->10682K(11072K) NonClass: 9652K(9856K)->9652K(9856K) Class: 1030K(1216K)->1030K(1216K)
[2025-12-25T12:48:57.453+0000][gc          ] GC(38) Pause Young (Normal) (G1 Evacuation Pause) 634M->22M(1024M) 11.142ms
[2025-12-25T12:48:57.453+0000][gc,cpu      ] GC(38) User=0.06s Sys=0.00s Real=0.01s
[2025-12-25T12:49:57.418+0000][gc,start    ] GC(39) Pause Young (Normal) (G1 Evacuation Pause)
[2025-12-25T12:49:57.419+0000][gc,task     ] GC(39) Using 8 workers of 8 for evacuation
[2025-12-25T12:49:57.437+0000][gc,phases   ] GC(39)   Pre Evacuate Collection Set: 2.1ms
[2025-12-25T12:49:57.437+0000][gc,phases   ] GC(39)   Merge Heap Roots: 0.2ms
[2025-12-25T12:49:57.437+0000][gc,phases   ] GC(39)   Evacuate Collection Set: 9.5ms
[2025-12-25T12:49:57.437+0000][gc,phases   ] GC(39)   Post Evacuate Collection Set: 5.2ms
[2025-12-25T12:49:57.438+0000][gc,phases   ] GC(39)   Other: 0.8ms
[2025-12-25T12:49:57.438+0000][gc,heap     ] GC(39) Eden regions: 612->0(612)
[2025-12-25T12:49:57.438+0000][gc,heap     ] GC(39) Survivor regions: 2->2(77)
[2025-12-25T12:49:57.438+0000][gc,heap     ] GC(39) Old regions: 19->19
[2025-12-25T12:49:57.438+0000][gc,heap     ] GC(39) Humongous regions: 2->2
[2025-12-25T12:49:57.438+0000][gc,metaspace] GC(39) Metaspace: 10691K(11072K)->10691K(11072K) NonClass: 9661K(9856K)->9661K(9856K) Class: 1030K(1216K)->1030K(1216K)
[2025-12-25T12:49:57.438+0000][gc          ] GC(39) Pause Young (Normal) (G1 Evacuation Pause) 634M->22M(1024M) 19.571ms
[2025-12-25T12:49:57.438+0000][gc,cpu      ] GC(39) User=0.08s Sys=0.00s Real=0.02s
[2025-12-25T12:50:57.302+0000][gc,start    ] GC(40) Pause Young (Normal) (G1 Evacuation Pause)
[2025-12-25T12:50:57.303+0000][gc,task     ] GC(40) Using 8 workers of 8 for evacuation
[2025-12-25T12:50:57.315+0000][gc,phases   ] GC(40)   Pre Evacuate Collection Set: 1.9ms
[2025-12-25T12:50:57.316+0000][gc,phases   ] GC(40)   Merge Heap Roots: 0.4ms
[2025-12-25T12:50:57.316+0000][gc,phases   ] GC(40)   Evacuate Collection Set: 8.7ms
[2025-12-25T12:50:57.316+0000][gc,phases   ] GC(40)   Post Evacuate Collection Set: 1.3ms
[2025-12-25T12:50:57.316+0000][gc,phases   ] GC(40)   Other: 0.6ms
[2025-12-25T12:50:57.316+0000][gc,heap     ] GC(40) Eden regions: 612->0(612)
[2025-12-25T12:50:57.316+0000][gc,heap     ] GC(40) Survivor regions: 2->2(77)
[2025-12-25T12:50:57.316+0000][gc,heap     ] GC(40) Old regions: 19->19
[2025-12-25T12:50:57.316+0000][gc,heap     ] GC(40) Humongous regions: 2->2
[2025-12-25T12:50:57.316+0000][gc,metaspace] GC(40) Metaspace: 10702K(11072K)->10702K(11072K) NonClass: 9671K(9856K)->9671K(9856K) Class: 1030K(1216K)->1030K(1216K)
[2025-12-25T12:50:57.316+0000][gc          ] GC(40) Pause Young (Normal) (G1 Evacuation Pause) 634M->22M(1024M) 14.130ms
[2025-12-25T12:50:57.316+0000][gc,cpu      ] GC(40) User=0.06s Sys=0.00s Real=0.02s
[2025-12-25T12:51:57.174+0000][gc,start    ] GC(41) Pause Young (Normal) (G1 Evacuation Pause)
[2025-12-25T12:51:57.174+0000][gc,task     ] GC(41) Using 8 workers of 8 for evacuation
[2025-12-25T12:51:57.185+0000][gc,phases   ] GC(41)   Pre Evacuate Collection Set: 1.5ms
[2025-12-25T12:51:57.185+0000][gc,phases   ] GC(41)   Merge Heap Roots: 0.3ms
[2025-12-25T12:51:57.185+0000][gc,phases   ] GC(41)   Evacuate Collection Set: 7.0ms
[2025-12-25T12:51:57.185+0000][gc,phases   ] GC(41)   Post Evacuate Collection Set: 1.7ms
[2025-12-25T12:51:57.185+0000][gc,phases   ] GC(41)   Other: 0.3ms
[2025-12-25T12:51:57.185+0000][gc,heap     ] GC(41) Eden regions: 612->0(612)
[2025-12-25T12:51:57.185+0000][gc,heap     ] GC(41) Survivor regions: 2->2(77)
[2025-12-25T12:51:57.185+0000][gc,heap     ] GC(41) Old regions: 19->19
[2025-12-25T12:51:57.186+0000][gc,heap     ] GC(41) Humongous regions: 2->2
[2025-12-25T12:51:57.186+0000][gc,metaspace] GC(41) Metaspace: 10705K(11072K)->10705K(11072K) NonClass: 9675K(9856K)->9675K(9856K) Class: 1030K(1216K)->1030K(1216K)
[2025-12-25T12:51:57.186+0000][gc          ] GC(41) Pause Young (Normal) (G1 Evacuation Pause) 634M->21M(1024M) 12.085ms
[2025-12-25T12:51:57.186+0000][gc,cpu      ] GC(41) User=0.07s Sys=0.00s Real=0.02s
[2025-12-25T12:52:57.096+0000][gc,start    ] GC(42) Pause Young (Normal) (G1 Evacuation Pause)
[2025-12-25T12:52:57.097+0000][gc,task     ] GC(42) Using 8 workers of 8 for evacuation
[2025-12-25T12:52:57.104+0000][gc,phases   ] GC(42)   Pre Evacuate Collection Set: 1.9ms
[2025-12-25T12:52:57.104+0000][gc,phases   ] GC(42)   Merge Heap Roots: 0.4ms
[2025-12-25T12:52:57.105+0000][gc,phases   ] GC(42)   Evacuate Collection Set: 2.9ms
[2025-12-25T12:52:57.105+0000][gc,phases   ] GC(42)   Post Evacuate Collection Set: 2.0ms
[2025-12-25T12:52:57.105+0000][gc,phases   ] GC(42)   Other: 0.3ms
[2025-12-25T12:52:57.105+0000][gc,heap     ] GC(42) Eden regions: 612->0(613)
[2025-12-25T12:52:57.105+0000][gc,heap     ] GC(42) Survivor regions: 2->1(77)
[2025-12-25T12:52:57.105+0000][gc,heap     ] GC(42) Old regions: 19->19
[2025-12-25T12:52:57.105+0000][gc,heap     ] GC(42) Humongous regions: 2->2
[2025-12-25T12:52:57.105+0000][gc,metaspace] GC(42) Metaspace: 10734K(11072K)->10734K(11072K) NonClass: 9703K(9856K)->9703K(9856K) Class: 1030K(1216K)->1030K(1216K)
[2025-12-25T12:52:57.105+0000][gc          ] GC(42) Pause Young (Normal) (G1 Evacuation Pause) 633M->21M(1024M) 8.729ms
[2025-12-25T12:52:57.105+0000][gc,cpu      ] GC(42) User=0.03s Sys=0.00s Real=0.00s
[2025-12-25T12:53:47.561+0000][gc,start    ] GC(43) Pause Young (Normal) (G1 Evacuation Pause)
[2025-12-25T12:53:47.563+0000][gc,task     ] GC(43) Using 8 workers of 8 for evacuation
[2025-12-25T12:53:47.584+0000][gc,phases   ] GC(43)   Pre Evacuate Collection Set: 1.6ms
[2025-12-25T12:53:47.584+0000][gc,phases   ] GC(43)   Merge Heap Roots: 0.3ms
[2025-12-25T12:53:47.584+0000][gc,phases   ] GC(43)   Evacuate Collection Set: 14.8ms
[2025-12-25T12:53:47.585+0000][gc,phases   ] GC(43)   Post Evacuate Collection Set: 3.0ms
[2025-12-25T12:53:47.585+0000][gc,phases   ] GC(43)   Other: 0.6ms
[2025-12-25T12:53:47.586+0000][gc,heap     ] GC(43) Eden regions: 613->0(611)
[2025-12-25T12:53:47.588+0000][gc,heap     ] GC(43) Survivor regions: 1->3(77)
[2025-12-25T12:53:47.588+0000][gc,heap     ] GC(43) Old regions: 19->20
[2025-12-25T12:53:47.589+0000][gc,heap     ] GC(43) Humongous regions: 2->2
[2025-12-25T12:53:47.589+0000][gc,metaspace] GC(43) Metaspace: 10736K(11072K)->10736K(11072K) NonClass: 9705K(9856K)->9705K(9856K) Class: 1030K(1216K)->1030K(1216K)
[2025-12-25T12:53:47.590+0000][gc          ] GC(43) Pause Young (Normal) (G1 Evacuation Pause) 634M->23M(1024M) 28.406ms
[2025-12-25T12:53:47.590+0000][gc,cpu      ] GC(43) User=0.08s Sys=0.00s Real=0.03s
[2025-12-25T12:54:47.419+0000][gc,start    ] GC(44) Pause Young (Normal) (G1 Evacuation Pause)
[2025-12-25T12:54:47.420+0000][gc,task     ] GC(44) Using 8 workers of 8 for evacuation
[2025-12-25T12:54:47.428+0000][gc,phases   ] GC(44)   Pre Evacuate Collection Set: 1.6ms
[2025-12-25T12:54:47.428+0000][gc,phases   ] GC(44)   Merge Heap Roots: 0.2ms
[2025-12-25T12:54:47.428+0000][gc,phases   ] GC(44)   Evacuate Collection Set: 5.3ms
[2025-12-25T12:54:47.428+0000][gc,phases   ] GC(44)   Post Evacuate Collection Set: 1.2ms
[2025-12-25T12:54:47.429+0000][gc,phases   ] GC(44)   Other: 0.3ms
[2025-12-25T12:54:47.429+0000][gc,heap     ] GC(44) Eden regions: 611->0(612)
[2025-12-25T12:54:47.429+0000][gc,heap     ] GC(44) Survivor regions: 3->2(77)
[2025-12-25T12:54:47.429+0000][gc,heap     ] GC(44) Old regions: 20->20
[2025-12-25T12:54:47.429+0000][gc,heap     ] GC(44) Humongous regions: 2->2
[2025-12-25T12:54:47.429+0000][gc,metaspace] GC(44) Metaspace: 10754K(11136K)->10754K(11136K) NonClass: 9723K(9920K)->9723K(9920K) Class: 1030K(1216K)->1030K(1216K)
[2025-12-25T12:54:47.429+0000][gc          ] GC(44) Pause Young (Normal) (G1 Evacuation Pause) 634M->22M(1024M) 10.048ms
[2025-12-25T12:54:47.429+0000][gc,cpu      ] GC(44) User=0.04s Sys=0.00s Real=0.01s
