[2025-12-24T14:06:57.453+0000][gc,init] CardTable entry size: 512
[2025-12-24T14:06:57.462+0000][gc     ] Using G1
[2025-12-24T14:06:57.495+0000][gc,init] Version: 21.0.4+7-LTS (release)
[2025-12-24T14:06:57.495+0000][gc,init] CPUs: 8 total, 8 available
[2025-12-24T14:06:57.495+0000][gc,init] Memory: 13709M
[2025-12-24T14:06:57.495+0000][gc,init] Large Page Support: Disabled
[2025-12-24T14:06:57.495+0000][gc,init] NUMA Support: Disabled
[2025-12-24T14:06:57.495+0000][gc,init] Compressed Oops: Enabled (32-bit)
[2025-12-24T14:06:57.495+0000][gc,init] Heap Region Size: 1M
[2025-12-24T14:06:57.495+0000][gc,init] Heap Min Capacity: 1G
[2025-12-24T14:06:57.495+0000][gc,init] Heap Initial Capacity: 1G
[2025-12-24T14:06:57.495+0000][gc,init] Heap Max Capacity: 1G
[2025-12-24T14:06:57.495+0000][gc,init] Pre-touch: Disabled
[2025-12-24T14:06:57.495+0000][gc,init] Parallel Workers: 8
[2025-12-24T14:06:57.495+0000][gc,init] Concurrent Workers: 2
[2025-12-24T14:06:57.495+0000][gc,init] Concurrent Refinement Workers: 8
[2025-12-24T14:06:57.495+0000][gc,init] Periodic GC: Disabled
[2025-12-24T14:06:57.633+0000][gc,metaspace] CDS archive(s) mapped at: [0x0000005000000000-0x0000005000bd0000-0x00000050036b0000), size 57344000, SharedBaseAddress: 0x0000005000000000, ArchiveRelocationMode: 1.
[2025-12-24T14:06:57.636+0000][gc,metaspace] Compressed class space mapped at: 0x0000005004000000-0x0000005044000000, reserved size: 1073741824
[2025-12-24T14:06:57.637+0000][gc,metaspace] Narrow klass base: 0x0000005000000000, Narrow klass shift: 0, Narrow klass range: 0x100000000
[2025-12-24T14:07:03.746+0000][gc,start    ] GC(0) Pause Young (Normal) (G1 Evacuation Pause)
[2025-12-24T14:07:03.755+0000][gc,task     ] GC(0) Using 8 workers of 8 for evacuation
[2025-12-24T14:07:03.852+0000][gc,phases   ] GC(0)   Pre Evacuate Collection Set: 1.5ms
[2025-12-24T14:07:03.854+0000][gc,phases   ] GC(0)   Merge Heap Roots: 0.5ms
[2025-12-24T14:07:03.858+0000][gc,phases   ] GC(0)   Evacuate Collection Set: 88.2ms
[2025-12-24T14:07:03.858+0000][gc,phases   ] GC(0)   Post Evacuate Collection Set: 3.3ms
[2025-12-24T14:07:03.858+0000][gc,phases   ] GC(0)   Other: 10.7ms
[2025-12-24T14:07:03.858+0000][gc,heap     ] GC(0) Eden regions: 51->0(44)
[2025-12-24T14:07:03.858+0000][gc,heap     ] GC(0) Survivor regions: 0->7(7)
[2025-12-24T14:07:03.858+0000][gc,heap     ] GC(0) Old regions: 1->6
[2025-12-24T14:07:03.858+0000][gc,heap     ] GC(0) Humongous regions: 2->2
[2025-12-24T14:07:03.860+0000][gc,metaspace] GC(0) Metaspace: 5635K(5888K)->5635K(5888K) NonClass: 4986K(5120K)->4986K(5120K) Class: 648K(768K)->648K(768K)
[2025-12-24T14:07:03.861+0000][gc          ] GC(0) Pause Young (Normal) (G1 Evacuation Pause) 53M->14M(1024M) 114.269ms
[2025-12-24T14:07:03.867+0000][gc,cpu      ] GC(0) User=0.11s Sys=0.12s Real=0.12s
[2025-12-24T14:07:12.553+0000][gc,start    ] GC(1) Pause Young (Normal) (G1 Evacuation Pause)
[2025-12-24T14:07:12.553+0000][gc,task     ] GC(1) Using 8 workers of 8 for evacuation
[2025-12-24T14:07:12.571+0000][gc,phases   ] GC(1)   Pre Evacuate Collection Set: 1.8ms
[2025-12-24T14:07:12.571+0000][gc,phases   ] GC(1)   Merge Heap Roots: 0.1ms
[2025-12-24T14:07:12.571+0000][gc,phases   ] GC(1)   Evacuate Collection Set: 14.5ms
[2025-12-24T14:07:12.571+0000][gc,phases   ] GC(1)   Post Evacuate Collection Set: 0.8ms
[2025-12-24T14:07:12.571+0000][gc,phases   ] GC(1)   Other: 0.2ms
[2025-12-24T14:07:12.571+0000][gc,heap     ] GC(1) Eden regions: 44->0(47)
[2025-12-24T14:07:12.571+0000][gc,heap     ] GC(1) Survivor regions: 7->5(7)
[2025-12-24T14:07:12.571+0000][gc,heap     ] GC(1) Old regions: 6->13
[2025-12-24T14:07:12.571+0000][gc,heap     ] GC(1) Humongous regions: 2->2
[2025-12-24T14:07:12.571+0000][gc,metaspace] GC(1) Metaspace: 8003K(8320K)->8003K(8320K) NonClass: 7077K(7232K)->7077K(7232K) Class: 925K(1088K)->925K(1088K)
[2025-12-24T14:07:12.571+0000][gc          ] GC(1) Pause Young (Normal) (G1 Evacuation Pause) 58M->19M(1024M) 18.508ms
[2025-12-24T14:07:12.571+0000][gc,cpu      ] GC(1) User=0.10s Sys=0.02s Real=0.02s
[2025-12-24T14:07:12.755+0000][gc,start    ] GC(2) Pause Young (Normal) (G1 Evacuation Pause)
[2025-12-24T14:07:12.756+0000][gc,task     ] GC(2) Using 8 workers of 8 for evacuation
[2025-12-24T14:07:12.776+0000][gc,phases   ] GC(2)   Pre Evacuate Collection Set: 0.8ms
[2025-12-24T14:07:12.776+0000][gc,phases   ] GC(2)   Merge Heap Roots: 0.2ms
[2025-12-24T14:07:12.776+0000][gc,phases   ] GC(2)   Evacuate Collection Set: 17.4ms
[2025-12-24T14:07:12.776+0000][gc,phases   ] GC(2)   Post Evacuate Collection Set: 1.7ms
[2025-12-24T14:07:12.776+0000][gc,phases   ] GC(2)   Other: 0.1ms
[2025-12-24T14:07:12.776+0000][gc,heap     ] GC(2) Eden regions: 52->0(519)
[2025-12-24T14:07:12.776+0000][gc,heap     ] GC(2) Survivor regions: 5->6(8)
[2025-12-24T14:07:12.776+0000][gc,heap     ] GC(2) Old regions: 13->13
[2025-12-24T14:07:12.776+0000][gc,heap     ] GC(2) Humongous regions: 2->2
[2025-12-24T14:07:12.777+0000][gc,metaspace] GC(2) Metaspace: 8102K(8384K)->8102K(8384K) NonClass: 7160K(7296K)->7160K(7296K) Class: 942K(1088K)->942K(1088K)
[2025-12-24T14:07:12.777+0000][gc          ] GC(2) Pause Young (Normal) (G1 Evacuation Pause) 71M->20M(1024M) 21.338ms
[2025-12-24T14:07:12.777+0000][gc,cpu      ] GC(2) User=0.04s Sys=0.03s Real=0.02s
[2025-12-24T14:08:12.452+0000][gc,start    ] GC(3) Pause Young (Normal) (G1 Evacuation Pause)
[2025-12-24T14:08:12.453+0000][gc,task     ] GC(3) Using 8 workers of 8 for evacuation
[2025-12-24T14:08:12.495+0000][gc,phases   ] GC(3)   Pre Evacuate Collection Set: 7.0ms
[2025-12-24T14:08:12.496+0000][gc,phases   ] GC(3)   Merge Heap Roots: 0.9ms
[2025-12-24T14:08:12.496+0000][gc,phases   ] GC(3)   Evacuate Collection Set: 30.5ms
[2025-12-24T14:08:12.496+0000][gc,phases   ] GC(3)   Post Evacuate Collection Set: 3.3ms
[2025-12-24T14:08:12.496+0000][gc,phases   ] GC(3)   Other: 0.9ms
[2025-12-24T14:08:12.496+0000][gc,heap     ] GC(3) Eden regions: 553->0(609)
[2025-12-24T14:08:12.497+0000][gc,heap     ] GC(3) Survivor regions: 6->5(70)
[2025-12-24T14:08:12.497+0000][gc,heap     ] GC(3) Old regions: 13->13
[2025-12-24T14:08:12.497+0000][gc,heap     ] GC(3) Humongous regions: 2->2
[2025-12-24T14:08:12.497+0000][gc,metaspace] GC(3) Metaspace: 8935K(9216K)->8935K(9216K) NonClass: 7979K(8128K)->7979K(8128K) Class: 955K(1088K)->955K(1088K)
[2025-12-24T14:08:12.497+0000][gc          ] GC(3) Pause Young (Normal) (G1 Evacuation Pause) 573M->19M(1024M) 45.146ms
[2025-12-24T14:08:12.497+0000][gc,cpu      ] GC(3) User=0.20s Sys=0.05s Real=0.04s
[2025-12-24T14:09:02.884+0000][gc,start    ] GC(4) Pause Young (Normal) (G1 Evacuation Pause)
[2025-12-24T14:09:02.884+0000][gc,task     ] GC(4) Using 8 workers of 8 for evacuation
[2025-12-24T14:09:02.911+0000][gc,phases   ] GC(4)   Pre Evacuate Collection Set: 1.2ms
[2025-12-24T14:09:02.911+0000][gc,phases   ] GC(4)   Merge Heap Roots: 0.2ms
[2025-12-24T14:09:02.912+0000][gc,phases   ] GC(4)   Evacuate Collection Set: 23.8ms
[2025-12-24T14:09:02.912+0000][gc,phases   ] GC(4)   Post Evacuate Collection Set: 1.4ms
[2025-12-24T14:09:02.912+0000][gc,phases   ] GC(4)   Other: 0.3ms
[2025-12-24T14:09:02.912+0000][gc,heap     ] GC(4) Eden regions: 609->0(608)
[2025-12-24T14:09:02.912+0000][gc,heap     ] GC(4) Survivor regions: 5->6(77)
[2025-12-24T14:09:02.912+0000][gc,heap     ] GC(4) Old regions: 13->13
[2025-12-24T14:09:02.912+0000][gc,heap     ] GC(4) Humongous regions: 2->2
[2025-12-24T14:09:02.912+0000][gc,metaspace] GC(4) Metaspace: 9214K(9472K)->9214K(9472K) NonClass: 8255K(8384K)->8255K(8384K) Class: 958K(1088K)->958K(1088K)
[2025-12-24T14:09:02.912+0000][gc          ] GC(4) Pause Young (Normal) (G1 Evacuation Pause) 628M->20M(1024M) 27.896ms
[2025-12-24T14:09:02.912+0000][gc,cpu      ] GC(4) User=0.07s Sys=0.05s Real=0.02s
[2025-12-24T14:10:02.737+0000][gc,start    ] GC(5) Pause Young (Normal) (G1 Evacuation Pause)
[2025-12-24T14:10:02.737+0000][gc,task     ] GC(5) Using 8 workers of 8 for evacuation
[2025-12-24T14:10:02.752+0000][gc,phases   ] GC(5)   Pre Evacuate Collection Set: 1.8ms
[2025-12-24T14:10:02.752+0000][gc,phases   ] GC(5)   Merge Heap Roots: 0.2ms
[2025-12-24T14:10:02.752+0000][gc,phases   ] GC(5)   Evacuate Collection Set: 9.9ms
[2025-12-24T14:10:02.752+0000][gc,phases   ] GC(5)   Post Evacuate Collection Set: 1.6ms
[2025-12-24T14:10:02.752+0000][gc,phases   ] GC(5)   Other: 0.7ms
[2025-12-24T14:10:02.752+0000][gc,heap     ] GC(5) Eden regions: 608->0(608)
[2025-12-24T14:10:02.753+0000][gc,heap     ] GC(5) Survivor regions: 6->6(77)
[2025-12-24T14:10:02.753+0000][gc,heap     ] GC(5) Old regions: 13->13
[2025-12-24T14:10:02.753+0000][gc,heap     ] GC(5) Humongous regions: 2->2
[2025-12-24T14:10:02.753+0000][gc,metaspace] GC(5) Metaspace: 9508K(9792K)->9508K(9792K) NonClass: 8541K(8704K)->8541K(8704K) Class: 966K(1088K)->966K(1088K)
[2025-12-24T14:10:02.753+0000][gc          ] GC(5) Pause Young (Normal) (G1 Evacuation Pause) 628M->20M(1024M) 16.300ms
[2025-12-24T14:10:02.753+0000][gc,cpu      ] GC(5) User=0.08s Sys=0.01s Real=0.01s
[2025-12-24T14:11:02.645+0000][gc,start    ] GC(6) Pause Young (Normal) (G1 Evacuation Pause)
[2025-12-24T14:11:02.645+0000][gc,task     ] GC(6) Using 8 workers of 8 for evacuation
[2025-12-24T14:11:02.659+0000][gc,phases   ] GC(6)   Pre Evacuate Collection Set: 1.2ms
[2025-12-24T14:11:02.659+0000][gc,phases   ] GC(6)   Merge Heap Roots: 0.2ms
[2025-12-24T14:11:02.659+0000][gc,phases   ] GC(6)   Evacuate Collection Set: 9.3ms
[2025-12-24T14:11:02.659+0000][gc,phases   ] GC(6)   Post Evacuate Collection Set: 2.1ms
[2025-12-24T14:11:02.659+0000][gc,phases   ] GC(6)   Other: 0.3ms
[2025-12-24T14:11:02.659+0000][gc,heap     ] GC(6) Eden regions: 608->0(609)
[2025-12-24T14:11:02.659+0000][gc,heap     ] GC(6) Survivor regions: 6->5(77)
[2025-12-24T14:11:02.659+0000][gc,heap     ] GC(6) Old regions: 13->13
[2025-12-24T14:11:02.659+0000][gc,heap     ] GC(6) Humongous regions: 2->2
[2025-12-24T14:11:02.659+0000][gc,metaspace] GC(6) Metaspace: 9689K(10048K)->9689K(10048K) NonClass: 8722K(8896K)->8722K(8896K) Class: 967K(1152K)->967K(1152K)
[2025-12-24T14:11:02.659+0000][gc          ] GC(6) Pause Young (Normal) (G1 Evacuation Pause) 628M->19M(1024M) 14.455ms
[2025-12-24T14:11:02.659+0000][gc,cpu      ] GC(6) User=0.07s Sys=0.00s Real=0.01s
[2025-12-24T14:12:02.702+0000][gc,start    ] GC(7) Pause Young (Normal) (G1 Evacuation Pause)
[2025-12-24T14:12:02.702+0000][gc,task     ] GC(7) Using 8 workers of 8 for evacuation
[2025-12-24T14:12:02.722+0000][gc,phases   ] GC(7)   Pre Evacuate Collection Set: 2.5ms
[2025-12-24T14:12:02.722+0000][gc,phases   ] GC(7)   Merge Heap Roots: 0.2ms
[2025-12-24T14:12:02.722+0000][gc,phases   ] GC(7)   Evacuate Collection Set: 14.3ms
[2025-12-24T14:12:02.722+0000][gc,phases   ] GC(7)   Post Evacuate Collection Set: 2.2ms
[2025-12-24T14:12:02.722+0000][gc,phases   ] GC(7)   Other: 0.4ms
[2025-12-24T14:12:02.722+0000][gc,heap     ] GC(7) Eden regions: 609->0(608)
[2025-12-24T14:12:02.722+0000][gc,heap     ] GC(7) Survivor regions: 5->6(77)
[2025-12-24T14:12:02.722+0000][gc,heap     ] GC(7) Old regions: 13->13
[2025-12-24T14:12:02.723+0000][gc,heap     ] GC(7) Humongous regions: 2->2
[2025-12-24T14:12:02.723+0000][gc,metaspace] GC(7) Metaspace: 9852K(10176K)->9852K(10176K) NonClass: 8883K(9024K)->8883K(9024K) Class: 969K(1152K)->969K(1152K)
[2025-12-24T14:12:02.723+0000][gc          ] GC(7) Pause Young (Normal) (G1 Evacuation Pause) 628M->20M(1024M) 21.244ms
[2025-12-24T14:12:02.723+0000][gc,cpu      ] GC(7) User=0.12s Sys=0.00s Real=0.02s
[2025-12-24T14:13:02.587+0000][gc,start    ] GC(8) Pause Young (Normal) (G1 Evacuation Pause)
[2025-12-24T14:13:02.588+0000][gc,task     ] GC(8) Using 8 workers of 8 for evacuation
[2025-12-24T14:13:02.612+0000][gc,phases   ] GC(8)   Pre Evacuate Collection Set: 2.1ms
[2025-12-24T14:13:02.613+0000][gc,phases   ] GC(8)   Merge Heap Roots: 0.4ms
[2025-12-24T14:13:02.613+0000][gc,phases   ] GC(8)   Evacuate Collection Set: 20.4ms
[2025-12-24T14:13:02.613+0000][gc,phases   ] GC(8)   Post Evacuate Collection Set: 1.3ms
[2025-12-24T14:13:02.613+0000][gc,phases   ] GC(8)   Other: 0.4ms
[2025-12-24T14:13:02.613+0000][gc,heap     ] GC(8) Eden regions: 608->0(609)
[2025-12-24T14:13:02.613+0000][gc,heap     ] GC(8) Survivor regions: 6->5(77)
[2025-12-24T14:13:02.613+0000][gc,heap     ] GC(8) Old regions: 13->13
[2025-12-24T14:13:02.613+0000][gc,heap     ] GC(8) Humongous regions: 2->2
[2025-12-24T14:13:02.613+0000][gc,metaspace] GC(8) Metaspace: 9913K(10304K)->9913K(10304K) NonClass: 8941K(9152K)->8941K(9152K) Class: 971K(1152K)->971K(1152K)
[2025-12-24T14:13:02.613+0000][gc          ] GC(8) Pause Young (Normal) (G1 Evacuation Pause) 628M->19M(1024M) 26.251ms
[2025-12-24T14:13:02.613+0000][gc,cpu      ] GC(8) User=0.16s Sys=0.01s Real=0.03s
[2025-12-24T14:14:02.546+0000][gc,start    ] GC(9) Pause Young (Normal) (G1 Evacuation Pause)
[2025-12-24T14:14:02.547+0000][gc,task     ] GC(9) Using 8 workers of 8 for evacuation
[2025-12-24T14:14:02.560+0000][gc,phases   ] GC(9)   Pre Evacuate Collection Set: 3.6ms
[2025-12-24T14:14:02.560+0000][gc,phases   ] GC(9)   Merge Heap Roots: 0.2ms
[2025-12-24T14:14:02.560+0000][gc,phases   ] GC(9)   Evacuate Collection Set: 7.2ms
[2025-12-24T14:14:02.560+0000][gc,phases   ] GC(9)   Post Evacuate Collection Set: 1.3ms
[2025-12-24T14:14:02.561+0000][gc,phases   ] GC(9)   Other: 0.5ms
[2025-12-24T14:14:02.561+0000][gc,heap     ] GC(9) Eden regions: 609->0(609)
[2025-12-24T14:14:02.561+0000][gc,heap     ] GC(9) Survivor regions: 5->5(77)
[2025-12-24T14:14:02.561+0000][gc,heap     ] GC(9) Old regions: 13->13
[2025-12-24T14:14:02.561+0000][gc,heap     ] GC(9) Humongous regions: 2->2
[2025-12-24T14:14:02.561+0000][gc,metaspace] GC(9) Metaspace: 9959K(10304K)->9959K(10304K) NonClass: 8987K(9152K)->8987K(9152K) Class: 971K(1152K)->971K(1152K)
[2025-12-24T14:14:02.561+0000][gc          ] GC(9) Pause Young (Normal) (G1 Evacuation Pause) 628M->19M(1024M) 14.440ms
[2025-12-24T14:14:02.561+0000][gc,cpu      ] GC(9) User=0.07s Sys=0.00s Real=0.02s
[2025-12-24T14:15:02.493+0000][gc,start    ] GC(10) Pause Young (Normal) (G1 Evacuation Pause)
[2025-12-24T14:15:02.494+0000][gc,task     ] GC(10) Using 8 workers of 8 for evacuation
[2025-12-24T14:15:02.508+0000][gc,phases   ] GC(10)   Pre Evacuate Collection Set: 1.3ms
[2025-12-24T14:15:02.508+0000][gc,phases   ] GC(10)   Merge Heap Roots: 0.1ms
[2025-12-24T14:15:02.509+0000][gc,phases   ] GC(10)   Evacuate Collection Set: 10.7ms
[2025-12-24T14:15:02.509+0000][gc,phases   ] GC(10)   Post Evacuate Collection Set: 2.1ms
[2025-12-24T14:15:02.509+0000][gc,phases   ] GC(10)   Other: 0.3ms
[2025-12-24T14:15:02.509+0000][gc,heap     ] GC(10) Eden regions: 609->0(609)
[2025-12-24T14:15:02.509+0000][gc,heap     ] GC(10) Survivor regions: 5->5(77)
[2025-12-24T14:15:02.509+0000][gc,heap     ] GC(10) Old regions: 13->13
[2025-12-24T14:15:02.509+0000][gc,heap     ] GC(10) Humongous regions: 2->2
[2025-12-24T14:15:02.509+0000][gc,metaspace] GC(10) Metaspace: 10016K(10368K)->10016K(10368K) NonClass: 9043K(9216K)->9043K(9216K) Class: 973K(1152K)->973K(1152K)
[2025-12-24T14:15:02.509+0000][gc          ] GC(10) Pause Young (Normal) (G1 Evacuation Pause) 628M->19M(1024M) 15.857ms
[2025-12-24T14:15:02.509+0000][gc,cpu      ] GC(10) User=0.09s Sys=0.00s Real=0.02s
[2025-12-24T14:16:02.476+0000][gc,start    ] GC(11) Pause Young (Normal) (G1 Evacuation Pause)
[2025-12-24T14:16:02.477+0000][gc,task     ] GC(11) Using 8 workers of 8 for evacuation
[2025-12-24T14:16:02.490+0000][gc,phases   ] GC(11)   Pre Evacuate Collection Set: 1.5ms
[2025-12-24T14:16:02.491+0000][gc,phases   ] GC(11)   Merge Heap Roots: 0.1ms
[2025-12-24T14:16:02.491+0000][gc,phases   ] GC(11)   Evacuate Collection Set: 10.2ms
[2025-12-24T14:16:02.491+0000][gc,phases   ] GC(11)   Post Evacuate Collection Set: 1.1ms
[2025-12-24T14:16:02.491+0000][gc,phases   ] GC(11)   Other: 0.3ms
[2025-12-24T14:16:02.491+0000][gc,heap     ] GC(11) Eden regions: 609->0(609)
[2025-12-24T14:16:02.491+0000][gc,heap     ] GC(11) Survivor regions: 5->5(77)
[2025-12-24T14:16:02.491+0000][gc,heap     ] GC(11) Old regions: 13->13
[2025-12-24T14:16:02.491+0000][gc,heap     ] GC(11) Humongous regions: 2->2
[2025-12-24T14:16:02.491+0000][gc,metaspace] GC(11) Metaspace: 10052K(10432K)->10052K(10432K) NonClass: 9079K(9280K)->9079K(9280K) Class: 973K(1152K)->973K(1152K)
[2025-12-24T14:16:02.491+0000][gc          ] GC(11) Pause Young (Normal) (G1 Evacuation Pause) 628M->19M(1024M) 14.572ms
[2025-12-24T14:16:02.491+0000][gc,cpu      ] GC(11) User=0.09s Sys=0.00s Real=0.01s
[2025-12-24T14:17:02.422+0000][gc,start    ] GC(12) Pause Young (Normal) (G1 Evacuation Pause)
[2025-12-24T14:17:02.424+0000][gc,task     ] GC(12) Using 8 workers of 8 for evacuation
[2025-12-24T14:17:02.446+0000][gc,phases   ] GC(12)   Pre Evacuate Collection Set: 1.6ms
[2025-12-24T14:17:02.446+0000][gc,phases   ] GC(12)   Merge Heap Roots: 0.2ms
[2025-12-24T14:17:02.446+0000][gc,phases   ] GC(12)   Evacuate Collection Set: 18.0ms
[2025-12-24T14:17:02.446+0000][gc,phases   ] GC(12)   Post Evacuate Collection Set: 2.2ms
[2025-12-24T14:17:02.447+0000][gc,phases   ] GC(12)   Other: 0.4ms
[2025-12-24T14:17:02.447+0000][gc,heap     ] GC(12) Eden regions: 609->0(609)
[2025-12-24T14:17:02.447+0000][gc,heap     ] GC(12) Survivor regions: 5->5(77)
[2025-12-24T14:17:02.447+0000][gc,heap     ] GC(12) Old regions: 13->13
[2025-12-24T14:17:02.447+0000][gc,heap     ] GC(12) Humongous regions: 2->2
[2025-12-24T14:17:02.447+0000][gc,metaspace] GC(12) Metaspace: 10059K(10432K)->10059K(10432K) NonClass: 9086K(9280K)->9086K(9280K) Class: 973K(1152K)->973K(1152K)
[2025-12-24T14:17:02.447+0000][gc          ] GC(12) Pause Young (Normal) (G1 Evacuation Pause) 628M->19M(1024M) 24.780ms
[2025-12-24T14:17:02.447+0000][gc,cpu      ] GC(12) User=0.16s Sys=0.00s Real=0.03s
[2025-12-24T14:17:55.712+0000][gc,start    ] GC(13) Pause Young (Normal) (G1 Evacuation Pause)
[2025-12-24T14:17:55.714+0000][gc,task     ] GC(13) Using 8 workers of 8 for evacuation
[2025-12-24T14:17:55.735+0000][gc,phases   ] GC(13)   Pre Evacuate Collection Set: 4.1ms
[2025-12-24T14:17:55.735+0000][gc,phases   ] GC(13)   Merge Heap Roots: 0.6ms
[2025-12-24T14:17:55.735+0000][gc,phases   ] GC(13)   Evacuate Collection Set: 14.1ms
[2025-12-24T14:17:55.735+0000][gc,phases   ] GC(13)   Post Evacuate Collection Set: 1.6ms
[2025-12-24T14:17:55.735+0000][gc,phases   ] GC(13)   Other: 1.0ms
[2025-12-24T14:17:55.736+0000][gc,heap     ] GC(13) Eden regions: 609->0(608)
[2025-12-24T14:17:55.736+0000][gc,heap     ] GC(13) Survivor regions: 5->6(77)
[2025-12-24T14:17:55.736+0000][gc,heap     ] GC(13) Old regions: 13->13
[2025-12-24T14:17:55.736+0000][gc,heap     ] GC(13) Humongous regions: 2->2
[2025-12-24T14:17:55.736+0000][gc,metaspace] GC(13) Metaspace: 10204K(10560K)->10204K(10560K) NonClass: 9210K(9408K)->9210K(9408K) Class: 994K(1152K)->994K(1152K)
[2025-12-24T14:17:55.736+0000][gc          ] GC(13) Pause Young (Normal) (G1 Evacuation Pause) 628M->20M(1024M) 23.864ms
[2025-12-24T14:17:55.736+0000][gc,cpu      ] GC(13) User=0.12s Sys=0.00s Real=0.03s
[2025-12-24T14:18:55.692+0000][gc,start    ] GC(14) Pause Young (Normal) (G1 Evacuation Pause)
[2025-12-24T14:18:55.694+0000][gc,task     ] GC(14) Using 8 workers of 8 for evacuation
[2025-12-24T14:18:55.714+0000][gc,phases   ] GC(14)   Pre Evacuate Collection Set: 1.5ms
[2025-12-24T14:18:55.714+0000][gc,phases   ] GC(14)   Merge Heap Roots: 0.2ms
[2025-12-24T14:18:55.714+0000][gc,phases   ] GC(14)   Evacuate Collection Set: 15.9ms
[2025-12-24T14:18:55.714+0000][gc,phases   ] GC(14)   Post Evacuate Collection Set: 2.2ms
[2025-12-24T14:18:55.714+0000][gc,phases   ] GC(14)   Other: 0.4ms
[2025-12-24T14:18:55.714+0000][gc,heap     ] GC(14) Eden regions: 608->0(608)
[2025-12-24T14:18:55.714+0000][gc,heap     ] GC(14) Survivor regions: 6->6(77)
[2025-12-24T14:18:55.714+0000][gc,heap     ] GC(14) Old regions: 13->13
[2025-12-24T14:18:55.715+0000][gc,heap     ] GC(14) Humongous regions: 2->2
[2025-12-24T14:18:55.715+0000][gc,metaspace] GC(14) Metaspace: 10214K(10560K)->10214K(10560K) NonClass: 9220K(9408K)->9220K(9408K) Class: 994K(1152K)->994K(1152K)
[2025-12-24T14:18:55.715+0000][gc          ] GC(14) Pause Young (Normal) (G1 Evacuation Pause) 628M->20M(1024M) 22.334ms
[2025-12-24T14:18:55.715+0000][gc,cpu      ] GC(14) User=0.13s Sys=0.01s Real=0.03s
[2025-12-24T14:19:55.567+0000][gc,start    ] GC(15) Pause Young (Normal) (G1 Evacuation Pause)
[2025-12-24T14:19:55.567+0000][gc,task     ] GC(15) Using 8 workers of 8 for evacuation
[2025-12-24T14:19:55.582+0000][gc,phases   ] GC(15)   Pre Evacuate Collection Set: 1.7ms
[2025-12-24T14:19:55.583+0000][gc,phases   ] GC(15)   Merge Heap Roots: 0.2ms
[2025-12-24T14:19:55.583+0000][gc,phases   ] GC(15)   Evacuate Collection Set: 10.0ms
[2025-12-24T14:19:55.583+0000][gc,phases   ] GC(15)   Post Evacuate Collection Set: 3.0ms
[2025-12-24T14:19:55.583+0000][gc,phases   ] GC(15)   Other: 0.4ms
[2025-12-24T14:19:55.583+0000][gc,heap     ] GC(15) Eden regions: 608->0(608)
[2025-12-24T14:19:55.583+0000][gc,heap     ] GC(15) Survivor regions: 6->6(77)
[2025-12-24T14:19:55.583+0000][gc,heap     ] GC(15) Old regions: 13->13
[2025-12-24T14:19:55.583+0000][gc,heap     ] GC(15) Humongous regions: 2->2
[2025-12-24T14:19:55.583+0000][gc,metaspace] GC(15) Metaspace: 10230K(10560K)->10230K(10560K) NonClass: 9235K(9408K)->9235K(9408K) Class: 994K(1152K)->994K(1152K)
[2025-12-24T14:19:55.583+0000][gc          ] GC(15) Pause Young (Normal) (G1 Evacuation Pause) 628M->20M(1024M) 16.360ms
[2025-12-24T14:19:55.583+0000][gc,cpu      ] GC(15) User=0.09s Sys=0.01s Real=0.02s
[2025-12-24T14:20:55.506+0000][gc,start    ] GC(16) Pause Young (Normal) (G1 Evacuation Pause)
[2025-12-24T14:20:55.507+0000][gc,task     ] GC(16) Using 8 workers of 8 for evacuation
[2025-12-24T14:20:55.519+0000][gc,phases   ] GC(16)   Pre Evacuate Collection Set: 1.5ms
[2025-12-24T14:20:55.519+0000][gc,phases   ] GC(16)   Merge Heap Roots: 0.2ms
[2025-12-24T14:20:55.519+0000][gc,phases   ] GC(16)   Evacuate Collection Set: 7.7ms
[2025-12-24T14:20:55.519+0000][gc,phases   ] GC(16)   Post Evacuate Collection Set: 1.7ms
[2025-12-24T14:20:55.519+0000][gc,phases   ] GC(16)   Other: 0.3ms
[2025-12-24T14:20:55.519+0000][gc,heap     ] GC(16) Eden regions: 608->0(612)
[2025-12-24T14:20:55.519+0000][gc,heap     ] GC(16) Survivor regions: 6->2(77)
[2025-12-24T14:20:55.519+0000][gc,heap     ] GC(16) Old regions: 13->17
[2025-12-24T14:20:55.519+0000][gc,heap     ] GC(16) Humongous regions: 2->2
[2025-12-24T14:20:55.519+0000][gc,metaspace] GC(16) Metaspace: 10251K(10560K)->10251K(10560K) NonClass: 9257K(9408K)->9257K(9408K) Class: 994K(1152K)->994K(1152K)
[2025-12-24T14:20:55.519+0000][gc          ] GC(16) Pause Young (Normal) (G1 Evacuation Pause) 628M->20M(1024M) 13.794ms
[2025-12-24T14:20:55.519+0000][gc,cpu      ] GC(16) User=0.06s Sys=0.01s Real=0.02s
[2025-12-24T14:21:55.466+0000][gc,start    ] GC(17) Pause Young (Normal) (G1 Evacuation Pause)
[2025-12-24T14:21:55.467+0000][gc,task     ] GC(17) Using 8 workers of 8 for evacuation
[2025-12-24T14:21:55.478+0000][gc,phases   ] GC(17)   Pre Evacuate Collection Set: 1.4ms
[2025-12-24T14:21:55.478+0000][gc,phases   ] GC(17)   Merge Heap Roots: 0.1ms
[2025-12-24T14:21:55.478+0000][gc,phases   ] GC(17)   Evacuate Collection Set: 6.0ms
[2025-12-24T14:21:55.478+0000][gc,phases   ] GC(17)   Post Evacuate Collection Set: 3.7ms
[2025-12-24T14:21:55.478+0000][gc,phases   ] GC(17)   Other: 0.2ms
[2025-12-24T14:21:55.479+0000][gc,heap     ] GC(17) Eden regions: 612->0(612)
[2025-12-24T14:21:55.479+0000][gc,heap     ] GC(17) Survivor regions: 2->2(77)
[2025-12-24T14:21:55.479+0000][gc,heap     ] GC(17) Old regions: 17->17
[2025-12-24T14:21:55.479+0000][gc,heap     ] GC(17) Humongous regions: 2->2
[2025-12-24T14:21:55.479+0000][gc,metaspace] GC(17) Metaspace: 10298K(10624K)->10298K(10624K) NonClass: 9303K(9472K)->9303K(9472K) Class: 995K(1152K)->995K(1152K)
[2025-12-24T14:21:55.479+0000][gc          ] GC(17) Pause Young (Normal) (G1 Evacuation Pause) 632M->20M(1024M) 12.471ms
[2025-12-24T14:21:55.479+0000][gc,cpu      ] GC(17) User=0.06s Sys=0.00s Real=0.02s
[2025-12-24T14:22:55.403+0000][gc,start    ] GC(18) Pause Young (Normal) (G1 Evacuation Pause)
[2025-12-24T14:22:55.403+0000][gc,task     ] GC(18) Using 8 workers of 8 for evacuation
[2025-12-24T14:22:55.416+0000][gc,phases   ] GC(18)   Pre Evacuate Collection Set: 1.4ms
[2025-12-24T14:22:55.417+0000][gc,phases   ] GC(18)   Merge Heap Roots: 0.2ms
[2025-12-24T14:22:55.417+0000][gc,phases   ] GC(18)   Evacuate Collection Set: 8.5ms
[2025-12-24T14:22:55.417+0000][gc,phases   ] GC(18)   Post Evacuate Collection Set: 2.0ms
[2025-12-24T14:22:55.417+0000][gc,phases   ] GC(18)   Other: 0.7ms
[2025-12-24T14:22:55.417+0000][gc,heap     ] GC(18) Eden regions: 612->0(613)
[2025-12-24T14:22:55.417+0000][gc,heap     ] GC(18) Survivor regions: 2->1(77)
[2025-12-24T14:22:55.417+0000][gc,heap     ] GC(18) Old regions: 17->18
[2025-12-24T14:22:55.417+0000][gc,heap     ] GC(18) Humongous regions: 2->2
[2025-12-24T14:22:55.417+0000][gc,metaspace] GC(18) Metaspace: 10322K(10688K)->10322K(10688K) NonClass: 9327K(9536K)->9327K(9536K) Class: 995K(1152K)->995K(1152K)
[2025-12-24T14:22:55.417+0000][gc          ] GC(18) Pause Young (Normal) (G1 Evacuation Pause) 632M->19M(1024M) 14.493ms
[2025-12-24T14:22:55.417+0000][gc,cpu      ] GC(18) User=0.07s Sys=0.01s Real=0.02s
[2025-12-24T14:23:45.679+0000][gc,start    ] GC(19) Pause Young (Normal) (G1 Evacuation Pause)
[2025-12-24T14:23:45.680+0000][gc,task     ] GC(19) Using 8 workers of 8 for evacuation
[2025-12-24T14:23:45.685+0000][gc,phases   ] GC(19)   Pre Evacuate Collection Set: 1.3ms
[2025-12-24T14:23:45.686+0000][gc,phases   ] GC(19)   Merge Heap Roots: 0.2ms
[2025-12-24T14:23:45.686+0000][gc,phases   ] GC(19)   Evacuate Collection Set: 2.9ms
[2025-12-24T14:23:45.686+0000][gc,phases   ] GC(19)   Post Evacuate Collection Set: 1.2ms
[2025-12-24T14:23:45.686+0000][gc,phases   ] GC(19)   Other: 0.3ms
[2025-12-24T14:23:45.686+0000][gc,heap     ] GC(19) Eden regions: 613->0(612)
[2025-12-24T14:23:45.686+0000][gc,heap     ] GC(19) Survivor regions: 1->2(77)
[2025-12-24T14:23:45.686+0000][gc,heap     ] GC(19) Old regions: 18->18
[2025-12-24T14:23:45.686+0000][gc,heap     ] GC(19) Humongous regions: 2->2
[2025-12-24T14:23:45.686+0000][gc,metaspace] GC(19) Metaspace: 10328K(10688K)->10328K(10688K) NonClass: 9333K(9536K)->9333K(9536K) Class: 995K(1152K)->995K(1152K)
[2025-12-24T14:23:45.686+0000][gc          ] GC(19) Pause Young (Normal) (G1 Evacuation Pause) 632M->20M(1024M) 7.581ms
[2025-12-24T14:23:45.686+0000][gc,cpu      ] GC(19) User=0.03s Sys=0.00s Real=0.01s
[2025-12-24T14:24:45.636+0000][gc,start    ] GC(20) Pause Young (Normal) (G1 Evacuation Pause)
[2025-12-24T14:24:45.638+0000][gc,task     ] GC(20) Using 8 workers of 8 for evacuation
[2025-12-24T14:24:45.648+0000][gc,phases   ] GC(20)   Pre Evacuate Collection Set: 2.8ms
[2025-12-24T14:24:45.648+0000][gc,phases   ] GC(20)   Merge Heap Roots: 0.4ms
[2025-12-24T14:24:45.648+0000][gc,phases   ] GC(20)   Evacuate Collection Set: 5.6ms
[2025-12-24T14:24:45.648+0000][gc,phases   ] GC(20)   Post Evacuate Collection Set: 1.4ms
[2025-12-24T14:24:45.649+0000][gc,phases   ] GC(20)   Other: 0.4ms
[2025-12-24T14:24:45.649+0000][gc,heap     ] GC(20) Eden regions: 612->0(612)
[2025-12-24T14:24:45.649+0000][gc,heap     ] GC(20) Survivor regions: 2->2(77)
[2025-12-24T14:24:45.649+0000][gc,heap     ] GC(20) Old regions: 18->18
[2025-12-24T14:24:45.649+0000][gc,heap     ] GC(20) Humongous regions: 2->2
[2025-12-24T14:24:45.649+0000][gc,metaspace] GC(20) Metaspace: 10361K(10688K)->10361K(10688K) NonClass: 9366K(9536K)->9366K(9536K) Class: 995K(1152K)->995K(1152K)
[2025-12-24T14:24:45.649+0000][gc          ] GC(20) Pause Young (Normal) (G1 Evacuation Pause) 632M->20M(1024M) 12.673ms
[2025-12-24T14:24:45.649+0000][gc,cpu      ] GC(20) User=0.07s Sys=0.00s Real=0.01s
[2025-12-24T14:25:45.589+0000][gc,start    ] GC(21) Pause Young (Normal) (G1 Evacuation Pause)
[2025-12-24T14:25:45.590+0000][gc,task     ] GC(21) Using 8 workers of 8 for evacuation
[2025-12-24T14:25:45.596+0000][gc,phases   ] GC(21)   Pre Evacuate Collection Set: 1.3ms
[2025-12-24T14:25:45.596+0000][gc,phases   ] GC(21)   Merge Heap Roots: 0.2ms
[2025-12-24T14:25:45.596+0000][gc,phases   ] GC(21)   Evacuate Collection Set: 2.6ms
[2025-12-24T14:25:45.596+0000][gc,phases   ] GC(21)   Post Evacuate Collection Set: 1.1ms
[2025-12-24T14:25:45.596+0000][gc,phases   ] GC(21)   Other: 0.2ms
[2025-12-24T14:25:45.596+0000][gc,heap     ] GC(21) Eden regions: 612->0(612)
[2025-12-24T14:25:45.596+0000][gc,heap     ] GC(21) Survivor regions: 2->2(77)
[2025-12-24T14:25:45.596+0000][gc,heap     ] GC(21) Old regions: 18->18
[2025-12-24T14:25:45.596+0000][gc,heap     ] GC(21) Humongous regions: 2->2
[2025-12-24T14:25:45.596+0000][gc,metaspace] GC(21) Metaspace: 10368K(10688K)->10368K(10688K) NonClass: 9372K(9536K)->9372K(9536K) Class: 996K(1152K)->996K(1152K)
[2025-12-24T14:25:45.596+0000][gc          ] GC(21) Pause Young (Normal) (G1 Evacuation Pause) 632M->20M(1024M) 7.271ms
[2025-12-24T14:25:45.596+0000][gc,cpu      ] GC(21) User=0.03s Sys=0.00s Real=0.01s
[2025-12-24T14:26:45.572+0000][gc,start    ] GC(22) Pause Young (Normal) (G1 Evacuation Pause)
[2025-12-24T14:26:45.573+0000][gc,task     ] GC(22) Using 8 workers of 8 for evacuation
[2025-12-24T14:26:45.585+0000][gc,phases   ] GC(22)   Pre Evacuate Collection Set: 4.0ms
[2025-12-24T14:26:45.585+0000][gc,phases   ] GC(22)   Merge Heap Roots: 0.2ms
[2025-12-24T14:26:45.585+0000][gc,phases   ] GC(22)   Evacuate Collection Set: 5.1ms
[2025-12-24T14:26:45.585+0000][gc,phases   ] GC(22)   Post Evacuate Collection Set: 1.6ms
[2025-12-24T14:26:45.585+0000][gc,phases   ] GC(22)   Other: 0.4ms
[2025-12-24T14:26:45.585+0000][gc,heap     ] GC(22) Eden regions: 612->0(612)
[2025-12-24T14:26:45.585+0000][gc,heap     ] GC(22) Survivor regions: 2->2(77)
[2025-12-24T14:26:45.585+0000][gc,heap     ] GC(22) Old regions: 18->18
[2025-12-24T14:26:45.585+0000][gc,heap     ] GC(22) Humongous regions: 2->2
[2025-12-24T14:26:45.585+0000][gc,metaspace] GC(22) Metaspace: 10387K(10688K)->10387K(10688K) NonClass: 9390K(9536K)->9390K(9536K) Class: 996K(1152K)->996K(1152K)
[2025-12-24T14:26:45.585+0000][gc          ] GC(22) Pause Young (Normal) (G1 Evacuation Pause) 632M->20M(1024M) 13.022ms
[2025-12-24T14:26:45.585+0000][gc,cpu      ] GC(22) User=0.05s Sys=0.00s Real=0.01s
[2025-12-24T14:27:45.496+0000][gc,start    ] GC(23) Pause Young (Normal) (G1 Evacuation Pause)
[2025-12-24T14:27:45.496+0000][gc,task     ] GC(23) Using 8 workers of 8 for evacuation
[2025-12-24T14:27:45.506+0000][gc,phases   ] GC(23)   Pre Evacuate Collection Set: 2.0ms
[2025-12-24T14:27:45.507+0000][gc,phases   ] GC(23)   Merge Heap Roots: 0.3ms
[2025-12-24T14:27:45.507+0000][gc,phases   ] GC(23)   Evacuate Collection Set: 6.3ms
[2025-12-24T14:27:45.507+0000][gc,phases   ] GC(23)   Post Evacuate Collection Set: 1.3ms
[2025-12-24T14:27:45.507+0000][gc,phases   ] GC(23)   Other: 0.2ms
[2025-12-24T14:27:45.507+0000][gc,heap     ] GC(23) Eden regions: 612->0(612)
[2025-12-24T14:27:45.507+0000][gc,heap     ] GC(23) Survivor regions: 2->2(77)
[2025-12-24T14:27:45.507+0000][gc,heap     ] GC(23) Old regions: 18->18
[2025-12-24T14:27:45.507+0000][gc,heap     ] GC(23) Humongous regions: 2->2
[2025-12-24T14:27:45.507+0000][gc,metaspace] GC(23) Metaspace: 10417K(10752K)->10417K(10752K) NonClass: 9419K(9600K)->9419K(9600K) Class: 997K(1152K)->997K(1152K)
[2025-12-24T14:27:45.507+0000][gc          ] GC(23) Pause Young (Normal) (G1 Evacuation Pause) 632M->20M(1024M) 10.987ms
[2025-12-24T14:27:45.507+0000][gc,cpu      ] GC(23) User=0.05s Sys=0.00s Real=0.01s
[2025-12-24T14:28:45.433+0000][gc,start    ] GC(24) Pause Young (Normal) (G1 Evacuation Pause)
[2025-12-24T14:28:45.434+0000][gc,task     ] GC(24) Using 8 workers of 8 for evacuation
[2025-12-24T14:28:45.448+0000][gc,phases   ] GC(24)   Pre Evacuate Collection Set: 5.5ms
[2025-12-24T14:28:45.448+0000][gc,phases   ] GC(24)   Merge Heap Roots: 0.5ms
[2025-12-24T14:28:45.448+0000][gc,phases   ] GC(24)   Evacuate Collection Set: 5.7ms
[2025-12-24T14:28:45.448+0000][gc,phases   ] GC(24)   Post Evacuate Collection Set: 1.5ms
[2025-12-24T14:28:45.448+0000][gc,phases   ] GC(24)   Other: 0.7ms
[2025-12-24T14:28:45.448+0000][gc,heap     ] GC(24) Eden regions: 612->0(613)
[2025-12-24T14:28:45.448+0000][gc,heap     ] GC(24) Survivor regions: 2->1(77)
[2025-12-24T14:28:45.448+0000][gc,heap     ] GC(24) Old regions: 18->18
[2025-12-24T14:28:45.449+0000][gc,heap     ] GC(24) Humongous regions: 2->2
[2025-12-24T14:28:45.449+0000][gc,metaspace] GC(24) Metaspace: 10685K(11072K)->10685K(11072K) NonClass: 9652K(9856K)->9652K(9856K) Class: 1032K(1216K)->1032K(1216K)
[2025-12-24T14:28:45.449+0000][gc          ] GC(24) Pause Young (Normal) (G1 Evacuation Pause) 632M->20M(1024M) 16.395ms
[2025-12-24T14:28:45.449+0000][gc,cpu      ] GC(24) User=0.07s Sys=0.00s Real=0.01s
[2025-12-24T14:29:45.395+0000][gc,start    ] GC(25) Pause Young (Normal) (G1 Evacuation Pause)
[2025-12-24T14:29:45.395+0000][gc,task     ] GC(25) Using 8 workers of 8 for evacuation
[2025-12-24T14:29:45.410+0000][gc,phases   ] GC(25)   Pre Evacuate Collection Set: 2.1ms
[2025-12-24T14:29:45.410+0000][gc,phases   ] GC(25)   Merge Heap Roots: 0.7ms
[2025-12-24T14:29:45.410+0000][gc,phases   ] GC(25)   Evacuate Collection Set: 9.5ms
[2025-12-24T14:29:45.410+0000][gc,phases   ] GC(25)   Post Evacuate Collection Set: 2.4ms
[2025-12-24T14:29:45.411+0000][gc,phases   ] GC(25)   Other: 0.4ms
[2025-12-24T14:29:45.411+0000][gc,heap     ] GC(25) Eden regions: 613->0(613)
[2025-12-24T14:29:45.411+0000][gc,heap     ] GC(25) Survivor regions: 1->1(77)
[2025-12-24T14:29:45.411+0000][gc,heap     ] GC(25) Old regions: 18->18
[2025-12-24T14:29:45.411+0000][gc,heap     ] GC(25) Humongous regions: 2->2
[2025-12-24T14:29:45.411+0000][gc,metaspace] GC(25) Metaspace: 10687K(11072K)->10687K(11072K) NonClass: 9654K(9856K)->9654K(9856K) Class: 1032K(1216K)->1032K(1216K)
[2025-12-24T14:29:45.411+0000][gc          ] GC(25) Pause Young (Normal) (G1 Evacuation Pause) 633M->19M(1024M) 16.441ms
[2025-12-24T14:29:45.411+0000][gc,cpu      ] GC(25) User=0.09s Sys=0.01s Real=0.02s
[2025-12-24T14:30:35.671+0000][gc,start    ] GC(26) Pause Young (Normal) (G1 Evacuation Pause)
[2025-12-24T14:30:35.671+0000][gc,task     ] GC(26) Using 8 workers of 8 for evacuation
[2025-12-24T14:30:35.680+0000][gc,phases   ] GC(26)   Pre Evacuate Collection Set: 1.5ms
[2025-12-24T14:30:35.680+0000][gc,phases   ] GC(26)   Merge Heap Roots: 0.3ms
[2025-12-24T14:30:35.680+0000][gc,phases   ] GC(26)   Evacuate Collection Set: 4.6ms
[2025-12-24T14:30:35.680+0000][gc,phases   ] GC(26)   Post Evacuate Collection Set: 1.7ms
[2025-12-24T14:30:35.680+0000][gc,phases   ] GC(26)   Other: 0.3ms
[2025-12-24T14:30:35.680+0000][gc,heap     ] GC(26) Eden regions: 613->0(612)
[2025-12-24T14:30:35.680+0000][gc,heap     ] GC(26) Survivor regions: 1->2(77)
[2025-12-24T14:30:35.680+0000][gc,heap     ] GC(26) Old regions: 18->18
[2025-12-24T14:30:35.680+0000][gc,heap     ] GC(26) Humongous regions: 2->2
[2025-12-24T14:30:35.680+0000][gc,metaspace] GC(26) Metaspace: 10687K(11072K)->10687K(11072K) NonClass: 9654K(9856K)->9654K(9856K) Class: 1032K(1216K)->1032K(1216K)
[2025-12-24T14:30:35.681+0000][gc          ] GC(26) Pause Young (Normal) (G1 Evacuation Pause) 632M->21M(1024M) 9.851ms
[2025-12-24T14:30:35.681+0000][gc,cpu      ] GC(26) User=0.04s Sys=0.00s Real=0.01s
[2025-12-24T14:31:35.602+0000][gc,start    ] GC(27) Pause Young (Normal) (G1 Evacuation Pause)
[2025-12-24T14:31:35.603+0000][gc,task     ] GC(27) Using 8 workers of 8 for evacuation
[2025-12-24T14:31:35.608+0000][gc,phases   ] GC(27)   Pre Evacuate Collection Set: 1.4ms
[2025-12-24T14:31:35.609+0000][gc,phases   ] GC(27)   Merge Heap Roots: 0.1ms
[2025-12-24T14:31:35.609+0000][gc,phases   ] GC(27)   Evacuate Collection Set: 2.7ms
[2025-12-24T14:31:35.609+0000][gc,phases   ] GC(27)   Post Evacuate Collection Set: 1.1ms
[2025-12-24T14:31:35.609+0000][gc,phases   ] GC(27)   Other: 0.3ms
[2025-12-24T14:31:35.609+0000][gc,heap     ] GC(27) Eden regions: 612->0(612)
[2025-12-24T14:31:35.609+0000][gc,heap     ] GC(27) Survivor regions: 2->2(77)
[2025-12-24T14:31:35.609+0000][gc,heap     ] GC(27) Old regions: 18->18
[2025-12-24T14:31:35.609+0000][gc,heap     ] GC(27) Humongous regions: 2->2
[2025-12-24T14:31:35.609+0000][gc,metaspace] GC(27) Metaspace: 10687K(11072K)->10687K(11072K) NonClass: 9654K(9856K)->9654K(9856K) Class: 1032K(1216K)->1032K(1216K)
[2025-12-24T14:31:35.609+0000][gc          ] GC(27) Pause Young (Normal) (G1 Evacuation Pause) 633M->21M(1024M) 6.858ms
[2025-12-24T14:31:35.609+0000][gc,cpu      ] GC(27) User=0.03s Sys=0.00s Real=0.00s
[2025-12-24T14:32:35.544+0000][gc,start    ] GC(28) Pause Young (Normal) (G1 Evacuation Pause)
[2025-12-24T14:32:35.547+0000][gc,task     ] GC(28) Using 8 workers of 8 for evacuation
[2025-12-24T14:32:35.560+0000][gc,phases   ] GC(28)   Pre Evacuate Collection Set: 4.4ms
[2025-12-24T14:32:35.560+0000][gc,phases   ] GC(28)   Merge Heap Roots: 0.3ms
[2025-12-24T14:32:35.560+0000][gc,phases   ] GC(28)   Evacuate Collection Set: 6.1ms
[2025-12-24T14:32:35.560+0000][gc,phases   ] GC(28)   Post Evacuate Collection Set: 1.2ms
[2025-12-24T14:32:35.560+0000][gc,phases   ] GC(28)   Other: 0.4ms
[2025-12-24T14:32:35.560+0000][gc,heap     ] GC(28) Eden regions: 612->0(612)
[2025-12-24T14:32:35.560+0000][gc,heap     ] GC(28) Survivor regions: 2->2(77)
[2025-12-24T14:32:35.560+0000][gc,heap     ] GC(28) Old regions: 18->18
[2025-12-24T14:32:35.560+0000][gc,heap     ] GC(28) Humongous regions: 2->2
[2025-12-24T14:32:35.560+0000][gc,metaspace] GC(28) Metaspace: 10687K(11072K)->10687K(11072K) NonClass: 9654K(9856K)->9654K(9856K) Class: 1032K(1216K)->1032K(1216K)
[2025-12-24T14:32:35.560+0000][gc          ] GC(28) Pause Young (Normal) (G1 Evacuation Pause) 633M->20M(1024M) 16.511ms
[2025-12-24T14:32:35.560+0000][gc,cpu      ] GC(28) User=0.07s Sys=0.00s Real=0.02s
[2025-12-24T14:33:35.502+0000][gc,start    ] GC(29) Pause Young (Normal) (G1 Evacuation Pause)
[2025-12-24T14:33:35.504+0000][gc,task     ] GC(29) Using 8 workers of 8 for evacuation
[2025-12-24T14:33:35.516+0000][gc,phases   ] GC(29)   Pre Evacuate Collection Set: 1.9ms
[2025-12-24T14:33:35.516+0000][gc,phases   ] GC(29)   Merge Heap Roots: 0.3ms
[2025-12-24T14:33:35.516+0000][gc,phases   ] GC(29)   Evacuate Collection Set: 7.6ms
[2025-12-24T14:33:35.516+0000][gc,phases   ] GC(29)   Post Evacuate Collection Set: 1.8ms
[2025-12-24T14:33:35.516+0000][gc,phases   ] GC(29)   Other: 0.3ms
[2025-12-24T14:33:35.516+0000][gc,heap     ] GC(29) Eden regions: 612->0(612)
[2025-12-24T14:33:35.516+0000][gc,heap     ] GC(29) Survivor regions: 2->2(77)
[2025-12-24T14:33:35.516+0000][gc,heap     ] GC(29) Old regions: 18->18
[2025-12-24T14:33:35.516+0000][gc,heap     ] GC(29) Humongous regions: 2->2
[2025-12-24T14:33:35.516+0000][gc,metaspace] GC(29) Metaspace: 10689K(11072K)->10689K(11072K) NonClass: 9656K(9856K)->9656K(9856K) Class: 1032K(1216K)->1032K(1216K)
[2025-12-24T14:33:35.516+0000][gc          ] GC(29) Pause Young (Normal) (G1 Evacuation Pause) 632M->20M(1024M) 14.512ms
[2025-12-24T14:33:35.516+0000][gc,cpu      ] GC(29) User=0.06s Sys=0.00s Real=0.02s
[2025-12-24T14:34:35.456+0000][gc,start    ] GC(30) Pause Young (Normal) (G1 Evacuation Pause)
[2025-12-24T14:34:35.456+0000][gc,task     ] GC(30) Using 8 workers of 8 for evacuation
[2025-12-24T14:34:35.461+0000][gc,phases   ] GC(30)   Pre Evacuate Collection Set: 1.4ms
[2025-12-24T14:34:35.462+0000][gc,phases   ] GC(30)   Merge Heap Roots: 0.2ms
[2025-12-24T14:34:35.462+0000][gc,phases   ] GC(30)   Evacuate Collection Set: 2.5ms
[2025-12-24T14:34:35.462+0000][gc,phases   ] GC(30)   Post Evacuate Collection Set: 1.2ms
[2025-12-24T14:34:35.462+0000][gc,phases   ] GC(30)   Other: 0.2ms
[2025-12-24T14:34:35.462+0000][gc,heap     ] GC(30) Eden regions: 612->0(612)
[2025-12-24T14:34:35.462+0000][gc,heap     ] GC(30) Survivor regions: 2->2(77)
[2025-12-24T14:34:35.462+0000][gc,heap     ] GC(30) Old regions: 18->18
[2025-12-24T14:34:35.462+0000][gc,heap     ] GC(30) Humongous regions: 2->2
[2025-12-24T14:34:35.462+0000][gc,metaspace] GC(30) Metaspace: 10691K(11072K)->10691K(11072K) NonClass: 9658K(9856K)->9658K(9856K) Class: 1032K(1216K)->1032K(1216K)
[2025-12-24T14:34:35.462+0000][gc          ] GC(30) Pause Young (Normal) (G1 Evacuation Pause) 632M->20M(1024M) 6.380ms
[2025-12-24T14:34:35.462+0000][gc,cpu      ] GC(30) User=0.03s Sys=0.00s Real=0.00s
[2025-12-24T14:35:35.505+0000][gc,start    ] GC(31) Pause Young (Normal) (G1 Evacuation Pause)
[2025-12-24T14:35:35.505+0000][gc,task     ] GC(31) Using 8 workers of 8 for evacuation
[2025-12-24T14:35:35.521+0000][gc,phases   ] GC(31)   Pre Evacuate Collection Set: 1.4ms
[2025-12-24T14:35:35.521+0000][gc,phases   ] GC(31)   Merge Heap Roots: 0.2ms
[2025-12-24T14:35:35.521+0000][gc,phases   ] GC(31)   Evacuate Collection Set: 11.0ms
[2025-12-24T14:35:35.521+0000][gc,phases   ] GC(31)   Post Evacuate Collection Set: 2.0ms
[2025-12-24T14:35:35.521+0000][gc,phases   ] GC(31)   Other: 0.5ms
[2025-12-24T14:35:35.521+0000][gc,heap     ] GC(31) Eden regions: 612->0(613)
[2025-12-24T14:35:35.521+0000][gc,heap     ] GC(31) Survivor regions: 2->1(77)
[2025-12-24T14:35:35.521+0000][gc,heap     ] GC(31) Old regions: 18->18
[2025-12-24T14:35:35.521+0000][gc,heap     ] GC(31) Humongous regions: 2->2
[2025-12-24T14:35:35.521+0000][gc,metaspace] GC(31) Metaspace: 10713K(11072K)->10713K(11072K) NonClass: 9680K(9856K)->9680K(9856K) Class: 1032K(1216K)->1032K(1216K)
[2025-12-24T14:35:35.521+0000][gc          ] GC(31) Pause Young (Normal) (G1 Evacuation Pause) 632M->20M(1024M) 16.694ms
[2025-12-24T14:35:35.521+0000][gc,cpu      ] GC(31) User=0.10s Sys=0.00s Real=0.02s
[2025-12-24T14:36:35.353+0000][gc,start    ] GC(32) Pause Young (Normal) (G1 Evacuation Pause)
[2025-12-24T14:36:35.353+0000][gc,task     ] GC(32) Using 8 workers of 8 for evacuation
[2025-12-24T14:36:35.367+0000][gc,phases   ] GC(32)   Pre Evacuate Collection Set: 1.5ms
[2025-12-24T14:36:35.367+0000][gc,phases   ] GC(32)   Merge Heap Roots: 0.3ms
[2025-12-24T14:36:35.367+0000][gc,phases   ] GC(32)   Evacuate Collection Set: 8.0ms
[2025-12-24T14:36:35.367+0000][gc,phases   ] GC(32)   Post Evacuate Collection Set: 3.5ms
[2025-12-24T14:36:35.367+0000][gc,phases   ] GC(32)   Other: 0.4ms
[2025-12-24T14:36:35.367+0000][gc,heap     ] GC(32) Eden regions: 613->0(613)
[2025-12-24T14:36:35.367+0000][gc,heap     ] GC(32) Survivor regions: 1->1(77)
[2025-12-24T14:36:35.368+0000][gc,heap     ] GC(32) Old regions: 18->18
[2025-12-24T14:36:35.368+0000][gc,heap     ] GC(32) Humongous regions: 2->2
[2025-12-24T14:36:35.368+0000][gc,metaspace] GC(32) Metaspace: 10719K(11072K)->10719K(11072K) NonClass: 9687K(9856K)->9687K(9856K) Class: 1032K(1216K)->1032K(1216K)
[2025-12-24T14:36:35.369+0000][gc          ] GC(32) Pause Young (Normal) (G1 Evacuation Pause) 633M->20M(1024M) 16.128ms
[2025-12-24T14:36:35.369+0000][gc,cpu      ] GC(32) User=0.08s Sys=0.00s Real=0.01s
[2025-12-24T14:37:25.815+0000][gc,start    ] GC(33) Pause Young (Normal) (G1 Evacuation Pause)
[2025-12-24T14:37:25.816+0000][gc,task     ] GC(33) Using 8 workers of 8 for evacuation
[2025-12-24T14:37:25.824+0000][gc,phases   ] GC(33)   Pre Evacuate Collection Set: 2.7ms
[2025-12-24T14:37:25.824+0000][gc,phases   ] GC(33)   Merge Heap Roots: 0.1ms
[2025-12-24T14:37:25.824+0000][gc,phases   ] GC(33)   Evacuate Collection Set: 3.2ms
[2025-12-24T14:37:25.824+0000][gc,phases   ] GC(33)   Post Evacuate Collection Set: 1.2ms
[2025-12-24T14:37:25.824+0000][gc,phases   ] GC(33)   Other: 0.5ms
[2025-12-24T14:37:25.824+0000][gc,heap     ] GC(33) Eden regions: 613->0(612)
[2025-12-24T14:37:25.824+0000][gc,heap     ] GC(33) Survivor regions: 1->2(77)
[2025-12-24T14:37:25.824+0000][gc,heap     ] GC(33) Old regions: 18->18
[2025-12-24T14:37:25.824+0000][gc,heap     ] GC(33) Humongous regions: 2->2
[2025-12-24T14:37:25.824+0000][gc,metaspace] GC(33) Metaspace: 10721K(11072K)->10721K(11072K) NonClass: 9689K(9856K)->9689K(9856K) Class: 1032K(1216K)->1032K(1216K)
[2025-12-24T14:37:25.824+0000][gc          ] GC(33) Pause Young (Normal) (G1 Evacuation Pause) 633M->21M(1024M) 9.554ms
[2025-12-24T14:37:25.825+0000][gc,cpu      ] GC(33) User=0.04s Sys=0.00s Real=0.01s
[2025-12-24T14:38:25.603+0000][gc,start    ] GC(34) Pause Young (Normal) (G1 Evacuation Pause)
[2025-12-24T14:38:25.604+0000][gc,task     ] GC(34) Using 8 workers of 8 for evacuation
[2025-12-24T14:38:25.615+0000][gc,phases   ] GC(34)   Pre Evacuate Collection Set: 1.4ms
[2025-12-24T14:38:25.615+0000][gc,phases   ] GC(34)   Merge Heap Roots: 0.2ms
[2025-12-24T14:38:25.615+0000][gc,phases   ] GC(34)   Evacuate Collection Set: 7.5ms
[2025-12-24T14:38:25.615+0000][gc,phases   ] GC(34)   Post Evacuate Collection Set: 1.9ms
[2025-12-24T14:38:25.615+0000][gc,phases   ] GC(34)   Other: 0.2ms
[2025-12-24T14:38:25.615+0000][gc,heap     ] GC(34) Eden regions: 612->0(612)
[2025-12-24T14:38:25.615+0000][gc,heap     ] GC(34) Survivor regions: 2->2(77)
[2025-12-24T14:38:25.616+0000][gc,heap     ] GC(34) Old regions: 18->18
[2025-12-24T14:38:25.616+0000][gc,heap     ] GC(34) Humongous regions: 2->2
[2025-12-24T14:38:25.616+0000][gc,metaspace] GC(34) Metaspace: 10728K(11072K)->10728K(11072K) NonClass: 9695K(9856K)->9695K(9856K) Class: 1032K(1216K)->1032K(1216K)
[2025-12-24T14:38:25.616+0000][gc          ] GC(34) Pause Young (Normal) (G1 Evacuation Pause) 633M->21M(1024M) 12.309ms
[2025-12-24T14:38:25.616+0000][gc,cpu      ] GC(34) User=0.06s Sys=0.01s Real=0.01s
[2025-12-24T14:39:25.533+0000][gc,start    ] GC(35) Pause Young (Normal) (G1 Evacuation Pause)
[2025-12-24T14:39:25.534+0000][gc,task     ] GC(35) Using 8 workers of 8 for evacuation
[2025-12-24T14:39:25.546+0000][gc,phases   ] GC(35)   Pre Evacuate Collection Set: 2.6ms
[2025-12-24T14:39:25.546+0000][gc,phases   ] GC(35)   Merge Heap Roots: 0.5ms
[2025-12-24T14:39:25.546+0000][gc,phases   ] GC(35)   Evacuate Collection Set: 6.5ms
[2025-12-24T14:39:25.546+0000][gc,phases   ] GC(35)   Post Evacuate Collection Set: 2.0ms
[2025-12-24T14:39:25.546+0000][gc,phases   ] GC(35)   Other: 0.4ms
[2025-12-24T14:39:25.546+0000][gc,heap     ] GC(35) Eden regions: 612->0(612)
[2025-12-24T14:39:25.546+0000][gc,heap     ] GC(35) Survivor regions: 2->2(77)
[2025-12-24T14:39:25.546+0000][gc,heap     ] GC(35) Old regions: 18->18
[2025-12-24T14:39:25.546+0000][gc,heap     ] GC(35) Humongous regions: 2->2
[2025-12-24T14:39:25.547+0000][gc,metaspace] GC(35) Metaspace: 10775K(11136K)->10775K(11136K) NonClass: 9742K(9920K)->9742K(9920K) Class: 1032K(1216K)->1032K(1216K)
[2025-12-24T14:39:25.547+0000][gc          ] GC(35) Pause Young (Normal) (G1 Evacuation Pause) 633M->21M(1024M) 13.563ms
[2025-12-24T14:39:25.547+0000][gc,cpu      ] GC(35) User=0.04s Sys=0.02s Real=0.01s
[2025-12-24T14:40:25.472+0000][gc,start    ] GC(36) Pause Young (Normal) (G1 Evacuation Pause)
[2025-12-24T14:40:25.472+0000][gc,task     ] GC(36) Using 8 workers of 8 for evacuation
[2025-12-24T14:40:25.482+0000][gc,phases   ] GC(36)   Pre Evacuate Collection Set: 1.4ms
[2025-12-24T14:40:25.482+0000][gc,phases   ] GC(36)   Merge Heap Roots: 0.1ms
[2025-12-24T14:40:25.482+0000][gc,phases   ] GC(36)   Evacuate Collection Set: 6.0ms
[2025-12-24T14:40:25.482+0000][gc,phases   ] GC(36)   Post Evacuate Collection Set: 2.2ms
[2025-12-24T14:40:25.482+0000][gc,phases   ] GC(36)   Other: 0.2ms
[2025-12-24T14:40:25.482+0000][gc,heap     ] GC(36) Eden regions: 612->0(612)
[2025-12-24T14:40:25.482+0000][gc,heap     ] GC(36) Survivor regions: 2->2(77)
[2025-12-24T14:40:25.482+0000][gc,heap     ] GC(36) Old regions: 18->18
[2025-12-24T14:40:25.482+0000][gc,heap     ] GC(36) Humongous regions: 2->2
[2025-12-24T14:40:25.482+0000][gc,metaspace] GC(36) Metaspace: 10777K(11136K)->10777K(11136K) NonClass: 9744K(9920K)->9744K(9920K) Class: 1032K(1216K)->1032K(1216K)
[2025-12-24T14:40:25.482+0000][gc          ] GC(36) Pause Young (Normal) (G1 Evacuation Pause) 633M->20M(1024M) 10.909ms
[2025-12-24T14:40:25.483+0000][gc,cpu      ] GC(36) User=0.06s Sys=0.00s Real=0.01s
[2025-12-24T14:41:25.430+0000][gc,start    ] GC(37) Pause Young (Normal) (G1 Evacuation Pause)
[2025-12-24T14:41:25.431+0000][gc,task     ] GC(37) Using 8 workers of 8 for evacuation
[2025-12-24T14:41:25.447+0000][gc,phases   ] GC(37)   Pre Evacuate Collection Set: 3.9ms
[2025-12-24T14:41:25.448+0000][gc,phases   ] GC(37)   Merge Heap Roots: 1.0ms
[2025-12-24T14:41:25.448+0000][gc,phases   ] GC(37)   Evacuate Collection Set: 8.7ms
[2025-12-24T14:41:25.448+0000][gc,phases   ] GC(37)   Post Evacuate Collection Set: 1.7ms
[2025-12-24T14:41:25.448+0000][gc,phases   ] GC(37)   Other: 0.8ms
[2025-12-24T14:41:25.448+0000][gc,heap     ] GC(37) Eden regions: 612->0(612)
[2025-12-24T14:41:25.448+0000][gc,heap     ] GC(37) Survivor regions: 2->2(77)
[2025-12-24T14:41:25.448+0000][gc,heap     ] GC(37) Old regions: 18->18
[2025-12-24T14:41:25.448+0000][gc,heap     ] GC(37) Humongous regions: 2->2
[2025-12-24T14:41:25.448+0000][gc,metaspace] GC(37) Metaspace: 10806K(11200K)->10806K(11200K) NonClass: 9773K(9984K)->9773K(9984K) Class: 1032K(1216K)->1032K(1216K)
[2025-12-24T14:41:25.449+0000][gc          ] GC(37) Pause Young (Normal) (G1 Evacuation Pause) 632M->20M(1024M) 18.243ms
[2025-12-24T14:41:25.449+0000][gc,cpu      ] GC(37) User=0.09s Sys=0.00s Real=0.02s
[2025-12-24T14:42:25.388+0000][gc,start    ] GC(38) Pause Young (Normal) (G1 Evacuation Pause)
[2025-12-24T14:42:25.389+0000][gc,task     ] GC(38) Using 8 workers of 8 for evacuation
[2025-12-24T14:42:25.400+0000][gc,phases   ] GC(38)   Pre Evacuate Collection Set: 3.7ms
[2025-12-24T14:42:25.400+0000][gc,phases   ] GC(38)   Merge Heap Roots: 0.3ms
[2025-12-24T14:42:25.400+0000][gc,phases   ] GC(38)   Evacuate Collection Set: 4.7ms
[2025-12-24T14:42:25.400+0000][gc,phases   ] GC(38)   Post Evacuate Collection Set: 2.4ms
[2025-12-24T14:42:25.400+0000][gc,phases   ] GC(38)   Other: 0.3ms
[2025-12-24T14:42:25.400+0000][gc,heap     ] GC(38) Eden regions: 612->0(612)
[2025-12-24T14:42:25.401+0000][gc,heap     ] GC(38) Survivor regions: 2->2(77)
[2025-12-24T14:42:25.401+0000][gc,heap     ] GC(38) Old regions: 18->18
[2025-12-24T14:42:25.401+0000][gc,heap     ] GC(38) Humongous regions: 2->2
[2025-12-24T14:42:25.401+0000][gc,metaspace] GC(38) Metaspace: 10809K(11200K)->10809K(11200K) NonClass: 9776K(9984K)->9776K(9984K) Class: 1032K(1216K)->1032K(1216K)
[2025-12-24T14:42:25.401+0000][gc          ] GC(38) Pause Young (Normal) (G1 Evacuation Pause) 632M->20M(1024M) 12.886ms
[2025-12-24T14:42:25.401+0000][gc,cpu      ] GC(38) User=0.06s Sys=0.01s Real=0.01s
[2025-12-24T14:43:25.318+0000][gc,start    ] GC(39) Pause Young (Normal) (G1 Evacuation Pause)
[2025-12-24T14:43:25.319+0000][gc,task     ] GC(39) Using 8 workers of 8 for evacuation
[2025-12-24T14:43:25.328+0000][gc,phases   ] GC(39)   Pre Evacuate Collection Set: 1.4ms
[2025-12-24T14:43:25.328+0000][gc,phases   ] GC(39)   Merge Heap Roots: 0.2ms
[2025-12-24T14:43:25.328+0000][gc,phases   ] GC(39)   Evacuate Collection Set: 2.8ms
[2025-12-24T14:43:25.328+0000][gc,phases   ] GC(39)   Post Evacuate Collection Set: 3.4ms
[2025-12-24T14:43:25.328+0000][gc,phases   ] GC(39)   Other: 0.8ms
[2025-12-24T14:43:25.328+0000][gc,heap     ] GC(39) Eden regions: 612->0(613)
[2025-12-24T14:43:25.328+0000][gc,heap     ] GC(39) Survivor regions: 2->1(77)
[2025-12-24T14:43:25.328+0000][gc,heap     ] GC(39) Old regions: 18->18
[2025-12-24T14:43:25.328+0000][gc,heap     ] GC(39) Humongous regions: 2->2
[2025-12-24T14:43:25.329+0000][gc,metaspace] GC(39) Metaspace: 10824K(11200K)->10824K(11200K) NonClass: 9791K(9984K)->9791K(9984K) Class: 1032K(1216K)->1032K(1216K)
[2025-12-24T14:43:25.329+0000][gc          ] GC(39) Pause Young (Normal) (G1 Evacuation Pause) 632M->20M(1024M) 10.681ms
[2025-12-24T14:43:25.329+0000][gc,cpu      ] GC(39) User=0.05s Sys=0.00s Real=0.01s
[2025-12-24T14:44:20.708+0000][gc,start    ] GC(40) Pause Young (Normal) (G1 Evacuation Pause)
[2025-12-24T14:44:20.709+0000][gc,task     ] GC(40) Using 8 workers of 8 for evacuation
[2025-12-24T14:44:20.716+0000][gc,phases   ] GC(40)   Pre Evacuate Collection Set: 2.1ms
[2025-12-24T14:44:20.716+0000][gc,phases   ] GC(40)   Merge Heap Roots: 0.3ms
[2025-12-24T14:44:20.717+0000][gc,phases   ] GC(40)   Evacuate Collection Set: 2.8ms
[2025-12-24T14:44:20.717+0000][gc,phases   ] GC(40)   Post Evacuate Collection Set: 1.8ms
[2025-12-24T14:44:20.717+0000][gc,phases   ] GC(40)   Other: 0.5ms
[2025-12-24T14:44:20.717+0000][gc,heap     ] GC(40) Eden regions: 613->0(613)
[2025-12-24T14:44:20.717+0000][gc,heap     ] GC(40) Survivor regions: 1->1(77)
[2025-12-24T14:44:20.717+0000][gc,heap     ] GC(40) Old regions: 18->18
[2025-12-24T14:44:20.717+0000][gc,heap     ] GC(40) Humongous regions: 2->2
[2025-12-24T14:44:20.717+0000][gc,metaspace] GC(40) Metaspace: 10825K(11200K)->10825K(11200K) NonClass: 9792K(9984K)->9792K(9984K) Class: 1032K(1216K)->1032K(1216K)
[2025-12-24T14:44:20.717+0000][gc          ] GC(40) Pause Young (Normal) (G1 Evacuation Pause) 633M->20M(1024M) 8.820ms
[2025-12-24T14:44:20.717+0000][gc,cpu      ] GC(40) User=0.04s Sys=0.00s Real=0.01s
[2025-12-24T14:45:15.742+0000][gc,start    ] GC(41) Pause Young (Normal) (G1 Evacuation Pause)
[2025-12-24T14:45:15.743+0000][gc,task     ] GC(41) Using 8 workers of 8 for evacuation
[2025-12-24T14:45:15.755+0000][gc,phases   ] GC(41)   Pre Evacuate Collection Set: 3.3ms
[2025-12-24T14:45:15.755+0000][gc,phases   ] GC(41)   Merge Heap Roots: 1.4ms
[2025-12-24T14:45:15.755+0000][gc,phases   ] GC(41)   Evacuate Collection Set: 5.2ms
[2025-12-24T14:45:15.755+0000][gc,phases   ] GC(41)   Post Evacuate Collection Set: 1.5ms
[2025-12-24T14:45:15.755+0000][gc,phases   ] GC(41)   Other: 0.4ms
[2025-12-24T14:45:15.755+0000][gc,heap     ] GC(41) Eden regions: 613->0(612)
[2025-12-24T14:45:15.755+0000][gc,heap     ] GC(41) Survivor regions: 1->2(77)
[2025-12-24T14:45:15.755+0000][gc,heap     ] GC(41) Old regions: 18->18
[2025-12-24T14:45:15.755+0000][gc,heap     ] GC(41) Humongous regions: 2->2
[2025-12-24T14:45:15.756+0000][gc,metaspace] GC(41) Metaspace: 10848K(11200K)->10848K(11200K) NonClass: 9816K(9984K)->9816K(9984K) Class: 1032K(1216K)->1032K(1216K)
[2025-12-24T14:45:15.756+0000][gc          ] GC(41) Pause Young (Normal) (G1 Evacuation Pause) 633M->21M(1024M) 13.816ms
[2025-12-24T14:45:15.756+0000][gc,cpu      ] GC(41) User=0.06s Sys=0.01s Real=0.01s
[2025-12-24T14:46:15.521+0000][gc,start    ] GC(42) Pause Young (Normal) (G1 Evacuation Pause)
[2025-12-24T14:46:15.521+0000][gc,task     ] GC(42) Using 8 workers of 8 for evacuation
[2025-12-24T14:46:15.531+0000][gc,phases   ] GC(42)   Pre Evacuate Collection Set: 1.3ms
[2025-12-24T14:46:15.531+0000][gc,phases   ] GC(42)   Merge Heap Roots: 0.1ms
[2025-12-24T14:46:15.531+0000][gc,phases   ] GC(42)   Evacuate Collection Set: 6.1ms
[2025-12-24T14:46:15.531+0000][gc,phases   ] GC(42)   Post Evacuate Collection Set: 1.9ms
[2025-12-24T14:46:15.531+0000][gc,phases   ] GC(42)   Other: 0.2ms
[2025-12-24T14:46:15.532+0000][gc,heap     ] GC(42) Eden regions: 612->0(612)
[2025-12-24T14:46:15.532+0000][gc,heap     ] GC(42) Survivor regions: 2->2(77)
[2025-12-24T14:46:15.532+0000][gc,heap     ] GC(42) Old regions: 18->18
[2025-12-24T14:46:15.532+0000][gc,heap     ] GC(42) Humongous regions: 2->2
[2025-12-24T14:46:15.532+0000][gc,metaspace] GC(42) Metaspace: 10857K(11200K)->10857K(11200K) NonClass: 9825K(9984K)->9825K(9984K) Class: 1032K(1216K)->1032K(1216K)
[2025-12-24T14:46:15.532+0000][gc          ] GC(42) Pause Young (Normal) (G1 Evacuation Pause) 633M->21M(1024M) 10.925ms
[2025-12-24T14:46:15.532+0000][gc,cpu      ] GC(42) User=0.05s Sys=0.01s Real=0.01s
[2025-12-24T14:47:15.465+0000][gc,start    ] GC(43) Pause Young (Normal) (G1 Evacuation Pause)
[2025-12-24T14:47:15.466+0000][gc,task     ] GC(43) Using 8 workers of 8 for evacuation
[2025-12-24T14:47:15.481+0000][gc,phases   ] GC(43)   Pre Evacuate Collection Set: 4.7ms
[2025-12-24T14:47:15.481+0000][gc,phases   ] GC(43)   Merge Heap Roots: 0.4ms
[2025-12-24T14:47:15.481+0000][gc,phases   ] GC(43)   Evacuate Collection Set: 8.2ms
[2025-12-24T14:47:15.481+0000][gc,phases   ] GC(43)   Post Evacuate Collection Set: 1.2ms
[2025-12-24T14:47:15.481+0000][gc,phases   ] GC(43)   Other: 0.5ms
[2025-12-24T14:47:15.481+0000][gc,heap     ] GC(43) Eden regions: 612->0(612)
[2025-12-24T14:47:15.481+0000][gc,heap     ] GC(43) Survivor regions: 2->2(77)
[2025-12-24T14:47:15.481+0000][gc,heap     ] GC(43) Old regions: 18->18
[2025-12-24T14:47:15.481+0000][gc,heap     ] GC(43) Humongous regions: 2->2
[2025-12-24T14:47:15.481+0000][gc,metaspace] GC(43) Metaspace: 10868K(11264K)->10868K(11264K) NonClass: 9836K(10048K)->9836K(10048K) Class: 1032K(1216K)->1032K(1216K)
[2025-12-24T14:47:15.481+0000][gc          ] GC(43) Pause Young (Normal) (G1 Evacuation Pause) 633M->21M(1024M) 16.191ms
[2025-12-24T14:47:15.482+0000][gc,cpu      ] GC(43) User=0.07s Sys=0.01s Real=0.02s
[2025-12-24T14:48:15.463+0000][gc,start    ] GC(44) Pause Young (Normal) (G1 Evacuation Pause)
[2025-12-24T14:48:15.463+0000][gc,task     ] GC(44) Using 8 workers of 8 for evacuation
[2025-12-24T14:48:15.470+0000][gc,phases   ] GC(44)   Pre Evacuate Collection Set: 2.4ms
[2025-12-24T14:48:15.470+0000][gc,phases   ] GC(44)   Merge Heap Roots: 0.2ms
[2025-12-24T14:48:15.471+0000][gc,phases   ] GC(44)   Evacuate Collection Set: 2.8ms
[2025-12-24T14:48:15.471+0000][gc,phases   ] GC(44)   Post Evacuate Collection Set: 1.3ms
[2025-12-24T14:48:15.471+0000][gc,phases   ] GC(44)   Other: 0.3ms
[2025-12-24T14:48:15.471+0000][gc,heap     ] GC(44) Eden regions: 612->0(612)
[2025-12-24T14:48:15.471+0000][gc,heap     ] GC(44) Survivor regions: 2->2(77)
[2025-12-24T14:48:15.471+0000][gc,heap     ] GC(44) Old regions: 18->18
[2025-12-24T14:48:15.471+0000][gc,heap     ] GC(44) Humongous regions: 2->2
[2025-12-24T14:48:15.471+0000][gc,metaspace] GC(44) Metaspace: 10885K(11264K)->10885K(11264K) NonClass: 9852K(10048K)->9852K(10048K) Class: 1032K(1216K)->1032K(1216K)
[2025-12-24T14:48:15.471+0000][gc          ] GC(44) Pause Young (Normal) (G1 Evacuation Pause) 633M->21M(1024M) 8.104ms
[2025-12-24T14:48:15.471+0000][gc,cpu      ] GC(44) User=0.03s Sys=0.00s Real=0.01s
[2025-12-24T14:49:15.393+0000][gc,start    ] GC(45) Pause Young (Normal) (G1 Evacuation Pause)
[2025-12-24T14:49:15.395+0000][gc,task     ] GC(45) Using 8 workers of 8 for evacuation
[2025-12-24T14:49:15.403+0000][gc,phases   ] GC(45)   Pre Evacuate Collection Set: 1.8ms
[2025-12-24T14:49:15.403+0000][gc,phases   ] GC(45)   Merge Heap Roots: 0.2ms
[2025-12-24T14:49:15.403+0000][gc,phases   ] GC(45)   Evacuate Collection Set: 2.5ms
[2025-12-24T14:49:15.403+0000][gc,phases   ] GC(45)   Post Evacuate Collection Set: 3.2ms
[2025-12-24T14:49:15.403+0000][gc,phases   ] GC(45)   Other: 0.2ms
[2025-12-24T14:49:15.403+0000][gc,heap     ] GC(45) Eden regions: 612->0(612)
[2025-12-24T14:49:15.403+0000][gc,heap     ] GC(45) Survivor regions: 2->2(77)
[2025-12-24T14:49:15.403+0000][gc,heap     ] GC(45) Old regions: 18->18
[2025-12-24T14:49:15.403+0000][gc,heap     ] GC(45) Humongous regions: 2->2
[2025-12-24T14:49:15.403+0000][gc,metaspace] GC(45) Metaspace: 10910K(11264K)->10910K(11264K) NonClass: 9877K(10048K)->9877K(10048K) Class: 1032K(1216K)->1032K(1216K)
[2025-12-24T14:49:15.403+0000][gc          ] GC(45) Pause Young (Normal) (G1 Evacuation Pause) 633M->20M(1024M) 9.917ms
[2025-12-24T14:49:15.403+0000][gc,cpu      ] GC(45) User=0.04s Sys=0.00s Real=0.01s
[2025-12-24T14:50:15.317+0000][gc,start    ] GC(46) Pause Young (Normal) (G1 Evacuation Pause)
[2025-12-24T14:50:15.317+0000][gc,task     ] GC(46) Using 8 workers of 8 for evacuation
[2025-12-24T14:50:15.327+0000][gc,phases   ] GC(46)   Pre Evacuate Collection Set: 1.2ms
[2025-12-24T14:50:15.327+0000][gc,phases   ] GC(46)   Merge Heap Roots: 0.2ms
[2025-12-24T14:50:15.327+0000][gc,phases   ] GC(46)   Evacuate Collection Set: 4.0ms
[2025-12-24T14:50:15.327+0000][gc,phases   ] GC(46)   Post Evacuate Collection Set: 4.0ms
[2025-12-24T14:50:15.327+0000][gc,phases   ] GC(46)   Other: 0.2ms
[2025-12-24T14:50:15.327+0000][gc,heap     ] GC(46) Eden regions: 612->0(613)
[2025-12-24T14:50:15.327+0000][gc,heap     ] GC(46) Survivor regions: 2->1(77)
[2025-12-24T14:50:15.328+0000][gc,heap     ] GC(46) Old regions: 18->18
[2025-12-24T14:50:15.328+0000][gc,heap     ] GC(46) Humongous regions: 2->2
[2025-12-24T14:50:15.328+0000][gc,metaspace] GC(46) Metaspace: 11059K(11456K)->11059K(11456K) NonClass: 10026K(10240K)->10026K(10240K) Class: 1032K(1216K)->1032K(1216K)
[2025-12-24T14:50:15.328+0000][gc          ] GC(46) Pause Young (Normal) (G1 Evacuation Pause) 632M->20M(1024M) 10.902ms
[2025-12-24T14:50:15.328+0000][gc,cpu      ] GC(46) User=0.05s Sys=0.00s Real=0.01s
[2025-12-24T14:51:15.257+0000][gc,start    ] GC(47) Pause Young (Normal) (G1 Evacuation Pause)
[2025-12-24T14:51:15.258+0000][gc,task     ] GC(47) Using 8 workers of 8 for evacuation
[2025-12-24T14:51:15.275+0000][gc,phases   ] GC(47)   Pre Evacuate Collection Set: 5.2ms
[2025-12-24T14:51:15.275+0000][gc,phases   ] GC(47)   Merge Heap Roots: 0.4ms
[2025-12-24T14:51:15.275+0000][gc,phases   ] GC(47)   Evacuate Collection Set: 6.6ms
[2025-12-24T14:51:15.275+0000][gc,phases   ] GC(47)   Post Evacuate Collection Set: 3.7ms
[2025-12-24T14:51:15.275+0000][gc,phases   ] GC(47)   Other: 0.8ms
[2025-12-24T14:51:15.276+0000][gc,heap     ] GC(47) Eden regions: 613->0(613)
[2025-12-24T14:51:15.276+0000][gc,heap     ] GC(47) Survivor regions: 1->1(77)
[2025-12-24T14:51:15.276+0000][gc,heap     ] GC(47) Old regions: 18->18
[2025-12-24T14:51:15.276+0000][gc,heap     ] GC(47) Humongous regions: 2->2
[2025-12-24T14:51:15.276+0000][gc,metaspace] GC(47) Metaspace: 11059K(11456K)->11059K(11456K) NonClass: 10026K(10240K)->10026K(10240K) Class: 1032K(1216K)->1032K(1216K)
[2025-12-24T14:51:15.276+0000][gc          ] GC(47) Pause Young (Normal) (G1 Evacuation Pause) 633M->20M(1024M) 19.506ms
[2025-12-24T14:51:15.277+0000][gc,cpu      ] GC(47) User=0.09s Sys=0.00s Real=0.02s
[2025-12-24T14:53:32.576+0000][gc,start    ] GC(48) Pause Young (Normal) (G1 Evacuation Pause)
[2025-12-24T14:53:32.576+0000][gc,task     ] GC(48) Using 8 workers of 8 for evacuation
[2025-12-24T14:53:32.585+0000][gc,phases   ] GC(48)   Pre Evacuate Collection Set: 1.4ms
[2025-12-24T14:53:32.585+0000][gc,phases   ] GC(48)   Merge Heap Roots: 0.2ms
[2025-12-24T14:53:32.585+0000][gc,phases   ] GC(48)   Evacuate Collection Set: 5.5ms
[2025-12-24T14:53:32.585+0000][gc,phases   ] GC(48)   Post Evacuate Collection Set: 1.5ms
[2025-12-24T14:53:32.585+0000][gc,phases   ] GC(48)   Other: 0.2ms
[2025-12-24T14:53:32.585+0000][gc,heap     ] GC(48) Eden regions: 613->0(612)
[2025-12-24T14:53:32.585+0000][gc,heap     ] GC(48) Survivor regions: 1->2(77)
[2025-12-24T14:53:32.585+0000][gc,heap     ] GC(48) Old regions: 18->18
[2025-12-24T14:53:32.585+0000][gc,heap     ] GC(48) Humongous regions: 11->11
[2025-12-24T14:53:32.585+0000][gc,metaspace] GC(48) Metaspace: 11142K(11584K)->11142K(11584K) NonClass: 10094K(10304K)->10094K(10304K) Class: 1048K(1280K)->1048K(1280K)
[2025-12-24T14:53:32.586+0000][gc          ] GC(48) Pause Young (Normal) (G1 Evacuation Pause) 642M->30M(1024M) 9.752ms
[2025-12-24T14:53:32.586+0000][gc,cpu      ] GC(48) User=0.05s Sys=0.01s Real=0.01s
[2025-12-24T14:54:32.600+0000][gc,start    ] GC(49) Pause Young (Normal) (G1 Evacuation Pause)
[2025-12-24T14:54:32.601+0000][gc,task     ] GC(49) Using 8 workers of 8 for evacuation
[2025-12-24T14:54:32.625+0000][gc,phases   ] GC(49)   Pre Evacuate Collection Set: 2.5ms
[2025-12-24T14:54:32.625+0000][gc,phases   ] GC(49)   Merge Heap Roots: 0.4ms
[2025-12-24T14:54:32.625+0000][gc,phases   ] GC(49)   Evacuate Collection Set: 11.1ms
[2025-12-24T14:54:32.625+0000][gc,phases   ] GC(49)   Post Evacuate Collection Set: 8.4ms
[2025-12-24T14:54:32.625+0000][gc,phases   ] GC(49)   Other: 1.0ms
[2025-12-24T14:54:32.625+0000][gc,heap     ] GC(49) Eden regions: 612->0(612)
[2025-12-24T14:54:32.625+0000][gc,heap     ] GC(49) Survivor regions: 2->2(77)
[2025-12-24T14:54:32.626+0000][gc,heap     ] GC(49) Old regions: 18->18
[2025-12-24T14:54:32.626+0000][gc,heap     ] GC(49) Humongous regions: 11->11
[2025-12-24T14:54:32.626+0000][gc,metaspace] GC(49) Metaspace: 11151K(11584K)->11151K(11584K) NonClass: 10102K(10304K)->10102K(10304K) Class: 1049K(1280K)->1049K(1280K)
[2025-12-24T14:54:32.626+0000][gc          ] GC(49) Pause Young (Normal) (G1 Evacuation Pause) 642M->30M(1024M) 26.250ms
[2025-12-24T14:54:32.626+0000][gc,cpu      ] GC(49) User=0.07s Sys=0.00s Real=0.03s
[2025-12-24T14:55:32.441+0000][gc,start    ] GC(50) Pause Young (Normal) (G1 Evacuation Pause)
[2025-12-24T14:55:32.444+0000][gc,task     ] GC(50) Using 8 workers of 8 for evacuation
[2025-12-24T14:55:32.455+0000][gc,phases   ] GC(50)   Pre Evacuate Collection Set: 3.0ms
[2025-12-24T14:55:32.455+0000][gc,phases   ] GC(50)   Merge Heap Roots: 0.2ms
[2025-12-24T14:55:32.456+0000][gc,phases   ] GC(50)   Evacuate Collection Set: 3.9ms
[2025-12-24T14:55:32.456+0000][gc,phases   ] GC(50)   Post Evacuate Collection Set: 3.0ms
[2025-12-24T14:55:32.456+0000][gc,phases   ] GC(50)   Other: 0.9ms
[2025-12-24T14:55:32.456+0000][gc,heap     ] GC(50) Eden regions: 612->0(612)
[2025-12-24T14:55:32.456+0000][gc,heap     ] GC(50) Survivor regions: 2->2(77)
[2025-12-24T14:55:32.456+0000][gc,heap     ] GC(50) Old regions: 18->19
[2025-12-24T14:55:32.456+0000][gc,heap     ] GC(50) Humongous regions: 11->11
[2025-12-24T14:55:32.456+0000][gc,metaspace] GC(50) Metaspace: 11153K(11584K)->11153K(11584K) NonClass: 10103K(10304K)->10103K(10304K) Class: 1049K(1280K)->1049K(1280K)
[2025-12-24T14:55:32.456+0000][gc          ] GC(50) Pause Young (Normal) (G1 Evacuation Pause) 642M->30M(1024M) 15.350ms
[2025-12-24T14:55:32.456+0000][gc,cpu      ] GC(50) User=0.05s Sys=0.01s Real=0.02s
[2025-12-24T14:56:32.418+0000][gc,start    ] GC(51) Pause Young (Normal) (G1 Evacuation Pause)
[2025-12-24T14:56:32.419+0000][gc,task     ] GC(51) Using 8 workers of 8 for evacuation
[2025-12-24T14:56:32.432+0000][gc,phases   ] GC(51)   Pre Evacuate Collection Set: 5.2ms
[2025-12-24T14:56:32.433+0000][gc,phases   ] GC(51)   Merge Heap Roots: 0.4ms
[2025-12-24T14:56:32.433+0000][gc,phases   ] GC(51)   Evacuate Collection Set: 5.7ms
[2025-12-24T14:56:32.433+0000][gc,phases   ] GC(51)   Post Evacuate Collection Set: 1.8ms
[2025-12-24T14:56:32.433+0000][gc,phases   ] GC(51)   Other: 0.7ms
[2025-12-24T14:56:32.433+0000][gc,heap     ] GC(51) Eden regions: 612->0(612)
[2025-12-24T14:56:32.433+0000][gc,heap     ] GC(51) Survivor regions: 2->2(77)
[2025-12-24T14:56:32.434+0000][gc,heap     ] GC(51) Old regions: 19->19
[2025-12-24T14:56:32.434+0000][gc,heap     ] GC(51) Humongous regions: 11->11
[2025-12-24T14:56:32.434+0000][gc,metaspace] GC(51) Metaspace: 11153K(11584K)->11153K(11584K) NonClass: 10103K(10304K)->10103K(10304K) Class: 1049K(1280K)->1049K(1280K)
[2025-12-24T14:56:32.434+0000][gc          ] GC(51) Pause Young (Normal) (G1 Evacuation Pause) 642M->30M(1024M) 16.456ms
[2025-12-24T14:56:32.435+0000][gc,cpu      ] GC(51) User=0.08s Sys=0.00s Real=0.02s
[2025-12-24T14:57:32.315+0000][gc,start    ] GC(52) Pause Young (Normal) (G1 Evacuation Pause)
[2025-12-24T14:57:32.315+0000][gc,task     ] GC(52) Using 8 workers of 8 for evacuation
[2025-12-24T14:57:32.322+0000][gc,phases   ] GC(52)   Pre Evacuate Collection Set: 1.4ms
[2025-12-24T14:57:32.322+0000][gc,phases   ] GC(52)   Merge Heap Roots: 0.3ms
[2025-12-24T14:57:32.322+0000][gc,phases   ] GC(52)   Evacuate Collection Set: 3.2ms
[2025-12-24T14:57:32.322+0000][gc,phases   ] GC(52)   Post Evacuate Collection Set: 1.3ms
[2025-12-24T14:57:32.322+0000][gc,phases   ] GC(52)   Other: 0.4ms
[2025-12-24T14:57:32.322+0000][gc,heap     ] GC(52) Eden regions: 612->0(612)
[2025-12-24T14:57:32.322+0000][gc,heap     ] GC(52) Survivor regions: 2->2(77)
[2025-12-24T14:57:32.322+0000][gc,heap     ] GC(52) Old regions: 19->19
[2025-12-24T14:57:32.322+0000][gc,heap     ] GC(52) Humongous regions: 11->11
[2025-12-24T14:57:32.322+0000][gc,metaspace] GC(52) Metaspace: 11164K(11584K)->11164K(11584K) NonClass: 10114K(10304K)->10114K(10304K) Class: 1049K(1280K)->1049K(1280K)
[2025-12-24T14:57:32.323+0000][gc          ] GC(52) Pause Young (Normal) (G1 Evacuation Pause) 642M->30M(1024M) 7.841ms
[2025-12-24T14:57:32.323+0000][gc,cpu      ] GC(52) User=0.04s Sys=0.00s Real=0.01s
[2025-12-24T14:58:32.244+0000][gc,start    ] GC(53) Pause Young (Normal) (G1 Evacuation Pause)
[2025-12-24T14:58:32.245+0000][gc,task     ] GC(53) Using 8 workers of 8 for evacuation
[2025-12-24T14:58:32.251+0000][gc,phases   ] GC(53)   Pre Evacuate Collection Set: 1.1ms
[2025-12-24T14:58:32.252+0000][gc,phases   ] GC(53)   Merge Heap Roots: 0.2ms
[2025-12-24T14:58:32.252+0000][gc,phases   ] GC(53)   Evacuate Collection Set: 3.5ms
[2025-12-24T14:58:32.252+0000][gc,phases   ] GC(53)   Post Evacuate Collection Set: 1.3ms
[2025-12-24T14:58:32.252+0000][gc,phases   ] GC(53)   Other: 0.5ms
[2025-12-24T14:58:32.252+0000][gc,heap     ] GC(53) Eden regions: 612->0(613)
[2025-12-24T14:58:32.252+0000][gc,heap     ] GC(53) Survivor regions: 2->1(77)
[2025-12-24T14:58:32.252+0000][gc,heap     ] GC(53) Old regions: 19->19
[2025-12-24T14:58:32.252+0000][gc,heap     ] GC(53) Humongous regions: 11->11
[2025-12-24T14:58:32.252+0000][gc,metaspace] GC(53) Metaspace: 11164K(11584K)->11164K(11584K) NonClass: 10114K(10304K)->10114K(10304K) Class: 1049K(1280K)->1049K(1280K)
[2025-12-24T14:58:32.252+0000][gc          ] GC(53) Pause Young (Normal) (G1 Evacuation Pause) 642M->29M(1024M) 8.110ms
[2025-12-24T14:58:32.252+0000][gc,cpu      ] GC(53) User=0.03s Sys=0.00s Real=0.00s
[2025-12-24T14:59:22.549+0000][gc,start    ] GC(54) Pause Young (Normal) (G1 Evacuation Pause)
[2025-12-24T14:59:22.550+0000][gc,task     ] GC(54) Using 8 workers of 8 for evacuation
[2025-12-24T14:59:22.569+0000][gc,phases   ] GC(54)   Pre Evacuate Collection Set: 5.0ms
[2025-12-24T14:59:22.569+0000][gc,phases   ] GC(54)   Merge Heap Roots: 0.7ms
[2025-12-24T14:59:22.569+0000][gc,phases   ] GC(54)   Evacuate Collection Set: 11.2ms
[2025-12-24T14:59:22.569+0000][gc,phases   ] GC(54)   Post Evacuate Collection Set: 1.9ms
[2025-12-24T14:59:22.569+0000][gc,phases   ] GC(54)   Other: 0.2ms
[2025-12-24T14:59:22.569+0000][gc,heap     ] GC(54) Eden regions: 613->0(612)
[2025-12-24T14:59:22.569+0000][gc,heap     ] GC(54) Survivor regions: 1->2(77)
[2025-12-24T14:59:22.569+0000][gc,heap     ] GC(54) Old regions: 19->19
[2025-12-24T14:59:22.569+0000][gc,heap     ] GC(54) Humongous regions: 11->11
[2025-12-24T14:59:22.569+0000][gc,metaspace] GC(54) Metaspace: 11164K(11584K)->11164K(11584K) NonClass: 10114K(10304K)->10114K(10304K) Class: 1049K(1280K)->1049K(1280K)
[2025-12-24T14:59:22.569+0000][gc          ] GC(54) Pause Young (Normal) (G1 Evacuation Pause) 642M->30M(1024M) 20.136ms
[2025-12-24T14:59:22.570+0000][gc,cpu      ] GC(54) User=0.10s Sys=0.01s Real=0.02s
[2025-12-24T15:00:22.479+0000][gc,start    ] GC(55) Pause Young (Normal) (G1 Evacuation Pause)
[2025-12-24T15:00:22.480+0000][gc,task     ] GC(55) Using 8 workers of 8 for evacuation
[2025-12-24T15:00:22.485+0000][gc,phases   ] GC(55)   Pre Evacuate Collection Set: 0.9ms
[2025-12-24T15:00:22.485+0000][gc,phases   ] GC(55)   Merge Heap Roots: 0.2ms
[2025-12-24T15:00:22.485+0000][gc,phases   ] GC(55)   Evacuate Collection Set: 2.8ms
[2025-12-24T15:00:22.485+0000][gc,phases   ] GC(55)   Post Evacuate Collection Set: 0.9ms
[2025-12-24T15:00:22.485+0000][gc,phases   ] GC(55)   Other: 0.3ms
[2025-12-24T15:00:22.485+0000][gc,heap     ] GC(55) Eden regions: 612->0(612)
[2025-12-24T15:00:22.485+0000][gc,heap     ] GC(55) Survivor regions: 2->2(77)
[2025-12-24T15:00:22.485+0000][gc,heap     ] GC(55) Old regions: 19->19
[2025-12-24T15:00:22.485+0000][gc,heap     ] GC(55) Humongous regions: 11->11
[2025-12-24T15:00:22.485+0000][gc,metaspace] GC(55) Metaspace: 11164K(11584K)->11164K(11584K) NonClass: 10114K(10304K)->10114K(10304K) Class: 1049K(1280K)->1049K(1280K)
[2025-12-24T15:00:22.485+0000][gc          ] GC(55) Pause Young (Normal) (G1 Evacuation Pause) 642M->31M(1024M) 6.168ms
[2025-12-24T15:00:22.486+0000][gc,cpu      ] GC(55) User=0.02s Sys=0.01s Real=0.00s
[2025-12-24T15:01:22.423+0000][gc,start    ] GC(56) Pause Young (Normal) (G1 Evacuation Pause)
[2025-12-24T15:01:22.424+0000][gc,task     ] GC(56) Using 8 workers of 8 for evacuation
[2025-12-24T15:01:22.440+0000][gc,phases   ] GC(56)   Pre Evacuate Collection Set: 1.5ms
[2025-12-24T15:01:22.441+0000][gc,phases   ] GC(56)   Merge Heap Roots: 0.3ms
[2025-12-24T15:01:22.441+0000][gc,phases   ] GC(56)   Evacuate Collection Set: 13.1ms
[2025-12-24T15:01:22.441+0000][gc,phases   ] GC(56)   Post Evacuate Collection Set: 1.1ms
[2025-12-24T15:01:22.441+0000][gc,phases   ] GC(56)   Other: 1.0ms
[2025-12-24T15:01:22.441+0000][gc,heap     ] GC(56) Eden regions: 612->0(612)
[2025-12-24T15:01:22.441+0000][gc,heap     ] GC(56) Survivor regions: 2->2(77)
[2025-12-24T15:01:22.441+0000][gc,heap     ] GC(56) Old regions: 19->19
[2025-12-24T15:01:22.441+0000][gc,heap     ] GC(56) Humongous regions: 11->11
[2025-12-24T15:01:22.441+0000][gc,metaspace] GC(56) Metaspace: 11165K(11584K)->11165K(11584K) NonClass: 10114K(10304K)->10114K(10304K) Class: 1050K(1280K)->1050K(1280K)
[2025-12-24T15:01:22.441+0000][gc          ] GC(56) Pause Young (Normal) (G1 Evacuation Pause) 643M->30M(1024M) 18.459ms
[2025-12-24T15:01:22.441+0000][gc,cpu      ] GC(56) User=0.04s Sys=0.00s Real=0.02s
[2025-12-24T15:02:22.380+0000][gc,start    ] GC(57) Pause Young (Normal) (G1 Evacuation Pause)
[2025-12-24T15:02:22.381+0000][gc,task     ] GC(57) Using 8 workers of 8 for evacuation
[2025-12-24T15:02:22.391+0000][gc,phases   ] GC(57)   Pre Evacuate Collection Set: 1.3ms
[2025-12-24T15:02:22.391+0000][gc,phases   ] GC(57)   Merge Heap Roots: 0.3ms
[2025-12-24T15:02:22.391+0000][gc,phases   ] GC(57)   Evacuate Collection Set: 6.0ms
[2025-12-24T15:02:22.391+0000][gc,phases   ] GC(57)   Post Evacuate Collection Set: 1.3ms
[2025-12-24T15:02:22.391+0000][gc,phases   ] GC(57)   Other: 0.4ms
[2025-12-24T15:02:22.391+0000][gc,heap     ] GC(57) Eden regions: 612->0(612)
[2025-12-24T15:02:22.391+0000][gc,heap     ] GC(57) Survivor regions: 2->2(77)
[2025-12-24T15:02:22.391+0000][gc,heap     ] GC(57) Old regions: 19->19
[2025-12-24T15:02:22.391+0000][gc,heap     ] GC(57) Humongous regions: 11->11
[2025-12-24T15:02:22.391+0000][gc,metaspace] GC(57) Metaspace: 11170K(11584K)->11170K(11584K) NonClass: 10120K(10304K)->10120K(10304K) Class: 1050K(1280K)->1050K(1280K)
[2025-12-24T15:02:22.391+0000][gc          ] GC(57) Pause Young (Normal) (G1 Evacuation Pause) 642M->30M(1024M) 10.849ms
[2025-12-24T15:02:22.391+0000][gc,cpu      ] GC(57) User=0.05s Sys=0.00s Real=0.01s
[2025-12-24T15:03:22.315+0000][gc,start    ] GC(58) Pause Young (Normal) (G1 Evacuation Pause)
[2025-12-24T15:03:22.316+0000][gc,task     ] GC(58) Using 8 workers of 8 for evacuation
[2025-12-24T15:03:22.325+0000][gc,phases   ] GC(58)   Pre Evacuate Collection Set: 0.9ms
[2025-12-24T15:03:22.325+0000][gc,phases   ] GC(58)   Merge Heap Roots: 0.2ms
[2025-12-24T15:03:22.325+0000][gc,phases   ] GC(58)   Evacuate Collection Set: 5.8ms
[2025-12-24T15:03:22.325+0000][gc,phases   ] GC(58)   Post Evacuate Collection Set: 1.7ms
[2025-12-24T15:03:22.325+0000][gc,phases   ] GC(58)   Other: 0.3ms
[2025-12-24T15:03:22.325+0000][gc,heap     ] GC(58) Eden regions: 612->0(612)
[2025-12-24T15:03:22.325+0000][gc,heap     ] GC(58) Survivor regions: 2->2(77)
[2025-12-24T15:03:22.325+0000][gc,heap     ] GC(58) Old regions: 19->19
[2025-12-24T15:03:22.325+0000][gc,heap     ] GC(58) Humongous regions: 11->11
[2025-12-24T15:03:22.326+0000][gc,metaspace] GC(58) Metaspace: 11173K(11584K)->11173K(11584K) NonClass: 10123K(10304K)->10123K(10304K) Class: 1050K(1280K)->1050K(1280K)
[2025-12-24T15:03:22.326+0000][gc          ] GC(58) Pause Young (Normal) (G1 Evacuation Pause) 642M->30M(1024M) 10.300ms
[2025-12-24T15:03:22.326+0000][gc,cpu      ] GC(58) User=0.06s Sys=0.00s Real=0.01s
[2025-12-24T15:04:22.247+0000][gc,start    ] GC(59) Pause Young (Normal) (G1 Evacuation Pause)
[2025-12-24T15:04:22.247+0000][gc,task     ] GC(59) Using 8 workers of 8 for evacuation
[2025-12-24T15:04:22.254+0000][gc,phases   ] GC(59)   Pre Evacuate Collection Set: 1.1ms
[2025-12-24T15:04:22.254+0000][gc,phases   ] GC(59)   Merge Heap Roots: 0.2ms
[2025-12-24T15:04:22.254+0000][gc,phases   ] GC(59)   Evacuate Collection Set: 3.2ms
[2025-12-24T15:04:22.254+0000][gc,phases   ] GC(59)   Post Evacuate Collection Set: 2.0ms
[2025-12-24T15:04:22.254+0000][gc,phases   ] GC(59)   Other: 0.3ms
[2025-12-24T15:04:22.254+0000][gc,heap     ] GC(59) Eden regions: 612->0(613)
[2025-12-24T15:04:22.254+0000][gc,heap     ] GC(59) Survivor regions: 2->1(77)
[2025-12-24T15:04:22.254+0000][gc,heap     ] GC(59) Old regions: 19->19
[2025-12-24T15:04:22.255+0000][gc,heap     ] GC(59) Humongous regions: 11->11
[2025-12-24T15:04:22.255+0000][gc,metaspace] GC(59) Metaspace: 11178K(11584K)->11178K(11584K) NonClass: 10127K(10304K)->10127K(10304K) Class: 1050K(1280K)->1050K(1280K)
[2025-12-24T15:04:22.255+0000][gc          ] GC(59) Pause Young (Normal) (G1 Evacuation Pause) 642M->30M(1024M) 8.016ms
[2025-12-24T15:04:22.255+0000][gc,cpu      ] GC(59) User=0.03s Sys=0.00s Real=0.01s
[2025-12-24T15:05:22.197+0000][gc,start    ] GC(60) Pause Young (Normal) (G1 Evacuation Pause)
[2025-12-24T15:05:22.198+0000][gc,task     ] GC(60) Using 8 workers of 8 for evacuation
[2025-12-24T15:05:22.204+0000][gc,phases   ] GC(60)   Pre Evacuate Collection Set: 1.1ms
[2025-12-24T15:05:22.205+0000][gc,phases   ] GC(60)   Merge Heap Roots: 0.2ms
[2025-12-24T15:05:22.205+0000][gc,phases   ] GC(60)   Evacuate Collection Set: 3.8ms
[2025-12-24T15:05:22.205+0000][gc,phases   ] GC(60)   Post Evacuate Collection Set: 1.3ms
[2025-12-24T15:05:22.205+0000][gc,phases   ] GC(60)   Other: 0.3ms
[2025-12-24T15:05:22.205+0000][gc,heap     ] GC(60) Eden regions: 613->0(613)
[2025-12-24T15:05:22.205+0000][gc,heap     ] GC(60) Survivor regions: 1->1(77)
[2025-12-24T15:05:22.205+0000][gc,heap     ] GC(60) Old regions: 19->19
[2025-12-24T15:05:22.205+0000][gc,heap     ] GC(60) Humongous regions: 11->11
[2025-12-24T15:05:22.205+0000][gc,metaspace] GC(60) Metaspace: 11188K(11584K)->11188K(11584K) NonClass: 10137K(10304K)->10137K(10304K) Class: 1050K(1280K)->1050K(1280K)
[2025-12-24T15:05:22.205+0000][gc          ] GC(60) Pause Young (Normal) (G1 Evacuation Pause) 643M->30M(1024M) 8.015ms
[2025-12-24T15:05:22.205+0000][gc,cpu      ] GC(60) User=0.04s Sys=0.00s Real=0.00s
[2025-12-24T15:06:12.505+0000][gc,start    ] GC(61) Pause Young (Normal) (G1 Evacuation Pause)
[2025-12-24T15:06:12.506+0000][gc,task     ] GC(61) Using 8 workers of 8 for evacuation
[2025-12-24T15:06:12.516+0000][gc,phases   ] GC(61)   Pre Evacuate Collection Set: 1.0ms
[2025-12-24T15:06:12.516+0000][gc,phases   ] GC(61)   Merge Heap Roots: 0.2ms
[2025-12-24T15:06:12.516+0000][gc,phases   ] GC(61)   Evacuate Collection Set: 8.1ms
[2025-12-24T15:06:12.517+0000][gc,phases   ] GC(61)   Post Evacuate Collection Set: 1.0ms
[2025-12-24T15:06:12.517+0000][gc,phases   ] GC(61)   Other: 0.2ms
[2025-12-24T15:06:12.517+0000][gc,heap     ] GC(61) Eden regions: 613->0(611)
[2025-12-24T15:06:12.517+0000][gc,heap     ] GC(61) Survivor regions: 1->3(77)
[2025-12-24T15:06:12.517+0000][gc,heap     ] GC(61) Old regions: 19->19
[2025-12-24T15:06:12.517+0000][gc,heap     ] GC(61) Humongous regions: 11->11
[2025-12-24T15:06:12.517+0000][gc,metaspace] GC(61) Metaspace: 11188K(11584K)->11188K(11584K) NonClass: 10137K(10304K)->10137K(10304K) Class: 1050K(1280K)->1050K(1280K)
[2025-12-24T15:06:12.517+0000][gc          ] GC(61) Pause Young (Normal) (G1 Evacuation Pause) 643M->31M(1024M) 12.242ms
[2025-12-24T15:06:12.517+0000][gc,cpu      ] GC(61) User=0.07s Sys=0.00s Real=0.01s
[2025-12-24T15:07:12.467+0000][gc,start    ] GC(62) Pause Young (Normal) (G1 Evacuation Pause)
[2025-12-24T15:07:12.468+0000][gc,task     ] GC(62) Using 8 workers of 8 for evacuation
[2025-12-24T15:07:12.478+0000][gc,phases   ] GC(62)   Pre Evacuate Collection Set: 1.8ms
[2025-12-24T15:07:12.478+0000][gc,phases   ] GC(62)   Merge Heap Roots: 0.9ms
[2025-12-24T15:07:12.478+0000][gc,phases   ] GC(62)   Evacuate Collection Set: 5.7ms
[2025-12-24T15:07:12.478+0000][gc,phases   ] GC(62)   Post Evacuate Collection Set: 1.2ms
[2025-12-24T15:07:12.478+0000][gc,phases   ] GC(62)   Other: 0.6ms
[2025-12-24T15:07:12.478+0000][gc,heap     ] GC(62) Eden regions: 611->0(612)
[2025-12-24T15:07:12.479+0000][gc,heap     ] GC(62) Survivor regions: 3->2(77)
[2025-12-24T15:07:12.479+0000][gc,heap     ] GC(62) Old regions: 19->19
[2025-12-24T15:07:12.479+0000][gc,heap     ] GC(62) Humongous regions: 11->11
[2025-12-24T15:07:12.479+0000][gc,metaspace] GC(62) Metaspace: 11188K(11584K)->11188K(11584K) NonClass: 10138K(10304K)->10138K(10304K) Class: 1050K(1280K)->1050K(1280K)
[2025-12-24T15:07:12.479+0000][gc          ] GC(62) Pause Young (Normal) (G1 Evacuation Pause) 642M->31M(1024M) 11.708ms
[2025-12-24T15:07:12.479+0000][gc,cpu      ] GC(62) User=0.04s Sys=0.00s Real=0.01s
[2025-12-24T15:08:12.381+0000][gc,start    ] GC(63) Pause Young (Normal) (G1 Evacuation Pause)
[2025-12-24T15:08:12.381+0000][gc,task     ] GC(63) Using 8 workers of 8 for evacuation
[2025-12-24T15:08:12.388+0000][gc,phases   ] GC(63)   Pre Evacuate Collection Set: 1.1ms
[2025-12-24T15:08:12.388+0000][gc,phases   ] GC(63)   Merge Heap Roots: 0.2ms
[2025-12-24T15:08:12.388+0000][gc,phases   ] GC(63)   Evacuate Collection Set: 3.7ms
[2025-12-24T15:08:12.388+0000][gc,phases   ] GC(63)   Post Evacuate Collection Set: 1.2ms
[2025-12-24T15:08:12.388+0000][gc,phases   ] GC(63)   Other: 0.3ms
[2025-12-24T15:08:12.388+0000][gc,heap     ] GC(63) Eden regions: 612->0(612)
[2025-12-24T15:08:12.388+0000][gc,heap     ] GC(63) Survivor regions: 2->2(77)
[2025-12-24T15:08:12.388+0000][gc,heap     ] GC(63) Old regions: 19->19
[2025-12-24T15:08:12.388+0000][gc,heap     ] GC(63) Humongous regions: 11->11
[2025-12-24T15:08:12.389+0000][gc,metaspace] GC(63) Metaspace: 11188K(11584K)->11188K(11584K) NonClass: 10138K(10304K)->10138K(10304K) Class: 1050K(1280K)->1050K(1280K)
[2025-12-24T15:08:12.389+0000][gc          ] GC(63) Pause Young (Normal) (G1 Evacuation Pause) 643M->30M(1024M) 7.951ms
[2025-12-24T15:08:12.389+0000][gc,cpu      ] GC(63) User=0.04s Sys=0.00s Real=0.01s
[2025-12-24T15:09:12.352+0000][gc,start    ] GC(64) Pause Young (Normal) (G1 Evacuation Pause)
[2025-12-24T15:09:12.352+0000][gc,task     ] GC(64) Using 8 workers of 8 for evacuation
[2025-12-24T15:09:12.369+0000][gc,phases   ] GC(64)   Pre Evacuate Collection Set: 1.0ms
[2025-12-24T15:09:12.369+0000][gc,phases   ] GC(64)   Merge Heap Roots: 0.1ms
[2025-12-24T15:09:12.369+0000][gc,phases   ] GC(64)   Evacuate Collection Set: 11.1ms
[2025-12-24T15:09:12.369+0000][gc,phases   ] GC(64)   Post Evacuate Collection Set: 4.0ms
[2025-12-24T15:09:12.369+0000][gc,phases   ] GC(64)   Other: 0.3ms
[2025-12-24T15:09:12.370+0000][gc,heap     ] GC(64) Eden regions: 612->0(612)
[2025-12-24T15:09:12.370+0000][gc,heap     ] GC(64) Survivor regions: 2->2(77)
[2025-12-24T15:09:12.370+0000][gc,heap     ] GC(64) Old regions: 19->19
[2025-12-24T15:09:12.370+0000][gc,heap     ] GC(64) Humongous regions: 20->20
[2025-12-24T15:09:12.370+0000][gc,metaspace] GC(64) Metaspace: 11301K(11776K)->11301K(11776K) NonClass: 10237K(10432K)->10237K(10432K) Class: 1064K(1344K)->1064K(1344K)
[2025-12-24T15:09:12.370+0000][gc          ] GC(64) Pause Young (Normal) (G1 Evacuation Pause) 651M->40M(1024M) 17.992ms
[2025-12-24T15:09:12.370+0000][gc,cpu      ] GC(64) User=0.09s Sys=0.00s Real=0.02s
[2025-12-24T15:10:12.277+0000][gc,start    ] GC(65) Pause Young (Normal) (G1 Evacuation Pause)
[2025-12-24T15:10:12.278+0000][gc,task     ] GC(65) Using 8 workers of 8 for evacuation
[2025-12-24T15:10:12.289+0000][gc,phases   ] GC(65)   Pre Evacuate Collection Set: 1.1ms
[2025-12-24T15:10:12.289+0000][gc,phases   ] GC(65)   Merge Heap Roots: 0.2ms
[2025-12-24T15:10:12.289+0000][gc,phases   ] GC(65)   Evacuate Collection Set: 7.8ms
[2025-12-24T15:10:12.289+0000][gc,phases   ] GC(65)   Post Evacuate Collection Set: 2.0ms
[2025-12-24T15:10:12.289+0000][gc,phases   ] GC(65)   Other: 0.3ms
[2025-12-24T15:10:12.289+0000][gc,heap     ] GC(65) Eden regions: 612->0(612)
[2025-12-24T15:10:12.290+0000][gc,heap     ] GC(65) Survivor regions: 2->2(77)
[2025-12-24T15:10:12.290+0000][gc,heap     ] GC(65) Old regions: 19->19
[2025-12-24T15:10:12.290+0000][gc,heap     ] GC(65) Humongous regions: 20->20
[2025-12-24T15:10:12.290+0000][gc,metaspace] GC(65) Metaspace: 11326K(11776K)->11326K(11776K) NonClass: 10255K(10432K)->10255K(10432K) Class: 1071K(1344K)->1071K(1344K)
[2025-12-24T15:10:12.290+0000][gc          ] GC(65) Pause Young (Normal) (G1 Evacuation Pause) 652M->39M(1024M) 12.809ms
[2025-12-24T15:10:12.290+0000][gc,cpu      ] GC(65) User=0.06s Sys=0.00s Real=0.01s
[2025-12-24T15:11:12.239+0000][gc,start    ] GC(66) Pause Young (Normal) (G1 Evacuation Pause)
[2025-12-24T15:11:12.239+0000][gc,task     ] GC(66) Using 8 workers of 8 for evacuation
[2025-12-24T15:11:12.250+0000][gc,phases   ] GC(66)   Pre Evacuate Collection Set: 1.3ms
[2025-12-24T15:11:12.250+0000][gc,phases   ] GC(66)   Merge Heap Roots: 0.2ms
[2025-12-24T15:11:12.250+0000][gc,phases   ] GC(66)   Evacuate Collection Set: 6.5ms
[2025-12-24T15:11:12.250+0000][gc,phases   ] GC(66)   Post Evacuate Collection Set: 1.7ms
[2025-12-24T15:11:12.250+0000][gc,phases   ] GC(66)   Other: 0.2ms
[2025-12-24T15:11:12.250+0000][gc,heap     ] GC(66) Eden regions: 612->0(613)
[2025-12-24T15:11:12.250+0000][gc,heap     ] GC(66) Survivor regions: 2->1(77)
[2025-12-24T15:11:12.250+0000][gc,heap     ] GC(66) Old regions: 19->19
[2025-12-24T15:11:12.250+0000][gc,heap     ] GC(66) Humongous regions: 20->20
[2025-12-24T15:11:12.250+0000][gc,metaspace] GC(66) Metaspace: 11326K(11776K)->11326K(11776K) NonClass: 10255K(10432K)->10255K(10432K) Class: 1071K(1344K)->1071K(1344K)
[2025-12-24T15:11:12.250+0000][gc          ] GC(66) Pause Young (Normal) (G1 Evacuation Pause) 651M->39M(1024M) 11.507ms
[2025-12-24T15:11:12.251+0000][gc,cpu      ] GC(66) User=0.06s Sys=0.00s Real=0.01s
[2025-12-24T15:12:02.563+0000][gc,start    ] GC(67) Pause Young (Normal) (G1 Evacuation Pause)
[2025-12-24T15:12:02.563+0000][gc,task     ] GC(67) Using 8 workers of 8 for evacuation
[2025-12-24T15:12:02.575+0000][gc,phases   ] GC(67)   Pre Evacuate Collection Set: 1.5ms
[2025-12-24T15:12:02.575+0000][gc,phases   ] GC(67)   Merge Heap Roots: 0.2ms
[2025-12-24T15:12:02.575+0000][gc,phases   ] GC(67)   Evacuate Collection Set: 8.4ms
[2025-12-24T15:12:02.575+0000][gc,phases   ] GC(67)   Post Evacuate Collection Set: 1.3ms
[2025-12-24T15:12:02.575+0000][gc,phases   ] GC(67)   Other: 0.3ms
[2025-12-24T15:12:02.575+0000][gc,heap     ] GC(67) Eden regions: 613->0(612)
[2025-12-24T15:12:02.575+0000][gc,heap     ] GC(67) Survivor regions: 1->2(77)
[2025-12-24T15:12:02.575+0000][gc,heap     ] GC(67) Old regions: 19->19
[2025-12-24T15:12:02.575+0000][gc,heap     ] GC(67) Humongous regions: 20->20
[2025-12-24T15:12:02.576+0000][gc,metaspace] GC(67) Metaspace: 11329K(11776K)->11329K(11776K) NonClass: 10257K(10432K)->10257K(10432K) Class: 1071K(1344K)->1071K(1344K)
[2025-12-24T15:12:02.576+0000][gc          ] GC(67) Pause Young (Normal) (G1 Evacuation Pause) 652M->40M(1024M) 12.880ms
[2025-12-24T15:12:02.576+0000][gc,cpu      ] GC(67) User=0.06s Sys=0.00s Real=0.01s
[2025-12-24T15:13:02.420+0000][gc,start    ] GC(68) Pause Young (Normal) (G1 Evacuation Pause)
[2025-12-24T15:13:02.420+0000][gc,task     ] GC(68) Using 8 workers of 8 for evacuation
[2025-12-24T15:13:02.434+0000][gc,phases   ] GC(68)   Pre Evacuate Collection Set: 1.0ms
[2025-12-24T15:13:02.434+0000][gc,phases   ] GC(68)   Merge Heap Roots: 0.2ms
[2025-12-24T15:13:02.434+0000][gc,phases   ] GC(68)   Evacuate Collection Set: 9.6ms
[2025-12-24T15:13:02.434+0000][gc,phases   ] GC(68)   Post Evacuate Collection Set: 2.1ms
[2025-12-24T15:13:02.434+0000][gc,phases   ] GC(68)   Other: 0.3ms
[2025-12-24T15:13:02.434+0000][gc,heap     ] GC(68) Eden regions: 612->0(612)
[2025-12-24T15:13:02.434+0000][gc,heap     ] GC(68) Survivor regions: 2->2(77)
[2025-12-24T15:13:02.434+0000][gc,heap     ] GC(68) Old regions: 19->19
[2025-12-24T15:13:02.434+0000][gc,heap     ] GC(68) Humongous regions: 20->20
[2025-12-24T15:13:02.434+0000][gc,metaspace] GC(68) Metaspace: 11423K(11904K)->11423K(11904K) NonClass: 10351K(10560K)->10351K(10560K) Class: 1071K(1344K)->1071K(1344K)
[2025-12-24T15:13:02.434+0000][gc          ] GC(68) Pause Young (Normal) (G1 Evacuation Pause) 652M->40M(1024M) 14.576ms
[2025-12-24T15:13:02.434+0000][gc,cpu      ] GC(68) User=0.07s Sys=0.00s Real=0.02s
[2025-12-24T15:14:02.414+0000][gc,start    ] GC(69) Pause Young (Normal) (G1 Evacuation Pause)
[2025-12-24T15:14:02.414+0000][gc,task     ] GC(69) Using 8 workers of 8 for evacuation
[2025-12-24T15:14:02.420+0000][gc,phases   ] GC(69)   Pre Evacuate Collection Set: 1.2ms
[2025-12-24T15:14:02.420+0000][gc,phases   ] GC(69)   Merge Heap Roots: 0.2ms
[2025-12-24T15:14:02.420+0000][gc,phases   ] GC(69)   Evacuate Collection Set: 3.1ms
[2025-12-24T15:14:02.420+0000][gc,phases   ] GC(69)   Post Evacuate Collection Set: 1.3ms
[2025-12-24T15:14:02.421+0000][gc,phases   ] GC(69)   Other: 0.3ms
[2025-12-24T15:14:02.421+0000][gc,heap     ] GC(69) Eden regions: 612->0(612)
[2025-12-24T15:14:02.421+0000][gc,heap     ] GC(69) Survivor regions: 2->2(77)
[2025-12-24T15:14:02.421+0000][gc,heap     ] GC(69) Old regions: 19->19
[2025-12-24T15:14:02.421+0000][gc,heap     ] GC(69) Humongous regions: 20->20
[2025-12-24T15:14:02.421+0000][gc,metaspace] GC(69) Metaspace: 11423K(11904K)->11423K(11904K) NonClass: 10351K(10560K)->10351K(10560K) Class: 1071K(1344K)->1071K(1344K)
[2025-12-24T15:14:02.421+0000][gc          ] GC(69) Pause Young (Normal) (G1 Evacuation Pause) 652M->40M(1024M) 7.273ms
[2025-12-24T15:14:02.421+0000][gc,cpu      ] GC(69) User=0.03s Sys=0.00s Real=0.00s
[2025-12-24T15:15:02.363+0000][gc,start    ] GC(70) Pause Young (Normal) (G1 Evacuation Pause)
[2025-12-24T15:15:02.364+0000][gc,task     ] GC(70) Using 8 workers of 8 for evacuation
[2025-12-24T15:15:02.378+0000][gc,phases   ] GC(70)   Pre Evacuate Collection Set: 1.1ms
[2025-12-24T15:15:02.379+0000][gc,phases   ] GC(70)   Merge Heap Roots: 0.2ms
[2025-12-24T15:15:02.379+0000][gc,phases   ] GC(70)   Evacuate Collection Set: 9.0ms
[2025-12-24T15:15:02.379+0000][gc,phases   ] GC(70)   Post Evacuate Collection Set: 4.1ms
[2025-12-24T15:15:02.379+0000][gc,phases   ] GC(70)   Other: 0.2ms
[2025-12-24T15:15:02.379+0000][gc,heap     ] GC(70) Eden regions: 612->0(612)
[2025-12-24T15:15:02.379+0000][gc,heap     ] GC(70) Survivor regions: 2->2(77)
[2025-12-24T15:15:02.379+0000][gc,heap     ] GC(70) Old regions: 19->19
[2025-12-24T15:15:02.379+0000][gc,heap     ] GC(70) Humongous regions: 20->20
[2025-12-24T15:15:02.379+0000][gc,metaspace] GC(70) Metaspace: 11423K(11904K)->11423K(11904K) NonClass: 10351K(10560K)->10351K(10560K) Class: 1071K(1344K)->1071K(1344K)
[2025-12-24T15:15:02.379+0000][gc          ] GC(70) Pause Young (Normal) (G1 Evacuation Pause) 652M->40M(1024M) 16.149ms
[2025-12-24T15:15:02.379+0000][gc,cpu      ] GC(70) User=0.07s Sys=0.00s Real=0.02s
[2025-12-24T15:16:02.286+0000][gc,start    ] GC(71) Pause Young (Normal) (G1 Evacuation Pause)
[2025-12-24T15:16:02.287+0000][gc,task     ] GC(71) Using 8 workers of 8 for evacuation
[2025-12-24T15:16:02.300+0000][gc,phases   ] GC(71)   Pre Evacuate Collection Set: 3.8ms
[2025-12-24T15:16:02.300+0000][gc,phases   ] GC(71)   Merge Heap Roots: 0.2ms
[2025-12-24T15:16:02.300+0000][gc,phases   ] GC(71)   Evacuate Collection Set: 7.3ms
[2025-12-24T15:16:02.300+0000][gc,phases   ] GC(71)   Post Evacuate Collection Set: 1.0ms
[2025-12-24T15:16:02.300+0000][gc,phases   ] GC(71)   Other: 0.6ms
[2025-12-24T15:16:02.300+0000][gc,heap     ] GC(71) Eden regions: 612->0(612)
[2025-12-24T15:16:02.300+0000][gc,heap     ] GC(71) Survivor regions: 2->2(77)
[2025-12-24T15:16:02.300+0000][gc,heap     ] GC(71) Old regions: 19->19
[2025-12-24T15:16:02.301+0000][gc,heap     ] GC(71) Humongous regions: 20->20
[2025-12-24T15:16:02.301+0000][gc,metaspace] GC(71) Metaspace: 11423K(11904K)->11423K(11904K) NonClass: 10352K(10560K)->10352K(10560K) Class: 1071K(1344K)->1071K(1344K)
[2025-12-24T15:16:02.301+0000][gc          ] GC(71) Pause Young (Normal) (G1 Evacuation Pause) 652M->39M(1024M) 15.284ms
[2025-12-24T15:16:02.301+0000][gc,cpu      ] GC(71) User=0.06s Sys=0.00s Real=0.02s
[2025-12-24T15:17:02.247+0000][gc,start    ] GC(72) Pause Young (Normal) (G1 Evacuation Pause)
[2025-12-24T15:17:02.247+0000][gc,task     ] GC(72) Using 8 workers of 8 for evacuation
[2025-12-24T15:17:02.262+0000][gc,phases   ] GC(72)   Pre Evacuate Collection Set: 4.0ms
[2025-12-24T15:17:02.262+0000][gc,phases   ] GC(72)   Merge Heap Roots: 0.2ms
[2025-12-24T15:17:02.263+0000][gc,phases   ] GC(72)   Evacuate Collection Set: 9.2ms
[2025-12-24T15:17:02.263+0000][gc,phases   ] GC(72)   Post Evacuate Collection Set: 1.4ms
[2025-12-24T15:17:02.263+0000][gc,phases   ] GC(72)   Other: 0.2ms
[2025-12-24T15:17:02.263+0000][gc,heap     ] GC(72) Eden regions: 612->0(613)
[2025-12-24T15:17:02.263+0000][gc,heap     ] GC(72) Survivor regions: 2->1(77)
[2025-12-24T15:17:02.263+0000][gc,heap     ] GC(72) Old regions: 19->19
[2025-12-24T15:17:02.263+0000][gc,heap     ] GC(72) Humongous regions: 20->20
[2025-12-24T15:17:02.263+0000][gc,metaspace] GC(72) Metaspace: 11423K(11904K)->11423K(11904K) NonClass: 10352K(10560K)->10352K(10560K) Class: 1071K(1344K)->1071K(1344K)
[2025-12-24T15:17:02.263+0000][gc          ] GC(72) Pause Young (Normal) (G1 Evacuation Pause) 651M->39M(1024M) 15.863ms
[2025-12-24T15:17:02.263+0000][gc,cpu      ] GC(72) User=0.09s Sys=0.00s Real=0.01s
[2025-12-24T15:18:02.189+0000][gc,start    ] GC(73) Pause Young (Normal) (G1 Evacuation Pause)
[2025-12-24T15:18:02.190+0000][gc,task     ] GC(73) Using 8 workers of 8 for evacuation
[2025-12-24T15:18:02.203+0000][gc,phases   ] GC(73)   Pre Evacuate Collection Set: 2.7ms
[2025-12-24T15:18:02.203+0000][gc,phases   ] GC(73)   Merge Heap Roots: 0.6ms
[2025-12-24T15:18:02.203+0000][gc,phases   ] GC(73)   Evacuate Collection Set: 5.8ms
[2025-12-24T15:18:02.203+0000][gc,phases   ] GC(73)   Post Evacuate Collection Set: 1.8ms
[2025-12-24T15:18:02.204+0000][gc,phases   ] GC(73)   Other: 1.0ms
[2025-12-24T15:18:02.204+0000][gc,heap     ] GC(73) Eden regions: 613->0(613)
[2025-12-24T15:18:02.204+0000][gc,heap     ] GC(73) Survivor regions: 1->1(77)
[2025-12-24T15:18:02.204+0000][gc,heap     ] GC(73) Old regions: 19->19
[2025-12-24T15:18:02.204+0000][gc,heap     ] GC(73) Humongous regions: 20->20
[2025-12-24T15:18:02.204+0000][gc,metaspace] GC(73) Metaspace: 11423K(11904K)->11423K(11904K) NonClass: 10352K(10560K)->10352K(10560K) Class: 1071K(1344K)->1071K(1344K)
[2025-12-24T15:18:02.204+0000][gc          ] GC(73) Pause Young (Normal) (G1 Evacuation Pause) 652M->39M(1024M) 15.128ms
[2025-12-24T15:18:02.205+0000][gc,cpu      ] GC(73) User=0.06s Sys=0.01s Real=0.02s
[2025-12-24T15:18:52.475+0000][gc,start    ] GC(74) Pause Young (Normal) (G1 Evacuation Pause)
[2025-12-24T15:18:52.475+0000][gc,task     ] GC(74) Using 8 workers of 8 for evacuation
[2025-12-24T15:18:52.486+0000][gc,phases   ] GC(74)   Pre Evacuate Collection Set: 1.0ms
[2025-12-24T15:18:52.486+0000][gc,phases   ] GC(74)   Merge Heap Roots: 0.1ms
[2025-12-24T15:18:52.486+0000][gc,phases   ] GC(74)   Evacuate Collection Set: 8.0ms
[2025-12-24T15:18:52.486+0000][gc,phases   ] GC(74)   Post Evacuate Collection Set: 1.8ms
[2025-12-24T15:18:52.486+0000][gc,phases   ] GC(74)   Other: 0.2ms
[2025-12-24T15:18:52.486+0000][gc,heap     ] GC(74) Eden regions: 613->0(612)
[2025-12-24T15:18:52.486+0000][gc,heap     ] GC(74) Survivor regions: 1->2(77)
[2025-12-24T15:18:52.487+0000][gc,heap     ] GC(74) Old regions: 19->19
[2025-12-24T15:18:52.487+0000][gc,heap     ] GC(74) Humongous regions: 20->20
[2025-12-24T15:18:52.487+0000][gc,metaspace] GC(74) Metaspace: 11424K(11904K)->11424K(11904K) NonClass: 10352K(10560K)->10352K(10560K) Class: 1071K(1344K)->1071K(1344K)
[2025-12-24T15:18:52.487+0000][gc          ] GC(74) Pause Young (Normal) (G1 Evacuation Pause) 652M->40M(1024M) 12.081ms
[2025-12-24T15:18:52.487+0000][gc,cpu      ] GC(74) User=0.06s Sys=0.00s Real=0.01s
[2025-12-24T15:19:52.516+0000][gc,start    ] GC(75) Pause Young (Normal) (G1 Evacuation Pause)
[2025-12-24T15:19:52.517+0000][gc,task     ] GC(75) Using 8 workers of 8 for evacuation
[2025-12-24T15:19:52.525+0000][gc,phases   ] GC(75)   Pre Evacuate Collection Set: 1.1ms
[2025-12-24T15:19:52.525+0000][gc,phases   ] GC(75)   Merge Heap Roots: 0.2ms
[2025-12-24T15:19:52.525+0000][gc,phases   ] GC(75)   Evacuate Collection Set: 5.6ms
[2025-12-24T15:19:52.525+0000][gc,phases   ] GC(75)   Post Evacuate Collection Set: 1.2ms
[2025-12-24T15:19:52.526+0000][gc,phases   ] GC(75)   Other: 0.5ms
[2025-12-24T15:19:52.526+0000][gc,heap     ] GC(75) Eden regions: 612->0(612)
[2025-12-24T15:19:52.526+0000][gc,heap     ] GC(75) Survivor regions: 2->2(77)
[2025-12-24T15:19:52.526+0000][gc,heap     ] GC(75) Old regions: 19->19
[2025-12-24T15:19:52.526+0000][gc,heap     ] GC(75) Humongous regions: 20->20
[2025-12-24T15:19:52.526+0000][gc,metaspace] GC(75) Metaspace: 11424K(11904K)->11424K(11904K) NonClass: 10352K(10560K)->10352K(10560K) Class: 1071K(1344K)->1071K(1344K)
[2025-12-24T15:19:52.526+0000][gc          ] GC(75) Pause Young (Normal) (G1 Evacuation Pause) 652M->40M(1024M) 10.368ms
[2025-12-24T15:19:52.526+0000][gc,cpu      ] GC(75) User=0.05s Sys=0.00s Real=0.01s
[2025-12-24T15:20:52.379+0000][gc,start    ] GC(76) Pause Young (Normal) (G1 Evacuation Pause)
[2025-12-24T15:20:52.379+0000][gc,task     ] GC(76) Using 8 workers of 8 for evacuation
[2025-12-24T15:20:52.389+0000][gc,phases   ] GC(76)   Pre Evacuate Collection Set: 1.0ms
[2025-12-24T15:20:52.389+0000][gc,phases   ] GC(76)   Merge Heap Roots: 0.2ms
[2025-12-24T15:20:52.389+0000][gc,phases   ] GC(76)   Evacuate Collection Set: 6.7ms
[2025-12-24T15:20:52.389+0000][gc,phases   ] GC(76)   Post Evacuate Collection Set: 1.4ms
[2025-12-24T15:20:52.389+0000][gc,phases   ] GC(76)   Other: 0.3ms
[2025-12-24T15:20:52.389+0000][gc,heap     ] GC(76) Eden regions: 612->0(612)
[2025-12-24T15:20:52.389+0000][gc,heap     ] GC(76) Survivor regions: 2->2(77)
[2025-12-24T15:20:52.389+0000][gc,heap     ] GC(76) Old regions: 19->19
[2025-12-24T15:20:52.389+0000][gc,heap     ] GC(76) Humongous regions: 20->20
[2025-12-24T15:20:52.389+0000][gc,metaspace] GC(76) Metaspace: 11427K(11904K)->11427K(11904K) NonClass: 10355K(10560K)->10355K(10560K) Class: 1071K(1344K)->1071K(1344K)
[2025-12-24T15:20:52.389+0000][gc          ] GC(76) Pause Young (Normal) (G1 Evacuation Pause) 652M->40M(1024M) 10.888ms
[2025-12-24T15:20:52.390+0000][gc,cpu      ] GC(76) User=0.06s Sys=0.00s Real=0.01s
[2025-12-24T15:21:52.321+0000][gc,start    ] GC(77) Pause Young (Normal) (G1 Evacuation Pause)
[2025-12-24T15:21:52.322+0000][gc,task     ] GC(77) Using 8 workers of 8 for evacuation
[2025-12-24T15:21:52.335+0000][gc,phases   ] GC(77)   Pre Evacuate Collection Set: 2.0ms
[2025-12-24T15:21:52.336+0000][gc,phases   ] GC(77)   Merge Heap Roots: 0.4ms
[2025-12-24T15:21:52.336+0000][gc,phases   ] GC(77)   Evacuate Collection Set: 8.5ms
[2025-12-24T15:21:52.336+0000][gc,phases   ] GC(77)   Post Evacuate Collection Set: 2.4ms
[2025-12-24T15:21:52.336+0000][gc,phases   ] GC(77)   Other: 0.5ms
[2025-12-24T15:21:52.336+0000][gc,heap     ] GC(77) Eden regions: 612->0(612)
[2025-12-24T15:21:52.336+0000][gc,heap     ] GC(77) Survivor regions: 2->2(77)
[2025-12-24T15:21:52.336+0000][gc,heap     ] GC(77) Old regions: 19->19
[2025-12-24T15:21:52.336+0000][gc,heap     ] GC(77) Humongous regions: 20->20
[2025-12-24T15:21:52.336+0000][gc,metaspace] GC(77) Metaspace: 11427K(11904K)->11427K(11904K) NonClass: 10355K(10560K)->10355K(10560K) Class: 1071K(1344K)->1071K(1344K)
[2025-12-24T15:21:52.336+0000][gc          ] GC(77) Pause Young (Normal) (G1 Evacuation Pause) 652M->40M(1024M) 15.136ms
[2025-12-24T15:21:52.336+0000][gc,cpu      ] GC(77) User=0.09s Sys=0.00s Real=0.02s
[2025-12-24T15:22:52.237+0000][gc,start    ] GC(78) Pause Young (Normal) (G1 Evacuation Pause)
[2025-12-24T15:22:52.238+0000][gc,task     ] GC(78) Using 8 workers of 8 for evacuation
[2025-12-24T15:22:52.243+0000][gc,phases   ] GC(78)   Pre Evacuate Collection Set: 0.9ms
[2025-12-24T15:22:52.243+0000][gc,phases   ] GC(78)   Merge Heap Roots: 0.1ms
[2025-12-24T15:22:52.243+0000][gc,phases   ] GC(78)   Evacuate Collection Set: 2.8ms
[2025-12-24T15:22:52.243+0000][gc,phases   ] GC(78)   Post Evacuate Collection Set: 1.0ms
[2025-12-24T15:22:52.243+0000][gc,phases   ] GC(78)   Other: 0.2ms
[2025-12-24T15:22:52.243+0000][gc,heap     ] GC(78) Eden regions: 612->0(613)
[2025-12-24T15:22:52.243+0000][gc,heap     ] GC(78) Survivor regions: 2->1(77)
[2025-12-24T15:22:52.243+0000][gc,heap     ] GC(78) Old regions: 19->20
[2025-12-24T15:22:52.243+0000][gc,heap     ] GC(78) Humongous regions: 20->20
[2025-12-24T15:22:52.243+0000][gc,metaspace] GC(78) Metaspace: 11427K(11904K)->11427K(11904K) NonClass: 10355K(10560K)->10355K(10560K) Class: 1071K(1344K)->1071K(1344K)
[2025-12-24T15:22:52.243+0000][gc          ] GC(78) Pause Young (Normal) (G1 Evacuation Pause) 652M->39M(1024M) 6.137ms
[2025-12-24T15:22:52.243+0000][gc,cpu      ] GC(78) User=0.02s Sys=0.00s Real=0.00s
[2025-12-24T15:23:52.171+0000][gc,start    ] GC(79) Pause Young (Normal) (G1 Evacuation Pause)
[2025-12-24T15:23:52.172+0000][gc,task     ] GC(79) Using 8 workers of 8 for evacuation
[2025-12-24T15:23:52.184+0000][gc,phases   ] GC(79)   Pre Evacuate Collection Set: 2.5ms
[2025-12-24T15:23:52.184+0000][gc,phases   ] GC(79)   Merge Heap Roots: 0.4ms
[2025-12-24T15:23:52.184+0000][gc,phases   ] GC(79)   Evacuate Collection Set: 3.7ms
[2025-12-24T15:23:52.184+0000][gc,phases   ] GC(79)   Post Evacuate Collection Set: 4.4ms
[2025-12-24T15:23:52.184+0000][gc,phases   ] GC(79)   Other: 0.5ms
[2025-12-24T15:23:52.184+0000][gc,heap     ] GC(79) Eden regions: 613->0(613)
[2025-12-24T15:23:52.184+0000][gc,heap     ] GC(79) Survivor regions: 1->1(77)
[2025-12-24T15:23:52.184+0000][gc,heap     ] GC(79) Old regions: 20->20
[2025-12-24T15:23:52.185+0000][gc,heap     ] GC(79) Humongous regions: 20->20
[2025-12-24T15:23:52.185+0000][gc,metaspace] GC(79) Metaspace: 11427K(11904K)->11427K(11904K) NonClass: 10356K(10560K)->10356K(10560K) Class: 1071K(1344K)->1071K(1344K)
[2025-12-24T15:23:52.185+0000][gc          ] GC(79) Pause Young (Normal) (G1 Evacuation Pause) 652M->39M(1024M) 13.780ms
[2025-12-24T15:23:52.185+0000][gc,cpu      ] GC(79) User=0.05s Sys=0.01s Real=0.02s
[2025-12-24T15:24:42.433+0000][gc,start    ] GC(80) Pause Young (Normal) (G1 Evacuation Pause)
[2025-12-24T15:24:42.433+0000][gc,task     ] GC(80) Using 8 workers of 8 for evacuation
[2025-12-24T15:24:42.438+0000][gc,phases   ] GC(80)   Pre Evacuate Collection Set: 1.1ms
[2025-12-24T15:24:42.438+0000][gc,phases   ] GC(80)   Merge Heap Roots: 0.2ms
[2025-12-24T15:24:42.438+0000][gc,phases   ] GC(80)   Evacuate Collection Set: 2.0ms
[2025-12-24T15:24:42.438+0000][gc,phases   ] GC(80)   Post Evacuate Collection Set: 1.0ms
[2025-12-24T15:24:42.438+0000][gc,phases   ] GC(80)   Other: 0.3ms
[2025-12-24T15:24:42.438+0000][gc,heap     ] GC(80) Eden regions: 613->0(613)
[2025-12-24T15:24:42.438+0000][gc,heap     ] GC(80) Survivor regions: 1->1(77)
[2025-12-24T15:24:42.439+0000][gc,heap     ] GC(80) Old regions: 20->20
[2025-12-24T15:24:42.439+0000][gc,heap     ] GC(80) Humongous regions: 20->20
[2025-12-24T15:24:42.439+0000][gc,metaspace] GC(80) Metaspace: 11432K(11904K)->11432K(11904K) NonClass: 10361K(10560K)->10361K(10560K) Class: 1071K(1344K)->1071K(1344K)
[2025-12-24T15:24:42.439+0000][gc          ] GC(80) Pause Young (Normal) (G1 Evacuation Pause) 652M->39M(1024M) 6.129ms
[2025-12-24T15:24:42.439+0000][gc,cpu      ] GC(80) User=0.02s Sys=0.00s Real=0.00s
[2025-12-24T15:25:42.396+0000][gc,start    ] GC(81) Pause Young (Normal) (G1 Evacuation Pause)
[2025-12-24T15:25:42.397+0000][gc,task     ] GC(81) Using 8 workers of 8 for evacuation
[2025-12-24T15:25:42.403+0000][gc,phases   ] GC(81)   Pre Evacuate Collection Set: 1.2ms
[2025-12-24T15:25:42.403+0000][gc,phases   ] GC(81)   Merge Heap Roots: 0.1ms
[2025-12-24T15:25:42.404+0000][gc,phases   ] GC(81)   Evacuate Collection Set: 3.8ms
[2025-12-24T15:25:42.404+0000][gc,phases   ] GC(81)   Post Evacuate Collection Set: 1.2ms
[2025-12-24T15:25:42.404+0000][gc,phases   ] GC(81)   Other: 0.2ms
[2025-12-24T15:25:42.404+0000][gc,heap     ] GC(81) Eden regions: 613->0(612)
[2025-12-24T15:25:42.404+0000][gc,heap     ] GC(81) Survivor regions: 1->2(77)
[2025-12-24T15:25:42.404+0000][gc,heap     ] GC(81) Old regions: 20->20
[2025-12-24T15:25:42.404+0000][gc,heap     ] GC(81) Humongous regions: 20->20
[2025-12-24T15:25:42.404+0000][gc,metaspace] GC(81) Metaspace: 11433K(11904K)->11433K(11904K) NonClass: 10361K(10560K)->10361K(10560K) Class: 1071K(1344K)->1071K(1344K)
[2025-12-24T15:25:42.404+0000][gc          ] GC(81) Pause Young (Normal) (G1 Evacuation Pause) 652M->40M(1024M) 7.828ms
[2025-12-24T15:25:42.404+0000][gc,cpu      ] GC(81) User=0.04s Sys=0.00s Real=0.01s
[2025-12-24T15:26:42.333+0000][gc,start    ] GC(82) Pause Young (Normal) (G1 Evacuation Pause)
[2025-12-24T15:26:42.334+0000][gc,task     ] GC(82) Using 8 workers of 8 for evacuation
[2025-12-24T15:26:42.342+0000][gc,phases   ] GC(82)   Pre Evacuate Collection Set: 1.3ms
[2025-12-24T15:26:42.342+0000][gc,phases   ] GC(82)   Merge Heap Roots: 0.3ms
[2025-12-24T15:26:42.342+0000][gc,phases   ] GC(82)   Evacuate Collection Set: 5.2ms
[2025-12-24T15:26:42.342+0000][gc,phases   ] GC(82)   Post Evacuate Collection Set: 1.3ms
[2025-12-24T15:26:42.342+0000][gc,phases   ] GC(82)   Other: 0.2ms
[2025-12-24T15:26:42.343+0000][gc,heap     ] GC(82) Eden regions: 612->0(612)
[2025-12-24T15:26:42.343+0000][gc,heap     ] GC(82) Survivor regions: 2->2(77)
[2025-12-24T15:26:42.343+0000][gc,heap     ] GC(82) Old regions: 20->20
[2025-12-24T15:26:42.343+0000][gc,heap     ] GC(82) Humongous regions: 20->20
[2025-12-24T15:26:42.343+0000][gc,metaspace] GC(82) Metaspace: 11435K(11904K)->11435K(11904K) NonClass: 10363K(10560K)->10363K(10560K) Class: 1071K(1344K)->1071K(1344K)
[2025-12-24T15:26:42.343+0000][gc          ] GC(82) Pause Young (Normal) (G1 Evacuation Pause) 652M->40M(1024M) 9.541ms
[2025-12-24T15:26:42.343+0000][gc,cpu      ] GC(82) User=0.05s Sys=0.00s Real=0.01s
[2025-12-24T15:27:42.398+0000][gc,start    ] GC(83) Pause Young (Normal) (G1 Evacuation Pause)
[2025-12-24T15:27:42.399+0000][gc,task     ] GC(83) Using 8 workers of 8 for evacuation
[2025-12-24T15:27:42.404+0000][gc,phases   ] GC(83)   Pre Evacuate Collection Set: 1.1ms
[2025-12-24T15:27:42.404+0000][gc,phases   ] GC(83)   Merge Heap Roots: 0.2ms
[2025-12-24T15:27:42.404+0000][gc,phases   ] GC(83)   Evacuate Collection Set: 2.8ms
[2025-12-24T15:27:42.404+0000][gc,phases   ] GC(83)   Post Evacuate Collection Set: 0.9ms
[2025-12-24T15:27:42.404+0000][gc,phases   ] GC(83)   Other: 0.2ms
[2025-12-24T15:27:42.404+0000][gc,heap     ] GC(83) Eden regions: 612->0(612)
[2025-12-24T15:27:42.404+0000][gc,heap     ] GC(83) Survivor regions: 2->2(77)
[2025-12-24T15:27:42.404+0000][gc,heap     ] GC(83) Old regions: 20->20
[2025-12-24T15:27:42.404+0000][gc,heap     ] GC(83) Humongous regions: 20->20
[2025-12-24T15:27:42.404+0000][gc,metaspace] GC(83) Metaspace: 11435K(11904K)->11435K(11904K) NonClass: 10363K(10560K)->10363K(10560K) Class: 1071K(1344K)->1071K(1344K)
[2025-12-24T15:27:42.405+0000][gc          ] GC(83) Pause Young (Normal) (G1 Evacuation Pause) 652M->40M(1024M) 6.442ms
[2025-12-24T15:27:42.405+0000][gc,cpu      ] GC(83) User=0.03s Sys=0.00s Real=0.01s
[2025-12-24T15:28:42.242+0000][gc,start    ] GC(84) Pause Young (Normal) (G1 Evacuation Pause)
[2025-12-24T15:28:42.242+0000][gc,task     ] GC(84) Using 8 workers of 8 for evacuation
[2025-12-24T15:28:42.250+0000][gc,phases   ] GC(84)   Pre Evacuate Collection Set: 1.0ms
[2025-12-24T15:28:42.250+0000][gc,phases   ] GC(84)   Merge Heap Roots: 0.2ms
[2025-12-24T15:28:42.250+0000][gc,phases   ] GC(84)   Evacuate Collection Set: 4.8ms
[2025-12-24T15:28:42.250+0000][gc,phases   ] GC(84)   Post Evacuate Collection Set: 1.3ms
[2025-12-24T15:28:42.250+0000][gc,phases   ] GC(84)   Other: 0.1ms
[2025-12-24T15:28:42.250+0000][gc,heap     ] GC(84) Eden regions: 612->0(613)
[2025-12-24T15:28:42.250+0000][gc,heap     ] GC(84) Survivor regions: 2->1(77)
[2025-12-24T15:28:42.250+0000][gc,heap     ] GC(84) Old regions: 20->20
[2025-12-24T15:28:42.250+0000][gc,heap     ] GC(84) Humongous regions: 20->20
[2025-12-24T15:28:42.250+0000][gc,metaspace] GC(84) Metaspace: 11435K(11904K)->11435K(11904K) NonClass: 10363K(10560K)->10363K(10560K) Class: 1071K(1344K)->1071K(1344K)
[2025-12-24T15:28:42.250+0000][gc          ] GC(84) Pause Young (Normal) (G1 Evacuation Pause) 652M->40M(1024M) 8.411ms
[2025-12-24T15:28:42.250+0000][gc,cpu      ] GC(84) User=0.04s Sys=0.00s Real=0.01s
[2025-12-24T15:29:42.186+0000][gc,start    ] GC(85) Pause Young (Normal) (G1 Evacuation Pause)
[2025-12-24T15:29:42.186+0000][gc,task     ] GC(85) Using 8 workers of 8 for evacuation
[2025-12-24T15:29:42.198+0000][gc,phases   ] GC(85)   Pre Evacuate Collection Set: 1.1ms
[2025-12-24T15:29:42.198+0000][gc,phases   ] GC(85)   Merge Heap Roots: 0.2ms
[2025-12-24T15:29:42.198+0000][gc,phases   ] GC(85)   Evacuate Collection Set: 8.7ms
[2025-12-24T15:29:42.199+0000][gc,phases   ] GC(85)   Post Evacuate Collection Set: 2.1ms
[2025-12-24T15:29:42.199+0000][gc,phases   ] GC(85)   Other: 0.2ms
[2025-12-24T15:29:42.199+0000][gc,heap     ] GC(85) Eden regions: 613->0(613)
[2025-12-24T15:29:42.199+0000][gc,heap     ] GC(85) Survivor regions: 1->1(77)
[2025-12-24T15:29:42.199+0000][gc,heap     ] GC(85) Old regions: 20->20
[2025-12-24T15:29:42.199+0000][gc,heap     ] GC(85) Humongous regions: 20->20
[2025-12-24T15:29:42.199+0000][gc,metaspace] GC(85) Metaspace: 11437K(11904K)->11437K(11904K) NonClass: 10366K(10560K)->10366K(10560K) Class: 1071K(1344K)->1071K(1344K)
[2025-12-24T15:29:42.199+0000][gc          ] GC(85) Pause Young (Normal) (G1 Evacuation Pause) 653M->39M(1024M) 13.945ms
[2025-12-24T15:29:42.200+0000][gc,cpu      ] GC(85) User=0.07s Sys=0.00s Real=0.02s
[2025-12-24T15:30:42.108+0000][gc,start    ] GC(86) Pause Young (Normal) (G1 Evacuation Pause)
[2025-12-24T15:30:42.110+0000][gc,task     ] GC(86) Using 8 workers of 8 for evacuation
[2025-12-24T15:30:42.119+0000][gc,phases   ] GC(86)   Pre Evacuate Collection Set: 3.7ms
[2025-12-24T15:30:42.119+0000][gc,phases   ] GC(86)   Merge Heap Roots: 0.3ms
[2025-12-24T15:30:42.119+0000][gc,phases   ] GC(86)   Evacuate Collection Set: 3.2ms
[2025-12-24T15:30:42.119+0000][gc,phases   ] GC(86)   Post Evacuate Collection Set: 1.8ms
[2025-12-24T15:30:42.119+0000][gc,phases   ] GC(86)   Other: 0.7ms
[2025-12-24T15:30:42.120+0000][gc,heap     ] GC(86) Eden regions: 613->0(613)
[2025-12-24T15:30:42.120+0000][gc,heap     ] GC(86) Survivor regions: 1->1(77)
[2025-12-24T15:30:42.120+0000][gc,heap     ] GC(86) Old regions: 20->20
[2025-12-24T15:30:42.120+0000][gc,heap     ] GC(86) Humongous regions: 20->20
[2025-12-24T15:30:42.120+0000][gc,metaspace] GC(86) Metaspace: 11440K(11904K)->11440K(11904K) NonClass: 10368K(10560K)->10368K(10560K) Class: 1071K(1344K)->1071K(1344K)
[2025-12-24T15:30:42.120+0000][gc          ] GC(86) Pause Young (Normal) (G1 Evacuation Pause) 652M->39M(1024M) 11.996ms
[2025-12-24T15:30:42.120+0000][gc,cpu      ] GC(86) User=0.04s Sys=0.00s Real=0.01s
[2025-12-24T15:31:32.392+0000][gc,start    ] GC(87) Pause Young (Normal) (G1 Evacuation Pause)
[2025-12-24T15:31:32.395+0000][gc,task     ] GC(87) Using 8 workers of 8 for evacuation
[2025-12-24T15:31:32.406+0000][gc,phases   ] GC(87)   Pre Evacuate Collection Set: 3.3ms
[2025-12-24T15:31:32.406+0000][gc,phases   ] GC(87)   Merge Heap Roots: 0.4ms
[2025-12-24T15:31:32.406+0000][gc,phases   ] GC(87)   Evacuate Collection Set: 5.0ms
[2025-12-24T15:31:32.406+0000][gc,phases   ] GC(87)   Post Evacuate Collection Set: 1.3ms
[2025-12-24T15:31:32.406+0000][gc,phases   ] GC(87)   Other: 1.1ms
[2025-12-24T15:31:32.406+0000][gc,heap     ] GC(87) Eden regions: 613->0(612)
[2025-12-24T15:31:32.406+0000][gc,heap     ] GC(87) Survivor regions: 1->2(77)
[2025-12-24T15:31:32.406+0000][gc,heap     ] GC(87) Old regions: 20->20
[2025-12-24T15:31:32.406+0000][gc,heap     ] GC(87) Humongous regions: 20->20
[2025-12-24T15:31:32.406+0000][gc,metaspace] GC(87) Metaspace: 11445K(11904K)->11445K(11904K) NonClass: 10373K(10560K)->10373K(10560K) Class: 1071K(1344K)->1071K(1344K)
[2025-12-24T15:31:32.406+0000][gc          ] GC(87) Pause Young (Normal) (G1 Evacuation Pause) 652M->40M(1024M) 14.096ms
[2025-12-24T15:31:32.406+0000][gc,cpu      ] GC(87) User=0.06s Sys=0.00s Real=0.01s
[2025-12-24T15:32:32.347+0000][gc,start    ] GC(88) Pause Young (Normal) (G1 Evacuation Pause)
[2025-12-24T15:32:32.348+0000][gc,task     ] GC(88) Using 8 workers of 8 for evacuation
[2025-12-24T15:32:32.357+0000][gc,phases   ] GC(88)   Pre Evacuate Collection Set: 1.0ms
[2025-12-24T15:32:32.357+0000][gc,phases   ] GC(88)   Merge Heap Roots: 0.2ms
[2025-12-24T15:32:32.357+0000][gc,phases   ] GC(88)   Evacuate Collection Set: 6.1ms
[2025-12-24T15:32:32.357+0000][gc,phases   ] GC(88)   Post Evacuate Collection Set: 1.7ms
[2025-12-24T15:32:32.357+0000][gc,phases   ] GC(88)   Other: 0.2ms
[2025-12-24T15:32:32.358+0000][gc,heap     ] GC(88) Eden regions: 612->0(612)
[2025-12-24T15:32:32.358+0000][gc,heap     ] GC(88) Survivor regions: 2->2(77)
[2025-12-24T15:32:32.358+0000][gc,heap     ] GC(88) Old regions: 20->20
[2025-12-24T15:32:32.358+0000][gc,heap     ] GC(88) Humongous regions: 20->20
[2025-12-24T15:32:32.358+0000][gc,metaspace] GC(88) Metaspace: 11445K(11904K)->11445K(11904K) NonClass: 10373K(10560K)->10373K(10560K) Class: 1071K(1344K)->1071K(1344K)
[2025-12-24T15:32:32.358+0000][gc          ] GC(88) Pause Young (Normal) (G1 Evacuation Pause) 652M->40M(1024M) 10.627ms
[2025-12-24T15:32:32.358+0000][gc,cpu      ] GC(88) User=0.05s Sys=0.00s Real=0.01s
[2025-12-24T15:33:32.293+0000][gc,start    ] GC(89) Pause Young (Normal) (G1 Evacuation Pause)
[2025-12-24T15:33:32.293+0000][gc,task     ] GC(89) Using 8 workers of 8 for evacuation
[2025-12-24T15:33:32.303+0000][gc,phases   ] GC(89)   Pre Evacuate Collection Set: 3.1ms
[2025-12-24T15:33:32.303+0000][gc,phases   ] GC(89)   Merge Heap Roots: 0.4ms
[2025-12-24T15:33:32.303+0000][gc,phases   ] GC(89)   Evacuate Collection Set: 4.3ms
[2025-12-24T15:33:32.303+0000][gc,phases   ] GC(89)   Post Evacuate Collection Set: 1.2ms
[2025-12-24T15:33:32.303+0000][gc,phases   ] GC(89)   Other: 0.4ms
[2025-12-24T15:33:32.303+0000][gc,heap     ] GC(89) Eden regions: 612->0(612)
[2025-12-24T15:33:32.303+0000][gc,heap     ] GC(89) Survivor regions: 2->2(77)
[2025-12-24T15:33:32.303+0000][gc,heap     ] GC(89) Old regions: 20->20
[2025-12-24T15:33:32.303+0000][gc,heap     ] GC(89) Humongous regions: 20->20
[2025-12-24T15:33:32.304+0000][gc,metaspace] GC(89) Metaspace: 11478K(11968K)->11478K(11968K) NonClass: 10406K(10624K)->10406K(10624K) Class: 1071K(1344K)->1071K(1344K)
[2025-12-24T15:33:32.304+0000][gc          ] GC(89) Pause Young (Normal) (G1 Evacuation Pause) 652M->40M(1024M) 10.850ms
[2025-12-24T15:33:32.304+0000][gc,cpu      ] GC(89) User=0.04s Sys=0.00s Real=0.01s
[2025-12-24T15:34:32.255+0000][gc,start    ] GC(90) Pause Young (Normal) (G1 Evacuation Pause)
[2025-12-24T15:34:32.256+0000][gc,task     ] GC(90) Using 8 workers of 8 for evacuation
[2025-12-24T15:34:32.266+0000][gc,phases   ] GC(90)   Pre Evacuate Collection Set: 1.2ms
[2025-12-24T15:34:32.266+0000][gc,phases   ] GC(90)   Merge Heap Roots: 0.2ms
[2025-12-24T15:34:32.266+0000][gc,phases   ] GC(90)   Evacuate Collection Set: 5.9ms
[2025-12-24T15:34:32.266+0000][gc,phases   ] GC(90)   Post Evacuate Collection Set: 2.1ms
[2025-12-24T15:34:32.266+0000][gc,phases   ] GC(90)   Other: 0.7ms
[2025-12-24T15:34:32.266+0000][gc,heap     ] GC(90) Eden regions: 612->0(612)
[2025-12-24T15:34:32.266+0000][gc,heap     ] GC(90) Survivor regions: 2->2(77)
[2025-12-24T15:34:32.267+0000][gc,heap     ] GC(90) Old regions: 20->20
[2025-12-24T15:34:32.267+0000][gc,heap     ] GC(90) Humongous regions: 20->20
[2025-12-24T15:34:32.267+0000][gc,metaspace] GC(90) Metaspace: 11555K(11968K)->11555K(11968K) NonClass: 10483K(10624K)->10483K(10624K) Class: 1071K(1344K)->1071K(1344K)
[2025-12-24T15:34:32.267+0000][gc          ] GC(90) Pause Young (Normal) (G1 Evacuation Pause) 652M->40M(1024M) 11.878ms
[2025-12-24T15:34:32.267+0000][gc,cpu      ] GC(90) User=0.06s Sys=0.00s Real=0.01s
[2025-12-24T15:35:32.230+0000][gc,start    ] GC(91) Pause Young (Normal) (G1 Evacuation Pause)
[2025-12-24T15:35:32.231+0000][gc,task     ] GC(91) Using 8 workers of 8 for evacuation
[2025-12-24T15:35:32.242+0000][gc,phases   ] GC(91)   Pre Evacuate Collection Set: 1.2ms
[2025-12-24T15:35:32.242+0000][gc,phases   ] GC(91)   Merge Heap Roots: 0.2ms
[2025-12-24T15:35:32.242+0000][gc,phases   ] GC(91)   Evacuate Collection Set: 8.1ms
[2025-12-24T15:35:32.242+0000][gc,phases   ] GC(91)   Post Evacuate Collection Set: 1.4ms
[2025-12-24T15:35:32.242+0000][gc,phases   ] GC(91)   Other: 0.5ms
[2025-12-24T15:35:32.242+0000][gc,heap     ] GC(91) Eden regions: 612->0(613)
[2025-12-24T15:35:32.243+0000][gc,heap     ] GC(91) Survivor regions: 2->1(77)
[2025-12-24T15:35:32.243+0000][gc,heap     ] GC(91) Old regions: 20->20
[2025-12-24T15:35:32.243+0000][gc,heap     ] GC(91) Humongous regions: 20->20
[2025-12-24T15:35:32.243+0000][gc,metaspace] GC(91) Metaspace: 11555K(11968K)->11555K(11968K) NonClass: 10483K(10624K)->10483K(10624K) Class: 1071K(1344K)->1071K(1344K)
[2025-12-24T15:35:32.243+0000][gc          ] GC(91) Pause Young (Normal) (G1 Evacuation Pause) 652M->40M(1024M) 12.642ms
[2025-12-24T15:35:32.243+0000][gc,cpu      ] GC(91) User=0.07s Sys=0.01s Real=0.01s
[2025-12-24T15:36:32.177+0000][gc,start    ] GC(92) Pause Young (Normal) (G1 Evacuation Pause)
[2025-12-24T15:36:32.178+0000][gc,task     ] GC(92) Using 8 workers of 8 for evacuation
[2025-12-24T15:36:32.189+0000][gc,phases   ] GC(92)   Pre Evacuate Collection Set: 1.4ms
[2025-12-24T15:36:32.190+0000][gc,phases   ] GC(92)   Merge Heap Roots: 0.3ms
[2025-12-24T15:36:32.190+0000][gc,phases   ] GC(92)   Evacuate Collection Set: 8.3ms
[2025-12-24T15:36:32.190+0000][gc,phases   ] GC(92)   Post Evacuate Collection Set: 1.4ms
[2025-12-24T15:36:32.190+0000][gc,phases   ] GC(92)   Other: 0.3ms
[2025-12-24T15:36:32.190+0000][gc,heap     ] GC(92) Eden regions: 613->0(613)
[2025-12-24T15:36:32.190+0000][gc,heap     ] GC(92) Survivor regions: 1->1(77)
[2025-12-24T15:36:32.190+0000][gc,heap     ] GC(92) Old regions: 20->20
[2025-12-24T15:36:32.190+0000][gc,heap     ] GC(92) Humongous regions: 20->20
[2025-12-24T15:36:32.190+0000][gc,metaspace] GC(92) Metaspace: 11555K(11968K)->11555K(11968K) NonClass: 10483K(10624K)->10483K(10624K) Class: 1071K(1344K)->1071K(1344K)
[2025-12-24T15:36:32.190+0000][gc          ] GC(92) Pause Young (Normal) (G1 Evacuation Pause) 653M->39M(1024M) 13.058ms
[2025-12-24T15:36:32.190+0000][gc,cpu      ] GC(92) User=0.06s Sys=0.01s Real=0.01s
[2025-12-24T15:37:32.228+0000][gc,start    ] GC(93) Pause Young (Normal) (G1 Evacuation Pause)
[2025-12-24T15:37:32.229+0000][gc,task     ] GC(93) Using 8 workers of 8 for evacuation
[2025-12-24T15:37:32.237+0000][gc,phases   ] GC(93)   Pre Evacuate Collection Set: 1.2ms
[2025-12-24T15:37:32.237+0000][gc,phases   ] GC(93)   Merge Heap Roots: 0.2ms
[2025-12-24T15:37:32.237+0000][gc,phases   ] GC(93)   Evacuate Collection Set: 4.2ms
[2025-12-24T15:37:32.237+0000][gc,phases   ] GC(93)   Post Evacuate Collection Set: 1.4ms
[2025-12-24T15:37:32.237+0000][gc,phases   ] GC(93)   Other: 0.4ms
[2025-12-24T15:37:32.237+0000][gc,heap     ] GC(93) Eden regions: 613->0(613)
[2025-12-24T15:37:32.237+0000][gc,heap     ] GC(93) Survivor regions: 1->1(77)
[2025-12-24T15:37:32.237+0000][gc,heap     ] GC(93) Old regions: 20->20
[2025-12-24T15:37:32.238+0000][gc,heap     ] GC(93) Humongous regions: 20->20
[2025-12-24T15:37:32.238+0000][gc,metaspace] GC(93) Metaspace: 11555K(11968K)->11555K(11968K) NonClass: 10483K(10624K)->10483K(10624K) Class: 1071K(1344K)->1071K(1344K)
[2025-12-24T15:37:32.238+0000][gc          ] GC(93) Pause Young (Normal) (G1 Evacuation Pause) 652M->39M(1024M) 9.334ms
[2025-12-24T15:37:32.238+0000][gc,cpu      ] GC(93) User=0.04s Sys=0.00s Real=0.00s
[2025-12-24T15:38:22.544+0000][gc,start    ] GC(94) Pause Young (Normal) (G1 Evacuation Pause)
[2025-12-24T15:38:22.544+0000][gc,task     ] GC(94) Using 8 workers of 8 for evacuation
[2025-12-24T15:38:22.557+0000][gc,phases   ] GC(94)   Pre Evacuate Collection Set: 2.4ms
[2025-12-24T15:38:22.557+0000][gc,phases   ] GC(94)   Merge Heap Roots: 0.7ms
[2025-12-24T15:38:22.557+0000][gc,phases   ] GC(94)   Evacuate Collection Set: 8.0ms
[2025-12-24T15:38:22.557+0000][gc,phases   ] GC(94)   Post Evacuate Collection Set: 1.1ms
[2025-12-24T15:38:22.557+0000][gc,phases   ] GC(94)   Other: 0.7ms
[2025-12-24T15:38:22.557+0000][gc,heap     ] GC(94) Eden regions: 613->0(612)
[2025-12-24T15:38:22.557+0000][gc,heap     ] GC(94) Survivor regions: 1->2(77)
[2025-12-24T15:38:22.558+0000][gc,heap     ] GC(94) Old regions: 20->20
[2025-12-24T15:38:22.558+0000][gc,heap     ] GC(94) Humongous regions: 20->20
[2025-12-24T15:38:22.558+0000][gc,metaspace] GC(94) Metaspace: 11555K(11968K)->11555K(11968K) NonClass: 10483K(10624K)->10483K(10624K) Class: 1071K(1344K)->1071K(1344K)
[2025-12-24T15:38:22.558+0000][gc          ] GC(94) Pause Young (Normal) (G1 Evacuation Pause) 652M->41M(1024M) 14.199ms
[2025-12-24T15:38:22.558+0000][gc,cpu      ] GC(94) User=0.08s Sys=0.00s Real=0.02s
[2025-12-24T15:39:22.478+0000][gc,start    ] GC(95) Pause Young (Normal) (G1 Evacuation Pause)
[2025-12-24T15:39:22.479+0000][gc,task     ] GC(95) Using 8 workers of 8 for evacuation
[2025-12-24T15:39:22.492+0000][gc,phases   ] GC(95)   Pre Evacuate Collection Set: 0.9ms
[2025-12-24T15:39:22.492+0000][gc,phases   ] GC(95)   Merge Heap Roots: 0.1ms
[2025-12-24T15:39:22.492+0000][gc,phases   ] GC(95)   Evacuate Collection Set: 9.7ms
[2025-12-24T15:39:22.492+0000][gc,phases   ] GC(95)   Post Evacuate Collection Set: 2.2ms
[2025-12-24T15:39:22.492+0000][gc,phases   ] GC(95)   Other: 0.2ms
[2025-12-24T15:39:22.492+0000][gc,heap     ] GC(95) Eden regions: 612->0(612)
[2025-12-24T15:39:22.492+0000][gc,heap     ] GC(95) Survivor regions: 2->2(77)
[2025-12-24T15:39:22.492+0000][gc,heap     ] GC(95) Old regions: 20->20
[2025-12-24T15:39:22.492+0000][gc,heap     ] GC(95) Humongous regions: 20->20
[2025-12-24T15:39:22.492+0000][gc,metaspace] GC(95) Metaspace: 11555K(11968K)->11555K(11968K) NonClass: 10483K(10624K)->10483K(10624K) Class: 1071K(1344K)->1071K(1344K)
[2025-12-24T15:39:22.492+0000][gc          ] GC(95) Pause Young (Normal) (G1 Evacuation Pause) 653M->40M(1024M) 14.334ms
[2025-12-24T15:39:22.492+0000][gc,cpu      ] GC(95) User=0.08s Sys=0.00s Real=0.01s
[2025-12-24T15:40:22.431+0000][gc,start    ] GC(96) Pause Young (Normal) (G1 Evacuation Pause)
[2025-12-24T15:40:22.432+0000][gc,task     ] GC(96) Using 8 workers of 8 for evacuation
[2025-12-24T15:40:22.443+0000][gc,phases   ] GC(96)   Pre Evacuate Collection Set: 1.2ms
[2025-12-24T15:40:22.443+0000][gc,phases   ] GC(96)   Merge Heap Roots: 0.2ms
[2025-12-24T15:40:22.443+0000][gc,phases   ] GC(96)   Evacuate Collection Set: 7.8ms
[2025-12-24T15:40:22.443+0000][gc,phases   ] GC(96)   Post Evacuate Collection Set: 1.6ms
[2025-12-24T15:40:22.443+0000][gc,phases   ] GC(96)   Other: 0.3ms
[2025-12-24T15:40:22.443+0000][gc,heap     ] GC(96) Eden regions: 612->0(612)
[2025-12-24T15:40:22.443+0000][gc,heap     ] GC(96) Survivor regions: 2->2(77)
[2025-12-24T15:40:22.444+0000][gc,heap     ] GC(96) Old regions: 20->20
[2025-12-24T15:40:22.444+0000][gc,heap     ] GC(96) Humongous regions: 20->20
[2025-12-24T15:40:22.444+0000][gc,metaspace] GC(96) Metaspace: 11555K(11968K)->11555K(11968K) NonClass: 10483K(10624K)->10483K(10624K) Class: 1071K(1344K)->1071K(1344K)
[2025-12-24T15:40:22.444+0000][gc          ] GC(96) Pause Young (Normal) (G1 Evacuation Pause) 652M->40M(1024M) 12.573ms
[2025-12-24T15:40:22.444+0000][gc,cpu      ] GC(96) User=0.07s Sys=0.00s Real=0.02s
[2025-12-24T15:41:22.367+0000][gc,start    ] GC(97) Pause Young (Normal) (G1 Evacuation Pause)
[2025-12-24T15:41:22.367+0000][gc,task     ] GC(97) Using 8 workers of 8 for evacuation
[2025-12-24T15:41:22.373+0000][gc,phases   ] GC(97)   Pre Evacuate Collection Set: 1.0ms
[2025-12-24T15:41:22.373+0000][gc,phases   ] GC(97)   Merge Heap Roots: 0.2ms
[2025-12-24T15:41:22.373+0000][gc,phases   ] GC(97)   Evacuate Collection Set: 2.8ms
[2025-12-24T15:41:22.373+0000][gc,phases   ] GC(97)   Post Evacuate Collection Set: 1.2ms
[2025-12-24T15:41:22.373+0000][gc,phases   ] GC(97)   Other: 0.4ms
[2025-12-24T15:41:22.373+0000][gc,heap     ] GC(97) Eden regions: 612->0(612)
[2025-12-24T15:41:22.373+0000][gc,heap     ] GC(97) Survivor regions: 2->2(77)
[2025-12-24T15:41:22.373+0000][gc,heap     ] GC(97) Old regions: 20->20
[2025-12-24T15:41:22.373+0000][gc,heap     ] GC(97) Humongous regions: 20->20
[2025-12-24T15:41:22.373+0000][gc,metaspace] GC(97) Metaspace: 11555K(11968K)->11555K(11968K) NonClass: 10483K(10624K)->10483K(10624K) Class: 1071K(1344K)->1071K(1344K)
[2025-12-24T15:41:22.373+0000][gc          ] GC(97) Pause Young (Normal) (G1 Evacuation Pause) 652M->40M(1024M) 6.810ms
[2025-12-24T15:41:22.373+0000][gc,cpu      ] GC(97) User=0.02s Sys=0.00s Real=0.01s
[2025-12-24T15:42:22.319+0000][gc,start    ] GC(98) Pause Young (Normal) (G1 Evacuation Pause)
[2025-12-24T15:42:22.319+0000][gc,task     ] GC(98) Using 8 workers of 8 for evacuation
[2025-12-24T15:42:22.329+0000][gc,phases   ] GC(98)   Pre Evacuate Collection Set: 1.1ms
[2025-12-24T15:42:22.330+0000][gc,phases   ] GC(98)   Merge Heap Roots: 0.1ms
[2025-12-24T15:42:22.330+0000][gc,phases   ] GC(98)   Evacuate Collection Set: 6.6ms
[2025-12-24T15:42:22.330+0000][gc,phases   ] GC(98)   Post Evacuate Collection Set: 2.3ms
[2025-12-24T15:42:22.330+0000][gc,phases   ] GC(98)   Other: 0.2ms
[2025-12-24T15:42:22.330+0000][gc,heap     ] GC(98) Eden regions: 612->0(612)
[2025-12-24T15:42:22.330+0000][gc,heap     ] GC(98) Survivor regions: 2->2(77)
[2025-12-24T15:42:22.330+0000][gc,heap     ] GC(98) Old regions: 20->20
[2025-12-24T15:42:22.330+0000][gc,heap     ] GC(98) Humongous regions: 20->20
[2025-12-24T15:42:22.330+0000][gc,metaspace] GC(98) Metaspace: 11555K(11968K)->11555K(11968K) NonClass: 10483K(10624K)->10483K(10624K) Class: 1071K(1344K)->1071K(1344K)
[2025-12-24T15:42:22.330+0000][gc          ] GC(98) Pause Young (Normal) (G1 Evacuation Pause) 652M->40M(1024M) 11.442ms
[2025-12-24T15:42:22.330+0000][gc,cpu      ] GC(98) User=0.06s Sys=0.00s Real=0.02s
[2025-12-24T15:43:22.234+0000][gc,start    ] GC(99) Pause Young (Normal) (G1 Evacuation Pause)
[2025-12-24T15:43:22.235+0000][gc,task     ] GC(99) Using 8 workers of 8 for evacuation
[2025-12-24T15:43:22.242+0000][gc,phases   ] GC(99)   Pre Evacuate Collection Set: 2.3ms
[2025-12-24T15:43:22.242+0000][gc,phases   ] GC(99)   Merge Heap Roots: 0.2ms
[2025-12-24T15:43:22.242+0000][gc,phases   ] GC(99)   Evacuate Collection Set: 3.4ms
[2025-12-24T15:43:22.242+0000][gc,phases   ] GC(99)   Post Evacuate Collection Set: 1.1ms
[2025-12-24T15:43:22.242+0000][gc,phases   ] GC(99)   Other: 0.3ms
[2025-12-24T15:43:22.243+0000][gc,heap     ] GC(99) Eden regions: 612->0(613)
[2025-12-24T15:43:22.243+0000][gc,heap     ] GC(99) Survivor regions: 2->1(77)
[2025-12-24T15:43:22.243+0000][gc,heap     ] GC(99) Old regions: 20->20
[2025-12-24T15:43:22.243+0000][gc,heap     ] GC(99) Humongous regions: 20->20
[2025-12-24T15:43:22.243+0000][gc,metaspace] GC(99) Metaspace: 11555K(11968K)->11555K(11968K) NonClass: 10483K(10624K)->10483K(10624K) Class: 1071K(1344K)->1071K(1344K)
[2025-12-24T15:43:22.243+0000][gc          ] GC(99) Pause Young (Normal) (G1 Evacuation Pause) 652M->40M(1024M) 8.596ms
[2025-12-24T15:43:22.243+0000][gc,cpu      ] GC(99) User=0.04s Sys=0.00s Real=0.01s
[2025-12-24T15:44:12.517+0000][gc,start    ] GC(100) Pause Young (Normal) (G1 Evacuation Pause)
[2025-12-24T15:44:12.517+0000][gc,task     ] GC(100) Using 8 workers of 8 for evacuation
[2025-12-24T15:44:12.526+0000][gc,phases   ] GC(100)   Pre Evacuate Collection Set: 2.1ms
[2025-12-24T15:44:12.526+0000][gc,phases   ] GC(100)   Merge Heap Roots: 0.4ms
[2025-12-24T15:44:12.526+0000][gc,phases   ] GC(100)   Evacuate Collection Set: 4.7ms
[2025-12-24T15:44:12.526+0000][gc,phases   ] GC(100)   Post Evacuate Collection Set: 1.4ms
[2025-12-24T15:44:12.526+0000][gc,phases   ] GC(100)   Other: 0.3ms
[2025-12-24T15:44:12.526+0000][gc,heap     ] GC(100) Eden regions: 613->0(612)
[2025-12-24T15:44:12.526+0000][gc,heap     ] GC(100) Survivor regions: 1->2(77)
[2025-12-24T15:44:12.527+0000][gc,heap     ] GC(100) Old regions: 20->20
[2025-12-24T15:44:12.527+0000][gc,heap     ] GC(100) Humongous regions: 20->20
[2025-12-24T15:44:12.527+0000][gc,metaspace] GC(100) Metaspace: 11555K(11968K)->11555K(11968K) NonClass: 10483K(10624K)->10483K(10624K) Class: 1071K(1344K)->1071K(1344K)
[2025-12-24T15:44:12.527+0000][gc          ] GC(100) Pause Young (Normal) (G1 Evacuation Pause) 653M->41M(1024M) 10.068ms
[2025-12-24T15:44:12.527+0000][gc,cpu      ] GC(100) User=0.05s Sys=0.00s Real=0.01s
[2025-12-24T15:45:12.490+0000][gc,start    ] GC(101) Pause Young (Normal) (G1 Evacuation Pause)
[2025-12-24T15:45:12.490+0000][gc,task     ] GC(101) Using 8 workers of 8 for evacuation
[2025-12-24T15:45:12.502+0000][gc,phases   ] GC(101)   Pre Evacuate Collection Set: 1.5ms
[2025-12-24T15:45:12.502+0000][gc,phases   ] GC(101)   Merge Heap Roots: 0.2ms
[2025-12-24T15:45:12.502+0000][gc,phases   ] GC(101)   Evacuate Collection Set: 8.2ms
[2025-12-24T15:45:12.502+0000][gc,phases   ] GC(101)   Post Evacuate Collection Set: 1.6ms
[2025-12-24T15:45:12.502+0000][gc,phases   ] GC(101)   Other: 0.2ms
[2025-12-24T15:45:12.502+0000][gc,heap     ] GC(101) Eden regions: 612->0(612)
[2025-12-24T15:45:12.502+0000][gc,heap     ] GC(101) Survivor regions: 2->2(77)
[2025-12-24T15:45:12.502+0000][gc,heap     ] GC(101) Old regions: 20->20
[2025-12-24T15:45:12.502+0000][gc,heap     ] GC(101) Humongous regions: 20->20
[2025-12-24T15:45:12.502+0000][gc,metaspace] GC(101) Metaspace: 11555K(11968K)->11555K(11968K) NonClass: 10483K(10624K)->10483K(10624K) Class: 1071K(1344K)->1071K(1344K)
[2025-12-24T15:45:12.502+0000][gc          ] GC(101) Pause Young (Normal) (G1 Evacuation Pause) 653M->41M(1024M) 12.716ms
[2025-12-24T15:45:12.502+0000][gc,cpu      ] GC(101) User=0.07s Sys=0.01s Real=0.01s
[2025-12-24T15:46:12.477+0000][gc,start    ] GC(102) Pause Young (Normal) (G1 Evacuation Pause)
[2025-12-24T15:46:12.477+0000][gc,task     ] GC(102) Using 8 workers of 8 for evacuation
[2025-12-24T15:46:12.483+0000][gc,phases   ] GC(102)   Pre Evacuate Collection Set: 1.0ms
[2025-12-24T15:46:12.483+0000][gc,phases   ] GC(102)   Merge Heap Roots: 0.2ms
[2025-12-24T15:46:12.483+0000][gc,phases   ] GC(102)   Evacuate Collection Set: 2.9ms
[2025-12-24T15:46:12.483+0000][gc,phases   ] GC(102)   Post Evacuate Collection Set: 1.0ms
[2025-12-24T15:46:12.483+0000][gc,phases   ] GC(102)   Other: 0.4ms
[2025-12-24T15:46:12.483+0000][gc,heap     ] GC(102) Eden regions: 612->0(612)
[2025-12-24T15:46:12.483+0000][gc,heap     ] GC(102) Survivor regions: 2->2(77)
[2025-12-24T15:46:12.483+0000][gc,heap     ] GC(102) Old regions: 20->20
[2025-12-24T15:46:12.483+0000][gc,heap     ] GC(102) Humongous regions: 20->20
[2025-12-24T15:46:12.483+0000][gc,metaspace] GC(102) Metaspace: 11555K(11968K)->11555K(11968K) NonClass: 10483K(10624K)->10483K(10624K) Class: 1071K(1344K)->1071K(1344K)
[2025-12-24T15:46:12.483+0000][gc          ] GC(102) Pause Young (Normal) (G1 Evacuation Pause) 653M->41M(1024M) 6.716ms
[2025-12-24T15:46:12.484+0000][gc,cpu      ] GC(102) User=0.03s Sys=0.00s Real=0.01s
[2025-12-24T15:47:12.388+0000][gc,start    ] GC(103) Pause Young (Normal) (G1 Evacuation Pause)
[2025-12-24T15:47:12.388+0000][gc,task     ] GC(103) Using 8 workers of 8 for evacuation
[2025-12-24T15:47:12.402+0000][gc,phases   ] GC(103)   Pre Evacuate Collection Set: 1.0ms
[2025-12-24T15:47:12.403+0000][gc,phases   ] GC(103)   Merge Heap Roots: 0.1ms
[2025-12-24T15:47:12.403+0000][gc,phases   ] GC(103)   Evacuate Collection Set: 11.5ms
[2025-12-24T15:47:12.403+0000][gc,phases   ] GC(103)   Post Evacuate Collection Set: 1.1ms
[2025-12-24T15:47:12.403+0000][gc,phases   ] GC(103)   Other: 0.3ms
[2025-12-24T15:47:12.403+0000][gc,heap     ] GC(103) Eden regions: 612->0(612)
[2025-12-24T15:47:12.403+0000][gc,heap     ] GC(103) Survivor regions: 2->2(77)
[2025-12-24T15:47:12.403+0000][gc,heap     ] GC(103) Old regions: 20->20
[2025-12-24T15:47:12.403+0000][gc,heap     ] GC(103) Humongous regions: 20->20
[2025-12-24T15:47:12.403+0000][gc,metaspace] GC(103) Metaspace: 11555K(11968K)->11555K(11968K) NonClass: 10483K(10624K)->10483K(10624K) Class: 1071K(1344K)->1071K(1344K)
[2025-12-24T15:47:12.403+0000][gc          ] GC(103) Pause Young (Normal) (G1 Evacuation Pause) 653M->41M(1024M) 15.450ms
[2025-12-24T15:47:12.403+0000][gc,cpu      ] GC(103) User=0.10s Sys=0.01s Real=0.02s
[2025-12-24T15:48:12.339+0000][gc,start    ] GC(104) Pause Young (Normal) (G1 Evacuation Pause)
[2025-12-24T15:48:12.340+0000][gc,task     ] GC(104) Using 8 workers of 8 for evacuation
[2025-12-24T15:48:12.350+0000][gc,phases   ] GC(104)   Pre Evacuate Collection Set: 1.1ms
[2025-12-24T15:48:12.350+0000][gc,phases   ] GC(104)   Merge Heap Roots: 0.2ms
[2025-12-24T15:48:12.350+0000][gc,phases   ] GC(104)   Evacuate Collection Set: 5.1ms
[2025-12-24T15:48:12.350+0000][gc,phases   ] GC(104)   Post Evacuate Collection Set: 3.0ms
[2025-12-24T15:48:12.350+0000][gc,phases   ] GC(104)   Other: 0.4ms
[2025-12-24T15:48:12.350+0000][gc,heap     ] GC(104) Eden regions: 612->0(612)
[2025-12-24T15:48:12.350+0000][gc,heap     ] GC(104) Survivor regions: 2->2(77)
[2025-12-24T15:48:12.350+0000][gc,heap     ] GC(104) Old regions: 20->20
[2025-12-24T15:48:12.350+0000][gc,heap     ] GC(104) Humongous regions: 20->20
[2025-12-24T15:48:12.350+0000][gc,metaspace] GC(104) Metaspace: 11555K(11968K)->11555K(11968K) NonClass: 10483K(10624K)->10483K(10624K) Class: 1071K(1344K)->1071K(1344K)
[2025-12-24T15:48:12.351+0000][gc          ] GC(104) Pause Young (Normal) (G1 Evacuation Pause) 653M->40M(1024M) 11.343ms
[2025-12-24T15:48:12.351+0000][gc,cpu      ] GC(104) User=0.05s Sys=0.00s Real=0.01s
[2025-12-24T15:49:12.279+0000][gc,start    ] GC(105) Pause Young (Normal) (G1 Evacuation Pause)
[2025-12-24T15:49:12.281+0000][gc,task     ] GC(105) Using 8 workers of 8 for evacuation
[2025-12-24T15:49:12.290+0000][gc,phases   ] GC(105)   Pre Evacuate Collection Set: 3.2ms
[2025-12-24T15:49:12.290+0000][gc,phases   ] GC(105)   Merge Heap Roots: 0.2ms
[2025-12-24T15:49:12.290+0000][gc,phases   ] GC(105)   Evacuate Collection Set: 3.5ms
[2025-12-24T15:49:12.290+0000][gc,phases   ] GC(105)   Post Evacuate Collection Set: 1.4ms
[2025-12-24T15:49:12.290+0000][gc,phases   ] GC(105)   Other: 0.8ms
[2025-12-24T15:49:12.290+0000][gc,heap     ] GC(105) Eden regions: 612->0(613)
[2025-12-24T15:49:12.291+0000][gc,heap     ] GC(105) Survivor regions: 2->1(77)
[2025-12-24T15:49:12.291+0000][gc,heap     ] GC(105) Old regions: 20->20
[2025-12-24T15:49:12.291+0000][gc,heap     ] GC(105) Humongous regions: 20->20
[2025-12-24T15:49:12.291+0000][gc,metaspace] GC(105) Metaspace: 11555K(11968K)->11555K(11968K) NonClass: 10483K(10624K)->10483K(10624K) Class: 1071K(1344K)->1071K(1344K)
[2025-12-24T15:49:12.291+0000][gc          ] GC(105) Pause Young (Normal) (G1 Evacuation Pause) 652M->40M(1024M) 11.458ms
[2025-12-24T15:49:12.291+0000][gc,cpu      ] GC(105) User=0.03s Sys=0.00s Real=0.01s
[2025-12-24T15:50:12.219+0000][gc,start    ] GC(106) Pause Young (Normal) (G1 Evacuation Pause)
[2025-12-24T15:50:12.220+0000][gc,task     ] GC(106) Using 8 workers of 8 for evacuation
[2025-12-24T15:50:12.233+0000][gc,phases   ] GC(106)   Pre Evacuate Collection Set: 2.0ms
[2025-12-24T15:50:12.233+0000][gc,phases   ] GC(106)   Merge Heap Roots: 0.5ms
[2025-12-24T15:50:12.233+0000][gc,phases   ] GC(106)   Evacuate Collection Set: 8.2ms
[2025-12-24T15:50:12.233+0000][gc,phases   ] GC(106)   Post Evacuate Collection Set: 2.3ms
[2025-12-24T15:50:12.233+0000][gc,phases   ] GC(106)   Other: 0.4ms
[2025-12-24T15:50:12.233+0000][gc,heap     ] GC(106) Eden regions: 613->0(613)
[2025-12-24T15:50:12.233+0000][gc,heap     ] GC(106) Survivor regions: 1->1(77)
[2025-12-24T15:50:12.234+0000][gc,heap     ] GC(106) Old regions: 20->20
[2025-12-24T15:50:12.234+0000][gc,heap     ] GC(106) Humongous regions: 20->20
[2025-12-24T15:50:12.234+0000][gc,metaspace] GC(106) Metaspace: 11556K(11968K)->11556K(11968K) NonClass: 10485K(10624K)->10485K(10624K) Class: 1071K(1344K)->1071K(1344K)
[2025-12-24T15:50:12.234+0000][gc          ] GC(106) Pause Young (Normal) (G1 Evacuation Pause) 653M->40M(1024M) 14.866ms
[2025-12-24T15:50:12.234+0000][gc,cpu      ] GC(106) User=0.09s Sys=0.00s Real=0.01s
[2025-12-24T15:51:02.612+0000][gc,start    ] GC(107) Pause Young (Normal) (G1 Evacuation Pause)
[2025-12-24T15:51:02.613+0000][gc,task     ] GC(107) Using 8 workers of 8 for evacuation
[2025-12-24T15:51:02.623+0000][gc,phases   ] GC(107)   Pre Evacuate Collection Set: 1.3ms
[2025-12-24T15:51:02.623+0000][gc,phases   ] GC(107)   Merge Heap Roots: 0.3ms
[2025-12-24T15:51:02.623+0000][gc,phases   ] GC(107)   Evacuate Collection Set: 5.9ms
[2025-12-24T15:51:02.623+0000][gc,phases   ] GC(107)   Post Evacuate Collection Set: 2.4ms
[2025-12-24T15:51:02.623+0000][gc,phases   ] GC(107)   Other: 0.4ms
[2025-12-24T15:51:02.623+0000][gc,heap     ] GC(107) Eden regions: 613->0(612)
[2025-12-24T15:51:02.623+0000][gc,heap     ] GC(107) Survivor regions: 1->2(77)
[2025-12-24T15:51:02.623+0000][gc,heap     ] GC(107) Old regions: 20->20
[2025-12-24T15:51:02.623+0000][gc,heap     ] GC(107) Humongous regions: 20->20
[2025-12-24T15:51:02.623+0000][gc,metaspace] GC(107) Metaspace: 11556K(11968K)->11556K(11968K) NonClass: 10485K(10624K)->10485K(10624K) Class: 1071K(1344K)->1071K(1344K)
[2025-12-24T15:51:02.624+0000][gc          ] GC(107) Pause Young (Normal) (G1 Evacuation Pause) 653M->41M(1024M) 12.063ms
[2025-12-24T15:51:02.624+0000][gc,cpu      ] GC(107) User=0.05s Sys=0.00s Real=0.02s
[2025-12-24T15:52:02.486+0000][gc,start    ] GC(108) Pause Young (Normal) (G1 Evacuation Pause)
[2025-12-24T15:52:02.486+0000][gc,task     ] GC(108) Using 8 workers of 8 for evacuation
[2025-12-24T15:52:02.491+0000][gc,phases   ] GC(108)   Pre Evacuate Collection Set: 1.1ms
[2025-12-24T15:52:02.491+0000][gc,phases   ] GC(108)   Merge Heap Roots: 0.2ms
[2025-12-24T15:52:02.491+0000][gc,phases   ] GC(108)   Evacuate Collection Set: 2.7ms
[2025-12-24T15:52:02.491+0000][gc,phases   ] GC(108)   Post Evacuate Collection Set: 0.9ms
[2025-12-24T15:52:02.491+0000][gc,phases   ] GC(108)   Other: 0.2ms
[2025-12-24T15:52:02.492+0000][gc,heap     ] GC(108) Eden regions: 612->0(612)
[2025-12-24T15:52:02.492+0000][gc,heap     ] GC(108) Survivor regions: 2->2(77)
[2025-12-24T15:52:02.492+0000][gc,heap     ] GC(108) Old regions: 20->20
[2025-12-24T15:52:02.492+0000][gc,heap     ] GC(108) Humongous regions: 20->20
[2025-12-24T15:52:02.492+0000][gc,metaspace] GC(108) Metaspace: 11556K(11968K)->11556K(11968K) NonClass: 10485K(10624K)->10485K(10624K) Class: 1071K(1344K)->1071K(1344K)
[2025-12-24T15:52:02.492+0000][gc          ] GC(108) Pause Young (Normal) (G1 Evacuation Pause) 653M->41M(1024M) 6.121ms
[2025-12-24T15:52:02.492+0000][gc,cpu      ] GC(108) User=0.02s Sys=0.01s Real=0.01s
[2025-12-24T15:53:02.433+0000][gc,start    ] GC(109) Pause Young (Normal) (G1 Evacuation Pause)
[2025-12-24T15:53:02.434+0000][gc,task     ] GC(109) Using 8 workers of 8 for evacuation
[2025-12-24T15:53:02.447+0000][gc,phases   ] GC(109)   Pre Evacuate Collection Set: 1.2ms
[2025-12-24T15:53:02.447+0000][gc,phases   ] GC(109)   Merge Heap Roots: 0.2ms
[2025-12-24T15:53:02.447+0000][gc,phases   ] GC(109)   Evacuate Collection Set: 7.4ms
[2025-12-24T15:53:02.447+0000][gc,phases   ] GC(109)   Post Evacuate Collection Set: 2.8ms
[2025-12-24T15:53:02.447+0000][gc,phases   ] GC(109)   Other: 0.7ms
[2025-12-24T15:53:02.447+0000][gc,heap     ] GC(109) Eden regions: 612->0(612)
[2025-12-24T15:53:02.447+0000][gc,heap     ] GC(109) Survivor regions: 2->2(77)
[2025-12-24T15:53:02.447+0000][gc,heap     ] GC(109) Old regions: 20->20
[2025-12-24T15:53:02.447+0000][gc,heap     ] GC(109) Humongous regions: 20->20
[2025-12-24T15:53:02.447+0000][gc,metaspace] GC(109) Metaspace: 11556K(11968K)->11556K(11968K) NonClass: 10485K(10624K)->10485K(10624K) Class: 1071K(1344K)->1071K(1344K)
[2025-12-24T15:53:02.448+0000][gc          ] GC(109) Pause Young (Normal) (G1 Evacuation Pause) 653M->41M(1024M) 14.460ms
[2025-12-24T15:53:02.448+0000][gc,cpu      ] GC(109) User=0.06s Sys=0.00s Real=0.02s
[2025-12-24T15:54:02.405+0000][gc,start    ] GC(110) Pause Young (Normal) (G1 Evacuation Pause)
[2025-12-24T15:54:02.406+0000][gc,task     ] GC(110) Using 8 workers of 8 for evacuation
[2025-12-24T15:54:02.411+0000][gc,phases   ] GC(110)   Pre Evacuate Collection Set: 1.1ms
[2025-12-24T15:54:02.412+0000][gc,phases   ] GC(110)   Merge Heap Roots: 0.2ms
[2025-12-24T15:54:02.412+0000][gc,phases   ] GC(110)   Evacuate Collection Set: 3.2ms
[2025-12-24T15:54:02.412+0000][gc,phases   ] GC(110)   Post Evacuate Collection Set: 1.2ms
[2025-12-24T15:54:02.412+0000][gc,phases   ] GC(110)   Other: 0.3ms
[2025-12-24T15:54:02.412+0000][gc,heap     ] GC(110) Eden regions: 612->0(612)
[2025-12-24T15:54:02.412+0000][gc,heap     ] GC(110) Survivor regions: 2->2(77)
[2025-12-24T15:54:02.412+0000][gc,heap     ] GC(110) Old regions: 20->20
[2025-12-24T15:54:02.412+0000][gc,heap     ] GC(110) Humongous regions: 20->20
[2025-12-24T15:54:02.412+0000][gc,metaspace] GC(110) Metaspace: 11556K(11968K)->11556K(11968K) NonClass: 10485K(10624K)->10485K(10624K) Class: 1071K(1344K)->1071K(1344K)
[2025-12-24T15:54:02.412+0000][gc          ] GC(110) Pause Young (Normal) (G1 Evacuation Pause) 653M->40M(1024M) 7.584ms
[2025-12-24T15:54:02.412+0000][gc,cpu      ] GC(110) User=0.03s Sys=0.00s Real=0.01s
[2025-12-24T15:55:02.374+0000][gc,start    ] GC(111) Pause Young (Normal) (G1 Evacuation Pause)
[2025-12-24T15:55:02.375+0000][gc,task     ] GC(111) Using 8 workers of 8 for evacuation
[2025-12-24T15:55:02.383+0000][gc,phases   ] GC(111)   Pre Evacuate Collection Set: 1.9ms
[2025-12-24T15:55:02.384+0000][gc,phases   ] GC(111)   Merge Heap Roots: 0.4ms
[2025-12-24T15:55:02.384+0000][gc,phases   ] GC(111)   Evacuate Collection Set: 4.3ms
[2025-12-24T15:55:02.384+0000][gc,phases   ] GC(111)   Post Evacuate Collection Set: 1.2ms
[2025-12-24T15:55:02.384+0000][gc,phases   ] GC(111)   Other: 0.7ms
[2025-12-24T15:55:02.384+0000][gc,heap     ] GC(111) Eden regions: 612->0(612)
[2025-12-24T15:55:02.384+0000][gc,heap     ] GC(111) Survivor regions: 2->2(77)
[2025-12-24T15:55:02.384+0000][gc,heap     ] GC(111) Old regions: 20->20
[2025-12-24T15:55:02.384+0000][gc,heap     ] GC(111) Humongous regions: 20->20
[2025-12-24T15:55:02.384+0000][gc,metaspace] GC(111) Metaspace: 11576K(11968K)->11576K(11968K) NonClass: 10504K(10624K)->10504K(10624K) Class: 1071K(1344K)->1071K(1344K)
[2025-12-24T15:55:02.384+0000][gc          ] GC(111) Pause Young (Normal) (G1 Evacuation Pause) 652M->40M(1024M) 9.747ms
[2025-12-24T15:55:02.384+0000][gc,cpu      ] GC(111) User=0.04s Sys=0.01s Real=0.01s
[2025-12-24T15:56:02.304+0000][gc,start    ] GC(112) Pause Young (Normal) (G1 Evacuation Pause)
[2025-12-24T15:56:02.305+0000][gc,task     ] GC(112) Using 8 workers of 8 for evacuation
[2025-12-24T15:56:02.315+0000][gc,phases   ] GC(112)   Pre Evacuate Collection Set: 2.7ms
[2025-12-24T15:56:02.315+0000][gc,phases   ] GC(112)   Merge Heap Roots: 0.3ms
[2025-12-24T15:56:02.315+0000][gc,phases   ] GC(112)   Evacuate Collection Set: 5.5ms
[2025-12-24T15:56:02.315+0000][gc,phases   ] GC(112)   Post Evacuate Collection Set: 1.2ms
[2025-12-24T15:56:02.315+0000][gc,phases   ] GC(112)   Other: 0.3ms
[2025-12-24T15:56:02.315+0000][gc,heap     ] GC(112) Eden regions: 612->0(613)
[2025-12-24T15:56:02.315+0000][gc,heap     ] GC(112) Survivor regions: 2->1(77)
[2025-12-24T15:56:02.315+0000][gc,heap     ] GC(112) Old regions: 20->20
[2025-12-24T15:56:02.315+0000][gc,heap     ] GC(112) Humongous regions: 20->20
[2025-12-24T15:56:02.315+0000][gc,metaspace] GC(112) Metaspace: 11580K(12032K)->11580K(12032K) NonClass: 10509K(10688K)->10509K(10688K) Class: 1071K(1344K)->1071K(1344K)
[2025-12-24T15:56:02.315+0000][gc          ] GC(112) Pause Young (Normal) (G1 Evacuation Pause) 652M->40M(1024M) 11.276ms
[2025-12-24T15:56:02.316+0000][gc,cpu      ] GC(112) User=0.07s Sys=0.00s Real=0.01s
[2025-12-24T15:56:59.778+0000][gc,start    ] GC(113) Pause Young (Normal) (G1 Evacuation Pause)
[2025-12-24T15:56:59.779+0000][gc,task     ] GC(113) Using 8 workers of 8 for evacuation
[2025-12-24T15:56:59.799+0000][gc,phases   ] GC(113)   Pre Evacuate Collection Set: 2.2ms
[2025-12-24T15:56:59.799+0000][gc,phases   ] GC(113)   Merge Heap Roots: 0.4ms
[2025-12-24T15:56:59.799+0000][gc,phases   ] GC(113)   Evacuate Collection Set: 13.4ms
[2025-12-24T15:56:59.800+0000][gc,phases   ] GC(113)   Post Evacuate Collection Set: 3.0ms
[2025-12-24T15:56:59.800+0000][gc,phases   ] GC(113)   Other: 0.7ms
[2025-12-24T15:56:59.800+0000][gc,heap     ] GC(113) Eden regions: 613->0(613)
[2025-12-24T15:56:59.800+0000][gc,heap     ] GC(113) Survivor regions: 1->1(77)
[2025-12-24T15:56:59.800+0000][gc,heap     ] GC(113) Old regions: 20->20
[2025-12-24T15:56:59.800+0000][gc,heap     ] GC(113) Humongous regions: 20->20
[2025-12-24T15:56:59.800+0000][gc,metaspace] GC(113) Metaspace: 11580K(12032K)->11580K(12032K) NonClass: 10509K(10688K)->10509K(10688K) Class: 1071K(1344K)->1071K(1344K)
[2025-12-24T15:56:59.801+0000][gc          ] GC(113) Pause Young (Normal) (G1 Evacuation Pause) 653M->40M(1024M) 23.030ms
[2025-12-24T15:56:59.801+0000][gc,cpu      ] GC(113) User=0.12s Sys=0.00s Real=0.02s
[2025-12-24T15:57:52.536+0000][gc,start    ] GC(114) Pause Young (Normal) (G1 Evacuation Pause)
[2025-12-24T15:57:52.536+0000][gc,task     ] GC(114) Using 8 workers of 8 for evacuation
[2025-12-24T15:57:52.541+0000][gc,phases   ] GC(114)   Pre Evacuate Collection Set: 0.9ms
[2025-12-24T15:57:52.541+0000][gc,phases   ] GC(114)   Merge Heap Roots: 0.2ms
[2025-12-24T15:57:52.541+0000][gc,phases   ] GC(114)   Evacuate Collection Set: 2.5ms
[2025-12-24T15:57:52.541+0000][gc,phases   ] GC(114)   Post Evacuate Collection Set: 0.8ms
[2025-12-24T15:57:52.541+0000][gc,phases   ] GC(114)   Other: 0.1ms
[2025-12-24T15:57:52.541+0000][gc,heap     ] GC(114) Eden regions: 613->0(612)
[2025-12-24T15:57:52.541+0000][gc,heap     ] GC(114) Survivor regions: 1->2(77)
[2025-12-24T15:57:52.541+0000][gc,heap     ] GC(114) Old regions: 20->20
[2025-12-24T15:57:52.541+0000][gc,heap     ] GC(114) Humongous regions: 20->20
[2025-12-24T15:57:52.541+0000][gc,metaspace] GC(114) Metaspace: 11580K(12032K)->11580K(12032K) NonClass: 10509K(10688K)->10509K(10688K) Class: 1071K(1344K)->1071K(1344K)
[2025-12-24T15:57:52.541+0000][gc          ] GC(114) Pause Young (Normal) (G1 Evacuation Pause) 653M->41M(1024M) 5.550ms
[2025-12-24T15:57:52.541+0000][gc,cpu      ] GC(114) User=0.03s Sys=0.00s Real=0.00s
[2025-12-24T15:58:52.469+0000][gc,start    ] GC(115) Pause Young (Normal) (G1 Evacuation Pause)
[2025-12-24T15:58:52.470+0000][gc,task     ] GC(115) Using 8 workers of 8 for evacuation
[2025-12-24T15:58:52.478+0000][gc,phases   ] GC(115)   Pre Evacuate Collection Set: 1.0ms
[2025-12-24T15:58:52.478+0000][gc,phases   ] GC(115)   Merge Heap Roots: 0.2ms
[2025-12-24T15:58:52.478+0000][gc,phases   ] GC(115)   Evacuate Collection Set: 6.0ms
[2025-12-24T15:58:52.478+0000][gc,phases   ] GC(115)   Post Evacuate Collection Set: 1.1ms
[2025-12-24T15:58:52.478+0000][gc,phases   ] GC(115)   Other: 0.2ms
[2025-12-24T15:58:52.478+0000][gc,heap     ] GC(115) Eden regions: 612->0(612)
[2025-12-24T15:58:52.478+0000][gc,heap     ] GC(115) Survivor regions: 2->2(77)
[2025-12-24T15:58:52.479+0000][gc,heap     ] GC(115) Old regions: 20->20
[2025-12-24T15:58:52.479+0000][gc,heap     ] GC(115) Humongous regions: 20->20
[2025-12-24T15:58:52.479+0000][gc,metaspace] GC(115) Metaspace: 11580K(12032K)->11580K(12032K) NonClass: 10509K(10688K)->10509K(10688K) Class: 1071K(1344K)->1071K(1344K)
[2025-12-24T15:58:52.479+0000][gc          ] GC(115) Pause Young (Normal) (G1 Evacuation Pause) 653M->41M(1024M) 9.699ms
[2025-12-24T15:58:52.479+0000][gc,cpu      ] GC(115) User=0.06s Sys=0.00s Real=0.01s
[2025-12-24T15:59:52.436+0000][gc,start    ] GC(116) Pause Young (Normal) (G1 Evacuation Pause)
[2025-12-24T15:59:52.437+0000][gc,task     ] GC(116) Using 8 workers of 8 for evacuation
[2025-12-24T15:59:52.442+0000][gc,phases   ] GC(116)   Pre Evacuate Collection Set: 1.0ms
[2025-12-24T15:59:52.442+0000][gc,phases   ] GC(116)   Merge Heap Roots: 0.2ms
[2025-12-24T15:59:52.442+0000][gc,phases   ] GC(116)   Evacuate Collection Set: 2.7ms
[2025-12-24T15:59:52.442+0000][gc,phases   ] GC(116)   Post Evacuate Collection Set: 0.9ms
[2025-12-24T15:59:52.442+0000][gc,phases   ] GC(116)   Other: 0.2ms
[2025-12-24T15:59:52.442+0000][gc,heap     ] GC(116) Eden regions: 612->0(612)
[2025-12-24T15:59:52.442+0000][gc,heap     ] GC(116) Survivor regions: 2->2(77)
[2025-12-24T15:59:52.442+0000][gc,heap     ] GC(116) Old regions: 20->20
[2025-12-24T15:59:52.442+0000][gc,heap     ] GC(116) Humongous regions: 20->20
[2025-12-24T15:59:52.442+0000][gc,metaspace] GC(116) Metaspace: 11580K(12032K)->11580K(12032K) NonClass: 10509K(10688K)->10509K(10688K) Class: 1071K(1344K)->1071K(1344K)
[2025-12-24T15:59:52.442+0000][gc          ] GC(116) Pause Young (Normal) (G1 Evacuation Pause) 653M->41M(1024M) 6.337ms
[2025-12-24T15:59:52.442+0000][gc,cpu      ] GC(116) User=0.02s Sys=0.00s Real=0.01s
[2025-12-24T16:00:52.354+0000][gc,start    ] GC(117) Pause Young (Normal) (G1 Evacuation Pause)
[2025-12-24T16:00:52.354+0000][gc,task     ] GC(117) Using 8 workers of 8 for evacuation
[2025-12-24T16:00:52.359+0000][gc,phases   ] GC(117)   Pre Evacuate Collection Set: 1.1ms
[2025-12-24T16:00:52.360+0000][gc,phases   ] GC(117)   Merge Heap Roots: 0.2ms
[2025-12-24T16:00:52.360+0000][gc,phases   ] GC(117)   Evacuate Collection Set: 2.7ms
[2025-12-24T16:00:52.360+0000][gc,phases   ] GC(117)   Post Evacuate Collection Set: 0.9ms
[2025-12-24T16:00:52.360+0000][gc,phases   ] GC(117)   Other: 0.2ms
[2025-12-24T16:00:52.360+0000][gc,heap     ] GC(117) Eden regions: 612->0(612)
[2025-12-24T16:00:52.360+0000][gc,heap     ] GC(117) Survivor regions: 2->2(77)
[2025-12-24T16:00:52.360+0000][gc,heap     ] GC(117) Old regions: 20->20
[2025-12-24T16:00:52.360+0000][gc,heap     ] GC(117) Humongous regions: 20->20
[2025-12-24T16:00:52.360+0000][gc,metaspace] GC(117) Metaspace: 11580K(12032K)->11580K(12032K) NonClass: 10509K(10688K)->10509K(10688K) Class: 1071K(1344K)->1071K(1344K)
[2025-12-24T16:00:52.360+0000][gc          ] GC(117) Pause Young (Normal) (G1 Evacuation Pause) 653M->41M(1024M) 6.235ms
[2025-12-24T16:00:52.360+0000][gc,cpu      ] GC(117) User=0.03s Sys=0.00s Real=0.01s
[2025-12-24T16:01:52.315+0000][gc,start    ] GC(118) Pause Young (Normal) (G1 Evacuation Pause)
[2025-12-24T16:01:52.315+0000][gc,task     ] GC(118) Using 8 workers of 8 for evacuation
[2025-12-24T16:01:52.321+0000][gc,phases   ] GC(118)   Pre Evacuate Collection Set: 1.2ms
[2025-12-24T16:01:52.321+0000][gc,phases   ] GC(118)   Merge Heap Roots: 0.2ms
[2025-12-24T16:01:52.321+0000][gc,phases   ] GC(118)   Evacuate Collection Set: 3.2ms
[2025-12-24T16:01:52.321+0000][gc,phases   ] GC(118)   Post Evacuate Collection Set: 1.0ms
[2025-12-24T16:01:52.321+0000][gc,phases   ] GC(118)   Other: 0.2ms
[2025-12-24T16:01:52.321+0000][gc,heap     ] GC(118) Eden regions: 612->0(613)
[2025-12-24T16:01:52.321+0000][gc,heap     ] GC(118) Survivor regions: 2->1(77)
[2025-12-24T16:01:52.321+0000][gc,heap     ] GC(118) Old regions: 20->21
[2025-12-24T16:01:52.321+0000][gc,heap     ] GC(118) Humongous regions: 20->20
[2025-12-24T16:01:52.321+0000][gc,metaspace] GC(118) Metaspace: 11580K(12032K)->11580K(12032K) NonClass: 10509K(10688K)->10509K(10688K) Class: 1071K(1344K)->1071K(1344K)
[2025-12-24T16:01:52.322+0000][gc          ] GC(118) Pause Young (Normal) (G1 Evacuation Pause) 653M->40M(1024M) 7.081ms
[2025-12-24T16:01:52.322+0000][gc,cpu      ] GC(118) User=0.03s Sys=0.00s Real=0.01s
[2025-12-24T16:02:52.259+0000][gc,start    ] GC(119) Pause Young (Normal) (G1 Evacuation Pause)
[2025-12-24T16:02:52.260+0000][gc,task     ] GC(119) Using 8 workers of 8 for evacuation
[2025-12-24T16:02:52.268+0000][gc,phases   ] GC(119)   Pre Evacuate Collection Set: 1.2ms
[2025-12-24T16:02:52.268+0000][gc,phases   ] GC(119)   Merge Heap Roots: 0.2ms
[2025-12-24T16:02:52.268+0000][gc,phases   ] GC(119)   Evacuate Collection Set: 3.1ms
[2025-12-24T16:02:52.268+0000][gc,phases   ] GC(119)   Post Evacuate Collection Set: 3.3ms
[2025-12-24T16:02:52.268+0000][gc,phases   ] GC(119)   Other: 0.2ms
[2025-12-24T16:02:52.268+0000][gc,heap     ] GC(119) Eden regions: 613->0(613)
[2025-12-24T16:02:52.268+0000][gc,heap     ] GC(119) Survivor regions: 1->1(77)
[2025-12-24T16:02:52.269+0000][gc,heap     ] GC(119) Old regions: 21->21
[2025-12-24T16:02:52.269+0000][gc,heap     ] GC(119) Humongous regions: 20->20
[2025-12-24T16:02:52.269+0000][gc,metaspace] GC(119) Metaspace: 11580K(12032K)->11580K(12032K) NonClass: 10509K(10688K)->10509K(10688K) Class: 1071K(1344K)->1071K(1344K)
[2025-12-24T16:02:52.269+0000][gc          ] GC(119) Pause Young (Normal) (G1 Evacuation Pause) 653M->40M(1024M) 9.696ms
[2025-12-24T16:02:52.269+0000][gc,cpu      ] GC(119) User=0.05s Sys=0.01s Real=0.01s
[2025-12-24T16:03:42.540+0000][gc,start    ] GC(120) Pause Young (Normal) (G1 Evacuation Pause)
[2025-12-24T16:03:42.541+0000][gc,task     ] GC(120) Using 8 workers of 8 for evacuation
[2025-12-24T16:03:42.553+0000][gc,phases   ] GC(120)   Pre Evacuate Collection Set: 1.0ms
[2025-12-24T16:03:42.554+0000][gc,phases   ] GC(120)   Merge Heap Roots: 0.1ms
[2025-12-24T16:03:42.554+0000][gc,phases   ] GC(120)   Evacuate Collection Set: 8.7ms
[2025-12-24T16:03:42.554+0000][gc,phases   ] GC(120)   Post Evacuate Collection Set: 2.2ms
[2025-12-24T16:03:42.554+0000][gc,phases   ] GC(120)   Other: 0.2ms
[2025-12-24T16:03:42.554+0000][gc,heap     ] GC(120) Eden regions: 613->0(612)
[2025-12-24T16:03:42.554+0000][gc,heap     ] GC(120) Survivor regions: 1->2(77)
[2025-12-24T16:03:42.554+0000][gc,heap     ] GC(120) Old regions: 21->21
[2025-12-24T16:03:42.554+0000][gc,heap     ] GC(120) Humongous regions: 20->20
[2025-12-24T16:03:42.554+0000][gc,metaspace] GC(120) Metaspace: 11580K(12032K)->11580K(12032K) NonClass: 10509K(10688K)->10509K(10688K) Class: 1071K(1344K)->1071K(1344K)
[2025-12-24T16:03:42.554+0000][gc          ] GC(120) Pause Young (Normal) (G1 Evacuation Pause) 653M->41M(1024M) 13.724ms
[2025-12-24T16:03:42.554+0000][gc,cpu      ] GC(120) User=0.08s Sys=0.00s Real=0.02s
[2025-12-24T16:04:42.456+0000][gc,start    ] GC(121) Pause Young (Normal) (G1 Evacuation Pause)
[2025-12-24T16:04:42.457+0000][gc,task     ] GC(121) Using 8 workers of 8 for evacuation
[2025-12-24T16:04:42.464+0000][gc,phases   ] GC(121)   Pre Evacuate Collection Set: 1.4ms
[2025-12-24T16:04:42.464+0000][gc,phases   ] GC(121)   Merge Heap Roots: 0.2ms
[2025-12-24T16:04:42.464+0000][gc,phases   ] GC(121)   Evacuate Collection Set: 3.1ms
[2025-12-24T16:04:42.464+0000][gc,phases   ] GC(121)   Post Evacuate Collection Set: 1.9ms
[2025-12-24T16:04:42.464+0000][gc,phases   ] GC(121)   Other: 0.3ms
[2025-12-24T16:04:42.464+0000][gc,heap     ] GC(121) Eden regions: 612->0(612)
[2025-12-24T16:04:42.464+0000][gc,heap     ] GC(121) Survivor regions: 2->2(77)
[2025-12-24T16:04:42.464+0000][gc,heap     ] GC(121) Old regions: 21->21
[2025-12-24T16:04:42.464+0000][gc,heap     ] GC(121) Humongous regions: 20->20
[2025-12-24T16:04:42.464+0000][gc,metaspace] GC(121) Metaspace: 11580K(12032K)->11580K(12032K) NonClass: 10509K(10688K)->10509K(10688K) Class: 1071K(1344K)->1071K(1344K)
[2025-12-24T16:04:42.464+0000][gc          ] GC(121) Pause Young (Normal) (G1 Evacuation Pause) 653M->41M(1024M) 8.088ms
[2025-12-24T16:04:42.464+0000][gc,cpu      ] GC(121) User=0.04s Sys=0.00s Real=0.01s
[2025-12-24T16:19:02.300+0000][gc,start    ] GC(122) Pause Young (Normal) (G1 Evacuation Pause)
[2025-12-24T16:19:02.300+0000][gc,task     ] GC(122) Using 8 workers of 8 for evacuation
[2025-12-24T16:19:02.308+0000][gc,phases   ] GC(122)   Pre Evacuate Collection Set: 1.4ms
[2025-12-24T16:19:02.308+0000][gc,phases   ] GC(122)   Merge Heap Roots: 0.1ms
[2025-12-24T16:19:02.308+0000][gc,phases   ] GC(122)   Evacuate Collection Set: 5.1ms
[2025-12-24T16:19:02.308+0000][gc,phases   ] GC(122)   Post Evacuate Collection Set: 1.0ms
[2025-12-24T16:19:02.309+0000][gc,phases   ] GC(122)   Other: 0.3ms
[2025-12-24T16:19:02.309+0000][gc,heap     ] GC(122) Eden regions: 612->0(612)
[2025-12-24T16:19:02.309+0000][gc,heap     ] GC(122) Survivor regions: 2->2(77)
[2025-12-24T16:19:02.309+0000][gc,heap     ] GC(122) Old regions: 21->21
[2025-12-24T16:19:02.309+0000][gc,heap     ] GC(122) Humongous regions: 20->20
[2025-12-24T16:19:02.309+0000][gc,metaspace] GC(122) Metaspace: 11600K(12096K)->11600K(12096K) NonClass: 10529K(10752K)->10529K(10752K) Class: 1071K(1344K)->1071K(1344K)
[2025-12-24T16:19:02.309+0000][gc          ] GC(122) Pause Young (Normal) (G1 Evacuation Pause) 653M->41M(1024M) 9.048ms
[2025-12-24T16:19:02.309+0000][gc,cpu      ] GC(122) User=0.05s Sys=0.00s Real=0.01s
[2025-12-24T16:20:02.289+0000][gc,start    ] GC(123) Pause Young (Normal) (G1 Evacuation Pause)
[2025-12-24T16:20:02.291+0000][gc,task     ] GC(123) Using 8 workers of 8 for evacuation
[2025-12-24T16:20:02.297+0000][gc,phases   ] GC(123)   Pre Evacuate Collection Set: 1.6ms
[2025-12-24T16:20:02.298+0000][gc,phases   ] GC(123)   Merge Heap Roots: 0.2ms
[2025-12-24T16:20:02.298+0000][gc,phases   ] GC(123)   Evacuate Collection Set: 3.5ms
[2025-12-24T16:20:02.298+0000][gc,phases   ] GC(123)   Post Evacuate Collection Set: 1.1ms
[2025-12-24T16:20:02.298+0000][gc,phases   ] GC(123)   Other: 0.5ms
[2025-12-24T16:20:02.298+0000][gc,heap     ] GC(123) Eden regions: 612->0(612)
[2025-12-24T16:20:02.298+0000][gc,heap     ] GC(123) Survivor regions: 2->2(77)
[2025-12-24T16:20:02.298+0000][gc,heap     ] GC(123) Old regions: 21->21
[2025-12-24T16:20:02.298+0000][gc,heap     ] GC(123) Humongous regions: 20->20
[2025-12-24T16:20:02.298+0000][gc,metaspace] GC(123) Metaspace: 11600K(12096K)->11600K(12096K) NonClass: 10529K(10752K)->10529K(10752K) Class: 1071K(1344K)->1071K(1344K)
[2025-12-24T16:20:02.298+0000][gc          ] GC(123) Pause Young (Normal) (G1 Evacuation Pause) 653M->41M(1024M) 9.186ms
[2025-12-24T16:20:02.298+0000][gc,cpu      ] GC(123) User=0.03s Sys=0.01s Real=0.01s
[2025-12-24T16:21:02.064+0000][gc,start    ] GC(124) Pause Young (Normal) (G1 Evacuation Pause)
[2025-12-24T16:21:02.064+0000][gc,task     ] GC(124) Using 8 workers of 8 for evacuation
[2025-12-24T16:21:02.077+0000][gc,phases   ] GC(124)   Pre Evacuate Collection Set: 1.1ms
[2025-12-24T16:21:02.077+0000][gc,phases   ] GC(124)   Merge Heap Roots: 0.2ms
[2025-12-24T16:21:02.077+0000][gc,phases   ] GC(124)   Evacuate Collection Set: 9.7ms
[2025-12-24T16:21:02.077+0000][gc,phases   ] GC(124)   Post Evacuate Collection Set: 1.4ms
[2025-12-24T16:21:02.077+0000][gc,phases   ] GC(124)   Other: 0.2ms
[2025-12-24T16:21:02.077+0000][gc,heap     ] GC(124) Eden regions: 612->0(612)
[2025-12-24T16:21:02.077+0000][gc,heap     ] GC(124) Survivor regions: 2->2(77)
[2025-12-24T16:21:02.077+0000][gc,heap     ] GC(124) Old regions: 21->21
[2025-12-24T16:21:02.077+0000][gc,heap     ] GC(124) Humongous regions: 20->20
[2025-12-24T16:21:02.077+0000][gc,metaspace] GC(124) Metaspace: 11600K(12096K)->11600K(12096K) NonClass: 10529K(10752K)->10529K(10752K) Class: 1071K(1344K)->1071K(1344K)
[2025-12-24T16:21:02.077+0000][gc          ] GC(124) Pause Young (Normal) (G1 Evacuation Pause) 653M->41M(1024M) 13.586ms
[2025-12-24T16:21:02.077+0000][gc,cpu      ] GC(124) User=0.08s Sys=0.00s Real=0.02s
[2025-12-24T16:22:01.982+0000][gc,start    ] GC(125) Pause Young (Normal) (G1 Evacuation Pause)
[2025-12-24T16:22:01.983+0000][gc,task     ] GC(125) Using 8 workers of 8 for evacuation
[2025-12-24T16:22:01.989+0000][gc,phases   ] GC(125)   Pre Evacuate Collection Set: 1.0ms
[2025-12-24T16:22:01.989+0000][gc,phases   ] GC(125)   Merge Heap Roots: 0.2ms
[2025-12-24T16:22:01.989+0000][gc,phases   ] GC(125)   Evacuate Collection Set: 3.5ms
[2025-12-24T16:22:01.989+0000][gc,phases   ] GC(125)   Post Evacuate Collection Set: 1.1ms
[2025-12-24T16:22:01.989+0000][gc,phases   ] GC(125)   Other: 0.2ms
[2025-12-24T16:22:01.989+0000][gc,heap     ] GC(125) Eden regions: 612->0(612)
[2025-12-24T16:22:01.989+0000][gc,heap     ] GC(125) Survivor regions: 2->2(77)
[2025-12-24T16:22:01.989+0000][gc,heap     ] GC(125) Old regions: 21->21
[2025-12-24T16:22:01.989+0000][gc,heap     ] GC(125) Humongous regions: 20->20
[2025-12-24T16:22:01.989+0000][gc,metaspace] GC(125) Metaspace: 11609K(12096K)->11609K(12096K) NonClass: 10535K(10752K)->10535K(10752K) Class: 1073K(1344K)->1073K(1344K)
[2025-12-24T16:22:01.989+0000][gc          ] GC(125) Pause Young (Normal) (G1 Evacuation Pause) 653M->41M(1024M) 7.037ms
[2025-12-24T16:22:01.989+0000][gc,cpu      ] GC(125) User=0.03s Sys=0.01s Real=0.01s
[2025-12-24T16:22:52.278+0000][gc,start    ] GC(126) Pause Young (Normal) (G1 Evacuation Pause)
[2025-12-24T16:22:52.279+0000][gc,task     ] GC(126) Using 8 workers of 8 for evacuation
[2025-12-24T16:22:52.296+0000][gc,phases   ] GC(126)   Pre Evacuate Collection Set: 1.1ms
[2025-12-24T16:22:52.296+0000][gc,phases   ] GC(126)   Merge Heap Roots: 0.1ms
[2025-12-24T16:22:52.296+0000][gc,phases   ] GC(126)   Evacuate Collection Set: 12.9ms
[2025-12-24T16:22:52.296+0000][gc,phases   ] GC(126)   Post Evacuate Collection Set: 2.7ms
[2025-12-24T16:22:52.297+0000][gc,phases   ] GC(126)   Other: 0.3ms
[2025-12-24T16:22:52.297+0000][gc,heap     ] GC(126) Eden regions: 612->0(611)
[2025-12-24T16:22:52.297+0000][gc,heap     ] GC(126) Survivor regions: 2->3(77)
[2025-12-24T16:22:52.297+0000][gc,heap     ] GC(126) Old regions: 21->21
[2025-12-24T16:22:52.297+0000][gc,heap     ] GC(126) Humongous regions: 20->20
[2025-12-24T16:22:52.297+0000][gc,metaspace] GC(126) Metaspace: 11668K(12096K)->11668K(12096K) NonClass: 10579K(10752K)->10579K(10752K) Class: 1088K(1344K)->1088K(1344K)
[2025-12-24T16:22:52.297+0000][gc          ] GC(126) Pause Young (Normal) (G1 Evacuation Pause) 653M->42M(1024M) 18.504ms
[2025-12-24T16:22:52.297+0000][gc,cpu      ] GC(126) User=0.11s Sys=0.00s Real=0.02s
[2025-12-24T16:23:52.212+0000][gc,start    ] GC(127) Pause Young (Normal) (G1 Evacuation Pause)
[2025-12-24T16:23:52.213+0000][gc,task     ] GC(127) Using 8 workers of 8 for evacuation
[2025-12-24T16:23:52.219+0000][gc,phases   ] GC(127)   Pre Evacuate Collection Set: 1.1ms
[2025-12-24T16:23:52.220+0000][gc,phases   ] GC(127)   Merge Heap Roots: 0.3ms
[2025-12-24T16:23:52.220+0000][gc,phases   ] GC(127)   Evacuate Collection Set: 3.7ms
[2025-12-24T16:23:52.220+0000][gc,phases   ] GC(127)   Post Evacuate Collection Set: 1.1ms
[2025-12-24T16:23:52.220+0000][gc,phases   ] GC(127)   Other: 0.3ms
[2025-12-24T16:23:52.220+0000][gc,heap     ] GC(127) Eden regions: 611->0(611)
[2025-12-24T16:23:52.220+0000][gc,heap     ] GC(127) Survivor regions: 3->3(77)
[2025-12-24T16:23:52.220+0000][gc,heap     ] GC(127) Old regions: 21->21
[2025-12-24T16:23:52.220+0000][gc,heap     ] GC(127) Humongous regions: 20->20
[2025-12-24T16:23:52.220+0000][gc,metaspace] GC(127) Metaspace: 11668K(12096K)->11668K(12096K) NonClass: 10579K(10752K)->10579K(10752K) Class: 1088K(1344K)->1088K(1344K)
[2025-12-24T16:23:52.220+0000][gc          ] GC(127) Pause Young (Normal) (G1 Evacuation Pause) 653M->42M(1024M) 7.928ms
[2025-12-24T16:23:52.220+0000][gc,cpu      ] GC(127) User=0.03s Sys=0.00s Real=0.01s
[2025-12-24T16:24:52.150+0000][gc,start    ] GC(128) Pause Young (Normal) (G1 Evacuation Pause)
[2025-12-24T16:24:52.150+0000][gc,task     ] GC(128) Using 8 workers of 8 for evacuation
[2025-12-24T16:24:52.156+0000][gc,phases   ] GC(128)   Pre Evacuate Collection Set: 1.0ms
[2025-12-24T16:24:52.156+0000][gc,phases   ] GC(128)   Merge Heap Roots: 0.2ms
[2025-12-24T16:24:52.156+0000][gc,phases   ] GC(128)   Evacuate Collection Set: 3.2ms
[2025-12-24T16:24:52.156+0000][gc,phases   ] GC(128)   Post Evacuate Collection Set: 1.1ms
[2025-12-24T16:24:52.156+0000][gc,phases   ] GC(128)   Other: 0.3ms
[2025-12-24T16:24:52.156+0000][gc,heap     ] GC(128) Eden regions: 611->0(612)
[2025-12-24T16:24:52.156+0000][gc,heap     ] GC(128) Survivor regions: 3->2(77)
[2025-12-24T16:24:52.156+0000][gc,heap     ] GC(128) Old regions: 21->21
[2025-12-24T16:24:52.157+0000][gc,heap     ] GC(128) Humongous regions: 20->20
[2025-12-24T16:24:52.157+0000][gc,metaspace] GC(128) Metaspace: 11679K(12096K)->11679K(12096K) NonClass: 10590K(10752K)->10590K(10752K) Class: 1089K(1344K)->1089K(1344K)
[2025-12-24T16:24:52.157+0000][gc          ] GC(128) Pause Young (Normal) (G1 Evacuation Pause) 653M->42M(1024M) 7.017ms
[2025-12-24T16:24:52.157+0000][gc,cpu      ] GC(128) User=0.03s Sys=0.00s Real=0.01s
[2025-12-24T16:25:52.124+0000][gc,start    ] GC(129) Pause Young (Normal) (G1 Evacuation Pause)
[2025-12-24T16:25:52.124+0000][gc,task     ] GC(129) Using 8 workers of 8 for evacuation
[2025-12-24T16:25:52.140+0000][gc,phases   ] GC(129)   Pre Evacuate Collection Set: 2.2ms
[2025-12-24T16:25:52.140+0000][gc,phases   ] GC(129)   Merge Heap Roots: 0.6ms
[2025-12-24T16:25:52.140+0000][gc,phases   ] GC(129)   Evacuate Collection Set: 10.7ms
[2025-12-24T16:25:52.140+0000][gc,phases   ] GC(129)   Post Evacuate Collection Set: 1.3ms
[2025-12-24T16:25:52.140+0000][gc,phases   ] GC(129)   Other: 0.6ms
[2025-12-24T16:25:52.140+0000][gc,heap     ] GC(129) Eden regions: 612->0(612)
[2025-12-24T16:25:52.140+0000][gc,heap     ] GC(129) Survivor regions: 2->2(77)
[2025-12-24T16:25:52.140+0000][gc,heap     ] GC(129) Old regions: 21->21
[2025-12-24T16:25:52.140+0000][gc,heap     ] GC(129) Humongous regions: 20->20
[2025-12-24T16:25:52.140+0000][gc,metaspace] GC(129) Metaspace: 11679K(12096K)->11679K(12096K) NonClass: 10590K(10752K)->10590K(10752K) Class: 1089K(1344K)->1089K(1344K)
[2025-12-24T16:25:52.140+0000][gc          ] GC(129) Pause Young (Normal) (G1 Evacuation Pause) 654M->41M(1024M) 16.626ms
[2025-12-24T16:25:52.140+0000][gc,cpu      ] GC(129) User=0.09s Sys=0.00s Real=0.01s
[2025-12-24T16:26:52.054+0000][gc,start    ] GC(130) Pause Young (Normal) (G1 Evacuation Pause)
[2025-12-24T16:26:52.055+0000][gc,task     ] GC(130) Using 8 workers of 8 for evacuation
[2025-12-24T16:26:52.069+0000][gc,phases   ] GC(130)   Pre Evacuate Collection Set: 1.9ms
[2025-12-24T16:26:52.069+0000][gc,phases   ] GC(130)   Merge Heap Roots: 0.3ms
[2025-12-24T16:26:52.069+0000][gc,phases   ] GC(130)   Evacuate Collection Set: 9.2ms
[2025-12-24T16:26:52.069+0000][gc,phases   ] GC(130)   Post Evacuate Collection Set: 2.6ms
[2025-12-24T16:26:52.069+0000][gc,phases   ] GC(130)   Other: 0.2ms
[2025-12-24T16:26:52.069+0000][gc,heap     ] GC(130) Eden regions: 612->0(612)
[2025-12-24T16:26:52.069+0000][gc,heap     ] GC(130) Survivor regions: 2->2(77)
[2025-12-24T16:26:52.070+0000][gc,heap     ] GC(130) Old regions: 21->21
[2025-12-24T16:26:52.070+0000][gc,heap     ] GC(130) Humongous regions: 20->20
[2025-12-24T16:26:52.070+0000][gc,metaspace] GC(130) Metaspace: 11679K(12096K)->11679K(12096K) NonClass: 10590K(10752K)->10590K(10752K) Class: 1089K(1344K)->1089K(1344K)
[2025-12-24T16:26:52.070+0000][gc          ] GC(130) Pause Young (Normal) (G1 Evacuation Pause) 653M->41M(1024M) 15.643ms
[2025-12-24T16:26:52.070+0000][gc,cpu      ] GC(130) User=0.08s Sys=0.00s Real=0.01s
[2025-12-24T16:27:51.980+0000][gc,start    ] GC(131) Pause Young (Normal) (G1 Evacuation Pause)
[2025-12-24T16:27:51.980+0000][gc,task     ] GC(131) Using 8 workers of 8 for evacuation
[2025-12-24T16:27:51.989+0000][gc,phases   ] GC(131)   Pre Evacuate Collection Set: 1.0ms
[2025-12-24T16:27:51.990+0000][gc,phases   ] GC(131)   Merge Heap Roots: 0.2ms
[2025-12-24T16:27:51.990+0000][gc,phases   ] GC(131)   Evacuate Collection Set: 4.5ms
[2025-12-24T16:27:51.990+0000][gc,phases   ] GC(131)   Post Evacuate Collection Set: 3.3ms
[2025-12-24T16:27:51.990+0000][gc,phases   ] GC(131)   Other: 0.2ms
[2025-12-24T16:27:51.990+0000][gc,heap     ] GC(131) Eden regions: 612->0(612)
[2025-12-24T16:27:51.990+0000][gc,heap     ] GC(131) Survivor regions: 2->2(77)
[2025-12-24T16:27:51.990+0000][gc,heap     ] GC(131) Old regions: 21->21
[2025-12-24T16:27:51.990+0000][gc,heap     ] GC(131) Humongous regions: 20->20
[2025-12-24T16:27:51.990+0000][gc,metaspace] GC(131) Metaspace: 11679K(12096K)->11679K(12096K) NonClass: 10590K(10752K)->10590K(10752K) Class: 1089K(1344K)->1089K(1344K)
[2025-12-24T16:27:51.990+0000][gc          ] GC(131) Pause Young (Normal) (G1 Evacuation Pause) 653M->41M(1024M) 10.167ms
[2025-12-24T16:27:51.990+0000][gc,cpu      ] GC(131) User=0.04s Sys=0.00s Real=0.01s
[2025-12-24T16:28:52.226+0000][gc,start    ] GC(132) Pause Young (Normal) (G1 Evacuation Pause)
[2025-12-24T16:28:52.227+0000][gc,task     ] GC(132) Using 8 workers of 8 for evacuation
[2025-12-24T16:28:52.264+0000][gc,phases   ] GC(132)   Pre Evacuate Collection Set: 3.7ms
[2025-12-24T16:28:52.264+0000][gc,phases   ] GC(132)   Merge Heap Roots: 2.7ms
[2025-12-24T16:28:52.265+0000][gc,phases   ] GC(132)   Evacuate Collection Set: 18.9ms
[2025-12-24T16:28:52.265+0000][gc,phases   ] GC(132)   Post Evacuate Collection Set: 11.0ms
[2025-12-24T16:28:52.265+0000][gc,phases   ] GC(132)   Other: 0.6ms
[2025-12-24T16:28:52.265+0000][gc,heap     ] GC(132) Eden regions: 612->0(613)
[2025-12-24T16:28:52.265+0000][gc,heap     ] GC(132) Survivor regions: 2->1(77)
[2025-12-24T16:28:52.265+0000][gc,heap     ] GC(132) Old regions: 21->21
[2025-12-24T16:28:52.265+0000][gc,heap     ] GC(132) Humongous regions: 20->20
[2025-12-24T16:28:52.265+0000][gc,metaspace] GC(132) Metaspace: 11682K(12096K)->11682K(12096K) NonClass: 10593K(10752K)->10593K(10752K) Class: 1089K(1344K)->1089K(1344K)
[2025-12-24T16:28:52.265+0000][gc          ] GC(132) Pause Young (Normal) (G1 Evacuation Pause) 653M->41M(1024M) 39.261ms
[2025-12-24T16:28:52.267+0000][gc,cpu      ] GC(132) User=0.17s Sys=0.00s Real=0.04s
[2025-12-24T16:46:43.253+0000][gc,start    ] GC(133) Pause Young (Normal) (G1 Evacuation Pause)
[2025-12-24T16:46:43.253+0000][gc,task     ] GC(133) Using 8 workers of 8 for evacuation
[2025-12-24T16:46:43.266+0000][gc,phases   ] GC(133)   Pre Evacuate Collection Set: 2.4ms
[2025-12-24T16:46:43.267+0000][gc,phases   ] GC(133)   Merge Heap Roots: 0.4ms
[2025-12-24T16:46:43.267+0000][gc,phases   ] GC(133)   Evacuate Collection Set: 9.0ms
[2025-12-24T16:46:43.267+0000][gc,phases   ] GC(133)   Post Evacuate Collection Set: 1.2ms
[2025-12-24T16:46:43.267+0000][gc,phases   ] GC(133)   Other: 0.4ms
[2025-12-24T16:46:43.267+0000][gc,heap     ] GC(133) Eden regions: 613->0(611)
[2025-12-24T16:46:43.267+0000][gc,heap     ] GC(133) Survivor regions: 1->3(77)
[2025-12-24T16:46:43.267+0000][gc,heap     ] GC(133) Old regions: 21->21
[2025-12-24T16:46:43.267+0000][gc,heap     ] GC(133) Humongous regions: 20->20
[2025-12-24T16:46:43.267+0000][gc,metaspace] GC(133) Metaspace: 12064K(12480K)->12064K(12480K) NonClass: 10972K(11136K)->10972K(11136K) Class: 1092K(1344K)->1092K(1344K)
[2025-12-24T16:46:43.267+0000][gc          ] GC(133) Pause Young (Normal) (G1 Evacuation Pause) 654M->42M(1024M) 14.553ms
[2025-12-24T16:46:43.267+0000][gc,cpu      ] GC(133) User=0.10s Sys=0.00s Real=0.02s
[2025-12-24T16:47:43.042+0000][gc,start    ] GC(134) Pause Young (Normal) (G1 Evacuation Pause)
[2025-12-24T16:47:43.043+0000][gc,task     ] GC(134) Using 8 workers of 8 for evacuation
[2025-12-24T16:47:43.048+0000][gc,phases   ] GC(134)   Pre Evacuate Collection Set: 0.9ms
[2025-12-24T16:47:43.048+0000][gc,phases   ] GC(134)   Merge Heap Roots: 0.1ms
[2025-12-24T16:47:43.048+0000][gc,phases   ] GC(134)   Evacuate Collection Set: 3.1ms
[2025-12-24T16:47:43.048+0000][gc,phases   ] GC(134)   Post Evacuate Collection Set: 0.8ms
[2025-12-24T16:47:43.048+0000][gc,phases   ] GC(134)   Other: 0.2ms
[2025-12-24T16:47:43.048+0000][gc,heap     ] GC(134) Eden regions: 611->0(611)
[2025-12-24T16:47:43.048+0000][gc,heap     ] GC(134) Survivor regions: 3->3(77)
[2025-12-24T16:47:43.048+0000][gc,heap     ] GC(134) Old regions: 21->21
[2025-12-24T16:47:43.048+0000][gc,heap     ] GC(134) Humongous regions: 20->20
[2025-12-24T16:47:43.048+0000][gc,metaspace] GC(134) Metaspace: 12235K(12608K)->12235K(12608K) NonClass: 11142K(11264K)->11142K(11264K) Class: 1093K(1344K)->1093K(1344K)
[2025-12-24T16:47:43.048+0000][gc          ] GC(134) Pause Young (Normal) (G1 Evacuation Pause) 653M->42M(1024M) 6.100ms
[2025-12-24T16:47:43.048+0000][gc,cpu      ] GC(134) User=0.02s Sys=0.00s Real=0.00s
[2025-12-24T16:48:33.299+0000][gc,start    ] GC(135) Pause Young (Normal) (G1 Evacuation Pause)
[2025-12-24T16:48:33.300+0000][gc,task     ] GC(135) Using 8 workers of 8 for evacuation
[2025-12-24T16:48:33.312+0000][gc,phases   ] GC(135)   Pre Evacuate Collection Set: 1.0ms
[2025-12-24T16:48:33.312+0000][gc,phases   ] GC(135)   Merge Heap Roots: 0.2ms
[2025-12-24T16:48:33.312+0000][gc,phases   ] GC(135)   Evacuate Collection Set: 8.8ms
[2025-12-24T16:48:33.312+0000][gc,phases   ] GC(135)   Post Evacuate Collection Set: 1.8ms
[2025-12-24T16:48:33.312+0000][gc,phases   ] GC(135)   Other: 0.2ms
[2025-12-24T16:48:33.312+0000][gc,heap     ] GC(135) Eden regions: 611->0(610)
[2025-12-24T16:48:33.312+0000][gc,heap     ] GC(135) Survivor regions: 3->4(77)
[2025-12-24T16:48:33.312+0000][gc,heap     ] GC(135) Old regions: 21->21
[2025-12-24T16:48:33.313+0000][gc,heap     ] GC(135) Humongous regions: 20->20
[2025-12-24T16:48:33.313+0000][gc,metaspace] GC(135) Metaspace: 12279K(12672K)->12279K(12672K) NonClass: 11186K(11328K)->11186K(11328K) Class: 1093K(1344K)->1093K(1344K)
[2025-12-24T16:48:33.313+0000][gc          ] GC(135) Pause Young (Normal) (G1 Evacuation Pause) 653M->44M(1024M) 13.838ms
[2025-12-24T16:48:33.313+0000][gc,cpu      ] GC(135) User=0.07s Sys=0.00s Real=0.01s
[2025-12-24T16:49:33.141+0000][gc,start    ] GC(136) Pause Young (Normal) (G1 Evacuation Pause)
[2025-12-24T16:49:33.143+0000][gc,task     ] GC(136) Using 8 workers of 8 for evacuation
[2025-12-24T16:49:33.161+0000][gc,phases   ] GC(136)   Pre Evacuate Collection Set: 2.8ms
[2025-12-24T16:49:33.162+0000][gc,phases   ] GC(136)   Merge Heap Roots: 1.4ms
[2025-12-24T16:49:33.162+0000][gc,phases   ] GC(136)   Evacuate Collection Set: 12.9ms
[2025-12-24T16:49:33.162+0000][gc,phases   ] GC(136)   Post Evacuate Collection Set: 1.4ms
[2025-12-24T16:49:33.162+0000][gc,phases   ] GC(136)   Other: 0.4ms
[2025-12-24T16:49:33.162+0000][gc,heap     ] GC(136) Eden regions: 610->0(611)
[2025-12-24T16:49:33.162+0000][gc,heap     ] GC(136) Survivor regions: 4->3(77)
[2025-12-24T16:49:33.162+0000][gc,heap     ] GC(136) Old regions: 21->21
[2025-12-24T16:49:33.162+0000][gc,heap     ] GC(136) Humongous regions: 20->20
[2025-12-24T16:49:33.162+0000][gc,metaspace] GC(136) Metaspace: 12323K(12800K)->12323K(12800K) NonClass: 11230K(11456K)->11230K(11456K) Class: 1093K(1344K)->1093K(1344K)
[2025-12-24T16:49:33.162+0000][gc          ] GC(136) Pause Young (Normal) (G1 Evacuation Pause) 654M->43M(1024M) 20.928ms
[2025-12-24T16:49:33.162+0000][gc,cpu      ] GC(136) User=0.13s Sys=0.00s Real=0.02s
[2025-12-24T16:50:30.608+0000][gc,start    ] GC(137) Pause Young (Normal) (G1 Evacuation Pause)
[2025-12-24T16:50:30.611+0000][gc,task     ] GC(137) Using 8 workers of 8 for evacuation
[2025-12-24T16:50:30.624+0000][gc,phases   ] GC(137)   Pre Evacuate Collection Set: 2.7ms
[2025-12-24T16:50:30.625+0000][gc,phases   ] GC(137)   Merge Heap Roots: 0.5ms
[2025-12-24T16:50:30.625+0000][gc,phases   ] GC(137)   Evacuate Collection Set: 7.2ms
[2025-12-24T16:50:30.625+0000][gc,phases   ] GC(137)   Post Evacuate Collection Set: 2.2ms
[2025-12-24T16:50:30.625+0000][gc,phases   ] GC(137)   Other: 1.1ms
[2025-12-24T16:50:30.625+0000][gc,heap     ] GC(137) Eden regions: 611->0(611)
[2025-12-24T16:50:30.625+0000][gc,heap     ] GC(137) Survivor regions: 3->3(77)
[2025-12-24T16:50:30.626+0000][gc,heap     ] GC(137) Old regions: 21->21
[2025-12-24T16:50:30.626+0000][gc,heap     ] GC(137) Humongous regions: 20->20
[2025-12-24T16:50:30.626+0000][gc,metaspace] GC(137) Metaspace: 12343K(12800K)->12343K(12800K) NonClass: 11249K(11456K)->11249K(11456K) Class: 1093K(1344K)->1093K(1344K)
[2025-12-24T16:50:30.626+0000][gc          ] GC(137) Pause Young (Normal) (G1 Evacuation Pause) 654M->42M(1024M) 18.154ms
[2025-12-24T16:50:30.626+0000][gc,cpu      ] GC(137) User=0.07s Sys=0.00s Real=0.02s
[2025-12-24T16:51:23.146+0000][gc,start    ] GC(138) Pause Young (Normal) (G1 Evacuation Pause)
[2025-12-24T16:51:23.147+0000][gc,task     ] GC(138) Using 8 workers of 8 for evacuation
[2025-12-24T16:51:23.162+0000][gc,phases   ] GC(138)   Pre Evacuate Collection Set: 0.9ms
[2025-12-24T16:51:23.163+0000][gc,phases   ] GC(138)   Merge Heap Roots: 0.1ms
[2025-12-24T16:51:23.163+0000][gc,phases   ] GC(138)   Evacuate Collection Set: 11.4ms
[2025-12-24T16:51:23.163+0000][gc,phases   ] GC(138)   Post Evacuate Collection Set: 2.9ms
[2025-12-24T16:51:23.163+0000][gc,phases   ] GC(138)   Other: 0.3ms
[2025-12-24T16:51:23.163+0000][gc,heap     ] GC(138) Eden regions: 611->0(611)
[2025-12-24T16:51:23.163+0000][gc,heap     ] GC(138) Survivor regions: 3->3(77)
[2025-12-24T16:51:23.163+0000][gc,heap     ] GC(138) Old regions: 21->21
[2025-12-24T16:51:23.163+0000][gc,heap     ] GC(138) Humongous regions: 20->20
[2025-12-24T16:51:23.163+0000][gc,metaspace] GC(138) Metaspace: 12346K(12800K)->12346K(12800K) NonClass: 11253K(11456K)->11253K(11456K) Class: 1093K(1344K)->1093K(1344K)
[2025-12-24T16:51:23.163+0000][gc          ] GC(138) Pause Young (Normal) (G1 Evacuation Pause) 653M->43M(1024M) 16.502ms
[2025-12-24T16:51:23.163+0000][gc,cpu      ] GC(138) User=0.10s Sys=0.00s Real=0.02s
[2025-12-24T16:52:22.962+0000][gc,start    ] GC(139) Pause Young (Normal) (G1 Evacuation Pause)
[2025-12-24T16:52:22.962+0000][gc,task     ] GC(139) Using 8 workers of 8 for evacuation
[2025-12-24T16:52:22.977+0000][gc,phases   ] GC(139)   Pre Evacuate Collection Set: 1.7ms
[2025-12-24T16:52:22.977+0000][gc,phases   ] GC(139)   Merge Heap Roots: 0.2ms
[2025-12-24T16:52:22.977+0000][gc,phases   ] GC(139)   Evacuate Collection Set: 11.0ms
[2025-12-24T16:52:22.978+0000][gc,phases   ] GC(139)   Post Evacuate Collection Set: 1.5ms
[2025-12-24T16:52:22.978+0000][gc,phases   ] GC(139)   Other: 0.3ms
[2025-12-24T16:52:22.978+0000][gc,heap     ] GC(139) Eden regions: 611->0(611)
[2025-12-24T16:52:22.978+0000][gc,heap     ] GC(139) Survivor regions: 3->3(77)
[2025-12-24T16:52:22.978+0000][gc,heap     ] GC(139) Old regions: 21->21
[2025-12-24T16:52:22.978+0000][gc,heap     ] GC(139) Humongous regions: 20->20
[2025-12-24T16:52:22.978+0000][gc,metaspace] GC(139) Metaspace: 12379K(12800K)->12379K(12800K) NonClass: 11285K(11456K)->11285K(11456K) Class: 1093K(1344K)->1093K(1344K)
[2025-12-24T16:52:22.978+0000][gc          ] GC(139) Pause Young (Normal) (G1 Evacuation Pause) 654M->43M(1024M) 16.702ms
[2025-12-24T16:52:22.978+0000][gc,cpu      ] GC(139) User=0.09s Sys=0.00s Real=0.02s
[2025-12-24T16:53:13.179+0000][gc,start    ] GC(140) Pause Young (Normal) (G1 Evacuation Pause)
[2025-12-24T16:53:13.180+0000][gc,task     ] GC(140) Using 8 workers of 8 for evacuation
[2025-12-24T16:53:13.187+0000][gc,phases   ] GC(140)   Pre Evacuate Collection Set: 1.0ms
[2025-12-24T16:53:13.187+0000][gc,phases   ] GC(140)   Merge Heap Roots: 0.1ms
[2025-12-24T16:53:13.188+0000][gc,phases   ] GC(140)   Evacuate Collection Set: 3.7ms
[2025-12-24T16:53:13.188+0000][gc,phases   ] GC(140)   Post Evacuate Collection Set: 2.4ms
[2025-12-24T16:53:13.188+0000][gc,phases   ] GC(140)   Other: 0.2ms
[2025-12-24T16:53:13.188+0000][gc,heap     ] GC(140) Eden regions: 611->0(611)
[2025-12-24T16:53:13.188+0000][gc,heap     ] GC(140) Survivor regions: 3->3(77)
[2025-12-24T16:53:13.188+0000][gc,heap     ] GC(140) Old regions: 21->21
[2025-12-24T16:53:13.188+0000][gc,heap     ] GC(140) Humongous regions: 20->20
[2025-12-24T16:53:13.188+0000][gc,metaspace] GC(140) Metaspace: 12380K(12800K)->12380K(12800K) NonClass: 11286K(11456K)->11286K(11456K) Class: 1093K(1344K)->1093K(1344K)
[2025-12-24T16:53:13.189+0000][gc          ] GC(140) Pause Young (Normal) (G1 Evacuation Pause) 654M->43M(1024M) 9.161ms
[2025-12-24T16:53:13.189+0000][gc,cpu      ] GC(140) User=0.04s Sys=0.00s Real=0.01s
[2025-12-24T16:54:12.999+0000][gc,start    ] GC(141) Pause Young (Normal) (G1 Evacuation Pause)
[2025-12-24T16:54:12.999+0000][gc,task     ] GC(141) Using 8 workers of 8 for evacuation
[2025-12-24T16:54:13.007+0000][gc,phases   ] GC(141)   Pre Evacuate Collection Set: 1.1ms
[2025-12-24T16:54:13.008+0000][gc,phases   ] GC(141)   Merge Heap Roots: 0.3ms
[2025-12-24T16:54:13.008+0000][gc,phases   ] GC(141)   Evacuate Collection Set: 4.8ms
[2025-12-24T16:54:13.008+0000][gc,phases   ] GC(141)   Post Evacuate Collection Set: 1.3ms
[2025-12-24T16:54:13.008+0000][gc,phases   ] GC(141)   Other: 0.3ms
[2025-12-24T16:54:13.008+0000][gc,heap     ] GC(141) Eden regions: 611->0(611)
[2025-12-24T16:54:13.008+0000][gc,heap     ] GC(141) Survivor regions: 3->3(77)
[2025-12-24T16:54:13.008+0000][gc,heap     ] GC(141) Old regions: 21->21
[2025-12-24T16:54:13.008+0000][gc,heap     ] GC(141) Humongous regions: 20->20
[2025-12-24T16:54:13.008+0000][gc,metaspace] GC(141) Metaspace: 12380K(12800K)->12380K(12800K) NonClass: 11286K(11456K)->11286K(11456K) Class: 1093K(1344K)->1093K(1344K)
[2025-12-24T16:54:13.008+0000][gc          ] GC(141) Pause Young (Normal) (G1 Evacuation Pause) 654M->43M(1024M) 9.132ms
[2025-12-24T16:54:13.008+0000][gc,cpu      ] GC(141) User=0.05s Sys=0.01s Real=0.01s
[2025-12-24T16:55:03.265+0000][gc,start    ] GC(142) Pause Young (Normal) (G1 Evacuation Pause)
[2025-12-24T16:55:03.266+0000][gc,task     ] GC(142) Using 8 workers of 8 for evacuation
[2025-12-24T16:55:03.277+0000][gc,phases   ] GC(142)   Pre Evacuate Collection Set: 1.1ms
[2025-12-24T16:55:03.277+0000][gc,phases   ] GC(142)   Merge Heap Roots: 0.2ms
[2025-12-24T16:55:03.277+0000][gc,phases   ] GC(142)   Evacuate Collection Set: 8.7ms
[2025-12-24T16:55:03.277+0000][gc,phases   ] GC(142)   Post Evacuate Collection Set: 1.0ms
[2025-12-24T16:55:03.278+0000][gc,phases   ] GC(142)   Other: 0.4ms
[2025-12-24T16:55:03.278+0000][gc,heap     ] GC(142) Eden regions: 611->0(610)
[2025-12-24T16:55:03.278+0000][gc,heap     ] GC(142) Survivor regions: 3->4(77)
[2025-12-24T16:55:03.278+0000][gc,heap     ] GC(142) Old regions: 21->21
[2025-12-24T16:55:03.278+0000][gc,heap     ] GC(142) Humongous regions: 20->20
[2025-12-24T16:55:03.278+0000][gc,metaspace] GC(142) Metaspace: 12380K(12800K)->12380K(12800K) NonClass: 11286K(11456K)->11286K(11456K) Class: 1093K(1344K)->1093K(1344K)
[2025-12-24T16:55:03.278+0000][gc          ] GC(142) Pause Young (Normal) (G1 Evacuation Pause) 654M->43M(1024M) 12.601ms
[2025-12-24T16:55:03.278+0000][gc,cpu      ] GC(142) User=0.08s Sys=0.00s Real=0.01s
[2025-12-24T16:56:03.023+0000][gc,start    ] GC(143) Pause Young (Normal) (G1 Evacuation Pause)
[2025-12-24T16:56:03.023+0000][gc,task     ] GC(143) Using 8 workers of 8 for evacuation
[2025-12-24T16:56:03.030+0000][gc,phases   ] GC(143)   Pre Evacuate Collection Set: 1.1ms
[2025-12-24T16:56:03.030+0000][gc,phases   ] GC(143)   Merge Heap Roots: 0.2ms
[2025-12-24T16:56:03.030+0000][gc,phases   ] GC(143)   Evacuate Collection Set: 4.1ms
[2025-12-24T16:56:03.030+0000][gc,phases   ] GC(143)   Post Evacuate Collection Set: 1.1ms
[2025-12-24T16:56:03.030+0000][gc,phases   ] GC(143)   Other: 0.3ms
[2025-12-24T16:56:03.030+0000][gc,heap     ] GC(143) Eden regions: 610->0(611)
[2025-12-24T16:56:03.030+0000][gc,heap     ] GC(143) Survivor regions: 4->3(77)
[2025-12-24T16:56:03.030+0000][gc,heap     ] GC(143) Old regions: 21->21
[2025-12-24T16:56:03.030+0000][gc,heap     ] GC(143) Humongous regions: 20->20
[2025-12-24T16:56:03.030+0000][gc,metaspace] GC(143) Metaspace: 12380K(12800K)->12380K(12800K) NonClass: 11286K(11456K)->11286K(11456K) Class: 1093K(1344K)->1093K(1344K)
[2025-12-24T16:56:03.030+0000][gc          ] GC(143) Pause Young (Normal) (G1 Evacuation Pause) 653M->43M(1024M) 7.669ms
[2025-12-24T16:56:03.030+0000][gc,cpu      ] GC(143) User=0.04s Sys=0.00s Real=0.01s
[2025-12-24T16:56:53.156+0000][gc,start    ] GC(144) Pause Young (Normal) (G1 Evacuation Pause)
[2025-12-24T16:56:53.156+0000][gc,task     ] GC(144) Using 8 workers of 8 for evacuation
[2025-12-24T16:56:53.169+0000][gc,phases   ] GC(144)   Pre Evacuate Collection Set: 1.1ms
[2025-12-24T16:56:53.169+0000][gc,phases   ] GC(144)   Merge Heap Roots: 0.2ms
[2025-12-24T16:56:53.169+0000][gc,phases   ] GC(144)   Evacuate Collection Set: 9.8ms
[2025-12-24T16:56:53.169+0000][gc,phases   ] GC(144)   Post Evacuate Collection Set: 2.0ms
[2025-12-24T16:56:53.170+0000][gc,phases   ] GC(144)   Other: 0.2ms
[2025-12-24T16:56:53.170+0000][gc,heap     ] GC(144) Eden regions: 611->0(610)
[2025-12-24T16:56:53.170+0000][gc,heap     ] GC(144) Survivor regions: 3->4(77)
[2025-12-24T16:56:53.170+0000][gc,heap     ] GC(144) Old regions: 21->21
[2025-12-24T16:56:53.170+0000][gc,heap     ] GC(144) Humongous regions: 20->20
[2025-12-24T16:56:53.170+0000][gc,metaspace] GC(144) Metaspace: 12380K(12800K)->12380K(12800K) NonClass: 11286K(11456K)->11286K(11456K) Class: 1093K(1344K)->1093K(1344K)
[2025-12-24T16:56:53.170+0000][gc          ] GC(144) Pause Young (Normal) (G1 Evacuation Pause) 654M->44M(1024M) 14.293ms
[2025-12-24T16:56:53.170+0000][gc,cpu      ] GC(144) User=0.09s Sys=0.00s Real=0.01s
[2025-12-24T16:57:53.020+0000][gc,start    ] GC(145) Pause Young (Normal) (G1 Evacuation Pause)
[2025-12-24T16:57:53.021+0000][gc,task     ] GC(145) Using 8 workers of 8 for evacuation
[2025-12-24T16:57:53.028+0000][gc,phases   ] GC(145)   Pre Evacuate Collection Set: 1.0ms
[2025-12-24T16:57:53.028+0000][gc,phases   ] GC(145)   Merge Heap Roots: 0.2ms
[2025-12-24T16:57:53.028+0000][gc,phases   ] GC(145)   Evacuate Collection Set: 3.8ms
[2025-12-24T16:57:53.029+0000][gc,phases   ] GC(145)   Post Evacuate Collection Set: 1.6ms
[2025-12-24T16:57:53.029+0000][gc,phases   ] GC(145)   Other: 0.3ms
[2025-12-24T16:57:53.029+0000][gc,heap     ] GC(145) Eden regions: 610->0(611)
[2025-12-24T16:57:53.029+0000][gc,heap     ] GC(145) Survivor regions: 4->3(77)
[2025-12-24T16:57:53.029+0000][gc,heap     ] GC(145) Old regions: 21->21
[2025-12-24T16:57:53.029+0000][gc,heap     ] GC(145) Humongous regions: 20->20
[2025-12-24T16:57:53.029+0000][gc,metaspace] GC(145) Metaspace: 12380K(12800K)->12380K(12800K) NonClass: 11286K(11456K)->11286K(11456K) Class: 1093K(1344K)->1093K(1344K)
[2025-12-24T16:57:53.030+0000][gc          ] GC(145) Pause Young (Normal) (G1 Evacuation Pause) 654M->43M(1024M) 9.570ms
[2025-12-24T16:57:53.030+0000][gc,cpu      ] GC(145) User=0.03s Sys=0.01s Real=0.01s
[2025-12-24T16:58:43.220+0000][gc,start    ] GC(146) Pause Young (Normal) (G1 Evacuation Pause)
[2025-12-24T16:58:43.220+0000][gc,task     ] GC(146) Using 8 workers of 8 for evacuation
[2025-12-24T16:58:43.234+0000][gc,phases   ] GC(146)   Pre Evacuate Collection Set: 1.3ms
[2025-12-24T16:58:43.234+0000][gc,phases   ] GC(146)   Merge Heap Roots: 0.2ms
[2025-12-24T16:58:43.234+0000][gc,phases   ] GC(146)   Evacuate Collection Set: 11.0ms
[2025-12-24T16:58:43.234+0000][gc,phases   ] GC(146)   Post Evacuate Collection Set: 1.3ms
[2025-12-24T16:58:43.234+0000][gc,phases   ] GC(146)   Other: 0.2ms
[2025-12-24T16:58:43.234+0000][gc,heap     ] GC(146) Eden regions: 611->0(610)
[2025-12-24T16:58:43.234+0000][gc,heap     ] GC(146) Survivor regions: 3->4(77)
[2025-12-24T16:58:43.235+0000][gc,heap     ] GC(146) Old regions: 21->21
[2025-12-24T16:58:43.235+0000][gc,heap     ] GC(146) Humongous regions: 20->20
[2025-12-24T16:58:43.235+0000][gc,metaspace] GC(146) Metaspace: 12382K(12800K)->12382K(12800K) NonClass: 11288K(11456K)->11288K(11456K) Class: 1093K(1344K)->1093K(1344K)
[2025-12-24T16:58:43.235+0000][gc          ] GC(146) Pause Young (Normal) (G1 Evacuation Pause) 654M->44M(1024M) 15.621ms
[2025-12-24T16:58:43.235+0000][gc,cpu      ] GC(146) User=0.07s Sys=0.00s Real=0.02s
[2025-12-24T16:59:43.027+0000][gc,start    ] GC(147) Pause Young (Normal) (G1 Evacuation Pause)
[2025-12-24T16:59:43.028+0000][gc,task     ] GC(147) Using 8 workers of 8 for evacuation
[2025-12-24T16:59:43.037+0000][gc,phases   ] GC(147)   Pre Evacuate Collection Set: 1.1ms
[2025-12-24T16:59:43.037+0000][gc,phases   ] GC(147)   Merge Heap Roots: 0.2ms
[2025-12-24T16:59:43.037+0000][gc,phases   ] GC(147)   Evacuate Collection Set: 5.3ms
[2025-12-24T16:59:43.037+0000][gc,phases   ] GC(147)   Post Evacuate Collection Set: 2.1ms
[2025-12-24T16:59:43.037+0000][gc,phases   ] GC(147)   Other: 0.3ms
[2025-12-24T16:59:43.037+0000][gc,heap     ] GC(147) Eden regions: 610->0(611)
[2025-12-24T16:59:43.037+0000][gc,heap     ] GC(147) Survivor regions: 4->3(77)
[2025-12-24T16:59:43.037+0000][gc,heap     ] GC(147) Old regions: 21->21
[2025-12-24T16:59:43.037+0000][gc,heap     ] GC(147) Humongous regions: 20->20
[2025-12-24T16:59:43.037+0000][gc,metaspace] GC(147) Metaspace: 12382K(12800K)->12382K(12800K) NonClass: 11288K(11456K)->11288K(11456K) Class: 1093K(1344K)->1093K(1344K)
[2025-12-24T16:59:43.038+0000][gc          ] GC(147) Pause Young (Normal) (G1 Evacuation Pause) 654M->43M(1024M) 10.944ms
[2025-12-24T16:59:43.038+0000][gc,cpu      ] GC(147) User=0.05s Sys=0.00s Real=0.01s
[2025-12-24T17:00:33.178+0000][gc,start    ] GC(148) Pause Young (Normal) (G1 Evacuation Pause)
[2025-12-24T17:00:33.179+0000][gc,task     ] GC(148) Using 8 workers of 8 for evacuation
[2025-12-24T17:00:33.191+0000][gc,phases   ] GC(148)   Pre Evacuate Collection Set: 2.2ms
[2025-12-24T17:00:33.192+0000][gc,phases   ] GC(148)   Merge Heap Roots: 1.1ms
[2025-12-24T17:00:33.192+0000][gc,phases   ] GC(148)   Evacuate Collection Set: 6.7ms
[2025-12-24T17:00:33.192+0000][gc,phases   ] GC(148)   Post Evacuate Collection Set: 1.9ms
[2025-12-24T17:00:33.192+0000][gc,phases   ] GC(148)   Other: 0.3ms
[2025-12-24T17:00:33.192+0000][gc,heap     ] GC(148) Eden regions: 611->0(610)
[2025-12-24T17:00:33.192+0000][gc,heap     ] GC(148) Survivor regions: 3->4(77)
[2025-12-24T17:00:33.192+0000][gc,heap     ] GC(148) Old regions: 21->21
[2025-12-24T17:00:33.192+0000][gc,heap     ] GC(148) Humongous regions: 20->20
[2025-12-24T17:00:33.192+0000][gc,metaspace] GC(148) Metaspace: 12383K(12800K)->12383K(12800K) NonClass: 11289K(11456K)->11289K(11456K) Class: 1093K(1344K)->1093K(1344K)
[2025-12-24T17:00:33.192+0000][gc          ] GC(148) Pause Young (Normal) (G1 Evacuation Pause) 654M->44M(1024M) 13.631ms
[2025-12-24T17:00:33.192+0000][gc,cpu      ] GC(148) User=0.06s Sys=0.00s Real=0.01s
[2025-12-24T17:01:33.020+0000][gc,start    ] GC(149) Pause Young (Normal) (G1 Evacuation Pause)
[2025-12-24T17:01:33.020+0000][gc,task     ] GC(149) Using 8 workers of 8 for evacuation
[2025-12-24T17:01:33.031+0000][gc,phases   ] GC(149)   Pre Evacuate Collection Set: 0.9ms
[2025-12-24T17:01:33.031+0000][gc,phases   ] GC(149)   Merge Heap Roots: 0.2ms
[2025-12-24T17:01:33.031+0000][gc,phases   ] GC(149)   Evacuate Collection Set: 6.8ms
[2025-12-24T17:01:33.031+0000][gc,phases   ] GC(149)   Post Evacuate Collection Set: 2.5ms
[2025-12-24T17:01:33.031+0000][gc,phases   ] GC(149)   Other: 0.2ms
[2025-12-24T17:01:33.031+0000][gc,heap     ] GC(149) Eden regions: 610->0(611)
[2025-12-24T17:01:33.031+0000][gc,heap     ] GC(149) Survivor regions: 4->3(77)
[2025-12-24T17:01:33.031+0000][gc,heap     ] GC(149) Old regions: 21->21
[2025-12-24T17:01:33.031+0000][gc,heap     ] GC(149) Humongous regions: 20->20
[2025-12-24T17:01:33.032+0000][gc,metaspace] GC(149) Metaspace: 12386K(12800K)->12386K(12800K) NonClass: 11293K(11456K)->11293K(11456K) Class: 1093K(1344K)->1093K(1344K)
[2025-12-24T17:01:33.032+0000][gc          ] GC(149) Pause Young (Normal) (G1 Evacuation Pause) 654M->43M(1024M) 11.895ms
[2025-12-24T17:01:33.032+0000][gc,cpu      ] GC(149) User=0.07s Sys=0.00s Real=0.01s
[2025-12-24T17:02:23.196+0000][gc,start    ] GC(150) Pause Young (Normal) (G1 Evacuation Pause)
[2025-12-24T17:02:23.197+0000][gc,task     ] GC(150) Using 8 workers of 8 for evacuation
[2025-12-24T17:02:23.207+0000][gc,phases   ] GC(150)   Pre Evacuate Collection Set: 1.0ms
[2025-12-24T17:02:23.207+0000][gc,phases   ] GC(150)   Merge Heap Roots: 0.1ms
[2025-12-24T17:02:23.207+0000][gc,phases   ] GC(150)   Evacuate Collection Set: 7.4ms
[2025-12-24T17:02:23.207+0000][gc,phases   ] GC(150)   Post Evacuate Collection Set: 0.9ms
[2025-12-24T17:02:23.207+0000][gc,phases   ] GC(150)   Other: 0.2ms
[2025-12-24T17:02:23.207+0000][gc,heap     ] GC(150) Eden regions: 611->0(610)
[2025-12-24T17:02:23.207+0000][gc,heap     ] GC(150) Survivor regions: 3->4(77)
[2025-12-24T17:02:23.207+0000][gc,heap     ] GC(150) Old regions: 21->22
[2025-12-24T17:02:23.207+0000][gc,heap     ] GC(150) Humongous regions: 20->20
[2025-12-24T17:02:23.207+0000][gc,metaspace] GC(150) Metaspace: 12388K(12800K)->12388K(12800K) NonClass: 11294K(11456K)->11294K(11456K) Class: 1093K(1344K)->1093K(1344K)
[2025-12-24T17:02:23.207+0000][gc          ] GC(150) Pause Young (Normal) (G1 Evacuation Pause) 654M->44M(1024M) 10.650ms
[2025-12-24T17:02:23.207+0000][gc,cpu      ] GC(150) User=0.07s Sys=0.00s Real=0.01s
[2025-12-24T17:03:23.250+0000][gc,start    ] GC(151) Pause Young (Normal) (G1 Evacuation Pause)
[2025-12-24T17:03:23.251+0000][gc,task     ] GC(151) Using 8 workers of 8 for evacuation
[2025-12-24T17:03:23.279+0000][gc,phases   ] GC(151)   Pre Evacuate Collection Set: 1.9ms
[2025-12-24T17:03:23.279+0000][gc,phases   ] GC(151)   Merge Heap Roots: 2.1ms
[2025-12-24T17:03:23.280+0000][gc,phases   ] GC(151)   Evacuate Collection Set: 17.6ms
[2025-12-24T17:03:23.280+0000][gc,phases   ] GC(151)   Post Evacuate Collection Set: 5.6ms
[2025-12-24T17:03:23.280+0000][gc,phases   ] GC(151)   Other: 0.8ms
[2025-12-24T17:03:23.280+0000][gc,heap     ] GC(151) Eden regions: 610->0(611)
[2025-12-24T17:03:23.280+0000][gc,heap     ] GC(151) Survivor regions: 4->3(77)
[2025-12-24T17:03:23.280+0000][gc,heap     ] GC(151) Old regions: 22->22
[2025-12-24T17:03:23.280+0000][gc,heap     ] GC(151) Humongous regions: 20->20
[2025-12-24T17:03:23.281+0000][gc,metaspace] GC(151) Metaspace: 12388K(12800K)->12388K(12800K) NonClass: 11294K(11456K)->11294K(11456K) Class: 1093K(1344K)->1093K(1344K)
[2025-12-24T17:03:23.281+0000][gc          ] GC(151) Pause Young (Normal) (G1 Evacuation Pause) 654M->43M(1024M) 31.088ms
[2025-12-24T17:03:23.282+0000][gc,cpu      ] GC(151) User=0.11s Sys=0.01s Real=0.03s
[2025-12-24T17:04:13.211+0000][gc,start    ] GC(152) Pause Young (Normal) (G1 Evacuation Pause)
[2025-12-24T17:04:13.212+0000][gc,task     ] GC(152) Using 8 workers of 8 for evacuation
[2025-12-24T17:04:13.218+0000][gc,phases   ] GC(152)   Pre Evacuate Collection Set: 1.1ms
[2025-12-24T17:04:13.218+0000][gc,phases   ] GC(152)   Merge Heap Roots: 0.2ms
[2025-12-24T17:04:13.218+0000][gc,phases   ] GC(152)   Evacuate Collection Set: 3.6ms
[2025-12-24T17:04:13.218+0000][gc,phases   ] GC(152)   Post Evacuate Collection Set: 1.0ms
[2025-12-24T17:04:13.218+0000][gc,phases   ] GC(152)   Other: 0.2ms
[2025-12-24T17:04:13.218+0000][gc,heap     ] GC(152) Eden regions: 611->0(610)
[2025-12-24T17:04:13.218+0000][gc,heap     ] GC(152) Survivor regions: 3->4(77)
[2025-12-24T17:04:13.218+0000][gc,heap     ] GC(152) Old regions: 22->22
[2025-12-24T17:04:13.218+0000][gc,heap     ] GC(152) Humongous regions: 20->20
[2025-12-24T17:04:13.218+0000][gc,metaspace] GC(152) Metaspace: 12388K(12800K)->12388K(12800K) NonClass: 11294K(11456K)->11294K(11456K) Class: 1093K(1344K)->1093K(1344K)
[2025-12-24T17:04:13.218+0000][gc          ] GC(152) Pause Young (Normal) (G1 Evacuation Pause) 654M->44M(1024M) 7.257ms
[2025-12-24T17:04:13.218+0000][gc,cpu      ] GC(152) User=0.03s Sys=0.00s Real=0.01s
[2025-12-24T17:05:13.046+0000][gc,start    ] GC(153) Pause Young (Normal) (G1 Evacuation Pause)
[2025-12-24T17:05:13.047+0000][gc,task     ] GC(153) Using 8 workers of 8 for evacuation
[2025-12-24T17:05:13.057+0000][gc,phases   ] GC(153)   Pre Evacuate Collection Set: 1.3ms
[2025-12-24T17:05:13.057+0000][gc,phases   ] GC(153)   Merge Heap Roots: 0.2ms
[2025-12-24T17:05:13.057+0000][gc,phases   ] GC(153)   Evacuate Collection Set: 7.5ms
[2025-12-24T17:05:13.057+0000][gc,phases   ] GC(153)   Post Evacuate Collection Set: 1.2ms
[2025-12-24T17:05:13.057+0000][gc,phases   ] GC(153)   Other: 0.2ms
[2025-12-24T17:05:13.057+0000][gc,heap     ] GC(153) Eden regions: 610->0(611)
[2025-12-24T17:05:13.057+0000][gc,heap     ] GC(153) Survivor regions: 4->3(77)
[2025-12-24T17:05:13.058+0000][gc,heap     ] GC(153) Old regions: 22->22
[2025-12-24T17:05:13.058+0000][gc,heap     ] GC(153) Humongous regions: 20->20
[2025-12-24T17:05:13.058+0000][gc,metaspace] GC(153) Metaspace: 12388K(12800K)->12388K(12800K) NonClass: 11294K(11456K)->11294K(11456K) Class: 1093K(1344K)->1093K(1344K)
[2025-12-24T17:05:13.058+0000][gc          ] GC(153) Pause Young (Normal) (G1 Evacuation Pause) 654M->44M(1024M) 11.739ms
[2025-12-24T17:05:13.058+0000][gc,cpu      ] GC(153) User=0.05s Sys=0.01s Real=0.01s
[2025-12-24T17:06:03.227+0000][gc,start    ] GC(154) Pause Young (Normal) (G1 Evacuation Pause)
[2025-12-24T17:06:03.229+0000][gc,task     ] GC(154) Using 8 workers of 8 for evacuation
[2025-12-24T17:06:03.236+0000][gc,phases   ] GC(154)   Pre Evacuate Collection Set: 1.4ms
[2025-12-24T17:06:03.236+0000][gc,phases   ] GC(154)   Merge Heap Roots: 0.2ms
[2025-12-24T17:06:03.236+0000][gc,phases   ] GC(154)   Evacuate Collection Set: 4.0ms
[2025-12-24T17:06:03.236+0000][gc,phases   ] GC(154)   Post Evacuate Collection Set: 1.2ms
[2025-12-24T17:06:03.237+0000][gc,phases   ] GC(154)   Other: 0.4ms
[2025-12-24T17:06:03.237+0000][gc,heap     ] GC(154) Eden regions: 611->0(609)
[2025-12-24T17:06:03.237+0000][gc,heap     ] GC(154) Survivor regions: 3->5(77)
[2025-12-24T17:06:03.237+0000][gc,heap     ] GC(154) Old regions: 22->22
[2025-12-24T17:06:03.237+0000][gc,heap     ] GC(154) Humongous regions: 20->20
[2025-12-24T17:06:03.237+0000][gc,metaspace] GC(154) Metaspace: 12388K(12800K)->12388K(12800K) NonClass: 11295K(11456K)->11295K(11456K) Class: 1093K(1344K)->1093K(1344K)
[2025-12-24T17:06:03.237+0000][gc          ] GC(154) Pause Young (Normal) (G1 Evacuation Pause) 655M->45M(1024M) 9.740ms
[2025-12-24T17:06:03.237+0000][gc,cpu      ] GC(154) User=0.04s Sys=0.00s Real=0.01s
[2025-12-24T17:07:03.181+0000][gc,start    ] GC(155) Pause Young (Normal) (G1 Evacuation Pause)
[2025-12-24T17:07:03.182+0000][gc,task     ] GC(155) Using 8 workers of 8 for evacuation
[2025-12-24T17:07:03.190+0000][gc,phases   ] GC(155)   Pre Evacuate Collection Set: 1.3ms
[2025-12-24T17:07:03.190+0000][gc,phases   ] GC(155)   Merge Heap Roots: 0.2ms
[2025-12-24T17:07:03.190+0000][gc,phases   ] GC(155)   Evacuate Collection Set: 4.7ms
[2025-12-24T17:07:03.190+0000][gc,phases   ] GC(155)   Post Evacuate Collection Set: 1.2ms
[2025-12-24T17:07:03.190+0000][gc,phases   ] GC(155)   Other: 0.5ms
[2025-12-24T17:07:03.190+0000][gc,heap     ] GC(155) Eden regions: 609->0(610)
[2025-12-24T17:07:03.190+0000][gc,heap     ] GC(155) Survivor regions: 5->4(77)
[2025-12-24T17:07:03.190+0000][gc,heap     ] GC(155) Old regions: 22->22
[2025-12-24T17:07:03.190+0000][gc,heap     ] GC(155) Humongous regions: 20->20
[2025-12-24T17:07:03.190+0000][gc,metaspace] GC(155) Metaspace: 12392K(12800K)->12392K(12800K) NonClass: 11298K(11456K)->11298K(11456K) Class: 1093K(1344K)->1093K(1344K)
[2025-12-24T17:07:03.190+0000][gc          ] GC(155) Pause Young (Normal) (G1 Evacuation Pause) 654M->44M(1024M) 9.227ms
[2025-12-24T17:07:03.191+0000][gc,cpu      ] GC(155) User=0.04s Sys=0.00s Real=0.01s
[2025-12-24T17:07:53.191+0000][gc,start    ] GC(156) Pause Young (Normal) (G1 Evacuation Pause)
[2025-12-24T17:07:53.192+0000][gc,task     ] GC(156) Using 8 workers of 8 for evacuation
[2025-12-24T17:07:53.202+0000][gc,phases   ] GC(156)   Pre Evacuate Collection Set: 1.0ms
[2025-12-24T17:07:53.202+0000][gc,phases   ] GC(156)   Merge Heap Roots: 0.2ms
[2025-12-24T17:07:53.202+0000][gc,phases   ] GC(156)   Evacuate Collection Set: 5.9ms
[2025-12-24T17:07:53.202+0000][gc,phases   ] GC(156)   Post Evacuate Collection Set: 2.2ms
[2025-12-24T17:07:53.202+0000][gc,phases   ] GC(156)   Other: 0.4ms
[2025-12-24T17:07:53.202+0000][gc,heap     ] GC(156) Eden regions: 610->0(610)
[2025-12-24T17:07:53.202+0000][gc,heap     ] GC(156) Survivor regions: 4->4(77)
[2025-12-24T17:07:53.202+0000][gc,heap     ] GC(156) Old regions: 22->22
[2025-12-24T17:07:53.202+0000][gc,heap     ] GC(156) Humongous regions: 20->20
[2025-12-24T17:07:53.202+0000][gc,metaspace] GC(156) Metaspace: 12392K(12800K)->12392K(12800K) NonClass: 11298K(11456K)->11298K(11456K) Class: 1093K(1344K)->1093K(1344K)
[2025-12-24T17:07:53.203+0000][gc          ] GC(156) Pause Young (Normal) (G1 Evacuation Pause) 654M->45M(1024M) 11.380ms
[2025-12-24T17:07:53.203+0000][gc,cpu      ] GC(156) User=0.06s Sys=0.00s Real=0.01s
[2025-12-24T17:08:53.038+0000][gc,start    ] GC(157) Pause Young (Normal) (G1 Evacuation Pause)
[2025-12-24T17:08:53.038+0000][gc,task     ] GC(157) Using 8 workers of 8 for evacuation
[2025-12-24T17:08:53.047+0000][gc,phases   ] GC(157)   Pre Evacuate Collection Set: 1.1ms
[2025-12-24T17:08:53.047+0000][gc,phases   ] GC(157)   Merge Heap Roots: 0.2ms
[2025-12-24T17:08:53.047+0000][gc,phases   ] GC(157)   Evacuate Collection Set: 4.1ms
[2025-12-24T17:08:53.047+0000][gc,phases   ] GC(157)   Post Evacuate Collection Set: 3.1ms
[2025-12-24T17:08:53.048+0000][gc,phases   ] GC(157)   Other: 0.4ms
[2025-12-24T17:08:53.048+0000][gc,heap     ] GC(157) Eden regions: 610->0(610)
[2025-12-24T17:08:53.048+0000][gc,heap     ] GC(157) Survivor regions: 4->4(77)
[2025-12-24T17:08:53.048+0000][gc,heap     ] GC(157) Old regions: 22->22
[2025-12-24T17:08:53.048+0000][gc,heap     ] GC(157) Humongous regions: 20->20
[2025-12-24T17:08:53.048+0000][gc,metaspace] GC(157) Metaspace: 12392K(12800K)->12392K(12800K) NonClass: 11298K(11456K)->11298K(11456K) Class: 1093K(1344K)->1093K(1344K)
[2025-12-24T17:08:53.048+0000][gc          ] GC(157) Pause Young (Normal) (G1 Evacuation Pause) 655M->44M(1024M) 10.581ms
[2025-12-24T17:08:53.048+0000][gc,cpu      ] GC(157) User=0.05s Sys=0.00s Real=0.01s
[2025-12-24T17:09:43.326+0000][gc,start    ] GC(158) Pause Young (Normal) (G1 Evacuation Pause)
[2025-12-24T17:09:43.327+0000][gc,task     ] GC(158) Using 8 workers of 8 for evacuation
[2025-12-24T17:09:43.342+0000][gc,phases   ] GC(158)   Pre Evacuate Collection Set: 1.0ms
[2025-12-24T17:09:43.343+0000][gc,phases   ] GC(158)   Merge Heap Roots: 0.2ms
[2025-12-24T17:09:43.343+0000][gc,phases   ] GC(158)   Evacuate Collection Set: 13.0ms
[2025-12-24T17:09:43.343+0000][gc,phases   ] GC(158)   Post Evacuate Collection Set: 1.3ms
[2025-12-24T17:09:43.343+0000][gc,phases   ] GC(158)   Other: 0.5ms
[2025-12-24T17:09:43.343+0000][gc,heap     ] GC(158) Eden regions: 610->0(609)
[2025-12-24T17:09:43.343+0000][gc,heap     ] GC(158) Survivor regions: 4->5(77)
[2025-12-24T17:09:43.343+0000][gc,heap     ] GC(158) Old regions: 22->22
[2025-12-24T17:09:43.343+0000][gc,heap     ] GC(158) Humongous regions: 20->20
[2025-12-24T17:09:43.343+0000][gc,metaspace] GC(158) Metaspace: 12392K(12800K)->12392K(12800K) NonClass: 11298K(11456K)->11298K(11456K) Class: 1093K(1344K)->1093K(1344K)
[2025-12-24T17:09:43.343+0000][gc          ] GC(158) Pause Young (Normal) (G1 Evacuation Pause) 654M->45M(1024M) 17.393ms
[2025-12-24T17:09:43.343+0000][gc,cpu      ] GC(158) User=0.10s Sys=0.00s Real=0.01s
[2025-12-24T17:10:43.019+0000][gc,start    ] GC(159) Pause Young (Normal) (G1 Evacuation Pause)
[2025-12-24T17:10:43.020+0000][gc,task     ] GC(159) Using 8 workers of 8 for evacuation
[2025-12-24T17:10:43.036+0000][gc,phases   ] GC(159)   Pre Evacuate Collection Set: 1.0ms
[2025-12-24T17:10:43.036+0000][gc,phases   ] GC(159)   Merge Heap Roots: 0.2ms
[2025-12-24T17:10:43.036+0000][gc,phases   ] GC(159)   Evacuate Collection Set: 13.6ms
[2025-12-24T17:10:43.036+0000][gc,phases   ] GC(159)   Post Evacuate Collection Set: 1.3ms
[2025-12-24T17:10:43.037+0000][gc,phases   ] GC(159)   Other: 0.4ms
[2025-12-24T17:10:43.037+0000][gc,heap     ] GC(159) Eden regions: 609->0(610)
[2025-12-24T17:10:43.037+0000][gc,heap     ] GC(159) Survivor regions: 5->4(77)
[2025-12-24T17:10:43.037+0000][gc,heap     ] GC(159) Old regions: 22->22
[2025-12-24T17:10:43.037+0000][gc,heap     ] GC(159) Humongous regions: 20->20
[2025-12-24T17:10:43.037+0000][gc,metaspace] GC(159) Metaspace: 12393K(12800K)->12393K(12800K) NonClass: 11299K(11456K)->11299K(11456K) Class: 1093K(1344K)->1093K(1344K)
[2025-12-24T17:10:43.037+0000][gc          ] GC(159) Pause Young (Normal) (G1 Evacuation Pause) 654M->44M(1024M) 17.944ms
[2025-12-24T17:10:43.037+0000][gc,cpu      ] GC(159) User=0.10s Sys=0.00s Real=0.02s
[2025-12-24T17:11:33.234+0000][gc,start    ] GC(160) Pause Young (Normal) (G1 Evacuation Pause)
[2025-12-24T17:11:33.235+0000][gc,task     ] GC(160) Using 8 workers of 8 for evacuation
[2025-12-24T17:11:33.249+0000][gc,phases   ] GC(160)   Pre Evacuate Collection Set: 1.0ms
[2025-12-24T17:11:33.249+0000][gc,phases   ] GC(160)   Merge Heap Roots: 0.2ms
[2025-12-24T17:11:33.249+0000][gc,phases   ] GC(160)   Evacuate Collection Set: 12.0ms
[2025-12-24T17:11:33.250+0000][gc,phases   ] GC(160)   Post Evacuate Collection Set: 1.1ms
[2025-12-24T17:11:33.250+0000][gc,phases   ] GC(160)   Other: 0.3ms
[2025-12-24T17:11:33.250+0000][gc,heap     ] GC(160) Eden regions: 610->0(609)
[2025-12-24T17:11:33.250+0000][gc,heap     ] GC(160) Survivor regions: 4->5(77)
[2025-12-24T17:11:33.250+0000][gc,heap     ] GC(160) Old regions: 22->22
[2025-12-24T17:11:33.250+0000][gc,heap     ] GC(160) Humongous regions: 20->20
[2025-12-24T17:11:33.250+0000][gc,metaspace] GC(160) Metaspace: 12395K(12800K)->12395K(12800K) NonClass: 11302K(11456K)->11302K(11456K) Class: 1093K(1344K)->1093K(1344K)
[2025-12-24T17:11:33.250+0000][gc          ] GC(160) Pause Young (Normal) (G1 Evacuation Pause) 654M->45M(1024M) 15.619ms
[2025-12-24T17:11:33.250+0000][gc,cpu      ] GC(160) User=0.09s Sys=0.00s Real=0.01s
[2025-12-24T17:12:33.019+0000][gc,start    ] GC(161) Pause Young (Normal) (G1 Evacuation Pause)
[2025-12-24T17:12:33.019+0000][gc,task     ] GC(161) Using 8 workers of 8 for evacuation
[2025-12-24T17:12:33.026+0000][gc,phases   ] GC(161)   Pre Evacuate Collection Set: 1.0ms
[2025-12-24T17:12:33.026+0000][gc,phases   ] GC(161)   Merge Heap Roots: 0.2ms
[2025-12-24T17:12:33.026+0000][gc,phases   ] GC(161)   Evacuate Collection Set: 3.2ms
[2025-12-24T17:12:33.026+0000][gc,phases   ] GC(161)   Post Evacuate Collection Set: 1.4ms
[2025-12-24T17:12:33.026+0000][gc,phases   ] GC(161)   Other: 0.5ms
[2025-12-24T17:12:33.026+0000][gc,heap     ] GC(161) Eden regions: 609->0(610)
[2025-12-24T17:12:33.026+0000][gc,heap     ] GC(161) Survivor regions: 5->4(77)
[2025-12-24T17:12:33.026+0000][gc,heap     ] GC(161) Old regions: 22->22
[2025-12-24T17:12:33.026+0000][gc,heap     ] GC(161) Humongous regions: 20->20
[2025-12-24T17:12:33.026+0000][gc,metaspace] GC(161) Metaspace: 12395K(12800K)->12395K(12800K) NonClass: 11302K(11456K)->11302K(11456K) Class: 1093K(1344K)->1093K(1344K)
[2025-12-24T17:12:33.027+0000][gc          ] GC(161) Pause Young (Normal) (G1 Evacuation Pause) 654M->45M(1024M) 8.099ms
[2025-12-24T17:12:33.027+0000][gc,cpu      ] GC(161) User=0.03s Sys=0.00s Real=0.01s
[2025-12-24T17:13:23.226+0000][gc,start    ] GC(162) Pause Young (Normal) (G1 Evacuation Pause)
[2025-12-24T17:13:23.226+0000][gc,task     ] GC(162) Using 8 workers of 8 for evacuation
[2025-12-24T17:13:23.244+0000][gc,phases   ] GC(162)   Pre Evacuate Collection Set: 0.9ms
[2025-12-24T17:13:23.244+0000][gc,phases   ] GC(162)   Merge Heap Roots: 0.2ms
[2025-12-24T17:13:23.244+0000][gc,phases   ] GC(162)   Evacuate Collection Set: 14.6ms
[2025-12-24T17:13:23.244+0000][gc,phases   ] GC(162)   Post Evacuate Collection Set: 1.4ms
[2025-12-24T17:13:23.244+0000][gc,phases   ] GC(162)   Other: 0.4ms
[2025-12-24T17:13:23.244+0000][gc,heap     ] GC(162) Eden regions: 610->0(609)
[2025-12-24T17:13:23.244+0000][gc,heap     ] GC(162) Survivor regions: 4->5(77)
[2025-12-24T17:13:23.244+0000][gc,heap     ] GC(162) Old regions: 22->22
[2025-12-24T17:13:23.244+0000][gc,heap     ] GC(162) Humongous regions: 20->20
[2025-12-24T17:13:23.244+0000][gc,metaspace] GC(162) Metaspace: 12396K(12800K)->12396K(12800K) NonClass: 11302K(11456K)->11302K(11456K) Class: 1093K(1344K)->1093K(1344K)
[2025-12-24T17:13:23.245+0000][gc          ] GC(162) Pause Young (Normal) (G1 Evacuation Pause) 655M->45M(1024M) 19.047ms
[2025-12-24T17:13:23.245+0000][gc,cpu      ] GC(162) User=0.11s Sys=0.01s Real=0.02s
[2025-12-24T17:14:23.064+0000][gc,start    ] GC(163) Pause Young (Normal) (G1 Evacuation Pause)
[2025-12-24T17:14:23.065+0000][gc,task     ] GC(163) Using 8 workers of 8 for evacuation
[2025-12-24T17:14:23.073+0000][gc,phases   ] GC(163)   Pre Evacuate Collection Set: 1.1ms
[2025-12-24T17:14:23.073+0000][gc,phases   ] GC(163)   Merge Heap Roots: 0.2ms
[2025-12-24T17:14:23.073+0000][gc,phases   ] GC(163)   Evacuate Collection Set: 4.9ms
[2025-12-24T17:14:23.073+0000][gc,phases   ] GC(163)   Post Evacuate Collection Set: 1.5ms
[2025-12-24T17:14:23.073+0000][gc,phases   ] GC(163)   Other: 0.3ms
[2025-12-24T17:14:23.073+0000][gc,heap     ] GC(163) Eden regions: 609->0(610)
[2025-12-24T17:14:23.073+0000][gc,heap     ] GC(163) Survivor regions: 5->4(77)
[2025-12-24T17:14:23.073+0000][gc,heap     ] GC(163) Old regions: 22->22
[2025-12-24T17:14:23.073+0000][gc,heap     ] GC(163) Humongous regions: 20->20
[2025-12-24T17:14:23.073+0000][gc,metaspace] GC(163) Metaspace: 12396K(12800K)->12396K(12800K) NonClass: 11302K(11456K)->11302K(11456K) Class: 1093K(1344K)->1093K(1344K)
[2025-12-24T17:14:23.073+0000][gc          ] GC(163) Pause Young (Normal) (G1 Evacuation Pause) 654M->45M(1024M) 8.889ms
[2025-12-24T17:14:23.073+0000][gc,cpu      ] GC(163) User=0.04s Sys=0.00s Real=0.01s
[2025-12-24T17:15:13.220+0000][gc,start    ] GC(164) Pause Young (Normal) (G1 Evacuation Pause)
[2025-12-24T17:15:13.221+0000][gc,task     ] GC(164) Using 8 workers of 8 for evacuation
[2025-12-24T17:15:13.238+0000][gc,phases   ] GC(164)   Pre Evacuate Collection Set: 3.3ms
[2025-12-24T17:15:13.238+0000][gc,phases   ] GC(164)   Merge Heap Roots: 1.0ms
[2025-12-24T17:15:13.238+0000][gc,phases   ] GC(164)   Evacuate Collection Set: 11.0ms
[2025-12-24T17:15:13.238+0000][gc,phases   ] GC(164)   Post Evacuate Collection Set: 1.0ms
[2025-12-24T17:15:13.238+0000][gc,phases   ] GC(164)   Other: 0.5ms
[2025-12-24T17:15:13.238+0000][gc,heap     ] GC(164) Eden regions: 610->0(609)
[2025-12-24T17:15:13.238+0000][gc,heap     ] GC(164) Survivor regions: 4->5(77)
[2025-12-24T17:15:13.238+0000][gc,heap     ] GC(164) Old regions: 22->22
[2025-12-24T17:15:13.238+0000][gc,heap     ] GC(164) Humongous regions: 20->20
[2025-12-24T17:15:13.238+0000][gc,metaspace] GC(164) Metaspace: 12396K(12800K)->12396K(12800K) NonClass: 11302K(11456K)->11302K(11456K) Class: 1093K(1344K)->1093K(1344K)
[2025-12-24T17:15:13.238+0000][gc          ] GC(164) Pause Young (Normal) (G1 Evacuation Pause) 655M->46M(1024M) 18.067ms
[2025-12-24T17:15:13.238+0000][gc,cpu      ] GC(164) User=0.11s Sys=0.00s Real=0.02s
[2025-12-24T17:16:13.084+0000][gc,start    ] GC(165) Pause Young (Normal) (G1 Evacuation Pause)
[2025-12-24T17:16:13.088+0000][gc,task     ] GC(165) Using 8 workers of 8 for evacuation
[2025-12-24T17:16:13.103+0000][gc,phases   ] GC(165)   Pre Evacuate Collection Set: 1.3ms
[2025-12-24T17:16:13.105+0000][gc,phases   ] GC(165)   Merge Heap Roots: 0.2ms
[2025-12-24T17:16:13.106+0000][gc,phases   ] GC(165)   Evacuate Collection Set: 11.1ms
[2025-12-24T17:16:13.106+0000][gc,phases   ] GC(165)   Post Evacuate Collection Set: 1.9ms
[2025-12-24T17:16:13.106+0000][gc,phases   ] GC(165)   Other: 0.6ms
[2025-12-24T17:16:13.106+0000][gc,heap     ] GC(165) Eden regions: 609->0(610)
[2025-12-24T17:16:13.106+0000][gc,heap     ] GC(165) Survivor regions: 5->4(77)
[2025-12-24T17:16:13.106+0000][gc,heap     ] GC(165) Old regions: 22->22
[2025-12-24T17:16:13.106+0000][gc,heap     ] GC(165) Humongous regions: 20->20
[2025-12-24T17:16:13.106+0000][gc,metaspace] GC(165) Metaspace: 12400K(12800K)->12400K(12800K) NonClass: 11306K(11456K)->11306K(11456K) Class: 1093K(1344K)->1093K(1344K)
[2025-12-24T17:16:13.106+0000][gc          ] GC(165) Pause Young (Normal) (G1 Evacuation Pause) 655M->45M(1024M) 22.195ms
[2025-12-24T17:16:13.107+0000][gc,cpu      ] GC(165) User=0.09s Sys=0.00s Real=0.02s
[2025-12-24T17:17:03.241+0000][gc,start    ] GC(166) Pause Young (Normal) (G1 Evacuation Pause)
[2025-12-24T17:17:03.242+0000][gc,task     ] GC(166) Using 8 workers of 8 for evacuation
[2025-12-24T17:17:03.256+0000][gc,phases   ] GC(166)   Pre Evacuate Collection Set: 1.2ms
[2025-12-24T17:17:03.256+0000][gc,phases   ] GC(166)   Merge Heap Roots: 0.6ms
[2025-12-24T17:17:03.256+0000][gc,phases   ] GC(166)   Evacuate Collection Set: 10.2ms
[2025-12-24T17:17:03.256+0000][gc,phases   ] GC(166)   Post Evacuate Collection Set: 1.3ms
[2025-12-24T17:17:03.256+0000][gc,phases   ] GC(166)   Other: 0.9ms
[2025-12-24T17:17:03.256+0000][gc,heap     ] GC(166) Eden regions: 610->0(609)
[2025-12-24T17:17:03.256+0000][gc,heap     ] GC(166) Survivor regions: 4->5(77)
[2025-12-24T17:17:03.256+0000][gc,heap     ] GC(166) Old regions: 22->22
[2025-12-24T17:17:03.256+0000][gc,heap     ] GC(166) Humongous regions: 20->20
[2025-12-24T17:17:03.257+0000][gc,metaspace] GC(166) Metaspace: 12400K(12800K)->12400K(12800K) NonClass: 11306K(11456K)->11306K(11456K) Class: 1093K(1344K)->1093K(1344K)
[2025-12-24T17:17:03.257+0000][gc          ] GC(166) Pause Young (Normal) (G1 Evacuation Pause) 655M->46M(1024M) 15.344ms
[2025-12-24T17:17:03.257+0000][gc,cpu      ] GC(166) User=0.10s Sys=0.00s Real=0.01s
[2025-12-24T17:18:03.048+0000][gc,start    ] GC(167) Pause Young (Normal) (G1 Evacuation Pause)
[2025-12-24T17:18:03.048+0000][gc,task     ] GC(167) Using 8 workers of 8 for evacuation
[2025-12-24T17:18:03.061+0000][gc,phases   ] GC(167)   Pre Evacuate Collection Set: 1.1ms
[2025-12-24T17:18:03.061+0000][gc,phases   ] GC(167)   Merge Heap Roots: 0.2ms
[2025-12-24T17:18:03.061+0000][gc,phases   ] GC(167)   Evacuate Collection Set: 8.9ms
[2025-12-24T17:18:03.061+0000][gc,phases   ] GC(167)   Post Evacuate Collection Set: 2.0ms
[2025-12-24T17:18:03.061+0000][gc,phases   ] GC(167)   Other: 0.3ms
[2025-12-24T17:18:03.061+0000][gc,heap     ] GC(167) Eden regions: 609->0(610)
[2025-12-24T17:18:03.061+0000][gc,heap     ] GC(167) Survivor regions: 5->4(77)
[2025-12-24T17:18:03.061+0000][gc,heap     ] GC(167) Old regions: 22->22
[2025-12-24T17:18:03.061+0000][gc,heap     ] GC(167) Humongous regions: 20->20
[2025-12-24T17:18:03.061+0000][gc,metaspace] GC(167) Metaspace: 12400K(12800K)->12400K(12800K) NonClass: 11306K(11456K)->11306K(11456K) Class: 1093K(1344K)->1093K(1344K)
[2025-12-24T17:18:03.062+0000][gc          ] GC(167) Pause Young (Normal) (G1 Evacuation Pause) 655M->45M(1024M) 13.683ms
[2025-12-24T17:18:03.062+0000][gc,cpu      ] GC(167) User=0.08s Sys=0.00s Real=0.01s
[2025-12-24T17:18:53.402+0000][gc,start    ] GC(168) Pause Young (Normal) (G1 Evacuation Pause)
[2025-12-24T17:18:53.403+0000][gc,task     ] GC(168) Using 8 workers of 8 for evacuation
[2025-12-24T17:18:53.413+0000][gc,phases   ] GC(168)   Pre Evacuate Collection Set: 1.2ms
[2025-12-24T17:18:53.414+0000][gc,phases   ] GC(168)   Merge Heap Roots: 0.3ms
[2025-12-24T17:18:53.414+0000][gc,phases   ] GC(168)   Evacuate Collection Set: 6.4ms
[2025-12-24T17:18:53.414+0000][gc,phases   ] GC(168)   Post Evacuate Collection Set: 2.3ms
[2025-12-24T17:18:53.414+0000][gc,phases   ] GC(168)   Other: 0.6ms
[2025-12-24T17:18:53.414+0000][gc,heap     ] GC(168) Eden regions: 610->0(609)
[2025-12-24T17:18:53.414+0000][gc,heap     ] GC(168) Survivor regions: 4->5(77)
[2025-12-24T17:18:53.414+0000][gc,heap     ] GC(168) Old regions: 22->23
[2025-12-24T17:18:53.414+0000][gc,heap     ] GC(168) Humongous regions: 20->20
[2025-12-24T17:18:53.414+0000][gc,metaspace] GC(168) Metaspace: 12400K(12800K)->12400K(12800K) NonClass: 11306K(11456K)->11306K(11456K) Class: 1093K(1344K)->1093K(1344K)
[2025-12-24T17:18:53.414+0000][gc          ] GC(168) Pause Young (Normal) (G1 Evacuation Pause) 655M->46M(1024M) 12.039ms
[2025-12-24T17:18:53.414+0000][gc,cpu      ] GC(168) User=0.06s Sys=0.00s Real=0.01s
[2025-12-24T17:19:53.128+0000][gc,start    ] GC(169) Pause Young (Normal) (G1 Evacuation Pause)
[2025-12-24T17:19:53.129+0000][gc,task     ] GC(169) Using 8 workers of 8 for evacuation
[2025-12-24T17:19:53.138+0000][gc,phases   ] GC(169)   Pre Evacuate Collection Set: 1.2ms
[2025-12-24T17:19:53.138+0000][gc,phases   ] GC(169)   Merge Heap Roots: 0.3ms
[2025-12-24T17:19:53.138+0000][gc,phases   ] GC(169)   Evacuate Collection Set: 6.0ms
[2025-12-24T17:19:53.138+0000][gc,phases   ] GC(169)   Post Evacuate Collection Set: 1.2ms
[2025-12-24T17:19:53.138+0000][gc,phases   ] GC(169)   Other: 0.5ms
[2025-12-24T17:19:53.138+0000][gc,heap     ] GC(169) Eden regions: 609->0(610)
[2025-12-24T17:19:53.138+0000][gc,heap     ] GC(169) Survivor regions: 5->4(77)
[2025-12-24T17:19:53.138+0000][gc,heap     ] GC(169) Old regions: 23->23
[2025-12-24T17:19:53.138+0000][gc,heap     ] GC(169) Humongous regions: 20->20
[2025-12-24T17:19:53.138+0000][gc,metaspace] GC(169) Metaspace: 12400K(12800K)->12400K(12800K) NonClass: 11306K(11456K)->11306K(11456K) Class: 1093K(1344K)->1093K(1344K)
[2025-12-24T17:19:53.138+0000][gc          ] GC(169) Pause Young (Normal) (G1 Evacuation Pause) 655M->46M(1024M) 10.598ms
[2025-12-24T17:19:53.138+0000][gc,cpu      ] GC(169) User=0.05s Sys=0.01s Real=0.01s
[2025-12-24T17:20:43.282+0000][gc,start    ] GC(170) Pause Young (Normal) (G1 Evacuation Pause)
[2025-12-24T17:20:43.283+0000][gc,task     ] GC(170) Using 8 workers of 8 for evacuation
[2025-12-24T17:20:43.298+0000][gc,phases   ] GC(170)   Pre Evacuate Collection Set: 3.3ms
[2025-12-24T17:20:43.298+0000][gc,phases   ] GC(170)   Merge Heap Roots: 0.3ms
[2025-12-24T17:20:43.298+0000][gc,phases   ] GC(170)   Evacuate Collection Set: 9.9ms
[2025-12-24T17:20:43.298+0000][gc,phases   ] GC(170)   Post Evacuate Collection Set: 1.3ms
[2025-12-24T17:20:43.298+0000][gc,phases   ] GC(170)   Other: 0.2ms
[2025-12-24T17:20:43.298+0000][gc,heap     ] GC(170) Eden regions: 610->0(609)
[2025-12-24T17:20:43.298+0000][gc,heap     ] GC(170) Survivor regions: 4->5(77)
[2025-12-24T17:20:43.298+0000][gc,heap     ] GC(170) Old regions: 23->23
[2025-12-24T17:20:43.298+0000][gc,heap     ] GC(170) Humongous regions: 20->20
[2025-12-24T17:20:43.298+0000][gc,metaspace] GC(170) Metaspace: 12402K(12800K)->12402K(12800K) NonClass: 11308K(11456K)->11308K(11456K) Class: 1093K(1344K)->1093K(1344K)
[2025-12-24T17:20:43.298+0000][gc          ] GC(170) Pause Young (Normal) (G1 Evacuation Pause) 656M->46M(1024M) 16.211ms
[2025-12-24T17:20:43.299+0000][gc,cpu      ] GC(170) User=0.09s Sys=0.00s Real=0.02s
[2025-12-24T17:21:43.037+0000][gc,start    ] GC(171) Pause Young (Normal) (G1 Evacuation Pause)
[2025-12-24T17:21:43.038+0000][gc,task     ] GC(171) Using 8 workers of 8 for evacuation
[2025-12-24T17:21:43.058+0000][gc,phases   ] GC(171)   Pre Evacuate Collection Set: 1.7ms
[2025-12-24T17:21:43.058+0000][gc,phases   ] GC(171)   Merge Heap Roots: 0.3ms
[2025-12-24T17:21:43.059+0000][gc,phases   ] GC(171)   Evacuate Collection Set: 16.0ms
[2025-12-24T17:21:43.059+0000][gc,phases   ] GC(171)   Post Evacuate Collection Set: 1.6ms
[2025-12-24T17:21:43.059+0000][gc,phases   ] GC(171)   Other: 0.5ms
[2025-12-24T17:21:43.060+0000][gc,heap     ] GC(171) Eden regions: 609->0(609)
[2025-12-24T17:21:43.060+0000][gc,heap     ] GC(171) Survivor regions: 5->5(77)
[2025-12-24T17:21:43.061+0000][gc,heap     ] GC(171) Old regions: 23->23
[2025-12-24T17:21:43.061+0000][gc,heap     ] GC(171) Humongous regions: 20->20
[2025-12-24T17:21:43.061+0000][gc,metaspace] GC(171) Metaspace: 12404K(12800K)->12404K(12800K) NonClass: 11310K(11456K)->11310K(11456K) Class: 1093K(1344K)->1093K(1344K)
[2025-12-24T17:21:43.061+0000][gc          ] GC(171) Pause Young (Normal) (G1 Evacuation Pause) 655M->46M(1024M) 24.115ms
[2025-12-24T17:21:43.061+0000][gc,cpu      ] GC(171) User=0.07s Sys=0.01s Real=0.02s
[2025-12-24T17:22:33.262+0000][gc,start    ] GC(172) Pause Young (Normal) (G1 Evacuation Pause)
[2025-12-24T17:22:33.263+0000][gc,task     ] GC(172) Using 8 workers of 8 for evacuation
[2025-12-24T17:22:33.277+0000][gc,phases   ] GC(172)   Pre Evacuate Collection Set: 2.2ms
[2025-12-24T17:22:33.277+0000][gc,phases   ] GC(172)   Merge Heap Roots: 0.4ms
[2025-12-24T17:22:33.277+0000][gc,phases   ] GC(172)   Evacuate Collection Set: 10.4ms
[2025-12-24T17:22:33.277+0000][gc,phases   ] GC(172)   Post Evacuate Collection Set: 1.4ms
[2025-12-24T17:22:33.277+0000][gc,phases   ] GC(172)   Other: 0.3ms
[2025-12-24T17:22:33.277+0000][gc,heap     ] GC(172) Eden regions: 609->0(609)
[2025-12-24T17:22:33.277+0000][gc,heap     ] GC(172) Survivor regions: 5->5(77)
[2025-12-24T17:22:33.278+0000][gc,heap     ] GC(172) Old regions: 23->23
[2025-12-24T17:22:33.278+0000][gc,heap     ] GC(172) Humongous regions: 20->20
[2025-12-24T17:22:33.278+0000][gc,metaspace] GC(172) Metaspace: 12405K(12800K)->12405K(12800K) NonClass: 11312K(11456K)->11312K(11456K) Class: 1093K(1344K)->1093K(1344K)
[2025-12-24T17:22:33.278+0000][gc          ] GC(172) Pause Young (Normal) (G1 Evacuation Pause) 655M->47M(1024M) 15.561ms
[2025-12-24T17:22:33.278+0000][gc,cpu      ] GC(172) User=0.10s Sys=0.00s Real=0.02s
[2025-12-24T17:23:33.063+0000][gc,start    ] GC(173) Pause Young (Normal) (G1 Evacuation Pause)
[2025-12-24T17:23:33.064+0000][gc,task     ] GC(173) Using 8 workers of 8 for evacuation
[2025-12-24T17:23:33.075+0000][gc,phases   ] GC(173)   Pre Evacuate Collection Set: 1.3ms
[2025-12-24T17:23:33.076+0000][gc,phases   ] GC(173)   Merge Heap Roots: 0.3ms
[2025-12-24T17:23:33.076+0000][gc,phases   ] GC(173)   Evacuate Collection Set: 5.8ms
[2025-12-24T17:23:33.076+0000][gc,phases   ] GC(173)   Post Evacuate Collection Set: 3.3ms
[2025-12-24T17:23:33.076+0000][gc,phases   ] GC(173)   Other: 0.9ms
[2025-12-24T17:23:33.076+0000][gc,heap     ] GC(173) Eden regions: 609->0(609)
[2025-12-24T17:23:33.076+0000][gc,heap     ] GC(173) Survivor regions: 5->5(77)
[2025-12-24T17:23:33.077+0000][gc,heap     ] GC(173) Old regions: 23->23
[2025-12-24T17:23:33.077+0000][gc,heap     ] GC(173) Humongous regions: 20->20
[2025-12-24T17:23:33.077+0000][gc,metaspace] GC(173) Metaspace: 12408K(12800K)->12408K(12800K) NonClass: 11314K(11456K)->11314K(11456K) Class: 1093K(1344K)->1093K(1344K)
[2025-12-24T17:23:33.078+0000][gc          ] GC(173) Pause Young (Normal) (G1 Evacuation Pause) 656M->46M(1024M) 14.820ms
[2025-12-24T17:23:33.078+0000][gc,cpu      ] GC(173) User=0.06s Sys=0.01s Real=0.01s
[2025-12-24T17:24:23.241+0000][gc,start    ] GC(174) Pause Young (Normal) (G1 Evacuation Pause)
[2025-12-24T17:24:23.242+0000][gc,task     ] GC(174) Using 8 workers of 8 for evacuation
[2025-12-24T17:24:23.257+0000][gc,phases   ] GC(174)   Pre Evacuate Collection Set: 1.4ms
[2025-12-24T17:24:23.257+0000][gc,phases   ] GC(174)   Merge Heap Roots: 0.2ms
[2025-12-24T17:24:23.257+0000][gc,phases   ] GC(174)   Evacuate Collection Set: 11.4ms
[2025-12-24T17:24:23.257+0000][gc,phases   ] GC(174)   Post Evacuate Collection Set: 1.8ms
[2025-12-24T17:24:23.257+0000][gc,phases   ] GC(174)   Other: 0.5ms
[2025-12-24T17:24:23.257+0000][gc,heap     ] GC(174) Eden regions: 609->0(609)
[2025-12-24T17:24:23.257+0000][gc,heap     ] GC(174) Survivor regions: 5->5(77)
[2025-12-24T17:24:23.258+0000][gc,heap     ] GC(174) Old regions: 23->23
[2025-12-24T17:24:23.258+0000][gc,heap     ] GC(174) Humongous regions: 20->20
[2025-12-24T17:24:23.258+0000][gc,metaspace] GC(174) Metaspace: 12410K(12800K)->12410K(12800K) NonClass: 11316K(11456K)->11316K(11456K) Class: 1093K(1344K)->1093K(1344K)
[2025-12-24T17:24:23.258+0000][gc          ] GC(174) Pause Young (Normal) (G1 Evacuation Pause) 655M->47M(1024M) 16.868ms
[2025-12-24T17:24:23.258+0000][gc,cpu      ] GC(174) User=0.07s Sys=0.00s Real=0.02s
[2025-12-24T17:25:23.010+0000][gc,start    ] GC(175) Pause Young (Normal) (G1 Evacuation Pause)
[2025-12-24T17:25:23.011+0000][gc,task     ] GC(175) Using 8 workers of 8 for evacuation
[2025-12-24T17:25:23.018+0000][gc,phases   ] GC(175)   Pre Evacuate Collection Set: 0.9ms
[2025-12-24T17:25:23.019+0000][gc,phases   ] GC(175)   Merge Heap Roots: 0.2ms
[2025-12-24T17:25:23.019+0000][gc,phases   ] GC(175)   Evacuate Collection Set: 5.2ms
[2025-12-24T17:25:23.019+0000][gc,phases   ] GC(175)   Post Evacuate Collection Set: 1.0ms
[2025-12-24T17:25:23.019+0000][gc,phases   ] GC(175)   Other: 0.4ms
[2025-12-24T17:25:23.019+0000][gc,heap     ] GC(175) Eden regions: 609->0(609)
[2025-12-24T17:25:23.019+0000][gc,heap     ] GC(175) Survivor regions: 5->5(77)
[2025-12-24T17:25:23.019+0000][gc,heap     ] GC(175) Old regions: 23->23
[2025-12-24T17:25:23.019+0000][gc,heap     ] GC(175) Humongous regions: 20->20
[2025-12-24T17:25:23.019+0000][gc,metaspace] GC(175) Metaspace: 12411K(12864K)->12411K(12864K) NonClass: 11318K(11520K)->11318K(11520K) Class: 1093K(1344K)->1093K(1344K)
[2025-12-24T17:25:23.019+0000][gc          ] GC(175) Pause Young (Normal) (G1 Evacuation Pause) 656M->47M(1024M) 8.988ms
[2025-12-24T17:25:23.019+0000][gc,cpu      ] GC(175) User=0.05s Sys=0.00s Real=0.01s
[2025-12-24T17:26:13.197+0000][gc,start    ] GC(176) Pause Young (Normal) (G1 Evacuation Pause)
[2025-12-24T17:26:13.198+0000][gc,task     ] GC(176) Using 8 workers of 8 for evacuation
[2025-12-24T17:26:13.208+0000][gc,phases   ] GC(176)   Pre Evacuate Collection Set: 1.0ms
[2025-12-24T17:26:13.208+0000][gc,phases   ] GC(176)   Merge Heap Roots: 0.2ms
[2025-12-24T17:26:13.208+0000][gc,phases   ] GC(176)   Evacuate Collection Set: 4.9ms
[2025-12-24T17:26:13.208+0000][gc,phases   ] GC(176)   Post Evacuate Collection Set: 1.2ms
[2025-12-24T17:26:13.208+0000][gc,phases   ] GC(176)   Other: 1.9ms
[2025-12-24T17:26:13.208+0000][gc,heap     ] GC(176) Eden regions: 609->0(608)
[2025-12-24T17:26:13.208+0000][gc,heap     ] GC(176) Survivor regions: 5->6(77)
[2025-12-24T17:26:13.208+0000][gc,heap     ] GC(176) Old regions: 23->23
[2025-12-24T17:26:13.208+0000][gc,heap     ] GC(176) Humongous regions: 20->20
[2025-12-24T17:26:13.208+0000][gc,metaspace] GC(176) Metaspace: 12411K(12864K)->12411K(12864K) NonClass: 11318K(11520K)->11318K(11520K) Class: 1093K(1344K)->1093K(1344K)
[2025-12-24T17:26:13.209+0000][gc          ] GC(176) Pause Young (Normal) (G1 Evacuation Pause) 656M->48M(1024M) 11.180ms
[2025-12-24T17:26:13.209+0000][gc,cpu      ] GC(176) User=0.05s Sys=0.00s Real=0.01s
[2025-12-24T17:27:13.045+0000][gc,start    ] GC(177) Pause Young (Normal) (G1 Evacuation Pause)
[2025-12-24T17:27:13.046+0000][gc,task     ] GC(177) Using 8 workers of 8 for evacuation
[2025-12-24T17:27:13.054+0000][gc,phases   ] GC(177)   Pre Evacuate Collection Set: 1.0ms
[2025-12-24T17:27:13.054+0000][gc,phases   ] GC(177)   Merge Heap Roots: 0.2ms
[2025-12-24T17:27:13.054+0000][gc,phases   ] GC(177)   Evacuate Collection Set: 5.6ms
[2025-12-24T17:27:13.054+0000][gc,phases   ] GC(177)   Post Evacuate Collection Set: 1.1ms
[2025-12-24T17:27:13.054+0000][gc,phases   ] GC(177)   Other: 0.4ms
[2025-12-24T17:27:13.054+0000][gc,heap     ] GC(177) Eden regions: 608->0(609)
[2025-12-24T17:27:13.054+0000][gc,heap     ] GC(177) Survivor regions: 6->5(77)
[2025-12-24T17:27:13.054+0000][gc,heap     ] GC(177) Old regions: 23->24
[2025-12-24T17:27:13.054+0000][gc,heap     ] GC(177) Humongous regions: 20->20
[2025-12-24T17:27:13.055+0000][gc,metaspace] GC(177) Metaspace: 12411K(12864K)->12411K(12864K) NonClass: 11318K(11520K)->11318K(11520K) Class: 1093K(1344K)->1093K(1344K)
[2025-12-24T17:27:13.055+0000][gc          ] GC(177) Pause Young (Normal) (G1 Evacuation Pause) 656M->47M(1024M) 9.500ms
[2025-12-24T17:27:13.055+0000][gc,cpu      ] GC(177) User=0.04s Sys=0.00s Real=0.01s
[2025-12-24T17:28:03.170+0000][gc,start    ] GC(178) Pause Young (Normal) (G1 Evacuation Pause)
[2025-12-24T17:28:03.171+0000][gc,task     ] GC(178) Using 8 workers of 8 for evacuation
[2025-12-24T17:28:03.180+0000][gc,phases   ] GC(178)   Pre Evacuate Collection Set: 1.0ms
[2025-12-24T17:28:03.180+0000][gc,phases   ] GC(178)   Merge Heap Roots: 0.2ms
[2025-12-24T17:28:03.180+0000][gc,phases   ] GC(178)   Evacuate Collection Set: 6.2ms
[2025-12-24T17:28:03.180+0000][gc,phases   ] GC(178)   Post Evacuate Collection Set: 1.9ms
[2025-12-24T17:28:03.180+0000][gc,phases   ] GC(178)   Other: 0.3ms
[2025-12-24T17:28:03.181+0000][gc,heap     ] GC(178) Eden regions: 609->0(608)
[2025-12-24T17:28:03.181+0000][gc,heap     ] GC(178) Survivor regions: 5->6(77)
[2025-12-24T17:28:03.181+0000][gc,heap     ] GC(178) Old regions: 24->24
[2025-12-24T17:28:03.181+0000][gc,heap     ] GC(178) Humongous regions: 20->20
[2025-12-24T17:28:03.182+0000][gc,metaspace] GC(178) Metaspace: 12411K(12864K)->12411K(12864K) NonClass: 11318K(11520K)->11318K(11520K) Class: 1093K(1344K)->1093K(1344K)
[2025-12-24T17:28:03.182+0000][gc          ] GC(178) Pause Young (Normal) (G1 Evacuation Pause) 656M->48M(1024M) 11.699ms
[2025-12-24T17:28:03.182+0000][gc,cpu      ] GC(178) User=0.03s Sys=0.00s Real=0.01s
[2025-12-24T17:29:03.018+0000][gc,start    ] GC(179) Pause Young (Normal) (G1 Evacuation Pause)
[2025-12-24T17:29:03.019+0000][gc,task     ] GC(179) Using 8 workers of 8 for evacuation
[2025-12-24T17:29:03.035+0000][gc,phases   ] GC(179)   Pre Evacuate Collection Set: 1.0ms
[2025-12-24T17:29:03.035+0000][gc,phases   ] GC(179)   Merge Heap Roots: 0.2ms
[2025-12-24T17:29:03.035+0000][gc,phases   ] GC(179)   Evacuate Collection Set: 13.1ms
[2025-12-24T17:29:03.035+0000][gc,phases   ] GC(179)   Post Evacuate Collection Set: 1.4ms
[2025-12-24T17:29:03.035+0000][gc,phases   ] GC(179)   Other: 0.4ms
[2025-12-24T17:29:03.035+0000][gc,heap     ] GC(179) Eden regions: 608->0(609)
[2025-12-24T17:29:03.035+0000][gc,heap     ] GC(179) Survivor regions: 6->5(77)
[2025-12-24T17:29:03.035+0000][gc,heap     ] GC(179) Old regions: 24->24
[2025-12-24T17:29:03.035+0000][gc,heap     ] GC(179) Humongous regions: 20->20
[2025-12-24T17:29:03.036+0000][gc,metaspace] GC(179) Metaspace: 12411K(12864K)->12411K(12864K) NonClass: 11318K(11520K)->11318K(11520K) Class: 1093K(1344K)->1093K(1344K)
[2025-12-24T17:29:03.036+0000][gc          ] GC(179) Pause Young (Normal) (G1 Evacuation Pause) 656M->47M(1024M) 17.443ms
[2025-12-24T17:29:03.036+0000][gc,cpu      ] GC(179) User=0.11s Sys=0.01s Real=0.01s
[2025-12-24T17:29:53.178+0000][gc,start    ] GC(180) Pause Young (Normal) (G1 Evacuation Pause)
[2025-12-24T17:29:53.179+0000][gc,task     ] GC(180) Using 8 workers of 8 for evacuation
[2025-12-24T17:29:53.192+0000][gc,phases   ] GC(180)   Pre Evacuate Collection Set: 1.0ms
[2025-12-24T17:29:53.192+0000][gc,phases   ] GC(180)   Merge Heap Roots: 0.3ms
[2025-12-24T17:29:53.192+0000][gc,phases   ] GC(180)   Evacuate Collection Set: 9.6ms
[2025-12-24T17:29:53.192+0000][gc,phases   ] GC(180)   Post Evacuate Collection Set: 2.1ms
[2025-12-24T17:29:53.192+0000][gc,phases   ] GC(180)   Other: 0.5ms
[2025-12-24T17:29:53.193+0000][gc,heap     ] GC(180) Eden regions: 609->0(609)
[2025-12-24T17:29:53.193+0000][gc,heap     ] GC(180) Survivor regions: 5->5(77)
[2025-12-24T17:29:53.193+0000][gc,heap     ] GC(180) Old regions: 24->24
[2025-12-24T17:29:53.193+0000][gc,heap     ] GC(180) Humongous regions: 20->20
[2025-12-24T17:29:53.193+0000][gc,metaspace] GC(180) Metaspace: 12411K(12864K)->12411K(12864K) NonClass: 11318K(11520K)->11318K(11520K) Class: 1093K(1344K)->1093K(1344K)
[2025-12-24T17:29:53.193+0000][gc          ] GC(180) Pause Young (Normal) (G1 Evacuation Pause) 656M->48M(1024M) 15.315ms
[2025-12-24T17:29:53.193+0000][gc,cpu      ] GC(180) User=0.07s Sys=0.00s Real=0.01s
[2025-12-24T17:30:53.034+0000][gc,start    ] GC(181) Pause Young (Normal) (G1 Evacuation Pause)
[2025-12-24T17:30:53.036+0000][gc,task     ] GC(181) Using 8 workers of 8 for evacuation
[2025-12-24T17:30:53.051+0000][gc,phases   ] GC(181)   Pre Evacuate Collection Set: 1.6ms
[2025-12-24T17:30:53.051+0000][gc,phases   ] GC(181)   Merge Heap Roots: 0.3ms
[2025-12-24T17:30:53.051+0000][gc,phases   ] GC(181)   Evacuate Collection Set: 10.2ms
[2025-12-24T17:30:53.051+0000][gc,phases   ] GC(181)   Post Evacuate Collection Set: 2.4ms
[2025-12-24T17:30:53.051+0000][gc,phases   ] GC(181)   Other: 1.3ms
[2025-12-24T17:30:53.052+0000][gc,heap     ] GC(181) Eden regions: 609->0(609)
[2025-12-24T17:30:53.052+0000][gc,heap     ] GC(181) Survivor regions: 5->5(77)
[2025-12-24T17:30:53.052+0000][gc,heap     ] GC(181) Old regions: 24->24
[2025-12-24T17:30:53.052+0000][gc,heap     ] GC(181) Humongous regions: 20->20
[2025-12-24T17:30:53.052+0000][gc,metaspace] GC(181) Metaspace: 12413K(12864K)->12413K(12864K) NonClass: 11320K(11520K)->11320K(11520K) Class: 1093K(1344K)->1093K(1344K)
[2025-12-24T17:30:53.052+0000][gc          ] GC(181) Pause Young (Normal) (G1 Evacuation Pause) 657M->48M(1024M) 17.739ms
[2025-12-24T17:30:53.052+0000][gc,cpu      ] GC(181) User=0.09s Sys=0.01s Real=0.02s
[2025-12-24T17:31:43.188+0000][gc,start    ] GC(182) Pause Young (Normal) (G1 Evacuation Pause)
[2025-12-24T17:31:43.188+0000][gc,task     ] GC(182) Using 8 workers of 8 for evacuation
[2025-12-24T17:31:43.210+0000][gc,phases   ] GC(182)   Pre Evacuate Collection Set: 6.5ms
[2025-12-24T17:31:43.210+0000][gc,phases   ] GC(182)   Merge Heap Roots: 0.6ms
[2025-12-24T17:31:43.210+0000][gc,phases   ] GC(182)   Evacuate Collection Set: 12.0ms
[2025-12-24T17:31:43.210+0000][gc,phases   ] GC(182)   Post Evacuate Collection Set: 1.8ms
[2025-12-24T17:31:43.210+0000][gc,phases   ] GC(182)   Other: 0.4ms
[2025-12-24T17:31:43.210+0000][gc,heap     ] GC(182) Eden regions: 609->0(608)
[2025-12-24T17:31:43.210+0000][gc,heap     ] GC(182) Survivor regions: 5->6(77)
[2025-12-24T17:31:43.210+0000][gc,heap     ] GC(182) Old regions: 24->24
[2025-12-24T17:31:43.210+0000][gc,heap     ] GC(182) Humongous regions: 20->20
[2025-12-24T17:31:43.210+0000][gc,metaspace] GC(182) Metaspace: 12414K(12864K)->12414K(12864K) NonClass: 11320K(11520K)->11320K(11520K) Class: 1094K(1344K)->1094K(1344K)
[2025-12-24T17:31:43.210+0000][gc          ] GC(182) Pause Young (Normal) (G1 Evacuation Pause) 657M->49M(1024M) 22.541ms
[2025-12-24T17:31:43.210+0000][gc,cpu      ] GC(182) User=0.12s Sys=0.00s Real=0.03s
[2025-12-24T17:32:42.920+0000][gc,start    ] GC(183) Pause Young (Normal) (G1 Evacuation Pause)
[2025-12-24T17:32:42.921+0000][gc,task     ] GC(183) Using 8 workers of 8 for evacuation
[2025-12-24T17:32:42.937+0000][gc,phases   ] GC(183)   Pre Evacuate Collection Set: 1.0ms
[2025-12-24T17:32:42.937+0000][gc,phases   ] GC(183)   Merge Heap Roots: 0.3ms
[2025-12-24T17:32:42.937+0000][gc,phases   ] GC(183)   Evacuate Collection Set: 10.8ms
[2025-12-24T17:32:42.937+0000][gc,phases   ] GC(183)   Post Evacuate Collection Set: 3.5ms
[2025-12-24T17:32:42.938+0000][gc,phases   ] GC(183)   Other: 0.5ms
[2025-12-24T17:32:42.938+0000][gc,heap     ] GC(183) Eden regions: 608->0(609)
[2025-12-24T17:32:42.938+0000][gc,heap     ] GC(183) Survivor regions: 6->5(77)
[2025-12-24T17:32:42.939+0000][gc,heap     ] GC(183) Old regions: 24->24
[2025-12-24T17:32:42.939+0000][gc,heap     ] GC(183) Humongous regions: 20->20
[2025-12-24T17:32:42.939+0000][gc,metaspace] GC(183) Metaspace: 12414K(12864K)->12414K(12864K) NonClass: 11320K(11520K)->11320K(11520K) Class: 1094K(1344K)->1094K(1344K)
[2025-12-24T17:32:42.939+0000][gc          ] GC(183) Pause Young (Normal) (G1 Evacuation Pause) 657M->48M(1024M) 19.389ms
[2025-12-24T17:32:42.940+0000][gc,cpu      ] GC(183) User=0.10s Sys=0.01s Real=0.02s
[2025-12-24T17:33:33.093+0000][gc,start    ] GC(184) Pause Young (Normal) (G1 Evacuation Pause)
[2025-12-24T17:33:33.095+0000][gc,task     ] GC(184) Using 8 workers of 8 for evacuation
[2025-12-24T17:33:33.105+0000][gc,phases   ] GC(184)   Pre Evacuate Collection Set: 1.9ms
[2025-12-24T17:33:33.105+0000][gc,phases   ] GC(184)   Merge Heap Roots: 0.2ms
[2025-12-24T17:33:33.105+0000][gc,phases   ] GC(184)   Evacuate Collection Set: 6.4ms
[2025-12-24T17:33:33.105+0000][gc,phases   ] GC(184)   Post Evacuate Collection Set: 1.2ms
[2025-12-24T17:33:33.105+0000][gc,phases   ] GC(184)   Other: 0.6ms
[2025-12-24T17:33:33.105+0000][gc,heap     ] GC(184) Eden regions: 609->0(608)
[2025-12-24T17:33:33.105+0000][gc,heap     ] GC(184) Survivor regions: 5->6(77)
[2025-12-24T17:33:33.105+0000][gc,heap     ] GC(184) Old regions: 24->25
[2025-12-24T17:33:33.105+0000][gc,heap     ] GC(184) Humongous regions: 20->20
[2025-12-24T17:33:33.105+0000][gc,metaspace] GC(184) Metaspace: 12414K(12864K)->12414K(12864K) NonClass: 11320K(11520K)->11320K(11520K) Class: 1094K(1344K)->1094K(1344K)
[2025-12-24T17:33:33.105+0000][gc          ] GC(184) Pause Young (Normal) (G1 Evacuation Pause) 657M->49M(1024M) 11.958ms
[2025-12-24T17:33:33.105+0000][gc,cpu      ] GC(184) User=0.05s Sys=0.00s Real=0.01s
[2025-12-24T17:34:32.901+0000][gc,start    ] GC(185) Pause Young (Normal) (G1 Evacuation Pause)
[2025-12-24T17:34:32.901+0000][gc,task     ] GC(185) Using 8 workers of 8 for evacuation
[2025-12-24T17:34:32.915+0000][gc,phases   ] GC(185)   Pre Evacuate Collection Set: 1.2ms
[2025-12-24T17:34:32.915+0000][gc,phases   ] GC(185)   Merge Heap Roots: 0.2ms
[2025-12-24T17:34:32.915+0000][gc,phases   ] GC(185)   Evacuate Collection Set: 10.7ms
[2025-12-24T17:34:32.915+0000][gc,phases   ] GC(185)   Post Evacuate Collection Set: 1.7ms
[2025-12-24T17:34:32.915+0000][gc,phases   ] GC(185)   Other: 0.2ms
[2025-12-24T17:34:32.916+0000][gc,heap     ] GC(185) Eden regions: 608->0(609)
[2025-12-24T17:34:32.916+0000][gc,heap     ] GC(185) Survivor regions: 6->5(77)
[2025-12-24T17:34:32.916+0000][gc,heap     ] GC(185) Old regions: 25->25
[2025-12-24T17:34:32.916+0000][gc,heap     ] GC(185) Humongous regions: 20->20
[2025-12-24T17:34:32.916+0000][gc,metaspace] GC(185) Metaspace: 12419K(12864K)->12419K(12864K) NonClass: 11324K(11520K)->11324K(11520K) Class: 1094K(1344K)->1094K(1344K)
[2025-12-24T17:34:32.916+0000][gc          ] GC(185) Pause Young (Normal) (G1 Evacuation Pause) 657M->48M(1024M) 15.345ms
[2025-12-24T17:34:32.916+0000][gc,cpu      ] GC(185) User=0.10s Sys=0.00s Real=0.01s
[2025-12-24T17:35:23.098+0000][gc,start    ] GC(186) Pause Young (Normal) (G1 Evacuation Pause)
[2025-12-24T17:35:23.099+0000][gc,task     ] GC(186) Using 8 workers of 8 for evacuation
[2025-12-24T17:35:23.111+0000][gc,phases   ] GC(186)   Pre Evacuate Collection Set: 1.3ms
[2025-12-24T17:35:23.111+0000][gc,phases   ] GC(186)   Merge Heap Roots: 0.4ms
[2025-12-24T17:35:23.111+0000][gc,phases   ] GC(186)   Evacuate Collection Set: 8.5ms
[2025-12-24T17:35:23.111+0000][gc,phases   ] GC(186)   Post Evacuate Collection Set: 1.2ms
[2025-12-24T17:35:23.111+0000][gc,phases   ] GC(186)   Other: 0.3ms
[2025-12-24T17:35:23.111+0000][gc,heap     ] GC(186) Eden regions: 609->0(608)
[2025-12-24T17:35:23.111+0000][gc,heap     ] GC(186) Survivor regions: 5->6(77)
[2025-12-24T17:35:23.111+0000][gc,heap     ] GC(186) Old regions: 25->25
[2025-12-24T17:35:23.111+0000][gc,heap     ] GC(186) Humongous regions: 20->20
[2025-12-24T17:35:23.111+0000][gc,metaspace] GC(186) Metaspace: 12456K(12864K)->12456K(12864K) NonClass: 11358K(11520K)->11358K(11520K) Class: 1097K(1344K)->1097K(1344K)
[2025-12-24T17:35:23.111+0000][gc          ] GC(186) Pause Young (Normal) (G1 Evacuation Pause) 657M->49M(1024M) 12.980ms
[2025-12-24T17:35:23.111+0000][gc,cpu      ] GC(186) User=0.06s Sys=0.00s Real=0.01s
[2025-12-24T17:36:23.007+0000][gc,start    ] GC(187) Pause Young (Normal) (G1 Evacuation Pause)
[2025-12-24T17:36:23.009+0000][gc,task     ] GC(187) Using 8 workers of 8 for evacuation
[2025-12-24T17:36:23.026+0000][gc,phases   ] GC(187)   Pre Evacuate Collection Set: 3.8ms
[2025-12-24T17:36:23.026+0000][gc,phases   ] GC(187)   Merge Heap Roots: 0.4ms
[2025-12-24T17:36:23.026+0000][gc,phases   ] GC(187)   Evacuate Collection Set: 10.6ms
[2025-12-24T17:36:23.026+0000][gc,phases   ] GC(187)   Post Evacuate Collection Set: 1.9ms
[2025-12-24T17:36:23.026+0000][gc,phases   ] GC(187)   Other: 0.6ms
[2025-12-24T17:36:23.027+0000][gc,heap     ] GC(187) Eden regions: 608->0(609)
[2025-12-24T17:36:23.027+0000][gc,heap     ] GC(187) Survivor regions: 6->5(77)
[2025-12-24T17:36:23.027+0000][gc,heap     ] GC(187) Old regions: 25->25
[2025-12-24T17:36:23.027+0000][gc,heap     ] GC(187) Humongous regions: 20->20
[2025-12-24T17:36:23.027+0000][gc,metaspace] GC(187) Metaspace: 12456K(12864K)->12456K(12864K) NonClass: 11358K(11520K)->11358K(11520K) Class: 1097K(1344K)->1097K(1344K)
[2025-12-24T17:36:23.027+0000][gc          ] GC(187) Pause Young (Normal) (G1 Evacuation Pause) 657M->49M(1024M) 19.723ms
[2025-12-24T17:36:23.027+0000][gc,cpu      ] GC(187) User=0.10s Sys=0.00s Real=0.02s
[2025-12-24T17:37:13.119+0000][gc,start    ] GC(188) Pause Young (Normal) (G1 Evacuation Pause)
[2025-12-24T17:37:13.120+0000][gc,task     ] GC(188) Using 8 workers of 8 for evacuation
[2025-12-24T17:37:13.130+0000][gc,phases   ] GC(188)   Pre Evacuate Collection Set: 1.3ms
[2025-12-24T17:37:13.130+0000][gc,phases   ] GC(188)   Merge Heap Roots: 0.4ms
[2025-12-24T17:37:13.130+0000][gc,phases   ] GC(188)   Evacuate Collection Set: 5.6ms
[2025-12-24T17:37:13.130+0000][gc,phases   ] GC(188)   Post Evacuate Collection Set: 2.3ms
[2025-12-24T17:37:13.130+0000][gc,phases   ] GC(188)   Other: 0.9ms
[2025-12-24T17:37:13.131+0000][gc,heap     ] GC(188) Eden regions: 609->0(610)
[2025-12-24T17:37:13.131+0000][gc,heap     ] GC(188) Survivor regions: 5->4(77)
[2025-12-24T17:37:13.131+0000][gc,heap     ] GC(188) Old regions: 25->25
[2025-12-24T17:37:13.131+0000][gc,heap     ] GC(188) Humongous regions: 20->20
[2025-12-24T17:37:13.131+0000][gc,metaspace] GC(188) Metaspace: 12456K(12864K)->12456K(12864K) NonClass: 11358K(11520K)->11358K(11520K) Class: 1097K(1344K)->1097K(1344K)
[2025-12-24T17:37:13.131+0000][gc          ] GC(188) Pause Young (Normal) (G1 Evacuation Pause) 658M->48M(1024M) 11.697ms
[2025-12-24T17:37:13.131+0000][gc,cpu      ] GC(188) User=0.06s Sys=0.00s Real=0.02s
[2025-12-24T17:38:12.958+0000][gc,start    ] GC(189) Pause Young (Normal) (G1 Evacuation Pause)
[2025-12-24T17:38:12.959+0000][gc,task     ] GC(189) Using 8 workers of 8 for evacuation
[2025-12-24T17:38:12.976+0000][gc,phases   ] GC(189)   Pre Evacuate Collection Set: 1.0ms
[2025-12-24T17:38:12.976+0000][gc,phases   ] GC(189)   Merge Heap Roots: 0.2ms
[2025-12-24T17:38:12.976+0000][gc,phases   ] GC(189)   Evacuate Collection Set: 14.7ms
[2025-12-24T17:38:12.976+0000][gc,phases   ] GC(189)   Post Evacuate Collection Set: 1.0ms
[2025-12-24T17:38:12.976+0000][gc,phases   ] GC(189)   Other: 0.2ms
[2025-12-24T17:38:12.976+0000][gc,heap     ] GC(189) Eden regions: 610->0(609)
[2025-12-24T17:38:12.977+0000][gc,heap     ] GC(189) Survivor regions: 4->5(77)
[2025-12-24T17:38:12.977+0000][gc,heap     ] GC(189) Old regions: 25->25
[2025-12-24T17:38:12.977+0000][gc,heap     ] GC(189) Humongous regions: 20->20
[2025-12-24T17:38:12.977+0000][gc,metaspace] GC(189) Metaspace: 12456K(12864K)->12456K(12864K) NonClass: 11358K(11520K)->11358K(11520K) Class: 1097K(1344K)->1097K(1344K)
[2025-12-24T17:38:12.977+0000][gc          ] GC(189) Pause Young (Normal) (G1 Evacuation Pause) 658M->49M(1024M) 19.037ms
[2025-12-24T17:38:12.977+0000][gc,cpu      ] GC(189) User=0.11s Sys=0.00s Real=0.01s
[2025-12-24T17:39:12.795+0000][gc,start    ] GC(190) Pause Young (Normal) (G1 Evacuation Pause)
[2025-12-24T17:39:12.796+0000][gc,task     ] GC(190) Using 8 workers of 8 for evacuation
[2025-12-24T17:39:12.815+0000][gc,phases   ] GC(190)   Pre Evacuate Collection Set: 3.4ms
[2025-12-24T17:39:12.815+0000][gc,phases   ] GC(190)   Merge Heap Roots: 1.2ms
[2025-12-24T17:39:12.815+0000][gc,phases   ] GC(190)   Evacuate Collection Set: 12.8ms
[2025-12-24T17:39:12.815+0000][gc,phases   ] GC(190)   Post Evacuate Collection Set: 1.2ms
[2025-12-24T17:39:12.815+0000][gc,phases   ] GC(190)   Other: 1.0ms
[2025-12-24T17:39:12.815+0000][gc,heap     ] GC(190) Eden regions: 609->0(610)
[2025-12-24T17:39:12.816+0000][gc,heap     ] GC(190) Survivor regions: 5->4(77)
[2025-12-24T17:39:12.816+0000][gc,heap     ] GC(190) Old regions: 25->26
[2025-12-24T17:39:12.816+0000][gc,heap     ] GC(190) Humongous regions: 20->20
[2025-12-24T17:39:12.816+0000][gc,metaspace] GC(190) Metaspace: 12461K(12864K)->12461K(12864K) NonClass: 11364K(11520K)->11364K(11520K) Class: 1097K(1344K)->1097K(1344K)
[2025-12-24T17:39:12.816+0000][gc          ] GC(190) Pause Young (Normal) (G1 Evacuation Pause) 658M->48M(1024M) 21.100ms
[2025-12-24T17:39:12.816+0000][gc,cpu      ] GC(190) User=0.11s Sys=0.00s Real=0.02s
[2025-12-24T17:40:02.998+0000][gc,start    ] GC(191) Pause Young (Normal) (G1 Evacuation Pause)
[2025-12-24T17:40:02.999+0000][gc,task     ] GC(191) Using 8 workers of 8 for evacuation
[2025-12-24T17:40:03.021+0000][gc,phases   ] GC(191)   Pre Evacuate Collection Set: 8.3ms
[2025-12-24T17:40:03.021+0000][gc,phases   ] GC(191)   Merge Heap Roots: 0.4ms
[2025-12-24T17:40:03.021+0000][gc,phases   ] GC(191)   Evacuate Collection Set: 10.4ms
[2025-12-24T17:40:03.022+0000][gc,phases   ] GC(191)   Post Evacuate Collection Set: 1.9ms
[2025-12-24T17:40:03.022+0000][gc,phases   ] GC(191)   Other: 1.0ms
[2025-12-24T17:40:03.022+0000][gc,heap     ] GC(191) Eden regions: 610->0(609)
[2025-12-24T17:40:03.022+0000][gc,heap     ] GC(191) Survivor regions: 4->5(77)
[2025-12-24T17:40:03.022+0000][gc,heap     ] GC(191) Old regions: 26->26
[2025-12-24T17:40:03.022+0000][gc,heap     ] GC(191) Humongous regions: 20->20
[2025-12-24T17:40:03.022+0000][gc,metaspace] GC(191) Metaspace: 12470K(12864K)->12470K(12864K) NonClass: 11368K(11520K)->11368K(11520K) Class: 1101K(1344K)->1101K(1344K)
[2025-12-24T17:40:03.022+0000][gc          ] GC(191) Pause Young (Normal) (G1 Evacuation Pause) 658M->49M(1024M) 23.955ms
[2025-12-24T17:40:03.022+0000][gc,cpu      ] GC(191) User=0.11s Sys=0.01s Real=0.03s
[2025-12-24T17:41:02.931+0000][gc,start    ] GC(192) Pause Young (Normal) (G1 Evacuation Pause)
[2025-12-24T17:41:02.932+0000][gc,task     ] GC(192) Using 8 workers of 8 for evacuation
[2025-12-24T17:41:02.943+0000][gc,phases   ] GC(192)   Pre Evacuate Collection Set: 1.9ms
[2025-12-24T17:41:02.943+0000][gc,phases   ] GC(192)   Merge Heap Roots: 0.4ms
[2025-12-24T17:41:02.943+0000][gc,phases   ] GC(192)   Evacuate Collection Set: 7.2ms
[2025-12-24T17:41:02.944+0000][gc,phases   ] GC(192)   Post Evacuate Collection Set: 1.5ms
[2025-12-24T17:41:02.944+0000][gc,phases   ] GC(192)   Other: 0.4ms
[2025-12-24T17:41:02.944+0000][gc,heap     ] GC(192) Eden regions: 609->0(610)
[2025-12-24T17:41:02.944+0000][gc,heap     ] GC(192) Survivor regions: 5->4(77)
[2025-12-24T17:41:02.944+0000][gc,heap     ] GC(192) Old regions: 26->26
[2025-12-24T17:41:02.944+0000][gc,heap     ] GC(192) Humongous regions: 20->20
[2025-12-24T17:41:02.944+0000][gc,metaspace] GC(192) Metaspace: 12477K(12864K)->12477K(12864K) NonClass: 11375K(11520K)->11375K(11520K) Class: 1101K(1344K)->1101K(1344K)
[2025-12-24T17:41:02.944+0000][gc          ] GC(192) Pause Young (Normal) (G1 Evacuation Pause) 658M->48M(1024M) 13.276ms
[2025-12-24T17:41:02.944+0000][gc,cpu      ] GC(192) User=0.06s Sys=0.00s Real=0.01s
[2025-12-24T17:41:53.053+0000][gc,start    ] GC(193) Pause Young (Normal) (G1 Evacuation Pause)
[2025-12-24T17:41:53.053+0000][gc,task     ] GC(193) Using 8 workers of 8 for evacuation
[2025-12-24T17:41:53.067+0000][gc,phases   ] GC(193)   Pre Evacuate Collection Set: 2.6ms
[2025-12-24T17:41:53.067+0000][gc,phases   ] GC(193)   Merge Heap Roots: 0.5ms
[2025-12-24T17:41:53.067+0000][gc,phases   ] GC(193)   Evacuate Collection Set: 8.4ms
[2025-12-24T17:41:53.067+0000][gc,phases   ] GC(193)   Post Evacuate Collection Set: 1.2ms
[2025-12-24T17:41:53.067+0000][gc,phases   ] GC(193)   Other: 0.8ms
[2025-12-24T17:41:53.067+0000][gc,heap     ] GC(193) Eden regions: 610->0(609)
[2025-12-24T17:41:53.067+0000][gc,heap     ] GC(193) Survivor regions: 4->5(77)
[2025-12-24T17:41:53.067+0000][gc,heap     ] GC(193) Old regions: 26->26
[2025-12-24T17:41:53.067+0000][gc,heap     ] GC(193) Humongous regions: 20->20
[2025-12-24T17:41:53.067+0000][gc,metaspace] GC(193) Metaspace: 12478K(12864K)->12478K(12864K) NonClass: 11376K(11520K)->11376K(11520K) Class: 1101K(1344K)->1101K(1344K)
[2025-12-24T17:41:53.067+0000][gc          ] GC(193) Pause Young (Normal) (G1 Evacuation Pause) 658M->49M(1024M) 14.998ms
[2025-12-24T17:41:53.068+0000][gc,cpu      ] GC(193) User=0.08s Sys=0.00s Real=0.02s
[2025-12-24T17:42:52.966+0000][gc,start    ] GC(194) Pause Young (Normal) (G1 Evacuation Pause)
[2025-12-24T17:42:52.966+0000][gc,task     ] GC(194) Using 8 workers of 8 for evacuation
[2025-12-24T17:42:52.985+0000][gc,phases   ] GC(194)   Pre Evacuate Collection Set: 1.4ms
[2025-12-24T17:42:52.986+0000][gc,phases   ] GC(194)   Merge Heap Roots: 0.2ms
[2025-12-24T17:42:52.986+0000][gc,phases   ] GC(194)   Evacuate Collection Set: 14.8ms
[2025-12-24T17:42:52.986+0000][gc,phases   ] GC(194)   Post Evacuate Collection Set: 1.8ms
[2025-12-24T17:42:52.986+0000][gc,phases   ] GC(194)   Other: 0.8ms
[2025-12-24T17:42:52.986+0000][gc,heap     ] GC(194) Eden regions: 609->0(610)
[2025-12-24T17:42:52.986+0000][gc,heap     ] GC(194) Survivor regions: 5->4(77)
[2025-12-24T17:42:52.986+0000][gc,heap     ] GC(194) Old regions: 26->26
[2025-12-24T17:42:52.986+0000][gc,heap     ] GC(194) Humongous regions: 20->20
[2025-12-24T17:42:52.986+0000][gc,metaspace] GC(194) Metaspace: 12482K(12864K)->12482K(12864K) NonClass: 11380K(11520K)->11380K(11520K) Class: 1101K(1344K)->1101K(1344K)
[2025-12-24T17:42:52.987+0000][gc          ] GC(194) Pause Young (Normal) (G1 Evacuation Pause) 658M->49M(1024M) 21.046ms
[2025-12-24T17:42:52.987+0000][gc,cpu      ] GC(194) User=0.12s Sys=0.00s Real=0.02s
[2025-12-24T17:43:43.091+0000][gc,start    ] GC(195) Pause Young (Normal) (G1 Evacuation Pause)
[2025-12-24T17:43:43.092+0000][gc,task     ] GC(195) Using 8 workers of 8 for evacuation
[2025-12-24T17:43:43.106+0000][gc,phases   ] GC(195)   Pre Evacuate Collection Set: 1.3ms
[2025-12-24T17:43:43.106+0000][gc,phases   ] GC(195)   Merge Heap Roots: 0.2ms
[2025-12-24T17:43:43.106+0000][gc,phases   ] GC(195)   Evacuate Collection Set: 11.2ms
[2025-12-24T17:43:43.106+0000][gc,phases   ] GC(195)   Post Evacuate Collection Set: 1.1ms
[2025-12-24T17:43:43.106+0000][gc,phases   ] GC(195)   Other: 0.3ms
[2025-12-24T17:43:43.106+0000][gc,heap     ] GC(195) Eden regions: 610->0(610)
[2025-12-24T17:43:43.106+0000][gc,heap     ] GC(195) Survivor regions: 4->4(77)
[2025-12-24T17:43:43.106+0000][gc,heap     ] GC(195) Old regions: 26->27
[2025-12-24T17:43:43.106+0000][gc,heap     ] GC(195) Humongous regions: 20->20
[2025-12-24T17:43:43.106+0000][gc,metaspace] GC(195) Metaspace: 12482K(12864K)->12482K(12864K) NonClass: 11380K(11520K)->11380K(11520K) Class: 1101K(1344K)->1101K(1344K)
[2025-12-24T17:43:43.106+0000][gc          ] GC(195) Pause Young (Normal) (G1 Evacuation Pause) 659M->49M(1024M) 15.324ms
[2025-12-24T17:43:43.106+0000][gc,cpu      ] GC(195) User=0.09s Sys=0.00s Real=0.01s
[2025-12-24T17:44:42.920+0000][gc,start    ] GC(196) Pause Young (Normal) (G1 Evacuation Pause)
[2025-12-24T17:44:42.922+0000][gc,task     ] GC(196) Using 8 workers of 8 for evacuation
[2025-12-24T17:44:42.931+0000][gc,phases   ] GC(196)   Pre Evacuate Collection Set: 1.4ms
[2025-12-24T17:44:42.931+0000][gc,phases   ] GC(196)   Merge Heap Roots: 0.2ms
[2025-12-24T17:44:42.931+0000][gc,phases   ] GC(196)   Evacuate Collection Set: 4.9ms
[2025-12-24T17:44:42.931+0000][gc,phases   ] GC(196)   Post Evacuate Collection Set: 1.1ms
[2025-12-24T17:44:42.931+0000][gc,phases   ] GC(196)   Other: 2.5ms
[2025-12-24T17:44:42.932+0000][gc,heap     ] GC(196) Eden regions: 610->0(610)
[2025-12-24T17:44:42.932+0000][gc,heap     ] GC(196) Survivor regions: 4->4(77)
[2025-12-24T17:44:42.932+0000][gc,heap     ] GC(196) Old regions: 27->27
[2025-12-24T17:44:42.932+0000][gc,heap     ] GC(196) Humongous regions: 20->20
[2025-12-24T17:44:42.932+0000][gc,metaspace] GC(196) Metaspace: 12483K(12864K)->12483K(12864K) NonClass: 11381K(11520K)->11381K(11520K) Class: 1101K(1344K)->1101K(1344K)
[2025-12-24T17:44:42.932+0000][gc          ] GC(196) Pause Young (Normal) (G1 Evacuation Pause) 659M->49M(1024M) 11.995ms
[2025-12-24T17:44:42.932+0000][gc,cpu      ] GC(196) User=0.04s Sys=0.00s Real=0.01s
[2025-12-24T17:45:42.772+0000][gc,start    ] GC(197) Pause Young (Normal) (G1 Evacuation Pause)
[2025-12-24T17:45:42.773+0000][gc,task     ] GC(197) Using 8 workers of 8 for evacuation
[2025-12-24T17:45:42.781+0000][gc,phases   ] GC(197)   Pre Evacuate Collection Set: 1.3ms
[2025-12-24T17:45:42.781+0000][gc,phases   ] GC(197)   Merge Heap Roots: 0.2ms
[2025-12-24T17:45:42.781+0000][gc,phases   ] GC(197)   Evacuate Collection Set: 5.1ms
[2025-12-24T17:45:42.781+0000][gc,phases   ] GC(197)   Post Evacuate Collection Set: 1.3ms
[2025-12-24T17:45:42.781+0000][gc,phases   ] GC(197)   Other: 0.4ms
[2025-12-24T17:45:42.781+0000][gc,heap     ] GC(197) Eden regions: 610->0(611)
[2025-12-24T17:45:42.781+0000][gc,heap     ] GC(197) Survivor regions: 4->3(77)
[2025-12-24T17:45:42.781+0000][gc,heap     ] GC(197) Old regions: 27->27
[2025-12-24T17:45:42.781+0000][gc,heap     ] GC(197) Humongous regions: 20->20
[2025-12-24T17:45:42.782+0000][gc,metaspace] GC(197) Metaspace: 12484K(12864K)->12484K(12864K) NonClass: 11382K(11520K)->11382K(11520K) Class: 1101K(1344K)->1101K(1344K)
[2025-12-24T17:45:42.782+0000][gc          ] GC(197) Pause Young (Normal) (G1 Evacuation Pause) 659M->48M(1024M) 9.621ms
[2025-12-24T17:45:42.782+0000][gc,cpu      ] GC(197) User=0.05s Sys=0.00s Real=0.01s
[2025-12-24T17:46:33.073+0000][gc,start    ] GC(198) Pause Young (Normal) (G1 Evacuation Pause)
[2025-12-24T17:46:33.074+0000][gc,task     ] GC(198) Using 8 workers of 8 for evacuation
[2025-12-24T17:46:33.127+0000][gc,phases   ] GC(198)   Pre Evacuate Collection Set: 1.8ms
[2025-12-24T17:46:33.127+0000][gc,phases   ] GC(198)   Merge Heap Roots: 0.6ms
[2025-12-24T17:46:33.127+0000][gc,phases   ] GC(198)   Evacuate Collection Set: 31.8ms
[2025-12-24T17:46:33.127+0000][gc,phases   ] GC(198)   Post Evacuate Collection Set: 14.1ms
[2025-12-24T17:46:33.128+0000][gc,phases   ] GC(198)   Other: 4.4ms
[2025-12-24T17:46:33.128+0000][gc,heap     ] GC(198) Eden regions: 611->0(611)
[2025-12-24T17:46:33.129+0000][gc,heap     ] GC(198) Survivor regions: 3->3(77)
[2025-12-24T17:46:33.129+0000][gc,heap     ] GC(198) Old regions: 27->27
[2025-12-24T17:46:33.130+0000][gc,heap     ] GC(198) Humongous regions: 20->20
[2025-12-24T17:46:33.131+0000][gc,metaspace] GC(198) Metaspace: 12484K(12864K)->12484K(12864K) NonClass: 11382K(11520K)->11382K(11520K) Class: 1101K(1344K)->1101K(1344K)
[2025-12-24T17:46:33.131+0000][gc          ] GC(198) Pause Young (Normal) (G1 Evacuation Pause) 659M->49M(1024M) 57.764ms
[2025-12-24T17:46:33.131+0000][gc,cpu      ] GC(198) User=0.26s Sys=0.02s Real=0.06s
[2025-12-24T17:47:32.836+0000][gc,start    ] GC(199) Pause Young (Normal) (G1 Evacuation Pause)
[2025-12-24T17:47:32.837+0000][gc,task     ] GC(199) Using 8 workers of 8 for evacuation
[2025-12-24T17:47:32.860+0000][gc,phases   ] GC(199)   Pre Evacuate Collection Set: 1.5ms
[2025-12-24T17:47:32.860+0000][gc,phases   ] GC(199)   Merge Heap Roots: 0.6ms
[2025-12-24T17:47:32.860+0000][gc,phases   ] GC(199)   Evacuate Collection Set: 19.0ms
[2025-12-24T17:47:32.860+0000][gc,phases   ] GC(199)   Post Evacuate Collection Set: 1.4ms
[2025-12-24T17:47:32.860+0000][gc,phases   ] GC(199)   Other: 0.4ms
[2025-12-24T17:47:32.860+0000][gc,heap     ] GC(199) Eden regions: 611->0(612)
[2025-12-24T17:47:32.860+0000][gc,heap     ] GC(199) Survivor regions: 3->2(77)
[2025-12-24T17:47:32.860+0000][gc,heap     ] GC(199) Old regions: 27->28
[2025-12-24T17:47:32.860+0000][gc,heap     ] GC(199) Humongous regions: 20->20
[2025-12-24T17:47:32.860+0000][gc,metaspace] GC(199) Metaspace: 12484K(12864K)->12484K(12864K) NonClass: 11382K(11520K)->11382K(11520K) Class: 1101K(1344K)->1101K(1344K)
[2025-12-24T17:47:32.860+0000][gc          ] GC(199) Pause Young (Normal) (G1 Evacuation Pause) 660M->49M(1024M) 24.262ms
[2025-12-24T17:47:32.860+0000][gc,cpu      ] GC(199) User=0.14s Sys=0.01s Real=0.02s
[2025-12-24T17:48:23.037+0000][gc,start    ] GC(200) Pause Young (Normal) (G1 Evacuation Pause)
[2025-12-24T17:48:23.037+0000][gc,task     ] GC(200) Using 8 workers of 8 for evacuation
[2025-12-24T17:48:23.049+0000][gc,phases   ] GC(200)   Pre Evacuate Collection Set: 1.0ms
[2025-12-24T17:48:23.049+0000][gc,phases   ] GC(200)   Merge Heap Roots: 0.2ms
[2025-12-24T17:48:23.049+0000][gc,phases   ] GC(200)   Evacuate Collection Set: 8.3ms
[2025-12-24T17:48:23.049+0000][gc,phases   ] GC(200)   Post Evacuate Collection Set: 1.5ms
[2025-12-24T17:48:23.049+0000][gc,phases   ] GC(200)   Other: 0.4ms
[2025-12-24T17:48:23.049+0000][gc,heap     ] GC(200) Eden regions: 612->0(611)
[2025-12-24T17:48:23.049+0000][gc,heap     ] GC(200) Survivor regions: 2->3(77)
[2025-12-24T17:48:23.049+0000][gc,heap     ] GC(200) Old regions: 28->28
[2025-12-24T17:48:23.049+0000][gc,heap     ] GC(200) Humongous regions: 20->20
[2025-12-24T17:48:23.049+0000][gc,metaspace] GC(200) Metaspace: 12484K(12864K)->12484K(12864K) NonClass: 11382K(11520K)->11382K(11520K) Class: 1101K(1344K)->1101K(1344K)
[2025-12-24T17:48:23.050+0000][gc          ] GC(200) Pause Young (Normal) (G1 Evacuation Pause) 661M->49M(1024M) 12.999ms
[2025-12-24T17:48:23.050+0000][gc,cpu      ] GC(200) User=0.07s Sys=0.00s Real=0.01s
[2025-12-24T17:49:22.882+0000][gc,start    ] GC(201) Pause Young (Normal) (G1 Evacuation Pause)
[2025-12-24T17:49:22.882+0000][gc,task     ] GC(201) Using 8 workers of 8 for evacuation
[2025-12-24T17:49:22.894+0000][gc,phases   ] GC(201)   Pre Evacuate Collection Set: 1.1ms
[2025-12-24T17:49:22.894+0000][gc,phases   ] GC(201)   Merge Heap Roots: 0.2ms
[2025-12-24T17:49:22.894+0000][gc,phases   ] GC(201)   Evacuate Collection Set: 8.1ms
[2025-12-24T17:49:22.894+0000][gc,phases   ] GC(201)   Post Evacuate Collection Set: 2.1ms
[2025-12-24T17:49:22.894+0000][gc,phases   ] GC(201)   Other: 0.2ms
[2025-12-24T17:49:22.894+0000][gc,heap     ] GC(201) Eden regions: 611->0(612)
[2025-12-24T17:49:22.894+0000][gc,heap     ] GC(201) Survivor regions: 3->2(77)
[2025-12-24T17:49:22.894+0000][gc,heap     ] GC(201) Old regions: 28->29
[2025-12-24T17:49:22.894+0000][gc,heap     ] GC(201) Humongous regions: 20->20
[2025-12-24T17:49:22.894+0000][gc,metaspace] GC(201) Metaspace: 12484K(12864K)->12484K(12864K) NonClass: 11382K(11520K)->11382K(11520K) Class: 1101K(1344K)->1101K(1344K)
[2025-12-24T17:49:22.894+0000][gc          ] GC(201) Pause Young (Normal) (G1 Evacuation Pause) 660M->49M(1024M) 12.926ms
[2025-12-24T17:49:22.895+0000][gc,cpu      ] GC(201) User=0.07s Sys=0.00s Real=0.01s
[2025-12-24T17:50:22.714+0000][gc,start    ] GC(202) Pause Young (Normal) (G1 Evacuation Pause)
[2025-12-24T17:50:22.714+0000][gc,task     ] GC(202) Using 8 workers of 8 for evacuation
[2025-12-24T17:50:22.729+0000][gc,phases   ] GC(202)   Pre Evacuate Collection Set: 5.5ms
[2025-12-24T17:50:22.729+0000][gc,phases   ] GC(202)   Merge Heap Roots: 0.4ms
[2025-12-24T17:50:22.729+0000][gc,phases   ] GC(202)   Evacuate Collection Set: 5.2ms
[2025-12-24T17:50:22.729+0000][gc,phases   ] GC(202)   Post Evacuate Collection Set: 2.8ms
[2025-12-24T17:50:22.729+0000][gc,phases   ] GC(202)   Other: 0.6ms
[2025-12-24T17:50:22.729+0000][gc,heap     ] GC(202) Eden regions: 612->0(613)
[2025-12-24T17:50:22.729+0000][gc,heap     ] GC(202) Survivor regions: 2->1(77)
[2025-12-24T17:50:22.729+0000][gc,heap     ] GC(202) Old regions: 29->29
[2025-12-24T17:50:22.730+0000][gc,heap     ] GC(202) Humongous regions: 20->20
[2025-12-24T17:50:22.730+0000][gc,metaspace] GC(202) Metaspace: 12484K(12864K)->12484K(12864K) NonClass: 11382K(11520K)->11382K(11520K) Class: 1101K(1344K)->1101K(1344K)
[2025-12-24T17:50:22.730+0000][gc          ] GC(202) Pause Young (Normal) (G1 Evacuation Pause) 661M->48M(1024M) 16.140ms
[2025-12-24T17:50:22.730+0000][gc,cpu      ] GC(202) User=0.08s Sys=0.00s Real=0.01s
[2025-12-24T17:51:12.934+0000][gc,start    ] GC(203) Pause Young (Normal) (G1 Evacuation Pause)
[2025-12-24T17:51:12.934+0000][gc,task     ] GC(203) Using 8 workers of 8 for evacuation
[2025-12-24T17:51:12.947+0000][gc,phases   ] GC(203)   Pre Evacuate Collection Set: 1.0ms
[2025-12-24T17:51:12.947+0000][gc,phases   ] GC(203)   Merge Heap Roots: 1.6ms
[2025-12-24T17:51:12.947+0000][gc,phases   ] GC(203)   Evacuate Collection Set: 9.2ms
[2025-12-24T17:51:12.947+0000][gc,phases   ] GC(203)   Post Evacuate Collection Set: 1.1ms
[2025-12-24T17:51:12.947+0000][gc,phases   ] GC(203)   Other: 0.2ms
[2025-12-24T17:51:12.948+0000][gc,heap     ] GC(203) Eden regions: 613->0(612)
[2025-12-24T17:51:12.948+0000][gc,heap     ] GC(203) Survivor regions: 1->2(77)
[2025-12-24T17:51:12.948+0000][gc,heap     ] GC(203) Old regions: 29->29
[2025-12-24T17:51:12.948+0000][gc,heap     ] GC(203) Humongous regions: 20->20
[2025-12-24T17:51:12.948+0000][gc,metaspace] GC(203) Metaspace: 12484K(12864K)->12484K(12864K) NonClass: 11382K(11520K)->11382K(11520K) Class: 1101K(1344K)->1101K(1344K)
[2025-12-24T17:51:12.948+0000][gc          ] GC(203) Pause Young (Normal) (G1 Evacuation Pause) 661M->49M(1024M) 14.026ms
[2025-12-24T17:51:12.948+0000][gc,cpu      ] GC(203) User=0.08s Sys=0.01s Real=0.01s
[2025-12-24T17:52:12.772+0000][gc,start    ] GC(204) Pause Young (Normal) (G1 Evacuation Pause)
[2025-12-24T17:52:12.772+0000][gc,task     ] GC(204) Using 8 workers of 8 for evacuation
[2025-12-24T17:52:12.784+0000][gc,phases   ] GC(204)   Pre Evacuate Collection Set: 1.1ms
[2025-12-24T17:52:12.784+0000][gc,phases   ] GC(204)   Merge Heap Roots: 0.2ms
[2025-12-24T17:52:12.784+0000][gc,phases   ] GC(204)   Evacuate Collection Set: 3.3ms
[2025-12-24T17:52:12.785+0000][gc,phases   ] GC(204)   Post Evacuate Collection Set: 6.8ms
[2025-12-24T17:52:12.785+0000][gc,phases   ] GC(204)   Other: 0.4ms
[2025-12-24T17:52:12.785+0000][gc,heap     ] GC(204) Eden regions: 612->0(613)
[2025-12-24T17:52:12.785+0000][gc,heap     ] GC(204) Survivor regions: 2->1(77)
[2025-12-24T17:52:12.785+0000][gc,heap     ] GC(204) Old regions: 29->29
[2025-12-24T17:52:12.785+0000][gc,heap     ] GC(204) Humongous regions: 20->20
[2025-12-24T17:52:12.785+0000][gc,metaspace] GC(204) Metaspace: 12484K(12864K)->12484K(12864K) NonClass: 11382K(11520K)->11382K(11520K) Class: 1101K(1344K)->1101K(1344K)
[2025-12-24T17:52:12.785+0000][gc          ] GC(204) Pause Young (Normal) (G1 Evacuation Pause) 661M->48M(1024M) 13.195ms
[2025-12-24T17:52:12.785+0000][gc,cpu      ] GC(204) User=0.05s Sys=0.00s Real=0.01s
[2025-12-24T17:53:02.980+0000][gc,start    ] GC(205) Pause Young (Normal) (G1 Evacuation Pause)
[2025-12-24T17:53:02.981+0000][gc,task     ] GC(205) Using 8 workers of 8 for evacuation
[2025-12-24T17:53:02.992+0000][gc,phases   ] GC(205)   Pre Evacuate Collection Set: 1.0ms
[2025-12-24T17:53:02.992+0000][gc,phases   ] GC(205)   Merge Heap Roots: 0.2ms
[2025-12-24T17:53:02.992+0000][gc,phases   ] GC(205)   Evacuate Collection Set: 7.9ms
[2025-12-24T17:53:02.992+0000][gc,phases   ] GC(205)   Post Evacuate Collection Set: 1.8ms
[2025-12-24T17:53:02.992+0000][gc,phases   ] GC(205)   Other: 0.2ms
[2025-12-24T17:53:02.992+0000][gc,heap     ] GC(205) Eden regions: 613->0(612)
[2025-12-24T17:53:02.992+0000][gc,heap     ] GC(205) Survivor regions: 1->2(77)
[2025-12-24T17:53:02.992+0000][gc,heap     ] GC(205) Old regions: 29->29
[2025-12-24T17:53:02.992+0000][gc,heap     ] GC(205) Humongous regions: 20->20
[2025-12-24T17:53:02.992+0000][gc,metaspace] GC(205) Metaspace: 12484K(12864K)->12484K(12864K) NonClass: 11382K(11520K)->11382K(11520K) Class: 1101K(1344K)->1101K(1344K)
[2025-12-24T17:53:02.992+0000][gc          ] GC(205) Pause Young (Normal) (G1 Evacuation Pause) 661M->49M(1024M) 12.784ms
[2025-12-24T17:53:02.993+0000][gc,cpu      ] GC(205) User=0.07s Sys=0.00s Real=0.01s
[2025-12-24T17:54:02.850+0000][gc,start    ] GC(206) Pause Young (Normal) (G1 Evacuation Pause)
[2025-12-24T17:54:02.851+0000][gc,task     ] GC(206) Using 8 workers of 8 for evacuation
[2025-12-24T17:54:02.885+0000][gc,phases   ] GC(206)   Pre Evacuate Collection Set: 3.5ms
[2025-12-24T17:54:02.886+0000][gc,phases   ] GC(206)   Merge Heap Roots: 3.0ms
[2025-12-24T17:54:02.888+0000][gc,phases   ] GC(206)   Evacuate Collection Set: 22.5ms
[2025-12-24T17:54:02.889+0000][gc,phases   ] GC(206)   Post Evacuate Collection Set: 3.3ms
[2025-12-24T17:54:02.890+0000][gc,phases   ] GC(206)   Other: 2.1ms
[2025-12-24T17:54:02.890+0000][gc,heap     ] GC(206) Eden regions: 612->0(613)
[2025-12-24T17:54:02.892+0000][gc,heap     ] GC(206) Survivor regions: 2->1(77)
[2025-12-24T17:54:02.893+0000][gc,heap     ] GC(206) Old regions: 29->29
[2025-12-24T17:54:02.894+0000][gc,heap     ] GC(206) Humongous regions: 20->20
[2025-12-24T17:54:02.895+0000][gc,metaspace] GC(206) Metaspace: 12484K(12864K)->12484K(12864K) NonClass: 11382K(11520K)->11382K(11520K) Class: 1101K(1344K)->1101K(1344K)
[2025-12-24T17:54:02.895+0000][gc          ] GC(206) Pause Young (Normal) (G1 Evacuation Pause) 661M->49M(1024M) 44.870ms
[2025-12-24T17:54:02.896+0000][gc,cpu      ] GC(206) User=0.07s Sys=0.01s Real=0.05s
[2025-12-24T17:54:53.020+0000][gc,start    ] GC(207) Pause Young (Normal) (G1 Evacuation Pause)
[2025-12-24T17:54:53.021+0000][gc,task     ] GC(207) Using 8 workers of 8 for evacuation
[2025-12-24T17:54:53.026+0000][gc,phases   ] GC(207)   Pre Evacuate Collection Set: 1.1ms
[2025-12-24T17:54:53.026+0000][gc,phases   ] GC(207)   Merge Heap Roots: 0.2ms
[2025-12-24T17:54:53.026+0000][gc,phases   ] GC(207)   Evacuate Collection Set: 2.6ms
[2025-12-24T17:54:53.026+0000][gc,phases   ] GC(207)   Post Evacuate Collection Set: 1.0ms
[2025-12-24T17:54:53.026+0000][gc,phases   ] GC(207)   Other: 0.3ms
[2025-12-24T17:54:53.027+0000][gc,heap     ] GC(207) Eden regions: 613->0(612)
[2025-12-24T17:54:53.027+0000][gc,heap     ] GC(207) Survivor regions: 1->2(77)
[2025-12-24T17:54:53.027+0000][gc,heap     ] GC(207) Old regions: 29->29
[2025-12-24T17:54:53.027+0000][gc,heap     ] GC(207) Humongous regions: 20->20
[2025-12-24T17:54:53.027+0000][gc,metaspace] GC(207) Metaspace: 12484K(12864K)->12484K(12864K) NonClass: 11382K(11520K)->11382K(11520K) Class: 1101K(1344K)->1101K(1344K)
[2025-12-24T17:54:53.027+0000][gc          ] GC(207) Pause Young (Normal) (G1 Evacuation Pause) 662M->49M(1024M) 6.416ms
[2025-12-24T17:54:53.027+0000][gc,cpu      ] GC(207) User=0.03s Sys=0.00s Real=0.00s
[2025-12-24T17:55:52.948+0000][gc,start    ] GC(208) Pause Young (Normal) (G1 Evacuation Pause)
[2025-12-24T17:55:52.949+0000][gc,task     ] GC(208) Using 8 workers of 8 for evacuation
[2025-12-24T17:55:52.968+0000][gc,phases   ] GC(208)   Pre Evacuate Collection Set: 1.3ms
[2025-12-24T17:55:52.968+0000][gc,phases   ] GC(208)   Merge Heap Roots: 0.2ms
[2025-12-24T17:55:52.968+0000][gc,phases   ] GC(208)   Evacuate Collection Set: 14.8ms
[2025-12-24T17:55:52.968+0000][gc,phases   ] GC(208)   Post Evacuate Collection Set: 2.2ms
[2025-12-24T17:55:52.968+0000][gc,phases   ] GC(208)   Other: 0.4ms
[2025-12-24T17:55:52.969+0000][gc,heap     ] GC(208) Eden regions: 612->0(612)
[2025-12-24T17:55:52.969+0000][gc,heap     ] GC(208) Survivor regions: 2->2(77)
[2025-12-24T17:55:52.969+0000][gc,heap     ] GC(208) Old regions: 29->29
[2025-12-24T17:55:52.969+0000][gc,heap     ] GC(208) Humongous regions: 20->20
[2025-12-24T17:55:52.969+0000][gc,metaspace] GC(208) Metaspace: 12484K(12864K)->12484K(12864K) NonClass: 11382K(11520K)->11382K(11520K) Class: 1101K(1344K)->1101K(1344K)
[2025-12-24T17:55:52.969+0000][gc          ] GC(208) Pause Young (Normal) (G1 Evacuation Pause) 661M->49M(1024M) 20.605ms
[2025-12-24T17:55:52.969+0000][gc,cpu      ] GC(208) User=0.12s Sys=0.00s Real=0.02s
[2025-12-24T17:56:52.782+0000][gc,start    ] GC(209) Pause Young (Normal) (G1 Evacuation Pause)
[2025-12-24T17:56:52.783+0000][gc,task     ] GC(209) Using 8 workers of 8 for evacuation
[2025-12-24T17:56:52.799+0000][gc,phases   ] GC(209)   Pre Evacuate Collection Set: 2.8ms
[2025-12-24T17:56:52.799+0000][gc,phases   ] GC(209)   Merge Heap Roots: 0.5ms
[2025-12-24T17:56:52.799+0000][gc,phases   ] GC(209)   Evacuate Collection Set: 8.4ms
[2025-12-24T17:56:52.799+0000][gc,phases   ] GC(209)   Post Evacuate Collection Set: 2.2ms
[2025-12-24T17:56:52.799+0000][gc,phases   ] GC(209)   Other: 1.4ms
[2025-12-24T17:56:52.799+0000][gc,heap     ] GC(209) Eden regions: 612->0(613)
[2025-12-24T17:56:52.799+0000][gc,heap     ] GC(209) Survivor regions: 2->1(77)
[2025-12-24T17:56:52.799+0000][gc,heap     ] GC(209) Old regions: 29->29
[2025-12-24T17:56:52.799+0000][gc,heap     ] GC(209) Humongous regions: 20->20
[2025-12-24T17:56:52.799+0000][gc,metaspace] GC(209) Metaspace: 12484K(12864K)->12484K(12864K) NonClass: 11382K(11520K)->11382K(11520K) Class: 1101K(1344K)->1101K(1344K)
[2025-12-24T17:56:52.799+0000][gc          ] GC(209) Pause Young (Normal) (G1 Evacuation Pause) 661M->49M(1024M) 17.162ms
[2025-12-24T17:56:52.799+0000][gc,cpu      ] GC(209) User=0.09s Sys=0.00s Real=0.02s
[2025-12-24T17:57:43.071+0000][gc,start    ] GC(210) Pause Young (Normal) (G1 Evacuation Pause)
[2025-12-24T17:57:43.072+0000][gc,task     ] GC(210) Using 8 workers of 8 for evacuation
[2025-12-24T17:57:43.089+0000][gc,phases   ] GC(210)   Pre Evacuate Collection Set: 3.1ms
[2025-12-24T17:57:43.089+0000][gc,phases   ] GC(210)   Merge Heap Roots: 0.3ms
[2025-12-24T17:57:43.089+0000][gc,phases   ] GC(210)   Evacuate Collection Set: 10.3ms
[2025-12-24T17:57:43.089+0000][gc,phases   ] GC(210)   Post Evacuate Collection Set: 2.6ms
[2025-12-24T17:57:43.089+0000][gc,phases   ] GC(210)   Other: 0.8ms
[2025-12-24T17:57:43.089+0000][gc,heap     ] GC(210) Eden regions: 613->0(612)
[2025-12-24T17:57:43.089+0000][gc,heap     ] GC(210) Survivor regions: 1->2(77)
[2025-12-24T17:57:43.089+0000][gc,heap     ] GC(210) Old regions: 29->29
[2025-12-24T17:57:43.089+0000][gc,heap     ] GC(210) Humongous regions: 20->20
[2025-12-24T17:57:43.089+0000][gc,metaspace] GC(210) Metaspace: 12484K(12864K)->12484K(12864K) NonClass: 11382K(11520K)->11382K(11520K) Class: 1101K(1344K)->1101K(1344K)
[2025-12-24T17:57:43.089+0000][gc          ] GC(210) Pause Young (Normal) (G1 Evacuation Pause) 662M->49M(1024M) 18.718ms
[2025-12-24T17:57:43.089+0000][gc,cpu      ] GC(210) User=0.09s Sys=0.00s Real=0.02s
[2025-12-24T17:58:42.807+0000][gc,start    ] GC(211) Pause Young (Normal) (G1 Evacuation Pause)
[2025-12-24T17:58:42.808+0000][gc,task     ] GC(211) Using 8 workers of 8 for evacuation
[2025-12-24T17:58:42.820+0000][gc,phases   ] GC(211)   Pre Evacuate Collection Set: 1.8ms
[2025-12-24T17:58:42.820+0000][gc,phases   ] GC(211)   Merge Heap Roots: 0.3ms
[2025-12-24T17:58:42.820+0000][gc,phases   ] GC(211)   Evacuate Collection Set: 5.9ms
[2025-12-24T17:58:42.820+0000][gc,phases   ] GC(211)   Post Evacuate Collection Set: 3.4ms
[2025-12-24T17:58:42.820+0000][gc,phases   ] GC(211)   Other: 0.7ms
[2025-12-24T17:58:42.820+0000][gc,heap     ] GC(211) Eden regions: 612->0(613)
[2025-12-24T17:58:42.820+0000][gc,heap     ] GC(211) Survivor regions: 2->1(77)
[2025-12-24T17:58:42.820+0000][gc,heap     ] GC(211) Old regions: 29->29
[2025-12-24T17:58:42.820+0000][gc,heap     ] GC(211) Humongous regions: 20->20
[2025-12-24T17:58:42.821+0000][gc,metaspace] GC(211) Metaspace: 12485K(12864K)->12485K(12864K) NonClass: 11383K(11520K)->11383K(11520K) Class: 1101K(1344K)->1101K(1344K)
[2025-12-24T17:58:42.821+0000][gc          ] GC(211) Pause Young (Normal) (G1 Evacuation Pause) 661M->49M(1024M) 14.445ms
[2025-12-24T17:58:42.821+0000][gc,cpu      ] GC(211) User=0.07s Sys=0.00s Real=0.02s
[2025-12-24T17:59:33.028+0000][gc,start    ] GC(212) Pause Young (Normal) (G1 Evacuation Pause)
[2025-12-24T17:59:33.028+0000][gc,task     ] GC(212) Using 8 workers of 8 for evacuation
[2025-12-24T17:59:33.039+0000][gc,phases   ] GC(212)   Pre Evacuate Collection Set: 1.1ms
[2025-12-24T17:59:33.039+0000][gc,phases   ] GC(212)   Merge Heap Roots: 0.2ms
[2025-12-24T17:59:33.039+0000][gc,phases   ] GC(212)   Evacuate Collection Set: 7.9ms
[2025-12-24T17:59:33.039+0000][gc,phases   ] GC(212)   Post Evacuate Collection Set: 1.1ms
[2025-12-24T17:59:33.039+0000][gc,phases   ] GC(212)   Other: 0.3ms
[2025-12-24T17:59:33.039+0000][gc,heap     ] GC(212) Eden regions: 613->0(612)
[2025-12-24T17:59:33.039+0000][gc,heap     ] GC(212) Survivor regions: 1->2(77)
[2025-12-24T17:59:33.039+0000][gc,heap     ] GC(212) Old regions: 29->29
[2025-12-24T17:59:33.039+0000][gc,heap     ] GC(212) Humongous regions: 20->20
[2025-12-24T17:59:33.039+0000][gc,metaspace] GC(212) Metaspace: 12485K(12864K)->12485K(12864K) NonClass: 11383K(11520K)->11383K(11520K) Class: 1101K(1344K)->1101K(1344K)
[2025-12-24T17:59:33.039+0000][gc          ] GC(212) Pause Young (Normal) (G1 Evacuation Pause) 662M->50M(1024M) 11.769ms
[2025-12-24T17:59:33.039+0000][gc,cpu      ] GC(212) User=0.07s Sys=0.00s Real=0.01s
[2025-12-24T18:00:32.865+0000][gc,start    ] GC(213) Pause Young (Normal) (G1 Evacuation Pause)
[2025-12-24T18:00:32.867+0000][gc,task     ] GC(213) Using 8 workers of 8 for evacuation
[2025-12-24T18:00:32.878+0000][gc,phases   ] GC(213)   Pre Evacuate Collection Set: 3.2ms
[2025-12-24T18:00:32.878+0000][gc,phases   ] GC(213)   Merge Heap Roots: 0.5ms
[2025-12-24T18:00:32.878+0000][gc,phases   ] GC(213)   Evacuate Collection Set: 5.5ms
[2025-12-24T18:00:32.878+0000][gc,phases   ] GC(213)   Post Evacuate Collection Set: 1.6ms
[2025-12-24T18:00:32.878+0000][gc,phases   ] GC(213)   Other: 1.0ms
[2025-12-24T18:00:32.878+0000][gc,heap     ] GC(213) Eden regions: 612->0(612)
[2025-12-24T18:00:32.879+0000][gc,heap     ] GC(213) Survivor regions: 2->2(77)
[2025-12-24T18:00:32.879+0000][gc,heap     ] GC(213) Old regions: 29->29
[2025-12-24T18:00:32.879+0000][gc,heap     ] GC(213) Humongous regions: 20->20
[2025-12-24T18:00:32.879+0000][gc,metaspace] GC(213) Metaspace: 12485K(12864K)->12485K(12864K) NonClass: 11383K(11520K)->11383K(11520K) Class: 1101K(1344K)->1101K(1344K)
[2025-12-24T18:00:32.879+0000][gc          ] GC(213) Pause Young (Normal) (G1 Evacuation Pause) 662M->49M(1024M) 14.458ms
[2025-12-24T18:00:32.879+0000][gc,cpu      ] GC(213) User=0.07s Sys=0.00s Real=0.01s
[2025-12-24T18:01:32.700+0000][gc,start    ] GC(214) Pause Young (Normal) (G1 Evacuation Pause)
[2025-12-24T18:01:32.701+0000][gc,task     ] GC(214) Using 8 workers of 8 for evacuation
[2025-12-24T18:01:32.707+0000][gc,phases   ] GC(214)   Pre Evacuate Collection Set: 1.2ms
[2025-12-24T18:01:32.707+0000][gc,phases   ] GC(214)   Merge Heap Roots: 0.2ms
[2025-12-24T18:01:32.707+0000][gc,phases   ] GC(214)   Evacuate Collection Set: 3.1ms
[2025-12-24T18:01:32.707+0000][gc,phases   ] GC(214)   Post Evacuate Collection Set: 1.1ms
[2025-12-24T18:01:32.707+0000][gc,phases   ] GC(214)   Other: 0.4ms
[2025-12-24T18:01:32.707+0000][gc,heap     ] GC(214) Eden regions: 612->0(613)
[2025-12-24T18:01:32.707+0000][gc,heap     ] GC(214) Survivor regions: 2->1(77)
[2025-12-24T18:01:32.707+0000][gc,heap     ] GC(214) Old regions: 29->29
[2025-12-24T18:01:32.707+0000][gc,heap     ] GC(214) Humongous regions: 20->20
[2025-12-24T18:01:32.707+0000][gc,metaspace] GC(214) Metaspace: 12486K(12864K)->12486K(12864K) NonClass: 11384K(11520K)->11384K(11520K) Class: 1101K(1344K)->1101K(1344K)
[2025-12-24T18:01:32.707+0000][gc          ] GC(214) Pause Young (Normal) (G1 Evacuation Pause) 661M->49M(1024M) 7.277ms
[2025-12-24T18:01:32.707+0000][gc,cpu      ] GC(214) User=0.03s Sys=0.00s Real=0.00s
[2025-12-24T18:02:23.113+0000][gc,start    ] GC(215) Pause Young (Normal) (G1 Evacuation Pause)
[2025-12-24T18:02:23.114+0000][gc,task     ] GC(215) Using 8 workers of 8 for evacuation
[2025-12-24T18:02:23.124+0000][gc,phases   ] GC(215)   Pre Evacuate Collection Set: 1.2ms
[2025-12-24T18:02:23.124+0000][gc,phases   ] GC(215)   Merge Heap Roots: 0.2ms
[2025-12-24T18:02:23.124+0000][gc,phases   ] GC(215)   Evacuate Collection Set: 7.3ms
[2025-12-24T18:02:23.124+0000][gc,phases   ] GC(215)   Post Evacuate Collection Set: 1.2ms
[2025-12-24T18:02:23.124+0000][gc,phases   ] GC(215)   Other: 0.4ms
[2025-12-24T18:02:23.124+0000][gc,heap     ] GC(215) Eden regions: 613->0(612)
[2025-12-24T18:02:23.124+0000][gc,heap     ] GC(215) Survivor regions: 1->2(77)
[2025-12-24T18:02:23.124+0000][gc,heap     ] GC(215) Old regions: 29->29
[2025-12-24T18:02:23.124+0000][gc,heap     ] GC(215) Humongous regions: 20->20
[2025-12-24T18:02:23.124+0000][gc,metaspace] GC(215) Metaspace: 12486K(12864K)->12486K(12864K) NonClass: 11384K(11520K)->11384K(11520K) Class: 1101K(1344K)->1101K(1344K)
[2025-12-24T18:02:23.124+0000][gc          ] GC(215) Pause Young (Normal) (G1 Evacuation Pause) 662M->49M(1024M) 11.384ms
[2025-12-24T18:02:23.124+0000][gc,cpu      ] GC(215) User=0.06s Sys=0.00s Real=0.01s
[2025-12-24T18:03:22.780+0000][gc,start    ] GC(216) Pause Young (Normal) (G1 Evacuation Pause)
[2025-12-24T18:03:22.780+0000][gc,task     ] GC(216) Using 8 workers of 8 for evacuation
[2025-12-24T18:03:22.788+0000][gc,phases   ] GC(216)   Pre Evacuate Collection Set: 2.1ms
[2025-12-24T18:03:22.788+0000][gc,phases   ] GC(216)   Merge Heap Roots: 0.4ms
[2025-12-24T18:03:22.788+0000][gc,phases   ] GC(216)   Evacuate Collection Set: 3.4ms
[2025-12-24T18:03:22.788+0000][gc,phases   ] GC(216)   Post Evacuate Collection Set: 1.2ms
[2025-12-24T18:03:22.788+0000][gc,phases   ] GC(216)   Other: 0.4ms
[2025-12-24T18:03:22.788+0000][gc,heap     ] GC(216) Eden regions: 612->0(613)
[2025-12-24T18:03:22.788+0000][gc,heap     ] GC(216) Survivor regions: 2->1(77)
[2025-12-24T18:03:22.788+0000][gc,heap     ] GC(216) Old regions: 29->29
[2025-12-24T18:03:22.788+0000][gc,heap     ] GC(216) Humongous regions: 20->20
[2025-12-24T18:03:22.788+0000][gc,metaspace] GC(216) Metaspace: 12486K(12864K)->12486K(12864K) NonClass: 11384K(11520K)->11384K(11520K) Class: 1101K(1344K)->1101K(1344K)
[2025-12-24T18:03:22.788+0000][gc          ] GC(216) Pause Young (Normal) (G1 Evacuation Pause) 661M->49M(1024M) 8.604ms
[2025-12-24T18:03:22.788+0000][gc,cpu      ] GC(216) User=0.05s Sys=0.00s Real=0.01s
[2025-12-24T18:04:12.987+0000][gc,start    ] GC(217) Pause Young (Normal) (G1 Evacuation Pause)
[2025-12-24T18:04:12.988+0000][gc,task     ] GC(217) Using 8 workers of 8 for evacuation
[2025-12-24T18:04:12.998+0000][gc,phases   ] GC(217)   Pre Evacuate Collection Set: 1.2ms
[2025-12-24T18:04:12.998+0000][gc,phases   ] GC(217)   Merge Heap Roots: 0.3ms
[2025-12-24T18:04:12.998+0000][gc,phases   ] GC(217)   Evacuate Collection Set: 7.1ms
[2025-12-24T18:04:12.998+0000][gc,phases   ] GC(217)   Post Evacuate Collection Set: 1.4ms
[2025-12-24T18:04:12.998+0000][gc,phases   ] GC(217)   Other: 0.2ms
[2025-12-24T18:04:12.998+0000][gc,heap     ] GC(217) Eden regions: 613->0(612)
[2025-12-24T18:04:12.998+0000][gc,heap     ] GC(217) Survivor regions: 1->2(77)
[2025-12-24T18:04:12.998+0000][gc,heap     ] GC(217) Old regions: 29->29
[2025-12-24T18:04:12.998+0000][gc,heap     ] GC(217) Humongous regions: 20->20
[2025-12-24T18:04:12.998+0000][gc,metaspace] GC(217) Metaspace: 12486K(12864K)->12486K(12864K) NonClass: 11384K(11520K)->11384K(11520K) Class: 1101K(1344K)->1101K(1344K)
[2025-12-24T18:04:12.998+0000][gc          ] GC(217) Pause Young (Normal) (G1 Evacuation Pause) 662M->50M(1024M) 11.282ms
[2025-12-24T18:04:12.998+0000][gc,cpu      ] GC(217) User=0.07s Sys=0.00s Real=0.01s
[2025-12-24T18:05:12.837+0000][gc,start    ] GC(218) Pause Young (Normal) (G1 Evacuation Pause)
[2025-12-24T18:05:12.838+0000][gc,task     ] GC(218) Using 8 workers of 8 for evacuation
[2025-12-24T18:05:12.842+0000][gc,phases   ] GC(218)   Pre Evacuate Collection Set: 1.1ms
[2025-12-24T18:05:12.842+0000][gc,phases   ] GC(218)   Merge Heap Roots: 0.2ms
[2025-12-24T18:05:12.842+0000][gc,phases   ] GC(218)   Evacuate Collection Set: 2.2ms
[2025-12-24T18:05:12.842+0000][gc,phases   ] GC(218)   Post Evacuate Collection Set: 0.9ms
[2025-12-24T18:05:12.842+0000][gc,phases   ] GC(218)   Other: 0.2ms
[2025-12-24T18:05:12.843+0000][gc,heap     ] GC(218) Eden regions: 612->0(612)
[2025-12-24T18:05:12.843+0000][gc,heap     ] GC(218) Survivor regions: 2->2(77)
[2025-12-24T18:05:12.843+0000][gc,heap     ] GC(218) Old regions: 29->29
[2025-12-24T18:05:12.843+0000][gc,heap     ] GC(218) Humongous regions: 20->20
[2025-12-24T18:05:12.843+0000][gc,metaspace] GC(218) Metaspace: 12490K(12864K)->12490K(12864K) NonClass: 11388K(11520K)->11388K(11520K) Class: 1101K(1344K)->1101K(1344K)
[2025-12-24T18:05:12.843+0000][gc          ] GC(218) Pause Young (Normal) (G1 Evacuation Pause) 662M->49M(1024M) 5.814ms
[2025-12-24T18:05:12.843+0000][gc,cpu      ] GC(218) User=0.02s Sys=0.00s Real=0.00s
[2025-12-24T18:06:12.663+0000][gc,start    ] GC(219) Pause Young (Normal) (G1 Evacuation Pause)
[2025-12-24T18:06:12.664+0000][gc,task     ] GC(219) Using 8 workers of 8 for evacuation
[2025-12-24T18:06:12.672+0000][gc,phases   ] GC(219)   Pre Evacuate Collection Set: 1.2ms
[2025-12-24T18:06:12.672+0000][gc,phases   ] GC(219)   Merge Heap Roots: 0.2ms
[2025-12-24T18:06:12.672+0000][gc,phases   ] GC(219)   Evacuate Collection Set: 5.3ms
[2025-12-24T18:06:12.672+0000][gc,phases   ] GC(219)   Post Evacuate Collection Set: 1.2ms
[2025-12-24T18:06:12.672+0000][gc,phases   ] GC(219)   Other: 0.4ms
[2025-12-24T18:06:12.673+0000][gc,heap     ] GC(219) Eden regions: 612->0(613)
[2025-12-24T18:06:12.673+0000][gc,heap     ] GC(219) Survivor regions: 2->1(77)
[2025-12-24T18:06:12.673+0000][gc,heap     ] GC(219) Old regions: 29->29
[2025-12-24T18:06:12.673+0000][gc,heap     ] GC(219) Humongous regions: 20->20
[2025-12-24T18:06:12.673+0000][gc,metaspace] GC(219) Metaspace: 12490K(12864K)->12490K(12864K) NonClass: 11388K(11520K)->11388K(11520K) Class: 1101K(1344K)->1101K(1344K)
[2025-12-24T18:06:12.673+0000][gc          ] GC(219) Pause Young (Normal) (G1 Evacuation Pause) 661M->49M(1024M) 9.687ms
[2025-12-24T18:06:12.673+0000][gc,cpu      ] GC(219) User=0.05s Sys=0.00s Real=0.01s
[2025-12-24T18:07:02.898+0000][gc,start    ] GC(220) Pause Young (Normal) (G1 Evacuation Pause)
[2025-12-24T18:07:02.900+0000][gc,task     ] GC(220) Using 8 workers of 8 for evacuation
[2025-12-24T18:07:02.909+0000][gc,phases   ] GC(220)   Pre Evacuate Collection Set: 1.1ms
[2025-12-24T18:07:02.909+0000][gc,phases   ] GC(220)   Merge Heap Roots: 0.2ms
[2025-12-24T18:07:02.909+0000][gc,phases   ] GC(220)   Evacuate Collection Set: 6.2ms
[2025-12-24T18:07:02.909+0000][gc,phases   ] GC(220)   Post Evacuate Collection Set: 1.3ms
[2025-12-24T18:07:02.910+0000][gc,phases   ] GC(220)   Other: 0.3ms
[2025-12-24T18:07:02.910+0000][gc,heap     ] GC(220) Eden regions: 613->0(612)
[2025-12-24T18:07:02.910+0000][gc,heap     ] GC(220) Survivor regions: 1->2(77)
[2025-12-24T18:07:02.910+0000][gc,heap     ] GC(220) Old regions: 29->29
[2025-12-24T18:07:02.910+0000][gc,heap     ] GC(220) Humongous regions: 20->20
[2025-12-24T18:07:02.910+0000][gc,metaspace] GC(220) Metaspace: 12491K(12864K)->12491K(12864K) NonClass: 11389K(11520K)->11389K(11520K) Class: 1101K(1344K)->1101K(1344K)
[2025-12-24T18:07:02.910+0000][gc          ] GC(220) Pause Young (Normal) (G1 Evacuation Pause) 662M->50M(1024M) 11.766ms
[2025-12-24T18:07:02.910+0000][gc,cpu      ] GC(220) User=0.06s Sys=0.00s Real=0.01s
[2025-12-24T18:08:02.755+0000][gc,start    ] GC(221) Pause Young (Normal) (G1 Evacuation Pause)
[2025-12-24T18:08:02.756+0000][gc,task     ] GC(221) Using 8 workers of 8 for evacuation
[2025-12-24T18:08:02.761+0000][gc,phases   ] GC(221)   Pre Evacuate Collection Set: 1.3ms
[2025-12-24T18:08:02.762+0000][gc,phases   ] GC(221)   Merge Heap Roots: 0.2ms
[2025-12-24T18:08:02.762+0000][gc,phases   ] GC(221)   Evacuate Collection Set: 2.7ms
[2025-12-24T18:08:02.762+0000][gc,phases   ] GC(221)   Post Evacuate Collection Set: 1.1ms
[2025-12-24T18:08:02.762+0000][gc,phases   ] GC(221)   Other: 0.3ms
[2025-12-24T18:08:02.762+0000][gc,heap     ] GC(221) Eden regions: 612->0(613)
[2025-12-24T18:08:02.762+0000][gc,heap     ] GC(221) Survivor regions: 2->1(77)
[2025-12-24T18:08:02.762+0000][gc,heap     ] GC(221) Old regions: 29->29
[2025-12-24T18:08:02.762+0000][gc,heap     ] GC(221) Humongous regions: 20->20
[2025-12-24T18:08:02.762+0000][gc,metaspace] GC(221) Metaspace: 12491K(12864K)->12491K(12864K) NonClass: 11389K(11520K)->11389K(11520K) Class: 1101K(1344K)->1101K(1344K)
[2025-12-24T18:08:02.762+0000][gc          ] GC(221) Pause Young (Normal) (G1 Evacuation Pause) 662M->49M(1024M) 6.857ms
[2025-12-24T18:08:02.762+0000][gc,cpu      ] GC(221) User=0.02s Sys=0.00s Real=0.00s
[2025-12-24T18:08:53.037+0000][gc,start    ] GC(222) Pause Young (Normal) (G1 Evacuation Pause)
[2025-12-24T18:08:53.038+0000][gc,task     ] GC(222) Using 8 workers of 8 for evacuation
[2025-12-24T18:08:53.052+0000][gc,phases   ] GC(222)   Pre Evacuate Collection Set: 1.4ms
[2025-12-24T18:08:53.052+0000][gc,phases   ] GC(222)   Merge Heap Roots: 0.3ms
[2025-12-24T18:08:53.053+0000][gc,phases   ] GC(222)   Evacuate Collection Set: 10.9ms
[2025-12-24T18:08:53.053+0000][gc,phases   ] GC(222)   Post Evacuate Collection Set: 1.3ms
[2025-12-24T18:08:53.053+0000][gc,phases   ] GC(222)   Other: 0.4ms
[2025-12-24T18:08:53.053+0000][gc,heap     ] GC(222) Eden regions: 613->0(612)
[2025-12-24T18:08:53.053+0000][gc,heap     ] GC(222) Survivor regions: 1->2(77)
[2025-12-24T18:08:53.053+0000][gc,heap     ] GC(222) Old regions: 29->29
[2025-12-24T18:08:53.053+0000][gc,heap     ] GC(222) Humongous regions: 20->20
[2025-12-24T18:08:53.053+0000][gc,metaspace] GC(222) Metaspace: 12491K(12864K)->12491K(12864K) NonClass: 11389K(11520K)->11389K(11520K) Class: 1101K(1344K)->1101K(1344K)
[2025-12-24T18:08:53.053+0000][gc          ] GC(222) Pause Young (Normal) (G1 Evacuation Pause) 662M->50M(1024M) 15.640ms
[2025-12-24T18:08:53.053+0000][gc,cpu      ] GC(222) User=0.07s Sys=0.00s Real=0.02s
[2025-12-24T18:09:52.814+0000][gc,start    ] GC(223) Pause Young (Normal) (G1 Evacuation Pause)
[2025-12-24T18:09:52.814+0000][gc,task     ] GC(223) Using 8 workers of 8 for evacuation
[2025-12-24T18:09:52.820+0000][gc,phases   ] GC(223)   Pre Evacuate Collection Set: 1.2ms
[2025-12-24T18:09:52.820+0000][gc,phases   ] GC(223)   Merge Heap Roots: 0.3ms
[2025-12-24T18:09:52.820+0000][gc,phases   ] GC(223)   Evacuate Collection Set: 2.7ms
[2025-12-24T18:09:52.820+0000][gc,phases   ] GC(223)   Post Evacuate Collection Set: 1.2ms
[2025-12-24T18:09:52.820+0000][gc,phases   ] GC(223)   Other: 0.3ms
[2025-12-24T18:09:52.820+0000][gc,heap     ] GC(223) Eden regions: 612->0(612)
[2025-12-24T18:09:52.820+0000][gc,heap     ] GC(223) Survivor regions: 2->2(77)
[2025-12-24T18:09:52.820+0000][gc,heap     ] GC(223) Old regions: 29->29
[2025-12-24T18:09:52.820+0000][gc,heap     ] GC(223) Humongous regions: 20->20
[2025-12-24T18:09:52.820+0000][gc,metaspace] GC(223) Metaspace: 12491K(12864K)->12491K(12864K) NonClass: 11389K(11520K)->11389K(11520K) Class: 1101K(1344K)->1101K(1344K)
[2025-12-24T18:09:52.821+0000][gc          ] GC(223) Pause Young (Normal) (G1 Evacuation Pause) 662M->49M(1024M) 7.165ms
[2025-12-24T18:09:52.821+0000][gc,cpu      ] GC(223) User=0.03s Sys=0.00s Real=0.01s
[2025-12-24T18:10:52.640+0000][gc,start    ] GC(224) Pause Young (Normal) (G1 Evacuation Pause)
[2025-12-24T18:10:52.641+0000][gc,task     ] GC(224) Using 8 workers of 8 for evacuation
[2025-12-24T18:10:52.646+0000][gc,phases   ] GC(224)   Pre Evacuate Collection Set: 1.1ms
[2025-12-24T18:10:52.646+0000][gc,phases   ] GC(224)   Merge Heap Roots: 0.2ms
[2025-12-24T18:10:52.646+0000][gc,phases   ] GC(224)   Evacuate Collection Set: 2.7ms
[2025-12-24T18:10:52.646+0000][gc,phases   ] GC(224)   Post Evacuate Collection Set: 1.0ms
[2025-12-24T18:10:52.647+0000][gc,phases   ] GC(224)   Other: 0.3ms
[2025-12-24T18:10:52.647+0000][gc,heap     ] GC(224) Eden regions: 612->0(613)
[2025-12-24T18:10:52.647+0000][gc,heap     ] GC(224) Survivor regions: 2->1(77)
[2025-12-24T18:10:52.647+0000][gc,heap     ] GC(224) Old regions: 29->29
[2025-12-24T18:10:52.647+0000][gc,heap     ] GC(224) Humongous regions: 20->20
[2025-12-24T18:10:52.647+0000][gc,metaspace] GC(224) Metaspace: 12491K(12864K)->12491K(12864K) NonClass: 11389K(11520K)->11389K(11520K) Class: 1101K(1344K)->1101K(1344K)
[2025-12-24T18:10:52.647+0000][gc          ] GC(224) Pause Young (Normal) (G1 Evacuation Pause) 661M->49M(1024M) 6.698ms
[2025-12-24T18:10:52.647+0000][gc,cpu      ] GC(224) User=0.02s Sys=0.00s Real=0.01s
[2025-12-24T18:11:42.837+0000][gc,start    ] GC(225) Pause Young (Normal) (G1 Evacuation Pause)
[2025-12-24T18:11:42.837+0000][gc,task     ] GC(225) Using 8 workers of 8 for evacuation
[2025-12-24T18:11:42.844+0000][gc,phases   ] GC(225)   Pre Evacuate Collection Set: 1.1ms
[2025-12-24T18:11:42.844+0000][gc,phases   ] GC(225)   Merge Heap Roots: 0.2ms
[2025-12-24T18:11:42.844+0000][gc,phases   ] GC(225)   Evacuate Collection Set: 2.8ms
[2025-12-24T18:11:42.844+0000][gc,phases   ] GC(225)   Post Evacuate Collection Set: 2.1ms
[2025-12-24T18:11:42.844+0000][gc,phases   ] GC(225)   Other: 0.3ms
[2025-12-24T18:11:42.844+0000][gc,heap     ] GC(225) Eden regions: 613->0(612)
[2025-12-24T18:11:42.844+0000][gc,heap     ] GC(225) Survivor regions: 1->2(77)
[2025-12-24T18:11:42.844+0000][gc,heap     ] GC(225) Old regions: 29->29
[2025-12-24T18:11:42.844+0000][gc,heap     ] GC(225) Humongous regions: 20->20
[2025-12-24T18:11:42.844+0000][gc,metaspace] GC(225) Metaspace: 12491K(12864K)->12491K(12864K) NonClass: 11389K(11520K)->11389K(11520K) Class: 1101K(1344K)->1101K(1344K)
[2025-12-24T18:11:42.844+0000][gc          ] GC(225) Pause Young (Normal) (G1 Evacuation Pause) 662M->50M(1024M) 7.811ms
[2025-12-24T18:11:42.845+0000][gc,cpu      ] GC(225) User=0.03s Sys=0.00s Real=0.01s
[2025-12-24T18:12:42.725+0000][gc,start    ] GC(226) Pause Young (Normal) (G1 Evacuation Pause)
[2025-12-24T18:12:42.725+0000][gc,task     ] GC(226) Using 8 workers of 8 for evacuation
[2025-12-24T18:12:42.734+0000][gc,phases   ] GC(226)   Pre Evacuate Collection Set: 1.1ms
[2025-12-24T18:12:42.734+0000][gc,phases   ] GC(226)   Merge Heap Roots: 0.5ms
[2025-12-24T18:12:42.735+0000][gc,phases   ] GC(226)   Evacuate Collection Set: 6.0ms
[2025-12-24T18:12:42.735+0000][gc,phases   ] GC(226)   Post Evacuate Collection Set: 1.2ms
[2025-12-24T18:12:42.735+0000][gc,phases   ] GC(226)   Other: 0.4ms
[2025-12-24T18:12:42.735+0000][gc,heap     ] GC(226) Eden regions: 612->0(613)
[2025-12-24T18:12:42.735+0000][gc,heap     ] GC(226) Survivor regions: 2->1(77)
[2025-12-24T18:12:42.735+0000][gc,heap     ] GC(226) Old regions: 29->29
[2025-12-24T18:12:42.735+0000][gc,heap     ] GC(226) Humongous regions: 20->20
[2025-12-24T18:12:42.735+0000][gc,metaspace] GC(226) Metaspace: 12491K(12864K)->12491K(12864K) NonClass: 11389K(11520K)->11389K(11520K) Class: 1101K(1344K)->1101K(1344K)
[2025-12-24T18:12:42.735+0000][gc          ] GC(226) Pause Young (Normal) (G1 Evacuation Pause) 662M->49M(1024M) 10.353ms
[2025-12-24T18:12:42.735+0000][gc,cpu      ] GC(226) User=0.05s Sys=0.00s Real=0.01s
[2025-12-24T18:13:32.933+0000][gc,start    ] GC(227) Pause Young (Normal) (G1 Evacuation Pause)
[2025-12-24T18:13:32.933+0000][gc,task     ] GC(227) Using 8 workers of 8 for evacuation
[2025-12-24T18:13:32.944+0000][gc,phases   ] GC(227)   Pre Evacuate Collection Set: 1.2ms
[2025-12-24T18:13:32.944+0000][gc,phases   ] GC(227)   Merge Heap Roots: 0.2ms
[2025-12-24T18:13:32.944+0000][gc,phases   ] GC(227)   Evacuate Collection Set: 6.8ms
[2025-12-24T18:13:32.944+0000][gc,phases   ] GC(227)   Post Evacuate Collection Set: 2.2ms
[2025-12-24T18:13:32.944+0000][gc,phases   ] GC(227)   Other: 0.3ms
[2025-12-24T18:13:32.944+0000][gc,heap     ] GC(227) Eden regions: 613->0(612)
[2025-12-24T18:13:32.944+0000][gc,heap     ] GC(227) Survivor regions: 1->2(77)
[2025-12-24T18:13:32.944+0000][gc,heap     ] GC(227) Old regions: 29->29
[2025-12-24T18:13:32.944+0000][gc,heap     ] GC(227) Humongous regions: 20->20
[2025-12-24T18:13:32.944+0000][gc,metaspace] GC(227) Metaspace: 12491K(12864K)->12491K(12864K) NonClass: 11389K(11520K)->11389K(11520K) Class: 1101K(1344K)->1101K(1344K)
[2025-12-24T18:13:32.945+0000][gc          ] GC(227) Pause Young (Normal) (G1 Evacuation Pause) 662M->50M(1024M) 12.052ms
[2025-12-24T18:13:32.945+0000][gc,cpu      ] GC(227) User=0.06s Sys=0.00s Real=0.01s
[2025-12-24T18:14:32.782+0000][gc,start    ] GC(228) Pause Young (Normal) (G1 Evacuation Pause)
[2025-12-24T18:14:32.783+0000][gc,task     ] GC(228) Using 8 workers of 8 for evacuation
[2025-12-24T18:14:32.795+0000][gc,phases   ] GC(228)   Pre Evacuate Collection Set: 1.1ms
[2025-12-24T18:14:32.795+0000][gc,phases   ] GC(228)   Merge Heap Roots: 0.2ms
[2025-12-24T18:14:32.795+0000][gc,phases   ] GC(228)   Evacuate Collection Set: 8.0ms
[2025-12-24T18:14:32.795+0000][gc,phases   ] GC(228)   Post Evacuate Collection Set: 2.2ms
[2025-12-24T18:14:32.795+0000][gc,phases   ] GC(228)   Other: 0.4ms
[2025-12-24T18:14:32.796+0000][gc,heap     ] GC(228) Eden regions: 612->0(612)
[2025-12-24T18:14:32.796+0000][gc,heap     ] GC(228) Survivor regions: 2->2(77)
[2025-12-24T18:14:32.796+0000][gc,heap     ] GC(228) Old regions: 29->29
[2025-12-24T18:14:32.796+0000][gc,heap     ] GC(228) Humongous regions: 20->20
[2025-12-24T18:14:32.796+0000][gc,metaspace] GC(228) Metaspace: 12491K(12864K)->12491K(12864K) NonClass: 11389K(11520K)->11389K(11520K) Class: 1101K(1344K)->1101K(1344K)
[2025-12-24T18:14:32.796+0000][gc          ] GC(228) Pause Young (Normal) (G1 Evacuation Pause) 662M->49M(1024M) 13.895ms
[2025-12-24T18:14:32.796+0000][gc,cpu      ] GC(228) User=0.06s Sys=0.00s Real=0.01s
[2025-12-24T18:15:23.042+0000][gc,start    ] GC(229) Pause Young (Normal) (G1 Evacuation Pause)
[2025-12-24T18:15:23.042+0000][gc,task     ] GC(229) Using 8 workers of 8 for evacuation
[2025-12-24T18:15:23.048+0000][gc,phases   ] GC(229)   Pre Evacuate Collection Set: 1.1ms
[2025-12-24T18:15:23.049+0000][gc,phases   ] GC(229)   Merge Heap Roots: 0.2ms
[2025-12-24T18:15:23.049+0000][gc,phases   ] GC(229)   Evacuate Collection Set: 2.3ms
[2025-12-24T18:15:23.049+0000][gc,phases   ] GC(229)   Post Evacuate Collection Set: 1.4ms
[2025-12-24T18:15:23.049+0000][gc,phases   ] GC(229)   Other: 0.5ms
[2025-12-24T18:15:23.049+0000][gc,heap     ] GC(229) Eden regions: 612->0(613)
[2025-12-24T18:15:23.049+0000][gc,heap     ] GC(229) Survivor regions: 2->1(77)
[2025-12-24T18:15:23.049+0000][gc,heap     ] GC(229) Old regions: 29->29
[2025-12-24T18:15:23.049+0000][gc,heap     ] GC(229) Humongous regions: 20->20
[2025-12-24T18:15:23.049+0000][gc,metaspace] GC(229) Metaspace: 12491K(12864K)->12491K(12864K) NonClass: 11389K(11520K)->11389K(11520K) Class: 1101K(1344K)->1101K(1344K)
[2025-12-24T18:15:23.050+0000][gc          ] GC(229) Pause Young (Normal) (G1 Evacuation Pause) 661M->49M(1024M) 7.911ms
[2025-12-24T18:15:23.050+0000][gc,cpu      ] GC(229) User=0.03s Sys=0.01s Real=0.01s
[2025-12-24T18:16:22.834+0000][gc,start    ] GC(230) Pause Young (Normal) (G1 Evacuation Pause)
[2025-12-24T18:16:22.835+0000][gc,task     ] GC(230) Using 8 workers of 8 for evacuation
[2025-12-24T18:16:22.869+0000][gc,phases   ] GC(230)   Pre Evacuate Collection Set: 1.8ms
[2025-12-24T18:16:22.869+0000][gc,phases   ] GC(230)   Merge Heap Roots: 0.3ms
[2025-12-24T18:16:22.870+0000][gc,phases   ] GC(230)   Evacuate Collection Set: 30.4ms
[2025-12-24T18:16:22.870+0000][gc,phases   ] GC(230)   Post Evacuate Collection Set: 1.6ms
[2025-12-24T18:16:22.870+0000][gc,phases   ] GC(230)   Other: 0.5ms
[2025-12-24T18:16:22.870+0000][gc,heap     ] GC(230) Eden regions: 613->0(612)
[2025-12-24T18:16:22.870+0000][gc,heap     ] GC(230) Survivor regions: 1->2(77)
[2025-12-24T18:16:22.870+0000][gc,heap     ] GC(230) Old regions: 29->29
[2025-12-24T18:16:22.870+0000][gc,heap     ] GC(230) Humongous regions: 20->20
[2025-12-24T18:16:22.870+0000][gc,metaspace] GC(230) Metaspace: 12491K(12864K)->12491K(12864K) NonClass: 11389K(11520K)->11389K(11520K) Class: 1101K(1344K)->1101K(1344K)
[2025-12-24T18:16:22.870+0000][gc          ] GC(230) Pause Young (Normal) (G1 Evacuation Pause) 662M->50M(1024M) 36.160ms
[2025-12-24T18:16:22.870+0000][gc,cpu      ] GC(230) User=0.11s Sys=0.13s Real=0.03s
[2025-12-24T18:17:22.687+0000][gc,start    ] GC(231) Pause Young (Normal) (G1 Evacuation Pause)
[2025-12-24T18:17:22.688+0000][gc,task     ] GC(231) Using 8 workers of 8 for evacuation
[2025-12-24T18:17:22.696+0000][gc,phases   ] GC(231)   Pre Evacuate Collection Set: 3.6ms
[2025-12-24T18:17:22.696+0000][gc,phases   ] GC(231)   Merge Heap Roots: 0.3ms
[2025-12-24T18:17:22.697+0000][gc,phases   ] GC(231)   Evacuate Collection Set: 2.7ms
[2025-12-24T18:17:22.697+0000][gc,phases   ] GC(231)   Post Evacuate Collection Set: 1.4ms
[2025-12-24T18:17:22.697+0000][gc,phases   ] GC(231)   Other: 0.3ms
[2025-12-24T18:17:22.697+0000][gc,heap     ] GC(231) Eden regions: 612->0(613)
[2025-12-24T18:17:22.697+0000][gc,heap     ] GC(231) Survivor regions: 2->1(77)
[2025-12-24T18:17:22.697+0000][gc,heap     ] GC(231) Old regions: 29->29
[2025-12-24T18:17:22.697+0000][gc,heap     ] GC(231) Humongous regions: 20->20
[2025-12-24T18:17:22.697+0000][gc,metaspace] GC(231) Metaspace: 12491K(12864K)->12491K(12864K) NonClass: 11389K(11520K)->11389K(11520K) Class: 1101K(1344K)->1101K(1344K)
[2025-12-24T18:17:22.697+0000][gc          ] GC(231) Pause Young (Normal) (G1 Evacuation Pause) 662M->49M(1024M) 9.775ms
[2025-12-24T18:17:22.697+0000][gc,cpu      ] GC(231) User=0.04s Sys=0.00s Real=0.01s
[2025-12-24T18:18:12.891+0000][gc,start    ] GC(232) Pause Young (Normal) (G1 Evacuation Pause)
[2025-12-24T18:18:12.891+0000][gc,task     ] GC(232) Using 8 workers of 8 for evacuation
[2025-12-24T18:18:12.902+0000][gc,phases   ] GC(232)   Pre Evacuate Collection Set: 1.0ms
[2025-12-24T18:18:12.902+0000][gc,phases   ] GC(232)   Merge Heap Roots: 0.2ms
[2025-12-24T18:18:12.902+0000][gc,phases   ] GC(232)   Evacuate Collection Set: 5.6ms
[2025-12-24T18:18:12.902+0000][gc,phases   ] GC(232)   Post Evacuate Collection Set: 2.6ms
[2025-12-24T18:18:12.902+0000][gc,phases   ] GC(232)   Other: 0.8ms
[2025-12-24T18:18:12.902+0000][gc,heap     ] GC(232) Eden regions: 613->0(612)
[2025-12-24T18:18:12.902+0000][gc,heap     ] GC(232) Survivor regions: 1->2(77)
[2025-12-24T18:18:12.902+0000][gc,heap     ] GC(232) Old regions: 29->29
[2025-12-24T18:18:12.903+0000][gc,heap     ] GC(232) Humongous regions: 20->20
[2025-12-24T18:18:12.903+0000][gc,metaspace] GC(232) Metaspace: 12491K(12864K)->12491K(12864K) NonClass: 11389K(11520K)->11389K(11520K) Class: 1101K(1344K)->1101K(1344K)
[2025-12-24T18:18:12.903+0000][gc          ] GC(232) Pause Young (Normal) (G1 Evacuation Pause) 662M->50M(1024M) 11.939ms
[2025-12-24T18:18:12.903+0000][gc,cpu      ] GC(232) User=0.05s Sys=0.00s Real=0.01s
[2025-12-24T18:19:12.971+0000][gc,start    ] GC(233) Pause Young (Normal) (G1 Evacuation Pause)
[2025-12-24T18:19:12.972+0000][gc,task     ] GC(233) Using 8 workers of 8 for evacuation
[2025-12-24T18:19:12.994+0000][gc,phases   ] GC(233)   Pre Evacuate Collection Set: 10.4ms
[2025-12-24T18:19:12.994+0000][gc,phases   ] GC(233)   Merge Heap Roots: 0.2ms
[2025-12-24T18:19:12.994+0000][gc,phases   ] GC(233)   Evacuate Collection Set: 5.4ms
[2025-12-24T18:19:12.994+0000][gc,phases   ] GC(233)   Post Evacuate Collection Set: 4.8ms
[2025-12-24T18:19:12.994+0000][gc,phases   ] GC(233)   Other: 0.6ms
[2025-12-24T18:19:12.994+0000][gc,heap     ] GC(233) Eden regions: 612->0(612)
[2025-12-24T18:19:12.994+0000][gc,heap     ] GC(233) Survivor regions: 2->2(77)
[2025-12-24T18:19:12.994+0000][gc,heap     ] GC(233) Old regions: 29->29
[2025-12-24T18:19:12.994+0000][gc,heap     ] GC(233) Humongous regions: 20->20
[2025-12-24T18:19:12.994+0000][gc,metaspace] GC(233) Metaspace: 12491K(12864K)->12491K(12864K) NonClass: 11389K(11520K)->11389K(11520K) Class: 1101K(1344K)->1101K(1344K)
[2025-12-24T18:19:12.995+0000][gc          ] GC(233) Pause Young (Normal) (G1 Evacuation Pause) 662M->49M(1024M) 24.931ms
[2025-12-24T18:19:12.995+0000][gc,cpu      ] GC(233) User=0.08s Sys=0.00s Real=0.02s
[2025-12-24T18:20:02.930+0000][gc,start    ] GC(234) Pause Young (Normal) (G1 Evacuation Pause)
[2025-12-24T18:20:02.931+0000][gc,task     ] GC(234) Using 8 workers of 8 for evacuation
[2025-12-24T18:20:02.942+0000][gc,phases   ] GC(234)   Pre Evacuate Collection Set: 1.1ms
[2025-12-24T18:20:02.942+0000][gc,phases   ] GC(234)   Merge Heap Roots: 0.2ms
[2025-12-24T18:20:02.942+0000][gc,phases   ] GC(234)   Evacuate Collection Set: 8.5ms
[2025-12-24T18:20:02.942+0000][gc,phases   ] GC(234)   Post Evacuate Collection Set: 1.5ms
[2025-12-24T18:20:02.942+0000][gc,phases   ] GC(234)   Other: 0.2ms
[2025-12-24T18:20:02.942+0000][gc,heap     ] GC(234) Eden regions: 612->0(612)
[2025-12-24T18:20:02.943+0000][gc,heap     ] GC(234) Survivor regions: 2->2(77)
[2025-12-24T18:20:02.943+0000][gc,heap     ] GC(234) Old regions: 29->29
[2025-12-24T18:20:02.943+0000][gc,heap     ] GC(234) Humongous regions: 20->20
[2025-12-24T18:20:02.943+0000][gc,metaspace] GC(234) Metaspace: 12491K(12864K)->12491K(12864K) NonClass: 11389K(11520K)->11389K(11520K) Class: 1101K(1344K)->1101K(1344K)
[2025-12-24T18:20:02.943+0000][gc          ] GC(234) Pause Young (Normal) (G1 Evacuation Pause) 661M->50M(1024M) 12.622ms
[2025-12-24T18:20:02.943+0000][gc,cpu      ] GC(234) User=0.07s Sys=0.00s Real=0.01s
[2025-12-24T18:21:02.786+0000][gc,start    ] GC(235) Pause Young (Normal) (G1 Evacuation Pause)
[2025-12-24T18:21:02.786+0000][gc,task     ] GC(235) Using 8 workers of 8 for evacuation
[2025-12-24T18:21:02.798+0000][gc,phases   ] GC(235)   Pre Evacuate Collection Set: 2.4ms
[2025-12-24T18:21:02.798+0000][gc,phases   ] GC(235)   Merge Heap Roots: 0.5ms
[2025-12-24T18:21:02.798+0000][gc,phases   ] GC(235)   Evacuate Collection Set: 7.9ms
[2025-12-24T18:21:02.798+0000][gc,phases   ] GC(235)   Post Evacuate Collection Set: 1.1ms
[2025-12-24T18:21:02.798+0000][gc,phases   ] GC(235)   Other: 0.2ms
[2025-12-24T18:21:02.798+0000][gc,heap     ] GC(235) Eden regions: 612->0(612)
[2025-12-24T18:21:02.799+0000][gc,heap     ] GC(235) Survivor regions: 2->2(77)
[2025-12-24T18:21:02.799+0000][gc,heap     ] GC(235) Old regions: 29->29
[2025-12-24T18:21:02.799+0000][gc,heap     ] GC(235) Humongous regions: 20->20
[2025-12-24T18:21:02.799+0000][gc,metaspace] GC(235) Metaspace: 12492K(12864K)->12492K(12864K) NonClass: 11390K(11520K)->11390K(11520K) Class: 1101K(1344K)->1101K(1344K)
[2025-12-24T18:21:02.799+0000][gc          ] GC(235) Pause Young (Normal) (G1 Evacuation Pause) 662M->50M(1024M) 13.077ms
[2025-12-24T18:21:02.799+0000][gc,cpu      ] GC(235) User=0.08s Sys=0.00s Real=0.01s
[2025-12-24T18:22:02.664+0000][gc,start    ] GC(236) Pause Young (Normal) (G1 Evacuation Pause)
[2025-12-24T18:22:02.665+0000][gc,task     ] GC(236) Using 8 workers of 8 for evacuation
[2025-12-24T18:22:02.679+0000][gc,phases   ] GC(236)   Pre Evacuate Collection Set: 3.7ms
[2025-12-24T18:22:02.679+0000][gc,phases   ] GC(236)   Merge Heap Roots: 0.6ms
[2025-12-24T18:22:02.679+0000][gc,phases   ] GC(236)   Evacuate Collection Set: 7.7ms
[2025-12-24T18:22:02.679+0000][gc,phases   ] GC(236)   Post Evacuate Collection Set: 1.3ms
[2025-12-24T18:22:02.679+0000][gc,phases   ] GC(236)   Other: 0.3ms
[2025-12-24T18:22:02.679+0000][gc,heap     ] GC(236) Eden regions: 612->0(613)
[2025-12-24T18:22:02.679+0000][gc,heap     ] GC(236) Survivor regions: 2->1(77)
[2025-12-24T18:22:02.679+0000][gc,heap     ] GC(236) Old regions: 29->29
[2025-12-24T18:22:02.679+0000][gc,heap     ] GC(236) Humongous regions: 20->20
[2025-12-24T18:22:02.679+0000][gc,metaspace] GC(236) Metaspace: 12492K(12864K)->12492K(12864K) NonClass: 11390K(11520K)->11390K(11520K) Class: 1101K(1344K)->1101K(1344K)
[2025-12-24T18:22:02.679+0000][gc          ] GC(236) Pause Young (Normal) (G1 Evacuation Pause) 662M->49M(1024M) 15.049ms
[2025-12-24T18:22:02.680+0000][gc,cpu      ] GC(236) User=0.08s Sys=0.01s Real=0.02s
[2025-12-24T18:22:52.858+0000][gc,start    ] GC(237) Pause Young (Normal) (G1 Evacuation Pause)
[2025-12-24T18:22:52.859+0000][gc,task     ] GC(237) Using 8 workers of 8 for evacuation
[2025-12-24T18:22:52.867+0000][gc,phases   ] GC(237)   Pre Evacuate Collection Set: 1.0ms
[2025-12-24T18:22:52.867+0000][gc,phases   ] GC(237)   Merge Heap Roots: 0.2ms
[2025-12-24T18:22:52.867+0000][gc,phases   ] GC(237)   Evacuate Collection Set: 5.4ms
[2025-12-24T18:22:52.867+0000][gc,phases   ] GC(237)   Post Evacuate Collection Set: 1.0ms
[2025-12-24T18:22:52.867+0000][gc,phases   ] GC(237)   Other: 0.3ms
[2025-12-24T18:22:52.867+0000][gc,heap     ] GC(237) Eden regions: 613->0(612)
[2025-12-24T18:22:52.867+0000][gc,heap     ] GC(237) Survivor regions: 1->2(77)
[2025-12-24T18:22:52.867+0000][gc,heap     ] GC(237) Old regions: 29->30
[2025-12-24T18:22:52.867+0000][gc,heap     ] GC(237) Humongous regions: 20->20
[2025-12-24T18:22:52.867+0000][gc,metaspace] GC(237) Metaspace: 12492K(12864K)->12492K(12864K) NonClass: 11390K(11520K)->11390K(11520K) Class: 1101K(1344K)->1101K(1344K)
[2025-12-24T18:22:52.867+0000][gc          ] GC(237) Pause Young (Normal) (G1 Evacuation Pause) 662M->50M(1024M) 9.072ms
[2025-12-24T18:22:52.867+0000][gc,cpu      ] GC(237) User=0.05s Sys=0.00s Real=0.01s
[2025-12-24T18:23:52.743+0000][gc,start    ] GC(238) Pause Young (Normal) (G1 Evacuation Pause)
[2025-12-24T18:23:52.743+0000][gc,task     ] GC(238) Using 8 workers of 8 for evacuation
[2025-12-24T18:23:52.749+0000][gc,phases   ] GC(238)   Pre Evacuate Collection Set: 1.3ms
[2025-12-24T18:23:52.749+0000][gc,phases   ] GC(238)   Merge Heap Roots: 0.2ms
[2025-12-24T18:23:52.749+0000][gc,phases   ] GC(238)   Evacuate Collection Set: 3.0ms
[2025-12-24T18:23:52.749+0000][gc,phases   ] GC(238)   Post Evacuate Collection Set: 1.1ms
[2025-12-24T18:23:52.749+0000][gc,phases   ] GC(238)   Other: 0.4ms
[2025-12-24T18:23:52.750+0000][gc,heap     ] GC(238) Eden regions: 612->0(612)
[2025-12-24T18:23:52.750+0000][gc,heap     ] GC(238) Survivor regions: 2->2(77)
[2025-12-24T18:23:52.750+0000][gc,heap     ] GC(238) Old regions: 30->30
[2025-12-24T18:23:52.750+0000][gc,heap     ] GC(238) Humongous regions: 20->20
[2025-12-24T18:23:52.750+0000][gc,metaspace] GC(238) Metaspace: 12492K(12864K)->12492K(12864K) NonClass: 11390K(11520K)->11390K(11520K) Class: 1101K(1344K)->1101K(1344K)
[2025-12-24T18:23:52.750+0000][gc          ] GC(238) Pause Young (Normal) (G1 Evacuation Pause) 662M->50M(1024M) 7.076ms
[2025-12-24T18:23:52.750+0000][gc,cpu      ] GC(238) User=0.04s Sys=0.00s Real=0.01s
[2025-12-24T18:24:42.897+0000][gc,start    ] GC(239) Pause Young (Normal) (G1 Evacuation Pause)
[2025-12-24T18:24:42.898+0000][gc,task     ] GC(239) Using 8 workers of 8 for evacuation
[2025-12-24T18:24:42.911+0000][gc,phases   ] GC(239)   Pre Evacuate Collection Set: 2.1ms
[2025-12-24T18:24:42.911+0000][gc,phases   ] GC(239)   Merge Heap Roots: 0.4ms
[2025-12-24T18:24:42.911+0000][gc,phases   ] GC(239)   Evacuate Collection Set: 8.9ms
[2025-12-24T18:24:42.911+0000][gc,phases   ] GC(239)   Post Evacuate Collection Set: 1.9ms
[2025-12-24T18:24:42.912+0000][gc,phases   ] GC(239)   Other: 0.2ms
[2025-12-24T18:24:42.912+0000][gc,heap     ] GC(239) Eden regions: 612->0(612)
[2025-12-24T18:24:42.912+0000][gc,heap     ] GC(239) Survivor regions: 2->2(77)
[2025-12-24T18:24:42.912+0000][gc,heap     ] GC(239) Old regions: 30->30
[2025-12-24T18:24:42.912+0000][gc,heap     ] GC(239) Humongous regions: 20->20
[2025-12-24T18:24:42.912+0000][gc,metaspace] GC(239) Metaspace: 12492K(12864K)->12492K(12864K) NonClass: 11390K(11520K)->11390K(11520K) Class: 1101K(1344K)->1101K(1344K)
[2025-12-24T18:24:42.912+0000][gc          ] GC(239) Pause Young (Normal) (G1 Evacuation Pause) 662M->51M(1024M) 14.708ms
[2025-12-24T18:24:42.912+0000][gc,cpu      ] GC(239) User=0.08s Sys=0.00s Real=0.02s
[2025-12-24T18:25:42.819+0000][gc,start    ] GC(240) Pause Young (Normal) (G1 Evacuation Pause)
[2025-12-24T18:25:42.819+0000][gc,task     ] GC(240) Using 8 workers of 8 for evacuation
[2025-12-24T18:25:42.828+0000][gc,phases   ] GC(240)   Pre Evacuate Collection Set: 1.3ms
[2025-12-24T18:25:42.828+0000][gc,phases   ] GC(240)   Merge Heap Roots: 0.1ms
[2025-12-24T18:25:42.828+0000][gc,phases   ] GC(240)   Evacuate Collection Set: 5.3ms
[2025-12-24T18:25:42.828+0000][gc,phases   ] GC(240)   Post Evacuate Collection Set: 1.7ms
[2025-12-24T18:25:42.828+0000][gc,phases   ] GC(240)   Other: 0.2ms
[2025-12-24T18:25:42.828+0000][gc,heap     ] GC(240) Eden regions: 612->0(612)
[2025-12-24T18:25:42.829+0000][gc,heap     ] GC(240) Survivor regions: 2->2(77)
[2025-12-24T18:25:42.829+0000][gc,heap     ] GC(240) Old regions: 30->30
[2025-12-24T18:25:42.829+0000][gc,heap     ] GC(240) Humongous regions: 20->20
[2025-12-24T18:25:42.829+0000][gc,metaspace] GC(240) Metaspace: 12492K(12864K)->12492K(12864K) NonClass: 11390K(11520K)->11390K(11520K) Class: 1101K(1344K)->1101K(1344K)
[2025-12-24T18:25:42.829+0000][gc          ] GC(240) Pause Young (Normal) (G1 Evacuation Pause) 663M->50M(1024M) 9.870ms
[2025-12-24T18:25:42.829+0000][gc,cpu      ] GC(240) User=0.04s Sys=0.00s Real=0.01s
[2025-12-24T18:26:42.592+0000][gc,start    ] GC(241) Pause Young (Normal) (G1 Evacuation Pause)
[2025-12-24T18:26:42.592+0000][gc,task     ] GC(241) Using 8 workers of 8 for evacuation
[2025-12-24T18:26:42.608+0000][gc,phases   ] GC(241)   Pre Evacuate Collection Set: 1.4ms
[2025-12-24T18:26:42.608+0000][gc,phases   ] GC(241)   Merge Heap Roots: 0.2ms
[2025-12-24T18:26:42.608+0000][gc,phases   ] GC(241)   Evacuate Collection Set: 10.7ms
[2025-12-24T18:26:42.608+0000][gc,phases   ] GC(241)   Post Evacuate Collection Set: 2.9ms
[2025-12-24T18:26:42.608+0000][gc,phases   ] GC(241)   Other: 0.4ms
[2025-12-24T18:26:42.609+0000][gc,heap     ] GC(241) Eden regions: 612->0(613)
[2025-12-24T18:26:42.609+0000][gc,heap     ] GC(241) Survivor regions: 2->1(77)
[2025-12-24T18:26:42.609+0000][gc,heap     ] GC(241) Old regions: 30->30
[2025-12-24T18:26:42.609+0000][gc,heap     ] GC(241) Humongous regions: 20->20
[2025-12-24T18:26:42.609+0000][gc,metaspace] GC(241) Metaspace: 12494K(12864K)->12494K(12864K) NonClass: 11392K(11520K)->11392K(11520K) Class: 1101K(1344K)->1101K(1344K)
[2025-12-24T18:26:42.611+0000][gc          ] GC(241) Pause Young (Normal) (G1 Evacuation Pause) 662M->49M(1024M) 18.808ms
[2025-12-24T18:26:42.611+0000][gc,cpu      ] GC(241) User=0.09s Sys=0.01s Real=0.01s
[2025-12-24T18:27:32.820+0000][gc,start    ] GC(242) Pause Young (Normal) (G1 Evacuation Pause)
[2025-12-24T18:27:32.821+0000][gc,task     ] GC(242) Using 8 workers of 8 for evacuation
[2025-12-24T18:27:32.828+0000][gc,phases   ] GC(242)   Pre Evacuate Collection Set: 1.2ms
[2025-12-24T18:27:32.828+0000][gc,phases   ] GC(242)   Merge Heap Roots: 0.2ms
[2025-12-24T18:27:32.828+0000][gc,phases   ] GC(242)   Evacuate Collection Set: 3.8ms
[2025-12-24T18:27:32.828+0000][gc,phases   ] GC(242)   Post Evacuate Collection Set: 1.1ms
[2025-12-24T18:27:32.828+0000][gc,phases   ] GC(242)   Other: 0.5ms
[2025-12-24T18:27:32.828+0000][gc,heap     ] GC(242) Eden regions: 613->0(612)
[2025-12-24T18:27:32.828+0000][gc,heap     ] GC(242) Survivor regions: 1->2(77)
[2025-12-24T18:27:32.828+0000][gc,heap     ] GC(242) Old regions: 30->30
[2025-12-24T18:27:32.828+0000][gc,heap     ] GC(242) Humongous regions: 20->20
[2025-12-24T18:27:32.828+0000][gc,metaspace] GC(242) Metaspace: 12494K(12864K)->12494K(12864K) NonClass: 11392K(11520K)->11392K(11520K) Class: 1101K(1344K)->1101K(1344K)
[2025-12-24T18:27:32.828+0000][gc          ] GC(242) Pause Young (Normal) (G1 Evacuation Pause) 662M->50M(1024M) 8.245ms
[2025-12-24T18:27:32.829+0000][gc,cpu      ] GC(242) User=0.04s Sys=0.00s Real=0.01s
[2025-12-24T18:28:32.663+0000][gc,start    ] GC(243) Pause Young (Normal) (G1 Evacuation Pause)
[2025-12-24T18:28:32.664+0000][gc,task     ] GC(243) Using 8 workers of 8 for evacuation
[2025-12-24T18:28:32.675+0000][gc,phases   ] GC(243)   Pre Evacuate Collection Set: 1.1ms
[2025-12-24T18:28:32.675+0000][gc,phases   ] GC(243)   Merge Heap Roots: 0.2ms
[2025-12-24T18:28:32.675+0000][gc,phases   ] GC(243)   Evacuate Collection Set: 3.9ms
[2025-12-24T18:28:32.675+0000][gc,phases   ] GC(243)   Post Evacuate Collection Set: 4.4ms
[2025-12-24T18:28:32.675+0000][gc,phases   ] GC(243)   Other: 0.9ms
[2025-12-24T18:28:32.675+0000][gc,heap     ] GC(243) Eden regions: 612->0(612)
[2025-12-24T18:28:32.675+0000][gc,heap     ] GC(243) Survivor regions: 2->2(77)
[2025-12-24T18:28:32.675+0000][gc,heap     ] GC(243) Old regions: 30->30
[2025-12-24T18:28:32.676+0000][gc,heap     ] GC(243) Humongous regions: 20->20
[2025-12-24T18:28:32.676+0000][gc,metaspace] GC(243) Metaspace: 12494K(12864K)->12494K(12864K) NonClass: 11392K(11520K)->11392K(11520K) Class: 1101K(1344K)->1101K(1344K)
[2025-12-24T18:28:32.676+0000][gc          ] GC(243) Pause Young (Normal) (G1 Evacuation Pause) 662M->50M(1024M) 12.924ms
[2025-12-24T18:28:32.676+0000][gc,cpu      ] GC(243) User=0.04s Sys=0.00s Real=0.02s
[2025-12-24T18:29:22.914+0000][gc,start    ] GC(244) Pause Young (Normal) (G1 Evacuation Pause)
[2025-12-24T18:29:22.915+0000][gc,task     ] GC(244) Using 8 workers of 8 for evacuation
[2025-12-24T18:29:22.923+0000][gc,phases   ] GC(244)   Pre Evacuate Collection Set: 1.0ms
[2025-12-24T18:29:22.923+0000][gc,phases   ] GC(244)   Merge Heap Roots: 0.1ms
[2025-12-24T18:29:22.923+0000][gc,phases   ] GC(244)   Evacuate Collection Set: 6.1ms
[2025-12-24T18:29:22.923+0000][gc,phases   ] GC(244)   Post Evacuate Collection Set: 1.0ms
[2025-12-24T18:29:22.923+0000][gc,phases   ] GC(244)   Other: 0.2ms
[2025-12-24T18:29:22.924+0000][gc,heap     ] GC(244) Eden regions: 612->0(612)
[2025-12-24T18:29:22.924+0000][gc,heap     ] GC(244) Survivor regions: 2->2(77)
[2025-12-24T18:29:22.924+0000][gc,heap     ] GC(244) Old regions: 30->30
[2025-12-24T18:29:22.924+0000][gc,heap     ] GC(244) Humongous regions: 20->20
[2025-12-24T18:29:22.924+0000][gc,metaspace] GC(244) Metaspace: 12494K(12864K)->12494K(12864K) NonClass: 11392K(11520K)->11392K(11520K) Class: 1101K(1344K)->1101K(1344K)
[2025-12-24T18:29:22.924+0000][gc          ] GC(244) Pause Young (Normal) (G1 Evacuation Pause) 662M->51M(1024M) 9.477ms
[2025-12-24T18:29:22.924+0000][gc,cpu      ] GC(244) User=0.05s Sys=0.00s Real=0.01s
[2025-12-24T18:30:22.734+0000][gc,start    ] GC(245) Pause Young (Normal) (G1 Evacuation Pause)
[2025-12-24T18:30:22.734+0000][gc,task     ] GC(245) Using 8 workers of 8 for evacuation
[2025-12-24T18:30:22.744+0000][gc,phases   ] GC(245)   Pre Evacuate Collection Set: 1.2ms
[2025-12-24T18:30:22.744+0000][gc,phases   ] GC(245)   Merge Heap Roots: 0.3ms
[2025-12-24T18:30:22.744+0000][gc,phases   ] GC(245)   Evacuate Collection Set: 4.9ms
[2025-12-24T18:30:22.744+0000][gc,phases   ] GC(245)   Post Evacuate Collection Set: 2.7ms
[2025-12-24T18:30:22.744+0000][gc,phases   ] GC(245)   Other: 0.3ms
[2025-12-24T18:30:22.744+0000][gc,heap     ] GC(245) Eden regions: 612->0(612)
[2025-12-24T18:30:22.744+0000][gc,heap     ] GC(245) Survivor regions: 2->2(77)
[2025-12-24T18:30:22.744+0000][gc,heap     ] GC(245) Old regions: 30->30
[2025-12-24T18:30:22.744+0000][gc,heap     ] GC(245) Humongous regions: 20->20
[2025-12-24T18:30:22.744+0000][gc,metaspace] GC(245) Metaspace: 12494K(12864K)->12494K(12864K) NonClass: 11392K(11520K)->11392K(11520K) Class: 1101K(1344K)->1101K(1344K)
[2025-12-24T18:30:22.744+0000][gc          ] GC(245) Pause Young (Normal) (G1 Evacuation Pause) 663M->50M(1024M) 10.457ms
[2025-12-24T18:30:22.744+0000][gc,cpu      ] GC(245) User=0.05s Sys=0.00s Real=0.01s
[2025-12-24T18:31:22.557+0000][gc,start    ] GC(246) Pause Young (Normal) (G1 Evacuation Pause)
[2025-12-24T18:31:22.558+0000][gc,task     ] GC(246) Using 8 workers of 8 for evacuation
[2025-12-24T18:31:22.567+0000][gc,phases   ] GC(246)   Pre Evacuate Collection Set: 1.6ms
[2025-12-24T18:31:22.567+0000][gc,phases   ] GC(246)   Merge Heap Roots: 0.4ms
[2025-12-24T18:31:22.567+0000][gc,phases   ] GC(246)   Evacuate Collection Set: 4.1ms
[2025-12-24T18:31:22.567+0000][gc,phases   ] GC(246)   Post Evacuate Collection Set: 2.0ms
[2025-12-24T18:31:22.567+0000][gc,phases   ] GC(246)   Other: 0.6ms
[2025-12-24T18:31:22.567+0000][gc,heap     ] GC(246) Eden regions: 612->0(613)
[2025-12-24T18:31:22.568+0000][gc,heap     ] GC(246) Survivor regions: 2->1(77)
[2025-12-24T18:31:22.568+0000][gc,heap     ] GC(246) Old regions: 30->30
[2025-12-24T18:31:22.568+0000][gc,heap     ] GC(246) Humongous regions: 20->20
[2025-12-24T18:31:22.568+0000][gc,metaspace] GC(246) Metaspace: 12494K(12864K)->12494K(12864K) NonClass: 11392K(11520K)->11392K(11520K) Class: 1101K(1344K)->1101K(1344K)
[2025-12-24T18:31:22.568+0000][gc          ] GC(246) Pause Young (Normal) (G1 Evacuation Pause) 662M->49M(1024M) 10.625ms
[2025-12-24T18:31:22.568+0000][gc,cpu      ] GC(246) User=0.04s Sys=0.00s Real=0.01s
[2025-12-24T18:32:12.800+0000][gc,start    ] GC(247) Pause Young (Normal) (G1 Evacuation Pause)
[2025-12-24T18:32:12.801+0000][gc,task     ] GC(247) Using 8 workers of 8 for evacuation
[2025-12-24T18:32:12.826+0000][gc,phases   ] GC(247)   Pre Evacuate Collection Set: 3.5ms
[2025-12-24T18:32:12.826+0000][gc,phases   ] GC(247)   Merge Heap Roots: 0.4ms
[2025-12-24T18:32:12.826+0000][gc,phases   ] GC(247)   Evacuate Collection Set: 11.9ms
[2025-12-24T18:32:12.826+0000][gc,phases   ] GC(247)   Post Evacuate Collection Set: 8.6ms
[2025-12-24T18:32:12.826+0000][gc,phases   ] GC(247)   Other: 0.5ms
[2025-12-24T18:32:12.826+0000][gc,heap     ] GC(247) Eden regions: 613->0(612)
[2025-12-24T18:32:12.826+0000][gc,heap     ] GC(247) Survivor regions: 1->2(77)
[2025-12-24T18:32:12.826+0000][gc,heap     ] GC(247) Old regions: 30->30
[2025-12-24T18:32:12.826+0000][gc,heap     ] GC(247) Humongous regions: 20->20
[2025-12-24T18:32:12.826+0000][gc,metaspace] GC(247) Metaspace: 12494K(12864K)->12494K(12864K) NonClass: 11392K(11520K)->11392K(11520K) Class: 1101K(1344K)->1101K(1344K)
[2025-12-24T18:32:12.826+0000][gc          ] GC(247) Pause Young (Normal) (G1 Evacuation Pause) 662M->50M(1024M) 26.387ms
[2025-12-24T18:32:12.826+0000][gc,cpu      ] GC(247) User=0.11s Sys=0.00s Real=0.03s
[2025-12-24T18:33:12.628+0000][gc,start    ] GC(248) Pause Young (Normal) (G1 Evacuation Pause)
[2025-12-24T18:33:12.629+0000][gc,task     ] GC(248) Using 8 workers of 8 for evacuation
[2025-12-24T18:33:12.635+0000][gc,phases   ] GC(248)   Pre Evacuate Collection Set: 1.1ms
[2025-12-24T18:33:12.635+0000][gc,phases   ] GC(248)   Merge Heap Roots: 0.2ms
[2025-12-24T18:33:12.635+0000][gc,phases   ] GC(248)   Evacuate Collection Set: 2.8ms
[2025-12-24T18:33:12.636+0000][gc,phases   ] GC(248)   Post Evacuate Collection Set: 2.0ms
[2025-12-24T18:33:12.636+0000][gc,phases   ] GC(248)   Other: 0.3ms
[2025-12-24T18:33:12.636+0000][gc,heap     ] GC(248) Eden regions: 612->0(613)
[2025-12-24T18:33:12.636+0000][gc,heap     ] GC(248) Survivor regions: 2->1(77)
[2025-12-24T18:33:12.636+0000][gc,heap     ] GC(248) Old regions: 30->30
[2025-12-24T18:33:12.636+0000][gc,heap     ] GC(248) Humongous regions: 20->20
[2025-12-24T18:33:12.636+0000][gc,metaspace] GC(248) Metaspace: 12494K(12864K)->12494K(12864K) NonClass: 11392K(11520K)->11392K(11520K) Class: 1101K(1344K)->1101K(1344K)
[2025-12-24T18:33:12.636+0000][gc          ] GC(248) Pause Young (Normal) (G1 Evacuation Pause) 662M->50M(1024M) 7.912ms
[2025-12-24T18:33:12.636+0000][gc,cpu      ] GC(248) User=0.03s Sys=0.00s Real=0.01s
[2025-12-24T18:34:02.830+0000][gc,start    ] GC(249) Pause Young (Normal) (G1 Evacuation Pause)
[2025-12-24T18:34:02.830+0000][gc,task     ] GC(249) Using 8 workers of 8 for evacuation
[2025-12-24T18:34:02.838+0000][gc,phases   ] GC(249)   Pre Evacuate Collection Set: 1.9ms
[2025-12-24T18:34:02.838+0000][gc,phases   ] GC(249)   Merge Heap Roots: 0.4ms
[2025-12-24T18:34:02.838+0000][gc,phases   ] GC(249)   Evacuate Collection Set: 3.7ms
[2025-12-24T18:34:02.838+0000][gc,phases   ] GC(249)   Post Evacuate Collection Set: 1.4ms
[2025-12-24T18:34:02.838+0000][gc,phases   ] GC(249)   Other: 0.2ms
[2025-12-24T18:34:02.838+0000][gc,heap     ] GC(249) Eden regions: 613->0(612)
[2025-12-24T18:34:02.838+0000][gc,heap     ] GC(249) Survivor regions: 1->2(77)
[2025-12-24T18:34:02.839+0000][gc,heap     ] GC(249) Old regions: 30->30
[2025-12-24T18:34:02.839+0000][gc,heap     ] GC(249) Humongous regions: 20->20
[2025-12-24T18:34:02.839+0000][gc,metaspace] GC(249) Metaspace: 12494K(12864K)->12494K(12864K) NonClass: 11392K(11520K)->11392K(11520K) Class: 1101K(1344K)->1101K(1344K)
[2025-12-24T18:34:02.839+0000][gc          ] GC(249) Pause Young (Normal) (G1 Evacuation Pause) 663M->51M(1024M) 9.324ms
[2025-12-24T18:34:02.839+0000][gc,cpu      ] GC(249) User=0.04s Sys=0.00s Real=0.00s
[2025-12-24T18:35:02.763+0000][gc,start    ] GC(250) Pause Young (Normal) (G1 Evacuation Pause)
[2025-12-24T18:35:02.764+0000][gc,task     ] GC(250) Using 8 workers of 8 for evacuation
[2025-12-24T18:35:02.776+0000][gc,phases   ] GC(250)   Pre Evacuate Collection Set: 2.6ms
[2025-12-24T18:35:02.776+0000][gc,phases   ] GC(250)   Merge Heap Roots: 0.8ms
[2025-12-24T18:35:02.776+0000][gc,phases   ] GC(250)   Evacuate Collection Set: 6.6ms
[2025-12-24T18:35:02.776+0000][gc,phases   ] GC(250)   Post Evacuate Collection Set: 1.6ms
[2025-12-24T18:35:02.776+0000][gc,phases   ] GC(250)   Other: 0.4ms
[2025-12-24T18:35:02.776+0000][gc,heap     ] GC(250) Eden regions: 612->0(612)
[2025-12-24T18:35:02.777+0000][gc,heap     ] GC(250) Survivor regions: 2->2(77)
[2025-12-24T18:35:02.777+0000][gc,heap     ] GC(250) Old regions: 30->30
[2025-12-24T18:35:02.777+0000][gc,heap     ] GC(250) Humongous regions: 20->20
[2025-12-24T18:35:02.777+0000][gc,metaspace] GC(250) Metaspace: 12495K(12864K)->12495K(12864K) NonClass: 11393K(11520K)->11393K(11520K) Class: 1101K(1344K)->1101K(1344K)
[2025-12-24T18:35:02.777+0000][gc          ] GC(250) Pause Young (Normal) (G1 Evacuation Pause) 663M->50M(1024M) 13.378ms
[2025-12-24T18:35:02.777+0000][gc,cpu      ] GC(250) User=0.08s Sys=0.00s Real=0.01s
[2025-12-24T18:35:52.862+0000][gc,start    ] GC(251) Pause Young (Normal) (G1 Evacuation Pause)
[2025-12-24T18:35:52.865+0000][gc,task     ] GC(251) Using 8 workers of 8 for evacuation
[2025-12-24T18:35:52.915+0000][gc,phases   ] GC(251)   Pre Evacuate Collection Set: 4.9ms
[2025-12-24T18:35:52.915+0000][gc,phases   ] GC(251)   Merge Heap Roots: 0.4ms
[2025-12-24T18:35:52.915+0000][gc,phases   ] GC(251)   Evacuate Collection Set: 32.4ms
[2025-12-24T18:35:52.915+0000][gc,phases   ] GC(251)   Post Evacuate Collection Set: 11.3ms
[2025-12-24T18:35:52.916+0000][gc,phases   ] GC(251)   Other: 1.6ms
[2025-12-24T18:35:52.916+0000][gc,heap     ] GC(251) Eden regions: 612->0(610)
[2025-12-24T18:35:52.916+0000][gc,heap     ] GC(251) Survivor regions: 2->4(77)
[2025-12-24T18:35:52.916+0000][gc,heap     ] GC(251) Old regions: 30->30
[2025-12-24T18:35:52.917+0000][gc,heap     ] GC(251) Humongous regions: 20->20
[2025-12-24T18:35:52.917+0000][gc,metaspace] GC(251) Metaspace: 12509K(12928K)->12509K(12928K) NonClass: 11407K(11584K)->11407K(11584K) Class: 1102K(1344K)->1102K(1344K)
[2025-12-24T18:35:52.918+0000][gc          ] GC(251) Pause Young (Normal) (G1 Evacuation Pause) 662M->52M(1024M) 55.782ms
[2025-12-24T18:35:52.918+0000][gc,cpu      ] GC(251) User=0.27s Sys=0.01s Real=0.05s
[2025-12-24T18:36:52.727+0000][gc,start    ] GC(252) Pause Young (Normal) (G1 Evacuation Pause)
[2025-12-24T18:36:52.727+0000][gc,task     ] GC(252) Using 8 workers of 8 for evacuation
[2025-12-24T18:36:52.735+0000][gc,phases   ] GC(252)   Pre Evacuate Collection Set: 1.2ms
[2025-12-24T18:36:52.735+0000][gc,phases   ] GC(252)   Merge Heap Roots: 0.3ms
[2025-12-24T18:36:52.735+0000][gc,phases   ] GC(252)   Evacuate Collection Set: 4.7ms
[2025-12-24T18:36:52.735+0000][gc,phases   ] GC(252)   Post Evacuate Collection Set: 1.1ms
[2025-12-24T18:36:52.735+0000][gc,phases   ] GC(252)   Other: 0.4ms
[2025-12-24T18:36:52.735+0000][gc,heap     ] GC(252) Eden regions: 610->0(610)
[2025-12-24T18:36:52.735+0000][gc,heap     ] GC(252) Survivor regions: 4->4(77)
[2025-12-24T18:36:52.735+0000][gc,heap     ] GC(252) Old regions: 30->30
[2025-12-24T18:36:52.736+0000][gc,heap     ] GC(252) Humongous regions: 20->20
[2025-12-24T18:36:52.736+0000][gc,metaspace] GC(252) Metaspace: 12510K(12928K)->12510K(12928K) NonClass: 11408K(11584K)->11408K(11584K) Class: 1102K(1344K)->1102K(1344K)
[2025-12-24T18:36:52.736+0000][gc          ] GC(252) Pause Young (Normal) (G1 Evacuation Pause) 662M->52M(1024M) 9.021ms
[2025-12-24T18:36:52.736+0000][gc,cpu      ] GC(252) User=0.04s Sys=0.00s Real=0.01s
[2025-12-24T18:37:52.574+0000][gc,start    ] GC(253) Pause Young (Normal) (G1 Evacuation Pause)
[2025-12-24T18:37:52.574+0000][gc,task     ] GC(253) Using 8 workers of 8 for evacuation
[2025-12-24T18:37:52.601+0000][gc,phases   ] GC(253)   Pre Evacuate Collection Set: 4.5ms
[2025-12-24T18:37:52.601+0000][gc,phases   ] GC(253)   Merge Heap Roots: 0.3ms
[2025-12-24T18:37:52.601+0000][gc,phases   ] GC(253)   Evacuate Collection Set: 14.5ms
[2025-12-24T18:37:52.601+0000][gc,phases   ] GC(253)   Post Evacuate Collection Set: 6.3ms
[2025-12-24T18:37:52.601+0000][gc,phases   ] GC(253)   Other: 0.6ms
[2025-12-24T18:37:52.603+0000][gc,heap     ] GC(253) Eden regions: 610->0(611)
[2025-12-24T18:37:52.603+0000][gc,heap     ] GC(253) Survivor regions: 4->3(77)
[2025-12-24T18:37:52.603+0000][gc,heap     ] GC(253) Old regions: 30->30
[2025-12-24T18:37:52.603+0000][gc,heap     ] GC(253) Humongous regions: 20->20
[2025-12-24T18:37:52.603+0000][gc,metaspace] GC(253) Metaspace: 12510K(12928K)->12510K(12928K) NonClass: 11408K(11584K)->11408K(11584K) Class: 1102K(1344K)->1102K(1344K)
[2025-12-24T18:37:52.605+0000][gc          ] GC(253) Pause Young (Normal) (G1 Evacuation Pause) 662M->52M(1024M) 31.011ms
[2025-12-24T18:37:52.605+0000][gc,cpu      ] GC(253) User=0.16s Sys=0.00s Real=0.03s
[2025-12-24T18:38:42.773+0000][gc,start    ] GC(254) Pause Young (Normal) (G1 Evacuation Pause)
[2025-12-24T18:38:42.774+0000][gc,task     ] GC(254) Using 8 workers of 8 for evacuation
[2025-12-24T18:38:42.783+0000][gc,phases   ] GC(254)   Pre Evacuate Collection Set: 1.3ms
[2025-12-24T18:38:42.783+0000][gc,phases   ] GC(254)   Merge Heap Roots: 0.2ms
[2025-12-24T18:38:42.783+0000][gc,phases   ] GC(254)   Evacuate Collection Set: 6.2ms
[2025-12-24T18:38:42.784+0000][gc,phases   ] GC(254)   Post Evacuate Collection Set: 1.0ms
[2025-12-24T18:38:42.784+0000][gc,phases   ] GC(254)   Other: 0.4ms
[2025-12-24T18:38:42.784+0000][gc,heap     ] GC(254) Eden regions: 611->0(610)
[2025-12-24T18:38:42.784+0000][gc,heap     ] GC(254) Survivor regions: 3->4(77)
[2025-12-24T18:38:42.784+0000][gc,heap     ] GC(254) Old regions: 30->30
[2025-12-24T18:38:42.784+0000][gc,heap     ] GC(254) Humongous regions: 20->20
[2025-12-24T18:38:42.784+0000][gc,metaspace] GC(254) Metaspace: 12510K(12928K)->12510K(12928K) NonClass: 11408K(11584K)->11408K(11584K) Class: 1102K(1344K)->1102K(1344K)
[2025-12-24T18:38:42.784+0000][gc          ] GC(254) Pause Young (Normal) (G1 Evacuation Pause) 663M->53M(1024M) 10.976ms
[2025-12-24T18:38:42.784+0000][gc,cpu      ] GC(254) User=0.05s Sys=0.00s Real=0.02s
[2025-12-24T18:39:42.610+0000][gc,start    ] GC(255) Pause Young (Normal) (G1 Evacuation Pause)
[2025-12-24T18:39:42.610+0000][gc,task     ] GC(255) Using 8 workers of 8 for evacuation
[2025-12-24T18:39:42.619+0000][gc,phases   ] GC(255)   Pre Evacuate Collection Set: 1.7ms
[2025-12-24T18:39:42.620+0000][gc,phases   ] GC(255)   Merge Heap Roots: 0.4ms
[2025-12-24T18:39:42.620+0000][gc,phases   ] GC(255)   Evacuate Collection Set: 5.7ms
[2025-12-24T18:39:42.620+0000][gc,phases   ] GC(255)   Post Evacuate Collection Set: 1.0ms
[2025-12-24T18:39:42.620+0000][gc,phases   ] GC(255)   Other: 0.2ms
[2025-12-24T18:39:42.620+0000][gc,heap     ] GC(255) Eden regions: 610->0(611)
[2025-12-24T18:39:42.620+0000][gc,heap     ] GC(255) Survivor regions: 4->3(77)
[2025-12-24T18:39:42.620+0000][gc,heap     ] GC(255) Old regions: 30->30
[2025-12-24T18:39:42.620+0000][gc,heap     ] GC(255) Humongous regions: 20->20
[2025-12-24T18:39:42.620+0000][gc,metaspace] GC(255) Metaspace: 12523K(12928K)->12523K(12928K) NonClass: 11414K(11584K)->11414K(11584K) Class: 1108K(1344K)->1108K(1344K)
[2025-12-24T18:39:42.620+0000][gc          ] GC(255) Pause Young (Normal) (G1 Evacuation Pause) 663M->52M(1024M) 10.317ms
[2025-12-24T18:39:42.620+0000][gc,cpu      ] GC(255) User=0.05s Sys=0.00s Real=0.01s
[2025-12-24T18:40:32.809+0000][gc,start    ] GC(256) Pause Young (Normal) (G1 Evacuation Pause)
[2025-12-24T18:40:32.809+0000][gc,task     ] GC(256) Using 8 workers of 8 for evacuation
[2025-12-24T18:40:32.820+0000][gc,phases   ] GC(256)   Pre Evacuate Collection Set: 1.1ms
[2025-12-24T18:40:32.820+0000][gc,phases   ] GC(256)   Merge Heap Roots: 0.2ms
[2025-12-24T18:40:32.820+0000][gc,phases   ] GC(256)   Evacuate Collection Set: 8.2ms
[2025-12-24T18:40:32.820+0000][gc,phases   ] GC(256)   Post Evacuate Collection Set: 1.0ms
[2025-12-24T18:40:32.820+0000][gc,phases   ] GC(256)   Other: 0.2ms
[2025-12-24T18:40:32.820+0000][gc,heap     ] GC(256) Eden regions: 611->0(610)
[2025-12-24T18:40:32.820+0000][gc,heap     ] GC(256) Survivor regions: 3->4(77)
[2025-12-24T18:40:32.820+0000][gc,heap     ] GC(256) Old regions: 30->30
[2025-12-24T18:40:32.820+0000][gc,heap     ] GC(256) Humongous regions: 20->20
[2025-12-24T18:40:32.820+0000][gc,metaspace] GC(256) Metaspace: 12529K(12928K)->12529K(12928K) NonClass: 11420K(11584K)->11420K(11584K) Class: 1108K(1344K)->1108K(1344K)
[2025-12-24T18:40:32.821+0000][gc          ] GC(256) Pause Young (Normal) (G1 Evacuation Pause) 663M->53M(1024M) 11.812ms
[2025-12-24T18:40:32.821+0000][gc,cpu      ] GC(256) User=0.07s Sys=0.00s Real=0.01s
[2025-12-24T18:41:32.784+0000][gc,start    ] GC(257) Pause Young (Normal) (G1 Evacuation Pause)
[2025-12-24T18:41:32.787+0000][gc,task     ] GC(257) Using 8 workers of 8 for evacuation
[2025-12-24T18:41:32.799+0000][gc,phases   ] GC(257)   Pre Evacuate Collection Set: 1.2ms
[2025-12-24T18:41:32.800+0000][gc,phases   ] GC(257)   Merge Heap Roots: 0.3ms
[2025-12-24T18:41:32.800+0000][gc,phases   ] GC(257)   Evacuate Collection Set: 9.9ms
[2025-12-24T18:41:32.800+0000][gc,phases   ] GC(257)   Post Evacuate Collection Set: 1.1ms
[2025-12-24T18:41:32.800+0000][gc,phases   ] GC(257)   Other: 0.4ms
[2025-12-24T18:41:32.800+0000][gc,heap     ] GC(257) Eden regions: 610->0(610)
[2025-12-24T18:41:32.800+0000][gc,heap     ] GC(257) Survivor regions: 4->4(77)
[2025-12-24T18:41:32.800+0000][gc,heap     ] GC(257) Old regions: 30->30
[2025-12-24T18:41:32.800+0000][gc,heap     ] GC(257) Humongous regions: 20->20
[2025-12-24T18:41:32.800+0000][gc,metaspace] GC(257) Metaspace: 12530K(12928K)->12530K(12928K) NonClass: 11421K(11584K)->11421K(11584K) Class: 1108K(1344K)->1108K(1344K)
[2025-12-24T18:41:32.800+0000][gc          ] GC(257) Pause Young (Normal) (G1 Evacuation Pause) 663M->52M(1024M) 15.756ms
[2025-12-24T18:41:32.800+0000][gc,cpu      ] GC(257) User=0.07s Sys=0.00s Real=0.01s
[2025-12-24T18:42:22.883+0000][gc,start    ] GC(258) Pause Young (Normal) (G1 Evacuation Pause)
[2025-12-24T18:42:22.884+0000][gc,task     ] GC(258) Using 8 workers of 8 for evacuation
[2025-12-24T18:42:22.892+0000][gc,phases   ] GC(258)   Pre Evacuate Collection Set: 1.0ms
[2025-12-24T18:42:22.892+0000][gc,phases   ] GC(258)   Merge Heap Roots: 0.2ms
[2025-12-24T18:42:22.892+0000][gc,phases   ] GC(258)   Evacuate Collection Set: 4.8ms
[2025-12-24T18:42:22.892+0000][gc,phases   ] GC(258)   Post Evacuate Collection Set: 1.2ms
[2025-12-24T18:42:22.892+0000][gc,phases   ] GC(258)   Other: 0.3ms
[2025-12-24T18:42:22.892+0000][gc,heap     ] GC(258) Eden regions: 610->0(611)
[2025-12-24T18:42:22.892+0000][gc,heap     ] GC(258) Survivor regions: 4->3(77)
[2025-12-24T18:42:22.892+0000][gc,heap     ] GC(258) Old regions: 30->30
[2025-12-24T18:42:22.892+0000][gc,heap     ] GC(258) Humongous regions: 20->20
[2025-12-24T18:42:22.892+0000][gc,metaspace] GC(258) Metaspace: 12530K(12928K)->12530K(12928K) NonClass: 11421K(11584K)->11421K(11584K) Class: 1108K(1344K)->1108K(1344K)
[2025-12-24T18:42:22.893+0000][gc          ] GC(258) Pause Young (Normal) (G1 Evacuation Pause) 662M->52M(1024M) 9.283ms
[2025-12-24T18:42:22.893+0000][gc,cpu      ] GC(258) User=0.04s Sys=0.00s Real=0.01s
[2025-12-24T18:43:22.696+0000][gc,start    ] GC(259) Pause Young (Normal) (G1 Evacuation Pause)
[2025-12-24T18:43:22.696+0000][gc,task     ] GC(259) Using 8 workers of 8 for evacuation
[2025-12-24T18:43:22.704+0000][gc,phases   ] GC(259)   Pre Evacuate Collection Set: 1.1ms
[2025-12-24T18:43:22.704+0000][gc,phases   ] GC(259)   Merge Heap Roots: 0.2ms
[2025-12-24T18:43:22.704+0000][gc,phases   ] GC(259)   Evacuate Collection Set: 4.4ms
[2025-12-24T18:43:22.704+0000][gc,phases   ] GC(259)   Post Evacuate Collection Set: 1.8ms
[2025-12-24T18:43:22.704+0000][gc,phases   ] GC(259)   Other: 0.4ms
[2025-12-24T18:43:22.705+0000][gc,heap     ] GC(259) Eden regions: 611->0(610)
[2025-12-24T18:43:22.705+0000][gc,heap     ] GC(259) Survivor regions: 3->4(77)
[2025-12-24T18:43:22.705+0000][gc,heap     ] GC(259) Old regions: 30->30
[2025-12-24T18:43:22.705+0000][gc,heap     ] GC(259) Humongous regions: 20->20
[2025-12-24T18:43:22.705+0000][gc,metaspace] GC(259) Metaspace: 12530K(12928K)->12530K(12928K) NonClass: 11421K(11584K)->11421K(11584K) Class: 1108K(1344K)->1108K(1344K)
[2025-12-24T18:43:22.705+0000][gc          ] GC(259) Pause Young (Normal) (G1 Evacuation Pause) 663M->53M(1024M) 9.353ms
[2025-12-24T18:43:22.705+0000][gc,cpu      ] GC(259) User=0.05s Sys=0.00s Real=0.01s
[2025-12-24T18:44:22.609+0000][gc,start    ] GC(260) Pause Young (Normal) (G1 Evacuation Pause)
[2025-12-24T18:44:22.609+0000][gc,task     ] GC(260) Using 8 workers of 8 for evacuation
[2025-12-24T18:44:22.623+0000][gc,phases   ] GC(260)   Pre Evacuate Collection Set: 1.3ms
[2025-12-24T18:44:22.623+0000][gc,phases   ] GC(260)   Merge Heap Roots: 0.3ms
[2025-12-24T18:44:22.623+0000][gc,phases   ] GC(260)   Evacuate Collection Set: 10.1ms
[2025-12-24T18:44:22.623+0000][gc,phases   ] GC(260)   Post Evacuate Collection Set: 1.3ms
[2025-12-24T18:44:22.623+0000][gc,phases   ] GC(260)   Other: 0.4ms
[2025-12-24T18:44:22.623+0000][gc,heap     ] GC(260) Eden regions: 610->0(611)
[2025-12-24T18:44:22.623+0000][gc,heap     ] GC(260) Survivor regions: 4->3(77)
[2025-12-24T18:44:22.623+0000][gc,heap     ] GC(260) Old regions: 30->30
[2025-12-24T18:44:22.623+0000][gc,heap     ] GC(260) Humongous regions: 20->20
[2025-12-24T18:44:22.623+0000][gc,metaspace] GC(260) Metaspace: 12533K(12928K)->12533K(12928K) NonClass: 11424K(11584K)->11424K(11584K) Class: 1108K(1344K)->1108K(1344K)
[2025-12-24T18:44:22.623+0000][gc          ] GC(260) Pause Young (Normal) (G1 Evacuation Pause) 663M->52M(1024M) 14.744ms
[2025-12-24T18:44:22.623+0000][gc,cpu      ] GC(260) User=0.09s Sys=0.00s Real=0.01s
[2025-12-24T18:45:12.829+0000][gc,start    ] GC(261) Pause Young (Normal) (G1 Evacuation Pause)
[2025-12-24T18:45:12.830+0000][gc,task     ] GC(261) Using 8 workers of 8 for evacuation
[2025-12-24T18:45:12.848+0000][gc,phases   ] GC(261)   Pre Evacuate Collection Set: 3.2ms
[2025-12-24T18:45:12.848+0000][gc,phases   ] GC(261)   Merge Heap Roots: 0.7ms
[2025-12-24T18:45:12.848+0000][gc,phases   ] GC(261)   Evacuate Collection Set: 12.2ms
[2025-12-24T18:45:12.848+0000][gc,phases   ] GC(261)   Post Evacuate Collection Set: 1.2ms
[2025-12-24T18:45:12.848+0000][gc,phases   ] GC(261)   Other: 0.6ms
[2025-12-24T18:45:12.848+0000][gc,heap     ] GC(261) Eden regions: 611->0(610)
[2025-12-24T18:45:12.848+0000][gc,heap     ] GC(261) Survivor regions: 3->4(77)
[2025-12-24T18:45:12.849+0000][gc,heap     ] GC(261) Old regions: 30->30
[2025-12-24T18:45:12.849+0000][gc,heap     ] GC(261) Humongous regions: 20->20
[2025-12-24T18:45:12.849+0000][gc,metaspace] GC(261) Metaspace: 12533K(12928K)->12533K(12928K) NonClass: 11424K(11584K)->11424K(11584K) Class: 1108K(1344K)->1108K(1344K)
[2025-12-24T18:45:12.849+0000][gc          ] GC(261) Pause Young (Normal) (G1 Evacuation Pause) 663M->53M(1024M) 20.131ms
[2025-12-24T18:45:12.849+0000][gc,cpu      ] GC(261) User=0.11s Sys=0.00s Real=0.02s
[2025-12-24T18:46:12.687+0000][gc,start    ] GC(262) Pause Young (Normal) (G1 Evacuation Pause)
[2025-12-24T18:46:12.687+0000][gc,task     ] GC(262) Using 8 workers of 8 for evacuation
[2025-12-24T18:46:12.700+0000][gc,phases   ] GC(262)   Pre Evacuate Collection Set: 1.2ms
[2025-12-24T18:46:12.700+0000][gc,phases   ] GC(262)   Merge Heap Roots: 0.3ms
[2025-12-24T18:46:12.700+0000][gc,phases   ] GC(262)   Evacuate Collection Set: 9.6ms
[2025-12-24T18:46:12.700+0000][gc,phases   ] GC(262)   Post Evacuate Collection Set: 1.3ms
[2025-12-24T18:46:12.700+0000][gc,phases   ] GC(262)   Other: 0.3ms
[2025-12-24T18:46:12.700+0000][gc,heap     ] GC(262) Eden regions: 610->0(611)
[2025-12-24T18:46:12.701+0000][gc,heap     ] GC(262) Survivor regions: 4->3(77)
[2025-12-24T18:46:12.701+0000][gc,heap     ] GC(262) Old regions: 30->30
[2025-12-24T18:46:12.701+0000][gc,heap     ] GC(262) Humongous regions: 20->20
[2025-12-24T18:46:12.701+0000][gc,metaspace] GC(262) Metaspace: 12535K(12928K)->12535K(12928K) NonClass: 11426K(11584K)->11426K(11584K) Class: 1108K(1344K)->1108K(1344K)
[2025-12-24T18:46:12.701+0000][gc          ] GC(262) Pause Young (Normal) (G1 Evacuation Pause) 663M->52M(1024M) 14.051ms
[2025-12-24T18:46:12.701+0000][gc,cpu      ] GC(262) User=0.07s Sys=0.00s Real=0.02s
[2025-12-24T18:47:02.851+0000][gc,start    ] GC(263) Pause Young (Normal) (G1 Evacuation Pause)
[2025-12-24T18:47:02.852+0000][gc,task     ] GC(263) Using 8 workers of 8 for evacuation
[2025-12-24T18:47:02.869+0000][gc,phases   ] GC(263)   Pre Evacuate Collection Set: 3.9ms
[2025-12-24T18:47:02.869+0000][gc,phases   ] GC(263)   Merge Heap Roots: 1.6ms
[2025-12-24T18:47:02.869+0000][gc,phases   ] GC(263)   Evacuate Collection Set: 8.3ms
[2025-12-24T18:47:02.869+0000][gc,phases   ] GC(263)   Post Evacuate Collection Set: 2.1ms
[2025-12-24T18:47:02.869+0000][gc,phases   ] GC(263)   Other: 1.5ms
[2025-12-24T18:47:02.869+0000][gc,heap     ] GC(263) Eden regions: 611->0(610)
[2025-12-24T18:47:02.870+0000][gc,heap     ] GC(263) Survivor regions: 3->4(77)
[2025-12-24T18:47:02.870+0000][gc,heap     ] GC(263) Old regions: 30->30
[2025-12-24T18:47:02.870+0000][gc,heap     ] GC(263) Humongous regions: 20->20
[2025-12-24T18:47:02.870+0000][gc,metaspace] GC(263) Metaspace: 12538K(12928K)->12538K(12928K) NonClass: 11430K(11584K)->11430K(11584K) Class: 1108K(1344K)->1108K(1344K)
[2025-12-24T18:47:02.870+0000][gc          ] GC(263) Pause Young (Normal) (G1 Evacuation Pause) 663M->53M(1024M) 19.424ms
[2025-12-24T18:47:02.870+0000][gc,cpu      ] GC(263) User=0.09s Sys=0.00s Real=0.02s
[2025-12-24T18:48:02.702+0000][gc,start    ] GC(264) Pause Young (Normal) (G1 Evacuation Pause)
[2025-12-24T18:48:02.703+0000][gc,task     ] GC(264) Using 8 workers of 8 for evacuation
[2025-12-24T18:48:02.718+0000][gc,phases   ] GC(264)   Pre Evacuate Collection Set: 1.1ms
[2025-12-24T18:48:02.718+0000][gc,phases   ] GC(264)   Merge Heap Roots: 0.2ms
[2025-12-24T18:48:02.719+0000][gc,phases   ] GC(264)   Evacuate Collection Set: 11.2ms
[2025-12-24T18:48:02.719+0000][gc,phases   ] GC(264)   Post Evacuate Collection Set: 2.1ms
[2025-12-24T18:48:02.719+0000][gc,phases   ] GC(264)   Other: 0.6ms
[2025-12-24T18:48:02.719+0000][gc,heap     ] GC(264) Eden regions: 610->0(610)
[2025-12-24T18:48:02.719+0000][gc,heap     ] GC(264) Survivor regions: 4->4(77)
[2025-12-24T18:48:02.719+0000][gc,heap     ] GC(264) Old regions: 30->30
[2025-12-24T18:48:02.719+0000][gc,heap     ] GC(264) Humongous regions: 20->20
[2025-12-24T18:48:02.719+0000][gc,metaspace] GC(264) Metaspace: 12538K(12928K)->12538K(12928K) NonClass: 11430K(11584K)->11430K(11584K) Class: 1108K(1344K)->1108K(1344K)
[2025-12-24T18:48:02.719+0000][gc          ] GC(264) Pause Young (Normal) (G1 Evacuation Pause) 663M->52M(1024M) 17.017ms
[2025-12-24T18:48:02.719+0000][gc,cpu      ] GC(264) User=0.09s Sys=0.00s Real=0.02s
[2025-12-24T18:49:02.404+0000][gc,start    ] GC(265) Pause Young (Normal) (G1 Evacuation Pause)
[2025-12-24T18:49:02.405+0000][gc,task     ] GC(265) Using 8 workers of 8 for evacuation
[2025-12-24T18:49:02.417+0000][gc,phases   ] GC(265)   Pre Evacuate Collection Set: 2.3ms
[2025-12-24T18:49:02.417+0000][gc,phases   ] GC(265)   Merge Heap Roots: 0.7ms
[2025-12-24T18:49:02.417+0000][gc,phases   ] GC(265)   Evacuate Collection Set: 7.3ms
[2025-12-24T18:49:02.417+0000][gc,phases   ] GC(265)   Post Evacuate Collection Set: 1.6ms
[2025-12-24T18:49:02.418+0000][gc,phases   ] GC(265)   Other: 0.5ms
[2025-12-24T18:49:02.418+0000][gc,heap     ] GC(265) Eden regions: 610->0(611)
[2025-12-24T18:49:02.418+0000][gc,heap     ] GC(265) Survivor regions: 4->3(77)
[2025-12-24T18:49:02.418+0000][gc,heap     ] GC(265) Old regions: 30->30
[2025-12-24T18:49:02.418+0000][gc,heap     ] GC(265) Humongous regions: 20->20
[2025-12-24T18:49:02.418+0000][gc,metaspace] GC(265) Metaspace: 12538K(12928K)->12538K(12928K) NonClass: 11430K(11584K)->11430K(11584K) Class: 1108K(1344K)->1108K(1344K)
[2025-12-24T18:49:02.418+0000][gc          ] GC(265) Pause Young (Normal) (G1 Evacuation Pause) 662M->52M(1024M) 14.006ms
[2025-12-24T18:49:02.418+0000][gc,cpu      ] GC(265) User=0.07s Sys=0.00s Real=0.01s
[2025-12-24T18:49:52.797+0000][gc,start    ] GC(266) Pause Young (Normal) (G1 Evacuation Pause)
[2025-12-24T18:49:52.798+0000][gc,task     ] GC(266) Using 8 workers of 8 for evacuation
[2025-12-24T18:49:52.823+0000][gc,phases   ] GC(266)   Pre Evacuate Collection Set: 1.5ms
[2025-12-24T18:49:52.823+0000][gc,phases   ] GC(266)   Merge Heap Roots: 0.4ms
[2025-12-24T18:49:52.823+0000][gc,phases   ] GC(266)   Evacuate Collection Set: 19.5ms
[2025-12-24T18:49:52.823+0000][gc,phases   ] GC(266)   Post Evacuate Collection Set: 2.8ms
[2025-12-24T18:49:52.824+0000][gc,phases   ] GC(266)   Other: 0.5ms
[2025-12-24T18:49:52.824+0000][gc,heap     ] GC(266) Eden regions: 611->0(612)
[2025-12-24T18:49:52.824+0000][gc,heap     ] GC(266) Survivor regions: 3->2(77)
[2025-12-24T18:49:52.824+0000][gc,heap     ] GC(266) Old regions: 30->32
[2025-12-24T18:49:52.824+0000][gc,heap     ] GC(266) Humongous regions: 20->20
[2025-12-24T18:49:52.824+0000][gc,metaspace] GC(266) Metaspace: 12538K(12928K)->12538K(12928K) NonClass: 11430K(11584K)->11430K(11584K) Class: 1108K(1344K)->1108K(1344K)
[2025-12-24T18:49:52.825+0000][gc          ] GC(266) Pause Young (Normal) (G1 Evacuation Pause) 663M->53M(1024M) 27.117ms
[2025-12-24T18:49:52.825+0000][gc,cpu      ] GC(266) User=0.10s Sys=0.04s Real=0.02s
[2025-12-24T18:50:52.574+0000][gc,start    ] GC(267) Pause Young (Normal) (G1 Evacuation Pause)
[2025-12-24T18:50:52.575+0000][gc,task     ] GC(267) Using 8 workers of 8 for evacuation
[2025-12-24T18:50:52.588+0000][gc,phases   ] GC(267)   Pre Evacuate Collection Set: 1.7ms
[2025-12-24T18:50:52.588+0000][gc,phases   ] GC(267)   Merge Heap Roots: 0.3ms
[2025-12-24T18:50:52.588+0000][gc,phases   ] GC(267)   Evacuate Collection Set: 7.9ms
[2025-12-24T18:50:52.588+0000][gc,phases   ] GC(267)   Post Evacuate Collection Set: 3.1ms
[2025-12-24T18:50:52.589+0000][gc,phases   ] GC(267)   Other: 0.5ms
[2025-12-24T18:50:52.589+0000][gc,heap     ] GC(267) Eden regions: 612->0(613)
[2025-12-24T18:50:52.589+0000][gc,heap     ] GC(267) Survivor regions: 2->1(77)
[2025-12-24T18:50:52.589+0000][gc,heap     ] GC(267) Old regions: 32->32
[2025-12-24T18:50:52.589+0000][gc,heap     ] GC(267) Humongous regions: 20->20
[2025-12-24T18:50:52.589+0000][gc,metaspace] GC(267) Metaspace: 12538K(12928K)->12538K(12928K) NonClass: 11430K(11584K)->11430K(11584K) Class: 1108K(1344K)->1108K(1344K)
[2025-12-24T18:50:52.590+0000][gc          ] GC(267) Pause Young (Normal) (G1 Evacuation Pause) 665M->52M(1024M) 16.257ms
[2025-12-24T18:50:52.590+0000][gc,cpu      ] GC(267) User=0.06s Sys=0.00s Real=0.01s
[2025-12-24T18:51:42.725+0000][gc,start    ] GC(268) Pause Young (Normal) (G1 Evacuation Pause)
[2025-12-24T18:51:42.725+0000][gc,task     ] GC(268) Using 8 workers of 8 for evacuation
[2025-12-24T18:51:42.743+0000][gc,phases   ] GC(268)   Pre Evacuate Collection Set: 4.9ms
[2025-12-24T18:51:42.743+0000][gc,phases   ] GC(268)   Merge Heap Roots: 0.6ms
[2025-12-24T18:51:42.743+0000][gc,phases   ] GC(268)   Evacuate Collection Set: 11.0ms
[2025-12-24T18:51:42.743+0000][gc,phases   ] GC(268)   Post Evacuate Collection Set: 1.1ms
[2025-12-24T18:51:42.743+0000][gc,phases   ] GC(268)   Other: 0.3ms
[2025-12-24T18:51:42.743+0000][gc,heap     ] GC(268) Eden regions: 613->0(612)
[2025-12-24T18:51:42.743+0000][gc,heap     ] GC(268) Survivor regions: 1->2(77)
[2025-12-24T18:51:42.744+0000][gc,heap     ] GC(268) Old regions: 32->32
[2025-12-24T18:51:42.744+0000][gc,heap     ] GC(268) Humongous regions: 20->20
[2025-12-24T18:51:42.744+0000][gc,metaspace] GC(268) Metaspace: 12538K(12928K)->12538K(12928K) NonClass: 11430K(11584K)->11430K(11584K) Class: 1108K(1344K)->1108K(1344K)
[2025-12-24T18:51:42.744+0000][gc          ] GC(268) Pause Young (Normal) (G1 Evacuation Pause) 665M->53M(1024M) 18.968ms
[2025-12-24T18:51:42.744+0000][gc,cpu      ] GC(268) User=0.11s Sys=0.00s Real=0.02s
[2025-12-24T18:52:42.562+0000][gc,start    ] GC(269) Pause Young (Normal) (G1 Evacuation Pause)
[2025-12-24T18:52:42.562+0000][gc,task     ] GC(269) Using 8 workers of 8 for evacuation
[2025-12-24T18:52:42.568+0000][gc,phases   ] GC(269)   Pre Evacuate Collection Set: 2.0ms
[2025-12-24T18:52:42.568+0000][gc,phases   ] GC(269)   Merge Heap Roots: 0.2ms
[2025-12-24T18:52:42.568+0000][gc,phases   ] GC(269)   Evacuate Collection Set: 2.8ms
[2025-12-24T18:52:42.568+0000][gc,phases   ] GC(269)   Post Evacuate Collection Set: 0.9ms
[2025-12-24T18:52:42.568+0000][gc,phases   ] GC(269)   Other: 0.2ms
[2025-12-24T18:52:42.568+0000][gc,heap     ] GC(269) Eden regions: 612->0(612)
[2025-12-24T18:52:42.568+0000][gc,heap     ] GC(269) Survivor regions: 2->2(77)
[2025-12-24T18:52:42.568+0000][gc,heap     ] GC(269) Old regions: 32->32
[2025-12-24T18:52:42.568+0000][gc,heap     ] GC(269) Humongous regions: 20->20
[2025-12-24T18:52:42.568+0000][gc,metaspace] GC(269) Metaspace: 12540K(12928K)->12540K(12928K) NonClass: 11431K(11584K)->11431K(11584K) Class: 1108K(1344K)->1108K(1344K)
[2025-12-24T18:52:42.569+0000][gc          ] GC(269) Pause Young (Normal) (G1 Evacuation Pause) 665M->52M(1024M) 6.948ms
[2025-12-24T18:52:42.569+0000][gc,cpu      ] GC(269) User=0.04s Sys=0.00s Real=0.01s
[2025-12-24T18:53:42.239+0000][gc,start    ] GC(270) Pause Young (Normal) (G1 Evacuation Pause)
[2025-12-24T18:53:42.239+0000][gc,task     ] GC(270) Using 8 workers of 8 for evacuation
[2025-12-24T18:53:42.250+0000][gc,phases   ] GC(270)   Pre Evacuate Collection Set: 1.3ms
[2025-12-24T18:53:42.250+0000][gc,phases   ] GC(270)   Merge Heap Roots: 0.2ms
[2025-12-24T18:53:42.250+0000][gc,phases   ] GC(270)   Evacuate Collection Set: 6.1ms
[2025-12-24T18:53:42.250+0000][gc,phases   ] GC(270)   Post Evacuate Collection Set: 2.6ms
[2025-12-24T18:53:42.250+0000][gc,phases   ] GC(270)   Other: 0.3ms
[2025-12-24T18:53:42.250+0000][gc,heap     ] GC(270) Eden regions: 612->0(613)
[2025-12-24T18:53:42.250+0000][gc,heap     ] GC(270) Survivor regions: 2->1(77)
[2025-12-24T18:53:42.250+0000][gc,heap     ] GC(270) Old regions: 32->32
[2025-12-24T18:53:42.250+0000][gc,heap     ] GC(270) Humongous regions: 20->20
[2025-12-24T18:53:42.251+0000][gc,metaspace] GC(270) Metaspace: 12540K(12928K)->12540K(12928K) NonClass: 11431K(11584K)->11431K(11584K) Class: 1108K(1344K)->1108K(1344K)
[2025-12-24T18:53:42.251+0000][gc          ] GC(270) Pause Young (Normal) (G1 Evacuation Pause) 664M->52M(1024M) 11.735ms
[2025-12-24T18:53:42.251+0000][gc,cpu      ] GC(270) User=0.06s Sys=0.00s Real=0.01s
[2025-12-24T18:54:32.675+0000][gc,start    ] GC(271) Pause Young (Normal) (G1 Evacuation Pause)
[2025-12-24T18:54:32.675+0000][gc,task     ] GC(271) Using 8 workers of 8 for evacuation
[2025-12-24T18:54:32.686+0000][gc,phases   ] GC(271)   Pre Evacuate Collection Set: 1.4ms
[2025-12-24T18:54:32.686+0000][gc,phases   ] GC(271)   Merge Heap Roots: 0.2ms
[2025-12-24T18:54:32.686+0000][gc,phases   ] GC(271)   Evacuate Collection Set: 5.9ms
[2025-12-24T18:54:32.686+0000][gc,phases   ] GC(271)   Post Evacuate Collection Set: 2.7ms
[2025-12-24T18:54:32.686+0000][gc,phases   ] GC(271)   Other: 0.2ms
[2025-12-24T18:54:32.686+0000][gc,heap     ] GC(271) Eden regions: 613->0(612)
[2025-12-24T18:54:32.686+0000][gc,heap     ] GC(271) Survivor regions: 1->2(77)
[2025-12-24T18:54:32.686+0000][gc,heap     ] GC(271) Old regions: 32->32
[2025-12-24T18:54:32.686+0000][gc,heap     ] GC(271) Humongous regions: 20->20
[2025-12-24T18:54:32.686+0000][gc,metaspace] GC(271) Metaspace: 12545K(12928K)->12545K(12928K) NonClass: 11436K(11584K)->11436K(11584K) Class: 1108K(1344K)->1108K(1344K)
[2025-12-24T18:54:32.687+0000][gc          ] GC(271) Pause Young (Normal) (G1 Evacuation Pause) 665M->53M(1024M) 12.153ms
[2025-12-24T18:54:32.687+0000][gc,cpu      ] GC(271) User=0.07s Sys=0.00s Real=0.01s
[2025-12-24T18:55:32.459+0000][gc,start    ] GC(272) Pause Young (Normal) (G1 Evacuation Pause)
[2025-12-24T18:55:32.459+0000][gc,task     ] GC(272) Using 8 workers of 8 for evacuation
[2025-12-24T18:55:32.470+0000][gc,phases   ] GC(272)   Pre Evacuate Collection Set: 1.2ms
[2025-12-24T18:55:32.470+0000][gc,phases   ] GC(272)   Merge Heap Roots: 0.2ms
[2025-12-24T18:55:32.470+0000][gc,phases   ] GC(272)   Evacuate Collection Set: 6.6ms
[2025-12-24T18:55:32.470+0000][gc,phases   ] GC(272)   Post Evacuate Collection Set: 2.1ms
[2025-12-24T18:55:32.470+0000][gc,phases   ] GC(272)   Other: 0.6ms
[2025-12-24T18:55:32.470+0000][gc,heap     ] GC(272) Eden regions: 612->0(613)
[2025-12-24T18:55:32.470+0000][gc,heap     ] GC(272) Survivor regions: 2->1(77)
[2025-12-24T18:55:32.470+0000][gc,heap     ] GC(272) Old regions: 32->32
[2025-12-24T18:55:32.471+0000][gc,heap     ] GC(272) Humongous regions: 20->20
[2025-12-24T18:55:32.471+0000][gc,metaspace] GC(272) Metaspace: 12545K(12928K)->12545K(12928K) NonClass: 11436K(11584K)->11436K(11584K) Class: 1108K(1344K)->1108K(1344K)
[2025-12-24T18:55:32.471+0000][gc          ] GC(272) Pause Young (Normal) (G1 Evacuation Pause) 665M->52M(1024M) 12.195ms
[2025-12-24T18:55:32.471+0000][gc,cpu      ] GC(272) User=0.05s Sys=0.01s Real=0.01s
[2025-12-24T18:56:22.930+0000][gc,start    ] GC(273) Pause Young (Normal) (G1 Evacuation Pause)
[2025-12-24T18:56:22.933+0000][gc,task     ] GC(273) Using 8 workers of 8 for evacuation
[2025-12-24T18:56:22.955+0000][gc,phases   ] GC(273)   Pre Evacuate Collection Set: 5.4ms
[2025-12-24T18:56:22.956+0000][gc,phases   ] GC(273)   Merge Heap Roots: 3.1ms
[2025-12-24T18:56:22.956+0000][gc,phases   ] GC(273)   Evacuate Collection Set: 9.0ms
[2025-12-24T18:56:22.956+0000][gc,phases   ] GC(273)   Post Evacuate Collection Set: 1.3ms
[2025-12-24T18:56:22.956+0000][gc,phases   ] GC(273)   Other: 3.4ms
[2025-12-24T18:56:22.956+0000][gc,heap     ] GC(273) Eden regions: 613->0(612)
[2025-12-24T18:56:22.956+0000][gc,heap     ] GC(273) Survivor regions: 1->2(77)
[2025-12-24T18:56:22.956+0000][gc,heap     ] GC(273) Old regions: 32->32
[2025-12-24T18:56:22.956+0000][gc,heap     ] GC(273) Humongous regions: 20->20
[2025-12-24T18:56:22.956+0000][gc,metaspace] GC(273) Metaspace: 12545K(12928K)->12545K(12928K) NonClass: 11436K(11584K)->11436K(11584K) Class: 1108K(1344K)->1108K(1344K)
[2025-12-24T18:56:22.957+0000][gc          ] GC(273) Pause Young (Normal) (G1 Evacuation Pause) 665M->53M(1024M) 26.722ms
[2025-12-24T18:56:22.957+0000][gc,cpu      ] GC(273) User=0.08s Sys=0.01s Real=0.03s
[2025-12-24T18:57:22.526+0000][gc,start    ] GC(274) Pause Young (Normal) (G1 Evacuation Pause)
[2025-12-24T18:57:22.526+0000][gc,task     ] GC(274) Using 8 workers of 8 for evacuation
[2025-12-24T18:57:22.534+0000][gc,phases   ] GC(274)   Pre Evacuate Collection Set: 1.0ms
[2025-12-24T18:57:22.534+0000][gc,phases   ] GC(274)   Merge Heap Roots: 0.2ms
[2025-12-24T18:57:22.534+0000][gc,phases   ] GC(274)   Evacuate Collection Set: 4.5ms
[2025-12-24T18:57:22.535+0000][gc,phases   ] GC(274)   Post Evacuate Collection Set: 2.1ms
[2025-12-24T18:57:22.535+0000][gc,phases   ] GC(274)   Other: 0.2ms
[2025-12-24T18:57:22.535+0000][gc,heap     ] GC(274) Eden regions: 612->0(612)
[2025-12-24T18:57:22.535+0000][gc,heap     ] GC(274) Survivor regions: 2->2(77)
[2025-12-24T18:57:22.535+0000][gc,heap     ] GC(274) Old regions: 32->32
[2025-12-24T18:57:22.535+0000][gc,heap     ] GC(274) Humongous regions: 20->20
[2025-12-24T18:57:22.535+0000][gc,metaspace] GC(274) Metaspace: 12545K(12928K)->12545K(12928K) NonClass: 11436K(11584K)->11436K(11584K) Class: 1108K(1344K)->1108K(1344K)
[2025-12-24T18:57:22.535+0000][gc          ] GC(274) Pause Young (Normal) (G1 Evacuation Pause) 665M->52M(1024M) 9.319ms
[2025-12-24T18:57:22.535+0000][gc,cpu      ] GC(274) User=0.04s Sys=0.00s Real=0.01s
[2025-12-24T18:58:12.803+0000][gc,start    ] GC(275) Pause Young (Normal) (G1 Evacuation Pause)
[2025-12-24T18:58:12.803+0000][gc,task     ] GC(275) Using 8 workers of 8 for evacuation
[2025-12-24T18:58:12.813+0000][gc,phases   ] GC(275)   Pre Evacuate Collection Set: 1.3ms
[2025-12-24T18:58:12.814+0000][gc,phases   ] GC(275)   Merge Heap Roots: 0.2ms
[2025-12-24T18:58:12.814+0000][gc,phases   ] GC(275)   Evacuate Collection Set: 5.7ms
[2025-12-24T18:58:12.814+0000][gc,phases   ] GC(275)   Post Evacuate Collection Set: 2.4ms
[2025-12-24T18:58:12.814+0000][gc,phases   ] GC(275)   Other: 0.5ms
[2025-12-24T18:58:12.814+0000][gc,heap     ] GC(275) Eden regions: 612->0(612)
[2025-12-24T18:58:12.814+0000][gc,heap     ] GC(275) Survivor regions: 2->2(77)
[2025-12-24T18:58:12.814+0000][gc,heap     ] GC(275) Old regions: 32->32
[2025-12-24T18:58:12.814+0000][gc,heap     ] GC(275) Humongous regions: 20->20
[2025-12-24T18:58:12.814+0000][gc,metaspace] GC(275) Metaspace: 12545K(12928K)->12545K(12928K) NonClass: 11436K(11584K)->11436K(11584K) Class: 1108K(1344K)->1108K(1344K)
[2025-12-24T18:58:12.814+0000][gc          ] GC(275) Pause Young (Normal) (G1 Evacuation Pause) 664M->53M(1024M) 11.287ms
[2025-12-24T18:58:12.814+0000][gc,cpu      ] GC(275) User=0.05s Sys=0.00s Real=0.01s
[2025-12-24T18:59:12.557+0000][gc,start    ] GC(276) Pause Young (Normal) (G1 Evacuation Pause)
[2025-12-24T18:59:12.558+0000][gc,task     ] GC(276) Using 8 workers of 8 for evacuation
[2025-12-24T18:59:12.565+0000][gc,phases   ] GC(276)   Pre Evacuate Collection Set: 1.1ms
[2025-12-24T18:59:12.566+0000][gc,phases   ] GC(276)   Merge Heap Roots: 0.2ms
[2025-12-24T18:59:12.566+0000][gc,phases   ] GC(276)   Evacuate Collection Set: 4.3ms
[2025-12-24T18:59:12.566+0000][gc,phases   ] GC(276)   Post Evacuate Collection Set: 2.1ms
[2025-12-24T18:59:12.566+0000][gc,phases   ] GC(276)   Other: 0.2ms
[2025-12-24T18:59:12.566+0000][gc,heap     ] GC(276) Eden regions: 612->0(612)
[2025-12-24T18:59:12.566+0000][gc,heap     ] GC(276) Survivor regions: 2->2(77)
[2025-12-24T18:59:12.566+0000][gc,heap     ] GC(276) Old regions: 32->32
[2025-12-24T18:59:12.566+0000][gc,heap     ] GC(276) Humongous regions: 20->20
[2025-12-24T18:59:12.566+0000][gc,metaspace] GC(276) Metaspace: 12545K(12928K)->12545K(12928K) NonClass: 11436K(11584K)->11436K(11584K) Class: 1108K(1344K)->1108K(1344K)
[2025-12-24T18:59:12.566+0000][gc          ] GC(276) Pause Young (Normal) (G1 Evacuation Pause) 665M->53M(1024M) 9.010ms
[2025-12-24T18:59:12.566+0000][gc,cpu      ] GC(276) User=0.03s Sys=0.01s Real=0.01s
[2025-12-24T19:00:12.434+0000][gc,start    ] GC(277) Pause Young (Normal) (G1 Evacuation Pause)
[2025-12-24T19:00:12.435+0000][gc,task     ] GC(277) Using 8 workers of 8 for evacuation
[2025-12-24T19:00:12.449+0000][gc,phases   ] GC(277)   Pre Evacuate Collection Set: 1.0ms
[2025-12-24T19:00:12.449+0000][gc,phases   ] GC(277)   Merge Heap Roots: 0.1ms
[2025-12-24T19:00:12.449+0000][gc,phases   ] GC(277)   Evacuate Collection Set: 10.2ms
[2025-12-24T19:00:12.449+0000][gc,phases   ] GC(277)   Post Evacuate Collection Set: 2.5ms
[2025-12-24T19:00:12.449+0000][gc,phases   ] GC(277)   Other: 0.2ms
[2025-12-24T19:00:12.449+0000][gc,heap     ] GC(277) Eden regions: 612->0(613)
[2025-12-24T19:00:12.450+0000][gc,heap     ] GC(277) Survivor regions: 2->1(77)
[2025-12-24T19:00:12.450+0000][gc,heap     ] GC(277) Old regions: 32->32
[2025-12-24T19:00:12.450+0000][gc,heap     ] GC(277) Humongous regions: 20->20
[2025-12-24T19:00:12.450+0000][gc,metaspace] GC(277) Metaspace: 12545K(12928K)->12545K(12928K) NonClass: 11436K(11584K)->11436K(11584K) Class: 1108K(1344K)->1108K(1344K)
[2025-12-24T19:00:12.450+0000][gc          ] GC(277) Pause Young (Normal) (G1 Evacuation Pause) 665M->52M(1024M) 15.410ms
[2025-12-24T19:00:12.450+0000][gc,cpu      ] GC(277) User=0.09s Sys=0.00s Real=0.02s
[2025-12-24T19:01:02.748+0000][gc,start    ] GC(278) Pause Young (Normal) (G1 Evacuation Pause)
[2025-12-24T19:01:02.748+0000][gc,task     ] GC(278) Using 8 workers of 8 for evacuation
[2025-12-24T19:01:02.760+0000][gc,phases   ] GC(278)   Pre Evacuate Collection Set: 1.4ms
[2025-12-24T19:01:02.761+0000][gc,phases   ] GC(278)   Merge Heap Roots: 0.2ms
[2025-12-24T19:01:02.761+0000][gc,phases   ] GC(278)   Evacuate Collection Set: 9.2ms
[2025-12-24T19:01:02.761+0000][gc,phases   ] GC(278)   Post Evacuate Collection Set: 1.1ms
[2025-12-24T19:01:02.761+0000][gc,phases   ] GC(278)   Other: 0.2ms
[2025-12-24T19:01:02.761+0000][gc,heap     ] GC(278) Eden regions: 613->0(612)
[2025-12-24T19:01:02.761+0000][gc,heap     ] GC(278) Survivor regions: 1->2(77)
[2025-12-24T19:01:02.761+0000][gc,heap     ] GC(278) Old regions: 32->32
[2025-12-24T19:01:02.761+0000][gc,heap     ] GC(278) Humongous regions: 20->20
[2025-12-24T19:01:02.761+0000][gc,metaspace] GC(278) Metaspace: 12545K(12928K)->12545K(12928K) NonClass: 11436K(11584K)->11436K(11584K) Class: 1108K(1344K)->1108K(1344K)
[2025-12-24T19:01:02.761+0000][gc          ] GC(278) Pause Young (Normal) (G1 Evacuation Pause) 665M->53M(1024M) 13.143ms
[2025-12-24T19:01:02.761+0000][gc,cpu      ] GC(278) User=0.08s Sys=0.00s Real=0.01s
[2025-12-24T19:02:02.503+0000][gc,start    ] GC(279) Pause Young (Normal) (G1 Evacuation Pause)
[2025-12-24T19:02:02.504+0000][gc,task     ] GC(279) Using 8 workers of 8 for evacuation
[2025-12-24T19:02:02.516+0000][gc,phases   ] GC(279)   Pre Evacuate Collection Set: 1.2ms
[2025-12-24T19:02:02.516+0000][gc,phases   ] GC(279)   Merge Heap Roots: 0.2ms
[2025-12-24T19:02:02.516+0000][gc,phases   ] GC(279)   Evacuate Collection Set: 8.2ms
[2025-12-24T19:02:02.516+0000][gc,phases   ] GC(279)   Post Evacuate Collection Set: 2.6ms
[2025-12-24T19:02:02.516+0000][gc,phases   ] GC(279)   Other: 0.1ms
[2025-12-24T19:02:02.516+0000][gc,heap     ] GC(279) Eden regions: 612->0(613)
[2025-12-24T19:02:02.516+0000][gc,heap     ] GC(279) Survivor regions: 2->1(77)
[2025-12-24T19:02:02.516+0000][gc,heap     ] GC(279) Old regions: 32->32
[2025-12-24T19:02:02.516+0000][gc,heap     ] GC(279) Humongous regions: 20->20
[2025-12-24T19:02:02.516+0000][gc,metaspace] GC(279) Metaspace: 12545K(12928K)->12545K(12928K) NonClass: 11436K(11584K)->11436K(11584K) Class: 1108K(1344K)->1108K(1344K)
[2025-12-24T19:02:02.517+0000][gc          ] GC(279) Pause Young (Normal) (G1 Evacuation Pause) 665M->52M(1024M) 13.646ms
[2025-12-24T19:02:02.517+0000][gc,cpu      ] GC(279) User=0.08s Sys=0.01s Real=0.02s
[2025-12-24T19:02:52.694+0000][gc,start    ] GC(280) Pause Young (Normal) (G1 Evacuation Pause)
[2025-12-24T19:02:52.696+0000][gc,task     ] GC(280) Using 8 workers of 8 for evacuation
[2025-12-24T19:02:52.707+0000][gc,phases   ] GC(280)   Pre Evacuate Collection Set: 1.8ms
[2025-12-24T19:02:52.707+0000][gc,phases   ] GC(280)   Merge Heap Roots: 0.4ms
[2025-12-24T19:02:52.707+0000][gc,phases   ] GC(280)   Evacuate Collection Set: 7.1ms
[2025-12-24T19:02:52.707+0000][gc,phases   ] GC(280)   Post Evacuate Collection Set: 1.2ms
[2025-12-24T19:02:52.707+0000][gc,phases   ] GC(280)   Other: 0.9ms
[2025-12-24T19:02:52.708+0000][gc,heap     ] GC(280) Eden regions: 613->0(612)
[2025-12-24T19:02:52.708+0000][gc,heap     ] GC(280) Survivor regions: 1->2(77)
[2025-12-24T19:02:52.708+0000][gc,heap     ] GC(280) Old regions: 32->32
[2025-12-24T19:02:52.708+0000][gc,heap     ] GC(280) Humongous regions: 20->20
[2025-12-24T19:02:52.708+0000][gc,metaspace] GC(280) Metaspace: 12545K(12928K)->12545K(12928K) NonClass: 11436K(11584K)->11436K(11584K) Class: 1108K(1344K)->1108K(1344K)
[2025-12-24T19:02:52.708+0000][gc          ] GC(280) Pause Young (Normal) (G1 Evacuation Pause) 665M->53M(1024M) 14.369ms
[2025-12-24T19:02:52.708+0000][gc,cpu      ] GC(280) User=0.03s Sys=0.00s Real=0.01s
[2025-12-24T19:03:52.540+0000][gc,start    ] GC(281) Pause Young (Normal) (G1 Evacuation Pause)
[2025-12-24T19:03:52.540+0000][gc,task     ] GC(281) Using 8 workers of 8 for evacuation
[2025-12-24T19:03:52.546+0000][gc,phases   ] GC(281)   Pre Evacuate Collection Set: 1.0ms
[2025-12-24T19:03:52.546+0000][gc,phases   ] GC(281)   Merge Heap Roots: 0.2ms
[2025-12-24T19:03:52.546+0000][gc,phases   ] GC(281)   Evacuate Collection Set: 2.9ms
[2025-12-24T19:03:52.546+0000][gc,phases   ] GC(281)   Post Evacuate Collection Set: 1.0ms
[2025-12-24T19:03:52.546+0000][gc,phases   ] GC(281)   Other: 0.2ms
[2025-12-24T19:03:52.546+0000][gc,heap     ] GC(281) Eden regions: 612->0(612)
[2025-12-24T19:03:52.546+0000][gc,heap     ] GC(281) Survivor regions: 2->2(77)
[2025-12-24T19:03:52.546+0000][gc,heap     ] GC(281) Old regions: 32->32
[2025-12-24T19:03:52.546+0000][gc,heap     ] GC(281) Humongous regions: 20->20
[2025-12-24T19:03:52.546+0000][gc,metaspace] GC(281) Metaspace: 12545K(12928K)->12545K(12928K) NonClass: 11436K(11584K)->11436K(11584K) Class: 1108K(1344K)->1108K(1344K)
[2025-12-24T19:03:52.546+0000][gc          ] GC(281) Pause Young (Normal) (G1 Evacuation Pause) 665M->53M(1024M) 6.263ms
[2025-12-24T19:03:52.546+0000][gc,cpu      ] GC(281) User=0.02s Sys=0.01s Real=0.00s
[2025-12-24T19:04:52.415+0000][gc,start    ] GC(282) Pause Young (Normal) (G1 Evacuation Pause)
[2025-12-24T19:04:52.415+0000][gc,task     ] GC(282) Using 8 workers of 8 for evacuation
[2025-12-24T19:04:52.432+0000][gc,phases   ] GC(282)   Pre Evacuate Collection Set: 6.1ms
[2025-12-24T19:04:52.433+0000][gc,phases   ] GC(282)   Merge Heap Roots: 0.2ms
[2025-12-24T19:04:52.433+0000][gc,phases   ] GC(282)   Evacuate Collection Set: 9.3ms
[2025-12-24T19:04:52.433+0000][gc,phases   ] GC(282)   Post Evacuate Collection Set: 1.3ms
[2025-12-24T19:04:52.433+0000][gc,phases   ] GC(282)   Other: 0.3ms
[2025-12-24T19:04:52.433+0000][gc,heap     ] GC(282) Eden regions: 612->0(613)
[2025-12-24T19:04:52.433+0000][gc,heap     ] GC(282) Survivor regions: 2->1(77)
[2025-12-24T19:04:52.433+0000][gc,heap     ] GC(282) Old regions: 32->32
[2025-12-24T19:04:52.433+0000][gc,heap     ] GC(282) Humongous regions: 20->20
[2025-12-24T19:04:52.433+0000][gc,metaspace] GC(282) Metaspace: 12547K(12928K)->12547K(12928K) NonClass: 11438K(11584K)->11438K(11584K) Class: 1108K(1344K)->1108K(1344K)
[2025-12-24T19:04:52.433+0000][gc          ] GC(282) Pause Young (Normal) (G1 Evacuation Pause) 665M->52M(1024M) 18.503ms
[2025-12-24T19:04:52.433+0000][gc,cpu      ] GC(282) User=0.08s Sys=0.00s Real=0.02s
[2025-12-24T19:05:42.640+0000][gc,start    ] GC(283) Pause Young (Normal) (G1 Evacuation Pause)
[2025-12-24T19:05:42.641+0000][gc,task     ] GC(283) Using 8 workers of 8 for evacuation
[2025-12-24T19:05:42.647+0000][gc,phases   ] GC(283)   Pre Evacuate Collection Set: 1.0ms
[2025-12-24T19:05:42.647+0000][gc,phases   ] GC(283)   Merge Heap Roots: 0.2ms
[2025-12-24T19:05:42.647+0000][gc,phases   ] GC(283)   Evacuate Collection Set: 3.0ms
[2025-12-24T19:05:42.647+0000][gc,phases   ] GC(283)   Post Evacuate Collection Set: 1.1ms
[2025-12-24T19:05:42.647+0000][gc,phases   ] GC(283)   Other: 0.2ms
[2025-12-24T19:05:42.647+0000][gc,heap     ] GC(283) Eden regions: 613->0(612)
[2025-12-24T19:05:42.647+0000][gc,heap     ] GC(283) Survivor regions: 1->2(77)
[2025-12-24T19:05:42.647+0000][gc,heap     ] GC(283) Old regions: 32->32
[2025-12-24T19:05:42.647+0000][gc,heap     ] GC(283) Humongous regions: 20->20
[2025-12-24T19:05:42.647+0000][gc,metaspace] GC(283) Metaspace: 12547K(12928K)->12547K(12928K) NonClass: 11438K(11584K)->11438K(11584K) Class: 1108K(1344K)->1108K(1344K)
[2025-12-24T19:05:42.648+0000][gc          ] GC(283) Pause Young (Normal) (G1 Evacuation Pause) 665M->53M(1024M) 8.023ms
[2025-12-24T19:05:42.648+0000][gc,cpu      ] GC(283) User=0.02s Sys=0.01s Real=0.01s
[2025-12-24T19:06:42.502+0000][gc,start    ] GC(284) Pause Young (Normal) (G1 Evacuation Pause)
[2025-12-24T19:06:42.502+0000][gc,task     ] GC(284) Using 8 workers of 8 for evacuation
[2025-12-24T19:06:42.511+0000][gc,phases   ] GC(284)   Pre Evacuate Collection Set: 1.1ms
[2025-12-24T19:06:42.512+0000][gc,phases   ] GC(284)   Merge Heap Roots: 0.2ms
[2025-12-24T19:06:42.512+0000][gc,phases   ] GC(284)   Evacuate Collection Set: 6.4ms
[2025-12-24T19:06:42.512+0000][gc,phases   ] GC(284)   Post Evacuate Collection Set: 1.5ms
[2025-12-24T19:06:42.512+0000][gc,phases   ] GC(284)   Other: 0.2ms
[2025-12-24T19:06:42.512+0000][gc,heap     ] GC(284) Eden regions: 612->0(612)
[2025-12-24T19:06:42.512+0000][gc,heap     ] GC(284) Survivor regions: 2->2(77)
[2025-12-24T19:06:42.512+0000][gc,heap     ] GC(284) Old regions: 32->33
[2025-12-24T19:06:42.512+0000][gc,heap     ] GC(284) Humongous regions: 20->20
[2025-12-24T19:06:42.512+0000][gc,metaspace] GC(284) Metaspace: 12547K(12928K)->12547K(12928K) NonClass: 11438K(11584K)->11438K(11584K) Class: 1108K(1344K)->1108K(1344K)
[2025-12-24T19:06:42.512+0000][gc          ] GC(284) Pause Young (Normal) (G1 Evacuation Pause) 665M->53M(1024M) 10.672ms
[2025-12-24T19:06:42.512+0000][gc,cpu      ] GC(284) User=0.05s Sys=0.00s Real=0.01s
[2025-12-24T19:07:32.699+0000][gc,start    ] GC(285) Pause Young (Normal) (G1 Evacuation Pause)
[2025-12-24T19:07:32.700+0000][gc,task     ] GC(285) Using 8 workers of 8 for evacuation
[2025-12-24T19:07:32.706+0000][gc,phases   ] GC(285)   Pre Evacuate Collection Set: 1.3ms
[2025-12-24T19:07:32.706+0000][gc,phases   ] GC(285)   Merge Heap Roots: 0.2ms
[2025-12-24T19:07:32.706+0000][gc,phases   ] GC(285)   Evacuate Collection Set: 3.2ms
[2025-12-24T19:07:32.706+0000][gc,phases   ] GC(285)   Post Evacuate Collection Set: 1.0ms
[2025-12-24T19:07:32.706+0000][gc,phases   ] GC(285)   Other: 0.3ms
[2025-12-24T19:07:32.706+0000][gc,heap     ] GC(285) Eden regions: 612->0(612)
[2025-12-24T19:07:32.706+0000][gc,heap     ] GC(285) Survivor regions: 2->2(77)
[2025-12-24T19:07:32.706+0000][gc,heap     ] GC(285) Old regions: 33->33
[2025-12-24T19:07:32.706+0000][gc,heap     ] GC(285) Humongous regions: 20->20
[2025-12-24T19:07:32.706+0000][gc,metaspace] GC(285) Metaspace: 12547K(12928K)->12547K(12928K) NonClass: 11438K(11584K)->11438K(11584K) Class: 1108K(1344K)->1108K(1344K)
[2025-12-24T19:07:32.706+0000][gc          ] GC(285) Pause Young (Normal) (G1 Evacuation Pause) 665M->53M(1024M) 7.174ms
[2025-12-24T19:07:32.706+0000][gc,cpu      ] GC(285) User=0.03s Sys=0.00s Real=0.01s
[2025-12-24T19:08:32.558+0000][gc,start    ] GC(286) Pause Young (Normal) (G1 Evacuation Pause)
[2025-12-24T19:08:32.558+0000][gc,task     ] GC(286) Using 8 workers of 8 for evacuation
[2025-12-24T19:08:32.575+0000][gc,phases   ] GC(286)   Pre Evacuate Collection Set: 3.8ms
[2025-12-24T19:08:32.576+0000][gc,phases   ] GC(286)   Merge Heap Roots: 0.3ms
[2025-12-24T19:08:32.576+0000][gc,phases   ] GC(286)   Evacuate Collection Set: 10.5ms
[2025-12-24T19:08:32.576+0000][gc,phases   ] GC(286)   Post Evacuate Collection Set: 1.4ms
[2025-12-24T19:08:32.576+0000][gc,phases   ] GC(286)   Other: 1.0ms
[2025-12-24T19:08:32.576+0000][gc,heap     ] GC(286) Eden regions: 612->0(612)
[2025-12-24T19:08:32.576+0000][gc,heap     ] GC(286) Survivor regions: 2->2(77)
[2025-12-24T19:08:32.576+0000][gc,heap     ] GC(286) Old regions: 33->33
[2025-12-24T19:08:32.576+0000][gc,heap     ] GC(286) Humongous regions: 20->20
[2025-12-24T19:08:32.576+0000][gc,metaspace] GC(286) Metaspace: 12547K(12928K)->12547K(12928K) NonClass: 11438K(11584K)->11438K(11584K) Class: 1108K(1344K)->1108K(1344K)
[2025-12-24T19:08:32.576+0000][gc          ] GC(286) Pause Young (Normal) (G1 Evacuation Pause) 665M->53M(1024M) 18.396ms
[2025-12-24T19:08:32.576+0000][gc,cpu      ] GC(286) User=0.08s Sys=0.01s Real=0.02s
[2025-12-24T19:09:32.400+0000][gc,start    ] GC(287) Pause Young (Normal) (G1 Evacuation Pause)
[2025-12-24T19:09:32.401+0000][gc,task     ] GC(287) Using 8 workers of 8 for evacuation
[2025-12-24T19:09:32.415+0000][gc,phases   ] GC(287)   Pre Evacuate Collection Set: 1.3ms
[2025-12-24T19:09:32.415+0000][gc,phases   ] GC(287)   Merge Heap Roots: 0.2ms
[2025-12-24T19:09:32.415+0000][gc,phases   ] GC(287)   Evacuate Collection Set: 10.2ms
[2025-12-24T19:09:32.415+0000][gc,phases   ] GC(287)   Post Evacuate Collection Set: 2.1ms
[2025-12-24T19:09:32.415+0000][gc,phases   ] GC(287)   Other: 0.2ms
[2025-12-24T19:09:32.415+0000][gc,heap     ] GC(287) Eden regions: 612->0(613)
[2025-12-24T19:09:32.415+0000][gc,heap     ] GC(287) Survivor regions: 2->1(77)
[2025-12-24T19:09:32.416+0000][gc,heap     ] GC(287) Old regions: 33->33
[2025-12-24T19:09:32.416+0000][gc,heap     ] GC(287) Humongous regions: 20->20
[2025-12-24T19:09:32.416+0000][gc,metaspace] GC(287) Metaspace: 12547K(12928K)->12547K(12928K) NonClass: 11438K(11584K)->11438K(11584K) Class: 1108K(1344K)->1108K(1344K)
[2025-12-24T19:09:32.416+0000][gc          ] GC(287) Pause Young (Normal) (G1 Evacuation Pause) 665M->52M(1024M) 15.551ms
[2025-12-24T19:09:32.416+0000][gc,cpu      ] GC(287) User=0.09s Sys=0.01s Real=0.01s
[2025-12-24T19:10:22.593+0000][gc,start    ] GC(288) Pause Young (Normal) (G1 Evacuation Pause)
[2025-12-24T19:10:22.594+0000][gc,task     ] GC(288) Using 8 workers of 8 for evacuation
[2025-12-24T19:10:22.607+0000][gc,phases   ] GC(288)   Pre Evacuate Collection Set: 1.1ms
[2025-12-24T19:10:22.607+0000][gc,phases   ] GC(288)   Merge Heap Roots: 0.2ms
[2025-12-24T19:10:22.607+0000][gc,phases   ] GC(288)   Evacuate Collection Set: 8.0ms
[2025-12-24T19:10:22.607+0000][gc,phases   ] GC(288)   Post Evacuate Collection Set: 2.5ms
[2025-12-24T19:10:22.607+0000][gc,phases   ] GC(288)   Other: 0.4ms
[2025-12-24T19:10:22.608+0000][gc,heap     ] GC(288) Eden regions: 613->0(612)
[2025-12-24T19:10:22.608+0000][gc,heap     ] GC(288) Survivor regions: 1->2(77)
[2025-12-24T19:10:22.608+0000][gc,heap     ] GC(288) Old regions: 33->33
[2025-12-24T19:10:22.608+0000][gc,heap     ] GC(288) Humongous regions: 20->20
[2025-12-24T19:10:22.608+0000][gc,metaspace] GC(288) Metaspace: 12547K(12928K)->12547K(12928K) NonClass: 11438K(11584K)->11438K(11584K) Class: 1108K(1344K)->1108K(1344K)
[2025-12-24T19:10:22.608+0000][gc          ] GC(288) Pause Young (Normal) (G1 Evacuation Pause) 665M->53M(1024M) 14.678ms
[2025-12-24T19:10:22.608+0000][gc,cpu      ] GC(288) User=0.08s Sys=0.00s Real=0.02s
[2025-12-24T19:11:22.473+0000][gc,start    ] GC(289) Pause Young (Normal) (G1 Evacuation Pause)
[2025-12-24T19:11:22.474+0000][gc,task     ] GC(289) Using 8 workers of 8 for evacuation
[2025-12-24T19:11:22.486+0000][gc,phases   ] GC(289)   Pre Evacuate Collection Set: 1.2ms
[2025-12-24T19:11:22.486+0000][gc,phases   ] GC(289)   Merge Heap Roots: 0.2ms
[2025-12-24T19:11:22.486+0000][gc,phases   ] GC(289)   Evacuate Collection Set: 8.0ms
[2025-12-24T19:11:22.486+0000][gc,phases   ] GC(289)   Post Evacuate Collection Set: 2.4ms
[2025-12-24T19:11:22.486+0000][gc,phases   ] GC(289)   Other: 0.2ms
[2025-12-24T19:11:22.486+0000][gc,heap     ] GC(289) Eden regions: 612->0(612)
[2025-12-24T19:11:22.486+0000][gc,heap     ] GC(289) Survivor regions: 2->2(77)
[2025-12-24T19:11:22.486+0000][gc,heap     ] GC(289) Old regions: 33->33
[2025-12-24T19:11:22.486+0000][gc,heap     ] GC(289) Humongous regions: 20->20
[2025-12-24T19:11:22.486+0000][gc,metaspace] GC(289) Metaspace: 12547K(12928K)->12547K(12928K) NonClass: 11438K(11584K)->11438K(11584K) Class: 1108K(1344K)->1108K(1344K)
[2025-12-24T19:11:22.486+0000][gc          ] GC(289) Pause Young (Normal) (G1 Evacuation Pause) 665M->53M(1024M) 13.111ms
[2025-12-24T19:11:22.486+0000][gc,cpu      ] GC(289) User=0.07s Sys=0.01s Real=0.01s
[2025-12-24T19:12:12.667+0000][gc,start    ] GC(290) Pause Young (Normal) (G1 Evacuation Pause)
[2025-12-24T19:12:12.668+0000][gc,task     ] GC(290) Using 8 workers of 8 for evacuation
[2025-12-24T19:12:12.675+0000][gc,phases   ] GC(290)   Pre Evacuate Collection Set: 1.0ms
[2025-12-24T19:12:12.675+0000][gc,phases   ] GC(290)   Merge Heap Roots: 0.2ms
[2025-12-24T19:12:12.675+0000][gc,phases   ] GC(290)   Evacuate Collection Set: 2.9ms
[2025-12-24T19:12:12.675+0000][gc,phases   ] GC(290)   Post Evacuate Collection Set: 2.8ms
[2025-12-24T19:12:12.675+0000][gc,phases   ] GC(290)   Other: 0.3ms
[2025-12-24T19:12:12.676+0000][gc,heap     ] GC(290) Eden regions: 612->0(612)
[2025-12-24T19:12:12.676+0000][gc,heap     ] GC(290) Survivor regions: 2->2(77)
[2025-12-24T19:12:12.676+0000][gc,heap     ] GC(290) Old regions: 33->33
[2025-12-24T19:12:12.676+0000][gc,heap     ] GC(290) Humongous regions: 20->20
[2025-12-24T19:12:12.676+0000][gc,metaspace] GC(290) Metaspace: 12547K(12928K)->12547K(12928K) NonClass: 11438K(11584K)->11438K(11584K) Class: 1108K(1344K)->1108K(1344K)
[2025-12-24T19:12:12.677+0000][gc          ] GC(290) Pause Young (Normal) (G1 Evacuation Pause) 665M->54M(1024M) 9.495ms
[2025-12-24T19:12:12.677+0000][gc,cpu      ] GC(290) User=0.03s Sys=0.00s Real=0.01s
[2025-12-24T19:13:12.517+0000][gc,start    ] GC(291) Pause Young (Normal) (G1 Evacuation Pause)
[2025-12-24T19:13:12.518+0000][gc,task     ] GC(291) Using 8 workers of 8 for evacuation
[2025-12-24T19:13:12.523+0000][gc,phases   ] GC(291)   Pre Evacuate Collection Set: 1.0ms
[2025-12-24T19:13:12.523+0000][gc,phases   ] GC(291)   Merge Heap Roots: 0.2ms
[2025-12-24T19:13:12.523+0000][gc,phases   ] GC(291)   Evacuate Collection Set: 2.5ms
[2025-12-24T19:13:12.523+0000][gc,phases   ] GC(291)   Post Evacuate Collection Set: 0.9ms
[2025-12-24T19:13:12.523+0000][gc,phases   ] GC(291)   Other: 0.3ms
[2025-12-24T19:13:12.523+0000][gc,heap     ] GC(291) Eden regions: 612->0(612)
[2025-12-24T19:13:12.523+0000][gc,heap     ] GC(291) Survivor regions: 2->2(77)
[2025-12-24T19:13:12.523+0000][gc,heap     ] GC(291) Old regions: 33->33
[2025-12-24T19:13:12.523+0000][gc,heap     ] GC(291) Humongous regions: 20->20
[2025-12-24T19:13:12.523+0000][gc,metaspace] GC(291) Metaspace: 12547K(12928K)->12547K(12928K) NonClass: 11438K(11584K)->11438K(11584K) Class: 1108K(1344K)->1108K(1344K)
[2025-12-24T19:13:12.524+0000][gc          ] GC(291) Pause Young (Normal) (G1 Evacuation Pause) 666M->53M(1024M) 6.425ms
[2025-12-24T19:13:12.524+0000][gc,cpu      ] GC(291) User=0.03s Sys=0.00s Real=0.00s
[2025-12-24T19:14:12.345+0000][gc,start    ] GC(292) Pause Young (Normal) (G1 Evacuation Pause)
[2025-12-24T19:14:12.345+0000][gc,task     ] GC(292) Using 8 workers of 8 for evacuation
[2025-12-24T19:14:12.352+0000][gc,phases   ] GC(292)   Pre Evacuate Collection Set: 1.2ms
[2025-12-24T19:14:12.352+0000][gc,phases   ] GC(292)   Merge Heap Roots: 0.2ms
[2025-12-24T19:14:12.352+0000][gc,phases   ] GC(292)   Evacuate Collection Set: 3.8ms
[2025-12-24T19:14:12.353+0000][gc,phases   ] GC(292)   Post Evacuate Collection Set: 1.4ms
[2025-12-24T19:14:12.353+0000][gc,phases   ] GC(292)   Other: 0.2ms
[2025-12-24T19:14:12.353+0000][gc,heap     ] GC(292) Eden regions: 612->0(613)
[2025-12-24T19:14:12.353+0000][gc,heap     ] GC(292) Survivor regions: 2->1(77)
[2025-12-24T19:14:12.353+0000][gc,heap     ] GC(292) Old regions: 33->33
[2025-12-24T19:14:12.353+0000][gc,heap     ] GC(292) Humongous regions: 20->20
[2025-12-24T19:14:12.353+0000][gc,metaspace] GC(292) Metaspace: 12547K(12928K)->12547K(12928K) NonClass: 11438K(11584K)->11438K(11584K) Class: 1108K(1344K)->1108K(1344K)
[2025-12-24T19:14:12.353+0000][gc          ] GC(292) Pause Young (Normal) (G1 Evacuation Pause) 665M->52M(1024M) 8.088ms
[2025-12-24T19:14:12.353+0000][gc,cpu      ] GC(292) User=0.04s Sys=0.00s Real=0.00s
[2025-12-24T19:15:02.582+0000][gc,start    ] GC(293) Pause Young (Normal) (G1 Evacuation Pause)
[2025-12-24T19:15:02.584+0000][gc,task     ] GC(293) Using 8 workers of 8 for evacuation
[2025-12-24T19:15:02.591+0000][gc,phases   ] GC(293)   Pre Evacuate Collection Set: 1.5ms
[2025-12-24T19:15:02.591+0000][gc,phases   ] GC(293)   Merge Heap Roots: 0.2ms
[2025-12-24T19:15:02.592+0000][gc,phases   ] GC(293)   Evacuate Collection Set: 4.2ms
[2025-12-24T19:15:02.592+0000][gc,phases   ] GC(293)   Post Evacuate Collection Set: 1.3ms
[2025-12-24T19:15:02.592+0000][gc,phases   ] GC(293)   Other: 0.4ms
[2025-12-24T19:15:02.592+0000][gc,heap     ] GC(293) Eden regions: 613->0(612)
[2025-12-24T19:15:02.592+0000][gc,heap     ] GC(293) Survivor regions: 1->2(77)
[2025-12-24T19:15:02.592+0000][gc,heap     ] GC(293) Old regions: 33->33
[2025-12-24T19:15:02.592+0000][gc,heap     ] GC(293) Humongous regions: 20->20
[2025-12-24T19:15:02.592+0000][gc,metaspace] GC(293) Metaspace: 12547K(12928K)->12547K(12928K) NonClass: 11438K(11584K)->11438K(11584K) Class: 1108K(1344K)->1108K(1344K)
[2025-12-24T19:15:02.592+0000][gc          ] GC(293) Pause Young (Normal) (G1 Evacuation Pause) 665M->53M(1024M) 9.904ms
[2025-12-24T19:15:02.592+0000][gc,cpu      ] GC(293) User=0.03s Sys=0.01s Real=0.01s
[2025-12-24T19:16:02.442+0000][gc,start    ] GC(294) Pause Young (Normal) (G1 Evacuation Pause)
[2025-12-24T19:16:02.443+0000][gc,task     ] GC(294) Using 8 workers of 8 for evacuation
[2025-12-24T19:16:02.451+0000][gc,phases   ] GC(294)   Pre Evacuate Collection Set: 1.5ms
[2025-12-24T19:16:02.451+0000][gc,phases   ] GC(294)   Merge Heap Roots: 0.3ms
[2025-12-24T19:16:02.451+0000][gc,phases   ] GC(294)   Evacuate Collection Set: 4.2ms
[2025-12-24T19:16:02.451+0000][gc,phases   ] GC(294)   Post Evacuate Collection Set: 1.6ms
[2025-12-24T19:16:02.451+0000][gc,phases   ] GC(294)   Other: 0.2ms
[2025-12-24T19:16:02.451+0000][gc,heap     ] GC(294) Eden regions: 612->0(613)
[2025-12-24T19:16:02.451+0000][gc,heap     ] GC(294) Survivor regions: 2->1(77)
[2025-12-24T19:16:02.451+0000][gc,heap     ] GC(294) Old regions: 33->33
[2025-12-24T19:16:02.451+0000][gc,heap     ] GC(294) Humongous regions: 20->20
[2025-12-24T19:16:02.451+0000][gc,metaspace] GC(294) Metaspace: 12547K(12928K)->12547K(12928K) NonClass: 11438K(11584K)->11438K(11584K) Class: 1108K(1344K)->1108K(1344K)
[2025-12-24T19:16:02.451+0000][gc          ] GC(294) Pause Young (Normal) (G1 Evacuation Pause) 665M->53M(1024M) 9.043ms
[2025-12-24T19:16:02.452+0000][gc,cpu      ] GC(294) User=0.05s Sys=0.00s Real=0.01s
[2025-12-24T19:16:52.769+0000][gc,start    ] GC(295) Pause Young (Normal) (G1 Evacuation Pause)
[2025-12-24T19:16:52.769+0000][gc,task     ] GC(295) Using 8 workers of 8 for evacuation
[2025-12-24T19:16:52.778+0000][gc,phases   ] GC(295)   Pre Evacuate Collection Set: 2.8ms
[2025-12-24T19:16:52.778+0000][gc,phases   ] GC(295)   Merge Heap Roots: 1.0ms
[2025-12-24T19:16:52.778+0000][gc,phases   ] GC(295)   Evacuate Collection Set: 4.0ms
[2025-12-24T19:16:52.778+0000][gc,phases   ] GC(295)   Post Evacuate Collection Set: 1.0ms
[2025-12-24T19:16:52.779+0000][gc,phases   ] GC(295)   Other: 0.3ms
[2025-12-24T19:16:52.779+0000][gc,heap     ] GC(295) Eden regions: 613->0(612)
[2025-12-24T19:16:52.779+0000][gc,heap     ] GC(295) Survivor regions: 1->2(77)
[2025-12-24T19:16:52.779+0000][gc,heap     ] GC(295) Old regions: 33->33
[2025-12-24T19:16:52.779+0000][gc,heap     ] GC(295) Humongous regions: 20->20
[2025-12-24T19:16:52.779+0000][gc,metaspace] GC(295) Metaspace: 12548K(12928K)->12548K(12928K) NonClass: 11439K(11584K)->11439K(11584K) Class: 1108K(1344K)->1108K(1344K)
[2025-12-24T19:16:52.779+0000][gc          ] GC(295) Pause Young (Normal) (G1 Evacuation Pause) 666M->54M(1024M) 10.399ms
[2025-12-24T19:16:52.779+0000][gc,cpu      ] GC(295) User=0.05s Sys=0.00s Real=0.01s
[2025-12-24T19:17:52.610+0000][gc,start    ] GC(296) Pause Young (Normal) (G1 Evacuation Pause)
[2025-12-24T19:17:52.611+0000][gc,task     ] GC(296) Using 8 workers of 8 for evacuation
[2025-12-24T19:17:52.629+0000][gc,phases   ] GC(296)   Pre Evacuate Collection Set: 1.8ms
[2025-12-24T19:17:52.629+0000][gc,phases   ] GC(296)   Merge Heap Roots: 0.4ms
[2025-12-24T19:17:52.629+0000][gc,phases   ] GC(296)   Evacuate Collection Set: 7.1ms
[2025-12-24T19:17:52.629+0000][gc,phases   ] GC(296)   Post Evacuate Collection Set: 6.4ms
[2025-12-24T19:17:52.629+0000][gc,phases   ] GC(296)   Other: 1.9ms
[2025-12-24T19:17:52.630+0000][gc,heap     ] GC(296) Eden regions: 612->0(612)
[2025-12-24T19:17:52.630+0000][gc,heap     ] GC(296) Survivor regions: 2->2(77)
[2025-12-24T19:17:52.630+0000][gc,heap     ] GC(296) Old regions: 33->33
[2025-12-24T19:17:52.630+0000][gc,heap     ] GC(296) Humongous regions: 20->20
[2025-12-24T19:17:52.630+0000][gc,metaspace] GC(296) Metaspace: 12548K(12928K)->12548K(12928K) NonClass: 11439K(11584K)->11439K(11584K) Class: 1108K(1344K)->1108K(1344K)
[2025-12-24T19:17:52.630+0000][gc          ] GC(296) Pause Young (Normal) (G1 Evacuation Pause) 666M->53M(1024M) 20.399ms
[2025-12-24T19:17:52.631+0000][gc,cpu      ] GC(296) User=0.04s Sys=0.00s Real=0.02s
[2025-12-24T19:18:52.316+0000][gc,start    ] GC(297) Pause Young (Normal) (G1 Evacuation Pause)
[2025-12-24T19:18:52.319+0000][gc,task     ] GC(297) Using 8 workers of 8 for evacuation
[2025-12-24T19:18:52.330+0000][gc,phases   ] GC(297)   Pre Evacuate Collection Set: 4.4ms
[2025-12-24T19:18:52.330+0000][gc,phases   ] GC(297)   Merge Heap Roots: 0.3ms
[2025-12-24T19:18:52.330+0000][gc,phases   ] GC(297)   Evacuate Collection Set: 4.3ms
[2025-12-24T19:18:52.331+0000][gc,phases   ] GC(297)   Post Evacuate Collection Set: 1.4ms
[2025-12-24T19:18:52.331+0000][gc,phases   ] GC(297)   Other: 1.7ms
[2025-12-24T19:18:52.331+0000][gc,heap     ] GC(297) Eden regions: 612->0(613)
[2025-12-24T19:18:52.331+0000][gc,heap     ] GC(297) Survivor regions: 2->1(77)
[2025-12-24T19:18:52.331+0000][gc,heap     ] GC(297) Old regions: 33->33
[2025-12-24T19:18:52.331+0000][gc,heap     ] GC(297) Humongous regions: 20->20
[2025-12-24T19:18:52.331+0000][gc,metaspace] GC(297) Metaspace: 12548K(12928K)->12548K(12928K) NonClass: 11439K(11584K)->11439K(11584K) Class: 1108K(1344K)->1108K(1344K)
[2025-12-24T19:18:52.331+0000][gc          ] GC(297) Pause Young (Normal) (G1 Evacuation Pause) 665M->52M(1024M) 16.021ms
[2025-12-24T19:18:52.331+0000][gc,cpu      ] GC(297) User=0.05s Sys=0.01s Real=0.02s
[2025-12-24T19:19:42.549+0000][gc,start    ] GC(298) Pause Young (Normal) (G1 Evacuation Pause)
[2025-12-24T19:19:42.550+0000][gc,task     ] GC(298) Using 8 workers of 8 for evacuation
[2025-12-24T19:19:42.556+0000][gc,phases   ] GC(298)   Pre Evacuate Collection Set: 1.1ms
[2025-12-24T19:19:42.556+0000][gc,phases   ] GC(298)   Merge Heap Roots: 0.2ms
[2025-12-24T19:19:42.556+0000][gc,phases   ] GC(298)   Evacuate Collection Set: 3.0ms
[2025-12-24T19:19:42.556+0000][gc,phases   ] GC(298)   Post Evacuate Collection Set: 1.1ms
[2025-12-24T19:19:42.556+0000][gc,phases   ] GC(298)   Other: 0.2ms
[2025-12-24T19:19:42.556+0000][gc,heap     ] GC(298) Eden regions: 613->0(612)
[2025-12-24T19:19:42.556+0000][gc,heap     ] GC(298) Survivor regions: 1->2(77)
[2025-12-24T19:19:42.556+0000][gc,heap     ] GC(298) Old regions: 33->33
[2025-12-24T19:19:42.556+0000][gc,heap     ] GC(298) Humongous regions: 20->20
[2025-12-24T19:19:42.557+0000][gc,metaspace] GC(298) Metaspace: 12548K(12928K)->12548K(12928K) NonClass: 11439K(11584K)->11439K(11584K) Class: 1108K(1344K)->1108K(1344K)
[2025-12-24T19:19:42.557+0000][gc          ] GC(298) Pause Young (Normal) (G1 Evacuation Pause) 665M->53M(1024M) 7.371ms
[2025-12-24T19:19:42.557+0000][gc,cpu      ] GC(298) User=0.03s Sys=0.00s Real=0.00s
[2025-12-24T19:20:42.409+0000][gc,start    ] GC(299) Pause Young (Normal) (G1 Evacuation Pause)
[2025-12-24T19:20:42.409+0000][gc,task     ] GC(299) Using 8 workers of 8 for evacuation
[2025-12-24T19:20:42.415+0000][gc,phases   ] GC(299)   Pre Evacuate Collection Set: 1.1ms
[2025-12-24T19:20:42.415+0000][gc,phases   ] GC(299)   Merge Heap Roots: 0.2ms
[2025-12-24T19:20:42.415+0000][gc,phases   ] GC(299)   Evacuate Collection Set: 3.0ms
[2025-12-24T19:20:42.415+0000][gc,phases   ] GC(299)   Post Evacuate Collection Set: 1.3ms
[2025-12-24T19:20:42.416+0000][gc,phases   ] GC(299)   Other: 0.3ms
[2025-12-24T19:20:42.416+0000][gc,heap     ] GC(299) Eden regions: 612->0(613)
[2025-12-24T19:20:42.416+0000][gc,heap     ] GC(299) Survivor regions: 2->1(77)
[2025-12-24T19:20:42.416+0000][gc,heap     ] GC(299) Old regions: 33->33
[2025-12-24T19:20:42.416+0000][gc,heap     ] GC(299) Humongous regions: 20->20
[2025-12-24T19:20:42.416+0000][gc,metaspace] GC(299) Metaspace: 12548K(12928K)->12548K(12928K) NonClass: 11439K(11584K)->11439K(11584K) Class: 1108K(1344K)->1108K(1344K)
[2025-12-24T19:20:42.416+0000][gc          ] GC(299) Pause Young (Normal) (G1 Evacuation Pause) 665M->53M(1024M) 7.307ms
[2025-12-24T19:20:42.416+0000][gc,cpu      ] GC(299) User=0.03s Sys=0.00s Real=0.01s
[2025-12-24T19:21:32.630+0000][gc,start    ] GC(300) Pause Young (Normal) (G1 Evacuation Pause)
[2025-12-24T19:21:32.630+0000][gc,task     ] GC(300) Using 8 workers of 8 for evacuation
[2025-12-24T19:21:32.642+0000][gc,phases   ] GC(300)   Pre Evacuate Collection Set: 2.5ms
[2025-12-24T19:21:32.642+0000][gc,phases   ] GC(300)   Merge Heap Roots: 3.1ms
[2025-12-24T19:21:32.642+0000][gc,phases   ] GC(300)   Evacuate Collection Set: 3.8ms
[2025-12-24T19:21:32.642+0000][gc,phases   ] GC(300)   Post Evacuate Collection Set: 2.1ms
[2025-12-24T19:21:32.642+0000][gc,phases   ] GC(300)   Other: 0.3ms
[2025-12-24T19:21:32.642+0000][gc,heap     ] GC(300) Eden regions: 613->0(612)
[2025-12-24T19:21:32.642+0000][gc,heap     ] GC(300) Survivor regions: 1->2(77)
[2025-12-24T19:21:32.642+0000][gc,heap     ] GC(300) Old regions: 33->33
[2025-12-24T19:21:32.642+0000][gc,heap     ] GC(300) Humongous regions: 20->20
[2025-12-24T19:21:32.642+0000][gc,metaspace] GC(300) Metaspace: 12548K(12928K)->12548K(12928K) NonClass: 11439K(11584K)->11439K(11584K) Class: 1108K(1344K)->1108K(1344K)
[2025-12-24T19:21:32.642+0000][gc          ] GC(300) Pause Young (Normal) (G1 Evacuation Pause) 666M->54M(1024M) 12.797ms
[2025-12-24T19:21:32.642+0000][gc,cpu      ] GC(300) User=0.05s Sys=0.01s Real=0.02s
[2025-12-24T19:22:32.537+0000][gc,start    ] GC(301) Pause Young (Normal) (G1 Evacuation Pause)
[2025-12-24T19:22:32.538+0000][gc,task     ] GC(301) Using 8 workers of 8 for evacuation
[2025-12-24T19:22:32.546+0000][gc,phases   ] GC(301)   Pre Evacuate Collection Set: 1.2ms
[2025-12-24T19:22:32.546+0000][gc,phases   ] GC(301)   Merge Heap Roots: 0.2ms
[2025-12-24T19:22:32.546+0000][gc,phases   ] GC(301)   Evacuate Collection Set: 5.5ms
[2025-12-24T19:22:32.546+0000][gc,phases   ] GC(301)   Post Evacuate Collection Set: 1.1ms
[2025-12-24T19:22:32.547+0000][gc,phases   ] GC(301)   Other: 0.3ms
[2025-12-24T19:22:32.547+0000][gc,heap     ] GC(301) Eden regions: 612->0(612)
[2025-12-24T19:22:32.547+0000][gc,heap     ] GC(301) Survivor regions: 2->2(77)
[2025-12-24T19:22:32.547+0000][gc,heap     ] GC(301) Old regions: 33->33
[2025-12-24T19:22:32.547+0000][gc,heap     ] GC(301) Humongous regions: 20->20
[2025-12-24T19:22:32.547+0000][gc,metaspace] GC(301) Metaspace: 12548K(12928K)->12548K(12928K) NonClass: 11439K(11584K)->11439K(11584K) Class: 1108K(1344K)->1108K(1344K)
[2025-12-24T19:22:32.547+0000][gc          ] GC(301) Pause Young (Normal) (G1 Evacuation Pause) 666M->53M(1024M) 9.922ms
[2025-12-24T19:22:32.547+0000][gc,cpu      ] GC(301) User=0.06s Sys=0.00s Real=0.01s
[2025-12-24T21:41:22.302+0000][gc,start    ] GC(302) Pause Young (Normal) (G1 Evacuation Pause)
[2025-12-24T21:41:22.302+0000][gc,task     ] GC(302) Using 8 workers of 8 for evacuation
[2025-12-24T21:41:22.312+0000][gc,phases   ] GC(302)   Pre Evacuate Collection Set: 1.1ms
[2025-12-24T21:41:22.312+0000][gc,phases   ] GC(302)   Merge Heap Roots: 0.2ms
[2025-12-24T21:41:22.312+0000][gc,phases   ] GC(302)   Evacuate Collection Set: 7.0ms
[2025-12-24T21:41:22.312+0000][gc,phases   ] GC(302)   Post Evacuate Collection Set: 1.5ms
[2025-12-24T21:41:22.312+0000][gc,phases   ] GC(302)   Other: 0.3ms
[2025-12-24T21:41:22.312+0000][gc,heap     ] GC(302) Eden regions: 612->0(612)
[2025-12-24T21:41:22.312+0000][gc,heap     ] GC(302) Survivor regions: 2->2(77)
[2025-12-24T21:41:22.312+0000][gc,heap     ] GC(302) Old regions: 33->33
[2025-12-24T21:41:22.313+0000][gc,heap     ] GC(302) Humongous regions: 22->22
[2025-12-24T21:41:22.313+0000][gc,metaspace] GC(302) Metaspace: 12557K(12928K)->12557K(12928K) NonClass: 11448K(11584K)->11448K(11584K) Class: 1109K(1344K)->1109K(1344K)
[2025-12-24T21:41:22.313+0000][gc          ] GC(302) Pause Young (Normal) (G1 Evacuation Pause) 667M->56M(1024M) 11.269ms
[2025-12-24T21:41:22.313+0000][gc,cpu      ] GC(302) User=0.05s Sys=0.00s Real=0.01s
[2025-12-24T23:41:43.238+0000][gc,start    ] GC(303) Pause Young (Concurrent Start) (CodeCache GC Threshold)
[2025-12-24T23:41:43.243+0000][gc,task     ] GC(303) Using 8 workers of 8 for evacuation
[2025-12-24T23:41:43.282+0000][gc,phases   ] GC(303)   Pre Evacuate Collection Set: 5.1ms
[2025-12-24T23:41:43.282+0000][gc,phases   ] GC(303)   Merge Heap Roots: 0.4ms
[2025-12-24T23:41:43.282+0000][gc,phases   ] GC(303)   Evacuate Collection Set: 29.4ms
[2025-12-24T23:41:43.283+0000][gc,phases   ] GC(303)   Post Evacuate Collection Set: 1.8ms
[2025-12-24T23:41:43.283+0000][gc,phases   ] GC(303)   Other: 2.5ms
[2025-12-24T23:41:43.283+0000][gc,heap     ] GC(303) Eden regions: 562->0(611)
[2025-12-24T23:41:43.283+0000][gc,heap     ] GC(303) Survivor regions: 2->3(77)
[2025-12-24T23:41:43.283+0000][gc,heap     ] GC(303) Old regions: 33->33
[2025-12-24T23:41:43.283+0000][gc,heap     ] GC(303) Humongous regions: 22->22
[2025-12-24T23:41:43.283+0000][gc,metaspace] GC(303) Metaspace: 12578K(12928K)->12578K(12928K) NonClass: 11467K(11584K)->11467K(11584K) Class: 1110K(1344K)->1110K(1344K)
[2025-12-24T23:41:43.283+0000][gc          ] GC(303) Pause Young (Concurrent Start) (CodeCache GC Threshold) 618M->56M(1024M) 44.774ms
[2025-12-24T23:41:43.283+0000][gc,cpu      ] GC(303) User=0.08s Sys=0.01s Real=0.04s
[2025-12-24T23:41:43.283+0000][gc          ] GC(304) Concurrent Mark Cycle
[2025-12-24T23:41:43.286+0000][gc,marking  ] GC(304) Concurrent Scan Root Regions
[2025-12-24T23:41:43.295+0000][gc,marking  ] GC(304) Concurrent Scan Root Regions 9.526ms
[2025-12-24T23:41:43.295+0000][gc,marking  ] GC(304) Concurrent Mark
[2025-12-24T23:41:43.295+0000][gc,marking  ] GC(304) Concurrent Mark From Roots
[2025-12-24T23:41:43.296+0000][gc,task     ] GC(304) Using 2 workers of 2 for marking
[2025-12-24T23:41:43.416+0000][gc,marking  ] GC(304) Concurrent Mark From Roots 120.389ms
[2025-12-24T23:41:43.417+0000][gc,marking  ] GC(304) Concurrent Preclean
[2025-12-24T23:41:43.417+0000][gc,marking  ] GC(304) Concurrent Preclean 0.793ms
[2025-12-24T23:41:43.418+0000][gc,start    ] GC(304) Pause Remark
[2025-12-24T23:41:43.600+0000][gc          ] GC(304) Pause Remark 56M->47M(1024M) 182.630ms
[2025-12-24T23:41:43.600+0000][gc,cpu      ] GC(304) User=1.07s Sys=0.05s Real=0.18s
[2025-12-24T23:41:43.601+0000][gc,marking  ] GC(304) Concurrent Mark 305.452ms
[2025-12-24T23:41:43.602+0000][gc,marking  ] GC(304) Concurrent Rebuild Remembered Sets and Scrub Regions
[2025-12-24T23:41:43.613+0000][gc,marking  ] GC(304) Concurrent Rebuild Remembered Sets and Scrub Regions 11.793ms
[2025-12-24T23:41:43.614+0000][gc,start    ] GC(304) Pause Cleanup
[2025-12-24T23:41:43.614+0000][gc          ] GC(304) Pause Cleanup 47M->47M(1024M) 0.399ms
[2025-12-24T23:41:43.614+0000][gc,cpu      ] GC(304) User=0.00s Sys=0.00s Real=0.00s
[2025-12-24T23:41:43.614+0000][gc,marking  ] GC(304) Concurrent Clear Claimed Marks
[2025-12-24T23:41:43.614+0000][gc,marking  ] GC(304) Concurrent Clear Claimed Marks 0.240ms
[2025-12-24T23:41:43.614+0000][gc,marking  ] GC(304) Concurrent Cleanup for Next Mark
[2025-12-24T23:41:43.659+0000][gc,marking  ] GC(304) Concurrent Cleanup for Next Mark 44.487ms
[2025-12-24T23:41:43.659+0000][gc          ] GC(304) Concurrent Mark Cycle 376.061ms
[2025-12-25T00:44:43.134+0000][gc,start    ] GC(305) Pause Young (Prepare Mixed) (G1 Evacuation Pause)
[2025-12-25T00:44:43.134+0000][gc,task     ] GC(305) Using 8 workers of 8 for evacuation
[2025-12-25T00:44:43.155+0000][gc,phases   ] GC(305)   Pre Evacuate Collection Set: 1.3ms
[2025-12-25T00:44:43.155+0000][gc,phases   ] GC(305)   Merge Heap Roots: 0.3ms
[2025-12-25T00:44:43.155+0000][gc,phases   ] GC(305)   Evacuate Collection Set: 14.8ms
[2025-12-25T00:44:43.155+0000][gc,phases   ] GC(305)   Post Evacuate Collection Set: 3.9ms
[2025-12-25T00:44:43.155+0000][gc,phases   ] GC(305)   Other: 0.4ms
[2025-12-25T00:44:43.155+0000][gc,heap     ] GC(305) Eden regions: 611->0(610)
[2025-12-25T00:44:43.156+0000][gc,heap     ] GC(305) Survivor regions: 3->4(77)
[2025-12-25T00:44:43.156+0000][gc,heap     ] GC(305) Old regions: 33->33
[2025-12-25T00:44:43.156+0000][gc,heap     ] GC(305) Humongous regions: 13->13
[2025-12-25T00:44:43.156+0000][gc,metaspace] GC(305) Metaspace: 12476K(12928K)->12476K(12928K) NonClass: 11395K(11584K)->11395K(11584K) Class: 1081K(1344K)->1081K(1344K)
[2025-12-25T00:44:43.156+0000][gc          ] GC(305) Pause Young (Prepare Mixed) (G1 Evacuation Pause) 658M->49M(1024M) 21.784ms
[2025-12-25T00:44:43.156+0000][gc,cpu      ] GC(305) User=0.14s Sys=0.00s Real=0.02s
[2025-12-25T01:20:45.907+0000][gc,start    ] GC(306) Pause Young (Mixed) (G1 Evacuation Pause)
[2025-12-25T01:20:45.908+0000][gc,task     ] GC(306) Using 8 workers of 8 for evacuation
[2025-12-25T01:20:45.925+0000][gc,phases   ] GC(306)   Pre Evacuate Collection Set: 4.1ms
[2025-12-25T01:20:45.925+0000][gc,phases   ] GC(306)   Merge Heap Roots: 0.6ms
[2025-12-25T01:20:45.925+0000][gc,phases   ] GC(306)   Evacuate Collection Set: 6.3ms
[2025-12-25T01:20:45.925+0000][gc,phases   ] GC(306)   Post Evacuate Collection Set: 4.8ms
[2025-12-25T01:20:45.925+0000][gc,phases   ] GC(306)   Other: 0.6ms
[2025-12-25T01:20:45.925+0000][gc,heap     ] GC(306) Eden regions: 610->0(610)
[2025-12-25T01:20:45.925+0000][gc,heap     ] GC(306) Survivor regions: 4->4(77)
[2025-12-25T01:20:45.925+0000][gc,heap     ] GC(306) Old regions: 33->30
[2025-12-25T01:20:45.925+0000][gc,heap     ] GC(306) Humongous regions: 13->13
[2025-12-25T01:20:45.925+0000][gc,metaspace] GC(306) Metaspace: 12480K(12928K)->12480K(12928K) NonClass: 11399K(11584K)->11399K(11584K) Class: 1081K(1344K)->1081K(1344K)
[2025-12-25T01:20:45.925+0000][gc          ] GC(306) Pause Young (Mixed) (G1 Evacuation Pause) 659M->46M(1024M) 17.962ms
[2025-12-25T01:20:45.925+0000][gc,cpu      ] GC(306) User=0.08s Sys=0.00s Real=0.02s
[2025-12-25T01:21:45.719+0000][gc,start    ] GC(307) Pause Young (Normal) (G1 Evacuation Pause)
[2025-12-25T01:21:45.720+0000][gc,task     ] GC(307) Using 8 workers of 8 for evacuation
[2025-12-25T01:21:45.729+0000][gc,phases   ] GC(307)   Pre Evacuate Collection Set: 2.0ms
[2025-12-25T01:21:45.730+0000][gc,phases   ] GC(307)   Merge Heap Roots: 0.3ms
[2025-12-25T01:21:45.730+0000][gc,phases   ] GC(307)   Evacuate Collection Set: 6.1ms
[2025-12-25T01:21:45.730+0000][gc,phases   ] GC(307)   Post Evacuate Collection Set: 1.1ms
[2025-12-25T01:21:45.730+0000][gc,phases   ] GC(307)   Other: 0.2ms
[2025-12-25T01:21:45.730+0000][gc,heap     ] GC(307) Eden regions: 610->0(610)
[2025-12-25T01:21:45.730+0000][gc,heap     ] GC(307) Survivor regions: 4->4(77)
[2025-12-25T01:21:45.730+0000][gc,heap     ] GC(307) Old regions: 30->30
[2025-12-25T01:21:45.730+0000][gc,heap     ] GC(307) Humongous regions: 13->13
[2025-12-25T01:21:45.730+0000][gc,metaspace] GC(307) Metaspace: 12480K(12928K)->12480K(12928K) NonClass: 11399K(11584K)->11399K(11584K) Class: 1081K(1344K)->1081K(1344K)
[2025-12-25T01:21:45.730+0000][gc          ] GC(307) Pause Young (Normal) (G1 Evacuation Pause) 656M->46M(1024M) 10.807ms
[2025-12-25T01:21:45.730+0000][gc,cpu      ] GC(307) User=0.06s Sys=0.00s Real=0.01s
[2025-12-25T01:22:35.915+0000][gc,start    ] GC(308) Pause Young (Normal) (G1 Evacuation Pause)
[2025-12-25T01:22:35.915+0000][gc,task     ] GC(308) Using 8 workers of 8 for evacuation
[2025-12-25T01:22:35.933+0000][gc,phases   ] GC(308)   Pre Evacuate Collection Set: 1.5ms
[2025-12-25T01:22:35.934+0000][gc,phases   ] GC(308)   Merge Heap Roots: 0.2ms
[2025-12-25T01:22:35.935+0000][gc,phases   ] GC(308)   Evacuate Collection Set: 9.1ms
[2025-12-25T01:22:35.935+0000][gc,phases   ] GC(308)   Post Evacuate Collection Set: 6.1ms
[2025-12-25T01:22:35.935+0000][gc,phases   ] GC(308)   Other: 0.3ms
[2025-12-25T01:22:35.936+0000][gc,heap     ] GC(308) Eden regions: 610->0(610)
[2025-12-25T01:22:35.936+0000][gc,heap     ] GC(308) Survivor regions: 4->4(77)
[2025-12-25T01:22:35.936+0000][gc,heap     ] GC(308) Old regions: 30->30
[2025-12-25T01:22:35.936+0000][gc,heap     ] GC(308) Humongous regions: 13->13
[2025-12-25T01:22:35.936+0000][gc,metaspace] GC(308) Metaspace: 12481K(12928K)->12481K(12928K) NonClass: 11399K(11584K)->11399K(11584K) Class: 1081K(1344K)->1081K(1344K)
[2025-12-25T01:22:35.937+0000][gc          ] GC(308) Pause Young (Normal) (G1 Evacuation Pause) 656M->46M(1024M) 21.979ms
[2025-12-25T01:22:35.937+0000][gc,cpu      ] GC(308) User=0.10s Sys=0.01s Real=0.02s
[2025-12-25T01:23:35.679+0000][gc,start    ] GC(309) Pause Young (Normal) (G1 Evacuation Pause)
[2025-12-25T01:23:35.680+0000][gc,task     ] GC(309) Using 8 workers of 8 for evacuation
[2025-12-25T01:23:35.689+0000][gc,phases   ] GC(309)   Pre Evacuate Collection Set: 1.4ms
[2025-12-25T01:23:35.689+0000][gc,phases   ] GC(309)   Merge Heap Roots: 0.2ms
[2025-12-25T01:23:35.689+0000][gc,phases   ] GC(309)   Evacuate Collection Set: 6.4ms
[2025-12-25T01:23:35.689+0000][gc,phases   ] GC(309)   Post Evacuate Collection Set: 1.1ms
[2025-12-25T01:23:35.689+0000][gc,phases   ] GC(309)   Other: 0.2ms
[2025-12-25T01:23:35.689+0000][gc,heap     ] GC(309) Eden regions: 610->0(610)
[2025-12-25T01:23:35.689+0000][gc,heap     ] GC(309) Survivor regions: 4->4(77)
[2025-12-25T01:23:35.689+0000][gc,heap     ] GC(309) Old regions: 30->30
[2025-12-25T01:23:35.689+0000][gc,heap     ] GC(309) Humongous regions: 13->13
[2025-12-25T01:23:35.689+0000][gc,metaspace] GC(309) Metaspace: 12481K(12928K)->12481K(12928K) NonClass: 11399K(11584K)->11399K(11584K) Class: 1081K(1344K)->1081K(1344K)
[2025-12-25T01:23:35.689+0000][gc          ] GC(309) Pause Young (Normal) (G1 Evacuation Pause) 656M->46M(1024M) 10.034ms
[2025-12-25T01:23:35.689+0000][gc,cpu      ] GC(309) User=0.06s Sys=0.00s Real=0.01s
[2025-12-25T01:24:25.852+0000][gc,start    ] GC(310) Pause Young (Normal) (G1 Evacuation Pause)
[2025-12-25T01:24:25.853+0000][gc,task     ] GC(310) Using 8 workers of 8 for evacuation
[2025-12-25T01:24:25.864+0000][gc,phases   ] GC(310)   Pre Evacuate Collection Set: 2.6ms
[2025-12-25T01:24:25.864+0000][gc,phases   ] GC(310)   Merge Heap Roots: 0.2ms
[2025-12-25T01:24:25.864+0000][gc,phases   ] GC(310)   Evacuate Collection Set: 5.4ms
[2025-12-25T01:24:25.864+0000][gc,phases   ] GC(310)   Post Evacuate Collection Set: 2.1ms
[2025-12-25T01:24:25.864+0000][gc,phases   ] GC(310)   Other: 0.3ms
[2025-12-25T01:24:25.864+0000][gc,heap     ] GC(310) Eden regions: 610->0(610)
[2025-12-25T01:24:25.864+0000][gc,heap     ] GC(310) Survivor regions: 4->4(77)
[2025-12-25T01:24:25.864+0000][gc,heap     ] GC(310) Old regions: 30->30
[2025-12-25T01:24:25.864+0000][gc,heap     ] GC(310) Humongous regions: 13->13
[2025-12-25T01:24:25.864+0000][gc,metaspace] GC(310) Metaspace: 12481K(12928K)->12481K(12928K) NonClass: 11399K(11584K)->11399K(11584K) Class: 1081K(1344K)->1081K(1344K)
[2025-12-25T01:24:25.865+0000][gc          ] GC(310) Pause Young (Normal) (G1 Evacuation Pause) 656M->46M(1024M) 12.121ms
[2025-12-25T01:24:25.865+0000][gc,cpu      ] GC(310) User=0.06s Sys=0.00s Real=0.01s
[2025-12-25T01:25:25.656+0000][gc,start    ] GC(311) Pause Young (Normal) (G1 Evacuation Pause)
[2025-12-25T01:25:25.656+0000][gc,task     ] GC(311) Using 8 workers of 8 for evacuation
[2025-12-25T01:25:25.666+0000][gc,phases   ] GC(311)   Pre Evacuate Collection Set: 1.1ms
[2025-12-25T01:25:25.666+0000][gc,phases   ] GC(311)   Merge Heap Roots: 0.2ms
[2025-12-25T01:25:25.666+0000][gc,phases   ] GC(311)   Evacuate Collection Set: 5.6ms
[2025-12-25T01:25:25.666+0000][gc,phases   ] GC(311)   Post Evacuate Collection Set: 2.7ms
[2025-12-25T01:25:25.667+0000][gc,phases   ] GC(311)   Other: 0.3ms
[2025-12-25T01:25:25.667+0000][gc,heap     ] GC(311) Eden regions: 610->0(610)
[2025-12-25T01:25:25.667+0000][gc,heap     ] GC(311) Survivor regions: 4->4(77)
[2025-12-25T01:25:25.667+0000][gc,heap     ] GC(311) Old regions: 30->30
[2025-12-25T01:25:25.667+0000][gc,heap     ] GC(311) Humongous regions: 13->13
[2025-12-25T01:25:25.667+0000][gc,metaspace] GC(311) Metaspace: 12481K(12928K)->12481K(12928K) NonClass: 11399K(11584K)->11399K(11584K) Class: 1081K(1344K)->1081K(1344K)
[2025-12-25T01:25:25.667+0000][gc          ] GC(311) Pause Young (Normal) (G1 Evacuation Pause) 656M->46M(1024M) 11.918ms
[2025-12-25T01:25:25.668+0000][gc,cpu      ] GC(311) User=0.05s Sys=0.00s Real=0.01s
[2025-12-25T01:26:15.791+0000][gc,start    ] GC(312) Pause Young (Normal) (G1 Evacuation Pause)
[2025-12-25T01:26:15.792+0000][gc,task     ] GC(312) Using 8 workers of 8 for evacuation
[2025-12-25T01:26:15.810+0000][gc,phases   ] GC(312)   Pre Evacuate Collection Set: 1.0ms
[2025-12-25T01:26:15.810+0000][gc,phases   ] GC(312)   Merge Heap Roots: 0.2ms
[2025-12-25T01:26:15.810+0000][gc,phases   ] GC(312)   Evacuate Collection Set: 16.0ms
[2025-12-25T01:26:15.810+0000][gc,phases   ] GC(312)   Post Evacuate Collection Set: 1.2ms
[2025-12-25T01:26:15.810+0000][gc,phases   ] GC(312)   Other: 0.2ms
[2025-12-25T01:26:15.810+0000][gc,heap     ] GC(312) Eden regions: 610->0(610)
[2025-12-25T01:26:15.810+0000][gc,heap     ] GC(312) Survivor regions: 4->4(77)
[2025-12-25T01:26:15.810+0000][gc,heap     ] GC(312) Old regions: 30->30
[2025-12-25T01:26:15.811+0000][gc,heap     ] GC(312) Humongous regions: 13->13
[2025-12-25T01:26:15.811+0000][gc,metaspace] GC(312) Metaspace: 12481K(12928K)->12481K(12928K) NonClass: 11399K(11584K)->11399K(11584K) Class: 1081K(1344K)->1081K(1344K)
[2025-12-25T01:26:15.811+0000][gc          ] GC(312) Pause Young (Normal) (G1 Evacuation Pause) 656M->46M(1024M) 19.488ms
[2025-12-25T01:26:15.811+0000][gc,cpu      ] GC(312) User=0.13s Sys=0.00s Real=0.02s
[2025-12-25T01:27:15.636+0000][gc,start    ] GC(313) Pause Young (Normal) (G1 Evacuation Pause)
[2025-12-25T01:27:15.637+0000][gc,task     ] GC(313) Using 8 workers of 8 for evacuation
[2025-12-25T01:27:15.646+0000][gc,phases   ] GC(313)   Pre Evacuate Collection Set: 1.3ms
[2025-12-25T01:27:15.646+0000][gc,phases   ] GC(313)   Merge Heap Roots: 0.2ms
[2025-12-25T01:27:15.646+0000][gc,phases   ] GC(313)   Evacuate Collection Set: 5.9ms
[2025-12-25T01:27:15.646+0000][gc,phases   ] GC(313)   Post Evacuate Collection Set: 1.2ms
[2025-12-25T01:27:15.646+0000][gc,phases   ] GC(313)   Other: 0.2ms
[2025-12-25T01:27:15.646+0000][gc,heap     ] GC(313) Eden regions: 610->0(610)
[2025-12-25T01:27:15.646+0000][gc,heap     ] GC(313) Survivor regions: 4->4(77)
[2025-12-25T01:27:15.646+0000][gc,heap     ] GC(313) Old regions: 30->30
[2025-12-25T01:27:15.646+0000][gc,heap     ] GC(313) Humongous regions: 13->13
[2025-12-25T01:27:15.647+0000][gc,metaspace] GC(313) Metaspace: 12481K(12928K)->12481K(12928K) NonClass: 11399K(11584K)->11399K(11584K) Class: 1081K(1344K)->1081K(1344K)
[2025-12-25T01:27:15.647+0000][gc          ] GC(313) Pause Young (Normal) (G1 Evacuation Pause) 656M->45M(1024M) 10.699ms
[2025-12-25T01:27:15.647+0000][gc,cpu      ] GC(313) User=0.05s Sys=0.00s Real=0.01s
[2025-12-25T01:28:05.831+0000][gc,start    ] GC(314) Pause Young (Normal) (G1 Evacuation Pause)
[2025-12-25T01:28:05.831+0000][gc,task     ] GC(314) Using 8 workers of 8 for evacuation
[2025-12-25T01:28:05.846+0000][gc,phases   ] GC(314)   Pre Evacuate Collection Set: 2.5ms
[2025-12-25T01:28:05.846+0000][gc,phases   ] GC(314)   Merge Heap Roots: 0.3ms
[2025-12-25T01:28:05.846+0000][gc,phases   ] GC(314)   Evacuate Collection Set: 10.9ms
[2025-12-25T01:28:05.847+0000][gc,phases   ] GC(314)   Post Evacuate Collection Set: 1.2ms
[2025-12-25T01:28:05.847+0000][gc,phases   ] GC(314)   Other: 0.2ms
[2025-12-25T01:28:05.847+0000][gc,heap     ] GC(314) Eden regions: 610->0(610)
[2025-12-25T01:28:05.847+0000][gc,heap     ] GC(314) Survivor regions: 4->4(77)
[2025-12-25T01:28:05.847+0000][gc,heap     ] GC(314) Old regions: 30->30
[2025-12-25T01:28:05.847+0000][gc,heap     ] GC(314) Humongous regions: 13->13
[2025-12-25T01:28:05.847+0000][gc,metaspace] GC(314) Metaspace: 12481K(12928K)->12481K(12928K) NonClass: 11399K(11584K)->11399K(11584K) Class: 1081K(1344K)->1081K(1344K)
[2025-12-25T01:28:05.847+0000][gc          ] GC(314) Pause Young (Normal) (G1 Evacuation Pause) 655M->46M(1024M) 16.568ms
[2025-12-25T01:28:05.847+0000][gc,cpu      ] GC(314) User=0.09s Sys=0.00s Real=0.02s
[2025-12-25T01:29:05.598+0000][gc,start    ] GC(315) Pause Young (Normal) (G1 Evacuation Pause)
[2025-12-25T01:29:05.599+0000][gc,task     ] GC(315) Using 8 workers of 8 for evacuation
[2025-12-25T01:29:05.615+0000][gc,phases   ] GC(315)   Pre Evacuate Collection Set: 4.0ms
[2025-12-25T01:29:05.615+0000][gc,phases   ] GC(315)   Merge Heap Roots: 0.4ms
[2025-12-25T01:29:05.615+0000][gc,phases   ] GC(315)   Evacuate Collection Set: 8.1ms
[2025-12-25T01:29:05.615+0000][gc,phases   ] GC(315)   Post Evacuate Collection Set: 3.3ms
[2025-12-25T01:29:05.615+0000][gc,phases   ] GC(315)   Other: 0.2ms
[2025-12-25T01:29:05.615+0000][gc,heap     ] GC(315) Eden regions: 610->0(610)
[2025-12-25T01:29:05.615+0000][gc,heap     ] GC(315) Survivor regions: 4->4(77)
[2025-12-25T01:29:05.615+0000][gc,heap     ] GC(315) Old regions: 30->30
[2025-12-25T01:29:05.615+0000][gc,heap     ] GC(315) Humongous regions: 13->13
[2025-12-25T01:29:05.615+0000][gc,metaspace] GC(315) Metaspace: 12481K(12928K)->12481K(12928K) NonClass: 11399K(11584K)->11399K(11584K) Class: 1081K(1344K)->1081K(1344K)
[2025-12-25T01:29:05.615+0000][gc          ] GC(315) Pause Young (Normal) (G1 Evacuation Pause) 656M->46M(1024M) 17.204ms
[2025-12-25T01:29:05.615+0000][gc,cpu      ] GC(315) User=0.09s Sys=0.00s Real=0.02s
[2025-12-25T01:29:55.780+0000][gc,start    ] GC(316) Pause Young (Normal) (G1 Evacuation Pause)
[2025-12-25T01:29:55.780+0000][gc,task     ] GC(316) Using 8 workers of 8 for evacuation
[2025-12-25T01:29:55.790+0000][gc,phases   ] GC(316)   Pre Evacuate Collection Set: 1.1ms
[2025-12-25T01:29:55.790+0000][gc,phases   ] GC(316)   Merge Heap Roots: 0.2ms
[2025-12-25T01:29:55.790+0000][gc,phases   ] GC(316)   Evacuate Collection Set: 7.3ms
[2025-12-25T01:29:55.790+0000][gc,phases   ] GC(316)   Post Evacuate Collection Set: 1.0ms
[2025-12-25T01:29:55.790+0000][gc,phases   ] GC(316)   Other: 0.2ms
[2025-12-25T01:29:55.790+0000][gc,heap     ] GC(316) Eden regions: 610->0(610)
[2025-12-25T01:29:55.790+0000][gc,heap     ] GC(316) Survivor regions: 4->4(77)
[2025-12-25T01:29:55.790+0000][gc,heap     ] GC(316) Old regions: 30->31
[2025-12-25T01:29:55.790+0000][gc,heap     ] GC(316) Humongous regions: 13->13
[2025-12-25T01:29:55.790+0000][gc,metaspace] GC(316) Metaspace: 12481K(12928K)->12481K(12928K) NonClass: 11399K(11584K)->11399K(11584K) Class: 1081K(1344K)->1081K(1344K)
[2025-12-25T01:29:55.790+0000][gc          ] GC(316) Pause Young (Normal) (G1 Evacuation Pause) 656M->46M(1024M) 10.834ms
[2025-12-25T01:29:55.790+0000][gc,cpu      ] GC(316) User=0.07s Sys=0.00s Real=0.01s
[2025-12-25T01:30:55.569+0000][gc,start    ] GC(317) Pause Young (Normal) (G1 Evacuation Pause)
[2025-12-25T01:30:55.571+0000][gc,task     ] GC(317) Using 8 workers of 8 for evacuation
[2025-12-25T01:30:55.579+0000][gc,phases   ] GC(317)   Pre Evacuate Collection Set: 1.1ms
[2025-12-25T01:30:55.580+0000][gc,phases   ] GC(317)   Merge Heap Roots: 0.3ms
[2025-12-25T01:30:55.580+0000][gc,phases   ] GC(317)   Evacuate Collection Set: 5.6ms
[2025-12-25T01:30:55.580+0000][gc,phases   ] GC(317)   Post Evacuate Collection Set: 1.1ms
[2025-12-25T01:30:55.580+0000][gc,phases   ] GC(317)   Other: 0.4ms
[2025-12-25T01:30:55.580+0000][gc,heap     ] GC(317) Eden regions: 610->0(611)
[2025-12-25T01:30:55.580+0000][gc,heap     ] GC(317) Survivor regions: 4->3(77)
[2025-12-25T01:30:55.580+0000][gc,heap     ] GC(317) Old regions: 31->31
[2025-12-25T01:30:55.580+0000][gc,heap     ] GC(317) Humongous regions: 13->13
[2025-12-25T01:30:55.580+0000][gc,metaspace] GC(317) Metaspace: 12481K(12928K)->12481K(12928K) NonClass: 11399K(11584K)->11399K(11584K) Class: 1081K(1344K)->1081K(1344K)
[2025-12-25T01:30:55.580+0000][gc          ] GC(317) Pause Young (Normal) (G1 Evacuation Pause) 656M->45M(1024M) 11.249ms
[2025-12-25T01:30:55.580+0000][gc,cpu      ] GC(317) User=0.05s Sys=0.00s Real=0.01s
[2025-12-25T01:31:45.726+0000][gc,start    ] GC(318) Pause Young (Normal) (G1 Evacuation Pause)
[2025-12-25T01:31:45.726+0000][gc,task     ] GC(318) Using 8 workers of 8 for evacuation
[2025-12-25T01:31:45.741+0000][gc,phases   ] GC(318)   Pre Evacuate Collection Set: 1.2ms
[2025-12-25T01:31:45.741+0000][gc,phases   ] GC(318)   Merge Heap Roots: 0.2ms
[2025-12-25T01:31:45.741+0000][gc,phases   ] GC(318)   Evacuate Collection Set: 11.1ms
[2025-12-25T01:31:45.741+0000][gc,phases   ] GC(318)   Post Evacuate Collection Set: 2.0ms
[2025-12-25T01:31:45.742+0000][gc,phases   ] GC(318)   Other: 0.2ms
[2025-12-25T01:31:45.742+0000][gc,heap     ] GC(318) Eden regions: 611->0(608)
[2025-12-25T01:31:45.742+0000][gc,heap     ] GC(318) Survivor regions: 3->6(77)
[2025-12-25T01:31:45.742+0000][gc,heap     ] GC(318) Old regions: 31->31
[2025-12-25T01:31:45.742+0000][gc,heap     ] GC(318) Humongous regions: 13->13
[2025-12-25T01:31:45.742+0000][gc,metaspace] GC(318) Metaspace: 12494K(12992K)->12494K(12992K) NonClass: 11412K(11648K)->11412K(11648K) Class: 1081K(1344K)->1081K(1344K)
[2025-12-25T01:31:45.742+0000][gc          ] GC(318) Pause Young (Normal) (G1 Evacuation Pause) 656M->48M(1024M) 16.199ms
[2025-12-25T01:31:45.742+0000][gc,cpu      ] GC(318) User=0.10s Sys=0.00s Real=0.01s
[2025-12-25T01:32:42.721+0000][gc,start    ] GC(319) Pause Young (Normal) (G1 Evacuation Pause)
[2025-12-25T01:32:42.722+0000][gc,task     ] GC(319) Using 8 workers of 8 for evacuation
[2025-12-25T01:32:42.735+0000][gc,phases   ] GC(319)   Pre Evacuate Collection Set: 1.7ms
[2025-12-25T01:32:42.735+0000][gc,phases   ] GC(319)   Merge Heap Roots: 0.4ms
[2025-12-25T01:32:42.735+0000][gc,phases   ] GC(319)   Evacuate Collection Set: 9.4ms
[2025-12-25T01:32:42.735+0000][gc,phases   ] GC(319)   Post Evacuate Collection Set: 1.3ms
[2025-12-25T01:32:42.735+0000][gc,phases   ] GC(319)   Other: 0.3ms
[2025-12-25T01:32:42.735+0000][gc,heap     ] GC(319) Eden regions: 608->0(611)
[2025-12-25T01:32:42.735+0000][gc,heap     ] GC(319) Survivor regions: 6->3(77)
[2025-12-25T01:32:42.735+0000][gc,heap     ] GC(319) Old regions: 31->32
[2025-12-25T01:32:42.735+0000][gc,heap     ] GC(319) Humongous regions: 13->13
[2025-12-25T01:32:42.735+0000][gc,metaspace] GC(319) Metaspace: 12494K(12992K)->12494K(12992K) NonClass: 11412K(11648K)->11412K(11648K) Class: 1081K(1344K)->1081K(1344K)
[2025-12-25T01:32:42.736+0000][gc          ] GC(319) Pause Young (Normal) (G1 Evacuation Pause) 656M->47M(1024M) 14.535ms
[2025-12-25T01:32:42.736+0000][gc,cpu      ] GC(319) User=0.08s Sys=0.00s Real=0.01s
[2025-12-25T01:33:35.724+0000][gc,start    ] GC(320) Pause Young (Normal) (G1 Evacuation Pause)
[2025-12-25T01:33:35.724+0000][gc,task     ] GC(320) Using 8 workers of 8 for evacuation
[2025-12-25T01:33:35.735+0000][gc,phases   ] GC(320)   Pre Evacuate Collection Set: 1.1ms
[2025-12-25T01:33:35.735+0000][gc,phases   ] GC(320)   Merge Heap Roots: 0.2ms
[2025-12-25T01:33:35.735+0000][gc,phases   ] GC(320)   Evacuate Collection Set: 5.1ms
[2025-12-25T01:33:35.735+0000][gc,phases   ] GC(320)   Post Evacuate Collection Set: 3.9ms
[2025-12-25T01:33:35.735+0000][gc,phases   ] GC(320)   Other: 0.2ms
[2025-12-25T01:33:35.735+0000][gc,heap     ] GC(320) Eden regions: 611->0(610)
[2025-12-25T01:33:35.735+0000][gc,heap     ] GC(320) Survivor regions: 3->4(77)
[2025-12-25T01:33:35.735+0000][gc,heap     ] GC(320) Old regions: 32->33
[2025-12-25T01:33:35.735+0000][gc,heap     ] GC(320) Humongous regions: 13->13
[2025-12-25T01:33:35.735+0000][gc,metaspace] GC(320) Metaspace: 12494K(12992K)->12494K(12992K) NonClass: 11412K(11648K)->11412K(11648K) Class: 1081K(1344K)->1081K(1344K)
[2025-12-25T01:33:35.738+0000][gc          ] GC(320) Pause Young (Normal) (G1 Evacuation Pause) 658M->48M(1024M) 14.522ms
[2025-12-25T01:33:35.738+0000][gc,cpu      ] GC(320) User=0.06s Sys=0.00s Real=0.02s
[2025-12-25T01:34:25.860+0000][gc,start    ] GC(321) Pause Young (Normal) (G1 Evacuation Pause)
[2025-12-25T01:34:25.860+0000][gc,task     ] GC(321) Using 8 workers of 8 for evacuation
[2025-12-25T01:34:25.877+0000][gc,phases   ] GC(321)   Pre Evacuate Collection Set: 3.1ms
[2025-12-25T01:34:25.878+0000][gc,phases   ] GC(321)   Merge Heap Roots: 0.8ms
[2025-12-25T01:34:25.878+0000][gc,phases   ] GC(321)   Evacuate Collection Set: 12.0ms
[2025-12-25T01:34:25.878+0000][gc,phases   ] GC(321)   Post Evacuate Collection Set: 1.0ms
[2025-12-25T01:34:25.878+0000][gc,phases   ] GC(321)   Other: 0.2ms
[2025-12-25T01:34:25.878+0000][gc,heap     ] GC(321) Eden regions: 610->0(609)
[2025-12-25T01:34:25.878+0000][gc,heap     ] GC(321) Survivor regions: 4->5(77)
[2025-12-25T01:34:25.878+0000][gc,heap     ] GC(321) Old regions: 33->33
[2025-12-25T01:34:25.878+0000][gc,heap     ] GC(321) Humongous regions: 31->31
[2025-12-25T01:34:25.878+0000][gc,metaspace] GC(321) Metaspace: 12512K(13056K)->12512K(13056K) NonClass: 11428K(11712K)->11428K(11712K) Class: 1083K(1344K)->1083K(1344K)
[2025-12-25T01:34:25.878+0000][gc          ] GC(321) Pause Young (Normal) (G1 Evacuation Pause) 676M->67M(1024M) 18.476ms
[2025-12-25T01:34:25.878+0000][gc,cpu      ] GC(321) User=0.11s Sys=0.00s Real=0.02s
[2025-12-25T01:35:25.674+0000][gc,start    ] GC(322) Pause Young (Normal) (G1 Evacuation Pause)
[2025-12-25T01:35:25.674+0000][gc,task     ] GC(322) Using 8 workers of 8 for evacuation
[2025-12-25T01:35:25.688+0000][gc,phases   ] GC(322)   Pre Evacuate Collection Set: 1.1ms
[2025-12-25T01:35:25.688+0000][gc,phases   ] GC(322)   Merge Heap Roots: 0.2ms
[2025-12-25T01:35:25.688+0000][gc,phases   ] GC(322)   Evacuate Collection Set: 7.7ms
[2025-12-25T01:35:25.688+0000][gc,phases   ] GC(322)   Post Evacuate Collection Set: 4.4ms
[2025-12-25T01:35:25.688+0000][gc,phases   ] GC(322)   Other: 0.3ms
[2025-12-25T01:35:25.688+0000][gc,heap     ] GC(322) Eden regions: 609->0(610)
[2025-12-25T01:35:25.689+0000][gc,heap     ] GC(322) Survivor regions: 5->4(77)
[2025-12-25T01:35:25.689+0000][gc,heap     ] GC(322) Old regions: 33->33
[2025-12-25T01:35:25.689+0000][gc,heap     ] GC(322) Humongous regions: 31->31
[2025-12-25T01:35:25.689+0000][gc,metaspace] GC(322) Metaspace: 12512K(13056K)->12512K(13056K) NonClass: 11428K(11712K)->11428K(11712K) Class: 1083K(1344K)->1083K(1344K)
[2025-12-25T01:35:25.689+0000][gc          ] GC(322) Pause Young (Normal) (G1 Evacuation Pause) 676M->67M(1024M) 15.072ms
[2025-12-25T01:35:25.689+0000][gc,cpu      ] GC(322) User=0.08s Sys=0.00s Real=0.01s
[2025-12-25T01:36:15.827+0000][gc,start    ] GC(323) Pause Young (Normal) (G1 Evacuation Pause)
[2025-12-25T01:36:15.828+0000][gc,task     ] GC(323) Using 8 workers of 8 for evacuation
[2025-12-25T01:36:15.841+0000][gc,phases   ] GC(323)   Pre Evacuate Collection Set: 2.9ms
[2025-12-25T01:36:15.841+0000][gc,phases   ] GC(323)   Merge Heap Roots: 0.4ms
[2025-12-25T01:36:15.841+0000][gc,phases   ] GC(323)   Evacuate Collection Set: 8.6ms
[2025-12-25T01:36:15.841+0000][gc,phases   ] GC(323)   Post Evacuate Collection Set: 1.1ms
[2025-12-25T01:36:15.841+0000][gc,phases   ] GC(323)   Other: 0.3ms
[2025-12-25T01:36:15.841+0000][gc,heap     ] GC(323) Eden regions: 610->0(609)
[2025-12-25T01:36:15.842+0000][gc,heap     ] GC(323) Survivor regions: 4->5(77)
[2025-12-25T01:36:15.842+0000][gc,heap     ] GC(323) Old regions: 33->33
[2025-12-25T01:36:15.842+0000][gc,heap     ] GC(323) Humongous regions: 31->31
[2025-12-25T01:36:15.842+0000][gc,metaspace] GC(323) Metaspace: 12512K(13056K)->12512K(13056K) NonClass: 11428K(11712K)->11428K(11712K) Class: 1083K(1344K)->1083K(1344K)
[2025-12-25T01:36:15.842+0000][gc          ] GC(323) Pause Young (Normal) (G1 Evacuation Pause) 677M->67M(1024M) 15.142ms
[2025-12-25T01:36:15.842+0000][gc,cpu      ] GC(323) User=0.08s Sys=0.00s Real=0.02s
[2025-12-25T01:37:15.636+0000][gc,start    ] GC(324) Pause Young (Normal) (G1 Evacuation Pause)
[2025-12-25T01:37:15.637+0000][gc,task     ] GC(324) Using 8 workers of 8 for evacuation
[2025-12-25T01:37:15.654+0000][gc,phases   ] GC(324)   Pre Evacuate Collection Set: 1.6ms
[2025-12-25T01:37:15.654+0000][gc,phases   ] GC(324)   Merge Heap Roots: 1.4ms
[2025-12-25T01:37:15.654+0000][gc,phases   ] GC(324)   Evacuate Collection Set: 12.3ms
[2025-12-25T01:37:15.655+0000][gc,phases   ] GC(324)   Post Evacuate Collection Set: 1.6ms
[2025-12-25T01:37:15.655+0000][gc,phases   ] GC(324)   Other: 0.5ms
[2025-12-25T01:37:15.655+0000][gc,heap     ] GC(324) Eden regions: 609->0(610)
[2025-12-25T01:37:15.655+0000][gc,heap     ] GC(324) Survivor regions: 5->4(77)
[2025-12-25T01:37:15.655+0000][gc,heap     ] GC(324) Old regions: 33->33
[2025-12-25T01:37:15.655+0000][gc,heap     ] GC(324) Humongous regions: 31->31
[2025-12-25T01:37:15.655+0000][gc,metaspace] GC(324) Metaspace: 12512K(13056K)->12512K(13056K) NonClass: 11428K(11712K)->11428K(11712K) Class: 1083K(1344K)->1083K(1344K)
[2025-12-25T01:37:15.655+0000][gc          ] GC(324) Pause Young (Normal) (G1 Evacuation Pause) 676M->67M(1024M) 19.015ms
[2025-12-25T01:37:15.655+0000][gc,cpu      ] GC(324) User=0.11s Sys=0.00s Real=0.02s
[2025-12-25T01:38:05.705+0000][gc,start    ] GC(325) Pause Young (Normal) (G1 Evacuation Pause)
[2025-12-25T01:38:05.706+0000][gc,task     ] GC(325) Using 8 workers of 8 for evacuation
[2025-12-25T01:38:05.714+0000][gc,phases   ] GC(325)   Pre Evacuate Collection Set: 1.2ms
[2025-12-25T01:38:05.714+0000][gc,phases   ] GC(325)   Merge Heap Roots: 0.2ms
[2025-12-25T01:38:05.714+0000][gc,phases   ] GC(325)   Evacuate Collection Set: 5.2ms
[2025-12-25T01:38:05.714+0000][gc,phases   ] GC(325)   Post Evacuate Collection Set: 1.2ms
[2025-12-25T01:38:05.714+0000][gc,phases   ] GC(325)   Other: 0.3ms
[2025-12-25T01:38:05.714+0000][gc,heap     ] GC(325) Eden regions: 610->0(609)
[2025-12-25T01:38:05.714+0000][gc,heap     ] GC(325) Survivor regions: 4->5(77)
[2025-12-25T01:38:05.714+0000][gc,heap     ] GC(325) Old regions: 33->33
[2025-12-25T01:38:05.714+0000][gc,heap     ] GC(325) Humongous regions: 31->31
[2025-12-25T01:38:05.714+0000][gc,metaspace] GC(325) Metaspace: 12512K(13056K)->12512K(13056K) NonClass: 11428K(11712K)->11428K(11712K) Class: 1083K(1344K)->1083K(1344K)
[2025-12-25T01:38:05.714+0000][gc          ] GC(325) Pause Young (Normal) (G1 Evacuation Pause) 677M->67M(1024M) 9.314ms
[2025-12-25T01:38:05.715+0000][gc,cpu      ] GC(325) User=0.05s Sys=0.01s Real=0.00s
[2025-12-25T01:39:05.477+0000][gc,start    ] GC(326) Pause Young (Normal) (G1 Evacuation Pause)
[2025-12-25T01:39:05.478+0000][gc,task     ] GC(326) Using 8 workers of 8 for evacuation
[2025-12-25T01:39:05.499+0000][gc,phases   ] GC(326)   Pre Evacuate Collection Set: 2.4ms
[2025-12-25T01:39:05.499+0000][gc,phases   ] GC(326)   Merge Heap Roots: 0.2ms
[2025-12-25T01:39:05.499+0000][gc,phases   ] GC(326)   Evacuate Collection Set: 16.6ms
[2025-12-25T01:39:05.499+0000][gc,phases   ] GC(326)   Post Evacuate Collection Set: 1.6ms
[2025-12-25T01:39:05.499+0000][gc,phases   ] GC(326)   Other: 0.2ms
[2025-12-25T01:39:05.499+0000][gc,heap     ] GC(326) Eden regions: 609->0(610)
[2025-12-25T01:39:05.499+0000][gc,heap     ] GC(326) Survivor regions: 5->4(77)
[2025-12-25T01:39:05.499+0000][gc,heap     ] GC(326) Old regions: 33->33
[2025-12-25T01:39:05.499+0000][gc,heap     ] GC(326) Humongous regions: 31->31
[2025-12-25T01:39:05.499+0000][gc,metaspace] GC(326) Metaspace: 12512K(13056K)->12512K(13056K) NonClass: 11428K(11712K)->11428K(11712K) Class: 1083K(1344K)->1083K(1344K)
[2025-12-25T01:39:05.499+0000][gc          ] GC(326) Pause Young (Normal) (G1 Evacuation Pause) 676M->66M(1024M) 22.115ms
[2025-12-25T01:39:05.500+0000][gc,cpu      ] GC(326) User=0.15s Sys=0.00s Real=0.02s
[2025-12-25T01:39:55.664+0000][gc,start    ] GC(327) Pause Young (Normal) (G1 Evacuation Pause)
[2025-12-25T01:39:55.665+0000][gc,task     ] GC(327) Using 8 workers of 8 for evacuation
[2025-12-25T01:39:55.675+0000][gc,phases   ] GC(327)   Pre Evacuate Collection Set: 1.2ms
[2025-12-25T01:39:55.675+0000][gc,phases   ] GC(327)   Merge Heap Roots: 0.3ms
[2025-12-25T01:39:55.675+0000][gc,phases   ] GC(327)   Evacuate Collection Set: 7.0ms
[2025-12-25T01:39:55.676+0000][gc,phases   ] GC(327)   Post Evacuate Collection Set: 1.4ms
[2025-12-25T01:39:55.676+0000][gc,phases   ] GC(327)   Other: 0.6ms
[2025-12-25T01:39:55.676+0000][gc,heap     ] GC(327) Eden regions: 610->0(610)
[2025-12-25T01:39:55.676+0000][gc,heap     ] GC(327) Survivor regions: 4->4(77)
[2025-12-25T01:39:55.676+0000][gc,heap     ] GC(327) Old regions: 33->33
[2025-12-25T01:39:55.676+0000][gc,heap     ] GC(327) Humongous regions: 31->31
[2025-12-25T01:39:55.676+0000][gc,metaspace] GC(327) Metaspace: 12512K(13056K)->12512K(13056K) NonClass: 11428K(11712K)->11428K(11712K) Class: 1083K(1344K)->1083K(1344K)
[2025-12-25T01:39:55.676+0000][gc          ] GC(327) Pause Young (Normal) (G1 Evacuation Pause) 676M->67M(1024M) 12.403ms
[2025-12-25T01:39:55.676+0000][gc,cpu      ] GC(327) User=0.06s Sys=0.00s Real=0.01s
[2025-12-25T01:55:54.669+0000][gc,start    ] GC(328) Pause Young (Normal) (G1 Evacuation Pause)
[2025-12-25T01:55:54.670+0000][gc,task     ] GC(328) Using 8 workers of 8 for evacuation
[2025-12-25T01:55:54.686+0000][gc,phases   ] GC(328)   Pre Evacuate Collection Set: 4.1ms
[2025-12-25T01:55:54.686+0000][gc,phases   ] GC(328)   Merge Heap Roots: 0.6ms
[2025-12-25T01:55:54.686+0000][gc,phases   ] GC(328)   Evacuate Collection Set: 9.6ms
[2025-12-25T01:55:54.687+0000][gc,phases   ] GC(328)   Post Evacuate Collection Set: 1.3ms
[2025-12-25T01:55:54.687+0000][gc,phases   ] GC(328)   Other: 0.9ms
[2025-12-25T01:55:54.687+0000][gc,heap     ] GC(328) Eden regions: 610->0(610)
[2025-12-25T01:55:54.687+0000][gc,heap     ] GC(328) Survivor regions: 4->4(77)
[2025-12-25T01:55:54.687+0000][gc,heap     ] GC(328) Old regions: 33->33
[2025-12-25T01:55:54.687+0000][gc,heap     ] GC(328) Humongous regions: 31->31
[2025-12-25T01:55:54.687+0000][gc,metaspace] GC(328) Metaspace: 12512K(13056K)->12512K(13056K) NonClass: 11428K(11712K)->11428K(11712K) Class: 1083K(1344K)->1083K(1344K)
[2025-12-25T01:55:54.687+0000][gc          ] GC(328) Pause Young (Normal) (G1 Evacuation Pause) 677M->66M(1024M) 17.899ms
[2025-12-25T01:55:54.687+0000][gc,cpu      ] GC(328) User=0.10s Sys=0.00s Real=0.02s
[2025-12-25T01:56:44.838+0000][gc,start    ] GC(329) Pause Young (Normal) (G1 Evacuation Pause)
[2025-12-25T01:56:44.839+0000][gc,task     ] GC(329) Using 8 workers of 8 for evacuation
[2025-12-25T01:56:44.852+0000][gc,phases   ] GC(329)   Pre Evacuate Collection Set: 1.2ms
[2025-12-25T01:56:44.852+0000][gc,phases   ] GC(329)   Merge Heap Roots: 0.2ms
[2025-12-25T01:56:44.852+0000][gc,phases   ] GC(329)   Evacuate Collection Set: 10.6ms
[2025-12-25T01:56:44.852+0000][gc,phases   ] GC(329)   Post Evacuate Collection Set: 1.2ms
[2025-12-25T01:56:44.852+0000][gc,phases   ] GC(329)   Other: 0.3ms
[2025-12-25T01:56:44.852+0000][gc,heap     ] GC(329) Eden regions: 610->0(610)
[2025-12-25T01:56:44.852+0000][gc,heap     ] GC(329) Survivor regions: 4->4(77)
[2025-12-25T01:56:44.852+0000][gc,heap     ] GC(329) Old regions: 33->33
[2025-12-25T01:56:44.853+0000][gc,heap     ] GC(329) Humongous regions: 31->31
[2025-12-25T01:56:44.853+0000][gc,metaspace] GC(329) Metaspace: 12514K(13056K)->12514K(13056K) NonClass: 11430K(11712K)->11430K(11712K) Class: 1083K(1344K)->1083K(1344K)
[2025-12-25T01:56:44.853+0000][gc          ] GC(329) Pause Young (Normal) (G1 Evacuation Pause) 676M->67M(1024M) 14.674ms
[2025-12-25T01:56:44.853+0000][gc,cpu      ] GC(329) User=0.09s Sys=0.00s Real=0.01s
[2025-12-25T01:57:35.007+0000][gc,start    ] GC(330) Pause Young (Normal) (G1 Evacuation Pause)
[2025-12-25T01:57:35.008+0000][gc,task     ] GC(330) Using 8 workers of 8 for evacuation
[2025-12-25T01:57:35.020+0000][gc,phases   ] GC(330)   Pre Evacuate Collection Set: 2.9ms
[2025-12-25T01:57:35.020+0000][gc,phases   ] GC(330)   Merge Heap Roots: 0.6ms
[2025-12-25T01:57:35.020+0000][gc,phases   ] GC(330)   Evacuate Collection Set: 7.8ms
[2025-12-25T01:57:35.021+0000][gc,phases   ] GC(330)   Post Evacuate Collection Set: 1.2ms
[2025-12-25T01:57:35.021+0000][gc,phases   ] GC(330)   Other: 0.4ms
[2025-12-25T01:57:35.021+0000][gc,heap     ] GC(330) Eden regions: 610->0(609)
[2025-12-25T01:57:35.021+0000][gc,heap     ] GC(330) Survivor regions: 4->5(77)
[2025-12-25T01:57:35.021+0000][gc,heap     ] GC(330) Old regions: 33->33
[2025-12-25T01:57:35.021+0000][gc,heap     ] GC(330) Humongous regions: 31->31
[2025-12-25T01:57:35.021+0000][gc,metaspace] GC(330) Metaspace: 12525K(13056K)->12525K(13056K) NonClass: 11441K(11712K)->11441K(11712K) Class: 1083K(1344K)->1083K(1344K)
[2025-12-25T01:57:35.021+0000][gc          ] GC(330) Pause Young (Normal) (G1 Evacuation Pause) 677M->68M(1024M) 14.244ms
[2025-12-25T01:57:35.021+0000][gc,cpu      ] GC(330) User=0.08s Sys=0.00s Real=0.02s
[2025-12-25T01:58:34.753+0000][gc,start    ] GC(331) Pause Young (Normal) (G1 Evacuation Pause)
[2025-12-25T01:58:34.754+0000][gc,task     ] GC(331) Using 8 workers of 8 for evacuation
[2025-12-25T01:58:34.767+0000][gc,phases   ] GC(331)   Pre Evacuate Collection Set: 2.9ms
[2025-12-25T01:58:34.768+0000][gc,phases   ] GC(331)   Merge Heap Roots: 0.4ms
[2025-12-25T01:58:34.768+0000][gc,phases   ] GC(331)   Evacuate Collection Set: 9.1ms
[2025-12-25T01:58:34.768+0000][gc,phases   ] GC(331)   Post Evacuate Collection Set: 1.1ms
[2025-12-25T01:58:34.768+0000][gc,phases   ] GC(331)   Other: 0.3ms
[2025-12-25T01:58:34.768+0000][gc,heap     ] GC(331) Eden regions: 609->0(610)
[2025-12-25T01:58:34.768+0000][gc,heap     ] GC(331) Survivor regions: 5->4(77)
[2025-12-25T01:58:34.768+0000][gc,heap     ] GC(331) Old regions: 33->33
[2025-12-25T01:58:34.768+0000][gc,heap     ] GC(331) Humongous regions: 31->31
[2025-12-25T01:58:34.768+0000][gc,metaspace] GC(331) Metaspace: 12525K(13056K)->12525K(13056K) NonClass: 11441K(11712K)->11441K(11712K) Class: 1083K(1344K)->1083K(1344K)
[2025-12-25T01:58:34.768+0000][gc          ] GC(331) Pause Young (Normal) (G1 Evacuation Pause) 677M->67M(1024M) 15.136ms
[2025-12-25T01:58:34.768+0000][gc,cpu      ] GC(331) User=0.09s Sys=0.00s Real=0.01s
[2025-12-25T01:59:24.903+0000][gc,start    ] GC(332) Pause Young (Normal) (G1 Evacuation Pause)
[2025-12-25T01:59:24.904+0000][gc,task     ] GC(332) Using 8 workers of 8 for evacuation
[2025-12-25T01:59:24.933+0000][gc,phases   ] GC(332)   Pre Evacuate Collection Set: 2.8ms
[2025-12-25T01:59:24.934+0000][gc,phases   ] GC(332)   Merge Heap Roots: 1.9ms
[2025-12-25T01:59:24.934+0000][gc,phases   ] GC(332)   Evacuate Collection Set: 21.4ms
[2025-12-25T01:59:24.934+0000][gc,phases   ] GC(332)   Post Evacuate Collection Set: 2.7ms
[2025-12-25T01:59:24.934+0000][gc,phases   ] GC(332)   Other: 0.9ms
[2025-12-25T01:59:24.934+0000][gc,heap     ] GC(332) Eden regions: 610->0(609)
[2025-12-25T01:59:24.934+0000][gc,heap     ] GC(332) Survivor regions: 4->5(77)
[2025-12-25T01:59:24.934+0000][gc,heap     ] GC(332) Old regions: 33->33
[2025-12-25T01:59:24.934+0000][gc,heap     ] GC(332) Humongous regions: 31->31
[2025-12-25T01:59:24.934+0000][gc,metaspace] GC(332) Metaspace: 12525K(13056K)->12525K(13056K) NonClass: 11441K(11712K)->11441K(11712K) Class: 1083K(1344K)->1083K(1344K)
[2025-12-25T01:59:24.934+0000][gc          ] GC(332) Pause Young (Normal) (G1 Evacuation Pause) 677M->68M(1024M) 31.553ms
[2025-12-25T01:59:24.934+0000][gc,cpu      ] GC(332) User=0.06s Sys=0.01s Real=0.03s
[2025-12-25T02:00:15.011+0000][gc,start    ] GC(333) Pause Young (Normal) (G1 Evacuation Pause)
[2025-12-25T02:00:15.012+0000][gc,task     ] GC(333) Using 8 workers of 8 for evacuation
[2025-12-25T02:00:15.023+0000][gc,phases   ] GC(333)   Pre Evacuate Collection Set: 1.8ms
[2025-12-25T02:00:15.023+0000][gc,phases   ] GC(333)   Merge Heap Roots: 0.3ms
[2025-12-25T02:00:15.023+0000][gc,phases   ] GC(333)   Evacuate Collection Set: 7.4ms
[2025-12-25T02:00:15.023+0000][gc,phases   ] GC(333)   Post Evacuate Collection Set: 1.0ms
[2025-12-25T02:00:15.023+0000][gc,phases   ] GC(333)   Other: 0.3ms
[2025-12-25T02:00:15.023+0000][gc,heap     ] GC(333) Eden regions: 609->0(610)
[2025-12-25T02:00:15.023+0000][gc,heap     ] GC(333) Survivor regions: 5->4(77)
[2025-12-25T02:00:15.023+0000][gc,heap     ] GC(333) Old regions: 33->34
[2025-12-25T02:00:15.023+0000][gc,heap     ] GC(333) Humongous regions: 31->31
[2025-12-25T02:00:15.023+0000][gc,metaspace] GC(333) Metaspace: 12525K(13056K)->12525K(13056K) NonClass: 11441K(11712K)->11441K(11712K) Class: 1083K(1344K)->1083K(1344K)
[2025-12-25T02:00:15.023+0000][gc          ] GC(333) Pause Young (Normal) (G1 Evacuation Pause) 677M->68M(1024M) 12.067ms
[2025-12-25T02:00:15.023+0000][gc,cpu      ] GC(333) User=0.07s Sys=0.00s Real=0.01s
[2025-12-25T02:01:14.809+0000][gc,start    ] GC(334) Pause Young (Normal) (G1 Evacuation Pause)
[2025-12-25T02:01:14.811+0000][gc,task     ] GC(334) Using 8 workers of 8 for evacuation
[2025-12-25T02:01:14.825+0000][gc,phases   ] GC(334)   Pre Evacuate Collection Set: 1.4ms
[2025-12-25T02:01:14.825+0000][gc,phases   ] GC(334)   Merge Heap Roots: 0.2ms
[2025-12-25T02:01:14.825+0000][gc,phases   ] GC(334)   Evacuate Collection Set: 9.3ms
[2025-12-25T02:01:14.825+0000][gc,phases   ] GC(334)   Post Evacuate Collection Set: 2.4ms
[2025-12-25T02:01:14.825+0000][gc,phases   ] GC(334)   Other: 0.4ms
[2025-12-25T02:01:14.825+0000][gc,heap     ] GC(334) Eden regions: 610->0(610)
[2025-12-25T02:01:14.825+0000][gc,heap     ] GC(334) Survivor regions: 4->4(77)
[2025-12-25T02:01:14.825+0000][gc,heap     ] GC(334) Old regions: 34->34
[2025-12-25T02:01:14.825+0000][gc,heap     ] GC(334) Humongous regions: 31->31
[2025-12-25T02:01:14.826+0000][gc,metaspace] GC(334) Metaspace: 12527K(13056K)->12527K(13056K) NonClass: 11443K(11712K)->11443K(11712K) Class: 1083K(1344K)->1083K(1344K)
[2025-12-25T02:01:14.826+0000][gc          ] GC(334) Pause Young (Normal) (G1 Evacuation Pause) 678M->67M(1024M) 16.677ms
[2025-12-25T02:01:14.826+0000][gc,cpu      ] GC(334) User=0.08s Sys=0.01s Real=0.02s
[2025-12-25T02:02:04.949+0000][gc,start    ] GC(335) Pause Young (Normal) (G1 Evacuation Pause)
[2025-12-25T02:02:04.949+0000][gc,task     ] GC(335) Using 8 workers of 8 for evacuation
[2025-12-25T02:02:04.965+0000][gc,phases   ] GC(335)   Pre Evacuate Collection Set: 4.0ms
[2025-12-25T02:02:04.965+0000][gc,phases   ] GC(335)   Merge Heap Roots: 0.4ms
[2025-12-25T02:02:04.965+0000][gc,phases   ] GC(335)   Evacuate Collection Set: 9.6ms
[2025-12-25T02:02:04.965+0000][gc,phases   ] GC(335)   Post Evacuate Collection Set: 1.0ms
[2025-12-25T02:02:04.965+0000][gc,phases   ] GC(335)   Other: 0.2ms
[2025-12-25T02:02:04.965+0000][gc,heap     ] GC(335) Eden regions: 610->0(609)
[2025-12-25T02:02:04.965+0000][gc,heap     ] GC(335) Survivor regions: 4->5(77)
[2025-12-25T02:02:04.965+0000][gc,heap     ] GC(335) Old regions: 34->34
[2025-12-25T02:02:04.965+0000][gc,heap     ] GC(335) Humongous regions: 31->31
[2025-12-25T02:02:04.965+0000][gc,metaspace] GC(335) Metaspace: 12527K(13056K)->12527K(13056K) NonClass: 11443K(11712K)->11443K(11712K) Class: 1083K(1344K)->1083K(1344K)
[2025-12-25T02:02:04.965+0000][gc          ] GC(335) Pause Young (Normal) (G1 Evacuation Pause) 677M->68M(1024M) 16.222ms
[2025-12-25T02:02:04.965+0000][gc,cpu      ] GC(335) User=0.11s Sys=0.00s Real=0.01s
[2025-12-25T02:03:04.736+0000][gc,start    ] GC(336) Pause Young (Normal) (G1 Evacuation Pause)
[2025-12-25T02:03:04.736+0000][gc,task     ] GC(336) Using 8 workers of 8 for evacuation
[2025-12-25T02:03:04.747+0000][gc,phases   ] GC(336)   Pre Evacuate Collection Set: 1.3ms
[2025-12-25T02:03:04.747+0000][gc,phases   ] GC(336)   Merge Heap Roots: 0.2ms
[2025-12-25T02:03:04.747+0000][gc,phases   ] GC(336)   Evacuate Collection Set: 4.8ms
[2025-12-25T02:03:04.747+0000][gc,phases   ] GC(336)   Post Evacuate Collection Set: 3.8ms
[2025-12-25T02:03:04.747+0000][gc,phases   ] GC(336)   Other: 0.5ms
[2025-12-25T02:03:04.748+0000][gc,heap     ] GC(336) Eden regions: 609->0(611)
[2025-12-25T02:03:04.748+0000][gc,heap     ] GC(336) Survivor regions: 5->3(77)
[2025-12-25T02:03:04.748+0000][gc,heap     ] GC(336) Old regions: 34->35
[2025-12-25T02:03:04.748+0000][gc,heap     ] GC(336) Humongous regions: 31->31
[2025-12-25T02:03:04.748+0000][gc,metaspace] GC(336) Metaspace: 12527K(13056K)->12527K(13056K) NonClass: 11443K(11712K)->11443K(11712K) Class: 1083K(1344K)->1083K(1344K)
[2025-12-25T02:03:04.748+0000][gc          ] GC(336) Pause Young (Normal) (G1 Evacuation Pause) 677M->67M(1024M) 12.744ms
[2025-12-25T02:03:04.749+0000][gc,cpu      ] GC(336) User=0.07s Sys=0.00s Real=0.02s
[2025-12-25T02:03:55.063+0000][gc,start    ] GC(337) Pause Young (Normal) (G1 Evacuation Pause)
[2025-12-25T02:03:55.064+0000][gc,task     ] GC(337) Using 8 workers of 8 for evacuation
[2025-12-25T02:03:55.083+0000][gc,phases   ] GC(337)   Pre Evacuate Collection Set: 2.6ms
[2025-12-25T02:03:55.083+0000][gc,phases   ] GC(337)   Merge Heap Roots: 1.0ms
[2025-12-25T02:03:55.083+0000][gc,phases   ] GC(337)   Evacuate Collection Set: 14.2ms
[2025-12-25T02:03:55.083+0000][gc,phases   ] GC(337)   Post Evacuate Collection Set: 1.5ms
[2025-12-25T02:03:55.084+0000][gc,phases   ] GC(337)   Other: 0.2ms
[2025-12-25T02:03:55.084+0000][gc,heap     ] GC(337) Eden regions: 611->0(610)
[2025-12-25T02:03:55.084+0000][gc,heap     ] GC(337) Survivor regions: 3->4(77)
[2025-12-25T02:03:55.084+0000][gc,heap     ] GC(337) Old regions: 35->35
[2025-12-25T02:03:55.084+0000][gc,heap     ] GC(337) Humongous regions: 31->31
[2025-12-25T02:03:55.084+0000][gc,metaspace] GC(337) Metaspace: 12527K(13056K)->12527K(13056K) NonClass: 11443K(11712K)->11443K(11712K) Class: 1083K(1344K)->1083K(1344K)
[2025-12-25T02:03:55.084+0000][gc          ] GC(337) Pause Young (Normal) (G1 Evacuation Pause) 678M->68M(1024M) 20.722ms
[2025-12-25T02:03:55.084+0000][gc,cpu      ] GC(337) User=0.12s Sys=0.01s Real=0.02s
[2025-12-25T02:04:45.020+0000][gc,start    ] GC(338) Pause Young (Normal) (G1 Evacuation Pause)
[2025-12-25T02:04:45.020+0000][gc,task     ] GC(338) Using 8 workers of 8 for evacuation
[2025-12-25T02:04:45.034+0000][gc,phases   ] GC(338)   Pre Evacuate Collection Set: 2.0ms
[2025-12-25T02:04:45.034+0000][gc,phases   ] GC(338)   Merge Heap Roots: 0.2ms
[2025-12-25T02:04:45.034+0000][gc,phases   ] GC(338)   Evacuate Collection Set: 9.0ms
[2025-12-25T02:04:45.034+0000][gc,phases   ] GC(338)   Post Evacuate Collection Set: 1.8ms
[2025-12-25T02:04:45.035+0000][gc,phases   ] GC(338)   Other: 0.4ms
[2025-12-25T02:04:45.035+0000][gc,heap     ] GC(338) Eden regions: 610->0(610)
[2025-12-25T02:04:45.035+0000][gc,heap     ] GC(338) Survivor regions: 4->4(77)
[2025-12-25T02:04:45.035+0000][gc,heap     ] GC(338) Old regions: 35->35
[2025-12-25T02:04:45.035+0000][gc,heap     ] GC(338) Humongous regions: 31->31
[2025-12-25T02:04:45.035+0000][gc,metaspace] GC(338) Metaspace: 12527K(13056K)->12527K(13056K) NonClass: 11443K(11712K)->11443K(11712K) Class: 1083K(1344K)->1083K(1344K)
[2025-12-25T02:04:45.035+0000][gc          ] GC(338) Pause Young (Normal) (G1 Evacuation Pause) 678M->68M(1024M) 15.452ms
[2025-12-25T02:04:45.035+0000][gc,cpu      ] GC(338) User=0.04s Sys=0.01s Real=0.02s
[2025-12-25T02:05:44.798+0000][gc,start    ] GC(339) Pause Young (Normal) (G1 Evacuation Pause)
[2025-12-25T02:05:44.799+0000][gc,task     ] GC(339) Using 8 workers of 8 for evacuation
[2025-12-25T02:05:44.814+0000][gc,phases   ] GC(339)   Pre Evacuate Collection Set: 2.0ms
[2025-12-25T02:05:44.814+0000][gc,phases   ] GC(339)   Merge Heap Roots: 0.7ms
[2025-12-25T02:05:44.814+0000][gc,phases   ] GC(339)   Evacuate Collection Set: 11.1ms
[2025-12-25T02:05:44.814+0000][gc,phases   ] GC(339)   Post Evacuate Collection Set: 1.4ms
[2025-12-25T02:05:44.814+0000][gc,phases   ] GC(339)   Other: 0.2ms
[2025-12-25T02:05:44.814+0000][gc,heap     ] GC(339) Eden regions: 610->0(611)
[2025-12-25T02:05:44.814+0000][gc,heap     ] GC(339) Survivor regions: 4->3(77)
[2025-12-25T02:05:44.814+0000][gc,heap     ] GC(339) Old regions: 35->35
[2025-12-25T02:05:44.815+0000][gc,heap     ] GC(339) Humongous regions: 31->31
[2025-12-25T02:05:44.815+0000][gc,metaspace] GC(339) Metaspace: 12527K(13056K)->12527K(13056K) NonClass: 11443K(11712K)->11443K(11712K) Class: 1083K(1344K)->1083K(1344K)
[2025-12-25T02:05:44.815+0000][gc          ] GC(339) Pause Young (Normal) (G1 Evacuation Pause) 678M->68M(1024M) 16.407ms
[2025-12-25T02:05:44.815+0000][gc,cpu      ] GC(339) User=0.11s Sys=0.00s Real=0.02s
[2025-12-25T02:06:34.946+0000][gc,start    ] GC(340) Pause Young (Normal) (G1 Evacuation Pause)
[2025-12-25T02:06:34.946+0000][gc,task     ] GC(340) Using 8 workers of 8 for evacuation
[2025-12-25T02:06:34.959+0000][gc,phases   ] GC(340)   Pre Evacuate Collection Set: 1.1ms
[2025-12-25T02:06:34.959+0000][gc,phases   ] GC(340)   Merge Heap Roots: 0.2ms
[2025-12-25T02:06:34.959+0000][gc,phases   ] GC(340)   Evacuate Collection Set: 10.2ms
[2025-12-25T02:06:34.959+0000][gc,phases   ] GC(340)   Post Evacuate Collection Set: 1.1ms
[2025-12-25T02:06:34.959+0000][gc,phases   ] GC(340)   Other: 0.2ms
[2025-12-25T02:06:34.959+0000][gc,heap     ] GC(340) Eden regions: 611->0(610)
[2025-12-25T02:06:34.959+0000][gc,heap     ] GC(340) Survivor regions: 3->4(77)
[2025-12-25T02:06:34.959+0000][gc,heap     ] GC(340) Old regions: 35->35
[2025-12-25T02:06:34.959+0000][gc,heap     ] GC(340) Humongous regions: 31->31
[2025-12-25T02:06:34.959+0000][gc,metaspace] GC(340) Metaspace: 12527K(13056K)->12527K(13056K) NonClass: 11443K(11712K)->11443K(11712K) Class: 1083K(1344K)->1083K(1344K)
[2025-12-25T02:06:34.959+0000][gc          ] GC(340) Pause Young (Normal) (G1 Evacuation Pause) 679M->68M(1024M) 13.731ms
[2025-12-25T02:06:34.960+0000][gc,cpu      ] GC(340) User=0.08s Sys=0.00s Real=0.01s
[2025-12-25T02:07:34.887+0000][gc,start    ] GC(341) Pause Young (Normal) (G1 Evacuation Pause)
[2025-12-25T02:07:34.888+0000][gc,task     ] GC(341) Using 8 workers of 8 for evacuation
[2025-12-25T02:07:34.936+0000][gc,phases   ] GC(341)   Pre Evacuate Collection Set: 8.5ms
[2025-12-25T02:07:34.936+0000][gc,phases   ] GC(341)   Merge Heap Roots: 1.0ms
[2025-12-25T02:07:34.936+0000][gc,phases   ] GC(341)   Evacuate Collection Set: 31.0ms
[2025-12-25T02:07:34.936+0000][gc,phases   ] GC(341)   Post Evacuate Collection Set: 6.6ms
[2025-12-25T02:07:34.937+0000][gc,phases   ] GC(341)   Other: 0.9ms
[2025-12-25T02:07:34.937+0000][gc,heap     ] GC(341) Eden regions: 610->0(611)
[2025-12-25T02:07:34.937+0000][gc,heap     ] GC(341) Survivor regions: 4->3(77)
[2025-12-25T02:07:34.937+0000][gc,heap     ] GC(341) Old regions: 35->35
[2025-12-25T02:07:34.937+0000][gc,heap     ] GC(341) Humongous regions: 31->31
[2025-12-25T02:07:34.937+0000][gc,metaspace] GC(341) Metaspace: 12527K(13056K)->12527K(13056K) NonClass: 11443K(11712K)->11443K(11712K) Class: 1083K(1344K)->1083K(1344K)
[2025-12-25T02:07:34.938+0000][gc          ] GC(341) Pause Young (Normal) (G1 Evacuation Pause) 678M->67M(1024M) 51.007ms
[2025-12-25T02:07:34.938+0000][gc,cpu      ] GC(341) User=0.22s Sys=0.01s Real=0.05s
[2025-12-25T02:08:24.981+0000][gc,start    ] GC(342) Pause Young (Normal) (G1 Evacuation Pause)
[2025-12-25T02:08:24.983+0000][gc,task     ] GC(342) Using 8 workers of 8 for evacuation
[2025-12-25T02:08:24.999+0000][gc,phases   ] GC(342)   Pre Evacuate Collection Set: 5.4ms
[2025-12-25T02:08:24.999+0000][gc,phases   ] GC(342)   Merge Heap Roots: 0.6ms
[2025-12-25T02:08:25.000+0000][gc,phases   ] GC(342)   Evacuate Collection Set: 8.3ms
[2025-12-25T02:08:25.000+0000][gc,phases   ] GC(342)   Post Evacuate Collection Set: 1.5ms
[2025-12-25T02:08:25.000+0000][gc,phases   ] GC(342)   Other: 0.2ms
[2025-12-25T02:08:25.000+0000][gc,heap     ] GC(342) Eden regions: 611->0(610)
[2025-12-25T02:08:25.000+0000][gc,heap     ] GC(342) Survivor regions: 3->4(77)
[2025-12-25T02:08:25.000+0000][gc,heap     ] GC(342) Old regions: 35->35
[2025-12-25T02:08:25.000+0000][gc,heap     ] GC(342) Humongous regions: 31->31
[2025-12-25T02:08:25.000+0000][gc,metaspace] GC(342) Metaspace: 12527K(13056K)->12527K(13056K) NonClass: 11443K(11712K)->11443K(11712K) Class: 1083K(1344K)->1083K(1344K)
[2025-12-25T02:08:25.000+0000][gc          ] GC(342) Pause Young (Normal) (G1 Evacuation Pause) 678M->68M(1024M) 18.624ms
[2025-12-25T02:08:25.000+0000][gc,cpu      ] GC(342) User=0.09s Sys=0.00s Real=0.02s
[2025-12-25T02:09:14.998+0000][gc,start    ] GC(343) Pause Young (Normal) (G1 Evacuation Pause)
[2025-12-25T02:09:14.998+0000][gc,task     ] GC(343) Using 8 workers of 8 for evacuation
[2025-12-25T02:09:15.007+0000][gc,phases   ] GC(343)   Pre Evacuate Collection Set: 1.0ms
[2025-12-25T02:09:15.007+0000][gc,phases   ] GC(343)   Merge Heap Roots: 0.2ms
[2025-12-25T02:09:15.007+0000][gc,phases   ] GC(343)   Evacuate Collection Set: 6.0ms
[2025-12-25T02:09:15.007+0000][gc,phases   ] GC(343)   Post Evacuate Collection Set: 1.0ms
[2025-12-25T02:09:15.007+0000][gc,phases   ] GC(343)   Other: 0.3ms
[2025-12-25T02:09:15.007+0000][gc,heap     ] GC(343) Eden regions: 610->0(610)
[2025-12-25T02:09:15.007+0000][gc,heap     ] GC(343) Survivor regions: 4->4(77)
[2025-12-25T02:09:15.007+0000][gc,heap     ] GC(343) Old regions: 35->35
[2025-12-25T02:09:15.007+0000][gc,heap     ] GC(343) Humongous regions: 31->31
[2025-12-25T02:09:15.007+0000][gc,metaspace] GC(343) Metaspace: 12527K(13056K)->12527K(13056K) NonClass: 11443K(11712K)->11443K(11712K) Class: 1083K(1344K)->1083K(1344K)
[2025-12-25T02:09:15.007+0000][gc          ] GC(343) Pause Young (Normal) (G1 Evacuation Pause) 678M->69M(1024M) 9.496ms
[2025-12-25T02:09:15.007+0000][gc,cpu      ] GC(343) User=0.04s Sys=0.00s Real=0.01s
[2025-12-25T02:10:14.801+0000][gc,start    ] GC(344) Pause Young (Normal) (G1 Evacuation Pause)
[2025-12-25T02:10:14.802+0000][gc,task     ] GC(344) Using 8 workers of 8 for evacuation
[2025-12-25T02:10:14.813+0000][gc,phases   ] GC(344)   Pre Evacuate Collection Set: 2.2ms
[2025-12-25T02:10:14.813+0000][gc,phases   ] GC(344)   Merge Heap Roots: 0.3ms
[2025-12-25T02:10:14.813+0000][gc,phases   ] GC(344)   Evacuate Collection Set: 7.2ms
[2025-12-25T02:10:14.813+0000][gc,phases   ] GC(344)   Post Evacuate Collection Set: 1.6ms
[2025-12-25T02:10:14.814+0000][gc,phases   ] GC(344)   Other: 0.2ms
[2025-12-25T02:10:14.814+0000][gc,heap     ] GC(344) Eden regions: 610->0(610)
[2025-12-25T02:10:14.814+0000][gc,heap     ] GC(344) Survivor regions: 4->4(77)
[2025-12-25T02:10:14.814+0000][gc,heap     ] GC(344) Old regions: 35->35
[2025-12-25T02:10:14.814+0000][gc,heap     ] GC(344) Humongous regions: 31->31
[2025-12-25T02:10:14.814+0000][gc,metaspace] GC(344) Metaspace: 12527K(13056K)->12527K(13056K) NonClass: 11443K(11712K)->11443K(11712K) Class: 1083K(1344K)->1083K(1344K)
[2025-12-25T02:10:14.814+0000][gc          ] GC(344) Pause Young (Normal) (G1 Evacuation Pause) 679M->68M(1024M) 13.005ms
[2025-12-25T02:10:14.814+0000][gc,cpu      ] GC(344) User=0.07s Sys=0.00s Real=0.01s
[2025-12-25T02:11:04.898+0000][gc,start    ] GC(345) Pause Young (Normal) (G1 Evacuation Pause)
[2025-12-25T02:11:04.899+0000][gc,task     ] GC(345) Using 8 workers of 8 for evacuation
[2025-12-25T02:11:04.911+0000][gc,phases   ] GC(345)   Pre Evacuate Collection Set: 5.5ms
[2025-12-25T02:11:04.911+0000][gc,phases   ] GC(345)   Merge Heap Roots: 0.3ms
[2025-12-25T02:11:04.911+0000][gc,phases   ] GC(345)   Evacuate Collection Set: 4.2ms
[2025-12-25T02:11:04.911+0000][gc,phases   ] GC(345)   Post Evacuate Collection Set: 0.9ms
[2025-12-25T02:11:04.911+0000][gc,phases   ] GC(345)   Other: 1.3ms
[2025-12-25T02:11:04.911+0000][gc,heap     ] GC(345) Eden regions: 610->0(610)
[2025-12-25T02:11:04.911+0000][gc,heap     ] GC(345) Survivor regions: 4->4(77)
[2025-12-25T02:11:04.911+0000][gc,heap     ] GC(345) Old regions: 35->35
[2025-12-25T02:11:04.911+0000][gc,heap     ] GC(345) Humongous regions: 31->31
[2025-12-25T02:11:04.911+0000][gc,metaspace] GC(345) Metaspace: 12527K(13056K)->12527K(13056K) NonClass: 11443K(11712K)->11443K(11712K) Class: 1083K(1344K)->1083K(1344K)
[2025-12-25T02:11:04.911+0000][gc          ] GC(345) Pause Young (Normal) (G1 Evacuation Pause) 678M->68M(1024M) 13.966ms
[2025-12-25T02:11:04.912+0000][gc,cpu      ] GC(345) User=0.07s Sys=0.00s Real=0.01s
[2025-12-25T02:12:04.687+0000][gc,start    ] GC(346) Pause Young (Normal) (G1 Evacuation Pause)
[2025-12-25T02:12:04.688+0000][gc,task     ] GC(346) Using 8 workers of 8 for evacuation
[2025-12-25T02:12:04.703+0000][gc,phases   ] GC(346)   Pre Evacuate Collection Set: 1.2ms
[2025-12-25T02:12:04.704+0000][gc,phases   ] GC(346)   Merge Heap Roots: 0.2ms
[2025-12-25T02:12:04.704+0000][gc,phases   ] GC(346)   Evacuate Collection Set: 11.3ms
[2025-12-25T02:12:04.704+0000][gc,phases   ] GC(346)   Post Evacuate Collection Set: 2.6ms
[2025-12-25T02:12:04.704+0000][gc,phases   ] GC(346)   Other: 0.2ms
[2025-12-25T02:12:04.704+0000][gc,heap     ] GC(346) Eden regions: 610->0(611)
[2025-12-25T02:12:04.704+0000][gc,heap     ] GC(346) Survivor regions: 4->3(77)
[2025-12-25T02:12:04.704+0000][gc,heap     ] GC(346) Old regions: 35->35
[2025-12-25T02:12:04.705+0000][gc,heap     ] GC(346) Humongous regions: 31->31
[2025-12-25T02:12:04.705+0000][gc,metaspace] GC(346) Metaspace: 12529K(13056K)->12529K(13056K) NonClass: 11445K(11712K)->11445K(11712K) Class: 1083K(1344K)->1083K(1344K)
[2025-12-25T02:12:04.705+0000][gc          ] GC(346) Pause Young (Normal) (G1 Evacuation Pause) 678M->68M(1024M) 17.960ms
[2025-12-25T02:12:04.705+0000][gc,cpu      ] GC(346) User=0.10s Sys=0.00s Real=0.02s
[2025-12-25T02:12:54.862+0000][gc,start    ] GC(347) Pause Young (Normal) (G1 Evacuation Pause)
[2025-12-25T02:12:54.862+0000][gc,task     ] GC(347) Using 8 workers of 8 for evacuation
[2025-12-25T02:12:54.876+0000][gc,phases   ] GC(347)   Pre Evacuate Collection Set: 1.0ms
[2025-12-25T02:12:54.876+0000][gc,phases   ] GC(347)   Merge Heap Roots: 0.2ms
[2025-12-25T02:12:54.876+0000][gc,phases   ] GC(347)   Evacuate Collection Set: 10.8ms
[2025-12-25T02:12:54.877+0000][gc,phases   ] GC(347)   Post Evacuate Collection Set: 2.1ms
[2025-12-25T02:12:54.877+0000][gc,phases   ] GC(347)   Other: 0.1ms
[2025-12-25T02:12:54.877+0000][gc,heap     ] GC(347) Eden regions: 611->0(610)
[2025-12-25T02:12:54.877+0000][gc,heap     ] GC(347) Survivor regions: 3->4(77)
[2025-12-25T02:12:54.877+0000][gc,heap     ] GC(347) Old regions: 35->35
[2025-12-25T02:12:54.877+0000][gc,heap     ] GC(347) Humongous regions: 31->31
[2025-12-25T02:12:54.877+0000][gc,metaspace] GC(347) Metaspace: 12529K(13056K)->12529K(13056K) NonClass: 11445K(11712K)->11445K(11712K) Class: 1083K(1344K)->1083K(1344K)
[2025-12-25T02:12:54.877+0000][gc          ] GC(347) Pause Young (Normal) (G1 Evacuation Pause) 679M->68M(1024M) 15.320ms
[2025-12-25T02:12:54.877+0000][gc,cpu      ] GC(347) User=0.10s Sys=0.00s Real=0.01s
[2025-12-25T02:13:45.792+0000][gc,start    ] GC(348) Pause Young (Normal) (G1 Evacuation Pause)
[2025-12-25T02:13:45.795+0000][gc,task     ] GC(348) Using 8 workers of 8 for evacuation
[2025-12-25T02:13:45.822+0000][gc,phases   ] GC(348)   Pre Evacuate Collection Set: 3.4ms
[2025-12-25T02:13:45.822+0000][gc,phases   ] GC(348)   Merge Heap Roots: 0.4ms
[2025-12-25T02:13:45.823+0000][gc,phases   ] GC(348)   Evacuate Collection Set: 19.3ms
[2025-12-25T02:13:45.823+0000][gc,phases   ] GC(348)   Post Evacuate Collection Set: 3.1ms
[2025-12-25T02:13:45.823+0000][gc,phases   ] GC(348)   Other: 1.2ms
[2025-12-25T02:13:45.824+0000][gc,heap     ] GC(348) Eden regions: 610->0(610)
[2025-12-25T02:13:45.825+0000][gc,heap     ] GC(348) Survivor regions: 4->4(77)
[2025-12-25T02:13:45.825+0000][gc,heap     ] GC(348) Old regions: 35->35
[2025-12-25T02:13:45.826+0000][gc,heap     ] GC(348) Humongous regions: 31->31
[2025-12-25T02:13:45.826+0000][gc,metaspace] GC(348) Metaspace: 12530K(13056K)->12530K(13056K) NonClass: 11446K(11712K)->11446K(11712K) Class: 1083K(1344K)->1083K(1344K)
[2025-12-25T02:13:45.827+0000][gc          ] GC(348) Pause Young (Normal) (G1 Evacuation Pause) 678M->69M(1024M) 34.769ms
[2025-12-25T02:13:45.827+0000][gc,cpu      ] GC(348) User=0.16s Sys=0.00s Real=0.03s
[2025-12-25T02:14:44.787+0000][gc,start    ] GC(349) Pause Young (Normal) (G1 Evacuation Pause)
[2025-12-25T02:14:44.787+0000][gc,task     ] GC(349) Using 8 workers of 8 for evacuation
[2025-12-25T02:14:44.802+0000][gc,phases   ] GC(349)   Pre Evacuate Collection Set: 1.1ms
[2025-12-25T02:14:44.802+0000][gc,phases   ] GC(349)   Merge Heap Roots: 0.2ms
[2025-12-25T02:14:44.802+0000][gc,phases   ] GC(349)   Evacuate Collection Set: 12.2ms
[2025-12-25T02:14:44.803+0000][gc,phases   ] GC(349)   Post Evacuate Collection Set: 1.4ms
[2025-12-25T02:14:44.803+0000][gc,phases   ] GC(349)   Other: 0.2ms
[2025-12-25T02:14:44.803+0000][gc,heap     ] GC(349) Eden regions: 610->0(611)
[2025-12-25T02:14:44.803+0000][gc,heap     ] GC(349) Survivor regions: 4->3(77)
[2025-12-25T02:14:44.803+0000][gc,heap     ] GC(349) Old regions: 35->35
[2025-12-25T02:14:44.803+0000][gc,heap     ] GC(349) Humongous regions: 31->31
[2025-12-25T02:14:44.803+0000][gc,metaspace] GC(349) Metaspace: 12537K(13056K)->12537K(13056K) NonClass: 11453K(11712K)->11453K(11712K) Class: 1083K(1344K)->1083K(1344K)
[2025-12-25T02:14:44.803+0000][gc          ] GC(349) Pause Young (Normal) (G1 Evacuation Pause) 679M->68M(1024M) 16.523ms
[2025-12-25T02:14:44.803+0000][gc,cpu      ] GC(349) User=0.11s Sys=0.00s Real=0.02s
[2025-12-25T02:15:35.014+0000][gc,start    ] GC(350) Pause Young (Normal) (G1 Evacuation Pause)
[2025-12-25T02:15:35.015+0000][gc,task     ] GC(350) Using 8 workers of 8 for evacuation
[2025-12-25T02:15:35.029+0000][gc,phases   ] GC(350)   Pre Evacuate Collection Set: 2.2ms
[2025-12-25T02:15:35.029+0000][gc,phases   ] GC(350)   Merge Heap Roots: 0.2ms
[2025-12-25T02:15:35.029+0000][gc,phases   ] GC(350)   Evacuate Collection Set: 9.4ms
[2025-12-25T02:15:35.029+0000][gc,phases   ] GC(350)   Post Evacuate Collection Set: 1.8ms
[2025-12-25T02:15:35.029+0000][gc,phases   ] GC(350)   Other: 0.4ms
[2025-12-25T02:15:35.029+0000][gc,heap     ] GC(350) Eden regions: 611->0(610)
[2025-12-25T02:15:35.029+0000][gc,heap     ] GC(350) Survivor regions: 3->4(77)
[2025-12-25T02:15:35.029+0000][gc,heap     ] GC(350) Old regions: 35->35
[2025-12-25T02:15:35.029+0000][gc,heap     ] GC(350) Humongous regions: 31->31
[2025-12-25T02:15:35.029+0000][gc,metaspace] GC(350) Metaspace: 12537K(13056K)->12537K(13056K) NonClass: 11453K(11712K)->11453K(11712K) Class: 1083K(1344K)->1083K(1344K)
[2025-12-25T02:15:35.029+0000][gc          ] GC(350) Pause Young (Normal) (G1 Evacuation Pause) 679M->69M(1024M) 15.228ms
[2025-12-25T02:15:35.029+0000][gc,cpu      ] GC(350) User=0.08s Sys=0.01s Real=0.01s
[2025-12-25T02:16:34.698+0000][gc,start    ] GC(351) Pause Young (Normal) (G1 Evacuation Pause)
[2025-12-25T02:16:34.698+0000][gc,task     ] GC(351) Using 8 workers of 8 for evacuation
[2025-12-25T02:16:34.713+0000][gc,phases   ] GC(351)   Pre Evacuate Collection Set: 1.4ms
[2025-12-25T02:16:34.713+0000][gc,phases   ] GC(351)   Merge Heap Roots: 0.2ms
[2025-12-25T02:16:34.713+0000][gc,phases   ] GC(351)   Evacuate Collection Set: 11.6ms
[2025-12-25T02:16:34.713+0000][gc,phases   ] GC(351)   Post Evacuate Collection Set: 1.2ms
[2025-12-25T02:16:34.713+0000][gc,phases   ] GC(351)   Other: 0.2ms
[2025-12-25T02:16:34.713+0000][gc,heap     ] GC(351) Eden regions: 610->0(611)
[2025-12-25T02:16:34.714+0000][gc,heap     ] GC(351) Survivor regions: 4->3(77)
[2025-12-25T02:16:34.714+0000][gc,heap     ] GC(351) Old regions: 35->35
[2025-12-25T02:16:34.714+0000][gc,heap     ] GC(351) Humongous regions: 31->31
[2025-12-25T02:16:34.714+0000][gc,metaspace] GC(351) Metaspace: 12537K(13056K)->12537K(13056K) NonClass: 11453K(11712K)->11453K(11712K) Class: 1083K(1344K)->1083K(1344K)
[2025-12-25T02:16:34.714+0000][gc          ] GC(351) Pause Young (Normal) (G1 Evacuation Pause) 679M->68M(1024M) 16.041ms
[2025-12-25T02:16:34.714+0000][gc,cpu      ] GC(351) User=0.09s Sys=0.01s Real=0.01s
[2025-12-25T02:17:24.866+0000][gc,start    ] GC(352) Pause Young (Normal) (G1 Evacuation Pause)
[2025-12-25T02:17:24.867+0000][gc,task     ] GC(352) Using 8 workers of 8 for evacuation
[2025-12-25T02:17:24.884+0000][gc,phases   ] GC(352)   Pre Evacuate Collection Set: 1.3ms
[2025-12-25T02:17:24.884+0000][gc,phases   ] GC(352)   Merge Heap Roots: 1.0ms
[2025-12-25T02:17:24.884+0000][gc,phases   ] GC(352)   Evacuate Collection Set: 12.8ms
[2025-12-25T02:17:24.884+0000][gc,phases   ] GC(352)   Post Evacuate Collection Set: 1.4ms
[2025-12-25T02:17:24.884+0000][gc,phases   ] GC(352)   Other: 0.7ms
[2025-12-25T02:17:24.884+0000][gc,heap     ] GC(352) Eden regions: 611->0(610)
[2025-12-25T02:17:24.884+0000][gc,heap     ] GC(352) Survivor regions: 3->4(77)
[2025-12-25T02:17:24.885+0000][gc,heap     ] GC(352) Old regions: 35->35
[2025-12-25T02:17:24.885+0000][gc,heap     ] GC(352) Humongous regions: 31->31
[2025-12-25T02:17:24.885+0000][gc,metaspace] GC(352) Metaspace: 12537K(13056K)->12537K(13056K) NonClass: 11453K(11712K)->11453K(11712K) Class: 1083K(1344K)->1083K(1344K)
[2025-12-25T02:17:24.885+0000][gc          ] GC(352) Pause Young (Normal) (G1 Evacuation Pause) 679M->69M(1024M) 18.611ms
[2025-12-25T02:17:24.885+0000][gc,cpu      ] GC(352) User=0.11s Sys=0.01s Real=0.01s
[2025-12-25T02:18:15.349+0000][gc,start    ] GC(353) Pause Young (Normal) (G1 Evacuation Pause)
[2025-12-25T02:18:15.349+0000][gc,task     ] GC(353) Using 8 workers of 8 for evacuation
[2025-12-25T02:18:15.359+0000][gc,phases   ] GC(353)   Pre Evacuate Collection Set: 1.2ms
[2025-12-25T02:18:15.359+0000][gc,phases   ] GC(353)   Merge Heap Roots: 0.2ms
[2025-12-25T02:18:15.359+0000][gc,phases   ] GC(353)   Evacuate Collection Set: 5.3ms
[2025-12-25T02:18:15.359+0000][gc,phases   ] GC(353)   Post Evacuate Collection Set: 2.3ms
[2025-12-25T02:18:15.359+0000][gc,phases   ] GC(353)   Other: 0.7ms
[2025-12-25T02:18:15.359+0000][gc,heap     ] GC(353) Eden regions: 610->0(610)
[2025-12-25T02:18:15.359+0000][gc,heap     ] GC(353) Survivor regions: 4->4(77)
[2025-12-25T02:18:15.359+0000][gc,heap     ] GC(353) Old regions: 35->35
[2025-12-25T02:18:15.359+0000][gc,heap     ] GC(353) Humongous regions: 31->31
[2025-12-25T02:18:15.360+0000][gc,metaspace] GC(353) Metaspace: 12537K(13056K)->12537K(13056K) NonClass: 11453K(11712K)->11453K(11712K) Class: 1083K(1344K)->1083K(1344K)
[2025-12-25T02:18:15.360+0000][gc          ] GC(353) Pause Young (Normal) (G1 Evacuation Pause) 679M->69M(1024M) 11.387ms
[2025-12-25T02:18:15.360+0000][gc,cpu      ] GC(353) User=0.05s Sys=0.00s Real=0.01s
[2025-12-25T02:19:14.792+0000][gc,start    ] GC(354) Pause Young (Normal) (G1 Evacuation Pause)
[2025-12-25T02:19:14.793+0000][gc,task     ] GC(354) Using 8 workers of 8 for evacuation
[2025-12-25T02:19:14.805+0000][gc,phases   ] GC(354)   Pre Evacuate Collection Set: 1.1ms
[2025-12-25T02:19:14.805+0000][gc,phases   ] GC(354)   Merge Heap Roots: 0.2ms
[2025-12-25T02:19:14.805+0000][gc,phases   ] GC(354)   Evacuate Collection Set: 10.1ms
[2025-12-25T02:19:14.805+0000][gc,phases   ] GC(354)   Post Evacuate Collection Set: 1.1ms
[2025-12-25T02:19:14.805+0000][gc,phases   ] GC(354)   Other: 0.2ms
[2025-12-25T02:19:14.805+0000][gc,heap     ] GC(354) Eden regions: 610->0(611)
[2025-12-25T02:19:14.806+0000][gc,heap     ] GC(354) Survivor regions: 4->3(77)
[2025-12-25T02:19:14.806+0000][gc,heap     ] GC(354) Old regions: 35->36
[2025-12-25T02:19:14.806+0000][gc,heap     ] GC(354) Humongous regions: 31->31
[2025-12-25T02:19:14.806+0000][gc,metaspace] GC(354) Metaspace: 12537K(13056K)->12537K(13056K) NonClass: 11453K(11712K)->11453K(11712K) Class: 1083K(1344K)->1083K(1344K)
[2025-12-25T02:19:14.806+0000][gc          ] GC(354) Pause Young (Normal) (G1 Evacuation Pause) 679M->68M(1024M) 13.783ms
[2025-12-25T02:19:14.806+0000][gc,cpu      ] GC(354) User=0.08s Sys=0.00s Real=0.01s
[2025-12-25T02:20:07.388+0000][gc,start    ] GC(355) Pause Young (Normal) (G1 Evacuation Pause)
[2025-12-25T02:20:07.388+0000][gc,task     ] GC(355) Using 8 workers of 8 for evacuation
[2025-12-25T02:20:07.413+0000][gc,phases   ] GC(355)   Pre Evacuate Collection Set: 2.9ms
[2025-12-25T02:20:07.413+0000][gc,phases   ] GC(355)   Merge Heap Roots: 0.9ms
[2025-12-25T02:20:07.413+0000][gc,phases   ] GC(355)   Evacuate Collection Set: 15.7ms
[2025-12-25T02:20:07.413+0000][gc,phases   ] GC(355)   Post Evacuate Collection Set: 4.1ms
[2025-12-25T02:20:07.413+0000][gc,phases   ] GC(355)   Other: 0.6ms
[2025-12-25T02:20:07.413+0000][gc,heap     ] GC(355) Eden regions: 611->0(610)
[2025-12-25T02:20:07.413+0000][gc,heap     ] GC(355) Survivor regions: 3->4(77)
[2025-12-25T02:20:07.413+0000][gc,heap     ] GC(355) Old regions: 36->36
[2025-12-25T02:20:07.413+0000][gc,heap     ] GC(355) Humongous regions: 31->31
[2025-12-25T02:20:07.413+0000][gc,metaspace] GC(355) Metaspace: 12537K(13056K)->12537K(13056K) NonClass: 11453K(11712K)->11453K(11712K) Class: 1083K(1344K)->1083K(1344K)
[2025-12-25T02:20:07.413+0000][gc          ] GC(355) Pause Young (Normal) (G1 Evacuation Pause) 679M->69M(1024M) 25.748ms
[2025-12-25T02:20:07.414+0000][gc,cpu      ] GC(355) User=0.13s Sys=0.00s Real=0.03s
[2025-12-25T02:20:55.109+0000][gc,start    ] GC(356) Pause Young (Normal) (G1 Evacuation Pause)
[2025-12-25T02:20:55.109+0000][gc,task     ] GC(356) Using 8 workers of 8 for evacuation
[2025-12-25T02:20:55.116+0000][gc,phases   ] GC(356)   Pre Evacuate Collection Set: 1.2ms
[2025-12-25T02:20:55.116+0000][gc,phases   ] GC(356)   Merge Heap Roots: 0.2ms
[2025-12-25T02:20:55.116+0000][gc,phases   ] GC(356)   Evacuate Collection Set: 3.7ms
[2025-12-25T02:20:55.116+0000][gc,phases   ] GC(356)   Post Evacuate Collection Set: 1.0ms
[2025-12-25T02:20:55.116+0000][gc,phases   ] GC(356)   Other: 0.2ms
[2025-12-25T02:20:55.116+0000][gc,heap     ] GC(356) Eden regions: 610->0(611)
[2025-12-25T02:20:55.116+0000][gc,heap     ] GC(356) Survivor regions: 4->3(77)
[2025-12-25T02:20:55.116+0000][gc,heap     ] GC(356) Old regions: 36->36
[2025-12-25T02:20:55.116+0000][gc,heap     ] GC(356) Humongous regions: 31->31
[2025-12-25T02:20:55.116+0000][gc,metaspace] GC(356) Metaspace: 12537K(13056K)->12537K(13056K) NonClass: 11453K(11712K)->11453K(11712K) Class: 1083K(1344K)->1083K(1344K)
[2025-12-25T02:20:55.116+0000][gc          ] GC(356) Pause Young (Normal) (G1 Evacuation Pause) 679M->68M(1024M) 7.355ms
[2025-12-25T02:20:55.116+0000][gc,cpu      ] GC(356) User=0.03s Sys=0.00s Real=0.01s
[2025-12-25T02:21:54.852+0000][gc,start    ] GC(357) Pause Young (Normal) (G1 Evacuation Pause)
[2025-12-25T02:21:54.853+0000][gc,task     ] GC(357) Using 8 workers of 8 for evacuation
[2025-12-25T02:21:54.871+0000][gc,phases   ] GC(357)   Pre Evacuate Collection Set: 1.0ms
[2025-12-25T02:21:54.871+0000][gc,phases   ] GC(357)   Merge Heap Roots: 1.3ms
[2025-12-25T02:21:54.871+0000][gc,phases   ] GC(357)   Evacuate Collection Set: 14.2ms
[2025-12-25T02:21:54.871+0000][gc,phases   ] GC(357)   Post Evacuate Collection Set: 1.3ms
[2025-12-25T02:21:54.871+0000][gc,phases   ] GC(357)   Other: 0.4ms
[2025-12-25T02:21:54.871+0000][gc,heap     ] GC(357) Eden regions: 611->0(610)
[2025-12-25T02:21:54.871+0000][gc,heap     ] GC(357) Survivor regions: 3->4(77)
[2025-12-25T02:21:54.871+0000][gc,heap     ] GC(357) Old regions: 36->36
[2025-12-25T02:21:54.871+0000][gc,heap     ] GC(357) Humongous regions: 31->31
[2025-12-25T02:21:54.871+0000][gc,metaspace] GC(357) Metaspace: 12537K(13056K)->12537K(13056K) NonClass: 11453K(11712K)->11453K(11712K) Class: 1083K(1344K)->1083K(1344K)
[2025-12-25T02:21:54.872+0000][gc          ] GC(357) Pause Young (Normal) (G1 Evacuation Pause) 679M->69M(1024M) 19.478ms
[2025-12-25T02:21:54.872+0000][gc,cpu      ] GC(357) User=0.12s Sys=0.01s Real=0.02s
[2025-12-25T02:22:44.986+0000][gc,start    ] GC(358) Pause Young (Normal) (G1 Evacuation Pause)
[2025-12-25T02:22:44.988+0000][gc,task     ] GC(358) Using 8 workers of 8 for evacuation
[2025-12-25T02:22:44.999+0000][gc,phases   ] GC(358)   Pre Evacuate Collection Set: 2.4ms
[2025-12-25T02:22:44.999+0000][gc,phases   ] GC(358)   Merge Heap Roots: 1.2ms
[2025-12-25T02:22:44.999+0000][gc,phases   ] GC(358)   Evacuate Collection Set: 4.4ms
[2025-12-25T02:22:44.999+0000][gc,phases   ] GC(358)   Post Evacuate Collection Set: 1.9ms
[2025-12-25T02:22:44.999+0000][gc,phases   ] GC(358)   Other: 1.3ms
[2025-12-25T02:22:44.999+0000][gc,heap     ] GC(358) Eden regions: 610->0(610)
[2025-12-25T02:22:44.999+0000][gc,heap     ] GC(358) Survivor regions: 4->4(77)
[2025-12-25T02:22:44.999+0000][gc,heap     ] GC(358) Old regions: 36->36
[2025-12-25T02:22:44.999+0000][gc,heap     ] GC(358) Humongous regions: 31->31
[2025-12-25T02:22:44.999+0000][gc,metaspace] GC(358) Metaspace: 12537K(13056K)->12537K(13056K) NonClass: 11453K(11712K)->11453K(11712K) Class: 1083K(1344K)->1083K(1344K)
[2025-12-25T02:22:45.000+0000][gc          ] GC(358) Pause Young (Normal) (G1 Evacuation Pause) 679M->70M(1024M) 13.158ms
[2025-12-25T02:22:45.000+0000][gc,cpu      ] GC(358) User=0.06s Sys=0.00s Real=0.01s
[2025-12-25T02:23:44.772+0000][gc,start    ] GC(359) Pause Young (Normal) (G1 Evacuation Pause)
[2025-12-25T02:23:44.772+0000][gc,task     ] GC(359) Using 8 workers of 8 for evacuation
[2025-12-25T02:23:44.783+0000][gc,phases   ] GC(359)   Pre Evacuate Collection Set: 1.5ms
[2025-12-25T02:23:44.783+0000][gc,phases   ] GC(359)   Merge Heap Roots: 0.2ms
[2025-12-25T02:23:44.783+0000][gc,phases   ] GC(359)   Evacuate Collection Set: 6.7ms
[2025-12-25T02:23:44.783+0000][gc,phases   ] GC(359)   Post Evacuate Collection Set: 2.1ms
[2025-12-25T02:23:44.783+0000][gc,phases   ] GC(359)   Other: 0.2ms
[2025-12-25T02:23:44.783+0000][gc,heap     ] GC(359) Eden regions: 610->0(610)
[2025-12-25T02:23:44.784+0000][gc,heap     ] GC(359) Survivor regions: 4->4(77)
[2025-12-25T02:23:44.784+0000][gc,heap     ] GC(359) Old regions: 36->36
[2025-12-25T02:23:44.784+0000][gc,heap     ] GC(359) Humongous regions: 31->31
[2025-12-25T02:23:44.784+0000][gc,metaspace] GC(359) Metaspace: 12537K(13056K)->12537K(13056K) NonClass: 11453K(11712K)->11453K(11712K) Class: 1083K(1344K)->1083K(1344K)
[2025-12-25T02:23:44.784+0000][gc          ] GC(359) Pause Young (Normal) (G1 Evacuation Pause) 680M->69M(1024M) 11.839ms
[2025-12-25T02:23:44.784+0000][gc,cpu      ] GC(359) User=0.06s Sys=0.00s Real=0.01s
[2025-12-25T02:24:34.956+0000][gc,start    ] GC(360) Pause Young (Normal) (G1 Evacuation Pause)
[2025-12-25T02:24:34.957+0000][gc,task     ] GC(360) Using 8 workers of 8 for evacuation
[2025-12-25T02:24:34.971+0000][gc,phases   ] GC(360)   Pre Evacuate Collection Set: 1.5ms
[2025-12-25T02:24:34.971+0000][gc,phases   ] GC(360)   Merge Heap Roots: 0.5ms
[2025-12-25T02:24:34.971+0000][gc,phases   ] GC(360)   Evacuate Collection Set: 10.0ms
[2025-12-25T02:24:34.971+0000][gc,phases   ] GC(360)   Post Evacuate Collection Set: 1.1ms
[2025-12-25T02:24:34.971+0000][gc,phases   ] GC(360)   Other: 0.6ms
[2025-12-25T02:24:34.971+0000][gc,heap     ] GC(360) Eden regions: 610->0(609)
[2025-12-25T02:24:34.971+0000][gc,heap     ] GC(360) Survivor regions: 4->5(77)
[2025-12-25T02:24:34.971+0000][gc,heap     ] GC(360) Old regions: 36->36
[2025-12-25T02:24:34.971+0000][gc,heap     ] GC(360) Humongous regions: 31->31
[2025-12-25T02:24:34.971+0000][gc,metaspace] GC(360) Metaspace: 12537K(13056K)->12537K(13056K) NonClass: 11453K(11712K)->11453K(11712K) Class: 1083K(1344K)->1083K(1344K)
[2025-12-25T02:24:34.972+0000][gc          ] GC(360) Pause Young (Normal) (G1 Evacuation Pause) 679M->70M(1024M) 15.276ms
[2025-12-25T02:24:34.972+0000][gc,cpu      ] GC(360) User=0.09s Sys=0.00s Real=0.02s
[2025-12-25T02:25:24.855+0000][gc,start    ] GC(361) Pause Young (Normal) (G1 Evacuation Pause)
[2025-12-25T02:25:24.856+0000][gc,task     ] GC(361) Using 8 workers of 8 for evacuation
[2025-12-25T02:25:24.873+0000][gc,phases   ] GC(361)   Pre Evacuate Collection Set: 1.0ms
[2025-12-25T02:25:24.873+0000][gc,phases   ] GC(361)   Merge Heap Roots: 0.2ms
[2025-12-25T02:25:24.873+0000][gc,phases   ] GC(361)   Evacuate Collection Set: 13.9ms
[2025-12-25T02:25:24.873+0000][gc,phases   ] GC(361)   Post Evacuate Collection Set: 2.0ms
[2025-12-25T02:25:24.874+0000][gc,phases   ] GC(361)   Other: 0.4ms
[2025-12-25T02:25:24.874+0000][gc,heap     ] GC(361) Eden regions: 609->0(609)
[2025-12-25T02:25:24.874+0000][gc,heap     ] GC(361) Survivor regions: 5->5(77)
[2025-12-25T02:25:24.874+0000][gc,heap     ] GC(361) Old regions: 36->36
[2025-12-25T02:25:24.874+0000][gc,heap     ] GC(361) Humongous regions: 31->31
[2025-12-25T02:25:24.874+0000][gc,metaspace] GC(361) Metaspace: 12537K(13056K)->12537K(13056K) NonClass: 11453K(11712K)->11453K(11712K) Class: 1083K(1344K)->1083K(1344K)
[2025-12-25T02:25:24.874+0000][gc          ] GC(361) Pause Young (Normal) (G1 Evacuation Pause) 679M->70M(1024M) 18.785ms
[2025-12-25T02:25:24.874+0000][gc,cpu      ] GC(361) User=0.11s Sys=0.01s Real=0.02s
[2025-12-25T02:26:24.627+0000][gc,start    ] GC(362) Pause Young (Normal) (G1 Evacuation Pause)
[2025-12-25T02:26:24.628+0000][gc,task     ] GC(362) Using 8 workers of 8 for evacuation
[2025-12-25T02:26:24.645+0000][gc,phases   ] GC(362)   Pre Evacuate Collection Set: 1.0ms
[2025-12-25T02:26:24.645+0000][gc,phases   ] GC(362)   Merge Heap Roots: 0.2ms
[2025-12-25T02:26:24.645+0000][gc,phases   ] GC(362)   Evacuate Collection Set: 13.5ms
[2025-12-25T02:26:24.645+0000][gc,phases   ] GC(362)   Post Evacuate Collection Set: 1.3ms
[2025-12-25T02:26:24.645+0000][gc,phases   ] GC(362)   Other: 0.5ms
[2025-12-25T02:26:24.645+0000][gc,heap     ] GC(362) Eden regions: 609->0(610)
[2025-12-25T02:26:24.645+0000][gc,heap     ] GC(362) Survivor regions: 5->4(77)
[2025-12-25T02:26:24.645+0000][gc,heap     ] GC(362) Old regions: 36->36
[2025-12-25T02:26:24.645+0000][gc,heap     ] GC(362) Humongous regions: 31->31
[2025-12-25T02:26:24.645+0000][gc,metaspace] GC(362) Metaspace: 12537K(13056K)->12537K(13056K) NonClass: 11453K(11712K)->11453K(11712K) Class: 1083K(1344K)->1083K(1344K)
[2025-12-25T02:26:24.645+0000][gc          ] GC(362) Pause Young (Normal) (G1 Evacuation Pause) 679M->70M(1024M) 18.336ms
[2025-12-25T02:26:24.645+0000][gc,cpu      ] GC(362) User=0.12s Sys=0.00s Real=0.02s
[2025-12-25T02:27:14.753+0000][gc,start    ] GC(363) Pause Young (Normal) (G1 Evacuation Pause)
[2025-12-25T02:27:14.754+0000][gc,task     ] GC(363) Using 8 workers of 8 for evacuation
[2025-12-25T02:27:14.773+0000][gc,phases   ] GC(363)   Pre Evacuate Collection Set: 1.1ms
[2025-12-25T02:27:14.773+0000][gc,phases   ] GC(363)   Merge Heap Roots: 0.2ms
[2025-12-25T02:27:14.774+0000][gc,phases   ] GC(363)   Evacuate Collection Set: 16.8ms
[2025-12-25T02:27:14.774+0000][gc,phases   ] GC(363)   Post Evacuate Collection Set: 1.1ms
[2025-12-25T02:27:14.774+0000][gc,phases   ] GC(363)   Other: 0.2ms
[2025-12-25T02:27:14.774+0000][gc,heap     ] GC(363) Eden regions: 610->0(609)
[2025-12-25T02:27:14.774+0000][gc,heap     ] GC(363) Survivor regions: 4->5(77)
[2025-12-25T02:27:14.774+0000][gc,heap     ] GC(363) Old regions: 36->36
[2025-12-25T02:27:14.774+0000][gc,heap     ] GC(363) Humongous regions: 31->31
[2025-12-25T02:27:14.774+0000][gc,metaspace] GC(363) Metaspace: 12537K(13056K)->12537K(13056K) NonClass: 11453K(11712K)->11453K(11712K) Class: 1083K(1344K)->1083K(1344K)
[2025-12-25T02:27:14.774+0000][gc          ] GC(363) Pause Young (Normal) (G1 Evacuation Pause) 680M->71M(1024M) 21.292ms
[2025-12-25T02:27:14.774+0000][gc,cpu      ] GC(363) User=0.14s Sys=0.00s Real=0.02s
[2025-12-25T02:28:14.525+0000][gc,start    ] GC(364) Pause Young (Normal) (G1 Evacuation Pause)
[2025-12-25T02:28:14.526+0000][gc,task     ] GC(364) Using 8 workers of 8 for evacuation
[2025-12-25T02:28:14.533+0000][gc,phases   ] GC(364)   Pre Evacuate Collection Set: 1.2ms
[2025-12-25T02:28:14.534+0000][gc,phases   ] GC(364)   Merge Heap Roots: 0.2ms
[2025-12-25T02:28:14.534+0000][gc,phases   ] GC(364)   Evacuate Collection Set: 4.8ms
[2025-12-25T02:28:14.534+0000][gc,phases   ] GC(364)   Post Evacuate Collection Set: 1.1ms
[2025-12-25T02:28:14.534+0000][gc,phases   ] GC(364)   Other: 0.3ms
[2025-12-25T02:28:14.534+0000][gc,heap     ] GC(364) Eden regions: 609->0(610)
[2025-12-25T02:28:14.534+0000][gc,heap     ] GC(364) Survivor regions: 5->4(77)
[2025-12-25T02:28:14.534+0000][gc,heap     ] GC(364) Old regions: 36->36
[2025-12-25T02:28:14.534+0000][gc,heap     ] GC(364) Humongous regions: 31->31
[2025-12-25T02:28:14.534+0000][gc,metaspace] GC(364) Metaspace: 12541K(13056K)->12541K(13056K) NonClass: 11457K(11712K)->11457K(11712K) Class: 1083K(1344K)->1083K(1344K)
[2025-12-25T02:28:14.534+0000][gc          ] GC(364) Pause Young (Normal) (G1 Evacuation Pause) 680M->70M(1024M) 9.159ms
[2025-12-25T02:28:14.534+0000][gc,cpu      ] GC(364) User=0.05s Sys=0.00s Real=0.01s
[2025-12-25T02:29:04.668+0000][gc,start    ] GC(365) Pause Young (Normal) (G1 Evacuation Pause)
[2025-12-25T02:29:04.668+0000][gc,task     ] GC(365) Using 8 workers of 8 for evacuation
[2025-12-25T02:29:04.683+0000][gc,phases   ] GC(365)   Pre Evacuate Collection Set: 1.8ms
[2025-12-25T02:29:04.683+0000][gc,phases   ] GC(365)   Merge Heap Roots: 0.7ms
[2025-12-25T02:29:04.684+0000][gc,phases   ] GC(365)   Evacuate Collection Set: 11.4ms
[2025-12-25T02:29:04.684+0000][gc,phases   ] GC(365)   Post Evacuate Collection Set: 1.2ms
[2025-12-25T02:29:04.684+0000][gc,phases   ] GC(365)   Other: 0.2ms
[2025-12-25T02:29:04.684+0000][gc,heap     ] GC(365) Eden regions: 610->0(609)
[2025-12-25T02:29:04.684+0000][gc,heap     ] GC(365) Survivor regions: 4->5(77)
[2025-12-25T02:29:04.684+0000][gc,heap     ] GC(365) Old regions: 36->36
[2025-12-25T02:29:04.684+0000][gc,heap     ] GC(365) Humongous regions: 31->31
[2025-12-25T02:29:04.684+0000][gc,metaspace] GC(365) Metaspace: 12541K(13056K)->12541K(13056K) NonClass: 11457K(11712K)->11457K(11712K) Class: 1083K(1344K)->1083K(1344K)
[2025-12-25T02:29:04.684+0000][gc          ] GC(365) Pause Young (Normal) (G1 Evacuation Pause) 680M->71M(1024M) 16.481ms
[2025-12-25T02:29:04.684+0000][gc,cpu      ] GC(365) User=0.08s Sys=0.00s Real=0.02s
[2025-12-25T02:29:54.804+0000][gc,start    ] GC(366) Pause Young (Normal) (G1 Evacuation Pause)
[2025-12-25T02:29:54.805+0000][gc,task     ] GC(366) Using 8 workers of 8 for evacuation
[2025-12-25T02:29:54.820+0000][gc,phases   ] GC(366)   Pre Evacuate Collection Set: 2.4ms
[2025-12-25T02:29:54.820+0000][gc,phases   ] GC(366)   Merge Heap Roots: 0.7ms
[2025-12-25T02:29:54.820+0000][gc,phases   ] GC(366)   Evacuate Collection Set: 10.6ms
[2025-12-25T02:29:54.820+0000][gc,phases   ] GC(366)   Post Evacuate Collection Set: 1.1ms
[2025-12-25T02:29:54.820+0000][gc,phases   ] GC(366)   Other: 0.6ms
[2025-12-25T02:29:54.820+0000][gc,heap     ] GC(366) Eden regions: 609->0(609)
[2025-12-25T02:29:54.820+0000][gc,heap     ] GC(366) Survivor regions: 5->5(77)
[2025-12-25T02:29:54.820+0000][gc,heap     ] GC(366) Old regions: 36->36
[2025-12-25T02:29:54.821+0000][gc,heap     ] GC(366) Humongous regions: 31->31
[2025-12-25T02:29:54.821+0000][gc,metaspace] GC(366) Metaspace: 12541K(13056K)->12541K(13056K) NonClass: 11457K(11712K)->11457K(11712K) Class: 1083K(1344K)->1083K(1344K)
[2025-12-25T02:29:54.821+0000][gc          ] GC(366) Pause Young (Normal) (G1 Evacuation Pause) 680M->71M(1024M) 16.404ms
[2025-12-25T02:29:54.821+0000][gc,cpu      ] GC(366) User=0.10s Sys=0.00s Real=0.02s
[2025-12-25T02:30:54.605+0000][gc,start    ] GC(367) Pause Young (Normal) (G1 Evacuation Pause)
[2025-12-25T02:30:54.605+0000][gc,task     ] GC(367) Using 8 workers of 8 for evacuation
[2025-12-25T02:30:54.614+0000][gc,phases   ] GC(367)   Pre Evacuate Collection Set: 1.3ms
[2025-12-25T02:30:54.614+0000][gc,phases   ] GC(367)   Merge Heap Roots: 0.2ms
[2025-12-25T02:30:54.614+0000][gc,phases   ] GC(367)   Evacuate Collection Set: 6.0ms
[2025-12-25T02:30:54.614+0000][gc,phases   ] GC(367)   Post Evacuate Collection Set: 1.1ms
[2025-12-25T02:30:54.614+0000][gc,phases   ] GC(367)   Other: 0.3ms
[2025-12-25T02:30:54.614+0000][gc,heap     ] GC(367) Eden regions: 609->0(609)
[2025-12-25T02:30:54.614+0000][gc,heap     ] GC(367) Survivor regions: 5->5(77)
[2025-12-25T02:30:54.615+0000][gc,heap     ] GC(367) Old regions: 36->36
[2025-12-25T02:30:54.615+0000][gc,heap     ] GC(367) Humongous regions: 31->31
[2025-12-25T02:30:54.615+0000][gc,metaspace] GC(367) Metaspace: 12541K(13056K)->12541K(13056K) NonClass: 11457K(11712K)->11457K(11712K) Class: 1083K(1344K)->1083K(1344K)
[2025-12-25T02:30:54.615+0000][gc          ] GC(367) Pause Young (Normal) (G1 Evacuation Pause) 680M->71M(1024M) 10.211ms
[2025-12-25T02:30:54.615+0000][gc,cpu      ] GC(367) User=0.05s Sys=0.01s Real=0.01s
[2025-12-25T02:31:44.728+0000][gc,start    ] GC(368) Pause Young (Normal) (G1 Evacuation Pause)
[2025-12-25T02:31:44.729+0000][gc,task     ] GC(368) Using 8 workers of 8 for evacuation
[2025-12-25T02:31:44.762+0000][gc,phases   ] GC(368)   Pre Evacuate Collection Set: 1.1ms
[2025-12-25T02:31:44.763+0000][gc,phases   ] GC(368)   Merge Heap Roots: 0.2ms
[2025-12-25T02:31:44.764+0000][gc,phases   ] GC(368)   Evacuate Collection Set: 29.6ms
[2025-12-25T02:31:44.764+0000][gc,phases   ] GC(368)   Post Evacuate Collection Set: 2.6ms
[2025-12-25T02:31:44.764+0000][gc,phases   ] GC(368)   Other: 0.2ms
[2025-12-25T02:31:44.764+0000][gc,heap     ] GC(368) Eden regions: 609->0(609)
[2025-12-25T02:31:44.764+0000][gc,heap     ] GC(368) Survivor regions: 5->5(77)
[2025-12-25T02:31:44.764+0000][gc,heap     ] GC(368) Old regions: 36->37
[2025-12-25T02:31:44.764+0000][gc,heap     ] GC(368) Humongous regions: 31->31
[2025-12-25T02:31:44.764+0000][gc,metaspace] GC(368) Metaspace: 12541K(13056K)->12541K(13056K) NonClass: 11457K(11712K)->11457K(11712K) Class: 1083K(1344K)->1083K(1344K)
[2025-12-25T02:31:44.765+0000][gc          ] GC(368) Pause Young (Normal) (G1 Evacuation Pause) 680M->71M(1024M) 36.396ms
[2025-12-25T02:31:44.765+0000][gc,cpu      ] GC(368) User=0.22s Sys=0.01s Real=0.04s
[2025-12-25T02:32:37.867+0000][gc,start    ] GC(369) Pause Young (Normal) (G1 Evacuation Pause)
[2025-12-25T02:32:37.892+0000][gc,task     ] GC(369) Using 8 workers of 8 for evacuation
[2025-12-25T02:32:38.022+0000][gc,phases   ] GC(369)   Pre Evacuate Collection Set: 40.3ms
[2025-12-25T02:32:38.023+0000][gc,phases   ] GC(369)   Merge Heap Roots: 2.1ms
[2025-12-25T02:32:38.023+0000][gc,phases   ] GC(369)   Evacuate Collection Set: 66.1ms
[2025-12-25T02:32:38.024+0000][gc,phases   ] GC(369)   Post Evacuate Collection Set: 7.0ms
[2025-12-25T02:32:38.024+0000][gc,phases   ] GC(369)   Other: 20.4ms
[2025-12-25T02:32:38.024+0000][gc,heap     ] GC(369) Eden regions: 609->0(610)
[2025-12-25T02:32:38.024+0000][gc,heap     ] GC(369) Survivor regions: 5->4(77)
[2025-12-25T02:32:38.024+0000][gc,heap     ] GC(369) Old regions: 37->37
[2025-12-25T02:32:38.024+0000][gc,heap     ] GC(369) Humongous regions: 31->31
[2025-12-25T02:32:38.024+0000][gc,metaspace] GC(369) Metaspace: 12541K(13056K)->12541K(13056K) NonClass: 11457K(11712K)->11457K(11712K) Class: 1083K(1344K)->1083K(1344K)
[2025-12-25T02:32:38.025+0000][gc          ] GC(369) Pause Young (Normal) (G1 Evacuation Pause) 680M->70M(1024M) 158.323ms
[2025-12-25T02:32:38.025+0000][gc,cpu      ] GC(369) User=0.63s Sys=0.06s Real=0.16s
[2025-12-25T02:33:34.697+0000][gc,start    ] GC(370) Pause Young (Normal) (G1 Evacuation Pause)
[2025-12-25T02:33:34.698+0000][gc,task     ] GC(370) Using 8 workers of 8 for evacuation
[2025-12-25T02:33:34.724+0000][gc,phases   ] GC(370)   Pre Evacuate Collection Set: 1.7ms
[2025-12-25T02:33:34.724+0000][gc,phases   ] GC(370)   Merge Heap Roots: 0.3ms
[2025-12-25T02:33:34.725+0000][gc,phases   ] GC(370)   Evacuate Collection Set: 16.4ms
[2025-12-25T02:33:34.725+0000][gc,phases   ] GC(370)   Post Evacuate Collection Set: 6.5ms
[2025-12-25T02:33:34.726+0000][gc,phases   ] GC(370)   Other: 0.5ms
[2025-12-25T02:33:34.726+0000][gc,heap     ] GC(370) Eden regions: 610->0(608)
[2025-12-25T02:33:34.726+0000][gc,heap     ] GC(370) Survivor regions: 4->6(77)
[2025-12-25T02:33:34.726+0000][gc,heap     ] GC(370) Old regions: 37->37
[2025-12-25T02:33:34.727+0000][gc,heap     ] GC(370) Humongous regions: 31->31
[2025-12-25T02:33:34.727+0000][gc,metaspace] GC(370) Metaspace: 12541K(13056K)->12541K(13056K) NonClass: 11457K(11712K)->11457K(11712K) Class: 1083K(1344K)->1083K(1344K)
[2025-12-25T02:33:34.729+0000][gc          ] GC(370) Pause Young (Normal) (G1 Evacuation Pause) 680M->72M(1024M) 30.742ms
[2025-12-25T02:33:34.729+0000][gc,cpu      ] GC(370) User=0.15s Sys=0.00s Real=0.03s
[2025-12-25T02:34:25.401+0000][gc,start    ] GC(371) Pause Young (Normal) (G1 Evacuation Pause)
[2025-12-25T02:34:25.402+0000][gc,task     ] GC(371) Using 8 workers of 8 for evacuation
[2025-12-25T02:34:25.425+0000][gc,phases   ] GC(371)   Pre Evacuate Collection Set: 1.5ms
[2025-12-25T02:34:25.425+0000][gc,phases   ] GC(371)   Merge Heap Roots: 0.4ms
[2025-12-25T02:34:25.426+0000][gc,phases   ] GC(371)   Evacuate Collection Set: 19.3ms
[2025-12-25T02:34:25.426+0000][gc,phases   ] GC(371)   Post Evacuate Collection Set: 1.6ms
[2025-12-25T02:34:25.426+0000][gc,phases   ] GC(371)   Other: 0.3ms
[2025-12-25T02:34:25.426+0000][gc,heap     ] GC(371) Eden regions: 608->0(608)
[2025-12-25T02:34:25.426+0000][gc,heap     ] GC(371) Survivor regions: 6->6(77)
[2025-12-25T02:34:25.426+0000][gc,heap     ] GC(371) Old regions: 37->37
[2025-12-25T02:34:25.426+0000][gc,heap     ] GC(371) Humongous regions: 31->31
[2025-12-25T02:34:25.426+0000][gc,metaspace] GC(371) Metaspace: 12541K(13056K)->12541K(13056K) NonClass: 11457K(11712K)->11457K(11712K) Class: 1083K(1344K)->1083K(1344K)
[2025-12-25T02:34:25.426+0000][gc          ] GC(371) Pause Young (Normal) (G1 Evacuation Pause) 680M->73M(1024M) 24.670ms
[2025-12-25T02:34:25.426+0000][gc,cpu      ] GC(371) User=0.16s Sys=0.01s Real=0.02s
[2025-12-25T02:35:24.555+0000][gc,start    ] GC(372) Pause Young (Normal) (G1 Evacuation Pause)
[2025-12-25T02:35:24.556+0000][gc,task     ] GC(372) Using 8 workers of 8 for evacuation
[2025-12-25T02:35:24.577+0000][gc,phases   ] GC(372)   Pre Evacuate Collection Set: 1.4ms
[2025-12-25T02:35:24.577+0000][gc,phases   ] GC(372)   Merge Heap Roots: 0.2ms
[2025-12-25T02:35:24.577+0000][gc,phases   ] GC(372)   Evacuate Collection Set: 15.8ms
[2025-12-25T02:35:24.577+0000][gc,phases   ] GC(372)   Post Evacuate Collection Set: 3.1ms
[2025-12-25T02:35:24.577+0000][gc,phases   ] GC(372)   Other: 0.3ms
[2025-12-25T02:35:24.577+0000][gc,heap     ] GC(372) Eden regions: 608->0(609)
[2025-12-25T02:35:24.577+0000][gc,heap     ] GC(372) Survivor regions: 6->5(77)
[2025-12-25T02:35:24.577+0000][gc,heap     ] GC(372) Old regions: 37->37
[2025-12-25T02:35:24.577+0000][gc,heap     ] GC(372) Humongous regions: 31->31
[2025-12-25T02:35:24.577+0000][gc,metaspace] GC(372) Metaspace: 12541K(13056K)->12541K(13056K) NonClass: 11457K(11712K)->11457K(11712K) Class: 1083K(1344K)->1083K(1344K)
[2025-12-25T02:35:24.577+0000][gc          ] GC(372) Pause Young (Normal) (G1 Evacuation Pause) 681M->72M(1024M) 22.527ms
[2025-12-25T02:35:24.577+0000][gc,cpu      ] GC(372) User=0.14s Sys=0.00s Real=0.02s
[2025-12-25T02:36:14.907+0000][gc,start    ] GC(373) Pause Young (Normal) (G1 Evacuation Pause)
[2025-12-25T02:36:14.908+0000][gc,task     ] GC(373) Using 8 workers of 8 for evacuation
[2025-12-25T02:36:14.934+0000][gc,phases   ] GC(373)   Pre Evacuate Collection Set: 2.2ms
[2025-12-25T02:36:14.934+0000][gc,phases   ] GC(373)   Merge Heap Roots: 0.7ms
[2025-12-25T02:36:14.934+0000][gc,phases   ] GC(373)   Evacuate Collection Set: 18.3ms
[2025-12-25T02:36:14.934+0000][gc,phases   ] GC(373)   Post Evacuate Collection Set: 2.9ms
[2025-12-25T02:36:14.934+0000][gc,phases   ] GC(373)   Other: 1.4ms
[2025-12-25T02:36:14.934+0000][gc,heap     ] GC(373) Eden regions: 609->0(607)
[2025-12-25T02:36:14.934+0000][gc,heap     ] GC(373) Survivor regions: 5->7(77)
[2025-12-25T02:36:14.934+0000][gc,heap     ] GC(373) Old regions: 37->37
[2025-12-25T02:36:14.934+0000][gc,heap     ] GC(373) Humongous regions: 31->31
[2025-12-25T02:36:14.934+0000][gc,metaspace] GC(373) Metaspace: 12541K(13056K)->12541K(13056K) NonClass: 11457K(11712K)->11457K(11712K) Class: 1083K(1344K)->1083K(1344K)
[2025-12-25T02:36:14.934+0000][gc          ] GC(373) Pause Young (Normal) (G1 Evacuation Pause) 681M->73M(1024M) 27.513ms
[2025-12-25T02:36:14.935+0000][gc,cpu      ] GC(373) User=0.15s Sys=0.00s Real=0.02s
[2025-12-25T02:37:04.842+0000][gc,start    ] GC(374) Pause Young (Normal) (G1 Evacuation Pause)
[2025-12-25T02:37:04.843+0000][gc,task     ] GC(374) Using 8 workers of 8 for evacuation
[2025-12-25T02:37:04.852+0000][gc,phases   ] GC(374)   Pre Evacuate Collection Set: 1.1ms
[2025-12-25T02:37:04.852+0000][gc,phases   ] GC(374)   Merge Heap Roots: 0.4ms
[2025-12-25T02:37:04.852+0000][gc,phases   ] GC(374)   Evacuate Collection Set: 6.0ms
[2025-12-25T02:37:04.852+0000][gc,phases   ] GC(374)   Post Evacuate Collection Set: 1.1ms
[2025-12-25T02:37:04.852+0000][gc,phases   ] GC(374)   Other: 0.3ms
[2025-12-25T02:37:04.852+0000][gc,heap     ] GC(374) Eden regions: 607->0(608)
[2025-12-25T02:37:04.852+0000][gc,heap     ] GC(374) Survivor regions: 7->6(77)
[2025-12-25T02:37:04.852+0000][gc,heap     ] GC(374) Old regions: 37->37
[2025-12-25T02:37:04.852+0000][gc,heap     ] GC(374) Humongous regions: 31->31
[2025-12-25T02:37:04.852+0000][gc,metaspace] GC(374) Metaspace: 12546K(13056K)->12546K(13056K) NonClass: 11462K(11712K)->11462K(11712K) Class: 1083K(1344K)->1083K(1344K)
[2025-12-25T02:37:04.852+0000][gc          ] GC(374) Pause Young (Normal) (G1 Evacuation Pause) 680M->73M(1024M) 9.861ms
[2025-12-25T02:37:04.852+0000][gc,cpu      ] GC(374) User=0.05s Sys=0.00s Real=0.01s
[2025-12-25T02:38:04.608+0000][gc,start    ] GC(375) Pause Young (Normal) (G1 Evacuation Pause)
[2025-12-25T02:38:04.608+0000][gc,task     ] GC(375) Using 8 workers of 8 for evacuation
[2025-12-25T02:38:04.624+0000][gc,phases   ] GC(375)   Pre Evacuate Collection Set: 1.7ms
[2025-12-25T02:38:04.624+0000][gc,phases   ] GC(375)   Merge Heap Roots: 0.2ms
[2025-12-25T02:38:04.624+0000][gc,phases   ] GC(375)   Evacuate Collection Set: 12.4ms
[2025-12-25T02:38:04.624+0000][gc,phases   ] GC(375)   Post Evacuate Collection Set: 1.3ms
[2025-12-25T02:38:04.624+0000][gc,phases   ] GC(375)   Other: 0.3ms
[2025-12-25T02:38:04.625+0000][gc,heap     ] GC(375) Eden regions: 608->0(608)
[2025-12-25T02:38:04.625+0000][gc,heap     ] GC(375) Survivor regions: 6->6(77)
[2025-12-25T02:38:04.625+0000][gc,heap     ] GC(375) Old regions: 37->38
[2025-12-25T02:38:04.625+0000][gc,heap     ] GC(375) Humongous regions: 31->31
[2025-12-25T02:38:04.625+0000][gc,metaspace] GC(375) Metaspace: 12546K(13056K)->12546K(13056K) NonClass: 11462K(11712K)->11462K(11712K) Class: 1083K(1344K)->1083K(1344K)
[2025-12-25T02:38:04.625+0000][gc          ] GC(375) Pause Young (Normal) (G1 Evacuation Pause) 681M->73M(1024M) 17.326ms
[2025-12-25T02:38:04.625+0000][gc,cpu      ] GC(375) User=0.09s Sys=0.00s Real=0.02s
[2025-12-25T02:38:54.758+0000][gc,start    ] GC(376) Pause Young (Normal) (G1 Evacuation Pause)
[2025-12-25T02:38:54.759+0000][gc,task     ] GC(376) Using 8 workers of 8 for evacuation
[2025-12-25T02:38:54.774+0000][gc,phases   ] GC(376)   Pre Evacuate Collection Set: 1.1ms
[2025-12-25T02:38:54.774+0000][gc,phases   ] GC(376)   Merge Heap Roots: 0.2ms
[2025-12-25T02:38:54.774+0000][gc,phases   ] GC(376)   Evacuate Collection Set: 11.8ms
[2025-12-25T02:38:54.774+0000][gc,phases   ] GC(376)   Post Evacuate Collection Set: 1.5ms
[2025-12-25T02:38:54.774+0000][gc,phases   ] GC(376)   Other: 0.4ms
[2025-12-25T02:38:54.774+0000][gc,heap     ] GC(376) Eden regions: 608->0(608)
[2025-12-25T02:38:54.774+0000][gc,heap     ] GC(376) Survivor regions: 6->6(77)
[2025-12-25T02:38:54.774+0000][gc,heap     ] GC(376) Old regions: 38->38
[2025-12-25T02:38:54.774+0000][gc,heap     ] GC(376) Humongous regions: 31->31
[2025-12-25T02:38:54.775+0000][gc,metaspace] GC(376) Metaspace: 12546K(13056K)->12546K(13056K) NonClass: 11462K(11712K)->11462K(11712K) Class: 1083K(1344K)->1083K(1344K)
[2025-12-25T02:38:54.775+0000][gc          ] GC(376) Pause Young (Normal) (G1 Evacuation Pause) 681M->73M(1024M) 16.676ms
[2025-12-25T02:38:54.775+0000][gc,cpu      ] GC(376) User=0.09s Sys=0.00s Real=0.02s
[2025-12-25T02:39:45.115+0000][gc,start    ] GC(377) Pause Young (Normal) (G1 Evacuation Pause)
[2025-12-25T02:39:45.116+0000][gc,task     ] GC(377) Using 8 workers of 8 for evacuation
[2025-12-25T02:39:45.129+0000][gc,phases   ] GC(377)   Pre Evacuate Collection Set: 2.2ms
[2025-12-25T02:39:45.129+0000][gc,phases   ] GC(377)   Merge Heap Roots: 0.5ms
[2025-12-25T02:39:45.129+0000][gc,phases   ] GC(377)   Evacuate Collection Set: 8.1ms
[2025-12-25T02:39:45.129+0000][gc,phases   ] GC(377)   Post Evacuate Collection Set: 1.4ms
[2025-12-25T02:39:45.129+0000][gc,phases   ] GC(377)   Other: 0.8ms
[2025-12-25T02:39:45.129+0000][gc,heap     ] GC(377) Eden regions: 608->0(609)
[2025-12-25T02:39:45.129+0000][gc,heap     ] GC(377) Survivor regions: 6->5(77)
[2025-12-25T02:39:45.129+0000][gc,heap     ] GC(377) Old regions: 38->38
[2025-12-25T02:39:45.129+0000][gc,heap     ] GC(377) Humongous regions: 31->31
[2025-12-25T02:39:45.129+0000][gc,metaspace] GC(377) Metaspace: 12546K(13056K)->12546K(13056K) NonClass: 11462K(11712K)->11462K(11712K) Class: 1083K(1344K)->1083K(1344K)
[2025-12-25T02:39:45.129+0000][gc          ] GC(377) Pause Young (Normal) (G1 Evacuation Pause) 681M->73M(1024M) 14.766ms
[2025-12-25T02:39:45.130+0000][gc,cpu      ] GC(377) User=0.07s Sys=0.00s Real=0.01s
[2025-12-25T02:40:44.545+0000][gc,start    ] GC(378) Pause Young (Normal) (G1 Evacuation Pause)
[2025-12-25T02:40:44.545+0000][gc,task     ] GC(378) Using 8 workers of 8 for evacuation
[2025-12-25T02:40:44.566+0000][gc,phases   ] GC(378)   Pre Evacuate Collection Set: 2.0ms
[2025-12-25T02:40:44.566+0000][gc,phases   ] GC(378)   Merge Heap Roots: 0.8ms
[2025-12-25T02:40:44.566+0000][gc,phases   ] GC(378)   Evacuate Collection Set: 16.5ms
[2025-12-25T02:40:44.566+0000][gc,phases   ] GC(378)   Post Evacuate Collection Set: 1.1ms
[2025-12-25T02:40:44.566+0000][gc,phases   ] GC(378)   Other: 0.4ms
[2025-12-25T02:40:44.566+0000][gc,heap     ] GC(378) Eden regions: 609->0(608)
[2025-12-25T02:40:44.566+0000][gc,heap     ] GC(378) Survivor regions: 5->6(77)
[2025-12-25T02:40:44.566+0000][gc,heap     ] GC(378) Old regions: 38->38
[2025-12-25T02:40:44.566+0000][gc,heap     ] GC(378) Humongous regions: 31->31
[2025-12-25T02:40:44.566+0000][gc,metaspace] GC(378) Metaspace: 12548K(13056K)->12548K(13056K) NonClass: 11464K(11712K)->11464K(11712K) Class: 1083K(1344K)->1083K(1344K)
[2025-12-25T02:40:44.567+0000][gc          ] GC(378) Pause Young (Normal) (G1 Evacuation Pause) 682M->73M(1024M) 21.880ms
[2025-12-25T02:40:44.567+0000][gc,cpu      ] GC(378) User=0.14s Sys=0.01s Real=0.02s
[2025-12-25T02:41:34.961+0000][gc,start    ] GC(379) Pause Young (Normal) (G1 Evacuation Pause)
[2025-12-25T02:41:34.961+0000][gc,task     ] GC(379) Using 8 workers of 8 for evacuation
[2025-12-25T02:41:34.985+0000][gc,phases   ] GC(379)   Pre Evacuate Collection Set: 3.2ms
[2025-12-25T02:41:34.985+0000][gc,phases   ] GC(379)   Merge Heap Roots: 0.4ms
[2025-12-25T02:41:34.985+0000][gc,phases   ] GC(379)   Evacuate Collection Set: 16.7ms
[2025-12-25T02:41:34.985+0000][gc,phases   ] GC(379)   Post Evacuate Collection Set: 1.6ms
[2025-12-25T02:41:34.985+0000][gc,phases   ] GC(379)   Other: 1.7ms
[2025-12-25T02:41:34.985+0000][gc,heap     ] GC(379) Eden regions: 608->0(608)
[2025-12-25T02:41:34.985+0000][gc,heap     ] GC(379) Survivor regions: 6->6(77)
[2025-12-25T02:41:34.985+0000][gc,heap     ] GC(379) Old regions: 38->38
[2025-12-25T02:41:34.985+0000][gc,heap     ] GC(379) Humongous regions: 31->31
[2025-12-25T02:41:34.985+0000][gc,metaspace] GC(379) Metaspace: 12548K(13056K)->12548K(13056K) NonClass: 11464K(11712K)->11464K(11712K) Class: 1083K(1344K)->1083K(1344K)
[2025-12-25T02:41:34.986+0000][gc          ] GC(379) Pause Young (Normal) (G1 Evacuation Pause) 681M->74M(1024M) 25.001ms
[2025-12-25T02:41:34.986+0000][gc,cpu      ] GC(379) User=0.13s Sys=0.00s Real=0.02s
[2025-12-25T02:42:34.427+0000][gc,start    ] GC(380) Pause Young (Normal) (G1 Evacuation Pause)
[2025-12-25T02:42:34.427+0000][gc,task     ] GC(380) Using 8 workers of 8 for evacuation
[2025-12-25T02:42:34.444+0000][gc,phases   ] GC(380)   Pre Evacuate Collection Set: 1.3ms
[2025-12-25T02:42:34.444+0000][gc,phases   ] GC(380)   Merge Heap Roots: 0.2ms
[2025-12-25T02:42:34.444+0000][gc,phases   ] GC(380)   Evacuate Collection Set: 13.5ms
[2025-12-25T02:42:34.444+0000][gc,phases   ] GC(380)   Post Evacuate Collection Set: 1.4ms
[2025-12-25T02:42:34.444+0000][gc,phases   ] GC(380)   Other: 0.4ms
[2025-12-25T02:42:34.445+0000][gc,heap     ] GC(380) Eden regions: 608->0(609)
[2025-12-25T02:42:34.445+0000][gc,heap     ] GC(380) Survivor regions: 6->5(77)
[2025-12-25T02:42:34.445+0000][gc,heap     ] GC(380) Old regions: 38->39
[2025-12-25T02:42:34.445+0000][gc,heap     ] GC(380) Humongous regions: 31->31
[2025-12-25T02:42:34.445+0000][gc,metaspace] GC(380) Metaspace: 12548K(13056K)->12548K(13056K) NonClass: 11464K(11712K)->11464K(11712K) Class: 1083K(1344K)->1083K(1344K)
[2025-12-25T02:42:34.445+0000][gc          ] GC(380) Pause Young (Normal) (G1 Evacuation Pause) 682M->73M(1024M) 18.226ms
[2025-12-25T02:42:34.445+0000][gc,cpu      ] GC(380) User=0.11s Sys=0.00s Real=0.01s
[2025-12-25T02:43:24.624+0000][gc,start    ] GC(381) Pause Young (Normal) (G1 Evacuation Pause)
[2025-12-25T02:43:24.625+0000][gc,task     ] GC(381) Using 8 workers of 8 for evacuation
[2025-12-25T02:43:24.643+0000][gc,phases   ] GC(381)   Pre Evacuate Collection Set: 1.1ms
[2025-12-25T02:43:24.643+0000][gc,phases   ] GC(381)   Merge Heap Roots: 0.2ms
[2025-12-25T02:43:24.643+0000][gc,phases   ] GC(381)   Evacuate Collection Set: 15.2ms
[2025-12-25T02:43:24.643+0000][gc,phases   ] GC(381)   Post Evacuate Collection Set: 1.3ms
[2025-12-25T02:43:24.643+0000][gc,phases   ] GC(381)   Other: 0.2ms
[2025-12-25T02:43:24.643+0000][gc,heap     ] GC(381) Eden regions: 609->0(608)
[2025-12-25T02:43:24.643+0000][gc,heap     ] GC(381) Survivor regions: 5->6(77)
[2025-12-25T02:43:24.643+0000][gc,heap     ] GC(381) Old regions: 39->39
[2025-12-25T02:43:24.643+0000][gc,heap     ] GC(381) Humongous regions: 31->31
[2025-12-25T02:43:24.644+0000][gc,metaspace] GC(381) Metaspace: 12548K(13056K)->12548K(13056K) NonClass: 11464K(11712K)->11464K(11712K) Class: 1083K(1344K)->1083K(1344K)
[2025-12-25T02:43:24.644+0000][gc          ] GC(381) Pause Young (Normal) (G1 Evacuation Pause) 682M->74M(1024M) 19.259ms
[2025-12-25T02:43:24.644+0000][gc,cpu      ] GC(381) User=0.13s Sys=0.00s Real=0.02s
[2025-12-25T02:44:15.301+0000][gc,start    ] GC(382) Pause Young (Normal) (G1 Evacuation Pause)
[2025-12-25T02:44:15.301+0000][gc,task     ] GC(382) Using 8 workers of 8 for evacuation
[2025-12-25T02:44:15.316+0000][gc,phases   ] GC(382)   Pre Evacuate Collection Set: 1.2ms
[2025-12-25T02:44:15.316+0000][gc,phases   ] GC(382)   Merge Heap Roots: 0.3ms
[2025-12-25T02:44:15.316+0000][gc,phases   ] GC(382)   Evacuate Collection Set: 9.4ms
[2025-12-25T02:44:15.316+0000][gc,phases   ] GC(382)   Post Evacuate Collection Set: 2.6ms
[2025-12-25T02:44:15.316+0000][gc,phases   ] GC(382)   Other: 0.8ms
[2025-12-25T02:44:15.316+0000][gc,heap     ] GC(382) Eden regions: 608->0(608)
[2025-12-25T02:44:15.316+0000][gc,heap     ] GC(382) Survivor regions: 6->6(77)
[2025-12-25T02:44:15.316+0000][gc,heap     ] GC(382) Old regions: 39->39
[2025-12-25T02:44:15.316+0000][gc,heap     ] GC(382) Humongous regions: 31->31
[2025-12-25T02:44:15.316+0000][gc,metaspace] GC(382) Metaspace: 12550K(13056K)->12550K(13056K) NonClass: 11466K(11712K)->11466K(11712K) Class: 1083K(1344K)->1083K(1344K)
[2025-12-25T02:44:15.317+0000][gc          ] GC(382) Pause Young (Normal) (G1 Evacuation Pause) 682M->75M(1024M) 15.964ms
[2025-12-25T02:44:15.317+0000][gc,cpu      ] GC(382) User=0.08s Sys=0.00s Real=0.02s
[2025-12-25T02:45:14.492+0000][gc,start    ] GC(383) Pause Young (Normal) (G1 Evacuation Pause)
[2025-12-25T02:45:14.493+0000][gc,task     ] GC(383) Using 8 workers of 8 for evacuation
[2025-12-25T02:45:14.519+0000][gc,phases   ] GC(383)   Pre Evacuate Collection Set: 3.9ms
[2025-12-25T02:45:14.519+0000][gc,phases   ] GC(383)   Merge Heap Roots: 1.0ms
[2025-12-25T02:45:14.519+0000][gc,phases   ] GC(383)   Evacuate Collection Set: 15.2ms
[2025-12-25T02:45:14.519+0000][gc,phases   ] GC(383)   Post Evacuate Collection Set: 4.2ms
[2025-12-25T02:45:14.519+0000][gc,phases   ] GC(383)   Other: 1.8ms
[2025-12-25T02:45:14.519+0000][gc,heap     ] GC(383) Eden regions: 608->0(608)
[2025-12-25T02:45:14.519+0000][gc,heap     ] GC(383) Survivor regions: 6->6(77)
[2025-12-25T02:45:14.519+0000][gc,heap     ] GC(383) Old regions: 39->39
[2025-12-25T02:45:14.519+0000][gc,heap     ] GC(383) Humongous regions: 31->31
[2025-12-25T02:45:14.519+0000][gc,metaspace] GC(383) Metaspace: 12553K(13056K)->12553K(13056K) NonClass: 11469K(11712K)->11469K(11712K) Class: 1083K(1344K)->1083K(1344K)
[2025-12-25T02:45:14.519+0000][gc          ] GC(383) Pause Young (Normal) (G1 Evacuation Pause) 683M->74M(1024M) 27.148ms
[2025-12-25T02:45:14.520+0000][gc,cpu      ] GC(383) User=0.14s Sys=0.01s Real=0.03s
[2025-12-25T02:46:04.638+0000][gc,start    ] GC(384) Pause Young (Normal) (G1 Evacuation Pause)
[2025-12-25T02:46:04.638+0000][gc,task     ] GC(384) Using 8 workers of 8 for evacuation
[2025-12-25T02:46:04.689+0000][gc,phases   ] GC(384)   Pre Evacuate Collection Set: 1.4ms
[2025-12-25T02:46:04.689+0000][gc,phases   ] GC(384)   Merge Heap Roots: 0.2ms
[2025-12-25T02:46:04.689+0000][gc,phases   ] GC(384)   Evacuate Collection Set: 44.5ms
[2025-12-25T02:46:04.689+0000][gc,phases   ] GC(384)   Post Evacuate Collection Set: 4.1ms
[2025-12-25T02:46:04.690+0000][gc,phases   ] GC(384)   Other: 0.3ms
[2025-12-25T02:46:04.690+0000][gc,heap     ] GC(384) Eden regions: 608->0(608)
[2025-12-25T02:46:04.690+0000][gc,heap     ] GC(384) Survivor regions: 6->6(77)
[2025-12-25T02:46:04.690+0000][gc,heap     ] GC(384) Old regions: 39->39
[2025-12-25T02:46:04.690+0000][gc,heap     ] GC(384) Humongous regions: 31->31
[2025-12-25T02:46:04.691+0000][gc,metaspace] GC(384) Metaspace: 12553K(13056K)->12553K(13056K) NonClass: 11469K(11712K)->11469K(11712K) Class: 1083K(1344K)->1083K(1344K)
[2025-12-25T02:46:04.691+0000][gc          ] GC(384) Pause Young (Normal) (G1 Evacuation Pause) 682M->75M(1024M) 53.015ms
[2025-12-25T02:46:04.691+0000][gc,cpu      ] GC(384) User=0.32s Sys=0.04s Real=0.05s
[2025-12-25T02:46:54.753+0000][gc,start    ] GC(385) Pause Young (Normal) (G1 Evacuation Pause)
[2025-12-25T02:46:54.754+0000][gc,task     ] GC(385) Using 8 workers of 8 for evacuation
[2025-12-25T02:46:54.769+0000][gc,phases   ] GC(385)   Pre Evacuate Collection Set: 1.6ms
[2025-12-25T02:46:54.769+0000][gc,phases   ] GC(385)   Merge Heap Roots: 0.2ms
[2025-12-25T02:46:54.769+0000][gc,phases   ] GC(385)   Evacuate Collection Set: 11.3ms
[2025-12-25T02:46:54.769+0000][gc,phases   ] GC(385)   Post Evacuate Collection Set: 1.1ms
[2025-12-25T02:46:54.769+0000][gc,phases   ] GC(385)   Other: 0.4ms
[2025-12-25T02:46:54.769+0000][gc,heap     ] GC(385) Eden regions: 608->0(608)
[2025-12-25T02:46:54.769+0000][gc,heap     ] GC(385) Survivor regions: 6->6(77)
[2025-12-25T02:46:54.769+0000][gc,heap     ] GC(385) Old regions: 39->40
[2025-12-25T02:46:54.769+0000][gc,heap     ] GC(385) Humongous regions: 31->31
[2025-12-25T02:46:54.769+0000][gc,metaspace] GC(385) Metaspace: 12553K(13056K)->12553K(13056K) NonClass: 11469K(11712K)->11469K(11712K) Class: 1083K(1344K)->1083K(1344K)
[2025-12-25T02:46:54.769+0000][gc          ] GC(385) Pause Young (Normal) (G1 Evacuation Pause) 683M->75M(1024M) 15.955ms
[2025-12-25T02:46:54.769+0000][gc,cpu      ] GC(385) User=0.10s Sys=0.00s Real=0.02s
[2025-12-25T02:47:54.577+0000][gc,start    ] GC(386) Pause Young (Normal) (G1 Evacuation Pause)
[2025-12-25T02:47:54.577+0000][gc,task     ] GC(386) Using 8 workers of 8 for evacuation
[2025-12-25T02:47:54.588+0000][gc,phases   ] GC(386)   Pre Evacuate Collection Set: 1.4ms
[2025-12-25T02:47:54.588+0000][gc,phases   ] GC(386)   Merge Heap Roots: 0.3ms
[2025-12-25T02:47:54.589+0000][gc,phases   ] GC(386)   Evacuate Collection Set: 7.6ms
[2025-12-25T02:47:54.589+0000][gc,phases   ] GC(386)   Post Evacuate Collection Set: 1.5ms
[2025-12-25T02:47:54.589+0000][gc,phases   ] GC(386)   Other: 0.5ms
[2025-12-25T02:47:54.589+0000][gc,heap     ] GC(386) Eden regions: 608->0(608)
[2025-12-25T02:47:54.589+0000][gc,heap     ] GC(386) Survivor regions: 6->6(77)
[2025-12-25T02:47:54.589+0000][gc,heap     ] GC(386) Old regions: 40->40
[2025-12-25T02:47:54.589+0000][gc,heap     ] GC(386) Humongous regions: 31->31
[2025-12-25T02:47:54.589+0000][gc,metaspace] GC(386) Metaspace: 12553K(13056K)->12553K(13056K) NonClass: 11469K(11712K)->11469K(11712K) Class: 1083K(1344K)->1083K(1344K)
[2025-12-25T02:47:54.589+0000][gc          ] GC(386) Pause Young (Normal) (G1 Evacuation Pause) 683M->75M(1024M) 12.550ms
[2025-12-25T02:47:54.589+0000][gc,cpu      ] GC(386) User=0.07s Sys=0.00s Real=0.01s
[2025-12-25T02:48:44.704+0000][gc,start    ] GC(387) Pause Young (Normal) (G1 Evacuation Pause)
[2025-12-25T02:48:44.705+0000][gc,task     ] GC(387) Using 8 workers of 8 for evacuation
[2025-12-25T02:48:44.716+0000][gc,phases   ] GC(387)   Pre Evacuate Collection Set: 1.2ms
[2025-12-25T02:48:44.716+0000][gc,phases   ] GC(387)   Merge Heap Roots: 0.2ms
[2025-12-25T02:48:44.716+0000][gc,phases   ] GC(387)   Evacuate Collection Set: 8.1ms
[2025-12-25T02:48:44.716+0000][gc,phases   ] GC(387)   Post Evacuate Collection Set: 1.3ms
[2025-12-25T02:48:44.716+0000][gc,phases   ] GC(387)   Other: 0.3ms
[2025-12-25T02:48:44.716+0000][gc,heap     ] GC(387) Eden regions: 608->0(608)
[2025-12-25T02:48:44.716+0000][gc,heap     ] GC(387) Survivor regions: 6->6(77)
[2025-12-25T02:48:44.716+0000][gc,heap     ] GC(387) Old regions: 40->40
[2025-12-25T02:48:44.716+0000][gc,heap     ] GC(387) Humongous regions: 31->31
[2025-12-25T02:48:44.716+0000][gc,metaspace] GC(387) Metaspace: 12553K(13056K)->12553K(13056K) NonClass: 11469K(11712K)->11469K(11712K) Class: 1083K(1344K)->1083K(1344K)
[2025-12-25T02:48:44.716+0000][gc          ] GC(387) Pause Young (Normal) (G1 Evacuation Pause) 683M->75M(1024M) 12.369ms
[2025-12-25T02:48:44.717+0000][gc,cpu      ] GC(387) User=0.06s Sys=0.00s Real=0.01s
[2025-12-25T02:49:44.398+0000][gc,start    ] GC(388) Pause Young (Normal) (G1 Evacuation Pause)
[2025-12-25T02:49:44.398+0000][gc,task     ] GC(388) Using 8 workers of 8 for evacuation
[2025-12-25T02:49:44.430+0000][gc,phases   ] GC(388)   Pre Evacuate Collection Set: 1.8ms
[2025-12-25T02:49:44.430+0000][gc,phases   ] GC(388)   Merge Heap Roots: 0.2ms
[2025-12-25T02:49:44.430+0000][gc,phases   ] GC(388)   Evacuate Collection Set: 12.2ms
[2025-12-25T02:49:44.430+0000][gc,phases   ] GC(388)   Post Evacuate Collection Set: 17.2ms
[2025-12-25T02:49:44.431+0000][gc,phases   ] GC(388)   Other: 0.4ms
[2025-12-25T02:49:44.431+0000][gc,heap     ] GC(388) Eden regions: 608->0(609)
[2025-12-25T02:49:44.432+0000][gc,heap     ] GC(388) Survivor regions: 6->5(77)
[2025-12-25T02:49:44.433+0000][gc,heap     ] GC(388) Old regions: 40->40
[2025-12-25T02:49:44.436+0000][gc,heap     ] GC(388) Humongous regions: 31->31
[2025-12-25T02:49:44.436+0000][gc,metaspace] GC(388) Metaspace: 12553K(13056K)->12553K(13056K) NonClass: 11469K(11712K)->11469K(11712K) Class: 1083K(1344K)->1083K(1344K)
[2025-12-25T02:49:44.437+0000][gc          ] GC(388) Pause Young (Normal) (G1 Evacuation Pause) 683M->75M(1024M) 39.901ms
[2025-12-25T02:49:44.438+0000][gc,cpu      ] GC(388) User=0.14s Sys=0.01s Real=0.04s
[2025-12-25T02:50:34.597+0000][gc,start    ] GC(389) Pause Young (Normal) (G1 Evacuation Pause)
[2025-12-25T02:50:34.598+0000][gc,task     ] GC(389) Using 8 workers of 8 for evacuation
[2025-12-25T02:50:34.611+0000][gc,phases   ] GC(389)   Pre Evacuate Collection Set: 1.4ms
[2025-12-25T02:50:34.611+0000][gc,phases   ] GC(389)   Merge Heap Roots: 0.4ms
[2025-12-25T02:50:34.611+0000][gc,phases   ] GC(389)   Evacuate Collection Set: 9.9ms
[2025-12-25T02:50:34.611+0000][gc,phases   ] GC(389)   Post Evacuate Collection Set: 1.3ms
[2025-12-25T02:50:34.611+0000][gc,phases   ] GC(389)   Other: 0.4ms
[2025-12-25T02:50:34.612+0000][gc,heap     ] GC(389) Eden regions: 609->0(609)
[2025-12-25T02:50:34.612+0000][gc,heap     ] GC(389) Survivor regions: 5->5(77)
[2025-12-25T02:50:34.612+0000][gc,heap     ] GC(389) Old regions: 40->41
[2025-12-25T02:50:34.612+0000][gc,heap     ] GC(389) Humongous regions: 31->31
[2025-12-25T02:50:34.612+0000][gc,metaspace] GC(389) Metaspace: 12553K(13056K)->12553K(13056K) NonClass: 11469K(11712K)->11469K(11712K) Class: 1083K(1344K)->1083K(1344K)
[2025-12-25T02:50:34.612+0000][gc          ] GC(389) Pause Young (Normal) (G1 Evacuation Pause) 684M->76M(1024M) 14.876ms
[2025-12-25T02:50:34.612+0000][gc,cpu      ] GC(389) User=0.08s Sys=0.00s Real=0.01s
[2025-12-25T02:51:24.684+0000][gc,start    ] GC(390) Pause Young (Normal) (G1 Evacuation Pause)
[2025-12-25T02:51:24.685+0000][gc,task     ] GC(390) Using 8 workers of 8 for evacuation
[2025-12-25T02:51:24.694+0000][gc,phases   ] GC(390)   Pre Evacuate Collection Set: 1.5ms
[2025-12-25T02:51:24.694+0000][gc,phases   ] GC(390)   Merge Heap Roots: 0.2ms
[2025-12-25T02:51:24.694+0000][gc,phases   ] GC(390)   Evacuate Collection Set: 6.3ms
[2025-12-25T02:51:24.694+0000][gc,phases   ] GC(390)   Post Evacuate Collection Set: 1.0ms
[2025-12-25T02:51:24.694+0000][gc,phases   ] GC(390)   Other: 0.2ms
[2025-12-25T02:51:24.694+0000][gc,heap     ] GC(390) Eden regions: 609->0(608)
[2025-12-25T02:51:24.694+0000][gc,heap     ] GC(390) Survivor regions: 5->6(77)
[2025-12-25T02:51:24.694+0000][gc,heap     ] GC(390) Old regions: 41->41
[2025-12-25T02:51:24.695+0000][gc,heap     ] GC(390) Humongous regions: 31->31
[2025-12-25T02:51:24.695+0000][gc,metaspace] GC(390) Metaspace: 12553K(13056K)->12553K(13056K) NonClass: 11469K(11712K)->11469K(11712K) Class: 1083K(1344K)->1083K(1344K)
[2025-12-25T02:51:24.695+0000][gc          ] GC(390) Pause Young (Normal) (G1 Evacuation Pause) 685M->76M(1024M) 11.118ms
[2025-12-25T02:51:24.695+0000][gc,cpu      ] GC(390) User=0.06s Sys=0.00s Real=0.01s
[2025-12-25T02:52:24.460+0000][gc,start    ] GC(391) Pause Young (Normal) (G1 Evacuation Pause)
[2025-12-25T02:52:24.461+0000][gc,task     ] GC(391) Using 8 workers of 8 for evacuation
[2025-12-25T02:52:24.481+0000][gc,phases   ] GC(391)   Pre Evacuate Collection Set: 2.0ms
[2025-12-25T02:52:24.482+0000][gc,phases   ] GC(391)   Merge Heap Roots: 0.2ms
[2025-12-25T02:52:24.483+0000][gc,phases   ] GC(391)   Evacuate Collection Set: 15.6ms
[2025-12-25T02:52:24.483+0000][gc,phases   ] GC(391)   Post Evacuate Collection Set: 2.0ms
[2025-12-25T02:52:24.483+0000][gc,phases   ] GC(391)   Other: 0.5ms
[2025-12-25T02:52:24.483+0000][gc,heap     ] GC(391) Eden regions: 608->0(609)
[2025-12-25T02:52:24.483+0000][gc,heap     ] GC(391) Survivor regions: 6->5(77)
[2025-12-25T02:52:24.484+0000][gc,heap     ] GC(391) Old regions: 41->41
[2025-12-25T02:52:24.484+0000][gc,heap     ] GC(391) Humongous regions: 31->31
[2025-12-25T02:52:24.484+0000][gc,metaspace] GC(391) Metaspace: 12553K(13056K)->12553K(13056K) NonClass: 11469K(11712K)->11469K(11712K) Class: 1083K(1344K)->1083K(1344K)
[2025-12-25T02:52:24.484+0000][gc          ] GC(391) Pause Young (Normal) (G1 Evacuation Pause) 684M->75M(1024M) 24.151ms
[2025-12-25T02:52:24.485+0000][gc,cpu      ] GC(391) User=0.07s Sys=0.01s Real=0.02s
[2025-12-25T02:53:14.646+0000][gc,start    ] GC(392) Pause Young (Normal) (G1 Evacuation Pause)
[2025-12-25T02:53:14.647+0000][gc,task     ] GC(392) Using 8 workers of 8 for evacuation
[2025-12-25T02:53:14.679+0000][gc,phases   ] GC(392)   Pre Evacuate Collection Set: 4.0ms
[2025-12-25T02:53:14.679+0000][gc,phases   ] GC(392)   Merge Heap Roots: 1.1ms
[2025-12-25T02:53:14.679+0000][gc,phases   ] GC(392)   Evacuate Collection Set: 24.9ms
[2025-12-25T02:53:14.679+0000][gc,phases   ] GC(392)   Post Evacuate Collection Set: 1.9ms
[2025-12-25T02:53:14.680+0000][gc,phases   ] GC(392)   Other: 0.6ms
[2025-12-25T02:53:14.680+0000][gc,heap     ] GC(392) Eden regions: 609->0(609)
[2025-12-25T02:53:14.680+0000][gc,heap     ] GC(392) Survivor regions: 5->5(77)
[2025-12-25T02:53:14.680+0000][gc,heap     ] GC(392) Old regions: 41->41
[2025-12-25T02:53:14.680+0000][gc,heap     ] GC(392) Humongous regions: 31->31
[2025-12-25T02:53:14.680+0000][gc,metaspace] GC(392) Metaspace: 12553K(13056K)->12553K(13056K) NonClass: 11469K(11712K)->11469K(11712K) Class: 1083K(1344K)->1083K(1344K)
[2025-12-25T02:53:14.680+0000][gc          ] GC(392) Pause Young (Normal) (G1 Evacuation Pause) 684M->76M(1024M) 33.744ms
[2025-12-25T02:53:14.680+0000][gc,cpu      ] GC(392) User=0.22s Sys=0.01s Real=0.04s
[2025-12-25T02:54:04.748+0000][gc,start    ] GC(393) Pause Young (Normal) (G1 Evacuation Pause)
[2025-12-25T02:54:04.748+0000][gc,task     ] GC(393) Using 8 workers of 8 for evacuation
[2025-12-25T02:54:04.766+0000][gc,phases   ] GC(393)   Pre Evacuate Collection Set: 5.8ms
[2025-12-25T02:54:04.766+0000][gc,phases   ] GC(393)   Merge Heap Roots: 0.5ms
[2025-12-25T02:54:04.767+0000][gc,phases   ] GC(393)   Evacuate Collection Set: 7.5ms
[2025-12-25T02:54:04.767+0000][gc,phases   ] GC(393)   Post Evacuate Collection Set: 3.6ms
[2025-12-25T02:54:04.767+0000][gc,phases   ] GC(393)   Other: 0.3ms
[2025-12-25T02:54:04.767+0000][gc,heap     ] GC(393) Eden regions: 609->0(610)
[2025-12-25T02:54:04.767+0000][gc,heap     ] GC(393) Survivor regions: 5->4(77)
[2025-12-25T02:54:04.768+0000][gc,heap     ] GC(393) Old regions: 41->41
[2025-12-25T02:54:04.768+0000][gc,heap     ] GC(393) Humongous regions: 31->31
[2025-12-25T02:54:04.768+0000][gc,metaspace] GC(393) Metaspace: 12553K(13056K)->12553K(13056K) NonClass: 11469K(11712K)->11469K(11712K) Class: 1083K(1344K)->1083K(1344K)
[2025-12-25T02:54:04.768+0000][gc          ] GC(393) Pause Young (Normal) (G1 Evacuation Pause) 685M->75M(1024M) 20.355ms
[2025-12-25T02:54:04.768+0000][gc,cpu      ] GC(393) User=0.09s Sys=0.01s Real=0.02s
[2025-12-25T02:55:04.491+0000][gc,start    ] GC(394) Pause Young (Normal) (G1 Evacuation Pause)
[2025-12-25T02:55:04.491+0000][gc,task     ] GC(394) Using 8 workers of 8 for evacuation
[2025-12-25T02:55:04.509+0000][gc,phases   ] GC(394)   Pre Evacuate Collection Set: 1.4ms
[2025-12-25T02:55:04.509+0000][gc,phases   ] GC(394)   Merge Heap Roots: 0.3ms
[2025-12-25T02:55:04.509+0000][gc,phases   ] GC(394)   Evacuate Collection Set: 14.7ms
[2025-12-25T02:55:04.509+0000][gc,phases   ] GC(394)   Post Evacuate Collection Set: 1.3ms
[2025-12-25T02:55:04.509+0000][gc,phases   ] GC(394)   Other: 0.2ms
[2025-12-25T02:55:04.510+0000][gc,heap     ] GC(394) Eden regions: 610->0(610)
[2025-12-25T02:55:04.510+0000][gc,heap     ] GC(394) Survivor regions: 4->4(77)
[2025-12-25T02:55:04.510+0000][gc,heap     ] GC(394) Old regions: 41->42
[2025-12-25T02:55:04.510+0000][gc,heap     ] GC(394) Humongous regions: 31->31
[2025-12-25T02:55:04.510+0000][gc,metaspace] GC(394) Metaspace: 12553K(13056K)->12553K(13056K) NonClass: 11469K(11712K)->11469K(11712K) Class: 1083K(1344K)->1083K(1344K)
[2025-12-25T02:55:04.510+0000][gc          ] GC(394) Pause Young (Normal) (G1 Evacuation Pause) 685M->76M(1024M) 19.370ms
[2025-12-25T02:55:04.510+0000][gc,cpu      ] GC(394) User=0.13s Sys=0.00s Real=0.02s
[2025-12-25T02:55:54.657+0000][gc,start    ] GC(395) Pause Young (Normal) (G1 Evacuation Pause)
[2025-12-25T02:55:54.658+0000][gc,task     ] GC(395) Using 8 workers of 8 for evacuation
[2025-12-25T02:55:54.669+0000][gc,phases   ] GC(395)   Pre Evacuate Collection Set: 1.0ms
[2025-12-25T02:55:54.669+0000][gc,phases   ] GC(395)   Merge Heap Roots: 0.2ms
[2025-12-25T02:55:54.669+0000][gc,phases   ] GC(395)   Evacuate Collection Set: 8.9ms
[2025-12-25T02:55:54.669+0000][gc,phases   ] GC(395)   Post Evacuate Collection Set: 1.1ms
[2025-12-25T02:55:54.670+0000][gc,phases   ] GC(395)   Other: 0.2ms
[2025-12-25T02:55:54.670+0000][gc,heap     ] GC(395) Eden regions: 610->0(609)
[2025-12-25T02:55:54.670+0000][gc,heap     ] GC(395) Survivor regions: 4->5(77)
[2025-12-25T02:55:54.670+0000][gc,heap     ] GC(395) Old regions: 42->42
[2025-12-25T02:55:54.670+0000][gc,heap     ] GC(395) Humongous regions: 31->31
[2025-12-25T02:55:54.670+0000][gc,metaspace] GC(395) Metaspace: 12553K(13056K)->12553K(13056K) NonClass: 11469K(11712K)->11469K(11712K) Class: 1083K(1344K)->1083K(1344K)
[2025-12-25T02:55:54.670+0000][gc          ] GC(395) Pause Young (Normal) (G1 Evacuation Pause) 686M->76M(1024M) 12.409ms
[2025-12-25T02:55:54.670+0000][gc,cpu      ] GC(395) User=0.08s Sys=0.00s Real=0.01s
[2025-12-25T02:56:54.411+0000][gc,start    ] GC(396) Pause Young (Normal) (G1 Evacuation Pause)
[2025-12-25T02:56:54.415+0000][gc,task     ] GC(396) Using 8 workers of 8 for evacuation
[2025-12-25T02:56:54.427+0000][gc,phases   ] GC(396)   Pre Evacuate Collection Set: 1.8ms
[2025-12-25T02:56:54.427+0000][gc,phases   ] GC(396)   Merge Heap Roots: 0.4ms
[2025-12-25T02:56:54.427+0000][gc,phases   ] GC(396)   Evacuate Collection Set: 8.3ms
[2025-12-25T02:56:54.427+0000][gc,phases   ] GC(396)   Post Evacuate Collection Set: 1.0ms
[2025-12-25T02:56:54.427+0000][gc,phases   ] GC(396)   Other: 0.2ms
[2025-12-25T02:56:54.427+0000][gc,heap     ] GC(396) Eden regions: 609->0(610)
[2025-12-25T02:56:54.427+0000][gc,heap     ] GC(396) Survivor regions: 5->4(77)
[2025-12-25T02:56:54.427+0000][gc,heap     ] GC(396) Old regions: 42->42
[2025-12-25T02:56:54.427+0000][gc,heap     ] GC(396) Humongous regions: 31->31
[2025-12-25T02:56:54.427+0000][gc,metaspace] GC(396) Metaspace: 12553K(13056K)->12553K(13056K) NonClass: 11469K(11712K)->11469K(11712K) Class: 1083K(1344K)->1083K(1344K)
[2025-12-25T02:56:54.427+0000][gc          ] GC(396) Pause Young (Normal) (G1 Evacuation Pause) 685M->75M(1024M) 16.068ms
[2025-12-25T02:56:54.427+0000][gc,cpu      ] GC(396) User=0.08s Sys=0.01s Real=0.01s
[2025-12-25T02:57:44.531+0000][gc,start    ] GC(397) Pause Young (Normal) (G1 Evacuation Pause)
[2025-12-25T02:57:44.532+0000][gc,task     ] GC(397) Using 8 workers of 8 for evacuation
[2025-12-25T02:57:44.542+0000][gc,phases   ] GC(397)   Pre Evacuate Collection Set: 1.1ms
[2025-12-25T02:57:44.542+0000][gc,phases   ] GC(397)   Merge Heap Roots: 0.2ms
[2025-12-25T02:57:44.542+0000][gc,phases   ] GC(397)   Evacuate Collection Set: 6.2ms
[2025-12-25T02:57:44.542+0000][gc,phases   ] GC(397)   Post Evacuate Collection Set: 2.4ms
[2025-12-25T02:57:44.542+0000][gc,phases   ] GC(397)   Other: 0.2ms
[2025-12-25T02:57:44.542+0000][gc,heap     ] GC(397) Eden regions: 610->0(610)
[2025-12-25T02:57:44.542+0000][gc,heap     ] GC(397) Survivor regions: 4->4(77)
[2025-12-25T02:57:44.542+0000][gc,heap     ] GC(397) Old regions: 42->42
[2025-12-25T02:57:44.542+0000][gc,heap     ] GC(397) Humongous regions: 31->31
[2025-12-25T02:57:44.542+0000][gc,metaspace] GC(397) Metaspace: 12553K(13056K)->12553K(13056K) NonClass: 11469K(11712K)->11469K(11712K) Class: 1083K(1344K)->1083K(1344K)
[2025-12-25T02:57:44.542+0000][gc          ] GC(397) Pause Young (Normal) (G1 Evacuation Pause) 685M->76M(1024M) 11.303ms
[2025-12-25T02:57:44.542+0000][gc,cpu      ] GC(397) User=0.06s Sys=0.00s Real=0.01s
[2025-12-25T02:58:34.725+0000][gc,start    ] GC(398) Pause Young (Normal) (G1 Evacuation Pause)
[2025-12-25T02:58:34.726+0000][gc,task     ] GC(398) Using 8 workers of 8 for evacuation
[2025-12-25T02:58:34.745+0000][gc,phases   ] GC(398)   Pre Evacuate Collection Set: 2.3ms
[2025-12-25T02:58:34.745+0000][gc,phases   ] GC(398)   Merge Heap Roots: 0.9ms
[2025-12-25T02:58:34.745+0000][gc,phases   ] GC(398)   Evacuate Collection Set: 14.1ms
[2025-12-25T02:58:34.745+0000][gc,phases   ] GC(398)   Post Evacuate Collection Set: 1.4ms
[2025-12-25T02:58:34.745+0000][gc,phases   ] GC(398)   Other: 0.3ms
[2025-12-25T02:58:34.745+0000][gc,heap     ] GC(398) Eden regions: 610->0(609)
[2025-12-25T02:58:34.745+0000][gc,heap     ] GC(398) Survivor regions: 4->5(77)
[2025-12-25T02:58:34.745+0000][gc,heap     ] GC(398) Old regions: 42->43
[2025-12-25T02:58:34.745+0000][gc,heap     ] GC(398) Humongous regions: 31->31
[2025-12-25T02:58:34.745+0000][gc,metaspace] GC(398) Metaspace: 12553K(13056K)->12553K(13056K) NonClass: 11469K(11712K)->11469K(11712K) Class: 1083K(1344K)->1083K(1344K)
[2025-12-25T02:58:34.746+0000][gc          ] GC(398) Pause Young (Normal) (G1 Evacuation Pause) 686M->77M(1024M) 20.341ms
[2025-12-25T02:58:34.746+0000][gc,cpu      ] GC(398) User=0.10s Sys=0.03s Real=0.02s
[2025-12-25T02:59:34.487+0000][gc,start    ] GC(399) Pause Young (Normal) (G1 Evacuation Pause)
[2025-12-25T02:59:34.488+0000][gc,task     ] GC(399) Using 8 workers of 8 for evacuation
[2025-12-25T02:59:34.514+0000][gc,phases   ] GC(399)   Pre Evacuate Collection Set: 2.4ms
[2025-12-25T02:59:34.515+0000][gc,phases   ] GC(399)   Merge Heap Roots: 0.7ms
[2025-12-25T02:59:34.515+0000][gc,phases   ] GC(399)   Evacuate Collection Set: 21.7ms
[2025-12-25T02:59:34.515+0000][gc,phases   ] GC(399)   Post Evacuate Collection Set: 1.5ms
[2025-12-25T02:59:34.515+0000][gc,phases   ] GC(399)   Other: 0.4ms
[2025-12-25T02:59:34.515+0000][gc,heap     ] GC(399) Eden regions: 609->0(610)
[2025-12-25T02:59:34.515+0000][gc,heap     ] GC(399) Survivor regions: 5->4(77)
[2025-12-25T02:59:34.515+0000][gc,heap     ] GC(399) Old regions: 43->43
[2025-12-25T02:59:34.515+0000][gc,heap     ] GC(399) Humongous regions: 31->31
[2025-12-25T02:59:34.515+0000][gc,metaspace] GC(399) Metaspace: 12553K(13056K)->12553K(13056K) NonClass: 11469K(11712K)->11469K(11712K) Class: 1083K(1344K)->1083K(1344K)
[2025-12-25T02:59:34.515+0000][gc          ] GC(399) Pause Young (Normal) (G1 Evacuation Pause) 686M->76M(1024M) 28.117ms
[2025-12-25T02:59:34.515+0000][gc,cpu      ] GC(399) User=0.19s Sys=0.00s Real=0.03s
[2025-12-25T03:00:24.613+0000][gc,start    ] GC(400) Pause Young (Normal) (G1 Evacuation Pause)
[2025-12-25T03:00:24.613+0000][gc,task     ] GC(400) Using 8 workers of 8 for evacuation
[2025-12-25T03:00:24.623+0000][gc,phases   ] GC(400)   Pre Evacuate Collection Set: 1.1ms
[2025-12-25T03:00:24.623+0000][gc,phases   ] GC(400)   Merge Heap Roots: 0.3ms
[2025-12-25T03:00:24.623+0000][gc,phases   ] GC(400)   Evacuate Collection Set: 6.9ms
[2025-12-25T03:00:24.624+0000][gc,phases   ] GC(400)   Post Evacuate Collection Set: 1.7ms
[2025-12-25T03:00:24.624+0000][gc,phases   ] GC(400)   Other: 0.3ms
[2025-12-25T03:00:24.624+0000][gc,heap     ] GC(400) Eden regions: 610->0(610)
[2025-12-25T03:00:24.624+0000][gc,heap     ] GC(400) Survivor regions: 4->4(77)
[2025-12-25T03:00:24.624+0000][gc,heap     ] GC(400) Old regions: 43->43
[2025-12-25T03:00:24.624+0000][gc,heap     ] GC(400) Humongous regions: 31->31
[2025-12-25T03:00:24.624+0000][gc,metaspace] GC(400) Metaspace: 12554K(13056K)->12554K(13056K) NonClass: 11470K(11712K)->11470K(11712K) Class: 1083K(1344K)->1083K(1344K)
[2025-12-25T03:00:24.624+0000][gc          ] GC(400) Pause Young (Normal) (G1 Evacuation Pause) 686M->77M(1024M) 11.471ms
[2025-12-25T03:00:24.624+0000][gc,cpu      ] GC(400) User=0.05s Sys=0.00s Real=0.01s
[2025-12-25T03:01:24.359+0000][gc,start    ] GC(401) Pause Young (Normal) (G1 Evacuation Pause)
[2025-12-25T03:01:24.360+0000][gc,task     ] GC(401) Using 8 workers of 8 for evacuation
[2025-12-25T03:01:24.371+0000][gc,phases   ] GC(401)   Pre Evacuate Collection Set: 1.4ms
[2025-12-25T03:01:24.371+0000][gc,phases   ] GC(401)   Merge Heap Roots: 0.2ms
[2025-12-25T03:01:24.371+0000][gc,phases   ] GC(401)   Evacuate Collection Set: 6.5ms
[2025-12-25T03:01:24.371+0000][gc,phases   ] GC(401)   Post Evacuate Collection Set: 2.7ms
[2025-12-25T03:01:24.371+0000][gc,phases   ] GC(401)   Other: 0.3ms
[2025-12-25T03:01:24.371+0000][gc,heap     ] GC(401) Eden regions: 610->0(611)
[2025-12-25T03:01:24.371+0000][gc,heap     ] GC(401) Survivor regions: 4->3(77)
[2025-12-25T03:01:24.371+0000][gc,heap     ] GC(401) Old regions: 43->43
[2025-12-25T03:01:24.371+0000][gc,heap     ] GC(401) Humongous regions: 31->31
[2025-12-25T03:01:24.371+0000][gc,metaspace] GC(401) Metaspace: 12579K(13056K)->12579K(13056K) NonClass: 11495K(11712K)->11495K(11712K) Class: 1083K(1344K)->1083K(1344K)
[2025-12-25T03:01:24.371+0000][gc          ] GC(401) Pause Young (Normal) (G1 Evacuation Pause) 687M->76M(1024M) 12.400ms
[2025-12-25T03:01:24.372+0000][gc,cpu      ] GC(401) User=0.06s Sys=0.01s Real=0.01s
[2025-12-25T03:02:14.525+0000][gc,start    ] GC(402) Pause Young (Normal) (G1 Evacuation Pause)
[2025-12-25T03:02:14.526+0000][gc,task     ] GC(402) Using 8 workers of 8 for evacuation
[2025-12-25T03:02:14.541+0000][gc,phases   ] GC(402)   Pre Evacuate Collection Set: 1.1ms
[2025-12-25T03:02:14.541+0000][gc,phases   ] GC(402)   Merge Heap Roots: 0.2ms
[2025-12-25T03:02:14.541+0000][gc,phases   ] GC(402)   Evacuate Collection Set: 11.1ms
[2025-12-25T03:02:14.542+0000][gc,phases   ] GC(402)   Post Evacuate Collection Set: 3.1ms
[2025-12-25T03:02:14.542+0000][gc,phases   ] GC(402)   Other: 0.2ms
[2025-12-25T03:02:14.542+0000][gc,heap     ] GC(402) Eden regions: 611->0(610)
[2025-12-25T03:02:14.542+0000][gc,heap     ] GC(402) Survivor regions: 3->4(77)
[2025-12-25T03:02:14.542+0000][gc,heap     ] GC(402) Old regions: 43->43
[2025-12-25T03:02:14.542+0000][gc,heap     ] GC(402) Humongous regions: 31->31
[2025-12-25T03:02:14.542+0000][gc,metaspace] GC(402) Metaspace: 12579K(13056K)->12579K(13056K) NonClass: 11495K(11712K)->11495K(11712K) Class: 1083K(1344K)->1083K(1344K)
[2025-12-25T03:02:14.542+0000][gc          ] GC(402) Pause Young (Normal) (G1 Evacuation Pause) 687M->76M(1024M) 16.900ms
[2025-12-25T03:02:14.542+0000][gc,cpu      ] GC(402) User=0.10s Sys=0.01s Real=0.01s
[2025-12-25T03:03:04.648+0000][gc,start    ] GC(403) Pause Young (Normal) (G1 Evacuation Pause)
[2025-12-25T03:03:04.648+0000][gc,task     ] GC(403) Using 8 workers of 8 for evacuation
[2025-12-25T03:03:04.661+0000][gc,phases   ] GC(403)   Pre Evacuate Collection Set: 1.0ms
[2025-12-25T03:03:04.661+0000][gc,phases   ] GC(403)   Merge Heap Roots: 0.2ms
[2025-12-25T03:03:04.661+0000][gc,phases   ] GC(403)   Evacuate Collection Set: 10.3ms
[2025-12-25T03:03:04.662+0000][gc,phases   ] GC(403)   Post Evacuate Collection Set: 1.2ms
[2025-12-25T03:03:04.662+0000][gc,phases   ] GC(403)   Other: 0.2ms
[2025-12-25T03:03:04.662+0000][gc,heap     ] GC(403) Eden regions: 610->0(610)
[2025-12-25T03:03:04.662+0000][gc,heap     ] GC(403) Survivor regions: 4->4(77)
[2025-12-25T03:03:04.662+0000][gc,heap     ] GC(403) Old regions: 43->43
[2025-12-25T03:03:04.662+0000][gc,heap     ] GC(403) Humongous regions: 31->31
[2025-12-25T03:03:04.662+0000][gc,metaspace] GC(403) Metaspace: 12579K(13056K)->12579K(13056K) NonClass: 11495K(11712K)->11495K(11712K) Class: 1083K(1344K)->1083K(1344K)
[2025-12-25T03:03:04.663+0000][gc          ] GC(403) Pause Young (Normal) (G1 Evacuation Pause) 686M->77M(1024M) 14.611ms
[2025-12-25T03:03:04.663+0000][gc,cpu      ] GC(403) User=0.09s Sys=0.00s Real=0.02s
[2025-12-25T03:04:04.433+0000][gc,start    ] GC(404) Pause Young (Normal) (G1 Evacuation Pause)
[2025-12-25T03:04:04.434+0000][gc,task     ] GC(404) Using 8 workers of 8 for evacuation
[2025-12-25T03:04:04.442+0000][gc,phases   ] GC(404)   Pre Evacuate Collection Set: 1.0ms
[2025-12-25T03:04:04.442+0000][gc,phases   ] GC(404)   Merge Heap Roots: 0.2ms
[2025-12-25T03:04:04.442+0000][gc,phases   ] GC(404)   Evacuate Collection Set: 6.0ms
[2025-12-25T03:04:04.442+0000][gc,phases   ] GC(404)   Post Evacuate Collection Set: 1.1ms
[2025-12-25T03:04:04.442+0000][gc,phases   ] GC(404)   Other: 0.2ms
[2025-12-25T03:04:04.442+0000][gc,heap     ] GC(404) Eden regions: 610->0(611)
[2025-12-25T03:04:04.443+0000][gc,heap     ] GC(404) Survivor regions: 4->3(77)
[2025-12-25T03:04:04.443+0000][gc,heap     ] GC(404) Old regions: 43->43
[2025-12-25T03:04:04.443+0000][gc,heap     ] GC(404) Humongous regions: 31->31
[2025-12-25T03:04:04.443+0000][gc,metaspace] GC(404) Metaspace: 12579K(13056K)->12579K(13056K) NonClass: 11495K(11712K)->11495K(11712K) Class: 1083K(1344K)->1083K(1344K)
[2025-12-25T03:04:04.443+0000][gc          ] GC(404) Pause Young (Normal) (G1 Evacuation Pause) 687M->76M(1024M) 9.791ms
[2025-12-25T03:04:04.443+0000][gc,cpu      ] GC(404) User=0.06s Sys=0.00s Real=0.01s
[2025-12-25T03:04:54.545+0000][gc,start    ] GC(405) Pause Young (Normal) (G1 Evacuation Pause)
[2025-12-25T03:04:54.547+0000][gc,task     ] GC(405) Using 8 workers of 8 for evacuation
[2025-12-25T03:04:54.556+0000][gc,phases   ] GC(405)   Pre Evacuate Collection Set: 2.1ms
[2025-12-25T03:04:54.556+0000][gc,phases   ] GC(405)   Merge Heap Roots: 0.2ms
[2025-12-25T03:04:54.556+0000][gc,phases   ] GC(405)   Evacuate Collection Set: 5.1ms
[2025-12-25T03:04:54.556+0000][gc,phases   ] GC(405)   Post Evacuate Collection Set: 1.1ms
[2025-12-25T03:04:54.556+0000][gc,phases   ] GC(405)   Other: 0.6ms
[2025-12-25T03:04:54.556+0000][gc,heap     ] GC(405) Eden regions: 611->0(610)
[2025-12-25T03:04:54.556+0000][gc,heap     ] GC(405) Survivor regions: 3->4(77)
[2025-12-25T03:04:54.556+0000][gc,heap     ] GC(405) Old regions: 43->43
[2025-12-25T03:04:54.556+0000][gc,heap     ] GC(405) Humongous regions: 31->31
[2025-12-25T03:04:54.556+0000][gc,metaspace] GC(405) Metaspace: 12579K(13056K)->12579K(13056K) NonClass: 11495K(11712K)->11495K(11712K) Class: 1083K(1344K)->1083K(1344K)
[2025-12-25T03:04:54.556+0000][gc          ] GC(405) Pause Young (Normal) (G1 Evacuation Pause) 687M->77M(1024M) 10.870ms
[2025-12-25T03:04:54.556+0000][gc,cpu      ] GC(405) User=0.04s Sys=0.01s Real=0.01s
[2025-12-25T03:05:54.340+0000][gc,start    ] GC(406) Pause Young (Normal) (G1 Evacuation Pause)
[2025-12-25T03:05:54.340+0000][gc,task     ] GC(406) Using 8 workers of 8 for evacuation
[2025-12-25T03:05:54.353+0000][gc,phases   ] GC(406)   Pre Evacuate Collection Set: 1.1ms
[2025-12-25T03:05:54.353+0000][gc,phases   ] GC(406)   Merge Heap Roots: 0.2ms
[2025-12-25T03:05:54.353+0000][gc,phases   ] GC(406)   Evacuate Collection Set: 9.7ms
[2025-12-25T03:05:54.353+0000][gc,phases   ] GC(406)   Post Evacuate Collection Set: 1.2ms
[2025-12-25T03:05:54.353+0000][gc,phases   ] GC(406)   Other: 0.2ms
[2025-12-25T03:05:54.353+0000][gc,heap     ] GC(406) Eden regions: 610->0(611)
[2025-12-25T03:05:54.353+0000][gc,heap     ] GC(406) Survivor regions: 4->3(77)
[2025-12-25T03:05:54.353+0000][gc,heap     ] GC(406) Old regions: 43->43
[2025-12-25T03:05:54.353+0000][gc,heap     ] GC(406) Humongous regions: 31->31
[2025-12-25T03:05:54.353+0000][gc,metaspace] GC(406) Metaspace: 12579K(13056K)->12579K(13056K) NonClass: 11495K(11712K)->11495K(11712K) Class: 1083K(1344K)->1083K(1344K)
[2025-12-25T03:05:54.353+0000][gc          ] GC(406) Pause Young (Normal) (G1 Evacuation Pause) 687M->76M(1024M) 13.611ms
[2025-12-25T03:05:54.353+0000][gc,cpu      ] GC(406) User=0.07s Sys=0.00s Real=0.01s
[2025-12-25T03:06:44.474+0000][gc,start    ] GC(407) Pause Young (Normal) (G1 Evacuation Pause)
[2025-12-25T03:06:44.475+0000][gc,task     ] GC(407) Using 8 workers of 8 for evacuation
[2025-12-25T03:06:44.483+0000][gc,phases   ] GC(407)   Pre Evacuate Collection Set: 1.5ms
[2025-12-25T03:06:44.484+0000][gc,phases   ] GC(407)   Merge Heap Roots: 1.1ms
[2025-12-25T03:06:44.484+0000][gc,phases   ] GC(407)   Evacuate Collection Set: 4.9ms
[2025-12-25T03:06:44.484+0000][gc,phases   ] GC(407)   Post Evacuate Collection Set: 1.1ms
[2025-12-25T03:06:44.484+0000][gc,phases   ] GC(407)   Other: 0.2ms
[2025-12-25T03:06:44.484+0000][gc,heap     ] GC(407) Eden regions: 611->0(610)
[2025-12-25T03:06:44.484+0000][gc,heap     ] GC(407) Survivor regions: 3->4(77)
[2025-12-25T03:06:44.484+0000][gc,heap     ] GC(407) Old regions: 43->43
[2025-12-25T03:06:44.484+0000][gc,heap     ] GC(407) Humongous regions: 31->31
[2025-12-25T03:06:44.484+0000][gc,metaspace] GC(407) Metaspace: 12579K(13056K)->12579K(13056K) NonClass: 11495K(11712K)->11495K(11712K) Class: 1083K(1344K)->1083K(1344K)
[2025-12-25T03:06:44.484+0000][gc          ] GC(407) Pause Young (Normal) (G1 Evacuation Pause) 687M->77M(1024M) 9.887ms
[2025-12-25T03:06:44.484+0000][gc,cpu      ] GC(407) User=0.05s Sys=0.00s Real=0.01s
[2025-12-25T03:07:34.644+0000][gc,start    ] GC(408) Pause Young (Normal) (G1 Evacuation Pause)
[2025-12-25T03:07:34.646+0000][gc,task     ] GC(408) Using 8 workers of 8 for evacuation
[2025-12-25T03:07:34.659+0000][gc,phases   ] GC(408)   Pre Evacuate Collection Set: 3.2ms
[2025-12-25T03:07:34.659+0000][gc,phases   ] GC(408)   Merge Heap Roots: 0.8ms
[2025-12-25T03:07:34.659+0000][gc,phases   ] GC(408)   Evacuate Collection Set: 7.5ms
[2025-12-25T03:07:34.659+0000][gc,phases   ] GC(408)   Post Evacuate Collection Set: 1.4ms
[2025-12-25T03:07:34.659+0000][gc,phases   ] GC(408)   Other: 1.0ms
[2025-12-25T03:07:34.660+0000][gc,heap     ] GC(408) Eden regions: 610->0(610)
[2025-12-25T03:07:34.660+0000][gc,heap     ] GC(408) Survivor regions: 4->4(77)
[2025-12-25T03:07:34.660+0000][gc,heap     ] GC(408) Old regions: 43->43
[2025-12-25T03:07:34.660+0000][gc,heap     ] GC(408) Humongous regions: 31->31
[2025-12-25T03:07:34.660+0000][gc,metaspace] GC(408) Metaspace: 12579K(13056K)->12579K(13056K) NonClass: 11495K(11712K)->11495K(11712K) Class: 1083K(1344K)->1083K(1344K)
[2025-12-25T03:07:34.660+0000][gc          ] GC(408) Pause Young (Normal) (G1 Evacuation Pause) 687M->77M(1024M) 16.246ms
[2025-12-25T03:07:34.660+0000][gc,cpu      ] GC(408) User=0.07s Sys=0.00s Real=0.02s
[2025-12-25T03:08:34.424+0000][gc,start    ] GC(409) Pause Young (Normal) (G1 Evacuation Pause)
[2025-12-25T03:08:34.424+0000][gc,task     ] GC(409) Using 8 workers of 8 for evacuation
[2025-12-25T03:08:34.436+0000][gc,phases   ] GC(409)   Pre Evacuate Collection Set: 1.1ms
[2025-12-25T03:08:34.436+0000][gc,phases   ] GC(409)   Merge Heap Roots: 0.2ms
[2025-12-25T03:08:34.436+0000][gc,phases   ] GC(409)   Evacuate Collection Set: 8.7ms
[2025-12-25T03:08:34.436+0000][gc,phases   ] GC(409)   Post Evacuate Collection Set: 1.2ms
[2025-12-25T03:08:34.436+0000][gc,phases   ] GC(409)   Other: 0.3ms
[2025-12-25T03:08:34.436+0000][gc,heap     ] GC(409) Eden regions: 610->0(611)
[2025-12-25T03:08:34.436+0000][gc,heap     ] GC(409) Survivor regions: 4->3(77)
[2025-12-25T03:08:34.436+0000][gc,heap     ] GC(409) Old regions: 43->44
[2025-12-25T03:08:34.436+0000][gc,heap     ] GC(409) Humongous regions: 31->31
[2025-12-25T03:08:34.436+0000][gc,metaspace] GC(409) Metaspace: 12579K(13056K)->12579K(13056K) NonClass: 11495K(11712K)->11495K(11712K) Class: 1083K(1344K)->1083K(1344K)
[2025-12-25T03:08:34.437+0000][gc          ] GC(409) Pause Young (Normal) (G1 Evacuation Pause) 687M->77M(1024M) 12.806ms
[2025-12-25T03:08:34.437+0000][gc,cpu      ] GC(409) User=0.07s Sys=0.00s Real=0.01s
[2025-12-25T03:09:24.546+0000][gc,start    ] GC(410) Pause Young (Normal) (G1 Evacuation Pause)
[2025-12-25T03:09:24.546+0000][gc,task     ] GC(410) Using 8 workers of 8 for evacuation
[2025-12-25T03:09:24.556+0000][gc,phases   ] GC(410)   Pre Evacuate Collection Set: 1.2ms
[2025-12-25T03:09:24.556+0000][gc,phases   ] GC(410)   Merge Heap Roots: 0.2ms
[2025-12-25T03:09:24.556+0000][gc,phases   ] GC(410)   Evacuate Collection Set: 6.6ms
[2025-12-25T03:09:24.556+0000][gc,phases   ] GC(410)   Post Evacuate Collection Set: 1.3ms
[2025-12-25T03:09:24.556+0000][gc,phases   ] GC(410)   Other: 0.3ms
[2025-12-25T03:09:24.556+0000][gc,heap     ] GC(410) Eden regions: 611->0(610)
[2025-12-25T03:09:24.556+0000][gc,heap     ] GC(410) Survivor regions: 3->4(77)
[2025-12-25T03:09:24.556+0000][gc,heap     ] GC(410) Old regions: 44->44
[2025-12-25T03:09:24.556+0000][gc,heap     ] GC(410) Humongous regions: 31->31
[2025-12-25T03:09:24.556+0000][gc,metaspace] GC(410) Metaspace: 12579K(13056K)->12579K(13056K) NonClass: 11495K(11712K)->11495K(11712K) Class: 1083K(1344K)->1083K(1344K)
[2025-12-25T03:09:24.556+0000][gc          ] GC(410) Pause Young (Normal) (G1 Evacuation Pause) 688M->77M(1024M) 10.724ms
[2025-12-25T03:09:24.556+0000][gc,cpu      ] GC(410) User=0.06s Sys=0.00s Real=0.02s
[2025-12-25T03:10:24.318+0000][gc,start    ] GC(411) Pause Young (Normal) (G1 Evacuation Pause)
[2025-12-25T03:10:24.319+0000][gc,task     ] GC(411) Using 8 workers of 8 for evacuation
[2025-12-25T03:10:24.329+0000][gc,phases   ] GC(411)   Pre Evacuate Collection Set: 1.7ms
[2025-12-25T03:10:24.329+0000][gc,phases   ] GC(411)   Merge Heap Roots: 0.3ms
[2025-12-25T03:10:24.329+0000][gc,phases   ] GC(411)   Evacuate Collection Set: 6.1ms
[2025-12-25T03:10:24.329+0000][gc,phases   ] GC(411)   Post Evacuate Collection Set: 1.4ms
[2025-12-25T03:10:24.329+0000][gc,phases   ] GC(411)   Other: 0.5ms
[2025-12-25T03:10:24.329+0000][gc,heap     ] GC(411) Eden regions: 610->0(611)
[2025-12-25T03:10:24.330+0000][gc,heap     ] GC(411) Survivor regions: 4->3(77)
[2025-12-25T03:10:24.330+0000][gc,heap     ] GC(411) Old regions: 44->44
[2025-12-25T03:10:24.330+0000][gc,heap     ] GC(411) Humongous regions: 31->31
[2025-12-25T03:10:24.330+0000][gc,metaspace] GC(411) Metaspace: 12579K(13056K)->12579K(13056K) NonClass: 11495K(11712K)->11495K(11712K) Class: 1083K(1344K)->1083K(1344K)
[2025-12-25T03:10:24.330+0000][gc          ] GC(411) Pause Young (Normal) (G1 Evacuation Pause) 687M->77M(1024M) 11.938ms
[2025-12-25T03:10:24.330+0000][gc,cpu      ] GC(411) User=0.05s Sys=0.01s Real=0.01s
[2025-12-25T03:11:14.503+0000][gc,start    ] GC(412) Pause Young (Normal) (G1 Evacuation Pause)
[2025-12-25T03:11:14.504+0000][gc,task     ] GC(412) Using 8 workers of 8 for evacuation
[2025-12-25T03:11:14.521+0000][gc,phases   ] GC(412)   Pre Evacuate Collection Set: 4.0ms
[2025-12-25T03:11:14.522+0000][gc,phases   ] GC(412)   Merge Heap Roots: 0.4ms
[2025-12-25T03:11:14.522+0000][gc,phases   ] GC(412)   Evacuate Collection Set: 5.8ms
[2025-12-25T03:11:14.522+0000][gc,phases   ] GC(412)   Post Evacuate Collection Set: 6.6ms
[2025-12-25T03:11:14.522+0000][gc,phases   ] GC(412)   Other: 0.5ms
[2025-12-25T03:11:14.522+0000][gc,heap     ] GC(412) Eden regions: 611->0(610)
[2025-12-25T03:11:14.522+0000][gc,heap     ] GC(412) Survivor regions: 3->4(77)
[2025-12-25T03:11:14.522+0000][gc,heap     ] GC(412) Old regions: 44->44
[2025-12-25T03:11:14.522+0000][gc,heap     ] GC(412) Humongous regions: 31->31
[2025-12-25T03:11:14.522+0000][gc,metaspace] GC(412) Metaspace: 12579K(13056K)->12579K(13056K) NonClass: 11495K(11712K)->11495K(11712K) Class: 1083K(1344K)->1083K(1344K)
[2025-12-25T03:11:14.522+0000][gc          ] GC(412) Pause Young (Normal) (G1 Evacuation Pause) 688M->77M(1024M) 18.732ms
[2025-12-25T03:11:14.522+0000][gc,cpu      ] GC(412) User=0.07s Sys=0.01s Real=0.02s
[2025-12-25T03:12:04.562+0000][gc,start    ] GC(413) Pause Young (Normal) (G1 Evacuation Pause)
[2025-12-25T03:12:04.563+0000][gc,task     ] GC(413) Using 8 workers of 8 for evacuation
[2025-12-25T03:12:04.571+0000][gc,phases   ] GC(413)   Pre Evacuate Collection Set: 1.1ms
[2025-12-25T03:12:04.572+0000][gc,phases   ] GC(413)   Merge Heap Roots: 0.3ms
[2025-12-25T03:12:04.572+0000][gc,phases   ] GC(413)   Evacuate Collection Set: 5.8ms
[2025-12-25T03:12:04.572+0000][gc,phases   ] GC(413)   Post Evacuate Collection Set: 1.2ms
[2025-12-25T03:12:04.572+0000][gc,phases   ] GC(413)   Other: 0.3ms
[2025-12-25T03:12:04.572+0000][gc,heap     ] GC(413) Eden regions: 610->0(610)
[2025-12-25T03:12:04.572+0000][gc,heap     ] GC(413) Survivor regions: 4->4(77)
[2025-12-25T03:12:04.572+0000][gc,heap     ] GC(413) Old regions: 44->44
[2025-12-25T03:12:04.572+0000][gc,heap     ] GC(413) Humongous regions: 31->31
[2025-12-25T03:12:04.572+0000][gc,metaspace] GC(413) Metaspace: 12579K(13056K)->12579K(13056K) NonClass: 11495K(11712K)->11495K(11712K) Class: 1083K(1344K)->1083K(1344K)
[2025-12-25T03:12:04.572+0000][gc          ] GC(413) Pause Young (Normal) (G1 Evacuation Pause) 687M->78M(1024M) 10.086ms
[2025-12-25T03:12:04.572+0000][gc,cpu      ] GC(413) User=0.05s Sys=0.00s Real=0.01s
[2025-12-25T03:13:04.343+0000][gc,start    ] GC(414) Pause Young (Normal) (G1 Evacuation Pause)
[2025-12-25T03:13:04.343+0000][gc,task     ] GC(414) Using 8 workers of 8 for evacuation
[2025-12-25T03:13:04.350+0000][gc,phases   ] GC(414)   Pre Evacuate Collection Set: 0.9ms
[2025-12-25T03:13:04.350+0000][gc,phases   ] GC(414)   Merge Heap Roots: 0.2ms
[2025-12-25T03:13:04.350+0000][gc,phases   ] GC(414)   Evacuate Collection Set: 4.2ms
[2025-12-25T03:13:04.350+0000][gc,phases   ] GC(414)   Post Evacuate Collection Set: 1.1ms
[2025-12-25T03:13:04.350+0000][gc,phases   ] GC(414)   Other: 0.2ms
[2025-12-25T03:13:04.350+0000][gc,heap     ] GC(414) Eden regions: 610->0(610)
[2025-12-25T03:13:04.350+0000][gc,heap     ] GC(414) Survivor regions: 4->4(77)
[2025-12-25T03:13:04.350+0000][gc,heap     ] GC(414) Old regions: 44->44
[2025-12-25T03:13:04.350+0000][gc,heap     ] GC(414) Humongous regions: 31->31
[2025-12-25T03:13:04.350+0000][gc,metaspace] GC(414) Metaspace: 12580K(13056K)->12580K(13056K) NonClass: 11496K(11712K)->11496K(11712K) Class: 1083K(1344K)->1083K(1344K)
[2025-12-25T03:13:04.350+0000][gc          ] GC(414) Pause Young (Normal) (G1 Evacuation Pause) 688M->77M(1024M) 7.792ms
[2025-12-25T03:13:04.350+0000][gc,cpu      ] GC(414) User=0.04s Sys=0.00s Real=0.01s
[2025-12-25T03:13:54.490+0000][gc,start    ] GC(415) Pause Young (Normal) (G1 Evacuation Pause)
[2025-12-25T03:13:54.491+0000][gc,task     ] GC(415) Using 8 workers of 8 for evacuation
[2025-12-25T03:13:54.500+0000][gc,phases   ] GC(415)   Pre Evacuate Collection Set: 1.0ms
[2025-12-25T03:13:54.500+0000][gc,phases   ] GC(415)   Merge Heap Roots: 0.2ms
[2025-12-25T03:13:54.500+0000][gc,phases   ] GC(415)   Evacuate Collection Set: 4.1ms
[2025-12-25T03:13:54.500+0000][gc,phases   ] GC(415)   Post Evacuate Collection Set: 2.8ms
[2025-12-25T03:13:54.500+0000][gc,phases   ] GC(415)   Other: 0.6ms
[2025-12-25T03:13:54.500+0000][gc,heap     ] GC(415) Eden regions: 610->0(610)
[2025-12-25T03:13:54.500+0000][gc,heap     ] GC(415) Survivor regions: 4->4(77)
[2025-12-25T03:13:54.500+0000][gc,heap     ] GC(415) Old regions: 44->44
[2025-12-25T03:13:54.500+0000][gc,heap     ] GC(415) Humongous regions: 31->31
[2025-12-25T03:13:54.500+0000][gc,metaspace] GC(415) Metaspace: 12580K(13056K)->12580K(13056K) NonClass: 11496K(11712K)->11496K(11712K) Class: 1083K(1344K)->1083K(1344K)
[2025-12-25T03:13:54.501+0000][gc          ] GC(415) Pause Young (Normal) (G1 Evacuation Pause) 687M->78M(1024M) 10.522ms
[2025-12-25T03:13:54.501+0000][gc,cpu      ] GC(415) User=0.05s Sys=0.00s Real=0.01s
[2025-12-25T03:14:44.622+0000][gc,start    ] GC(416) Pause Young (Normal) (G1 Evacuation Pause)
[2025-12-25T03:14:44.623+0000][gc,task     ] GC(416) Using 8 workers of 8 for evacuation
[2025-12-25T03:14:44.629+0000][gc,phases   ] GC(416)   Pre Evacuate Collection Set: 1.0ms
[2025-12-25T03:14:44.629+0000][gc,phases   ] GC(416)   Merge Heap Roots: 0.2ms
[2025-12-25T03:14:44.629+0000][gc,phases   ] GC(416)   Evacuate Collection Set: 4.1ms
[2025-12-25T03:14:44.629+0000][gc,phases   ] GC(416)   Post Evacuate Collection Set: 1.1ms
[2025-12-25T03:14:44.629+0000][gc,phases   ] GC(416)   Other: 0.3ms
[2025-12-25T03:14:44.630+0000][gc,heap     ] GC(416) Eden regions: 610->0(611)
[2025-12-25T03:14:44.630+0000][gc,heap     ] GC(416) Survivor regions: 4->3(77)
[2025-12-25T03:14:44.630+0000][gc,heap     ] GC(416) Old regions: 44->44
[2025-12-25T03:14:44.630+0000][gc,heap     ] GC(416) Humongous regions: 31->31
[2025-12-25T03:14:44.630+0000][gc,metaspace] GC(416) Metaspace: 12580K(13056K)->12580K(13056K) NonClass: 11496K(11712K)->11496K(11712K) Class: 1083K(1344K)->1083K(1344K)
[2025-12-25T03:14:44.630+0000][gc          ] GC(416) Pause Young (Normal) (G1 Evacuation Pause) 688M->77M(1024M) 7.853ms
[2025-12-25T03:14:44.630+0000][gc,cpu      ] GC(416) User=0.03s Sys=0.00s Real=0.00s
[2025-12-25T03:15:44.416+0000][gc,start    ] GC(417) Pause Young (Normal) (G1 Evacuation Pause)
[2025-12-25T03:15:44.417+0000][gc,task     ] GC(417) Using 8 workers of 8 for evacuation
[2025-12-25T03:15:44.430+0000][gc,phases   ] GC(417)   Pre Evacuate Collection Set: 3.2ms
[2025-12-25T03:15:44.430+0000][gc,phases   ] GC(417)   Merge Heap Roots: 0.3ms
[2025-12-25T03:15:44.430+0000][gc,phases   ] GC(417)   Evacuate Collection Set: 8.6ms
[2025-12-25T03:15:44.430+0000][gc,phases   ] GC(417)   Post Evacuate Collection Set: 1.2ms
[2025-12-25T03:15:44.430+0000][gc,phases   ] GC(417)   Other: 0.3ms
[2025-12-25T03:15:44.430+0000][gc,heap     ] GC(417) Eden regions: 611->0(610)
[2025-12-25T03:15:44.430+0000][gc,heap     ] GC(417) Survivor regions: 3->4(77)
[2025-12-25T03:15:44.430+0000][gc,heap     ] GC(417) Old regions: 44->44
[2025-12-25T03:15:44.430+0000][gc,heap     ] GC(417) Humongous regions: 31->31
[2025-12-25T03:15:44.430+0000][gc,metaspace] GC(417) Metaspace: 12580K(13056K)->12580K(13056K) NonClass: 11496K(11712K)->11496K(11712K) Class: 1083K(1344K)->1083K(1344K)
[2025-12-25T03:15:44.431+0000][gc          ] GC(417) Pause Young (Normal) (G1 Evacuation Pause) 688M->77M(1024M) 14.903ms
[2025-12-25T03:15:44.431+0000][gc,cpu      ] GC(417) User=0.09s Sys=0.00s Real=0.02s
[2025-12-25T03:16:34.599+0000][gc,start    ] GC(418) Pause Young (Normal) (G1 Evacuation Pause)
[2025-12-25T03:16:34.600+0000][gc,task     ] GC(418) Using 8 workers of 8 for evacuation
[2025-12-25T03:16:34.610+0000][gc,phases   ] GC(418)   Pre Evacuate Collection Set: 1.1ms
[2025-12-25T03:16:34.610+0000][gc,phases   ] GC(418)   Merge Heap Roots: 0.2ms
[2025-12-25T03:16:34.610+0000][gc,phases   ] GC(418)   Evacuate Collection Set: 7.0ms
[2025-12-25T03:16:34.610+0000][gc,phases   ] GC(418)   Post Evacuate Collection Set: 1.3ms
[2025-12-25T03:16:34.610+0000][gc,phases   ] GC(418)   Other: 0.4ms
[2025-12-25T03:16:34.610+0000][gc,heap     ] GC(418) Eden regions: 610->0(610)
[2025-12-25T03:16:34.610+0000][gc,heap     ] GC(418) Survivor regions: 4->4(77)
[2025-12-25T03:16:34.610+0000][gc,heap     ] GC(418) Old regions: 44->44
[2025-12-25T03:16:34.611+0000][gc,heap     ] GC(418) Humongous regions: 31->31
[2025-12-25T03:16:34.611+0000][gc,metaspace] GC(418) Metaspace: 12580K(13056K)->12580K(13056K) NonClass: 11496K(11712K)->11496K(11712K) Class: 1083K(1344K)->1083K(1344K)
[2025-12-25T03:16:34.611+0000][gc          ] GC(418) Pause Young (Normal) (G1 Evacuation Pause) 687M->78M(1024M) 11.214ms
[2025-12-25T03:16:34.611+0000][gc,cpu      ] GC(418) User=0.06s Sys=0.01s Real=0.01s
[2025-12-25T03:17:34.347+0000][gc,start    ] GC(419) Pause Young (Normal) (G1 Evacuation Pause)
[2025-12-25T03:17:34.350+0000][gc,task     ] GC(419) Using 8 workers of 8 for evacuation
[2025-12-25T03:17:34.360+0000][gc,phases   ] GC(419)   Pre Evacuate Collection Set: 2.2ms
[2025-12-25T03:17:34.360+0000][gc,phases   ] GC(419)   Merge Heap Roots: 0.2ms
[2025-12-25T03:17:34.360+0000][gc,phases   ] GC(419)   Evacuate Collection Set: 5.3ms
[2025-12-25T03:17:34.360+0000][gc,phases   ] GC(419)   Post Evacuate Collection Set: 1.3ms
[2025-12-25T03:17:34.360+0000][gc,phases   ] GC(419)   Other: 0.4ms
[2025-12-25T03:17:34.360+0000][gc,heap     ] GC(419) Eden regions: 610->0(611)
[2025-12-25T03:17:34.360+0000][gc,heap     ] GC(419) Survivor regions: 4->3(77)
[2025-12-25T03:17:34.360+0000][gc,heap     ] GC(419) Old regions: 44->44
[2025-12-25T03:17:34.360+0000][gc,heap     ] GC(419) Humongous regions: 31->31
[2025-12-25T03:17:34.360+0000][gc,metaspace] GC(419) Metaspace: 12580K(13056K)->12580K(13056K) NonClass: 11496K(11712K)->11496K(11712K) Class: 1083K(1344K)->1083K(1344K)
[2025-12-25T03:17:34.360+0000][gc          ] GC(419) Pause Young (Normal) (G1 Evacuation Pause) 688M->77M(1024M) 13.151ms
[2025-12-25T03:17:34.360+0000][gc,cpu      ] GC(419) User=0.06s Sys=0.01s Real=0.01s
[2025-12-25T03:18:24.446+0000][gc,start    ] GC(420) Pause Young (Normal) (G1 Evacuation Pause)
[2025-12-25T03:18:24.447+0000][gc,task     ] GC(420) Using 8 workers of 8 for evacuation
[2025-12-25T03:18:24.454+0000][gc,phases   ] GC(420)   Pre Evacuate Collection Set: 1.1ms
[2025-12-25T03:18:24.454+0000][gc,phases   ] GC(420)   Merge Heap Roots: 0.2ms
[2025-12-25T03:18:24.454+0000][gc,phases   ] GC(420)   Evacuate Collection Set: 4.6ms
[2025-12-25T03:18:24.454+0000][gc,phases   ] GC(420)   Post Evacuate Collection Set: 1.0ms
[2025-12-25T03:18:24.454+0000][gc,phases   ] GC(420)   Other: 0.3ms
[2025-12-25T03:18:24.454+0000][gc,heap     ] GC(420) Eden regions: 611->0(610)
[2025-12-25T03:18:24.454+0000][gc,heap     ] GC(420) Survivor regions: 3->4(77)
[2025-12-25T03:18:24.454+0000][gc,heap     ] GC(420) Old regions: 44->44
[2025-12-25T03:18:24.455+0000][gc,heap     ] GC(420) Humongous regions: 31->31
[2025-12-25T03:18:24.455+0000][gc,metaspace] GC(420) Metaspace: 12580K(13056K)->12580K(13056K) NonClass: 11496K(11712K)->11496K(11712K) Class: 1083K(1344K)->1083K(1344K)
[2025-12-25T03:18:24.455+0000][gc          ] GC(420) Pause Young (Normal) (G1 Evacuation Pause) 688M->78M(1024M) 8.465ms
[2025-12-25T03:18:24.455+0000][gc,cpu      ] GC(420) User=0.04s Sys=0.00s Real=0.01s
[2025-12-25T03:19:14.658+0000][gc,start    ] GC(421) Pause Young (Normal) (G1 Evacuation Pause)
[2025-12-25T03:19:14.659+0000][gc,task     ] GC(421) Using 8 workers of 8 for evacuation
[2025-12-25T03:19:14.673+0000][gc,phases   ] GC(421)   Pre Evacuate Collection Set: 1.0ms
[2025-12-25T03:19:14.673+0000][gc,phases   ] GC(421)   Merge Heap Roots: 0.2ms
[2025-12-25T03:19:14.673+0000][gc,phases   ] GC(421)   Evacuate Collection Set: 11.1ms
[2025-12-25T03:19:14.673+0000][gc,phases   ] GC(421)   Post Evacuate Collection Set: 2.0ms
[2025-12-25T03:19:14.673+0000][gc,phases   ] GC(421)   Other: 0.2ms
[2025-12-25T03:19:14.674+0000][gc,heap     ] GC(421) Eden regions: 610->0(610)
[2025-12-25T03:19:14.674+0000][gc,heap     ] GC(421) Survivor regions: 4->4(77)
[2025-12-25T03:19:14.674+0000][gc,heap     ] GC(421) Old regions: 44->44
[2025-12-25T03:19:14.674+0000][gc,heap     ] GC(421) Humongous regions: 31->31
[2025-12-25T03:19:14.674+0000][gc,metaspace] GC(421) Metaspace: 12580K(13056K)->12580K(13056K) NonClass: 11496K(11712K)->11496K(11712K) Class: 1083K(1344K)->1083K(1344K)
[2025-12-25T03:19:14.674+0000][gc          ] GC(421) Pause Young (Normal) (G1 Evacuation Pause) 688M->78M(1024M) 15.812ms
[2025-12-25T03:19:14.674+0000][gc,cpu      ] GC(421) User=0.09s Sys=0.00s Real=0.01s
[2025-12-25T03:20:14.475+0000][gc,start    ] GC(422) Pause Young (Normal) (G1 Evacuation Pause)
[2025-12-25T03:20:14.475+0000][gc,task     ] GC(422) Using 8 workers of 8 for evacuation
[2025-12-25T03:20:14.505+0000][gc,phases   ] GC(422)   Pre Evacuate Collection Set: 1.0ms
[2025-12-25T03:20:14.505+0000][gc,phases   ] GC(422)   Merge Heap Roots: 0.2ms
[2025-12-25T03:20:14.505+0000][gc,phases   ] GC(422)   Evacuate Collection Set: 26.9ms
[2025-12-25T03:20:14.505+0000][gc,phases   ] GC(422)   Post Evacuate Collection Set: 1.2ms
[2025-12-25T03:20:14.505+0000][gc,phases   ] GC(422)   Other: 0.3ms
[2025-12-25T03:20:14.505+0000][gc,heap     ] GC(422) Eden regions: 610->0(610)
[2025-12-25T03:20:14.505+0000][gc,heap     ] GC(422) Survivor regions: 4->4(77)
[2025-12-25T03:20:14.506+0000][gc,heap     ] GC(422) Old regions: 44->45
[2025-12-25T03:20:14.506+0000][gc,heap     ] GC(422) Humongous regions: 31->31
[2025-12-25T03:20:14.506+0000][gc,metaspace] GC(422) Metaspace: 12580K(13056K)->12580K(13056K) NonClass: 11496K(11712K)->11496K(11712K) Class: 1083K(1344K)->1083K(1344K)
[2025-12-25T03:20:14.506+0000][gc          ] GC(422) Pause Young (Normal) (G1 Evacuation Pause) 688M->78M(1024M) 30.849ms
[2025-12-25T03:20:14.506+0000][gc,cpu      ] GC(422) User=0.12s Sys=0.02s Real=0.03s
[2025-12-25T03:21:04.530+0000][gc,start    ] GC(423) Pause Young (Normal) (G1 Evacuation Pause)
[2025-12-25T03:21:04.531+0000][gc,task     ] GC(423) Using 8 workers of 8 for evacuation
[2025-12-25T03:21:04.547+0000][gc,phases   ] GC(423)   Pre Evacuate Collection Set: 2.4ms
[2025-12-25T03:21:04.547+0000][gc,phases   ] GC(423)   Merge Heap Roots: 0.7ms
[2025-12-25T03:21:04.547+0000][gc,phases   ] GC(423)   Evacuate Collection Set: 10.8ms
[2025-12-25T03:21:04.547+0000][gc,phases   ] GC(423)   Post Evacuate Collection Set: 1.0ms
[2025-12-25T03:21:04.547+0000][gc,phases   ] GC(423)   Other: 0.9ms
[2025-12-25T03:21:04.547+0000][gc,heap     ] GC(423) Eden regions: 610->0(610)
[2025-12-25T03:21:04.547+0000][gc,heap     ] GC(423) Survivor regions: 4->4(77)
[2025-12-25T03:21:04.547+0000][gc,heap     ] GC(423) Old regions: 45->45
[2025-12-25T03:21:04.547+0000][gc,heap     ] GC(423) Humongous regions: 31->31
[2025-12-25T03:21:04.547+0000][gc,metaspace] GC(423) Metaspace: 12580K(13056K)->12580K(13056K) NonClass: 11496K(11712K)->11496K(11712K) Class: 1083K(1344K)->1083K(1344K)
[2025-12-25T03:21:04.548+0000][gc          ] GC(423) Pause Young (Normal) (G1 Evacuation Pause) 688M->79M(1024M) 17.675ms
[2025-12-25T03:21:04.548+0000][gc,cpu      ] GC(423) User=0.10s Sys=0.00s Real=0.02s
[2025-12-25T03:22:04.346+0000][gc,start    ] GC(424) Pause Young (Normal) (G1 Evacuation Pause)
[2025-12-25T03:22:04.347+0000][gc,task     ] GC(424) Using 8 workers of 8 for evacuation
[2025-12-25T03:22:04.356+0000][gc,phases   ] GC(424)   Pre Evacuate Collection Set: 1.2ms
[2025-12-25T03:22:04.356+0000][gc,phases   ] GC(424)   Merge Heap Roots: 0.2ms
[2025-12-25T03:22:04.356+0000][gc,phases   ] GC(424)   Evacuate Collection Set: 6.3ms
[2025-12-25T03:22:04.356+0000][gc,phases   ] GC(424)   Post Evacuate Collection Set: 1.3ms
[2025-12-25T03:22:04.356+0000][gc,phases   ] GC(424)   Other: 0.3ms
[2025-12-25T03:22:04.356+0000][gc,heap     ] GC(424) Eden regions: 610->0(611)
[2025-12-25T03:22:04.356+0000][gc,heap     ] GC(424) Survivor regions: 4->3(77)
[2025-12-25T03:22:04.356+0000][gc,heap     ] GC(424) Old regions: 45->45
[2025-12-25T03:22:04.356+0000][gc,heap     ] GC(424) Humongous regions: 31->31
[2025-12-25T03:22:04.356+0000][gc,metaspace] GC(424) Metaspace: 12580K(13056K)->12580K(13056K) NonClass: 11496K(11712K)->11496K(11712K) Class: 1083K(1344K)->1083K(1344K)
[2025-12-25T03:22:04.357+0000][gc          ] GC(424) Pause Young (Normal) (G1 Evacuation Pause) 689M->78M(1024M) 10.383ms
[2025-12-25T03:22:04.357+0000][gc,cpu      ] GC(424) User=0.06s Sys=0.01s Real=0.01s
[2025-12-25T03:22:54.500+0000][gc,start    ] GC(425) Pause Young (Normal) (G1 Evacuation Pause)
[2025-12-25T03:22:54.500+0000][gc,task     ] GC(425) Using 8 workers of 8 for evacuation
[2025-12-25T03:22:54.508+0000][gc,phases   ] GC(425)   Pre Evacuate Collection Set: 1.0ms
[2025-12-25T03:22:54.508+0000][gc,phases   ] GC(425)   Merge Heap Roots: 0.2ms
[2025-12-25T03:22:54.508+0000][gc,phases   ] GC(425)   Evacuate Collection Set: 5.4ms
[2025-12-25T03:22:54.508+0000][gc,phases   ] GC(425)   Post Evacuate Collection Set: 1.1ms
[2025-12-25T03:22:54.508+0000][gc,phases   ] GC(425)   Other: 0.2ms
[2025-12-25T03:22:54.508+0000][gc,heap     ] GC(425) Eden regions: 611->0(610)
[2025-12-25T03:22:54.508+0000][gc,heap     ] GC(425) Survivor regions: 3->4(77)
[2025-12-25T03:22:54.508+0000][gc,heap     ] GC(425) Old regions: 45->45
[2025-12-25T03:22:54.508+0000][gc,heap     ] GC(425) Humongous regions: 31->31
[2025-12-25T03:22:54.508+0000][gc,metaspace] GC(425) Metaspace: 12580K(13056K)->12580K(13056K) NonClass: 11496K(11712K)->11496K(11712K) Class: 1083K(1344K)->1083K(1344K)
[2025-12-25T03:22:54.508+0000][gc          ] GC(425) Pause Young (Normal) (G1 Evacuation Pause) 689M->79M(1024M) 8.713ms
[2025-12-25T03:22:54.508+0000][gc,cpu      ] GC(425) User=0.05s Sys=0.00s Real=0.01s
[2025-12-25T03:23:44.650+0000][gc,start    ] GC(426) Pause Young (Normal) (G1 Evacuation Pause)
[2025-12-25T03:23:44.651+0000][gc,task     ] GC(426) Using 8 workers of 8 for evacuation
[2025-12-25T03:23:44.666+0000][gc,phases   ] GC(426)   Pre Evacuate Collection Set: 2.0ms
[2025-12-25T03:23:44.666+0000][gc,phases   ] GC(426)   Merge Heap Roots: 0.6ms
[2025-12-25T03:23:44.666+0000][gc,phases   ] GC(426)   Evacuate Collection Set: 10.6ms
[2025-12-25T03:23:44.666+0000][gc,phases   ] GC(426)   Post Evacuate Collection Set: 1.6ms
[2025-12-25T03:23:44.666+0000][gc,phases   ] GC(426)   Other: 0.6ms
[2025-12-25T03:23:44.666+0000][gc,heap     ] GC(426) Eden regions: 610->0(610)
[2025-12-25T03:23:44.667+0000][gc,heap     ] GC(426) Survivor regions: 4->4(77)
[2025-12-25T03:23:44.667+0000][gc,heap     ] GC(426) Old regions: 45->45
[2025-12-25T03:23:44.667+0000][gc,heap     ] GC(426) Humongous regions: 31->31
[2025-12-25T03:23:44.667+0000][gc,metaspace] GC(426) Metaspace: 12580K(13056K)->12580K(13056K) NonClass: 11496K(11712K)->11496K(11712K) Class: 1083K(1344K)->1083K(1344K)
[2025-12-25T03:23:44.667+0000][gc          ] GC(426) Pause Young (Normal) (G1 Evacuation Pause) 689M->79M(1024M) 16.709ms
[2025-12-25T03:23:44.667+0000][gc,cpu      ] GC(426) User=0.10s Sys=0.00s Real=0.02s
[2025-12-25T03:24:44.428+0000][gc,start    ] GC(427) Pause Young (Normal) (G1 Evacuation Pause)
[2025-12-25T03:24:44.430+0000][gc,task     ] GC(427) Using 8 workers of 8 for evacuation
[2025-12-25T03:24:44.451+0000][gc,phases   ] GC(427)   Pre Evacuate Collection Set: 6.7ms
[2025-12-25T03:24:44.451+0000][gc,phases   ] GC(427)   Merge Heap Roots: 0.6ms
[2025-12-25T03:24:44.451+0000][gc,phases   ] GC(427)   Evacuate Collection Set: 7.9ms
[2025-12-25T03:24:44.451+0000][gc,phases   ] GC(427)   Post Evacuate Collection Set: 4.0ms
[2025-12-25T03:24:44.451+0000][gc,phases   ] GC(427)   Other: 1.7ms
[2025-12-25T03:24:44.451+0000][gc,heap     ] GC(427) Eden regions: 610->0(610)
[2025-12-25T03:24:44.451+0000][gc,heap     ] GC(427) Survivor regions: 4->4(77)
[2025-12-25T03:24:44.451+0000][gc,heap     ] GC(427) Old regions: 45->45
[2025-12-25T03:24:44.451+0000][gc,heap     ] GC(427) Humongous regions: 31->31
[2025-12-25T03:24:44.451+0000][gc,metaspace] GC(427) Metaspace: 12581K(13056K)->12581K(13056K) NonClass: 11497K(11712K)->11497K(11712K) Class: 1083K(1344K)->1083K(1344K)
[2025-12-25T03:24:44.452+0000][gc          ] GC(427) Pause Young (Normal) (G1 Evacuation Pause) 689M->78M(1024M) 24.723ms
[2025-12-25T03:24:44.452+0000][gc,cpu      ] GC(427) User=0.10s Sys=0.00s Real=0.03s
[2025-12-25T03:25:34.539+0000][gc,start    ] GC(428) Pause Young (Normal) (G1 Evacuation Pause)
[2025-12-25T03:25:34.539+0000][gc,task     ] GC(428) Using 8 workers of 8 for evacuation
[2025-12-25T03:25:34.557+0000][gc,phases   ] GC(428)   Pre Evacuate Collection Set: 1.1ms
[2025-12-25T03:25:34.557+0000][gc,phases   ] GC(428)   Merge Heap Roots: 0.3ms
[2025-12-25T03:25:34.557+0000][gc,phases   ] GC(428)   Evacuate Collection Set: 4.6ms
[2025-12-25T03:25:34.557+0000][gc,phases   ] GC(428)   Post Evacuate Collection Set: 11.3ms
[2025-12-25T03:25:34.557+0000][gc,phases   ] GC(428)   Other: 0.5ms
[2025-12-25T03:25:34.557+0000][gc,heap     ] GC(428) Eden regions: 610->0(610)
[2025-12-25T03:25:34.557+0000][gc,heap     ] GC(428) Survivor regions: 4->4(77)
[2025-12-25T03:25:34.558+0000][gc,heap     ] GC(428) Old regions: 45->45
[2025-12-25T03:25:34.558+0000][gc,heap     ] GC(428) Humongous regions: 31->31
[2025-12-25T03:25:34.558+0000][gc,metaspace] GC(428) Metaspace: 12583K(13056K)->12583K(13056K) NonClass: 11499K(11712K)->11499K(11712K) Class: 1083K(1344K)->1083K(1344K)
[2025-12-25T03:25:34.558+0000][gc          ] GC(428) Pause Young (Normal) (G1 Evacuation Pause) 688M->79M(1024M) 19.162ms
[2025-12-25T03:25:34.558+0000][gc,cpu      ] GC(428) User=0.04s Sys=0.00s Real=0.02s
[2025-12-25T03:26:34.264+0000][gc,start    ] GC(429) Pause Young (Normal) (G1 Evacuation Pause)
[2025-12-25T03:26:34.265+0000][gc,task     ] GC(429) Using 8 workers of 8 for evacuation
[2025-12-25T03:26:34.291+0000][gc,phases   ] GC(429)   Pre Evacuate Collection Set: 2.7ms
[2025-12-25T03:26:34.291+0000][gc,phases   ] GC(429)   Merge Heap Roots: 0.5ms
[2025-12-25T03:26:34.291+0000][gc,phases   ] GC(429)   Evacuate Collection Set: 16.9ms
[2025-12-25T03:26:34.292+0000][gc,phases   ] GC(429)   Post Evacuate Collection Set: 5.6ms
[2025-12-25T03:26:34.292+0000][gc,phases   ] GC(429)   Other: 1.1ms
[2025-12-25T03:26:34.292+0000][gc,heap     ] GC(429) Eden regions: 610->0(611)
[2025-12-25T03:26:34.292+0000][gc,heap     ] GC(429) Survivor regions: 4->3(77)
[2025-12-25T03:26:34.292+0000][gc,heap     ] GC(429) Old regions: 45->45
[2025-12-25T03:26:34.292+0000][gc,heap     ] GC(429) Humongous regions: 31->31
[2025-12-25T03:26:34.292+0000][gc,metaspace] GC(429) Metaspace: 12583K(13056K)->12583K(13056K) NonClass: 11499K(11712K)->11499K(11712K) Class: 1083K(1344K)->1083K(1344K)
[2025-12-25T03:26:34.292+0000][gc          ] GC(429) Pause Young (Normal) (G1 Evacuation Pause) 689M->78M(1024M) 28.284ms
[2025-12-25T03:26:34.292+0000][gc,cpu      ] GC(429) User=0.16s Sys=0.00s Real=0.03s
[2025-12-25T03:27:24.978+0000][gc,start    ] GC(430) Pause Young (Normal) (G1 Evacuation Pause)
[2025-12-25T03:27:24.978+0000][gc,task     ] GC(430) Using 8 workers of 8 for evacuation
[2025-12-25T03:27:25.004+0000][gc,phases   ] GC(430)   Pre Evacuate Collection Set: 1.5ms
[2025-12-25T03:27:25.005+0000][gc,phases   ] GC(430)   Merge Heap Roots: 0.3ms
[2025-12-25T03:27:25.005+0000][gc,phases   ] GC(430)   Evacuate Collection Set: 22.5ms
[2025-12-25T03:27:25.005+0000][gc,phases   ] GC(430)   Post Evacuate Collection Set: 1.2ms
[2025-12-25T03:27:25.005+0000][gc,phases   ] GC(430)   Other: 0.4ms
[2025-12-25T03:27:25.005+0000][gc,heap     ] GC(430) Eden regions: 611->0(610)
[2025-12-25T03:27:25.005+0000][gc,heap     ] GC(430) Survivor regions: 3->4(77)
[2025-12-25T03:27:25.005+0000][gc,heap     ] GC(430) Old regions: 45->45
[2025-12-25T03:27:25.005+0000][gc,heap     ] GC(430) Humongous regions: 31->31
[2025-12-25T03:27:25.005+0000][gc,metaspace] GC(430) Metaspace: 12583K(13056K)->12583K(13056K) NonClass: 11499K(11712K)->11499K(11712K) Class: 1083K(1344K)->1083K(1344K)
[2025-12-25T03:27:25.005+0000][gc          ] GC(430) Pause Young (Normal) (G1 Evacuation Pause) 689M->79M(1024M) 27.557ms
[2025-12-25T03:27:25.005+0000][gc,cpu      ] GC(430) User=0.17s Sys=0.01s Real=0.03s
[2025-12-25T03:28:14.668+0000][gc,start    ] GC(431) Pause Young (Normal) (G1 Evacuation Pause)
[2025-12-25T03:28:14.668+0000][gc,task     ] GC(431) Using 8 workers of 8 for evacuation
[2025-12-25T03:28:14.682+0000][gc,phases   ] GC(431)   Pre Evacuate Collection Set: 1.5ms
[2025-12-25T03:28:14.682+0000][gc,phases   ] GC(431)   Merge Heap Roots: 0.2ms
[2025-12-25T03:28:14.683+0000][gc,phases   ] GC(431)   Evacuate Collection Set: 10.6ms
[2025-12-25T03:28:14.683+0000][gc,phases   ] GC(431)   Post Evacuate Collection Set: 1.5ms
[2025-12-25T03:28:14.683+0000][gc,phases   ] GC(431)   Other: 0.3ms
[2025-12-25T03:28:14.683+0000][gc,heap     ] GC(431) Eden regions: 610->0(609)
[2025-12-25T03:28:14.683+0000][gc,heap     ] GC(431) Survivor regions: 4->5(77)
[2025-12-25T03:28:14.683+0000][gc,heap     ] GC(431) Old regions: 45->45
[2025-12-25T03:28:14.683+0000][gc,heap     ] GC(431) Humongous regions: 31->31
[2025-12-25T03:28:14.683+0000][gc,metaspace] GC(431) Metaspace: 12583K(13056K)->12583K(13056K) NonClass: 11499K(11712K)->11499K(11712K) Class: 1083K(1344K)->1083K(1344K)
[2025-12-25T03:28:14.683+0000][gc          ] GC(431) Pause Young (Normal) (G1 Evacuation Pause) 689M->79M(1024M) 15.502ms
[2025-12-25T03:28:14.683+0000][gc,cpu      ] GC(431) User=0.08s Sys=0.00s Real=0.01s
[2025-12-25T03:29:14.343+0000][gc,start    ] GC(432) Pause Young (Normal) (G1 Evacuation Pause)
[2025-12-25T03:29:14.345+0000][gc,task     ] GC(432) Using 8 workers of 8 for evacuation
[2025-12-25T03:29:14.373+0000][gc,phases   ] GC(432)   Pre Evacuate Collection Set: 5.5ms
[2025-12-25T03:29:14.373+0000][gc,phases   ] GC(432)   Merge Heap Roots: 0.5ms
[2025-12-25T03:29:14.373+0000][gc,phases   ] GC(432)   Evacuate Collection Set: 18.9ms
[2025-12-25T03:29:14.373+0000][gc,phases   ] GC(432)   Post Evacuate Collection Set: 1.8ms
[2025-12-25T03:29:14.374+0000][gc,phases   ] GC(432)   Other: 1.6ms
[2025-12-25T03:29:14.374+0000][gc,heap     ] GC(432) Eden regions: 609->0(610)
[2025-12-25T03:29:14.375+0000][gc,heap     ] GC(432) Survivor regions: 5->4(77)
[2025-12-25T03:29:14.375+0000][gc,heap     ] GC(432) Old regions: 45->45
[2025-12-25T03:29:14.376+0000][gc,heap     ] GC(432) Humongous regions: 31->31
[2025-12-25T03:29:14.376+0000][gc,metaspace] GC(432) Metaspace: 12583K(13056K)->12583K(13056K) NonClass: 11499K(11712K)->11499K(11712K) Class: 1083K(1344K)->1083K(1344K)
[2025-12-25T03:29:14.377+0000][gc          ] GC(432) Pause Young (Normal) (G1 Evacuation Pause) 688M->78M(1024M) 34.592ms
[2025-12-25T03:29:14.377+0000][gc,cpu      ] GC(432) User=0.16s Sys=0.00s Real=0.04s
[2025-12-25T03:30:04.488+0000][gc,start    ] GC(433) Pause Young (Normal) (G1 Evacuation Pause)
[2025-12-25T03:30:04.488+0000][gc,task     ] GC(433) Using 8 workers of 8 for evacuation
[2025-12-25T03:30:04.501+0000][gc,phases   ] GC(433)   Pre Evacuate Collection Set: 1.1ms
[2025-12-25T03:30:04.501+0000][gc,phases   ] GC(433)   Merge Heap Roots: 0.2ms
[2025-12-25T03:30:04.501+0000][gc,phases   ] GC(433)   Evacuate Collection Set: 9.8ms
[2025-12-25T03:30:04.501+0000][gc,phases   ] GC(433)   Post Evacuate Collection Set: 1.0ms
[2025-12-25T03:30:04.501+0000][gc,phases   ] GC(433)   Other: 0.3ms
[2025-12-25T03:30:04.501+0000][gc,heap     ] GC(433) Eden regions: 610->0(610)
[2025-12-25T03:30:04.501+0000][gc,heap     ] GC(433) Survivor regions: 4->4(77)
[2025-12-25T03:30:04.501+0000][gc,heap     ] GC(433) Old regions: 45->45
[2025-12-25T03:30:04.501+0000][gc,heap     ] GC(433) Humongous regions: 31->31
[2025-12-25T03:30:04.501+0000][gc,metaspace] GC(433) Metaspace: 12583K(13056K)->12583K(13056K) NonClass: 11499K(11712K)->11499K(11712K) Class: 1083K(1344K)->1083K(1344K)
[2025-12-25T03:30:04.501+0000][gc          ] GC(433) Pause Young (Normal) (G1 Evacuation Pause) 688M->79M(1024M) 13.492ms
[2025-12-25T03:30:04.501+0000][gc,cpu      ] GC(433) User=0.09s Sys=0.00s Real=0.02s
[2025-12-25T03:31:04.221+0000][gc,start    ] GC(434) Pause Young (Normal) (G1 Evacuation Pause)
[2025-12-25T03:31:04.222+0000][gc,task     ] GC(434) Using 8 workers of 8 for evacuation
[2025-12-25T03:31:04.241+0000][gc,phases   ] GC(434)   Pre Evacuate Collection Set: 8.2ms
[2025-12-25T03:31:04.241+0000][gc,phases   ] GC(434)   Merge Heap Roots: 0.5ms
[2025-12-25T03:31:04.241+0000][gc,phases   ] GC(434)   Evacuate Collection Set: 8.0ms
[2025-12-25T03:31:04.241+0000][gc,phases   ] GC(434)   Post Evacuate Collection Set: 2.1ms
[2025-12-25T03:31:04.241+0000][gc,phases   ] GC(434)   Other: 0.4ms
[2025-12-25T03:31:04.241+0000][gc,heap     ] GC(434) Eden regions: 610->0(611)
[2025-12-25T03:31:04.241+0000][gc,heap     ] GC(434) Survivor regions: 4->3(77)
[2025-12-25T03:31:04.242+0000][gc,heap     ] GC(434) Old regions: 45->46
[2025-12-25T03:31:04.242+0000][gc,heap     ] GC(434) Humongous regions: 31->31
[2025-12-25T03:31:04.242+0000][gc,metaspace] GC(434) Metaspace: 12583K(13056K)->12583K(13056K) NonClass: 11499K(11712K)->11499K(11712K) Class: 1083K(1344K)->1083K(1344K)
[2025-12-25T03:31:04.242+0000][gc          ] GC(434) Pause Young (Normal) (G1 Evacuation Pause) 689M->78M(1024M) 21.216ms
[2025-12-25T03:31:04.242+0000][gc,cpu      ] GC(434) User=0.12s Sys=0.00s Real=0.02s
[2025-12-25T03:31:54.358+0000][gc,start    ] GC(435) Pause Young (Normal) (G1 Evacuation Pause)
[2025-12-25T03:31:54.359+0000][gc,task     ] GC(435) Using 8 workers of 8 for evacuation
[2025-12-25T03:31:54.368+0000][gc,phases   ] GC(435)   Pre Evacuate Collection Set: 1.0ms
[2025-12-25T03:31:54.368+0000][gc,phases   ] GC(435)   Merge Heap Roots: 0.2ms
[2025-12-25T03:31:54.368+0000][gc,phases   ] GC(435)   Evacuate Collection Set: 4.9ms
[2025-12-25T03:31:54.368+0000][gc,phases   ] GC(435)   Post Evacuate Collection Set: 3.0ms
[2025-12-25T03:31:54.369+0000][gc,phases   ] GC(435)   Other: 0.2ms
[2025-12-25T03:31:54.369+0000][gc,heap     ] GC(435) Eden regions: 611->0(610)
[2025-12-25T03:31:54.369+0000][gc,heap     ] GC(435) Survivor regions: 3->4(77)
[2025-12-25T03:31:54.369+0000][gc,heap     ] GC(435) Old regions: 46->46
[2025-12-25T03:31:54.369+0000][gc,heap     ] GC(435) Humongous regions: 31->31
[2025-12-25T03:31:54.369+0000][gc,metaspace] GC(435) Metaspace: 12583K(13056K)->12583K(13056K) NonClass: 11499K(11712K)->11499K(11712K) Class: 1083K(1344K)->1083K(1344K)
[2025-12-25T03:31:54.369+0000][gc          ] GC(435) Pause Young (Normal) (G1 Evacuation Pause) 689M->79M(1024M) 10.592ms
[2025-12-25T03:31:54.369+0000][gc,cpu      ] GC(435) User=0.05s Sys=0.01s Real=0.01s
[2025-12-25T03:32:44.522+0000][gc,start    ] GC(436) Pause Young (Normal) (G1 Evacuation Pause)
[2025-12-25T03:32:44.523+0000][gc,task     ] GC(436) Using 8 workers of 8 for evacuation
[2025-12-25T03:32:44.541+0000][gc,phases   ] GC(436)   Pre Evacuate Collection Set: 1.2ms
[2025-12-25T03:32:44.541+0000][gc,phases   ] GC(436)   Merge Heap Roots: 0.2ms
[2025-12-25T03:32:44.541+0000][gc,phases   ] GC(436)   Evacuate Collection Set: 10.2ms
[2025-12-25T03:32:44.542+0000][gc,phases   ] GC(436)   Post Evacuate Collection Set: 6.6ms
[2025-12-25T03:32:44.542+0000][gc,phases   ] GC(436)   Other: 0.4ms
[2025-12-25T03:32:44.542+0000][gc,heap     ] GC(436) Eden regions: 610->0(609)
[2025-12-25T03:32:44.542+0000][gc,heap     ] GC(436) Survivor regions: 4->5(77)
[2025-12-25T03:32:44.542+0000][gc,heap     ] GC(436) Old regions: 46->46
[2025-12-25T03:32:44.542+0000][gc,heap     ] GC(436) Humongous regions: 31->31
[2025-12-25T03:32:44.542+0000][gc,metaspace] GC(436) Metaspace: 12583K(13056K)->12583K(13056K) NonClass: 11499K(11712K)->11499K(11712K) Class: 1083K(1344K)->1083K(1344K)
[2025-12-25T03:32:44.543+0000][gc          ] GC(436) Pause Young (Normal) (G1 Evacuation Pause) 689M->80M(1024M) 20.614ms
[2025-12-25T03:32:44.543+0000][gc,cpu      ] GC(436) User=0.11s Sys=0.01s Real=0.02s
[2025-12-25T03:33:44.289+0000][gc,start    ] GC(437) Pause Young (Normal) (G1 Evacuation Pause)
[2025-12-25T03:33:44.290+0000][gc,task     ] GC(437) Using 8 workers of 8 for evacuation
[2025-12-25T03:33:44.307+0000][gc,phases   ] GC(437)   Pre Evacuate Collection Set: 1.6ms
[2025-12-25T03:33:44.307+0000][gc,phases   ] GC(437)   Merge Heap Roots: 1.2ms
[2025-12-25T03:33:44.307+0000][gc,phases   ] GC(437)   Evacuate Collection Set: 11.8ms
[2025-12-25T03:33:44.307+0000][gc,phases   ] GC(437)   Post Evacuate Collection Set: 2.3ms
[2025-12-25T03:33:44.308+0000][gc,phases   ] GC(437)   Other: 0.7ms
[2025-12-25T03:33:44.308+0000][gc,heap     ] GC(437) Eden regions: 609->0(610)
[2025-12-25T03:33:44.308+0000][gc,heap     ] GC(437) Survivor regions: 5->4(77)
[2025-12-25T03:33:44.308+0000][gc,heap     ] GC(437) Old regions: 46->46
[2025-12-25T03:33:44.308+0000][gc,heap     ] GC(437) Humongous regions: 31->31
[2025-12-25T03:33:44.308+0000][gc,metaspace] GC(437) Metaspace: 12583K(13056K)->12583K(13056K) NonClass: 11499K(11712K)->11499K(11712K) Class: 1083K(1344K)->1083K(1344K)
[2025-12-25T03:33:44.308+0000][gc          ] GC(437) Pause Young (Normal) (G1 Evacuation Pause) 689M->79M(1024M) 19.046ms
[2025-12-25T03:33:44.308+0000][gc,cpu      ] GC(437) User=0.08s Sys=0.01s Real=0.02s
[2025-12-25T03:34:34.407+0000][gc,start    ] GC(438) Pause Young (Normal) (G1 Evacuation Pause)
[2025-12-25T03:34:34.408+0000][gc,task     ] GC(438) Using 8 workers of 8 for evacuation
[2025-12-25T03:34:34.423+0000][gc,phases   ] GC(438)   Pre Evacuate Collection Set: 1.2ms
[2025-12-25T03:34:34.423+0000][gc,phases   ] GC(438)   Merge Heap Roots: 0.2ms
[2025-12-25T03:34:34.423+0000][gc,phases   ] GC(438)   Evacuate Collection Set: 12.4ms
[2025-12-25T03:34:34.423+0000][gc,phases   ] GC(438)   Post Evacuate Collection Set: 1.1ms
[2025-12-25T03:34:34.423+0000][gc,phases   ] GC(438)   Other: 0.3ms
[2025-12-25T03:34:34.423+0000][gc,heap     ] GC(438) Eden regions: 610->0(609)
[2025-12-25T03:34:34.423+0000][gc,heap     ] GC(438) Survivor regions: 4->5(77)
[2025-12-25T03:34:34.423+0000][gc,heap     ] GC(438) Old regions: 46->46
[2025-12-25T03:34:34.423+0000][gc,heap     ] GC(438) Humongous regions: 31->31
[2025-12-25T03:34:34.423+0000][gc,metaspace] GC(438) Metaspace: 12584K(13056K)->12584K(13056K) NonClass: 11500K(11712K)->11500K(11712K) Class: 1083K(1344K)->1083K(1344K)
[2025-12-25T03:34:34.423+0000][gc          ] GC(438) Pause Young (Normal) (G1 Evacuation Pause) 689M->80M(1024M) 16.504ms
[2025-12-25T03:34:34.424+0000][gc,cpu      ] GC(438) User=0.11s Sys=0.00s Real=0.02s
[2025-12-25T03:35:24.568+0000][gc,start    ] GC(439) Pause Young (Normal) (G1 Evacuation Pause)
[2025-12-25T03:35:24.569+0000][gc,task     ] GC(439) Using 8 workers of 8 for evacuation
[2025-12-25T03:35:24.576+0000][gc,phases   ] GC(439)   Pre Evacuate Collection Set: 1.1ms
[2025-12-25T03:35:24.576+0000][gc,phases   ] GC(439)   Merge Heap Roots: 0.2ms
[2025-12-25T03:35:24.576+0000][gc,phases   ] GC(439)   Evacuate Collection Set: 4.6ms
[2025-12-25T03:35:24.576+0000][gc,phases   ] GC(439)   Post Evacuate Collection Set: 1.0ms
[2025-12-25T03:35:24.576+0000][gc,phases   ] GC(439)   Other: 0.3ms
[2025-12-25T03:35:24.576+0000][gc,heap     ] GC(439) Eden regions: 609->0(609)
[2025-12-25T03:35:24.577+0000][gc,heap     ] GC(439) Survivor regions: 5->5(77)
[2025-12-25T03:35:24.577+0000][gc,heap     ] GC(439) Old regions: 46->46
[2025-12-25T03:35:24.577+0000][gc,heap     ] GC(439) Humongous regions: 31->31
[2025-12-25T03:35:24.577+0000][gc,metaspace] GC(439) Metaspace: 12584K(13056K)->12584K(13056K) NonClass: 11500K(11712K)->11500K(11712K) Class: 1083K(1344K)->1083K(1344K)
[2025-12-25T03:35:24.577+0000][gc          ] GC(439) Pause Young (Normal) (G1 Evacuation Pause) 689M->80M(1024M) 8.346ms
[2025-12-25T03:35:24.577+0000][gc,cpu      ] GC(439) User=0.04s Sys=0.00s Real=0.01s
[2025-12-25T03:36:24.325+0000][gc,start    ] GC(440) Pause Young (Normal) (G1 Evacuation Pause)
[2025-12-25T03:36:24.327+0000][gc,task     ] GC(440) Using 8 workers of 8 for evacuation
[2025-12-25T03:36:24.336+0000][gc,phases   ] GC(440)   Pre Evacuate Collection Set: 2.5ms
[2025-12-25T03:36:24.336+0000][gc,phases   ] GC(440)   Merge Heap Roots: 0.2ms
[2025-12-25T03:36:24.336+0000][gc,phases   ] GC(440)   Evacuate Collection Set: 5.4ms
[2025-12-25T03:36:24.337+0000][gc,phases   ] GC(440)   Post Evacuate Collection Set: 1.0ms
[2025-12-25T03:36:24.337+0000][gc,phases   ] GC(440)   Other: 0.4ms
[2025-12-25T03:36:24.337+0000][gc,heap     ] GC(440) Eden regions: 609->0(610)
[2025-12-25T03:36:24.337+0000][gc,heap     ] GC(440) Survivor regions: 5->4(77)
[2025-12-25T03:36:24.337+0000][gc,heap     ] GC(440) Old regions: 46->46
[2025-12-25T03:36:24.337+0000][gc,heap     ] GC(440) Humongous regions: 31->31
[2025-12-25T03:36:24.337+0000][gc,metaspace] GC(440) Metaspace: 12584K(13056K)->12584K(13056K) NonClass: 11500K(11712K)->11500K(11712K) Class: 1083K(1344K)->1083K(1344K)
[2025-12-25T03:36:24.337+0000][gc          ] GC(440) Pause Young (Normal) (G1 Evacuation Pause) 689M->80M(1024M) 11.687ms
[2025-12-25T03:36:24.337+0000][gc,cpu      ] GC(440) User=0.05s Sys=0.01s Real=0.01s
[2025-12-25T03:37:14.462+0000][gc,start    ] GC(441) Pause Young (Normal) (G1 Evacuation Pause)
[2025-12-25T03:37:14.463+0000][gc,task     ] GC(441) Using 8 workers of 8 for evacuation
[2025-12-25T03:37:14.478+0000][gc,phases   ] GC(441)   Pre Evacuate Collection Set: 1.0ms
[2025-12-25T03:37:14.478+0000][gc,phases   ] GC(441)   Merge Heap Roots: 0.2ms
[2025-12-25T03:37:14.478+0000][gc,phases   ] GC(441)   Evacuate Collection Set: 12.5ms
[2025-12-25T03:37:14.478+0000][gc,phases   ] GC(441)   Post Evacuate Collection Set: 1.3ms
[2025-12-25T03:37:14.478+0000][gc,phases   ] GC(441)   Other: 0.2ms
[2025-12-25T03:37:14.478+0000][gc,heap     ] GC(441) Eden regions: 610->0(609)
[2025-12-25T03:37:14.478+0000][gc,heap     ] GC(441) Survivor regions: 4->5(77)
[2025-12-25T03:37:14.478+0000][gc,heap     ] GC(441) Old regions: 46->46
[2025-12-25T03:37:14.478+0000][gc,heap     ] GC(441) Humongous regions: 31->31
[2025-12-25T03:37:14.478+0000][gc,metaspace] GC(441) Metaspace: 12584K(13056K)->12584K(13056K) NonClass: 11500K(11712K)->11500K(11712K) Class: 1083K(1344K)->1083K(1344K)
[2025-12-25T03:37:14.479+0000][gc          ] GC(441) Pause Young (Normal) (G1 Evacuation Pause) 690M->80M(1024M) 16.188ms
[2025-12-25T03:37:14.479+0000][gc,cpu      ] GC(441) User=0.10s Sys=0.00s Real=0.01s
[2025-12-25T03:38:14.234+0000][gc,start    ] GC(442) Pause Young (Normal) (G1 Evacuation Pause)
[2025-12-25T03:38:14.235+0000][gc,task     ] GC(442) Using 8 workers of 8 for evacuation
[2025-12-25T03:38:14.248+0000][gc,phases   ] GC(442)   Pre Evacuate Collection Set: 1.4ms
[2025-12-25T03:38:14.249+0000][gc,phases   ] GC(442)   Merge Heap Roots: 0.3ms
[2025-12-25T03:38:14.249+0000][gc,phases   ] GC(442)   Evacuate Collection Set: 10.3ms
[2025-12-25T03:38:14.249+0000][gc,phases   ] GC(442)   Post Evacuate Collection Set: 1.4ms
[2025-12-25T03:38:14.249+0000][gc,phases   ] GC(442)   Other: 0.4ms
[2025-12-25T03:38:14.249+0000][gc,heap     ] GC(442) Eden regions: 609->0(610)
[2025-12-25T03:38:14.249+0000][gc,heap     ] GC(442) Survivor regions: 5->4(77)
[2025-12-25T03:38:14.249+0000][gc,heap     ] GC(442) Old regions: 46->46
[2025-12-25T03:38:14.249+0000][gc,heap     ] GC(442) Humongous regions: 31->31
[2025-12-25T03:38:14.249+0000][gc,metaspace] GC(442) Metaspace: 12584K(13056K)->12584K(13056K) NonClass: 11500K(11712K)->11500K(11712K) Class: 1083K(1344K)->1083K(1344K)
[2025-12-25T03:38:14.249+0000][gc          ] GC(442) Pause Young (Normal) (G1 Evacuation Pause) 689M->79M(1024M) 15.508ms
[2025-12-25T03:38:14.249+0000][gc,cpu      ] GC(442) User=0.09s Sys=0.00s Real=0.02s
[2025-12-25T03:39:04.384+0000][gc,start    ] GC(443) Pause Young (Normal) (G1 Evacuation Pause)
[2025-12-25T03:39:04.384+0000][gc,task     ] GC(443) Using 8 workers of 8 for evacuation
[2025-12-25T03:39:04.391+0000][gc,phases   ] GC(443)   Pre Evacuate Collection Set: 1.0ms
[2025-12-25T03:39:04.391+0000][gc,phases   ] GC(443)   Merge Heap Roots: 0.2ms
[2025-12-25T03:39:04.391+0000][gc,phases   ] GC(443)   Evacuate Collection Set: 4.5ms
[2025-12-25T03:39:04.391+0000][gc,phases   ] GC(443)   Post Evacuate Collection Set: 0.9ms
[2025-12-25T03:39:04.391+0000][gc,phases   ] GC(443)   Other: 0.3ms
[2025-12-25T03:39:04.391+0000][gc,heap     ] GC(443) Eden regions: 610->0(610)
[2025-12-25T03:39:04.391+0000][gc,heap     ] GC(443) Survivor regions: 4->4(77)
[2025-12-25T03:39:04.391+0000][gc,heap     ] GC(443) Old regions: 46->46
[2025-12-25T03:39:04.391+0000][gc,heap     ] GC(443) Humongous regions: 31->31
[2025-12-25T03:39:04.391+0000][gc,metaspace] GC(443) Metaspace: 12584K(13056K)->12584K(13056K) NonClass: 11500K(11712K)->11500K(11712K) Class: 1083K(1344K)->1083K(1344K)
[2025-12-25T03:39:04.391+0000][gc          ] GC(443) Pause Young (Normal) (G1 Evacuation Pause) 689M->80M(1024M) 7.899ms
[2025-12-25T03:39:04.392+0000][gc,cpu      ] GC(443) User=0.04s Sys=0.00s Real=0.01s
[2025-12-25T03:39:54.507+0000][gc,start    ] GC(444) Pause Young (Normal) (G1 Evacuation Pause)
[2025-12-25T03:39:54.508+0000][gc,task     ] GC(444) Using 8 workers of 8 for evacuation
[2025-12-25T03:39:54.524+0000][gc,phases   ] GC(444)   Pre Evacuate Collection Set: 3.2ms
[2025-12-25T03:39:54.525+0000][gc,phases   ] GC(444)   Merge Heap Roots: 0.2ms
[2025-12-25T03:39:54.525+0000][gc,phases   ] GC(444)   Evacuate Collection Set: 10.3ms
[2025-12-25T03:39:54.525+0000][gc,phases   ] GC(444)   Post Evacuate Collection Set: 2.3ms
[2025-12-25T03:39:54.525+0000][gc,phases   ] GC(444)   Other: 0.6ms
[2025-12-25T03:39:54.525+0000][gc,heap     ] GC(444) Eden regions: 610->0(609)
[2025-12-25T03:39:54.525+0000][gc,heap     ] GC(444) Survivor regions: 4->5(77)
[2025-12-25T03:39:54.525+0000][gc,heap     ] GC(444) Old regions: 46->46
[2025-12-25T03:39:54.525+0000][gc,heap     ] GC(444) Humongous regions: 31->31
[2025-12-25T03:39:54.525+0000][gc,metaspace] GC(444) Metaspace: 12584K(13056K)->12584K(13056K) NonClass: 11500K(11712K)->11500K(11712K) Class: 1083K(1344K)->1083K(1344K)
[2025-12-25T03:39:54.526+0000][gc          ] GC(444) Pause Young (Normal) (G1 Evacuation Pause) 690M->81M(1024M) 18.715ms
[2025-12-25T03:39:54.526+0000][gc,cpu      ] GC(444) User=0.10s Sys=0.00s Real=0.02s
[2025-12-25T03:40:54.339+0000][gc,start    ] GC(445) Pause Young (Normal) (G1 Evacuation Pause)
[2025-12-25T03:40:54.340+0000][gc,task     ] GC(445) Using 8 workers of 8 for evacuation
[2025-12-25T03:40:54.354+0000][gc,phases   ] GC(445)   Pre Evacuate Collection Set: 2.7ms
[2025-12-25T03:40:54.355+0000][gc,phases   ] GC(445)   Merge Heap Roots: 0.2ms
[2025-12-25T03:40:54.355+0000][gc,phases   ] GC(445)   Evacuate Collection Set: 9.9ms
[2025-12-25T03:40:54.355+0000][gc,phases   ] GC(445)   Post Evacuate Collection Set: 1.2ms
[2025-12-25T03:40:54.355+0000][gc,phases   ] GC(445)   Other: 0.5ms
[2025-12-25T03:40:54.355+0000][gc,heap     ] GC(445) Eden regions: 609->0(610)
[2025-12-25T03:40:54.355+0000][gc,heap     ] GC(445) Survivor regions: 5->4(77)
[2025-12-25T03:40:54.355+0000][gc,heap     ] GC(445) Old regions: 46->46
[2025-12-25T03:40:54.355+0000][gc,heap     ] GC(445) Humongous regions: 31->31
[2025-12-25T03:40:54.355+0000][gc,metaspace] GC(445) Metaspace: 12584K(13056K)->12584K(13056K) NonClass: 11500K(11712K)->11500K(11712K) Class: 1083K(1344K)->1083K(1344K)
[2025-12-25T03:40:54.355+0000][gc          ] GC(445) Pause Young (Normal) (G1 Evacuation Pause) 690M->80M(1024M) 16.098ms
[2025-12-25T03:40:54.355+0000][gc,cpu      ] GC(445) User=0.09s Sys=0.01s Real=0.02s
[2025-12-25T03:41:44.467+0000][gc,start    ] GC(446) Pause Young (Normal) (G1 Evacuation Pause)
[2025-12-25T03:41:44.469+0000][gc,task     ] GC(446) Using 8 workers of 8 for evacuation
[2025-12-25T03:41:44.483+0000][gc,phases   ] GC(446)   Pre Evacuate Collection Set: 3.1ms
[2025-12-25T03:41:44.483+0000][gc,phases   ] GC(446)   Merge Heap Roots: 0.6ms
[2025-12-25T03:41:44.483+0000][gc,phases   ] GC(446)   Evacuate Collection Set: 8.9ms
[2025-12-25T03:41:44.484+0000][gc,phases   ] GC(446)   Post Evacuate Collection Set: 1.4ms
[2025-12-25T03:41:44.484+0000][gc,phases   ] GC(446)   Other: 0.9ms
[2025-12-25T03:41:44.484+0000][gc,heap     ] GC(446) Eden regions: 610->0(610)
[2025-12-25T03:41:44.484+0000][gc,heap     ] GC(446) Survivor regions: 4->4(77)
[2025-12-25T03:41:44.484+0000][gc,heap     ] GC(446) Old regions: 46->46
[2025-12-25T03:41:44.484+0000][gc,heap     ] GC(446) Humongous regions: 31->31
[2025-12-25T03:41:44.484+0000][gc,metaspace] GC(446) Metaspace: 12584K(13056K)->12584K(13056K) NonClass: 11500K(11712K)->11500K(11712K) Class: 1083K(1344K)->1083K(1344K)
[2025-12-25T03:41:44.484+0000][gc          ] GC(446) Pause Young (Normal) (G1 Evacuation Pause) 690M->80M(1024M) 17.017ms
[2025-12-25T03:41:44.484+0000][gc,cpu      ] GC(446) User=0.09s Sys=0.00s Real=0.02s
[2025-12-25T03:42:44.247+0000][gc,start    ] GC(447) Pause Young (Normal) (G1 Evacuation Pause)
[2025-12-25T03:42:44.247+0000][gc,task     ] GC(447) Using 8 workers of 8 for evacuation
[2025-12-25T03:42:44.266+0000][gc,phases   ] GC(447)   Pre Evacuate Collection Set: 1.8ms
[2025-12-25T03:42:44.267+0000][gc,phases   ] GC(447)   Merge Heap Roots: 0.4ms
[2025-12-25T03:42:44.267+0000][gc,phases   ] GC(447)   Evacuate Collection Set: 13.9ms
[2025-12-25T03:42:44.267+0000][gc,phases   ] GC(447)   Post Evacuate Collection Set: 2.6ms
[2025-12-25T03:42:44.267+0000][gc,phases   ] GC(447)   Other: 0.3ms
[2025-12-25T03:42:44.267+0000][gc,heap     ] GC(447) Eden regions: 610->0(610)
[2025-12-25T03:42:44.267+0000][gc,heap     ] GC(447) Survivor regions: 4->4(77)
[2025-12-25T03:42:44.267+0000][gc,heap     ] GC(447) Old regions: 46->47
[2025-12-25T03:42:44.267+0000][gc,heap     ] GC(447) Humongous regions: 31->31
[2025-12-25T03:42:44.267+0000][gc,metaspace] GC(447) Metaspace: 12584K(13056K)->12584K(13056K) NonClass: 11500K(11712K)->11500K(11712K) Class: 1083K(1344K)->1083K(1344K)
[2025-12-25T03:42:44.267+0000][gc          ] GC(447) Pause Young (Normal) (G1 Evacuation Pause) 690M->80M(1024M) 20.581ms
[2025-12-25T03:42:44.267+0000][gc,cpu      ] GC(447) User=0.11s Sys=0.02s Real=0.02s
[2025-12-25T03:43:34.382+0000][gc,start    ] GC(448) Pause Young (Normal) (G1 Evacuation Pause)
[2025-12-25T03:43:34.383+0000][gc,task     ] GC(448) Using 8 workers of 8 for evacuation
[2025-12-25T03:43:34.392+0000][gc,phases   ] GC(448)   Pre Evacuate Collection Set: 1.4ms
[2025-12-25T03:43:34.392+0000][gc,phases   ] GC(448)   Merge Heap Roots: 0.2ms
[2025-12-25T03:43:34.392+0000][gc,phases   ] GC(448)   Evacuate Collection Set: 5.6ms
[2025-12-25T03:43:34.392+0000][gc,phases   ] GC(448)   Post Evacuate Collection Set: 1.1ms
[2025-12-25T03:43:34.392+0000][gc,phases   ] GC(448)   Other: 0.5ms
[2025-12-25T03:43:34.392+0000][gc,heap     ] GC(448) Eden regions: 610->0(610)
[2025-12-25T03:43:34.392+0000][gc,heap     ] GC(448) Survivor regions: 4->4(77)
[2025-12-25T03:43:34.392+0000][gc,heap     ] GC(448) Old regions: 47->47
[2025-12-25T03:43:34.392+0000][gc,heap     ] GC(448) Humongous regions: 31->31
[2025-12-25T03:43:34.392+0000][gc,metaspace] GC(448) Metaspace: 12584K(13056K)->12584K(13056K) NonClass: 11500K(11712K)->11500K(11712K) Class: 1083K(1344K)->1083K(1344K)
[2025-12-25T03:43:34.392+0000][gc          ] GC(448) Pause Young (Normal) (G1 Evacuation Pause) 690M->80M(1024M) 10.137ms
[2025-12-25T03:43:34.392+0000][gc,cpu      ] GC(448) User=0.05s Sys=0.00s Real=0.01s
[2025-12-25T03:44:24.541+0000][gc,start    ] GC(449) Pause Young (Normal) (G1 Evacuation Pause)
[2025-12-25T03:44:24.542+0000][gc,task     ] GC(449) Using 8 workers of 8 for evacuation
[2025-12-25T03:44:24.549+0000][gc,phases   ] GC(449)   Pre Evacuate Collection Set: 1.1ms
[2025-12-25T03:44:24.549+0000][gc,phases   ] GC(449)   Merge Heap Roots: 0.2ms
[2025-12-25T03:44:24.549+0000][gc,phases   ] GC(449)   Evacuate Collection Set: 5.2ms
[2025-12-25T03:44:24.549+0000][gc,phases   ] GC(449)   Post Evacuate Collection Set: 1.1ms
[2025-12-25T03:44:24.550+0000][gc,phases   ] GC(449)   Other: 0.2ms
[2025-12-25T03:44:24.550+0000][gc,heap     ] GC(449) Eden regions: 610->0(610)
[2025-12-25T03:44:24.550+0000][gc,heap     ] GC(449) Survivor regions: 4->4(77)
[2025-12-25T03:44:24.550+0000][gc,heap     ] GC(449) Old regions: 47->47
[2025-12-25T03:44:24.550+0000][gc,heap     ] GC(449) Humongous regions: 31->31
[2025-12-25T03:44:24.550+0000][gc,metaspace] GC(449) Metaspace: 12584K(13056K)->12584K(13056K) NonClass: 11500K(11712K)->11500K(11712K) Class: 1083K(1344K)->1083K(1344K)
[2025-12-25T03:44:24.550+0000][gc          ] GC(449) Pause Young (Normal) (G1 Evacuation Pause) 690M->81M(1024M) 8.655ms
[2025-12-25T03:44:24.550+0000][gc,cpu      ] GC(449) User=0.05s Sys=0.00s Real=0.01s
[2025-12-25T03:45:24.315+0000][gc,start    ] GC(450) Pause Young (Normal) (G1 Evacuation Pause)
[2025-12-25T03:45:24.316+0000][gc,task     ] GC(450) Using 8 workers of 8 for evacuation
[2025-12-25T03:45:24.325+0000][gc,phases   ] GC(450)   Pre Evacuate Collection Set: 0.9ms
[2025-12-25T03:45:24.325+0000][gc,phases   ] GC(450)   Merge Heap Roots: 0.2ms
[2025-12-25T03:45:24.325+0000][gc,phases   ] GC(450)   Evacuate Collection Set: 7.1ms
[2025-12-25T03:45:24.325+0000][gc,phases   ] GC(450)   Post Evacuate Collection Set: 1.0ms
[2025-12-25T03:45:24.325+0000][gc,phases   ] GC(450)   Other: 0.2ms
[2025-12-25T03:45:24.325+0000][gc,heap     ] GC(450) Eden regions: 610->0(610)
[2025-12-25T03:45:24.325+0000][gc,heap     ] GC(450) Survivor regions: 4->4(77)
[2025-12-25T03:45:24.326+0000][gc,heap     ] GC(450) Old regions: 47->47
[2025-12-25T03:45:24.326+0000][gc,heap     ] GC(450) Humongous regions: 31->31
[2025-12-25T03:45:24.326+0000][gc,metaspace] GC(450) Metaspace: 12584K(13056K)->12584K(13056K) NonClass: 11500K(11712K)->11500K(11712K) Class: 1083K(1344K)->1083K(1344K)
[2025-12-25T03:45:24.326+0000][gc          ] GC(450) Pause Young (Normal) (G1 Evacuation Pause) 691M->80M(1024M) 10.906ms
[2025-12-25T03:45:24.326+0000][gc,cpu      ] GC(450) User=0.05s Sys=0.01s Real=0.01s
[2025-12-25T03:46:14.506+0000][gc,start    ] GC(451) Pause Young (Normal) (G1 Evacuation Pause)
[2025-12-25T03:46:14.506+0000][gc,task     ] GC(451) Using 8 workers of 8 for evacuation
[2025-12-25T03:46:14.516+0000][gc,phases   ] GC(451)   Pre Evacuate Collection Set: 1.3ms
[2025-12-25T03:46:14.516+0000][gc,phases   ] GC(451)   Merge Heap Roots: 0.3ms
[2025-12-25T03:46:14.516+0000][gc,phases   ] GC(451)   Evacuate Collection Set: 6.5ms
[2025-12-25T03:46:14.516+0000][gc,phases   ] GC(451)   Post Evacuate Collection Set: 1.3ms
[2025-12-25T03:46:14.516+0000][gc,phases   ] GC(451)   Other: 0.2ms
[2025-12-25T03:46:14.516+0000][gc,heap     ] GC(451) Eden regions: 610->0(610)
[2025-12-25T03:46:14.516+0000][gc,heap     ] GC(451) Survivor regions: 4->4(77)
[2025-12-25T03:46:14.516+0000][gc,heap     ] GC(451) Old regions: 47->47
[2025-12-25T03:46:14.516+0000][gc,heap     ] GC(451) Humongous regions: 31->31
[2025-12-25T03:46:14.516+0000][gc,metaspace] GC(451) Metaspace: 12584K(13056K)->12584K(13056K) NonClass: 11500K(11712K)->11500K(11712K) Class: 1083K(1344K)->1083K(1344K)
[2025-12-25T03:46:14.516+0000][gc          ] GC(451) Pause Young (Normal) (G1 Evacuation Pause) 690M->80M(1024M) 10.649ms
[2025-12-25T03:46:14.516+0000][gc,cpu      ] GC(451) User=0.06s Sys=0.00s Real=0.01s
[2025-12-25T03:47:04.631+0000][gc,start    ] GC(452) Pause Young (Normal) (G1 Evacuation Pause)
[2025-12-25T03:47:04.632+0000][gc,task     ] GC(452) Using 8 workers of 8 for evacuation
[2025-12-25T03:47:04.645+0000][gc,phases   ] GC(452)   Pre Evacuate Collection Set: 1.1ms
[2025-12-25T03:47:04.645+0000][gc,phases   ] GC(452)   Merge Heap Roots: 0.2ms
[2025-12-25T03:47:04.645+0000][gc,phases   ] GC(452)   Evacuate Collection Set: 10.4ms
[2025-12-25T03:47:04.645+0000][gc,phases   ] GC(452)   Post Evacuate Collection Set: 1.4ms
[2025-12-25T03:47:04.645+0000][gc,phases   ] GC(452)   Other: 0.2ms
[2025-12-25T03:47:04.645+0000][gc,heap     ] GC(452) Eden regions: 610->0(610)
[2025-12-25T03:47:04.645+0000][gc,heap     ] GC(452) Survivor regions: 4->4(77)
[2025-12-25T03:47:04.646+0000][gc,heap     ] GC(452) Old regions: 47->47
[2025-12-25T03:47:04.646+0000][gc,heap     ] GC(452) Humongous regions: 31->31
[2025-12-25T03:47:04.646+0000][gc,metaspace] GC(452) Metaspace: 12589K(13056K)->12589K(13056K) NonClass: 11505K(11712K)->11505K(11712K) Class: 1083K(1344K)->1083K(1344K)
[2025-12-25T03:47:04.646+0000][gc          ] GC(452) Pause Young (Normal) (G1 Evacuation Pause) 690M->81M(1024M) 14.569ms
[2025-12-25T03:47:04.646+0000][gc,cpu      ] GC(452) User=0.08s Sys=0.00s Real=0.01s
[2025-12-25T03:48:04.400+0000][gc,start    ] GC(453) Pause Young (Normal) (G1 Evacuation Pause)
[2025-12-25T03:48:04.401+0000][gc,task     ] GC(453) Using 8 workers of 8 for evacuation
[2025-12-25T03:48:04.412+0000][gc,phases   ] GC(453)   Pre Evacuate Collection Set: 1.3ms
[2025-12-25T03:48:04.413+0000][gc,phases   ] GC(453)   Merge Heap Roots: 0.2ms
[2025-12-25T03:48:04.413+0000][gc,phases   ] GC(453)   Evacuate Collection Set: 6.6ms
[2025-12-25T03:48:04.413+0000][gc,phases   ] GC(453)   Post Evacuate Collection Set: 2.9ms
[2025-12-25T03:48:04.413+0000][gc,phases   ] GC(453)   Other: 0.5ms
[2025-12-25T03:48:04.413+0000][gc,heap     ] GC(453) Eden regions: 610->0(610)
[2025-12-25T03:48:04.413+0000][gc,heap     ] GC(453) Survivor regions: 4->4(77)
[2025-12-25T03:48:04.413+0000][gc,heap     ] GC(453) Old regions: 47->47
[2025-12-25T03:48:04.413+0000][gc,heap     ] GC(453) Humongous regions: 31->31
[2025-12-25T03:48:04.413+0000][gc,metaspace] GC(453) Metaspace: 12589K(13056K)->12589K(13056K) NonClass: 11505K(11712K)->11505K(11712K) Class: 1083K(1344K)->1083K(1344K)
[2025-12-25T03:48:04.413+0000][gc          ] GC(453) Pause Young (Normal) (G1 Evacuation Pause) 691M->80M(1024M) 13.560ms
[2025-12-25T03:48:04.414+0000][gc,cpu      ] GC(453) User=0.07s Sys=0.00s Real=0.01s
[2025-12-25T03:48:54.568+0000][gc,start    ] GC(454) Pause Young (Normal) (G1 Evacuation Pause)
[2025-12-25T03:48:54.569+0000][gc,task     ] GC(454) Using 8 workers of 8 for evacuation
[2025-12-25T03:48:54.581+0000][gc,phases   ] GC(454)   Pre Evacuate Collection Set: 1.5ms
[2025-12-25T03:48:54.581+0000][gc,phases   ] GC(454)   Merge Heap Roots: 0.2ms
[2025-12-25T03:48:54.581+0000][gc,phases   ] GC(454)   Evacuate Collection Set: 5.8ms
[2025-12-25T03:48:54.581+0000][gc,phases   ] GC(454)   Post Evacuate Collection Set: 4.6ms
[2025-12-25T03:48:54.581+0000][gc,phases   ] GC(454)   Other: 0.2ms
[2025-12-25T03:48:54.582+0000][gc,heap     ] GC(454) Eden regions: 610->0(610)
[2025-12-25T03:48:54.582+0000][gc,heap     ] GC(454) Survivor regions: 4->4(77)
[2025-12-25T03:48:54.582+0000][gc,heap     ] GC(454) Old regions: 47->47
[2025-12-25T03:48:54.582+0000][gc,heap     ] GC(454) Humongous regions: 40->40
[2025-12-25T03:48:54.582+0000][gc,metaspace] GC(454) Metaspace: 12592K(13056K)->12592K(13056K) NonClass: 11508K(11712K)->11508K(11712K) Class: 1083K(1344K)->1083K(1344K)
[2025-12-25T03:48:54.582+0000][gc          ] GC(454) Pause Young (Normal) (G1 Evacuation Pause) 699M->90M(1024M) 13.785ms
[2025-12-25T03:48:54.582+0000][gc,cpu      ] GC(454) User=0.06s Sys=0.00s Real=0.01s
[2025-12-25T03:49:54.343+0000][gc,start    ] GC(455) Pause Young (Normal) (G1 Evacuation Pause)
[2025-12-25T03:49:54.343+0000][gc,task     ] GC(455) Using 8 workers of 8 for evacuation
[2025-12-25T03:49:54.360+0000][gc,phases   ] GC(455)   Pre Evacuate Collection Set: 1.2ms
[2025-12-25T03:49:54.360+0000][gc,phases   ] GC(455)   Merge Heap Roots: 0.4ms
[2025-12-25T03:49:54.361+0000][gc,phases   ] GC(455)   Evacuate Collection Set: 8.7ms
[2025-12-25T03:49:54.361+0000][gc,phases   ] GC(455)   Post Evacuate Collection Set: 6.4ms
[2025-12-25T03:49:54.361+0000][gc,phases   ] GC(455)   Other: 0.3ms
[2025-12-25T03:49:54.361+0000][gc,heap     ] GC(455) Eden regions: 610->0(610)
[2025-12-25T03:49:54.361+0000][gc,heap     ] GC(455) Survivor regions: 4->4(77)
[2025-12-25T03:49:54.361+0000][gc,heap     ] GC(455) Old regions: 47->47
[2025-12-25T03:49:54.361+0000][gc,heap     ] GC(455) Humongous regions: 40->40
[2025-12-25T03:49:54.361+0000][gc,metaspace] GC(455) Metaspace: 12592K(13056K)->12592K(13056K) NonClass: 11508K(11712K)->11508K(11712K) Class: 1083K(1344K)->1083K(1344K)
[2025-12-25T03:49:54.361+0000][gc          ] GC(455) Pause Young (Normal) (G1 Evacuation Pause) 700M->89M(1024M) 17.971ms
[2025-12-25T03:49:54.361+0000][gc,cpu      ] GC(455) User=0.07s Sys=0.00s Real=0.02s
[2025-12-25T03:50:44.512+0000][gc,start    ] GC(456) Pause Young (Normal) (G1 Evacuation Pause)
[2025-12-25T03:50:44.514+0000][gc,task     ] GC(456) Using 8 workers of 8 for evacuation
[2025-12-25T03:50:44.594+0000][gc,phases   ] GC(456)   Pre Evacuate Collection Set: 2.9ms
[2025-12-25T03:50:44.594+0000][gc,phases   ] GC(456)   Merge Heap Roots: 0.3ms
[2025-12-25T03:50:44.594+0000][gc,phases   ] GC(456)   Evacuate Collection Set: 69.8ms
[2025-12-25T03:50:44.594+0000][gc,phases   ] GC(456)   Post Evacuate Collection Set: 6.9ms
[2025-12-25T03:50:44.594+0000][gc,phases   ] GC(456)   Other: 0.6ms
[2025-12-25T03:50:44.594+0000][gc,heap     ] GC(456) Eden regions: 610->0(610)
[2025-12-25T03:50:44.594+0000][gc,heap     ] GC(456) Survivor regions: 4->4(77)
[2025-12-25T03:50:44.595+0000][gc,heap     ] GC(456) Old regions: 47->47
[2025-12-25T03:50:44.595+0000][gc,heap     ] GC(456) Humongous regions: 40->40
[2025-12-25T03:50:44.595+0000][gc,metaspace] GC(456) Metaspace: 12592K(13056K)->12592K(13056K) NonClass: 11508K(11712K)->11508K(11712K) Class: 1083K(1344K)->1083K(1344K)
[2025-12-25T03:50:44.595+0000][gc          ] GC(456) Pause Young (Normal) (G1 Evacuation Pause) 699M->90M(1024M) 83.168ms
[2025-12-25T03:50:44.595+0000][gc,cpu      ] GC(456) User=0.48s Sys=0.04s Real=0.08s
[2025-12-25T03:51:44.307+0000][gc,start    ] GC(457) Pause Young (Normal) (G1 Evacuation Pause)
[2025-12-25T03:51:44.307+0000][gc,task     ] GC(457) Using 8 workers of 8 for evacuation
[2025-12-25T03:51:44.318+0000][gc,phases   ] GC(457)   Pre Evacuate Collection Set: 1.1ms
[2025-12-25T03:51:44.318+0000][gc,phases   ] GC(457)   Merge Heap Roots: 0.3ms
[2025-12-25T03:51:44.318+0000][gc,phases   ] GC(457)   Evacuate Collection Set: 7.7ms
[2025-12-25T03:51:44.318+0000][gc,phases   ] GC(457)   Post Evacuate Collection Set: 1.1ms
[2025-12-25T03:51:44.318+0000][gc,phases   ] GC(457)   Other: 0.2ms
[2025-12-25T03:51:44.318+0000][gc,heap     ] GC(457) Eden regions: 610->0(611)
[2025-12-25T03:51:44.318+0000][gc,heap     ] GC(457) Survivor regions: 4->3(77)
[2025-12-25T03:51:44.318+0000][gc,heap     ] GC(457) Old regions: 47->47
[2025-12-25T03:51:44.318+0000][gc,heap     ] GC(457) Humongous regions: 40->40
[2025-12-25T03:51:44.318+0000][gc,metaspace] GC(457) Metaspace: 12592K(13056K)->12592K(13056K) NonClass: 11508K(11712K)->11508K(11712K) Class: 1083K(1344K)->1083K(1344K)
[2025-12-25T03:51:44.318+0000][gc          ] GC(457) Pause Young (Normal) (G1 Evacuation Pause) 700M->89M(1024M) 11.567ms
[2025-12-25T03:51:44.319+0000][gc,cpu      ] GC(457) User=0.06s Sys=0.00s Real=0.01s
[2025-12-25T03:52:34.468+0000][gc,start    ] GC(458) Pause Young (Normal) (G1 Evacuation Pause)
[2025-12-25T03:52:34.468+0000][gc,task     ] GC(458) Using 8 workers of 8 for evacuation
[2025-12-25T03:52:34.487+0000][gc,phases   ] GC(458)   Pre Evacuate Collection Set: 4.9ms
[2025-12-25T03:52:34.487+0000][gc,phases   ] GC(458)   Merge Heap Roots: 1.5ms
[2025-12-25T03:52:34.487+0000][gc,phases   ] GC(458)   Evacuate Collection Set: 11.2ms
[2025-12-25T03:52:34.487+0000][gc,phases   ] GC(458)   Post Evacuate Collection Set: 1.0ms
[2025-12-25T03:52:34.487+0000][gc,phases   ] GC(458)   Other: 0.6ms
[2025-12-25T03:52:34.488+0000][gc,heap     ] GC(458) Eden regions: 611->0(610)
[2025-12-25T03:52:34.488+0000][gc,heap     ] GC(458) Survivor regions: 3->4(77)
[2025-12-25T03:52:34.488+0000][gc,heap     ] GC(458) Old regions: 47->47
[2025-12-25T03:52:34.488+0000][gc,heap     ] GC(458) Humongous regions: 40->40
[2025-12-25T03:52:34.488+0000][gc,metaspace] GC(458) Metaspace: 12592K(13056K)->12592K(13056K) NonClass: 11508K(11712K)->11508K(11712K) Class: 1083K(1344K)->1083K(1344K)
[2025-12-25T03:52:34.488+0000][gc          ] GC(458) Pause Young (Normal) (G1 Evacuation Pause) 700M->90M(1024M) 20.297ms
[2025-12-25T03:52:34.488+0000][gc,cpu      ] GC(458) User=0.11s Sys=0.00s Real=0.02s
[2025-12-25T03:53:34.241+0000][gc,start    ] GC(459) Pause Young (Normal) (G1 Evacuation Pause)
[2025-12-25T03:53:34.242+0000][gc,task     ] GC(459) Using 8 workers of 8 for evacuation
[2025-12-25T03:53:34.252+0000][gc,phases   ] GC(459)   Pre Evacuate Collection Set: 1.2ms
[2025-12-25T03:53:34.252+0000][gc,phases   ] GC(459)   Merge Heap Roots: 0.2ms
[2025-12-25T03:53:34.253+0000][gc,phases   ] GC(459)   Evacuate Collection Set: 7.7ms
[2025-12-25T03:53:34.253+0000][gc,phases   ] GC(459)   Post Evacuate Collection Set: 1.3ms
[2025-12-25T03:53:34.253+0000][gc,phases   ] GC(459)   Other: 0.3ms
[2025-12-25T03:53:34.253+0000][gc,heap     ] GC(459) Eden regions: 610->0(611)
[2025-12-25T03:53:34.253+0000][gc,heap     ] GC(459) Survivor regions: 4->3(77)
[2025-12-25T03:53:34.253+0000][gc,heap     ] GC(459) Old regions: 47->48
[2025-12-25T03:53:34.253+0000][gc,heap     ] GC(459) Humongous regions: 40->40
[2025-12-25T03:53:34.253+0000][gc,metaspace] GC(459) Metaspace: 12592K(13056K)->12592K(13056K) NonClass: 11508K(11712K)->11508K(11712K) Class: 1083K(1344K)->1083K(1344K)
[2025-12-25T03:53:34.253+0000][gc          ] GC(459) Pause Young (Normal) (G1 Evacuation Pause) 700M->89M(1024M) 12.125ms
[2025-12-25T03:53:34.253+0000][gc,cpu      ] GC(459) User=0.06s Sys=0.00s Real=0.01s
[2025-12-25T03:54:24.442+0000][gc,start    ] GC(460) Pause Young (Normal) (G1 Evacuation Pause)
[2025-12-25T03:54:24.446+0000][gc,task     ] GC(460) Using 8 workers of 8 for evacuation
[2025-12-25T03:54:24.454+0000][gc,phases   ] GC(460)   Pre Evacuate Collection Set: 1.2ms
[2025-12-25T03:54:24.455+0000][gc,phases   ] GC(460)   Merge Heap Roots: 0.3ms
[2025-12-25T03:54:24.455+0000][gc,phases   ] GC(460)   Evacuate Collection Set: 5.0ms
[2025-12-25T03:54:24.455+0000][gc,phases   ] GC(460)   Post Evacuate Collection Set: 1.2ms
[2025-12-25T03:54:24.455+0000][gc,phases   ] GC(460)   Other: 0.3ms
[2025-12-25T03:54:24.455+0000][gc,heap     ] GC(460) Eden regions: 611->0(610)
[2025-12-25T03:54:24.455+0000][gc,heap     ] GC(460) Survivor regions: 3->4(77)
[2025-12-25T03:54:24.455+0000][gc,heap     ] GC(460) Old regions: 48->48
[2025-12-25T03:54:24.455+0000][gc,heap     ] GC(460) Humongous regions: 40->40
[2025-12-25T03:54:24.455+0000][gc,metaspace] GC(460) Metaspace: 12592K(13056K)->12592K(13056K) NonClass: 11508K(11712K)->11508K(11712K) Class: 1083K(1344K)->1083K(1344K)
[2025-12-25T03:54:24.455+0000][gc          ] GC(460) Pause Young (Normal) (G1 Evacuation Pause) 700M->90M(1024M) 13.012ms
[2025-12-25T03:54:24.455+0000][gc,cpu      ] GC(460) User=0.04s Sys=0.00s Real=0.01s
[2025-12-25T03:55:24.235+0000][gc,start    ] GC(461) Pause Young (Normal) (G1 Evacuation Pause)
[2025-12-25T03:55:24.237+0000][gc,task     ] GC(461) Using 8 workers of 8 for evacuation
[2025-12-25T03:55:24.257+0000][gc,phases   ] GC(461)   Pre Evacuate Collection Set: 2.1ms
[2025-12-25T03:55:24.257+0000][gc,phases   ] GC(461)   Merge Heap Roots: 0.5ms
[2025-12-25T03:55:24.257+0000][gc,phases   ] GC(461)   Evacuate Collection Set: 12.9ms
[2025-12-25T03:55:24.258+0000][gc,phases   ] GC(461)   Post Evacuate Collection Set: 3.7ms
[2025-12-25T03:55:24.258+0000][gc,phases   ] GC(461)   Other: 1.1ms
[2025-12-25T03:55:24.258+0000][gc,heap     ] GC(461) Eden regions: 610->0(611)
[2025-12-25T03:55:24.259+0000][gc,heap     ] GC(461) Survivor regions: 4->3(77)
[2025-12-25T03:55:24.259+0000][gc,heap     ] GC(461) Old regions: 48->48
[2025-12-25T03:55:24.259+0000][gc,heap     ] GC(461) Humongous regions: 40->40
[2025-12-25T03:55:24.260+0000][gc,metaspace] GC(461) Metaspace: 12592K(13056K)->12592K(13056K) NonClass: 11508K(11712K)->11508K(11712K) Class: 1083K(1344K)->1083K(1344K)
[2025-12-25T03:55:24.261+0000][gc          ] GC(461) Pause Young (Normal) (G1 Evacuation Pause) 700M->89M(1024M) 26.062ms
[2025-12-25T03:55:24.261+0000][gc,cpu      ] GC(461) User=0.09s Sys=0.00s Real=0.03s
[2025-12-25T03:56:14.726+0000][gc,start    ] GC(462) Pause Young (Normal) (G1 Evacuation Pause)
[2025-12-25T03:56:14.727+0000][gc,task     ] GC(462) Using 8 workers of 8 for evacuation
[2025-12-25T03:56:14.745+0000][gc,phases   ] GC(462)   Pre Evacuate Collection Set: 2.4ms
[2025-12-25T03:56:14.745+0000][gc,phases   ] GC(462)   Merge Heap Roots: 0.4ms
[2025-12-25T03:56:14.745+0000][gc,phases   ] GC(462)   Evacuate Collection Set: 13.5ms
[2025-12-25T03:56:14.745+0000][gc,phases   ] GC(462)   Post Evacuate Collection Set: 1.3ms
[2025-12-25T03:56:14.745+0000][gc,phases   ] GC(462)   Other: 0.6ms
[2025-12-25T03:56:14.745+0000][gc,heap     ] GC(462) Eden regions: 611->0(610)
[2025-12-25T03:56:14.745+0000][gc,heap     ] GC(462) Survivor regions: 3->4(77)
[2025-12-25T03:56:14.745+0000][gc,heap     ] GC(462) Old regions: 48->48
[2025-12-25T03:56:14.745+0000][gc,heap     ] GC(462) Humongous regions: 40->40
[2025-12-25T03:56:14.745+0000][gc,metaspace] GC(462) Metaspace: 12592K(13056K)->12592K(13056K) NonClass: 11508K(11712K)->11508K(11712K) Class: 1083K(1344K)->1083K(1344K)
[2025-12-25T03:56:14.746+0000][gc          ] GC(462) Pause Young (Normal) (G1 Evacuation Pause) 700M->90M(1024M) 20.037ms
[2025-12-25T03:56:14.746+0000][gc,cpu      ] GC(462) User=0.11s Sys=0.00s Real=0.02s
[2025-12-25T03:57:04.824+0000][gc,start    ] GC(463) Pause Young (Normal) (G1 Evacuation Pause)
[2025-12-25T03:57:04.825+0000][gc,task     ] GC(463) Using 8 workers of 8 for evacuation
[2025-12-25T03:57:04.832+0000][gc,phases   ] GC(463)   Pre Evacuate Collection Set: 1.0ms
[2025-12-25T03:57:04.832+0000][gc,phases   ] GC(463)   Merge Heap Roots: 0.2ms
[2025-12-25T03:57:04.832+0000][gc,phases   ] GC(463)   Evacuate Collection Set: 4.2ms
[2025-12-25T03:57:04.832+0000][gc,phases   ] GC(463)   Post Evacuate Collection Set: 1.1ms
[2025-12-25T03:57:04.832+0000][gc,phases   ] GC(463)   Other: 0.2ms
[2025-12-25T03:57:04.832+0000][gc,heap     ] GC(463) Eden regions: 610->0(610)
[2025-12-25T03:57:04.832+0000][gc,heap     ] GC(463) Survivor regions: 4->4(77)
[2025-12-25T03:57:04.832+0000][gc,heap     ] GC(463) Old regions: 48->48
[2025-12-25T03:57:04.832+0000][gc,heap     ] GC(463) Humongous regions: 40->40
[2025-12-25T03:57:04.832+0000][gc,metaspace] GC(463) Metaspace: 12592K(13056K)->12592K(13056K) NonClass: 11508K(11712K)->11508K(11712K) Class: 1083K(1344K)->1083K(1344K)
[2025-12-25T03:57:04.832+0000][gc          ] GC(463) Pause Young (Normal) (G1 Evacuation Pause) 700M->90M(1024M) 7.928ms
[2025-12-25T03:57:04.832+0000][gc,cpu      ] GC(463) User=0.04s Sys=0.00s Real=0.01s
[2025-12-25T03:58:04.619+0000][gc,start    ] GC(464) Pause Young (Normal) (G1 Evacuation Pause)
[2025-12-25T03:58:04.620+0000][gc,task     ] GC(464) Using 8 workers of 8 for evacuation
[2025-12-25T03:58:04.640+0000][gc,phases   ] GC(464)   Pre Evacuate Collection Set: 4.0ms
[2025-12-25T03:58:04.640+0000][gc,phases   ] GC(464)   Merge Heap Roots: 1.5ms
[2025-12-25T03:58:04.640+0000][gc,phases   ] GC(464)   Evacuate Collection Set: 13.0ms
[2025-12-25T03:58:04.641+0000][gc,phases   ] GC(464)   Post Evacuate Collection Set: 1.3ms
[2025-12-25T03:58:04.641+0000][gc,phases   ] GC(464)   Other: 0.7ms
[2025-12-25T03:58:04.641+0000][gc,heap     ] GC(464) Eden regions: 610->0(611)
[2025-12-25T03:58:04.641+0000][gc,heap     ] GC(464) Survivor regions: 4->3(77)
[2025-12-25T03:58:04.641+0000][gc,heap     ] GC(464) Old regions: 48->48
[2025-12-25T03:58:04.641+0000][gc,heap     ] GC(464) Humongous regions: 40->40
[2025-12-25T03:58:04.641+0000][gc,metaspace] GC(464) Metaspace: 12594K(13056K)->12594K(13056K) NonClass: 11510K(11712K)->11510K(11712K) Class: 1083K(1344K)->1083K(1344K)
[2025-12-25T03:58:04.641+0000][gc          ] GC(464) Pause Young (Normal) (G1 Evacuation Pause) 700M->90M(1024M) 21.767ms
[2025-12-25T03:58:04.641+0000][gc,cpu      ] GC(464) User=0.11s Sys=0.00s Real=0.02s
[2025-12-25T03:58:54.797+0000][gc,start    ] GC(465) Pause Young (Normal) (G1 Evacuation Pause)
[2025-12-25T03:58:54.797+0000][gc,task     ] GC(465) Using 8 workers of 8 for evacuation
[2025-12-25T03:58:54.814+0000][gc,phases   ] GC(465)   Pre Evacuate Collection Set: 1.0ms
[2025-12-25T03:58:54.814+0000][gc,phases   ] GC(465)   Merge Heap Roots: 0.2ms
[2025-12-25T03:58:54.814+0000][gc,phases   ] GC(465)   Evacuate Collection Set: 14.1ms
[2025-12-25T03:58:54.814+0000][gc,phases   ] GC(465)   Post Evacuate Collection Set: 1.2ms
[2025-12-25T03:58:54.814+0000][gc,phases   ] GC(465)   Other: 0.2ms
[2025-12-25T03:58:54.814+0000][gc,heap     ] GC(465) Eden regions: 611->0(610)
[2025-12-25T03:58:54.814+0000][gc,heap     ] GC(465) Survivor regions: 3->4(77)
[2025-12-25T03:58:54.814+0000][gc,heap     ] GC(465) Old regions: 48->48
[2025-12-25T03:58:54.814+0000][gc,heap     ] GC(465) Humongous regions: 40->40
[2025-12-25T03:58:54.814+0000][gc,metaspace] GC(465) Metaspace: 12594K(13056K)->12594K(13056K) NonClass: 11510K(11712K)->11510K(11712K) Class: 1083K(1344K)->1083K(1344K)
[2025-12-25T03:58:54.815+0000][gc          ] GC(465) Pause Young (Normal) (G1 Evacuation Pause) 701M->90M(1024M) 17.666ms
[2025-12-25T03:58:54.815+0000][gc,cpu      ] GC(465) User=0.11s Sys=0.00s Real=0.02s
[2025-12-25T03:59:54.597+0000][gc,start    ] GC(466) Pause Young (Normal) (G1 Evacuation Pause)
[2025-12-25T03:59:54.597+0000][gc,task     ] GC(466) Using 8 workers of 8 for evacuation
[2025-12-25T03:59:54.604+0000][gc,phases   ] GC(466)   Pre Evacuate Collection Set: 1.1ms
[2025-12-25T03:59:54.604+0000][gc,phases   ] GC(466)   Merge Heap Roots: 0.3ms
[2025-12-25T03:59:54.604+0000][gc,phases   ] GC(466)   Evacuate Collection Set: 4.2ms
[2025-12-25T03:59:54.604+0000][gc,phases   ] GC(466)   Post Evacuate Collection Set: 1.2ms
[2025-12-25T03:59:54.604+0000][gc,phases   ] GC(466)   Other: 0.3ms
[2025-12-25T03:59:54.604+0000][gc,heap     ] GC(466) Eden regions: 610->0(612)
[2025-12-25T03:59:54.605+0000][gc,heap     ] GC(466) Survivor regions: 4->2(77)
[2025-12-25T03:59:54.605+0000][gc,heap     ] GC(466) Old regions: 48->49
[2025-12-25T03:59:54.605+0000][gc,heap     ] GC(466) Humongous regions: 40->40
[2025-12-25T03:59:54.605+0000][gc,metaspace] GC(466) Metaspace: 12594K(13056K)->12594K(13056K) NonClass: 11510K(11712K)->11510K(11712K) Class: 1083K(1344K)->1083K(1344K)
[2025-12-25T03:59:54.605+0000][gc          ] GC(466) Pause Young (Normal) (G1 Evacuation Pause) 700M->89M(1024M) 8.493ms
[2025-12-25T03:59:54.605+0000][gc,cpu      ] GC(466) User=0.04s Sys=0.00s Real=0.00s
[2025-12-25T04:00:44.869+0000][gc,start    ] GC(467) Pause Young (Normal) (G1 Evacuation Pause)
[2025-12-25T04:00:44.869+0000][gc,task     ] GC(467) Using 8 workers of 8 for evacuation
[2025-12-25T04:00:44.885+0000][gc,phases   ] GC(467)   Pre Evacuate Collection Set: 2.4ms
[2025-12-25T04:00:44.885+0000][gc,phases   ] GC(467)   Merge Heap Roots: 0.8ms
[2025-12-25T04:00:44.885+0000][gc,phases   ] GC(467)   Evacuate Collection Set: 11.1ms
[2025-12-25T04:00:44.885+0000][gc,phases   ] GC(467)   Post Evacuate Collection Set: 1.1ms
[2025-12-25T04:00:44.885+0000][gc,phases   ] GC(467)   Other: 0.4ms
[2025-12-25T04:00:44.885+0000][gc,heap     ] GC(467) Eden regions: 612->0(612)
[2025-12-25T04:00:44.885+0000][gc,heap     ] GC(467) Survivor regions: 2->2(77)
[2025-12-25T04:00:44.885+0000][gc,heap     ] GC(467) Old regions: 49->49
[2025-12-25T04:00:44.885+0000][gc,heap     ] GC(467) Humongous regions: 40->40
[2025-12-25T04:00:44.885+0000][gc,metaspace] GC(467) Metaspace: 12594K(13056K)->12594K(13056K) NonClass: 11510K(11712K)->11510K(11712K) Class: 1083K(1344K)->1083K(1344K)
[2025-12-25T04:00:44.885+0000][gc          ] GC(467) Pause Young (Normal) (G1 Evacuation Pause) 701M->90M(1024M) 16.881ms
[2025-12-25T04:00:44.886+0000][gc,cpu      ] GC(467) User=0.09s Sys=0.01s Real=0.02s
[2025-12-25T04:01:44.587+0000][gc,start    ] GC(468) Pause Young (Normal) (G1 Evacuation Pause)
[2025-12-25T04:01:44.587+0000][gc,task     ] GC(468) Using 8 workers of 8 for evacuation
[2025-12-25T04:01:44.603+0000][gc,phases   ] GC(468)   Pre Evacuate Collection Set: 1.2ms
[2025-12-25T04:01:44.603+0000][gc,phases   ] GC(468)   Merge Heap Roots: 0.2ms
[2025-12-25T04:01:44.604+0000][gc,phases   ] GC(468)   Evacuate Collection Set: 11.0ms
[2025-12-25T04:01:44.604+0000][gc,phases   ] GC(468)   Post Evacuate Collection Set: 3.5ms
[2025-12-25T04:01:44.604+0000][gc,phases   ] GC(468)   Other: 0.2ms
[2025-12-25T04:01:44.604+0000][gc,heap     ] GC(468) Eden regions: 612->0(613)
[2025-12-25T04:01:44.604+0000][gc,heap     ] GC(468) Survivor regions: 2->1(77)
[2025-12-25T04:01:44.604+0000][gc,heap     ] GC(468) Old regions: 49->50
[2025-12-25T04:01:44.604+0000][gc,heap     ] GC(468) Humongous regions: 40->40
[2025-12-25T04:01:44.604+0000][gc,metaspace] GC(468) Metaspace: 12594K(13056K)->12594K(13056K) NonClass: 11510K(11712K)->11510K(11712K) Class: 1083K(1344K)->1083K(1344K)
[2025-12-25T04:01:44.604+0000][gc          ] GC(468) Pause Young (Normal) (G1 Evacuation Pause) 702M->89M(1024M) 17.419ms
[2025-12-25T04:01:44.604+0000][gc,cpu      ] GC(468) User=0.07s Sys=0.02s Real=0.02s
[2025-12-25T04:02:34.858+0000][gc,start    ] GC(469) Pause Young (Normal) (G1 Evacuation Pause)
[2025-12-25T04:02:34.859+0000][gc,task     ] GC(469) Using 8 workers of 8 for evacuation
[2025-12-25T04:02:34.877+0000][gc,phases   ] GC(469)   Pre Evacuate Collection Set: 1.7ms
[2025-12-25T04:02:34.877+0000][gc,phases   ] GC(469)   Merge Heap Roots: 0.5ms
[2025-12-25T04:02:34.877+0000][gc,phases   ] GC(469)   Evacuate Collection Set: 12.8ms
[2025-12-25T04:02:34.878+0000][gc,phases   ] GC(469)   Post Evacuate Collection Set: 3.5ms
[2025-12-25T04:02:34.878+0000][gc,phases   ] GC(469)   Other: 0.3ms
[2025-12-25T04:02:34.878+0000][gc,heap     ] GC(469) Eden regions: 613->0(612)
[2025-12-25T04:02:34.878+0000][gc,heap     ] GC(469) Survivor regions: 1->2(77)
[2025-12-25T04:02:34.878+0000][gc,heap     ] GC(469) Old regions: 50->50
[2025-12-25T04:02:34.878+0000][gc,heap     ] GC(469) Humongous regions: 40->40
[2025-12-25T04:02:34.878+0000][gc,metaspace] GC(469) Metaspace: 12594K(13056K)->12594K(13056K) NonClass: 11510K(11712K)->11510K(11712K) Class: 1083K(1344K)->1083K(1344K)
[2025-12-25T04:02:34.878+0000][gc          ] GC(469) Pause Young (Normal) (G1 Evacuation Pause) 702M->90M(1024M) 19.977ms
[2025-12-25T04:02:34.878+0000][gc,cpu      ] GC(469) User=0.11s Sys=0.01s Real=0.02s
[2025-12-25T04:03:34.557+0000][gc,start    ] GC(470) Pause Young (Normal) (G1 Evacuation Pause)
[2025-12-25T04:03:34.558+0000][gc,task     ] GC(470) Using 8 workers of 8 for evacuation
[2025-12-25T04:03:34.571+0000][gc,phases   ] GC(470)   Pre Evacuate Collection Set: 1.7ms
[2025-12-25T04:03:34.571+0000][gc,phases   ] GC(470)   Merge Heap Roots: 0.4ms
[2025-12-25T04:03:34.571+0000][gc,phases   ] GC(470)   Evacuate Collection Set: 9.7ms
[2025-12-25T04:03:34.571+0000][gc,phases   ] GC(470)   Post Evacuate Collection Set: 1.3ms
[2025-12-25T04:03:34.571+0000][gc,phases   ] GC(470)   Other: 0.3ms
[2025-12-25T04:03:34.572+0000][gc,heap     ] GC(470) Eden regions: 612->0(613)
[2025-12-25T04:03:34.572+0000][gc,heap     ] GC(470) Survivor regions: 2->1(77)
[2025-12-25T04:03:34.572+0000][gc,heap     ] GC(470) Old regions: 50->50
[2025-12-25T04:03:34.572+0000][gc,heap     ] GC(470) Humongous regions: 40->40
[2025-12-25T04:03:34.572+0000][gc,metaspace] GC(470) Metaspace: 12594K(13056K)->12594K(13056K) NonClass: 11510K(11712K)->11510K(11712K) Class: 1083K(1344K)->1083K(1344K)
[2025-12-25T04:03:34.572+0000][gc          ] GC(470) Pause Young (Normal) (G1 Evacuation Pause) 702M->89M(1024M) 14.726ms
[2025-12-25T04:03:34.572+0000][gc,cpu      ] GC(470) User=0.08s Sys=0.01s Real=0.01s
[2025-12-25T04:04:24.734+0000][gc,start    ] GC(471) Pause Young (Normal) (G1 Evacuation Pause)
[2025-12-25T04:04:24.734+0000][gc,task     ] GC(471) Using 8 workers of 8 for evacuation
[2025-12-25T04:04:24.748+0000][gc,phases   ] GC(471)   Pre Evacuate Collection Set: 1.1ms
[2025-12-25T04:04:24.748+0000][gc,phases   ] GC(471)   Merge Heap Roots: 0.2ms
[2025-12-25T04:04:24.748+0000][gc,phases   ] GC(471)   Evacuate Collection Set: 9.4ms
[2025-12-25T04:04:24.748+0000][gc,phases   ] GC(471)   Post Evacuate Collection Set: 2.5ms
[2025-12-25T04:04:24.748+0000][gc,phases   ] GC(471)   Other: 0.2ms
[2025-12-25T04:04:24.748+0000][gc,heap     ] GC(471) Eden regions: 613->0(612)
[2025-12-25T04:04:24.748+0000][gc,heap     ] GC(471) Survivor regions: 1->2(77)
[2025-12-25T04:04:24.748+0000][gc,heap     ] GC(471) Old regions: 50->50
[2025-12-25T04:04:24.748+0000][gc,heap     ] GC(471) Humongous regions: 40->40
[2025-12-25T04:04:24.748+0000][gc,metaspace] GC(471) Metaspace: 12594K(13056K)->12594K(13056K) NonClass: 11510K(11712K)->11510K(11712K) Class: 1083K(1344K)->1083K(1344K)
[2025-12-25T04:04:24.749+0000][gc          ] GC(471) Pause Young (Normal) (G1 Evacuation Pause) 702M->90M(1024M) 14.984ms
[2025-12-25T04:04:24.749+0000][gc,cpu      ] GC(471) User=0.09s Sys=0.00s Real=0.02s
[2025-12-25T04:05:24.523+0000][gc,start    ] GC(472) Pause Young (Normal) (G1 Evacuation Pause)
[2025-12-25T04:05:24.524+0000][gc,task     ] GC(472) Using 8 workers of 8 for evacuation
[2025-12-25T04:05:24.538+0000][gc,phases   ] GC(472)   Pre Evacuate Collection Set: 1.7ms
[2025-12-25T04:05:24.538+0000][gc,phases   ] GC(472)   Merge Heap Roots: 0.2ms
[2025-12-25T04:05:24.538+0000][gc,phases   ] GC(472)   Evacuate Collection Set: 7.9ms
[2025-12-25T04:05:24.538+0000][gc,phases   ] GC(472)   Post Evacuate Collection Set: 3.7ms
[2025-12-25T04:05:24.538+0000][gc,phases   ] GC(472)   Other: 0.3ms
[2025-12-25T04:05:24.538+0000][gc,heap     ] GC(472) Eden regions: 612->0(613)
[2025-12-25T04:05:24.538+0000][gc,heap     ] GC(472) Survivor regions: 2->1(77)
[2025-12-25T04:05:24.538+0000][gc,heap     ] GC(472) Old regions: 50->50
[2025-12-25T04:05:24.538+0000][gc,heap     ] GC(472) Humongous regions: 40->40
[2025-12-25T04:05:24.538+0000][gc,metaspace] GC(472) Metaspace: 12602K(13056K)->12602K(13056K) NonClass: 11518K(11712K)->11518K(11712K) Class: 1083K(1344K)->1083K(1344K)
[2025-12-25T04:05:24.538+0000][gc          ] GC(472) Pause Young (Normal) (G1 Evacuation Pause) 702M->89M(1024M) 14.972ms
[2025-12-25T04:05:24.538+0000][gc,cpu      ] GC(472) User=0.07s Sys=0.00s Real=0.01s
[2025-12-25T04:06:14.721+0000][gc,start    ] GC(473) Pause Young (Normal) (G1 Evacuation Pause)
[2025-12-25T04:06:14.721+0000][gc,task     ] GC(473) Using 8 workers of 8 for evacuation
[2025-12-25T04:06:14.735+0000][gc,phases   ] GC(473)   Pre Evacuate Collection Set: 2.3ms
[2025-12-25T04:06:14.735+0000][gc,phases   ] GC(473)   Merge Heap Roots: 0.2ms
[2025-12-25T04:06:14.735+0000][gc,phases   ] GC(473)   Evacuate Collection Set: 9.2ms
[2025-12-25T04:06:14.735+0000][gc,phases   ] GC(473)   Post Evacuate Collection Set: 1.8ms
[2025-12-25T04:06:14.735+0000][gc,phases   ] GC(473)   Other: 0.2ms
[2025-12-25T04:06:14.735+0000][gc,heap     ] GC(473) Eden regions: 613->0(612)
[2025-12-25T04:06:14.735+0000][gc,heap     ] GC(473) Survivor regions: 1->2(77)
[2025-12-25T04:06:14.735+0000][gc,heap     ] GC(473) Old regions: 50->50
[2025-12-25T04:06:14.735+0000][gc,heap     ] GC(473) Humongous regions: 40->40
[2025-12-25T04:06:14.735+0000][gc,metaspace] GC(473) Metaspace: 12602K(13056K)->12602K(13056K) NonClass: 11518K(11712K)->11518K(11712K) Class: 1083K(1344K)->1083K(1344K)
[2025-12-25T04:06:14.736+0000][gc          ] GC(473) Pause Young (Normal) (G1 Evacuation Pause) 702M->90M(1024M) 15.265ms
[2025-12-25T04:06:14.736+0000][gc,cpu      ] GC(473) User=0.08s Sys=0.01s Real=0.02s
[2025-12-25T04:07:14.522+0000][gc,start    ] GC(474) Pause Young (Normal) (G1 Evacuation Pause)
[2025-12-25T04:07:14.523+0000][gc,task     ] GC(474) Using 8 workers of 8 for evacuation
[2025-12-25T04:07:14.536+0000][gc,phases   ] GC(474)   Pre Evacuate Collection Set: 1.7ms
[2025-12-25T04:07:14.537+0000][gc,phases   ] GC(474)   Merge Heap Roots: 0.2ms
[2025-12-25T04:07:14.537+0000][gc,phases   ] GC(474)   Evacuate Collection Set: 10.2ms
[2025-12-25T04:07:14.537+0000][gc,phases   ] GC(474)   Post Evacuate Collection Set: 1.4ms
[2025-12-25T04:07:14.537+0000][gc,phases   ] GC(474)   Other: 0.4ms
[2025-12-25T04:07:14.537+0000][gc,heap     ] GC(474) Eden regions: 612->0(613)
[2025-12-25T04:07:14.537+0000][gc,heap     ] GC(474) Survivor regions: 2->1(77)
[2025-12-25T04:07:14.537+0000][gc,heap     ] GC(474) Old regions: 50->50
[2025-12-25T04:07:14.537+0000][gc,heap     ] GC(474) Humongous regions: 40->40
[2025-12-25T04:07:14.537+0000][gc,metaspace] GC(474) Metaspace: 12602K(13056K)->12602K(13056K) NonClass: 11518K(11712K)->11518K(11712K) Class: 1083K(1344K)->1083K(1344K)
[2025-12-25T04:07:14.537+0000][gc          ] GC(474) Pause Young (Normal) (G1 Evacuation Pause) 702M->89M(1024M) 15.654ms
[2025-12-25T04:07:14.538+0000][gc,cpu      ] GC(474) User=0.09s Sys=0.00s Real=0.02s
[2025-12-25T04:08:04.690+0000][gc,start    ] GC(475) Pause Young (Normal) (G1 Evacuation Pause)
[2025-12-25T04:08:04.690+0000][gc,task     ] GC(475) Using 8 workers of 8 for evacuation
[2025-12-25T04:08:04.704+0000][gc,phases   ] GC(475)   Pre Evacuate Collection Set: 1.2ms
[2025-12-25T04:08:04.704+0000][gc,phases   ] GC(475)   Merge Heap Roots: 0.2ms
[2025-12-25T04:08:04.704+0000][gc,phases   ] GC(475)   Evacuate Collection Set: 8.8ms
[2025-12-25T04:08:04.704+0000][gc,phases   ] GC(475)   Post Evacuate Collection Set: 3.0ms
[2025-12-25T04:08:04.704+0000][gc,phases   ] GC(475)   Other: 0.3ms
[2025-12-25T04:08:04.704+0000][gc,heap     ] GC(475) Eden regions: 613->0(612)
[2025-12-25T04:08:04.704+0000][gc,heap     ] GC(475) Survivor regions: 1->2(77)
[2025-12-25T04:08:04.704+0000][gc,heap     ] GC(475) Old regions: 50->50
[2025-12-25T04:08:04.704+0000][gc,heap     ] GC(475) Humongous regions: 40->40
[2025-12-25T04:08:04.705+0000][gc,metaspace] GC(475) Metaspace: 12605K(13056K)->12605K(13056K) NonClass: 11521K(11712K)->11521K(11712K) Class: 1083K(1344K)->1083K(1344K)
[2025-12-25T04:08:04.705+0000][gc          ] GC(475) Pause Young (Normal) (G1 Evacuation Pause) 702M->90M(1024M) 14.627ms
[2025-12-25T04:08:04.705+0000][gc,cpu      ] GC(475) User=0.08s Sys=0.00s Real=0.02s
[2025-12-25T04:09:04.486+0000][gc,start    ] GC(476) Pause Young (Normal) (G1 Evacuation Pause)
[2025-12-25T04:09:04.487+0000][gc,task     ] GC(476) Using 8 workers of 8 for evacuation
[2025-12-25T04:09:04.494+0000][gc,phases   ] GC(476)   Pre Evacuate Collection Set: 2.0ms
[2025-12-25T04:09:04.495+0000][gc,phases   ] GC(476)   Merge Heap Roots: 0.3ms
[2025-12-25T04:09:04.495+0000][gc,phases   ] GC(476)   Evacuate Collection Set: 3.5ms
[2025-12-25T04:09:04.495+0000][gc,phases   ] GC(476)   Post Evacuate Collection Set: 1.3ms
[2025-12-25T04:09:04.495+0000][gc,phases   ] GC(476)   Other: 0.6ms
[2025-12-25T04:09:04.495+0000][gc,heap     ] GC(476) Eden regions: 612->0(613)
[2025-12-25T04:09:04.495+0000][gc,heap     ] GC(476) Survivor regions: 2->1(77)
[2025-12-25T04:09:04.495+0000][gc,heap     ] GC(476) Old regions: 50->50
[2025-12-25T04:09:04.495+0000][gc,heap     ] GC(476) Humongous regions: 40->40
[2025-12-25T04:09:04.495+0000][gc,metaspace] GC(476) Metaspace: 12605K(13056K)->12605K(13056K) NonClass: 11521K(11712K)->11521K(11712K) Class: 1083K(1344K)->1083K(1344K)
[2025-12-25T04:09:04.495+0000][gc          ] GC(476) Pause Young (Normal) (G1 Evacuation Pause) 702M->89M(1024M) 9.009ms
[2025-12-25T04:09:04.495+0000][gc,cpu      ] GC(476) User=0.04s Sys=0.00s Real=0.01s
[2025-12-25T04:09:54.719+0000][gc,start    ] GC(477) Pause Young (Normal) (G1 Evacuation Pause)
[2025-12-25T04:09:54.720+0000][gc,task     ] GC(477) Using 8 workers of 8 for evacuation
[2025-12-25T04:09:54.729+0000][gc,phases   ] GC(477)   Pre Evacuate Collection Set: 1.1ms
[2025-12-25T04:09:54.729+0000][gc,phases   ] GC(477)   Merge Heap Roots: 0.3ms
[2025-12-25T04:09:54.729+0000][gc,phases   ] GC(477)   Evacuate Collection Set: 6.9ms
[2025-12-25T04:09:54.729+0000][gc,phases   ] GC(477)   Post Evacuate Collection Set: 0.9ms
[2025-12-25T04:09:54.729+0000][gc,phases   ] GC(477)   Other: 0.2ms
[2025-12-25T04:09:54.729+0000][gc,heap     ] GC(477) Eden regions: 613->0(612)
[2025-12-25T04:09:54.729+0000][gc,heap     ] GC(477) Survivor regions: 1->2(77)
[2025-12-25T04:09:54.729+0000][gc,heap     ] GC(477) Old regions: 50->50
[2025-12-25T04:09:54.730+0000][gc,heap     ] GC(477) Humongous regions: 40->40
[2025-12-25T04:09:54.730+0000][gc,metaspace] GC(477) Metaspace: 12605K(13056K)->12605K(13056K) NonClass: 11521K(11712K)->11521K(11712K) Class: 1083K(1344K)->1083K(1344K)
[2025-12-25T04:09:54.730+0000][gc          ] GC(477) Pause Young (Normal) (G1 Evacuation Pause) 702M->90M(1024M) 10.676ms
[2025-12-25T04:09:54.730+0000][gc,cpu      ] GC(477) User=0.05s Sys=0.00s Real=0.01s
[2025-12-25T04:10:44.847+0000][gc,start    ] GC(478) Pause Young (Normal) (G1 Evacuation Pause)
[2025-12-25T04:10:44.847+0000][gc,task     ] GC(478) Using 8 workers of 8 for evacuation
[2025-12-25T04:10:44.853+0000][gc,phases   ] GC(478)   Pre Evacuate Collection Set: 1.1ms
[2025-12-25T04:10:44.853+0000][gc,phases   ] GC(478)   Merge Heap Roots: 0.2ms
[2025-12-25T04:10:44.853+0000][gc,phases   ] GC(478)   Evacuate Collection Set: 2.9ms
[2025-12-25T04:10:44.853+0000][gc,phases   ] GC(478)   Post Evacuate Collection Set: 1.1ms
[2025-12-25T04:10:44.853+0000][gc,phases   ] GC(478)   Other: 0.2ms
[2025-12-25T04:10:44.853+0000][gc,heap     ] GC(478) Eden regions: 612->0(612)
[2025-12-25T04:10:44.853+0000][gc,heap     ] GC(478) Survivor regions: 2->2(77)
[2025-12-25T04:10:44.853+0000][gc,heap     ] GC(478) Old regions: 50->50
[2025-12-25T04:10:44.853+0000][gc,heap     ] GC(478) Humongous regions: 40->40
[2025-12-25T04:10:44.853+0000][gc,metaspace] GC(478) Metaspace: 12605K(13056K)->12605K(13056K) NonClass: 11521K(11712K)->11521K(11712K) Class: 1083K(1344K)->1083K(1344K)
[2025-12-25T04:10:44.853+0000][gc          ] GC(478) Pause Young (Normal) (G1 Evacuation Pause) 702M->90M(1024M) 6.626ms
[2025-12-25T04:10:44.853+0000][gc,cpu      ] GC(478) User=0.03s Sys=0.01s Real=0.01s
[2025-12-25T04:11:44.700+0000][gc,start    ] GC(479) Pause Young (Normal) (G1 Evacuation Pause)
[2025-12-25T04:11:44.701+0000][gc,task     ] GC(479) Using 8 workers of 8 for evacuation
[2025-12-25T04:11:44.715+0000][gc,phases   ] GC(479)   Pre Evacuate Collection Set: 2.1ms
[2025-12-25T04:11:44.716+0000][gc,phases   ] GC(479)   Merge Heap Roots: 0.4ms
[2025-12-25T04:11:44.716+0000][gc,phases   ] GC(479)   Evacuate Collection Set: 7.4ms
[2025-12-25T04:11:44.716+0000][gc,phases   ] GC(479)   Post Evacuate Collection Set: 4.2ms
[2025-12-25T04:11:44.716+0000][gc,phases   ] GC(479)   Other: 0.4ms
[2025-12-25T04:11:44.716+0000][gc,heap     ] GC(479) Eden regions: 612->0(612)
[2025-12-25T04:11:44.716+0000][gc,heap     ] GC(479) Survivor regions: 2->2(77)
[2025-12-25T04:11:44.716+0000][gc,heap     ] GC(479) Old regions: 50->50
[2025-12-25T04:11:44.716+0000][gc,heap     ] GC(479) Humongous regions: 40->40
[2025-12-25T04:11:44.716+0000][gc,metaspace] GC(479) Metaspace: 12605K(13056K)->12605K(13056K) NonClass: 11521K(11712K)->11521K(11712K) Class: 1083K(1344K)->1083K(1344K)
[2025-12-25T04:11:44.716+0000][gc          ] GC(479) Pause Young (Normal) (G1 Evacuation Pause) 702M->90M(1024M) 15.567ms
[2025-12-25T04:11:44.716+0000][gc,cpu      ] GC(479) User=0.08s Sys=0.01s Real=0.01s
[2025-12-25T04:12:34.939+0000][gc,start    ] GC(480) Pause Young (Normal) (G1 Evacuation Pause)
[2025-12-25T04:12:34.940+0000][gc,task     ] GC(480) Using 8 workers of 8 for evacuation
[2025-12-25T04:12:34.948+0000][gc,phases   ] GC(480)   Pre Evacuate Collection Set: 1.1ms
[2025-12-25T04:12:34.949+0000][gc,phases   ] GC(480)   Merge Heap Roots: 0.2ms
[2025-12-25T04:12:34.949+0000][gc,phases   ] GC(480)   Evacuate Collection Set: 5.0ms
[2025-12-25T04:12:34.949+0000][gc,phases   ] GC(480)   Post Evacuate Collection Set: 2.1ms
[2025-12-25T04:12:34.949+0000][gc,phases   ] GC(480)   Other: 0.2ms
[2025-12-25T04:12:34.949+0000][gc,heap     ] GC(480) Eden regions: 612->0(612)
[2025-12-25T04:12:34.949+0000][gc,heap     ] GC(480) Survivor regions: 2->2(77)
[2025-12-25T04:12:34.949+0000][gc,heap     ] GC(480) Old regions: 50->50
[2025-12-25T04:12:34.949+0000][gc,heap     ] GC(480) Humongous regions: 40->40
[2025-12-25T04:12:34.949+0000][gc,metaspace] GC(480) Metaspace: 12605K(13056K)->12605K(13056K) NonClass: 11521K(11712K)->11521K(11712K) Class: 1083K(1344K)->1083K(1344K)
[2025-12-25T04:12:34.949+0000][gc          ] GC(480) Pause Young (Normal) (G1 Evacuation Pause) 702M->91M(1024M) 9.430ms
[2025-12-25T04:12:34.949+0000][gc,cpu      ] GC(480) User=0.04s Sys=0.00s Real=0.01s
[2025-12-25T04:13:34.708+0000][gc,start    ] GC(481) Pause Young (Normal) (G1 Evacuation Pause)
[2025-12-25T04:13:34.711+0000][gc,task     ] GC(481) Using 8 workers of 8 for evacuation
[2025-12-25T04:13:34.717+0000][gc,phases   ] GC(481)   Pre Evacuate Collection Set: 1.2ms
[2025-12-25T04:13:34.717+0000][gc,phases   ] GC(481)   Merge Heap Roots: 0.2ms
[2025-12-25T04:13:34.717+0000][gc,phases   ] GC(481)   Evacuate Collection Set: 3.2ms
[2025-12-25T04:13:34.717+0000][gc,phases   ] GC(481)   Post Evacuate Collection Set: 1.1ms
[2025-12-25T04:13:34.717+0000][gc,phases   ] GC(481)   Other: 0.3ms
[2025-12-25T04:13:34.717+0000][gc,heap     ] GC(481) Eden regions: 612->0(612)
[2025-12-25T04:13:34.717+0000][gc,heap     ] GC(481) Survivor regions: 2->2(77)
[2025-12-25T04:13:34.717+0000][gc,heap     ] GC(481) Old regions: 50->50
[2025-12-25T04:13:34.717+0000][gc,heap     ] GC(481) Humongous regions: 40->40
[2025-12-25T04:13:34.717+0000][gc,metaspace] GC(481) Metaspace: 12605K(13056K)->12605K(13056K) NonClass: 11521K(11712K)->11521K(11712K) Class: 1083K(1344K)->1083K(1344K)
[2025-12-25T04:13:34.718+0000][gc          ] GC(481) Pause Young (Normal) (G1 Evacuation Pause) 703M->90M(1024M) 9.914ms
[2025-12-25T04:13:34.718+0000][gc,cpu      ] GC(481) User=0.04s Sys=0.00s Real=0.01s
[2025-12-25T04:14:24.874+0000][gc,start    ] GC(482) Pause Young (Normal) (G1 Evacuation Pause)
[2025-12-25T04:14:24.874+0000][gc,task     ] GC(482) Using 8 workers of 8 for evacuation
[2025-12-25T04:14:24.889+0000][gc,phases   ] GC(482)   Pre Evacuate Collection Set: 1.2ms
[2025-12-25T04:14:24.890+0000][gc,phases   ] GC(482)   Merge Heap Roots: 0.2ms
[2025-12-25T04:14:24.890+0000][gc,phases   ] GC(482)   Evacuate Collection Set: 10.3ms
[2025-12-25T04:14:24.891+0000][gc,phases   ] GC(482)   Post Evacuate Collection Set: 3.0ms
[2025-12-25T04:14:24.891+0000][gc,phases   ] GC(482)   Other: 0.3ms
[2025-12-25T04:14:24.892+0000][gc,heap     ] GC(482) Eden regions: 612->0(612)
[2025-12-25T04:14:24.892+0000][gc,heap     ] GC(482) Survivor regions: 2->2(77)
[2025-12-25T04:14:24.892+0000][gc,heap     ] GC(482) Old regions: 50->50
[2025-12-25T04:14:24.893+0000][gc,heap     ] GC(482) Humongous regions: 40->40
[2025-12-25T04:14:24.895+0000][gc,metaspace] GC(482) Metaspace: 12605K(13056K)->12605K(13056K) NonClass: 11521K(11712K)->11521K(11712K) Class: 1083K(1344K)->1083K(1344K)
[2025-12-25T04:14:24.896+0000][gc          ] GC(482) Pause Young (Normal) (G1 Evacuation Pause) 702M->91M(1024M) 22.169ms
[2025-12-25T04:14:24.896+0000][gc,cpu      ] GC(482) User=0.08s Sys=0.00s Real=0.02s
[2025-12-25T04:15:24.671+0000][gc,start    ] GC(483) Pause Young (Normal) (G1 Evacuation Pause)
[2025-12-25T04:15:24.671+0000][gc,task     ] GC(483) Using 8 workers of 8 for evacuation
[2025-12-25T04:15:24.679+0000][gc,phases   ] GC(483)   Pre Evacuate Collection Set: 1.1ms
[2025-12-25T04:15:24.679+0000][gc,phases   ] GC(483)   Merge Heap Roots: 0.2ms
[2025-12-25T04:15:24.679+0000][gc,phases   ] GC(483)   Evacuate Collection Set: 4.9ms
[2025-12-25T04:15:24.679+0000][gc,phases   ] GC(483)   Post Evacuate Collection Set: 1.2ms
[2025-12-25T04:15:24.679+0000][gc,phases   ] GC(483)   Other: 0.1ms
[2025-12-25T04:15:24.679+0000][gc,heap     ] GC(483) Eden regions: 612->0(613)
[2025-12-25T04:15:24.679+0000][gc,heap     ] GC(483) Survivor regions: 2->1(77)
[2025-12-25T04:15:24.679+0000][gc,heap     ] GC(483) Old regions: 50->50
[2025-12-25T04:15:24.679+0000][gc,heap     ] GC(483) Humongous regions: 40->40
[2025-12-25T04:15:24.679+0000][gc,metaspace] GC(483) Metaspace: 12605K(13056K)->12605K(13056K) NonClass: 11521K(11712K)->11521K(11712K) Class: 1083K(1344K)->1083K(1344K)
[2025-12-25T04:15:24.679+0000][gc          ] GC(483) Pause Young (Normal) (G1 Evacuation Pause) 703M->90M(1024M) 8.525ms
[2025-12-25T04:15:24.679+0000][gc,cpu      ] GC(483) User=0.04s Sys=0.00s Real=0.01s
[2025-12-25T04:16:14.902+0000][gc,start    ] GC(484) Pause Young (Normal) (G1 Evacuation Pause)
[2025-12-25T04:16:14.902+0000][gc,task     ] GC(484) Using 8 workers of 8 for evacuation
[2025-12-25T04:16:14.911+0000][gc,phases   ] GC(484)   Pre Evacuate Collection Set: 1.0ms
[2025-12-25T04:16:14.911+0000][gc,phases   ] GC(484)   Merge Heap Roots: 0.2ms
[2025-12-25T04:16:14.911+0000][gc,phases   ] GC(484)   Evacuate Collection Set: 5.8ms
[2025-12-25T04:16:14.911+0000][gc,phases   ] GC(484)   Post Evacuate Collection Set: 1.5ms
[2025-12-25T04:16:14.911+0000][gc,phases   ] GC(484)   Other: 0.2ms
[2025-12-25T04:16:14.911+0000][gc,heap     ] GC(484) Eden regions: 613->0(612)
[2025-12-25T04:16:14.911+0000][gc,heap     ] GC(484) Survivor regions: 1->2(77)
[2025-12-25T04:16:14.911+0000][gc,heap     ] GC(484) Old regions: 50->50
[2025-12-25T04:16:14.911+0000][gc,heap     ] GC(484) Humongous regions: 40->40
[2025-12-25T04:16:14.912+0000][gc,metaspace] GC(484) Metaspace: 12605K(13056K)->12605K(13056K) NonClass: 11521K(11712K)->11521K(11712K) Class: 1083K(1344K)->1083K(1344K)
[2025-12-25T04:16:14.912+0000][gc          ] GC(484) Pause Young (Normal) (G1 Evacuation Pause) 703M->90M(1024M) 10.168ms
[2025-12-25T04:16:14.912+0000][gc,cpu      ] GC(484) User=0.05s Sys=0.00s Real=0.01s
[2025-12-25T04:17:14.653+0000][gc,start    ] GC(485) Pause Young (Normal) (G1 Evacuation Pause)
[2025-12-25T04:17:14.654+0000][gc,task     ] GC(485) Using 8 workers of 8 for evacuation
[2025-12-25T04:17:14.659+0000][gc,phases   ] GC(485)   Pre Evacuate Collection Set: 1.1ms
[2025-12-25T04:17:14.659+0000][gc,phases   ] GC(485)   Merge Heap Roots: 0.3ms
[2025-12-25T04:17:14.659+0000][gc,phases   ] GC(485)   Evacuate Collection Set: 2.8ms
[2025-12-25T04:17:14.659+0000][gc,phases   ] GC(485)   Post Evacuate Collection Set: 1.0ms
[2025-12-25T04:17:14.659+0000][gc,phases   ] GC(485)   Other: 0.3ms
[2025-12-25T04:17:14.659+0000][gc,heap     ] GC(485) Eden regions: 612->0(613)
[2025-12-25T04:17:14.660+0000][gc,heap     ] GC(485) Survivor regions: 2->1(77)
[2025-12-25T04:17:14.660+0000][gc,heap     ] GC(485) Old regions: 50->50
[2025-12-25T04:17:14.660+0000][gc,heap     ] GC(485) Humongous regions: 40->40
[2025-12-25T04:17:14.660+0000][gc,metaspace] GC(485) Metaspace: 12605K(13056K)->12605K(13056K) NonClass: 11521K(11712K)->11521K(11712K) Class: 1083K(1344K)->1083K(1344K)
[2025-12-25T04:17:14.660+0000][gc          ] GC(485) Pause Young (Normal) (G1 Evacuation Pause) 702M->90M(1024M) 6.609ms
[2025-12-25T04:17:14.660+0000][gc,cpu      ] GC(485) User=0.03s Sys=0.01s Real=0.01s
[2025-12-25T04:18:04.786+0000][gc,start    ] GC(486) Pause Young (Normal) (G1 Evacuation Pause)
[2025-12-25T04:18:04.787+0000][gc,task     ] GC(486) Using 8 workers of 8 for evacuation
[2025-12-25T04:18:04.796+0000][gc,phases   ] GC(486)   Pre Evacuate Collection Set: 1.0ms
[2025-12-25T04:18:04.796+0000][gc,phases   ] GC(486)   Merge Heap Roots: 0.2ms
[2025-12-25T04:18:04.796+0000][gc,phases   ] GC(486)   Evacuate Collection Set: 6.5ms
[2025-12-25T04:18:04.796+0000][gc,phases   ] GC(486)   Post Evacuate Collection Set: 1.6ms
[2025-12-25T04:18:04.796+0000][gc,phases   ] GC(486)   Other: 0.2ms
[2025-12-25T04:18:04.796+0000][gc,heap     ] GC(486) Eden regions: 613->0(612)
[2025-12-25T04:18:04.796+0000][gc,heap     ] GC(486) Survivor regions: 1->2(77)
[2025-12-25T04:18:04.796+0000][gc,heap     ] GC(486) Old regions: 50->50
[2025-12-25T04:18:04.797+0000][gc,heap     ] GC(486) Humongous regions: 40->40
[2025-12-25T04:18:04.797+0000][gc,metaspace] GC(486) Metaspace: 12605K(13056K)->12605K(13056K) NonClass: 11521K(11712K)->11521K(11712K) Class: 1083K(1344K)->1083K(1344K)
[2025-12-25T04:18:04.797+0000][gc          ] GC(486) Pause Young (Normal) (G1 Evacuation Pause) 703M->90M(1024M) 10.476ms
[2025-12-25T04:18:04.797+0000][gc,cpu      ] GC(486) User=0.06s Sys=0.00s Real=0.01s
[2025-12-25T04:19:04.642+0000][gc,start    ] GC(487) Pause Young (Normal) (G1 Evacuation Pause)
[2025-12-25T04:19:04.643+0000][gc,task     ] GC(487) Using 8 workers of 8 for evacuation
[2025-12-25T04:19:04.652+0000][gc,phases   ] GC(487)   Pre Evacuate Collection Set: 2.3ms
[2025-12-25T04:19:04.652+0000][gc,phases   ] GC(487)   Merge Heap Roots: 0.3ms
[2025-12-25T04:19:04.652+0000][gc,phases   ] GC(487)   Evacuate Collection Set: 4.5ms
[2025-12-25T04:19:04.652+0000][gc,phases   ] GC(487)   Post Evacuate Collection Set: 1.2ms
[2025-12-25T04:19:04.652+0000][gc,phases   ] GC(487)   Other: 0.5ms
[2025-12-25T04:19:04.652+0000][gc,heap     ] GC(487) Eden regions: 612->0(613)
[2025-12-25T04:19:04.652+0000][gc,heap     ] GC(487) Survivor regions: 2->1(77)
[2025-12-25T04:19:04.652+0000][gc,heap     ] GC(487) Old regions: 50->50
[2025-12-25T04:19:04.652+0000][gc,heap     ] GC(487) Humongous regions: 40->40
[2025-12-25T04:19:04.652+0000][gc,metaspace] GC(487) Metaspace: 12605K(13056K)->12605K(13056K) NonClass: 11521K(11712K)->11521K(11712K) Class: 1083K(1344K)->1083K(1344K)
[2025-12-25T04:19:04.652+0000][gc          ] GC(487) Pause Young (Normal) (G1 Evacuation Pause) 702M->90M(1024M) 9.976ms
[2025-12-25T04:19:04.652+0000][gc,cpu      ] GC(487) User=0.04s Sys=0.00s Real=0.01s
[2025-12-25T04:19:54.838+0000][gc,start    ] GC(488) Pause Young (Normal) (G1 Evacuation Pause)
[2025-12-25T04:19:54.838+0000][gc,task     ] GC(488) Using 8 workers of 8 for evacuation
[2025-12-25T04:19:54.846+0000][gc,phases   ] GC(488)   Pre Evacuate Collection Set: 1.2ms
[2025-12-25T04:19:54.846+0000][gc,phases   ] GC(488)   Merge Heap Roots: 0.2ms
[2025-12-25T04:19:54.846+0000][gc,phases   ] GC(488)   Evacuate Collection Set: 4.6ms
[2025-12-25T04:19:54.847+0000][gc,phases   ] GC(488)   Post Evacuate Collection Set: 1.7ms
[2025-12-25T04:19:54.847+0000][gc,phases   ] GC(488)   Other: 0.2ms
[2025-12-25T04:19:54.847+0000][gc,heap     ] GC(488) Eden regions: 613->0(612)
[2025-12-25T04:19:54.847+0000][gc,heap     ] GC(488) Survivor regions: 1->2(77)
[2025-12-25T04:19:54.847+0000][gc,heap     ] GC(488) Old regions: 50->50
[2025-12-25T04:19:54.847+0000][gc,heap     ] GC(488) Humongous regions: 40->40
[2025-12-25T04:19:54.847+0000][gc,metaspace] GC(488) Metaspace: 12605K(13056K)->12605K(13056K) NonClass: 11521K(11712K)->11521K(11712K) Class: 1083K(1344K)->1083K(1344K)
[2025-12-25T04:19:54.847+0000][gc          ] GC(488) Pause Young (Normal) (G1 Evacuation Pause) 703M->90M(1024M) 8.923ms
[2025-12-25T04:19:54.847+0000][gc,cpu      ] GC(488) User=0.05s Sys=0.00s Real=0.01s
[2025-12-25T04:20:54.752+0000][gc,start    ] GC(489) Pause Young (Normal) (G1 Evacuation Pause)
[2025-12-25T04:20:54.757+0000][gc,task     ] GC(489) Using 8 workers of 8 for evacuation
[2025-12-25T04:20:54.791+0000][gc,phases   ] GC(489)   Pre Evacuate Collection Set: 8.7ms
[2025-12-25T04:20:54.792+0000][gc,phases   ] GC(489)   Merge Heap Roots: 0.6ms
[2025-12-25T04:20:54.792+0000][gc,phases   ] GC(489)   Evacuate Collection Set: 15.7ms
[2025-12-25T04:20:54.793+0000][gc,phases   ] GC(489)   Post Evacuate Collection Set: 6.9ms
[2025-12-25T04:20:54.793+0000][gc,phases   ] GC(489)   Other: 3.1ms
[2025-12-25T04:20:54.793+0000][gc,heap     ] GC(489) Eden regions: 612->0(613)
[2025-12-25T04:20:54.794+0000][gc,heap     ] GC(489) Survivor regions: 2->1(77)
[2025-12-25T04:20:54.794+0000][gc,heap     ] GC(489) Old regions: 50->50
[2025-12-25T04:20:54.794+0000][gc,heap     ] GC(489) Humongous regions: 40->40
[2025-12-25T04:20:54.794+0000][gc,metaspace] GC(489) Metaspace: 12605K(13056K)->12605K(13056K) NonClass: 11521K(11712K)->11521K(11712K) Class: 1083K(1344K)->1083K(1344K)
[2025-12-25T04:20:54.795+0000][gc          ] GC(489) Pause Young (Normal) (G1 Evacuation Pause) 702M->90M(1024M) 42.731ms
[2025-12-25T04:20:54.795+0000][gc,cpu      ] GC(489) User=0.10s Sys=0.01s Real=0.04s
[2025-12-25T04:21:44.808+0000][gc,start    ] GC(490) Pause Young (Normal) (G1 Evacuation Pause)
[2025-12-25T04:21:44.810+0000][gc,task     ] GC(490) Using 8 workers of 8 for evacuation
[2025-12-25T04:21:44.822+0000][gc,phases   ] GC(490)   Pre Evacuate Collection Set: 4.5ms
[2025-12-25T04:21:44.822+0000][gc,phases   ] GC(490)   Merge Heap Roots: 0.2ms
[2025-12-25T04:21:44.822+0000][gc,phases   ] GC(490)   Evacuate Collection Set: 6.1ms
[2025-12-25T04:21:44.822+0000][gc,phases   ] GC(490)   Post Evacuate Collection Set: 1.2ms
[2025-12-25T04:21:44.822+0000][gc,phases   ] GC(490)   Other: 1.0ms
[2025-12-25T04:21:44.822+0000][gc,heap     ] GC(490) Eden regions: 613->0(612)
[2025-12-25T04:21:44.822+0000][gc,heap     ] GC(490) Survivor regions: 1->2(77)
[2025-12-25T04:21:44.823+0000][gc,heap     ] GC(490) Old regions: 50->50
[2025-12-25T04:21:44.823+0000][gc,heap     ] GC(490) Humongous regions: 40->40
[2025-12-25T04:21:44.823+0000][gc,metaspace] GC(490) Metaspace: 12605K(13056K)->12605K(13056K) NonClass: 11521K(11712K)->11521K(11712K) Class: 1083K(1344K)->1083K(1344K)
[2025-12-25T04:21:44.823+0000][gc          ] GC(490) Pause Young (Normal) (G1 Evacuation Pause) 703M->90M(1024M) 15.037ms
[2025-12-25T04:21:44.823+0000][gc,cpu      ] GC(490) User=0.07s Sys=0.00s Real=0.01s
[2025-12-25T04:22:44.618+0000][gc,start    ] GC(491) Pause Young (Normal) (G1 Evacuation Pause)
[2025-12-25T04:22:44.619+0000][gc,task     ] GC(491) Using 8 workers of 8 for evacuation
[2025-12-25T04:22:44.641+0000][gc,phases   ] GC(491)   Pre Evacuate Collection Set: 6.1ms
[2025-12-25T04:22:44.641+0000][gc,phases   ] GC(491)   Merge Heap Roots: 0.5ms
[2025-12-25T04:22:44.642+0000][gc,phases   ] GC(491)   Evacuate Collection Set: 11.8ms
[2025-12-25T04:22:44.642+0000][gc,phases   ] GC(491)   Post Evacuate Collection Set: 3.4ms
[2025-12-25T04:22:44.642+0000][gc,phases   ] GC(491)   Other: 0.3ms
[2025-12-25T04:22:44.642+0000][gc,heap     ] GC(491) Eden regions: 612->0(613)
[2025-12-25T04:22:44.642+0000][gc,heap     ] GC(491) Survivor regions: 2->1(77)
[2025-12-25T04:22:44.642+0000][gc,heap     ] GC(491) Old regions: 50->50
[2025-12-25T04:22:44.642+0000][gc,heap     ] GC(491) Humongous regions: 40->40
[2025-12-25T04:22:44.642+0000][gc,metaspace] GC(491) Metaspace: 12605K(13056K)->12605K(13056K) NonClass: 11521K(11712K)->11521K(11712K) Class: 1083K(1344K)->1083K(1344K)
[2025-12-25T04:22:44.642+0000][gc          ] GC(491) Pause Young (Normal) (G1 Evacuation Pause) 702M->90M(1024M) 23.785ms
[2025-12-25T04:22:44.642+0000][gc,cpu      ] GC(491) User=0.14s Sys=0.01s Real=0.02s
[2025-12-25T04:23:34.959+0000][gc,start    ] GC(492) Pause Young (Normal) (G1 Evacuation Pause)
[2025-12-25T04:23:34.959+0000][gc,task     ] GC(492) Using 8 workers of 8 for evacuation
[2025-12-25T04:23:34.972+0000][gc,phases   ] GC(492)   Pre Evacuate Collection Set: 2.2ms
[2025-12-25T04:23:34.972+0000][gc,phases   ] GC(492)   Merge Heap Roots: 0.5ms
[2025-12-25T04:23:34.972+0000][gc,phases   ] GC(492)   Evacuate Collection Set: 7.0ms
[2025-12-25T04:23:34.972+0000][gc,phases   ] GC(492)   Post Evacuate Collection Set: 2.2ms
[2025-12-25T04:23:34.972+0000][gc,phases   ] GC(492)   Other: 0.3ms
[2025-12-25T04:23:34.972+0000][gc,heap     ] GC(492) Eden regions: 613->0(612)
[2025-12-25T04:23:34.972+0000][gc,heap     ] GC(492) Survivor regions: 1->2(77)
[2025-12-25T04:23:34.972+0000][gc,heap     ] GC(492) Old regions: 50->50
[2025-12-25T04:23:34.972+0000][gc,heap     ] GC(492) Humongous regions: 40->40
[2025-12-25T04:23:34.972+0000][gc,metaspace] GC(492) Metaspace: 12605K(13056K)->12605K(13056K) NonClass: 11521K(11712K)->11521K(11712K) Class: 1083K(1344K)->1083K(1344K)
[2025-12-25T04:23:34.972+0000][gc          ] GC(492) Pause Young (Normal) (G1 Evacuation Pause) 703M->90M(1024M) 13.792ms
[2025-12-25T04:23:34.973+0000][gc,cpu      ] GC(492) User=0.05s Sys=0.00s Real=0.01s
[2025-12-25T04:24:34.556+0000][gc,start    ] GC(493) Pause Young (Normal) (G1 Evacuation Pause)
[2025-12-25T04:24:34.557+0000][gc,task     ] GC(493) Using 8 workers of 8 for evacuation
[2025-12-25T04:24:34.571+0000][gc,phases   ] GC(493)   Pre Evacuate Collection Set: 3.6ms
[2025-12-25T04:24:34.571+0000][gc,phases   ] GC(493)   Merge Heap Roots: 0.2ms
[2025-12-25T04:24:34.571+0000][gc,phases   ] GC(493)   Evacuate Collection Set: 8.2ms
[2025-12-25T04:24:34.572+0000][gc,phases   ] GC(493)   Post Evacuate Collection Set: 1.5ms
[2025-12-25T04:24:34.572+0000][gc,phases   ] GC(493)   Other: 0.7ms
[2025-12-25T04:24:34.572+0000][gc,heap     ] GC(493) Eden regions: 612->0(613)
[2025-12-25T04:24:34.572+0000][gc,heap     ] GC(493) Survivor regions: 2->1(77)
[2025-12-25T04:24:34.572+0000][gc,heap     ] GC(493) Old regions: 50->50
[2025-12-25T04:24:34.572+0000][gc,heap     ] GC(493) Humongous regions: 40->40
[2025-12-25T04:24:34.572+0000][gc,metaspace] GC(493) Metaspace: 12605K(13056K)->12605K(13056K) NonClass: 11521K(11712K)->11521K(11712K) Class: 1083K(1344K)->1083K(1344K)
[2025-12-25T04:24:34.572+0000][gc          ] GC(493) Pause Young (Normal) (G1 Evacuation Pause) 702M->90M(1024M) 16.434ms
[2025-12-25T04:24:34.573+0000][gc,cpu      ] GC(493) User=0.07s Sys=0.01s Real=0.02s
[2025-12-25T04:25:24.802+0000][gc,start    ] GC(494) Pause Young (Normal) (G1 Evacuation Pause)
[2025-12-25T04:25:24.803+0000][gc,task     ] GC(494) Using 8 workers of 8 for evacuation
[2025-12-25T04:25:24.822+0000][gc,phases   ] GC(494)   Pre Evacuate Collection Set: 5.3ms
[2025-12-25T04:25:24.823+0000][gc,phases   ] GC(494)   Merge Heap Roots: 0.8ms
[2025-12-25T04:25:24.823+0000][gc,phases   ] GC(494)   Evacuate Collection Set: 11.4ms
[2025-12-25T04:25:24.823+0000][gc,phases   ] GC(494)   Post Evacuate Collection Set: 1.5ms
[2025-12-25T04:25:24.823+0000][gc,phases   ] GC(494)   Other: 0.6ms
[2025-12-25T04:25:24.823+0000][gc,heap     ] GC(494) Eden regions: 613->0(612)
[2025-12-25T04:25:24.823+0000][gc,heap     ] GC(494) Survivor regions: 1->2(77)
[2025-12-25T04:25:24.823+0000][gc,heap     ] GC(494) Old regions: 50->50
[2025-12-25T04:25:24.823+0000][gc,heap     ] GC(494) Humongous regions: 40->40
[2025-12-25T04:25:24.823+0000][gc,metaspace] GC(494) Metaspace: 12605K(13056K)->12605K(13056K) NonClass: 11521K(11712K)->11521K(11712K) Class: 1083K(1344K)->1083K(1344K)
[2025-12-25T04:25:24.823+0000][gc          ] GC(494) Pause Young (Normal) (G1 Evacuation Pause) 703M->91M(1024M) 21.453ms
[2025-12-25T04:25:24.823+0000][gc,cpu      ] GC(494) User=0.11s Sys=0.00s Real=0.02s
[2025-12-25T04:26:14.936+0000][gc,start    ] GC(495) Pause Young (Normal) (G1 Evacuation Pause)
[2025-12-25T04:26:14.936+0000][gc,task     ] GC(495) Using 8 workers of 8 for evacuation
[2025-12-25T04:26:14.947+0000][gc,phases   ] GC(495)   Pre Evacuate Collection Set: 1.1ms
[2025-12-25T04:26:14.948+0000][gc,phases   ] GC(495)   Merge Heap Roots: 0.1ms
[2025-12-25T04:26:14.948+0000][gc,phases   ] GC(495)   Evacuate Collection Set: 7.0ms
[2025-12-25T04:26:14.948+0000][gc,phases   ] GC(495)   Post Evacuate Collection Set: 2.7ms
[2025-12-25T04:26:14.948+0000][gc,phases   ] GC(495)   Other: 0.2ms
[2025-12-25T04:26:14.948+0000][gc,heap     ] GC(495) Eden regions: 612->0(612)
[2025-12-25T04:26:14.948+0000][gc,heap     ] GC(495) Survivor regions: 2->2(77)
[2025-12-25T04:26:14.948+0000][gc,heap     ] GC(495) Old regions: 50->50
[2025-12-25T04:26:14.948+0000][gc,heap     ] GC(495) Humongous regions: 40->40
[2025-12-25T04:26:14.948+0000][gc,metaspace] GC(495) Metaspace: 12605K(13056K)->12605K(13056K) NonClass: 11521K(11712K)->11521K(11712K) Class: 1083K(1344K)->1083K(1344K)
[2025-12-25T04:26:14.948+0000][gc          ] GC(495) Pause Young (Normal) (G1 Evacuation Pause) 703M->91M(1024M) 12.613ms
[2025-12-25T04:26:14.948+0000][gc,cpu      ] GC(495) User=0.07s Sys=0.01s Real=0.02s
[2025-12-25T04:27:14.782+0000][gc,start    ] GC(496) Pause Young (Normal) (G1 Evacuation Pause)
[2025-12-25T04:27:14.782+0000][gc,task     ] GC(496) Using 8 workers of 8 for evacuation
[2025-12-25T04:27:14.795+0000][gc,phases   ] GC(496)   Pre Evacuate Collection Set: 1.4ms
[2025-12-25T04:27:14.795+0000][gc,phases   ] GC(496)   Merge Heap Roots: 0.2ms
[2025-12-25T04:27:14.795+0000][gc,phases   ] GC(496)   Evacuate Collection Set: 8.8ms
[2025-12-25T04:27:14.795+0000][gc,phases   ] GC(496)   Post Evacuate Collection Set: 2.2ms
[2025-12-25T04:27:14.795+0000][gc,phases   ] GC(496)   Other: 0.3ms
[2025-12-25T04:27:14.795+0000][gc,heap     ] GC(496) Eden regions: 612->0(612)
[2025-12-25T04:27:14.795+0000][gc,heap     ] GC(496) Survivor regions: 2->2(77)
[2025-12-25T04:27:14.795+0000][gc,heap     ] GC(496) Old regions: 50->50
[2025-12-25T04:27:14.795+0000][gc,heap     ] GC(496) Humongous regions: 40->40
[2025-12-25T04:27:14.795+0000][gc,metaspace] GC(496) Metaspace: 12605K(13056K)->12605K(13056K) NonClass: 11521K(11712K)->11521K(11712K) Class: 1083K(1344K)->1083K(1344K)
[2025-12-25T04:27:14.796+0000][gc          ] GC(496) Pause Young (Normal) (G1 Evacuation Pause) 703M->90M(1024M) 13.908ms
[2025-12-25T04:27:14.796+0000][gc,cpu      ] GC(496) User=0.08s Sys=0.00s Real=0.01s
[2025-12-25T04:28:04.990+0000][gc,start    ] GC(497) Pause Young (Normal) (G1 Evacuation Pause)
[2025-12-25T04:28:04.991+0000][gc,task     ] GC(497) Using 8 workers of 8 for evacuation
[2025-12-25T04:28:05.009+0000][gc,phases   ] GC(497)   Pre Evacuate Collection Set: 2.4ms
[2025-12-25T04:28:05.009+0000][gc,phases   ] GC(497)   Merge Heap Roots: 0.4ms
[2025-12-25T04:28:05.009+0000][gc,phases   ] GC(497)   Evacuate Collection Set: 13.7ms
[2025-12-25T04:28:05.009+0000][gc,phases   ] GC(497)   Post Evacuate Collection Set: 1.3ms
[2025-12-25T04:28:05.009+0000][gc,phases   ] GC(497)   Other: 0.2ms
[2025-12-25T04:28:05.009+0000][gc,heap     ] GC(497) Eden regions: 612->0(612)
[2025-12-25T04:28:05.009+0000][gc,heap     ] GC(497) Survivor regions: 2->2(77)
[2025-12-25T04:28:05.010+0000][gc,heap     ] GC(497) Old regions: 50->50
[2025-12-25T04:28:05.010+0000][gc,heap     ] GC(497) Humongous regions: 40->40
[2025-12-25T04:28:05.010+0000][gc,metaspace] GC(497) Metaspace: 12605K(13056K)->12605K(13056K) NonClass: 11521K(11712K)->11521K(11712K) Class: 1083K(1344K)->1083K(1344K)
[2025-12-25T04:28:05.010+0000][gc          ] GC(497) Pause Young (Normal) (G1 Evacuation Pause) 702M->91M(1024M) 19.237ms
[2025-12-25T04:28:05.010+0000][gc,cpu      ] GC(497) User=0.10s Sys=0.01s Real=0.02s
[2025-12-25T04:29:04.726+0000][gc,start    ] GC(498) Pause Young (Normal) (G1 Evacuation Pause)
[2025-12-25T04:29:04.726+0000][gc,task     ] GC(498) Using 8 workers of 8 for evacuation
[2025-12-25T04:29:04.743+0000][gc,phases   ] GC(498)   Pre Evacuate Collection Set: 1.2ms
[2025-12-25T04:29:04.743+0000][gc,phases   ] GC(498)   Merge Heap Roots: 0.4ms
[2025-12-25T04:29:04.743+0000][gc,phases   ] GC(498)   Evacuate Collection Set: 14.1ms
[2025-12-25T04:29:04.743+0000][gc,phases   ] GC(498)   Post Evacuate Collection Set: 1.1ms
[2025-12-25T04:29:04.743+0000][gc,phases   ] GC(498)   Other: 0.2ms
[2025-12-25T04:29:04.743+0000][gc,heap     ] GC(498) Eden regions: 612->0(612)
[2025-12-25T04:29:04.744+0000][gc,heap     ] GC(498) Survivor regions: 2->2(77)
[2025-12-25T04:29:04.744+0000][gc,heap     ] GC(498) Old regions: 50->50
[2025-12-25T04:29:04.744+0000][gc,heap     ] GC(498) Humongous regions: 40->40
[2025-12-25T04:29:04.744+0000][gc,metaspace] GC(498) Metaspace: 12605K(13056K)->12605K(13056K) NonClass: 11521K(11712K)->11521K(11712K) Class: 1083K(1344K)->1083K(1344K)
[2025-12-25T04:29:04.744+0000][gc          ] GC(498) Pause Young (Normal) (G1 Evacuation Pause) 703M->90M(1024M) 18.252ms
[2025-12-25T04:29:04.744+0000][gc,cpu      ] GC(498) User=0.05s Sys=0.06s Real=0.02s
[2025-12-25T04:29:54.896+0000][gc,start    ] GC(499) Pause Young (Normal) (G1 Evacuation Pause)
[2025-12-25T04:29:54.896+0000][gc,task     ] GC(499) Using 8 workers of 8 for evacuation
[2025-12-25T04:29:54.912+0000][gc,phases   ] GC(499)   Pre Evacuate Collection Set: 2.9ms
[2025-12-25T04:29:54.912+0000][gc,phases   ] GC(499)   Merge Heap Roots: 0.4ms
[2025-12-25T04:29:54.912+0000][gc,phases   ] GC(499)   Evacuate Collection Set: 10.6ms
[2025-12-25T04:29:54.912+0000][gc,phases   ] GC(499)   Post Evacuate Collection Set: 1.4ms
[2025-12-25T04:29:54.912+0000][gc,phases   ] GC(499)   Other: 0.2ms
[2025-12-25T04:29:54.912+0000][gc,heap     ] GC(499) Eden regions: 612->0(612)
[2025-12-25T04:29:54.913+0000][gc,heap     ] GC(499) Survivor regions: 2->2(77)
[2025-12-25T04:29:54.913+0000][gc,heap     ] GC(499) Old regions: 50->50
[2025-12-25T04:29:54.913+0000][gc,heap     ] GC(499) Humongous regions: 40->40
[2025-12-25T04:29:54.913+0000][gc,metaspace] GC(499) Metaspace: 12605K(13056K)->12605K(13056K) NonClass: 11521K(11712K)->11521K(11712K) Class: 1083K(1344K)->1083K(1344K)
[2025-12-25T04:29:54.913+0000][gc          ] GC(499) Pause Young (Normal) (G1 Evacuation Pause) 702M->91M(1024M) 17.599ms
[2025-12-25T04:29:54.913+0000][gc,cpu      ] GC(499) User=0.09s Sys=0.00s Real=0.02s
[2025-12-25T04:30:54.677+0000][gc,start    ] GC(500) Pause Young (Normal) (G1 Evacuation Pause)
[2025-12-25T04:30:54.678+0000][gc,task     ] GC(500) Using 8 workers of 8 for evacuation
[2025-12-25T04:30:54.683+0000][gc,phases   ] GC(500)   Pre Evacuate Collection Set: 1.2ms
[2025-12-25T04:30:54.683+0000][gc,phases   ] GC(500)   Merge Heap Roots: 0.2ms
[2025-12-25T04:30:54.683+0000][gc,phases   ] GC(500)   Evacuate Collection Set: 3.0ms
[2025-12-25T04:30:54.683+0000][gc,phases   ] GC(500)   Post Evacuate Collection Set: 0.8ms
[2025-12-25T04:30:54.684+0000][gc,phases   ] GC(500)   Other: 0.4ms
[2025-12-25T04:30:54.684+0000][gc,heap     ] GC(500) Eden regions: 612->0(612)
[2025-12-25T04:30:54.684+0000][gc,heap     ] GC(500) Survivor regions: 2->2(77)
[2025-12-25T04:30:54.684+0000][gc,heap     ] GC(500) Old regions: 50->50
[2025-12-25T04:30:54.684+0000][gc,heap     ] GC(500) Humongous regions: 40->40
[2025-12-25T04:30:54.684+0000][gc,metaspace] GC(500) Metaspace: 12605K(13056K)->12605K(13056K) NonClass: 11521K(11712K)->11521K(11712K) Class: 1083K(1344K)->1083K(1344K)
[2025-12-25T04:30:54.684+0000][gc          ] GC(500) Pause Young (Normal) (G1 Evacuation Pause) 703M->90M(1024M) 6.575ms
[2025-12-25T04:30:54.684+0000][gc,cpu      ] GC(500) User=0.04s Sys=0.00s Real=0.01s
[2025-12-25T04:31:45.032+0000][gc,start    ] GC(501) Pause Young (Normal) (G1 Evacuation Pause)
[2025-12-25T04:31:45.033+0000][gc,task     ] GC(501) Using 8 workers of 8 for evacuation
[2025-12-25T04:31:45.039+0000][gc,phases   ] GC(501)   Pre Evacuate Collection Set: 1.2ms
[2025-12-25T04:31:45.039+0000][gc,phases   ] GC(501)   Merge Heap Roots: 0.2ms
[2025-12-25T04:31:45.039+0000][gc,phases   ] GC(501)   Evacuate Collection Set: 3.4ms
[2025-12-25T04:31:45.039+0000][gc,phases   ] GC(501)   Post Evacuate Collection Set: 1.2ms
[2025-12-25T04:31:45.039+0000][gc,phases   ] GC(501)   Other: 0.2ms
[2025-12-25T04:31:45.040+0000][gc,heap     ] GC(501) Eden regions: 612->0(612)
[2025-12-25T04:31:45.040+0000][gc,heap     ] GC(501) Survivor regions: 2->2(77)
[2025-12-25T04:31:45.040+0000][gc,heap     ] GC(501) Old regions: 50->50
[2025-12-25T04:31:45.040+0000][gc,heap     ] GC(501) Humongous regions: 40->40
[2025-12-25T04:31:45.040+0000][gc,metaspace] GC(501) Metaspace: 12605K(13056K)->12605K(13056K) NonClass: 11521K(11712K)->11521K(11712K) Class: 1083K(1344K)->1083K(1344K)
[2025-12-25T04:31:45.040+0000][gc          ] GC(501) Pause Young (Normal) (G1 Evacuation Pause) 702M->91M(1024M) 7.519ms
[2025-12-25T04:31:45.040+0000][gc,cpu      ] GC(501) User=0.03s Sys=0.00s Real=0.01s
[2025-12-25T04:32:44.704+0000][gc,start    ] GC(502) Pause Young (Normal) (G1 Evacuation Pause)
[2025-12-25T04:32:44.705+0000][gc,task     ] GC(502) Using 8 workers of 8 for evacuation
[2025-12-25T04:32:44.718+0000][gc,phases   ] GC(502)   Pre Evacuate Collection Set: 1.2ms
[2025-12-25T04:32:44.718+0000][gc,phases   ] GC(502)   Merge Heap Roots: 0.2ms
[2025-12-25T04:32:44.718+0000][gc,phases   ] GC(502)   Evacuate Collection Set: 10.1ms
[2025-12-25T04:32:44.718+0000][gc,phases   ] GC(502)   Post Evacuate Collection Set: 2.0ms
[2025-12-25T04:32:44.718+0000][gc,phases   ] GC(502)   Other: 0.2ms
[2025-12-25T04:32:44.718+0000][gc,heap     ] GC(502) Eden regions: 612->0(612)
[2025-12-25T04:32:44.719+0000][gc,heap     ] GC(502) Survivor regions: 2->2(77)
[2025-12-25T04:32:44.719+0000][gc,heap     ] GC(502) Old regions: 50->50
[2025-12-25T04:32:44.719+0000][gc,heap     ] GC(502) Humongous regions: 40->40
[2025-12-25T04:32:44.719+0000][gc,metaspace] GC(502) Metaspace: 12605K(13056K)->12605K(13056K) NonClass: 11521K(11712K)->11521K(11712K) Class: 1083K(1344K)->1083K(1344K)
[2025-12-25T04:32:44.720+0000][gc          ] GC(502) Pause Young (Normal) (G1 Evacuation Pause) 703M->90M(1024M) 15.649ms
[2025-12-25T04:32:44.720+0000][gc,cpu      ] GC(502) User=0.08s Sys=0.00s Real=0.02s
[2025-12-25T04:33:35.162+0000][gc,start    ] GC(503) Pause Young (Normal) (G1 Evacuation Pause)
[2025-12-25T04:33:35.163+0000][gc,task     ] GC(503) Using 8 workers of 8 for evacuation
[2025-12-25T04:33:35.181+0000][gc,phases   ] GC(503)   Pre Evacuate Collection Set: 1.9ms
[2025-12-25T04:33:35.181+0000][gc,phases   ] GC(503)   Merge Heap Roots: 0.2ms
[2025-12-25T04:33:35.182+0000][gc,phases   ] GC(503)   Evacuate Collection Set: 13.7ms
[2025-12-25T04:33:35.182+0000][gc,phases   ] GC(503)   Post Evacuate Collection Set: 2.0ms
[2025-12-25T04:33:35.182+0000][gc,phases   ] GC(503)   Other: 0.4ms
[2025-12-25T04:33:35.182+0000][gc,heap     ] GC(503) Eden regions: 612->0(612)
[2025-12-25T04:33:35.182+0000][gc,heap     ] GC(503) Survivor regions: 2->2(77)
[2025-12-25T04:33:35.182+0000][gc,heap     ] GC(503) Old regions: 50->50
[2025-12-25T04:33:35.182+0000][gc,heap     ] GC(503) Humongous regions: 40->40
[2025-12-25T04:33:35.182+0000][gc,metaspace] GC(503) Metaspace: 12605K(13056K)->12605K(13056K) NonClass: 11521K(11712K)->11521K(11712K) Class: 1083K(1344K)->1083K(1344K)
[2025-12-25T04:33:35.182+0000][gc          ] GC(503) Pause Young (Normal) (G1 Evacuation Pause) 702M->91M(1024M) 19.596ms
[2025-12-25T04:33:35.182+0000][gc,cpu      ] GC(503) User=0.10s Sys=0.00s Real=0.02s
[2025-12-25T04:34:34.692+0000][gc,start    ] GC(504) Pause Young (Normal) (G1 Evacuation Pause)
[2025-12-25T04:34:34.700+0000][gc,task     ] GC(504) Using 8 workers of 8 for evacuation
[2025-12-25T04:34:34.772+0000][gc,phases   ] GC(504)   Pre Evacuate Collection Set: 15.2ms
[2025-12-25T04:34:34.772+0000][gc,phases   ] GC(504)   Merge Heap Roots: 0.7ms
[2025-12-25T04:34:34.772+0000][gc,phases   ] GC(504)   Evacuate Collection Set: 46.8ms
[2025-12-25T04:34:34.773+0000][gc,phases   ] GC(504)   Post Evacuate Collection Set: 7.0ms
[2025-12-25T04:34:34.774+0000][gc,phases   ] GC(504)   Other: 1.2ms
[2025-12-25T04:34:34.796+0000][gc,heap     ] GC(504) Eden regions: 612->0(613)
[2025-12-25T04:34:34.818+0000][gc,heap     ] GC(504) Survivor regions: 2->1(77)
[2025-12-25T04:34:34.852+0000][gc,heap     ] GC(504) Old regions: 50->50
[2025-12-25T04:34:34.856+0000][gc,heap     ] GC(504) Humongous regions: 40->40
[2025-12-25T04:34:34.882+0000][gc,metaspace] GC(504) Metaspace: 12605K(13056K)->12605K(13056K) NonClass: 11521K(11712K)->11521K(11712K) Class: 1083K(1344K)->1083K(1344K)
[2025-12-25T04:34:34.889+0000][gc          ] GC(504) Pause Young (Normal) (G1 Evacuation Pause) 703M->90M(1024M) 197.485ms
[2025-12-25T04:34:34.893+0000][gc,cpu      ] GC(504) User=0.39s Sys=0.02s Real=0.20s
[2025-12-25T04:35:24.844+0000][gc,start    ] GC(505) Pause Young (Normal) (G1 Evacuation Pause)
[2025-12-25T04:35:24.844+0000][gc,task     ] GC(505) Using 8 workers of 8 for evacuation
[2025-12-25T04:35:24.852+0000][gc,phases   ] GC(505)   Pre Evacuate Collection Set: 1.7ms
[2025-12-25T04:35:24.852+0000][gc,phases   ] GC(505)   Merge Heap Roots: 0.4ms
[2025-12-25T04:35:24.852+0000][gc,phases   ] GC(505)   Evacuate Collection Set: 4.0ms
[2025-12-25T04:35:24.852+0000][gc,phases   ] GC(505)   Post Evacuate Collection Set: 1.9ms
[2025-12-25T04:35:24.852+0000][gc,phases   ] GC(505)   Other: 0.2ms
[2025-12-25T04:35:24.853+0000][gc,heap     ] GC(505) Eden regions: 613->0(612)
[2025-12-25T04:35:24.853+0000][gc,heap     ] GC(505) Survivor regions: 1->2(77)
[2025-12-25T04:35:24.853+0000][gc,heap     ] GC(505) Old regions: 50->50
[2025-12-25T04:35:24.853+0000][gc,heap     ] GC(505) Humongous regions: 40->40
[2025-12-25T04:35:24.853+0000][gc,metaspace] GC(505) Metaspace: 12605K(13056K)->12605K(13056K) NonClass: 11521K(11712K)->11521K(11712K) Class: 1083K(1344K)->1083K(1344K)
[2025-12-25T04:35:24.853+0000][gc          ] GC(505) Pause Young (Normal) (G1 Evacuation Pause) 703M->91M(1024M) 9.268ms
[2025-12-25T04:35:24.853+0000][gc,cpu      ] GC(505) User=0.06s Sys=0.00s Real=0.01s
[2025-12-25T04:36:24.608+0000][gc,start    ] GC(506) Pause Young (Normal) (G1 Evacuation Pause)
[2025-12-25T04:36:24.610+0000][gc,task     ] GC(506) Using 8 workers of 8 for evacuation
[2025-12-25T04:36:24.637+0000][gc,phases   ] GC(506)   Pre Evacuate Collection Set: 9.4ms
[2025-12-25T04:36:24.638+0000][gc,phases   ] GC(506)   Merge Heap Roots: 3.8ms
[2025-12-25T04:36:24.638+0000][gc,phases   ] GC(506)   Evacuate Collection Set: 10.0ms
[2025-12-25T04:36:24.638+0000][gc,phases   ] GC(506)   Post Evacuate Collection Set: 3.8ms
[2025-12-25T04:36:24.638+0000][gc,phases   ] GC(506)   Other: 0.6ms
[2025-12-25T04:36:24.638+0000][gc,heap     ] GC(506) Eden regions: 612->0(613)
[2025-12-25T04:36:24.639+0000][gc,heap     ] GC(506) Survivor regions: 2->1(77)
[2025-12-25T04:36:24.639+0000][gc,heap     ] GC(506) Old regions: 50->50
[2025-12-25T04:36:24.639+0000][gc,heap     ] GC(506) Humongous regions: 40->40
[2025-12-25T04:36:24.639+0000][gc,metaspace] GC(506) Metaspace: 12605K(13056K)->12605K(13056K) NonClass: 11521K(11712K)->11521K(11712K) Class: 1083K(1344K)->1083K(1344K)
[2025-12-25T04:36:24.639+0000][gc          ] GC(506) Pause Young (Normal) (G1 Evacuation Pause) 703M->90M(1024M) 30.648ms
[2025-12-25T04:36:24.639+0000][gc,cpu      ] GC(506) User=0.14s Sys=0.01s Real=0.03s
[2025-12-25T04:37:14.801+0000][gc,start    ] GC(507) Pause Young (Normal) (G1 Evacuation Pause)
[2025-12-25T04:37:14.803+0000][gc,task     ] GC(507) Using 8 workers of 8 for evacuation
[2025-12-25T04:37:14.813+0000][gc,phases   ] GC(507)   Pre Evacuate Collection Set: 1.9ms
[2025-12-25T04:37:14.813+0000][gc,phases   ] GC(507)   Merge Heap Roots: 0.2ms
[2025-12-25T04:37:14.813+0000][gc,phases   ] GC(507)   Evacuate Collection Set: 6.8ms
[2025-12-25T04:37:14.813+0000][gc,phases   ] GC(507)   Post Evacuate Collection Set: 1.1ms
[2025-12-25T04:37:14.813+0000][gc,phases   ] GC(507)   Other: 0.4ms
[2025-12-25T04:37:14.813+0000][gc,heap     ] GC(507) Eden regions: 613->0(612)
[2025-12-25T04:37:14.813+0000][gc,heap     ] GC(507) Survivor regions: 1->2(77)
[2025-12-25T04:37:14.813+0000][gc,heap     ] GC(507) Old regions: 50->50
[2025-12-25T04:37:14.813+0000][gc,heap     ] GC(507) Humongous regions: 40->40
[2025-12-25T04:37:14.813+0000][gc,metaspace] GC(507) Metaspace: 12605K(13056K)->12605K(13056K) NonClass: 11521K(11712K)->11521K(11712K) Class: 1083K(1344K)->1083K(1344K)
[2025-12-25T04:37:14.814+0000][gc          ] GC(507) Pause Young (Normal) (G1 Evacuation Pause) 703M->91M(1024M) 12.180ms
[2025-12-25T04:37:14.814+0000][gc,cpu      ] GC(507) User=0.05s Sys=0.01s Real=0.01s
[2025-12-25T04:38:14.615+0000][gc,start    ] GC(508) Pause Young (Normal) (G1 Evacuation Pause)
[2025-12-25T04:38:14.616+0000][gc,task     ] GC(508) Using 8 workers of 8 for evacuation
[2025-12-25T04:38:14.627+0000][gc,phases   ] GC(508)   Pre Evacuate Collection Set: 3.7ms
[2025-12-25T04:38:14.627+0000][gc,phases   ] GC(508)   Merge Heap Roots: 0.4ms
[2025-12-25T04:38:14.627+0000][gc,phases   ] GC(508)   Evacuate Collection Set: 5.6ms
[2025-12-25T04:38:14.627+0000][gc,phases   ] GC(508)   Post Evacuate Collection Set: 1.1ms
[2025-12-25T04:38:14.627+0000][gc,phases   ] GC(508)   Other: 0.4ms
[2025-12-25T04:38:14.628+0000][gc,heap     ] GC(508) Eden regions: 612->0(613)
[2025-12-25T04:38:14.628+0000][gc,heap     ] GC(508) Survivor regions: 2->1(77)
[2025-12-25T04:38:14.628+0000][gc,heap     ] GC(508) Old regions: 50->50
[2025-12-25T04:38:14.628+0000][gc,heap     ] GC(508) Humongous regions: 40->40
[2025-12-25T04:38:14.628+0000][gc,metaspace] GC(508) Metaspace: 12605K(13056K)->12605K(13056K) NonClass: 11521K(11712K)->11521K(11712K) Class: 1083K(1344K)->1083K(1344K)
[2025-12-25T04:38:14.628+0000][gc          ] GC(508) Pause Young (Normal) (G1 Evacuation Pause) 703M->90M(1024M) 13.399ms
[2025-12-25T04:38:14.628+0000][gc,cpu      ] GC(508) User=0.06s Sys=0.00s Real=0.01s
[2025-12-25T04:39:04.761+0000][gc,start    ] GC(509) Pause Young (Normal) (G1 Evacuation Pause)
[2025-12-25T04:39:04.762+0000][gc,task     ] GC(509) Using 8 workers of 8 for evacuation
[2025-12-25T04:39:04.767+0000][gc,phases   ] GC(509)   Pre Evacuate Collection Set: 1.3ms
[2025-12-25T04:39:04.768+0000][gc,phases   ] GC(509)   Merge Heap Roots: 0.2ms
[2025-12-25T04:39:04.768+0000][gc,phases   ] GC(509)   Evacuate Collection Set: 3.3ms
[2025-12-25T04:39:04.768+0000][gc,phases   ] GC(509)   Post Evacuate Collection Set: 1.1ms
[2025-12-25T04:39:04.768+0000][gc,phases   ] GC(509)   Other: 0.2ms
[2025-12-25T04:39:04.768+0000][gc,heap     ] GC(509) Eden regions: 613->0(612)
[2025-12-25T04:39:04.768+0000][gc,heap     ] GC(509) Survivor regions: 1->2(77)
[2025-12-25T04:39:04.768+0000][gc,heap     ] GC(509) Old regions: 50->51
[2025-12-25T04:39:04.768+0000][gc,heap     ] GC(509) Humongous regions: 40->40
[2025-12-25T04:39:04.768+0000][gc,metaspace] GC(509) Metaspace: 12605K(13056K)->12605K(13056K) NonClass: 11521K(11712K)->11521K(11712K) Class: 1083K(1344K)->1083K(1344K)
[2025-12-25T04:39:04.768+0000][gc          ] GC(509) Pause Young (Normal) (G1 Evacuation Pause) 703M->91M(1024M) 7.020ms
[2025-12-25T04:39:04.768+0000][gc,cpu      ] GC(509) User=0.03s Sys=0.00s Real=0.00s
[2025-12-25T04:40:04.570+0000][gc,start    ] GC(510) Pause Young (Normal) (G1 Evacuation Pause)
[2025-12-25T04:40:04.571+0000][gc,task     ] GC(510) Using 8 workers of 8 for evacuation
[2025-12-25T04:40:04.589+0000][gc,phases   ] GC(510)   Pre Evacuate Collection Set: 4.4ms
[2025-12-25T04:40:04.589+0000][gc,phases   ] GC(510)   Merge Heap Roots: 1.1ms
[2025-12-25T04:40:04.589+0000][gc,phases   ] GC(510)   Evacuate Collection Set: 10.4ms
[2025-12-25T04:40:04.589+0000][gc,phases   ] GC(510)   Post Evacuate Collection Set: 1.9ms
[2025-12-25T04:40:04.590+0000][gc,phases   ] GC(510)   Other: 0.4ms
[2025-12-25T04:40:04.590+0000][gc,heap     ] GC(510) Eden regions: 612->0(613)
[2025-12-25T04:40:04.590+0000][gc,heap     ] GC(510) Survivor regions: 2->1(77)
[2025-12-25T04:40:04.590+0000][gc,heap     ] GC(510) Old regions: 51->51
[2025-12-25T04:40:04.590+0000][gc,heap     ] GC(510) Humongous regions: 40->40
[2025-12-25T04:40:04.590+0000][gc,metaspace] GC(510) Metaspace: 12605K(13056K)->12605K(13056K) NonClass: 11521K(11712K)->11521K(11712K) Class: 1083K(1344K)->1083K(1344K)
[2025-12-25T04:40:04.590+0000][gc          ] GC(510) Pause Young (Normal) (G1 Evacuation Pause) 703M->90M(1024M) 19.702ms
[2025-12-25T04:40:04.590+0000][gc,cpu      ] GC(510) User=0.10s Sys=0.00s Real=0.02s
[2025-12-25T04:40:54.754+0000][gc,start    ] GC(511) Pause Young (Normal) (G1 Evacuation Pause)
[2025-12-25T04:40:54.755+0000][gc,task     ] GC(511) Using 8 workers of 8 for evacuation
[2025-12-25T04:40:54.764+0000][gc,phases   ] GC(511)   Pre Evacuate Collection Set: 1.2ms
[2025-12-25T04:40:54.764+0000][gc,phases   ] GC(511)   Merge Heap Roots: 0.2ms
[2025-12-25T04:40:54.764+0000][gc,phases   ] GC(511)   Evacuate Collection Set: 5.8ms
[2025-12-25T04:40:54.764+0000][gc,phases   ] GC(511)   Post Evacuate Collection Set: 1.3ms
[2025-12-25T04:40:54.764+0000][gc,phases   ] GC(511)   Other: 0.5ms
[2025-12-25T04:40:54.764+0000][gc,heap     ] GC(511) Eden regions: 613->0(612)
[2025-12-25T04:40:54.764+0000][gc,heap     ] GC(511) Survivor regions: 1->2(77)
[2025-12-25T04:40:54.764+0000][gc,heap     ] GC(511) Old regions: 51->51
[2025-12-25T04:40:54.764+0000][gc,heap     ] GC(511) Humongous regions: 40->40
[2025-12-25T04:40:54.764+0000][gc,metaspace] GC(511) Metaspace: 12616K(13056K)->12616K(13056K) NonClass: 11532K(11712K)->11532K(11712K) Class: 1083K(1344K)->1083K(1344K)
[2025-12-25T04:40:54.765+0000][gc          ] GC(511) Pause Young (Normal) (G1 Evacuation Pause) 703M->91M(1024M) 10.126ms
[2025-12-25T04:40:54.765+0000][gc,cpu      ] GC(511) User=0.06s Sys=0.00s Real=0.01s
[2025-12-25T04:41:53.550+0000][gc,start    ] GC(512) Pause Young (Normal) (G1 Evacuation Pause)
[2025-12-25T04:41:53.551+0000][gc,task     ] GC(512) Using 8 workers of 8 for evacuation
[2025-12-25T04:41:53.573+0000][gc,phases   ] GC(512)   Pre Evacuate Collection Set: 3.1ms
[2025-12-25T04:41:53.573+0000][gc,phases   ] GC(512)   Merge Heap Roots: 0.8ms
[2025-12-25T04:41:53.573+0000][gc,phases   ] GC(512)   Evacuate Collection Set: 13.4ms
[2025-12-25T04:41:53.574+0000][gc,phases   ] GC(512)   Post Evacuate Collection Set: 3.6ms
[2025-12-25T04:41:53.574+0000][gc,phases   ] GC(512)   Other: 0.6ms
[2025-12-25T04:41:53.574+0000][gc,heap     ] GC(512) Eden regions: 612->0(613)
[2025-12-25T04:41:53.574+0000][gc,heap     ] GC(512) Survivor regions: 2->1(77)
[2025-12-25T04:41:53.574+0000][gc,heap     ] GC(512) Old regions: 51->51
[2025-12-25T04:41:53.574+0000][gc,heap     ] GC(512) Humongous regions: 40->40
[2025-12-25T04:41:53.574+0000][gc,metaspace] GC(512) Metaspace: 12616K(13056K)->12616K(13056K) NonClass: 11532K(11712K)->11532K(11712K) Class: 1083K(1344K)->1083K(1344K)
[2025-12-25T04:41:53.575+0000][gc          ] GC(512) Pause Young (Normal) (G1 Evacuation Pause) 703M->90M(1024M) 24.438ms
[2025-12-25T04:41:53.575+0000][gc,cpu      ] GC(512) User=0.13s Sys=0.00s Real=0.03s
[2025-12-25T04:42:44.754+0000][gc,start    ] GC(513) Pause Young (Normal) (G1 Evacuation Pause)
[2025-12-25T04:42:44.756+0000][gc,task     ] GC(513) Using 8 workers of 8 for evacuation
[2025-12-25T04:42:44.768+0000][gc,phases   ] GC(513)   Pre Evacuate Collection Set: 3.4ms
[2025-12-25T04:42:44.768+0000][gc,phases   ] GC(513)   Merge Heap Roots: 0.6ms
[2025-12-25T04:42:44.768+0000][gc,phases   ] GC(513)   Evacuate Collection Set: 6.4ms
[2025-12-25T04:42:44.769+0000][gc,phases   ] GC(513)   Post Evacuate Collection Set: 1.3ms
[2025-12-25T04:42:44.769+0000][gc,phases   ] GC(513)   Other: 1.2ms
[2025-12-25T04:42:44.769+0000][gc,heap     ] GC(513) Eden regions: 613->0(612)
[2025-12-25T04:42:44.769+0000][gc,heap     ] GC(513) Survivor regions: 1->2(77)
[2025-12-25T04:42:44.769+0000][gc,heap     ] GC(513) Old regions: 51->51
[2025-12-25T04:42:44.769+0000][gc,heap     ] GC(513) Humongous regions: 40->40
[2025-12-25T04:42:44.769+0000][gc,metaspace] GC(513) Metaspace: 12616K(13056K)->12616K(13056K) NonClass: 11532K(11712K)->11532K(11712K) Class: 1083K(1344K)->1083K(1344K)
[2025-12-25T04:42:44.769+0000][gc          ] GC(513) Pause Young (Normal) (G1 Evacuation Pause) 703M->91M(1024M) 14.872ms
[2025-12-25T04:42:44.769+0000][gc,cpu      ] GC(513) User=0.07s Sys=0.00s Real=0.01s
[2025-12-25T04:43:34.922+0000][gc,start    ] GC(514) Pause Young (Normal) (G1 Evacuation Pause)
[2025-12-25T04:43:34.922+0000][gc,task     ] GC(514) Using 8 workers of 8 for evacuation
[2025-12-25T04:43:34.934+0000][gc,phases   ] GC(514)   Pre Evacuate Collection Set: 1.2ms
[2025-12-25T04:43:34.934+0000][gc,phases   ] GC(514)   Merge Heap Roots: 0.2ms
[2025-12-25T04:43:34.934+0000][gc,phases   ] GC(514)   Evacuate Collection Set: 8.7ms
[2025-12-25T04:43:34.934+0000][gc,phases   ] GC(514)   Post Evacuate Collection Set: 1.2ms
[2025-12-25T04:43:34.934+0000][gc,phases   ] GC(514)   Other: 0.3ms
[2025-12-25T04:43:34.934+0000][gc,heap     ] GC(514) Eden regions: 612->0(612)
[2025-12-25T04:43:34.934+0000][gc,heap     ] GC(514) Survivor regions: 2->2(77)
[2025-12-25T04:43:34.934+0000][gc,heap     ] GC(514) Old regions: 51->51
[2025-12-25T04:43:34.934+0000][gc,heap     ] GC(514) Humongous regions: 40->40
[2025-12-25T04:43:34.934+0000][gc,metaspace] GC(514) Metaspace: 12616K(13056K)->12616K(13056K) NonClass: 11532K(11712K)->11532K(11712K) Class: 1083K(1344K)->1083K(1344K)
[2025-12-25T04:43:34.935+0000][gc          ] GC(514) Pause Young (Normal) (G1 Evacuation Pause) 703M->92M(1024M) 12.948ms
[2025-12-25T04:43:34.935+0000][gc,cpu      ] GC(514) User=0.05s Sys=0.01s Real=0.01s
[2025-12-25T04:44:34.702+0000][gc,start    ] GC(515) Pause Young (Normal) (G1 Evacuation Pause)
[2025-12-25T04:44:34.703+0000][gc,task     ] GC(515) Using 8 workers of 8 for evacuation
[2025-12-25T04:44:34.709+0000][gc,phases   ] GC(515)   Pre Evacuate Collection Set: 1.2ms
[2025-12-25T04:44:34.710+0000][gc,phases   ] GC(515)   Merge Heap Roots: 0.2ms
[2025-12-25T04:44:34.710+0000][gc,phases   ] GC(515)   Evacuate Collection Set: 3.7ms
[2025-12-25T04:44:34.710+0000][gc,phases   ] GC(515)   Post Evacuate Collection Set: 1.5ms
[2025-12-25T04:44:34.710+0000][gc,phases   ] GC(515)   Other: 0.2ms
[2025-12-25T04:44:34.710+0000][gc,heap     ] GC(515) Eden regions: 612->0(612)
[2025-12-25T04:44:34.710+0000][gc,heap     ] GC(515) Survivor regions: 2->2(77)
[2025-12-25T04:44:34.710+0000][gc,heap     ] GC(515) Old regions: 51->51
[2025-12-25T04:44:34.710+0000][gc,heap     ] GC(515) Humongous regions: 40->40
[2025-12-25T04:44:34.710+0000][gc,metaspace] GC(515) Metaspace: 12616K(13056K)->12616K(13056K) NonClass: 11532K(11712K)->11532K(11712K) Class: 1083K(1344K)->1083K(1344K)
[2025-12-25T04:44:34.710+0000][gc          ] GC(515) Pause Young (Normal) (G1 Evacuation Pause) 704M->91M(1024M) 7.978ms
[2025-12-25T04:44:34.710+0000][gc,cpu      ] GC(515) User=0.03s Sys=0.01s Real=0.01s
[2025-12-25T04:45:24.852+0000][gc,start    ] GC(516) Pause Young (Normal) (G1 Evacuation Pause)
[2025-12-25T04:45:24.853+0000][gc,task     ] GC(516) Using 8 workers of 8 for evacuation
[2025-12-25T04:45:24.867+0000][gc,phases   ] GC(516)   Pre Evacuate Collection Set: 3.8ms
[2025-12-25T04:45:24.867+0000][gc,phases   ] GC(516)   Merge Heap Roots: 0.2ms
[2025-12-25T04:45:24.867+0000][gc,phases   ] GC(516)   Evacuate Collection Set: 8.6ms
[2025-12-25T04:45:24.867+0000][gc,phases   ] GC(516)   Post Evacuate Collection Set: 1.1ms
[2025-12-25T04:45:24.867+0000][gc,phases   ] GC(516)   Other: 0.2ms
[2025-12-25T04:45:24.867+0000][gc,heap     ] GC(516) Eden regions: 612->0(612)
[2025-12-25T04:45:24.867+0000][gc,heap     ] GC(516) Survivor regions: 2->2(77)
[2025-12-25T04:45:24.867+0000][gc,heap     ] GC(516) Old regions: 51->51
[2025-12-25T04:45:24.867+0000][gc,heap     ] GC(516) Humongous regions: 40->40
[2025-12-25T04:45:24.867+0000][gc,metaspace] GC(516) Metaspace: 12616K(13056K)->12616K(13056K) NonClass: 11532K(11712K)->11532K(11712K) Class: 1083K(1344K)->1083K(1344K)
[2025-12-25T04:45:24.868+0000][gc          ] GC(516) Pause Young (Normal) (G1 Evacuation Pause) 703M->92M(1024M) 15.196ms
[2025-12-25T04:45:24.868+0000][gc,cpu      ] GC(516) User=0.09s Sys=0.00s Real=0.01s
[2025-12-25T04:46:24.683+0000][gc,start    ] GC(517) Pause Young (Normal) (G1 Evacuation Pause)
[2025-12-25T04:46:24.684+0000][gc,task     ] GC(517) Using 8 workers of 8 for evacuation
[2025-12-25T04:46:24.695+0000][gc,phases   ] GC(517)   Pre Evacuate Collection Set: 1.0ms
[2025-12-25T04:46:24.695+0000][gc,phases   ] GC(517)   Merge Heap Roots: 0.2ms
[2025-12-25T04:46:24.695+0000][gc,phases   ] GC(517)   Evacuate Collection Set: 8.6ms
[2025-12-25T04:46:24.695+0000][gc,phases   ] GC(517)   Post Evacuate Collection Set: 1.0ms
[2025-12-25T04:46:24.695+0000][gc,phases   ] GC(517)   Other: 0.2ms
[2025-12-25T04:46:24.695+0000][gc,heap     ] GC(517) Eden regions: 612->0(612)
[2025-12-25T04:46:24.695+0000][gc,heap     ] GC(517) Survivor regions: 2->2(77)
[2025-12-25T04:46:24.695+0000][gc,heap     ] GC(517) Old regions: 51->51
[2025-12-25T04:46:24.695+0000][gc,heap     ] GC(517) Humongous regions: 40->40
[2025-12-25T04:46:24.695+0000][gc,metaspace] GC(517) Metaspace: 12616K(13056K)->12616K(13056K) NonClass: 11532K(11712K)->11532K(11712K) Class: 1083K(1344K)->1083K(1344K)
[2025-12-25T04:46:24.695+0000][gc          ] GC(517) Pause Young (Normal) (G1 Evacuation Pause) 704M->91M(1024M) 12.082ms
[2025-12-25T04:46:24.695+0000][gc,cpu      ] GC(517) User=0.06s Sys=0.00s Real=0.01s
[2025-12-25T04:47:14.858+0000][gc,start    ] GC(518) Pause Young (Normal) (G1 Evacuation Pause)
[2025-12-25T04:47:14.858+0000][gc,task     ] GC(518) Using 8 workers of 8 for evacuation
[2025-12-25T04:47:14.870+0000][gc,phases   ] GC(518)   Pre Evacuate Collection Set: 1.1ms
[2025-12-25T04:47:14.870+0000][gc,phases   ] GC(518)   Merge Heap Roots: 0.2ms
[2025-12-25T04:47:14.870+0000][gc,phases   ] GC(518)   Evacuate Collection Set: 8.9ms
[2025-12-25T04:47:14.870+0000][gc,phases   ] GC(518)   Post Evacuate Collection Set: 1.3ms
[2025-12-25T04:47:14.870+0000][gc,phases   ] GC(518)   Other: 0.3ms
[2025-12-25T04:47:14.870+0000][gc,heap     ] GC(518) Eden regions: 612->0(612)
[2025-12-25T04:47:14.870+0000][gc,heap     ] GC(518) Survivor regions: 2->2(77)
[2025-12-25T04:47:14.870+0000][gc,heap     ] GC(518) Old regions: 51->51
[2025-12-25T04:47:14.870+0000][gc,heap     ] GC(518) Humongous regions: 40->40
[2025-12-25T04:47:14.870+0000][gc,metaspace] GC(518) Metaspace: 12616K(13056K)->12616K(13056K) NonClass: 11532K(11712K)->11532K(11712K) Class: 1083K(1344K)->1083K(1344K)
[2025-12-25T04:47:14.871+0000][gc          ] GC(518) Pause Young (Normal) (G1 Evacuation Pause) 703M->92M(1024M) 13.074ms
[2025-12-25T04:47:14.871+0000][gc,cpu      ] GC(518) User=0.07s Sys=0.00s Real=0.01s
[2025-12-25T04:48:14.680+0000][gc,start    ] GC(519) Pause Young (Normal) (G1 Evacuation Pause)
[2025-12-25T04:48:14.681+0000][gc,task     ] GC(519) Using 8 workers of 8 for evacuation
[2025-12-25T04:48:14.688+0000][gc,phases   ] GC(519)   Pre Evacuate Collection Set: 0.9ms
[2025-12-25T04:48:14.688+0000][gc,phases   ] GC(519)   Merge Heap Roots: 0.2ms
[2025-12-25T04:48:14.688+0000][gc,phases   ] GC(519)   Evacuate Collection Set: 3.3ms
[2025-12-25T04:48:14.688+0000][gc,phases   ] GC(519)   Post Evacuate Collection Set: 2.3ms
[2025-12-25T04:48:14.688+0000][gc,phases   ] GC(519)   Other: 0.2ms
[2025-12-25T04:48:14.688+0000][gc,heap     ] GC(519) Eden regions: 612->0(612)
[2025-12-25T04:48:14.689+0000][gc,heap     ] GC(519) Survivor regions: 2->2(77)
[2025-12-25T04:48:14.689+0000][gc,heap     ] GC(519) Old regions: 51->51
[2025-12-25T04:48:14.689+0000][gc,heap     ] GC(519) Humongous regions: 40->40
[2025-12-25T04:48:14.689+0000][gc,metaspace] GC(519) Metaspace: 12616K(13056K)->12616K(13056K) NonClass: 11532K(11712K)->11532K(11712K) Class: 1083K(1344K)->1083K(1344K)
[2025-12-25T04:48:14.689+0000][gc          ] GC(519) Pause Young (Normal) (G1 Evacuation Pause) 704M->91M(1024M) 8.451ms
[2025-12-25T04:48:14.689+0000][gc,cpu      ] GC(519) User=0.03s Sys=0.00s Real=0.01s
[2025-12-25T04:49:04.918+0000][gc,start    ] GC(520) Pause Young (Normal) (G1 Evacuation Pause)
[2025-12-25T04:49:04.919+0000][gc,task     ] GC(520) Using 8 workers of 8 for evacuation
[2025-12-25T04:49:04.939+0000][gc,phases   ] GC(520)   Pre Evacuate Collection Set: 2.3ms
[2025-12-25T04:49:04.939+0000][gc,phases   ] GC(520)   Merge Heap Roots: 0.3ms
[2025-12-25T04:49:04.939+0000][gc,phases   ] GC(520)   Evacuate Collection Set: 11.7ms
[2025-12-25T04:49:04.940+0000][gc,phases   ] GC(520)   Post Evacuate Collection Set: 5.1ms
[2025-12-25T04:49:04.940+0000][gc,phases   ] GC(520)   Other: 0.3ms
[2025-12-25T04:49:04.940+0000][gc,heap     ] GC(520) Eden regions: 612->0(612)
[2025-12-25T04:49:04.940+0000][gc,heap     ] GC(520) Survivor regions: 2->2(77)
[2025-12-25T04:49:04.940+0000][gc,heap     ] GC(520) Old regions: 51->51
[2025-12-25T04:49:04.940+0000][gc,heap     ] GC(520) Humongous regions: 40->40
[2025-12-25T04:49:04.940+0000][gc,metaspace] GC(520) Metaspace: 12617K(13056K)->12617K(13056K) NonClass: 11533K(11712K)->11533K(11712K) Class: 1083K(1344K)->1083K(1344K)
[2025-12-25T04:49:04.940+0000][gc          ] GC(520) Pause Young (Normal) (G1 Evacuation Pause) 703M->92M(1024M) 22.101ms
[2025-12-25T04:49:04.940+0000][gc,cpu      ] GC(520) User=0.11s Sys=0.01s Real=0.02s
[2025-12-25T04:50:04.648+0000][gc,start    ] GC(521) Pause Young (Normal) (G1 Evacuation Pause)
[2025-12-25T04:50:04.648+0000][gc,task     ] GC(521) Using 8 workers of 8 for evacuation
[2025-12-25T04:50:04.654+0000][gc,phases   ] GC(521)   Pre Evacuate Collection Set: 1.1ms
[2025-12-25T04:50:04.654+0000][gc,phases   ] GC(521)   Merge Heap Roots: 0.2ms
[2025-12-25T04:50:04.655+0000][gc,phases   ] GC(521)   Evacuate Collection Set: 3.3ms
[2025-12-25T04:50:04.655+0000][gc,phases   ] GC(521)   Post Evacuate Collection Set: 1.3ms
[2025-12-25T04:50:04.655+0000][gc,phases   ] GC(521)   Other: 0.2ms
[2025-12-25T04:50:04.655+0000][gc,heap     ] GC(521) Eden regions: 612->0(612)
[2025-12-25T04:50:04.655+0000][gc,heap     ] GC(521) Survivor regions: 2->2(77)
[2025-12-25T04:50:04.655+0000][gc,heap     ] GC(521) Old regions: 51->51
[2025-12-25T04:50:04.655+0000][gc,heap     ] GC(521) Humongous regions: 40->40
[2025-12-25T04:50:04.655+0000][gc,metaspace] GC(521) Metaspace: 12617K(13056K)->12617K(13056K) NonClass: 11533K(11712K)->11533K(11712K) Class: 1083K(1344K)->1083K(1344K)
[2025-12-25T04:50:04.655+0000][gc          ] GC(521) Pause Young (Normal) (G1 Evacuation Pause) 704M->91M(1024M) 7.648ms
[2025-12-25T04:50:04.655+0000][gc,cpu      ] GC(521) User=0.03s Sys=0.01s Real=0.01s
[2025-12-25T04:50:54.797+0000][gc,start    ] GC(522) Pause Young (Normal) (G1 Evacuation Pause)
[2025-12-25T04:50:54.798+0000][gc,task     ] GC(522) Using 8 workers of 8 for evacuation
[2025-12-25T04:50:54.804+0000][gc,phases   ] GC(522)   Pre Evacuate Collection Set: 1.1ms
[2025-12-25T04:50:54.804+0000][gc,phases   ] GC(522)   Merge Heap Roots: 0.3ms
[2025-12-25T04:50:54.804+0000][gc,phases   ] GC(522)   Evacuate Collection Set: 3.8ms
[2025-12-25T04:50:54.804+0000][gc,phases   ] GC(522)   Post Evacuate Collection Set: 1.1ms
[2025-12-25T04:50:54.804+0000][gc,phases   ] GC(522)   Other: 0.2ms
[2025-12-25T04:50:54.805+0000][gc,heap     ] GC(522) Eden regions: 612->0(612)
[2025-12-25T04:50:54.805+0000][gc,heap     ] GC(522) Survivor regions: 2->2(77)
[2025-12-25T04:50:54.805+0000][gc,heap     ] GC(522) Old regions: 51->51
[2025-12-25T04:50:54.805+0000][gc,heap     ] GC(522) Humongous regions: 40->40
[2025-12-25T04:50:54.805+0000][gc,metaspace] GC(522) Metaspace: 12617K(13056K)->12617K(13056K) NonClass: 11533K(11712K)->11533K(11712K) Class: 1083K(1344K)->1083K(1344K)
[2025-12-25T04:50:54.805+0000][gc          ] GC(522) Pause Young (Normal) (G1 Evacuation Pause) 703M->92M(1024M) 7.702ms
[2025-12-25T04:50:54.805+0000][gc,cpu      ] GC(522) User=0.03s Sys=0.00s Real=0.01s
[2025-12-25T04:51:54.631+0000][gc,start    ] GC(523) Pause Young (Normal) (G1 Evacuation Pause)
[2025-12-25T04:51:54.632+0000][gc,task     ] GC(523) Using 8 workers of 8 for evacuation
[2025-12-25T04:51:54.643+0000][gc,phases   ] GC(523)   Pre Evacuate Collection Set: 1.2ms
[2025-12-25T04:51:54.643+0000][gc,phases   ] GC(523)   Merge Heap Roots: 0.2ms
[2025-12-25T04:51:54.643+0000][gc,phases   ] GC(523)   Evacuate Collection Set: 6.0ms
[2025-12-25T04:51:54.643+0000][gc,phases   ] GC(523)   Post Evacuate Collection Set: 3.1ms
[2025-12-25T04:51:54.643+0000][gc,phases   ] GC(523)   Other: 0.5ms
[2025-12-25T04:51:54.643+0000][gc,heap     ] GC(523) Eden regions: 612->0(612)
[2025-12-25T04:51:54.643+0000][gc,heap     ] GC(523) Survivor regions: 2->2(77)
[2025-12-25T04:51:54.643+0000][gc,heap     ] GC(523) Old regions: 51->51
[2025-12-25T04:51:54.644+0000][gc,heap     ] GC(523) Humongous regions: 40->40
[2025-12-25T04:51:54.644+0000][gc,metaspace] GC(523) Metaspace: 12617K(13056K)->12617K(13056K) NonClass: 11533K(11712K)->11533K(11712K) Class: 1083K(1344K)->1083K(1344K)
[2025-12-25T04:51:54.644+0000][gc          ] GC(523) Pause Young (Normal) (G1 Evacuation Pause) 704M->91M(1024M) 12.278ms
[2025-12-25T04:51:54.644+0000][gc,cpu      ] GC(523) User=0.07s Sys=0.00s Real=0.02s
[2025-12-25T04:52:44.781+0000][gc,start    ] GC(524) Pause Young (Normal) (G1 Evacuation Pause)
[2025-12-25T04:52:44.781+0000][gc,task     ] GC(524) Using 8 workers of 8 for evacuation
[2025-12-25T04:52:44.787+0000][gc,phases   ] GC(524)   Pre Evacuate Collection Set: 1.1ms
[2025-12-25T04:52:44.787+0000][gc,phases   ] GC(524)   Merge Heap Roots: 0.2ms
[2025-12-25T04:52:44.787+0000][gc,phases   ] GC(524)   Evacuate Collection Set: 3.1ms
[2025-12-25T04:52:44.787+0000][gc,phases   ] GC(524)   Post Evacuate Collection Set: 1.5ms
[2025-12-25T04:52:44.787+0000][gc,phases   ] GC(524)   Other: 0.2ms
[2025-12-25T04:52:44.787+0000][gc,heap     ] GC(524) Eden regions: 612->0(612)
[2025-12-25T04:52:44.788+0000][gc,heap     ] GC(524) Survivor regions: 2->2(77)
[2025-12-25T04:52:44.788+0000][gc,heap     ] GC(524) Old regions: 51->51
[2025-12-25T04:52:44.788+0000][gc,heap     ] GC(524) Humongous regions: 40->40
[2025-12-25T04:52:44.788+0000][gc,metaspace] GC(524) Metaspace: 12617K(13056K)->12617K(13056K) NonClass: 11533K(11712K)->11533K(11712K) Class: 1083K(1344K)->1083K(1344K)
[2025-12-25T04:52:44.788+0000][gc          ] GC(524) Pause Young (Normal) (G1 Evacuation Pause) 703M->92M(1024M) 7.012ms
[2025-12-25T04:52:44.788+0000][gc,cpu      ] GC(524) User=0.03s Sys=0.00s Real=0.01s
[2025-12-25T04:53:44.583+0000][gc,start    ] GC(525) Pause Young (Normal) (G1 Evacuation Pause)
[2025-12-25T04:53:44.584+0000][gc,task     ] GC(525) Using 8 workers of 8 for evacuation
[2025-12-25T04:53:44.593+0000][gc,phases   ] GC(525)   Pre Evacuate Collection Set: 1.0ms
[2025-12-25T04:53:44.593+0000][gc,phases   ] GC(525)   Merge Heap Roots: 0.2ms
[2025-12-25T04:53:44.594+0000][gc,phases   ] GC(525)   Evacuate Collection Set: 6.4ms
[2025-12-25T04:53:44.594+0000][gc,phases   ] GC(525)   Post Evacuate Collection Set: 2.0ms
[2025-12-25T04:53:44.594+0000][gc,phases   ] GC(525)   Other: 0.2ms
[2025-12-25T04:53:44.594+0000][gc,heap     ] GC(525) Eden regions: 612->0(613)
[2025-12-25T04:53:44.594+0000][gc,heap     ] GC(525) Survivor regions: 2->1(77)
[2025-12-25T04:53:44.594+0000][gc,heap     ] GC(525) Old regions: 51->51
[2025-12-25T04:53:44.594+0000][gc,heap     ] GC(525) Humongous regions: 40->40
[2025-12-25T04:53:44.594+0000][gc,metaspace] GC(525) Metaspace: 12617K(13056K)->12617K(13056K) NonClass: 11533K(11712K)->11533K(11712K) Class: 1083K(1344K)->1083K(1344K)
[2025-12-25T04:53:44.594+0000][gc          ] GC(525) Pause Young (Normal) (G1 Evacuation Pause) 704M->91M(1024M) 10.997ms
[2025-12-25T04:53:44.594+0000][gc,cpu      ] GC(525) User=0.06s Sys=0.00s Real=0.01s
[2025-12-25T04:54:37.830+0000][gc,start    ] GC(526) Pause Young (Normal) (G1 Evacuation Pause)
[2025-12-25T04:54:37.831+0000][gc,task     ] GC(526) Using 8 workers of 8 for evacuation
[2025-12-25T04:54:37.845+0000][gc,phases   ] GC(526)   Pre Evacuate Collection Set: 1.2ms
[2025-12-25T04:54:37.845+0000][gc,phases   ] GC(526)   Merge Heap Roots: 0.3ms
[2025-12-25T04:54:37.845+0000][gc,phases   ] GC(526)   Evacuate Collection Set: 11.7ms
[2025-12-25T04:54:37.846+0000][gc,phases   ] GC(526)   Post Evacuate Collection Set: 1.1ms
[2025-12-25T04:54:37.846+0000][gc,phases   ] GC(526)   Other: 0.2ms
[2025-12-25T04:54:37.846+0000][gc,heap     ] GC(526) Eden regions: 613->0(610)
[2025-12-25T04:54:37.846+0000][gc,heap     ] GC(526) Survivor regions: 1->4(77)
[2025-12-25T04:54:37.846+0000][gc,heap     ] GC(526) Old regions: 51->51
[2025-12-25T04:54:37.846+0000][gc,heap     ] GC(526) Humongous regions: 40->40
[2025-12-25T04:54:37.846+0000][gc,metaspace] GC(526) Metaspace: 12619K(13056K)->12619K(13056K) NonClass: 11535K(11712K)->11535K(11712K) Class: 1083K(1344K)->1083K(1344K)
[2025-12-25T04:54:37.846+0000][gc          ] GC(526) Pause Young (Normal) (G1 Evacuation Pause) 704M->93M(1024M) 15.544ms
[2025-12-25T04:54:37.846+0000][gc,cpu      ] GC(526) User=0.10s Sys=0.00s Real=0.01s
[2025-12-25T05:10:26.014+0000][gc,start    ] GC(527) Pause Young (Normal) (G1 Evacuation Pause)
[2025-12-25T05:10:26.015+0000][gc,task     ] GC(527) Using 8 workers of 8 for evacuation
[2025-12-25T05:10:26.032+0000][gc,phases   ] GC(527)   Pre Evacuate Collection Set: 3.0ms
[2025-12-25T05:10:26.032+0000][gc,phases   ] GC(527)   Merge Heap Roots: 0.8ms
[2025-12-25T05:10:26.032+0000][gc,phases   ] GC(527)   Evacuate Collection Set: 11.2ms
[2025-12-25T05:10:26.032+0000][gc,phases   ] GC(527)   Post Evacuate Collection Set: 1.4ms
[2025-12-25T05:10:26.032+0000][gc,phases   ] GC(527)   Other: 0.5ms
[2025-12-25T05:10:26.032+0000][gc,heap     ] GC(527) Eden regions: 610->0(609)
[2025-12-25T05:10:26.032+0000][gc,heap     ] GC(527) Survivor regions: 4->5(77)
[2025-12-25T05:10:26.032+0000][gc,heap     ] GC(527) Old regions: 51->51
[2025-12-25T05:10:26.032+0000][gc,heap     ] GC(527) Humongous regions: 40->40
[2025-12-25T05:10:26.032+0000][gc,metaspace] GC(527) Metaspace: 12622K(13056K)->12622K(13056K) NonClass: 11538K(11712K)->11538K(11712K) Class: 1083K(1344K)->1083K(1344K)
[2025-12-25T05:10:26.032+0000][gc          ] GC(527) Pause Young (Normal) (G1 Evacuation Pause) 703M->95M(1024M) 18.347ms
[2025-12-25T05:10:26.033+0000][gc,cpu      ] GC(527) User=0.11s Sys=0.00s Real=0.02s
[2025-12-25T05:11:26.204+0000][gc,start    ] GC(528) Pause Young (Normal) (G1 Evacuation Pause)
[2025-12-25T05:11:26.205+0000][gc,task     ] GC(528) Using 8 workers of 8 for evacuation
[2025-12-25T05:11:26.247+0000][gc,phases   ] GC(528)   Pre Evacuate Collection Set: 4.1ms
[2025-12-25T05:11:26.247+0000][gc,phases   ] GC(528)   Merge Heap Roots: 0.8ms
[2025-12-25T05:11:26.248+0000][gc,phases   ] GC(528)   Evacuate Collection Set: 26.9ms
[2025-12-25T05:11:26.248+0000][gc,phases   ] GC(528)   Post Evacuate Collection Set: 8.4ms
[2025-12-25T05:11:26.248+0000][gc,phases   ] GC(528)   Other: 1.2ms
[2025-12-25T05:11:26.248+0000][gc,heap     ] GC(528) Eden regions: 609->0(610)
[2025-12-25T05:11:26.249+0000][gc,heap     ] GC(528) Survivor regions: 5->4(77)
[2025-12-25T05:11:26.249+0000][gc,heap     ] GC(528) Old regions: 51->51
[2025-12-25T05:11:26.249+0000][gc,heap     ] GC(528) Humongous regions: 40->40
[2025-12-25T05:11:26.250+0000][gc,metaspace] GC(528) Metaspace: 12622K(13056K)->12622K(13056K) NonClass: 11538K(11712K)->11538K(11712K) Class: 1083K(1344K)->1083K(1344K)
[2025-12-25T05:11:26.251+0000][gc          ] GC(528) Pause Young (Normal) (G1 Evacuation Pause) 704M->94M(1024M) 46.605ms
[2025-12-25T05:11:26.251+0000][gc,cpu      ] GC(528) User=0.22s Sys=0.02s Real=0.05s
[2025-12-25T05:27:14.190+0000][gc,start    ] GC(529) Pause Young (Normal) (G1 Evacuation Pause)
[2025-12-25T05:27:14.190+0000][gc,task     ] GC(529) Using 8 workers of 8 for evacuation
[2025-12-25T05:27:14.208+0000][gc,phases   ] GC(529)   Pre Evacuate Collection Set: 1.2ms
[2025-12-25T05:27:14.208+0000][gc,phases   ] GC(529)   Merge Heap Roots: 0.2ms
[2025-12-25T05:27:14.208+0000][gc,phases   ] GC(529)   Evacuate Collection Set: 13.0ms
[2025-12-25T05:27:14.208+0000][gc,phases   ] GC(529)   Post Evacuate Collection Set: 3.3ms
[2025-12-25T05:27:14.209+0000][gc,phases   ] GC(529)   Other: 0.2ms
[2025-12-25T05:27:14.209+0000][gc,heap     ] GC(529) Eden regions: 610->0(609)
[2025-12-25T05:27:14.209+0000][gc,heap     ] GC(529) Survivor regions: 4->5(77)
[2025-12-25T05:27:14.209+0000][gc,heap     ] GC(529) Old regions: 51->51
[2025-12-25T05:27:14.209+0000][gc,heap     ] GC(529) Humongous regions: 40->40
[2025-12-25T05:27:14.209+0000][gc,metaspace] GC(529) Metaspace: 12625K(13056K)->12625K(13056K) NonClass: 11542K(11712K)->11542K(11712K) Class: 1083K(1344K)->1083K(1344K)
[2025-12-25T05:27:14.209+0000][gc          ] GC(529) Pause Young (Normal) (G1 Evacuation Pause) 704M->94M(1024M) 19.536ms
[2025-12-25T05:27:14.209+0000][gc,cpu      ] GC(529) User=0.12s Sys=0.00s Real=0.02s
[2025-12-25T05:28:13.984+0000][gc,start    ] GC(530) Pause Young (Normal) (G1 Evacuation Pause)
[2025-12-25T05:28:13.985+0000][gc,task     ] GC(530) Using 8 workers of 8 for evacuation
[2025-12-25T05:28:13.997+0000][gc,phases   ] GC(530)   Pre Evacuate Collection Set: 1.3ms
[2025-12-25T05:28:13.997+0000][gc,phases   ] GC(530)   Merge Heap Roots: 0.2ms
[2025-12-25T05:28:13.997+0000][gc,phases   ] GC(530)   Evacuate Collection Set: 9.2ms
[2025-12-25T05:28:13.997+0000][gc,phases   ] GC(530)   Post Evacuate Collection Set: 1.3ms
[2025-12-25T05:28:13.997+0000][gc,phases   ] GC(530)   Other: 0.2ms
[2025-12-25T05:28:13.997+0000][gc,heap     ] GC(530) Eden regions: 609->0(610)
[2025-12-25T05:28:13.998+0000][gc,heap     ] GC(530) Survivor regions: 5->4(77)
[2025-12-25T05:28:13.998+0000][gc,heap     ] GC(530) Old regions: 51->51
[2025-12-25T05:28:13.998+0000][gc,heap     ] GC(530) Humongous regions: 40->40
[2025-12-25T05:28:13.998+0000][gc,metaspace] GC(530) Metaspace: 12625K(13056K)->12625K(13056K) NonClass: 11542K(11712K)->11542K(11712K) Class: 1083K(1344K)->1083K(1344K)
[2025-12-25T05:28:13.998+0000][gc          ] GC(530) Pause Young (Normal) (G1 Evacuation Pause) 703M->94M(1024M) 13.632ms
[2025-12-25T05:28:13.998+0000][gc,cpu      ] GC(530) User=0.08s Sys=0.01s Real=0.01s
[2025-12-25T05:29:04.129+0000][gc,start    ] GC(531) Pause Young (Normal) (G1 Evacuation Pause)
[2025-12-25T05:29:04.130+0000][gc,task     ] GC(531) Using 8 workers of 8 for evacuation
[2025-12-25T05:29:04.143+0000][gc,phases   ] GC(531)   Pre Evacuate Collection Set: 1.1ms
[2025-12-25T05:29:04.143+0000][gc,phases   ] GC(531)   Merge Heap Roots: 0.2ms
[2025-12-25T05:29:04.143+0000][gc,phases   ] GC(531)   Evacuate Collection Set: 11.3ms
[2025-12-25T05:29:04.143+0000][gc,phases   ] GC(531)   Post Evacuate Collection Set: 0.9ms
[2025-12-25T05:29:04.143+0000][gc,phases   ] GC(531)   Other: 0.2ms
[2025-12-25T05:29:04.144+0000][gc,heap     ] GC(531) Eden regions: 610->0(610)
[2025-12-25T05:29:04.144+0000][gc,heap     ] GC(531) Survivor regions: 4->4(77)
[2025-12-25T05:29:04.144+0000][gc,heap     ] GC(531) Old regions: 51->51
[2025-12-25T05:29:04.144+0000][gc,heap     ] GC(531) Humongous regions: 40->40
[2025-12-25T05:29:04.144+0000][gc,metaspace] GC(531) Metaspace: 12625K(13056K)->12625K(13056K) NonClass: 11542K(11712K)->11542K(11712K) Class: 1083K(1344K)->1083K(1344K)
[2025-12-25T05:29:04.144+0000][gc          ] GC(531) Pause Young (Normal) (G1 Evacuation Pause) 704M->94M(1024M) 14.742ms
[2025-12-25T05:29:04.144+0000][gc,cpu      ] GC(531) User=0.10s Sys=0.00s Real=0.01s
[2025-12-25T05:30:03.904+0000][gc,start    ] GC(532) Pause Young (Normal) (G1 Evacuation Pause)
[2025-12-25T05:30:03.904+0000][gc,task     ] GC(532) Using 8 workers of 8 for evacuation
[2025-12-25T05:30:03.923+0000][gc,phases   ] GC(532)   Pre Evacuate Collection Set: 1.2ms
[2025-12-25T05:30:03.923+0000][gc,phases   ] GC(532)   Merge Heap Roots: 0.3ms
[2025-12-25T05:30:03.924+0000][gc,phases   ] GC(532)   Evacuate Collection Set: 13.9ms
[2025-12-25T05:30:03.924+0000][gc,phases   ] GC(532)   Post Evacuate Collection Set: 3.2ms
[2025-12-25T05:30:03.924+0000][gc,phases   ] GC(532)   Other: 0.2ms
[2025-12-25T05:30:03.924+0000][gc,heap     ] GC(532) Eden regions: 610->0(610)
[2025-12-25T05:30:03.924+0000][gc,heap     ] GC(532) Survivor regions: 4->4(77)
[2025-12-25T05:30:03.924+0000][gc,heap     ] GC(532) Old regions: 51->51
[2025-12-25T05:30:03.924+0000][gc,heap     ] GC(532) Humongous regions: 40->40
[2025-12-25T05:30:03.924+0000][gc,metaspace] GC(532) Metaspace: 12625K(13056K)->12625K(13056K) NonClass: 11542K(11712K)->11542K(11712K) Class: 1083K(1344K)->1083K(1344K)
[2025-12-25T05:30:03.924+0000][gc          ] GC(532) Pause Young (Normal) (G1 Evacuation Pause) 704M->93M(1024M) 20.296ms
[2025-12-25T05:30:03.924+0000][gc,cpu      ] GC(532) User=0.11s Sys=0.00s Real=0.02s
[2025-12-25T05:30:54.083+0000][gc,start    ] GC(533) Pause Young (Normal) (G1 Evacuation Pause)
[2025-12-25T05:30:54.084+0000][gc,task     ] GC(533) Using 8 workers of 8 for evacuation
[2025-12-25T05:30:54.100+0000][gc,phases   ] GC(533)   Pre Evacuate Collection Set: 1.0ms
[2025-12-25T05:30:54.100+0000][gc,phases   ] GC(533)   Merge Heap Roots: 0.2ms
[2025-12-25T05:30:54.101+0000][gc,phases   ] GC(533)   Evacuate Collection Set: 13.8ms
[2025-12-25T05:30:54.101+0000][gc,phases   ] GC(533)   Post Evacuate Collection Set: 1.6ms
[2025-12-25T05:30:54.101+0000][gc,phases   ] GC(533)   Other: 0.2ms
[2025-12-25T05:30:54.101+0000][gc,heap     ] GC(533) Eden regions: 610->0(610)
[2025-12-25T05:30:54.101+0000][gc,heap     ] GC(533) Survivor regions: 4->4(77)
[2025-12-25T05:30:54.101+0000][gc,heap     ] GC(533) Old regions: 51->51
[2025-12-25T05:30:54.101+0000][gc,heap     ] GC(533) Humongous regions: 40->40
[2025-12-25T05:30:54.101+0000][gc,metaspace] GC(533) Metaspace: 12625K(13056K)->12625K(13056K) NonClass: 11542K(11712K)->11542K(11712K) Class: 1083K(1344K)->1083K(1344K)
[2025-12-25T05:30:54.101+0000][gc          ] GC(533) Pause Young (Normal) (G1 Evacuation Pause) 703M->94M(1024M) 17.954ms
[2025-12-25T05:30:54.101+0000][gc,cpu      ] GC(533) User=0.12s Sys=0.00s Real=0.02s
[2025-12-25T05:31:44.232+0000][gc,start    ] GC(534) Pause Young (Normal) (G1 Evacuation Pause)
[2025-12-25T05:31:44.233+0000][gc,task     ] GC(534) Using 8 workers of 8 for evacuation
[2025-12-25T05:31:44.242+0000][gc,phases   ] GC(534)   Pre Evacuate Collection Set: 1.1ms
[2025-12-25T05:31:44.242+0000][gc,phases   ] GC(534)   Merge Heap Roots: 0.2ms
[2025-12-25T05:31:44.242+0000][gc,phases   ] GC(534)   Evacuate Collection Set: 6.1ms
[2025-12-25T05:31:44.242+0000][gc,phases   ] GC(534)   Post Evacuate Collection Set: 0.9ms
[2025-12-25T05:31:44.242+0000][gc,phases   ] GC(534)   Other: 0.2ms
[2025-12-25T05:31:44.242+0000][gc,heap     ] GC(534) Eden regions: 610->0(609)
[2025-12-25T05:31:44.242+0000][gc,heap     ] GC(534) Survivor regions: 4->5(77)
[2025-12-25T05:31:44.242+0000][gc,heap     ] GC(534) Old regions: 51->51
[2025-12-25T05:31:44.242+0000][gc,heap     ] GC(534) Humongous regions: 40->40
[2025-12-25T05:31:44.242+0000][gc,metaspace] GC(534) Metaspace: 12625K(13056K)->12625K(13056K) NonClass: 11542K(11712K)->11542K(11712K) Class: 1083K(1344K)->1083K(1344K)
[2025-12-25T05:31:44.242+0000][gc          ] GC(534) Pause Young (Normal) (G1 Evacuation Pause) 704M->95M(1024M) 10.240ms
[2025-12-25T05:31:44.243+0000][gc,cpu      ] GC(534) User=0.05s Sys=0.00s Real=0.01s
[2025-12-25T05:32:44.100+0000][gc,start    ] GC(535) Pause Young (Normal) (G1 Evacuation Pause)
[2025-12-25T05:32:44.101+0000][gc,task     ] GC(535) Using 8 workers of 8 for evacuation
[2025-12-25T05:32:44.110+0000][gc,phases   ] GC(535)   Pre Evacuate Collection Set: 1.1ms
[2025-12-25T05:32:44.110+0000][gc,phases   ] GC(535)   Merge Heap Roots: 0.3ms
[2025-12-25T05:32:44.110+0000][gc,phases   ] GC(535)   Evacuate Collection Set: 6.4ms
[2025-12-25T05:32:44.110+0000][gc,phases   ] GC(535)   Post Evacuate Collection Set: 1.1ms
[2025-12-25T05:32:44.110+0000][gc,phases   ] GC(535)   Other: 0.3ms
[2025-12-25T05:32:44.110+0000][gc,heap     ] GC(535) Eden regions: 609->0(610)
[2025-12-25T05:32:44.110+0000][gc,heap     ] GC(535) Survivor regions: 5->4(77)
[2025-12-25T05:32:44.110+0000][gc,heap     ] GC(535) Old regions: 51->51
[2025-12-25T05:32:44.111+0000][gc,heap     ] GC(535) Humongous regions: 40->40
[2025-12-25T05:32:44.111+0000][gc,metaspace] GC(535) Metaspace: 12625K(13056K)->12625K(13056K) NonClass: 11542K(11712K)->11542K(11712K) Class: 1083K(1344K)->1083K(1344K)
[2025-12-25T05:32:44.111+0000][gc          ] GC(535) Pause Young (Normal) (G1 Evacuation Pause) 704M->94M(1024M) 10.389ms
[2025-12-25T05:32:44.111+0000][gc,cpu      ] GC(535) User=0.06s Sys=0.00s Real=0.01s
[2025-12-25T05:33:34.207+0000][gc,start    ] GC(536) Pause Young (Normal) (G1 Evacuation Pause)
[2025-12-25T05:33:34.208+0000][gc,task     ] GC(536) Using 8 workers of 8 for evacuation
[2025-12-25T05:33:34.218+0000][gc,phases   ] GC(536)   Pre Evacuate Collection Set: 1.2ms
[2025-12-25T05:33:34.218+0000][gc,phases   ] GC(536)   Merge Heap Roots: 0.2ms
[2025-12-25T05:33:34.218+0000][gc,phases   ] GC(536)   Evacuate Collection Set: 5.7ms
[2025-12-25T05:33:34.218+0000][gc,phases   ] GC(536)   Post Evacuate Collection Set: 3.1ms
[2025-12-25T05:33:34.219+0000][gc,phases   ] GC(536)   Other: 0.2ms
[2025-12-25T05:33:34.219+0000][gc,heap     ] GC(536) Eden regions: 610->0(609)
[2025-12-25T05:33:34.219+0000][gc,heap     ] GC(536) Survivor regions: 4->5(77)
[2025-12-25T05:33:34.219+0000][gc,heap     ] GC(536) Old regions: 51->51
[2025-12-25T05:33:34.219+0000][gc,heap     ] GC(536) Humongous regions: 40->40
[2025-12-25T05:33:34.219+0000][gc,metaspace] GC(536) Metaspace: 12625K(13056K)->12625K(13056K) NonClass: 11542K(11712K)->11542K(11712K) Class: 1083K(1344K)->1083K(1344K)
[2025-12-25T05:33:34.219+0000][gc          ] GC(536) Pause Young (Normal) (G1 Evacuation Pause) 704M->95M(1024M) 11.432ms
[2025-12-25T05:33:34.219+0000][gc,cpu      ] GC(536) User=0.06s Sys=0.00s Real=0.01s
[2025-12-25T05:34:34.005+0000][gc,start    ] GC(537) Pause Young (Normal) (G1 Evacuation Pause)
[2025-12-25T05:34:34.006+0000][gc,task     ] GC(537) Using 8 workers of 8 for evacuation
[2025-12-25T05:34:34.019+0000][gc,phases   ] GC(537)   Pre Evacuate Collection Set: 2.1ms
[2025-12-25T05:34:34.019+0000][gc,phases   ] GC(537)   Merge Heap Roots: 0.7ms
[2025-12-25T05:34:34.019+0000][gc,phases   ] GC(537)   Evacuate Collection Set: 9.5ms
[2025-12-25T05:34:34.019+0000][gc,phases   ] GC(537)   Post Evacuate Collection Set: 1.2ms
[2025-12-25T05:34:34.020+0000][gc,phases   ] GC(537)   Other: 0.3ms
[2025-12-25T05:34:34.020+0000][gc,heap     ] GC(537) Eden regions: 609->0(610)
[2025-12-25T05:34:34.020+0000][gc,heap     ] GC(537) Survivor regions: 5->4(77)
[2025-12-25T05:34:34.020+0000][gc,heap     ] GC(537) Old regions: 51->51
[2025-12-25T05:34:34.020+0000][gc,heap     ] GC(537) Humongous regions: 40->40
[2025-12-25T05:34:34.020+0000][gc,metaspace] GC(537) Metaspace: 12625K(13056K)->12625K(13056K) NonClass: 11542K(11712K)->11542K(11712K) Class: 1083K(1344K)->1083K(1344K)
[2025-12-25T05:34:34.020+0000][gc          ] GC(537) Pause Young (Normal) (G1 Evacuation Pause) 704M->94M(1024M) 14.985ms
[2025-12-25T05:34:34.020+0000][gc,cpu      ] GC(537) User=0.09s Sys=0.00s Real=0.02s
[2025-12-25T05:35:24.151+0000][gc,start    ] GC(538) Pause Young (Normal) (G1 Evacuation Pause)
[2025-12-25T05:35:24.151+0000][gc,task     ] GC(538) Using 8 workers of 8 for evacuation
[2025-12-25T05:35:24.161+0000][gc,phases   ] GC(538)   Pre Evacuate Collection Set: 1.1ms
[2025-12-25T05:35:24.161+0000][gc,phases   ] GC(538)   Merge Heap Roots: 0.2ms
[2025-12-25T05:35:24.161+0000][gc,phases   ] GC(538)   Evacuate Collection Set: 7.2ms
[2025-12-25T05:35:24.161+0000][gc,phases   ] GC(538)   Post Evacuate Collection Set: 1.0ms
[2025-12-25T05:35:24.161+0000][gc,phases   ] GC(538)   Other: 0.2ms
[2025-12-25T05:35:24.161+0000][gc,heap     ] GC(538) Eden regions: 610->0(609)
[2025-12-25T05:35:24.161+0000][gc,heap     ] GC(538) Survivor regions: 4->5(77)
[2025-12-25T05:35:24.161+0000][gc,heap     ] GC(538) Old regions: 51->51
[2025-12-25T05:35:24.161+0000][gc,heap     ] GC(538) Humongous regions: 40->40
[2025-12-25T05:35:24.161+0000][gc,metaspace] GC(538) Metaspace: 12625K(13056K)->12625K(13056K) NonClass: 11542K(11712K)->11542K(11712K) Class: 1083K(1344K)->1083K(1344K)
[2025-12-25T05:35:24.161+0000][gc          ] GC(538) Pause Young (Normal) (G1 Evacuation Pause) 704M->95M(1024M) 10.822ms
[2025-12-25T05:35:24.161+0000][gc,cpu      ] GC(538) User=0.06s Sys=0.00s Real=0.01s
[2025-12-25T05:36:23.983+0000][gc,start    ] GC(539) Pause Young (Normal) (G1 Evacuation Pause)
[2025-12-25T05:36:23.984+0000][gc,task     ] GC(539) Using 8 workers of 8 for evacuation
[2025-12-25T05:36:23.996+0000][gc,phases   ] GC(539)   Pre Evacuate Collection Set: 1.3ms
[2025-12-25T05:36:23.997+0000][gc,phases   ] GC(539)   Merge Heap Roots: 0.3ms
[2025-12-25T05:36:23.997+0000][gc,phases   ] GC(539)   Evacuate Collection Set: 9.1ms
[2025-12-25T05:36:23.997+0000][gc,phases   ] GC(539)   Post Evacuate Collection Set: 1.7ms
[2025-12-25T05:36:23.997+0000][gc,phases   ] GC(539)   Other: 0.2ms
[2025-12-25T05:36:23.997+0000][gc,heap     ] GC(539) Eden regions: 609->0(610)
[2025-12-25T05:36:23.997+0000][gc,heap     ] GC(539) Survivor regions: 5->4(77)
[2025-12-25T05:36:23.997+0000][gc,heap     ] GC(539) Old regions: 51->51
[2025-12-25T05:36:23.997+0000][gc,heap     ] GC(539) Humongous regions: 40->40
[2025-12-25T05:36:23.997+0000][gc,metaspace] GC(539) Metaspace: 12625K(13056K)->12625K(13056K) NonClass: 11542K(11712K)->11542K(11712K) Class: 1083K(1344K)->1083K(1344K)
[2025-12-25T05:36:23.997+0000][gc          ] GC(539) Pause Young (Normal) (G1 Evacuation Pause) 704M->94M(1024M) 13.956ms
[2025-12-25T05:36:23.998+0000][gc,cpu      ] GC(539) User=0.07s Sys=0.00s Real=0.02s
[2025-12-25T05:37:14.120+0000][gc,start    ] GC(540) Pause Young (Normal) (G1 Evacuation Pause)
[2025-12-25T05:37:14.121+0000][gc,task     ] GC(540) Using 8 workers of 8 for evacuation
[2025-12-25T05:37:14.135+0000][gc,phases   ] GC(540)   Pre Evacuate Collection Set: 1.0ms
[2025-12-25T05:37:14.135+0000][gc,phases   ] GC(540)   Merge Heap Roots: 0.3ms
[2025-12-25T05:37:14.135+0000][gc,phases   ] GC(540)   Evacuate Collection Set: 10.7ms
[2025-12-25T05:37:14.135+0000][gc,phases   ] GC(540)   Post Evacuate Collection Set: 2.0ms
[2025-12-25T05:37:14.135+0000][gc,phases   ] GC(540)   Other: 0.2ms
[2025-12-25T05:37:14.135+0000][gc,heap     ] GC(540) Eden regions: 610->0(610)
[2025-12-25T05:37:14.135+0000][gc,heap     ] GC(540) Survivor regions: 4->4(77)
[2025-12-25T05:37:14.135+0000][gc,heap     ] GC(540) Old regions: 51->51
[2025-12-25T05:37:14.135+0000][gc,heap     ] GC(540) Humongous regions: 40->40
[2025-12-25T05:37:14.135+0000][gc,metaspace] GC(540) Metaspace: 12625K(13056K)->12625K(13056K) NonClass: 11542K(11712K)->11542K(11712K) Class: 1083K(1344K)->1083K(1344K)
[2025-12-25T05:37:14.136+0000][gc          ] GC(540) Pause Young (Normal) (G1 Evacuation Pause) 704M->94M(1024M) 15.188ms
[2025-12-25T05:37:14.136+0000][gc,cpu      ] GC(540) User=0.10s Sys=0.01s Real=0.02s
[2025-12-25T05:38:13.907+0000][gc,start    ] GC(541) Pause Young (Normal) (G1 Evacuation Pause)
[2025-12-25T05:38:13.908+0000][gc,task     ] GC(541) Using 8 workers of 8 for evacuation
[2025-12-25T05:38:13.922+0000][gc,phases   ] GC(541)   Pre Evacuate Collection Set: 1.1ms
[2025-12-25T05:38:13.922+0000][gc,phases   ] GC(541)   Merge Heap Roots: 0.2ms
[2025-12-25T05:38:13.922+0000][gc,phases   ] GC(541)   Evacuate Collection Set: 11.0ms
[2025-12-25T05:38:13.922+0000][gc,phases   ] GC(541)   Post Evacuate Collection Set: 1.3ms
[2025-12-25T05:38:13.922+0000][gc,phases   ] GC(541)   Other: 0.3ms
[2025-12-25T05:38:13.922+0000][gc,heap     ] GC(541) Eden regions: 610->0(611)
[2025-12-25T05:38:13.922+0000][gc,heap     ] GC(541) Survivor regions: 4->3(77)
[2025-12-25T05:38:13.922+0000][gc,heap     ] GC(541) Old regions: 51->52
[2025-12-25T05:38:13.922+0000][gc,heap     ] GC(541) Humongous regions: 40->40
[2025-12-25T05:38:13.922+0000][gc,metaspace] GC(541) Metaspace: 12632K(13056K)->12632K(13056K) NonClass: 11548K(11712K)->11548K(11712K) Class: 1083K(1344K)->1083K(1344K)
[2025-12-25T05:38:13.922+0000][gc          ] GC(541) Pause Young (Normal) (G1 Evacuation Pause) 704M->93M(1024M) 15.378ms
[2025-12-25T05:38:13.923+0000][gc,cpu      ] GC(541) User=0.09s Sys=0.00s Real=0.02s
[2025-12-25T05:39:04.082+0000][gc,start    ] GC(542) Pause Young (Normal) (G1 Evacuation Pause)
[2025-12-25T05:39:04.082+0000][gc,task     ] GC(542) Using 8 workers of 8 for evacuation
[2025-12-25T05:39:04.095+0000][gc,phases   ] GC(542)   Pre Evacuate Collection Set: 1.6ms
[2025-12-25T05:39:04.095+0000][gc,phases   ] GC(542)   Merge Heap Roots: 0.5ms
[2025-12-25T05:39:04.095+0000][gc,phases   ] GC(542)   Evacuate Collection Set: 9.0ms
[2025-12-25T05:39:04.095+0000][gc,phases   ] GC(542)   Post Evacuate Collection Set: 1.2ms
[2025-12-25T05:39:04.095+0000][gc,phases   ] GC(542)   Other: 0.6ms
[2025-12-25T05:39:04.096+0000][gc,heap     ] GC(542) Eden regions: 611->0(611)
[2025-12-25T05:39:04.096+0000][gc,heap     ] GC(542) Survivor regions: 3->3(77)
[2025-12-25T05:39:04.096+0000][gc,heap     ] GC(542) Old regions: 52->53
[2025-12-25T05:39:04.096+0000][gc,heap     ] GC(542) Humongous regions: 40->40
[2025-12-25T05:39:04.096+0000][gc,metaspace] GC(542) Metaspace: 12632K(13056K)->12632K(13056K) NonClass: 11548K(11712K)->11548K(11712K) Class: 1083K(1344K)->1083K(1344K)
[2025-12-25T05:39:04.096+0000][gc          ] GC(542) Pause Young (Normal) (G1 Evacuation Pause) 704M->94M(1024M) 14.030ms
[2025-12-25T05:39:04.096+0000][gc,cpu      ] GC(542) User=0.08s Sys=0.00s Real=0.01s
[2025-12-25T05:39:54.243+0000][gc,start    ] GC(543) Pause Young (Normal) (G1 Evacuation Pause)
[2025-12-25T05:39:54.243+0000][gc,task     ] GC(543) Using 8 workers of 8 for evacuation
[2025-12-25T05:39:54.254+0000][gc,phases   ] GC(543)   Pre Evacuate Collection Set: 1.9ms
[2025-12-25T05:39:54.254+0000][gc,phases   ] GC(543)   Merge Heap Roots: 0.2ms
[2025-12-25T05:39:54.254+0000][gc,phases   ] GC(543)   Evacuate Collection Set: 6.7ms
[2025-12-25T05:39:54.254+0000][gc,phases   ] GC(543)   Post Evacuate Collection Set: 1.7ms
[2025-12-25T05:39:54.254+0000][gc,phases   ] GC(543)   Other: 0.2ms
[2025-12-25T05:39:54.254+0000][gc,heap     ] GC(543) Eden regions: 611->0(611)
[2025-12-25T05:39:54.254+0000][gc,heap     ] GC(543) Survivor regions: 3->3(77)
[2025-12-25T05:39:54.255+0000][gc,heap     ] GC(543) Old regions: 53->53
[2025-12-25T05:39:54.255+0000][gc,heap     ] GC(543) Humongous regions: 40->40
[2025-12-25T05:39:54.255+0000][gc,metaspace] GC(543) Metaspace: 12632K(13056K)->12632K(13056K) NonClass: 11548K(11712K)->11548K(11712K) Class: 1083K(1344K)->1083K(1344K)
[2025-12-25T05:39:54.255+0000][gc          ] GC(543) Pause Young (Normal) (G1 Evacuation Pause) 705M->95M(1024M) 11.798ms
[2025-12-25T05:39:54.255+0000][gc,cpu      ] GC(543) User=0.06s Sys=0.00s Real=0.01s
[2025-12-25T05:40:54.086+0000][gc,start    ] GC(544) Pause Young (Normal) (G1 Evacuation Pause)
[2025-12-25T05:40:54.086+0000][gc,task     ] GC(544) Using 8 workers of 8 for evacuation
[2025-12-25T05:40:54.100+0000][gc,phases   ] GC(544)   Pre Evacuate Collection Set: 1.0ms
[2025-12-25T05:40:54.101+0000][gc,phases   ] GC(544)   Merge Heap Roots: 0.2ms
[2025-12-25T05:40:54.101+0000][gc,phases   ] GC(544)   Evacuate Collection Set: 10.0ms
[2025-12-25T05:40:54.101+0000][gc,phases   ] GC(544)   Post Evacuate Collection Set: 2.6ms
[2025-12-25T05:40:54.101+0000][gc,phases   ] GC(544)   Other: 0.2ms
[2025-12-25T05:40:54.101+0000][gc,heap     ] GC(544) Eden regions: 611->0(612)
[2025-12-25T05:40:54.101+0000][gc,heap     ] GC(544) Survivor regions: 3->2(77)
[2025-12-25T05:40:54.101+0000][gc,heap     ] GC(544) Old regions: 53->54
[2025-12-25T05:40:54.101+0000][gc,heap     ] GC(544) Humongous regions: 40->40
[2025-12-25T05:40:54.101+0000][gc,metaspace] GC(544) Metaspace: 12632K(13056K)->12632K(13056K) NonClass: 11548K(11712K)->11548K(11712K) Class: 1083K(1344K)->1083K(1344K)
[2025-12-25T05:40:54.101+0000][gc          ] GC(544) Pause Young (Normal) (G1 Evacuation Pause) 706M->94M(1024M) 14.913ms
[2025-12-25T05:40:54.101+0000][gc,cpu      ] GC(544) User=0.09s Sys=0.01s Real=0.01s
[2025-12-25T05:41:44.221+0000][gc,start    ] GC(545) Pause Young (Normal) (G1 Evacuation Pause)
[2025-12-25T05:41:44.221+0000][gc,task     ] GC(545) Using 8 workers of 8 for evacuation
[2025-12-25T05:41:44.229+0000][gc,phases   ] GC(545)   Pre Evacuate Collection Set: 0.9ms
[2025-12-25T05:41:44.229+0000][gc,phases   ] GC(545)   Merge Heap Roots: 0.2ms
[2025-12-25T05:41:44.229+0000][gc,phases   ] GC(545)   Evacuate Collection Set: 5.5ms
[2025-12-25T05:41:44.229+0000][gc,phases   ] GC(545)   Post Evacuate Collection Set: 1.0ms
[2025-12-25T05:41:44.229+0000][gc,phases   ] GC(545)   Other: 0.2ms
[2025-12-25T05:41:44.229+0000][gc,heap     ] GC(545) Eden regions: 612->0(612)
[2025-12-25T05:41:44.229+0000][gc,heap     ] GC(545) Survivor regions: 2->2(77)
[2025-12-25T05:41:44.229+0000][gc,heap     ] GC(545) Old regions: 54->54
[2025-12-25T05:41:44.229+0000][gc,heap     ] GC(545) Humongous regions: 40->40
[2025-12-25T05:41:44.229+0000][gc,metaspace] GC(545) Metaspace: 12632K(13056K)->12632K(13056K) NonClass: 11548K(11712K)->11548K(11712K) Class: 1083K(1344K)->1083K(1344K)
[2025-12-25T05:41:44.229+0000][gc          ] GC(545) Pause Young (Normal) (G1 Evacuation Pause) 706M->95M(1024M) 8.695ms
[2025-12-25T05:41:44.229+0000][gc,cpu      ] GC(545) User=0.05s Sys=0.00s Real=0.01s
[2025-12-25T05:42:43.977+0000][gc,start    ] GC(546) Pause Young (Normal) (G1 Evacuation Pause)
[2025-12-25T05:42:43.978+0000][gc,task     ] GC(546) Using 8 workers of 8 for evacuation
[2025-12-25T05:42:43.983+0000][gc,phases   ] GC(546)   Pre Evacuate Collection Set: 1.0ms
[2025-12-25T05:42:43.983+0000][gc,phases   ] GC(546)   Merge Heap Roots: 0.2ms
[2025-12-25T05:42:43.983+0000][gc,phases   ] GC(546)   Evacuate Collection Set: 2.4ms
[2025-12-25T05:42:43.983+0000][gc,phases   ] GC(546)   Post Evacuate Collection Set: 0.9ms
[2025-12-25T05:42:43.983+0000][gc,phases   ] GC(546)   Other: 0.2ms
[2025-12-25T05:42:43.983+0000][gc,heap     ] GC(546) Eden regions: 612->0(613)
[2025-12-25T05:42:43.983+0000][gc,heap     ] GC(546) Survivor regions: 2->1(77)
[2025-12-25T05:42:43.983+0000][gc,heap     ] GC(546) Old regions: 54->54
[2025-12-25T05:42:43.983+0000][gc,heap     ] GC(546) Humongous regions: 40->40
[2025-12-25T05:42:43.983+0000][gc,metaspace] GC(546) Metaspace: 12632K(13056K)->12632K(13056K) NonClass: 11548K(11712K)->11548K(11712K) Class: 1083K(1344K)->1083K(1344K)
[2025-12-25T05:42:43.983+0000][gc          ] GC(546) Pause Young (Normal) (G1 Evacuation Pause) 707M->94M(1024M) 5.795ms
[2025-12-25T05:42:43.983+0000][gc,cpu      ] GC(546) User=0.02s Sys=0.00s Real=0.01s
[2025-12-25T05:43:34.133+0000][gc,start    ] GC(547) Pause Young (Normal) (G1 Evacuation Pause)
[2025-12-25T05:43:34.134+0000][gc,task     ] GC(547) Using 8 workers of 8 for evacuation
[2025-12-25T05:43:34.141+0000][gc,phases   ] GC(547)   Pre Evacuate Collection Set: 1.0ms
[2025-12-25T05:43:34.141+0000][gc,phases   ] GC(547)   Merge Heap Roots: 0.2ms
[2025-12-25T05:43:34.141+0000][gc,phases   ] GC(547)   Evacuate Collection Set: 3.1ms
[2025-12-25T05:43:34.141+0000][gc,phases   ] GC(547)   Post Evacuate Collection Set: 2.0ms
[2025-12-25T05:43:34.141+0000][gc,phases   ] GC(547)   Other: 0.6ms
[2025-12-25T05:43:34.141+0000][gc,heap     ] GC(547) Eden regions: 613->0(612)
[2025-12-25T05:43:34.141+0000][gc,heap     ] GC(547) Survivor regions: 1->2(77)
[2025-12-25T05:43:34.141+0000][gc,heap     ] GC(547) Old regions: 54->54
[2025-12-25T05:43:34.141+0000][gc,heap     ] GC(547) Humongous regions: 40->40
[2025-12-25T05:43:34.142+0000][gc,metaspace] GC(547) Metaspace: 12632K(13056K)->12632K(13056K) NonClass: 11548K(11712K)->11548K(11712K) Class: 1083K(1344K)->1083K(1344K)
[2025-12-25T05:43:34.142+0000][gc          ] GC(547) Pause Young (Normal) (G1 Evacuation Pause) 707M->95M(1024M) 8.483ms
[2025-12-25T05:43:34.142+0000][gc,cpu      ] GC(547) User=0.04s Sys=0.00s Real=0.01s
[2025-12-25T05:44:33.943+0000][gc,start    ] GC(548) Pause Young (Normal) (G1 Evacuation Pause)
[2025-12-25T05:44:33.944+0000][gc,task     ] GC(548) Using 8 workers of 8 for evacuation
[2025-12-25T05:44:33.960+0000][gc,phases   ] GC(548)   Pre Evacuate Collection Set: 1.0ms
[2025-12-25T05:44:33.960+0000][gc,phases   ] GC(548)   Merge Heap Roots: 0.2ms
[2025-12-25T05:44:33.960+0000][gc,phases   ] GC(548)   Evacuate Collection Set: 11.9ms
[2025-12-25T05:44:33.960+0000][gc,phases   ] GC(548)   Post Evacuate Collection Set: 2.3ms
[2025-12-25T05:44:33.960+0000][gc,phases   ] GC(548)   Other: 0.3ms
[2025-12-25T05:44:33.961+0000][gc,heap     ] GC(548) Eden regions: 612->0(613)
[2025-12-25T05:44:33.961+0000][gc,heap     ] GC(548) Survivor regions: 2->1(77)
[2025-12-25T05:44:33.961+0000][gc,heap     ] GC(548) Old regions: 54->54
[2025-12-25T05:44:33.961+0000][gc,heap     ] GC(548) Humongous regions: 40->40
[2025-12-25T05:44:33.961+0000][gc,metaspace] GC(548) Metaspace: 12634K(13056K)->12634K(13056K) NonClass: 11550K(11712K)->11550K(11712K) Class: 1083K(1344K)->1083K(1344K)
[2025-12-25T05:44:33.962+0000][gc          ] GC(548) Pause Young (Normal) (G1 Evacuation Pause) 707M->94M(1024M) 18.418ms
[2025-12-25T05:44:33.962+0000][gc,cpu      ] GC(548) User=0.09s Sys=0.00s Real=0.02s
[2025-12-25T05:45:24.095+0000][gc,start    ] GC(549) Pause Young (Normal) (G1 Evacuation Pause)
[2025-12-25T05:45:24.096+0000][gc,task     ] GC(549) Using 8 workers of 8 for evacuation
[2025-12-25T05:45:24.105+0000][gc,phases   ] GC(549)   Pre Evacuate Collection Set: 1.0ms
[2025-12-25T05:45:24.105+0000][gc,phases   ] GC(549)   Merge Heap Roots: 0.2ms
[2025-12-25T05:45:24.105+0000][gc,phases   ] GC(549)   Evacuate Collection Set: 6.7ms
[2025-12-25T05:45:24.105+0000][gc,phases   ] GC(549)   Post Evacuate Collection Set: 1.0ms
[2025-12-25T05:45:24.105+0000][gc,phases   ] GC(549)   Other: 0.2ms
[2025-12-25T05:45:24.105+0000][gc,heap     ] GC(549) Eden regions: 613->0(612)
[2025-12-25T05:45:24.105+0000][gc,heap     ] GC(549) Survivor regions: 1->2(77)
[2025-12-25T05:45:24.105+0000][gc,heap     ] GC(549) Old regions: 54->54
[2025-12-25T05:45:24.105+0000][gc,heap     ] GC(549) Humongous regions: 40->40
[2025-12-25T05:45:24.105+0000][gc,metaspace] GC(549) Metaspace: 12634K(13056K)->12634K(13056K) NonClass: 11550K(11712K)->11550K(11712K) Class: 1083K(1344K)->1083K(1344K)
[2025-12-25T05:45:24.105+0000][gc          ] GC(549) Pause Young (Normal) (G1 Evacuation Pause) 707M->95M(1024M) 10.060ms
[2025-12-25T05:45:24.105+0000][gc,cpu      ] GC(549) User=0.05s Sys=0.01s Real=0.01s
[2025-12-25T05:46:23.916+0000][gc,start    ] GC(550) Pause Young (Normal) (G1 Evacuation Pause)
[2025-12-25T05:46:23.917+0000][gc,task     ] GC(550) Using 8 workers of 8 for evacuation
[2025-12-25T05:46:23.933+0000][gc,phases   ] GC(550)   Pre Evacuate Collection Set: 1.0ms
[2025-12-25T05:46:23.933+0000][gc,phases   ] GC(550)   Merge Heap Roots: 0.2ms
[2025-12-25T05:46:23.933+0000][gc,phases   ] GC(550)   Evacuate Collection Set: 12.8ms
[2025-12-25T05:46:23.934+0000][gc,phases   ] GC(550)   Post Evacuate Collection Set: 2.2ms
[2025-12-25T05:46:23.934+0000][gc,phases   ] GC(550)   Other: 0.2ms
[2025-12-25T05:46:23.934+0000][gc,heap     ] GC(550) Eden regions: 612->0(613)
[2025-12-25T05:46:23.934+0000][gc,heap     ] GC(550) Survivor regions: 2->1(77)
[2025-12-25T05:46:23.934+0000][gc,heap     ] GC(550) Old regions: 54->54
[2025-12-25T05:46:23.934+0000][gc,heap     ] GC(550) Humongous regions: 40->40
[2025-12-25T05:46:23.934+0000][gc,metaspace] GC(550) Metaspace: 12634K(13056K)->12634K(13056K) NonClass: 11550K(11712K)->11550K(11712K) Class: 1083K(1344K)->1083K(1344K)
[2025-12-25T05:46:23.934+0000][gc          ] GC(550) Pause Young (Normal) (G1 Evacuation Pause) 707M->94M(1024M) 17.693ms
[2025-12-25T05:46:23.934+0000][gc,cpu      ] GC(550) User=0.11s Sys=0.00s Real=0.02s
[2025-12-25T05:47:14.058+0000][gc,start    ] GC(551) Pause Young (Normal) (G1 Evacuation Pause)
[2025-12-25T05:47:14.059+0000][gc,task     ] GC(551) Using 8 workers of 8 for evacuation
[2025-12-25T05:47:14.064+0000][gc,phases   ] GC(551)   Pre Evacuate Collection Set: 1.3ms
[2025-12-25T05:47:14.064+0000][gc,phases   ] GC(551)   Merge Heap Roots: 0.2ms
[2025-12-25T05:47:14.064+0000][gc,phases   ] GC(551)   Evacuate Collection Set: 2.8ms
[2025-12-25T05:47:14.064+0000][gc,phases   ] GC(551)   Post Evacuate Collection Set: 1.0ms
[2025-12-25T05:47:14.064+0000][gc,phases   ] GC(551)   Other: 0.2ms
[2025-12-25T05:47:14.065+0000][gc,heap     ] GC(551) Eden regions: 613->0(612)
[2025-12-25T05:47:14.065+0000][gc,heap     ] GC(551) Survivor regions: 1->2(77)
[2025-12-25T05:47:14.065+0000][gc,heap     ] GC(551) Old regions: 54->54
[2025-12-25T05:47:14.065+0000][gc,heap     ] GC(551) Humongous regions: 40->40
[2025-12-25T05:47:14.065+0000][gc,metaspace] GC(551) Metaspace: 12634K(13056K)->12634K(13056K) NonClass: 11550K(11712K)->11550K(11712K) Class: 1083K(1344K)->1083K(1344K)
[2025-12-25T05:47:14.065+0000][gc          ] GC(551) Pause Young (Normal) (G1 Evacuation Pause) 707M->95M(1024M) 6.437ms
[2025-12-25T05:47:14.065+0000][gc,cpu      ] GC(551) User=0.02s Sys=0.00s Real=0.01s
[2025-12-25T05:48:13.911+0000][gc,start    ] GC(552) Pause Young (Normal) (G1 Evacuation Pause)
[2025-12-25T05:48:13.912+0000][gc,task     ] GC(552) Using 8 workers of 8 for evacuation
[2025-12-25T05:48:13.921+0000][gc,phases   ] GC(552)   Pre Evacuate Collection Set: 1.2ms
[2025-12-25T05:48:13.921+0000][gc,phases   ] GC(552)   Merge Heap Roots: 0.2ms
[2025-12-25T05:48:13.921+0000][gc,phases   ] GC(552)   Evacuate Collection Set: 6.3ms
[2025-12-25T05:48:13.921+0000][gc,phases   ] GC(552)   Post Evacuate Collection Set: 1.1ms
[2025-12-25T05:48:13.921+0000][gc,phases   ] GC(552)   Other: 0.3ms
[2025-12-25T05:48:13.921+0000][gc,heap     ] GC(552) Eden regions: 612->0(613)
[2025-12-25T05:48:13.921+0000][gc,heap     ] GC(552) Survivor regions: 2->1(77)
[2025-12-25T05:48:13.921+0000][gc,heap     ] GC(552) Old regions: 54->54
[2025-12-25T05:48:13.921+0000][gc,heap     ] GC(552) Humongous regions: 40->40
[2025-12-25T05:48:13.921+0000][gc,metaspace] GC(552) Metaspace: 12635K(13056K)->12635K(13056K) NonClass: 11551K(11712K)->11551K(11712K) Class: 1083K(1344K)->1083K(1344K)
[2025-12-25T05:48:13.921+0000][gc          ] GC(552) Pause Young (Normal) (G1 Evacuation Pause) 707M->94M(1024M) 10.196ms
[2025-12-25T05:48:13.921+0000][gc,cpu      ] GC(552) User=0.06s Sys=0.00s Real=0.01s
[2025-12-25T05:49:04.037+0000][gc,start    ] GC(553) Pause Young (Normal) (G1 Evacuation Pause)
[2025-12-25T05:49:04.038+0000][gc,task     ] GC(553) Using 8 workers of 8 for evacuation
[2025-12-25T05:49:04.048+0000][gc,phases   ] GC(553)   Pre Evacuate Collection Set: 3.8ms
[2025-12-25T05:49:04.048+0000][gc,phases   ] GC(553)   Merge Heap Roots: 0.3ms
[2025-12-25T05:49:04.048+0000][gc,phases   ] GC(553)   Evacuate Collection Set: 4.1ms
[2025-12-25T05:49:04.048+0000][gc,phases   ] GC(553)   Post Evacuate Collection Set: 1.4ms
[2025-12-25T05:49:04.048+0000][gc,phases   ] GC(553)   Other: 0.2ms
[2025-12-25T05:49:04.048+0000][gc,heap     ] GC(553) Eden regions: 613->0(612)
[2025-12-25T05:49:04.048+0000][gc,heap     ] GC(553) Survivor regions: 1->2(77)
[2025-12-25T05:49:04.048+0000][gc,heap     ] GC(553) Old regions: 54->54
[2025-12-25T05:49:04.048+0000][gc,heap     ] GC(553) Humongous regions: 40->40
[2025-12-25T05:49:04.048+0000][gc,metaspace] GC(553) Metaspace: 12635K(13056K)->12635K(13056K) NonClass: 11551K(11712K)->11551K(11712K) Class: 1083K(1344K)->1083K(1344K)
[2025-12-25T05:49:04.048+0000][gc          ] GC(553) Pause Young (Normal) (G1 Evacuation Pause) 707M->95M(1024M) 11.089ms
[2025-12-25T05:49:04.048+0000][gc,cpu      ] GC(553) User=0.06s Sys=0.00s Real=0.01s
[2025-12-25T05:50:03.868+0000][gc,start    ] GC(554) Pause Young (Normal) (G1 Evacuation Pause)
[2025-12-25T05:50:03.869+0000][gc,task     ] GC(554) Using 8 workers of 8 for evacuation
[2025-12-25T05:50:03.877+0000][gc,phases   ] GC(554)   Pre Evacuate Collection Set: 1.2ms
[2025-12-25T05:50:03.877+0000][gc,phases   ] GC(554)   Merge Heap Roots: 0.3ms
[2025-12-25T05:50:03.877+0000][gc,phases   ] GC(554)   Evacuate Collection Set: 3.9ms
[2025-12-25T05:50:03.877+0000][gc,phases   ] GC(554)   Post Evacuate Collection Set: 2.2ms
[2025-12-25T05:50:03.877+0000][gc,phases   ] GC(554)   Other: 0.3ms
[2025-12-25T05:50:03.877+0000][gc,heap     ] GC(554) Eden regions: 612->0(613)
[2025-12-25T05:50:03.877+0000][gc,heap     ] GC(554) Survivor regions: 2->1(77)
[2025-12-25T05:50:03.877+0000][gc,heap     ] GC(554) Old regions: 54->54
[2025-12-25T05:50:03.877+0000][gc,heap     ] GC(554) Humongous regions: 40->40
[2025-12-25T05:50:03.877+0000][gc,metaspace] GC(554) Metaspace: 12635K(13056K)->12635K(13056K) NonClass: 11551K(11712K)->11551K(11712K) Class: 1083K(1344K)->1083K(1344K)
[2025-12-25T05:50:03.877+0000][gc          ] GC(554) Pause Young (Normal) (G1 Evacuation Pause) 707M->94M(1024M) 9.028ms
[2025-12-25T05:50:03.877+0000][gc,cpu      ] GC(554) User=0.04s Sys=0.00s Real=0.01s
[2025-12-25T05:50:54.030+0000][gc,start    ] GC(555) Pause Young (Normal) (G1 Evacuation Pause)
[2025-12-25T05:50:54.030+0000][gc,task     ] GC(555) Using 8 workers of 8 for evacuation
[2025-12-25T05:50:54.035+0000][gc,phases   ] GC(555)   Pre Evacuate Collection Set: 1.0ms
[2025-12-25T05:50:54.036+0000][gc,phases   ] GC(555)   Merge Heap Roots: 0.1ms
[2025-12-25T05:50:54.036+0000][gc,phases   ] GC(555)   Evacuate Collection Set: 2.5ms
[2025-12-25T05:50:54.036+0000][gc,phases   ] GC(555)   Post Evacuate Collection Set: 0.9ms
[2025-12-25T05:50:54.036+0000][gc,phases   ] GC(555)   Other: 0.5ms
[2025-12-25T05:50:54.036+0000][gc,heap     ] GC(555) Eden regions: 613->0(612)
[2025-12-25T05:50:54.036+0000][gc,heap     ] GC(555) Survivor regions: 1->2(77)
[2025-12-25T05:50:54.036+0000][gc,heap     ] GC(555) Old regions: 54->54
[2025-12-25T05:50:54.036+0000][gc,heap     ] GC(555) Humongous regions: 40->40
[2025-12-25T05:50:54.036+0000][gc,metaspace] GC(555) Metaspace: 12635K(13056K)->12635K(13056K) NonClass: 11551K(11712K)->11551K(11712K) Class: 1083K(1344K)->1083K(1344K)
[2025-12-25T05:50:54.036+0000][gc          ] GC(555) Pause Young (Normal) (G1 Evacuation Pause) 707M->94M(1024M) 6.238ms
[2025-12-25T05:50:54.036+0000][gc,cpu      ] GC(555) User=0.03s Sys=0.00s Real=0.00s
[2025-12-25T05:51:53.810+0000][gc,start    ] GC(556) Pause Young (Normal) (G1 Evacuation Pause)
[2025-12-25T05:51:53.810+0000][gc,task     ] GC(556) Using 8 workers of 8 for evacuation
[2025-12-25T05:51:53.820+0000][gc,phases   ] GC(556)   Pre Evacuate Collection Set: 1.4ms
[2025-12-25T05:51:53.820+0000][gc,phases   ] GC(556)   Merge Heap Roots: 0.3ms
[2025-12-25T05:51:53.820+0000][gc,phases   ] GC(556)   Evacuate Collection Set: 6.4ms
[2025-12-25T05:51:53.820+0000][gc,phases   ] GC(556)   Post Evacuate Collection Set: 1.2ms
[2025-12-25T05:51:53.820+0000][gc,phases   ] GC(556)   Other: 0.4ms
[2025-12-25T05:51:53.821+0000][gc,heap     ] GC(556) Eden regions: 612->0(613)
[2025-12-25T05:51:53.821+0000][gc,heap     ] GC(556) Survivor regions: 2->1(77)
[2025-12-25T05:51:53.821+0000][gc,heap     ] GC(556) Old regions: 54->54
[2025-12-25T05:51:53.821+0000][gc,heap     ] GC(556) Humongous regions: 40->40
[2025-12-25T05:51:53.821+0000][gc,metaspace] GC(556) Metaspace: 12635K(13056K)->12635K(13056K) NonClass: 11551K(11712K)->11551K(11712K) Class: 1083K(1344K)->1083K(1344K)
[2025-12-25T05:51:53.821+0000][gc          ] GC(556) Pause Young (Normal) (G1 Evacuation Pause) 706M->94M(1024M) 11.060ms
[2025-12-25T05:51:53.821+0000][gc,cpu      ] GC(556) User=0.04s Sys=0.00s Real=0.01s
[2025-12-25T05:52:44.000+0000][gc,start    ] GC(557) Pause Young (Normal) (G1 Evacuation Pause)
[2025-12-25T05:52:44.001+0000][gc,task     ] GC(557) Using 8 workers of 8 for evacuation
[2025-12-25T05:52:44.014+0000][gc,phases   ] GC(557)   Pre Evacuate Collection Set: 1.0ms
[2025-12-25T05:52:44.014+0000][gc,phases   ] GC(557)   Merge Heap Roots: 0.2ms
[2025-12-25T05:52:44.014+0000][gc,phases   ] GC(557)   Evacuate Collection Set: 11.1ms
[2025-12-25T05:52:44.014+0000][gc,phases   ] GC(557)   Post Evacuate Collection Set: 1.0ms
[2025-12-25T05:52:44.015+0000][gc,phases   ] GC(557)   Other: 0.2ms
[2025-12-25T05:52:44.015+0000][gc,heap     ] GC(557) Eden regions: 613->0(612)
[2025-12-25T05:52:44.015+0000][gc,heap     ] GC(557) Survivor regions: 1->2(77)
[2025-12-25T05:52:44.015+0000][gc,heap     ] GC(557) Old regions: 54->54
[2025-12-25T05:52:44.015+0000][gc,heap     ] GC(557) Humongous regions: 40->40
[2025-12-25T05:52:44.015+0000][gc,metaspace] GC(557) Metaspace: 12635K(13056K)->12635K(13056K) NonClass: 11551K(11712K)->11551K(11712K) Class: 1083K(1344K)->1083K(1344K)
[2025-12-25T05:52:44.015+0000][gc          ] GC(557) Pause Young (Normal) (G1 Evacuation Pause) 707M->95M(1024M) 14.709ms
[2025-12-25T05:52:44.015+0000][gc,cpu      ] GC(557) User=0.03s Sys=0.07s Real=0.02s
[2025-12-25T05:53:43.813+0000][gc,start    ] GC(558) Pause Young (Normal) (G1 Evacuation Pause)
[2025-12-25T05:53:43.814+0000][gc,task     ] GC(558) Using 8 workers of 8 for evacuation
[2025-12-25T05:53:43.824+0000][gc,phases   ] GC(558)   Pre Evacuate Collection Set: 2.0ms
[2025-12-25T05:53:43.824+0000][gc,phases   ] GC(558)   Merge Heap Roots: 0.4ms
[2025-12-25T05:53:43.824+0000][gc,phases   ] GC(558)   Evacuate Collection Set: 5.2ms
[2025-12-25T05:53:43.824+0000][gc,phases   ] GC(558)   Post Evacuate Collection Set: 1.8ms
[2025-12-25T05:53:43.824+0000][gc,phases   ] GC(558)   Other: 0.4ms
[2025-12-25T05:53:43.825+0000][gc,heap     ] GC(558) Eden regions: 612->0(613)
[2025-12-25T05:53:43.825+0000][gc,heap     ] GC(558) Survivor regions: 2->1(77)
[2025-12-25T05:53:43.825+0000][gc,heap     ] GC(558) Old regions: 54->54
[2025-12-25T05:53:43.825+0000][gc,heap     ] GC(558) Humongous regions: 40->40
[2025-12-25T05:53:43.825+0000][gc,metaspace] GC(558) Metaspace: 12635K(13056K)->12635K(13056K) NonClass: 11551K(11712K)->11551K(11712K) Class: 1083K(1344K)->1083K(1344K)
[2025-12-25T05:53:43.825+0000][gc          ] GC(558) Pause Young (Normal) (G1 Evacuation Pause) 707M->94M(1024M) 12.500ms
[2025-12-25T05:53:43.825+0000][gc,cpu      ] GC(558) User=0.05s Sys=0.01s Real=0.01s
[2025-12-25T05:54:33.985+0000][gc,start    ] GC(559) Pause Young (Normal) (G1 Evacuation Pause)
[2025-12-25T05:54:33.989+0000][gc,task     ] GC(559) Using 8 workers of 8 for evacuation
[2025-12-25T05:54:34.000+0000][gc,phases   ] GC(559)   Pre Evacuate Collection Set: 1.2ms
[2025-12-25T05:54:34.000+0000][gc,phases   ] GC(559)   Merge Heap Roots: 0.2ms
[2025-12-25T05:54:34.000+0000][gc,phases   ] GC(559)   Evacuate Collection Set: 3.0ms
[2025-12-25T05:54:34.000+0000][gc,phases   ] GC(559)   Post Evacuate Collection Set: 6.0ms
[2025-12-25T05:54:34.000+0000][gc,phases   ] GC(559)   Other: 0.4ms
[2025-12-25T05:54:34.000+0000][gc,heap     ] GC(559) Eden regions: 613->0(612)
[2025-12-25T05:54:34.000+0000][gc,heap     ] GC(559) Survivor regions: 1->2(77)
[2025-12-25T05:54:34.000+0000][gc,heap     ] GC(559) Old regions: 54->54
[2025-12-25T05:54:34.000+0000][gc,heap     ] GC(559) Humongous regions: 40->40
[2025-12-25T05:54:34.000+0000][gc,metaspace] GC(559) Metaspace: 12635K(13056K)->12635K(13056K) NonClass: 11551K(11712K)->11551K(11712K) Class: 1083K(1344K)->1083K(1344K)
[2025-12-25T05:54:34.001+0000][gc          ] GC(559) Pause Young (Normal) (G1 Evacuation Pause) 707M->95M(1024M) 15.929ms
[2025-12-25T05:54:34.001+0000][gc,cpu      ] GC(559) User=0.05s Sys=0.00s Real=0.02s
[2025-12-25T05:55:24.140+0000][gc,start    ] GC(560) Pause Young (Normal) (G1 Evacuation Pause)
[2025-12-25T05:55:24.140+0000][gc,task     ] GC(560) Using 8 workers of 8 for evacuation
[2025-12-25T05:55:24.147+0000][gc,phases   ] GC(560)   Pre Evacuate Collection Set: 1.2ms
[2025-12-25T05:55:24.147+0000][gc,phases   ] GC(560)   Merge Heap Roots: 0.1ms
[2025-12-25T05:55:24.147+0000][gc,phases   ] GC(560)   Evacuate Collection Set: 4.2ms
[2025-12-25T05:55:24.147+0000][gc,phases   ] GC(560)   Post Evacuate Collection Set: 0.9ms
[2025-12-25T05:55:24.147+0000][gc,phases   ] GC(560)   Other: 0.2ms
[2025-12-25T05:55:24.147+0000][gc,heap     ] GC(560) Eden regions: 612->0(612)
[2025-12-25T05:55:24.148+0000][gc,heap     ] GC(560) Survivor regions: 2->2(77)
[2025-12-25T05:55:24.148+0000][gc,heap     ] GC(560) Old regions: 54->54
[2025-12-25T05:55:24.148+0000][gc,heap     ] GC(560) Humongous regions: 40->40
[2025-12-25T05:55:24.148+0000][gc,metaspace] GC(560) Metaspace: 12635K(13056K)->12635K(13056K) NonClass: 11551K(11712K)->11551K(11712K) Class: 1083K(1344K)->1083K(1344K)
[2025-12-25T05:55:24.148+0000][gc          ] GC(560) Pause Young (Normal) (G1 Evacuation Pause) 707M->95M(1024M) 7.876ms
[2025-12-25T05:55:24.148+0000][gc,cpu      ] GC(560) User=0.04s Sys=0.00s Real=0.00s
[2025-12-25T05:56:24.215+0000][gc,start    ] GC(561) Pause Young (Normal) (G1 Evacuation Pause)
[2025-12-25T05:56:24.216+0000][gc,task     ] GC(561) Using 8 workers of 8 for evacuation
[2025-12-25T05:56:24.240+0000][gc,phases   ] GC(561)   Pre Evacuate Collection Set: 2.9ms
[2025-12-25T05:56:24.240+0000][gc,phases   ] GC(561)   Merge Heap Roots: 0.4ms
[2025-12-25T05:56:24.240+0000][gc,phases   ] GC(561)   Evacuate Collection Set: 17.0ms
[2025-12-25T05:56:24.240+0000][gc,phases   ] GC(561)   Post Evacuate Collection Set: 2.6ms
[2025-12-25T05:56:24.240+0000][gc,phases   ] GC(561)   Other: 0.4ms
[2025-12-25T05:56:24.240+0000][gc,heap     ] GC(561) Eden regions: 612->0(612)
[2025-12-25T05:56:24.240+0000][gc,heap     ] GC(561) Survivor regions: 2->2(77)
[2025-12-25T05:56:24.241+0000][gc,heap     ] GC(561) Old regions: 54->54
[2025-12-25T05:56:24.241+0000][gc,heap     ] GC(561) Humongous regions: 40->40
[2025-12-25T05:56:24.241+0000][gc,metaspace] GC(561) Metaspace: 12635K(13056K)->12635K(13056K) NonClass: 11551K(11712K)->11551K(11712K) Class: 1083K(1344K)->1083K(1344K)
[2025-12-25T05:56:24.241+0000][gc          ] GC(561) Pause Young (Normal) (G1 Evacuation Pause) 707M->94M(1024M) 25.575ms
[2025-12-25T05:56:24.241+0000][gc,cpu      ] GC(561) User=0.10s Sys=0.01s Real=0.03s
[2025-12-25T05:57:14.983+0000][gc,start    ] GC(562) Pause Young (Normal) (G1 Evacuation Pause)
[2025-12-25T05:57:14.984+0000][gc,task     ] GC(562) Using 8 workers of 8 for evacuation
[2025-12-25T05:57:15.021+0000][gc,phases   ] GC(562)   Pre Evacuate Collection Set: 21.9ms
[2025-12-25T05:57:15.021+0000][gc,phases   ] GC(562)   Merge Heap Roots: 0.5ms
[2025-12-25T05:57:15.021+0000][gc,phases   ] GC(562)   Evacuate Collection Set: 10.8ms
[2025-12-25T05:57:15.021+0000][gc,phases   ] GC(562)   Post Evacuate Collection Set: 2.4ms
[2025-12-25T05:57:15.021+0000][gc,phases   ] GC(562)   Other: 0.6ms
[2025-12-25T05:57:15.022+0000][gc,heap     ] GC(562) Eden regions: 612->0(612)
[2025-12-25T05:57:15.022+0000][gc,heap     ] GC(562) Survivor regions: 2->2(77)
[2025-12-25T05:57:15.022+0000][gc,heap     ] GC(562) Old regions: 54->54
[2025-12-25T05:57:15.022+0000][gc,heap     ] GC(562) Humongous regions: 40->40
[2025-12-25T05:57:15.022+0000][gc,metaspace] GC(562) Metaspace: 12635K(13056K)->12635K(13056K) NonClass: 11551K(11712K)->11551K(11712K) Class: 1083K(1344K)->1083K(1344K)
[2025-12-25T05:57:15.022+0000][gc          ] GC(562) Pause Young (Normal) (G1 Evacuation Pause) 706M->95M(1024M) 39.043ms
[2025-12-25T05:57:15.023+0000][gc,cpu      ] GC(562) User=0.20s Sys=0.01s Real=0.03s
[2025-12-25T05:58:14.394+0000][gc,start    ] GC(563) Pause Young (Normal) (G1 Evacuation Pause)
[2025-12-25T05:58:14.395+0000][gc,task     ] GC(563) Using 8 workers of 8 for evacuation
[2025-12-25T05:58:14.418+0000][gc,phases   ] GC(563)   Pre Evacuate Collection Set: 2.4ms
[2025-12-25T05:58:14.419+0000][gc,phases   ] GC(563)   Merge Heap Roots: 0.4ms
[2025-12-25T05:58:14.422+0000][gc,phases   ] GC(563)   Evacuate Collection Set: 11.2ms
[2025-12-25T05:58:14.423+0000][gc,phases   ] GC(563)   Post Evacuate Collection Set: 3.8ms
[2025-12-25T05:58:14.424+0000][gc,phases   ] GC(563)   Other: 2.9ms
[2025-12-25T05:58:14.425+0000][gc,heap     ] GC(563) Eden regions: 612->0(612)
[2025-12-25T05:58:14.425+0000][gc,heap     ] GC(563) Survivor regions: 2->2(77)
[2025-12-25T05:58:14.425+0000][gc,heap     ] GC(563) Old regions: 54->54
[2025-12-25T05:58:14.426+0000][gc,heap     ] GC(563) Humongous regions: 40->40
[2025-12-25T05:58:14.426+0000][gc,metaspace] GC(563) Metaspace: 12635K(13056K)->12635K(13056K) NonClass: 11551K(11712K)->11551K(11712K) Class: 1083K(1344K)->1083K(1344K)
[2025-12-25T05:58:14.426+0000][gc          ] GC(563) Pause Young (Normal) (G1 Evacuation Pause) 707M->94M(1024M) 32.208ms
[2025-12-25T05:58:14.430+0000][gc,cpu      ] GC(563) User=0.07s Sys=0.01s Real=0.04s
[2025-12-25T05:59:04.569+0000][gc,start    ] GC(564) Pause Young (Normal) (G1 Evacuation Pause)
[2025-12-25T05:59:04.570+0000][gc,task     ] GC(564) Using 8 workers of 8 for evacuation
[2025-12-25T05:59:04.586+0000][gc,phases   ] GC(564)   Pre Evacuate Collection Set: 2.7ms
[2025-12-25T05:59:04.587+0000][gc,phases   ] GC(564)   Merge Heap Roots: 0.6ms
[2025-12-25T05:59:04.587+0000][gc,phases   ] GC(564)   Evacuate Collection Set: 8.6ms
[2025-12-25T05:59:04.587+0000][gc,phases   ] GC(564)   Post Evacuate Collection Set: 3.3ms
[2025-12-25T05:59:04.587+0000][gc,phases   ] GC(564)   Other: 0.9ms
[2025-12-25T05:59:04.587+0000][gc,heap     ] GC(564) Eden regions: 612->0(612)
[2025-12-25T05:59:04.588+0000][gc,heap     ] GC(564) Survivor regions: 2->2(77)
[2025-12-25T05:59:04.588+0000][gc,heap     ] GC(564) Old regions: 54->54
[2025-12-25T05:59:04.588+0000][gc,heap     ] GC(564) Humongous regions: 40->40
[2025-12-25T05:59:04.588+0000][gc,metaspace] GC(564) Metaspace: 12635K(13056K)->12635K(13056K) NonClass: 11551K(11712K)->11551K(11712K) Class: 1083K(1344K)->1083K(1344K)
[2025-12-25T05:59:04.588+0000][gc          ] GC(564) Pause Young (Normal) (G1 Evacuation Pause) 706M->95M(1024M) 19.616ms
[2025-12-25T05:59:04.589+0000][gc,cpu      ] GC(564) User=0.09s Sys=0.00s Real=0.02s
[2025-12-25T06:00:04.149+0000][gc,start    ] GC(565) Pause Young (Normal) (G1 Evacuation Pause)
[2025-12-25T06:00:04.150+0000][gc,task     ] GC(565) Using 8 workers of 8 for evacuation
[2025-12-25T06:00:04.166+0000][gc,phases   ] GC(565)   Pre Evacuate Collection Set: 5.3ms
[2025-12-25T06:00:04.166+0000][gc,phases   ] GC(565)   Merge Heap Roots: 0.4ms
[2025-12-25T06:00:04.166+0000][gc,phases   ] GC(565)   Evacuate Collection Set: 7.0ms
[2025-12-25T06:00:04.166+0000][gc,phases   ] GC(565)   Post Evacuate Collection Set: 2.5ms
[2025-12-25T06:00:04.167+0000][gc,phases   ] GC(565)   Other: 0.8ms
[2025-12-25T06:00:04.167+0000][gc,heap     ] GC(565) Eden regions: 612->0(612)
[2025-12-25T06:00:04.167+0000][gc,heap     ] GC(565) Survivor regions: 2->2(77)
[2025-12-25T06:00:04.167+0000][gc,heap     ] GC(565) Old regions: 54->54
[2025-12-25T06:00:04.167+0000][gc,heap     ] GC(565) Humongous regions: 40->40
[2025-12-25T06:00:04.167+0000][gc,metaspace] GC(565) Metaspace: 12635K(13056K)->12635K(13056K) NonClass: 11551K(11712K)->11551K(11712K) Class: 1083K(1344K)->1083K(1344K)
[2025-12-25T06:00:04.168+0000][gc          ] GC(565) Pause Young (Normal) (G1 Evacuation Pause) 707M->94M(1024M) 19.036ms
[2025-12-25T06:00:04.168+0000][gc,cpu      ] GC(565) User=0.05s Sys=0.00s Real=0.02s
[2025-12-25T06:00:54.705+0000][gc,start    ] GC(566) Pause Young (Normal) (G1 Evacuation Pause)
[2025-12-25T06:00:54.706+0000][gc,task     ] GC(566) Using 8 workers of 8 for evacuation
[2025-12-25T06:00:54.722+0000][gc,phases   ] GC(566)   Pre Evacuate Collection Set: 1.7ms
[2025-12-25T06:00:54.722+0000][gc,phases   ] GC(566)   Merge Heap Roots: 0.4ms
[2025-12-25T06:00:54.722+0000][gc,phases   ] GC(566)   Evacuate Collection Set: 10.3ms
[2025-12-25T06:00:54.722+0000][gc,phases   ] GC(566)   Post Evacuate Collection Set: 2.2ms
[2025-12-25T06:00:54.723+0000][gc,phases   ] GC(566)   Other: 0.7ms
[2025-12-25T06:00:54.723+0000][gc,heap     ] GC(566) Eden regions: 612->0(612)
[2025-12-25T06:00:54.723+0000][gc,heap     ] GC(566) Survivor regions: 2->2(77)
[2025-12-25T06:00:54.723+0000][gc,heap     ] GC(566) Old regions: 54->54
[2025-12-25T06:00:54.723+0000][gc,heap     ] GC(566) Humongous regions: 40->40
[2025-12-25T06:00:54.723+0000][gc,metaspace] GC(566) Metaspace: 12635K(13056K)->12635K(13056K) NonClass: 11551K(11712K)->11551K(11712K) Class: 1083K(1344K)->1083K(1344K)
[2025-12-25T06:00:54.724+0000][gc          ] GC(566) Pause Young (Normal) (G1 Evacuation Pause) 706M->95M(1024M) 18.336ms
[2025-12-25T06:00:54.724+0000][gc,cpu      ] GC(566) User=0.08s Sys=0.01s Real=0.02s
[2025-12-25T06:01:53.950+0000][gc,start    ] GC(567) Pause Young (Normal) (G1 Evacuation Pause)
[2025-12-25T06:01:53.950+0000][gc,task     ] GC(567) Using 8 workers of 8 for evacuation
[2025-12-25T06:01:53.962+0000][gc,phases   ] GC(567)   Pre Evacuate Collection Set: 1.4ms
[2025-12-25T06:01:53.962+0000][gc,phases   ] GC(567)   Merge Heap Roots: 0.3ms
[2025-12-25T06:01:53.962+0000][gc,phases   ] GC(567)   Evacuate Collection Set: 8.2ms
[2025-12-25T06:01:53.962+0000][gc,phases   ] GC(567)   Post Evacuate Collection Set: 1.5ms
[2025-12-25T06:01:53.962+0000][gc,phases   ] GC(567)   Other: 0.3ms
[2025-12-25T06:01:53.963+0000][gc,heap     ] GC(567) Eden regions: 612->0(613)
[2025-12-25T06:01:53.963+0000][gc,heap     ] GC(567) Survivor regions: 2->1(77)
[2025-12-25T06:01:53.963+0000][gc,heap     ] GC(567) Old regions: 54->54
[2025-12-25T06:01:53.963+0000][gc,heap     ] GC(567) Humongous regions: 40->40
[2025-12-25T06:01:53.963+0000][gc,metaspace] GC(567) Metaspace: 12635K(13056K)->12635K(13056K) NonClass: 11551K(11712K)->11551K(11712K) Class: 1083K(1344K)->1083K(1344K)
[2025-12-25T06:01:53.963+0000][gc          ] GC(567) Pause Young (Normal) (G1 Evacuation Pause) 707M->94M(1024M) 13.955ms
[2025-12-25T06:01:53.964+0000][gc,cpu      ] GC(567) User=0.08s Sys=0.00s Real=0.01s
[2025-12-25T06:02:44.082+0000][gc,start    ] GC(568) Pause Young (Normal) (G1 Evacuation Pause)
[2025-12-25T06:02:44.083+0000][gc,task     ] GC(568) Using 8 workers of 8 for evacuation
[2025-12-25T06:02:44.089+0000][gc,phases   ] GC(568)   Pre Evacuate Collection Set: 1.2ms
[2025-12-25T06:02:44.089+0000][gc,phases   ] GC(568)   Merge Heap Roots: 0.2ms
[2025-12-25T06:02:44.089+0000][gc,phases   ] GC(568)   Evacuate Collection Set: 3.2ms
[2025-12-25T06:02:44.089+0000][gc,phases   ] GC(568)   Post Evacuate Collection Set: 1.1ms
[2025-12-25T06:02:44.089+0000][gc,phases   ] GC(568)   Other: 0.3ms
[2025-12-25T06:02:44.089+0000][gc,heap     ] GC(568) Eden regions: 613->0(612)
[2025-12-25T06:02:44.089+0000][gc,heap     ] GC(568) Survivor regions: 1->2(77)
[2025-12-25T06:02:44.089+0000][gc,heap     ] GC(568) Old regions: 54->54
[2025-12-25T06:02:44.089+0000][gc,heap     ] GC(568) Humongous regions: 40->40
[2025-12-25T06:02:44.089+0000][gc,metaspace] GC(568) Metaspace: 12635K(13056K)->12635K(13056K) NonClass: 11551K(11712K)->11551K(11712K) Class: 1083K(1344K)->1083K(1344K)
[2025-12-25T06:02:44.089+0000][gc          ] GC(568) Pause Young (Normal) (G1 Evacuation Pause) 707M->95M(1024M) 7.290ms
[2025-12-25T06:02:44.089+0000][gc,cpu      ] GC(568) User=0.03s Sys=0.00s Real=0.01s
[2025-12-25T06:03:43.906+0000][gc,start    ] GC(569) Pause Young (Normal) (G1 Evacuation Pause)
[2025-12-25T06:03:43.907+0000][gc,task     ] GC(569) Using 8 workers of 8 for evacuation
[2025-12-25T06:03:43.917+0000][gc,phases   ] GC(569)   Pre Evacuate Collection Set: 3.4ms
[2025-12-25T06:03:43.917+0000][gc,phases   ] GC(569)   Merge Heap Roots: 0.4ms
[2025-12-25T06:03:43.917+0000][gc,phases   ] GC(569)   Evacuate Collection Set: 4.6ms
[2025-12-25T06:03:43.917+0000][gc,phases   ] GC(569)   Post Evacuate Collection Set: 1.3ms
[2025-12-25T06:03:43.917+0000][gc,phases   ] GC(569)   Other: 0.3ms
[2025-12-25T06:03:43.917+0000][gc,heap     ] GC(569) Eden regions: 612->0(613)
[2025-12-25T06:03:43.917+0000][gc,heap     ] GC(569) Survivor regions: 2->1(77)
[2025-12-25T06:03:43.917+0000][gc,heap     ] GC(569) Old regions: 54->55
[2025-12-25T06:03:43.918+0000][gc,heap     ] GC(569) Humongous regions: 40->40
[2025-12-25T06:03:43.918+0000][gc,metaspace] GC(569) Metaspace: 12635K(13056K)->12635K(13056K) NonClass: 11551K(11712K)->11551K(11712K) Class: 1083K(1344K)->1083K(1344K)
[2025-12-25T06:03:43.918+0000][gc          ] GC(569) Pause Young (Normal) (G1 Evacuation Pause) 707M->94M(1024M) 11.801ms
[2025-12-25T06:03:43.918+0000][gc,cpu      ] GC(569) User=0.06s Sys=0.00s Real=0.01s
[2025-12-25T06:04:34.102+0000][gc,start    ] GC(570) Pause Young (Normal) (G1 Evacuation Pause)
[2025-12-25T06:04:34.103+0000][gc,task     ] GC(570) Using 8 workers of 8 for evacuation
[2025-12-25T06:04:34.112+0000][gc,phases   ] GC(570)   Pre Evacuate Collection Set: 3.7ms
[2025-12-25T06:04:34.112+0000][gc,phases   ] GC(570)   Merge Heap Roots: 0.6ms
[2025-12-25T06:04:34.112+0000][gc,phases   ] GC(570)   Evacuate Collection Set: 3.8ms
[2025-12-25T06:04:34.112+0000][gc,phases   ] GC(570)   Post Evacuate Collection Set: 1.1ms
[2025-12-25T06:04:34.113+0000][gc,phases   ] GC(570)   Other: 0.5ms
[2025-12-25T06:04:34.113+0000][gc,heap     ] GC(570) Eden regions: 613->0(612)
[2025-12-25T06:04:34.113+0000][gc,heap     ] GC(570) Survivor regions: 1->2(77)
[2025-12-25T06:04:34.113+0000][gc,heap     ] GC(570) Old regions: 55->55
[2025-12-25T06:04:34.113+0000][gc,heap     ] GC(570) Humongous regions: 40->40
[2025-12-25T06:04:34.113+0000][gc,metaspace] GC(570) Metaspace: 12635K(13056K)->12635K(13056K) NonClass: 11551K(11712K)->11551K(11712K) Class: 1083K(1344K)->1083K(1344K)
[2025-12-25T06:04:34.113+0000][gc          ] GC(570) Pause Young (Normal) (G1 Evacuation Pause) 707M->95M(1024M) 11.166ms
[2025-12-25T06:04:34.113+0000][gc,cpu      ] GC(570) User=0.05s Sys=0.00s Real=0.01s
[2025-12-25T06:05:33.958+0000][gc,start    ] GC(571) Pause Young (Normal) (G1 Evacuation Pause)
[2025-12-25T06:05:33.960+0000][gc,task     ] GC(571) Using 8 workers of 8 for evacuation
[2025-12-25T06:05:34.183+0000][gc,mmu      ] GC(571) MMU target violated: 201.0ms (200.0ms/201.0ms)
[2025-12-25T06:05:34.200+0000][gc,phases   ] GC(571)   Pre Evacuate Collection Set: 3.0ms
[2025-12-25T06:05:34.205+0000][gc,phases   ] GC(571)   Merge Heap Roots: 0.5ms
[2025-12-25T06:05:34.205+0000][gc,phases   ] GC(571)   Evacuate Collection Set: 18.1ms
[2025-12-25T06:05:34.205+0000][gc,phases   ] GC(571)   Post Evacuate Collection Set: 197.1ms
[2025-12-25T06:05:34.206+0000][gc,phases   ] GC(571)   Other: 20.3ms
[2025-12-25T06:05:34.209+0000][gc,heap     ] GC(571) Eden regions: 612->0(613)
[2025-12-25T06:05:34.213+0000][gc,heap     ] GC(571) Survivor regions: 2->1(77)
[2025-12-25T06:05:34.222+0000][gc,heap     ] GC(571) Old regions: 55->55
[2025-12-25T06:05:34.229+0000][gc,heap     ] GC(571) Humongous regions: 40->40
[2025-12-25T06:05:34.232+0000][gc,metaspace] GC(571) Metaspace: 12635K(13056K)->12635K(13056K) NonClass: 11551K(11712K)->11551K(11712K) Class: 1083K(1344K)->1083K(1344K)
[2025-12-25T06:05:34.233+0000][gc          ] GC(571) Pause Young (Normal) (G1 Evacuation Pause) 707M->94M(1024M) 275.281ms
[2025-12-25T06:05:34.234+0000][gc,cpu      ] GC(571) User=0.35s Sys=0.04s Real=0.28s
[2025-12-25T06:06:24.435+0000][gc,start    ] GC(572) Pause Young (Normal) (G1 Evacuation Pause)
[2025-12-25T06:06:24.436+0000][gc,task     ] GC(572) Using 8 workers of 8 for evacuation
[2025-12-25T06:06:24.453+0000][gc,phases   ] GC(572)   Pre Evacuate Collection Set: 2.4ms
[2025-12-25T06:06:24.454+0000][gc,phases   ] GC(572)   Merge Heap Roots: 0.5ms
[2025-12-25T06:06:24.454+0000][gc,phases   ] GC(572)   Evacuate Collection Set: 6.5ms
[2025-12-25T06:06:24.454+0000][gc,phases   ] GC(572)   Post Evacuate Collection Set: 7.4ms
[2025-12-25T06:06:24.454+0000][gc,phases   ] GC(572)   Other: 0.6ms
[2025-12-25T06:06:24.455+0000][gc,heap     ] GC(572) Eden regions: 613->0(612)
[2025-12-25T06:06:24.455+0000][gc,heap     ] GC(572) Survivor regions: 1->2(77)
[2025-12-25T06:06:24.455+0000][gc,heap     ] GC(572) Old regions: 55->55
[2025-12-25T06:06:24.455+0000][gc,heap     ] GC(572) Humongous regions: 40->40
[2025-12-25T06:06:24.455+0000][gc,metaspace] GC(572) Metaspace: 12635K(13056K)->12635K(13056K) NonClass: 11551K(11712K)->11551K(11712K) Class: 1083K(1344K)->1083K(1344K)
[2025-12-25T06:06:24.456+0000][gc          ] GC(572) Pause Young (Normal) (G1 Evacuation Pause) 707M->95M(1024M) 20.678ms
[2025-12-25T06:06:24.456+0000][gc,cpu      ] GC(572) User=0.07s Sys=0.00s Real=0.02s
[2025-12-25T06:07:23.846+0000][gc,start    ] GC(573) Pause Young (Normal) (G1 Evacuation Pause)
[2025-12-25T06:07:23.846+0000][gc,task     ] GC(573) Using 8 workers of 8 for evacuation
[2025-12-25T06:07:23.855+0000][gc,phases   ] GC(573)   Pre Evacuate Collection Set: 1.3ms
[2025-12-25T06:07:23.855+0000][gc,phases   ] GC(573)   Merge Heap Roots: 0.2ms
[2025-12-25T06:07:23.855+0000][gc,phases   ] GC(573)   Evacuate Collection Set: 6.1ms
[2025-12-25T06:07:23.855+0000][gc,phases   ] GC(573)   Post Evacuate Collection Set: 1.1ms
[2025-12-25T06:07:23.855+0000][gc,phases   ] GC(573)   Other: 0.2ms
[2025-12-25T06:07:23.855+0000][gc,heap     ] GC(573) Eden regions: 612->0(613)
[2025-12-25T06:07:23.855+0000][gc,heap     ] GC(573) Survivor regions: 2->1(77)
[2025-12-25T06:07:23.855+0000][gc,heap     ] GC(573) Old regions: 55->55
[2025-12-25T06:07:23.855+0000][gc,heap     ] GC(573) Humongous regions: 40->40
[2025-12-25T06:07:23.855+0000][gc,metaspace] GC(573) Metaspace: 12635K(13056K)->12635K(13056K) NonClass: 11551K(11712K)->11551K(11712K) Class: 1083K(1344K)->1083K(1344K)
[2025-12-25T06:07:23.856+0000][gc          ] GC(573) Pause Young (Normal) (G1 Evacuation Pause) 707M->94M(1024M) 9.781ms
[2025-12-25T06:07:23.856+0000][gc,cpu      ] GC(573) User=0.05s Sys=0.00s Real=0.01s
[2025-12-25T06:08:14.840+0000][gc,start    ] GC(574) Pause Young (Normal) (G1 Evacuation Pause)
[2025-12-25T06:08:14.843+0000][gc,task     ] GC(574) Using 8 workers of 8 for evacuation
[2025-12-25T06:08:14.876+0000][gc,phases   ] GC(574)   Pre Evacuate Collection Set: 9.3ms
[2025-12-25T06:08:14.876+0000][gc,phases   ] GC(574)   Merge Heap Roots: 0.7ms
[2025-12-25T06:08:14.876+0000][gc,phases   ] GC(574)   Evacuate Collection Set: 12.7ms
[2025-12-25T06:08:14.877+0000][gc,phases   ] GC(574)   Post Evacuate Collection Set: 8.8ms
[2025-12-25T06:08:14.877+0000][gc,phases   ] GC(574)   Other: 1.5ms
[2025-12-25T06:08:14.877+0000][gc,heap     ] GC(574) Eden regions: 613->0(612)
[2025-12-25T06:08:14.877+0000][gc,heap     ] GC(574) Survivor regions: 1->2(77)
[2025-12-25T06:08:14.878+0000][gc,heap     ] GC(574) Old regions: 55->55
[2025-12-25T06:08:14.878+0000][gc,heap     ] GC(574) Humongous regions: 40->40
[2025-12-25T06:08:14.878+0000][gc,metaspace] GC(574) Metaspace: 12635K(13056K)->12635K(13056K) NonClass: 11551K(11712K)->11551K(11712K) Class: 1083K(1344K)->1083K(1344K)
[2025-12-25T06:08:14.879+0000][gc          ] GC(574) Pause Young (Normal) (G1 Evacuation Pause) 707M->95M(1024M) 38.848ms
[2025-12-25T06:08:14.879+0000][gc,cpu      ] GC(574) User=0.14s Sys=0.01s Real=0.04s
[2025-12-25T06:09:12.364+0000][gc,start    ] GC(575) Pause Young (Normal) (G1 Evacuation Pause)
[2025-12-25T06:09:12.366+0000][gc,task     ] GC(575) Using 8 workers of 8 for evacuation
[2025-12-25T06:09:12.378+0000][gc,phases   ] GC(575)   Pre Evacuate Collection Set: 2.7ms
[2025-12-25T06:09:12.378+0000][gc,phases   ] GC(575)   Merge Heap Roots: 0.4ms
[2025-12-25T06:09:12.378+0000][gc,phases   ] GC(575)   Evacuate Collection Set: 6.1ms
[2025-12-25T06:09:12.378+0000][gc,phases   ] GC(575)   Post Evacuate Collection Set: 2.2ms
[2025-12-25T06:09:12.378+0000][gc,phases   ] GC(575)   Other: 0.7ms
[2025-12-25T06:09:12.378+0000][gc,heap     ] GC(575) Eden regions: 612->0(613)
[2025-12-25T06:09:12.378+0000][gc,heap     ] GC(575) Survivor regions: 2->1(77)
[2025-12-25T06:09:12.379+0000][gc,heap     ] GC(575) Old regions: 55->55
[2025-12-25T06:09:12.379+0000][gc,heap     ] GC(575) Humongous regions: 40->40
[2025-12-25T06:09:12.379+0000][gc,metaspace] GC(575) Metaspace: 12635K(13056K)->12635K(13056K) NonClass: 11551K(11712K)->11551K(11712K) Class: 1083K(1344K)->1083K(1344K)
[2025-12-25T06:09:12.379+0000][gc          ] GC(575) Pause Young (Normal) (G1 Evacuation Pause) 707M->94M(1024M) 14.915ms
[2025-12-25T06:09:12.379+0000][gc,cpu      ] GC(575) User=0.06s Sys=0.01s Real=0.01s
[2025-12-25T06:10:04.023+0000][gc,start    ] GC(576) Pause Young (Normal) (G1 Evacuation Pause)
[2025-12-25T06:10:04.024+0000][gc,task     ] GC(576) Using 8 workers of 8 for evacuation
[2025-12-25T06:10:04.030+0000][gc,phases   ] GC(576)   Pre Evacuate Collection Set: 1.2ms
[2025-12-25T06:10:04.030+0000][gc,phases   ] GC(576)   Merge Heap Roots: 0.2ms
[2025-12-25T06:10:04.030+0000][gc,phases   ] GC(576)   Evacuate Collection Set: 3.7ms
[2025-12-25T06:10:04.030+0000][gc,phases   ] GC(576)   Post Evacuate Collection Set: 0.9ms
[2025-12-25T06:10:04.030+0000][gc,phases   ] GC(576)   Other: 0.2ms
[2025-12-25T06:10:04.030+0000][gc,heap     ] GC(576) Eden regions: 613->0(612)
[2025-12-25T06:10:04.030+0000][gc,heap     ] GC(576) Survivor regions: 1->2(77)
[2025-12-25T06:10:04.030+0000][gc,heap     ] GC(576) Old regions: 55->55
[2025-12-25T06:10:04.030+0000][gc,heap     ] GC(576) Humongous regions: 40->40
[2025-12-25T06:10:04.030+0000][gc,metaspace] GC(576) Metaspace: 12635K(13056K)->12635K(13056K) NonClass: 11551K(11712K)->11551K(11712K) Class: 1083K(1344K)->1083K(1344K)
[2025-12-25T06:10:04.030+0000][gc          ] GC(576) Pause Young (Normal) (G1 Evacuation Pause) 707M->95M(1024M) 7.839ms
[2025-12-25T06:10:04.030+0000][gc,cpu      ] GC(576) User=0.02s Sys=0.01s Real=0.00s
[2025-12-25T06:10:54.519+0000][gc,start    ] GC(577) Pause Young (Normal) (G1 Evacuation Pause)
[2025-12-25T06:10:54.520+0000][gc,task     ] GC(577) Using 8 workers of 8 for evacuation
[2025-12-25T06:10:54.541+0000][gc,phases   ] GC(577)   Pre Evacuate Collection Set: 2.2ms
[2025-12-25T06:10:54.541+0000][gc,phases   ] GC(577)   Merge Heap Roots: 0.5ms
[2025-12-25T06:10:54.541+0000][gc,phases   ] GC(577)   Evacuate Collection Set: 13.8ms
[2025-12-25T06:10:54.541+0000][gc,phases   ] GC(577)   Post Evacuate Collection Set: 2.6ms
[2025-12-25T06:10:54.542+0000][gc,phases   ] GC(577)   Other: 1.3ms
[2025-12-25T06:10:54.542+0000][gc,heap     ] GC(577) Eden regions: 612->0(612)
[2025-12-25T06:10:54.542+0000][gc,heap     ] GC(577) Survivor regions: 2->2(77)
[2025-12-25T06:10:54.542+0000][gc,heap     ] GC(577) Old regions: 55->55
[2025-12-25T06:10:54.542+0000][gc,heap     ] GC(577) Humongous regions: 40->40
[2025-12-25T06:10:54.543+0000][gc,metaspace] GC(577) Metaspace: 12635K(13056K)->12635K(13056K) NonClass: 11551K(11712K)->11551K(11712K) Class: 1083K(1344K)->1083K(1344K)
[2025-12-25T06:10:54.543+0000][gc          ] GC(577) Pause Young (Normal) (G1 Evacuation Pause) 707M->96M(1024M) 23.973ms
[2025-12-25T06:10:54.543+0000][gc,cpu      ] GC(577) User=0.11s Sys=0.00s Real=0.03s
[2025-12-25T06:11:54.100+0000][gc,start    ] GC(578) Pause Young (Normal) (G1 Evacuation Pause)
[2025-12-25T06:11:54.102+0000][gc,task     ] GC(578) Using 8 workers of 8 for evacuation
[2025-12-25T06:11:54.111+0000][gc,phases   ] GC(578)   Pre Evacuate Collection Set: 1.9ms
[2025-12-25T06:11:54.111+0000][gc,phases   ] GC(578)   Merge Heap Roots: 0.3ms
[2025-12-25T06:11:54.111+0000][gc,phases   ] GC(578)   Evacuate Collection Set: 4.8ms
[2025-12-25T06:11:54.111+0000][gc,phases   ] GC(578)   Post Evacuate Collection Set: 1.6ms
[2025-12-25T06:11:54.111+0000][gc,phases   ] GC(578)   Other: 0.7ms
[2025-12-25T06:11:54.112+0000][gc,heap     ] GC(578) Eden regions: 612->0(612)
[2025-12-25T06:11:54.112+0000][gc,heap     ] GC(578) Survivor regions: 2->2(77)
[2025-12-25T06:11:54.112+0000][gc,heap     ] GC(578) Old regions: 55->55
[2025-12-25T06:11:54.112+0000][gc,heap     ] GC(578) Humongous regions: 40->40
[2025-12-25T06:11:54.112+0000][gc,metaspace] GC(578) Metaspace: 12635K(13056K)->12635K(13056K) NonClass: 11551K(11712K)->11551K(11712K) Class: 1083K(1344K)->1083K(1344K)
[2025-12-25T06:11:54.112+0000][gc          ] GC(578) Pause Young (Normal) (G1 Evacuation Pause) 708M->95M(1024M) 12.599ms
[2025-12-25T06:11:54.112+0000][gc,cpu      ] GC(578) User=0.05s Sys=0.00s Real=0.01s
[2025-12-25T06:12:44.264+0000][gc,start    ] GC(579) Pause Young (Normal) (G1 Evacuation Pause)
[2025-12-25T06:12:44.265+0000][gc,task     ] GC(579) Using 8 workers of 8 for evacuation
[2025-12-25T06:12:44.274+0000][gc,phases   ] GC(579)   Pre Evacuate Collection Set: 3.5ms
[2025-12-25T06:12:44.274+0000][gc,phases   ] GC(579)   Merge Heap Roots: 0.2ms
[2025-12-25T06:12:44.274+0000][gc,phases   ] GC(579)   Evacuate Collection Set: 4.4ms
[2025-12-25T06:12:44.275+0000][gc,phases   ] GC(579)   Post Evacuate Collection Set: 1.0ms
[2025-12-25T06:12:44.275+0000][gc,phases   ] GC(579)   Other: 0.3ms
[2025-12-25T06:12:44.275+0000][gc,heap     ] GC(579) Eden regions: 612->0(612)
[2025-12-25T06:12:44.275+0000][gc,heap     ] GC(579) Survivor regions: 2->2(77)
[2025-12-25T06:12:44.275+0000][gc,heap     ] GC(579) Old regions: 55->55
[2025-12-25T06:12:44.275+0000][gc,heap     ] GC(579) Humongous regions: 40->40
[2025-12-25T06:12:44.275+0000][gc,metaspace] GC(579) Metaspace: 12635K(13056K)->12635K(13056K) NonClass: 11551K(11712K)->11551K(11712K) Class: 1083K(1344K)->1083K(1344K)
[2025-12-25T06:12:44.275+0000][gc          ] GC(579) Pause Young (Normal) (G1 Evacuation Pause) 707M->96M(1024M) 10.607ms
[2025-12-25T06:12:44.275+0000][gc,cpu      ] GC(579) User=0.05s Sys=0.00s Real=0.01s
[2025-12-25T06:13:44.048+0000][gc,start    ] GC(580) Pause Young (Normal) (G1 Evacuation Pause)
[2025-12-25T06:13:44.049+0000][gc,task     ] GC(580) Using 8 workers of 8 for evacuation
[2025-12-25T06:13:44.065+0000][gc,phases   ] GC(580)   Pre Evacuate Collection Set: 4.5ms
[2025-12-25T06:13:44.066+0000][gc,phases   ] GC(580)   Merge Heap Roots: 0.6ms
[2025-12-25T06:13:44.066+0000][gc,phases   ] GC(580)   Evacuate Collection Set: 9.1ms
[2025-12-25T06:13:44.066+0000][gc,phases   ] GC(580)   Post Evacuate Collection Set: 1.4ms
[2025-12-25T06:13:44.066+0000][gc,phases   ] GC(580)   Other: 0.6ms
[2025-12-25T06:13:44.066+0000][gc,heap     ] GC(580) Eden regions: 612->0(612)
[2025-12-25T06:13:44.066+0000][gc,heap     ] GC(580) Survivor regions: 2->2(77)
[2025-12-25T06:13:44.066+0000][gc,heap     ] GC(580) Old regions: 55->55
[2025-12-25T06:13:44.066+0000][gc,heap     ] GC(580) Humongous regions: 40->40
[2025-12-25T06:13:44.066+0000][gc,metaspace] GC(580) Metaspace: 12635K(13056K)->12635K(13056K) NonClass: 11551K(11712K)->11551K(11712K) Class: 1083K(1344K)->1083K(1344K)
[2025-12-25T06:13:44.066+0000][gc          ] GC(580) Pause Young (Normal) (G1 Evacuation Pause) 708M->95M(1024M) 17.813ms
[2025-12-25T06:13:44.066+0000][gc,cpu      ] GC(580) User=0.11s Sys=0.00s Real=0.02s
[2025-12-25T06:14:34.493+0000][gc,start    ] GC(581) Pause Young (Normal) (G1 Evacuation Pause)
[2025-12-25T06:14:34.494+0000][gc,task     ] GC(581) Using 8 workers of 8 for evacuation
[2025-12-25T06:14:34.514+0000][gc,phases   ] GC(581)   Pre Evacuate Collection Set: 2.2ms
[2025-12-25T06:14:34.514+0000][gc,phases   ] GC(581)   Merge Heap Roots: 0.5ms
[2025-12-25T06:14:34.514+0000][gc,phases   ] GC(581)   Evacuate Collection Set: 13.5ms
[2025-12-25T06:14:34.514+0000][gc,phases   ] GC(581)   Post Evacuate Collection Set: 2.5ms
[2025-12-25T06:14:34.514+0000][gc,phases   ] GC(581)   Other: 0.7ms
[2025-12-25T06:14:34.515+0000][gc,heap     ] GC(581) Eden regions: 612->0(612)
[2025-12-25T06:14:34.515+0000][gc,heap     ] GC(581) Survivor regions: 2->2(77)
[2025-12-25T06:14:34.515+0000][gc,heap     ] GC(581) Old regions: 55->55
[2025-12-25T06:14:34.515+0000][gc,heap     ] GC(581) Humongous regions: 40->40
[2025-12-25T06:14:34.515+0000][gc,metaspace] GC(581) Metaspace: 12635K(13056K)->12635K(13056K) NonClass: 11551K(11712K)->11551K(11712K) Class: 1083K(1344K)->1083K(1344K)
[2025-12-25T06:14:34.515+0000][gc          ] GC(581) Pause Young (Normal) (G1 Evacuation Pause) 707M->96M(1024M) 22.091ms
[2025-12-25T06:14:34.516+0000][gc,cpu      ] GC(581) User=0.12s Sys=0.00s Real=0.02s
[2025-12-25T06:15:34.199+0000][gc,start    ] GC(582) Pause Young (Normal) (G1 Evacuation Pause)
[2025-12-25T06:15:34.200+0000][gc,task     ] GC(582) Using 8 workers of 8 for evacuation
[2025-12-25T06:15:34.216+0000][gc,phases   ] GC(582)   Pre Evacuate Collection Set: 2.1ms
[2025-12-25T06:15:34.216+0000][gc,phases   ] GC(582)   Merge Heap Roots: 0.4ms
[2025-12-25T06:15:34.216+0000][gc,phases   ] GC(582)   Evacuate Collection Set: 7.4ms
[2025-12-25T06:15:34.216+0000][gc,phases   ] GC(582)   Post Evacuate Collection Set: 5.0ms
[2025-12-25T06:15:34.216+0000][gc,phases   ] GC(582)   Other: 0.7ms
[2025-12-25T06:15:34.217+0000][gc,heap     ] GC(582) Eden regions: 612->0(612)
[2025-12-25T06:15:34.217+0000][gc,heap     ] GC(582) Survivor regions: 2->2(77)
[2025-12-25T06:15:34.217+0000][gc,heap     ] GC(582) Old regions: 55->55
[2025-12-25T06:15:34.217+0000][gc,heap     ] GC(582) Humongous regions: 40->40
[2025-12-25T06:15:34.218+0000][gc,metaspace] GC(582) Metaspace: 12635K(13056K)->12635K(13056K) NonClass: 11551K(11712K)->11551K(11712K) Class: 1083K(1344K)->1083K(1344K)
[2025-12-25T06:15:34.218+0000][gc          ] GC(582) Pause Young (Normal) (G1 Evacuation Pause) 708M->95M(1024M) 19.326ms
[2025-12-25T06:15:34.218+0000][gc,cpu      ] GC(582) User=0.08s Sys=0.00s Real=0.02s
[2025-12-25T06:16:24.137+0000][gc,start    ] GC(583) Pause Young (Normal) (G1 Evacuation Pause)
[2025-12-25T06:16:24.137+0000][gc,task     ] GC(583) Using 8 workers of 8 for evacuation
[2025-12-25T06:16:24.144+0000][gc,phases   ] GC(583)   Pre Evacuate Collection Set: 0.9ms
[2025-12-25T06:16:24.145+0000][gc,phases   ] GC(583)   Merge Heap Roots: 0.2ms
[2025-12-25T06:16:24.145+0000][gc,phases   ] GC(583)   Evacuate Collection Set: 4.7ms
[2025-12-25T06:16:24.145+0000][gc,phases   ] GC(583)   Post Evacuate Collection Set: 1.0ms
[2025-12-25T06:16:24.145+0000][gc,phases   ] GC(583)   Other: 0.3ms
[2025-12-25T06:16:24.145+0000][gc,heap     ] GC(583) Eden regions: 612->0(612)
[2025-12-25T06:16:24.145+0000][gc,heap     ] GC(583) Survivor regions: 2->2(77)
[2025-12-25T06:16:24.145+0000][gc,heap     ] GC(583) Old regions: 55->55
[2025-12-25T06:16:24.145+0000][gc,heap     ] GC(583) Humongous regions: 40->40
[2025-12-25T06:16:24.145+0000][gc,metaspace] GC(583) Metaspace: 12635K(13056K)->12635K(13056K) NonClass: 11551K(11712K)->11551K(11712K) Class: 1083K(1344K)->1083K(1344K)
[2025-12-25T06:16:24.145+0000][gc          ] GC(583) Pause Young (Normal) (G1 Evacuation Pause) 707M->96M(1024M) 8.330ms
[2025-12-25T06:16:24.145+0000][gc,cpu      ] GC(583) User=0.04s Sys=0.01s Real=0.01s
[2025-12-25T06:17:23.972+0000][gc,start    ] GC(584) Pause Young (Normal) (G1 Evacuation Pause)
[2025-12-25T06:17:23.973+0000][gc,task     ] GC(584) Using 8 workers of 8 for evacuation
[2025-12-25T06:17:23.983+0000][gc,phases   ] GC(584)   Pre Evacuate Collection Set: 1.3ms
[2025-12-25T06:17:23.983+0000][gc,phases   ] GC(584)   Merge Heap Roots: 0.2ms
[2025-12-25T06:17:23.983+0000][gc,phases   ] GC(584)   Evacuate Collection Set: 5.3ms
[2025-12-25T06:17:23.983+0000][gc,phases   ] GC(584)   Post Evacuate Collection Set: 3.4ms
[2025-12-25T06:17:23.983+0000][gc,phases   ] GC(584)   Other: 0.4ms
[2025-12-25T06:17:23.984+0000][gc,heap     ] GC(584) Eden regions: 612->0(613)
[2025-12-25T06:17:23.984+0000][gc,heap     ] GC(584) Survivor regions: 2->1(77)
[2025-12-25T06:17:23.984+0000][gc,heap     ] GC(584) Old regions: 55->55
[2025-12-25T06:17:23.984+0000][gc,heap     ] GC(584) Humongous regions: 40->40
[2025-12-25T06:17:23.984+0000][gc,metaspace] GC(584) Metaspace: 12635K(13056K)->12635K(13056K) NonClass: 11551K(11712K)->11551K(11712K) Class: 1083K(1344K)->1083K(1344K)
[2025-12-25T06:17:23.984+0000][gc          ] GC(584) Pause Young (Normal) (G1 Evacuation Pause) 708M->95M(1024M) 11.886ms
[2025-12-25T06:17:23.984+0000][gc,cpu      ] GC(584) User=0.05s Sys=0.00s Real=0.01s
[2025-12-25T06:18:14.177+0000][gc,start    ] GC(585) Pause Young (Normal) (G1 Evacuation Pause)
[2025-12-25T06:18:14.178+0000][gc,task     ] GC(585) Using 8 workers of 8 for evacuation
[2025-12-25T06:18:14.185+0000][gc,phases   ] GC(585)   Pre Evacuate Collection Set: 1.1ms
[2025-12-25T06:18:14.185+0000][gc,phases   ] GC(585)   Merge Heap Roots: 0.2ms
[2025-12-25T06:18:14.185+0000][gc,phases   ] GC(585)   Evacuate Collection Set: 4.5ms
[2025-12-25T06:18:14.185+0000][gc,phases   ] GC(585)   Post Evacuate Collection Set: 1.1ms
[2025-12-25T06:18:14.185+0000][gc,phases   ] GC(585)   Other: 0.3ms
[2025-12-25T06:18:14.185+0000][gc,heap     ] GC(585) Eden regions: 613->0(612)
[2025-12-25T06:18:14.185+0000][gc,heap     ] GC(585) Survivor regions: 1->2(77)
[2025-12-25T06:18:14.185+0000][gc,heap     ] GC(585) Old regions: 55->55
[2025-12-25T06:18:14.185+0000][gc,heap     ] GC(585) Humongous regions: 40->40
[2025-12-25T06:18:14.185+0000][gc,metaspace] GC(585) Metaspace: 12635K(13056K)->12635K(13056K) NonClass: 11551K(11712K)->11551K(11712K) Class: 1083K(1344K)->1083K(1344K)
[2025-12-25T06:18:14.186+0000][gc          ] GC(585) Pause Young (Normal) (G1 Evacuation Pause) 708M->96M(1024M) 8.745ms
[2025-12-25T06:18:14.186+0000][gc,cpu      ] GC(585) User=0.04s Sys=0.00s Real=0.01s
[2025-12-25T06:19:13.954+0000][gc,start    ] GC(586) Pause Young (Normal) (G1 Evacuation Pause)
[2025-12-25T06:19:13.954+0000][gc,task     ] GC(586) Using 8 workers of 8 for evacuation
[2025-12-25T06:19:13.960+0000][gc,phases   ] GC(586)   Pre Evacuate Collection Set: 1.2ms
[2025-12-25T06:19:13.960+0000][gc,phases   ] GC(586)   Merge Heap Roots: 0.2ms
[2025-12-25T06:19:13.960+0000][gc,phases   ] GC(586)   Evacuate Collection Set: 3.1ms
[2025-12-25T06:19:13.960+0000][gc,phases   ] GC(586)   Post Evacuate Collection Set: 1.0ms
[2025-12-25T06:19:13.960+0000][gc,phases   ] GC(586)   Other: 0.2ms
[2025-12-25T06:19:13.960+0000][gc,heap     ] GC(586) Eden regions: 612->0(612)
[2025-12-25T06:19:13.960+0000][gc,heap     ] GC(586) Survivor regions: 2->2(77)
[2025-12-25T06:19:13.960+0000][gc,heap     ] GC(586) Old regions: 55->55
[2025-12-25T06:19:13.960+0000][gc,heap     ] GC(586) Humongous regions: 40->40
[2025-12-25T06:19:13.960+0000][gc,metaspace] GC(586) Metaspace: 12637K(13056K)->12637K(13056K) NonClass: 11553K(11712K)->11553K(11712K) Class: 1083K(1344K)->1083K(1344K)
[2025-12-25T06:19:13.960+0000][gc          ] GC(586) Pause Young (Normal) (G1 Evacuation Pause) 708M->95M(1024M) 6.658ms
[2025-12-25T06:19:13.960+0000][gc,cpu      ] GC(586) User=0.03s Sys=0.01s Real=0.01s
[2025-12-25T06:20:04.106+0000][gc,start    ] GC(587) Pause Young (Normal) (G1 Evacuation Pause)
[2025-12-25T06:20:04.106+0000][gc,task     ] GC(587) Using 8 workers of 8 for evacuation
[2025-12-25T06:20:04.112+0000][gc,phases   ] GC(587)   Pre Evacuate Collection Set: 1.0ms
[2025-12-25T06:20:04.113+0000][gc,phases   ] GC(587)   Merge Heap Roots: 0.2ms
[2025-12-25T06:20:04.113+0000][gc,phases   ] GC(587)   Evacuate Collection Set: 3.3ms
[2025-12-25T06:20:04.113+0000][gc,phases   ] GC(587)   Post Evacuate Collection Set: 1.5ms
[2025-12-25T06:20:04.113+0000][gc,phases   ] GC(587)   Other: 0.3ms
[2025-12-25T06:20:04.113+0000][gc,heap     ] GC(587) Eden regions: 612->0(612)
[2025-12-25T06:20:04.113+0000][gc,heap     ] GC(587) Survivor regions: 2->2(77)
[2025-12-25T06:20:04.113+0000][gc,heap     ] GC(587) Old regions: 55->55
[2025-12-25T06:20:04.113+0000][gc,heap     ] GC(587) Humongous regions: 40->40
[2025-12-25T06:20:04.113+0000][gc,metaspace] GC(587) Metaspace: 12637K(13056K)->12637K(13056K) NonClass: 11553K(11712K)->11553K(11712K) Class: 1083K(1344K)->1083K(1344K)
[2025-12-25T06:20:04.113+0000][gc          ] GC(587) Pause Young (Normal) (G1 Evacuation Pause) 707M->96M(1024M) 7.672ms
[2025-12-25T06:20:04.113+0000][gc,cpu      ] GC(587) User=0.03s Sys=0.00s Real=0.00s
[2025-12-25T06:21:03.927+0000][gc,start    ] GC(588) Pause Young (Normal) (G1 Evacuation Pause)
[2025-12-25T06:21:03.930+0000][gc,task     ] GC(588) Using 8 workers of 8 for evacuation
[2025-12-25T06:21:03.936+0000][gc,phases   ] GC(588)   Pre Evacuate Collection Set: 1.4ms
[2025-12-25T06:21:03.936+0000][gc,phases   ] GC(588)   Merge Heap Roots: 0.3ms
[2025-12-25T06:21:03.936+0000][gc,phases   ] GC(588)   Evacuate Collection Set: 3.3ms
[2025-12-25T06:21:03.936+0000][gc,phases   ] GC(588)   Post Evacuate Collection Set: 1.1ms
[2025-12-25T06:21:03.937+0000][gc,phases   ] GC(588)   Other: 2.7ms
[2025-12-25T06:21:03.937+0000][gc,heap     ] GC(588) Eden regions: 612->0(613)
[2025-12-25T06:21:03.937+0000][gc,heap     ] GC(588) Survivor regions: 2->1(77)
[2025-12-25T06:21:03.937+0000][gc,heap     ] GC(588) Old regions: 55->55
[2025-12-25T06:21:03.937+0000][gc,heap     ] GC(588) Humongous regions: 40->40
[2025-12-25T06:21:03.937+0000][gc,metaspace] GC(588) Metaspace: 12637K(13056K)->12637K(13056K) NonClass: 11553K(11712K)->11553K(11712K) Class: 1083K(1344K)->1083K(1344K)
[2025-12-25T06:21:03.937+0000][gc          ] GC(588) Pause Young (Normal) (G1 Evacuation Pause) 708M->95M(1024M) 10.035ms
[2025-12-25T06:21:03.937+0000][gc,cpu      ] GC(588) User=0.03s Sys=0.00s Real=0.01s
[2025-12-25T06:21:54.102+0000][gc,start    ] GC(589) Pause Young (Normal) (G1 Evacuation Pause)
[2025-12-25T06:21:54.103+0000][gc,task     ] GC(589) Using 8 workers of 8 for evacuation
[2025-12-25T06:21:54.120+0000][gc,phases   ] GC(589)   Pre Evacuate Collection Set: 4.9ms
[2025-12-25T06:21:54.120+0000][gc,phases   ] GC(589)   Merge Heap Roots: 0.6ms
[2025-12-25T06:21:54.120+0000][gc,phases   ] GC(589)   Evacuate Collection Set: 9.9ms
[2025-12-25T06:21:54.120+0000][gc,phases   ] GC(589)   Post Evacuate Collection Set: 1.3ms
[2025-12-25T06:21:54.121+0000][gc,phases   ] GC(589)   Other: 0.5ms
[2025-12-25T06:21:54.121+0000][gc,heap     ] GC(589) Eden regions: 613->0(612)
[2025-12-25T06:21:54.121+0000][gc,heap     ] GC(589) Survivor regions: 1->2(77)
[2025-12-25T06:21:54.121+0000][gc,heap     ] GC(589) Old regions: 55->55
[2025-12-25T06:21:54.121+0000][gc,heap     ] GC(589) Humongous regions: 40->40
[2025-12-25T06:21:54.121+0000][gc,metaspace] GC(589) Metaspace: 12637K(13056K)->12637K(13056K) NonClass: 11553K(11712K)->11553K(11712K) Class: 1083K(1344K)->1083K(1344K)
[2025-12-25T06:21:54.121+0000][gc          ] GC(589) Pause Young (Normal) (G1 Evacuation Pause) 708M->96M(1024M) 19.046ms
[2025-12-25T06:21:54.121+0000][gc,cpu      ] GC(589) User=0.10s Sys=0.00s Real=0.02s
[2025-12-25T06:22:53.873+0000][gc,start    ] GC(590) Pause Young (Normal) (G1 Evacuation Pause)
[2025-12-25T06:22:53.874+0000][gc,task     ] GC(590) Using 8 workers of 8 for evacuation
[2025-12-25T06:22:53.890+0000][gc,phases   ] GC(590)   Pre Evacuate Collection Set: 3.8ms
[2025-12-25T06:22:53.890+0000][gc,phases   ] GC(590)   Merge Heap Roots: 1.2ms
[2025-12-25T06:22:53.890+0000][gc,phases   ] GC(590)   Evacuate Collection Set: 8.5ms
[2025-12-25T06:22:53.890+0000][gc,phases   ] GC(590)   Post Evacuate Collection Set: 2.1ms
[2025-12-25T06:22:53.890+0000][gc,phases   ] GC(590)   Other: 0.3ms
[2025-12-25T06:22:53.890+0000][gc,heap     ] GC(590) Eden regions: 612->0(613)
[2025-12-25T06:22:53.890+0000][gc,heap     ] GC(590) Survivor regions: 2->1(77)
[2025-12-25T06:22:53.890+0000][gc,heap     ] GC(590) Old regions: 55->55
[2025-12-25T06:22:53.891+0000][gc,heap     ] GC(590) Humongous regions: 40->40
[2025-12-25T06:22:53.891+0000][gc,metaspace] GC(590) Metaspace: 12637K(13056K)->12637K(13056K) NonClass: 11553K(11712K)->11553K(11712K) Class: 1083K(1344K)->1083K(1344K)
[2025-12-25T06:22:53.891+0000][gc          ] GC(590) Pause Young (Normal) (G1 Evacuation Pause) 708M->95M(1024M) 17.527ms
[2025-12-25T06:22:53.891+0000][gc,cpu      ] GC(590) User=0.09s Sys=0.01s Real=0.02s
[2025-12-25T06:23:44.046+0000][gc,start    ] GC(591) Pause Young (Normal) (G1 Evacuation Pause)
[2025-12-25T06:23:44.046+0000][gc,task     ] GC(591) Using 8 workers of 8 for evacuation
[2025-12-25T06:23:44.062+0000][gc,phases   ] GC(591)   Pre Evacuate Collection Set: 1.0ms
[2025-12-25T06:23:44.063+0000][gc,phases   ] GC(591)   Merge Heap Roots: 0.2ms
[2025-12-25T06:23:44.063+0000][gc,phases   ] GC(591)   Evacuate Collection Set: 10.4ms
[2025-12-25T06:23:44.063+0000][gc,phases   ] GC(591)   Post Evacuate Collection Set: 3.7ms
[2025-12-25T06:23:44.063+0000][gc,phases   ] GC(591)   Other: 0.3ms
[2025-12-25T06:23:44.063+0000][gc,heap     ] GC(591) Eden regions: 613->0(612)
[2025-12-25T06:23:44.063+0000][gc,heap     ] GC(591) Survivor regions: 1->2(77)
[2025-12-25T06:23:44.063+0000][gc,heap     ] GC(591) Old regions: 55->55
[2025-12-25T06:23:44.063+0000][gc,heap     ] GC(591) Humongous regions: 40->40
[2025-12-25T06:23:44.064+0000][gc,metaspace] GC(591) Metaspace: 12637K(13056K)->12637K(13056K) NonClass: 11553K(11712K)->11553K(11712K) Class: 1083K(1344K)->1083K(1344K)
[2025-12-25T06:23:44.064+0000][gc          ] GC(591) Pause Young (Normal) (G1 Evacuation Pause) 708M->96M(1024M) 18.351ms
[2025-12-25T06:23:44.064+0000][gc,cpu      ] GC(591) User=0.10s Sys=0.00s Real=0.02s
[2025-12-25T06:24:34.216+0000][gc,start    ] GC(592) Pause Young (Normal) (G1 Evacuation Pause)
[2025-12-25T06:24:34.216+0000][gc,task     ] GC(592) Using 8 workers of 8 for evacuation
[2025-12-25T06:24:34.225+0000][gc,phases   ] GC(592)   Pre Evacuate Collection Set: 1.0ms
[2025-12-25T06:24:34.225+0000][gc,phases   ] GC(592)   Merge Heap Roots: 0.2ms
[2025-12-25T06:24:34.225+0000][gc,phases   ] GC(592)   Evacuate Collection Set: 6.1ms
[2025-12-25T06:24:34.225+0000][gc,phases   ] GC(592)   Post Evacuate Collection Set: 1.0ms
[2025-12-25T06:24:34.225+0000][gc,phases   ] GC(592)   Other: 0.3ms
[2025-12-25T06:24:34.225+0000][gc,heap     ] GC(592) Eden regions: 612->0(612)
[2025-12-25T06:24:34.225+0000][gc,heap     ] GC(592) Survivor regions: 2->2(77)
[2025-12-25T06:24:34.225+0000][gc,heap     ] GC(592) Old regions: 55->55
[2025-12-25T06:24:34.225+0000][gc,heap     ] GC(592) Humongous regions: 40->40
[2025-12-25T06:24:34.225+0000][gc,metaspace] GC(592) Metaspace: 12637K(13056K)->12637K(13056K) NonClass: 11553K(11712K)->11553K(11712K) Class: 1083K(1344K)->1083K(1344K)
[2025-12-25T06:24:34.225+0000][gc          ] GC(592) Pause Young (Normal) (G1 Evacuation Pause) 708M->96M(1024M) 9.664ms
[2025-12-25T06:24:34.225+0000][gc,cpu      ] GC(592) User=0.06s Sys=0.00s Real=0.01s
[2025-12-25T06:25:34.036+0000][gc,start    ] GC(593) Pause Young (Normal) (G1 Evacuation Pause)
[2025-12-25T06:25:34.036+0000][gc,task     ] GC(593) Using 8 workers of 8 for evacuation
[2025-12-25T06:25:34.045+0000][gc,phases   ] GC(593)   Pre Evacuate Collection Set: 3.2ms
[2025-12-25T06:25:34.045+0000][gc,phases   ] GC(593)   Merge Heap Roots: 0.8ms
[2025-12-25T06:25:34.045+0000][gc,phases   ] GC(593)   Evacuate Collection Set: 3.0ms
[2025-12-25T06:25:34.045+0000][gc,phases   ] GC(593)   Post Evacuate Collection Set: 1.0ms
[2025-12-25T06:25:34.045+0000][gc,phases   ] GC(593)   Other: 0.3ms
[2025-12-25T06:25:34.045+0000][gc,heap     ] GC(593) Eden regions: 612->0(612)
[2025-12-25T06:25:34.045+0000][gc,heap     ] GC(593) Survivor regions: 2->2(77)
[2025-12-25T06:25:34.045+0000][gc,heap     ] GC(593) Old regions: 55->55
[2025-12-25T06:25:34.045+0000][gc,heap     ] GC(593) Humongous regions: 40->40
[2025-12-25T06:25:34.045+0000][gc,metaspace] GC(593) Metaspace: 12638K(13056K)->12638K(13056K) NonClass: 11554K(11712K)->11554K(11712K) Class: 1083K(1344K)->1083K(1344K)
[2025-12-25T06:25:34.045+0000][gc          ] GC(593) Pause Young (Normal) (G1 Evacuation Pause) 708M->96M(1024M) 9.390ms
[2025-12-25T06:25:34.045+0000][gc,cpu      ] GC(593) User=0.04s Sys=0.00s Real=0.01s
[2025-12-25T06:26:24.221+0000][gc,start    ] GC(594) Pause Young (Normal) (G1 Evacuation Pause)
[2025-12-25T06:26:24.222+0000][gc,task     ] GC(594) Using 8 workers of 8 for evacuation
[2025-12-25T06:26:24.230+0000][gc,phases   ] GC(594)   Pre Evacuate Collection Set: 1.0ms
[2025-12-25T06:26:24.230+0000][gc,phases   ] GC(594)   Merge Heap Roots: 0.2ms
[2025-12-25T06:26:24.231+0000][gc,phases   ] GC(594)   Evacuate Collection Set: 3.7ms
[2025-12-25T06:26:24.231+0000][gc,phases   ] GC(594)   Post Evacuate Collection Set: 3.3ms
[2025-12-25T06:26:24.231+0000][gc,phases   ] GC(594)   Other: 0.3ms
[2025-12-25T06:26:24.231+0000][gc,heap     ] GC(594) Eden regions: 612->0(611)
[2025-12-25T06:26:24.231+0000][gc,heap     ] GC(594) Survivor regions: 2->3(77)
[2025-12-25T06:26:24.231+0000][gc,heap     ] GC(594) Old regions: 55->55
[2025-12-25T06:26:24.231+0000][gc,heap     ] GC(594) Humongous regions: 40->40
[2025-12-25T06:26:24.231+0000][gc,metaspace] GC(594) Metaspace: 12638K(13056K)->12638K(13056K) NonClass: 11554K(11712K)->11554K(11712K) Class: 1083K(1344K)->1083K(1344K)
[2025-12-25T06:26:24.231+0000][gc          ] GC(594) Pause Young (Normal) (G1 Evacuation Pause) 708M->96M(1024M) 9.796ms
[2025-12-25T06:26:24.231+0000][gc,cpu      ] GC(594) User=0.05s Sys=0.01s Real=0.01s
[2025-12-25T06:27:24.006+0000][gc,start    ] GC(595) Pause Young (Normal) (G1 Evacuation Pause)
[2025-12-25T06:27:24.007+0000][gc,task     ] GC(595) Using 8 workers of 8 for evacuation
[2025-12-25T06:27:24.021+0000][gc,phases   ] GC(595)   Pre Evacuate Collection Set: 1.3ms
[2025-12-25T06:27:24.021+0000][gc,phases   ] GC(595)   Merge Heap Roots: 0.5ms
[2025-12-25T06:27:24.021+0000][gc,phases   ] GC(595)   Evacuate Collection Set: 10.7ms
[2025-12-25T06:27:24.021+0000][gc,phases   ] GC(595)   Post Evacuate Collection Set: 1.5ms
[2025-12-25T06:27:24.021+0000][gc,phases   ] GC(595)   Other: 0.2ms
[2025-12-25T06:27:24.021+0000][gc,heap     ] GC(595) Eden regions: 611->0(612)
[2025-12-25T06:27:24.021+0000][gc,heap     ] GC(595) Survivor regions: 3->2(77)
[2025-12-25T06:27:24.021+0000][gc,heap     ] GC(595) Old regions: 55->55
[2025-12-25T06:27:24.021+0000][gc,heap     ] GC(595) Humongous regions: 40->40
[2025-12-25T06:27:24.022+0000][gc,metaspace] GC(595) Metaspace: 12638K(13056K)->12638K(13056K) NonClass: 11554K(11712K)->11554K(11712K) Class: 1083K(1344K)->1083K(1344K)
[2025-12-25T06:27:24.022+0000][gc          ] GC(595) Pause Young (Normal) (G1 Evacuation Pause) 707M->96M(1024M) 15.375ms
[2025-12-25T06:27:24.022+0000][gc,cpu      ] GC(595) User=0.08s Sys=0.00s Real=0.01s
[2025-12-25T06:28:14.171+0000][gc,start    ] GC(596) Pause Young (Normal) (G1 Evacuation Pause)
[2025-12-25T06:28:14.172+0000][gc,task     ] GC(596) Using 8 workers of 8 for evacuation
[2025-12-25T06:28:14.182+0000][gc,phases   ] GC(596)   Pre Evacuate Collection Set: 1.6ms
[2025-12-25T06:28:14.182+0000][gc,phases   ] GC(596)   Merge Heap Roots: 0.3ms
[2025-12-25T06:28:14.182+0000][gc,phases   ] GC(596)   Evacuate Collection Set: 6.7ms
[2025-12-25T06:28:14.182+0000][gc,phases   ] GC(596)   Post Evacuate Collection Set: 1.0ms
[2025-12-25T06:28:14.182+0000][gc,phases   ] GC(596)   Other: 0.3ms
[2025-12-25T06:28:14.182+0000][gc,heap     ] GC(596) Eden regions: 612->0(612)
[2025-12-25T06:28:14.182+0000][gc,heap     ] GC(596) Survivor regions: 2->2(77)
[2025-12-25T06:28:14.182+0000][gc,heap     ] GC(596) Old regions: 55->55
[2025-12-25T06:28:14.182+0000][gc,heap     ] GC(596) Humongous regions: 40->40
[2025-12-25T06:28:14.182+0000][gc,metaspace] GC(596) Metaspace: 12638K(13056K)->12638K(13056K) NonClass: 11554K(11712K)->11554K(11712K) Class: 1083K(1344K)->1083K(1344K)
[2025-12-25T06:28:14.182+0000][gc          ] GC(596) Pause Young (Normal) (G1 Evacuation Pause) 708M->96M(1024M) 11.018ms
[2025-12-25T06:28:14.182+0000][gc,cpu      ] GC(596) User=0.05s Sys=0.00s Real=0.01s
[2025-12-25T06:29:14.022+0000][gc,start    ] GC(597) Pause Young (Normal) (G1 Evacuation Pause)
[2025-12-25T06:29:14.022+0000][gc,task     ] GC(597) Using 8 workers of 8 for evacuation
[2025-12-25T06:29:14.032+0000][gc,phases   ] GC(597)   Pre Evacuate Collection Set: 1.2ms
[2025-12-25T06:29:14.032+0000][gc,phases   ] GC(597)   Merge Heap Roots: 0.2ms
[2025-12-25T06:29:14.032+0000][gc,phases   ] GC(597)   Evacuate Collection Set: 5.7ms
[2025-12-25T06:29:14.032+0000][gc,phases   ] GC(597)   Post Evacuate Collection Set: 2.2ms
[2025-12-25T06:29:14.032+0000][gc,phases   ] GC(597)   Other: 0.2ms
[2025-12-25T06:29:14.032+0000][gc,heap     ] GC(597) Eden regions: 612->0(612)
[2025-12-25T06:29:14.032+0000][gc,heap     ] GC(597) Survivor regions: 2->2(77)
[2025-12-25T06:29:14.032+0000][gc,heap     ] GC(597) Old regions: 55->55
[2025-12-25T06:29:14.032+0000][gc,heap     ] GC(597) Humongous regions: 40->40
[2025-12-25T06:29:14.032+0000][gc,metaspace] GC(597) Metaspace: 12638K(13056K)->12638K(13056K) NonClass: 11554K(11712K)->11554K(11712K) Class: 1083K(1344K)->1083K(1344K)
[2025-12-25T06:29:14.032+0000][gc          ] GC(597) Pause Young (Normal) (G1 Evacuation Pause) 708M->95M(1024M) 10.731ms
[2025-12-25T06:29:14.032+0000][gc,cpu      ] GC(597) User=0.06s Sys=0.00s Real=0.01s
[2025-12-25T06:30:04.196+0000][gc,start    ] GC(598) Pause Young (Normal) (G1 Evacuation Pause)
[2025-12-25T06:30:04.196+0000][gc,task     ] GC(598) Using 8 workers of 8 for evacuation
[2025-12-25T06:30:04.204+0000][gc,phases   ] GC(598)   Pre Evacuate Collection Set: 1.6ms
[2025-12-25T06:30:04.204+0000][gc,phases   ] GC(598)   Merge Heap Roots: 0.2ms
[2025-12-25T06:30:04.204+0000][gc,phases   ] GC(598)   Evacuate Collection Set: 3.6ms
[2025-12-25T06:30:04.204+0000][gc,phases   ] GC(598)   Post Evacuate Collection Set: 1.9ms
[2025-12-25T06:30:04.204+0000][gc,phases   ] GC(598)   Other: 0.2ms
[2025-12-25T06:30:04.204+0000][gc,heap     ] GC(598) Eden regions: 612->0(612)
[2025-12-25T06:30:04.204+0000][gc,heap     ] GC(598) Survivor regions: 2->2(77)
[2025-12-25T06:30:04.204+0000][gc,heap     ] GC(598) Old regions: 55->55
[2025-12-25T06:30:04.204+0000][gc,heap     ] GC(598) Humongous regions: 40->40
[2025-12-25T06:30:04.204+0000][gc,metaspace] GC(598) Metaspace: 12638K(13056K)->12638K(13056K) NonClass: 11554K(11712K)->11554K(11712K) Class: 1083K(1344K)->1083K(1344K)
[2025-12-25T06:30:04.205+0000][gc          ] GC(598) Pause Young (Normal) (G1 Evacuation Pause) 707M->96M(1024M) 8.704ms
[2025-12-25T06:30:04.205+0000][gc,cpu      ] GC(598) User=0.05s Sys=0.00s Real=0.01s
[2025-12-25T06:31:04.026+0000][gc,start    ] GC(599) Pause Young (Normal) (G1 Evacuation Pause)
[2025-12-25T06:31:04.027+0000][gc,task     ] GC(599) Using 8 workers of 8 for evacuation
[2025-12-25T06:31:04.037+0000][gc,phases   ] GC(599)   Pre Evacuate Collection Set: 1.5ms
[2025-12-25T06:31:04.037+0000][gc,phases   ] GC(599)   Merge Heap Roots: 0.3ms
[2025-12-25T06:31:04.037+0000][gc,phases   ] GC(599)   Evacuate Collection Set: 5.5ms
[2025-12-25T06:31:04.037+0000][gc,phases   ] GC(599)   Post Evacuate Collection Set: 2.6ms
[2025-12-25T06:31:04.037+0000][gc,phases   ] GC(599)   Other: 0.3ms
[2025-12-25T06:31:04.037+0000][gc,heap     ] GC(599) Eden regions: 612->0(613)
[2025-12-25T06:31:04.037+0000][gc,heap     ] GC(599) Survivor regions: 2->1(77)
[2025-12-25T06:31:04.037+0000][gc,heap     ] GC(599) Old regions: 55->56
[2025-12-25T06:31:04.037+0000][gc,heap     ] GC(599) Humongous regions: 40->40
[2025-12-25T06:31:04.037+0000][gc,metaspace] GC(599) Metaspace: 12638K(13056K)->12638K(13056K) NonClass: 11554K(11712K)->11554K(11712K) Class: 1083K(1344K)->1083K(1344K)
[2025-12-25T06:31:04.038+0000][gc          ] GC(599) Pause Young (Normal) (G1 Evacuation Pause) 708M->95M(1024M) 11.825ms
[2025-12-25T06:31:04.038+0000][gc,cpu      ] GC(599) User=0.04s Sys=0.01s Real=0.01s
[2025-12-25T06:31:54.166+0000][gc,start    ] GC(600) Pause Young (Normal) (G1 Evacuation Pause)
[2025-12-25T06:31:54.167+0000][gc,task     ] GC(600) Using 8 workers of 8 for evacuation
[2025-12-25T06:31:54.179+0000][gc,phases   ] GC(600)   Pre Evacuate Collection Set: 1.1ms
[2025-12-25T06:31:54.180+0000][gc,phases   ] GC(600)   Merge Heap Roots: 0.2ms
[2025-12-25T06:31:54.180+0000][gc,phases   ] GC(600)   Evacuate Collection Set: 9.4ms
[2025-12-25T06:31:54.180+0000][gc,phases   ] GC(600)   Post Evacuate Collection Set: 1.8ms
[2025-12-25T06:31:54.180+0000][gc,phases   ] GC(600)   Other: 0.2ms
[2025-12-25T06:31:54.180+0000][gc,heap     ] GC(600) Eden regions: 613->0(612)
[2025-12-25T06:31:54.180+0000][gc,heap     ] GC(600) Survivor regions: 1->2(77)
[2025-12-25T06:31:54.180+0000][gc,heap     ] GC(600) Old regions: 56->56
[2025-12-25T06:31:54.180+0000][gc,heap     ] GC(600) Humongous regions: 40->40
[2025-12-25T06:31:54.180+0000][gc,metaspace] GC(600) Metaspace: 12638K(13056K)->12638K(13056K) NonClass: 11554K(11712K)->11554K(11712K) Class: 1083K(1344K)->1083K(1344K)
[2025-12-25T06:31:54.180+0000][gc          ] GC(600) Pause Young (Normal) (G1 Evacuation Pause) 708M->96M(1024M) 13.894ms
[2025-12-25T06:31:54.180+0000][gc,cpu      ] GC(600) User=0.09s Sys=0.00s Real=0.01s
[2025-12-25T06:32:53.966+0000][gc,start    ] GC(601) Pause Young (Normal) (G1 Evacuation Pause)
[2025-12-25T06:32:53.967+0000][gc,task     ] GC(601) Using 8 workers of 8 for evacuation
[2025-12-25T06:32:53.974+0000][gc,phases   ] GC(601)   Pre Evacuate Collection Set: 1.3ms
[2025-12-25T06:32:53.974+0000][gc,phases   ] GC(601)   Merge Heap Roots: 0.2ms
[2025-12-25T06:32:53.974+0000][gc,phases   ] GC(601)   Evacuate Collection Set: 3.1ms
[2025-12-25T06:32:53.974+0000][gc,phases   ] GC(601)   Post Evacuate Collection Set: 1.8ms
[2025-12-25T06:32:53.974+0000][gc,phases   ] GC(601)   Other: 0.3ms
[2025-12-25T06:32:53.974+0000][gc,heap     ] GC(601) Eden regions: 612->0(613)
[2025-12-25T06:32:53.974+0000][gc,heap     ] GC(601) Survivor regions: 2->1(77)
[2025-12-25T06:32:53.974+0000][gc,heap     ] GC(601) Old regions: 56->56
[2025-12-25T06:32:53.974+0000][gc,heap     ] GC(601) Humongous regions: 40->40
[2025-12-25T06:32:53.974+0000][gc,metaspace] GC(601) Metaspace: 12638K(13056K)->12638K(13056K) NonClass: 11554K(11712K)->11554K(11712K) Class: 1083K(1344K)->1083K(1344K)
[2025-12-25T06:32:53.975+0000][gc          ] GC(601) Pause Young (Normal) (G1 Evacuation Pause) 708M->95M(1024M) 8.089ms
[2025-12-25T06:32:53.975+0000][gc,cpu      ] GC(601) User=0.03s Sys=0.01s Real=0.01s
[2025-12-25T06:33:44.159+0000][gc,start    ] GC(602) Pause Young (Normal) (G1 Evacuation Pause)
[2025-12-25T06:33:44.159+0000][gc,task     ] GC(602) Using 8 workers of 8 for evacuation
[2025-12-25T06:33:44.168+0000][gc,phases   ] GC(602)   Pre Evacuate Collection Set: 1.3ms
[2025-12-25T06:33:44.168+0000][gc,phases   ] GC(602)   Merge Heap Roots: 0.2ms
[2025-12-25T06:33:44.168+0000][gc,phases   ] GC(602)   Evacuate Collection Set: 5.7ms
[2025-12-25T06:33:44.168+0000][gc,phases   ] GC(602)   Post Evacuate Collection Set: 1.6ms
[2025-12-25T06:33:44.168+0000][gc,phases   ] GC(602)   Other: 0.2ms
[2025-12-25T06:33:44.169+0000][gc,heap     ] GC(602) Eden regions: 613->0(612)
[2025-12-25T06:33:44.169+0000][gc,heap     ] GC(602) Survivor regions: 1->2(77)
[2025-12-25T06:33:44.169+0000][gc,heap     ] GC(602) Old regions: 56->56
[2025-12-25T06:33:44.169+0000][gc,heap     ] GC(602) Humongous regions: 40->40
[2025-12-25T06:33:44.169+0000][gc,metaspace] GC(602) Metaspace: 12642K(13056K)->12642K(13056K) NonClass: 11558K(11712K)->11558K(11712K) Class: 1083K(1344K)->1083K(1344K)
[2025-12-25T06:33:44.169+0000][gc          ] GC(602) Pause Young (Normal) (G1 Evacuation Pause) 708M->96M(1024M) 10.239ms
[2025-12-25T06:33:44.169+0000][gc,cpu      ] GC(602) User=0.05s Sys=0.00s Real=0.01s
[2025-12-25T06:34:43.956+0000][gc,start    ] GC(603) Pause Young (Normal) (G1 Evacuation Pause)
[2025-12-25T06:34:43.956+0000][gc,task     ] GC(603) Using 8 workers of 8 for evacuation
[2025-12-25T06:34:43.963+0000][gc,phases   ] GC(603)   Pre Evacuate Collection Set: 1.3ms
[2025-12-25T06:34:43.963+0000][gc,phases   ] GC(603)   Merge Heap Roots: 0.3ms
[2025-12-25T06:34:43.963+0000][gc,phases   ] GC(603)   Evacuate Collection Set: 2.9ms
[2025-12-25T06:34:43.963+0000][gc,phases   ] GC(603)   Post Evacuate Collection Set: 1.2ms
[2025-12-25T06:34:43.963+0000][gc,phases   ] GC(603)   Other: 0.4ms
[2025-12-25T06:34:43.963+0000][gc,heap     ] GC(603) Eden regions: 612->0(613)
[2025-12-25T06:34:43.963+0000][gc,heap     ] GC(603) Survivor regions: 2->1(77)
[2025-12-25T06:34:43.963+0000][gc,heap     ] GC(603) Old regions: 56->56
[2025-12-25T06:34:43.963+0000][gc,heap     ] GC(603) Humongous regions: 40->40
[2025-12-25T06:34:43.963+0000][gc,metaspace] GC(603) Metaspace: 12642K(13056K)->12642K(13056K) NonClass: 11558K(11712K)->11558K(11712K) Class: 1083K(1344K)->1083K(1344K)
[2025-12-25T06:34:43.963+0000][gc          ] GC(603) Pause Young (Normal) (G1 Evacuation Pause) 708M->95M(1024M) 7.539ms
[2025-12-25T06:34:43.963+0000][gc,cpu      ] GC(603) User=0.03s Sys=0.01s Real=0.01s
[2025-12-25T06:35:34.172+0000][gc,start    ] GC(604) Pause Young (Normal) (G1 Evacuation Pause)
[2025-12-25T06:35:34.173+0000][gc,task     ] GC(604) Using 8 workers of 8 for evacuation
[2025-12-25T06:35:34.178+0000][gc,phases   ] GC(604)   Pre Evacuate Collection Set: 1.1ms
[2025-12-25T06:35:34.178+0000][gc,phases   ] GC(604)   Merge Heap Roots: 0.2ms
[2025-12-25T06:35:34.178+0000][gc,phases   ] GC(604)   Evacuate Collection Set: 2.7ms
[2025-12-25T06:35:34.178+0000][gc,phases   ] GC(604)   Post Evacuate Collection Set: 1.0ms
[2025-12-25T06:35:34.179+0000][gc,phases   ] GC(604)   Other: 0.3ms
[2025-12-25T06:35:34.179+0000][gc,heap     ] GC(604) Eden regions: 613->0(612)
[2025-12-25T06:35:34.179+0000][gc,heap     ] GC(604) Survivor regions: 1->2(77)
[2025-12-25T06:35:34.179+0000][gc,heap     ] GC(604) Old regions: 56->56
[2025-12-25T06:35:34.179+0000][gc,heap     ] GC(604) Humongous regions: 40->40
[2025-12-25T06:35:34.179+0000][gc,metaspace] GC(604) Metaspace: 12642K(13056K)->12642K(13056K) NonClass: 11558K(11712K)->11558K(11712K) Class: 1083K(1344K)->1083K(1344K)
[2025-12-25T06:35:34.179+0000][gc          ] GC(604) Pause Young (Normal) (G1 Evacuation Pause) 708M->96M(1024M) 6.662ms
[2025-12-25T06:35:34.179+0000][gc,cpu      ] GC(604) User=0.03s Sys=0.00s Real=0.00s
[2025-12-25T06:36:33.904+0000][gc,start    ] GC(605) Pause Young (Normal) (G1 Evacuation Pause)
[2025-12-25T06:36:33.904+0000][gc,task     ] GC(605) Using 8 workers of 8 for evacuation
[2025-12-25T06:36:33.918+0000][gc,phases   ] GC(605)   Pre Evacuate Collection Set: 3.1ms
[2025-12-25T06:36:33.918+0000][gc,phases   ] GC(605)   Merge Heap Roots: 0.6ms
[2025-12-25T06:36:33.918+0000][gc,phases   ] GC(605)   Evacuate Collection Set: 8.0ms
[2025-12-25T06:36:33.919+0000][gc,phases   ] GC(605)   Post Evacuate Collection Set: 1.6ms
[2025-12-25T06:36:33.919+0000][gc,phases   ] GC(605)   Other: 0.5ms
[2025-12-25T06:36:33.919+0000][gc,heap     ] GC(605) Eden regions: 612->0(613)
[2025-12-25T06:36:33.919+0000][gc,heap     ] GC(605) Survivor regions: 2->1(77)
[2025-12-25T06:36:33.919+0000][gc,heap     ] GC(605) Old regions: 56->56
[2025-12-25T06:36:33.919+0000][gc,heap     ] GC(605) Humongous regions: 40->40
[2025-12-25T06:36:33.919+0000][gc,metaspace] GC(605) Metaspace: 12642K(13056K)->12642K(13056K) NonClass: 11558K(11712K)->11558K(11712K) Class: 1083K(1344K)->1083K(1344K)
[2025-12-25T06:36:33.919+0000][gc          ] GC(605) Pause Young (Normal) (G1 Evacuation Pause) 708M->95M(1024M) 15.215ms
[2025-12-25T06:36:33.919+0000][gc,cpu      ] GC(605) User=0.08s Sys=0.00s Real=0.01s
[2025-12-25T06:37:24.098+0000][gc,start    ] GC(606) Pause Young (Normal) (G1 Evacuation Pause)
[2025-12-25T06:37:24.099+0000][gc,task     ] GC(606) Using 8 workers of 8 for evacuation
[2025-12-25T06:37:24.109+0000][gc,phases   ] GC(606)   Pre Evacuate Collection Set: 1.1ms
[2025-12-25T06:37:24.109+0000][gc,phases   ] GC(606)   Merge Heap Roots: 0.2ms
[2025-12-25T06:37:24.109+0000][gc,phases   ] GC(606)   Evacuate Collection Set: 7.0ms
[2025-12-25T06:37:24.109+0000][gc,phases   ] GC(606)   Post Evacuate Collection Set: 1.1ms
[2025-12-25T06:37:24.109+0000][gc,phases   ] GC(606)   Other: 0.2ms
[2025-12-25T06:37:24.109+0000][gc,heap     ] GC(606) Eden regions: 613->0(612)
[2025-12-25T06:37:24.109+0000][gc,heap     ] GC(606) Survivor regions: 1->2(77)
[2025-12-25T06:37:24.109+0000][gc,heap     ] GC(606) Old regions: 56->56
[2025-12-25T06:37:24.109+0000][gc,heap     ] GC(606) Humongous regions: 40->40
[2025-12-25T06:37:24.109+0000][gc,metaspace] GC(606) Metaspace: 12642K(13056K)->12642K(13056K) NonClass: 11558K(11712K)->11558K(11712K) Class: 1083K(1344K)->1083K(1344K)
[2025-12-25T06:37:24.110+0000][gc          ] GC(606) Pause Young (Normal) (G1 Evacuation Pause) 708M->96M(1024M) 11.308ms
[2025-12-25T06:37:24.110+0000][gc,cpu      ] GC(606) User=0.06s Sys=0.00s Real=0.01s
[2025-12-25T06:38:14.258+0000][gc,start    ] GC(607) Pause Young (Normal) (G1 Evacuation Pause)
[2025-12-25T06:38:14.259+0000][gc,task     ] GC(607) Using 8 workers of 8 for evacuation
[2025-12-25T06:38:14.266+0000][gc,phases   ] GC(607)   Pre Evacuate Collection Set: 1.1ms
[2025-12-25T06:38:14.267+0000][gc,phases   ] GC(607)   Merge Heap Roots: 0.2ms
[2025-12-25T06:38:14.267+0000][gc,phases   ] GC(607)   Evacuate Collection Set: 4.5ms
[2025-12-25T06:38:14.267+0000][gc,phases   ] GC(607)   Post Evacuate Collection Set: 1.5ms
[2025-12-25T06:38:14.267+0000][gc,phases   ] GC(607)   Other: 0.2ms
[2025-12-25T06:38:14.267+0000][gc,heap     ] GC(607) Eden regions: 612->0(612)
[2025-12-25T06:38:14.267+0000][gc,heap     ] GC(607) Survivor regions: 2->2(77)
[2025-12-25T06:38:14.267+0000][gc,heap     ] GC(607) Old regions: 56->56
[2025-12-25T06:38:14.267+0000][gc,heap     ] GC(607) Humongous regions: 40->40
[2025-12-25T06:38:14.267+0000][gc,metaspace] GC(607) Metaspace: 12642K(13056K)->12642K(13056K) NonClass: 11558K(11712K)->11558K(11712K) Class: 1083K(1344K)->1083K(1344K)
[2025-12-25T06:38:14.267+0000][gc          ] GC(607) Pause Young (Normal) (G1 Evacuation Pause) 708M->96M(1024M) 8.723ms
[2025-12-25T06:38:14.267+0000][gc,cpu      ] GC(607) User=0.05s Sys=0.00s Real=0.01s
[2025-12-25T06:39:14.076+0000][gc,start    ] GC(608) Pause Young (Normal) (G1 Evacuation Pause)
[2025-12-25T06:39:14.076+0000][gc,task     ] GC(608) Using 8 workers of 8 for evacuation
[2025-12-25T06:39:14.085+0000][gc,phases   ] GC(608)   Pre Evacuate Collection Set: 0.9ms
[2025-12-25T06:39:14.085+0000][gc,phases   ] GC(608)   Merge Heap Roots: 0.2ms
[2025-12-25T06:39:14.085+0000][gc,phases   ] GC(608)   Evacuate Collection Set: 5.4ms
[2025-12-25T06:39:14.086+0000][gc,phases   ] GC(608)   Post Evacuate Collection Set: 2.4ms
[2025-12-25T06:39:14.086+0000][gc,phases   ] GC(608)   Other: 0.2ms
[2025-12-25T06:39:14.086+0000][gc,heap     ] GC(608) Eden regions: 612->0(612)
[2025-12-25T06:39:14.086+0000][gc,heap     ] GC(608) Survivor regions: 2->2(77)
[2025-12-25T06:39:14.086+0000][gc,heap     ] GC(608) Old regions: 56->56
[2025-12-25T06:39:14.086+0000][gc,heap     ] GC(608) Humongous regions: 40->40
[2025-12-25T06:39:14.086+0000][gc,metaspace] GC(608) Metaspace: 12642K(13056K)->12642K(13056K) NonClass: 11558K(11712K)->11558K(11712K) Class: 1083K(1344K)->1083K(1344K)
[2025-12-25T06:39:14.086+0000][gc          ] GC(608) Pause Young (Normal) (G1 Evacuation Pause) 708M->96M(1024M) 10.320ms
[2025-12-25T06:39:14.086+0000][gc,cpu      ] GC(608) User=0.06s Sys=0.00s Real=0.01s
[2025-12-25T06:40:04.235+0000][gc,start    ] GC(609) Pause Young (Normal) (G1 Evacuation Pause)
[2025-12-25T06:40:04.235+0000][gc,task     ] GC(609) Using 8 workers of 8 for evacuation
[2025-12-25T06:40:04.242+0000][gc,phases   ] GC(609)   Pre Evacuate Collection Set: 1.1ms
[2025-12-25T06:40:04.242+0000][gc,phases   ] GC(609)   Merge Heap Roots: 0.2ms
[2025-12-25T06:40:04.242+0000][gc,phases   ] GC(609)   Evacuate Collection Set: 2.8ms
[2025-12-25T06:40:04.242+0000][gc,phases   ] GC(609)   Post Evacuate Collection Set: 2.2ms
[2025-12-25T06:40:04.242+0000][gc,phases   ] GC(609)   Other: 0.2ms
[2025-12-25T06:40:04.242+0000][gc,heap     ] GC(609) Eden regions: 612->0(612)
[2025-12-25T06:40:04.242+0000][gc,heap     ] GC(609) Survivor regions: 2->2(77)
[2025-12-25T06:40:04.242+0000][gc,heap     ] GC(609) Old regions: 56->56
[2025-12-25T06:40:04.242+0000][gc,heap     ] GC(609) Humongous regions: 40->40
[2025-12-25T06:40:04.242+0000][gc,metaspace] GC(609) Metaspace: 12642K(13056K)->12642K(13056K) NonClass: 11558K(11712K)->11558K(11712K) Class: 1083K(1344K)->1083K(1344K)
[2025-12-25T06:40:04.242+0000][gc          ] GC(609) Pause Young (Normal) (G1 Evacuation Pause) 708M->97M(1024M) 7.797ms
[2025-12-25T06:40:04.242+0000][gc,cpu      ] GC(609) User=0.04s Sys=0.00s Real=0.01s
[2025-12-25T06:41:04.054+0000][gc,start    ] GC(610) Pause Young (Normal) (G1 Evacuation Pause)
[2025-12-25T06:41:04.056+0000][gc,task     ] GC(610) Using 8 workers of 8 for evacuation
[2025-12-25T06:41:04.069+0000][gc,phases   ] GC(610)   Pre Evacuate Collection Set: 4.5ms
[2025-12-25T06:41:04.069+0000][gc,phases   ] GC(610)   Merge Heap Roots: 0.7ms
[2025-12-25T06:41:04.069+0000][gc,phases   ] GC(610)   Evacuate Collection Set: 4.9ms
[2025-12-25T06:41:04.069+0000][gc,phases   ] GC(610)   Post Evacuate Collection Set: 1.2ms
[2025-12-25T06:41:04.069+0000][gc,phases   ] GC(610)   Other: 1.7ms
[2025-12-25T06:41:04.069+0000][gc,heap     ] GC(610) Eden regions: 612->0(612)
[2025-12-25T06:41:04.069+0000][gc,heap     ] GC(610) Survivor regions: 2->2(77)
[2025-12-25T06:41:04.069+0000][gc,heap     ] GC(610) Old regions: 56->56
[2025-12-25T06:41:04.069+0000][gc,heap     ] GC(610) Humongous regions: 40->40
[2025-12-25T06:41:04.070+0000][gc,metaspace] GC(610) Metaspace: 12642K(13056K)->12642K(13056K) NonClass: 11558K(11712K)->11558K(11712K) Class: 1083K(1344K)->1083K(1344K)
[2025-12-25T06:41:04.070+0000][gc          ] GC(610) Pause Young (Normal) (G1 Evacuation Pause) 709M->96M(1024M) 15.884ms
[2025-12-25T06:41:04.070+0000][gc,cpu      ] GC(610) User=0.05s Sys=0.00s Real=0.02s
[2025-12-25T06:41:54.228+0000][gc,start    ] GC(611) Pause Young (Normal) (G1 Evacuation Pause)
[2025-12-25T06:41:54.229+0000][gc,task     ] GC(611) Using 8 workers of 8 for evacuation
[2025-12-25T06:41:54.240+0000][gc,phases   ] GC(611)   Pre Evacuate Collection Set: 2.6ms
[2025-12-25T06:41:54.240+0000][gc,phases   ] GC(611)   Merge Heap Roots: 0.2ms
[2025-12-25T06:41:54.240+0000][gc,phases   ] GC(611)   Evacuate Collection Set: 2.9ms
[2025-12-25T06:41:54.240+0000][gc,phases   ] GC(611)   Post Evacuate Collection Set: 2.7ms
[2025-12-25T06:41:54.241+0000][gc,phases   ] GC(611)   Other: 3.0ms
[2025-12-25T06:41:54.241+0000][gc,heap     ] GC(611) Eden regions: 612->0(612)
[2025-12-25T06:41:54.241+0000][gc,heap     ] GC(611) Survivor regions: 2->2(77)
[2025-12-25T06:41:54.241+0000][gc,heap     ] GC(611) Old regions: 56->56
[2025-12-25T06:41:54.241+0000][gc,heap     ] GC(611) Humongous regions: 40->40
[2025-12-25T06:41:54.241+0000][gc,metaspace] GC(611) Metaspace: 12642K(13056K)->12642K(13056K) NonClass: 11558K(11712K)->11558K(11712K) Class: 1083K(1344K)->1083K(1344K)
[2025-12-25T06:41:54.241+0000][gc          ] GC(611) Pause Young (Normal) (G1 Evacuation Pause) 708M->96M(1024M) 12.866ms
[2025-12-25T06:41:54.241+0000][gc,cpu      ] GC(611) User=0.05s Sys=0.01s Real=0.01s
[2025-12-25T06:42:54.032+0000][gc,start    ] GC(612) Pause Young (Normal) (G1 Evacuation Pause)
[2025-12-25T06:42:54.033+0000][gc,task     ] GC(612) Using 8 workers of 8 for evacuation
[2025-12-25T06:42:54.045+0000][gc,phases   ] GC(612)   Pre Evacuate Collection Set: 2.1ms
[2025-12-25T06:42:54.045+0000][gc,phases   ] GC(612)   Merge Heap Roots: 0.8ms
[2025-12-25T06:42:54.045+0000][gc,phases   ] GC(612)   Evacuate Collection Set: 7.1ms
[2025-12-25T06:42:54.045+0000][gc,phases   ] GC(612)   Post Evacuate Collection Set: 1.2ms
[2025-12-25T06:42:54.045+0000][gc,phases   ] GC(612)   Other: 0.5ms
[2025-12-25T06:42:54.045+0000][gc,heap     ] GC(612) Eden regions: 612->0(612)
[2025-12-25T06:42:54.045+0000][gc,heap     ] GC(612) Survivor regions: 2->2(77)
[2025-12-25T06:42:54.045+0000][gc,heap     ] GC(612) Old regions: 56->56
[2025-12-25T06:42:54.045+0000][gc,heap     ] GC(612) Humongous regions: 40->40
[2025-12-25T06:42:54.045+0000][gc,metaspace] GC(612) Metaspace: 12642K(13056K)->12642K(13056K) NonClass: 11558K(11712K)->11558K(11712K) Class: 1083K(1344K)->1083K(1344K)
[2025-12-25T06:42:54.045+0000][gc          ] GC(612) Pause Young (Normal) (G1 Evacuation Pause) 708M->96M(1024M) 13.053ms
[2025-12-25T06:42:54.045+0000][gc,cpu      ] GC(612) User=0.07s Sys=0.01s Real=0.01s
[2025-12-25T06:43:45.087+0000][gc,start    ] GC(613) Pause Young (Normal) (G1 Evacuation Pause)
[2025-12-25T06:43:45.088+0000][gc,task     ] GC(613) Using 8 workers of 8 for evacuation
[2025-12-25T06:43:45.102+0000][gc,phases   ] GC(613)   Pre Evacuate Collection Set: 3.8ms
[2025-12-25T06:43:45.103+0000][gc,phases   ] GC(613)   Merge Heap Roots: 0.5ms
[2025-12-25T06:43:45.103+0000][gc,phases   ] GC(613)   Evacuate Collection Set: 7.1ms
[2025-12-25T06:43:45.103+0000][gc,phases   ] GC(613)   Post Evacuate Collection Set: 3.1ms
[2025-12-25T06:43:45.104+0000][gc,phases   ] GC(613)   Other: 0.5ms
[2025-12-25T06:43:45.104+0000][gc,heap     ] GC(613) Eden regions: 612->0(612)
[2025-12-25T06:43:45.104+0000][gc,heap     ] GC(613) Survivor regions: 2->2(77)
[2025-12-25T06:43:45.104+0000][gc,heap     ] GC(613) Old regions: 56->56
[2025-12-25T06:43:45.105+0000][gc,heap     ] GC(613) Humongous regions: 40->40
[2025-12-25T06:43:45.105+0000][gc,metaspace] GC(613) Metaspace: 12642K(13056K)->12642K(13056K) NonClass: 11558K(11712K)->11558K(11712K) Class: 1083K(1344K)->1083K(1344K)
[2025-12-25T06:43:45.106+0000][gc          ] GC(613) Pause Young (Normal) (G1 Evacuation Pause) 708M->96M(1024M) 19.016ms
[2025-12-25T06:43:45.106+0000][gc,cpu      ] GC(613) User=0.05s Sys=0.01s Real=0.02s
[2025-12-25T06:44:44.052+0000][gc,start    ] GC(614) Pause Young (Normal) (G1 Evacuation Pause)
[2025-12-25T06:44:44.053+0000][gc,task     ] GC(614) Using 8 workers of 8 for evacuation
[2025-12-25T06:44:44.084+0000][gc,phases   ] GC(614)   Pre Evacuate Collection Set: 1.4ms
[2025-12-25T06:44:44.084+0000][gc,phases   ] GC(614)   Merge Heap Roots: 0.3ms
[2025-12-25T06:44:44.084+0000][gc,phases   ] GC(614)   Evacuate Collection Set: 27.4ms
[2025-12-25T06:44:44.084+0000][gc,phases   ] GC(614)   Post Evacuate Collection Set: 1.5ms
[2025-12-25T06:44:44.084+0000][gc,phases   ] GC(614)   Other: 0.3ms
[2025-12-25T06:44:44.084+0000][gc,heap     ] GC(614) Eden regions: 612->0(613)
[2025-12-25T06:44:44.084+0000][gc,heap     ] GC(614) Survivor regions: 2->1(77)
[2025-12-25T06:44:44.085+0000][gc,heap     ] GC(614) Old regions: 56->56
[2025-12-25T06:44:44.085+0000][gc,heap     ] GC(614) Humongous regions: 40->40
[2025-12-25T06:44:44.085+0000][gc,metaspace] GC(614) Metaspace: 12642K(13056K)->12642K(13056K) NonClass: 11558K(11712K)->11558K(11712K) Class: 1083K(1344K)->1083K(1344K)
[2025-12-25T06:44:44.085+0000][gc          ] GC(614) Pause Young (Normal) (G1 Evacuation Pause) 708M->96M(1024M) 32.590ms
[2025-12-25T06:44:44.085+0000][gc,cpu      ] GC(614) User=0.03s Sys=0.19s Real=0.04s
[2025-12-25T06:45:34.166+0000][gc,start    ] GC(615) Pause Young (Normal) (G1 Evacuation Pause)
[2025-12-25T06:45:34.167+0000][gc,task     ] GC(615) Using 8 workers of 8 for evacuation
[2025-12-25T06:45:34.173+0000][gc,phases   ] GC(615)   Pre Evacuate Collection Set: 1.0ms
[2025-12-25T06:45:34.173+0000][gc,phases   ] GC(615)   Merge Heap Roots: 0.2ms
[2025-12-25T06:45:34.173+0000][gc,phases   ] GC(615)   Evacuate Collection Set: 3.3ms
[2025-12-25T06:45:34.173+0000][gc,phases   ] GC(615)   Post Evacuate Collection Set: 1.0ms
[2025-12-25T06:45:34.173+0000][gc,phases   ] GC(615)   Other: 0.3ms
[2025-12-25T06:45:34.173+0000][gc,heap     ] GC(615) Eden regions: 613->0(612)
[2025-12-25T06:45:34.173+0000][gc,heap     ] GC(615) Survivor regions: 1->2(77)
[2025-12-25T06:45:34.173+0000][gc,heap     ] GC(615) Old regions: 56->56
[2025-12-25T06:45:34.173+0000][gc,heap     ] GC(615) Humongous regions: 40->40
[2025-12-25T06:45:34.173+0000][gc,metaspace] GC(615) Metaspace: 12642K(13056K)->12642K(13056K) NonClass: 11558K(11712K)->11558K(11712K) Class: 1083K(1344K)->1083K(1344K)
[2025-12-25T06:45:34.173+0000][gc          ] GC(615) Pause Young (Normal) (G1 Evacuation Pause) 709M->96M(1024M) 7.057ms
[2025-12-25T06:45:34.173+0000][gc,cpu      ] GC(615) User=0.03s Sys=0.00s Real=0.01s
[2025-12-25T06:46:33.965+0000][gc,start    ] GC(616) Pause Young (Normal) (G1 Evacuation Pause)
[2025-12-25T06:46:33.968+0000][gc,task     ] GC(616) Using 8 workers of 8 for evacuation
[2025-12-25T06:46:33.979+0000][gc,phases   ] GC(616)   Pre Evacuate Collection Set: 3.0ms
[2025-12-25T06:46:33.979+0000][gc,phases   ] GC(616)   Merge Heap Roots: 1.0ms
[2025-12-25T06:46:33.979+0000][gc,phases   ] GC(616)   Evacuate Collection Set: 5.0ms
[2025-12-25T06:46:33.979+0000][gc,phases   ] GC(616)   Post Evacuate Collection Set: 1.2ms
[2025-12-25T06:46:33.979+0000][gc,phases   ] GC(616)   Other: 2.8ms
[2025-12-25T06:46:33.979+0000][gc,heap     ] GC(616) Eden regions: 612->0(613)
[2025-12-25T06:46:33.979+0000][gc,heap     ] GC(616) Survivor regions: 2->1(77)
[2025-12-25T06:46:33.979+0000][gc,heap     ] GC(616) Old regions: 56->56
[2025-12-25T06:46:33.979+0000][gc,heap     ] GC(616) Humongous regions: 40->40
[2025-12-25T06:46:33.980+0000][gc,metaspace] GC(616) Metaspace: 12642K(13056K)->12642K(13056K) NonClass: 11558K(11712K)->11558K(11712K) Class: 1083K(1344K)->1083K(1344K)
[2025-12-25T06:46:33.980+0000][gc          ] GC(616) Pause Young (Normal) (G1 Evacuation Pause) 708M->96M(1024M) 14.286ms
[2025-12-25T06:46:33.980+0000][gc,cpu      ] GC(616) User=0.06s Sys=0.00s Real=0.02s
[2025-12-25T06:47:24.095+0000][gc,start    ] GC(617) Pause Young (Normal) (G1 Evacuation Pause)
[2025-12-25T06:47:24.096+0000][gc,task     ] GC(617) Using 8 workers of 8 for evacuation
[2025-12-25T06:47:24.102+0000][gc,phases   ] GC(617)   Pre Evacuate Collection Set: 1.1ms
[2025-12-25T06:47:24.102+0000][gc,phases   ] GC(617)   Merge Heap Roots: 0.2ms
[2025-12-25T06:47:24.102+0000][gc,phases   ] GC(617)   Evacuate Collection Set: 3.9ms
[2025-12-25T06:47:24.102+0000][gc,phases   ] GC(617)   Post Evacuate Collection Set: 0.9ms
[2025-12-25T06:47:24.102+0000][gc,phases   ] GC(617)   Other: 0.2ms
[2025-12-25T06:47:24.102+0000][gc,heap     ] GC(617) Eden regions: 613->0(612)
[2025-12-25T06:47:24.102+0000][gc,heap     ] GC(617) Survivor regions: 1->2(77)
[2025-12-25T06:47:24.102+0000][gc,heap     ] GC(617) Old regions: 56->56
[2025-12-25T06:47:24.103+0000][gc,heap     ] GC(617) Humongous regions: 40->40
[2025-12-25T06:47:24.103+0000][gc,metaspace] GC(617) Metaspace: 12642K(13056K)->12642K(13056K) NonClass: 11558K(11712K)->11558K(11712K) Class: 1083K(1344K)->1083K(1344K)
[2025-12-25T06:47:24.103+0000][gc          ] GC(617) Pause Young (Normal) (G1 Evacuation Pause) 709M->96M(1024M) 7.398ms
[2025-12-25T06:47:24.103+0000][gc,cpu      ] GC(617) User=0.03s Sys=0.00s Real=0.01s
[2025-12-25T06:48:23.934+0000][gc,start    ] GC(618) Pause Young (Normal) (G1 Evacuation Pause)
[2025-12-25T06:48:23.937+0000][gc,task     ] GC(618) Using 8 workers of 8 for evacuation
[2025-12-25T06:48:23.946+0000][gc,phases   ] GC(618)   Pre Evacuate Collection Set: 3.4ms
[2025-12-25T06:48:23.946+0000][gc,phases   ] GC(618)   Merge Heap Roots: 0.3ms
[2025-12-25T06:48:23.946+0000][gc,phases   ] GC(618)   Evacuate Collection Set: 3.6ms
[2025-12-25T06:48:23.946+0000][gc,phases   ] GC(618)   Post Evacuate Collection Set: 1.2ms
[2025-12-25T06:48:23.946+0000][gc,phases   ] GC(618)   Other: 1.0ms
[2025-12-25T06:48:23.946+0000][gc,heap     ] GC(618) Eden regions: 612->0(613)
[2025-12-25T06:48:23.946+0000][gc,heap     ] GC(618) Survivor regions: 2->1(77)
[2025-12-25T06:48:23.946+0000][gc,heap     ] GC(618) Old regions: 56->56
[2025-12-25T06:48:23.946+0000][gc,heap     ] GC(618) Humongous regions: 40->40
[2025-12-25T06:48:23.946+0000][gc,metaspace] GC(618) Metaspace: 12642K(13056K)->12642K(13056K) NonClass: 11558K(11712K)->11558K(11712K) Class: 1083K(1344K)->1083K(1344K)
[2025-12-25T06:48:23.946+0000][gc          ] GC(618) Pause Young (Normal) (G1 Evacuation Pause) 708M->96M(1024M) 12.332ms
[2025-12-25T06:48:23.946+0000][gc,cpu      ] GC(618) User=0.04s Sys=0.00s Real=0.01s
[2025-12-25T06:49:14.091+0000][gc,start    ] GC(619) Pause Young (Normal) (G1 Evacuation Pause)
[2025-12-25T06:49:14.092+0000][gc,task     ] GC(619) Using 8 workers of 8 for evacuation
[2025-12-25T06:49:14.100+0000][gc,phases   ] GC(619)   Pre Evacuate Collection Set: 1.2ms
[2025-12-25T06:49:14.100+0000][gc,phases   ] GC(619)   Merge Heap Roots: 0.2ms
[2025-12-25T06:49:14.100+0000][gc,phases   ] GC(619)   Evacuate Collection Set: 4.2ms
[2025-12-25T06:49:14.100+0000][gc,phases   ] GC(619)   Post Evacuate Collection Set: 1.8ms
[2025-12-25T06:49:14.100+0000][gc,phases   ] GC(619)   Other: 0.4ms
[2025-12-25T06:49:14.100+0000][gc,heap     ] GC(619) Eden regions: 613->0(612)
[2025-12-25T06:49:14.100+0000][gc,heap     ] GC(619) Survivor regions: 1->2(77)
[2025-12-25T06:49:14.100+0000][gc,heap     ] GC(619) Old regions: 56->56
[2025-12-25T06:49:14.100+0000][gc,heap     ] GC(619) Humongous regions: 40->40
[2025-12-25T06:49:14.101+0000][gc,metaspace] GC(619) Metaspace: 12642K(13056K)->12642K(13056K) NonClass: 11558K(11712K)->11558K(11712K) Class: 1083K(1344K)->1083K(1344K)
[2025-12-25T06:49:14.101+0000][gc          ] GC(619) Pause Young (Normal) (G1 Evacuation Pause) 709M->96M(1024M) 9.361ms
[2025-12-25T06:49:14.101+0000][gc,cpu      ] GC(619) User=0.04s Sys=0.00s Real=0.01s
[2025-12-25T06:50:13.903+0000][gc,start    ] GC(620) Pause Young (Normal) (G1 Evacuation Pause)
[2025-12-25T06:50:13.904+0000][gc,task     ] GC(620) Using 8 workers of 8 for evacuation
[2025-12-25T06:50:13.922+0000][gc,phases   ] GC(620)   Pre Evacuate Collection Set: 3.6ms
[2025-12-25T06:50:13.923+0000][gc,phases   ] GC(620)   Merge Heap Roots: 0.5ms
[2025-12-25T06:50:13.923+0000][gc,phases   ] GC(620)   Evacuate Collection Set: 12.8ms
[2025-12-25T06:50:13.923+0000][gc,phases   ] GC(620)   Post Evacuate Collection Set: 1.6ms
[2025-12-25T06:50:13.923+0000][gc,phases   ] GC(620)   Other: 0.3ms
[2025-12-25T06:50:13.923+0000][gc,heap     ] GC(620) Eden regions: 612->0(613)
[2025-12-25T06:50:13.923+0000][gc,heap     ] GC(620) Survivor regions: 2->1(77)
[2025-12-25T06:50:13.923+0000][gc,heap     ] GC(620) Old regions: 56->56
[2025-12-25T06:50:13.923+0000][gc,heap     ] GC(620) Humongous regions: 40->40
[2025-12-25T06:50:13.923+0000][gc,metaspace] GC(620) Metaspace: 12642K(13056K)->12642K(13056K) NonClass: 11558K(11712K)->11558K(11712K) Class: 1083K(1344K)->1083K(1344K)
[2025-12-25T06:50:13.923+0000][gc          ] GC(620) Pause Young (Normal) (G1 Evacuation Pause) 708M->96M(1024M) 20.358ms
[2025-12-25T06:50:13.923+0000][gc,cpu      ] GC(620) User=0.12s Sys=0.00s Real=0.02s
[2025-12-25T06:51:04.068+0000][gc,start    ] GC(621) Pause Young (Normal) (G1 Evacuation Pause)
[2025-12-25T06:51:04.068+0000][gc,task     ] GC(621) Using 8 workers of 8 for evacuation
[2025-12-25T06:51:04.078+0000][gc,phases   ] GC(621)   Pre Evacuate Collection Set: 1.3ms
[2025-12-25T06:51:04.078+0000][gc,phases   ] GC(621)   Merge Heap Roots: 0.3ms
[2025-12-25T06:51:04.078+0000][gc,phases   ] GC(621)   Evacuate Collection Set: 6.8ms
[2025-12-25T06:51:04.078+0000][gc,phases   ] GC(621)   Post Evacuate Collection Set: 1.1ms
[2025-12-25T06:51:04.078+0000][gc,phases   ] GC(621)   Other: 0.3ms
[2025-12-25T06:51:04.078+0000][gc,heap     ] GC(621) Eden regions: 613->0(612)
[2025-12-25T06:51:04.078+0000][gc,heap     ] GC(621) Survivor regions: 1->2(77)
[2025-12-25T06:51:04.078+0000][gc,heap     ] GC(621) Old regions: 56->56
[2025-12-25T06:51:04.078+0000][gc,heap     ] GC(621) Humongous regions: 40->40
[2025-12-25T06:51:04.078+0000][gc,metaspace] GC(621) Metaspace: 12642K(13056K)->12642K(13056K) NonClass: 11558K(11712K)->11558K(11712K) Class: 1083K(1344K)->1083K(1344K)
[2025-12-25T06:51:04.078+0000][gc          ] GC(621) Pause Young (Normal) (G1 Evacuation Pause) 709M->96M(1024M) 10.902ms
[2025-12-25T06:51:04.079+0000][gc,cpu      ] GC(621) User=0.06s Sys=0.00s Real=0.01s
[2025-12-25T06:52:03.859+0000][gc,start    ] GC(622) Pause Young (Normal) (G1 Evacuation Pause)
[2025-12-25T06:52:03.860+0000][gc,task     ] GC(622) Using 8 workers of 8 for evacuation
[2025-12-25T06:52:03.874+0000][gc,phases   ] GC(622)   Pre Evacuate Collection Set: 2.1ms
[2025-12-25T06:52:03.875+0000][gc,phases   ] GC(622)   Merge Heap Roots: 0.4ms
[2025-12-25T06:52:03.875+0000][gc,phases   ] GC(622)   Evacuate Collection Set: 9.3ms
[2025-12-25T06:52:03.875+0000][gc,phases   ] GC(622)   Post Evacuate Collection Set: 1.7ms
[2025-12-25T06:52:03.875+0000][gc,phases   ] GC(622)   Other: 0.6ms
[2025-12-25T06:52:03.875+0000][gc,heap     ] GC(622) Eden regions: 612->0(613)
[2025-12-25T06:52:03.875+0000][gc,heap     ] GC(622) Survivor regions: 2->1(77)
[2025-12-25T06:52:03.875+0000][gc,heap     ] GC(622) Old regions: 56->56
[2025-12-25T06:52:03.875+0000][gc,heap     ] GC(622) Humongous regions: 40->40
[2025-12-25T06:52:03.875+0000][gc,metaspace] GC(622) Metaspace: 12642K(13056K)->12642K(13056K) NonClass: 11558K(11712K)->11558K(11712K) Class: 1083K(1344K)->1083K(1344K)
[2025-12-25T06:52:03.875+0000][gc          ] GC(622) Pause Young (Normal) (G1 Evacuation Pause) 708M->96M(1024M) 16.023ms
[2025-12-25T06:52:03.876+0000][gc,cpu      ] GC(622) User=0.08s Sys=0.00s Real=0.02s
[2025-12-25T06:52:54.040+0000][gc,start    ] GC(623) Pause Young (Normal) (G1 Evacuation Pause)
[2025-12-25T06:52:54.041+0000][gc,task     ] GC(623) Using 8 workers of 8 for evacuation
[2025-12-25T06:52:54.047+0000][gc,phases   ] GC(623)   Pre Evacuate Collection Set: 1.2ms
[2025-12-25T06:52:54.047+0000][gc,phases   ] GC(623)   Merge Heap Roots: 0.2ms
[2025-12-25T06:52:54.047+0000][gc,phases   ] GC(623)   Evacuate Collection Set: 2.9ms
[2025-12-25T06:52:54.047+0000][gc,phases   ] GC(623)   Post Evacuate Collection Set: 1.0ms
[2025-12-25T06:52:54.047+0000][gc,phases   ] GC(623)   Other: 0.3ms
[2025-12-25T06:52:54.047+0000][gc,heap     ] GC(623) Eden regions: 613->0(612)
[2025-12-25T06:52:54.047+0000][gc,heap     ] GC(623) Survivor regions: 1->2(77)
[2025-12-25T06:52:54.047+0000][gc,heap     ] GC(623) Old regions: 56->56
[2025-12-25T06:52:54.047+0000][gc,heap     ] GC(623) Humongous regions: 40->40
[2025-12-25T06:52:54.047+0000][gc,metaspace] GC(623) Metaspace: 12642K(13056K)->12642K(13056K) NonClass: 11558K(11712K)->11558K(11712K) Class: 1083K(1344K)->1083K(1344K)
[2025-12-25T06:52:54.047+0000][gc          ] GC(623) Pause Young (Normal) (G1 Evacuation Pause) 709M->96M(1024M) 6.881ms
[2025-12-25T06:52:54.047+0000][gc,cpu      ] GC(623) User=0.03s Sys=0.00s Real=0.01s
[2025-12-25T06:53:44.201+0000][gc,start    ] GC(624) Pause Young (Normal) (G1 Evacuation Pause)
[2025-12-25T06:53:44.202+0000][gc,task     ] GC(624) Using 8 workers of 8 for evacuation
[2025-12-25T06:53:44.211+0000][gc,phases   ] GC(624)   Pre Evacuate Collection Set: 1.3ms
[2025-12-25T06:53:44.211+0000][gc,phases   ] GC(624)   Merge Heap Roots: 0.2ms
[2025-12-25T06:53:44.211+0000][gc,phases   ] GC(624)   Evacuate Collection Set: 5.9ms
[2025-12-25T06:53:44.211+0000][gc,phases   ] GC(624)   Post Evacuate Collection Set: 1.2ms
[2025-12-25T06:53:44.211+0000][gc,phases   ] GC(624)   Other: 0.2ms
[2025-12-25T06:53:44.211+0000][gc,heap     ] GC(624) Eden regions: 612->0(612)
[2025-12-25T06:53:44.211+0000][gc,heap     ] GC(624) Survivor regions: 2->2(77)
[2025-12-25T06:53:44.211+0000][gc,heap     ] GC(624) Old regions: 56->56
[2025-12-25T06:53:44.211+0000][gc,heap     ] GC(624) Humongous regions: 40->40
[2025-12-25T06:53:44.211+0000][gc,metaspace] GC(624) Metaspace: 12642K(13056K)->12642K(13056K) NonClass: 11558K(11712K)->11558K(11712K) Class: 1083K(1344K)->1083K(1344K)
[2025-12-25T06:53:44.211+0000][gc          ] GC(624) Pause Young (Normal) (G1 Evacuation Pause) 708M->97M(1024M) 10.024ms
[2025-12-25T06:53:44.211+0000][gc,cpu      ] GC(624) User=0.05s Sys=0.00s Real=0.01s
[2025-12-25T06:54:44.017+0000][gc,start    ] GC(625) Pause Young (Normal) (G1 Evacuation Pause)
[2025-12-25T06:54:44.018+0000][gc,task     ] GC(625) Using 8 workers of 8 for evacuation
[2025-12-25T06:54:44.030+0000][gc,phases   ] GC(625)   Pre Evacuate Collection Set: 1.1ms
[2025-12-25T06:54:44.030+0000][gc,phases   ] GC(625)   Merge Heap Roots: 0.2ms
[2025-12-25T06:54:44.031+0000][gc,phases   ] GC(625)   Evacuate Collection Set: 7.0ms
[2025-12-25T06:54:44.031+0000][gc,phases   ] GC(625)   Post Evacuate Collection Set: 3.3ms
[2025-12-25T06:54:44.031+0000][gc,phases   ] GC(625)   Other: 0.3ms
[2025-12-25T06:54:44.031+0000][gc,heap     ] GC(625) Eden regions: 612->0(612)
[2025-12-25T06:54:44.031+0000][gc,heap     ] GC(625) Survivor regions: 2->2(77)
[2025-12-25T06:54:44.031+0000][gc,heap     ] GC(625) Old regions: 56->56
[2025-12-25T06:54:44.031+0000][gc,heap     ] GC(625) Humongous regions: 40->40
[2025-12-25T06:54:44.031+0000][gc,metaspace] GC(625) Metaspace: 12642K(13056K)->12642K(13056K) NonClass: 11558K(11712K)->11558K(11712K) Class: 1083K(1344K)->1083K(1344K)
[2025-12-25T06:54:44.031+0000][gc          ] GC(625) Pause Young (Normal) (G1 Evacuation Pause) 709M->96M(1024M) 14.020ms
[2025-12-25T06:54:44.031+0000][gc,cpu      ] GC(625) User=0.06s Sys=0.01s Real=0.02s
[2025-12-25T06:55:34.253+0000][gc,start    ] GC(626) Pause Young (Normal) (G1 Evacuation Pause)
[2025-12-25T06:55:34.253+0000][gc,task     ] GC(626) Using 8 workers of 8 for evacuation
[2025-12-25T06:55:34.259+0000][gc,phases   ] GC(626)   Pre Evacuate Collection Set: 1.0ms
[2025-12-25T06:55:34.259+0000][gc,phases   ] GC(626)   Merge Heap Roots: 0.2ms
[2025-12-25T06:55:34.260+0000][gc,phases   ] GC(626)   Evacuate Collection Set: 2.8ms
[2025-12-25T06:55:34.260+0000][gc,phases   ] GC(626)   Post Evacuate Collection Set: 1.8ms
[2025-12-25T06:55:34.260+0000][gc,phases   ] GC(626)   Other: 0.2ms
[2025-12-25T06:55:34.260+0000][gc,heap     ] GC(626) Eden regions: 612->0(612)
[2025-12-25T06:55:34.260+0000][gc,heap     ] GC(626) Survivor regions: 2->2(77)
[2025-12-25T06:55:34.260+0000][gc,heap     ] GC(626) Old regions: 56->56
[2025-12-25T06:55:34.260+0000][gc,heap     ] GC(626) Humongous regions: 40->40
[2025-12-25T06:55:34.260+0000][gc,metaspace] GC(626) Metaspace: 12642K(13056K)->12642K(13056K) NonClass: 11558K(11712K)->11558K(11712K) Class: 1083K(1344K)->1083K(1344K)
[2025-12-25T06:55:34.260+0000][gc          ] GC(626) Pause Young (Normal) (G1 Evacuation Pause) 708M->97M(1024M) 7.431ms
[2025-12-25T06:55:34.260+0000][gc,cpu      ] GC(626) User=0.03s Sys=0.00s Real=0.01s
[2025-12-25T06:56:34.024+0000][gc,start    ] GC(627) Pause Young (Normal) (G1 Evacuation Pause)
[2025-12-25T06:56:34.025+0000][gc,task     ] GC(627) Using 8 workers of 8 for evacuation
[2025-12-25T06:56:34.032+0000][gc,phases   ] GC(627)   Pre Evacuate Collection Set: 1.0ms
[2025-12-25T06:56:34.033+0000][gc,phases   ] GC(627)   Merge Heap Roots: 0.2ms
[2025-12-25T06:56:34.033+0000][gc,phases   ] GC(627)   Evacuate Collection Set: 3.5ms
[2025-12-25T06:56:34.033+0000][gc,phases   ] GC(627)   Post Evacuate Collection Set: 2.8ms
[2025-12-25T06:56:34.033+0000][gc,phases   ] GC(627)   Other: 0.3ms
[2025-12-25T06:56:34.033+0000][gc,heap     ] GC(627) Eden regions: 612->0(612)
[2025-12-25T06:56:34.033+0000][gc,heap     ] GC(627) Survivor regions: 2->2(77)
[2025-12-25T06:56:34.033+0000][gc,heap     ] GC(627) Old regions: 56->56
[2025-12-25T06:56:34.033+0000][gc,heap     ] GC(627) Humongous regions: 40->40
[2025-12-25T06:56:34.033+0000][gc,metaspace] GC(627) Metaspace: 12642K(13056K)->12642K(13056K) NonClass: 11558K(11712K)->11558K(11712K) Class: 1083K(1344K)->1083K(1344K)
[2025-12-25T06:56:34.033+0000][gc          ] GC(627) Pause Young (Normal) (G1 Evacuation Pause) 709M->96M(1024M) 9.385ms
[2025-12-25T06:56:34.033+0000][gc,cpu      ] GC(627) User=0.04s Sys=0.00s Real=0.01s
[2025-12-25T06:57:24.167+0000][gc,start    ] GC(628) Pause Young (Normal) (G1 Evacuation Pause)
[2025-12-25T06:57:24.167+0000][gc,task     ] GC(628) Using 8 workers of 8 for evacuation
[2025-12-25T06:57:24.173+0000][gc,phases   ] GC(628)   Pre Evacuate Collection Set: 1.0ms
[2025-12-25T06:57:24.173+0000][gc,phases   ] GC(628)   Merge Heap Roots: 0.2ms
[2025-12-25T06:57:24.173+0000][gc,phases   ] GC(628)   Evacuate Collection Set: 3.0ms
[2025-12-25T06:57:24.173+0000][gc,phases   ] GC(628)   Post Evacuate Collection Set: 1.0ms
[2025-12-25T06:57:24.173+0000][gc,phases   ] GC(628)   Other: 0.3ms
[2025-12-25T06:57:24.173+0000][gc,heap     ] GC(628) Eden regions: 612->0(612)
[2025-12-25T06:57:24.173+0000][gc,heap     ] GC(628) Survivor regions: 2->2(77)
[2025-12-25T06:57:24.173+0000][gc,heap     ] GC(628) Old regions: 56->56
[2025-12-25T06:57:24.173+0000][gc,heap     ] GC(628) Humongous regions: 40->40
[2025-12-25T06:57:24.173+0000][gc,metaspace] GC(628) Metaspace: 12642K(13056K)->12642K(13056K) NonClass: 11558K(11712K)->11558K(11712K) Class: 1083K(1344K)->1083K(1344K)
[2025-12-25T06:57:24.174+0000][gc          ] GC(628) Pause Young (Normal) (G1 Evacuation Pause) 708M->97M(1024M) 6.665ms
[2025-12-25T06:57:24.174+0000][gc,cpu      ] GC(628) User=0.03s Sys=0.01s Real=0.00s
[2025-12-25T06:58:23.977+0000][gc,start    ] GC(629) Pause Young (Normal) (G1 Evacuation Pause)
[2025-12-25T06:58:23.977+0000][gc,task     ] GC(629) Using 8 workers of 8 for evacuation
[2025-12-25T06:58:23.987+0000][gc,phases   ] GC(629)   Pre Evacuate Collection Set: 1.1ms
[2025-12-25T06:58:23.987+0000][gc,phases   ] GC(629)   Merge Heap Roots: 0.2ms
[2025-12-25T06:58:23.987+0000][gc,phases   ] GC(629)   Evacuate Collection Set: 6.4ms
[2025-12-25T06:58:23.987+0000][gc,phases   ] GC(629)   Post Evacuate Collection Set: 1.5ms
[2025-12-25T06:58:23.987+0000][gc,phases   ] GC(629)   Other: 0.4ms
[2025-12-25T06:58:23.988+0000][gc,heap     ] GC(629) Eden regions: 612->0(612)
[2025-12-25T06:58:23.988+0000][gc,heap     ] GC(629) Survivor regions: 2->2(77)
[2025-12-25T06:58:23.988+0000][gc,heap     ] GC(629) Old regions: 56->56
[2025-12-25T06:58:23.988+0000][gc,heap     ] GC(629) Humongous regions: 40->40
[2025-12-25T06:58:23.988+0000][gc,metaspace] GC(629) Metaspace: 12642K(13056K)->12642K(13056K) NonClass: 11558K(11712K)->11558K(11712K) Class: 1083K(1344K)->1083K(1344K)
[2025-12-25T06:58:23.988+0000][gc          ] GC(629) Pause Young (Normal) (G1 Evacuation Pause) 709M->96M(1024M) 11.595ms
[2025-12-25T06:58:23.988+0000][gc,cpu      ] GC(629) User=0.05s Sys=0.01s Real=0.01s
[2025-12-25T06:59:14.153+0000][gc,start    ] GC(630) Pause Young (Normal) (G1 Evacuation Pause)
[2025-12-25T06:59:14.154+0000][gc,task     ] GC(630) Using 8 workers of 8 for evacuation
[2025-12-25T06:59:14.159+0000][gc,phases   ] GC(630)   Pre Evacuate Collection Set: 1.1ms
[2025-12-25T06:59:14.159+0000][gc,phases   ] GC(630)   Merge Heap Roots: 0.2ms
[2025-12-25T06:59:14.159+0000][gc,phases   ] GC(630)   Evacuate Collection Set: 2.7ms
[2025-12-25T06:59:14.159+0000][gc,phases   ] GC(630)   Post Evacuate Collection Set: 1.1ms
[2025-12-25T06:59:14.159+0000][gc,phases   ] GC(630)   Other: 0.4ms
[2025-12-25T06:59:14.160+0000][gc,heap     ] GC(630) Eden regions: 612->0(612)
[2025-12-25T06:59:14.160+0000][gc,heap     ] GC(630) Survivor regions: 2->2(77)
[2025-12-25T06:59:14.160+0000][gc,heap     ] GC(630) Old regions: 56->56
[2025-12-25T06:59:14.160+0000][gc,heap     ] GC(630) Humongous regions: 40->40
[2025-12-25T06:59:14.160+0000][gc,metaspace] GC(630) Metaspace: 12642K(13056K)->12642K(13056K) NonClass: 11558K(11712K)->11558K(11712K) Class: 1083K(1344K)->1083K(1344K)
[2025-12-25T06:59:14.162+0000][gc          ] GC(630) Pause Young (Normal) (G1 Evacuation Pause) 708M->97M(1024M) 8.979ms
[2025-12-25T06:59:14.162+0000][gc,cpu      ] GC(630) User=0.03s Sys=0.00s Real=0.01s
[2025-12-25T07:00:13.961+0000][gc,start    ] GC(631) Pause Young (Normal) (G1 Evacuation Pause)
[2025-12-25T07:00:13.962+0000][gc,task     ] GC(631) Using 8 workers of 8 for evacuation
[2025-12-25T07:00:13.968+0000][gc,phases   ] GC(631)   Pre Evacuate Collection Set: 1.6ms
[2025-12-25T07:00:13.968+0000][gc,phases   ] GC(631)   Merge Heap Roots: 0.2ms
[2025-12-25T07:00:13.969+0000][gc,phases   ] GC(631)   Evacuate Collection Set: 3.4ms
[2025-12-25T07:00:13.969+0000][gc,phases   ] GC(631)   Post Evacuate Collection Set: 1.3ms
[2025-12-25T07:00:13.969+0000][gc,phases   ] GC(631)   Other: 0.3ms
[2025-12-25T07:00:13.969+0000][gc,heap     ] GC(631) Eden regions: 612->0(613)
[2025-12-25T07:00:13.969+0000][gc,heap     ] GC(631) Survivor regions: 2->1(77)
[2025-12-25T07:00:13.969+0000][gc,heap     ] GC(631) Old regions: 56->56
[2025-12-25T07:00:13.969+0000][gc,heap     ] GC(631) Humongous regions: 40->40
[2025-12-25T07:00:13.969+0000][gc,metaspace] GC(631) Metaspace: 12642K(13056K)->12642K(13056K) NonClass: 11558K(11712K)->11558K(11712K) Class: 1083K(1344K)->1083K(1344K)
[2025-12-25T07:00:13.969+0000][gc          ] GC(631) Pause Young (Normal) (G1 Evacuation Pause) 709M->96M(1024M) 8.065ms
[2025-12-25T07:00:13.969+0000][gc,cpu      ] GC(631) User=0.03s Sys=0.01s Real=0.00s
[2025-12-25T07:01:04.076+0000][gc,start    ] GC(632) Pause Young (Normal) (G1 Evacuation Pause)
[2025-12-25T07:01:04.076+0000][gc,task     ] GC(632) Using 8 workers of 8 for evacuation
[2025-12-25T07:01:04.083+0000][gc,phases   ] GC(632)   Pre Evacuate Collection Set: 1.7ms
[2025-12-25T07:01:04.083+0000][gc,phases   ] GC(632)   Merge Heap Roots: 0.3ms
[2025-12-25T07:01:04.083+0000][gc,phases   ] GC(632)   Evacuate Collection Set: 3.2ms
[2025-12-25T07:01:04.083+0000][gc,phases   ] GC(632)   Post Evacuate Collection Set: 1.4ms
[2025-12-25T07:01:04.084+0000][gc,phases   ] GC(632)   Other: 0.3ms
[2025-12-25T07:01:04.084+0000][gc,heap     ] GC(632) Eden regions: 613->0(612)
[2025-12-25T07:01:04.084+0000][gc,heap     ] GC(632) Survivor regions: 1->2(77)
[2025-12-25T07:01:04.084+0000][gc,heap     ] GC(632) Old regions: 56->56
[2025-12-25T07:01:04.084+0000][gc,heap     ] GC(632) Humongous regions: 40->40
[2025-12-25T07:01:04.084+0000][gc,metaspace] GC(632) Metaspace: 12642K(13056K)->12642K(13056K) NonClass: 11558K(11712K)->11558K(11712K) Class: 1083K(1344K)->1083K(1344K)
[2025-12-25T07:01:04.084+0000][gc          ] GC(632) Pause Young (Normal) (G1 Evacuation Pause) 709M->97M(1024M) 8.823ms
[2025-12-25T07:01:04.085+0000][gc,cpu      ] GC(632) User=0.04s Sys=0.00s Real=0.01s
[2025-12-25T07:02:03.978+0000][gc,start    ] GC(633) Pause Young (Normal) (G1 Evacuation Pause)
[2025-12-25T07:02:03.979+0000][gc,task     ] GC(633) Using 8 workers of 8 for evacuation
[2025-12-25T07:02:03.984+0000][gc,phases   ] GC(633)   Pre Evacuate Collection Set: 1.2ms
[2025-12-25T07:02:03.984+0000][gc,phases   ] GC(633)   Merge Heap Roots: 0.2ms
[2025-12-25T07:02:03.985+0000][gc,phases   ] GC(633)   Evacuate Collection Set: 2.6ms
[2025-12-25T07:02:03.985+0000][gc,phases   ] GC(633)   Post Evacuate Collection Set: 1.4ms
[2025-12-25T07:02:03.985+0000][gc,phases   ] GC(633)   Other: 0.2ms
[2025-12-25T07:02:03.985+0000][gc,heap     ] GC(633) Eden regions: 612->0(613)
[2025-12-25T07:02:03.985+0000][gc,heap     ] GC(633) Survivor regions: 2->1(77)
[2025-12-25T07:02:03.985+0000][gc,heap     ] GC(633) Old regions: 56->56
[2025-12-25T07:02:03.985+0000][gc,heap     ] GC(633) Humongous regions: 40->40
[2025-12-25T07:02:03.985+0000][gc,metaspace] GC(633) Metaspace: 12642K(13056K)->12642K(13056K) NonClass: 11558K(11712K)->11558K(11712K) Class: 1083K(1344K)->1083K(1344K)
[2025-12-25T07:02:03.986+0000][gc          ] GC(633) Pause Young (Normal) (G1 Evacuation Pause) 709M->96M(1024M) 7.290ms
[2025-12-25T07:02:03.986+0000][gc,cpu      ] GC(633) User=0.02s Sys=0.00s Real=0.01s
[2025-12-25T07:02:54.084+0000][gc,start    ] GC(634) Pause Young (Normal) (G1 Evacuation Pause)
[2025-12-25T07:02:54.085+0000][gc,task     ] GC(634) Using 8 workers of 8 for evacuation
[2025-12-25T07:02:54.090+0000][gc,phases   ] GC(634)   Pre Evacuate Collection Set: 1.0ms
[2025-12-25T07:02:54.091+0000][gc,phases   ] GC(634)   Merge Heap Roots: 0.2ms
[2025-12-25T07:02:54.091+0000][gc,phases   ] GC(634)   Evacuate Collection Set: 2.9ms
[2025-12-25T07:02:54.091+0000][gc,phases   ] GC(634)   Post Evacuate Collection Set: 1.2ms
[2025-12-25T07:02:54.091+0000][gc,phases   ] GC(634)   Other: 0.4ms
[2025-12-25T07:02:54.091+0000][gc,heap     ] GC(634) Eden regions: 613->0(612)
[2025-12-25T07:02:54.091+0000][gc,heap     ] GC(634) Survivor regions: 1->2(77)
[2025-12-25T07:02:54.091+0000][gc,heap     ] GC(634) Old regions: 56->56
[2025-12-25T07:02:54.092+0000][gc,heap     ] GC(634) Humongous regions: 40->40
[2025-12-25T07:02:54.092+0000][gc,metaspace] GC(634) Metaspace: 12642K(13056K)->12642K(13056K) NonClass: 11558K(11712K)->11558K(11712K) Class: 1083K(1344K)->1083K(1344K)
[2025-12-25T07:02:54.092+0000][gc          ] GC(634) Pause Young (Normal) (G1 Evacuation Pause) 709M->97M(1024M) 8.301ms
[2025-12-25T07:02:54.092+0000][gc,cpu      ] GC(634) User=0.03s Sys=0.00s Real=0.00s
[2025-12-25T07:03:53.876+0000][gc,start    ] GC(635) Pause Young (Normal) (G1 Evacuation Pause)
[2025-12-25T07:03:53.877+0000][gc,task     ] GC(635) Using 8 workers of 8 for evacuation
[2025-12-25T07:03:53.885+0000][gc,phases   ] GC(635)   Pre Evacuate Collection Set: 1.4ms
[2025-12-25T07:03:53.885+0000][gc,phases   ] GC(635)   Merge Heap Roots: 0.2ms
[2025-12-25T07:03:53.885+0000][gc,phases   ] GC(635)   Evacuate Collection Set: 3.2ms
[2025-12-25T07:03:53.885+0000][gc,phases   ] GC(635)   Post Evacuate Collection Set: 2.8ms
[2025-12-25T07:03:53.885+0000][gc,phases   ] GC(635)   Other: 0.2ms
[2025-12-25T07:03:53.885+0000][gc,heap     ] GC(635) Eden regions: 612->0(613)
[2025-12-25T07:03:53.885+0000][gc,heap     ] GC(635) Survivor regions: 2->1(77)
[2025-12-25T07:03:53.885+0000][gc,heap     ] GC(635) Old regions: 56->56
[2025-12-25T07:03:53.886+0000][gc,heap     ] GC(635) Humongous regions: 40->40
[2025-12-25T07:03:53.886+0000][gc,metaspace] GC(635) Metaspace: 12642K(13056K)->12642K(13056K) NonClass: 11558K(11712K)->11558K(11712K) Class: 1083K(1344K)->1083K(1344K)
[2025-12-25T07:03:53.886+0000][gc          ] GC(635) Pause Young (Normal) (G1 Evacuation Pause) 709M->96M(1024M) 9.937ms
[2025-12-25T07:03:53.886+0000][gc,cpu      ] GC(635) User=0.04s Sys=0.00s Real=0.01s
[2025-12-25T07:04:44.037+0000][gc,start    ] GC(636) Pause Young (Normal) (G1 Evacuation Pause)
[2025-12-25T07:04:44.038+0000][gc,task     ] GC(636) Using 8 workers of 8 for evacuation
[2025-12-25T07:04:44.047+0000][gc,phases   ] GC(636)   Pre Evacuate Collection Set: 1.1ms
[2025-12-25T07:04:44.047+0000][gc,phases   ] GC(636)   Merge Heap Roots: 0.2ms
[2025-12-25T07:04:44.047+0000][gc,phases   ] GC(636)   Evacuate Collection Set: 5.4ms
[2025-12-25T07:04:44.047+0000][gc,phases   ] GC(636)   Post Evacuate Collection Set: 2.1ms
[2025-12-25T07:04:44.047+0000][gc,phases   ] GC(636)   Other: 0.3ms
[2025-12-25T07:04:44.047+0000][gc,heap     ] GC(636) Eden regions: 613->0(612)
[2025-12-25T07:04:44.047+0000][gc,heap     ] GC(636) Survivor regions: 1->2(77)
[2025-12-25T07:04:44.047+0000][gc,heap     ] GC(636) Old regions: 56->56
[2025-12-25T07:04:44.047+0000][gc,heap     ] GC(636) Humongous regions: 40->40
[2025-12-25T07:04:44.047+0000][gc,metaspace] GC(636) Metaspace: 12642K(13056K)->12642K(13056K) NonClass: 11558K(11712K)->11558K(11712K) Class: 1083K(1344K)->1083K(1344K)
[2025-12-25T07:04:44.047+0000][gc          ] GC(636) Pause Young (Normal) (G1 Evacuation Pause) 709M->97M(1024M) 9.989ms
[2025-12-25T07:04:44.047+0000][gc,cpu      ] GC(636) User=0.05s Sys=0.00s Real=0.01s
[2025-12-25T07:05:43.841+0000][gc,start    ] GC(637) Pause Young (Normal) (G1 Evacuation Pause)
[2025-12-25T07:05:43.841+0000][gc,task     ] GC(637) Using 8 workers of 8 for evacuation
[2025-12-25T07:05:43.855+0000][gc,phases   ] GC(637)   Pre Evacuate Collection Set: 5.9ms
[2025-12-25T07:05:43.855+0000][gc,phases   ] GC(637)   Merge Heap Roots: 0.3ms
[2025-12-25T07:05:43.856+0000][gc,phases   ] GC(637)   Evacuate Collection Set: 4.5ms
[2025-12-25T07:05:43.856+0000][gc,phases   ] GC(637)   Post Evacuate Collection Set: 2.8ms
[2025-12-25T07:05:43.856+0000][gc,phases   ] GC(637)   Other: 0.5ms
[2025-12-25T07:05:43.856+0000][gc,heap     ] GC(637) Eden regions: 612->0(613)
[2025-12-25T07:05:43.856+0000][gc,heap     ] GC(637) Survivor regions: 2->1(77)
[2025-12-25T07:05:43.856+0000][gc,heap     ] GC(637) Old regions: 56->56
[2025-12-25T07:05:43.856+0000][gc,heap     ] GC(637) Humongous regions: 40->40
[2025-12-25T07:05:43.856+0000][gc,metaspace] GC(637) Metaspace: 12642K(13056K)->12642K(13056K) NonClass: 11558K(11712K)->11558K(11712K) Class: 1083K(1344K)->1083K(1344K)
[2025-12-25T07:05:43.857+0000][gc          ] GC(637) Pause Young (Normal) (G1 Evacuation Pause) 709M->96M(1024M) 16.328ms
[2025-12-25T07:05:43.857+0000][gc,cpu      ] GC(637) User=0.09s Sys=0.00s Real=0.01s
[2025-12-25T07:06:34.027+0000][gc,start    ] GC(638) Pause Young (Normal) (G1 Evacuation Pause)
[2025-12-25T07:06:34.028+0000][gc,task     ] GC(638) Using 8 workers of 8 for evacuation
[2025-12-25T07:06:34.038+0000][gc,phases   ] GC(638)   Pre Evacuate Collection Set: 3.1ms
[2025-12-25T07:06:34.039+0000][gc,phases   ] GC(638)   Merge Heap Roots: 0.2ms
[2025-12-25T07:06:34.039+0000][gc,phases   ] GC(638)   Evacuate Collection Set: 5.1ms
[2025-12-25T07:06:34.039+0000][gc,phases   ] GC(638)   Post Evacuate Collection Set: 2.0ms
[2025-12-25T07:06:34.039+0000][gc,phases   ] GC(638)   Other: 0.4ms
[2025-12-25T07:06:34.039+0000][gc,heap     ] GC(638) Eden regions: 613->0(612)
[2025-12-25T07:06:34.039+0000][gc,heap     ] GC(638) Survivor regions: 1->2(77)
[2025-12-25T07:06:34.039+0000][gc,heap     ] GC(638) Old regions: 56->56
[2025-12-25T07:06:34.039+0000][gc,heap     ] GC(638) Humongous regions: 40->40
[2025-12-25T07:06:34.039+0000][gc,metaspace] GC(638) Metaspace: 12642K(13056K)->12642K(13056K) NonClass: 11558K(11712K)->11558K(11712K) Class: 1083K(1344K)->1083K(1344K)
[2025-12-25T07:06:34.039+0000][gc          ] GC(638) Pause Young (Normal) (G1 Evacuation Pause) 709M->97M(1024M) 12.279ms
[2025-12-25T07:06:34.039+0000][gc,cpu      ] GC(638) User=0.06s Sys=0.00s Real=0.02s
[2025-12-25T07:07:24.167+0000][gc,start    ] GC(639) Pause Young (Normal) (G1 Evacuation Pause)
[2025-12-25T07:07:24.168+0000][gc,task     ] GC(639) Using 8 workers of 8 for evacuation
[2025-12-25T07:07:24.173+0000][gc,phases   ] GC(639)   Pre Evacuate Collection Set: 1.0ms
[2025-12-25T07:07:24.173+0000][gc,phases   ] GC(639)   Merge Heap Roots: 0.2ms
[2025-12-25T07:07:24.173+0000][gc,phases   ] GC(639)   Evacuate Collection Set: 2.8ms
[2025-12-25T07:07:24.173+0000][gc,phases   ] GC(639)   Post Evacuate Collection Set: 1.2ms
[2025-12-25T07:07:24.173+0000][gc,phases   ] GC(639)   Other: 0.1ms
[2025-12-25T07:07:24.173+0000][gc,heap     ] GC(639) Eden regions: 612->0(612)
[2025-12-25T07:07:24.173+0000][gc,heap     ] GC(639) Survivor regions: 2->2(77)
[2025-12-25T07:07:24.173+0000][gc,heap     ] GC(639) Old regions: 56->57
[2025-12-25T07:07:24.173+0000][gc,heap     ] GC(639) Humongous regions: 40->40
[2025-12-25T07:07:24.173+0000][gc,metaspace] GC(639) Metaspace: 12642K(13056K)->12642K(13056K) NonClass: 11558K(11712K)->11558K(11712K) Class: 1083K(1344K)->1083K(1344K)
[2025-12-25T07:07:24.173+0000][gc          ] GC(639) Pause Young (Normal) (G1 Evacuation Pause) 709M->97M(1024M) 6.372ms
[2025-12-25T07:07:24.173+0000][gc,cpu      ] GC(639) User=0.03s Sys=0.00s Real=0.01s
[2025-12-25T07:08:24.021+0000][gc,start    ] GC(640) Pause Young (Normal) (G1 Evacuation Pause)
[2025-12-25T07:08:24.022+0000][gc,task     ] GC(640) Using 8 workers of 8 for evacuation
[2025-12-25T07:08:24.031+0000][gc,phases   ] GC(640)   Pre Evacuate Collection Set: 1.2ms
[2025-12-25T07:08:24.031+0000][gc,phases   ] GC(640)   Merge Heap Roots: 0.2ms
[2025-12-25T07:08:24.031+0000][gc,phases   ] GC(640)   Evacuate Collection Set: 5.8ms
[2025-12-25T07:08:24.031+0000][gc,phases   ] GC(640)   Post Evacuate Collection Set: 1.0ms
[2025-12-25T07:08:24.034+0000][gc,phases   ] GC(640)   Other: 0.3ms
[2025-12-25T07:08:24.035+0000][gc,heap     ] GC(640) Eden regions: 612->0(612)
[2025-12-25T07:08:24.035+0000][gc,heap     ] GC(640) Survivor regions: 2->2(77)
[2025-12-25T07:08:24.035+0000][gc,heap     ] GC(640) Old regions: 57->57
[2025-12-25T07:08:24.035+0000][gc,heap     ] GC(640) Humongous regions: 40->40
[2025-12-25T07:08:24.036+0000][gc,metaspace] GC(640) Metaspace: 12642K(13056K)->12642K(13056K) NonClass: 11558K(11712K)->11558K(11712K) Class: 1083K(1344K)->1083K(1344K)
[2025-12-25T07:08:24.036+0000][gc          ] GC(640) Pause Young (Normal) (G1 Evacuation Pause) 709M->97M(1024M) 14.219ms
[2025-12-25T07:08:24.036+0000][gc,cpu      ] GC(640) User=0.05s Sys=0.00s Real=0.01s
[2025-12-25T07:09:14.167+0000][gc,start    ] GC(641) Pause Young (Normal) (G1 Evacuation Pause)
[2025-12-25T07:09:14.167+0000][gc,task     ] GC(641) Using 8 workers of 8 for evacuation
[2025-12-25T07:09:14.179+0000][gc,phases   ] GC(641)   Pre Evacuate Collection Set: 1.1ms
[2025-12-25T07:09:14.179+0000][gc,phases   ] GC(641)   Merge Heap Roots: 0.2ms
[2025-12-25T07:09:14.179+0000][gc,phases   ] GC(641)   Evacuate Collection Set: 7.5ms
[2025-12-25T07:09:14.179+0000][gc,phases   ] GC(641)   Post Evacuate Collection Set: 2.3ms
[2025-12-25T07:09:14.179+0000][gc,phases   ] GC(641)   Other: 0.5ms
[2025-12-25T07:09:14.179+0000][gc,heap     ] GC(641) Eden regions: 612->0(612)
[2025-12-25T07:09:14.179+0000][gc,heap     ] GC(641) Survivor regions: 2->2(77)
[2025-12-25T07:09:14.179+0000][gc,heap     ] GC(641) Old regions: 57->57
[2025-12-25T07:09:14.179+0000][gc,heap     ] GC(641) Humongous regions: 40->40
[2025-12-25T07:09:14.180+0000][gc,metaspace] GC(641) Metaspace: 12642K(13056K)->12642K(13056K) NonClass: 11558K(11712K)->11558K(11712K) Class: 1083K(1344K)->1083K(1344K)
[2025-12-25T07:09:14.180+0000][gc          ] GC(641) Pause Young (Normal) (G1 Evacuation Pause) 709M->98M(1024M) 13.074ms
[2025-12-25T07:09:14.180+0000][gc,cpu      ] GC(641) User=0.07s Sys=0.00s Real=0.01s
[2025-12-25T07:10:13.971+0000][gc,start    ] GC(642) Pause Young (Normal) (G1 Evacuation Pause)
[2025-12-25T07:10:13.971+0000][gc,task     ] GC(642) Using 8 workers of 8 for evacuation
[2025-12-25T07:10:13.978+0000][gc,phases   ] GC(642)   Pre Evacuate Collection Set: 1.1ms
[2025-12-25T07:10:13.979+0000][gc,phases   ] GC(642)   Merge Heap Roots: 0.2ms
[2025-12-25T07:10:13.979+0000][gc,phases   ] GC(642)   Evacuate Collection Set: 4.1ms
[2025-12-25T07:10:13.979+0000][gc,phases   ] GC(642)   Post Evacuate Collection Set: 1.7ms
[2025-12-25T07:10:13.979+0000][gc,phases   ] GC(642)   Other: 0.2ms
[2025-12-25T07:10:13.979+0000][gc,heap     ] GC(642) Eden regions: 612->0(612)
[2025-12-25T07:10:13.979+0000][gc,heap     ] GC(642) Survivor regions: 2->2(77)
[2025-12-25T07:10:13.979+0000][gc,heap     ] GC(642) Old regions: 57->57
[2025-12-25T07:10:13.979+0000][gc,heap     ] GC(642) Humongous regions: 40->40
[2025-12-25T07:10:13.979+0000][gc,metaspace] GC(642) Metaspace: 12642K(13056K)->12642K(13056K) NonClass: 11558K(11712K)->11558K(11712K) Class: 1083K(1344K)->1083K(1344K)
[2025-12-25T07:10:13.979+0000][gc          ] GC(642) Pause Young (Normal) (G1 Evacuation Pause) 710M->97M(1024M) 8.231ms
[2025-12-25T07:10:13.979+0000][gc,cpu      ] GC(642) User=0.04s Sys=0.01s Real=0.01s
[2025-12-25T07:11:04.089+0000][gc,start    ] GC(643) Pause Young (Normal) (G1 Evacuation Pause)
[2025-12-25T07:11:04.089+0000][gc,task     ] GC(643) Using 8 workers of 8 for evacuation
[2025-12-25T07:11:04.094+0000][gc,phases   ] GC(643)   Pre Evacuate Collection Set: 1.1ms
[2025-12-25T07:11:04.095+0000][gc,phases   ] GC(643)   Merge Heap Roots: 0.2ms
[2025-12-25T07:11:04.095+0000][gc,phases   ] GC(643)   Evacuate Collection Set: 3.0ms
[2025-12-25T07:11:04.095+0000][gc,phases   ] GC(643)   Post Evacuate Collection Set: 0.9ms
[2025-12-25T07:11:04.095+0000][gc,phases   ] GC(643)   Other: 0.2ms
[2025-12-25T07:11:04.095+0000][gc,heap     ] GC(643) Eden regions: 612->0(612)
[2025-12-25T07:11:04.095+0000][gc,heap     ] GC(643) Survivor regions: 2->2(77)
[2025-12-25T07:11:04.095+0000][gc,heap     ] GC(643) Old regions: 57->57
[2025-12-25T07:11:04.095+0000][gc,heap     ] GC(643) Humongous regions: 40->40
[2025-12-25T07:11:04.095+0000][gc,metaspace] GC(643) Metaspace: 12642K(13056K)->12642K(13056K) NonClass: 11558K(11712K)->11558K(11712K) Class: 1083K(1344K)->1083K(1344K)
[2025-12-25T07:11:04.095+0000][gc          ] GC(643) Pause Young (Normal) (G1 Evacuation Pause) 709M->97M(1024M) 6.509ms
[2025-12-25T07:11:04.095+0000][gc,cpu      ] GC(643) User=0.03s Sys=0.00s Real=0.01s
[2025-12-25T07:12:03.945+0000][gc,start    ] GC(644) Pause Young (Normal) (G1 Evacuation Pause)
[2025-12-25T07:12:03.946+0000][gc,task     ] GC(644) Using 8 workers of 8 for evacuation
[2025-12-25T07:12:03.955+0000][gc,phases   ] GC(644)   Pre Evacuate Collection Set: 4.2ms
[2025-12-25T07:12:03.955+0000][gc,phases   ] GC(644)   Merge Heap Roots: 0.2ms
[2025-12-25T07:12:03.955+0000][gc,phases   ] GC(644)   Evacuate Collection Set: 3.2ms
[2025-12-25T07:12:03.955+0000][gc,phases   ] GC(644)   Post Evacuate Collection Set: 1.2ms
[2025-12-25T07:12:03.955+0000][gc,phases   ] GC(644)   Other: 0.2ms
[2025-12-25T07:12:03.955+0000][gc,heap     ] GC(644) Eden regions: 612->0(612)
[2025-12-25T07:12:03.955+0000][gc,heap     ] GC(644) Survivor regions: 2->2(77)
[2025-12-25T07:12:03.955+0000][gc,heap     ] GC(644) Old regions: 57->57
[2025-12-25T07:12:03.955+0000][gc,heap     ] GC(644) Humongous regions: 40->40
[2025-12-25T07:12:03.955+0000][gc,metaspace] GC(644) Metaspace: 12642K(13056K)->12642K(13056K) NonClass: 11558K(11712K)->11558K(11712K) Class: 1083K(1344K)->1083K(1344K)
[2025-12-25T07:12:03.956+0000][gc          ] GC(644) Pause Young (Normal) (G1 Evacuation Pause) 709M->97M(1024M) 11.020ms
[2025-12-25T07:12:03.956+0000][gc,cpu      ] GC(644) User=0.05s Sys=0.00s Real=0.01s
[2025-12-25T07:12:54.100+0000][gc,start    ] GC(645) Pause Young (Normal) (G1 Evacuation Pause)
[2025-12-25T07:12:54.101+0000][gc,task     ] GC(645) Using 8 workers of 8 for evacuation
[2025-12-25T07:12:54.113+0000][gc,phases   ] GC(645)   Pre Evacuate Collection Set: 1.0ms
[2025-12-25T07:12:54.113+0000][gc,phases   ] GC(645)   Merge Heap Roots: 0.2ms
[2025-12-25T07:12:54.113+0000][gc,phases   ] GC(645)   Evacuate Collection Set: 9.3ms
[2025-12-25T07:12:54.113+0000][gc,phases   ] GC(645)   Post Evacuate Collection Set: 1.2ms
[2025-12-25T07:12:54.114+0000][gc,phases   ] GC(645)   Other: 0.3ms
[2025-12-25T07:12:54.114+0000][gc,heap     ] GC(645) Eden regions: 612->0(612)
[2025-12-25T07:12:54.114+0000][gc,heap     ] GC(645) Survivor regions: 2->2(77)
[2025-12-25T07:12:54.114+0000][gc,heap     ] GC(645) Old regions: 57->57
[2025-12-25T07:12:54.114+0000][gc,heap     ] GC(645) Humongous regions: 40->40
[2025-12-25T07:12:54.114+0000][gc,metaspace] GC(645) Metaspace: 12642K(13056K)->12642K(13056K) NonClass: 11558K(11712K)->11558K(11712K) Class: 1083K(1344K)->1083K(1344K)
[2025-12-25T07:12:54.114+0000][gc          ] GC(645) Pause Young (Normal) (G1 Evacuation Pause) 709M->97M(1024M) 13.931ms
[2025-12-25T07:12:54.114+0000][gc,cpu      ] GC(645) User=0.08s Sys=0.00s Real=0.02s
[2025-12-25T07:13:53.909+0000][gc,start    ] GC(646) Pause Young (Normal) (G1 Evacuation Pause)
[2025-12-25T07:13:53.910+0000][gc,task     ] GC(646) Using 8 workers of 8 for evacuation
[2025-12-25T07:13:53.919+0000][gc,phases   ] GC(646)   Pre Evacuate Collection Set: 1.3ms
[2025-12-25T07:13:53.919+0000][gc,phases   ] GC(646)   Merge Heap Roots: 0.2ms
[2025-12-25T07:13:53.919+0000][gc,phases   ] GC(646)   Evacuate Collection Set: 4.8ms
[2025-12-25T07:13:53.919+0000][gc,phases   ] GC(646)   Post Evacuate Collection Set: 2.5ms
[2025-12-25T07:13:53.919+0000][gc,phases   ] GC(646)   Other: 0.3ms
[2025-12-25T07:13:53.919+0000][gc,heap     ] GC(646) Eden regions: 612->0(613)
[2025-12-25T07:13:53.919+0000][gc,heap     ] GC(646) Survivor regions: 2->1(77)
[2025-12-25T07:13:53.919+0000][gc,heap     ] GC(646) Old regions: 57->57
[2025-12-25T07:13:53.919+0000][gc,heap     ] GC(646) Humongous regions: 40->40
[2025-12-25T07:13:53.919+0000][gc,metaspace] GC(646) Metaspace: 12642K(13056K)->12642K(13056K) NonClass: 11558K(11712K)->11558K(11712K) Class: 1083K(1344K)->1083K(1344K)
[2025-12-25T07:13:53.919+0000][gc          ] GC(646) Pause Young (Normal) (G1 Evacuation Pause) 709M->97M(1024M) 10.349ms
[2025-12-25T07:13:53.919+0000][gc,cpu      ] GC(646) User=0.05s Sys=0.00s Real=0.02s
[2025-12-25T07:14:44.060+0000][gc,start    ] GC(647) Pause Young (Normal) (G1 Evacuation Pause)
[2025-12-25T07:14:44.062+0000][gc,task     ] GC(647) Using 8 workers of 8 for evacuation
[2025-12-25T07:14:44.069+0000][gc,phases   ] GC(647)   Pre Evacuate Collection Set: 2.3ms
[2025-12-25T07:14:44.069+0000][gc,phases   ] GC(647)   Merge Heap Roots: 0.2ms
[2025-12-25T07:14:44.069+0000][gc,phases   ] GC(647)   Evacuate Collection Set: 3.4ms
[2025-12-25T07:14:44.069+0000][gc,phases   ] GC(647)   Post Evacuate Collection Set: 1.0ms
[2025-12-25T07:14:44.069+0000][gc,phases   ] GC(647)   Other: 0.7ms
[2025-12-25T07:14:44.069+0000][gc,heap     ] GC(647) Eden regions: 613->0(612)
[2025-12-25T07:14:44.069+0000][gc,heap     ] GC(647) Survivor regions: 1->2(77)
[2025-12-25T07:14:44.069+0000][gc,heap     ] GC(647) Old regions: 57->57
[2025-12-25T07:14:44.070+0000][gc,heap     ] GC(647) Humongous regions: 40->40
[2025-12-25T07:14:44.070+0000][gc,metaspace] GC(647) Metaspace: 12642K(13056K)->12642K(13056K) NonClass: 11558K(11712K)->11558K(11712K) Class: 1083K(1344K)->1083K(1344K)
[2025-12-25T07:14:44.070+0000][gc          ] GC(647) Pause Young (Normal) (G1 Evacuation Pause) 710M->97M(1024M) 9.723ms
[2025-12-25T07:14:44.070+0000][gc,cpu      ] GC(647) User=0.04s Sys=0.01s Real=0.01s
[2025-12-25T07:15:43.897+0000][gc,start    ] GC(648) Pause Young (Normal) (G1 Evacuation Pause)
[2025-12-25T07:15:43.897+0000][gc,task     ] GC(648) Using 8 workers of 8 for evacuation
[2025-12-25T07:15:43.911+0000][gc,phases   ] GC(648)   Pre Evacuate Collection Set: 1.3ms
[2025-12-25T07:15:43.911+0000][gc,phases   ] GC(648)   Merge Heap Roots: 0.3ms
[2025-12-25T07:15:43.911+0000][gc,phases   ] GC(648)   Evacuate Collection Set: 10.8ms
[2025-12-25T07:15:43.911+0000][gc,phases   ] GC(648)   Post Evacuate Collection Set: 1.4ms
[2025-12-25T07:15:43.911+0000][gc,phases   ] GC(648)   Other: 0.2ms
[2025-12-25T07:15:43.912+0000][gc,heap     ] GC(648) Eden regions: 612->0(613)
[2025-12-25T07:15:43.912+0000][gc,heap     ] GC(648) Survivor regions: 2->1(77)
[2025-12-25T07:15:43.912+0000][gc,heap     ] GC(648) Old regions: 57->57
[2025-12-25T07:15:43.912+0000][gc,heap     ] GC(648) Humongous regions: 40->40
[2025-12-25T07:15:43.912+0000][gc,metaspace] GC(648) Metaspace: 12642K(13056K)->12642K(13056K) NonClass: 11558K(11712K)->11558K(11712K) Class: 1083K(1344K)->1083K(1344K)
[2025-12-25T07:15:43.912+0000][gc          ] GC(648) Pause Young (Normal) (G1 Evacuation Pause) 709M->97M(1024M) 15.072ms
[2025-12-25T07:15:43.912+0000][gc,cpu      ] GC(648) User=0.09s Sys=0.00s Real=0.01s
[2025-12-25T07:16:34.084+0000][gc,start    ] GC(649) Pause Young (Normal) (G1 Evacuation Pause)
[2025-12-25T07:16:34.084+0000][gc,task     ] GC(649) Using 8 workers of 8 for evacuation
[2025-12-25T07:16:34.092+0000][gc,phases   ] GC(649)   Pre Evacuate Collection Set: 1.0ms
[2025-12-25T07:16:34.092+0000][gc,phases   ] GC(649)   Merge Heap Roots: 0.2ms
[2025-12-25T07:16:34.093+0000][gc,phases   ] GC(649)   Evacuate Collection Set: 4.6ms
[2025-12-25T07:16:34.093+0000][gc,phases   ] GC(649)   Post Evacuate Collection Set: 1.7ms
[2025-12-25T07:16:34.093+0000][gc,phases   ] GC(649)   Other: 0.4ms
[2025-12-25T07:16:34.093+0000][gc,heap     ] GC(649) Eden regions: 613->0(612)
[2025-12-25T07:16:34.093+0000][gc,heap     ] GC(649) Survivor regions: 1->2(77)
[2025-12-25T07:16:34.093+0000][gc,heap     ] GC(649) Old regions: 57->57
[2025-12-25T07:16:34.093+0000][gc,heap     ] GC(649) Humongous regions: 40->40
[2025-12-25T07:16:34.093+0000][gc,metaspace] GC(649) Metaspace: 12642K(13056K)->12642K(13056K) NonClass: 11558K(11712K)->11558K(11712K) Class: 1083K(1344K)->1083K(1344K)
[2025-12-25T07:16:34.093+0000][gc          ] GC(649) Pause Young (Normal) (G1 Evacuation Pause) 710M->97M(1024M) 9.332ms
[2025-12-25T07:16:34.093+0000][gc,cpu      ] GC(649) User=0.05s Sys=0.00s Real=0.01s
[2025-12-25T07:17:33.884+0000][gc,start    ] GC(650) Pause Young (Normal) (G1 Evacuation Pause)
[2025-12-25T07:17:33.885+0000][gc,task     ] GC(650) Using 8 workers of 8 for evacuation
[2025-12-25T07:17:33.890+0000][gc,phases   ] GC(650)   Pre Evacuate Collection Set: 1.1ms
[2025-12-25T07:17:33.890+0000][gc,phases   ] GC(650)   Merge Heap Roots: 0.2ms
[2025-12-25T07:17:33.890+0000][gc,phases   ] GC(650)   Evacuate Collection Set: 2.6ms
[2025-12-25T07:17:33.890+0000][gc,phases   ] GC(650)   Post Evacuate Collection Set: 0.9ms
[2025-12-25T07:17:33.890+0000][gc,phases   ] GC(650)   Other: 0.2ms
[2025-12-25T07:17:33.890+0000][gc,heap     ] GC(650) Eden regions: 612->0(613)
[2025-12-25T07:17:33.890+0000][gc,heap     ] GC(650) Survivor regions: 2->1(77)
[2025-12-25T07:17:33.890+0000][gc,heap     ] GC(650) Old regions: 57->57
[2025-12-25T07:17:33.890+0000][gc,heap     ] GC(650) Humongous regions: 40->40
[2025-12-25T07:17:33.890+0000][gc,metaspace] GC(650) Metaspace: 12642K(13056K)->12642K(13056K) NonClass: 11558K(11712K)->11558K(11712K) Class: 1083K(1344K)->1083K(1344K)
[2025-12-25T07:17:33.890+0000][gc          ] GC(650) Pause Young (Normal) (G1 Evacuation Pause) 709M->97M(1024M) 5.730ms
[2025-12-25T07:17:33.890+0000][gc,cpu      ] GC(650) User=0.03s Sys=0.01s Real=0.00s
[2025-12-25T07:18:24.090+0000][gc,start    ] GC(651) Pause Young (Normal) (G1 Evacuation Pause)
[2025-12-25T07:18:24.091+0000][gc,task     ] GC(651) Using 8 workers of 8 for evacuation
[2025-12-25T07:18:24.097+0000][gc,phases   ] GC(651)   Pre Evacuate Collection Set: 1.1ms
[2025-12-25T07:18:24.097+0000][gc,phases   ] GC(651)   Merge Heap Roots: 0.2ms
[2025-12-25T07:18:24.097+0000][gc,phases   ] GC(651)   Evacuate Collection Set: 3.2ms
[2025-12-25T07:18:24.098+0000][gc,phases   ] GC(651)   Post Evacuate Collection Set: 1.6ms
[2025-12-25T07:18:24.098+0000][gc,phases   ] GC(651)   Other: 0.2ms
[2025-12-25T07:18:24.098+0000][gc,heap     ] GC(651) Eden regions: 613->0(612)
[2025-12-25T07:18:24.098+0000][gc,heap     ] GC(651) Survivor regions: 1->2(77)
[2025-12-25T07:18:24.098+0000][gc,heap     ] GC(651) Old regions: 57->57
[2025-12-25T07:18:24.098+0000][gc,heap     ] GC(651) Humongous regions: 40->40
[2025-12-25T07:18:24.098+0000][gc,metaspace] GC(651) Metaspace: 12642K(13056K)->12642K(13056K) NonClass: 11558K(11712K)->11558K(11712K) Class: 1083K(1344K)->1083K(1344K)
[2025-12-25T07:18:24.098+0000][gc          ] GC(651) Pause Young (Normal) (G1 Evacuation Pause) 710M->97M(1024M) 7.781ms
[2025-12-25T07:18:24.098+0000][gc,cpu      ] GC(651) User=0.04s Sys=0.01s Real=0.01s
[2025-12-25T07:19:23.869+0000][gc,start    ] GC(652) Pause Young (Normal) (G1 Evacuation Pause)
[2025-12-25T07:19:23.870+0000][gc,task     ] GC(652) Using 8 workers of 8 for evacuation
[2025-12-25T07:19:23.880+0000][gc,phases   ] GC(652)   Pre Evacuate Collection Set: 2.6ms
[2025-12-25T07:19:23.880+0000][gc,phases   ] GC(652)   Merge Heap Roots: 0.4ms
[2025-12-25T07:19:23.881+0000][gc,phases   ] GC(652)   Evacuate Collection Set: 4.5ms
[2025-12-25T07:19:23.881+0000][gc,phases   ] GC(652)   Post Evacuate Collection Set: 1.3ms
[2025-12-25T07:19:23.881+0000][gc,phases   ] GC(652)   Other: 1.2ms
[2025-12-25T07:19:23.881+0000][gc,heap     ] GC(652) Eden regions: 612->0(613)
[2025-12-25T07:19:23.881+0000][gc,heap     ] GC(652) Survivor regions: 2->1(77)
[2025-12-25T07:19:23.881+0000][gc,heap     ] GC(652) Old regions: 57->57
[2025-12-25T07:19:23.881+0000][gc,heap     ] GC(652) Humongous regions: 40->40
[2025-12-25T07:19:23.881+0000][gc,metaspace] GC(652) Metaspace: 12642K(13056K)->12642K(13056K) NonClass: 11558K(11712K)->11558K(11712K) Class: 1083K(1344K)->1083K(1344K)
[2025-12-25T07:19:23.881+0000][gc          ] GC(652) Pause Young (Normal) (G1 Evacuation Pause) 709M->97M(1024M) 11.857ms
[2025-12-25T07:19:23.881+0000][gc,cpu      ] GC(652) User=0.04s Sys=0.00s Real=0.01s
[2025-12-25T07:20:14.029+0000][gc,start    ] GC(653) Pause Young (Normal) (G1 Evacuation Pause)
[2025-12-25T07:20:14.030+0000][gc,task     ] GC(653) Using 8 workers of 8 for evacuation
[2025-12-25T07:20:14.038+0000][gc,phases   ] GC(653)   Pre Evacuate Collection Set: 3.6ms
[2025-12-25T07:20:14.038+0000][gc,phases   ] GC(653)   Merge Heap Roots: 0.2ms
[2025-12-25T07:20:14.038+0000][gc,phases   ] GC(653)   Evacuate Collection Set: 2.9ms
[2025-12-25T07:20:14.038+0000][gc,phases   ] GC(653)   Post Evacuate Collection Set: 1.0ms
[2025-12-25T07:20:14.038+0000][gc,phases   ] GC(653)   Other: 0.2ms
[2025-12-25T07:20:14.038+0000][gc,heap     ] GC(653) Eden regions: 613->0(612)
[2025-12-25T07:20:14.038+0000][gc,heap     ] GC(653) Survivor regions: 1->2(77)
[2025-12-25T07:20:14.038+0000][gc,heap     ] GC(653) Old regions: 57->57
[2025-12-25T07:20:14.038+0000][gc,heap     ] GC(653) Humongous regions: 40->40
[2025-12-25T07:20:14.038+0000][gc,metaspace] GC(653) Metaspace: 12642K(13056K)->12642K(13056K) NonClass: 11558K(11712K)->11558K(11712K) Class: 1083K(1344K)->1083K(1344K)
[2025-12-25T07:20:14.039+0000][gc          ] GC(653) Pause Young (Normal) (G1 Evacuation Pause) 710M->97M(1024M) 9.670ms
[2025-12-25T07:20:14.039+0000][gc,cpu      ] GC(653) User=0.05s Sys=0.00s Real=0.01s
[2025-12-25T07:21:04.198+0000][gc,start    ] GC(654) Pause Young (Normal) (G1 Evacuation Pause)
[2025-12-25T07:21:04.200+0000][gc,task     ] GC(654) Using 8 workers of 8 for evacuation
[2025-12-25T07:21:04.209+0000][gc,phases   ] GC(654)   Pre Evacuate Collection Set: 3.1ms
[2025-12-25T07:21:04.209+0000][gc,phases   ] GC(654)   Merge Heap Roots: 0.5ms
[2025-12-25T07:21:04.209+0000][gc,phases   ] GC(654)   Evacuate Collection Set: 4.8ms
[2025-12-25T07:21:04.209+0000][gc,phases   ] GC(654)   Post Evacuate Collection Set: 0.9ms
[2025-12-25T07:21:04.210+0000][gc,phases   ] GC(654)   Other: 0.5ms
[2025-12-25T07:21:04.210+0000][gc,heap     ] GC(654) Eden regions: 612->0(611)
[2025-12-25T07:21:04.210+0000][gc,heap     ] GC(654) Survivor regions: 2->3(77)
[2025-12-25T07:21:04.210+0000][gc,heap     ] GC(654) Old regions: 57->57
[2025-12-25T07:21:04.210+0000][gc,heap     ] GC(654) Humongous regions: 40->40
[2025-12-25T07:21:04.210+0000][gc,metaspace] GC(654) Metaspace: 12642K(13056K)->12642K(13056K) NonClass: 11558K(11712K)->11558K(11712K) Class: 1083K(1344K)->1083K(1344K)
[2025-12-25T07:21:04.210+0000][gc          ] GC(654) Pause Young (Normal) (G1 Evacuation Pause) 709M->98M(1024M) 11.553ms
[2025-12-25T07:21:04.210+0000][gc,cpu      ] GC(654) User=0.04s Sys=0.00s Real=0.01s
[2025-12-25T07:22:04.034+0000][gc,start    ] GC(655) Pause Young (Normal) (G1 Evacuation Pause)
[2025-12-25T07:22:04.035+0000][gc,task     ] GC(655) Using 8 workers of 8 for evacuation
[2025-12-25T07:22:04.041+0000][gc,phases   ] GC(655)   Pre Evacuate Collection Set: 1.0ms
[2025-12-25T07:22:04.041+0000][gc,phases   ] GC(655)   Merge Heap Roots: 0.2ms
[2025-12-25T07:22:04.041+0000][gc,phases   ] GC(655)   Evacuate Collection Set: 3.1ms
[2025-12-25T07:22:04.041+0000][gc,phases   ] GC(655)   Post Evacuate Collection Set: 1.1ms
[2025-12-25T07:22:04.041+0000][gc,phases   ] GC(655)   Other: 0.2ms
[2025-12-25T07:22:04.041+0000][gc,heap     ] GC(655) Eden regions: 611->0(612)
[2025-12-25T07:22:04.041+0000][gc,heap     ] GC(655) Survivor regions: 3->2(77)
[2025-12-25T07:22:04.041+0000][gc,heap     ] GC(655) Old regions: 57->57
[2025-12-25T07:22:04.042+0000][gc,heap     ] GC(655) Humongous regions: 40->40
[2025-12-25T07:22:04.042+0000][gc,metaspace] GC(655) Metaspace: 12642K(13056K)->12642K(13056K) NonClass: 11558K(11712K)->11558K(11712K) Class: 1083K(1344K)->1083K(1344K)
[2025-12-25T07:22:04.042+0000][gc          ] GC(655) Pause Young (Normal) (G1 Evacuation Pause) 709M->97M(1024M) 7.525ms
[2025-12-25T07:22:04.042+0000][gc,cpu      ] GC(655) User=0.03s Sys=0.00s Real=0.01s
[2025-12-25T07:22:54.266+0000][gc,start    ] GC(656) Pause Young (Normal) (G1 Evacuation Pause)
[2025-12-25T07:22:54.267+0000][gc,task     ] GC(656) Using 8 workers of 8 for evacuation
[2025-12-25T07:22:54.273+0000][gc,phases   ] GC(656)   Pre Evacuate Collection Set: 1.2ms
[2025-12-25T07:22:54.275+0000][gc,phases   ] GC(656)   Merge Heap Roots: 0.2ms
[2025-12-25T07:22:54.275+0000][gc,phases   ] GC(656)   Evacuate Collection Set: 3.8ms
[2025-12-25T07:22:54.275+0000][gc,phases   ] GC(656)   Post Evacuate Collection Set: 1.2ms
[2025-12-25T07:22:54.275+0000][gc,phases   ] GC(656)   Other: 0.3ms
[2025-12-25T07:22:54.276+0000][gc,heap     ] GC(656) Eden regions: 612->0(611)
[2025-12-25T07:22:54.276+0000][gc,heap     ] GC(656) Survivor regions: 2->3(77)
[2025-12-25T07:22:54.276+0000][gc,heap     ] GC(656) Old regions: 57->57
[2025-12-25T07:22:54.276+0000][gc,heap     ] GC(656) Humongous regions: 40->40
[2025-12-25T07:22:54.276+0000][gc,metaspace] GC(656) Metaspace: 12642K(13056K)->12642K(13056K) NonClass: 11558K(11712K)->11558K(11712K) Class: 1083K(1344K)->1083K(1344K)
[2025-12-25T07:22:54.276+0000][gc          ] GC(656) Pause Young (Normal) (G1 Evacuation Pause) 709M->98M(1024M) 9.437ms
[2025-12-25T07:22:54.276+0000][gc,cpu      ] GC(656) User=0.04s Sys=0.00s Real=0.01s
[2025-12-25T07:23:54.065+0000][gc,start    ] GC(657) Pause Young (Normal) (G1 Evacuation Pause)
[2025-12-25T07:23:54.065+0000][gc,task     ] GC(657) Using 8 workers of 8 for evacuation
[2025-12-25T07:23:54.072+0000][gc,phases   ] GC(657)   Pre Evacuate Collection Set: 1.1ms
[2025-12-25T07:23:54.072+0000][gc,phases   ] GC(657)   Merge Heap Roots: 0.2ms
[2025-12-25T07:23:54.072+0000][gc,phases   ] GC(657)   Evacuate Collection Set: 2.9ms
[2025-12-25T07:23:54.072+0000][gc,phases   ] GC(657)   Post Evacuate Collection Set: 2.2ms
[2025-12-25T07:23:54.072+0000][gc,phases   ] GC(657)   Other: 0.2ms
[2025-12-25T07:23:54.072+0000][gc,heap     ] GC(657) Eden regions: 611->0(612)
[2025-12-25T07:23:54.072+0000][gc,heap     ] GC(657) Survivor regions: 3->2(77)
[2025-12-25T07:23:54.072+0000][gc,heap     ] GC(657) Old regions: 57->57
[2025-12-25T07:23:54.072+0000][gc,heap     ] GC(657) Humongous regions: 40->40
[2025-12-25T07:23:54.072+0000][gc,metaspace] GC(657) Metaspace: 12642K(13056K)->12642K(13056K) NonClass: 11558K(11712K)->11558K(11712K) Class: 1083K(1344K)->1083K(1344K)
[2025-12-25T07:23:54.072+0000][gc          ] GC(657) Pause Young (Normal) (G1 Evacuation Pause) 709M->97M(1024M) 7.655ms
[2025-12-25T07:23:54.073+0000][gc,cpu      ] GC(657) User=0.03s Sys=0.00s Real=0.01s
[2025-12-25T07:24:44.201+0000][gc,start    ] GC(658) Pause Young (Normal) (G1 Evacuation Pause)
[2025-12-25T07:24:44.201+0000][gc,task     ] GC(658) Using 8 workers of 8 for evacuation
[2025-12-25T07:24:44.211+0000][gc,phases   ] GC(658)   Pre Evacuate Collection Set: 1.1ms
[2025-12-25T07:24:44.211+0000][gc,phases   ] GC(658)   Merge Heap Roots: 0.2ms
[2025-12-25T07:24:44.212+0000][gc,phases   ] GC(658)   Evacuate Collection Set: 6.1ms
[2025-12-25T07:24:44.212+0000][gc,phases   ] GC(658)   Post Evacuate Collection Set: 2.6ms
[2025-12-25T07:24:44.212+0000][gc,phases   ] GC(658)   Other: 0.2ms
[2025-12-25T07:24:44.212+0000][gc,heap     ] GC(658) Eden regions: 612->0(612)
[2025-12-25T07:24:44.212+0000][gc,heap     ] GC(658) Survivor regions: 2->2(77)
[2025-12-25T07:24:44.212+0000][gc,heap     ] GC(658) Old regions: 57->57
[2025-12-25T07:24:44.212+0000][gc,heap     ] GC(658) Humongous regions: 40->40
[2025-12-25T07:24:44.212+0000][gc,metaspace] GC(658) Metaspace: 12642K(13056K)->12642K(13056K) NonClass: 11558K(11712K)->11558K(11712K) Class: 1083K(1344K)->1083K(1344K)
[2025-12-25T07:24:44.212+0000][gc          ] GC(658) Pause Young (Normal) (G1 Evacuation Pause) 709M->98M(1024M) 11.405ms
[2025-12-25T07:24:44.212+0000][gc,cpu      ] GC(658) User=0.06s Sys=0.00s Real=0.01s
[2025-12-25T07:25:43.992+0000][gc,start    ] GC(659) Pause Young (Normal) (G1 Evacuation Pause)
[2025-12-25T07:25:43.992+0000][gc,task     ] GC(659) Using 8 workers of 8 for evacuation
[2025-12-25T07:25:43.998+0000][gc,phases   ] GC(659)   Pre Evacuate Collection Set: 1.3ms
[2025-12-25T07:25:43.998+0000][gc,phases   ] GC(659)   Merge Heap Roots: 0.2ms
[2025-12-25T07:25:43.998+0000][gc,phases   ] GC(659)   Evacuate Collection Set: 3.3ms
[2025-12-25T07:25:43.998+0000][gc,phases   ] GC(659)   Post Evacuate Collection Set: 1.0ms
[2025-12-25T07:25:43.999+0000][gc,phases   ] GC(659)   Other: 0.2ms
[2025-12-25T07:25:43.999+0000][gc,heap     ] GC(659) Eden regions: 612->0(612)
[2025-12-25T07:25:43.999+0000][gc,heap     ] GC(659) Survivor regions: 2->2(77)
[2025-12-25T07:25:43.999+0000][gc,heap     ] GC(659) Old regions: 57->57
[2025-12-25T07:25:43.999+0000][gc,heap     ] GC(659) Humongous regions: 40->40
[2025-12-25T07:25:43.999+0000][gc,metaspace] GC(659) Metaspace: 12642K(13056K)->12642K(13056K) NonClass: 11558K(11712K)->11558K(11712K) Class: 1083K(1344K)->1083K(1344K)
[2025-12-25T07:25:43.999+0000][gc          ] GC(659) Pause Young (Normal) (G1 Evacuation Pause) 710M->97M(1024M) 7.501ms
[2025-12-25T07:25:43.999+0000][gc,cpu      ] GC(659) User=0.03s Sys=0.00s Real=0.01s
[2025-12-25T07:26:34.186+0000][gc,start    ] GC(660) Pause Young (Normal) (G1 Evacuation Pause)
[2025-12-25T07:26:34.186+0000][gc,task     ] GC(660) Using 8 workers of 8 for evacuation
[2025-12-25T07:26:34.198+0000][gc,phases   ] GC(660)   Pre Evacuate Collection Set: 1.3ms
[2025-12-25T07:26:34.198+0000][gc,phases   ] GC(660)   Merge Heap Roots: 0.2ms
[2025-12-25T07:26:34.198+0000][gc,phases   ] GC(660)   Evacuate Collection Set: 5.7ms
[2025-12-25T07:26:34.198+0000][gc,phases   ] GC(660)   Post Evacuate Collection Set: 4.3ms
[2025-12-25T07:26:34.199+0000][gc,phases   ] GC(660)   Other: 0.2ms
[2025-12-25T07:26:34.199+0000][gc,heap     ] GC(660) Eden regions: 612->0(612)
[2025-12-25T07:26:34.199+0000][gc,heap     ] GC(660) Survivor regions: 2->2(77)
[2025-12-25T07:26:34.199+0000][gc,heap     ] GC(660) Old regions: 57->57
[2025-12-25T07:26:34.199+0000][gc,heap     ] GC(660) Humongous regions: 40->40
[2025-12-25T07:26:34.199+0000][gc,metaspace] GC(660) Metaspace: 12642K(13056K)->12642K(13056K) NonClass: 11558K(11712K)->11558K(11712K) Class: 1083K(1344K)->1083K(1344K)
[2025-12-25T07:26:34.199+0000][gc          ] GC(660) Pause Young (Normal) (G1 Evacuation Pause) 709M->98M(1024M) 13.059ms
[2025-12-25T07:26:34.199+0000][gc,cpu      ] GC(660) User=0.05s Sys=0.00s Real=0.02s
[2025-12-25T07:27:33.959+0000][gc,start    ] GC(661) Pause Young (Normal) (G1 Evacuation Pause)
[2025-12-25T07:27:33.960+0000][gc,task     ] GC(661) Using 8 workers of 8 for evacuation
[2025-12-25T07:27:33.971+0000][gc,phases   ] GC(661)   Pre Evacuate Collection Set: 1.7ms
[2025-12-25T07:27:33.971+0000][gc,phases   ] GC(661)   Merge Heap Roots: 0.3ms
[2025-12-25T07:27:33.971+0000][gc,phases   ] GC(661)   Evacuate Collection Set: 6.9ms
[2025-12-25T07:27:33.972+0000][gc,phases   ] GC(661)   Post Evacuate Collection Set: 1.9ms
[2025-12-25T07:27:33.972+0000][gc,phases   ] GC(661)   Other: 0.7ms
[2025-12-25T07:27:33.972+0000][gc,heap     ] GC(661) Eden regions: 612->0(613)
[2025-12-25T07:27:33.972+0000][gc,heap     ] GC(661) Survivor regions: 2->1(77)
[2025-12-25T07:27:33.973+0000][gc,heap     ] GC(661) Old regions: 57->57
[2025-12-25T07:27:33.973+0000][gc,heap     ] GC(661) Humongous regions: 40->40
[2025-12-25T07:27:33.973+0000][gc,metaspace] GC(661) Metaspace: 12642K(13056K)->12642K(13056K) NonClass: 11558K(11712K)->11558K(11712K) Class: 1083K(1344K)->1083K(1344K)
[2025-12-25T07:27:33.973+0000][gc          ] GC(661) Pause Young (Normal) (G1 Evacuation Pause) 710M->97M(1024M) 14.655ms
[2025-12-25T07:27:33.973+0000][gc,cpu      ] GC(661) User=0.06s Sys=0.01s Real=0.01s
[2025-12-25T07:28:24.148+0000][gc,start    ] GC(662) Pause Young (Normal) (G1 Evacuation Pause)
[2025-12-25T07:28:24.149+0000][gc,task     ] GC(662) Using 8 workers of 8 for evacuation
[2025-12-25T07:28:24.157+0000][gc,phases   ] GC(662)   Pre Evacuate Collection Set: 2.3ms
[2025-12-25T07:28:24.157+0000][gc,phases   ] GC(662)   Merge Heap Roots: 0.2ms
[2025-12-25T07:28:24.157+0000][gc,phases   ] GC(662)   Evacuate Collection Set: 3.5ms
[2025-12-25T07:28:24.157+0000][gc,phases   ] GC(662)   Post Evacuate Collection Set: 1.1ms
[2025-12-25T07:28:24.157+0000][gc,phases   ] GC(662)   Other: 0.5ms
[2025-12-25T07:28:24.157+0000][gc,heap     ] GC(662) Eden regions: 613->0(612)
[2025-12-25T07:28:24.157+0000][gc,heap     ] GC(662) Survivor regions: 1->2(77)
[2025-12-25T07:28:24.157+0000][gc,heap     ] GC(662) Old regions: 57->57
[2025-12-25T07:28:24.157+0000][gc,heap     ] GC(662) Humongous regions: 40->40
[2025-12-25T07:28:24.157+0000][gc,metaspace] GC(662) Metaspace: 12642K(13056K)->12642K(13056K) NonClass: 11558K(11712K)->11558K(11712K) Class: 1083K(1344K)->1083K(1344K)
[2025-12-25T07:28:24.157+0000][gc          ] GC(662) Pause Young (Normal) (G1 Evacuation Pause) 710M->98M(1024M) 9.953ms
[2025-12-25T07:28:24.158+0000][gc,cpu      ] GC(662) User=0.03s Sys=0.00s Real=0.01s
[2025-12-25T07:29:23.923+0000][gc,start    ] GC(663) Pause Young (Normal) (G1 Evacuation Pause)
[2025-12-25T07:29:23.923+0000][gc,task     ] GC(663) Using 8 workers of 8 for evacuation
[2025-12-25T07:29:23.929+0000][gc,phases   ] GC(663)   Pre Evacuate Collection Set: 1.1ms
[2025-12-25T07:29:23.929+0000][gc,phases   ] GC(663)   Merge Heap Roots: 0.2ms
[2025-12-25T07:29:23.929+0000][gc,phases   ] GC(663)   Evacuate Collection Set: 3.3ms
[2025-12-25T07:29:23.930+0000][gc,phases   ] GC(663)   Post Evacuate Collection Set: 1.2ms
[2025-12-25T07:29:23.930+0000][gc,phases   ] GC(663)   Other: 0.2ms
[2025-12-25T07:29:23.930+0000][gc,heap     ] GC(663) Eden regions: 612->0(613)
[2025-12-25T07:29:23.930+0000][gc,heap     ] GC(663) Survivor regions: 2->1(77)
[2025-12-25T07:29:23.930+0000][gc,heap     ] GC(663) Old regions: 57->57
[2025-12-25T07:29:23.930+0000][gc,heap     ] GC(663) Humongous regions: 40->40
[2025-12-25T07:29:23.930+0000][gc,metaspace] GC(663) Metaspace: 12642K(13056K)->12642K(13056K) NonClass: 11558K(11712K)->11558K(11712K) Class: 1083K(1344K)->1083K(1344K)
[2025-12-25T07:29:23.930+0000][gc          ] GC(663) Pause Young (Normal) (G1 Evacuation Pause) 710M->97M(1024M) 7.303ms
[2025-12-25T07:29:23.930+0000][gc,cpu      ] GC(663) User=0.03s Sys=0.00s Real=0.01s
[2025-12-25T07:30:14.080+0000][gc,start    ] GC(664) Pause Young (Normal) (G1 Evacuation Pause)
[2025-12-25T07:30:14.082+0000][gc,task     ] GC(664) Using 8 workers of 8 for evacuation
[2025-12-25T07:30:14.092+0000][gc,phases   ] GC(664)   Pre Evacuate Collection Set: 1.5ms
[2025-12-25T07:30:14.092+0000][gc,phases   ] GC(664)   Merge Heap Roots: 0.2ms
[2025-12-25T07:30:14.092+0000][gc,phases   ] GC(664)   Evacuate Collection Set: 6.5ms
[2025-12-25T07:30:14.092+0000][gc,phases   ] GC(664)   Post Evacuate Collection Set: 1.0ms
[2025-12-25T07:30:14.092+0000][gc,phases   ] GC(664)   Other: 1.3ms
[2025-12-25T07:30:14.092+0000][gc,heap     ] GC(664) Eden regions: 613->0(612)
[2025-12-25T07:30:14.092+0000][gc,heap     ] GC(664) Survivor regions: 1->2(77)
[2025-12-25T07:30:14.092+0000][gc,heap     ] GC(664) Old regions: 57->57
[2025-12-25T07:30:14.092+0000][gc,heap     ] GC(664) Humongous regions: 40->40
[2025-12-25T07:30:14.092+0000][gc,metaspace] GC(664) Metaspace: 12642K(13056K)->12642K(13056K) NonClass: 11558K(11712K)->11558K(11712K) Class: 1083K(1344K)->1083K(1344K)
[2025-12-25T07:30:14.092+0000][gc          ] GC(664) Pause Young (Normal) (G1 Evacuation Pause) 710M->98M(1024M) 12.424ms
[2025-12-25T07:30:14.092+0000][gc,cpu      ] GC(664) User=0.04s Sys=0.00s Real=0.01s
[2025-12-25T07:31:13.734+0000][gc,start    ] GC(665) Pause Young (Normal) (G1 Evacuation Pause)
[2025-12-25T07:31:13.735+0000][gc,task     ] GC(665) Using 8 workers of 8 for evacuation
[2025-12-25T07:31:13.745+0000][gc,phases   ] GC(665)   Pre Evacuate Collection Set: 1.3ms
[2025-12-25T07:31:13.745+0000][gc,phases   ] GC(665)   Merge Heap Roots: 0.2ms
[2025-12-25T07:31:13.745+0000][gc,phases   ] GC(665)   Evacuate Collection Set: 6.7ms
[2025-12-25T07:31:13.745+0000][gc,phases   ] GC(665)   Post Evacuate Collection Set: 1.6ms
[2025-12-25T07:31:13.745+0000][gc,phases   ] GC(665)   Other: 0.2ms
[2025-12-25T07:31:13.745+0000][gc,heap     ] GC(665) Eden regions: 612->0(613)
[2025-12-25T07:31:13.745+0000][gc,heap     ] GC(665) Survivor regions: 2->1(77)
[2025-12-25T07:31:13.745+0000][gc,heap     ] GC(665) Old regions: 57->57
[2025-12-25T07:31:13.745+0000][gc,heap     ] GC(665) Humongous regions: 40->40
[2025-12-25T07:31:13.746+0000][gc,metaspace] GC(665) Metaspace: 12642K(13056K)->12642K(13056K) NonClass: 11558K(11712K)->11558K(11712K) Class: 1083K(1344K)->1083K(1344K)
[2025-12-25T07:31:13.746+0000][gc          ] GC(665) Pause Young (Normal) (G1 Evacuation Pause) 710M->97M(1024M) 11.407ms
[2025-12-25T07:31:13.746+0000][gc,cpu      ] GC(665) User=0.04s Sys=0.01s Real=0.01s
[2025-12-25T07:32:03.890+0000][gc,start    ] GC(666) Pause Young (Normal) (G1 Evacuation Pause)
[2025-12-25T07:32:03.891+0000][gc,task     ] GC(666) Using 8 workers of 8 for evacuation
[2025-12-25T07:32:03.901+0000][gc,phases   ] GC(666)   Pre Evacuate Collection Set: 1.1ms
[2025-12-25T07:32:03.901+0000][gc,phases   ] GC(666)   Merge Heap Roots: 0.2ms
[2025-12-25T07:32:03.901+0000][gc,phases   ] GC(666)   Evacuate Collection Set: 7.6ms
[2025-12-25T07:32:03.901+0000][gc,phases   ] GC(666)   Post Evacuate Collection Set: 1.0ms
[2025-12-25T07:32:03.901+0000][gc,phases   ] GC(666)   Other: 0.2ms
[2025-12-25T07:32:03.901+0000][gc,heap     ] GC(666) Eden regions: 613->0(612)
[2025-12-25T07:32:03.901+0000][gc,heap     ] GC(666) Survivor regions: 1->2(77)
[2025-12-25T07:32:03.901+0000][gc,heap     ] GC(666) Old regions: 57->57
[2025-12-25T07:32:03.901+0000][gc,heap     ] GC(666) Humongous regions: 40->40
[2025-12-25T07:32:03.901+0000][gc,metaspace] GC(666) Metaspace: 12642K(13056K)->12642K(13056K) NonClass: 11558K(11712K)->11558K(11712K) Class: 1083K(1344K)->1083K(1344K)
[2025-12-25T07:32:03.901+0000][gc          ] GC(666) Pause Young (Normal) (G1 Evacuation Pause) 710M->98M(1024M) 11.498ms
[2025-12-25T07:32:03.901+0000][gc,cpu      ] GC(666) User=0.06s Sys=0.00s Real=0.01s
[2025-12-25T07:33:03.694+0000][gc,start    ] GC(667) Pause Young (Normal) (G1 Evacuation Pause)
[2025-12-25T07:33:03.695+0000][gc,task     ] GC(667) Using 8 workers of 8 for evacuation
[2025-12-25T07:33:03.723+0000][gc,phases   ] GC(667)   Pre Evacuate Collection Set: 9.0ms
[2025-12-25T07:33:03.723+0000][gc,phases   ] GC(667)   Merge Heap Roots: 0.6ms
[2025-12-25T07:33:03.724+0000][gc,phases   ] GC(667)   Evacuate Collection Set: 15.9ms
[2025-12-25T07:33:03.724+0000][gc,phases   ] GC(667)   Post Evacuate Collection Set: 2.0ms
[2025-12-25T07:33:03.724+0000][gc,phases   ] GC(667)   Other: 0.5ms
[2025-12-25T07:33:03.724+0000][gc,heap     ] GC(667) Eden regions: 612->0(613)
[2025-12-25T07:33:03.724+0000][gc,heap     ] GC(667) Survivor regions: 2->1(77)
[2025-12-25T07:33:03.724+0000][gc,heap     ] GC(667) Old regions: 57->57
[2025-12-25T07:33:03.725+0000][gc,heap     ] GC(667) Humongous regions: 40->40
[2025-12-25T07:33:03.725+0000][gc,metaspace] GC(667) Metaspace: 12642K(13056K)->12642K(13056K) NonClass: 11558K(11712K)->11558K(11712K) Class: 1083K(1344K)->1083K(1344K)
[2025-12-25T07:33:03.725+0000][gc          ] GC(667) Pause Young (Normal) (G1 Evacuation Pause) 710M->97M(1024M) 31.050ms
[2025-12-25T07:33:03.725+0000][gc,cpu      ] GC(667) User=0.07s Sys=0.00s Real=0.03s
[2025-12-25T07:33:53.846+0000][gc,start    ] GC(668) Pause Young (Normal) (G1 Evacuation Pause)
[2025-12-25T07:33:53.846+0000][gc,task     ] GC(668) Using 8 workers of 8 for evacuation
[2025-12-25T07:33:53.853+0000][gc,phases   ] GC(668)   Pre Evacuate Collection Set: 1.2ms
[2025-12-25T07:33:53.853+0000][gc,phases   ] GC(668)   Merge Heap Roots: 0.2ms
[2025-12-25T07:33:53.853+0000][gc,phases   ] GC(668)   Evacuate Collection Set: 3.1ms
[2025-12-25T07:33:53.853+0000][gc,phases   ] GC(668)   Post Evacuate Collection Set: 1.6ms
[2025-12-25T07:33:53.853+0000][gc,phases   ] GC(668)   Other: 0.2ms
[2025-12-25T07:33:53.853+0000][gc,heap     ] GC(668) Eden regions: 613->0(612)
[2025-12-25T07:33:53.853+0000][gc,heap     ] GC(668) Survivor regions: 1->2(77)
[2025-12-25T07:33:53.853+0000][gc,heap     ] GC(668) Old regions: 57->57
[2025-12-25T07:33:53.853+0000][gc,heap     ] GC(668) Humongous regions: 40->40
[2025-12-25T07:33:53.853+0000][gc,metaspace] GC(668) Metaspace: 12642K(13056K)->12642K(13056K) NonClass: 11558K(11712K)->11558K(11712K) Class: 1083K(1344K)->1083K(1344K)
[2025-12-25T07:33:53.853+0000][gc          ] GC(668) Pause Young (Normal) (G1 Evacuation Pause) 710M->98M(1024M) 7.440ms
[2025-12-25T07:33:53.853+0000][gc,cpu      ] GC(668) User=0.03s Sys=0.00s Real=0.01s
[2025-12-25T07:34:43.995+0000][gc,start    ] GC(669) Pause Young (Normal) (G1 Evacuation Pause)
[2025-12-25T07:34:43.995+0000][gc,task     ] GC(669) Using 8 workers of 8 for evacuation
[2025-12-25T07:34:44.003+0000][gc,phases   ] GC(669)   Pre Evacuate Collection Set: 2.9ms
[2025-12-25T07:34:44.003+0000][gc,phases   ] GC(669)   Merge Heap Roots: 0.3ms
[2025-12-25T07:34:44.003+0000][gc,phases   ] GC(669)   Evacuate Collection Set: 3.2ms
[2025-12-25T07:34:44.003+0000][gc,phases   ] GC(669)   Post Evacuate Collection Set: 1.0ms
[2025-12-25T07:34:44.003+0000][gc,phases   ] GC(669)   Other: 0.4ms
[2025-12-25T07:34:44.004+0000][gc,heap     ] GC(669) Eden regions: 612->0(612)
[2025-12-25T07:34:44.004+0000][gc,heap     ] GC(669) Survivor regions: 2->2(77)
[2025-12-25T07:34:44.004+0000][gc,heap     ] GC(669) Old regions: 57->57
[2025-12-25T07:34:44.004+0000][gc,heap     ] GC(669) Humongous regions: 40->40
[2025-12-25T07:34:44.004+0000][gc,metaspace] GC(669) Metaspace: 12642K(13056K)->12642K(13056K) NonClass: 11558K(11712K)->11558K(11712K) Class: 1083K(1344K)->1083K(1344K)
[2025-12-25T07:34:44.004+0000][gc          ] GC(669) Pause Young (Normal) (G1 Evacuation Pause) 710M->98M(1024M) 9.493ms
[2025-12-25T07:34:44.004+0000][gc,cpu      ] GC(669) User=0.04s Sys=0.00s Real=0.01s
[2025-12-25T07:35:43.838+0000][gc,start    ] GC(670) Pause Young (Normal) (G1 Evacuation Pause)
[2025-12-25T07:35:43.839+0000][gc,task     ] GC(670) Using 8 workers of 8 for evacuation
[2025-12-25T07:35:43.849+0000][gc,phases   ] GC(670)   Pre Evacuate Collection Set: 1.7ms
[2025-12-25T07:35:43.849+0000][gc,phases   ] GC(670)   Merge Heap Roots: 0.4ms
[2025-12-25T07:35:43.849+0000][gc,phases   ] GC(670)   Evacuate Collection Set: 6.2ms
[2025-12-25T07:35:43.849+0000][gc,phases   ] GC(670)   Post Evacuate Collection Set: 1.7ms
[2025-12-25T07:35:43.849+0000][gc,phases   ] GC(670)   Other: 0.2ms
[2025-12-25T07:35:43.849+0000][gc,heap     ] GC(670) Eden regions: 612->0(612)
[2025-12-25T07:35:43.849+0000][gc,heap     ] GC(670) Survivor regions: 2->2(77)
[2025-12-25T07:35:43.850+0000][gc,heap     ] GC(670) Old regions: 57->57
[2025-12-25T07:35:43.850+0000][gc,heap     ] GC(670) Humongous regions: 40->40
[2025-12-25T07:35:43.850+0000][gc,metaspace] GC(670) Metaspace: 12642K(13056K)->12642K(13056K) NonClass: 11558K(11712K)->11558K(11712K) Class: 1083K(1344K)->1083K(1344K)
[2025-12-25T07:35:43.850+0000][gc          ] GC(670) Pause Young (Normal) (G1 Evacuation Pause) 710M->98M(1024M) 11.391ms
[2025-12-25T07:35:43.850+0000][gc,cpu      ] GC(670) User=0.06s Sys=0.01s Real=0.01s
[2025-12-25T07:36:34.104+0000][gc,start    ] GC(671) Pause Young (Normal) (G1 Evacuation Pause)
[2025-12-25T07:36:34.105+0000][gc,task     ] GC(671) Using 8 workers of 8 for evacuation
[2025-12-25T07:36:34.112+0000][gc,phases   ] GC(671)   Pre Evacuate Collection Set: 1.1ms
[2025-12-25T07:36:34.112+0000][gc,phases   ] GC(671)   Merge Heap Roots: 0.2ms
[2025-12-25T07:36:34.112+0000][gc,phases   ] GC(671)   Evacuate Collection Set: 2.7ms
[2025-12-25T07:36:34.112+0000][gc,phases   ] GC(671)   Post Evacuate Collection Set: 3.3ms
[2025-12-25T07:36:34.113+0000][gc,phases   ] GC(671)   Other: 0.2ms
[2025-12-25T07:36:34.113+0000][gc,heap     ] GC(671) Eden regions: 612->0(612)
[2025-12-25T07:36:34.113+0000][gc,heap     ] GC(671) Survivor regions: 2->2(77)
[2025-12-25T07:36:34.113+0000][gc,heap     ] GC(671) Old regions: 57->57
[2025-12-25T07:36:34.113+0000][gc,heap     ] GC(671) Humongous regions: 40->40
[2025-12-25T07:36:34.113+0000][gc,metaspace] GC(671) Metaspace: 12642K(13056K)->12642K(13056K) NonClass: 11558K(11712K)->11558K(11712K) Class: 1083K(1344K)->1083K(1344K)
[2025-12-25T07:36:34.114+0000][gc          ] GC(671) Pause Young (Normal) (G1 Evacuation Pause) 710M->98M(1024M) 9.464ms
[2025-12-25T07:36:34.114+0000][gc,cpu      ] GC(671) User=0.04s Sys=0.00s Real=0.01s
[2025-12-25T07:37:33.723+0000][gc,start    ] GC(672) Pause Young (Normal) (G1 Evacuation Pause)
[2025-12-25T07:37:33.724+0000][gc,task     ] GC(672) Using 8 workers of 8 for evacuation
[2025-12-25T07:37:33.730+0000][gc,phases   ] GC(672)   Pre Evacuate Collection Set: 1.2ms
[2025-12-25T07:37:33.730+0000][gc,phases   ] GC(672)   Merge Heap Roots: 0.2ms
[2025-12-25T07:37:33.730+0000][gc,phases   ] GC(672)   Evacuate Collection Set: 3.7ms
[2025-12-25T07:37:33.730+0000][gc,phases   ] GC(672)   Post Evacuate Collection Set: 1.0ms
[2025-12-25T07:37:33.731+0000][gc,phases   ] GC(672)   Other: 0.3ms
[2025-12-25T07:37:33.731+0000][gc,heap     ] GC(672) Eden regions: 612->0(612)
[2025-12-25T07:37:33.731+0000][gc,heap     ] GC(672) Survivor regions: 2->2(77)
[2025-12-25T07:37:33.731+0000][gc,heap     ] GC(672) Old regions: 57->57
[2025-12-25T07:37:33.731+0000][gc,heap     ] GC(672) Humongous regions: 40->40
[2025-12-25T07:37:33.731+0000][gc,metaspace] GC(672) Metaspace: 12642K(13056K)->12642K(13056K) NonClass: 11558K(11712K)->11558K(11712K) Class: 1083K(1344K)->1083K(1344K)
[2025-12-25T07:37:33.731+0000][gc          ] GC(672) Pause Young (Normal) (G1 Evacuation Pause) 710M->98M(1024M) 7.462ms
[2025-12-25T07:37:33.731+0000][gc,cpu      ] GC(672) User=0.03s Sys=0.00s Real=0.01s
[2025-12-25T07:38:24.023+0000][gc,start    ] GC(673) Pause Young (Normal) (G1 Evacuation Pause)
[2025-12-25T07:38:24.023+0000][gc,task     ] GC(673) Using 8 workers of 8 for evacuation
[2025-12-25T07:38:24.037+0000][gc,phases   ] GC(673)   Pre Evacuate Collection Set: 3.5ms
[2025-12-25T07:38:24.038+0000][gc,phases   ] GC(673)   Merge Heap Roots: 0.5ms
[2025-12-25T07:38:24.038+0000][gc,phases   ] GC(673)   Evacuate Collection Set: 7.9ms
[2025-12-25T07:38:24.038+0000][gc,phases   ] GC(673)   Post Evacuate Collection Set: 1.5ms
[2025-12-25T07:38:24.038+0000][gc,phases   ] GC(673)   Other: 0.8ms
[2025-12-25T07:38:24.038+0000][gc,heap     ] GC(673) Eden regions: 612->0(612)
[2025-12-25T07:38:24.038+0000][gc,heap     ] GC(673) Survivor regions: 2->2(77)
[2025-12-25T07:38:24.038+0000][gc,heap     ] GC(673) Old regions: 57->57
[2025-12-25T07:38:24.038+0000][gc,heap     ] GC(673) Humongous regions: 40->40
[2025-12-25T07:38:24.038+0000][gc,metaspace] GC(673) Metaspace: 12642K(13056K)->12642K(13056K) NonClass: 11558K(11712K)->11558K(11712K) Class: 1083K(1344K)->1083K(1344K)
[2025-12-25T07:38:24.038+0000][gc          ] GC(673) Pause Young (Normal) (G1 Evacuation Pause) 710M->98M(1024M) 15.488ms
[2025-12-25T07:38:24.038+0000][gc,cpu      ] GC(673) User=0.08s Sys=0.00s Real=0.02s
[2025-12-25T07:39:23.685+0000][gc,start    ] GC(674) Pause Young (Normal) (G1 Evacuation Pause)
[2025-12-25T07:39:23.685+0000][gc,task     ] GC(674) Using 8 workers of 8 for evacuation
[2025-12-25T07:39:23.692+0000][gc,phases   ] GC(674)   Pre Evacuate Collection Set: 1.0ms
[2025-12-25T07:39:23.692+0000][gc,phases   ] GC(674)   Merge Heap Roots: 0.2ms
[2025-12-25T07:39:23.692+0000][gc,phases   ] GC(674)   Evacuate Collection Set: 3.7ms
[2025-12-25T07:39:23.692+0000][gc,phases   ] GC(674)   Post Evacuate Collection Set: 1.1ms
[2025-12-25T07:39:23.692+0000][gc,phases   ] GC(674)   Other: 0.5ms
[2025-12-25T07:39:23.692+0000][gc,heap     ] GC(674) Eden regions: 612->0(613)
[2025-12-25T07:39:23.692+0000][gc,heap     ] GC(674) Survivor regions: 2->1(77)
[2025-12-25T07:39:23.692+0000][gc,heap     ] GC(674) Old regions: 57->58
[2025-12-25T07:39:23.692+0000][gc,heap     ] GC(674) Humongous regions: 40->40
[2025-12-25T07:39:23.692+0000][gc,metaspace] GC(674) Metaspace: 12642K(13056K)->12642K(13056K) NonClass: 11558K(11712K)->11558K(11712K) Class: 1083K(1344K)->1083K(1344K)
[2025-12-25T07:39:23.692+0000][gc          ] GC(674) Pause Young (Normal) (G1 Evacuation Pause) 710M->97M(1024M) 7.789ms
[2025-12-25T07:39:23.693+0000][gc,cpu      ] GC(674) User=0.03s Sys=0.00s Real=0.01s
[2025-12-25T07:40:13.869+0000][gc,start    ] GC(675) Pause Young (Normal) (G1 Evacuation Pause)
[2025-12-25T07:40:13.870+0000][gc,task     ] GC(675) Using 8 workers of 8 for evacuation
[2025-12-25T07:40:13.880+0000][gc,phases   ] GC(675)   Pre Evacuate Collection Set: 1.1ms
[2025-12-25T07:40:13.880+0000][gc,phases   ] GC(675)   Merge Heap Roots: 0.2ms
[2025-12-25T07:40:13.880+0000][gc,phases   ] GC(675)   Evacuate Collection Set: 5.0ms
[2025-12-25T07:40:13.880+0000][gc,phases   ] GC(675)   Post Evacuate Collection Set: 3.0ms
[2025-12-25T07:40:13.880+0000][gc,phases   ] GC(675)   Other: 0.3ms
[2025-12-25T07:40:13.880+0000][gc,heap     ] GC(675) Eden regions: 613->0(612)
[2025-12-25T07:40:13.880+0000][gc,heap     ] GC(675) Survivor regions: 1->2(77)
[2025-12-25T07:40:13.880+0000][gc,heap     ] GC(675) Old regions: 58->58
[2025-12-25T07:40:13.880+0000][gc,heap     ] GC(675) Humongous regions: 40->40
[2025-12-25T07:40:13.880+0000][gc,metaspace] GC(675) Metaspace: 12642K(13056K)->12642K(13056K) NonClass: 11558K(11712K)->11558K(11712K) Class: 1083K(1344K)->1083K(1344K)
[2025-12-25T07:40:13.880+0000][gc          ] GC(675) Pause Young (Normal) (G1 Evacuation Pause) 710M->98M(1024M) 10.719ms
[2025-12-25T07:40:13.880+0000][gc,cpu      ] GC(675) User=0.05s Sys=0.00s Real=0.01s
[2025-12-25T07:41:13.665+0000][gc,start    ] GC(676) Pause Young (Normal) (G1 Evacuation Pause)
[2025-12-25T07:41:13.666+0000][gc,task     ] GC(676) Using 8 workers of 8 for evacuation
[2025-12-25T07:41:13.682+0000][gc,phases   ] GC(676)   Pre Evacuate Collection Set: 1.4ms
[2025-12-25T07:41:13.682+0000][gc,phases   ] GC(676)   Merge Heap Roots: 0.3ms
[2025-12-25T07:41:13.682+0000][gc,phases   ] GC(676)   Evacuate Collection Set: 11.6ms
[2025-12-25T07:41:13.682+0000][gc,phases   ] GC(676)   Post Evacuate Collection Set: 2.3ms
[2025-12-25T07:41:13.682+0000][gc,phases   ] GC(676)   Other: 0.3ms
[2025-12-25T07:41:13.682+0000][gc,heap     ] GC(676) Eden regions: 612->0(612)
[2025-12-25T07:41:13.682+0000][gc,heap     ] GC(676) Survivor regions: 2->2(77)
[2025-12-25T07:41:13.682+0000][gc,heap     ] GC(676) Old regions: 58->58
[2025-12-25T07:41:13.682+0000][gc,heap     ] GC(676) Humongous regions: 40->40
[2025-12-25T07:41:13.682+0000][gc,metaspace] GC(676) Metaspace: 12642K(13056K)->12642K(13056K) NonClass: 11558K(11712K)->11558K(11712K) Class: 1083K(1344K)->1083K(1344K)
[2025-12-25T07:41:13.682+0000][gc          ] GC(676) Pause Young (Normal) (G1 Evacuation Pause) 710M->98M(1024M) 16.994ms
[2025-12-25T07:41:13.682+0000][gc,cpu      ] GC(676) User=0.09s Sys=0.01s Real=0.01s
[2025-12-25T07:42:03.821+0000][gc,start    ] GC(677) Pause Young (Normal) (G1 Evacuation Pause)
[2025-12-25T07:42:03.822+0000][gc,task     ] GC(677) Using 8 workers of 8 for evacuation
[2025-12-25T07:42:03.827+0000][gc,phases   ] GC(677)   Pre Evacuate Collection Set: 1.2ms
[2025-12-25T07:42:03.827+0000][gc,phases   ] GC(677)   Merge Heap Roots: 0.4ms
[2025-12-25T07:42:03.827+0000][gc,phases   ] GC(677)   Evacuate Collection Set: 2.9ms
[2025-12-25T07:42:03.827+0000][gc,phases   ] GC(677)   Post Evacuate Collection Set: 1.0ms
[2025-12-25T07:42:03.827+0000][gc,phases   ] GC(677)   Other: 0.2ms
[2025-12-25T07:42:03.827+0000][gc,heap     ] GC(677) Eden regions: 612->0(612)
[2025-12-25T07:42:03.828+0000][gc,heap     ] GC(677) Survivor regions: 2->2(77)
[2025-12-25T07:42:03.828+0000][gc,heap     ] GC(677) Old regions: 58->58
[2025-12-25T07:42:03.828+0000][gc,heap     ] GC(677) Humongous regions: 40->40
[2025-12-25T07:42:03.828+0000][gc,metaspace] GC(677) Metaspace: 12642K(13056K)->12642K(13056K) NonClass: 11558K(11712K)->11558K(11712K) Class: 1083K(1344K)->1083K(1344K)
[2025-12-25T07:42:03.828+0000][gc          ] GC(677) Pause Young (Normal) (G1 Evacuation Pause) 710M->98M(1024M) 6.817ms
[2025-12-25T07:42:03.828+0000][gc,cpu      ] GC(677) User=0.03s Sys=0.00s Real=0.00s
[2025-12-25T07:43:03.640+0000][gc,start    ] GC(678) Pause Young (Normal) (G1 Evacuation Pause)
[2025-12-25T07:43:03.641+0000][gc,task     ] GC(678) Using 8 workers of 8 for evacuation
[2025-12-25T07:43:03.647+0000][gc,phases   ] GC(678)   Pre Evacuate Collection Set: 1.4ms
[2025-12-25T07:43:03.647+0000][gc,phases   ] GC(678)   Merge Heap Roots: 0.2ms
[2025-12-25T07:43:03.647+0000][gc,phases   ] GC(678)   Evacuate Collection Set: 2.6ms
[2025-12-25T07:43:03.647+0000][gc,phases   ] GC(678)   Post Evacuate Collection Set: 1.2ms
[2025-12-25T07:43:03.647+0000][gc,phases   ] GC(678)   Other: 0.2ms
[2025-12-25T07:43:03.647+0000][gc,heap     ] GC(678) Eden regions: 612->0(613)
[2025-12-25T07:43:03.647+0000][gc,heap     ] GC(678) Survivor regions: 2->1(77)
[2025-12-25T07:43:03.647+0000][gc,heap     ] GC(678) Old regions: 58->58
[2025-12-25T07:43:03.647+0000][gc,heap     ] GC(678) Humongous regions: 40->40
[2025-12-25T07:43:03.647+0000][gc,metaspace] GC(678) Metaspace: 12642K(13056K)->12642K(13056K) NonClass: 11558K(11712K)->11558K(11712K) Class: 1083K(1344K)->1083K(1344K)
[2025-12-25T07:43:03.647+0000][gc          ] GC(678) Pause Young (Normal) (G1 Evacuation Pause) 710M->97M(1024M) 7.629ms
[2025-12-25T07:43:03.647+0000][gc,cpu      ] GC(678) User=0.03s Sys=0.00s Real=0.01s
[2025-12-25T07:43:53.795+0000][gc,start    ] GC(679) Pause Young (Normal) (G1 Evacuation Pause)
[2025-12-25T07:43:53.796+0000][gc,task     ] GC(679) Using 8 workers of 8 for evacuation
[2025-12-25T07:43:53.809+0000][gc,phases   ] GC(679)   Pre Evacuate Collection Set: 3.2ms
[2025-12-25T07:43:53.809+0000][gc,phases   ] GC(679)   Merge Heap Roots: 1.2ms
[2025-12-25T07:43:53.810+0000][gc,phases   ] GC(679)   Evacuate Collection Set: 6.9ms
[2025-12-25T07:43:53.810+0000][gc,phases   ] GC(679)   Post Evacuate Collection Set: 1.3ms
[2025-12-25T07:43:53.810+0000][gc,phases   ] GC(679)   Other: 0.8ms
[2025-12-25T07:43:53.810+0000][gc,heap     ] GC(679) Eden regions: 613->0(612)
[2025-12-25T07:43:53.810+0000][gc,heap     ] GC(679) Survivor regions: 1->2(77)
[2025-12-25T07:43:53.810+0000][gc,heap     ] GC(679) Old regions: 58->58
[2025-12-25T07:43:53.810+0000][gc,heap     ] GC(679) Humongous regions: 40->40
[2025-12-25T07:43:53.810+0000][gc,metaspace] GC(679) Metaspace: 12642K(13056K)->12642K(13056K) NonClass: 11558K(11712K)->11558K(11712K) Class: 1083K(1344K)->1083K(1344K)
[2025-12-25T07:43:53.810+0000][gc          ] GC(679) Pause Young (Normal) (G1 Evacuation Pause) 710M->98M(1024M) 14.851ms
[2025-12-25T07:43:53.810+0000][gc,cpu      ] GC(679) User=0.09s Sys=0.00s Real=0.01s
[2025-12-25T07:44:53.615+0000][gc,start    ] GC(680) Pause Young (Normal) (G1 Evacuation Pause)
[2025-12-25T07:44:53.616+0000][gc,task     ] GC(680) Using 8 workers of 8 for evacuation
[2025-12-25T07:44:53.622+0000][gc,phases   ] GC(680)   Pre Evacuate Collection Set: 1.5ms
[2025-12-25T07:44:53.622+0000][gc,phases   ] GC(680)   Merge Heap Roots: 0.3ms
[2025-12-25T07:44:53.622+0000][gc,phases   ] GC(680)   Evacuate Collection Set: 2.9ms
[2025-12-25T07:44:53.622+0000][gc,phases   ] GC(680)   Post Evacuate Collection Set: 1.1ms
[2025-12-25T07:44:53.622+0000][gc,phases   ] GC(680)   Other: 0.2ms
[2025-12-25T07:44:53.622+0000][gc,heap     ] GC(680) Eden regions: 612->0(613)
[2025-12-25T07:44:53.622+0000][gc,heap     ] GC(680) Survivor regions: 2->1(77)
[2025-12-25T07:44:53.622+0000][gc,heap     ] GC(680) Old regions: 58->58
[2025-12-25T07:44:53.622+0000][gc,heap     ] GC(680) Humongous regions: 40->40
[2025-12-25T07:44:53.622+0000][gc,metaspace] GC(680) Metaspace: 12642K(13056K)->12642K(13056K) NonClass: 11558K(11712K)->11558K(11712K) Class: 1083K(1344K)->1083K(1344K)
[2025-12-25T07:44:53.622+0000][gc          ] GC(680) Pause Young (Normal) (G1 Evacuation Pause) 710M->97M(1024M) 7.206ms
[2025-12-25T07:44:53.622+0000][gc,cpu      ] GC(680) User=0.03s Sys=0.01s Real=0.01s
[2025-12-25T07:45:43.776+0000][gc,start    ] GC(681) Pause Young (Normal) (G1 Evacuation Pause)
[2025-12-25T07:45:43.777+0000][gc,task     ] GC(681) Using 8 workers of 8 for evacuation
[2025-12-25T07:45:43.786+0000][gc,phases   ] GC(681)   Pre Evacuate Collection Set: 1.3ms
[2025-12-25T07:45:43.786+0000][gc,phases   ] GC(681)   Merge Heap Roots: 0.3ms
[2025-12-25T07:45:43.786+0000][gc,phases   ] GC(681)   Evacuate Collection Set: 5.2ms
[2025-12-25T07:45:43.786+0000][gc,phases   ] GC(681)   Post Evacuate Collection Set: 1.0ms
[2025-12-25T07:45:43.786+0000][gc,phases   ] GC(681)   Other: 0.3ms
[2025-12-25T07:45:43.786+0000][gc,heap     ] GC(681) Eden regions: 613->0(612)
[2025-12-25T07:45:43.786+0000][gc,heap     ] GC(681) Survivor regions: 1->2(77)
[2025-12-25T07:45:43.786+0000][gc,heap     ] GC(681) Old regions: 58->58
[2025-12-25T07:45:43.786+0000][gc,heap     ] GC(681) Humongous regions: 40->40
[2025-12-25T07:45:43.786+0000][gc,metaspace] GC(681) Metaspace: 12642K(13056K)->12642K(13056K) NonClass: 11558K(11712K)->11558K(11712K) Class: 1083K(1344K)->1083K(1344K)
[2025-12-25T07:45:43.786+0000][gc          ] GC(681) Pause Young (Normal) (G1 Evacuation Pause) 710M->98M(1024M) 10.221ms
[2025-12-25T07:45:43.786+0000][gc,cpu      ] GC(681) User=0.05s Sys=0.00s Real=0.01s
[2025-12-25T07:46:43.571+0000][gc,start    ] GC(682) Pause Young (Normal) (G1 Evacuation Pause)
[2025-12-25T07:46:43.571+0000][gc,task     ] GC(682) Using 8 workers of 8 for evacuation
[2025-12-25T07:46:43.594+0000][gc,phases   ] GC(682)   Pre Evacuate Collection Set: 5.9ms
[2025-12-25T07:46:43.594+0000][gc,phases   ] GC(682)   Merge Heap Roots: 0.7ms
[2025-12-25T07:46:43.594+0000][gc,phases   ] GC(682)   Evacuate Collection Set: 13.9ms
[2025-12-25T07:46:43.594+0000][gc,phases   ] GC(682)   Post Evacuate Collection Set: 1.7ms
[2025-12-25T07:46:43.595+0000][gc,phases   ] GC(682)   Other: 0.7ms
[2025-12-25T07:46:43.595+0000][gc,heap     ] GC(682) Eden regions: 612->0(613)
[2025-12-25T07:46:43.595+0000][gc,heap     ] GC(682) Survivor regions: 2->1(77)
[2025-12-25T07:46:43.595+0000][gc,heap     ] GC(682) Old regions: 58->58
[2025-12-25T07:46:43.595+0000][gc,heap     ] GC(682) Humongous regions: 40->40
[2025-12-25T07:46:43.595+0000][gc,metaspace] GC(682) Metaspace: 12654K(13056K)->12654K(13056K) NonClass: 11570K(11712K)->11570K(11712K) Class: 1083K(1344K)->1083K(1344K)
[2025-12-25T07:46:43.595+0000][gc          ] GC(682) Pause Young (Normal) (G1 Evacuation Pause) 710M->97M(1024M) 24.713ms
[2025-12-25T07:46:43.595+0000][gc,cpu      ] GC(682) User=0.13s Sys=0.00s Real=0.03s
[2025-12-25T07:47:33.731+0000][gc,start    ] GC(683) Pause Young (Normal) (G1 Evacuation Pause)
[2025-12-25T07:47:33.732+0000][gc,task     ] GC(683) Using 8 workers of 8 for evacuation
[2025-12-25T07:47:33.738+0000][gc,phases   ] GC(683)   Pre Evacuate Collection Set: 1.1ms
[2025-12-25T07:47:33.738+0000][gc,phases   ] GC(683)   Merge Heap Roots: 0.2ms
[2025-12-25T07:47:33.738+0000][gc,phases   ] GC(683)   Evacuate Collection Set: 2.8ms
[2025-12-25T07:47:33.738+0000][gc,phases   ] GC(683)   Post Evacuate Collection Set: 1.0ms
[2025-12-25T07:47:33.738+0000][gc,phases   ] GC(683)   Other: 0.3ms
[2025-12-25T07:47:33.738+0000][gc,heap     ] GC(683) Eden regions: 613->0(612)
[2025-12-25T07:47:33.738+0000][gc,heap     ] GC(683) Survivor regions: 1->2(77)
[2025-12-25T07:47:33.738+0000][gc,heap     ] GC(683) Old regions: 58->58
[2025-12-25T07:47:33.738+0000][gc,heap     ] GC(683) Humongous regions: 40->40
[2025-12-25T07:47:33.738+0000][gc,metaspace] GC(683) Metaspace: 12654K(13056K)->12654K(13056K) NonClass: 11570K(11712K)->11570K(11712K) Class: 1083K(1344K)->1083K(1344K)
[2025-12-25T07:47:33.738+0000][gc          ] GC(683) Pause Young (Normal) (G1 Evacuation Pause) 710M->98M(1024M) 7.319ms
[2025-12-25T07:47:33.739+0000][gc,cpu      ] GC(683) User=0.03s Sys=0.00s Real=0.00s
[2025-12-25T07:48:33.540+0000][gc,start    ] GC(684) Pause Young (Normal) (G1 Evacuation Pause)
[2025-12-25T07:48:33.540+0000][gc,task     ] GC(684) Using 8 workers of 8 for evacuation
[2025-12-25T07:48:33.552+0000][gc,phases   ] GC(684)   Pre Evacuate Collection Set: 1.8ms
[2025-12-25T07:48:33.553+0000][gc,phases   ] GC(684)   Merge Heap Roots: 0.3ms
[2025-12-25T07:48:33.553+0000][gc,phases   ] GC(684)   Evacuate Collection Set: 7.7ms
[2025-12-25T07:48:33.553+0000][gc,phases   ] GC(684)   Post Evacuate Collection Set: 1.9ms
[2025-12-25T07:48:33.553+0000][gc,phases   ] GC(684)   Other: 0.5ms
[2025-12-25T07:48:33.553+0000][gc,heap     ] GC(684) Eden regions: 612->0(613)
[2025-12-25T07:48:33.553+0000][gc,heap     ] GC(684) Survivor regions: 2->1(77)
[2025-12-25T07:48:33.553+0000][gc,heap     ] GC(684) Old regions: 58->58
[2025-12-25T07:48:33.553+0000][gc,heap     ] GC(684) Humongous regions: 40->40
[2025-12-25T07:48:33.553+0000][gc,metaspace] GC(684) Metaspace: 12654K(13056K)->12654K(13056K) NonClass: 11570K(11712K)->11570K(11712K) Class: 1083K(1344K)->1083K(1344K)
[2025-12-25T07:48:33.554+0000][gc          ] GC(684) Pause Young (Normal) (G1 Evacuation Pause) 710M->97M(1024M) 13.976ms
[2025-12-25T07:48:33.554+0000][gc,cpu      ] GC(684) User=0.07s Sys=0.01s Real=0.01s
[2025-12-25T07:49:23.809+0000][gc,start    ] GC(685) Pause Young (Normal) (G1 Evacuation Pause)
[2025-12-25T07:49:23.809+0000][gc,task     ] GC(685) Using 8 workers of 8 for evacuation
[2025-12-25T07:49:23.819+0000][gc,phases   ] GC(685)   Pre Evacuate Collection Set: 2.7ms
[2025-12-25T07:49:23.819+0000][gc,phases   ] GC(685)   Merge Heap Roots: 0.2ms
[2025-12-25T07:49:23.819+0000][gc,phases   ] GC(685)   Evacuate Collection Set: 5.2ms
[2025-12-25T07:49:23.819+0000][gc,phases   ] GC(685)   Post Evacuate Collection Set: 1.2ms
[2025-12-25T07:49:23.819+0000][gc,phases   ] GC(685)   Other: 0.6ms
[2025-12-25T07:49:23.819+0000][gc,heap     ] GC(685) Eden regions: 613->0(612)
[2025-12-25T07:49:23.820+0000][gc,heap     ] GC(685) Survivor regions: 1->2(77)
[2025-12-25T07:49:23.820+0000][gc,heap     ] GC(685) Old regions: 58->58
[2025-12-25T07:49:23.820+0000][gc,heap     ] GC(685) Humongous regions: 40->40
[2025-12-25T07:49:23.820+0000][gc,metaspace] GC(685) Metaspace: 12654K(13056K)->12654K(13056K) NonClass: 11570K(11712K)->11570K(11712K) Class: 1083K(1344K)->1083K(1344K)
[2025-12-25T07:49:23.820+0000][gc          ] GC(685) Pause Young (Normal) (G1 Evacuation Pause) 710M->98M(1024M) 11.226ms
[2025-12-25T07:49:23.820+0000][gc,cpu      ] GC(685) User=0.05s Sys=0.00s Real=0.01s
[2025-12-25T07:59:14.189+0000][gc,start    ] GC(686) Pause Young (Normal) (G1 Evacuation Pause)
[2025-12-25T07:59:14.189+0000][gc,task     ] GC(686) Using 8 workers of 8 for evacuation
[2025-12-25T07:59:14.197+0000][gc,phases   ] GC(686)   Pre Evacuate Collection Set: 1.1ms
[2025-12-25T07:59:14.197+0000][gc,phases   ] GC(686)   Merge Heap Roots: 0.3ms
[2025-12-25T07:59:14.197+0000][gc,phases   ] GC(686)   Evacuate Collection Set: 4.1ms
[2025-12-25T07:59:14.197+0000][gc,phases   ] GC(686)   Post Evacuate Collection Set: 1.5ms
[2025-12-25T07:59:14.197+0000][gc,phases   ] GC(686)   Other: 0.5ms
[2025-12-25T07:59:14.197+0000][gc,heap     ] GC(686) Eden regions: 612->0(612)
[2025-12-25T07:59:14.197+0000][gc,heap     ] GC(686) Survivor regions: 2->2(77)
[2025-12-25T07:59:14.197+0000][gc,heap     ] GC(686) Old regions: 58->58
[2025-12-25T07:59:14.197+0000][gc,heap     ] GC(686) Humongous regions: 40->40
[2025-12-25T07:59:14.198+0000][gc,metaspace] GC(686) Metaspace: 12664K(13056K)->12664K(13056K) NonClass: 11580K(11712K)->11580K(11712K) Class: 1083K(1344K)->1083K(1344K)
[2025-12-25T07:59:14.198+0000][gc          ] GC(686) Pause Young (Normal) (G1 Evacuation Pause) 710M->99M(1024M) 9.278ms
[2025-12-25T07:59:14.198+0000][gc,cpu      ] GC(686) User=0.04s Sys=0.00s Real=0.01s
