[2025-12-25T12:57:36.817+0000][gc,init] CardTable entry size: 512
[2025-12-25T12:57:36.818+0000][gc     ] Using G1
[2025-12-25T12:57:36.832+0000][gc,init] Version: 21.0.4+7-LTS (release)
[2025-12-25T12:57:36.832+0000][gc,init] CPUs: 8 total, 8 available
[2025-12-25T12:57:36.833+0000][gc,init] Memory: 13709M
[2025-12-25T12:57:36.833+0000][gc,init] Large Page Support: Disabled
[2025-12-25T12:57:36.833+0000][gc,init] NUMA Support: Disabled
[2025-12-25T12:57:36.833+0000][gc,init] Compressed Oops: Enabled (32-bit)
[2025-12-25T12:57:36.833+0000][gc,init] Heap Region Size: 1M
[2025-12-25T12:57:36.833+0000][gc,init] Heap Min Capacity: 1G
[2025-12-25T12:57:36.833+0000][gc,init] Heap Initial Capacity: 1G
[2025-12-25T12:57:36.833+0000][gc,init] Heap Max Capacity: 1G
[2025-12-25T12:57:36.833+0000][gc,init] Pre-touch: Disabled
[2025-12-25T12:57:36.833+0000][gc,init] Parallel Workers: 8
[2025-12-25T12:57:36.833+0000][gc,init] Concurrent Workers: 2
[2025-12-25T12:57:36.833+0000][gc,init] Concurrent Refinement Workers: 8
[2025-12-25T12:57:36.833+0000][gc,init] Periodic GC: Disabled
[2025-12-25T12:57:37.031+0000][gc,metaspace] CDS archive(s) mapped at: [0x0000004800000000-0x0000004800bd0000-0x00000048036b0000), size 57344000, SharedBaseAddress: 0x0000004800000000, ArchiveRelocationMode: 1.
[2025-12-25T12:57:37.032+0000][gc,metaspace] Compressed class space mapped at: 0x0000004804000000-0x0000004844000000, reserved size: 1073741824
[2025-12-25T12:57:37.033+0000][gc,metaspace] Narrow klass base: 0x0000004800000000, Narrow klass shift: 0, Narrow klass range: 0x100000000
[2025-12-25T12:57:43.636+0000][gc,start    ] GC(0) Pause Young (Normal) (G1 Evacuation Pause)
[2025-12-25T12:57:43.637+0000][gc,task     ] GC(0) Using 8 workers of 8 for evacuation
[2025-12-25T12:57:43.737+0000][gc,phases   ] GC(0)   Pre Evacuate Collection Set: 2.0ms
[2025-12-25T12:57:43.738+0000][gc,phases   ] GC(0)   Merge Heap Roots: 0.1ms
[2025-12-25T12:57:43.744+0000][gc,phases   ] GC(0)   Evacuate Collection Set: 93.4ms
[2025-12-25T12:57:43.747+0000][gc,phases   ] GC(0)   Post Evacuate Collection Set: 3.7ms
[2025-12-25T12:57:43.748+0000][gc,phases   ] GC(0)   Other: 1.5ms
[2025-12-25T12:57:43.756+0000][gc,heap     ] GC(0) Eden regions: 51->0(44)
[2025-12-25T12:57:43.756+0000][gc,heap     ] GC(0) Survivor regions: 0->7(7)
[2025-12-25T12:57:43.757+0000][gc,heap     ] GC(0) Old regions: 1->6
[2025-12-25T12:57:43.758+0000][gc,heap     ] GC(0) Humongous regions: 2->2
[2025-12-25T12:57:43.760+0000][gc,metaspace] GC(0) Metaspace: 5697K(5952K)->5697K(5952K) NonClass: 5059K(5184K)->5059K(5184K) Class: 637K(768K)->637K(768K)
[2025-12-25T12:57:43.762+0000][gc          ] GC(0) Pause Young (Normal) (G1 Evacuation Pause) 53M->14M(1024M) 126.074ms
[2025-12-25T12:57:43.762+0000][gc,cpu      ] GC(0) User=0.10s Sys=0.06s Real=0.12s
[2025-12-25T12:57:50.952+0000][gc,start    ] GC(1) Pause Young (Normal) (G1 Evacuation Pause)
[2025-12-25T12:57:50.954+0000][gc,task     ] GC(1) Using 8 workers of 8 for evacuation
[2025-12-25T12:57:51.081+0000][gc,phases   ] GC(1)   Pre Evacuate Collection Set: 4.3ms
[2025-12-25T12:57:51.081+0000][gc,phases   ] GC(1)   Merge Heap Roots: 0.2ms
[2025-12-25T12:57:51.082+0000][gc,phases   ] GC(1)   Evacuate Collection Set: 120.3ms
[2025-12-25T12:57:51.083+0000][gc,phases   ] GC(1)   Post Evacuate Collection Set: 1.7ms
[2025-12-25T12:57:51.085+0000][gc,phases   ] GC(1)   Other: 0.8ms
[2025-12-25T12:57:51.085+0000][gc,heap     ] GC(1) Eden regions: 44->0(46)
[2025-12-25T12:57:51.085+0000][gc,heap     ] GC(1) Survivor regions: 7->5(7)
[2025-12-25T12:57:51.085+0000][gc,heap     ] GC(1) Old regions: 6->13
[2025-12-25T12:57:51.086+0000][gc,heap     ] GC(1) Humongous regions: 2->2
[2025-12-25T12:57:51.086+0000][gc,metaspace] GC(1) Metaspace: 7981K(8320K)->7981K(8320K) NonClass: 7050K(7232K)->7050K(7232K) Class: 930K(1088K)->930K(1088K)
[2025-12-25T12:57:51.087+0000][gc          ] GC(1) Pause Young (Normal) (G1 Evacuation Pause) 58M->19M(1024M) 134.181ms
[2025-12-25T12:57:51.087+0000][gc,cpu      ] GC(1) User=0.16s Sys=0.07s Real=0.14s
[2025-12-25T12:57:51.660+0000][gc,start    ] GC(2) Pause Young (Normal) (G1 Evacuation Pause)
[2025-12-25T12:57:51.665+0000][gc,task     ] GC(2) Using 8 workers of 8 for evacuation
[2025-12-25T12:57:51.725+0000][gc,phases   ] GC(2)   Pre Evacuate Collection Set: 0.3ms
[2025-12-25T12:57:51.726+0000][gc,phases   ] GC(2)   Merge Heap Roots: 0.1ms
[2025-12-25T12:57:51.727+0000][gc,phases   ] GC(2)   Evacuate Collection Set: 59.1ms
[2025-12-25T12:57:51.727+0000][gc,phases   ] GC(2)   Post Evacuate Collection Set: 0.4ms
[2025-12-25T12:57:51.727+0000][gc,phases   ] GC(2)   Other: 0.3ms
[2025-12-25T12:57:51.728+0000][gc,heap     ] GC(2) Eden regions: 46->0(117)
[2025-12-25T12:57:51.728+0000][gc,heap     ] GC(2) Survivor regions: 5->2(7)
[2025-12-25T12:57:51.728+0000][gc,heap     ] GC(2) Old regions: 13->18
[2025-12-25T12:57:51.729+0000][gc,heap     ] GC(2) Humongous regions: 2->2
[2025-12-25T12:57:51.730+0000][gc,metaspace] GC(2) Metaspace: 8077K(8384K)->8077K(8384K) NonClass: 7130K(7296K)->7130K(7296K) Class: 947K(1088K)->947K(1088K)
[2025-12-25T12:57:51.730+0000][gc          ] GC(2) Pause Young (Normal) (G1 Evacuation Pause) 65M->20M(1024M) 70.356ms
[2025-12-25T12:57:51.730+0000][gc,cpu      ] GC(2) User=0.03s Sys=0.04s Real=0.07s
[2025-12-25T12:58:01.297+0000][gc,start    ] GC(3) Pause Young (Normal) (G1 Evacuation Pause)
[2025-12-25T12:58:01.297+0000][gc,task     ] GC(3) Using 8 workers of 8 for evacuation
[2025-12-25T12:58:01.315+0000][gc,phases   ] GC(3)   Pre Evacuate Collection Set: 2.0ms
[2025-12-25T12:58:01.315+0000][gc,phases   ] GC(3)   Merge Heap Roots: 0.2ms
[2025-12-25T12:58:01.315+0000][gc,phases   ] GC(3)   Evacuate Collection Set: 14.0ms
[2025-12-25T12:58:01.315+0000][gc,phases   ] GC(3)   Post Evacuate Collection Set: 1.7ms
[2025-12-25T12:58:01.315+0000][gc,phases   ] GC(3)   Other: 0.2ms
[2025-12-25T12:58:01.316+0000][gc,heap     ] GC(3) Eden regions: 125->0(611)
[2025-12-25T12:58:01.316+0000][gc,heap     ] GC(3) Survivor regions: 2->3(16)
[2025-12-25T12:58:01.316+0000][gc,heap     ] GC(3) Old regions: 18->18
[2025-12-25T12:58:01.316+0000][gc,heap     ] GC(3) Humongous regions: 2->2
[2025-12-25T12:58:01.316+0000][gc,metaspace] GC(3) Metaspace: 8346K(8704K)->8346K(8704K) NonClass: 7395K(7616K)->7395K(7616K) Class: 951K(1088K)->951K(1088K)
[2025-12-25T12:58:01.316+0000][gc          ] GC(3) Pause Young (Normal) (G1 Evacuation Pause) 145M->22M(1024M) 19.659ms
[2025-12-25T12:58:01.316+0000][gc,cpu      ] GC(3) User=0.03s Sys=0.00s Real=0.02s
[2025-12-25T12:59:01.000+0000][gc,start    ] GC(4) Pause Young (Normal) (G1 Evacuation Pause)
[2025-12-25T12:59:01.002+0000][gc,task     ] GC(4) Using 8 workers of 8 for evacuation
[2025-12-25T12:59:01.017+0000][gc,phases   ] GC(4)   Pre Evacuate Collection Set: 3.2ms
[2025-12-25T12:59:01.018+0000][gc,phases   ] GC(4)   Merge Heap Roots: 0.2ms
[2025-12-25T12:59:01.018+0000][gc,phases   ] GC(4)   Evacuate Collection Set: 10.4ms
[2025-12-25T12:59:01.018+0000][gc,phases   ] GC(4)   Post Evacuate Collection Set: 1.2ms
[2025-12-25T12:59:01.018+0000][gc,phases   ] GC(4)   Other: 0.3ms
[2025-12-25T12:59:01.018+0000][gc,heap     ] GC(4) Eden regions: 611->0(611)
[2025-12-25T12:59:01.018+0000][gc,heap     ] GC(4) Survivor regions: 3->3(77)
[2025-12-25T12:59:01.018+0000][gc,heap     ] GC(4) Old regions: 18->18
[2025-12-25T12:59:01.018+0000][gc,heap     ] GC(4) Humongous regions: 2->2
[2025-12-25T12:59:01.018+0000][gc,metaspace] GC(4) Metaspace: 9019K(9280K)->9019K(9280K) NonClass: 8056K(8192K)->8056K(8192K) Class: 963K(1088K)->963K(1088K)
[2025-12-25T12:59:01.018+0000][gc          ] GC(4) Pause Young (Normal) (G1 Evacuation Pause) 633M->21M(1024M) 17.881ms
[2025-12-25T12:59:01.018+0000][gc,cpu      ] GC(4) User=0.05s Sys=0.02s Real=0.02s
[2025-12-25T13:00:00.792+0000][gc,start    ] GC(5) Pause Young (Normal) (G1 Evacuation Pause)
[2025-12-25T13:00:00.793+0000][gc,task     ] GC(5) Using 8 workers of 8 for evacuation
[2025-12-25T13:00:00.827+0000][gc,phases   ] GC(5)   Pre Evacuate Collection Set: 1.6ms
[2025-12-25T13:00:00.827+0000][gc,phases   ] GC(5)   Merge Heap Roots: 0.3ms
[2025-12-25T13:00:00.827+0000][gc,phases   ] GC(5)   Evacuate Collection Set: 27.0ms
[2025-12-25T13:00:00.827+0000][gc,phases   ] GC(5)   Post Evacuate Collection Set: 4.1ms
[2025-12-25T13:00:00.828+0000][gc,phases   ] GC(5)   Other: 0.6ms
[2025-12-25T13:00:00.828+0000][gc,heap     ] GC(5) Eden regions: 611->0(611)
[2025-12-25T13:00:00.828+0000][gc,heap     ] GC(5) Survivor regions: 3->3(77)
[2025-12-25T13:00:00.828+0000][gc,heap     ] GC(5) Old regions: 18->18
[2025-12-25T13:00:00.828+0000][gc,heap     ] GC(5) Humongous regions: 2->2
[2025-12-25T13:00:00.828+0000][gc,metaspace] GC(5) Metaspace: 9360K(9728K)->9360K(9728K) NonClass: 8394K(8576K)->8394K(8576K) Class: 966K(1152K)->966K(1152K)
[2025-12-25T13:00:00.829+0000][gc          ] GC(5) Pause Young (Normal) (G1 Evacuation Pause) 632M->21M(1024M) 37.159ms
[2025-12-25T13:00:00.829+0000][gc,cpu      ] GC(5) User=0.20s Sys=0.02s Real=0.04s
[2025-12-25T13:12:04.791+0000][gc,start    ] GC(6) Pause Young (Normal) (G1 Evacuation Pause)
[2025-12-25T13:12:04.791+0000][gc,task     ] GC(6) Using 8 workers of 8 for evacuation
[2025-12-25T13:12:04.805+0000][gc,phases   ] GC(6)   Pre Evacuate Collection Set: 1.1ms
[2025-12-25T13:12:04.805+0000][gc,phases   ] GC(6)   Merge Heap Roots: 0.2ms
[2025-12-25T13:12:04.805+0000][gc,phases   ] GC(6)   Evacuate Collection Set: 10.4ms
[2025-12-25T13:12:04.805+0000][gc,phases   ] GC(6)   Post Evacuate Collection Set: 1.5ms
[2025-12-25T13:12:04.805+0000][gc,phases   ] GC(6)   Other: 0.2ms
[2025-12-25T13:12:04.805+0000][gc,heap     ] GC(6) Eden regions: 611->0(611)
[2025-12-25T13:12:04.805+0000][gc,heap     ] GC(6) Survivor regions: 3->3(77)
[2025-12-25T13:12:04.805+0000][gc,heap     ] GC(6) Old regions: 18->18
[2025-12-25T13:12:04.805+0000][gc,heap     ] GC(6) Humongous regions: 2->2
[2025-12-25T13:12:04.805+0000][gc,metaspace] GC(6) Metaspace: 9754K(10048K)->9754K(10048K) NonClass: 8776K(8896K)->8776K(8896K) Class: 977K(1152K)->977K(1152K)
[2025-12-25T13:12:04.805+0000][gc          ] GC(6) Pause Young (Normal) (G1 Evacuation Pause) 632M->21M(1024M) 14.472ms
[2025-12-25T13:12:04.805+0000][gc,cpu      ] GC(6) User=0.08s Sys=0.00s Real=0.01s
[2025-12-25T13:12:55.091+0000][gc,start    ] GC(7) Pause Young (Normal) (G1 Evacuation Pause)
[2025-12-25T13:12:55.092+0000][gc,task     ] GC(7) Using 8 workers of 8 for evacuation
[2025-12-25T13:12:55.098+0000][gc,phases   ] GC(7)   Pre Evacuate Collection Set: 0.8ms
[2025-12-25T13:12:55.098+0000][gc,phases   ] GC(7)   Merge Heap Roots: 0.2ms
[2025-12-25T13:12:55.098+0000][gc,phases   ] GC(7)   Evacuate Collection Set: 4.2ms
[2025-12-25T13:12:55.098+0000][gc,phases   ] GC(7)   Post Evacuate Collection Set: 1.0ms
[2025-12-25T13:12:55.098+0000][gc,phases   ] GC(7)   Other: 0.2ms
[2025-12-25T13:12:55.098+0000][gc,heap     ] GC(7) Eden regions: 611->0(611)
[2025-12-25T13:12:55.098+0000][gc,heap     ] GC(7) Survivor regions: 3->3(77)
[2025-12-25T13:12:55.099+0000][gc,heap     ] GC(7) Old regions: 18->18
[2025-12-25T13:12:55.099+0000][gc,heap     ] GC(7) Humongous regions: 2->2
[2025-12-25T13:12:55.099+0000][gc,metaspace] GC(7) Metaspace: 9831K(10176K)->9831K(10176K) NonClass: 8850K(9024K)->8850K(9024K) Class: 980K(1152K)->980K(1152K)
[2025-12-25T13:12:55.099+0000][gc          ] GC(7) Pause Young (Normal) (G1 Evacuation Pause) 632M->22M(1024M) 7.625ms
[2025-12-25T13:12:55.099+0000][gc,cpu      ] GC(7) User=0.03s Sys=0.00s Real=0.01s
[2025-12-25T13:18:05.379+0000][gc,start    ] GC(8) Pause Young (Normal) (G1 Evacuation Pause)
[2025-12-25T13:18:05.379+0000][gc,task     ] GC(8) Using 8 workers of 8 for evacuation
[2025-12-25T13:18:05.390+0000][gc,phases   ] GC(8)   Pre Evacuate Collection Set: 2.3ms
[2025-12-25T13:18:05.390+0000][gc,phases   ] GC(8)   Merge Heap Roots: 0.3ms
[2025-12-25T13:18:05.390+0000][gc,phases   ] GC(8)   Evacuate Collection Set: 6.2ms
[2025-12-25T13:18:05.390+0000][gc,phases   ] GC(8)   Post Evacuate Collection Set: 1.0ms
[2025-12-25T13:18:05.390+0000][gc,phases   ] GC(8)   Other: 0.4ms
[2025-12-25T13:18:05.390+0000][gc,heap     ] GC(8) Eden regions: 611->0(610)
[2025-12-25T13:18:05.390+0000][gc,heap     ] GC(8) Survivor regions: 3->4(77)
[2025-12-25T13:18:05.390+0000][gc,heap     ] GC(8) Old regions: 18->18
[2025-12-25T13:18:05.390+0000][gc,heap     ] GC(8) Humongous regions: 11->11
[2025-12-25T13:18:05.390+0000][gc,metaspace] GC(8) Metaspace: 10155K(10496K)->10155K(10496K) NonClass: 9162K(9344K)->9162K(9344K) Class: 992K(1152K)->992K(1152K)
[2025-12-25T13:18:05.391+0000][gc          ] GC(8) Pause Young (Normal) (G1 Evacuation Pause) 642M->31M(1024M) 11.973ms
[2025-12-25T13:18:05.391+0000][gc,cpu      ] GC(8) User=0.05s Sys=0.01s Real=0.01s
[2025-12-25T13:19:05.105+0000][gc,start    ] GC(9) Pause Young (Normal) (G1 Evacuation Pause)
[2025-12-25T13:19:05.105+0000][gc,task     ] GC(9) Using 8 workers of 8 for evacuation
[2025-12-25T13:19:05.125+0000][gc,phases   ] GC(9)   Pre Evacuate Collection Set: 4.0ms
[2025-12-25T13:19:05.125+0000][gc,phases   ] GC(9)   Merge Heap Roots: 0.5ms
[2025-12-25T13:19:05.125+0000][gc,phases   ] GC(9)   Evacuate Collection Set: 12.7ms
[2025-12-25T13:19:05.125+0000][gc,phases   ] GC(9)   Post Evacuate Collection Set: 2.3ms
[2025-12-25T13:19:05.125+0000][gc,phases   ] GC(9)   Other: 0.5ms
[2025-12-25T13:19:05.125+0000][gc,heap     ] GC(9) Eden regions: 610->0(610)
[2025-12-25T13:19:05.126+0000][gc,heap     ] GC(9) Survivor regions: 4->4(77)
[2025-12-25T13:19:05.126+0000][gc,heap     ] GC(9) Old regions: 18->18
[2025-12-25T13:19:05.126+0000][gc,heap     ] GC(9) Humongous regions: 11->11
[2025-12-25T13:19:05.126+0000][gc,metaspace] GC(9) Metaspace: 10629K(10944K)->10629K(10944K) NonClass: 9636K(9792K)->9636K(9792K) Class: 992K(1152K)->992K(1152K)
[2025-12-25T13:19:05.126+0000][gc          ] GC(9) Pause Young (Normal) (G1 Evacuation Pause) 641M->31M(1024M) 21.403ms
[2025-12-25T13:19:05.126+0000][gc,cpu      ] GC(9) User=0.10s Sys=0.00s Real=0.02s
[2025-12-25T13:19:55.301+0000][gc,start    ] GC(10) Pause Young (Normal) (G1 Evacuation Pause)
[2025-12-25T13:19:55.301+0000][gc,task     ] GC(10) Using 8 workers of 8 for evacuation
[2025-12-25T13:19:55.324+0000][gc,phases   ] GC(10)   Pre Evacuate Collection Set: 1.9ms
[2025-12-25T13:19:55.325+0000][gc,phases   ] GC(10)   Merge Heap Roots: 0.5ms
[2025-12-25T13:19:55.325+0000][gc,phases   ] GC(10)   Evacuate Collection Set: 17.0ms
[2025-12-25T13:19:55.325+0000][gc,phases   ] GC(10)   Post Evacuate Collection Set: 3.4ms
[2025-12-25T13:19:55.325+0000][gc,phases   ] GC(10)   Other: 0.2ms
[2025-12-25T13:19:55.325+0000][gc,heap     ] GC(10) Eden regions: 610->0(608)
[2025-12-25T13:19:55.325+0000][gc,heap     ] GC(10) Survivor regions: 4->6(77)
[2025-12-25T13:19:55.325+0000][gc,heap     ] GC(10) Old regions: 18->18
[2025-12-25T13:19:55.325+0000][gc,heap     ] GC(10) Humongous regions: 11->11
[2025-12-25T13:19:55.325+0000][gc,metaspace] GC(10) Metaspace: 10694K(11008K)->10694K(11008K) NonClass: 9699K(9856K)->9699K(9856K) Class: 994K(1152K)->994K(1152K)
[2025-12-25T13:19:55.325+0000][gc          ] GC(10) Pause Young (Normal) (G1 Evacuation Pause) 641M->33M(1024M) 24.447ms
[2025-12-25T13:19:55.325+0000][gc,cpu      ] GC(10) User=0.13s Sys=0.00s Real=0.02s
[2025-12-25T13:20:55.176+0000][gc,start    ] GC(11) Pause Young (Normal) (G1 Evacuation Pause)
[2025-12-25T13:20:55.177+0000][gc,task     ] GC(11) Using 8 workers of 8 for evacuation
[2025-12-25T13:20:55.189+0000][gc,phases   ] GC(11)   Pre Evacuate Collection Set: 1.0ms
[2025-12-25T13:20:55.189+0000][gc,phases   ] GC(11)   Merge Heap Roots: 0.2ms
[2025-12-25T13:20:55.189+0000][gc,phases   ] GC(11)   Evacuate Collection Set: 8.9ms
[2025-12-25T13:20:55.189+0000][gc,phases   ] GC(11)   Post Evacuate Collection Set: 1.3ms
[2025-12-25T13:20:55.189+0000][gc,phases   ] GC(11)   Other: 0.4ms
[2025-12-25T13:20:55.189+0000][gc,heap     ] GC(11) Eden regions: 608->0(608)
[2025-12-25T13:20:55.189+0000][gc,heap     ] GC(11) Survivor regions: 6->6(77)
[2025-12-25T13:20:55.189+0000][gc,heap     ] GC(11) Old regions: 18->18
[2025-12-25T13:20:55.189+0000][gc,heap     ] GC(11) Humongous regions: 11->11
[2025-12-25T13:20:55.189+0000][gc,metaspace] GC(11) Metaspace: 10762K(11072K)->10762K(11072K) NonClass: 9766K(9920K)->9766K(9920K) Class: 995K(1152K)->995K(1152K)
[2025-12-25T13:20:55.190+0000][gc          ] GC(11) Pause Young (Normal) (G1 Evacuation Pause) 641M->33M(1024M) 13.156ms
[2025-12-25T13:20:55.190+0000][gc,cpu      ] GC(11) User=0.06s Sys=0.00s Real=0.01s
[2025-12-25T13:21:45.434+0000][gc,start    ] GC(12) Pause Young (Normal) (G1 Evacuation Pause)
[2025-12-25T13:21:45.435+0000][gc,task     ] GC(12) Using 8 workers of 8 for evacuation
[2025-12-25T13:21:45.451+0000][gc,phases   ] GC(12)   Pre Evacuate Collection Set: 0.8ms
[2025-12-25T13:21:45.451+0000][gc,phases   ] GC(12)   Merge Heap Roots: 0.2ms
[2025-12-25T13:21:45.451+0000][gc,phases   ] GC(12)   Evacuate Collection Set: 13.7ms
[2025-12-25T13:21:45.452+0000][gc,phases   ] GC(12)   Post Evacuate Collection Set: 1.2ms
[2025-12-25T13:21:45.452+0000][gc,phases   ] GC(12)   Other: 0.3ms
[2025-12-25T13:21:45.452+0000][gc,heap     ] GC(12) Eden regions: 608->0(607)
[2025-12-25T13:21:45.452+0000][gc,heap     ] GC(12) Survivor regions: 6->7(77)
[2025-12-25T13:21:45.452+0000][gc,heap     ] GC(12) Old regions: 18->18
[2025-12-25T13:21:45.452+0000][gc,heap     ] GC(12) Humongous regions: 11->11
[2025-12-25T13:21:45.452+0000][gc,metaspace] GC(12) Metaspace: 10818K(11136K)->10818K(11136K) NonClass: 9822K(9984K)->9822K(9984K) Class: 995K(1152K)->995K(1152K)
[2025-12-25T13:21:45.452+0000][gc          ] GC(12) Pause Young (Normal) (G1 Evacuation Pause) 641M->35M(1024M) 17.465ms
[2025-12-25T13:21:45.452+0000][gc,cpu      ] GC(12) User=0.09s Sys=0.00s Real=0.01s
[2025-12-25T13:22:45.101+0000][gc,start    ] GC(13) Pause Young (Normal) (G1 Evacuation Pause)
[2025-12-25T13:22:45.103+0000][gc,task     ] GC(13) Using 8 workers of 8 for evacuation
[2025-12-25T13:22:45.133+0000][gc,phases   ] GC(13)   Pre Evacuate Collection Set: 3.9ms
[2025-12-25T13:22:45.133+0000][gc,phases   ] GC(13)   Merge Heap Roots: 0.5ms
[2025-12-25T13:22:45.133+0000][gc,phases   ] GC(13)   Evacuate Collection Set: 23.5ms
[2025-12-25T13:22:45.133+0000][gc,phases   ] GC(13)   Post Evacuate Collection Set: 1.5ms
[2025-12-25T13:22:45.133+0000][gc,phases   ] GC(13)   Other: 1.2ms
[2025-12-25T13:22:45.133+0000][gc,heap     ] GC(13) Eden regions: 607->0(606)
[2025-12-25T13:22:45.133+0000][gc,heap     ] GC(13) Survivor regions: 7->8(77)
[2025-12-25T13:22:45.133+0000][gc,heap     ] GC(13) Old regions: 18->18
[2025-12-25T13:22:45.133+0000][gc,heap     ] GC(13) Humongous regions: 11->11
[2025-12-25T13:22:45.133+0000][gc,metaspace] GC(13) Metaspace: 10853K(11200K)->10853K(11200K) NonClass: 9857K(10048K)->9857K(10048K) Class: 995K(1152K)->995K(1152K)
[2025-12-25T13:22:45.133+0000][gc          ] GC(13) Pause Young (Normal) (G1 Evacuation Pause) 642M->35M(1024M) 31.778ms
[2025-12-25T13:22:45.133+0000][gc,cpu      ] GC(13) User=0.16s Sys=0.01s Real=0.03s
[2025-12-25T13:27:31.928+0000][gc,start    ] GC(14) Pause Young (Normal) (G1 Evacuation Pause)
[2025-12-25T13:27:31.929+0000][gc,task     ] GC(14) Using 8 workers of 8 for evacuation
[2025-12-25T13:27:31.945+0000][gc,phases   ] GC(14)   Pre Evacuate Collection Set: 1.3ms
[2025-12-25T13:27:31.945+0000][gc,phases   ] GC(14)   Merge Heap Roots: 0.2ms
[2025-12-25T13:27:31.945+0000][gc,phases   ] GC(14)   Evacuate Collection Set: 12.5ms
[2025-12-25T13:27:31.945+0000][gc,phases   ] GC(14)   Post Evacuate Collection Set: 1.3ms
[2025-12-25T13:27:31.945+0000][gc,phases   ] GC(14)   Other: 0.2ms
[2025-12-25T13:27:31.945+0000][gc,heap     ] GC(14) Eden regions: 606->0(605)
[2025-12-25T13:27:31.945+0000][gc,heap     ] GC(14) Survivor regions: 8->9(77)
[2025-12-25T13:27:31.945+0000][gc,heap     ] GC(14) Old regions: 18->18
[2025-12-25T13:27:31.945+0000][gc,heap     ] GC(14) Humongous regions: 11->2
[2025-12-25T13:27:31.945+0000][gc,metaspace] GC(14) Metaspace: 11029K(11328K)->11029K(11328K) NonClass: 10015K(10176K)->10015K(10176K) Class: 1014K(1152K)->1014K(1152K)
[2025-12-25T13:27:31.945+0000][gc          ] GC(14) Pause Young (Normal) (G1 Evacuation Pause) 641M->28M(1024M) 16.749ms
[2025-12-25T13:27:31.945+0000][gc,cpu      ] GC(14) User=0.10s Sys=0.00s Real=0.02s
[2025-12-25T13:28:31.713+0000][gc,start    ] GC(15) Pause Young (Normal) (G1 Evacuation Pause)
[2025-12-25T13:28:31.714+0000][gc,task     ] GC(15) Using 8 workers of 8 for evacuation
[2025-12-25T13:28:31.735+0000][gc,phases   ] GC(15)   Pre Evacuate Collection Set: 0.9ms
[2025-12-25T13:28:31.735+0000][gc,phases   ] GC(15)   Merge Heap Roots: 0.2ms
[2025-12-25T13:28:31.735+0000][gc,phases   ] GC(15)   Evacuate Collection Set: 19.0ms
[2025-12-25T13:28:31.735+0000][gc,phases   ] GC(15)   Post Evacuate Collection Set: 1.2ms
[2025-12-25T13:28:31.735+0000][gc,phases   ] GC(15)   Other: 0.2ms
[2025-12-25T13:28:31.736+0000][gc,heap     ] GC(15) Eden regions: 605->0(606)
[2025-12-25T13:28:31.736+0000][gc,heap     ] GC(15) Survivor regions: 9->8(77)
[2025-12-25T13:28:31.736+0000][gc,heap     ] GC(15) Old regions: 18->18
[2025-12-25T13:28:31.736+0000][gc,heap     ] GC(15) Humongous regions: 2->2
[2025-12-25T13:28:31.736+0000][gc,metaspace] GC(15) Metaspace: 11038K(11328K)->11038K(11328K) NonClass: 10023K(10176K)->10023K(10176K) Class: 1014K(1152K)->1014K(1152K)
[2025-12-25T13:28:31.736+0000][gc          ] GC(15) Pause Young (Normal) (G1 Evacuation Pause) 633M->27M(1024M) 22.683ms
[2025-12-25T13:28:31.736+0000][gc,cpu      ] GC(15) User=0.13s Sys=0.00s Real=0.02s
[2025-12-25T13:29:22.114+0000][gc,start    ] GC(16) Pause Young (Normal) (G1 Evacuation Pause)
[2025-12-25T13:29:22.114+0000][gc,task     ] GC(16) Using 8 workers of 8 for evacuation
[2025-12-25T13:29:22.129+0000][gc,phases   ] GC(16)   Pre Evacuate Collection Set: 1.3ms
[2025-12-25T13:29:22.130+0000][gc,phases   ] GC(16)   Merge Heap Roots: 0.3ms
[2025-12-25T13:29:22.130+0000][gc,phases   ] GC(16)   Evacuate Collection Set: 11.7ms
[2025-12-25T13:29:22.130+0000][gc,phases   ] GC(16)   Post Evacuate Collection Set: 1.5ms
[2025-12-25T13:29:22.130+0000][gc,phases   ] GC(16)   Other: 0.2ms
[2025-12-25T13:29:22.130+0000][gc,heap     ] GC(16) Eden regions: 606->0(605)
[2025-12-25T13:29:22.130+0000][gc,heap     ] GC(16) Survivor regions: 8->9(77)
[2025-12-25T13:29:22.130+0000][gc,heap     ] GC(16) Old regions: 18->18
[2025-12-25T13:29:22.130+0000][gc,heap     ] GC(16) Humongous regions: 2->2
[2025-12-25T13:29:22.131+0000][gc,metaspace] GC(16) Metaspace: 11061K(11392K)->11061K(11392K) NonClass: 10046K(10240K)->10046K(10240K) Class: 1014K(1152K)->1014K(1152K)
[2025-12-25T13:29:22.131+0000][gc          ] GC(16) Pause Young (Normal) (G1 Evacuation Pause) 633M->28M(1024M) 16.600ms
[2025-12-25T13:29:22.131+0000][gc,cpu      ] GC(16) User=0.08s Sys=0.00s Real=0.02s
[2025-12-25T13:30:21.785+0000][gc,start    ] GC(17) Pause Young (Normal) (G1 Evacuation Pause)
[2025-12-25T13:30:21.785+0000][gc,task     ] GC(17) Using 8 workers of 8 for evacuation
[2025-12-25T13:30:21.804+0000][gc,phases   ] GC(17)   Pre Evacuate Collection Set: 1.0ms
[2025-12-25T13:30:21.804+0000][gc,phases   ] GC(17)   Merge Heap Roots: 0.2ms
[2025-12-25T13:30:21.804+0000][gc,phases   ] GC(17)   Evacuate Collection Set: 16.2ms
[2025-12-25T13:30:21.804+0000][gc,phases   ] GC(17)   Post Evacuate Collection Set: 1.3ms
[2025-12-25T13:30:21.805+0000][gc,phases   ] GC(17)   Other: 0.2ms
[2025-12-25T13:30:21.805+0000][gc,heap     ] GC(17) Eden regions: 605->0(606)
[2025-12-25T13:30:21.805+0000][gc,heap     ] GC(17) Survivor regions: 9->8(77)
[2025-12-25T13:30:21.805+0000][gc,heap     ] GC(17) Old regions: 18->19
[2025-12-25T13:30:21.805+0000][gc,heap     ] GC(17) Humongous regions: 2->2
[2025-12-25T13:30:21.805+0000][gc,metaspace] GC(17) Metaspace: 11080K(11392K)->11080K(11392K) NonClass: 10065K(10240K)->10065K(10240K) Class: 1014K(1152K)->1014K(1152K)
[2025-12-25T13:30:21.805+0000][gc          ] GC(17) Pause Young (Normal) (G1 Evacuation Pause) 633M->27M(1024M) 20.418ms
[2025-12-25T13:30:21.805+0000][gc,cpu      ] GC(17) User=0.11s Sys=0.00s Real=0.02s
[2025-12-25T13:31:21.602+0000][gc,start    ] GC(18) Pause Young (Normal) (G1 Evacuation Pause)
[2025-12-25T13:31:21.602+0000][gc,task     ] GC(18) Using 8 workers of 8 for evacuation
[2025-12-25T13:31:21.683+0000][gc,phases   ] GC(18)   Pre Evacuate Collection Set: 23.0ms
[2025-12-25T13:31:21.684+0000][gc,phases   ] GC(18)   Merge Heap Roots: 0.8ms
[2025-12-25T13:31:21.684+0000][gc,phases   ] GC(18)   Evacuate Collection Set: 54.6ms
[2025-12-25T13:31:21.684+0000][gc,phases   ] GC(18)   Post Evacuate Collection Set: 2.0ms
[2025-12-25T13:31:21.684+0000][gc,phases   ] GC(18)   Other: 0.8ms
[2025-12-25T13:31:21.685+0000][gc,heap     ] GC(18) Eden regions: 606->0(607)
[2025-12-25T13:31:21.685+0000][gc,heap     ] GC(18) Survivor regions: 8->7(77)
[2025-12-25T13:31:21.685+0000][gc,heap     ] GC(18) Old regions: 19->19
[2025-12-25T13:31:21.685+0000][gc,heap     ] GC(18) Humongous regions: 2->2
[2025-12-25T13:31:21.686+0000][gc,metaspace] GC(18) Metaspace: 11129K(11456K)->11129K(11456K) NonClass: 10113K(10304K)->10113K(10304K) Class: 1015K(1152K)->1015K(1152K)
[2025-12-25T13:31:21.686+0000][gc          ] GC(18) Pause Young (Normal) (G1 Evacuation Pause) 633M->27M(1024M) 84.285ms
[2025-12-25T13:31:21.686+0000][gc,cpu      ] GC(18) User=0.44s Sys=0.03s Real=0.09s
[2025-12-25T13:32:11.858+0000][gc,start    ] GC(19) Pause Young (Normal) (G1 Evacuation Pause)
[2025-12-25T13:32:11.860+0000][gc,task     ] GC(19) Using 8 workers of 8 for evacuation
[2025-12-25T13:32:11.880+0000][gc,phases   ] GC(19)   Pre Evacuate Collection Set: 3.1ms
[2025-12-25T13:32:11.880+0000][gc,phases   ] GC(19)   Merge Heap Roots: 0.2ms
[2025-12-25T13:32:11.880+0000][gc,phases   ] GC(19)   Evacuate Collection Set: 12.4ms
[2025-12-25T13:32:11.880+0000][gc,phases   ] GC(19)   Post Evacuate Collection Set: 3.8ms
[2025-12-25T13:32:11.880+0000][gc,phases   ] GC(19)   Other: 0.3ms
[2025-12-25T13:32:11.880+0000][gc,heap     ] GC(19) Eden regions: 607->0(607)
[2025-12-25T13:32:11.880+0000][gc,heap     ] GC(19) Survivor regions: 7->7(77)
[2025-12-25T13:32:11.880+0000][gc,heap     ] GC(19) Old regions: 19->19
[2025-12-25T13:32:11.880+0000][gc,heap     ] GC(19) Humongous regions: 2->2
[2025-12-25T13:32:11.880+0000][gc,metaspace] GC(19) Metaspace: 11135K(11456K)->11135K(11456K) NonClass: 10119K(10304K)->10119K(10304K) Class: 1015K(1152K)->1015K(1152K)
[2025-12-25T13:32:11.880+0000][gc          ] GC(19) Pause Young (Normal) (G1 Evacuation Pause) 634M->27M(1024M) 22.583ms
[2025-12-25T13:32:11.880+0000][gc,cpu      ] GC(19) User=0.10s Sys=0.00s Real=0.03s
[2025-12-25T13:33:11.825+0000][gc,start    ] GC(20) Pause Young (Normal) (G1 Evacuation Pause)
[2025-12-25T13:33:11.825+0000][gc,task     ] GC(20) Using 8 workers of 8 for evacuation
[2025-12-25T13:33:11.855+0000][gc,phases   ] GC(20)   Pre Evacuate Collection Set: 2.3ms
[2025-12-25T13:33:11.855+0000][gc,phases   ] GC(20)   Merge Heap Roots: 0.4ms
[2025-12-25T13:33:11.856+0000][gc,phases   ] GC(20)   Evacuate Collection Set: 21.8ms
[2025-12-25T13:33:11.856+0000][gc,phases   ] GC(20)   Post Evacuate Collection Set: 3.8ms
[2025-12-25T13:33:11.856+0000][gc,phases   ] GC(20)   Other: 1.6ms
[2025-12-25T13:33:11.856+0000][gc,heap     ] GC(20) Eden regions: 607->0(607)
[2025-12-25T13:33:11.856+0000][gc,heap     ] GC(20) Survivor regions: 7->7(77)
[2025-12-25T13:33:11.857+0000][gc,heap     ] GC(20) Old regions: 19->19
[2025-12-25T13:33:11.857+0000][gc,heap     ] GC(20) Humongous regions: 2->2
[2025-12-25T13:33:11.857+0000][gc,metaspace] GC(20) Metaspace: 11159K(11456K)->11159K(11456K) NonClass: 10144K(10304K)->10144K(10304K) Class: 1015K(1152K)->1015K(1152K)
[2025-12-25T13:33:11.858+0000][gc          ] GC(20) Pause Young (Normal) (G1 Evacuation Pause) 634M->27M(1024M) 33.051ms
[2025-12-25T13:33:11.858+0000][gc,cpu      ] GC(20) User=0.14s Sys=0.00s Real=0.04s
[2025-12-25T13:34:02.036+0000][gc,start    ] GC(21) Pause Young (Normal) (G1 Evacuation Pause)
[2025-12-25T13:34:02.036+0000][gc,task     ] GC(21) Using 8 workers of 8 for evacuation
[2025-12-25T13:34:02.056+0000][gc,phases   ] GC(21)   Pre Evacuate Collection Set: 0.9ms
[2025-12-25T13:34:02.056+0000][gc,phases   ] GC(21)   Merge Heap Roots: 0.1ms
[2025-12-25T13:34:02.056+0000][gc,phases   ] GC(21)   Evacuate Collection Set: 17.4ms
[2025-12-25T13:34:02.056+0000][gc,phases   ] GC(21)   Post Evacuate Collection Set: 1.2ms
[2025-12-25T13:34:02.056+0000][gc,phases   ] GC(21)   Other: 0.2ms
[2025-12-25T13:34:02.056+0000][gc,heap     ] GC(21) Eden regions: 607->0(606)
[2025-12-25T13:34:02.056+0000][gc,heap     ] GC(21) Survivor regions: 7->8(77)
[2025-12-25T13:34:02.056+0000][gc,heap     ] GC(21) Old regions: 19->20
[2025-12-25T13:34:02.056+0000][gc,heap     ] GC(21) Humongous regions: 2->2
[2025-12-25T13:34:02.056+0000][gc,metaspace] GC(21) Metaspace: 11187K(11520K)->11187K(11520K) NonClass: 10171K(10368K)->10171K(10368K) Class: 1015K(1152K)->1015K(1152K)
[2025-12-25T13:34:02.057+0000][gc          ] GC(21) Pause Young (Normal) (G1 Evacuation Pause) 634M->28M(1024M) 21.016ms
[2025-12-25T13:34:02.057+0000][gc,cpu      ] GC(21) User=0.12s Sys=0.00s Real=0.02s
[2025-12-25T13:35:01.864+0000][gc,start    ] GC(22) Pause Young (Normal) (G1 Evacuation Pause)
[2025-12-25T13:35:01.865+0000][gc,task     ] GC(22) Using 8 workers of 8 for evacuation
[2025-12-25T13:35:01.887+0000][gc,phases   ] GC(22)   Pre Evacuate Collection Set: 2.4ms
[2025-12-25T13:35:01.887+0000][gc,phases   ] GC(22)   Merge Heap Roots: 0.2ms
[2025-12-25T13:35:01.887+0000][gc,phases   ] GC(22)   Evacuate Collection Set: 17.2ms
[2025-12-25T13:35:01.887+0000][gc,phases   ] GC(22)   Post Evacuate Collection Set: 1.6ms
[2025-12-25T13:35:01.887+0000][gc,phases   ] GC(22)   Other: 0.5ms
[2025-12-25T13:35:01.887+0000][gc,heap     ] GC(22) Eden regions: 606->0(606)
[2025-12-25T13:35:01.887+0000][gc,heap     ] GC(22) Survivor regions: 8->8(77)
[2025-12-25T13:35:01.887+0000][gc,heap     ] GC(22) Old regions: 20->20
[2025-12-25T13:35:01.887+0000][gc,heap     ] GC(22) Humongous regions: 2->2
[2025-12-25T13:35:01.887+0000][gc,metaspace] GC(22) Metaspace: 11196K(11520K)->11196K(11520K) NonClass: 10180K(10368K)->10180K(10368K) Class: 1015K(1152K)->1015K(1152K)
[2025-12-25T13:35:01.887+0000][gc          ] GC(22) Pause Young (Normal) (G1 Evacuation Pause) 634M->28M(1024M) 22.868ms
[2025-12-25T13:35:01.887+0000][gc,cpu      ] GC(22) User=0.13s Sys=0.00s Real=0.02s
[2025-12-25T13:35:52.275+0000][gc,start    ] GC(23) Pause Young (Normal) (G1 Evacuation Pause)
[2025-12-25T13:35:52.275+0000][gc,task     ] GC(23) Using 8 workers of 8 for evacuation
[2025-12-25T13:35:52.317+0000][gc,phases   ] GC(23)   Pre Evacuate Collection Set: 1.6ms
[2025-12-25T13:35:52.317+0000][gc,phases   ] GC(23)   Merge Heap Roots: 0.2ms
[2025-12-25T13:35:52.318+0000][gc,phases   ] GC(23)   Evacuate Collection Set: 34.5ms
[2025-12-25T13:35:52.318+0000][gc,phases   ] GC(23)   Post Evacuate Collection Set: 5.2ms
[2025-12-25T13:35:52.318+0000][gc,phases   ] GC(23)   Other: 0.3ms
[2025-12-25T13:35:52.318+0000][gc,heap     ] GC(23) Eden regions: 606->0(606)
[2025-12-25T13:35:52.318+0000][gc,heap     ] GC(23) Survivor regions: 8->8(77)
[2025-12-25T13:35:52.318+0000][gc,heap     ] GC(23) Old regions: 20->20
[2025-12-25T13:35:52.318+0000][gc,heap     ] GC(23) Humongous regions: 2->2
[2025-12-25T13:35:52.318+0000][gc,metaspace] GC(23) Metaspace: 11202K(11520K)->11202K(11520K) NonClass: 10186K(10368K)->10186K(10368K) Class: 1015K(1152K)->1015K(1152K)
[2025-12-25T13:35:52.319+0000][gc          ] GC(23) Pause Young (Normal) (G1 Evacuation Pause) 634M->28M(1024M) 43.860ms
[2025-12-25T13:35:52.319+0000][gc,cpu      ] GC(23) User=0.24s Sys=0.01s Real=0.04s
[2025-12-25T13:36:52.648+0000][gc,start    ] GC(24) Pause Young (Normal) (G1 Evacuation Pause)
[2025-12-25T13:36:52.648+0000][gc,task     ] GC(24) Using 8 workers of 8 for evacuation
[2025-12-25T13:36:52.678+0000][gc,phases   ] GC(24)   Pre Evacuate Collection Set: 2.1ms
[2025-12-25T13:36:52.679+0000][gc,phases   ] GC(24)   Merge Heap Roots: 0.4ms
[2025-12-25T13:36:52.679+0000][gc,phases   ] GC(24)   Evacuate Collection Set: 21.6ms
[2025-12-25T13:36:52.679+0000][gc,phases   ] GC(24)   Post Evacuate Collection Set: 5.6ms
[2025-12-25T13:36:52.679+0000][gc,phases   ] GC(24)   Other: 0.6ms
[2025-12-25T13:36:52.679+0000][gc,heap     ] GC(24) Eden regions: 606->0(608)
[2025-12-25T13:36:52.679+0000][gc,heap     ] GC(24) Survivor regions: 8->6(77)
[2025-12-25T13:36:52.679+0000][gc,heap     ] GC(24) Old regions: 20->21
[2025-12-25T13:36:52.679+0000][gc,heap     ] GC(24) Humongous regions: 2->2
[2025-12-25T13:36:52.679+0000][gc,metaspace] GC(24) Metaspace: 11215K(11520K)->11215K(11520K) NonClass: 10199K(10368K)->10199K(10368K) Class: 1016K(1152K)->1016K(1152K)
[2025-12-25T13:36:52.679+0000][gc          ] GC(24) Pause Young (Normal) (G1 Evacuation Pause) 634M->28M(1024M) 31.678ms
[2025-12-25T13:36:52.680+0000][gc,cpu      ] GC(24) User=0.15s Sys=0.00s Real=0.04s
[2025-12-25T13:37:51.676+0000][gc,start    ] GC(25) Pause Young (Normal) (G1 Evacuation Pause)
[2025-12-25T13:37:51.677+0000][gc,task     ] GC(25) Using 8 workers of 8 for evacuation
[2025-12-25T13:37:51.696+0000][gc,phases   ] GC(25)   Pre Evacuate Collection Set: 1.2ms
[2025-12-25T13:37:51.696+0000][gc,phases   ] GC(25)   Merge Heap Roots: 0.4ms
[2025-12-25T13:37:51.696+0000][gc,phases   ] GC(25)   Evacuate Collection Set: 15.7ms
[2025-12-25T13:37:51.696+0000][gc,phases   ] GC(25)   Post Evacuate Collection Set: 1.2ms
[2025-12-25T13:37:51.696+0000][gc,phases   ] GC(25)   Other: 0.4ms
[2025-12-25T13:37:51.696+0000][gc,heap     ] GC(25) Eden regions: 608->0(609)
[2025-12-25T13:37:51.696+0000][gc,heap     ] GC(25) Survivor regions: 6->5(77)
[2025-12-25T13:37:51.696+0000][gc,heap     ] GC(25) Old regions: 21->21
[2025-12-25T13:37:51.696+0000][gc,heap     ] GC(25) Humongous regions: 2->2
[2025-12-25T13:37:51.696+0000][gc,metaspace] GC(25) Metaspace: 11255K(11520K)->11255K(11520K) NonClass: 10239K(10368K)->10239K(10368K) Class: 1016K(1152K)->1016K(1152K)
[2025-12-25T13:37:51.696+0000][gc          ] GC(25) Pause Young (Normal) (G1 Evacuation Pause) 636M->27M(1024M) 20.059ms
[2025-12-25T13:37:51.696+0000][gc,cpu      ] GC(25) User=0.14s Sys=0.00s Real=0.02s
[2025-12-25T13:38:42.128+0000][gc,start    ] GC(26) Pause Young (Normal) (G1 Evacuation Pause)
[2025-12-25T13:38:42.128+0000][gc,task     ] GC(26) Using 8 workers of 8 for evacuation
[2025-12-25T13:38:42.148+0000][gc,phases   ] GC(26)   Pre Evacuate Collection Set: 0.9ms
[2025-12-25T13:38:42.148+0000][gc,phases   ] GC(26)   Merge Heap Roots: 0.3ms
[2025-12-25T13:38:42.148+0000][gc,phases   ] GC(26)   Evacuate Collection Set: 16.4ms
[2025-12-25T13:38:42.148+0000][gc,phases   ] GC(26)   Post Evacuate Collection Set: 1.8ms
[2025-12-25T13:38:42.148+0000][gc,phases   ] GC(26)   Other: 0.2ms
[2025-12-25T13:38:42.148+0000][gc,heap     ] GC(26) Eden regions: 609->0(609)
[2025-12-25T13:38:42.148+0000][gc,heap     ] GC(26) Survivor regions: 5->5(77)
[2025-12-25T13:38:42.148+0000][gc,heap     ] GC(26) Old regions: 21->22
[2025-12-25T13:38:42.148+0000][gc,heap     ] GC(26) Humongous regions: 2->2
[2025-12-25T13:38:42.149+0000][gc,metaspace] GC(26) Metaspace: 11506K(11968K)->11506K(11968K) NonClass: 10454K(10688K)->10454K(10688K) Class: 1051K(1280K)->1051K(1280K)
[2025-12-25T13:38:42.149+0000][gc          ] GC(26) Pause Young (Normal) (G1 Evacuation Pause) 636M->28M(1024M) 20.609ms
[2025-12-25T13:38:42.149+0000][gc,cpu      ] GC(26) User=0.11s Sys=0.00s Real=0.02s
[2025-12-25T13:39:41.775+0000][gc,start    ] GC(27) Pause Young (Normal) (G1 Evacuation Pause)
[2025-12-25T13:39:41.776+0000][gc,task     ] GC(27) Using 8 workers of 8 for evacuation
[2025-12-25T13:39:41.790+0000][gc,phases   ] GC(27)   Pre Evacuate Collection Set: 1.5ms
[2025-12-25T13:39:41.790+0000][gc,phases   ] GC(27)   Merge Heap Roots: 0.3ms
[2025-12-25T13:39:41.790+0000][gc,phases   ] GC(27)   Evacuate Collection Set: 10.8ms
[2025-12-25T13:39:41.790+0000][gc,phases   ] GC(27)   Post Evacuate Collection Set: 1.3ms
[2025-12-25T13:39:41.790+0000][gc,phases   ] GC(27)   Other: 0.2ms
[2025-12-25T13:39:41.790+0000][gc,heap     ] GC(27) Eden regions: 609->0(610)
[2025-12-25T13:39:41.790+0000][gc,heap     ] GC(27) Survivor regions: 5->4(77)
[2025-12-25T13:39:41.790+0000][gc,heap     ] GC(27) Old regions: 22->23
[2025-12-25T13:39:41.790+0000][gc,heap     ] GC(27) Humongous regions: 2->2
[2025-12-25T13:39:41.790+0000][gc,metaspace] GC(27) Metaspace: 11507K(11968K)->11507K(11968K) NonClass: 10455K(10688K)->10455K(10688K) Class: 1051K(1280K)->1051K(1280K)
[2025-12-25T13:39:41.790+0000][gc          ] GC(27) Pause Young (Normal) (G1 Evacuation Pause) 637M->27M(1024M) 15.111ms
[2025-12-25T13:39:41.790+0000][gc,cpu      ] GC(27) User=0.08s Sys=0.01s Real=0.02s
[2025-12-25T13:40:32.522+0000][gc,start    ] GC(28) Pause Young (Normal) (G1 Evacuation Pause)
[2025-12-25T13:40:32.523+0000][gc,task     ] GC(28) Using 8 workers of 8 for evacuation
[2025-12-25T13:40:32.541+0000][gc,phases   ] GC(28)   Pre Evacuate Collection Set: 2.2ms
[2025-12-25T13:40:32.541+0000][gc,phases   ] GC(28)   Merge Heap Roots: 0.3ms
[2025-12-25T13:40:32.541+0000][gc,phases   ] GC(28)   Evacuate Collection Set: 12.0ms
[2025-12-25T13:40:32.541+0000][gc,phases   ] GC(28)   Post Evacuate Collection Set: 3.0ms
[2025-12-25T13:40:32.541+0000][gc,phases   ] GC(28)   Other: 0.3ms
[2025-12-25T13:40:32.541+0000][gc,heap     ] GC(28) Eden regions: 610->0(611)
[2025-12-25T13:40:32.542+0000][gc,heap     ] GC(28) Survivor regions: 4->3(77)
[2025-12-25T13:40:32.542+0000][gc,heap     ] GC(28) Old regions: 23->24
[2025-12-25T13:40:32.542+0000][gc,heap     ] GC(28) Humongous regions: 2->2
[2025-12-25T13:40:32.542+0000][gc,metaspace] GC(28) Metaspace: 11507K(11968K)->11507K(11968K) NonClass: 10455K(10688K)->10455K(10688K) Class: 1051K(1280K)->1051K(1280K)
[2025-12-25T13:40:32.542+0000][gc          ] GC(28) Pause Young (Normal) (G1 Evacuation Pause) 637M->28M(1024M) 20.274ms
[2025-12-25T13:40:32.542+0000][gc,cpu      ] GC(28) User=0.10s Sys=0.01s Real=0.02s
[2025-12-25T13:41:31.903+0000][gc,start    ] GC(29) Pause Young (Normal) (G1 Evacuation Pause)
[2025-12-25T13:41:31.903+0000][gc,task     ] GC(29) Using 8 workers of 8 for evacuation
[2025-12-25T13:41:31.917+0000][gc,phases   ] GC(29)   Pre Evacuate Collection Set: 1.5ms
[2025-12-25T13:41:31.918+0000][gc,phases   ] GC(29)   Merge Heap Roots: 0.8ms
[2025-12-25T13:41:31.918+0000][gc,phases   ] GC(29)   Evacuate Collection Set: 9.0ms
[2025-12-25T13:41:31.918+0000][gc,phases   ] GC(29)   Post Evacuate Collection Set: 2.6ms
[2025-12-25T13:41:31.918+0000][gc,phases   ] GC(29)   Other: 0.3ms
[2025-12-25T13:41:31.918+0000][gc,heap     ] GC(29) Eden regions: 611->0(612)
[2025-12-25T13:41:31.918+0000][gc,heap     ] GC(29) Survivor regions: 3->2(77)
[2025-12-25T13:41:31.918+0000][gc,heap     ] GC(29) Old regions: 24->25
[2025-12-25T13:41:31.918+0000][gc,heap     ] GC(29) Humongous regions: 2->2
[2025-12-25T13:41:31.918+0000][gc,metaspace] GC(29) Metaspace: 11507K(11968K)->11507K(11968K) NonClass: 10455K(10688K)->10455K(10688K) Class: 1051K(1280K)->1051K(1280K)
[2025-12-25T13:41:31.918+0000][gc          ] GC(29) Pause Young (Normal) (G1 Evacuation Pause) 639M->28M(1024M) 15.789ms
[2025-12-25T13:41:31.919+0000][gc,cpu      ] GC(29) User=0.07s Sys=0.00s Real=0.01s
[2025-12-25T13:42:31.671+0000][gc,start    ] GC(30) Pause Young (Normal) (G1 Evacuation Pause)
[2025-12-25T13:42:31.672+0000][gc,task     ] GC(30) Using 8 workers of 8 for evacuation
[2025-12-25T13:42:31.686+0000][gc,phases   ] GC(30)   Pre Evacuate Collection Set: 1.3ms
[2025-12-25T13:42:31.686+0000][gc,phases   ] GC(30)   Merge Heap Roots: 0.2ms
[2025-12-25T13:42:31.686+0000][gc,phases   ] GC(30)   Evacuate Collection Set: 11.1ms
[2025-12-25T13:42:31.686+0000][gc,phases   ] GC(30)   Post Evacuate Collection Set: 1.1ms
[2025-12-25T13:42:31.686+0000][gc,phases   ] GC(30)   Other: 0.6ms
[2025-12-25T13:42:31.686+0000][gc,heap     ] GC(30) Eden regions: 612->0(612)
[2025-12-25T13:42:31.686+0000][gc,heap     ] GC(30) Survivor regions: 2->2(77)
[2025-12-25T13:42:31.686+0000][gc,heap     ] GC(30) Old regions: 25->25
[2025-12-25T13:42:31.686+0000][gc,heap     ] GC(30) Humongous regions: 2->2
[2025-12-25T13:42:31.686+0000][gc,metaspace] GC(30) Metaspace: 11508K(11968K)->11508K(11968K) NonClass: 10456K(10688K)->10456K(10688K) Class: 1051K(1280K)->1051K(1280K)
[2025-12-25T13:42:31.686+0000][gc          ] GC(30) Pause Young (Normal) (G1 Evacuation Pause) 640M->27M(1024M) 15.562ms
[2025-12-25T13:42:31.687+0000][gc,cpu      ] GC(30) User=0.09s Sys=0.00s Real=0.02s
[2025-12-25T13:43:22.023+0000][gc,start    ] GC(31) Pause Young (Normal) (G1 Evacuation Pause)
[2025-12-25T13:43:22.024+0000][gc,task     ] GC(31) Using 8 workers of 8 for evacuation
[2025-12-25T13:43:22.040+0000][gc,phases   ] GC(31)   Pre Evacuate Collection Set: 3.0ms
[2025-12-25T13:43:22.040+0000][gc,phases   ] GC(31)   Merge Heap Roots: 0.4ms
[2025-12-25T13:43:22.040+0000][gc,phases   ] GC(31)   Evacuate Collection Set: 10.8ms
[2025-12-25T13:43:22.040+0000][gc,phases   ] GC(31)   Post Evacuate Collection Set: 1.5ms
[2025-12-25T13:43:22.040+0000][gc,phases   ] GC(31)   Other: 0.3ms
[2025-12-25T13:43:22.040+0000][gc,heap     ] GC(31) Eden regions: 612->0(612)
[2025-12-25T13:43:22.041+0000][gc,heap     ] GC(31) Survivor regions: 2->2(77)
[2025-12-25T13:43:22.041+0000][gc,heap     ] GC(31) Old regions: 25->25
[2025-12-25T13:43:22.041+0000][gc,heap     ] GC(31) Humongous regions: 2->2
[2025-12-25T13:43:22.041+0000][gc,metaspace] GC(31) Metaspace: 11508K(11968K)->11508K(11968K) NonClass: 10456K(10688K)->10456K(10688K) Class: 1051K(1280K)->1051K(1280K)
[2025-12-25T13:43:22.041+0000][gc          ] GC(31) Pause Young (Normal) (G1 Evacuation Pause) 639M->28M(1024M) 17.571ms
[2025-12-25T13:43:22.041+0000][gc,cpu      ] GC(31) User=0.09s Sys=0.01s Real=0.02s
[2025-12-25T13:44:21.794+0000][gc,start    ] GC(32) Pause Young (Normal) (G1 Evacuation Pause)
[2025-12-25T13:44:21.794+0000][gc,task     ] GC(32) Using 8 workers of 8 for evacuation
[2025-12-25T13:44:21.800+0000][gc,phases   ] GC(32)   Pre Evacuate Collection Set: 1.0ms
[2025-12-25T13:44:21.800+0000][gc,phases   ] GC(32)   Merge Heap Roots: 0.2ms
[2025-12-25T13:44:21.800+0000][gc,phases   ] GC(32)   Evacuate Collection Set: 3.3ms
[2025-12-25T13:44:21.800+0000][gc,phases   ] GC(32)   Post Evacuate Collection Set: 0.9ms
[2025-12-25T13:44:21.800+0000][gc,phases   ] GC(32)   Other: 0.2ms
[2025-12-25T13:44:21.800+0000][gc,heap     ] GC(32) Eden regions: 612->0(612)
[2025-12-25T13:44:21.800+0000][gc,heap     ] GC(32) Survivor regions: 2->2(77)
[2025-12-25T13:44:21.800+0000][gc,heap     ] GC(32) Old regions: 25->26
[2025-12-25T13:44:21.801+0000][gc,heap     ] GC(32) Humongous regions: 2->2
[2025-12-25T13:44:21.801+0000][gc,metaspace] GC(32) Metaspace: 11513K(11968K)->11513K(11968K) NonClass: 10461K(10688K)->10461K(10688K) Class: 1051K(1280K)->1051K(1280K)
[2025-12-25T13:44:21.801+0000][gc          ] GC(32) Pause Young (Normal) (G1 Evacuation Pause) 640M->28M(1024M) 6.880ms
[2025-12-25T13:44:21.801+0000][gc,cpu      ] GC(32) User=0.03s Sys=0.01s Real=0.01s
[2025-12-25T13:45:12.166+0000][gc,start    ] GC(33) Pause Young (Normal) (G1 Evacuation Pause)
[2025-12-25T13:45:12.167+0000][gc,task     ] GC(33) Using 8 workers of 8 for evacuation
[2025-12-25T13:45:12.180+0000][gc,phases   ] GC(33)   Pre Evacuate Collection Set: 0.7ms
[2025-12-25T13:45:12.180+0000][gc,phases   ] GC(33)   Merge Heap Roots: 0.2ms
[2025-12-25T13:45:12.180+0000][gc,phases   ] GC(33)   Evacuate Collection Set: 9.8ms
[2025-12-25T13:45:12.180+0000][gc,phases   ] GC(33)   Post Evacuate Collection Set: 1.9ms
[2025-12-25T13:45:12.180+0000][gc,phases   ] GC(33)   Other: 0.2ms
[2025-12-25T13:45:12.180+0000][gc,heap     ] GC(33) Eden regions: 612->0(612)
[2025-12-25T13:45:12.180+0000][gc,heap     ] GC(33) Survivor regions: 2->2(77)
[2025-12-25T13:45:12.181+0000][gc,heap     ] GC(33) Old regions: 26->26
[2025-12-25T13:45:12.181+0000][gc,heap     ] GC(33) Humongous regions: 2->2
[2025-12-25T13:45:12.181+0000][gc,metaspace] GC(33) Metaspace: 11523K(11968K)->11523K(11968K) NonClass: 10471K(10688K)->10471K(10688K) Class: 1051K(1280K)->1051K(1280K)
[2025-12-25T13:45:12.181+0000][gc          ] GC(33) Pause Young (Normal) (G1 Evacuation Pause) 640M->29M(1024M) 14.580ms
[2025-12-25T13:45:12.181+0000][gc,cpu      ] GC(33) User=0.08s Sys=0.00s Real=0.02s
[2025-12-25T13:46:11.960+0000][gc,start    ] GC(34) Pause Young (Normal) (G1 Evacuation Pause)
[2025-12-25T13:46:11.961+0000][gc,task     ] GC(34) Using 8 workers of 8 for evacuation
[2025-12-25T13:46:11.973+0000][gc,phases   ] GC(34)   Pre Evacuate Collection Set: 2.0ms
[2025-12-25T13:46:11.974+0000][gc,phases   ] GC(34)   Merge Heap Roots: 0.3ms
[2025-12-25T13:46:11.974+0000][gc,phases   ] GC(34)   Evacuate Collection Set: 8.3ms
[2025-12-25T13:46:11.974+0000][gc,phases   ] GC(34)   Post Evacuate Collection Set: 1.4ms
[2025-12-25T13:46:11.974+0000][gc,phases   ] GC(34)   Other: 0.7ms
[2025-12-25T13:46:11.974+0000][gc,heap     ] GC(34) Eden regions: 612->0(612)
[2025-12-25T13:46:11.974+0000][gc,heap     ] GC(34) Survivor regions: 2->2(77)
[2025-12-25T13:46:11.975+0000][gc,heap     ] GC(34) Old regions: 26->26
[2025-12-25T13:46:11.975+0000][gc,heap     ] GC(34) Humongous regions: 2->2
[2025-12-25T13:46:11.975+0000][gc,metaspace] GC(34) Metaspace: 11526K(11968K)->11526K(11968K) NonClass: 10474K(10688K)->10474K(10688K) Class: 1051K(1280K)->1051K(1280K)
[2025-12-25T13:46:11.975+0000][gc          ] GC(34) Pause Young (Normal) (G1 Evacuation Pause) 641M->28M(1024M) 14.868ms
[2025-12-25T13:46:11.975+0000][gc,cpu      ] GC(34) User=0.05s Sys=0.00s Real=0.01s
[2025-12-25T13:47:11.732+0000][gc,start    ] GC(35) Pause Young (Normal) (G1 Evacuation Pause)
[2025-12-25T13:47:11.733+0000][gc,task     ] GC(35) Using 8 workers of 8 for evacuation
[2025-12-25T13:47:11.761+0000][gc,phases   ] GC(35)   Pre Evacuate Collection Set: 3.0ms
[2025-12-25T13:47:11.761+0000][gc,phases   ] GC(35)   Merge Heap Roots: 0.5ms
[2025-12-25T13:47:11.761+0000][gc,phases   ] GC(35)   Evacuate Collection Set: 20.0ms
[2025-12-25T13:47:11.762+0000][gc,phases   ] GC(35)   Post Evacuate Collection Set: 3.7ms
[2025-12-25T13:47:11.762+0000][gc,phases   ] GC(35)   Other: 1.1ms
[2025-12-25T13:47:11.762+0000][gc,heap     ] GC(35) Eden regions: 612->0(613)
[2025-12-25T13:47:11.762+0000][gc,heap     ] GC(35) Survivor regions: 2->1(77)
[2025-12-25T13:47:11.762+0000][gc,heap     ] GC(35) Old regions: 26->26
[2025-12-25T13:47:11.762+0000][gc,heap     ] GC(35) Humongous regions: 2->2
[2025-12-25T13:47:11.762+0000][gc,metaspace] GC(35) Metaspace: 11528K(11968K)->11528K(11968K) NonClass: 10476K(10688K)->10476K(10688K) Class: 1051K(1280K)->1051K(1280K)
[2025-12-25T13:47:11.763+0000][gc          ] GC(35) Pause Young (Normal) (G1 Evacuation Pause) 640M->27M(1024M) 31.011ms
[2025-12-25T13:47:11.763+0000][gc,cpu      ] GC(35) User=0.13s Sys=0.01s Real=0.03s
[2025-12-25T13:50:07.930+0000][gc,start    ] GC(36) Pause Young (Normal) (G1 Evacuation Pause)
[2025-12-25T13:50:07.931+0000][gc,task     ] GC(36) Using 8 workers of 8 for evacuation
[2025-12-25T13:50:07.948+0000][gc,phases   ] GC(36)   Pre Evacuate Collection Set: 1.1ms
[2025-12-25T13:50:07.948+0000][gc,phases   ] GC(36)   Merge Heap Roots: 0.2ms
[2025-12-25T13:50:07.948+0000][gc,phases   ] GC(36)   Evacuate Collection Set: 9.6ms
[2025-12-25T13:50:07.948+0000][gc,phases   ] GC(36)   Post Evacuate Collection Set: 5.2ms
[2025-12-25T13:50:07.948+0000][gc,phases   ] GC(36)   Other: 0.4ms
[2025-12-25T13:50:07.948+0000][gc,heap     ] GC(36) Eden regions: 613->0(611)
[2025-12-25T13:50:07.948+0000][gc,heap     ] GC(36) Survivor regions: 1->3(77)
[2025-12-25T13:50:07.948+0000][gc,heap     ] GC(36) Old regions: 26->26
[2025-12-25T13:50:07.948+0000][gc,heap     ] GC(36) Humongous regions: 11->11
[2025-12-25T13:50:07.948+0000][gc,metaspace] GC(36) Metaspace: 11577K(11968K)->11577K(11968K) NonClass: 10525K(10688K)->10525K(10688K) Class: 1051K(1280K)->1051K(1280K)
[2025-12-25T13:50:07.948+0000][gc          ] GC(36) Pause Young (Normal) (G1 Evacuation Pause) 649M->38M(1024M) 18.342ms
[2025-12-25T13:50:07.949+0000][gc,cpu      ] GC(36) User=0.09s Sys=0.00s Real=0.02s
[2025-12-25T13:51:07.661+0000][gc,start    ] GC(37) Pause Young (Normal) (G1 Evacuation Pause)
[2025-12-25T13:51:07.663+0000][gc,task     ] GC(37) Using 8 workers of 8 for evacuation
[2025-12-25T13:51:07.674+0000][gc,phases   ] GC(37)   Pre Evacuate Collection Set: 2.0ms
[2025-12-25T13:51:07.675+0000][gc,phases   ] GC(37)   Merge Heap Roots: 0.4ms
[2025-12-25T13:51:07.675+0000][gc,phases   ] GC(37)   Evacuate Collection Set: 6.9ms
[2025-12-25T13:51:07.675+0000][gc,phases   ] GC(37)   Post Evacuate Collection Set: 2.3ms
[2025-12-25T13:51:07.675+0000][gc,phases   ] GC(37)   Other: 0.3ms
[2025-12-25T13:51:07.675+0000][gc,heap     ] GC(37) Eden regions: 611->0(611)
[2025-12-25T13:51:07.675+0000][gc,heap     ] GC(37) Survivor regions: 3->3(77)
[2025-12-25T13:51:07.675+0000][gc,heap     ] GC(37) Old regions: 26->26
[2025-12-25T13:51:07.675+0000][gc,heap     ] GC(37) Humongous regions: 11->11
[2025-12-25T13:51:07.675+0000][gc,metaspace] GC(37) Metaspace: 11626K(12096K)->11626K(12096K) NonClass: 10574K(10816K)->10574K(10816K) Class: 1051K(1280K)->1051K(1280K)
[2025-12-25T13:51:07.675+0000][gc          ] GC(37) Pause Young (Normal) (G1 Evacuation Pause) 649M->39M(1024M) 13.995ms
[2025-12-25T13:51:07.675+0000][gc,cpu      ] GC(37) User=0.07s Sys=0.00s Real=0.02s
[2025-12-25T13:51:57.972+0000][gc,start    ] GC(38) Pause Young (Normal) (G1 Evacuation Pause)
[2025-12-25T13:51:57.973+0000][gc,task     ] GC(38) Using 8 workers of 8 for evacuation
[2025-12-25T13:51:57.991+0000][gc,phases   ] GC(38)   Pre Evacuate Collection Set: 2.3ms
[2025-12-25T13:51:57.991+0000][gc,phases   ] GC(38)   Merge Heap Roots: 0.5ms
[2025-12-25T13:51:57.991+0000][gc,phases   ] GC(38)   Evacuate Collection Set: 11.5ms
[2025-12-25T13:51:57.991+0000][gc,phases   ] GC(38)   Post Evacuate Collection Set: 3.3ms
[2025-12-25T13:51:57.991+0000][gc,phases   ] GC(38)   Other: 0.5ms
[2025-12-25T13:51:57.991+0000][gc,heap     ] GC(38) Eden regions: 611->0(609)
[2025-12-25T13:51:57.991+0000][gc,heap     ] GC(38) Survivor regions: 3->5(77)
[2025-12-25T13:51:57.991+0000][gc,heap     ] GC(38) Old regions: 26->26
[2025-12-25T13:51:57.991+0000][gc,heap     ] GC(38) Humongous regions: 11->11
[2025-12-25T13:51:57.991+0000][gc,metaspace] GC(38) Metaspace: 11628K(12096K)->11628K(12096K) NonClass: 10576K(10816K)->10576K(10816K) Class: 1052K(1280K)->1052K(1280K)
[2025-12-25T13:51:57.991+0000][gc          ] GC(38) Pause Young (Normal) (G1 Evacuation Pause) 650M->40M(1024M) 19.289ms
[2025-12-25T13:51:57.991+0000][gc,cpu      ] GC(38) User=0.08s Sys=0.00s Real=0.01s
[2025-12-25T13:52:57.751+0000][gc,start    ] GC(39) Pause Young (Normal) (G1 Evacuation Pause)
[2025-12-25T13:52:57.752+0000][gc,task     ] GC(39) Using 8 workers of 8 for evacuation
[2025-12-25T13:52:57.781+0000][gc,phases   ] GC(39)   Pre Evacuate Collection Set: 3.6ms
[2025-12-25T13:52:57.781+0000][gc,phases   ] GC(39)   Merge Heap Roots: 0.7ms
[2025-12-25T13:52:57.781+0000][gc,phases   ] GC(39)   Evacuate Collection Set: 21.7ms
[2025-12-25T13:52:57.781+0000][gc,phases   ] GC(39)   Post Evacuate Collection Set: 2.4ms
[2025-12-25T13:52:57.781+0000][gc,phases   ] GC(39)   Other: 0.8ms
[2025-12-25T13:52:57.781+0000][gc,heap     ] GC(39) Eden regions: 609->0(609)
[2025-12-25T13:52:57.781+0000][gc,heap     ] GC(39) Survivor regions: 5->5(77)
[2025-12-25T13:52:57.781+0000][gc,heap     ] GC(39) Old regions: 26->26
[2025-12-25T13:52:57.781+0000][gc,heap     ] GC(39) Humongous regions: 11->11
[2025-12-25T13:52:57.782+0000][gc,metaspace] GC(39) Metaspace: 11658K(12096K)->11658K(12096K) NonClass: 10605K(10816K)->10605K(10816K) Class: 1052K(1280K)->1052K(1280K)
[2025-12-25T13:52:57.782+0000][gc          ] GC(39) Pause Young (Normal) (G1 Evacuation Pause) 649M->41M(1024M) 30.882ms
[2025-12-25T13:52:57.782+0000][gc,cpu      ] GC(39) User=0.14s Sys=0.00s Real=0.03s
[2025-12-25T13:53:47.929+0000][gc,start    ] GC(40) Pause Young (Normal) (G1 Evacuation Pause)
[2025-12-25T13:53:47.930+0000][gc,task     ] GC(40) Using 8 workers of 8 for evacuation
[2025-12-25T13:53:47.959+0000][gc,phases   ] GC(40)   Pre Evacuate Collection Set: 2.9ms
[2025-12-25T13:53:47.959+0000][gc,phases   ] GC(40)   Merge Heap Roots: 0.5ms
[2025-12-25T13:53:47.959+0000][gc,phases   ] GC(40)   Evacuate Collection Set: 21.2ms
[2025-12-25T13:53:47.959+0000][gc,phases   ] GC(40)   Post Evacuate Collection Set: 3.5ms
[2025-12-25T13:53:47.959+0000][gc,phases   ] GC(40)   Other: 0.8ms
[2025-12-25T13:53:47.959+0000][gc,heap     ] GC(40) Eden regions: 609->0(607)
[2025-12-25T13:53:47.960+0000][gc,heap     ] GC(40) Survivor regions: 5->7(77)
[2025-12-25T13:53:47.960+0000][gc,heap     ] GC(40) Old regions: 26->26
[2025-12-25T13:53:47.960+0000][gc,heap     ] GC(40) Humongous regions: 11->11
[2025-12-25T13:53:47.960+0000][gc,metaspace] GC(40) Metaspace: 11663K(12096K)->11663K(12096K) NonClass: 10610K(10816K)->10610K(10816K) Class: 1052K(1280K)->1052K(1280K)
[2025-12-25T13:53:47.960+0000][gc          ] GC(40) Pause Young (Normal) (G1 Evacuation Pause) 650M->42M(1024M) 31.201ms
[2025-12-25T13:53:47.960+0000][gc,cpu      ] GC(40) User=0.14s Sys=0.00s Real=0.04s
[2025-12-25T13:54:47.608+0000][gc,start    ] GC(41) Pause Young (Normal) (G1 Evacuation Pause)
[2025-12-25T13:54:47.609+0000][gc,task     ] GC(41) Using 8 workers of 8 for evacuation
[2025-12-25T13:54:47.623+0000][gc,phases   ] GC(41)   Pre Evacuate Collection Set: 3.5ms
[2025-12-25T13:54:47.623+0000][gc,phases   ] GC(41)   Merge Heap Roots: 0.2ms
[2025-12-25T13:54:47.624+0000][gc,phases   ] GC(41)   Evacuate Collection Set: 9.0ms
[2025-12-25T13:54:47.624+0000][gc,phases   ] GC(41)   Post Evacuate Collection Set: 1.2ms
[2025-12-25T13:54:47.624+0000][gc,phases   ] GC(41)   Other: 0.6ms
[2025-12-25T13:54:47.624+0000][gc,heap     ] GC(41) Eden regions: 607->0(607)
[2025-12-25T13:54:47.624+0000][gc,heap     ] GC(41) Survivor regions: 7->7(77)
[2025-12-25T13:54:47.624+0000][gc,heap     ] GC(41) Old regions: 26->26
[2025-12-25T13:54:47.624+0000][gc,heap     ] GC(41) Humongous regions: 11->11
[2025-12-25T13:54:47.624+0000][gc,metaspace] GC(41) Metaspace: 11673K(12096K)->11673K(12096K) NonClass: 10620K(10816K)->10620K(10816K) Class: 1052K(1280K)->1052K(1280K)
[2025-12-25T13:54:47.624+0000][gc          ] GC(41) Pause Young (Normal) (G1 Evacuation Pause) 649M->42M(1024M) 16.169ms
[2025-12-25T13:54:47.624+0000][gc,cpu      ] GC(41) User=0.09s Sys=0.00s Real=0.01s
[2025-12-25T13:55:37.992+0000][gc,start    ] GC(42) Pause Young (Normal) (G1 Evacuation Pause)
[2025-12-25T13:55:37.993+0000][gc,task     ] GC(42) Using 8 workers of 8 for evacuation
[2025-12-25T13:55:38.034+0000][gc,phases   ] GC(42)   Pre Evacuate Collection Set: 1.1ms
[2025-12-25T13:55:38.034+0000][gc,phases   ] GC(42)   Merge Heap Roots: 0.2ms
[2025-12-25T13:55:38.034+0000][gc,phases   ] GC(42)   Evacuate Collection Set: 35.8ms
[2025-12-25T13:55:38.035+0000][gc,phases   ] GC(42)   Post Evacuate Collection Set: 3.7ms
[2025-12-25T13:55:38.035+0000][gc,phases   ] GC(42)   Other: 0.3ms
[2025-12-25T13:55:38.035+0000][gc,heap     ] GC(42) Eden regions: 607->0(605)
[2025-12-25T13:55:38.035+0000][gc,heap     ] GC(42) Survivor regions: 7->9(77)
[2025-12-25T13:55:38.035+0000][gc,heap     ] GC(42) Old regions: 26->26
[2025-12-25T13:55:38.035+0000][gc,heap     ] GC(42) Humongous regions: 11->11
[2025-12-25T13:55:38.035+0000][gc,metaspace] GC(42) Metaspace: 11694K(12096K)->11694K(12096K) NonClass: 10642K(10816K)->10642K(10816K) Class: 1052K(1280K)->1052K(1280K)
[2025-12-25T13:55:38.035+0000][gc          ] GC(42) Pause Young (Normal) (G1 Evacuation Pause) 649M->44M(1024M) 42.849ms
[2025-12-25T13:55:38.035+0000][gc,cpu      ] GC(42) User=0.22s Sys=0.01s Real=0.04s
[2025-12-25T13:56:34.434+0000][gc,start    ] GC(43) Pause Young (Normal) (G1 Evacuation Pause)
[2025-12-25T13:56:34.436+0000][gc,task     ] GC(43) Using 8 workers of 8 for evacuation
[2025-12-25T13:56:34.490+0000][gc,phases   ] GC(43)   Pre Evacuate Collection Set: 2.5ms
[2025-12-25T13:56:34.490+0000][gc,phases   ] GC(43)   Merge Heap Roots: 0.3ms
[2025-12-25T13:56:34.490+0000][gc,phases   ] GC(43)   Evacuate Collection Set: 47.9ms
[2025-12-25T13:56:34.490+0000][gc,phases   ] GC(43)   Post Evacuate Collection Set: 2.4ms
[2025-12-25T13:56:34.490+0000][gc,phases   ] GC(43)   Other: 1.1ms
[2025-12-25T13:56:34.490+0000][gc,heap     ] GC(43) Eden regions: 605->0(605)
[2025-12-25T13:56:34.490+0000][gc,heap     ] GC(43) Survivor regions: 9->9(77)
[2025-12-25T13:56:34.491+0000][gc,heap     ] GC(43) Old regions: 26->26
[2025-12-25T13:56:34.491+0000][gc,heap     ] GC(43) Humongous regions: 11->11
[2025-12-25T13:56:34.491+0000][gc,metaspace] GC(43) Metaspace: 11701K(12096K)->11701K(12096K) NonClass: 10648K(10816K)->10648K(10816K) Class: 1052K(1280K)->1052K(1280K)
[2025-12-25T13:56:34.491+0000][gc          ] GC(43) Pause Young (Normal) (G1 Evacuation Pause) 649M->45M(1024M) 57.275ms
[2025-12-25T13:56:34.491+0000][gc,cpu      ] GC(43) User=0.25s Sys=0.02s Real=0.06s
[2025-12-25T13:57:27.811+0000][gc,start    ] GC(44) Pause Young (Normal) (G1 Evacuation Pause)
[2025-12-25T13:57:27.812+0000][gc,task     ] GC(44) Using 8 workers of 8 for evacuation
[2025-12-25T13:57:27.842+0000][gc,phases   ] GC(44)   Pre Evacuate Collection Set: 2.2ms
[2025-12-25T13:57:27.842+0000][gc,phases   ] GC(44)   Merge Heap Roots: 0.3ms
[2025-12-25T13:57:27.842+0000][gc,phases   ] GC(44)   Evacuate Collection Set: 21.4ms
[2025-12-25T13:57:27.842+0000][gc,phases   ] GC(44)   Post Evacuate Collection Set: 4.1ms
[2025-12-25T13:57:27.842+0000][gc,phases   ] GC(44)   Other: 1.0ms
[2025-12-25T13:57:27.842+0000][gc,heap     ] GC(44) Eden regions: 605->0(603)
[2025-12-25T13:57:27.842+0000][gc,heap     ] GC(44) Survivor regions: 9->11(77)
[2025-12-25T13:57:27.842+0000][gc,heap     ] GC(44) Old regions: 26->26
[2025-12-25T13:57:27.842+0000][gc,heap     ] GC(44) Humongous regions: 11->11
[2025-12-25T13:57:27.842+0000][gc,metaspace] GC(44) Metaspace: 11712K(12096K)->11712K(12096K) NonClass: 10660K(10816K)->10660K(10816K) Class: 1052K(1280K)->1052K(1280K)
[2025-12-25T13:57:27.842+0000][gc          ] GC(44) Pause Young (Normal) (G1 Evacuation Pause) 650M->47M(1024M) 31.248ms
[2025-12-25T13:57:27.843+0000][gc,cpu      ] GC(44) User=0.15s Sys=0.00s Real=0.03s
[2025-12-25T13:58:17.966+0000][gc,start    ] GC(45) Pause Young (Normal) (G1 Evacuation Pause)
[2025-12-25T13:58:17.967+0000][gc,task     ] GC(45) Using 8 workers of 8 for evacuation
[2025-12-25T13:58:17.997+0000][gc,phases   ] GC(45)   Pre Evacuate Collection Set: 1.1ms
[2025-12-25T13:58:17.997+0000][gc,phases   ] GC(45)   Merge Heap Roots: 0.2ms
[2025-12-25T13:58:17.997+0000][gc,phases   ] GC(45)   Evacuate Collection Set: 27.1ms
[2025-12-25T13:58:17.997+0000][gc,phases   ] GC(45)   Post Evacuate Collection Set: 1.2ms
[2025-12-25T13:58:17.997+0000][gc,phases   ] GC(45)   Other: 0.3ms
[2025-12-25T13:58:17.997+0000][gc,heap     ] GC(45) Eden regions: 603->0(602)
[2025-12-25T13:58:17.997+0000][gc,heap     ] GC(45) Survivor regions: 11->12(77)
[2025-12-25T13:58:17.997+0000][gc,heap     ] GC(45) Old regions: 26->26
[2025-12-25T13:58:17.997+0000][gc,heap     ] GC(45) Humongous regions: 11->11
[2025-12-25T13:58:17.997+0000][gc,metaspace] GC(45) Metaspace: 11719K(12096K)->11719K(12096K) NonClass: 10667K(10816K)->10667K(10816K) Class: 1052K(1280K)->1052K(1280K)
[2025-12-25T13:58:17.997+0000][gc          ] GC(45) Pause Young (Normal) (G1 Evacuation Pause) 650M->48M(1024M) 31.088ms
[2025-12-25T13:58:17.997+0000][gc,cpu      ] GC(45) User=0.14s Sys=0.01s Real=0.03s
[2025-12-25T13:59:17.824+0000][gc,start    ] GC(46) Pause Young (Normal) (G1 Evacuation Pause)
[2025-12-25T13:59:17.825+0000][gc,task     ] GC(46) Using 8 workers of 8 for evacuation
[2025-12-25T13:59:17.883+0000][gc,phases   ] GC(46)   Pre Evacuate Collection Set: 3.1ms
[2025-12-25T13:59:17.883+0000][gc,phases   ] GC(46)   Merge Heap Roots: 0.3ms
[2025-12-25T13:59:17.883+0000][gc,phases   ] GC(46)   Evacuate Collection Set: 52.0ms
[2025-12-25T13:59:17.883+0000][gc,phases   ] GC(46)   Post Evacuate Collection Set: 2.4ms
[2025-12-25T13:59:17.883+0000][gc,phases   ] GC(46)   Other: 0.7ms
[2025-12-25T13:59:17.883+0000][gc,heap     ] GC(46) Eden regions: 602->0(602)
[2025-12-25T13:59:17.883+0000][gc,heap     ] GC(46) Survivor regions: 12->12(77)
[2025-12-25T13:59:17.883+0000][gc,heap     ] GC(46) Old regions: 26->26
[2025-12-25T13:59:17.884+0000][gc,heap     ] GC(46) Humongous regions: 11->11
[2025-12-25T13:59:17.884+0000][gc,metaspace] GC(46) Metaspace: 11726K(12096K)->11726K(12096K) NonClass: 10674K(10816K)->10674K(10816K) Class: 1052K(1280K)->1052K(1280K)
[2025-12-25T13:59:17.884+0000][gc          ] GC(46) Pause Young (Normal) (G1 Evacuation Pause) 650M->48M(1024M) 59.631ms
[2025-12-25T13:59:17.884+0000][gc,cpu      ] GC(46) User=0.37s Sys=0.02s Real=0.06s
[2025-12-25T14:00:08.081+0000][gc,start    ] GC(47) Pause Young (Normal) (G1 Evacuation Pause)
[2025-12-25T14:00:08.082+0000][gc,task     ] GC(47) Using 8 workers of 8 for evacuation
[2025-12-25T14:00:08.115+0000][gc,phases   ] GC(47)   Pre Evacuate Collection Set: 2.3ms
[2025-12-25T14:00:08.115+0000][gc,phases   ] GC(47)   Merge Heap Roots: 0.5ms
[2025-12-25T14:00:08.115+0000][gc,phases   ] GC(47)   Evacuate Collection Set: 27.4ms
[2025-12-25T14:00:08.115+0000][gc,phases   ] GC(47)   Post Evacuate Collection Set: 1.6ms
[2025-12-25T14:00:08.115+0000][gc,phases   ] GC(47)   Other: 1.1ms
[2025-12-25T14:00:08.115+0000][gc,heap     ] GC(47) Eden regions: 602->0(600)
[2025-12-25T14:00:08.115+0000][gc,heap     ] GC(47) Survivor regions: 12->14(77)
[2025-12-25T14:00:08.116+0000][gc,heap     ] GC(47) Old regions: 26->26
[2025-12-25T14:00:08.116+0000][gc,heap     ] GC(47) Humongous regions: 11->11
[2025-12-25T14:00:08.116+0000][gc,metaspace] GC(47) Metaspace: 11730K(12160K)->11730K(12160K) NonClass: 10678K(10880K)->10678K(10880K) Class: 1052K(1280K)->1052K(1280K)
[2025-12-25T14:00:08.116+0000][gc          ] GC(47) Pause Young (Normal) (G1 Evacuation Pause) 650M->50M(1024M) 34.456ms
[2025-12-25T14:00:08.116+0000][gc,cpu      ] GC(47) User=0.18s Sys=0.00s Real=0.03s
[2025-12-25T14:01:07.606+0000][gc,start    ] GC(48) Pause Young (Normal) (G1 Evacuation Pause)
[2025-12-25T14:01:07.607+0000][gc,task     ] GC(48) Using 8 workers of 8 for evacuation
[2025-12-25T14:01:07.672+0000][gc,phases   ] GC(48)   Pre Evacuate Collection Set: 0.9ms
[2025-12-25T14:01:07.672+0000][gc,phases   ] GC(48)   Merge Heap Roots: 0.2ms
[2025-12-25T14:01:07.672+0000][gc,phases   ] GC(48)   Evacuate Collection Set: 57.3ms
[2025-12-25T14:01:07.672+0000][gc,phases   ] GC(48)   Post Evacuate Collection Set: 5.6ms
[2025-12-25T14:01:07.672+0000][gc,phases   ] GC(48)   Other: 0.9ms
[2025-12-25T14:01:07.672+0000][gc,heap     ] GC(48) Eden regions: 600->0(600)
[2025-12-25T14:01:07.672+0000][gc,heap     ] GC(48) Survivor regions: 14->14(77)
[2025-12-25T14:01:07.673+0000][gc,heap     ] GC(48) Old regions: 26->26
[2025-12-25T14:01:07.673+0000][gc,heap     ] GC(48) Humongous regions: 11->11
[2025-12-25T14:01:07.673+0000][gc,metaspace] GC(48) Metaspace: 11752K(12160K)->11752K(12160K) NonClass: 10699K(10880K)->10699K(10880K) Class: 1052K(1280K)->1052K(1280K)
[2025-12-25T14:01:07.673+0000][gc          ] GC(48) Pause Young (Normal) (G1 Evacuation Pause) 650M->50M(1024M) 66.464ms
[2025-12-25T14:01:07.673+0000][gc,cpu      ] GC(48) User=0.40s Sys=0.01s Real=0.07s
[2025-12-25T14:01:57.863+0000][gc,start    ] GC(49) Pause Young (Normal) (G1 Evacuation Pause)
[2025-12-25T14:01:57.864+0000][gc,task     ] GC(49) Using 8 workers of 8 for evacuation
[2025-12-25T14:01:57.930+0000][gc,phases   ] GC(49)   Pre Evacuate Collection Set: 6.3ms
[2025-12-25T14:01:57.930+0000][gc,phases   ] GC(49)   Merge Heap Roots: 1.6ms
[2025-12-25T14:01:57.930+0000][gc,phases   ] GC(49)   Evacuate Collection Set: 52.9ms
[2025-12-25T14:01:57.930+0000][gc,phases   ] GC(49)   Post Evacuate Collection Set: 4.4ms
[2025-12-25T14:01:57.930+0000][gc,phases   ] GC(49)   Other: 0.5ms
[2025-12-25T14:01:57.931+0000][gc,heap     ] GC(49) Eden regions: 600->0(598)
[2025-12-25T14:01:57.931+0000][gc,heap     ] GC(49) Survivor regions: 14->16(77)
[2025-12-25T14:01:57.931+0000][gc,heap     ] GC(49) Old regions: 26->26
[2025-12-25T14:01:57.931+0000][gc,heap     ] GC(49) Humongous regions: 11->11
[2025-12-25T14:01:57.931+0000][gc,metaspace] GC(49) Metaspace: 11903K(12352K)->11903K(12352K) NonClass: 10851K(11072K)->10851K(11072K) Class: 1052K(1280K)->1052K(1280K)
[2025-12-25T14:01:57.931+0000][gc          ] GC(49) Pause Young (Normal) (G1 Evacuation Pause) 650M->52M(1024M) 67.677ms
[2025-12-25T14:01:57.931+0000][gc,cpu      ] GC(49) User=0.34s Sys=0.02s Real=0.07s
[2025-12-25T14:02:48.266+0000][gc,start    ] GC(50) Pause Young (Normal) (G1 Evacuation Pause)
[2025-12-25T14:02:48.267+0000][gc,task     ] GC(50) Using 8 workers of 8 for evacuation
[2025-12-25T14:02:48.317+0000][gc,phases   ] GC(50)   Pre Evacuate Collection Set: 1.4ms
[2025-12-25T14:02:48.317+0000][gc,phases   ] GC(50)   Merge Heap Roots: 0.2ms
[2025-12-25T14:02:48.317+0000][gc,phases   ] GC(50)   Evacuate Collection Set: 44.9ms
[2025-12-25T14:02:48.317+0000][gc,phases   ] GC(50)   Post Evacuate Collection Set: 3.1ms
[2025-12-25T14:02:48.317+0000][gc,phases   ] GC(50)   Other: 0.4ms
[2025-12-25T14:02:48.317+0000][gc,heap     ] GC(50) Eden regions: 598->0(598)
[2025-12-25T14:02:48.318+0000][gc,heap     ] GC(50) Survivor regions: 16->16(77)
[2025-12-25T14:02:48.318+0000][gc,heap     ] GC(50) Old regions: 26->26
[2025-12-25T14:02:48.318+0000][gc,heap     ] GC(50) Humongous regions: 11->11
[2025-12-25T14:02:48.318+0000][gc,metaspace] GC(50) Metaspace: 11903K(12352K)->11903K(12352K) NonClass: 10851K(11072K)->10851K(11072K) Class: 1052K(1280K)->1052K(1280K)
[2025-12-25T14:02:48.318+0000][gc          ] GC(50) Pause Young (Normal) (G1 Evacuation Pause) 650M->52M(1024M) 52.538ms
[2025-12-25T14:02:48.318+0000][gc,cpu      ] GC(50) User=0.33s Sys=0.00s Real=0.05s
[2025-12-25T14:03:48.665+0000][gc,start    ] GC(51) Pause Young (Normal) (G1 Evacuation Pause)
[2025-12-25T14:03:48.666+0000][gc,task     ] GC(51) Using 8 workers of 8 for evacuation
[2025-12-25T14:03:48.761+0000][gc,phases   ] GC(51)   Pre Evacuate Collection Set: 3.1ms
[2025-12-25T14:03:48.761+0000][gc,phases   ] GC(51)   Merge Heap Roots: 4.3ms
[2025-12-25T14:03:48.762+0000][gc,phases   ] GC(51)   Evacuate Collection Set: 77.6ms
[2025-12-25T14:03:48.762+0000][gc,phases   ] GC(51)   Post Evacuate Collection Set: 9.4ms
[2025-12-25T14:03:48.762+0000][gc,phases   ] GC(51)   Other: 0.8ms
[2025-12-25T14:03:48.763+0000][gc,heap     ] GC(51) Eden regions: 598->0(597)
[2025-12-25T14:03:48.763+0000][gc,heap     ] GC(51) Survivor regions: 16->17(77)
[2025-12-25T14:03:48.763+0000][gc,heap     ] GC(51) Old regions: 26->27
[2025-12-25T14:03:48.763+0000][gc,heap     ] GC(51) Humongous regions: 11->11
[2025-12-25T14:03:48.763+0000][gc,metaspace] GC(51) Metaspace: 11903K(12352K)->11903K(12352K) NonClass: 10851K(11072K)->10851K(11072K) Class: 1052K(1280K)->1052K(1280K)
[2025-12-25T14:03:48.764+0000][gc          ] GC(51) Pause Young (Normal) (G1 Evacuation Pause) 650M->53M(1024M) 99.053ms
[2025-12-25T14:03:48.764+0000][gc,cpu      ] GC(51) User=0.48s Sys=0.08s Real=0.10s
[2025-12-25T14:04:38.484+0000][gc,start    ] GC(52) Pause Young (Normal) (G1 Evacuation Pause)
[2025-12-25T14:04:38.485+0000][gc,task     ] GC(52) Using 8 workers of 8 for evacuation
[2025-12-25T14:04:38.546+0000][gc,phases   ] GC(52)   Pre Evacuate Collection Set: 2.3ms
[2025-12-25T14:04:38.546+0000][gc,phases   ] GC(52)   Merge Heap Roots: 1.0ms
[2025-12-25T14:04:38.546+0000][gc,phases   ] GC(52)   Evacuate Collection Set: 55.3ms
[2025-12-25T14:04:38.546+0000][gc,phases   ] GC(52)   Post Evacuate Collection Set: 2.2ms
[2025-12-25T14:04:38.547+0000][gc,phases   ] GC(52)   Other: 0.7ms
[2025-12-25T14:04:38.547+0000][gc,heap     ] GC(52) Eden regions: 597->0(597)
[2025-12-25T14:04:38.547+0000][gc,heap     ] GC(52) Survivor regions: 17->17(77)
[2025-12-25T14:04:38.547+0000][gc,heap     ] GC(52) Old regions: 27->28
[2025-12-25T14:04:38.547+0000][gc,heap     ] GC(52) Humongous regions: 11->11
[2025-12-25T14:04:38.547+0000][gc,metaspace] GC(52) Metaspace: 11908K(12352K)->11908K(12352K) NonClass: 10855K(11072K)->10855K(11072K) Class: 1052K(1280K)->1052K(1280K)
[2025-12-25T14:04:38.547+0000][gc          ] GC(52) Pause Young (Normal) (G1 Evacuation Pause) 650M->55M(1024M) 63.143ms
[2025-12-25T14:04:38.547+0000][gc,cpu      ] GC(52) User=0.39s Sys=0.01s Real=0.07s
[2025-12-25T14:05:37.817+0000][gc,start    ] GC(53) Pause Young (Normal) (G1 Evacuation Pause)
[2025-12-25T14:05:37.818+0000][gc,task     ] GC(53) Using 8 workers of 8 for evacuation
[2025-12-25T14:05:37.876+0000][gc,phases   ] GC(53)   Pre Evacuate Collection Set: 3.5ms
[2025-12-25T14:05:37.877+0000][gc,phases   ] GC(53)   Merge Heap Roots: 0.9ms
[2025-12-25T14:05:37.879+0000][gc,phases   ] GC(53)   Evacuate Collection Set: 44.0ms
[2025-12-25T14:05:37.880+0000][gc,phases   ] GC(53)   Post Evacuate Collection Set: 6.7ms
[2025-12-25T14:05:37.880+0000][gc,phases   ] GC(53)   Other: 3.1ms
[2025-12-25T14:05:37.881+0000][gc,heap     ] GC(53) Eden regions: 597->0(598)
[2025-12-25T14:05:37.882+0000][gc,heap     ] GC(53) Survivor regions: 17->16(77)
[2025-12-25T14:05:37.882+0000][gc,heap     ] GC(53) Old regions: 28->29
[2025-12-25T14:05:37.882+0000][gc,heap     ] GC(53) Humongous regions: 20->20
[2025-12-25T14:05:37.882+0000][gc,metaspace] GC(53) Metaspace: 11908K(12352K)->11908K(12352K) NonClass: 10855K(11072K)->10855K(11072K) Class: 1052K(1280K)->1052K(1280K)
[2025-12-25T14:05:37.882+0000][gc          ] GC(53) Pause Young (Normal) (G1 Evacuation Pause) 661M->64M(1024M) 65.173ms
[2025-12-25T14:05:37.882+0000][gc,cpu      ] GC(53) User=0.29s Sys=0.01s Real=0.07s
[2025-12-25T14:06:27.994+0000][gc,start    ] GC(54) Pause Young (Normal) (G1 Evacuation Pause)
[2025-12-25T14:06:27.994+0000][gc,task     ] GC(54) Using 8 workers of 8 for evacuation
[2025-12-25T14:06:28.029+0000][gc,phases   ] GC(54)   Pre Evacuate Collection Set: 0.8ms
[2025-12-25T14:06:28.029+0000][gc,phases   ] GC(54)   Merge Heap Roots: 0.4ms
[2025-12-25T14:06:28.029+0000][gc,phases   ] GC(54)   Evacuate Collection Set: 31.5ms
[2025-12-25T14:06:28.029+0000][gc,phases   ] GC(54)   Post Evacuate Collection Set: 1.7ms
[2025-12-25T14:06:28.029+0000][gc,phases   ] GC(54)   Other: 0.3ms
[2025-12-25T14:06:28.029+0000][gc,heap     ] GC(54) Eden regions: 598->0(598)
[2025-12-25T14:06:28.029+0000][gc,heap     ] GC(54) Survivor regions: 16->16(77)
[2025-12-25T14:06:28.029+0000][gc,heap     ] GC(54) Old regions: 29->30
[2025-12-25T14:06:28.029+0000][gc,heap     ] GC(54) Humongous regions: 20->20
[2025-12-25T14:06:28.029+0000][gc,metaspace] GC(54) Metaspace: 11908K(12352K)->11908K(12352K) NonClass: 10855K(11072K)->10855K(11072K) Class: 1052K(1280K)->1052K(1280K)
[2025-12-25T14:06:28.029+0000][gc          ] GC(54) Pause Young (Normal) (G1 Evacuation Pause) 662M->65M(1024M) 35.585ms
[2025-12-25T14:06:28.029+0000][gc,cpu      ] GC(54) User=0.20s Sys=0.03s Real=0.03s
[2025-12-25T14:07:19.775+0000][gc,start    ] GC(55) Pause Young (Normal) (G1 Evacuation Pause)
[2025-12-25T14:07:19.797+0000][gc,task     ] GC(55) Using 8 workers of 8 for evacuation
[2025-12-25T14:07:20.698+0000][gc,mmu      ] GC(55) MMU target violated: 201.0ms (200.0ms/201.0ms)
[2025-12-25T14:07:20.745+0000][gc,phases   ] GC(55)   Pre Evacuate Collection Set: 30.0ms
[2025-12-25T14:07:20.748+0000][gc,phases   ] GC(55)   Merge Heap Roots: 10.3ms
[2025-12-25T14:07:20.756+0000][gc,phases   ] GC(55)   Evacuate Collection Set: 716.6ms
[2025-12-25T14:07:20.763+0000][gc,phases   ] GC(55)   Post Evacuate Collection Set: 42.4ms
[2025-12-25T14:07:20.769+0000][gc,phases   ] GC(55)   Other: 148.1ms
[2025-12-25T14:07:20.789+0000][gc,heap     ] GC(55) Eden regions: 598->0(34)
[2025-12-25T14:07:20.794+0000][gc,heap     ] GC(55) Survivor regions: 16->17(77)
[2025-12-25T14:07:20.796+0000][gc,heap     ] GC(55) Old regions: 30->31
[2025-12-25T14:07:20.798+0000][gc,heap     ] GC(55) Humongous regions: 20->20
[2025-12-25T14:07:20.805+0000][gc,metaspace] GC(55) Metaspace: 11909K(12352K)->11909K(12352K) NonClass: 10856K(11072K)->10856K(11072K) Class: 1052K(1280K)->1052K(1280K)
[2025-12-25T14:07:20.807+0000][gc          ] GC(55) Pause Young (Normal) (G1 Evacuation Pause) 663M->66M(1024M) 1032.350ms
[2025-12-25T14:07:20.810+0000][gc,cpu      ] GC(55) User=1.33s Sys=0.16s Real=1.03s
[2025-12-25T14:07:27.846+0000][gc,start    ] GC(56) Pause Young (Normal) (G1 Evacuation Pause)
[2025-12-25T14:07:27.847+0000][gc,task     ] GC(56) Using 8 workers of 8 for evacuation
[2025-12-25T14:07:27.872+0000][gc,phases   ] GC(56)   Pre Evacuate Collection Set: 1.0ms
[2025-12-25T14:07:27.872+0000][gc,phases   ] GC(56)   Merge Heap Roots: 0.3ms
[2025-12-25T14:07:27.872+0000][gc,phases   ] GC(56)   Evacuate Collection Set: 23.3ms
[2025-12-25T14:07:27.872+0000][gc,phases   ] GC(56)   Post Evacuate Collection Set: 0.8ms
[2025-12-25T14:07:27.872+0000][gc,phases   ] GC(56)   Other: 0.1ms
[2025-12-25T14:07:27.872+0000][gc,heap     ] GC(56) Eden regions: 34->0(47)
[2025-12-25T14:07:27.872+0000][gc,heap     ] GC(56) Survivor regions: 17->4(7)
[2025-12-25T14:07:27.872+0000][gc,heap     ] GC(56) Old regions: 31->44
[2025-12-25T14:07:27.872+0000][gc,heap     ] GC(56) Humongous regions: 20->20
[2025-12-25T14:07:27.872+0000][gc,metaspace] GC(56) Metaspace: 11909K(12352K)->11909K(12352K) NonClass: 10857K(11072K)->10857K(11072K) Class: 1052K(1280K)->1052K(1280K)
[2025-12-25T14:07:27.873+0000][gc          ] GC(56) Pause Young (Normal) (G1 Evacuation Pause) 100M->66M(1024M) 26.479ms
[2025-12-25T14:07:27.873+0000][gc,cpu      ] GC(56) User=0.15s Sys=0.04s Real=0.02s
[2025-12-25T14:08:08.007+0000][gc,start    ] GC(57) Pause Young (Normal) (G1 Evacuation Pause)
[2025-12-25T14:08:08.007+0000][gc,task     ] GC(57) Using 8 workers of 8 for evacuation
[2025-12-25T14:08:08.025+0000][gc,phases   ] GC(57)   Pre Evacuate Collection Set: 2.3ms
[2025-12-25T14:08:08.025+0000][gc,phases   ] GC(57)   Merge Heap Roots: 0.2ms
[2025-12-25T14:08:08.025+0000][gc,phases   ] GC(57)   Evacuate Collection Set: 13.1ms
[2025-12-25T14:08:08.025+0000][gc,phases   ] GC(57)   Post Evacuate Collection Set: 1.2ms
[2025-12-25T14:08:08.025+0000][gc,phases   ] GC(57)   Other: 0.5ms
[2025-12-25T14:08:08.025+0000][gc,heap     ] GC(57) Eden regions: 476->0(47)
[2025-12-25T14:08:08.025+0000][gc,heap     ] GC(57) Survivor regions: 4->4(60)
[2025-12-25T14:08:08.025+0000][gc,heap     ] GC(57) Old regions: 44->44
[2025-12-25T14:08:08.025+0000][gc,heap     ] GC(57) Humongous regions: 20->20
[2025-12-25T14:08:08.025+0000][gc,metaspace] GC(57) Metaspace: 11923K(12352K)->11923K(12352K) NonClass: 10870K(11072K)->10870K(11072K) Class: 1052K(1280K)->1052K(1280K)
[2025-12-25T14:08:08.025+0000][gc          ] GC(57) Pause Young (Normal) (G1 Evacuation Pause) 542M->67M(1024M) 18.809ms
[2025-12-25T14:08:08.025+0000][gc,cpu      ] GC(57) User=0.08s Sys=0.00s Real=0.02s
[2025-12-25T14:08:58.438+0000][gc,start    ] GC(58) Pause Young (Normal) (G1 Evacuation Pause)
[2025-12-25T14:08:58.438+0000][gc,task     ] GC(58) Using 8 workers of 8 for evacuation
[2025-12-25T14:08:58.464+0000][gc,phases   ] GC(58)   Pre Evacuate Collection Set: 1.6ms
[2025-12-25T14:08:58.464+0000][gc,phases   ] GC(58)   Merge Heap Roots: 0.8ms
[2025-12-25T14:08:58.464+0000][gc,phases   ] GC(58)   Evacuate Collection Set: 20.0ms
[2025-12-25T14:08:58.464+0000][gc,phases   ] GC(58)   Post Evacuate Collection Set: 2.4ms
[2025-12-25T14:08:58.465+0000][gc,phases   ] GC(58)   Other: 0.6ms
[2025-12-25T14:08:58.465+0000][gc,heap     ] GC(58) Eden regions: 610->0(457)
[2025-12-25T14:08:58.465+0000][gc,heap     ] GC(58) Survivor regions: 4->6(77)
[2025-12-25T14:08:58.465+0000][gc,heap     ] GC(58) Old regions: 44->44
[2025-12-25T14:08:58.465+0000][gc,heap     ] GC(58) Humongous regions: 20->20
[2025-12-25T14:08:58.465+0000][gc,metaspace] GC(58) Metaspace: 11925K(12352K)->11925K(12352K) NonClass: 10873K(11072K)->10873K(11072K) Class: 1052K(1280K)->1052K(1280K)
[2025-12-25T14:08:58.466+0000][gc          ] GC(58) Pause Young (Normal) (G1 Evacuation Pause) 677M->68M(1024M) 27.911ms
[2025-12-25T14:08:58.466+0000][gc,cpu      ] GC(58) User=0.14s Sys=0.00s Real=0.03s
[2025-12-25T14:09:58.040+0000][gc,start    ] GC(59) Pause Young (Normal) (G1 Evacuation Pause)
[2025-12-25T14:09:58.041+0000][gc,task     ] GC(59) Using 8 workers of 8 for evacuation
[2025-12-25T14:09:58.059+0000][gc,phases   ] GC(59)   Pre Evacuate Collection Set: 1.9ms
[2025-12-25T14:09:58.059+0000][gc,phases   ] GC(59)   Merge Heap Roots: 0.8ms
[2025-12-25T14:09:58.059+0000][gc,phases   ] GC(59)   Evacuate Collection Set: 11.2ms
[2025-12-25T14:09:58.059+0000][gc,phases   ] GC(59)   Post Evacuate Collection Set: 3.0ms
[2025-12-25T14:09:58.059+0000][gc,phases   ] GC(59)   Other: 0.3ms
[2025-12-25T14:09:58.059+0000][gc,heap     ] GC(59) Eden regions: 608->0(608)
[2025-12-25T14:09:58.059+0000][gc,heap     ] GC(59) Survivor regions: 6->6(77)
[2025-12-25T14:09:58.059+0000][gc,heap     ] GC(59) Old regions: 44->44
[2025-12-25T14:09:58.059+0000][gc,heap     ] GC(59) Humongous regions: 20->20
[2025-12-25T14:09:58.059+0000][gc,metaspace] GC(59) Metaspace: 11925K(12352K)->11925K(12352K) NonClass: 10873K(11072K)->10873K(11072K) Class: 1052K(1280K)->1052K(1280K)
[2025-12-25T14:09:58.060+0000][gc          ] GC(59) Pause Young (Normal) (G1 Evacuation Pause) 676M->69M(1024M) 19.528ms
[2025-12-25T14:09:58.060+0000][gc,cpu      ] GC(59) User=0.10s Sys=0.00s Real=0.02s
[2025-12-25T14:10:48.253+0000][gc,start    ] GC(60) Pause Young (Normal) (G1 Evacuation Pause)
[2025-12-25T14:10:48.254+0000][gc,task     ] GC(60) Using 8 workers of 8 for evacuation
[2025-12-25T14:10:48.283+0000][gc,phases   ] GC(60)   Pre Evacuate Collection Set: 1.7ms
[2025-12-25T14:10:48.283+0000][gc,phases   ] GC(60)   Merge Heap Roots: 0.6ms
[2025-12-25T14:10:48.284+0000][gc,phases   ] GC(60)   Evacuate Collection Set: 20.4ms
[2025-12-25T14:10:48.284+0000][gc,phases   ] GC(60)   Post Evacuate Collection Set: 5.1ms
[2025-12-25T14:10:48.284+0000][gc,phases   ] GC(60)   Other: 0.7ms
[2025-12-25T14:10:48.284+0000][gc,heap     ] GC(60) Eden regions: 608->0(607)
[2025-12-25T14:10:48.284+0000][gc,heap     ] GC(60) Survivor regions: 6->7(77)
[2025-12-25T14:10:48.285+0000][gc,heap     ] GC(60) Old regions: 44->44
[2025-12-25T14:10:48.285+0000][gc,heap     ] GC(60) Humongous regions: 20->20
[2025-12-25T14:10:48.285+0000][gc,metaspace] GC(60) Metaspace: 11934K(12352K)->11934K(12352K) NonClass: 10882K(11072K)->10882K(11072K) Class: 1052K(1280K)->1052K(1280K)
[2025-12-25T14:10:48.285+0000][gc          ] GC(60) Pause Young (Normal) (G1 Evacuation Pause) 677M->70M(1024M) 32.051ms
[2025-12-25T14:10:48.285+0000][gc,cpu      ] GC(60) User=0.17s Sys=0.00s Real=0.03s
[2025-12-25T14:11:48.079+0000][gc,start    ] GC(61) Pause Young (Normal) (G1 Evacuation Pause)
[2025-12-25T14:11:48.080+0000][gc,task     ] GC(61) Using 8 workers of 8 for evacuation
[2025-12-25T14:11:48.111+0000][gc,phases   ] GC(61)   Pre Evacuate Collection Set: 1.8ms
[2025-12-25T14:11:48.112+0000][gc,phases   ] GC(61)   Merge Heap Roots: 0.4ms
[2025-12-25T14:11:48.112+0000][gc,phases   ] GC(61)   Evacuate Collection Set: 26.2ms
[2025-12-25T14:11:48.112+0000][gc,phases   ] GC(61)   Post Evacuate Collection Set: 2.8ms
[2025-12-25T14:11:48.112+0000][gc,phases   ] GC(61)   Other: 0.4ms
[2025-12-25T14:11:48.112+0000][gc,heap     ] GC(61) Eden regions: 607->0(606)
[2025-12-25T14:11:48.112+0000][gc,heap     ] GC(61) Survivor regions: 7->8(77)
[2025-12-25T14:11:48.112+0000][gc,heap     ] GC(61) Old regions: 44->44
[2025-12-25T14:11:48.113+0000][gc,heap     ] GC(61) Humongous regions: 20->20
[2025-12-25T14:11:48.113+0000][gc,metaspace] GC(61) Metaspace: 11934K(12352K)->11934K(12352K) NonClass: 10882K(11072K)->10882K(11072K) Class: 1052K(1280K)->1052K(1280K)
[2025-12-25T14:11:48.113+0000][gc          ] GC(61) Pause Young (Normal) (G1 Evacuation Pause) 677M->71M(1024M) 34.126ms
[2025-12-25T14:11:48.113+0000][gc,cpu      ] GC(61) User=0.16s Sys=0.00s Real=0.04s
[2025-12-25T14:12:38.176+0000][gc,start    ] GC(62) Pause Young (Normal) (G1 Evacuation Pause)
[2025-12-25T14:12:38.176+0000][gc,task     ] GC(62) Using 8 workers of 8 for evacuation
[2025-12-25T14:12:38.191+0000][gc,phases   ] GC(62)   Pre Evacuate Collection Set: 1.0ms
[2025-12-25T14:12:38.191+0000][gc,phases   ] GC(62)   Merge Heap Roots: 0.2ms
[2025-12-25T14:12:38.191+0000][gc,phases   ] GC(62)   Evacuate Collection Set: 11.5ms
[2025-12-25T14:12:38.191+0000][gc,phases   ] GC(62)   Post Evacuate Collection Set: 1.9ms
[2025-12-25T14:12:38.192+0000][gc,phases   ] GC(62)   Other: 0.2ms
[2025-12-25T14:12:38.192+0000][gc,heap     ] GC(62) Eden regions: 606->0(604)
[2025-12-25T14:12:38.192+0000][gc,heap     ] GC(62) Survivor regions: 8->10(77)
[2025-12-25T14:12:38.192+0000][gc,heap     ] GC(62) Old regions: 44->44
[2025-12-25T14:12:38.192+0000][gc,heap     ] GC(62) Humongous regions: 20->20
[2025-12-25T14:12:38.192+0000][gc,metaspace] GC(62) Metaspace: 11940K(12352K)->11940K(12352K) NonClass: 10887K(11072K)->10887K(11072K) Class: 1052K(1280K)->1052K(1280K)
[2025-12-25T14:12:38.192+0000][gc          ] GC(62) Pause Young (Normal) (G1 Evacuation Pause) 677M->73M(1024M) 16.287ms
[2025-12-25T14:12:38.192+0000][gc,cpu      ] GC(62) User=0.09s Sys=0.00s Real=0.01s
[2025-12-25T14:13:37.905+0000][gc,start    ] GC(63) Pause Young (Normal) (G1 Evacuation Pause)
[2025-12-25T14:13:37.906+0000][gc,task     ] GC(63) Using 8 workers of 8 for evacuation
[2025-12-25T14:13:37.925+0000][gc,phases   ] GC(63)   Pre Evacuate Collection Set: 2.0ms
[2025-12-25T14:13:37.926+0000][gc,phases   ] GC(63)   Merge Heap Roots: 0.3ms
[2025-12-25T14:13:37.926+0000][gc,phases   ] GC(63)   Evacuate Collection Set: 12.7ms
[2025-12-25T14:13:37.926+0000][gc,phases   ] GC(63)   Post Evacuate Collection Set: 2.6ms
[2025-12-25T14:13:37.926+0000][gc,phases   ] GC(63)   Other: 1.1ms
[2025-12-25T14:13:37.926+0000][gc,heap     ] GC(63) Eden regions: 604->0(604)
[2025-12-25T14:13:37.926+0000][gc,heap     ] GC(63) Survivor regions: 10->10(77)
[2025-12-25T14:13:37.926+0000][gc,heap     ] GC(63) Old regions: 44->44
[2025-12-25T14:13:37.926+0000][gc,heap     ] GC(63) Humongous regions: 20->20
[2025-12-25T14:13:37.926+0000][gc,metaspace] GC(63) Metaspace: 11941K(12352K)->11941K(12352K) NonClass: 10889K(11072K)->10889K(11072K) Class: 1052K(1280K)->1052K(1280K)
[2025-12-25T14:13:37.927+0000][gc          ] GC(63) Pause Young (Normal) (G1 Evacuation Pause) 677M->73M(1024M) 22.133ms
[2025-12-25T14:13:37.927+0000][gc,cpu      ] GC(63) User=0.12s Sys=0.00s Real=0.02s
[2025-12-25T14:14:28.092+0000][gc,start    ] GC(64) Pause Young (Normal) (G1 Evacuation Pause)
[2025-12-25T14:14:28.093+0000][gc,task     ] GC(64) Using 8 workers of 8 for evacuation
[2025-12-25T14:14:28.117+0000][gc,phases   ] GC(64)   Pre Evacuate Collection Set: 1.1ms
[2025-12-25T14:14:28.117+0000][gc,phases   ] GC(64)   Merge Heap Roots: 0.2ms
[2025-12-25T14:14:28.118+0000][gc,phases   ] GC(64)   Evacuate Collection Set: 21.3ms
[2025-12-25T14:14:28.118+0000][gc,phases   ] GC(64)   Post Evacuate Collection Set: 1.1ms
[2025-12-25T14:14:28.118+0000][gc,phases   ] GC(64)   Other: 0.3ms
[2025-12-25T14:14:28.118+0000][gc,heap     ] GC(64) Eden regions: 604->0(602)
[2025-12-25T14:14:28.118+0000][gc,heap     ] GC(64) Survivor regions: 10->12(77)
[2025-12-25T14:14:28.118+0000][gc,heap     ] GC(64) Old regions: 44->44
[2025-12-25T14:14:28.118+0000][gc,heap     ] GC(64) Humongous regions: 20->20
[2025-12-25T14:14:28.118+0000][gc,metaspace] GC(64) Metaspace: 11947K(12416K)->11947K(12416K) NonClass: 10895K(11136K)->10895K(11136K) Class: 1052K(1280K)->1052K(1280K)
[2025-12-25T14:14:28.118+0000][gc          ] GC(64) Pause Young (Normal) (G1 Evacuation Pause) 677M->74M(1024M) 25.965ms
[2025-12-25T14:14:28.118+0000][gc,cpu      ] GC(64) User=0.13s Sys=0.00s Real=0.03s
[2025-12-25T14:15:25.028+0000][gc,start    ] GC(65) Pause Young (Normal) (G1 Evacuation Pause)
[2025-12-25T14:15:25.028+0000][gc,task     ] GC(65) Using 8 workers of 8 for evacuation
[2025-12-25T14:15:25.047+0000][gc,phases   ] GC(65)   Pre Evacuate Collection Set: 1.8ms
[2025-12-25T14:15:25.048+0000][gc,phases   ] GC(65)   Merge Heap Roots: 0.3ms
[2025-12-25T14:15:25.048+0000][gc,phases   ] GC(65)   Evacuate Collection Set: 15.2ms
[2025-12-25T14:15:25.048+0000][gc,phases   ] GC(65)   Post Evacuate Collection Set: 1.3ms
[2025-12-25T14:15:25.048+0000][gc,phases   ] GC(65)   Other: 0.4ms
[2025-12-25T14:15:25.048+0000][gc,heap     ] GC(65) Eden regions: 602->0(602)
[2025-12-25T14:15:25.048+0000][gc,heap     ] GC(65) Survivor regions: 12->12(77)
[2025-12-25T14:15:25.048+0000][gc,heap     ] GC(65) Old regions: 44->44
[2025-12-25T14:15:25.048+0000][gc,heap     ] GC(65) Humongous regions: 20->20
[2025-12-25T14:15:25.048+0000][gc,metaspace] GC(65) Metaspace: 11951K(12416K)->11951K(12416K) NonClass: 10898K(11136K)->10898K(11136K) Class: 1052K(1280K)->1052K(1280K)
[2025-12-25T14:15:25.048+0000][gc          ] GC(65) Pause Young (Normal) (G1 Evacuation Pause) 676M->74M(1024M) 20.287ms
[2025-12-25T14:15:25.048+0000][gc,cpu      ] GC(65) User=0.09s Sys=0.00s Real=0.02s
[2025-12-25T14:16:18.041+0000][gc,start    ] GC(66) Pause Young (Normal) (G1 Evacuation Pause)
[2025-12-25T14:16:18.041+0000][gc,task     ] GC(66) Using 8 workers of 8 for evacuation
[2025-12-25T14:16:18.088+0000][gc,phases   ] GC(66)   Pre Evacuate Collection Set: 1.1ms
[2025-12-25T14:16:18.088+0000][gc,phases   ] GC(66)   Merge Heap Roots: 0.4ms
[2025-12-25T14:16:18.088+0000][gc,phases   ] GC(66)   Evacuate Collection Set: 43.3ms
[2025-12-25T14:16:18.088+0000][gc,phases   ] GC(66)   Post Evacuate Collection Set: 1.6ms
[2025-12-25T14:16:18.088+0000][gc,phases   ] GC(66)   Other: 0.3ms
[2025-12-25T14:16:18.088+0000][gc,heap     ] GC(66) Eden regions: 602->0(601)
[2025-12-25T14:16:18.089+0000][gc,heap     ] GC(66) Survivor regions: 12->13(77)
[2025-12-25T14:16:18.089+0000][gc,heap     ] GC(66) Old regions: 44->44
[2025-12-25T14:16:18.089+0000][gc,heap     ] GC(66) Humongous regions: 20->20
[2025-12-25T14:16:18.089+0000][gc,metaspace] GC(66) Metaspace: 11953K(12416K)->11953K(12416K) NonClass: 10900K(11136K)->10900K(11136K) Class: 1052K(1280K)->1052K(1280K)
[2025-12-25T14:16:18.089+0000][gc          ] GC(66) Pause Young (Normal) (G1 Evacuation Pause) 676M->76M(1024M) 48.016ms
[2025-12-25T14:16:18.089+0000][gc,cpu      ] GC(66) User=0.26s Sys=0.01s Real=0.04s
[2025-12-25T14:17:08.283+0000][gc,start    ] GC(67) Pause Young (Normal) (G1 Evacuation Pause)
[2025-12-25T14:17:08.283+0000][gc,task     ] GC(67) Using 8 workers of 8 for evacuation
[2025-12-25T14:17:08.322+0000][gc,phases   ] GC(67)   Pre Evacuate Collection Set: 1.5ms
[2025-12-25T14:17:08.322+0000][gc,phases   ] GC(67)   Merge Heap Roots: 0.5ms
[2025-12-25T14:17:08.322+0000][gc,phases   ] GC(67)   Evacuate Collection Set: 34.4ms
[2025-12-25T14:17:08.322+0000][gc,phases   ] GC(67)   Post Evacuate Collection Set: 1.4ms
[2025-12-25T14:17:08.322+0000][gc,phases   ] GC(67)   Other: 0.2ms
[2025-12-25T14:17:08.322+0000][gc,heap     ] GC(67) Eden regions: 601->0(599)
[2025-12-25T14:17:08.322+0000][gc,heap     ] GC(67) Survivor regions: 13->15(77)
[2025-12-25T14:17:08.322+0000][gc,heap     ] GC(67) Old regions: 44->44
[2025-12-25T14:17:08.322+0000][gc,heap     ] GC(67) Humongous regions: 20->20
[2025-12-25T14:17:08.322+0000][gc,metaspace] GC(67) Metaspace: 11957K(12416K)->11957K(12416K) NonClass: 10904K(11136K)->10904K(11136K) Class: 1052K(1280K)->1052K(1280K)
[2025-12-25T14:17:08.322+0000][gc          ] GC(67) Pause Young (Normal) (G1 Evacuation Pause) 677M->77M(1024M) 39.457ms
[2025-12-25T14:17:08.323+0000][gc,cpu      ] GC(67) User=0.21s Sys=0.00s Real=0.04s
[2025-12-25T14:18:07.940+0000][gc,start    ] GC(68) Pause Young (Normal) (G1 Evacuation Pause)
[2025-12-25T14:18:07.941+0000][gc,task     ] GC(68) Using 8 workers of 8 for evacuation
[2025-12-25T14:18:07.968+0000][gc,phases   ] GC(68)   Pre Evacuate Collection Set: 2.4ms
[2025-12-25T14:18:07.968+0000][gc,phases   ] GC(68)   Merge Heap Roots: 0.2ms
[2025-12-25T14:18:07.969+0000][gc,phases   ] GC(68)   Evacuate Collection Set: 22.7ms
[2025-12-25T14:18:07.969+0000][gc,phases   ] GC(68)   Post Evacuate Collection Set: 1.4ms
[2025-12-25T14:18:07.969+0000][gc,phases   ] GC(68)   Other: 0.7ms
[2025-12-25T14:18:07.969+0000][gc,heap     ] GC(68) Eden regions: 599->0(599)
[2025-12-25T14:18:07.969+0000][gc,heap     ] GC(68) Survivor regions: 15->15(77)
[2025-12-25T14:18:07.969+0000][gc,heap     ] GC(68) Old regions: 44->44
[2025-12-25T14:18:07.969+0000][gc,heap     ] GC(68) Humongous regions: 20->20
[2025-12-25T14:18:07.969+0000][gc,metaspace] GC(68) Metaspace: 11960K(12416K)->11960K(12416K) NonClass: 10907K(11136K)->10907K(11136K) Class: 1052K(1280K)->1052K(1280K)
[2025-12-25T14:18:07.969+0000][gc          ] GC(68) Pause Young (Normal) (G1 Evacuation Pause) 676M->78M(1024M) 28.342ms
[2025-12-25T14:18:07.969+0000][gc,cpu      ] GC(68) User=0.18s Sys=0.00s Real=0.03s
[2025-12-25T14:18:58.042+0000][gc,start    ] GC(69) Pause Young (Normal) (G1 Evacuation Pause)
[2025-12-25T14:18:58.043+0000][gc,task     ] GC(69) Using 8 workers of 8 for evacuation
[2025-12-25T14:18:58.070+0000][gc,phases   ] GC(69)   Pre Evacuate Collection Set: 1.2ms
[2025-12-25T14:18:58.070+0000][gc,phases   ] GC(69)   Merge Heap Roots: 0.2ms
[2025-12-25T14:18:58.070+0000][gc,phases   ] GC(69)   Evacuate Collection Set: 21.9ms
[2025-12-25T14:18:58.070+0000][gc,phases   ] GC(69)   Post Evacuate Collection Set: 3.0ms
[2025-12-25T14:18:58.070+0000][gc,phases   ] GC(69)   Other: 0.4ms
[2025-12-25T14:18:58.070+0000][gc,heap     ] GC(69) Eden regions: 599->0(599)
[2025-12-25T14:18:58.070+0000][gc,heap     ] GC(69) Survivor regions: 15->15(77)
[2025-12-25T14:18:58.070+0000][gc,heap     ] GC(69) Old regions: 44->45
[2025-12-25T14:18:58.070+0000][gc,heap     ] GC(69) Humongous regions: 20->20
[2025-12-25T14:18:58.071+0000][gc,metaspace] GC(69) Metaspace: 11966K(12416K)->11966K(12416K) NonClass: 10913K(11136K)->10913K(11136K) Class: 1052K(1280K)->1052K(1280K)
[2025-12-25T14:18:58.071+0000][gc          ] GC(69) Pause Young (Normal) (G1 Evacuation Pause) 677M->79M(1024M) 28.267ms
[2025-12-25T14:18:58.071+0000][gc,cpu      ] GC(69) User=0.17s Sys=0.00s Real=0.03s
[2025-12-25T14:19:48.461+0000][gc,start    ] GC(70) Pause Young (Normal) (G1 Evacuation Pause)
[2025-12-25T14:19:48.463+0000][gc,task     ] GC(70) Using 8 workers of 8 for evacuation
[2025-12-25T14:19:48.558+0000][gc,phases   ] GC(70)   Pre Evacuate Collection Set: 3.4ms
[2025-12-25T14:19:48.558+0000][gc,phases   ] GC(70)   Merge Heap Roots: 0.4ms
[2025-12-25T14:19:48.560+0000][gc,phases   ] GC(70)   Evacuate Collection Set: 75.2ms
[2025-12-25T14:19:48.561+0000][gc,phases   ] GC(70)   Post Evacuate Collection Set: 14.7ms
[2025-12-25T14:19:48.561+0000][gc,phases   ] GC(70)   Other: 1.0ms
[2025-12-25T14:19:48.562+0000][gc,heap     ] GC(70) Eden regions: 599->0(597)
[2025-12-25T14:19:48.563+0000][gc,heap     ] GC(70) Survivor regions: 15->17(77)
[2025-12-25T14:19:48.563+0000][gc,heap     ] GC(70) Old regions: 45->46
[2025-12-25T14:19:48.563+0000][gc,heap     ] GC(70) Humongous regions: 20->20
[2025-12-25T14:19:48.563+0000][gc,metaspace] GC(70) Metaspace: 12107K(12608K)->12107K(12608K) NonClass: 11026K(11264K)->11026K(11264K) Class: 1080K(1344K)->1080K(1344K)
[2025-12-25T14:19:48.563+0000][gc          ] GC(70) Pause Young (Normal) (G1 Evacuation Pause) 678M->82M(1024M) 102.318ms
[2025-12-25T14:19:48.563+0000][gc,cpu      ] GC(70) User=0.39s Sys=0.05s Real=0.10s
[2025-12-25T14:20:48.068+0000][gc,start    ] GC(71) Pause Young (Normal) (G1 Evacuation Pause)
[2025-12-25T14:20:48.069+0000][gc,task     ] GC(71) Using 8 workers of 8 for evacuation
[2025-12-25T14:20:48.104+0000][gc,phases   ] GC(71)   Pre Evacuate Collection Set: 3.0ms
[2025-12-25T14:20:48.104+0000][gc,phases   ] GC(71)   Merge Heap Roots: 1.5ms
[2025-12-25T14:20:48.104+0000][gc,phases   ] GC(71)   Evacuate Collection Set: 27.6ms
[2025-12-25T14:20:48.104+0000][gc,phases   ] GC(71)   Post Evacuate Collection Set: 2.3ms
[2025-12-25T14:20:48.104+0000][gc,phases   ] GC(71)   Other: 0.9ms
[2025-12-25T14:20:48.104+0000][gc,heap     ] GC(71) Eden regions: 597->0(598)
[2025-12-25T14:20:48.104+0000][gc,heap     ] GC(71) Survivor regions: 17->16(77)
[2025-12-25T14:20:48.104+0000][gc,heap     ] GC(71) Old regions: 46->46
[2025-12-25T14:20:48.104+0000][gc,heap     ] GC(71) Humongous regions: 20->20
[2025-12-25T14:20:48.104+0000][gc,metaspace] GC(71) Metaspace: 12111K(12608K)->12111K(12608K) NonClass: 11030K(11264K)->11030K(11264K) Class: 1080K(1344K)->1080K(1344K)
[2025-12-25T14:20:48.105+0000][gc          ] GC(71) Pause Young (Normal) (G1 Evacuation Pause) 679M->81M(1024M) 37.397ms
[2025-12-25T14:20:48.105+0000][gc,cpu      ] GC(71) User=0.22s Sys=0.00s Real=0.04s
[2025-12-25T14:21:38.170+0000][gc,start    ] GC(72) Pause Young (Normal) (G1 Evacuation Pause)
[2025-12-25T14:21:38.171+0000][gc,task     ] GC(72) Using 8 workers of 8 for evacuation
[2025-12-25T14:21:38.200+0000][gc,phases   ] GC(72)   Pre Evacuate Collection Set: 1.1ms
[2025-12-25T14:21:38.200+0000][gc,phases   ] GC(72)   Merge Heap Roots: 0.2ms
[2025-12-25T14:21:38.200+0000][gc,phases   ] GC(72)   Evacuate Collection Set: 25.6ms
[2025-12-25T14:21:38.200+0000][gc,phases   ] GC(72)   Post Evacuate Collection Set: 1.7ms
[2025-12-25T14:21:38.200+0000][gc,phases   ] GC(72)   Other: 0.2ms
[2025-12-25T14:21:38.200+0000][gc,heap     ] GC(72) Eden regions: 598->0(598)
[2025-12-25T14:21:38.200+0000][gc,heap     ] GC(72) Survivor regions: 16->16(77)
[2025-12-25T14:21:38.200+0000][gc,heap     ] GC(72) Old regions: 46->47
[2025-12-25T14:21:38.200+0000][gc,heap     ] GC(72) Humongous regions: 20->20
[2025-12-25T14:21:38.200+0000][gc,metaspace] GC(72) Metaspace: 12113K(12608K)->12113K(12608K) NonClass: 11033K(11264K)->11033K(11264K) Class: 1080K(1344K)->1080K(1344K)
[2025-12-25T14:21:38.201+0000][gc          ] GC(72) Pause Young (Normal) (G1 Evacuation Pause) 679M->82M(1024M) 30.077ms
[2025-12-25T14:21:38.201+0000][gc,cpu      ] GC(72) User=0.18s Sys=0.00s Real=0.03s
[2025-12-25T14:22:37.864+0000][gc,start    ] GC(73) Pause Young (Normal) (G1 Evacuation Pause)
[2025-12-25T14:22:37.864+0000][gc,task     ] GC(73) Using 8 workers of 8 for evacuation
[2025-12-25T14:22:37.896+0000][gc,phases   ] GC(73)   Pre Evacuate Collection Set: 1.7ms
[2025-12-25T14:22:37.896+0000][gc,phases   ] GC(73)   Merge Heap Roots: 0.3ms
[2025-12-25T14:22:37.896+0000][gc,phases   ] GC(73)   Evacuate Collection Set: 27.2ms
[2025-12-25T14:22:37.896+0000][gc,phases   ] GC(73)   Post Evacuate Collection Set: 2.0ms
[2025-12-25T14:22:37.896+0000][gc,phases   ] GC(73)   Other: 0.2ms
[2025-12-25T14:22:37.896+0000][gc,heap     ] GC(73) Eden regions: 598->0(600)
[2025-12-25T14:22:37.896+0000][gc,heap     ] GC(73) Survivor regions: 16->14(77)
[2025-12-25T14:22:37.896+0000][gc,heap     ] GC(73) Old regions: 47->48
[2025-12-25T14:22:37.896+0000][gc,heap     ] GC(73) Humongous regions: 20->20
[2025-12-25T14:22:37.896+0000][gc,metaspace] GC(73) Metaspace: 12121K(12608K)->12121K(12608K) NonClass: 11041K(11264K)->11041K(11264K) Class: 1080K(1344K)->1080K(1344K)
[2025-12-25T14:22:37.897+0000][gc          ] GC(73) Pause Young (Normal) (G1 Evacuation Pause) 680M->81M(1024M) 32.805ms
[2025-12-25T14:22:37.897+0000][gc,cpu      ] GC(73) User=0.15s Sys=0.04s Real=0.03s
[2025-12-25T14:23:28.243+0000][gc,start    ] GC(74) Pause Young (Normal) (G1 Evacuation Pause)
[2025-12-25T14:23:28.243+0000][gc,task     ] GC(74) Using 8 workers of 8 for evacuation
[2025-12-25T14:23:28.340+0000][gc,phases   ] GC(74)   Pre Evacuate Collection Set: 10.0ms
[2025-12-25T14:23:28.340+0000][gc,phases   ] GC(74)   Merge Heap Roots: 0.8ms
[2025-12-25T14:23:28.340+0000][gc,phases   ] GC(74)   Evacuate Collection Set: 78.5ms
[2025-12-25T14:23:28.340+0000][gc,phases   ] GC(74)   Post Evacuate Collection Set: 6.5ms
[2025-12-25T14:23:28.340+0000][gc,phases   ] GC(74)   Other: 0.8ms
[2025-12-25T14:23:28.340+0000][gc,heap     ] GC(74) Eden regions: 600->0(601)
[2025-12-25T14:23:28.341+0000][gc,heap     ] GC(74) Survivor regions: 14->13(77)
[2025-12-25T14:23:28.341+0000][gc,heap     ] GC(74) Old regions: 48->49
[2025-12-25T14:23:28.341+0000][gc,heap     ] GC(74) Humongous regions: 20->20
[2025-12-25T14:23:28.341+0000][gc,metaspace] GC(74) Metaspace: 12216K(12608K)->12216K(12608K) NonClass: 11136K(11264K)->11136K(11264K) Class: 1080K(1344K)->1080K(1344K)
[2025-12-25T14:23:28.341+0000][gc          ] GC(74) Pause Young (Normal) (G1 Evacuation Pause) 681M->81M(1024M) 97.945ms
[2025-12-25T14:23:28.341+0000][gc,cpu      ] GC(74) User=0.26s Sys=0.01s Real=0.10s
[2025-12-25T14:24:18.385+0000][gc,start    ] GC(75) Pause Young (Normal) (G1 Evacuation Pause)
[2025-12-25T14:24:18.385+0000][gc,task     ] GC(75) Using 8 workers of 8 for evacuation
[2025-12-25T14:24:18.415+0000][gc,phases   ] GC(75)   Pre Evacuate Collection Set: 1.6ms
[2025-12-25T14:24:18.415+0000][gc,phases   ] GC(75)   Merge Heap Roots: 0.3ms
[2025-12-25T14:24:18.415+0000][gc,phases   ] GC(75)   Evacuate Collection Set: 25.7ms
[2025-12-25T14:24:18.415+0000][gc,phases   ] GC(75)   Post Evacuate Collection Set: 1.1ms
[2025-12-25T14:24:18.415+0000][gc,phases   ] GC(75)   Other: 0.6ms
[2025-12-25T14:24:18.415+0000][gc,heap     ] GC(75) Eden regions: 601->0(600)
[2025-12-25T14:24:18.415+0000][gc,heap     ] GC(75) Survivor regions: 13->14(77)
[2025-12-25T14:24:18.415+0000][gc,heap     ] GC(75) Old regions: 49->50
[2025-12-25T14:24:18.415+0000][gc,heap     ] GC(75) Humongous regions: 20->20
[2025-12-25T14:24:18.415+0000][gc,metaspace] GC(75) Metaspace: 12216K(12608K)->12216K(12608K) NonClass: 11136K(11264K)->11136K(11264K) Class: 1080K(1344K)->1080K(1344K)
[2025-12-25T14:24:18.415+0000][gc          ] GC(75) Pause Young (Normal) (G1 Evacuation Pause) 682M->82M(1024M) 30.396ms
[2025-12-25T14:24:18.415+0000][gc,cpu      ] GC(75) User=0.16s Sys=0.03s Real=0.03s
[2025-12-25T14:25:17.961+0000][gc,start    ] GC(76) Pause Young (Normal) (G1 Evacuation Pause)
[2025-12-25T14:25:17.961+0000][gc,task     ] GC(76) Using 8 workers of 8 for evacuation
[2025-12-25T14:25:18.005+0000][gc,phases   ] GC(76)   Pre Evacuate Collection Set: 1.3ms
[2025-12-25T14:25:18.005+0000][gc,phases   ] GC(76)   Merge Heap Roots: 0.6ms
[2025-12-25T14:25:18.005+0000][gc,phases   ] GC(76)   Evacuate Collection Set: 39.8ms
[2025-12-25T14:25:18.005+0000][gc,phases   ] GC(76)   Post Evacuate Collection Set: 1.3ms
[2025-12-25T14:25:18.006+0000][gc,phases   ] GC(76)   Other: 0.3ms
[2025-12-25T14:25:18.006+0000][gc,heap     ] GC(76) Eden regions: 600->0(602)
[2025-12-25T14:25:18.006+0000][gc,heap     ] GC(76) Survivor regions: 14->12(77)
[2025-12-25T14:25:18.006+0000][gc,heap     ] GC(76) Old regions: 50->51
[2025-12-25T14:25:18.006+0000][gc,heap     ] GC(76) Humongous regions: 20->20
[2025-12-25T14:25:18.007+0000][gc,metaspace] GC(76) Metaspace: 12216K(12608K)->12216K(12608K) NonClass: 11136K(11264K)->11136K(11264K) Class: 1080K(1344K)->1080K(1344K)
[2025-12-25T14:25:18.009+0000][gc          ] GC(76) Pause Young (Normal) (G1 Evacuation Pause) 682M->81M(1024M) 48.545ms
[2025-12-25T14:25:18.010+0000][gc,cpu      ] GC(76) User=0.24s Sys=0.01s Real=0.05s
[2025-12-25T14:26:08.167+0000][gc,start    ] GC(77) Pause Young (Normal) (G1 Evacuation Pause)
[2025-12-25T14:26:08.168+0000][gc,task     ] GC(77) Using 8 workers of 8 for evacuation
[2025-12-25T14:26:08.200+0000][gc,phases   ] GC(77)   Pre Evacuate Collection Set: 1.4ms
[2025-12-25T14:26:08.200+0000][gc,phases   ] GC(77)   Merge Heap Roots: 0.7ms
[2025-12-25T14:26:08.200+0000][gc,phases   ] GC(77)   Evacuate Collection Set: 27.0ms
[2025-12-25T14:26:08.200+0000][gc,phases   ] GC(77)   Post Evacuate Collection Set: 3.0ms
[2025-12-25T14:26:08.200+0000][gc,phases   ] GC(77)   Other: 0.2ms
[2025-12-25T14:26:08.200+0000][gc,heap     ] GC(77) Eden regions: 602->0(603)
[2025-12-25T14:26:08.200+0000][gc,heap     ] GC(77) Survivor regions: 12->11(77)
[2025-12-25T14:26:08.200+0000][gc,heap     ] GC(77) Old regions: 51->52
[2025-12-25T14:26:08.200+0000][gc,heap     ] GC(77) Humongous regions: 20->20
[2025-12-25T14:26:08.201+0000][gc,metaspace] GC(77) Metaspace: 12216K(12608K)->12216K(12608K) NonClass: 11136K(11264K)->11136K(11264K) Class: 1080K(1344K)->1080K(1344K)
[2025-12-25T14:26:08.201+0000][gc          ] GC(77) Pause Young (Normal) (G1 Evacuation Pause) 683M->82M(1024M) 33.851ms
[2025-12-25T14:26:08.201+0000][gc,cpu      ] GC(77) User=0.19s Sys=0.00s Real=0.03s
[2025-12-25T14:27:07.886+0000][gc,start    ] GC(78) Pause Young (Normal) (G1 Evacuation Pause)
[2025-12-25T14:27:07.889+0000][gc,task     ] GC(78) Using 8 workers of 8 for evacuation
[2025-12-25T14:27:07.915+0000][gc,phases   ] GC(78)   Pre Evacuate Collection Set: 1.9ms
[2025-12-25T14:27:07.915+0000][gc,phases   ] GC(78)   Merge Heap Roots: 0.8ms
[2025-12-25T14:27:07.915+0000][gc,phases   ] GC(78)   Evacuate Collection Set: 20.6ms
[2025-12-25T14:27:07.915+0000][gc,phases   ] GC(78)   Post Evacuate Collection Set: 1.9ms
[2025-12-25T14:27:07.915+0000][gc,phases   ] GC(78)   Other: 1.3ms
[2025-12-25T14:27:07.915+0000][gc,heap     ] GC(78) Eden regions: 603->0(604)
[2025-12-25T14:27:07.915+0000][gc,heap     ] GC(78) Survivor regions: 11->10(77)
[2025-12-25T14:27:07.915+0000][gc,heap     ] GC(78) Old regions: 52->53
[2025-12-25T14:27:07.915+0000][gc,heap     ] GC(78) Humongous regions: 20->20
[2025-12-25T14:27:07.915+0000][gc,metaspace] GC(78) Metaspace: 12216K(12608K)->12216K(12608K) NonClass: 11136K(11264K)->11136K(11264K) Class: 1080K(1344K)->1080K(1344K)
[2025-12-25T14:27:07.915+0000][gc          ] GC(78) Pause Young (Normal) (G1 Evacuation Pause) 685M->81M(1024M) 29.723ms
[2025-12-25T14:27:07.916+0000][gc,cpu      ] GC(78) User=0.18s Sys=0.00s Real=0.03s
[2025-12-25T14:27:58.105+0000][gc,start    ] GC(79) Pause Young (Normal) (G1 Evacuation Pause)
[2025-12-25T14:27:58.106+0000][gc,task     ] GC(79) Using 8 workers of 8 for evacuation
[2025-12-25T14:27:58.140+0000][gc,phases   ] GC(79)   Pre Evacuate Collection Set: 2.0ms
[2025-12-25T14:27:58.141+0000][gc,phases   ] GC(79)   Merge Heap Roots: 0.9ms
[2025-12-25T14:27:58.141+0000][gc,phases   ] GC(79)   Evacuate Collection Set: 29.5ms
[2025-12-25T14:27:58.141+0000][gc,phases   ] GC(79)   Post Evacuate Collection Set: 2.2ms
[2025-12-25T14:27:58.141+0000][gc,phases   ] GC(79)   Other: 0.2ms
[2025-12-25T14:27:58.141+0000][gc,heap     ] GC(79) Eden regions: 604->0(605)
[2025-12-25T14:27:58.141+0000][gc,heap     ] GC(79) Survivor regions: 10->9(77)
[2025-12-25T14:27:58.141+0000][gc,heap     ] GC(79) Old regions: 53->54
[2025-12-25T14:27:58.141+0000][gc,heap     ] GC(79) Humongous regions: 20->20
[2025-12-25T14:27:58.141+0000][gc,metaspace] GC(79) Metaspace: 12217K(12608K)->12217K(12608K) NonClass: 11137K(11264K)->11137K(11264K) Class: 1080K(1344K)->1080K(1344K)
[2025-12-25T14:27:58.141+0000][gc          ] GC(79) Pause Young (Normal) (G1 Evacuation Pause) 685M->82M(1024M) 35.748ms
[2025-12-25T14:27:58.141+0000][gc,cpu      ] GC(79) User=0.18s Sys=0.01s Real=0.04s
[2025-12-25T14:28:54.043+0000][gc,start    ] GC(80) Pause Young (Normal) (G1 Evacuation Pause)
[2025-12-25T14:28:54.044+0000][gc,task     ] GC(80) Using 8 workers of 8 for evacuation
[2025-12-25T14:28:54.080+0000][gc,phases   ] GC(80)   Pre Evacuate Collection Set: 1.8ms
[2025-12-25T14:28:54.080+0000][gc,phases   ] GC(80)   Merge Heap Roots: 0.5ms
[2025-12-25T14:28:54.080+0000][gc,phases   ] GC(80)   Evacuate Collection Set: 30.5ms
[2025-12-25T14:28:54.080+0000][gc,phases   ] GC(80)   Post Evacuate Collection Set: 2.2ms
[2025-12-25T14:28:54.080+0000][gc,phases   ] GC(80)   Other: 0.5ms
[2025-12-25T14:28:54.081+0000][gc,heap     ] GC(80) Eden regions: 605->0(607)
[2025-12-25T14:28:54.081+0000][gc,heap     ] GC(80) Survivor regions: 9->7(77)
[2025-12-25T14:28:54.081+0000][gc,heap     ] GC(80) Old regions: 54->55
[2025-12-25T14:28:54.081+0000][gc,heap     ] GC(80) Humongous regions: 20->20
[2025-12-25T14:28:54.081+0000][gc,metaspace] GC(80) Metaspace: 12223K(12608K)->12223K(12608K) NonClass: 11142K(11264K)->11142K(11264K) Class: 1080K(1344K)->1080K(1344K)
[2025-12-25T14:28:54.082+0000][gc          ] GC(80) Pause Young (Normal) (G1 Evacuation Pause) 687M->81M(1024M) 38.183ms
[2025-12-25T14:28:54.082+0000][gc,cpu      ] GC(80) User=0.14s Sys=0.00s Real=0.04s
[2025-12-25T14:29:48.187+0000][gc,start    ] GC(81) Pause Young (Normal) (G1 Evacuation Pause)
[2025-12-25T14:29:48.188+0000][gc,task     ] GC(81) Using 8 workers of 8 for evacuation
[2025-12-25T14:29:48.254+0000][gc,phases   ] GC(81)   Pre Evacuate Collection Set: 2.9ms
[2025-12-25T14:29:48.254+0000][gc,phases   ] GC(81)   Merge Heap Roots: 5.5ms
[2025-12-25T14:29:48.254+0000][gc,phases   ] GC(81)   Evacuate Collection Set: 53.0ms
[2025-12-25T14:29:48.254+0000][gc,phases   ] GC(81)   Post Evacuate Collection Set: 3.8ms
[2025-12-25T14:29:48.255+0000][gc,phases   ] GC(81)   Other: 0.7ms
[2025-12-25T14:29:48.255+0000][gc,heap     ] GC(81) Eden regions: 607->0(607)
[2025-12-25T14:29:48.255+0000][gc,heap     ] GC(81) Survivor regions: 7->7(77)
[2025-12-25T14:29:48.255+0000][gc,heap     ] GC(81) Old regions: 55->56
[2025-12-25T14:29:48.255+0000][gc,heap     ] GC(81) Humongous regions: 20->20
[2025-12-25T14:29:48.255+0000][gc,metaspace] GC(81) Metaspace: 12223K(12608K)->12223K(12608K) NonClass: 11142K(11264K)->11142K(11264K) Class: 1080K(1344K)->1080K(1344K)
[2025-12-25T14:29:48.255+0000][gc          ] GC(81) Pause Young (Normal) (G1 Evacuation Pause) 688M->81M(1024M) 67.995ms
[2025-12-25T14:29:48.255+0000][gc,cpu      ] GC(81) User=0.12s Sys=0.01s Real=0.07s
[2025-12-25T14:30:39.242+0000][gc,start    ] GC(82) Pause Young (Normal) (G1 Evacuation Pause)
[2025-12-25T14:30:39.243+0000][gc,task     ] GC(82) Using 8 workers of 8 for evacuation
[2025-12-25T14:30:39.314+0000][gc,phases   ] GC(82)   Pre Evacuate Collection Set: 7.7ms
[2025-12-25T14:30:39.314+0000][gc,phases   ] GC(82)   Merge Heap Roots: 1.5ms
[2025-12-25T14:30:39.314+0000][gc,phases   ] GC(82)   Evacuate Collection Set: 49.5ms
[2025-12-25T14:30:39.314+0000][gc,phases   ] GC(82)   Post Evacuate Collection Set: 3.7ms
[2025-12-25T14:30:39.314+0000][gc,phases   ] GC(82)   Other: 8.7ms
[2025-12-25T14:30:39.315+0000][gc,heap     ] GC(82) Eden regions: 607->0(608)
[2025-12-25T14:30:39.315+0000][gc,heap     ] GC(82) Survivor regions: 7->6(77)
[2025-12-25T14:30:39.315+0000][gc,heap     ] GC(82) Old regions: 56->57
[2025-12-25T14:30:39.316+0000][gc,heap     ] GC(82) Humongous regions: 20->20
[2025-12-25T14:30:39.316+0000][gc,metaspace] GC(82) Metaspace: 12224K(12608K)->12224K(12608K) NonClass: 11143K(11264K)->11143K(11264K) Class: 1080K(1344K)->1080K(1344K)
[2025-12-25T14:30:39.316+0000][gc          ] GC(82) Pause Young (Normal) (G1 Evacuation Pause) 688M->82M(1024M) 74.313ms
[2025-12-25T14:30:39.316+0000][gc,cpu      ] GC(82) User=0.23s Sys=0.01s Real=0.07s
[2025-12-25T14:31:40.877+0000][gc,start    ] GC(83) Pause Young (Normal) (G1 Evacuation Pause)
[2025-12-25T14:31:40.882+0000][gc,task     ] GC(83) Using 8 workers of 8 for evacuation
[2025-12-25T14:31:41.125+0000][gc,mmu      ] GC(83) MMU target violated: 201.0ms (200.0ms/201.0ms)
[2025-12-25T14:31:41.126+0000][gc,phases   ] GC(83)   Pre Evacuate Collection Set: 4.8ms
[2025-12-25T14:31:41.127+0000][gc,phases   ] GC(83)   Merge Heap Roots: 2.5ms
[2025-12-25T14:31:41.128+0000][gc,phases   ] GC(83)   Evacuate Collection Set: 221.4ms
[2025-12-25T14:31:41.128+0000][gc,phases   ] GC(83)   Post Evacuate Collection Set: 12.4ms
[2025-12-25T14:31:41.129+0000][gc,phases   ] GC(83)   Other: 3.0ms
[2025-12-25T14:31:41.130+0000][gc,heap     ] GC(83) Eden regions: 608->0(609)
[2025-12-25T14:31:41.130+0000][gc,heap     ] GC(83) Survivor regions: 6->5(77)
[2025-12-25T14:31:41.130+0000][gc,heap     ] GC(83) Old regions: 57->58
[2025-12-25T14:31:41.131+0000][gc,heap     ] GC(83) Humongous regions: 20->20
[2025-12-25T14:31:41.133+0000][gc,metaspace] GC(83) Metaspace: 12244K(12672K)->12244K(12672K) NonClass: 11163K(11328K)->11163K(11328K) Class: 1080K(1344K)->1080K(1344K)
[2025-12-25T14:31:41.134+0000][gc          ] GC(83) Pause Young (Normal) (G1 Evacuation Pause) 690M->82M(1024M) 257.858ms
[2025-12-25T14:31:41.135+0000][gc,cpu      ] GC(83) User=0.15s Sys=0.01s Real=0.25s
[2025-12-25T14:32:28.250+0000][gc,start    ] GC(84) Pause Young (Normal) (G1 Evacuation Pause)
[2025-12-25T14:32:28.255+0000][gc,task     ] GC(84) Using 8 workers of 8 for evacuation
[2025-12-25T14:32:28.275+0000][gc,phases   ] GC(84)   Pre Evacuate Collection Set: 1.0ms
[2025-12-25T14:32:28.275+0000][gc,phases   ] GC(84)   Merge Heap Roots: 1.3ms
[2025-12-25T14:32:28.275+0000][gc,phases   ] GC(84)   Evacuate Collection Set: 16.3ms
[2025-12-25T14:32:28.275+0000][gc,phases   ] GC(84)   Post Evacuate Collection Set: 1.5ms
[2025-12-25T14:32:28.276+0000][gc,phases   ] GC(84)   Other: 0.3ms
[2025-12-25T14:32:28.276+0000][gc,heap     ] GC(84) Eden regions: 609->0(609)
[2025-12-25T14:32:28.276+0000][gc,heap     ] GC(84) Survivor regions: 5->5(77)
[2025-12-25T14:32:28.276+0000][gc,heap     ] GC(84) Old regions: 58->59
[2025-12-25T14:32:28.276+0000][gc,heap     ] GC(84) Humongous regions: 20->20
[2025-12-25T14:32:28.276+0000][gc,metaspace] GC(84) Metaspace: 12270K(12736K)->12270K(12736K) NonClass: 11184K(11392K)->11184K(11392K) Class: 1086K(1344K)->1086K(1344K)
[2025-12-25T14:32:28.276+0000][gc          ] GC(84) Pause Young (Normal) (G1 Evacuation Pause) 691M->82M(1024M) 25.625ms
[2025-12-25T14:32:28.276+0000][gc,cpu      ] GC(84) User=0.13s Sys=0.01s Real=0.03s
[2025-12-25T14:33:28.117+0000][gc,start    ] GC(85) Pause Young (Normal) (G1 Evacuation Pause)
[2025-12-25T14:33:28.118+0000][gc,task     ] GC(85) Using 8 workers of 8 for evacuation
[2025-12-25T14:33:28.146+0000][gc,phases   ] GC(85)   Pre Evacuate Collection Set: 1.0ms
[2025-12-25T14:33:28.146+0000][gc,phases   ] GC(85)   Merge Heap Roots: 0.4ms
[2025-12-25T14:33:28.146+0000][gc,phases   ] GC(85)   Evacuate Collection Set: 24.7ms
[2025-12-25T14:33:28.146+0000][gc,phases   ] GC(85)   Post Evacuate Collection Set: 1.5ms
[2025-12-25T14:33:28.146+0000][gc,phases   ] GC(85)   Other: 0.2ms
[2025-12-25T14:33:28.146+0000][gc,heap     ] GC(85) Eden regions: 609->0(611)
[2025-12-25T14:33:28.146+0000][gc,heap     ] GC(85) Survivor regions: 5->3(77)
[2025-12-25T14:33:28.146+0000][gc,heap     ] GC(85) Old regions: 59->60
[2025-12-25T14:33:28.146+0000][gc,heap     ] GC(85) Humongous regions: 20->20
[2025-12-25T14:33:28.146+0000][gc,metaspace] GC(85) Metaspace: 12280K(12736K)->12280K(12736K) NonClass: 11192K(11392K)->11192K(11392K) Class: 1087K(1344K)->1087K(1344K)
[2025-12-25T14:33:28.146+0000][gc          ] GC(85) Pause Young (Normal) (G1 Evacuation Pause) 691M->82M(1024M) 29.018ms
[2025-12-25T14:33:28.146+0000][gc,cpu      ] GC(85) User=0.14s Sys=0.01s Real=0.03s
[2025-12-25T14:34:27.915+0000][gc,start    ] GC(86) Pause Young (Normal) (G1 Evacuation Pause)
[2025-12-25T14:34:27.915+0000][gc,task     ] GC(86) Using 8 workers of 8 for evacuation
[2025-12-25T14:34:27.935+0000][gc,phases   ] GC(86)   Pre Evacuate Collection Set: 1.4ms
[2025-12-25T14:34:27.935+0000][gc,phases   ] GC(86)   Merge Heap Roots: 0.2ms
[2025-12-25T14:34:27.935+0000][gc,phases   ] GC(86)   Evacuate Collection Set: 16.5ms
[2025-12-25T14:34:27.935+0000][gc,phases   ] GC(86)   Post Evacuate Collection Set: 1.4ms
[2025-12-25T14:34:27.935+0000][gc,phases   ] GC(86)   Other: 0.2ms
[2025-12-25T14:34:27.935+0000][gc,heap     ] GC(86) Eden regions: 611->0(611)
[2025-12-25T14:34:27.935+0000][gc,heap     ] GC(86) Survivor regions: 3->3(77)
[2025-12-25T14:34:27.935+0000][gc,heap     ] GC(86) Old regions: 60->60
[2025-12-25T14:34:27.936+0000][gc,heap     ] GC(86) Humongous regions: 20->20
[2025-12-25T14:34:27.936+0000][gc,metaspace] GC(86) Metaspace: 12284K(12736K)->12284K(12736K) NonClass: 11196K(11392K)->11196K(11392K) Class: 1087K(1344K)->1087K(1344K)
[2025-12-25T14:34:27.936+0000][gc          ] GC(86) Pause Young (Normal) (G1 Evacuation Pause) 693M->81M(1024M) 20.939ms
[2025-12-25T14:34:27.936+0000][gc,cpu      ] GC(86) User=0.11s Sys=0.01s Real=0.02s
[2025-12-25T14:35:18.308+0000][gc,start    ] GC(87) Pause Young (Normal) (G1 Evacuation Pause)
[2025-12-25T14:35:18.308+0000][gc,task     ] GC(87) Using 8 workers of 8 for evacuation
[2025-12-25T14:35:18.327+0000][gc,phases   ] GC(87)   Pre Evacuate Collection Set: 1.8ms
[2025-12-25T14:35:18.327+0000][gc,phases   ] GC(87)   Merge Heap Roots: 0.5ms
[2025-12-25T14:35:18.327+0000][gc,phases   ] GC(87)   Evacuate Collection Set: 12.9ms
[2025-12-25T14:35:18.327+0000][gc,phases   ] GC(87)   Post Evacuate Collection Set: 3.0ms
[2025-12-25T14:35:18.327+0000][gc,phases   ] GC(87)   Other: 0.5ms
[2025-12-25T14:35:18.328+0000][gc,heap     ] GC(87) Eden regions: 611->0(610)
[2025-12-25T14:35:18.328+0000][gc,heap     ] GC(87) Survivor regions: 3->4(77)
[2025-12-25T14:35:18.328+0000][gc,heap     ] GC(87) Old regions: 60->60
[2025-12-25T14:35:18.328+0000][gc,heap     ] GC(87) Humongous regions: 20->20
[2025-12-25T14:35:18.328+0000][gc,metaspace] GC(87) Metaspace: 12284K(12736K)->12284K(12736K) NonClass: 11196K(11392K)->11196K(11392K) Class: 1087K(1344K)->1087K(1344K)
[2025-12-25T14:35:18.329+0000][gc          ] GC(87) Pause Young (Normal) (G1 Evacuation Pause) 692M->82M(1024M) 20.907ms
[2025-12-25T14:35:18.329+0000][gc,cpu      ] GC(87) User=0.10s Sys=0.00s Real=0.02s
[2025-12-25T14:36:17.970+0000][gc,start    ] GC(88) Pause Young (Normal) (G1 Evacuation Pause)
[2025-12-25T14:36:17.971+0000][gc,task     ] GC(88) Using 8 workers of 8 for evacuation
[2025-12-25T14:36:17.986+0000][gc,phases   ] GC(88)   Pre Evacuate Collection Set: 1.4ms
[2025-12-25T14:36:17.986+0000][gc,phases   ] GC(88)   Merge Heap Roots: 0.3ms
[2025-12-25T14:36:17.986+0000][gc,phases   ] GC(88)   Evacuate Collection Set: 11.1ms
[2025-12-25T14:36:17.986+0000][gc,phases   ] GC(88)   Post Evacuate Collection Set: 2.1ms
[2025-12-25T14:36:17.986+0000][gc,phases   ] GC(88)   Other: 0.2ms
[2025-12-25T14:36:17.986+0000][gc,heap     ] GC(88) Eden regions: 610->0(611)
[2025-12-25T14:36:17.986+0000][gc,heap     ] GC(88) Survivor regions: 4->3(77)
[2025-12-25T14:36:17.986+0000][gc,heap     ] GC(88) Old regions: 60->60
[2025-12-25T14:36:17.986+0000][gc,heap     ] GC(88) Humongous regions: 20->20
[2025-12-25T14:36:17.986+0000][gc,metaspace] GC(88) Metaspace: 12285K(12736K)->12285K(12736K) NonClass: 11197K(11392K)->11197K(11392K) Class: 1087K(1344K)->1087K(1344K)
[2025-12-25T14:36:17.986+0000][gc          ] GC(88) Pause Young (Normal) (G1 Evacuation Pause) 692M->81M(1024M) 15.995ms
[2025-12-25T14:36:17.987+0000][gc,cpu      ] GC(88) User=0.09s Sys=0.00s Real=0.02s
[2025-12-25T14:37:08.267+0000][gc,start    ] GC(89) Pause Young (Normal) (G1 Evacuation Pause)
[2025-12-25T14:37:08.273+0000][gc,task     ] GC(89) Using 8 workers of 8 for evacuation
[2025-12-25T14:37:08.322+0000][gc,phases   ] GC(89)   Pre Evacuate Collection Set: 6.1ms
[2025-12-25T14:37:08.322+0000][gc,phases   ] GC(89)   Merge Heap Roots: 0.9ms
[2025-12-25T14:37:08.322+0000][gc,phases   ] GC(89)   Evacuate Collection Set: 33.1ms
[2025-12-25T14:37:08.322+0000][gc,phases   ] GC(89)   Post Evacuate Collection Set: 7.5ms
[2025-12-25T14:37:08.323+0000][gc,phases   ] GC(89)   Other: 3.7ms
[2025-12-25T14:37:08.323+0000][gc,heap     ] GC(89) Eden regions: 611->0(610)
[2025-12-25T14:37:08.323+0000][gc,heap     ] GC(89) Survivor regions: 3->4(77)
[2025-12-25T14:37:08.323+0000][gc,heap     ] GC(89) Old regions: 60->60
[2025-12-25T14:37:08.323+0000][gc,heap     ] GC(89) Humongous regions: 20->20
[2025-12-25T14:37:08.323+0000][gc,metaspace] GC(89) Metaspace: 12285K(12736K)->12285K(12736K) NonClass: 11197K(11392K)->11197K(11392K) Class: 1087K(1344K)->1087K(1344K)
[2025-12-25T14:37:08.323+0000][gc          ] GC(89) Pause Young (Normal) (G1 Evacuation Pause) 692M->82M(1024M) 56.563ms
[2025-12-25T14:37:08.324+0000][gc,cpu      ] GC(89) User=0.21s Sys=0.02s Real=0.06s
[2025-12-25T14:38:08.090+0000][gc,start    ] GC(90) Pause Young (Normal) (G1 Evacuation Pause)
[2025-12-25T14:38:08.091+0000][gc,task     ] GC(90) Using 8 workers of 8 for evacuation
[2025-12-25T14:38:08.112+0000][gc,phases   ] GC(90)   Pre Evacuate Collection Set: 2.0ms
[2025-12-25T14:38:08.112+0000][gc,phases   ] GC(90)   Merge Heap Roots: 0.5ms
[2025-12-25T14:38:08.112+0000][gc,phases   ] GC(90)   Evacuate Collection Set: 8.0ms
[2025-12-25T14:38:08.112+0000][gc,phases   ] GC(90)   Post Evacuate Collection Set: 10.3ms
[2025-12-25T14:38:08.112+0000][gc,phases   ] GC(90)   Other: 0.4ms
[2025-12-25T14:38:08.113+0000][gc,heap     ] GC(90) Eden regions: 610->0(611)
[2025-12-25T14:38:08.113+0000][gc,heap     ] GC(90) Survivor regions: 4->3(77)
[2025-12-25T14:38:08.113+0000][gc,heap     ] GC(90) Old regions: 60->60
[2025-12-25T14:38:08.113+0000][gc,heap     ] GC(90) Humongous regions: 20->20
[2025-12-25T14:38:08.113+0000][gc,metaspace] GC(90) Metaspace: 12285K(12736K)->12285K(12736K) NonClass: 11197K(11392K)->11197K(11392K) Class: 1087K(1344K)->1087K(1344K)
[2025-12-25T14:38:08.113+0000][gc          ] GC(90) Pause Young (Normal) (G1 Evacuation Pause) 692M->82M(1024M) 23.107ms
[2025-12-25T14:38:08.113+0000][gc,cpu      ] GC(90) User=0.08s Sys=0.00s Real=0.02s
[2025-12-25T14:38:58.305+0000][gc,start    ] GC(91) Pause Young (Normal) (G1 Evacuation Pause)
[2025-12-25T14:38:58.307+0000][gc,task     ] GC(91) Using 8 workers of 8 for evacuation
[2025-12-25T14:38:58.321+0000][gc,phases   ] GC(91)   Pre Evacuate Collection Set: 1.4ms
[2025-12-25T14:38:58.321+0000][gc,phases   ] GC(91)   Merge Heap Roots: 0.2ms
[2025-12-25T14:38:58.321+0000][gc,phases   ] GC(91)   Evacuate Collection Set: 7.0ms
[2025-12-25T14:38:58.321+0000][gc,phases   ] GC(91)   Post Evacuate Collection Set: 1.6ms
[2025-12-25T14:38:58.322+0000][gc,phases   ] GC(91)   Other: 1.3ms
[2025-12-25T14:38:58.322+0000][gc,heap     ] GC(91) Eden regions: 611->0(610)
[2025-12-25T14:38:58.322+0000][gc,heap     ] GC(91) Survivor regions: 3->4(77)
[2025-12-25T14:38:58.322+0000][gc,heap     ] GC(91) Old regions: 60->60
[2025-12-25T14:38:58.322+0000][gc,heap     ] GC(91) Humongous regions: 20->20
[2025-12-25T14:38:58.322+0000][gc,metaspace] GC(91) Metaspace: 12285K(12736K)->12285K(12736K) NonClass: 11197K(11392K)->11197K(11392K) Class: 1087K(1344K)->1087K(1344K)
[2025-12-25T14:38:58.322+0000][gc          ] GC(91) Pause Young (Normal) (G1 Evacuation Pause) 693M->83M(1024M) 16.694ms
[2025-12-25T14:38:58.322+0000][gc,cpu      ] GC(91) User=0.06s Sys=0.01s Real=0.02s
[2025-12-25T14:39:58.093+0000][gc,start    ] GC(92) Pause Young (Normal) (G1 Evacuation Pause)
[2025-12-25T14:39:58.095+0000][gc,task     ] GC(92) Using 8 workers of 8 for evacuation
[2025-12-25T14:39:58.113+0000][gc,phases   ] GC(92)   Pre Evacuate Collection Set: 6.4ms
[2025-12-25T14:39:58.113+0000][gc,phases   ] GC(92)   Merge Heap Roots: 0.5ms
[2025-12-25T14:39:58.113+0000][gc,phases   ] GC(92)   Evacuate Collection Set: 7.5ms
[2025-12-25T14:39:58.114+0000][gc,phases   ] GC(92)   Post Evacuate Collection Set: 1.5ms
[2025-12-25T14:39:58.114+0000][gc,phases   ] GC(92)   Other: 2.8ms
[2025-12-25T14:39:58.114+0000][gc,heap     ] GC(92) Eden regions: 610->0(611)
[2025-12-25T14:39:58.114+0000][gc,heap     ] GC(92) Survivor regions: 4->3(77)
[2025-12-25T14:39:58.114+0000][gc,heap     ] GC(92) Old regions: 60->60
[2025-12-25T14:39:58.114+0000][gc,heap     ] GC(92) Humongous regions: 20->20
[2025-12-25T14:39:58.114+0000][gc,metaspace] GC(92) Metaspace: 12287K(12736K)->12287K(12736K) NonClass: 11199K(11392K)->11199K(11392K) Class: 1087K(1344K)->1087K(1344K)
[2025-12-25T14:39:58.114+0000][gc          ] GC(92) Pause Young (Normal) (G1 Evacuation Pause) 693M->82M(1024M) 21.555ms
[2025-12-25T14:39:58.115+0000][gc,cpu      ] GC(92) User=0.06s Sys=0.00s Real=0.02s
[2025-12-25T14:40:57.881+0000][gc,start    ] GC(93) Pause Young (Normal) (G1 Evacuation Pause)
[2025-12-25T14:40:57.881+0000][gc,task     ] GC(93) Using 8 workers of 8 for evacuation
[2025-12-25T14:40:57.904+0000][gc,phases   ] GC(93)   Pre Evacuate Collection Set: 1.1ms
[2025-12-25T14:40:57.904+0000][gc,phases   ] GC(93)   Merge Heap Roots: 0.2ms
[2025-12-25T14:40:57.904+0000][gc,phases   ] GC(93)   Evacuate Collection Set: 19.3ms
[2025-12-25T14:40:57.904+0000][gc,phases   ] GC(93)   Post Evacuate Collection Set: 1.6ms
[2025-12-25T14:40:57.904+0000][gc,phases   ] GC(93)   Other: 0.4ms
[2025-12-25T14:40:57.904+0000][gc,heap     ] GC(93) Eden regions: 611->0(612)
[2025-12-25T14:40:57.904+0000][gc,heap     ] GC(93) Survivor regions: 3->2(77)
[2025-12-25T14:40:57.904+0000][gc,heap     ] GC(93) Old regions: 60->60
[2025-12-25T14:40:57.904+0000][gc,heap     ] GC(93) Humongous regions: 20->20
[2025-12-25T14:40:57.904+0000][gc,metaspace] GC(93) Metaspace: 12287K(12736K)->12287K(12736K) NonClass: 11199K(11392K)->11199K(11392K) Class: 1087K(1344K)->1087K(1344K)
[2025-12-25T14:40:57.904+0000][gc          ] GC(93) Pause Young (Normal) (G1 Evacuation Pause) 693M->81M(1024M) 23.634ms
[2025-12-25T14:40:57.905+0000][gc,cpu      ] GC(93) User=0.16s Sys=0.00s Real=0.03s
[2025-12-25T14:41:48.232+0000][gc,start    ] GC(94) Pause Young (Normal) (G1 Evacuation Pause)
[2025-12-25T14:41:48.233+0000][gc,task     ] GC(94) Using 8 workers of 8 for evacuation
[2025-12-25T14:41:48.249+0000][gc,phases   ] GC(94)   Pre Evacuate Collection Set: 1.5ms
[2025-12-25T14:41:48.249+0000][gc,phases   ] GC(94)   Merge Heap Roots: 0.2ms
[2025-12-25T14:41:48.249+0000][gc,phases   ] GC(94)   Evacuate Collection Set: 11.7ms
[2025-12-25T14:41:48.249+0000][gc,phases   ] GC(94)   Post Evacuate Collection Set: 1.6ms
[2025-12-25T14:41:48.249+0000][gc,phases   ] GC(94)   Other: 0.3ms
[2025-12-25T14:41:48.249+0000][gc,heap     ] GC(94) Eden regions: 612->0(611)
[2025-12-25T14:41:48.249+0000][gc,heap     ] GC(94) Survivor regions: 2->3(77)
[2025-12-25T14:41:48.249+0000][gc,heap     ] GC(94) Old regions: 60->60
[2025-12-25T14:41:48.249+0000][gc,heap     ] GC(94) Humongous regions: 20->20
[2025-12-25T14:41:48.249+0000][gc,metaspace] GC(94) Metaspace: 12288K(12736K)->12288K(12736K) NonClass: 11200K(11392K)->11200K(11392K) Class: 1087K(1344K)->1087K(1344K)
[2025-12-25T14:41:48.250+0000][gc          ] GC(94) Pause Young (Normal) (G1 Evacuation Pause) 693M->82M(1024M) 17.402ms
[2025-12-25T14:41:48.250+0000][gc,cpu      ] GC(94) User=0.08s Sys=0.00s Real=0.01s
[2025-12-25T14:42:48.108+0000][gc,start    ] GC(95) Pause Young (Normal) (G1 Evacuation Pause)
[2025-12-25T14:42:48.109+0000][gc,task     ] GC(95) Using 8 workers of 8 for evacuation
[2025-12-25T14:42:48.145+0000][gc,phases   ] GC(95)   Pre Evacuate Collection Set: 3.2ms
[2025-12-25T14:42:48.145+0000][gc,phases   ] GC(95)   Merge Heap Roots: 0.4ms
[2025-12-25T14:42:48.146+0000][gc,phases   ] GC(95)   Evacuate Collection Set: 23.7ms
[2025-12-25T14:42:48.146+0000][gc,phases   ] GC(95)   Post Evacuate Collection Set: 5.7ms
[2025-12-25T14:42:48.146+0000][gc,phases   ] GC(95)   Other: 1.1ms
[2025-12-25T14:42:48.146+0000][gc,heap     ] GC(95) Eden regions: 611->0(611)
[2025-12-25T14:42:48.146+0000][gc,heap     ] GC(95) Survivor regions: 3->3(77)
[2025-12-25T14:42:48.146+0000][gc,heap     ] GC(95) Old regions: 60->61
[2025-12-25T14:42:48.146+0000][gc,heap     ] GC(95) Humongous regions: 20->20
[2025-12-25T14:42:48.146+0000][gc,metaspace] GC(95) Metaspace: 12288K(12736K)->12288K(12736K) NonClass: 11200K(11392K)->11200K(11392K) Class: 1087K(1344K)->1087K(1344K)
[2025-12-25T14:42:48.148+0000][gc          ] GC(95) Pause Young (Normal) (G1 Evacuation Pause) 693M->82M(1024M) 40.529ms
[2025-12-25T14:42:48.148+0000][gc,cpu      ] GC(95) User=0.19s Sys=0.00s Real=0.04s
[2025-12-25T14:43:38.266+0000][gc,start    ] GC(96) Pause Young (Normal) (G1 Evacuation Pause)
[2025-12-25T14:43:38.267+0000][gc,task     ] GC(96) Using 8 workers of 8 for evacuation
[2025-12-25T14:43:38.287+0000][gc,phases   ] GC(96)   Pre Evacuate Collection Set: 2.1ms
[2025-12-25T14:43:38.287+0000][gc,phases   ] GC(96)   Merge Heap Roots: 1.0ms
[2025-12-25T14:43:38.287+0000][gc,phases   ] GC(96)   Evacuate Collection Set: 13.5ms
[2025-12-25T14:43:38.287+0000][gc,phases   ] GC(96)   Post Evacuate Collection Set: 1.6ms
[2025-12-25T14:43:38.287+0000][gc,phases   ] GC(96)   Other: 1.3ms
[2025-12-25T14:43:38.287+0000][gc,heap     ] GC(96) Eden regions: 611->0(611)
[2025-12-25T14:43:38.287+0000][gc,heap     ] GC(96) Survivor regions: 3->3(77)
[2025-12-25T14:43:38.287+0000][gc,heap     ] GC(96) Old regions: 61->61
[2025-12-25T14:43:38.287+0000][gc,heap     ] GC(96) Humongous regions: 20->20
[2025-12-25T14:43:38.287+0000][gc,metaspace] GC(96) Metaspace: 12288K(12736K)->12288K(12736K) NonClass: 11200K(11392K)->11200K(11392K) Class: 1087K(1344K)->1087K(1344K)
[2025-12-25T14:43:38.287+0000][gc          ] GC(96) Pause Young (Normal) (G1 Evacuation Pause) 693M->82M(1024M) 20.982ms
[2025-12-25T14:43:38.288+0000][gc,cpu      ] GC(96) User=0.10s Sys=0.00s Real=0.03s
[2025-12-25T14:44:38.037+0000][gc,start    ] GC(97) Pause Young (Normal) (G1 Evacuation Pause)
[2025-12-25T14:44:38.037+0000][gc,task     ] GC(97) Using 8 workers of 8 for evacuation
[2025-12-25T14:44:38.047+0000][gc,phases   ] GC(97)   Pre Evacuate Collection Set: 1.1ms
[2025-12-25T14:44:38.048+0000][gc,phases   ] GC(97)   Merge Heap Roots: 0.3ms
[2025-12-25T14:44:38.048+0000][gc,phases   ] GC(97)   Evacuate Collection Set: 7.4ms
[2025-12-25T14:44:38.048+0000][gc,phases   ] GC(97)   Post Evacuate Collection Set: 1.3ms
[2025-12-25T14:44:38.048+0000][gc,phases   ] GC(97)   Other: 0.3ms
[2025-12-25T14:44:38.048+0000][gc,heap     ] GC(97) Eden regions: 611->0(612)
[2025-12-25T14:44:38.048+0000][gc,heap     ] GC(97) Survivor regions: 3->2(77)
[2025-12-25T14:44:38.048+0000][gc,heap     ] GC(97) Old regions: 61->61
[2025-12-25T14:44:38.048+0000][gc,heap     ] GC(97) Humongous regions: 20->20
[2025-12-25T14:44:38.048+0000][gc,metaspace] GC(97) Metaspace: 12397K(12800K)->12397K(12800K) NonClass: 11309K(11456K)->11309K(11456K) Class: 1087K(1344K)->1087K(1344K)
[2025-12-25T14:44:38.049+0000][gc          ] GC(97) Pause Young (Normal) (G1 Evacuation Pause) 693M->82M(1024M) 12.432ms
[2025-12-25T14:44:38.049+0000][gc,cpu      ] GC(97) User=0.05s Sys=0.01s Real=0.02s
[2025-12-25T14:45:28.274+0000][gc,start    ] GC(98) Pause Young (Normal) (G1 Evacuation Pause)
[2025-12-25T14:45:28.275+0000][gc,task     ] GC(98) Using 8 workers of 8 for evacuation
[2025-12-25T14:45:28.288+0000][gc,phases   ] GC(98)   Pre Evacuate Collection Set: 1.1ms
[2025-12-25T14:45:28.288+0000][gc,phases   ] GC(98)   Merge Heap Roots: 0.2ms
[2025-12-25T14:45:28.288+0000][gc,phases   ] GC(98)   Evacuate Collection Set: 9.3ms
[2025-12-25T14:45:28.288+0000][gc,phases   ] GC(98)   Post Evacuate Collection Set: 1.9ms
[2025-12-25T14:45:28.288+0000][gc,phases   ] GC(98)   Other: 0.4ms
[2025-12-25T14:45:28.288+0000][gc,heap     ] GC(98) Eden regions: 612->0(612)
[2025-12-25T14:45:28.288+0000][gc,heap     ] GC(98) Survivor regions: 2->2(77)
[2025-12-25T14:45:28.289+0000][gc,heap     ] GC(98) Old regions: 61->62
[2025-12-25T14:45:28.289+0000][gc,heap     ] GC(98) Humongous regions: 20->20
[2025-12-25T14:45:28.289+0000][gc,metaspace] GC(98) Metaspace: 12400K(12800K)->12400K(12800K) NonClass: 11313K(11456K)->11313K(11456K) Class: 1087K(1344K)->1087K(1344K)
[2025-12-25T14:45:28.289+0000][gc          ] GC(98) Pause Young (Normal) (G1 Evacuation Pause) 694M->83M(1024M) 14.675ms
[2025-12-25T14:45:28.289+0000][gc,cpu      ] GC(98) User=0.05s Sys=0.02s Real=0.01s
[2025-12-25T14:46:28.075+0000][gc,start    ] GC(99) Pause Young (Normal) (G1 Evacuation Pause)
[2025-12-25T14:46:28.076+0000][gc,task     ] GC(99) Using 8 workers of 8 for evacuation
[2025-12-25T14:46:28.090+0000][gc,phases   ] GC(99)   Pre Evacuate Collection Set: 2.9ms
[2025-12-25T14:46:28.090+0000][gc,phases   ] GC(99)   Merge Heap Roots: 0.5ms
[2025-12-25T14:46:28.090+0000][gc,phases   ] GC(99)   Evacuate Collection Set: 8.2ms
[2025-12-25T14:46:28.090+0000][gc,phases   ] GC(99)   Post Evacuate Collection Set: 1.3ms
[2025-12-25T14:46:28.090+0000][gc,phases   ] GC(99)   Other: 1.2ms
[2025-12-25T14:46:28.090+0000][gc,heap     ] GC(99) Eden regions: 612->0(612)
[2025-12-25T14:46:28.090+0000][gc,heap     ] GC(99) Survivor regions: 2->2(77)
[2025-12-25T14:46:28.090+0000][gc,heap     ] GC(99) Old regions: 62->62
[2025-12-25T14:46:28.090+0000][gc,heap     ] GC(99) Humongous regions: 20->20
[2025-12-25T14:46:28.090+0000][gc,metaspace] GC(99) Metaspace: 12400K(12800K)->12400K(12800K) NonClass: 11313K(11456K)->11313K(11456K) Class: 1087K(1344K)->1087K(1344K)
[2025-12-25T14:46:28.091+0000][gc          ] GC(99) Pause Young (Normal) (G1 Evacuation Pause) 695M->82M(1024M) 15.800ms
[2025-12-25T14:46:28.091+0000][gc,cpu      ] GC(99) User=0.07s Sys=0.01s Real=0.02s
[2025-12-25T14:47:27.922+0000][gc,start    ] GC(100) Pause Young (Normal) (G1 Evacuation Pause)
[2025-12-25T14:47:27.922+0000][gc,task     ] GC(100) Using 8 workers of 8 for evacuation
[2025-12-25T14:47:27.945+0000][gc,phases   ] GC(100)   Pre Evacuate Collection Set: 3.6ms
[2025-12-25T14:47:27.945+0000][gc,phases   ] GC(100)   Merge Heap Roots: 0.6ms
[2025-12-25T14:47:27.945+0000][gc,phases   ] GC(100)   Evacuate Collection Set: 12.9ms
[2025-12-25T14:47:27.945+0000][gc,phases   ] GC(100)   Post Evacuate Collection Set: 5.1ms
[2025-12-25T14:47:27.946+0000][gc,phases   ] GC(100)   Other: 0.6ms
[2025-12-25T14:47:27.946+0000][gc,heap     ] GC(100) Eden regions: 612->0(613)
[2025-12-25T14:47:27.946+0000][gc,heap     ] GC(100) Survivor regions: 2->1(77)
[2025-12-25T14:47:27.946+0000][gc,heap     ] GC(100) Old regions: 62->62
[2025-12-25T14:47:27.946+0000][gc,heap     ] GC(100) Humongous regions: 20->20
[2025-12-25T14:47:27.946+0000][gc,metaspace] GC(100) Metaspace: 12400K(12800K)->12400K(12800K) NonClass: 11313K(11456K)->11313K(11456K) Class: 1087K(1344K)->1087K(1344K)
[2025-12-25T14:47:27.946+0000][gc          ] GC(100) Pause Young (Normal) (G1 Evacuation Pause) 694M->82M(1024M) 24.201ms
[2025-12-25T14:47:27.946+0000][gc,cpu      ] GC(100) User=0.13s Sys=0.01s Real=0.03s
[2025-12-25T14:48:18.178+0000][gc,start    ] GC(101) Pause Young (Normal) (G1 Evacuation Pause)
[2025-12-25T14:48:18.178+0000][gc,task     ] GC(101) Using 8 workers of 8 for evacuation
[2025-12-25T14:48:18.187+0000][gc,phases   ] GC(101)   Pre Evacuate Collection Set: 1.3ms
[2025-12-25T14:48:18.187+0000][gc,phases   ] GC(101)   Merge Heap Roots: 0.2ms
[2025-12-25T14:48:18.187+0000][gc,phases   ] GC(101)   Evacuate Collection Set: 5.3ms
[2025-12-25T14:48:18.187+0000][gc,phases   ] GC(101)   Post Evacuate Collection Set: 1.3ms
[2025-12-25T14:48:18.187+0000][gc,phases   ] GC(101)   Other: 0.3ms
[2025-12-25T14:48:18.187+0000][gc,heap     ] GC(101) Eden regions: 613->0(612)
[2025-12-25T14:48:18.187+0000][gc,heap     ] GC(101) Survivor regions: 1->2(77)
[2025-12-25T14:48:18.187+0000][gc,heap     ] GC(101) Old regions: 62->62
[2025-12-25T14:48:18.187+0000][gc,heap     ] GC(101) Humongous regions: 20->20
[2025-12-25T14:48:18.187+0000][gc,metaspace] GC(101) Metaspace: 12400K(12800K)->12400K(12800K) NonClass: 11313K(11456K)->11313K(11456K) Class: 1087K(1344K)->1087K(1344K)
[2025-12-25T14:48:18.188+0000][gc          ] GC(101) Pause Young (Normal) (G1 Evacuation Pause) 695M->82M(1024M) 10.053ms
[2025-12-25T14:48:18.188+0000][gc,cpu      ] GC(101) User=0.04s Sys=0.01s Real=0.01s
[2025-12-25T14:49:17.990+0000][gc,start    ] GC(102) Pause Young (Normal) (G1 Evacuation Pause)
[2025-12-25T14:49:17.990+0000][gc,task     ] GC(102) Using 8 workers of 8 for evacuation
[2025-12-25T14:49:18.018+0000][gc,phases   ] GC(102)   Pre Evacuate Collection Set: 6.9ms
[2025-12-25T14:49:18.018+0000][gc,phases   ] GC(102)   Merge Heap Roots: 0.4ms
[2025-12-25T14:49:18.018+0000][gc,phases   ] GC(102)   Evacuate Collection Set: 17.0ms
[2025-12-25T14:49:18.018+0000][gc,phases   ] GC(102)   Post Evacuate Collection Set: 2.2ms
[2025-12-25T14:49:18.018+0000][gc,phases   ] GC(102)   Other: 0.9ms
[2025-12-25T14:49:18.018+0000][gc,heap     ] GC(102) Eden regions: 612->0(613)
[2025-12-25T14:49:18.018+0000][gc,heap     ] GC(102) Survivor regions: 2->1(77)
[2025-12-25T14:49:18.018+0000][gc,heap     ] GC(102) Old regions: 62->62
[2025-12-25T14:49:18.018+0000][gc,heap     ] GC(102) Humongous regions: 20->20
[2025-12-25T14:49:18.018+0000][gc,metaspace] GC(102) Metaspace: 12400K(12800K)->12400K(12800K) NonClass: 11313K(11456K)->11313K(11456K) Class: 1087K(1344K)->1087K(1344K)
[2025-12-25T14:49:18.019+0000][gc          ] GC(102) Pause Young (Normal) (G1 Evacuation Pause) 694M->82M(1024M) 28.929ms
[2025-12-25T14:49:18.019+0000][gc,cpu      ] GC(102) User=0.13s Sys=0.00s Real=0.03s
[2025-12-25T14:50:08.211+0000][gc,start    ] GC(103) Pause Young (Normal) (G1 Evacuation Pause)
[2025-12-25T14:50:08.213+0000][gc,task     ] GC(103) Using 8 workers of 8 for evacuation
[2025-12-25T14:50:08.219+0000][gc,phases   ] GC(103)   Pre Evacuate Collection Set: 1.4ms
[2025-12-25T14:50:08.220+0000][gc,phases   ] GC(103)   Merge Heap Roots: 0.2ms
[2025-12-25T14:50:08.220+0000][gc,phases   ] GC(103)   Evacuate Collection Set: 3.7ms
[2025-12-25T14:50:08.220+0000][gc,phases   ] GC(103)   Post Evacuate Collection Set: 1.1ms
[2025-12-25T14:50:08.220+0000][gc,phases   ] GC(103)   Other: 0.6ms
[2025-12-25T14:50:08.220+0000][gc,heap     ] GC(103) Eden regions: 613->0(612)
[2025-12-25T14:50:08.220+0000][gc,heap     ] GC(103) Survivor regions: 1->2(77)
[2025-12-25T14:50:08.220+0000][gc,heap     ] GC(103) Old regions: 62->62
[2025-12-25T14:50:08.220+0000][gc,heap     ] GC(103) Humongous regions: 20->20
[2025-12-25T14:50:08.220+0000][gc,metaspace] GC(103) Metaspace: 12400K(12800K)->12400K(12800K) NonClass: 11313K(11456K)->11313K(11456K) Class: 1087K(1344K)->1087K(1344K)
[2025-12-25T14:50:08.220+0000][gc          ] GC(103) Pause Young (Normal) (G1 Evacuation Pause) 695M->83M(1024M) 9.102ms
[2025-12-25T14:50:08.220+0000][gc,cpu      ] GC(103) User=0.03s Sys=0.00s Real=0.01s
[2025-12-25T14:51:08.031+0000][gc,start    ] GC(104) Pause Young (Normal) (G1 Evacuation Pause)
[2025-12-25T14:51:08.036+0000][gc,task     ] GC(104) Using 8 workers of 8 for evacuation
[2025-12-25T14:51:08.056+0000][gc,phases   ] GC(104)   Pre Evacuate Collection Set: 2.8ms
[2025-12-25T14:51:08.056+0000][gc,phases   ] GC(104)   Merge Heap Roots: 0.5ms
[2025-12-25T14:51:08.056+0000][gc,phases   ] GC(104)   Evacuate Collection Set: 15.0ms
[2025-12-25T14:51:08.056+0000][gc,phases   ] GC(104)   Post Evacuate Collection Set: 1.2ms
[2025-12-25T14:51:08.056+0000][gc,phases   ] GC(104)   Other: 0.9ms
[2025-12-25T14:51:08.056+0000][gc,heap     ] GC(104) Eden regions: 612->0(612)
[2025-12-25T14:51:08.056+0000][gc,heap     ] GC(104) Survivor regions: 2->2(77)
[2025-12-25T14:51:08.056+0000][gc,heap     ] GC(104) Old regions: 62->62
[2025-12-25T14:51:08.056+0000][gc,heap     ] GC(104) Humongous regions: 20->20
[2025-12-25T14:51:08.056+0000][gc,metaspace] GC(104) Metaspace: 12401K(12800K)->12401K(12800K) NonClass: 11313K(11456K)->11313K(11456K) Class: 1087K(1344K)->1087K(1344K)
[2025-12-25T14:51:08.056+0000][gc          ] GC(104) Pause Young (Normal) (G1 Evacuation Pause) 695M->82M(1024M) 25.555ms
[2025-12-25T14:51:08.056+0000][gc,cpu      ] GC(104) User=0.11s Sys=0.01s Real=0.02s
[2025-12-25T14:52:07.832+0000][gc,start    ] GC(105) Pause Young (Normal) (G1 Evacuation Pause)
[2025-12-25T14:52:07.832+0000][gc,task     ] GC(105) Using 8 workers of 8 for evacuation
[2025-12-25T14:52:07.842+0000][gc,phases   ] GC(105)   Pre Evacuate Collection Set: 1.8ms
[2025-12-25T14:52:07.842+0000][gc,phases   ] GC(105)   Merge Heap Roots: 0.3ms
[2025-12-25T14:52:07.842+0000][gc,phases   ] GC(105)   Evacuate Collection Set: 5.0ms
[2025-12-25T14:52:07.842+0000][gc,phases   ] GC(105)   Post Evacuate Collection Set: 2.1ms
[2025-12-25T14:52:07.842+0000][gc,phases   ] GC(105)   Other: 0.4ms
[2025-12-25T14:52:07.843+0000][gc,heap     ] GC(105) Eden regions: 612->0(613)
[2025-12-25T14:52:07.843+0000][gc,heap     ] GC(105) Survivor regions: 2->1(77)
[2025-12-25T14:52:07.843+0000][gc,heap     ] GC(105) Old regions: 62->62
[2025-12-25T14:52:07.843+0000][gc,heap     ] GC(105) Humongous regions: 20->20
[2025-12-25T14:52:07.843+0000][gc,metaspace] GC(105) Metaspace: 12401K(12800K)->12401K(12800K) NonClass: 11313K(11456K)->11313K(11456K) Class: 1087K(1344K)->1087K(1344K)
[2025-12-25T14:52:07.844+0000][gc          ] GC(105) Pause Young (Normal) (G1 Evacuation Pause) 694M->82M(1024M) 11.934ms
[2025-12-25T14:52:07.844+0000][gc,cpu      ] GC(105) User=0.05s Sys=0.01s Real=0.01s
[2025-12-25T14:52:58.148+0000][gc,start    ] GC(106) Pause Young (Normal) (G1 Evacuation Pause)
[2025-12-25T14:52:58.149+0000][gc,task     ] GC(106) Using 8 workers of 8 for evacuation
[2025-12-25T14:52:58.159+0000][gc,phases   ] GC(106)   Pre Evacuate Collection Set: 1.1ms
[2025-12-25T14:52:58.159+0000][gc,phases   ] GC(106)   Merge Heap Roots: 0.3ms
[2025-12-25T14:52:58.159+0000][gc,phases   ] GC(106)   Evacuate Collection Set: 4.2ms
[2025-12-25T14:52:58.159+0000][gc,phases   ] GC(106)   Post Evacuate Collection Set: 3.9ms
[2025-12-25T14:52:58.159+0000][gc,phases   ] GC(106)   Other: 0.3ms
[2025-12-25T14:52:58.159+0000][gc,heap     ] GC(106) Eden regions: 613->0(612)
[2025-12-25T14:52:58.159+0000][gc,heap     ] GC(106) Survivor regions: 1->2(77)
[2025-12-25T14:52:58.159+0000][gc,heap     ] GC(106) Old regions: 62->62
[2025-12-25T14:52:58.159+0000][gc,heap     ] GC(106) Humongous regions: 20->20
[2025-12-25T14:52:58.159+0000][gc,metaspace] GC(106) Metaspace: 12401K(12800K)->12401K(12800K) NonClass: 11313K(11456K)->11313K(11456K) Class: 1087K(1344K)->1087K(1344K)
[2025-12-25T14:52:58.159+0000][gc          ] GC(106) Pause Young (Normal) (G1 Evacuation Pause) 695M->83M(1024M) 10.959ms
[2025-12-25T14:52:58.159+0000][gc,cpu      ] GC(106) User=0.04s Sys=0.01s Real=0.02s
[2025-12-25T14:53:57.965+0000][gc,start    ] GC(107) Pause Young (Normal) (G1 Evacuation Pause)
[2025-12-25T14:53:57.966+0000][gc,task     ] GC(107) Using 8 workers of 8 for evacuation
[2025-12-25T14:53:57.999+0000][gc,phases   ] GC(107)   Pre Evacuate Collection Set: 6.7ms
[2025-12-25T14:53:58.000+0000][gc,phases   ] GC(107)   Merge Heap Roots: 1.0ms
[2025-12-25T14:53:58.000+0000][gc,phases   ] GC(107)   Evacuate Collection Set: 16.8ms
[2025-12-25T14:53:58.000+0000][gc,phases   ] GC(107)   Post Evacuate Collection Set: 7.0ms
[2025-12-25T14:53:58.000+0000][gc,phases   ] GC(107)   Other: 1.8ms
[2025-12-25T14:53:58.000+0000][gc,heap     ] GC(107) Eden regions: 612->0(613)
[2025-12-25T14:53:58.001+0000][gc,heap     ] GC(107) Survivor regions: 2->1(77)
[2025-12-25T14:53:58.001+0000][gc,heap     ] GC(107) Old regions: 62->62
[2025-12-25T14:53:58.001+0000][gc,heap     ] GC(107) Humongous regions: 20->20
[2025-12-25T14:53:58.001+0000][gc,metaspace] GC(107) Metaspace: 12401K(12800K)->12401K(12800K) NonClass: 11313K(11456K)->11313K(11456K) Class: 1087K(1344K)->1087K(1344K)
[2025-12-25T14:53:58.002+0000][gc          ] GC(107) Pause Young (Normal) (G1 Evacuation Pause) 695M->82M(1024M) 37.531ms
[2025-12-25T14:53:58.002+0000][gc,cpu      ] GC(107) User=0.05s Sys=0.00s Real=0.04s
[2025-12-25T14:54:48.215+0000][gc,start    ] GC(108) Pause Young (Normal) (G1 Evacuation Pause)
[2025-12-25T14:54:48.215+0000][gc,task     ] GC(108) Using 8 workers of 8 for evacuation
[2025-12-25T14:54:48.221+0000][gc,phases   ] GC(108)   Pre Evacuate Collection Set: 1.0ms
[2025-12-25T14:54:48.222+0000][gc,phases   ] GC(108)   Merge Heap Roots: 0.2ms
[2025-12-25T14:54:48.222+0000][gc,phases   ] GC(108)   Evacuate Collection Set: 3.7ms
[2025-12-25T14:54:48.222+0000][gc,phases   ] GC(108)   Post Evacuate Collection Set: 1.2ms
[2025-12-25T14:54:48.222+0000][gc,phases   ] GC(108)   Other: 0.3ms
[2025-12-25T14:54:48.222+0000][gc,heap     ] GC(108) Eden regions: 613->0(612)
[2025-12-25T14:54:48.222+0000][gc,heap     ] GC(108) Survivor regions: 1->2(77)
[2025-12-25T14:54:48.222+0000][gc,heap     ] GC(108) Old regions: 62->62
[2025-12-25T14:54:48.222+0000][gc,heap     ] GC(108) Humongous regions: 20->20
[2025-12-25T14:54:48.222+0000][gc,metaspace] GC(108) Metaspace: 12401K(12800K)->12401K(12800K) NonClass: 11313K(11456K)->11313K(11456K) Class: 1087K(1344K)->1087K(1344K)
[2025-12-25T14:54:48.222+0000][gc          ] GC(108) Pause Young (Normal) (G1 Evacuation Pause) 695M->83M(1024M) 7.623ms
[2025-12-25T14:54:48.222+0000][gc,cpu      ] GC(108) User=0.03s Sys=0.00s Real=0.01s
[2025-12-25T14:55:48.036+0000][gc,start    ] GC(109) Pause Young (Normal) (G1 Evacuation Pause)
[2025-12-25T14:55:48.037+0000][gc,task     ] GC(109) Using 8 workers of 8 for evacuation
[2025-12-25T14:55:48.059+0000][gc,phases   ] GC(109)   Pre Evacuate Collection Set: 1.9ms
[2025-12-25T14:55:48.060+0000][gc,phases   ] GC(109)   Merge Heap Roots: 0.6ms
[2025-12-25T14:55:48.061+0000][gc,phases   ] GC(109)   Evacuate Collection Set: 9.2ms
[2025-12-25T14:55:48.063+0000][gc,phases   ] GC(109)   Post Evacuate Collection Set: 8.7ms
[2025-12-25T14:55:48.063+0000][gc,phases   ] GC(109)   Other: 0.7ms
[2025-12-25T14:55:48.064+0000][gc,heap     ] GC(109) Eden regions: 612->0(612)
[2025-12-25T14:55:48.064+0000][gc,heap     ] GC(109) Survivor regions: 2->2(77)
[2025-12-25T14:55:48.064+0000][gc,heap     ] GC(109) Old regions: 62->62
[2025-12-25T14:55:48.065+0000][gc,heap     ] GC(109) Humongous regions: 20->20
[2025-12-25T14:55:48.065+0000][gc,metaspace] GC(109) Metaspace: 12401K(12800K)->12401K(12800K) NonClass: 11313K(11456K)->11313K(11456K) Class: 1087K(1344K)->1087K(1344K)
[2025-12-25T14:55:48.065+0000][gc          ] GC(109) Pause Young (Normal) (G1 Evacuation Pause) 695M->82M(1024M) 29.190ms
[2025-12-25T14:55:48.066+0000][gc,cpu      ] GC(109) User=0.08s Sys=0.00s Real=0.03s
[2025-12-25T14:56:38.267+0000][gc,start    ] GC(110) Pause Young (Normal) (G1 Evacuation Pause)
[2025-12-25T14:56:38.268+0000][gc,task     ] GC(110) Using 8 workers of 8 for evacuation
[2025-12-25T14:56:38.276+0000][gc,phases   ] GC(110)   Pre Evacuate Collection Set: 0.9ms
[2025-12-25T14:56:38.277+0000][gc,phases   ] GC(110)   Merge Heap Roots: 0.3ms
[2025-12-25T14:56:38.277+0000][gc,phases   ] GC(110)   Evacuate Collection Set: 5.1ms
[2025-12-25T14:56:38.277+0000][gc,phases   ] GC(110)   Post Evacuate Collection Set: 1.6ms
[2025-12-25T14:56:38.277+0000][gc,phases   ] GC(110)   Other: 0.4ms
[2025-12-25T14:56:38.277+0000][gc,heap     ] GC(110) Eden regions: 612->0(612)
[2025-12-25T14:56:38.277+0000][gc,heap     ] GC(110) Survivor regions: 2->2(77)
[2025-12-25T14:56:38.277+0000][gc,heap     ] GC(110) Old regions: 62->62
[2025-12-25T14:56:38.277+0000][gc,heap     ] GC(110) Humongous regions: 20->20
[2025-12-25T14:56:38.277+0000][gc,metaspace] GC(110) Metaspace: 12401K(12800K)->12401K(12800K) NonClass: 11313K(11456K)->11313K(11456K) Class: 1087K(1344K)->1087K(1344K)
[2025-12-25T14:56:38.277+0000][gc          ] GC(110) Pause Young (Normal) (G1 Evacuation Pause) 694M->83M(1024M) 9.707ms
[2025-12-25T14:56:38.277+0000][gc,cpu      ] GC(110) User=0.04s Sys=0.00s Real=0.01s
[2025-12-25T14:57:38.053+0000][gc,start    ] GC(111) Pause Young (Normal) (G1 Evacuation Pause)
[2025-12-25T14:57:38.053+0000][gc,task     ] GC(111) Using 8 workers of 8 for evacuation
[2025-12-25T14:57:38.067+0000][gc,phases   ] GC(111)   Pre Evacuate Collection Set: 1.4ms
[2025-12-25T14:57:38.067+0000][gc,phases   ] GC(111)   Merge Heap Roots: 0.2ms
[2025-12-25T14:57:38.067+0000][gc,phases   ] GC(111)   Evacuate Collection Set: 9.9ms
[2025-12-25T14:57:38.067+0000][gc,phases   ] GC(111)   Post Evacuate Collection Set: 1.6ms
[2025-12-25T14:57:38.067+0000][gc,phases   ] GC(111)   Other: 0.3ms
[2025-12-25T14:57:38.067+0000][gc,heap     ] GC(111) Eden regions: 612->0(612)
[2025-12-25T14:57:38.067+0000][gc,heap     ] GC(111) Survivor regions: 2->2(77)
[2025-12-25T14:57:38.067+0000][gc,heap     ] GC(111) Old regions: 62->62
[2025-12-25T14:57:38.067+0000][gc,heap     ] GC(111) Humongous regions: 20->20
[2025-12-25T14:57:38.067+0000][gc,metaspace] GC(111) Metaspace: 12401K(12800K)->12401K(12800K) NonClass: 11313K(11456K)->11313K(11456K) Class: 1087K(1344K)->1087K(1344K)
[2025-12-25T14:57:38.067+0000][gc          ] GC(111) Pause Young (Normal) (G1 Evacuation Pause) 695M->83M(1024M) 14.601ms
[2025-12-25T14:57:38.067+0000][gc,cpu      ] GC(111) User=0.05s Sys=0.00s Real=0.02s
[2025-12-25T14:58:37.880+0000][gc,start    ] GC(112) Pause Young (Normal) (G1 Evacuation Pause)
[2025-12-25T14:58:37.880+0000][gc,task     ] GC(112) Using 8 workers of 8 for evacuation
[2025-12-25T14:58:37.892+0000][gc,phases   ] GC(112)   Pre Evacuate Collection Set: 1.1ms
[2025-12-25T14:58:37.892+0000][gc,phases   ] GC(112)   Merge Heap Roots: 0.2ms
[2025-12-25T14:58:37.892+0000][gc,phases   ] GC(112)   Evacuate Collection Set: 5.4ms
[2025-12-25T14:58:37.892+0000][gc,phases   ] GC(112)   Post Evacuate Collection Set: 3.7ms
[2025-12-25T14:58:37.893+0000][gc,phases   ] GC(112)   Other: 0.6ms
[2025-12-25T14:58:37.893+0000][gc,heap     ] GC(112) Eden regions: 612->0(613)
[2025-12-25T14:58:37.893+0000][gc,heap     ] GC(112) Survivor regions: 2->1(77)
[2025-12-25T14:58:37.893+0000][gc,heap     ] GC(112) Old regions: 62->62
[2025-12-25T14:58:37.893+0000][gc,heap     ] GC(112) Humongous regions: 20->20
[2025-12-25T14:58:37.893+0000][gc,metaspace] GC(112) Metaspace: 12401K(12800K)->12401K(12800K) NonClass: 11313K(11456K)->11313K(11456K) Class: 1087K(1344K)->1087K(1344K)
[2025-12-25T14:58:37.893+0000][gc          ] GC(112) Pause Young (Normal) (G1 Evacuation Pause) 695M->82M(1024M) 13.386ms
[2025-12-25T14:58:37.894+0000][gc,cpu      ] GC(112) User=0.06s Sys=0.00s Real=0.01s
[2025-12-25T14:59:28.185+0000][gc,start    ] GC(113) Pause Young (Normal) (G1 Evacuation Pause)
[2025-12-25T14:59:28.186+0000][gc,task     ] GC(113) Using 8 workers of 8 for evacuation
[2025-12-25T14:59:28.197+0000][gc,phases   ] GC(113)   Pre Evacuate Collection Set: 1.3ms
[2025-12-25T14:59:28.197+0000][gc,phases   ] GC(113)   Merge Heap Roots: 0.2ms
[2025-12-25T14:59:28.197+0000][gc,phases   ] GC(113)   Evacuate Collection Set: 6.5ms
[2025-12-25T14:59:28.197+0000][gc,phases   ] GC(113)   Post Evacuate Collection Set: 2.4ms
[2025-12-25T14:59:28.197+0000][gc,phases   ] GC(113)   Other: 0.4ms
[2025-12-25T14:59:28.197+0000][gc,heap     ] GC(113) Eden regions: 613->0(612)
[2025-12-25T14:59:28.197+0000][gc,heap     ] GC(113) Survivor regions: 1->2(77)
[2025-12-25T14:59:28.197+0000][gc,heap     ] GC(113) Old regions: 62->62
[2025-12-25T14:59:28.198+0000][gc,heap     ] GC(113) Humongous regions: 20->20
[2025-12-25T14:59:28.198+0000][gc,metaspace] GC(113) Metaspace: 12401K(12800K)->12401K(12800K) NonClass: 11313K(11456K)->11313K(11456K) Class: 1088K(1344K)->1088K(1344K)
[2025-12-25T14:59:28.198+0000][gc          ] GC(113) Pause Young (Normal) (G1 Evacuation Pause) 695M->83M(1024M) 12.896ms
[2025-12-25T14:59:28.198+0000][gc,cpu      ] GC(113) User=0.05s Sys=0.01s Real=0.02s
[2025-12-25T15:00:28.001+0000][gc,start    ] GC(114) Pause Young (Normal) (G1 Evacuation Pause)
[2025-12-25T15:00:28.002+0000][gc,task     ] GC(114) Using 8 workers of 8 for evacuation
[2025-12-25T15:00:28.016+0000][gc,phases   ] GC(114)   Pre Evacuate Collection Set: 4.4ms
[2025-12-25T15:00:28.017+0000][gc,phases   ] GC(114)   Merge Heap Roots: 0.2ms
[2025-12-25T15:00:28.017+0000][gc,phases   ] GC(114)   Evacuate Collection Set: 7.7ms
[2025-12-25T15:00:28.017+0000][gc,phases   ] GC(114)   Post Evacuate Collection Set: 1.6ms
[2025-12-25T15:00:28.017+0000][gc,phases   ] GC(114)   Other: 0.5ms
[2025-12-25T15:00:28.017+0000][gc,heap     ] GC(114) Eden regions: 612->0(612)
[2025-12-25T15:00:28.017+0000][gc,heap     ] GC(114) Survivor regions: 2->2(77)
[2025-12-25T15:00:28.017+0000][gc,heap     ] GC(114) Old regions: 62->62
[2025-12-25T15:00:28.017+0000][gc,heap     ] GC(114) Humongous regions: 20->20
[2025-12-25T15:00:28.017+0000][gc,metaspace] GC(114) Metaspace: 12401K(12800K)->12401K(12800K) NonClass: 11313K(11456K)->11313K(11456K) Class: 1088K(1344K)->1088K(1344K)
[2025-12-25T15:00:28.017+0000][gc          ] GC(114) Pause Young (Normal) (G1 Evacuation Pause) 695M->82M(1024M) 16.581ms
[2025-12-25T15:00:28.017+0000][gc,cpu      ] GC(114) User=0.05s Sys=0.01s Real=0.02s
[2025-12-25T15:01:18.215+0000][gc,start    ] GC(115) Pause Young (Normal) (G1 Evacuation Pause)
[2025-12-25T15:01:18.215+0000][gc,task     ] GC(115) Using 8 workers of 8 for evacuation
[2025-12-25T15:01:18.227+0000][gc,phases   ] GC(115)   Pre Evacuate Collection Set: 0.9ms
[2025-12-25T15:01:18.227+0000][gc,phases   ] GC(115)   Merge Heap Roots: 0.2ms
[2025-12-25T15:01:18.227+0000][gc,phases   ] GC(115)   Evacuate Collection Set: 7.1ms
[2025-12-25T15:01:18.227+0000][gc,phases   ] GC(115)   Post Evacuate Collection Set: 2.5ms
[2025-12-25T15:01:18.227+0000][gc,phases   ] GC(115)   Other: 0.6ms
[2025-12-25T15:01:18.227+0000][gc,heap     ] GC(115) Eden regions: 612->0(612)
[2025-12-25T15:01:18.227+0000][gc,heap     ] GC(115) Survivor regions: 2->2(77)
[2025-12-25T15:01:18.227+0000][gc,heap     ] GC(115) Old regions: 62->62
[2025-12-25T15:01:18.227+0000][gc,heap     ] GC(115) Humongous regions: 20->20
[2025-12-25T15:01:18.227+0000][gc,metaspace] GC(115) Metaspace: 12401K(12800K)->12401K(12800K) NonClass: 11313K(11456K)->11313K(11456K) Class: 1088K(1344K)->1088K(1344K)
[2025-12-25T15:01:18.228+0000][gc          ] GC(115) Pause Young (Normal) (G1 Evacuation Pause) 694M->83M(1024M) 13.215ms
[2025-12-25T15:01:18.228+0000][gc,cpu      ] GC(115) User=0.06s Sys=0.00s Real=0.01s
[2025-12-25T15:02:18.029+0000][gc,start    ] GC(116) Pause Young (Normal) (G1 Evacuation Pause)
[2025-12-25T15:02:18.030+0000][gc,task     ] GC(116) Using 8 workers of 8 for evacuation
[2025-12-25T15:02:18.044+0000][gc,phases   ] GC(116)   Pre Evacuate Collection Set: 1.0ms
[2025-12-25T15:02:18.044+0000][gc,phases   ] GC(116)   Merge Heap Roots: 0.2ms
[2025-12-25T15:02:18.044+0000][gc,phases   ] GC(116)   Evacuate Collection Set: 11.4ms
[2025-12-25T15:02:18.045+0000][gc,phases   ] GC(116)   Post Evacuate Collection Set: 1.6ms
[2025-12-25T15:02:18.045+0000][gc,phases   ] GC(116)   Other: 0.4ms
[2025-12-25T15:02:18.045+0000][gc,heap     ] GC(116) Eden regions: 612->0(612)
[2025-12-25T15:02:18.045+0000][gc,heap     ] GC(116) Survivor regions: 2->2(77)
[2025-12-25T15:02:18.045+0000][gc,heap     ] GC(116) Old regions: 62->62
[2025-12-25T15:02:18.045+0000][gc,heap     ] GC(116) Humongous regions: 20->20
[2025-12-25T15:02:18.045+0000][gc,metaspace] GC(116) Metaspace: 12401K(12800K)->12401K(12800K) NonClass: 11313K(11456K)->11313K(11456K) Class: 1088K(1344K)->1088K(1344K)
[2025-12-25T15:02:18.045+0000][gc          ] GC(116) Pause Young (Normal) (G1 Evacuation Pause) 695M->83M(1024M) 16.401ms
[2025-12-25T15:02:18.045+0000][gc,cpu      ] GC(116) User=0.09s Sys=0.00s Real=0.02s
[2025-12-25T15:03:17.858+0000][gc,start    ] GC(117) Pause Young (Normal) (G1 Evacuation Pause)
[2025-12-25T15:03:17.858+0000][gc,task     ] GC(117) Using 8 workers of 8 for evacuation
[2025-12-25T15:03:17.864+0000][gc,phases   ] GC(117)   Pre Evacuate Collection Set: 1.0ms
[2025-12-25T15:03:17.865+0000][gc,phases   ] GC(117)   Merge Heap Roots: 0.3ms
[2025-12-25T15:03:17.865+0000][gc,phases   ] GC(117)   Evacuate Collection Set: 3.3ms
[2025-12-25T15:03:17.865+0000][gc,phases   ] GC(117)   Post Evacuate Collection Set: 1.3ms
[2025-12-25T15:03:17.865+0000][gc,phases   ] GC(117)   Other: 0.3ms
[2025-12-25T15:03:17.865+0000][gc,heap     ] GC(117) Eden regions: 612->0(613)
[2025-12-25T15:03:17.865+0000][gc,heap     ] GC(117) Survivor regions: 2->1(77)
[2025-12-25T15:03:17.865+0000][gc,heap     ] GC(117) Old regions: 62->62
[2025-12-25T15:03:17.865+0000][gc,heap     ] GC(117) Humongous regions: 20->20
[2025-12-25T15:03:17.865+0000][gc,metaspace] GC(117) Metaspace: 12401K(12800K)->12401K(12800K) NonClass: 11313K(11456K)->11313K(11456K) Class: 1088K(1344K)->1088K(1344K)
[2025-12-25T15:03:17.865+0000][gc          ] GC(117) Pause Young (Normal) (G1 Evacuation Pause) 695M->82M(1024M) 7.673ms
[2025-12-25T15:03:17.865+0000][gc,cpu      ] GC(117) User=0.04s Sys=0.00s Real=0.01s
[2025-12-25T15:04:08.118+0000][gc,start    ] GC(118) Pause Young (Normal) (G1 Evacuation Pause)
[2025-12-25T15:04:08.121+0000][gc,task     ] GC(118) Using 8 workers of 8 for evacuation
[2025-12-25T15:04:08.139+0000][gc,phases   ] GC(118)   Pre Evacuate Collection Set: 6.1ms
[2025-12-25T15:04:08.139+0000][gc,phases   ] GC(118)   Merge Heap Roots: 0.3ms
[2025-12-25T15:04:08.139+0000][gc,phases   ] GC(118)   Evacuate Collection Set: 6.8ms
[2025-12-25T15:04:08.139+0000][gc,phases   ] GC(118)   Post Evacuate Collection Set: 3.3ms
[2025-12-25T15:04:08.139+0000][gc,phases   ] GC(118)   Other: 2.1ms
[2025-12-25T15:04:08.140+0000][gc,heap     ] GC(118) Eden regions: 613->0(612)
[2025-12-25T15:04:08.140+0000][gc,heap     ] GC(118) Survivor regions: 1->2(77)
[2025-12-25T15:04:08.140+0000][gc,heap     ] GC(118) Old regions: 62->62
[2025-12-25T15:04:08.140+0000][gc,heap     ] GC(118) Humongous regions: 20->20
[2025-12-25T15:04:08.140+0000][gc,metaspace] GC(118) Metaspace: 12401K(12800K)->12401K(12800K) NonClass: 11313K(11456K)->11313K(11456K) Class: 1088K(1344K)->1088K(1344K)
[2025-12-25T15:04:08.140+0000][gc          ] GC(118) Pause Young (Normal) (G1 Evacuation Pause) 695M->83M(1024M) 22.579ms
[2025-12-25T15:04:08.140+0000][gc,cpu      ] GC(118) User=0.08s Sys=0.00s Real=0.03s
[2025-12-25T15:05:07.889+0000][gc,start    ] GC(119) Pause Young (Normal) (G1 Evacuation Pause)
[2025-12-25T15:05:07.891+0000][gc,task     ] GC(119) Using 8 workers of 8 for evacuation
[2025-12-25T15:05:07.902+0000][gc,phases   ] GC(119)   Pre Evacuate Collection Set: 2.3ms
[2025-12-25T15:05:07.902+0000][gc,phases   ] GC(119)   Merge Heap Roots: 0.6ms
[2025-12-25T15:05:07.902+0000][gc,phases   ] GC(119)   Evacuate Collection Set: 6.8ms
[2025-12-25T15:05:07.902+0000][gc,phases   ] GC(119)   Post Evacuate Collection Set: 1.1ms
[2025-12-25T15:05:07.902+0000][gc,phases   ] GC(119)   Other: 0.9ms
[2025-12-25T15:05:07.902+0000][gc,heap     ] GC(119) Eden regions: 612->0(613)
[2025-12-25T15:05:07.902+0000][gc,heap     ] GC(119) Survivor regions: 2->1(77)
[2025-12-25T15:05:07.902+0000][gc,heap     ] GC(119) Old regions: 62->63
[2025-12-25T15:05:07.902+0000][gc,heap     ] GC(119) Humongous regions: 20->20
[2025-12-25T15:05:07.902+0000][gc,metaspace] GC(119) Metaspace: 12401K(12800K)->12401K(12800K) NonClass: 11313K(11456K)->11313K(11456K) Class: 1088K(1344K)->1088K(1344K)
[2025-12-25T15:05:07.902+0000][gc          ] GC(119) Pause Young (Normal) (G1 Evacuation Pause) 695M->82M(1024M) 13.362ms
[2025-12-25T15:05:07.902+0000][gc,cpu      ] GC(119) User=0.06s Sys=0.00s Real=0.02s
[2025-12-25T15:05:58.101+0000][gc,start    ] GC(120) Pause Young (Normal) (G1 Evacuation Pause)
[2025-12-25T15:05:58.102+0000][gc,task     ] GC(120) Using 8 workers of 8 for evacuation
[2025-12-25T15:05:58.123+0000][gc,phases   ] GC(120)   Pre Evacuate Collection Set: 0.9ms
[2025-12-25T15:05:58.123+0000][gc,phases   ] GC(120)   Merge Heap Roots: 0.2ms
[2025-12-25T15:05:58.123+0000][gc,phases   ] GC(120)   Evacuate Collection Set: 17.3ms
[2025-12-25T15:05:58.123+0000][gc,phases   ] GC(120)   Post Evacuate Collection Set: 2.8ms
[2025-12-25T15:05:58.124+0000][gc,phases   ] GC(120)   Other: 0.2ms
[2025-12-25T15:05:58.124+0000][gc,heap     ] GC(120) Eden regions: 613->0(612)
[2025-12-25T15:05:58.124+0000][gc,heap     ] GC(120) Survivor regions: 1->2(77)
[2025-12-25T15:05:58.124+0000][gc,heap     ] GC(120) Old regions: 63->63
[2025-12-25T15:05:58.124+0000][gc,heap     ] GC(120) Humongous regions: 20->20
[2025-12-25T15:05:58.124+0000][gc,metaspace] GC(120) Metaspace: 12431K(12864K)->12431K(12864K) NonClass: 11343K(11520K)->11343K(11520K) Class: 1088K(1344K)->1088K(1344K)
[2025-12-25T15:05:58.124+0000][gc          ] GC(120) Pause Young (Normal) (G1 Evacuation Pause) 695M->83M(1024M) 22.440ms
[2025-12-25T15:05:58.124+0000][gc,cpu      ] GC(120) User=0.13s Sys=0.00s Real=0.02s
[2025-12-25T15:06:57.958+0000][gc,start    ] GC(121) Pause Young (Normal) (G1 Evacuation Pause)
[2025-12-25T15:06:57.958+0000][gc,task     ] GC(121) Using 8 workers of 8 for evacuation
[2025-12-25T15:06:57.977+0000][gc,phases   ] GC(121)   Pre Evacuate Collection Set: 2.7ms
[2025-12-25T15:06:57.978+0000][gc,phases   ] GC(121)   Merge Heap Roots: 0.5ms
[2025-12-25T15:06:57.978+0000][gc,phases   ] GC(121)   Evacuate Collection Set: 10.2ms
[2025-12-25T15:06:57.978+0000][gc,phases   ] GC(121)   Post Evacuate Collection Set: 4.4ms
[2025-12-25T15:06:57.978+0000][gc,phases   ] GC(121)   Other: 1.3ms
[2025-12-25T15:06:57.978+0000][gc,heap     ] GC(121) Eden regions: 612->0(612)
[2025-12-25T15:06:57.978+0000][gc,heap     ] GC(121) Survivor regions: 2->2(77)
[2025-12-25T15:06:57.978+0000][gc,heap     ] GC(121) Old regions: 63->63
[2025-12-25T15:06:57.978+0000][gc,heap     ] GC(121) Humongous regions: 20->20
[2025-12-25T15:06:57.978+0000][gc,metaspace] GC(121) Metaspace: 12431K(12864K)->12431K(12864K) NonClass: 11343K(11520K)->11343K(11520K) Class: 1088K(1344K)->1088K(1344K)
[2025-12-25T15:06:57.978+0000][gc          ] GC(121) Pause Young (Normal) (G1 Evacuation Pause) 695M->83M(1024M) 21.000ms
[2025-12-25T15:06:57.979+0000][gc,cpu      ] GC(121) User=0.08s Sys=0.01s Real=0.02s
[2025-12-25T15:07:48.274+0000][gc,start    ] GC(122) Pause Young (Normal) (G1 Evacuation Pause)
[2025-12-25T15:07:48.276+0000][gc,task     ] GC(122) Using 8 workers of 8 for evacuation
[2025-12-25T15:07:48.297+0000][gc,phases   ] GC(122)   Pre Evacuate Collection Set: 3.6ms
[2025-12-25T15:07:48.297+0000][gc,phases   ] GC(122)   Merge Heap Roots: 0.5ms
[2025-12-25T15:07:48.297+0000][gc,phases   ] GC(122)   Evacuate Collection Set: 9.6ms
[2025-12-25T15:07:48.297+0000][gc,phases   ] GC(122)   Post Evacuate Collection Set: 5.9ms
[2025-12-25T15:07:48.297+0000][gc,phases   ] GC(122)   Other: 1.0ms
[2025-12-25T15:07:48.297+0000][gc,heap     ] GC(122) Eden regions: 612->0(612)
[2025-12-25T15:07:48.298+0000][gc,heap     ] GC(122) Survivor regions: 2->2(77)
[2025-12-25T15:07:48.298+0000][gc,heap     ] GC(122) Old regions: 63->63
[2025-12-25T15:07:48.298+0000][gc,heap     ] GC(122) Humongous regions: 20->20
[2025-12-25T15:07:48.298+0000][gc,metaspace] GC(122) Metaspace: 12431K(12864K)->12431K(12864K) NonClass: 11343K(11520K)->11343K(11520K) Class: 1088K(1344K)->1088K(1344K)
[2025-12-25T15:07:48.298+0000][gc          ] GC(122) Pause Young (Normal) (G1 Evacuation Pause) 695M->83M(1024M) 25.239ms
[2025-12-25T15:07:48.298+0000][gc,cpu      ] GC(122) User=0.10s Sys=0.00s Real=0.02s
[2025-12-25T15:08:48.024+0000][gc,start    ] GC(123) Pause Young (Normal) (G1 Evacuation Pause)
[2025-12-25T15:08:48.025+0000][gc,task     ] GC(123) Using 8 workers of 8 for evacuation
[2025-12-25T15:08:48.039+0000][gc,phases   ] GC(123)   Pre Evacuate Collection Set: 6.3ms
[2025-12-25T15:08:48.040+0000][gc,phases   ] GC(123)   Merge Heap Roots: 0.2ms
[2025-12-25T15:08:48.040+0000][gc,phases   ] GC(123)   Evacuate Collection Set: 4.5ms
[2025-12-25T15:08:48.040+0000][gc,phases   ] GC(123)   Post Evacuate Collection Set: 2.8ms
[2025-12-25T15:08:48.041+0000][gc,phases   ] GC(123)   Other: 0.2ms
[2025-12-25T15:08:48.042+0000][gc,heap     ] GC(123) Eden regions: 612->0(612)
[2025-12-25T15:08:48.042+0000][gc,heap     ] GC(123) Survivor regions: 2->2(77)
[2025-12-25T15:08:48.042+0000][gc,heap     ] GC(123) Old regions: 63->63
[2025-12-25T15:08:48.045+0000][gc,heap     ] GC(123) Humongous regions: 20->20
[2025-12-25T15:08:48.045+0000][gc,metaspace] GC(123) Metaspace: 12431K(12864K)->12431K(12864K) NonClass: 11343K(11520K)->11343K(11520K) Class: 1088K(1344K)->1088K(1344K)
[2025-12-25T15:08:48.045+0000][gc          ] GC(123) Pause Young (Normal) (G1 Evacuation Pause) 695M->83M(1024M) 21.007ms
[2025-12-25T15:08:48.046+0000][gc,cpu      ] GC(123) User=0.07s Sys=0.00s Real=0.02s
[2025-12-25T15:09:47.855+0000][gc,start    ] GC(124) Pause Young (Normal) (G1 Evacuation Pause)
[2025-12-25T15:09:47.856+0000][gc,task     ] GC(124) Using 8 workers of 8 for evacuation
[2025-12-25T15:09:47.885+0000][gc,phases   ] GC(124)   Pre Evacuate Collection Set: 5.3ms
[2025-12-25T15:09:47.885+0000][gc,phases   ] GC(124)   Merge Heap Roots: 0.3ms
[2025-12-25T15:09:47.885+0000][gc,phases   ] GC(124)   Evacuate Collection Set: 20.7ms
[2025-12-25T15:09:47.885+0000][gc,phases   ] GC(124)   Post Evacuate Collection Set: 2.1ms
[2025-12-25T15:09:47.885+0000][gc,phases   ] GC(124)   Other: 0.6ms
[2025-12-25T15:09:47.885+0000][gc,heap     ] GC(124) Eden regions: 612->0(613)
[2025-12-25T15:09:47.885+0000][gc,heap     ] GC(124) Survivor regions: 2->1(77)
[2025-12-25T15:09:47.885+0000][gc,heap     ] GC(124) Old regions: 63->63
[2025-12-25T15:09:47.886+0000][gc,heap     ] GC(124) Humongous regions: 20->20
[2025-12-25T15:09:47.886+0000][gc,metaspace] GC(124) Metaspace: 12431K(12864K)->12431K(12864K) NonClass: 11343K(11520K)->11343K(11520K) Class: 1088K(1344K)->1088K(1344K)
[2025-12-25T15:09:47.886+0000][gc          ] GC(124) Pause Young (Normal) (G1 Evacuation Pause) 695M->82M(1024M) 30.357ms
[2025-12-25T15:09:47.886+0000][gc,cpu      ] GC(124) User=0.18s Sys=0.01s Real=0.03s
[2025-12-25T15:10:38.132+0000][gc,start    ] GC(125) Pause Young (Normal) (G1 Evacuation Pause)
[2025-12-25T15:10:38.132+0000][gc,task     ] GC(125) Using 8 workers of 8 for evacuation
[2025-12-25T15:10:38.145+0000][gc,phases   ] GC(125)   Pre Evacuate Collection Set: 1.9ms
[2025-12-25T15:10:38.145+0000][gc,phases   ] GC(125)   Merge Heap Roots: 0.3ms
[2025-12-25T15:10:38.145+0000][gc,phases   ] GC(125)   Evacuate Collection Set: 8.6ms
[2025-12-25T15:10:38.145+0000][gc,phases   ] GC(125)   Post Evacuate Collection Set: 1.9ms
[2025-12-25T15:10:38.146+0000][gc,phases   ] GC(125)   Other: 0.3ms
[2025-12-25T15:10:38.146+0000][gc,heap     ] GC(125) Eden regions: 613->0(612)
[2025-12-25T15:10:38.146+0000][gc,heap     ] GC(125) Survivor regions: 1->2(77)
[2025-12-25T15:10:38.146+0000][gc,heap     ] GC(125) Old regions: 63->63
[2025-12-25T15:10:38.146+0000][gc,heap     ] GC(125) Humongous regions: 20->20
[2025-12-25T15:10:38.146+0000][gc,metaspace] GC(125) Metaspace: 12431K(12864K)->12431K(12864K) NonClass: 11343K(11520K)->11343K(11520K) Class: 1088K(1344K)->1088K(1344K)
[2025-12-25T15:10:38.146+0000][gc          ] GC(125) Pause Young (Normal) (G1 Evacuation Pause) 695M->83M(1024M) 14.303ms
[2025-12-25T15:10:38.146+0000][gc,cpu      ] GC(125) User=0.06s Sys=0.00s Real=0.02s
[2025-12-25T15:11:37.942+0000][gc,start    ] GC(126) Pause Young (Normal) (G1 Evacuation Pause)
[2025-12-25T15:11:37.943+0000][gc,task     ] GC(126) Using 8 workers of 8 for evacuation
[2025-12-25T15:11:37.961+0000][gc,phases   ] GC(126)   Pre Evacuate Collection Set: 7.0ms
[2025-12-25T15:11:37.961+0000][gc,phases   ] GC(126)   Merge Heap Roots: 0.5ms
[2025-12-25T15:11:37.961+0000][gc,phases   ] GC(126)   Evacuate Collection Set: 6.8ms
[2025-12-25T15:11:37.961+0000][gc,phases   ] GC(126)   Post Evacuate Collection Set: 2.1ms
[2025-12-25T15:11:37.961+0000][gc,phases   ] GC(126)   Other: 1.2ms
[2025-12-25T15:11:37.962+0000][gc,heap     ] GC(126) Eden regions: 612->0(612)
[2025-12-25T15:11:37.962+0000][gc,heap     ] GC(126) Survivor regions: 2->2(77)
[2025-12-25T15:11:37.962+0000][gc,heap     ] GC(126) Old regions: 63->63
[2025-12-25T15:11:37.962+0000][gc,heap     ] GC(126) Humongous regions: 20->20
[2025-12-25T15:11:37.962+0000][gc,metaspace] GC(126) Metaspace: 12431K(12864K)->12431K(12864K) NonClass: 11343K(11520K)->11343K(11520K) Class: 1088K(1344K)->1088K(1344K)
[2025-12-25T15:11:37.964+0000][gc          ] GC(126) Pause Young (Normal) (G1 Evacuation Pause) 695M->83M(1024M) 21.643ms
[2025-12-25T15:11:37.964+0000][gc,cpu      ] GC(126) User=0.08s Sys=0.01s Real=0.03s
[2025-12-25T15:12:28.228+0000][gc,start    ] GC(127) Pause Young (Normal) (G1 Evacuation Pause)
[2025-12-25T15:12:28.228+0000][gc,task     ] GC(127) Using 8 workers of 8 for evacuation
[2025-12-25T15:12:28.235+0000][gc,phases   ] GC(127)   Pre Evacuate Collection Set: 1.1ms
[2025-12-25T15:12:28.235+0000][gc,phases   ] GC(127)   Merge Heap Roots: 0.2ms
[2025-12-25T15:12:28.235+0000][gc,phases   ] GC(127)   Evacuate Collection Set: 3.8ms
[2025-12-25T15:12:28.235+0000][gc,phases   ] GC(127)   Post Evacuate Collection Set: 1.2ms
[2025-12-25T15:12:28.235+0000][gc,phases   ] GC(127)   Other: 0.2ms
[2025-12-25T15:12:28.235+0000][gc,heap     ] GC(127) Eden regions: 612->0(612)
[2025-12-25T15:12:28.235+0000][gc,heap     ] GC(127) Survivor regions: 2->2(77)
[2025-12-25T15:12:28.235+0000][gc,heap     ] GC(127) Old regions: 63->63
[2025-12-25T15:12:28.235+0000][gc,heap     ] GC(127) Humongous regions: 20->20
[2025-12-25T15:12:28.235+0000][gc,metaspace] GC(127) Metaspace: 12431K(12864K)->12431K(12864K) NonClass: 11343K(11520K)->11343K(11520K) Class: 1088K(1344K)->1088K(1344K)
[2025-12-25T15:12:28.236+0000][gc          ] GC(127) Pause Young (Normal) (G1 Evacuation Pause) 695M->84M(1024M) 7.571ms
[2025-12-25T15:12:28.236+0000][gc,cpu      ] GC(127) User=0.03s Sys=0.01s Real=0.01s
