[2025-12-24T10:26:40.970+0000][gc,init] CardTable entry size: 512
[2025-12-24T10:26:40.978+0000][gc     ] Using G1
[2025-12-24T10:26:41.022+0000][gc,init] Version: 21.0.4+7-LTS (release)
[2025-12-24T10:26:41.022+0000][gc,init] CPUs: 8 total, 8 available
[2025-12-24T10:26:41.022+0000][gc,init] Memory: 13709M
[2025-12-24T10:26:41.022+0000][gc,init] Large Page Support: Disabled
[2025-12-24T10:26:41.024+0000][gc,init] NUMA Support: Disabled
[2025-12-24T10:26:41.025+0000][gc,init] Compressed Oops: Enabled (32-bit)
[2025-12-24T10:26:41.025+0000][gc,init] Heap Region Size: 1M
[2025-12-24T10:26:41.025+0000][gc,init] Heap Min Capacity: 1G
[2025-12-24T10:26:41.025+0000][gc,init] Heap Initial Capacity: 1G
[2025-12-24T10:26:41.025+0000][gc,init] Heap Max Capacity: 1G
[2025-12-24T10:26:41.025+0000][gc,init] Pre-touch: Disabled
[2025-12-24T10:26:41.025+0000][gc,init] Parallel Workers: 8
[2025-12-24T10:26:41.025+0000][gc,init] Concurrent Workers: 2
[2025-12-24T10:26:41.026+0000][gc,init] Concurrent Refinement Workers: 8
[2025-12-24T10:26:41.026+0000][gc,init] Periodic GC: Disabled
[2025-12-24T10:26:41.192+0000][gc,metaspace] CDS archive(s) mapped at: [0x000000c000000000-0x000000c000bd0000-0x000000c0036b0000), size 57344000, SharedBaseAddress: 0x000000c000000000, ArchiveRelocationMode: 1.
[2025-12-24T10:26:41.192+0000][gc,metaspace] Compressed class space mapped at: 0x000000c004000000-0x000000c044000000, reserved size: 1073741824
[2025-12-24T10:26:41.195+0000][gc,metaspace] Narrow klass base: 0x000000c000000000, Narrow klass shift: 0, Narrow klass range: 0x100000000
[2025-12-24T10:26:49.076+0000][gc,start    ] GC(0) Pause Young (Normal) (G1 Evacuation Pause)
[2025-12-24T10:26:49.103+0000][gc,task     ] GC(0) Using 8 workers of 8 for evacuation
[2025-12-24T10:26:49.296+0000][gc,phases   ] GC(0)   Pre Evacuate Collection Set: 29.3ms
[2025-12-24T10:26:49.297+0000][gc,phases   ] GC(0)   Merge Heap Roots: 9.1ms
[2025-12-24T10:26:49.297+0000][gc,phases   ] GC(0)   Evacuate Collection Set: 147.5ms
[2025-12-24T10:26:49.298+0000][gc,phases   ] GC(0)   Post Evacuate Collection Set: 1.8ms
[2025-12-24T10:26:49.298+0000][gc,phases   ] GC(0)   Other: 26.6ms
[2025-12-24T10:26:49.298+0000][gc,heap     ] GC(0) Eden regions: 51->0(44)
[2025-12-24T10:26:49.300+0000][gc,heap     ] GC(0) Survivor regions: 0->7(7)
[2025-12-24T10:26:49.300+0000][gc,heap     ] GC(0) Old regions: 1->7
[2025-12-24T10:26:49.300+0000][gc,heap     ] GC(0) Humongous regions: 0->0
[2025-12-24T10:26:49.300+0000][gc,metaspace] GC(0) Metaspace: 5289K(5504K)->5289K(5504K) NonClass: 4659K(4800K)->4659K(4800K) Class: 630K(704K)->630K(704K)
[2025-12-24T10:26:49.300+0000][gc          ] GC(0) Pause Young (Normal) (G1 Evacuation Pause) 51M->13M(1024M) 224.420ms
[2025-12-24T10:26:49.301+0000][gc,cpu      ] GC(0) User=0.10s Sys=0.07s Real=0.23s
[2025-12-24T10:26:50.787+0000][gc,start    ] GC(1) Pause Young (Normal) (G1 Evacuation Pause)
[2025-12-24T10:26:50.791+0000][gc,task     ] GC(1) Using 8 workers of 8 for evacuation
[2025-12-24T10:26:50.829+0000][gc,phases   ] GC(1)   Pre Evacuate Collection Set: 0.6ms
[2025-12-24T10:26:50.830+0000][gc,phases   ] GC(1)   Merge Heap Roots: 0.3ms
[2025-12-24T10:26:50.831+0000][gc,phases   ] GC(1)   Evacuate Collection Set: 33.2ms
[2025-12-24T10:26:50.831+0000][gc,phases   ] GC(1)   Post Evacuate Collection Set: 3.4ms
[2025-12-24T10:26:50.831+0000][gc,phases   ] GC(1)   Other: 0.3ms
[2025-12-24T10:26:50.831+0000][gc,heap     ] GC(1) Eden regions: 44->0(48)
[2025-12-24T10:26:50.831+0000][gc,heap     ] GC(1) Survivor regions: 7->3(7)
[2025-12-24T10:26:50.831+0000][gc,heap     ] GC(1) Old regions: 7->14
[2025-12-24T10:26:50.831+0000][gc,heap     ] GC(1) Humongous regions: 11->11
[2025-12-24T10:26:50.831+0000][gc,metaspace] GC(1) Metaspace: 6386K(6656K)->6386K(6656K) NonClass: 5637K(5760K)->5637K(5760K) Class: 749K(896K)->749K(896K)
[2025-12-24T10:26:50.831+0000][gc          ] GC(1) Pause Young (Normal) (G1 Evacuation Pause) 68M->26M(1024M) 44.243ms
[2025-12-24T10:26:50.835+0000][gc,cpu      ] GC(1) User=0.04s Sys=0.01s Real=0.05s
[2025-12-24T10:26:53.379+0000][gc,start    ] GC(2) Pause Young (Normal) (G1 Evacuation Pause)
[2025-12-24T10:26:53.400+0000][gc,task     ] GC(2) Using 8 workers of 8 for evacuation
[2025-12-24T10:26:53.462+0000][gc,phases   ] GC(2)   Pre Evacuate Collection Set: 12.9ms
[2025-12-24T10:26:53.467+0000][gc,phases   ] GC(2)   Merge Heap Roots: 0.1ms
[2025-12-24T10:26:53.467+0000][gc,phases   ] GC(2)   Evacuate Collection Set: 41.4ms
[2025-12-24T10:26:53.467+0000][gc,phases   ] GC(2)   Post Evacuate Collection Set: 6.8ms
[2025-12-24T10:26:53.467+0000][gc,phases   ] GC(2)   Other: 0.8ms
[2025-12-24T10:26:53.468+0000][gc,heap     ] GC(2) Eden regions: 49->0(105)
[2025-12-24T10:26:53.468+0000][gc,heap     ] GC(2) Survivor regions: 3->3(7)
[2025-12-24T10:26:53.468+0000][gc,heap     ] GC(2) Old regions: 14->14
[2025-12-24T10:26:53.468+0000][gc,heap     ] GC(2) Humongous regions: 20->20
[2025-12-24T10:26:53.468+0000][gc,metaspace] GC(2) Metaspace: 6863K(7168K)->6863K(7168K) NonClass: 6058K(6208K)->6058K(6208K) Class: 804K(960K)->804K(960K)
[2025-12-24T10:26:53.469+0000][gc          ] GC(2) Pause Young (Normal) (G1 Evacuation Pause) 84M->35M(1024M) 89.905ms
[2025-12-24T10:26:53.469+0000][gc,cpu      ] GC(2) User=0.05s Sys=0.00s Real=0.10s
[2025-12-24T10:26:59.567+0000][gc,start    ] GC(3) Pause Young (Normal) (G1 Evacuation Pause)
[2025-12-24T10:26:59.570+0000][gc,task     ] GC(3) Using 8 workers of 8 for evacuation
[2025-12-24T10:26:59.599+0000][gc,phases   ] GC(3)   Pre Evacuate Collection Set: 2.4ms
[2025-12-24T10:26:59.599+0000][gc,phases   ] GC(3)   Merge Heap Roots: 0.2ms
[2025-12-24T10:26:59.599+0000][gc,phases   ] GC(3)   Evacuate Collection Set: 21.7ms
[2025-12-24T10:26:59.599+0000][gc,phases   ] GC(3)   Post Evacuate Collection Set: 0.9ms
[2025-12-24T10:26:59.599+0000][gc,phases   ] GC(3)   Other: 3.9ms
[2025-12-24T10:26:59.599+0000][gc,heap     ] GC(3) Eden regions: 110->0(189)
[2025-12-24T10:26:59.599+0000][gc,heap     ] GC(3) Survivor regions: 3->5(15)
[2025-12-24T10:26:59.599+0000][gc,heap     ] GC(3) Old regions: 14->14
[2025-12-24T10:26:59.600+0000][gc,heap     ] GC(3) Humongous regions: 20->20
[2025-12-24T10:26:59.600+0000][gc,metaspace] GC(3) Metaspace: 8670K(9024K)->8670K(9024K) NonClass: 7685K(7872K)->7685K(7872K) Class: 985K(1152K)->985K(1152K)
[2025-12-24T10:26:59.600+0000][gc          ] GC(3) Pause Young (Normal) (G1 Evacuation Pause) 145M->37M(1024M) 33.374ms
[2025-12-24T10:26:59.600+0000][gc,cpu      ] GC(3) User=0.10s Sys=0.04s Real=0.03s
[2025-12-24T10:27:19.285+0000][gc,start    ] GC(4) Pause Young (Normal) (G1 Evacuation Pause)
[2025-12-24T10:27:19.285+0000][gc,task     ] GC(4) Using 8 workers of 8 for evacuation
[2025-12-24T10:27:19.297+0000][gc,phases   ] GC(4)   Pre Evacuate Collection Set: 2.3ms
[2025-12-24T10:27:19.297+0000][gc,phases   ] GC(4)   Merge Heap Roots: 0.3ms
[2025-12-24T10:27:19.297+0000][gc,phases   ] GC(4)   Evacuate Collection Set: 8.0ms
[2025-12-24T10:27:19.298+0000][gc,phases   ] GC(4)   Post Evacuate Collection Set: 0.9ms
[2025-12-24T10:27:19.298+0000][gc,phases   ] GC(4)   Other: 0.4ms
[2025-12-24T10:27:19.298+0000][gc,heap     ] GC(4) Eden regions: 193->0(539)
[2025-12-24T10:27:19.298+0000][gc,heap     ] GC(4) Survivor regions: 5->5(25)
[2025-12-24T10:27:19.298+0000][gc,heap     ] GC(4) Old regions: 14->14
[2025-12-24T10:27:19.298+0000][gc,heap     ] GC(4) Humongous regions: 20->20
[2025-12-24T10:27:19.298+0000][gc,metaspace] GC(4) Metaspace: 9353K(9664K)->9353K(9664K) NonClass: 8366K(8512K)->8366K(8512K) Class: 987K(1152K)->987K(1152K)
[2025-12-24T10:27:19.298+0000][gc          ] GC(4) Pause Young (Normal) (G1 Evacuation Pause) 230M->37M(1024M) 12.834ms
[2025-12-24T10:27:19.298+0000][gc,cpu      ] GC(4) User=0.06s Sys=0.01s Real=0.01s
[2025-12-24T10:28:09.277+0000][gc,start    ] GC(5) Pause Young (Normal) (G1 Evacuation Pause)
[2025-12-24T10:28:09.277+0000][gc,task     ] GC(5) Using 8 workers of 8 for evacuation
[2025-12-24T10:28:09.287+0000][gc,phases   ] GC(5)   Pre Evacuate Collection Set: 0.9ms
[2025-12-24T10:28:09.287+0000][gc,phases   ] GC(5)   Merge Heap Roots: 0.2ms
[2025-12-24T10:28:09.288+0000][gc,phases   ] GC(5)   Evacuate Collection Set: 8.0ms
[2025-12-24T10:28:09.288+0000][gc,phases   ] GC(5)   Post Evacuate Collection Set: 0.9ms
[2025-12-24T10:28:09.288+0000][gc,phases   ] GC(5)   Other: 0.2ms
[2025-12-24T10:28:09.288+0000][gc,heap     ] GC(5) Eden regions: 548->0(608)
[2025-12-24T10:28:09.288+0000][gc,heap     ] GC(5) Survivor regions: 5->6(70)
[2025-12-24T10:28:09.288+0000][gc,heap     ] GC(5) Old regions: 14->14
[2025-12-24T10:28:09.288+0000][gc,heap     ] GC(5) Humongous regions: 20->20
[2025-12-24T10:28:09.288+0000][gc,metaspace] GC(5) Metaspace: 9777K(10112K)->9777K(10112K) NonClass: 8780K(8960K)->8780K(8960K) Class: 996K(1152K)->996K(1152K)
[2025-12-24T10:28:09.288+0000][gc          ] GC(5) Pause Young (Normal) (G1 Evacuation Pause) 585M->38M(1024M) 11.036ms
[2025-12-24T10:28:09.288+0000][gc,cpu      ] GC(5) User=0.04s Sys=0.02s Real=0.01s
[2025-12-24T10:28:59.396+0000][gc,start    ] GC(6) Pause Young (Normal) (G1 Evacuation Pause)
[2025-12-24T10:28:59.396+0000][gc,task     ] GC(6) Using 8 workers of 8 for evacuation
[2025-12-24T10:28:59.409+0000][gc,phases   ] GC(6)   Pre Evacuate Collection Set: 0.7ms
[2025-12-24T10:28:59.409+0000][gc,phases   ] GC(6)   Merge Heap Roots: 0.2ms
[2025-12-24T10:28:59.409+0000][gc,phases   ] GC(6)   Evacuate Collection Set: 9.8ms
[2025-12-24T10:28:59.409+0000][gc,phases   ] GC(6)   Post Evacuate Collection Set: 1.9ms
[2025-12-24T10:28:59.409+0000][gc,phases   ] GC(6)   Other: 0.2ms
[2025-12-24T10:28:59.409+0000][gc,heap     ] GC(6) Eden regions: 608->0(607)
[2025-12-24T10:28:59.409+0000][gc,heap     ] GC(6) Survivor regions: 6->7(77)
[2025-12-24T10:28:59.410+0000][gc,heap     ] GC(6) Old regions: 14->14
[2025-12-24T10:28:59.410+0000][gc,heap     ] GC(6) Humongous regions: 20->20
[2025-12-24T10:28:59.410+0000][gc,metaspace] GC(6) Metaspace: 10081K(10432K)->10081K(10432K) NonClass: 9081K(9280K)->9081K(9280K) Class: 999K(1152K)->999K(1152K)
[2025-12-24T10:28:59.410+0000][gc          ] GC(6) Pause Young (Normal) (G1 Evacuation Pause) 646M->39M(1024M) 13.718ms
[2025-12-24T10:28:59.410+0000][gc,cpu      ] GC(6) User=0.05s Sys=0.02s Real=0.02s
[2025-12-24T10:29:59.203+0000][gc,start    ] GC(7) Pause Young (Normal) (G1 Evacuation Pause)
[2025-12-24T10:29:59.204+0000][gc,task     ] GC(7) Using 8 workers of 8 for evacuation
[2025-12-24T10:29:59.217+0000][gc,phases   ] GC(7)   Pre Evacuate Collection Set: 0.7ms
[2025-12-24T10:29:59.217+0000][gc,phases   ] GC(7)   Merge Heap Roots: 0.1ms
[2025-12-24T10:29:59.217+0000][gc,phases   ] GC(7)   Evacuate Collection Set: 11.3ms
[2025-12-24T10:29:59.217+0000][gc,phases   ] GC(7)   Post Evacuate Collection Set: 1.1ms
[2025-12-24T10:29:59.217+0000][gc,phases   ] GC(7)   Other: 0.2ms
[2025-12-24T10:29:59.217+0000][gc,heap     ] GC(7) Eden regions: 607->0(608)
[2025-12-24T10:29:59.218+0000][gc,heap     ] GC(7) Survivor regions: 7->6(77)
[2025-12-24T10:29:59.218+0000][gc,heap     ] GC(7) Old regions: 14->14
[2025-12-24T10:29:59.218+0000][gc,heap     ] GC(7) Humongous regions: 20->20
[2025-12-24T10:29:59.218+0000][gc,metaspace] GC(7) Metaspace: 10268K(10688K)->10268K(10688K) NonClass: 9261K(9472K)->9261K(9472K) Class: 1007K(1216K)->1007K(1216K)
[2025-12-24T10:29:59.218+0000][gc          ] GC(7) Pause Young (Normal) (G1 Evacuation Pause) 646M->38M(1024M) 14.477ms
[2025-12-24T10:29:59.218+0000][gc,cpu      ] GC(7) User=0.10s Sys=0.00s Real=0.02s
[2025-12-24T10:30:49.383+0000][gc,start    ] GC(8) Pause Young (Normal) (G1 Evacuation Pause)
[2025-12-24T10:30:49.383+0000][gc,task     ] GC(8) Using 8 workers of 8 for evacuation
[2025-12-24T10:30:49.396+0000][gc,phases   ] GC(8)   Pre Evacuate Collection Set: 0.8ms
[2025-12-24T10:30:49.396+0000][gc,phases   ] GC(8)   Merge Heap Roots: 0.2ms
[2025-12-24T10:30:49.396+0000][gc,phases   ] GC(8)   Evacuate Collection Set: 10.3ms
[2025-12-24T10:30:49.396+0000][gc,phases   ] GC(8)   Post Evacuate Collection Set: 1.1ms
[2025-12-24T10:30:49.396+0000][gc,phases   ] GC(8)   Other: 0.3ms
[2025-12-24T10:30:49.396+0000][gc,heap     ] GC(8) Eden regions: 608->0(607)
[2025-12-24T10:30:49.396+0000][gc,heap     ] GC(8) Survivor regions: 6->7(77)
[2025-12-24T10:30:49.396+0000][gc,heap     ] GC(8) Old regions: 14->14
[2025-12-24T10:30:49.396+0000][gc,heap     ] GC(8) Humongous regions: 20->20
[2025-12-24T10:30:49.396+0000][gc,metaspace] GC(8) Metaspace: 10397K(10752K)->10397K(10752K) NonClass: 9387K(9536K)->9387K(9536K) Class: 1009K(1216K)->1009K(1216K)
[2025-12-24T10:30:49.396+0000][gc          ] GC(8) Pause Young (Normal) (G1 Evacuation Pause) 646M->39M(1024M) 13.658ms
[2025-12-24T10:30:49.396+0000][gc,cpu      ] GC(8) User=0.08s Sys=0.01s Real=0.02s
[2025-12-24T10:31:49.141+0000][gc,start    ] GC(9) Pause Young (Normal) (G1 Evacuation Pause)
[2025-12-24T10:31:49.141+0000][gc,task     ] GC(9) Using 8 workers of 8 for evacuation
[2025-12-24T10:31:49.155+0000][gc,phases   ] GC(9)   Pre Evacuate Collection Set: 0.8ms
[2025-12-24T10:31:49.155+0000][gc,phases   ] GC(9)   Merge Heap Roots: 0.2ms
[2025-12-24T10:31:49.155+0000][gc,phases   ] GC(9)   Evacuate Collection Set: 10.5ms
[2025-12-24T10:31:49.155+0000][gc,phases   ] GC(9)   Post Evacuate Collection Set: 1.8ms
[2025-12-24T10:31:49.155+0000][gc,phases   ] GC(9)   Other: 0.1ms
[2025-12-24T10:31:49.155+0000][gc,heap     ] GC(9) Eden regions: 607->0(608)
[2025-12-24T10:31:49.155+0000][gc,heap     ] GC(9) Survivor regions: 7->6(77)
[2025-12-24T10:31:49.155+0000][gc,heap     ] GC(9) Old regions: 14->14
[2025-12-24T10:31:49.155+0000][gc,heap     ] GC(9) Humongous regions: 20->20
[2025-12-24T10:31:49.155+0000][gc,metaspace] GC(9) Metaspace: 10599K(11008K)->10599K(11008K) NonClass: 9587K(9792K)->9587K(9792K) Class: 1011K(1216K)->1011K(1216K)
[2025-12-24T10:31:49.155+0000][gc          ] GC(9) Pause Young (Normal) (G1 Evacuation Pause) 646M->38M(1024M) 14.184ms
[2025-12-24T10:31:49.155+0000][gc,cpu      ] GC(9) User=0.08s Sys=0.00s Real=0.01s
[2025-12-24T10:32:39.346+0000][gc,start    ] GC(10) Pause Young (Normal) (G1 Evacuation Pause)
[2025-12-24T10:32:39.346+0000][gc,task     ] GC(10) Using 8 workers of 8 for evacuation
[2025-12-24T10:32:39.357+0000][gc,phases   ] GC(10)   Pre Evacuate Collection Set: 0.8ms
[2025-12-24T10:32:39.357+0000][gc,phases   ] GC(10)   Merge Heap Roots: 0.1ms
[2025-12-24T10:32:39.357+0000][gc,phases   ] GC(10)   Evacuate Collection Set: 9.0ms
[2025-12-24T10:32:39.357+0000][gc,phases   ] GC(10)   Post Evacuate Collection Set: 0.9ms
[2025-12-24T10:32:39.357+0000][gc,phases   ] GC(10)   Other: 0.1ms
[2025-12-24T10:32:39.357+0000][gc,heap     ] GC(10) Eden regions: 608->0(607)
[2025-12-24T10:32:39.357+0000][gc,heap     ] GC(10) Survivor regions: 6->7(77)
[2025-12-24T10:32:39.357+0000][gc,heap     ] GC(10) Old regions: 14->14
[2025-12-24T10:32:39.357+0000][gc,heap     ] GC(10) Humongous regions: 20->20
[2025-12-24T10:32:39.357+0000][gc,metaspace] GC(10) Metaspace: 10655K(11008K)->10655K(11008K) NonClass: 9642K(9792K)->9642K(9792K) Class: 1013K(1216K)->1013K(1216K)
[2025-12-24T10:32:39.358+0000][gc          ] GC(10) Pause Young (Normal) (G1 Evacuation Pause) 646M->39M(1024M) 11.859ms
[2025-12-24T10:32:39.358+0000][gc,cpu      ] GC(10) User=0.06s Sys=0.00s Real=0.02s
[2025-12-24T10:33:39.118+0000][gc,start    ] GC(11) Pause Young (Normal) (G1 Evacuation Pause)
[2025-12-24T10:33:39.118+0000][gc,task     ] GC(11) Using 8 workers of 8 for evacuation
[2025-12-24T10:33:39.129+0000][gc,phases   ] GC(11)   Pre Evacuate Collection Set: 0.9ms
[2025-12-24T10:33:39.129+0000][gc,phases   ] GC(11)   Merge Heap Roots: 0.2ms
[2025-12-24T10:33:39.129+0000][gc,phases   ] GC(11)   Evacuate Collection Set: 8.1ms
[2025-12-24T10:33:39.129+0000][gc,phases   ] GC(11)   Post Evacuate Collection Set: 1.3ms
[2025-12-24T10:33:39.129+0000][gc,phases   ] GC(11)   Other: 0.2ms
[2025-12-24T10:33:39.129+0000][gc,heap     ] GC(11) Eden regions: 607->0(608)
[2025-12-24T10:33:39.129+0000][gc,heap     ] GC(11) Survivor regions: 7->6(77)
[2025-12-24T10:33:39.130+0000][gc,heap     ] GC(11) Old regions: 14->14
[2025-12-24T10:33:39.130+0000][gc,heap     ] GC(11) Humongous regions: 20->20
[2025-12-24T10:33:39.130+0000][gc,metaspace] GC(11) Metaspace: 10694K(11072K)->10694K(11072K) NonClass: 9681K(9856K)->9681K(9856K) Class: 1013K(1216K)->1013K(1216K)
[2025-12-24T10:33:39.130+0000][gc          ] GC(11) Pause Young (Normal) (G1 Evacuation Pause) 646M->38M(1024M) 11.985ms
[2025-12-24T10:33:39.130+0000][gc,cpu      ] GC(11) User=0.06s Sys=0.00s Real=0.01s
[2025-12-24T10:34:29.312+0000][gc,start    ] GC(12) Pause Young (Normal) (G1 Evacuation Pause)
[2025-12-24T10:34:29.313+0000][gc,task     ] GC(12) Using 8 workers of 8 for evacuation
[2025-12-24T10:34:29.332+0000][gc,phases   ] GC(12)   Pre Evacuate Collection Set: 0.7ms
[2025-12-24T10:34:29.332+0000][gc,phases   ] GC(12)   Merge Heap Roots: 0.2ms
[2025-12-24T10:34:29.332+0000][gc,phases   ] GC(12)   Evacuate Collection Set: 17.5ms
[2025-12-24T10:34:29.332+0000][gc,phases   ] GC(12)   Post Evacuate Collection Set: 1.1ms
[2025-12-24T10:34:29.332+0000][gc,phases   ] GC(12)   Other: 0.2ms
[2025-12-24T10:34:29.333+0000][gc,heap     ] GC(12) Eden regions: 608->0(607)
[2025-12-24T10:34:29.333+0000][gc,heap     ] GC(12) Survivor regions: 6->7(77)
[2025-12-24T10:34:29.333+0000][gc,heap     ] GC(12) Old regions: 14->14
[2025-12-24T10:34:29.333+0000][gc,heap     ] GC(12) Humongous regions: 20->20
[2025-12-24T10:34:29.333+0000][gc,metaspace] GC(12) Metaspace: 10719K(11072K)->10719K(11072K) NonClass: 9704K(9856K)->9704K(9856K) Class: 1014K(1216K)->1014K(1216K)
[2025-12-24T10:34:29.333+0000][gc          ] GC(12) Pause Young (Normal) (G1 Evacuation Pause) 646M->39M(1024M) 20.884ms
[2025-12-24T10:34:29.333+0000][gc,cpu      ] GC(12) User=0.09s Sys=0.04s Real=0.02s
[2025-12-24T10:35:29.053+0000][gc,start    ] GC(13) Pause Young (Normal) (G1 Evacuation Pause)
[2025-12-24T10:35:29.054+0000][gc,task     ] GC(13) Using 8 workers of 8 for evacuation
[2025-12-24T10:35:29.077+0000][gc,phases   ] GC(13)   Pre Evacuate Collection Set: 5.4ms
[2025-12-24T10:35:29.077+0000][gc,phases   ] GC(13)   Merge Heap Roots: 0.3ms
[2025-12-24T10:35:29.077+0000][gc,phases   ] GC(13)   Evacuate Collection Set: 10.7ms
[2025-12-24T10:35:29.077+0000][gc,phases   ] GC(13)   Post Evacuate Collection Set: 5.4ms
[2025-12-24T10:35:29.077+0000][gc,phases   ] GC(13)   Other: 0.4ms
[2025-12-24T10:35:29.077+0000][gc,heap     ] GC(13) Eden regions: 607->0(608)
[2025-12-24T10:35:29.077+0000][gc,heap     ] GC(13) Survivor regions: 7->6(77)
[2025-12-24T10:35:29.078+0000][gc,heap     ] GC(13) Old regions: 14->14
[2025-12-24T10:35:29.078+0000][gc,heap     ] GC(13) Humongous regions: 20->20
[2025-12-24T10:35:29.078+0000][gc,metaspace] GC(13) Metaspace: 10782K(11136K)->10782K(11136K) NonClass: 9767K(9920K)->9767K(9920K) Class: 1014K(1216K)->1014K(1216K)
[2025-12-24T10:35:29.078+0000][gc          ] GC(13) Pause Young (Normal) (G1 Evacuation Pause) 646M->38M(1024M) 25.168ms
[2025-12-24T10:35:29.078+0000][gc,cpu      ] GC(13) User=0.13s Sys=0.00s Real=0.02s
[2025-12-24T10:36:19.245+0000][gc,start    ] GC(14) Pause Young (Normal) (G1 Evacuation Pause)
[2025-12-24T10:36:19.245+0000][gc,task     ] GC(14) Using 8 workers of 8 for evacuation
[2025-12-24T10:36:19.265+0000][gc,phases   ] GC(14)   Pre Evacuate Collection Set: 1.6ms
[2025-12-24T10:36:19.265+0000][gc,phases   ] GC(14)   Merge Heap Roots: 0.5ms
[2025-12-24T10:36:19.265+0000][gc,phases   ] GC(14)   Evacuate Collection Set: 15.9ms
[2025-12-24T10:36:19.265+0000][gc,phases   ] GC(14)   Post Evacuate Collection Set: 1.2ms
[2025-12-24T10:36:19.265+0000][gc,phases   ] GC(14)   Other: 0.3ms
[2025-12-24T10:36:19.265+0000][gc,heap     ] GC(14) Eden regions: 608->0(607)
[2025-12-24T10:36:19.266+0000][gc,heap     ] GC(14) Survivor regions: 6->7(77)
[2025-12-24T10:36:19.266+0000][gc,heap     ] GC(14) Old regions: 14->14
[2025-12-24T10:36:19.266+0000][gc,heap     ] GC(14) Humongous regions: 20->20
[2025-12-24T10:36:19.266+0000][gc,metaspace] GC(14) Metaspace: 10799K(11200K)->10799K(11200K) NonClass: 9784K(9984K)->9784K(9984K) Class: 1014K(1216K)->1014K(1216K)
[2025-12-24T10:36:19.266+0000][gc          ] GC(14) Pause Young (Normal) (G1 Evacuation Pause) 646M->39M(1024M) 20.925ms
[2025-12-24T10:36:19.266+0000][gc,cpu      ] GC(14) User=0.14s Sys=0.00s Real=0.02s
[2025-12-24T10:37:09.387+0000][gc,start    ] GC(15) Pause Young (Normal) (G1 Evacuation Pause)
[2025-12-24T10:37:09.388+0000][gc,task     ] GC(15) Using 8 workers of 8 for evacuation
[2025-12-24T10:37:09.401+0000][gc,phases   ] GC(15)   Pre Evacuate Collection Set: 0.7ms
[2025-12-24T10:37:09.402+0000][gc,phases   ] GC(15)   Merge Heap Roots: 0.2ms
[2025-12-24T10:37:09.402+0000][gc,phases   ] GC(15)   Evacuate Collection Set: 11.0ms
[2025-12-24T10:37:09.402+0000][gc,phases   ] GC(15)   Post Evacuate Collection Set: 1.0ms
[2025-12-24T10:37:09.402+0000][gc,phases   ] GC(15)   Other: 0.2ms
[2025-12-24T10:37:09.402+0000][gc,heap     ] GC(15) Eden regions: 607->0(607)
[2025-12-24T10:37:09.402+0000][gc,heap     ] GC(15) Survivor regions: 7->7(77)
[2025-12-24T10:37:09.402+0000][gc,heap     ] GC(15) Old regions: 14->14
[2025-12-24T10:37:09.402+0000][gc,heap     ] GC(15) Humongous regions: 20->20
[2025-12-24T10:37:09.402+0000][gc,metaspace] GC(15) Metaspace: 10824K(11200K)->10824K(11200K) NonClass: 9808K(9984K)->9808K(9984K) Class: 1016K(1216K)->1016K(1216K)
[2025-12-24T10:37:09.402+0000][gc          ] GC(15) Pause Young (Normal) (G1 Evacuation Pause) 646M->40M(1024M) 15.046ms
[2025-12-24T10:37:09.402+0000][gc,cpu      ] GC(15) User=0.09s Sys=0.01s Real=0.01s
[2025-12-24T10:38:09.213+0000][gc,start    ] GC(16) Pause Young (Normal) (G1 Evacuation Pause)
[2025-12-24T10:38:09.214+0000][gc,task     ] GC(16) Using 8 workers of 8 for evacuation
[2025-12-24T10:38:09.224+0000][gc,phases   ] GC(16)   Pre Evacuate Collection Set: 0.8ms
[2025-12-24T10:38:09.224+0000][gc,phases   ] GC(16)   Merge Heap Roots: 0.2ms
[2025-12-24T10:38:09.224+0000][gc,phases   ] GC(16)   Evacuate Collection Set: 8.4ms
[2025-12-24T10:38:09.225+0000][gc,phases   ] GC(16)   Post Evacuate Collection Set: 0.9ms
[2025-12-24T10:38:09.225+0000][gc,phases   ] GC(16)   Other: 0.2ms
[2025-12-24T10:38:09.225+0000][gc,heap     ] GC(16) Eden regions: 607->0(608)
[2025-12-24T10:38:09.225+0000][gc,heap     ] GC(16) Survivor regions: 7->6(77)
[2025-12-24T10:38:09.225+0000][gc,heap     ] GC(16) Old regions: 14->15
[2025-12-24T10:38:09.225+0000][gc,heap     ] GC(16) Humongous regions: 20->20
[2025-12-24T10:38:09.225+0000][gc,metaspace] GC(16) Metaspace: 10898K(11264K)->10898K(11264K) NonClass: 9877K(10048K)->9877K(10048K) Class: 1020K(1216K)->1020K(1216K)
[2025-12-24T10:38:09.225+0000][gc          ] GC(16) Pause Young (Normal) (G1 Evacuation Pause) 647M->39M(1024M) 12.384ms
[2025-12-24T10:38:09.225+0000][gc,cpu      ] GC(16) User=0.06s Sys=0.00s Real=0.01s
[2025-12-24T10:38:59.351+0000][gc,start    ] GC(17) Pause Young (Normal) (G1 Evacuation Pause)
[2025-12-24T10:38:59.351+0000][gc,task     ] GC(17) Using 8 workers of 8 for evacuation
[2025-12-24T10:38:59.366+0000][gc,phases   ] GC(17)   Pre Evacuate Collection Set: 0.8ms
[2025-12-24T10:38:59.366+0000][gc,phases   ] GC(17)   Merge Heap Roots: 0.2ms
[2025-12-24T10:38:59.366+0000][gc,phases   ] GC(17)   Evacuate Collection Set: 12.1ms
[2025-12-24T10:38:59.366+0000][gc,phases   ] GC(17)   Post Evacuate Collection Set: 1.3ms
[2025-12-24T10:38:59.366+0000][gc,phases   ] GC(17)   Other: 0.3ms
[2025-12-24T10:38:59.366+0000][gc,heap     ] GC(17) Eden regions: 608->0(608)
[2025-12-24T10:38:59.366+0000][gc,heap     ] GC(17) Survivor regions: 6->6(77)
[2025-12-24T10:38:59.366+0000][gc,heap     ] GC(17) Old regions: 15->15
[2025-12-24T10:38:59.366+0000][gc,heap     ] GC(17) Humongous regions: 20->20
[2025-12-24T10:38:59.366+0000][gc,metaspace] GC(17) Metaspace: 10903K(11264K)->10903K(11264K) NonClass: 9883K(10048K)->9883K(10048K) Class: 1020K(1216K)->1020K(1216K)
[2025-12-24T10:38:59.366+0000][gc          ] GC(17) Pause Young (Normal) (G1 Evacuation Pause) 647M->40M(1024M) 15.887ms
[2025-12-24T10:38:59.366+0000][gc,cpu      ] GC(17) User=0.08s Sys=0.01s Real=0.02s
[2025-12-24T10:39:59.137+0000][gc,start    ] GC(18) Pause Young (Normal) (G1 Evacuation Pause)
[2025-12-24T10:39:59.138+0000][gc,task     ] GC(18) Using 8 workers of 8 for evacuation
[2025-12-24T10:39:59.148+0000][gc,phases   ] GC(18)   Pre Evacuate Collection Set: 0.8ms
[2025-12-24T10:39:59.148+0000][gc,phases   ] GC(18)   Merge Heap Roots: 0.2ms
[2025-12-24T10:39:59.148+0000][gc,phases   ] GC(18)   Evacuate Collection Set: 7.4ms
[2025-12-24T10:39:59.148+0000][gc,phases   ] GC(18)   Post Evacuate Collection Set: 1.7ms
[2025-12-24T10:39:59.149+0000][gc,phases   ] GC(18)   Other: 0.2ms
[2025-12-24T10:39:59.149+0000][gc,heap     ] GC(18) Eden regions: 608->0(610)
[2025-12-24T10:39:59.149+0000][gc,heap     ] GC(18) Survivor regions: 6->4(77)
[2025-12-24T10:39:59.149+0000][gc,heap     ] GC(18) Old regions: 15->17
[2025-12-24T10:39:59.149+0000][gc,heap     ] GC(18) Humongous regions: 20->20
[2025-12-24T10:39:59.149+0000][gc,metaspace] GC(18) Metaspace: 10917K(11328K)->10917K(11328K) NonClass: 9897K(10112K)->9897K(10112K) Class: 1020K(1216K)->1020K(1216K)
[2025-12-24T10:39:59.149+0000][gc          ] GC(18) Pause Young (Normal) (G1 Evacuation Pause) 648M->39M(1024M) 11.636ms
[2025-12-24T10:39:59.149+0000][gc,cpu      ] GC(18) User=0.07s Sys=0.00s Real=0.01s
[2025-12-24T10:40:49.337+0000][gc,start    ] GC(19) Pause Young (Normal) (G1 Evacuation Pause)
[2025-12-24T10:40:49.338+0000][gc,task     ] GC(19) Using 8 workers of 8 for evacuation
[2025-12-24T10:40:49.349+0000][gc,phases   ] GC(19)   Pre Evacuate Collection Set: 1.3ms
[2025-12-24T10:40:49.349+0000][gc,phases   ] GC(19)   Merge Heap Roots: 0.2ms
[2025-12-24T10:40:49.349+0000][gc,phases   ] GC(19)   Evacuate Collection Set: 7.9ms
[2025-12-24T10:40:49.349+0000][gc,phases   ] GC(19)   Post Evacuate Collection Set: 1.6ms
[2025-12-24T10:40:49.349+0000][gc,phases   ] GC(19)   Other: 0.3ms
[2025-12-24T10:40:49.350+0000][gc,heap     ] GC(19) Eden regions: 610->0(610)
[2025-12-24T10:40:49.350+0000][gc,heap     ] GC(19) Survivor regions: 4->4(77)
[2025-12-24T10:40:49.350+0000][gc,heap     ] GC(19) Old regions: 17->17
[2025-12-24T10:40:49.350+0000][gc,heap     ] GC(19) Humongous regions: 20->20
[2025-12-24T10:40:49.350+0000][gc,metaspace] GC(19) Metaspace: 10938K(11328K)->10938K(11328K) NonClass: 9917K(10112K)->9917K(10112K) Class: 1020K(1216K)->1020K(1216K)
[2025-12-24T10:40:49.350+0000][gc          ] GC(19) Pause Young (Normal) (G1 Evacuation Pause) 649M->40M(1024M) 13.178ms
[2025-12-24T10:40:49.350+0000][gc,cpu      ] GC(19) User=0.07s Sys=0.00s Real=0.01s
[2025-12-24T10:41:49.139+0000][gc,start    ] GC(20) Pause Young (Normal) (G1 Evacuation Pause)
[2025-12-24T10:41:49.139+0000][gc,task     ] GC(20) Using 8 workers of 8 for evacuation
[2025-12-24T10:41:49.148+0000][gc,phases   ] GC(20)   Pre Evacuate Collection Set: 0.8ms
[2025-12-24T10:41:49.148+0000][gc,phases   ] GC(20)   Merge Heap Roots: 0.2ms
[2025-12-24T10:41:49.148+0000][gc,phases   ] GC(20)   Evacuate Collection Set: 5.8ms
[2025-12-24T10:41:49.148+0000][gc,phases   ] GC(20)   Post Evacuate Collection Set: 1.4ms
[2025-12-24T10:41:49.148+0000][gc,phases   ] GC(20)   Other: 0.2ms
[2025-12-24T10:41:49.148+0000][gc,heap     ] GC(20) Eden regions: 610->0(610)
[2025-12-24T10:41:49.148+0000][gc,heap     ] GC(20) Survivor regions: 4->4(77)
[2025-12-24T10:41:49.148+0000][gc,heap     ] GC(20) Old regions: 17->17
[2025-12-24T10:41:49.148+0000][gc,heap     ] GC(20) Humongous regions: 20->20
[2025-12-24T10:41:49.148+0000][gc,metaspace] GC(20) Metaspace: 10974K(11328K)->10974K(11328K) NonClass: 9953K(10112K)->9953K(10112K) Class: 1021K(1216K)->1021K(1216K)
[2025-12-24T10:41:49.148+0000][gc          ] GC(20) Pause Young (Normal) (G1 Evacuation Pause) 650M->39M(1024M) 9.176ms
[2025-12-24T10:41:49.148+0000][gc,cpu      ] GC(20) User=0.05s Sys=0.00s Real=0.01s
[2025-12-24T10:42:39.321+0000][gc,start    ] GC(21) Pause Young (Normal) (G1 Evacuation Pause)
[2025-12-24T10:42:39.322+0000][gc,task     ] GC(21) Using 8 workers of 8 for evacuation
[2025-12-24T10:42:39.328+0000][gc,phases   ] GC(21)   Pre Evacuate Collection Set: 0.8ms
[2025-12-24T10:42:39.328+0000][gc,phases   ] GC(21)   Merge Heap Roots: 0.1ms
[2025-12-24T10:42:39.328+0000][gc,phases   ] GC(21)   Evacuate Collection Set: 3.6ms
[2025-12-24T10:42:39.328+0000][gc,phases   ] GC(21)   Post Evacuate Collection Set: 1.0ms
[2025-12-24T10:42:39.328+0000][gc,phases   ] GC(21)   Other: 0.2ms
[2025-12-24T10:42:39.328+0000][gc,heap     ] GC(21) Eden regions: 610->0(610)
[2025-12-24T10:42:39.328+0000][gc,heap     ] GC(21) Survivor regions: 4->4(77)
[2025-12-24T10:42:39.328+0000][gc,heap     ] GC(21) Old regions: 17->17
[2025-12-24T10:42:39.328+0000][gc,heap     ] GC(21) Humongous regions: 20->20
[2025-12-24T10:42:39.328+0000][gc,metaspace] GC(21) Metaspace: 10994K(11328K)->10994K(11328K) NonClass: 9973K(10112K)->9973K(10112K) Class: 1021K(1216K)->1021K(1216K)
[2025-12-24T10:42:39.328+0000][gc          ] GC(21) Pause Young (Normal) (G1 Evacuation Pause) 649M->40M(1024M) 7.564ms
[2025-12-24T10:42:39.329+0000][gc,cpu      ] GC(21) User=0.03s Sys=0.01s Real=0.01s
[2025-12-24T10:43:39.202+0000][gc,start    ] GC(22) Pause Young (Normal) (G1 Evacuation Pause)
[2025-12-24T10:43:39.202+0000][gc,task     ] GC(22) Using 8 workers of 8 for evacuation
[2025-12-24T10:43:39.212+0000][gc,phases   ] GC(22)   Pre Evacuate Collection Set: 1.4ms
[2025-12-24T10:43:39.212+0000][gc,phases   ] GC(22)   Merge Heap Roots: 0.5ms
[2025-12-24T10:43:39.212+0000][gc,phases   ] GC(22)   Evacuate Collection Set: 5.6ms
[2025-12-24T10:43:39.212+0000][gc,phases   ] GC(22)   Post Evacuate Collection Set: 1.2ms
[2025-12-24T10:43:39.212+0000][gc,phases   ] GC(22)   Other: 0.4ms
[2025-12-24T10:43:39.212+0000][gc,heap     ] GC(22) Eden regions: 610->0(610)
[2025-12-24T10:43:39.212+0000][gc,heap     ] GC(22) Survivor regions: 4->4(77)
[2025-12-24T10:43:39.212+0000][gc,heap     ] GC(22) Old regions: 17->17
[2025-12-24T10:43:39.212+0000][gc,heap     ] GC(22) Humongous regions: 20->20
[2025-12-24T10:43:39.212+0000][gc,metaspace] GC(22) Metaspace: 11009K(11328K)->11009K(11328K) NonClass: 9987K(10112K)->9987K(10112K) Class: 1021K(1216K)->1021K(1216K)
[2025-12-24T10:43:39.212+0000][gc          ] GC(22) Pause Young (Normal) (G1 Evacuation Pause) 650M->39M(1024M) 10.483ms
[2025-12-24T10:43:39.212+0000][gc,cpu      ] GC(22) User=0.04s Sys=0.00s Real=0.01s
[2025-12-24T10:44:29.285+0000][gc,start    ] GC(23) Pause Young (Normal) (G1 Evacuation Pause)
[2025-12-24T10:44:29.285+0000][gc,task     ] GC(23) Using 8 workers of 8 for evacuation
[2025-12-24T10:44:29.291+0000][gc,phases   ] GC(23)   Pre Evacuate Collection Set: 0.7ms
[2025-12-24T10:44:29.291+0000][gc,phases   ] GC(23)   Merge Heap Roots: 0.1ms
[2025-12-24T10:44:29.291+0000][gc,phases   ] GC(23)   Evacuate Collection Set: 4.1ms
[2025-12-24T10:44:29.291+0000][gc,phases   ] GC(23)   Post Evacuate Collection Set: 0.8ms
[2025-12-24T10:44:29.291+0000][gc,phases   ] GC(23)   Other: 0.2ms
[2025-12-24T10:44:29.291+0000][gc,heap     ] GC(23) Eden regions: 610->0(610)
[2025-12-24T10:44:29.291+0000][gc,heap     ] GC(23) Survivor regions: 4->4(77)
[2025-12-24T10:44:29.292+0000][gc,heap     ] GC(23) Old regions: 17->17
[2025-12-24T10:44:29.292+0000][gc,heap     ] GC(23) Humongous regions: 20->20
[2025-12-24T10:44:29.292+0000][gc,metaspace] GC(23) Metaspace: 11032K(11392K)->11032K(11392K) NonClass: 10010K(10176K)->10010K(10176K) Class: 1022K(1216K)->1022K(1216K)
[2025-12-24T10:44:29.292+0000][gc          ] GC(23) Pause Young (Normal) (G1 Evacuation Pause) 649M->40M(1024M) 6.915ms
[2025-12-24T10:44:29.292+0000][gc,cpu      ] GC(23) User=0.03s Sys=0.01s Real=0.01s
[2025-12-24T10:45:29.106+0000][gc,start    ] GC(24) Pause Young (Normal) (G1 Evacuation Pause)
[2025-12-24T10:45:29.107+0000][gc,task     ] GC(24) Using 8 workers of 8 for evacuation
[2025-12-24T10:45:29.113+0000][gc,phases   ] GC(24)   Pre Evacuate Collection Set: 0.8ms
[2025-12-24T10:45:29.113+0000][gc,phases   ] GC(24)   Merge Heap Roots: 0.2ms
[2025-12-24T10:45:29.113+0000][gc,phases   ] GC(24)   Evacuate Collection Set: 3.9ms
[2025-12-24T10:45:29.113+0000][gc,phases   ] GC(24)   Post Evacuate Collection Set: 0.9ms
[2025-12-24T10:45:29.113+0000][gc,phases   ] GC(24)   Other: 0.2ms
[2025-12-24T10:45:29.113+0000][gc,heap     ] GC(24) Eden regions: 610->0(610)
[2025-12-24T10:45:29.113+0000][gc,heap     ] GC(24) Survivor regions: 4->4(77)
[2025-12-24T10:45:29.113+0000][gc,heap     ] GC(24) Old regions: 17->17
[2025-12-24T10:45:29.113+0000][gc,heap     ] GC(24) Humongous regions: 20->20
[2025-12-24T10:45:29.113+0000][gc,metaspace] GC(24) Metaspace: 11048K(11392K)->11048K(11392K) NonClass: 10025K(10176K)->10025K(10176K) Class: 1022K(1216K)->1022K(1216K)
[2025-12-24T10:45:29.113+0000][gc          ] GC(24) Pause Young (Normal) (G1 Evacuation Pause) 650M->40M(1024M) 7.129ms
[2025-12-24T10:45:29.113+0000][gc,cpu      ] GC(24) User=0.03s Sys=0.01s Real=0.01s
[2025-12-24T10:46:19.298+0000][gc,start    ] GC(25) Pause Young (Normal) (G1 Evacuation Pause)
[2025-12-24T10:46:19.299+0000][gc,task     ] GC(25) Using 8 workers of 8 for evacuation
[2025-12-24T10:46:19.306+0000][gc,phases   ] GC(25)   Pre Evacuate Collection Set: 1.2ms
[2025-12-24T10:46:19.307+0000][gc,phases   ] GC(25)   Merge Heap Roots: 0.2ms
[2025-12-24T10:46:19.307+0000][gc,phases   ] GC(25)   Evacuate Collection Set: 4.9ms
[2025-12-24T10:46:19.307+0000][gc,phases   ] GC(25)   Post Evacuate Collection Set: 1.1ms
[2025-12-24T10:46:19.307+0000][gc,phases   ] GC(25)   Other: 0.5ms
[2025-12-24T10:46:19.307+0000][gc,heap     ] GC(25) Eden regions: 610->0(610)
[2025-12-24T10:46:19.307+0000][gc,heap     ] GC(25) Survivor regions: 4->4(77)
[2025-12-24T10:46:19.307+0000][gc,heap     ] GC(25) Old regions: 17->18
[2025-12-24T10:46:19.307+0000][gc,heap     ] GC(25) Humongous regions: 20->20
[2025-12-24T10:46:19.307+0000][gc,metaspace] GC(25) Metaspace: 11082K(11456K)->11082K(11456K) NonClass: 10060K(10240K)->10060K(10240K) Class: 1022K(1216K)->1022K(1216K)
[2025-12-24T10:46:19.307+0000][gc          ] GC(25) Pause Young (Normal) (G1 Evacuation Pause) 650M->40M(1024M) 9.142ms
[2025-12-24T10:46:19.307+0000][gc,cpu      ] GC(25) User=0.04s Sys=0.01s Real=0.01s
[2025-12-24T10:47:19.077+0000][gc,start    ] GC(26) Pause Young (Normal) (G1 Evacuation Pause)
[2025-12-24T10:47:19.078+0000][gc,task     ] GC(26) Using 8 workers of 8 for evacuation
[2025-12-24T10:47:19.084+0000][gc,phases   ] GC(26)   Pre Evacuate Collection Set: 1.0ms
[2025-12-24T10:47:19.084+0000][gc,phases   ] GC(26)   Merge Heap Roots: 0.2ms
[2025-12-24T10:47:19.084+0000][gc,phases   ] GC(26)   Evacuate Collection Set: 3.6ms
[2025-12-24T10:47:19.084+0000][gc,phases   ] GC(26)   Post Evacuate Collection Set: 1.1ms
[2025-12-24T10:47:19.084+0000][gc,phases   ] GC(26)   Other: 0.2ms
[2025-12-24T10:47:19.084+0000][gc,heap     ] GC(26) Eden regions: 610->0(610)
[2025-12-24T10:47:19.084+0000][gc,heap     ] GC(26) Survivor regions: 4->4(77)
[2025-12-24T10:47:19.084+0000][gc,heap     ] GC(26) Old regions: 18->18
[2025-12-24T10:47:19.084+0000][gc,heap     ] GC(26) Humongous regions: 20->20
[2025-12-24T10:47:19.084+0000][gc,metaspace] GC(26) Metaspace: 11088K(11456K)->11088K(11456K) NonClass: 10065K(10240K)->10065K(10240K) Class: 1022K(1216K)->1022K(1216K)
[2025-12-24T10:47:19.085+0000][gc          ] GC(26) Pause Young (Normal) (G1 Evacuation Pause) 650M->40M(1024M) 7.437ms
[2025-12-24T10:47:19.085+0000][gc,cpu      ] GC(26) User=0.04s Sys=0.00s Real=0.00s
[2025-12-24T10:48:09.225+0000][gc,start    ] GC(27) Pause Young (Normal) (G1 Evacuation Pause)
[2025-12-24T10:48:09.226+0000][gc,task     ] GC(27) Using 8 workers of 8 for evacuation
[2025-12-24T10:48:09.232+0000][gc,phases   ] GC(27)   Pre Evacuate Collection Set: 0.9ms
[2025-12-24T10:48:09.232+0000][gc,phases   ] GC(27)   Merge Heap Roots: 0.2ms
[2025-12-24T10:48:09.232+0000][gc,phases   ] GC(27)   Evacuate Collection Set: 3.3ms
[2025-12-24T10:48:09.232+0000][gc,phases   ] GC(27)   Post Evacuate Collection Set: 1.4ms
[2025-12-24T10:48:09.232+0000][gc,phases   ] GC(27)   Other: 0.3ms
[2025-12-24T10:48:09.233+0000][gc,heap     ] GC(27) Eden regions: 610->0(610)
[2025-12-24T10:48:09.233+0000][gc,heap     ] GC(27) Survivor regions: 4->4(77)
[2025-12-24T10:48:09.233+0000][gc,heap     ] GC(27) Old regions: 18->18
[2025-12-24T10:48:09.233+0000][gc,heap     ] GC(27) Humongous regions: 20->20
[2025-12-24T10:48:09.233+0000][gc,metaspace] GC(27) Metaspace: 11342K(11712K)->11342K(11712K) NonClass: 10285K(10432K)->10285K(10432K) Class: 1057K(1280K)->1057K(1280K)
[2025-12-24T10:48:09.233+0000][gc          ] GC(27) Pause Young (Normal) (G1 Evacuation Pause) 650M->40M(1024M) 7.521ms
[2025-12-24T10:48:09.233+0000][gc,cpu      ] GC(27) User=0.03s Sys=0.00s Real=0.00s
[2025-12-24T10:49:09.063+0000][gc,start    ] GC(28) Pause Young (Normal) (G1 Evacuation Pause)
[2025-12-24T10:49:09.064+0000][gc,task     ] GC(28) Using 8 workers of 8 for evacuation
[2025-12-24T10:49:09.083+0000][gc,phases   ] GC(28)   Pre Evacuate Collection Set: 1.2ms
[2025-12-24T10:49:09.083+0000][gc,phases   ] GC(28)   Merge Heap Roots: 0.2ms
[2025-12-24T10:49:09.083+0000][gc,phases   ] GC(28)   Evacuate Collection Set: 15.7ms
[2025-12-24T10:49:09.083+0000][gc,phases   ] GC(28)   Post Evacuate Collection Set: 2.1ms
[2025-12-24T10:49:09.083+0000][gc,phases   ] GC(28)   Other: 0.3ms
[2025-12-24T10:49:09.083+0000][gc,heap     ] GC(28) Eden regions: 610->0(610)
[2025-12-24T10:49:09.083+0000][gc,heap     ] GC(28) Survivor regions: 4->4(77)
[2025-12-24T10:49:09.083+0000][gc,heap     ] GC(28) Old regions: 18->18
[2025-12-24T10:49:09.084+0000][gc,heap     ] GC(28) Humongous regions: 20->20
[2025-12-24T10:49:09.084+0000][gc,metaspace] GC(28) Metaspace: 11345K(11712K)->11345K(11712K) NonClass: 10288K(10432K)->10288K(10432K) Class: 1057K(1280K)->1057K(1280K)
[2025-12-24T10:49:09.084+0000][gc          ] GC(28) Pause Young (Normal) (G1 Evacuation Pause) 650M->40M(1024M) 20.607ms
[2025-12-24T10:49:09.084+0000][gc,cpu      ] GC(28) User=0.11s Sys=0.01s Real=0.02s
[2025-12-24T10:49:59.522+0000][gc,start    ] GC(29) Pause Young (Normal) (G1 Evacuation Pause)
[2025-12-24T10:49:59.529+0000][gc,task     ] GC(29) Using 8 workers of 8 for evacuation
[2025-12-24T10:49:59.537+0000][gc,phases   ] GC(29)   Pre Evacuate Collection Set: 0.8ms
[2025-12-24T10:49:59.537+0000][gc,phases   ] GC(29)   Merge Heap Roots: 0.2ms
[2025-12-24T10:49:59.537+0000][gc,phases   ] GC(29)   Evacuate Collection Set: 5.7ms
[2025-12-24T10:49:59.537+0000][gc,phases   ] GC(29)   Post Evacuate Collection Set: 1.5ms
[2025-12-24T10:49:59.538+0000][gc,phases   ] GC(29)   Other: 0.3ms
[2025-12-24T10:49:59.538+0000][gc,heap     ] GC(29) Eden regions: 610->0(610)
[2025-12-24T10:49:59.538+0000][gc,heap     ] GC(29) Survivor regions: 4->4(77)
[2025-12-24T10:49:59.538+0000][gc,heap     ] GC(29) Old regions: 18->18
[2025-12-24T10:49:59.538+0000][gc,heap     ] GC(29) Humongous regions: 20->20
[2025-12-24T10:49:59.538+0000][gc,metaspace] GC(29) Metaspace: 11347K(11776K)->11347K(11776K) NonClass: 10289K(10496K)->10289K(10496K) Class: 1057K(1280K)->1057K(1280K)
[2025-12-24T10:49:59.538+0000][gc          ] GC(29) Pause Young (Normal) (G1 Evacuation Pause) 650M->41M(1024M) 16.297ms
[2025-12-24T10:49:59.538+0000][gc,cpu      ] GC(29) User=0.04s Sys=0.00s Real=0.02s
[2025-12-24T10:50:59.313+0000][gc,start    ] GC(30) Pause Young (Normal) (G1 Evacuation Pause)
[2025-12-24T10:50:59.314+0000][gc,task     ] GC(30) Using 8 workers of 8 for evacuation
[2025-12-24T10:50:59.324+0000][gc,phases   ] GC(30)   Pre Evacuate Collection Set: 1.4ms
[2025-12-24T10:50:59.324+0000][gc,phases   ] GC(30)   Merge Heap Roots: 0.3ms
[2025-12-24T10:50:59.324+0000][gc,phases   ] GC(30)   Evacuate Collection Set: 6.3ms
[2025-12-24T10:50:59.324+0000][gc,phases   ] GC(30)   Post Evacuate Collection Set: 1.6ms
[2025-12-24T10:50:59.325+0000][gc,phases   ] GC(30)   Other: 0.4ms
[2025-12-24T10:50:59.325+0000][gc,heap     ] GC(30) Eden regions: 610->0(610)
[2025-12-24T10:50:59.325+0000][gc,heap     ] GC(30) Survivor regions: 4->4(77)
[2025-12-24T10:50:59.326+0000][gc,heap     ] GC(30) Old regions: 18->18
[2025-12-24T10:50:59.326+0000][gc,heap     ] GC(30) Humongous regions: 20->20
[2025-12-24T10:50:59.326+0000][gc,metaspace] GC(30) Metaspace: 11348K(11776K)->11348K(11776K) NonClass: 10290K(10496K)->10290K(10496K) Class: 1057K(1280K)->1057K(1280K)
[2025-12-24T10:50:59.328+0000][gc          ] GC(30) Pause Young (Normal) (G1 Evacuation Pause) 651M->40M(1024M) 14.551ms
[2025-12-24T10:50:59.328+0000][gc,cpu      ] GC(30) User=0.05s Sys=0.01s Real=0.02s
[2025-12-24T10:51:49.493+0000][gc,start    ] GC(31) Pause Young (Normal) (G1 Evacuation Pause)
[2025-12-24T10:51:49.495+0000][gc,task     ] GC(31) Using 8 workers of 8 for evacuation
[2025-12-24T10:51:49.501+0000][gc,phases   ] GC(31)   Pre Evacuate Collection Set: 0.9ms
[2025-12-24T10:51:49.501+0000][gc,phases   ] GC(31)   Merge Heap Roots: 0.2ms
[2025-12-24T10:51:49.501+0000][gc,phases   ] GC(31)   Evacuate Collection Set: 3.5ms
[2025-12-24T10:51:49.501+0000][gc,phases   ] GC(31)   Post Evacuate Collection Set: 1.1ms
[2025-12-24T10:51:49.501+0000][gc,phases   ] GC(31)   Other: 0.3ms
[2025-12-24T10:51:49.501+0000][gc,heap     ] GC(31) Eden regions: 610->0(610)
[2025-12-24T10:51:49.501+0000][gc,heap     ] GC(31) Survivor regions: 4->4(77)
[2025-12-24T10:51:49.501+0000][gc,heap     ] GC(31) Old regions: 18->18
[2025-12-24T10:51:49.501+0000][gc,heap     ] GC(31) Humongous regions: 20->20
[2025-12-24T10:51:49.501+0000][gc,metaspace] GC(31) Metaspace: 11350K(11776K)->11350K(11776K) NonClass: 10293K(10496K)->10293K(10496K) Class: 1057K(1280K)->1057K(1280K)
[2025-12-24T10:51:49.501+0000][gc          ] GC(31) Pause Young (Normal) (G1 Evacuation Pause) 650M->41M(1024M) 8.141ms
[2025-12-24T10:51:49.501+0000][gc,cpu      ] GC(31) User=0.03s Sys=0.00s Real=0.01s
[2025-12-24T10:52:41.349+0000][gc,start    ] GC(32) Pause Young (Normal) (G1 Evacuation Pause)
[2025-12-24T10:52:41.350+0000][gc,task     ] GC(32) Using 8 workers of 8 for evacuation
[2025-12-24T10:52:41.360+0000][gc,phases   ] GC(32)   Pre Evacuate Collection Set: 1.8ms
[2025-12-24T10:52:41.361+0000][gc,phases   ] GC(32)   Merge Heap Roots: 0.4ms
[2025-12-24T10:52:41.361+0000][gc,phases   ] GC(32)   Evacuate Collection Set: 6.6ms
[2025-12-24T10:52:41.361+0000][gc,phases   ] GC(32)   Post Evacuate Collection Set: 1.6ms
[2025-12-24T10:52:41.361+0000][gc,phases   ] GC(32)   Other: 0.5ms
[2025-12-24T10:52:41.361+0000][gc,heap     ] GC(32) Eden regions: 610->0(611)
[2025-12-24T10:52:41.361+0000][gc,heap     ] GC(32) Survivor regions: 4->3(77)
[2025-12-24T10:52:41.361+0000][gc,heap     ] GC(32) Old regions: 18->18
[2025-12-24T10:52:41.361+0000][gc,heap     ] GC(32) Humongous regions: 20->20
[2025-12-24T10:52:41.362+0000][gc,metaspace] GC(32) Metaspace: 11354K(11776K)->11354K(11776K) NonClass: 10297K(10496K)->10297K(10496K) Class: 1057K(1280K)->1057K(1280K)
[2025-12-24T10:52:41.362+0000][gc          ] GC(32) Pause Young (Normal) (G1 Evacuation Pause) 651M->40M(1024M) 13.045ms
[2025-12-24T10:52:41.362+0000][gc,cpu      ] GC(32) User=0.06s Sys=0.01s Real=0.01s
[2025-12-24T10:53:39.525+0000][gc,start    ] GC(33) Pause Young (Normal) (G1 Evacuation Pause)
[2025-12-24T10:53:39.526+0000][gc,task     ] GC(33) Using 8 workers of 8 for evacuation
[2025-12-24T10:53:39.540+0000][gc,phases   ] GC(33)   Pre Evacuate Collection Set: 0.9ms
[2025-12-24T10:53:39.541+0000][gc,phases   ] GC(33)   Merge Heap Roots: 0.2ms
[2025-12-24T10:53:39.541+0000][gc,phases   ] GC(33)   Evacuate Collection Set: 11.5ms
[2025-12-24T10:53:39.541+0000][gc,phases   ] GC(33)   Post Evacuate Collection Set: 1.7ms
[2025-12-24T10:53:39.541+0000][gc,phases   ] GC(33)   Other: 0.2ms
[2025-12-24T10:53:39.541+0000][gc,heap     ] GC(33) Eden regions: 611->0(610)
[2025-12-24T10:53:39.541+0000][gc,heap     ] GC(33) Survivor regions: 3->4(77)
[2025-12-24T10:53:39.541+0000][gc,heap     ] GC(33) Old regions: 18->18
[2025-12-24T10:53:39.541+0000][gc,heap     ] GC(33) Humongous regions: 20->20
[2025-12-24T10:53:39.541+0000][gc,metaspace] GC(33) Metaspace: 11363K(11840K)->11363K(11840K) NonClass: 10306K(10560K)->10306K(10560K) Class: 1057K(1280K)->1057K(1280K)
[2025-12-24T10:53:39.541+0000][gc          ] GC(33) Pause Young (Normal) (G1 Evacuation Pause) 651M->41M(1024M) 15.603ms
[2025-12-24T10:53:39.541+0000][gc,cpu      ] GC(33) User=0.08s Sys=0.00s Real=0.02s
[2025-12-24T10:54:29.657+0000][gc,start    ] GC(34) Pause Young (Normal) (G1 Evacuation Pause)
[2025-12-24T10:54:29.658+0000][gc,task     ] GC(34) Using 8 workers of 8 for evacuation
[2025-12-24T10:54:29.669+0000][gc,phases   ] GC(34)   Pre Evacuate Collection Set: 0.8ms
[2025-12-24T10:54:29.669+0000][gc,phases   ] GC(34)   Merge Heap Roots: 0.2ms
[2025-12-24T10:54:29.669+0000][gc,phases   ] GC(34)   Evacuate Collection Set: 8.7ms
[2025-12-24T10:54:29.669+0000][gc,phases   ] GC(34)   Post Evacuate Collection Set: 1.2ms
[2025-12-24T10:54:29.669+0000][gc,phases   ] GC(34)   Other: 0.3ms
[2025-12-24T10:54:29.669+0000][gc,heap     ] GC(34) Eden regions: 610->0(609)
[2025-12-24T10:54:29.669+0000][gc,heap     ] GC(34) Survivor regions: 4->5(77)
[2025-12-24T10:54:29.669+0000][gc,heap     ] GC(34) Old regions: 18->18
[2025-12-24T10:54:29.669+0000][gc,heap     ] GC(34) Humongous regions: 20->20
[2025-12-24T10:54:29.670+0000][gc,metaspace] GC(34) Metaspace: 11364K(11840K)->11364K(11840K) NonClass: 10306K(10560K)->10306K(10560K) Class: 1057K(1280K)->1057K(1280K)
[2025-12-24T10:54:29.670+0000][gc          ] GC(34) Pause Young (Normal) (G1 Evacuation Pause) 651M->42M(1024M) 12.581ms
[2025-12-24T10:54:29.670+0000][gc,cpu      ] GC(34) User=0.08s Sys=0.00s Real=0.01s
[2025-12-24T10:55:29.491+0000][gc,start    ] GC(35) Pause Young (Normal) (G1 Evacuation Pause)
[2025-12-24T10:55:29.492+0000][gc,task     ] GC(35) Using 8 workers of 8 for evacuation
[2025-12-24T10:55:29.501+0000][gc,phases   ] GC(35)   Pre Evacuate Collection Set: 0.7ms
[2025-12-24T10:55:29.502+0000][gc,phases   ] GC(35)   Merge Heap Roots: 0.2ms
[2025-12-24T10:55:29.502+0000][gc,phases   ] GC(35)   Evacuate Collection Set: 7.9ms
[2025-12-24T10:55:29.502+0000][gc,phases   ] GC(35)   Post Evacuate Collection Set: 0.9ms
[2025-12-24T10:55:29.502+0000][gc,phases   ] GC(35)   Other: 0.2ms
[2025-12-24T10:55:29.502+0000][gc,heap     ] GC(35) Eden regions: 609->0(610)
[2025-12-24T10:55:29.502+0000][gc,heap     ] GC(35) Survivor regions: 5->4(77)
[2025-12-24T10:55:29.502+0000][gc,heap     ] GC(35) Old regions: 18->18
[2025-12-24T10:55:29.502+0000][gc,heap     ] GC(35) Humongous regions: 20->20
[2025-12-24T10:55:29.502+0000][gc,metaspace] GC(35) Metaspace: 11373K(11840K)->11373K(11840K) NonClass: 10316K(10560K)->10316K(10560K) Class: 1057K(1280K)->1057K(1280K)
[2025-12-24T10:55:29.502+0000][gc          ] GC(35) Pause Young (Normal) (G1 Evacuation Pause) 651M->41M(1024M) 11.615ms
[2025-12-24T10:55:29.502+0000][gc,cpu      ] GC(35) User=0.07s Sys=0.00s Real=0.01s
[2025-12-24T10:56:19.617+0000][gc,start    ] GC(36) Pause Young (Normal) (G1 Evacuation Pause)
[2025-12-24T10:56:19.618+0000][gc,task     ] GC(36) Using 8 workers of 8 for evacuation
[2025-12-24T10:56:19.625+0000][gc,phases   ] GC(36)   Pre Evacuate Collection Set: 0.8ms
[2025-12-24T10:56:19.625+0000][gc,phases   ] GC(36)   Merge Heap Roots: 0.2ms
[2025-12-24T10:56:19.625+0000][gc,phases   ] GC(36)   Evacuate Collection Set: 3.7ms
[2025-12-24T10:56:19.625+0000][gc,phases   ] GC(36)   Post Evacuate Collection Set: 2.7ms
[2025-12-24T10:56:19.626+0000][gc,phases   ] GC(36)   Other: 0.2ms
[2025-12-24T10:56:19.626+0000][gc,heap     ] GC(36) Eden regions: 610->0(609)
[2025-12-24T10:56:19.626+0000][gc,heap     ] GC(36) Survivor regions: 4->5(77)
[2025-12-24T10:56:19.626+0000][gc,heap     ] GC(36) Old regions: 18->19
[2025-12-24T10:56:19.626+0000][gc,heap     ] GC(36) Humongous regions: 20->20
[2025-12-24T10:56:19.626+0000][gc,metaspace] GC(36) Metaspace: 11374K(11840K)->11374K(11840K) NonClass: 10317K(10560K)->10317K(10560K) Class: 1057K(1280K)->1057K(1280K)
[2025-12-24T10:56:19.626+0000][gc          ] GC(36) Pause Young (Normal) (G1 Evacuation Pause) 651M->42M(1024M) 9.428ms
[2025-12-24T10:56:19.626+0000][gc,cpu      ] GC(36) User=0.04s Sys=0.00s Real=0.01s
[2025-12-24T10:57:19.464+0000][gc,start    ] GC(37) Pause Young (Normal) (G1 Evacuation Pause)
[2025-12-24T10:57:19.465+0000][gc,task     ] GC(37) Using 8 workers of 8 for evacuation
[2025-12-24T10:57:19.471+0000][gc,phases   ] GC(37)   Pre Evacuate Collection Set: 0.8ms
[2025-12-24T10:57:19.471+0000][gc,phases   ] GC(37)   Merge Heap Roots: 0.2ms
[2025-12-24T10:57:19.471+0000][gc,phases   ] GC(37)   Evacuate Collection Set: 3.6ms
[2025-12-24T10:57:19.471+0000][gc,phases   ] GC(37)   Post Evacuate Collection Set: 0.9ms
[2025-12-24T10:57:19.471+0000][gc,phases   ] GC(37)   Other: 0.2ms
[2025-12-24T10:57:19.472+0000][gc,heap     ] GC(37) Eden regions: 609->0(610)
[2025-12-24T10:57:19.472+0000][gc,heap     ] GC(37) Survivor regions: 5->4(77)
[2025-12-24T10:57:19.472+0000][gc,heap     ] GC(37) Old regions: 19->19
[2025-12-24T10:57:19.472+0000][gc,heap     ] GC(37) Humongous regions: 20->20
[2025-12-24T10:57:19.472+0000][gc,metaspace] GC(37) Metaspace: 11386K(11840K)->11386K(11840K) NonClass: 10329K(10560K)->10329K(10560K) Class: 1057K(1280K)->1057K(1280K)
[2025-12-24T10:57:19.472+0000][gc          ] GC(37) Pause Young (Normal) (G1 Evacuation Pause) 651M->41M(1024M) 7.604ms
[2025-12-24T10:57:19.472+0000][gc,cpu      ] GC(37) User=0.03s Sys=0.00s Real=0.01s
[2025-12-24T10:58:09.628+0000][gc,start    ] GC(38) Pause Young (Normal) (G1 Evacuation Pause)
[2025-12-24T10:58:09.630+0000][gc,task     ] GC(38) Using 8 workers of 8 for evacuation
[2025-12-24T10:58:09.635+0000][gc,phases   ] GC(38)   Pre Evacuate Collection Set: 0.7ms
[2025-12-24T10:58:09.635+0000][gc,phases   ] GC(38)   Merge Heap Roots: 0.2ms
[2025-12-24T10:58:09.635+0000][gc,phases   ] GC(38)   Evacuate Collection Set: 3.6ms
[2025-12-24T10:58:09.636+0000][gc,phases   ] GC(38)   Post Evacuate Collection Set: 1.0ms
[2025-12-24T10:58:09.636+0000][gc,phases   ] GC(38)   Other: 0.3ms
[2025-12-24T10:58:09.636+0000][gc,heap     ] GC(38) Eden regions: 610->0(609)
[2025-12-24T10:58:09.636+0000][gc,heap     ] GC(38) Survivor regions: 4->5(77)
[2025-12-24T10:58:09.636+0000][gc,heap     ] GC(38) Old regions: 19->19
[2025-12-24T10:58:09.636+0000][gc,heap     ] GC(38) Humongous regions: 20->20
[2025-12-24T10:58:09.636+0000][gc,metaspace] GC(38) Metaspace: 11398K(11840K)->11398K(11840K) NonClass: 10340K(10560K)->10340K(10560K) Class: 1057K(1280K)->1057K(1280K)
[2025-12-24T10:58:09.636+0000][gc          ] GC(38) Pause Young (Normal) (G1 Evacuation Pause) 651M->42M(1024M) 7.778ms
[2025-12-24T10:58:09.636+0000][gc,cpu      ] GC(38) User=0.04s Sys=0.00s Real=0.00s
[2025-12-24T10:59:09.459+0000][gc,start    ] GC(39) Pause Young (Normal) (G1 Evacuation Pause)
[2025-12-24T10:59:09.460+0000][gc,task     ] GC(39) Using 8 workers of 8 for evacuation
[2025-12-24T10:59:09.480+0000][gc,phases   ] GC(39)   Pre Evacuate Collection Set: 0.9ms
[2025-12-24T10:59:09.480+0000][gc,phases   ] GC(39)   Merge Heap Roots: 0.2ms
[2025-12-24T10:59:09.480+0000][gc,phases   ] GC(39)   Evacuate Collection Set: 16.9ms
[2025-12-24T10:59:09.480+0000][gc,phases   ] GC(39)   Post Evacuate Collection Set: 1.9ms
[2025-12-24T10:59:09.480+0000][gc,phases   ] GC(39)   Other: 0.3ms
[2025-12-24T10:59:09.480+0000][gc,heap     ] GC(39) Eden regions: 609->0(610)
[2025-12-24T10:59:09.480+0000][gc,heap     ] GC(39) Survivor regions: 5->4(77)
[2025-12-24T10:59:09.480+0000][gc,heap     ] GC(39) Old regions: 19->19
[2025-12-24T10:59:09.481+0000][gc,heap     ] GC(39) Humongous regions: 20->20
[2025-12-24T10:59:09.481+0000][gc,metaspace] GC(39) Metaspace: 11451K(11840K)->11451K(11840K) NonClass: 10393K(10560K)->10393K(10560K) Class: 1057K(1280K)->1057K(1280K)
[2025-12-24T10:59:09.481+0000][gc          ] GC(39) Pause Young (Normal) (G1 Evacuation Pause) 651M->41M(1024M) 22.119ms
[2025-12-24T10:59:09.481+0000][gc,cpu      ] GC(39) User=0.13s Sys=0.00s Real=0.03s
[2025-12-24T11:04:35.605+0000][gc,start    ] GC(40) Pause Young (Normal) (G1 Evacuation Pause)
[2025-12-24T11:04:35.605+0000][gc,task     ] GC(40) Using 8 workers of 8 for evacuation
[2025-12-24T11:04:35.613+0000][gc,phases   ] GC(40)   Pre Evacuate Collection Set: 0.8ms
[2025-12-24T11:04:35.613+0000][gc,phases   ] GC(40)   Merge Heap Roots: 0.1ms
[2025-12-24T11:04:35.613+0000][gc,phases   ] GC(40)   Evacuate Collection Set: 5.2ms
[2025-12-24T11:04:35.613+0000][gc,phases   ] GC(40)   Post Evacuate Collection Set: 0.9ms
[2025-12-24T11:04:35.613+0000][gc,phases   ] GC(40)   Other: 0.2ms
[2025-12-24T11:04:35.613+0000][gc,heap     ] GC(40) Eden regions: 610->0(609)
[2025-12-24T11:04:35.613+0000][gc,heap     ] GC(40) Survivor regions: 4->5(77)
[2025-12-24T11:04:35.613+0000][gc,heap     ] GC(40) Old regions: 19->19
[2025-12-24T11:04:35.613+0000][gc,heap     ] GC(40) Humongous regions: 20->20
[2025-12-24T11:04:35.613+0000][gc,metaspace] GC(40) Metaspace: 11508K(11904K)->11508K(11904K) NonClass: 10440K(10624K)->10440K(10624K) Class: 1067K(1280K)->1067K(1280K)
[2025-12-24T11:04:35.613+0000][gc          ] GC(40) Pause Young (Normal) (G1 Evacuation Pause) 651M->42M(1024M) 8.286ms
[2025-12-24T11:04:35.613+0000][gc,cpu      ] GC(40) User=0.04s Sys=0.00s Real=0.01s
[2025-12-24T11:05:35.364+0000][gc,start    ] GC(41) Pause Young (Normal) (G1 Evacuation Pause)
[2025-12-24T11:05:35.364+0000][gc,task     ] GC(41) Using 8 workers of 8 for evacuation
[2025-12-24T11:05:35.371+0000][gc,phases   ] GC(41)   Pre Evacuate Collection Set: 0.8ms
[2025-12-24T11:05:35.371+0000][gc,phases   ] GC(41)   Merge Heap Roots: 0.2ms
[2025-12-24T11:05:35.371+0000][gc,phases   ] GC(41)   Evacuate Collection Set: 4.5ms
[2025-12-24T11:05:35.371+0000][gc,phases   ] GC(41)   Post Evacuate Collection Set: 1.0ms
[2025-12-24T11:05:35.371+0000][gc,phases   ] GC(41)   Other: 0.2ms
[2025-12-24T11:05:35.371+0000][gc,heap     ] GC(41) Eden regions: 609->0(610)
[2025-12-24T11:05:35.371+0000][gc,heap     ] GC(41) Survivor regions: 5->4(77)
[2025-12-24T11:05:35.371+0000][gc,heap     ] GC(41) Old regions: 19->19
[2025-12-24T11:05:35.371+0000][gc,heap     ] GC(41) Humongous regions: 20->20
[2025-12-24T11:05:35.372+0000][gc,metaspace] GC(41) Metaspace: 11569K(11968K)->11569K(11968K) NonClass: 10502K(10688K)->10502K(10688K) Class: 1067K(1280K)->1067K(1280K)
[2025-12-24T11:05:35.372+0000][gc          ] GC(41) Pause Young (Normal) (G1 Evacuation Pause) 651M->42M(1024M) 7.916ms
[2025-12-24T11:05:35.372+0000][gc,cpu      ] GC(41) User=0.05s Sys=0.00s Real=0.01s
[2025-12-24T11:06:25.555+0000][gc,start    ] GC(42) Pause Young (Normal) (G1 Evacuation Pause)
[2025-12-24T11:06:25.557+0000][gc,task     ] GC(42) Using 8 workers of 8 for evacuation
[2025-12-24T11:06:25.562+0000][gc,phases   ] GC(42)   Pre Evacuate Collection Set: 0.8ms
[2025-12-24T11:06:25.562+0000][gc,phases   ] GC(42)   Merge Heap Roots: 0.2ms
[2025-12-24T11:06:25.562+0000][gc,phases   ] GC(42)   Evacuate Collection Set: 3.6ms
[2025-12-24T11:06:25.562+0000][gc,phases   ] GC(42)   Post Evacuate Collection Set: 0.9ms
[2025-12-24T11:06:25.563+0000][gc,phases   ] GC(42)   Other: 0.2ms
[2025-12-24T11:06:25.563+0000][gc,heap     ] GC(42) Eden regions: 610->0(610)
[2025-12-24T11:06:25.563+0000][gc,heap     ] GC(42) Survivor regions: 4->4(77)
[2025-12-24T11:06:25.563+0000][gc,heap     ] GC(42) Old regions: 19->19
[2025-12-24T11:06:25.563+0000][gc,heap     ] GC(42) Humongous regions: 20->20
[2025-12-24T11:06:25.563+0000][gc,metaspace] GC(42) Metaspace: 11597K(12032K)->11597K(12032K) NonClass: 10529K(10752K)->10529K(10752K) Class: 1067K(1280K)->1067K(1280K)
[2025-12-24T11:06:25.563+0000][gc          ] GC(42) Pause Young (Normal) (G1 Evacuation Pause) 652M->42M(1024M) 7.522ms
[2025-12-24T11:06:25.563+0000][gc,cpu      ] GC(42) User=0.04s Sys=0.00s Real=0.01s
[2025-12-24T11:07:25.378+0000][gc,start    ] GC(43) Pause Young (Normal) (G1 Evacuation Pause)
[2025-12-24T11:07:25.379+0000][gc,task     ] GC(43) Using 8 workers of 8 for evacuation
[2025-12-24T11:07:25.393+0000][gc,phases   ] GC(43)   Pre Evacuate Collection Set: 1.5ms
[2025-12-24T11:07:25.393+0000][gc,phases   ] GC(43)   Merge Heap Roots: 0.5ms
[2025-12-24T11:07:25.393+0000][gc,phases   ] GC(43)   Evacuate Collection Set: 10.4ms
[2025-12-24T11:07:25.393+0000][gc,phases   ] GC(43)   Post Evacuate Collection Set: 1.1ms
[2025-12-24T11:07:25.393+0000][gc,phases   ] GC(43)   Other: 0.6ms
[2025-12-24T11:07:25.393+0000][gc,heap     ] GC(43) Eden regions: 610->0(610)
[2025-12-24T11:07:25.393+0000][gc,heap     ] GC(43) Survivor regions: 4->4(77)
[2025-12-24T11:07:25.394+0000][gc,heap     ] GC(43) Old regions: 19->19
[2025-12-24T11:07:25.394+0000][gc,heap     ] GC(43) Humongous regions: 20->20
[2025-12-24T11:07:25.394+0000][gc,metaspace] GC(43) Metaspace: 11668K(12096K)->11668K(12096K) NonClass: 10600K(10816K)->10600K(10816K) Class: 1067K(1280K)->1067K(1280K)
[2025-12-24T11:07:25.394+0000][gc          ] GC(43) Pause Young (Normal) (G1 Evacuation Pause) 652M->42M(1024M) 15.401ms
[2025-12-24T11:07:25.394+0000][gc,cpu      ] GC(43) User=0.10s Sys=0.00s Real=0.02s
[2025-12-24T11:08:15.616+0000][gc,start    ] GC(44) Pause Young (Normal) (G1 Evacuation Pause)
[2025-12-24T11:08:15.618+0000][gc,task     ] GC(44) Using 8 workers of 8 for evacuation
[2025-12-24T11:08:15.630+0000][gc,phases   ] GC(44)   Pre Evacuate Collection Set: 2.0ms
[2025-12-24T11:08:15.630+0000][gc,phases   ] GC(44)   Merge Heap Roots: 0.2ms
[2025-12-24T11:08:15.630+0000][gc,phases   ] GC(44)   Evacuate Collection Set: 8.1ms
[2025-12-24T11:08:15.630+0000][gc,phases   ] GC(44)   Post Evacuate Collection Set: 1.0ms
[2025-12-24T11:08:15.630+0000][gc,phases   ] GC(44)   Other: 0.3ms
[2025-12-24T11:08:15.630+0000][gc,heap     ] GC(44) Eden regions: 610->0(610)
[2025-12-24T11:08:15.630+0000][gc,heap     ] GC(44) Survivor regions: 4->4(77)
[2025-12-24T11:08:15.630+0000][gc,heap     ] GC(44) Old regions: 19->19
[2025-12-24T11:08:15.630+0000][gc,heap     ] GC(44) Humongous regions: 20->20
[2025-12-24T11:08:15.630+0000][gc,metaspace] GC(44) Metaspace: 11706K(12096K)->11706K(12096K) NonClass: 10639K(10816K)->10639K(10816K) Class: 1067K(1280K)->1067K(1280K)
[2025-12-24T11:08:15.630+0000][gc          ] GC(44) Pause Young (Normal) (G1 Evacuation Pause) 652M->42M(1024M) 13.806ms
[2025-12-24T11:08:15.630+0000][gc,cpu      ] GC(44) User=0.06s Sys=0.00s Real=0.01s
[2025-12-24T11:09:15.408+0000][gc,start    ] GC(45) Pause Young (Normal) (G1 Evacuation Pause)
[2025-12-24T11:09:15.409+0000][gc,task     ] GC(45) Using 8 workers of 8 for evacuation
[2025-12-24T11:09:15.422+0000][gc,phases   ] GC(45)   Pre Evacuate Collection Set: 1.3ms
[2025-12-24T11:09:15.422+0000][gc,phases   ] GC(45)   Merge Heap Roots: 0.3ms
[2025-12-24T11:09:15.422+0000][gc,phases   ] GC(45)   Evacuate Collection Set: 10.8ms
[2025-12-24T11:09:15.422+0000][gc,phases   ] GC(45)   Post Evacuate Collection Set: 0.8ms
[2025-12-24T11:09:15.422+0000][gc,phases   ] GC(45)   Other: 0.2ms
[2025-12-24T11:09:15.423+0000][gc,heap     ] GC(45) Eden regions: 610->0(610)
[2025-12-24T11:09:15.423+0000][gc,heap     ] GC(45) Survivor regions: 4->4(77)
[2025-12-24T11:09:15.423+0000][gc,heap     ] GC(45) Old regions: 19->20
[2025-12-24T11:09:15.423+0000][gc,heap     ] GC(45) Humongous regions: 20->20
[2025-12-24T11:09:15.423+0000][gc,metaspace] GC(45) Metaspace: 11742K(12160K)->11742K(12160K) NonClass: 10674K(10880K)->10674K(10880K) Class: 1067K(1280K)->1067K(1280K)
[2025-12-24T11:09:15.423+0000][gc          ] GC(45) Pause Young (Normal) (G1 Evacuation Pause) 652M->42M(1024M) 14.451ms
[2025-12-24T11:09:15.423+0000][gc,cpu      ] GC(45) User=0.07s Sys=0.02s Real=0.01s
[2025-12-24T11:10:05.573+0000][gc,start    ] GC(46) Pause Young (Normal) (G1 Evacuation Pause)
[2025-12-24T11:10:05.573+0000][gc,task     ] GC(46) Using 8 workers of 8 for evacuation
[2025-12-24T11:10:05.585+0000][gc,phases   ] GC(46)   Pre Evacuate Collection Set: 3.0ms
[2025-12-24T11:10:05.585+0000][gc,phases   ] GC(46)   Merge Heap Roots: 0.2ms
[2025-12-24T11:10:05.585+0000][gc,phases   ] GC(46)   Evacuate Collection Set: 7.3ms
[2025-12-24T11:10:05.585+0000][gc,phases   ] GC(46)   Post Evacuate Collection Set: 0.8ms
[2025-12-24T11:10:05.585+0000][gc,phases   ] GC(46)   Other: 0.2ms
[2025-12-24T11:10:05.585+0000][gc,heap     ] GC(46) Eden regions: 610->0(610)
[2025-12-24T11:10:05.585+0000][gc,heap     ] GC(46) Survivor regions: 4->4(77)
[2025-12-24T11:10:05.585+0000][gc,heap     ] GC(46) Old regions: 20->20
[2025-12-24T11:10:05.585+0000][gc,heap     ] GC(46) Humongous regions: 20->20
[2025-12-24T11:10:05.586+0000][gc,metaspace] GC(46) Metaspace: 11752K(12160K)->11752K(12160K) NonClass: 10684K(10880K)->10684K(10880K) Class: 1067K(1280K)->1067K(1280K)
[2025-12-24T11:10:05.586+0000][gc          ] GC(46) Pause Young (Normal) (G1 Evacuation Pause) 652M->42M(1024M) 13.036ms
[2025-12-24T11:10:05.586+0000][gc,cpu      ] GC(46) User=0.08s Sys=0.00s Real=0.02s
[2025-12-24T11:11:05.411+0000][gc,start    ] GC(47) Pause Young (Normal) (G1 Evacuation Pause)
[2025-12-24T11:11:05.412+0000][gc,task     ] GC(47) Using 8 workers of 8 for evacuation
[2025-12-24T11:11:05.419+0000][gc,phases   ] GC(47)   Pre Evacuate Collection Set: 0.9ms
[2025-12-24T11:11:05.419+0000][gc,phases   ] GC(47)   Merge Heap Roots: 0.2ms
[2025-12-24T11:11:05.419+0000][gc,phases   ] GC(47)   Evacuate Collection Set: 4.0ms
[2025-12-24T11:11:05.419+0000][gc,phases   ] GC(47)   Post Evacuate Collection Set: 1.0ms
[2025-12-24T11:11:05.419+0000][gc,phases   ] GC(47)   Other: 0.3ms
[2025-12-24T11:11:05.419+0000][gc,heap     ] GC(47) Eden regions: 610->0(611)
[2025-12-24T11:11:05.419+0000][gc,heap     ] GC(47) Survivor regions: 4->3(77)
[2025-12-24T11:11:05.419+0000][gc,heap     ] GC(47) Old regions: 20->20
[2025-12-24T11:11:05.420+0000][gc,heap     ] GC(47) Humongous regions: 20->20
[2025-12-24T11:11:05.420+0000][gc,metaspace] GC(47) Metaspace: 11756K(12160K)->11756K(12160K) NonClass: 10688K(10880K)->10688K(10880K) Class: 1067K(1280K)->1067K(1280K)
[2025-12-24T11:11:05.420+0000][gc          ] GC(47) Pause Young (Normal) (G1 Evacuation Pause) 652M->42M(1024M) 8.576ms
[2025-12-24T11:11:05.420+0000][gc,cpu      ] GC(47) User=0.04s Sys=0.00s Real=0.01s
[2025-12-24T11:11:55.580+0000][gc,start    ] GC(48) Pause Young (Normal) (G1 Evacuation Pause)
[2025-12-24T11:11:55.581+0000][gc,task     ] GC(48) Using 8 workers of 8 for evacuation
[2025-12-24T11:11:55.590+0000][gc,phases   ] GC(48)   Pre Evacuate Collection Set: 0.9ms
[2025-12-24T11:11:55.591+0000][gc,phases   ] GC(48)   Merge Heap Roots: 0.2ms
[2025-12-24T11:11:55.591+0000][gc,phases   ] GC(48)   Evacuate Collection Set: 6.6ms
[2025-12-24T11:11:55.591+0000][gc,phases   ] GC(48)   Post Evacuate Collection Set: 1.0ms
[2025-12-24T11:11:55.591+0000][gc,phases   ] GC(48)   Other: 0.2ms
[2025-12-24T11:11:55.591+0000][gc,heap     ] GC(48) Eden regions: 611->0(610)
[2025-12-24T11:11:55.591+0000][gc,heap     ] GC(48) Survivor regions: 3->4(77)
[2025-12-24T11:11:55.591+0000][gc,heap     ] GC(48) Old regions: 20->20
[2025-12-24T11:11:55.591+0000][gc,heap     ] GC(48) Humongous regions: 20->20
[2025-12-24T11:11:55.591+0000][gc,metaspace] GC(48) Metaspace: 11760K(12160K)->11760K(12160K) NonClass: 10692K(10880K)->10692K(10880K) Class: 1068K(1280K)->1068K(1280K)
[2025-12-24T11:11:55.591+0000][gc          ] GC(48) Pause Young (Normal) (G1 Evacuation Pause) 653M->43M(1024M) 11.108ms
[2025-12-24T11:11:55.591+0000][gc,cpu      ] GC(48) User=0.05s Sys=0.00s Real=0.01s
[2025-12-24T11:12:55.432+0000][gc,start    ] GC(49) Pause Young (Normal) (G1 Evacuation Pause)
[2025-12-24T11:12:55.434+0000][gc,task     ] GC(49) Using 8 workers of 8 for evacuation
[2025-12-24T11:12:55.440+0000][gc,phases   ] GC(49)   Pre Evacuate Collection Set: 0.8ms
[2025-12-24T11:12:55.440+0000][gc,phases   ] GC(49)   Merge Heap Roots: 0.2ms
[2025-12-24T11:12:55.440+0000][gc,phases   ] GC(49)   Evacuate Collection Set: 3.1ms
[2025-12-24T11:12:55.440+0000][gc,phases   ] GC(49)   Post Evacuate Collection Set: 1.8ms
[2025-12-24T11:12:55.440+0000][gc,phases   ] GC(49)   Other: 0.2ms
[2025-12-24T11:12:55.440+0000][gc,heap     ] GC(49) Eden regions: 610->0(611)
[2025-12-24T11:12:55.440+0000][gc,heap     ] GC(49) Survivor regions: 4->3(77)
[2025-12-24T11:12:55.440+0000][gc,heap     ] GC(49) Old regions: 20->20
[2025-12-24T11:12:55.440+0000][gc,heap     ] GC(49) Humongous regions: 20->20
[2025-12-24T11:12:55.440+0000][gc,metaspace] GC(49) Metaspace: 11781K(12224K)->11781K(12224K) NonClass: 10712K(10944K)->10712K(10944K) Class: 1068K(1280K)->1068K(1280K)
[2025-12-24T11:12:55.440+0000][gc          ] GC(49) Pause Young (Normal) (G1 Evacuation Pause) 653M->42M(1024M) 8.086ms
[2025-12-24T11:12:55.441+0000][gc,cpu      ] GC(49) User=0.04s Sys=0.00s Real=0.01s
[2025-12-24T11:13:45.606+0000][gc,start    ] GC(50) Pause Young (Normal) (G1 Evacuation Pause)
[2025-12-24T11:13:45.606+0000][gc,task     ] GC(50) Using 8 workers of 8 for evacuation
[2025-12-24T11:13:45.612+0000][gc,phases   ] GC(50)   Pre Evacuate Collection Set: 0.8ms
[2025-12-24T11:13:45.612+0000][gc,phases   ] GC(50)   Merge Heap Roots: 0.2ms
[2025-12-24T11:13:45.612+0000][gc,phases   ] GC(50)   Evacuate Collection Set: 3.6ms
[2025-12-24T11:13:45.612+0000][gc,phases   ] GC(50)   Post Evacuate Collection Set: 0.9ms
[2025-12-24T11:13:45.612+0000][gc,phases   ] GC(50)   Other: 0.2ms
[2025-12-24T11:13:45.612+0000][gc,heap     ] GC(50) Eden regions: 611->0(610)
[2025-12-24T11:13:45.612+0000][gc,heap     ] GC(50) Survivor regions: 3->4(77)
[2025-12-24T11:13:45.612+0000][gc,heap     ] GC(50) Old regions: 20->20
[2025-12-24T11:13:45.612+0000][gc,heap     ] GC(50) Humongous regions: 20->20
[2025-12-24T11:13:45.612+0000][gc,metaspace] GC(50) Metaspace: 11807K(12224K)->11807K(12224K) NonClass: 10739K(10944K)->10739K(10944K) Class: 1068K(1280K)->1068K(1280K)
[2025-12-24T11:13:45.612+0000][gc          ] GC(50) Pause Young (Normal) (G1 Evacuation Pause) 653M->43M(1024M) 6.764ms
[2025-12-24T11:13:45.613+0000][gc,cpu      ] GC(50) User=0.03s Sys=0.00s Real=0.01s
[2025-12-24T11:14:45.440+0000][gc,start    ] GC(51) Pause Young (Normal) (G1 Evacuation Pause)
[2025-12-24T11:14:45.441+0000][gc,task     ] GC(51) Using 8 workers of 8 for evacuation
[2025-12-24T11:14:45.456+0000][gc,phases   ] GC(51)   Pre Evacuate Collection Set: 1.5ms
[2025-12-24T11:14:45.456+0000][gc,phases   ] GC(51)   Merge Heap Roots: 0.3ms
[2025-12-24T11:14:45.456+0000][gc,phases   ] GC(51)   Evacuate Collection Set: 10.2ms
[2025-12-24T11:14:45.456+0000][gc,phases   ] GC(51)   Post Evacuate Collection Set: 1.2ms
[2025-12-24T11:14:45.456+0000][gc,phases   ] GC(51)   Other: 1.4ms
[2025-12-24T11:14:45.456+0000][gc,heap     ] GC(51) Eden regions: 610->0(611)
[2025-12-24T11:14:45.456+0000][gc,heap     ] GC(51) Survivor regions: 4->3(77)
[2025-12-24T11:14:45.457+0000][gc,heap     ] GC(51) Old regions: 20->20
[2025-12-24T11:14:45.457+0000][gc,heap     ] GC(51) Humongous regions: 20->20
[2025-12-24T11:14:45.457+0000][gc,metaspace] GC(51) Metaspace: 11931K(12288K)->11931K(12288K) NonClass: 10863K(11008K)->10863K(11008K) Class: 1068K(1280K)->1068K(1280K)
[2025-12-24T11:14:45.457+0000][gc          ] GC(51) Pause Young (Normal) (G1 Evacuation Pause) 653M->42M(1024M) 16.733ms
[2025-12-24T11:14:45.457+0000][gc,cpu      ] GC(51) User=0.09s Sys=0.00s Real=0.02s
[2025-12-24T11:15:35.587+0000][gc,start    ] GC(52) Pause Young (Normal) (G1 Evacuation Pause)
[2025-12-24T11:15:35.588+0000][gc,task     ] GC(52) Using 8 workers of 8 for evacuation
[2025-12-24T11:15:35.598+0000][gc,phases   ] GC(52)   Pre Evacuate Collection Set: 1.1ms
[2025-12-24T11:15:35.599+0000][gc,phases   ] GC(52)   Merge Heap Roots: 0.3ms
[2025-12-24T11:15:35.599+0000][gc,phases   ] GC(52)   Evacuate Collection Set: 6.6ms
[2025-12-24T11:15:35.599+0000][gc,phases   ] GC(52)   Post Evacuate Collection Set: 2.2ms
[2025-12-24T11:15:35.599+0000][gc,phases   ] GC(52)   Other: 0.2ms
[2025-12-24T11:15:35.599+0000][gc,heap     ] GC(52) Eden regions: 611->0(610)
[2025-12-24T11:15:35.599+0000][gc,heap     ] GC(52) Survivor regions: 3->4(77)
[2025-12-24T11:15:35.599+0000][gc,heap     ] GC(52) Old regions: 20->20
[2025-12-24T11:15:35.599+0000][gc,heap     ] GC(52) Humongous regions: 20->20
[2025-12-24T11:15:35.599+0000][gc,metaspace] GC(52) Metaspace: 11931K(12288K)->11931K(12288K) NonClass: 10863K(11008K)->10863K(11008K) Class: 1068K(1280K)->1068K(1280K)
[2025-12-24T11:15:35.600+0000][gc          ] GC(52) Pause Young (Normal) (G1 Evacuation Pause) 653M->43M(1024M) 12.694ms
[2025-12-24T11:15:35.600+0000][gc,cpu      ] GC(52) User=0.05s Sys=0.00s Real=0.01s
[2025-12-24T11:16:35.419+0000][gc,start    ] GC(53) Pause Young (Normal) (G1 Evacuation Pause)
[2025-12-24T11:16:35.420+0000][gc,task     ] GC(53) Using 8 workers of 8 for evacuation
[2025-12-24T11:16:35.426+0000][gc,phases   ] GC(53)   Pre Evacuate Collection Set: 1.0ms
[2025-12-24T11:16:35.427+0000][gc,phases   ] GC(53)   Merge Heap Roots: 0.2ms
[2025-12-24T11:16:35.427+0000][gc,phases   ] GC(53)   Evacuate Collection Set: 3.8ms
[2025-12-24T11:16:35.427+0000][gc,phases   ] GC(53)   Post Evacuate Collection Set: 0.9ms
[2025-12-24T11:16:35.427+0000][gc,phases   ] GC(53)   Other: 0.3ms
[2025-12-24T11:16:35.427+0000][gc,heap     ] GC(53) Eden regions: 610->0(611)
[2025-12-24T11:16:35.427+0000][gc,heap     ] GC(53) Survivor regions: 4->3(77)
[2025-12-24T11:16:35.427+0000][gc,heap     ] GC(53) Old regions: 20->21
[2025-12-24T11:16:35.427+0000][gc,heap     ] GC(53) Humongous regions: 20->20
[2025-12-24T11:16:35.427+0000][gc,metaspace] GC(53) Metaspace: 11931K(12288K)->11931K(12288K) NonClass: 10863K(11008K)->10863K(11008K) Class: 1068K(1280K)->1068K(1280K)
[2025-12-24T11:16:35.427+0000][gc          ] GC(53) Pause Young (Normal) (G1 Evacuation Pause) 653M->42M(1024M) 8.098ms
[2025-12-24T11:16:35.427+0000][gc,cpu      ] GC(53) User=0.04s Sys=0.00s Real=0.01s
[2025-12-24T11:17:25.587+0000][gc,start    ] GC(54) Pause Young (Normal) (G1 Evacuation Pause)
[2025-12-24T11:17:25.589+0000][gc,task     ] GC(54) Using 8 workers of 8 for evacuation
[2025-12-24T11:17:25.598+0000][gc,phases   ] GC(54)   Pre Evacuate Collection Set: 0.8ms
[2025-12-24T11:17:25.598+0000][gc,phases   ] GC(54)   Merge Heap Roots: 0.2ms
[2025-12-24T11:17:25.598+0000][gc,phases   ] GC(54)   Evacuate Collection Set: 6.6ms
[2025-12-24T11:17:25.598+0000][gc,phases   ] GC(54)   Post Evacuate Collection Set: 1.0ms
[2025-12-24T11:17:25.598+0000][gc,phases   ] GC(54)   Other: 0.3ms
[2025-12-24T11:17:25.598+0000][gc,heap     ] GC(54) Eden regions: 611->0(611)
[2025-12-24T11:17:25.598+0000][gc,heap     ] GC(54) Survivor regions: 3->3(77)
[2025-12-24T11:17:25.598+0000][gc,heap     ] GC(54) Old regions: 21->21
[2025-12-24T11:17:25.598+0000][gc,heap     ] GC(54) Humongous regions: 20->20
[2025-12-24T11:17:25.598+0000][gc,metaspace] GC(54) Metaspace: 11931K(12288K)->11931K(12288K) NonClass: 10863K(11008K)->10863K(11008K) Class: 1068K(1280K)->1068K(1280K)
[2025-12-24T11:17:25.598+0000][gc          ] GC(54) Pause Young (Normal) (G1 Evacuation Pause) 653M->43M(1024M) 10.942ms
[2025-12-24T11:17:25.598+0000][gc,cpu      ] GC(54) User=0.05s Sys=0.00s Real=0.01s
[2025-12-24T11:18:25.449+0000][gc,start    ] GC(55) Pause Young (Normal) (G1 Evacuation Pause)
[2025-12-24T11:18:25.450+0000][gc,task     ] GC(55) Using 8 workers of 8 for evacuation
[2025-12-24T11:18:25.457+0000][gc,phases   ] GC(55)   Pre Evacuate Collection Set: 0.7ms
[2025-12-24T11:18:25.457+0000][gc,phases   ] GC(55)   Merge Heap Roots: 0.2ms
[2025-12-24T11:18:25.457+0000][gc,phases   ] GC(55)   Evacuate Collection Set: 5.0ms
[2025-12-24T11:18:25.457+0000][gc,phases   ] GC(55)   Post Evacuate Collection Set: 1.0ms
[2025-12-24T11:18:25.457+0000][gc,phases   ] GC(55)   Other: 0.2ms
[2025-12-24T11:18:25.457+0000][gc,heap     ] GC(55) Eden regions: 611->0(612)
[2025-12-24T11:18:25.457+0000][gc,heap     ] GC(55) Survivor regions: 3->2(77)
[2025-12-24T11:18:25.457+0000][gc,heap     ] GC(55) Old regions: 21->22
[2025-12-24T11:18:25.457+0000][gc,heap     ] GC(55) Humongous regions: 20->20
[2025-12-24T11:18:25.457+0000][gc,metaspace] GC(55) Metaspace: 11931K(12288K)->11931K(12288K) NonClass: 10863K(11008K)->10863K(11008K) Class: 1068K(1280K)->1068K(1280K)
[2025-12-24T11:18:25.458+0000][gc          ] GC(55) Pause Young (Normal) (G1 Evacuation Pause) 654M->42M(1024M) 8.372ms
[2025-12-24T11:18:25.458+0000][gc,cpu      ] GC(55) User=0.05s Sys=0.00s Real=0.01s
[2025-12-24T11:19:25.254+0000][gc,start    ] GC(56) Pause Young (Normal) (G1 Evacuation Pause)
[2025-12-24T11:19:25.255+0000][gc,task     ] GC(56) Using 8 workers of 8 for evacuation
[2025-12-24T11:19:25.270+0000][gc,phases   ] GC(56)   Pre Evacuate Collection Set: 2.3ms
[2025-12-24T11:19:25.270+0000][gc,phases   ] GC(56)   Merge Heap Roots: 0.5ms
[2025-12-24T11:19:25.270+0000][gc,phases   ] GC(56)   Evacuate Collection Set: 6.2ms
[2025-12-24T11:19:25.270+0000][gc,phases   ] GC(56)   Post Evacuate Collection Set: 5.0ms
[2025-12-24T11:19:25.270+0000][gc,phases   ] GC(56)   Other: 0.4ms
[2025-12-24T11:19:25.271+0000][gc,heap     ] GC(56) Eden regions: 612->0(613)
[2025-12-24T11:19:25.271+0000][gc,heap     ] GC(56) Survivor regions: 2->1(77)
[2025-12-24T11:19:25.271+0000][gc,heap     ] GC(56) Old regions: 22->22
[2025-12-24T11:19:25.271+0000][gc,heap     ] GC(56) Humongous regions: 20->20
[2025-12-24T11:19:25.271+0000][gc,metaspace] GC(56) Metaspace: 11932K(12288K)->11932K(12288K) NonClass: 10863K(11008K)->10863K(11008K) Class: 1068K(1280K)->1068K(1280K)
[2025-12-24T11:19:25.271+0000][gc          ] GC(56) Pause Young (Normal) (G1 Evacuation Pause) 654M->42M(1024M) 17.438ms
[2025-12-24T11:19:25.272+0000][gc,cpu      ] GC(56) User=0.08s Sys=0.00s Real=0.02s
[2025-12-24T11:20:15.490+0000][gc,start    ] GC(57) Pause Young (Normal) (G1 Evacuation Pause)
[2025-12-24T11:20:15.491+0000][gc,task     ] GC(57) Using 8 workers of 8 for evacuation
[2025-12-24T11:20:15.497+0000][gc,phases   ] GC(57)   Pre Evacuate Collection Set: 0.8ms
[2025-12-24T11:20:15.497+0000][gc,phases   ] GC(57)   Merge Heap Roots: 0.2ms
[2025-12-24T11:20:15.497+0000][gc,phases   ] GC(57)   Evacuate Collection Set: 2.6ms
[2025-12-24T11:20:15.497+0000][gc,phases   ] GC(57)   Post Evacuate Collection Set: 1.7ms
[2025-12-24T11:20:15.497+0000][gc,phases   ] GC(57)   Other: 0.6ms
[2025-12-24T11:20:15.497+0000][gc,heap     ] GC(57) Eden regions: 613->0(612)
[2025-12-24T11:20:15.497+0000][gc,heap     ] GC(57) Survivor regions: 1->2(77)
[2025-12-24T11:20:15.497+0000][gc,heap     ] GC(57) Old regions: 22->22
[2025-12-24T11:20:15.497+0000][gc,heap     ] GC(57) Humongous regions: 20->20
[2025-12-24T11:20:15.498+0000][gc,metaspace] GC(57) Metaspace: 11943K(12352K)->11943K(12352K) NonClass: 10874K(11072K)->10874K(11072K) Class: 1068K(1280K)->1068K(1280K)
[2025-12-24T11:20:15.498+0000][gc          ] GC(57) Pause Young (Normal) (G1 Evacuation Pause) 655M->43M(1024M) 8.133ms
[2025-12-24T11:20:15.498+0000][gc,cpu      ] GC(57) User=0.03s Sys=0.00s Real=0.00s
[2025-12-24T11:21:15.302+0000][gc,start    ] GC(58) Pause Young (Normal) (G1 Evacuation Pause)
[2025-12-24T11:21:15.302+0000][gc,task     ] GC(58) Using 8 workers of 8 for evacuation
[2025-12-24T11:21:15.313+0000][gc,phases   ] GC(58)   Pre Evacuate Collection Set: 3.3ms
[2025-12-24T11:21:15.313+0000][gc,phases   ] GC(58)   Merge Heap Roots: 0.5ms
[2025-12-24T11:21:15.313+0000][gc,phases   ] GC(58)   Evacuate Collection Set: 5.2ms
[2025-12-24T11:21:15.313+0000][gc,phases   ] GC(58)   Post Evacuate Collection Set: 1.1ms
[2025-12-24T11:21:15.313+0000][gc,phases   ] GC(58)   Other: 0.3ms
[2025-12-24T11:21:15.313+0000][gc,heap     ] GC(58) Eden regions: 612->0(613)
[2025-12-24T11:21:15.313+0000][gc,heap     ] GC(58) Survivor regions: 2->1(77)
[2025-12-24T11:21:15.313+0000][gc,heap     ] GC(58) Old regions: 22->22
[2025-12-24T11:21:15.313+0000][gc,heap     ] GC(58) Humongous regions: 20->20
[2025-12-24T11:21:15.313+0000][gc,metaspace] GC(58) Metaspace: 11943K(12352K)->11943K(12352K) NonClass: 10874K(11072K)->10874K(11072K) Class: 1068K(1280K)->1068K(1280K)
[2025-12-24T11:21:15.313+0000][gc          ] GC(58) Pause Young (Normal) (G1 Evacuation Pause) 655M->42M(1024M) 11.798ms
[2025-12-24T11:21:15.313+0000][gc,cpu      ] GC(58) User=0.06s Sys=0.00s Real=0.01s
[2025-12-24T11:22:05.504+0000][gc,start    ] GC(59) Pause Young (Normal) (G1 Evacuation Pause)
[2025-12-24T11:22:05.505+0000][gc,task     ] GC(59) Using 8 workers of 8 for evacuation
[2025-12-24T11:22:05.511+0000][gc,phases   ] GC(59)   Pre Evacuate Collection Set: 0.8ms
[2025-12-24T11:22:05.511+0000][gc,phases   ] GC(59)   Merge Heap Roots: 0.2ms
[2025-12-24T11:22:05.511+0000][gc,phases   ] GC(59)   Evacuate Collection Set: 2.9ms
[2025-12-24T11:22:05.511+0000][gc,phases   ] GC(59)   Post Evacuate Collection Set: 1.7ms
[2025-12-24T11:22:05.511+0000][gc,phases   ] GC(59)   Other: 0.3ms
[2025-12-24T11:22:05.511+0000][gc,heap     ] GC(59) Eden regions: 613->0(612)
[2025-12-24T11:22:05.511+0000][gc,heap     ] GC(59) Survivor regions: 1->2(77)
[2025-12-24T11:22:05.511+0000][gc,heap     ] GC(59) Old regions: 22->22
[2025-12-24T11:22:05.511+0000][gc,heap     ] GC(59) Humongous regions: 20->20
[2025-12-24T11:22:05.511+0000][gc,metaspace] GC(59) Metaspace: 11943K(12352K)->11943K(12352K) NonClass: 10874K(11072K)->10874K(11072K) Class: 1068K(1280K)->1068K(1280K)
[2025-12-24T11:22:05.511+0000][gc          ] GC(59) Pause Young (Normal) (G1 Evacuation Pause) 655M->43M(1024M) 7.859ms
[2025-12-24T11:22:05.511+0000][gc,cpu      ] GC(59) User=0.03s Sys=0.00s Real=0.01s
[2025-12-24T11:23:05.386+0000][gc,start    ] GC(60) Pause Young (Normal) (G1 Evacuation Pause)
[2025-12-24T11:23:05.387+0000][gc,task     ] GC(60) Using 8 workers of 8 for evacuation
[2025-12-24T11:23:05.392+0000][gc,phases   ] GC(60)   Pre Evacuate Collection Set: 0.9ms
[2025-12-24T11:23:05.392+0000][gc,phases   ] GC(60)   Merge Heap Roots: 0.2ms
[2025-12-24T11:23:05.393+0000][gc,phases   ] GC(60)   Evacuate Collection Set: 2.9ms
[2025-12-24T11:23:05.393+0000][gc,phases   ] GC(60)   Post Evacuate Collection Set: 1.2ms
[2025-12-24T11:23:05.393+0000][gc,phases   ] GC(60)   Other: 0.3ms
[2025-12-24T11:23:05.393+0000][gc,heap     ] GC(60) Eden regions: 612->0(613)
[2025-12-24T11:23:05.393+0000][gc,heap     ] GC(60) Survivor regions: 2->1(77)
[2025-12-24T11:23:05.393+0000][gc,heap     ] GC(60) Old regions: 22->22
[2025-12-24T11:23:05.393+0000][gc,heap     ] GC(60) Humongous regions: 20->20
[2025-12-24T11:23:05.393+0000][gc,metaspace] GC(60) Metaspace: 11947K(12352K)->11947K(12352K) NonClass: 10879K(11072K)->10879K(11072K) Class: 1068K(1280K)->1068K(1280K)
[2025-12-24T11:23:05.393+0000][gc          ] GC(60) Pause Young (Normal) (G1 Evacuation Pause) 655M->42M(1024M) 7.487ms
[2025-12-24T11:23:05.393+0000][gc,cpu      ] GC(60) User=0.02s Sys=0.00s Real=0.01s
[2025-12-24T11:23:55.530+0000][gc,start    ] GC(61) Pause Young (Normal) (G1 Evacuation Pause)
[2025-12-24T11:23:55.531+0000][gc,task     ] GC(61) Using 8 workers of 8 for evacuation
[2025-12-24T11:23:55.537+0000][gc,phases   ] GC(61)   Pre Evacuate Collection Set: 0.7ms
[2025-12-24T11:23:55.537+0000][gc,phases   ] GC(61)   Merge Heap Roots: 0.2ms
[2025-12-24T11:23:55.537+0000][gc,phases   ] GC(61)   Evacuate Collection Set: 4.3ms
[2025-12-24T11:23:55.537+0000][gc,phases   ] GC(61)   Post Evacuate Collection Set: 0.8ms
[2025-12-24T11:23:55.537+0000][gc,phases   ] GC(61)   Other: 0.2ms
[2025-12-24T11:23:55.538+0000][gc,heap     ] GC(61) Eden regions: 613->0(612)
[2025-12-24T11:23:55.538+0000][gc,heap     ] GC(61) Survivor regions: 1->2(77)
[2025-12-24T11:23:55.538+0000][gc,heap     ] GC(61) Old regions: 22->22
[2025-12-24T11:23:55.538+0000][gc,heap     ] GC(61) Humongous regions: 20->20
[2025-12-24T11:23:55.538+0000][gc,metaspace] GC(61) Metaspace: 11948K(12352K)->11948K(12352K) NonClass: 10879K(11072K)->10879K(11072K) Class: 1068K(1280K)->1068K(1280K)
[2025-12-24T11:23:55.538+0000][gc          ] GC(61) Pause Young (Normal) (G1 Evacuation Pause) 655M->43M(1024M) 8.185ms
[2025-12-24T11:23:55.538+0000][gc,cpu      ] GC(61) User=0.04s Sys=0.00s Real=0.01s
[2025-12-24T11:24:55.377+0000][gc,start    ] GC(62) Pause Young (Normal) (G1 Evacuation Pause)
[2025-12-24T11:24:55.378+0000][gc,task     ] GC(62) Using 8 workers of 8 for evacuation
[2025-12-24T11:24:55.389+0000][gc,phases   ] GC(62)   Pre Evacuate Collection Set: 1.0ms
[2025-12-24T11:24:55.389+0000][gc,phases   ] GC(62)   Merge Heap Roots: 0.2ms
[2025-12-24T11:24:55.389+0000][gc,phases   ] GC(62)   Evacuate Collection Set: 7.8ms
[2025-12-24T11:24:55.389+0000][gc,phases   ] GC(62)   Post Evacuate Collection Set: 1.4ms
[2025-12-24T11:24:55.389+0000][gc,phases   ] GC(62)   Other: 0.3ms
[2025-12-24T11:24:55.389+0000][gc,heap     ] GC(62) Eden regions: 612->0(612)
[2025-12-24T11:24:55.390+0000][gc,heap     ] GC(62) Survivor regions: 2->2(77)
[2025-12-24T11:24:55.390+0000][gc,heap     ] GC(62) Old regions: 22->22
[2025-12-24T11:24:55.390+0000][gc,heap     ] GC(62) Humongous regions: 20->20
[2025-12-24T11:24:55.390+0000][gc,metaspace] GC(62) Metaspace: 11954K(12352K)->11954K(12352K) NonClass: 10886K(11072K)->10886K(11072K) Class: 1068K(1280K)->1068K(1280K)
[2025-12-24T11:24:55.390+0000][gc          ] GC(62) Pause Young (Normal) (G1 Evacuation Pause) 655M->42M(1024M) 12.568ms
[2025-12-24T11:24:55.390+0000][gc,cpu      ] GC(62) User=0.06s Sys=0.00s Real=0.01s
[2025-12-24T11:25:45.507+0000][gc,start    ] GC(63) Pause Young (Normal) (G1 Evacuation Pause)
[2025-12-24T11:25:45.508+0000][gc,task     ] GC(63) Using 8 workers of 8 for evacuation
[2025-12-24T11:25:45.517+0000][gc,phases   ] GC(63)   Pre Evacuate Collection Set: 2.1ms
[2025-12-24T11:25:45.518+0000][gc,phases   ] GC(63)   Merge Heap Roots: 0.3ms
[2025-12-24T11:25:45.518+0000][gc,phases   ] GC(63)   Evacuate Collection Set: 5.5ms
[2025-12-24T11:25:45.518+0000][gc,phases   ] GC(63)   Post Evacuate Collection Set: 0.9ms
[2025-12-24T11:25:45.518+0000][gc,phases   ] GC(63)   Other: 0.5ms
[2025-12-24T11:25:45.518+0000][gc,heap     ] GC(63) Eden regions: 612->0(612)
[2025-12-24T11:25:45.518+0000][gc,heap     ] GC(63) Survivor regions: 2->2(77)
[2025-12-24T11:25:45.518+0000][gc,heap     ] GC(63) Old regions: 22->22
[2025-12-24T11:25:45.518+0000][gc,heap     ] GC(63) Humongous regions: 20->20
[2025-12-24T11:25:45.518+0000][gc,metaspace] GC(63) Metaspace: 11958K(12352K)->11958K(12352K) NonClass: 10889K(11072K)->10889K(11072K) Class: 1068K(1280K)->1068K(1280K)
[2025-12-24T11:25:45.518+0000][gc          ] GC(63) Pause Young (Normal) (G1 Evacuation Pause) 654M->43M(1024M) 11.180ms
[2025-12-24T11:25:45.518+0000][gc,cpu      ] GC(63) User=0.05s Sys=0.00s Real=0.01s
[2025-12-24T11:26:45.393+0000][gc,start    ] GC(64) Pause Young (Normal) (G1 Evacuation Pause)
[2025-12-24T11:26:45.394+0000][gc,task     ] GC(64) Using 8 workers of 8 for evacuation
[2025-12-24T11:26:45.406+0000][gc,phases   ] GC(64)   Pre Evacuate Collection Set: 1.6ms
[2025-12-24T11:26:45.406+0000][gc,phases   ] GC(64)   Merge Heap Roots: 0.8ms
[2025-12-24T11:26:45.406+0000][gc,phases   ] GC(64)   Evacuate Collection Set: 8.4ms
[2025-12-24T11:26:45.406+0000][gc,phases   ] GC(64)   Post Evacuate Collection Set: 1.4ms
[2025-12-24T11:26:45.406+0000][gc,phases   ] GC(64)   Other: 0.2ms
[2025-12-24T11:26:45.407+0000][gc,heap     ] GC(64) Eden regions: 612->0(612)
[2025-12-24T11:26:45.407+0000][gc,heap     ] GC(64) Survivor regions: 2->2(77)
[2025-12-24T11:26:45.407+0000][gc,heap     ] GC(64) Old regions: 22->22
[2025-12-24T11:26:45.407+0000][gc,heap     ] GC(64) Humongous regions: 20->20
[2025-12-24T11:26:45.407+0000][gc,metaspace] GC(64) Metaspace: 11965K(12352K)->11965K(12352K) NonClass: 10896K(11072K)->10896K(11072K) Class: 1068K(1280K)->1068K(1280K)
[2025-12-24T11:26:45.407+0000][gc          ] GC(64) Pause Young (Normal) (G1 Evacuation Pause) 655M->42M(1024M) 14.066ms
[2025-12-24T11:26:45.407+0000][gc,cpu      ] GC(64) User=0.08s Sys=0.00s Real=0.01s
[2025-12-24T11:27:35.585+0000][gc,start    ] GC(65) Pause Young (Normal) (G1 Evacuation Pause)
[2025-12-24T11:27:35.586+0000][gc,task     ] GC(65) Using 8 workers of 8 for evacuation
[2025-12-24T11:27:35.595+0000][gc,phases   ] GC(65)   Pre Evacuate Collection Set: 1.6ms
[2025-12-24T11:27:35.595+0000][gc,phases   ] GC(65)   Merge Heap Roots: 0.2ms
[2025-12-24T11:27:35.596+0000][gc,phases   ] GC(65)   Evacuate Collection Set: 6.0ms
[2025-12-24T11:27:35.596+0000][gc,phases   ] GC(65)   Post Evacuate Collection Set: 1.1ms
[2025-12-24T11:27:35.596+0000][gc,phases   ] GC(65)   Other: 0.4ms
[2025-12-24T11:27:35.596+0000][gc,heap     ] GC(65) Eden regions: 612->0(612)
[2025-12-24T11:27:35.596+0000][gc,heap     ] GC(65) Survivor regions: 2->2(77)
[2025-12-24T11:27:35.596+0000][gc,heap     ] GC(65) Old regions: 22->22
[2025-12-24T11:27:35.596+0000][gc,heap     ] GC(65) Humongous regions: 20->20
[2025-12-24T11:27:35.596+0000][gc,metaspace] GC(65) Metaspace: 11965K(12352K)->11965K(12352K) NonClass: 10896K(11072K)->10896K(11072K) Class: 1068K(1280K)->1068K(1280K)
[2025-12-24T11:27:35.596+0000][gc          ] GC(65) Pause Young (Normal) (G1 Evacuation Pause) 654M->43M(1024M) 11.182ms
[2025-12-24T11:27:35.596+0000][gc,cpu      ] GC(65) User=0.06s Sys=0.00s Real=0.01s
[2025-12-24T11:28:35.415+0000][gc,start    ] GC(66) Pause Young (Normal) (G1 Evacuation Pause)
[2025-12-24T11:28:35.416+0000][gc,task     ] GC(66) Using 8 workers of 8 for evacuation
[2025-12-24T11:28:35.426+0000][gc,phases   ] GC(66)   Pre Evacuate Collection Set: 0.9ms
[2025-12-24T11:28:35.426+0000][gc,phases   ] GC(66)   Merge Heap Roots: 0.2ms
[2025-12-24T11:28:35.426+0000][gc,phases   ] GC(66)   Evacuate Collection Set: 7.5ms
[2025-12-24T11:28:35.426+0000][gc,phases   ] GC(66)   Post Evacuate Collection Set: 1.2ms
[2025-12-24T11:28:35.426+0000][gc,phases   ] GC(66)   Other: 0.2ms
[2025-12-24T11:28:35.426+0000][gc,heap     ] GC(66) Eden regions: 612->0(612)
[2025-12-24T11:28:35.426+0000][gc,heap     ] GC(66) Survivor regions: 2->2(77)
[2025-12-24T11:28:35.426+0000][gc,heap     ] GC(66) Old regions: 22->22
[2025-12-24T11:28:35.426+0000][gc,heap     ] GC(66) Humongous regions: 20->20
[2025-12-24T11:28:35.426+0000][gc,metaspace] GC(66) Metaspace: 11967K(12416K)->11967K(12416K) NonClass: 10899K(11136K)->10899K(11136K) Class: 1068K(1280K)->1068K(1280K)
[2025-12-24T11:28:35.426+0000][gc          ] GC(66) Pause Young (Normal) (G1 Evacuation Pause) 655M->43M(1024M) 11.182ms
[2025-12-24T11:28:35.426+0000][gc,cpu      ] GC(66) User=0.06s Sys=0.01s Real=0.01s
[2025-12-24T11:29:25.617+0000][gc,start    ] GC(67) Pause Young (Normal) (G1 Evacuation Pause)
[2025-12-24T11:29:25.618+0000][gc,task     ] GC(67) Using 8 workers of 8 for evacuation
[2025-12-24T11:29:25.623+0000][gc,phases   ] GC(67)   Pre Evacuate Collection Set: 1.3ms
[2025-12-24T11:29:25.623+0000][gc,phases   ] GC(67)   Merge Heap Roots: 0.3ms
[2025-12-24T11:29:25.623+0000][gc,phases   ] GC(67)   Evacuate Collection Set: 2.2ms
[2025-12-24T11:29:25.623+0000][gc,phases   ] GC(67)   Post Evacuate Collection Set: 0.9ms
[2025-12-24T11:29:25.623+0000][gc,phases   ] GC(67)   Other: 0.4ms
[2025-12-24T11:29:25.623+0000][gc,heap     ] GC(67) Eden regions: 612->0(612)
[2025-12-24T11:29:25.623+0000][gc,heap     ] GC(67) Survivor regions: 2->2(77)
[2025-12-24T11:29:25.623+0000][gc,heap     ] GC(67) Old regions: 22->22
[2025-12-24T11:29:25.623+0000][gc,heap     ] GC(67) Humongous regions: 20->20
[2025-12-24T11:29:25.623+0000][gc,metaspace] GC(67) Metaspace: 11967K(12416K)->11967K(12416K) NonClass: 10899K(11136K)->10899K(11136K) Class: 1068K(1280K)->1068K(1280K)
[2025-12-24T11:29:25.623+0000][gc          ] GC(67) Pause Young (Normal) (G1 Evacuation Pause) 655M->43M(1024M) 6.070ms
[2025-12-24T11:29:25.623+0000][gc,cpu      ] GC(67) User=0.02s Sys=0.00s Real=0.01s
[2025-12-24T11:30:25.478+0000][gc,start    ] GC(68) Pause Young (Normal) (G1 Evacuation Pause)
[2025-12-24T11:30:25.479+0000][gc,task     ] GC(68) Using 8 workers of 8 for evacuation
[2025-12-24T11:30:25.494+0000][gc,phases   ] GC(68)   Pre Evacuate Collection Set: 2.6ms
[2025-12-24T11:30:25.494+0000][gc,phases   ] GC(68)   Merge Heap Roots: 1.2ms
[2025-12-24T11:30:25.494+0000][gc,phases   ] GC(68)   Evacuate Collection Set: 8.0ms
[2025-12-24T11:30:25.494+0000][gc,phases   ] GC(68)   Post Evacuate Collection Set: 2.7ms
[2025-12-24T11:30:25.494+0000][gc,phases   ] GC(68)   Other: 0.4ms
[2025-12-24T11:30:25.495+0000][gc,heap     ] GC(68) Eden regions: 612->0(612)
[2025-12-24T11:30:25.495+0000][gc,heap     ] GC(68) Survivor regions: 2->2(77)
[2025-12-24T11:30:25.495+0000][gc,heap     ] GC(68) Old regions: 22->22
[2025-12-24T11:30:25.495+0000][gc,heap     ] GC(68) Humongous regions: 20->20
[2025-12-24T11:30:25.495+0000][gc,metaspace] GC(68) Metaspace: 11969K(12416K)->11969K(12416K) NonClass: 10900K(11136K)->10900K(11136K) Class: 1068K(1280K)->1068K(1280K)
[2025-12-24T11:30:25.495+0000][gc          ] GC(68) Pause Young (Normal) (G1 Evacuation Pause) 655M->43M(1024M) 16.864ms
[2025-12-24T11:30:25.495+0000][gc,cpu      ] GC(68) User=0.10s Sys=0.00s Real=0.02s
[2025-12-24T11:31:15.756+0000][gc,start    ] GC(69) Pause Young (Normal) (G1 Evacuation Pause)
[2025-12-24T11:31:15.757+0000][gc,task     ] GC(69) Using 8 workers of 8 for evacuation
[2025-12-24T11:31:15.769+0000][gc,phases   ] GC(69)   Pre Evacuate Collection Set: 1.6ms
[2025-12-24T11:31:15.769+0000][gc,phases   ] GC(69)   Merge Heap Roots: 0.4ms
[2025-12-24T11:31:15.769+0000][gc,phases   ] GC(69)   Evacuate Collection Set: 6.1ms
[2025-12-24T11:31:15.770+0000][gc,phases   ] GC(69)   Post Evacuate Collection Set: 3.3ms
[2025-12-24T11:31:15.770+0000][gc,phases   ] GC(69)   Other: 0.5ms
[2025-12-24T11:31:15.770+0000][gc,heap     ] GC(69) Eden regions: 612->0(613)
[2025-12-24T11:31:15.770+0000][gc,heap     ] GC(69) Survivor regions: 2->1(77)
[2025-12-24T11:31:15.770+0000][gc,heap     ] GC(69) Old regions: 22->22
[2025-12-24T11:31:15.770+0000][gc,heap     ] GC(69) Humongous regions: 20->20
[2025-12-24T11:31:15.770+0000][gc,metaspace] GC(69) Metaspace: 11970K(12416K)->11970K(12416K) NonClass: 10902K(11136K)->10902K(11136K) Class: 1068K(1280K)->1068K(1280K)
[2025-12-24T11:31:15.771+0000][gc          ] GC(69) Pause Young (Normal) (G1 Evacuation Pause) 655M->42M(1024M) 14.845ms
[2025-12-24T11:31:15.771+0000][gc,cpu      ] GC(69) User=0.05s Sys=0.01s Real=0.01s
[2025-12-24T11:32:15.481+0000][gc,start    ] GC(70) Pause Young (Normal) (G1 Evacuation Pause)
[2025-12-24T11:32:15.482+0000][gc,task     ] GC(70) Using 8 workers of 8 for evacuation
[2025-12-24T11:32:15.492+0000][gc,phases   ] GC(70)   Pre Evacuate Collection Set: 0.9ms
[2025-12-24T11:32:15.492+0000][gc,phases   ] GC(70)   Merge Heap Roots: 0.2ms
[2025-12-24T11:32:15.493+0000][gc,phases   ] GC(70)   Evacuate Collection Set: 8.0ms
[2025-12-24T11:32:15.493+0000][gc,phases   ] GC(70)   Post Evacuate Collection Set: 1.0ms
[2025-12-24T11:32:15.493+0000][gc,phases   ] GC(70)   Other: 0.2ms
[2025-12-24T11:32:15.493+0000][gc,heap     ] GC(70) Eden regions: 613->0(612)
[2025-12-24T11:32:15.493+0000][gc,heap     ] GC(70) Survivor regions: 1->2(77)
[2025-12-24T11:32:15.493+0000][gc,heap     ] GC(70) Old regions: 22->23
[2025-12-24T11:32:15.493+0000][gc,heap     ] GC(70) Humongous regions: 29->29
[2025-12-24T11:32:15.493+0000][gc,metaspace] GC(70) Metaspace: 12094K(12480K)->12094K(12480K) NonClass: 10999K(11136K)->10999K(11136K) Class: 1094K(1344K)->1094K(1344K)
[2025-12-24T11:32:15.493+0000][gc          ] GC(70) Pause Young (Normal) (G1 Evacuation Pause) 664M->52M(1024M) 12.223ms
[2025-12-24T11:32:15.493+0000][gc,cpu      ] GC(70) User=0.06s Sys=0.00s Real=0.01s
