[2026-01-16T08:12:32.858+0000][gc,init] CardTable entry size: 512
[2026-01-16T08:12:32.879+0000][gc     ] Using G1
[2026-01-16T08:12:33.935+0000][gc,init] Version: 21.0.4+7-LTS (release)
[2026-01-16T08:12:33.951+0000][gc,init] CPUs: 8 total, 8 available
[2026-01-16T08:12:33.956+0000][gc,init] Memory: 15972M
[2026-01-16T08:12:33.956+0000][gc,init] Large Page Support: Disabled
[2026-01-16T08:12:33.956+0000][gc,init] NUMA Support: Disabled
[2026-01-16T08:12:33.956+0000][gc,init] Compressed Oops: Enabled (32-bit)
[2026-01-16T08:12:33.956+0000][gc,init] Heap Region Size: 1M
[2026-01-16T08:12:33.957+0000][gc,init] Heap Min Capacity: 1G
[2026-01-16T08:12:33.957+0000][gc,init] Heap Initial Capacity: 1G
[2026-01-16T08:12:33.957+0000][gc,init] Heap Max Capacity: 1G
[2026-01-16T08:12:33.957+0000][gc,init] Pre-touch: Disabled
[2026-01-16T08:12:33.958+0000][gc,init] Parallel Workers: 8
[2026-01-16T08:12:33.958+0000][gc,init] Concurrent Workers: 2
[2026-01-16T08:12:33.958+0000][gc,init] Concurrent Refinement Workers: 8
[2026-01-16T08:12:33.959+0000][gc,init] Periodic GC: Disabled
[2026-01-16T08:12:36.945+0000][gc,metaspace] CDS archive(s) mapped at: [0x000000f000000000-0x000000f000bd0000-0x000000f0036b0000), size 57344000, SharedBaseAddress: 0x000000f000000000, ArchiveRelocationMode: 1.
[2026-01-16T08:12:36.950+0000][gc,metaspace] Compressed class space mapped at: 0x000000f004000000-0x000000f044000000, reserved size: 1073741824
[2026-01-16T08:12:36.951+0000][gc,metaspace] Narrow klass base: 0x000000f000000000, Narrow klass shift: 0, Narrow klass range: 0x100000000
[2026-01-16T08:13:04.154+0000][gc,start    ] GC(0) Pause Young (Normal) (G1 Evacuation Pause)
[2026-01-16T08:13:04.226+0000][gc,task     ] GC(0) Using 8 workers of 8 for evacuation
[2026-01-16T08:13:04.876+0000][gc,mmu      ] GC(0) MMU target violated: 201.0ms (200.0ms/201.0ms)
[2026-01-16T08:13:04.877+0000][gc,phases   ] GC(0)   Pre Evacuate Collection Set: 52.3ms
[2026-01-16T08:13:04.877+0000][gc,phases   ] GC(0)   Merge Heap Roots: 0.6ms
[2026-01-16T08:13:04.879+0000][gc,phases   ] GC(0)   Evacuate Collection Set: 584.6ms
[2026-01-16T08:13:04.880+0000][gc,phases   ] GC(0)   Post Evacuate Collection Set: 9.5ms
[2026-01-16T08:13:04.881+0000][gc,phases   ] GC(0)   Other: 71.0ms
[2026-01-16T08:13:04.881+0000][gc,heap     ] GC(0) Eden regions: 51->0(44)
[2026-01-16T08:13:04.881+0000][gc,heap     ] GC(0) Survivor regions: 0->7(7)
[2026-01-16T08:13:04.882+0000][gc,heap     ] GC(0) Old regions: 1->3
[2026-01-16T08:13:04.882+0000][gc,heap     ] GC(0) Humongous regions: 4->4
[2026-01-16T08:13:04.882+0000][gc,metaspace] GC(0) Metaspace: 5336K(5568K)->5336K(5568K) NonClass: 4738K(4864K)->4738K(4864K) Class: 597K(704K)->597K(704K)
[2026-01-16T08:13:04.883+0000][gc          ] GC(0) Pause Young (Normal) (G1 Evacuation Pause) 55M->13M(1024M) 728.331ms
[2026-01-16T08:13:04.883+0000][gc,cpu      ] GC(0) User=0.35s Sys=0.21s Real=0.73s
[2026-01-16T08:13:13.422+0000][gc,start    ] GC(1) Pause Young (Normal) (G1 Evacuation Pause)
[2026-01-16T08:13:13.425+0000][gc,task     ] GC(1) Using 8 workers of 8 for evacuation
[2026-01-16T08:13:13.869+0000][gc,mmu      ] GC(1) MMU target violated: 201.0ms (200.0ms/201.0ms)
[2026-01-16T08:13:13.869+0000][gc,phases   ] GC(1)   Pre Evacuate Collection Set: 14.5ms
[2026-01-16T08:13:13.871+0000][gc,phases   ] GC(1)   Merge Heap Roots: 0.7ms
[2026-01-16T08:13:13.871+0000][gc,phases   ] GC(1)   Evacuate Collection Set: 413.0ms
[2026-01-16T08:13:13.871+0000][gc,phases   ] GC(1)   Post Evacuate Collection Set: 13.6ms
[2026-01-16T08:13:13.872+0000][gc,phases   ] GC(1)   Other: 3.7ms
[2026-01-16T08:13:13.881+0000][gc,heap     ] GC(1) Eden regions: 44->0(46)
[2026-01-16T08:13:13.881+0000][gc,heap     ] GC(1) Survivor regions: 7->5(7)
[2026-01-16T08:13:13.882+0000][gc,heap     ] GC(1) Old regions: 3->10
[2026-01-16T08:13:13.882+0000][gc,heap     ] GC(1) Humongous regions: 4->4
[2026-01-16T08:13:13.882+0000][gc,metaspace] GC(1) Metaspace: 7042K(7296K)->7042K(7296K) NonClass: 6280K(6400K)->6280K(6400K) Class: 762K(896K)->762K(896K)
[2026-01-16T08:13:13.883+0000][gc          ] GC(1) Pause Young (Normal) (G1 Evacuation Pause) 57M->18M(1024M) 460.875ms
[2026-01-16T08:13:13.883+0000][gc,cpu      ] GC(1) User=0.22s Sys=0.10s Real=0.46s
[2026-01-16T08:13:18.543+0000][gc,start    ] GC(2) Pause Young (Normal) (G1 Evacuation Pause)
[2026-01-16T08:13:18.563+0000][gc,task     ] GC(2) Using 8 workers of 8 for evacuation
[2026-01-16T08:13:18.924+0000][gc,mmu      ] GC(2) MMU target violated: 201.0ms (200.0ms/201.0ms)
[2026-01-16T08:13:18.925+0000][gc,phases   ] GC(2)   Pre Evacuate Collection Set: 66.0ms
[2026-01-16T08:13:18.925+0000][gc,phases   ] GC(2)   Merge Heap Roots: 1.9ms
[2026-01-16T08:13:18.926+0000][gc,phases   ] GC(2)   Evacuate Collection Set: 266.5ms
[2026-01-16T08:13:18.926+0000][gc,phases   ] GC(2)   Post Evacuate Collection Set: 16.4ms
[2026-01-16T08:13:18.926+0000][gc,phases   ] GC(2)   Other: 12.5ms
[2026-01-16T08:13:18.926+0000][gc,heap     ] GC(2) Eden regions: 46->0(48)
[2026-01-16T08:13:18.926+0000][gc,heap     ] GC(2) Survivor regions: 5->3(7)
[2026-01-16T08:13:18.926+0000][gc,heap     ] GC(2) Old regions: 10->15
[2026-01-16T08:13:18.926+0000][gc,heap     ] GC(2) Humongous regions: 4->4
[2026-01-16T08:13:18.926+0000][gc,metaspace] GC(2) Metaspace: 7817K(8128K)->7817K(8128K) NonClass: 6899K(7040K)->6899K(7040K) Class: 918K(1088K)->918K(1088K)
[2026-01-16T08:13:18.926+0000][gc          ] GC(2) Pause Young (Normal) (G1 Evacuation Pause) 64M->20M(1024M) 383.372ms
[2026-01-16T08:13:18.926+0000][gc,cpu      ] GC(2) User=0.11s Sys=0.04s Real=0.38s
[2026-01-16T08:13:22.062+0000][gc,start    ] GC(3) Pause Young (Normal) (G1 Evacuation Pause)
[2026-01-16T08:13:22.065+0000][gc,task     ] GC(3) Using 8 workers of 8 for evacuation
[2026-01-16T08:13:22.275+0000][gc,mmu      ] GC(3) MMU target violated: 201.0ms (200.0ms/201.0ms)
[2026-01-16T08:13:22.276+0000][gc,phases   ] GC(3)   Pre Evacuate Collection Set: 8.6ms
[2026-01-16T08:13:22.276+0000][gc,phases   ] GC(3)   Merge Heap Roots: 4.8ms
[2026-01-16T08:13:22.276+0000][gc,phases   ] GC(3)   Evacuate Collection Set: 185.3ms
[2026-01-16T08:13:22.276+0000][gc,phases   ] GC(3)   Post Evacuate Collection Set: 6.0ms
[2026-01-16T08:13:22.277+0000][gc,phases   ] GC(3)   Other: 6.9ms
[2026-01-16T08:13:22.277+0000][gc,heap     ] GC(3) Eden regions: 48->0(47)
[2026-01-16T08:13:22.277+0000][gc,heap     ] GC(3) Survivor regions: 3->4(7)
[2026-01-16T08:13:22.277+0000][gc,heap     ] GC(3) Old regions: 15->15
[2026-01-16T08:13:22.277+0000][gc,heap     ] GC(3) Humongous regions: 4->4
[2026-01-16T08:13:22.279+0000][gc,metaspace] GC(3) Metaspace: 8199K(8512K)->8199K(8512K) NonClass: 7235K(7424K)->7235K(7424K) Class: 964K(1088K)->964K(1088K)
[2026-01-16T08:13:22.279+0000][gc          ] GC(3) Pause Young (Normal) (G1 Evacuation Pause) 68M->22M(1024M) 217.018ms
[2026-01-16T08:13:22.279+0000][gc,cpu      ] GC(3) User=0.07s Sys=0.01s Real=0.22s
[2026-01-16T08:13:25.855+0000][gc,start    ] GC(4) Pause Young (Normal) (G1 Evacuation Pause)
[2026-01-16T08:13:25.856+0000][gc,task     ] GC(4) Using 8 workers of 8 for evacuation
[2026-01-16T08:13:26.145+0000][gc,mmu      ] GC(4) MMU target violated: 201.0ms (200.0ms/201.0ms)
[2026-01-16T08:13:26.149+0000][gc,phases   ] GC(4)   Pre Evacuate Collection Set: 28.8ms
[2026-01-16T08:13:26.152+0000][gc,phases   ] GC(4)   Merge Heap Roots: 10.8ms
[2026-01-16T08:13:26.154+0000][gc,phases   ] GC(4)   Evacuate Collection Set: 222.1ms
[2026-01-16T08:13:26.154+0000][gc,phases   ] GC(4)   Post Evacuate Collection Set: 25.3ms
[2026-01-16T08:13:26.154+0000][gc,phases   ] GC(4)   Other: 6.2ms
[2026-01-16T08:13:26.154+0000][gc,heap     ] GC(4) Eden regions: 47->0(46)
[2026-01-16T08:13:26.154+0000][gc,heap     ] GC(4) Survivor regions: 4->5(7)
[2026-01-16T08:13:26.155+0000][gc,heap     ] GC(4) Old regions: 15->15
[2026-01-16T08:13:26.155+0000][gc,heap     ] GC(4) Humongous regions: 4->4
[2026-01-16T08:13:26.155+0000][gc,metaspace] GC(4) Metaspace: 8319K(8640K)->8319K(8640K) NonClass: 7344K(7552K)->7344K(7552K) Class: 974K(1088K)->974K(1088K)
[2026-01-16T08:13:26.156+0000][gc          ] GC(4) Pause Young (Normal) (G1 Evacuation Pause) 69M->22M(1024M) 301.075ms
[2026-01-16T08:13:26.159+0000][gc,cpu      ] GC(4) User=0.16s Sys=0.01s Real=0.31s
[2026-01-16T08:13:31.813+0000][gc,start    ] GC(5) Pause Young (Normal) (G1 Evacuation Pause)
[2026-01-16T08:13:31.824+0000][gc,task     ] GC(5) Using 8 workers of 8 for evacuation
[2026-01-16T08:13:31.976+0000][gc,phases   ] GC(5)   Pre Evacuate Collection Set: 34.9ms
[2026-01-16T08:13:31.976+0000][gc,phases   ] GC(5)   Merge Heap Roots: 2.0ms
[2026-01-16T08:13:31.976+0000][gc,phases   ] GC(5)   Evacuate Collection Set: 107.5ms
[2026-01-16T08:13:31.976+0000][gc,phases   ] GC(5)   Post Evacuate Collection Set: 5.1ms
[2026-01-16T08:13:31.976+0000][gc,phases   ] GC(5)   Other: 1.9ms
[2026-01-16T08:13:31.976+0000][gc,heap     ] GC(5) Eden regions: 46->0(49)
[2026-01-16T08:13:31.976+0000][gc,heap     ] GC(5) Survivor regions: 5->2(7)
[2026-01-16T08:13:31.976+0000][gc,heap     ] GC(5) Old regions: 15->17
[2026-01-16T08:13:31.976+0000][gc,heap     ] GC(5) Humongous regions: 4->4
[2026-01-16T08:13:31.976+0000][gc,metaspace] GC(5) Metaspace: 8439K(8704K)->8439K(8704K) NonClass: 7461K(7616K)->7461K(7616K) Class: 977K(1088K)->977K(1088K)
[2026-01-16T08:13:31.978+0000][gc          ] GC(5) Pause Young (Normal) (G1 Evacuation Pause) 68M->22M(1024M) 164.635ms
[2026-01-16T08:13:31.978+0000][gc,cpu      ] GC(5) User=0.09s Sys=0.00s Real=0.16s
[2026-01-16T08:13:34.529+0000][gc,start    ] GC(6) Pause Young (Normal) (G1 Evacuation Pause)
[2026-01-16T08:13:34.531+0000][gc,task     ] GC(6) Using 8 workers of 8 for evacuation
[2026-01-16T08:13:34.871+0000][gc,mmu      ] GC(6) MMU target violated: 201.0ms (200.0ms/201.0ms)
[2026-01-16T08:13:34.873+0000][gc,phases   ] GC(6)   Pre Evacuate Collection Set: 61.0ms
[2026-01-16T08:13:34.874+0000][gc,phases   ] GC(6)   Merge Heap Roots: 5.6ms
[2026-01-16T08:13:34.877+0000][gc,phases   ] GC(6)   Evacuate Collection Set: 117.1ms
[2026-01-16T08:13:34.877+0000][gc,phases   ] GC(6)   Post Evacuate Collection Set: 18.0ms
[2026-01-16T08:13:34.877+0000][gc,phases   ] GC(6)   Other: 140.4ms
[2026-01-16T08:13:34.877+0000][gc,heap     ] GC(6) Eden regions: 49->0(48)
[2026-01-16T08:13:34.877+0000][gc,heap     ] GC(6) Survivor regions: 2->3(7)
[2026-01-16T08:13:34.877+0000][gc,heap     ] GC(6) Old regions: 17->17
[2026-01-16T08:13:34.877+0000][gc,heap     ] GC(6) Humongous regions: 4->4
[2026-01-16T08:13:34.878+0000][gc,metaspace] GC(6) Metaspace: 8478K(8768K)->8478K(8768K) NonClass: 7500K(7680K)->7500K(7680K) Class: 977K(1088K)->977K(1088K)
[2026-01-16T08:13:34.878+0000][gc          ] GC(6) Pause Young (Normal) (G1 Evacuation Pause) 71M->22M(1024M) 348.923ms
[2026-01-16T08:13:34.878+0000][gc,cpu      ] GC(6) User=0.08s Sys=0.02s Real=0.35s
[2026-01-16T08:13:41.801+0000][gc,start    ] GC(7) Pause Young (Normal) (G1 Evacuation Pause)
[2026-01-16T08:13:41.826+0000][gc,task     ] GC(7) Using 8 workers of 8 for evacuation
[2026-01-16T08:13:42.084+0000][gc,mmu      ] GC(7) MMU target violated: 201.0ms (200.0ms/201.0ms)
[2026-01-16T08:13:42.090+0000][gc,phases   ] GC(7)   Pre Evacuate Collection Set: 60.0ms
[2026-01-16T08:13:42.092+0000][gc,phases   ] GC(7)   Merge Heap Roots: 2.6ms
[2026-01-16T08:13:42.093+0000][gc,phases   ] GC(7)   Evacuate Collection Set: 178.0ms
[2026-01-16T08:13:42.093+0000][gc,phases   ] GC(7)   Post Evacuate Collection Set: 16.4ms
[2026-01-16T08:13:42.094+0000][gc,phases   ] GC(7)   Other: 8.4ms
[2026-01-16T08:13:42.094+0000][gc,heap     ] GC(7) Eden regions: 48->0(49)
[2026-01-16T08:13:42.094+0000][gc,heap     ] GC(7) Survivor regions: 3->2(7)
[2026-01-16T08:13:42.095+0000][gc,heap     ] GC(7) Old regions: 17->17
[2026-01-16T08:13:42.095+0000][gc,heap     ] GC(7) Humongous regions: 4->4
[2026-01-16T08:13:42.096+0000][gc,metaspace] GC(7) Metaspace: 8556K(8832K)->8556K(8832K) NonClass: 7577K(7744K)->7577K(7744K) Class: 978K(1088K)->978K(1088K)
[2026-01-16T08:13:42.096+0000][gc          ] GC(7) Pause Young (Normal) (G1 Evacuation Pause) 70M->21M(1024M) 295.104ms
[2026-01-16T08:13:42.097+0000][gc,cpu      ] GC(7) User=0.11s Sys=0.02s Real=0.29s
[2026-01-16T08:13:45.763+0000][gc,start    ] GC(8) Pause Young (Normal) (G1 Evacuation Pause)
[2026-01-16T08:13:45.767+0000][gc,task     ] GC(8) Using 8 workers of 8 for evacuation
[2026-01-16T08:13:45.939+0000][gc,phases   ] GC(8)   Pre Evacuate Collection Set: 24.4ms
[2026-01-16T08:13:45.941+0000][gc,phases   ] GC(8)   Merge Heap Roots: 0.2ms
[2026-01-16T08:13:45.941+0000][gc,phases   ] GC(8)   Evacuate Collection Set: 140.6ms
[2026-01-16T08:13:45.941+0000][gc,phases   ] GC(8)   Post Evacuate Collection Set: 5.1ms
[2026-01-16T08:13:45.942+0000][gc,phases   ] GC(8)   Other: 2.5ms
[2026-01-16T08:13:45.942+0000][gc,heap     ] GC(8) Eden regions: 49->0(48)
[2026-01-16T08:13:45.944+0000][gc,heap     ] GC(8) Survivor regions: 2->3(7)
[2026-01-16T08:13:45.949+0000][gc,heap     ] GC(8) Old regions: 17->17
[2026-01-16T08:13:45.953+0000][gc,heap     ] GC(8) Humongous regions: 4->4
[2026-01-16T08:13:45.954+0000][gc,metaspace] GC(8) Metaspace: 8615K(8896K)->8615K(8896K) NonClass: 7635K(7808K)->7635K(7808K) Class: 979K(1088K)->979K(1088K)
[2026-01-16T08:13:45.955+0000][gc          ] GC(8) Pause Young (Normal) (G1 Evacuation Pause) 70M->22M(1024M) 191.707ms
[2026-01-16T08:13:45.955+0000][gc,cpu      ] GC(8) User=0.06s Sys=0.00s Real=0.19s
[2026-01-16T08:13:50.219+0000][gc,start    ] GC(9) Pause Young (Normal) (G1 Evacuation Pause)
[2026-01-16T08:13:50.225+0000][gc,task     ] GC(9) Using 8 workers of 8 for evacuation
[2026-01-16T08:13:50.460+0000][gc,mmu      ] GC(9) MMU target violated: 201.0ms (200.0ms/201.0ms)
[2026-01-16T08:13:50.461+0000][gc,phases   ] GC(9)   Pre Evacuate Collection Set: 21.3ms
[2026-01-16T08:13:50.471+0000][gc,phases   ] GC(9)   Merge Heap Roots: 0.2ms
[2026-01-16T08:13:50.471+0000][gc,phases   ] GC(9)   Evacuate Collection Set: 195.0ms
[2026-01-16T08:13:50.471+0000][gc,phases   ] GC(9)   Post Evacuate Collection Set: 14.0ms
[2026-01-16T08:13:50.471+0000][gc,phases   ] GC(9)   Other: 5.9ms
[2026-01-16T08:13:50.472+0000][gc,heap     ] GC(9) Eden regions: 48->0(49)
[2026-01-16T08:13:50.472+0000][gc,heap     ] GC(9) Survivor regions: 3->2(7)
[2026-01-16T08:13:50.472+0000][gc,heap     ] GC(9) Old regions: 17->17
[2026-01-16T08:13:50.472+0000][gc,heap     ] GC(9) Humongous regions: 4->4
[2026-01-16T08:13:50.473+0000][gc,metaspace] GC(9) Metaspace: 8682K(8960K)->8682K(8960K) NonClass: 7702K(7872K)->7702K(7872K) Class: 980K(1088K)->980K(1088K)
[2026-01-16T08:13:50.473+0000][gc          ] GC(9) Pause Young (Normal) (G1 Evacuation Pause) 70M->21M(1024M) 254.380ms
[2026-01-16T08:13:50.473+0000][gc,cpu      ] GC(9) User=0.08s Sys=0.01s Real=0.26s
[2026-01-16T08:13:53.209+0000][gc,start    ] GC(10) Pause Young (Normal) (G1 Evacuation Pause)
[2026-01-16T08:13:53.226+0000][gc,task     ] GC(10) Using 8 workers of 8 for evacuation
[2026-01-16T08:13:53.398+0000][gc,phases   ] GC(10)   Pre Evacuate Collection Set: 22.1ms
[2026-01-16T08:13:53.406+0000][gc,phases   ] GC(10)   Merge Heap Roots: 3.9ms
[2026-01-16T08:13:53.408+0000][gc,phases   ] GC(10)   Evacuate Collection Set: 112.3ms
[2026-01-16T08:13:53.410+0000][gc,phases   ] GC(10)   Post Evacuate Collection Set: 32.2ms
[2026-01-16T08:13:53.414+0000][gc,phases   ] GC(10)   Other: 2.0ms
[2026-01-16T08:13:53.415+0000][gc,heap     ] GC(10) Eden regions: 49->0(48)
[2026-01-16T08:13:53.415+0000][gc,heap     ] GC(10) Survivor regions: 2->3(7)
[2026-01-16T08:13:53.417+0000][gc,heap     ] GC(10) Old regions: 17->17
[2026-01-16T08:13:53.418+0000][gc,heap     ] GC(10) Humongous regions: 4->4
[2026-01-16T08:13:53.419+0000][gc,metaspace] GC(10) Metaspace: 8727K(8960K)->8727K(8960K) NonClass: 7745K(7872K)->7745K(7872K) Class: 982K(1088K)->982K(1088K)
[2026-01-16T08:13:53.419+0000][gc          ] GC(10) Pause Young (Normal) (G1 Evacuation Pause) 70M->22M(1024M) 210.013ms
[2026-01-16T08:13:53.423+0000][gc,cpu      ] GC(10) User=0.09s Sys=0.01s Real=0.21s
[2026-01-16T08:13:56.290+0000][gc,start    ] GC(11) Pause Young (Normal) (G1 Evacuation Pause)
[2026-01-16T08:13:56.295+0000][gc,task     ] GC(11) Using 8 workers of 8 for evacuation
[2026-01-16T08:13:56.602+0000][gc,mmu      ] GC(11) MMU target violated: 201.0ms (200.0ms/201.0ms)
[2026-01-16T08:13:56.603+0000][gc,phases   ] GC(11)   Pre Evacuate Collection Set: 13.0ms
[2026-01-16T08:13:56.603+0000][gc,phases   ] GC(11)   Merge Heap Roots: 0.9ms
[2026-01-16T08:13:56.604+0000][gc,phases   ] GC(11)   Evacuate Collection Set: 280.6ms
[2026-01-16T08:13:56.607+0000][gc,phases   ] GC(11)   Post Evacuate Collection Set: 9.6ms
[2026-01-16T08:13:56.608+0000][gc,phases   ] GC(11)   Other: 3.6ms
[2026-01-16T08:13:56.609+0000][gc,heap     ] GC(11) Eden regions: 48->0(48)
[2026-01-16T08:13:56.610+0000][gc,heap     ] GC(11) Survivor regions: 3->3(7)
[2026-01-16T08:13:56.611+0000][gc,heap     ] GC(11) Old regions: 17->17
[2026-01-16T08:13:56.612+0000][gc,heap     ] GC(11) Humongous regions: 4->4
[2026-01-16T08:13:56.615+0000][gc,metaspace] GC(11) Metaspace: 8768K(9088K)->8768K(9088K) NonClass: 7782K(8000K)->7782K(8000K) Class: 985K(1088K)->985K(1088K)
[2026-01-16T08:13:56.616+0000][gc          ] GC(11) Pause Young (Normal) (G1 Evacuation Pause) 70M->23M(1024M) 326.257ms
[2026-01-16T08:13:56.616+0000][gc,cpu      ] GC(11) User=0.14s Sys=0.02s Real=0.32s
[2026-01-16T08:14:02.965+0000][gc,start    ] GC(12) Pause Young (Normal) (G1 Evacuation Pause)
[2026-01-16T08:14:02.967+0000][gc,task     ] GC(12) Using 8 workers of 8 for evacuation
[2026-01-16T08:14:03.244+0000][gc,mmu      ] GC(12) MMU target violated: 201.0ms (200.0ms/201.0ms)
[2026-01-16T08:14:03.244+0000][gc,phases   ] GC(12)   Pre Evacuate Collection Set: 60.2ms
[2026-01-16T08:14:03.244+0000][gc,phases   ] GC(12)   Merge Heap Roots: 16.5ms
[2026-01-16T08:14:03.244+0000][gc,phases   ] GC(12)   Evacuate Collection Set: 191.9ms
[2026-01-16T08:14:03.244+0000][gc,phases   ] GC(12)   Post Evacuate Collection Set: 6.7ms
[2026-01-16T08:14:03.244+0000][gc,phases   ] GC(12)   Other: 1.5ms
[2026-01-16T08:14:03.244+0000][gc,heap     ] GC(12) Eden regions: 48->0(49)
[2026-01-16T08:14:03.244+0000][gc,heap     ] GC(12) Survivor regions: 3->2(7)
[2026-01-16T08:14:03.244+0000][gc,heap     ] GC(12) Old regions: 17->17
[2026-01-16T08:14:03.244+0000][gc,heap     ] GC(12) Humongous regions: 4->4
[2026-01-16T08:14:03.244+0000][gc,metaspace] GC(12) Metaspace: 8840K(9088K)->8840K(9088K) NonClass: 7854K(8000K)->7854K(8000K) Class: 986K(1088K)->986K(1088K)
[2026-01-16T08:14:03.244+0000][gc          ] GC(12) Pause Young (Normal) (G1 Evacuation Pause) 71M->22M(1024M) 279.485ms
[2026-01-16T08:14:03.244+0000][gc,cpu      ] GC(12) User=0.14s Sys=0.01s Real=0.28s
[2026-01-16T08:14:04.749+0000][gc,start    ] GC(13) Pause Young (Normal) (G1 Evacuation Pause)
[2026-01-16T08:14:04.750+0000][gc,task     ] GC(13) Using 8 workers of 8 for evacuation
[2026-01-16T08:14:04.989+0000][gc,mmu      ] GC(13) MMU target violated: 201.0ms (200.0ms/201.0ms)
[2026-01-16T08:14:04.991+0000][gc,phases   ] GC(13)   Pre Evacuate Collection Set: 20.0ms
[2026-01-16T08:14:04.992+0000][gc,phases   ] GC(13)   Merge Heap Roots: 4.2ms
[2026-01-16T08:14:04.995+0000][gc,phases   ] GC(13)   Evacuate Collection Set: 180.8ms
[2026-01-16T08:14:04.995+0000][gc,phases   ] GC(13)   Post Evacuate Collection Set: 30.0ms
[2026-01-16T08:14:04.995+0000][gc,phases   ] GC(13)   Other: 6.4ms
[2026-01-16T08:14:04.995+0000][gc,heap     ] GC(13) Eden regions: 49->0(48)
[2026-01-16T08:14:04.997+0000][gc,heap     ] GC(13) Survivor regions: 2->3(7)
[2026-01-16T08:14:04.997+0000][gc,heap     ] GC(13) Old regions: 17->17
[2026-01-16T08:14:04.998+0000][gc,heap     ] GC(13) Humongous regions: 4->4
[2026-01-16T08:14:04.998+0000][gc,metaspace] GC(13) Metaspace: 8853K(9088K)->8853K(9088K) NonClass: 7867K(8000K)->7867K(8000K) Class: 986K(1088K)->986K(1088K)
[2026-01-16T08:14:04.998+0000][gc          ] GC(13) Pause Young (Normal) (G1 Evacuation Pause) 71M->23M(1024M) 249.649ms
[2026-01-16T08:14:04.998+0000][gc,cpu      ] GC(13) User=0.10s Sys=0.01s Real=0.25s
[2026-01-16T08:14:14.025+0000][gc,start    ] GC(14) Pause Young (Normal) (G1 Evacuation Pause)
[2026-01-16T08:14:14.036+0000][gc,task     ] GC(14) Using 8 workers of 8 for evacuation
[2026-01-16T08:14:14.379+0000][gc,mmu      ] GC(14) MMU target violated: 201.0ms (200.0ms/201.0ms)
[2026-01-16T08:14:14.385+0000][gc,phases   ] GC(14)   Pre Evacuate Collection Set: 89.7ms
[2026-01-16T08:14:14.489+0000][gc,phases   ] GC(14)   Merge Heap Roots: 3.3ms
[2026-01-16T08:14:14.493+0000][gc,phases   ] GC(14)   Evacuate Collection Set: 237.8ms
[2026-01-16T08:14:14.496+0000][gc,phases   ] GC(14)   Post Evacuate Collection Set: 11.4ms
[2026-01-16T08:14:14.502+0000][gc,phases   ] GC(14)   Other: 12.2ms
[2026-01-16T08:14:14.510+0000][gc,heap     ] GC(14) Eden regions: 48->0(49)
[2026-01-16T08:14:14.511+0000][gc,heap     ] GC(14) Survivor regions: 3->2(7)
[2026-01-16T08:14:14.512+0000][gc,heap     ] GC(14) Old regions: 17->17
[2026-01-16T08:14:14.523+0000][gc,heap     ] GC(14) Humongous regions: 4->4
[2026-01-16T08:14:14.523+0000][gc,metaspace] GC(14) Metaspace: 8968K(9216K)->8968K(9216K) NonClass: 7982K(8128K)->7982K(8128K) Class: 986K(1088K)->986K(1088K)
[2026-01-16T08:14:14.525+0000][gc          ] GC(14) Pause Young (Normal) (G1 Evacuation Pause) 71M->22M(1024M) 500.002ms
[2026-01-16T08:14:14.538+0000][gc,cpu      ] GC(14) User=0.19s Sys=0.03s Real=0.51s
[2026-01-16T08:14:17.709+0000][gc,start    ] GC(15) Pause Young (Normal) (G1 Evacuation Pause)
[2026-01-16T08:14:17.710+0000][gc,task     ] GC(15) Using 8 workers of 8 for evacuation
[2026-01-16T08:14:17.914+0000][gc,mmu      ] GC(15) MMU target violated: 201.0ms (200.0ms/201.0ms)
[2026-01-16T08:14:17.920+0000][gc,phases   ] GC(15)   Pre Evacuate Collection Set: 13.5ms
[2026-01-16T08:14:17.925+0000][gc,phases   ] GC(15)   Merge Heap Roots: 3.3ms
[2026-01-16T08:14:17.928+0000][gc,phases   ] GC(15)   Evacuate Collection Set: 185.1ms
[2026-01-16T08:14:17.928+0000][gc,phases   ] GC(15)   Post Evacuate Collection Set: 1.3ms
[2026-01-16T08:14:17.928+0000][gc,phases   ] GC(15)   Other: 6.9ms
[2026-01-16T08:14:17.929+0000][gc,heap     ] GC(15) Eden regions: 49->0(48)
[2026-01-16T08:14:17.930+0000][gc,heap     ] GC(15) Survivor regions: 2->3(7)
[2026-01-16T08:14:17.931+0000][gc,heap     ] GC(15) Old regions: 17->17
[2026-01-16T08:14:17.933+0000][gc,heap     ] GC(15) Humongous regions: 4->4
[2026-01-16T08:14:17.935+0000][gc,metaspace] GC(15) Metaspace: 9004K(9344K)->9004K(9344K) NonClass: 8015K(8192K)->8015K(8192K) Class: 989K(1152K)->989K(1152K)
[2026-01-16T08:14:17.939+0000][gc          ] GC(15) Pause Young (Normal) (G1 Evacuation Pause) 71M->22M(1024M) 229.567ms
[2026-01-16T08:14:17.941+0000][gc,cpu      ] GC(15) User=0.13s Sys=0.00s Real=0.24s
[2026-01-16T08:14:20.933+0000][gc,start    ] GC(16) Pause Young (Normal) (G1 Evacuation Pause)
[2026-01-16T08:14:20.935+0000][gc,task     ] GC(16) Using 8 workers of 8 for evacuation
[2026-01-16T08:14:20.983+0000][gc,phases   ] GC(16)   Pre Evacuate Collection Set: 4.4ms
[2026-01-16T08:14:20.985+0000][gc,phases   ] GC(16)   Merge Heap Roots: 0.9ms
[2026-01-16T08:14:20.985+0000][gc,phases   ] GC(16)   Evacuate Collection Set: 37.6ms
[2026-01-16T08:14:20.986+0000][gc,phases   ] GC(16)   Post Evacuate Collection Set: 4.3ms
[2026-01-16T08:14:20.986+0000][gc,phases   ] GC(16)   Other: 0.8ms
[2026-01-16T08:14:20.987+0000][gc,heap     ] GC(16) Eden regions: 48->0(57)
[2026-01-16T08:14:20.987+0000][gc,heap     ] GC(16) Survivor regions: 3->2(7)
[2026-01-16T08:14:20.988+0000][gc,heap     ] GC(16) Old regions: 17->17
[2026-01-16T08:14:20.988+0000][gc,heap     ] GC(16) Humongous regions: 4->4
[2026-01-16T08:14:20.989+0000][gc,metaspace] GC(16) Metaspace: 9024K(9344K)->9024K(9344K) NonClass: 8035K(8192K)->8035K(8192K) Class: 989K(1152K)->989K(1152K)
[2026-01-16T08:14:20.991+0000][gc          ] GC(16) Pause Young (Normal) (G1 Evacuation Pause) 70M->22M(1024M) 58.465ms
[2026-01-16T08:14:20.993+0000][gc,cpu      ] GC(16) User=0.05s Sys=0.00s Real=0.06s
[2026-01-16T08:14:24.550+0000][gc,start    ] GC(17) Pause Young (Normal) (G1 Evacuation Pause)
[2026-01-16T08:14:24.553+0000][gc,task     ] GC(17) Using 8 workers of 8 for evacuation
[2026-01-16T08:14:24.830+0000][gc,mmu      ] GC(17) MMU target violated: 201.0ms (200.0ms/201.0ms)
[2026-01-16T08:14:24.832+0000][gc,phases   ] GC(17)   Pre Evacuate Collection Set: 24.1ms
[2026-01-16T08:14:24.833+0000][gc,phases   ] GC(17)   Merge Heap Roots: 7.1ms
[2026-01-16T08:14:24.833+0000][gc,phases   ] GC(17)   Evacuate Collection Set: 223.4ms
[2026-01-16T08:14:24.833+0000][gc,phases   ] GC(17)   Post Evacuate Collection Set: 22.2ms
[2026-01-16T08:14:24.833+0000][gc,phases   ] GC(17)   Other: 2.8ms
[2026-01-16T08:14:24.834+0000][gc,heap     ] GC(17) Eden regions: 59->0(48)
[2026-01-16T08:14:24.834+0000][gc,heap     ] GC(17) Survivor regions: 2->3(8)
[2026-01-16T08:14:24.834+0000][gc,heap     ] GC(17) Old regions: 17->17
[2026-01-16T08:14:24.835+0000][gc,heap     ] GC(17) Humongous regions: 4->4
[2026-01-16T08:14:24.835+0000][gc,metaspace] GC(17) Metaspace: 9068K(9408K)->9068K(9408K) NonClass: 8077K(8256K)->8077K(8256K) Class: 991K(1152K)->991K(1152K)
[2026-01-16T08:14:24.835+0000][gc          ] GC(17) Pause Young (Normal) (G1 Evacuation Pause) 81M->23M(1024M) 285.268ms
[2026-01-16T08:14:24.836+0000][gc,cpu      ] GC(17) User=0.12s Sys=0.03s Real=0.29s
[2026-01-16T08:14:36.083+0000][gc,start    ] GC(18) Pause Young (Normal) (G1 Evacuation Pause)
[2026-01-16T08:14:36.096+0000][gc,task     ] GC(18) Using 8 workers of 8 for evacuation
[2026-01-16T08:14:36.577+0000][gc,mmu      ] GC(18) MMU target violated: 201.0ms (200.0ms/201.0ms)
[2026-01-16T08:14:36.578+0000][gc,phases   ] GC(18)   Pre Evacuate Collection Set: 46.3ms
[2026-01-16T08:14:36.580+0000][gc,phases   ] GC(18)   Merge Heap Roots: 7.2ms
[2026-01-16T08:14:36.581+0000][gc,phases   ] GC(18)   Evacuate Collection Set: 349.2ms
[2026-01-16T08:14:36.582+0000][gc,phases   ] GC(18)   Post Evacuate Collection Set: 71.1ms
[2026-01-16T08:14:36.582+0000][gc,phases   ] GC(18)   Other: 8.2ms
[2026-01-16T08:14:36.586+0000][gc,heap     ] GC(18) Eden regions: 48->0(50)
[2026-01-16T08:14:36.593+0000][gc,heap     ] GC(18) Survivor regions: 3->1(7)
[2026-01-16T08:14:36.594+0000][gc,heap     ] GC(18) Old regions: 17->18
[2026-01-16T08:14:36.594+0000][gc,heap     ] GC(18) Humongous regions: 4->4
[2026-01-16T08:14:36.595+0000][gc,metaspace] GC(18) Metaspace: 9116K(9472K)->9116K(9472K) NonClass: 8123K(8320K)->8123K(8320K) Class: 992K(1152K)->992K(1152K)
[2026-01-16T08:14:36.597+0000][gc          ] GC(18) Pause Young (Normal) (G1 Evacuation Pause) 71M->22M(1024M) 513.845ms
[2026-01-16T08:14:36.601+0000][gc,cpu      ] GC(18) User=0.21s Sys=0.02s Real=0.52s
[2026-01-16T08:14:40.644+0000][gc,start    ] GC(19) Pause Young (Normal) (G1 Evacuation Pause)
[2026-01-16T08:14:40.648+0000][gc,task     ] GC(19) Using 8 workers of 8 for evacuation
[2026-01-16T08:14:40.869+0000][gc,mmu      ] GC(19) MMU target violated: 201.0ms (200.0ms/201.0ms)
[2026-01-16T08:14:40.871+0000][gc,phases   ] GC(19)   Pre Evacuate Collection Set: 15.5ms
[2026-01-16T08:14:40.877+0000][gc,phases   ] GC(19)   Merge Heap Roots: 6.8ms
[2026-01-16T08:14:40.878+0000][gc,phases   ] GC(19)   Evacuate Collection Set: 167.0ms
[2026-01-16T08:14:40.878+0000][gc,phases   ] GC(19)   Post Evacuate Collection Set: 31.6ms
[2026-01-16T08:14:40.886+0000][gc,phases   ] GC(19)   Other: 2.9ms
[2026-01-16T08:14:40.886+0000][gc,heap     ] GC(19) Eden regions: 50->0(49)
[2026-01-16T08:14:40.887+0000][gc,heap     ] GC(19) Survivor regions: 1->2(7)
[2026-01-16T08:14:40.887+0000][gc,heap     ] GC(19) Old regions: 18->18
[2026-01-16T08:14:40.887+0000][gc,heap     ] GC(19) Humongous regions: 4->4
[2026-01-16T08:14:40.887+0000][gc,metaspace] GC(19) Metaspace: 9142K(9472K)->9142K(9472K) NonClass: 8149K(8320K)->8149K(8320K) Class: 993K(1152K)->993K(1152K)
[2026-01-16T08:14:40.888+0000][gc          ] GC(19) Pause Young (Normal) (G1 Evacuation Pause) 72M->22M(1024M) 244.799ms
[2026-01-16T08:14:40.899+0000][gc,cpu      ] GC(19) User=0.13s Sys=0.03s Real=0.26s
[2026-01-16T08:14:41.990+0000][gc,start    ] GC(20) Pause Young (Normal) (G1 Evacuation Pause)
[2026-01-16T08:14:41.991+0000][gc,task     ] GC(20) Using 8 workers of 8 for evacuation
[2026-01-16T08:14:42.013+0000][gc,phases   ] GC(20)   Pre Evacuate Collection Set: 4.1ms
[2026-01-16T08:14:42.015+0000][gc,phases   ] GC(20)   Merge Heap Roots: 0.4ms
[2026-01-16T08:14:42.017+0000][gc,phases   ] GC(20)   Evacuate Collection Set: 17.0ms
[2026-01-16T08:14:42.019+0000][gc,phases   ] GC(20)   Post Evacuate Collection Set: 0.9ms
[2026-01-16T08:14:42.020+0000][gc,phases   ] GC(20)   Other: 0.5ms
[2026-01-16T08:14:42.020+0000][gc,heap     ] GC(20) Eden regions: 49->0(149)
[2026-01-16T08:14:42.021+0000][gc,heap     ] GC(20) Survivor regions: 2->1(7)
[2026-01-16T08:14:42.021+0000][gc,heap     ] GC(20) Old regions: 18->18
[2026-01-16T08:14:42.021+0000][gc,heap     ] GC(20) Humongous regions: 4->4
[2026-01-16T08:14:42.021+0000][gc,metaspace] GC(20) Metaspace: 9158K(9472K)->9158K(9472K) NonClass: 8164K(8320K)->8164K(8320K) Class: 993K(1152K)->993K(1152K)
[2026-01-16T08:14:42.022+0000][gc          ] GC(20) Pause Young (Normal) (G1 Evacuation Pause) 71M->22M(1024M) 32.100ms
[2026-01-16T08:14:42.022+0000][gc,cpu      ] GC(20) User=0.02s Sys=0.01s Real=0.03s
[2026-01-16T08:14:58.620+0000][gc,start    ] GC(21) Pause Young (Normal) (G1 Evacuation Pause)
[2026-01-16T08:14:58.622+0000][gc,task     ] GC(21) Using 8 workers of 8 for evacuation
[2026-01-16T08:14:58.836+0000][gc,mmu      ] GC(21) MMU target violated: 201.0ms (200.0ms/201.0ms)
[2026-01-16T08:14:58.837+0000][gc,phases   ] GC(21)   Pre Evacuate Collection Set: 33.6ms
[2026-01-16T08:14:58.840+0000][gc,phases   ] GC(21)   Merge Heap Roots: 10.6ms
[2026-01-16T08:14:58.840+0000][gc,phases   ] GC(21)   Evacuate Collection Set: 152.1ms
[2026-01-16T08:14:58.841+0000][gc,phases   ] GC(21)   Post Evacuate Collection Set: 16.7ms
[2026-01-16T08:14:58.843+0000][gc,phases   ] GC(21)   Other: 2.7ms
[2026-01-16T08:14:58.845+0000][gc,heap     ] GC(21) Eden regions: 170->0(70)
[2026-01-16T08:14:58.846+0000][gc,heap     ] GC(21) Survivor regions: 1->2(22)
[2026-01-16T08:14:58.847+0000][gc,heap     ] GC(21) Old regions: 18->18
[2026-01-16T08:14:58.847+0000][gc,heap     ] GC(21) Humongous regions: 4->4
[2026-01-16T08:14:58.848+0000][gc,metaspace] GC(21) Metaspace: 9239K(9536K)->9239K(9536K) NonClass: 8243K(8384K)->8243K(8384K) Class: 995K(1152K)->995K(1152K)
[2026-01-16T08:14:58.848+0000][gc          ] GC(21) Pause Young (Normal) (G1 Evacuation Pause) 192M->23M(1024M) 228.368ms
[2026-01-16T08:14:58.849+0000][gc,cpu      ] GC(21) User=0.13s Sys=0.02s Real=0.23s
[2026-01-16T08:15:04.576+0000][gc,start    ] GC(22) Pause Young (Normal) (G1 Evacuation Pause)
[2026-01-16T08:15:04.578+0000][gc,task     ] GC(22) Using 8 workers of 8 for evacuation
[2026-01-16T08:15:04.836+0000][gc,mmu      ] GC(22) MMU target violated: 201.0ms (200.0ms/201.0ms)
[2026-01-16T08:15:04.836+0000][gc,phases   ] GC(22)   Pre Evacuate Collection Set: 25.5ms
[2026-01-16T08:15:04.836+0000][gc,phases   ] GC(22)   Merge Heap Roots: 7.3ms
[2026-01-16T08:15:04.838+0000][gc,phases   ] GC(22)   Evacuate Collection Set: 218.0ms
[2026-01-16T08:15:04.838+0000][gc,phases   ] GC(22)   Post Evacuate Collection Set: 6.7ms
[2026-01-16T08:15:04.838+0000][gc,phases   ] GC(22)   Other: 1.1ms
[2026-01-16T08:15:04.839+0000][gc,heap     ] GC(22) Eden regions: 73->0(76)
[2026-01-16T08:15:04.839+0000][gc,heap     ] GC(22) Survivor regions: 2->2(10)
[2026-01-16T08:15:04.839+0000][gc,heap     ] GC(22) Old regions: 18->18
[2026-01-16T08:15:04.839+0000][gc,heap     ] GC(22) Humongous regions: 4->4
[2026-01-16T08:15:04.840+0000][gc,metaspace] GC(22) Metaspace: 9261K(9600K)->9261K(9600K) NonClass: 8265K(8448K)->8265K(8448K) Class: 995K(1152K)->995K(1152K)
[2026-01-16T08:15:04.840+0000][gc          ] GC(22) Pause Young (Normal) (G1 Evacuation Pause) 96M->22M(1024M) 264.736ms
[2026-01-16T08:15:04.862+0000][gc,cpu      ] GC(22) User=0.11s Sys=0.00s Real=0.29s
[2026-01-16T08:15:11.367+0000][gc,start    ] GC(23) Pause Young (Normal) (G1 Evacuation Pause)
[2026-01-16T08:15:11.374+0000][gc,task     ] GC(23) Using 8 workers of 8 for evacuation
[2026-01-16T08:15:11.493+0000][gc,phases   ] GC(23)   Pre Evacuate Collection Set: 24.9ms
[2026-01-16T08:15:11.499+0000][gc,phases   ] GC(23)   Merge Heap Roots: 1.1ms
[2026-01-16T08:15:11.499+0000][gc,phases   ] GC(23)   Evacuate Collection Set: 77.0ms
[2026-01-16T08:15:11.508+0000][gc,phases   ] GC(23)   Post Evacuate Collection Set: 13.3ms
[2026-01-16T08:15:11.510+0000][gc,phases   ] GC(23)   Other: 4.8ms
[2026-01-16T08:15:11.513+0000][gc,heap     ] GC(23) Eden regions: 80->0(358)
[2026-01-16T08:15:11.513+0000][gc,heap     ] GC(23) Survivor regions: 2->1(11)
[2026-01-16T08:15:11.514+0000][gc,heap     ] GC(23) Old regions: 18->18
[2026-01-16T08:15:11.515+0000][gc,heap     ] GC(23) Humongous regions: 4->4
[2026-01-16T08:15:11.515+0000][gc,metaspace] GC(23) Metaspace: 9345K(9664K)->9345K(9664K) NonClass: 8349K(8512K)->8349K(8512K) Class: 995K(1152K)->995K(1152K)
[2026-01-16T08:15:11.517+0000][gc          ] GC(23) Pause Young (Normal) (G1 Evacuation Pause) 102M->22M(1024M) 149.955ms
[2026-01-16T08:15:11.517+0000][gc,cpu      ] GC(23) User=0.08s Sys=0.01s Real=0.15s
[2026-01-16T08:15:47.632+0000][gc,start    ] GC(24) Pause Young (Normal) (G1 Evacuation Pause)
[2026-01-16T08:15:47.633+0000][gc,task     ] GC(24) Using 8 workers of 8 for evacuation
[2026-01-16T08:15:47.977+0000][gc,mmu      ] GC(24) MMU target violated: 201.0ms (200.0ms/201.0ms)
[2026-01-16T08:15:47.978+0000][gc,phases   ] GC(24)   Pre Evacuate Collection Set: 82.9ms
[2026-01-16T08:15:47.979+0000][gc,phases   ] GC(24)   Merge Heap Roots: 10.5ms
[2026-01-16T08:15:47.979+0000][gc,phases   ] GC(24)   Evacuate Collection Set: 221.8ms
[2026-01-16T08:15:47.980+0000][gc,phases   ] GC(24)   Post Evacuate Collection Set: 27.9ms
[2026-01-16T08:15:47.981+0000][gc,phases   ] GC(24)   Other: 2.8ms
[2026-01-16T08:15:47.982+0000][gc,heap     ] GC(24) Eden regions: 379->0(65)
[2026-01-16T08:15:47.983+0000][gc,heap     ] GC(24) Survivor regions: 1->2(48)
[2026-01-16T08:15:47.985+0000][gc,heap     ] GC(24) Old regions: 18->18
[2026-01-16T08:15:47.986+0000][gc,heap     ] GC(24) Humongous regions: 4->4
[2026-01-16T08:15:47.987+0000][gc,metaspace] GC(24) Metaspace: 9636K(9984K)->9636K(9984K) NonClass: 8633K(8832K)->8633K(8832K) Class: 1003K(1152K)->1003K(1152K)
[2026-01-16T08:15:47.988+0000][gc          ] GC(24) Pause Young (Normal) (G1 Evacuation Pause) 401M->23M(1024M) 355.527ms
[2026-01-16T08:15:47.990+0000][gc,cpu      ] GC(24) User=0.21s Sys=0.02s Real=0.36s
[2026-01-16T08:15:57.306+0000][gc,start    ] GC(25) Pause Young (Normal) (G1 Evacuation Pause)
[2026-01-16T08:15:57.310+0000][gc,task     ] GC(25) Using 8 workers of 8 for evacuation
[2026-01-16T08:15:57.535+0000][gc,mmu      ] GC(25) MMU target violated: 201.0ms (200.0ms/201.0ms)
[2026-01-16T08:15:57.536+0000][gc,phases   ] GC(25)   Pre Evacuate Collection Set: 63.4ms
[2026-01-16T08:15:57.537+0000][gc,phases   ] GC(25)   Merge Heap Roots: 2.8ms
[2026-01-16T08:15:57.541+0000][gc,phases   ] GC(25)   Evacuate Collection Set: 128.1ms
[2026-01-16T08:15:57.542+0000][gc,phases   ] GC(25)   Post Evacuate Collection Set: 24.9ms
[2026-01-16T08:15:57.542+0000][gc,phases   ] GC(25)   Other: 8.0ms
[2026-01-16T08:15:57.542+0000][gc,heap     ] GC(25) Eden regions: 68->0(71)
[2026-01-16T08:15:57.542+0000][gc,heap     ] GC(25) Survivor regions: 2->2(9)
[2026-01-16T08:15:57.542+0000][gc,heap     ] GC(25) Old regions: 18->18
[2026-01-16T08:15:57.543+0000][gc,heap     ] GC(25) Humongous regions: 4->4
[2026-01-16T08:15:57.543+0000][gc,metaspace] GC(25) Metaspace: 9654K(9984K)->9654K(9984K) NonClass: 8651K(8832K)->8651K(8832K) Class: 1003K(1152K)->1003K(1152K)
[2026-01-16T08:15:57.543+0000][gc          ] GC(25) Pause Young (Normal) (G1 Evacuation Pause) 91M->22M(1024M) 237.177ms
[2026-01-16T08:15:57.543+0000][gc,cpu      ] GC(25) User=0.13s Sys=0.02s Real=0.24s
[2026-01-16T08:16:00.738+0000][gc,start    ] GC(26) Pause Young (Normal) (G1 Evacuation Pause)
[2026-01-16T08:16:00.747+0000][gc,task     ] GC(26) Using 8 workers of 8 for evacuation
[2026-01-16T08:16:00.832+0000][gc,phases   ] GC(26)   Pre Evacuate Collection Set: 23.3ms
[2026-01-16T08:16:00.833+0000][gc,phases   ] GC(26)   Merge Heap Roots: 1.7ms
[2026-01-16T08:16:00.833+0000][gc,phases   ] GC(26)   Evacuate Collection Set: 51.4ms
[2026-01-16T08:16:00.833+0000][gc,phases   ] GC(26)   Post Evacuate Collection Set: 7.4ms
[2026-01-16T08:16:00.833+0000][gc,phases   ] GC(26)   Other: 2.6ms
[2026-01-16T08:16:00.834+0000][gc,heap     ] GC(26) Eden regions: 74->0(430)
[2026-01-16T08:16:00.834+0000][gc,heap     ] GC(26) Survivor regions: 2->1(10)
[2026-01-16T08:16:00.835+0000][gc,heap     ] GC(26) Old regions: 18->18
[2026-01-16T08:16:00.839+0000][gc,heap     ] GC(26) Humongous regions: 4->4
[2026-01-16T08:16:00.840+0000][gc,metaspace] GC(26) Metaspace: 9665K(9984K)->9665K(9984K) NonClass: 8662K(8832K)->8662K(8832K) Class: 1003K(1152K)->1003K(1152K)
[2026-01-16T08:16:00.841+0000][gc          ] GC(26) Pause Young (Normal) (G1 Evacuation Pause) 96M->22M(1024M) 102.220ms
[2026-01-16T08:16:00.841+0000][gc,cpu      ] GC(26) User=0.06s Sys=0.01s Real=0.10s
[2026-01-16T08:16:43.278+0000][gc,start    ] GC(27) Pause Young (Normal) (G1 Evacuation Pause)
[2026-01-16T08:16:43.308+0000][gc,task     ] GC(27) Using 8 workers of 8 for evacuation
[2026-01-16T08:16:43.778+0000][gc,mmu      ] GC(27) MMU target violated: 201.0ms (200.0ms/201.0ms)
[2026-01-16T08:16:43.783+0000][gc,phases   ] GC(27)   Pre Evacuate Collection Set: 76.2ms
[2026-01-16T08:16:43.785+0000][gc,phases   ] GC(27)   Merge Heap Roots: 5.2ms
[2026-01-16T08:16:43.786+0000][gc,phases   ] GC(27)   Evacuate Collection Set: 356.6ms
[2026-01-16T08:16:43.786+0000][gc,phases   ] GC(27)   Post Evacuate Collection Set: 29.0ms
[2026-01-16T08:16:43.788+0000][gc,phases   ] GC(27)   Other: 31.1ms
[2026-01-16T08:16:43.790+0000][gc,heap     ] GC(27) Eden regions: 434->0(61)
[2026-01-16T08:16:43.791+0000][gc,heap     ] GC(27) Survivor regions: 1->1(55)
[2026-01-16T08:16:43.791+0000][gc,heap     ] GC(27) Old regions: 18->18
[2026-01-16T08:16:43.791+0000][gc,heap     ] GC(27) Humongous regions: 4->4
[2026-01-16T08:16:43.791+0000][gc,metaspace] GC(27) Metaspace: 9870K(10176K)->9870K(10176K) NonClass: 8865K(9024K)->8865K(9024K) Class: 1004K(1152K)->1004K(1152K)
[2026-01-16T08:16:43.791+0000][gc          ] GC(27) Pause Young (Normal) (G1 Evacuation Pause) 456M->22M(1024M) 513.034ms
[2026-01-16T08:16:43.792+0000][gc,cpu      ] GC(27) User=0.16s Sys=0.03s Real=0.52s
[2026-01-16T08:16:50.190+0000][gc,start    ] GC(28) Pause Young (Normal) (G1 Evacuation Pause)
[2026-01-16T08:16:50.197+0000][gc,task     ] GC(28) Using 8 workers of 8 for evacuation
[2026-01-16T08:16:50.547+0000][gc,mmu      ] GC(28) MMU target violated: 201.0ms (200.0ms/201.0ms)
[2026-01-16T08:16:50.555+0000][gc,phases   ] GC(28)   Pre Evacuate Collection Set: 53.1ms
[2026-01-16T08:16:50.556+0000][gc,phases   ] GC(28)   Merge Heap Roots: 1.6ms
[2026-01-16T08:16:50.556+0000][gc,phases   ] GC(28)   Evacuate Collection Set: 176.1ms
[2026-01-16T08:16:50.556+0000][gc,phases   ] GC(28)   Post Evacuate Collection Set: 95.4ms
[2026-01-16T08:16:50.557+0000][gc,phases   ] GC(28)   Other: 33.6ms
[2026-01-16T08:16:50.557+0000][gc,heap     ] GC(28) Eden regions: 62->0(49)
[2026-01-16T08:16:50.557+0000][gc,heap     ] GC(28) Survivor regions: 1->2(8)
[2026-01-16T08:16:50.557+0000][gc,heap     ] GC(28) Old regions: 18->18
[2026-01-16T08:16:50.558+0000][gc,heap     ] GC(28) Humongous regions: 4->4
[2026-01-16T08:16:50.558+0000][gc,metaspace] GC(28) Metaspace: 9916K(10176K)->9916K(10176K) NonClass: 8911K(9024K)->8911K(9024K) Class: 1004K(1152K)->1004K(1152K)
[2026-01-16T08:16:50.564+0000][gc          ] GC(28) Pause Young (Normal) (G1 Evacuation Pause) 84M->23M(1024M) 369.758ms
[2026-01-16T08:16:50.569+0000][gc,cpu      ] GC(28) User=0.16s Sys=0.02s Real=0.37s
[2026-01-16T08:16:53.799+0000][gc,start    ] GC(29) Pause Young (Normal) (G1 Evacuation Pause)
[2026-01-16T08:16:53.801+0000][gc,task     ] GC(29) Using 8 workers of 8 for evacuation
[2026-01-16T08:16:53.952+0000][gc,phases   ] GC(29)   Pre Evacuate Collection Set: 27.4ms
[2026-01-16T08:16:53.953+0000][gc,phases   ] GC(29)   Merge Heap Roots: 0.2ms
[2026-01-16T08:16:53.953+0000][gc,phases   ] GC(29)   Evacuate Collection Set: 116.3ms
[2026-01-16T08:16:53.953+0000][gc,phases   ] GC(29)   Post Evacuate Collection Set: 5.5ms
[2026-01-16T08:16:53.954+0000][gc,phases   ] GC(29)   Other: 2.2ms
[2026-01-16T08:16:53.954+0000][gc,heap     ] GC(29) Eden regions: 49->0(49)
[2026-01-16T08:16:53.954+0000][gc,heap     ] GC(29) Survivor regions: 2->2(7)
[2026-01-16T08:16:53.955+0000][gc,heap     ] GC(29) Old regions: 18->18
[2026-01-16T08:16:53.955+0000][gc,heap     ] GC(29) Humongous regions: 4->4
[2026-01-16T08:16:53.955+0000][gc,metaspace] GC(29) Metaspace: 9931K(10240K)->9931K(10240K) NonClass: 8926K(9088K)->8926K(9088K) Class: 1004K(1152K)->1004K(1152K)
[2026-01-16T08:16:53.955+0000][gc          ] GC(29) Pause Young (Normal) (G1 Evacuation Pause) 72M->22M(1024M) 156.158ms
[2026-01-16T08:16:53.955+0000][gc,cpu      ] GC(29) User=0.10s Sys=0.00s Real=0.16s
[2026-01-16T08:16:56.855+0000][gc,start    ] GC(30) Pause Young (Normal) (G1 Evacuation Pause)
[2026-01-16T08:16:56.858+0000][gc,task     ] GC(30) Using 8 workers of 8 for evacuation
[2026-01-16T08:16:57.033+0000][gc,phases   ] GC(30)   Pre Evacuate Collection Set: 14.8ms
[2026-01-16T08:16:57.035+0000][gc,phases   ] GC(30)   Merge Heap Roots: 0.9ms
[2026-01-16T08:16:57.035+0000][gc,phases   ] GC(30)   Evacuate Collection Set: 109.7ms
[2026-01-16T08:16:57.035+0000][gc,phases   ] GC(30)   Post Evacuate Collection Set: 49.7ms
[2026-01-16T08:16:57.035+0000][gc,phases   ] GC(30)   Other: 0.7ms
[2026-01-16T08:16:57.036+0000][gc,heap     ] GC(30) Eden regions: 49->0(49)
[2026-01-16T08:16:57.036+0000][gc,heap     ] GC(30) Survivor regions: 2->2(7)
[2026-01-16T08:16:57.036+0000][gc,heap     ] GC(30) Old regions: 18->18
[2026-01-16T08:16:57.036+0000][gc,heap     ] GC(30) Humongous regions: 4->4
[2026-01-16T08:16:57.037+0000][gc,metaspace] GC(30) Metaspace: 9931K(10240K)->9931K(10240K) NonClass: 8926K(9088K)->8926K(9088K) Class: 1004K(1152K)->1004K(1152K)
[2026-01-16T08:16:57.038+0000][gc          ] GC(30) Pause Young (Normal) (G1 Evacuation Pause) 71M->23M(1024M) 183.320ms
[2026-01-16T08:16:57.038+0000][gc,cpu      ] GC(30) User=0.11s Sys=0.01s Real=0.18s
[2026-01-16T08:17:01.027+0000][gc,start    ] GC(31) Pause Young (Normal) (G1 Evacuation Pause)
[2026-01-16T08:17:01.028+0000][gc,task     ] GC(31) Using 8 workers of 8 for evacuation
[2026-01-16T08:17:01.106+0000][gc,phases   ] GC(31)   Pre Evacuate Collection Set: 16.2ms
[2026-01-16T08:17:01.110+0000][gc,phases   ] GC(31)   Merge Heap Roots: 0.2ms
[2026-01-16T08:17:01.112+0000][gc,phases   ] GC(31)   Evacuate Collection Set: 54.1ms
[2026-01-16T08:17:01.114+0000][gc,phases   ] GC(31)   Post Evacuate Collection Set: 6.9ms
[2026-01-16T08:17:01.117+0000][gc,phases   ] GC(31)   Other: 1.1ms
[2026-01-16T08:17:01.117+0000][gc,heap     ] GC(31) Eden regions: 49->0(169)
[2026-01-16T08:17:01.118+0000][gc,heap     ] GC(31) Survivor regions: 2->1(7)
[2026-01-16T08:17:01.118+0000][gc,heap     ] GC(31) Old regions: 18->18
[2026-01-16T08:17:01.118+0000][gc,heap     ] GC(31) Humongous regions: 4->4
[2026-01-16T08:17:01.118+0000][gc,metaspace] GC(31) Metaspace: 9938K(10304K)->9938K(10304K) NonClass: 8933K(9152K)->8933K(9152K) Class: 1004K(1152K)->1004K(1152K)
[2026-01-16T08:17:01.118+0000][gc          ] GC(31) Pause Young (Normal) (G1 Evacuation Pause) 72M->22M(1024M) 91.840ms
[2026-01-16T08:17:01.119+0000][gc,cpu      ] GC(31) User=0.06s Sys=0.00s Real=0.10s
[2026-01-16T08:17:20.285+0000][gc,start    ] GC(32) Pause Young (Normal) (G1 Evacuation Pause)
[2026-01-16T08:17:20.285+0000][gc,task     ] GC(32) Using 8 workers of 8 for evacuation
[2026-01-16T08:17:20.445+0000][gc,phases   ] GC(32)   Pre Evacuate Collection Set: 22.2ms
[2026-01-16T08:17:20.446+0000][gc,phases   ] GC(32)   Merge Heap Roots: 3.5ms
[2026-01-16T08:17:20.453+0000][gc,phases   ] GC(32)   Evacuate Collection Set: 129.4ms
[2026-01-16T08:17:20.455+0000][gc,phases   ] GC(32)   Post Evacuate Collection Set: 3.3ms
[2026-01-16T08:17:20.455+0000][gc,phases   ] GC(32)   Other: 0.8ms
[2026-01-16T08:17:20.456+0000][gc,heap     ] GC(32) Eden regions: 172->0(246)
[2026-01-16T08:17:20.456+0000][gc,heap     ] GC(32) Survivor regions: 1->1(22)
[2026-01-16T08:17:20.456+0000][gc,heap     ] GC(32) Old regions: 18->18
[2026-01-16T08:17:20.457+0000][gc,heap     ] GC(32) Humongous regions: 4->4
[2026-01-16T08:17:20.457+0000][gc,metaspace] GC(32) Metaspace: 9968K(10304K)->9968K(10304K) NonClass: 8961K(9152K)->8961K(9152K) Class: 1006K(1152K)->1006K(1152K)
[2026-01-16T08:17:20.457+0000][gc          ] GC(32) Pause Young (Normal) (G1 Evacuation Pause) 194M->22M(1024M) 172.789ms
[2026-01-16T08:17:20.458+0000][gc,cpu      ] GC(32) User=0.10s Sys=0.01s Real=0.18s
[2026-01-16T08:17:40.709+0000][gc,start    ] GC(33) Pause Young (Normal) (G1 Evacuation Pause)
[2026-01-16T08:17:40.711+0000][gc,task     ] GC(33) Using 8 workers of 8 for evacuation
[2026-01-16T08:17:40.917+0000][gc,mmu      ] GC(33) MMU target violated: 201.0ms (200.0ms/201.0ms)
[2026-01-16T08:17:40.931+0000][gc,phases   ] GC(33)   Pre Evacuate Collection Set: 68.2ms
[2026-01-16T08:17:40.937+0000][gc,phases   ] GC(33)   Merge Heap Roots: 1.1ms
[2026-01-16T08:17:40.937+0000][gc,phases   ] GC(33)   Evacuate Collection Set: 123.4ms
[2026-01-16T08:17:40.938+0000][gc,phases   ] GC(33)   Post Evacuate Collection Set: 12.7ms
[2026-01-16T08:17:40.938+0000][gc,phases   ] GC(33)   Other: 14.8ms
[2026-01-16T08:17:40.938+0000][gc,heap     ] GC(33) Eden regions: 225->0(249)
[2026-01-16T08:17:40.938+0000][gc,heap     ] GC(33) Survivor regions: 1->1(29)
[2026-01-16T08:17:40.949+0000][gc,heap     ] GC(33) Old regions: 18->18
[2026-01-16T08:17:40.949+0000][gc,heap     ] GC(33) Humongous regions: 4->4
[2026-01-16T08:17:40.950+0000][gc,metaspace] GC(33) Metaspace: 10021K(10304K)->10021K(10304K) NonClass: 9015K(9152K)->9015K(9152K) Class: 1006K(1152K)->1006K(1152K)
[2026-01-16T08:17:40.950+0000][gc          ] GC(33) Pause Young (Normal) (G1 Evacuation Pause) 247M->22M(1024M) 241.114ms
[2026-01-16T08:17:40.951+0000][gc,cpu      ] GC(33) User=0.09s Sys=0.01s Real=0.24s
[2026-01-16T08:18:12.200+0000][gc,start    ] GC(34) Pause Young (Normal) (G1 Evacuation Pause)
[2026-01-16T08:18:12.219+0000][gc,task     ] GC(34) Using 8 workers of 8 for evacuation
[2026-01-16T08:18:13.013+0000][gc,mmu      ] GC(34) MMU target violated: 201.0ms (200.0ms/201.0ms)
[2026-01-16T08:18:13.013+0000][gc,phases   ] GC(34)   Pre Evacuate Collection Set: 198.6ms
[2026-01-16T08:18:13.014+0000][gc,phases   ] GC(34)   Merge Heap Roots: 9.8ms
[2026-01-16T08:18:13.015+0000][gc,phases   ] GC(34)   Evacuate Collection Set: 555.3ms
[2026-01-16T08:18:13.015+0000][gc,phases   ] GC(34)   Post Evacuate Collection Set: 26.9ms
[2026-01-16T08:18:13.016+0000][gc,phases   ] GC(34)   Other: 5.6ms
[2026-01-16T08:18:13.017+0000][gc,heap     ] GC(34) Eden regions: 254->0(49)
[2026-01-16T08:18:13.018+0000][gc,heap     ] GC(34) Survivor regions: 1->2(32)
[2026-01-16T08:18:13.018+0000][gc,heap     ] GC(34) Old regions: 18->18
[2026-01-16T08:18:13.019+0000][gc,heap     ] GC(34) Humongous regions: 4->4
[2026-01-16T08:18:13.022+0000][gc,metaspace] GC(34) Metaspace: 10126K(10432K)->10126K(10432K) NonClass: 9117K(9280K)->9117K(9280K) Class: 1008K(1152K)->1008K(1152K)
[2026-01-16T08:18:13.022+0000][gc          ] GC(34) Pause Young (Normal) (G1 Evacuation Pause) 276M->23M(1024M) 822.206ms
[2026-01-16T08:18:13.023+0000][gc,cpu      ] GC(34) User=0.31s Sys=0.04s Real=0.82s
[2026-01-16T08:18:15.403+0000][gc,start    ] GC(35) Pause Young (Normal) (G1 Evacuation Pause)
[2026-01-16T08:18:15.404+0000][gc,task     ] GC(35) Using 8 workers of 8 for evacuation
[2026-01-16T08:18:15.620+0000][gc,mmu      ] GC(35) MMU target violated: 201.0ms (200.0ms/201.0ms)
[2026-01-16T08:18:15.621+0000][gc,phases   ] GC(35)   Pre Evacuate Collection Set: 10.9ms
[2026-01-16T08:18:15.621+0000][gc,phases   ] GC(35)   Merge Heap Roots: 0.9ms
[2026-01-16T08:18:15.621+0000][gc,phases   ] GC(35)   Evacuate Collection Set: 198.8ms
[2026-01-16T08:18:15.621+0000][gc,phases   ] GC(35)   Post Evacuate Collection Set: 5.0ms
[2026-01-16T08:18:15.621+0000][gc,phases   ] GC(35)   Other: 1.4ms
[2026-01-16T08:18:15.621+0000][gc,heap     ] GC(35) Eden regions: 49->0(49)
[2026-01-16T08:18:15.621+0000][gc,heap     ] GC(35) Survivor regions: 2->2(7)
[2026-01-16T08:18:15.621+0000][gc,heap     ] GC(35) Old regions: 18->18
[2026-01-16T08:18:15.621+0000][gc,heap     ] GC(35) Humongous regions: 4->4
[2026-01-16T08:18:15.622+0000][gc,metaspace] GC(35) Metaspace: 10127K(10432K)->10127K(10432K) NonClass: 9119K(9280K)->9119K(9280K) Class: 1008K(1152K)->1008K(1152K)
[2026-01-16T08:18:15.622+0000][gc          ] GC(35) Pause Young (Normal) (G1 Evacuation Pause) 72M->23M(1024M) 218.611ms
[2026-01-16T08:18:15.622+0000][gc,cpu      ] GC(35) User=0.13s Sys=0.01s Real=0.22s
[2026-01-16T08:18:16.642+0000][gc,start    ] GC(36) Pause Young (Normal) (G1 Evacuation Pause)
[2026-01-16T08:18:16.644+0000][gc,task     ] GC(36) Using 8 workers of 8 for evacuation
[2026-01-16T08:18:16.843+0000][gc,phases   ] GC(36)   Pre Evacuate Collection Set: 4.7ms
[2026-01-16T08:18:16.844+0000][gc,phases   ] GC(36)   Merge Heap Roots: 2.2ms
[2026-01-16T08:18:16.844+0000][gc,phases   ] GC(36)   Evacuate Collection Set: 189.3ms
[2026-01-16T08:18:16.844+0000][gc,phases   ] GC(36)   Post Evacuate Collection Set: 1.3ms
[2026-01-16T08:18:16.844+0000][gc,phases   ] GC(36)   Other: 1.2ms
[2026-01-16T08:18:16.845+0000][gc,heap     ] GC(36) Eden regions: 49->0(48)
[2026-01-16T08:18:16.845+0000][gc,heap     ] GC(36) Survivor regions: 2->3(7)
[2026-01-16T08:18:16.845+0000][gc,heap     ] GC(36) Old regions: 18->18
[2026-01-16T08:18:16.845+0000][gc,heap     ] GC(36) Humongous regions: 4->4
[2026-01-16T08:18:16.846+0000][gc,metaspace] GC(36) Metaspace: 10127K(10432K)->10127K(10432K) NonClass: 9119K(9280K)->9119K(9280K) Class: 1008K(1152K)->1008K(1152K)
[2026-01-16T08:18:16.846+0000][gc          ] GC(36) Pause Young (Normal) (G1 Evacuation Pause) 72M->24M(1024M) 204.673ms
[2026-01-16T08:18:16.847+0000][gc,cpu      ] GC(36) User=0.10s Sys=0.01s Real=0.20s
[2026-01-16T08:18:17.645+0000][gc,start    ] GC(37) Pause Young (Normal) (G1 Evacuation Pause)
[2026-01-16T08:18:17.650+0000][gc,task     ] GC(37) Using 8 workers of 8 for evacuation
[2026-01-16T08:18:17.700+0000][gc,phases   ] GC(37)   Pre Evacuate Collection Set: 1.5ms
[2026-01-16T08:18:17.705+0000][gc,phases   ] GC(37)   Merge Heap Roots: 0.1ms
[2026-01-16T08:18:17.710+0000][gc,phases   ] GC(37)   Evacuate Collection Set: 44.8ms
[2026-01-16T08:18:17.715+0000][gc,phases   ] GC(37)   Post Evacuate Collection Set: 0.7ms
[2026-01-16T08:18:17.728+0000][gc,phases   ] GC(37)   Other: 2.2ms
[2026-01-16T08:18:17.731+0000][gc,heap     ] GC(37) Eden regions: 48->0(49)
[2026-01-16T08:18:17.732+0000][gc,heap     ] GC(37) Survivor regions: 3->2(7)
[2026-01-16T08:18:17.732+0000][gc,heap     ] GC(37) Old regions: 18->18
[2026-01-16T08:18:17.732+0000][gc,heap     ] GC(37) Humongous regions: 4->4
[2026-01-16T08:18:17.732+0000][gc,metaspace] GC(37) Metaspace: 10135K(10496K)->10135K(10496K) NonClass: 9126K(9344K)->9126K(9344K) Class: 1008K(1152K)->1008K(1152K)
[2026-01-16T08:18:17.734+0000][gc          ] GC(37) Pause Young (Normal) (G1 Evacuation Pause) 72M->23M(1024M) 89.500ms
[2026-01-16T08:18:17.734+0000][gc,cpu      ] GC(37) User=0.02s Sys=0.00s Real=0.09s
[2026-01-16T08:18:21.070+0000][gc,start    ] GC(38) Pause Young (Normal) (G1 Evacuation Pause)
[2026-01-16T08:18:21.076+0000][gc,task     ] GC(38) Using 8 workers of 8 for evacuation
[2026-01-16T08:18:21.306+0000][gc,mmu      ] GC(38) MMU target violated: 201.0ms (200.0ms/201.0ms)
[2026-01-16T08:18:21.306+0000][gc,phases   ] GC(38)   Pre Evacuate Collection Set: 38.3ms
[2026-01-16T08:18:21.311+0000][gc,phases   ] GC(38)   Merge Heap Roots: 0.3ms
[2026-01-16T08:18:21.311+0000][gc,phases   ] GC(38)   Evacuate Collection Set: 177.7ms
[2026-01-16T08:18:21.311+0000][gc,phases   ] GC(38)   Post Evacuate Collection Set: 12.5ms
[2026-01-16T08:18:21.311+0000][gc,phases   ] GC(38)   Other: 1.0ms
[2026-01-16T08:18:21.312+0000][gc,heap     ] GC(38) Eden regions: 49->0(50)
[2026-01-16T08:18:21.312+0000][gc,heap     ] GC(38) Survivor regions: 2->1(7)
[2026-01-16T08:18:21.312+0000][gc,heap     ] GC(38) Old regions: 18->19
[2026-01-16T08:18:21.313+0000][gc,heap     ] GC(38) Humongous regions: 4->4
[2026-01-16T08:18:21.314+0000][gc,metaspace] GC(38) Metaspace: 10135K(10496K)->10135K(10496K) NonClass: 9127K(9344K)->9127K(9344K) Class: 1008K(1152K)->1008K(1152K)
[2026-01-16T08:18:21.316+0000][gc          ] GC(38) Pause Young (Normal) (G1 Evacuation Pause) 72M->22M(1024M) 246.070ms
[2026-01-16T08:18:21.317+0000][gc,cpu      ] GC(38) User=0.06s Sys=0.01s Real=0.24s
[2026-01-16T08:18:23.532+0000][gc,start    ] GC(39) Pause Young (Normal) (G1 Evacuation Pause)
[2026-01-16T08:18:23.534+0000][gc,task     ] GC(39) Using 8 workers of 8 for evacuation
[2026-01-16T08:18:23.614+0000][gc,phases   ] GC(39)   Pre Evacuate Collection Set: 15.7ms
[2026-01-16T08:18:23.614+0000][gc,phases   ] GC(39)   Merge Heap Roots: 0.2ms
[2026-01-16T08:18:23.615+0000][gc,phases   ] GC(39)   Evacuate Collection Set: 61.3ms
[2026-01-16T08:18:23.616+0000][gc,phases   ] GC(39)   Post Evacuate Collection Set: 1.3ms
[2026-01-16T08:18:23.616+0000][gc,phases   ] GC(39)   Other: 2.1ms
[2026-01-16T08:18:23.616+0000][gc,heap     ] GC(39) Eden regions: 50->0(49)
[2026-01-16T08:18:23.616+0000][gc,heap     ] GC(39) Survivor regions: 1->2(7)
[2026-01-16T08:18:23.618+0000][gc,heap     ] GC(39) Old regions: 19->19
[2026-01-16T08:18:23.618+0000][gc,heap     ] GC(39) Humongous regions: 4->4
[2026-01-16T08:18:23.619+0000][gc,metaspace] GC(39) Metaspace: 10139K(10496K)->10139K(10496K) NonClass: 9131K(9344K)->9131K(9344K) Class: 1008K(1152K)->1008K(1152K)
[2026-01-16T08:18:23.639+0000][gc          ] GC(39) Pause Young (Normal) (G1 Evacuation Pause) 72M->23M(1024M) 106.830ms
[2026-01-16T08:18:23.644+0000][gc,cpu      ] GC(39) User=0.05s Sys=0.00s Real=0.11s
[2026-01-16T08:18:32.561+0000][gc,start    ] GC(40) Pause Young (Normal) (G1 Evacuation Pause)
[2026-01-16T08:18:32.586+0000][gc,task     ] GC(40) Using 8 workers of 8 for evacuation
[2026-01-16T08:18:32.886+0000][gc,mmu      ] GC(40) MMU target violated: 201.0ms (200.0ms/201.0ms)
[2026-01-16T08:18:32.891+0000][gc,phases   ] GC(40)   Pre Evacuate Collection Set: 50.3ms
[2026-01-16T08:18:32.899+0000][gc,phases   ] GC(40)   Merge Heap Roots: 27.2ms
[2026-01-16T08:18:32.902+0000][gc,phases   ] GC(40)   Evacuate Collection Set: 197.0ms
[2026-01-16T08:18:32.906+0000][gc,phases   ] GC(40)   Post Evacuate Collection Set: 21.6ms
[2026-01-16T08:18:32.907+0000][gc,phases   ] GC(40)   Other: 11.9ms
[2026-01-16T08:18:32.960+0000][gc,heap     ] GC(40) Eden regions: 49->0(73)
[2026-01-16T08:18:32.960+0000][gc,heap     ] GC(40) Survivor regions: 2->1(7)
[2026-01-16T08:18:32.960+0000][gc,heap     ] GC(40) Old regions: 19->19
[2026-01-16T08:18:32.962+0000][gc,heap     ] GC(40) Humongous regions: 4->4
[2026-01-16T08:18:32.962+0000][gc,metaspace] GC(40) Metaspace: 10140K(10496K)->10140K(10496K) NonClass: 9132K(9344K)->9132K(9344K) Class: 1008K(1152K)->1008K(1152K)
[2026-01-16T08:18:32.963+0000][gc          ] GC(40) Pause Young (Normal) (G1 Evacuation Pause) 72M->22M(1024M) 401.309ms
[2026-01-16T08:18:32.963+0000][gc,cpu      ] GC(40) User=0.10s Sys=0.03s Real=0.40s
[2026-01-16T08:18:41.267+0000][gc,start    ] GC(41) Pause Young (Normal) (G1 Evacuation Pause)
[2026-01-16T08:18:41.271+0000][gc,task     ] GC(41) Using 8 workers of 8 for evacuation
[2026-01-16T08:18:41.437+0000][gc,phases   ] GC(41)   Pre Evacuate Collection Set: 61.2ms
[2026-01-16T08:18:41.437+0000][gc,phases   ] GC(41)   Merge Heap Roots: 1.8ms
[2026-01-16T08:18:41.438+0000][gc,phases   ] GC(41)   Evacuate Collection Set: 96.1ms
[2026-01-16T08:18:41.438+0000][gc,phases   ] GC(41)   Post Evacuate Collection Set: 2.6ms
[2026-01-16T08:18:41.438+0000][gc,phases   ] GC(41)   Other: 4.2ms
[2026-01-16T08:18:41.439+0000][gc,heap     ] GC(41) Eden regions: 76->0(145)
[2026-01-16T08:18:41.439+0000][gc,heap     ] GC(41) Survivor regions: 1->1(10)
[2026-01-16T08:18:41.440+0000][gc,heap     ] GC(41) Old regions: 19->19
[2026-01-16T08:18:41.440+0000][gc,heap     ] GC(41) Humongous regions: 4->4
[2026-01-16T08:18:41.440+0000][gc,metaspace] GC(41) Metaspace: 10145K(10496K)->10145K(10496K) NonClass: 9137K(9344K)->9137K(9344K) Class: 1008K(1152K)->1008K(1152K)
[2026-01-16T08:18:41.444+0000][gc          ] GC(41) Pause Young (Normal) (G1 Evacuation Pause) 98M->22M(1024M) 176.801ms
[2026-01-16T08:18:41.444+0000][gc,cpu      ] GC(41) User=0.08s Sys=0.02s Real=0.18s
[2026-01-16T08:18:53.605+0000][gc,start    ] GC(42) Pause Young (Normal) (G1 Evacuation Pause)
[2026-01-16T08:18:53.610+0000][gc,task     ] GC(42) Using 8 workers of 8 for evacuation
[2026-01-16T08:18:53.941+0000][gc,mmu      ] GC(42) MMU target violated: 201.0ms (200.0ms/201.0ms)
[2026-01-16T08:18:53.942+0000][gc,phases   ] GC(42)   Pre Evacuate Collection Set: 92.7ms
[2026-01-16T08:18:53.943+0000][gc,phases   ] GC(42)   Merge Heap Roots: 0.7ms
[2026-01-16T08:18:53.944+0000][gc,phases   ] GC(42)   Evacuate Collection Set: 228.9ms
[2026-01-16T08:18:53.947+0000][gc,phases   ] GC(42)   Post Evacuate Collection Set: 2.8ms
[2026-01-16T08:18:53.948+0000][gc,phases   ] GC(42)   Other: 8.0ms
[2026-01-16T08:18:53.948+0000][gc,heap     ] GC(42) Eden regions: 137->0(50)
[2026-01-16T08:18:53.949+0000][gc,heap     ] GC(42) Survivor regions: 1->1(18)
[2026-01-16T08:18:53.949+0000][gc,heap     ] GC(42) Old regions: 19->19
[2026-01-16T08:18:53.950+0000][gc,heap     ] GC(42) Humongous regions: 4->4
[2026-01-16T08:18:53.950+0000][gc,metaspace] GC(42) Metaspace: 10146K(10496K)->10146K(10496K) NonClass: 9137K(9344K)->9137K(9344K) Class: 1008K(1152K)->1008K(1152K)
[2026-01-16T08:18:53.950+0000][gc          ] GC(42) Pause Young (Normal) (G1 Evacuation Pause) 159M->22M(1024M) 345.124ms
[2026-01-16T08:18:53.952+0000][gc,cpu      ] GC(42) User=0.17s Sys=0.02s Real=0.36s
[2026-01-16T08:18:57.577+0000][gc,start    ] GC(43) Pause Young (Normal) (G1 Evacuation Pause)
[2026-01-16T08:18:57.578+0000][gc,task     ] GC(43) Using 8 workers of 8 for evacuation
[2026-01-16T08:18:57.826+0000][gc,mmu      ] GC(43) MMU target violated: 201.0ms (200.0ms/201.0ms)
[2026-01-16T08:18:57.826+0000][gc,phases   ] GC(43)   Pre Evacuate Collection Set: 41.6ms
[2026-01-16T08:18:57.827+0000][gc,phases   ] GC(43)   Merge Heap Roots: 8.2ms
[2026-01-16T08:18:57.828+0000][gc,phases   ] GC(43)   Evacuate Collection Set: 192.5ms
[2026-01-16T08:18:57.828+0000][gc,phases   ] GC(43)   Post Evacuate Collection Set: 3.6ms
[2026-01-16T08:18:57.829+0000][gc,phases   ] GC(43)   Other: 2.3ms
[2026-01-16T08:18:57.830+0000][gc,heap     ] GC(43) Eden regions: 50->0(49)
[2026-01-16T08:18:57.830+0000][gc,heap     ] GC(43) Survivor regions: 1->2(7)
[2026-01-16T08:18:57.832+0000][gc,heap     ] GC(43) Old regions: 19->19
[2026-01-16T08:18:57.832+0000][gc,heap     ] GC(43) Humongous regions: 4->4
[2026-01-16T08:18:57.832+0000][gc,metaspace] GC(43) Metaspace: 10159K(10496K)->10159K(10496K) NonClass: 9151K(9344K)->9151K(9344K) Class: 1008K(1152K)->1008K(1152K)
[2026-01-16T08:18:57.833+0000][gc          ] GC(43) Pause Young (Normal) (G1 Evacuation Pause) 72M->23M(1024M) 255.757ms
[2026-01-16T08:18:57.833+0000][gc,cpu      ] GC(43) User=0.16s Sys=0.01s Real=0.26s
[2026-01-16T08:19:01.935+0000][gc,start    ] GC(44) Pause Young (Normal) (G1 Evacuation Pause)
[2026-01-16T08:19:01.941+0000][gc,task     ] GC(44) Using 8 workers of 8 for evacuation
[2026-01-16T08:19:02.124+0000][gc,phases   ] GC(44)   Pre Evacuate Collection Set: 54.5ms
[2026-01-16T08:19:02.126+0000][gc,phases   ] GC(44)   Merge Heap Roots: 2.4ms
[2026-01-16T08:19:02.128+0000][gc,phases   ] GC(44)   Evacuate Collection Set: 110.8ms
[2026-01-16T08:19:02.130+0000][gc,phases   ] GC(44)   Post Evacuate Collection Set: 4.1ms
[2026-01-16T08:19:02.134+0000][gc,phases   ] GC(44)   Other: 11.5ms
[2026-01-16T08:19:02.137+0000][gc,heap     ] GC(44) Eden regions: 49->0(66)
[2026-01-16T08:19:02.138+0000][gc,heap     ] GC(44) Survivor regions: 2->1(7)
[2026-01-16T08:19:02.143+0000][gc,heap     ] GC(44) Old regions: 19->19
[2026-01-16T08:19:02.143+0000][gc,heap     ] GC(44) Humongous regions: 4->4
[2026-01-16T08:19:02.145+0000][gc,metaspace] GC(44) Metaspace: 10171K(10496K)->10171K(10496K) NonClass: 9163K(9344K)->9163K(9344K) Class: 1008K(1152K)->1008K(1152K)
[2026-01-16T08:19:02.148+0000][gc          ] GC(44) Pause Young (Normal) (G1 Evacuation Pause) 72M->22M(1024M) 212.697ms
[2026-01-16T08:19:02.150+0000][gc,cpu      ] GC(44) User=0.09s Sys=0.01s Real=0.22s
[2026-01-16T08:19:03.982+0000][gc,start    ] GC(45) Pause Young (Normal) (G1 Evacuation Pause)
[2026-01-16T08:19:03.983+0000][gc,task     ] GC(45) Using 8 workers of 8 for evacuation
[2026-01-16T08:19:04.034+0000][gc,phases   ] GC(45)   Pre Evacuate Collection Set: 18.7ms
[2026-01-16T08:19:04.034+0000][gc,phases   ] GC(45)   Merge Heap Roots: 0.3ms
[2026-01-16T08:19:04.034+0000][gc,phases   ] GC(45)   Evacuate Collection Set: 28.6ms
[2026-01-16T08:19:04.035+0000][gc,phases   ] GC(45)   Post Evacuate Collection Set: 2.3ms
[2026-01-16T08:19:04.035+0000][gc,phases   ] GC(45)   Other: 0.4ms
[2026-01-16T08:19:04.036+0000][gc,heap     ] GC(45) Eden regions: 67->0(69)
[2026-01-16T08:19:04.037+0000][gc,heap     ] GC(45) Survivor regions: 1->2(9)
[2026-01-16T08:19:04.039+0000][gc,heap     ] GC(45) Old regions: 19->19
[2026-01-16T08:19:04.040+0000][gc,heap     ] GC(45) Humongous regions: 4->4
[2026-01-16T08:19:04.041+0000][gc,metaspace] GC(45) Metaspace: 10193K(10496K)->10193K(10496K) NonClass: 9185K(9344K)->9185K(9344K) Class: 1008K(1152K)->1008K(1152K)
[2026-01-16T08:19:04.041+0000][gc          ] GC(45) Pause Young (Normal) (G1 Evacuation Pause) 89M->23M(1024M) 58.500ms
[2026-01-16T08:19:04.041+0000][gc,cpu      ] GC(45) User=0.07s Sys=0.00s Real=0.06s
[2026-01-16T08:19:12.202+0000][gc,start    ] GC(46) Pause Young (Normal) (G1 Evacuation Pause)
[2026-01-16T08:19:12.208+0000][gc,task     ] GC(46) Using 8 workers of 8 for evacuation
[2026-01-16T08:19:12.298+0000][gc,phases   ] GC(46)   Pre Evacuate Collection Set: 14.2ms
[2026-01-16T08:19:12.299+0000][gc,phases   ] GC(46)   Merge Heap Roots: 0.2ms
[2026-01-16T08:19:12.300+0000][gc,phases   ] GC(46)   Evacuate Collection Set: 67.0ms
[2026-01-16T08:19:12.300+0000][gc,phases   ] GC(46)   Post Evacuate Collection Set: 5.7ms
[2026-01-16T08:19:12.300+0000][gc,phases   ] GC(46)   Other: 4.3ms
[2026-01-16T08:19:12.300+0000][gc,heap     ] GC(46) Eden regions: 69->0(125)
[2026-01-16T08:19:12.301+0000][gc,heap     ] GC(46) Survivor regions: 2->2(9)
[2026-01-16T08:19:12.301+0000][gc,heap     ] GC(46) Old regions: 19->19
[2026-01-16T08:19:12.301+0000][gc,heap     ] GC(46) Humongous regions: 4->4
[2026-01-16T08:19:12.302+0000][gc,metaspace] GC(46) Metaspace: 10199K(10496K)->10199K(10496K) NonClass: 9190K(9344K)->9190K(9344K) Class: 1008K(1152K)->1008K(1152K)
[2026-01-16T08:19:12.303+0000][gc          ] GC(46) Pause Young (Normal) (G1 Evacuation Pause) 92M->23M(1024M) 100.742ms
[2026-01-16T08:19:12.303+0000][gc,cpu      ] GC(46) User=0.08s Sys=0.01s Real=0.10s
[2026-01-16T08:19:25.865+0000][gc,start    ] GC(47) Pause Young (Normal) (G1 Evacuation Pause)
[2026-01-16T08:19:25.873+0000][gc,task     ] GC(47) Using 8 workers of 8 for evacuation
[2026-01-16T08:19:26.095+0000][gc,mmu      ] GC(47) MMU target violated: 201.0ms (200.0ms/201.0ms)
[2026-01-16T08:19:26.097+0000][gc,phases   ] GC(47)   Pre Evacuate Collection Set: 26.6ms
[2026-01-16T08:19:26.098+0000][gc,phases   ] GC(47)   Merge Heap Roots: 3.8ms
[2026-01-16T08:19:26.099+0000][gc,phases   ] GC(47)   Evacuate Collection Set: 177.2ms
[2026-01-16T08:19:26.099+0000][gc,phases   ] GC(47)   Post Evacuate Collection Set: 13.7ms
[2026-01-16T08:19:26.103+0000][gc,phases   ] GC(47)   Other: 3.2ms
[2026-01-16T08:19:26.105+0000][gc,heap     ] GC(47) Eden regions: 123->0(126)
[2026-01-16T08:19:26.106+0000][gc,heap     ] GC(47) Survivor regions: 2->2(16)
[2026-01-16T08:19:26.107+0000][gc,heap     ] GC(47) Old regions: 19->19
[2026-01-16T08:19:26.107+0000][gc,heap     ] GC(47) Humongous regions: 4->4
[2026-01-16T08:19:26.107+0000][gc,metaspace] GC(47) Metaspace: 10211K(10496K)->10211K(10496K) NonClass: 9202K(9344K)->9202K(9344K) Class: 1008K(1152K)->1008K(1152K)
[2026-01-16T08:19:26.108+0000][gc          ] GC(47) Pause Young (Normal) (G1 Evacuation Pause) 146M->23M(1024M) 242.639ms
[2026-01-16T08:19:26.108+0000][gc,cpu      ] GC(47) User=0.16s Sys=0.02s Real=0.25s
[2026-01-16T08:19:52.662+0000][gc,start    ] GC(48) Pause Young (Normal) (G1 Evacuation Pause)
[2026-01-16T08:19:52.665+0000][gc,task     ] GC(48) Using 8 workers of 8 for evacuation
[2026-01-16T08:19:54.742+0000][gc,mmu      ] GC(48) MMU target violated: 201.0ms (200.0ms/201.0ms)
[2026-01-16T08:19:54.744+0000][gc,phases   ] GC(48)   Pre Evacuate Collection Set: 206.7ms
[2026-01-16T08:19:54.755+0000][gc,phases   ] GC(48)   Merge Heap Roots: 18.7ms
[2026-01-16T08:19:54.767+0000][gc,phases   ] GC(48)   Evacuate Collection Set: 1633.7ms
[2026-01-16T08:19:54.771+0000][gc,phases   ] GC(48)   Post Evacuate Collection Set: 215.7ms
[2026-01-16T08:19:54.772+0000][gc,phases   ] GC(48)   Other: 4.7ms
[2026-01-16T08:19:54.775+0000][gc,heap     ] GC(48) Eden regions: 124->0(49)
[2026-01-16T08:19:54.779+0000][gc,heap     ] GC(48) Survivor regions: 2->2(16)
[2026-01-16T08:19:54.782+0000][gc,heap     ] GC(48) Old regions: 19->19
[2026-01-16T08:19:54.782+0000][gc,heap     ] GC(48) Humongous regions: 15->15
[2026-01-16T08:19:54.783+0000][gc,metaspace] GC(48) Metaspace: 10273K(10560K)->10273K(10560K) NonClass: 9257K(9408K)->9257K(9408K) Class: 1016K(1152K)->1016K(1152K)
[2026-01-16T08:19:54.785+0000][gc          ] GC(48) Pause Young (Normal) (G1 Evacuation Pause) 158M->34M(1024M) 2123.505ms
[2026-01-16T08:19:54.791+0000][gc,cpu      ] GC(48) User=0.85s Sys=0.09s Real=2.13s
[2026-01-16T08:20:09.137+0000][gc,start    ] GC(49) Pause Young (Normal) (G1 Evacuation Pause)
[2026-01-16T08:20:09.178+0000][gc,task     ] GC(49) Using 8 workers of 8 for evacuation
[2026-01-16T08:20:10.375+0000][gc,mmu      ] GC(49) MMU target violated: 201.0ms (200.0ms/201.0ms)
[2026-01-16T08:20:10.379+0000][gc,phases   ] GC(49)   Pre Evacuate Collection Set: 183.5ms
[2026-01-16T08:20:10.382+0000][gc,phases   ] GC(49)   Merge Heap Roots: 34.3ms
[2026-01-16T08:20:10.382+0000][gc,phases   ] GC(49)   Evacuate Collection Set: 905.1ms
[2026-01-16T08:20:10.382+0000][gc,phases   ] GC(49)   Post Evacuate Collection Set: 72.3ms
[2026-01-16T08:20:10.383+0000][gc,phases   ] GC(49)   Other: 5.9ms
[2026-01-16T08:20:10.383+0000][gc,heap     ] GC(49) Eden regions: 49->0(48)
[2026-01-16T08:20:10.383+0000][gc,heap     ] GC(49) Survivor regions: 2->3(7)
[2026-01-16T08:20:10.383+0000][gc,heap     ] GC(49) Old regions: 19->19
[2026-01-16T08:20:10.383+0000][gc,heap     ] GC(49) Humongous regions: 17->17
[2026-01-16T08:20:10.384+0000][gc,metaspace] GC(49) Metaspace: 10333K(10624K)->10333K(10624K) NonClass: 9307K(9472K)->9307K(9472K) Class: 1025K(1152K)->1025K(1152K)
[2026-01-16T08:20:10.388+0000][gc          ] GC(49) Pause Young (Normal) (G1 Evacuation Pause) 85M->37M(1024M) 1251.028ms
[2026-01-16T08:20:10.391+0000][gc,cpu      ] GC(49) User=0.64s Sys=0.09s Real=1.26s
[2026-01-16T08:20:17.519+0000][gc,start    ] GC(50) Pause Young (Normal) (GCLocker Initiated GC)
[2026-01-16T08:20:17.539+0000][gc,task     ] GC(50) Using 8 workers of 8 for evacuation
[2026-01-16T08:20:18.701+0000][gc,mmu      ] GC(50) MMU target violated: 201.0ms (200.0ms/201.0ms)
[2026-01-16T08:20:18.703+0000][gc,phases   ] GC(50)   Pre Evacuate Collection Set: 117.6ms
[2026-01-16T08:20:18.703+0000][gc,phases   ] GC(50)   Merge Heap Roots: 10.0ms
[2026-01-16T08:20:18.704+0000][gc,phases   ] GC(50)   Evacuate Collection Set: 996.0ms
[2026-01-16T08:20:18.704+0000][gc,phases   ] GC(50)   Post Evacuate Collection Set: 30.1ms
[2026-01-16T08:20:18.706+0000][gc,phases   ] GC(50)   Other: 9.8ms
[2026-01-16T08:20:18.707+0000][gc,heap     ] GC(50) Eden regions: 48->0(49)
[2026-01-16T08:20:18.712+0000][gc,heap     ] GC(50) Survivor regions: 3->2(7)
[2026-01-16T08:20:18.713+0000][gc,heap     ] GC(50) Old regions: 19->19
[2026-01-16T08:20:18.714+0000][gc,heap     ] GC(50) Humongous regions: 19->19
[2026-01-16T08:20:18.714+0000][gc,metaspace] GC(50) Metaspace: 10349K(10624K)->10349K(10624K) NonClass: 9324K(9472K)->9324K(9472K) Class: 1025K(1152K)->1025K(1152K)
[2026-01-16T08:20:18.715+0000][gc          ] GC(50) Pause Young (Normal) (GCLocker Initiated GC) 87M->38M(1024M) 1196.078ms
[2026-01-16T08:20:18.715+0000][gc,cpu      ] GC(50) User=0.39s Sys=0.06s Real=1.21s
[2026-01-16T08:20:24.420+0000][gc,start    ] GC(51) Pause Young (Normal) (G1 Evacuation Pause)
[2026-01-16T08:20:24.487+0000][gc,task     ] GC(51) Using 8 workers of 8 for evacuation
[2026-01-16T08:20:25.383+0000][gc,mmu      ] GC(51) MMU target violated: 201.0ms (200.0ms/201.0ms)
[2026-01-16T08:20:25.386+0000][gc,phases   ] GC(51)   Pre Evacuate Collection Set: 126.2ms
[2026-01-16T08:20:25.387+0000][gc,phases   ] GC(51)   Merge Heap Roots: 0.3ms
[2026-01-16T08:20:25.390+0000][gc,phases   ] GC(51)   Evacuate Collection Set: 731.7ms
[2026-01-16T08:20:25.400+0000][gc,phases   ] GC(51)   Post Evacuate Collection Set: 32.4ms
[2026-01-16T08:20:25.403+0000][gc,phases   ] GC(51)   Other: 58.0ms
[2026-01-16T08:20:25.404+0000][gc,heap     ] GC(51) Eden regions: 49->0(48)
[2026-01-16T08:20:25.404+0000][gc,heap     ] GC(51) Survivor regions: 2->3(7)
[2026-01-16T08:20:25.404+0000][gc,heap     ] GC(51) Old regions: 19->19
[2026-01-16T08:20:25.404+0000][gc,heap     ] GC(51) Humongous regions: 19->19
[2026-01-16T08:20:25.406+0000][gc,metaspace] GC(51) Metaspace: 10354K(10688K)->10354K(10688K) NonClass: 9328K(9536K)->9328K(9536K) Class: 1025K(1152K)->1025K(1152K)
[2026-01-16T08:20:25.406+0000][gc          ] GC(51) Pause Young (Normal) (G1 Evacuation Pause) 87M->39M(1024M) 986.364ms
[2026-01-16T08:20:25.406+0000][gc,cpu      ] GC(51) User=0.35s Sys=0.02s Real=0.99s
[2026-01-16T08:20:29.612+0000][gc,start    ] GC(52) Pause Young (Normal) (G1 Evacuation Pause)
[2026-01-16T08:20:29.614+0000][gc,task     ] GC(52) Using 8 workers of 8 for evacuation
[2026-01-16T08:20:30.467+0000][gc,mmu      ] GC(52) MMU target violated: 201.0ms (200.0ms/201.0ms)
[2026-01-16T08:20:30.473+0000][gc,phases   ] GC(52)   Pre Evacuate Collection Set: 46.9ms
[2026-01-16T08:20:30.476+0000][gc,phases   ] GC(52)   Merge Heap Roots: 4.2ms
[2026-01-16T08:20:30.490+0000][gc,phases   ] GC(52)   Evacuate Collection Set: 742.4ms
[2026-01-16T08:20:30.492+0000][gc,phases   ] GC(52)   Post Evacuate Collection Set: 52.0ms
[2026-01-16T08:20:30.494+0000][gc,phases   ] GC(52)   Other: 13.6ms
[2026-01-16T08:20:30.502+0000][gc,heap     ] GC(52) Eden regions: 48->0(47)
[2026-01-16T08:20:30.516+0000][gc,heap     ] GC(52) Survivor regions: 3->4(7)
[2026-01-16T08:20:30.519+0000][gc,heap     ] GC(52) Old regions: 19->19
[2026-01-16T08:20:30.522+0000][gc,heap     ] GC(52) Humongous regions: 19->19
[2026-01-16T08:20:30.523+0000][gc,metaspace] GC(52) Metaspace: 10362K(10688K)->10362K(10688K) NonClass: 9334K(9536K)->9334K(9536K) Class: 1027K(1152K)->1027K(1152K)
[2026-01-16T08:20:30.526+0000][gc          ] GC(52) Pause Young (Normal) (G1 Evacuation Pause) 87M->40M(1024M) 913.616ms
[2026-01-16T08:20:30.526+0000][gc,cpu      ] GC(52) User=0.28s Sys=0.04s Real=0.92s
[2026-01-16T08:20:32.393+0000][gc,start    ] GC(53) Pause Young (Normal) (G1 Evacuation Pause)
[2026-01-16T08:20:32.398+0000][gc,task     ] GC(53) Using 8 workers of 8 for evacuation
[2026-01-16T08:20:32.849+0000][gc,mmu      ] GC(53) MMU target violated: 201.0ms (200.0ms/201.0ms)
[2026-01-16T08:20:32.852+0000][gc,phases   ] GC(53)   Pre Evacuate Collection Set: 41.9ms
[2026-01-16T08:20:32.853+0000][gc,phases   ] GC(53)   Merge Heap Roots: 0.2ms
[2026-01-16T08:20:32.857+0000][gc,phases   ] GC(53)   Evacuate Collection Set: 397.6ms
[2026-01-16T08:20:32.858+0000][gc,phases   ] GC(53)   Post Evacuate Collection Set: 9.8ms
[2026-01-16T08:20:32.861+0000][gc,phases   ] GC(53)   Other: 5.6ms
[2026-01-16T08:20:32.863+0000][gc,heap     ] GC(53) Eden regions: 47->0(47)
[2026-01-16T08:20:32.866+0000][gc,heap     ] GC(53) Survivor regions: 4->4(7)
[2026-01-16T08:20:32.868+0000][gc,heap     ] GC(53) Old regions: 19->19
[2026-01-16T08:20:32.871+0000][gc,heap     ] GC(53) Humongous regions: 19->19
[2026-01-16T08:20:32.871+0000][gc,metaspace] GC(53) Metaspace: 10364K(10688K)->10364K(10688K) NonClass: 9336K(9536K)->9336K(9536K) Class: 1027K(1152K)->1027K(1152K)
[2026-01-16T08:20:32.873+0000][gc          ] GC(53) Pause Young (Normal) (G1 Evacuation Pause) 87M->41M(1024M) 479.383ms
[2026-01-16T08:20:32.873+0000][gc,cpu      ] GC(53) User=0.18s Sys=0.02s Real=0.49s
[2026-01-16T08:20:34.389+0000][gc,start    ] GC(54) Pause Young (Normal) (G1 Evacuation Pause)
[2026-01-16T08:20:34.391+0000][gc,task     ] GC(54) Using 8 workers of 8 for evacuation
[2026-01-16T08:20:35.910+0000][gc,mmu      ] GC(54) MMU target violated: 201.0ms (200.0ms/201.0ms)
[2026-01-16T08:20:35.923+0000][gc,phases   ] GC(54)   Pre Evacuate Collection Set: 36.9ms
[2026-01-16T08:20:35.939+0000][gc,phases   ] GC(54)   Merge Heap Roots: 3.5ms
[2026-01-16T08:20:35.940+0000][gc,phases   ] GC(54)   Evacuate Collection Set: 1404.9ms
[2026-01-16T08:20:35.940+0000][gc,phases   ] GC(54)   Post Evacuate Collection Set: 65.4ms
[2026-01-16T08:20:35.942+0000][gc,phases   ] GC(54)   Other: 22.5ms
[2026-01-16T08:20:35.944+0000][gc,heap     ] GC(54) Eden regions: 47->0(46)
[2026-01-16T08:20:35.945+0000][gc,heap     ] GC(54) Survivor regions: 4->5(7)
[2026-01-16T08:20:35.946+0000][gc,heap     ] GC(54) Old regions: 19->19
[2026-01-16T08:20:35.946+0000][gc,heap     ] GC(54) Humongous regions: 21->21
[2026-01-16T08:20:35.948+0000][gc,metaspace] GC(54) Metaspace: 10365K(10688K)->10365K(10688K) NonClass: 9338K(9536K)->9338K(9536K) Class: 1027K(1152K)->1027K(1152K)
[2026-01-16T08:20:35.983+0000][gc          ] GC(54) Pause Young (Normal) (G1 Evacuation Pause) 90M->44M(1024M) 1594.561ms
[2026-01-16T08:20:35.989+0000][gc,cpu      ] GC(54) User=0.50s Sys=0.08s Real=1.60s
[2026-01-16T08:20:39.950+0000][gc,start    ] GC(55) Pause Young (Normal) (G1 Evacuation Pause)
[2026-01-16T08:20:39.959+0000][gc,task     ] GC(55) Using 8 workers of 8 for evacuation
[2026-01-16T08:20:40.971+0000][gc,mmu      ] GC(55) MMU target violated: 201.0ms (200.0ms/201.0ms)
[2026-01-16T08:20:40.976+0000][gc,phases   ] GC(55)   Pre Evacuate Collection Set: 83.8ms
[2026-01-16T08:20:40.983+0000][gc,phases   ] GC(55)   Merge Heap Roots: 0.2ms
[2026-01-16T08:20:40.983+0000][gc,phases   ] GC(55)   Evacuate Collection Set: 904.3ms
[2026-01-16T08:20:40.984+0000][gc,phases   ] GC(55)   Post Evacuate Collection Set: 22.2ms
[2026-01-16T08:20:40.985+0000][gc,phases   ] GC(55)   Other: 7.4ms
[2026-01-16T08:20:40.985+0000][gc,heap     ] GC(55) Eden regions: 46->0(46)
[2026-01-16T08:20:40.986+0000][gc,heap     ] GC(55) Survivor regions: 5->5(7)
[2026-01-16T08:20:40.986+0000][gc,heap     ] GC(55) Old regions: 19->20
[2026-01-16T08:20:40.986+0000][gc,heap     ] GC(55) Humongous regions: 21->21
[2026-01-16T08:20:40.986+0000][gc,metaspace] GC(55) Metaspace: 10371K(10688K)->10371K(10688K) NonClass: 9343K(9536K)->9343K(9536K) Class: 1027K(1152K)->1027K(1152K)
[2026-01-16T08:20:40.986+0000][gc          ] GC(55) Pause Young (Normal) (G1 Evacuation Pause) 90M->44M(1024M) 1036.194ms
[2026-01-16T08:20:40.986+0000][gc,cpu      ] GC(55) User=0.59s Sys=0.07s Real=1.04s
[2026-01-16T08:20:43.665+0000][gc,start    ] GC(56) Pause Young (Normal) (G1 Evacuation Pause)
[2026-01-16T08:20:43.666+0000][gc,task     ] GC(56) Using 8 workers of 8 for evacuation
[2026-01-16T08:20:44.713+0000][gc,mmu      ] GC(56) MMU target violated: 201.0ms (200.0ms/201.0ms)
[2026-01-16T08:20:44.714+0000][gc,phases   ] GC(56)   Pre Evacuate Collection Set: 166.0ms
[2026-01-16T08:20:44.714+0000][gc,phases   ] GC(56)   Merge Heap Roots: 0.8ms
[2026-01-16T08:20:44.715+0000][gc,phases   ] GC(56)   Evacuate Collection Set: 828.4ms
[2026-01-16T08:20:44.721+0000][gc,phases   ] GC(56)   Post Evacuate Collection Set: 50.2ms
[2026-01-16T08:20:44.724+0000][gc,phases   ] GC(56)   Other: 2.9ms
[2026-01-16T08:20:44.729+0000][gc,heap     ] GC(56) Eden regions: 46->0(46)
[2026-01-16T08:20:44.730+0000][gc,heap     ] GC(56) Survivor regions: 5->5(7)
[2026-01-16T08:20:44.731+0000][gc,heap     ] GC(56) Old regions: 20->20
[2026-01-16T08:20:44.731+0000][gc,heap     ] GC(56) Humongous regions: 23->23
[2026-01-16T08:20:44.737+0000][gc,metaspace] GC(56) Metaspace: 10374K(10688K)->10374K(10688K) NonClass: 9346K(9536K)->9346K(9536K) Class: 1027K(1152K)->1027K(1152K)
[2026-01-16T08:20:44.743+0000][gc          ] GC(56) Pause Young (Normal) (G1 Evacuation Pause) 92M->47M(1024M) 1077.771ms
[2026-01-16T08:20:44.749+0000][gc,cpu      ] GC(56) User=0.39s Sys=0.06s Real=1.08s
[2026-01-16T08:20:48.391+0000][gc,start    ] GC(57) Pause Young (Normal) (G1 Evacuation Pause)
[2026-01-16T08:20:48.395+0000][gc,task     ] GC(57) Using 8 workers of 8 for evacuation
[2026-01-16T08:20:49.346+0000][gc,mmu      ] GC(57) MMU target violated: 201.0ms (200.0ms/201.0ms)
[2026-01-16T08:20:49.348+0000][gc,phases   ] GC(57)   Pre Evacuate Collection Set: 77.4ms
[2026-01-16T08:20:49.350+0000][gc,phases   ] GC(57)   Merge Heap Roots: 25.9ms
[2026-01-16T08:20:49.357+0000][gc,phases   ] GC(57)   Evacuate Collection Set: 785.6ms
[2026-01-16T08:20:49.360+0000][gc,phases   ] GC(57)   Post Evacuate Collection Set: 53.4ms
[2026-01-16T08:20:49.360+0000][gc,phases   ] GC(57)   Other: 11.1ms
[2026-01-16T08:20:49.363+0000][gc,heap     ] GC(57) Eden regions: 46->0(46)
[2026-01-16T08:20:49.364+0000][gc,heap     ] GC(57) Survivor regions: 5->5(7)
[2026-01-16T08:20:49.364+0000][gc,heap     ] GC(57) Old regions: 20->21
[2026-01-16T08:20:49.365+0000][gc,heap     ] GC(57) Humongous regions: 23->23
[2026-01-16T08:20:49.369+0000][gc,metaspace] GC(57) Metaspace: 10376K(10688K)->10376K(10688K) NonClass: 9349K(9536K)->9349K(9536K) Class: 1027K(1152K)->1027K(1152K)
[2026-01-16T08:20:49.370+0000][gc          ] GC(57) Pause Young (Normal) (G1 Evacuation Pause) 93M->48M(1024M) 978.788ms
[2026-01-16T08:20:49.371+0000][gc,cpu      ] GC(57) User=0.52s Sys=0.09s Real=0.98s
[2026-01-16T08:20:56.122+0000][gc,start    ] GC(58) Pause Young (Normal) (G1 Evacuation Pause)
[2026-01-16T08:20:56.125+0000][gc,task     ] GC(58) Using 8 workers of 8 for evacuation
[2026-01-16T08:20:57.473+0000][gc,mmu      ] GC(58) MMU target violated: 201.0ms (200.0ms/201.0ms)
[2026-01-16T08:20:57.474+0000][gc,phases   ] GC(58)   Pre Evacuate Collection Set: 181.1ms
[2026-01-16T08:20:57.477+0000][gc,phases   ] GC(58)   Merge Heap Roots: 0.8ms
[2026-01-16T08:20:57.478+0000][gc,phases   ] GC(58)   Evacuate Collection Set: 1119.7ms
[2026-01-16T08:20:57.479+0000][gc,phases   ] GC(58)   Post Evacuate Collection Set: 17.4ms
[2026-01-16T08:20:57.481+0000][gc,phases   ] GC(58)   Other: 30.9ms
[2026-01-16T08:20:57.490+0000][gc,heap     ] GC(58) Eden regions: 46->0(47)
[2026-01-16T08:20:57.495+0000][gc,heap     ] GC(58) Survivor regions: 5->4(7)
[2026-01-16T08:20:57.497+0000][gc,heap     ] GC(58) Old regions: 21->22
[2026-01-16T08:20:57.497+0000][gc,heap     ] GC(58) Humongous regions: 25->25
[2026-01-16T08:20:57.499+0000][gc,metaspace] GC(58) Metaspace: 10382K(10688K)->10382K(10688K) NonClass: 9355K(9536K)->9355K(9536K) Class: 1027K(1152K)->1027K(1152K)
[2026-01-16T08:20:57.502+0000][gc          ] GC(58) Pause Young (Normal) (G1 Evacuation Pause) 96M->50M(1024M) 1379.675ms
[2026-01-16T08:20:57.503+0000][gc,cpu      ] GC(58) User=0.61s Sys=0.11s Real=1.38s
[2026-01-16T08:21:02.795+0000][gc,start    ] GC(59) Pause Young (Normal) (G1 Evacuation Pause)
[2026-01-16T08:21:02.810+0000][gc,task     ] GC(59) Using 8 workers of 8 for evacuation
[2026-01-16T08:21:04.031+0000][gc,mmu      ] GC(59) MMU target violated: 201.0ms (200.0ms/201.0ms)
[2026-01-16T08:21:04.037+0000][gc,phases   ] GC(59)   Pre Evacuate Collection Set: 154.4ms
[2026-01-16T08:21:04.053+0000][gc,phases   ] GC(59)   Merge Heap Roots: 21.7ms
[2026-01-16T08:21:04.055+0000][gc,phases   ] GC(59)   Evacuate Collection Set: 971.9ms
[2026-01-16T08:21:04.057+0000][gc,phases   ] GC(59)   Post Evacuate Collection Set: 71.9ms
[2026-01-16T08:21:04.063+0000][gc,phases   ] GC(59)   Other: 18.5ms
[2026-01-16T08:21:04.063+0000][gc,heap     ] GC(59) Eden regions: 47->0(46)
[2026-01-16T08:21:04.063+0000][gc,heap     ] GC(59) Survivor regions: 4->5(7)
[2026-01-16T08:21:04.063+0000][gc,heap     ] GC(59) Old regions: 22->22
[2026-01-16T08:21:04.063+0000][gc,heap     ] GC(59) Humongous regions: 25->25
[2026-01-16T08:21:04.063+0000][gc,metaspace] GC(59) Metaspace: 10386K(10688K)->10386K(10688K) NonClass: 9358K(9536K)->9358K(9536K) Class: 1027K(1152K)->1027K(1152K)
[2026-01-16T08:21:04.066+0000][gc          ] GC(59) Pause Young (Normal) (G1 Evacuation Pause) 97M->51M(1024M) 1270.738ms
[2026-01-16T08:21:04.077+0000][gc,cpu      ] GC(59) User=0.67s Sys=0.10s Real=1.28s
[2026-01-16T08:21:08.823+0000][gc,start    ] GC(60) Pause Young (Normal) (G1 Evacuation Pause)
[2026-01-16T08:21:08.852+0000][gc,task     ] GC(60) Using 8 workers of 8 for evacuation
[2026-01-16T08:21:09.575+0000][gc,mmu      ] GC(60) MMU target violated: 201.0ms (200.0ms/201.0ms)
[2026-01-16T08:21:09.581+0000][gc,phases   ] GC(60)   Pre Evacuate Collection Set: 63.8ms
[2026-01-16T08:21:09.585+0000][gc,phases   ] GC(60)   Merge Heap Roots: 4.0ms
[2026-01-16T08:21:09.588+0000][gc,phases   ] GC(60)   Evacuate Collection Set: 605.0ms
[2026-01-16T08:21:09.590+0000][gc,phases   ] GC(60)   Post Evacuate Collection Set: 46.5ms
[2026-01-16T08:21:09.591+0000][gc,phases   ] GC(60)   Other: 9.8ms
[2026-01-16T08:21:09.591+0000][gc,heap     ] GC(60) Eden regions: 46->0(46)
[2026-01-16T08:21:09.596+0000][gc,heap     ] GC(60) Survivor regions: 5->5(7)
[2026-01-16T08:21:09.599+0000][gc,heap     ] GC(60) Old regions: 22->23
[2026-01-16T08:21:09.601+0000][gc,heap     ] GC(60) Humongous regions: 25->25
[2026-01-16T08:21:09.604+0000][gc,metaspace] GC(60) Metaspace: 10388K(10688K)->10388K(10688K) NonClass: 9360K(9536K)->9360K(9536K) Class: 1027K(1152K)->1027K(1152K)
[2026-01-16T08:21:09.604+0000][gc          ] GC(60) Pause Young (Normal) (G1 Evacuation Pause) 97M->51M(1024M) 780.764ms
[2026-01-16T08:21:09.606+0000][gc,cpu      ] GC(60) User=0.25s Sys=0.02s Real=0.79s
[2026-01-16T08:21:13.345+0000][gc,start    ] GC(61) Pause Young (Normal) (G1 Evacuation Pause)
[2026-01-16T08:21:13.346+0000][gc,task     ] GC(61) Using 8 workers of 8 for evacuation
[2026-01-16T08:21:14.239+0000][gc,mmu      ] GC(61) MMU target violated: 201.0ms (200.0ms/201.0ms)
[2026-01-16T08:21:14.240+0000][gc,phases   ] GC(61)   Pre Evacuate Collection Set: 149.0ms
[2026-01-16T08:21:14.243+0000][gc,phases   ] GC(61)   Merge Heap Roots: 0.2ms
[2026-01-16T08:21:14.252+0000][gc,phases   ] GC(61)   Evacuate Collection Set: 737.4ms
[2026-01-16T08:21:14.252+0000][gc,phases   ] GC(61)   Post Evacuate Collection Set: 6.0ms
[2026-01-16T08:21:14.253+0000][gc,phases   ] GC(61)   Other: 2.5ms
[2026-01-16T08:21:14.256+0000][gc,heap     ] GC(61) Eden regions: 46->0(47)
[2026-01-16T08:21:14.273+0000][gc,heap     ] GC(61) Survivor regions: 5->4(7)
[2026-01-16T08:21:14.275+0000][gc,heap     ] GC(61) Old regions: 23->24
[2026-01-16T08:21:14.275+0000][gc,heap     ] GC(61) Humongous regions: 25->25
[2026-01-16T08:21:14.276+0000][gc,metaspace] GC(61) Metaspace: 10393K(10688K)->10393K(10688K) NonClass: 9365K(9536K)->9365K(9536K) Class: 1027K(1152K)->1027K(1152K)
[2026-01-16T08:21:14.285+0000][gc          ] GC(61) Pause Young (Normal) (G1 Evacuation Pause) 97M->52M(1024M) 940.026ms
[2026-01-16T08:21:14.285+0000][gc,cpu      ] GC(61) User=0.42s Sys=0.03s Real=0.95s
[2026-01-16T08:21:17.090+0000][gc,start    ] GC(62) Pause Young (Normal) (G1 Evacuation Pause)
[2026-01-16T08:21:17.098+0000][gc,task     ] GC(62) Using 8 workers of 8 for evacuation
[2026-01-16T08:21:18.743+0000][gc,mmu      ] GC(62) MMU target violated: 201.0ms (200.0ms/201.0ms)
[2026-01-16T08:21:18.744+0000][gc,phases   ] GC(62)   Pre Evacuate Collection Set: 270.6ms
[2026-01-16T08:21:18.746+0000][gc,phases   ] GC(62)   Merge Heap Roots: 4.1ms
[2026-01-16T08:21:18.749+0000][gc,phases   ] GC(62)   Evacuate Collection Set: 1323.9ms
[2026-01-16T08:21:18.749+0000][gc,phases   ] GC(62)   Post Evacuate Collection Set: 44.7ms
[2026-01-16T08:21:18.752+0000][gc,phases   ] GC(62)   Other: 2.7ms
[2026-01-16T08:21:18.752+0000][gc,heap     ] GC(62) Eden regions: 47->0(46)
[2026-01-16T08:21:18.753+0000][gc,heap     ] GC(62) Survivor regions: 4->5(7)
[2026-01-16T08:21:18.753+0000][gc,heap     ] GC(62) Old regions: 24->25
[2026-01-16T08:21:18.753+0000][gc,heap     ] GC(62) Humongous regions: 25->25
[2026-01-16T08:21:18.754+0000][gc,metaspace] GC(62) Metaspace: 10400K(10688K)->10400K(10688K) NonClass: 9372K(9536K)->9372K(9536K) Class: 1027K(1152K)->1027K(1152K)
[2026-01-16T08:21:18.755+0000][gc          ] GC(62) Pause Young (Normal) (G1 Evacuation Pause) 99M->53M(1024M) 1664.748ms
[2026-01-16T08:21:18.759+0000][gc,cpu      ] GC(62) User=0.70s Sys=0.15s Real=1.70s
[2026-01-16T08:21:20.008+0000][gc,start    ] GC(63) Pause Young (Normal) (G1 Evacuation Pause)
[2026-01-16T08:21:20.015+0000][gc,task     ] GC(63) Using 8 workers of 8 for evacuation
[2026-01-16T08:21:21.125+0000][gc,mmu      ] GC(63) MMU target violated: 201.0ms (200.0ms/201.0ms)
[2026-01-16T08:21:21.126+0000][gc,phases   ] GC(63)   Pre Evacuate Collection Set: 49.8ms
[2026-01-16T08:21:21.132+0000][gc,phases   ] GC(63)   Merge Heap Roots: 3.9ms
[2026-01-16T08:21:21.136+0000][gc,phases   ] GC(63)   Evacuate Collection Set: 1015.1ms
[2026-01-16T08:21:21.141+0000][gc,phases   ] GC(63)   Post Evacuate Collection Set: 40.1ms
[2026-01-16T08:21:21.142+0000][gc,phases   ] GC(63)   Other: 1.5ms
[2026-01-16T08:21:21.142+0000][gc,heap     ] GC(63) Eden regions: 46->0(47)
[2026-01-16T08:21:21.144+0000][gc,heap     ] GC(63) Survivor regions: 5->4(7)
[2026-01-16T08:21:21.145+0000][gc,heap     ] GC(63) Old regions: 25->25
[2026-01-16T08:21:21.150+0000][gc,heap     ] GC(63) Humongous regions: 25->25
[2026-01-16T08:21:21.152+0000][gc,metaspace] GC(63) Metaspace: 10400K(10688K)->10400K(10688K) NonClass: 9372K(9536K)->9372K(9536K) Class: 1027K(1152K)->1027K(1152K)
[2026-01-16T08:21:21.152+0000][gc          ] GC(63) Pause Young (Normal) (G1 Evacuation Pause) 99M->53M(1024M) 1144.459ms
[2026-01-16T08:21:21.155+0000][gc,cpu      ] GC(63) User=0.31s Sys=0.05s Real=1.15s
[2026-01-16T08:21:24.460+0000][gc,start    ] GC(64) Pause Young (Normal) (G1 Evacuation Pause)
[2026-01-16T08:21:24.490+0000][gc,task     ] GC(64) Using 8 workers of 8 for evacuation
[2026-01-16T08:21:24.872+0000][gc,mmu      ] GC(64) MMU target violated: 201.0ms (200.0ms/201.0ms)
[2026-01-16T08:21:24.874+0000][gc,phases   ] GC(64)   Pre Evacuate Collection Set: 56.4ms
[2026-01-16T08:21:24.876+0000][gc,phases   ] GC(64)   Merge Heap Roots: 3.2ms
[2026-01-16T08:21:24.878+0000][gc,phases   ] GC(64)   Evacuate Collection Set: 286.8ms
[2026-01-16T08:21:24.879+0000][gc,phases   ] GC(64)   Post Evacuate Collection Set: 23.6ms
[2026-01-16T08:21:24.880+0000][gc,phases   ] GC(64)   Other: 14.4ms
[2026-01-16T08:21:24.886+0000][gc,heap     ] GC(64) Eden regions: 47->0(46)
[2026-01-16T08:21:24.889+0000][gc,heap     ] GC(64) Survivor regions: 4->5(7)
[2026-01-16T08:21:24.891+0000][gc,heap     ] GC(64) Old regions: 25->26
[2026-01-16T08:21:24.893+0000][gc,heap     ] GC(64) Humongous regions: 25->25
[2026-01-16T08:21:24.893+0000][gc,metaspace] GC(64) Metaspace: 10414K(10688K)->10414K(10688K) NonClass: 9386K(9536K)->9386K(9536K) Class: 1027K(1152K)->1027K(1152K)
[2026-01-16T08:21:24.894+0000][gc          ] GC(64) Pause Young (Normal) (G1 Evacuation Pause) 100M->54M(1024M) 434.418ms
[2026-01-16T08:21:24.896+0000][gc,cpu      ] GC(64) User=0.26s Sys=0.05s Real=0.44s
[2026-01-16T08:21:28.257+0000][gc,start    ] GC(65) Pause Young (Normal) (G1 Evacuation Pause)
[2026-01-16T08:21:28.260+0000][gc,task     ] GC(65) Using 8 workers of 8 for evacuation
[2026-01-16T08:21:29.452+0000][gc,mmu      ] GC(65) MMU target violated: 201.0ms (200.0ms/201.0ms)
[2026-01-16T08:21:29.461+0000][gc,phases   ] GC(65)   Pre Evacuate Collection Set: 85.3ms
[2026-01-16T08:21:29.461+0000][gc,phases   ] GC(65)   Merge Heap Roots: 140.0ms
[2026-01-16T08:21:29.461+0000][gc,phases   ] GC(65)   Evacuate Collection Set: 845.6ms
[2026-01-16T08:21:29.461+0000][gc,phases   ] GC(65)   Post Evacuate Collection Set: 111.8ms
[2026-01-16T08:21:29.461+0000][gc,phases   ] GC(65)   Other: 20.3ms
[2026-01-16T08:21:29.461+0000][gc,heap     ] GC(65) Eden regions: 46->0(46)
[2026-01-16T08:21:29.461+0000][gc,heap     ] GC(65) Survivor regions: 5->5(7)
[2026-01-16T08:21:29.465+0000][gc,heap     ] GC(65) Old regions: 26->27
[2026-01-16T08:21:29.466+0000][gc,heap     ] GC(65) Humongous regions: 25->25
[2026-01-16T08:21:29.466+0000][gc,metaspace] GC(65) Metaspace: 10422K(10688K)->10422K(10688K) NonClass: 9393K(9536K)->9393K(9536K) Class: 1028K(1152K)->1028K(1152K)
[2026-01-16T08:21:29.468+0000][gc          ] GC(65) Pause Young (Normal) (G1 Evacuation Pause) 100M->55M(1024M) 1210.185ms
[2026-01-16T08:21:29.468+0000][gc,cpu      ] GC(65) User=0.48s Sys=0.05s Real=1.29s
[2026-01-16T08:21:32.115+0000][gc,start    ] GC(66) Pause Young (Normal) (G1 Evacuation Pause)
[2026-01-16T08:21:32.117+0000][gc,task     ] GC(66) Using 8 workers of 8 for evacuation
[2026-01-16T08:21:32.886+0000][gc,mmu      ] GC(66) MMU target violated: 201.0ms (200.0ms/201.0ms)
[2026-01-16T08:21:32.888+0000][gc,phases   ] GC(66)   Pre Evacuate Collection Set: 101.5ms
[2026-01-16T08:21:32.891+0000][gc,phases   ] GC(66)   Merge Heap Roots: 14.0ms
[2026-01-16T08:21:32.895+0000][gc,phases   ] GC(66)   Evacuate Collection Set: 585.5ms
[2026-01-16T08:21:32.896+0000][gc,phases   ] GC(66)   Post Evacuate Collection Set: 49.5ms
[2026-01-16T08:21:32.897+0000][gc,phases   ] GC(66)   Other: 21.0ms
[2026-01-16T08:21:32.899+0000][gc,heap     ] GC(66) Eden regions: 46->0(46)
[2026-01-16T08:21:32.904+0000][gc,heap     ] GC(66) Survivor regions: 5->5(7)
[2026-01-16T08:21:32.905+0000][gc,heap     ] GC(66) Old regions: 27->27
[2026-01-16T08:21:32.905+0000][gc,heap     ] GC(66) Humongous regions: 25->25
[2026-01-16T08:21:32.908+0000][gc,metaspace] GC(66) Metaspace: 10424K(10688K)->10424K(10688K) NonClass: 9396K(9536K)->9396K(9536K) Class: 1028K(1152K)->1028K(1152K)
[2026-01-16T08:21:32.908+0000][gc          ] GC(66) Pause Young (Normal) (G1 Evacuation Pause) 101M->56M(1024M) 792.970ms
[2026-01-16T08:21:32.909+0000][gc,cpu      ] GC(66) User=0.33s Sys=0.06s Real=0.79s
[2026-01-16T08:21:35.746+0000][gc,start    ] GC(67) Pause Young (Normal) (G1 Evacuation Pause)
[2026-01-16T08:21:35.757+0000][gc,task     ] GC(67) Using 8 workers of 8 for evacuation
[2026-01-16T08:21:36.567+0000][gc,mmu      ] GC(67) MMU target violated: 201.0ms (200.0ms/201.0ms)
[2026-01-16T08:21:36.569+0000][gc,phases   ] GC(67)   Pre Evacuate Collection Set: 132.5ms
[2026-01-16T08:21:36.571+0000][gc,phases   ] GC(67)   Merge Heap Roots: 27.9ms
[2026-01-16T08:21:36.572+0000][gc,phases   ] GC(67)   Evacuate Collection Set: 618.9ms
[2026-01-16T08:21:36.572+0000][gc,phases   ] GC(67)   Post Evacuate Collection Set: 26.7ms
[2026-01-16T08:21:36.583+0000][gc,phases   ] GC(67)   Other: 7.3ms
[2026-01-16T08:21:36.586+0000][gc,heap     ] GC(67) Eden regions: 46->0(46)
[2026-01-16T08:21:36.591+0000][gc,heap     ] GC(67) Survivor regions: 5->5(7)
[2026-01-16T08:21:36.594+0000][gc,heap     ] GC(67) Old regions: 27->28
[2026-01-16T08:21:36.594+0000][gc,heap     ] GC(67) Humongous regions: 25->25
[2026-01-16T08:21:36.595+0000][gc,metaspace] GC(67) Metaspace: 10434K(10688K)->10434K(10688K) NonClass: 9406K(9536K)->9406K(9536K) Class: 1028K(1152K)->1028K(1152K)
[2026-01-16T08:21:36.596+0000][gc          ] GC(67) Pause Young (Normal) (G1 Evacuation Pause) 102M->56M(1024M) 850.111ms
[2026-01-16T08:21:36.597+0000][gc,cpu      ] GC(67) User=0.35s Sys=0.04s Real=0.85s
[2026-01-16T08:21:41.047+0000][gc,start    ] GC(68) Pause Young (Normal) (G1 Evacuation Pause)
[2026-01-16T08:21:41.058+0000][gc,task     ] GC(68) Using 8 workers of 8 for evacuation
[2026-01-16T08:21:41.998+0000][gc,mmu      ] GC(68) MMU target violated: 201.0ms (200.0ms/201.0ms)
[2026-01-16T08:21:42.013+0000][gc,phases   ] GC(68)   Pre Evacuate Collection Set: 59.3ms
[2026-01-16T08:21:42.014+0000][gc,phases   ] GC(68)   Merge Heap Roots: 4.2ms
[2026-01-16T08:21:42.016+0000][gc,phases   ] GC(68)   Evacuate Collection Set: 759.2ms
[2026-01-16T08:21:42.019+0000][gc,phases   ] GC(68)   Post Evacuate Collection Set: 92.7ms
[2026-01-16T08:21:42.024+0000][gc,phases   ] GC(68)   Other: 39.3ms
[2026-01-16T08:21:42.027+0000][gc,heap     ] GC(68) Eden regions: 46->0(46)
[2026-01-16T08:21:42.028+0000][gc,heap     ] GC(68) Survivor regions: 5->5(7)
[2026-01-16T08:21:42.031+0000][gc,heap     ] GC(68) Old regions: 28->29
[2026-01-16T08:21:42.031+0000][gc,heap     ] GC(68) Humongous regions: 25->25
[2026-01-16T08:21:42.035+0000][gc,metaspace] GC(68) Metaspace: 10435K(10688K)->10435K(10688K) NonClass: 9406K(9536K)->9406K(9536K) Class: 1028K(1152K)->1028K(1152K)
[2026-01-16T08:21:42.038+0000][gc          ] GC(68) Pause Young (Normal) (G1 Evacuation Pause) 102M->57M(1024M) 990.738ms
[2026-01-16T08:21:42.041+0000][gc,cpu      ] GC(68) User=0.42s Sys=0.08s Real=1.00s
[2026-01-16T08:21:49.228+0000][gc,start    ] GC(69) Pause Young (Normal) (G1 Evacuation Pause)
[2026-01-16T08:21:49.248+0000][gc,task     ] GC(69) Using 8 workers of 8 for evacuation
[2026-01-16T08:21:51.517+0000][gc,mmu      ] GC(69) MMU target violated: 201.0ms (200.0ms/201.0ms)
[2026-01-16T08:21:51.525+0000][gc,phases   ] GC(69)   Pre Evacuate Collection Set: 226.1ms
[2026-01-16T08:21:51.535+0000][gc,phases   ] GC(69)   Merge Heap Roots: 47.5ms
[2026-01-16T08:21:51.537+0000][gc,phases   ] GC(69)   Evacuate Collection Set: 1901.0ms
[2026-01-16T08:21:51.537+0000][gc,phases   ] GC(69)   Post Evacuate Collection Set: 89.3ms
[2026-01-16T08:21:51.538+0000][gc,phases   ] GC(69)   Other: 29.4ms
[2026-01-16T08:21:51.538+0000][gc,heap     ] GC(69) Eden regions: 46->0(46)
[2026-01-16T08:21:51.538+0000][gc,heap     ] GC(69) Survivor regions: 5->5(7)
[2026-01-16T08:21:51.539+0000][gc,heap     ] GC(69) Old regions: 29->29
[2026-01-16T08:21:51.539+0000][gc,heap     ] GC(69) Humongous regions: 27->27
[2026-01-16T08:21:51.539+0000][gc,metaspace] GC(69) Metaspace: 10445K(10688K)->10445K(10688K) NonClass: 9417K(9536K)->9417K(9536K) Class: 1028K(1152K)->1028K(1152K)
[2026-01-16T08:21:51.542+0000][gc          ] GC(69) Pause Young (Normal) (G1 Evacuation Pause) 105M->59M(1024M) 2313.595ms
[2026-01-16T08:21:51.551+0000][gc,cpu      ] GC(69) User=0.83s Sys=0.13s Real=2.32s
[2026-01-16T08:21:54.444+0000][gc,start    ] GC(70) Pause Young (Normal) (G1 Evacuation Pause)
[2026-01-16T08:21:54.465+0000][gc,task     ] GC(70) Using 8 workers of 8 for evacuation
[2026-01-16T08:21:55.481+0000][gc,mmu      ] GC(70) MMU target violated: 201.0ms (200.0ms/201.0ms)
[2026-01-16T08:21:55.482+0000][gc,phases   ] GC(70)   Pre Evacuate Collection Set: 63.7ms
[2026-01-16T08:21:55.485+0000][gc,phases   ] GC(70)   Merge Heap Roots: 3.0ms
[2026-01-16T08:21:55.485+0000][gc,phases   ] GC(70)   Evacuate Collection Set: 796.1ms
[2026-01-16T08:21:55.485+0000][gc,phases   ] GC(70)   Post Evacuate Collection Set: 61.2ms
[2026-01-16T08:21:55.485+0000][gc,phases   ] GC(70)   Other: 112.0ms
[2026-01-16T08:21:55.485+0000][gc,heap     ] GC(70) Eden regions: 46->0(46)
[2026-01-16T08:21:55.485+0000][gc,heap     ] GC(70) Survivor regions: 5->5(7)
[2026-01-16T08:21:55.485+0000][gc,heap     ] GC(70) Old regions: 29->30
[2026-01-16T08:21:55.485+0000][gc,heap     ] GC(70) Humongous regions: 27->27
[2026-01-16T08:21:55.485+0000][gc,metaspace] GC(70) Metaspace: 10448K(10688K)->10448K(10688K) NonClass: 9420K(9536K)->9420K(9536K) Class: 1028K(1152K)->1028K(1152K)
[2026-01-16T08:21:55.491+0000][gc          ] GC(70) Pause Young (Normal) (G1 Evacuation Pause) 105M->60M(1024M) 1046.912ms
[2026-01-16T08:21:55.497+0000][gc,cpu      ] GC(70) User=0.34s Sys=0.03s Real=1.05s
[2026-01-16T08:21:57.963+0000][gc,start    ] GC(71) Pause Young (Normal) (G1 Evacuation Pause)
[2026-01-16T08:21:57.966+0000][gc,task     ] GC(71) Using 8 workers of 8 for evacuation
[2026-01-16T08:21:58.620+0000][gc,mmu      ] GC(71) MMU target violated: 201.0ms (200.0ms/201.0ms)
[2026-01-16T08:21:58.625+0000][gc,phases   ] GC(71)   Pre Evacuate Collection Set: 20.3ms
[2026-01-16T08:21:58.627+0000][gc,phases   ] GC(71)   Merge Heap Roots: 10.3ms
[2026-01-16T08:21:58.632+0000][gc,phases   ] GC(71)   Evacuate Collection Set: 609.2ms
[2026-01-16T08:21:58.638+0000][gc,phases   ] GC(71)   Post Evacuate Collection Set: 12.3ms
[2026-01-16T08:21:58.643+0000][gc,phases   ] GC(71)   Other: 7.3ms
[2026-01-16T08:21:58.643+0000][gc,heap     ] GC(71) Eden regions: 46->0(46)
[2026-01-16T08:21:58.643+0000][gc,heap     ] GC(71) Survivor regions: 5->5(7)
[2026-01-16T08:21:58.643+0000][gc,heap     ] GC(71) Old regions: 30->31
[2026-01-16T08:21:58.644+0000][gc,heap     ] GC(71) Humongous regions: 36->36
[2026-01-16T08:21:58.644+0000][gc,metaspace] GC(71) Metaspace: 10455K(10688K)->10455K(10688K) NonClass: 9427K(9536K)->9427K(9536K) Class: 1028K(1152K)->1028K(1152K)
[2026-01-16T08:21:58.644+0000][gc          ] GC(71) Pause Young (Normal) (G1 Evacuation Pause) 115M->70M(1024M) 683.039ms
[2026-01-16T08:21:58.645+0000][gc,cpu      ] GC(71) User=0.25s Sys=0.03s Real=0.68s
[2026-01-16T08:22:01.248+0000][gc,start    ] GC(72) Pause Young (Normal) (G1 Evacuation Pause)
[2026-01-16T08:22:01.281+0000][gc,task     ] GC(72) Using 8 workers of 8 for evacuation
[2026-01-16T08:22:02.117+0000][gc,mmu      ] GC(72) MMU target violated: 201.0ms (200.0ms/201.0ms)
[2026-01-16T08:22:02.119+0000][gc,phases   ] GC(72)   Pre Evacuate Collection Set: 109.5ms
[2026-01-16T08:22:02.120+0000][gc,phases   ] GC(72)   Merge Heap Roots: 2.5ms
[2026-01-16T08:22:02.120+0000][gc,phases   ] GC(72)   Evacuate Collection Set: 705.9ms
[2026-01-16T08:22:02.120+0000][gc,phases   ] GC(72)   Post Evacuate Collection Set: 15.2ms
[2026-01-16T08:22:02.120+0000][gc,phases   ] GC(72)   Other: 5.0ms
[2026-01-16T08:22:02.121+0000][gc,heap     ] GC(72) Eden regions: 46->0(47)
[2026-01-16T08:22:02.132+0000][gc,heap     ] GC(72) Survivor regions: 5->4(7)
[2026-01-16T08:22:02.132+0000][gc,heap     ] GC(72) Old regions: 31->31
[2026-01-16T08:22:02.135+0000][gc,heap     ] GC(72) Humongous regions: 36->36
[2026-01-16T08:22:02.136+0000][gc,metaspace] GC(72) Metaspace: 10456K(10688K)->10456K(10688K) NonClass: 9428K(9536K)->9428K(9536K) Class: 1028K(1152K)->1028K(1152K)
[2026-01-16T08:22:02.136+0000][gc          ] GC(72) Pause Young (Normal) (G1 Evacuation Pause) 116M->70M(1024M) 888.072ms
[2026-01-16T08:22:02.137+0000][gc,cpu      ] GC(72) User=0.48s Sys=0.11s Real=0.89s
[2026-01-16T08:22:05.451+0000][gc,start    ] GC(73) Pause Young (Normal) (G1 Evacuation Pause)
[2026-01-16T08:22:05.476+0000][gc,task     ] GC(73) Using 8 workers of 8 for evacuation
[2026-01-16T08:22:06.837+0000][gc,mmu      ] GC(73) MMU target violated: 201.0ms (200.0ms/201.0ms)
[2026-01-16T08:22:06.838+0000][gc,phases   ] GC(73)   Pre Evacuate Collection Set: 119.5ms
[2026-01-16T08:22:06.839+0000][gc,phases   ] GC(73)   Merge Heap Roots: 3.8ms
[2026-01-16T08:22:06.839+0000][gc,phases   ] GC(73)   Evacuate Collection Set: 1160.9ms
[2026-01-16T08:22:06.840+0000][gc,phases   ] GC(73)   Post Evacuate Collection Set: 47.6ms
[2026-01-16T08:22:06.841+0000][gc,phases   ] GC(73)   Other: 40.6ms
[2026-01-16T08:22:06.841+0000][gc,heap     ] GC(73) Eden regions: 47->0(46)
[2026-01-16T08:22:06.841+0000][gc,heap     ] GC(73) Survivor regions: 4->5(7)
[2026-01-16T08:22:06.841+0000][gc,heap     ] GC(73) Old regions: 31->32
[2026-01-16T08:22:06.842+0000][gc,heap     ] GC(73) Humongous regions: 36->36
[2026-01-16T08:22:06.843+0000][gc,metaspace] GC(73) Metaspace: 10462K(10752K)->10462K(10752K) NonClass: 9433K(9600K)->9433K(9600K) Class: 1028K(1152K)->1028K(1152K)
[2026-01-16T08:22:06.845+0000][gc          ] GC(73) Pause Young (Normal) (G1 Evacuation Pause) 117M->71M(1024M) 1394.477ms
[2026-01-16T08:22:06.845+0000][gc,cpu      ] GC(73) User=0.52s Sys=0.10s Real=1.40s
[2026-01-16T08:22:08.808+0000][gc,start    ] GC(74) Pause Young (Normal) (G1 Evacuation Pause)
[2026-01-16T08:22:08.816+0000][gc,task     ] GC(74) Using 8 workers of 8 for evacuation
[2026-01-16T08:22:09.131+0000][gc,mmu      ] GC(74) MMU target violated: 201.0ms (200.0ms/201.0ms)
[2026-01-16T08:22:09.138+0000][gc,phases   ] GC(74)   Pre Evacuate Collection Set: 47.0ms
[2026-01-16T08:22:09.138+0000][gc,phases   ] GC(74)   Merge Heap Roots: 0.2ms
[2026-01-16T08:22:09.138+0000][gc,phases   ] GC(74)   Evacuate Collection Set: 210.2ms
[2026-01-16T08:22:09.139+0000][gc,phases   ] GC(74)   Post Evacuate Collection Set: 55.8ms
[2026-01-16T08:22:09.139+0000][gc,phases   ] GC(74)   Other: 13.3ms
[2026-01-16T08:22:09.139+0000][gc,heap     ] GC(74) Eden regions: 46->0(47)
[2026-01-16T08:22:09.139+0000][gc,heap     ] GC(74) Survivor regions: 5->4(7)
[2026-01-16T08:22:09.139+0000][gc,heap     ] GC(74) Old regions: 32->33
[2026-01-16T08:22:09.140+0000][gc,heap     ] GC(74) Humongous regions: 36->36
[2026-01-16T08:22:09.140+0000][gc,metaspace] GC(74) Metaspace: 10474K(10816K)->10474K(10816K) NonClass: 9445K(9664K)->9445K(9664K) Class: 1028K(1152K)->1028K(1152K)
[2026-01-16T08:22:09.140+0000][gc          ] GC(74) Pause Young (Normal) (G1 Evacuation Pause) 117M->71M(1024M) 332.183ms
[2026-01-16T08:22:09.140+0000][gc,cpu      ] GC(74) User=0.21s Sys=0.04s Real=0.33s
[2026-01-16T08:22:09.988+0000][gc,start    ] GC(75) Pause Young (Normal) (G1 Evacuation Pause)
[2026-01-16T08:22:09.994+0000][gc,task     ] GC(75) Using 8 workers of 8 for evacuation
[2026-01-16T08:22:10.119+0000][gc,phases   ] GC(75)   Pre Evacuate Collection Set: 3.2ms
[2026-01-16T08:22:10.122+0000][gc,phases   ] GC(75)   Merge Heap Roots: 1.4ms
[2026-01-16T08:22:10.122+0000][gc,phases   ] GC(75)   Evacuate Collection Set: 109.0ms
[2026-01-16T08:22:10.123+0000][gc,phases   ] GC(75)   Post Evacuate Collection Set: 2.7ms
[2026-01-16T08:22:10.124+0000][gc,phases   ] GC(75)   Other: 8.6ms
[2026-01-16T08:22:10.124+0000][gc,heap     ] GC(75) Eden regions: 47->0(46)
[2026-01-16T08:22:10.124+0000][gc,heap     ] GC(75) Survivor regions: 4->5(7)
[2026-01-16T08:22:10.125+0000][gc,heap     ] GC(75) Old regions: 33->33
[2026-01-16T08:22:10.125+0000][gc,heap     ] GC(75) Humongous regions: 36->36
[2026-01-16T08:22:10.125+0000][gc,metaspace] GC(75) Metaspace: 10477K(10816K)->10477K(10816K) NonClass: 9448K(9664K)->9448K(9664K) Class: 1028K(1152K)->1028K(1152K)
[2026-01-16T08:22:10.125+0000][gc          ] GC(75) Pause Young (Normal) (G1 Evacuation Pause) 118M->73M(1024M) 137.956ms
[2026-01-16T08:22:10.126+0000][gc,cpu      ] GC(75) User=0.07s Sys=0.02s Real=0.14s
[2026-01-16T08:22:11.608+0000][gc,start    ] GC(76) Pause Young (Normal) (G1 Evacuation Pause)
[2026-01-16T08:22:11.615+0000][gc,task     ] GC(76) Using 8 workers of 8 for evacuation
[2026-01-16T08:22:12.214+0000][gc,mmu      ] GC(76) MMU target violated: 201.0ms (200.0ms/201.0ms)
[2026-01-16T08:22:12.217+0000][gc,phases   ] GC(76)   Pre Evacuate Collection Set: 80.1ms
[2026-01-16T08:22:12.224+0000][gc,phases   ] GC(76)   Merge Heap Roots: 11.9ms
[2026-01-16T08:22:12.225+0000][gc,phases   ] GC(76)   Evacuate Collection Set: 473.2ms
[2026-01-16T08:22:12.242+0000][gc,phases   ] GC(76)   Post Evacuate Collection Set: 25.6ms
[2026-01-16T08:22:12.245+0000][gc,phases   ] GC(76)   Other: 10.7ms
[2026-01-16T08:22:12.246+0000][gc,heap     ] GC(76) Eden regions: 46->0(46)
[2026-01-16T08:22:12.246+0000][gc,heap     ] GC(76) Survivor regions: 5->5(7)
[2026-01-16T08:22:12.246+0000][gc,heap     ] GC(76) Old regions: 33->34
[2026-01-16T08:22:12.246+0000][gc,heap     ] GC(76) Humongous regions: 36->36
[2026-01-16T08:22:12.246+0000][gc,metaspace] GC(76) Metaspace: 10479K(10816K)->10479K(10816K) NonClass: 9450K(9664K)->9450K(9664K) Class: 1028K(1152K)->1028K(1152K)
[2026-01-16T08:22:12.246+0000][gc          ] GC(76) Pause Young (Normal) (G1 Evacuation Pause) 119M->73M(1024M) 637.426ms
[2026-01-16T08:22:12.246+0000][gc,cpu      ] GC(76) User=0.26s Sys=0.04s Real=0.64s
[2026-01-16T08:22:14.793+0000][gc,start    ] GC(77) Pause Young (Normal) (G1 Evacuation Pause)
[2026-01-16T08:22:14.799+0000][gc,task     ] GC(77) Using 8 workers of 8 for evacuation
[2026-01-16T08:22:15.103+0000][gc,mmu      ] GC(77) MMU target violated: 201.0ms (200.0ms/201.0ms)
[2026-01-16T08:22:15.103+0000][gc,phases   ] GC(77)   Pre Evacuate Collection Set: 37.6ms
[2026-01-16T08:22:15.105+0000][gc,phases   ] GC(77)   Merge Heap Roots: 11.8ms
[2026-01-16T08:22:15.106+0000][gc,phases   ] GC(77)   Evacuate Collection Set: 242.8ms
[2026-01-16T08:22:15.106+0000][gc,phases   ] GC(77)   Post Evacuate Collection Set: 10.9ms
[2026-01-16T08:22:15.109+0000][gc,phases   ] GC(77)   Other: 1.5ms
[2026-01-16T08:22:15.109+0000][gc,heap     ] GC(77) Eden regions: 46->0(46)
[2026-01-16T08:22:15.111+0000][gc,heap     ] GC(77) Survivor regions: 5->5(7)
[2026-01-16T08:22:15.111+0000][gc,heap     ] GC(77) Old regions: 34->34
[2026-01-16T08:22:15.111+0000][gc,heap     ] GC(77) Humongous regions: 36->36
[2026-01-16T08:22:15.111+0000][gc,metaspace] GC(77) Metaspace: 10483K(10816K)->10483K(10816K) NonClass: 9455K(9664K)->9455K(9664K) Class: 1028K(1152K)->1028K(1152K)
[2026-01-16T08:22:15.111+0000][gc          ] GC(77) Pause Young (Normal) (G1 Evacuation Pause) 119M->74M(1024M) 318.353ms
[2026-01-16T08:22:15.111+0000][gc,cpu      ] GC(77) User=0.18s Sys=0.02s Real=0.31s
[2026-01-16T08:22:16.105+0000][gc,start    ] GC(78) Pause Young (Normal) (G1 Evacuation Pause)
[2026-01-16T08:22:16.107+0000][gc,task     ] GC(78) Using 8 workers of 8 for evacuation
[2026-01-16T08:22:16.191+0000][gc,phases   ] GC(78)   Pre Evacuate Collection Set: 8.5ms
[2026-01-16T08:22:16.192+0000][gc,phases   ] GC(78)   Merge Heap Roots: 0.1ms
[2026-01-16T08:22:16.195+0000][gc,phases   ] GC(78)   Evacuate Collection Set: 70.5ms
[2026-01-16T08:22:16.196+0000][gc,phases   ] GC(78)   Post Evacuate Collection Set: 1.9ms
[2026-01-16T08:22:16.202+0000][gc,phases   ] GC(78)   Other: 3.7ms
[2026-01-16T08:22:16.202+0000][gc,heap     ] GC(78) Eden regions: 46->0(46)
[2026-01-16T08:22:16.203+0000][gc,heap     ] GC(78) Survivor regions: 5->5(7)
[2026-01-16T08:22:16.204+0000][gc,heap     ] GC(78) Old regions: 34->35
[2026-01-16T08:22:16.225+0000][gc,heap     ] GC(78) Humongous regions: 36->36
[2026-01-16T08:22:16.226+0000][gc,metaspace] GC(78) Metaspace: 10484K(10816K)->10484K(10816K) NonClass: 9455K(9664K)->9455K(9664K) Class: 1028K(1152K)->1028K(1152K)
[2026-01-16T08:22:16.230+0000][gc          ] GC(78) Pause Young (Normal) (G1 Evacuation Pause) 120M->74M(1024M) 124.718ms
[2026-01-16T08:22:16.232+0000][gc,cpu      ] GC(78) User=0.05s Sys=0.01s Real=0.12s
[2026-01-16T08:22:17.595+0000][gc,start    ] GC(79) Pause Young (Normal) (G1 Evacuation Pause)
[2026-01-16T08:22:17.610+0000][gc,task     ] GC(79) Using 8 workers of 8 for evacuation
[2026-01-16T08:22:18.571+0000][gc,mmu      ] GC(79) MMU target violated: 201.0ms (200.0ms/201.0ms)
[2026-01-16T08:22:18.581+0000][gc,phases   ] GC(79)   Pre Evacuate Collection Set: 10.8ms
[2026-01-16T08:22:18.586+0000][gc,phases   ] GC(79)   Merge Heap Roots: 1.6ms
[2026-01-16T08:22:18.588+0000][gc,phases   ] GC(79)   Evacuate Collection Set: 902.2ms
[2026-01-16T08:22:18.599+0000][gc,phases   ] GC(79)   Post Evacuate Collection Set: 41.0ms
[2026-01-16T08:22:18.601+0000][gc,phases   ] GC(79)   Other: 14.8ms
[2026-01-16T08:22:18.602+0000][gc,heap     ] GC(79) Eden regions: 46->0(46)
[2026-01-16T08:22:18.603+0000][gc,heap     ] GC(79) Survivor regions: 5->5(7)
[2026-01-16T08:22:18.605+0000][gc,heap     ] GC(79) Old regions: 35->36
[2026-01-16T08:22:18.607+0000][gc,heap     ] GC(79) Humongous regions: 36->36
[2026-01-16T08:22:18.620+0000][gc,metaspace] GC(79) Metaspace: 10486K(10816K)->10486K(10816K) NonClass: 9458K(9664K)->9458K(9664K) Class: 1028K(1152K)->1028K(1152K)
[2026-01-16T08:22:18.637+0000][gc          ] GC(79) Pause Young (Normal) (G1 Evacuation Pause) 120M->75M(1024M) 1042.388ms
[2026-01-16T08:22:18.638+0000][gc,cpu      ] GC(79) User=0.36s Sys=0.10s Real=1.04s
[2026-01-16T08:22:21.388+0000][gc,start    ] GC(80) Pause Young (Normal) (G1 Evacuation Pause)
[2026-01-16T08:22:21.613+0000][gc,task     ] GC(80) Using 8 workers of 8 for evacuation
[2026-01-16T08:22:24.874+0000][gc,mmu      ] GC(80) MMU target violated: 201.0ms (200.0ms/201.0ms)
[2026-01-16T08:22:24.901+0000][gc,phases   ] GC(80)   Pre Evacuate Collection Set: 556.1ms
[2026-01-16T08:22:24.909+0000][gc,phases   ] GC(80)   Merge Heap Roots: 1.3ms
[2026-01-16T08:22:24.912+0000][gc,phases   ] GC(80)   Evacuate Collection Set: 2463.1ms
[2026-01-16T08:22:24.912+0000][gc,phases   ] GC(80)   Post Evacuate Collection Set: 159.8ms
[2026-01-16T08:22:24.917+0000][gc,phases   ] GC(80)   Other: 161.5ms
[2026-01-16T08:22:24.922+0000][gc,heap     ] GC(80) Eden regions: 46->0(46)
[2026-01-16T08:22:24.927+0000][gc,heap     ] GC(80) Survivor regions: 5->5(7)
[2026-01-16T08:22:24.930+0000][gc,heap     ] GC(80) Old regions: 36->36
[2026-01-16T08:22:24.935+0000][gc,heap     ] GC(80) Humongous regions: 36->36
[2026-01-16T08:22:24.936+0000][gc,metaspace] GC(80) Metaspace: 10493K(10816K)->10493K(10816K) NonClass: 9465K(9664K)->9465K(9664K) Class: 1028K(1152K)->1028K(1152K)
[2026-01-16T08:22:24.940+0000][gc          ] GC(80) Pause Young (Normal) (G1 Evacuation Pause) 121M->76M(1024M) 3551.243ms
[2026-01-16T08:22:24.942+0000][gc,cpu      ] GC(80) User=1.07s Sys=0.12s Real=3.55s
[2026-01-16T08:22:28.467+0000][gc,start    ] GC(81) Pause Young (Normal) (G1 Evacuation Pause)
[2026-01-16T08:22:28.484+0000][gc,task     ] GC(81) Using 8 workers of 8 for evacuation
[2026-01-16T08:22:29.605+0000][gc,mmu      ] GC(81) MMU target violated: 201.0ms (200.0ms/201.0ms)
[2026-01-16T08:22:29.606+0000][gc,phases   ] GC(81)   Pre Evacuate Collection Set: 91.0ms
[2026-01-16T08:22:29.607+0000][gc,phases   ] GC(81)   Merge Heap Roots: 7.4ms
[2026-01-16T08:22:29.608+0000][gc,phases   ] GC(81)   Evacuate Collection Set: 1004.8ms
[2026-01-16T08:22:29.619+0000][gc,phases   ] GC(81)   Post Evacuate Collection Set: 6.8ms
[2026-01-16T08:22:29.622+0000][gc,phases   ] GC(81)   Other: 14.7ms
[2026-01-16T08:22:29.622+0000][gc,heap     ] GC(81) Eden regions: 46->0(46)
[2026-01-16T08:22:29.622+0000][gc,heap     ] GC(81) Survivor regions: 5->5(7)
[2026-01-16T08:22:29.622+0000][gc,heap     ] GC(81) Old regions: 36->37
[2026-01-16T08:22:29.622+0000][gc,heap     ] GC(81) Humongous regions: 36->36
[2026-01-16T08:22:29.622+0000][gc,metaspace] GC(81) Metaspace: 10497K(10816K)->10497K(10816K) NonClass: 9469K(9664K)->9469K(9664K) Class: 1028K(1152K)->1028K(1152K)
[2026-01-16T08:22:29.622+0000][gc          ] GC(81) Pause Young (Normal) (G1 Evacuation Pause) 122M->76M(1024M) 1155.391ms
[2026-01-16T08:22:29.623+0000][gc,cpu      ] GC(81) User=0.51s Sys=0.06s Real=1.15s
[2026-01-16T08:22:35.860+0000][gc,start    ] GC(82) Pause Young (Normal) (G1 Evacuation Pause)
[2026-01-16T08:22:35.863+0000][gc,task     ] GC(82) Using 8 workers of 8 for evacuation
[2026-01-16T08:22:36.952+0000][gc,mmu      ] GC(82) MMU target violated: 201.0ms (200.0ms/201.0ms)
[2026-01-16T08:22:36.954+0000][gc,phases   ] GC(82)   Pre Evacuate Collection Set: 78.7ms
[2026-01-16T08:22:36.956+0000][gc,phases   ] GC(82)   Merge Heap Roots: 1.2ms
[2026-01-16T08:22:36.957+0000][gc,phases   ] GC(82)   Evacuate Collection Set: 901.0ms
[2026-01-16T08:22:36.961+0000][gc,phases   ] GC(82)   Post Evacuate Collection Set: 108.0ms
[2026-01-16T08:22:36.963+0000][gc,phases   ] GC(82)   Other: 2.4ms
[2026-01-16T08:22:36.970+0000][gc,heap     ] GC(82) Eden regions: 46->0(46)
[2026-01-16T08:22:36.976+0000][gc,heap     ] GC(82) Survivor regions: 5->5(7)
[2026-01-16T08:22:36.979+0000][gc,heap     ] GC(82) Old regions: 37->38
[2026-01-16T08:22:36.979+0000][gc,heap     ] GC(82) Humongous regions: 36->36
[2026-01-16T08:22:36.982+0000][gc,metaspace] GC(82) Metaspace: 10506K(10816K)->10506K(10816K) NonClass: 9478K(9664K)->9478K(9664K) Class: 1028K(1152K)->1028K(1152K)
[2026-01-16T08:22:36.989+0000][gc          ] GC(82) Pause Young (Normal) (G1 Evacuation Pause) 122M->77M(1024M) 1129.035ms
[2026-01-16T08:22:36.991+0000][gc,cpu      ] GC(82) User=0.59s Sys=0.08s Real=1.14s
[2026-01-16T08:22:40.685+0000][gc,start    ] GC(83) Pause Young (Normal) (G1 Evacuation Pause)
[2026-01-16T08:22:40.732+0000][gc,task     ] GC(83) Using 8 workers of 8 for evacuation
[2026-01-16T08:22:41.504+0000][gc,mmu      ] GC(83) MMU target violated: 201.0ms (200.0ms/201.0ms)
[2026-01-16T08:22:41.505+0000][gc,phases   ] GC(83)   Pre Evacuate Collection Set: 104.2ms
[2026-01-16T08:22:41.507+0000][gc,phases   ] GC(83)   Merge Heap Roots: 33.7ms
[2026-01-16T08:22:41.511+0000][gc,phases   ] GC(83)   Evacuate Collection Set: 591.8ms
[2026-01-16T08:22:41.520+0000][gc,phases   ] GC(83)   Post Evacuate Collection Set: 41.2ms
[2026-01-16T08:22:41.521+0000][gc,phases   ] GC(83)   Other: 32.2ms
[2026-01-16T08:22:41.523+0000][gc,heap     ] GC(83) Eden regions: 46->0(47)
[2026-01-16T08:22:41.525+0000][gc,heap     ] GC(83) Survivor regions: 5->4(7)
[2026-01-16T08:22:41.525+0000][gc,heap     ] GC(83) Old regions: 38->38
[2026-01-16T08:22:41.525+0000][gc,heap     ] GC(83) Humongous regions: 36->36
[2026-01-16T08:22:41.525+0000][gc,metaspace] GC(83) Metaspace: 10507K(10816K)->10507K(10816K) NonClass: 9478K(9664K)->9478K(9664K) Class: 1028K(1152K)->1028K(1152K)
[2026-01-16T08:22:41.525+0000][gc          ] GC(83) Pause Young (Normal) (G1 Evacuation Pause) 123M->77M(1024M) 840.055ms
[2026-01-16T08:22:41.525+0000][gc,cpu      ] GC(83) User=0.33s Sys=0.04s Real=0.84s
[2026-01-16T08:22:44.382+0000][gc,start    ] GC(84) Pause Young (Normal) (G1 Evacuation Pause)
[2026-01-16T08:22:44.383+0000][gc,task     ] GC(84) Using 8 workers of 8 for evacuation
[2026-01-16T08:22:45.108+0000][gc,mmu      ] GC(84) MMU target violated: 201.0ms (200.0ms/201.0ms)
[2026-01-16T08:22:45.108+0000][gc,phases   ] GC(84)   Pre Evacuate Collection Set: 105.4ms
[2026-01-16T08:22:45.108+0000][gc,phases   ] GC(84)   Merge Heap Roots: 0.6ms
[2026-01-16T08:22:45.112+0000][gc,phases   ] GC(84)   Evacuate Collection Set: 601.4ms
[2026-01-16T08:22:45.113+0000][gc,phases   ] GC(84)   Post Evacuate Collection Set: 15.5ms
[2026-01-16T08:22:45.113+0000][gc,phases   ] GC(84)   Other: 2.5ms
[2026-01-16T08:22:45.113+0000][gc,heap     ] GC(84) Eden regions: 47->0(46)
[2026-01-16T08:22:45.113+0000][gc,heap     ] GC(84) Survivor regions: 4->5(7)
[2026-01-16T08:22:45.113+0000][gc,heap     ] GC(84) Old regions: 38->39
[2026-01-16T08:22:45.115+0000][gc,heap     ] GC(84) Humongous regions: 36->36
[2026-01-16T08:22:45.115+0000][gc,metaspace] GC(84) Metaspace: 10508K(10816K)->10508K(10816K) NonClass: 9480K(9664K)->9480K(9664K) Class: 1028K(1152K)->1028K(1152K)
[2026-01-16T08:22:45.116+0000][gc          ] GC(84) Pause Young (Normal) (G1 Evacuation Pause) 124M->78M(1024M) 733.777ms
[2026-01-16T08:22:45.117+0000][gc,cpu      ] GC(84) User=0.35s Sys=0.04s Real=0.73s
[2026-01-16T08:22:47.558+0000][gc,start    ] GC(85) Pause Young (Normal) (G1 Evacuation Pause)
[2026-01-16T08:22:47.561+0000][gc,task     ] GC(85) Using 8 workers of 8 for evacuation
[2026-01-16T08:22:48.158+0000][gc,mmu      ] GC(85) MMU target violated: 201.0ms (200.0ms/201.0ms)
[2026-01-16T08:22:48.161+0000][gc,phases   ] GC(85)   Pre Evacuate Collection Set: 47.1ms
[2026-01-16T08:22:48.162+0000][gc,phases   ] GC(85)   Merge Heap Roots: 3.4ms
[2026-01-16T08:22:48.163+0000][gc,phases   ] GC(85)   Evacuate Collection Set: 524.2ms
[2026-01-16T08:22:48.165+0000][gc,phases   ] GC(85)   Post Evacuate Collection Set: 14.7ms
[2026-01-16T08:22:48.165+0000][gc,phases   ] GC(85)   Other: 12.4ms
[2026-01-16T08:22:48.166+0000][gc,heap     ] GC(85) Eden regions: 46->0(46)
[2026-01-16T08:22:48.166+0000][gc,heap     ] GC(85) Survivor regions: 5->5(7)
[2026-01-16T08:22:48.166+0000][gc,heap     ] GC(85) Old regions: 39->40
[2026-01-16T08:22:48.168+0000][gc,heap     ] GC(85) Humongous regions: 36->36
[2026-01-16T08:22:48.168+0000][gc,metaspace] GC(85) Metaspace: 10515K(10816K)->10515K(10816K) NonClass: 9486K(9664K)->9486K(9664K) Class: 1028K(1152K)->1028K(1152K)
[2026-01-16T08:22:48.172+0000][gc          ] GC(85) Pause Young (Normal) (G1 Evacuation Pause) 124M->79M(1024M) 613.736ms
[2026-01-16T08:22:48.172+0000][gc,cpu      ] GC(85) User=0.24s Sys=0.02s Real=0.62s
[2026-01-16T08:22:50.810+0000][gc,start    ] GC(86) Pause Young (Normal) (G1 Evacuation Pause)
[2026-01-16T08:22:50.842+0000][gc,task     ] GC(86) Using 8 workers of 8 for evacuation
[2026-01-16T08:22:52.197+0000][gc,mmu      ] GC(86) MMU target violated: 201.0ms (200.0ms/201.0ms)
[2026-01-16T08:22:52.200+0000][gc,phases   ] GC(86)   Pre Evacuate Collection Set: 212.5ms
[2026-01-16T08:22:52.202+0000][gc,phases   ] GC(86)   Merge Heap Roots: 1.5ms
[2026-01-16T08:22:52.204+0000][gc,phases   ] GC(86)   Evacuate Collection Set: 998.9ms
[2026-01-16T08:22:52.206+0000][gc,phases   ] GC(86)   Post Evacuate Collection Set: 124.6ms
[2026-01-16T08:22:52.211+0000][gc,phases   ] GC(86)   Other: 33.8ms
[2026-01-16T08:22:52.219+0000][gc,heap     ] GC(86) Eden regions: 46->0(47)
[2026-01-16T08:22:52.221+0000][gc,heap     ] GC(86) Survivor regions: 5->4(7)
[2026-01-16T08:22:52.221+0000][gc,heap     ] GC(86) Old regions: 40->40
[2026-01-16T08:22:52.224+0000][gc,heap     ] GC(86) Humongous regions: 36->36
[2026-01-16T08:22:52.227+0000][gc,metaspace] GC(86) Metaspace: 10526K(10816K)->10526K(10816K) NonClass: 9498K(9664K)->9498K(9664K) Class: 1028K(1152K)->1028K(1152K)
[2026-01-16T08:22:52.228+0000][gc          ] GC(86) Pause Young (Normal) (G1 Evacuation Pause) 125M->79M(1024M) 1417.965ms
[2026-01-16T08:22:52.234+0000][gc,cpu      ] GC(86) User=0.36s Sys=0.08s Real=1.47s
[2026-01-16T08:22:54.590+0000][gc,start    ] GC(87) Pause Young (Normal) (G1 Evacuation Pause)
[2026-01-16T08:22:54.599+0000][gc,task     ] GC(87) Using 8 workers of 8 for evacuation
[2026-01-16T08:22:55.177+0000][gc,mmu      ] GC(87) MMU target violated: 201.0ms (200.0ms/201.0ms)
[2026-01-16T08:22:55.179+0000][gc,phases   ] GC(87)   Pre Evacuate Collection Set: 48.6ms
[2026-01-16T08:22:55.180+0000][gc,phases   ] GC(87)   Merge Heap Roots: 16.5ms
[2026-01-16T08:22:55.188+0000][gc,phases   ] GC(87)   Evacuate Collection Set: 491.9ms
[2026-01-16T08:22:55.188+0000][gc,phases   ] GC(87)   Post Evacuate Collection Set: 19.5ms
[2026-01-16T08:22:55.189+0000][gc,phases   ] GC(87)   Other: 3.8ms
[2026-01-16T08:22:55.190+0000][gc,heap     ] GC(87) Eden regions: 47->0(46)
[2026-01-16T08:22:55.190+0000][gc,heap     ] GC(87) Survivor regions: 4->5(7)
[2026-01-16T08:22:55.194+0000][gc,heap     ] GC(87) Old regions: 40->41
[2026-01-16T08:22:55.197+0000][gc,heap     ] GC(87) Humongous regions: 36->36
[2026-01-16T08:22:55.199+0000][gc,metaspace] GC(87) Metaspace: 10532K(10816K)->10532K(10816K) NonClass: 9503K(9664K)->9503K(9664K) Class: 1028K(1152K)->1028K(1152K)
[2026-01-16T08:22:55.203+0000][gc          ] GC(87) Pause Young (Normal) (G1 Evacuation Pause) 126M->80M(1024M) 613.354ms
[2026-01-16T08:22:55.204+0000][gc,cpu      ] GC(87) User=0.34s Sys=0.04s Real=0.61s
[2026-01-16T08:22:57.734+0000][gc,start    ] GC(88) Pause Young (Normal) (G1 Evacuation Pause)
[2026-01-16T08:22:57.745+0000][gc,task     ] GC(88) Using 8 workers of 8 for evacuation
[2026-01-16T08:22:58.439+0000][gc,mmu      ] GC(88) MMU target violated: 201.0ms (200.0ms/201.0ms)
[2026-01-16T08:22:58.441+0000][gc,phases   ] GC(88)   Pre Evacuate Collection Set: 41.5ms
[2026-01-16T08:22:58.441+0000][gc,phases   ] GC(88)   Merge Heap Roots: 2.3ms
[2026-01-16T08:22:58.442+0000][gc,phases   ] GC(88)   Evacuate Collection Set: 599.7ms
[2026-01-16T08:22:58.443+0000][gc,phases   ] GC(88)   Post Evacuate Collection Set: 46.5ms
[2026-01-16T08:22:58.445+0000][gc,phases   ] GC(88)   Other: 6.2ms
[2026-01-16T08:22:58.446+0000][gc,heap     ] GC(88) Eden regions: 46->0(46)
[2026-01-16T08:22:58.446+0000][gc,heap     ] GC(88) Survivor regions: 5->5(7)
[2026-01-16T08:22:58.446+0000][gc,heap     ] GC(88) Old regions: 41->42
[2026-01-16T08:22:58.446+0000][gc,heap     ] GC(88) Humongous regions: 36->36
[2026-01-16T08:22:58.446+0000][gc,metaspace] GC(88) Metaspace: 10537K(10816K)->10537K(10816K) NonClass: 9509K(9664K)->9509K(9664K) Class: 1028K(1152K)->1028K(1152K)
[2026-01-16T08:22:58.447+0000][gc          ] GC(88) Pause Young (Normal) (G1 Evacuation Pause) 126M->81M(1024M) 713.126ms
[2026-01-16T08:22:58.447+0000][gc,cpu      ] GC(88) User=0.28s Sys=0.05s Real=0.71s
[2026-01-16T08:23:01.241+0000][gc,start    ] GC(89) Pause Young (Normal) (G1 Evacuation Pause)
[2026-01-16T08:23:01.251+0000][gc,task     ] GC(89) Using 8 workers of 8 for evacuation
[2026-01-16T08:23:01.646+0000][gc,mmu      ] GC(89) MMU target violated: 201.0ms (200.0ms/201.0ms)
[2026-01-16T08:23:01.646+0000][gc,phases   ] GC(89)   Pre Evacuate Collection Set: 59.7ms
[2026-01-16T08:23:01.647+0000][gc,phases   ] GC(89)   Merge Heap Roots: 0.5ms
[2026-01-16T08:23:01.647+0000][gc,phases   ] GC(89)   Evacuate Collection Set: 324.1ms
[2026-01-16T08:23:01.647+0000][gc,phases   ] GC(89)   Post Evacuate Collection Set: 6.2ms
[2026-01-16T08:23:01.647+0000][gc,phases   ] GC(89)   Other: 1.9ms
[2026-01-16T08:23:01.647+0000][gc,heap     ] GC(89) Eden regions: 46->0(47)
[2026-01-16T08:23:01.647+0000][gc,heap     ] GC(89) Survivor regions: 5->4(7)
[2026-01-16T08:23:01.647+0000][gc,heap     ] GC(89) Old regions: 42->42
[2026-01-16T08:23:01.647+0000][gc,heap     ] GC(89) Humongous regions: 36->36
[2026-01-16T08:23:01.647+0000][gc,metaspace] GC(89) Metaspace: 10543K(10816K)->10543K(10816K) NonClass: 9515K(9664K)->9515K(9664K) Class: 1028K(1152K)->1028K(1152K)
[2026-01-16T08:23:01.647+0000][gc          ] GC(89) Pause Young (Normal) (G1 Evacuation Pause) 127M->81M(1024M) 403.455ms
[2026-01-16T08:23:01.647+0000][gc,cpu      ] GC(89) User=0.30s Sys=0.05s Real=0.40s
[2026-01-16T08:23:04.876+0000][gc,start    ] GC(90) Pause Young (Normal) (G1 Evacuation Pause)
[2026-01-16T08:23:04.886+0000][gc,task     ] GC(90) Using 8 workers of 8 for evacuation
[2026-01-16T08:23:05.446+0000][gc,mmu      ] GC(90) MMU target violated: 201.0ms (200.0ms/201.0ms)
[2026-01-16T08:23:05.452+0000][gc,phases   ] GC(90)   Pre Evacuate Collection Set: 73.1ms
[2026-01-16T08:23:05.462+0000][gc,phases   ] GC(90)   Merge Heap Roots: 25.8ms
[2026-01-16T08:23:05.466+0000][gc,phases   ] GC(90)   Evacuate Collection Set: 386.2ms
[2026-01-16T08:23:05.467+0000][gc,phases   ] GC(90)   Post Evacuate Collection Set: 70.3ms
[2026-01-16T08:23:05.468+0000][gc,phases   ] GC(90)   Other: 12.4ms
[2026-01-16T08:23:05.469+0000][gc,heap     ] GC(90) Eden regions: 47->0(46)
[2026-01-16T08:23:05.474+0000][gc,heap     ] GC(90) Survivor regions: 4->5(7)
[2026-01-16T08:23:05.477+0000][gc,heap     ] GC(90) Old regions: 42->43
[2026-01-16T08:23:05.479+0000][gc,heap     ] GC(90) Humongous regions: 36->36
[2026-01-16T08:23:05.480+0000][gc,metaspace] GC(90) Metaspace: 10545K(10816K)->10545K(10816K) NonClass: 9517K(9664K)->9517K(9664K) Class: 1028K(1152K)->1028K(1152K)
[2026-01-16T08:23:05.488+0000][gc          ] GC(90) Pause Young (Normal) (G1 Evacuation Pause) 128M->82M(1024M) 612.073ms
[2026-01-16T08:23:05.491+0000][gc,cpu      ] GC(90) User=0.22s Sys=0.09s Real=0.61s
[2026-01-16T08:23:08.026+0000][gc,start    ] GC(91) Pause Young (Normal) (G1 Evacuation Pause)
[2026-01-16T08:23:08.028+0000][gc,task     ] GC(91) Using 8 workers of 8 for evacuation
[2026-01-16T08:23:08.341+0000][gc,mmu      ] GC(91) MMU target violated: 201.0ms (200.0ms/201.0ms)
[2026-01-16T08:23:08.368+0000][gc,phases   ] GC(91)   Pre Evacuate Collection Set: 51.6ms
[2026-01-16T08:23:08.368+0000][gc,phases   ] GC(91)   Merge Heap Roots: 5.9ms
[2026-01-16T08:23:08.370+0000][gc,phases   ] GC(91)   Evacuate Collection Set: 241.1ms
[2026-01-16T08:23:08.372+0000][gc,phases   ] GC(91)   Post Evacuate Collection Set: 13.2ms
[2026-01-16T08:23:08.372+0000][gc,phases   ] GC(91)   Other: 28.4ms
[2026-01-16T08:23:08.373+0000][gc,heap     ] GC(91) Eden regions: 46->0(47)
[2026-01-16T08:23:08.374+0000][gc,heap     ] GC(91) Survivor regions: 5->4(7)
[2026-01-16T08:23:08.374+0000][gc,heap     ] GC(91) Old regions: 43->44
[2026-01-16T08:23:08.377+0000][gc,heap     ] GC(91) Humongous regions: 36->36
[2026-01-16T08:23:08.377+0000][gc,metaspace] GC(91) Metaspace: 10560K(10816K)->10560K(10816K) NonClass: 9532K(9664K)->9532K(9664K) Class: 1028K(1152K)->1028K(1152K)
[2026-01-16T08:23:08.385+0000][gc          ] GC(91) Pause Young (Normal) (G1 Evacuation Pause) 128M->82M(1024M) 358.938ms
[2026-01-16T08:23:08.394+0000][gc,cpu      ] GC(91) User=0.20s Sys=0.02s Real=0.37s
[2026-01-16T08:23:09.697+0000][gc,start    ] GC(92) Pause Young (Normal) (G1 Evacuation Pause)
[2026-01-16T08:23:09.701+0000][gc,task     ] GC(92) Using 8 workers of 8 for evacuation
[2026-01-16T08:23:10.037+0000][gc,mmu      ] GC(92) MMU target violated: 201.0ms (200.0ms/201.0ms)
[2026-01-16T08:23:10.038+0000][gc,phases   ] GC(92)   Pre Evacuate Collection Set: 2.8ms
[2026-01-16T08:23:10.038+0000][gc,phases   ] GC(92)   Merge Heap Roots: 0.3ms
[2026-01-16T08:23:10.038+0000][gc,phases   ] GC(92)   Evacuate Collection Set: 275.9ms
[2026-01-16T08:23:10.039+0000][gc,phases   ] GC(92)   Post Evacuate Collection Set: 54.2ms
[2026-01-16T08:23:10.039+0000][gc,phases   ] GC(92)   Other: 3.9ms
[2026-01-16T08:23:10.039+0000][gc,heap     ] GC(92) Eden regions: 47->0(46)
[2026-01-16T08:23:10.039+0000][gc,heap     ] GC(92) Survivor regions: 4->5(7)
[2026-01-16T08:23:10.039+0000][gc,heap     ] GC(92) Old regions: 44->44
[2026-01-16T08:23:10.039+0000][gc,heap     ] GC(92) Humongous regions: 36->36
[2026-01-16T08:23:10.040+0000][gc,metaspace] GC(92) Metaspace: 10561K(10816K)->10561K(10816K) NonClass: 9532K(9664K)->9532K(9664K) Class: 1028K(1152K)->1028K(1152K)
[2026-01-16T08:23:10.040+0000][gc          ] GC(92) Pause Young (Normal) (G1 Evacuation Pause) 129M->83M(1024M) 343.565ms
[2026-01-16T08:23:10.040+0000][gc,cpu      ] GC(92) User=0.10s Sys=0.02s Real=0.34s
[2026-01-16T08:23:11.143+0000][gc,start    ] GC(93) Pause Young (Normal) (G1 Evacuation Pause)
[2026-01-16T08:23:11.145+0000][gc,task     ] GC(93) Using 8 workers of 8 for evacuation
[2026-01-16T08:23:12.682+0000][gc,mmu      ] GC(93) MMU target violated: 201.0ms (200.0ms/201.0ms)
[2026-01-16T08:23:12.699+0000][gc,phases   ] GC(93)   Pre Evacuate Collection Set: 46.5ms
[2026-01-16T08:23:12.714+0000][gc,phases   ] GC(93)   Merge Heap Roots: 7.4ms
[2026-01-16T08:23:12.715+0000][gc,phases   ] GC(93)   Evacuate Collection Set: 1394.8ms
[2026-01-16T08:23:12.715+0000][gc,phases   ] GC(93)   Post Evacuate Collection Set: 84.2ms
[2026-01-16T08:23:12.724+0000][gc,phases   ] GC(93)   Other: 20.9ms
[2026-01-16T08:23:12.726+0000][gc,heap     ] GC(93) Eden regions: 46->0(46)
[2026-01-16T08:23:12.727+0000][gc,heap     ] GC(93) Survivor regions: 5->5(7)
[2026-01-16T08:23:12.730+0000][gc,heap     ] GC(93) Old regions: 44->45
[2026-01-16T08:23:12.731+0000][gc,heap     ] GC(93) Humongous regions: 36->36
[2026-01-16T08:23:12.731+0000][gc,metaspace] GC(93) Metaspace: 10562K(10816K)->10562K(10816K) NonClass: 9534K(9664K)->9534K(9664K) Class: 1028K(1152K)->1028K(1152K)
[2026-01-16T08:23:12.734+0000][gc          ] GC(93) Pause Young (Normal) (G1 Evacuation Pause) 129M->84M(1024M) 1590.528ms
[2026-01-16T08:23:12.736+0000][gc,cpu      ] GC(93) User=0.39s Sys=0.09s Real=1.59s
[2026-01-16T08:23:16.204+0000][gc,start    ] GC(94) Pause Young (Normal) (G1 Evacuation Pause)
[2026-01-16T08:23:16.227+0000][gc,task     ] GC(94) Using 8 workers of 8 for evacuation
[2026-01-16T08:23:17.021+0000][gc,mmu      ] GC(94) MMU target violated: 201.0ms (200.0ms/201.0ms)
[2026-01-16T08:23:17.022+0000][gc,phases   ] GC(94)   Pre Evacuate Collection Set: 42.0ms
[2026-01-16T08:23:17.022+0000][gc,phases   ] GC(94)   Merge Heap Roots: 0.3ms
[2026-01-16T08:23:17.022+0000][gc,phases   ] GC(94)   Evacuate Collection Set: 715.0ms
[2026-01-16T08:23:17.023+0000][gc,phases   ] GC(94)   Post Evacuate Collection Set: 31.2ms
[2026-01-16T08:23:17.023+0000][gc,phases   ] GC(94)   Other: 20.4ms
[2026-01-16T08:23:17.023+0000][gc,heap     ] GC(94) Eden regions: 46->0(46)
[2026-01-16T08:23:17.023+0000][gc,heap     ] GC(94) Survivor regions: 5->5(7)
[2026-01-16T08:23:17.024+0000][gc,heap     ] GC(94) Old regions: 45->46
[2026-01-16T08:23:17.024+0000][gc,heap     ] GC(94) Humongous regions: 36->36
[2026-01-16T08:23:17.025+0000][gc,metaspace] GC(94) Metaspace: 10602K(10880K)->10602K(10880K) NonClass: 9572K(9728K)->9572K(9728K) Class: 1030K(1152K)->1030K(1152K)
[2026-01-16T08:23:17.025+0000][gc          ] GC(94) Pause Young (Normal) (G1 Evacuation Pause) 130M->85M(1024M) 821.300ms
[2026-01-16T08:23:17.025+0000][gc,cpu      ] GC(94) User=0.33s Sys=0.03s Real=0.82s
[2026-01-16T08:23:19.486+0000][gc,start    ] GC(95) Pause Young (Normal) (G1 Evacuation Pause)
[2026-01-16T08:23:19.488+0000][gc,task     ] GC(95) Using 8 workers of 8 for evacuation
[2026-01-16T08:23:19.725+0000][gc,mmu      ] GC(95) MMU target violated: 201.0ms (200.0ms/201.0ms)
[2026-01-16T08:23:19.727+0000][gc,phases   ] GC(95)   Pre Evacuate Collection Set: 17.1ms
[2026-01-16T08:23:19.731+0000][gc,phases   ] GC(95)   Merge Heap Roots: 0.3ms
[2026-01-16T08:23:19.731+0000][gc,phases   ] GC(95)   Evacuate Collection Set: 210.9ms
[2026-01-16T08:23:19.731+0000][gc,phases   ] GC(95)   Post Evacuate Collection Set: 8.5ms
[2026-01-16T08:23:19.731+0000][gc,phases   ] GC(95)   Other: 3.1ms
[2026-01-16T08:23:19.732+0000][gc,heap     ] GC(95) Eden regions: 46->0(46)
[2026-01-16T08:23:19.732+0000][gc,heap     ] GC(95) Survivor regions: 5->5(7)
[2026-01-16T08:23:19.732+0000][gc,heap     ] GC(95) Old regions: 46->46
[2026-01-16T08:23:19.737+0000][gc,heap     ] GC(95) Humongous regions: 36->36
[2026-01-16T08:23:19.737+0000][gc,metaspace] GC(95) Metaspace: 10614K(10944K)->10614K(10944K) NonClass: 9583K(9792K)->9583K(9792K) Class: 1030K(1152K)->1030K(1152K)
[2026-01-16T08:23:19.737+0000][gc          ] GC(95) Pause Young (Normal) (G1 Evacuation Pause) 131M->86M(1024M) 250.961ms
[2026-01-16T08:23:19.737+0000][gc,cpu      ] GC(95) User=0.16s Sys=0.01s Real=0.25s
[2026-01-16T08:23:23.419+0000][gc,start    ] GC(96) Pause Young (Normal) (G1 Evacuation Pause)
[2026-01-16T08:23:23.438+0000][gc,task     ] GC(96) Using 8 workers of 8 for evacuation
[2026-01-16T08:23:24.971+0000][gc,mmu      ] GC(96) MMU target violated: 201.0ms (200.0ms/201.0ms)
[2026-01-16T08:23:24.998+0000][gc,phases   ] GC(96)   Pre Evacuate Collection Set: 88.0ms
[2026-01-16T08:23:25.002+0000][gc,phases   ] GC(96)   Merge Heap Roots: 7.4ms
[2026-01-16T08:23:25.002+0000][gc,phases   ] GC(96)   Evacuate Collection Set: 1231.0ms
[2026-01-16T08:23:25.002+0000][gc,phases   ] GC(96)   Post Evacuate Collection Set: 188.8ms
[2026-01-16T08:23:25.002+0000][gc,phases   ] GC(96)   Other: 53.8ms
[2026-01-16T08:23:25.002+0000][gc,heap     ] GC(96) Eden regions: 46->0(47)
[2026-01-16T08:23:25.002+0000][gc,heap     ] GC(96) Survivor regions: 5->4(7)
[2026-01-16T08:23:25.002+0000][gc,heap     ] GC(96) Old regions: 46->47
[2026-01-16T08:23:25.002+0000][gc,heap     ] GC(96) Humongous regions: 36->36
[2026-01-16T08:23:25.002+0000][gc,metaspace] GC(96) Metaspace: 10628K(10944K)->10628K(10944K) NonClass: 9597K(9792K)->9597K(9792K) Class: 1030K(1152K)->1030K(1152K)
[2026-01-16T08:23:25.004+0000][gc          ] GC(96) Pause Young (Normal) (G1 Evacuation Pause) 132M->86M(1024M) 1584.395ms
[2026-01-16T08:23:25.045+0000][gc,cpu      ] GC(96) User=0.48s Sys=0.09s Real=1.63s
[2026-01-16T08:23:29.744+0000][gc,start    ] GC(97) Pause Young (Normal) (G1 Evacuation Pause)
[2026-01-16T08:23:29.745+0000][gc,task     ] GC(97) Using 8 workers of 8 for evacuation
[2026-01-16T08:23:30.489+0000][gc,mmu      ] GC(97) MMU target violated: 201.0ms (200.0ms/201.0ms)
[2026-01-16T08:23:30.491+0000][gc,phases   ] GC(97)   Pre Evacuate Collection Set: 78.5ms
[2026-01-16T08:23:30.491+0000][gc,phases   ] GC(97)   Merge Heap Roots: 0.2ms
[2026-01-16T08:23:30.491+0000][gc,phases   ] GC(97)   Evacuate Collection Set: 627.7ms
[2026-01-16T08:23:30.493+0000][gc,phases   ] GC(97)   Post Evacuate Collection Set: 36.6ms
[2026-01-16T08:23:30.499+0000][gc,phases   ] GC(97)   Other: 2.9ms
[2026-01-16T08:23:30.499+0000][gc,heap     ] GC(97) Eden regions: 47->0(47)
[2026-01-16T08:23:30.499+0000][gc,heap     ] GC(97) Survivor regions: 4->4(7)
[2026-01-16T08:23:30.500+0000][gc,heap     ] GC(97) Old regions: 47->47
[2026-01-16T08:23:30.500+0000][gc,heap     ] GC(97) Humongous regions: 36->36
[2026-01-16T08:23:30.501+0000][gc,metaspace] GC(97) Metaspace: 10642K(10944K)->10642K(10944K) NonClass: 9612K(9792K)->9612K(9792K) Class: 1030K(1152K)->1030K(1152K)
[2026-01-16T08:23:30.501+0000][gc          ] GC(97) Pause Young (Normal) (G1 Evacuation Pause) 133M->86M(1024M) 757.634ms
[2026-01-16T08:23:30.502+0000][gc,cpu      ] GC(97) User=0.31s Sys=0.04s Real=0.76s
[2026-01-16T08:23:34.097+0000][gc,start    ] GC(98) Pause Young (Normal) (G1 Evacuation Pause)
[2026-01-16T08:23:34.097+0000][gc,task     ] GC(98) Using 8 workers of 8 for evacuation
[2026-01-16T08:23:34.400+0000][gc,mmu      ] GC(98) MMU target violated: 201.0ms (200.0ms/201.0ms)
[2026-01-16T08:23:34.401+0000][gc,phases   ] GC(98)   Pre Evacuate Collection Set: 23.8ms
[2026-01-16T08:23:34.402+0000][gc,phases   ] GC(98)   Merge Heap Roots: 0.3ms
[2026-01-16T08:23:34.402+0000][gc,phases   ] GC(98)   Evacuate Collection Set: 257.9ms
[2026-01-16T08:23:34.403+0000][gc,phases   ] GC(98)   Post Evacuate Collection Set: 17.0ms
[2026-01-16T08:23:34.404+0000][gc,phases   ] GC(98)   Other: 4.7ms
[2026-01-16T08:23:34.405+0000][gc,heap     ] GC(98) Eden regions: 47->0(46)
[2026-01-16T08:23:34.405+0000][gc,heap     ] GC(98) Survivor regions: 4->5(7)
[2026-01-16T08:23:34.406+0000][gc,heap     ] GC(98) Old regions: 47->48
[2026-01-16T08:23:34.408+0000][gc,heap     ] GC(98) Humongous regions: 36->36
[2026-01-16T08:23:34.411+0000][gc,metaspace] GC(98) Metaspace: 10705K(11072K)->10705K(11072K) NonClass: 9662K(9792K)->9662K(9792K) Class: 1042K(1280K)->1042K(1280K)
[2026-01-16T08:23:34.412+0000][gc          ] GC(98) Pause Young (Normal) (G1 Evacuation Pause) 133M->87M(1024M) 314.957ms
[2026-01-16T08:23:34.412+0000][gc,cpu      ] GC(98) User=0.22s Sys=0.01s Real=0.31s
[2026-01-16T08:23:36.996+0000][gc,start    ] GC(99) Pause Young (Normal) (G1 Evacuation Pause)
[2026-01-16T08:23:37.048+0000][gc,task     ] GC(99) Using 8 workers of 8 for evacuation
[2026-01-16T08:23:37.946+0000][gc,mmu      ] GC(99) MMU target violated: 201.0ms (200.0ms/201.0ms)
[2026-01-16T08:23:37.947+0000][gc,phases   ] GC(99)   Pre Evacuate Collection Set: 55.3ms
[2026-01-16T08:23:37.947+0000][gc,phases   ] GC(99)   Merge Heap Roots: 7.2ms
[2026-01-16T08:23:37.947+0000][gc,phases   ] GC(99)   Evacuate Collection Set: 802.4ms
[2026-01-16T08:23:37.947+0000][gc,phases   ] GC(99)   Post Evacuate Collection Set: 12.9ms
[2026-01-16T08:23:37.947+0000][gc,phases   ] GC(99)   Other: 63.9ms
[2026-01-16T08:23:37.947+0000][gc,heap     ] GC(99) Eden regions: 46->0(47)
[2026-01-16T08:23:37.947+0000][gc,heap     ] GC(99) Survivor regions: 5->4(7)
[2026-01-16T08:23:37.947+0000][gc,heap     ] GC(99) Old regions: 48->49
[2026-01-16T08:23:37.947+0000][gc,heap     ] GC(99) Humongous regions: 36->36
[2026-01-16T08:23:37.947+0000][gc,metaspace] GC(99) Metaspace: 10710K(11072K)->10710K(11072K) NonClass: 9667K(9792K)->9667K(9792K) Class: 1042K(1280K)->1042K(1280K)
[2026-01-16T08:23:37.948+0000][gc          ] GC(99) Pause Young (Normal) (G1 Evacuation Pause) 133M->88M(1024M) 951.896ms
[2026-01-16T08:23:37.948+0000][gc,cpu      ] GC(99) User=0.30s Sys=0.09s Real=0.96s
[2026-01-16T08:23:40.803+0000][gc,start    ] GC(100) Pause Young (Normal) (G1 Evacuation Pause)
[2026-01-16T08:23:40.816+0000][gc,task     ] GC(100) Using 8 workers of 8 for evacuation
[2026-01-16T08:23:42.067+0000][gc,mmu      ] GC(100) MMU target violated: 201.0ms (200.0ms/201.0ms)
[2026-01-16T08:23:42.067+0000][gc,phases   ] GC(100)   Pre Evacuate Collection Set: 155.3ms
[2026-01-16T08:23:42.068+0000][gc,phases   ] GC(100)   Merge Heap Roots: 18.1ms
[2026-01-16T08:23:42.068+0000][gc,phases   ] GC(100)   Evacuate Collection Set: 922.2ms
[2026-01-16T08:23:42.068+0000][gc,phases   ] GC(100)   Post Evacuate Collection Set: 115.0ms
[2026-01-16T08:23:42.069+0000][gc,phases   ] GC(100)   Other: 45.8ms
[2026-01-16T08:23:42.069+0000][gc,heap     ] GC(100) Eden regions: 47->0(47)
[2026-01-16T08:23:42.069+0000][gc,heap     ] GC(100) Survivor regions: 4->4(7)
[2026-01-16T08:23:42.070+0000][gc,heap     ] GC(100) Old regions: 49->49
[2026-01-16T08:23:42.070+0000][gc,heap     ] GC(100) Humongous regions: 36->36
[2026-01-16T08:23:42.070+0000][gc,metaspace] GC(100) Metaspace: 10714K(11072K)->10714K(11072K) NonClass: 9671K(9792K)->9671K(9792K) Class: 1042K(1280K)->1042K(1280K)
[2026-01-16T08:23:42.071+0000][gc          ] GC(100) Pause Young (Normal) (G1 Evacuation Pause) 135M->88M(1024M) 1267.983ms
[2026-01-16T08:23:42.073+0000][gc,cpu      ] GC(100) User=0.41s Sys=0.09s Real=1.27s
[2026-01-16T08:23:43.676+0000][gc,start    ] GC(101) Pause Young (Normal) (G1 Evacuation Pause)
[2026-01-16T08:23:43.681+0000][gc,task     ] GC(101) Using 8 workers of 8 for evacuation
[2026-01-16T08:23:44.093+0000][gc,mmu      ] GC(101) MMU target violated: 201.0ms (200.0ms/201.0ms)
[2026-01-16T08:23:44.097+0000][gc,phases   ] GC(101)   Pre Evacuate Collection Set: 43.1ms
[2026-01-16T08:23:44.097+0000][gc,phases   ] GC(101)   Merge Heap Roots: 8.9ms
[2026-01-16T08:23:44.097+0000][gc,phases   ] GC(101)   Evacuate Collection Set: 345.0ms
[2026-01-16T08:23:44.097+0000][gc,phases   ] GC(101)   Post Evacuate Collection Set: 13.0ms
[2026-01-16T08:23:44.097+0000][gc,phases   ] GC(101)   Other: 9.9ms
[2026-01-16T08:23:44.099+0000][gc,heap     ] GC(101) Eden regions: 47->0(47)
[2026-01-16T08:23:44.100+0000][gc,heap     ] GC(101) Survivor regions: 4->4(7)
[2026-01-16T08:23:44.100+0000][gc,heap     ] GC(101) Old regions: 49->50
[2026-01-16T08:23:44.102+0000][gc,heap     ] GC(101) Humongous regions: 36->36
[2026-01-16T08:23:44.103+0000][gc,metaspace] GC(101) Metaspace: 10740K(11136K)->10740K(11136K) NonClass: 9694K(9856K)->9694K(9856K) Class: 1045K(1280K)->1045K(1280K)
[2026-01-16T08:23:44.105+0000][gc          ] GC(101) Pause Young (Normal) (G1 Evacuation Pause) 135M->89M(1024M) 428.739ms
[2026-01-16T08:23:44.111+0000][gc,cpu      ] GC(101) User=0.18s Sys=0.02s Real=0.43s
[2026-01-16T08:23:46.316+0000][gc,start    ] GC(102) Pause Young (Normal) (G1 Evacuation Pause)
[2026-01-16T08:23:46.326+0000][gc,task     ] GC(102) Using 8 workers of 8 for evacuation
[2026-01-16T08:23:46.891+0000][gc,mmu      ] GC(102) MMU target violated: 201.0ms (200.0ms/201.0ms)
[2026-01-16T08:23:46.894+0000][gc,phases   ] GC(102)   Pre Evacuate Collection Set: 17.1ms
[2026-01-16T08:23:46.894+0000][gc,phases   ] GC(102)   Merge Heap Roots: 0.1ms
[2026-01-16T08:23:46.894+0000][gc,phases   ] GC(102)   Evacuate Collection Set: 535.8ms
[2026-01-16T08:23:46.895+0000][gc,phases   ] GC(102)   Post Evacuate Collection Set: 10.2ms
[2026-01-16T08:23:46.895+0000][gc,phases   ] GC(102)   Other: 4.9ms
[2026-01-16T08:23:46.896+0000][gc,heap     ] GC(102) Eden regions: 47->0(47)
[2026-01-16T08:23:46.896+0000][gc,heap     ] GC(102) Survivor regions: 4->4(7)
[2026-01-16T08:23:46.896+0000][gc,heap     ] GC(102) Old regions: 50->51
[2026-01-16T08:23:46.896+0000][gc,heap     ] GC(102) Humongous regions: 36->36
[2026-01-16T08:23:46.896+0000][gc,metaspace] GC(102) Metaspace: 10742K(11136K)->10742K(11136K) NonClass: 9696K(9856K)->9696K(9856K) Class: 1045K(1280K)->1045K(1280K)
[2026-01-16T08:23:46.896+0000][gc          ] GC(102) Pause Young (Normal) (G1 Evacuation Pause) 136M->90M(1024M) 580.500ms
[2026-01-16T08:23:46.896+0000][gc,cpu      ] GC(102) User=0.24s Sys=0.01s Real=0.58s
[2026-01-16T08:23:50.413+0000][gc,start    ] GC(103) Pause Young (Normal) (G1 Evacuation Pause)
[2026-01-16T08:23:50.511+0000][gc,task     ] GC(103) Using 8 workers of 8 for evacuation
[2026-01-16T08:23:54.796+0000][gc,mmu      ] GC(103) MMU target violated: 201.0ms (200.0ms/201.0ms)
[2026-01-16T08:23:54.872+0000][gc,phases   ] GC(103)   Pre Evacuate Collection Set: 26.4ms
[2026-01-16T08:23:54.875+0000][gc,phases   ] GC(103)   Merge Heap Roots: 0.3ms
[2026-01-16T08:23:54.875+0000][gc,phases   ] GC(103)   Evacuate Collection Set: 3635.5ms
[2026-01-16T08:23:54.875+0000][gc,phases   ] GC(103)   Post Evacuate Collection Set: 598.4ms
[2026-01-16T08:23:54.876+0000][gc,phases   ] GC(103)   Other: 140.5ms
[2026-01-16T08:23:54.877+0000][gc,heap     ] GC(103) Eden regions: 47->0(48)
[2026-01-16T08:23:54.882+0000][gc,heap     ] GC(103) Survivor regions: 4->3(7)
[2026-01-16T08:23:54.883+0000][gc,heap     ] GC(103) Old regions: 51->51
[2026-01-16T08:23:54.883+0000][gc,heap     ] GC(103) Humongous regions: 36->36
[2026-01-16T08:23:54.883+0000][gc,metaspace] GC(103) Metaspace: 10748K(11136K)->10748K(11136K) NonClass: 9702K(9856K)->9702K(9856K) Class: 1045K(1280K)->1045K(1280K)
[2026-01-16T08:23:54.906+0000][gc          ] GC(103) Pause Young (Normal) (G1 Evacuation Pause) 137M->89M(1024M) 4492.456ms
[2026-01-16T08:23:54.913+0000][gc,cpu      ] GC(103) User=1.05s Sys=0.17s Real=4.49s
[2026-01-16T08:24:02.659+0000][gc,start    ] GC(104) Pause Young (Normal) (G1 Evacuation Pause)
[2026-01-16T08:24:02.665+0000][gc,task     ] GC(104) Using 8 workers of 8 for evacuation
[2026-01-16T08:24:03.182+0000][gc,mmu      ] GC(104) MMU target violated: 201.0ms (200.0ms/201.0ms)
[2026-01-16T08:24:03.189+0000][gc,phases   ] GC(104)   Pre Evacuate Collection Set: 45.1ms
[2026-01-16T08:24:03.196+0000][gc,phases   ] GC(104)   Merge Heap Roots: 10.2ms
[2026-01-16T08:24:03.201+0000][gc,phases   ] GC(104)   Evacuate Collection Set: 443.0ms
[2026-01-16T08:24:03.202+0000][gc,phases   ] GC(104)   Post Evacuate Collection Set: 16.6ms
[2026-01-16T08:24:03.210+0000][gc,phases   ] GC(104)   Other: 9.2ms
[2026-01-16T08:24:03.210+0000][gc,heap     ] GC(104) Eden regions: 48->0(47)
[2026-01-16T08:24:03.210+0000][gc,heap     ] GC(104) Survivor regions: 3->4(7)
[2026-01-16T08:24:03.211+0000][gc,heap     ] GC(104) Old regions: 51->51
[2026-01-16T08:24:03.211+0000][gc,heap     ] GC(104) Humongous regions: 36->36
[2026-01-16T08:24:03.211+0000][gc,metaspace] GC(104) Metaspace: 10753K(11136K)->10753K(11136K) NonClass: 9707K(9856K)->9707K(9856K) Class: 1045K(1280K)->1045K(1280K)
[2026-01-16T08:24:03.211+0000][gc          ] GC(104) Pause Young (Normal) (G1 Evacuation Pause) 137M->90M(1024M) 551.618ms
[2026-01-16T08:24:03.211+0000][gc,cpu      ] GC(104) User=0.31s Sys=0.04s Real=0.55s
[2026-01-16T08:24:07.769+0000][gc,start    ] GC(105) Pause Young (Normal) (GCLocker Initiated GC)
[2026-01-16T08:24:07.777+0000][gc,task     ] GC(105) Using 8 workers of 8 for evacuation
[2026-01-16T08:24:08.164+0000][gc,mmu      ] GC(105) MMU target violated: 201.0ms (200.0ms/201.0ms)
[2026-01-16T08:24:08.167+0000][gc,phases   ] GC(105)   Pre Evacuate Collection Set: 33.5ms
[2026-01-16T08:24:08.167+0000][gc,phases   ] GC(105)   Merge Heap Roots: 1.9ms
[2026-01-16T08:24:08.167+0000][gc,phases   ] GC(105)   Evacuate Collection Set: 309.4ms
[2026-01-16T08:24:08.167+0000][gc,phases   ] GC(105)   Post Evacuate Collection Set: 35.4ms
[2026-01-16T08:24:08.169+0000][gc,phases   ] GC(105)   Other: 9.5ms
[2026-01-16T08:24:08.169+0000][gc,heap     ] GC(105) Eden regions: 48->0(48)
[2026-01-16T08:24:08.169+0000][gc,heap     ] GC(105) Survivor regions: 4->3(7)
[2026-01-16T08:24:08.169+0000][gc,heap     ] GC(105) Old regions: 51->51
[2026-01-16T08:24:08.169+0000][gc,heap     ] GC(105) Humongous regions: 36->36
[2026-01-16T08:24:08.169+0000][gc,metaspace] GC(105) Metaspace: 10774K(11136K)->10774K(11136K) NonClass: 9728K(9856K)->9728K(9856K) Class: 1045K(1280K)->1045K(1280K)
[2026-01-16T08:24:08.170+0000][gc          ] GC(105) Pause Young (Normal) (GCLocker Initiated GC) 138M->89M(1024M) 400.620ms
[2026-01-16T08:24:08.170+0000][gc,cpu      ] GC(105) User=0.22s Sys=0.01s Real=0.40s
[2026-01-16T08:24:11.060+0000][gc,start    ] GC(106) Pause Young (Normal) (G1 Evacuation Pause)
[2026-01-16T08:24:11.067+0000][gc,task     ] GC(106) Using 8 workers of 8 for evacuation
[2026-01-16T08:24:13.405+0000][gc,mmu      ] GC(106) MMU target violated: 201.0ms (200.0ms/201.0ms)
[2026-01-16T08:24:13.410+0000][gc,phases   ] GC(106)   Pre Evacuate Collection Set: 307.3ms
[2026-01-16T08:24:13.410+0000][gc,phases   ] GC(106)   Merge Heap Roots: 11.4ms
[2026-01-16T08:24:13.411+0000][gc,phases   ] GC(106)   Evacuate Collection Set: 1961.9ms
[2026-01-16T08:24:13.411+0000][gc,phases   ] GC(106)   Post Evacuate Collection Set: 56.5ms
[2026-01-16T08:24:13.412+0000][gc,phases   ] GC(106)   Other: 7.5ms
[2026-01-16T08:24:13.412+0000][gc,heap     ] GC(106) Eden regions: 48->0(47)
[2026-01-16T08:24:13.412+0000][gc,heap     ] GC(106) Survivor regions: 3->4(7)
[2026-01-16T08:24:13.413+0000][gc,heap     ] GC(106) Old regions: 51->51
[2026-01-16T08:24:13.417+0000][gc,heap     ] GC(106) Humongous regions: 36->36
[2026-01-16T08:24:13.419+0000][gc,metaspace] GC(106) Metaspace: 10776K(11136K)->10776K(11136K) NonClass: 9731K(9856K)->9731K(9856K) Class: 1045K(1280K)->1045K(1280K)
[2026-01-16T08:24:13.423+0000][gc          ] GC(106) Pause Young (Normal) (G1 Evacuation Pause) 137M->89M(1024M) 2362.741ms
[2026-01-16T08:24:13.426+0000][gc,cpu      ] GC(106) User=0.66s Sys=0.07s Real=2.37s
[2026-01-16T08:24:16.410+0000][gc,start    ] GC(107) Pause Young (Normal) (G1 Evacuation Pause)
[2026-01-16T08:24:16.412+0000][gc,task     ] GC(107) Using 8 workers of 8 for evacuation
[2026-01-16T08:24:16.757+0000][gc,mmu      ] GC(107) MMU target violated: 201.0ms (200.0ms/201.0ms)
[2026-01-16T08:24:16.757+0000][gc,phases   ] GC(107)   Pre Evacuate Collection Set: 53.8ms
[2026-01-16T08:24:16.758+0000][gc,phases   ] GC(107)   Merge Heap Roots: 2.8ms
[2026-01-16T08:24:16.758+0000][gc,phases   ] GC(107)   Evacuate Collection Set: 279.8ms
[2026-01-16T08:24:16.758+0000][gc,phases   ] GC(107)   Post Evacuate Collection Set: 5.4ms
[2026-01-16T08:24:16.760+0000][gc,phases   ] GC(107)   Other: 4.0ms
[2026-01-16T08:24:16.761+0000][gc,heap     ] GC(107) Eden regions: 47->0(47)
[2026-01-16T08:24:16.761+0000][gc,heap     ] GC(107) Survivor regions: 4->4(7)
[2026-01-16T08:24:16.761+0000][gc,heap     ] GC(107) Old regions: 51->51
[2026-01-16T08:24:16.762+0000][gc,heap     ] GC(107) Humongous regions: 45->45
[2026-01-16T08:24:16.762+0000][gc,metaspace] GC(107) Metaspace: 10786K(11200K)->10786K(11200K) NonClass: 9740K(9920K)->9740K(9920K) Class: 1045K(1280K)->1045K(1280K)
[2026-01-16T08:24:16.763+0000][gc          ] GC(107) Pause Young (Normal) (G1 Evacuation Pause) 145M->99M(1024M) 352.528ms
[2026-01-16T08:24:16.763+0000][gc,cpu      ] GC(107) User=0.29s Sys=0.02s Real=0.35s
[2026-01-16T08:24:17.927+0000][gc,start    ] GC(108) Pause Young (Normal) (G1 Evacuation Pause)
[2026-01-16T08:24:17.928+0000][gc,task     ] GC(108) Using 8 workers of 8 for evacuation
[2026-01-16T08:24:18.023+0000][gc,phases   ] GC(108)   Pre Evacuate Collection Set: 4.3ms
[2026-01-16T08:24:18.024+0000][gc,phases   ] GC(108)   Merge Heap Roots: 2.5ms
[2026-01-16T08:24:18.027+0000][gc,phases   ] GC(108)   Evacuate Collection Set: 78.2ms
[2026-01-16T08:24:18.027+0000][gc,phases   ] GC(108)   Post Evacuate Collection Set: 9.5ms
[2026-01-16T08:24:18.027+0000][gc,phases   ] GC(108)   Other: 0.6ms
[2026-01-16T08:24:18.027+0000][gc,heap     ] GC(108) Eden regions: 47->0(46)
[2026-01-16T08:24:18.027+0000][gc,heap     ] GC(108) Survivor regions: 4->5(7)
[2026-01-16T08:24:18.027+0000][gc,heap     ] GC(108) Old regions: 51->52
[2026-01-16T08:24:18.027+0000][gc,heap     ] GC(108) Humongous regions: 45->45
[2026-01-16T08:24:18.028+0000][gc,metaspace] GC(108) Metaspace: 10791K(11200K)->10791K(11200K) NonClass: 9745K(9920K)->9745K(9920K) Class: 1045K(1280K)->1045K(1280K)
[2026-01-16T08:24:18.028+0000][gc          ] GC(108) Pause Young (Normal) (G1 Evacuation Pause) 146M->100M(1024M) 100.304ms
[2026-01-16T08:24:18.028+0000][gc,cpu      ] GC(108) User=0.07s Sys=0.02s Real=0.10s
[2026-01-16T08:24:18.403+0000][gc,start    ] GC(109) Pause Young (Normal) (G1 Evacuation Pause)
[2026-01-16T08:24:18.404+0000][gc,task     ] GC(109) Using 8 workers of 8 for evacuation
[2026-01-16T08:24:18.502+0000][gc,phases   ] GC(109)   Pre Evacuate Collection Set: 18.3ms
[2026-01-16T08:24:18.511+0000][gc,phases   ] GC(109)   Merge Heap Roots: 0.1ms
[2026-01-16T08:24:18.516+0000][gc,phases   ] GC(109)   Evacuate Collection Set: 77.4ms
[2026-01-16T08:24:18.518+0000][gc,phases   ] GC(109)   Post Evacuate Collection Set: 1.6ms
[2026-01-16T08:24:18.520+0000][gc,phases   ] GC(109)   Other: 0.6ms
[2026-01-16T08:24:18.522+0000][gc,heap     ] GC(109) Eden regions: 46->0(47)
[2026-01-16T08:24:18.524+0000][gc,heap     ] GC(109) Survivor regions: 5->4(7)
[2026-01-16T08:24:18.524+0000][gc,heap     ] GC(109) Old regions: 52->52
[2026-01-16T08:24:18.525+0000][gc,heap     ] GC(109) Humongous regions: 45->45
[2026-01-16T08:24:18.525+0000][gc,metaspace] GC(109) Metaspace: 10791K(11200K)->10791K(11200K) NonClass: 9745K(9920K)->9745K(9920K) Class: 1045K(1280K)->1045K(1280K)
[2026-01-16T08:24:18.526+0000][gc          ] GC(109) Pause Young (Normal) (G1 Evacuation Pause) 146M->99M(1024M) 122.458ms
[2026-01-16T08:24:18.532+0000][gc,cpu      ] GC(109) User=0.03s Sys=0.02s Real=0.13s
[2026-01-16T08:24:19.158+0000][gc,start    ] GC(110) Pause Young (Normal) (G1 Evacuation Pause)
[2026-01-16T08:24:19.159+0000][gc,task     ] GC(110) Using 8 workers of 8 for evacuation
[2026-01-16T08:24:19.279+0000][gc,phases   ] GC(110)   Pre Evacuate Collection Set: 9.8ms
[2026-01-16T08:24:19.282+0000][gc,phases   ] GC(110)   Merge Heap Roots: 0.1ms
[2026-01-16T08:24:19.284+0000][gc,phases   ] GC(110)   Evacuate Collection Set: 68.2ms
[2026-01-16T08:24:19.285+0000][gc,phases   ] GC(110)   Post Evacuate Collection Set: 41.6ms
[2026-01-16T08:24:19.287+0000][gc,phases   ] GC(110)   Other: 0.9ms
[2026-01-16T08:24:19.288+0000][gc,heap     ] GC(110) Eden regions: 47->0(47)
[2026-01-16T08:24:19.288+0000][gc,heap     ] GC(110) Survivor regions: 4->4(7)
[2026-01-16T08:24:19.293+0000][gc,heap     ] GC(110) Old regions: 52->52
[2026-01-16T08:24:19.293+0000][gc,heap     ] GC(110) Humongous regions: 45->45
[2026-01-16T08:24:19.294+0000][gc,metaspace] GC(110) Metaspace: 10794K(11200K)->10794K(11200K) NonClass: 9748K(9920K)->9748K(9920K) Class: 1045K(1280K)->1045K(1280K)
[2026-01-16T08:24:19.295+0000][gc          ] GC(110) Pause Young (Normal) (G1 Evacuation Pause) 146M->100M(1024M) 137.678ms
[2026-01-16T08:24:19.296+0000][gc,cpu      ] GC(110) User=0.04s Sys=0.01s Real=0.14s
[2026-01-16T08:24:20.227+0000][gc,start    ] GC(111) Pause Young (Normal) (G1 Evacuation Pause)
[2026-01-16T08:24:20.231+0000][gc,task     ] GC(111) Using 8 workers of 8 for evacuation
[2026-01-16T08:24:20.485+0000][gc,mmu      ] GC(111) MMU target violated: 201.0ms (200.0ms/201.0ms)
[2026-01-16T08:24:20.487+0000][gc,phases   ] GC(111)   Pre Evacuate Collection Set: 34.2ms
[2026-01-16T08:24:20.490+0000][gc,phases   ] GC(111)   Merge Heap Roots: 1.6ms
[2026-01-16T08:24:20.492+0000][gc,phases   ] GC(111)   Evacuate Collection Set: 188.9ms
[2026-01-16T08:24:20.493+0000][gc,phases   ] GC(111)   Post Evacuate Collection Set: 18.8ms
[2026-01-16T08:24:20.493+0000][gc,phases   ] GC(111)   Other: 13.0ms
[2026-01-16T08:24:20.494+0000][gc,heap     ] GC(111) Eden regions: 47->0(46)
[2026-01-16T08:24:20.499+0000][gc,heap     ] GC(111) Survivor regions: 4->5(7)
[2026-01-16T08:24:20.500+0000][gc,heap     ] GC(111) Old regions: 52->52
[2026-01-16T08:24:20.500+0000][gc,heap     ] GC(111) Humongous regions: 45->45
[2026-01-16T08:24:20.500+0000][gc,metaspace] GC(111) Metaspace: 10795K(11200K)->10795K(11200K) NonClass: 9749K(9920K)->9749K(9920K) Class: 1045K(1280K)->1045K(1280K)
[2026-01-16T08:24:20.500+0000][gc          ] GC(111) Pause Young (Normal) (G1 Evacuation Pause) 147M->100M(1024M) 273.783ms
[2026-01-16T08:24:20.501+0000][gc,cpu      ] GC(111) User=0.09s Sys=0.00s Real=0.27s
[2026-01-16T08:24:24.256+0000][gc,start    ] GC(112) Pause Young (Normal) (G1 Evacuation Pause)
[2026-01-16T08:24:24.261+0000][gc,task     ] GC(112) Using 8 workers of 8 for evacuation
[2026-01-16T08:24:24.978+0000][gc,mmu      ] GC(112) MMU target violated: 201.0ms (200.0ms/201.0ms)
[2026-01-16T08:24:24.981+0000][gc,phases   ] GC(112)   Pre Evacuate Collection Set: 71.7ms
[2026-01-16T08:24:24.981+0000][gc,phases   ] GC(112)   Merge Heap Roots: 0.8ms
[2026-01-16T08:24:24.981+0000][gc,phases   ] GC(112)   Evacuate Collection Set: 536.3ms
[2026-01-16T08:24:24.981+0000][gc,phases   ] GC(112)   Post Evacuate Collection Set: 108.2ms
[2026-01-16T08:24:24.981+0000][gc,phases   ] GC(112)   Other: 3.1ms
[2026-01-16T08:24:24.985+0000][gc,heap     ] GC(112) Eden regions: 46->0(49)
[2026-01-16T08:24:24.985+0000][gc,heap     ] GC(112) Survivor regions: 5->2(7)
[2026-01-16T08:24:24.985+0000][gc,heap     ] GC(112) Old regions: 52->52
[2026-01-16T08:24:24.985+0000][gc,heap     ] GC(112) Humongous regions: 45->45
[2026-01-16T08:24:24.986+0000][gc,metaspace] GC(112) Metaspace: 10800K(11200K)->10800K(11200K) NonClass: 9755K(9920K)->9755K(9920K) Class: 1045K(1280K)->1045K(1280K)
[2026-01-16T08:24:24.988+0000][gc          ] GC(112) Pause Young (Normal) (G1 Evacuation Pause) 146M->98M(1024M) 732.062ms
[2026-01-16T08:24:24.988+0000][gc,cpu      ] GC(112) User=0.29s Sys=0.06s Real=0.74s
[2026-01-16T08:24:31.391+0000][gc,start    ] GC(113) Pause Young (Normal) (G1 Evacuation Pause)
[2026-01-16T08:24:31.399+0000][gc,task     ] GC(113) Using 8 workers of 8 for evacuation
[2026-01-16T08:24:31.553+0000][gc,phases   ] GC(113)   Pre Evacuate Collection Set: 12.1ms
[2026-01-16T08:24:31.557+0000][gc,phases   ] GC(113)   Merge Heap Roots: 3.0ms
[2026-01-16T08:24:31.561+0000][gc,phases   ] GC(113)   Evacuate Collection Set: 126.1ms
[2026-01-16T08:24:31.574+0000][gc,phases   ] GC(113)   Post Evacuate Collection Set: 11.9ms
[2026-01-16T08:24:31.575+0000][gc,phases   ] GC(113)   Other: 1.4ms
[2026-01-16T08:24:31.576+0000][gc,heap     ] GC(113) Eden regions: 49->0(50)
[2026-01-16T08:24:31.576+0000][gc,heap     ] GC(113) Survivor regions: 2->1(7)
[2026-01-16T08:24:31.577+0000][gc,heap     ] GC(113) Old regions: 52->52
[2026-01-16T08:24:31.578+0000][gc,heap     ] GC(113) Humongous regions: 45->45
[2026-01-16T08:24:31.580+0000][gc,metaspace] GC(113) Metaspace: 10815K(11200K)->10815K(11200K) NonClass: 9769K(9920K)->9769K(9920K) Class: 1045K(1280K)->1045K(1280K)
[2026-01-16T08:24:31.581+0000][gc          ] GC(113) Pause Young (Normal) (G1 Evacuation Pause) 147M->97M(1024M) 189.843ms
[2026-01-16T08:24:31.585+0000][gc,cpu      ] GC(113) User=0.16s Sys=0.01s Real=0.20s
[2026-01-16T08:24:35.378+0000][gc,start    ] GC(114) Pause Young (Normal) (G1 Evacuation Pause)
[2026-01-16T08:24:35.383+0000][gc,task     ] GC(114) Using 8 workers of 8 for evacuation
[2026-01-16T08:24:35.753+0000][gc,mmu      ] GC(114) MMU target violated: 201.0ms (200.0ms/201.0ms)
[2026-01-16T08:24:35.754+0000][gc,phases   ] GC(114)   Pre Evacuate Collection Set: 24.4ms
[2026-01-16T08:24:35.754+0000][gc,phases   ] GC(114)   Merge Heap Roots: 0.6ms
[2026-01-16T08:24:35.755+0000][gc,phases   ] GC(114)   Evacuate Collection Set: 331.1ms
[2026-01-16T08:24:35.756+0000][gc,phases   ] GC(114)   Post Evacuate Collection Set: 8.6ms
[2026-01-16T08:24:35.756+0000][gc,phases   ] GC(114)   Other: 5.7ms
[2026-01-16T08:24:35.757+0000][gc,heap     ] GC(114) Eden regions: 50->0(49)
[2026-01-16T08:24:35.757+0000][gc,heap     ] GC(114) Survivor regions: 1->2(7)
[2026-01-16T08:24:35.758+0000][gc,heap     ] GC(114) Old regions: 52->52
[2026-01-16T08:24:35.758+0000][gc,heap     ] GC(114) Humongous regions: 45->45
[2026-01-16T08:24:35.759+0000][gc,metaspace] GC(114) Metaspace: 10823K(11264K)->10823K(11264K) NonClass: 9776K(9984K)->9776K(9984K) Class: 1047K(1280K)->1047K(1280K)
[2026-01-16T08:24:35.760+0000][gc          ] GC(114) Pause Young (Normal) (G1 Evacuation Pause) 147M->98M(1024M) 382.176ms
[2026-01-16T08:24:35.761+0000][gc,cpu      ] GC(114) User=0.20s Sys=0.02s Real=0.38s
[2026-01-16T08:24:38.697+0000][gc,start    ] GC(115) Pause Young (Normal) (G1 Evacuation Pause)
[2026-01-16T08:24:38.699+0000][gc,task     ] GC(115) Using 8 workers of 8 for evacuation
[2026-01-16T08:24:39.201+0000][gc,mmu      ] GC(115) MMU target violated: 201.0ms (200.0ms/201.0ms)
[2026-01-16T08:24:39.205+0000][gc,phases   ] GC(115)   Pre Evacuate Collection Set: 55.0ms
[2026-01-16T08:24:39.206+0000][gc,phases   ] GC(115)   Merge Heap Roots: 12.6ms
[2026-01-16T08:24:39.208+0000][gc,phases   ] GC(115)   Evacuate Collection Set: 413.0ms
[2026-01-16T08:24:39.209+0000][gc,phases   ] GC(115)   Post Evacuate Collection Set: 20.2ms
[2026-01-16T08:24:39.212+0000][gc,phases   ] GC(115)   Other: 5.1ms
[2026-01-16T08:24:39.213+0000][gc,heap     ] GC(115) Eden regions: 49->0(49)
[2026-01-16T08:24:39.213+0000][gc,heap     ] GC(115) Survivor regions: 2->2(7)
[2026-01-16T08:24:39.219+0000][gc,heap     ] GC(115) Old regions: 52->52
[2026-01-16T08:24:39.220+0000][gc,heap     ] GC(115) Humongous regions: 54->54
[2026-01-16T08:24:39.220+0000][gc,metaspace] GC(115) Metaspace: 10856K(11264K)->10856K(11264K) NonClass: 9809K(9984K)->9809K(9984K) Class: 1047K(1280K)->1047K(1280K)
[2026-01-16T08:24:39.221+0000][gc          ] GC(115) Pause Young (Normal) (G1 Evacuation Pause) 156M->107M(1024M) 523.681ms
[2026-01-16T08:24:39.225+0000][gc,cpu      ] GC(115) User=0.16s Sys=0.01s Real=0.52s
[2026-01-16T08:24:46.552+0000][gc,start    ] GC(116) Pause Young (Normal) (G1 Evacuation Pause)
[2026-01-16T08:24:46.555+0000][gc,task     ] GC(116) Using 8 workers of 8 for evacuation
[2026-01-16T08:24:47.331+0000][gc,mmu      ] GC(116) MMU target violated: 201.0ms (200.0ms/201.0ms)
[2026-01-16T08:24:47.334+0000][gc,phases   ] GC(116)   Pre Evacuate Collection Set: 57.2ms
[2026-01-16T08:24:47.336+0000][gc,phases   ] GC(116)   Merge Heap Roots: 0.3ms
[2026-01-16T08:24:47.338+0000][gc,phases   ] GC(116)   Evacuate Collection Set: 684.8ms
[2026-01-16T08:24:47.338+0000][gc,phases   ] GC(116)   Post Evacuate Collection Set: 31.1ms
[2026-01-16T08:24:47.343+0000][gc,phases   ] GC(116)   Other: 5.1ms
[2026-01-16T08:24:47.343+0000][gc,heap     ] GC(116) Eden regions: 49->0(49)
[2026-01-16T08:24:47.345+0000][gc,heap     ] GC(116) Survivor regions: 2->2(7)
[2026-01-16T08:24:47.346+0000][gc,heap     ] GC(116) Old regions: 52->52
[2026-01-16T08:24:47.346+0000][gc,heap     ] GC(116) Humongous regions: 54->54
[2026-01-16T08:24:47.347+0000][gc,metaspace] GC(116) Metaspace: 10908K(11328K)->10908K(11328K) NonClass: 9860K(10048K)->9860K(10048K) Class: 1048K(1280K)->1048K(1280K)
[2026-01-16T08:24:47.350+0000][gc          ] GC(116) Pause Young (Normal) (G1 Evacuation Pause) 156M->107M(1024M) 797.709ms
[2026-01-16T08:24:47.352+0000][gc,cpu      ] GC(116) User=0.27s Sys=0.02s Real=0.80s
[2026-01-16T08:24:56.483+0000][gc,start    ] GC(117) Pause Young (Normal) (G1 Evacuation Pause)
[2026-01-16T08:24:56.485+0000][gc,task     ] GC(117) Using 8 workers of 8 for evacuation
[2026-01-16T08:24:57.253+0000][gc,mmu      ] GC(117) MMU target violated: 201.0ms (200.0ms/201.0ms)
[2026-01-16T08:24:57.254+0000][gc,phases   ] GC(117)   Pre Evacuate Collection Set: 89.6ms
[2026-01-16T08:24:57.260+0000][gc,phases   ] GC(117)   Merge Heap Roots: 5.8ms
[2026-01-16T08:24:57.263+0000][gc,phases   ] GC(117)   Evacuate Collection Set: 566.9ms
[2026-01-16T08:24:57.274+0000][gc,phases   ] GC(117)   Post Evacuate Collection Set: 94.5ms
[2026-01-16T08:24:57.276+0000][gc,phases   ] GC(117)   Other: 12.5ms
[2026-01-16T08:24:57.281+0000][gc,heap     ] GC(117) Eden regions: 49->0(48)
[2026-01-16T08:24:57.287+0000][gc,heap     ] GC(117) Survivor regions: 2->3(7)
[2026-01-16T08:24:57.292+0000][gc,heap     ] GC(117) Old regions: 52->52
[2026-01-16T08:24:57.294+0000][gc,heap     ] GC(117) Humongous regions: 54->54
[2026-01-16T08:24:57.294+0000][gc,metaspace] GC(117) Metaspace: 10918K(11328K)->10918K(11328K) NonClass: 9870K(10048K)->9870K(10048K) Class: 1048K(1280K)->1048K(1280K)
[2026-01-16T08:24:57.294+0000][gc          ] GC(117) Pause Young (Normal) (G1 Evacuation Pause) 156M->108M(1024M) 811.037ms
[2026-01-16T08:24:57.296+0000][gc,cpu      ] GC(117) User=0.34s Sys=0.04s Real=0.81s
[2026-01-16T08:25:00.470+0000][gc,start    ] GC(118) Pause Young (Normal) (G1 Evacuation Pause)
[2026-01-16T08:25:00.472+0000][gc,task     ] GC(118) Using 8 workers of 8 for evacuation
[2026-01-16T08:25:00.750+0000][gc,mmu      ] GC(118) MMU target violated: 201.0ms (200.0ms/201.0ms)
[2026-01-16T08:25:00.755+0000][gc,phases   ] GC(118)   Pre Evacuate Collection Set: 14.4ms
[2026-01-16T08:25:00.756+0000][gc,phases   ] GC(118)   Merge Heap Roots: 2.5ms
[2026-01-16T08:25:00.758+0000][gc,phases   ] GC(118)   Evacuate Collection Set: 250.3ms
[2026-01-16T08:25:00.761+0000][gc,phases   ] GC(118)   Post Evacuate Collection Set: 9.6ms
[2026-01-16T08:25:00.766+0000][gc,phases   ] GC(118)   Other: 6.5ms
[2026-01-16T08:25:00.771+0000][gc,heap     ] GC(118) Eden regions: 48->0(48)
[2026-01-16T08:25:00.773+0000][gc,heap     ] GC(118) Survivor regions: 3->3(7)
[2026-01-16T08:25:00.773+0000][gc,heap     ] GC(118) Old regions: 52->52
[2026-01-16T08:25:00.773+0000][gc,heap     ] GC(118) Humongous regions: 54->54
[2026-01-16T08:25:00.773+0000][gc,metaspace] GC(118) Metaspace: 10921K(11328K)->10921K(11328K) NonClass: 9873K(10048K)->9873K(10048K) Class: 1048K(1280K)->1048K(1280K)
[2026-01-16T08:25:00.773+0000][gc          ] GC(118) Pause Young (Normal) (G1 Evacuation Pause) 156M->108M(1024M) 302.639ms
[2026-01-16T08:25:00.773+0000][gc,cpu      ] GC(118) User=0.14s Sys=0.02s Real=0.30s
[2026-01-16T08:25:07.822+0000][gc,start    ] GC(119) Pause Young (Normal) (G1 Evacuation Pause)
[2026-01-16T08:25:07.837+0000][gc,task     ] GC(119) Using 8 workers of 8 for evacuation
[2026-01-16T08:25:08.405+0000][gc,mmu      ] GC(119) MMU target violated: 201.0ms (200.0ms/201.0ms)
[2026-01-16T08:25:08.408+0000][gc,phases   ] GC(119)   Pre Evacuate Collection Set: 95.5ms
[2026-01-16T08:25:08.409+0000][gc,phases   ] GC(119)   Merge Heap Roots: 0.7ms
[2026-01-16T08:25:08.410+0000][gc,phases   ] GC(119)   Evacuate Collection Set: 443.8ms
[2026-01-16T08:25:08.411+0000][gc,phases   ] GC(119)   Post Evacuate Collection Set: 12.3ms
[2026-01-16T08:25:08.412+0000][gc,phases   ] GC(119)   Other: 19.6ms
[2026-01-16T08:25:08.413+0000][gc,heap     ] GC(119) Eden regions: 48->0(48)
[2026-01-16T08:25:08.414+0000][gc,heap     ] GC(119) Survivor regions: 3->3(7)
[2026-01-16T08:25:08.415+0000][gc,heap     ] GC(119) Old regions: 52->52
[2026-01-16T08:25:08.416+0000][gc,heap     ] GC(119) Humongous regions: 54->54
[2026-01-16T08:25:08.417+0000][gc,metaspace] GC(119) Metaspace: 10927K(11328K)->10927K(11328K) NonClass: 9879K(10048K)->9879K(10048K) Class: 1048K(1280K)->1048K(1280K)
[2026-01-16T08:25:08.419+0000][gc          ] GC(119) Pause Young (Normal) (G1 Evacuation Pause) 156M->107M(1024M) 596.496ms
[2026-01-16T08:25:08.421+0000][gc,cpu      ] GC(119) User=0.37s Sys=0.03s Real=0.60s
[2026-01-16T08:25:10.314+0000][gc,start    ] GC(120) Pause Young (Normal) (G1 Evacuation Pause)
[2026-01-16T08:25:10.316+0000][gc,task     ] GC(120) Using 8 workers of 8 for evacuation
[2026-01-16T08:25:10.572+0000][gc,mmu      ] GC(120) MMU target violated: 201.0ms (200.0ms/201.0ms)
[2026-01-16T08:25:10.573+0000][gc,phases   ] GC(120)   Pre Evacuate Collection Set: 11.5ms
[2026-01-16T08:25:10.576+0000][gc,phases   ] GC(120)   Merge Heap Roots: 2.0ms
[2026-01-16T08:25:10.576+0000][gc,phases   ] GC(120)   Evacuate Collection Set: 200.4ms
[2026-01-16T08:25:10.577+0000][gc,phases   ] GC(120)   Post Evacuate Collection Set: 39.7ms
[2026-01-16T08:25:10.578+0000][gc,phases   ] GC(120)   Other: 3.2ms
[2026-01-16T08:25:10.586+0000][gc,heap     ] GC(120) Eden regions: 48->0(48)
[2026-01-16T08:25:10.586+0000][gc,heap     ] GC(120) Survivor regions: 3->3(7)
[2026-01-16T08:25:10.586+0000][gc,heap     ] GC(120) Old regions: 52->52
[2026-01-16T08:25:10.586+0000][gc,heap     ] GC(120) Humongous regions: 54->54
[2026-01-16T08:25:10.587+0000][gc,metaspace] GC(120) Metaspace: 10939K(11328K)->10939K(11328K) NonClass: 9889K(10048K)->9889K(10048K) Class: 1049K(1280K)->1049K(1280K)
[2026-01-16T08:25:10.587+0000][gc          ] GC(120) Pause Young (Normal) (G1 Evacuation Pause) 155M->108M(1024M) 273.211ms
[2026-01-16T08:25:10.587+0000][gc,cpu      ] GC(120) User=0.14s Sys=0.01s Real=0.28s
[2026-01-16T08:25:12.037+0000][gc,start    ] GC(121) Pause Young (Normal) (G1 Evacuation Pause)
[2026-01-16T08:25:12.039+0000][gc,task     ] GC(121) Using 8 workers of 8 for evacuation
[2026-01-16T08:25:12.445+0000][gc,mmu      ] GC(121) MMU target violated: 201.0ms (200.0ms/201.0ms)
[2026-01-16T08:25:12.449+0000][gc,phases   ] GC(121)   Pre Evacuate Collection Set: 15.6ms
[2026-01-16T08:25:12.457+0000][gc,phases   ] GC(121)   Merge Heap Roots: 2.3ms
[2026-01-16T08:25:12.457+0000][gc,phases   ] GC(121)   Evacuate Collection Set: 281.7ms
[2026-01-16T08:25:12.457+0000][gc,phases   ] GC(121)   Post Evacuate Collection Set: 105.4ms
[2026-01-16T08:25:12.457+0000][gc,phases   ] GC(121)   Other: 4.8ms
[2026-01-16T08:25:12.459+0000][gc,heap     ] GC(121) Eden regions: 48->0(47)
[2026-01-16T08:25:12.459+0000][gc,heap     ] GC(121) Survivor regions: 3->4(7)
[2026-01-16T08:25:12.459+0000][gc,heap     ] GC(121) Old regions: 52->52
[2026-01-16T08:25:12.459+0000][gc,heap     ] GC(121) Humongous regions: 54->54
[2026-01-16T08:25:12.459+0000][gc,metaspace] GC(121) Metaspace: 10945K(11328K)->10945K(11328K) NonClass: 9896K(10048K)->9896K(10048K) Class: 1049K(1280K)->1049K(1280K)
[2026-01-16T08:25:12.462+0000][gc          ] GC(121) Pause Young (Normal) (G1 Evacuation Pause) 156M->109M(1024M) 425.301ms
[2026-01-16T08:25:12.486+0000][gc,cpu      ] GC(121) User=0.18s Sys=0.02s Real=0.45s
[2026-01-16T08:25:14.569+0000][gc,start    ] GC(122) Pause Young (Normal) (G1 Evacuation Pause)
[2026-01-16T08:25:14.571+0000][gc,task     ] GC(122) Using 8 workers of 8 for evacuation
[2026-01-16T08:25:14.925+0000][gc,mmu      ] GC(122) MMU target violated: 201.0ms (200.0ms/201.0ms)
[2026-01-16T08:25:14.928+0000][gc,phases   ] GC(122)   Pre Evacuate Collection Set: 43.4ms
[2026-01-16T08:25:14.928+0000][gc,phases   ] GC(122)   Merge Heap Roots: 0.8ms
[2026-01-16T08:25:14.928+0000][gc,phases   ] GC(122)   Evacuate Collection Set: 291.9ms
[2026-01-16T08:25:14.928+0000][gc,phases   ] GC(122)   Post Evacuate Collection Set: 17.0ms
[2026-01-16T08:25:14.928+0000][gc,phases   ] GC(122)   Other: 3.7ms
[2026-01-16T08:25:14.930+0000][gc,heap     ] GC(122) Eden regions: 47->0(48)
[2026-01-16T08:25:14.934+0000][gc,heap     ] GC(122) Survivor regions: 4->3(7)
[2026-01-16T08:25:14.935+0000][gc,heap     ] GC(122) Old regions: 52->52
[2026-01-16T08:25:14.935+0000][gc,heap     ] GC(122) Humongous regions: 54->54
[2026-01-16T08:25:14.935+0000][gc,metaspace] GC(122) Metaspace: 10949K(11328K)->10949K(11328K) NonClass: 9900K(10048K)->9900K(10048K) Class: 1049K(1280K)->1049K(1280K)
[2026-01-16T08:25:14.936+0000][gc          ] GC(122) Pause Young (Normal) (G1 Evacuation Pause) 156M->108M(1024M) 367.656ms
[2026-01-16T08:25:14.940+0000][gc,cpu      ] GC(122) User=0.19s Sys=0.02s Real=0.37s
[2026-01-16T08:25:15.787+0000][gc,start    ] GC(123) Pause Young (Normal) (G1 Evacuation Pause)
[2026-01-16T08:25:15.788+0000][gc,task     ] GC(123) Using 8 workers of 8 for evacuation
[2026-01-16T08:25:15.990+0000][gc,mmu      ] GC(123) MMU target violated: 200.1ms (200.0ms/201.0ms)
[2026-01-16T08:25:15.991+0000][gc,phases   ] GC(123)   Pre Evacuate Collection Set: 2.0ms
[2026-01-16T08:25:15.991+0000][gc,phases   ] GC(123)   Merge Heap Roots: 0.1ms
[2026-01-16T08:25:15.991+0000][gc,phases   ] GC(123)   Evacuate Collection Set: 196.2ms
[2026-01-16T08:25:15.992+0000][gc,phases   ] GC(123)   Post Evacuate Collection Set: 1.2ms
[2026-01-16T08:25:15.992+0000][gc,phases   ] GC(123)   Other: 3.0ms
[2026-01-16T08:25:15.992+0000][gc,heap     ] GC(123) Eden regions: 48->0(48)
[2026-01-16T08:25:15.997+0000][gc,heap     ] GC(123) Survivor regions: 3->3(7)
[2026-01-16T08:25:15.997+0000][gc,heap     ] GC(123) Old regions: 52->53
[2026-01-16T08:25:15.998+0000][gc,heap     ] GC(123) Humongous regions: 54->54
[2026-01-16T08:25:15.998+0000][gc,metaspace] GC(123) Metaspace: 10949K(11328K)->10949K(11328K) NonClass: 9900K(10048K)->9900K(10048K) Class: 1049K(1280K)->1049K(1280K)
[2026-01-16T08:25:15.999+0000][gc          ] GC(123) Pause Young (Normal) (G1 Evacuation Pause) 156M->108M(1024M) 211.369ms
[2026-01-16T08:25:16.000+0000][gc,cpu      ] GC(123) User=0.09s Sys=0.01s Real=0.21s
[2026-01-16T08:25:17.057+0000][gc,start    ] GC(124) Pause Young (Normal) (G1 Evacuation Pause)
[2026-01-16T08:25:17.057+0000][gc,task     ] GC(124) Using 8 workers of 8 for evacuation
[2026-01-16T08:25:17.252+0000][gc,phases   ] GC(124)   Pre Evacuate Collection Set: 13.9ms
[2026-01-16T08:25:17.252+0000][gc,phases   ] GC(124)   Merge Heap Roots: 4.0ms
[2026-01-16T08:25:17.253+0000][gc,phases   ] GC(124)   Evacuate Collection Set: 136.9ms
[2026-01-16T08:25:17.253+0000][gc,phases   ] GC(124)   Post Evacuate Collection Set: 40.1ms
[2026-01-16T08:25:17.253+0000][gc,phases   ] GC(124)   Other: 0.5ms
[2026-01-16T08:25:17.253+0000][gc,heap     ] GC(124) Eden regions: 48->0(48)
[2026-01-16T08:25:17.253+0000][gc,heap     ] GC(124) Survivor regions: 3->3(7)
[2026-01-16T08:25:17.253+0000][gc,heap     ] GC(124) Old regions: 53->53
[2026-01-16T08:25:17.253+0000][gc,heap     ] GC(124) Humongous regions: 54->54
[2026-01-16T08:25:17.255+0000][gc,metaspace] GC(124) Metaspace: 10950K(11328K)->10950K(11328K) NonClass: 9901K(10048K)->9901K(10048K) Class: 1049K(1280K)->1049K(1280K)
[2026-01-16T08:25:17.256+0000][gc          ] GC(124) Pause Young (Normal) (G1 Evacuation Pause) 156M->108M(1024M) 198.963ms
[2026-01-16T08:25:17.256+0000][gc,cpu      ] GC(124) User=0.15s Sys=0.01s Real=0.20s
[2026-01-16T08:25:24.626+0000][gc,start    ] GC(125) Pause Young (Normal) (G1 Evacuation Pause)
[2026-01-16T08:25:24.629+0000][gc,task     ] GC(125) Using 8 workers of 8 for evacuation
[2026-01-16T08:25:24.977+0000][gc,mmu      ] GC(125) MMU target violated: 201.0ms (200.0ms/201.0ms)
[2026-01-16T08:25:24.981+0000][gc,phases   ] GC(125)   Pre Evacuate Collection Set: 34.9ms
[2026-01-16T08:25:24.982+0000][gc,phases   ] GC(125)   Merge Heap Roots: 2.0ms
[2026-01-16T08:25:24.982+0000][gc,phases   ] GC(125)   Evacuate Collection Set: 289.3ms
[2026-01-16T08:25:24.983+0000][gc,phases   ] GC(125)   Post Evacuate Collection Set: 16.7ms
[2026-01-16T08:25:24.985+0000][gc,phases   ] GC(125)   Other: 9.1ms
[2026-01-16T08:25:24.987+0000][gc,heap     ] GC(125) Eden regions: 48->0(49)
[2026-01-16T08:25:24.988+0000][gc,heap     ] GC(125) Survivor regions: 3->2(7)
[2026-01-16T08:25:24.988+0000][gc,heap     ] GC(125) Old regions: 53->53
[2026-01-16T08:25:24.990+0000][gc,heap     ] GC(125) Humongous regions: 54->54
[2026-01-16T08:25:24.993+0000][gc,metaspace] GC(125) Metaspace: 10951K(11328K)->10951K(11328K) NonClass: 9902K(10048K)->9902K(10048K) Class: 1049K(1280K)->1049K(1280K)
[2026-01-16T08:25:24.996+0000][gc          ] GC(125) Pause Young (Normal) (G1 Evacuation Pause) 156M->107M(1024M) 369.497ms
[2026-01-16T08:25:24.998+0000][gc,cpu      ] GC(125) User=0.14s Sys=0.01s Real=0.37s
[2026-01-16T08:25:31.325+0000][gc,start    ] GC(126) Pause Young (Normal) (G1 Evacuation Pause)
[2026-01-16T08:25:31.336+0000][gc,task     ] GC(126) Using 8 workers of 8 for evacuation
[2026-01-16T08:25:31.855+0000][gc,mmu      ] GC(126) MMU target violated: 201.0ms (200.0ms/201.0ms)
[2026-01-16T08:25:31.885+0000][gc,phases   ] GC(126)   Pre Evacuate Collection Set: 40.2ms
[2026-01-16T08:25:31.886+0000][gc,phases   ] GC(126)   Merge Heap Roots: 9.4ms
[2026-01-16T08:25:31.886+0000][gc,phases   ] GC(126)   Evacuate Collection Set: 464.7ms
[2026-01-16T08:25:31.886+0000][gc,phases   ] GC(126)   Post Evacuate Collection Set: 5.9ms
[2026-01-16T08:25:31.886+0000][gc,phases   ] GC(126)   Other: 43.2ms
[2026-01-16T08:25:31.888+0000][gc,heap     ] GC(126) Eden regions: 49->0(49)
[2026-01-16T08:25:31.888+0000][gc,heap     ] GC(126) Survivor regions: 2->2(7)
[2026-01-16T08:25:31.888+0000][gc,heap     ] GC(126) Old regions: 53->53
[2026-01-16T08:25:31.889+0000][gc,heap     ] GC(126) Humongous regions: 54->54
[2026-01-16T08:25:31.890+0000][gc,metaspace] GC(126) Metaspace: 10995K(11328K)->10995K(11328K) NonClass: 9946K(10048K)->9946K(10048K) Class: 1049K(1280K)->1049K(1280K)
[2026-01-16T08:25:31.891+0000][gc          ] GC(126) Pause Young (Normal) (G1 Evacuation Pause) 156M->107M(1024M) 572.600ms
[2026-01-16T08:25:31.892+0000][gc,cpu      ] GC(126) User=0.25s Sys=0.02s Real=0.57s
[2026-01-16T08:25:36.130+0000][gc,start    ] GC(127) Pause Young (Normal) (G1 Evacuation Pause)
[2026-01-16T08:25:36.132+0000][gc,task     ] GC(127) Using 8 workers of 8 for evacuation
[2026-01-16T08:25:36.437+0000][gc,mmu      ] GC(127) MMU target violated: 201.0ms (200.0ms/201.0ms)
[2026-01-16T08:25:36.438+0000][gc,phases   ] GC(127)   Pre Evacuate Collection Set: 20.2ms
[2026-01-16T08:25:36.438+0000][gc,phases   ] GC(127)   Merge Heap Roots: 3.8ms
[2026-01-16T08:25:36.439+0000][gc,phases   ] GC(127)   Evacuate Collection Set: 259.1ms
[2026-01-16T08:25:36.440+0000][gc,phases   ] GC(127)   Post Evacuate Collection Set: 19.5ms
[2026-01-16T08:25:36.441+0000][gc,phases   ] GC(127)   Other: 3.5ms
[2026-01-16T08:25:36.442+0000][gc,heap     ] GC(127) Eden regions: 49->0(49)
[2026-01-16T08:25:36.443+0000][gc,heap     ] GC(127) Survivor regions: 2->2(7)
[2026-01-16T08:25:36.443+0000][gc,heap     ] GC(127) Old regions: 53->53
[2026-01-16T08:25:36.455+0000][gc,heap     ] GC(127) Humongous regions: 54->54
[2026-01-16T08:25:36.460+0000][gc,metaspace] GC(127) Metaspace: 10998K(11328K)->10998K(11328K) NonClass: 9949K(10048K)->9949K(10048K) Class: 1049K(1280K)->1049K(1280K)
[2026-01-16T08:25:36.461+0000][gc          ] GC(127) Pause Young (Normal) (G1 Evacuation Pause) 156M->107M(1024M) 330.879ms
[2026-01-16T08:25:36.461+0000][gc,cpu      ] GC(127) User=0.17s Sys=0.02s Real=0.33s
[2026-01-16T08:25:40.331+0000][gc,start    ] GC(128) Pause Young (Normal) (G1 Evacuation Pause)
[2026-01-16T08:25:40.332+0000][gc,task     ] GC(128) Using 8 workers of 8 for evacuation
[2026-01-16T08:25:40.714+0000][gc,mmu      ] GC(128) MMU target violated: 201.0ms (200.0ms/201.0ms)
[2026-01-16T08:25:40.715+0000][gc,phases   ] GC(128)   Pre Evacuate Collection Set: 31.8ms
[2026-01-16T08:25:40.716+0000][gc,phases   ] GC(128)   Merge Heap Roots: 2.9ms
[2026-01-16T08:25:40.717+0000][gc,phases   ] GC(128)   Evacuate Collection Set: 304.9ms
[2026-01-16T08:25:40.718+0000][gc,phases   ] GC(128)   Post Evacuate Collection Set: 31.0ms
[2026-01-16T08:25:40.720+0000][gc,phases   ] GC(128)   Other: 13.1ms
[2026-01-16T08:25:40.721+0000][gc,heap     ] GC(128) Eden regions: 49->0(49)
[2026-01-16T08:25:40.721+0000][gc,heap     ] GC(128) Survivor regions: 2->2(7)
[2026-01-16T08:25:40.724+0000][gc,heap     ] GC(128) Old regions: 53->53
[2026-01-16T08:25:40.724+0000][gc,heap     ] GC(128) Humongous regions: 54->54
[2026-01-16T08:25:40.725+0000][gc,metaspace] GC(128) Metaspace: 11008K(11456K)->11008K(11456K) NonClass: 9958K(10176K)->9958K(10176K) Class: 1049K(1280K)->1049K(1280K)
[2026-01-16T08:25:40.725+0000][gc          ] GC(128) Pause Young (Normal) (G1 Evacuation Pause) 156M->107M(1024M) 394.179ms
[2026-01-16T08:25:40.726+0000][gc,cpu      ] GC(128) User=0.20s Sys=0.02s Real=0.39s
[2026-01-16T08:25:42.977+0000][gc,start    ] GC(129) Pause Young (Normal) (G1 Evacuation Pause)
[2026-01-16T08:25:42.980+0000][gc,task     ] GC(129) Using 8 workers of 8 for evacuation
[2026-01-16T08:25:43.085+0000][gc,phases   ] GC(129)   Pre Evacuate Collection Set: 29.2ms
[2026-01-16T08:25:43.086+0000][gc,phases   ] GC(129)   Merge Heap Roots: 0.6ms
[2026-01-16T08:25:43.086+0000][gc,phases   ] GC(129)   Evacuate Collection Set: 70.7ms
[2026-01-16T08:25:43.086+0000][gc,phases   ] GC(129)   Post Evacuate Collection Set: 3.1ms
[2026-01-16T08:25:43.086+0000][gc,phases   ] GC(129)   Other: 2.9ms
[2026-01-16T08:25:43.086+0000][gc,heap     ] GC(129) Eden regions: 49->0(49)
[2026-01-16T08:25:43.086+0000][gc,heap     ] GC(129) Survivor regions: 2->2(7)
[2026-01-16T08:25:43.086+0000][gc,heap     ] GC(129) Old regions: 53->53
[2026-01-16T08:25:43.086+0000][gc,heap     ] GC(129) Humongous regions: 54->54
[2026-01-16T08:25:43.086+0000][gc,metaspace] GC(129) Metaspace: 11016K(11456K)->11016K(11456K) NonClass: 9966K(10176K)->9966K(10176K) Class: 1049K(1280K)->1049K(1280K)
[2026-01-16T08:25:43.086+0000][gc          ] GC(129) Pause Young (Normal) (G1 Evacuation Pause) 156M->107M(1024M) 108.567ms
[2026-01-16T08:25:43.086+0000][gc,cpu      ] GC(129) User=0.07s Sys=0.00s Real=0.11s
[2026-01-16T08:25:44.973+0000][gc,start    ] GC(130) Pause Young (Normal) (G1 Evacuation Pause)
[2026-01-16T08:25:44.973+0000][gc,task     ] GC(130) Using 8 workers of 8 for evacuation
[2026-01-16T08:25:45.164+0000][gc,phases   ] GC(130)   Pre Evacuate Collection Set: 9.3ms
[2026-01-16T08:25:45.180+0000][gc,phases   ] GC(130)   Merge Heap Roots: 0.5ms
[2026-01-16T08:25:45.180+0000][gc,phases   ] GC(130)   Evacuate Collection Set: 171.9ms
[2026-01-16T08:25:45.184+0000][gc,phases   ] GC(130)   Post Evacuate Collection Set: 8.1ms
[2026-01-16T08:25:45.185+0000][gc,phases   ] GC(130)   Other: 0.7ms
[2026-01-16T08:25:45.187+0000][gc,heap     ] GC(130) Eden regions: 49->0(49)
[2026-01-16T08:25:45.205+0000][gc,heap     ] GC(130) Survivor regions: 2->2(7)
[2026-01-16T08:25:45.205+0000][gc,heap     ] GC(130) Old regions: 53->53
[2026-01-16T08:25:45.206+0000][gc,heap     ] GC(130) Humongous regions: 54->54
[2026-01-16T08:25:45.206+0000][gc,metaspace] GC(130) Metaspace: 11019K(11456K)->11019K(11456K) NonClass: 9969K(10176K)->9969K(10176K) Class: 1049K(1280K)->1049K(1280K)
[2026-01-16T08:25:45.207+0000][gc          ] GC(130) Pause Young (Normal) (G1 Evacuation Pause) 156M->107M(1024M) 234.489ms
[2026-01-16T08:25:45.208+0000][gc,cpu      ] GC(130) User=0.08s Sys=0.01s Real=0.23s
[2026-01-16T08:25:46.866+0000][gc,start    ] GC(131) Pause Young (Normal) (G1 Evacuation Pause)
[2026-01-16T08:25:46.867+0000][gc,task     ] GC(131) Using 8 workers of 8 for evacuation
[2026-01-16T08:25:46.968+0000][gc,phases   ] GC(131)   Pre Evacuate Collection Set: 25.8ms
[2026-01-16T08:25:46.968+0000][gc,phases   ] GC(131)   Merge Heap Roots: 1.6ms
[2026-01-16T08:25:46.969+0000][gc,phases   ] GC(131)   Evacuate Collection Set: 70.8ms
[2026-01-16T08:25:46.970+0000][gc,phases   ] GC(131)   Post Evacuate Collection Set: 1.3ms
[2026-01-16T08:25:46.971+0000][gc,phases   ] GC(131)   Other: 1.6ms
[2026-01-16T08:25:46.972+0000][gc,heap     ] GC(131) Eden regions: 49->0(50)
[2026-01-16T08:25:46.973+0000][gc,heap     ] GC(131) Survivor regions: 2->1(7)
[2026-01-16T08:25:46.973+0000][gc,heap     ] GC(131) Old regions: 53->53
[2026-01-16T08:25:46.976+0000][gc,heap     ] GC(131) Humongous regions: 54->54
[2026-01-16T08:25:46.979+0000][gc,metaspace] GC(131) Metaspace: 11019K(11456K)->11019K(11456K) NonClass: 9969K(10176K)->9969K(10176K) Class: 1049K(1280K)->1049K(1280K)
[2026-01-16T08:25:46.981+0000][gc          ] GC(131) Pause Young (Normal) (G1 Evacuation Pause) 156M->107M(1024M) 114.957ms
[2026-01-16T08:25:46.982+0000][gc,cpu      ] GC(131) User=0.06s Sys=0.00s Real=0.12s
[2026-01-16T08:25:49.179+0000][gc,start    ] GC(132) Pause Young (Normal) (G1 Evacuation Pause)
[2026-01-16T08:25:49.187+0000][gc,task     ] GC(132) Using 8 workers of 8 for evacuation
[2026-01-16T08:25:49.466+0000][gc,mmu      ] GC(132) MMU target violated: 201.0ms (200.0ms/201.0ms)
[2026-01-16T08:25:49.466+0000][gc,phases   ] GC(132)   Pre Evacuate Collection Set: 16.6ms
[2026-01-16T08:25:49.468+0000][gc,phases   ] GC(132)   Merge Heap Roots: 1.8ms
[2026-01-16T08:25:49.469+0000][gc,phases   ] GC(132)   Evacuate Collection Set: 245.2ms
[2026-01-16T08:25:49.469+0000][gc,phases   ] GC(132)   Post Evacuate Collection Set: 7.4ms
[2026-01-16T08:25:49.469+0000][gc,phases   ] GC(132)   Other: 8.6ms
[2026-01-16T08:25:49.469+0000][gc,heap     ] GC(132) Eden regions: 50->0(49)
[2026-01-16T08:25:49.469+0000][gc,heap     ] GC(132) Survivor regions: 1->2(7)
[2026-01-16T08:25:49.470+0000][gc,heap     ] GC(132) Old regions: 53->53
[2026-01-16T08:25:49.470+0000][gc,heap     ] GC(132) Humongous regions: 54->54
[2026-01-16T08:25:49.470+0000][gc,metaspace] GC(132) Metaspace: 11019K(11456K)->11019K(11456K) NonClass: 9969K(10176K)->9969K(10176K) Class: 1049K(1280K)->1049K(1280K)
[2026-01-16T08:25:49.470+0000][gc          ] GC(132) Pause Young (Normal) (G1 Evacuation Pause) 157M->107M(1024M) 291.354ms
[2026-01-16T08:25:49.471+0000][gc,cpu      ] GC(132) User=0.10s Sys=0.02s Real=0.30s
[2026-01-16T08:25:54.330+0000][gc,start    ] GC(133) Pause Young (Normal) (G1 Evacuation Pause)
[2026-01-16T08:25:54.338+0000][gc,task     ] GC(133) Using 8 workers of 8 for evacuation
[2026-01-16T08:25:54.583+0000][gc,mmu      ] GC(133) MMU target violated: 201.0ms (200.0ms/201.0ms)
[2026-01-16T08:25:54.610+0000][gc,phases   ] GC(133)   Pre Evacuate Collection Set: 36.2ms
[2026-01-16T08:25:54.614+0000][gc,phases   ] GC(133)   Merge Heap Roots: 4.4ms
[2026-01-16T08:25:54.618+0000][gc,phases   ] GC(133)   Evacuate Collection Set: 173.1ms
[2026-01-16T08:25:54.618+0000][gc,phases   ] GC(133)   Post Evacuate Collection Set: 25.1ms
[2026-01-16T08:25:54.618+0000][gc,phases   ] GC(133)   Other: 36.4ms
[2026-01-16T08:25:54.618+0000][gc,heap     ] GC(133) Eden regions: 49->0(50)
[2026-01-16T08:25:54.620+0000][gc,heap     ] GC(133) Survivor regions: 2->1(7)
[2026-01-16T08:25:54.620+0000][gc,heap     ] GC(133) Old regions: 53->53
[2026-01-16T08:25:54.620+0000][gc,heap     ] GC(133) Humongous regions: 54->54
[2026-01-16T08:25:54.621+0000][gc,metaspace] GC(133) Metaspace: 11058K(11456K)->11058K(11456K) NonClass: 10008K(10176K)->10008K(10176K) Class: 1049K(1280K)->1049K(1280K)
[2026-01-16T08:25:54.621+0000][gc          ] GC(133) Pause Young (Normal) (G1 Evacuation Pause) 156M->106M(1024M) 291.206ms
[2026-01-16T08:25:54.621+0000][gc,cpu      ] GC(133) User=0.19s Sys=0.02s Real=0.29s
[2026-01-16T08:26:00.736+0000][gc,start    ] GC(134) Pause Young (Normal) (G1 Evacuation Pause)
[2026-01-16T08:26:00.751+0000][gc,task     ] GC(134) Using 8 workers of 8 for evacuation
[2026-01-16T08:26:01.956+0000][gc,mmu      ] GC(134) MMU target violated: 201.0ms (200.0ms/201.0ms)
[2026-01-16T08:26:01.964+0000][gc,phases   ] GC(134)   Pre Evacuate Collection Set: 264.2ms
[2026-01-16T08:26:01.964+0000][gc,phases   ] GC(134)   Merge Heap Roots: 3.4ms
[2026-01-16T08:26:01.967+0000][gc,phases   ] GC(134)   Evacuate Collection Set: 892.8ms
[2026-01-16T08:26:01.969+0000][gc,phases   ] GC(134)   Post Evacuate Collection Set: 20.9ms
[2026-01-16T08:26:01.969+0000][gc,phases   ] GC(134)   Other: 29.5ms
[2026-01-16T08:26:01.972+0000][gc,heap     ] GC(134) Eden regions: 50->0(49)
[2026-01-16T08:26:01.974+0000][gc,heap     ] GC(134) Survivor regions: 1->2(7)
[2026-01-16T08:26:01.974+0000][gc,heap     ] GC(134) Old regions: 53->53
[2026-01-16T08:26:01.977+0000][gc,heap     ] GC(134) Humongous regions: 54->54
[2026-01-16T08:26:01.977+0000][gc,metaspace] GC(134) Metaspace: 11086K(11456K)->11086K(11456K) NonClass: 10036K(10176K)->10036K(10176K) Class: 1049K(1280K)->1049K(1280K)
[2026-01-16T08:26:01.979+0000][gc          ] GC(134) Pause Young (Normal) (G1 Evacuation Pause) 156M->107M(1024M) 1239.521ms
[2026-01-16T08:26:01.979+0000][gc,cpu      ] GC(134) User=0.38s Sys=0.05s Real=1.24s
[2026-01-16T08:26:04.040+0000][gc,start    ] GC(135) Pause Young (Normal) (G1 Evacuation Pause)
[2026-01-16T08:26:04.044+0000][gc,task     ] GC(135) Using 8 workers of 8 for evacuation
[2026-01-16T08:26:04.225+0000][gc,phases   ] GC(135)   Pre Evacuate Collection Set: 44.7ms
[2026-01-16T08:26:04.228+0000][gc,phases   ] GC(135)   Merge Heap Roots: 13.6ms
[2026-01-16T08:26:04.231+0000][gc,phases   ] GC(135)   Evacuate Collection Set: 117.8ms
[2026-01-16T08:26:04.231+0000][gc,phases   ] GC(135)   Post Evacuate Collection Set: 4.4ms
[2026-01-16T08:26:04.232+0000][gc,phases   ] GC(135)   Other: 0.7ms
[2026-01-16T08:26:04.232+0000][gc,heap     ] GC(135) Eden regions: 49->0(50)
[2026-01-16T08:26:04.232+0000][gc,heap     ] GC(135) Survivor regions: 2->1(7)
[2026-01-16T08:26:04.232+0000][gc,heap     ] GC(135) Old regions: 53->53
[2026-01-16T08:26:04.233+0000][gc,heap     ] GC(135) Humongous regions: 54->54
[2026-01-16T08:26:04.233+0000][gc,metaspace] GC(135) Metaspace: 11114K(11456K)->11114K(11456K) NonClass: 10064K(10176K)->10064K(10176K) Class: 1049K(1280K)->1049K(1280K)
[2026-01-16T08:26:04.234+0000][gc          ] GC(135) Pause Young (Normal) (G1 Evacuation Pause) 156M->106M(1024M) 193.643ms
[2026-01-16T08:26:04.235+0000][gc,cpu      ] GC(135) User=0.09s Sys=0.02s Real=0.20s
[2026-01-16T08:26:07.997+0000][gc,start    ] GC(136) Pause Young (Normal) (G1 Evacuation Pause)
[2026-01-16T08:26:07.999+0000][gc,task     ] GC(136) Using 8 workers of 8 for evacuation
[2026-01-16T08:26:08.178+0000][gc,phases   ] GC(136)   Pre Evacuate Collection Set: 26.1ms
[2026-01-16T08:26:08.181+0000][gc,phases   ] GC(136)   Merge Heap Roots: 4.1ms
[2026-01-16T08:26:08.181+0000][gc,phases   ] GC(136)   Evacuate Collection Set: 130.3ms
[2026-01-16T08:26:08.182+0000][gc,phases   ] GC(136)   Post Evacuate Collection Set: 15.0ms
[2026-01-16T08:26:08.182+0000][gc,phases   ] GC(136)   Other: 4.1ms
[2026-01-16T08:26:08.182+0000][gc,heap     ] GC(136) Eden regions: 50->0(49)
[2026-01-16T08:26:08.183+0000][gc,heap     ] GC(136) Survivor regions: 1->2(7)
[2026-01-16T08:26:08.183+0000][gc,heap     ] GC(136) Old regions: 53->53
[2026-01-16T08:26:08.184+0000][gc,heap     ] GC(136) Humongous regions: 54->54
[2026-01-16T08:26:08.186+0000][gc,metaspace] GC(136) Metaspace: 11196K(11584K)->11196K(11584K) NonClass: 10139K(10304K)->10139K(10304K) Class: 1056K(1280K)->1056K(1280K)
[2026-01-16T08:26:08.186+0000][gc          ] GC(136) Pause Young (Normal) (G1 Evacuation Pause) 156M->107M(1024M) 188.363ms
[2026-01-16T08:26:08.186+0000][gc,cpu      ] GC(136) User=0.10s Sys=0.01s Real=0.19s
[2026-01-16T08:26:11.623+0000][gc,start    ] GC(137) Pause Young (Normal) (G1 Evacuation Pause)
[2026-01-16T08:26:11.626+0000][gc,task     ] GC(137) Using 8 workers of 8 for evacuation
[2026-01-16T08:26:11.734+0000][gc,phases   ] GC(137)   Pre Evacuate Collection Set: 34.7ms
[2026-01-16T08:26:11.734+0000][gc,phases   ] GC(137)   Merge Heap Roots: 7.2ms
[2026-01-16T08:26:11.734+0000][gc,phases   ] GC(137)   Evacuate Collection Set: 58.7ms
[2026-01-16T08:26:11.734+0000][gc,phases   ] GC(137)   Post Evacuate Collection Set: 5.6ms
[2026-01-16T08:26:11.734+0000][gc,phases   ] GC(137)   Other: 4.0ms
[2026-01-16T08:26:11.734+0000][gc,heap     ] GC(137) Eden regions: 49->0(50)
[2026-01-16T08:26:11.734+0000][gc,heap     ] GC(137) Survivor regions: 2->1(7)
[2026-01-16T08:26:11.734+0000][gc,heap     ] GC(137) Old regions: 53->53
[2026-01-16T08:26:11.734+0000][gc,heap     ] GC(137) Humongous regions: 54->54
[2026-01-16T08:26:11.734+0000][gc,metaspace] GC(137) Metaspace: 11276K(11648K)->11276K(11648K) NonClass: 10219K(10368K)->10219K(10368K) Class: 1056K(1280K)->1056K(1280K)
[2026-01-16T08:26:11.734+0000][gc          ] GC(137) Pause Young (Normal) (G1 Evacuation Pause) 156M->106M(1024M) 111.093ms
[2026-01-16T08:26:11.734+0000][gc,cpu      ] GC(137) User=0.08s Sys=0.01s Real=0.11s
[2026-01-16T08:26:13.371+0000][gc,start    ] GC(138) Pause Young (Normal) (G1 Evacuation Pause)
[2026-01-16T08:26:13.377+0000][gc,task     ] GC(138) Using 8 workers of 8 for evacuation
[2026-01-16T08:26:13.469+0000][gc,phases   ] GC(138)   Pre Evacuate Collection Set: 16.2ms
[2026-01-16T08:26:13.470+0000][gc,phases   ] GC(138)   Merge Heap Roots: 0.3ms
[2026-01-16T08:26:13.470+0000][gc,phases   ] GC(138)   Evacuate Collection Set: 68.4ms
[2026-01-16T08:26:13.470+0000][gc,phases   ] GC(138)   Post Evacuate Collection Set: 5.2ms
[2026-01-16T08:26:13.476+0000][gc,phases   ] GC(138)   Other: 2.2ms
[2026-01-16T08:26:13.476+0000][gc,heap     ] GC(138) Eden regions: 50->0(49)
[2026-01-16T08:26:13.476+0000][gc,heap     ] GC(138) Survivor regions: 1->2(7)
[2026-01-16T08:26:13.478+0000][gc,heap     ] GC(138) Old regions: 53->53
[2026-01-16T08:26:13.478+0000][gc,heap     ] GC(138) Humongous regions: 54->54
[2026-01-16T08:26:13.479+0000][gc,metaspace] GC(138) Metaspace: 11280K(11648K)->11280K(11648K) NonClass: 10223K(10368K)->10223K(10368K) Class: 1056K(1280K)->1056K(1280K)
[2026-01-16T08:26:13.479+0000][gc          ] GC(138) Pause Young (Normal) (G1 Evacuation Pause) 156M->107M(1024M) 108.002ms
[2026-01-16T08:26:13.479+0000][gc,cpu      ] GC(138) User=0.07s Sys=0.00s Real=0.10s
[2026-01-16T08:26:15.688+0000][gc,start    ] GC(139) Pause Young (Normal) (G1 Evacuation Pause)
[2026-01-16T08:26:15.689+0000][gc,task     ] GC(139) Using 8 workers of 8 for evacuation
[2026-01-16T08:26:15.797+0000][gc,phases   ] GC(139)   Pre Evacuate Collection Set: 11.9ms
[2026-01-16T08:26:15.798+0000][gc,phases   ] GC(139)   Merge Heap Roots: 3.8ms
[2026-01-16T08:26:15.798+0000][gc,phases   ] GC(139)   Evacuate Collection Set: 87.0ms
[2026-01-16T08:26:15.798+0000][gc,phases   ] GC(139)   Post Evacuate Collection Set: 5.2ms
[2026-01-16T08:26:15.798+0000][gc,phases   ] GC(139)   Other: 0.6ms
[2026-01-16T08:26:15.799+0000][gc,heap     ] GC(139) Eden regions: 49->0(49)
[2026-01-16T08:26:15.800+0000][gc,heap     ] GC(139) Survivor regions: 2->2(7)
[2026-01-16T08:26:15.800+0000][gc,heap     ] GC(139) Old regions: 53->53
[2026-01-16T08:26:15.801+0000][gc,heap     ] GC(139) Humongous regions: 54->54
[2026-01-16T08:26:15.801+0000][gc,metaspace] GC(139) Metaspace: 11363K(11712K)->11363K(11712K) NonClass: 10306K(10432K)->10306K(10432K) Class: 1056K(1280K)->1056K(1280K)
[2026-01-16T08:26:15.802+0000][gc          ] GC(139) Pause Young (Normal) (G1 Evacuation Pause) 156M->108M(1024M) 114.330ms
[2026-01-16T08:26:15.805+0000][gc,cpu      ] GC(139) User=0.05s Sys=0.00s Real=0.12s
[2026-01-16T08:26:23.392+0000][gc,start    ] GC(140) Pause Young (Normal) (G1 Evacuation Pause)
[2026-01-16T08:26:23.397+0000][gc,task     ] GC(140) Using 8 workers of 8 for evacuation
[2026-01-16T08:26:23.674+0000][gc,mmu      ] GC(140) MMU target violated: 201.0ms (200.0ms/201.0ms)
[2026-01-16T08:26:23.676+0000][gc,phases   ] GC(140)   Pre Evacuate Collection Set: 32.1ms
[2026-01-16T08:26:23.676+0000][gc,phases   ] GC(140)   Merge Heap Roots: 0.7ms
[2026-01-16T08:26:23.676+0000][gc,phases   ] GC(140)   Evacuate Collection Set: 213.7ms
[2026-01-16T08:26:23.676+0000][gc,phases   ] GC(140)   Post Evacuate Collection Set: 25.7ms
[2026-01-16T08:26:23.677+0000][gc,phases   ] GC(140)   Other: 7.2ms
[2026-01-16T08:26:23.677+0000][gc,heap     ] GC(140) Eden regions: 49->0(49)
[2026-01-16T08:26:23.678+0000][gc,heap     ] GC(140) Survivor regions: 2->2(7)
[2026-01-16T08:26:23.680+0000][gc,heap     ] GC(140) Old regions: 53->53
[2026-01-16T08:26:23.681+0000][gc,heap     ] GC(140) Humongous regions: 54->54
[2026-01-16T08:26:23.681+0000][gc,metaspace] GC(140) Metaspace: 11385K(11776K)->11385K(11776K) NonClass: 10328K(10496K)->10328K(10496K) Class: 1056K(1280K)->1056K(1280K)
[2026-01-16T08:26:23.693+0000][gc          ] GC(140) Pause Young (Normal) (G1 Evacuation Pause) 157M->107M(1024M) 300.788ms
[2026-01-16T08:26:23.696+0000][gc,cpu      ] GC(140) User=0.15s Sys=0.01s Real=0.30s
[2026-01-16T08:26:25.793+0000][gc,start    ] GC(141) Pause Young (Normal) (G1 Evacuation Pause)
[2026-01-16T08:26:25.797+0000][gc,task     ] GC(141) Using 8 workers of 8 for evacuation
[2026-01-16T08:26:25.933+0000][gc,phases   ] GC(141)   Pre Evacuate Collection Set: 13.8ms
[2026-01-16T08:26:25.940+0000][gc,phases   ] GC(141)   Merge Heap Roots: 3.8ms
[2026-01-16T08:26:25.945+0000][gc,phases   ] GC(141)   Evacuate Collection Set: 101.7ms
[2026-01-16T08:26:25.948+0000][gc,phases   ] GC(141)   Post Evacuate Collection Set: 15.9ms
[2026-01-16T08:26:25.950+0000][gc,phases   ] GC(141)   Other: 0.7ms
[2026-01-16T08:26:25.960+0000][gc,heap     ] GC(141) Eden regions: 49->0(49)
[2026-01-16T08:26:25.960+0000][gc,heap     ] GC(141) Survivor regions: 2->2(7)
[2026-01-16T08:26:25.965+0000][gc,heap     ] GC(141) Old regions: 53->53
[2026-01-16T08:26:25.966+0000][gc,heap     ] GC(141) Humongous regions: 54->54
[2026-01-16T08:26:25.967+0000][gc,metaspace] GC(141) Metaspace: 11418K(11776K)->11418K(11776K) NonClass: 10362K(10496K)->10362K(10496K) Class: 1056K(1280K)->1056K(1280K)
[2026-01-16T08:26:25.967+0000][gc          ] GC(141) Pause Young (Normal) (G1 Evacuation Pause) 156M->108M(1024M) 174.116ms
[2026-01-16T08:26:25.968+0000][gc,cpu      ] GC(141) User=0.08s Sys=0.00s Real=0.17s
[2026-01-16T08:26:34.081+0000][gc,start    ] GC(142) Pause Young (Normal) (G1 Evacuation Pause)
[2026-01-16T08:26:34.085+0000][gc,task     ] GC(142) Using 8 workers of 8 for evacuation
[2026-01-16T08:26:34.292+0000][gc,mmu      ] GC(142) MMU target violated: 201.0ms (200.0ms/201.0ms)
[2026-01-16T08:26:34.293+0000][gc,phases   ] GC(142)   Pre Evacuate Collection Set: 40.2ms
[2026-01-16T08:26:34.293+0000][gc,phases   ] GC(142)   Merge Heap Roots: 0.2ms
[2026-01-16T08:26:34.293+0000][gc,phases   ] GC(142)   Evacuate Collection Set: 124.3ms
[2026-01-16T08:26:34.294+0000][gc,phases   ] GC(142)   Post Evacuate Collection Set: 37.6ms
[2026-01-16T08:26:34.294+0000][gc,phases   ] GC(142)   Other: 5.3ms
[2026-01-16T08:26:34.295+0000][gc,heap     ] GC(142) Eden regions: 49->0(49)
[2026-01-16T08:26:34.295+0000][gc,heap     ] GC(142) Survivor regions: 2->2(7)
[2026-01-16T08:26:34.296+0000][gc,heap     ] GC(142) Old regions: 53->53
[2026-01-16T08:26:34.296+0000][gc,heap     ] GC(142) Humongous regions: 54->54
[2026-01-16T08:26:34.297+0000][gc,metaspace] GC(142) Metaspace: 11443K(11776K)->11443K(11776K) NonClass: 10386K(10496K)->10386K(10496K) Class: 1056K(1280K)->1056K(1280K)
[2026-01-16T08:26:34.297+0000][gc          ] GC(142) Pause Young (Normal) (G1 Evacuation Pause) 157M->107M(1024M) 216.041ms
[2026-01-16T08:26:34.299+0000][gc,cpu      ] GC(142) User=0.15s Sys=0.01s Real=0.22s
[2026-01-16T08:26:36.416+0000][gc,start    ] GC(143) Pause Young (Normal) (G1 Evacuation Pause)
[2026-01-16T08:26:36.419+0000][gc,task     ] GC(143) Using 8 workers of 8 for evacuation
[2026-01-16T08:26:36.595+0000][gc,phases   ] GC(143)   Pre Evacuate Collection Set: 13.3ms
[2026-01-16T08:26:36.596+0000][gc,phases   ] GC(143)   Merge Heap Roots: 2.7ms
[2026-01-16T08:26:36.597+0000][gc,phases   ] GC(143)   Evacuate Collection Set: 151.0ms
[2026-01-16T08:26:36.597+0000][gc,phases   ] GC(143)   Post Evacuate Collection Set: 8.9ms
[2026-01-16T08:26:36.597+0000][gc,phases   ] GC(143)   Other: 1.1ms
[2026-01-16T08:26:36.597+0000][gc,heap     ] GC(143) Eden regions: 49->0(49)
[2026-01-16T08:26:36.598+0000][gc,heap     ] GC(143) Survivor regions: 2->2(7)
[2026-01-16T08:26:36.598+0000][gc,heap     ] GC(143) Old regions: 53->53
[2026-01-16T08:26:36.600+0000][gc,heap     ] GC(143) Humongous regions: 54->54
[2026-01-16T08:26:36.601+0000][gc,metaspace] GC(143) Metaspace: 11443K(11776K)->11443K(11776K) NonClass: 10386K(10496K)->10386K(10496K) Class: 1056K(1280K)->1056K(1280K)
[2026-01-16T08:26:36.603+0000][gc          ] GC(143) Pause Young (Normal) (G1 Evacuation Pause) 156M->108M(1024M) 186.729ms
[2026-01-16T08:26:36.603+0000][gc,cpu      ] GC(143) User=0.08s Sys=0.00s Real=0.19s
[2026-01-16T08:26:41.805+0000][gc,start    ] GC(144) Pause Young (Normal) (G1 Evacuation Pause)
[2026-01-16T08:26:41.809+0000][gc,task     ] GC(144) Using 8 workers of 8 for evacuation
[2026-01-16T08:26:41.929+0000][gc,phases   ] GC(144)   Pre Evacuate Collection Set: 49.5ms
[2026-01-16T08:26:41.938+0000][gc,phases   ] GC(144)   Merge Heap Roots: 0.3ms
[2026-01-16T08:26:41.941+0000][gc,phases   ] GC(144)   Evacuate Collection Set: 64.2ms
[2026-01-16T08:26:41.945+0000][gc,phases   ] GC(144)   Post Evacuate Collection Set: 4.6ms
[2026-01-16T08:26:41.947+0000][gc,phases   ] GC(144)   Other: 2.1ms
[2026-01-16T08:26:41.947+0000][gc,heap     ] GC(144) Eden regions: 49->0(49)
[2026-01-16T08:26:41.948+0000][gc,heap     ] GC(144) Survivor regions: 2->2(7)
[2026-01-16T08:26:41.948+0000][gc,heap     ] GC(144) Old regions: 53->53
[2026-01-16T08:26:41.949+0000][gc,heap     ] GC(144) Humongous regions: 54->54
[2026-01-16T08:26:41.949+0000][gc,metaspace] GC(144) Metaspace: 11451K(11840K)->11451K(11840K) NonClass: 10394K(10560K)->10394K(10560K) Class: 1056K(1280K)->1056K(1280K)
[2026-01-16T08:26:41.950+0000][gc          ] GC(144) Pause Young (Normal) (G1 Evacuation Pause) 157M->107M(1024M) 145.170ms
[2026-01-16T08:26:41.951+0000][gc,cpu      ] GC(144) User=0.08s Sys=0.00s Real=0.14s
[2026-01-16T08:26:43.688+0000][gc,start    ] GC(145) Pause Young (Normal) (G1 Evacuation Pause)
[2026-01-16T08:26:43.693+0000][gc,task     ] GC(145) Using 8 workers of 8 for evacuation
[2026-01-16T08:26:43.770+0000][gc,phases   ] GC(145)   Pre Evacuate Collection Set: 20.5ms
[2026-01-16T08:26:43.771+0000][gc,phases   ] GC(145)   Merge Heap Roots: 0.2ms
[2026-01-16T08:26:43.771+0000][gc,phases   ] GC(145)   Evacuate Collection Set: 43.5ms
[2026-01-16T08:26:43.771+0000][gc,phases   ] GC(145)   Post Evacuate Collection Set: 13.1ms
[2026-01-16T08:26:43.771+0000][gc,phases   ] GC(145)   Other: 0.5ms
[2026-01-16T08:26:43.771+0000][gc,heap     ] GC(145) Eden regions: 49->0(77)
[2026-01-16T08:26:43.771+0000][gc,heap     ] GC(145) Survivor regions: 2->2(7)
[2026-01-16T08:26:43.771+0000][gc,heap     ] GC(145) Old regions: 53->53
[2026-01-16T08:26:43.772+0000][gc,heap     ] GC(145) Humongous regions: 54->54
[2026-01-16T08:26:43.772+0000][gc,metaspace] GC(145) Metaspace: 11452K(11840K)->11452K(11840K) NonClass: 10395K(10560K)->10395K(10560K) Class: 1056K(1280K)->1056K(1280K)
[2026-01-16T08:26:43.772+0000][gc          ] GC(145) Pause Young (Normal) (G1 Evacuation Pause) 156M->108M(1024M) 83.981ms
[2026-01-16T08:26:43.772+0000][gc,cpu      ] GC(145) User=0.08s Sys=0.00s Real=0.08s
[2026-01-16T08:26:56.795+0000][gc,start    ] GC(146) Pause Young (Normal) (G1 Evacuation Pause)
[2026-01-16T08:26:56.797+0000][gc,task     ] GC(146) Using 8 workers of 8 for evacuation
[2026-01-16T08:26:57.296+0000][gc,mmu      ] GC(146) MMU target violated: 201.0ms (200.0ms/201.0ms)
[2026-01-16T08:26:57.297+0000][gc,phases   ] GC(146)   Pre Evacuate Collection Set: 41.6ms
[2026-01-16T08:26:57.298+0000][gc,phases   ] GC(146)   Merge Heap Roots: 1.3ms
[2026-01-16T08:26:57.298+0000][gc,phases   ] GC(146)   Evacuate Collection Set: 451.7ms
[2026-01-16T08:26:57.299+0000][gc,phases   ] GC(146)   Post Evacuate Collection Set: 3.6ms
[2026-01-16T08:26:57.300+0000][gc,phases   ] GC(146)   Other: 2.4ms
[2026-01-16T08:26:57.301+0000][gc,heap     ] GC(146) Eden regions: 80->0(49)
[2026-01-16T08:26:57.301+0000][gc,heap     ] GC(146) Survivor regions: 2->2(11)
[2026-01-16T08:26:57.302+0000][gc,heap     ] GC(146) Old regions: 53->53
[2026-01-16T08:26:57.304+0000][gc,heap     ] GC(146) Humongous regions: 54->54
[2026-01-16T08:26:57.306+0000][gc,metaspace] GC(146) Metaspace: 11497K(11904K)->11497K(11904K) NonClass: 10440K(10624K)->10440K(10624K) Class: 1056K(1280K)->1056K(1280K)
[2026-01-16T08:26:57.308+0000][gc          ] GC(146) Pause Young (Normal) (G1 Evacuation Pause) 188M->108M(1024M) 513.580ms
[2026-01-16T08:26:57.310+0000][gc,cpu      ] GC(146) User=0.26s Sys=0.02s Real=0.51s
[2026-01-16T08:27:02.739+0000][gc,start    ] GC(147) Pause Young (Normal) (G1 Evacuation Pause)
[2026-01-16T08:27:02.757+0000][gc,task     ] GC(147) Using 8 workers of 8 for evacuation
[2026-01-16T08:27:03.126+0000][gc,mmu      ] GC(147) MMU target violated: 201.0ms (200.0ms/201.0ms)
[2026-01-16T08:27:03.127+0000][gc,phases   ] GC(147)   Pre Evacuate Collection Set: 112.4ms
[2026-01-16T08:27:03.127+0000][gc,phases   ] GC(147)   Merge Heap Roots: 2.5ms
[2026-01-16T08:27:03.128+0000][gc,phases   ] GC(147)   Evacuate Collection Set: 216.6ms
[2026-01-16T08:27:03.128+0000][gc,phases   ] GC(147)   Post Evacuate Collection Set: 36.2ms
[2026-01-16T08:27:03.130+0000][gc,phases   ] GC(147)   Other: 3.1ms
[2026-01-16T08:27:03.131+0000][gc,heap     ] GC(147) Eden regions: 49->0(48)
[2026-01-16T08:27:03.136+0000][gc,heap     ] GC(147) Survivor regions: 2->3(7)
[2026-01-16T08:27:03.136+0000][gc,heap     ] GC(147) Old regions: 53->53
[2026-01-16T08:27:03.137+0000][gc,heap     ] GC(147) Humongous regions: 54->54
[2026-01-16T08:27:03.142+0000][gc,metaspace] GC(147) Metaspace: 11506K(11904K)->11506K(11904K) NonClass: 10449K(10624K)->10449K(10624K) Class: 1056K(1280K)->1056K(1280K)
[2026-01-16T08:27:03.143+0000][gc          ] GC(147) Pause Young (Normal) (G1 Evacuation Pause) 157M->108M(1024M) 403.350ms
[2026-01-16T08:27:03.146+0000][gc,cpu      ] GC(147) User=0.21s Sys=0.03s Real=0.41s
[2026-01-16T08:27:04.269+0000][gc,start    ] GC(148) Pause Young (Normal) (G1 Evacuation Pause)
[2026-01-16T08:27:04.270+0000][gc,task     ] GC(148) Using 8 workers of 8 for evacuation
[2026-01-16T08:27:04.346+0000][gc,phases   ] GC(148)   Pre Evacuate Collection Set: 7.6ms
[2026-01-16T08:27:04.347+0000][gc,phases   ] GC(148)   Merge Heap Roots: 0.2ms
[2026-01-16T08:27:04.350+0000][gc,phases   ] GC(148)   Evacuate Collection Set: 65.3ms
[2026-01-16T08:27:04.350+0000][gc,phases   ] GC(148)   Post Evacuate Collection Set: 0.8ms
[2026-01-16T08:27:04.350+0000][gc,phases   ] GC(148)   Other: 2.8ms
[2026-01-16T08:27:04.351+0000][gc,heap     ] GC(148) Eden regions: 48->0(48)
[2026-01-16T08:27:04.351+0000][gc,heap     ] GC(148) Survivor regions: 3->3(7)
[2026-01-16T08:27:04.351+0000][gc,heap     ] GC(148) Old regions: 53->53
[2026-01-16T08:27:04.351+0000][gc,heap     ] GC(148) Humongous regions: 54->54
[2026-01-16T08:27:04.352+0000][gc,metaspace] GC(148) Metaspace: 11509K(11904K)->11509K(11904K) NonClass: 10453K(10624K)->10453K(10624K) Class: 1056K(1280K)->1056K(1280K)
[2026-01-16T08:27:04.353+0000][gc          ] GC(148) Pause Young (Normal) (G1 Evacuation Pause) 156M->109M(1024M) 83.733ms
[2026-01-16T08:27:04.353+0000][gc,cpu      ] GC(148) User=0.08s Sys=0.01s Real=0.09s
[2026-01-16T08:27:05.494+0000][gc,start    ] GC(149) Pause Young (Normal) (G1 Evacuation Pause)
[2026-01-16T08:27:05.494+0000][gc,task     ] GC(149) Using 8 workers of 8 for evacuation
[2026-01-16T08:27:05.539+0000][gc,phases   ] GC(149)   Pre Evacuate Collection Set: 7.3ms
[2026-01-16T08:27:05.541+0000][gc,phases   ] GC(149)   Merge Heap Roots: 0.2ms
[2026-01-16T08:27:05.541+0000][gc,phases   ] GC(149)   Evacuate Collection Set: 31.2ms
[2026-01-16T08:27:05.544+0000][gc,phases   ] GC(149)   Post Evacuate Collection Set: 5.8ms
[2026-01-16T08:27:05.546+0000][gc,phases   ] GC(149)   Other: 0.5ms
[2026-01-16T08:27:05.546+0000][gc,heap     ] GC(149) Eden regions: 48->0(49)
[2026-01-16T08:27:05.546+0000][gc,heap     ] GC(149) Survivor regions: 3->2(7)
[2026-01-16T08:27:05.546+0000][gc,heap     ] GC(149) Old regions: 53->53
[2026-01-16T08:27:05.547+0000][gc,heap     ] GC(149) Humongous regions: 54->54
[2026-01-16T08:27:05.547+0000][gc,metaspace] GC(149) Metaspace: 11516K(11904K)->11516K(11904K) NonClass: 10459K(10624K)->10459K(10624K) Class: 1056K(1280K)->1056K(1280K)
[2026-01-16T08:27:05.547+0000][gc          ] GC(149) Pause Young (Normal) (G1 Evacuation Pause) 157M->108M(1024M) 53.791ms
[2026-01-16T08:27:05.548+0000][gc,cpu      ] GC(149) User=0.03s Sys=0.00s Real=0.05s
[2026-01-16T08:27:11.278+0000][gc,start    ] GC(150) Pause Young (Normal) (G1 Evacuation Pause)
[2026-01-16T08:27:11.281+0000][gc,task     ] GC(150) Using 8 workers of 8 for evacuation
[2026-01-16T08:27:11.574+0000][gc,mmu      ] GC(150) MMU target violated: 201.0ms (200.0ms/201.0ms)
[2026-01-16T08:27:11.576+0000][gc,phases   ] GC(150)   Pre Evacuate Collection Set: 26.0ms
[2026-01-16T08:27:11.578+0000][gc,phases   ] GC(150)   Merge Heap Roots: 0.4ms
[2026-01-16T08:27:11.580+0000][gc,phases   ] GC(150)   Evacuate Collection Set: 260.4ms
[2026-01-16T08:27:11.582+0000][gc,phases   ] GC(150)   Post Evacuate Collection Set: 5.2ms
[2026-01-16T08:27:11.584+0000][gc,phases   ] GC(150)   Other: 3.4ms
[2026-01-16T08:27:11.584+0000][gc,heap     ] GC(150) Eden regions: 49->0(49)
[2026-01-16T08:27:11.585+0000][gc,heap     ] GC(150) Survivor regions: 2->2(7)
[2026-01-16T08:27:11.585+0000][gc,heap     ] GC(150) Old regions: 53->53
[2026-01-16T08:27:11.587+0000][gc,heap     ] GC(150) Humongous regions: 54->54
[2026-01-16T08:27:11.587+0000][gc,metaspace] GC(150) Metaspace: 11527K(11904K)->11527K(11904K) NonClass: 10470K(10624K)->10470K(10624K) Class: 1056K(1280K)->1056K(1280K)
[2026-01-16T08:27:11.589+0000][gc          ] GC(150) Pause Young (Normal) (G1 Evacuation Pause) 157M->107M(1024M) 311.160ms
[2026-01-16T08:27:11.593+0000][gc,cpu      ] GC(150) User=0.16s Sys=0.03s Real=0.32s
[2026-01-16T08:27:14.329+0000][gc,start    ] GC(151) Pause Young (Normal) (G1 Evacuation Pause)
[2026-01-16T08:27:14.330+0000][gc,task     ] GC(151) Using 8 workers of 8 for evacuation
[2026-01-16T08:27:14.488+0000][gc,phases   ] GC(151)   Pre Evacuate Collection Set: 15.7ms
[2026-01-16T08:27:14.491+0000][gc,phases   ] GC(151)   Merge Heap Roots: 2.1ms
[2026-01-16T08:27:14.491+0000][gc,phases   ] GC(151)   Evacuate Collection Set: 129.4ms
[2026-01-16T08:27:14.492+0000][gc,phases   ] GC(151)   Post Evacuate Collection Set: 9.4ms
[2026-01-16T08:27:14.492+0000][gc,phases   ] GC(151)   Other: 0.9ms
[2026-01-16T08:27:14.493+0000][gc,heap     ] GC(151) Eden regions: 49->0(49)
[2026-01-16T08:27:14.493+0000][gc,heap     ] GC(151) Survivor regions: 2->2(7)
[2026-01-16T08:27:14.494+0000][gc,heap     ] GC(151) Old regions: 53->53
[2026-01-16T08:27:14.496+0000][gc,heap     ] GC(151) Humongous regions: 54->54
[2026-01-16T08:27:14.498+0000][gc,metaspace] GC(151) Metaspace: 11527K(11904K)->11527K(11904K) NonClass: 10470K(10624K)->10470K(10624K) Class: 1056K(1280K)->1056K(1280K)
[2026-01-16T08:27:14.498+0000][gc          ] GC(151) Pause Young (Normal) (G1 Evacuation Pause) 156M->108M(1024M) 168.703ms
[2026-01-16T08:27:14.517+0000][gc,cpu      ] GC(151) User=0.08s Sys=0.00s Real=0.19s
[2026-01-16T08:27:16.043+0000][gc,start    ] GC(152) Pause Young (Normal) (G1 Evacuation Pause)
[2026-01-16T08:27:16.058+0000][gc,task     ] GC(152) Using 8 workers of 8 for evacuation
[2026-01-16T08:27:16.218+0000][gc,phases   ] GC(152)   Pre Evacuate Collection Set: 16.8ms
[2026-01-16T08:27:16.219+0000][gc,phases   ] GC(152)   Merge Heap Roots: 3.8ms
[2026-01-16T08:27:16.220+0000][gc,phases   ] GC(152)   Evacuate Collection Set: 130.8ms
[2026-01-16T08:27:16.220+0000][gc,phases   ] GC(152)   Post Evacuate Collection Set: 5.4ms
[2026-01-16T08:27:16.221+0000][gc,phases   ] GC(152)   Other: 4.0ms
[2026-01-16T08:27:16.221+0000][gc,heap     ] GC(152) Eden regions: 49->0(48)
[2026-01-16T08:27:16.222+0000][gc,heap     ] GC(152) Survivor regions: 2->3(7)
[2026-01-16T08:27:16.222+0000][gc,heap     ] GC(152) Old regions: 53->53
[2026-01-16T08:27:16.222+0000][gc,heap     ] GC(152) Humongous regions: 54->54
[2026-01-16T08:27:16.222+0000][gc,metaspace] GC(152) Metaspace: 11529K(11904K)->11529K(11904K) NonClass: 10472K(10624K)->10472K(10624K) Class: 1056K(1280K)->1056K(1280K)
[2026-01-16T08:27:16.222+0000][gc          ] GC(152) Pause Young (Normal) (G1 Evacuation Pause) 157M->109M(1024M) 179.120ms
[2026-01-16T08:27:16.222+0000][gc,cpu      ] GC(152) User=0.09s Sys=0.00s Real=0.18s
[2026-01-16T08:27:23.241+0000][gc,start    ] GC(153) Pause Young (Normal) (G1 Evacuation Pause)
[2026-01-16T08:27:23.245+0000][gc,task     ] GC(153) Using 8 workers of 8 for evacuation
[2026-01-16T08:27:23.463+0000][gc,mmu      ] GC(153) MMU target violated: 201.0ms (200.0ms/201.0ms)
[2026-01-16T08:27:23.468+0000][gc,phases   ] GC(153)   Pre Evacuate Collection Set: 43.9ms
[2026-01-16T08:27:23.468+0000][gc,phases   ] GC(153)   Merge Heap Roots: 0.6ms
[2026-01-16T08:27:23.468+0000][gc,phases   ] GC(153)   Evacuate Collection Set: 167.3ms
[2026-01-16T08:27:23.469+0000][gc,phases   ] GC(153)   Post Evacuate Collection Set: 4.7ms
[2026-01-16T08:27:23.469+0000][gc,phases   ] GC(153)   Other: 6.7ms
[2026-01-16T08:27:23.469+0000][gc,heap     ] GC(153) Eden regions: 48->0(49)
[2026-01-16T08:27:23.469+0000][gc,heap     ] GC(153) Survivor regions: 3->2(7)
[2026-01-16T08:27:23.469+0000][gc,heap     ] GC(153) Old regions: 53->53
[2026-01-16T08:27:23.470+0000][gc,heap     ] GC(153) Humongous regions: 54->54
[2026-01-16T08:27:23.470+0000][gc,metaspace] GC(153) Metaspace: 11530K(11904K)->11530K(11904K) NonClass: 10473K(10624K)->10473K(10624K) Class: 1057K(1280K)->1057K(1280K)
[2026-01-16T08:27:23.471+0000][gc          ] GC(153) Pause Young (Normal) (G1 Evacuation Pause) 157M->108M(1024M) 229.794ms
[2026-01-16T08:27:23.472+0000][gc,cpu      ] GC(153) User=0.13s Sys=0.01s Real=0.23s
[2026-01-16T08:27:25.097+0000][gc,start    ] GC(154) Pause Young (Normal) (G1 Evacuation Pause)
[2026-01-16T08:27:25.101+0000][gc,task     ] GC(154) Using 8 workers of 8 for evacuation
[2026-01-16T08:27:25.217+0000][gc,phases   ] GC(154)   Pre Evacuate Collection Set: 6.4ms
[2026-01-16T08:27:25.218+0000][gc,phases   ] GC(154)   Merge Heap Roots: 5.4ms
[2026-01-16T08:27:25.218+0000][gc,phases   ] GC(154)   Evacuate Collection Set: 97.5ms
[2026-01-16T08:27:25.219+0000][gc,phases   ] GC(154)   Post Evacuate Collection Set: 5.3ms
[2026-01-16T08:27:25.219+0000][gc,phases   ] GC(154)   Other: 1.5ms
[2026-01-16T08:27:25.219+0000][gc,heap     ] GC(154) Eden regions: 49->0(48)
[2026-01-16T08:27:25.220+0000][gc,heap     ] GC(154) Survivor regions: 2->3(7)
[2026-01-16T08:27:25.220+0000][gc,heap     ] GC(154) Old regions: 53->53
[2026-01-16T08:27:25.221+0000][gc,heap     ] GC(154) Humongous regions: 54->54
[2026-01-16T08:27:25.221+0000][gc,metaspace] GC(154) Metaspace: 11533K(11904K)->11533K(11904K) NonClass: 10475K(10624K)->10475K(10624K) Class: 1057K(1280K)->1057K(1280K)
[2026-01-16T08:27:25.222+0000][gc          ] GC(154) Pause Young (Normal) (G1 Evacuation Pause) 157M->109M(1024M) 124.868ms
[2026-01-16T08:27:25.223+0000][gc,cpu      ] GC(154) User=0.07s Sys=0.01s Real=0.13s
[2026-01-16T08:27:31.590+0000][gc,start    ] GC(155) Pause Young (Normal) (G1 Evacuation Pause)
[2026-01-16T08:27:31.591+0000][gc,task     ] GC(155) Using 8 workers of 8 for evacuation
[2026-01-16T08:27:31.815+0000][gc,mmu      ] GC(155) MMU target violated: 201.0ms (200.0ms/201.0ms)
[2026-01-16T08:27:31.816+0000][gc,phases   ] GC(155)   Pre Evacuate Collection Set: 23.1ms
[2026-01-16T08:27:31.816+0000][gc,phases   ] GC(155)   Merge Heap Roots: 2.3ms
[2026-01-16T08:27:31.816+0000][gc,phases   ] GC(155)   Evacuate Collection Set: 186.4ms
[2026-01-16T08:27:31.817+0000][gc,phases   ] GC(155)   Post Evacuate Collection Set: 11.2ms
[2026-01-16T08:27:31.817+0000][gc,phases   ] GC(155)   Other: 1.9ms
[2026-01-16T08:27:31.817+0000][gc,heap     ] GC(155) Eden regions: 48->0(49)
[2026-01-16T08:27:31.819+0000][gc,heap     ] GC(155) Survivor regions: 3->2(7)
[2026-01-16T08:27:31.819+0000][gc,heap     ] GC(155) Old regions: 53->53
[2026-01-16T08:27:31.819+0000][gc,heap     ] GC(155) Humongous regions: 54->54
[2026-01-16T08:27:31.820+0000][gc,metaspace] GC(155) Metaspace: 11547K(11904K)->11547K(11904K) NonClass: 10489K(10624K)->10489K(10624K) Class: 1057K(1280K)->1057K(1280K)
[2026-01-16T08:27:31.820+0000][gc          ] GC(155) Pause Young (Normal) (G1 Evacuation Pause) 157M->108M(1024M) 229.549ms
[2026-01-16T08:27:31.820+0000][gc,cpu      ] GC(155) User=0.14s Sys=0.01s Real=0.22s
[2026-01-16T08:27:33.545+0000][gc,start    ] GC(156) Pause Young (Normal) (G1 Evacuation Pause)
[2026-01-16T08:27:33.546+0000][gc,task     ] GC(156) Using 8 workers of 8 for evacuation
[2026-01-16T08:27:33.662+0000][gc,phases   ] GC(156)   Pre Evacuate Collection Set: 10.4ms
[2026-01-16T08:27:33.664+0000][gc,phases   ] GC(156)   Merge Heap Roots: 3.9ms
[2026-01-16T08:27:33.665+0000][gc,phases   ] GC(156)   Evacuate Collection Set: 93.3ms
[2026-01-16T08:27:33.666+0000][gc,phases   ] GC(156)   Post Evacuate Collection Set: 7.1ms
[2026-01-16T08:27:33.666+0000][gc,phases   ] GC(156)   Other: 1.1ms
[2026-01-16T08:27:33.666+0000][gc,heap     ] GC(156) Eden regions: 49->0(48)
[2026-01-16T08:27:33.667+0000][gc,heap     ] GC(156) Survivor regions: 2->3(7)
[2026-01-16T08:27:33.668+0000][gc,heap     ] GC(156) Old regions: 53->54
[2026-01-16T08:27:33.668+0000][gc,heap     ] GC(156) Humongous regions: 54->54
[2026-01-16T08:27:33.668+0000][gc,metaspace] GC(156) Metaspace: 11557K(11968K)->11557K(11968K) NonClass: 10500K(10688K)->10500K(10688K) Class: 1057K(1280K)->1057K(1280K)
[2026-01-16T08:27:33.668+0000][gc          ] GC(156) Pause Young (Normal) (G1 Evacuation Pause) 157M->109M(1024M) 122.960ms
[2026-01-16T08:27:33.669+0000][gc,cpu      ] GC(156) User=0.08s Sys=0.00s Real=0.12s
[2026-01-16T08:27:41.212+0000][gc,start    ] GC(157) Pause Young (Normal) (G1 Evacuation Pause)
[2026-01-16T08:27:41.214+0000][gc,task     ] GC(157) Using 8 workers of 8 for evacuation
[2026-01-16T08:27:41.369+0000][gc,phases   ] GC(157)   Pre Evacuate Collection Set: 19.9ms
[2026-01-16T08:27:41.369+0000][gc,phases   ] GC(157)   Merge Heap Roots: 15.2ms
[2026-01-16T08:27:41.369+0000][gc,phases   ] GC(157)   Evacuate Collection Set: 103.5ms
[2026-01-16T08:27:41.369+0000][gc,phases   ] GC(157)   Post Evacuate Collection Set: 12.3ms
[2026-01-16T08:27:41.370+0000][gc,phases   ] GC(157)   Other: 4.3ms
[2026-01-16T08:27:41.371+0000][gc,heap     ] GC(157) Eden regions: 48->0(120)
[2026-01-16T08:27:41.374+0000][gc,heap     ] GC(157) Survivor regions: 3->2(7)
[2026-01-16T08:27:41.375+0000][gc,heap     ] GC(157) Old regions: 54->54
[2026-01-16T08:27:41.375+0000][gc,heap     ] GC(157) Humongous regions: 54->54
[2026-01-16T08:27:41.375+0000][gc,metaspace] GC(157) Metaspace: 11563K(11968K)->11563K(11968K) NonClass: 10505K(10688K)->10505K(10688K) Class: 1057K(1280K)->1057K(1280K)
[2026-01-16T08:27:41.377+0000][gc          ] GC(157) Pause Young (Normal) (G1 Evacuation Pause) 157M->108M(1024M) 164.764ms
[2026-01-16T08:27:41.378+0000][gc,cpu      ] GC(157) User=0.11s Sys=0.01s Real=0.16s
[2026-01-16T08:27:51.814+0000][gc,start    ] GC(158) Pause Young (Normal) (G1 Evacuation Pause)
[2026-01-16T08:27:51.840+0000][gc,task     ] GC(158) Using 8 workers of 8 for evacuation
[2026-01-16T08:27:52.168+0000][gc,mmu      ] GC(158) MMU target violated: 201.0ms (200.0ms/201.0ms)
[2026-01-16T08:27:52.170+0000][gc,phases   ] GC(158)   Pre Evacuate Collection Set: 63.0ms
[2026-01-16T08:27:52.177+0000][gc,phases   ] GC(158)   Merge Heap Roots: 7.2ms
[2026-01-16T08:27:52.177+0000][gc,phases   ] GC(158)   Evacuate Collection Set: 191.8ms
[2026-01-16T08:27:52.178+0000][gc,phases   ] GC(158)   Post Evacuate Collection Set: 62.2ms
[2026-01-16T08:27:52.179+0000][gc,phases   ] GC(158)   Other: 13.8ms
[2026-01-16T08:27:52.182+0000][gc,heap     ] GC(158) Eden regions: 115->0(49)
[2026-01-16T08:27:52.186+0000][gc,heap     ] GC(158) Survivor regions: 2->2(15)
[2026-01-16T08:27:52.189+0000][gc,heap     ] GC(158) Old regions: 54->54
[2026-01-16T08:27:52.190+0000][gc,heap     ] GC(158) Humongous regions: 54->54
[2026-01-16T08:27:52.190+0000][gc,metaspace] GC(158) Metaspace: 11581K(11968K)->11581K(11968K) NonClass: 10523K(10688K)->10523K(10688K) Class: 1057K(1280K)->1057K(1280K)
[2026-01-16T08:27:52.190+0000][gc          ] GC(158) Pause Young (Normal) (G1 Evacuation Pause) 223M->108M(1024M) 376.635ms
[2026-01-16T08:27:52.191+0000][gc,cpu      ] GC(158) User=0.26s Sys=0.01s Real=0.38s
[2026-01-16T08:27:57.282+0000][gc,start    ] GC(159) Pause Young (Normal) (G1 Evacuation Pause)
[2026-01-16T08:27:57.286+0000][gc,task     ] GC(159) Using 8 workers of 8 for evacuation
[2026-01-16T08:27:58.730+0000][gc,mmu      ] GC(159) MMU target violated: 201.0ms (200.0ms/201.0ms)
[2026-01-16T08:27:58.733+0000][gc,phases   ] GC(159)   Pre Evacuate Collection Set: 46.9ms
[2026-01-16T08:27:58.743+0000][gc,phases   ] GC(159)   Merge Heap Roots: 17.9ms
[2026-01-16T08:27:58.743+0000][gc,phases   ] GC(159)   Evacuate Collection Set: 1281.2ms
[2026-01-16T08:27:58.746+0000][gc,phases   ] GC(159)   Post Evacuate Collection Set: 77.8ms
[2026-01-16T08:27:58.746+0000][gc,phases   ] GC(159)   Other: 23.5ms
[2026-01-16T08:27:58.747+0000][gc,heap     ] GC(159) Eden regions: 49->0(48)
[2026-01-16T08:27:58.748+0000][gc,heap     ] GC(159) Survivor regions: 2->3(7)
[2026-01-16T08:27:58.748+0000][gc,heap     ] GC(159) Old regions: 54->54
[2026-01-16T08:27:58.749+0000][gc,heap     ] GC(159) Humongous regions: 54->54
[2026-01-16T08:27:58.750+0000][gc,metaspace] GC(159) Metaspace: 11588K(11968K)->11588K(11968K) NonClass: 10531K(10688K)->10531K(10688K) Class: 1057K(1280K)->1057K(1280K)
[2026-01-16T08:27:58.755+0000][gc          ] GC(159) Pause Young (Normal) (G1 Evacuation Pause) 157M->109M(1024M) 1472.938ms
[2026-01-16T08:27:58.757+0000][gc,cpu      ] GC(159) User=0.63s Sys=0.10s Real=1.47s
[2026-01-16T08:28:02.424+0000][gc,start    ] GC(160) Pause Young (Normal) (G1 Evacuation Pause)
[2026-01-16T08:28:02.433+0000][gc,task     ] GC(160) Using 8 workers of 8 for evacuation
[2026-01-16T08:28:03.360+0000][gc,mmu      ] GC(160) MMU target violated: 201.0ms (200.0ms/201.0ms)
[2026-01-16T08:28:03.372+0000][gc,phases   ] GC(160)   Pre Evacuate Collection Set: 49.8ms
[2026-01-16T08:28:03.380+0000][gc,phases   ] GC(160)   Merge Heap Roots: 33.7ms
[2026-01-16T08:28:03.381+0000][gc,phases   ] GC(160)   Evacuate Collection Set: 753.8ms
[2026-01-16T08:28:03.384+0000][gc,phases   ] GC(160)   Post Evacuate Collection Set: 81.2ms
[2026-01-16T08:28:03.391+0000][gc,phases   ] GC(160)   Other: 19.0ms
[2026-01-16T08:28:03.401+0000][gc,heap     ] GC(160) Eden regions: 48->0(48)
[2026-01-16T08:28:03.401+0000][gc,heap     ] GC(160) Survivor regions: 3->3(7)
[2026-01-16T08:28:03.401+0000][gc,heap     ] GC(160) Old regions: 54->54
[2026-01-16T08:28:03.401+0000][gc,heap     ] GC(160) Humongous regions: 54->54
[2026-01-16T08:28:03.401+0000][gc,metaspace] GC(160) Metaspace: 11601K(11968K)->11601K(11968K) NonClass: 10543K(10688K)->10543K(10688K) Class: 1057K(1280K)->1057K(1280K)
[2026-01-16T08:28:03.401+0000][gc          ] GC(160) Pause Young (Normal) (G1 Evacuation Pause) 157M->110M(1024M) 977.347ms
[2026-01-16T08:28:03.402+0000][gc,cpu      ] GC(160) User=0.46s Sys=0.03s Real=0.98s
[2026-01-16T08:28:07.229+0000][gc,start    ] GC(161) Pause Young (Normal) (G1 Evacuation Pause)
[2026-01-16T08:28:07.238+0000][gc,task     ] GC(161) Using 8 workers of 8 for evacuation
[2026-01-16T08:28:07.554+0000][gc,mmu      ] GC(161) MMU target violated: 201.0ms (200.0ms/201.0ms)
[2026-01-16T08:28:07.555+0000][gc,phases   ] GC(161)   Pre Evacuate Collection Set: 34.2ms
[2026-01-16T08:28:07.555+0000][gc,phases   ] GC(161)   Merge Heap Roots: 2.4ms
[2026-01-16T08:28:07.555+0000][gc,phases   ] GC(161)   Evacuate Collection Set: 260.0ms
[2026-01-16T08:28:07.555+0000][gc,phases   ] GC(161)   Post Evacuate Collection Set: 9.7ms
[2026-01-16T08:28:07.555+0000][gc,phases   ] GC(161)   Other: 10.9ms
[2026-01-16T08:28:07.555+0000][gc,heap     ] GC(161) Eden regions: 48->0(49)
[2026-01-16T08:28:07.555+0000][gc,heap     ] GC(161) Survivor regions: 3->2(7)
[2026-01-16T08:28:07.555+0000][gc,heap     ] GC(161) Old regions: 54->54
[2026-01-16T08:28:07.555+0000][gc,heap     ] GC(161) Humongous regions: 54->54
[2026-01-16T08:28:07.555+0000][gc,metaspace] GC(161) Metaspace: 11601K(11968K)->11601K(11968K) NonClass: 10544K(10688K)->10544K(10688K) Class: 1057K(1280K)->1057K(1280K)
[2026-01-16T08:28:07.555+0000][gc          ] GC(161) Pause Young (Normal) (G1 Evacuation Pause) 158M->109M(1024M) 326.845ms
[2026-01-16T08:28:07.555+0000][gc,cpu      ] GC(161) User=0.18s Sys=0.01s Real=0.33s
[2026-01-16T08:28:10.050+0000][gc,start    ] GC(162) Pause Young (Normal) (G1 Evacuation Pause)
[2026-01-16T08:28:10.054+0000][gc,task     ] GC(162) Using 8 workers of 8 for evacuation
[2026-01-16T08:28:10.396+0000][gc,mmu      ] GC(162) MMU target violated: 201.0ms (200.0ms/201.0ms)
[2026-01-16T08:28:10.403+0000][gc,phases   ] GC(162)   Pre Evacuate Collection Set: 28.2ms
[2026-01-16T08:28:10.406+0000][gc,phases   ] GC(162)   Merge Heap Roots: 0.3ms
[2026-01-16T08:28:10.408+0000][gc,phases   ] GC(162)   Evacuate Collection Set: 292.0ms
[2026-01-16T08:28:10.408+0000][gc,phases   ] GC(162)   Post Evacuate Collection Set: 20.6ms
[2026-01-16T08:28:10.409+0000][gc,phases   ] GC(162)   Other: 8.2ms
[2026-01-16T08:28:10.409+0000][gc,heap     ] GC(162) Eden regions: 49->0(48)
[2026-01-16T08:28:10.409+0000][gc,heap     ] GC(162) Survivor regions: 2->3(7)
[2026-01-16T08:28:10.411+0000][gc,heap     ] GC(162) Old regions: 54->54
[2026-01-16T08:28:10.413+0000][gc,heap     ] GC(162) Humongous regions: 54->54
[2026-01-16T08:28:10.413+0000][gc,metaspace] GC(162) Metaspace: 11601K(11968K)->11601K(11968K) NonClass: 10544K(10688K)->10544K(10688K) Class: 1057K(1280K)->1057K(1280K)
[2026-01-16T08:28:10.417+0000][gc          ] GC(162) Pause Young (Normal) (G1 Evacuation Pause) 158M->109M(1024M) 366.982ms
[2026-01-16T08:28:10.418+0000][gc,cpu      ] GC(162) User=0.14s Sys=0.00s Real=0.37s
[2026-01-16T08:28:13.036+0000][gc,start    ] GC(163) Pause Young (Normal) (G1 Evacuation Pause)
[2026-01-16T08:28:13.038+0000][gc,task     ] GC(163) Using 8 workers of 8 for evacuation
[2026-01-16T08:28:13.212+0000][gc,phases   ] GC(163)   Pre Evacuate Collection Set: 11.9ms
[2026-01-16T08:28:13.213+0000][gc,phases   ] GC(163)   Merge Heap Roots: 1.4ms
[2026-01-16T08:28:13.213+0000][gc,phases   ] GC(163)   Evacuate Collection Set: 149.0ms
[2026-01-16T08:28:13.214+0000][gc,phases   ] GC(163)   Post Evacuate Collection Set: 9.5ms
[2026-01-16T08:28:13.216+0000][gc,phases   ] GC(163)   Other: 2.7ms
[2026-01-16T08:28:13.216+0000][gc,heap     ] GC(163) Eden regions: 48->0(49)
[2026-01-16T08:28:13.219+0000][gc,heap     ] GC(163) Survivor regions: 3->2(7)
[2026-01-16T08:28:13.219+0000][gc,heap     ] GC(163) Old regions: 54->54
[2026-01-16T08:28:13.219+0000][gc,heap     ] GC(163) Humongous regions: 54->54
[2026-01-16T08:28:13.219+0000][gc,metaspace] GC(163) Metaspace: 11601K(11968K)->11601K(11968K) NonClass: 10544K(10688K)->10544K(10688K) Class: 1057K(1280K)->1057K(1280K)
[2026-01-16T08:28:13.222+0000][gc          ] GC(163) Pause Young (Normal) (G1 Evacuation Pause) 157M->109M(1024M) 185.593ms
[2026-01-16T08:28:13.222+0000][gc,cpu      ] GC(163) User=0.09s Sys=0.01s Real=0.19s
[2026-01-16T08:28:15.303+0000][gc,start    ] GC(164) Pause Young (Normal) (G1 Evacuation Pause)
[2026-01-16T08:28:15.305+0000][gc,task     ] GC(164) Using 8 workers of 8 for evacuation
[2026-01-16T08:28:15.546+0000][gc,mmu      ] GC(164) MMU target violated: 201.0ms (200.0ms/201.0ms)
[2026-01-16T08:28:15.549+0000][gc,phases   ] GC(164)   Pre Evacuate Collection Set: 70.5ms
[2026-01-16T08:28:15.550+0000][gc,phases   ] GC(164)   Merge Heap Roots: 3.0ms
[2026-01-16T08:28:15.550+0000][gc,phases   ] GC(164)   Evacuate Collection Set: 153.2ms
[2026-01-16T08:28:15.552+0000][gc,phases   ] GC(164)   Post Evacuate Collection Set: 10.4ms
[2026-01-16T08:28:15.552+0000][gc,phases   ] GC(164)   Other: 8.3ms
[2026-01-16T08:28:15.553+0000][gc,heap     ] GC(164) Eden regions: 49->0(48)
[2026-01-16T08:28:15.553+0000][gc,heap     ] GC(164) Survivor regions: 2->3(7)
[2026-01-16T08:28:15.554+0000][gc,heap     ] GC(164) Old regions: 54->54
[2026-01-16T08:28:15.554+0000][gc,heap     ] GC(164) Humongous regions: 54->54
[2026-01-16T08:28:15.554+0000][gc,metaspace] GC(164) Metaspace: 11610K(12032K)->11610K(12032K) NonClass: 10552K(10752K)->10552K(10752K) Class: 1057K(1280K)->1057K(1280K)
[2026-01-16T08:28:15.555+0000][gc          ] GC(164) Pause Young (Normal) (G1 Evacuation Pause) 158M->109M(1024M) 251.806ms
[2026-01-16T08:28:15.555+0000][gc,cpu      ] GC(164) User=0.12s Sys=0.01s Real=0.25s
[2026-01-16T08:28:21.424+0000][gc,start    ] GC(165) Pause Young (Normal) (G1 Evacuation Pause)
[2026-01-16T08:28:21.459+0000][gc,task     ] GC(165) Using 8 workers of 8 for evacuation
[2026-01-16T08:28:21.662+0000][gc,mmu      ] GC(165) MMU target violated: 201.0ms (200.0ms/201.0ms)
[2026-01-16T08:28:21.663+0000][gc,phases   ] GC(165)   Pre Evacuate Collection Set: 39.0ms
[2026-01-16T08:28:21.663+0000][gc,phases   ] GC(165)   Merge Heap Roots: 6.3ms
[2026-01-16T08:28:21.663+0000][gc,phases   ] GC(165)   Evacuate Collection Set: 150.9ms
[2026-01-16T08:28:21.664+0000][gc,phases   ] GC(165)   Post Evacuate Collection Set: 6.1ms
[2026-01-16T08:28:21.664+0000][gc,phases   ] GC(165)   Other: 2.4ms
[2026-01-16T08:28:21.664+0000][gc,heap     ] GC(165) Eden regions: 48->0(49)
[2026-01-16T08:28:21.666+0000][gc,heap     ] GC(165) Survivor regions: 3->2(7)
[2026-01-16T08:28:21.666+0000][gc,heap     ] GC(165) Old regions: 54->54
[2026-01-16T08:28:21.667+0000][gc,heap     ] GC(165) Humongous regions: 54->54
[2026-01-16T08:28:21.667+0000][gc,metaspace] GC(165) Metaspace: 11616K(12032K)->11616K(12032K) NonClass: 10559K(10752K)->10559K(10752K) Class: 1057K(1280K)->1057K(1280K)
[2026-01-16T08:28:21.668+0000][gc          ] GC(165) Pause Young (Normal) (G1 Evacuation Pause) 157M->108M(1024M) 243.929ms
[2026-01-16T08:28:21.668+0000][gc,cpu      ] GC(165) User=0.14s Sys=0.00s Real=0.24s
[2026-01-16T08:28:23.408+0000][gc,start    ] GC(166) Pause Young (Normal) (G1 Evacuation Pause)
[2026-01-16T08:28:23.682+0000][gc,task     ] GC(166) Using 8 workers of 8 for evacuation
[2026-01-16T08:28:23.974+0000][gc,mmu      ] GC(166) MMU target violated: 201.0ms (200.0ms/201.0ms)
[2026-01-16T08:28:23.991+0000][gc,phases   ] GC(166)   Pre Evacuate Collection Set: 18.2ms
[2026-01-16T08:28:23.996+0000][gc,phases   ] GC(166)   Merge Heap Roots: 8.7ms
[2026-01-16T08:28:23.997+0000][gc,phases   ] GC(166)   Evacuate Collection Set: 253.7ms
[2026-01-16T08:28:23.997+0000][gc,phases   ] GC(166)   Post Evacuate Collection Set: 5.5ms
[2026-01-16T08:28:23.998+0000][gc,phases   ] GC(166)   Other: 23.2ms
[2026-01-16T08:28:23.998+0000][gc,heap     ] GC(166) Eden regions: 49->0(49)
[2026-01-16T08:28:23.999+0000][gc,heap     ] GC(166) Survivor regions: 2->2(7)
[2026-01-16T08:28:23.999+0000][gc,heap     ] GC(166) Old regions: 54->54
[2026-01-16T08:28:23.999+0000][gc,heap     ] GC(166) Humongous regions: 54->54
[2026-01-16T08:28:23.999+0000][gc,metaspace] GC(166) Metaspace: 11616K(12032K)->11616K(12032K) NonClass: 10559K(10752K)->10559K(10752K) Class: 1057K(1280K)->1057K(1280K)
[2026-01-16T08:28:24.000+0000][gc          ] GC(166) Pause Young (Normal) (G1 Evacuation Pause) 157M->109M(1024M) 592.815ms
[2026-01-16T08:28:24.001+0000][gc,cpu      ] GC(166) User=0.09s Sys=0.00s Real=0.60s
[2026-01-16T08:28:25.853+0000][gc,start    ] GC(167) Pause Young (Normal) (G1 Evacuation Pause)
[2026-01-16T08:28:25.872+0000][gc,task     ] GC(167) Using 8 workers of 8 for evacuation
[2026-01-16T08:28:25.991+0000][gc,phases   ] GC(167)   Pre Evacuate Collection Set: 10.5ms
[2026-01-16T08:28:25.994+0000][gc,phases   ] GC(167)   Merge Heap Roots: 0.5ms
[2026-01-16T08:28:25.994+0000][gc,phases   ] GC(167)   Evacuate Collection Set: 96.3ms
[2026-01-16T08:28:25.995+0000][gc,phases   ] GC(167)   Post Evacuate Collection Set: 8.6ms
[2026-01-16T08:28:25.996+0000][gc,phases   ] GC(167)   Other: 4.0ms
[2026-01-16T08:28:25.997+0000][gc,heap     ] GC(167) Eden regions: 49->0(49)
[2026-01-16T08:28:26.001+0000][gc,heap     ] GC(167) Survivor regions: 2->2(7)
[2026-01-16T08:28:26.001+0000][gc,heap     ] GC(167) Old regions: 54->54
[2026-01-16T08:28:26.001+0000][gc,heap     ] GC(167) Humongous regions: 54->54
[2026-01-16T08:28:26.002+0000][gc,metaspace] GC(167) Metaspace: 11616K(12032K)->11616K(12032K) NonClass: 10559K(10752K)->10559K(10752K) Class: 1057K(1280K)->1057K(1280K)
[2026-01-16T08:28:26.003+0000][gc          ] GC(167) Pause Young (Normal) (G1 Evacuation Pause) 158M->108M(1024M) 150.420ms
[2026-01-16T08:28:26.003+0000][gc,cpu      ] GC(167) User=0.07s Sys=0.00s Real=0.15s
[2026-01-16T08:28:33.213+0000][gc,start    ] GC(168) Pause Young (Normal) (G1 Evacuation Pause)
[2026-01-16T08:28:33.215+0000][gc,task     ] GC(168) Using 8 workers of 8 for evacuation
[2026-01-16T08:28:33.517+0000][gc,mmu      ] GC(168) MMU target violated: 201.0ms (200.0ms/201.0ms)
[2026-01-16T08:28:33.519+0000][gc,phases   ] GC(168)   Pre Evacuate Collection Set: 41.3ms
[2026-01-16T08:28:33.519+0000][gc,phases   ] GC(168)   Merge Heap Roots: 9.8ms
[2026-01-16T08:28:33.519+0000][gc,phases   ] GC(168)   Evacuate Collection Set: 222.7ms
[2026-01-16T08:28:33.520+0000][gc,phases   ] GC(168)   Post Evacuate Collection Set: 21.0ms
[2026-01-16T08:28:33.520+0000][gc,phases   ] GC(168)   Other: 9.1ms
[2026-01-16T08:28:33.520+0000][gc,heap     ] GC(168) Eden regions: 49->0(49)
[2026-01-16T08:28:33.520+0000][gc,heap     ] GC(168) Survivor regions: 2->2(7)
[2026-01-16T08:28:33.521+0000][gc,heap     ] GC(168) Old regions: 54->54
[2026-01-16T08:28:33.521+0000][gc,heap     ] GC(168) Humongous regions: 54->54
[2026-01-16T08:28:33.521+0000][gc,metaspace] GC(168) Metaspace: 11619K(12032K)->11619K(12032K) NonClass: 10562K(10752K)->10562K(10752K) Class: 1057K(1280K)->1057K(1280K)
[2026-01-16T08:28:33.523+0000][gc          ] GC(168) Pause Young (Normal) (G1 Evacuation Pause) 157M->109M(1024M) 310.396ms
[2026-01-16T08:28:33.525+0000][gc,cpu      ] GC(168) User=0.15s Sys=0.01s Real=0.31s
[2026-01-16T08:28:38.140+0000][gc,start    ] GC(169) Pause Young (Normal) (G1 Evacuation Pause)
[2026-01-16T08:28:38.162+0000][gc,task     ] GC(169) Using 8 workers of 8 for evacuation
[2026-01-16T08:28:39.029+0000][gc,mmu      ] GC(169) MMU target violated: 201.0ms (200.0ms/201.0ms)
[2026-01-16T08:28:39.029+0000][gc,phases   ] GC(169)   Pre Evacuate Collection Set: 56.0ms
[2026-01-16T08:28:39.032+0000][gc,phases   ] GC(169)   Merge Heap Roots: 11.9ms
[2026-01-16T08:28:39.034+0000][gc,phases   ] GC(169)   Evacuate Collection Set: 730.9ms
[2026-01-16T08:28:39.036+0000][gc,phases   ] GC(169)   Post Evacuate Collection Set: 66.6ms
[2026-01-16T08:28:39.036+0000][gc,phases   ] GC(169)   Other: 2.0ms
[2026-01-16T08:28:39.037+0000][gc,heap     ] GC(169) Eden regions: 49->0(48)
[2026-01-16T08:28:39.037+0000][gc,heap     ] GC(169) Survivor regions: 2->3(7)
[2026-01-16T08:28:39.038+0000][gc,heap     ] GC(169) Old regions: 54->54
[2026-01-16T08:28:39.039+0000][gc,heap     ] GC(169) Humongous regions: 54->54
[2026-01-16T08:28:39.039+0000][gc,metaspace] GC(169) Metaspace: 11625K(12032K)->11625K(12032K) NonClass: 10568K(10752K)->10568K(10752K) Class: 1057K(1280K)->1057K(1280K)
[2026-01-16T08:28:39.040+0000][gc          ] GC(169) Pause Young (Normal) (G1 Evacuation Pause) 158M->110M(1024M) 900.479ms
[2026-01-16T08:28:39.041+0000][gc,cpu      ] GC(169) User=0.37s Sys=0.10s Real=0.91s
[2026-01-16T08:28:43.802+0000][gc,start    ] GC(170) Pause Young (Normal) (G1 Evacuation Pause)
[2026-01-16T08:28:43.805+0000][gc,task     ] GC(170) Using 8 workers of 8 for evacuation
[2026-01-16T08:28:43.997+0000][gc,phases   ] GC(170)   Pre Evacuate Collection Set: 27.8ms
[2026-01-16T08:28:44.000+0000][gc,phases   ] GC(170)   Merge Heap Roots: 0.3ms
[2026-01-16T08:28:44.003+0000][gc,phases   ] GC(170)   Evacuate Collection Set: 129.4ms
[2026-01-16T08:28:44.006+0000][gc,phases   ] GC(170)   Post Evacuate Collection Set: 31.0ms
[2026-01-16T08:28:44.014+0000][gc,phases   ] GC(170)   Other: 3.5ms
[2026-01-16T08:28:44.016+0000][gc,heap     ] GC(170) Eden regions: 48->0(49)
[2026-01-16T08:28:44.019+0000][gc,heap     ] GC(170) Survivor regions: 3->2(7)
[2026-01-16T08:28:44.022+0000][gc,heap     ] GC(170) Old regions: 54->55
[2026-01-16T08:28:44.022+0000][gc,heap     ] GC(170) Humongous regions: 54->54
[2026-01-16T08:28:44.022+0000][gc,metaspace] GC(170) Metaspace: 11639K(12032K)->11639K(12032K) NonClass: 10582K(10752K)->10582K(10752K) Class: 1057K(1280K)->1057K(1280K)
[2026-01-16T08:28:44.024+0000][gc          ] GC(170) Pause Young (Normal) (G1 Evacuation Pause) 158M->109M(1024M) 222.417ms
[2026-01-16T08:28:44.027+0000][gc,cpu      ] GC(170) User=0.14s Sys=0.01s Real=0.22s
[2026-01-16T08:28:46.304+0000][gc,start    ] GC(171) Pause Young (Normal) (G1 Evacuation Pause)
[2026-01-16T08:28:46.305+0000][gc,task     ] GC(171) Using 8 workers of 8 for evacuation
[2026-01-16T08:28:46.624+0000][gc,mmu      ] GC(171) MMU target violated: 201.0ms (200.0ms/201.0ms)
[2026-01-16T08:28:46.625+0000][gc,phases   ] GC(171)   Pre Evacuate Collection Set: 42.2ms
[2026-01-16T08:28:46.625+0000][gc,phases   ] GC(171)   Merge Heap Roots: 3.1ms
[2026-01-16T08:28:46.626+0000][gc,phases   ] GC(171)   Evacuate Collection Set: 266.2ms
[2026-01-16T08:28:46.626+0000][gc,phases   ] GC(171)   Post Evacuate Collection Set: 6.3ms
[2026-01-16T08:28:46.627+0000][gc,phases   ] GC(171)   Other: 2.2ms
[2026-01-16T08:28:46.628+0000][gc,heap     ] GC(171) Eden regions: 49->0(49)
[2026-01-16T08:28:46.629+0000][gc,heap     ] GC(171) Survivor regions: 2->2(7)
[2026-01-16T08:28:46.629+0000][gc,heap     ] GC(171) Old regions: 55->55
[2026-01-16T08:28:46.630+0000][gc,heap     ] GC(171) Humongous regions: 54->54
[2026-01-16T08:28:46.630+0000][gc,metaspace] GC(171) Metaspace: 11641K(12032K)->11641K(12032K) NonClass: 10583K(10752K)->10583K(10752K) Class: 1057K(1280K)->1057K(1280K)
[2026-01-16T08:28:46.632+0000][gc          ] GC(171) Pause Young (Normal) (G1 Evacuation Pause) 158M->109M(1024M) 328.167ms
[2026-01-16T08:28:46.632+0000][gc,cpu      ] GC(171) User=0.20s Sys=0.01s Real=0.33s
[2026-01-16T08:28:52.263+0000][gc,start    ] GC(172) Pause Young (Normal) (G1 Evacuation Pause)
[2026-01-16T08:28:52.275+0000][gc,task     ] GC(172) Using 8 workers of 8 for evacuation
[2026-01-16T08:28:52.424+0000][gc,phases   ] GC(172)   Pre Evacuate Collection Set: 36.3ms
[2026-01-16T08:28:52.427+0000][gc,phases   ] GC(172)   Merge Heap Roots: 2.1ms
[2026-01-16T08:28:52.427+0000][gc,phases   ] GC(172)   Evacuate Collection Set: 88.8ms
[2026-01-16T08:28:52.427+0000][gc,phases   ] GC(172)   Post Evacuate Collection Set: 18.3ms
[2026-01-16T08:28:52.427+0000][gc,phases   ] GC(172)   Other: 10.1ms
[2026-01-16T08:28:52.428+0000][gc,heap     ] GC(172) Eden regions: 49->0(50)
[2026-01-16T08:28:52.428+0000][gc,heap     ] GC(172) Survivor regions: 2->1(7)
[2026-01-16T08:28:52.428+0000][gc,heap     ] GC(172) Old regions: 55->55
[2026-01-16T08:28:52.428+0000][gc,heap     ] GC(172) Humongous regions: 54->54
[2026-01-16T08:28:52.438+0000][gc,metaspace] GC(172) Metaspace: 11643K(12032K)->11643K(12032K) NonClass: 10586K(10752K)->10586K(10752K) Class: 1057K(1280K)->1057K(1280K)
[2026-01-16T08:28:52.439+0000][gc          ] GC(172) Pause Young (Normal) (G1 Evacuation Pause) 158M->109M(1024M) 176.749ms
[2026-01-16T08:28:52.440+0000][gc,cpu      ] GC(172) User=0.11s Sys=0.01s Real=0.18s
[2026-01-16T08:28:54.430+0000][gc,start    ] GC(173) Pause Young (Normal) (G1 Evacuation Pause)
[2026-01-16T08:28:54.434+0000][gc,task     ] GC(173) Using 8 workers of 8 for evacuation
[2026-01-16T08:28:54.719+0000][gc,mmu      ] GC(173) MMU target violated: 201.0ms (200.0ms/201.0ms)
[2026-01-16T08:28:54.720+0000][gc,phases   ] GC(173)   Pre Evacuate Collection Set: 25.3ms
[2026-01-16T08:28:54.723+0000][gc,phases   ] GC(173)   Merge Heap Roots: 4.3ms
[2026-01-16T08:28:54.723+0000][gc,phases   ] GC(173)   Evacuate Collection Set: 245.5ms
[2026-01-16T08:28:54.724+0000][gc,phases   ] GC(173)   Post Evacuate Collection Set: 6.3ms
[2026-01-16T08:28:54.724+0000][gc,phases   ] GC(173)   Other: 4.3ms
[2026-01-16T08:28:54.728+0000][gc,heap     ] GC(173) Eden regions: 50->0(49)
[2026-01-16T08:28:54.728+0000][gc,heap     ] GC(173) Survivor regions: 1->2(7)
[2026-01-16T08:28:54.728+0000][gc,heap     ] GC(173) Old regions: 55->55
[2026-01-16T08:28:54.730+0000][gc,heap     ] GC(173) Humongous regions: 54->54
[2026-01-16T08:28:54.730+0000][gc,metaspace] GC(173) Metaspace: 11645K(12032K)->11645K(12032K) NonClass: 10587K(10752K)->10587K(10752K) Class: 1057K(1280K)->1057K(1280K)
[2026-01-16T08:28:54.731+0000][gc          ] GC(173) Pause Young (Normal) (G1 Evacuation Pause) 159M->109M(1024M) 300.212ms
[2026-01-16T08:28:54.734+0000][gc,cpu      ] GC(173) User=0.12s Sys=0.01s Real=0.30s
[2026-01-16T08:29:01.903+0000][gc,start    ] GC(174) Pause Young (Normal) (G1 Evacuation Pause)
[2026-01-16T08:29:01.906+0000][gc,task     ] GC(174) Using 8 workers of 8 for evacuation
[2026-01-16T08:29:03.752+0000][gc,mmu      ] GC(174) MMU target violated: 201.0ms (200.0ms/201.0ms)
[2026-01-16T08:29:03.760+0000][gc,phases   ] GC(174)   Pre Evacuate Collection Set: 58.5ms
[2026-01-16T08:29:03.760+0000][gc,phases   ] GC(174)   Merge Heap Roots: 0.5ms
[2026-01-16T08:29:03.761+0000][gc,phases   ] GC(174)   Evacuate Collection Set: 145.5ms
[2026-01-16T08:29:03.761+0000][gc,phases   ] GC(174)   Post Evacuate Collection Set: 1621.0ms
[2026-01-16T08:29:03.762+0000][gc,phases   ] GC(174)   Other: 23.1ms
[2026-01-16T08:29:03.762+0000][gc,heap     ] GC(174) Eden regions: 49->0(50)
[2026-01-16T08:29:03.771+0000][gc,heap     ] GC(174) Survivor regions: 2->1(7)
[2026-01-16T08:29:03.771+0000][gc,heap     ] GC(174) Old regions: 55->55
[2026-01-16T08:29:03.773+0000][gc,heap     ] GC(174) Humongous regions: 54->54
[2026-01-16T08:29:03.773+0000][gc,metaspace] GC(174) Metaspace: 11649K(12032K)->11649K(12032K) NonClass: 10591K(10752K)->10591K(10752K) Class: 1057K(1280K)->1057K(1280K)
[2026-01-16T08:29:03.773+0000][gc          ] GC(174) Pause Young (Normal) (G1 Evacuation Pause) 158M->109M(1024M) 1864.641ms
[2026-01-16T08:29:03.774+0000][gc,cpu      ] GC(174) User=0.12s Sys=0.01s Real=1.87s
[2026-01-16T08:29:06.587+0000][gc,start    ] GC(175) Pause Young (Normal) (G1 Evacuation Pause)
[2026-01-16T08:29:06.589+0000][gc,task     ] GC(175) Using 8 workers of 8 for evacuation
[2026-01-16T08:29:06.780+0000][gc,phases   ] GC(175)   Pre Evacuate Collection Set: 23.4ms
[2026-01-16T08:29:06.792+0000][gc,phases   ] GC(175)   Merge Heap Roots: 0.5ms
[2026-01-16T08:29:06.792+0000][gc,phases   ] GC(175)   Evacuate Collection Set: 153.8ms
[2026-01-16T08:29:06.792+0000][gc,phases   ] GC(175)   Post Evacuate Collection Set: 12.3ms
[2026-01-16T08:29:06.793+0000][gc,phases   ] GC(175)   Other: 1.9ms
[2026-01-16T08:29:06.794+0000][gc,heap     ] GC(175) Eden regions: 50->0(49)
[2026-01-16T08:29:06.794+0000][gc,heap     ] GC(175) Survivor regions: 1->2(7)
[2026-01-16T08:29:06.794+0000][gc,heap     ] GC(175) Old regions: 55->55
[2026-01-16T08:29:06.794+0000][gc,heap     ] GC(175) Humongous regions: 54->54
[2026-01-16T08:29:06.794+0000][gc,metaspace] GC(175) Metaspace: 11650K(12032K)->11650K(12032K) NonClass: 10592K(10752K)->10592K(10752K) Class: 1057K(1280K)->1057K(1280K)
[2026-01-16T08:29:06.794+0000][gc          ] GC(175) Pause Young (Normal) (G1 Evacuation Pause) 159M->109M(1024M) 207.954ms
[2026-01-16T08:29:06.795+0000][gc,cpu      ] GC(175) User=0.12s Sys=0.01s Real=0.21s
[2026-01-16T08:29:08.570+0000][gc,start    ] GC(176) Pause Young (Normal) (G1 Evacuation Pause)
[2026-01-16T08:29:08.572+0000][gc,task     ] GC(176) Using 8 workers of 8 for evacuation
[2026-01-16T08:29:08.975+0000][gc,mmu      ] GC(176) MMU target violated: 201.0ms (200.0ms/201.0ms)
[2026-01-16T08:29:08.976+0000][gc,phases   ] GC(176)   Pre Evacuate Collection Set: 38.2ms
[2026-01-16T08:29:08.978+0000][gc,phases   ] GC(176)   Merge Heap Roots: 7.9ms
[2026-01-16T08:29:08.979+0000][gc,phases   ] GC(176)   Evacuate Collection Set: 323.4ms
[2026-01-16T08:29:08.983+0000][gc,phases   ] GC(176)   Post Evacuate Collection Set: 20.9ms
[2026-01-16T08:29:08.985+0000][gc,phases   ] GC(176)   Other: 13.2ms
[2026-01-16T08:29:08.986+0000][gc,heap     ] GC(176) Eden regions: 49->0(49)
[2026-01-16T08:29:08.986+0000][gc,heap     ] GC(176) Survivor regions: 2->2(7)
[2026-01-16T08:29:08.987+0000][gc,heap     ] GC(176) Old regions: 55->55
[2026-01-16T08:29:08.987+0000][gc,heap     ] GC(176) Humongous regions: 54->54
[2026-01-16T08:29:08.987+0000][gc,metaspace] GC(176) Metaspace: 11651K(12032K)->11651K(12032K) NonClass: 10594K(10752K)->10594K(10752K) Class: 1057K(1280K)->1057K(1280K)
[2026-01-16T08:29:08.991+0000][gc          ] GC(176) Pause Young (Normal) (G1 Evacuation Pause) 158M->110M(1024M) 420.758ms
[2026-01-16T08:29:08.993+0000][gc,cpu      ] GC(176) User=0.12s Sys=0.01s Real=0.42s
[2026-01-16T08:29:12.250+0000][gc,start    ] GC(177) Pause Young (Normal) (G1 Evacuation Pause)
[2026-01-16T08:29:12.255+0000][gc,task     ] GC(177) Using 8 workers of 8 for evacuation
[2026-01-16T08:29:12.527+0000][gc,mmu      ] GC(177) MMU target violated: 201.0ms (200.0ms/201.0ms)
[2026-01-16T08:29:12.529+0000][gc,phases   ] GC(177)   Pre Evacuate Collection Set: 63.1ms
[2026-01-16T08:29:12.536+0000][gc,phases   ] GC(177)   Merge Heap Roots: 1.5ms
[2026-01-16T08:29:12.537+0000][gc,phases   ] GC(177)   Evacuate Collection Set: 180.9ms
[2026-01-16T08:29:12.542+0000][gc,phases   ] GC(177)   Post Evacuate Collection Set: 23.5ms
[2026-01-16T08:29:12.544+0000][gc,phases   ] GC(177)   Other: 6.7ms
[2026-01-16T08:29:12.544+0000][gc,heap     ] GC(177) Eden regions: 49->0(50)
[2026-01-16T08:29:12.545+0000][gc,heap     ] GC(177) Survivor regions: 2->1(7)
[2026-01-16T08:29:12.546+0000][gc,heap     ] GC(177) Old regions: 55->55
[2026-01-16T08:29:12.547+0000][gc,heap     ] GC(177) Humongous regions: 54->54
[2026-01-16T08:29:12.547+0000][gc,metaspace] GC(177) Metaspace: 11651K(12032K)->11651K(12032K) NonClass: 10594K(10752K)->10594K(10752K) Class: 1057K(1280K)->1057K(1280K)
[2026-01-16T08:29:12.548+0000][gc          ] GC(177) Pause Young (Normal) (G1 Evacuation Pause) 159M->109M(1024M) 297.399ms
[2026-01-16T08:29:12.548+0000][gc,cpu      ] GC(177) User=0.12s Sys=0.01s Real=0.31s
[2026-01-16T08:29:14.324+0000][gc,start    ] GC(178) Pause Young (Normal) (G1 Evacuation Pause)
[2026-01-16T08:29:14.329+0000][gc,task     ] GC(178) Using 8 workers of 8 for evacuation
[2026-01-16T08:29:14.492+0000][gc,phases   ] GC(178)   Pre Evacuate Collection Set: 17.7ms
[2026-01-16T08:29:14.493+0000][gc,phases   ] GC(178)   Merge Heap Roots: 2.5ms
[2026-01-16T08:29:14.494+0000][gc,phases   ] GC(178)   Evacuate Collection Set: 138.1ms
[2026-01-16T08:29:14.494+0000][gc,phases   ] GC(178)   Post Evacuate Collection Set: 4.6ms
[2026-01-16T08:29:14.495+0000][gc,phases   ] GC(178)   Other: 0.6ms
[2026-01-16T08:29:14.495+0000][gc,heap     ] GC(178) Eden regions: 50->0(49)
[2026-01-16T08:29:14.495+0000][gc,heap     ] GC(178) Survivor regions: 1->2(7)
[2026-01-16T08:29:14.496+0000][gc,heap     ] GC(178) Old regions: 55->55
[2026-01-16T08:29:14.496+0000][gc,heap     ] GC(178) Humongous regions: 54->54
[2026-01-16T08:29:14.496+0000][gc,metaspace] GC(178) Metaspace: 11651K(12032K)->11651K(12032K) NonClass: 10594K(10752K)->10594K(10752K) Class: 1057K(1280K)->1057K(1280K)
[2026-01-16T08:29:14.498+0000][gc          ] GC(178) Pause Young (Normal) (G1 Evacuation Pause) 159M->110M(1024M) 174.577ms
[2026-01-16T08:29:14.499+0000][gc,cpu      ] GC(178) User=0.08s Sys=0.00s Real=0.17s
[2026-01-16T08:29:22.338+0000][gc,start    ] GC(179) Pause Young (Normal) (G1 Evacuation Pause)
[2026-01-16T08:29:22.340+0000][gc,task     ] GC(179) Using 8 workers of 8 for evacuation
[2026-01-16T08:29:22.623+0000][gc,mmu      ] GC(179) MMU target violated: 201.0ms (200.0ms/201.0ms)
[2026-01-16T08:29:22.623+0000][gc,phases   ] GC(179)   Pre Evacuate Collection Set: 31.7ms
[2026-01-16T08:29:22.623+0000][gc,phases   ] GC(179)   Merge Heap Roots: 7.6ms
[2026-01-16T08:29:22.623+0000][gc,phases   ] GC(179)   Evacuate Collection Set: 205.9ms
[2026-01-16T08:29:22.623+0000][gc,phases   ] GC(179)   Post Evacuate Collection Set: 36.3ms
[2026-01-16T08:29:22.623+0000][gc,phases   ] GC(179)   Other: 2.3ms
[2026-01-16T08:29:22.623+0000][gc,heap     ] GC(179) Eden regions: 49->0(50)
[2026-01-16T08:29:22.623+0000][gc,heap     ] GC(179) Survivor regions: 2->1(7)
[2026-01-16T08:29:22.623+0000][gc,heap     ] GC(179) Old regions: 55->55
[2026-01-16T08:29:22.625+0000][gc,heap     ] GC(179) Humongous regions: 54->54
[2026-01-16T08:29:22.625+0000][gc,metaspace] GC(179) Metaspace: 11656K(12032K)->11656K(12032K) NonClass: 10599K(10752K)->10599K(10752K) Class: 1057K(1280K)->1057K(1280K)
[2026-01-16T08:29:22.626+0000][gc          ] GC(179) Pause Young (Normal) (G1 Evacuation Pause) 159M->109M(1024M) 288.060ms
[2026-01-16T08:29:22.626+0000][gc,cpu      ] GC(179) User=0.09s Sys=0.02s Real=0.29s
[2026-01-16T08:29:24.662+0000][gc,start    ] GC(180) Pause Young (Normal) (G1 Evacuation Pause)
[2026-01-16T08:29:24.672+0000][gc,task     ] GC(180) Using 8 workers of 8 for evacuation
[2026-01-16T08:29:24.933+0000][gc,mmu      ] GC(180) MMU target violated: 201.0ms (200.0ms/201.0ms)
[2026-01-16T08:29:24.934+0000][gc,phases   ] GC(180)   Pre Evacuate Collection Set: 24.3ms
[2026-01-16T08:29:24.934+0000][gc,phases   ] GC(180)   Merge Heap Roots: 7.7ms
[2026-01-16T08:29:24.934+0000][gc,phases   ] GC(180)   Evacuate Collection Set: 189.9ms
[2026-01-16T08:29:24.934+0000][gc,phases   ] GC(180)   Post Evacuate Collection Set: 35.3ms
[2026-01-16T08:29:24.934+0000][gc,phases   ] GC(180)   Other: 4.5ms
[2026-01-16T08:29:24.934+0000][gc,heap     ] GC(180) Eden regions: 50->0(49)
[2026-01-16T08:29:24.934+0000][gc,heap     ] GC(180) Survivor regions: 1->2(7)
[2026-01-16T08:29:24.936+0000][gc,heap     ] GC(180) Old regions: 55->55
[2026-01-16T08:29:24.936+0000][gc,heap     ] GC(180) Humongous regions: 54->54
[2026-01-16T08:29:24.936+0000][gc,metaspace] GC(180) Metaspace: 11656K(12032K)->11656K(12032K) NonClass: 10599K(10752K)->10599K(10752K) Class: 1057K(1280K)->1057K(1280K)
[2026-01-16T08:29:24.937+0000][gc          ] GC(180) Pause Young (Normal) (G1 Evacuation Pause) 159M->110M(1024M) 274.882ms
[2026-01-16T08:29:24.939+0000][gc,cpu      ] GC(180) User=0.08s Sys=0.01s Real=0.28s
[2026-01-16T08:29:32.562+0000][gc,start    ] GC(181) Pause Young (Normal) (G1 Evacuation Pause)
[2026-01-16T08:29:32.568+0000][gc,task     ] GC(181) Using 8 workers of 8 for evacuation
[2026-01-16T08:29:32.690+0000][gc,phases   ] GC(181)   Pre Evacuate Collection Set: 5.5ms
[2026-01-16T08:29:32.690+0000][gc,phases   ] GC(181)   Merge Heap Roots: 1.4ms
[2026-01-16T08:29:32.690+0000][gc,phases   ] GC(181)   Evacuate Collection Set: 106.3ms
[2026-01-16T08:29:32.690+0000][gc,phases   ] GC(181)   Post Evacuate Collection Set: 7.4ms
[2026-01-16T08:29:32.691+0000][gc,phases   ] GC(181)   Other: 0.9ms
[2026-01-16T08:29:32.691+0000][gc,heap     ] GC(181) Eden regions: 49->0(50)
[2026-01-16T08:29:32.691+0000][gc,heap     ] GC(181) Survivor regions: 2->1(7)
[2026-01-16T08:29:32.691+0000][gc,heap     ] GC(181) Old regions: 55->55
[2026-01-16T08:29:32.691+0000][gc,heap     ] GC(181) Humongous regions: 54->54
[2026-01-16T08:29:32.691+0000][gc,metaspace] GC(181) Metaspace: 11659K(12032K)->11659K(12032K) NonClass: 10602K(10752K)->10602K(10752K) Class: 1057K(1280K)->1057K(1280K)
[2026-01-16T08:29:32.691+0000][gc          ] GC(181) Pause Young (Normal) (G1 Evacuation Pause) 159M->109M(1024M) 129.583ms
[2026-01-16T08:29:32.691+0000][gc,cpu      ] GC(181) User=0.07s Sys=0.00s Real=0.13s
[2026-01-16T08:29:34.329+0000][gc,start    ] GC(182) Pause Young (Normal) (G1 Evacuation Pause)
[2026-01-16T08:29:34.330+0000][gc,task     ] GC(182) Using 8 workers of 8 for evacuation
[2026-01-16T08:29:34.442+0000][gc,phases   ] GC(182)   Pre Evacuate Collection Set: 7.3ms
[2026-01-16T08:29:34.442+0000][gc,phases   ] GC(182)   Merge Heap Roots: 0.2ms
[2026-01-16T08:29:34.444+0000][gc,phases   ] GC(182)   Evacuate Collection Set: 98.0ms
[2026-01-16T08:29:34.444+0000][gc,phases   ] GC(182)   Post Evacuate Collection Set: 4.9ms
[2026-01-16T08:29:34.444+0000][gc,phases   ] GC(182)   Other: 1.0ms
[2026-01-16T08:29:34.444+0000][gc,heap     ] GC(182) Eden regions: 50->0(49)
[2026-01-16T08:29:34.444+0000][gc,heap     ] GC(182) Survivor regions: 1->2(7)
[2026-01-16T08:29:34.445+0000][gc,heap     ] GC(182) Old regions: 55->55
[2026-01-16T08:29:34.445+0000][gc,heap     ] GC(182) Humongous regions: 54->54
[2026-01-16T08:29:34.445+0000][gc,metaspace] GC(182) Metaspace: 11659K(12032K)->11659K(12032K) NonClass: 10602K(10752K)->10602K(10752K) Class: 1057K(1280K)->1057K(1280K)
[2026-01-16T08:29:34.445+0000][gc          ] GC(182) Pause Young (Normal) (G1 Evacuation Pause) 159M->109M(1024M) 115.890ms
[2026-01-16T08:29:34.445+0000][gc,cpu      ] GC(182) User=0.06s Sys=0.01s Real=0.12s
[2026-01-16T08:29:40.791+0000][gc,start    ] GC(183) Pause Young (Normal) (G1 Evacuation Pause)
[2026-01-16T08:29:40.793+0000][gc,task     ] GC(183) Using 8 workers of 8 for evacuation
[2026-01-16T08:29:40.924+0000][gc,phases   ] GC(183)   Pre Evacuate Collection Set: 14.9ms
[2026-01-16T08:29:40.927+0000][gc,phases   ] GC(183)   Merge Heap Roots: 0.5ms
[2026-01-16T08:29:40.929+0000][gc,phases   ] GC(183)   Evacuate Collection Set: 109.0ms
[2026-01-16T08:29:40.930+0000][gc,phases   ] GC(183)   Post Evacuate Collection Set: 4.7ms
[2026-01-16T08:29:40.931+0000][gc,phases   ] GC(183)   Other: 2.2ms
[2026-01-16T08:29:40.932+0000][gc,heap     ] GC(183) Eden regions: 49->0(50)
[2026-01-16T08:29:40.932+0000][gc,heap     ] GC(183) Survivor regions: 2->1(7)
[2026-01-16T08:29:40.933+0000][gc,heap     ] GC(183) Old regions: 55->55
[2026-01-16T08:29:40.934+0000][gc,heap     ] GC(183) Humongous regions: 54->54
[2026-01-16T08:29:40.935+0000][gc,metaspace] GC(183) Metaspace: 11669K(12032K)->11669K(12032K) NonClass: 10611K(10752K)->10611K(10752K) Class: 1057K(1280K)->1057K(1280K)
[2026-01-16T08:29:40.936+0000][gc          ] GC(183) Pause Young (Normal) (G1 Evacuation Pause) 158M->109M(1024M) 144.239ms
[2026-01-16T08:29:40.938+0000][gc,cpu      ] GC(183) User=0.10s Sys=0.01s Real=0.15s
[2026-01-16T08:29:42.830+0000][gc,start    ] GC(184) Pause Young (Normal) (G1 Evacuation Pause)
[2026-01-16T08:29:42.832+0000][gc,task     ] GC(184) Using 8 workers of 8 for evacuation
[2026-01-16T08:29:42.898+0000][gc,phases   ] GC(184)   Pre Evacuate Collection Set: 2.6ms
[2026-01-16T08:29:42.898+0000][gc,phases   ] GC(184)   Merge Heap Roots: 0.4ms
[2026-01-16T08:29:42.898+0000][gc,phases   ] GC(184)   Evacuate Collection Set: 53.3ms
[2026-01-16T08:29:42.898+0000][gc,phases   ] GC(184)   Post Evacuate Collection Set: 9.1ms
[2026-01-16T08:29:42.900+0000][gc,phases   ] GC(184)   Other: 0.3ms
[2026-01-16T08:29:42.900+0000][gc,heap     ] GC(184) Eden regions: 50->0(50)
[2026-01-16T08:29:42.900+0000][gc,heap     ] GC(184) Survivor regions: 1->1(7)
[2026-01-16T08:29:42.901+0000][gc,heap     ] GC(184) Old regions: 55->55
[2026-01-16T08:29:42.901+0000][gc,heap     ] GC(184) Humongous regions: 54->54
[2026-01-16T08:29:42.901+0000][gc,metaspace] GC(184) Metaspace: 11669K(12032K)->11669K(12032K) NonClass: 10611K(10752K)->10611K(10752K) Class: 1057K(1280K)->1057K(1280K)
[2026-01-16T08:29:42.901+0000][gc          ] GC(184) Pause Young (Normal) (G1 Evacuation Pause) 159M->109M(1024M) 70.999ms
[2026-01-16T08:29:42.902+0000][gc,cpu      ] GC(184) User=0.06s Sys=0.00s Real=0.07s
[2026-01-16T08:29:43.818+0000][gc,start    ] GC(185) Pause Young (Normal) (G1 Evacuation Pause)
[2026-01-16T08:29:43.820+0000][gc,task     ] GC(185) Using 8 workers of 8 for evacuation
[2026-01-16T08:29:43.895+0000][gc,phases   ] GC(185)   Pre Evacuate Collection Set: 8.2ms
[2026-01-16T08:29:43.896+0000][gc,phases   ] GC(185)   Merge Heap Roots: 0.2ms
[2026-01-16T08:29:43.897+0000][gc,phases   ] GC(185)   Evacuate Collection Set: 64.9ms
[2026-01-16T08:29:43.898+0000][gc,phases   ] GC(185)   Post Evacuate Collection Set: 0.8ms
[2026-01-16T08:29:43.899+0000][gc,phases   ] GC(185)   Other: 1.2ms
[2026-01-16T08:29:43.899+0000][gc,heap     ] GC(185) Eden regions: 50->0(49)
[2026-01-16T08:29:43.904+0000][gc,heap     ] GC(185) Survivor regions: 1->2(7)
[2026-01-16T08:29:43.905+0000][gc,heap     ] GC(185) Old regions: 55->55
[2026-01-16T08:29:43.907+0000][gc,heap     ] GC(185) Humongous regions: 54->54
[2026-01-16T08:29:43.907+0000][gc,metaspace] GC(185) Metaspace: 11669K(12032K)->11669K(12032K) NonClass: 10611K(10752K)->10611K(10752K) Class: 1057K(1280K)->1057K(1280K)
[2026-01-16T08:29:43.909+0000][gc          ] GC(185) Pause Young (Normal) (G1 Evacuation Pause) 159M->110M(1024M) 90.245ms
[2026-01-16T08:29:43.910+0000][gc,cpu      ] GC(185) User=0.04s Sys=0.00s Real=0.09s
[2026-01-16T08:29:51.970+0000][gc,start    ] GC(186) Pause Young (Normal) (G1 Evacuation Pause)
[2026-01-16T08:29:51.972+0000][gc,task     ] GC(186) Using 8 workers of 8 for evacuation
[2026-01-16T08:29:52.088+0000][gc,phases   ] GC(186)   Pre Evacuate Collection Set: 24.8ms
[2026-01-16T08:29:52.089+0000][gc,phases   ] GC(186)   Merge Heap Roots: 0.7ms
[2026-01-16T08:29:52.089+0000][gc,phases   ] GC(186)   Evacuate Collection Set: 73.4ms
[2026-01-16T08:29:52.089+0000][gc,phases   ] GC(186)   Post Evacuate Collection Set: 14.8ms
[2026-01-16T08:29:52.089+0000][gc,phases   ] GC(186)   Other: 2.2ms
[2026-01-16T08:29:52.089+0000][gc,heap     ] GC(186) Eden regions: 49->0(110)
[2026-01-16T08:29:52.089+0000][gc,heap     ] GC(186) Survivor regions: 2->1(7)
[2026-01-16T08:29:52.093+0000][gc,heap     ] GC(186) Old regions: 55->55
[2026-01-16T08:29:52.094+0000][gc,heap     ] GC(186) Humongous regions: 54->54
[2026-01-16T08:29:52.095+0000][gc,metaspace] GC(186) Metaspace: 11671K(12032K)->11671K(12032K) NonClass: 10614K(10752K)->10614K(10752K) Class: 1057K(1280K)->1057K(1280K)
[2026-01-16T08:29:52.097+0000][gc          ] GC(186) Pause Young (Normal) (G1 Evacuation Pause) 159M->109M(1024M) 126.949ms
[2026-01-16T08:29:52.098+0000][gc,cpu      ] GC(186) User=0.07s Sys=0.01s Real=0.13s
[2026-01-16T08:30:07.488+0000][gc,start    ] GC(187) Pause Young (Normal) (G1 Evacuation Pause)
[2026-01-16T08:30:07.494+0000][gc,task     ] GC(187) Using 8 workers of 8 for evacuation
[2026-01-16T08:30:07.960+0000][gc,mmu      ] GC(187) MMU target violated: 201.0ms (200.0ms/201.0ms)
[2026-01-16T08:30:07.961+0000][gc,phases   ] GC(187)   Pre Evacuate Collection Set: 47.5ms
[2026-01-16T08:30:07.961+0000][gc,phases   ] GC(187)   Merge Heap Roots: 5.2ms
[2026-01-16T08:30:07.961+0000][gc,phases   ] GC(187)   Evacuate Collection Set: 380.0ms
[2026-01-16T08:30:07.963+0000][gc,phases   ] GC(187)   Post Evacuate Collection Set: 30.5ms
[2026-01-16T08:30:07.964+0000][gc,phases   ] GC(187)   Other: 3.7ms
[2026-01-16T08:30:07.964+0000][gc,heap     ] GC(187) Eden regions: 114->0(50)
[2026-01-16T08:30:07.966+0000][gc,heap     ] GC(187) Survivor regions: 1->1(15)
[2026-01-16T08:30:07.966+0000][gc,heap     ] GC(187) Old regions: 55->55
[2026-01-16T08:30:07.969+0000][gc,heap     ] GC(187) Humongous regions: 54->54
[2026-01-16T08:30:07.973+0000][gc,metaspace] GC(187) Metaspace: 11680K(12032K)->11680K(12032K) NonClass: 10623K(10752K)->10623K(10752K) Class: 1057K(1280K)->1057K(1280K)
[2026-01-16T08:30:07.975+0000][gc          ] GC(187) Pause Young (Normal) (G1 Evacuation Pause) 223M->109M(1024M) 486.279ms
[2026-01-16T08:30:07.975+0000][gc,cpu      ] GC(187) User=0.26s Sys=0.02s Real=0.49s
[2026-01-16T08:30:12.382+0000][gc,start    ] GC(188) Pause Young (Normal) (G1 Evacuation Pause)
[2026-01-16T08:30:12.397+0000][gc,task     ] GC(188) Using 8 workers of 8 for evacuation
[2026-01-16T08:30:12.832+0000][gc,mmu      ] GC(188) MMU target violated: 201.0ms (200.0ms/201.0ms)
[2026-01-16T08:30:12.865+0000][gc,phases   ] GC(188)   Pre Evacuate Collection Set: 67.9ms
[2026-01-16T08:30:12.867+0000][gc,phases   ] GC(188)   Merge Heap Roots: 4.8ms
[2026-01-16T08:30:12.874+0000][gc,phases   ] GC(188)   Evacuate Collection Set: 340.2ms
[2026-01-16T08:30:12.877+0000][gc,phases   ] GC(188)   Post Evacuate Collection Set: 19.9ms
[2026-01-16T08:30:12.877+0000][gc,phases   ] GC(188)   Other: 36.4ms
[2026-01-16T08:30:12.878+0000][gc,heap     ] GC(188) Eden regions: 50->0(49)
[2026-01-16T08:30:12.878+0000][gc,heap     ] GC(188) Survivor regions: 1->2(7)
[2026-01-16T08:30:12.879+0000][gc,heap     ] GC(188) Old regions: 55->55
[2026-01-16T08:30:12.879+0000][gc,heap     ] GC(188) Humongous regions: 54->54
[2026-01-16T08:30:12.880+0000][gc,metaspace] GC(188) Metaspace: 11685K(12032K)->11685K(12032K) NonClass: 10627K(10752K)->10627K(10752K) Class: 1057K(1280K)->1057K(1280K)
[2026-01-16T08:30:12.880+0000][gc          ] GC(188) Pause Young (Normal) (G1 Evacuation Pause) 159M->110M(1024M) 501.177ms
[2026-01-16T08:30:12.883+0000][gc,cpu      ] GC(188) User=0.28s Sys=0.05s Real=0.50s
[2026-01-16T08:30:14.577+0000][gc,start    ] GC(189) Pause Young (Normal) (G1 Evacuation Pause)
[2026-01-16T08:30:14.582+0000][gc,task     ] GC(189) Using 8 workers of 8 for evacuation
[2026-01-16T08:30:14.718+0000][gc,phases   ] GC(189)   Pre Evacuate Collection Set: 8.2ms
[2026-01-16T08:30:14.719+0000][gc,phases   ] GC(189)   Merge Heap Roots: 6.7ms
[2026-01-16T08:30:14.719+0000][gc,phases   ] GC(189)   Evacuate Collection Set: 118.8ms
[2026-01-16T08:30:14.719+0000][gc,phases   ] GC(189)   Post Evacuate Collection Set: 1.5ms
[2026-01-16T08:30:14.720+0000][gc,phases   ] GC(189)   Other: 1.0ms
[2026-01-16T08:30:14.720+0000][gc,heap     ] GC(189) Eden regions: 49->0(49)
[2026-01-16T08:30:14.720+0000][gc,heap     ] GC(189) Survivor regions: 2->2(7)
[2026-01-16T08:30:14.720+0000][gc,heap     ] GC(189) Old regions: 55->55
[2026-01-16T08:30:14.720+0000][gc,heap     ] GC(189) Humongous regions: 54->54
[2026-01-16T08:30:14.721+0000][gc,metaspace] GC(189) Metaspace: 11685K(12032K)->11685K(12032K) NonClass: 10627K(10752K)->10627K(10752K) Class: 1057K(1280K)->1057K(1280K)
[2026-01-16T08:30:14.721+0000][gc          ] GC(189) Pause Young (Normal) (G1 Evacuation Pause) 159M->110M(1024M) 144.686ms
[2026-01-16T08:30:14.722+0000][gc,cpu      ] GC(189) User=0.08s Sys=0.00s Real=0.14s
[2026-01-16T08:30:16.093+0000][gc,start    ] GC(190) Pause Young (Normal) (G1 Evacuation Pause)
[2026-01-16T08:30:16.097+0000][gc,task     ] GC(190) Using 8 workers of 8 for evacuation
[2026-01-16T08:30:16.166+0000][gc,phases   ] GC(190)   Pre Evacuate Collection Set: 12.4ms
[2026-01-16T08:30:16.168+0000][gc,phases   ] GC(190)   Merge Heap Roots: 4.8ms
[2026-01-16T08:30:16.170+0000][gc,phases   ] GC(190)   Evacuate Collection Set: 48.2ms
[2026-01-16T08:30:16.170+0000][gc,phases   ] GC(190)   Post Evacuate Collection Set: 0.8ms
[2026-01-16T08:30:16.171+0000][gc,phases   ] GC(190)   Other: 4.8ms
[2026-01-16T08:30:16.175+0000][gc,heap     ] GC(190) Eden regions: 49->0(49)
[2026-01-16T08:30:16.180+0000][gc,heap     ] GC(190) Survivor regions: 2->2(7)
[2026-01-16T08:30:16.182+0000][gc,heap     ] GC(190) Old regions: 55->55
[2026-01-16T08:30:16.182+0000][gc,heap     ] GC(190) Humongous regions: 54->54
[2026-01-16T08:30:16.183+0000][gc,metaspace] GC(190) Metaspace: 11685K(12032K)->11685K(12032K) NonClass: 10627K(10752K)->10627K(10752K) Class: 1057K(1280K)->1057K(1280K)
[2026-01-16T08:30:16.184+0000][gc          ] GC(190) Pause Young (Normal) (G1 Evacuation Pause) 159M->110M(1024M) 91.363ms
[2026-01-16T08:30:16.184+0000][gc,cpu      ] GC(190) User=0.04s Sys=0.01s Real=0.10s
[2026-01-16T08:30:24.581+0000][gc,start    ] GC(191) Pause Young (Normal) (G1 Evacuation Pause)
[2026-01-16T08:30:24.583+0000][gc,task     ] GC(191) Using 8 workers of 8 for evacuation
[2026-01-16T08:30:24.771+0000][gc,phases   ] GC(191)   Pre Evacuate Collection Set: 37.4ms
[2026-01-16T08:30:24.772+0000][gc,phases   ] GC(191)   Merge Heap Roots: 1.3ms
[2026-01-16T08:30:24.772+0000][gc,phases   ] GC(191)   Evacuate Collection Set: 127.4ms
[2026-01-16T08:30:24.772+0000][gc,phases   ] GC(191)   Post Evacuate Collection Set: 18.3ms
[2026-01-16T08:30:24.772+0000][gc,phases   ] GC(191)   Other: 1.2ms
[2026-01-16T08:30:24.772+0000][gc,heap     ] GC(191) Eden regions: 49->0(50)
[2026-01-16T08:30:24.772+0000][gc,heap     ] GC(191) Survivor regions: 2->1(7)
[2026-01-16T08:30:24.772+0000][gc,heap     ] GC(191) Old regions: 55->55
[2026-01-16T08:30:24.772+0000][gc,heap     ] GC(191) Humongous regions: 54->54
[2026-01-16T08:30:24.773+0000][gc,metaspace] GC(191) Metaspace: 11688K(12032K)->11688K(12032K) NonClass: 10630K(10752K)->10630K(10752K) Class: 1057K(1280K)->1057K(1280K)
[2026-01-16T08:30:24.775+0000][gc          ] GC(191) Pause Young (Normal) (G1 Evacuation Pause) 159M->109M(1024M) 194.884ms
[2026-01-16T08:30:24.776+0000][gc,cpu      ] GC(191) User=0.10s Sys=0.01s Real=0.20s
[2026-01-16T08:30:28.417+0000][gc,start    ] GC(192) Pause Young (Normal) (G1 Evacuation Pause)
[2026-01-16T08:30:28.417+0000][gc,task     ] GC(192) Using 8 workers of 8 for evacuation
[2026-01-16T08:30:28.971+0000][gc,mmu      ] GC(192) MMU target violated: 201.0ms (200.0ms/201.0ms)
[2026-01-16T08:30:28.971+0000][gc,phases   ] GC(192)   Pre Evacuate Collection Set: 29.1ms
[2026-01-16T08:30:28.972+0000][gc,phases   ] GC(192)   Merge Heap Roots: 2.9ms
[2026-01-16T08:30:28.972+0000][gc,phases   ] GC(192)   Evacuate Collection Set: 490.0ms
[2026-01-16T08:30:28.972+0000][gc,phases   ] GC(192)   Post Evacuate Collection Set: 28.7ms
[2026-01-16T08:30:28.972+0000][gc,phases   ] GC(192)   Other: 3.7ms
[2026-01-16T08:30:28.973+0000][gc,heap     ] GC(192) Eden regions: 60->0(49)
[2026-01-16T08:30:28.973+0000][gc,heap     ] GC(192) Survivor regions: 1->2(8)
[2026-01-16T08:30:28.973+0000][gc,heap     ] GC(192) Old regions: 55->55
[2026-01-16T08:30:28.974+0000][gc,heap     ] GC(192) Humongous regions: 54->54
[2026-01-16T08:30:28.974+0000][gc,metaspace] GC(192) Metaspace: 11691K(12032K)->11691K(12032K) NonClass: 10633K(10752K)->10633K(10752K) Class: 1057K(1280K)->1057K(1280K)
[2026-01-16T08:30:28.996+0000][gc          ] GC(192) Pause Young (Normal) (G1 Evacuation Pause) 169M->110M(1024M) 579.370ms
[2026-01-16T08:30:28.998+0000][gc,cpu      ] GC(192) User=0.27s Sys=0.03s Real=0.58s
[2026-01-16T08:30:34.124+0000][gc,start    ] GC(193) Pause Young (Normal) (G1 Evacuation Pause)
[2026-01-16T08:30:34.133+0000][gc,task     ] GC(193) Using 8 workers of 8 for evacuation
[2026-01-16T08:30:34.310+0000][gc,phases   ] GC(193)   Pre Evacuate Collection Set: 40.7ms
[2026-01-16T08:30:34.311+0000][gc,phases   ] GC(193)   Merge Heap Roots: 1.1ms
[2026-01-16T08:30:34.311+0000][gc,phases   ] GC(193)   Evacuate Collection Set: 121.5ms
[2026-01-16T08:30:34.311+0000][gc,phases   ] GC(193)   Post Evacuate Collection Set: 12.4ms
[2026-01-16T08:30:34.311+0000][gc,phases   ] GC(193)   Other: 1.4ms
[2026-01-16T08:30:34.311+0000][gc,heap     ] GC(193) Eden regions: 49->0(50)
[2026-01-16T08:30:34.312+0000][gc,heap     ] GC(193) Survivor regions: 2->1(7)
[2026-01-16T08:30:34.318+0000][gc,heap     ] GC(193) Old regions: 55->55
[2026-01-16T08:30:34.318+0000][gc,heap     ] GC(193) Humongous regions: 54->54
[2026-01-16T08:30:34.318+0000][gc,metaspace] GC(193) Metaspace: 11696K(12096K)->11696K(12096K) NonClass: 10639K(10816K)->10639K(10816K) Class: 1057K(1280K)->1057K(1280K)
[2026-01-16T08:30:34.319+0000][gc          ] GC(193) Pause Young (Normal) (G1 Evacuation Pause) 159M->109M(1024M) 195.802ms
[2026-01-16T08:30:34.319+0000][gc,cpu      ] GC(193) User=0.09s Sys=0.00s Real=0.20s
[2026-01-16T08:30:36.289+0000][gc,start    ] GC(194) Pause Young (Normal) (G1 Evacuation Pause)
[2026-01-16T08:30:36.294+0000][gc,task     ] GC(194) Using 8 workers of 8 for evacuation
[2026-01-16T08:30:36.360+0000][gc,phases   ] GC(194)   Pre Evacuate Collection Set: 14.1ms
[2026-01-16T08:30:36.363+0000][gc,phases   ] GC(194)   Merge Heap Roots: 0.3ms
[2026-01-16T08:30:36.363+0000][gc,phases   ] GC(194)   Evacuate Collection Set: 39.5ms
[2026-01-16T08:30:36.364+0000][gc,phases   ] GC(194)   Post Evacuate Collection Set: 6.8ms
[2026-01-16T08:30:36.364+0000][gc,phases   ] GC(194)   Other: 4.9ms
[2026-01-16T08:30:36.364+0000][gc,heap     ] GC(194) Eden regions: 50->0(49)
[2026-01-16T08:30:36.365+0000][gc,heap     ] GC(194) Survivor regions: 1->2(7)
[2026-01-16T08:30:36.366+0000][gc,heap     ] GC(194) Old regions: 55->55
[2026-01-16T08:30:36.366+0000][gc,heap     ] GC(194) Humongous regions: 54->54
[2026-01-16T08:30:36.366+0000][gc,metaspace] GC(194) Metaspace: 11696K(12096K)->11696K(12096K) NonClass: 10639K(10816K)->10639K(10816K) Class: 1057K(1280K)->1057K(1280K)
[2026-01-16T08:30:36.367+0000][gc          ] GC(194) Pause Young (Normal) (G1 Evacuation Pause) 159M->110M(1024M) 78.894ms
[2026-01-16T08:30:36.368+0000][gc,cpu      ] GC(194) User=0.06s Sys=0.01s Real=0.08s
[2026-01-16T08:30:42.298+0000][gc,start    ] GC(195) Pause Young (Normal) (G1 Evacuation Pause)
[2026-01-16T08:30:42.323+0000][gc,task     ] GC(195) Using 8 workers of 8 for evacuation
[2026-01-16T08:30:42.514+0000][gc,phases   ] GC(195)   Pre Evacuate Collection Set: 27.1ms
[2026-01-16T08:30:42.516+0000][gc,phases   ] GC(195)   Merge Heap Roots: 6.2ms
[2026-01-16T08:30:42.517+0000][gc,phases   ] GC(195)   Evacuate Collection Set: 123.5ms
[2026-01-16T08:30:42.520+0000][gc,phases   ] GC(195)   Post Evacuate Collection Set: 29.2ms
[2026-01-16T08:30:42.521+0000][gc,phases   ] GC(195)   Other: 11.3ms
[2026-01-16T08:30:42.521+0000][gc,heap     ] GC(195) Eden regions: 49->0(58)
[2026-01-16T08:30:42.521+0000][gc,heap     ] GC(195) Survivor regions: 2->1(7)
[2026-01-16T08:30:42.521+0000][gc,heap     ] GC(195) Old regions: 55->55
[2026-01-16T08:30:42.522+0000][gc,heap     ] GC(195) Humongous regions: 54->54
[2026-01-16T08:30:42.524+0000][gc,metaspace] GC(195) Metaspace: 11696K(12096K)->11696K(12096K) NonClass: 10639K(10816K)->10639K(10816K) Class: 1057K(1280K)->1057K(1280K)
[2026-01-16T08:30:42.526+0000][gc          ] GC(195) Pause Young (Normal) (G1 Evacuation Pause) 159M->109M(1024M) 227.429ms
[2026-01-16T08:30:42.527+0000][gc,cpu      ] GC(195) User=0.10s Sys=0.01s Real=0.23s
[2026-01-16T08:30:45.899+0000][gc,start    ] GC(196) Pause Young (Normal) (G1 Evacuation Pause)
[2026-01-16T08:30:45.903+0000][gc,task     ] GC(196) Using 8 workers of 8 for evacuation
[2026-01-16T08:30:46.027+0000][gc,phases   ] GC(196)   Pre Evacuate Collection Set: 18.9ms
[2026-01-16T08:30:46.029+0000][gc,phases   ] GC(196)   Merge Heap Roots: 1.8ms
[2026-01-16T08:30:46.030+0000][gc,phases   ] GC(196)   Evacuate Collection Set: 99.6ms
[2026-01-16T08:30:46.030+0000][gc,phases   ] GC(196)   Post Evacuate Collection Set: 1.6ms
[2026-01-16T08:30:46.030+0000][gc,phases   ] GC(196)   Other: 2.8ms
[2026-01-16T08:30:46.030+0000][gc,heap     ] GC(196) Eden regions: 61->0(51)
[2026-01-16T08:30:46.031+0000][gc,heap     ] GC(196) Survivor regions: 1->2(8)
[2026-01-16T08:30:46.031+0000][gc,heap     ] GC(196) Old regions: 55->55
[2026-01-16T08:30:46.032+0000][gc,heap     ] GC(196) Humongous regions: 54->54
[2026-01-16T08:30:46.035+0000][gc,metaspace] GC(196) Metaspace: 11696K(12096K)->11696K(12096K) NonClass: 10639K(10816K)->10639K(10816K) Class: 1057K(1280K)->1057K(1280K)
[2026-01-16T08:30:46.038+0000][gc          ] GC(196) Pause Young (Normal) (G1 Evacuation Pause) 170M->110M(1024M) 138.762ms
[2026-01-16T08:30:46.040+0000][gc,cpu      ] GC(196) User=0.12s Sys=0.01s Real=0.14s
[2026-01-16T08:30:52.395+0000][gc,start    ] GC(197) Pause Young (Normal) (G1 Evacuation Pause)
[2026-01-16T08:30:52.409+0000][gc,task     ] GC(197) Using 8 workers of 8 for evacuation
[2026-01-16T08:30:53.039+0000][gc,mmu      ] GC(197) MMU target violated: 201.0ms (200.0ms/201.0ms)
[2026-01-16T08:30:53.040+0000][gc,phases   ] GC(197)   Pre Evacuate Collection Set: 99.1ms
[2026-01-16T08:30:53.041+0000][gc,phases   ] GC(197)   Merge Heap Roots: 47.4ms
[2026-01-16T08:30:53.045+0000][gc,phases   ] GC(197)   Evacuate Collection Set: 433.5ms
[2026-01-16T08:30:53.047+0000][gc,phases   ] GC(197)   Post Evacuate Collection Set: 47.4ms
[2026-01-16T08:30:53.047+0000][gc,phases   ] GC(197)   Other: 9.2ms
[2026-01-16T08:30:53.047+0000][gc,heap     ] GC(197) Eden regions: 55->0(50)
[2026-01-16T08:30:53.047+0000][gc,heap     ] GC(197) Survivor regions: 2->1(8)
[2026-01-16T08:30:53.047+0000][gc,heap     ] GC(197) Old regions: 55->55
[2026-01-16T08:30:53.050+0000][gc,heap     ] GC(197) Humongous regions: 54->54
[2026-01-16T08:30:53.052+0000][gc,metaspace] GC(197) Metaspace: 11697K(12096K)->11697K(12096K) NonClass: 10639K(10816K)->10639K(10816K) Class: 1057K(1280K)->1057K(1280K)
[2026-01-16T08:30:53.057+0000][gc          ] GC(197) Pause Young (Normal) (G1 Evacuation Pause) 165M->109M(1024M) 661.337ms
[2026-01-16T08:30:53.058+0000][gc,cpu      ] GC(197) User=0.25s Sys=0.04s Real=0.66s
[2026-01-16T08:30:56.585+0000][gc,start    ] GC(198) Pause Young (Normal) (G1 Evacuation Pause)
[2026-01-16T08:30:56.643+0000][gc,task     ] GC(198) Using 8 workers of 8 for evacuation
[2026-01-16T08:30:57.283+0000][gc,mmu      ] GC(198) MMU target violated: 201.0ms (200.0ms/201.0ms)
[2026-01-16T08:30:57.284+0000][gc,phases   ] GC(198)   Pre Evacuate Collection Set: 177.8ms
[2026-01-16T08:30:57.285+0000][gc,phases   ] GC(198)   Merge Heap Roots: 17.3ms
[2026-01-16T08:30:57.285+0000][gc,phases   ] GC(198)   Evacuate Collection Set: 426.6ms
[2026-01-16T08:30:57.285+0000][gc,phases   ] GC(198)   Post Evacuate Collection Set: 1.2ms
[2026-01-16T08:30:57.290+0000][gc,phases   ] GC(198)   Other: 62.2ms
[2026-01-16T08:30:57.291+0000][gc,heap     ] GC(198) Eden regions: 50->0(49)
[2026-01-16T08:30:57.292+0000][gc,heap     ] GC(198) Survivor regions: 1->2(7)
[2026-01-16T08:30:57.292+0000][gc,heap     ] GC(198) Old regions: 55->56
[2026-01-16T08:30:57.293+0000][gc,heap     ] GC(198) Humongous regions: 54->54
[2026-01-16T08:30:57.294+0000][gc,metaspace] GC(198) Metaspace: 11697K(12096K)->11697K(12096K) NonClass: 10639K(10816K)->10639K(10816K) Class: 1057K(1280K)->1057K(1280K)
[2026-01-16T08:30:57.296+0000][gc          ] GC(198) Pause Young (Normal) (G1 Evacuation Pause) 159M->109M(1024M) 710.835ms
[2026-01-16T08:30:57.301+0000][gc,cpu      ] GC(198) User=0.23s Sys=0.05s Real=0.71s
[2026-01-16T08:31:00.713+0000][gc,start    ] GC(199) Pause Young (Normal) (G1 Evacuation Pause)
[2026-01-16T08:31:00.719+0000][gc,task     ] GC(199) Using 8 workers of 8 for evacuation
[2026-01-16T08:31:00.834+0000][gc,phases   ] GC(199)   Pre Evacuate Collection Set: 17.9ms
[2026-01-16T08:31:00.841+0000][gc,phases   ] GC(199)   Merge Heap Roots: 2.3ms
[2026-01-16T08:31:00.841+0000][gc,phases   ] GC(199)   Evacuate Collection Set: 58.7ms
[2026-01-16T08:31:00.841+0000][gc,phases   ] GC(199)   Post Evacuate Collection Set: 32.3ms
[2026-01-16T08:31:00.841+0000][gc,phases   ] GC(199)   Other: 3.9ms
[2026-01-16T08:31:00.842+0000][gc,heap     ] GC(199) Eden regions: 49->0(50)
[2026-01-16T08:31:00.842+0000][gc,heap     ] GC(199) Survivor regions: 2->1(7)
[2026-01-16T08:31:00.844+0000][gc,heap     ] GC(199) Old regions: 56->56
[2026-01-16T08:31:00.844+0000][gc,heap     ] GC(199) Humongous regions: 54->54
[2026-01-16T08:31:00.845+0000][gc,metaspace] GC(199) Metaspace: 11697K(12096K)->11697K(12096K) NonClass: 10639K(10816K)->10639K(10816K) Class: 1057K(1280K)->1057K(1280K)
[2026-01-16T08:31:00.862+0000][gc          ] GC(199) Pause Young (Normal) (G1 Evacuation Pause) 158M->109M(1024M) 148.765ms
[2026-01-16T08:31:00.863+0000][gc,cpu      ] GC(199) User=0.09s Sys=0.01s Real=0.15s
[2026-01-16T08:31:04.608+0000][gc,start    ] GC(200) Pause Young (Normal) (G1 Evacuation Pause)
[2026-01-16T08:31:04.610+0000][gc,task     ] GC(200) Using 8 workers of 8 for evacuation
[2026-01-16T08:31:04.852+0000][gc,mmu      ] GC(200) MMU target violated: 201.0ms (200.0ms/201.0ms)
[2026-01-16T08:31:04.852+0000][gc,phases   ] GC(200)   Pre Evacuate Collection Set: 18.5ms
[2026-01-16T08:31:04.854+0000][gc,phases   ] GC(200)   Merge Heap Roots: 0.6ms
[2026-01-16T08:31:04.854+0000][gc,phases   ] GC(200)   Evacuate Collection Set: 202.6ms
[2026-01-16T08:31:04.855+0000][gc,phases   ] GC(200)   Post Evacuate Collection Set: 7.6ms
[2026-01-16T08:31:04.855+0000][gc,phases   ] GC(200)   Other: 13.1ms
[2026-01-16T08:31:04.857+0000][gc,heap     ] GC(200) Eden regions: 50->0(50)
[2026-01-16T08:31:04.857+0000][gc,heap     ] GC(200) Survivor regions: 1->1(7)
[2026-01-16T08:31:04.858+0000][gc,heap     ] GC(200) Old regions: 56->56
[2026-01-16T08:31:04.858+0000][gc,heap     ] GC(200) Humongous regions: 54->54
[2026-01-16T08:31:04.859+0000][gc,metaspace] GC(200) Metaspace: 11697K(12096K)->11697K(12096K) NonClass: 10639K(10816K)->10639K(10816K) Class: 1057K(1280K)->1057K(1280K)
[2026-01-16T08:31:04.859+0000][gc          ] GC(200) Pause Young (Normal) (G1 Evacuation Pause) 159M->109M(1024M) 251.526ms
[2026-01-16T08:31:04.859+0000][gc,cpu      ] GC(200) User=0.19s Sys=0.02s Real=0.25s
[2026-01-16T08:31:06.882+0000][gc,start    ] GC(201) Pause Young (Normal) (G1 Evacuation Pause)
[2026-01-16T08:31:06.888+0000][gc,task     ] GC(201) Using 8 workers of 8 for evacuation
[2026-01-16T08:31:07.259+0000][gc,mmu      ] GC(201) MMU target violated: 201.0ms (200.0ms/201.0ms)
[2026-01-16T08:31:07.260+0000][gc,phases   ] GC(201)   Pre Evacuate Collection Set: 47.9ms
[2026-01-16T08:31:07.260+0000][gc,phases   ] GC(201)   Merge Heap Roots: 19.0ms
[2026-01-16T08:31:07.261+0000][gc,phases   ] GC(201)   Evacuate Collection Set: 232.9ms
[2026-01-16T08:31:07.261+0000][gc,phases   ] GC(201)   Post Evacuate Collection Set: 11.4ms
[2026-01-16T08:31:07.261+0000][gc,phases   ] GC(201)   Other: 60.9ms
[2026-01-16T08:31:07.261+0000][gc,heap     ] GC(201) Eden regions: 50->0(49)
[2026-01-16T08:31:07.261+0000][gc,heap     ] GC(201) Survivor regions: 1->2(7)
[2026-01-16T08:31:07.261+0000][gc,heap     ] GC(201) Old regions: 56->56
[2026-01-16T08:31:07.262+0000][gc,heap     ] GC(201) Humongous regions: 54->54
[2026-01-16T08:31:07.262+0000][gc,metaspace] GC(201) Metaspace: 11697K(12096K)->11697K(12096K) NonClass: 10639K(10816K)->10639K(10816K) Class: 1057K(1280K)->1057K(1280K)
[2026-01-16T08:31:07.262+0000][gc          ] GC(201) Pause Young (Normal) (G1 Evacuation Pause) 159M->110M(1024M) 380.176ms
[2026-01-16T08:31:07.265+0000][gc,cpu      ] GC(201) User=0.12s Sys=0.01s Real=0.39s
[2026-01-16T08:31:13.799+0000][gc,start    ] GC(202) Pause Young (Normal) (G1 Evacuation Pause)
[2026-01-16T08:31:13.800+0000][gc,task     ] GC(202) Using 8 workers of 8 for evacuation
[2026-01-16T08:31:14.035+0000][gc,mmu      ] GC(202) MMU target violated: 201.0ms (200.0ms/201.0ms)
[2026-01-16T08:31:14.036+0000][gc,phases   ] GC(202)   Pre Evacuate Collection Set: 55.5ms
[2026-01-16T08:31:14.038+0000][gc,phases   ] GC(202)   Merge Heap Roots: 3.6ms
[2026-01-16T08:31:14.038+0000][gc,phases   ] GC(202)   Evacuate Collection Set: 159.1ms
[2026-01-16T08:31:14.040+0000][gc,phases   ] GC(202)   Post Evacuate Collection Set: 9.8ms
[2026-01-16T08:31:14.040+0000][gc,phases   ] GC(202)   Other: 8.6ms
[2026-01-16T08:31:14.043+0000][gc,heap     ] GC(202) Eden regions: 49->0(50)
[2026-01-16T08:31:14.043+0000][gc,heap     ] GC(202) Survivor regions: 2->1(7)
[2026-01-16T08:31:14.044+0000][gc,heap     ] GC(202) Old regions: 56->56
[2026-01-16T08:31:14.045+0000][gc,heap     ] GC(202) Humongous regions: 54->54
[2026-01-16T08:31:14.045+0000][gc,metaspace] GC(202) Metaspace: 11697K(12096K)->11697K(12096K) NonClass: 10639K(10816K)->10639K(10816K) Class: 1057K(1280K)->1057K(1280K)
[2026-01-16T08:31:14.046+0000][gc          ] GC(202) Pause Young (Normal) (G1 Evacuation Pause) 159M->109M(1024M) 246.535ms
[2026-01-16T08:31:14.046+0000][gc,cpu      ] GC(202) User=0.14s Sys=0.02s Real=0.25s
[2026-01-16T08:31:17.067+0000][gc,start    ] GC(203) Pause Young (Normal) (G1 Evacuation Pause)
[2026-01-16T08:31:17.072+0000][gc,task     ] GC(203) Using 8 workers of 8 for evacuation
[2026-01-16T08:31:17.239+0000][gc,phases   ] GC(203)   Pre Evacuate Collection Set: 44.5ms
[2026-01-16T08:31:17.239+0000][gc,phases   ] GC(203)   Merge Heap Roots: 2.2ms
[2026-01-16T08:31:17.243+0000][gc,phases   ] GC(203)   Evacuate Collection Set: 92.6ms
[2026-01-16T08:31:17.243+0000][gc,phases   ] GC(203)   Post Evacuate Collection Set: 21.9ms
[2026-01-16T08:31:17.243+0000][gc,phases   ] GC(203)   Other: 6.2ms
[2026-01-16T08:31:17.243+0000][gc,heap     ] GC(203) Eden regions: 50->0(49)
[2026-01-16T08:31:17.250+0000][gc,heap     ] GC(203) Survivor regions: 1->2(7)
[2026-01-16T08:31:17.250+0000][gc,heap     ] GC(203) Old regions: 56->56
[2026-01-16T08:31:17.250+0000][gc,heap     ] GC(203) Humongous regions: 54->54
[2026-01-16T08:31:17.251+0000][gc,metaspace] GC(203) Metaspace: 11697K(12096K)->11697K(12096K) NonClass: 10639K(10816K)->10639K(10816K) Class: 1057K(1280K)->1057K(1280K)
[2026-01-16T08:31:17.254+0000][gc          ] GC(203) Pause Young (Normal) (G1 Evacuation Pause) 159M->110M(1024M) 186.713ms
[2026-01-16T08:31:17.255+0000][gc,cpu      ] GC(203) User=0.13s Sys=0.01s Real=0.19s
[2026-01-16T08:31:21.613+0000][gc,start    ] GC(204) Pause Young (Normal) (G1 Evacuation Pause)
[2026-01-16T08:31:21.617+0000][gc,task     ] GC(204) Using 8 workers of 8 for evacuation
[2026-01-16T08:31:21.693+0000][gc,phases   ] GC(204)   Pre Evacuate Collection Set: 19.5ms
[2026-01-16T08:31:21.695+0000][gc,phases   ] GC(204)   Merge Heap Roots: 1.3ms
[2026-01-16T08:31:21.695+0000][gc,phases   ] GC(204)   Evacuate Collection Set: 51.2ms
[2026-01-16T08:31:21.696+0000][gc,phases   ] GC(204)   Post Evacuate Collection Set: 3.8ms
[2026-01-16T08:31:21.696+0000][gc,phases   ] GC(204)   Other: 1.7ms
[2026-01-16T08:31:21.698+0000][gc,heap     ] GC(204) Eden regions: 49->0(74)
[2026-01-16T08:31:21.698+0000][gc,heap     ] GC(204) Survivor regions: 2->1(7)
[2026-01-16T08:31:21.699+0000][gc,heap     ] GC(204) Old regions: 56->56
[2026-01-16T08:31:21.700+0000][gc,heap     ] GC(204) Humongous regions: 54->54
[2026-01-16T08:31:21.702+0000][gc,metaspace] GC(204) Metaspace: 11700K(12096K)->11700K(12096K) NonClass: 10642K(10816K)->10642K(10816K) Class: 1057K(1280K)->1057K(1280K)
[2026-01-16T08:31:21.705+0000][gc          ] GC(204) Pause Young (Normal) (G1 Evacuation Pause) 159M->109M(1024M) 92.090ms
[2026-01-16T08:31:21.705+0000][gc,cpu      ] GC(204) User=0.05s Sys=0.00s Real=0.10s
[2026-01-16T08:31:25.129+0000][gc,start    ] GC(205) Pause Young (Normal) (G1 Evacuation Pause)
[2026-01-16T08:31:25.132+0000][gc,task     ] GC(205) Using 8 workers of 8 for evacuation
[2026-01-16T08:31:25.275+0000][gc,phases   ] GC(205)   Pre Evacuate Collection Set: 13.2ms
[2026-01-16T08:31:25.279+0000][gc,phases   ] GC(205)   Merge Heap Roots: 3.2ms
[2026-01-16T08:31:25.280+0000][gc,phases   ] GC(205)   Evacuate Collection Set: 107.1ms
[2026-01-16T08:31:25.283+0000][gc,phases   ] GC(205)   Post Evacuate Collection Set: 18.5ms
[2026-01-16T08:31:25.283+0000][gc,phases   ] GC(205)   Other: 1.9ms
[2026-01-16T08:31:25.284+0000][gc,heap     ] GC(205) Eden regions: 77->0(63)
[2026-01-16T08:31:25.284+0000][gc,heap     ] GC(205) Survivor regions: 1->2(10)
[2026-01-16T08:31:25.284+0000][gc,heap     ] GC(205) Old regions: 56->56
[2026-01-16T08:31:25.284+0000][gc,heap     ] GC(205) Humongous regions: 54->54
[2026-01-16T08:31:25.288+0000][gc,metaspace] GC(205) Metaspace: 11700K(12096K)->11700K(12096K) NonClass: 10642K(10816K)->10642K(10816K) Class: 1057K(1280K)->1057K(1280K)
[2026-01-16T08:31:25.295+0000][gc          ] GC(205) Pause Young (Normal) (G1 Evacuation Pause) 186M->110M(1024M) 165.347ms
[2026-01-16T08:31:25.296+0000][gc,cpu      ] GC(205) User=0.11s Sys=0.01s Real=0.17s
[2026-01-16T08:31:32.542+0000][gc,start    ] GC(206) Pause Young (Normal) (G1 Evacuation Pause)
[2026-01-16T08:31:32.547+0000][gc,task     ] GC(206) Using 8 workers of 8 for evacuation
[2026-01-16T08:31:32.613+0000][gc,phases   ] GC(206)   Pre Evacuate Collection Set: 5.3ms
[2026-01-16T08:31:32.614+0000][gc,phases   ] GC(206)   Merge Heap Roots: 2.8ms
[2026-01-16T08:31:32.614+0000][gc,phases   ] GC(206)   Evacuate Collection Set: 51.1ms
[2026-01-16T08:31:32.614+0000][gc,phases   ] GC(206)   Post Evacuate Collection Set: 5.0ms
[2026-01-16T08:31:32.615+0000][gc,phases   ] GC(206)   Other: 1.5ms
[2026-01-16T08:31:32.615+0000][gc,heap     ] GC(206) Eden regions: 65->0(146)
[2026-01-16T08:31:32.617+0000][gc,heap     ] GC(206) Survivor regions: 2->2(9)
[2026-01-16T08:31:32.627+0000][gc,heap     ] GC(206) Old regions: 56->56
[2026-01-16T08:31:32.635+0000][gc,heap     ] GC(206) Humongous regions: 54->54
[2026-01-16T08:31:32.641+0000][gc,metaspace] GC(206) Metaspace: 11701K(12096K)->11701K(12096K) NonClass: 10643K(10816K)->10643K(10816K) Class: 1057K(1280K)->1057K(1280K)
[2026-01-16T08:31:32.641+0000][gc          ] GC(206) Pause Young (Normal) (G1 Evacuation Pause) 175M->110M(1024M) 98.881ms
[2026-01-16T08:31:32.643+0000][gc,cpu      ] GC(206) User=0.08s Sys=0.00s Real=0.10s
[2026-01-16T08:32:01.792+0000][gc,start    ] GC(207) Pause Young (Normal) (G1 Evacuation Pause)
[2026-01-16T08:32:01.821+0000][gc,task     ] GC(207) Using 8 workers of 8 for evacuation
[2026-01-16T08:32:03.053+0000][gc,mmu      ] GC(207) MMU target violated: 201.0ms (200.0ms/201.0ms)
[2026-01-16T08:32:03.056+0000][gc,phases   ] GC(207)   Pre Evacuate Collection Set: 120.1ms
[2026-01-16T08:32:03.058+0000][gc,phases   ] GC(207)   Merge Heap Roots: 9.0ms
[2026-01-16T08:32:03.059+0000][gc,phases   ] GC(207)   Evacuate Collection Set: 1065.1ms
[2026-01-16T08:32:03.059+0000][gc,phases   ] GC(207)   Post Evacuate Collection Set: 41.7ms
[2026-01-16T08:32:03.059+0000][gc,phases   ] GC(207)   Other: 19.8ms
[2026-01-16T08:32:03.060+0000][gc,heap     ] GC(207) Eden regions: 146->0(49)
[2026-01-16T08:32:03.061+0000][gc,heap     ] GC(207) Survivor regions: 2->2(19)
[2026-01-16T08:32:03.063+0000][gc,heap     ] GC(207) Old regions: 56->56
[2026-01-16T08:32:03.063+0000][gc,heap     ] GC(207) Humongous regions: 54->54
[2026-01-16T08:32:03.069+0000][gc,metaspace] GC(207) Metaspace: 11701K(12096K)->11701K(12096K) NonClass: 10643K(10816K)->10643K(10816K) Class: 1057K(1280K)->1057K(1280K)
[2026-01-16T08:32:03.108+0000][gc          ] GC(207) Pause Young (Normal) (G1 Evacuation Pause) 256M->110M(1024M) 1323.049ms
[2026-01-16T08:32:03.134+0000][gc,cpu      ] GC(207) User=0.70s Sys=0.08s Real=1.35s
[2026-01-16T08:32:15.466+0000][gc,start    ] GC(208) Pause Young (Normal) (G1 Evacuation Pause)
[2026-01-16T08:32:15.468+0000][gc,task     ] GC(208) Using 8 workers of 8 for evacuation
[2026-01-16T08:32:16.214+0000][gc,mmu      ] GC(208) MMU target violated: 201.0ms (200.0ms/201.0ms)
[2026-01-16T08:32:16.225+0000][gc,phases   ] GC(208)   Pre Evacuate Collection Set: 98.6ms
[2026-01-16T08:32:16.226+0000][gc,phases   ] GC(208)   Merge Heap Roots: 17.9ms
[2026-01-16T08:32:16.226+0000][gc,phases   ] GC(208)   Evacuate Collection Set: 600.4ms
[2026-01-16T08:32:16.226+0000][gc,phases   ] GC(208)   Post Evacuate Collection Set: 17.2ms
[2026-01-16T08:32:16.226+0000][gc,phases   ] GC(208)   Other: 15.5ms
[2026-01-16T08:32:16.226+0000][gc,heap     ] GC(208) Eden regions: 49->0(48)
[2026-01-16T08:32:16.227+0000][gc,heap     ] GC(208) Survivor regions: 2->3(7)
[2026-01-16T08:32:16.227+0000][gc,heap     ] GC(208) Old regions: 56->56
[2026-01-16T08:32:16.232+0000][gc,heap     ] GC(208) Humongous regions: 54->54
[2026-01-16T08:32:16.238+0000][gc,metaspace] GC(208) Metaspace: 11709K(12096K)->11709K(12096K) NonClass: 10651K(10816K)->10651K(10816K) Class: 1057K(1280K)->1057K(1280K)
[2026-01-16T08:32:16.241+0000][gc          ] GC(208) Pause Young (Normal) (G1 Evacuation Pause) 159M->111M(1024M) 774.777ms
[2026-01-16T08:32:16.257+0000][gc,cpu      ] GC(208) User=0.40s Sys=0.07s Real=0.80s
[2026-01-16T08:32:19.993+0000][gc,start    ] GC(209) Pause Young (Normal) (G1 Evacuation Pause)
[2026-01-16T08:32:19.995+0000][gc,task     ] GC(209) Using 8 workers of 8 for evacuation
[2026-01-16T08:32:21.384+0000][gc,mmu      ] GC(209) MMU target violated: 201.0ms (200.0ms/201.0ms)
[2026-01-16T08:32:21.400+0000][gc,phases   ] GC(209)   Pre Evacuate Collection Set: 211.3ms
[2026-01-16T08:32:21.401+0000][gc,phases   ] GC(209)   Merge Heap Roots: 2.7ms
[2026-01-16T08:32:21.406+0000][gc,phases   ] GC(209)   Evacuate Collection Set: 1039.8ms
[2026-01-16T08:32:21.412+0000][gc,phases   ] GC(209)   Post Evacuate Collection Set: 130.2ms
[2026-01-16T08:32:21.412+0000][gc,phases   ] GC(209)   Other: 22.1ms
[2026-01-16T08:32:21.413+0000][gc,heap     ] GC(209) Eden regions: 48->0(48)
[2026-01-16T08:32:21.414+0000][gc,heap     ] GC(209) Survivor regions: 3->3(7)
[2026-01-16T08:32:21.414+0000][gc,heap     ] GC(209) Old regions: 56->56
[2026-01-16T08:32:21.415+0000][gc,heap     ] GC(209) Humongous regions: 54->54
[2026-01-16T08:32:21.415+0000][gc,metaspace] GC(209) Metaspace: 11713K(12160K)->11713K(12160K) NonClass: 10655K(10880K)->10655K(10880K) Class: 1057K(1280K)->1057K(1280K)
[2026-01-16T08:32:21.424+0000][gc          ] GC(209) Pause Young (Normal) (G1 Evacuation Pause) 159M->112M(1024M) 1431.550ms
[2026-01-16T08:32:21.437+0000][gc,cpu      ] GC(209) User=0.52s Sys=0.06s Real=1.43s
[2026-01-16T08:32:25.718+0000][gc,start    ] GC(210) Pause Young (Normal) (G1 Evacuation Pause)
[2026-01-16T08:32:25.750+0000][gc,task     ] GC(210) Using 8 workers of 8 for evacuation
[2026-01-16T08:32:26.497+0000][gc,mmu      ] GC(210) MMU target violated: 201.0ms (200.0ms/201.0ms)
[2026-01-16T08:32:26.499+0000][gc,phases   ] GC(210)   Pre Evacuate Collection Set: 234.9ms
[2026-01-16T08:32:26.503+0000][gc,phases   ] GC(210)   Merge Heap Roots: 1.4ms
[2026-01-16T08:32:26.503+0000][gc,phases   ] GC(210)   Evacuate Collection Set: 429.2ms
[2026-01-16T08:32:26.504+0000][gc,phases   ] GC(210)   Post Evacuate Collection Set: 77.3ms
[2026-01-16T08:32:26.505+0000][gc,phases   ] GC(210)   Other: 15.8ms
[2026-01-16T08:32:26.505+0000][gc,heap     ] GC(210) Eden regions: 48->0(48)
[2026-01-16T08:32:26.506+0000][gc,heap     ] GC(210) Survivor regions: 3->3(7)
[2026-01-16T08:32:26.506+0000][gc,heap     ] GC(210) Old regions: 56->56
[2026-01-16T08:32:26.506+0000][gc,heap     ] GC(210) Humongous regions: 54->54
[2026-01-16T08:32:26.506+0000][gc,metaspace] GC(210) Metaspace: 11715K(12160K)->11715K(12160K) NonClass: 10657K(10880K)->10657K(10880K) Class: 1057K(1280K)->1057K(1280K)
[2026-01-16T08:32:26.507+0000][gc          ] GC(210) Pause Young (Normal) (G1 Evacuation Pause) 160M->111M(1024M) 789.005ms
[2026-01-16T08:32:26.512+0000][gc,cpu      ] GC(210) User=0.32s Sys=0.04s Real=0.79s
[2026-01-16T08:32:30.790+0000][gc,start    ] GC(211) Pause Young (Normal) (G1 Evacuation Pause)
[2026-01-16T08:32:30.798+0000][gc,task     ] GC(211) Using 8 workers of 8 for evacuation
[2026-01-16T08:32:32.133+0000][gc,mmu      ] GC(211) MMU target violated: 201.0ms (200.0ms/201.0ms)
[2026-01-16T08:32:32.135+0000][gc,phases   ] GC(211)   Pre Evacuate Collection Set: 98.8ms
[2026-01-16T08:32:32.136+0000][gc,phases   ] GC(211)   Merge Heap Roots: 2.7ms
[2026-01-16T08:32:32.136+0000][gc,phases   ] GC(211)   Evacuate Collection Set: 1177.0ms
[2026-01-16T08:32:32.137+0000][gc,phases   ] GC(211)   Post Evacuate Collection Set: 54.0ms
[2026-01-16T08:32:32.138+0000][gc,phases   ] GC(211)   Other: 5.3ms
[2026-01-16T08:32:32.138+0000][gc,heap     ] GC(211) Eden regions: 48->0(48)
[2026-01-16T08:32:32.142+0000][gc,heap     ] GC(211) Survivor regions: 3->3(7)
[2026-01-16T08:32:32.143+0000][gc,heap     ] GC(211) Old regions: 56->56
[2026-01-16T08:32:32.146+0000][gc,heap     ] GC(211) Humongous regions: 54->54
[2026-01-16T08:32:32.149+0000][gc,metaspace] GC(211) Metaspace: 11715K(12160K)->11715K(12160K) NonClass: 10657K(10880K)->10657K(10880K) Class: 1057K(1280K)->1057K(1280K)
[2026-01-16T08:32:32.153+0000][gc          ] GC(211) Pause Young (Normal) (G1 Evacuation Pause) 159M->111M(1024M) 1362.831ms
[2026-01-16T08:32:32.154+0000][gc,cpu      ] GC(211) User=0.58s Sys=0.04s Real=1.36s
[2026-01-16T08:32:34.989+0000][gc,start    ] GC(212) Pause Young (Normal) (G1 Evacuation Pause)
[2026-01-16T08:32:34.996+0000][gc,task     ] GC(212) Using 8 workers of 8 for evacuation
[2026-01-16T08:32:35.751+0000][gc,mmu      ] GC(212) MMU target violated: 201.0ms (200.0ms/201.0ms)
[2026-01-16T08:32:35.751+0000][gc,phases   ] GC(212)   Pre Evacuate Collection Set: 46.7ms
[2026-01-16T08:32:35.751+0000][gc,phases   ] GC(212)   Merge Heap Roots: 0.5ms
[2026-01-16T08:32:35.751+0000][gc,phases   ] GC(212)   Evacuate Collection Set: 647.0ms
[2026-01-16T08:32:35.753+0000][gc,phases   ] GC(212)   Post Evacuate Collection Set: 44.5ms
[2026-01-16T08:32:35.753+0000][gc,phases   ] GC(212)   Other: 18.7ms
[2026-01-16T08:32:35.754+0000][gc,heap     ] GC(212) Eden regions: 48->0(47)
[2026-01-16T08:32:35.754+0000][gc,heap     ] GC(212) Survivor regions: 3->4(7)
[2026-01-16T08:32:35.754+0000][gc,heap     ] GC(212) Old regions: 56->56
[2026-01-16T08:32:35.754+0000][gc,heap     ] GC(212) Humongous regions: 54->54
[2026-01-16T08:32:35.754+0000][gc,metaspace] GC(212) Metaspace: 11716K(12160K)->11716K(12160K) NonClass: 10658K(10880K)->10658K(10880K) Class: 1057K(1280K)->1057K(1280K)
[2026-01-16T08:32:35.755+0000][gc          ] GC(212) Pause Young (Normal) (G1 Evacuation Pause) 159M->112M(1024M) 765.734ms
[2026-01-16T08:32:35.755+0000][gc,cpu      ] GC(212) User=0.30s Sys=0.04s Real=0.76s
[2026-01-16T08:32:39.880+0000][gc,start    ] GC(213) Pause Young (Normal) (G1 Evacuation Pause)
[2026-01-16T08:32:39.884+0000][gc,task     ] GC(213) Using 8 workers of 8 for evacuation
[2026-01-16T08:32:40.159+0000][gc,mmu      ] GC(213) MMU target violated: 201.0ms (200.0ms/201.0ms)
[2026-01-16T08:32:40.160+0000][gc,phases   ] GC(213)   Pre Evacuate Collection Set: 44.8ms
[2026-01-16T08:32:40.160+0000][gc,phases   ] GC(213)   Merge Heap Roots: 1.0ms
[2026-01-16T08:32:40.160+0000][gc,phases   ] GC(213)   Evacuate Collection Set: 225.1ms
[2026-01-16T08:32:40.160+0000][gc,phases   ] GC(213)   Post Evacuate Collection Set: 3.2ms
[2026-01-16T08:32:40.160+0000][gc,phases   ] GC(213)   Other: 1.8ms
[2026-01-16T08:32:40.160+0000][gc,heap     ] GC(213) Eden regions: 47->0(47)
[2026-01-16T08:32:40.160+0000][gc,heap     ] GC(213) Survivor regions: 4->4(7)
[2026-01-16T08:32:40.160+0000][gc,heap     ] GC(213) Old regions: 56->56
[2026-01-16T08:32:40.160+0000][gc,heap     ] GC(213) Humongous regions: 54->54
[2026-01-16T08:32:40.160+0000][gc,metaspace] GC(213) Metaspace: 11718K(12160K)->11718K(12160K) NonClass: 10660K(10880K)->10660K(10880K) Class: 1057K(1280K)->1057K(1280K)
[2026-01-16T08:32:40.160+0000][gc          ] GC(213) Pause Young (Normal) (G1 Evacuation Pause) 159M->113M(1024M) 280.519ms
[2026-01-16T08:32:40.161+0000][gc,cpu      ] GC(213) User=0.16s Sys=0.01s Real=0.28s
[2026-01-16T08:32:42.346+0000][gc,start    ] GC(214) Pause Young (Normal) (G1 Evacuation Pause)
[2026-01-16T08:32:42.352+0000][gc,task     ] GC(214) Using 8 workers of 8 for evacuation
[2026-01-16T08:32:43.197+0000][gc,mmu      ] GC(214) MMU target violated: 201.0ms (200.0ms/201.0ms)
[2026-01-16T08:32:43.202+0000][gc,phases   ] GC(214)   Pre Evacuate Collection Set: 21.0ms
[2026-01-16T08:32:43.202+0000][gc,phases   ] GC(214)   Merge Heap Roots: 0.2ms
[2026-01-16T08:32:43.202+0000][gc,phases   ] GC(214)   Evacuate Collection Set: 813.4ms
[2026-01-16T08:32:43.203+0000][gc,phases   ] GC(214)   Post Evacuate Collection Set: 10.3ms
[2026-01-16T08:32:43.203+0000][gc,phases   ] GC(214)   Other: 5.5ms
[2026-01-16T08:32:43.207+0000][gc,heap     ] GC(214) Eden regions: 47->0(46)
[2026-01-16T08:32:43.207+0000][gc,heap     ] GC(214) Survivor regions: 4->5(7)
[2026-01-16T08:32:43.207+0000][gc,heap     ] GC(214) Old regions: 56->56
[2026-01-16T08:32:43.208+0000][gc,heap     ] GC(214) Humongous regions: 54->54
[2026-01-16T08:32:43.208+0000][gc,metaspace] GC(214) Metaspace: 11719K(12160K)->11719K(12160K) NonClass: 10661K(10880K)->10661K(10880K) Class: 1057K(1280K)->1057K(1280K)
[2026-01-16T08:32:43.210+0000][gc          ] GC(214) Pause Young (Normal) (G1 Evacuation Pause) 160M->114M(1024M) 864.043ms
[2026-01-16T08:32:43.213+0000][gc,cpu      ] GC(214) User=0.30s Sys=0.03s Real=0.87s
[2026-01-16T08:32:46.969+0000][gc,start    ] GC(215) Pause Young (Normal) (G1 Evacuation Pause)
[2026-01-16T08:32:46.975+0000][gc,task     ] GC(215) Using 8 workers of 8 for evacuation
[2026-01-16T08:32:47.454+0000][gc,mmu      ] GC(215) MMU target violated: 201.0ms (200.0ms/201.0ms)
[2026-01-16T08:32:47.456+0000][gc,phases   ] GC(215)   Pre Evacuate Collection Set: 127.8ms
[2026-01-16T08:32:47.457+0000][gc,phases   ] GC(215)   Merge Heap Roots: 4.9ms
[2026-01-16T08:32:47.458+0000][gc,phases   ] GC(215)   Evacuate Collection Set: 305.6ms
[2026-01-16T08:32:47.458+0000][gc,phases   ] GC(215)   Post Evacuate Collection Set: 16.2ms
[2026-01-16T08:32:47.459+0000][gc,phases   ] GC(215)   Other: 27.0ms
[2026-01-16T08:32:47.461+0000][gc,heap     ] GC(215) Eden regions: 46->0(46)
[2026-01-16T08:32:47.462+0000][gc,heap     ] GC(215) Survivor regions: 5->5(7)
[2026-01-16T08:32:47.463+0000][gc,heap     ] GC(215) Old regions: 56->57
[2026-01-16T08:32:47.464+0000][gc,heap     ] GC(215) Humongous regions: 54->54
[2026-01-16T08:32:47.464+0000][gc,metaspace] GC(215) Metaspace: 11727K(12160K)->11727K(12160K) NonClass: 10669K(10880K)->10669K(10880K) Class: 1057K(1280K)->1057K(1280K)
[2026-01-16T08:32:47.465+0000][gc          ] GC(215) Pause Young (Normal) (G1 Evacuation Pause) 160M->114M(1024M) 496.568ms
[2026-01-16T08:32:47.465+0000][gc,cpu      ] GC(215) User=0.20s Sys=0.03s Real=0.49s
[2026-01-16T08:32:53.095+0000][gc,start    ] GC(216) Pause Young (Normal) (G1 Evacuation Pause)
[2026-01-16T08:32:53.128+0000][gc,task     ] GC(216) Using 8 workers of 8 for evacuation
[2026-01-16T08:32:53.949+0000][gc,mmu      ] GC(216) MMU target violated: 201.0ms (200.0ms/201.0ms)
[2026-01-16T08:32:53.954+0000][gc,phases   ] GC(216)   Pre Evacuate Collection Set: 47.0ms
[2026-01-16T08:32:53.954+0000][gc,phases   ] GC(216)   Merge Heap Roots: 1.1ms
[2026-01-16T08:32:53.954+0000][gc,phases   ] GC(216)   Evacuate Collection Set: 723.2ms
[2026-01-16T08:32:53.955+0000][gc,phases   ] GC(216)   Post Evacuate Collection Set: 41.0ms
[2026-01-16T08:32:53.956+0000][gc,phases   ] GC(216)   Other: 36.8ms
[2026-01-16T08:32:53.959+0000][gc,heap     ] GC(216) Eden regions: 46->0(46)
[2026-01-16T08:32:53.960+0000][gc,heap     ] GC(216) Survivor regions: 5->5(7)
[2026-01-16T08:32:54.001+0000][gc,heap     ] GC(216) Old regions: 57->58
[2026-01-16T08:32:54.012+0000][gc,heap     ] GC(216) Humongous regions: 54->54
[2026-01-16T08:32:54.015+0000][gc,metaspace] GC(216) Metaspace: 11728K(12160K)->11728K(12160K) NonClass: 10670K(10880K)->10670K(10880K) Class: 1057K(1280K)->1057K(1280K)
[2026-01-16T08:32:54.054+0000][gc          ] GC(216) Pause Young (Normal) (G1 Evacuation Pause) 160M->115M(1024M) 958.407ms
[2026-01-16T08:32:54.058+0000][gc,cpu      ] GC(216) User=0.30s Sys=0.05s Real=0.96s
[2026-01-16T08:32:55.935+0000][gc,start    ] GC(217) Pause Young (Normal) (G1 Evacuation Pause)
[2026-01-16T08:32:55.940+0000][gc,task     ] GC(217) Using 8 workers of 8 for evacuation
[2026-01-16T08:32:56.340+0000][gc,mmu      ] GC(217) MMU target violated: 201.0ms (200.0ms/201.0ms)
[2026-01-16T08:32:56.351+0000][gc,phases   ] GC(217)   Pre Evacuate Collection Set: 15.9ms
[2026-01-16T08:32:56.352+0000][gc,phases   ] GC(217)   Merge Heap Roots: 0.4ms
[2026-01-16T08:32:56.352+0000][gc,phases   ] GC(217)   Evacuate Collection Set: 356.1ms
[2026-01-16T08:32:56.352+0000][gc,phases   ] GC(217)   Post Evacuate Collection Set: 20.8ms
[2026-01-16T08:32:56.352+0000][gc,phases   ] GC(217)   Other: 18.6ms
[2026-01-16T08:32:56.353+0000][gc,heap     ] GC(217) Eden regions: 46->0(46)
[2026-01-16T08:32:56.354+0000][gc,heap     ] GC(217) Survivor regions: 5->5(7)
[2026-01-16T08:32:56.354+0000][gc,heap     ] GC(217) Old regions: 58->58
[2026-01-16T08:32:56.354+0000][gc,heap     ] GC(217) Humongous regions: 54->54
[2026-01-16T08:32:56.354+0000][gc,metaspace] GC(217) Metaspace: 11728K(12160K)->11728K(12160K) NonClass: 10670K(10880K)->10670K(10880K) Class: 1057K(1280K)->1057K(1280K)
[2026-01-16T08:32:56.354+0000][gc          ] GC(217) Pause Young (Normal) (G1 Evacuation Pause) 161M->115M(1024M) 418.990ms
[2026-01-16T08:32:56.354+0000][gc,cpu      ] GC(217) User=0.23s Sys=0.03s Real=0.42s
[2026-01-16T08:32:57.251+0000][gc,start    ] GC(218) Pause Young (Normal) (G1 Evacuation Pause)
[2026-01-16T08:32:57.253+0000][gc,task     ] GC(218) Using 8 workers of 8 for evacuation
[2026-01-16T08:32:57.473+0000][gc,mmu      ] GC(218) MMU target violated: 201.0ms (200.0ms/201.0ms)
[2026-01-16T08:32:57.475+0000][gc,phases   ] GC(218)   Pre Evacuate Collection Set: 3.0ms
[2026-01-16T08:32:57.475+0000][gc,phases   ] GC(218)   Merge Heap Roots: 0.5ms
[2026-01-16T08:32:57.476+0000][gc,phases   ] GC(218)   Evacuate Collection Set: 184.3ms
[2026-01-16T08:32:57.477+0000][gc,phases   ] GC(218)   Post Evacuate Collection Set: 1.3ms
[2026-01-16T08:32:57.478+0000][gc,phases   ] GC(218)   Other: 32.3ms
[2026-01-16T08:32:57.479+0000][gc,heap     ] GC(218) Eden regions: 46->0(46)
[2026-01-16T08:32:57.479+0000][gc,heap     ] GC(218) Survivor regions: 5->5(7)
[2026-01-16T08:32:57.480+0000][gc,heap     ] GC(218) Old regions: 58->59
[2026-01-16T08:32:57.481+0000][gc,heap     ] GC(218) Humongous regions: 54->54
[2026-01-16T08:32:57.482+0000][gc,metaspace] GC(218) Metaspace: 11729K(12160K)->11729K(12160K) NonClass: 10671K(10880K)->10671K(10880K) Class: 1057K(1280K)->1057K(1280K)
[2026-01-16T08:32:57.484+0000][gc          ] GC(218) Pause Young (Normal) (G1 Evacuation Pause) 161M->116M(1024M) 232.206ms
[2026-01-16T08:32:57.485+0000][gc,cpu      ] GC(218) User=0.10s Sys=0.05s Real=0.23s
[2026-01-16T08:33:00.653+0000][gc,start    ] GC(219) Pause Young (Normal) (G1 Evacuation Pause)
[2026-01-16T08:33:00.658+0000][gc,task     ] GC(219) Using 8 workers of 8 for evacuation
[2026-01-16T08:33:01.188+0000][gc,mmu      ] GC(219) MMU target violated: 201.0ms (200.0ms/201.0ms)
[2026-01-16T08:33:01.196+0000][gc,phases   ] GC(219)   Pre Evacuate Collection Set: 25.6ms
[2026-01-16T08:33:01.197+0000][gc,phases   ] GC(219)   Merge Heap Roots: 0.4ms
[2026-01-16T08:33:01.197+0000][gc,phases   ] GC(219)   Evacuate Collection Set: 419.7ms
[2026-01-16T08:33:01.198+0000][gc,phases   ] GC(219)   Post Evacuate Collection Set: 78.7ms
[2026-01-16T08:33:01.198+0000][gc,phases   ] GC(219)   Other: 15.1ms
[2026-01-16T08:33:01.198+0000][gc,heap     ] GC(219) Eden regions: 46->0(47)
[2026-01-16T08:33:01.198+0000][gc,heap     ] GC(219) Survivor regions: 5->4(7)
[2026-01-16T08:33:01.198+0000][gc,heap     ] GC(219) Old regions: 59->60
[2026-01-16T08:33:01.198+0000][gc,heap     ] GC(219) Humongous regions: 54->54
[2026-01-16T08:33:01.198+0000][gc,metaspace] GC(219) Metaspace: 11732K(12160K)->11732K(12160K) NonClass: 10674K(10880K)->10674K(10880K) Class: 1057K(1280K)->1057K(1280K)
[2026-01-16T08:33:01.199+0000][gc          ] GC(219) Pause Young (Normal) (G1 Evacuation Pause) 162M->116M(1024M) 546.021ms
[2026-01-16T08:33:01.204+0000][gc,cpu      ] GC(219) User=0.22s Sys=0.05s Real=0.55s
[2026-01-16T08:33:03.206+0000][gc,start    ] GC(220) Pause Young (Normal) (G1 Evacuation Pause)
[2026-01-16T08:33:03.209+0000][gc,task     ] GC(220) Using 8 workers of 8 for evacuation
[2026-01-16T08:33:03.651+0000][gc,mmu      ] GC(220) MMU target violated: 201.0ms (200.0ms/201.0ms)
[2026-01-16T08:33:03.677+0000][gc,phases   ] GC(220)   Pre Evacuate Collection Set: 15.6ms
[2026-01-16T08:33:03.678+0000][gc,phases   ] GC(220)   Merge Heap Roots: 3.7ms
[2026-01-16T08:33:03.678+0000][gc,phases   ] GC(220)   Evacuate Collection Set: 334.7ms
[2026-01-16T08:33:03.681+0000][gc,phases   ] GC(220)   Post Evacuate Collection Set: 53.3ms
[2026-01-16T08:33:03.684+0000][gc,phases   ] GC(220)   Other: 61.5ms
[2026-01-16T08:33:03.685+0000][gc,heap     ] GC(220) Eden regions: 47->0(46)
[2026-01-16T08:33:03.685+0000][gc,heap     ] GC(220) Survivor regions: 4->5(7)
[2026-01-16T08:33:03.685+0000][gc,heap     ] GC(220) Old regions: 60->60
[2026-01-16T08:33:03.685+0000][gc,heap     ] GC(220) Humongous regions: 54->54
[2026-01-16T08:33:03.686+0000][gc,metaspace] GC(220) Metaspace: 11732K(12160K)->11732K(12160K) NonClass: 10674K(10880K)->10674K(10880K) Class: 1057K(1280K)->1057K(1280K)
[2026-01-16T08:33:03.690+0000][gc          ] GC(220) Pause Young (Normal) (G1 Evacuation Pause) 163M->118M(1024M) 484.440ms
[2026-01-16T08:33:03.692+0000][gc,cpu      ] GC(220) User=0.27s Sys=0.05s Real=0.52s
[2026-01-16T08:33:05.732+0000][gc,start    ] GC(221) Pause Young (Normal) (G1 Evacuation Pause)
[2026-01-16T08:33:05.746+0000][gc,task     ] GC(221) Using 8 workers of 8 for evacuation
[2026-01-16T08:33:06.113+0000][gc,mmu      ] GC(221) MMU target violated: 201.0ms (200.0ms/201.0ms)
[2026-01-16T08:33:06.117+0000][gc,phases   ] GC(221)   Pre Evacuate Collection Set: 22.0ms
[2026-01-16T08:33:06.118+0000][gc,phases   ] GC(221)   Merge Heap Roots: 2.1ms
[2026-01-16T08:33:06.120+0000][gc,phases   ] GC(221)   Evacuate Collection Set: 331.4ms
[2026-01-16T08:33:06.120+0000][gc,phases   ] GC(221)   Post Evacuate Collection Set: 10.3ms
[2026-01-16T08:33:06.121+0000][gc,phases   ] GC(221)   Other: 5.0ms
[2026-01-16T08:33:06.121+0000][gc,heap     ] GC(221) Eden regions: 46->0(47)
[2026-01-16T08:33:06.124+0000][gc,heap     ] GC(221) Survivor regions: 5->4(7)
[2026-01-16T08:33:06.126+0000][gc,heap     ] GC(221) Old regions: 60->61
[2026-01-16T08:33:06.126+0000][gc,heap     ] GC(221) Humongous regions: 54->54
[2026-01-16T08:33:06.129+0000][gc,metaspace] GC(221) Metaspace: 11732K(12160K)->11732K(12160K) NonClass: 10674K(10880K)->10674K(10880K) Class: 1057K(1280K)->1057K(1280K)
[2026-01-16T08:33:06.134+0000][gc          ] GC(221) Pause Young (Normal) (G1 Evacuation Pause) 164M->118M(1024M) 402.181ms
[2026-01-16T08:33:06.158+0000][gc,cpu      ] GC(221) User=0.20s Sys=0.07s Real=0.40s
[2026-01-16T08:33:09.872+0000][gc,start    ] GC(222) Pause Young (Normal) (G1 Evacuation Pause)
[2026-01-16T08:33:09.873+0000][gc,task     ] GC(222) Using 8 workers of 8 for evacuation
[2026-01-16T08:33:10.185+0000][gc,mmu      ] GC(222) MMU target violated: 201.0ms (200.0ms/201.0ms)
[2026-01-16T08:33:10.188+0000][gc,phases   ] GC(222)   Pre Evacuate Collection Set: 50.2ms
[2026-01-16T08:33:10.188+0000][gc,phases   ] GC(222)   Merge Heap Roots: 2.4ms
[2026-01-16T08:33:10.188+0000][gc,phases   ] GC(222)   Evacuate Collection Set: 243.8ms
[2026-01-16T08:33:10.189+0000][gc,phases   ] GC(222)   Post Evacuate Collection Set: 14.7ms
[2026-01-16T08:33:10.189+0000][gc,phases   ] GC(222)   Other: 3.2ms
[2026-01-16T08:33:10.191+0000][gc,heap     ] GC(222) Eden regions: 47->0(46)
[2026-01-16T08:33:10.191+0000][gc,heap     ] GC(222) Survivor regions: 4->5(7)
[2026-01-16T08:33:10.191+0000][gc,heap     ] GC(222) Old regions: 61->61
[2026-01-16T08:33:10.192+0000][gc,heap     ] GC(222) Humongous regions: 54->54
[2026-01-16T08:33:10.192+0000][gc,metaspace] GC(222) Metaspace: 11732K(12160K)->11732K(12160K) NonClass: 10674K(10880K)->10674K(10880K) Class: 1057K(1280K)->1057K(1280K)
[2026-01-16T08:33:10.193+0000][gc          ] GC(222) Pause Young (Normal) (G1 Evacuation Pause) 165M->118M(1024M) 320.878ms
[2026-01-16T08:33:10.193+0000][gc,cpu      ] GC(222) User=0.19s Sys=0.01s Real=0.32s
[2026-01-16T08:33:12.600+0000][gc,start    ] GC(223) Pause Young (Normal) (G1 Evacuation Pause)
[2026-01-16T08:33:12.602+0000][gc,task     ] GC(223) Using 8 workers of 8 for evacuation
[2026-01-16T08:33:12.924+0000][gc,mmu      ] GC(223) MMU target violated: 201.0ms (200.0ms/201.0ms)
[2026-01-16T08:33:12.929+0000][gc,phases   ] GC(223)   Pre Evacuate Collection Set: 45.4ms
[2026-01-16T08:33:12.934+0000][gc,phases   ] GC(223)   Merge Heap Roots: 0.7ms
[2026-01-16T08:33:12.939+0000][gc,phases   ] GC(223)   Evacuate Collection Set: 229.9ms
[2026-01-16T08:33:12.939+0000][gc,phases   ] GC(223)   Post Evacuate Collection Set: 37.6ms
[2026-01-16T08:33:12.939+0000][gc,phases   ] GC(223)   Other: 13.2ms
[2026-01-16T08:33:12.942+0000][gc,heap     ] GC(223) Eden regions: 46->0(46)
[2026-01-16T08:33:12.942+0000][gc,heap     ] GC(223) Survivor regions: 5->5(7)
[2026-01-16T08:33:13.018+0000][gc,heap     ] GC(223) Old regions: 61->62
[2026-01-16T08:33:13.026+0000][gc,heap     ] GC(223) Humongous regions: 54->54
[2026-01-16T08:33:13.028+0000][gc,metaspace] GC(223) Metaspace: 11734K(12160K)->11734K(12160K) NonClass: 10676K(10880K)->10676K(10880K) Class: 1057K(1280K)->1057K(1280K)
[2026-01-16T08:33:13.045+0000][gc          ] GC(223) Pause Young (Normal) (G1 Evacuation Pause) 164M->119M(1024M) 445.163ms
[2026-01-16T08:33:13.045+0000][gc,cpu      ] GC(223) User=0.24s Sys=0.04s Real=0.44s
[2026-01-16T08:33:16.156+0000][gc,start    ] GC(224) Pause Young (Normal) (G1 Evacuation Pause)
[2026-01-16T08:33:16.172+0000][gc,task     ] GC(224) Using 8 workers of 8 for evacuation
[2026-01-16T08:33:16.943+0000][gc,mmu      ] GC(224) MMU target violated: 201.0ms (200.0ms/201.0ms)
[2026-01-16T08:33:16.950+0000][gc,phases   ] GC(224)   Pre Evacuate Collection Set: 22.2ms
[2026-01-16T08:33:16.951+0000][gc,phases   ] GC(224)   Merge Heap Roots: 0.3ms
[2026-01-16T08:33:16.951+0000][gc,phases   ] GC(224)   Evacuate Collection Set: 712.6ms
[2026-01-16T08:33:16.951+0000][gc,phases   ] GC(224)   Post Evacuate Collection Set: 33.7ms
[2026-01-16T08:33:16.951+0000][gc,phases   ] GC(224)   Other: 9.6ms
[2026-01-16T08:33:16.951+0000][gc,heap     ] GC(224) Eden regions: 46->0(46)
[2026-01-16T08:33:16.951+0000][gc,heap     ] GC(224) Survivor regions: 5->5(7)
[2026-01-16T08:33:16.952+0000][gc,heap     ] GC(224) Old regions: 62->62
[2026-01-16T08:33:16.955+0000][gc,heap     ] GC(224) Humongous regions: 54->54
[2026-01-16T08:33:16.957+0000][gc,metaspace] GC(224) Metaspace: 11735K(12160K)->11735K(12160K) NonClass: 10677K(10880K)->10677K(10880K) Class: 1057K(1280K)->1057K(1280K)
[2026-01-16T08:33:16.958+0000][gc          ] GC(224) Pause Young (Normal) (G1 Evacuation Pause) 165M->120M(1024M) 801.986ms
[2026-01-16T08:33:16.961+0000][gc,cpu      ] GC(224) User=0.33s Sys=0.09s Real=0.81s
[2026-01-16T08:33:21.299+0000][gc,start    ] GC(225) Pause Young (Normal) (G1 Evacuation Pause)
[2026-01-16T08:33:21.300+0000][gc,task     ] GC(225) Using 8 workers of 8 for evacuation
[2026-01-16T08:33:21.573+0000][gc,mmu      ] GC(225) MMU target violated: 201.0ms (200.0ms/201.0ms)
[2026-01-16T08:33:21.575+0000][gc,phases   ] GC(225)   Pre Evacuate Collection Set: 34.6ms
[2026-01-16T08:33:21.575+0000][gc,phases   ] GC(225)   Merge Heap Roots: 1.9ms
[2026-01-16T08:33:21.575+0000][gc,phases   ] GC(225)   Evacuate Collection Set: 230.1ms
[2026-01-16T08:33:21.575+0000][gc,phases   ] GC(225)   Post Evacuate Collection Set: 6.1ms
[2026-01-16T08:33:21.575+0000][gc,phases   ] GC(225)   Other: 2.1ms
[2026-01-16T08:33:21.575+0000][gc,heap     ] GC(225) Eden regions: 46->0(46)
[2026-01-16T08:33:21.575+0000][gc,heap     ] GC(225) Survivor regions: 5->5(7)
[2026-01-16T08:33:21.575+0000][gc,heap     ] GC(225) Old regions: 62->63
[2026-01-16T08:33:21.575+0000][gc,heap     ] GC(225) Humongous regions: 54->54
[2026-01-16T08:33:21.575+0000][gc,metaspace] GC(225) Metaspace: 11738K(12160K)->11738K(12160K) NonClass: 10680K(10880K)->10680K(10880K) Class: 1057K(1280K)->1057K(1280K)
[2026-01-16T08:33:21.575+0000][gc          ] GC(225) Pause Young (Normal) (G1 Evacuation Pause) 166M->121M(1024M) 276.793ms
[2026-01-16T08:33:21.575+0000][gc,cpu      ] GC(225) User=0.17s Sys=0.07s Real=0.28s
[2026-01-16T08:33:22.816+0000][gc,start    ] GC(226) Pause Young (Normal) (G1 Evacuation Pause)
[2026-01-16T08:33:22.825+0000][gc,task     ] GC(226) Using 8 workers of 8 for evacuation
[2026-01-16T08:33:23.375+0000][gc,mmu      ] GC(226) MMU target violated: 201.0ms (200.0ms/201.0ms)
[2026-01-16T08:33:23.376+0000][gc,phases   ] GC(226)   Pre Evacuate Collection Set: 59.3ms
[2026-01-16T08:33:23.378+0000][gc,phases   ] GC(226)   Merge Heap Roots: 4.1ms
[2026-01-16T08:33:23.379+0000][gc,phases   ] GC(226)   Evacuate Collection Set: 470.5ms
[2026-01-16T08:33:23.380+0000][gc,phases   ] GC(226)   Post Evacuate Collection Set: 15.8ms
[2026-01-16T08:33:23.380+0000][gc,phases   ] GC(226)   Other: 1.1ms
[2026-01-16T08:33:23.383+0000][gc,heap     ] GC(226) Eden regions: 46->0(47)
[2026-01-16T08:33:23.384+0000][gc,heap     ] GC(226) Survivor regions: 5->4(7)
[2026-01-16T08:33:23.384+0000][gc,heap     ] GC(226) Old regions: 63->64
[2026-01-16T08:33:23.385+0000][gc,heap     ] GC(226) Humongous regions: 54->54
[2026-01-16T08:33:23.386+0000][gc,metaspace] GC(226) Metaspace: 11738K(12160K)->11738K(12160K) NonClass: 10680K(10880K)->10680K(10880K) Class: 1057K(1280K)->1057K(1280K)
[2026-01-16T08:33:23.387+0000][gc          ] GC(226) Pause Young (Normal) (G1 Evacuation Pause) 167M->121M(1024M) 570.784ms
[2026-01-16T08:33:23.388+0000][gc,cpu      ] GC(226) User=0.17s Sys=0.05s Real=0.58s
[2026-01-16T08:33:25.418+0000][gc,start    ] GC(227) Pause Young (Normal) (G1 Evacuation Pause)
[2026-01-16T08:33:25.420+0000][gc,task     ] GC(227) Using 8 workers of 8 for evacuation
[2026-01-16T08:33:25.658+0000][gc,mmu      ] GC(227) MMU target violated: 201.0ms (200.0ms/201.0ms)
[2026-01-16T08:33:25.659+0000][gc,phases   ] GC(227)   Pre Evacuate Collection Set: 12.9ms
[2026-01-16T08:33:25.660+0000][gc,phases   ] GC(227)   Merge Heap Roots: 2.1ms
[2026-01-16T08:33:25.666+0000][gc,phases   ] GC(227)   Evacuate Collection Set: 210.8ms
[2026-01-16T08:33:25.667+0000][gc,phases   ] GC(227)   Post Evacuate Collection Set: 11.3ms
[2026-01-16T08:33:25.668+0000][gc,phases   ] GC(227)   Other: 2.8ms
[2026-01-16T08:33:25.668+0000][gc,heap     ] GC(227) Eden regions: 47->0(47)
[2026-01-16T08:33:25.669+0000][gc,heap     ] GC(227) Survivor regions: 4->4(7)
[2026-01-16T08:33:25.670+0000][gc,heap     ] GC(227) Old regions: 64->65
[2026-01-16T08:33:25.670+0000][gc,heap     ] GC(227) Humongous regions: 54->54
[2026-01-16T08:33:25.671+0000][gc,metaspace] GC(227) Metaspace: 11744K(12160K)->11744K(12160K) NonClass: 10686K(10880K)->10686K(10880K) Class: 1057K(1280K)->1057K(1280K)
[2026-01-16T08:33:25.674+0000][gc          ] GC(227) Pause Young (Normal) (G1 Evacuation Pause) 168M->122M(1024M) 255.529ms
[2026-01-16T08:33:25.675+0000][gc,cpu      ] GC(227) User=0.14s Sys=0.04s Real=0.26s
[2026-01-16T08:33:32.586+0000][gc,start    ] GC(228) Pause Young (Normal) (G1 Evacuation Pause)
[2026-01-16T08:33:32.593+0000][gc,task     ] GC(228) Using 8 workers of 8 for evacuation
[2026-01-16T08:33:33.022+0000][gc,mmu      ] GC(228) MMU target violated: 201.0ms (200.0ms/201.0ms)
[2026-01-16T08:33:33.024+0000][gc,phases   ] GC(228)   Pre Evacuate Collection Set: 57.3ms
[2026-01-16T08:33:33.026+0000][gc,phases   ] GC(228)   Merge Heap Roots: 0.4ms
[2026-01-16T08:33:33.027+0000][gc,phases   ] GC(228)   Evacuate Collection Set: 336.1ms
[2026-01-16T08:33:33.031+0000][gc,phases   ] GC(228)   Post Evacuate Collection Set: 19.8ms
[2026-01-16T08:33:33.040+0000][gc,phases   ] GC(228)   Other: 5.4ms
[2026-01-16T08:33:33.042+0000][gc,heap     ] GC(228) Eden regions: 47->0(46)
[2026-01-16T08:33:33.042+0000][gc,heap     ] GC(228) Survivor regions: 4->5(7)
[2026-01-16T08:33:33.043+0000][gc,heap     ] GC(228) Old regions: 65->65
[2026-01-16T08:33:33.044+0000][gc,heap     ] GC(228) Humongous regions: 54->54
[2026-01-16T08:33:33.047+0000][gc,metaspace] GC(228) Metaspace: 11746K(12160K)->11746K(12160K) NonClass: 10688K(10880K)->10688K(10880K) Class: 1057K(1280K)->1057K(1280K)
[2026-01-16T08:33:33.050+0000][gc          ] GC(228) Pause Young (Normal) (G1 Evacuation Pause) 169M->123M(1024M) 450.519ms
[2026-01-16T08:33:33.050+0000][gc,cpu      ] GC(228) User=0.32s Sys=0.04s Real=0.45s
[2026-01-16T08:33:37.181+0000][gc,start    ] GC(229) Pause Young (Normal) (G1 Evacuation Pause)
[2026-01-16T08:33:37.199+0000][gc,task     ] GC(229) Using 8 workers of 8 for evacuation
[2026-01-16T08:33:37.838+0000][gc,mmu      ] GC(229) MMU target violated: 201.0ms (200.0ms/201.0ms)
[2026-01-16T08:33:37.841+0000][gc,phases   ] GC(229)   Pre Evacuate Collection Set: 76.2ms
[2026-01-16T08:33:37.842+0000][gc,phases   ] GC(229)   Merge Heap Roots: 1.5ms
[2026-01-16T08:33:37.844+0000][gc,phases   ] GC(229)   Evacuate Collection Set: 525.8ms
[2026-01-16T08:33:37.845+0000][gc,phases   ] GC(229)   Post Evacuate Collection Set: 7.0ms
[2026-01-16T08:33:37.846+0000][gc,phases   ] GC(229)   Other: 32.4ms
[2026-01-16T08:33:37.851+0000][gc,heap     ] GC(229) Eden regions: 46->0(47)
[2026-01-16T08:33:37.854+0000][gc,heap     ] GC(229) Survivor regions: 5->4(7)
[2026-01-16T08:33:37.855+0000][gc,heap     ] GC(229) Old regions: 65->66
[2026-01-16T08:33:37.856+0000][gc,heap     ] GC(229) Humongous regions: 54->54
[2026-01-16T08:33:37.859+0000][gc,metaspace] GC(229) Metaspace: 11749K(12160K)->11749K(12160K) NonClass: 10691K(10880K)->10691K(10880K) Class: 1057K(1280K)->1057K(1280K)
[2026-01-16T08:33:37.859+0000][gc          ] GC(229) Pause Young (Normal) (G1 Evacuation Pause) 169M->123M(1024M) 677.847ms
[2026-01-16T08:33:37.861+0000][gc,cpu      ] GC(229) User=0.29s Sys=0.04s Real=0.68s
[2026-01-16T08:33:40.726+0000][gc,start    ] GC(230) Pause Young (Normal) (G1 Evacuation Pause)
[2026-01-16T08:33:40.731+0000][gc,task     ] GC(230) Using 8 workers of 8 for evacuation
[2026-01-16T08:33:41.090+0000][gc,mmu      ] GC(230) MMU target violated: 201.0ms (200.0ms/201.0ms)
[2026-01-16T08:33:41.109+0000][gc,phases   ] GC(230)   Pre Evacuate Collection Set: 18.1ms
[2026-01-16T08:33:41.117+0000][gc,phases   ] GC(230)   Merge Heap Roots: 0.9ms
[2026-01-16T08:33:41.118+0000][gc,phases   ] GC(230)   Evacuate Collection Set: 306.5ms
[2026-01-16T08:33:41.118+0000][gc,phases   ] GC(230)   Post Evacuate Collection Set: 20.5ms
[2026-01-16T08:33:41.126+0000][gc,phases   ] GC(230)   Other: 34.3ms
[2026-01-16T08:33:41.127+0000][gc,heap     ] GC(230) Eden regions: 47->0(46)
[2026-01-16T08:33:41.133+0000][gc,heap     ] GC(230) Survivor regions: 4->5(7)
[2026-01-16T08:33:41.139+0000][gc,heap     ] GC(230) Old regions: 66->66
[2026-01-16T08:33:41.142+0000][gc,heap     ] GC(230) Humongous regions: 63->54
[2026-01-16T08:33:41.142+0000][gc,metaspace] GC(230) Metaspace: 11750K(12160K)->11750K(12160K) NonClass: 10692K(10880K)->10692K(10880K) Class: 1057K(1280K)->1057K(1280K)
[2026-01-16T08:33:41.149+0000][gc          ] GC(230) Pause Young (Normal) (G1 Evacuation Pause) 179M->123M(1024M) 423.603ms
[2026-01-16T08:33:41.150+0000][gc,cpu      ] GC(230) User=0.17s Sys=0.02s Real=0.42s
[2026-01-16T08:33:42.913+0000][gc,start    ] GC(231) Pause Young (Normal) (G1 Evacuation Pause)
[2026-01-16T08:33:42.917+0000][gc,task     ] GC(231) Using 8 workers of 8 for evacuation
[2026-01-16T08:33:43.171+0000][gc,mmu      ] GC(231) MMU target violated: 201.0ms (200.0ms/201.0ms)
[2026-01-16T08:33:43.172+0000][gc,phases   ] GC(231)   Pre Evacuate Collection Set: 15.9ms
[2026-01-16T08:33:43.172+0000][gc,phases   ] GC(231)   Merge Heap Roots: 4.7ms
[2026-01-16T08:33:43.173+0000][gc,phases   ] GC(231)   Evacuate Collection Set: 210.4ms
[2026-01-16T08:33:43.173+0000][gc,phases   ] GC(231)   Post Evacuate Collection Set: 19.4ms
[2026-01-16T08:33:43.177+0000][gc,phases   ] GC(231)   Other: 4.6ms
[2026-01-16T08:33:43.180+0000][gc,heap     ] GC(231) Eden regions: 46->0(47)
[2026-01-16T08:33:43.182+0000][gc,heap     ] GC(231) Survivor regions: 5->4(7)
[2026-01-16T08:33:43.182+0000][gc,heap     ] GC(231) Old regions: 66->67
[2026-01-16T08:33:43.182+0000][gc,heap     ] GC(231) Humongous regions: 54->54
[2026-01-16T08:33:43.183+0000][gc,metaspace] GC(231) Metaspace: 11753K(12160K)->11753K(12160K) NonClass: 10696K(10880K)->10696K(10880K) Class: 1057K(1280K)->1057K(1280K)
[2026-01-16T08:33:43.183+0000][gc          ] GC(231) Pause Young (Normal) (G1 Evacuation Pause) 169M->124M(1024M) 270.944ms
[2026-01-16T08:33:43.186+0000][gc,cpu      ] GC(231) User=0.13s Sys=0.02s Real=0.27s
[2026-01-16T08:33:44.111+0000][gc,start    ] GC(232) Pause Young (Normal) (G1 Evacuation Pause)
[2026-01-16T08:33:44.116+0000][gc,task     ] GC(232) Using 8 workers of 8 for evacuation
[2026-01-16T08:33:44.469+0000][gc,mmu      ] GC(232) MMU target violated: 201.0ms (200.0ms/201.0ms)
[2026-01-16T08:33:44.472+0000][gc,phases   ] GC(232)   Pre Evacuate Collection Set: 17.1ms
[2026-01-16T08:33:44.472+0000][gc,phases   ] GC(232)   Merge Heap Roots: 0.3ms
[2026-01-16T08:33:44.474+0000][gc,phases   ] GC(232)   Evacuate Collection Set: 296.7ms
[2026-01-16T08:33:44.475+0000][gc,phases   ] GC(232)   Post Evacuate Collection Set: 38.6ms
[2026-01-16T08:33:44.477+0000][gc,phases   ] GC(232)   Other: 3.2ms
[2026-01-16T08:33:44.478+0000][gc,heap     ] GC(232) Eden regions: 47->0(46)
[2026-01-16T08:33:44.480+0000][gc,heap     ] GC(232) Survivor regions: 4->5(7)
[2026-01-16T08:33:44.481+0000][gc,heap     ] GC(232) Old regions: 67->67
[2026-01-16T08:33:44.482+0000][gc,heap     ] GC(232) Humongous regions: 54->54
[2026-01-16T08:33:44.484+0000][gc,metaspace] GC(232) Metaspace: 11758K(12160K)->11758K(12160K) NonClass: 10700K(10880K)->10700K(10880K) Class: 1057K(1280K)->1057K(1280K)
[2026-01-16T08:33:44.486+0000][gc          ] GC(232) Pause Young (Normal) (G1 Evacuation Pause) 171M->125M(1024M) 374.797ms
[2026-01-16T08:33:44.487+0000][gc,cpu      ] GC(232) User=0.12s Sys=0.00s Real=0.38s
[2026-01-16T08:33:45.487+0000][gc,start    ] GC(233) Pause Young (Normal) (G1 Evacuation Pause)
[2026-01-16T08:33:45.495+0000][gc,task     ] GC(233) Using 8 workers of 8 for evacuation
[2026-01-16T08:33:45.694+0000][gc,phases   ] GC(233)   Pre Evacuate Collection Set: 2.6ms
[2026-01-16T08:33:45.695+0000][gc,phases   ] GC(233)   Merge Heap Roots: 0.2ms
[2026-01-16T08:33:45.695+0000][gc,phases   ] GC(233)   Evacuate Collection Set: 193.7ms
[2026-01-16T08:33:45.695+0000][gc,phases   ] GC(233)   Post Evacuate Collection Set: 2.7ms
[2026-01-16T08:33:45.696+0000][gc,phases   ] GC(233)   Other: 0.5ms
[2026-01-16T08:33:45.696+0000][gc,heap     ] GC(233) Eden regions: 46->0(46)
[2026-01-16T08:33:45.696+0000][gc,heap     ] GC(233) Survivor regions: 5->5(7)
[2026-01-16T08:33:45.697+0000][gc,heap     ] GC(233) Old regions: 67->68
[2026-01-16T08:33:45.697+0000][gc,heap     ] GC(233) Humongous regions: 54->54
[2026-01-16T08:33:45.697+0000][gc,metaspace] GC(233) Metaspace: 11758K(12160K)->11758K(12160K) NonClass: 10700K(10880K)->10700K(10880K) Class: 1057K(1280K)->1057K(1280K)
[2026-01-16T08:33:45.697+0000][gc          ] GC(233) Pause Young (Normal) (G1 Evacuation Pause) 171M->125M(1024M) 209.906ms
[2026-01-16T08:33:45.697+0000][gc,cpu      ] GC(233) User=0.11s Sys=0.01s Real=0.21s
[2026-01-16T08:33:47.167+0000][gc,start    ] GC(234) Pause Young (Normal) (G1 Evacuation Pause)
[2026-01-16T08:33:47.175+0000][gc,task     ] GC(234) Using 8 workers of 8 for evacuation
[2026-01-16T08:33:47.295+0000][gc,phases   ] GC(234)   Pre Evacuate Collection Set: 6.0ms
[2026-01-16T08:33:47.296+0000][gc,phases   ] GC(234)   Merge Heap Roots: 0.5ms
[2026-01-16T08:33:47.300+0000][gc,phases   ] GC(234)   Evacuate Collection Set: 103.3ms
[2026-01-16T08:33:47.303+0000][gc,phases   ] GC(234)   Post Evacuate Collection Set: 6.5ms
[2026-01-16T08:33:47.304+0000][gc,phases   ] GC(234)   Other: 6.9ms
[2026-01-16T08:33:47.307+0000][gc,heap     ] GC(234) Eden regions: 46->0(47)
[2026-01-16T08:33:47.310+0000][gc,heap     ] GC(234) Survivor regions: 5->4(7)
[2026-01-16T08:33:47.310+0000][gc,heap     ] GC(234) Old regions: 68->69
[2026-01-16T08:33:47.310+0000][gc,heap     ] GC(234) Humongous regions: 54->54
[2026-01-16T08:33:47.312+0000][gc,metaspace] GC(234) Metaspace: 11759K(12160K)->11759K(12160K) NonClass: 10701K(10880K)->10701K(10880K) Class: 1057K(1280K)->1057K(1280K)
[2026-01-16T08:33:47.312+0000][gc          ] GC(234) Pause Young (Normal) (G1 Evacuation Pause) 171M->126M(1024M) 146.878ms
[2026-01-16T08:33:47.313+0000][gc,cpu      ] GC(234) User=0.12s Sys=0.00s Real=0.15s
[2026-01-16T08:33:49.272+0000][gc,start    ] GC(235) Pause Young (Normal) (G1 Evacuation Pause)
[2026-01-16T08:33:49.274+0000][gc,task     ] GC(235) Using 8 workers of 8 for evacuation
[2026-01-16T08:33:49.401+0000][gc,phases   ] GC(235)   Pre Evacuate Collection Set: 13.9ms
[2026-01-16T08:33:49.401+0000][gc,phases   ] GC(235)   Merge Heap Roots: 0.9ms
[2026-01-16T08:33:49.402+0000][gc,phases   ] GC(235)   Evacuate Collection Set: 98.6ms
[2026-01-16T08:33:49.403+0000][gc,phases   ] GC(235)   Post Evacuate Collection Set: 12.1ms
[2026-01-16T08:33:49.403+0000][gc,phases   ] GC(235)   Other: 1.5ms
[2026-01-16T08:33:49.403+0000][gc,heap     ] GC(235) Eden regions: 47->0(46)
[2026-01-16T08:33:49.403+0000][gc,heap     ] GC(235) Survivor regions: 4->5(7)
[2026-01-16T08:33:49.404+0000][gc,heap     ] GC(235) Old regions: 69->69
[2026-01-16T08:33:49.404+0000][gc,heap     ] GC(235) Humongous regions: 54->54
[2026-01-16T08:33:49.404+0000][gc,metaspace] GC(235) Metaspace: 11759K(12160K)->11759K(12160K) NonClass: 10701K(10880K)->10701K(10880K) Class: 1057K(1280K)->1057K(1280K)
[2026-01-16T08:33:49.404+0000][gc          ] GC(235) Pause Young (Normal) (G1 Evacuation Pause) 173M->126M(1024M) 132.394ms
[2026-01-16T08:33:49.405+0000][gc,cpu      ] GC(235) User=0.12s Sys=0.00s Real=0.13s
[2026-01-16T08:33:50.807+0000][gc,start    ] GC(236) Pause Young (Normal) (G1 Evacuation Pause)
[2026-01-16T08:33:50.813+0000][gc,task     ] GC(236) Using 8 workers of 8 for evacuation
[2026-01-16T08:33:51.140+0000][gc,mmu      ] GC(236) MMU target violated: 201.0ms (200.0ms/201.0ms)
[2026-01-16T08:33:51.140+0000][gc,phases   ] GC(236)   Pre Evacuate Collection Set: 12.7ms
[2026-01-16T08:33:51.141+0000][gc,phases   ] GC(236)   Merge Heap Roots: 3.6ms
[2026-01-16T08:33:51.144+0000][gc,phases   ] GC(236)   Evacuate Collection Set: 268.3ms
[2026-01-16T08:33:51.144+0000][gc,phases   ] GC(236)   Post Evacuate Collection Set: 32.5ms
[2026-01-16T08:33:51.146+0000][gc,phases   ] GC(236)   Other: 10.4ms
[2026-01-16T08:33:51.146+0000][gc,heap     ] GC(236) Eden regions: 46->0(48)
[2026-01-16T08:33:51.147+0000][gc,heap     ] GC(236) Survivor regions: 5->3(7)
[2026-01-16T08:33:51.147+0000][gc,heap     ] GC(236) Old regions: 69->70
[2026-01-16T08:33:51.149+0000][gc,heap     ] GC(236) Humongous regions: 54->54
[2026-01-16T08:33:51.149+0000][gc,metaspace] GC(236) Metaspace: 11759K(12160K)->11759K(12160K) NonClass: 10701K(10880K)->10701K(10880K) Class: 1057K(1280K)->1057K(1280K)
[2026-01-16T08:33:51.151+0000][gc          ] GC(236) Pause Young (Normal) (G1 Evacuation Pause) 172M->126M(1024M) 344.520ms
[2026-01-16T08:33:51.151+0000][gc,cpu      ] GC(236) User=0.11s Sys=0.00s Real=0.34s
[2026-01-16T08:33:54.751+0000][gc,start    ] GC(237) Pause Young (Normal) (G1 Evacuation Pause)
[2026-01-16T08:33:54.753+0000][gc,task     ] GC(237) Using 8 workers of 8 for evacuation
[2026-01-16T08:33:54.929+0000][gc,phases   ] GC(237)   Pre Evacuate Collection Set: 19.6ms
[2026-01-16T08:33:54.930+0000][gc,phases   ] GC(237)   Merge Heap Roots: 0.6ms
[2026-01-16T08:33:54.931+0000][gc,phases   ] GC(237)   Evacuate Collection Set: 146.4ms
[2026-01-16T08:33:54.931+0000][gc,phases   ] GC(237)   Post Evacuate Collection Set: 8.7ms
[2026-01-16T08:33:54.932+0000][gc,phases   ] GC(237)   Other: 1.4ms
[2026-01-16T08:33:54.933+0000][gc,heap     ] GC(237) Eden regions: 48->0(48)
[2026-01-16T08:33:54.933+0000][gc,heap     ] GC(237) Survivor regions: 3->3(7)
[2026-01-16T08:33:54.935+0000][gc,heap     ] GC(237) Old regions: 70->70
[2026-01-16T08:33:54.935+0000][gc,heap     ] GC(237) Humongous regions: 54->54
[2026-01-16T08:33:54.936+0000][gc,metaspace] GC(237) Metaspace: 11778K(12160K)->11778K(12160K) NonClass: 10720K(10880K)->10720K(10880K) Class: 1057K(1280K)->1057K(1280K)
[2026-01-16T08:33:54.940+0000][gc          ] GC(237) Pause Young (Normal) (G1 Evacuation Pause) 174M->126M(1024M) 188.476ms
[2026-01-16T08:33:54.940+0000][gc,cpu      ] GC(237) User=0.14s Sys=0.01s Real=0.19s
[2026-01-16T08:33:59.587+0000][gc,start    ] GC(238) Pause Young (Normal) (G1 Evacuation Pause)
[2026-01-16T08:33:59.596+0000][gc,task     ] GC(238) Using 8 workers of 8 for evacuation
[2026-01-16T08:33:59.900+0000][gc,mmu      ] GC(238) MMU target violated: 201.0ms (200.0ms/201.0ms)
[2026-01-16T08:33:59.901+0000][gc,phases   ] GC(238)   Pre Evacuate Collection Set: 21.0ms
[2026-01-16T08:33:59.903+0000][gc,phases   ] GC(238)   Merge Heap Roots: 11.6ms
[2026-01-16T08:33:59.904+0000][gc,phases   ] GC(238)   Evacuate Collection Set: 253.0ms
[2026-01-16T08:33:59.906+0000][gc,phases   ] GC(238)   Post Evacuate Collection Set: 15.8ms
[2026-01-16T08:33:59.906+0000][gc,phases   ] GC(238)   Other: 4.3ms
[2026-01-16T08:33:59.906+0000][gc,heap     ] GC(238) Eden regions: 48->0(47)
[2026-01-16T08:33:59.912+0000][gc,heap     ] GC(238) Survivor regions: 3->4(7)
[2026-01-16T08:33:59.913+0000][gc,heap     ] GC(238) Old regions: 70->70
[2026-01-16T08:33:59.915+0000][gc,heap     ] GC(238) Humongous regions: 54->54
[2026-01-16T08:33:59.915+0000][gc,metaspace] GC(238) Metaspace: 11801K(12160K)->11801K(12160K) NonClass: 10743K(10880K)->10743K(10880K) Class: 1057K(1280K)->1057K(1280K)
[2026-01-16T08:33:59.916+0000][gc          ] GC(238) Pause Young (Normal) (G1 Evacuation Pause) 174M->127M(1024M) 329.223ms
[2026-01-16T08:33:59.916+0000][gc,cpu      ] GC(238) User=0.23s Sys=0.03s Real=0.33s
[2026-01-16T08:34:03.727+0000][gc,start    ] GC(239) Pause Young (Normal) (G1 Evacuation Pause)
[2026-01-16T08:34:03.733+0000][gc,task     ] GC(239) Using 8 workers of 8 for evacuation
[2026-01-16T08:34:04.173+0000][gc,mmu      ] GC(239) MMU target violated: 201.0ms (200.0ms/201.0ms)
[2026-01-16T08:34:04.173+0000][gc,phases   ] GC(239)   Pre Evacuate Collection Set: 16.3ms
[2026-01-16T08:34:04.176+0000][gc,phases   ] GC(239)   Merge Heap Roots: 3.8ms
[2026-01-16T08:34:04.177+0000][gc,phases   ] GC(239)   Evacuate Collection Set: 399.7ms
[2026-01-16T08:34:04.178+0000][gc,phases   ] GC(239)   Post Evacuate Collection Set: 14.8ms
[2026-01-16T08:34:04.178+0000][gc,phases   ] GC(239)   Other: 6.2ms
[2026-01-16T08:34:04.186+0000][gc,heap     ] GC(239) Eden regions: 47->0(48)
[2026-01-16T08:34:04.188+0000][gc,heap     ] GC(239) Survivor regions: 4->3(7)
[2026-01-16T08:34:04.189+0000][gc,heap     ] GC(239) Old regions: 70->70
[2026-01-16T08:34:04.191+0000][gc,heap     ] GC(239) Humongous regions: 54->54
[2026-01-16T08:34:04.193+0000][gc,metaspace] GC(239) Metaspace: 11936K(12352K)->11936K(12352K) NonClass: 10860K(11072K)->10860K(11072K) Class: 1075K(1280K)->1075K(1280K)
[2026-01-16T08:34:04.195+0000][gc          ] GC(239) Pause Young (Normal) (G1 Evacuation Pause) 174M->126M(1024M) 467.421ms
[2026-01-16T08:34:04.196+0000][gc,cpu      ] GC(239) User=0.16s Sys=0.01s Real=0.47s
[2026-01-16T08:34:06.754+0000][gc,start    ] GC(240) Pause Young (Normal) (G1 Evacuation Pause)
[2026-01-16T08:34:06.756+0000][gc,task     ] GC(240) Using 8 workers of 8 for evacuation
[2026-01-16T08:34:06.958+0000][gc,mmu      ] GC(240) MMU target violated: 200.6ms (200.0ms/201.0ms)
[2026-01-16T08:34:06.960+0000][gc,phases   ] GC(240)   Pre Evacuate Collection Set: 10.6ms
[2026-01-16T08:34:06.962+0000][gc,phases   ] GC(240)   Merge Heap Roots: 0.6ms
[2026-01-16T08:34:06.962+0000][gc,phases   ] GC(240)   Evacuate Collection Set: 183.8ms
[2026-01-16T08:34:06.963+0000][gc,phases   ] GC(240)   Post Evacuate Collection Set: 5.5ms
[2026-01-16T08:34:06.963+0000][gc,phases   ] GC(240)   Other: 4.4ms
[2026-01-16T08:34:06.964+0000][gc,heap     ] GC(240) Eden regions: 48->0(47)
[2026-01-16T08:34:06.964+0000][gc,heap     ] GC(240) Survivor regions: 3->4(7)
[2026-01-16T08:34:06.964+0000][gc,heap     ] GC(240) Old regions: 70->70
[2026-01-16T08:34:06.965+0000][gc,heap     ] GC(240) Humongous regions: 54->54
[2026-01-16T08:34:06.965+0000][gc,metaspace] GC(240) Metaspace: 11997K(12480K)->11997K(12480K) NonClass: 10911K(11136K)->10911K(11136K) Class: 1086K(1344K)->1086K(1344K)
[2026-01-16T08:34:06.966+0000][gc          ] GC(240) Pause Young (Normal) (G1 Evacuation Pause) 174M->127M(1024M) 212.761ms
[2026-01-16T08:34:06.970+0000][gc,cpu      ] GC(240) User=0.11s Sys=0.00s Real=0.22s
[2026-01-16T08:34:11.212+0000][gc,start    ] GC(241) Pause Young (Normal) (G1 Evacuation Pause)
[2026-01-16T08:34:11.222+0000][gc,task     ] GC(241) Using 8 workers of 8 for evacuation
[2026-01-16T08:34:12.459+0000][gc,mmu      ] GC(241) MMU target violated: 201.0ms (200.0ms/201.0ms)
[2026-01-16T08:34:12.465+0000][gc,phases   ] GC(241)   Pre Evacuate Collection Set: 69.2ms
[2026-01-16T08:34:12.465+0000][gc,phases   ] GC(241)   Merge Heap Roots: 3.5ms
[2026-01-16T08:34:12.471+0000][gc,phases   ] GC(241)   Evacuate Collection Set: 1044.8ms
[2026-01-16T08:34:12.472+0000][gc,phases   ] GC(241)   Post Evacuate Collection Set: 119.0ms
[2026-01-16T08:34:12.472+0000][gc,phases   ] GC(241)   Other: 15.6ms
[2026-01-16T08:34:12.475+0000][gc,heap     ] GC(241) Eden regions: 47->0(48)
[2026-01-16T08:34:12.540+0000][gc,heap     ] GC(241) Survivor regions: 4->3(7)
[2026-01-16T08:34:12.567+0000][gc,heap     ] GC(241) Old regions: 70->70
[2026-01-16T08:34:12.571+0000][gc,heap     ] GC(241) Humongous regions: 54->54
[2026-01-16T08:34:12.582+0000][gc,metaspace] GC(241) Metaspace: 12053K(12544K)->12053K(12544K) NonClass: 10961K(11200K)->10961K(11200K) Class: 1091K(1344K)->1091K(1344K)
[2026-01-16T08:34:12.599+0000][gc          ] GC(241) Pause Young (Normal) (G1 Evacuation Pause) 174M->126M(1024M) 1387.632ms
[2026-01-16T08:34:12.606+0000][gc,cpu      ] GC(241) User=0.50s Sys=0.04s Real=1.40s
[2026-01-16T08:34:19.394+0000][gc,start    ] GC(242) Pause Young (Normal) (G1 Evacuation Pause)
[2026-01-16T08:34:19.395+0000][gc,task     ] GC(242) Using 8 workers of 8 for evacuation
[2026-01-16T08:34:19.802+0000][gc,mmu      ] GC(242) MMU target violated: 201.0ms (200.0ms/201.0ms)
[2026-01-16T08:34:19.802+0000][gc,phases   ] GC(242)   Pre Evacuate Collection Set: 24.4ms
[2026-01-16T08:34:19.804+0000][gc,phases   ] GC(242)   Merge Heap Roots: 2.4ms
[2026-01-16T08:34:19.804+0000][gc,phases   ] GC(242)   Evacuate Collection Set: 366.2ms
[2026-01-16T08:34:19.806+0000][gc,phases   ] GC(242)   Post Evacuate Collection Set: 13.5ms
[2026-01-16T08:34:19.810+0000][gc,phases   ] GC(242)   Other: 1.4ms
[2026-01-16T08:34:19.812+0000][gc,heap     ] GC(242) Eden regions: 48->0(47)
[2026-01-16T08:34:19.812+0000][gc,heap     ] GC(242) Survivor regions: 3->4(7)
[2026-01-16T08:34:19.812+0000][gc,heap     ] GC(242) Old regions: 70->70
[2026-01-16T08:34:19.814+0000][gc,heap     ] GC(242) Humongous regions: 63->63
[2026-01-16T08:34:19.821+0000][gc,metaspace] GC(242) Metaspace: 12059K(12544K)->12059K(12544K) NonClass: 10967K(11200K)->10967K(11200K) Class: 1091K(1344K)->1091K(1344K)
[2026-01-16T08:34:19.839+0000][gc          ] GC(242) Pause Young (Normal) (G1 Evacuation Pause) 183M->136M(1024M) 445.881ms
[2026-01-16T08:34:19.840+0000][gc,cpu      ] GC(242) User=0.25s Sys=0.03s Real=0.45s
[2026-01-16T08:34:22.491+0000][gc,start    ] GC(243) Pause Young (Normal) (G1 Evacuation Pause)
[2026-01-16T08:34:22.495+0000][gc,task     ] GC(243) Using 8 workers of 8 for evacuation
[2026-01-16T08:34:23.128+0000][gc,mmu      ] GC(243) MMU target violated: 201.0ms (200.0ms/201.0ms)
[2026-01-16T08:34:23.130+0000][gc,phases   ] GC(243)   Pre Evacuate Collection Set: 23.8ms
[2026-01-16T08:34:23.130+0000][gc,phases   ] GC(243)   Merge Heap Roots: 1.6ms
[2026-01-16T08:34:23.130+0000][gc,phases   ] GC(243)   Evacuate Collection Set: 574.4ms
[2026-01-16T08:34:23.130+0000][gc,phases   ] GC(243)   Post Evacuate Collection Set: 32.0ms
[2026-01-16T08:34:23.130+0000][gc,phases   ] GC(243)   Other: 2.7ms
[2026-01-16T08:34:23.132+0000][gc,heap     ] GC(243) Eden regions: 47->0(46)
[2026-01-16T08:34:23.132+0000][gc,heap     ] GC(243) Survivor regions: 4->5(7)
[2026-01-16T08:34:23.133+0000][gc,heap     ] GC(243) Old regions: 70->70
[2026-01-16T08:34:23.133+0000][gc,heap     ] GC(243) Humongous regions: 63->63
[2026-01-16T08:34:23.133+0000][gc,metaspace] GC(243) Metaspace: 12067K(12544K)->12067K(12544K) NonClass: 10976K(11200K)->10976K(11200K) Class: 1091K(1344K)->1091K(1344K)
[2026-01-16T08:34:23.134+0000][gc          ] GC(243) Pause Young (Normal) (G1 Evacuation Pause) 183M->136M(1024M) 642.191ms
[2026-01-16T08:34:23.134+0000][gc,cpu      ] GC(243) User=0.26s Sys=0.01s Real=0.64s
[2026-01-16T08:34:26.488+0000][gc,start    ] GC(244) Pause Young (Normal) (G1 Evacuation Pause)
[2026-01-16T08:34:26.523+0000][gc,task     ] GC(244) Using 8 workers of 8 for evacuation
[2026-01-16T08:34:26.945+0000][gc,mmu      ] GC(244) MMU target violated: 201.0ms (200.0ms/201.0ms)
[2026-01-16T08:34:26.945+0000][gc,phases   ] GC(244)   Pre Evacuate Collection Set: 55.9ms
[2026-01-16T08:34:26.946+0000][gc,phases   ] GC(244)   Merge Heap Roots: 7.9ms
[2026-01-16T08:34:26.947+0000][gc,phases   ] GC(244)   Evacuate Collection Set: 344.7ms
[2026-01-16T08:34:26.947+0000][gc,phases   ] GC(244)   Post Evacuate Collection Set: 7.4ms
[2026-01-16T08:34:26.948+0000][gc,phases   ] GC(244)   Other: 29.5ms
[2026-01-16T08:34:26.949+0000][gc,heap     ] GC(244) Eden regions: 46->0(48)
[2026-01-16T08:34:26.950+0000][gc,heap     ] GC(244) Survivor regions: 5->3(7)
[2026-01-16T08:34:26.951+0000][gc,heap     ] GC(244) Old regions: 70->71
[2026-01-16T08:34:26.951+0000][gc,heap     ] GC(244) Humongous regions: 63->63
[2026-01-16T08:34:26.951+0000][gc,metaspace] GC(244) Metaspace: 12067K(12544K)->12067K(12544K) NonClass: 10976K(11200K)->10976K(11200K) Class: 1091K(1344K)->1091K(1344K)
[2026-01-16T08:34:26.952+0000][gc          ] GC(244) Pause Young (Normal) (G1 Evacuation Pause) 182M->135M(1024M) 463.694ms
[2026-01-16T08:34:26.952+0000][gc,cpu      ] GC(244) User=0.28s Sys=0.05s Real=0.46s
[2026-01-16T08:34:30.794+0000][gc,start    ] GC(245) Pause Young (Normal) (G1 Evacuation Pause)
[2026-01-16T08:34:30.795+0000][gc,task     ] GC(245) Using 8 workers of 8 for evacuation
[2026-01-16T08:34:31.614+0000][gc,mmu      ] GC(245) MMU target violated: 201.0ms (200.0ms/201.0ms)
[2026-01-16T08:34:31.615+0000][gc,phases   ] GC(245)   Pre Evacuate Collection Set: 50.8ms
[2026-01-16T08:34:31.639+0000][gc,phases   ] GC(245)   Merge Heap Roots: 5.5ms
[2026-01-16T08:34:31.655+0000][gc,phases   ] GC(245)   Evacuate Collection Set: 730.1ms
[2026-01-16T08:34:31.656+0000][gc,phases   ] GC(245)   Post Evacuate Collection Set: 30.3ms
[2026-01-16T08:34:31.661+0000][gc,phases   ] GC(245)   Other: 3.7ms
[2026-01-16T08:34:31.664+0000][gc,heap     ] GC(245) Eden regions: 48->0(47)
[2026-01-16T08:34:31.665+0000][gc,heap     ] GC(245) Survivor regions: 3->4(7)
[2026-01-16T08:34:31.665+0000][gc,heap     ] GC(245) Old regions: 71->71
[2026-01-16T08:34:31.666+0000][gc,heap     ] GC(245) Humongous regions: 63->63
[2026-01-16T08:34:31.668+0000][gc,metaspace] GC(245) Metaspace: 12080K(12544K)->12080K(12544K) NonClass: 10988K(11200K)->10988K(11200K) Class: 1091K(1344K)->1091K(1344K)
[2026-01-16T08:34:31.670+0000][gc          ] GC(245) Pause Young (Normal) (G1 Evacuation Pause) 183M->136M(1024M) 876.259ms
[2026-01-16T08:34:31.674+0000][gc,cpu      ] GC(245) User=0.31s Sys=0.03s Real=0.88s
[2026-01-16T08:34:33.948+0000][gc,start    ] GC(246) Pause Young (Normal) (G1 Evacuation Pause)
[2026-01-16T08:34:33.953+0000][gc,task     ] GC(246) Using 8 workers of 8 for evacuation
[2026-01-16T08:34:34.341+0000][gc,mmu      ] GC(246) MMU target violated: 201.0ms (200.0ms/201.0ms)
[2026-01-16T08:34:34.359+0000][gc,phases   ] GC(246)   Pre Evacuate Collection Set: 76.5ms
[2026-01-16T08:34:34.367+0000][gc,phases   ] GC(246)   Merge Heap Roots: 7.4ms
[2026-01-16T08:34:34.367+0000][gc,phases   ] GC(246)   Evacuate Collection Set: 253.1ms
[2026-01-16T08:34:34.391+0000][gc,phases   ] GC(246)   Post Evacuate Collection Set: 48.9ms
[2026-01-16T08:34:34.395+0000][gc,phases   ] GC(246)   Other: 24.5ms
[2026-01-16T08:34:34.398+0000][gc,heap     ] GC(246) Eden regions: 47->0(48)
[2026-01-16T08:34:34.399+0000][gc,heap     ] GC(246) Survivor regions: 4->3(7)
[2026-01-16T08:34:34.402+0000][gc,heap     ] GC(246) Old regions: 71->71
[2026-01-16T08:34:34.404+0000][gc,heap     ] GC(246) Humongous regions: 63->63
[2026-01-16T08:34:34.405+0000][gc,metaspace] GC(246) Metaspace: 12080K(12544K)->12080K(12544K) NonClass: 10988K(11200K)->10988K(11200K) Class: 1091K(1344K)->1091K(1344K)
[2026-01-16T08:34:34.405+0000][gc          ] GC(246) Pause Young (Normal) (G1 Evacuation Pause) 183M->135M(1024M) 457.871ms
[2026-01-16T08:34:34.407+0000][gc,cpu      ] GC(246) User=0.14s Sys=0.01s Real=0.46s
[2026-01-16T08:34:36.200+0000][gc,start    ] GC(247) Pause Young (Normal) (G1 Evacuation Pause)
[2026-01-16T08:34:36.202+0000][gc,task     ] GC(247) Using 8 workers of 8 for evacuation
[2026-01-16T08:34:36.326+0000][gc,phases   ] GC(247)   Pre Evacuate Collection Set: 6.9ms
[2026-01-16T08:34:36.328+0000][gc,phases   ] GC(247)   Merge Heap Roots: 0.8ms
[2026-01-16T08:34:36.329+0000][gc,phases   ] GC(247)   Evacuate Collection Set: 110.8ms
[2026-01-16T08:34:36.329+0000][gc,phases   ] GC(247)   Post Evacuate Collection Set: 4.4ms
[2026-01-16T08:34:36.329+0000][gc,phases   ] GC(247)   Other: 2.1ms
[2026-01-16T08:34:36.329+0000][gc,heap     ] GC(247) Eden regions: 48->0(48)
[2026-01-16T08:34:36.331+0000][gc,heap     ] GC(247) Survivor regions: 3->3(7)
[2026-01-16T08:34:36.331+0000][gc,heap     ] GC(247) Old regions: 71->71
[2026-01-16T08:34:36.332+0000][gc,heap     ] GC(247) Humongous regions: 63->63
[2026-01-16T08:34:36.332+0000][gc,metaspace] GC(247) Metaspace: 12090K(12544K)->12090K(12544K) NonClass: 10997K(11200K)->10997K(11200K) Class: 1092K(1344K)->1092K(1344K)
[2026-01-16T08:34:36.333+0000][gc          ] GC(247) Pause Young (Normal) (G1 Evacuation Pause) 183M->136M(1024M) 132.647ms
[2026-01-16T08:34:36.333+0000][gc,cpu      ] GC(247) User=0.12s Sys=0.00s Real=0.13s
[2026-01-16T08:34:40.548+0000][gc,start    ] GC(248) Pause Young (Normal) (G1 Evacuation Pause)
[2026-01-16T08:34:40.555+0000][gc,task     ] GC(248) Using 8 workers of 8 for evacuation
[2026-01-16T08:34:40.791+0000][gc,mmu      ] GC(248) MMU target violated: 201.0ms (200.0ms/201.0ms)
[2026-01-16T08:34:40.792+0000][gc,phases   ] GC(248)   Pre Evacuate Collection Set: 21.2ms
[2026-01-16T08:34:40.793+0000][gc,phases   ] GC(248)   Merge Heap Roots: 3.4ms
[2026-01-16T08:34:40.794+0000][gc,phases   ] GC(248)   Evacuate Collection Set: 185.7ms
[2026-01-16T08:34:40.794+0000][gc,phases   ] GC(248)   Post Evacuate Collection Set: 26.0ms
[2026-01-16T08:34:40.794+0000][gc,phases   ] GC(248)   Other: 1.1ms
[2026-01-16T08:34:40.794+0000][gc,heap     ] GC(248) Eden regions: 48->0(49)
[2026-01-16T08:34:40.795+0000][gc,heap     ] GC(248) Survivor regions: 3->2(7)
[2026-01-16T08:34:40.795+0000][gc,heap     ] GC(248) Old regions: 71->72
[2026-01-16T08:34:40.801+0000][gc,heap     ] GC(248) Humongous regions: 63->63
[2026-01-16T08:34:40.803+0000][gc,metaspace] GC(248) Metaspace: 12093K(12544K)->12093K(12544K) NonClass: 11000K(11200K)->11000K(11200K) Class: 1093K(1344K)->1093K(1344K)
[2026-01-16T08:34:40.806+0000][gc          ] GC(248) Pause Young (Normal) (G1 Evacuation Pause) 184M->135M(1024M) 258.395ms
[2026-01-16T08:34:40.810+0000][gc,cpu      ] GC(248) User=0.13s Sys=0.01s Real=0.26s
[2026-01-16T08:34:41.780+0000][gc,start    ] GC(249) Pause Young (Normal) (G1 Evacuation Pause)
[2026-01-16T08:34:41.780+0000][gc,task     ] GC(249) Using 8 workers of 8 for evacuation
[2026-01-16T08:34:41.854+0000][gc,phases   ] GC(249)   Pre Evacuate Collection Set: 0.5ms
[2026-01-16T08:34:41.855+0000][gc,phases   ] GC(249)   Merge Heap Roots: 0.1ms
[2026-01-16T08:34:41.856+0000][gc,phases   ] GC(249)   Evacuate Collection Set: 72.1ms
[2026-01-16T08:34:41.856+0000][gc,phases   ] GC(249)   Post Evacuate Collection Set: 0.8ms
[2026-01-16T08:34:41.856+0000][gc,phases   ] GC(249)   Other: 0.2ms
[2026-01-16T08:34:41.857+0000][gc,heap     ] GC(249) Eden regions: 49->0(49)
[2026-01-16T08:34:41.857+0000][gc,heap     ] GC(249) Survivor regions: 2->2(7)
[2026-01-16T08:34:41.857+0000][gc,heap     ] GC(249) Old regions: 72->72
[2026-01-16T08:34:41.857+0000][gc,heap     ] GC(249) Humongous regions: 63->63
[2026-01-16T08:34:41.857+0000][gc,metaspace] GC(249) Metaspace: 12093K(12544K)->12093K(12544K) NonClass: 11000K(11200K)->11000K(11200K) Class: 1093K(1344K)->1093K(1344K)
[2026-01-16T08:34:41.857+0000][gc          ] GC(249) Pause Young (Normal) (G1 Evacuation Pause) 184M->136M(1024M) 77.305ms
[2026-01-16T08:34:41.857+0000][gc,cpu      ] GC(249) User=0.05s Sys=0.00s Real=0.08s
[2026-01-16T08:34:42.887+0000][gc,start    ] GC(250) Pause Young (Normal) (G1 Evacuation Pause)
[2026-01-16T08:34:42.889+0000][gc,task     ] GC(250) Using 8 workers of 8 for evacuation
[2026-01-16T08:34:43.098+0000][gc,mmu      ] GC(250) MMU target violated: 201.0ms (200.0ms/201.0ms)
[2026-01-16T08:34:43.103+0000][gc,phases   ] GC(250)   Pre Evacuate Collection Set: 11.4ms
[2026-01-16T08:34:43.105+0000][gc,phases   ] GC(250)   Merge Heap Roots: 1.5ms
[2026-01-16T08:34:43.105+0000][gc,phases   ] GC(250)   Evacuate Collection Set: 186.0ms
[2026-01-16T08:34:43.105+0000][gc,phases   ] GC(250)   Post Evacuate Collection Set: 9.4ms
[2026-01-16T08:34:43.106+0000][gc,phases   ] GC(250)   Other: 6.1ms
[2026-01-16T08:34:43.106+0000][gc,heap     ] GC(250) Eden regions: 49->0(49)
[2026-01-16T08:34:43.106+0000][gc,heap     ] GC(250) Survivor regions: 2->2(7)
[2026-01-16T08:34:43.106+0000][gc,heap     ] GC(250) Old regions: 72->72
[2026-01-16T08:34:43.106+0000][gc,heap     ] GC(250) Humongous regions: 63->63
[2026-01-16T08:34:43.107+0000][gc,metaspace] GC(250) Metaspace: 12094K(12544K)->12094K(12544K) NonClass: 11000K(11200K)->11000K(11200K) Class: 1093K(1344K)->1093K(1344K)
[2026-01-16T08:34:43.108+0000][gc          ] GC(250) Pause Young (Normal) (G1 Evacuation Pause) 185M->136M(1024M) 220.854ms
[2026-01-16T08:34:43.108+0000][gc,cpu      ] GC(250) User=0.08s Sys=0.03s Real=0.22s
[2026-01-16T08:34:52.070+0000][gc,start    ] GC(251) Pause Young (Normal) (G1 Evacuation Pause)
[2026-01-16T08:34:52.074+0000][gc,task     ] GC(251) Using 8 workers of 8 for evacuation
[2026-01-16T08:34:52.353+0000][gc,mmu      ] GC(251) MMU target violated: 201.0ms (200.0ms/201.0ms)
[2026-01-16T08:34:52.356+0000][gc,phases   ] GC(251)   Pre Evacuate Collection Set: 51.7ms
[2026-01-16T08:34:52.358+0000][gc,phases   ] GC(251)   Merge Heap Roots: 83.9ms
[2026-01-16T08:34:52.359+0000][gc,phases   ] GC(251)   Evacuate Collection Set: 129.3ms
[2026-01-16T08:34:52.359+0000][gc,phases   ] GC(251)   Post Evacuate Collection Set: 11.5ms
[2026-01-16T08:34:52.360+0000][gc,phases   ] GC(251)   Other: 6.2ms
[2026-01-16T08:34:52.361+0000][gc,heap     ] GC(251) Eden regions: 49->0(49)
[2026-01-16T08:34:52.361+0000][gc,heap     ] GC(251) Survivor regions: 2->2(7)
[2026-01-16T08:34:52.362+0000][gc,heap     ] GC(251) Old regions: 72->72
[2026-01-16T08:34:52.362+0000][gc,heap     ] GC(251) Humongous regions: 63->63
[2026-01-16T08:34:52.363+0000][gc,metaspace] GC(251) Metaspace: 12098K(12544K)->12098K(12544K) NonClass: 11005K(11200K)->11005K(11200K) Class: 1093K(1344K)->1093K(1344K)
[2026-01-16T08:34:52.364+0000][gc          ] GC(251) Pause Young (Normal) (G1 Evacuation Pause) 185M->136M(1024M) 294.063ms
[2026-01-16T08:34:52.365+0000][gc,cpu      ] GC(251) User=0.22s Sys=0.02s Real=0.30s
[2026-01-16T08:34:54.598+0000][gc,start    ] GC(252) Pause Young (Normal) (G1 Evacuation Pause)
[2026-01-16T08:34:54.605+0000][gc,task     ] GC(252) Using 8 workers of 8 for evacuation
[2026-01-16T08:34:54.792+0000][gc,phases   ] GC(252)   Pre Evacuate Collection Set: 17.7ms
[2026-01-16T08:34:54.793+0000][gc,phases   ] GC(252)   Merge Heap Roots: 3.8ms
[2026-01-16T08:34:54.794+0000][gc,phases   ] GC(252)   Evacuate Collection Set: 154.9ms
[2026-01-16T08:34:54.794+0000][gc,phases   ] GC(252)   Post Evacuate Collection Set: 5.3ms
[2026-01-16T08:34:54.794+0000][gc,phases   ] GC(252)   Other: 5.5ms
[2026-01-16T08:34:54.795+0000][gc,heap     ] GC(252) Eden regions: 49->0(49)
[2026-01-16T08:34:54.795+0000][gc,heap     ] GC(252) Survivor regions: 2->2(7)
[2026-01-16T08:34:54.795+0000][gc,heap     ] GC(252) Old regions: 72->73
[2026-01-16T08:34:54.795+0000][gc,heap     ] GC(252) Humongous regions: 63->63
[2026-01-16T08:34:54.796+0000][gc,metaspace] GC(252) Metaspace: 12098K(12544K)->12098K(12544K) NonClass: 11005K(11200K)->11005K(11200K) Class: 1093K(1344K)->1093K(1344K)
[2026-01-16T08:34:54.796+0000][gc          ] GC(252) Pause Young (Normal) (G1 Evacuation Pause) 185M->136M(1024M) 197.665ms
[2026-01-16T08:34:54.797+0000][gc,cpu      ] GC(252) User=0.07s Sys=0.00s Real=0.20s
[2026-01-16T08:35:01.744+0000][gc,start    ] GC(253) Pause Young (Normal) (G1 Evacuation Pause)
[2026-01-16T08:35:01.745+0000][gc,task     ] GC(253) Using 8 workers of 8 for evacuation
[2026-01-16T08:35:01.882+0000][gc,phases   ] GC(253)   Pre Evacuate Collection Set: 8.8ms
[2026-01-16T08:35:01.882+0000][gc,phases   ] GC(253)   Merge Heap Roots: 3.2ms
[2026-01-16T08:35:01.882+0000][gc,phases   ] GC(253)   Evacuate Collection Set: 118.1ms
[2026-01-16T08:35:01.882+0000][gc,phases   ] GC(253)   Post Evacuate Collection Set: 4.3ms
[2026-01-16T08:35:01.883+0000][gc,phases   ] GC(253)   Other: 2.1ms
[2026-01-16T08:35:01.883+0000][gc,heap     ] GC(253) Eden regions: 49->0(111)
[2026-01-16T08:35:01.883+0000][gc,heap     ] GC(253) Survivor regions: 2->1(7)
[2026-01-16T08:35:01.883+0000][gc,heap     ] GC(253) Old regions: 73->73
[2026-01-16T08:35:01.883+0000][gc,heap     ] GC(253) Humongous regions: 63->63
[2026-01-16T08:35:01.884+0000][gc,metaspace] GC(253) Metaspace: 12098K(12544K)->12098K(12544K) NonClass: 11005K(11200K)->11005K(11200K) Class: 1093K(1344K)->1093K(1344K)
[2026-01-16T08:35:01.885+0000][gc          ] GC(253) Pause Young (Normal) (G1 Evacuation Pause) 185M->136M(1024M) 141.315ms
[2026-01-16T08:35:01.887+0000][gc,cpu      ] GC(253) User=0.11s Sys=0.00s Real=0.14s
[2026-01-16T08:35:15.524+0000][gc,start    ] GC(254) Pause Young (Normal) (G1 Evacuation Pause)
[2026-01-16T08:35:15.526+0000][gc,task     ] GC(254) Using 8 workers of 8 for evacuation
[2026-01-16T08:35:15.957+0000][gc,mmu      ] GC(254) MMU target violated: 201.0ms (200.0ms/201.0ms)
[2026-01-16T08:35:15.981+0000][gc,phases   ] GC(254)   Pre Evacuate Collection Set: 33.9ms
[2026-01-16T08:35:15.985+0000][gc,phases   ] GC(254)   Merge Heap Roots: 7.4ms
[2026-01-16T08:35:15.986+0000][gc,phases   ] GC(254)   Evacuate Collection Set: 371.2ms
[2026-01-16T08:35:15.986+0000][gc,phases   ] GC(254)   Post Evacuate Collection Set: 17.6ms
[2026-01-16T08:35:15.987+0000][gc,phases   ] GC(254)   Other: 25.5ms
[2026-01-16T08:35:15.987+0000][gc,heap     ] GC(254) Eden regions: 135->0(49)
[2026-01-16T08:35:15.988+0000][gc,heap     ] GC(254) Survivor regions: 1->2(17)
[2026-01-16T08:35:15.988+0000][gc,heap     ] GC(254) Old regions: 73->73
[2026-01-16T08:35:15.988+0000][gc,heap     ] GC(254) Humongous regions: 63->63
[2026-01-16T08:35:15.988+0000][gc,metaspace] GC(254) Metaspace: 12098K(12544K)->12098K(12544K) NonClass: 11005K(11200K)->11005K(11200K) Class: 1093K(1344K)->1093K(1344K)
[2026-01-16T08:35:15.993+0000][gc          ] GC(254) Pause Young (Normal) (G1 Evacuation Pause) 271M->136M(1024M) 468.822ms
[2026-01-16T08:35:15.993+0000][gc,cpu      ] GC(254) User=0.24s Sys=0.01s Real=0.47s
[2026-01-16T08:35:18.855+0000][gc,start    ] GC(255) Pause Young (Normal) (G1 Evacuation Pause)
[2026-01-16T08:35:18.856+0000][gc,task     ] GC(255) Using 8 workers of 8 for evacuation
[2026-01-16T08:35:18.970+0000][gc,phases   ] GC(255)   Pre Evacuate Collection Set: 13.8ms
[2026-01-16T08:35:18.971+0000][gc,phases   ] GC(255)   Merge Heap Roots: 3.2ms
[2026-01-16T08:35:18.971+0000][gc,phases   ] GC(255)   Evacuate Collection Set: 92.9ms
[2026-01-16T08:35:18.972+0000][gc,phases   ] GC(255)   Post Evacuate Collection Set: 2.8ms
[2026-01-16T08:35:18.973+0000][gc,phases   ] GC(255)   Other: 1.4ms
[2026-01-16T08:35:18.973+0000][gc,heap     ] GC(255) Eden regions: 49->0(49)
[2026-01-16T08:35:18.974+0000][gc,heap     ] GC(255) Survivor regions: 2->2(7)
[2026-01-16T08:35:18.974+0000][gc,heap     ] GC(255) Old regions: 73->73
[2026-01-16T08:35:18.974+0000][gc,heap     ] GC(255) Humongous regions: 63->63
[2026-01-16T08:35:18.975+0000][gc,metaspace] GC(255) Metaspace: 12099K(12544K)->12099K(12544K) NonClass: 11005K(11200K)->11005K(11200K) Class: 1093K(1344K)->1093K(1344K)
[2026-01-16T08:35:18.975+0000][gc          ] GC(255) Pause Young (Normal) (G1 Evacuation Pause) 185M->137M(1024M) 120.198ms
[2026-01-16T08:35:18.976+0000][gc,cpu      ] GC(255) User=0.10s Sys=0.01s Real=0.12s
[2026-01-16T08:35:22.212+0000][gc,start    ] GC(256) Pause Young (Normal) (G1 Evacuation Pause)
[2026-01-16T08:35:22.221+0000][gc,task     ] GC(256) Using 8 workers of 8 for evacuation
[2026-01-16T08:35:22.777+0000][gc,mmu      ] GC(256) MMU target violated: 201.0ms (200.0ms/201.0ms)
[2026-01-16T08:35:22.777+0000][gc,phases   ] GC(256)   Pre Evacuate Collection Set: 35.3ms
[2026-01-16T08:35:22.778+0000][gc,phases   ] GC(256)   Merge Heap Roots: 21.8ms
[2026-01-16T08:35:22.779+0000][gc,phases   ] GC(256)   Evacuate Collection Set: 467.5ms
[2026-01-16T08:35:22.780+0000][gc,phases   ] GC(256)   Post Evacuate Collection Set: 23.8ms
[2026-01-16T08:35:22.782+0000][gc,phases   ] GC(256)   Other: 7.6ms
[2026-01-16T08:35:22.784+0000][gc,heap     ] GC(256) Eden regions: 49->0(50)
[2026-01-16T08:35:22.784+0000][gc,heap     ] GC(256) Survivor regions: 2->1(7)
[2026-01-16T08:35:22.785+0000][gc,heap     ] GC(256) Old regions: 73->73
[2026-01-16T08:35:22.785+0000][gc,heap     ] GC(256) Humongous regions: 63->63
[2026-01-16T08:35:22.786+0000][gc,metaspace] GC(256) Metaspace: 12103K(12544K)->12103K(12544K) NonClass: 11010K(11200K)->11010K(11200K) Class: 1093K(1344K)->1093K(1344K)
[2026-01-16T08:35:22.786+0000][gc          ] GC(256) Pause Young (Normal) (G1 Evacuation Pause) 186M->136M(1024M) 573.495ms
[2026-01-16T08:35:22.786+0000][gc,cpu      ] GC(256) User=0.20s Sys=0.03s Real=0.59s
[2026-01-16T08:35:24.569+0000][gc,start    ] GC(257) Pause Young (Normal) (G1 Evacuation Pause)
[2026-01-16T08:35:24.571+0000][gc,task     ] GC(257) Using 8 workers of 8 for evacuation
[2026-01-16T08:35:24.662+0000][gc,phases   ] GC(257)   Pre Evacuate Collection Set: 19.7ms
[2026-01-16T08:35:24.664+0000][gc,phases   ] GC(257)   Merge Heap Roots: 0.8ms
[2026-01-16T08:35:24.664+0000][gc,phases   ] GC(257)   Evacuate Collection Set: 62.8ms
[2026-01-16T08:35:24.666+0000][gc,phases   ] GC(257)   Post Evacuate Collection Set: 5.4ms
[2026-01-16T08:35:24.666+0000][gc,phases   ] GC(257)   Other: 1.4ms
[2026-01-16T08:35:24.667+0000][gc,heap     ] GC(257) Eden regions: 50->0(49)
[2026-01-16T08:35:24.667+0000][gc,heap     ] GC(257) Survivor regions: 1->2(7)
[2026-01-16T08:35:24.667+0000][gc,heap     ] GC(257) Old regions: 73->73
[2026-01-16T08:35:24.667+0000][gc,heap     ] GC(257) Humongous regions: 63->63
[2026-01-16T08:35:24.667+0000][gc,metaspace] GC(257) Metaspace: 12103K(12544K)->12103K(12544K) NonClass: 11010K(11200K)->11010K(11200K) Class: 1093K(1344K)->1093K(1344K)
[2026-01-16T08:35:24.668+0000][gc          ] GC(257) Pause Young (Normal) (G1 Evacuation Pause) 186M->136M(1024M) 98.437ms
[2026-01-16T08:35:24.669+0000][gc,cpu      ] GC(257) User=0.07s Sys=0.00s Real=0.10s
[2026-01-16T08:35:33.205+0000][gc,start    ] GC(258) Pause Young (Normal) (G1 Evacuation Pause)
[2026-01-16T08:35:33.234+0000][gc,task     ] GC(258) Using 8 workers of 8 for evacuation
[2026-01-16T08:35:33.558+0000][gc,mmu      ] GC(258) MMU target violated: 201.0ms (200.0ms/201.0ms)
[2026-01-16T08:35:33.559+0000][gc,phases   ] GC(258)   Pre Evacuate Collection Set: 47.7ms
[2026-01-16T08:35:33.560+0000][gc,phases   ] GC(258)   Merge Heap Roots: 15.3ms
[2026-01-16T08:35:33.560+0000][gc,phases   ] GC(258)   Evacuate Collection Set: 238.0ms
[2026-01-16T08:35:33.561+0000][gc,phases   ] GC(258)   Post Evacuate Collection Set: 17.5ms
[2026-01-16T08:35:33.562+0000][gc,phases   ] GC(258)   Other: 26.0ms
[2026-01-16T08:35:33.563+0000][gc,heap     ] GC(258) Eden regions: 49->0(50)
[2026-01-16T08:35:33.563+0000][gc,heap     ] GC(258) Survivor regions: 2->1(7)
[2026-01-16T08:35:33.564+0000][gc,heap     ] GC(258) Old regions: 73->73
[2026-01-16T08:35:33.565+0000][gc,heap     ] GC(258) Humongous regions: 63->63
[2026-01-16T08:35:33.567+0000][gc,metaspace] GC(258) Metaspace: 12103K(12544K)->12103K(12544K) NonClass: 11010K(11200K)->11010K(11200K) Class: 1093K(1344K)->1093K(1344K)
[2026-01-16T08:35:33.569+0000][gc          ] GC(258) Pause Young (Normal) (G1 Evacuation Pause) 185M->136M(1024M) 369.019ms
[2026-01-16T08:35:33.570+0000][gc,cpu      ] GC(258) User=0.12s Sys=0.02s Real=0.37s
[2026-01-16T08:35:36.900+0000][gc,start    ] GC(259) Pause Young (Normal) (G1 Evacuation Pause)
[2026-01-16T08:35:36.929+0000][gc,task     ] GC(259) Using 8 workers of 8 for evacuation
[2026-01-16T08:35:37.414+0000][gc,mmu      ] GC(259) MMU target violated: 201.0ms (200.0ms/201.0ms)
[2026-01-16T08:35:37.426+0000][gc,phases   ] GC(259)   Pre Evacuate Collection Set: 86.6ms
[2026-01-16T08:35:37.427+0000][gc,phases   ] GC(259)   Merge Heap Roots: 21.0ms
[2026-01-16T08:35:37.428+0000][gc,phases   ] GC(259)   Evacuate Collection Set: 354.3ms
[2026-01-16T08:35:37.429+0000][gc,phases   ] GC(259)   Post Evacuate Collection Set: 18.7ms
[2026-01-16T08:35:37.429+0000][gc,phases   ] GC(259)   Other: 25.3ms
[2026-01-16T08:35:37.429+0000][gc,heap     ] GC(259) Eden regions: 50->0(49)
[2026-01-16T08:35:37.429+0000][gc,heap     ] GC(259) Survivor regions: 1->2(7)
[2026-01-16T08:35:37.430+0000][gc,heap     ] GC(259) Old regions: 73->73
[2026-01-16T08:35:37.430+0000][gc,heap     ] GC(259) Humongous regions: 63->63
[2026-01-16T08:35:37.431+0000][gc,metaspace] GC(259) Metaspace: 12103K(12544K)->12103K(12544K) NonClass: 11010K(11200K)->11010K(11200K) Class: 1093K(1344K)->1093K(1344K)
[2026-01-16T08:35:37.432+0000][gc          ] GC(259) Pause Young (Normal) (G1 Evacuation Pause) 186M->136M(1024M) 532.187ms
[2026-01-16T08:35:37.435+0000][gc,cpu      ] GC(259) User=0.11s Sys=0.01s Real=0.54s
[2026-01-16T08:35:40.761+0000][gc,start    ] GC(260) Pause Young (Normal) (G1 Evacuation Pause)
[2026-01-16T08:35:40.764+0000][gc,task     ] GC(260) Using 8 workers of 8 for evacuation
[2026-01-16T08:35:40.813+0000][gc,phases   ] GC(260)   Pre Evacuate Collection Set: 6.3ms
[2026-01-16T08:35:40.816+0000][gc,phases   ] GC(260)   Merge Heap Roots: 1.1ms
[2026-01-16T08:35:40.816+0000][gc,phases   ] GC(260)   Evacuate Collection Set: 29.5ms
[2026-01-16T08:35:40.817+0000][gc,phases   ] GC(260)   Post Evacuate Collection Set: 11.5ms
[2026-01-16T08:35:40.817+0000][gc,phases   ] GC(260)   Other: 0.6ms
[2026-01-16T08:35:40.818+0000][gc,heap     ] GC(260) Eden regions: 49->0(50)
[2026-01-16T08:35:40.819+0000][gc,heap     ] GC(260) Survivor regions: 2->1(7)
[2026-01-16T08:35:40.819+0000][gc,heap     ] GC(260) Old regions: 73->73
[2026-01-16T08:35:40.819+0000][gc,heap     ] GC(260) Humongous regions: 63->63
[2026-01-16T08:35:40.819+0000][gc,metaspace] GC(260) Metaspace: 12103K(12544K)->12103K(12544K) NonClass: 11010K(11200K)->11010K(11200K) Class: 1093K(1344K)->1093K(1344K)
[2026-01-16T08:35:40.819+0000][gc          ] GC(260) Pause Young (Normal) (G1 Evacuation Pause) 185M->135M(1024M) 58.285ms
[2026-01-16T08:35:40.819+0000][gc,cpu      ] GC(260) User=0.04s Sys=0.00s Real=0.06s
[2026-01-16T08:35:41.922+0000][gc,start    ] GC(261) Pause Young (Normal) (G1 Evacuation Pause)
[2026-01-16T08:35:41.928+0000][gc,task     ] GC(261) Using 8 workers of 8 for evacuation
[2026-01-16T08:35:41.993+0000][gc,phases   ] GC(261)   Pre Evacuate Collection Set: 1.5ms
[2026-01-16T08:35:41.993+0000][gc,phases   ] GC(261)   Merge Heap Roots: 0.2ms
[2026-01-16T08:35:41.994+0000][gc,phases   ] GC(261)   Evacuate Collection Set: 56.6ms
[2026-01-16T08:35:41.994+0000][gc,phases   ] GC(261)   Post Evacuate Collection Set: 6.0ms
[2026-01-16T08:35:41.994+0000][gc,phases   ] GC(261)   Other: 0.5ms
[2026-01-16T08:35:41.994+0000][gc,heap     ] GC(261) Eden regions: 53->0(49)
[2026-01-16T08:35:41.996+0000][gc,heap     ] GC(261) Survivor regions: 1->2(7)
[2026-01-16T08:35:41.996+0000][gc,heap     ] GC(261) Old regions: 73->73
[2026-01-16T08:35:41.997+0000][gc,heap     ] GC(261) Humongous regions: 63->63
[2026-01-16T08:35:41.997+0000][gc,metaspace] GC(261) Metaspace: 12103K(12544K)->12103K(12544K) NonClass: 11010K(11200K)->11010K(11200K) Class: 1093K(1344K)->1093K(1344K)
[2026-01-16T08:35:41.997+0000][gc          ] GC(261) Pause Young (Normal) (G1 Evacuation Pause) 188M->136M(1024M) 75.164ms
[2026-01-16T08:35:41.998+0000][gc,cpu      ] GC(261) User=0.04s Sys=0.00s Real=0.08s
[2026-01-16T08:35:51.200+0000][gc,start    ] GC(262) Pause Young (Normal) (G1 Evacuation Pause)
[2026-01-16T08:35:51.203+0000][gc,task     ] GC(262) Using 8 workers of 8 for evacuation
[2026-01-16T08:35:51.305+0000][gc,phases   ] GC(262)   Pre Evacuate Collection Set: 16.1ms
[2026-01-16T08:35:51.306+0000][gc,phases   ] GC(262)   Merge Heap Roots: 0.7ms
[2026-01-16T08:35:51.308+0000][gc,phases   ] GC(262)   Evacuate Collection Set: 74.4ms
[2026-01-16T08:35:51.308+0000][gc,phases   ] GC(262)   Post Evacuate Collection Set: 8.5ms
[2026-01-16T08:35:51.309+0000][gc,phases   ] GC(262)   Other: 3.2ms
[2026-01-16T08:35:51.309+0000][gc,heap     ] GC(262) Eden regions: 51->0(103)
[2026-01-16T08:35:51.310+0000][gc,heap     ] GC(262) Survivor regions: 2->1(7)
[2026-01-16T08:35:51.310+0000][gc,heap     ] GC(262) Old regions: 73->73
[2026-01-16T08:35:51.310+0000][gc,heap     ] GC(262) Humongous regions: 63->63
[2026-01-16T08:35:51.311+0000][gc,metaspace] GC(262) Metaspace: 12103K(12544K)->12103K(12544K) NonClass: 11010K(11200K)->11010K(11200K) Class: 1093K(1344K)->1093K(1344K)
[2026-01-16T08:35:51.311+0000][gc          ] GC(262) Pause Young (Normal) (G1 Evacuation Pause) 187M->135M(1024M) 110.978ms
[2026-01-16T08:35:51.311+0000][gc,cpu      ] GC(262) User=0.07s Sys=0.01s Real=0.11s
[2026-01-16T08:36:01.037+0000][gc,start    ] GC(263) Pause Young (Normal) (G1 Evacuation Pause)
[2026-01-16T08:36:01.047+0000][gc,task     ] GC(263) Using 8 workers of 8 for evacuation
[2026-01-16T08:36:01.186+0000][gc,phases   ] GC(263)   Pre Evacuate Collection Set: 20.9ms
[2026-01-16T08:36:01.188+0000][gc,phases   ] GC(263)   Merge Heap Roots: 1.5ms
[2026-01-16T08:36:01.188+0000][gc,phases   ] GC(263)   Evacuate Collection Set: 95.8ms
[2026-01-16T08:36:01.188+0000][gc,phases   ] GC(263)   Post Evacuate Collection Set: 20.7ms
[2026-01-16T08:36:01.189+0000][gc,phases   ] GC(263)   Other: 1.0ms
[2026-01-16T08:36:01.189+0000][gc,heap     ] GC(263) Eden regions: 114->0(151)
[2026-01-16T08:36:01.189+0000][gc,heap     ] GC(263) Survivor regions: 1->1(15)
[2026-01-16T08:36:01.190+0000][gc,heap     ] GC(263) Old regions: 73->73
[2026-01-16T08:36:01.190+0000][gc,heap     ] GC(263) Humongous regions: 63->63
[2026-01-16T08:36:01.191+0000][gc,metaspace] GC(263) Metaspace: 12104K(12544K)->12104K(12544K) NonClass: 11011K(11200K)->11011K(11200K) Class: 1093K(1344K)->1093K(1344K)
[2026-01-16T08:36:01.191+0000][gc          ] GC(263) Pause Young (Normal) (G1 Evacuation Pause) 249M->135M(1024M) 154.116ms
[2026-01-16T08:36:01.191+0000][gc,cpu      ] GC(263) User=0.08s Sys=0.00s Real=0.15s
[2026-01-16T08:36:19.701+0000][gc,start    ] GC(264) Pause Young (Normal) (G1 Evacuation Pause)
[2026-01-16T08:36:19.704+0000][gc,task     ] GC(264) Using 8 workers of 8 for evacuation
[2026-01-16T08:36:20.532+0000][gc,mmu      ] GC(264) MMU target violated: 201.0ms (200.0ms/201.0ms)
[2026-01-16T08:36:20.536+0000][gc,phases   ] GC(264)   Pre Evacuate Collection Set: 247.6ms
[2026-01-16T08:36:20.537+0000][gc,phases   ] GC(264)   Merge Heap Roots: 30.6ms
[2026-01-16T08:36:20.537+0000][gc,phases   ] GC(264)   Evacuate Collection Set: 478.1ms
[2026-01-16T08:36:20.537+0000][gc,phases   ] GC(264)   Post Evacuate Collection Set: 65.5ms
[2026-01-16T08:36:20.538+0000][gc,phases   ] GC(264)   Other: 10.5ms
[2026-01-16T08:36:20.539+0000][gc,heap     ] GC(264) Eden regions: 155->0(50)
[2026-01-16T08:36:20.539+0000][gc,heap     ] GC(264) Survivor regions: 1->1(20)
[2026-01-16T08:36:20.539+0000][gc,heap     ] GC(264) Old regions: 73->73
[2026-01-16T08:36:20.540+0000][gc,heap     ] GC(264) Humongous regions: 63->63
[2026-01-16T08:36:20.541+0000][gc,metaspace] GC(264) Metaspace: 12104K(12544K)->12104K(12544K) NonClass: 11011K(11200K)->11011K(11200K) Class: 1093K(1344K)->1093K(1344K)
[2026-01-16T08:36:20.543+0000][gc          ] GC(264) Pause Young (Normal) (G1 Evacuation Pause) 290M->136M(1024M) 842.301ms
[2026-01-16T08:36:20.545+0000][gc,cpu      ] GC(264) User=0.44s Sys=0.04s Real=0.85s
[2026-01-16T08:36:25.522+0000][gc,start    ] GC(265) Pause Young (Normal) (G1 Evacuation Pause)
[2026-01-16T08:36:25.528+0000][gc,task     ] GC(265) Using 8 workers of 8 for evacuation
[2026-01-16T08:36:26.411+0000][gc,mmu      ] GC(265) MMU target violated: 201.0ms (200.0ms/201.0ms)
[2026-01-16T08:36:26.412+0000][gc,phases   ] GC(265)   Pre Evacuate Collection Set: 112.3ms
[2026-01-16T08:36:26.413+0000][gc,phases   ] GC(265)   Merge Heap Roots: 3.6ms
[2026-01-16T08:36:26.416+0000][gc,phases   ] GC(265)   Evacuate Collection Set: 703.0ms
[2026-01-16T08:36:26.418+0000][gc,phases   ] GC(265)   Post Evacuate Collection Set: 53.0ms
[2026-01-16T08:36:26.419+0000][gc,phases   ] GC(265)   Other: 15.8ms
[2026-01-16T08:36:26.419+0000][gc,heap     ] GC(265) Eden regions: 50->0(49)
[2026-01-16T08:36:26.421+0000][gc,heap     ] GC(265) Survivor regions: 1->2(7)
[2026-01-16T08:36:26.424+0000][gc,heap     ] GC(265) Old regions: 73->73
[2026-01-16T08:36:26.426+0000][gc,heap     ] GC(265) Humongous regions: 63->63
[2026-01-16T08:36:26.428+0000][gc,metaspace] GC(265) Metaspace: 12104K(12544K)->12104K(12544K) NonClass: 11011K(11200K)->11011K(11200K) Class: 1093K(1344K)->1093K(1344K)
[2026-01-16T08:36:26.428+0000][gc          ] GC(265) Pause Young (Normal) (G1 Evacuation Pause) 186M->137M(1024M) 906.650ms
[2026-01-16T08:36:26.430+0000][gc,cpu      ] GC(265) User=0.33s Sys=0.02s Real=0.91s
[2026-01-16T08:36:32.895+0000][gc,start    ] GC(266) Pause Young (Normal) (G1 Evacuation Pause)
[2026-01-16T08:36:32.922+0000][gc,task     ] GC(266) Using 8 workers of 8 for evacuation
[2026-01-16T08:36:33.390+0000][gc,mmu      ] GC(266) MMU target violated: 201.0ms (200.0ms/201.0ms)
[2026-01-16T08:36:33.394+0000][gc,phases   ] GC(266)   Pre Evacuate Collection Set: 98.2ms
[2026-01-16T08:36:33.394+0000][gc,phases   ] GC(266)   Merge Heap Roots: 5.1ms
[2026-01-16T08:36:33.394+0000][gc,phases   ] GC(266)   Evacuate Collection Set: 303.6ms
[2026-01-16T08:36:33.397+0000][gc,phases   ] GC(266)   Post Evacuate Collection Set: 53.1ms
[2026-01-16T08:36:33.397+0000][gc,phases   ] GC(266)   Other: 16.5ms
[2026-01-16T08:36:33.401+0000][gc,heap     ] GC(266) Eden regions: 49->0(50)
[2026-01-16T08:36:33.402+0000][gc,heap     ] GC(266) Survivor regions: 2->1(7)
[2026-01-16T08:36:33.402+0000][gc,heap     ] GC(266) Old regions: 73->73
[2026-01-16T08:36:33.402+0000][gc,heap     ] GC(266) Humongous regions: 63->63
[2026-01-16T08:36:33.402+0000][gc,metaspace] GC(266) Metaspace: 12104K(12544K)->12104K(12544K) NonClass: 11011K(11200K)->11011K(11200K) Class: 1093K(1344K)->1093K(1344K)
[2026-01-16T08:36:33.402+0000][gc          ] GC(266) Pause Young (Normal) (G1 Evacuation Pause) 186M->136M(1024M) 512.721ms
[2026-01-16T08:36:33.402+0000][gc,cpu      ] GC(266) User=0.20s Sys=0.02s Real=0.51s
[2026-01-16T08:36:37.360+0000][gc,start    ] GC(267) Pause Young (Normal) (G1 Evacuation Pause)
[2026-01-16T08:36:37.390+0000][gc,task     ] GC(267) Using 8 workers of 8 for evacuation
[2026-01-16T08:36:37.712+0000][gc,mmu      ] GC(267) MMU target violated: 201.0ms (200.0ms/201.0ms)
[2026-01-16T08:36:37.713+0000][gc,phases   ] GC(267)   Pre Evacuate Collection Set: 38.6ms
[2026-01-16T08:36:37.713+0000][gc,phases   ] GC(267)   Merge Heap Roots: 1.0ms
[2026-01-16T08:36:37.713+0000][gc,phases   ] GC(267)   Evacuate Collection Set: 259.2ms
[2026-01-16T08:36:37.713+0000][gc,phases   ] GC(267)   Post Evacuate Collection Set: 21.3ms
[2026-01-16T08:36:37.715+0000][gc,phases   ] GC(267)   Other: 2.6ms
[2026-01-16T08:36:37.715+0000][gc,heap     ] GC(267) Eden regions: 50->0(49)
[2026-01-16T08:36:37.717+0000][gc,heap     ] GC(267) Survivor regions: 1->2(7)
[2026-01-16T08:36:37.717+0000][gc,heap     ] GC(267) Old regions: 73->73
[2026-01-16T08:36:37.717+0000][gc,heap     ] GC(267) Humongous regions: 63->63
[2026-01-16T08:36:37.717+0000][gc,metaspace] GC(267) Metaspace: 12104K(12544K)->12104K(12544K) NonClass: 11011K(11200K)->11011K(11200K) Class: 1093K(1344K)->1093K(1344K)
[2026-01-16T08:36:37.717+0000][gc          ] GC(267) Pause Young (Normal) (G1 Evacuation Pause) 186M->137M(1024M) 371.631ms
[2026-01-16T08:36:37.717+0000][gc,cpu      ] GC(267) User=0.23s Sys=0.01s Real=0.37s
[2026-01-16T08:36:41.200+0000][gc,start    ] GC(268) Pause Young (Normal) (G1 Evacuation Pause)
[2026-01-16T08:36:41.206+0000][gc,task     ] GC(268) Using 8 workers of 8 for evacuation
[2026-01-16T08:36:41.737+0000][gc,mmu      ] GC(268) MMU target violated: 201.0ms (200.0ms/201.0ms)
[2026-01-16T08:36:41.739+0000][gc,phases   ] GC(268)   Pre Evacuate Collection Set: 50.5ms
[2026-01-16T08:36:41.741+0000][gc,phases   ] GC(268)   Merge Heap Roots: 0.3ms
[2026-01-16T08:36:41.742+0000][gc,phases   ] GC(268)   Evacuate Collection Set: 445.9ms
[2026-01-16T08:36:41.742+0000][gc,phases   ] GC(268)   Post Evacuate Collection Set: 20.5ms
[2026-01-16T08:36:41.744+0000][gc,phases   ] GC(268)   Other: 18.6ms
[2026-01-16T08:36:41.747+0000][gc,heap     ] GC(268) Eden regions: 49->0(48)
[2026-01-16T08:36:41.747+0000][gc,heap     ] GC(268) Survivor regions: 2->3(7)
[2026-01-16T08:36:41.748+0000][gc,heap     ] GC(268) Old regions: 73->73
[2026-01-16T08:36:41.749+0000][gc,heap     ] GC(268) Humongous regions: 63->63
[2026-01-16T08:36:41.749+0000][gc,metaspace] GC(268) Metaspace: 12105K(12544K)->12105K(12544K) NonClass: 11012K(11200K)->11012K(11200K) Class: 1093K(1344K)->1093K(1344K)
[2026-01-16T08:36:41.749+0000][gc          ] GC(268) Pause Young (Normal) (G1 Evacuation Pause) 186M->138M(1024M) 558.792ms
[2026-01-16T08:36:41.750+0000][gc,cpu      ] GC(268) User=0.32s Sys=0.03s Real=0.56s
[2026-01-16T08:36:43.829+0000][gc,start    ] GC(269) Pause Young (Normal) (G1 Evacuation Pause)
[2026-01-16T08:36:43.879+0000][gc,task     ] GC(269) Using 8 workers of 8 for evacuation
[2026-01-16T08:36:44.018+0000][gc,phases   ] GC(269)   Pre Evacuate Collection Set: 32.0ms
[2026-01-16T08:36:44.018+0000][gc,phases   ] GC(269)   Merge Heap Roots: 5.0ms
[2026-01-16T08:36:44.019+0000][gc,phases   ] GC(269)   Evacuate Collection Set: 90.5ms
[2026-01-16T08:36:44.020+0000][gc,phases   ] GC(269)   Post Evacuate Collection Set: 5.9ms
[2026-01-16T08:36:44.020+0000][gc,phases   ] GC(269)   Other: 33.2ms
[2026-01-16T08:36:44.021+0000][gc,heap     ] GC(269) Eden regions: 48->0(49)
[2026-01-16T08:36:44.021+0000][gc,heap     ] GC(269) Survivor regions: 3->2(7)
[2026-01-16T08:36:44.022+0000][gc,heap     ] GC(269) Old regions: 73->73
[2026-01-16T08:36:44.024+0000][gc,heap     ] GC(269) Humongous regions: 63->63
[2026-01-16T08:36:44.025+0000][gc,metaspace] GC(269) Metaspace: 12105K(12544K)->12105K(12544K) NonClass: 11012K(11200K)->11012K(11200K) Class: 1093K(1344K)->1093K(1344K)
[2026-01-16T08:36:44.026+0000][gc          ] GC(269) Pause Young (Normal) (G1 Evacuation Pause) 186M->136M(1024M) 196.671ms
[2026-01-16T08:36:44.026+0000][gc,cpu      ] GC(269) User=0.13s Sys=0.02s Real=0.20s
[2026-01-16T08:36:47.015+0000][gc,start    ] GC(270) Pause Young (Normal) (G1 Evacuation Pause)
[2026-01-16T08:36:47.016+0000][gc,task     ] GC(270) Using 8 workers of 8 for evacuation
[2026-01-16T08:36:47.335+0000][gc,mmu      ] GC(270) MMU target violated: 201.0ms (200.0ms/201.0ms)
[2026-01-16T08:36:47.337+0000][gc,phases   ] GC(270)   Pre Evacuate Collection Set: 33.0ms
[2026-01-16T08:36:47.337+0000][gc,phases   ] GC(270)   Merge Heap Roots: 5.6ms
[2026-01-16T08:36:47.338+0000][gc,phases   ] GC(270)   Evacuate Collection Set: 254.6ms
[2026-01-16T08:36:47.339+0000][gc,phases   ] GC(270)   Post Evacuate Collection Set: 24.6ms
[2026-01-16T08:36:47.343+0000][gc,phases   ] GC(270)   Other: 3.6ms
[2026-01-16T08:36:47.344+0000][gc,heap     ] GC(270) Eden regions: 49->0(48)
[2026-01-16T08:36:47.346+0000][gc,heap     ] GC(270) Survivor regions: 2->3(7)
[2026-01-16T08:36:47.347+0000][gc,heap     ] GC(270) Old regions: 73->73
[2026-01-16T08:36:47.347+0000][gc,heap     ] GC(270) Humongous regions: 63->63
[2026-01-16T08:36:47.348+0000][gc,metaspace] GC(270) Metaspace: 12105K(12544K)->12105K(12544K) NonClass: 11012K(11200K)->11012K(11200K) Class: 1093K(1344K)->1093K(1344K)
[2026-01-16T08:36:47.348+0000][gc          ] GC(270) Pause Young (Normal) (G1 Evacuation Pause) 185M->137M(1024M) 333.134ms
[2026-01-16T08:36:47.349+0000][gc,cpu      ] GC(270) User=0.19s Sys=0.02s Real=0.33s
[2026-01-16T08:37:01.456+0000][gc,start    ] GC(271) Pause Young (Normal) (G1 Evacuation Pause)
[2026-01-16T08:37:01.461+0000][gc,task     ] GC(271) Using 8 workers of 8 for evacuation
[2026-01-16T08:37:02.156+0000][gc,mmu      ] GC(271) MMU target violated: 201.0ms (200.0ms/201.0ms)
[2026-01-16T08:37:02.172+0000][gc,phases   ] GC(271)   Pre Evacuate Collection Set: 74.0ms
[2026-01-16T08:37:02.172+0000][gc,phases   ] GC(271)   Merge Heap Roots: 10.2ms
[2026-01-16T08:37:02.172+0000][gc,phases   ] GC(271)   Evacuate Collection Set: 538.1ms
[2026-01-16T08:37:02.173+0000][gc,phases   ] GC(271)   Post Evacuate Collection Set: 68.6ms
[2026-01-16T08:37:02.173+0000][gc,phases   ] GC(271)   Other: 21.3ms
[2026-01-16T08:37:02.174+0000][gc,heap     ] GC(271) Eden regions: 48->0(49)
[2026-01-16T08:37:02.174+0000][gc,heap     ] GC(271) Survivor regions: 3->2(7)
[2026-01-16T08:37:02.175+0000][gc,heap     ] GC(271) Old regions: 73->73
[2026-01-16T08:37:02.176+0000][gc,heap     ] GC(271) Humongous regions: 63->63
[2026-01-16T08:37:02.177+0000][gc,metaspace] GC(271) Metaspace: 12111K(12544K)->12111K(12544K) NonClass: 11017K(11200K)->11017K(11200K) Class: 1093K(1344K)->1093K(1344K)
[2026-01-16T08:37:02.192+0000][gc          ] GC(271) Pause Young (Normal) (G1 Evacuation Pause) 185M->136M(1024M) 736.051ms
[2026-01-16T08:37:02.192+0000][gc,cpu      ] GC(271) User=0.37s Sys=0.06s Real=0.73s
[2026-01-16T08:37:05.749+0000][gc,start    ] GC(272) Pause Young (Normal) (G1 Evacuation Pause)
[2026-01-16T08:37:05.847+0000][gc,task     ] GC(272) Using 8 workers of 8 for evacuation
[2026-01-16T08:37:06.793+0000][gc,mmu      ] GC(272) MMU target violated: 201.0ms (200.0ms/201.0ms)
[2026-01-16T08:37:06.795+0000][gc,phases   ] GC(272)   Pre Evacuate Collection Set: 74.7ms
[2026-01-16T08:37:06.796+0000][gc,phases   ] GC(272)   Merge Heap Roots: 12.1ms
[2026-01-16T08:37:06.796+0000][gc,phases   ] GC(272)   Evacuate Collection Set: 794.6ms
[2026-01-16T08:37:06.796+0000][gc,phases   ] GC(272)   Post Evacuate Collection Set: 62.6ms
[2026-01-16T08:37:06.796+0000][gc,phases   ] GC(272)   Other: 91.2ms
[2026-01-16T08:37:06.796+0000][gc,heap     ] GC(272) Eden regions: 49->0(48)
[2026-01-16T08:37:06.796+0000][gc,heap     ] GC(272) Survivor regions: 2->3(7)
[2026-01-16T08:37:06.796+0000][gc,heap     ] GC(272) Old regions: 73->73
[2026-01-16T08:37:06.796+0000][gc,heap     ] GC(272) Humongous regions: 63->63
[2026-01-16T08:37:06.796+0000][gc,metaspace] GC(272) Metaspace: 12111K(12544K)->12111K(12544K) NonClass: 11018K(11200K)->11018K(11200K) Class: 1093K(1344K)->1093K(1344K)
[2026-01-16T08:37:06.797+0000][gc          ] GC(272) Pause Young (Normal) (G1 Evacuation Pause) 185M->137M(1024M) 1047.957ms
[2026-01-16T08:37:06.803+0000][gc,cpu      ] GC(272) User=0.43s Sys=0.04s Real=1.05s
[2026-01-16T08:37:10.447+0000][gc,start    ] GC(273) Pause Young (Normal) (G1 Evacuation Pause)
[2026-01-16T08:37:10.478+0000][gc,task     ] GC(273) Using 8 workers of 8 for evacuation
[2026-01-16T08:37:11.519+0000][gc,mmu      ] GC(273) MMU target violated: 201.0ms (200.0ms/201.0ms)
[2026-01-16T08:37:11.534+0000][gc,phases   ] GC(273)   Pre Evacuate Collection Set: 52.5ms
[2026-01-16T08:37:11.538+0000][gc,phases   ] GC(273)   Merge Heap Roots: 1.4ms
[2026-01-16T08:37:11.540+0000][gc,phases   ] GC(273)   Evacuate Collection Set: 960.2ms
[2026-01-16T08:37:11.541+0000][gc,phases   ] GC(273)   Post Evacuate Collection Set: 22.2ms
[2026-01-16T08:37:11.545+0000][gc,phases   ] GC(273)   Other: 20.2ms
[2026-01-16T08:37:11.549+0000][gc,heap     ] GC(273) Eden regions: 48->0(48)
[2026-01-16T08:37:11.552+0000][gc,heap     ] GC(273) Survivor regions: 3->3(7)
[2026-01-16T08:37:11.553+0000][gc,heap     ] GC(273) Old regions: 73->73
[2026-01-16T08:37:11.556+0000][gc,heap     ] GC(273) Humongous regions: 63->63
[2026-01-16T08:37:11.557+0000][gc,metaspace] GC(273) Metaspace: 12112K(12544K)->12112K(12544K) NonClass: 11019K(11200K)->11019K(11200K) Class: 1093K(1344K)->1093K(1344K)
[2026-01-16T08:37:11.561+0000][gc          ] GC(273) Pause Young (Normal) (G1 Evacuation Pause) 185M->138M(1024M) 1114.592ms
[2026-01-16T08:37:11.562+0000][gc,cpu      ] GC(273) User=0.42s Sys=0.05s Real=1.11s
[2026-01-16T08:37:21.477+0000][gc,start    ] GC(274) Pause Young (Normal) (G1 Evacuation Pause)
[2026-01-16T08:37:21.547+0000][gc,task     ] GC(274) Using 8 workers of 8 for evacuation
[2026-01-16T08:37:23.186+0000][gc,mmu      ] GC(274) MMU target violated: 201.0ms (200.0ms/201.0ms)
[2026-01-16T08:37:23.187+0000][gc,phases   ] GC(274)   Pre Evacuate Collection Set: 92.6ms
[2026-01-16T08:37:23.190+0000][gc,phases   ] GC(274)   Merge Heap Roots: 49.9ms
[2026-01-16T08:37:23.198+0000][gc,phases   ] GC(274)   Evacuate Collection Set: 1341.0ms
[2026-01-16T08:37:23.204+0000][gc,phases   ] GC(274)   Post Evacuate Collection Set: 137.6ms
[2026-01-16T08:37:23.205+0000][gc,phases   ] GC(274)   Other: 19.4ms
[2026-01-16T08:37:23.205+0000][gc,heap     ] GC(274) Eden regions: 48->0(47)
[2026-01-16T08:37:23.205+0000][gc,heap     ] GC(274) Survivor regions: 3->4(7)
[2026-01-16T08:37:23.208+0000][gc,heap     ] GC(274) Old regions: 73->73
[2026-01-16T08:37:23.216+0000][gc,heap     ] GC(274) Humongous regions: 63->63
[2026-01-16T08:37:23.217+0000][gc,metaspace] GC(274) Metaspace: 12113K(12544K)->12113K(12544K) NonClass: 11020K(11200K)->11020K(11200K) Class: 1093K(1344K)->1093K(1344K)
[2026-01-16T08:37:23.234+0000][gc          ] GC(274) Pause Young (Normal) (G1 Evacuation Pause) 186M->138M(1024M) 1756.662ms
[2026-01-16T08:37:23.274+0000][gc,cpu      ] GC(274) User=0.60s Sys=0.07s Real=1.81s
[2026-01-16T08:37:32.520+0000][gc,start    ] GC(275) Pause Young (Normal) (G1 Evacuation Pause)
[2026-01-16T08:37:32.522+0000][gc,task     ] GC(275) Using 8 workers of 8 for evacuation
[2026-01-16T08:37:35.723+0000][gc,mmu      ] GC(275) MMU target violated: 201.0ms (200.0ms/201.0ms)
[2026-01-16T08:37:35.737+0000][gc,phases   ] GC(275)   Pre Evacuate Collection Set: 112.4ms
[2026-01-16T08:37:35.741+0000][gc,phases   ] GC(275)   Merge Heap Roots: 27.7ms
[2026-01-16T08:37:35.744+0000][gc,phases   ] GC(275)   Evacuate Collection Set: 2656.6ms
[2026-01-16T08:37:35.748+0000][gc,phases   ] GC(275)   Post Evacuate Collection Set: 412.7ms
[2026-01-16T08:37:35.748+0000][gc,phases   ] GC(275)   Other: 15.7ms
[2026-01-16T08:37:35.752+0000][gc,heap     ] GC(275) Eden regions: 47->0(47)
[2026-01-16T08:37:35.755+0000][gc,heap     ] GC(275) Survivor regions: 4->4(7)
[2026-01-16T08:37:35.765+0000][gc,heap     ] GC(275) Old regions: 73->73
[2026-01-16T08:37:35.765+0000][gc,heap     ] GC(275) Humongous regions: 63->63
[2026-01-16T08:37:35.766+0000][gc,metaspace] GC(275) Metaspace: 12114K(12544K)->12114K(12544K) NonClass: 11021K(11200K)->11021K(11200K) Class: 1093K(1344K)->1093K(1344K)
[2026-01-16T08:37:35.766+0000][gc          ] GC(275) Pause Young (Normal) (G1 Evacuation Pause) 185M->139M(1024M) 3256.037ms
[2026-01-16T08:37:35.770+0000][gc,cpu      ] GC(275) User=0.86s Sys=0.10s Real=3.26s
[2026-01-16T08:37:38.418+0000][gc,start    ] GC(276) Pause Young (Normal) (G1 Evacuation Pause)
[2026-01-16T08:37:38.423+0000][gc,task     ] GC(276) Using 8 workers of 8 for evacuation
[2026-01-16T08:37:39.425+0000][gc,mmu      ] GC(276) MMU target violated: 201.0ms (200.0ms/201.0ms)
[2026-01-16T08:37:39.429+0000][gc,phases   ] GC(276)   Pre Evacuate Collection Set: 64.4ms
[2026-01-16T08:37:39.431+0000][gc,phases   ] GC(276)   Merge Heap Roots: 10.7ms
[2026-01-16T08:37:39.433+0000][gc,phases   ] GC(276)   Evacuate Collection Set: 883.7ms
[2026-01-16T08:37:39.437+0000][gc,phases   ] GC(276)   Post Evacuate Collection Set: 30.9ms
[2026-01-16T08:37:39.441+0000][gc,phases   ] GC(276)   Other: 16.7ms
[2026-01-16T08:37:39.444+0000][gc,heap     ] GC(276) Eden regions: 47->0(46)
[2026-01-16T08:37:39.445+0000][gc,heap     ] GC(276) Survivor regions: 4->5(7)
[2026-01-16T08:37:39.446+0000][gc,heap     ] GC(276) Old regions: 73->73
[2026-01-16T08:37:39.448+0000][gc,heap     ] GC(276) Humongous regions: 63->63
[2026-01-16T08:37:39.450+0000][gc,metaspace] GC(276) Metaspace: 12117K(12544K)->12117K(12544K) NonClass: 11024K(11200K)->11024K(11200K) Class: 1093K(1344K)->1093K(1344K)
[2026-01-16T08:37:39.452+0000][gc          ] GC(276) Pause Young (Normal) (G1 Evacuation Pause) 186M->140M(1024M) 1034.661ms
[2026-01-16T08:37:39.469+0000][gc,cpu      ] GC(276) User=0.42s Sys=0.02s Real=1.05s
[2026-01-16T08:37:42.330+0000][gc,start    ] GC(277) Pause Young (Normal) (G1 Evacuation Pause)
[2026-01-16T08:37:42.331+0000][gc,task     ] GC(277) Using 8 workers of 8 for evacuation
[2026-01-16T08:37:43.223+0000][gc,mmu      ] GC(277) MMU target violated: 201.0ms (200.0ms/201.0ms)
[2026-01-16T08:37:43.230+0000][gc,phases   ] GC(277)   Pre Evacuate Collection Set: 38.0ms
[2026-01-16T08:37:43.234+0000][gc,phases   ] GC(277)   Merge Heap Roots: 5.4ms
[2026-01-16T08:37:43.242+0000][gc,phases   ] GC(277)   Evacuate Collection Set: 778.0ms
[2026-01-16T08:37:43.242+0000][gc,phases   ] GC(277)   Post Evacuate Collection Set: 63.5ms
[2026-01-16T08:37:43.243+0000][gc,phases   ] GC(277)   Other: 14.9ms
[2026-01-16T08:37:43.243+0000][gc,heap     ] GC(277) Eden regions: 46->0(46)
[2026-01-16T08:37:43.243+0000][gc,heap     ] GC(277) Survivor regions: 5->5(7)
[2026-01-16T08:37:43.243+0000][gc,heap     ] GC(277) Old regions: 73->74
[2026-01-16T08:37:43.243+0000][gc,heap     ] GC(277) Humongous regions: 63->63
[2026-01-16T08:37:43.249+0000][gc,metaspace] GC(277) Metaspace: 12117K(12544K)->12117K(12544K) NonClass: 11024K(11200K)->11024K(11200K) Class: 1093K(1344K)->1093K(1344K)
[2026-01-16T08:37:43.251+0000][gc          ] GC(277) Pause Young (Normal) (G1 Evacuation Pause) 186M->140M(1024M) 921.239ms
[2026-01-16T08:37:43.252+0000][gc,cpu      ] GC(277) User=0.33s Sys=0.05s Real=0.92s
[2026-01-16T08:37:44.962+0000][gc,start    ] GC(278) Pause Young (Normal) (G1 Evacuation Pause)
[2026-01-16T08:37:44.965+0000][gc,task     ] GC(278) Using 8 workers of 8 for evacuation
[2026-01-16T08:37:45.845+0000][gc,mmu      ] GC(278) MMU target violated: 201.0ms (200.0ms/201.0ms)
[2026-01-16T08:37:45.848+0000][gc,phases   ] GC(278)   Pre Evacuate Collection Set: 25.9ms
[2026-01-16T08:37:45.853+0000][gc,phases   ] GC(278)   Merge Heap Roots: 3.9ms
[2026-01-16T08:37:45.856+0000][gc,phases   ] GC(278)   Evacuate Collection Set: 819.7ms
[2026-01-16T08:37:45.858+0000][gc,phases   ] GC(278)   Post Evacuate Collection Set: 29.7ms
[2026-01-16T08:37:45.864+0000][gc,phases   ] GC(278)   Other: 4.2ms
[2026-01-16T08:37:45.864+0000][gc,heap     ] GC(278) Eden regions: 46->0(46)
[2026-01-16T08:37:45.867+0000][gc,heap     ] GC(278) Survivor regions: 5->5(7)
[2026-01-16T08:37:45.872+0000][gc,heap     ] GC(278) Old regions: 74->75
[2026-01-16T08:37:45.878+0000][gc,heap     ] GC(278) Humongous regions: 63->63
[2026-01-16T08:37:45.880+0000][gc,metaspace] GC(278) Metaspace: 12118K(12544K)->12118K(12544K) NonClass: 11025K(11200K)->11025K(11200K) Class: 1093K(1344K)->1093K(1344K)
[2026-01-16T08:37:45.883+0000][gc          ] GC(278) Pause Young (Normal) (G1 Evacuation Pause) 186M->141M(1024M) 920.990ms
[2026-01-16T08:37:45.889+0000][gc,cpu      ] GC(278) User=0.37s Sys=0.07s Real=0.93s
[2026-01-16T08:37:47.100+0000][gc,start    ] GC(279) Pause Young (Normal) (G1 Evacuation Pause)
[2026-01-16T08:37:47.102+0000][gc,task     ] GC(279) Using 8 workers of 8 for evacuation
[2026-01-16T08:37:47.492+0000][gc,mmu      ] GC(279) MMU target violated: 201.0ms (200.0ms/201.0ms)
[2026-01-16T08:37:47.493+0000][gc,phases   ] GC(279)   Pre Evacuate Collection Set: 41.4ms
[2026-01-16T08:37:47.493+0000][gc,phases   ] GC(279)   Merge Heap Roots: 9.0ms
[2026-01-16T08:37:47.494+0000][gc,phases   ] GC(279)   Evacuate Collection Set: 335.7ms
[2026-01-16T08:37:47.494+0000][gc,phases   ] GC(279)   Post Evacuate Collection Set: 1.6ms
[2026-01-16T08:37:47.497+0000][gc,phases   ] GC(279)   Other: 3.2ms
[2026-01-16T08:37:47.501+0000][gc,heap     ] GC(279) Eden regions: 46->0(47)
[2026-01-16T08:37:47.501+0000][gc,heap     ] GC(279) Survivor regions: 5->4(7)
[2026-01-16T08:37:47.502+0000][gc,heap     ] GC(279) Old regions: 75->76
[2026-01-16T08:37:47.503+0000][gc,heap     ] GC(279) Humongous regions: 63->63
[2026-01-16T08:37:47.503+0000][gc,metaspace] GC(279) Metaspace: 12127K(12608K)->12127K(12608K) NonClass: 11033K(11264K)->11033K(11264K) Class: 1093K(1344K)->1093K(1344K)
[2026-01-16T08:37:47.506+0000][gc          ] GC(279) Pause Young (Normal) (G1 Evacuation Pause) 187M->142M(1024M) 406.367ms
[2026-01-16T08:37:47.508+0000][gc,cpu      ] GC(279) User=0.13s Sys=0.03s Real=0.41s
[2026-01-16T08:37:55.348+0000][gc,start    ] GC(280) Pause Young (Normal) (G1 Evacuation Pause)
[2026-01-16T08:37:55.349+0000][gc,task     ] GC(280) Using 8 workers of 8 for evacuation
[2026-01-16T08:37:56.247+0000][gc,mmu      ] GC(280) MMU target violated: 201.0ms (200.0ms/201.0ms)
[2026-01-16T08:37:56.249+0000][gc,phases   ] GC(280)   Pre Evacuate Collection Set: 25.7ms
[2026-01-16T08:37:56.249+0000][gc,phases   ] GC(280)   Merge Heap Roots: 6.5ms
[2026-01-16T08:37:56.250+0000][gc,phases   ] GC(280)   Evacuate Collection Set: 847.7ms
[2026-01-16T08:37:56.251+0000][gc,phases   ] GC(280)   Post Evacuate Collection Set: 17.3ms
[2026-01-16T08:37:56.252+0000][gc,phases   ] GC(280)   Other: 2.8ms
[2026-01-16T08:37:56.254+0000][gc,heap     ] GC(280) Eden regions: 47->0(46)
[2026-01-16T08:37:56.255+0000][gc,heap     ] GC(280) Survivor regions: 4->5(7)
[2026-01-16T08:37:56.256+0000][gc,heap     ] GC(280) Old regions: 76->76
[2026-01-16T08:37:56.259+0000][gc,heap     ] GC(280) Humongous regions: 63->63
[2026-01-16T08:37:56.261+0000][gc,metaspace] GC(280) Metaspace: 12127K(12608K)->12127K(12608K) NonClass: 11033K(11264K)->11033K(11264K) Class: 1093K(1344K)->1093K(1344K)
[2026-01-16T08:37:56.264+0000][gc          ] GC(280) Pause Young (Normal) (G1 Evacuation Pause) 189M->142M(1024M) 915.499ms
[2026-01-16T08:37:56.267+0000][gc,cpu      ] GC(280) User=0.42s Sys=0.05s Real=0.92s
[2026-01-16T08:38:01.784+0000][gc,start    ] GC(281) Pause Young (Normal) (G1 Evacuation Pause)
[2026-01-16T08:38:01.834+0000][gc,task     ] GC(281) Using 8 workers of 8 for evacuation
[2026-01-16T08:38:03.916+0000][gc,mmu      ] GC(281) MMU target violated: 201.0ms (200.0ms/201.0ms)
[2026-01-16T08:38:03.922+0000][gc,phases   ] GC(281)   Pre Evacuate Collection Set: 181.8ms
[2026-01-16T08:38:03.922+0000][gc,phases   ] GC(281)   Merge Heap Roots: 13.2ms
[2026-01-16T08:38:03.922+0000][gc,phases   ] GC(281)   Evacuate Collection Set: 1672.9ms
[2026-01-16T08:38:03.923+0000][gc,phases   ] GC(281)   Post Evacuate Collection Set: 209.2ms
[2026-01-16T08:38:03.923+0000][gc,phases   ] GC(281)   Other: 9.9ms
[2026-01-16T08:38:03.923+0000][gc,heap     ] GC(281) Eden regions: 46->0(46)
[2026-01-16T08:38:03.923+0000][gc,heap     ] GC(281) Survivor regions: 5->5(7)
[2026-01-16T08:38:03.924+0000][gc,heap     ] GC(281) Old regions: 76->77
[2026-01-16T08:38:03.924+0000][gc,heap     ] GC(281) Humongous regions: 63->63
[2026-01-16T08:38:03.924+0000][gc,metaspace] GC(281) Metaspace: 12127K(12608K)->12127K(12608K) NonClass: 11033K(11264K)->11033K(11264K) Class: 1093K(1344K)->1093K(1344K)
[2026-01-16T08:38:03.924+0000][gc          ] GC(281) Pause Young (Normal) (G1 Evacuation Pause) 188M->143M(1024M) 2138.192ms
[2026-01-16T08:38:03.925+0000][gc,cpu      ] GC(281) User=0.91s Sys=0.17s Real=2.16s
[2026-01-16T08:38:07.594+0000][gc,start    ] GC(282) Pause Young (Normal) (G1 Evacuation Pause)
[2026-01-16T08:38:07.650+0000][gc,task     ] GC(282) Using 8 workers of 8 for evacuation
[2026-01-16T08:38:08.563+0000][gc,mmu      ] GC(282) MMU target violated: 201.0ms (200.0ms/201.0ms)
[2026-01-16T08:38:08.563+0000][gc,phases   ] GC(282)   Pre Evacuate Collection Set: 144.7ms
[2026-01-16T08:38:08.564+0000][gc,phases   ] GC(282)   Merge Heap Roots: 0.4ms
[2026-01-16T08:38:08.565+0000][gc,phases   ] GC(282)   Evacuate Collection Set: 728.2ms
[2026-01-16T08:38:08.565+0000][gc,phases   ] GC(282)   Post Evacuate Collection Set: 30.1ms
[2026-01-16T08:38:08.566+0000][gc,phases   ] GC(282)   Other: 10.3ms
[2026-01-16T08:38:08.567+0000][gc,heap     ] GC(282) Eden regions: 46->0(47)
[2026-01-16T08:38:08.568+0000][gc,heap     ] GC(282) Survivor regions: 5->4(7)
[2026-01-16T08:38:08.570+0000][gc,heap     ] GC(282) Old regions: 77->78
[2026-01-16T08:38:08.571+0000][gc,heap     ] GC(282) Humongous regions: 63->63
[2026-01-16T08:38:08.573+0000][gc,metaspace] GC(282) Metaspace: 12130K(12608K)->12130K(12608K) NonClass: 11037K(11264K)->11037K(11264K) Class: 1093K(1344K)->1093K(1344K)
[2026-01-16T08:38:08.576+0000][gc          ] GC(282) Pause Young (Normal) (G1 Evacuation Pause) 189M->144M(1024M) 981.728ms
[2026-01-16T08:38:08.577+0000][gc,cpu      ] GC(282) User=0.48s Sys=0.08s Real=0.99s
[2026-01-16T08:38:12.260+0000][gc,start    ] GC(283) Pause Young (Normal) (GCLocker Initiated GC)
[2026-01-16T08:38:12.268+0000][gc,task     ] GC(283) Using 8 workers of 8 for evacuation
[2026-01-16T08:38:14.280+0000][gc,mmu      ] GC(283) MMU target violated: 201.0ms (200.0ms/201.0ms)
[2026-01-16T08:38:14.291+0000][gc,phases   ] GC(283)   Pre Evacuate Collection Set: 125.5ms
[2026-01-16T08:38:14.293+0000][gc,phases   ] GC(283)   Merge Heap Roots: 3.2ms
[2026-01-16T08:38:14.295+0000][gc,phases   ] GC(283)   Evacuate Collection Set: 1838.1ms
[2026-01-16T08:38:14.297+0000][gc,phases   ] GC(283)   Post Evacuate Collection Set: 41.1ms
[2026-01-16T08:38:14.298+0000][gc,phases   ] GC(283)   Other: 21.3ms
[2026-01-16T08:38:14.303+0000][gc,heap     ] GC(283) Eden regions: 47->0(46)
[2026-01-16T08:38:14.303+0000][gc,heap     ] GC(283) Survivor regions: 4->5(7)
[2026-01-16T08:38:14.304+0000][gc,heap     ] GC(283) Old regions: 78->78
[2026-01-16T08:38:14.304+0000][gc,heap     ] GC(283) Humongous regions: 63->63
[2026-01-16T08:38:14.304+0000][gc,metaspace] GC(283) Metaspace: 12130K(12608K)->12130K(12608K) NonClass: 11037K(11264K)->11037K(11264K) Class: 1093K(1344K)->1093K(1344K)
[2026-01-16T08:38:14.306+0000][gc          ] GC(283) Pause Young (Normal) (GCLocker Initiated GC) 191M->144M(1024M) 2046.698ms
[2026-01-16T08:38:14.309+0000][gc,cpu      ] GC(283) User=0.86s Sys=0.09s Real=2.05s
[2026-01-16T08:38:19.923+0000][gc,start    ] GC(284) Pause Young (Normal) (G1 Evacuation Pause)
[2026-01-16T08:38:19.925+0000][gc,task     ] GC(284) Using 8 workers of 8 for evacuation
[2026-01-16T08:38:21.339+0000][gc,mmu      ] GC(284) MMU target violated: 201.0ms (200.0ms/201.0ms)
[2026-01-16T08:38:21.350+0000][gc,phases   ] GC(284)   Pre Evacuate Collection Set: 86.8ms
[2026-01-16T08:38:21.397+0000][gc,phases   ] GC(284)   Merge Heap Roots: 5.5ms
[2026-01-16T08:38:21.402+0000][gc,phases   ] GC(284)   Evacuate Collection Set: 1262.3ms
[2026-01-16T08:38:21.403+0000][gc,phases   ] GC(284)   Post Evacuate Collection Set: 54.7ms
[2026-01-16T08:38:21.403+0000][gc,phases   ] GC(284)   Other: 15.5ms
[2026-01-16T08:38:21.403+0000][gc,heap     ] GC(284) Eden regions: 46->0(46)
[2026-01-16T08:38:21.404+0000][gc,heap     ] GC(284) Survivor regions: 5->5(7)
[2026-01-16T08:38:21.404+0000][gc,heap     ] GC(284) Old regions: 78->79
[2026-01-16T08:38:21.404+0000][gc,heap     ] GC(284) Humongous regions: 63->63
[2026-01-16T08:38:21.404+0000][gc,metaspace] GC(284) Metaspace: 12130K(12608K)->12130K(12608K) NonClass: 11037K(11264K)->11037K(11264K) Class: 1093K(1344K)->1093K(1344K)
[2026-01-16T08:38:21.410+0000][gc          ] GC(284) Pause Young (Normal) (G1 Evacuation Pause) 190M->145M(1024M) 1487.066ms
[2026-01-16T08:38:21.421+0000][gc,cpu      ] GC(284) User=0.70s Sys=0.10s Real=1.49s
[2026-01-16T08:38:28.384+0000][gc,start    ] GC(285) Pause Young (Normal) (G1 Evacuation Pause)
[2026-01-16T08:38:28.417+0000][gc,task     ] GC(285) Using 8 workers of 8 for evacuation
[2026-01-16T08:38:31.113+0000][gc,mmu      ] GC(285) MMU target violated: 201.0ms (200.0ms/201.0ms)
[2026-01-16T08:38:31.127+0000][gc,phases   ] GC(285)   Pre Evacuate Collection Set: 260.9ms
[2026-01-16T08:38:31.135+0000][gc,phases   ] GC(285)   Merge Heap Roots: 54.5ms
[2026-01-16T08:38:31.138+0000][gc,phases   ] GC(285)   Evacuate Collection Set: 2010.1ms
[2026-01-16T08:38:31.140+0000][gc,phases   ] GC(285)   Post Evacuate Collection Set: 364.0ms
[2026-01-16T08:38:31.143+0000][gc,phases   ] GC(285)   Other: 46.7ms
[2026-01-16T08:38:31.143+0000][gc,heap     ] GC(285) Eden regions: 46->0(47)
[2026-01-16T08:38:31.146+0000][gc,heap     ] GC(285) Survivor regions: 5->4(7)
[2026-01-16T08:38:31.146+0000][gc,heap     ] GC(285) Old regions: 79->80
[2026-01-16T08:38:31.146+0000][gc,heap     ] GC(285) Humongous regions: 63->63
[2026-01-16T08:38:31.150+0000][gc,metaspace] GC(285) Metaspace: 12130K(12608K)->12130K(12608K) NonClass: 11037K(11264K)->11037K(11264K) Class: 1093K(1344K)->1093K(1344K)
[2026-01-16T08:38:31.163+0000][gc          ] GC(285) Pause Young (Normal) (G1 Evacuation Pause) 191M->146M(1024M) 2772.566ms
[2026-01-16T08:38:31.168+0000][gc,cpu      ] GC(285) User=1.15s Sys=0.15s Real=2.79s
[2026-01-16T08:38:40.387+0000][gc,start    ] GC(286) Pause Young (Normal) (G1 Evacuation Pause)
[2026-01-16T08:38:40.429+0000][gc,task     ] GC(286) Using 8 workers of 8 for evacuation
[2026-01-16T08:38:41.276+0000][gc,mmu      ] GC(286) MMU target violated: 201.0ms (200.0ms/201.0ms)
[2026-01-16T08:38:41.277+0000][gc,phases   ] GC(286)   Pre Evacuate Collection Set: 90.0ms
[2026-01-16T08:38:41.277+0000][gc,phases   ] GC(286)   Merge Heap Roots: 8.0ms
[2026-01-16T08:38:41.277+0000][gc,phases   ] GC(286)   Evacuate Collection Set: 711.6ms
[2026-01-16T08:38:41.278+0000][gc,phases   ] GC(286)   Post Evacuate Collection Set: 27.1ms
[2026-01-16T08:38:41.278+0000][gc,phases   ] GC(286)   Other: 12.7ms
[2026-01-16T08:38:41.279+0000][gc,heap     ] GC(286) Eden regions: 47->0(47)
[2026-01-16T08:38:41.280+0000][gc,heap     ] GC(286) Survivor regions: 4->4(7)
[2026-01-16T08:38:41.280+0000][gc,heap     ] GC(286) Old regions: 80->80
[2026-01-16T08:38:41.280+0000][gc,heap     ] GC(286) Humongous regions: 63->63
[2026-01-16T08:38:41.281+0000][gc,metaspace] GC(286) Metaspace: 12131K(12608K)->12131K(12608K) NonClass: 11038K(11264K)->11038K(11264K) Class: 1093K(1344K)->1093K(1344K)
[2026-01-16T08:38:41.283+0000][gc          ] GC(286) Pause Young (Normal) (G1 Evacuation Pause) 193M->146M(1024M) 896.485ms
[2026-01-16T08:38:41.284+0000][gc,cpu      ] GC(286) User=0.50s Sys=0.07s Real=0.90s
[2026-01-16T08:38:43.329+0000][gc,start    ] GC(287) Pause Young (Normal) (G1 Evacuation Pause)
[2026-01-16T08:38:43.380+0000][gc,task     ] GC(287) Using 8 workers of 8 for evacuation
[2026-01-16T08:38:44.769+0000][gc,mmu      ] GC(287) MMU target violated: 201.0ms (200.0ms/201.0ms)
[2026-01-16T08:38:44.772+0000][gc,phases   ] GC(287)   Pre Evacuate Collection Set: 111.5ms
[2026-01-16T08:38:44.772+0000][gc,phases   ] GC(287)   Merge Heap Roots: 3.9ms
[2026-01-16T08:38:44.772+0000][gc,phases   ] GC(287)   Evacuate Collection Set: 1178.9ms
[2026-01-16T08:38:44.772+0000][gc,phases   ] GC(287)   Post Evacuate Collection Set: 91.8ms
[2026-01-16T08:38:44.772+0000][gc,phases   ] GC(287)   Other: 31.6ms
[2026-01-16T08:38:44.772+0000][gc,heap     ] GC(287) Eden regions: 47->0(46)
[2026-01-16T08:38:44.772+0000][gc,heap     ] GC(287) Survivor regions: 4->5(7)
[2026-01-16T08:38:44.772+0000][gc,heap     ] GC(287) Old regions: 80->81
[2026-01-16T08:38:44.772+0000][gc,heap     ] GC(287) Humongous regions: 63->63
[2026-01-16T08:38:44.772+0000][gc,metaspace] GC(287) Metaspace: 12131K(12608K)->12131K(12608K) NonClass: 11038K(11264K)->11038K(11264K) Class: 1093K(1344K)->1093K(1344K)
[2026-01-16T08:38:44.782+0000][gc          ] GC(287) Pause Young (Normal) (G1 Evacuation Pause) 193M->147M(1024M) 1453.241ms
[2026-01-16T08:38:44.783+0000][gc,cpu      ] GC(287) User=0.54s Sys=0.06s Real=1.45s
[2026-01-16T08:38:50.956+0000][gc,start    ] GC(288) Pause Young (Normal) (G1 Evacuation Pause)
[2026-01-16T08:38:50.959+0000][gc,task     ] GC(288) Using 8 workers of 8 for evacuation
[2026-01-16T08:38:52.092+0000][gc,mmu      ] GC(288) MMU target violated: 201.0ms (200.0ms/201.0ms)
[2026-01-16T08:38:52.093+0000][gc,phases   ] GC(288)   Pre Evacuate Collection Set: 117.1ms
[2026-01-16T08:38:52.100+0000][gc,phases   ] GC(288)   Merge Heap Roots: 0.8ms
[2026-01-16T08:38:52.101+0000][gc,phases   ] GC(288)   Evacuate Collection Set: 975.5ms
[2026-01-16T08:38:52.102+0000][gc,phases   ] GC(288)   Post Evacuate Collection Set: 22.0ms
[2026-01-16T08:38:52.109+0000][gc,phases   ] GC(288)   Other: 18.7ms
[2026-01-16T08:38:52.118+0000][gc,heap     ] GC(288) Eden regions: 46->0(46)
[2026-01-16T08:38:52.127+0000][gc,heap     ] GC(288) Survivor regions: 5->5(7)
[2026-01-16T08:38:52.129+0000][gc,heap     ] GC(288) Old regions: 81->81
[2026-01-16T08:38:52.130+0000][gc,heap     ] GC(288) Humongous regions: 65->65
[2026-01-16T08:38:52.131+0000][gc,metaspace] GC(288) Metaspace: 12132K(12608K)->12132K(12608K) NonClass: 11039K(11264K)->11039K(11264K) Class: 1093K(1344K)->1093K(1344K)
[2026-01-16T08:38:52.132+0000][gc          ] GC(288) Pause Young (Normal) (G1 Evacuation Pause) 195M->150M(1024M) 1175.443ms
[2026-01-16T08:38:52.152+0000][gc,cpu      ] GC(288) User=0.48s Sys=0.05s Real=1.18s
[2026-01-16T08:38:55.298+0000][gc,start    ] GC(289) Pause Young (Normal) (G1 Evacuation Pause)
[2026-01-16T08:38:55.371+0000][gc,task     ] GC(289) Using 8 workers of 8 for evacuation
[2026-01-16T08:38:56.715+0000][gc,mmu      ] GC(289) MMU target violated: 201.0ms (200.0ms/201.0ms)
[2026-01-16T08:38:56.716+0000][gc,phases   ] GC(289)   Pre Evacuate Collection Set: 224.1ms
[2026-01-16T08:38:56.719+0000][gc,phases   ] GC(289)   Merge Heap Roots: 17.4ms
[2026-01-16T08:38:56.720+0000][gc,phases   ] GC(289)   Evacuate Collection Set: 1013.4ms
[2026-01-16T08:38:56.720+0000][gc,phases   ] GC(289)   Post Evacuate Collection Set: 70.3ms
[2026-01-16T08:38:56.721+0000][gc,phases   ] GC(289)   Other: 53.1ms
[2026-01-16T08:38:56.731+0000][gc,heap     ] GC(289) Eden regions: 46->0(46)
[2026-01-16T08:38:56.732+0000][gc,heap     ] GC(289) Survivor regions: 5->5(7)
[2026-01-16T08:38:56.733+0000][gc,heap     ] GC(289) Old regions: 81->83
[2026-01-16T08:38:56.733+0000][gc,heap     ] GC(289) Humongous regions: 65->65
[2026-01-16T08:38:56.733+0000][gc,metaspace] GC(289) Metaspace: 12132K(12608K)->12132K(12608K) NonClass: 11039K(11264K)->11039K(11264K) Class: 1093K(1344K)->1093K(1344K)
[2026-01-16T08:38:56.734+0000][gc          ] GC(289) Pause Young (Normal) (G1 Evacuation Pause) 196M->151M(1024M) 1436.230ms
[2026-01-16T08:38:56.758+0000][gc,cpu      ] GC(289) User=0.52s Sys=0.07s Real=1.49s
[2026-01-16T08:39:03.819+0000][gc,start    ] GC(290) Pause Young (Normal) (G1 Evacuation Pause)
[2026-01-16T08:39:03.889+0000][gc,task     ] GC(290) Using 8 workers of 8 for evacuation
[2026-01-16T08:39:04.977+0000][gc,mmu      ] GC(290) MMU target violated: 201.0ms (200.0ms/201.0ms)
[2026-01-16T08:39:04.981+0000][gc,phases   ] GC(290)   Pre Evacuate Collection Set: 134.0ms
[2026-01-16T08:39:04.991+0000][gc,phases   ] GC(290)   Merge Heap Roots: 20.1ms
[2026-01-16T08:39:04.994+0000][gc,phases   ] GC(290)   Evacuate Collection Set: 896.8ms
[2026-01-16T08:39:04.995+0000][gc,phases   ] GC(290)   Post Evacuate Collection Set: 34.4ms
[2026-01-16T08:39:04.999+0000][gc,phases   ] GC(290)   Other: 49.6ms
[2026-01-16T08:39:05.000+0000][gc,heap     ] GC(290) Eden regions: 46->0(47)
[2026-01-16T08:39:05.000+0000][gc,heap     ] GC(290) Survivor regions: 5->4(7)
[2026-01-16T08:39:05.000+0000][gc,heap     ] GC(290) Old regions: 83->83
[2026-01-16T08:39:05.000+0000][gc,heap     ] GC(290) Humongous regions: 65->65
[2026-01-16T08:39:05.000+0000][gc,metaspace] GC(290) Metaspace: 12136K(12608K)->12136K(12608K) NonClass: 11043K(11264K)->11043K(11264K) Class: 1093K(1344K)->1093K(1344K)
[2026-01-16T08:39:05.000+0000][gc          ] GC(290) Pause Young (Normal) (G1 Evacuation Pause) 197M->151M(1024M) 1180.995ms
[2026-01-16T08:39:05.001+0000][gc,cpu      ] GC(290) User=0.57s Sys=0.07s Real=1.18s
[2026-01-16T08:39:08.896+0000][gc,start    ] GC(291) Pause Young (Normal) (G1 Evacuation Pause)
[2026-01-16T08:39:09.024+0000][gc,task     ] GC(291) Using 8 workers of 8 for evacuation
[2026-01-16T08:39:10.118+0000][gc,mmu      ] GC(291) MMU target violated: 201.0ms (200.0ms/201.0ms)
[2026-01-16T08:39:10.119+0000][gc,phases   ] GC(291)   Pre Evacuate Collection Set: 54.0ms
[2026-01-16T08:39:10.119+0000][gc,phases   ] GC(291)   Merge Heap Roots: 65.0ms
[2026-01-16T08:39:10.119+0000][gc,phases   ] GC(291)   Evacuate Collection Set: 920.2ms
[2026-01-16T08:39:10.120+0000][gc,phases   ] GC(291)   Post Evacuate Collection Set: 20.3ms
[2026-01-16T08:39:10.120+0000][gc,phases   ] GC(291)   Other: 67.4ms
[2026-01-16T08:39:10.120+0000][gc,heap     ] GC(291) Eden regions: 47->0(46)
[2026-01-16T08:39:10.120+0000][gc,heap     ] GC(291) Survivor regions: 4->5(7)
[2026-01-16T08:39:10.121+0000][gc,heap     ] GC(291) Old regions: 83->83
[2026-01-16T08:39:10.121+0000][gc,heap     ] GC(291) Humongous regions: 65->65
[2026-01-16T08:39:10.121+0000][gc,metaspace] GC(291) Metaspace: 12136K(12608K)->12136K(12608K) NonClass: 11043K(11264K)->11043K(11264K) Class: 1093K(1344K)->1093K(1344K)
[2026-01-16T08:39:10.122+0000][gc          ] GC(291) Pause Young (Normal) (G1 Evacuation Pause) 198M->151M(1024M) 1226.182ms
[2026-01-16T08:39:10.122+0000][gc,cpu      ] GC(291) User=0.46s Sys=0.02s Real=1.23s
[2026-01-16T08:39:12.498+0000][gc,start    ] GC(292) Pause Young (Normal) (G1 Evacuation Pause)
[2026-01-16T08:39:12.533+0000][gc,task     ] GC(292) Using 8 workers of 8 for evacuation
[2026-01-16T08:39:14.230+0000][gc,mmu      ] GC(292) MMU target violated: 201.0ms (200.0ms/201.0ms)
[2026-01-16T08:39:14.232+0000][gc,phases   ] GC(292)   Pre Evacuate Collection Set: 877.7ms
[2026-01-16T08:39:14.233+0000][gc,phases   ] GC(292)   Merge Heap Roots: 3.4ms
[2026-01-16T08:39:14.234+0000][gc,phases   ] GC(292)   Evacuate Collection Set: 781.2ms
[2026-01-16T08:39:14.234+0000][gc,phases   ] GC(292)   Post Evacuate Collection Set: 21.2ms
[2026-01-16T08:39:14.235+0000][gc,phases   ] GC(292)   Other: 44.5ms
[2026-01-16T08:39:14.238+0000][gc,heap     ] GC(292) Eden regions: 46->0(47)
[2026-01-16T08:39:14.240+0000][gc,heap     ] GC(292) Survivor regions: 5->4(7)
[2026-01-16T08:39:14.241+0000][gc,heap     ] GC(292) Old regions: 83->84
[2026-01-16T08:39:14.244+0000][gc,heap     ] GC(292) Humongous regions: 65->65
[2026-01-16T08:39:14.245+0000][gc,metaspace] GC(292) Metaspace: 12136K(12608K)->12136K(12608K) NonClass: 11043K(11264K)->11043K(11264K) Class: 1093K(1344K)->1093K(1344K)
[2026-01-16T08:39:14.249+0000][gc          ] GC(292) Pause Young (Normal) (G1 Evacuation Pause) 197M->152M(1024M) 1751.196ms
[2026-01-16T08:39:14.252+0000][gc,cpu      ] GC(292) User=0.48s Sys=0.08s Real=1.76s
[2026-01-16T08:39:21.953+0000][gc,start    ] GC(293) Pause Young (Normal) (G1 Evacuation Pause)
[2026-01-16T08:39:21.970+0000][gc,task     ] GC(293) Using 8 workers of 8 for evacuation
[2026-01-16T08:39:23.461+0000][gc,mmu      ] GC(293) MMU target violated: 201.0ms (200.0ms/201.0ms)
[2026-01-16T08:39:23.465+0000][gc,phases   ] GC(293)   Pre Evacuate Collection Set: 153.7ms
[2026-01-16T08:39:23.466+0000][gc,phases   ] GC(293)   Merge Heap Roots: 12.7ms
[2026-01-16T08:39:23.466+0000][gc,phases   ] GC(293)   Evacuate Collection Set: 1281.3ms
[2026-01-16T08:39:23.468+0000][gc,phases   ] GC(293)   Post Evacuate Collection Set: 40.6ms
[2026-01-16T08:39:23.469+0000][gc,phases   ] GC(293)   Other: 6.9ms
[2026-01-16T08:39:23.472+0000][gc,heap     ] GC(293) Eden regions: 47->0(47)
[2026-01-16T08:39:23.474+0000][gc,heap     ] GC(293) Survivor regions: 4->4(7)
[2026-01-16T08:39:23.477+0000][gc,heap     ] GC(293) Old regions: 84->85
[2026-01-16T08:39:23.478+0000][gc,heap     ] GC(293) Humongous regions: 65->65
[2026-01-16T08:39:23.478+0000][gc,metaspace] GC(293) Metaspace: 12140K(12608K)->12140K(12608K) NonClass: 11047K(11264K)->11047K(11264K) Class: 1093K(1344K)->1093K(1344K)
[2026-01-16T08:39:23.480+0000][gc          ] GC(293) Pause Young (Normal) (G1 Evacuation Pause) 199M->152M(1024M) 1591.816ms
[2026-01-16T08:39:23.482+0000][gc,cpu      ] GC(293) User=0.58s Sys=0.06s Real=1.65s
[2026-01-16T08:39:26.849+0000][gc,start    ] GC(294) Pause Young (Normal) (G1 Evacuation Pause)
[2026-01-16T08:39:26.867+0000][gc,task     ] GC(294) Using 8 workers of 8 for evacuation
[2026-01-16T08:39:27.449+0000][gc,mmu      ] GC(294) MMU target violated: 201.0ms (200.0ms/201.0ms)
[2026-01-16T08:39:27.454+0000][gc,phases   ] GC(294)   Pre Evacuate Collection Set: 52.7ms
[2026-01-16T08:39:27.454+0000][gc,phases   ] GC(294)   Merge Heap Roots: 14.1ms
[2026-01-16T08:39:27.454+0000][gc,phases   ] GC(294)   Evacuate Collection Set: 498.6ms
[2026-01-16T08:39:27.457+0000][gc,phases   ] GC(294)   Post Evacuate Collection Set: 11.7ms
[2026-01-16T08:39:27.460+0000][gc,phases   ] GC(294)   Other: 11.6ms
[2026-01-16T08:39:27.463+0000][gc,heap     ] GC(294) Eden regions: 47->0(47)
[2026-01-16T08:39:27.464+0000][gc,heap     ] GC(294) Survivor regions: 4->4(7)
[2026-01-16T08:39:27.464+0000][gc,heap     ] GC(294) Old regions: 85->85
[2026-01-16T08:39:27.464+0000][gc,heap     ] GC(294) Humongous regions: 65->65
[2026-01-16T08:39:27.465+0000][gc,metaspace] GC(294) Metaspace: 12140K(12608K)->12140K(12608K) NonClass: 11047K(11264K)->11047K(11264K) Class: 1093K(1344K)->1093K(1344K)
[2026-01-16T08:39:27.465+0000][gc          ] GC(294) Pause Young (Normal) (G1 Evacuation Pause) 199M->153M(1024M) 615.800ms
[2026-01-16T08:39:27.466+0000][gc,cpu      ] GC(294) User=0.63s Sys=0.06s Real=0.61s
[2026-01-16T08:39:30.738+0000][gc,start    ] GC(295) Pause Young (Normal) (G1 Evacuation Pause)
[2026-01-16T08:39:30.740+0000][gc,task     ] GC(295) Using 8 workers of 8 for evacuation
[2026-01-16T08:39:31.655+0000][gc,mmu      ] GC(295) MMU target violated: 201.0ms (200.0ms/201.0ms)
[2026-01-16T08:39:31.655+0000][gc,phases   ] GC(295)   Pre Evacuate Collection Set: 142.5ms
[2026-01-16T08:39:31.657+0000][gc,phases   ] GC(295)   Merge Heap Roots: 85.1ms
[2026-01-16T08:39:31.657+0000][gc,phases   ] GC(295)   Evacuate Collection Set: 600.5ms
[2026-01-16T08:39:31.659+0000][gc,phases   ] GC(295)   Post Evacuate Collection Set: 81.4ms
[2026-01-16T08:39:31.660+0000][gc,phases   ] GC(295)   Other: 5.8ms
[2026-01-16T08:39:31.660+0000][gc,heap     ] GC(295) Eden regions: 47->0(46)
[2026-01-16T08:39:31.660+0000][gc,heap     ] GC(295) Survivor regions: 4->5(7)
[2026-01-16T08:39:31.660+0000][gc,heap     ] GC(295) Old regions: 85->85
[2026-01-16T08:39:31.660+0000][gc,heap     ] GC(295) Humongous regions: 65->65
[2026-01-16T08:39:31.660+0000][gc,metaspace] GC(295) Metaspace: 12140K(12608K)->12140K(12608K) NonClass: 11047K(11264K)->11047K(11264K) Class: 1093K(1344K)->1093K(1344K)
[2026-01-16T08:39:31.675+0000][gc          ] GC(295) Pause Young (Normal) (G1 Evacuation Pause) 200M->154M(1024M) 937.671ms
[2026-01-16T08:39:31.676+0000][gc,cpu      ] GC(295) User=0.46s Sys=0.03s Real=0.94s
[2026-01-16T08:39:35.619+0000][gc,start    ] GC(296) Pause Young (Normal) (G1 Evacuation Pause)
[2026-01-16T08:39:35.630+0000][gc,task     ] GC(296) Using 8 workers of 8 for evacuation
[2026-01-16T08:39:36.375+0000][gc,mmu      ] GC(296) MMU target violated: 201.0ms (200.0ms/201.0ms)
[2026-01-16T08:39:36.376+0000][gc,phases   ] GC(296)   Pre Evacuate Collection Set: 60.1ms
[2026-01-16T08:39:36.377+0000][gc,phases   ] GC(296)   Merge Heap Roots: 14.3ms
[2026-01-16T08:39:36.377+0000][gc,phases   ] GC(296)   Evacuate Collection Set: 638.1ms
[2026-01-16T08:39:36.378+0000][gc,phases   ] GC(296)   Post Evacuate Collection Set: 29.2ms
[2026-01-16T08:39:36.378+0000][gc,phases   ] GC(296)   Other: 4.6ms
[2026-01-16T08:39:36.378+0000][gc,heap     ] GC(296) Eden regions: 46->0(47)
[2026-01-16T08:39:36.378+0000][gc,heap     ] GC(296) Survivor regions: 5->4(7)
[2026-01-16T08:39:36.379+0000][gc,heap     ] GC(296) Old regions: 85->86
[2026-01-16T08:39:36.379+0000][gc,heap     ] GC(296) Humongous regions: 65->65
[2026-01-16T08:39:36.379+0000][gc,metaspace] GC(296) Metaspace: 12144K(12608K)->12144K(12608K) NonClass: 11051K(11264K)->11051K(11264K) Class: 1093K(1344K)->1093K(1344K)
[2026-01-16T08:39:36.380+0000][gc          ] GC(296) Pause Young (Normal) (G1 Evacuation Pause) 200M->154M(1024M) 760.811ms
[2026-01-16T08:39:36.380+0000][gc,cpu      ] GC(296) User=0.26s Sys=0.06s Real=0.77s
[2026-01-16T08:39:37.872+0000][gc,start    ] GC(297) Pause Young (Normal) (G1 Evacuation Pause)
[2026-01-16T08:39:37.879+0000][gc,task     ] GC(297) Using 8 workers of 8 for evacuation
[2026-01-16T08:39:38.064+0000][gc,phases   ] GC(297)   Pre Evacuate Collection Set: 14.8ms
[2026-01-16T08:39:38.065+0000][gc,phases   ] GC(297)   Merge Heap Roots: 6.4ms
[2026-01-16T08:39:38.066+0000][gc,phases   ] GC(297)   Evacuate Collection Set: 159.6ms
[2026-01-16T08:39:38.066+0000][gc,phases   ] GC(297)   Post Evacuate Collection Set: 2.3ms
[2026-01-16T08:39:38.067+0000][gc,phases   ] GC(297)   Other: 1.8ms
[2026-01-16T08:39:38.070+0000][gc,heap     ] GC(297) Eden regions: 47->0(47)
[2026-01-16T08:39:38.070+0000][gc,heap     ] GC(297) Survivor regions: 4->4(7)
[2026-01-16T08:39:38.073+0000][gc,heap     ] GC(297) Old regions: 86->87
[2026-01-16T08:39:38.074+0000][gc,heap     ] GC(297) Humongous regions: 65->65
[2026-01-16T08:39:38.075+0000][gc,metaspace] GC(297) Metaspace: 12144K(12608K)->12144K(12608K) NonClass: 11051K(11264K)->11051K(11264K) Class: 1093K(1344K)->1093K(1344K)
[2026-01-16T08:39:38.077+0000][gc          ] GC(297) Pause Young (Normal) (G1 Evacuation Pause) 201M->155M(1024M) 205.090ms
[2026-01-16T08:39:38.081+0000][gc,cpu      ] GC(297) User=0.14s Sys=0.01s Real=0.21s
[2026-01-16T08:39:38.801+0000][gc,start    ] GC(298) Pause Young (Normal) (G1 Evacuation Pause)
[2026-01-16T08:39:38.801+0000][gc,task     ] GC(298) Using 8 workers of 8 for evacuation
[2026-01-16T08:39:38.935+0000][gc,phases   ] GC(298)   Pre Evacuate Collection Set: 0.4ms
[2026-01-16T08:39:38.936+0000][gc,phases   ] GC(298)   Merge Heap Roots: 0.1ms
[2026-01-16T08:39:38.936+0000][gc,phases   ] GC(298)   Evacuate Collection Set: 127.3ms
[2026-01-16T08:39:38.936+0000][gc,phases   ] GC(298)   Post Evacuate Collection Set: 6.1ms
[2026-01-16T08:39:38.936+0000][gc,phases   ] GC(298)   Other: 0.3ms
[2026-01-16T08:39:38.936+0000][gc,heap     ] GC(298) Eden regions: 47->0(46)
[2026-01-16T08:39:38.937+0000][gc,heap     ] GC(298) Survivor regions: 4->5(7)
[2026-01-16T08:39:38.937+0000][gc,heap     ] GC(298) Old regions: 87->88
[2026-01-16T08:39:38.937+0000][gc,heap     ] GC(298) Humongous regions: 65->65
[2026-01-16T08:39:38.937+0000][gc,metaspace] GC(298) Metaspace: 12144K(12608K)->12144K(12608K) NonClass: 11051K(11264K)->11051K(11264K) Class: 1093K(1344K)->1093K(1344K)
[2026-01-16T08:39:38.937+0000][gc          ] GC(298) Pause Young (Normal) (G1 Evacuation Pause) 202M->156M(1024M) 135.848ms
[2026-01-16T08:39:38.937+0000][gc,cpu      ] GC(298) User=0.04s Sys=0.02s Real=0.13s
[2026-01-16T08:39:39.616+0000][gc,start    ] GC(299) Pause Young (Normal) (G1 Evacuation Pause)
[2026-01-16T08:39:39.616+0000][gc,task     ] GC(299) Using 8 workers of 8 for evacuation
[2026-01-16T08:39:41.626+0000][gc,mmu      ] GC(299) MMU target violated: 201.0ms (200.0ms/201.0ms)
[2026-01-16T08:39:41.627+0000][gc,phases   ] GC(299)   Pre Evacuate Collection Set: 7.7ms
[2026-01-16T08:39:41.628+0000][gc,phases   ] GC(299)   Merge Heap Roots: 4.2ms
[2026-01-16T08:39:41.629+0000][gc,phases   ] GC(299)   Evacuate Collection Set: 1982.3ms
[2026-01-16T08:39:41.629+0000][gc,phases   ] GC(299)   Post Evacuate Collection Set: 16.0ms
[2026-01-16T08:39:41.631+0000][gc,phases   ] GC(299)   Other: 1.0ms
[2026-01-16T08:39:41.633+0000][gc,heap     ] GC(299) Eden regions: 46->0(46)
[2026-01-16T08:39:41.640+0000][gc,heap     ] GC(299) Survivor regions: 5->5(7)
[2026-01-16T08:39:41.640+0000][gc,heap     ] GC(299) Old regions: 88->88
[2026-01-16T08:39:41.640+0000][gc,heap     ] GC(299) Humongous regions: 65->65
[2026-01-16T08:39:41.650+0000][gc,metaspace] GC(299) Metaspace: 12144K(12608K)->12144K(12608K) NonClass: 11051K(11264K)->11051K(11264K) Class: 1093K(1344K)->1093K(1344K)
[2026-01-16T08:39:41.652+0000][gc          ] GC(299) Pause Young (Normal) (G1 Evacuation Pause) 202M->157M(1024M) 2035.964ms
[2026-01-16T08:39:41.654+0000][gc,cpu      ] GC(299) User=0.85s Sys=0.13s Real=2.04s
[2026-01-16T08:39:42.705+0000][gc,start    ] GC(300) Pause Young (Normal) (G1 Evacuation Pause)
[2026-01-16T08:39:42.715+0000][gc,task     ] GC(300) Using 8 workers of 8 for evacuation
[2026-01-16T08:39:42.996+0000][gc,mmu      ] GC(300) MMU target violated: 201.0ms (200.0ms/201.0ms)
[2026-01-16T08:39:42.998+0000][gc,phases   ] GC(300)   Pre Evacuate Collection Set: 29.3ms
[2026-01-16T08:39:42.999+0000][gc,phases   ] GC(300)   Merge Heap Roots: 0.7ms
[2026-01-16T08:39:43.001+0000][gc,phases   ] GC(300)   Evacuate Collection Set: 240.6ms
[2026-01-16T08:39:43.002+0000][gc,phases   ] GC(300)   Post Evacuate Collection Set: 2.6ms
[2026-01-16T08:39:43.003+0000][gc,phases   ] GC(300)   Other: 10.9ms
[2026-01-16T08:39:43.006+0000][gc,heap     ] GC(300) Eden regions: 46->0(46)
[2026-01-16T08:39:43.006+0000][gc,heap     ] GC(300) Survivor regions: 5->5(7)
[2026-01-16T08:39:43.007+0000][gc,heap     ] GC(300) Old regions: 88->89
[2026-01-16T08:39:43.007+0000][gc,heap     ] GC(300) Humongous regions: 65->65
[2026-01-16T08:39:43.007+0000][gc,metaspace] GC(300) Metaspace: 12144K(12608K)->12144K(12608K) NonClass: 11051K(11264K)->11051K(11264K) Class: 1093K(1344K)->1093K(1344K)
[2026-01-16T08:39:43.007+0000][gc          ] GC(300) Pause Young (Normal) (G1 Evacuation Pause) 203M->157M(1024M) 302.013ms
[2026-01-16T08:39:43.007+0000][gc,cpu      ] GC(300) User=0.09s Sys=0.03s Real=0.30s
[2026-01-16T08:39:43.444+0000][gc,start    ] GC(301) Pause Young (Normal) (G1 Evacuation Pause)
[2026-01-16T08:39:43.445+0000][gc,task     ] GC(301) Using 8 workers of 8 for evacuation
[2026-01-16T08:39:43.549+0000][gc,phases   ] GC(301)   Pre Evacuate Collection Set: 0.9ms
[2026-01-16T08:39:43.551+0000][gc,phases   ] GC(301)   Merge Heap Roots: 0.2ms
[2026-01-16T08:39:43.552+0000][gc,phases   ] GC(301)   Evacuate Collection Set: 98.5ms
[2026-01-16T08:39:43.552+0000][gc,phases   ] GC(301)   Post Evacuate Collection Set: 4.5ms
[2026-01-16T08:39:43.553+0000][gc,phases   ] GC(301)   Other: 0.3ms
[2026-01-16T08:39:43.553+0000][gc,heap     ] GC(301) Eden regions: 46->0(47)
[2026-01-16T08:39:43.554+0000][gc,heap     ] GC(301) Survivor regions: 5->4(7)
[2026-01-16T08:39:43.554+0000][gc,heap     ] GC(301) Old regions: 89->90
[2026-01-16T08:39:43.554+0000][gc,heap     ] GC(301) Humongous regions: 65->65
[2026-01-16T08:39:43.555+0000][gc,metaspace] GC(301) Metaspace: 12144K(12608K)->12144K(12608K) NonClass: 11051K(11264K)->11051K(11264K) Class: 1093K(1344K)->1093K(1344K)
[2026-01-16T08:39:43.555+0000][gc          ] GC(301) Pause Young (Normal) (G1 Evacuation Pause) 203M->158M(1024M) 111.145ms
[2026-01-16T08:39:43.555+0000][gc,cpu      ] GC(301) User=0.04s Sys=0.02s Real=0.11s
[2026-01-16T08:39:44.505+0000][gc,start    ] GC(302) Pause Young (Normal) (G1 Evacuation Pause)
[2026-01-16T08:39:44.533+0000][gc,task     ] GC(302) Using 8 workers of 8 for evacuation
[2026-01-16T08:39:45.365+0000][gc,mmu      ] GC(302) MMU target violated: 201.0ms (200.0ms/201.0ms)
[2026-01-16T08:39:45.367+0000][gc,phases   ] GC(302)   Pre Evacuate Collection Set: 548.5ms
[2026-01-16T08:39:45.367+0000][gc,phases   ] GC(302)   Merge Heap Roots: 4.8ms
[2026-01-16T08:39:45.367+0000][gc,phases   ] GC(302)   Evacuate Collection Set: 272.3ms
[2026-01-16T08:39:45.367+0000][gc,phases   ] GC(302)   Post Evacuate Collection Set: 3.6ms
[2026-01-16T08:39:45.367+0000][gc,phases   ] GC(302)   Other: 3.9ms
[2026-01-16T08:39:45.367+0000][gc,heap     ] GC(302) Eden regions: 47->0(46)
[2026-01-16T08:39:45.367+0000][gc,heap     ] GC(302) Survivor regions: 4->5(7)
[2026-01-16T08:39:45.367+0000][gc,heap     ] GC(302) Old regions: 90->90
[2026-01-16T08:39:45.367+0000][gc,heap     ] GC(302) Humongous regions: 65->65
[2026-01-16T08:39:45.370+0000][gc,metaspace] GC(302) Metaspace: 12144K(12608K)->12144K(12608K) NonClass: 11051K(11264K)->11051K(11264K) Class: 1093K(1344K)->1093K(1344K)
[2026-01-16T08:39:45.373+0000][gc          ] GC(302) Pause Young (Normal) (G1 Evacuation Pause) 205M->158M(1024M) 868.382ms
[2026-01-16T08:39:45.373+0000][gc,cpu      ] GC(302) User=0.17s Sys=0.01s Real=0.87s
[2026-01-16T08:39:47.215+0000][gc,start    ] GC(303) Pause Young (Normal) (G1 Evacuation Pause)
[2026-01-16T08:39:47.233+0000][gc,task     ] GC(303) Using 8 workers of 8 for evacuation
[2026-01-16T08:39:47.757+0000][gc,mmu      ] GC(303) MMU target violated: 201.0ms (200.0ms/201.0ms)
[2026-01-16T08:39:47.778+0000][gc,phases   ] GC(303)   Pre Evacuate Collection Set: 35.1ms
[2026-01-16T08:39:47.786+0000][gc,phases   ] GC(303)   Merge Heap Roots: 9.6ms
[2026-01-16T08:39:47.787+0000][gc,phases   ] GC(303)   Evacuate Collection Set: 416.9ms
[2026-01-16T08:39:47.787+0000][gc,phases   ] GC(303)   Post Evacuate Collection Set: 46.5ms
[2026-01-16T08:39:47.787+0000][gc,phases   ] GC(303)   Other: 37.1ms
[2026-01-16T08:39:47.788+0000][gc,heap     ] GC(303) Eden regions: 46->0(46)
[2026-01-16T08:39:47.789+0000][gc,heap     ] GC(303) Survivor regions: 5->5(7)
[2026-01-16T08:39:47.790+0000][gc,heap     ] GC(303) Old regions: 90->90
[2026-01-16T08:39:47.790+0000][gc,heap     ] GC(303) Humongous regions: 65->65
[2026-01-16T08:39:47.791+0000][gc,metaspace] GC(303) Metaspace: 12149K(12608K)->12149K(12608K) NonClass: 11055K(11264K)->11055K(11264K) Class: 1093K(1344K)->1093K(1344K)
[2026-01-16T08:39:47.793+0000][gc          ] GC(303) Pause Young (Normal) (G1 Evacuation Pause) 204M->159M(1024M) 577.247ms
[2026-01-16T08:39:47.793+0000][gc,cpu      ] GC(303) User=0.12s Sys=0.02s Real=0.58s
[2026-01-16T08:39:49.004+0000][gc,start    ] GC(304) Pause Young (Normal) (G1 Evacuation Pause)
[2026-01-16T08:39:49.014+0000][gc,task     ] GC(304) Using 8 workers of 8 for evacuation
[2026-01-16T08:39:49.434+0000][gc,mmu      ] GC(304) MMU target violated: 201.0ms (200.0ms/201.0ms)
[2026-01-16T08:39:49.440+0000][gc,phases   ] GC(304)   Pre Evacuate Collection Set: 65.7ms
[2026-01-16T08:39:49.446+0000][gc,phases   ] GC(304)   Merge Heap Roots: 9.3ms
[2026-01-16T08:39:49.448+0000][gc,phases   ] GC(304)   Evacuate Collection Set: 342.6ms
[2026-01-16T08:39:49.448+0000][gc,phases   ] GC(304)   Post Evacuate Collection Set: 1.9ms
[2026-01-16T08:39:49.448+0000][gc,phases   ] GC(304)   Other: 7.6ms
[2026-01-16T08:39:49.448+0000][gc,heap     ] GC(304) Eden regions: 46->0(46)
[2026-01-16T08:39:49.448+0000][gc,heap     ] GC(304) Survivor regions: 5->5(7)
[2026-01-16T08:39:49.448+0000][gc,heap     ] GC(304) Old regions: 90->91
[2026-01-16T08:39:49.449+0000][gc,heap     ] GC(304) Humongous regions: 65->65
[2026-01-16T08:39:49.449+0000][gc,metaspace] GC(304) Metaspace: 12149K(12608K)->12149K(12608K) NonClass: 11055K(11264K)->11055K(11264K) Class: 1093K(1344K)->1093K(1344K)
[2026-01-16T08:39:49.449+0000][gc          ] GC(304) Pause Young (Normal) (G1 Evacuation Pause) 205M->159M(1024M) 445.067ms
[2026-01-16T08:39:49.449+0000][gc,cpu      ] GC(304) User=0.12s Sys=0.00s Real=0.45s
[2026-01-16T08:39:50.291+0000][gc,start    ] GC(305) Pause Young (Normal) (G1 Evacuation Pause)
[2026-01-16T08:39:50.293+0000][gc,task     ] GC(305) Using 8 workers of 8 for evacuation
[2026-01-16T08:39:50.760+0000][gc,mmu      ] GC(305) MMU target violated: 201.0ms (200.0ms/201.0ms)
[2026-01-16T08:39:50.761+0000][gc,phases   ] GC(305)   Pre Evacuate Collection Set: 10.0ms
[2026-01-16T08:39:50.761+0000][gc,phases   ] GC(305)   Merge Heap Roots: 10.7ms
[2026-01-16T08:39:50.762+0000][gc,phases   ] GC(305)   Evacuate Collection Set: 438.2ms
[2026-01-16T08:39:50.762+0000][gc,phases   ] GC(305)   Post Evacuate Collection Set: 4.9ms
[2026-01-16T08:39:50.763+0000][gc,phases   ] GC(305)   Other: 4.6ms
[2026-01-16T08:39:50.764+0000][gc,heap     ] GC(305) Eden regions: 46->0(47)
[2026-01-16T08:39:50.783+0000][gc,heap     ] GC(305) Survivor regions: 5->4(7)
[2026-01-16T08:39:50.783+0000][gc,heap     ] GC(305) Old regions: 91->92
[2026-01-16T08:39:50.783+0000][gc,heap     ] GC(305) Humongous regions: 65->65
[2026-01-16T08:39:50.785+0000][gc,metaspace] GC(305) Metaspace: 12151K(12608K)->12151K(12608K) NonClass: 11057K(11264K)->11057K(11264K) Class: 1093K(1344K)->1093K(1344K)
[2026-01-16T08:39:50.785+0000][gc          ] GC(305) Pause Young (Normal) (G1 Evacuation Pause) 205M->160M(1024M) 494.083ms
[2026-01-16T08:39:50.787+0000][gc,cpu      ] GC(305) User=0.09s Sys=0.05s Real=0.49s
[2026-01-16T08:39:52.097+0000][gc,start    ] GC(306) Pause Young (Normal) (G1 Evacuation Pause)
[2026-01-16T08:39:52.102+0000][gc,task     ] GC(306) Using 8 workers of 8 for evacuation
[2026-01-16T08:39:52.339+0000][gc,mmu      ] GC(306) MMU target violated: 201.0ms (200.0ms/201.0ms)
[2026-01-16T08:39:52.341+0000][gc,phases   ] GC(306)   Pre Evacuate Collection Set: 11.5ms
[2026-01-16T08:39:52.342+0000][gc,phases   ] GC(306)   Merge Heap Roots: 0.3ms
[2026-01-16T08:39:52.345+0000][gc,phases   ] GC(306)   Evacuate Collection Set: 214.8ms
[2026-01-16T08:39:52.345+0000][gc,phases   ] GC(306)   Post Evacuate Collection Set: 9.8ms
[2026-01-16T08:39:52.348+0000][gc,phases   ] GC(306)   Other: 3.2ms
[2026-01-16T08:39:52.348+0000][gc,heap     ] GC(306) Eden regions: 47->0(47)
[2026-01-16T08:39:52.349+0000][gc,heap     ] GC(306) Survivor regions: 4->4(7)
[2026-01-16T08:39:52.349+0000][gc,heap     ] GC(306) Old regions: 92->93
[2026-01-16T08:39:52.349+0000][gc,heap     ] GC(306) Humongous regions: 65->65
[2026-01-16T08:39:52.349+0000][gc,metaspace] GC(306) Metaspace: 12153K(12608K)->12153K(12608K) NonClass: 11059K(11264K)->11059K(11264K) Class: 1093K(1344K)->1093K(1344K)
[2026-01-16T08:39:52.349+0000][gc          ] GC(306) Pause Young (Normal) (G1 Evacuation Pause) 207M->161M(1024M) 251.900ms
[2026-01-16T08:39:52.349+0000][gc,cpu      ] GC(306) User=0.10s Sys=0.03s Real=0.26s
[2026-01-16T08:39:54.129+0000][gc,start    ] GC(307) Pause Young (Normal) (G1 Evacuation Pause)
[2026-01-16T08:39:54.138+0000][gc,task     ] GC(307) Using 8 workers of 8 for evacuation
[2026-01-16T08:39:54.577+0000][gc,mmu      ] GC(307) MMU target violated: 201.0ms (200.0ms/201.0ms)
[2026-01-16T08:39:54.579+0000][gc,phases   ] GC(307)   Pre Evacuate Collection Set: 34.9ms
[2026-01-16T08:39:54.582+0000][gc,phases   ] GC(307)   Merge Heap Roots: 4.9ms
[2026-01-16T08:39:54.585+0000][gc,phases   ] GC(307)   Evacuate Collection Set: 380.1ms
[2026-01-16T08:39:54.587+0000][gc,phases   ] GC(307)   Post Evacuate Collection Set: 12.4ms
[2026-01-16T08:39:54.590+0000][gc,phases   ] GC(307)   Other: 8.4ms
[2026-01-16T08:39:54.591+0000][gc,heap     ] GC(307) Eden regions: 47->0(47)
[2026-01-16T08:39:54.592+0000][gc,heap     ] GC(307) Survivor regions: 4->4(7)
[2026-01-16T08:39:54.597+0000][gc,heap     ] GC(307) Old regions: 93->93
[2026-01-16T08:39:54.598+0000][gc,heap     ] GC(307) Humongous regions: 65->65
[2026-01-16T08:39:54.598+0000][gc,metaspace] GC(307) Metaspace: 12153K(12608K)->12153K(12608K) NonClass: 11059K(11264K)->11059K(11264K) Class: 1093K(1344K)->1093K(1344K)
[2026-01-16T08:39:54.599+0000][gc          ] GC(307) Pause Young (Normal) (G1 Evacuation Pause) 208M->161M(1024M) 469.267ms
[2026-01-16T08:39:54.599+0000][gc,cpu      ] GC(307) User=0.28s Sys=0.03s Real=0.47s
[2026-01-16T08:39:58.028+0000][gc,start    ] GC(308) Pause Young (Normal) (G1 Evacuation Pause)
[2026-01-16T08:39:58.035+0000][gc,task     ] GC(308) Using 8 workers of 8 for evacuation
[2026-01-16T08:39:59.285+0000][gc,mmu      ] GC(308) MMU target violated: 201.0ms (200.0ms/201.0ms)
[2026-01-16T08:39:59.298+0000][gc,phases   ] GC(308)   Pre Evacuate Collection Set: 89.7ms
[2026-01-16T08:39:59.299+0000][gc,phases   ] GC(308)   Merge Heap Roots: 2.6ms
[2026-01-16T08:39:59.302+0000][gc,phases   ] GC(308)   Evacuate Collection Set: 1105.6ms
[2026-01-16T08:39:59.303+0000][gc,phases   ] GC(308)   Post Evacuate Collection Set: 23.0ms
[2026-01-16T08:39:59.304+0000][gc,phases   ] GC(308)   Other: 44.0ms
[2026-01-16T08:39:59.305+0000][gc,heap     ] GC(308) Eden regions: 47->0(46)
[2026-01-16T08:39:59.307+0000][gc,heap     ] GC(308) Survivor regions: 4->5(7)
[2026-01-16T08:39:59.308+0000][gc,heap     ] GC(308) Old regions: 93->94
[2026-01-16T08:39:59.309+0000][gc,heap     ] GC(308) Humongous regions: 65->65
[2026-01-16T08:39:59.311+0000][gc,metaspace] GC(308) Metaspace: 12158K(12608K)->12158K(12608K) NonClass: 11064K(11264K)->11064K(11264K) Class: 1093K(1344K)->1093K(1344K)
[2026-01-16T08:39:59.321+0000][gc          ] GC(308) Pause Young (Normal) (G1 Evacuation Pause) 208M->162M(1024M) 1292.665ms
[2026-01-16T08:39:59.338+0000][gc,cpu      ] GC(308) User=0.48s Sys=0.08s Real=1.31s
[2026-01-16T08:40:02.074+0000][gc,start    ] GC(309) Pause Young (Normal) (G1 Evacuation Pause)
[2026-01-16T08:40:02.081+0000][gc,task     ] GC(309) Using 8 workers of 8 for evacuation
[2026-01-16T08:40:02.957+0000][gc,mmu      ] GC(309) MMU target violated: 201.0ms (200.0ms/201.0ms)
[2026-01-16T08:40:02.957+0000][gc,phases   ] GC(309)   Pre Evacuate Collection Set: 63.4ms
[2026-01-16T08:40:02.959+0000][gc,phases   ] GC(309)   Merge Heap Roots: 124.1ms
[2026-01-16T08:40:02.961+0000][gc,phases   ] GC(309)   Evacuate Collection Set: 672.1ms
[2026-01-16T08:40:02.962+0000][gc,phases   ] GC(309)   Post Evacuate Collection Set: 10.0ms
[2026-01-16T08:40:02.963+0000][gc,phases   ] GC(309)   Other: 7.4ms
[2026-01-16T08:40:02.963+0000][gc,heap     ] GC(309) Eden regions: 46->0(46)
[2026-01-16T08:40:02.964+0000][gc,heap     ] GC(309) Survivor regions: 5->5(7)
[2026-01-16T08:40:02.964+0000][gc,heap     ] GC(309) Old regions: 94->95
[2026-01-16T08:40:02.965+0000][gc,heap     ] GC(309) Humongous regions: 65->65
[2026-01-16T08:40:02.966+0000][gc,metaspace] GC(309) Metaspace: 12158K(12608K)->12158K(12608K) NonClass: 11064K(11264K)->11064K(11264K) Class: 1093K(1344K)->1093K(1344K)
[2026-01-16T08:40:02.970+0000][gc          ] GC(309) Pause Young (Normal) (G1 Evacuation Pause) 208M->163M(1024M) 895.888ms
[2026-01-16T08:40:02.972+0000][gc,cpu      ] GC(309) User=0.31s Sys=0.05s Real=0.90s
[2026-01-16T08:40:04.765+0000][gc,start    ] GC(310) Pause Young (Normal) (G1 Evacuation Pause)
[2026-01-16T08:40:04.771+0000][gc,task     ] GC(310) Using 8 workers of 8 for evacuation
[2026-01-16T08:40:05.119+0000][gc,mmu      ] GC(310) MMU target violated: 201.0ms (200.0ms/201.0ms)
[2026-01-16T08:40:05.122+0000][gc,phases   ] GC(310)   Pre Evacuate Collection Set: 9.0ms
[2026-01-16T08:40:05.123+0000][gc,phases   ] GC(310)   Merge Heap Roots: 5.8ms
[2026-01-16T08:40:05.128+0000][gc,phases   ] GC(310)   Evacuate Collection Set: 329.6ms
[2026-01-16T08:40:05.129+0000][gc,phases   ] GC(310)   Post Evacuate Collection Set: 1.7ms
[2026-01-16T08:40:05.129+0000][gc,phases   ] GC(310)   Other: 5.2ms
[2026-01-16T08:40:05.130+0000][gc,heap     ] GC(310) Eden regions: 46->0(47)
[2026-01-16T08:40:05.130+0000][gc,heap     ] GC(310) Survivor regions: 5->4(7)
[2026-01-16T08:40:05.130+0000][gc,heap     ] GC(310) Old regions: 95->95
[2026-01-16T08:40:05.131+0000][gc,heap     ] GC(310) Humongous regions: 65->65
[2026-01-16T08:40:05.132+0000][gc,metaspace] GC(310) Metaspace: 12161K(12608K)->12161K(12608K) NonClass: 11068K(11264K)->11068K(11264K) Class: 1093K(1344K)->1093K(1344K)
[2026-01-16T08:40:05.132+0000][gc          ] GC(310) Pause Young (Normal) (G1 Evacuation Pause) 209M->163M(1024M) 367.715ms
[2026-01-16T08:40:05.133+0000][gc,cpu      ] GC(310) User=0.10s Sys=0.02s Real=0.37s
[2026-01-16T08:40:06.386+0000][gc,start    ] GC(311) Pause Young (Normal) (G1 Evacuation Pause)
[2026-01-16T08:40:06.393+0000][gc,task     ] GC(311) Using 8 workers of 8 for evacuation
[2026-01-16T08:40:06.712+0000][gc,mmu      ] GC(311) MMU target violated: 201.0ms (200.0ms/201.0ms)
[2026-01-16T08:40:06.713+0000][gc,phases   ] GC(311)   Pre Evacuate Collection Set: 21.3ms
[2026-01-16T08:40:06.713+0000][gc,phases   ] GC(311)   Merge Heap Roots: 0.3ms
[2026-01-16T08:40:06.713+0000][gc,phases   ] GC(311)   Evacuate Collection Set: 291.9ms
[2026-01-16T08:40:06.716+0000][gc,phases   ] GC(311)   Post Evacuate Collection Set: 4.3ms
[2026-01-16T08:40:06.717+0000][gc,phases   ] GC(311)   Other: 1.7ms
[2026-01-16T08:40:06.719+0000][gc,heap     ] GC(311) Eden regions: 47->0(46)
[2026-01-16T08:40:06.720+0000][gc,heap     ] GC(311) Survivor regions: 4->5(7)
[2026-01-16T08:40:06.721+0000][gc,heap     ] GC(311) Old regions: 95->95
[2026-01-16T08:40:06.722+0000][gc,heap     ] GC(311) Humongous regions: 65->65
[2026-01-16T08:40:06.722+0000][gc,metaspace] GC(311) Metaspace: 12162K(12608K)->12162K(12608K) NonClass: 11068K(11264K)->11068K(11264K) Class: 1093K(1344K)->1093K(1344K)
[2026-01-16T08:40:06.724+0000][gc          ] GC(311) Pause Young (Normal) (G1 Evacuation Pause) 210M->164M(1024M) 337.282ms
[2026-01-16T08:40:06.724+0000][gc,cpu      ] GC(311) User=0.13s Sys=0.01s Real=0.34s
[2026-01-16T08:40:07.806+0000][gc,start    ] GC(312) Pause Young (Normal) (G1 Evacuation Pause)
[2026-01-16T08:40:07.808+0000][gc,task     ] GC(312) Using 8 workers of 8 for evacuation
[2026-01-16T08:40:08.245+0000][gc,mmu      ] GC(312) MMU target violated: 201.0ms (200.0ms/201.0ms)
[2026-01-16T08:40:08.245+0000][gc,phases   ] GC(312)   Pre Evacuate Collection Set: 15.2ms
[2026-01-16T08:40:08.245+0000][gc,phases   ] GC(312)   Merge Heap Roots: 4.0ms
[2026-01-16T08:40:08.245+0000][gc,phases   ] GC(312)   Evacuate Collection Set: 410.9ms
[2026-01-16T08:40:08.245+0000][gc,phases   ] GC(312)   Post Evacuate Collection Set: 2.3ms
[2026-01-16T08:40:08.245+0000][gc,phases   ] GC(312)   Other: 4.1ms
[2026-01-16T08:40:08.245+0000][gc,heap     ] GC(312) Eden regions: 46->0(46)
[2026-01-16T08:40:08.245+0000][gc,heap     ] GC(312) Survivor regions: 5->5(7)
[2026-01-16T08:40:08.245+0000][gc,heap     ] GC(312) Old regions: 95->96
[2026-01-16T08:40:08.246+0000][gc,heap     ] GC(312) Humongous regions: 65->65
[2026-01-16T08:40:08.247+0000][gc,metaspace] GC(312) Metaspace: 12162K(12608K)->12162K(12608K) NonClass: 11068K(11264K)->11068K(11264K) Class: 1093K(1344K)->1093K(1344K)
[2026-01-16T08:40:08.248+0000][gc          ] GC(312) Pause Young (Normal) (G1 Evacuation Pause) 210M->165M(1024M) 441.602ms
[2026-01-16T08:40:08.249+0000][gc,cpu      ] GC(312) User=0.17s Sys=0.05s Real=0.44s
[2026-01-16T08:40:09.712+0000][gc,start    ] GC(313) Pause Young (Normal) (G1 Evacuation Pause)
[2026-01-16T08:40:09.714+0000][gc,task     ] GC(313) Using 8 workers of 8 for evacuation
[2026-01-16T08:40:10.215+0000][gc,mmu      ] GC(313) MMU target violated: 201.0ms (200.0ms/201.0ms)
[2026-01-16T08:40:10.216+0000][gc,phases   ] GC(313)   Pre Evacuate Collection Set: 111.4ms
[2026-01-16T08:40:10.224+0000][gc,phases   ] GC(313)   Merge Heap Roots: 7.2ms
[2026-01-16T08:40:10.226+0000][gc,phases   ] GC(313)   Evacuate Collection Set: 367.0ms
[2026-01-16T08:40:10.228+0000][gc,phases   ] GC(313)   Post Evacuate Collection Set: 8.8ms
[2026-01-16T08:40:10.229+0000][gc,phases   ] GC(313)   Other: 7.3ms
[2026-01-16T08:40:10.230+0000][gc,heap     ] GC(313) Eden regions: 46->0(46)
[2026-01-16T08:40:10.233+0000][gc,heap     ] GC(313) Survivor regions: 5->5(7)
[2026-01-16T08:40:10.235+0000][gc,heap     ] GC(313) Old regions: 96->97
[2026-01-16T08:40:10.236+0000][gc,heap     ] GC(313) Humongous regions: 65->65
[2026-01-16T08:40:10.236+0000][gc,metaspace] GC(313) Metaspace: 12162K(12608K)->12162K(12608K) NonClass: 11069K(11264K)->11069K(11264K) Class: 1093K(1344K)->1093K(1344K)
[2026-01-16T08:40:10.236+0000][gc          ] GC(313) Pause Young (Normal) (G1 Evacuation Pause) 211M->165M(1024M) 524.115ms
[2026-01-16T08:40:10.238+0000][gc,cpu      ] GC(313) User=0.17s Sys=0.02s Real=0.53s
[2026-01-16T08:40:12.794+0000][gc,start    ] GC(314) Pause Young (Normal) (G1 Evacuation Pause)
[2026-01-16T08:40:12.797+0000][gc,task     ] GC(314) Using 8 workers of 8 for evacuation
[2026-01-16T08:40:14.622+0000][gc,mmu      ] GC(314) MMU target violated: 201.0ms (200.0ms/201.0ms)
[2026-01-16T08:40:14.630+0000][gc,phases   ] GC(314)   Pre Evacuate Collection Set: 21.3ms
[2026-01-16T08:40:14.631+0000][gc,phases   ] GC(314)   Merge Heap Roots: 5.0ms
[2026-01-16T08:40:14.633+0000][gc,phases   ] GC(314)   Evacuate Collection Set: 1745.2ms
[2026-01-16T08:40:14.634+0000][gc,phases   ] GC(314)   Post Evacuate Collection Set: 46.4ms
[2026-01-16T08:40:14.638+0000][gc,phases   ] GC(314)   Other: 16.0ms
[2026-01-16T08:40:14.640+0000][gc,heap     ] GC(314) Eden regions: 46->0(46)
[2026-01-16T08:40:14.640+0000][gc,heap     ] GC(314) Survivor regions: 5->5(7)
[2026-01-16T08:40:14.640+0000][gc,heap     ] GC(314) Old regions: 97->98
[2026-01-16T08:40:14.644+0000][gc,heap     ] GC(314) Humongous regions: 65->65
[2026-01-16T08:40:14.646+0000][gc,metaspace] GC(314) Metaspace: 12163K(12608K)->12163K(12608K) NonClass: 11069K(11264K)->11069K(11264K) Class: 1093K(1344K)->1093K(1344K)
[2026-01-16T08:40:14.650+0000][gc          ] GC(314) Pause Young (Normal) (G1 Evacuation Pause) 211M->166M(1024M) 1855.441ms
[2026-01-16T08:40:14.661+0000][gc,cpu      ] GC(314) User=0.64s Sys=0.05s Real=1.87s
[2026-01-16T08:40:17.977+0000][gc,start    ] GC(315) Pause Young (Normal) (G1 Evacuation Pause)
[2026-01-16T08:40:17.987+0000][gc,task     ] GC(315) Using 8 workers of 8 for evacuation
[2026-01-16T08:40:18.646+0000][gc,mmu      ] GC(315) MMU target violated: 201.0ms (200.0ms/201.0ms)
[2026-01-16T08:40:18.648+0000][gc,phases   ] GC(315)   Pre Evacuate Collection Set: 59.6ms
[2026-01-16T08:40:18.654+0000][gc,phases   ] GC(315)   Merge Heap Roots: 7.8ms
[2026-01-16T08:40:18.655+0000][gc,phases   ] GC(315)   Evacuate Collection Set: 575.3ms
[2026-01-16T08:40:18.655+0000][gc,phases   ] GC(315)   Post Evacuate Collection Set: 15.2ms
[2026-01-16T08:40:18.656+0000][gc,phases   ] GC(315)   Other: 3.3ms
[2026-01-16T08:40:18.656+0000][gc,heap     ] GC(315) Eden regions: 46->0(47)
[2026-01-16T08:40:18.656+0000][gc,heap     ] GC(315) Survivor regions: 5->4(7)
[2026-01-16T08:40:18.658+0000][gc,heap     ] GC(315) Old regions: 98->99
[2026-01-16T08:40:18.659+0000][gc,heap     ] GC(315) Humongous regions: 65->65
[2026-01-16T08:40:18.663+0000][gc,metaspace] GC(315) Metaspace: 12165K(12608K)->12165K(12608K) NonClass: 11072K(11264K)->11072K(11264K) Class: 1093K(1344K)->1093K(1344K)
[2026-01-16T08:40:18.664+0000][gc          ] GC(315) Pause Young (Normal) (G1 Evacuation Pause) 212M->166M(1024M) 686.988ms
[2026-01-16T08:40:18.665+0000][gc,cpu      ] GC(315) User=0.35s Sys=0.02s Real=0.69s
[2026-01-16T08:40:21.335+0000][gc,start    ] GC(316) Pause Young (Normal) (G1 Evacuation Pause)
[2026-01-16T08:40:21.354+0000][gc,task     ] GC(316) Using 8 workers of 8 for evacuation
[2026-01-16T08:40:21.874+0000][gc,mmu      ] GC(316) MMU target violated: 201.0ms (200.0ms/201.0ms)
[2026-01-16T08:40:21.875+0000][gc,phases   ] GC(316)   Pre Evacuate Collection Set: 35.0ms
[2026-01-16T08:40:21.875+0000][gc,phases   ] GC(316)   Merge Heap Roots: 0.4ms
[2026-01-16T08:40:21.876+0000][gc,phases   ] GC(316)   Evacuate Collection Set: 465.8ms
[2026-01-16T08:40:21.877+0000][gc,phases   ] GC(316)   Post Evacuate Collection Set: 17.6ms
[2026-01-16T08:40:21.879+0000][gc,phases   ] GC(316)   Other: 2.3ms
[2026-01-16T08:40:21.879+0000][gc,heap     ] GC(316) Eden regions: 47->0(46)
[2026-01-16T08:40:21.880+0000][gc,heap     ] GC(316) Survivor regions: 4->5(7)
[2026-01-16T08:40:21.880+0000][gc,heap     ] GC(316) Old regions: 99->99
[2026-01-16T08:40:21.880+0000][gc,heap     ] GC(316) Humongous regions: 65->65
[2026-01-16T08:40:21.881+0000][gc,metaspace] GC(316) Metaspace: 12165K(12608K)->12165K(12608K) NonClass: 11072K(11264K)->11072K(11264K) Class: 1093K(1344K)->1093K(1344K)
[2026-01-16T08:40:21.882+0000][gc          ] GC(316) Pause Young (Normal) (G1 Evacuation Pause) 213M->167M(1024M) 547.244ms
[2026-01-16T08:40:21.882+0000][gc,cpu      ] GC(316) User=0.28s Sys=0.01s Real=0.54s
[2026-01-16T08:40:25.611+0000][gc,start    ] GC(317) Pause Young (Normal) (G1 Evacuation Pause)
[2026-01-16T08:40:25.675+0000][gc,task     ] GC(317) Using 8 workers of 8 for evacuation
[2026-01-16T08:40:29.614+0000][gc,mmu      ] GC(317) MMU target violated: 201.0ms (200.0ms/201.0ms)
[2026-01-16T08:40:29.617+0000][gc,phases   ] GC(317)   Pre Evacuate Collection Set: 321.0ms
[2026-01-16T08:40:29.617+0000][gc,phases   ] GC(317)   Merge Heap Roots: 27.9ms
[2026-01-16T08:40:29.618+0000][gc,phases   ] GC(317)   Evacuate Collection Set: 3191.6ms
[2026-01-16T08:40:29.619+0000][gc,phases   ] GC(317)   Post Evacuate Collection Set: 395.7ms
[2026-01-16T08:40:29.619+0000][gc,phases   ] GC(317)   Other: 5.3ms
[2026-01-16T08:40:29.619+0000][gc,heap     ] GC(317) Eden regions: 46->0(46)
[2026-01-16T08:40:29.619+0000][gc,heap     ] GC(317) Survivor regions: 5->5(7)
[2026-01-16T08:40:29.621+0000][gc,heap     ] GC(317) Old regions: 99->99
[2026-01-16T08:40:29.621+0000][gc,heap     ] GC(317) Humongous regions: 65->65
[2026-01-16T08:40:29.621+0000][gc,metaspace] GC(317) Metaspace: 12166K(12608K)->12166K(12608K) NonClass: 11072K(11264K)->11072K(11264K) Class: 1093K(1344K)->1093K(1344K)
[2026-01-16T08:40:29.644+0000][gc          ] GC(317) Pause Young (Normal) (G1 Evacuation Pause) 213M->167M(1024M) 4033.136ms
[2026-01-16T08:40:29.650+0000][gc,cpu      ] GC(317) User=1.29s Sys=0.21s Real=4.04s
[2026-01-16T08:40:33.921+0000][gc,start    ] GC(318) Pause Young (Normal) (G1 Evacuation Pause)
[2026-01-16T08:40:33.923+0000][gc,task     ] GC(318) Using 8 workers of 8 for evacuation
[2026-01-16T08:40:34.589+0000][gc,mmu      ] GC(318) MMU target violated: 201.0ms (200.0ms/201.0ms)
[2026-01-16T08:40:34.590+0000][gc,phases   ] GC(318)   Pre Evacuate Collection Set: 34.7ms
[2026-01-16T08:40:34.591+0000][gc,phases   ] GC(318)   Merge Heap Roots: 3.4ms
[2026-01-16T08:40:34.591+0000][gc,phases   ] GC(318)   Evacuate Collection Set: 601.8ms
[2026-01-16T08:40:34.591+0000][gc,phases   ] GC(318)   Post Evacuate Collection Set: 23.8ms
[2026-01-16T08:40:34.593+0000][gc,phases   ] GC(318)   Other: 4.4ms
[2026-01-16T08:40:34.597+0000][gc,heap     ] GC(318) Eden regions: 46->0(47)
[2026-01-16T08:40:34.597+0000][gc,heap     ] GC(318) Survivor regions: 5->4(7)
[2026-01-16T08:40:34.598+0000][gc,heap     ] GC(318) Old regions: 99->100
[2026-01-16T08:40:34.598+0000][gc,heap     ] GC(318) Humongous regions: 65->65
[2026-01-16T08:40:34.598+0000][gc,metaspace] GC(318) Metaspace: 12167K(12608K)->12167K(12608K) NonClass: 11073K(11264K)->11073K(11264K) Class: 1093K(1344K)->1093K(1344K)
[2026-01-16T08:40:34.600+0000][gc          ] GC(318) Pause Young (Normal) (G1 Evacuation Pause) 213M->168M(1024M) 679.066ms
[2026-01-16T08:40:34.602+0000][gc,cpu      ] GC(318) User=0.41s Sys=0.07s Real=0.68s
[2026-01-16T08:40:36.734+0000][gc,start    ] GC(319) Pause Young (Normal) (G1 Evacuation Pause)
[2026-01-16T08:40:36.752+0000][gc,task     ] GC(319) Using 8 workers of 8 for evacuation
[2026-01-16T08:40:37.197+0000][gc,mmu      ] GC(319) MMU target violated: 201.0ms (200.0ms/201.0ms)
[2026-01-16T08:40:37.198+0000][gc,phases   ] GC(319)   Pre Evacuate Collection Set: 60.4ms
[2026-01-16T08:40:37.198+0000][gc,phases   ] GC(319)   Merge Heap Roots: 4.7ms
[2026-01-16T08:40:37.199+0000][gc,phases   ] GC(319)   Evacuate Collection Set: 358.3ms
[2026-01-16T08:40:37.199+0000][gc,phases   ] GC(319)   Post Evacuate Collection Set: 21.7ms
[2026-01-16T08:40:37.199+0000][gc,phases   ] GC(319)   Other: 3.0ms
[2026-01-16T08:40:37.199+0000][gc,heap     ] GC(319) Eden regions: 47->0(47)
[2026-01-16T08:40:37.199+0000][gc,heap     ] GC(319) Survivor regions: 4->4(7)
[2026-01-16T08:40:37.199+0000][gc,heap     ] GC(319) Old regions: 100->101
[2026-01-16T08:40:37.199+0000][gc,heap     ] GC(319) Humongous regions: 65->65
[2026-01-16T08:40:37.200+0000][gc,metaspace] GC(319) Metaspace: 12167K(12608K)->12167K(12608K) NonClass: 11073K(11264K)->11073K(11264K) Class: 1093K(1344K)->1093K(1344K)
[2026-01-16T08:40:37.200+0000][gc          ] GC(319) Pause Young (Normal) (G1 Evacuation Pause) 215M->169M(1024M) 467.576ms
[2026-01-16T08:40:37.202+0000][gc,cpu      ] GC(319) User=0.38s Sys=0.05s Real=0.47s
[2026-01-16T08:40:38.562+0000][gc,start    ] GC(320) Pause Young (Normal) (G1 Evacuation Pause)
[2026-01-16T08:40:38.563+0000][gc,task     ] GC(320) Using 8 workers of 8 for evacuation
[2026-01-16T08:40:39.257+0000][gc,mmu      ] GC(320) MMU target violated: 201.0ms (200.0ms/201.0ms)
[2026-01-16T08:40:39.259+0000][gc,phases   ] GC(320)   Pre Evacuate Collection Set: 40.2ms
[2026-01-16T08:40:39.260+0000][gc,phases   ] GC(320)   Merge Heap Roots: 5.9ms
[2026-01-16T08:40:39.260+0000][gc,phases   ] GC(320)   Evacuate Collection Set: 626.5ms
[2026-01-16T08:40:39.260+0000][gc,phases   ] GC(320)   Post Evacuate Collection Set: 20.3ms
[2026-01-16T08:40:39.260+0000][gc,phases   ] GC(320)   Other: 3.4ms
[2026-01-16T08:40:39.260+0000][gc,heap     ] GC(320) Eden regions: 47->0(46)
[2026-01-16T08:40:39.260+0000][gc,heap     ] GC(320) Survivor regions: 4->5(7)
[2026-01-16T08:40:39.261+0000][gc,heap     ] GC(320) Old regions: 101->102
[2026-01-16T08:40:39.261+0000][gc,heap     ] GC(320) Humongous regions: 65->65
[2026-01-16T08:40:39.261+0000][gc,metaspace] GC(320) Metaspace: 12167K(12608K)->12167K(12608K) NonClass: 11074K(11264K)->11074K(11264K) Class: 1093K(1344K)->1093K(1344K)
[2026-01-16T08:40:39.262+0000][gc          ] GC(320) Pause Young (Normal) (G1 Evacuation Pause) 216M->170M(1024M) 699.963ms
[2026-01-16T08:40:39.262+0000][gc,cpu      ] GC(320) User=0.34s Sys=0.03s Real=0.70s
[2026-01-16T08:40:42.957+0000][gc,start    ] GC(321) Pause Young (Normal) (G1 Evacuation Pause)
[2026-01-16T08:40:42.972+0000][gc,task     ] GC(321) Using 8 workers of 8 for evacuation
[2026-01-16T08:40:45.015+0000][gc,mmu      ] GC(321) MMU target violated: 201.0ms (200.0ms/201.0ms)
[2026-01-16T08:40:45.018+0000][gc,phases   ] GC(321)   Pre Evacuate Collection Set: 162.5ms
[2026-01-16T08:40:45.019+0000][gc,phases   ] GC(321)   Merge Heap Roots: 1.1ms
[2026-01-16T08:40:45.021+0000][gc,phases   ] GC(321)   Evacuate Collection Set: 1634.7ms
[2026-01-16T08:40:45.023+0000][gc,phases   ] GC(321)   Post Evacuate Collection Set: 230.0ms
[2026-01-16T08:40:45.026+0000][gc,phases   ] GC(321)   Other: 27.5ms
[2026-01-16T08:40:45.029+0000][gc,heap     ] GC(321) Eden regions: 46->0(47)
[2026-01-16T08:40:45.032+0000][gc,heap     ] GC(321) Survivor regions: 5->4(7)
[2026-01-16T08:40:45.034+0000][gc,heap     ] GC(321) Old regions: 102->102
[2026-01-16T08:40:45.036+0000][gc,heap     ] GC(321) Humongous regions: 65->65
[2026-01-16T08:40:45.036+0000][gc,metaspace] GC(321) Metaspace: 12167K(12608K)->12167K(12608K) NonClass: 11074K(11264K)->11074K(11264K) Class: 1093K(1344K)->1093K(1344K)
[2026-01-16T08:40:45.060+0000][gc          ] GC(321) Pause Young (Normal) (G1 Evacuation Pause) 216M->170M(1024M) 2103.075ms
[2026-01-16T08:40:45.065+0000][gc,cpu      ] GC(321) User=0.63s Sys=0.11s Real=2.11s
[2026-01-16T08:40:49.418+0000][gc,start    ] GC(322) Pause Young (Normal) (G1 Evacuation Pause)
[2026-01-16T08:40:49.420+0000][gc,task     ] GC(322) Using 8 workers of 8 for evacuation
[2026-01-16T08:40:50.388+0000][gc,mmu      ] GC(322) MMU target violated: 201.0ms (200.0ms/201.0ms)
[2026-01-16T08:40:50.389+0000][gc,phases   ] GC(322)   Pre Evacuate Collection Set: 118.2ms
[2026-01-16T08:40:50.389+0000][gc,phases   ] GC(322)   Merge Heap Roots: 0.3ms
[2026-01-16T08:40:50.389+0000][gc,phases   ] GC(322)   Evacuate Collection Set: 811.1ms
[2026-01-16T08:40:50.390+0000][gc,phases   ] GC(322)   Post Evacuate Collection Set: 33.1ms
[2026-01-16T08:40:50.390+0000][gc,phases   ] GC(322)   Other: 6.8ms
[2026-01-16T08:40:50.390+0000][gc,heap     ] GC(322) Eden regions: 47->0(47)
[2026-01-16T08:40:50.390+0000][gc,heap     ] GC(322) Survivor regions: 4->4(7)
[2026-01-16T08:40:50.391+0000][gc,heap     ] GC(322) Old regions: 102->103
[2026-01-16T08:40:50.393+0000][gc,heap     ] GC(322) Humongous regions: 65->65
[2026-01-16T08:40:50.393+0000][gc,metaspace] GC(322) Metaspace: 12168K(12608K)->12168K(12608K) NonClass: 11074K(11264K)->11074K(11264K) Class: 1093K(1344K)->1093K(1344K)
[2026-01-16T08:40:50.394+0000][gc          ] GC(322) Pause Young (Normal) (G1 Evacuation Pause) 217M->171M(1024M) 975.929ms
[2026-01-16T08:40:50.394+0000][gc,cpu      ] GC(322) User=0.40s Sys=0.06s Real=0.98s
[2026-01-16T08:40:51.740+0000][gc,start    ] GC(323) Pause Young (Normal) (G1 Evacuation Pause)
[2026-01-16T08:40:51.743+0000][gc,task     ] GC(323) Using 8 workers of 8 for evacuation
[2026-01-16T08:40:52.099+0000][gc,mmu      ] GC(323) MMU target violated: 201.0ms (200.0ms/201.0ms)
[2026-01-16T08:40:52.101+0000][gc,phases   ] GC(323)   Pre Evacuate Collection Set: 19.9ms
[2026-01-16T08:40:52.103+0000][gc,phases   ] GC(323)   Merge Heap Roots: 1.2ms
[2026-01-16T08:40:52.106+0000][gc,phases   ] GC(323)   Evacuate Collection Set: 306.8ms
[2026-01-16T08:40:52.109+0000][gc,phases   ] GC(323)   Post Evacuate Collection Set: 27.5ms
[2026-01-16T08:40:52.113+0000][gc,phases   ] GC(323)   Other: 5.0ms
[2026-01-16T08:40:52.118+0000][gc,heap     ] GC(323) Eden regions: 47->0(46)
[2026-01-16T08:40:52.121+0000][gc,heap     ] GC(323) Survivor regions: 4->5(7)
[2026-01-16T08:40:52.124+0000][gc,heap     ] GC(323) Old regions: 103->103
[2026-01-16T08:40:52.125+0000][gc,heap     ] GC(323) Humongous regions: 65->65
[2026-01-16T08:40:52.125+0000][gc,metaspace] GC(323) Metaspace: 12168K(12608K)->12168K(12608K) NonClass: 11075K(11264K)->11075K(11264K) Class: 1093K(1344K)->1093K(1344K)
[2026-01-16T08:40:52.129+0000][gc          ] GC(323) Pause Young (Normal) (G1 Evacuation Pause) 218M->171M(1024M) 389.240ms
[2026-01-16T08:40:52.132+0000][gc,cpu      ] GC(323) User=0.17s Sys=0.01s Real=0.40s
[2026-01-16T08:40:55.336+0000][gc,start    ] GC(324) Pause Young (Normal) (G1 Evacuation Pause)
[2026-01-16T08:40:55.341+0000][gc,task     ] GC(324) Using 8 workers of 8 for evacuation
[2026-01-16T08:40:56.491+0000][gc,mmu      ] GC(324) MMU target violated: 201.0ms (200.0ms/201.0ms)
[2026-01-16T08:40:56.492+0000][gc,phases   ] GC(324)   Pre Evacuate Collection Set: 142.5ms
[2026-01-16T08:40:56.493+0000][gc,phases   ] GC(324)   Merge Heap Roots: 9.1ms
[2026-01-16T08:40:56.493+0000][gc,phases   ] GC(324)   Evacuate Collection Set: 937.4ms
[2026-01-16T08:40:56.496+0000][gc,phases   ] GC(324)   Post Evacuate Collection Set: 54.2ms
[2026-01-16T08:40:56.498+0000][gc,phases   ] GC(324)   Other: 7.8ms
[2026-01-16T08:40:56.503+0000][gc,heap     ] GC(324) Eden regions: 46->0(47)
[2026-01-16T08:40:56.503+0000][gc,heap     ] GC(324) Survivor regions: 5->4(7)
[2026-01-16T08:40:56.505+0000][gc,heap     ] GC(324) Old regions: 103->104
[2026-01-16T08:40:56.506+0000][gc,heap     ] GC(324) Humongous regions: 65->65
[2026-01-16T08:40:56.506+0000][gc,metaspace] GC(324) Metaspace: 12168K(12608K)->12168K(12608K) NonClass: 11075K(11264K)->11075K(11264K) Class: 1093K(1344K)->1093K(1344K)
[2026-01-16T08:40:56.509+0000][gc          ] GC(324) Pause Young (Normal) (G1 Evacuation Pause) 217M->172M(1024M) 1172.468ms
[2026-01-16T08:40:56.521+0000][gc,cpu      ] GC(324) User=0.60s Sys=0.11s Real=1.18s
[2026-01-16T08:41:00.995+0000][gc,start    ] GC(325) Pause Young (Normal) (G1 Evacuation Pause)
[2026-01-16T08:41:01.003+0000][gc,task     ] GC(325) Using 8 workers of 8 for evacuation
[2026-01-16T08:41:02.141+0000][gc,mmu      ] GC(325) MMU target violated: 201.0ms (200.0ms/201.0ms)
[2026-01-16T08:41:02.151+0000][gc,phases   ] GC(325)   Pre Evacuate Collection Set: 94.4ms
[2026-01-16T08:41:02.157+0000][gc,phases   ] GC(325)   Merge Heap Roots: 7.8ms
[2026-01-16T08:41:02.159+0000][gc,phases   ] GC(325)   Evacuate Collection Set: 936.8ms
[2026-01-16T08:41:02.159+0000][gc,phases   ] GC(325)   Post Evacuate Collection Set: 82.9ms
[2026-01-16T08:41:02.161+0000][gc,phases   ] GC(325)   Other: 28.9ms
[2026-01-16T08:41:02.164+0000][gc,heap     ] GC(325) Eden regions: 47->0(47)
[2026-01-16T08:41:02.172+0000][gc,heap     ] GC(325) Survivor regions: 4->4(7)
[2026-01-16T08:41:02.175+0000][gc,heap     ] GC(325) Old regions: 104->105
[2026-01-16T08:41:02.175+0000][gc,heap     ] GC(325) Humongous regions: 65->65
[2026-01-16T08:41:02.179+0000][gc,metaspace] GC(325) Metaspace: 12168K(12608K)->12168K(12608K) NonClass: 11075K(11264K)->11075K(11264K) Class: 1093K(1344K)->1093K(1344K)
[2026-01-16T08:41:02.184+0000][gc          ] GC(325) Pause Young (Normal) (G1 Evacuation Pause) 219M->173M(1024M) 1188.968ms
[2026-01-16T08:41:02.187+0000][gc,cpu      ] GC(325) User=0.55s Sys=0.08s Real=1.20s
[2026-01-16T08:41:06.188+0000][gc,start    ] GC(326) Pause Young (Normal) (G1 Evacuation Pause)
[2026-01-16T08:41:06.191+0000][gc,task     ] GC(326) Using 8 workers of 8 for evacuation
[2026-01-16T08:41:07.026+0000][gc,mmu      ] GC(326) MMU target violated: 201.0ms (200.0ms/201.0ms)
[2026-01-16T08:41:07.028+0000][gc,phases   ] GC(326)   Pre Evacuate Collection Set: 27.6ms
[2026-01-16T08:41:07.028+0000][gc,phases   ] GC(326)   Merge Heap Roots: 2.2ms
[2026-01-16T08:41:07.029+0000][gc,phases   ] GC(326)   Evacuate Collection Set: 715.7ms
[2026-01-16T08:41:07.029+0000][gc,phases   ] GC(326)   Post Evacuate Collection Set: 85.5ms
[2026-01-16T08:41:07.029+0000][gc,phases   ] GC(326)   Other: 7.1ms
[2026-01-16T08:41:07.033+0000][gc,heap     ] GC(326) Eden regions: 47->0(46)
[2026-01-16T08:41:07.033+0000][gc,heap     ] GC(326) Survivor regions: 4->5(7)
[2026-01-16T08:41:07.037+0000][gc,heap     ] GC(326) Old regions: 105->105
[2026-01-16T08:41:07.040+0000][gc,heap     ] GC(326) Humongous regions: 65->65
[2026-01-16T08:41:07.042+0000][gc,metaspace] GC(326) Metaspace: 12168K(12608K)->12168K(12608K) NonClass: 11075K(11264K)->11075K(11264K) Class: 1093K(1344K)->1093K(1344K)
[2026-01-16T08:41:07.043+0000][gc          ] GC(326) Pause Young (Normal) (G1 Evacuation Pause) 220M->173M(1024M) 855.187ms
[2026-01-16T08:41:07.044+0000][gc,cpu      ] GC(326) User=0.33s Sys=0.04s Real=0.86s
[2026-01-16T08:41:08.764+0000][gc,start    ] GC(327) Pause Young (Normal) (G1 Evacuation Pause)
[2026-01-16T08:41:08.766+0000][gc,task     ] GC(327) Using 8 workers of 8 for evacuation
[2026-01-16T08:41:09.518+0000][gc,mmu      ] GC(327) MMU target violated: 201.0ms (200.0ms/201.0ms)
[2026-01-16T08:41:09.547+0000][gc,phases   ] GC(327)   Pre Evacuate Collection Set: 85.7ms
[2026-01-16T08:41:09.549+0000][gc,phases   ] GC(327)   Merge Heap Roots: 8.0ms
[2026-01-16T08:41:09.550+0000][gc,phases   ] GC(327)   Evacuate Collection Set: 637.0ms
[2026-01-16T08:41:09.550+0000][gc,phases   ] GC(327)   Post Evacuate Collection Set: 17.0ms
[2026-01-16T08:41:09.550+0000][gc,phases   ] GC(327)   Other: 34.1ms
[2026-01-16T08:41:09.559+0000][gc,heap     ] GC(327) Eden regions: 46->0(47)
[2026-01-16T08:41:09.560+0000][gc,heap     ] GC(327) Survivor regions: 5->4(7)
[2026-01-16T08:41:09.561+0000][gc,heap     ] GC(327) Old regions: 105->106
[2026-01-16T08:41:09.562+0000][gc,heap     ] GC(327) Humongous regions: 65->65
[2026-01-16T08:41:09.562+0000][gc,metaspace] GC(327) Metaspace: 12169K(12608K)->12169K(12608K) NonClass: 11075K(11264K)->11075K(11264K) Class: 1093K(1344K)->1093K(1344K)
[2026-01-16T08:41:09.562+0000][gc          ] GC(327) Pause Young (Normal) (G1 Evacuation Pause) 219M->174M(1024M) 798.013ms
[2026-01-16T08:41:09.563+0000][gc,cpu      ] GC(327) User=0.23s Sys=0.01s Real=0.79s
[2026-01-16T08:41:13.566+0000][gc,start    ] GC(328) Pause Young (Normal) (G1 Evacuation Pause)
[2026-01-16T08:41:13.571+0000][gc,task     ] GC(328) Using 8 workers of 8 for evacuation
[2026-01-16T08:41:14.766+0000][gc,mmu      ] GC(328) MMU target violated: 201.0ms (200.0ms/201.0ms)
[2026-01-16T08:41:14.768+0000][gc,phases   ] GC(328)   Pre Evacuate Collection Set: 103.0ms
[2026-01-16T08:41:14.769+0000][gc,phases   ] GC(328)   Merge Heap Roots: 1.8ms
[2026-01-16T08:41:14.772+0000][gc,phases   ] GC(328)   Evacuate Collection Set: 1025.3ms
[2026-01-16T08:41:14.775+0000][gc,phases   ] GC(328)   Post Evacuate Collection Set: 59.4ms
[2026-01-16T08:41:14.777+0000][gc,phases   ] GC(328)   Other: 10.0ms
[2026-01-16T08:41:14.790+0000][gc,heap     ] GC(328) Eden regions: 47->0(47)
[2026-01-16T08:41:14.791+0000][gc,heap     ] GC(328) Survivor regions: 4->4(7)
[2026-01-16T08:41:14.792+0000][gc,heap     ] GC(328) Old regions: 106->107
[2026-01-16T08:41:14.794+0000][gc,heap     ] GC(328) Humongous regions: 65->65
[2026-01-16T08:41:14.798+0000][gc,metaspace] GC(328) Metaspace: 12169K(12608K)->12169K(12608K) NonClass: 11075K(11264K)->11075K(11264K) Class: 1093K(1344K)->1093K(1344K)
[2026-01-16T08:41:14.802+0000][gc          ] GC(328) Pause Young (Normal) (G1 Evacuation Pause) 221M->174M(1024M) 1235.685ms
[2026-01-16T08:41:14.807+0000][gc,cpu      ] GC(328) User=0.72s Sys=0.09s Real=1.24s
[2026-01-16T08:41:18.775+0000][gc,start    ] GC(329) Pause Young (Normal) (G1 Evacuation Pause)
[2026-01-16T08:41:18.821+0000][gc,task     ] GC(329) Using 8 workers of 8 for evacuation
[2026-01-16T08:41:20.246+0000][gc,mmu      ] GC(329) MMU target violated: 201.0ms (200.0ms/201.0ms)
[2026-01-16T08:41:20.252+0000][gc,phases   ] GC(329)   Pre Evacuate Collection Set: 154.7ms
[2026-01-16T08:41:20.252+0000][gc,phases   ] GC(329)   Merge Heap Roots: 7.6ms
[2026-01-16T08:41:20.252+0000][gc,phases   ] GC(329)   Evacuate Collection Set: 1177.8ms
[2026-01-16T08:41:20.252+0000][gc,phases   ] GC(329)   Post Evacuate Collection Set: 53.0ms
[2026-01-16T08:41:20.252+0000][gc,phases   ] GC(329)   Other: 54.6ms
[2026-01-16T08:41:20.252+0000][gc,heap     ] GC(329) Eden regions: 47->0(47)
[2026-01-16T08:41:20.252+0000][gc,heap     ] GC(329) Survivor regions: 4->4(7)
[2026-01-16T08:41:20.253+0000][gc,heap     ] GC(329) Old regions: 107->107
[2026-01-16T08:41:20.254+0000][gc,heap     ] GC(329) Humongous regions: 65->65
[2026-01-16T08:41:20.254+0000][gc,metaspace] GC(329) Metaspace: 12171K(12608K)->12171K(12608K) NonClass: 11077K(11264K)->11077K(11264K) Class: 1093K(1344K)->1093K(1344K)
[2026-01-16T08:41:20.255+0000][gc          ] GC(329) Pause Young (Normal) (G1 Evacuation Pause) 221M->175M(1024M) 1479.516ms
[2026-01-16T08:41:20.259+0000][gc,cpu      ] GC(329) User=0.62s Sys=0.06s Real=1.50s
[2026-01-16T08:41:26.306+0000][gc,start    ] GC(330) Pause Young (Normal) (G1 Evacuation Pause)
[2026-01-16T08:41:26.315+0000][gc,task     ] GC(330) Using 8 workers of 8 for evacuation
[2026-01-16T08:41:27.408+0000][gc,mmu      ] GC(330) MMU target violated: 201.0ms (200.0ms/201.0ms)
[2026-01-16T08:41:27.428+0000][gc,phases   ] GC(330)   Pre Evacuate Collection Set: 65.4ms
[2026-01-16T08:41:27.432+0000][gc,phases   ] GC(330)   Merge Heap Roots: 0.4ms
[2026-01-16T08:41:27.439+0000][gc,phases   ] GC(330)   Evacuate Collection Set: 985.8ms
[2026-01-16T08:41:27.450+0000][gc,phases   ] GC(330)   Post Evacuate Collection Set: 36.4ms
[2026-01-16T08:41:27.458+0000][gc,phases   ] GC(330)   Other: 25.0ms
[2026-01-16T08:41:27.458+0000][gc,heap     ] GC(330) Eden regions: 47->0(47)
[2026-01-16T08:41:27.458+0000][gc,heap     ] GC(330) Survivor regions: 4->4(7)
[2026-01-16T08:41:27.459+0000][gc,heap     ] GC(330) Old regions: 107->108
[2026-01-16T08:41:27.461+0000][gc,heap     ] GC(330) Humongous regions: 65->65
[2026-01-16T08:41:27.463+0000][gc,metaspace] GC(330) Metaspace: 12171K(12608K)->12171K(12608K) NonClass: 11078K(11264K)->11078K(11264K) Class: 1093K(1344K)->1093K(1344K)
[2026-01-16T08:41:27.484+0000][gc          ] GC(330) Pause Young (Normal) (G1 Evacuation Pause) 222M->176M(1024M) 1177.454ms
[2026-01-16T08:41:27.518+0000][gc,cpu      ] GC(330) User=0.62s Sys=0.07s Real=1.21s
[2026-01-16T08:41:34.515+0000][gc,start    ] GC(331) Pause Young (Normal) (G1 Evacuation Pause)
[2026-01-16T08:41:34.521+0000][gc,task     ] GC(331) Using 8 workers of 8 for evacuation
[2026-01-16T08:41:35.791+0000][gc,mmu      ] GC(331) MMU target violated: 201.0ms (200.0ms/201.0ms)
[2026-01-16T08:41:35.796+0000][gc,phases   ] GC(331)   Pre Evacuate Collection Set: 157.8ms
[2026-01-16T08:41:35.797+0000][gc,phases   ] GC(331)   Merge Heap Roots: 0.9ms
[2026-01-16T08:41:35.801+0000][gc,phases   ] GC(331)   Evacuate Collection Set: 1081.6ms
[2026-01-16T08:41:35.806+0000][gc,phases   ] GC(331)   Post Evacuate Collection Set: 26.5ms
[2026-01-16T08:41:35.811+0000][gc,phases   ] GC(331)   Other: 11.2ms
[2026-01-16T08:41:35.812+0000][gc,heap     ] GC(331) Eden regions: 47->0(47)
[2026-01-16T08:41:35.812+0000][gc,heap     ] GC(331) Survivor regions: 4->4(7)
[2026-01-16T08:41:35.814+0000][gc,heap     ] GC(331) Old regions: 108->109
[2026-01-16T08:41:35.816+0000][gc,heap     ] GC(331) Humongous regions: 65->65
[2026-01-16T08:41:35.819+0000][gc,metaspace] GC(331) Metaspace: 12178K(12608K)->12178K(12608K) NonClass: 11085K(11264K)->11085K(11264K) Class: 1093K(1344K)->1093K(1344K)
[2026-01-16T08:41:35.820+0000][gc          ] GC(331) Pause Young (Normal) (G1 Evacuation Pause) 223M->177M(1024M) 1314.522ms
[2026-01-16T08:41:35.820+0000][gc,cpu      ] GC(331) User=0.76s Sys=0.09s Real=1.31s
[2026-01-16T08:41:40.120+0000][gc,start    ] GC(332) Pause Young (Normal) (G1 Evacuation Pause)
[2026-01-16T08:41:40.180+0000][gc,task     ] GC(332) Using 8 workers of 8 for evacuation
[2026-01-16T08:41:41.516+0000][gc,mmu      ] GC(332) MMU target violated: 201.0ms (200.0ms/201.0ms)
[2026-01-16T08:41:41.517+0000][gc,phases   ] GC(332)   Pre Evacuate Collection Set: 114.1ms
[2026-01-16T08:41:41.517+0000][gc,phases   ] GC(332)   Merge Heap Roots: 3.2ms
[2026-01-16T08:41:41.518+0000][gc,phases   ] GC(332)   Evacuate Collection Set: 1133.9ms
[2026-01-16T08:41:41.518+0000][gc,phases   ] GC(332)   Post Evacuate Collection Set: 71.9ms
[2026-01-16T08:41:41.518+0000][gc,phases   ] GC(332)   Other: 66.6ms
[2026-01-16T08:41:41.519+0000][gc,heap     ] GC(332) Eden regions: 47->0(46)
[2026-01-16T08:41:41.519+0000][gc,heap     ] GC(332) Survivor regions: 4->5(7)
[2026-01-16T08:41:41.519+0000][gc,heap     ] GC(332) Old regions: 109->109
[2026-01-16T08:41:41.519+0000][gc,heap     ] GC(332) Humongous regions: 65->65
[2026-01-16T08:41:41.520+0000][gc,metaspace] GC(332) Metaspace: 12181K(12608K)->12181K(12608K) NonClass: 11088K(11264K)->11088K(11264K) Class: 1093K(1344K)->1093K(1344K)
[2026-01-16T08:41:41.521+0000][gc          ] GC(332) Pause Young (Normal) (G1 Evacuation Pause) 224M->177M(1024M) 1401.244ms
[2026-01-16T08:41:41.521+0000][gc,cpu      ] GC(332) User=0.58s Sys=0.07s Real=1.40s
[2026-01-16T08:41:48.086+0000][gc,start    ] GC(333) Pause Young (Normal) (G1 Evacuation Pause)
[2026-01-16T08:41:48.096+0000][gc,task     ] GC(333) Using 8 workers of 8 for evacuation
[2026-01-16T08:41:48.978+0000][gc,mmu      ] GC(333) MMU target violated: 201.0ms (200.0ms/201.0ms)
[2026-01-16T08:41:48.986+0000][gc,phases   ] GC(333)   Pre Evacuate Collection Set: 186.5ms
[2026-01-16T08:41:48.990+0000][gc,phases   ] GC(333)   Merge Heap Roots: 29.2ms
[2026-01-16T08:41:48.992+0000][gc,phases   ] GC(333)   Evacuate Collection Set: 584.8ms
[2026-01-16T08:41:48.995+0000][gc,phases   ] GC(333)   Post Evacuate Collection Set: 30.2ms
[2026-01-16T08:41:48.999+0000][gc,phases   ] GC(333)   Other: 61.6ms
[2026-01-16T08:41:48.999+0000][gc,heap     ] GC(333) Eden regions: 46->0(46)
[2026-01-16T08:41:49.000+0000][gc,heap     ] GC(333) Survivor regions: 5->5(7)
[2026-01-16T08:41:49.001+0000][gc,heap     ] GC(333) Old regions: 109->110
[2026-01-16T08:41:49.001+0000][gc,heap     ] GC(333) Humongous regions: 65->65
[2026-01-16T08:41:49.001+0000][gc,metaspace] GC(333) Metaspace: 12181K(12608K)->12181K(12608K) NonClass: 11088K(11264K)->11088K(11264K) Class: 1093K(1344K)->1093K(1344K)
[2026-01-16T08:41:49.003+0000][gc          ] GC(333) Pause Young (Normal) (G1 Evacuation Pause) 223M->178M(1024M) 917.459ms
[2026-01-16T08:41:49.008+0000][gc,cpu      ] GC(333) User=0.55s Sys=0.07s Real=0.92s
[2026-01-16T08:41:54.214+0000][gc,start    ] GC(334) Pause Young (Normal) (G1 Evacuation Pause)
[2026-01-16T08:41:54.254+0000][gc,task     ] GC(334) Using 8 workers of 8 for evacuation
[2026-01-16T08:41:56.075+0000][gc,mmu      ] GC(334) MMU target violated: 201.0ms (200.0ms/201.0ms)
[2026-01-16T08:41:56.082+0000][gc,phases   ] GC(334)   Pre Evacuate Collection Set: 55.2ms
[2026-01-16T08:41:56.089+0000][gc,phases   ] GC(334)   Merge Heap Roots: 21.8ms
[2026-01-16T08:41:56.090+0000][gc,phases   ] GC(334)   Evacuate Collection Set: 1681.6ms
[2026-01-16T08:41:56.091+0000][gc,phases   ] GC(334)   Post Evacuate Collection Set: 61.7ms
[2026-01-16T08:41:56.091+0000][gc,phases   ] GC(334)   Other: 43.4ms
[2026-01-16T08:41:56.094+0000][gc,heap     ] GC(334) Eden regions: 46->0(46)
[2026-01-16T08:41:56.096+0000][gc,heap     ] GC(334) Survivor regions: 5->5(7)
[2026-01-16T08:41:56.096+0000][gc,heap     ] GC(334) Old regions: 110->110
[2026-01-16T08:41:56.097+0000][gc,heap     ] GC(334) Humongous regions: 65->65
[2026-01-16T08:41:56.099+0000][gc,metaspace] GC(334) Metaspace: 12184K(12608K)->12184K(12608K) NonClass: 11090K(11264K)->11090K(11264K) Class: 1093K(1344K)->1093K(1344K)
[2026-01-16T08:41:56.101+0000][gc          ] GC(334) Pause Young (Normal) (G1 Evacuation Pause) 224M->179M(1024M) 1886.556ms
[2026-01-16T08:41:56.106+0000][gc,cpu      ] GC(334) User=0.93s Sys=0.15s Real=1.89s
[2026-01-16T08:42:05.540+0000][gc,start    ] GC(335) Pause Young (Normal) (G1 Evacuation Pause)
[2026-01-16T08:42:05.579+0000][gc,task     ] GC(335) Using 8 workers of 8 for evacuation
[2026-01-16T08:42:07.050+0000][gc,mmu      ] GC(335) MMU target violated: 201.0ms (200.0ms/201.0ms)
[2026-01-16T08:42:07.057+0000][gc,phases   ] GC(335)   Pre Evacuate Collection Set: 234.0ms
[2026-01-16T08:42:07.057+0000][gc,phases   ] GC(335)   Merge Heap Roots: 5.4ms
[2026-01-16T08:42:07.058+0000][gc,phases   ] GC(335)   Evacuate Collection Set: 1042.5ms
[2026-01-16T08:42:07.060+0000][gc,phases   ] GC(335)   Post Evacuate Collection Set: 169.0ms
[2026-01-16T08:42:07.061+0000][gc,phases   ] GC(335)   Other: 55.5ms
[2026-01-16T08:42:07.063+0000][gc,heap     ] GC(335) Eden regions: 46->0(47)
[2026-01-16T08:42:07.065+0000][gc,heap     ] GC(335) Survivor regions: 5->4(7)
[2026-01-16T08:42:07.067+0000][gc,heap     ] GC(335) Old regions: 110->112
[2026-01-16T08:42:07.069+0000][gc,heap     ] GC(335) Humongous regions: 65->65
[2026-01-16T08:42:07.070+0000][gc,metaspace] GC(335) Metaspace: 12184K(12608K)->12184K(12608K) NonClass: 11090K(11264K)->11090K(11264K) Class: 1093K(1344K)->1093K(1344K)
[2026-01-16T08:42:07.071+0000][gc          ] GC(335) Pause Young (Normal) (G1 Evacuation Pause) 225M->179M(1024M) 1530.498ms
[2026-01-16T08:42:07.072+0000][gc,cpu      ] GC(335) User=0.64s Sys=0.15s Real=1.53s
[2026-01-16T08:42:10.612+0000][gc,start    ] GC(336) Pause Young (Normal) (G1 Evacuation Pause)
[2026-01-16T08:42:10.626+0000][gc,task     ] GC(336) Using 8 workers of 8 for evacuation
[2026-01-16T08:42:11.304+0000][gc,mmu      ] GC(336) MMU target violated: 201.0ms (200.0ms/201.0ms)
[2026-01-16T08:42:11.344+0000][gc,phases   ] GC(336)   Pre Evacuate Collection Set: 91.2ms
[2026-01-16T08:42:11.352+0000][gc,phases   ] GC(336)   Merge Heap Roots: 3.6ms
[2026-01-16T08:42:11.364+0000][gc,phases   ] GC(336)   Evacuate Collection Set: 561.8ms
[2026-01-16T08:42:11.365+0000][gc,phases   ] GC(336)   Post Evacuate Collection Set: 18.1ms
[2026-01-16T08:42:11.381+0000][gc,phases   ] GC(336)   Other: 57.0ms
[2026-01-16T08:42:11.393+0000][gc,heap     ] GC(336) Eden regions: 47->0(47)
[2026-01-16T08:42:11.402+0000][gc,heap     ] GC(336) Survivor regions: 4->4(7)
[2026-01-16T08:42:11.402+0000][gc,heap     ] GC(336) Old regions: 112->112
[2026-01-16T08:42:11.403+0000][gc,heap     ] GC(336) Humongous regions: 65->65
[2026-01-16T08:42:11.403+0000][gc,metaspace] GC(336) Metaspace: 12187K(12608K)->12187K(12608K) NonClass: 11094K(11264K)->11094K(11264K) Class: 1093K(1344K)->1093K(1344K)
[2026-01-16T08:42:11.403+0000][gc          ] GC(336) Pause Young (Normal) (G1 Evacuation Pause) 226M->180M(1024M) 791.604ms
[2026-01-16T08:42:11.437+0000][gc,cpu      ] GC(336) User=0.63s Sys=0.04s Real=0.83s
[2026-01-16T08:42:15.962+0000][gc,start    ] GC(337) Pause Young (Normal) (G1 Evacuation Pause)
[2026-01-16T08:42:15.968+0000][gc,task     ] GC(337) Using 8 workers of 8 for evacuation
[2026-01-16T08:42:18.300+0000][gc,mmu      ] GC(337) MMU target violated: 201.0ms (200.0ms/201.0ms)
[2026-01-16T08:42:18.309+0000][gc,phases   ] GC(337)   Pre Evacuate Collection Set: 171.3ms
[2026-01-16T08:42:18.310+0000][gc,phases   ] GC(337)   Merge Heap Roots: 48.9ms
[2026-01-16T08:42:18.310+0000][gc,phases   ] GC(337)   Evacuate Collection Set: 1703.3ms
[2026-01-16T08:42:18.311+0000][gc,phases   ] GC(337)   Post Evacuate Collection Set: 368.9ms
[2026-01-16T08:42:18.311+0000][gc,phases   ] GC(337)   Other: 50.2ms
[2026-01-16T08:42:18.314+0000][gc,heap     ] GC(337) Eden regions: 47->0(46)
[2026-01-16T08:42:18.315+0000][gc,heap     ] GC(337) Survivor regions: 4->5(7)
[2026-01-16T08:42:18.315+0000][gc,heap     ] GC(337) Old regions: 112->112
[2026-01-16T08:42:18.316+0000][gc,heap     ] GC(337) Humongous regions: 65->65
[2026-01-16T08:42:18.316+0000][gc,metaspace] GC(337) Metaspace: 12187K(12608K)->12187K(12608K) NonClass: 11094K(11264K)->11094K(11264K) Class: 1093K(1344K)->1093K(1344K)
[2026-01-16T08:42:18.331+0000][gc          ] GC(337) Pause Young (Normal) (G1 Evacuation Pause) 227M->181M(1024M) 2369.145ms
[2026-01-16T08:42:18.337+0000][gc,cpu      ] GC(337) User=0.68s Sys=0.16s Real=2.38s
[2026-01-16T08:42:25.903+0000][gc,start    ] GC(338) Pause Young (Normal) (G1 Evacuation Pause)
[2026-01-16T08:42:25.935+0000][gc,task     ] GC(338) Using 8 workers of 8 for evacuation
[2026-01-16T08:42:26.679+0000][gc,mmu      ] GC(338) MMU target violated: 201.0ms (200.0ms/201.0ms)
[2026-01-16T08:42:26.686+0000][gc,phases   ] GC(338)   Pre Evacuate Collection Set: 39.4ms
[2026-01-16T08:42:26.689+0000][gc,phases   ] GC(338)   Merge Heap Roots: 3.6ms
[2026-01-16T08:42:26.690+0000][gc,phases   ] GC(338)   Evacuate Collection Set: 569.8ms
[2026-01-16T08:42:26.712+0000][gc,phases   ] GC(338)   Post Evacuate Collection Set: 130.5ms
[2026-01-16T08:42:26.713+0000][gc,phases   ] GC(338)   Other: 8.5ms
[2026-01-16T08:42:26.713+0000][gc,heap     ] GC(338) Eden regions: 46->0(46)
[2026-01-16T08:42:26.714+0000][gc,heap     ] GC(338) Survivor regions: 5->5(7)
[2026-01-16T08:42:26.715+0000][gc,heap     ] GC(338) Old regions: 112->113
[2026-01-16T08:42:26.715+0000][gc,heap     ] GC(338) Humongous regions: 65->65
[2026-01-16T08:42:26.715+0000][gc,metaspace] GC(338) Metaspace: 12188K(12608K)->12188K(12608K) NonClass: 11094K(11264K)->11094K(11264K) Class: 1093K(1344K)->1093K(1344K)
[2026-01-16T08:42:26.716+0000][gc          ] GC(338) Pause Young (Normal) (G1 Evacuation Pause) 227M->182M(1024M) 812.992ms
[2026-01-16T08:42:26.716+0000][gc,cpu      ] GC(338) User=0.50s Sys=0.08s Real=0.80s
[2026-01-16T08:42:36.544+0000][gc,start    ] GC(339) Pause Young (Normal) (G1 Evacuation Pause)
[2026-01-16T08:42:36.653+0000][gc,task     ] GC(339) Using 8 workers of 8 for evacuation
[2026-01-16T08:42:37.831+0000][gc,mmu      ] GC(339) MMU target violated: 201.0ms (200.0ms/201.0ms)
[2026-01-16T08:42:37.849+0000][gc,phases   ] GC(339)   Pre Evacuate Collection Set: 258.6ms
[2026-01-16T08:42:37.850+0000][gc,phases   ] GC(339)   Merge Heap Roots: 12.6ms
[2026-01-16T08:42:37.850+0000][gc,phases   ] GC(339)   Evacuate Collection Set: 819.5ms
[2026-01-16T08:42:37.850+0000][gc,phases   ] GC(339)   Post Evacuate Collection Set: 85.9ms
[2026-01-16T08:42:37.850+0000][gc,phases   ] GC(339)   Other: 74.6ms
[2026-01-16T08:42:37.851+0000][gc,heap     ] GC(339) Eden regions: 46->0(47)
[2026-01-16T08:42:37.853+0000][gc,heap     ] GC(339) Survivor regions: 5->4(7)
[2026-01-16T08:42:37.853+0000][gc,heap     ] GC(339) Old regions: 113->114
[2026-01-16T08:42:37.854+0000][gc,heap     ] GC(339) Humongous regions: 65->65
[2026-01-16T08:42:37.856+0000][gc,metaspace] GC(339) Metaspace: 12189K(12608K)->12189K(12608K) NonClass: 11096K(11264K)->11096K(11264K) Class: 1093K(1344K)->1093K(1344K)
[2026-01-16T08:42:37.862+0000][gc          ] GC(339) Pause Young (Normal) (G1 Evacuation Pause) 228M->182M(1024M) 1325.446ms
[2026-01-16T08:42:37.863+0000][gc,cpu      ] GC(339) User=0.73s Sys=0.14s Real=1.32s
[2026-01-16T08:42:41.216+0000][gc,start    ] GC(340) Pause Young (Normal) (G1 Evacuation Pause)
[2026-01-16T08:42:41.218+0000][gc,task     ] GC(340) Using 8 workers of 8 for evacuation
[2026-01-16T08:42:42.044+0000][gc,mmu      ] GC(340) MMU target violated: 201.0ms (200.0ms/201.0ms)
[2026-01-16T08:42:42.045+0000][gc,phases   ] GC(340)   Pre Evacuate Collection Set: 67.4ms
[2026-01-16T08:42:42.045+0000][gc,phases   ] GC(340)   Merge Heap Roots: 26.4ms
[2026-01-16T08:42:42.045+0000][gc,phases   ] GC(340)   Evacuate Collection Set: 657.4ms
[2026-01-16T08:42:42.045+0000][gc,phases   ] GC(340)   Post Evacuate Collection Set: 67.1ms
[2026-01-16T08:42:42.046+0000][gc,phases   ] GC(340)   Other: 8.1ms
[2026-01-16T08:42:42.051+0000][gc,heap     ] GC(340) Eden regions: 47->0(46)
[2026-01-16T08:42:42.054+0000][gc,heap     ] GC(340) Survivor regions: 4->5(7)
[2026-01-16T08:42:42.055+0000][gc,heap     ] GC(340) Old regions: 114->114
[2026-01-16T08:42:42.055+0000][gc,heap     ] GC(340) Humongous regions: 65->65
[2026-01-16T08:42:42.059+0000][gc,metaspace] GC(340) Metaspace: 12190K(12608K)->12190K(12608K) NonClass: 11096K(11264K)->11096K(11264K) Class: 1093K(1344K)->1093K(1344K)
[2026-01-16T08:42:42.063+0000][gc          ] GC(340) Pause Young (Normal) (G1 Evacuation Pause) 229M->183M(1024M) 847.283ms
[2026-01-16T08:42:42.074+0000][gc,cpu      ] GC(340) User=0.48s Sys=0.04s Real=0.85s
[2026-01-16T08:42:47.161+0000][gc,start    ] GC(341) Pause Young (Normal) (G1 Evacuation Pause)
[2026-01-16T08:42:47.190+0000][gc,task     ] GC(341) Using 8 workers of 8 for evacuation
[2026-01-16T08:42:49.984+0000][gc,mmu      ] GC(341) MMU target violated: 201.0ms (200.0ms/201.0ms)
[2026-01-16T08:42:49.990+0000][gc,phases   ] GC(341)   Pre Evacuate Collection Set: 41.3ms
[2026-01-16T08:42:49.994+0000][gc,phases   ] GC(341)   Merge Heap Roots: 3.7ms
[2026-01-16T08:42:49.997+0000][gc,phases   ] GC(341)   Evacuate Collection Set: 2581.8ms
[2026-01-16T08:42:49.998+0000][gc,phases   ] GC(341)   Post Evacuate Collection Set: 154.5ms
[2026-01-16T08:42:49.998+0000][gc,phases   ] GC(341)   Other: 26.8ms
[2026-01-16T08:42:49.998+0000][gc,heap     ] GC(341) Eden regions: 46->0(47)
[2026-01-16T08:42:49.999+0000][gc,heap     ] GC(341) Survivor regions: 5->4(7)
[2026-01-16T08:42:49.999+0000][gc,heap     ] GC(341) Old regions: 114->115
[2026-01-16T08:42:50.001+0000][gc,heap     ] GC(341) Humongous regions: 65->65
[2026-01-16T08:42:50.002+0000][gc,metaspace] GC(341) Metaspace: 12190K(12608K)->12190K(12608K) NonClass: 11096K(11264K)->11096K(11264K) Class: 1093K(1344K)->1093K(1344K)
[2026-01-16T08:42:50.009+0000][gc          ] GC(341) Pause Young (Normal) (G1 Evacuation Pause) 229M->183M(1024M) 2848.157ms
[2026-01-16T08:42:50.013+0000][gc,cpu      ] GC(341) User=1.30s Sys=0.21s Real=2.85s
[2026-01-16T08:42:55.441+0000][gc,start    ] GC(342) Pause Young (Normal) (GCLocker Initiated GC)
[2026-01-16T08:42:55.464+0000][gc,task     ] GC(342) Using 8 workers of 8 for evacuation
[2026-01-16T08:42:57.107+0000][gc,mmu      ] GC(342) MMU target violated: 201.0ms (200.0ms/201.0ms)
[2026-01-16T08:42:57.114+0000][gc,phases   ] GC(342)   Pre Evacuate Collection Set: 81.7ms
[2026-01-16T08:42:57.119+0000][gc,phases   ] GC(342)   Merge Heap Roots: 2.8ms
[2026-01-16T08:42:57.124+0000][gc,phases   ] GC(342)   Evacuate Collection Set: 1517.3ms
[2026-01-16T08:42:57.126+0000][gc,phases   ] GC(342)   Post Evacuate Collection Set: 35.1ms
[2026-01-16T08:42:57.128+0000][gc,phases   ] GC(342)   Other: 33.4ms
[2026-01-16T08:42:57.130+0000][gc,heap     ] GC(342) Eden regions: 53->0(47)
[2026-01-16T08:42:57.130+0000][gc,heap     ] GC(342) Survivor regions: 4->4(7)
[2026-01-16T08:42:57.130+0000][gc,heap     ] GC(342) Old regions: 115->116
[2026-01-16T08:42:57.138+0000][gc,heap     ] GC(342) Humongous regions: 65->65
[2026-01-16T08:42:57.143+0000][gc,metaspace] GC(342) Metaspace: 12190K(12608K)->12190K(12608K) NonClass: 11096K(11264K)->11096K(11264K) Class: 1093K(1344K)->1093K(1344K)
[2026-01-16T08:42:57.144+0000][gc          ] GC(342) Pause Young (Normal) (GCLocker Initiated GC) 235M->183M(1024M) 1702.867ms
[2026-01-16T08:42:57.145+0000][gc,cpu      ] GC(342) User=0.76s Sys=0.11s Real=1.70s
[2026-01-16T08:43:02.777+0000][gc,start    ] GC(343) Pause Young (Normal) (G1 Evacuation Pause)
[2026-01-16T08:43:02.793+0000][gc,task     ] GC(343) Using 8 workers of 8 for evacuation
[2026-01-16T08:43:04.629+0000][gc,mmu      ] GC(343) MMU target violated: 201.0ms (200.0ms/201.0ms)
[2026-01-16T08:43:04.631+0000][gc,phases   ] GC(343)   Pre Evacuate Collection Set: 230.7ms
[2026-01-16T08:43:04.634+0000][gc,phases   ] GC(343)   Merge Heap Roots: 2.1ms
[2026-01-16T08:43:04.634+0000][gc,phases   ] GC(343)   Evacuate Collection Set: 1314.4ms
[2026-01-16T08:43:04.636+0000][gc,phases   ] GC(343)   Post Evacuate Collection Set: 106.2ms
[2026-01-16T08:43:04.646+0000][gc,phases   ] GC(343)   Other: 185.2ms
[2026-01-16T08:43:04.649+0000][gc,heap     ] GC(343) Eden regions: 47->0(46)
[2026-01-16T08:43:04.649+0000][gc,heap     ] GC(343) Survivor regions: 4->5(7)
[2026-01-16T08:43:04.649+0000][gc,heap     ] GC(343) Old regions: 116->116
[2026-01-16T08:43:04.649+0000][gc,heap     ] GC(343) Humongous regions: 65->65
[2026-01-16T08:43:04.650+0000][gc,metaspace] GC(343) Metaspace: 12190K(12608K)->12190K(12608K) NonClass: 11096K(11264K)->11096K(11264K) Class: 1093K(1344K)->1093K(1344K)
[2026-01-16T08:43:04.650+0000][gc          ] GC(343) Pause Young (Normal) (G1 Evacuation Pause) 230M->184M(1024M) 1872.928ms
[2026-01-16T08:43:04.652+0000][gc,cpu      ] GC(343) User=0.61s Sys=0.10s Real=1.87s
[2026-01-16T08:43:08.625+0000][gc,start    ] GC(344) Pause Young (Normal) (G1 Evacuation Pause)
[2026-01-16T08:43:08.635+0000][gc,task     ] GC(344) Using 8 workers of 8 for evacuation
[2026-01-16T08:43:09.484+0000][gc,mmu      ] GC(344) MMU target violated: 201.0ms (200.0ms/201.0ms)
[2026-01-16T08:43:09.485+0000][gc,phases   ] GC(344)   Pre Evacuate Collection Set: 93.3ms
[2026-01-16T08:43:09.485+0000][gc,phases   ] GC(344)   Merge Heap Roots: 6.5ms
[2026-01-16T08:43:09.486+0000][gc,phases   ] GC(344)   Evacuate Collection Set: 727.8ms
[2026-01-16T08:43:09.488+0000][gc,phases   ] GC(344)   Post Evacuate Collection Set: 19.5ms
[2026-01-16T08:43:09.488+0000][gc,phases   ] GC(344)   Other: 10.4ms
[2026-01-16T08:43:09.489+0000][gc,heap     ] GC(344) Eden regions: 46->0(46)
[2026-01-16T08:43:09.493+0000][gc,heap     ] GC(344) Survivor regions: 5->5(7)
[2026-01-16T08:43:09.495+0000][gc,heap     ] GC(344) Old regions: 116->117
[2026-01-16T08:43:09.496+0000][gc,heap     ] GC(344) Humongous regions: 65->65
[2026-01-16T08:43:09.497+0000][gc,metaspace] GC(344) Metaspace: 12190K(12608K)->12190K(12608K) NonClass: 11097K(11264K)->11097K(11264K) Class: 1093K(1344K)->1093K(1344K)
[2026-01-16T08:43:09.497+0000][gc          ] GC(344) Pause Young (Normal) (G1 Evacuation Pause) 230M->185M(1024M) 872.073ms
[2026-01-16T08:43:09.498+0000][gc,cpu      ] GC(344) User=0.39s Sys=0.05s Real=0.88s
[2026-01-16T08:43:13.407+0000][gc,start    ] GC(345) Pause Young (Normal) (G1 Evacuation Pause)
[2026-01-16T08:43:13.427+0000][gc,task     ] GC(345) Using 8 workers of 8 for evacuation
[2026-01-16T08:43:15.366+0000][gc,mmu      ] GC(345) MMU target violated: 201.0ms (200.0ms/201.0ms)
[2026-01-16T08:43:15.374+0000][gc,phases   ] GC(345)   Pre Evacuate Collection Set: 302.1ms
[2026-01-16T08:43:15.376+0000][gc,phases   ] GC(345)   Merge Heap Roots: 5.0ms
[2026-01-16T08:43:15.377+0000][gc,phases   ] GC(345)   Evacuate Collection Set: 1492.6ms
[2026-01-16T08:43:15.378+0000][gc,phases   ] GC(345)   Post Evacuate Collection Set: 17.8ms
[2026-01-16T08:43:15.380+0000][gc,phases   ] GC(345)   Other: 143.8ms
[2026-01-16T08:43:15.380+0000][gc,heap     ] GC(345) Eden regions: 46->0(46)
[2026-01-16T08:43:15.381+0000][gc,heap     ] GC(345) Survivor regions: 5->5(7)
[2026-01-16T08:43:15.381+0000][gc,heap     ] GC(345) Old regions: 117->117
[2026-01-16T08:43:15.381+0000][gc,heap     ] GC(345) Humongous regions: 65->65
[2026-01-16T08:43:15.381+0000][gc,metaspace] GC(345) Metaspace: 12197K(12672K)->12197K(12672K) NonClass: 11103K(11328K)->11103K(11328K) Class: 1093K(1344K)->1093K(1344K)
[2026-01-16T08:43:15.382+0000][gc          ] GC(345) Pause Young (Normal) (G1 Evacuation Pause) 231M->185M(1024M) 1974.861ms
[2026-01-16T08:43:15.382+0000][gc,cpu      ] GC(345) User=0.77s Sys=0.08s Real=1.98s
[2026-01-16T08:43:19.925+0000][gc,start    ] GC(346) Pause Young (Normal) (G1 Evacuation Pause)
[2026-01-16T08:43:19.927+0000][gc,task     ] GC(346) Using 8 workers of 8 for evacuation
[2026-01-16T08:43:20.805+0000][gc,mmu      ] GC(346) MMU target violated: 201.0ms (200.0ms/201.0ms)
[2026-01-16T08:43:20.807+0000][gc,phases   ] GC(346)   Pre Evacuate Collection Set: 99.8ms
[2026-01-16T08:43:20.810+0000][gc,phases   ] GC(346)   Merge Heap Roots: 12.0ms
[2026-01-16T08:43:20.815+0000][gc,phases   ] GC(346)   Evacuate Collection Set: 690.0ms
[2026-01-16T08:43:20.818+0000][gc,phases   ] GC(346)   Post Evacuate Collection Set: 74.2ms
[2026-01-16T08:43:20.820+0000][gc,phases   ] GC(346)   Other: 4.3ms
[2026-01-16T08:43:20.821+0000][gc,heap     ] GC(346) Eden regions: 46->0(46)
[2026-01-16T08:43:20.824+0000][gc,heap     ] GC(346) Survivor regions: 5->5(7)
[2026-01-16T08:43:20.825+0000][gc,heap     ] GC(346) Old regions: 117->118
[2026-01-16T08:43:20.826+0000][gc,heap     ] GC(346) Humongous regions: 65->65
[2026-01-16T08:43:20.827+0000][gc,metaspace] GC(346) Metaspace: 12197K(12672K)->12197K(12672K) NonClass: 11103K(11328K)->11103K(11328K) Class: 1093K(1344K)->1093K(1344K)
[2026-01-16T08:43:20.836+0000][gc          ] GC(346) Pause Young (Normal) (G1 Evacuation Pause) 231M->186M(1024M) 910.715ms
[2026-01-16T08:43:20.856+0000][gc,cpu      ] GC(346) User=0.48s Sys=0.05s Real=0.93s
[2026-01-16T08:43:24.805+0000][gc,start    ] GC(347) Pause Young (Normal) (G1 Evacuation Pause)
[2026-01-16T08:43:24.807+0000][gc,task     ] GC(347) Using 8 workers of 8 for evacuation
[2026-01-16T08:43:26.270+0000][gc,mmu      ] GC(347) MMU target violated: 201.0ms (200.0ms/201.0ms)
[2026-01-16T08:43:26.272+0000][gc,phases   ] GC(347)   Pre Evacuate Collection Set: 35.9ms
[2026-01-16T08:43:26.273+0000][gc,phases   ] GC(347)   Merge Heap Roots: 3.8ms
[2026-01-16T08:43:26.274+0000][gc,phases   ] GC(347)   Evacuate Collection Set: 1374.2ms
[2026-01-16T08:43:26.276+0000][gc,phases   ] GC(347)   Post Evacuate Collection Set: 47.1ms
[2026-01-16T08:43:26.278+0000][gc,phases   ] GC(347)   Other: 3.0ms
[2026-01-16T08:43:26.280+0000][gc,heap     ] GC(347) Eden regions: 46->0(47)
[2026-01-16T08:43:26.285+0000][gc,heap     ] GC(347) Survivor regions: 5->4(7)
[2026-01-16T08:43:26.288+0000][gc,heap     ] GC(347) Old regions: 118->119
[2026-01-16T08:43:26.298+0000][gc,heap     ] GC(347) Humongous regions: 65->65
[2026-01-16T08:43:26.299+0000][gc,metaspace] GC(347) Metaspace: 12197K(12672K)->12197K(12672K) NonClass: 11103K(11328K)->11103K(11328K) Class: 1093K(1344K)->1093K(1344K)
[2026-01-16T08:43:26.299+0000][gc          ] GC(347) Pause Young (Normal) (G1 Evacuation Pause) 232M->187M(1024M) 1494.110ms
[2026-01-16T08:43:26.299+0000][gc,cpu      ] GC(347) User=0.45s Sys=0.05s Real=1.51s
[2026-01-16T08:43:30.073+0000][gc,start    ] GC(348) Pause Young (Normal) (G1 Evacuation Pause)
[2026-01-16T08:43:30.125+0000][gc,task     ] GC(348) Using 8 workers of 8 for evacuation
[2026-01-16T08:43:31.350+0000][gc,mmu      ] GC(348) MMU target violated: 201.0ms (200.0ms/201.0ms)
[2026-01-16T08:43:31.356+0000][gc,phases   ] GC(348)   Pre Evacuate Collection Set: 77.9ms
[2026-01-16T08:43:31.357+0000][gc,phases   ] GC(348)   Merge Heap Roots: 9.8ms
[2026-01-16T08:43:31.357+0000][gc,phases   ] GC(348)   Evacuate Collection Set: 1082.4ms
[2026-01-16T08:43:31.358+0000][gc,phases   ] GC(348)   Post Evacuate Collection Set: 29.2ms
[2026-01-16T08:43:31.358+0000][gc,phases   ] GC(348)   Other: 61.8ms
[2026-01-16T08:43:31.360+0000][gc,heap     ] GC(348) Eden regions: 47->0(47)
[2026-01-16T08:43:31.364+0000][gc,heap     ] GC(348) Survivor regions: 4->4(7)
[2026-01-16T08:43:31.366+0000][gc,heap     ] GC(348) Old regions: 119->119
[2026-01-16T08:43:31.369+0000][gc,heap     ] GC(348) Humongous regions: 65->65
[2026-01-16T08:43:31.375+0000][gc,metaspace] GC(348) Metaspace: 12200K(12672K)->12200K(12672K) NonClass: 11106K(11328K)->11106K(11328K) Class: 1093K(1344K)->1093K(1344K)
[2026-01-16T08:43:31.377+0000][gc          ] GC(348) Pause Young (Normal) (G1 Evacuation Pause) 234M->187M(1024M) 1303.675ms
[2026-01-16T08:43:31.380+0000][gc,cpu      ] GC(348) User=0.75s Sys=0.14s Real=1.32s
[2026-01-16T08:43:40.319+0000][gc,start    ] GC(349) Pause Young (Normal) (G1 Evacuation Pause)
[2026-01-16T08:43:40.471+0000][gc,task     ] GC(349) Using 8 workers of 8 for evacuation
[2026-01-16T08:43:45.259+0000][gc,mmu      ] GC(349) MMU target violated: 201.0ms (200.0ms/201.0ms)
[2026-01-16T08:43:45.261+0000][gc,phases   ] GC(349)   Pre Evacuate Collection Set: 902.1ms
[2026-01-16T08:43:45.264+0000][gc,phases   ] GC(349)   Merge Heap Roots: 61.1ms
[2026-01-16T08:43:45.266+0000][gc,phases   ] GC(349)   Evacuate Collection Set: 3586.1ms
[2026-01-16T08:43:45.269+0000][gc,phases   ] GC(349)   Post Evacuate Collection Set: 183.1ms
[2026-01-16T08:43:45.270+0000][gc,phases   ] GC(349)   Other: 138.2ms
[2026-01-16T08:43:45.271+0000][gc,heap     ] GC(349) Eden regions: 47->0(47)
[2026-01-16T08:43:45.271+0000][gc,heap     ] GC(349) Survivor regions: 4->4(7)
[2026-01-16T08:43:45.271+0000][gc,heap     ] GC(349) Old regions: 119->120
[2026-01-16T08:43:45.272+0000][gc,heap     ] GC(349) Humongous regions: 65->65
[2026-01-16T08:43:45.272+0000][gc,metaspace] GC(349) Metaspace: 12200K(12672K)->12200K(12672K) NonClass: 11107K(11328K)->11107K(11328K) Class: 1093K(1344K)->1093K(1344K)
[2026-01-16T08:43:45.278+0000][gc          ] GC(349) Pause Young (Normal) (G1 Evacuation Pause) 234M->188M(1024M) 4963.326ms
[2026-01-16T08:43:45.281+0000][gc,cpu      ] GC(349) User=1.71s Sys=0.23s Real=5.05s
[2026-01-16T08:43:54.831+0000][gc,start    ] GC(350) Pause Young (Normal) (G1 Evacuation Pause)
[2026-01-16T08:43:54.864+0000][gc,task     ] GC(350) Using 8 workers of 8 for evacuation
[2026-01-16T08:43:56.042+0000][gc,mmu      ] GC(350) MMU target violated: 201.0ms (200.0ms/201.0ms)
[2026-01-16T08:43:56.043+0000][gc,phases   ] GC(350)   Pre Evacuate Collection Set: 215.4ms
[2026-01-16T08:43:56.043+0000][gc,phases   ] GC(350)   Merge Heap Roots: 12.8ms
[2026-01-16T08:43:56.043+0000][gc,phases   ] GC(350)   Evacuate Collection Set: 886.0ms
[2026-01-16T08:43:56.048+0000][gc,phases   ] GC(350)   Post Evacuate Collection Set: 43.8ms
[2026-01-16T08:43:56.049+0000][gc,phases   ] GC(350)   Other: 27.0ms
[2026-01-16T08:43:56.052+0000][gc,heap     ] GC(350) Eden regions: 47->0(46)
[2026-01-16T08:43:56.055+0000][gc,heap     ] GC(350) Survivor regions: 4->5(7)
[2026-01-16T08:43:56.058+0000][gc,heap     ] GC(350) Old regions: 120->121
[2026-01-16T08:43:56.059+0000][gc,heap     ] GC(350) Humongous regions: 65->65
[2026-01-16T08:43:56.061+0000][gc,metaspace] GC(350) Metaspace: 12200K(12672K)->12200K(12672K) NonClass: 11107K(11328K)->11107K(11328K) Class: 1093K(1344K)->1093K(1344K)
[2026-01-16T08:43:56.065+0000][gc          ] GC(350) Pause Young (Normal) (G1 Evacuation Pause) 235M->189M(1024M) 1234.456ms
[2026-01-16T08:43:56.070+0000][gc,cpu      ] GC(350) User=1.06s Sys=0.11s Real=1.25s
[2026-01-16T08:43:59.527+0000][gc,start    ] GC(351) Pause Young (Normal) (G1 Evacuation Pause)
[2026-01-16T08:43:59.534+0000][gc,task     ] GC(351) Using 8 workers of 8 for evacuation
[2026-01-16T08:44:01.658+0000][gc,mmu      ] GC(351) MMU target violated: 201.0ms (200.0ms/201.0ms)
[2026-01-16T08:44:01.660+0000][gc,phases   ] GC(351)   Pre Evacuate Collection Set: 90.0ms
[2026-01-16T08:44:01.662+0000][gc,phases   ] GC(351)   Merge Heap Roots: 5.1ms
[2026-01-16T08:44:01.663+0000][gc,phases   ] GC(351)   Evacuate Collection Set: 1773.3ms
[2026-01-16T08:44:01.666+0000][gc,phases   ] GC(351)   Post Evacuate Collection Set: 247.6ms
[2026-01-16T08:44:01.668+0000][gc,phases   ] GC(351)   Other: 11.7ms
[2026-01-16T08:44:01.670+0000][gc,heap     ] GC(351) Eden regions: 46->0(46)
[2026-01-16T08:44:01.670+0000][gc,heap     ] GC(351) Survivor regions: 5->5(7)
[2026-01-16T08:44:01.672+0000][gc,heap     ] GC(351) Old regions: 121->121
[2026-01-16T08:44:01.675+0000][gc,heap     ] GC(351) Humongous regions: 65->65
[2026-01-16T08:44:01.678+0000][gc,metaspace] GC(351) Metaspace: 12200K(12672K)->12200K(12672K) NonClass: 11107K(11328K)->11107K(11328K) Class: 1093K(1344K)->1093K(1344K)
[2026-01-16T08:44:01.686+0000][gc          ] GC(351) Pause Young (Normal) (G1 Evacuation Pause) 235M->190M(1024M) 2159.907ms
[2026-01-16T08:44:01.693+0000][gc,cpu      ] GC(351) User=0.98s Sys=0.14s Real=2.17s
[2026-01-16T08:44:06.966+0000][gc,start    ] GC(352) Pause Young (Normal) (G1 Evacuation Pause)
[2026-01-16T08:44:06.974+0000][gc,task     ] GC(352) Using 8 workers of 8 for evacuation
[2026-01-16T08:44:07.388+0000][gc,mmu      ] GC(352) MMU target violated: 201.0ms (200.0ms/201.0ms)
[2026-01-16T08:44:07.389+0000][gc,phases   ] GC(352)   Pre Evacuate Collection Set: 51.1ms
[2026-01-16T08:44:07.390+0000][gc,phases   ] GC(352)   Merge Heap Roots: 2.8ms
[2026-01-16T08:44:07.394+0000][gc,phases   ] GC(352)   Evacuate Collection Set: 346.7ms
[2026-01-16T08:44:07.396+0000][gc,phases   ] GC(352)   Post Evacuate Collection Set: 7.9ms
[2026-01-16T08:44:07.397+0000][gc,phases   ] GC(352)   Other: 8.1ms
[2026-01-16T08:44:07.404+0000][gc,heap     ] GC(352) Eden regions: 46->0(46)
[2026-01-16T08:44:07.404+0000][gc,heap     ] GC(352) Survivor regions: 5->5(7)
[2026-01-16T08:44:07.409+0000][gc,heap     ] GC(352) Old regions: 121->122
[2026-01-16T08:44:07.409+0000][gc,heap     ] GC(352) Humongous regions: 65->65
[2026-01-16T08:44:07.411+0000][gc,metaspace] GC(352) Metaspace: 12200K(12672K)->12200K(12672K) NonClass: 11107K(11328K)->11107K(11328K) Class: 1093K(1344K)->1093K(1344K)
[2026-01-16T08:44:07.411+0000][gc          ] GC(352) Pause Young (Normal) (G1 Evacuation Pause) 236M->190M(1024M) 445.575ms
[2026-01-16T08:44:07.412+0000][gc,cpu      ] GC(352) User=0.32s Sys=0.02s Real=0.45s
[2026-01-16T08:44:09.481+0000][gc,start    ] GC(353) Pause Young (Normal) (G1 Evacuation Pause)
[2026-01-16T08:44:09.483+0000][gc,task     ] GC(353) Using 8 workers of 8 for evacuation
[2026-01-16T08:44:10.852+0000][gc,mmu      ] GC(353) MMU target violated: 201.0ms (200.0ms/201.0ms)
[2026-01-16T08:44:10.854+0000][gc,phases   ] GC(353)   Pre Evacuate Collection Set: 98.8ms
[2026-01-16T08:44:10.858+0000][gc,phases   ] GC(353)   Merge Heap Roots: 20.2ms
[2026-01-16T08:44:10.861+0000][gc,phases   ] GC(353)   Evacuate Collection Set: 1192.8ms
[2026-01-16T08:44:10.864+0000][gc,phases   ] GC(353)   Post Evacuate Collection Set: 55.1ms
[2026-01-16T08:44:10.866+0000][gc,phases   ] GC(353)   Other: 5.0ms
[2026-01-16T08:44:10.866+0000][gc,heap     ] GC(353) Eden regions: 46->0(47)
[2026-01-16T08:44:10.866+0000][gc,heap     ] GC(353) Survivor regions: 5->4(7)
[2026-01-16T08:44:10.867+0000][gc,heap     ] GC(353) Old regions: 122->123
[2026-01-16T08:44:10.867+0000][gc,heap     ] GC(353) Humongous regions: 65->65
[2026-01-16T08:44:10.867+0000][gc,metaspace] GC(353) Metaspace: 12200K(12672K)->12200K(12672K) NonClass: 11107K(11328K)->11107K(11328K) Class: 1093K(1344K)->1093K(1344K)
[2026-01-16T08:44:10.870+0000][gc          ] GC(353) Pause Young (Normal) (G1 Evacuation Pause) 236M->191M(1024M) 1386.923ms
[2026-01-16T08:44:10.873+0000][gc,cpu      ] GC(353) User=0.62s Sys=0.07s Real=1.39s
[2026-01-16T08:44:18.282+0000][gc,start    ] GC(354) Pause Young (Normal) (G1 Evacuation Pause)
[2026-01-16T08:44:18.308+0000][gc,task     ] GC(354) Using 8 workers of 8 for evacuation
[2026-01-16T08:44:19.121+0000][gc,mmu      ] GC(354) MMU target violated: 201.0ms (200.0ms/201.0ms)
[2026-01-16T08:44:19.124+0000][gc,phases   ] GC(354)   Pre Evacuate Collection Set: 42.2ms
[2026-01-16T08:44:19.124+0000][gc,phases   ] GC(354)   Merge Heap Roots: 3.9ms
[2026-01-16T08:44:19.124+0000][gc,phases   ] GC(354)   Evacuate Collection Set: 688.2ms
[2026-01-16T08:44:19.128+0000][gc,phases   ] GC(354)   Post Evacuate Collection Set: 74.1ms
[2026-01-16T08:44:19.130+0000][gc,phases   ] GC(354)   Other: 7.0ms
[2026-01-16T08:44:19.132+0000][gc,heap     ] GC(354) Eden regions: 47->0(47)
[2026-01-16T08:44:19.133+0000][gc,heap     ] GC(354) Survivor regions: 4->4(7)
[2026-01-16T08:44:19.135+0000][gc,heap     ] GC(354) Old regions: 123->123
[2026-01-16T08:44:19.136+0000][gc,heap     ] GC(354) Humongous regions: 65->65
[2026-01-16T08:44:19.137+0000][gc,metaspace] GC(354) Metaspace: 12200K(12672K)->12200K(12672K) NonClass: 11107K(11328K)->11107K(11328K) Class: 1093K(1344K)->1093K(1344K)
[2026-01-16T08:44:19.138+0000][gc          ] GC(354) Pause Young (Normal) (G1 Evacuation Pause) 238M->191M(1024M) 856.287ms
[2026-01-16T08:44:19.141+0000][gc,cpu      ] GC(354) User=0.49s Sys=0.08s Real=0.86s
[2026-01-16T08:44:25.094+0000][gc,start    ] GC(355) Pause Young (Normal) (G1 Evacuation Pause)
[2026-01-16T08:44:25.101+0000][gc,task     ] GC(355) Using 8 workers of 8 for evacuation
[2026-01-16T08:44:25.796+0000][gc,mmu      ] GC(355) MMU target violated: 201.0ms (200.0ms/201.0ms)
[2026-01-16T08:44:25.798+0000][gc,phases   ] GC(355)   Pre Evacuate Collection Set: 50.9ms
[2026-01-16T08:44:25.799+0000][gc,phases   ] GC(355)   Merge Heap Roots: 15.3ms
[2026-01-16T08:44:25.805+0000][gc,phases   ] GC(355)   Evacuate Collection Set: 568.7ms
[2026-01-16T08:44:25.806+0000][gc,phases   ] GC(355)   Post Evacuate Collection Set: 58.7ms
[2026-01-16T08:44:25.807+0000][gc,phases   ] GC(355)   Other: 3.0ms
[2026-01-16T08:44:25.808+0000][gc,heap     ] GC(355) Eden regions: 47->0(47)
[2026-01-16T08:44:25.810+0000][gc,heap     ] GC(355) Survivor regions: 4->4(7)
[2026-01-16T08:44:25.811+0000][gc,heap     ] GC(355) Old regions: 123->124
[2026-01-16T08:44:25.814+0000][gc,heap     ] GC(355) Humongous regions: 65->65
[2026-01-16T08:44:25.816+0000][gc,metaspace] GC(355) Metaspace: 12202K(12672K)->12202K(12672K) NonClass: 11109K(11328K)->11109K(11328K) Class: 1093K(1344K)->1093K(1344K)
[2026-01-16T08:44:25.825+0000][gc          ] GC(355) Pause Young (Normal) (G1 Evacuation Pause) 238M->192M(1024M) 730.650ms
[2026-01-16T08:44:25.827+0000][gc,cpu      ] GC(355) User=0.42s Sys=0.04s Real=0.74s
[2026-01-16T08:44:31.023+0000][gc,start    ] GC(356) Pause Young (Normal) (G1 Evacuation Pause)
[2026-01-16T08:44:31.179+0000][gc,task     ] GC(356) Using 8 workers of 8 for evacuation
[2026-01-16T08:44:33.731+0000][gc,mmu      ] GC(356) MMU target violated: 201.0ms (200.0ms/201.0ms)
[2026-01-16T08:44:33.733+0000][gc,phases   ] GC(356)   Pre Evacuate Collection Set: 192.6ms
[2026-01-16T08:44:33.734+0000][gc,phases   ] GC(356)   Merge Heap Roots: 19.3ms
[2026-01-16T08:44:33.734+0000][gc,phases   ] GC(356)   Evacuate Collection Set: 2075.4ms
[2026-01-16T08:44:33.734+0000][gc,phases   ] GC(356)   Post Evacuate Collection Set: 237.6ms
[2026-01-16T08:44:33.735+0000][gc,phases   ] GC(356)   Other: 68.9ms
[2026-01-16T08:44:33.735+0000][gc,heap     ] GC(356) Eden regions: 47->0(46)
[2026-01-16T08:44:33.736+0000][gc,heap     ] GC(356) Survivor regions: 4->5(7)
[2026-01-16T08:44:33.736+0000][gc,heap     ] GC(356) Old regions: 124->124
[2026-01-16T08:44:33.737+0000][gc,heap     ] GC(356) Humongous regions: 65->65
[2026-01-16T08:44:33.737+0000][gc,metaspace] GC(356) Metaspace: 12202K(12672K)->12202K(12672K) NonClass: 11109K(11328K)->11109K(11328K) Class: 1093K(1344K)->1093K(1344K)
[2026-01-16T08:44:33.738+0000][gc          ] GC(356) Pause Young (Normal) (G1 Evacuation Pause) 239M->192M(1024M) 2715.159ms
[2026-01-16T08:44:33.739+0000][gc,cpu      ] GC(356) User=0.98s Sys=0.13s Real=2.73s
[2026-01-16T08:44:36.345+0000][gc,start    ] GC(357) Pause Young (Normal) (G1 Evacuation Pause)
[2026-01-16T08:44:36.367+0000][gc,task     ] GC(357) Using 8 workers of 8 for evacuation
[2026-01-16T08:44:37.360+0000][gc,mmu      ] GC(357) MMU target violated: 201.0ms (200.0ms/201.0ms)
[2026-01-16T08:44:37.366+0000][gc,phases   ] GC(357)   Pre Evacuate Collection Set: 140.0ms
[2026-01-16T08:44:37.366+0000][gc,phases   ] GC(357)   Merge Heap Roots: 12.2ms
[2026-01-16T08:44:37.371+0000][gc,phases   ] GC(357)   Evacuate Collection Set: 756.5ms
[2026-01-16T08:44:37.371+0000][gc,phases   ] GC(357)   Post Evacuate Collection Set: 50.7ms
[2026-01-16T08:44:37.372+0000][gc,phases   ] GC(357)   Other: 40.1ms
[2026-01-16T08:44:37.372+0000][gc,heap     ] GC(357) Eden regions: 46->0(46)
[2026-01-16T08:44:37.372+0000][gc,heap     ] GC(357) Survivor regions: 5->5(7)
[2026-01-16T08:44:37.372+0000][gc,heap     ] GC(357) Old regions: 124->125
[2026-01-16T08:44:37.373+0000][gc,heap     ] GC(357) Humongous regions: 65->65
[2026-01-16T08:44:37.373+0000][gc,metaspace] GC(357) Metaspace: 12202K(12672K)->12202K(12672K) NonClass: 11109K(11328K)->11109K(11328K) Class: 1093K(1344K)->1093K(1344K)
[2026-01-16T08:44:37.375+0000][gc          ] GC(357) Pause Young (Normal) (G1 Evacuation Pause) 238M->193M(1024M) 1029.780ms
[2026-01-16T08:44:37.404+0000][gc,cpu      ] GC(357) User=0.41s Sys=0.02s Real=1.04s
[2026-01-16T08:44:40.384+0000][gc,start    ] GC(358) Pause Young (Normal) (G1 Evacuation Pause)
[2026-01-16T08:44:40.413+0000][gc,task     ] GC(358) Using 8 workers of 8 for evacuation
[2026-01-16T08:44:41.781+0000][gc,mmu      ] GC(358) MMU target violated: 201.0ms (200.0ms/201.0ms)
[2026-01-16T08:44:41.784+0000][gc,phases   ] GC(358)   Pre Evacuate Collection Set: 64.4ms
[2026-01-16T08:44:41.784+0000][gc,phases   ] GC(358)   Merge Heap Roots: 6.7ms
[2026-01-16T08:44:41.786+0000][gc,phases   ] GC(358)   Evacuate Collection Set: 1247.5ms
[2026-01-16T08:44:41.788+0000][gc,phases   ] GC(358)   Post Evacuate Collection Set: 46.6ms
[2026-01-16T08:44:41.792+0000][gc,phases   ] GC(358)   Other: 25.5ms
[2026-01-16T08:44:41.796+0000][gc,heap     ] GC(358) Eden regions: 46->0(46)
[2026-01-16T08:44:41.796+0000][gc,heap     ] GC(358) Survivor regions: 5->5(7)
[2026-01-16T08:44:41.796+0000][gc,heap     ] GC(358) Old regions: 125->125
[2026-01-16T08:44:41.796+0000][gc,heap     ] GC(358) Humongous regions: 65->65
[2026-01-16T08:44:41.797+0000][gc,metaspace] GC(358) Metaspace: 12203K(12672K)->12203K(12672K) NonClass: 11110K(11328K)->11110K(11328K) Class: 1093K(1344K)->1093K(1344K)
[2026-01-16T08:44:41.799+0000][gc          ] GC(358) Pause Young (Normal) (G1 Evacuation Pause) 239M->194M(1024M) 1415.089ms
[2026-01-16T08:44:41.801+0000][gc,cpu      ] GC(358) User=0.60s Sys=0.03s Real=1.45s
[2026-01-16T08:44:47.443+0000][gc,start    ] GC(359) Pause Young (Normal) (G1 Evacuation Pause)
[2026-01-16T08:44:47.498+0000][gc,task     ] GC(359) Using 8 workers of 8 for evacuation
[2026-01-16T08:44:49.100+0000][gc,mmu      ] GC(359) MMU target violated: 201.0ms (200.0ms/201.0ms)
[2026-01-16T08:44:49.102+0000][gc,phases   ] GC(359)   Pre Evacuate Collection Set: 253.2ms
[2026-01-16T08:44:49.103+0000][gc,phases   ] GC(359)   Merge Heap Roots: 53.7ms
[2026-01-16T08:44:49.105+0000][gc,phases   ] GC(359)   Evacuate Collection Set: 1208.3ms
[2026-01-16T08:44:49.107+0000][gc,phases   ] GC(359)   Post Evacuate Collection Set: 82.9ms
[2026-01-16T08:44:49.108+0000][gc,phases   ] GC(359)   Other: 49.7ms
[2026-01-16T08:44:49.108+0000][gc,heap     ] GC(359) Eden regions: 46->0(47)
[2026-01-16T08:44:49.109+0000][gc,heap     ] GC(359) Survivor regions: 5->4(7)
[2026-01-16T08:44:49.111+0000][gc,heap     ] GC(359) Old regions: 125->126
[2026-01-16T08:44:49.113+0000][gc,heap     ] GC(359) Humongous regions: 65->65
[2026-01-16T08:44:49.115+0000][gc,metaspace] GC(359) Metaspace: 12205K(12672K)->12205K(12672K) NonClass: 11111K(11328K)->11111K(11328K) Class: 1093K(1344K)->1093K(1344K)
[2026-01-16T08:44:49.115+0000][gc          ] GC(359) Pause Young (Normal) (G1 Evacuation Pause) 240M->194M(1024M) 1677.841ms
[2026-01-16T08:44:49.118+0000][gc,cpu      ] GC(359) User=0.77s Sys=0.08s Real=1.68s
[2026-01-16T08:44:56.814+0000][gc,start    ] GC(360) Pause Young (Normal) (G1 Evacuation Pause)
[2026-01-16T08:44:56.844+0000][gc,task     ] GC(360) Using 8 workers of 8 for evacuation
[2026-01-16T08:44:59.092+0000][gc,mmu      ] GC(360) MMU target violated: 201.0ms (200.0ms/201.0ms)
[2026-01-16T08:44:59.095+0000][gc,phases   ] GC(360)   Pre Evacuate Collection Set: 210.8ms
[2026-01-16T08:44:59.101+0000][gc,phases   ] GC(360)   Merge Heap Roots: 19.7ms
[2026-01-16T08:44:59.104+0000][gc,phases   ] GC(360)   Evacuate Collection Set: 1726.9ms
[2026-01-16T08:44:59.105+0000][gc,phases   ] GC(360)   Post Evacuate Collection Set: 263.2ms
[2026-01-16T08:44:59.109+0000][gc,phases   ] GC(360)   Other: 51.3ms
[2026-01-16T08:44:59.113+0000][gc,heap     ] GC(360) Eden regions: 47->0(47)
[2026-01-16T08:44:59.114+0000][gc,heap     ] GC(360) Survivor regions: 4->4(7)
[2026-01-16T08:44:59.117+0000][gc,heap     ] GC(360) Old regions: 126->127
[2026-01-16T08:44:59.119+0000][gc,heap     ] GC(360) Humongous regions: 65->65
[2026-01-16T08:44:59.119+0000][gc,metaspace] GC(360) Metaspace: 12205K(12672K)->12205K(12672K) NonClass: 11111K(11328K)->11111K(11328K) Class: 1093K(1344K)->1093K(1344K)
[2026-01-16T08:44:59.130+0000][gc          ] GC(360) Pause Young (Normal) (G1 Evacuation Pause) 241M->195M(1024M) 2324.492ms
[2026-01-16T08:44:59.146+0000][gc,cpu      ] GC(360) User=0.89s Sys=0.11s Real=2.33s
[2026-01-16T08:45:05.467+0000][gc,start    ] GC(361) Pause Young (Normal) (G1 Evacuation Pause)
[2026-01-16T08:45:05.510+0000][gc,task     ] GC(361) Using 8 workers of 8 for evacuation
[2026-01-16T08:45:07.469+0000][gc,mmu      ] GC(361) MMU target violated: 201.0ms (200.0ms/201.0ms)
[2026-01-16T08:45:07.472+0000][gc,phases   ] GC(361)   Pre Evacuate Collection Set: 332.8ms
[2026-01-16T08:45:07.473+0000][gc,phases   ] GC(361)   Merge Heap Roots: 20.5ms
[2026-01-16T08:45:07.475+0000][gc,phases   ] GC(361)   Evacuate Collection Set: 1454.4ms
[2026-01-16T08:45:07.477+0000][gc,phases   ] GC(361)   Post Evacuate Collection Set: 146.2ms
[2026-01-16T08:45:07.481+0000][gc,phases   ] GC(361)   Other: 8.6ms
[2026-01-16T08:45:07.486+0000][gc,heap     ] GC(361) Eden regions: 47->0(47)
[2026-01-16T08:45:07.486+0000][gc,heap     ] GC(361) Survivor regions: 4->4(7)
[2026-01-16T08:45:07.487+0000][gc,heap     ] GC(361) Old regions: 127->128
[2026-01-16T08:45:07.488+0000][gc,heap     ] GC(361) Humongous regions: 65->65
[2026-01-16T08:45:07.489+0000][gc,metaspace] GC(361) Metaspace: 12205K(12672K)->12205K(12672K) NonClass: 11111K(11328K)->11111K(11328K) Class: 1093K(1344K)->1093K(1344K)
[2026-01-16T08:45:07.508+0000][gc          ] GC(361) Pause Young (Normal) (G1 Evacuation Pause) 242M->196M(1024M) 2040.379ms
[2026-01-16T08:45:07.513+0000][gc,cpu      ] GC(361) User=0.81s Sys=0.11s Real=2.04s
[2026-01-16T08:45:11.262+0000][gc,start    ] GC(362) Pause Young (Normal) (G1 Evacuation Pause)
[2026-01-16T08:45:11.270+0000][gc,task     ] GC(362) Using 8 workers of 8 for evacuation
[2026-01-16T08:45:11.999+0000][gc,mmu      ] GC(362) MMU target violated: 201.0ms (200.0ms/201.0ms)
[2026-01-16T08:45:12.004+0000][gc,phases   ] GC(362)   Pre Evacuate Collection Set: 26.3ms
[2026-01-16T08:45:12.006+0000][gc,phases   ] GC(362)   Merge Heap Roots: 3.0ms
[2026-01-16T08:45:12.006+0000][gc,phases   ] GC(362)   Evacuate Collection Set: 646.6ms
[2026-01-16T08:45:12.008+0000][gc,phases   ] GC(362)   Post Evacuate Collection Set: 46.4ms
[2026-01-16T08:45:12.009+0000][gc,phases   ] GC(362)   Other: 11.6ms
[2026-01-16T08:45:12.009+0000][gc,heap     ] GC(362) Eden regions: 47->0(46)
[2026-01-16T08:45:12.011+0000][gc,heap     ] GC(362) Survivor regions: 4->5(7)
[2026-01-16T08:45:12.011+0000][gc,heap     ] GC(362) Old regions: 128->128
[2026-01-16T08:45:12.011+0000][gc,heap     ] GC(362) Humongous regions: 65->65
[2026-01-16T08:45:12.011+0000][gc,metaspace] GC(362) Metaspace: 12208K(12672K)->12208K(12672K) NonClass: 11115K(11328K)->11115K(11328K) Class: 1093K(1344K)->1093K(1344K)
[2026-01-16T08:45:12.011+0000][gc          ] GC(362) Pause Young (Normal) (G1 Evacuation Pause) 243M->196M(1024M) 748.962ms
[2026-01-16T08:45:12.013+0000][gc,cpu      ] GC(362) User=0.31s Sys=0.03s Real=0.75s
[2026-01-16T08:45:15.101+0000][gc,start    ] GC(363) Pause Young (Normal) (G1 Evacuation Pause)
[2026-01-16T08:45:15.129+0000][gc,task     ] GC(363) Using 8 workers of 8 for evacuation
[2026-01-16T08:45:16.136+0000][gc,mmu      ] GC(363) MMU target violated: 201.0ms (200.0ms/201.0ms)
[2026-01-16T08:45:16.154+0000][gc,phases   ] GC(363)   Pre Evacuate Collection Set: 105.0ms
[2026-01-16T08:45:16.157+0000][gc,phases   ] GC(363)   Merge Heap Roots: 5.9ms
[2026-01-16T08:45:16.157+0000][gc,phases   ] GC(363)   Evacuate Collection Set: 818.2ms
[2026-01-16T08:45:16.157+0000][gc,phases   ] GC(363)   Post Evacuate Collection Set: 74.6ms
[2026-01-16T08:45:16.160+0000][gc,phases   ] GC(363)   Other: 33.4ms
[2026-01-16T08:45:16.162+0000][gc,heap     ] GC(363) Eden regions: 46->0(47)
[2026-01-16T08:45:16.162+0000][gc,heap     ] GC(363) Survivor regions: 5->4(7)
[2026-01-16T08:45:16.162+0000][gc,heap     ] GC(363) Old regions: 128->129
[2026-01-16T08:45:16.163+0000][gc,heap     ] GC(363) Humongous regions: 65->65
[2026-01-16T08:45:16.164+0000][gc,metaspace] GC(363) Metaspace: 12219K(12672K)->12219K(12672K) NonClass: 11125K(11328K)->11125K(11328K) Class: 1093K(1344K)->1093K(1344K)
[2026-01-16T08:45:16.164+0000][gc          ] GC(363) Pause Young (Normal) (G1 Evacuation Pause) 242M->197M(1024M) 1062.755ms
[2026-01-16T08:45:16.195+0000][gc,cpu      ] GC(363) User=0.43s Sys=0.05s Real=1.09s
[2026-01-16T08:45:21.483+0000][gc,start    ] GC(364) Pause Young (Normal) (GCLocker Initiated GC)
[2026-01-16T08:45:21.489+0000][gc,task     ] GC(364) Using 8 workers of 8 for evacuation
[2026-01-16T08:45:21.981+0000][gc,mmu      ] GC(364) MMU target violated: 201.0ms (200.0ms/201.0ms)
[2026-01-16T08:45:21.984+0000][gc,phases   ] GC(364)   Pre Evacuate Collection Set: 39.4ms
[2026-01-16T08:45:21.989+0000][gc,phases   ] GC(364)   Merge Heap Roots: 1.3ms
[2026-01-16T08:45:21.995+0000][gc,phases   ] GC(364)   Evacuate Collection Set: 433.9ms
[2026-01-16T08:45:21.997+0000][gc,phases   ] GC(364)   Post Evacuate Collection Set: 15.8ms
[2026-01-16T08:45:21.997+0000][gc,phases   ] GC(364)   Other: 7.0ms
[2026-01-16T08:45:22.002+0000][gc,heap     ] GC(364) Eden regions: 48->0(47)
[2026-01-16T08:45:22.003+0000][gc,heap     ] GC(364) Survivor regions: 4->4(7)
[2026-01-16T08:45:22.004+0000][gc,heap     ] GC(364) Old regions: 129->130
[2026-01-16T08:45:22.006+0000][gc,heap     ] GC(364) Humongous regions: 65->65
[2026-01-16T08:45:22.007+0000][gc,metaspace] GC(364) Metaspace: 12219K(12672K)->12219K(12672K) NonClass: 11126K(11328K)->11126K(11328K) Class: 1093K(1344K)->1093K(1344K)
[2026-01-16T08:45:22.008+0000][gc          ] GC(364) Pause Young (Normal) (GCLocker Initiated GC) 244M->198M(1024M) 524.325ms
[2026-01-16T08:45:22.008+0000][gc,cpu      ] GC(364) User=0.40s Sys=0.04s Real=0.53s
[2026-01-16T08:45:26.080+0000][gc,start    ] GC(365) Pause Young (Normal) (G1 Evacuation Pause)
[2026-01-16T08:45:26.125+0000][gc,task     ] GC(365) Using 8 workers of 8 for evacuation
[2026-01-16T08:45:27.372+0000][gc,mmu      ] GC(365) MMU target violated: 201.0ms (200.0ms/201.0ms)
[2026-01-16T08:45:27.381+0000][gc,phases   ] GC(365)   Pre Evacuate Collection Set: 196.4ms
[2026-01-16T08:45:27.381+0000][gc,phases   ] GC(365)   Merge Heap Roots: 8.2ms
[2026-01-16T08:45:27.384+0000][gc,phases   ] GC(365)   Evacuate Collection Set: 938.0ms
[2026-01-16T08:45:27.387+0000][gc,phases   ] GC(365)   Post Evacuate Collection Set: 92.4ms
[2026-01-16T08:45:27.389+0000][gc,phases   ] GC(365)   Other: 62.7ms
[2026-01-16T08:45:27.390+0000][gc,heap     ] GC(365) Eden regions: 47->0(46)
[2026-01-16T08:45:27.391+0000][gc,heap     ] GC(365) Survivor regions: 4->5(7)
[2026-01-16T08:45:27.392+0000][gc,heap     ] GC(365) Old regions: 130->130
[2026-01-16T08:45:27.395+0000][gc,heap     ] GC(365) Humongous regions: 65->65
[2026-01-16T08:45:27.397+0000][gc,metaspace] GC(365) Metaspace: 12223K(12672K)->12223K(12672K) NonClass: 11129K(11328K)->11129K(11328K) Class: 1093K(1344K)->1093K(1344K)
[2026-01-16T08:45:27.401+0000][gc          ] GC(365) Pause Young (Normal) (G1 Evacuation Pause) 245M->198M(1024M) 1320.904ms
[2026-01-16T08:45:27.402+0000][gc,cpu      ] GC(365) User=0.60s Sys=0.10s Real=1.32s
[2026-01-16T08:45:35.496+0000][gc,start    ] GC(366) Pause Young (Normal) (G1 Evacuation Pause)
[2026-01-16T08:45:35.519+0000][gc,task     ] GC(366) Using 8 workers of 8 for evacuation
[2026-01-16T08:45:36.466+0000][gc,mmu      ] GC(366) MMU target violated: 201.0ms (200.0ms/201.0ms)
[2026-01-16T08:45:36.469+0000][gc,phases   ] GC(366)   Pre Evacuate Collection Set: 84.0ms
[2026-01-16T08:45:36.477+0000][gc,phases   ] GC(366)   Merge Heap Roots: 15.1ms
[2026-01-16T08:45:36.479+0000][gc,phases   ] GC(366)   Evacuate Collection Set: 822.8ms
[2026-01-16T08:45:36.481+0000][gc,phases   ] GC(366)   Post Evacuate Collection Set: 18.2ms
[2026-01-16T08:45:36.484+0000][gc,phases   ] GC(366)   Other: 10.0ms
[2026-01-16T08:45:36.490+0000][gc,heap     ] GC(366) Eden regions: 46->0(46)
[2026-01-16T08:45:36.492+0000][gc,heap     ] GC(366) Survivor regions: 5->5(7)
[2026-01-16T08:45:36.494+0000][gc,heap     ] GC(366) Old regions: 130->131
[2026-01-16T08:45:36.495+0000][gc,heap     ] GC(366) Humongous regions: 65->65
[2026-01-16T08:45:36.496+0000][gc,metaspace] GC(366) Metaspace: 12224K(12672K)->12224K(12672K) NonClass: 11130K(11328K)->11130K(11328K) Class: 1093K(1344K)->1093K(1344K)
[2026-01-16T08:45:36.498+0000][gc          ] GC(366) Pause Young (Normal) (G1 Evacuation Pause) 244M->199M(1024M) 1002.432ms
[2026-01-16T08:45:36.500+0000][gc,cpu      ] GC(366) User=0.86s Sys=0.21s Real=1.00s
[2026-01-16T08:45:42.736+0000][gc,start    ] GC(367) Pause Young (Normal) (G1 Evacuation Pause)
[2026-01-16T08:45:42.775+0000][gc,task     ] GC(367) Using 8 workers of 8 for evacuation
[2026-01-16T08:45:44.551+0000][gc,mmu      ] GC(367) MMU target violated: 201.0ms (200.0ms/201.0ms)
[2026-01-16T08:45:44.554+0000][gc,phases   ] GC(367)   Pre Evacuate Collection Set: 165.0ms
[2026-01-16T08:45:44.555+0000][gc,phases   ] GC(367)   Merge Heap Roots: 7.5ms
[2026-01-16T08:45:44.556+0000][gc,phases   ] GC(367)   Evacuate Collection Set: 1463.1ms
[2026-01-16T08:45:44.556+0000][gc,phases   ] GC(367)   Post Evacuate Collection Set: 114.0ms
[2026-01-16T08:45:44.557+0000][gc,phases   ] GC(367)   Other: 29.3ms
[2026-01-16T08:45:44.558+0000][gc,heap     ] GC(367) Eden regions: 46->0(47)
[2026-01-16T08:45:44.559+0000][gc,heap     ] GC(367) Survivor regions: 5->4(7)
[2026-01-16T08:45:44.559+0000][gc,heap     ] GC(367) Old regions: 131->132
[2026-01-16T08:45:44.560+0000][gc,heap     ] GC(367) Humongous regions: 65->65
[2026-01-16T08:45:44.560+0000][gc,metaspace] GC(367) Metaspace: 12224K(12672K)->12224K(12672K) NonClass: 11130K(11328K)->11130K(11328K) Class: 1093K(1344K)->1093K(1344K)
[2026-01-16T08:45:44.561+0000][gc          ] GC(367) Pause Young (Normal) (G1 Evacuation Pause) 245M->199M(1024M) 1824.367ms
[2026-01-16T08:45:44.565+0000][gc,cpu      ] GC(367) User=0.91s Sys=0.09s Real=1.83s
[2026-01-16T08:45:51.298+0000][gc,start    ] GC(368) Pause Young (Normal) (G1 Evacuation Pause)
[2026-01-16T08:45:51.303+0000][gc,task     ] GC(368) Using 8 workers of 8 for evacuation
[2026-01-16T08:45:51.801+0000][gc,mmu      ] GC(368) MMU target violated: 201.0ms (200.0ms/201.0ms)
[2026-01-16T08:45:51.803+0000][gc,phases   ] GC(368)   Pre Evacuate Collection Set: 47.4ms
[2026-01-16T08:45:51.814+0000][gc,phases   ] GC(368)   Merge Heap Roots: 15.8ms
[2026-01-16T08:45:51.814+0000][gc,phases   ] GC(368)   Evacuate Collection Set: 411.8ms
[2026-01-16T08:45:51.815+0000][gc,phases   ] GC(368)   Post Evacuate Collection Set: 20.6ms
[2026-01-16T08:45:51.815+0000][gc,phases   ] GC(368)   Other: 5.3ms
[2026-01-16T08:45:51.815+0000][gc,heap     ] GC(368) Eden regions: 47->0(46)
[2026-01-16T08:45:51.816+0000][gc,heap     ] GC(368) Survivor regions: 4->5(7)
[2026-01-16T08:45:51.816+0000][gc,heap     ] GC(368) Old regions: 132->132
[2026-01-16T08:45:51.817+0000][gc,heap     ] GC(368) Humongous regions: 65->65
[2026-01-16T08:45:51.817+0000][gc,metaspace] GC(368) Metaspace: 12224K(12672K)->12224K(12672K) NonClass: 11130K(11328K)->11130K(11328K) Class: 1093K(1344K)->1093K(1344K)
[2026-01-16T08:45:51.817+0000][gc          ] GC(368) Pause Young (Normal) (G1 Evacuation Pause) 246M->200M(1024M) 519.415ms
[2026-01-16T08:45:51.825+0000][gc,cpu      ] GC(368) User=0.43s Sys=0.02s Real=0.52s
[2026-01-16T08:45:54.429+0000][gc,start    ] GC(369) Pause Young (Normal) (G1 Evacuation Pause)
[2026-01-16T08:45:54.468+0000][gc,task     ] GC(369) Using 8 workers of 8 for evacuation
[2026-01-16T08:45:55.020+0000][gc,mmu      ] GC(369) MMU target violated: 201.0ms (200.0ms/201.0ms)
[2026-01-16T08:45:55.021+0000][gc,phases   ] GC(369)   Pre Evacuate Collection Set: 66.3ms
[2026-01-16T08:45:55.026+0000][gc,phases   ] GC(369)   Merge Heap Roots: 0.5ms
[2026-01-16T08:45:55.027+0000][gc,phases   ] GC(369)   Evacuate Collection Set: 467.2ms
[2026-01-16T08:45:55.029+0000][gc,phases   ] GC(369)   Post Evacuate Collection Set: 12.1ms
[2026-01-16T08:45:55.030+0000][gc,phases   ] GC(369)   Other: 8.8ms
[2026-01-16T08:45:55.033+0000][gc,heap     ] GC(369) Eden regions: 46->0(46)
[2026-01-16T08:45:55.033+0000][gc,heap     ] GC(369) Survivor regions: 5->5(7)
[2026-01-16T08:45:55.033+0000][gc,heap     ] GC(369) Old regions: 132->132
[2026-01-16T08:45:55.033+0000][gc,heap     ] GC(369) Humongous regions: 65->65
[2026-01-16T08:45:55.033+0000][gc,metaspace] GC(369) Metaspace: 12226K(12672K)->12226K(12672K) NonClass: 11132K(11328K)->11132K(11328K) Class: 1093K(1344K)->1093K(1344K)
[2026-01-16T08:45:55.033+0000][gc          ] GC(369) Pause Young (Normal) (G1 Evacuation Pause) 246M->201M(1024M) 604.934ms
[2026-01-16T08:45:55.034+0000][gc,cpu      ] GC(369) User=0.34s Sys=0.04s Real=0.60s
[2026-01-16T08:45:56.101+0000][gc,start    ] GC(370) Pause Young (Normal) (G1 Evacuation Pause)
[2026-01-16T08:45:56.106+0000][gc,task     ] GC(370) Using 8 workers of 8 for evacuation
[2026-01-16T08:45:56.657+0000][gc,mmu      ] GC(370) MMU target violated: 201.0ms (200.0ms/201.0ms)
[2026-01-16T08:45:56.660+0000][gc,phases   ] GC(370)   Pre Evacuate Collection Set: 71.1ms
[2026-01-16T08:45:56.660+0000][gc,phases   ] GC(370)   Merge Heap Roots: 1.2ms
[2026-01-16T08:45:56.660+0000][gc,phases   ] GC(370)   Evacuate Collection Set: 469.8ms
[2026-01-16T08:45:56.660+0000][gc,phases   ] GC(370)   Post Evacuate Collection Set: 7.2ms
[2026-01-16T08:45:56.660+0000][gc,phases   ] GC(370)   Other: 4.6ms
[2026-01-16T08:45:56.660+0000][gc,heap     ] GC(370) Eden regions: 46->0(46)
[2026-01-16T08:45:56.660+0000][gc,heap     ] GC(370) Survivor regions: 5->5(7)
[2026-01-16T08:45:56.660+0000][gc,heap     ] GC(370) Old regions: 132->133
[2026-01-16T08:45:56.660+0000][gc,heap     ] GC(370) Humongous regions: 65->65
[2026-01-16T08:45:56.660+0000][gc,metaspace] GC(370) Metaspace: 12226K(12672K)->12226K(12672K) NonClass: 11132K(11328K)->11132K(11328K) Class: 1093K(1344K)->1093K(1344K)
[2026-01-16T08:45:56.660+0000][gc          ] GC(370) Pause Young (Normal) (G1 Evacuation Pause) 247M->201M(1024M) 559.138ms
[2026-01-16T08:45:56.661+0000][gc,cpu      ] GC(370) User=0.10s Sys=0.04s Real=0.56s
[2026-01-16T08:45:57.516+0000][gc,start    ] GC(371) Pause Young (Normal) (G1 Evacuation Pause)
[2026-01-16T08:45:57.519+0000][gc,task     ] GC(371) Using 8 workers of 8 for evacuation
[2026-01-16T08:45:57.859+0000][gc,mmu      ] GC(371) MMU target violated: 201.0ms (200.0ms/201.0ms)
[2026-01-16T08:45:57.859+0000][gc,phases   ] GC(371)   Pre Evacuate Collection Set: 16.0ms
[2026-01-16T08:45:57.859+0000][gc,phases   ] GC(371)   Merge Heap Roots: 0.3ms
[2026-01-16T08:45:57.861+0000][gc,phases   ] GC(371)   Evacuate Collection Set: 308.6ms
[2026-01-16T08:45:57.862+0000][gc,phases   ] GC(371)   Post Evacuate Collection Set: 2.0ms
[2026-01-16T08:45:57.862+0000][gc,phases   ] GC(371)   Other: 12.9ms
[2026-01-16T08:45:57.865+0000][gc,heap     ] GC(371) Eden regions: 46->0(46)
[2026-01-16T08:45:57.865+0000][gc,heap     ] GC(371) Survivor regions: 5->5(7)
[2026-01-16T08:45:57.865+0000][gc,heap     ] GC(371) Old regions: 133->134
[2026-01-16T08:45:57.865+0000][gc,heap     ] GC(371) Humongous regions: 65->65
[2026-01-16T08:45:57.865+0000][gc,metaspace] GC(371) Metaspace: 12226K(12672K)->12226K(12672K) NonClass: 11133K(11328K)->11133K(11328K) Class: 1093K(1344K)->1093K(1344K)
[2026-01-16T08:45:57.865+0000][gc          ] GC(371) Pause Young (Normal) (G1 Evacuation Pause) 247M->202M(1024M) 349.409ms
[2026-01-16T08:45:57.865+0000][gc,cpu      ] GC(371) User=0.09s Sys=0.01s Real=0.35s
[2026-01-16T08:45:58.673+0000][gc,start    ] GC(372) Pause Young (Normal) (G1 Evacuation Pause)
[2026-01-16T08:45:58.674+0000][gc,task     ] GC(372) Using 8 workers of 8 for evacuation
[2026-01-16T08:45:58.862+0000][gc,phases   ] GC(372)   Pre Evacuate Collection Set: 1.2ms
[2026-01-16T08:45:58.868+0000][gc,phases   ] GC(372)   Merge Heap Roots: 0.1ms
[2026-01-16T08:45:58.887+0000][gc,phases   ] GC(372)   Evacuate Collection Set: 186.0ms
[2026-01-16T08:45:58.891+0000][gc,phases   ] GC(372)   Post Evacuate Collection Set: 0.5ms
[2026-01-16T08:45:58.895+0000][gc,phases   ] GC(372)   Other: 0.4ms
[2026-01-16T08:45:58.896+0000][gc,heap     ] GC(372) Eden regions: 46->0(46)
[2026-01-16T08:45:58.896+0000][gc,heap     ] GC(372) Survivor regions: 5->5(7)
[2026-01-16T08:45:58.896+0000][gc,heap     ] GC(372) Old regions: 134->135
[2026-01-16T08:45:58.896+0000][gc,heap     ] GC(372) Humongous regions: 65->65
[2026-01-16T08:45:58.896+0000][gc,metaspace] GC(372) Metaspace: 12226K(12672K)->12226K(12672K) NonClass: 11133K(11328K)->11133K(11328K) Class: 1093K(1344K)->1093K(1344K)
[2026-01-16T08:45:58.896+0000][gc          ] GC(372) Pause Young (Normal) (G1 Evacuation Pause) 248M->203M(1024M) 223.148ms
[2026-01-16T08:45:58.896+0000][gc,cpu      ] GC(372) User=0.11s Sys=0.03s Real=0.22s
[2026-01-16T08:45:59.355+0000][gc,start    ] GC(373) Pause Young (Normal) (G1 Evacuation Pause)
[2026-01-16T08:45:59.356+0000][gc,task     ] GC(373) Using 8 workers of 8 for evacuation
[2026-01-16T08:45:59.484+0000][gc,phases   ] GC(373)   Pre Evacuate Collection Set: 11.6ms
[2026-01-16T08:45:59.501+0000][gc,phases   ] GC(373)   Merge Heap Roots: 0.1ms
[2026-01-16T08:45:59.504+0000][gc,phases   ] GC(373)   Evacuate Collection Set: 98.4ms
[2026-01-16T08:45:59.505+0000][gc,phases   ] GC(373)   Post Evacuate Collection Set: 17.3ms
[2026-01-16T08:45:59.505+0000][gc,phases   ] GC(373)   Other: 0.7ms
[2026-01-16T08:45:59.505+0000][gc,heap     ] GC(373) Eden regions: 46->0(46)
[2026-01-16T08:45:59.562+0000][gc,heap     ] GC(373) Survivor regions: 5->5(7)
[2026-01-16T08:45:59.571+0000][gc,heap     ] GC(373) Old regions: 135->135
[2026-01-16T08:45:59.571+0000][gc,heap     ] GC(373) Humongous regions: 65->65
[2026-01-16T08:45:59.571+0000][gc,metaspace] GC(373) Metaspace: 12226K(12672K)->12226K(12672K) NonClass: 11133K(11328K)->11133K(11328K) Class: 1093K(1344K)->1093K(1344K)
[2026-01-16T08:45:59.572+0000][gc          ] GC(373) Pause Young (Normal) (G1 Evacuation Pause) 249M->204M(1024M) 216.865ms
[2026-01-16T08:45:59.572+0000][gc,cpu      ] GC(373) User=0.07s Sys=0.02s Real=0.22s
[2026-01-16T08:46:00.484+0000][gc,start    ] GC(374) Pause Young (Normal) (G1 Evacuation Pause)
[2026-01-16T08:46:00.488+0000][gc,task     ] GC(374) Using 8 workers of 8 for evacuation
[2026-01-16T08:46:00.604+0000][gc,phases   ] GC(374)   Pre Evacuate Collection Set: 0.6ms
[2026-01-16T08:46:00.660+0000][gc,phases   ] GC(374)   Merge Heap Roots: 0.2ms
[2026-01-16T08:46:00.664+0000][gc,phases   ] GC(374)   Evacuate Collection Set: 113.5ms
[2026-01-16T08:46:00.682+0000][gc,phases   ] GC(374)   Post Evacuate Collection Set: 0.6ms
[2026-01-16T08:46:00.690+0000][gc,phases   ] GC(374)   Other: 0.5ms
[2026-01-16T08:46:00.696+0000][gc,heap     ] GC(374) Eden regions: 46->0(46)
[2026-01-16T08:46:00.703+0000][gc,heap     ] GC(374) Survivor regions: 5->5(7)
[2026-01-16T08:46:00.707+0000][gc,heap     ] GC(374) Old regions: 135->136
[2026-01-16T08:46:00.717+0000][gc,heap     ] GC(374) Humongous regions: 65->65
[2026-01-16T08:46:00.721+0000][gc,metaspace] GC(374) Metaspace: 12226K(12672K)->12226K(12672K) NonClass: 11133K(11328K)->11133K(11328K) Class: 1093K(1344K)->1093K(1344K)
[2026-01-16T08:46:00.725+0000][gc          ] GC(374) Pause Young (Normal) (G1 Evacuation Pause) 250M->204M(1024M) 242.551ms
[2026-01-16T08:46:00.729+0000][gc,cpu      ] GC(374) User=0.05s Sys=0.02s Real=0.25s
[2026-01-16T08:46:02.270+0000][gc,start    ] GC(375) Pause Young (Normal) (G1 Evacuation Pause)
[2026-01-16T08:46:02.272+0000][gc,task     ] GC(375) Using 8 workers of 8 for evacuation
[2026-01-16T08:46:02.853+0000][gc,mmu      ] GC(375) MMU target violated: 201.0ms (200.0ms/201.0ms)
[2026-01-16T08:46:02.861+0000][gc,phases   ] GC(375)   Pre Evacuate Collection Set: 2.0ms
[2026-01-16T08:46:02.866+0000][gc,phases   ] GC(375)   Merge Heap Roots: 1.1ms
[2026-01-16T08:46:02.868+0000][gc,phases   ] GC(375)   Evacuate Collection Set: 568.3ms
[2026-01-16T08:46:02.876+0000][gc,phases   ] GC(375)   Post Evacuate Collection Set: 4.9ms
[2026-01-16T08:46:02.877+0000][gc,phases   ] GC(375)   Other: 12.7ms
[2026-01-16T08:46:02.877+0000][gc,heap     ] GC(375) Eden regions: 46->0(46)
[2026-01-16T08:46:02.877+0000][gc,heap     ] GC(375) Survivor regions: 5->5(7)
[2026-01-16T08:46:02.877+0000][gc,heap     ] GC(375) Old regions: 136->137
[2026-01-16T08:46:02.877+0000][gc,heap     ] GC(375) Humongous regions: 65->65
[2026-01-16T08:46:02.877+0000][gc,metaspace] GC(375) Metaspace: 12226K(12672K)->12226K(12672K) NonClass: 11133K(11328K)->11133K(11328K) Class: 1093K(1344K)->1093K(1344K)
[2026-01-16T08:46:02.877+0000][gc          ] GC(375) Pause Young (Normal) (G1 Evacuation Pause) 250M->205M(1024M) 606.674ms
[2026-01-16T08:46:02.877+0000][gc,cpu      ] GC(375) User=0.10s Sys=0.04s Real=0.61s
[2026-01-16T08:46:03.430+0000][gc,start    ] GC(376) Pause Young (Normal) (G1 Evacuation Pause)
[2026-01-16T08:46:03.431+0000][gc,task     ] GC(376) Using 8 workers of 8 for evacuation
[2026-01-16T08:46:03.654+0000][gc,mmu      ] GC(376) MMU target violated: 201.0ms (200.0ms/201.0ms)
[2026-01-16T08:46:03.656+0000][gc,phases   ] GC(376)   Pre Evacuate Collection Set: 11.3ms
[2026-01-16T08:46:03.656+0000][gc,phases   ] GC(376)   Merge Heap Roots: 0.2ms
[2026-01-16T08:46:03.659+0000][gc,phases   ] GC(376)   Evacuate Collection Set: 208.6ms
[2026-01-16T08:46:03.661+0000][gc,phases   ] GC(376)   Post Evacuate Collection Set: 1.2ms
[2026-01-16T08:46:03.664+0000][gc,phases   ] GC(376)   Other: 3.0ms
[2026-01-16T08:46:03.664+0000][gc,heap     ] GC(376) Eden regions: 46->0(47)
[2026-01-16T08:46:03.664+0000][gc,heap     ] GC(376) Survivor regions: 5->4(7)
[2026-01-16T08:46:03.665+0000][gc,heap     ] GC(376) Old regions: 137->138
[2026-01-16T08:46:03.666+0000][gc,heap     ] GC(376) Humongous regions: 65->65
[2026-01-16T08:46:03.666+0000][gc,metaspace] GC(376) Metaspace: 12226K(12672K)->12226K(12672K) NonClass: 11133K(11328K)->11133K(11328K) Class: 1093K(1344K)->1093K(1344K)
[2026-01-16T08:46:03.666+0000][gc          ] GC(376) Pause Young (Normal) (G1 Evacuation Pause) 251M->205M(1024M) 236.407ms
[2026-01-16T08:46:03.667+0000][gc,cpu      ] GC(376) User=0.07s Sys=0.05s Real=0.24s
[2026-01-16T08:46:04.089+0000][gc,start    ] GC(377) Pause Young (Normal) (G1 Evacuation Pause)
[2026-01-16T08:46:04.099+0000][gc,task     ] GC(377) Using 8 workers of 8 for evacuation
[2026-01-16T08:46:04.166+0000][gc,phases   ] GC(377)   Pre Evacuate Collection Set: 0.8ms
[2026-01-16T08:46:04.169+0000][gc,phases   ] GC(377)   Merge Heap Roots: 0.1ms
[2026-01-16T08:46:04.169+0000][gc,phases   ] GC(377)   Evacuate Collection Set: 62.5ms
[2026-01-16T08:46:04.169+0000][gc,phases   ] GC(377)   Post Evacuate Collection Set: 2.7ms
[2026-01-16T08:46:04.170+0000][gc,phases   ] GC(377)   Other: 0.5ms
[2026-01-16T08:46:04.170+0000][gc,heap     ] GC(377) Eden regions: 47->0(47)
[2026-01-16T08:46:04.171+0000][gc,heap     ] GC(377) Survivor regions: 4->4(7)
[2026-01-16T08:46:04.171+0000][gc,heap     ] GC(377) Old regions: 138->138
[2026-01-16T08:46:04.172+0000][gc,heap     ] GC(377) Humongous regions: 65->65
[2026-01-16T08:46:04.172+0000][gc,metaspace] GC(377) Metaspace: 12226K(12672K)->12226K(12672K) NonClass: 11133K(11328K)->11133K(11328K) Class: 1093K(1344K)->1093K(1344K)
[2026-01-16T08:46:04.172+0000][gc          ] GC(377) Pause Young (Normal) (G1 Evacuation Pause) 252M->206M(1024M) 83.596ms
[2026-01-16T08:46:04.173+0000][gc,cpu      ] GC(377) User=0.03s Sys=0.00s Real=0.08s
[2026-01-16T08:46:05.761+0000][gc,start    ] GC(378) Pause Young (Normal) (G1 Evacuation Pause)
[2026-01-16T08:46:05.766+0000][gc,task     ] GC(378) Using 8 workers of 8 for evacuation
[2026-01-16T08:46:05.915+0000][gc,phases   ] GC(378)   Pre Evacuate Collection Set: 13.6ms
[2026-01-16T08:46:05.919+0000][gc,phases   ] GC(378)   Merge Heap Roots: 0.5ms
[2026-01-16T08:46:05.920+0000][gc,phases   ] GC(378)   Evacuate Collection Set: 127.5ms
[2026-01-16T08:46:05.922+0000][gc,phases   ] GC(378)   Post Evacuate Collection Set: 3.1ms
[2026-01-16T08:46:05.923+0000][gc,phases   ] GC(378)   Other: 3.8ms
[2026-01-16T08:46:05.925+0000][gc,heap     ] GC(378) Eden regions: 47->0(45)
[2026-01-16T08:46:05.926+0000][gc,heap     ] GC(378) Survivor regions: 4->6(7)
[2026-01-16T08:46:05.926+0000][gc,heap     ] GC(378) Old regions: 138->138
[2026-01-16T08:46:05.926+0000][gc,heap     ] GC(378) Humongous regions: 65->65
[2026-01-16T08:46:05.928+0000][gc,metaspace] GC(378) Metaspace: 12228K(12672K)->12228K(12672K) NonClass: 11134K(11328K)->11134K(11328K) Class: 1093K(1344K)->1093K(1344K)
[2026-01-16T08:46:05.932+0000][gc          ] GC(378) Pause Young (Normal) (G1 Evacuation Pause) 253M->208M(1024M) 170.929ms
[2026-01-16T08:46:05.936+0000][gc,cpu      ] GC(378) User=0.12s Sys=0.01s Real=0.17s
[2026-01-16T08:46:07.472+0000][gc,start    ] GC(379) Pause Young (Normal) (G1 Evacuation Pause)
[2026-01-16T08:46:07.473+0000][gc,task     ] GC(379) Using 8 workers of 8 for evacuation
[2026-01-16T08:46:07.739+0000][gc,mmu      ] GC(379) MMU target violated: 201.0ms (200.0ms/201.0ms)
[2026-01-16T08:46:07.741+0000][gc,phases   ] GC(379)   Pre Evacuate Collection Set: 23.7ms
[2026-01-16T08:46:07.741+0000][gc,phases   ] GC(379)   Merge Heap Roots: 4.2ms
[2026-01-16T08:46:07.742+0000][gc,phases   ] GC(379)   Evacuate Collection Set: 226.1ms
[2026-01-16T08:46:07.743+0000][gc,phases   ] GC(379)   Post Evacuate Collection Set: 8.6ms
[2026-01-16T08:46:07.743+0000][gc,phases   ] GC(379)   Other: 5.3ms
[2026-01-16T08:46:07.744+0000][gc,heap     ] GC(379) Eden regions: 45->0(47)
[2026-01-16T08:46:07.747+0000][gc,heap     ] GC(379) Survivor regions: 6->4(7)
[2026-01-16T08:46:07.748+0000][gc,heap     ] GC(379) Old regions: 138->140
[2026-01-16T08:46:07.748+0000][gc,heap     ] GC(379) Humongous regions: 65->65
[2026-01-16T08:46:07.748+0000][gc,metaspace] GC(379) Metaspace: 12232K(12672K)->12232K(12672K) NonClass: 11139K(11328K)->11139K(11328K) Class: 1093K(1344K)->1093K(1344K)
[2026-01-16T08:46:07.749+0000][gc          ] GC(379) Pause Young (Normal) (G1 Evacuation Pause) 253M->207M(1024M) 276.975ms
[2026-01-16T08:46:07.749+0000][gc,cpu      ] GC(379) User=0.11s Sys=0.05s Real=0.28s
[2026-01-16T08:46:09.347+0000][gc,start    ] GC(380) Pause Young (Normal) (G1 Evacuation Pause)
[2026-01-16T08:46:09.349+0000][gc,task     ] GC(380) Using 8 workers of 8 for evacuation
[2026-01-16T08:46:09.538+0000][gc,phases   ] GC(380)   Pre Evacuate Collection Set: 24.8ms
[2026-01-16T08:46:09.539+0000][gc,phases   ] GC(380)   Merge Heap Roots: 16.1ms
[2026-01-16T08:46:09.539+0000][gc,phases   ] GC(380)   Evacuate Collection Set: 143.2ms
[2026-01-16T08:46:09.539+0000][gc,phases   ] GC(380)   Post Evacuate Collection Set: 3.8ms
[2026-01-16T08:46:09.540+0000][gc,phases   ] GC(380)   Other: 1.3ms
[2026-01-16T08:46:09.544+0000][gc,heap     ] GC(380) Eden regions: 47->0(47)
[2026-01-16T08:46:09.544+0000][gc,heap     ] GC(380) Survivor regions: 4->4(7)
[2026-01-16T08:46:09.545+0000][gc,heap     ] GC(380) Old regions: 140->140
[2026-01-16T08:46:09.546+0000][gc,heap     ] GC(380) Humongous regions: 65->65
[2026-01-16T08:46:09.547+0000][gc,metaspace] GC(380) Metaspace: 12232K(12672K)->12232K(12672K) NonClass: 11139K(11328K)->11139K(11328K) Class: 1093K(1344K)->1093K(1344K)
[2026-01-16T08:46:09.549+0000][gc          ] GC(380) Pause Young (Normal) (G1 Evacuation Pause) 254M->208M(1024M) 201.351ms
[2026-01-16T08:46:09.551+0000][gc,cpu      ] GC(380) User=0.10s Sys=0.00s Real=0.21s
[2026-01-16T08:46:10.302+0000][gc,start    ] GC(381) Pause Young (Normal) (G1 Evacuation Pause)
[2026-01-16T08:46:10.316+0000][gc,task     ] GC(381) Using 8 workers of 8 for evacuation
[2026-01-16T08:46:10.499+0000][gc,phases   ] GC(381)   Pre Evacuate Collection Set: 9.7ms
[2026-01-16T08:46:10.500+0000][gc,phases   ] GC(381)   Merge Heap Roots: 0.2ms
[2026-01-16T08:46:10.501+0000][gc,phases   ] GC(381)   Evacuate Collection Set: 162.7ms
[2026-01-16T08:46:10.502+0000][gc,phases   ] GC(381)   Post Evacuate Collection Set: 4.8ms
[2026-01-16T08:46:10.502+0000][gc,phases   ] GC(381)   Other: 5.8ms
[2026-01-16T08:46:10.502+0000][gc,heap     ] GC(381) Eden regions: 47->0(46)
[2026-01-16T08:46:10.502+0000][gc,heap     ] GC(381) Survivor regions: 4->5(7)
[2026-01-16T08:46:10.503+0000][gc,heap     ] GC(381) Old regions: 140->140
[2026-01-16T08:46:10.503+0000][gc,heap     ] GC(381) Humongous regions: 65->65
[2026-01-16T08:46:10.505+0000][gc,metaspace] GC(381) Metaspace: 12232K(12672K)->12232K(12672K) NonClass: 11139K(11328K)->11139K(11328K) Class: 1093K(1344K)->1093K(1344K)
[2026-01-16T08:46:10.506+0000][gc          ] GC(381) Pause Young (Normal) (G1 Evacuation Pause) 255M->208M(1024M) 204.280ms
[2026-01-16T08:46:10.506+0000][gc,cpu      ] GC(381) User=0.11s Sys=0.02s Real=0.20s
[2026-01-16T08:46:11.674+0000][gc,start    ] GC(382) Pause Young (Normal) (G1 Evacuation Pause)
[2026-01-16T08:46:11.679+0000][gc,task     ] GC(382) Using 8 workers of 8 for evacuation
[2026-01-16T08:46:11.897+0000][gc,mmu      ] GC(382) MMU target violated: 201.0ms (200.0ms/201.0ms)
[2026-01-16T08:46:11.898+0000][gc,phases   ] GC(382)   Pre Evacuate Collection Set: 2.2ms
[2026-01-16T08:46:11.898+0000][gc,phases   ] GC(382)   Merge Heap Roots: 3.4ms
[2026-01-16T08:46:11.898+0000][gc,phases   ] GC(382)   Evacuate Collection Set: 206.1ms
[2026-01-16T08:46:11.898+0000][gc,phases   ] GC(382)   Post Evacuate Collection Set: 6.1ms
[2026-01-16T08:46:11.899+0000][gc,phases   ] GC(382)   Other: 1.3ms
[2026-01-16T08:46:11.903+0000][gc,heap     ] GC(382) Eden regions: 46->0(46)
[2026-01-16T08:46:11.906+0000][gc,heap     ] GC(382) Survivor regions: 5->5(7)
[2026-01-16T08:46:11.906+0000][gc,heap     ] GC(382) Old regions: 140->140
[2026-01-16T08:46:11.906+0000][gc,heap     ] GC(382) Humongous regions: 65->65
[2026-01-16T08:46:11.906+0000][gc,metaspace] GC(382) Metaspace: 12232K(12672K)->12232K(12672K) NonClass: 11139K(11328K)->11139K(11328K) Class: 1093K(1344K)->1093K(1344K)
[2026-01-16T08:46:11.906+0000][gc          ] GC(382) Pause Young (Normal) (G1 Evacuation Pause) 254M->209M(1024M) 231.724ms
[2026-01-16T08:46:11.906+0000][gc,cpu      ] GC(382) User=0.08s Sys=0.01s Real=0.23s
[2026-01-16T08:46:12.798+0000][gc,start    ] GC(383) Pause Young (Normal) (G1 Evacuation Pause)
[2026-01-16T08:46:12.799+0000][gc,task     ] GC(383) Using 8 workers of 8 for evacuation
[2026-01-16T08:46:13.058+0000][gc,mmu      ] GC(383) MMU target violated: 201.0ms (200.0ms/201.0ms)
[2026-01-16T08:46:13.059+0000][gc,phases   ] GC(383)   Pre Evacuate Collection Set: 17.7ms
[2026-01-16T08:46:13.060+0000][gc,phases   ] GC(383)   Merge Heap Roots: 3.6ms
[2026-01-16T08:46:13.060+0000][gc,phases   ] GC(383)   Evacuate Collection Set: 233.3ms
[2026-01-16T08:46:13.061+0000][gc,phases   ] GC(383)   Post Evacuate Collection Set: 2.0ms
[2026-01-16T08:46:13.061+0000][gc,phases   ] GC(383)   Other: 3.9ms
[2026-01-16T08:46:13.061+0000][gc,heap     ] GC(383) Eden regions: 46->0(46)
[2026-01-16T08:46:13.062+0000][gc,heap     ] GC(383) Survivor regions: 5->5(7)
[2026-01-16T08:46:13.062+0000][gc,heap     ] GC(383) Old regions: 140->141
[2026-01-16T08:46:13.062+0000][gc,heap     ] GC(383) Humongous regions: 65->65
[2026-01-16T08:46:13.063+0000][gc,metaspace] GC(383) Metaspace: 12235K(12672K)->12235K(12672K) NonClass: 11141K(11328K)->11141K(11328K) Class: 1093K(1344K)->1093K(1344K)
[2026-01-16T08:46:13.064+0000][gc          ] GC(383) Pause Young (Normal) (G1 Evacuation Pause) 255M->210M(1024M) 266.384ms
[2026-01-16T08:46:13.065+0000][gc,cpu      ] GC(383) User=0.11s Sys=0.02s Real=0.27s
[2026-01-16T08:46:14.465+0000][gc,start    ] GC(384) Pause Young (Normal) (G1 Evacuation Pause)
[2026-01-16T08:46:14.479+0000][gc,task     ] GC(384) Using 8 workers of 8 for evacuation
[2026-01-16T08:46:14.774+0000][gc,mmu      ] GC(384) MMU target violated: 201.0ms (200.0ms/201.0ms)
[2026-01-16T08:46:14.775+0000][gc,phases   ] GC(384)   Pre Evacuate Collection Set: 42.7ms
[2026-01-16T08:46:14.778+0000][gc,phases   ] GC(384)   Merge Heap Roots: 8.3ms
[2026-01-16T08:46:14.786+0000][gc,phases   ] GC(384)   Evacuate Collection Set: 191.2ms
[2026-01-16T08:46:14.788+0000][gc,phases   ] GC(384)   Post Evacuate Collection Set: 2.8ms
[2026-01-16T08:46:14.789+0000][gc,phases   ] GC(384)   Other: 51.5ms
[2026-01-16T08:46:14.789+0000][gc,heap     ] GC(384) Eden regions: 46->0(47)
[2026-01-16T08:46:14.789+0000][gc,heap     ] GC(384) Survivor regions: 5->4(7)
[2026-01-16T08:46:14.792+0000][gc,heap     ] GC(384) Old regions: 141->142
[2026-01-16T08:46:14.795+0000][gc,heap     ] GC(384) Humongous regions: 65->65
[2026-01-16T08:46:14.796+0000][gc,metaspace] GC(384) Metaspace: 12239K(12672K)->12239K(12672K) NonClass: 11146K(11328K)->11146K(11328K) Class: 1093K(1344K)->1093K(1344K)
[2026-01-16T08:46:14.798+0000][gc          ] GC(384) Pause Young (Normal) (G1 Evacuation Pause) 256M->210M(1024M) 332.582ms
[2026-01-16T08:46:14.802+0000][gc,cpu      ] GC(384) User=0.12s Sys=0.06s Real=0.34s
[2026-01-16T08:46:16.907+0000][gc,start    ] GC(385) Pause Young (Normal) (G1 Evacuation Pause)
[2026-01-16T08:46:16.911+0000][gc,task     ] GC(385) Using 8 workers of 8 for evacuation
[2026-01-16T08:46:17.249+0000][gc,mmu      ] GC(385) MMU target violated: 201.0ms (200.0ms/201.0ms)
[2026-01-16T08:46:17.252+0000][gc,phases   ] GC(385)   Pre Evacuate Collection Set: 43.8ms
[2026-01-16T08:46:17.256+0000][gc,phases   ] GC(385)   Merge Heap Roots: 1.1ms
[2026-01-16T08:46:17.257+0000][gc,phases   ] GC(385)   Evacuate Collection Set: 263.3ms
[2026-01-16T08:46:17.259+0000][gc,phases   ] GC(385)   Post Evacuate Collection Set: 15.2ms
[2026-01-16T08:46:17.261+0000][gc,phases   ] GC(385)   Other: 17.3ms
[2026-01-16T08:46:17.263+0000][gc,heap     ] GC(385) Eden regions: 47->0(46)
[2026-01-16T08:46:17.263+0000][gc,heap     ] GC(385) Survivor regions: 4->5(7)
[2026-01-16T08:46:17.264+0000][gc,heap     ] GC(385) Old regions: 142->143
[2026-01-16T08:46:17.264+0000][gc,heap     ] GC(385) Humongous regions: 65->65
[2026-01-16T08:46:17.266+0000][gc,metaspace] GC(385) Metaspace: 12240K(12672K)->12240K(12672K) NonClass: 11147K(11328K)->11147K(11328K) Class: 1093K(1344K)->1093K(1344K)
[2026-01-16T08:46:17.274+0000][gc          ] GC(385) Pause Young (Normal) (G1 Evacuation Pause) 257M->211M(1024M) 366.529ms
[2026-01-16T08:46:17.277+0000][gc,cpu      ] GC(385) User=0.08s Sys=0.00s Real=0.37s
[2026-01-16T08:46:18.800+0000][gc,start    ] GC(386) Pause Young (Normal) (G1 Evacuation Pause)
[2026-01-16T08:46:18.820+0000][gc,task     ] GC(386) Using 8 workers of 8 for evacuation
[2026-01-16T08:46:19.185+0000][gc,mmu      ] GC(386) MMU target violated: 201.0ms (200.0ms/201.0ms)
[2026-01-16T08:46:19.188+0000][gc,phases   ] GC(386)   Pre Evacuate Collection Set: 72.9ms
[2026-01-16T08:46:19.190+0000][gc,phases   ] GC(386)   Merge Heap Roots: 1.7ms
[2026-01-16T08:46:19.194+0000][gc,phases   ] GC(386)   Evacuate Collection Set: 277.5ms
[2026-01-16T08:46:19.197+0000][gc,phases   ] GC(386)   Post Evacuate Collection Set: 8.7ms
[2026-01-16T08:46:19.201+0000][gc,phases   ] GC(386)   Other: 26.0ms
[2026-01-16T08:46:19.201+0000][gc,heap     ] GC(386) Eden regions: 46->0(46)
[2026-01-16T08:46:19.203+0000][gc,heap     ] GC(386) Survivor regions: 5->5(7)
[2026-01-16T08:46:19.205+0000][gc,heap     ] GC(386) Old regions: 143->143
[2026-01-16T08:46:19.208+0000][gc,heap     ] GC(386) Humongous regions: 65->65
[2026-01-16T08:46:19.211+0000][gc,metaspace] GC(386) Metaspace: 12240K(12672K)->12240K(12672K) NonClass: 11147K(11328K)->11147K(11328K) Class: 1093K(1344K)->1093K(1344K)
[2026-01-16T08:46:19.215+0000][gc          ] GC(386) Pause Young (Normal) (G1 Evacuation Pause) 257M->211M(1024M) 414.835ms
[2026-01-16T08:46:19.216+0000][gc,cpu      ] GC(386) User=0.13s Sys=0.01s Real=0.41s
[2026-01-16T08:46:21.654+0000][gc,start    ] GC(387) Pause Young (Normal) (G1 Evacuation Pause)
[2026-01-16T08:46:21.671+0000][gc,task     ] GC(387) Using 8 workers of 8 for evacuation
[2026-01-16T08:46:21.929+0000][gc,mmu      ] GC(387) MMU target violated: 201.0ms (200.0ms/201.0ms)
[2026-01-16T08:46:21.930+0000][gc,phases   ] GC(387)   Pre Evacuate Collection Set: 23.1ms
[2026-01-16T08:46:21.931+0000][gc,phases   ] GC(387)   Merge Heap Roots: 0.4ms
[2026-01-16T08:46:21.933+0000][gc,phases   ] GC(387)   Evacuate Collection Set: 209.8ms
[2026-01-16T08:46:21.934+0000][gc,phases   ] GC(387)   Post Evacuate Collection Set: 10.1ms
[2026-01-16T08:46:21.934+0000][gc,phases   ] GC(387)   Other: 19.6ms
[2026-01-16T08:46:21.935+0000][gc,heap     ] GC(387) Eden regions: 46->0(46)
[2026-01-16T08:46:21.935+0000][gc,heap     ] GC(387) Survivor regions: 5->5(7)
[2026-01-16T08:46:21.936+0000][gc,heap     ] GC(387) Old regions: 143->144
[2026-01-16T08:46:21.936+0000][gc,heap     ] GC(387) Humongous regions: 65->65
[2026-01-16T08:46:21.937+0000][gc,metaspace] GC(387) Metaspace: 12241K(12672K)->12241K(12672K) NonClass: 11147K(11328K)->11147K(11328K) Class: 1093K(1344K)->1093K(1344K)
[2026-01-16T08:46:21.940+0000][gc          ] GC(387) Pause Young (Normal) (G1 Evacuation Pause) 257M->212M(1024M) 286.047ms
[2026-01-16T08:46:21.944+0000][gc,cpu      ] GC(387) User=0.11s Sys=0.02s Real=0.29s
[2026-01-16T08:46:23.208+0000][gc,start    ] GC(388) Pause Young (Normal) (G1 Evacuation Pause)
[2026-01-16T08:46:23.214+0000][gc,task     ] GC(388) Using 8 workers of 8 for evacuation
[2026-01-16T08:46:23.548+0000][gc,mmu      ] GC(388) MMU target violated: 201.0ms (200.0ms/201.0ms)
[2026-01-16T08:46:23.549+0000][gc,phases   ] GC(388)   Pre Evacuate Collection Set: 20.0ms
[2026-01-16T08:46:23.552+0000][gc,phases   ] GC(388)   Merge Heap Roots: 3.4ms
[2026-01-16T08:46:23.554+0000][gc,phases   ] GC(388)   Evacuate Collection Set: 272.9ms
[2026-01-16T08:46:23.557+0000][gc,phases   ] GC(388)   Post Evacuate Collection Set: 3.8ms
[2026-01-16T08:46:23.557+0000][gc,phases   ] GC(388)   Other: 36.2ms
[2026-01-16T08:46:23.560+0000][gc,heap     ] GC(388) Eden regions: 46->0(47)
[2026-01-16T08:46:23.565+0000][gc,heap     ] GC(388) Survivor regions: 5->4(7)
[2026-01-16T08:46:23.567+0000][gc,heap     ] GC(388) Old regions: 144->145
[2026-01-16T08:46:23.571+0000][gc,heap     ] GC(388) Humongous regions: 65->65
[2026-01-16T08:46:23.572+0000][gc,metaspace] GC(388) Metaspace: 12243K(12672K)->12243K(12672K) NonClass: 11150K(11328K)->11150K(11328K) Class: 1093K(1344K)->1093K(1344K)
[2026-01-16T08:46:23.572+0000][gc          ] GC(388) Pause Young (Normal) (G1 Evacuation Pause) 258M->213M(1024M) 366.098ms
[2026-01-16T08:46:23.573+0000][gc,cpu      ] GC(388) User=0.19s Sys=0.07s Real=0.37s
[2026-01-16T08:46:24.680+0000][gc,start    ] GC(389) Pause Young (Normal) (G1 Evacuation Pause)
[2026-01-16T08:46:24.688+0000][gc,task     ] GC(389) Using 8 workers of 8 for evacuation
[2026-01-16T08:46:24.986+0000][gc,mmu      ] GC(389) MMU target violated: 201.0ms (200.0ms/201.0ms)
[2026-01-16T08:46:24.986+0000][gc,phases   ] GC(389)   Pre Evacuate Collection Set: 88.9ms
[2026-01-16T08:46:24.987+0000][gc,phases   ] GC(389)   Merge Heap Roots: 9.9ms
[2026-01-16T08:46:24.987+0000][gc,phases   ] GC(389)   Evacuate Collection Set: 162.3ms
[2026-01-16T08:46:24.988+0000][gc,phases   ] GC(389)   Post Evacuate Collection Set: 18.3ms
[2026-01-16T08:46:24.990+0000][gc,phases   ] GC(389)   Other: 25.9ms
[2026-01-16T08:46:24.990+0000][gc,heap     ] GC(389) Eden regions: 47->0(46)
[2026-01-16T08:46:24.990+0000][gc,heap     ] GC(389) Survivor regions: 4->5(7)
[2026-01-16T08:46:24.991+0000][gc,heap     ] GC(389) Old regions: 145->145
[2026-01-16T08:46:24.991+0000][gc,heap     ] GC(389) Humongous regions: 65->65
[2026-01-16T08:46:24.991+0000][gc,metaspace] GC(389) Metaspace: 12243K(12672K)->12243K(12672K) NonClass: 11150K(11328K)->11150K(11328K) Class: 1093K(1344K)->1093K(1344K)
[2026-01-16T08:46:24.992+0000][gc          ] GC(389) Pause Young (Normal) (G1 Evacuation Pause) 260M->213M(1024M) 312.652ms
[2026-01-16T08:46:24.993+0000][gc,cpu      ] GC(389) User=0.20s Sys=0.01s Real=0.31s
[2026-01-16T08:46:26.035+0000][gc,start    ] GC(390) Pause Young (Normal) (G1 Evacuation Pause)
[2026-01-16T08:46:26.036+0000][gc,task     ] GC(390) Using 8 workers of 8 for evacuation
[2026-01-16T08:46:26.543+0000][gc,mmu      ] GC(390) MMU target violated: 201.0ms (200.0ms/201.0ms)
[2026-01-16T08:46:26.547+0000][gc,phases   ] GC(390)   Pre Evacuate Collection Set: 16.2ms
[2026-01-16T08:46:26.547+0000][gc,phases   ] GC(390)   Merge Heap Roots: 5.5ms
[2026-01-16T08:46:26.547+0000][gc,phases   ] GC(390)   Evacuate Collection Set: 412.5ms
[2026-01-16T08:46:26.552+0000][gc,phases   ] GC(390)   Post Evacuate Collection Set: 56.7ms
[2026-01-16T08:46:26.555+0000][gc,phases   ] GC(390)   Other: 19.9ms
[2026-01-16T08:46:26.556+0000][gc,heap     ] GC(390) Eden regions: 46->0(46)
[2026-01-16T08:46:26.557+0000][gc,heap     ] GC(390) Survivor regions: 5->5(7)
[2026-01-16T08:46:26.558+0000][gc,heap     ] GC(390) Old regions: 145->145
[2026-01-16T08:46:26.559+0000][gc,heap     ] GC(390) Humongous regions: 65->65
[2026-01-16T08:46:26.559+0000][gc,metaspace] GC(390) Metaspace: 12243K(12672K)->12243K(12672K) NonClass: 11150K(11328K)->11150K(11328K) Class: 1093K(1344K)->1093K(1344K)
[2026-01-16T08:46:26.559+0000][gc          ] GC(390) Pause Young (Normal) (G1 Evacuation Pause) 259M->214M(1024M) 524.116ms
[2026-01-16T08:46:26.562+0000][gc,cpu      ] GC(390) User=0.15s Sys=0.04s Real=0.53s
[2026-01-16T08:46:27.860+0000][gc,start    ] GC(391) Pause Young (Normal) (G1 Evacuation Pause)
[2026-01-16T08:46:27.871+0000][gc,task     ] GC(391) Using 8 workers of 8 for evacuation
[2026-01-16T08:46:28.255+0000][gc,mmu      ] GC(391) MMU target violated: 201.0ms (200.0ms/201.0ms)
[2026-01-16T08:46:28.257+0000][gc,phases   ] GC(391)   Pre Evacuate Collection Set: 62.5ms
[2026-01-16T08:46:28.258+0000][gc,phases   ] GC(391)   Merge Heap Roots: 3.5ms
[2026-01-16T08:46:28.260+0000][gc,phases   ] GC(391)   Evacuate Collection Set: 280.2ms
[2026-01-16T08:46:28.260+0000][gc,phases   ] GC(391)   Post Evacuate Collection Set: 10.6ms
[2026-01-16T08:46:28.261+0000][gc,phases   ] GC(391)   Other: 28.9ms
[2026-01-16T08:46:28.261+0000][gc,heap     ] GC(391) Eden regions: 46->0(46)
[2026-01-16T08:46:28.261+0000][gc,heap     ] GC(391) Survivor regions: 5->5(7)
[2026-01-16T08:46:28.261+0000][gc,heap     ] GC(391) Old regions: 145->146
[2026-01-16T08:46:28.261+0000][gc,heap     ] GC(391) Humongous regions: 65->65
[2026-01-16T08:46:28.261+0000][gc,metaspace] GC(391) Metaspace: 12244K(12672K)->12244K(12672K) NonClass: 11150K(11328K)->11150K(11328K) Class: 1093K(1344K)->1093K(1344K)
[2026-01-16T08:46:28.261+0000][gc          ] GC(391) Pause Young (Normal) (G1 Evacuation Pause) 260M->215M(1024M) 401.542ms
[2026-01-16T08:46:28.261+0000][gc,cpu      ] GC(391) User=0.17s Sys=0.03s Real=0.40s
[2026-01-16T08:46:28.726+0000][gc,start    ] GC(392) Pause Young (Normal) (G1 Evacuation Pause)
[2026-01-16T08:46:28.729+0000][gc,task     ] GC(392) Using 8 workers of 8 for evacuation
[2026-01-16T08:46:28.985+0000][gc,mmu      ] GC(392) MMU target violated: 201.0ms (200.0ms/201.0ms)
[2026-01-16T08:46:28.989+0000][gc,phases   ] GC(392)   Pre Evacuate Collection Set: 3.3ms
[2026-01-16T08:46:28.990+0000][gc,phases   ] GC(392)   Merge Heap Roots: 14.4ms
[2026-01-16T08:46:28.990+0000][gc,phases   ] GC(392)   Evacuate Collection Set: 194.1ms
[2026-01-16T08:46:28.991+0000][gc,phases   ] GC(392)   Post Evacuate Collection Set: 4.6ms
[2026-01-16T08:46:28.991+0000][gc,phases   ] GC(392)   Other: 43.6ms
[2026-01-16T08:46:28.991+0000][gc,heap     ] GC(392) Eden regions: 46->0(46)
[2026-01-16T08:46:28.992+0000][gc,heap     ] GC(392) Survivor regions: 5->5(7)
[2026-01-16T08:46:28.993+0000][gc,heap     ] GC(392) Old regions: 146->147
[2026-01-16T08:46:28.994+0000][gc,heap     ] GC(392) Humongous regions: 65->65
[2026-01-16T08:46:28.995+0000][gc,metaspace] GC(392) Metaspace: 12244K(12672K)->12244K(12672K) NonClass: 11150K(11328K)->11150K(11328K) Class: 1093K(1344K)->1093K(1344K)
[2026-01-16T08:46:28.996+0000][gc          ] GC(392) Pause Young (Normal) (G1 Evacuation Pause) 261M->215M(1024M) 269.414ms
[2026-01-16T08:46:29.000+0000][gc,cpu      ] GC(392) User=0.13s Sys=0.04s Real=0.28s
[2026-01-16T08:46:29.993+0000][gc,start    ] GC(393) Pause Young (Normal) (G1 Evacuation Pause)
[2026-01-16T08:46:29.998+0000][gc,task     ] GC(393) Using 8 workers of 8 for evacuation
[2026-01-16T08:46:30.491+0000][gc,mmu      ] GC(393) MMU target violated: 201.0ms (200.0ms/201.0ms)
[2026-01-16T08:46:30.508+0000][gc,phases   ] GC(393)   Pre Evacuate Collection Set: 22.8ms
[2026-01-16T08:46:30.511+0000][gc,phases   ] GC(393)   Merge Heap Roots: 0.3ms
[2026-01-16T08:46:30.516+0000][gc,phases   ] GC(393)   Evacuate Collection Set: 407.4ms
[2026-01-16T08:46:30.527+0000][gc,phases   ] GC(393)   Post Evacuate Collection Set: 58.6ms
[2026-01-16T08:46:30.536+0000][gc,phases   ] GC(393)   Other: 23.7ms
[2026-01-16T08:46:30.588+0000][gc,heap     ] GC(393) Eden regions: 46->0(46)
[2026-01-16T08:46:30.599+0000][gc,heap     ] GC(393) Survivor regions: 5->5(7)
[2026-01-16T08:46:30.607+0000][gc,heap     ] GC(393) Old regions: 147->147
[2026-01-16T08:46:30.623+0000][gc,heap     ] GC(393) Humongous regions: 65->65
[2026-01-16T08:46:30.627+0000][gc,metaspace] GC(393) Metaspace: 12245K(12672K)->12245K(12672K) NonClass: 11152K(11328K)->11152K(11328K) Class: 1093K(1344K)->1093K(1344K)
[2026-01-16T08:46:30.635+0000][gc          ] GC(393) Pause Young (Normal) (G1 Evacuation Pause) 261M->215M(1024M) 642.008ms
[2026-01-16T08:46:30.650+0000][gc,cpu      ] GC(393) User=0.10s Sys=0.02s Real=0.66s
[2026-01-16T08:46:31.930+0000][gc,start    ] GC(394) Pause Young (Normal) (G1 Evacuation Pause)
[2026-01-16T08:46:31.931+0000][gc,task     ] GC(394) Using 8 workers of 8 for evacuation
[2026-01-16T08:46:32.519+0000][gc,mmu      ] GC(394) MMU target violated: 201.0ms (200.0ms/201.0ms)
[2026-01-16T08:46:32.532+0000][gc,phases   ] GC(394)   Pre Evacuate Collection Set: 18.6ms
[2026-01-16T08:46:32.533+0000][gc,phases   ] GC(394)   Merge Heap Roots: 3.2ms
[2026-01-16T08:46:32.533+0000][gc,phases   ] GC(394)   Evacuate Collection Set: 535.4ms
[2026-01-16T08:46:32.533+0000][gc,phases   ] GC(394)   Post Evacuate Collection Set: 28.0ms
[2026-01-16T08:46:32.534+0000][gc,phases   ] GC(394)   Other: 16.8ms
[2026-01-16T08:46:32.535+0000][gc,heap     ] GC(394) Eden regions: 46->0(46)
[2026-01-16T08:46:32.535+0000][gc,heap     ] GC(394) Survivor regions: 5->5(7)
[2026-01-16T08:46:32.536+0000][gc,heap     ] GC(394) Old regions: 147->148
[2026-01-16T08:46:32.537+0000][gc,heap     ] GC(394) Humongous regions: 65->65
[2026-01-16T08:46:32.537+0000][gc,metaspace] GC(394) Metaspace: 12248K(12672K)->12248K(12672K) NonClass: 11154K(11328K)->11154K(11328K) Class: 1093K(1344K)->1093K(1344K)
[2026-01-16T08:46:32.540+0000][gc          ] GC(394) Pause Young (Normal) (G1 Evacuation Pause) 261M->216M(1024M) 610.163ms
[2026-01-16T08:46:32.540+0000][gc,cpu      ] GC(394) User=0.11s Sys=0.01s Real=0.61s
[2026-01-16T08:46:33.937+0000][gc,start    ] GC(395) Pause Young (Normal) (G1 Evacuation Pause)
[2026-01-16T08:46:33.940+0000][gc,task     ] GC(395) Using 8 workers of 8 for evacuation
[2026-01-16T08:46:34.342+0000][gc,mmu      ] GC(395) MMU target violated: 201.0ms (200.0ms/201.0ms)
[2026-01-16T08:46:34.345+0000][gc,phases   ] GC(395)   Pre Evacuate Collection Set: 38.3ms
[2026-01-16T08:46:34.346+0000][gc,phases   ] GC(395)   Merge Heap Roots: 14.1ms
[2026-01-16T08:46:34.347+0000][gc,phases   ] GC(395)   Evacuate Collection Set: 337.4ms
[2026-01-16T08:46:34.349+0000][gc,phases   ] GC(395)   Post Evacuate Collection Set: 9.7ms
[2026-01-16T08:46:34.350+0000][gc,phases   ] GC(395)   Other: 5.9ms
[2026-01-16T08:46:34.350+0000][gc,heap     ] GC(395) Eden regions: 46->0(47)
[2026-01-16T08:46:34.350+0000][gc,heap     ] GC(395) Survivor regions: 5->4(7)
[2026-01-16T08:46:34.350+0000][gc,heap     ] GC(395) Old regions: 148->149
[2026-01-16T08:46:34.353+0000][gc,heap     ] GC(395) Humongous regions: 65->65
[2026-01-16T08:46:34.355+0000][gc,metaspace] GC(395) Metaspace: 12249K(12672K)->12249K(12672K) NonClass: 11155K(11328K)->11155K(11328K) Class: 1093K(1344K)->1093K(1344K)
[2026-01-16T08:46:34.362+0000][gc          ] GC(395) Pause Young (Normal) (G1 Evacuation Pause) 262M->217M(1024M) 424.239ms
[2026-01-16T08:46:34.371+0000][gc,cpu      ] GC(395) User=0.10s Sys=0.04s Real=0.44s
[2026-01-16T08:46:35.156+0000][gc,start    ] GC(396) Pause Young (Normal) (G1 Evacuation Pause)
[2026-01-16T08:46:35.160+0000][gc,task     ] GC(396) Using 8 workers of 8 for evacuation
[2026-01-16T08:46:35.292+0000][gc,phases   ] GC(396)   Pre Evacuate Collection Set: 7.4ms
[2026-01-16T08:46:35.305+0000][gc,phases   ] GC(396)   Merge Heap Roots: 0.3ms
[2026-01-16T08:46:35.306+0000][gc,phases   ] GC(396)   Evacuate Collection Set: 121.5ms
[2026-01-16T08:46:35.306+0000][gc,phases   ] GC(396)   Post Evacuate Collection Set: 2.0ms
[2026-01-16T08:46:35.307+0000][gc,phases   ] GC(396)   Other: 1.5ms
[2026-01-16T08:46:35.309+0000][gc,heap     ] GC(396) Eden regions: 47->0(47)
[2026-01-16T08:46:35.309+0000][gc,heap     ] GC(396) Survivor regions: 4->4(7)
[2026-01-16T08:46:35.309+0000][gc,heap     ] GC(396) Old regions: 149->149
[2026-01-16T08:46:35.310+0000][gc,heap     ] GC(396) Humongous regions: 65->65
[2026-01-16T08:46:35.310+0000][gc,metaspace] GC(396) Metaspace: 12249K(12672K)->12249K(12672K) NonClass: 11156K(11328K)->11156K(11328K) Class: 1093K(1344K)->1093K(1344K)
[2026-01-16T08:46:35.311+0000][gc          ] GC(396) Pause Young (Normal) (G1 Evacuation Pause) 264M->217M(1024M) 154.968ms
[2026-01-16T08:46:35.312+0000][gc,cpu      ] GC(396) User=0.06s Sys=0.02s Real=0.16s
[2026-01-16T08:46:35.815+0000][gc,start    ] GC(397) Pause Young (Normal) (G1 Evacuation Pause)
[2026-01-16T08:46:35.816+0000][gc,task     ] GC(397) Using 8 workers of 8 for evacuation
[2026-01-16T08:46:35.890+0000][gc,phases   ] GC(397)   Pre Evacuate Collection Set: 4.0ms
[2026-01-16T08:46:35.895+0000][gc,phases   ] GC(397)   Merge Heap Roots: 1.4ms
[2026-01-16T08:46:35.899+0000][gc,phases   ] GC(397)   Evacuate Collection Set: 46.0ms
[2026-01-16T08:46:35.900+0000][gc,phases   ] GC(397)   Post Evacuate Collection Set: 21.8ms
[2026-01-16T08:46:35.901+0000][gc,phases   ] GC(397)   Other: 0.6ms
[2026-01-16T08:46:35.907+0000][gc,heap     ] GC(397) Eden regions: 47->0(46)
[2026-01-16T08:46:35.914+0000][gc,heap     ] GC(397) Survivor regions: 4->5(7)
[2026-01-16T08:46:35.914+0000][gc,heap     ] GC(397) Old regions: 149->150
[2026-01-16T08:46:35.914+0000][gc,heap     ] GC(397) Humongous regions: 65->65
[2026-01-16T08:46:35.915+0000][gc,metaspace] GC(397) Metaspace: 12249K(12672K)->12249K(12672K) NonClass: 11156K(11328K)->11156K(11328K) Class: 1093K(1344K)->1093K(1344K)
[2026-01-16T08:46:35.915+0000][gc          ] GC(397) Pause Young (Normal) (G1 Evacuation Pause) 264M->218M(1024M) 99.278ms
[2026-01-16T08:46:35.915+0000][gc,cpu      ] GC(397) User=0.05s Sys=0.00s Real=0.10s
[2026-01-16T08:46:36.492+0000][gc,start    ] GC(398) Pause Young (Normal) (G1 Evacuation Pause)
[2026-01-16T08:46:36.497+0000][gc,task     ] GC(398) Using 8 workers of 8 for evacuation
[2026-01-16T08:46:36.704+0000][gc,mmu      ] GC(398) MMU target violated: 201.0ms (200.0ms/201.0ms)
[2026-01-16T08:46:36.705+0000][gc,phases   ] GC(398)   Pre Evacuate Collection Set: 34.2ms
[2026-01-16T08:46:36.706+0000][gc,phases   ] GC(398)   Merge Heap Roots: 2.2ms
[2026-01-16T08:46:36.707+0000][gc,phases   ] GC(398)   Evacuate Collection Set: 167.4ms
[2026-01-16T08:46:36.707+0000][gc,phases   ] GC(398)   Post Evacuate Collection Set: 2.7ms
[2026-01-16T08:46:36.708+0000][gc,phases   ] GC(398)   Other: 2.1ms
[2026-01-16T08:46:36.708+0000][gc,heap     ] GC(398) Eden regions: 46->0(46)
[2026-01-16T08:46:36.710+0000][gc,heap     ] GC(398) Survivor regions: 5->5(7)
[2026-01-16T08:46:36.710+0000][gc,heap     ] GC(398) Old regions: 150->150
[2026-01-16T08:46:36.711+0000][gc,heap     ] GC(398) Humongous regions: 65->65
[2026-01-16T08:46:36.711+0000][gc,metaspace] GC(398) Metaspace: 12250K(12672K)->12250K(12672K) NonClass: 11156K(11328K)->11156K(11328K) Class: 1093K(1344K)->1093K(1344K)
[2026-01-16T08:46:36.711+0000][gc          ] GC(398) Pause Young (Normal) (G1 Evacuation Pause) 264M->219M(1024M) 218.862ms
[2026-01-16T08:46:36.713+0000][gc,cpu      ] GC(398) User=0.08s Sys=0.00s Real=0.22s
[2026-01-16T08:46:37.421+0000][gc,start    ] GC(399) Pause Young (Normal) (G1 Evacuation Pause)
[2026-01-16T08:46:37.432+0000][gc,task     ] GC(399) Using 8 workers of 8 for evacuation
[2026-01-16T08:46:37.890+0000][gc,mmu      ] GC(399) MMU target violated: 201.0ms (200.0ms/201.0ms)
[2026-01-16T08:46:37.892+0000][gc,phases   ] GC(399)   Pre Evacuate Collection Set: 8.8ms
[2026-01-16T08:46:37.893+0000][gc,phases   ] GC(399)   Merge Heap Roots: 2.6ms
[2026-01-16T08:46:37.898+0000][gc,phases   ] GC(399)   Evacuate Collection Set: 402.1ms
[2026-01-16T08:46:37.906+0000][gc,phases   ] GC(399)   Post Evacuate Collection Set: 20.0ms
[2026-01-16T08:46:37.910+0000][gc,phases   ] GC(399)   Other: 26.6ms
[2026-01-16T08:46:37.911+0000][gc,heap     ] GC(399) Eden regions: 46->0(46)
[2026-01-16T08:46:37.912+0000][gc,heap     ] GC(399) Survivor regions: 5->5(7)
[2026-01-16T08:46:37.920+0000][gc,heap     ] GC(399) Old regions: 150->151
[2026-01-16T08:46:37.925+0000][gc,heap     ] GC(399) Humongous regions: 65->65
[2026-01-16T08:46:37.927+0000][gc,metaspace] GC(399) Metaspace: 12250K(12672K)->12250K(12672K) NonClass: 11156K(11328K)->11156K(11328K) Class: 1093K(1344K)->1093K(1344K)
[2026-01-16T08:46:37.935+0000][gc          ] GC(399) Pause Young (Normal) (G1 Evacuation Pause) 265M->219M(1024M) 513.576ms
[2026-01-16T08:46:37.936+0000][gc,cpu      ] GC(399) User=0.16s Sys=0.05s Real=0.51s
[2026-01-16T08:46:39.478+0000][gc,start    ] GC(400) Pause Young (Normal) (G1 Evacuation Pause)
[2026-01-16T08:46:39.485+0000][gc,task     ] GC(400) Using 8 workers of 8 for evacuation
[2026-01-16T08:46:39.885+0000][gc,mmu      ] GC(400) MMU target violated: 201.0ms (200.0ms/201.0ms)
[2026-01-16T08:46:39.887+0000][gc,phases   ] GC(400)   Pre Evacuate Collection Set: 57.9ms
[2026-01-16T08:46:39.887+0000][gc,phases   ] GC(400)   Merge Heap Roots: 11.8ms
[2026-01-16T08:46:39.887+0000][gc,phases   ] GC(400)   Evacuate Collection Set: 317.3ms
[2026-01-16T08:46:39.888+0000][gc,phases   ] GC(400)   Post Evacuate Collection Set: 5.2ms
[2026-01-16T08:46:39.888+0000][gc,phases   ] GC(400)   Other: 9.7ms
[2026-01-16T08:46:39.888+0000][gc,heap     ] GC(400) Eden regions: 46->0(46)
[2026-01-16T08:46:39.888+0000][gc,heap     ] GC(400) Survivor regions: 5->5(7)
[2026-01-16T08:46:39.888+0000][gc,heap     ] GC(400) Old regions: 151->151
[2026-01-16T08:46:39.889+0000][gc,heap     ] GC(400) Humongous regions: 65->65
[2026-01-16T08:46:39.889+0000][gc,metaspace] GC(400) Metaspace: 12289K(12736K)->12289K(12736K) NonClass: 11195K(11392K)->11195K(11392K) Class: 1093K(1344K)->1093K(1344K)
[2026-01-16T08:46:39.893+0000][gc          ] GC(400) Pause Young (Normal) (G1 Evacuation Pause) 265M->220M(1024M) 415.062ms
[2026-01-16T08:46:39.895+0000][gc,cpu      ] GC(400) User=0.19s Sys=0.02s Real=0.42s
[2026-01-16T08:46:41.321+0000][gc,start    ] GC(401) Pause Young (Normal) (G1 Evacuation Pause)
[2026-01-16T08:46:41.327+0000][gc,task     ] GC(401) Using 8 workers of 8 for evacuation
[2026-01-16T08:46:41.640+0000][gc,mmu      ] GC(401) MMU target violated: 201.0ms (200.0ms/201.0ms)
[2026-01-16T08:46:41.643+0000][gc,phases   ] GC(401)   Pre Evacuate Collection Set: 20.9ms
[2026-01-16T08:46:41.652+0000][gc,phases   ] GC(401)   Merge Heap Roots: 6.1ms
[2026-01-16T08:46:41.653+0000][gc,phases   ] GC(401)   Evacuate Collection Set: 260.2ms
[2026-01-16T08:46:41.654+0000][gc,phases   ] GC(401)   Post Evacuate Collection Set: 16.4ms
[2026-01-16T08:46:41.654+0000][gc,phases   ] GC(401)   Other: 11.6ms
[2026-01-16T08:46:41.655+0000][gc,heap     ] GC(401) Eden regions: 46->0(47)
[2026-01-16T08:46:41.655+0000][gc,heap     ] GC(401) Survivor regions: 5->4(7)
[2026-01-16T08:46:41.658+0000][gc,heap     ] GC(401) Old regions: 151->153
[2026-01-16T08:46:41.660+0000][gc,heap     ] GC(401) Humongous regions: 65->65
[2026-01-16T08:46:41.661+0000][gc,metaspace] GC(401) Metaspace: 12293K(12736K)->12293K(12736K) NonClass: 11199K(11392K)->11199K(11392K) Class: 1093K(1344K)->1093K(1344K)
[2026-01-16T08:46:41.661+0000][gc          ] GC(401) Pause Young (Normal) (G1 Evacuation Pause) 266M->220M(1024M) 339.513ms
[2026-01-16T08:46:41.661+0000][gc,cpu      ] GC(401) User=0.12s Sys=0.03s Real=0.34s
[2026-01-16T08:46:43.715+0000][gc,start    ] GC(402) Pause Young (Normal) (G1 Evacuation Pause)
[2026-01-16T08:46:43.723+0000][gc,task     ] GC(402) Using 8 workers of 8 for evacuation
[2026-01-16T08:46:44.246+0000][gc,mmu      ] GC(402) MMU target violated: 201.0ms (200.0ms/201.0ms)
[2026-01-16T08:46:44.250+0000][gc,phases   ] GC(402)   Pre Evacuate Collection Set: 18.7ms
[2026-01-16T08:46:44.253+0000][gc,phases   ] GC(402)   Merge Heap Roots: 8.0ms
[2026-01-16T08:46:44.254+0000][gc,phases   ] GC(402)   Evacuate Collection Set: 449.9ms
[2026-01-16T08:46:44.257+0000][gc,phases   ] GC(402)   Post Evacuate Collection Set: 44.9ms
[2026-01-16T08:46:44.260+0000][gc,phases   ] GC(402)   Other: 5.7ms
[2026-01-16T08:46:44.261+0000][gc,heap     ] GC(402) Eden regions: 47->0(46)
[2026-01-16T08:46:44.261+0000][gc,heap     ] GC(402) Survivor regions: 4->5(7)
[2026-01-16T08:46:44.264+0000][gc,heap     ] GC(402) Old regions: 153->153
[2026-01-16T08:46:44.264+0000][gc,heap     ] GC(402) Humongous regions: 65->65
[2026-01-16T08:46:44.264+0000][gc,metaspace] GC(402) Metaspace: 12293K(12736K)->12293K(12736K) NonClass: 11199K(11392K)->11199K(11392K) Class: 1093K(1344K)->1093K(1344K)
[2026-01-16T08:46:44.265+0000][gc          ] GC(402) Pause Young (Normal) (G1 Evacuation Pause) 267M->221M(1024M) 550.574ms
[2026-01-16T08:46:44.266+0000][gc,cpu      ] GC(402) User=0.26s Sys=0.04s Real=0.55s
[2026-01-16T08:46:45.273+0000][gc,start    ] GC(403) Pause Young (Normal) (GCLocker Initiated GC)
[2026-01-16T08:46:45.280+0000][gc,task     ] GC(403) Using 8 workers of 8 for evacuation
[2026-01-16T08:46:45.428+0000][gc,phases   ] GC(403)   Pre Evacuate Collection Set: 21.2ms
[2026-01-16T08:46:45.430+0000][gc,phases   ] GC(403)   Merge Heap Roots: 8.0ms
[2026-01-16T08:46:45.432+0000][gc,phases   ] GC(403)   Evacuate Collection Set: 107.9ms
[2026-01-16T08:46:45.435+0000][gc,phases   ] GC(403)   Post Evacuate Collection Set: 10.9ms
[2026-01-16T08:46:45.438+0000][gc,phases   ] GC(403)   Other: 4.5ms
[2026-01-16T08:46:45.439+0000][gc,heap     ] GC(403) Eden regions: 47->0(46)
[2026-01-16T08:46:45.439+0000][gc,heap     ] GC(403) Survivor regions: 5->5(7)
[2026-01-16T08:46:45.440+0000][gc,heap     ] GC(403) Old regions: 153->153
[2026-01-16T08:46:45.440+0000][gc,heap     ] GC(403) Humongous regions: 65->65
[2026-01-16T08:46:45.441+0000][gc,metaspace] GC(403) Metaspace: 12293K(12736K)->12293K(12736K) NonClass: 11199K(11392K)->11199K(11392K) Class: 1093K(1344K)->1093K(1344K)
[2026-01-16T08:46:45.442+0000][gc          ] GC(403) Pause Young (Normal) (GCLocker Initiated GC) 268M->222M(1024M) 168.294ms
[2026-01-16T08:46:45.444+0000][gc,cpu      ] GC(403) User=0.13s Sys=0.01s Real=0.17s
[2026-01-16T08:46:47.387+0000][gc,start    ] GC(404) Pause Young (Normal) (G1 Evacuation Pause)
[2026-01-16T08:46:47.388+0000][gc,task     ] GC(404) Using 8 workers of 8 for evacuation
[2026-01-16T08:46:47.855+0000][gc,mmu      ] GC(404) MMU target violated: 201.0ms (200.0ms/201.0ms)
[2026-01-16T08:46:47.855+0000][gc,phases   ] GC(404)   Pre Evacuate Collection Set: 12.4ms
[2026-01-16T08:46:47.856+0000][gc,phases   ] GC(404)   Merge Heap Roots: 1.3ms
[2026-01-16T08:46:47.856+0000][gc,phases   ] GC(404)   Evacuate Collection Set: 411.7ms
[2026-01-16T08:46:47.857+0000][gc,phases   ] GC(404)   Post Evacuate Collection Set: 38.5ms
[2026-01-16T08:46:47.857+0000][gc,phases   ] GC(404)   Other: 3.5ms
[2026-01-16T08:46:47.857+0000][gc,heap     ] GC(404) Eden regions: 46->0(46)
[2026-01-16T08:46:47.857+0000][gc,heap     ] GC(404) Survivor regions: 5->5(7)
[2026-01-16T08:46:47.857+0000][gc,heap     ] GC(404) Old regions: 153->154
[2026-01-16T08:46:47.857+0000][gc,heap     ] GC(404) Humongous regions: 65->65
[2026-01-16T08:46:47.858+0000][gc,metaspace] GC(404) Metaspace: 12293K(12736K)->12293K(12736K) NonClass: 11199K(11392K)->11199K(11392K) Class: 1093K(1344K)->1093K(1344K)
[2026-01-16T08:46:47.860+0000][gc          ] GC(404) Pause Young (Normal) (G1 Evacuation Pause) 268M->222M(1024M) 473.267ms
[2026-01-16T08:46:47.861+0000][gc,cpu      ] GC(404) User=0.23s Sys=0.08s Real=0.47s
[2026-01-16T08:46:51.832+0000][gc,start    ] GC(405) Pause Young (Normal) (G1 Evacuation Pause)
[2026-01-16T08:46:51.833+0000][gc,task     ] GC(405) Using 8 workers of 8 for evacuation
[2026-01-16T08:46:52.406+0000][gc,mmu      ] GC(405) MMU target violated: 201.0ms (200.0ms/201.0ms)
[2026-01-16T08:46:52.407+0000][gc,phases   ] GC(405)   Pre Evacuate Collection Set: 67.4ms
[2026-01-16T08:46:52.408+0000][gc,phases   ] GC(405)   Merge Heap Roots: 15.9ms
[2026-01-16T08:46:52.410+0000][gc,phases   ] GC(405)   Evacuate Collection Set: 459.3ms
[2026-01-16T08:46:52.411+0000][gc,phases   ] GC(405)   Post Evacuate Collection Set: 24.6ms
[2026-01-16T08:46:52.411+0000][gc,phases   ] GC(405)   Other: 6.8ms
[2026-01-16T08:46:52.412+0000][gc,heap     ] GC(405) Eden regions: 46->0(46)
[2026-01-16T08:46:52.413+0000][gc,heap     ] GC(405) Survivor regions: 5->5(7)
[2026-01-16T08:46:52.413+0000][gc,heap     ] GC(405) Old regions: 154->154
[2026-01-16T08:46:52.414+0000][gc,heap     ] GC(405) Humongous regions: 65->65
[2026-01-16T08:46:52.415+0000][gc,metaspace] GC(405) Metaspace: 12294K(12736K)->12294K(12736K) NonClass: 11201K(11392K)->11201K(11392K) Class: 1093K(1344K)->1093K(1344K)
[2026-01-16T08:46:52.415+0000][gc          ] GC(405) Pause Young (Normal) (G1 Evacuation Pause) 268M->223M(1024M) 583.027ms
[2026-01-16T08:46:52.415+0000][gc,cpu      ] GC(405) User=0.24s Sys=0.03s Real=0.58s
[2026-01-16T08:46:55.122+0000][gc,start    ] GC(406) Pause Young (Normal) (G1 Evacuation Pause)
[2026-01-16T08:46:55.127+0000][gc,task     ] GC(406) Using 8 workers of 8 for evacuation
[2026-01-16T08:46:55.372+0000][gc,mmu      ] GC(406) MMU target violated: 201.0ms (200.0ms/201.0ms)
[2026-01-16T08:46:55.394+0000][gc,phases   ] GC(406)   Pre Evacuate Collection Set: 41.8ms
[2026-01-16T08:46:55.400+0000][gc,phases   ] GC(406)   Merge Heap Roots: 0.4ms
[2026-01-16T08:46:55.400+0000][gc,phases   ] GC(406)   Evacuate Collection Set: 193.8ms
[2026-01-16T08:46:55.402+0000][gc,phases   ] GC(406)   Post Evacuate Collection Set: 8.5ms
[2026-01-16T08:46:55.403+0000][gc,phases   ] GC(406)   Other: 22.6ms
[2026-01-16T08:46:55.406+0000][gc,heap     ] GC(406) Eden regions: 46->0(46)
[2026-01-16T08:46:55.406+0000][gc,heap     ] GC(406) Survivor regions: 5->5(7)
[2026-01-16T08:46:55.408+0000][gc,heap     ] GC(406) Old regions: 154->155
[2026-01-16T08:46:55.414+0000][gc,heap     ] GC(406) Humongous regions: 65->65
[2026-01-16T08:46:55.418+0000][gc,metaspace] GC(406) Metaspace: 12300K(12736K)->12300K(12736K) NonClass: 11207K(11392K)->11207K(11392K) Class: 1093K(1344K)->1093K(1344K)
[2026-01-16T08:46:55.419+0000][gc          ] GC(406) Pause Young (Normal) (G1 Evacuation Pause) 269M->223M(1024M) 297.032ms
[2026-01-16T08:46:55.419+0000][gc,cpu      ] GC(406) User=0.16s Sys=0.02s Real=0.29s
[2026-01-16T08:46:57.683+0000][gc,start    ] GC(407) Pause Young (Normal) (G1 Evacuation Pause)
[2026-01-16T08:46:57.685+0000][gc,task     ] GC(407) Using 8 workers of 8 for evacuation
[2026-01-16T08:46:57.994+0000][gc,mmu      ] GC(407) MMU target violated: 201.0ms (200.0ms/201.0ms)
[2026-01-16T08:46:57.995+0000][gc,phases   ] GC(407)   Pre Evacuate Collection Set: 15.4ms
[2026-01-16T08:46:58.001+0000][gc,phases   ] GC(407)   Merge Heap Roots: 4.6ms
[2026-01-16T08:46:58.001+0000][gc,phases   ] GC(407)   Evacuate Collection Set: 261.9ms
[2026-01-16T08:46:58.001+0000][gc,phases   ] GC(407)   Post Evacuate Collection Set: 26.2ms
[2026-01-16T08:46:58.001+0000][gc,phases   ] GC(407)   Other: 3.0ms
[2026-01-16T08:46:58.001+0000][gc,heap     ] GC(407) Eden regions: 46->0(46)
[2026-01-16T08:46:58.001+0000][gc,heap     ] GC(407) Survivor regions: 5->5(7)
[2026-01-16T08:46:58.001+0000][gc,heap     ] GC(407) Old regions: 155->156
[2026-01-16T08:46:58.002+0000][gc,heap     ] GC(407) Humongous regions: 65->65
[2026-01-16T08:46:58.002+0000][gc,metaspace] GC(407) Metaspace: 12300K(12736K)->12300K(12736K) NonClass: 11207K(11392K)->11207K(11392K) Class: 1093K(1344K)->1093K(1344K)
[2026-01-16T08:46:58.002+0000][gc          ] GC(407) Pause Young (Normal) (G1 Evacuation Pause) 269M->224M(1024M) 319.018ms
[2026-01-16T08:46:58.003+0000][gc,cpu      ] GC(407) User=0.17s Sys=0.03s Real=0.32s
[2026-01-16T08:47:04.378+0000][gc,start    ] GC(408) Pause Young (Normal) (G1 Evacuation Pause)
[2026-01-16T08:47:04.446+0000][gc,task     ] GC(408) Using 8 workers of 8 for evacuation
[2026-01-16T08:47:05.573+0000][gc,mmu      ] GC(408) MMU target violated: 201.0ms (200.0ms/201.0ms)
[2026-01-16T08:47:05.576+0000][gc,phases   ] GC(408)   Pre Evacuate Collection Set: 91.0ms
[2026-01-16T08:47:05.578+0000][gc,phases   ] GC(408)   Merge Heap Roots: 46.3ms
[2026-01-16T08:47:05.579+0000][gc,phases   ] GC(408)   Evacuate Collection Set: 883.2ms
[2026-01-16T08:47:05.579+0000][gc,phases   ] GC(408)   Post Evacuate Collection Set: 94.8ms
[2026-01-16T08:47:05.580+0000][gc,phases   ] GC(408)   Other: 29.5ms
[2026-01-16T08:47:05.580+0000][gc,heap     ] GC(408) Eden regions: 46->0(48)
[2026-01-16T08:47:05.580+0000][gc,heap     ] GC(408) Survivor regions: 5->3(7)
[2026-01-16T08:47:05.581+0000][gc,heap     ] GC(408) Old regions: 156->157
[2026-01-16T08:47:05.581+0000][gc,heap     ] GC(408) Humongous regions: 65->65
[2026-01-16T08:47:05.582+0000][gc,metaspace] GC(408) Metaspace: 12300K(12736K)->12300K(12736K) NonClass: 11207K(11392K)->11207K(11392K) Class: 1093K(1344K)->1093K(1344K)
[2026-01-16T08:47:05.584+0000][gc          ] GC(408) Pause Young (Normal) (G1 Evacuation Pause) 270M->223M(1024M) 1206.235ms
[2026-01-16T08:47:05.584+0000][gc,cpu      ] GC(408) User=0.57s Sys=0.13s Real=1.21s
[2026-01-16T08:47:11.283+0000][gc,start    ] GC(409) Pause Young (Normal) (G1 Evacuation Pause)
[2026-01-16T08:47:11.297+0000][gc,task     ] GC(409) Using 8 workers of 8 for evacuation
[2026-01-16T08:47:11.995+0000][gc,mmu      ] GC(409) MMU target violated: 201.0ms (200.0ms/201.0ms)
[2026-01-16T08:47:11.996+0000][gc,phases   ] GC(409)   Pre Evacuate Collection Set: 131.4ms
[2026-01-16T08:47:11.999+0000][gc,phases   ] GC(409)   Merge Heap Roots: 29.5ms
[2026-01-16T08:47:12.001+0000][gc,phases   ] GC(409)   Evacuate Collection Set: 492.1ms
[2026-01-16T08:47:12.015+0000][gc,phases   ] GC(409)   Post Evacuate Collection Set: 42.3ms
[2026-01-16T08:47:12.016+0000][gc,phases   ] GC(409)   Other: 4.7ms
[2026-01-16T08:47:12.017+0000][gc,heap     ] GC(409) Eden regions: 48->0(48)
[2026-01-16T08:47:12.017+0000][gc,heap     ] GC(409) Survivor regions: 3->3(7)
[2026-01-16T08:47:12.018+0000][gc,heap     ] GC(409) Old regions: 157->157
[2026-01-16T08:47:12.019+0000][gc,heap     ] GC(409) Humongous regions: 65->65
[2026-01-16T08:47:12.020+0000][gc,metaspace] GC(409) Metaspace: 12300K(12736K)->12300K(12736K) NonClass: 11207K(11392K)->11207K(11392K) Class: 1093K(1344K)->1093K(1344K)
[2026-01-16T08:47:12.021+0000][gc          ] GC(409) Pause Young (Normal) (G1 Evacuation Pause) 271M->224M(1024M) 737.646ms
[2026-01-16T08:47:12.021+0000][gc,cpu      ] GC(409) User=0.24s Sys=0.00s Real=0.74s
[2026-01-16T08:47:13.609+0000][gc,start    ] GC(410) Pause Young (Normal) (G1 Evacuation Pause)
[2026-01-16T08:47:13.617+0000][gc,task     ] GC(410) Using 8 workers of 8 for evacuation
[2026-01-16T08:47:13.946+0000][gc,mmu      ] GC(410) MMU target violated: 201.0ms (200.0ms/201.0ms)
[2026-01-16T08:47:13.948+0000][gc,phases   ] GC(410)   Pre Evacuate Collection Set: 30.3ms
[2026-01-16T08:47:13.949+0000][gc,phases   ] GC(410)   Merge Heap Roots: 1.0ms
[2026-01-16T08:47:13.949+0000][gc,phases   ] GC(410)   Evacuate Collection Set: 277.1ms
[2026-01-16T08:47:13.949+0000][gc,phases   ] GC(410)   Post Evacuate Collection Set: 17.2ms
[2026-01-16T08:47:13.950+0000][gc,phases   ] GC(410)   Other: 6.3ms
[2026-01-16T08:47:13.950+0000][gc,heap     ] GC(410) Eden regions: 48->0(47)
[2026-01-16T08:47:13.950+0000][gc,heap     ] GC(410) Survivor regions: 3->4(7)
[2026-01-16T08:47:13.952+0000][gc,heap     ] GC(410) Old regions: 157->157
[2026-01-16T08:47:13.953+0000][gc,heap     ] GC(410) Humongous regions: 65->65
[2026-01-16T08:47:13.953+0000][gc,metaspace] GC(410) Metaspace: 12300K(12736K)->12300K(12736K) NonClass: 11207K(11392K)->11207K(11392K) Class: 1093K(1344K)->1093K(1344K)
[2026-01-16T08:47:13.954+0000][gc          ] GC(410) Pause Young (Normal) (G1 Evacuation Pause) 272M->225M(1024M) 345.194ms
[2026-01-16T08:47:13.956+0000][gc,cpu      ] GC(410) User=0.18s Sys=0.00s Real=0.35s
[2026-01-16T08:47:15.742+0000][gc,start    ] GC(411) Pause Young (Normal) (G1 Evacuation Pause)
[2026-01-16T08:47:15.744+0000][gc,task     ] GC(411) Using 8 workers of 8 for evacuation
[2026-01-16T08:47:15.902+0000][gc,phases   ] GC(411)   Pre Evacuate Collection Set: 10.4ms
[2026-01-16T08:47:15.904+0000][gc,phases   ] GC(411)   Merge Heap Roots: 0.6ms
[2026-01-16T08:47:15.904+0000][gc,phases   ] GC(411)   Evacuate Collection Set: 128.4ms
[2026-01-16T08:47:15.904+0000][gc,phases   ] GC(411)   Post Evacuate Collection Set: 11.2ms
[2026-01-16T08:47:15.905+0000][gc,phases   ] GC(411)   Other: 7.4ms
[2026-01-16T08:47:15.905+0000][gc,heap     ] GC(411) Eden regions: 47->0(48)
[2026-01-16T08:47:15.905+0000][gc,heap     ] GC(411) Survivor regions: 4->3(7)
[2026-01-16T08:47:15.905+0000][gc,heap     ] GC(411) Old regions: 157->157
[2026-01-16T08:47:15.905+0000][gc,heap     ] GC(411) Humongous regions: 65->65
[2026-01-16T08:47:15.906+0000][gc,metaspace] GC(411) Metaspace: 12300K(12736K)->12300K(12736K) NonClass: 11207K(11392K)->11207K(11392K) Class: 1093K(1344K)->1093K(1344K)
[2026-01-16T08:47:15.907+0000][gc          ] GC(411) Pause Young (Normal) (G1 Evacuation Pause) 272M->224M(1024M) 164.556ms
[2026-01-16T08:47:15.907+0000][gc,cpu      ] GC(411) User=0.12s Sys=0.00s Real=0.17s
[2026-01-16T08:47:16.972+0000][gc,start    ] GC(412) Pause Young (Normal) (G1 Evacuation Pause)
[2026-01-16T08:47:16.974+0000][gc,task     ] GC(412) Using 8 workers of 8 for evacuation
[2026-01-16T08:47:17.220+0000][gc,mmu      ] GC(412) MMU target violated: 201.0ms (200.0ms/201.0ms)
[2026-01-16T08:47:17.221+0000][gc,phases   ] GC(412)   Pre Evacuate Collection Set: 10.5ms
[2026-01-16T08:47:17.221+0000][gc,phases   ] GC(412)   Merge Heap Roots: 0.4ms
[2026-01-16T08:47:17.222+0000][gc,phases   ] GC(412)   Evacuate Collection Set: 214.2ms
[2026-01-16T08:47:17.222+0000][gc,phases   ] GC(412)   Post Evacuate Collection Set: 16.5ms
[2026-01-16T08:47:17.222+0000][gc,phases   ] GC(412)   Other: 5.9ms
[2026-01-16T08:47:17.227+0000][gc,heap     ] GC(412) Eden regions: 48->0(47)
[2026-01-16T08:47:17.228+0000][gc,heap     ] GC(412) Survivor regions: 3->4(7)
[2026-01-16T08:47:17.228+0000][gc,heap     ] GC(412) Old regions: 157->157
[2026-01-16T08:47:17.229+0000][gc,heap     ] GC(412) Humongous regions: 65->65
[2026-01-16T08:47:17.230+0000][gc,metaspace] GC(412) Metaspace: 12300K(12736K)->12300K(12736K) NonClass: 11207K(11392K)->11207K(11392K) Class: 1093K(1344K)->1093K(1344K)
[2026-01-16T08:47:17.231+0000][gc          ] GC(412) Pause Young (Normal) (G1 Evacuation Pause) 272M->224M(1024M) 259.300ms
[2026-01-16T08:47:17.232+0000][gc,cpu      ] GC(412) User=0.10s Sys=0.01s Real=0.26s
[2026-01-16T08:47:18.378+0000][gc,start    ] GC(413) Pause Young (Normal) (G1 Evacuation Pause)
[2026-01-16T08:47:18.378+0000][gc,task     ] GC(413) Using 8 workers of 8 for evacuation
[2026-01-16T08:47:18.719+0000][gc,mmu      ] GC(413) MMU target violated: 201.0ms (200.0ms/201.0ms)
[2026-01-16T08:47:18.720+0000][gc,phases   ] GC(413)   Pre Evacuate Collection Set: 2.4ms
[2026-01-16T08:47:18.723+0000][gc,phases   ] GC(413)   Merge Heap Roots: 0.3ms
[2026-01-16T08:47:18.725+0000][gc,phases   ] GC(413)   Evacuate Collection Set: 319.3ms
[2026-01-16T08:47:18.725+0000][gc,phases   ] GC(413)   Post Evacuate Collection Set: 18.4ms
[2026-01-16T08:47:18.727+0000][gc,phases   ] GC(413)   Other: 1.5ms
[2026-01-16T08:47:18.728+0000][gc,heap     ] GC(413) Eden regions: 47->0(46)
[2026-01-16T08:47:18.729+0000][gc,heap     ] GC(413) Survivor regions: 4->5(7)
[2026-01-16T08:47:18.729+0000][gc,heap     ] GC(413) Old regions: 157->157
[2026-01-16T08:47:18.736+0000][gc,heap     ] GC(413) Humongous regions: 65->65
[2026-01-16T08:47:18.738+0000][gc,metaspace] GC(413) Metaspace: 12300K(12736K)->12300K(12736K) NonClass: 11207K(11392K)->11207K(11392K) Class: 1093K(1344K)->1093K(1344K)
[2026-01-16T08:47:18.740+0000][gc          ] GC(413) Pause Young (Normal) (G1 Evacuation Pause) 271M->225M(1024M) 361.770ms
[2026-01-16T08:47:18.741+0000][gc,cpu      ] GC(413) User=0.09s Sys=0.01s Real=0.36s
[2026-01-16T08:47:20.848+0000][gc,start    ] GC(414) Pause Young (Normal) (G1 Evacuation Pause)
[2026-01-16T08:47:20.852+0000][gc,task     ] GC(414) Using 8 workers of 8 for evacuation
[2026-01-16T08:47:21.005+0000][gc,phases   ] GC(414)   Pre Evacuate Collection Set: 16.0ms
[2026-01-16T08:47:21.005+0000][gc,phases   ] GC(414)   Merge Heap Roots: 0.4ms
[2026-01-16T08:47:21.005+0000][gc,phases   ] GC(414)   Evacuate Collection Set: 132.5ms
[2026-01-16T08:47:21.006+0000][gc,phases   ] GC(414)   Post Evacuate Collection Set: 2.9ms
[2026-01-16T08:47:21.008+0000][gc,phases   ] GC(414)   Other: 1.1ms
[2026-01-16T08:47:21.009+0000][gc,heap     ] GC(414) Eden regions: 46->0(49)
[2026-01-16T08:47:21.009+0000][gc,heap     ] GC(414) Survivor regions: 5->2(7)
[2026-01-16T08:47:21.009+0000][gc,heap     ] GC(414) Old regions: 157->157
[2026-01-16T08:47:21.010+0000][gc,heap     ] GC(414) Humongous regions: 65->65
[2026-01-16T08:47:21.012+0000][gc,metaspace] GC(414) Metaspace: 12300K(12736K)->12300K(12736K) NonClass: 11207K(11392K)->11207K(11392K) Class: 1093K(1344K)->1093K(1344K)
[2026-01-16T08:47:21.013+0000][gc          ] GC(414) Pause Young (Normal) (G1 Evacuation Pause) 271M->223M(1024M) 165.342ms
[2026-01-16T08:47:21.015+0000][gc,cpu      ] GC(414) User=0.08s Sys=0.01s Real=0.16s
[2026-01-16T08:47:23.834+0000][gc,start    ] GC(415) Pause Young (Normal) (G1 Evacuation Pause)
[2026-01-16T08:47:23.836+0000][gc,task     ] GC(415) Using 8 workers of 8 for evacuation
[2026-01-16T08:47:24.264+0000][gc,mmu      ] GC(415) MMU target violated: 201.0ms (200.0ms/201.0ms)
[2026-01-16T08:47:24.266+0000][gc,phases   ] GC(415)   Pre Evacuate Collection Set: 20.7ms
[2026-01-16T08:47:24.266+0000][gc,phases   ] GC(415)   Merge Heap Roots: 0.4ms
[2026-01-16T08:47:24.271+0000][gc,phases   ] GC(415)   Evacuate Collection Set: 375.1ms
[2026-01-16T08:47:24.273+0000][gc,phases   ] GC(415)   Post Evacuate Collection Set: 24.7ms
[2026-01-16T08:47:24.278+0000][gc,phases   ] GC(415)   Other: 8.8ms
[2026-01-16T08:47:24.282+0000][gc,heap     ] GC(415) Eden regions: 49->0(49)
[2026-01-16T08:47:24.283+0000][gc,heap     ] GC(415) Survivor regions: 2->2(7)
[2026-01-16T08:47:24.287+0000][gc,heap     ] GC(415) Old regions: 157->157
[2026-01-16T08:47:24.288+0000][gc,heap     ] GC(415) Humongous regions: 65->65
[2026-01-16T08:47:24.291+0000][gc,metaspace] GC(415) Metaspace: 12303K(12736K)->12303K(12736K) NonClass: 11209K(11392K)->11209K(11392K) Class: 1093K(1344K)->1093K(1344K)
[2026-01-16T08:47:24.293+0000][gc          ] GC(415) Pause Young (Normal) (G1 Evacuation Pause) 272M->223M(1024M) 458.535ms
[2026-01-16T08:47:24.295+0000][gc,cpu      ] GC(415) User=0.18s Sys=0.01s Real=0.47s
[2026-01-16T08:47:28.996+0000][gc,start    ] GC(416) Pause Young (Normal) (G1 Evacuation Pause)
[2026-01-16T08:47:29.020+0000][gc,task     ] GC(416) Using 8 workers of 8 for evacuation
[2026-01-16T08:47:29.557+0000][gc,mmu      ] GC(416) MMU target violated: 201.0ms (200.0ms/201.0ms)
[2026-01-16T08:47:29.560+0000][gc,phases   ] GC(416)   Pre Evacuate Collection Set: 123.6ms
[2026-01-16T08:47:29.562+0000][gc,phases   ] GC(416)   Merge Heap Roots: 5.1ms
[2026-01-16T08:47:29.565+0000][gc,phases   ] GC(416)   Evacuate Collection Set: 371.4ms
[2026-01-16T08:47:29.565+0000][gc,phases   ] GC(416)   Post Evacuate Collection Set: 32.1ms
[2026-01-16T08:47:29.566+0000][gc,phases   ] GC(416)   Other: 13.6ms
[2026-01-16T08:47:29.566+0000][gc,heap     ] GC(416) Eden regions: 49->0(48)
[2026-01-16T08:47:29.570+0000][gc,heap     ] GC(416) Survivor regions: 2->3(7)
[2026-01-16T08:47:29.571+0000][gc,heap     ] GC(416) Old regions: 157->157
[2026-01-16T08:47:29.571+0000][gc,heap     ] GC(416) Humongous regions: 65->65
[2026-01-16T08:47:29.574+0000][gc,metaspace] GC(416) Metaspace: 12311K(12736K)->12311K(12736K) NonClass: 11217K(11392K)->11217K(11392K) Class: 1093K(1344K)->1093K(1344K)
[2026-01-16T08:47:29.576+0000][gc          ] GC(416) Pause Young (Normal) (G1 Evacuation Pause) 272M->224M(1024M) 580.348ms
[2026-01-16T08:47:29.579+0000][gc,cpu      ] GC(416) User=0.34s Sys=0.08s Real=0.58s
[2026-01-16T08:47:39.857+0000][gc,start    ] GC(417) Pause Young (Normal) (G1 Evacuation Pause)
[2026-01-16T08:47:39.932+0000][gc,task     ] GC(417) Using 8 workers of 8 for evacuation
[2026-01-16T08:47:41.316+0000][gc,mmu      ] GC(417) MMU target violated: 201.0ms (200.0ms/201.0ms)
[2026-01-16T08:47:41.318+0000][gc,phases   ] GC(417)   Pre Evacuate Collection Set: 174.7ms
[2026-01-16T08:47:41.320+0000][gc,phases   ] GC(417)   Merge Heap Roots: 25.9ms
[2026-01-16T08:47:41.322+0000][gc,phases   ] GC(417)   Evacuate Collection Set: 1099.8ms
[2026-01-16T08:47:41.322+0000][gc,phases   ] GC(417)   Post Evacuate Collection Set: 71.6ms
[2026-01-16T08:47:41.323+0000][gc,phases   ] GC(417)   Other: 50.1ms
[2026-01-16T08:47:41.323+0000][gc,heap     ] GC(417) Eden regions: 48->0(49)
[2026-01-16T08:47:41.324+0000][gc,heap     ] GC(417) Survivor regions: 3->2(7)
[2026-01-16T08:47:41.325+0000][gc,heap     ] GC(417) Old regions: 157->157
[2026-01-16T08:47:41.326+0000][gc,heap     ] GC(417) Humongous regions: 65->65
[2026-01-16T08:47:41.327+0000][gc,metaspace] GC(417) Metaspace: 12343K(12800K)->12343K(12800K) NonClass: 11250K(11456K)->11250K(11456K) Class: 1093K(1344K)->1093K(1344K)
[2026-01-16T08:47:41.330+0000][gc          ] GC(417) Pause Young (Normal) (G1 Evacuation Pause) 272M->223M(1024M) 1473.385ms
[2026-01-16T08:47:41.333+0000][gc,cpu      ] GC(417) User=0.51s Sys=0.05s Real=1.47s
[2026-01-16T08:47:48.589+0000][gc,start    ] GC(418) Pause Young (Normal) (G1 Evacuation Pause)
[2026-01-16T08:47:48.594+0000][gc,task     ] GC(418) Using 8 workers of 8 for evacuation
[2026-01-16T08:47:49.570+0000][gc,mmu      ] GC(418) MMU target violated: 201.0ms (200.0ms/201.0ms)
[2026-01-16T08:47:49.573+0000][gc,phases   ] GC(418)   Pre Evacuate Collection Set: 151.0ms
[2026-01-16T08:47:49.573+0000][gc,phases   ] GC(418)   Merge Heap Roots: 11.2ms
[2026-01-16T08:47:49.573+0000][gc,phases   ] GC(418)   Evacuate Collection Set: 761.7ms
[2026-01-16T08:47:49.573+0000][gc,phases   ] GC(418)   Post Evacuate Collection Set: 49.1ms
[2026-01-16T08:47:49.573+0000][gc,phases   ] GC(418)   Other: 6.6ms
[2026-01-16T08:47:49.573+0000][gc,heap     ] GC(418) Eden regions: 49->0(48)
[2026-01-16T08:47:49.574+0000][gc,heap     ] GC(418) Survivor regions: 2->3(7)
[2026-01-16T08:47:49.574+0000][gc,heap     ] GC(418) Old regions: 157->157
[2026-01-16T08:47:49.574+0000][gc,heap     ] GC(418) Humongous regions: 65->65
[2026-01-16T08:47:49.574+0000][gc,metaspace] GC(418) Metaspace: 12344K(12800K)->12344K(12800K) NonClass: 11251K(11456K)->11251K(11456K) Class: 1093K(1344K)->1093K(1344K)
[2026-01-16T08:47:49.574+0000][gc          ] GC(418) Pause Young (Normal) (G1 Evacuation Pause) 272M->223M(1024M) 993.158ms
[2026-01-16T08:47:49.574+0000][gc,cpu      ] GC(418) User=0.39s Sys=0.06s Real=0.99s
[2026-01-16T08:47:54.796+0000][gc,start    ] GC(419) Pause Young (Normal) (G1 Evacuation Pause)
[2026-01-16T08:47:54.826+0000][gc,task     ] GC(419) Using 8 workers of 8 for evacuation
[2026-01-16T08:47:55.983+0000][gc,mmu      ] GC(419) MMU target violated: 201.0ms (200.0ms/201.0ms)
[2026-01-16T08:47:55.985+0000][gc,phases   ] GC(419)   Pre Evacuate Collection Set: 133.4ms
[2026-01-16T08:47:55.986+0000][gc,phases   ] GC(419)   Merge Heap Roots: 9.9ms
[2026-01-16T08:47:55.986+0000][gc,phases   ] GC(419)   Evacuate Collection Set: 979.0ms
[2026-01-16T08:47:55.987+0000][gc,phases   ] GC(419)   Post Evacuate Collection Set: 23.6ms
[2026-01-16T08:47:55.988+0000][gc,phases   ] GC(419)   Other: 14.2ms
[2026-01-16T08:47:55.988+0000][gc,heap     ] GC(419) Eden regions: 48->0(48)
[2026-01-16T08:47:55.990+0000][gc,heap     ] GC(419) Survivor regions: 3->3(7)
[2026-01-16T08:47:55.992+0000][gc,heap     ] GC(419) Old regions: 157->157
[2026-01-16T08:47:55.994+0000][gc,heap     ] GC(419) Humongous regions: 65->65
[2026-01-16T08:47:55.994+0000][gc,metaspace] GC(419) Metaspace: 12347K(12800K)->12347K(12800K) NonClass: 11254K(11456K)->11254K(11456K) Class: 1093K(1344K)->1093K(1344K)
[2026-01-16T08:47:55.995+0000][gc          ] GC(419) Pause Young (Normal) (G1 Evacuation Pause) 271M->224M(1024M) 1202.782ms
[2026-01-16T08:47:55.996+0000][gc,cpu      ] GC(419) User=0.45s Sys=0.09s Real=1.21s
[2026-01-16T08:47:58.634+0000][gc,start    ] GC(420) Pause Young (Normal) (G1 Evacuation Pause)
[2026-01-16T08:47:58.639+0000][gc,task     ] GC(420) Using 8 workers of 8 for evacuation
[2026-01-16T08:47:59.505+0000][gc,mmu      ] GC(420) MMU target violated: 201.0ms (200.0ms/201.0ms)
[2026-01-16T08:47:59.506+0000][gc,phases   ] GC(420)   Pre Evacuate Collection Set: 91.6ms
[2026-01-16T08:47:59.508+0000][gc,phases   ] GC(420)   Merge Heap Roots: 54.5ms
[2026-01-16T08:47:59.510+0000][gc,phases   ] GC(420)   Evacuate Collection Set: 661.3ms
[2026-01-16T08:47:59.511+0000][gc,phases   ] GC(420)   Post Evacuate Collection Set: 44.9ms
[2026-01-16T08:47:59.515+0000][gc,phases   ] GC(420)   Other: 14.7ms
[2026-01-16T08:47:59.518+0000][gc,heap     ] GC(420) Eden regions: 48->0(47)
[2026-01-16T08:47:59.524+0000][gc,heap     ] GC(420) Survivor regions: 3->4(7)
[2026-01-16T08:47:59.526+0000][gc,heap     ] GC(420) Old regions: 157->158
[2026-01-16T08:47:59.527+0000][gc,heap     ] GC(420) Humongous regions: 65->65
[2026-01-16T08:47:59.528+0000][gc,metaspace] GC(420) Metaspace: 12347K(12800K)->12347K(12800K) NonClass: 11254K(11456K)->11254K(11456K) Class: 1093K(1344K)->1093K(1344K)
[2026-01-16T08:47:59.531+0000][gc          ] GC(420) Pause Young (Normal) (G1 Evacuation Pause) 272M->225M(1024M) 897.233ms
[2026-01-16T08:47:59.532+0000][gc,cpu      ] GC(420) User=0.36s Sys=0.06s Real=0.90s
[2026-01-16T08:48:04.532+0000][gc,start    ] GC(421) Pause Young (Normal) (G1 Evacuation Pause)
[2026-01-16T08:48:04.563+0000][gc,task     ] GC(421) Using 8 workers of 8 for evacuation
[2026-01-16T08:48:05.336+0000][gc,mmu      ] GC(421) MMU target violated: 201.0ms (200.0ms/201.0ms)
[2026-01-16T08:48:05.338+0000][gc,phases   ] GC(421)   Pre Evacuate Collection Set: 32.4ms
[2026-01-16T08:48:05.339+0000][gc,phases   ] GC(421)   Merge Heap Roots: 4.1ms
[2026-01-16T08:48:05.340+0000][gc,phases   ] GC(421)   Evacuate Collection Set: 690.8ms
[2026-01-16T08:48:05.340+0000][gc,phases   ] GC(421)   Post Evacuate Collection Set: 41.8ms
[2026-01-16T08:48:05.341+0000][gc,phases   ] GC(421)   Other: 21.2ms
[2026-01-16T08:48:05.343+0000][gc,heap     ] GC(421) Eden regions: 47->0(48)
[2026-01-16T08:48:05.346+0000][gc,heap     ] GC(421) Survivor regions: 4->3(7)
[2026-01-16T08:48:05.348+0000][gc,heap     ] GC(421) Old regions: 158->158
[2026-01-16T08:48:05.349+0000][gc,heap     ] GC(421) Humongous regions: 65->65
[2026-01-16T08:48:05.351+0000][gc,metaspace] GC(421) Metaspace: 12348K(12800K)->12348K(12800K) NonClass: 11254K(11456K)->11254K(11456K) Class: 1093K(1344K)->1093K(1344K)
[2026-01-16T08:48:05.352+0000][gc          ] GC(421) Pause Young (Normal) (G1 Evacuation Pause) 272M->224M(1024M) 819.468ms
[2026-01-16T08:48:05.355+0000][gc,cpu      ] GC(421) User=0.30s Sys=0.01s Real=0.83s
[2026-01-16T08:48:07.927+0000][gc,start    ] GC(422) Pause Young (Normal) (G1 Evacuation Pause)
[2026-01-16T08:48:07.949+0000][gc,task     ] GC(422) Using 8 workers of 8 for evacuation
[2026-01-16T08:48:08.727+0000][gc,mmu      ] GC(422) MMU target violated: 201.0ms (200.0ms/201.0ms)
[2026-01-16T08:48:08.728+0000][gc,phases   ] GC(422)   Pre Evacuate Collection Set: 66.3ms
[2026-01-16T08:48:08.728+0000][gc,phases   ] GC(422)   Merge Heap Roots: 18.3ms
[2026-01-16T08:48:08.728+0000][gc,phases   ] GC(422)   Evacuate Collection Set: 622.2ms
[2026-01-16T08:48:08.729+0000][gc,phases   ] GC(422)   Post Evacuate Collection Set: 20.4ms
[2026-01-16T08:48:08.729+0000][gc,phases   ] GC(422)   Other: 33.2ms
[2026-01-16T08:48:08.729+0000][gc,heap     ] GC(422) Eden regions: 48->0(48)
[2026-01-16T08:48:08.729+0000][gc,heap     ] GC(422) Survivor regions: 3->3(7)
[2026-01-16T08:48:08.729+0000][gc,heap     ] GC(422) Old regions: 158->158
[2026-01-16T08:48:08.730+0000][gc,heap     ] GC(422) Humongous regions: 65->65
[2026-01-16T08:48:08.730+0000][gc,metaspace] GC(422) Metaspace: 12348K(12800K)->12348K(12800K) NonClass: 11254K(11456K)->11254K(11456K) Class: 1093K(1344K)->1093K(1344K)
[2026-01-16T08:48:08.732+0000][gc          ] GC(422) Pause Young (Normal) (G1 Evacuation Pause) 272M->225M(1024M) 776.205ms
[2026-01-16T08:48:08.734+0000][gc,cpu      ] GC(422) User=0.32s Sys=0.02s Real=0.79s
[2026-01-16T08:48:13.249+0000][gc,start    ] GC(423) Pause Young (Normal) (G1 Evacuation Pause)
[2026-01-16T08:48:13.285+0000][gc,task     ] GC(423) Using 8 workers of 8 for evacuation
[2026-01-16T08:48:15.634+0000][gc,mmu      ] GC(423) MMU target violated: 201.0ms (200.0ms/201.0ms)
[2026-01-16T08:48:15.652+0000][gc,phases   ] GC(423)   Pre Evacuate Collection Set: 87.4ms
[2026-01-16T08:48:15.661+0000][gc,phases   ] GC(423)   Merge Heap Roots: 29.5ms
[2026-01-16T08:48:15.662+0000][gc,phases   ] GC(423)   Evacuate Collection Set: 2067.6ms
[2026-01-16T08:48:15.662+0000][gc,phases   ] GC(423)   Post Evacuate Collection Set: 144.7ms
[2026-01-16T08:48:15.663+0000][gc,phases   ] GC(423)   Other: 57.8ms
[2026-01-16T08:48:15.668+0000][gc,heap     ] GC(423) Eden regions: 48->0(47)
[2026-01-16T08:48:15.674+0000][gc,heap     ] GC(423) Survivor regions: 3->4(7)
[2026-01-16T08:48:15.675+0000][gc,heap     ] GC(423) Old regions: 158->158
[2026-01-16T08:48:15.676+0000][gc,heap     ] GC(423) Humongous regions: 65->65
[2026-01-16T08:48:15.678+0000][gc,metaspace] GC(423) Metaspace: 12353K(12800K)->12353K(12800K) NonClass: 11259K(11456K)->11259K(11456K) Class: 1093K(1344K)->1093K(1344K)
[2026-01-16T08:48:15.719+0000][gc          ] GC(423) Pause Young (Normal) (G1 Evacuation Pause) 273M->225M(1024M) 2469.910ms
[2026-01-16T08:48:15.730+0000][gc,cpu      ] GC(423) User=0.55s Sys=0.06s Real=2.48s
[2026-01-16T08:48:18.443+0000][gc,start    ] GC(424) Pause Young (Normal) (G1 Evacuation Pause)
[2026-01-16T08:48:18.448+0000][gc,task     ] GC(424) Using 8 workers of 8 for evacuation
[2026-01-16T08:48:18.929+0000][gc,mmu      ] GC(424) MMU target violated: 201.0ms (200.0ms/201.0ms)
[2026-01-16T08:48:18.931+0000][gc,phases   ] GC(424)   Pre Evacuate Collection Set: 84.3ms
[2026-01-16T08:48:18.936+0000][gc,phases   ] GC(424)   Merge Heap Roots: 8.1ms
[2026-01-16T08:48:18.938+0000][gc,phases   ] GC(424)   Evacuate Collection Set: 367.7ms
[2026-01-16T08:48:18.939+0000][gc,phases   ] GC(424)   Post Evacuate Collection Set: 16.6ms
[2026-01-16T08:48:18.939+0000][gc,phases   ] GC(424)   Other: 6.3ms
[2026-01-16T08:48:18.940+0000][gc,heap     ] GC(424) Eden regions: 47->0(48)
[2026-01-16T08:48:18.941+0000][gc,heap     ] GC(424) Survivor regions: 4->3(7)
[2026-01-16T08:48:18.942+0000][gc,heap     ] GC(424) Old regions: 158->158
[2026-01-16T08:48:18.942+0000][gc,heap     ] GC(424) Humongous regions: 65->65
[2026-01-16T08:48:18.942+0000][gc,metaspace] GC(424) Metaspace: 12355K(12800K)->12355K(12800K) NonClass: 11261K(11456K)->11261K(11456K) Class: 1093K(1344K)->1093K(1344K)
[2026-01-16T08:48:18.943+0000][gc          ] GC(424) Pause Young (Normal) (G1 Evacuation Pause) 272M->225M(1024M) 499.835ms
[2026-01-16T08:48:18.946+0000][gc,cpu      ] GC(424) User=0.25s Sys=0.01s Real=0.50s
[2026-01-16T08:48:21.386+0000][gc,start    ] GC(425) Pause Young (Normal) (G1 Evacuation Pause)
[2026-01-16T08:48:21.390+0000][gc,task     ] GC(425) Using 8 workers of 8 for evacuation
[2026-01-16T08:48:23.427+0000][gc,mmu      ] GC(425) MMU target violated: 201.0ms (200.0ms/201.0ms)
[2026-01-16T08:48:23.450+0000][gc,phases   ] GC(425)   Pre Evacuate Collection Set: 82.6ms
[2026-01-16T08:48:23.452+0000][gc,phases   ] GC(425)   Merge Heap Roots: 14.9ms
[2026-01-16T08:48:23.453+0000][gc,phases   ] GC(425)   Evacuate Collection Set: 1465.2ms
[2026-01-16T08:48:23.453+0000][gc,phases   ] GC(425)   Post Evacuate Collection Set: 460.4ms
[2026-01-16T08:48:23.453+0000][gc,phases   ] GC(425)   Other: 38.7ms
[2026-01-16T08:48:23.453+0000][gc,heap     ] GC(425) Eden regions: 48->0(49)
[2026-01-16T08:48:23.453+0000][gc,heap     ] GC(425) Survivor regions: 3->2(7)
[2026-01-16T08:48:23.453+0000][gc,heap     ] GC(425) Old regions: 158->158
[2026-01-16T08:48:23.453+0000][gc,heap     ] GC(425) Humongous regions: 65->65
[2026-01-16T08:48:23.453+0000][gc,metaspace] GC(425) Metaspace: 12355K(12800K)->12355K(12800K) NonClass: 11261K(11456K)->11261K(11456K) Class: 1093K(1344K)->1093K(1344K)
[2026-01-16T08:48:23.454+0000][gc          ] GC(425) Pause Young (Normal) (G1 Evacuation Pause) 273M->224M(1024M) 2067.759ms
[2026-01-16T08:48:23.454+0000][gc,cpu      ] GC(425) User=0.62s Sys=0.08s Real=2.06s
[2026-01-16T08:48:32.989+0000][gc,start    ] GC(426) Pause Young (Normal) (G1 Evacuation Pause)
[2026-01-16T08:48:33.030+0000][gc,task     ] GC(426) Using 8 workers of 8 for evacuation
[2026-01-16T08:48:34.512+0000][gc,mmu      ] GC(426) MMU target violated: 201.0ms (200.0ms/201.0ms)
[2026-01-16T08:48:34.514+0000][gc,phases   ] GC(426)   Pre Evacuate Collection Set: 58.1ms
[2026-01-16T08:48:34.515+0000][gc,phases   ] GC(426)   Merge Heap Roots: 12.2ms
[2026-01-16T08:48:34.516+0000][gc,phases   ] GC(426)   Evacuate Collection Set: 1369.0ms
[2026-01-16T08:48:34.518+0000][gc,phases   ] GC(426)   Post Evacuate Collection Set: 36.5ms
[2026-01-16T08:48:34.521+0000][gc,phases   ] GC(426)   Other: 28.2ms
[2026-01-16T08:48:34.526+0000][gc,heap     ] GC(426) Eden regions: 49->0(48)
[2026-01-16T08:48:34.526+0000][gc,heap     ] GC(426) Survivor regions: 2->3(7)
[2026-01-16T08:48:34.527+0000][gc,heap     ] GC(426) Old regions: 158->158
[2026-01-16T08:48:34.534+0000][gc,heap     ] GC(426) Humongous regions: 65->65
[2026-01-16T08:48:34.543+0000][gc,metaspace] GC(426) Metaspace: 12355K(12800K)->12355K(12800K) NonClass: 11261K(11456K)->11261K(11456K) Class: 1093K(1344K)->1093K(1344K)
[2026-01-16T08:48:34.588+0000][gc          ] GC(426) Pause Young (Normal) (G1 Evacuation Pause) 273M->224M(1024M) 1599.470ms
[2026-01-16T08:48:34.708+0000][gc,cpu      ] GC(426) User=0.71s Sys=0.10s Real=1.74s
[2026-01-16T08:48:39.927+0000][gc,start    ] GC(427) Pause Young (Normal) (G1 Evacuation Pause)
[2026-01-16T08:48:39.935+0000][gc,task     ] GC(427) Using 8 workers of 8 for evacuation
[2026-01-16T08:48:40.490+0000][gc,mmu      ] GC(427) MMU target violated: 201.0ms (200.0ms/201.0ms)
[2026-01-16T08:48:40.490+0000][gc,phases   ] GC(427)   Pre Evacuate Collection Set: 53.9ms
[2026-01-16T08:48:40.490+0000][gc,phases   ] GC(427)   Merge Heap Roots: 0.6ms
[2026-01-16T08:48:40.492+0000][gc,phases   ] GC(427)   Evacuate Collection Set: 461.0ms
[2026-01-16T08:48:40.492+0000][gc,phases   ] GC(427)   Post Evacuate Collection Set: 35.2ms
[2026-01-16T08:48:40.494+0000][gc,phases   ] GC(427)   Other: 4.0ms
[2026-01-16T08:48:40.523+0000][gc,heap     ] GC(427) Eden regions: 48->0(48)
[2026-01-16T08:48:40.523+0000][gc,heap     ] GC(427) Survivor regions: 3->3(7)
[2026-01-16T08:48:40.524+0000][gc,heap     ] GC(427) Old regions: 158->158
[2026-01-16T08:48:40.524+0000][gc,heap     ] GC(427) Humongous regions: 65->65
[2026-01-16T08:48:40.524+0000][gc,metaspace] GC(427) Metaspace: 12357K(12800K)->12357K(12800K) NonClass: 11263K(11456K)->11263K(11456K) Class: 1093K(1344K)->1093K(1344K)
[2026-01-16T08:48:40.524+0000][gc          ] GC(427) Pause Young (Normal) (G1 Evacuation Pause) 272M->225M(1024M) 597.413ms
[2026-01-16T08:48:40.524+0000][gc,cpu      ] GC(427) User=0.29s Sys=0.02s Real=0.60s
[2026-01-16T08:48:42.638+0000][gc,start    ] GC(428) Pause Young (Normal) (G1 Evacuation Pause)
[2026-01-16T08:48:42.650+0000][gc,task     ] GC(428) Using 8 workers of 8 for evacuation
[2026-01-16T08:48:43.129+0000][gc,mmu      ] GC(428) MMU target violated: 201.0ms (200.0ms/201.0ms)
[2026-01-16T08:48:43.130+0000][gc,phases   ] GC(428)   Pre Evacuate Collection Set: 99.3ms
[2026-01-16T08:48:43.132+0000][gc,phases   ] GC(428)   Merge Heap Roots: 5.5ms
[2026-01-16T08:48:43.132+0000][gc,phases   ] GC(428)   Evacuate Collection Set: 305.4ms
[2026-01-16T08:48:43.133+0000][gc,phases   ] GC(428)   Post Evacuate Collection Set: 44.1ms
[2026-01-16T08:48:43.134+0000][gc,phases   ] GC(428)   Other: 29.1ms
[2026-01-16T08:48:43.134+0000][gc,heap     ] GC(428) Eden regions: 48->0(47)
[2026-01-16T08:48:43.134+0000][gc,heap     ] GC(428) Survivor regions: 3->4(7)
[2026-01-16T08:48:43.135+0000][gc,heap     ] GC(428) Old regions: 158->158
[2026-01-16T08:48:43.136+0000][gc,heap     ] GC(428) Humongous regions: 65->65
[2026-01-16T08:48:43.137+0000][gc,metaspace] GC(428) Metaspace: 12357K(12800K)->12357K(12800K) NonClass: 11263K(11456K)->11263K(11456K) Class: 1093K(1344K)->1093K(1344K)
[2026-01-16T08:48:43.140+0000][gc          ] GC(428) Pause Young (Normal) (G1 Evacuation Pause) 273M->226M(1024M) 502.053ms
[2026-01-16T08:48:43.141+0000][gc,cpu      ] GC(428) User=0.24s Sys=0.01s Real=0.54s
[2026-01-16T08:48:45.440+0000][gc,start    ] GC(429) Pause Young (Normal) (G1 Evacuation Pause)
[2026-01-16T08:48:45.445+0000][gc,task     ] GC(429) Using 8 workers of 8 for evacuation
[2026-01-16T08:48:46.222+0000][gc,mmu      ] GC(429) MMU target violated: 201.0ms (200.0ms/201.0ms)
[2026-01-16T08:48:46.225+0000][gc,phases   ] GC(429)   Pre Evacuate Collection Set: 64.6ms
[2026-01-16T08:48:46.229+0000][gc,phases   ] GC(429)   Merge Heap Roots: 19.3ms
[2026-01-16T08:48:46.230+0000][gc,phases   ] GC(429)   Evacuate Collection Set: 669.0ms
[2026-01-16T08:48:46.232+0000][gc,phases   ] GC(429)   Post Evacuate Collection Set: 23.5ms
[2026-01-16T08:48:46.234+0000][gc,phases   ] GC(429)   Other: 3.7ms
[2026-01-16T08:48:46.235+0000][gc,heap     ] GC(429) Eden regions: 47->0(48)
[2026-01-16T08:48:46.236+0000][gc,heap     ] GC(429) Survivor regions: 4->3(7)
[2026-01-16T08:48:46.236+0000][gc,heap     ] GC(429) Old regions: 158->158
[2026-01-16T08:48:46.237+0000][gc,heap     ] GC(429) Humongous regions: 65->65
[2026-01-16T08:48:46.243+0000][gc,metaspace] GC(429) Metaspace: 12357K(12800K)->12357K(12800K) NonClass: 11263K(11456K)->11263K(11456K) Class: 1093K(1344K)->1093K(1344K)
[2026-01-16T08:48:46.247+0000][gc          ] GC(429) Pause Young (Normal) (G1 Evacuation Pause) 273M->225M(1024M) 807.351ms
[2026-01-16T08:48:46.248+0000][gc,cpu      ] GC(429) User=0.30s Sys=0.02s Real=0.81s
[2026-01-16T08:48:48.515+0000][gc,start    ] GC(430) Pause Young (Normal) (G1 Evacuation Pause)
[2026-01-16T08:48:48.516+0000][gc,task     ] GC(430) Using 8 workers of 8 for evacuation
[2026-01-16T08:48:48.881+0000][gc,mmu      ] GC(430) MMU target violated: 201.0ms (200.0ms/201.0ms)
[2026-01-16T08:48:48.883+0000][gc,phases   ] GC(430)   Pre Evacuate Collection Set: 61.1ms
[2026-01-16T08:48:48.884+0000][gc,phases   ] GC(430)   Merge Heap Roots: 29.5ms
[2026-01-16T08:48:48.884+0000][gc,phases   ] GC(430)   Evacuate Collection Set: 250.4ms
[2026-01-16T08:48:48.885+0000][gc,phases   ] GC(430)   Post Evacuate Collection Set: 8.0ms
[2026-01-16T08:48:48.886+0000][gc,phases   ] GC(430)   Other: 17.9ms
[2026-01-16T08:48:48.886+0000][gc,heap     ] GC(430) Eden regions: 48->0(47)
[2026-01-16T08:48:48.887+0000][gc,heap     ] GC(430) Survivor regions: 3->4(7)
[2026-01-16T08:48:48.887+0000][gc,heap     ] GC(430) Old regions: 158->158
[2026-01-16T08:48:48.889+0000][gc,heap     ] GC(430) Humongous regions: 65->65
[2026-01-16T08:48:48.898+0000][gc,metaspace] GC(430) Metaspace: 12357K(12800K)->12357K(12800K) NonClass: 11263K(11456K)->11263K(11456K) Class: 1093K(1344K)->1093K(1344K)
[2026-01-16T08:48:48.899+0000][gc          ] GC(430) Pause Young (Normal) (G1 Evacuation Pause) 273M->226M(1024M) 383.295ms
[2026-01-16T08:48:48.901+0000][gc,cpu      ] GC(430) User=0.23s Sys=0.02s Real=0.39s
[2026-01-16T08:48:52.075+0000][gc,start    ] GC(431) Pause Young (Normal) (G1 Evacuation Pause)
[2026-01-16T08:48:52.082+0000][gc,task     ] GC(431) Using 8 workers of 8 for evacuation
[2026-01-16T08:48:52.486+0000][gc,mmu      ] GC(431) MMU target violated: 201.0ms (200.0ms/201.0ms)
[2026-01-16T08:48:52.490+0000][gc,phases   ] GC(431)   Pre Evacuate Collection Set: 63.3ms
[2026-01-16T08:48:52.490+0000][gc,phases   ] GC(431)   Merge Heap Roots: 12.3ms
[2026-01-16T08:48:52.491+0000][gc,phases   ] GC(431)   Evacuate Collection Set: 323.1ms
[2026-01-16T08:48:52.491+0000][gc,phases   ] GC(431)   Post Evacuate Collection Set: 2.5ms
[2026-01-16T08:48:52.491+0000][gc,phases   ] GC(431)   Other: 7.4ms
[2026-01-16T08:48:52.492+0000][gc,heap     ] GC(431) Eden regions: 47->0(47)
[2026-01-16T08:48:52.492+0000][gc,heap     ] GC(431) Survivor regions: 4->4(7)
[2026-01-16T08:48:52.493+0000][gc,heap     ] GC(431) Old regions: 158->158
[2026-01-16T08:48:52.493+0000][gc,heap     ] GC(431) Humongous regions: 65->65
[2026-01-16T08:48:52.494+0000][gc,metaspace] GC(431) Metaspace: 12357K(12800K)->12357K(12800K) NonClass: 11264K(11456K)->11264K(11456K) Class: 1093K(1344K)->1093K(1344K)
[2026-01-16T08:48:52.495+0000][gc          ] GC(431) Pause Young (Normal) (G1 Evacuation Pause) 273M->226M(1024M) 420.141ms
[2026-01-16T08:48:52.496+0000][gc,cpu      ] GC(431) User=0.24s Sys=0.02s Real=0.42s
[2026-01-16T08:48:55.512+0000][gc,start    ] GC(432) Pause Young (Normal) (G1 Evacuation Pause)
[2026-01-16T08:48:55.551+0000][gc,task     ] GC(432) Using 8 workers of 8 for evacuation
[2026-01-16T08:48:56.013+0000][gc,mmu      ] GC(432) MMU target violated: 201.0ms (200.0ms/201.0ms)
[2026-01-16T08:48:56.013+0000][gc,phases   ] GC(432)   Pre Evacuate Collection Set: 43.2ms
[2026-01-16T08:48:56.014+0000][gc,phases   ] GC(432)   Merge Heap Roots: 10.2ms
[2026-01-16T08:48:56.017+0000][gc,phases   ] GC(432)   Evacuate Collection Set: 378.6ms
[2026-01-16T08:48:56.017+0000][gc,phases   ] GC(432)   Post Evacuate Collection Set: 25.8ms
[2026-01-16T08:48:56.018+0000][gc,phases   ] GC(432)   Other: 5.2ms
[2026-01-16T08:48:56.020+0000][gc,heap     ] GC(432) Eden regions: 47->0(46)
[2026-01-16T08:48:56.020+0000][gc,heap     ] GC(432) Survivor regions: 4->5(7)
[2026-01-16T08:48:56.026+0000][gc,heap     ] GC(432) Old regions: 158->158
[2026-01-16T08:48:56.026+0000][gc,heap     ] GC(432) Humongous regions: 65->65
[2026-01-16T08:48:56.029+0000][gc,metaspace] GC(432) Metaspace: 12357K(12800K)->12357K(12800K) NonClass: 11264K(11456K)->11264K(11456K) Class: 1093K(1344K)->1093K(1344K)
[2026-01-16T08:48:56.029+0000][gc          ] GC(432) Pause Young (Normal) (G1 Evacuation Pause) 273M->227M(1024M) 521.645ms
[2026-01-16T08:48:56.029+0000][gc,cpu      ] GC(432) User=0.31s Sys=0.00s Real=0.53s
[2026-01-16T08:48:57.202+0000][gc,start    ] GC(433) Pause Young (Normal) (G1 Evacuation Pause)
[2026-01-16T08:48:57.203+0000][gc,task     ] GC(433) Using 8 workers of 8 for evacuation
[2026-01-16T08:48:57.415+0000][gc,mmu      ] GC(433) MMU target violated: 201.0ms (200.0ms/201.0ms)
[2026-01-16T08:48:57.415+0000][gc,phases   ] GC(433)   Pre Evacuate Collection Set: 10.0ms
[2026-01-16T08:48:57.418+0000][gc,phases   ] GC(433)   Merge Heap Roots: 0.3ms
[2026-01-16T08:48:57.418+0000][gc,phases   ] GC(433)   Evacuate Collection Set: 191.4ms
[2026-01-16T08:48:57.418+0000][gc,phases   ] GC(433)   Post Evacuate Collection Set: 1.8ms
[2026-01-16T08:48:57.418+0000][gc,phases   ] GC(433)   Other: 9.1ms
[2026-01-16T08:48:57.418+0000][gc,heap     ] GC(433) Eden regions: 46->0(46)
[2026-01-16T08:48:57.421+0000][gc,heap     ] GC(433) Survivor regions: 5->5(7)
[2026-01-16T08:48:57.422+0000][gc,heap     ] GC(433) Old regions: 158->159
[2026-01-16T08:48:57.423+0000][gc,heap     ] GC(433) Humongous regions: 65->65
[2026-01-16T08:48:57.424+0000][gc,metaspace] GC(433) Metaspace: 12357K(12800K)->12357K(12800K) NonClass: 11264K(11456K)->11264K(11456K) Class: 1093K(1344K)->1093K(1344K)
[2026-01-16T08:48:57.426+0000][gc          ] GC(433) Pause Young (Normal) (G1 Evacuation Pause) 273M->228M(1024M) 223.898ms
[2026-01-16T08:48:57.427+0000][gc,cpu      ] GC(433) User=0.11s Sys=0.05s Real=0.22s
[2026-01-16T08:48:59.353+0000][gc,start    ] GC(434) Pause Young (Normal) (G1 Evacuation Pause)
[2026-01-16T08:48:59.400+0000][gc,task     ] GC(434) Using 8 workers of 8 for evacuation
[2026-01-16T08:49:00.544+0000][gc,mmu      ] GC(434) MMU target violated: 201.0ms (200.0ms/201.0ms)
[2026-01-16T08:49:00.545+0000][gc,phases   ] GC(434)   Pre Evacuate Collection Set: 69.6ms
[2026-01-16T08:49:00.546+0000][gc,phases   ] GC(434)   Merge Heap Roots: 5.1ms
[2026-01-16T08:49:00.548+0000][gc,phases   ] GC(434)   Evacuate Collection Set: 975.6ms
[2026-01-16T08:49:00.548+0000][gc,phases   ] GC(434)   Post Evacuate Collection Set: 87.1ms
[2026-01-16T08:49:00.549+0000][gc,phases   ] GC(434)   Other: 8.9ms
[2026-01-16T08:49:00.550+0000][gc,heap     ] GC(434) Eden regions: 46->0(46)
[2026-01-16T08:49:00.552+0000][gc,heap     ] GC(434) Survivor regions: 5->5(7)
[2026-01-16T08:49:00.552+0000][gc,heap     ] GC(434) Old regions: 159->160
[2026-01-16T08:49:00.555+0000][gc,heap     ] GC(434) Humongous regions: 65->65
[2026-01-16T08:49:00.555+0000][gc,metaspace] GC(434) Metaspace: 12357K(12800K)->12357K(12800K) NonClass: 11264K(11456K)->11264K(11456K) Class: 1093K(1344K)->1093K(1344K)
[2026-01-16T08:49:00.562+0000][gc          ] GC(434) Pause Young (Normal) (G1 Evacuation Pause) 274M->228M(1024M) 1209.371ms
[2026-01-16T08:49:00.564+0000][gc,cpu      ] GC(434) User=0.44s Sys=0.05s Real=1.21s
[2026-01-16T08:49:05.731+0000][gc,start    ] GC(435) Pause Young (Normal) (G1 Evacuation Pause)
[2026-01-16T08:49:05.751+0000][gc,task     ] GC(435) Using 8 workers of 8 for evacuation
[2026-01-16T08:49:06.376+0000][gc,mmu      ] GC(435) MMU target violated: 201.0ms (200.0ms/201.0ms)
[2026-01-16T08:49:06.377+0000][gc,phases   ] GC(435)   Pre Evacuate Collection Set: 63.6ms
[2026-01-16T08:49:06.381+0000][gc,phases   ] GC(435)   Merge Heap Roots: 12.2ms
[2026-01-16T08:49:06.381+0000][gc,phases   ] GC(435)   Evacuate Collection Set: 516.9ms
[2026-01-16T08:49:06.381+0000][gc,phases   ] GC(435)   Post Evacuate Collection Set: 20.5ms
[2026-01-16T08:49:06.381+0000][gc,phases   ] GC(435)   Other: 29.4ms
[2026-01-16T08:49:06.381+0000][gc,heap     ] GC(435) Eden regions: 46->0(47)
[2026-01-16T08:49:06.381+0000][gc,heap     ] GC(435) Survivor regions: 5->4(7)
[2026-01-16T08:49:06.381+0000][gc,heap     ] GC(435) Old regions: 160->161
[2026-01-16T08:49:06.381+0000][gc,heap     ] GC(435) Humongous regions: 65->65
[2026-01-16T08:49:06.382+0000][gc,metaspace] GC(435) Metaspace: 12357K(12800K)->12357K(12800K) NonClass: 11264K(11456K)->11264K(11456K) Class: 1093K(1344K)->1093K(1344K)
[2026-01-16T08:49:06.382+0000][gc          ] GC(435) Pause Young (Normal) (G1 Evacuation Pause) 274M->228M(1024M) 650.622ms
[2026-01-16T08:49:06.382+0000][gc,cpu      ] GC(435) User=0.36s Sys=0.04s Real=0.65s
[2026-01-16T08:49:09.721+0000][gc,start    ] GC(436) Pause Young (Normal) (G1 Evacuation Pause)
[2026-01-16T08:49:09.740+0000][gc,task     ] GC(436) Using 8 workers of 8 for evacuation
[2026-01-16T08:49:10.382+0000][gc,mmu      ] GC(436) MMU target violated: 201.0ms (200.0ms/201.0ms)
[2026-01-16T08:49:10.382+0000][gc,phases   ] GC(436)   Pre Evacuate Collection Set: 85.6ms
[2026-01-16T08:49:10.382+0000][gc,phases   ] GC(436)   Merge Heap Roots: 5.9ms
[2026-01-16T08:49:10.382+0000][gc,phases   ] GC(436)   Evacuate Collection Set: 509.6ms
[2026-01-16T08:49:10.382+0000][gc,phases   ] GC(436)   Post Evacuate Collection Set: 22.4ms
[2026-01-16T08:49:10.390+0000][gc,phases   ] GC(436)   Other: 33.2ms
[2026-01-16T08:49:10.391+0000][gc,heap     ] GC(436) Eden regions: 47->0(46)
[2026-01-16T08:49:10.391+0000][gc,heap     ] GC(436) Survivor regions: 4->5(7)
[2026-01-16T08:49:10.392+0000][gc,heap     ] GC(436) Old regions: 161->161
[2026-01-16T08:49:10.392+0000][gc,heap     ] GC(436) Humongous regions: 65->65
[2026-01-16T08:49:10.392+0000][gc,metaspace] GC(436) Metaspace: 12362K(12800K)->12362K(12800K) NonClass: 11268K(11456K)->11268K(11456K) Class: 1093K(1344K)->1093K(1344K)
[2026-01-16T08:49:10.393+0000][gc          ] GC(436) Pause Young (Normal) (G1 Evacuation Pause) 275M->229M(1024M) 672.254ms
[2026-01-16T08:49:10.397+0000][gc,cpu      ] GC(436) User=0.36s Sys=0.02s Real=0.67s
[2026-01-16T08:49:14.523+0000][gc,start    ] GC(437) Pause Young (Normal) (G1 Evacuation Pause)
[2026-01-16T08:49:14.547+0000][gc,task     ] GC(437) Using 8 workers of 8 for evacuation
[2026-01-16T08:49:15.764+0000][gc,mmu      ] GC(437) MMU target violated: 201.0ms (200.0ms/201.0ms)
[2026-01-16T08:49:15.765+0000][gc,phases   ] GC(437)   Pre Evacuate Collection Set: 123.4ms
[2026-01-16T08:49:15.770+0000][gc,phases   ] GC(437)   Merge Heap Roots: 10.0ms
[2026-01-16T08:49:15.771+0000][gc,phases   ] GC(437)   Evacuate Collection Set: 996.2ms
[2026-01-16T08:49:15.771+0000][gc,phases   ] GC(437)   Post Evacuate Collection Set: 86.5ms
[2026-01-16T08:49:15.771+0000][gc,phases   ] GC(437)   Other: 2.5ms
[2026-01-16T08:49:15.771+0000][gc,heap     ] GC(437) Eden regions: 46->0(46)
[2026-01-16T08:49:15.771+0000][gc,heap     ] GC(437) Survivor regions: 5->5(7)
[2026-01-16T08:49:15.811+0000][gc,heap     ] GC(437) Old regions: 161->161
[2026-01-16T08:49:15.812+0000][gc,heap     ] GC(437) Humongous regions: 65->65
[2026-01-16T08:49:15.816+0000][gc,metaspace] GC(437) Metaspace: 12362K(12800K)->12362K(12800K) NonClass: 11268K(11456K)->11268K(11456K) Class: 1093K(1344K)->1093K(1344K)
[2026-01-16T08:49:15.818+0000][gc          ] GC(437) Pause Young (Normal) (G1 Evacuation Pause) 275M->230M(1024M) 1295.107ms
[2026-01-16T08:49:15.819+0000][gc,cpu      ] GC(437) User=0.56s Sys=0.05s Real=1.30s
[2026-01-16T08:49:22.183+0000][gc,start    ] GC(438) Pause Young (Normal) (G1 Evacuation Pause)
[2026-01-16T08:49:22.184+0000][gc,task     ] GC(438) Using 8 workers of 8 for evacuation
[2026-01-16T08:49:22.691+0000][gc,mmu      ] GC(438) MMU target violated: 201.0ms (200.0ms/201.0ms)
[2026-01-16T08:49:22.693+0000][gc,phases   ] GC(438)   Pre Evacuate Collection Set: 18.5ms
[2026-01-16T08:49:22.693+0000][gc,phases   ] GC(438)   Merge Heap Roots: 0.7ms
[2026-01-16T08:49:22.695+0000][gc,phases   ] GC(438)   Evacuate Collection Set: 459.5ms
[2026-01-16T08:49:22.695+0000][gc,phases   ] GC(438)   Post Evacuate Collection Set: 27.2ms
[2026-01-16T08:49:22.713+0000][gc,phases   ] GC(438)   Other: 3.2ms
[2026-01-16T08:49:22.716+0000][gc,heap     ] GC(438) Eden regions: 46->0(47)
[2026-01-16T08:49:22.717+0000][gc,heap     ] GC(438) Survivor regions: 5->4(7)
[2026-01-16T08:49:22.727+0000][gc,heap     ] GC(438) Old regions: 161->163
[2026-01-16T08:49:22.729+0000][gc,heap     ] GC(438) Humongous regions: 74->65
[2026-01-16T08:49:22.729+0000][gc,metaspace] GC(438) Metaspace: 12366K(12800K)->12366K(12800K) NonClass: 11272K(11456K)->11272K(11456K) Class: 1094K(1344K)->1094K(1344K)
[2026-01-16T08:49:22.730+0000][gc          ] GC(438) Pause Young (Normal) (G1 Evacuation Pause) 285M->231M(1024M) 547.027ms
[2026-01-16T08:49:22.730+0000][gc,cpu      ] GC(438) User=0.24s Sys=0.03s Real=0.55s
[2026-01-16T08:49:24.349+0000][gc,start    ] GC(439) Pause Young (Normal) (G1 Evacuation Pause)
[2026-01-16T08:49:24.350+0000][gc,task     ] GC(439) Using 8 workers of 8 for evacuation
[2026-01-16T08:49:24.598+0000][gc,mmu      ] GC(439) MMU target violated: 201.0ms (200.0ms/201.0ms)
[2026-01-16T08:49:24.598+0000][gc,phases   ] GC(439)   Pre Evacuate Collection Set: 15.0ms
[2026-01-16T08:49:24.599+0000][gc,phases   ] GC(439)   Merge Heap Roots: 0.5ms
[2026-01-16T08:49:24.599+0000][gc,phases   ] GC(439)   Evacuate Collection Set: 227.5ms
[2026-01-16T08:49:24.599+0000][gc,phases   ] GC(439)   Post Evacuate Collection Set: 4.6ms
[2026-01-16T08:49:24.599+0000][gc,phases   ] GC(439)   Other: 1.1ms
[2026-01-16T08:49:24.600+0000][gc,heap     ] GC(439) Eden regions: 47->0(46)
[2026-01-16T08:49:24.600+0000][gc,heap     ] GC(439) Survivor regions: 4->5(7)
[2026-01-16T08:49:24.600+0000][gc,heap     ] GC(439) Old regions: 163->163
[2026-01-16T08:49:24.600+0000][gc,heap     ] GC(439) Humongous regions: 65->65
[2026-01-16T08:49:24.601+0000][gc,metaspace] GC(439) Metaspace: 12366K(12800K)->12366K(12800K) NonClass: 11272K(11456K)->11272K(11456K) Class: 1094K(1344K)->1094K(1344K)
[2026-01-16T08:49:24.602+0000][gc          ] GC(439) Pause Young (Normal) (G1 Evacuation Pause) 278M->231M(1024M) 253.328ms
[2026-01-16T08:49:24.603+0000][gc,cpu      ] GC(439) User=0.15s Sys=0.01s Real=0.25s
[2026-01-16T08:49:25.557+0000][gc,start    ] GC(440) Pause Young (Normal) (G1 Evacuation Pause)
[2026-01-16T08:49:25.558+0000][gc,task     ] GC(440) Using 8 workers of 8 for evacuation
[2026-01-16T08:49:25.803+0000][gc,mmu      ] GC(440) MMU target violated: 201.0ms (200.0ms/201.0ms)
[2026-01-16T08:49:25.803+0000][gc,phases   ] GC(440)   Pre Evacuate Collection Set: 15.6ms
[2026-01-16T08:49:25.804+0000][gc,phases   ] GC(440)   Merge Heap Roots: 3.1ms
[2026-01-16T08:49:25.804+0000][gc,phases   ] GC(440)   Evacuate Collection Set: 217.0ms
[2026-01-16T08:49:25.805+0000][gc,phases   ] GC(440)   Post Evacuate Collection Set: 2.5ms
[2026-01-16T08:49:25.805+0000][gc,phases   ] GC(440)   Other: 7.1ms
[2026-01-16T08:49:25.805+0000][gc,heap     ] GC(440) Eden regions: 46->0(46)
[2026-01-16T08:49:25.806+0000][gc,heap     ] GC(440) Survivor regions: 5->5(7)
[2026-01-16T08:49:25.806+0000][gc,heap     ] GC(440) Old regions: 163->163
[2026-01-16T08:49:25.806+0000][gc,heap     ] GC(440) Humongous regions: 65->65
[2026-01-16T08:49:25.806+0000][gc,metaspace] GC(440) Metaspace: 12366K(12800K)->12366K(12800K) NonClass: 11272K(11456K)->11272K(11456K) Class: 1094K(1344K)->1094K(1344K)
[2026-01-16T08:49:25.806+0000][gc          ] GC(440) Pause Young (Normal) (G1 Evacuation Pause) 277M->232M(1024M) 249.243ms
[2026-01-16T08:49:25.807+0000][gc,cpu      ] GC(440) User=0.09s Sys=0.01s Real=0.25s
[2026-01-16T08:49:26.925+0000][gc,start    ] GC(441) Pause Young (Normal) (G1 Evacuation Pause)
[2026-01-16T08:49:26.934+0000][gc,task     ] GC(441) Using 8 workers of 8 for evacuation
[2026-01-16T08:49:27.229+0000][gc,mmu      ] GC(441) MMU target violated: 201.0ms (200.0ms/201.0ms)
[2026-01-16T08:49:27.229+0000][gc,phases   ] GC(441)   Pre Evacuate Collection Set: 0.7ms
[2026-01-16T08:49:27.233+0000][gc,phases   ] GC(441)   Merge Heap Roots: 0.1ms
[2026-01-16T08:49:27.234+0000][gc,phases   ] GC(441)   Evacuate Collection Set: 265.5ms
[2026-01-16T08:49:27.236+0000][gc,phases   ] GC(441)   Post Evacuate Collection Set: 20.2ms
[2026-01-16T08:49:27.238+0000][gc,phases   ] GC(441)   Other: 9.1ms
[2026-01-16T08:49:27.239+0000][gc,heap     ] GC(441) Eden regions: 46->0(46)
[2026-01-16T08:49:27.239+0000][gc,heap     ] GC(441) Survivor regions: 5->5(7)
[2026-01-16T08:49:27.239+0000][gc,heap     ] GC(441) Old regions: 163->164
[2026-01-16T08:49:27.242+0000][gc,heap     ] GC(441) Humongous regions: 65->65
[2026-01-16T08:49:27.242+0000][gc,metaspace] GC(441) Metaspace: 12366K(12800K)->12366K(12800K) NonClass: 11272K(11456K)->11272K(11456K) Class: 1094K(1344K)->1094K(1344K)
[2026-01-16T08:49:27.242+0000][gc          ] GC(441) Pause Young (Normal) (G1 Evacuation Pause) 278M->233M(1024M) 316.719ms
[2026-01-16T08:49:27.242+0000][gc,cpu      ] GC(441) User=0.13s Sys=0.01s Real=0.32s
[2026-01-16T08:49:29.266+0000][gc,start    ] GC(442) Pause Young (Normal) (G1 Evacuation Pause)
[2026-01-16T08:49:29.266+0000][gc,task     ] GC(442) Using 8 workers of 8 for evacuation
[2026-01-16T08:49:29.942+0000][gc,mmu      ] GC(442) MMU target violated: 201.0ms (200.0ms/201.0ms)
[2026-01-16T08:49:29.944+0000][gc,phases   ] GC(442)   Pre Evacuate Collection Set: 27.7ms
[2026-01-16T08:49:29.949+0000][gc,phases   ] GC(442)   Merge Heap Roots: 9.3ms
[2026-01-16T08:49:29.950+0000][gc,phases   ] GC(442)   Evacuate Collection Set: 604.7ms
[2026-01-16T08:49:29.950+0000][gc,phases   ] GC(442)   Post Evacuate Collection Set: 33.3ms
[2026-01-16T08:49:29.951+0000][gc,phases   ] GC(442)   Other: 2.3ms
[2026-01-16T08:49:29.951+0000][gc,heap     ] GC(442) Eden regions: 46->0(47)
[2026-01-16T08:49:29.957+0000][gc,heap     ] GC(442) Survivor regions: 5->4(7)
[2026-01-16T08:49:29.958+0000][gc,heap     ] GC(442) Old regions: 164->165
[2026-01-16T08:49:29.959+0000][gc,heap     ] GC(442) Humongous regions: 65->65
[2026-01-16T08:49:29.960+0000][gc,metaspace] GC(442) Metaspace: 12367K(12800K)->12367K(12800K) NonClass: 11273K(11456K)->11273K(11456K) Class: 1094K(1344K)->1094K(1344K)
[2026-01-16T08:49:29.961+0000][gc          ] GC(442) Pause Young (Normal) (G1 Evacuation Pause) 279M->233M(1024M) 695.107ms
[2026-01-16T08:49:29.962+0000][gc,cpu      ] GC(442) User=0.33s Sys=0.02s Real=0.70s
[2026-01-16T08:49:37.008+0000][gc,start    ] GC(443) Pause Young (Normal) (G1 Evacuation Pause)
[2026-01-16T08:49:37.022+0000][gc,task     ] GC(443) Using 8 workers of 8 for evacuation
[2026-01-16T08:49:37.554+0000][gc,mmu      ] GC(443) MMU target violated: 201.0ms (200.0ms/201.0ms)
[2026-01-16T08:49:37.555+0000][gc,phases   ] GC(443)   Pre Evacuate Collection Set: 56.3ms
[2026-01-16T08:49:37.555+0000][gc,phases   ] GC(443)   Merge Heap Roots: 9.3ms
[2026-01-16T08:49:37.555+0000][gc,phases   ] GC(443)   Evacuate Collection Set: 425.3ms
[2026-01-16T08:49:37.555+0000][gc,phases   ] GC(443)   Post Evacuate Collection Set: 15.5ms
[2026-01-16T08:49:37.555+0000][gc,phases   ] GC(443)   Other: 26.7ms
[2026-01-16T08:49:37.559+0000][gc,heap     ] GC(443) Eden regions: 47->0(47)
[2026-01-16T08:49:37.563+0000][gc,heap     ] GC(443) Survivor regions: 4->4(7)
[2026-01-16T08:49:37.565+0000][gc,heap     ] GC(443) Old regions: 165->166
[2026-01-16T08:49:37.566+0000][gc,heap     ] GC(443) Humongous regions: 65->65
[2026-01-16T08:49:37.567+0000][gc,metaspace] GC(443) Metaspace: 12368K(12800K)->12368K(12800K) NonClass: 11274K(11456K)->11274K(11456K) Class: 1094K(1344K)->1094K(1344K)
[2026-01-16T08:49:37.569+0000][gc          ] GC(443) Pause Young (Normal) (G1 Evacuation Pause) 280M->234M(1024M) 566.403ms
[2026-01-16T08:49:37.570+0000][gc,cpu      ] GC(443) User=0.31s Sys=0.01s Real=0.57s
[2026-01-16T08:49:39.535+0000][gc,start    ] GC(444) Pause Young (Normal) (G1 Evacuation Pause)
[2026-01-16T08:49:39.536+0000][gc,task     ] GC(444) Using 8 workers of 8 for evacuation
[2026-01-16T08:49:40.043+0000][gc,mmu      ] GC(444) MMU target violated: 201.0ms (200.0ms/201.0ms)
[2026-01-16T08:49:40.047+0000][gc,phases   ] GC(444)   Pre Evacuate Collection Set: 28.3ms
[2026-01-16T08:49:40.047+0000][gc,phases   ] GC(444)   Merge Heap Roots: 8.4ms
[2026-01-16T08:49:40.047+0000][gc,phases   ] GC(444)   Evacuate Collection Set: 444.9ms
[2026-01-16T08:49:40.047+0000][gc,phases   ] GC(444)   Post Evacuate Collection Set: 17.1ms
[2026-01-16T08:49:40.047+0000][gc,phases   ] GC(444)   Other: 12.4ms
[2026-01-16T08:49:40.048+0000][gc,heap     ] GC(444) Eden regions: 47->0(46)
[2026-01-16T08:49:40.048+0000][gc,heap     ] GC(444) Survivor regions: 4->5(7)
[2026-01-16T08:49:40.048+0000][gc,heap     ] GC(444) Old regions: 166->166
[2026-01-16T08:49:40.048+0000][gc,heap     ] GC(444) Humongous regions: 65->65
[2026-01-16T08:49:40.049+0000][gc,metaspace] GC(444) Metaspace: 12368K(12800K)->12368K(12800K) NonClass: 11274K(11456K)->11274K(11456K) Class: 1094K(1344K)->1094K(1344K)
[2026-01-16T08:49:40.049+0000][gc          ] GC(444) Pause Young (Normal) (G1 Evacuation Pause) 281M->234M(1024M) 513.933ms
[2026-01-16T08:49:40.049+0000][gc,cpu      ] GC(444) User=0.26s Sys=0.00s Real=0.52s
[2026-01-16T08:49:40.866+0000][gc,start    ] GC(445) Pause Young (Normal) (G1 Evacuation Pause)
[2026-01-16T08:49:40.867+0000][gc,task     ] GC(445) Using 8 workers of 8 for evacuation
[2026-01-16T08:49:41.284+0000][gc,mmu      ] GC(445) MMU target violated: 201.0ms (200.0ms/201.0ms)
[2026-01-16T08:49:41.291+0000][gc,phases   ] GC(445)   Pre Evacuate Collection Set: 43.2ms
[2026-01-16T08:49:41.295+0000][gc,phases   ] GC(445)   Merge Heap Roots: 13.0ms
[2026-01-16T08:49:41.299+0000][gc,phases   ] GC(445)   Evacuate Collection Set: 318.7ms
[2026-01-16T08:49:41.302+0000][gc,phases   ] GC(445)   Post Evacuate Collection Set: 12.7ms
[2026-01-16T08:49:41.303+0000][gc,phases   ] GC(445)   Other: 36.2ms
[2026-01-16T08:49:41.303+0000][gc,heap     ] GC(445) Eden regions: 46->0(46)
[2026-01-16T08:49:41.304+0000][gc,heap     ] GC(445) Survivor regions: 5->5(7)
[2026-01-16T08:49:41.306+0000][gc,heap     ] GC(445) Old regions: 166->167
[2026-01-16T08:49:41.306+0000][gc,heap     ] GC(445) Humongous regions: 65->65
[2026-01-16T08:49:41.307+0000][gc,metaspace] GC(445) Metaspace: 12369K(12800K)->12369K(12800K) NonClass: 11275K(11456K)->11275K(11456K) Class: 1094K(1344K)->1094K(1344K)
[2026-01-16T08:49:41.308+0000][gc          ] GC(445) Pause Young (Normal) (G1 Evacuation Pause) 280M->235M(1024M) 442.167ms
[2026-01-16T08:49:41.309+0000][gc,cpu      ] GC(445) User=0.15s Sys=0.00s Real=0.45s
[2026-01-16T08:49:42.360+0000][gc,start    ] GC(446) Pause Young (Normal) (G1 Evacuation Pause)
[2026-01-16T08:49:42.361+0000][gc,task     ] GC(446) Using 8 workers of 8 for evacuation
[2026-01-16T08:49:42.451+0000][gc,phases   ] GC(446)   Pre Evacuate Collection Set: 5.6ms
[2026-01-16T08:49:42.456+0000][gc,phases   ] GC(446)   Merge Heap Roots: 2.3ms
[2026-01-16T08:49:42.456+0000][gc,phases   ] GC(446)   Evacuate Collection Set: 73.3ms
[2026-01-16T08:49:42.456+0000][gc,phases   ] GC(446)   Post Evacuate Collection Set: 8.2ms
[2026-01-16T08:49:42.456+0000][gc,phases   ] GC(446)   Other: 1.1ms
[2026-01-16T08:49:42.458+0000][gc,heap     ] GC(446) Eden regions: 46->0(46)
[2026-01-16T08:49:42.468+0000][gc,heap     ] GC(446) Survivor regions: 5->5(7)
[2026-01-16T08:49:42.474+0000][gc,heap     ] GC(446) Old regions: 167->168
[2026-01-16T08:49:42.474+0000][gc,heap     ] GC(446) Humongous regions: 65->65
[2026-01-16T08:49:42.475+0000][gc,metaspace] GC(446) Metaspace: 12369K(12800K)->12369K(12800K) NonClass: 11275K(11456K)->11275K(11456K) Class: 1094K(1344K)->1094K(1344K)
[2026-01-16T08:49:42.488+0000][gc          ] GC(446) Pause Young (Normal) (G1 Evacuation Pause) 281M->236M(1024M) 127.568ms
[2026-01-16T08:49:42.488+0000][gc,cpu      ] GC(446) User=0.06s Sys=0.01s Real=0.13s
[2026-01-16T08:49:44.930+0000][gc,start    ] GC(447) Pause Young (Normal) (G1 Evacuation Pause)
[2026-01-16T08:49:44.939+0000][gc,task     ] GC(447) Using 8 workers of 8 for evacuation
[2026-01-16T08:49:45.513+0000][gc,mmu      ] GC(447) MMU target violated: 201.0ms (200.0ms/201.0ms)
[2026-01-16T08:49:45.514+0000][gc,phases   ] GC(447)   Pre Evacuate Collection Set: 35.7ms
[2026-01-16T08:49:45.514+0000][gc,phases   ] GC(447)   Merge Heap Roots: 3.7ms
[2026-01-16T08:49:45.514+0000][gc,phases   ] GC(447)   Evacuate Collection Set: 497.1ms
[2026-01-16T08:49:45.515+0000][gc,phases   ] GC(447)   Post Evacuate Collection Set: 34.2ms
[2026-01-16T08:49:45.515+0000][gc,phases   ] GC(447)   Other: 4.7ms
[2026-01-16T08:49:45.515+0000][gc,heap     ] GC(447) Eden regions: 46->0(47)
[2026-01-16T08:49:45.516+0000][gc,heap     ] GC(447) Survivor regions: 5->4(7)
[2026-01-16T08:49:45.516+0000][gc,heap     ] GC(447) Old regions: 168->168
[2026-01-16T08:49:45.518+0000][gc,heap     ] GC(447) Humongous regions: 65->65
[2026-01-16T08:49:45.519+0000][gc,metaspace] GC(447) Metaspace: 12369K(12800K)->12369K(12800K) NonClass: 11275K(11456K)->11275K(11456K) Class: 1094K(1344K)->1094K(1344K)
[2026-01-16T08:49:45.523+0000][gc          ] GC(447) Pause Young (Normal) (G1 Evacuation Pause) 282M->236M(1024M) 592.395ms
[2026-01-16T08:49:45.525+0000][gc,cpu      ] GC(447) User=0.29s Sys=0.02s Real=0.59s
[2026-01-16T08:49:59.331+0000][gc,start    ] GC(448) Pause Young (Normal) (G1 Evacuation Pause)
[2026-01-16T08:49:59.368+0000][gc,task     ] GC(448) Using 8 workers of 8 for evacuation
[2026-01-16T08:50:00.604+0000][gc,mmu      ] GC(448) MMU target violated: 201.0ms (200.0ms/201.0ms)
[2026-01-16T08:50:00.610+0000][gc,phases   ] GC(448)   Pre Evacuate Collection Set: 185.0ms
[2026-01-16T08:50:00.612+0000][gc,phases   ] GC(448)   Merge Heap Roots: 14.3ms
[2026-01-16T08:50:00.613+0000][gc,phases   ] GC(448)   Evacuate Collection Set: 975.0ms
[2026-01-16T08:50:00.619+0000][gc,phases   ] GC(448)   Post Evacuate Collection Set: 50.4ms
[2026-01-16T08:50:00.621+0000][gc,phases   ] GC(448)   Other: 49.2ms
[2026-01-16T08:50:00.624+0000][gc,heap     ] GC(448) Eden regions: 47->0(47)
[2026-01-16T08:50:00.624+0000][gc,heap     ] GC(448) Survivor regions: 4->4(7)
[2026-01-16T08:50:00.631+0000][gc,heap     ] GC(448) Old regions: 168->168
[2026-01-16T08:50:00.633+0000][gc,heap     ] GC(448) Humongous regions: 74->74
[2026-01-16T08:50:00.635+0000][gc,metaspace] GC(448) Metaspace: 12383K(12800K)->12383K(12800K) NonClass: 11289K(11456K)->11289K(11456K) Class: 1094K(1344K)->1094K(1344K)
[2026-01-16T08:50:00.636+0000][gc          ] GC(448) Pause Young (Normal) (G1 Evacuation Pause) 292M->244M(1024M) 1305.375ms
[2026-01-16T08:50:00.637+0000][gc,cpu      ] GC(448) User=0.61s Sys=0.04s Real=1.30s
[2026-01-16T08:50:05.789+0000][gc,start    ] GC(449) Pause Young (Normal) (G1 Evacuation Pause)
[2026-01-16T08:50:05.791+0000][gc,task     ] GC(449) Using 8 workers of 8 for evacuation
[2026-01-16T08:50:06.409+0000][gc,mmu      ] GC(449) MMU target violated: 201.0ms (200.0ms/201.0ms)
[2026-01-16T08:50:06.416+0000][gc,phases   ] GC(449)   Pre Evacuate Collection Set: 76.6ms
[2026-01-16T08:50:06.421+0000][gc,phases   ] GC(449)   Merge Heap Roots: 8.6ms
[2026-01-16T08:50:06.423+0000][gc,phases   ] GC(449)   Evacuate Collection Set: 510.5ms
[2026-01-16T08:50:06.426+0000][gc,phases   ] GC(449)   Post Evacuate Collection Set: 19.4ms
[2026-01-16T08:50:06.432+0000][gc,phases   ] GC(449)   Other: 10.8ms
[2026-01-16T08:50:06.434+0000][gc,heap     ] GC(449) Eden regions: 47->0(47)
[2026-01-16T08:50:06.434+0000][gc,heap     ] GC(449) Survivor regions: 4->4(7)
[2026-01-16T08:50:06.436+0000][gc,heap     ] GC(449) Old regions: 168->168
[2026-01-16T08:50:06.437+0000][gc,heap     ] GC(449) Humongous regions: 74->74
[2026-01-16T08:50:06.437+0000][gc,metaspace] GC(449) Metaspace: 12390K(12800K)->12390K(12800K) NonClass: 11296K(11456K)->11296K(11456K) Class: 1094K(1344K)->1094K(1344K)
[2026-01-16T08:50:06.438+0000][gc          ] GC(449) Pause Young (Normal) (G1 Evacuation Pause) 291M->245M(1024M) 648.974ms
[2026-01-16T08:50:06.438+0000][gc,cpu      ] GC(449) User=0.39s Sys=0.01s Real=0.65s
[2026-01-16T08:50:09.247+0000][gc,start    ] GC(450) Pause Young (Normal) (G1 Evacuation Pause)
[2026-01-16T08:50:09.252+0000][gc,task     ] GC(450) Using 8 workers of 8 for evacuation
[2026-01-16T08:50:10.657+0000][gc,mmu      ] GC(450) MMU target violated: 201.0ms (200.0ms/201.0ms)
[2026-01-16T08:50:10.674+0000][gc,phases   ] GC(450)   Pre Evacuate Collection Set: 93.9ms
[2026-01-16T08:50:10.677+0000][gc,phases   ] GC(450)   Merge Heap Roots: 14.6ms
[2026-01-16T08:50:10.685+0000][gc,phases   ] GC(450)   Evacuate Collection Set: 1159.5ms
[2026-01-16T08:50:10.690+0000][gc,phases   ] GC(450)   Post Evacuate Collection Set: 132.1ms
[2026-01-16T08:50:10.690+0000][gc,phases   ] GC(450)   Other: 22.5ms
[2026-01-16T08:50:10.693+0000][gc,heap     ] GC(450) Eden regions: 47->0(46)
[2026-01-16T08:50:10.693+0000][gc,heap     ] GC(450) Survivor regions: 4->5(7)
[2026-01-16T08:50:10.693+0000][gc,heap     ] GC(450) Old regions: 168->168
[2026-01-16T08:50:10.694+0000][gc,heap     ] GC(450) Humongous regions: 74->74
[2026-01-16T08:50:10.694+0000][gc,metaspace] GC(450) Metaspace: 12390K(12800K)->12390K(12800K) NonClass: 11296K(11456K)->11296K(11456K) Class: 1094K(1344K)->1094K(1344K)
[2026-01-16T08:50:10.695+0000][gc          ] GC(450) Pause Young (Normal) (G1 Evacuation Pause) 292M->246M(1024M) 1448.066ms
[2026-01-16T08:50:10.696+0000][gc,cpu      ] GC(450) User=0.52s Sys=0.04s Real=1.45s
[2026-01-16T08:50:16.691+0000][gc,start    ] GC(451) Pause Young (Normal) (G1 Evacuation Pause)
[2026-01-16T08:50:16.694+0000][gc,task     ] GC(451) Using 8 workers of 8 for evacuation
[2026-01-16T08:50:17.734+0000][gc,mmu      ] GC(451) MMU target violated: 201.0ms (200.0ms/201.0ms)
[2026-01-16T08:50:17.736+0000][gc,phases   ] GC(451)   Pre Evacuate Collection Set: 118.6ms
[2026-01-16T08:50:17.736+0000][gc,phases   ] GC(451)   Merge Heap Roots: 15.1ms
[2026-01-16T08:50:17.739+0000][gc,phases   ] GC(451)   Evacuate Collection Set: 841.5ms
[2026-01-16T08:50:17.742+0000][gc,phases   ] GC(451)   Post Evacuate Collection Set: 38.5ms
[2026-01-16T08:50:17.747+0000][gc,phases   ] GC(451)   Other: 28.3ms
[2026-01-16T08:50:17.751+0000][gc,heap     ] GC(451) Eden regions: 46->0(46)
[2026-01-16T08:50:17.770+0000][gc,heap     ] GC(451) Survivor regions: 5->5(7)
[2026-01-16T08:50:17.776+0000][gc,heap     ] GC(451) Old regions: 168->169
[2026-01-16T08:50:17.786+0000][gc,heap     ] GC(451) Humongous regions: 74->74
[2026-01-16T08:50:17.791+0000][gc,metaspace] GC(451) Metaspace: 12390K(12800K)->12390K(12800K) NonClass: 11296K(11456K)->11296K(11456K) Class: 1094K(1344K)->1094K(1344K)
[2026-01-16T08:50:17.794+0000][gc          ] GC(451) Pause Young (Normal) (G1 Evacuation Pause) 292M->246M(1024M) 1102.530ms
[2026-01-16T08:50:17.797+0000][gc,cpu      ] GC(451) User=0.47s Sys=0.02s Real=1.10s
[2026-01-16T08:50:20.598+0000][gc,start    ] GC(452) Pause Young (Normal) (G1 Evacuation Pause)
[2026-01-16T08:50:20.598+0000][gc,task     ] GC(452) Using 8 workers of 8 for evacuation
[2026-01-16T08:50:21.350+0000][gc,mmu      ] GC(452) MMU target violated: 201.0ms (200.0ms/201.0ms)
[2026-01-16T08:50:21.353+0000][gc,phases   ] GC(452)   Pre Evacuate Collection Set: 13.5ms
[2026-01-16T08:50:21.354+0000][gc,phases   ] GC(452)   Merge Heap Roots: 11.2ms
[2026-01-16T08:50:21.356+0000][gc,phases   ] GC(452)   Evacuate Collection Set: 641.7ms
[2026-01-16T08:50:21.358+0000][gc,phases   ] GC(452)   Post Evacuate Collection Set: 84.8ms
[2026-01-16T08:50:21.360+0000][gc,phases   ] GC(452)   Other: 4.2ms
[2026-01-16T08:50:21.362+0000][gc,heap     ] GC(452) Eden regions: 46->0(47)
[2026-01-16T08:50:21.362+0000][gc,heap     ] GC(452) Survivor regions: 5->4(7)
[2026-01-16T08:50:21.362+0000][gc,heap     ] GC(452) Old regions: 169->170
[2026-01-16T08:50:21.362+0000][gc,heap     ] GC(452) Humongous regions: 74->74
[2026-01-16T08:50:21.362+0000][gc,metaspace] GC(452) Metaspace: 12391K(12800K)->12391K(12800K) NonClass: 11297K(11456K)->11297K(11456K) Class: 1094K(1344K)->1094K(1344K)
[2026-01-16T08:50:21.363+0000][gc          ] GC(452) Pause Young (Normal) (G1 Evacuation Pause) 292M->247M(1024M) 765.405ms
[2026-01-16T08:50:21.363+0000][gc,cpu      ] GC(452) User=0.31s Sys=0.01s Real=0.77s
[2026-01-16T08:50:23.750+0000][gc,start    ] GC(453) Pause Young (Normal) (G1 Evacuation Pause)
[2026-01-16T08:50:23.751+0000][gc,task     ] GC(453) Using 8 workers of 8 for evacuation
[2026-01-16T08:50:24.431+0000][gc,mmu      ] GC(453) MMU target violated: 201.0ms (200.0ms/201.0ms)
[2026-01-16T08:50:24.436+0000][gc,phases   ] GC(453)   Pre Evacuate Collection Set: 106.6ms
[2026-01-16T08:50:24.439+0000][gc,phases   ] GC(453)   Merge Heap Roots: 13.9ms
[2026-01-16T08:50:24.441+0000][gc,phases   ] GC(453)   Evacuate Collection Set: 498.7ms
[2026-01-16T08:50:24.444+0000][gc,phases   ] GC(453)   Post Evacuate Collection Set: 59.7ms
[2026-01-16T08:50:24.445+0000][gc,phases   ] GC(453)   Other: 6.5ms
[2026-01-16T08:50:24.447+0000][gc,heap     ] GC(453) Eden regions: 47->0(48)
[2026-01-16T08:50:24.449+0000][gc,heap     ] GC(453) Survivor regions: 4->3(7)
[2026-01-16T08:50:24.455+0000][gc,heap     ] GC(453) Old regions: 170->170
[2026-01-16T08:50:24.459+0000][gc,heap     ] GC(453) Humongous regions: 74->74
[2026-01-16T08:50:24.462+0000][gc,metaspace] GC(453) Metaspace: 12391K(12800K)->12391K(12800K) NonClass: 11297K(11456K)->11297K(11456K) Class: 1094K(1344K)->1094K(1344K)
[2026-01-16T08:50:24.470+0000][gc          ] GC(453) Pause Young (Normal) (G1 Evacuation Pause) 294M->246M(1024M) 720.247ms
[2026-01-16T08:50:24.473+0000][gc,cpu      ] GC(453) User=0.24s Sys=0.02s Real=0.74s
[2026-01-16T08:50:28.716+0000][gc,start    ] GC(454) Pause Young (Normal) (G1 Evacuation Pause)
[2026-01-16T08:50:28.735+0000][gc,task     ] GC(454) Using 8 workers of 8 for evacuation
[2026-01-16T08:50:30.135+0000][gc,mmu      ] GC(454) MMU target violated: 201.0ms (200.0ms/201.0ms)
[2026-01-16T08:50:30.136+0000][gc,phases   ] GC(454)   Pre Evacuate Collection Set: 100.7ms
[2026-01-16T08:50:30.136+0000][gc,phases   ] GC(454)   Merge Heap Roots: 2.7ms
[2026-01-16T08:50:30.137+0000][gc,phases   ] GC(454)   Evacuate Collection Set: 1168.7ms
[2026-01-16T08:50:30.137+0000][gc,phases   ] GC(454)   Post Evacuate Collection Set: 117.4ms
[2026-01-16T08:50:30.137+0000][gc,phases   ] GC(454)   Other: 23.2ms
[2026-01-16T08:50:30.139+0000][gc,heap     ] GC(454) Eden regions: 48->0(47)
[2026-01-16T08:50:30.139+0000][gc,heap     ] GC(454) Survivor regions: 3->4(7)
[2026-01-16T08:50:30.139+0000][gc,heap     ] GC(454) Old regions: 170->170
[2026-01-16T08:50:30.139+0000][gc,heap     ] GC(454) Humongous regions: 74->74
[2026-01-16T08:50:30.139+0000][gc,metaspace] GC(454) Metaspace: 12391K(12800K)->12391K(12800K) NonClass: 11297K(11456K)->11297K(11456K) Class: 1094K(1344K)->1094K(1344K)
[2026-01-16T08:50:30.140+0000][gc          ] GC(454) Pause Young (Normal) (G1 Evacuation Pause) 294M->247M(1024M) 1423.513ms
[2026-01-16T08:50:30.142+0000][gc,cpu      ] GC(454) User=0.66s Sys=0.08s Real=1.43s
[2026-01-16T08:50:34.920+0000][gc,start    ] GC(455) Pause Young (Normal) (G1 Evacuation Pause)
[2026-01-16T08:50:34.931+0000][gc,task     ] GC(455) Using 8 workers of 8 for evacuation
[2026-01-16T08:50:35.550+0000][gc,mmu      ] GC(455) MMU target violated: 201.0ms (200.0ms/201.0ms)
[2026-01-16T08:50:35.553+0000][gc,phases   ] GC(455)   Pre Evacuate Collection Set: 48.5ms
[2026-01-16T08:50:35.553+0000][gc,phases   ] GC(455)   Merge Heap Roots: 2.8ms
[2026-01-16T08:50:35.556+0000][gc,phases   ] GC(455)   Evacuate Collection Set: 524.0ms
[2026-01-16T08:50:35.556+0000][gc,phases   ] GC(455)   Post Evacuate Collection Set: 38.3ms
[2026-01-16T08:50:35.557+0000][gc,phases   ] GC(455)   Other: 16.4ms
[2026-01-16T08:50:35.557+0000][gc,heap     ] GC(455) Eden regions: 47->0(46)
[2026-01-16T08:50:35.557+0000][gc,heap     ] GC(455) Survivor regions: 4->5(7)
[2026-01-16T08:50:35.557+0000][gc,heap     ] GC(455) Old regions: 170->170
[2026-01-16T08:50:35.557+0000][gc,heap     ] GC(455) Humongous regions: 74->74
[2026-01-16T08:50:35.557+0000][gc,metaspace] GC(455) Metaspace: 12392K(12800K)->12392K(12800K) NonClass: 11298K(11456K)->11298K(11456K) Class: 1094K(1344K)->1094K(1344K)
[2026-01-16T08:50:35.557+0000][gc          ] GC(455) Pause Young (Normal) (G1 Evacuation Pause) 294M->248M(1024M) 637.096ms
[2026-01-16T08:50:35.557+0000][gc,cpu      ] GC(455) User=0.30s Sys=0.02s Real=0.64s
[2026-01-16T08:50:37.728+0000][gc,start    ] GC(456) Pause Young (Normal) (G1 Evacuation Pause)
[2026-01-16T08:50:37.753+0000][gc,task     ] GC(456) Using 8 workers of 8 for evacuation
[2026-01-16T08:50:38.445+0000][gc,mmu      ] GC(456) MMU target violated: 201.0ms (200.0ms/201.0ms)
[2026-01-16T08:50:38.450+0000][gc,phases   ] GC(456)   Pre Evacuate Collection Set: 93.9ms
[2026-01-16T08:50:38.454+0000][gc,phases   ] GC(456)   Merge Heap Roots: 5.1ms
[2026-01-16T08:50:38.455+0000][gc,phases   ] GC(456)   Evacuate Collection Set: 563.9ms
[2026-01-16T08:50:38.456+0000][gc,phases   ] GC(456)   Post Evacuate Collection Set: 28.1ms
[2026-01-16T08:50:38.456+0000][gc,phases   ] GC(456)   Other: 6.0ms
[2026-01-16T08:50:38.458+0000][gc,heap     ] GC(456) Eden regions: 46->0(46)
[2026-01-16T08:50:38.458+0000][gc,heap     ] GC(456) Survivor regions: 5->5(7)
[2026-01-16T08:50:38.458+0000][gc,heap     ] GC(456) Old regions: 170->171
[2026-01-16T08:50:38.458+0000][gc,heap     ] GC(456) Humongous regions: 74->74
[2026-01-16T08:50:38.459+0000][gc,metaspace] GC(456) Metaspace: 12392K(12800K)->12392K(12800K) NonClass: 11298K(11456K)->11298K(11456K) Class: 1094K(1344K)->1094K(1344K)
[2026-01-16T08:50:38.460+0000][gc          ] GC(456) Pause Young (Normal) (G1 Evacuation Pause) 294M->248M(1024M) 731.471ms
[2026-01-16T08:50:38.460+0000][gc,cpu      ] GC(456) User=0.41s Sys=0.04s Real=0.75s
[2026-01-16T08:50:41.255+0000][gc,start    ] GC(457) Pause Young (Normal) (G1 Evacuation Pause)
[2026-01-16T08:50:41.333+0000][gc,task     ] GC(457) Using 8 workers of 8 for evacuation
[2026-01-16T08:50:42.605+0000][gc,mmu      ] GC(457) MMU target violated: 201.0ms (200.0ms/201.0ms)
[2026-01-16T08:50:42.607+0000][gc,phases   ] GC(457)   Pre Evacuate Collection Set: 294.4ms
[2026-01-16T08:50:42.608+0000][gc,phases   ] GC(457)   Merge Heap Roots: 36.7ms
[2026-01-16T08:50:42.609+0000][gc,phases   ] GC(457)   Evacuate Collection Set: 825.1ms
[2026-01-16T08:50:42.610+0000][gc,phases   ] GC(457)   Post Evacuate Collection Set: 114.0ms
[2026-01-16T08:50:42.611+0000][gc,phases   ] GC(457)   Other: 61.2ms
[2026-01-16T08:50:42.611+0000][gc,heap     ] GC(457) Eden regions: 46->0(47)
[2026-01-16T08:50:42.612+0000][gc,heap     ] GC(457) Survivor regions: 5->4(7)
[2026-01-16T08:50:42.615+0000][gc,heap     ] GC(457) Old regions: 171->171
[2026-01-16T08:50:42.616+0000][gc,heap     ] GC(457) Humongous regions: 74->74
[2026-01-16T08:50:42.617+0000][gc,metaspace] GC(457) Metaspace: 12392K(12800K)->12392K(12800K) NonClass: 11298K(11456K)->11298K(11456K) Class: 1094K(1344K)->1094K(1344K)
[2026-01-16T08:50:42.620+0000][gc          ] GC(457) Pause Young (Normal) (G1 Evacuation Pause) 294M->247M(1024M) 1365.008ms
[2026-01-16T08:50:42.622+0000][gc,cpu      ] GC(457) User=0.41s Sys=0.04s Real=1.36s
[2026-01-16T08:50:46.249+0000][gc,start    ] GC(458) Pause Young (Normal) (G1 Evacuation Pause)
[2026-01-16T08:50:46.251+0000][gc,task     ] GC(458) Using 8 workers of 8 for evacuation
[2026-01-16T08:50:46.460+0000][gc,mmu      ] GC(458) MMU target violated: 201.0ms (200.0ms/201.0ms)
[2026-01-16T08:50:46.460+0000][gc,phases   ] GC(458)   Pre Evacuate Collection Set: 33.5ms
[2026-01-16T08:50:46.463+0000][gc,phases   ] GC(458)   Merge Heap Roots: 4.4ms
[2026-01-16T08:50:46.463+0000][gc,phases   ] GC(458)   Evacuate Collection Set: 165.3ms
[2026-01-16T08:50:46.463+0000][gc,phases   ] GC(458)   Post Evacuate Collection Set: 4.0ms
[2026-01-16T08:50:46.463+0000][gc,phases   ] GC(458)   Other: 2.3ms
[2026-01-16T08:50:46.465+0000][gc,heap     ] GC(458) Eden regions: 47->0(46)
[2026-01-16T08:50:46.465+0000][gc,heap     ] GC(458) Survivor regions: 4->5(7)
[2026-01-16T08:50:46.465+0000][gc,heap     ] GC(458) Old regions: 171->171
[2026-01-16T08:50:46.465+0000][gc,heap     ] GC(458) Humongous regions: 74->74
[2026-01-16T08:50:46.466+0000][gc,metaspace] GC(458) Metaspace: 12393K(12800K)->12393K(12800K) NonClass: 11299K(11456K)->11299K(11456K) Class: 1094K(1344K)->1094K(1344K)
[2026-01-16T08:50:46.467+0000][gc          ] GC(458) Pause Young (Normal) (G1 Evacuation Pause) 294M->248M(1024M) 217.301ms
[2026-01-16T08:50:46.468+0000][gc,cpu      ] GC(458) User=0.12s Sys=0.00s Real=0.22s
[2026-01-16T08:50:47.673+0000][gc,start    ] GC(459) Pause Young (Normal) (G1 Evacuation Pause)
[2026-01-16T08:50:47.696+0000][gc,task     ] GC(459) Using 8 workers of 8 for evacuation
[2026-01-16T08:50:48.016+0000][gc,mmu      ] GC(459) MMU target violated: 201.0ms (200.0ms/201.0ms)
[2026-01-16T08:50:48.017+0000][gc,phases   ] GC(459)   Pre Evacuate Collection Set: 60.6ms
[2026-01-16T08:50:48.017+0000][gc,phases   ] GC(459)   Merge Heap Roots: 4.1ms
[2026-01-16T08:50:48.018+0000][gc,phases   ] GC(459)   Evacuate Collection Set: 226.3ms
[2026-01-16T08:50:48.019+0000][gc,phases   ] GC(459)   Post Evacuate Collection Set: 12.1ms
[2026-01-16T08:50:48.019+0000][gc,phases   ] GC(459)   Other: 21.6ms
[2026-01-16T08:50:48.019+0000][gc,heap     ] GC(459) Eden regions: 46->0(46)
[2026-01-16T08:50:48.020+0000][gc,heap     ] GC(459) Survivor regions: 5->5(7)
[2026-01-16T08:50:48.020+0000][gc,heap     ] GC(459) Old regions: 171->171
[2026-01-16T08:50:48.020+0000][gc,heap     ] GC(459) Humongous regions: 74->74
[2026-01-16T08:50:48.021+0000][gc,metaspace] GC(459) Metaspace: 12393K(12800K)->12393K(12800K) NonClass: 11299K(11456K)->11299K(11456K) Class: 1094K(1344K)->1094K(1344K)
[2026-01-16T08:50:48.022+0000][gc          ] GC(459) Pause Young (Normal) (G1 Evacuation Pause) 294M->248M(1024M) 348.311ms
[2026-01-16T08:50:48.022+0000][gc,cpu      ] GC(459) User=0.19s Sys=0.00s Real=0.35s
[2026-01-16T08:50:49.346+0000][gc,start    ] GC(460) Pause Young (Normal) (G1 Evacuation Pause)
[2026-01-16T08:50:49.352+0000][gc,task     ] GC(460) Using 8 workers of 8 for evacuation
[2026-01-16T08:50:49.660+0000][gc,mmu      ] GC(460) MMU target violated: 201.0ms (200.0ms/201.0ms)
[2026-01-16T08:50:49.662+0000][gc,phases   ] GC(460)   Pre Evacuate Collection Set: 14.9ms
[2026-01-16T08:50:49.663+0000][gc,phases   ] GC(460)   Merge Heap Roots: 0.3ms
[2026-01-16T08:50:49.663+0000][gc,phases   ] GC(460)   Evacuate Collection Set: 252.5ms
[2026-01-16T08:50:49.664+0000][gc,phases   ] GC(460)   Post Evacuate Collection Set: 10.3ms
[2026-01-16T08:50:49.668+0000][gc,phases   ] GC(460)   Other: 32.4ms
[2026-01-16T08:50:49.673+0000][gc,heap     ] GC(460) Eden regions: 46->0(46)
[2026-01-16T08:50:49.675+0000][gc,heap     ] GC(460) Survivor regions: 5->5(7)
[2026-01-16T08:50:49.675+0000][gc,heap     ] GC(460) Old regions: 171->172
[2026-01-16T08:50:49.675+0000][gc,heap     ] GC(460) Humongous regions: 74->74
[2026-01-16T08:50:49.675+0000][gc,metaspace] GC(460) Metaspace: 12393K(12800K)->12393K(12800K) NonClass: 11299K(11456K)->11299K(11456K) Class: 1094K(1344K)->1094K(1344K)
[2026-01-16T08:50:49.675+0000][gc          ] GC(460) Pause Young (Normal) (G1 Evacuation Pause) 294M->249M(1024M) 330.493ms
[2026-01-16T08:50:49.675+0000][gc,cpu      ] GC(460) User=0.16s Sys=0.00s Real=0.33s
[2026-01-16T08:50:50.977+0000][gc,start    ] GC(461) Pause Young (Normal) (G1 Evacuation Pause)
[2026-01-16T08:50:50.979+0000][gc,task     ] GC(461) Using 8 workers of 8 for evacuation
[2026-01-16T08:50:51.284+0000][gc,mmu      ] GC(461) MMU target violated: 201.0ms (200.0ms/201.0ms)
[2026-01-16T08:50:51.288+0000][gc,phases   ] GC(461)   Pre Evacuate Collection Set: 13.3ms
[2026-01-16T08:50:51.288+0000][gc,phases   ] GC(461)   Merge Heap Roots: 1.6ms
[2026-01-16T08:50:51.289+0000][gc,phases   ] GC(461)   Evacuate Collection Set: 266.2ms
[2026-01-16T08:50:51.292+0000][gc,phases   ] GC(461)   Post Evacuate Collection Set: 22.1ms
[2026-01-16T08:50:51.324+0000][gc,phases   ] GC(461)   Other: 5.5ms
[2026-01-16T08:50:51.380+0000][gc,heap     ] GC(461) Eden regions: 46->0(47)
[2026-01-16T08:50:51.383+0000][gc,heap     ] GC(461) Survivor regions: 5->4(7)
[2026-01-16T08:50:51.383+0000][gc,heap     ] GC(461) Old regions: 172->172
[2026-01-16T08:50:51.384+0000][gc,heap     ] GC(461) Humongous regions: 74->74
[2026-01-16T08:50:51.384+0000][gc,metaspace] GC(461) Metaspace: 12395K(12800K)->12395K(12800K) NonClass: 11301K(11456K)->11301K(11456K) Class: 1094K(1344K)->1094K(1344K)
[2026-01-16T08:50:51.385+0000][gc          ] GC(461) Pause Young (Normal) (G1 Evacuation Pause) 295M->249M(1024M) 407.275ms
[2026-01-16T08:50:51.385+0000][gc,cpu      ] GC(461) User=0.12s Sys=0.03s Real=0.41s
[2026-01-16T08:50:53.322+0000][gc,start    ] GC(462) Pause Young (Normal) (G1 Evacuation Pause)
[2026-01-16T08:50:53.359+0000][gc,task     ] GC(462) Using 8 workers of 8 for evacuation
[2026-01-16T08:50:53.858+0000][gc,mmu      ] GC(462) MMU target violated: 201.0ms (200.0ms/201.0ms)
[2026-01-16T08:50:53.862+0000][gc,phases   ] GC(462)   Pre Evacuate Collection Set: 119.2ms
[2026-01-16T08:50:53.864+0000][gc,phases   ] GC(462)   Merge Heap Roots: 2.2ms
[2026-01-16T08:50:53.865+0000][gc,phases   ] GC(462)   Evacuate Collection Set: 348.0ms
[2026-01-16T08:50:53.866+0000][gc,phases   ] GC(462)   Post Evacuate Collection Set: 14.4ms
[2026-01-16T08:50:53.867+0000][gc,phases   ] GC(462)   Other: 19.4ms
[2026-01-16T08:50:53.879+0000][gc,heap     ] GC(462) Eden regions: 47->0(46)
[2026-01-16T08:50:53.881+0000][gc,heap     ] GC(462) Survivor regions: 4->5(7)
[2026-01-16T08:50:53.883+0000][gc,heap     ] GC(462) Old regions: 172->172
[2026-01-16T08:50:53.884+0000][gc,heap     ] GC(462) Humongous regions: 74->74
[2026-01-16T08:50:53.886+0000][gc,metaspace] GC(462) Metaspace: 12395K(12800K)->12395K(12800K) NonClass: 11301K(11456K)->11301K(11456K) Class: 1094K(1344K)->1094K(1344K)
[2026-01-16T08:50:53.890+0000][gc          ] GC(462) Pause Young (Normal) (G1 Evacuation Pause) 296M->250M(1024M) 567.616ms
[2026-01-16T08:50:53.894+0000][gc,cpu      ] GC(462) User=0.21s Sys=0.03s Real=0.58s
[2026-01-16T08:50:56.012+0000][gc,start    ] GC(463) Pause Young (Normal) (G1 Evacuation Pause)
[2026-01-16T08:50:56.013+0000][gc,task     ] GC(463) Using 8 workers of 8 for evacuation
[2026-01-16T08:50:56.317+0000][gc,mmu      ] GC(463) MMU target violated: 201.0ms (200.0ms/201.0ms)
[2026-01-16T08:50:56.318+0000][gc,phases   ] GC(463)   Pre Evacuate Collection Set: 24.3ms
[2026-01-16T08:50:56.318+0000][gc,phases   ] GC(463)   Merge Heap Roots: 3.8ms
[2026-01-16T08:50:56.319+0000][gc,phases   ] GC(463)   Evacuate Collection Set: 263.2ms
[2026-01-16T08:50:56.320+0000][gc,phases   ] GC(463)   Post Evacuate Collection Set: 7.0ms
[2026-01-16T08:50:56.321+0000][gc,phases   ] GC(463)   Other: 6.6ms
[2026-01-16T08:50:56.322+0000][gc,heap     ] GC(463) Eden regions: 46->0(47)
[2026-01-16T08:50:56.323+0000][gc,heap     ] GC(463) Survivor regions: 5->4(7)
[2026-01-16T08:50:56.326+0000][gc,heap     ] GC(463) Old regions: 172->173
[2026-01-16T08:50:56.328+0000][gc,heap     ] GC(463) Humongous regions: 74->74
[2026-01-16T08:50:56.331+0000][gc,metaspace] GC(463) Metaspace: 12395K(12800K)->12395K(12800K) NonClass: 11301K(11456K)->11301K(11456K) Class: 1094K(1344K)->1094K(1344K)
[2026-01-16T08:50:56.332+0000][gc          ] GC(463) Pause Young (Normal) (G1 Evacuation Pause) 296M->250M(1024M) 319.926ms
[2026-01-16T08:50:56.333+0000][gc,cpu      ] GC(463) User=0.17s Sys=0.05s Real=0.33s
[2026-01-16T08:50:58.937+0000][gc,start    ] GC(464) Pause Young (Normal) (G1 Evacuation Pause)
[2026-01-16T08:50:58.953+0000][gc,task     ] GC(464) Using 8 workers of 8 for evacuation
[2026-01-16T08:50:59.349+0000][gc,mmu      ] GC(464) MMU target violated: 201.0ms (200.0ms/201.0ms)
[2026-01-16T08:50:59.351+0000][gc,phases   ] GC(464)   Pre Evacuate Collection Set: 53.4ms
[2026-01-16T08:50:59.353+0000][gc,phases   ] GC(464)   Merge Heap Roots: 14.5ms
[2026-01-16T08:50:59.358+0000][gc,phases   ] GC(464)   Evacuate Collection Set: 295.3ms
[2026-01-16T08:50:59.359+0000][gc,phases   ] GC(464)   Post Evacuate Collection Set: 11.6ms
[2026-01-16T08:50:59.360+0000][gc,phases   ] GC(464)   Other: 28.5ms
[2026-01-16T08:50:59.361+0000][gc,heap     ] GC(464) Eden regions: 47->0(47)
[2026-01-16T08:50:59.361+0000][gc,heap     ] GC(464) Survivor regions: 4->4(7)
[2026-01-16T08:50:59.361+0000][gc,heap     ] GC(464) Old regions: 173->174
[2026-01-16T08:50:59.362+0000][gc,heap     ] GC(464) Humongous regions: 74->74
[2026-01-16T08:50:59.365+0000][gc,metaspace] GC(464) Metaspace: 12396K(12800K)->12396K(12800K) NonClass: 11302K(11456K)->11302K(11456K) Class: 1094K(1344K)->1094K(1344K)
[2026-01-16T08:50:59.368+0000][gc          ] GC(464) Pause Young (Normal) (G1 Evacuation Pause) 297M->250M(1024M) 431.040ms
[2026-01-16T08:50:59.371+0000][gc,cpu      ] GC(464) User=0.22s Sys=0.04s Real=0.43s
[2026-01-16T08:51:01.421+0000][gc,start    ] GC(465) Pause Young (Normal) (G1 Evacuation Pause)
[2026-01-16T08:51:01.422+0000][gc,task     ] GC(465) Using 8 workers of 8 for evacuation
[2026-01-16T08:51:01.918+0000][gc,mmu      ] GC(465) MMU target violated: 201.0ms (200.0ms/201.0ms)
[2026-01-16T08:51:01.922+0000][gc,phases   ] GC(465)   Pre Evacuate Collection Set: 308.9ms
[2026-01-16T08:51:01.923+0000][gc,phases   ] GC(465)   Merge Heap Roots: 0.5ms
[2026-01-16T08:51:01.924+0000][gc,phases   ] GC(465)   Evacuate Collection Set: 165.2ms
[2026-01-16T08:51:01.924+0000][gc,phases   ] GC(465)   Post Evacuate Collection Set: 16.5ms
[2026-01-16T08:51:01.924+0000][gc,phases   ] GC(465)   Other: 9.1ms
[2026-01-16T08:51:01.924+0000][gc,heap     ] GC(465) Eden regions: 47->0(47)
[2026-01-16T08:51:01.925+0000][gc,heap     ] GC(465) Survivor regions: 4->4(7)
[2026-01-16T08:51:01.925+0000][gc,heap     ] GC(465) Old regions: 174->174
[2026-01-16T08:51:01.925+0000][gc,heap     ] GC(465) Humongous regions: 74->74
[2026-01-16T08:51:01.926+0000][gc,metaspace] GC(465) Metaspace: 12396K(12800K)->12396K(12800K) NonClass: 11302K(11456K)->11302K(11456K) Class: 1094K(1344K)->1094K(1344K)
[2026-01-16T08:51:01.926+0000][gc          ] GC(465) Pause Young (Normal) (G1 Evacuation Pause) 297M->251M(1024M) 505.876ms
[2026-01-16T08:51:01.927+0000][gc,cpu      ] GC(465) User=0.15s Sys=0.03s Real=0.51s
[2026-01-16T08:51:04.842+0000][gc,start    ] GC(466) Pause Young (Normal) (G1 Evacuation Pause)
[2026-01-16T08:51:04.854+0000][gc,task     ] GC(466) Using 8 workers of 8 for evacuation
[2026-01-16T08:51:05.172+0000][gc,mmu      ] GC(466) MMU target violated: 201.0ms (200.0ms/201.0ms)
[2026-01-16T08:51:05.172+0000][gc,phases   ] GC(466)   Pre Evacuate Collection Set: 129.8ms
[2026-01-16T08:51:05.173+0000][gc,phases   ] GC(466)   Merge Heap Roots: 9.0ms
[2026-01-16T08:51:05.175+0000][gc,phases   ] GC(466)   Evacuate Collection Set: 157.7ms
[2026-01-16T08:51:05.178+0000][gc,phases   ] GC(466)   Post Evacuate Collection Set: 17.4ms
[2026-01-16T08:51:05.179+0000][gc,phases   ] GC(466)   Other: 10.5ms
[2026-01-16T08:51:05.180+0000][gc,heap     ] GC(466) Eden regions: 47->0(47)
[2026-01-16T08:51:05.183+0000][gc,heap     ] GC(466) Survivor regions: 4->4(7)
[2026-01-16T08:51:05.183+0000][gc,heap     ] GC(466) Old regions: 174->174
[2026-01-16T08:51:05.185+0000][gc,heap     ] GC(466) Humongous regions: 74->74
[2026-01-16T08:51:05.185+0000][gc,metaspace] GC(466) Metaspace: 12396K(12800K)->12396K(12800K) NonClass: 11302K(11456K)->11302K(11456K) Class: 1094K(1344K)->1094K(1344K)
[2026-01-16T08:51:05.187+0000][gc          ] GC(466) Pause Young (Normal) (G1 Evacuation Pause) 298M->251M(1024M) 344.131ms
[2026-01-16T08:51:05.188+0000][gc,cpu      ] GC(466) User=0.14s Sys=0.04s Real=0.35s
[2026-01-16T08:51:07.153+0000][gc,start    ] GC(467) Pause Young (Normal) (G1 Evacuation Pause)
[2026-01-16T08:51:07.161+0000][gc,task     ] GC(467) Using 8 workers of 8 for evacuation
[2026-01-16T08:51:07.356+0000][gc,phases   ] GC(467)   Pre Evacuate Collection Set: 19.9ms
[2026-01-16T08:51:07.357+0000][gc,phases   ] GC(467)   Merge Heap Roots: 5.5ms
[2026-01-16T08:51:07.359+0000][gc,phases   ] GC(467)   Evacuate Collection Set: 163.7ms
[2026-01-16T08:51:07.359+0000][gc,phases   ] GC(467)   Post Evacuate Collection Set: 3.7ms
[2026-01-16T08:51:07.360+0000][gc,phases   ] GC(467)   Other: 3.6ms
[2026-01-16T08:51:07.361+0000][gc,heap     ] GC(467) Eden regions: 47->0(48)
[2026-01-16T08:51:07.361+0000][gc,heap     ] GC(467) Survivor regions: 4->3(7)
[2026-01-16T08:51:07.362+0000][gc,heap     ] GC(467) Old regions: 174->174
[2026-01-16T08:51:07.362+0000][gc,heap     ] GC(467) Humongous regions: 74->74
[2026-01-16T08:51:07.365+0000][gc,metaspace] GC(467) Metaspace: 12396K(12800K)->12396K(12800K) NonClass: 11302K(11456K)->11302K(11456K) Class: 1094K(1344K)->1094K(1344K)
[2026-01-16T08:51:07.366+0000][gc          ] GC(467) Pause Young (Normal) (G1 Evacuation Pause) 298M->250M(1024M) 212.141ms
[2026-01-16T08:51:07.367+0000][gc,cpu      ] GC(467) User=0.09s Sys=0.00s Real=0.21s
[2026-01-16T08:51:09.931+0000][gc,start    ] GC(468) Pause Young (Normal) (G1 Evacuation Pause)
[2026-01-16T08:51:09.932+0000][gc,task     ] GC(468) Using 8 workers of 8 for evacuation
[2026-01-16T08:51:10.301+0000][gc,mmu      ] GC(468) MMU target violated: 201.0ms (200.0ms/201.0ms)
[2026-01-16T08:51:10.307+0000][gc,phases   ] GC(468)   Pre Evacuate Collection Set: 20.6ms
[2026-01-16T08:51:10.308+0000][gc,phases   ] GC(468)   Merge Heap Roots: 2.7ms
[2026-01-16T08:51:10.311+0000][gc,phases   ] GC(468)   Evacuate Collection Set: 317.1ms
[2026-01-16T08:51:10.315+0000][gc,phases   ] GC(468)   Post Evacuate Collection Set: 28.1ms
[2026-01-16T08:51:10.319+0000][gc,phases   ] GC(468)   Other: 7.2ms
[2026-01-16T08:51:10.320+0000][gc,heap     ] GC(468) Eden regions: 48->0(48)
[2026-01-16T08:51:10.322+0000][gc,heap     ] GC(468) Survivor regions: 3->3(7)
[2026-01-16T08:51:10.324+0000][gc,heap     ] GC(468) Old regions: 174->174
[2026-01-16T08:51:10.326+0000][gc,heap     ] GC(468) Humongous regions: 74->74
[2026-01-16T08:51:10.326+0000][gc,metaspace] GC(468) Metaspace: 12396K(12800K)->12396K(12800K) NonClass: 11302K(11456K)->11302K(11456K) Class: 1094K(1344K)->1094K(1344K)
[2026-01-16T08:51:10.329+0000][gc          ] GC(468) Pause Young (Normal) (G1 Evacuation Pause) 298M->250M(1024M) 398.718ms
[2026-01-16T08:51:10.330+0000][gc,cpu      ] GC(468) User=0.16s Sys=0.01s Real=0.40s
[2026-01-16T08:51:14.933+0000][gc,start    ] GC(469) Pause Young (Normal) (G1 Evacuation Pause)
[2026-01-16T08:51:14.954+0000][gc,task     ] GC(469) Using 8 workers of 8 for evacuation
[2026-01-16T08:51:15.249+0000][gc,mmu      ] GC(469) MMU target violated: 201.0ms (200.0ms/201.0ms)
[2026-01-16T08:51:15.249+0000][gc,phases   ] GC(469)   Pre Evacuate Collection Set: 92.7ms
[2026-01-16T08:51:15.250+0000][gc,phases   ] GC(469)   Merge Heap Roots: 4.1ms
[2026-01-16T08:51:15.250+0000][gc,phases   ] GC(469)   Evacuate Collection Set: 175.4ms
[2026-01-16T08:51:15.250+0000][gc,phases   ] GC(469)   Post Evacuate Collection Set: 16.1ms
[2026-01-16T08:51:15.250+0000][gc,phases   ] GC(469)   Other: 7.4ms
[2026-01-16T08:51:15.250+0000][gc,heap     ] GC(469) Eden regions: 48->0(48)
[2026-01-16T08:51:15.250+0000][gc,heap     ] GC(469) Survivor regions: 3->3(7)
[2026-01-16T08:51:15.250+0000][gc,heap     ] GC(469) Old regions: 174->174
[2026-01-16T08:51:15.250+0000][gc,heap     ] GC(469) Humongous regions: 74->74
[2026-01-16T08:51:15.251+0000][gc,metaspace] GC(469) Metaspace: 12398K(12800K)->12398K(12800K) NonClass: 11304K(11456K)->11304K(11456K) Class: 1094K(1344K)->1094K(1344K)
[2026-01-16T08:51:15.251+0000][gc          ] GC(469) Pause Young (Normal) (G1 Evacuation Pause) 298M->250M(1024M) 317.423ms
[2026-01-16T08:51:15.253+0000][gc,cpu      ] GC(469) User=0.15s Sys=0.02s Real=0.32s
[2026-01-16T08:51:18.040+0000][gc,start    ] GC(470) Pause Young (Normal) (G1 Evacuation Pause)
[2026-01-16T08:51:18.045+0000][gc,task     ] GC(470) Using 8 workers of 8 for evacuation
[2026-01-16T08:51:18.189+0000][gc,phases   ] GC(470)   Pre Evacuate Collection Set: 11.1ms
[2026-01-16T08:51:18.191+0000][gc,phases   ] GC(470)   Merge Heap Roots: 1.1ms
[2026-01-16T08:51:18.193+0000][gc,phases   ] GC(470)   Evacuate Collection Set: 120.4ms
[2026-01-16T08:51:18.194+0000][gc,phases   ] GC(470)   Post Evacuate Collection Set: 4.9ms
[2026-01-16T08:51:18.195+0000][gc,phases   ] GC(470)   Other: 6.6ms
[2026-01-16T08:51:18.195+0000][gc,heap     ] GC(470) Eden regions: 48->0(48)
[2026-01-16T08:51:18.195+0000][gc,heap     ] GC(470) Survivor regions: 3->3(7)
[2026-01-16T08:51:18.195+0000][gc,heap     ] GC(470) Old regions: 174->174
[2026-01-16T08:51:18.196+0000][gc,heap     ] GC(470) Humongous regions: 74->74
[2026-01-16T08:51:18.198+0000][gc,metaspace] GC(470) Metaspace: 12398K(12800K)->12398K(12800K) NonClass: 11304K(11456K)->11304K(11456K) Class: 1094K(1344K)->1094K(1344K)
[2026-01-16T08:51:18.200+0000][gc          ] GC(470) Pause Young (Normal) (G1 Evacuation Pause) 298M->250M(1024M) 160.547ms
[2026-01-16T08:51:18.202+0000][gc,cpu      ] GC(470) User=0.13s Sys=0.00s Real=0.16s
[2026-01-16T08:51:19.869+0000][gc,start    ] GC(471) Pause Young (Normal) (G1 Evacuation Pause)
[2026-01-16T08:51:19.873+0000][gc,task     ] GC(471) Using 8 workers of 8 for evacuation
[2026-01-16T08:51:20.069+0000][gc,phases   ] GC(471)   Pre Evacuate Collection Set: 17.0ms
[2026-01-16T08:51:20.070+0000][gc,phases   ] GC(471)   Merge Heap Roots: 1.6ms
[2026-01-16T08:51:20.070+0000][gc,phases   ] GC(471)   Evacuate Collection Set: 169.2ms
[2026-01-16T08:51:20.070+0000][gc,phases   ] GC(471)   Post Evacuate Collection Set: 4.5ms
[2026-01-16T08:51:20.071+0000][gc,phases   ] GC(471)   Other: 3.4ms
[2026-01-16T08:51:20.073+0000][gc,heap     ] GC(471) Eden regions: 48->0(47)
[2026-01-16T08:51:20.074+0000][gc,heap     ] GC(471) Survivor regions: 3->4(7)
[2026-01-16T08:51:20.074+0000][gc,heap     ] GC(471) Old regions: 174->174
[2026-01-16T08:51:20.080+0000][gc,heap     ] GC(471) Humongous regions: 74->74
[2026-01-16T08:51:20.082+0000][gc,metaspace] GC(471) Metaspace: 12398K(12800K)->12398K(12800K) NonClass: 11304K(11456K)->11304K(11456K) Class: 1094K(1344K)->1094K(1344K)
[2026-01-16T08:51:20.100+0000][gc          ] GC(471) Pause Young (Normal) (G1 Evacuation Pause) 298M->251M(1024M) 231.126ms
[2026-01-16T08:51:20.101+0000][gc,cpu      ] GC(471) User=0.12s Sys=0.01s Real=0.23s
[2026-01-16T08:51:24.138+0000][gc,start    ] GC(472) Pause Young (Normal) (G1 Evacuation Pause)
[2026-01-16T08:51:24.140+0000][gc,task     ] GC(472) Using 8 workers of 8 for evacuation
[2026-01-16T08:51:24.473+0000][gc,mmu      ] GC(472) MMU target violated: 201.0ms (200.0ms/201.0ms)
[2026-01-16T08:51:24.474+0000][gc,phases   ] GC(472)   Pre Evacuate Collection Set: 47.4ms
[2026-01-16T08:51:24.474+0000][gc,phases   ] GC(472)   Merge Heap Roots: 4.4ms
[2026-01-16T08:51:24.475+0000][gc,phases   ] GC(472)   Evacuate Collection Set: 255.6ms
[2026-01-16T08:51:24.476+0000][gc,phases   ] GC(472)   Post Evacuate Collection Set: 21.8ms
[2026-01-16T08:51:24.476+0000][gc,phases   ] GC(472)   Other: 5.2ms
[2026-01-16T08:51:24.477+0000][gc,heap     ] GC(472) Eden regions: 47->0(48)
[2026-01-16T08:51:24.477+0000][gc,heap     ] GC(472) Survivor regions: 4->3(7)
[2026-01-16T08:51:24.478+0000][gc,heap     ] GC(472) Old regions: 174->174
[2026-01-16T08:51:24.478+0000][gc,heap     ] GC(472) Humongous regions: 74->74
[2026-01-16T08:51:24.479+0000][gc,metaspace] GC(472) Metaspace: 12399K(12800K)->12399K(12800K) NonClass: 11305K(11456K)->11305K(11456K) Class: 1094K(1344K)->1094K(1344K)
[2026-01-16T08:51:24.481+0000][gc          ] GC(472) Pause Young (Normal) (G1 Evacuation Pause) 298M->250M(1024M) 342.892ms
[2026-01-16T08:51:24.484+0000][gc,cpu      ] GC(472) User=0.18s Sys=0.01s Real=0.35s
[2026-01-16T08:51:26.776+0000][gc,start    ] GC(473) Pause Young (Normal) (G1 Evacuation Pause)
[2026-01-16T08:51:26.779+0000][gc,task     ] GC(473) Using 8 workers of 8 for evacuation
[2026-01-16T08:51:27.053+0000][gc,mmu      ] GC(473) MMU target violated: 201.0ms (200.0ms/201.0ms)
[2026-01-16T08:51:27.057+0000][gc,phases   ] GC(473)   Pre Evacuate Collection Set: 8.8ms
[2026-01-16T08:51:27.060+0000][gc,phases   ] GC(473)   Merge Heap Roots: 4.5ms
[2026-01-16T08:51:27.062+0000][gc,phases   ] GC(473)   Evacuate Collection Set: 239.3ms
[2026-01-16T08:51:27.062+0000][gc,phases   ] GC(473)   Post Evacuate Collection Set: 18.9ms
[2026-01-16T08:51:27.064+0000][gc,phases   ] GC(473)   Other: 7.3ms
[2026-01-16T08:51:27.067+0000][gc,heap     ] GC(473) Eden regions: 48->0(48)
[2026-01-16T08:51:27.067+0000][gc,heap     ] GC(473) Survivor regions: 3->3(7)
[2026-01-16T08:51:27.067+0000][gc,heap     ] GC(473) Old regions: 174->174
[2026-01-16T08:51:27.069+0000][gc,heap     ] GC(473) Humongous regions: 74->74
[2026-01-16T08:51:27.070+0000][gc,metaspace] GC(473) Metaspace: 12399K(12800K)->12399K(12800K) NonClass: 11305K(11456K)->11305K(11456K) Class: 1094K(1344K)->1094K(1344K)
[2026-01-16T08:51:27.070+0000][gc          ] GC(473) Pause Young (Normal) (G1 Evacuation Pause) 298M->250M(1024M) 294.048ms
[2026-01-16T08:51:27.070+0000][gc,cpu      ] GC(473) User=0.13s Sys=0.00s Real=0.29s
[2026-01-16T08:51:34.069+0000][gc,start    ] GC(474) Pause Young (Normal) (G1 Evacuation Pause)
[2026-01-16T08:51:34.072+0000][gc,task     ] GC(474) Using 8 workers of 8 for evacuation
[2026-01-16T08:51:34.418+0000][gc,mmu      ] GC(474) MMU target violated: 201.0ms (200.0ms/201.0ms)
[2026-01-16T08:51:34.420+0000][gc,phases   ] GC(474)   Pre Evacuate Collection Set: 54.9ms
[2026-01-16T08:51:34.430+0000][gc,phases   ] GC(474)   Merge Heap Roots: 5.1ms
[2026-01-16T08:51:34.430+0000][gc,phases   ] GC(474)   Evacuate Collection Set: 244.0ms
[2026-01-16T08:51:34.431+0000][gc,phases   ] GC(474)   Post Evacuate Collection Set: 39.2ms
[2026-01-16T08:51:34.431+0000][gc,phases   ] GC(474)   Other: 5.8ms
[2026-01-16T08:51:34.435+0000][gc,heap     ] GC(474) Eden regions: 48->0(48)
[2026-01-16T08:51:34.436+0000][gc,heap     ] GC(474) Survivor regions: 3->3(7)
[2026-01-16T08:51:34.436+0000][gc,heap     ] GC(474) Old regions: 174->174
[2026-01-16T08:51:34.436+0000][gc,heap     ] GC(474) Humongous regions: 74->74
[2026-01-16T08:51:34.437+0000][gc,metaspace] GC(474) Metaspace: 12408K(12800K)->12408K(12800K) NonClass: 11314K(11456K)->11314K(11456K) Class: 1094K(1344K)->1094K(1344K)
[2026-01-16T08:51:34.438+0000][gc          ] GC(474) Pause Young (Normal) (G1 Evacuation Pause) 298M->250M(1024M) 369.718ms
[2026-01-16T08:51:34.440+0000][gc,cpu      ] GC(474) User=0.17s Sys=0.03s Real=0.37s
[2026-01-16T08:51:38.298+0000][gc,start    ] GC(475) Pause Young (Normal) (G1 Evacuation Pause)
[2026-01-16T08:51:38.300+0000][gc,task     ] GC(475) Using 8 workers of 8 for evacuation
[2026-01-16T08:51:38.605+0000][gc,mmu      ] GC(475) MMU target violated: 201.0ms (200.0ms/201.0ms)
[2026-01-16T08:51:38.605+0000][gc,phases   ] GC(475)   Pre Evacuate Collection Set: 32.2ms
[2026-01-16T08:51:38.606+0000][gc,phases   ] GC(475)   Merge Heap Roots: 6.5ms
[2026-01-16T08:51:38.606+0000][gc,phases   ] GC(475)   Evacuate Collection Set: 235.6ms
[2026-01-16T08:51:38.607+0000][gc,phases   ] GC(475)   Post Evacuate Collection Set: 22.8ms
[2026-01-16T08:51:38.607+0000][gc,phases   ] GC(475)   Other: 8.1ms
[2026-01-16T08:51:38.614+0000][gc,heap     ] GC(475) Eden regions: 48->0(48)
[2026-01-16T08:51:38.615+0000][gc,heap     ] GC(475) Survivor regions: 3->3(7)
[2026-01-16T08:51:38.630+0000][gc,heap     ] GC(475) Old regions: 174->175
[2026-01-16T08:51:38.632+0000][gc,heap     ] GC(475) Humongous regions: 74->74
[2026-01-16T08:51:38.635+0000][gc,metaspace] GC(475) Metaspace: 12408K(12800K)->12408K(12800K) NonClass: 11314K(11456K)->11314K(11456K) Class: 1094K(1344K)->1094K(1344K)
[2026-01-16T08:51:38.635+0000][gc          ] GC(475) Pause Young (Normal) (G1 Evacuation Pause) 298M->250M(1024M) 337.399ms
[2026-01-16T08:51:38.639+0000][gc,cpu      ] GC(475) User=0.17s Sys=0.01s Real=0.34s
[2026-01-16T08:51:40.956+0000][gc,start    ] GC(476) Pause Young (Normal) (G1 Evacuation Pause)
[2026-01-16T08:51:40.959+0000][gc,task     ] GC(476) Using 8 workers of 8 for evacuation
[2026-01-16T08:51:41.179+0000][gc,mmu      ] GC(476) MMU target violated: 201.0ms (200.0ms/201.0ms)
[2026-01-16T08:51:41.181+0000][gc,phases   ] GC(476)   Pre Evacuate Collection Set: 12.8ms
[2026-01-16T08:51:41.182+0000][gc,phases   ] GC(476)   Merge Heap Roots: 2.9ms
[2026-01-16T08:51:41.192+0000][gc,phases   ] GC(476)   Evacuate Collection Set: 128.9ms
[2026-01-16T08:51:41.193+0000][gc,phases   ] GC(476)   Post Evacuate Collection Set: 73.9ms
[2026-01-16T08:51:41.194+0000][gc,phases   ] GC(476)   Other: 3.7ms
[2026-01-16T08:51:41.195+0000][gc,heap     ] GC(476) Eden regions: 48->0(49)
[2026-01-16T08:51:41.195+0000][gc,heap     ] GC(476) Survivor regions: 3->2(7)
[2026-01-16T08:51:41.195+0000][gc,heap     ] GC(476) Old regions: 175->175
[2026-01-16T08:51:41.201+0000][gc,heap     ] GC(476) Humongous regions: 74->74
[2026-01-16T08:51:41.204+0000][gc,metaspace] GC(476) Metaspace: 12408K(12800K)->12408K(12800K) NonClass: 11314K(11456K)->11314K(11456K) Class: 1094K(1344K)->1094K(1344K)
[2026-01-16T08:51:41.209+0000][gc          ] GC(476) Pause Young (Normal) (G1 Evacuation Pause) 298M->250M(1024M) 253.401ms
[2026-01-16T08:51:41.212+0000][gc,cpu      ] GC(476) User=0.09s Sys=0.01s Real=0.26s
[2026-01-16T08:51:44.173+0000][gc,start    ] GC(477) Pause Young (Normal) (G1 Evacuation Pause)
[2026-01-16T08:51:44.175+0000][gc,task     ] GC(477) Using 8 workers of 8 for evacuation
[2026-01-16T08:51:44.368+0000][gc,phases   ] GC(477)   Pre Evacuate Collection Set: 17.4ms
[2026-01-16T08:51:44.369+0000][gc,phases   ] GC(477)   Merge Heap Roots: 1.6ms
[2026-01-16T08:51:44.371+0000][gc,phases   ] GC(477)   Evacuate Collection Set: 160.6ms
[2026-01-16T08:51:44.372+0000][gc,phases   ] GC(477)   Post Evacuate Collection Set: 12.7ms
[2026-01-16T08:51:44.373+0000][gc,phases   ] GC(477)   Other: 1.5ms
[2026-01-16T08:51:44.375+0000][gc,heap     ] GC(477) Eden regions: 49->0(49)
[2026-01-16T08:51:44.378+0000][gc,heap     ] GC(477) Survivor regions: 2->2(7)
[2026-01-16T08:51:44.379+0000][gc,heap     ] GC(477) Old regions: 175->176
[2026-01-16T08:51:44.379+0000][gc,heap     ] GC(477) Humongous regions: 74->74
[2026-01-16T08:51:44.380+0000][gc,metaspace] GC(477) Metaspace: 12408K(12800K)->12408K(12800K) NonClass: 11314K(11456K)->11314K(11456K) Class: 1094K(1344K)->1094K(1344K)
[2026-01-16T08:51:44.382+0000][gc          ] GC(477) Pause Young (Normal) (G1 Evacuation Pause) 299M->250M(1024M) 208.931ms
[2026-01-16T08:51:44.384+0000][gc,cpu      ] GC(477) User=0.13s Sys=0.02s Real=0.21s
[2026-01-16T08:51:47.168+0000][gc,start    ] GC(478) Pause Young (Normal) (G1 Evacuation Pause)
[2026-01-16T08:51:47.171+0000][gc,task     ] GC(478) Using 8 workers of 8 for evacuation
[2026-01-16T08:51:47.571+0000][gc,mmu      ] GC(478) MMU target violated: 201.0ms (200.0ms/201.0ms)
[2026-01-16T08:51:47.572+0000][gc,phases   ] GC(478)   Pre Evacuate Collection Set: 36.6ms
[2026-01-16T08:51:47.575+0000][gc,phases   ] GC(478)   Merge Heap Roots: 14.4ms
[2026-01-16T08:51:47.577+0000][gc,phases   ] GC(478)   Evacuate Collection Set: 307.0ms
[2026-01-16T08:51:47.579+0000][gc,phases   ] GC(478)   Post Evacuate Collection Set: 18.8ms
[2026-01-16T08:51:47.579+0000][gc,phases   ] GC(478)   Other: 25.6ms
[2026-01-16T08:51:47.580+0000][gc,heap     ] GC(478) Eden regions: 52->0(49)
[2026-01-16T08:51:47.581+0000][gc,heap     ] GC(478) Survivor regions: 2->2(7)
[2026-01-16T08:51:47.582+0000][gc,heap     ] GC(478) Old regions: 176->176
[2026-01-16T08:51:47.585+0000][gc,heap     ] GC(478) Humongous regions: 74->74
[2026-01-16T08:51:47.588+0000][gc,metaspace] GC(478) Metaspace: 12408K(12800K)->12408K(12800K) NonClass: 11314K(11456K)->11314K(11456K) Class: 1094K(1344K)->1094K(1344K)
[2026-01-16T08:51:47.589+0000][gc          ] GC(478) Pause Young (Normal) (G1 Evacuation Pause) 302M->251M(1024M) 421.469ms
[2026-01-16T08:51:47.590+0000][gc,cpu      ] GC(478) User=0.19s Sys=0.03s Real=0.44s
[2026-01-16T08:52:24.454+0000][gc,start    ] GC(479) Pause Young (Normal) (G1 Evacuation Pause)
[2026-01-16T08:52:26.820+0000][gc,task     ] GC(479) Using 8 workers of 8 for evacuation
[2026-01-16T08:53:45.416+0000][gc,mmu      ] GC(479) MMU target violated: 201.0ms (200.0ms/201.0ms)
[2026-01-16T08:53:45.448+0000][gc,phases   ] GC(479)   Pre Evacuate Collection Set: 112.3ms
[2026-01-16T08:53:45.449+0000][gc,phases   ] GC(479)   Merge Heap Roots: 134.6ms
[2026-01-16T08:53:45.449+0000][gc,phases   ] GC(479)   Evacuate Collection Set: 13518.8ms
[2026-01-16T08:53:45.449+0000][gc,phases   ] GC(479)   Post Evacuate Collection Set: 2840.5ms
[2026-01-16T08:53:45.450+0000][gc,phases   ] GC(479)   Other: 365.1ms
[2026-01-16T08:53:45.456+0000][gc,heap     ] GC(479) Eden regions: 49->0(50)
[2026-01-16T08:53:45.457+0000][gc,heap     ] GC(479) Survivor regions: 2->1(7)
[2026-01-16T08:53:45.457+0000][gc,heap     ] GC(479) Old regions: 176->176
[2026-01-16T08:53:45.457+0000][gc,heap     ] GC(479) Humongous regions: 74->74
[2026-01-16T08:53:45.460+0000][gc,metaspace] GC(479) Metaspace: 12414K(12800K)->12414K(12800K) NonClass: 11320K(11456K)->11320K(11456K) Class: 1094K(1344K)->1094K(1344K)
[2026-01-16T08:53:45.486+0000][gc          ] GC(479) Pause Young (Normal) (G1 Evacuation Pause) 300M->250M(1024M) 19355.264ms
[2026-01-16T08:53:45.520+0000][gc,cpu      ] GC(479) User=4.50s Sys=0.65s Real=19.37s
[2026-01-16T08:54:13.960+0000][gc,start    ] GC(480) Pause Young (Normal) (G1 Evacuation Pause)
[2026-01-16T08:54:14.026+0000][gc,task     ] GC(480) Using 8 workers of 8 for evacuation
[2026-01-16T08:54:15.295+0000][gc,mmu      ] GC(480) MMU target violated: 201.0ms (200.0ms/201.0ms)
[2026-01-16T08:54:15.297+0000][gc,phases   ] GC(480)   Pre Evacuate Collection Set: 282.0ms
[2026-01-16T08:54:15.299+0000][gc,phases   ] GC(480)   Merge Heap Roots: 21.5ms
[2026-01-16T08:54:15.303+0000][gc,phases   ] GC(480)   Evacuate Collection Set: 914.2ms
[2026-01-16T08:54:15.303+0000][gc,phases   ] GC(480)   Post Evacuate Collection Set: 23.5ms
[2026-01-16T08:54:15.304+0000][gc,phases   ] GC(480)   Other: 63.6ms
[2026-01-16T08:54:15.308+0000][gc,heap     ] GC(480) Eden regions: 50->0(49)
[2026-01-16T08:54:15.310+0000][gc,heap     ] GC(480) Survivor regions: 1->2(7)
[2026-01-16T08:54:15.317+0000][gc,heap     ] GC(480) Old regions: 176->176
[2026-01-16T08:54:15.319+0000][gc,heap     ] GC(480) Humongous regions: 74->74
[2026-01-16T08:54:15.325+0000][gc,metaspace] GC(480) Metaspace: 12424K(12864K)->12424K(12864K) NonClass: 11330K(11520K)->11330K(11520K) Class: 1094K(1344K)->1094K(1344K)
[2026-01-16T08:54:15.326+0000][gc          ] GC(480) Pause Young (Normal) (G1 Evacuation Pause) 300M->251M(1024M) 1366.030ms
[2026-01-16T08:54:15.329+0000][gc,cpu      ] GC(480) User=0.61s Sys=0.08s Real=1.37s
[2026-01-16T08:54:21.188+0000][gc,start    ] GC(481) Pause Young (Normal) (G1 Evacuation Pause)
[2026-01-16T08:54:21.198+0000][gc,task     ] GC(481) Using 8 workers of 8 for evacuation
[2026-01-16T08:54:22.885+0000][gc,mmu      ] GC(481) MMU target violated: 201.0ms (200.0ms/201.0ms)
[2026-01-16T08:54:22.887+0000][gc,phases   ] GC(481)   Pre Evacuate Collection Set: 77.9ms
[2026-01-16T08:54:22.889+0000][gc,phases   ] GC(481)   Merge Heap Roots: 3.0ms
[2026-01-16T08:54:22.894+0000][gc,phases   ] GC(481)   Evacuate Collection Set: 1459.2ms
[2026-01-16T08:54:22.895+0000][gc,phases   ] GC(481)   Post Evacuate Collection Set: 128.8ms
[2026-01-16T08:54:22.903+0000][gc,phases   ] GC(481)   Other: 22.0ms
[2026-01-16T08:54:22.908+0000][gc,heap     ] GC(481) Eden regions: 49->0(48)
[2026-01-16T08:54:22.912+0000][gc,heap     ] GC(481) Survivor regions: 2->3(7)
[2026-01-16T08:54:22.914+0000][gc,heap     ] GC(481) Old regions: 176->176
[2026-01-16T08:54:22.918+0000][gc,heap     ] GC(481) Humongous regions: 74->74
[2026-01-16T08:54:22.920+0000][gc,metaspace] GC(481) Metaspace: 12424K(12864K)->12424K(12864K) NonClass: 11330K(11520K)->11330K(11520K) Class: 1094K(1344K)->1094K(1344K)
[2026-01-16T08:54:22.925+0000][gc          ] GC(481) Pause Young (Normal) (G1 Evacuation Pause) 300M->252M(1024M) 1737.593ms
[2026-01-16T08:54:22.928+0000][gc,cpu      ] GC(481) User=0.60s Sys=0.07s Real=1.74s
[2026-01-16T08:54:30.025+0000][gc,start    ] GC(482) Pause Young (Normal) (G1 Evacuation Pause)
[2026-01-16T08:54:30.073+0000][gc,task     ] GC(482) Using 8 workers of 8 for evacuation
[2026-01-16T08:54:32.359+0000][gc,mmu      ] GC(482) MMU target violated: 201.0ms (200.0ms/201.0ms)
[2026-01-16T08:54:32.393+0000][gc,phases   ] GC(482)   Pre Evacuate Collection Set: 108.5ms
[2026-01-16T08:54:32.396+0000][gc,phases   ] GC(482)   Merge Heap Roots: 27.9ms
[2026-01-16T08:54:32.399+0000][gc,phases   ] GC(482)   Evacuate Collection Set: 1520.6ms
[2026-01-16T08:54:32.399+0000][gc,phases   ] GC(482)   Post Evacuate Collection Set: 131.6ms
[2026-01-16T08:54:32.407+0000][gc,phases   ] GC(482)   Other: 532.3ms
[2026-01-16T08:54:32.411+0000][gc,heap     ] GC(482) Eden regions: 48->0(48)
[2026-01-16T08:54:32.412+0000][gc,heap     ] GC(482) Survivor regions: 3->3(7)
[2026-01-16T08:54:32.413+0000][gc,heap     ] GC(482) Old regions: 176->176
[2026-01-16T08:54:32.414+0000][gc,heap     ] GC(482) Humongous regions: 74->74
[2026-01-16T08:54:32.415+0000][gc,metaspace] GC(482) Metaspace: 12425K(12864K)->12425K(12864K) NonClass: 11331K(11520K)->11331K(11520K) Class: 1094K(1344K)->1094K(1344K)
[2026-01-16T08:54:32.430+0000][gc          ] GC(482) Pause Young (Normal) (G1 Evacuation Pause) 300M->252M(1024M) 2396.077ms
[2026-01-16T08:54:32.463+0000][gc,cpu      ] GC(482) User=0.72s Sys=0.09s Real=2.41s
[2026-01-16T08:54:37.214+0000][gc,start    ] GC(483) Pause Young (Normal) (G1 Evacuation Pause)
[2026-01-16T08:54:37.224+0000][gc,task     ] GC(483) Using 8 workers of 8 for evacuation
[2026-01-16T08:54:38.284+0000][gc,mmu      ] GC(483) MMU target violated: 201.0ms (200.0ms/201.0ms)
[2026-01-16T08:54:38.287+0000][gc,phases   ] GC(483)   Pre Evacuate Collection Set: 62.0ms
[2026-01-16T08:54:38.289+0000][gc,phases   ] GC(483)   Merge Heap Roots: 3.0ms
[2026-01-16T08:54:38.290+0000][gc,phases   ] GC(483)   Evacuate Collection Set: 950.9ms
[2026-01-16T08:54:38.291+0000][gc,phases   ] GC(483)   Post Evacuate Collection Set: 32.8ms
[2026-01-16T08:54:38.294+0000][gc,phases   ] GC(483)   Other: 15.6ms
[2026-01-16T08:54:38.295+0000][gc,heap     ] GC(483) Eden regions: 48->0(47)
[2026-01-16T08:54:38.295+0000][gc,heap     ] GC(483) Survivor regions: 3->4(7)
[2026-01-16T08:54:38.296+0000][gc,heap     ] GC(483) Old regions: 176->176
[2026-01-16T08:54:38.297+0000][gc,heap     ] GC(483) Humongous regions: 74->74
[2026-01-16T08:54:38.298+0000][gc,metaspace] GC(483) Metaspace: 12425K(12864K)->12425K(12864K) NonClass: 11331K(11520K)->11331K(11520K) Class: 1094K(1344K)->1094K(1344K)
[2026-01-16T08:54:38.301+0000][gc          ] GC(483) Pause Young (Normal) (G1 Evacuation Pause) 300M->253M(1024M) 1087.124ms
[2026-01-16T08:54:38.306+0000][gc,cpu      ] GC(483) User=0.45s Sys=0.02s Real=1.09s
[2026-01-16T08:54:41.463+0000][gc,start    ] GC(484) Pause Young (Normal) (G1 Evacuation Pause)
[2026-01-16T08:54:41.468+0000][gc,task     ] GC(484) Using 8 workers of 8 for evacuation
[2026-01-16T08:54:42.367+0000][gc,mmu      ] GC(484) MMU target violated: 201.0ms (200.0ms/201.0ms)
[2026-01-16T08:54:42.371+0000][gc,phases   ] GC(484)   Pre Evacuate Collection Set: 65.9ms
[2026-01-16T08:54:42.375+0000][gc,phases   ] GC(484)   Merge Heap Roots: 0.7ms
[2026-01-16T08:54:42.397+0000][gc,phases   ] GC(484)   Evacuate Collection Set: 714.0ms
[2026-01-16T08:54:42.466+0000][gc,phases   ] GC(484)   Post Evacuate Collection Set: 115.9ms
[2026-01-16T08:54:42.482+0000][gc,phases   ] GC(484)   Other: 7.0ms
[2026-01-16T08:54:42.495+0000][gc,heap     ] GC(484) Eden regions: 47->0(46)
[2026-01-16T08:54:42.514+0000][gc,heap     ] GC(484) Survivor regions: 4->5(7)
[2026-01-16T08:54:42.516+0000][gc,heap     ] GC(484) Old regions: 176->176
[2026-01-16T08:54:42.516+0000][gc,heap     ] GC(484) Humongous regions: 83->83
[2026-01-16T08:54:42.556+0000][gc,metaspace] GC(484) Metaspace: 12425K(12864K)->12425K(12864K) NonClass: 11331K(11520K)->11331K(11520K) Class: 1094K(1344K)->1094K(1344K)
[2026-01-16T08:54:42.560+0000][gc          ] GC(484) Pause Young (Normal) (G1 Evacuation Pause) 309M->263M(1024M) 1097.135ms
[2026-01-16T08:54:42.560+0000][gc,cpu      ] GC(484) User=0.44s Sys=0.05s Real=1.10s
[2026-01-16T08:54:46.872+0000][gc,start    ] GC(485) Pause Young (Normal) (G1 Evacuation Pause)
[2026-01-16T08:54:46.878+0000][gc,task     ] GC(485) Using 8 workers of 8 for evacuation
[2026-01-16T08:54:47.408+0000][gc,mmu      ] GC(485) MMU target violated: 201.0ms (200.0ms/201.0ms)
[2026-01-16T08:54:47.412+0000][gc,phases   ] GC(485)   Pre Evacuate Collection Set: 49.9ms
[2026-01-16T08:54:47.412+0000][gc,phases   ] GC(485)   Merge Heap Roots: 4.8ms
[2026-01-16T08:54:47.414+0000][gc,phases   ] GC(485)   Evacuate Collection Set: 407.9ms
[2026-01-16T08:54:47.419+0000][gc,phases   ] GC(485)   Post Evacuate Collection Set: 23.8ms
[2026-01-16T08:54:47.421+0000][gc,phases   ] GC(485)   Other: 48.1ms
[2026-01-16T08:54:47.421+0000][gc,heap     ] GC(485) Eden regions: 46->0(46)
[2026-01-16T08:54:47.422+0000][gc,heap     ] GC(485) Survivor regions: 5->5(7)
[2026-01-16T08:54:47.422+0000][gc,heap     ] GC(485) Old regions: 176->177
[2026-01-16T08:54:47.423+0000][gc,heap     ] GC(485) Humongous regions: 83->74
[2026-01-16T08:54:47.423+0000][gc,metaspace] GC(485) Metaspace: 12426K(12864K)->12426K(12864K) NonClass: 11332K(11520K)->11332K(11520K) Class: 1094K(1344K)->1094K(1344K)
[2026-01-16T08:54:47.425+0000][gc          ] GC(485) Pause Young (Normal) (G1 Evacuation Pause) 309M->254M(1024M) 552.487ms
[2026-01-16T08:54:47.426+0000][gc,cpu      ] GC(485) User=0.37s Sys=0.04s Real=0.55s
[2026-01-16T08:54:49.042+0000][gc,start    ] GC(486) Pause Young (Normal) (G1 Evacuation Pause)
[2026-01-16T08:54:49.046+0000][gc,task     ] GC(486) Using 8 workers of 8 for evacuation
[2026-01-16T08:54:49.324+0000][gc,mmu      ] GC(486) MMU target violated: 201.0ms (200.0ms/201.0ms)
[2026-01-16T08:54:49.325+0000][gc,phases   ] GC(486)   Pre Evacuate Collection Set: 43.2ms
[2026-01-16T08:54:49.326+0000][gc,phases   ] GC(486)   Merge Heap Roots: 1.0ms
[2026-01-16T08:54:49.326+0000][gc,phases   ] GC(486)   Evacuate Collection Set: 222.5ms
[2026-01-16T08:54:49.327+0000][gc,phases   ] GC(486)   Post Evacuate Collection Set: 4.9ms
[2026-01-16T08:54:49.328+0000][gc,phases   ] GC(486)   Other: 9.4ms
[2026-01-16T08:54:49.328+0000][gc,heap     ] GC(486) Eden regions: 46->0(46)
[2026-01-16T08:54:49.329+0000][gc,heap     ] GC(486) Survivor regions: 5->5(7)
[2026-01-16T08:54:49.329+0000][gc,heap     ] GC(486) Old regions: 177->178
[2026-01-16T08:54:49.329+0000][gc,heap     ] GC(486) Humongous regions: 74->74
[2026-01-16T08:54:49.330+0000][gc,metaspace] GC(486) Metaspace: 12426K(12864K)->12426K(12864K) NonClass: 11332K(11520K)->11332K(11520K) Class: 1094K(1344K)->1094K(1344K)
[2026-01-16T08:54:49.330+0000][gc          ] GC(486) Pause Young (Normal) (G1 Evacuation Pause) 300M->255M(1024M) 288.919ms
[2026-01-16T08:54:49.331+0000][gc,cpu      ] GC(486) User=0.16s Sys=0.01s Real=0.29s
[2026-01-16T08:54:50.731+0000][gc,start    ] GC(487) Pause Young (Normal) (G1 Evacuation Pause)
[2026-01-16T08:54:50.739+0000][gc,task     ] GC(487) Using 8 workers of 8 for evacuation
[2026-01-16T08:54:51.125+0000][gc,mmu      ] GC(487) MMU target violated: 201.0ms (200.0ms/201.0ms)
[2026-01-16T08:54:51.126+0000][gc,phases   ] GC(487)   Pre Evacuate Collection Set: 97.9ms
[2026-01-16T08:54:51.130+0000][gc,phases   ] GC(487)   Merge Heap Roots: 0.4ms
[2026-01-16T08:54:51.132+0000][gc,phases   ] GC(487)   Evacuate Collection Set: 263.1ms
[2026-01-16T08:54:51.134+0000][gc,phases   ] GC(487)   Post Evacuate Collection Set: 21.3ms
[2026-01-16T08:54:51.135+0000][gc,phases   ] GC(487)   Other: 3.8ms
[2026-01-16T08:54:51.138+0000][gc,heap     ] GC(487) Eden regions: 46->0(46)
[2026-01-16T08:54:51.140+0000][gc,heap     ] GC(487) Survivor regions: 5->5(7)
[2026-01-16T08:54:51.143+0000][gc,heap     ] GC(487) Old regions: 178->178
[2026-01-16T08:54:51.144+0000][gc,heap     ] GC(487) Humongous regions: 83->83
[2026-01-16T08:54:51.144+0000][gc,metaspace] GC(487) Metaspace: 12429K(12864K)->12429K(12864K) NonClass: 11335K(11520K)->11335K(11520K) Class: 1094K(1344K)->1094K(1344K)
[2026-01-16T08:54:51.145+0000][gc          ] GC(487) Pause Young (Normal) (G1 Evacuation Pause) 310M->265M(1024M) 414.093ms
[2026-01-16T08:54:51.145+0000][gc,cpu      ] GC(487) User=0.13s Sys=0.01s Real=0.41s
[2026-01-16T08:54:52.333+0000][gc,start    ] GC(488) Pause Young (Normal) (G1 Evacuation Pause)
[2026-01-16T08:54:52.334+0000][gc,task     ] GC(488) Using 8 workers of 8 for evacuation
[2026-01-16T08:54:52.516+0000][gc,phases   ] GC(488)   Pre Evacuate Collection Set: 23.7ms
[2026-01-16T08:54:52.519+0000][gc,phases   ] GC(488)   Merge Heap Roots: 1.8ms
[2026-01-16T08:54:52.519+0000][gc,phases   ] GC(488)   Evacuate Collection Set: 145.1ms
[2026-01-16T08:54:52.521+0000][gc,phases   ] GC(488)   Post Evacuate Collection Set: 10.5ms
[2026-01-16T08:54:52.522+0000][gc,phases   ] GC(488)   Other: 1.4ms
[2026-01-16T08:54:52.522+0000][gc,heap     ] GC(488) Eden regions: 46->0(47)
[2026-01-16T08:54:52.522+0000][gc,heap     ] GC(488) Survivor regions: 5->4(7)
[2026-01-16T08:54:52.523+0000][gc,heap     ] GC(488) Old regions: 178->179
[2026-01-16T08:54:52.523+0000][gc,heap     ] GC(488) Humongous regions: 83->83
[2026-01-16T08:54:52.523+0000][gc,metaspace] GC(488) Metaspace: 12429K(12864K)->12429K(12864K) NonClass: 11335K(11520K)->11335K(11520K) Class: 1094K(1344K)->1094K(1344K)
[2026-01-16T08:54:52.524+0000][gc          ] GC(488) Pause Young (Normal) (G1 Evacuation Pause) 311M->265M(1024M) 191.515ms
[2026-01-16T08:54:52.526+0000][gc,cpu      ] GC(488) User=0.08s Sys=0.00s Real=0.19s
[2026-01-16T08:54:54.780+0000][gc,start    ] GC(489) Pause Young (Normal) (G1 Evacuation Pause)
[2026-01-16T08:54:54.780+0000][gc,task     ] GC(489) Using 8 workers of 8 for evacuation
[2026-01-16T08:54:55.180+0000][gc,mmu      ] GC(489) MMU target violated: 201.0ms (200.0ms/201.0ms)
[2026-01-16T08:54:55.181+0000][gc,phases   ] GC(489)   Pre Evacuate Collection Set: 6.8ms
[2026-01-16T08:54:55.181+0000][gc,phases   ] GC(489)   Merge Heap Roots: 0.3ms
[2026-01-16T08:54:55.182+0000][gc,phases   ] GC(489)   Evacuate Collection Set: 387.4ms
[2026-01-16T08:54:55.182+0000][gc,phases   ] GC(489)   Post Evacuate Collection Set: 4.6ms
[2026-01-16T08:54:55.183+0000][gc,phases   ] GC(489)   Other: 1.5ms
[2026-01-16T08:54:55.184+0000][gc,heap     ] GC(489) Eden regions: 47->0(47)
[2026-01-16T08:54:55.186+0000][gc,heap     ] GC(489) Survivor regions: 4->4(7)
[2026-01-16T08:54:55.187+0000][gc,heap     ] GC(489) Old regions: 179->180
[2026-01-16T08:54:55.187+0000][gc,heap     ] GC(489) Humongous regions: 83->83
[2026-01-16T08:54:55.189+0000][gc,metaspace] GC(489) Metaspace: 12430K(12864K)->12430K(12864K) NonClass: 11336K(11520K)->11336K(11520K) Class: 1094K(1344K)->1094K(1344K)
[2026-01-16T08:54:55.191+0000][gc          ] GC(489) Pause Young (Normal) (G1 Evacuation Pause) 312M->266M(1024M) 411.467ms
[2026-01-16T08:54:55.192+0000][gc,cpu      ] GC(489) User=0.17s Sys=0.01s Real=0.41s
[2026-01-16T08:54:57.016+0000][gc,start    ] GC(490) Pause Young (Normal) (G1 Evacuation Pause)
[2026-01-16T08:54:57.019+0000][gc,task     ] GC(490) Using 8 workers of 8 for evacuation
[2026-01-16T08:54:57.326+0000][gc,mmu      ] GC(490) MMU target violated: 201.0ms (200.0ms/201.0ms)
[2026-01-16T08:54:57.327+0000][gc,phases   ] GC(490)   Pre Evacuate Collection Set: 26.4ms
[2026-01-16T08:54:57.328+0000][gc,phases   ] GC(490)   Merge Heap Roots: 7.9ms
[2026-01-16T08:54:57.328+0000][gc,phases   ] GC(490)   Evacuate Collection Set: 260.7ms
[2026-01-16T08:54:57.329+0000][gc,phases   ] GC(490)   Post Evacuate Collection Set: 11.8ms
[2026-01-16T08:54:57.329+0000][gc,phases   ] GC(490)   Other: 2.1ms
[2026-01-16T08:54:57.335+0000][gc,heap     ] GC(490) Eden regions: 47->0(46)
[2026-01-16T08:54:57.336+0000][gc,heap     ] GC(490) Survivor regions: 4->5(7)
[2026-01-16T08:54:57.337+0000][gc,heap     ] GC(490) Old regions: 180->181
[2026-01-16T08:54:57.338+0000][gc,heap     ] GC(490) Humongous regions: 83->83
[2026-01-16T08:54:57.339+0000][gc,metaspace] GC(490) Metaspace: 12430K(12864K)->12430K(12864K) NonClass: 11336K(11520K)->11336K(11520K) Class: 1094K(1344K)->1094K(1344K)
[2026-01-16T08:54:57.342+0000][gc          ] GC(490) Pause Young (Normal) (G1 Evacuation Pause) 313M->267M(1024M) 326.095ms
[2026-01-16T08:54:57.347+0000][gc,cpu      ] GC(490) User=0.18s Sys=0.00s Real=0.33s
[2026-01-16T08:54:59.728+0000][gc,start    ] GC(491) Pause Young (Normal) (G1 Evacuation Pause)
[2026-01-16T08:54:59.732+0000][gc,task     ] GC(491) Using 8 workers of 8 for evacuation
[2026-01-16T08:55:00.235+0000][gc,mmu      ] GC(491) MMU target violated: 201.0ms (200.0ms/201.0ms)
[2026-01-16T08:55:00.239+0000][gc,phases   ] GC(491)   Pre Evacuate Collection Set: 71.0ms
[2026-01-16T08:55:00.239+0000][gc,phases   ] GC(491)   Merge Heap Roots: 1.6ms
[2026-01-16T08:55:00.240+0000][gc,phases   ] GC(491)   Evacuate Collection Set: 417.2ms
[2026-01-16T08:55:00.241+0000][gc,phases   ] GC(491)   Post Evacuate Collection Set: 12.4ms
[2026-01-16T08:55:00.242+0000][gc,phases   ] GC(491)   Other: 4.9ms
[2026-01-16T08:55:00.242+0000][gc,heap     ] GC(491) Eden regions: 46->0(47)
[2026-01-16T08:55:00.242+0000][gc,heap     ] GC(491) Survivor regions: 5->4(7)
[2026-01-16T08:55:00.242+0000][gc,heap     ] GC(491) Old regions: 181->181
[2026-01-16T08:55:00.243+0000][gc,heap     ] GC(491) Humongous regions: 83->83
[2026-01-16T08:55:00.243+0000][gc,metaspace] GC(491) Metaspace: 12430K(12864K)->12430K(12864K) NonClass: 11336K(11520K)->11336K(11520K) Class: 1094K(1344K)->1094K(1344K)
[2026-01-16T08:55:00.244+0000][gc          ] GC(491) Pause Young (Normal) (G1 Evacuation Pause) 313M->267M(1024M) 515.962ms
[2026-01-16T08:55:00.245+0000][gc,cpu      ] GC(491) User=0.16s Sys=0.00s Real=0.52s
[2026-01-16T08:55:01.883+0000][gc,start    ] GC(492) Pause Young (Normal) (G1 Evacuation Pause)
[2026-01-16T08:55:01.884+0000][gc,task     ] GC(492) Using 8 workers of 8 for evacuation
[2026-01-16T08:55:02.292+0000][gc,mmu      ] GC(492) MMU target violated: 201.0ms (200.0ms/201.0ms)
[2026-01-16T08:55:02.294+0000][gc,phases   ] GC(492)   Pre Evacuate Collection Set: 21.4ms
[2026-01-16T08:55:02.297+0000][gc,phases   ] GC(492)   Merge Heap Roots: 11.5ms
[2026-01-16T08:55:02.298+0000][gc,phases   ] GC(492)   Evacuate Collection Set: 359.3ms
[2026-01-16T08:55:02.298+0000][gc,phases   ] GC(492)   Post Evacuate Collection Set: 15.8ms
[2026-01-16T08:55:02.299+0000][gc,phases   ] GC(492)   Other: 2.7ms
[2026-01-16T08:55:02.300+0000][gc,heap     ] GC(492) Eden regions: 47->0(46)
[2026-01-16T08:55:02.300+0000][gc,heap     ] GC(492) Survivor regions: 4->5(7)
[2026-01-16T08:55:02.300+0000][gc,heap     ] GC(492) Old regions: 181->181
[2026-01-16T08:55:02.301+0000][gc,heap     ] GC(492) Humongous regions: 83->83
[2026-01-16T08:55:02.301+0000][gc,metaspace] GC(492) Metaspace: 12430K(12864K)->12430K(12864K) NonClass: 11336K(11520K)->11336K(11520K) Class: 1094K(1344K)->1094K(1344K)
[2026-01-16T08:55:02.302+0000][gc          ] GC(492) Pause Young (Normal) (G1 Evacuation Pause) 314M->268M(1024M) 418.493ms
[2026-01-16T08:55:02.302+0000][gc,cpu      ] GC(492) User=0.16s Sys=0.01s Real=0.42s
[2026-01-16T08:55:04.002+0000][gc,start    ] GC(493) Pause Young (Normal) (G1 Evacuation Pause)
[2026-01-16T08:55:04.004+0000][gc,task     ] GC(493) Using 8 workers of 8 for evacuation
[2026-01-16T08:55:04.240+0000][gc,mmu      ] GC(493) MMU target violated: 201.0ms (200.0ms/201.0ms)
[2026-01-16T08:55:04.241+0000][gc,phases   ] GC(493)   Pre Evacuate Collection Set: 15.9ms
[2026-01-16T08:55:04.242+0000][gc,phases   ] GC(493)   Merge Heap Roots: 5.2ms
[2026-01-16T08:55:04.242+0000][gc,phases   ] GC(493)   Evacuate Collection Set: 208.9ms
[2026-01-16T08:55:04.243+0000][gc,phases   ] GC(493)   Post Evacuate Collection Set: 4.3ms
[2026-01-16T08:55:04.243+0000][gc,phases   ] GC(493)   Other: 2.9ms
[2026-01-16T08:55:04.243+0000][gc,heap     ] GC(493) Eden regions: 46->0(46)
[2026-01-16T08:55:04.244+0000][gc,heap     ] GC(493) Survivor regions: 5->5(7)
[2026-01-16T08:55:04.245+0000][gc,heap     ] GC(493) Old regions: 181->182
[2026-01-16T08:55:04.245+0000][gc,heap     ] GC(493) Humongous regions: 83->83
[2026-01-16T08:55:04.245+0000][gc,metaspace] GC(493) Metaspace: 12430K(12864K)->12430K(12864K) NonClass: 11336K(11520K)->11336K(11520K) Class: 1094K(1344K)->1094K(1344K)
[2026-01-16T08:55:04.246+0000][gc          ] GC(493) Pause Young (Normal) (G1 Evacuation Pause) 314M->269M(1024M) 244.499ms
[2026-01-16T08:55:04.247+0000][gc,cpu      ] GC(493) User=0.18s Sys=0.00s Real=0.24s
[2026-01-16T08:55:04.723+0000][gc,start    ] GC(494) Pause Young (Normal) (G1 Evacuation Pause)
[2026-01-16T08:55:04.724+0000][gc,task     ] GC(494) Using 8 workers of 8 for evacuation
[2026-01-16T08:55:04.817+0000][gc,phases   ] GC(494)   Pre Evacuate Collection Set: 6.1ms
[2026-01-16T08:55:04.819+0000][gc,phases   ] GC(494)   Merge Heap Roots: 1.1ms
[2026-01-16T08:55:04.820+0000][gc,phases   ] GC(494)   Evacuate Collection Set: 81.0ms
[2026-01-16T08:55:04.820+0000][gc,phases   ] GC(494)   Post Evacuate Collection Set: 3.9ms
[2026-01-16T08:55:04.821+0000][gc,phases   ] GC(494)   Other: 0.8ms
[2026-01-16T08:55:04.821+0000][gc,heap     ] GC(494) Eden regions: 46->0(46)
[2026-01-16T08:55:04.822+0000][gc,heap     ] GC(494) Survivor regions: 5->5(7)
[2026-01-16T08:55:04.824+0000][gc,heap     ] GC(494) Old regions: 182->183
[2026-01-16T08:55:04.824+0000][gc,heap     ] GC(494) Humongous regions: 83->83
[2026-01-16T08:55:04.829+0000][gc,metaspace] GC(494) Metaspace: 12430K(12864K)->12430K(12864K) NonClass: 11336K(11520K)->11336K(11520K) Class: 1094K(1344K)->1094K(1344K)
[2026-01-16T08:55:04.829+0000][gc          ] GC(494) Pause Young (Normal) (G1 Evacuation Pause) 315M->269M(1024M) 106.066ms
[2026-01-16T08:55:04.830+0000][gc,cpu      ] GC(494) User=0.06s Sys=0.00s Real=0.10s
[2026-01-16T08:55:06.288+0000][gc,start    ] GC(495) Pause Young (Normal) (G1 Evacuation Pause)
[2026-01-16T08:55:06.290+0000][gc,task     ] GC(495) Using 8 workers of 8 for evacuation
[2026-01-16T08:55:06.577+0000][gc,mmu      ] GC(495) MMU target violated: 201.0ms (200.0ms/201.0ms)
[2026-01-16T08:55:06.577+0000][gc,phases   ] GC(495)   Pre Evacuate Collection Set: 45.3ms
[2026-01-16T08:55:06.577+0000][gc,phases   ] GC(495)   Merge Heap Roots: 8.0ms
[2026-01-16T08:55:06.578+0000][gc,phases   ] GC(495)   Evacuate Collection Set: 219.0ms
[2026-01-16T08:55:06.578+0000][gc,phases   ] GC(495)   Post Evacuate Collection Set: 8.2ms
[2026-01-16T08:55:06.578+0000][gc,phases   ] GC(495)   Other: 7.7ms
[2026-01-16T08:55:06.578+0000][gc,heap     ] GC(495) Eden regions: 46->0(47)
[2026-01-16T08:55:06.579+0000][gc,heap     ] GC(495) Survivor regions: 5->4(7)
[2026-01-16T08:55:06.579+0000][gc,heap     ] GC(495) Old regions: 183->184
[2026-01-16T08:55:06.579+0000][gc,heap     ] GC(495) Humongous regions: 85->85
[2026-01-16T08:55:06.579+0000][gc,metaspace] GC(495) Metaspace: 12436K(12864K)->12436K(12864K) NonClass: 11342K(11520K)->11342K(11520K) Class: 1094K(1344K)->1094K(1344K)
[2026-01-16T08:55:06.579+0000][gc          ] GC(495) Pause Young (Normal) (G1 Evacuation Pause) 317M->272M(1024M) 291.239ms
[2026-01-16T08:55:06.579+0000][gc,cpu      ] GC(495) User=0.17s Sys=0.00s Real=0.29s
[2026-01-16T08:55:08.578+0000][gc,start    ] GC(496) Pause Young (Normal) (G1 Evacuation Pause)
[2026-01-16T08:55:08.581+0000][gc,task     ] GC(496) Using 8 workers of 8 for evacuation
[2026-01-16T08:55:08.840+0000][gc,mmu      ] GC(496) MMU target violated: 201.0ms (200.0ms/201.0ms)
[2026-01-16T08:55:08.841+0000][gc,phases   ] GC(496)   Pre Evacuate Collection Set: 34.1ms
[2026-01-16T08:55:08.842+0000][gc,phases   ] GC(496)   Merge Heap Roots: 7.4ms
[2026-01-16T08:55:08.843+0000][gc,phases   ] GC(496)   Evacuate Collection Set: 210.5ms
[2026-01-16T08:55:08.843+0000][gc,phases   ] GC(496)   Post Evacuate Collection Set: 7.3ms
[2026-01-16T08:55:08.844+0000][gc,phases   ] GC(496)   Other: 1.2ms
[2026-01-16T08:55:08.844+0000][gc,heap     ] GC(496) Eden regions: 47->0(47)
[2026-01-16T08:55:08.845+0000][gc,heap     ] GC(496) Survivor regions: 4->4(7)
[2026-01-16T08:55:08.846+0000][gc,heap     ] GC(496) Old regions: 184->184
[2026-01-16T08:55:08.847+0000][gc,heap     ] GC(496) Humongous regions: 85->85
[2026-01-16T08:55:08.850+0000][gc,metaspace] GC(496) Metaspace: 12437K(12864K)->12437K(12864K) NonClass: 11343K(11520K)->11343K(11520K) Class: 1094K(1344K)->1094K(1344K)
[2026-01-16T08:55:08.851+0000][gc          ] GC(496) Pause Young (Normal) (G1 Evacuation Pause) 319M->272M(1024M) 272.865ms
[2026-01-16T08:55:08.852+0000][gc,cpu      ] GC(496) User=0.13s Sys=0.01s Real=0.28s
[2026-01-16T08:55:11.617+0000][gc,start    ] GC(497) Pause Young (Normal) (G1 Evacuation Pause)
[2026-01-16T08:55:11.620+0000][gc,task     ] GC(497) Using 8 workers of 8 for evacuation
[2026-01-16T08:55:12.120+0000][gc,mmu      ] GC(497) MMU target violated: 201.0ms (200.0ms/201.0ms)
[2026-01-16T08:55:12.121+0000][gc,phases   ] GC(497)   Pre Evacuate Collection Set: 80.5ms
[2026-01-16T08:55:12.124+0000][gc,phases   ] GC(497)   Merge Heap Roots: 0.4ms
[2026-01-16T08:55:12.127+0000][gc,phases   ] GC(497)   Evacuate Collection Set: 402.2ms
[2026-01-16T08:55:12.127+0000][gc,phases   ] GC(497)   Post Evacuate Collection Set: 14.9ms
[2026-01-16T08:55:12.131+0000][gc,phases   ] GC(497)   Other: 3.7ms
[2026-01-16T08:55:12.131+0000][gc,heap     ] GC(497) Eden regions: 47->0(46)
[2026-01-16T08:55:12.132+0000][gc,heap     ] GC(497) Survivor regions: 4->5(7)
[2026-01-16T08:55:12.132+0000][gc,heap     ] GC(497) Old regions: 184->184
[2026-01-16T08:55:12.133+0000][gc,heap     ] GC(497) Humongous regions: 85->85
[2026-01-16T08:55:12.134+0000][gc,metaspace] GC(497) Metaspace: 12437K(12864K)->12437K(12864K) NonClass: 11343K(11520K)->11343K(11520K) Class: 1094K(1344K)->1094K(1344K)
[2026-01-16T08:55:12.136+0000][gc          ] GC(497) Pause Young (Normal) (G1 Evacuation Pause) 319M->273M(1024M) 518.648ms
[2026-01-16T08:55:12.136+0000][gc,cpu      ] GC(497) User=0.25s Sys=0.02s Real=0.52s
[2026-01-16T08:55:14.520+0000][gc,start    ] GC(498) Pause Young (Normal) (G1 Evacuation Pause)
[2026-01-16T08:55:14.539+0000][gc,task     ] GC(498) Using 8 workers of 8 for evacuation
[2026-01-16T08:55:14.704+0000][gc,phases   ] GC(498)   Pre Evacuate Collection Set: 60.4ms
[2026-01-16T08:55:14.705+0000][gc,phases   ] GC(498)   Merge Heap Roots: 0.5ms
[2026-01-16T08:55:14.707+0000][gc,phases   ] GC(498)   Evacuate Collection Set: 96.5ms
[2026-01-16T08:55:14.709+0000][gc,phases   ] GC(498)   Post Evacuate Collection Set: 3.0ms
[2026-01-16T08:55:14.710+0000][gc,phases   ] GC(498)   Other: 4.9ms
[2026-01-16T08:55:14.712+0000][gc,heap     ] GC(498) Eden regions: 46->0(46)
[2026-01-16T08:55:14.713+0000][gc,heap     ] GC(498) Survivor regions: 5->5(7)
[2026-01-16T08:55:14.713+0000][gc,heap     ] GC(498) Old regions: 184->185
[2026-01-16T08:55:14.715+0000][gc,heap     ] GC(498) Humongous regions: 85->85
[2026-01-16T08:55:14.717+0000][gc,metaspace] GC(498) Metaspace: 12438K(12864K)->12438K(12864K) NonClass: 11344K(11520K)->11344K(11520K) Class: 1094K(1344K)->1094K(1344K)
[2026-01-16T08:55:14.719+0000][gc          ] GC(498) Pause Young (Normal) (G1 Evacuation Pause) 319M->273M(1024M) 198.945ms
[2026-01-16T08:55:14.720+0000][gc,cpu      ] GC(498) User=0.15s Sys=0.01s Real=0.20s
[2026-01-16T08:55:16.078+0000][gc,start    ] GC(499) Pause Young (Normal) (G1 Evacuation Pause)
[2026-01-16T08:55:16.081+0000][gc,task     ] GC(499) Using 8 workers of 8 for evacuation
[2026-01-16T08:55:16.352+0000][gc,mmu      ] GC(499) MMU target violated: 201.0ms (200.0ms/201.0ms)
[2026-01-16T08:55:16.367+0000][gc,phases   ] GC(499)   Pre Evacuate Collection Set: 8.1ms
[2026-01-16T08:55:16.370+0000][gc,phases   ] GC(499)   Merge Heap Roots: 3.8ms
[2026-01-16T08:55:16.370+0000][gc,phases   ] GC(499)   Evacuate Collection Set: 216.7ms
[2026-01-16T08:55:16.370+0000][gc,phases   ] GC(499)   Post Evacuate Collection Set: 41.1ms
[2026-01-16T08:55:16.370+0000][gc,phases   ] GC(499)   Other: 16.2ms
[2026-01-16T08:55:16.371+0000][gc,heap     ] GC(499) Eden regions: 46->0(46)
[2026-01-16T08:55:16.371+0000][gc,heap     ] GC(499) Survivor regions: 5->5(7)
[2026-01-16T08:55:16.371+0000][gc,heap     ] GC(499) Old regions: 185->186
[2026-01-16T08:55:16.371+0000][gc,heap     ] GC(499) Humongous regions: 85->85
[2026-01-16T08:55:16.371+0000][gc,metaspace] GC(499) Metaspace: 12438K(12864K)->12438K(12864K) NonClass: 11344K(11520K)->11344K(11520K) Class: 1094K(1344K)->1094K(1344K)
[2026-01-16T08:55:16.372+0000][gc          ] GC(499) Pause Young (Normal) (G1 Evacuation Pause) 319M->274M(1024M) 293.572ms
[2026-01-16T08:55:16.373+0000][gc,cpu      ] GC(499) User=0.14s Sys=0.01s Real=0.29s
[2026-01-16T08:55:17.114+0000][gc,start    ] GC(500) Pause Young (Normal) (G1 Evacuation Pause)
[2026-01-16T08:55:17.115+0000][gc,task     ] GC(500) Using 8 workers of 8 for evacuation
[2026-01-16T08:55:17.233+0000][gc,phases   ] GC(500)   Pre Evacuate Collection Set: 8.9ms
[2026-01-16T08:55:17.234+0000][gc,phases   ] GC(500)   Merge Heap Roots: 1.1ms
[2026-01-16T08:55:17.236+0000][gc,phases   ] GC(500)   Evacuate Collection Set: 100.4ms
[2026-01-16T08:55:17.239+0000][gc,phases   ] GC(500)   Post Evacuate Collection Set: 1.9ms
[2026-01-16T08:55:17.242+0000][gc,phases   ] GC(500)   Other: 5.6ms
[2026-01-16T08:55:17.242+0000][gc,heap     ] GC(500) Eden regions: 46->0(46)
[2026-01-16T08:55:17.242+0000][gc,heap     ] GC(500) Survivor regions: 5->5(7)
[2026-01-16T08:55:17.246+0000][gc,heap     ] GC(500) Old regions: 186->186
[2026-01-16T08:55:17.250+0000][gc,heap     ] GC(500) Humongous regions: 85->85
[2026-01-16T08:55:17.251+0000][gc,metaspace] GC(500) Metaspace: 12438K(12864K)->12438K(12864K) NonClass: 11344K(11520K)->11344K(11520K) Class: 1094K(1344K)->1094K(1344K)
[2026-01-16T08:55:17.253+0000][gc          ] GC(500) Pause Young (Normal) (G1 Evacuation Pause) 320M->275M(1024M) 138.987ms
[2026-01-16T08:55:17.254+0000][gc,cpu      ] GC(500) User=0.07s Sys=0.00s Real=0.14s
[2026-01-16T08:55:18.814+0000][gc,start    ] GC(501) Pause Young (Normal) (G1 Evacuation Pause)
[2026-01-16T08:55:18.815+0000][gc,task     ] GC(501) Using 8 workers of 8 for evacuation
[2026-01-16T08:55:19.320+0000][gc,mmu      ] GC(501) MMU target violated: 201.0ms (200.0ms/201.0ms)
[2026-01-16T08:55:19.320+0000][gc,phases   ] GC(501)   Pre Evacuate Collection Set: 35.6ms
[2026-01-16T08:55:19.320+0000][gc,phases   ] GC(501)   Merge Heap Roots: 1.7ms
[2026-01-16T08:55:19.321+0000][gc,phases   ] GC(501)   Evacuate Collection Set: 443.0ms
[2026-01-16T08:55:19.321+0000][gc,phases   ] GC(501)   Post Evacuate Collection Set: 24.4ms
[2026-01-16T08:55:19.321+0000][gc,phases   ] GC(501)   Other: 0.6ms
[2026-01-16T08:55:19.321+0000][gc,heap     ] GC(501) Eden regions: 46->0(46)
[2026-01-16T08:55:19.321+0000][gc,heap     ] GC(501) Survivor regions: 5->5(7)
[2026-01-16T08:55:19.321+0000][gc,heap     ] GC(501) Old regions: 186->187
[2026-01-16T08:55:19.321+0000][gc,heap     ] GC(501) Humongous regions: 85->85
[2026-01-16T08:55:19.321+0000][gc,metaspace] GC(501) Metaspace: 12438K(12864K)->12438K(12864K) NonClass: 11344K(11520K)->11344K(11520K) Class: 1094K(1344K)->1094K(1344K)
[2026-01-16T08:55:19.322+0000][gc          ] GC(501) Pause Young (Normal) (G1 Evacuation Pause) 321M->275M(1024M) 508.040ms
[2026-01-16T08:55:19.325+0000][gc,cpu      ] GC(501) User=0.13s Sys=0.03s Real=0.51s
[2026-01-16T08:55:20.402+0000][gc,start    ] GC(502) Pause Young (Normal) (G1 Evacuation Pause)
[2026-01-16T08:55:20.410+0000][gc,task     ] GC(502) Using 8 workers of 8 for evacuation
[2026-01-16T08:55:21.528+0000][gc,mmu      ] GC(502) MMU target violated: 201.0ms (200.0ms/201.0ms)
[2026-01-16T08:55:21.530+0000][gc,phases   ] GC(502)   Pre Evacuate Collection Set: 32.6ms
[2026-01-16T08:55:21.531+0000][gc,phases   ] GC(502)   Merge Heap Roots: 4.7ms
[2026-01-16T08:55:21.532+0000][gc,phases   ] GC(502)   Evacuate Collection Set: 1046.8ms
[2026-01-16T08:55:21.535+0000][gc,phases   ] GC(502)   Post Evacuate Collection Set: 25.1ms
[2026-01-16T08:55:21.537+0000][gc,phases   ] GC(502)   Other: 11.5ms
[2026-01-16T08:55:21.538+0000][gc,heap     ] GC(502) Eden regions: 46->0(46)
[2026-01-16T08:55:21.538+0000][gc,heap     ] GC(502) Survivor regions: 5->5(7)
[2026-01-16T08:55:21.538+0000][gc,heap     ] GC(502) Old regions: 187->187
[2026-01-16T08:55:21.540+0000][gc,heap     ] GC(502) Humongous regions: 85->85
[2026-01-16T08:55:21.543+0000][gc,metaspace] GC(502) Metaspace: 12438K(12864K)->12438K(12864K) NonClass: 11344K(11520K)->11344K(11520K) Class: 1094K(1344K)->1094K(1344K)
[2026-01-16T08:55:21.550+0000][gc          ] GC(502) Pause Young (Normal) (G1 Evacuation Pause) 321M->276M(1024M) 1148.384ms
[2026-01-16T08:55:21.554+0000][gc,cpu      ] GC(502) User=0.25s Sys=0.03s Real=1.15s
[2026-01-16T08:55:23.598+0000][gc,start    ] GC(503) Pause Young (Normal) (G1 Evacuation Pause)
[2026-01-16T08:55:23.609+0000][gc,task     ] GC(503) Using 8 workers of 8 for evacuation
[2026-01-16T08:55:24.007+0000][gc,mmu      ] GC(503) MMU target violated: 201.0ms (200.0ms/201.0ms)
[2026-01-16T08:55:24.007+0000][gc,phases   ] GC(503)   Pre Evacuate Collection Set: 14.9ms
[2026-01-16T08:55:24.007+0000][gc,phases   ] GC(503)   Merge Heap Roots: 3.8ms
[2026-01-16T08:55:24.008+0000][gc,phases   ] GC(503)   Evacuate Collection Set: 369.0ms
[2026-01-16T08:55:24.009+0000][gc,phases   ] GC(503)   Post Evacuate Collection Set: 3.8ms
[2026-01-16T08:55:24.009+0000][gc,phases   ] GC(503)   Other: 7.4ms
[2026-01-16T08:55:24.010+0000][gc,heap     ] GC(503) Eden regions: 46->0(46)
[2026-01-16T08:55:24.010+0000][gc,heap     ] GC(503) Survivor regions: 5->5(7)
[2026-01-16T08:55:24.011+0000][gc,heap     ] GC(503) Old regions: 187->188
[2026-01-16T08:55:24.012+0000][gc,heap     ] GC(503) Humongous regions: 85->85
[2026-01-16T08:55:24.012+0000][gc,metaspace] GC(503) Metaspace: 12444K(12928K)->12444K(12928K) NonClass: 11350K(11584K)->11350K(11584K) Class: 1094K(1344K)->1094K(1344K)
[2026-01-16T08:55:24.013+0000][gc          ] GC(503) Pause Young (Normal) (G1 Evacuation Pause) 322M->276M(1024M) 414.288ms
[2026-01-16T08:55:24.028+0000][gc,cpu      ] GC(503) User=0.20s Sys=0.01s Real=0.43s
[2026-01-16T08:55:26.276+0000][gc,start    ] GC(504) Pause Young (Normal) (G1 Evacuation Pause)
[2026-01-16T08:55:26.279+0000][gc,task     ] GC(504) Using 8 workers of 8 for evacuation
[2026-01-16T08:55:26.689+0000][gc,mmu      ] GC(504) MMU target violated: 201.0ms (200.0ms/201.0ms)
[2026-01-16T08:55:26.689+0000][gc,phases   ] GC(504)   Pre Evacuate Collection Set: 26.6ms
[2026-01-16T08:55:26.690+0000][gc,phases   ] GC(504)   Merge Heap Roots: 8.7ms
[2026-01-16T08:55:26.690+0000][gc,phases   ] GC(504)   Evacuate Collection Set: 369.5ms
[2026-01-16T08:55:26.690+0000][gc,phases   ] GC(504)   Post Evacuate Collection Set: 3.7ms
[2026-01-16T08:55:26.690+0000][gc,phases   ] GC(504)   Other: 1.4ms
[2026-01-16T08:55:26.691+0000][gc,heap     ] GC(504) Eden regions: 46->0(46)
[2026-01-16T08:55:26.692+0000][gc,heap     ] GC(504) Survivor regions: 5->5(7)
[2026-01-16T08:55:26.692+0000][gc,heap     ] GC(504) Old regions: 188->189
[2026-01-16T08:55:26.693+0000][gc,heap     ] GC(504) Humongous regions: 85->85
[2026-01-16T08:55:26.693+0000][gc,metaspace] GC(504) Metaspace: 12448K(12928K)->12448K(12928K) NonClass: 11354K(11584K)->11354K(11584K) Class: 1094K(1344K)->1094K(1344K)
[2026-01-16T08:55:26.694+0000][gc          ] GC(504) Pause Young (Normal) (G1 Evacuation Pause) 322M->277M(1024M) 418.028ms
[2026-01-16T08:55:26.697+0000][gc,cpu      ] GC(504) User=0.17s Sys=0.02s Real=0.42s
[2026-01-16T08:55:30.490+0000][gc,start    ] GC(505) Pause Young (Normal) (G1 Evacuation Pause)
[2026-01-16T08:55:30.532+0000][gc,task     ] GC(505) Using 8 workers of 8 for evacuation
[2026-01-16T08:55:31.305+0000][gc,mmu      ] GC(505) MMU target violated: 201.0ms (200.0ms/201.0ms)
[2026-01-16T08:55:31.306+0000][gc,phases   ] GC(505)   Pre Evacuate Collection Set: 30.4ms
[2026-01-16T08:55:31.307+0000][gc,phases   ] GC(505)   Merge Heap Roots: 0.5ms
[2026-01-16T08:55:31.312+0000][gc,phases   ] GC(505)   Evacuate Collection Set: 696.2ms
[2026-01-16T08:55:31.317+0000][gc,phases   ] GC(505)   Post Evacuate Collection Set: 24.9ms
[2026-01-16T08:55:31.318+0000][gc,phases   ] GC(505)   Other: 54.2ms
[2026-01-16T08:55:31.319+0000][gc,heap     ] GC(505) Eden regions: 46->0(46)
[2026-01-16T08:55:31.320+0000][gc,heap     ] GC(505) Survivor regions: 5->5(7)
[2026-01-16T08:55:31.320+0000][gc,heap     ] GC(505) Old regions: 189->189
[2026-01-16T08:55:31.321+0000][gc,heap     ] GC(505) Humongous regions: 94->94
[2026-01-16T08:55:31.324+0000][gc,metaspace] GC(505) Metaspace: 12450K(12928K)->12450K(12928K) NonClass: 11356K(11584K)->11356K(11584K) Class: 1094K(1344K)->1094K(1344K)
[2026-01-16T08:55:31.327+0000][gc          ] GC(505) Pause Young (Normal) (G1 Evacuation Pause) 332M->287M(1024M) 836.901ms
[2026-01-16T08:55:31.330+0000][gc,cpu      ] GC(505) User=0.48s Sys=0.09s Real=0.84s
[2026-01-16T08:55:37.554+0000][gc,start    ] GC(506) Pause Young (Normal) (G1 Evacuation Pause)
[2026-01-16T08:55:37.675+0000][gc,task     ] GC(506) Using 8 workers of 8 for evacuation
[2026-01-16T08:55:50.266+0000][gc,mmu      ] GC(506) MMU target violated: 201.0ms (200.0ms/201.0ms)
[2026-01-16T08:55:50.292+0000][gc,phases   ] GC(506)   Pre Evacuate Collection Set: 143.8ms
[2026-01-16T08:55:50.296+0000][gc,phases   ] GC(506)   Merge Heap Roots: 1.2ms
[2026-01-16T08:55:50.300+0000][gc,phases   ] GC(506)   Evacuate Collection Set: 10070.7ms
[2026-01-16T08:55:50.302+0000][gc,phases   ] GC(506)   Post Evacuate Collection Set: 2343.5ms
[2026-01-16T08:55:50.335+0000][gc,phases   ] GC(506)   Other: 150.5ms
[2026-01-16T08:55:50.340+0000][gc,heap     ] GC(506) Eden regions: 46->0(47)
[2026-01-16T08:55:50.342+0000][gc,heap     ] GC(506) Survivor regions: 5->4(7)
[2026-01-16T08:55:50.342+0000][gc,heap     ] GC(506) Old regions: 189->190
[2026-01-16T08:55:50.347+0000][gc,heap     ] GC(506) Humongous regions: 94->94
[2026-01-16T08:55:50.355+0000][gc,metaspace] GC(506) Metaspace: 12462K(12928K)->12462K(12928K) NonClass: 11368K(11584K)->11368K(11584K) Class: 1094K(1344K)->1094K(1344K)
[2026-01-16T08:55:50.389+0000][gc          ] GC(506) Pause Young (Normal) (G1 Evacuation Pause) 333M->286M(1024M) 12835.006ms
[2026-01-16T08:55:50.438+0000][gc,cpu      ] GC(506) User=3.16s Sys=0.55s Real=12.85s
[2026-01-16T08:56:09.376+0000][gc,start    ] GC(507) Pause Young (Normal) (G1 Evacuation Pause)
[2026-01-16T08:56:09.378+0000][gc,task     ] GC(507) Using 8 workers of 8 for evacuation
[2026-01-16T08:56:12.173+0000][gc,mmu      ] GC(507) MMU target violated: 201.0ms (200.0ms/201.0ms)
[2026-01-16T08:56:12.176+0000][gc,phases   ] GC(507)   Pre Evacuate Collection Set: 337.4ms
[2026-01-16T08:56:12.179+0000][gc,phases   ] GC(507)   Merge Heap Roots: 27.6ms
[2026-01-16T08:56:12.184+0000][gc,phases   ] GC(507)   Evacuate Collection Set: 2268.1ms
[2026-01-16T08:56:12.184+0000][gc,phases   ] GC(507)   Post Evacuate Collection Set: 131.2ms
[2026-01-16T08:56:12.185+0000][gc,phases   ] GC(507)   Other: 35.0ms
[2026-01-16T08:56:12.185+0000][gc,heap     ] GC(507) Eden regions: 47->0(47)
[2026-01-16T08:56:12.185+0000][gc,heap     ] GC(507) Survivor regions: 4->4(7)
[2026-01-16T08:56:12.185+0000][gc,heap     ] GC(507) Old regions: 190->190
[2026-01-16T08:56:12.185+0000][gc,heap     ] GC(507) Humongous regions: 94->94
[2026-01-16T08:56:12.186+0000][gc,metaspace] GC(507) Metaspace: 12468K(12928K)->12468K(12928K) NonClass: 11374K(11584K)->11374K(11584K) Class: 1094K(1344K)->1094K(1344K)
[2026-01-16T08:56:12.191+0000][gc          ] GC(507) Pause Young (Normal) (G1 Evacuation Pause) 333M->287M(1024M) 2814.902ms
[2026-01-16T08:56:12.199+0000][gc,cpu      ] GC(507) User=1.06s Sys=0.14s Real=2.82s
[2026-01-16T08:56:18.313+0000][gc,start    ] GC(508) Pause Young (Normal) (G1 Evacuation Pause)
[2026-01-16T08:56:18.316+0000][gc,task     ] GC(508) Using 8 workers of 8 for evacuation
[2026-01-16T08:56:19.692+0000][gc,mmu      ] GC(508) MMU target violated: 201.0ms (200.0ms/201.0ms)
[2026-01-16T08:56:19.702+0000][gc,phases   ] GC(508)   Pre Evacuate Collection Set: 78.6ms
[2026-01-16T08:56:19.703+0000][gc,phases   ] GC(508)   Merge Heap Roots: 22.9ms
[2026-01-16T08:56:19.703+0000][gc,phases   ] GC(508)   Evacuate Collection Set: 1228.5ms
[2026-01-16T08:56:19.703+0000][gc,phases   ] GC(508)   Post Evacuate Collection Set: 45.3ms
[2026-01-16T08:56:19.704+0000][gc,phases   ] GC(508)   Other: 11.1ms
[2026-01-16T08:56:19.704+0000][gc,heap     ] GC(508) Eden regions: 47->0(46)
[2026-01-16T08:56:19.705+0000][gc,heap     ] GC(508) Survivor regions: 4->5(7)
[2026-01-16T08:56:19.721+0000][gc,heap     ] GC(508) Old regions: 190->190
[2026-01-16T08:56:19.740+0000][gc,heap     ] GC(508) Humongous regions: 94->94
[2026-01-16T08:56:19.741+0000][gc,metaspace] GC(508) Metaspace: 12472K(12928K)->12472K(12928K) NonClass: 11378K(11584K)->11378K(11584K) Class: 1094K(1344K)->1094K(1344K)
[2026-01-16T08:56:19.741+0000][gc          ] GC(508) Pause Young (Normal) (G1 Evacuation Pause) 334M->287M(1024M) 1428.648ms
[2026-01-16T08:56:19.742+0000][gc,cpu      ] GC(508) User=0.55s Sys=0.04s Real=1.42s
[2026-01-16T08:56:24.178+0000][gc,start    ] GC(509) Pause Young (Normal) (G1 Evacuation Pause)
[2026-01-16T08:56:24.197+0000][gc,task     ] GC(509) Using 8 workers of 8 for evacuation
[2026-01-16T08:56:26.605+0000][gc,mmu      ] GC(509) MMU target violated: 201.0ms (200.0ms/201.0ms)
[2026-01-16T08:56:26.611+0000][gc,phases   ] GC(509)   Pre Evacuate Collection Set: 68.8ms
[2026-01-16T08:56:26.623+0000][gc,phases   ] GC(509)   Merge Heap Roots: 2.5ms
[2026-01-16T08:56:26.629+0000][gc,phases   ] GC(509)   Evacuate Collection Set: 2116.7ms
[2026-01-16T08:56:26.631+0000][gc,phases   ] GC(509)   Post Evacuate Collection Set: 215.1ms
[2026-01-16T08:56:26.634+0000][gc,phases   ] GC(509)   Other: 22.6ms
[2026-01-16T08:56:26.636+0000][gc,heap     ] GC(509) Eden regions: 46->0(46)
[2026-01-16T08:56:26.638+0000][gc,heap     ] GC(509) Survivor regions: 5->5(7)
[2026-01-16T08:56:26.640+0000][gc,heap     ] GC(509) Old regions: 190->191
[2026-01-16T08:56:26.645+0000][gc,heap     ] GC(509) Humongous regions: 94->94
[2026-01-16T08:56:26.648+0000][gc,metaspace] GC(509) Metaspace: 12472K(12928K)->12472K(12928K) NonClass: 11378K(11584K)->11378K(11584K) Class: 1094K(1344K)->1094K(1344K)
[2026-01-16T08:56:26.649+0000][gc          ] GC(509) Pause Young (Normal) (G1 Evacuation Pause) 333M->288M(1024M) 2471.537ms
[2026-01-16T08:56:26.654+0000][gc,cpu      ] GC(509) User=0.62s Sys=0.11s Real=2.48s
[2026-01-16T08:56:37.480+0000][gc,start    ] GC(510) Pause Young (Normal) (G1 Evacuation Pause)
[2026-01-16T08:56:37.503+0000][gc,task     ] GC(510) Using 8 workers of 8 for evacuation
[2026-01-16T08:56:39.650+0000][gc,mmu      ] GC(510) MMU target violated: 201.0ms (200.0ms/201.0ms)
[2026-01-16T08:56:39.653+0000][gc,phases   ] GC(510)   Pre Evacuate Collection Set: 136.7ms
[2026-01-16T08:56:39.654+0000][gc,phases   ] GC(510)   Merge Heap Roots: 20.3ms
[2026-01-16T08:56:39.654+0000][gc,phases   ] GC(510)   Evacuate Collection Set: 1783.1ms
[2026-01-16T08:56:39.654+0000][gc,phases   ] GC(510)   Post Evacuate Collection Set: 180.4ms
[2026-01-16T08:56:39.660+0000][gc,phases   ] GC(510)   Other: 37.0ms
[2026-01-16T08:56:39.661+0000][gc,heap     ] GC(510) Eden regions: 46->0(46)
[2026-01-16T08:56:39.661+0000][gc,heap     ] GC(510) Survivor regions: 5->5(7)
[2026-01-16T08:56:39.661+0000][gc,heap     ] GC(510) Old regions: 191->191
[2026-01-16T08:56:39.661+0000][gc,heap     ] GC(510) Humongous regions: 94->94
[2026-01-16T08:56:39.661+0000][gc,metaspace] GC(510) Metaspace: 12475K(12928K)->12475K(12928K) NonClass: 11381K(11584K)->11381K(11584K) Class: 1094K(1344K)->1094K(1344K)
[2026-01-16T08:56:39.668+0000][gc          ] GC(510) Pause Young (Normal) (G1 Evacuation Pause) 334M->289M(1024M) 2198.890ms
[2026-01-16T08:56:39.671+0000][gc,cpu      ] GC(510) User=1.01s Sys=0.17s Real=2.20s
[2026-01-16T08:56:41.941+0000][gc,start    ] GC(511) Pause Young (Normal) (G1 Evacuation Pause)
[2026-01-16T08:56:41.944+0000][gc,task     ] GC(511) Using 8 workers of 8 for evacuation
[2026-01-16T08:56:43.005+0000][gc,mmu      ] GC(511) MMU target violated: 201.0ms (200.0ms/201.0ms)
[2026-01-16T08:56:43.009+0000][gc,phases   ] GC(511)   Pre Evacuate Collection Set: 62.7ms
[2026-01-16T08:56:43.013+0000][gc,phases   ] GC(511)   Merge Heap Roots: 36.6ms
[2026-01-16T08:56:43.026+0000][gc,phases   ] GC(511)   Evacuate Collection Set: 725.0ms
[2026-01-16T08:56:43.043+0000][gc,phases   ] GC(511)   Post Evacuate Collection Set: 229.7ms
[2026-01-16T08:56:43.048+0000][gc,phases   ] GC(511)   Other: 11.5ms
[2026-01-16T08:56:43.050+0000][gc,heap     ] GC(511) Eden regions: 46->0(46)
[2026-01-16T08:56:43.051+0000][gc,heap     ] GC(511) Survivor regions: 5->5(7)
[2026-01-16T08:56:43.051+0000][gc,heap     ] GC(511) Old regions: 191->192
[2026-01-16T08:56:43.051+0000][gc,heap     ] GC(511) Humongous regions: 94->94
[2026-01-16T08:56:43.052+0000][gc,metaspace] GC(511) Metaspace: 12477K(12928K)->12477K(12928K) NonClass: 11382K(11584K)->11382K(11584K) Class: 1094K(1344K)->1094K(1344K)
[2026-01-16T08:56:43.052+0000][gc          ] GC(511) Pause Young (Normal) (G1 Evacuation Pause) 335M->289M(1024M) 1110.953ms
[2026-01-16T08:56:43.052+0000][gc,cpu      ] GC(511) User=0.57s Sys=0.11s Real=1.11s
[2026-01-16T08:56:47.752+0000][gc,start    ] GC(512) Pause Young (Normal) (G1 Evacuation Pause)
[2026-01-16T08:56:47.755+0000][gc,task     ] GC(512) Using 8 workers of 8 for evacuation
[2026-01-16T08:56:48.679+0000][gc,mmu      ] GC(512) MMU target violated: 201.0ms (200.0ms/201.0ms)
[2026-01-16T08:56:48.679+0000][gc,phases   ] GC(512)   Pre Evacuate Collection Set: 24.0ms
[2026-01-16T08:56:48.679+0000][gc,phases   ] GC(512)   Merge Heap Roots: 4.6ms
[2026-01-16T08:56:48.680+0000][gc,phases   ] GC(512)   Evacuate Collection Set: 859.9ms
[2026-01-16T08:56:48.680+0000][gc,phases   ] GC(512)   Post Evacuate Collection Set: 34.9ms
[2026-01-16T08:56:48.680+0000][gc,phases   ] GC(512)   Other: 2.0ms
[2026-01-16T08:56:48.680+0000][gc,heap     ] GC(512) Eden regions: 46->0(46)
[2026-01-16T08:56:48.680+0000][gc,heap     ] GC(512) Survivor regions: 5->5(7)
[2026-01-16T08:56:48.680+0000][gc,heap     ] GC(512) Old regions: 192->193
[2026-01-16T08:56:48.681+0000][gc,heap     ] GC(512) Humongous regions: 103->103
[2026-01-16T08:56:48.681+0000][gc,metaspace] GC(512) Metaspace: 12488K(12928K)->12488K(12928K) NonClass: 11394K(11584K)->11394K(11584K) Class: 1094K(1344K)->1094K(1344K)
[2026-01-16T08:56:48.681+0000][gc          ] GC(512) Pause Young (Normal) (G1 Evacuation Pause) 344M->299M(1024M) 929.237ms
[2026-01-16T08:56:48.682+0000][gc,cpu      ] GC(512) User=0.44s Sys=0.05s Real=0.93s
[2026-01-16T08:56:51.302+0000][gc,start    ] GC(513) Pause Young (Normal) (G1 Evacuation Pause)
[2026-01-16T08:56:51.303+0000][gc,task     ] GC(513) Using 8 workers of 8 for evacuation
[2026-01-16T08:56:51.978+0000][gc,mmu      ] GC(513) MMU target violated: 201.0ms (200.0ms/201.0ms)
[2026-01-16T08:56:51.982+0000][gc,phases   ] GC(513)   Pre Evacuate Collection Set: 54.4ms
[2026-01-16T08:56:51.983+0000][gc,phases   ] GC(513)   Merge Heap Roots: 7.3ms
[2026-01-16T08:56:51.983+0000][gc,phases   ] GC(513)   Evacuate Collection Set: 583.6ms
[2026-01-16T08:56:51.984+0000][gc,phases   ] GC(513)   Post Evacuate Collection Set: 27.7ms
[2026-01-16T08:56:51.984+0000][gc,phases   ] GC(513)   Other: 5.9ms
[2026-01-16T08:56:51.984+0000][gc,heap     ] GC(513) Eden regions: 46->0(46)
[2026-01-16T08:56:51.984+0000][gc,heap     ] GC(513) Survivor regions: 5->5(7)
[2026-01-16T08:56:51.984+0000][gc,heap     ] GC(513) Old regions: 193->193
[2026-01-16T08:56:51.985+0000][gc,heap     ] GC(513) Humongous regions: 103->103
[2026-01-16T08:56:51.985+0000][gc,metaspace] GC(513) Metaspace: 12500K(12928K)->12500K(12928K) NonClass: 11406K(11584K)->11406K(11584K) Class: 1094K(1344K)->1094K(1344K)
[2026-01-16T08:56:51.987+0000][gc          ] GC(513) Pause Young (Normal) (G1 Evacuation Pause) 345M->300M(1024M) 684.197ms
[2026-01-16T08:56:51.987+0000][gc,cpu      ] GC(513) User=0.28s Sys=0.04s Real=0.69s
[2026-01-16T08:56:55.683+0000][gc,start    ] GC(514) Pause Young (Normal) (G1 Evacuation Pause)
[2026-01-16T08:56:55.688+0000][gc,task     ] GC(514) Using 8 workers of 8 for evacuation
[2026-01-16T08:56:56.257+0000][gc,mmu      ] GC(514) MMU target violated: 201.0ms (200.0ms/201.0ms)
[2026-01-16T08:56:56.259+0000][gc,phases   ] GC(514)   Pre Evacuate Collection Set: 103.1ms
[2026-01-16T08:56:56.265+0000][gc,phases   ] GC(514)   Merge Heap Roots: 10.6ms
[2026-01-16T08:56:56.267+0000][gc,phases   ] GC(514)   Evacuate Collection Set: 439.2ms
[2026-01-16T08:56:56.269+0000][gc,phases   ] GC(514)   Post Evacuate Collection Set: 14.3ms
[2026-01-16T08:56:56.269+0000][gc,phases   ] GC(514)   Other: 5.2ms
[2026-01-16T08:56:56.282+0000][gc,heap     ] GC(514) Eden regions: 46->0(47)
[2026-01-16T08:56:56.283+0000][gc,heap     ] GC(514) Survivor regions: 5->4(7)
[2026-01-16T08:56:56.285+0000][gc,heap     ] GC(514) Old regions: 193->194
[2026-01-16T08:56:56.286+0000][gc,heap     ] GC(514) Humongous regions: 103->103
[2026-01-16T08:56:56.286+0000][gc,metaspace] GC(514) Metaspace: 12500K(12928K)->12500K(12928K) NonClass: 11406K(11584K)->11406K(11584K) Class: 1094K(1344K)->1094K(1344K)
[2026-01-16T08:56:56.286+0000][gc          ] GC(514) Pause Young (Normal) (G1 Evacuation Pause) 346M->300M(1024M) 602.889ms
[2026-01-16T08:56:56.287+0000][gc,cpu      ] GC(514) User=0.24s Sys=0.06s Real=0.60s
[2026-01-16T08:56:59.254+0000][gc,start    ] GC(515) Pause Young (Normal) (G1 Evacuation Pause)
[2026-01-16T08:56:59.354+0000][gc,task     ] GC(515) Using 8 workers of 8 for evacuation
[2026-01-16T08:57:01.463+0000][gc,mmu      ] GC(515) MMU target violated: 201.0ms (200.0ms/201.0ms)
[2026-01-16T08:57:01.466+0000][gc,phases   ] GC(515)   Pre Evacuate Collection Set: 225.7ms
[2026-01-16T08:57:01.484+0000][gc,phases   ] GC(515)   Merge Heap Roots: 11.7ms
[2026-01-16T08:57:01.484+0000][gc,phases   ] GC(515)   Evacuate Collection Set: 1759.9ms
[2026-01-16T08:57:01.484+0000][gc,phases   ] GC(515)   Post Evacuate Collection Set: 91.0ms
[2026-01-16T08:57:01.485+0000][gc,phases   ] GC(515)   Other: 50.0ms
[2026-01-16T08:57:01.491+0000][gc,heap     ] GC(515) Eden regions: 47->0(47)
[2026-01-16T08:57:01.492+0000][gc,heap     ] GC(515) Survivor regions: 4->4(7)
[2026-01-16T08:57:01.495+0000][gc,heap     ] GC(515) Old regions: 194->195
[2026-01-16T08:57:01.499+0000][gc,heap     ] GC(515) Humongous regions: 103->103
[2026-01-16T08:57:01.500+0000][gc,metaspace] GC(515) Metaspace: 12510K(12928K)->12510K(12928K) NonClass: 11416K(11584K)->11416K(11584K) Class: 1094K(1344K)->1094K(1344K)
[2026-01-16T08:57:01.522+0000][gc          ] GC(515) Pause Young (Normal) (G1 Evacuation Pause) 347M->301M(1024M) 2268.307ms
[2026-01-16T08:57:01.523+0000][gc,cpu      ] GC(515) User=0.79s Sys=0.10s Real=2.27s
[2026-01-16T08:57:05.606+0000][gc,start    ] GC(516) Pause Young (Normal) (G1 Evacuation Pause)
[2026-01-16T08:57:05.607+0000][gc,task     ] GC(516) Using 8 workers of 8 for evacuation
[2026-01-16T08:57:06.226+0000][gc,mmu      ] GC(516) MMU target violated: 201.0ms (200.0ms/201.0ms)
[2026-01-16T08:57:06.226+0000][gc,phases   ] GC(516)   Pre Evacuate Collection Set: 58.5ms
[2026-01-16T08:57:06.227+0000][gc,phases   ] GC(516)   Merge Heap Roots: 3.9ms
[2026-01-16T08:57:06.227+0000][gc,phases   ] GC(516)   Evacuate Collection Set: 545.2ms
[2026-01-16T08:57:06.229+0000][gc,phases   ] GC(516)   Post Evacuate Collection Set: 9.5ms
[2026-01-16T08:57:06.229+0000][gc,phases   ] GC(516)   Other: 2.5ms
[2026-01-16T08:57:06.230+0000][gc,heap     ] GC(516) Eden regions: 47->0(47)
[2026-01-16T08:57:06.230+0000][gc,heap     ] GC(516) Survivor regions: 4->4(7)
[2026-01-16T08:57:06.230+0000][gc,heap     ] GC(516) Old regions: 195->196
[2026-01-16T08:57:06.231+0000][gc,heap     ] GC(516) Humongous regions: 103->103
[2026-01-16T08:57:06.231+0000][gc,metaspace] GC(516) Metaspace: 12512K(12928K)->12512K(12928K) NonClass: 11418K(11584K)->11418K(11584K) Class: 1094K(1344K)->1094K(1344K)
[2026-01-16T08:57:06.241+0000][gc          ] GC(516) Pause Young (Normal) (G1 Evacuation Pause) 348M->301M(1024M) 635.479ms
[2026-01-16T08:57:06.243+0000][gc,cpu      ] GC(516) User=0.36s Sys=0.02s Real=0.63s
[2026-01-16T08:57:09.042+0000][gc,start    ] GC(517) Pause Young (Normal) (G1 Evacuation Pause)
[2026-01-16T08:57:09.043+0000][gc,task     ] GC(517) Using 8 workers of 8 for evacuation
[2026-01-16T08:57:09.422+0000][gc,mmu      ] GC(517) MMU target violated: 201.0ms (200.0ms/201.0ms)
[2026-01-16T08:57:09.424+0000][gc,phases   ] GC(517)   Pre Evacuate Collection Set: 64.3ms
[2026-01-16T08:57:09.426+0000][gc,phases   ] GC(517)   Merge Heap Roots: 4.5ms
[2026-01-16T08:57:09.427+0000][gc,phases   ] GC(517)   Evacuate Collection Set: 299.6ms
[2026-01-16T08:57:09.429+0000][gc,phases   ] GC(517)   Post Evacuate Collection Set: 8.8ms
[2026-01-16T08:57:09.429+0000][gc,phases   ] GC(517)   Other: 4.3ms
[2026-01-16T08:57:09.430+0000][gc,heap     ] GC(517) Eden regions: 47->0(47)
[2026-01-16T08:57:09.431+0000][gc,heap     ] GC(517) Survivor regions: 4->4(7)
[2026-01-16T08:57:09.432+0000][gc,heap     ] GC(517) Old regions: 196->196
[2026-01-16T08:57:09.432+0000][gc,heap     ] GC(517) Humongous regions: 103->103
[2026-01-16T08:57:09.433+0000][gc,metaspace] GC(517) Metaspace: 12514K(12928K)->12514K(12928K) NonClass: 11420K(11584K)->11420K(11584K) Class: 1094K(1344K)->1094K(1344K)
[2026-01-16T08:57:09.434+0000][gc          ] GC(517) Pause Young (Normal) (G1 Evacuation Pause) 348M->302M(1024M) 391.620ms
[2026-01-16T08:57:09.434+0000][gc,cpu      ] GC(517) User=0.24s Sys=0.02s Real=0.39s
[2026-01-16T08:57:10.333+0000][gc,start    ] GC(518) Pause Young (Normal) (G1 Evacuation Pause)
[2026-01-16T08:57:10.335+0000][gc,task     ] GC(518) Using 8 workers of 8 for evacuation
[2026-01-16T08:57:10.544+0000][gc,mmu      ] GC(518) MMU target violated: 201.0ms (200.0ms/201.0ms)
[2026-01-16T08:57:10.546+0000][gc,phases   ] GC(518)   Pre Evacuate Collection Set: 5.6ms
[2026-01-16T08:57:10.548+0000][gc,phases   ] GC(518)   Merge Heap Roots: 0.5ms
[2026-01-16T08:57:10.548+0000][gc,phases   ] GC(518)   Evacuate Collection Set: 201.3ms
[2026-01-16T08:57:10.549+0000][gc,phases   ] GC(518)   Post Evacuate Collection Set: 1.0ms
[2026-01-16T08:57:10.549+0000][gc,phases   ] GC(518)   Other: 2.4ms
[2026-01-16T08:57:10.550+0000][gc,heap     ] GC(518) Eden regions: 47->0(46)
[2026-01-16T08:57:10.550+0000][gc,heap     ] GC(518) Survivor regions: 4->5(7)
[2026-01-16T08:57:10.550+0000][gc,heap     ] GC(518) Old regions: 196->197
[2026-01-16T08:57:10.551+0000][gc,heap     ] GC(518) Humongous regions: 103->103
[2026-01-16T08:57:10.551+0000][gc,metaspace] GC(518) Metaspace: 12514K(12928K)->12514K(12928K) NonClass: 11420K(11584K)->11420K(11584K) Class: 1094K(1344K)->1094K(1344K)
[2026-01-16T08:57:10.551+0000][gc          ] GC(518) Pause Young (Normal) (G1 Evacuation Pause) 349M->303M(1024M) 218.097ms
[2026-01-16T08:57:10.551+0000][gc,cpu      ] GC(518) User=0.12s Sys=0.01s Real=0.22s
[2026-01-16T08:57:12.968+0000][gc,start    ] GC(519) Pause Young (Normal) (G1 Evacuation Pause)
[2026-01-16T08:57:12.971+0000][gc,task     ] GC(519) Using 8 workers of 8 for evacuation
[2026-01-16T08:57:14.149+0000][gc,mmu      ] GC(519) MMU target violated: 201.0ms (200.0ms/201.0ms)
[2026-01-16T08:57:14.151+0000][gc,phases   ] GC(519)   Pre Evacuate Collection Set: 31.1ms
[2026-01-16T08:57:14.151+0000][gc,phases   ] GC(519)   Merge Heap Roots: 8.0ms
[2026-01-16T08:57:14.151+0000][gc,phases   ] GC(519)   Evacuate Collection Set: 1062.6ms
[2026-01-16T08:57:14.152+0000][gc,phases   ] GC(519)   Post Evacuate Collection Set: 72.6ms
[2026-01-16T08:57:14.152+0000][gc,phases   ] GC(519)   Other: 6.2ms
[2026-01-16T08:57:14.152+0000][gc,heap     ] GC(519) Eden regions: 46->0(46)
[2026-01-16T08:57:14.153+0000][gc,heap     ] GC(519) Survivor regions: 5->5(7)
[2026-01-16T08:57:14.153+0000][gc,heap     ] GC(519) Old regions: 197->197
[2026-01-16T08:57:14.153+0000][gc,heap     ] GC(519) Humongous regions: 105->105
[2026-01-16T08:57:14.153+0000][gc,metaspace] GC(519) Metaspace: 12517K(12928K)->12517K(12928K) NonClass: 11423K(11584K)->11423K(11584K) Class: 1094K(1344K)->1094K(1344K)
[2026-01-16T08:57:14.154+0000][gc          ] GC(519) Pause Young (Normal) (G1 Evacuation Pause) 351M->306M(1024M) 1186.296ms
[2026-01-16T08:57:14.157+0000][gc,cpu      ] GC(519) User=0.40s Sys=0.07s Real=1.19s
[2026-01-16T08:57:18.237+0000][gc,start    ] GC(520) Pause Young (Normal) (G1 Evacuation Pause)
[2026-01-16T08:57:18.278+0000][gc,task     ] GC(520) Using 8 workers of 8 for evacuation
[2026-01-16T08:57:18.970+0000][gc,mmu      ] GC(520) MMU target violated: 201.0ms (200.0ms/201.0ms)
[2026-01-16T08:57:18.971+0000][gc,phases   ] GC(520)   Pre Evacuate Collection Set: 66.5ms
[2026-01-16T08:57:18.973+0000][gc,phases   ] GC(520)   Merge Heap Roots: 7.6ms
[2026-01-16T08:57:18.974+0000][gc,phases   ] GC(520)   Evacuate Collection Set: 513.6ms
[2026-01-16T08:57:18.975+0000][gc,phases   ] GC(520)   Post Evacuate Collection Set: 103.8ms
[2026-01-16T08:57:18.977+0000][gc,phases   ] GC(520)   Other: 1.9ms
[2026-01-16T08:57:18.979+0000][gc,heap     ] GC(520) Eden regions: 46->0(47)
[2026-01-16T08:57:18.981+0000][gc,heap     ] GC(520) Survivor regions: 5->4(7)
[2026-01-16T08:57:18.985+0000][gc,heap     ] GC(520) Old regions: 197->199
[2026-01-16T08:57:18.986+0000][gc,heap     ] GC(520) Humongous regions: 105->105
[2026-01-16T08:57:18.986+0000][gc,metaspace] GC(520) Metaspace: 12517K(12928K)->12517K(12928K) NonClass: 11423K(11584K)->11423K(11584K) Class: 1094K(1344K)->1094K(1344K)
[2026-01-16T08:57:18.988+0000][gc          ] GC(520) Pause Young (Normal) (G1 Evacuation Pause) 352M->306M(1024M) 750.698ms
[2026-01-16T08:57:18.990+0000][gc,cpu      ] GC(520) User=0.31s Sys=0.05s Real=0.76s
[2026-01-16T08:57:20.722+0000][gc,start    ] GC(521) Pause Young (Normal) (GCLocker Initiated GC)
[2026-01-16T08:57:20.726+0000][gc,task     ] GC(521) Using 8 workers of 8 for evacuation
[2026-01-16T08:57:20.995+0000][gc,mmu      ] GC(521) MMU target violated: 201.0ms (200.0ms/201.0ms)
[2026-01-16T08:57:20.995+0000][gc,phases   ] GC(521)   Pre Evacuate Collection Set: 57.6ms
[2026-01-16T08:57:20.997+0000][gc,phases   ] GC(521)   Merge Heap Roots: 0.9ms
[2026-01-16T08:57:20.998+0000][gc,phases   ] GC(521)   Evacuate Collection Set: 202.6ms
[2026-01-16T08:57:20.999+0000][gc,phases   ] GC(521)   Post Evacuate Collection Set: 4.5ms
[2026-01-16T08:57:20.999+0000][gc,phases   ] GC(521)   Other: 4.6ms
[2026-01-16T08:57:21.000+0000][gc,heap     ] GC(521) Eden regions: 47->0(47)
[2026-01-16T08:57:21.001+0000][gc,heap     ] GC(521) Survivor regions: 4->4(7)
[2026-01-16T08:57:21.002+0000][gc,heap     ] GC(521) Old regions: 199->199
[2026-01-16T08:57:21.002+0000][gc,heap     ] GC(521) Humongous regions: 105->105
[2026-01-16T08:57:21.003+0000][gc,metaspace] GC(521) Metaspace: 12517K(12928K)->12517K(12928K) NonClass: 11423K(11584K)->11423K(11584K) Class: 1094K(1344K)->1094K(1344K)
[2026-01-16T08:57:21.007+0000][gc          ] GC(521) Pause Young (Normal) (GCLocker Initiated GC) 353M->307M(1024M) 284.324ms
[2026-01-16T08:57:21.008+0000][gc,cpu      ] GC(521) User=0.13s Sys=0.01s Real=0.29s
[2026-01-16T08:57:22.508+0000][gc,start    ] GC(522) Pause Young (Normal) (G1 Evacuation Pause)
[2026-01-16T08:57:22.510+0000][gc,task     ] GC(522) Using 8 workers of 8 for evacuation
[2026-01-16T08:57:22.709+0000][gc,phases   ] GC(522)   Pre Evacuate Collection Set: 60.6ms
[2026-01-16T08:57:22.710+0000][gc,phases   ] GC(522)   Merge Heap Roots: 0.4ms
[2026-01-16T08:57:22.710+0000][gc,phases   ] GC(522)   Evacuate Collection Set: 123.7ms
[2026-01-16T08:57:22.710+0000][gc,phases   ] GC(522)   Post Evacuate Collection Set: 9.4ms
[2026-01-16T08:57:22.712+0000][gc,phases   ] GC(522)   Other: 5.0ms
[2026-01-16T08:57:22.712+0000][gc,heap     ] GC(522) Eden regions: 47->0(46)
[2026-01-16T08:57:22.712+0000][gc,heap     ] GC(522) Survivor regions: 4->5(7)
[2026-01-16T08:57:22.713+0000][gc,heap     ] GC(522) Old regions: 199->199
[2026-01-16T08:57:22.713+0000][gc,heap     ] GC(522) Humongous regions: 105->105
[2026-01-16T08:57:22.713+0000][gc,metaspace] GC(522) Metaspace: 12520K(12928K)->12520K(12928K) NonClass: 11426K(11584K)->11426K(11584K) Class: 1094K(1344K)->1094K(1344K)
[2026-01-16T08:57:22.713+0000][gc          ] GC(522) Pause Young (Normal) (G1 Evacuation Pause) 354M->308M(1024M) 205.056ms
[2026-01-16T08:57:22.713+0000][gc,cpu      ] GC(522) User=0.15s Sys=0.02s Real=0.20s
[2026-01-16T08:57:24.300+0000][gc,start    ] GC(523) Pause Young (Normal) (G1 Evacuation Pause)
[2026-01-16T08:57:24.303+0000][gc,task     ] GC(523) Using 8 workers of 8 for evacuation
[2026-01-16T08:57:24.521+0000][gc,mmu      ] GC(523) MMU target violated: 201.0ms (200.0ms/201.0ms)
[2026-01-16T08:57:24.532+0000][gc,phases   ] GC(523)   Pre Evacuate Collection Set: 22.5ms
[2026-01-16T08:57:24.535+0000][gc,phases   ] GC(523)   Merge Heap Roots: 0.8ms
[2026-01-16T08:57:24.535+0000][gc,phases   ] GC(523)   Evacuate Collection Set: 190.2ms
[2026-01-16T08:57:24.535+0000][gc,phases   ] GC(523)   Post Evacuate Collection Set: 3.4ms
[2026-01-16T08:57:24.536+0000][gc,phases   ] GC(523)   Other: 11.8ms
[2026-01-16T08:57:24.536+0000][gc,heap     ] GC(523) Eden regions: 46->0(46)
[2026-01-16T08:57:24.536+0000][gc,heap     ] GC(523) Survivor regions: 5->5(7)
[2026-01-16T08:57:24.537+0000][gc,heap     ] GC(523) Old regions: 199->200
[2026-01-16T08:57:24.537+0000][gc,heap     ] GC(523) Humongous regions: 105->105
[2026-01-16T08:57:24.540+0000][gc,metaspace] GC(523) Metaspace: 12521K(12928K)->12521K(12928K) NonClass: 11427K(11584K)->11427K(11584K) Class: 1094K(1344K)->1094K(1344K)
[2026-01-16T08:57:24.541+0000][gc          ] GC(523) Pause Young (Normal) (G1 Evacuation Pause) 354M->308M(1024M) 240.699ms
[2026-01-16T08:57:24.542+0000][gc,cpu      ] GC(523) User=0.15s Sys=0.02s Real=0.24s
[2026-01-16T08:57:25.335+0000][gc,start    ] GC(524) Pause Young (Normal) (G1 Evacuation Pause)
[2026-01-16T08:57:25.337+0000][gc,task     ] GC(524) Using 8 workers of 8 for evacuation
[2026-01-16T08:57:25.470+0000][gc,phases   ] GC(524)   Pre Evacuate Collection Set: 2.8ms
[2026-01-16T08:57:25.475+0000][gc,phases   ] GC(524)   Merge Heap Roots: 1.6ms
[2026-01-16T08:57:25.479+0000][gc,phases   ] GC(524)   Evacuate Collection Set: 123.0ms
[2026-01-16T08:57:25.479+0000][gc,phases   ] GC(524)   Post Evacuate Collection Set: 5.2ms
[2026-01-16T08:57:25.479+0000][gc,phases   ] GC(524)   Other: 0.8ms
[2026-01-16T08:57:25.479+0000][gc,heap     ] GC(524) Eden regions: 46->0(46)
[2026-01-16T08:57:25.479+0000][gc,heap     ] GC(524) Survivor regions: 5->5(7)
[2026-01-16T08:57:25.480+0000][gc,heap     ] GC(524) Old regions: 200->201
[2026-01-16T08:57:25.487+0000][gc,heap     ] GC(524) Humongous regions: 105->105
[2026-01-16T08:57:25.487+0000][gc,metaspace] GC(524) Metaspace: 12521K(12928K)->12521K(12928K) NonClass: 11427K(11584K)->11427K(11584K) Class: 1094K(1344K)->1094K(1344K)
[2026-01-16T08:57:25.488+0000][gc          ] GC(524) Pause Young (Normal) (G1 Evacuation Pause) 354M->309M(1024M) 153.171ms
[2026-01-16T08:57:25.488+0000][gc,cpu      ] GC(524) User=0.06s Sys=0.02s Real=0.16s
[2026-01-16T08:57:26.045+0000][gc,start    ] GC(525) Pause Young (Normal) (G1 Evacuation Pause)
[2026-01-16T08:57:26.050+0000][gc,task     ] GC(525) Using 8 workers of 8 for evacuation
[2026-01-16T08:57:26.286+0000][gc,mmu      ] GC(525) MMU target violated: 201.0ms (200.0ms/201.0ms)
[2026-01-16T08:57:26.291+0000][gc,phases   ] GC(525)   Pre Evacuate Collection Set: 12.2ms
[2026-01-16T08:57:26.293+0000][gc,phases   ] GC(525)   Merge Heap Roots: 0.8ms
[2026-01-16T08:57:26.295+0000][gc,phases   ] GC(525)   Evacuate Collection Set: 208.5ms
[2026-01-16T08:57:26.296+0000][gc,phases   ] GC(525)   Post Evacuate Collection Set: 12.9ms
[2026-01-16T08:57:26.297+0000][gc,phases   ] GC(525)   Other: 7.0ms
[2026-01-16T08:57:26.298+0000][gc,heap     ] GC(525) Eden regions: 46->0(47)
[2026-01-16T08:57:26.299+0000][gc,heap     ] GC(525) Survivor regions: 5->4(7)
[2026-01-16T08:57:26.300+0000][gc,heap     ] GC(525) Old regions: 201->201
[2026-01-16T08:57:26.301+0000][gc,heap     ] GC(525) Humongous regions: 105->105
[2026-01-16T08:57:26.303+0000][gc,metaspace] GC(525) Metaspace: 12522K(12928K)->12522K(12928K) NonClass: 11428K(11584K)->11428K(11584K) Class: 1094K(1344K)->1094K(1344K)
[2026-01-16T08:57:26.304+0000][gc          ] GC(525) Pause Young (Normal) (G1 Evacuation Pause) 355M->309M(1024M) 259.240ms
[2026-01-16T08:57:26.306+0000][gc,cpu      ] GC(525) User=0.10s Sys=0.02s Real=0.27s
[2026-01-16T08:57:28.304+0000][gc,start    ] GC(526) Pause Young (Normal) (G1 Evacuation Pause)
[2026-01-16T08:57:28.307+0000][gc,task     ] GC(526) Using 8 workers of 8 for evacuation
[2026-01-16T08:57:28.691+0000][gc,mmu      ] GC(526) MMU target violated: 201.0ms (200.0ms/201.0ms)
[2026-01-16T08:57:28.692+0000][gc,phases   ] GC(526)   Pre Evacuate Collection Set: 15.6ms
[2026-01-16T08:57:28.706+0000][gc,phases   ] GC(526)   Merge Heap Roots: 0.3ms
[2026-01-16T08:57:28.728+0000][gc,phases   ] GC(526)   Evacuate Collection Set: 363.7ms
[2026-01-16T08:57:28.728+0000][gc,phases   ] GC(526)   Post Evacuate Collection Set: 2.2ms
[2026-01-16T08:57:28.728+0000][gc,phases   ] GC(526)   Other: 3.6ms
[2026-01-16T08:57:28.728+0000][gc,heap     ] GC(526) Eden regions: 47->0(47)
[2026-01-16T08:57:28.732+0000][gc,heap     ] GC(526) Survivor regions: 4->4(7)
[2026-01-16T08:57:28.737+0000][gc,heap     ] GC(526) Old regions: 201->202
[2026-01-16T08:57:28.737+0000][gc,heap     ] GC(526) Humongous regions: 105->105
[2026-01-16T08:57:28.741+0000][gc,metaspace] GC(526) Metaspace: 12522K(12928K)->12522K(12928K) NonClass: 11428K(11584K)->11428K(11584K) Class: 1094K(1344K)->1094K(1344K)
[2026-01-16T08:57:28.743+0000][gc          ] GC(526) Pause Young (Normal) (G1 Evacuation Pause) 356M->310M(1024M) 439.154ms
[2026-01-16T08:57:28.753+0000][gc,cpu      ] GC(526) User=0.15s Sys=0.01s Real=0.45s
[2026-01-16T08:57:31.844+0000][gc,start    ] GC(527) Pause Young (Normal) (G1 Evacuation Pause)
[2026-01-16T08:57:31.865+0000][gc,task     ] GC(527) Using 8 workers of 8 for evacuation
[2026-01-16T08:57:32.426+0000][gc,mmu      ] GC(527) MMU target violated: 201.0ms (200.0ms/201.0ms)
[2026-01-16T08:57:32.427+0000][gc,phases   ] GC(527)   Pre Evacuate Collection Set: 88.3ms
[2026-01-16T08:57:32.428+0000][gc,phases   ] GC(527)   Merge Heap Roots: 1.0ms
[2026-01-16T08:57:32.429+0000][gc,phases   ] GC(527)   Evacuate Collection Set: 419.0ms
[2026-01-16T08:57:32.429+0000][gc,phases   ] GC(527)   Post Evacuate Collection Set: 48.5ms
[2026-01-16T08:57:32.434+0000][gc,phases   ] GC(527)   Other: 5.4ms
[2026-01-16T08:57:32.440+0000][gc,heap     ] GC(527) Eden regions: 47->0(46)
[2026-01-16T08:57:32.442+0000][gc,heap     ] GC(527) Survivor regions: 4->5(7)
[2026-01-16T08:57:32.444+0000][gc,heap     ] GC(527) Old regions: 202->202
[2026-01-16T08:57:32.446+0000][gc,heap     ] GC(527) Humongous regions: 105->105
[2026-01-16T08:57:32.447+0000][gc,metaspace] GC(527) Metaspace: 12524K(12928K)->12524K(12928K) NonClass: 11430K(11584K)->11430K(11584K) Class: 1094K(1344K)->1094K(1344K)
[2026-01-16T08:57:32.448+0000][gc          ] GC(527) Pause Young (Normal) (G1 Evacuation Pause) 357M->310M(1024M) 604.485ms
[2026-01-16T08:57:32.450+0000][gc,cpu      ] GC(527) User=0.37s Sys=0.03s Real=0.61s
[2026-01-16T08:57:36.472+0000][gc,start    ] GC(528) Pause Young (Normal) (G1 Evacuation Pause)
[2026-01-16T08:57:36.476+0000][gc,task     ] GC(528) Using 8 workers of 8 for evacuation
[2026-01-16T08:57:37.103+0000][gc,mmu      ] GC(528) MMU target violated: 201.0ms (200.0ms/201.0ms)
[2026-01-16T08:57:37.106+0000][gc,phases   ] GC(528)   Pre Evacuate Collection Set: 61.0ms
[2026-01-16T08:57:37.110+0000][gc,phases   ] GC(528)   Merge Heap Roots: 10.3ms
[2026-01-16T08:57:37.111+0000][gc,phases   ] GC(528)   Evacuate Collection Set: 529.7ms
[2026-01-16T08:57:37.112+0000][gc,phases   ] GC(528)   Post Evacuate Collection Set: 21.7ms
[2026-01-16T08:57:37.113+0000][gc,phases   ] GC(528)   Other: 6.7ms
[2026-01-16T08:57:37.115+0000][gc,heap     ] GC(528) Eden regions: 46->0(46)
[2026-01-16T08:57:37.117+0000][gc,heap     ] GC(528) Survivor regions: 5->5(7)
[2026-01-16T08:57:37.118+0000][gc,heap     ] GC(528) Old regions: 202->203
[2026-01-16T08:57:37.123+0000][gc,heap     ] GC(528) Humongous regions: 114->105
[2026-01-16T08:57:37.133+0000][gc,metaspace] GC(528) Metaspace: 12524K(12928K)->12524K(12928K) NonClass: 11430K(11584K)->11430K(11584K) Class: 1094K(1344K)->1094K(1344K)
[2026-01-16T08:57:37.133+0000][gc          ] GC(528) Pause Young (Normal) (G1 Evacuation Pause) 365M->311M(1024M) 661.545ms
[2026-01-16T08:57:37.134+0000][gc,cpu      ] GC(528) User=0.24s Sys=0.09s Real=0.66s
[2026-01-16T08:57:38.277+0000][gc,start    ] GC(529) Pause Young (Normal) (GCLocker Initiated GC)
[2026-01-16T08:57:38.278+0000][gc,task     ] GC(529) Using 8 workers of 8 for evacuation
[2026-01-16T08:57:38.584+0000][gc,mmu      ] GC(529) MMU target violated: 201.0ms (200.0ms/201.0ms)
[2026-01-16T08:57:38.586+0000][gc,phases   ] GC(529)   Pre Evacuate Collection Set: 24.8ms
[2026-01-16T08:57:38.588+0000][gc,phases   ] GC(529)   Merge Heap Roots: 0.9ms
[2026-01-16T08:57:38.589+0000][gc,phases   ] GC(529)   Evacuate Collection Set: 274.4ms
[2026-01-16T08:57:38.590+0000][gc,phases   ] GC(529)   Post Evacuate Collection Set: 3.0ms
[2026-01-16T08:57:38.590+0000][gc,phases   ] GC(529)   Other: 4.8ms
[2026-01-16T08:57:38.592+0000][gc,heap     ] GC(529) Eden regions: 48->0(46)
[2026-01-16T08:57:38.592+0000][gc,heap     ] GC(529) Survivor regions: 5->5(7)
[2026-01-16T08:57:38.593+0000][gc,heap     ] GC(529) Old regions: 203->203
[2026-01-16T08:57:38.594+0000][gc,heap     ] GC(529) Humongous regions: 105->105
[2026-01-16T08:57:38.595+0000][gc,metaspace] GC(529) Metaspace: 12524K(12928K)->12524K(12928K) NonClass: 11430K(11584K)->11430K(11584K) Class: 1094K(1344K)->1094K(1344K)
[2026-01-16T08:57:38.596+0000][gc          ] GC(529) Pause Young (Normal) (GCLocker Initiated GC) 358M->311M(1024M) 318.821ms
[2026-01-16T08:57:38.597+0000][gc,cpu      ] GC(529) User=0.17s Sys=0.01s Real=0.31s
[2026-01-16T08:57:39.613+0000][gc,start    ] GC(530) Pause Young (Normal) (G1 Evacuation Pause)
[2026-01-16T08:57:39.614+0000][gc,task     ] GC(530) Using 8 workers of 8 for evacuation
[2026-01-16T08:57:40.022+0000][gc,mmu      ] GC(530) MMU target violated: 201.0ms (200.0ms/201.0ms)
[2026-01-16T08:57:40.024+0000][gc,phases   ] GC(530)   Pre Evacuate Collection Set: 22.5ms
[2026-01-16T08:57:40.024+0000][gc,phases   ] GC(530)   Merge Heap Roots: 8.1ms
[2026-01-16T08:57:40.027+0000][gc,phases   ] GC(530)   Evacuate Collection Set: 340.1ms
[2026-01-16T08:57:40.028+0000][gc,phases   ] GC(530)   Post Evacuate Collection Set: 35.6ms
[2026-01-16T08:57:40.029+0000][gc,phases   ] GC(530)   Other: 3.1ms
[2026-01-16T08:57:40.030+0000][gc,heap     ] GC(530) Eden regions: 46->0(46)
[2026-01-16T08:57:40.031+0000][gc,heap     ] GC(530) Survivor regions: 5->5(7)
[2026-01-16T08:57:40.031+0000][gc,heap     ] GC(530) Old regions: 203->204
[2026-01-16T08:57:40.032+0000][gc,heap     ] GC(530) Humongous regions: 105->105
[2026-01-16T08:57:40.032+0000][gc,metaspace] GC(530) Metaspace: 12524K(12928K)->12524K(12928K) NonClass: 11430K(11584K)->11430K(11584K) Class: 1094K(1344K)->1094K(1344K)
[2026-01-16T08:57:40.033+0000][gc          ] GC(530) Pause Young (Normal) (G1 Evacuation Pause) 357M->312M(1024M) 419.784ms
[2026-01-16T08:57:40.034+0000][gc,cpu      ] GC(530) User=0.15s Sys=0.02s Real=0.42s
[2026-01-16T08:57:41.882+0000][gc,start    ] GC(531) Pause Young (Normal) (G1 Evacuation Pause)
[2026-01-16T08:57:41.896+0000][gc,task     ] GC(531) Using 8 workers of 8 for evacuation
[2026-01-16T08:57:42.440+0000][gc,mmu      ] GC(531) MMU target violated: 201.0ms (200.0ms/201.0ms)
[2026-01-16T08:57:42.441+0000][gc,phases   ] GC(531)   Pre Evacuate Collection Set: 77.9ms
[2026-01-16T08:57:42.441+0000][gc,phases   ] GC(531)   Merge Heap Roots: 4.5ms
[2026-01-16T08:57:42.442+0000][gc,phases   ] GC(531)   Evacuate Collection Set: 446.7ms
[2026-01-16T08:57:42.444+0000][gc,phases   ] GC(531)   Post Evacuate Collection Set: 12.0ms
[2026-01-16T08:57:42.444+0000][gc,phases   ] GC(531)   Other: 3.9ms
[2026-01-16T08:57:42.445+0000][gc,heap     ] GC(531) Eden regions: 46->0(46)
[2026-01-16T08:57:42.446+0000][gc,heap     ] GC(531) Survivor regions: 5->5(7)
[2026-01-16T08:57:42.447+0000][gc,heap     ] GC(531) Old regions: 204->204
[2026-01-16T08:57:42.447+0000][gc,heap     ] GC(531) Humongous regions: 105->105
[2026-01-16T08:57:42.450+0000][gc,metaspace] GC(531) Metaspace: 12525K(12928K)->12525K(12928K) NonClass: 11431K(11584K)->11431K(11584K) Class: 1094K(1344K)->1094K(1344K)
[2026-01-16T08:57:42.451+0000][gc          ] GC(531) Pause Young (Normal) (G1 Evacuation Pause) 358M->313M(1024M) 569.241ms
[2026-01-16T08:57:42.452+0000][gc,cpu      ] GC(531) User=0.25s Sys=0.02s Real=0.59s
[2026-01-16T08:57:43.484+0000][gc,start    ] GC(532) Pause Young (Normal) (G1 Evacuation Pause)
[2026-01-16T08:57:43.489+0000][gc,task     ] GC(532) Using 8 workers of 8 for evacuation
[2026-01-16T08:57:43.867+0000][gc,mmu      ] GC(532) MMU target violated: 201.0ms (200.0ms/201.0ms)
[2026-01-16T08:57:43.871+0000][gc,phases   ] GC(532)   Pre Evacuate Collection Set: 49.4ms
[2026-01-16T08:57:43.871+0000][gc,phases   ] GC(532)   Merge Heap Roots: 7.3ms
[2026-01-16T08:57:43.871+0000][gc,phases   ] GC(532)   Evacuate Collection Set: 301.4ms
[2026-01-16T08:57:43.872+0000][gc,phases   ] GC(532)   Post Evacuate Collection Set: 16.5ms
[2026-01-16T08:57:43.874+0000][gc,phases   ] GC(532)   Other: 7.3ms
[2026-01-16T08:57:43.878+0000][gc,heap     ] GC(532) Eden regions: 46->0(46)
[2026-01-16T08:57:43.879+0000][gc,heap     ] GC(532) Survivor regions: 5->5(7)
[2026-01-16T08:57:43.879+0000][gc,heap     ] GC(532) Old regions: 204->205
[2026-01-16T08:57:43.880+0000][gc,heap     ] GC(532) Humongous regions: 105->105
[2026-01-16T08:57:43.881+0000][gc,metaspace] GC(532) Metaspace: 12529K(12928K)->12529K(12928K) NonClass: 11435K(11584K)->11435K(11584K) Class: 1094K(1344K)->1094K(1344K)
[2026-01-16T08:57:43.883+0000][gc          ] GC(532) Pause Young (Normal) (G1 Evacuation Pause) 359M->314M(1024M) 398.350ms
[2026-01-16T08:57:43.884+0000][gc,cpu      ] GC(532) User=0.18s Sys=0.04s Real=0.40s
[2026-01-16T08:57:45.950+0000][gc,start    ] GC(533) Pause Young (Normal) (G1 Evacuation Pause)
[2026-01-16T08:57:45.955+0000][gc,task     ] GC(533) Using 8 workers of 8 for evacuation
[2026-01-16T08:57:46.278+0000][gc,mmu      ] GC(533) MMU target violated: 201.0ms (200.0ms/201.0ms)
[2026-01-16T08:57:46.305+0000][gc,phases   ] GC(533)   Pre Evacuate Collection Set: 34.8ms
[2026-01-16T08:57:46.307+0000][gc,phases   ] GC(533)   Merge Heap Roots: 8.5ms
[2026-01-16T08:57:46.322+0000][gc,phases   ] GC(533)   Evacuate Collection Set: 243.1ms
[2026-01-16T08:57:46.324+0000][gc,phases   ] GC(533)   Post Evacuate Collection Set: 26.8ms
[2026-01-16T08:57:46.324+0000][gc,phases   ] GC(533)   Other: 37.4ms
[2026-01-16T08:57:46.340+0000][gc,heap     ] GC(533) Eden regions: 46->0(47)
[2026-01-16T08:57:46.346+0000][gc,heap     ] GC(533) Survivor regions: 5->4(7)
[2026-01-16T08:57:46.348+0000][gc,heap     ] GC(533) Old regions: 205->206
[2026-01-16T08:57:46.349+0000][gc,heap     ] GC(533) Humongous regions: 105->105
[2026-01-16T08:57:46.350+0000][gc,metaspace] GC(533) Metaspace: 12532K(12928K)->12532K(12928K) NonClass: 11438K(11584K)->11438K(11584K) Class: 1094K(1344K)->1094K(1344K)
[2026-01-16T08:57:46.351+0000][gc          ] GC(533) Pause Young (Normal) (G1 Evacuation Pause) 360M->314M(1024M) 401.056ms
[2026-01-16T08:57:46.351+0000][gc,cpu      ] GC(533) User=0.13s Sys=0.01s Real=0.40s
[2026-01-16T08:57:48.108+0000][gc,start    ] GC(534) Pause Young (Normal) (G1 Evacuation Pause)
[2026-01-16T08:57:48.111+0000][gc,task     ] GC(534) Using 8 workers of 8 for evacuation
[2026-01-16T08:57:48.298+0000][gc,phases   ] GC(534)   Pre Evacuate Collection Set: 14.4ms
[2026-01-16T08:57:48.298+0000][gc,phases   ] GC(534)   Merge Heap Roots: 2.8ms
[2026-01-16T08:57:48.300+0000][gc,phases   ] GC(534)   Evacuate Collection Set: 160.1ms
[2026-01-16T08:57:48.300+0000][gc,phases   ] GC(534)   Post Evacuate Collection Set: 8.6ms
[2026-01-16T08:57:48.300+0000][gc,phases   ] GC(534)   Other: 1.3ms
[2026-01-16T08:57:48.300+0000][gc,heap     ] GC(534) Eden regions: 47->0(46)
[2026-01-16T08:57:48.300+0000][gc,heap     ] GC(534) Survivor regions: 4->5(7)
[2026-01-16T08:57:48.301+0000][gc,heap     ] GC(534) Old regions: 206->206
[2026-01-16T08:57:48.301+0000][gc,heap     ] GC(534) Humongous regions: 105->105
[2026-01-16T08:57:48.307+0000][gc,metaspace] GC(534) Metaspace: 12533K(12928K)->12533K(12928K) NonClass: 11439K(11584K)->11439K(11584K) Class: 1094K(1344K)->1094K(1344K)
[2026-01-16T08:57:48.309+0000][gc          ] GC(534) Pause Young (Normal) (G1 Evacuation Pause) 361M->315M(1024M) 201.081ms
[2026-01-16T08:57:48.310+0000][gc,cpu      ] GC(534) User=0.12s Sys=0.01s Real=0.20s
[2026-01-16T08:57:49.185+0000][gc,start    ] GC(535) Pause Young (Normal) (G1 Evacuation Pause)
[2026-01-16T08:57:49.186+0000][gc,task     ] GC(535) Using 8 workers of 8 for evacuation
[2026-01-16T08:57:49.331+0000][gc,phases   ] GC(535)   Pre Evacuate Collection Set: 7.5ms
[2026-01-16T08:57:49.332+0000][gc,phases   ] GC(535)   Merge Heap Roots: 0.3ms
[2026-01-16T08:57:49.332+0000][gc,phases   ] GC(535)   Evacuate Collection Set: 132.6ms
[2026-01-16T08:57:49.334+0000][gc,phases   ] GC(535)   Post Evacuate Collection Set: 4.3ms
[2026-01-16T08:57:49.334+0000][gc,phases   ] GC(535)   Other: 0.9ms
[2026-01-16T08:57:49.339+0000][gc,heap     ] GC(535) Eden regions: 46->0(46)
[2026-01-16T08:57:49.348+0000][gc,heap     ] GC(535) Survivor regions: 5->5(7)
[2026-01-16T08:57:49.348+0000][gc,heap     ] GC(535) Old regions: 206->207
[2026-01-16T08:57:49.348+0000][gc,heap     ] GC(535) Humongous regions: 105->105
[2026-01-16T08:57:49.349+0000][gc,metaspace] GC(535) Metaspace: 12535K(12928K)->12535K(12928K) NonClass: 11441K(11584K)->11441K(11584K) Class: 1094K(1344K)->1094K(1344K)
[2026-01-16T08:57:49.350+0000][gc          ] GC(535) Pause Young (Normal) (G1 Evacuation Pause) 361M->315M(1024M) 164.923ms
[2026-01-16T08:57:49.350+0000][gc,cpu      ] GC(535) User=0.09s Sys=0.00s Real=0.17s
[2026-01-16T08:57:50.491+0000][gc,start    ] GC(536) Pause Young (Normal) (G1 Evacuation Pause)
[2026-01-16T08:57:50.491+0000][gc,task     ] GC(536) Using 8 workers of 8 for evacuation
[2026-01-16T08:57:50.561+0000][gc,phases   ] GC(536)   Pre Evacuate Collection Set: 3.1ms
[2026-01-16T08:57:50.561+0000][gc,phases   ] GC(536)   Merge Heap Roots: 0.4ms
[2026-01-16T08:57:50.563+0000][gc,phases   ] GC(536)   Evacuate Collection Set: 64.9ms
[2026-01-16T08:57:50.563+0000][gc,phases   ] GC(536)   Post Evacuate Collection Set: 1.1ms
[2026-01-16T08:57:50.566+0000][gc,phases   ] GC(536)   Other: 0.4ms
[2026-01-16T08:57:50.568+0000][gc,heap     ] GC(536) Eden regions: 46->0(46)
[2026-01-16T08:57:50.569+0000][gc,heap     ] GC(536) Survivor regions: 5->5(7)
[2026-01-16T08:57:50.569+0000][gc,heap     ] GC(536) Old regions: 207->207
[2026-01-16T08:57:50.570+0000][gc,heap     ] GC(536) Humongous regions: 105->105
[2026-01-16T08:57:50.570+0000][gc,metaspace] GC(536) Metaspace: 12535K(12928K)->12535K(12928K) NonClass: 11441K(11584K)->11441K(11584K) Class: 1094K(1344K)->1094K(1344K)
[2026-01-16T08:57:50.572+0000][gc          ] GC(536) Pause Young (Normal) (G1 Evacuation Pause) 361M->316M(1024M) 80.953ms
[2026-01-16T08:57:50.572+0000][gc,cpu      ] GC(536) User=0.07s Sys=0.00s Real=0.08s
[2026-01-16T08:57:51.110+0000][gc,start    ] GC(537) Pause Young (Normal) (G1 Evacuation Pause)
[2026-01-16T08:57:51.110+0000][gc,task     ] GC(537) Using 8 workers of 8 for evacuation
[2026-01-16T08:57:51.193+0000][gc,phases   ] GC(537)   Pre Evacuate Collection Set: 4.2ms
[2026-01-16T08:57:51.194+0000][gc,phases   ] GC(537)   Merge Heap Roots: 0.4ms
[2026-01-16T08:57:51.194+0000][gc,phases   ] GC(537)   Evacuate Collection Set: 66.1ms
[2026-01-16T08:57:51.194+0000][gc,phases   ] GC(537)   Post Evacuate Collection Set: 11.8ms
[2026-01-16T08:57:51.194+0000][gc,phases   ] GC(537)   Other: 0.5ms
[2026-01-16T08:57:51.194+0000][gc,heap     ] GC(537) Eden regions: 46->0(46)
[2026-01-16T08:57:51.194+0000][gc,heap     ] GC(537) Survivor regions: 5->5(7)
[2026-01-16T08:57:51.195+0000][gc,heap     ] GC(537) Old regions: 207->208
[2026-01-16T08:57:51.195+0000][gc,heap     ] GC(537) Humongous regions: 105->105
[2026-01-16T08:57:51.195+0000][gc,metaspace] GC(537) Metaspace: 12541K(12992K)->12541K(12992K) NonClass: 11447K(11648K)->11447K(11648K) Class: 1094K(1344K)->1094K(1344K)
[2026-01-16T08:57:51.195+0000][gc          ] GC(537) Pause Young (Normal) (G1 Evacuation Pause) 362M->316M(1024M) 85.360ms
[2026-01-16T08:57:51.195+0000][gc,cpu      ] GC(537) User=0.08s Sys=0.01s Real=0.08s
[2026-01-16T08:57:52.791+0000][gc,start    ] GC(538) Pause Young (Normal) (G1 Evacuation Pause)
[2026-01-16T08:57:52.796+0000][gc,task     ] GC(538) Using 8 workers of 8 for evacuation
[2026-01-16T08:57:53.310+0000][gc,mmu      ] GC(538) MMU target violated: 201.0ms (200.0ms/201.0ms)
[2026-01-16T08:57:53.311+0000][gc,phases   ] GC(538)   Pre Evacuate Collection Set: 13.2ms
[2026-01-16T08:57:53.312+0000][gc,phases   ] GC(538)   Merge Heap Roots: 6.6ms
[2026-01-16T08:57:53.312+0000][gc,phases   ] GC(538)   Evacuate Collection Set: 446.2ms
[2026-01-16T08:57:53.313+0000][gc,phases   ] GC(538)   Post Evacuate Collection Set: 46.0ms
[2026-01-16T08:57:53.313+0000][gc,phases   ] GC(538)   Other: 3.4ms
[2026-01-16T08:57:53.314+0000][gc,heap     ] GC(538) Eden regions: 46->0(46)
[2026-01-16T08:57:53.314+0000][gc,heap     ] GC(538) Survivor regions: 5->5(7)
[2026-01-16T08:57:53.315+0000][gc,heap     ] GC(538) Old regions: 208->209
[2026-01-16T08:57:53.316+0000][gc,heap     ] GC(538) Humongous regions: 105->105
[2026-01-16T08:57:53.318+0000][gc,metaspace] GC(538) Metaspace: 12556K(12992K)->12556K(12992K) NonClass: 11462K(11648K)->11462K(11648K) Class: 1094K(1344K)->1094K(1344K)
[2026-01-16T08:57:53.319+0000][gc          ] GC(538) Pause Young (Normal) (G1 Evacuation Pause) 362M->317M(1024M) 527.508ms
[2026-01-16T08:57:53.321+0000][gc,cpu      ] GC(538) User=0.23s Sys=0.03s Real=0.53s
[2026-01-16T08:57:56.199+0000][gc,start    ] GC(539) Pause Young (Normal) (G1 Evacuation Pause)
[2026-01-16T08:57:56.199+0000][gc,task     ] GC(539) Using 8 workers of 8 for evacuation
[2026-01-16T08:57:56.379+0000][gc,phases   ] GC(539)   Pre Evacuate Collection Set: 25.9ms
[2026-01-16T08:57:56.384+0000][gc,phases   ] GC(539)   Merge Heap Roots: 0.4ms
[2026-01-16T08:57:56.385+0000][gc,phases   ] GC(539)   Evacuate Collection Set: 149.0ms
[2026-01-16T08:57:56.385+0000][gc,phases   ] GC(539)   Post Evacuate Collection Set: 4.2ms
[2026-01-16T08:57:56.385+0000][gc,phases   ] GC(539)   Other: 0.5ms
[2026-01-16T08:57:56.385+0000][gc,heap     ] GC(539) Eden regions: 46->0(46)
[2026-01-16T08:57:56.388+0000][gc,heap     ] GC(539) Survivor regions: 5->5(7)
[2026-01-16T08:57:56.388+0000][gc,heap     ] GC(539) Old regions: 209->209
[2026-01-16T08:57:56.388+0000][gc,heap     ] GC(539) Humongous regions: 105->105
[2026-01-16T08:57:56.388+0000][gc,metaspace] GC(539) Metaspace: 12561K(13056K)->12561K(13056K) NonClass: 11467K(11712K)->11467K(11712K) Class: 1094K(1344K)->1094K(1344K)
[2026-01-16T08:57:56.388+0000][gc          ] GC(539) Pause Young (Normal) (G1 Evacuation Pause) 363M->318M(1024M) 189.455ms
[2026-01-16T08:57:56.389+0000][gc,cpu      ] GC(539) User=0.20s Sys=0.00s Real=0.18s
[2026-01-16T08:57:59.592+0000][gc,start    ] GC(540) Pause Young (Normal) (G1 Evacuation Pause)
[2026-01-16T08:57:59.596+0000][gc,task     ] GC(540) Using 8 workers of 8 for evacuation
[2026-01-16T08:57:59.966+0000][gc,mmu      ] GC(540) MMU target violated: 201.0ms (200.0ms/201.0ms)
[2026-01-16T08:57:59.968+0000][gc,phases   ] GC(540)   Pre Evacuate Collection Set: 19.1ms
[2026-01-16T08:57:59.970+0000][gc,phases   ] GC(540)   Merge Heap Roots: 7.7ms
[2026-01-16T08:57:59.972+0000][gc,phases   ] GC(540)   Evacuate Collection Set: 324.7ms
[2026-01-16T08:57:59.973+0000][gc,phases   ] GC(540)   Post Evacuate Collection Set: 8.5ms
[2026-01-16T08:57:59.974+0000][gc,phases   ] GC(540)   Other: 12.4ms
[2026-01-16T08:57:59.975+0000][gc,heap     ] GC(540) Eden regions: 46->0(47)
[2026-01-16T08:57:59.975+0000][gc,heap     ] GC(540) Survivor regions: 5->4(7)
[2026-01-16T08:57:59.975+0000][gc,heap     ] GC(540) Old regions: 209->210
[2026-01-16T08:57:59.975+0000][gc,heap     ] GC(540) Humongous regions: 105->105
[2026-01-16T08:57:59.975+0000][gc,metaspace] GC(540) Metaspace: 12575K(13056K)->12575K(13056K) NonClass: 11481K(11712K)->11481K(11712K) Class: 1094K(1344K)->1094K(1344K)
[2026-01-16T08:57:59.976+0000][gc          ] GC(540) Pause Young (Normal) (G1 Evacuation Pause) 364M->318M(1024M) 383.481ms
[2026-01-16T08:57:59.976+0000][gc,cpu      ] GC(540) User=0.15s Sys=0.00s Real=0.39s
[2026-01-16T08:58:06.488+0000][gc,start    ] GC(541) Pause Young (Normal) (G1 Evacuation Pause)
[2026-01-16T08:58:06.501+0000][gc,task     ] GC(541) Using 8 workers of 8 for evacuation
[2026-01-16T08:58:07.414+0000][gc,mmu      ] GC(541) MMU target violated: 201.0ms (200.0ms/201.0ms)
[2026-01-16T08:58:07.416+0000][gc,phases   ] GC(541)   Pre Evacuate Collection Set: 14.2ms
[2026-01-16T08:58:07.416+0000][gc,phases   ] GC(541)   Merge Heap Roots: 5.6ms
[2026-01-16T08:58:07.416+0000][gc,phases   ] GC(541)   Evacuate Collection Set: 813.9ms
[2026-01-16T08:58:07.417+0000][gc,phases   ] GC(541)   Post Evacuate Collection Set: 76.9ms
[2026-01-16T08:58:07.417+0000][gc,phases   ] GC(541)   Other: 4.2ms
[2026-01-16T08:58:07.417+0000][gc,heap     ] GC(541) Eden regions: 47->0(46)
[2026-01-16T08:58:07.417+0000][gc,heap     ] GC(541) Survivor regions: 4->5(7)
[2026-01-16T08:58:07.418+0000][gc,heap     ] GC(541) Old regions: 210->211
[2026-01-16T08:58:07.418+0000][gc,heap     ] GC(541) Humongous regions: 105->105
[2026-01-16T08:58:07.418+0000][gc,metaspace] GC(541) Metaspace: 12590K(13056K)->12590K(13056K) NonClass: 11496K(11712K)->11496K(11712K) Class: 1094K(1344K)->1094K(1344K)
[2026-01-16T08:58:07.418+0000][gc          ] GC(541) Pause Young (Normal) (G1 Evacuation Pause) 365M->319M(1024M) 930.134ms
[2026-01-16T08:58:07.419+0000][gc,cpu      ] GC(541) User=0.41s Sys=0.07s Real=0.93s
[2026-01-16T08:58:10.678+0000][gc,start    ] GC(542) Pause Young (Normal) (G1 Evacuation Pause)
[2026-01-16T08:58:10.684+0000][gc,task     ] GC(542) Using 8 workers of 8 for evacuation
[2026-01-16T08:58:11.167+0000][gc,mmu      ] GC(542) MMU target violated: 201.0ms (200.0ms/201.0ms)
[2026-01-16T08:58:11.171+0000][gc,phases   ] GC(542)   Pre Evacuate Collection Set: 64.1ms
[2026-01-16T08:58:11.172+0000][gc,phases   ] GC(542)   Merge Heap Roots: 7.5ms
[2026-01-16T08:58:11.172+0000][gc,phases   ] GC(542)   Evacuate Collection Set: 390.5ms
[2026-01-16T08:58:11.173+0000][gc,phases   ] GC(542)   Post Evacuate Collection Set: 20.2ms
[2026-01-16T08:58:11.173+0000][gc,phases   ] GC(542)   Other: 5.2ms
[2026-01-16T08:58:11.173+0000][gc,heap     ] GC(542) Eden regions: 46->0(48)
[2026-01-16T08:58:11.174+0000][gc,heap     ] GC(542) Survivor regions: 5->3(7)
[2026-01-16T08:58:11.174+0000][gc,heap     ] GC(542) Old regions: 211->212
[2026-01-16T08:58:11.174+0000][gc,heap     ] GC(542) Humongous regions: 105->105
[2026-01-16T08:58:11.175+0000][gc,metaspace] GC(542) Metaspace: 12611K(13056K)->12611K(13056K) NonClass: 11516K(11712K)->11516K(11712K) Class: 1094K(1344K)->1094K(1344K)
[2026-01-16T08:58:11.175+0000][gc          ] GC(542) Pause Young (Normal) (G1 Evacuation Pause) 365M->318M(1024M) 496.910ms
[2026-01-16T08:58:11.176+0000][gc,cpu      ] GC(542) User=0.22s Sys=0.01s Real=0.49s
[2026-01-16T08:58:12.944+0000][gc,start    ] GC(543) Pause Young (Normal) (G1 Evacuation Pause)
[2026-01-16T08:58:12.945+0000][gc,task     ] GC(543) Using 8 workers of 8 for evacuation
[2026-01-16T08:58:13.262+0000][gc,mmu      ] GC(543) MMU target violated: 201.0ms (200.0ms/201.0ms)
[2026-01-16T08:58:13.262+0000][gc,phases   ] GC(543)   Pre Evacuate Collection Set: 4.9ms
[2026-01-16T08:58:13.263+0000][gc,phases   ] GC(543)   Merge Heap Roots: 6.9ms
[2026-01-16T08:58:13.263+0000][gc,phases   ] GC(543)   Evacuate Collection Set: 301.2ms
[2026-01-16T08:58:13.265+0000][gc,phases   ] GC(543)   Post Evacuate Collection Set: 3.3ms
[2026-01-16T08:58:13.265+0000][gc,phases   ] GC(543)   Other: 1.2ms
[2026-01-16T08:58:13.266+0000][gc,heap     ] GC(543) Eden regions: 48->0(47)
[2026-01-16T08:58:13.267+0000][gc,heap     ] GC(543) Survivor regions: 3->4(7)
[2026-01-16T08:58:13.273+0000][gc,heap     ] GC(543) Old regions: 212->212
[2026-01-16T08:58:13.273+0000][gc,heap     ] GC(543) Humongous regions: 105->105
[2026-01-16T08:58:13.274+0000][gc,metaspace] GC(543) Metaspace: 12611K(13056K)->12611K(13056K) NonClass: 11517K(11712K)->11517K(11712K) Class: 1094K(1344K)->1094K(1344K)
[2026-01-16T08:58:13.277+0000][gc          ] GC(543) Pause Young (Normal) (G1 Evacuation Pause) 366M->319M(1024M) 332.573ms
[2026-01-16T08:58:13.278+0000][gc,cpu      ] GC(543) User=0.18s Sys=0.01s Real=0.34s
[2026-01-16T08:58:16.383+0000][gc,start    ] GC(544) Pause Young (Normal) (G1 Evacuation Pause)
[2026-01-16T08:58:16.389+0000][gc,task     ] GC(544) Using 8 workers of 8 for evacuation
[2026-01-16T08:58:17.068+0000][gc,mmu      ] GC(544) MMU target violated: 201.0ms (200.0ms/201.0ms)
[2026-01-16T08:58:17.070+0000][gc,phases   ] GC(544)   Pre Evacuate Collection Set: 86.6ms
[2026-01-16T08:58:17.072+0000][gc,phases   ] GC(544)   Merge Heap Roots: 27.6ms
[2026-01-16T08:58:17.073+0000][gc,phases   ] GC(544)   Evacuate Collection Set: 519.1ms
[2026-01-16T08:58:17.075+0000][gc,phases   ] GC(544)   Post Evacuate Collection Set: 42.3ms
[2026-01-16T08:58:17.078+0000][gc,phases   ] GC(544)   Other: 4.8ms
[2026-01-16T08:58:17.078+0000][gc,heap     ] GC(544) Eden regions: 47->0(47)
[2026-01-16T08:58:17.086+0000][gc,heap     ] GC(544) Survivor regions: 4->4(7)
[2026-01-16T08:58:17.088+0000][gc,heap     ] GC(544) Old regions: 212->212
[2026-01-16T08:58:17.089+0000][gc,heap     ] GC(544) Humongous regions: 105->105
[2026-01-16T08:58:17.090+0000][gc,metaspace] GC(544) Metaspace: 12614K(13056K)->12614K(13056K) NonClass: 11520K(11712K)->11520K(11712K) Class: 1094K(1344K)->1094K(1344K)
[2026-01-16T08:58:17.095+0000][gc          ] GC(544) Pause Young (Normal) (G1 Evacuation Pause) 366M->320M(1024M) 712.195ms
[2026-01-16T08:58:17.110+0000][gc,cpu      ] GC(544) User=0.25s Sys=0.04s Real=0.73s
[2026-01-16T08:58:22.616+0000][gc,start    ] GC(545) Pause Young (Normal) (G1 Evacuation Pause)
[2026-01-16T08:58:22.624+0000][gc,task     ] GC(545) Using 8 workers of 8 for evacuation
[2026-01-16T08:58:23.414+0000][gc,mmu      ] GC(545) MMU target violated: 201.0ms (200.0ms/201.0ms)
[2026-01-16T08:58:23.418+0000][gc,phases   ] GC(545)   Pre Evacuate Collection Set: 76.8ms
[2026-01-16T08:58:23.419+0000][gc,phases   ] GC(545)   Merge Heap Roots: 9.8ms
[2026-01-16T08:58:23.420+0000][gc,phases   ] GC(545)   Evacuate Collection Set: 604.4ms
[2026-01-16T08:58:23.422+0000][gc,phases   ] GC(545)   Post Evacuate Collection Set: 95.9ms
[2026-01-16T08:58:23.423+0000][gc,phases   ] GC(545)   Other: 7.4ms
[2026-01-16T08:58:23.429+0000][gc,heap     ] GC(545) Eden regions: 47->0(48)
[2026-01-16T08:58:23.432+0000][gc,heap     ] GC(545) Survivor regions: 4->3(7)
[2026-01-16T08:58:23.433+0000][gc,heap     ] GC(545) Old regions: 212->212
[2026-01-16T08:58:23.434+0000][gc,heap     ] GC(545) Humongous regions: 105->105
[2026-01-16T08:58:23.438+0000][gc,metaspace] GC(545) Metaspace: 12617K(13056K)->12617K(13056K) NonClass: 11523K(11712K)->11523K(11712K) Class: 1094K(1344K)->1094K(1344K)
[2026-01-16T08:58:23.441+0000][gc          ] GC(545) Pause Young (Normal) (G1 Evacuation Pause) 367M->319M(1024M) 826.263ms
[2026-01-16T08:58:23.442+0000][gc,cpu      ] GC(545) User=0.46s Sys=0.09s Real=0.83s
[2026-01-16T08:58:29.176+0000][gc,start    ] GC(546) Pause Young (Normal) (G1 Evacuation Pause)
[2026-01-16T08:58:29.183+0000][gc,task     ] GC(546) Using 8 workers of 8 for evacuation
[2026-01-16T08:58:29.755+0000][gc,mmu      ] GC(546) MMU target violated: 201.0ms (200.0ms/201.0ms)
[2026-01-16T08:58:29.756+0000][gc,phases   ] GC(546)   Pre Evacuate Collection Set: 36.9ms
[2026-01-16T08:58:29.757+0000][gc,phases   ] GC(546)   Merge Heap Roots: 7.5ms
[2026-01-16T08:58:29.757+0000][gc,phases   ] GC(546)   Evacuate Collection Set: 511.8ms
[2026-01-16T08:58:29.757+0000][gc,phases   ] GC(546)   Post Evacuate Collection Set: 12.0ms
[2026-01-16T08:58:29.758+0000][gc,phases   ] GC(546)   Other: 6.4ms
[2026-01-16T08:58:29.758+0000][gc,heap     ] GC(546) Eden regions: 48->0(47)
[2026-01-16T08:58:29.759+0000][gc,heap     ] GC(546) Survivor regions: 3->4(7)
[2026-01-16T08:58:29.759+0000][gc,heap     ] GC(546) Old regions: 212->212
[2026-01-16T08:58:29.759+0000][gc,heap     ] GC(546) Humongous regions: 105->105
[2026-01-16T08:58:29.759+0000][gc,metaspace] GC(546) Metaspace: 12636K(13056K)->12636K(13056K) NonClass: 11542K(11712K)->11542K(11712K) Class: 1094K(1344K)->1094K(1344K)
[2026-01-16T08:58:29.760+0000][gc          ] GC(546) Pause Young (Normal) (G1 Evacuation Pause) 367M->320M(1024M) 583.278ms
[2026-01-16T08:58:29.761+0000][gc,cpu      ] GC(546) User=0.23s Sys=0.01s Real=0.59s
[2026-01-16T08:58:34.747+0000][gc,start    ] GC(547) Pause Young (Normal) (G1 Evacuation Pause)
[2026-01-16T08:58:34.756+0000][gc,task     ] GC(547) Using 8 workers of 8 for evacuation
[2026-01-16T08:58:35.906+0000][gc,mmu      ] GC(547) MMU target violated: 201.0ms (200.0ms/201.0ms)
[2026-01-16T08:58:35.916+0000][gc,phases   ] GC(547)   Pre Evacuate Collection Set: 157.1ms
[2026-01-16T08:58:35.917+0000][gc,phases   ] GC(547)   Merge Heap Roots: 58.6ms
[2026-01-16T08:58:35.918+0000][gc,phases   ] GC(547)   Evacuate Collection Set: 881.4ms
[2026-01-16T08:58:35.920+0000][gc,phases   ] GC(547)   Post Evacuate Collection Set: 49.7ms
[2026-01-16T08:58:35.925+0000][gc,phases   ] GC(547)   Other: 13.5ms
[2026-01-16T08:58:35.934+0000][gc,heap     ] GC(547) Eden regions: 47->0(47)
[2026-01-16T08:58:35.935+0000][gc,heap     ] GC(547) Survivor regions: 4->4(7)
[2026-01-16T08:58:35.935+0000][gc,heap     ] GC(547) Old regions: 212->212
[2026-01-16T08:58:35.937+0000][gc,heap     ] GC(547) Humongous regions: 105->105
[2026-01-16T08:58:35.941+0000][gc,metaspace] GC(547) Metaspace: 12662K(13120K)->12662K(13120K) NonClass: 11568K(11776K)->11568K(11776K) Class: 1094K(1344K)->1094K(1344K)
[2026-01-16T08:58:35.943+0000][gc          ] GC(547) Pause Young (Normal) (G1 Evacuation Pause) 367M->320M(1024M) 1196.475ms
[2026-01-16T08:58:35.950+0000][gc,cpu      ] GC(547) User=0.48s Sys=0.05s Real=1.20s
[2026-01-16T08:58:41.022+0000][gc,start    ] GC(548) Pause Young (Normal) (G1 Evacuation Pause)
[2026-01-16T08:58:41.023+0000][gc,task     ] GC(548) Using 8 workers of 8 for evacuation
[2026-01-16T08:58:41.566+0000][gc,mmu      ] GC(548) MMU target violated: 201.0ms (200.0ms/201.0ms)
[2026-01-16T08:58:41.569+0000][gc,phases   ] GC(548)   Pre Evacuate Collection Set: 40.2ms
[2026-01-16T08:58:41.569+0000][gc,phases   ] GC(548)   Merge Heap Roots: 4.9ms
[2026-01-16T08:58:41.569+0000][gc,phases   ] GC(548)   Evacuate Collection Set: 412.1ms
[2026-01-16T08:58:41.570+0000][gc,phases   ] GC(548)   Post Evacuate Collection Set: 85.3ms
[2026-01-16T08:58:41.570+0000][gc,phases   ] GC(548)   Other: 3.8ms
[2026-01-16T08:58:41.571+0000][gc,heap     ] GC(548) Eden regions: 47->0(47)
[2026-01-16T08:58:41.572+0000][gc,heap     ] GC(548) Survivor regions: 4->4(7)
[2026-01-16T08:58:41.573+0000][gc,heap     ] GC(548) Old regions: 212->212
[2026-01-16T08:58:41.578+0000][gc,heap     ] GC(548) Humongous regions: 105->105
[2026-01-16T08:58:41.578+0000][gc,metaspace] GC(548) Metaspace: 12691K(13120K)->12691K(13120K) NonClass: 11596K(11776K)->11596K(11776K) Class: 1094K(1344K)->1094K(1344K)
[2026-01-16T08:58:41.578+0000][gc          ] GC(548) Pause Young (Normal) (G1 Evacuation Pause) 367M->319M(1024M) 556.747ms
[2026-01-16T08:58:41.579+0000][gc,cpu      ] GC(548) User=0.25s Sys=0.01s Real=0.56s
[2026-01-16T08:58:43.182+0000][gc,start    ] GC(549) Pause Young (Normal) (G1 Evacuation Pause)
[2026-01-16T08:58:43.188+0000][gc,task     ] GC(549) Using 8 workers of 8 for evacuation
[2026-01-16T08:58:43.464+0000][gc,mmu      ] GC(549) MMU target violated: 201.0ms (200.0ms/201.0ms)
[2026-01-16T08:58:43.465+0000][gc,phases   ] GC(549)   Pre Evacuate Collection Set: 20.9ms
[2026-01-16T08:58:43.465+0000][gc,phases   ] GC(549)   Merge Heap Roots: 2.7ms
[2026-01-16T08:58:43.467+0000][gc,phases   ] GC(549)   Evacuate Collection Set: 243.6ms
[2026-01-16T08:58:43.467+0000][gc,phases   ] GC(549)   Post Evacuate Collection Set: 8.9ms
[2026-01-16T08:58:43.467+0000][gc,phases   ] GC(549)   Other: 0.8ms
[2026-01-16T08:58:43.470+0000][gc,heap     ] GC(549) Eden regions: 47->0(47)
[2026-01-16T08:58:43.471+0000][gc,heap     ] GC(549) Survivor regions: 4->4(7)
[2026-01-16T08:58:43.471+0000][gc,heap     ] GC(549) Old regions: 212->212
[2026-01-16T08:58:43.471+0000][gc,heap     ] GC(549) Humongous regions: 105->105
[2026-01-16T08:58:43.472+0000][gc,metaspace] GC(549) Metaspace: 12701K(13120K)->12701K(13120K) NonClass: 11607K(11776K)->11607K(11776K) Class: 1094K(1344K)->1094K(1344K)
[2026-01-16T08:58:43.472+0000][gc          ] GC(549) Pause Young (Normal) (G1 Evacuation Pause) 366M->320M(1024M) 290.320ms
[2026-01-16T08:58:43.474+0000][gc,cpu      ] GC(549) User=0.13s Sys=0.00s Real=0.30s
[2026-01-16T08:58:44.349+0000][gc,start    ] GC(550) Pause Young (Normal) (G1 Evacuation Pause)
[2026-01-16T08:58:44.355+0000][gc,task     ] GC(550) Using 8 workers of 8 for evacuation
[2026-01-16T08:58:44.612+0000][gc,mmu      ] GC(550) MMU target violated: 201.0ms (200.0ms/201.0ms)
[2026-01-16T08:58:44.614+0000][gc,phases   ] GC(550)   Pre Evacuate Collection Set: 16.8ms
[2026-01-16T08:58:44.614+0000][gc,phases   ] GC(550)   Merge Heap Roots: 3.1ms
[2026-01-16T08:58:44.615+0000][gc,phases   ] GC(550)   Evacuate Collection Set: 219.7ms
[2026-01-16T08:58:44.615+0000][gc,phases   ] GC(550)   Post Evacuate Collection Set: 9.9ms
[2026-01-16T08:58:44.616+0000][gc,phases   ] GC(550)   Other: 9.5ms
[2026-01-16T08:58:44.617+0000][gc,heap     ] GC(550) Eden regions: 47->0(46)
[2026-01-16T08:58:44.618+0000][gc,heap     ] GC(550) Survivor regions: 4->5(7)
[2026-01-16T08:58:44.618+0000][gc,heap     ] GC(550) Old regions: 212->212
[2026-01-16T08:58:44.618+0000][gc,heap     ] GC(550) Humongous regions: 105->105
[2026-01-16T08:58:44.618+0000][gc,metaspace] GC(550) Metaspace: 12706K(13120K)->12706K(13120K) NonClass: 11612K(11776K)->11612K(11776K) Class: 1094K(1344K)->1094K(1344K)
[2026-01-16T08:58:44.618+0000][gc          ] GC(550) Pause Young (Normal) (G1 Evacuation Pause) 367M->321M(1024M) 268.745ms
[2026-01-16T08:58:44.618+0000][gc,cpu      ] GC(550) User=0.10s Sys=0.00s Real=0.27s
[2026-01-16T08:58:46.193+0000][gc,start    ] GC(551) Pause Young (Normal) (G1 Evacuation Pause)
[2026-01-16T08:58:46.194+0000][gc,task     ] GC(551) Using 8 workers of 8 for evacuation
[2026-01-16T08:58:46.488+0000][gc,mmu      ] GC(551) MMU target violated: 201.0ms (200.0ms/201.0ms)
[2026-01-16T08:58:46.488+0000][gc,phases   ] GC(551)   Pre Evacuate Collection Set: 56.1ms
[2026-01-16T08:58:46.488+0000][gc,phases   ] GC(551)   Merge Heap Roots: 12.0ms
[2026-01-16T08:58:46.488+0000][gc,phases   ] GC(551)   Evacuate Collection Set: 215.2ms
[2026-01-16T08:58:46.489+0000][gc,phases   ] GC(551)   Post Evacuate Collection Set: 9.3ms
[2026-01-16T08:58:46.489+0000][gc,phases   ] GC(551)   Other: 1.1ms
[2026-01-16T08:58:46.489+0000][gc,heap     ] GC(551) Eden regions: 46->0(48)
[2026-01-16T08:58:46.490+0000][gc,heap     ] GC(551) Survivor regions: 5->3(7)
[2026-01-16T08:58:46.490+0000][gc,heap     ] GC(551) Old regions: 212->213
[2026-01-16T08:58:46.490+0000][gc,heap     ] GC(551) Humongous regions: 105->105
[2026-01-16T08:58:46.490+0000][gc,metaspace] GC(551) Metaspace: 12712K(13120K)->12712K(13120K) NonClass: 11618K(11776K)->11618K(11776K) Class: 1094K(1344K)->1094K(1344K)
[2026-01-16T08:58:46.492+0000][gc          ] GC(551) Pause Young (Normal) (G1 Evacuation Pause) 367M->320M(1024M) 298.265ms
[2026-01-16T08:58:46.494+0000][gc,cpu      ] GC(551) User=0.14s Sys=0.02s Real=0.30s
[2026-01-16T08:58:48.357+0000][gc,start    ] GC(552) Pause Young (Normal) (G1 Evacuation Pause)
[2026-01-16T08:58:48.359+0000][gc,task     ] GC(552) Using 8 workers of 8 for evacuation
[2026-01-16T08:58:48.524+0000][gc,phases   ] GC(552)   Pre Evacuate Collection Set: 16.8ms
[2026-01-16T08:58:48.548+0000][gc,phases   ] GC(552)   Merge Heap Roots: 4.2ms
[2026-01-16T08:58:48.550+0000][gc,phases   ] GC(552)   Evacuate Collection Set: 137.6ms
[2026-01-16T08:58:48.550+0000][gc,phases   ] GC(552)   Post Evacuate Collection Set: 3.1ms
[2026-01-16T08:58:48.550+0000][gc,phases   ] GC(552)   Other: 3.8ms
[2026-01-16T08:58:48.551+0000][gc,heap     ] GC(552) Eden regions: 48->0(49)
[2026-01-16T08:58:48.551+0000][gc,heap     ] GC(552) Survivor regions: 3->2(7)
[2026-01-16T08:58:48.556+0000][gc,heap     ] GC(552) Old regions: 213->213
[2026-01-16T08:58:48.556+0000][gc,heap     ] GC(552) Humongous regions: 105->105
[2026-01-16T08:58:48.557+0000][gc,metaspace] GC(552) Metaspace: 12712K(13120K)->12712K(13120K) NonClass: 11618K(11776K)->11618K(11776K) Class: 1094K(1344K)->1094K(1344K)
[2026-01-16T08:58:48.557+0000][gc          ] GC(552) Pause Young (Normal) (G1 Evacuation Pause) 368M->319M(1024M) 200.670ms
[2026-01-16T08:58:48.558+0000][gc,cpu      ] GC(552) User=0.13s Sys=0.01s Real=0.20s
[2026-01-16T08:58:51.114+0000][gc,start    ] GC(553) Pause Young (Normal) (G1 Evacuation Pause)
[2026-01-16T08:58:51.127+0000][gc,task     ] GC(553) Using 8 workers of 8 for evacuation
[2026-01-16T08:58:51.420+0000][gc,mmu      ] GC(553) MMU target violated: 201.0ms (200.0ms/201.0ms)
[2026-01-16T08:58:51.420+0000][gc,phases   ] GC(553)   Pre Evacuate Collection Set: 73.8ms
[2026-01-16T08:58:51.421+0000][gc,phases   ] GC(553)   Merge Heap Roots: 4.5ms
[2026-01-16T08:58:51.423+0000][gc,phases   ] GC(553)   Evacuate Collection Set: 203.6ms
[2026-01-16T08:58:51.425+0000][gc,phases   ] GC(553)   Post Evacuate Collection Set: 8.9ms
[2026-01-16T08:58:51.427+0000][gc,phases   ] GC(553)   Other: 2.7ms
[2026-01-16T08:58:51.427+0000][gc,heap     ] GC(553) Eden regions: 49->0(48)
[2026-01-16T08:58:51.428+0000][gc,heap     ] GC(553) Survivor regions: 2->3(7)
[2026-01-16T08:58:51.430+0000][gc,heap     ] GC(553) Old regions: 213->213
[2026-01-16T08:58:51.431+0000][gc,heap     ] GC(553) Humongous regions: 105->105
[2026-01-16T08:58:51.433+0000][gc,metaspace] GC(553) Metaspace: 12715K(13120K)->12715K(13120K) NonClass: 11621K(11776K)->11621K(11776K) Class: 1094K(1344K)->1094K(1344K)
[2026-01-16T08:58:51.435+0000][gc          ] GC(553) Pause Young (Normal) (G1 Evacuation Pause) 368M->320M(1024M) 320.769ms
[2026-01-16T08:58:51.435+0000][gc,cpu      ] GC(553) User=0.20s Sys=0.01s Real=0.32s
[2026-01-16T08:58:58.216+0000][gc,start    ] GC(554) Pause Young (Normal) (G1 Evacuation Pause)
[2026-01-16T08:58:58.220+0000][gc,task     ] GC(554) Using 8 workers of 8 for evacuation
[2026-01-16T08:58:58.557+0000][gc,mmu      ] GC(554) MMU target violated: 201.0ms (200.0ms/201.0ms)
[2026-01-16T08:58:58.559+0000][gc,phases   ] GC(554)   Pre Evacuate Collection Set: 21.6ms
[2026-01-16T08:58:58.560+0000][gc,phases   ] GC(554)   Merge Heap Roots: 7.5ms
[2026-01-16T08:58:58.577+0000][gc,phases   ] GC(554)   Evacuate Collection Set: 271.2ms
[2026-01-16T08:58:58.578+0000][gc,phases   ] GC(554)   Post Evacuate Collection Set: 34.0ms
[2026-01-16T08:58:58.578+0000][gc,phases   ] GC(554)   Other: 4.9ms
[2026-01-16T08:58:58.578+0000][gc,heap     ] GC(554) Eden regions: 48->0(49)
[2026-01-16T08:58:58.579+0000][gc,heap     ] GC(554) Survivor regions: 3->2(7)
[2026-01-16T08:58:58.579+0000][gc,heap     ] GC(554) Old regions: 213->213
[2026-01-16T08:58:58.580+0000][gc,heap     ] GC(554) Humongous regions: 105->105
[2026-01-16T08:58:58.580+0000][gc,metaspace] GC(554) Metaspace: 12717K(13120K)->12717K(13120K) NonClass: 11622K(11776K)->11622K(11776K) Class: 1094K(1344K)->1094K(1344K)
[2026-01-16T08:58:58.580+0000][gc          ] GC(554) Pause Young (Normal) (G1 Evacuation Pause) 368M->319M(1024M) 364.760ms
[2026-01-16T08:58:58.582+0000][gc,cpu      ] GC(554) User=0.21s Sys=0.02s Real=0.36s
[2026-01-16T08:59:08.466+0000][gc,start    ] GC(555) Pause Young (Normal) (G1 Evacuation Pause)
[2026-01-16T08:59:08.472+0000][gc,task     ] GC(555) Using 8 workers of 8 for evacuation
[2026-01-16T08:59:09.190+0000][gc,mmu      ] GC(555) MMU target violated: 201.0ms (200.0ms/201.0ms)
[2026-01-16T08:59:09.191+0000][gc,phases   ] GC(555)   Pre Evacuate Collection Set: 29.0ms
[2026-01-16T08:59:09.194+0000][gc,phases   ] GC(555)   Merge Heap Roots: 2.8ms
[2026-01-16T08:59:09.194+0000][gc,phases   ] GC(555)   Evacuate Collection Set: 659.4ms
[2026-01-16T08:59:09.195+0000][gc,phases   ] GC(555)   Post Evacuate Collection Set: 26.4ms
[2026-01-16T08:59:09.195+0000][gc,phases   ] GC(555)   Other: 2.3ms
[2026-01-16T08:59:09.195+0000][gc,heap     ] GC(555) Eden regions: 49->0(48)
[2026-01-16T08:59:09.213+0000][gc,heap     ] GC(555) Survivor regions: 2->3(7)
[2026-01-16T08:59:09.215+0000][gc,heap     ] GC(555) Old regions: 213->213
[2026-01-16T08:59:09.215+0000][gc,heap     ] GC(555) Humongous regions: 105->105
[2026-01-16T08:59:09.216+0000][gc,metaspace] GC(555) Metaspace: 12720K(13120K)->12720K(13120K) NonClass: 11625K(11776K)->11625K(11776K) Class: 1094K(1344K)->1094K(1344K)
[2026-01-16T08:59:09.217+0000][gc          ] GC(555) Pause Young (Normal) (G1 Evacuation Pause) 368M->320M(1024M) 750.270ms
[2026-01-16T08:59:09.225+0000][gc,cpu      ] GC(555) User=0.36s Sys=0.02s Real=0.76s
[2026-01-16T08:59:12.035+0000][gc,start    ] GC(556) Pause Young (Normal) (G1 Evacuation Pause)
[2026-01-16T08:59:12.039+0000][gc,task     ] GC(556) Using 8 workers of 8 for evacuation
[2026-01-16T08:59:12.700+0000][gc,mmu      ] GC(556) MMU target violated: 201.0ms (200.0ms/201.0ms)
[2026-01-16T08:59:12.705+0000][gc,phases   ] GC(556)   Pre Evacuate Collection Set: 99.7ms
[2026-01-16T08:59:12.706+0000][gc,phases   ] GC(556)   Merge Heap Roots: 7.0ms
[2026-01-16T08:59:12.707+0000][gc,phases   ] GC(556)   Evacuate Collection Set: 458.5ms
[2026-01-16T08:59:12.708+0000][gc,phases   ] GC(556)   Post Evacuate Collection Set: 86.4ms
[2026-01-16T08:59:12.708+0000][gc,phases   ] GC(556)   Other: 15.0ms
[2026-01-16T08:59:12.708+0000][gc,heap     ] GC(556) Eden regions: 48->0(48)
[2026-01-16T08:59:12.709+0000][gc,heap     ] GC(556) Survivor regions: 3->3(7)
[2026-01-16T08:59:12.711+0000][gc,heap     ] GC(556) Old regions: 213->213
[2026-01-16T08:59:12.711+0000][gc,heap     ] GC(556) Humongous regions: 105->105
[2026-01-16T08:59:12.711+0000][gc,metaspace] GC(556) Metaspace: 12737K(13120K)->12737K(13120K) NonClass: 11642K(11776K)->11642K(11776K) Class: 1094K(1344K)->1094K(1344K)
[2026-01-16T08:59:12.712+0000][gc          ] GC(556) Pause Young (Normal) (G1 Evacuation Pause) 368M->320M(1024M) 676.407ms
[2026-01-16T08:59:12.712+0000][gc,cpu      ] GC(556) User=0.48s Sys=0.05s Real=0.68s
[2026-01-16T08:59:17.614+0000][gc,start    ] GC(557) Pause Young (Normal) (G1 Evacuation Pause)
[2026-01-16T08:59:17.617+0000][gc,task     ] GC(557) Using 8 workers of 8 for evacuation
[2026-01-16T08:59:18.883+0000][gc,mmu      ] GC(557) MMU target violated: 201.0ms (200.0ms/201.0ms)
[2026-01-16T08:59:18.887+0000][gc,phases   ] GC(557)   Pre Evacuate Collection Set: 215.0ms
[2026-01-16T08:59:18.891+0000][gc,phases   ] GC(557)   Merge Heap Roots: 8.8ms
[2026-01-16T08:59:18.893+0000][gc,phases   ] GC(557)   Evacuate Collection Set: 1019.6ms
[2026-01-16T08:59:18.894+0000][gc,phases   ] GC(557)   Post Evacuate Collection Set: 20.4ms
[2026-01-16T08:59:18.894+0000][gc,phases   ] GC(557)   Other: 7.3ms
[2026-01-16T08:59:18.897+0000][gc,heap     ] GC(557) Eden regions: 48->0(49)
[2026-01-16T08:59:18.898+0000][gc,heap     ] GC(557) Survivor regions: 3->2(7)
[2026-01-16T08:59:18.898+0000][gc,heap     ] GC(557) Old regions: 213->214
[2026-01-16T08:59:18.898+0000][gc,heap     ] GC(557) Humongous regions: 105->105
[2026-01-16T08:59:18.900+0000][gc,metaspace] GC(557) Metaspace: 12738K(13120K)->12738K(13120K) NonClass: 11643K(11776K)->11643K(11776K) Class: 1094K(1344K)->1094K(1344K)
[2026-01-16T08:59:18.901+0000][gc          ] GC(557) Pause Young (Normal) (G1 Evacuation Pause) 368M->320M(1024M) 1286.948ms
[2026-01-16T08:59:18.901+0000][gc,cpu      ] GC(557) User=0.53s Sys=0.06s Real=1.29s
[2026-01-16T08:59:22.200+0000][gc,start    ] GC(558) Pause Young (Normal) (G1 Evacuation Pause)
[2026-01-16T08:59:22.202+0000][gc,task     ] GC(558) Using 8 workers of 8 for evacuation
[2026-01-16T08:59:22.508+0000][gc,mmu      ] GC(558) MMU target violated: 201.0ms (200.0ms/201.0ms)
[2026-01-16T08:59:22.509+0000][gc,phases   ] GC(558)   Pre Evacuate Collection Set: 20.2ms
[2026-01-16T08:59:22.511+0000][gc,phases   ] GC(558)   Merge Heap Roots: 2.2ms
[2026-01-16T08:59:22.515+0000][gc,phases   ] GC(558)   Evacuate Collection Set: 276.5ms
[2026-01-16T08:59:22.517+0000][gc,phases   ] GC(558)   Post Evacuate Collection Set: 6.4ms
[2026-01-16T08:59:22.518+0000][gc,phases   ] GC(558)   Other: 2.7ms
[2026-01-16T08:59:22.520+0000][gc,heap     ] GC(558) Eden regions: 49->0(48)
[2026-01-16T08:59:22.521+0000][gc,heap     ] GC(558) Survivor regions: 2->3(7)
[2026-01-16T08:59:22.521+0000][gc,heap     ] GC(558) Old regions: 214->214
[2026-01-16T08:59:22.522+0000][gc,heap     ] GC(558) Humongous regions: 105->105
[2026-01-16T08:59:22.523+0000][gc,metaspace] GC(558) Metaspace: 12738K(13120K)->12738K(13120K) NonClass: 11643K(11776K)->11643K(11776K) Class: 1094K(1344K)->1094K(1344K)
[2026-01-16T08:59:22.523+0000][gc          ] GC(558) Pause Young (Normal) (G1 Evacuation Pause) 369M->320M(1024M) 322.704ms
[2026-01-16T08:59:22.524+0000][gc,cpu      ] GC(558) User=0.23s Sys=0.02s Real=0.33s
[2026-01-16T08:59:24.186+0000][gc,start    ] GC(559) Pause Young (Normal) (G1 Evacuation Pause)
[2026-01-16T08:59:24.189+0000][gc,task     ] GC(559) Using 8 workers of 8 for evacuation
[2026-01-16T08:59:24.584+0000][gc,mmu      ] GC(559) MMU target violated: 201.0ms (200.0ms/201.0ms)
[2026-01-16T08:59:24.586+0000][gc,phases   ] GC(559)   Pre Evacuate Collection Set: 12.0ms
[2026-01-16T08:59:24.588+0000][gc,phases   ] GC(559)   Merge Heap Roots: 6.5ms
[2026-01-16T08:59:24.589+0000][gc,phases   ] GC(559)   Evacuate Collection Set: 352.6ms
[2026-01-16T08:59:24.592+0000][gc,phases   ] GC(559)   Post Evacuate Collection Set: 20.1ms
[2026-01-16T08:59:24.599+0000][gc,phases   ] GC(559)   Other: 7.2ms
[2026-01-16T08:59:24.602+0000][gc,heap     ] GC(559) Eden regions: 48->0(47)
[2026-01-16T08:59:24.603+0000][gc,heap     ] GC(559) Survivor regions: 3->4(7)
[2026-01-16T08:59:24.604+0000][gc,heap     ] GC(559) Old regions: 214->214
[2026-01-16T08:59:24.605+0000][gc,heap     ] GC(559) Humongous regions: 105->105
[2026-01-16T08:59:24.605+0000][gc,metaspace] GC(559) Metaspace: 12738K(13120K)->12738K(13120K) NonClass: 11643K(11776K)->11643K(11776K) Class: 1094K(1344K)->1094K(1344K)
[2026-01-16T08:59:24.615+0000][gc          ] GC(559) Pause Young (Normal) (G1 Evacuation Pause) 368M->321M(1024M) 428.480ms
[2026-01-16T08:59:24.617+0000][gc,cpu      ] GC(559) User=0.24s Sys=0.00s Real=0.43s
[2026-01-16T08:59:26.165+0000][gc,start    ] GC(560) Pause Young (Normal) (G1 Evacuation Pause)
[2026-01-16T08:59:26.169+0000][gc,task     ] GC(560) Using 8 workers of 8 for evacuation
[2026-01-16T08:59:26.448+0000][gc,mmu      ] GC(560) MMU target violated: 201.0ms (200.0ms/201.0ms)
[2026-01-16T08:59:26.448+0000][gc,phases   ] GC(560)   Pre Evacuate Collection Set: 24.5ms
[2026-01-16T08:59:26.448+0000][gc,phases   ] GC(560)   Merge Heap Roots: 1.4ms
[2026-01-16T08:59:26.449+0000][gc,phases   ] GC(560)   Evacuate Collection Set: 232.5ms
[2026-01-16T08:59:26.450+0000][gc,phases   ] GC(560)   Post Evacuate Collection Set: 18.0ms
[2026-01-16T08:59:26.450+0000][gc,phases   ] GC(560)   Other: 2.6ms
[2026-01-16T08:59:26.451+0000][gc,heap     ] GC(560) Eden regions: 47->0(47)
[2026-01-16T08:59:26.451+0000][gc,heap     ] GC(560) Survivor regions: 4->4(7)
[2026-01-16T08:59:26.452+0000][gc,heap     ] GC(560) Old regions: 214->214
[2026-01-16T08:59:26.452+0000][gc,heap     ] GC(560) Humongous regions: 105->105
[2026-01-16T08:59:26.452+0000][gc,metaspace] GC(560) Metaspace: 12738K(13120K)->12738K(13120K) NonClass: 11643K(11776K)->11643K(11776K) Class: 1094K(1344K)->1094K(1344K)
[2026-01-16T08:59:26.454+0000][gc          ] GC(560) Pause Young (Normal) (G1 Evacuation Pause) 368M->321M(1024M) 288.966ms
[2026-01-16T08:59:26.455+0000][gc,cpu      ] GC(560) User=0.15s Sys=0.01s Real=0.29s
[2026-01-16T08:59:34.208+0000][gc,start    ] GC(561) Pause Young (Normal) (G1 Evacuation Pause)
[2026-01-16T08:59:34.222+0000][gc,task     ] GC(561) Using 8 workers of 8 for evacuation
[2026-01-16T08:59:34.930+0000][gc,mmu      ] GC(561) MMU target violated: 201.0ms (200.0ms/201.0ms)
[2026-01-16T08:59:34.939+0000][gc,phases   ] GC(561)   Pre Evacuate Collection Set: 43.6ms
[2026-01-16T08:59:34.944+0000][gc,phases   ] GC(561)   Merge Heap Roots: 4.4ms
[2026-01-16T08:59:34.946+0000][gc,phases   ] GC(561)   Evacuate Collection Set: 637.1ms
[2026-01-16T08:59:34.947+0000][gc,phases   ] GC(561)   Post Evacuate Collection Set: 19.8ms
[2026-01-16T08:59:34.948+0000][gc,phases   ] GC(561)   Other: 14.2ms
[2026-01-16T08:59:34.949+0000][gc,heap     ] GC(561) Eden regions: 47->0(48)
[2026-01-16T08:59:34.952+0000][gc,heap     ] GC(561) Survivor regions: 4->3(7)
[2026-01-16T08:59:34.952+0000][gc,heap     ] GC(561) Old regions: 214->214
[2026-01-16T08:59:34.954+0000][gc,heap     ] GC(561) Humongous regions: 105->105
[2026-01-16T08:59:35.026+0000][gc,metaspace] GC(561) Metaspace: 12749K(13184K)->12749K(13184K) NonClass: 11654K(11840K)->11654K(11840K) Class: 1094K(1344K)->1094K(1344K)
[2026-01-16T08:59:35.027+0000][gc          ] GC(561) Pause Young (Normal) (G1 Evacuation Pause) 368M->321M(1024M) 819.130ms
[2026-01-16T08:59:35.029+0000][gc,cpu      ] GC(561) User=0.63s Sys=0.02s Real=0.82s
[2026-01-16T08:59:39.674+0000][gc,start    ] GC(562) Pause Young (Normal) (G1 Evacuation Pause)
[2026-01-16T08:59:39.684+0000][gc,task     ] GC(562) Using 8 workers of 8 for evacuation
[2026-01-16T08:59:40.850+0000][gc,mmu      ] GC(562) MMU target violated: 201.0ms (200.0ms/201.0ms)
[2026-01-16T08:59:40.852+0000][gc,phases   ] GC(562)   Pre Evacuate Collection Set: 101.0ms
[2026-01-16T08:59:40.855+0000][gc,phases   ] GC(562)   Merge Heap Roots: 3.5ms
[2026-01-16T08:59:40.876+0000][gc,phases   ] GC(562)   Evacuate Collection Set: 1007.2ms
[2026-01-16T08:59:40.877+0000][gc,phases   ] GC(562)   Post Evacuate Collection Set: 51.2ms
[2026-01-16T08:59:40.877+0000][gc,phases   ] GC(562)   Other: 4.5ms
[2026-01-16T08:59:40.877+0000][gc,heap     ] GC(562) Eden regions: 48->0(49)
[2026-01-16T08:59:40.877+0000][gc,heap     ] GC(562) Survivor regions: 3->2(7)
[2026-01-16T08:59:40.877+0000][gc,heap     ] GC(562) Old regions: 214->214
[2026-01-16T08:59:40.877+0000][gc,heap     ] GC(562) Humongous regions: 105->105
[2026-01-16T08:59:40.877+0000][gc,metaspace] GC(562) Metaspace: 12749K(13184K)->12749K(13184K) NonClass: 11654K(11840K)->11654K(11840K) Class: 1094K(1344K)->1094K(1344K)
[2026-01-16T08:59:40.879+0000][gc          ] GC(562) Pause Young (Normal) (G1 Evacuation Pause) 369M->320M(1024M) 1204.558ms
[2026-01-16T08:59:40.886+0000][gc,cpu      ] GC(562) User=0.52s Sys=0.03s Real=1.21s
[2026-01-16T08:59:44.370+0000][gc,start    ] GC(563) Pause Young (Normal) (G1 Evacuation Pause)
[2026-01-16T08:59:44.377+0000][gc,task     ] GC(563) Using 8 workers of 8 for evacuation
[2026-01-16T08:59:45.503+0000][gc,mmu      ] GC(563) MMU target violated: 201.0ms (200.0ms/201.0ms)
[2026-01-16T08:59:45.505+0000][gc,phases   ] GC(563)   Pre Evacuate Collection Set: 48.3ms
[2026-01-16T08:59:45.507+0000][gc,phases   ] GC(563)   Merge Heap Roots: 35.9ms
[2026-01-16T08:59:45.510+0000][gc,phases   ] GC(563)   Evacuate Collection Set: 989.6ms
[2026-01-16T08:59:45.513+0000][gc,phases   ] GC(563)   Post Evacuate Collection Set: 51.2ms
[2026-01-16T08:59:45.516+0000][gc,phases   ] GC(563)   Other: 3.3ms
[2026-01-16T08:59:45.516+0000][gc,heap     ] GC(563) Eden regions: 49->0(48)
[2026-01-16T08:59:45.518+0000][gc,heap     ] GC(563) Survivor regions: 2->3(7)
[2026-01-16T08:59:45.550+0000][gc,heap     ] GC(563) Old regions: 214->214
[2026-01-16T08:59:45.550+0000][gc,heap     ] GC(563) Humongous regions: 105->105
[2026-01-16T08:59:45.551+0000][gc,metaspace] GC(563) Metaspace: 12749K(13184K)->12749K(13184K) NonClass: 11654K(11840K)->11654K(11840K) Class: 1094K(1344K)->1094K(1344K)
[2026-01-16T08:59:45.555+0000][gc          ] GC(563) Pause Young (Normal) (G1 Evacuation Pause) 369M->320M(1024M) 1184.460ms
[2026-01-16T08:59:45.557+0000][gc,cpu      ] GC(563) User=0.43s Sys=0.04s Real=1.19s
[2026-01-16T08:59:48.636+0000][gc,start    ] GC(564) Pause Young (Normal) (G1 Evacuation Pause)
[2026-01-16T08:59:48.637+0000][gc,task     ] GC(564) Using 8 workers of 8 for evacuation
[2026-01-16T08:59:49.377+0000][gc,mmu      ] GC(564) MMU target violated: 201.0ms (200.0ms/201.0ms)
[2026-01-16T08:59:49.377+0000][gc,phases   ] GC(564)   Pre Evacuate Collection Set: 66.5ms
[2026-01-16T08:59:49.378+0000][gc,phases   ] GC(564)   Merge Heap Roots: 7.0ms
[2026-01-16T08:59:49.381+0000][gc,phases   ] GC(564)   Evacuate Collection Set: 645.1ms
[2026-01-16T08:59:49.382+0000][gc,phases   ] GC(564)   Post Evacuate Collection Set: 20.3ms
[2026-01-16T08:59:49.383+0000][gc,phases   ] GC(564)   Other: 1.6ms
[2026-01-16T08:59:49.383+0000][gc,heap     ] GC(564) Eden regions: 48->0(48)
[2026-01-16T08:59:49.384+0000][gc,heap     ] GC(564) Survivor regions: 3->3(7)
[2026-01-16T08:59:49.385+0000][gc,heap     ] GC(564) Old regions: 214->214
[2026-01-16T08:59:49.387+0000][gc,heap     ] GC(564) Humongous regions: 105->105
[2026-01-16T08:59:49.389+0000][gc,metaspace] GC(564) Metaspace: 12749K(13184K)->12749K(13184K) NonClass: 11654K(11840K)->11654K(11840K) Class: 1094K(1344K)->1094K(1344K)
[2026-01-16T08:59:49.390+0000][gc          ] GC(564) Pause Young (Normal) (G1 Evacuation Pause) 368M->321M(1024M) 754.083ms
[2026-01-16T08:59:49.391+0000][gc,cpu      ] GC(564) User=0.31s Sys=0.06s Real=0.75s
[2026-01-16T08:59:50.923+0000][gc,start    ] GC(565) Pause Young (Normal) (G1 Evacuation Pause)
[2026-01-16T08:59:50.924+0000][gc,task     ] GC(565) Using 8 workers of 8 for evacuation
[2026-01-16T08:59:51.298+0000][gc,mmu      ] GC(565) MMU target violated: 201.0ms (200.0ms/201.0ms)
[2026-01-16T08:59:51.299+0000][gc,phases   ] GC(565)   Pre Evacuate Collection Set: 18.4ms
[2026-01-16T08:59:51.299+0000][gc,phases   ] GC(565)   Merge Heap Roots: 4.6ms
[2026-01-16T08:59:51.299+0000][gc,phases   ] GC(565)   Evacuate Collection Set: 334.8ms
[2026-01-16T08:59:51.299+0000][gc,phases   ] GC(565)   Post Evacuate Collection Set: 14.7ms
[2026-01-16T08:59:51.300+0000][gc,phases   ] GC(565)   Other: 2.9ms
[2026-01-16T08:59:51.301+0000][gc,heap     ] GC(565) Eden regions: 48->0(48)
[2026-01-16T08:59:51.301+0000][gc,heap     ] GC(565) Survivor regions: 3->3(7)
[2026-01-16T08:59:51.302+0000][gc,heap     ] GC(565) Old regions: 214->214
[2026-01-16T08:59:51.302+0000][gc,heap     ] GC(565) Humongous regions: 105->105
[2026-01-16T08:59:51.303+0000][gc,metaspace] GC(565) Metaspace: 12749K(13184K)->12749K(13184K) NonClass: 11654K(11840K)->11654K(11840K) Class: 1094K(1344K)->1094K(1344K)
[2026-01-16T08:59:51.304+0000][gc          ] GC(565) Pause Young (Normal) (G1 Evacuation Pause) 369M->320M(1024M) 380.865ms
[2026-01-16T08:59:51.304+0000][gc,cpu      ] GC(565) User=0.24s Sys=0.02s Real=0.38s
[2026-01-16T08:59:52.055+0000][gc,start    ] GC(566) Pause Young (Normal) (G1 Evacuation Pause)
[2026-01-16T08:59:52.056+0000][gc,task     ] GC(566) Using 8 workers of 8 for evacuation
[2026-01-16T08:59:52.150+0000][gc,phases   ] GC(566)   Pre Evacuate Collection Set: 4.4ms
[2026-01-16T08:59:52.152+0000][gc,phases   ] GC(566)   Merge Heap Roots: 0.8ms
[2026-01-16T08:59:52.152+0000][gc,phases   ] GC(566)   Evacuate Collection Set: 87.5ms
[2026-01-16T08:59:52.152+0000][gc,phases   ] GC(566)   Post Evacuate Collection Set: 0.7ms
[2026-01-16T08:59:52.153+0000][gc,phases   ] GC(566)   Other: 1.1ms
[2026-01-16T08:59:52.153+0000][gc,heap     ] GC(566) Eden regions: 48->0(48)
[2026-01-16T08:59:52.154+0000][gc,heap     ] GC(566) Survivor regions: 3->3(7)
[2026-01-16T08:59:52.154+0000][gc,heap     ] GC(566) Old regions: 214->214
[2026-01-16T08:59:52.155+0000][gc,heap     ] GC(566) Humongous regions: 105->105
[2026-01-16T08:59:52.155+0000][gc,metaspace] GC(566) Metaspace: 12749K(13184K)->12749K(13184K) NonClass: 11654K(11840K)->11654K(11840K) Class: 1094K(1344K)->1094K(1344K)
[2026-01-16T08:59:52.156+0000][gc          ] GC(566) Pause Young (Normal) (G1 Evacuation Pause) 368M->321M(1024M) 101.255ms
[2026-01-16T08:59:52.157+0000][gc,cpu      ] GC(566) User=0.06s Sys=0.01s Real=0.10s
[2026-01-16T08:59:53.841+0000][gc,start    ] GC(567) Pause Young (Normal) (G1 Evacuation Pause)
[2026-01-16T08:59:53.845+0000][gc,task     ] GC(567) Using 8 workers of 8 for evacuation
[2026-01-16T08:59:54.517+0000][gc,mmu      ] GC(567) MMU target violated: 201.0ms (200.0ms/201.0ms)
[2026-01-16T08:59:54.519+0000][gc,phases   ] GC(567)   Pre Evacuate Collection Set: 100.9ms
[2026-01-16T08:59:54.522+0000][gc,phases   ] GC(567)   Merge Heap Roots: 14.7ms
[2026-01-16T08:59:54.523+0000][gc,phases   ] GC(567)   Evacuate Collection Set: 458.1ms
[2026-01-16T08:59:54.523+0000][gc,phases   ] GC(567)   Post Evacuate Collection Set: 43.2ms
[2026-01-16T08:59:54.523+0000][gc,phases   ] GC(567)   Other: 56.8ms
[2026-01-16T08:59:54.524+0000][gc,heap     ] GC(567) Eden regions: 48->0(49)
[2026-01-16T08:59:54.525+0000][gc,heap     ] GC(567) Survivor regions: 3->2(7)
[2026-01-16T08:59:54.525+0000][gc,heap     ] GC(567) Old regions: 214->214
[2026-01-16T08:59:54.525+0000][gc,heap     ] GC(567) Humongous regions: 105->105
[2026-01-16T08:59:54.526+0000][gc,metaspace] GC(567) Metaspace: 12749K(13184K)->12749K(13184K) NonClass: 11654K(11840K)->11654K(11840K) Class: 1094K(1344K)->1094K(1344K)
[2026-01-16T08:59:54.532+0000][gc          ] GC(567) Pause Young (Normal) (G1 Evacuation Pause) 369M->320M(1024M) 690.728ms
[2026-01-16T08:59:54.532+0000][gc,cpu      ] GC(567) User=0.32s Sys=0.03s Real=0.70s
[2026-01-16T08:59:57.202+0000][gc,start    ] GC(568) Pause Young (Normal) (G1 Evacuation Pause)
[2026-01-16T08:59:57.202+0000][gc,task     ] GC(568) Using 8 workers of 8 for evacuation
[2026-01-16T08:59:57.350+0000][gc,phases   ] GC(568)   Pre Evacuate Collection Set: 20.6ms
[2026-01-16T08:59:57.355+0000][gc,phases   ] GC(568)   Merge Heap Roots: 10.8ms
[2026-01-16T08:59:57.357+0000][gc,phases   ] GC(568)   Evacuate Collection Set: 112.2ms
[2026-01-16T08:59:57.357+0000][gc,phases   ] GC(568)   Post Evacuate Collection Set: 4.1ms
[2026-01-16T08:59:57.358+0000][gc,phases   ] GC(568)   Other: 0.5ms
[2026-01-16T08:59:57.359+0000][gc,heap     ] GC(568) Eden regions: 49->0(50)
[2026-01-16T08:59:57.363+0000][gc,heap     ] GC(568) Survivor regions: 2->1(7)
[2026-01-16T08:59:57.363+0000][gc,heap     ] GC(568) Old regions: 214->214
[2026-01-16T08:59:57.364+0000][gc,heap     ] GC(568) Humongous regions: 105->105
[2026-01-16T08:59:57.365+0000][gc,metaspace] GC(568) Metaspace: 12749K(13184K)->12749K(13184K) NonClass: 11654K(11840K)->11654K(11840K) Class: 1094K(1344K)->1094K(1344K)
[2026-01-16T08:59:57.366+0000][gc          ] GC(568) Pause Young (Normal) (G1 Evacuation Pause) 369M->319M(1024M) 164.132ms
[2026-01-16T08:59:57.366+0000][gc,cpu      ] GC(568) User=0.15s Sys=0.01s Real=0.17s
[2026-01-16T09:00:00.971+0000][gc,start    ] GC(569) Pause Young (Normal) (G1 Evacuation Pause)
[2026-01-16T09:00:00.977+0000][gc,task     ] GC(569) Using 8 workers of 8 for evacuation
[2026-01-16T09:00:01.685+0000][gc,mmu      ] GC(569) MMU target violated: 201.0ms (200.0ms/201.0ms)
[2026-01-16T09:00:01.687+0000][gc,phases   ] GC(569)   Pre Evacuate Collection Set: 58.3ms
[2026-01-16T09:00:01.687+0000][gc,phases   ] GC(569)   Merge Heap Roots: 5.9ms
[2026-01-16T09:00:01.687+0000][gc,phases   ] GC(569)   Evacuate Collection Set: 599.7ms
[2026-01-16T09:00:01.687+0000][gc,phases   ] GC(569)   Post Evacuate Collection Set: 37.7ms
[2026-01-16T09:00:01.687+0000][gc,phases   ] GC(569)   Other: 8.6ms
[2026-01-16T09:00:01.688+0000][gc,heap     ] GC(569) Eden regions: 50->0(49)
[2026-01-16T09:00:01.688+0000][gc,heap     ] GC(569) Survivor regions: 1->2(7)
[2026-01-16T09:00:01.688+0000][gc,heap     ] GC(569) Old regions: 214->214
[2026-01-16T09:00:01.689+0000][gc,heap     ] GC(569) Humongous regions: 105->105
[2026-01-16T09:00:01.690+0000][gc,metaspace] GC(569) Metaspace: 12749K(13184K)->12749K(13184K) NonClass: 11654K(11840K)->11654K(11840K) Class: 1094K(1344K)->1094K(1344K)
[2026-01-16T09:00:01.690+0000][gc          ] GC(569) Pause Young (Normal) (G1 Evacuation Pause) 369M->320M(1024M) 720.058ms
[2026-01-16T09:00:01.691+0000][gc,cpu      ] GC(569) User=0.26s Sys=0.02s Real=0.72s
[2026-01-16T09:00:04.204+0000][gc,start    ] GC(570) Pause Young (Normal) (G1 Evacuation Pause)
[2026-01-16T09:00:04.209+0000][gc,task     ] GC(570) Using 8 workers of 8 for evacuation
[2026-01-16T09:00:04.355+0000][gc,phases   ] GC(570)   Pre Evacuate Collection Set: 9.8ms
[2026-01-16T09:00:04.356+0000][gc,phases   ] GC(570)   Merge Heap Roots: 0.6ms
[2026-01-16T09:00:04.357+0000][gc,phases   ] GC(570)   Evacuate Collection Set: 129.7ms
[2026-01-16T09:00:04.357+0000][gc,phases   ] GC(570)   Post Evacuate Collection Set: 3.8ms
[2026-01-16T09:00:04.358+0000][gc,phases   ] GC(570)   Other: 3.2ms
[2026-01-16T09:00:04.359+0000][gc,heap     ] GC(570) Eden regions: 49->0(50)
[2026-01-16T09:00:04.360+0000][gc,heap     ] GC(570) Survivor regions: 2->1(7)
[2026-01-16T09:00:04.360+0000][gc,heap     ] GC(570) Old regions: 214->214
[2026-01-16T09:00:04.360+0000][gc,heap     ] GC(570) Humongous regions: 105->105
[2026-01-16T09:00:04.361+0000][gc,metaspace] GC(570) Metaspace: 12749K(13184K)->12749K(13184K) NonClass: 11654K(11840K)->11654K(11840K) Class: 1094K(1344K)->1094K(1344K)
[2026-01-16T09:00:04.361+0000][gc          ] GC(570) Pause Young (Normal) (G1 Evacuation Pause) 369M->319M(1024M) 157.526ms
[2026-01-16T09:00:04.366+0000][gc,cpu      ] GC(570) User=0.10s Sys=0.00s Real=0.16s
[2026-01-16T09:00:06.115+0000][gc,start    ] GC(571) Pause Young (Normal) (G1 Evacuation Pause)
[2026-01-16T09:00:06.119+0000][gc,task     ] GC(571) Using 8 workers of 8 for evacuation
[2026-01-16T09:00:06.210+0000][gc,phases   ] GC(571)   Pre Evacuate Collection Set: 23.8ms
[2026-01-16T09:00:06.210+0000][gc,phases   ] GC(571)   Merge Heap Roots: 0.7ms
[2026-01-16T09:00:06.211+0000][gc,phases   ] GC(571)   Evacuate Collection Set: 59.3ms
[2026-01-16T09:00:06.211+0000][gc,phases   ] GC(571)   Post Evacuate Collection Set: 2.9ms
[2026-01-16T09:00:06.212+0000][gc,phases   ] GC(571)   Other: 4.2ms
[2026-01-16T09:00:06.212+0000][gc,heap     ] GC(571) Eden regions: 50->0(49)
[2026-01-16T09:00:06.212+0000][gc,heap     ] GC(571) Survivor regions: 1->2(7)
[2026-01-16T09:00:06.212+0000][gc,heap     ] GC(571) Old regions: 214->214
[2026-01-16T09:00:06.213+0000][gc,heap     ] GC(571) Humongous regions: 105->105
[2026-01-16T09:00:06.213+0000][gc,metaspace] GC(571) Metaspace: 12749K(13184K)->12749K(13184K) NonClass: 11654K(11840K)->11654K(11840K) Class: 1094K(1344K)->1094K(1344K)
[2026-01-16T09:00:06.214+0000][gc          ] GC(571) Pause Young (Normal) (G1 Evacuation Pause) 369M->320M(1024M) 98.922ms
[2026-01-16T09:00:06.214+0000][gc,cpu      ] GC(571) User=0.08s Sys=0.00s Real=0.10s
[2026-01-16T09:00:09.466+0000][gc,start    ] GC(572) Pause Young (Normal) (G1 Evacuation Pause)
[2026-01-16T09:00:09.471+0000][gc,task     ] GC(572) Using 8 workers of 8 for evacuation
[2026-01-16T09:00:09.630+0000][gc,phases   ] GC(572)   Pre Evacuate Collection Set: 30.6ms
[2026-01-16T09:00:09.632+0000][gc,phases   ] GC(572)   Merge Heap Roots: 8.9ms
[2026-01-16T09:00:09.634+0000][gc,phases   ] GC(572)   Evacuate Collection Set: 105.5ms
[2026-01-16T09:00:09.635+0000][gc,phases   ] GC(572)   Post Evacuate Collection Set: 10.0ms
[2026-01-16T09:00:09.635+0000][gc,phases   ] GC(572)   Other: 3.8ms
[2026-01-16T09:00:09.636+0000][gc,heap     ] GC(572) Eden regions: 49->0(50)
[2026-01-16T09:00:09.636+0000][gc,heap     ] GC(572) Survivor regions: 2->1(7)
[2026-01-16T09:00:09.637+0000][gc,heap     ] GC(572) Old regions: 214->214
[2026-01-16T09:00:09.637+0000][gc,heap     ] GC(572) Humongous regions: 105->105
[2026-01-16T09:00:09.638+0000][gc,metaspace] GC(572) Metaspace: 12749K(13184K)->12749K(13184K) NonClass: 11654K(11840K)->11654K(11840K) Class: 1094K(1344K)->1094K(1344K)
[2026-01-16T09:00:09.638+0000][gc          ] GC(572) Pause Young (Normal) (G1 Evacuation Pause) 369M->319M(1024M) 172.470ms
[2026-01-16T09:00:09.639+0000][gc,cpu      ] GC(572) User=0.09s Sys=0.00s Real=0.18s
[2026-01-16T09:00:16.563+0000][gc,start    ] GC(573) Pause Young (Normal) (G1 Evacuation Pause)
[2026-01-16T09:00:16.568+0000][gc,task     ] GC(573) Using 8 workers of 8 for evacuation
[2026-01-16T09:00:16.936+0000][gc,mmu      ] GC(573) MMU target violated: 201.0ms (200.0ms/201.0ms)
[2026-01-16T09:00:16.941+0000][gc,phases   ] GC(573)   Pre Evacuate Collection Set: 44.3ms
[2026-01-16T09:00:16.942+0000][gc,phases   ] GC(573)   Merge Heap Roots: 14.7ms
[2026-01-16T09:00:16.945+0000][gc,phases   ] GC(573)   Evacuate Collection Set: 298.3ms
[2026-01-16T09:00:16.946+0000][gc,phases   ] GC(573)   Post Evacuate Collection Set: 9.8ms
[2026-01-16T09:00:16.948+0000][gc,phases   ] GC(573)   Other: 5.9ms
[2026-01-16T09:00:16.950+0000][gc,heap     ] GC(573) Eden regions: 78->0(49)
[2026-01-16T09:00:16.951+0000][gc,heap     ] GC(573) Survivor regions: 1->2(10)
[2026-01-16T09:00:16.951+0000][gc,heap     ] GC(573) Old regions: 214->214
[2026-01-16T09:00:16.952+0000][gc,heap     ] GC(573) Humongous regions: 105->105
[2026-01-16T09:00:16.952+0000][gc,metaspace] GC(573) Metaspace: 12749K(13184K)->12749K(13184K) NonClass: 11654K(11840K)->11654K(11840K) Class: 1094K(1344K)->1094K(1344K)
[2026-01-16T09:00:16.955+0000][gc          ] GC(573) Pause Young (Normal) (G1 Evacuation Pause) 397M->320M(1024M) 391.962ms
[2026-01-16T09:00:16.956+0000][gc,cpu      ] GC(573) User=0.27s Sys=0.01s Real=0.39s
[2026-01-16T09:00:21.914+0000][gc,start    ] GC(574) Pause Young (Normal) (G1 Evacuation Pause)
[2026-01-16T09:00:21.918+0000][gc,task     ] GC(574) Using 8 workers of 8 for evacuation
[2026-01-16T09:00:22.448+0000][gc,mmu      ] GC(574) MMU target violated: 201.0ms (200.0ms/201.0ms)
[2026-01-16T09:00:22.461+0000][gc,phases   ] GC(574)   Pre Evacuate Collection Set: 45.9ms
[2026-01-16T09:00:22.464+0000][gc,phases   ] GC(574)   Merge Heap Roots: 10.1ms
[2026-01-16T09:00:22.465+0000][gc,phases   ] GC(574)   Evacuate Collection Set: 433.1ms
[2026-01-16T09:00:22.468+0000][gc,phases   ] GC(574)   Post Evacuate Collection Set: 39.6ms
[2026-01-16T09:00:22.472+0000][gc,phases   ] GC(574)   Other: 14.9ms
[2026-01-16T09:00:22.473+0000][gc,heap     ] GC(574) Eden regions: 49->0(50)
[2026-01-16T09:00:22.473+0000][gc,heap     ] GC(574) Survivor regions: 2->1(7)
[2026-01-16T09:00:22.473+0000][gc,heap     ] GC(574) Old regions: 214->215
[2026-01-16T09:00:22.474+0000][gc,heap     ] GC(574) Humongous regions: 105->105
[2026-01-16T09:00:22.474+0000][gc,metaspace] GC(574) Metaspace: 12749K(13184K)->12749K(13184K) NonClass: 11654K(11840K)->11654K(11840K) Class: 1094K(1344K)->1094K(1344K)
[2026-01-16T09:00:22.476+0000][gc          ] GC(574) Pause Young (Normal) (G1 Evacuation Pause) 369M->319M(1024M) 562.200ms
[2026-01-16T09:00:22.477+0000][gc,cpu      ] GC(574) User=0.23s Sys=0.03s Real=0.56s
[2026-01-16T09:00:27.734+0000][gc,start    ] GC(575) Pause Young (Normal) (G1 Evacuation Pause)
[2026-01-16T09:00:27.736+0000][gc,task     ] GC(575) Using 8 workers of 8 for evacuation
[2026-01-16T09:00:28.020+0000][gc,mmu      ] GC(575) MMU target violated: 201.0ms (200.0ms/201.0ms)
[2026-01-16T09:00:28.021+0000][gc,phases   ] GC(575)   Pre Evacuate Collection Set: 60.0ms
[2026-01-16T09:00:28.021+0000][gc,phases   ] GC(575)   Merge Heap Roots: 6.4ms
[2026-01-16T09:00:28.022+0000][gc,phases   ] GC(575)   Evacuate Collection Set: 195.5ms
[2026-01-16T09:00:28.022+0000][gc,phases   ] GC(575)   Post Evacuate Collection Set: 21.6ms
[2026-01-16T09:00:28.023+0000][gc,phases   ] GC(575)   Other: 2.1ms
[2026-01-16T09:00:28.023+0000][gc,heap     ] GC(575) Eden regions: 50->0(49)
[2026-01-16T09:00:28.023+0000][gc,heap     ] GC(575) Survivor regions: 1->2(7)
[2026-01-16T09:00:28.024+0000][gc,heap     ] GC(575) Old regions: 215->215
[2026-01-16T09:00:28.024+0000][gc,heap     ] GC(575) Humongous regions: 105->105
[2026-01-16T09:00:28.024+0000][gc,metaspace] GC(575) Metaspace: 12749K(13184K)->12749K(13184K) NonClass: 11654K(11840K)->11654K(11840K) Class: 1094K(1344K)->1094K(1344K)
[2026-01-16T09:00:28.025+0000][gc          ] GC(575) Pause Young (Normal) (G1 Evacuation Pause) 369M->320M(1024M) 290.945ms
[2026-01-16T09:00:28.025+0000][gc,cpu      ] GC(575) User=0.19s Sys=0.01s Real=0.29s
[2026-01-16T09:00:29.989+0000][gc,start    ] GC(576) Pause Young (Normal) (G1 Evacuation Pause)
[2026-01-16T09:00:29.993+0000][gc,task     ] GC(576) Using 8 workers of 8 for evacuation
[2026-01-16T09:00:30.143+0000][gc,phases   ] GC(576)   Pre Evacuate Collection Set: 38.8ms
[2026-01-16T09:00:30.148+0000][gc,phases   ] GC(576)   Merge Heap Roots: 9.6ms
[2026-01-16T09:00:30.152+0000][gc,phases   ] GC(576)   Evacuate Collection Set: 98.0ms
[2026-01-16T09:00:30.153+0000][gc,phases   ] GC(576)   Post Evacuate Collection Set: 2.6ms
[2026-01-16T09:00:30.156+0000][gc,phases   ] GC(576)   Other: 1.5ms
[2026-01-16T09:00:30.157+0000][gc,heap     ] GC(576) Eden regions: 49->0(50)
[2026-01-16T09:00:30.157+0000][gc,heap     ] GC(576) Survivor regions: 2->1(7)
[2026-01-16T09:00:30.157+0000][gc,heap     ] GC(576) Old regions: 215->215
[2026-01-16T09:00:30.157+0000][gc,heap     ] GC(576) Humongous regions: 105->105
[2026-01-16T09:00:30.158+0000][gc,metaspace] GC(576) Metaspace: 12749K(13184K)->12749K(13184K) NonClass: 11654K(11840K)->11654K(11840K) Class: 1094K(1344K)->1094K(1344K)
[2026-01-16T09:00:30.158+0000][gc          ] GC(576) Pause Young (Normal) (G1 Evacuation Pause) 369M->319M(1024M) 169.028ms
[2026-01-16T09:00:30.159+0000][gc,cpu      ] GC(576) User=0.05s Sys=0.00s Real=0.17s
[2026-01-16T09:00:35.176+0000][gc,start    ] GC(577) Pause Young (Normal) (G1 Evacuation Pause)
[2026-01-16T09:00:35.180+0000][gc,task     ] GC(577) Using 8 workers of 8 for evacuation
[2026-01-16T09:00:35.814+0000][gc,mmu      ] GC(577) MMU target violated: 201.0ms (200.0ms/201.0ms)
[2026-01-16T09:00:35.815+0000][gc,phases   ] GC(577)   Pre Evacuate Collection Set: 40.8ms
[2026-01-16T09:00:35.815+0000][gc,phases   ] GC(577)   Merge Heap Roots: 12.1ms
[2026-01-16T09:00:35.817+0000][gc,phases   ] GC(577)   Evacuate Collection Set: 535.4ms
[2026-01-16T09:00:35.819+0000][gc,phases   ] GC(577)   Post Evacuate Collection Set: 39.9ms
[2026-01-16T09:00:35.820+0000][gc,phases   ] GC(577)   Other: 7.9ms
[2026-01-16T09:00:35.820+0000][gc,heap     ] GC(577) Eden regions: 51->0(50)
[2026-01-16T09:00:35.821+0000][gc,heap     ] GC(577) Survivor regions: 1->1(7)
[2026-01-16T09:00:35.822+0000][gc,heap     ] GC(577) Old regions: 215->215
[2026-01-16T09:00:35.823+0000][gc,heap     ] GC(577) Humongous regions: 105->105
[2026-01-16T09:00:35.823+0000][gc,metaspace] GC(577) Metaspace: 12749K(13184K)->12749K(13184K) NonClass: 11654K(11840K)->11654K(11840K) Class: 1094K(1344K)->1094K(1344K)
[2026-01-16T09:00:35.826+0000][gc          ] GC(577) Pause Young (Normal) (G1 Evacuation Pause) 370M->319M(1024M) 649.950ms
[2026-01-16T09:00:35.828+0000][gc,cpu      ] GC(577) User=0.31s Sys=0.02s Real=0.66s
[2026-01-16T09:00:39.471+0000][gc,start    ] GC(578) Pause Young (Normal) (G1 Evacuation Pause)
[2026-01-16T09:00:39.480+0000][gc,task     ] GC(578) Using 8 workers of 8 for evacuation
[2026-01-16T09:00:39.852+0000][gc,mmu      ] GC(578) MMU target violated: 201.0ms (200.0ms/201.0ms)
[2026-01-16T09:00:39.852+0000][gc,phases   ] GC(578)   Pre Evacuate Collection Set: 169.4ms
[2026-01-16T09:00:39.852+0000][gc,phases   ] GC(578)   Merge Heap Roots: 5.1ms
[2026-01-16T09:00:39.853+0000][gc,phases   ] GC(578)   Evacuate Collection Set: 163.6ms
[2026-01-16T09:00:39.853+0000][gc,phases   ] GC(578)   Post Evacuate Collection Set: 30.6ms
[2026-01-16T09:00:39.853+0000][gc,phases   ] GC(578)   Other: 9.9ms
[2026-01-16T09:00:39.855+0000][gc,heap     ] GC(578) Eden regions: 50->0(49)
[2026-01-16T09:00:39.856+0000][gc,heap     ] GC(578) Survivor regions: 1->2(7)
[2026-01-16T09:00:39.856+0000][gc,heap     ] GC(578) Old regions: 215->215
[2026-01-16T09:00:39.856+0000][gc,heap     ] GC(578) Humongous regions: 105->105
[2026-01-16T09:00:39.859+0000][gc,metaspace] GC(578) Metaspace: 12749K(13184K)->12749K(13184K) NonClass: 11654K(11840K)->11654K(11840K) Class: 1094K(1344K)->1094K(1344K)
[2026-01-16T09:00:39.860+0000][gc          ] GC(578) Pause Young (Normal) (G1 Evacuation Pause) 369M->320M(1024M) 388.929ms
[2026-01-16T09:00:39.860+0000][gc,cpu      ] GC(578) User=0.22s Sys=0.01s Real=0.39s
[2026-01-16T09:00:49.373+0000][gc,start    ] GC(579) Pause Young (Normal) (G1 Evacuation Pause)
[2026-01-16T09:00:49.375+0000][gc,task     ] GC(579) Using 8 workers of 8 for evacuation
[2026-01-16T09:00:50.031+0000][gc,mmu      ] GC(579) MMU target violated: 201.0ms (200.0ms/201.0ms)
[2026-01-16T09:00:50.034+0000][gc,phases   ] GC(579)   Pre Evacuate Collection Set: 54.1ms
[2026-01-16T09:00:50.034+0000][gc,phases   ] GC(579)   Merge Heap Roots: 9.2ms
[2026-01-16T09:00:50.034+0000][gc,phases   ] GC(579)   Evacuate Collection Set: 564.4ms
[2026-01-16T09:00:50.035+0000][gc,phases   ] GC(579)   Post Evacuate Collection Set: 28.1ms
[2026-01-16T09:00:50.035+0000][gc,phases   ] GC(579)   Other: 3.4ms
[2026-01-16T09:00:50.035+0000][gc,heap     ] GC(579) Eden regions: 49->0(49)
[2026-01-16T09:00:50.036+0000][gc,heap     ] GC(579) Survivor regions: 2->2(7)
[2026-01-16T09:00:50.036+0000][gc,heap     ] GC(579) Old regions: 215->215
[2026-01-16T09:00:50.036+0000][gc,heap     ] GC(579) Humongous regions: 105->105
[2026-01-16T09:00:50.036+0000][gc,metaspace] GC(579) Metaspace: 12749K(13184K)->12749K(13184K) NonClass: 11654K(11840K)->11654K(11840K) Class: 1094K(1344K)->1094K(1344K)
[2026-01-16T09:00:50.037+0000][gc          ] GC(579) Pause Young (Normal) (G1 Evacuation Pause) 369M->320M(1024M) 663.909ms
[2026-01-16T09:00:50.040+0000][gc,cpu      ] GC(579) User=0.43s Sys=0.04s Real=0.67s
[2026-01-16T09:00:54.842+0000][gc,start    ] GC(580) Pause Young (Normal) (G1 Evacuation Pause)
[2026-01-16T09:00:54.849+0000][gc,task     ] GC(580) Using 8 workers of 8 for evacuation
[2026-01-16T09:00:55.359+0000][gc,mmu      ] GC(580) MMU target violated: 201.0ms (200.0ms/201.0ms)
[2026-01-16T09:00:55.361+0000][gc,phases   ] GC(580)   Pre Evacuate Collection Set: 160.9ms
[2026-01-16T09:00:55.364+0000][gc,phases   ] GC(580)   Merge Heap Roots: 57.2ms
[2026-01-16T09:00:55.369+0000][gc,phases   ] GC(580)   Evacuate Collection Set: 248.9ms
[2026-01-16T09:00:55.375+0000][gc,phases   ] GC(580)   Post Evacuate Collection Set: 29.9ms
[2026-01-16T09:00:55.381+0000][gc,phases   ] GC(580)   Other: 16.0ms
[2026-01-16T09:00:55.385+0000][gc,heap     ] GC(580) Eden regions: 49->0(49)
[2026-01-16T09:00:55.389+0000][gc,heap     ] GC(580) Survivor regions: 2->2(7)
[2026-01-16T09:00:55.392+0000][gc,heap     ] GC(580) Old regions: 215->215
[2026-01-16T09:00:55.397+0000][gc,heap     ] GC(580) Humongous regions: 105->105
[2026-01-16T09:00:55.400+0000][gc,metaspace] GC(580) Metaspace: 12749K(13184K)->12749K(13184K) NonClass: 11654K(11840K)->11654K(11840K) Class: 1094K(1344K)->1094K(1344K)
[2026-01-16T09:00:55.407+0000][gc          ] GC(580) Pause Young (Normal) (G1 Evacuation Pause) 369M->320M(1024M) 564.893ms
[2026-01-16T09:00:55.408+0000][gc,cpu      ] GC(580) User=0.22s Sys=0.01s Real=0.57s
[2026-01-16T09:01:01.468+0000][gc,start    ] GC(581) Pause Young (Normal) (G1 Evacuation Pause)
[2026-01-16T09:01:01.501+0000][gc,task     ] GC(581) Using 8 workers of 8 for evacuation
[2026-01-16T09:01:02.779+0000][gc,mmu      ] GC(581) MMU target violated: 201.0ms (200.0ms/201.0ms)
[2026-01-16T09:01:02.780+0000][gc,phases   ] GC(581)   Pre Evacuate Collection Set: 194.0ms
[2026-01-16T09:01:02.782+0000][gc,phases   ] GC(581)   Merge Heap Roots: 26.3ms
[2026-01-16T09:01:02.787+0000][gc,phases   ] GC(581)   Evacuate Collection Set: 1024.9ms
[2026-01-16T09:01:02.789+0000][gc,phases   ] GC(581)   Post Evacuate Collection Set: 21.4ms
[2026-01-16T09:01:02.792+0000][gc,phases   ] GC(581)   Other: 33.7ms
[2026-01-16T09:01:02.793+0000][gc,heap     ] GC(581) Eden regions: 49->0(48)
[2026-01-16T09:01:02.795+0000][gc,heap     ] GC(581) Survivor regions: 2->3(7)
[2026-01-16T09:01:02.799+0000][gc,heap     ] GC(581) Old regions: 215->215
[2026-01-16T09:01:02.801+0000][gc,heap     ] GC(581) Humongous regions: 105->105
[2026-01-16T09:01:02.802+0000][gc,metaspace] GC(581) Metaspace: 12751K(13184K)->12751K(13184K) NonClass: 11657K(11840K)->11657K(11840K) Class: 1094K(1344K)->1094K(1344K)
[2026-01-16T09:01:02.804+0000][gc          ] GC(581) Pause Young (Normal) (G1 Evacuation Pause) 369M->321M(1024M) 1344.443ms
[2026-01-16T09:01:02.809+0000][gc,cpu      ] GC(581) User=0.67s Sys=0.05s Real=1.35s
[2026-01-16T09:01:08.186+0000][gc,start    ] GC(582) Pause Young (Normal) (G1 Evacuation Pause)
[2026-01-16T09:01:08.199+0000][gc,task     ] GC(582) Using 8 workers of 8 for evacuation
[2026-01-16T09:01:08.569+0000][gc,mmu      ] GC(582) MMU target violated: 201.0ms (200.0ms/201.0ms)
[2026-01-16T09:01:08.570+0000][gc,phases   ] GC(582)   Pre Evacuate Collection Set: 52.8ms
[2026-01-16T09:01:08.570+0000][gc,phases   ] GC(582)   Merge Heap Roots: 9.4ms
[2026-01-16T09:01:08.570+0000][gc,phases   ] GC(582)   Evacuate Collection Set: 286.7ms
[2026-01-16T09:01:08.571+0000][gc,phases   ] GC(582)   Post Evacuate Collection Set: 7.8ms
[2026-01-16T09:01:08.571+0000][gc,phases   ] GC(582)   Other: 24.8ms
[2026-01-16T09:01:08.572+0000][gc,heap     ] GC(582) Eden regions: 48->0(49)
[2026-01-16T09:01:08.572+0000][gc,heap     ] GC(582) Survivor regions: 3->2(7)
[2026-01-16T09:01:08.572+0000][gc,heap     ] GC(582) Old regions: 215->215
[2026-01-16T09:01:08.574+0000][gc,heap     ] GC(582) Humongous regions: 105->105
[2026-01-16T09:01:08.575+0000][gc,metaspace] GC(582) Metaspace: 12751K(13184K)->12751K(13184K) NonClass: 11657K(11840K)->11657K(11840K) Class: 1094K(1344K)->1094K(1344K)
[2026-01-16T09:01:08.576+0000][gc          ] GC(582) Pause Young (Normal) (G1 Evacuation Pause) 369M->320M(1024M) 390.274ms
[2026-01-16T09:01:08.577+0000][gc,cpu      ] GC(582) User=0.21s Sys=0.01s Real=0.41s
[2026-01-16T09:01:13.147+0000][gc,start    ] GC(583) Pause Young (Normal) (G1 Evacuation Pause)
[2026-01-16T09:01:13.262+0000][gc,task     ] GC(583) Using 8 workers of 8 for evacuation
[2026-01-16T09:01:14.034+0000][gc,mmu      ] GC(583) MMU target violated: 201.0ms (200.0ms/201.0ms)
[2026-01-16T09:01:14.038+0000][gc,phases   ] GC(583)   Pre Evacuate Collection Set: 106.9ms
[2026-01-16T09:01:14.047+0000][gc,phases   ] GC(583)   Merge Heap Roots: 0.4ms
[2026-01-16T09:01:14.048+0000][gc,phases   ] GC(583)   Evacuate Collection Set: 646.8ms
[2026-01-16T09:01:14.048+0000][gc,phases   ] GC(583)   Post Evacuate Collection Set: 13.9ms
[2026-01-16T09:01:14.048+0000][gc,phases   ] GC(583)   Other: 52.5ms
[2026-01-16T09:01:14.048+0000][gc,heap     ] GC(583) Eden regions: 49->0(48)
[2026-01-16T09:01:14.049+0000][gc,heap     ] GC(583) Survivor regions: 2->3(7)
[2026-01-16T09:01:14.049+0000][gc,heap     ] GC(583) Old regions: 215->215
[2026-01-16T09:01:14.049+0000][gc,heap     ] GC(583) Humongous regions: 105->105
[2026-01-16T09:01:14.050+0000][gc,metaspace] GC(583) Metaspace: 12751K(13184K)->12751K(13184K) NonClass: 11657K(11840K)->11657K(11840K) Class: 1094K(1344K)->1094K(1344K)
[2026-01-16T09:01:14.051+0000][gc          ] GC(583) Pause Young (Normal) (G1 Evacuation Pause) 369M->321M(1024M) 904.414ms
[2026-01-16T09:01:14.058+0000][gc,cpu      ] GC(583) User=0.38s Sys=0.04s Real=0.91s
[2026-01-16T09:01:16.212+0000][gc,start    ] GC(584) Pause Young (Normal) (G1 Evacuation Pause)
[2026-01-16T09:01:16.215+0000][gc,task     ] GC(584) Using 8 workers of 8 for evacuation
[2026-01-16T09:01:16.366+0000][gc,phases   ] GC(584)   Pre Evacuate Collection Set: 20.8ms
[2026-01-16T09:01:16.370+0000][gc,phases   ] GC(584)   Merge Heap Roots: 15.0ms
[2026-01-16T09:01:16.372+0000][gc,phases   ] GC(584)   Evacuate Collection Set: 102.3ms
[2026-01-16T09:01:16.372+0000][gc,phases   ] GC(584)   Post Evacuate Collection Set: 10.2ms
[2026-01-16T09:01:16.374+0000][gc,phases   ] GC(584)   Other: 3.0ms
[2026-01-16T09:01:16.375+0000][gc,heap     ] GC(584) Eden regions: 48->0(49)
[2026-01-16T09:01:16.378+0000][gc,heap     ] GC(584) Survivor regions: 3->2(7)
[2026-01-16T09:01:16.378+0000][gc,heap     ] GC(584) Old regions: 215->215
[2026-01-16T09:01:16.379+0000][gc,heap     ] GC(584) Humongous regions: 114->114
[2026-01-16T09:01:16.380+0000][gc,metaspace] GC(584) Metaspace: 12751K(13184K)->12751K(13184K) NonClass: 11657K(11840K)->11657K(11840K) Class: 1094K(1344K)->1094K(1344K)
[2026-01-16T09:01:16.380+0000][gc          ] GC(584) Pause Young (Normal) (G1 Evacuation Pause) 378M->329M(1024M) 167.994ms
[2026-01-16T09:01:16.381+0000][gc,cpu      ] GC(584) User=0.08s Sys=0.00s Real=0.16s
[2026-01-16T09:01:18.985+0000][gc,start    ] GC(585) Pause Young (Normal) (G1 Evacuation Pause)
[2026-01-16T09:01:18.990+0000][gc,task     ] GC(585) Using 8 workers of 8 for evacuation
[2026-01-16T09:01:19.466+0000][gc,mmu      ] GC(585) MMU target violated: 201.0ms (200.0ms/201.0ms)
[2026-01-16T09:01:19.476+0000][gc,phases   ] GC(585)   Pre Evacuate Collection Set: 31.1ms
[2026-01-16T09:01:19.477+0000][gc,phases   ] GC(585)   Merge Heap Roots: 6.8ms
[2026-01-16T09:01:19.477+0000][gc,phases   ] GC(585)   Evacuate Collection Set: 409.5ms
[2026-01-16T09:01:19.477+0000][gc,phases   ] GC(585)   Post Evacuate Collection Set: 21.8ms
[2026-01-16T09:01:19.479+0000][gc,phases   ] GC(585)   Other: 16.0ms
[2026-01-16T09:01:19.482+0000][gc,heap     ] GC(585) Eden regions: 49->0(49)
[2026-01-16T09:01:19.484+0000][gc,heap     ] GC(585) Survivor regions: 2->2(7)
[2026-01-16T09:01:19.485+0000][gc,heap     ] GC(585) Old regions: 215->215
[2026-01-16T09:01:19.485+0000][gc,heap     ] GC(585) Humongous regions: 114->114
[2026-01-16T09:01:19.488+0000][gc,metaspace] GC(585) Metaspace: 12751K(13184K)->12751K(13184K) NonClass: 11657K(11840K)->11657K(11840K) Class: 1094K(1344K)->1094K(1344K)
[2026-01-16T09:01:19.490+0000][gc          ] GC(585) Pause Young (Normal) (G1 Evacuation Pause) 378M->329M(1024M) 505.054ms
[2026-01-16T09:01:19.490+0000][gc,cpu      ] GC(585) User=0.19s Sys=0.06s Real=0.50s
[2026-01-16T09:01:22.744+0000][gc,start    ] GC(586) Pause Young (Normal) (G1 Evacuation Pause)
[2026-01-16T09:01:22.748+0000][gc,task     ] GC(586) Using 8 workers of 8 for evacuation
[2026-01-16T09:01:23.548+0000][gc,mmu      ] GC(586) MMU target violated: 201.0ms (200.0ms/201.0ms)
[2026-01-16T09:01:23.551+0000][gc,phases   ] GC(586)   Pre Evacuate Collection Set: 122.0ms
[2026-01-16T09:01:23.555+0000][gc,phases   ] GC(586)   Merge Heap Roots: 2.1ms
[2026-01-16T09:01:23.557+0000][gc,phases   ] GC(586)   Evacuate Collection Set: 640.9ms
[2026-01-16T09:01:23.557+0000][gc,phases   ] GC(586)   Post Evacuate Collection Set: 34.0ms
[2026-01-16T09:01:23.558+0000][gc,phases   ] GC(586)   Other: 4.4ms
[2026-01-16T09:01:23.558+0000][gc,heap     ] GC(586) Eden regions: 49->0(48)
[2026-01-16T09:01:23.559+0000][gc,heap     ] GC(586) Survivor regions: 2->3(7)
[2026-01-16T09:01:23.559+0000][gc,heap     ] GC(586) Old regions: 215->215
[2026-01-16T09:01:23.560+0000][gc,heap     ] GC(586) Humongous regions: 114->114
[2026-01-16T09:01:23.561+0000][gc,metaspace] GC(586) Metaspace: 12751K(13184K)->12751K(13184K) NonClass: 11657K(11840K)->11657K(11840K) Class: 1094K(1344K)->1094K(1344K)
[2026-01-16T09:01:23.561+0000][gc          ] GC(586) Pause Young (Normal) (G1 Evacuation Pause) 378M->330M(1024M) 816.857ms
[2026-01-16T09:01:23.562+0000][gc,cpu      ] GC(586) User=0.26s Sys=0.03s Real=0.81s
[2026-01-16T09:01:25.877+0000][gc,start    ] GC(587) Pause Young (Normal) (G1 Evacuation Pause)
[2026-01-16T09:01:25.883+0000][gc,task     ] GC(587) Using 8 workers of 8 for evacuation
[2026-01-16T09:01:26.140+0000][gc,mmu      ] GC(587) MMU target violated: 201.0ms (200.0ms/201.0ms)
[2026-01-16T09:01:26.141+0000][gc,phases   ] GC(587)   Pre Evacuate Collection Set: 10.8ms
[2026-01-16T09:01:26.141+0000][gc,phases   ] GC(587)   Merge Heap Roots: 0.4ms
[2026-01-16T09:01:26.141+0000][gc,phases   ] GC(587)   Evacuate Collection Set: 227.4ms
[2026-01-16T09:01:26.141+0000][gc,phases   ] GC(587)   Post Evacuate Collection Set: 15.8ms
[2026-01-16T09:01:26.149+0000][gc,phases   ] GC(587)   Other: 4.2ms
[2026-01-16T09:01:26.149+0000][gc,heap     ] GC(587) Eden regions: 48->0(49)
[2026-01-16T09:01:26.161+0000][gc,heap     ] GC(587) Survivor regions: 3->2(7)
[2026-01-16T09:01:26.161+0000][gc,heap     ] GC(587) Old regions: 215->215
[2026-01-16T09:01:26.161+0000][gc,heap     ] GC(587) Humongous regions: 114->114
[2026-01-16T09:01:26.162+0000][gc,metaspace] GC(587) Metaspace: 12751K(13184K)->12751K(13184K) NonClass: 11657K(11840K)->11657K(11840K) Class: 1094K(1344K)->1094K(1344K)
[2026-01-16T09:01:26.162+0000][gc          ] GC(587) Pause Young (Normal) (G1 Evacuation Pause) 378M->329M(1024M) 284.911ms
[2026-01-16T09:01:26.164+0000][gc,cpu      ] GC(587) User=0.10s Sys=0.01s Real=0.29s
[2026-01-16T09:01:28.259+0000][gc,start    ] GC(588) Pause Young (Normal) (G1 Evacuation Pause)
[2026-01-16T09:01:28.269+0000][gc,task     ] GC(588) Using 8 workers of 8 for evacuation
[2026-01-16T09:01:28.593+0000][gc,mmu      ] GC(588) MMU target violated: 201.0ms (200.0ms/201.0ms)
[2026-01-16T09:01:28.595+0000][gc,phases   ] GC(588)   Pre Evacuate Collection Set: 44.9ms
[2026-01-16T09:01:28.596+0000][gc,phases   ] GC(588)   Merge Heap Roots: 2.7ms
[2026-01-16T09:01:28.596+0000][gc,phases   ] GC(588)   Evacuate Collection Set: 265.9ms
[2026-01-16T09:01:28.597+0000][gc,phases   ] GC(588)   Post Evacuate Collection Set: 8.5ms
[2026-01-16T09:01:28.600+0000][gc,phases   ] GC(588)   Other: 4.4ms
[2026-01-16T09:01:28.602+0000][gc,heap     ] GC(588) Eden regions: 49->0(48)
[2026-01-16T09:01:28.665+0000][gc,heap     ] GC(588) Survivor regions: 2->3(7)
[2026-01-16T09:01:28.666+0000][gc,heap     ] GC(588) Old regions: 215->215
[2026-01-16T09:01:28.667+0000][gc,heap     ] GC(588) Humongous regions: 114->114
[2026-01-16T09:01:28.670+0000][gc,metaspace] GC(588) Metaspace: 12751K(13184K)->12751K(13184K) NonClass: 11657K(11840K)->11657K(11840K) Class: 1094K(1344K)->1094K(1344K)
[2026-01-16T09:01:28.671+0000][gc          ] GC(588) Pause Young (Normal) (G1 Evacuation Pause) 378M->330M(1024M) 412.837ms
[2026-01-16T09:01:28.672+0000][gc,cpu      ] GC(588) User=0.13s Sys=0.01s Real=0.41s
[2026-01-16T09:01:35.588+0000][gc,start    ] GC(589) Pause Young (Normal) (G1 Evacuation Pause)
[2026-01-16T09:01:35.619+0000][gc,task     ] GC(589) Using 8 workers of 8 for evacuation
[2026-01-16T09:01:36.378+0000][gc,mmu      ] GC(589) MMU target violated: 201.0ms (200.0ms/201.0ms)
[2026-01-16T09:01:36.382+0000][gc,phases   ] GC(589)   Pre Evacuate Collection Set: 30.5ms
[2026-01-16T09:01:36.384+0000][gc,phases   ] GC(589)   Merge Heap Roots: 6.4ms
[2026-01-16T09:01:36.384+0000][gc,phases   ] GC(589)   Evacuate Collection Set: 604.3ms
[2026-01-16T09:01:36.384+0000][gc,phases   ] GC(589)   Post Evacuate Collection Set: 108.7ms
[2026-01-16T09:01:36.385+0000][gc,phases   ] GC(589)   Other: 13.8ms
[2026-01-16T09:01:36.386+0000][gc,heap     ] GC(589) Eden regions: 48->0(49)
[2026-01-16T09:01:36.387+0000][gc,heap     ] GC(589) Survivor regions: 3->2(7)
[2026-01-16T09:01:36.387+0000][gc,heap     ] GC(589) Old regions: 215->215
[2026-01-16T09:01:36.388+0000][gc,heap     ] GC(589) Humongous regions: 114->114
[2026-01-16T09:01:36.389+0000][gc,metaspace] GC(589) Metaspace: 12751K(13184K)->12751K(13184K) NonClass: 11657K(11840K)->11657K(11840K) Class: 1094K(1344K)->1094K(1344K)
[2026-01-16T09:01:36.391+0000][gc          ] GC(589) Pause Young (Normal) (G1 Evacuation Pause) 378M->329M(1024M) 803.285ms
[2026-01-16T09:01:36.393+0000][gc,cpu      ] GC(589) User=0.39s Sys=0.03s Real=0.84s
[2026-01-16T09:01:39.797+0000][gc,start    ] GC(590) Pause Young (Normal) (G1 Evacuation Pause)
[2026-01-16T09:01:39.811+0000][gc,task     ] GC(590) Using 8 workers of 8 for evacuation
[2026-01-16T09:01:40.065+0000][gc,mmu      ] GC(590) MMU target violated: 201.0ms (200.0ms/201.0ms)
[2026-01-16T09:01:40.065+0000][gc,phases   ] GC(590)   Pre Evacuate Collection Set: 16.4ms
[2026-01-16T09:01:40.066+0000][gc,phases   ] GC(590)   Merge Heap Roots: 2.4ms
[2026-01-16T09:01:40.066+0000][gc,phases   ] GC(590)   Evacuate Collection Set: 215.9ms
[2026-01-16T09:01:40.066+0000][gc,phases   ] GC(590)   Post Evacuate Collection Set: 15.6ms
[2026-01-16T09:01:40.067+0000][gc,phases   ] GC(590)   Other: 5.2ms
[2026-01-16T09:01:40.067+0000][gc,heap     ] GC(590) Eden regions: 49->0(48)
[2026-01-16T09:01:40.067+0000][gc,heap     ] GC(590) Survivor regions: 2->3(7)
[2026-01-16T09:01:40.068+0000][gc,heap     ] GC(590) Old regions: 215->215
[2026-01-16T09:01:40.068+0000][gc,heap     ] GC(590) Humongous regions: 114->114
[2026-01-16T09:01:40.069+0000][gc,metaspace] GC(590) Metaspace: 12753K(13184K)->12753K(13184K) NonClass: 11658K(11840K)->11658K(11840K) Class: 1094K(1344K)->1094K(1344K)
[2026-01-16T09:01:40.072+0000][gc          ] GC(590) Pause Young (Normal) (G1 Evacuation Pause) 378M->330M(1024M) 275.494ms
[2026-01-16T09:01:40.073+0000][gc,cpu      ] GC(590) User=0.20s Sys=0.02s Real=0.27s
[2026-01-16T09:01:41.587+0000][gc,start    ] GC(591) Pause Young (Normal) (G1 Evacuation Pause)
[2026-01-16T09:01:41.591+0000][gc,task     ] GC(591) Using 8 workers of 8 for evacuation
[2026-01-16T09:01:41.783+0000][gc,phases   ] GC(591)   Pre Evacuate Collection Set: 8.1ms
[2026-01-16T09:01:41.783+0000][gc,phases   ] GC(591)   Merge Heap Roots: 4.7ms
[2026-01-16T09:01:41.783+0000][gc,phases   ] GC(591)   Evacuate Collection Set: 173.2ms
[2026-01-16T09:01:41.784+0000][gc,phases   ] GC(591)   Post Evacuate Collection Set: 3.2ms
[2026-01-16T09:01:41.784+0000][gc,phases   ] GC(591)   Other: 4.4ms
[2026-01-16T09:01:41.785+0000][gc,heap     ] GC(591) Eden regions: 48->0(49)
[2026-01-16T09:01:41.785+0000][gc,heap     ] GC(591) Survivor regions: 3->2(7)
[2026-01-16T09:01:41.785+0000][gc,heap     ] GC(591) Old regions: 215->215
[2026-01-16T09:01:41.785+0000][gc,heap     ] GC(591) Humongous regions: 114->114
[2026-01-16T09:01:41.785+0000][gc,metaspace] GC(591) Metaspace: 12753K(13184K)->12753K(13184K) NonClass: 11658K(11840K)->11658K(11840K) Class: 1094K(1344K)->1094K(1344K)
[2026-01-16T09:01:41.786+0000][gc          ] GC(591) Pause Young (Normal) (G1 Evacuation Pause) 378M->329M(1024M) 199.278ms
[2026-01-16T09:01:41.786+0000][gc,cpu      ] GC(591) User=0.11s Sys=0.00s Real=0.20s
[2026-01-16T09:01:43.828+0000][gc,start    ] GC(592) Pause Young (Normal) (G1 Evacuation Pause)
[2026-01-16T09:01:43.829+0000][gc,task     ] GC(592) Using 8 workers of 8 for evacuation
[2026-01-16T09:01:44.072+0000][gc,mmu      ] GC(592) MMU target violated: 201.0ms (200.0ms/201.0ms)
[2026-01-16T09:01:44.073+0000][gc,phases   ] GC(592)   Pre Evacuate Collection Set: 26.3ms
[2026-01-16T09:01:44.074+0000][gc,phases   ] GC(592)   Merge Heap Roots: 20.1ms
[2026-01-16T09:01:44.074+0000][gc,phases   ] GC(592)   Evacuate Collection Set: 162.4ms
[2026-01-16T09:01:44.075+0000][gc,phases   ] GC(592)   Post Evacuate Collection Set: 28.9ms
[2026-01-16T09:01:44.075+0000][gc,phases   ] GC(592)   Other: 6.6ms
[2026-01-16T09:01:44.076+0000][gc,heap     ] GC(592) Eden regions: 49->0(48)
[2026-01-16T09:01:44.076+0000][gc,heap     ] GC(592) Survivor regions: 2->3(7)
[2026-01-16T09:01:44.076+0000][gc,heap     ] GC(592) Old regions: 215->215
[2026-01-16T09:01:44.076+0000][gc,heap     ] GC(592) Humongous regions: 114->114
[2026-01-16T09:01:44.077+0000][gc,metaspace] GC(592) Metaspace: 12753K(13184K)->12753K(13184K) NonClass: 11658K(11840K)->11658K(11840K) Class: 1094K(1344K)->1094K(1344K)
[2026-01-16T09:01:44.077+0000][gc          ] GC(592) Pause Young (Normal) (G1 Evacuation Pause) 378M->330M(1024M) 248.727ms
[2026-01-16T09:01:44.077+0000][gc,cpu      ] GC(592) User=0.14s Sys=0.00s Real=0.25s
[2026-01-16T09:01:48.857+0000][gc,start    ] GC(593) Pause Young (Normal) (G1 Evacuation Pause)
[2026-01-16T09:01:48.860+0000][gc,task     ] GC(593) Using 8 workers of 8 for evacuation
[2026-01-16T09:01:49.216+0000][gc,mmu      ] GC(593) MMU target violated: 201.0ms (200.0ms/201.0ms)
[2026-01-16T09:01:49.219+0000][gc,phases   ] GC(593)   Pre Evacuate Collection Set: 41.4ms
[2026-01-16T09:01:49.222+0000][gc,phases   ] GC(593)   Merge Heap Roots: 5.7ms
[2026-01-16T09:01:49.222+0000][gc,phases   ] GC(593)   Evacuate Collection Set: 277.2ms
[2026-01-16T09:01:49.224+0000][gc,phases   ] GC(593)   Post Evacuate Collection Set: 28.1ms
[2026-01-16T09:01:49.224+0000][gc,phases   ] GC(593)   Other: 7.7ms
[2026-01-16T09:01:49.225+0000][gc,heap     ] GC(593) Eden regions: 48->0(49)
[2026-01-16T09:01:49.229+0000][gc,heap     ] GC(593) Survivor regions: 3->2(7)
[2026-01-16T09:01:49.229+0000][gc,heap     ] GC(593) Old regions: 215->215
[2026-01-16T09:01:49.230+0000][gc,heap     ] GC(593) Humongous regions: 114->114
[2026-01-16T09:01:49.234+0000][gc,metaspace] GC(593) Metaspace: 12753K(13184K)->12753K(13184K) NonClass: 11658K(11840K)->11658K(11840K) Class: 1094K(1344K)->1094K(1344K)
[2026-01-16T09:01:49.235+0000][gc          ] GC(593) Pause Young (Normal) (G1 Evacuation Pause) 378M->329M(1024M) 378.464ms
[2026-01-16T09:01:49.238+0000][gc,cpu      ] GC(593) User=0.24s Sys=0.03s Real=0.38s
[2026-01-16T09:01:52.839+0000][gc,start    ] GC(594) Pause Young (Normal) (G1 Evacuation Pause)
[2026-01-16T09:01:52.842+0000][gc,task     ] GC(594) Using 8 workers of 8 for evacuation
[2026-01-16T09:01:53.186+0000][gc,mmu      ] GC(594) MMU target violated: 201.0ms (200.0ms/201.0ms)
[2026-01-16T09:01:53.189+0000][gc,phases   ] GC(594)   Pre Evacuate Collection Set: 37.0ms
[2026-01-16T09:01:53.192+0000][gc,phases   ] GC(594)   Merge Heap Roots: 17.9ms
[2026-01-16T09:01:53.193+0000][gc,phases   ] GC(594)   Evacuate Collection Set: 270.6ms
[2026-01-16T09:01:53.195+0000][gc,phases   ] GC(594)   Post Evacuate Collection Set: 18.1ms
[2026-01-16T09:01:53.204+0000][gc,phases   ] GC(594)   Other: 3.5ms
[2026-01-16T09:01:53.206+0000][gc,heap     ] GC(594) Eden regions: 49->0(49)
[2026-01-16T09:01:53.206+0000][gc,heap     ] GC(594) Survivor regions: 2->2(7)
[2026-01-16T09:01:53.207+0000][gc,heap     ] GC(594) Old regions: 215->215
[2026-01-16T09:01:53.207+0000][gc,heap     ] GC(594) Humongous regions: 114->114
[2026-01-16T09:01:53.207+0000][gc,metaspace] GC(594) Metaspace: 12753K(13184K)->12753K(13184K) NonClass: 11658K(11840K)->11658K(11840K) Class: 1094K(1344K)->1094K(1344K)
[2026-01-16T09:01:53.207+0000][gc          ] GC(594) Pause Young (Normal) (G1 Evacuation Pause) 378M->330M(1024M) 368.035ms
[2026-01-16T09:01:53.208+0000][gc,cpu      ] GC(594) User=0.19s Sys=0.00s Real=0.37s
[2026-01-16T09:01:55.443+0000][gc,start    ] GC(595) Pause Young (Normal) (G1 Evacuation Pause)
[2026-01-16T09:01:55.444+0000][gc,task     ] GC(595) Using 8 workers of 8 for evacuation
[2026-01-16T09:01:55.676+0000][gc,mmu      ] GC(595) MMU target violated: 201.0ms (200.0ms/201.0ms)
[2026-01-16T09:01:55.677+0000][gc,phases   ] GC(595)   Pre Evacuate Collection Set: 18.7ms
[2026-01-16T09:01:55.678+0000][gc,phases   ] GC(595)   Merge Heap Roots: 10.5ms
[2026-01-16T09:01:55.678+0000][gc,phases   ] GC(595)   Evacuate Collection Set: 192.5ms
[2026-01-16T09:01:55.678+0000][gc,phases   ] GC(595)   Post Evacuate Collection Set: 9.4ms
[2026-01-16T09:01:55.680+0000][gc,phases   ] GC(595)   Other: 1.8ms
[2026-01-16T09:01:55.680+0000][gc,heap     ] GC(595) Eden regions: 49->0(50)
[2026-01-16T09:01:55.680+0000][gc,heap     ] GC(595) Survivor regions: 2->1(7)
[2026-01-16T09:01:55.680+0000][gc,heap     ] GC(595) Old regions: 215->215
[2026-01-16T09:01:55.680+0000][gc,heap     ] GC(595) Humongous regions: 114->114
[2026-01-16T09:01:55.680+0000][gc,metaspace] GC(595) Metaspace: 12753K(13184K)->12753K(13184K) NonClass: 11658K(11840K)->11658K(11840K) Class: 1094K(1344K)->1094K(1344K)
[2026-01-16T09:01:55.680+0000][gc          ] GC(595) Pause Young (Normal) (G1 Evacuation Pause) 379M->329M(1024M) 237.528ms
[2026-01-16T09:01:55.680+0000][gc,cpu      ] GC(595) User=0.10s Sys=0.00s Real=0.24s
[2026-01-16T09:01:59.123+0000][gc,start    ] GC(596) Pause Young (Normal) (G1 Evacuation Pause)
[2026-01-16T09:01:59.126+0000][gc,task     ] GC(596) Using 8 workers of 8 for evacuation
[2026-01-16T09:01:59.290+0000][gc,phases   ] GC(596)   Pre Evacuate Collection Set: 13.5ms
[2026-01-16T09:01:59.290+0000][gc,phases   ] GC(596)   Merge Heap Roots: 14.0ms
[2026-01-16T09:01:59.292+0000][gc,phases   ] GC(596)   Evacuate Collection Set: 119.8ms
[2026-01-16T09:01:59.293+0000][gc,phases   ] GC(596)   Post Evacuate Collection Set: 7.2ms
[2026-01-16T09:01:59.296+0000][gc,phases   ] GC(596)   Other: 9.5ms
[2026-01-16T09:01:59.297+0000][gc,heap     ] GC(596) Eden regions: 50->0(49)
[2026-01-16T09:01:59.298+0000][gc,heap     ] GC(596) Survivor regions: 1->2(7)
[2026-01-16T09:01:59.299+0000][gc,heap     ] GC(596) Old regions: 215->215
[2026-01-16T09:01:59.299+0000][gc,heap     ] GC(596) Humongous regions: 114->114
[2026-01-16T09:01:59.300+0000][gc,metaspace] GC(596) Metaspace: 12753K(13184K)->12753K(13184K) NonClass: 11658K(11840K)->11658K(11840K) Class: 1094K(1344K)->1094K(1344K)
[2026-01-16T09:01:59.300+0000][gc          ] GC(596) Pause Young (Normal) (G1 Evacuation Pause) 379M->330M(1024M) 177.886ms
[2026-01-16T09:01:59.301+0000][gc,cpu      ] GC(596) User=0.16s Sys=0.01s Real=0.18s
[2026-01-16T09:02:03.520+0000][gc,start    ] GC(597) Pause Young (Normal) (G1 Evacuation Pause)
[2026-01-16T09:02:03.524+0000][gc,task     ] GC(597) Using 8 workers of 8 for evacuation
[2026-01-16T09:02:03.654+0000][gc,phases   ] GC(597)   Pre Evacuate Collection Set: 16.4ms
[2026-01-16T09:02:03.655+0000][gc,phases   ] GC(597)   Merge Heap Roots: 5.3ms
[2026-01-16T09:02:03.655+0000][gc,phases   ] GC(597)   Evacuate Collection Set: 100.0ms
[2026-01-16T09:02:03.656+0000][gc,phases   ] GC(597)   Post Evacuate Collection Set: 7.3ms
[2026-01-16T09:02:03.657+0000][gc,phases   ] GC(597)   Other: 1.3ms
[2026-01-16T09:02:03.657+0000][gc,heap     ] GC(597) Eden regions: 49->0(50)
[2026-01-16T09:02:03.657+0000][gc,heap     ] GC(597) Survivor regions: 2->1(7)
[2026-01-16T09:02:03.657+0000][gc,heap     ] GC(597) Old regions: 215->215
[2026-01-16T09:02:03.657+0000][gc,heap     ] GC(597) Humongous regions: 114->114
[2026-01-16T09:02:03.658+0000][gc,metaspace] GC(597) Metaspace: 12753K(13184K)->12753K(13184K) NonClass: 11658K(11840K)->11658K(11840K) Class: 1094K(1344K)->1094K(1344K)
[2026-01-16T09:02:03.658+0000][gc          ] GC(597) Pause Young (Normal) (G1 Evacuation Pause) 379M->329M(1024M) 138.917ms
[2026-01-16T09:02:03.659+0000][gc,cpu      ] GC(597) User=0.11s Sys=0.00s Real=0.14s
[2026-01-16T09:02:08.689+0000][gc,start    ] GC(598) Pause Young (Normal) (G1 Evacuation Pause)
[2026-01-16T09:02:08.690+0000][gc,task     ] GC(598) Using 8 workers of 8 for evacuation
[2026-01-16T09:02:08.872+0000][gc,phases   ] GC(598)   Pre Evacuate Collection Set: 15.8ms
[2026-01-16T09:02:08.873+0000][gc,phases   ] GC(598)   Merge Heap Roots: 1.1ms
[2026-01-16T09:02:08.877+0000][gc,phases   ] GC(598)   Evacuate Collection Set: 150.7ms
[2026-01-16T09:02:08.878+0000][gc,phases   ] GC(598)   Post Evacuate Collection Set: 13.4ms
[2026-01-16T09:02:08.880+0000][gc,phases   ] GC(598)   Other: 0.7ms
[2026-01-16T09:02:08.881+0000][gc,heap     ] GC(598) Eden regions: 50->0(49)
[2026-01-16T09:02:08.882+0000][gc,heap     ] GC(598) Survivor regions: 1->2(7)
[2026-01-16T09:02:08.882+0000][gc,heap     ] GC(598) Old regions: 215->215
[2026-01-16T09:02:08.882+0000][gc,heap     ] GC(598) Humongous regions: 114->114
[2026-01-16T09:02:08.882+0000][gc,metaspace] GC(598) Metaspace: 12753K(13184K)->12753K(13184K) NonClass: 11658K(11840K)->11658K(11840K) Class: 1094K(1344K)->1094K(1344K)
[2026-01-16T09:02:08.884+0000][gc          ] GC(598) Pause Young (Normal) (G1 Evacuation Pause) 379M->329M(1024M) 194.816ms
[2026-01-16T09:02:08.885+0000][gc,cpu      ] GC(598) User=0.20s Sys=0.02s Real=0.19s
[2026-01-16T09:02:11.779+0000][gc,start    ] GC(599) Pause Young (Normal) (G1 Evacuation Pause)
[2026-01-16T09:02:11.781+0000][gc,task     ] GC(599) Using 8 workers of 8 for evacuation
[2026-01-16T09:02:12.023+0000][gc,mmu      ] GC(599) MMU target violated: 201.0ms (200.0ms/201.0ms)
[2026-01-16T09:02:12.024+0000][gc,phases   ] GC(599)   Pre Evacuate Collection Set: 34.2ms
[2026-01-16T09:02:12.025+0000][gc,phases   ] GC(599)   Merge Heap Roots: 5.9ms
[2026-01-16T09:02:12.030+0000][gc,phases   ] GC(599)   Evacuate Collection Set: 191.3ms
[2026-01-16T09:02:12.033+0000][gc,phases   ] GC(599)   Post Evacuate Collection Set: 5.1ms
[2026-01-16T09:02:12.035+0000][gc,phases   ] GC(599)   Other: 7.5ms
[2026-01-16T09:02:12.037+0000][gc,heap     ] GC(599) Eden regions: 49->0(50)
[2026-01-16T09:02:12.038+0000][gc,heap     ] GC(599) Survivor regions: 2->1(7)
[2026-01-16T09:02:12.039+0000][gc,heap     ] GC(599) Old regions: 215->215
[2026-01-16T09:02:12.039+0000][gc,heap     ] GC(599) Humongous regions: 114->114
[2026-01-16T09:02:12.040+0000][gc,metaspace] GC(599) Metaspace: 12753K(13184K)->12753K(13184K) NonClass: 11658K(11840K)->11658K(11840K) Class: 1094K(1344K)->1094K(1344K)
[2026-01-16T09:02:12.040+0000][gc          ] GC(599) Pause Young (Normal) (G1 Evacuation Pause) 378M->328M(1024M) 261.869ms
[2026-01-16T09:02:12.041+0000][gc,cpu      ] GC(599) User=0.09s Sys=0.00s Real=0.26s
[2026-01-16T09:02:16.006+0000][gc,start    ] GC(600) Pause Young (Normal) (G1 Evacuation Pause)
[2026-01-16T09:02:16.016+0000][gc,task     ] GC(600) Using 8 workers of 8 for evacuation
[2026-01-16T09:02:16.598+0000][gc,mmu      ] GC(600) MMU target violated: 201.0ms (200.0ms/201.0ms)
[2026-01-16T09:02:16.599+0000][gc,phases   ] GC(600)   Pre Evacuate Collection Set: 79.0ms
[2026-01-16T09:02:16.599+0000][gc,phases   ] GC(600)   Merge Heap Roots: 35.6ms
[2026-01-16T09:02:16.599+0000][gc,phases   ] GC(600)   Evacuate Collection Set: 447.2ms
[2026-01-16T09:02:16.602+0000][gc,phases   ] GC(600)   Post Evacuate Collection Set: 19.7ms
[2026-01-16T09:02:16.603+0000][gc,phases   ] GC(600)   Other: 1.8ms
[2026-01-16T09:02:16.603+0000][gc,heap     ] GC(600) Eden regions: 50->0(49)
[2026-01-16T09:02:16.603+0000][gc,heap     ] GC(600) Survivor regions: 1->2(7)
[2026-01-16T09:02:16.603+0000][gc,heap     ] GC(600) Old regions: 215->215
[2026-01-16T09:02:16.604+0000][gc,heap     ] GC(600) Humongous regions: 114->114
[2026-01-16T09:02:16.604+0000][gc,metaspace] GC(600) Metaspace: 12753K(13184K)->12753K(13184K) NonClass: 11658K(11840K)->11658K(11840K) Class: 1094K(1344K)->1094K(1344K)
[2026-01-16T09:02:16.613+0000][gc          ] GC(600) Pause Young (Normal) (G1 Evacuation Pause) 378M->329M(1024M) 607.199ms
[2026-01-16T09:02:16.617+0000][gc,cpu      ] GC(600) User=0.18s Sys=0.00s Real=0.61s
[2026-01-16T09:02:18.616+0000][gc,start    ] GC(601) Pause Young (Normal) (G1 Evacuation Pause)
[2026-01-16T09:02:18.617+0000][gc,task     ] GC(601) Using 8 workers of 8 for evacuation
[2026-01-16T09:02:18.753+0000][gc,phases   ] GC(601)   Pre Evacuate Collection Set: 17.5ms
[2026-01-16T09:02:18.753+0000][gc,phases   ] GC(601)   Merge Heap Roots: 0.6ms
[2026-01-16T09:02:18.754+0000][gc,phases   ] GC(601)   Evacuate Collection Set: 99.4ms
[2026-01-16T09:02:18.754+0000][gc,phases   ] GC(601)   Post Evacuate Collection Set: 17.5ms
[2026-01-16T09:02:18.755+0000][gc,phases   ] GC(601)   Other: 0.9ms
[2026-01-16T09:02:18.756+0000][gc,heap     ] GC(601) Eden regions: 49->0(49)
[2026-01-16T09:02:18.756+0000][gc,heap     ] GC(601) Survivor regions: 2->2(7)
[2026-01-16T09:02:18.757+0000][gc,heap     ] GC(601) Old regions: 215->215
[2026-01-16T09:02:18.757+0000][gc,heap     ] GC(601) Humongous regions: 114->114
[2026-01-16T09:02:18.758+0000][gc,metaspace] GC(601) Metaspace: 12753K(13184K)->12753K(13184K) NonClass: 11658K(11840K)->11658K(11840K) Class: 1094K(1344K)->1094K(1344K)
[2026-01-16T09:02:18.759+0000][gc          ] GC(601) Pause Young (Normal) (G1 Evacuation Pause) 378M->330M(1024M) 143.241ms
[2026-01-16T09:02:18.759+0000][gc,cpu      ] GC(601) User=0.10s Sys=0.01s Real=0.14s
[2026-01-16T09:02:21.011+0000][gc,start    ] GC(602) Pause Young (Normal) (G1 Evacuation Pause)
[2026-01-16T09:02:21.013+0000][gc,task     ] GC(602) Using 8 workers of 8 for evacuation
[2026-01-16T09:02:21.141+0000][gc,phases   ] GC(602)   Pre Evacuate Collection Set: 12.7ms
[2026-01-16T09:02:21.143+0000][gc,phases   ] GC(602)   Merge Heap Roots: 4.2ms
[2026-01-16T09:02:21.143+0000][gc,phases   ] GC(602)   Evacuate Collection Set: 100.3ms
[2026-01-16T09:02:21.143+0000][gc,phases   ] GC(602)   Post Evacuate Collection Set: 7.3ms
[2026-01-16T09:02:21.144+0000][gc,phases   ] GC(602)   Other: 3.9ms
[2026-01-16T09:02:21.144+0000][gc,heap     ] GC(602) Eden regions: 49->0(50)
[2026-01-16T09:02:21.144+0000][gc,heap     ] GC(602) Survivor regions: 2->1(7)
[2026-01-16T09:02:21.144+0000][gc,heap     ] GC(602) Old regions: 215->215
[2026-01-16T09:02:21.144+0000][gc,heap     ] GC(602) Humongous regions: 114->114
[2026-01-16T09:02:21.145+0000][gc,metaspace] GC(602) Metaspace: 12753K(13184K)->12753K(13184K) NonClass: 11658K(11840K)->11658K(11840K) Class: 1094K(1344K)->1094K(1344K)
[2026-01-16T09:02:21.145+0000][gc          ] GC(602) Pause Young (Normal) (G1 Evacuation Pause) 379M->329M(1024M) 133.759ms
[2026-01-16T09:02:21.146+0000][gc,cpu      ] GC(602) User=0.07s Sys=0.01s Real=0.14s
[2026-01-16T09:02:22.243+0000][gc,start    ] GC(603) Pause Young (Normal) (G1 Evacuation Pause)
[2026-01-16T09:02:22.248+0000][gc,task     ] GC(603) Using 8 workers of 8 for evacuation
[2026-01-16T09:02:22.324+0000][gc,phases   ] GC(603)   Pre Evacuate Collection Set: 4.3ms
[2026-01-16T09:02:22.326+0000][gc,phases   ] GC(603)   Merge Heap Roots: 1.8ms
[2026-01-16T09:02:22.328+0000][gc,phases   ] GC(603)   Evacuate Collection Set: 62.6ms
[2026-01-16T09:02:22.328+0000][gc,phases   ] GC(603)   Post Evacuate Collection Set: 6.9ms
[2026-01-16T09:02:22.328+0000][gc,phases   ] GC(603)   Other: 0.9ms
[2026-01-16T09:02:22.328+0000][gc,heap     ] GC(603) Eden regions: 50->0(49)
[2026-01-16T09:02:22.328+0000][gc,heap     ] GC(603) Survivor regions: 1->2(7)
[2026-01-16T09:02:22.329+0000][gc,heap     ] GC(603) Old regions: 215->215
[2026-01-16T09:02:22.329+0000][gc,heap     ] GC(603) Humongous regions: 114->114
[2026-01-16T09:02:22.329+0000][gc,metaspace] GC(603) Metaspace: 12753K(13184K)->12753K(13184K) NonClass: 11658K(11840K)->11658K(11840K) Class: 1094K(1344K)->1094K(1344K)
[2026-01-16T09:02:22.329+0000][gc          ] GC(603) Pause Young (Normal) (G1 Evacuation Pause) 379M->330M(1024M) 86.042ms
[2026-01-16T09:02:22.329+0000][gc,cpu      ] GC(603) User=0.06s Sys=0.01s Real=0.09s
[2026-01-16T09:02:25.330+0000][gc,start    ] GC(604) Pause Young (Normal) (G1 Evacuation Pause)
[2026-01-16T09:02:25.332+0000][gc,task     ] GC(604) Using 8 workers of 8 for evacuation
[2026-01-16T09:02:25.410+0000][gc,phases   ] GC(604)   Pre Evacuate Collection Set: 29.8ms
[2026-01-16T09:02:25.414+0000][gc,phases   ] GC(604)   Merge Heap Roots: 1.9ms
[2026-01-16T09:02:25.415+0000][gc,phases   ] GC(604)   Evacuate Collection Set: 40.2ms
[2026-01-16T09:02:25.415+0000][gc,phases   ] GC(604)   Post Evacuate Collection Set: 4.7ms
[2026-01-16T09:02:25.420+0000][gc,phases   ] GC(604)   Other: 0.7ms
[2026-01-16T09:02:25.421+0000][gc,heap     ] GC(604) Eden regions: 49->0(84)
[2026-01-16T09:02:25.421+0000][gc,heap     ] GC(604) Survivor regions: 2->1(7)
[2026-01-16T09:02:25.422+0000][gc,heap     ] GC(604) Old regions: 215->215
[2026-01-16T09:02:25.422+0000][gc,heap     ] GC(604) Humongous regions: 114->114
[2026-01-16T09:02:25.423+0000][gc,metaspace] GC(604) Metaspace: 12753K(13184K)->12753K(13184K) NonClass: 11658K(11840K)->11658K(11840K) Class: 1094K(1344K)->1094K(1344K)
[2026-01-16T09:02:25.426+0000][gc          ] GC(604) Pause Young (Normal) (G1 Evacuation Pause) 379M->329M(1024M) 95.459ms
[2026-01-16T09:02:25.428+0000][gc,cpu      ] GC(604) User=0.07s Sys=0.00s Real=0.10s
[2026-01-16T09:02:42.818+0000][gc,start    ] GC(605) Pause Young (Normal) (G1 Evacuation Pause)
[2026-01-16T09:02:42.844+0000][gc,task     ] GC(605) Using 8 workers of 8 for evacuation
[2026-01-16T09:02:43.417+0000][gc,mmu      ] GC(605) MMU target violated: 201.0ms (200.0ms/201.0ms)
[2026-01-16T09:02:43.429+0000][gc,phases   ] GC(605)   Pre Evacuate Collection Set: 73.1ms
[2026-01-16T09:02:43.429+0000][gc,phases   ] GC(605)   Merge Heap Roots: 10.2ms
[2026-01-16T09:02:43.429+0000][gc,phases   ] GC(605)   Evacuate Collection Set: 390.8ms
[2026-01-16T09:02:43.429+0000][gc,phases   ] GC(605)   Post Evacuate Collection Set: 95.8ms
[2026-01-16T09:02:43.429+0000][gc,phases   ] GC(605)   Other: 15.7ms
[2026-01-16T09:02:43.430+0000][gc,heap     ] GC(605) Eden regions: 112->0(50)
[2026-01-16T09:02:43.430+0000][gc,heap     ] GC(605) Survivor regions: 1->1(15)
[2026-01-16T09:02:43.430+0000][gc,heap     ] GC(605) Old regions: 215->215
[2026-01-16T09:02:43.430+0000][gc,heap     ] GC(605) Humongous regions: 114->114
[2026-01-16T09:02:43.430+0000][gc,metaspace] GC(605) Metaspace: 12755K(13184K)->12755K(13184K) NonClass: 11660K(11840K)->11660K(11840K) Class: 1094K(1344K)->1094K(1344K)
[2026-01-16T09:02:43.431+0000][gc          ] GC(605) Pause Young (Normal) (G1 Evacuation Pause) 441M->329M(1024M) 612.816ms
[2026-01-16T09:02:43.437+0000][gc,cpu      ] GC(605) User=0.27s Sys=0.02s Real=0.62s
[2026-01-16T09:02:47.035+0000][gc,start    ] GC(606) Pause Young (Normal) (G1 Evacuation Pause)
[2026-01-16T09:02:47.045+0000][gc,task     ] GC(606) Using 8 workers of 8 for evacuation
[2026-01-16T09:02:47.448+0000][gc,mmu      ] GC(606) MMU target violated: 201.0ms (200.0ms/201.0ms)
[2026-01-16T09:02:47.450+0000][gc,phases   ] GC(606)   Pre Evacuate Collection Set: 18.6ms
[2026-01-16T09:02:47.453+0000][gc,phases   ] GC(606)   Merge Heap Roots: 6.5ms
[2026-01-16T09:02:47.453+0000][gc,phases   ] GC(606)   Evacuate Collection Set: 340.9ms
[2026-01-16T09:02:47.462+0000][gc,phases   ] GC(606)   Post Evacuate Collection Set: 31.5ms
[2026-01-16T09:02:47.463+0000][gc,phases   ] GC(606)   Other: 7.7ms
[2026-01-16T09:02:47.463+0000][gc,heap     ] GC(606) Eden regions: 50->0(49)
[2026-01-16T09:02:47.468+0000][gc,heap     ] GC(606) Survivor regions: 1->2(7)
[2026-01-16T09:02:47.470+0000][gc,heap     ] GC(606) Old regions: 215->215
[2026-01-16T09:02:47.471+0000][gc,heap     ] GC(606) Humongous regions: 114->114
[2026-01-16T09:02:47.473+0000][gc,metaspace] GC(606) Metaspace: 12755K(13184K)->12755K(13184K) NonClass: 11660K(11840K)->11660K(11840K) Class: 1094K(1344K)->1094K(1344K)
[2026-01-16T09:02:47.474+0000][gc          ] GC(606) Pause Young (Normal) (G1 Evacuation Pause) 379M->330M(1024M) 439.120ms
[2026-01-16T09:02:47.476+0000][gc,cpu      ] GC(606) User=0.12s Sys=0.02s Real=0.44s
[2026-01-16T09:02:48.976+0000][gc,start    ] GC(607) Pause Young (Normal) (G1 Evacuation Pause)
[2026-01-16T09:02:48.978+0000][gc,task     ] GC(607) Using 8 workers of 8 for evacuation
[2026-01-16T09:02:49.118+0000][gc,phases   ] GC(607)   Pre Evacuate Collection Set: 9.5ms
[2026-01-16T09:02:49.120+0000][gc,phases   ] GC(607)   Merge Heap Roots: 2.4ms
[2026-01-16T09:02:49.121+0000][gc,phases   ] GC(607)   Evacuate Collection Set: 120.1ms
[2026-01-16T09:02:49.121+0000][gc,phases   ] GC(607)   Post Evacuate Collection Set: 2.5ms
[2026-01-16T09:02:49.121+0000][gc,phases   ] GC(607)   Other: 5.5ms
[2026-01-16T09:02:49.122+0000][gc,heap     ] GC(607) Eden regions: 49->0(49)
[2026-01-16T09:02:49.122+0000][gc,heap     ] GC(607) Survivor regions: 2->2(7)
[2026-01-16T09:02:49.122+0000][gc,heap     ] GC(607) Old regions: 215->215
[2026-01-16T09:02:49.123+0000][gc,heap     ] GC(607) Humongous regions: 114->114
[2026-01-16T09:02:49.123+0000][gc,metaspace] GC(607) Metaspace: 12755K(13184K)->12755K(13184K) NonClass: 11660K(11840K)->11660K(11840K) Class: 1094K(1344K)->1094K(1344K)
[2026-01-16T09:02:49.123+0000][gc          ] GC(607) Pause Young (Normal) (G1 Evacuation Pause) 379M->330M(1024M) 147.804ms
[2026-01-16T09:02:49.124+0000][gc,cpu      ] GC(607) User=0.09s Sys=0.01s Real=0.15s
[2026-01-16T09:02:50.677+0000][gc,start    ] GC(608) Pause Young (Normal) (G1 Evacuation Pause)
[2026-01-16T09:02:50.693+0000][gc,task     ] GC(608) Using 8 workers of 8 for evacuation
[2026-01-16T09:02:50.981+0000][gc,mmu      ] GC(608) MMU target violated: 201.0ms (200.0ms/201.0ms)
[2026-01-16T09:02:50.981+0000][gc,phases   ] GC(608)   Pre Evacuate Collection Set: 38.0ms
[2026-01-16T09:02:50.982+0000][gc,phases   ] GC(608)   Merge Heap Roots: 2.5ms
[2026-01-16T09:02:50.982+0000][gc,phases   ] GC(608)   Evacuate Collection Set: 233.2ms
[2026-01-16T09:02:50.983+0000][gc,phases   ] GC(608)   Post Evacuate Collection Set: 12.8ms
[2026-01-16T09:02:50.983+0000][gc,phases   ] GC(608)   Other: 2.1ms
[2026-01-16T09:02:50.983+0000][gc,heap     ] GC(608) Eden regions: 49->0(48)
[2026-01-16T09:02:50.983+0000][gc,heap     ] GC(608) Survivor regions: 2->3(7)
[2026-01-16T09:02:50.984+0000][gc,heap     ] GC(608) Old regions: 215->215
[2026-01-16T09:02:50.984+0000][gc,heap     ] GC(608) Humongous regions: 114->114
[2026-01-16T09:02:50.984+0000][gc,metaspace] GC(608) Metaspace: 12755K(13184K)->12755K(13184K) NonClass: 11660K(11840K)->11660K(11840K) Class: 1094K(1344K)->1094K(1344K)
[2026-01-16T09:02:50.984+0000][gc          ] GC(608) Pause Young (Normal) (G1 Evacuation Pause) 379M->331M(1024M) 307.176ms
[2026-01-16T09:02:50.984+0000][gc,cpu      ] GC(608) User=0.17s Sys=0.02s Real=0.31s
[2026-01-16T09:02:52.121+0000][gc,start    ] GC(609) Pause Young (Normal) (G1 Evacuation Pause)
[2026-01-16T09:02:52.122+0000][gc,task     ] GC(609) Using 8 workers of 8 for evacuation
[2026-01-16T09:02:52.179+0000][gc,phases   ] GC(609)   Pre Evacuate Collection Set: 17.6ms
[2026-01-16T09:02:52.181+0000][gc,phases   ] GC(609)   Merge Heap Roots: 6.2ms
[2026-01-16T09:02:52.183+0000][gc,phases   ] GC(609)   Evacuate Collection Set: 25.4ms
[2026-01-16T09:02:52.184+0000][gc,phases   ] GC(609)   Post Evacuate Collection Set: 6.2ms
[2026-01-16T09:02:52.184+0000][gc,phases   ] GC(609)   Other: 1.6ms
[2026-01-16T09:02:52.186+0000][gc,heap     ] GC(609) Eden regions: 48->0(50)
[2026-01-16T09:02:52.186+0000][gc,heap     ] GC(609) Survivor regions: 3->1(7)
[2026-01-16T09:02:52.187+0000][gc,heap     ] GC(609) Old regions: 215->215
[2026-01-16T09:02:52.188+0000][gc,heap     ] GC(609) Humongous regions: 114->114
[2026-01-16T09:02:52.188+0000][gc,metaspace] GC(609) Metaspace: 12755K(13184K)->12755K(13184K) NonClass: 11660K(11840K)->11660K(11840K) Class: 1094K(1344K)->1094K(1344K)
[2026-01-16T09:02:52.194+0000][gc          ] GC(609) Pause Young (Normal) (G1 Evacuation Pause) 379M->329M(1024M) 72.777ms
[2026-01-16T09:02:52.196+0000][gc,cpu      ] GC(609) User=0.05s Sys=0.00s Real=0.08s
[2026-01-16T09:03:00.562+0000][gc,start    ] GC(610) Pause Young (Normal) (G1 Evacuation Pause)
[2026-01-16T09:03:00.565+0000][gc,task     ] GC(610) Using 8 workers of 8 for evacuation
[2026-01-16T09:03:00.745+0000][gc,phases   ] GC(610)   Pre Evacuate Collection Set: 34.5ms
[2026-01-16T09:03:00.745+0000][gc,phases   ] GC(610)   Merge Heap Roots: 2.3ms
[2026-01-16T09:03:00.747+0000][gc,phases   ] GC(610)   Evacuate Collection Set: 127.7ms
[2026-01-16T09:03:00.748+0000][gc,phases   ] GC(610)   Post Evacuate Collection Set: 14.9ms
[2026-01-16T09:03:00.748+0000][gc,phases   ] GC(610)   Other: 1.4ms
[2026-01-16T09:03:00.748+0000][gc,heap     ] GC(610) Eden regions: 64->0(50)
[2026-01-16T09:03:00.749+0000][gc,heap     ] GC(610) Survivor regions: 1->1(9)
[2026-01-16T09:03:00.749+0000][gc,heap     ] GC(610) Old regions: 215->215
[2026-01-16T09:03:00.750+0000][gc,heap     ] GC(610) Humongous regions: 114->114
[2026-01-16T09:03:00.750+0000][gc,metaspace] GC(610) Metaspace: 12755K(13184K)->12755K(13184K) NonClass: 11660K(11840K)->11660K(11840K) Class: 1094K(1344K)->1094K(1344K)
[2026-01-16T09:03:00.751+0000][gc          ] GC(610) Pause Young (Normal) (G1 Evacuation Pause) 393M->329M(1024M) 189.105ms
[2026-01-16T09:03:00.752+0000][gc,cpu      ] GC(610) User=0.14s Sys=0.01s Real=0.19s
[2026-01-16T09:03:04.965+0000][gc,start    ] GC(611) Pause Young (Normal) (G1 Evacuation Pause)
[2026-01-16T09:03:04.967+0000][gc,task     ] GC(611) Using 8 workers of 8 for evacuation
[2026-01-16T09:03:05.168+0000][gc,phases   ] GC(611)   Pre Evacuate Collection Set: 23.3ms
[2026-01-16T09:03:05.168+0000][gc,phases   ] GC(611)   Merge Heap Roots: 15.2ms
[2026-01-16T09:03:05.169+0000][gc,phases   ] GC(611)   Evacuate Collection Set: 139.1ms
[2026-01-16T09:03:05.169+0000][gc,phases   ] GC(611)   Post Evacuate Collection Set: 14.3ms
[2026-01-16T09:03:05.169+0000][gc,phases   ] GC(611)   Other: 9.5ms
[2026-01-16T09:03:05.169+0000][gc,heap     ] GC(611) Eden regions: 50->0(62)
[2026-01-16T09:03:05.170+0000][gc,heap     ] GC(611) Survivor regions: 1->1(7)
[2026-01-16T09:03:05.170+0000][gc,heap     ] GC(611) Old regions: 215->215
[2026-01-16T09:03:05.170+0000][gc,heap     ] GC(611) Humongous regions: 114->114
[2026-01-16T09:03:05.170+0000][gc,metaspace] GC(611) Metaspace: 12755K(13184K)->12755K(13184K) NonClass: 11660K(11840K)->11660K(11840K) Class: 1094K(1344K)->1094K(1344K)
[2026-01-16T09:03:05.173+0000][gc          ] GC(611) Pause Young (Normal) (G1 Evacuation Pause) 379M->329M(1024M) 209.579ms
[2026-01-16T09:03:05.173+0000][gc,cpu      ] GC(611) User=0.10s Sys=0.01s Real=0.21s
[2026-01-16T09:03:11.766+0000][gc,start    ] GC(612) Pause Young (Normal) (G1 Evacuation Pause)
[2026-01-16T09:03:11.769+0000][gc,task     ] GC(612) Using 8 workers of 8 for evacuation
[2026-01-16T09:03:11.957+0000][gc,phases   ] GC(612)   Pre Evacuate Collection Set: 10.1ms
[2026-01-16T09:03:11.960+0000][gc,phases   ] GC(612)   Merge Heap Roots: 5.3ms
[2026-01-16T09:03:11.962+0000][gc,phases   ] GC(612)   Evacuate Collection Set: 160.4ms
[2026-01-16T09:03:11.963+0000][gc,phases   ] GC(612)   Post Evacuate Collection Set: 10.4ms
[2026-01-16T09:03:11.964+0000][gc,phases   ] GC(612)   Other: 1.0ms
[2026-01-16T09:03:11.965+0000][gc,heap     ] GC(612) Eden regions: 77->0(55)
[2026-01-16T09:03:11.965+0000][gc,heap     ] GC(612) Survivor regions: 1->2(10)
[2026-01-16T09:03:11.966+0000][gc,heap     ] GC(612) Old regions: 215->215
[2026-01-16T09:03:11.967+0000][gc,heap     ] GC(612) Humongous regions: 114->114
[2026-01-16T09:03:11.967+0000][gc,metaspace] GC(612) Metaspace: 12755K(13184K)->12755K(13184K) NonClass: 11660K(11840K)->11660K(11840K) Class: 1094K(1344K)->1094K(1344K)
[2026-01-16T09:03:11.969+0000][gc          ] GC(612) Pause Young (Normal) (G1 Evacuation Pause) 406M->329M(1024M) 202.440ms
[2026-01-16T09:03:11.970+0000][gc,cpu      ] GC(612) User=0.15s Sys=0.00s Real=0.20s
[2026-01-16T09:03:18.382+0000][gc,start    ] GC(613) Pause Young (Normal) (G1 Evacuation Pause)
[2026-01-16T09:03:18.416+0000][gc,task     ] GC(613) Using 8 workers of 8 for evacuation
[2026-01-16T09:03:18.738+0000][gc,mmu      ] GC(613) MMU target violated: 201.0ms (200.0ms/201.0ms)
[2026-01-16T09:03:18.749+0000][gc,phases   ] GC(613)   Pre Evacuate Collection Set: 93.0ms
[2026-01-16T09:03:18.750+0000][gc,phases   ] GC(613)   Merge Heap Roots: 7.0ms
[2026-01-16T09:03:18.761+0000][gc,phases   ] GC(613)   Evacuate Collection Set: 202.2ms
[2026-01-16T09:03:18.761+0000][gc,phases   ] GC(613)   Post Evacuate Collection Set: 15.2ms
[2026-01-16T09:03:18.761+0000][gc,phases   ] GC(613)   Other: 20.1ms
[2026-01-16T09:03:18.762+0000][gc,heap     ] GC(613) Eden regions: 69->0(58)
[2026-01-16T09:03:18.762+0000][gc,heap     ] GC(613) Survivor regions: 2->1(9)
[2026-01-16T09:03:18.780+0000][gc,heap     ] GC(613) Old regions: 215->215
[2026-01-16T09:03:18.780+0000][gc,heap     ] GC(613) Humongous regions: 114->114
[2026-01-16T09:03:18.782+0000][gc,metaspace] GC(613) Metaspace: 12755K(13184K)->12755K(13184K) NonClass: 11660K(11840K)->11660K(11840K) Class: 1094K(1344K)->1094K(1344K)
[2026-01-16T09:03:18.783+0000][gc          ] GC(613) Pause Young (Normal) (G1 Evacuation Pause) 398M->329M(1024M) 401.085ms
[2026-01-16T09:03:18.785+0000][gc,cpu      ] GC(613) User=0.19s Sys=0.03s Real=0.40s
[2026-01-16T09:03:24.975+0000][gc,start    ] GC(614) Pause Young (Normal) (G1 Evacuation Pause)
[2026-01-16T09:03:24.980+0000][gc,task     ] GC(614) Using 8 workers of 8 for evacuation
[2026-01-16T09:03:27.862+0000][gc,mmu      ] GC(614) MMU target violated: 201.0ms (200.0ms/201.0ms)
[2026-01-16T09:03:27.862+0000][gc,phases   ] GC(614)   Pre Evacuate Collection Set: 54.4ms
[2026-01-16T09:03:27.865+0000][gc,phases   ] GC(614)   Merge Heap Roots: 0.7ms
[2026-01-16T09:03:27.866+0000][gc,phases   ] GC(614)   Evacuate Collection Set: 2733.7ms
[2026-01-16T09:03:27.869+0000][gc,phases   ] GC(614)   Post Evacuate Collection Set: 90.5ms
[2026-01-16T09:03:27.870+0000][gc,phases   ] GC(614)   Other: 3.5ms
[2026-01-16T09:03:27.874+0000][gc,heap     ] GC(614) Eden regions: 70->0(49)
[2026-01-16T09:03:27.874+0000][gc,heap     ] GC(614) Survivor regions: 1->2(9)
[2026-01-16T09:03:27.874+0000][gc,heap     ] GC(614) Old regions: 215->215
[2026-01-16T09:03:27.874+0000][gc,heap     ] GC(614) Humongous regions: 114->114
[2026-01-16T09:03:27.874+0000][gc,metaspace] GC(614) Metaspace: 12755K(13184K)->12755K(13184K) NonClass: 11660K(11840K)->11660K(11840K) Class: 1094K(1344K)->1094K(1344K)
[2026-01-16T09:03:27.875+0000][gc          ] GC(614) Pause Young (Normal) (G1 Evacuation Pause) 399M->330M(1024M) 2899.424ms
[2026-01-16T09:03:27.875+0000][gc,cpu      ] GC(614) User=0.94s Sys=0.14s Real=2.90s
[2026-01-16T09:03:36.120+0000][gc,start    ] GC(615) Pause Young (Normal) (G1 Evacuation Pause)
[2026-01-16T09:03:36.131+0000][gc,task     ] GC(615) Using 8 workers of 8 for evacuation
[2026-01-16T09:03:36.946+0000][gc,mmu      ] GC(615) MMU target violated: 201.0ms (200.0ms/201.0ms)
[2026-01-16T09:03:36.952+0000][gc,phases   ] GC(615)   Pre Evacuate Collection Set: 163.5ms
[2026-01-16T09:03:36.952+0000][gc,phases   ] GC(615)   Merge Heap Roots: 12.5ms
[2026-01-16T09:03:36.953+0000][gc,phases   ] GC(615)   Evacuate Collection Set: 609.2ms
[2026-01-16T09:03:36.953+0000][gc,phases   ] GC(615)   Post Evacuate Collection Set: 7.1ms
[2026-01-16T09:03:36.953+0000][gc,phases   ] GC(615)   Other: 31.4ms
[2026-01-16T09:03:36.953+0000][gc,heap     ] GC(615) Eden regions: 49->0(50)
[2026-01-16T09:03:36.953+0000][gc,heap     ] GC(615) Survivor regions: 2->1(7)
[2026-01-16T09:03:36.954+0000][gc,heap     ] GC(615) Old regions: 215->215
[2026-01-16T09:03:36.954+0000][gc,heap     ] GC(615) Humongous regions: 114->114
[2026-01-16T09:03:36.954+0000][gc,metaspace] GC(615) Metaspace: 12755K(13184K)->12755K(13184K) NonClass: 11660K(11840K)->11660K(11840K) Class: 1094K(1344K)->1094K(1344K)
[2026-01-16T09:03:36.954+0000][gc          ] GC(615) Pause Young (Normal) (G1 Evacuation Pause) 379M->329M(1024M) 834.236ms
[2026-01-16T09:03:36.954+0000][gc,cpu      ] GC(615) User=0.27s Sys=0.02s Real=0.84s
[2026-01-16T09:03:41.409+0000][gc,start    ] GC(616) Pause Young (Normal) (G1 Evacuation Pause)
[2026-01-16T09:03:41.415+0000][gc,task     ] GC(616) Using 8 workers of 8 for evacuation
[2026-01-16T09:03:41.885+0000][gc,mmu      ] GC(616) MMU target violated: 201.0ms (200.0ms/201.0ms)
[2026-01-16T09:03:41.889+0000][gc,phases   ] GC(616)   Pre Evacuate Collection Set: 81.8ms
[2026-01-16T09:03:41.893+0000][gc,phases   ] GC(616)   Merge Heap Roots: 22.7ms
[2026-01-16T09:03:41.895+0000][gc,phases   ] GC(616)   Evacuate Collection Set: 277.3ms
[2026-01-16T09:03:41.896+0000][gc,phases   ] GC(616)   Post Evacuate Collection Set: 85.0ms
[2026-01-16T09:03:41.898+0000][gc,phases   ] GC(616)   Other: 8.3ms
[2026-01-16T09:03:41.898+0000][gc,heap     ] GC(616) Eden regions: 50->0(49)
[2026-01-16T09:03:41.899+0000][gc,heap     ] GC(616) Survivor regions: 1->2(7)
[2026-01-16T09:03:41.899+0000][gc,heap     ] GC(616) Old regions: 215->215
[2026-01-16T09:03:41.899+0000][gc,heap     ] GC(616) Humongous regions: 123->123
[2026-01-16T09:03:41.899+0000][gc,metaspace] GC(616) Metaspace: 12755K(13184K)->12755K(13184K) NonClass: 11660K(11840K)->11660K(11840K) Class: 1094K(1344K)->1094K(1344K)
[2026-01-16T09:03:41.900+0000][gc          ] GC(616) Pause Young (Normal) (G1 Evacuation Pause) 388M->339M(1024M) 491.235ms
[2026-01-16T09:03:41.903+0000][gc,cpu      ] GC(616) User=0.28s Sys=0.02s Real=0.50s
[2026-01-16T09:03:45.076+0000][gc,start    ] GC(617) Pause Young (Normal) (G1 Evacuation Pause)
[2026-01-16T09:03:45.093+0000][gc,task     ] GC(617) Using 8 workers of 8 for evacuation
[2026-01-16T09:03:46.117+0000][gc,mmu      ] GC(617) MMU target violated: 201.0ms (200.0ms/201.0ms)
[2026-01-16T09:03:46.131+0000][gc,phases   ] GC(617)   Pre Evacuate Collection Set: 52.0ms
[2026-01-16T09:03:46.133+0000][gc,phases   ] GC(617)   Merge Heap Roots: 7.2ms
[2026-01-16T09:03:46.136+0000][gc,phases   ] GC(617)   Evacuate Collection Set: 845.0ms
[2026-01-16T09:03:46.136+0000][gc,phases   ] GC(617)   Post Evacuate Collection Set: 118.9ms
[2026-01-16T09:03:46.146+0000][gc,phases   ] GC(617)   Other: 28.7ms
[2026-01-16T09:03:46.149+0000][gc,heap     ] GC(617) Eden regions: 49->0(48)
[2026-01-16T09:03:46.151+0000][gc,heap     ] GC(617) Survivor regions: 2->3(7)
[2026-01-16T09:03:46.151+0000][gc,heap     ] GC(617) Old regions: 215->215
[2026-01-16T09:03:46.160+0000][gc,heap     ] GC(617) Humongous regions: 123->123
[2026-01-16T09:03:46.161+0000][gc,metaspace] GC(617) Metaspace: 12755K(13184K)->12755K(13184K) NonClass: 11660K(11840K)->11660K(11840K) Class: 1094K(1344K)->1094K(1344K)
[2026-01-16T09:03:46.164+0000][gc          ] GC(617) Pause Young (Normal) (G1 Evacuation Pause) 388M->339M(1024M) 1094.117ms
[2026-01-16T09:03:46.168+0000][gc,cpu      ] GC(617) User=0.39s Sys=0.05s Real=1.10s
[2026-01-16T09:03:49.227+0000][gc,start    ] GC(618) Pause Young (Normal) (G1 Evacuation Pause)
[2026-01-16T09:03:49.238+0000][gc,task     ] GC(618) Using 8 workers of 8 for evacuation
[2026-01-16T09:03:49.609+0000][gc,mmu      ] GC(618) MMU target violated: 201.0ms (200.0ms/201.0ms)
[2026-01-16T09:03:49.609+0000][gc,phases   ] GC(618)   Pre Evacuate Collection Set: 93.7ms
[2026-01-16T09:03:49.611+0000][gc,phases   ] GC(618)   Merge Heap Roots: 5.2ms
[2026-01-16T09:03:49.612+0000][gc,phases   ] GC(618)   Evacuate Collection Set: 231.3ms
[2026-01-16T09:03:49.612+0000][gc,phases   ] GC(618)   Post Evacuate Collection Set: 33.3ms
[2026-01-16T09:03:49.612+0000][gc,phases   ] GC(618)   Other: 7.9ms
[2026-01-16T09:03:49.612+0000][gc,heap     ] GC(618) Eden regions: 48->0(48)
[2026-01-16T09:03:49.612+0000][gc,heap     ] GC(618) Survivor regions: 3->3(7)
[2026-01-16T09:03:49.612+0000][gc,heap     ] GC(618) Old regions: 215->215
[2026-01-16T09:03:49.612+0000][gc,heap     ] GC(618) Humongous regions: 123->123
[2026-01-16T09:03:49.613+0000][gc,metaspace] GC(618) Metaspace: 12755K(13184K)->12755K(13184K) NonClass: 11660K(11840K)->11660K(11840K) Class: 1094K(1344K)->1094K(1344K)
[2026-01-16T09:03:49.613+0000][gc          ] GC(618) Pause Young (Normal) (G1 Evacuation Pause) 387M->340M(1024M) 387.075ms
[2026-01-16T09:03:49.614+0000][gc,cpu      ] GC(618) User=0.17s Sys=0.00s Real=0.39s
[2026-01-16T09:03:50.751+0000][gc,start    ] GC(619) Pause Young (Normal) (G1 Evacuation Pause)
[2026-01-16T09:03:50.754+0000][gc,task     ] GC(619) Using 8 workers of 8 for evacuation
[2026-01-16T09:03:50.878+0000][gc,phases   ] GC(619)   Pre Evacuate Collection Set: 5.4ms
[2026-01-16T09:03:50.880+0000][gc,phases   ] GC(619)   Merge Heap Roots: 10.0ms
[2026-01-16T09:03:50.880+0000][gc,phases   ] GC(619)   Evacuate Collection Set: 98.1ms
[2026-01-16T09:03:50.880+0000][gc,phases   ] GC(619)   Post Evacuate Collection Set: 4.2ms
[2026-01-16T09:03:50.880+0000][gc,phases   ] GC(619)   Other: 0.6ms
[2026-01-16T09:03:50.880+0000][gc,heap     ] GC(619) Eden regions: 48->0(48)
[2026-01-16T09:03:50.883+0000][gc,heap     ] GC(619) Survivor regions: 3->3(7)
[2026-01-16T09:03:50.886+0000][gc,heap     ] GC(619) Old regions: 215->215
[2026-01-16T09:03:50.886+0000][gc,heap     ] GC(619) Humongous regions: 123->123
[2026-01-16T09:03:50.887+0000][gc,metaspace] GC(619) Metaspace: 12755K(13184K)->12755K(13184K) NonClass: 11660K(11840K)->11660K(11840K) Class: 1094K(1344K)->1094K(1344K)
[2026-01-16T09:03:50.891+0000][gc          ] GC(619) Pause Young (Normal) (G1 Evacuation Pause) 388M->339M(1024M) 140.421ms
[2026-01-16T09:03:50.892+0000][gc,cpu      ] GC(619) User=0.04s Sys=0.01s Real=0.15s
[2026-01-16T09:03:51.756+0000][gc,start    ] GC(620) Pause Young (Normal) (G1 Evacuation Pause)
[2026-01-16T09:03:51.757+0000][gc,task     ] GC(620) Using 8 workers of 8 for evacuation
[2026-01-16T09:03:51.798+0000][gc,phases   ] GC(620)   Pre Evacuate Collection Set: 1.8ms
[2026-01-16T09:03:51.799+0000][gc,phases   ] GC(620)   Merge Heap Roots: 0.4ms
[2026-01-16T09:03:51.801+0000][gc,phases   ] GC(620)   Evacuate Collection Set: 37.1ms
[2026-01-16T09:03:51.801+0000][gc,phases   ] GC(620)   Post Evacuate Collection Set: 1.2ms
[2026-01-16T09:03:51.802+0000][gc,phases   ] GC(620)   Other: 1.0ms
[2026-01-16T09:03:51.802+0000][gc,heap     ] GC(620) Eden regions: 48->0(49)
[2026-01-16T09:03:51.803+0000][gc,heap     ] GC(620) Survivor regions: 3->2(7)
[2026-01-16T09:03:51.803+0000][gc,heap     ] GC(620) Old regions: 215->215
[2026-01-16T09:03:51.806+0000][gc,heap     ] GC(620) Humongous regions: 123->123
[2026-01-16T09:03:51.807+0000][gc,metaspace] GC(620) Metaspace: 12755K(13184K)->12755K(13184K) NonClass: 11660K(11840K)->11660K(11840K) Class: 1094K(1344K)->1094K(1344K)
[2026-01-16T09:03:51.807+0000][gc          ] GC(620) Pause Young (Normal) (G1 Evacuation Pause) 387M->338M(1024M) 51.226ms
[2026-01-16T09:03:51.807+0000][gc,cpu      ] GC(620) User=0.03s Sys=0.00s Real=0.05s
[2026-01-16T09:03:53.665+0000][gc,start    ] GC(621) Pause Young (Normal) (G1 Evacuation Pause)
[2026-01-16T09:03:53.670+0000][gc,task     ] GC(621) Using 8 workers of 8 for evacuation
[2026-01-16T09:03:53.985+0000][gc,mmu      ] GC(621) MMU target violated: 201.0ms (200.0ms/201.0ms)
[2026-01-16T09:03:53.986+0000][gc,phases   ] GC(621)   Pre Evacuate Collection Set: 53.6ms
[2026-01-16T09:03:53.986+0000][gc,phases   ] GC(621)   Merge Heap Roots: 2.6ms
[2026-01-16T09:03:53.987+0000][gc,phases   ] GC(621)   Evacuate Collection Set: 254.4ms
[2026-01-16T09:03:53.987+0000][gc,phases   ] GC(621)   Post Evacuate Collection Set: 1.2ms
[2026-01-16T09:03:53.988+0000][gc,phases   ] GC(621)   Other: 4.3ms
[2026-01-16T09:03:53.988+0000][gc,heap     ] GC(621) Eden regions: 49->0(49)
[2026-01-16T09:03:53.989+0000][gc,heap     ] GC(621) Survivor regions: 2->2(7)
[2026-01-16T09:03:53.991+0000][gc,heap     ] GC(621) Old regions: 215->215
[2026-01-16T09:03:53.998+0000][gc,heap     ] GC(621) Humongous regions: 123->123
[2026-01-16T09:03:54.003+0000][gc,metaspace] GC(621) Metaspace: 12755K(13184K)->12755K(13184K) NonClass: 11660K(11840K)->11660K(11840K) Class: 1094K(1344K)->1094K(1344K)
[2026-01-16T09:03:54.005+0000][gc          ] GC(621) Pause Young (Normal) (G1 Evacuation Pause) 387M->339M(1024M) 340.228ms
[2026-01-16T09:03:54.006+0000][gc,cpu      ] GC(621) User=0.08s Sys=0.01s Real=0.34s
[2026-01-16T09:03:58.901+0000][gc,start    ] GC(622) Pause Young (Normal) (G1 Evacuation Pause)
[2026-01-16T09:03:58.903+0000][gc,task     ] GC(622) Using 8 workers of 8 for evacuation
[2026-01-16T09:03:59.131+0000][gc,mmu      ] GC(622) MMU target violated: 201.0ms (200.0ms/201.0ms)
[2026-01-16T09:03:59.149+0000][gc,phases   ] GC(622)   Pre Evacuate Collection Set: 33.0ms
[2026-01-16T09:03:59.155+0000][gc,phases   ] GC(622)   Merge Heap Roots: 3.0ms
[2026-01-16T09:03:59.155+0000][gc,phases   ] GC(622)   Evacuate Collection Set: 183.3ms
[2026-01-16T09:03:59.156+0000][gc,phases   ] GC(622)   Post Evacuate Collection Set: 8.5ms
[2026-01-16T09:03:59.156+0000][gc,phases   ] GC(622)   Other: 18.8ms
[2026-01-16T09:03:59.158+0000][gc,heap     ] GC(622) Eden regions: 49->0(50)
[2026-01-16T09:03:59.160+0000][gc,heap     ] GC(622) Survivor regions: 2->1(7)
[2026-01-16T09:03:59.165+0000][gc,heap     ] GC(622) Old regions: 215->215
[2026-01-16T09:03:59.166+0000][gc,heap     ] GC(622) Humongous regions: 123->123
[2026-01-16T09:03:59.166+0000][gc,metaspace] GC(622) Metaspace: 12758K(13184K)->12758K(13184K) NonClass: 11664K(11840K)->11664K(11840K) Class: 1094K(1344K)->1094K(1344K)
[2026-01-16T09:03:59.167+0000][gc          ] GC(622) Pause Young (Normal) (G1 Evacuation Pause) 388M->338M(1024M) 266.514ms
[2026-01-16T09:03:59.167+0000][gc,cpu      ] GC(622) User=0.21s Sys=0.03s Real=0.27s
[2026-01-16T09:04:02.243+0000][gc,start    ] GC(623) Pause Young (Normal) (G1 Evacuation Pause)
[2026-01-16T09:04:02.246+0000][gc,task     ] GC(623) Using 8 workers of 8 for evacuation
[2026-01-16T09:04:02.655+0000][gc,mmu      ] GC(623) MMU target violated: 201.0ms (200.0ms/201.0ms)
[2026-01-16T09:04:02.655+0000][gc,phases   ] GC(623)   Pre Evacuate Collection Set: 33.9ms
[2026-01-16T09:04:02.655+0000][gc,phases   ] GC(623)   Merge Heap Roots: 3.8ms
[2026-01-16T09:04:02.657+0000][gc,phases   ] GC(623)   Evacuate Collection Set: 336.7ms
[2026-01-16T09:04:02.658+0000][gc,phases   ] GC(623)   Post Evacuate Collection Set: 26.5ms
[2026-01-16T09:04:02.658+0000][gc,phases   ] GC(623)   Other: 8.3ms
[2026-01-16T09:04:02.659+0000][gc,heap     ] GC(623) Eden regions: 50->0(49)
[2026-01-16T09:04:02.659+0000][gc,heap     ] GC(623) Survivor regions: 1->2(7)
[2026-01-16T09:04:02.660+0000][gc,heap     ] GC(623) Old regions: 215->215
[2026-01-16T09:04:02.660+0000][gc,heap     ] GC(623) Humongous regions: 123->123
[2026-01-16T09:04:02.661+0000][gc,metaspace] GC(623) Metaspace: 12766K(13248K)->12766K(13248K) NonClass: 11671K(11904K)->11671K(11904K) Class: 1094K(1344K)->1094K(1344K)
[2026-01-16T09:04:02.662+0000][gc          ] GC(623) Pause Young (Normal) (G1 Evacuation Pause) 388M->339M(1024M) 418.884ms
[2026-01-16T09:04:02.663+0000][gc,cpu      ] GC(623) User=0.22s Sys=0.01s Real=0.42s
[2026-01-16T09:04:06.487+0000][gc,start    ] GC(624) Pause Young (Normal) (G1 Evacuation Pause)
[2026-01-16T09:04:06.490+0000][gc,task     ] GC(624) Using 8 workers of 8 for evacuation
[2026-01-16T09:04:06.907+0000][gc,mmu      ] GC(624) MMU target violated: 201.0ms (200.0ms/201.0ms)
[2026-01-16T09:04:06.930+0000][gc,phases   ] GC(624)   Pre Evacuate Collection Set: 49.1ms
[2026-01-16T09:04:06.936+0000][gc,phases   ] GC(624)   Merge Heap Roots: 10.1ms
[2026-01-16T09:04:06.937+0000][gc,phases   ] GC(624)   Evacuate Collection Set: 317.1ms
[2026-01-16T09:04:06.938+0000][gc,phases   ] GC(624)   Post Evacuate Collection Set: 31.9ms
[2026-01-16T09:04:06.938+0000][gc,phases   ] GC(624)   Other: 32.9ms
[2026-01-16T09:04:06.939+0000][gc,heap     ] GC(624) Eden regions: 49->0(50)
[2026-01-16T09:04:06.943+0000][gc,heap     ] GC(624) Survivor regions: 2->1(7)
[2026-01-16T09:04:06.952+0000][gc,heap     ] GC(624) Old regions: 215->215
[2026-01-16T09:04:06.952+0000][gc,heap     ] GC(624) Humongous regions: 123->123
[2026-01-16T09:04:06.953+0000][gc,metaspace] GC(624) Metaspace: 12766K(13248K)->12766K(13248K) NonClass: 11671K(11904K)->11671K(11904K) Class: 1094K(1344K)->1094K(1344K)
[2026-01-16T09:04:06.953+0000][gc          ] GC(624) Pause Young (Normal) (G1 Evacuation Pause) 388M->338M(1024M) 466.247ms
[2026-01-16T09:04:06.965+0000][gc,cpu      ] GC(624) User=0.17s Sys=0.01s Real=0.48s
[2026-01-16T09:04:11.558+0000][gc,start    ] GC(625) Pause Young (Normal) (G1 Evacuation Pause)
[2026-01-16T09:04:11.561+0000][gc,task     ] GC(625) Using 8 workers of 8 for evacuation
[2026-01-16T09:04:12.027+0000][gc,mmu      ] GC(625) MMU target violated: 201.0ms (200.0ms/201.0ms)
[2026-01-16T09:04:12.029+0000][gc,phases   ] GC(625)   Pre Evacuate Collection Set: 55.3ms
[2026-01-16T09:04:12.030+0000][gc,phases   ] GC(625)   Merge Heap Roots: 9.1ms
[2026-01-16T09:04:12.033+0000][gc,phases   ] GC(625)   Evacuate Collection Set: 387.7ms
[2026-01-16T09:04:12.035+0000][gc,phases   ] GC(625)   Post Evacuate Collection Set: 12.8ms
[2026-01-16T09:04:12.036+0000][gc,phases   ] GC(625)   Other: 3.8ms
[2026-01-16T09:04:12.038+0000][gc,heap     ] GC(625) Eden regions: 50->0(49)
[2026-01-16T09:04:12.040+0000][gc,heap     ] GC(625) Survivor regions: 1->2(7)
[2026-01-16T09:04:12.040+0000][gc,heap     ] GC(625) Old regions: 215->215
[2026-01-16T09:04:12.042+0000][gc,heap     ] GC(625) Humongous regions: 123->123
[2026-01-16T09:04:12.044+0000][gc,metaspace] GC(625) Metaspace: 12766K(13248K)->12766K(13248K) NonClass: 11671K(11904K)->11671K(11904K) Class: 1094K(1344K)->1094K(1344K)
[2026-01-16T09:04:12.046+0000][gc          ] GC(625) Pause Young (Normal) (G1 Evacuation Pause) 388M->339M(1024M) 487.919ms
[2026-01-16T09:04:12.049+0000][gc,cpu      ] GC(625) User=0.25s Sys=0.02s Real=0.49s
[2026-01-16T09:04:16.222+0000][gc,start    ] GC(626) Pause Young (Normal) (G1 Evacuation Pause)
[2026-01-16T09:04:16.234+0000][gc,task     ] GC(626) Using 8 workers of 8 for evacuation
[2026-01-16T09:04:16.639+0000][gc,mmu      ] GC(626) MMU target violated: 201.0ms (200.0ms/201.0ms)
[2026-01-16T09:04:16.642+0000][gc,phases   ] GC(626)   Pre Evacuate Collection Set: 137.9ms
[2026-01-16T09:04:16.642+0000][gc,phases   ] GC(626)   Merge Heap Roots: 14.2ms
[2026-01-16T09:04:16.644+0000][gc,phases   ] GC(626)   Evacuate Collection Set: 224.6ms
[2026-01-16T09:04:16.644+0000][gc,phases   ] GC(626)   Post Evacuate Collection Set: 20.2ms
[2026-01-16T09:04:16.644+0000][gc,phases   ] GC(626)   Other: 16.7ms
[2026-01-16T09:04:16.645+0000][gc,heap     ] GC(626) Eden regions: 49->0(50)
[2026-01-16T09:04:16.645+0000][gc,heap     ] GC(626) Survivor regions: 2->1(7)
[2026-01-16T09:04:16.645+0000][gc,heap     ] GC(626) Old regions: 215->215
[2026-01-16T09:04:16.645+0000][gc,heap     ] GC(626) Humongous regions: 123->123
[2026-01-16T09:04:16.645+0000][gc,metaspace] GC(626) Metaspace: 12766K(13248K)->12766K(13248K) NonClass: 11671K(11904K)->11671K(11904K) Class: 1094K(1344K)->1094K(1344K)
[2026-01-16T09:04:16.645+0000][gc          ] GC(626) Pause Young (Normal) (G1 Evacuation Pause) 388M->338M(1024M) 423.551ms
[2026-01-16T09:04:16.646+0000][gc,cpu      ] GC(626) User=0.10s Sys=0.00s Real=0.43s
[2026-01-16T09:04:21.310+0000][gc,start    ] GC(627) Pause Young (Normal) (G1 Evacuation Pause)
[2026-01-16T09:04:21.315+0000][gc,task     ] GC(627) Using 8 workers of 8 for evacuation
[2026-01-16T09:04:21.778+0000][gc,mmu      ] GC(627) MMU target violated: 201.0ms (200.0ms/201.0ms)
[2026-01-16T09:04:21.796+0000][gc,phases   ] GC(627)   Pre Evacuate Collection Set: 49.0ms
[2026-01-16T09:04:21.796+0000][gc,phases   ] GC(627)   Merge Heap Roots: 2.8ms
[2026-01-16T09:04:21.797+0000][gc,phases   ] GC(627)   Evacuate Collection Set: 354.0ms
[2026-01-16T09:04:21.805+0000][gc,phases   ] GC(627)   Post Evacuate Collection Set: 55.3ms
[2026-01-16T09:04:21.825+0000][gc,phases   ] GC(627)   Other: 20.5ms
[2026-01-16T09:04:21.826+0000][gc,heap     ] GC(627) Eden regions: 50->0(49)
[2026-01-16T09:04:21.826+0000][gc,heap     ] GC(627) Survivor regions: 1->2(7)
[2026-01-16T09:04:21.827+0000][gc,heap     ] GC(627) Old regions: 215->215
[2026-01-16T09:04:21.827+0000][gc,heap     ] GC(627) Humongous regions: 123->123
[2026-01-16T09:04:21.828+0000][gc,metaspace] GC(627) Metaspace: 12768K(13248K)->12768K(13248K) NonClass: 11673K(11904K)->11673K(11904K) Class: 1094K(1344K)->1094K(1344K)
[2026-01-16T09:04:21.829+0000][gc          ] GC(627) Pause Young (Normal) (G1 Evacuation Pause) 388M->338M(1024M) 518.907ms
[2026-01-16T09:04:21.833+0000][gc,cpu      ] GC(627) User=0.28s Sys=0.03s Real=0.53s
[2026-01-16T09:04:25.218+0000][gc,start    ] GC(628) Pause Young (Normal) (G1 Evacuation Pause)
[2026-01-16T09:04:25.235+0000][gc,task     ] GC(628) Using 8 workers of 8 for evacuation
[2026-01-16T09:04:25.551+0000][gc,mmu      ] GC(628) MMU target violated: 201.0ms (200.0ms/201.0ms)
[2026-01-16T09:04:25.553+0000][gc,phases   ] GC(628)   Pre Evacuate Collection Set: 66.6ms
[2026-01-16T09:04:25.553+0000][gc,phases   ] GC(628)   Merge Heap Roots: 2.5ms
[2026-01-16T09:04:25.554+0000][gc,phases   ] GC(628)   Evacuate Collection Set: 196.9ms
[2026-01-16T09:04:25.554+0000][gc,phases   ] GC(628)   Post Evacuate Collection Set: 45.6ms
[2026-01-16T09:04:25.556+0000][gc,phases   ] GC(628)   Other: 6.6ms
[2026-01-16T09:04:25.558+0000][gc,heap     ] GC(628) Eden regions: 49->0(50)
[2026-01-16T09:04:25.560+0000][gc,heap     ] GC(628) Survivor regions: 2->1(7)
[2026-01-16T09:04:25.562+0000][gc,heap     ] GC(628) Old regions: 215->215
[2026-01-16T09:04:25.567+0000][gc,heap     ] GC(628) Humongous regions: 123->123
[2026-01-16T09:04:25.568+0000][gc,metaspace] GC(628) Metaspace: 12769K(13248K)->12769K(13248K) NonClass: 11674K(11904K)->11674K(11904K) Class: 1095K(1344K)->1095K(1344K)
[2026-01-16T09:04:25.569+0000][gc          ] GC(628) Pause Young (Normal) (G1 Evacuation Pause) 387M->338M(1024M) 351.124ms
[2026-01-16T09:04:25.571+0000][gc,cpu      ] GC(628) User=0.18s Sys=0.02s Real=0.35s
[2026-01-16T09:04:30.427+0000][gc,start    ] GC(629) Pause Young (Normal) (G1 Evacuation Pause)
[2026-01-16T09:04:30.429+0000][gc,task     ] GC(629) Using 8 workers of 8 for evacuation
[2026-01-16T09:04:30.924+0000][gc,mmu      ] GC(629) MMU target violated: 201.0ms (200.0ms/201.0ms)
[2026-01-16T09:04:30.927+0000][gc,phases   ] GC(629)   Pre Evacuate Collection Set: 74.3ms
[2026-01-16T09:04:30.928+0000][gc,phases   ] GC(629)   Merge Heap Roots: 1.1ms
[2026-01-16T09:04:30.930+0000][gc,phases   ] GC(629)   Evacuate Collection Set: 393.6ms
[2026-01-16T09:04:30.931+0000][gc,phases   ] GC(629)   Post Evacuate Collection Set: 16.1ms
[2026-01-16T09:04:30.932+0000][gc,phases   ] GC(629)   Other: 12.2ms
[2026-01-16T09:04:30.933+0000][gc,heap     ] GC(629) Eden regions: 50->0(50)
[2026-01-16T09:04:30.934+0000][gc,heap     ] GC(629) Survivor regions: 1->1(7)
[2026-01-16T09:04:30.935+0000][gc,heap     ] GC(629) Old regions: 215->215
[2026-01-16T09:04:30.936+0000][gc,heap     ] GC(629) Humongous regions: 123->123
[2026-01-16T09:04:30.936+0000][gc,metaspace] GC(629) Metaspace: 12769K(13248K)->12769K(13248K) NonClass: 11674K(11904K)->11674K(11904K) Class: 1095K(1344K)->1095K(1344K)
[2026-01-16T09:04:30.938+0000][gc          ] GC(629) Pause Young (Normal) (G1 Evacuation Pause) 388M->338M(1024M) 510.806ms
[2026-01-16T09:04:30.939+0000][gc,cpu      ] GC(629) User=0.30s Sys=0.02s Real=0.51s
[2026-01-16T09:04:35.436+0000][gc,start    ] GC(630) Pause Young (Normal) (G1 Evacuation Pause)
[2026-01-16T09:04:35.440+0000][gc,task     ] GC(630) Using 8 workers of 8 for evacuation
[2026-01-16T09:04:36.169+0000][gc,mmu      ] GC(630) MMU target violated: 201.0ms (200.0ms/201.0ms)
[2026-01-16T09:04:36.171+0000][gc,phases   ] GC(630)   Pre Evacuate Collection Set: 56.7ms
[2026-01-16T09:04:36.175+0000][gc,phases   ] GC(630)   Merge Heap Roots: 3.1ms
[2026-01-16T09:04:36.177+0000][gc,phases   ] GC(630)   Evacuate Collection Set: 576.5ms
[2026-01-16T09:04:36.178+0000][gc,phases   ] GC(630)   Post Evacuate Collection Set: 83.8ms
[2026-01-16T09:04:36.178+0000][gc,phases   ] GC(630)   Other: 12.1ms
[2026-01-16T09:04:36.178+0000][gc,heap     ] GC(630) Eden regions: 50->0(49)
[2026-01-16T09:04:36.179+0000][gc,heap     ] GC(630) Survivor regions: 1->2(7)
[2026-01-16T09:04:36.179+0000][gc,heap     ] GC(630) Old regions: 215->216
[2026-01-16T09:04:36.180+0000][gc,heap     ] GC(630) Humongous regions: 123->123
[2026-01-16T09:04:36.181+0000][gc,metaspace] GC(630) Metaspace: 12769K(13248K)->12769K(13248K) NonClass: 11674K(11904K)->11674K(11904K) Class: 1095K(1344K)->1095K(1344K)
[2026-01-16T09:04:36.183+0000][gc          ] GC(630) Pause Young (Normal) (G1 Evacuation Pause) 388M->339M(1024M) 746.949ms
[2026-01-16T09:04:36.184+0000][gc,cpu      ] GC(630) User=0.31s Sys=0.04s Real=0.75s
[2026-01-16T09:04:39.443+0000][gc,start    ] GC(631) Pause Young (Normal) (G1 Evacuation Pause)
[2026-01-16T09:04:39.470+0000][gc,task     ] GC(631) Using 8 workers of 8 for evacuation
[2026-01-16T09:04:40.124+0000][gc,mmu      ] GC(631) MMU target violated: 201.0ms (200.0ms/201.0ms)
[2026-01-16T09:04:40.137+0000][gc,phases   ] GC(631)   Pre Evacuate Collection Set: 65.6ms
[2026-01-16T09:04:40.141+0000][gc,phases   ] GC(631)   Merge Heap Roots: 5.4ms
[2026-01-16T09:04:40.141+0000][gc,phases   ] GC(631)   Evacuate Collection Set: 543.2ms
[2026-01-16T09:04:40.155+0000][gc,phases   ] GC(631)   Post Evacuate Collection Set: 33.9ms
[2026-01-16T09:04:40.175+0000][gc,phases   ] GC(631)   Other: 38.4ms
[2026-01-16T09:04:40.179+0000][gc,heap     ] GC(631) Eden regions: 49->0(49)
[2026-01-16T09:04:40.179+0000][gc,heap     ] GC(631) Survivor regions: 2->2(7)
[2026-01-16T09:04:40.179+0000][gc,heap     ] GC(631) Old regions: 216->216
[2026-01-16T09:04:40.180+0000][gc,heap     ] GC(631) Humongous regions: 123->123
[2026-01-16T09:04:40.180+0000][gc,metaspace] GC(631) Metaspace: 12769K(13248K)->12769K(13248K) NonClass: 11674K(11904K)->11674K(11904K) Class: 1095K(1344K)->1095K(1344K)
[2026-01-16T09:04:40.181+0000][gc          ] GC(631) Pause Young (Normal) (G1 Evacuation Pause) 388M->339M(1024M) 737.522ms
[2026-01-16T09:04:40.181+0000][gc,cpu      ] GC(631) User=0.32s Sys=0.02s Real=0.74s
[2026-01-16T09:04:44.183+0000][gc,start    ] GC(632) Pause Young (Normal) (G1 Evacuation Pause)
[2026-01-16T09:04:44.184+0000][gc,task     ] GC(632) Using 8 workers of 8 for evacuation
[2026-01-16T09:04:44.532+0000][gc,mmu      ] GC(632) MMU target violated: 201.0ms (200.0ms/201.0ms)
[2026-01-16T09:04:44.534+0000][gc,phases   ] GC(632)   Pre Evacuate Collection Set: 86.2ms
[2026-01-16T09:04:44.536+0000][gc,phases   ] GC(632)   Merge Heap Roots: 5.3ms
[2026-01-16T09:04:44.537+0000][gc,phases   ] GC(632)   Evacuate Collection Set: 238.1ms
[2026-01-16T09:04:44.537+0000][gc,phases   ] GC(632)   Post Evacuate Collection Set: 18.1ms
[2026-01-16T09:04:44.538+0000][gc,phases   ] GC(632)   Other: 2.7ms
[2026-01-16T09:04:44.539+0000][gc,heap     ] GC(632) Eden regions: 49->0(49)
[2026-01-16T09:04:44.539+0000][gc,heap     ] GC(632) Survivor regions: 2->2(7)
[2026-01-16T09:04:44.540+0000][gc,heap     ] GC(632) Old regions: 216->216
[2026-01-16T09:04:44.540+0000][gc,heap     ] GC(632) Humongous regions: 123->123
[2026-01-16T09:04:44.542+0000][gc,metaspace] GC(632) Metaspace: 12769K(13248K)->12769K(13248K) NonClass: 11674K(11904K)->11674K(11904K) Class: 1095K(1344K)->1095K(1344K)
[2026-01-16T09:04:44.551+0000][gc          ] GC(632) Pause Young (Normal) (G1 Evacuation Pause) 388M->339M(1024M) 368.524ms
[2026-01-16T09:04:44.552+0000][gc,cpu      ] GC(632) User=0.14s Sys=0.01s Real=0.36s
[2026-01-16T09:04:46.116+0000][gc,start    ] GC(633) Pause Young (Normal) (G1 Evacuation Pause)
[2026-01-16T09:04:46.122+0000][gc,task     ] GC(633) Using 8 workers of 8 for evacuation
[2026-01-16T09:04:46.388+0000][gc,mmu      ] GC(633) MMU target violated: 201.0ms (200.0ms/201.0ms)
[2026-01-16T09:04:46.389+0000][gc,phases   ] GC(633)   Pre Evacuate Collection Set: 32.8ms
[2026-01-16T09:04:46.389+0000][gc,phases   ] GC(633)   Merge Heap Roots: 2.9ms
[2026-01-16T09:04:46.390+0000][gc,phases   ] GC(633)   Evacuate Collection Set: 214.5ms
[2026-01-16T09:04:46.390+0000][gc,phases   ] GC(633)   Post Evacuate Collection Set: 11.1ms
[2026-01-16T09:04:46.391+0000][gc,phases   ] GC(633)   Other: 6.1ms
[2026-01-16T09:04:46.392+0000][gc,heap     ] GC(633) Eden regions: 49->0(48)
[2026-01-16T09:04:46.392+0000][gc,heap     ] GC(633) Survivor regions: 2->3(7)
[2026-01-16T09:04:46.392+0000][gc,heap     ] GC(633) Old regions: 216->216
[2026-01-16T09:04:46.393+0000][gc,heap     ] GC(633) Humongous regions: 123->123
[2026-01-16T09:04:46.394+0000][gc,metaspace] GC(633) Metaspace: 12771K(13248K)->12771K(13248K) NonClass: 11676K(11904K)->11676K(11904K) Class: 1095K(1344K)->1095K(1344K)
[2026-01-16T09:04:46.395+0000][gc          ] GC(633) Pause Young (Normal) (G1 Evacuation Pause) 388M->340M(1024M) 278.718ms
[2026-01-16T09:04:46.397+0000][gc,cpu      ] GC(633) User=0.10s Sys=0.00s Real=0.28s
[2026-01-16T09:04:48.652+0000][gc,start    ] GC(634) Pause Young (Normal) (G1 Evacuation Pause)
[2026-01-16T09:04:48.659+0000][gc,task     ] GC(634) Using 8 workers of 8 for evacuation
[2026-01-16T09:04:48.943+0000][gc,mmu      ] GC(634) MMU target violated: 201.0ms (200.0ms/201.0ms)
[2026-01-16T09:04:48.945+0000][gc,phases   ] GC(634)   Pre Evacuate Collection Set: 23.5ms
[2026-01-16T09:04:48.953+0000][gc,phases   ] GC(634)   Merge Heap Roots: 2.4ms
[2026-01-16T09:04:48.965+0000][gc,phases   ] GC(634)   Evacuate Collection Set: 240.0ms
[2026-01-16T09:04:48.967+0000][gc,phases   ] GC(634)   Post Evacuate Collection Set: 15.8ms
[2026-01-16T09:04:48.969+0000][gc,phases   ] GC(634)   Other: 5.0ms
[2026-01-16T09:04:48.970+0000][gc,heap     ] GC(634) Eden regions: 48->0(49)
[2026-01-16T09:04:48.971+0000][gc,heap     ] GC(634) Survivor regions: 3->2(7)
[2026-01-16T09:04:48.976+0000][gc,heap     ] GC(634) Old regions: 216->216
[2026-01-16T09:04:48.992+0000][gc,heap     ] GC(634) Humongous regions: 123->123
[2026-01-16T09:04:48.996+0000][gc,metaspace] GC(634) Metaspace: 12771K(13248K)->12771K(13248K) NonClass: 11676K(11904K)->11676K(11904K) Class: 1095K(1344K)->1095K(1344K)
[2026-01-16T09:04:48.999+0000][gc          ] GC(634) Pause Young (Normal) (G1 Evacuation Pause) 388M->339M(1024M) 346.757ms
[2026-01-16T09:04:49.002+0000][gc,cpu      ] GC(634) User=0.14s Sys=0.02s Real=0.36s
[2026-01-16T09:04:54.835+0000][gc,start    ] GC(635) Pause Young (Normal) (G1 Evacuation Pause)
[2026-01-16T09:04:54.836+0000][gc,task     ] GC(635) Using 8 workers of 8 for evacuation
[2026-01-16T09:04:54.993+0000][gc,phases   ] GC(635)   Pre Evacuate Collection Set: 32.6ms
[2026-01-16T09:04:54.993+0000][gc,phases   ] GC(635)   Merge Heap Roots: 2.8ms
[2026-01-16T09:04:54.994+0000][gc,phases   ] GC(635)   Evacuate Collection Set: 106.9ms
[2026-01-16T09:04:54.995+0000][gc,phases   ] GC(635)   Post Evacuate Collection Set: 13.8ms
[2026-01-16T09:04:55.000+0000][gc,phases   ] GC(635)   Other: 1.3ms
[2026-01-16T09:04:55.000+0000][gc,heap     ] GC(635) Eden regions: 49->0(50)
[2026-01-16T09:04:55.001+0000][gc,heap     ] GC(635) Survivor regions: 2->1(7)
[2026-01-16T09:04:55.001+0000][gc,heap     ] GC(635) Old regions: 216->216
[2026-01-16T09:04:55.001+0000][gc,heap     ] GC(635) Humongous regions: 123->123
[2026-01-16T09:04:55.001+0000][gc,metaspace] GC(635) Metaspace: 12771K(13248K)->12771K(13248K) NonClass: 11676K(11904K)->11676K(11904K) Class: 1095K(1344K)->1095K(1344K)
[2026-01-16T09:04:55.001+0000][gc          ] GC(635) Pause Young (Normal) (G1 Evacuation Pause) 388M->338M(1024M) 166.872ms
[2026-01-16T09:04:55.001+0000][gc,cpu      ] GC(635) User=0.10s Sys=0.00s Real=0.16s
[2026-01-16T09:04:58.885+0000][gc,start    ] GC(636) Pause Young (Normal) (G1 Evacuation Pause)
[2026-01-16T09:04:58.886+0000][gc,task     ] GC(636) Using 8 workers of 8 for evacuation
[2026-01-16T09:04:59.588+0000][gc,mmu      ] GC(636) MMU target violated: 201.0ms (200.0ms/201.0ms)
[2026-01-16T09:04:59.589+0000][gc,phases   ] GC(636)   Pre Evacuate Collection Set: 89.0ms
[2026-01-16T09:04:59.590+0000][gc,phases   ] GC(636)   Merge Heap Roots: 9.9ms
[2026-01-16T09:04:59.591+0000][gc,phases   ] GC(636)   Evacuate Collection Set: 575.1ms
[2026-01-16T09:04:59.592+0000][gc,phases   ] GC(636)   Post Evacuate Collection Set: 24.9ms
[2026-01-16T09:04:59.593+0000][gc,phases   ] GC(636)   Other: 4.8ms
[2026-01-16T09:04:59.597+0000][gc,heap     ] GC(636) Eden regions: 50->0(50)
[2026-01-16T09:04:59.600+0000][gc,heap     ] GC(636) Survivor regions: 1->1(7)
[2026-01-16T09:04:59.601+0000][gc,heap     ] GC(636) Old regions: 216->216
[2026-01-16T09:04:59.602+0000][gc,heap     ] GC(636) Humongous regions: 123->123
[2026-01-16T09:04:59.603+0000][gc,metaspace] GC(636) Metaspace: 12771K(13248K)->12771K(13248K) NonClass: 11676K(11904K)->11676K(11904K) Class: 1095K(1344K)->1095K(1344K)
[2026-01-16T09:04:59.604+0000][gc          ] GC(636) Pause Young (Normal) (G1 Evacuation Pause) 388M->338M(1024M) 720.081ms
[2026-01-16T09:04:59.614+0000][gc,cpu      ] GC(636) User=0.32s Sys=0.03s Real=0.73s
[2026-01-16T09:05:05.614+0000][gc,start    ] GC(637) Pause Young (Normal) (G1 Evacuation Pause)
[2026-01-16T09:05:05.630+0000][gc,task     ] GC(637) Using 8 workers of 8 for evacuation
[2026-01-16T09:05:06.257+0000][gc,mmu      ] GC(637) MMU target violated: 201.0ms (200.0ms/201.0ms)
[2026-01-16T09:05:06.257+0000][gc,phases   ] GC(637)   Pre Evacuate Collection Set: 101.7ms
[2026-01-16T09:05:06.260+0000][gc,phases   ] GC(637)   Merge Heap Roots: 2.2ms
[2026-01-16T09:05:06.262+0000][gc,phases   ] GC(637)   Evacuate Collection Set: 483.7ms
[2026-01-16T09:05:06.267+0000][gc,phases   ] GC(637)   Post Evacuate Collection Set: 37.9ms
[2026-01-16T09:05:06.267+0000][gc,phases   ] GC(637)   Other: 4.4ms
[2026-01-16T09:05:06.267+0000][gc,heap     ] GC(637) Eden regions: 50->0(48)
[2026-01-16T09:05:06.270+0000][gc,heap     ] GC(637) Survivor regions: 1->3(7)
[2026-01-16T09:05:06.271+0000][gc,heap     ] GC(637) Old regions: 216->216
[2026-01-16T09:05:06.271+0000][gc,heap     ] GC(637) Humongous regions: 123->123
[2026-01-16T09:05:06.271+0000][gc,metaspace] GC(637) Metaspace: 12771K(13248K)->12771K(13248K) NonClass: 11676K(11904K)->11676K(11904K) Class: 1095K(1344K)->1095K(1344K)
[2026-01-16T09:05:06.271+0000][gc          ] GC(637) Pause Young (Normal) (G1 Evacuation Pause) 388M->340M(1024M) 657.139ms
[2026-01-16T09:05:06.287+0000][gc,cpu      ] GC(637) User=0.40s Sys=0.07s Real=0.66s
[2026-01-16T09:05:10.171+0000][gc,start    ] GC(638) Pause Young (Normal) (G1 Evacuation Pause)
[2026-01-16T09:05:10.174+0000][gc,task     ] GC(638) Using 8 workers of 8 for evacuation
[2026-01-16T09:05:10.454+0000][gc,mmu      ] GC(638) MMU target violated: 201.0ms (200.0ms/201.0ms)
[2026-01-16T09:05:10.457+0000][gc,phases   ] GC(638)   Pre Evacuate Collection Set: 16.8ms
[2026-01-16T09:05:10.457+0000][gc,phases   ] GC(638)   Merge Heap Roots: 3.4ms
[2026-01-16T09:05:10.458+0000][gc,phases   ] GC(638)   Evacuate Collection Set: 246.0ms
[2026-01-16T09:05:10.458+0000][gc,phases   ] GC(638)   Post Evacuate Collection Set: 12.9ms
[2026-01-16T09:05:10.459+0000][gc,phases   ] GC(638)   Other: 4.1ms
[2026-01-16T09:05:10.460+0000][gc,heap     ] GC(638) Eden regions: 48->0(50)
[2026-01-16T09:05:10.460+0000][gc,heap     ] GC(638) Survivor regions: 3->1(7)
[2026-01-16T09:05:10.461+0000][gc,heap     ] GC(638) Old regions: 216->216
[2026-01-16T09:05:10.461+0000][gc,heap     ] GC(638) Humongous regions: 123->123
[2026-01-16T09:05:10.461+0000][gc,metaspace] GC(638) Metaspace: 12771K(13248K)->12771K(13248K) NonClass: 11676K(11904K)->11676K(11904K) Class: 1095K(1344K)->1095K(1344K)
[2026-01-16T09:05:10.462+0000][gc          ] GC(638) Pause Young (Normal) (G1 Evacuation Pause) 388M->338M(1024M) 291.886ms
[2026-01-16T09:05:10.464+0000][gc,cpu      ] GC(638) User=0.14s Sys=0.02s Real=0.30s
[2026-01-16T09:05:14.710+0000][gc,start    ] GC(639) Pause Young (Normal) (G1 Evacuation Pause)
[2026-01-16T09:05:14.714+0000][gc,task     ] GC(639) Using 8 workers of 8 for evacuation
[2026-01-16T09:05:15.022+0000][gc,mmu      ] GC(639) MMU target violated: 201.0ms (200.0ms/201.0ms)
[2026-01-16T09:05:15.029+0000][gc,phases   ] GC(639)   Pre Evacuate Collection Set: 31.4ms
[2026-01-16T09:05:15.030+0000][gc,phases   ] GC(639)   Merge Heap Roots: 4.7ms
[2026-01-16T09:05:15.031+0000][gc,phases   ] GC(639)   Evacuate Collection Set: 249.6ms
[2026-01-16T09:05:15.031+0000][gc,phases   ] GC(639)   Post Evacuate Collection Set: 7.6ms
[2026-01-16T09:05:15.031+0000][gc,phases   ] GC(639)   Other: 21.9ms
[2026-01-16T09:05:15.032+0000][gc,heap     ] GC(639) Eden regions: 50->0(49)
[2026-01-16T09:05:15.032+0000][gc,heap     ] GC(639) Survivor regions: 1->2(7)
[2026-01-16T09:05:15.032+0000][gc,heap     ] GC(639) Old regions: 216->216
[2026-01-16T09:05:15.032+0000][gc,heap     ] GC(639) Humongous regions: 123->123
[2026-01-16T09:05:15.033+0000][gc,metaspace] GC(639) Metaspace: 12771K(13248K)->12771K(13248K) NonClass: 11676K(11904K)->11676K(11904K) Class: 1095K(1344K)->1095K(1344K)
[2026-01-16T09:05:15.034+0000][gc          ] GC(639) Pause Young (Normal) (G1 Evacuation Pause) 388M->339M(1024M) 323.555ms
[2026-01-16T09:05:15.034+0000][gc,cpu      ] GC(639) User=0.21s Sys=0.01s Real=0.33s
[2026-01-16T09:05:19.749+0000][gc,start    ] GC(640) Pause Young (Normal) (G1 Evacuation Pause)
[2026-01-16T09:05:19.753+0000][gc,task     ] GC(640) Using 8 workers of 8 for evacuation
[2026-01-16T09:05:20.055+0000][gc,mmu      ] GC(640) MMU target violated: 201.0ms (200.0ms/201.0ms)
[2026-01-16T09:05:20.055+0000][gc,phases   ] GC(640)   Pre Evacuate Collection Set: 79.7ms
[2026-01-16T09:05:20.057+0000][gc,phases   ] GC(640)   Merge Heap Roots: 23.4ms
[2026-01-16T09:05:20.057+0000][gc,phases   ] GC(640)   Evacuate Collection Set: 186.0ms
[2026-01-16T09:05:20.057+0000][gc,phases   ] GC(640)   Post Evacuate Collection Set: 12.2ms
[2026-01-16T09:05:20.058+0000][gc,phases   ] GC(640)   Other: 1.4ms
[2026-01-16T09:05:20.058+0000][gc,heap     ] GC(640) Eden regions: 49->0(50)
[2026-01-16T09:05:20.058+0000][gc,heap     ] GC(640) Survivor regions: 2->1(7)
[2026-01-16T09:05:20.058+0000][gc,heap     ] GC(640) Old regions: 216->216
[2026-01-16T09:05:20.058+0000][gc,heap     ] GC(640) Humongous regions: 123->123
[2026-01-16T09:05:20.059+0000][gc,metaspace] GC(640) Metaspace: 12771K(13248K)->12771K(13248K) NonClass: 11676K(11904K)->11676K(11904K) Class: 1095K(1344K)->1095K(1344K)
[2026-01-16T09:05:20.060+0000][gc          ] GC(640) Pause Young (Normal) (G1 Evacuation Pause) 388M->338M(1024M) 310.872ms
[2026-01-16T09:05:20.065+0000][gc,cpu      ] GC(640) User=0.21s Sys=0.02s Real=0.32s
[2026-01-16T09:05:23.565+0000][gc,start    ] GC(641) Pause Young (Normal) (G1 Evacuation Pause)
[2026-01-16T09:05:23.567+0000][gc,task     ] GC(641) Using 8 workers of 8 for evacuation
[2026-01-16T09:05:23.798+0000][gc,mmu      ] GC(641) MMU target violated: 201.0ms (200.0ms/201.0ms)
[2026-01-16T09:05:23.798+0000][gc,phases   ] GC(641)   Pre Evacuate Collection Set: 25.6ms
[2026-01-16T09:05:23.798+0000][gc,phases   ] GC(641)   Merge Heap Roots: 86.9ms
[2026-01-16T09:05:23.798+0000][gc,phases   ] GC(641)   Evacuate Collection Set: 107.6ms
[2026-01-16T09:05:23.798+0000][gc,phases   ] GC(641)   Post Evacuate Collection Set: 9.5ms
[2026-01-16T09:05:23.798+0000][gc,phases   ] GC(641)   Other: 1.5ms
[2026-01-16T09:05:23.798+0000][gc,heap     ] GC(641) Eden regions: 50->0(49)
[2026-01-16T09:05:23.799+0000][gc,heap     ] GC(641) Survivor regions: 1->2(7)
[2026-01-16T09:05:23.799+0000][gc,heap     ] GC(641) Old regions: 216->216
[2026-01-16T09:05:23.799+0000][gc,heap     ] GC(641) Humongous regions: 123->123
[2026-01-16T09:05:23.799+0000][gc,metaspace] GC(641) Metaspace: 12771K(13248K)->12771K(13248K) NonClass: 11676K(11904K)->11676K(11904K) Class: 1095K(1344K)->1095K(1344K)
[2026-01-16T09:05:23.799+0000][gc          ] GC(641) Pause Young (Normal) (G1 Evacuation Pause) 388M->339M(1024M) 233.807ms
[2026-01-16T09:05:23.799+0000][gc,cpu      ] GC(641) User=0.20s Sys=0.03s Real=0.23s
[2026-01-16T09:05:25.745+0000][gc,start    ] GC(642) Pause Young (Normal) (G1 Evacuation Pause)
[2026-01-16T09:05:25.748+0000][gc,task     ] GC(642) Using 8 workers of 8 for evacuation
[2026-01-16T09:05:25.871+0000][gc,phases   ] GC(642)   Pre Evacuate Collection Set: 28.5ms
[2026-01-16T09:05:25.873+0000][gc,phases   ] GC(642)   Merge Heap Roots: 1.3ms
[2026-01-16T09:05:25.873+0000][gc,phases   ] GC(642)   Evacuate Collection Set: 83.5ms
[2026-01-16T09:05:25.873+0000][gc,phases   ] GC(642)   Post Evacuate Collection Set: 8.9ms
[2026-01-16T09:05:25.873+0000][gc,phases   ] GC(642)   Other: 3.1ms
[2026-01-16T09:05:25.873+0000][gc,heap     ] GC(642) Eden regions: 49->0(50)
[2026-01-16T09:05:25.873+0000][gc,heap     ] GC(642) Survivor regions: 2->1(7)
[2026-01-16T09:05:25.873+0000][gc,heap     ] GC(642) Old regions: 216->216
[2026-01-16T09:05:25.873+0000][gc,heap     ] GC(642) Humongous regions: 123->123
[2026-01-16T09:05:25.873+0000][gc,metaspace] GC(642) Metaspace: 12771K(13248K)->12771K(13248K) NonClass: 11676K(11904K)->11676K(11904K) Class: 1095K(1344K)->1095K(1344K)
[2026-01-16T09:05:25.873+0000][gc          ] GC(642) Pause Young (Normal) (G1 Evacuation Pause) 388M->338M(1024M) 128.414ms
[2026-01-16T09:05:25.873+0000][gc,cpu      ] GC(642) User=0.05s Sys=0.01s Real=0.13s
[2026-01-16T09:05:29.446+0000][gc,start    ] GC(643) Pause Young (Normal) (G1 Evacuation Pause)
[2026-01-16T09:05:29.451+0000][gc,task     ] GC(643) Using 8 workers of 8 for evacuation
[2026-01-16T09:05:30.130+0000][gc,mmu      ] GC(643) MMU target violated: 201.0ms (200.0ms/201.0ms)
[2026-01-16T09:05:30.131+0000][gc,phases   ] GC(643)   Pre Evacuate Collection Set: 61.9ms
[2026-01-16T09:05:30.134+0000][gc,phases   ] GC(643)   Merge Heap Roots: 12.9ms
[2026-01-16T09:05:30.137+0000][gc,phases   ] GC(643)   Evacuate Collection Set: 589.9ms
[2026-01-16T09:05:30.138+0000][gc,phases   ] GC(643)   Post Evacuate Collection Set: 12.1ms
[2026-01-16T09:05:30.140+0000][gc,phases   ] GC(643)   Other: 8.5ms
[2026-01-16T09:05:30.141+0000][gc,heap     ] GC(643) Eden regions: 50->0(49)
[2026-01-16T09:05:30.143+0000][gc,heap     ] GC(643) Survivor regions: 1->2(7)
[2026-01-16T09:05:30.144+0000][gc,heap     ] GC(643) Old regions: 216->216
[2026-01-16T09:05:30.146+0000][gc,heap     ] GC(643) Humongous regions: 123->123
[2026-01-16T09:05:30.148+0000][gc,metaspace] GC(643) Metaspace: 12771K(13248K)->12771K(13248K) NonClass: 11676K(11904K)->11676K(11904K) Class: 1095K(1344K)->1095K(1344K)
[2026-01-16T09:05:30.150+0000][gc          ] GC(643) Pause Young (Normal) (G1 Evacuation Pause) 388M->339M(1024M) 704.613ms
[2026-01-16T09:05:30.153+0000][gc,cpu      ] GC(643) User=0.22s Sys=0.02s Real=0.71s
[2026-01-16T09:05:35.992+0000][gc,start    ] GC(644) Pause Young (Normal) (G1 Evacuation Pause)
[2026-01-16T09:05:35.993+0000][gc,task     ] GC(644) Using 8 workers of 8 for evacuation
[2026-01-16T09:05:36.133+0000][gc,phases   ] GC(644)   Pre Evacuate Collection Set: 31.2ms
[2026-01-16T09:05:36.138+0000][gc,phases   ] GC(644)   Merge Heap Roots: 2.6ms
[2026-01-16T09:05:36.140+0000][gc,phases   ] GC(644)   Evacuate Collection Set: 94.8ms
[2026-01-16T09:05:36.141+0000][gc,phases   ] GC(644)   Post Evacuate Collection Set: 11.0ms
[2026-01-16T09:05:36.142+0000][gc,phases   ] GC(644)   Other: 0.6ms
[2026-01-16T09:05:36.142+0000][gc,heap     ] GC(644) Eden regions: 49->0(50)
[2026-01-16T09:05:36.142+0000][gc,heap     ] GC(644) Survivor regions: 2->1(7)
[2026-01-16T09:05:36.143+0000][gc,heap     ] GC(644) Old regions: 216->216
[2026-01-16T09:05:36.143+0000][gc,heap     ] GC(644) Humongous regions: 123->123
[2026-01-16T09:05:36.144+0000][gc,metaspace] GC(644) Metaspace: 12771K(13248K)->12771K(13248K) NonClass: 11676K(11904K)->11676K(11904K) Class: 1095K(1344K)->1095K(1344K)
[2026-01-16T09:05:36.147+0000][gc          ] GC(644) Pause Young (Normal) (G1 Evacuation Pause) 388M->338M(1024M) 154.771ms
[2026-01-16T09:05:36.148+0000][gc,cpu      ] GC(644) User=0.10s Sys=0.01s Real=0.15s
[2026-01-16T09:05:38.705+0000][gc,start    ] GC(645) Pause Young (Normal) (G1 Evacuation Pause)
[2026-01-16T09:05:38.720+0000][gc,task     ] GC(645) Using 8 workers of 8 for evacuation
[2026-01-16T09:05:39.136+0000][gc,mmu      ] GC(645) MMU target violated: 201.0ms (200.0ms/201.0ms)
[2026-01-16T09:05:39.139+0000][gc,phases   ] GC(645)   Pre Evacuate Collection Set: 104.3ms
[2026-01-16T09:05:39.139+0000][gc,phases   ] GC(645)   Merge Heap Roots: 10.5ms
[2026-01-16T09:05:39.139+0000][gc,phases   ] GC(645)   Evacuate Collection Set: 285.4ms
[2026-01-16T09:05:39.140+0000][gc,phases   ] GC(645)   Post Evacuate Collection Set: 11.8ms
[2026-01-16T09:05:39.140+0000][gc,phases   ] GC(645)   Other: 6.2ms
[2026-01-16T09:05:39.141+0000][gc,heap     ] GC(645) Eden regions: 50->0(50)
[2026-01-16T09:05:39.142+0000][gc,heap     ] GC(645) Survivor regions: 1->1(7)
[2026-01-16T09:05:39.142+0000][gc,heap     ] GC(645) Old regions: 216->216
[2026-01-16T09:05:39.142+0000][gc,heap     ] GC(645) Humongous regions: 123->123
[2026-01-16T09:05:39.143+0000][gc,metaspace] GC(645) Metaspace: 12771K(13248K)->12771K(13248K) NonClass: 11676K(11904K)->11676K(11904K) Class: 1095K(1344K)->1095K(1344K)
[2026-01-16T09:05:39.144+0000][gc          ] GC(645) Pause Young (Normal) (G1 Evacuation Pause) 388M->339M(1024M) 439.052ms
[2026-01-16T09:05:39.144+0000][gc,cpu      ] GC(645) User=0.13s Sys=0.02s Real=0.44s
[2026-01-16T09:05:42.953+0000][gc,start    ] GC(646) Pause Young (Normal) (G1 Evacuation Pause)
[2026-01-16T09:05:42.959+0000][gc,task     ] GC(646) Using 8 workers of 8 for evacuation
[2026-01-16T09:05:43.427+0000][gc,mmu      ] GC(646) MMU target violated: 201.0ms (200.0ms/201.0ms)
[2026-01-16T09:05:43.428+0000][gc,phases   ] GC(646)   Pre Evacuate Collection Set: 44.1ms
[2026-01-16T09:05:43.431+0000][gc,phases   ] GC(646)   Merge Heap Roots: 10.3ms
[2026-01-16T09:05:43.435+0000][gc,phases   ] GC(646)   Evacuate Collection Set: 402.7ms
[2026-01-16T09:05:43.436+0000][gc,phases   ] GC(646)   Post Evacuate Collection Set: 7.8ms
[2026-01-16T09:05:43.437+0000][gc,phases   ] GC(646)   Other: 4.1ms
[2026-01-16T09:05:43.438+0000][gc,heap     ] GC(646) Eden regions: 50->0(49)
[2026-01-16T09:05:43.438+0000][gc,heap     ] GC(646) Survivor regions: 1->2(7)
[2026-01-16T09:05:43.439+0000][gc,heap     ] GC(646) Old regions: 216->216
[2026-01-16T09:05:43.439+0000][gc,heap     ] GC(646) Humongous regions: 123->123
[2026-01-16T09:05:43.440+0000][gc,metaspace] GC(646) Metaspace: 12776K(13248K)->12776K(13248K) NonClass: 11681K(11904K)->11681K(11904K) Class: 1095K(1344K)->1095K(1344K)
[2026-01-16T09:05:43.442+0000][gc          ] GC(646) Pause Young (Normal) (G1 Evacuation Pause) 389M->339M(1024M) 488.800ms
[2026-01-16T09:05:43.443+0000][gc,cpu      ] GC(646) User=0.33s Sys=0.04s Real=0.50s
[2026-01-16T09:05:47.420+0000][gc,start    ] GC(647) Pause Young (Normal) (G1 Evacuation Pause)
[2026-01-16T09:05:47.425+0000][gc,task     ] GC(647) Using 8 workers of 8 for evacuation
[2026-01-16T09:05:47.613+0000][gc,phases   ] GC(647)   Pre Evacuate Collection Set: 29.3ms
[2026-01-16T09:05:47.616+0000][gc,phases   ] GC(647)   Merge Heap Roots: 3.3ms
[2026-01-16T09:05:47.619+0000][gc,phases   ] GC(647)   Evacuate Collection Set: 141.4ms
[2026-01-16T09:05:47.619+0000][gc,phases   ] GC(647)   Post Evacuate Collection Set: 12.0ms
[2026-01-16T09:05:47.620+0000][gc,phases   ] GC(647)   Other: 5.5ms
[2026-01-16T09:05:47.620+0000][gc,heap     ] GC(647) Eden regions: 49->0(50)
[2026-01-16T09:05:47.620+0000][gc,heap     ] GC(647) Survivor regions: 2->1(7)
[2026-01-16T09:05:47.620+0000][gc,heap     ] GC(647) Old regions: 216->216
[2026-01-16T09:05:47.621+0000][gc,heap     ] GC(647) Humongous regions: 123->123
[2026-01-16T09:05:47.621+0000][gc,metaspace] GC(647) Metaspace: 12776K(13248K)->12776K(13248K) NonClass: 11681K(11904K)->11681K(11904K) Class: 1095K(1344K)->1095K(1344K)
[2026-01-16T09:05:47.622+0000][gc          ] GC(647) Pause Young (Normal) (G1 Evacuation Pause) 388M->338M(1024M) 202.258ms
[2026-01-16T09:05:47.623+0000][gc,cpu      ] GC(647) User=0.12s Sys=0.00s Real=0.21s
[2026-01-16T09:05:50.346+0000][gc,start    ] GC(648) Pause Young (Normal) (G1 Evacuation Pause)
[2026-01-16T09:05:50.349+0000][gc,task     ] GC(648) Using 8 workers of 8 for evacuation
[2026-01-16T09:05:51.748+0000][gc,mmu      ] GC(648) MMU target violated: 201.0ms (200.0ms/201.0ms)
[2026-01-16T09:05:51.749+0000][gc,phases   ] GC(648)   Pre Evacuate Collection Set: 26.6ms
[2026-01-16T09:05:51.750+0000][gc,phases   ] GC(648)   Merge Heap Roots: 7.6ms
[2026-01-16T09:05:51.750+0000][gc,phases   ] GC(648)   Evacuate Collection Set: 1343.9ms
[2026-01-16T09:05:51.750+0000][gc,phases   ] GC(648)   Post Evacuate Collection Set: 15.3ms
[2026-01-16T09:05:51.750+0000][gc,phases   ] GC(648)   Other: 7.3ms
[2026-01-16T09:05:51.751+0000][gc,heap     ] GC(648) Eden regions: 50->0(49)
[2026-01-16T09:05:51.751+0000][gc,heap     ] GC(648) Survivor regions: 1->2(7)
[2026-01-16T09:05:51.751+0000][gc,heap     ] GC(648) Old regions: 216->216
[2026-01-16T09:05:51.751+0000][gc,heap     ] GC(648) Humongous regions: 123->123
[2026-01-16T09:05:51.751+0000][gc,metaspace] GC(648) Metaspace: 12776K(13248K)->12776K(13248K) NonClass: 11681K(11904K)->11681K(11904K) Class: 1095K(1344K)->1095K(1344K)
[2026-01-16T09:05:51.755+0000][gc          ] GC(648) Pause Young (Normal) (G1 Evacuation Pause) 388M->339M(1024M) 1408.708ms
[2026-01-16T09:05:51.756+0000][gc,cpu      ] GC(648) User=0.69s Sys=0.06s Real=1.41s
[2026-01-16T09:05:58.643+0000][gc,start    ] GC(649) Pause Young (Normal) (G1 Evacuation Pause)
[2026-01-16T09:05:58.646+0000][gc,task     ] GC(649) Using 8 workers of 8 for evacuation
[2026-01-16T09:05:59.007+0000][gc,mmu      ] GC(649) MMU target violated: 201.0ms (200.0ms/201.0ms)
[2026-01-16T09:05:59.007+0000][gc,phases   ] GC(649)   Pre Evacuate Collection Set: 50.5ms
[2026-01-16T09:05:59.007+0000][gc,phases   ] GC(649)   Merge Heap Roots: 5.0ms
[2026-01-16T09:05:59.008+0000][gc,phases   ] GC(649)   Evacuate Collection Set: 276.2ms
[2026-01-16T09:05:59.009+0000][gc,phases   ] GC(649)   Post Evacuate Collection Set: 28.4ms
[2026-01-16T09:05:59.010+0000][gc,phases   ] GC(649)   Other: 2.3ms
[2026-01-16T09:05:59.010+0000][gc,heap     ] GC(649) Eden regions: 49->0(50)
[2026-01-16T09:05:59.011+0000][gc,heap     ] GC(649) Survivor regions: 2->1(7)
[2026-01-16T09:05:59.011+0000][gc,heap     ] GC(649) Old regions: 216->216
[2026-01-16T09:05:59.011+0000][gc,heap     ] GC(649) Humongous regions: 123->123
[2026-01-16T09:05:59.011+0000][gc,metaspace] GC(649) Metaspace: 12776K(13248K)->12776K(13248K) NonClass: 11681K(11904K)->11681K(11904K) Class: 1095K(1344K)->1095K(1344K)
[2026-01-16T09:05:59.012+0000][gc          ] GC(649) Pause Young (Normal) (G1 Evacuation Pause) 388M->338M(1024M) 369.050ms
[2026-01-16T09:05:59.012+0000][gc,cpu      ] GC(649) User=0.20s Sys=0.01s Real=0.36s
[2026-01-16T09:06:04.334+0000][gc,start    ] GC(650) Pause Young (Normal) (G1 Evacuation Pause)
[2026-01-16T09:06:04.337+0000][gc,task     ] GC(650) Using 8 workers of 8 for evacuation
[2026-01-16T09:06:04.572+0000][gc,mmu      ] GC(650) MMU target violated: 201.0ms (200.0ms/201.0ms)
[2026-01-16T09:06:04.574+0000][gc,phases   ] GC(650)   Pre Evacuate Collection Set: 81.8ms
[2026-01-16T09:06:04.575+0000][gc,phases   ] GC(650)   Merge Heap Roots: 5.7ms
[2026-01-16T09:06:04.575+0000][gc,phases   ] GC(650)   Evacuate Collection Set: 123.5ms
[2026-01-16T09:06:04.576+0000][gc,phases   ] GC(650)   Post Evacuate Collection Set: 22.9ms
[2026-01-16T09:06:04.577+0000][gc,phases   ] GC(650)   Other: 3.6ms
[2026-01-16T09:06:04.578+0000][gc,heap     ] GC(650) Eden regions: 50->0(49)
[2026-01-16T09:06:04.578+0000][gc,heap     ] GC(650) Survivor regions: 1->2(7)
[2026-01-16T09:06:04.578+0000][gc,heap     ] GC(650) Old regions: 216->216
[2026-01-16T09:06:04.578+0000][gc,heap     ] GC(650) Humongous regions: 123->123
[2026-01-16T09:06:04.578+0000][gc,metaspace] GC(650) Metaspace: 12776K(13248K)->12776K(13248K) NonClass: 11681K(11904K)->11681K(11904K) Class: 1095K(1344K)->1095K(1344K)
[2026-01-16T09:06:04.579+0000][gc          ] GC(650) Pause Young (Normal) (G1 Evacuation Pause) 388M->339M(1024M) 244.622ms
[2026-01-16T09:06:04.579+0000][gc,cpu      ] GC(650) User=0.19s Sys=0.02s Real=0.24s
[2026-01-16T09:06:10.279+0000][gc,start    ] GC(651) Pause Young (Normal) (G1 Evacuation Pause)
[2026-01-16T09:06:10.282+0000][gc,task     ] GC(651) Using 8 workers of 8 for evacuation
[2026-01-16T09:06:10.844+0000][gc,mmu      ] GC(651) MMU target violated: 201.0ms (200.0ms/201.0ms)
[2026-01-16T09:06:10.846+0000][gc,phases   ] GC(651)   Pre Evacuate Collection Set: 30.3ms
[2026-01-16T09:06:10.846+0000][gc,phases   ] GC(651)   Merge Heap Roots: 1.0ms
[2026-01-16T09:06:10.847+0000][gc,phases   ] GC(651)   Evacuate Collection Set: 469.4ms
[2026-01-16T09:06:10.848+0000][gc,phases   ] GC(651)   Post Evacuate Collection Set: 56.6ms
[2026-01-16T09:06:10.849+0000][gc,phases   ] GC(651)   Other: 7.6ms
[2026-01-16T09:06:10.849+0000][gc,heap     ] GC(651) Eden regions: 49->0(49)
[2026-01-16T09:06:10.856+0000][gc,heap     ] GC(651) Survivor regions: 2->2(7)
[2026-01-16T09:06:10.856+0000][gc,heap     ] GC(651) Old regions: 216->216
[2026-01-16T09:06:10.862+0000][gc,heap     ] GC(651) Humongous regions: 123->123
[2026-01-16T09:06:10.864+0000][gc,metaspace] GC(651) Metaspace: 12776K(13248K)->12776K(13248K) NonClass: 11681K(11904K)->11681K(11904K) Class: 1095K(1344K)->1095K(1344K)
[2026-01-16T09:06:10.867+0000][gc          ] GC(651) Pause Young (Normal) (G1 Evacuation Pause) 388M->339M(1024M) 588.101ms
[2026-01-16T09:06:10.868+0000][gc,cpu      ] GC(651) User=0.31s Sys=0.02s Real=0.59s
[2026-01-16T09:06:15.837+0000][gc,start    ] GC(652) Pause Young (Normal) (G1 Evacuation Pause)
[2026-01-16T09:06:15.839+0000][gc,task     ] GC(652) Using 8 workers of 8 for evacuation
[2026-01-16T09:06:15.977+0000][gc,phases   ] GC(652)   Pre Evacuate Collection Set: 25.4ms
[2026-01-16T09:06:15.978+0000][gc,phases   ] GC(652)   Merge Heap Roots: 7.0ms
[2026-01-16T09:06:15.984+0000][gc,phases   ] GC(652)   Evacuate Collection Set: 97.1ms
[2026-01-16T09:06:15.985+0000][gc,phases   ] GC(652)   Post Evacuate Collection Set: 6.8ms
[2026-01-16T09:06:15.985+0000][gc,phases   ] GC(652)   Other: 2.1ms
[2026-01-16T09:06:15.987+0000][gc,heap     ] GC(652) Eden regions: 49->0(49)
[2026-01-16T09:06:15.988+0000][gc,heap     ] GC(652) Survivor regions: 2->2(7)
[2026-01-16T09:06:15.988+0000][gc,heap     ] GC(652) Old regions: 216->216
[2026-01-16T09:06:15.988+0000][gc,heap     ] GC(652) Humongous regions: 123->123
[2026-01-16T09:06:15.988+0000][gc,metaspace] GC(652) Metaspace: 12776K(13248K)->12776K(13248K) NonClass: 11681K(11904K)->11681K(11904K) Class: 1095K(1344K)->1095K(1344K)
[2026-01-16T09:06:15.988+0000][gc          ] GC(652) Pause Young (Normal) (G1 Evacuation Pause) 388M->339M(1024M) 151.437ms
[2026-01-16T09:06:15.989+0000][gc,cpu      ] GC(652) User=0.10s Sys=0.01s Real=0.15s
[2026-01-16T09:06:17.350+0000][gc,start    ] GC(653) Pause Young (Normal) (G1 Evacuation Pause)
[2026-01-16T09:06:17.352+0000][gc,task     ] GC(653) Using 8 workers of 8 for evacuation
[2026-01-16T09:06:17.439+0000][gc,phases   ] GC(653)   Pre Evacuate Collection Set: 5.8ms
[2026-01-16T09:06:17.439+0000][gc,phases   ] GC(653)   Merge Heap Roots: 0.5ms
[2026-01-16T09:06:17.440+0000][gc,phases   ] GC(653)   Evacuate Collection Set: 73.4ms
[2026-01-16T09:06:17.443+0000][gc,phases   ] GC(653)   Post Evacuate Collection Set: 6.6ms
[2026-01-16T09:06:17.444+0000][gc,phases   ] GC(653)   Other: 0.8ms
[2026-01-16T09:06:17.444+0000][gc,heap     ] GC(653) Eden regions: 49->0(49)
[2026-01-16T09:06:17.444+0000][gc,heap     ] GC(653) Survivor regions: 2->2(7)
[2026-01-16T09:06:17.445+0000][gc,heap     ] GC(653) Old regions: 216->216
[2026-01-16T09:06:17.445+0000][gc,heap     ] GC(653) Humongous regions: 123->123
[2026-01-16T09:06:17.445+0000][gc,metaspace] GC(653) Metaspace: 12776K(13248K)->12776K(13248K) NonClass: 11681K(11904K)->11681K(11904K) Class: 1095K(1344K)->1095K(1344K)
[2026-01-16T09:06:17.446+0000][gc          ] GC(653) Pause Young (Normal) (G1 Evacuation Pause) 388M->339M(1024M) 96.098ms
[2026-01-16T09:06:17.446+0000][gc,cpu      ] GC(653) User=0.08s Sys=0.02s Real=0.10s
[2026-01-16T09:06:18.480+0000][gc,start    ] GC(654) Pause Young (Normal) (G1 Evacuation Pause)
[2026-01-16T09:06:18.480+0000][gc,task     ] GC(654) Using 8 workers of 8 for evacuation
[2026-01-16T09:06:18.604+0000][gc,phases   ] GC(654)   Pre Evacuate Collection Set: 1.5ms
[2026-01-16T09:06:18.605+0000][gc,phases   ] GC(654)   Merge Heap Roots: 0.2ms
[2026-01-16T09:06:18.608+0000][gc,phases   ] GC(654)   Evacuate Collection Set: 112.5ms
[2026-01-16T09:06:18.608+0000][gc,phases   ] GC(654)   Post Evacuate Collection Set: 4.9ms
[2026-01-16T09:06:18.608+0000][gc,phases   ] GC(654)   Other: 4.4ms
[2026-01-16T09:06:18.609+0000][gc,heap     ] GC(654) Eden regions: 49->0(48)
[2026-01-16T09:06:18.609+0000][gc,heap     ] GC(654) Survivor regions: 2->3(7)
[2026-01-16T09:06:18.610+0000][gc,heap     ] GC(654) Old regions: 216->216
[2026-01-16T09:06:18.611+0000][gc,heap     ] GC(654) Humongous regions: 123->123
[2026-01-16T09:06:18.611+0000][gc,metaspace] GC(654) Metaspace: 12776K(13248K)->12776K(13248K) NonClass: 11681K(11904K)->11681K(11904K) Class: 1095K(1344K)->1095K(1344K)
[2026-01-16T09:06:18.612+0000][gc          ] GC(654) Pause Young (Normal) (G1 Evacuation Pause) 388M->340M(1024M) 132.228ms
[2026-01-16T09:06:18.615+0000][gc,cpu      ] GC(654) User=0.08s Sys=0.00s Real=0.14s
[2026-01-16T09:06:20.065+0000][gc,start    ] GC(655) Pause Young (Normal) (G1 Evacuation Pause)
[2026-01-16T09:06:20.066+0000][gc,task     ] GC(655) Using 8 workers of 8 for evacuation
[2026-01-16T09:06:20.149+0000][gc,phases   ] GC(655)   Pre Evacuate Collection Set: 16.5ms
[2026-01-16T09:06:20.149+0000][gc,phases   ] GC(655)   Merge Heap Roots: 0.6ms
[2026-01-16T09:06:20.150+0000][gc,phases   ] GC(655)   Evacuate Collection Set: 63.1ms
[2026-01-16T09:06:20.150+0000][gc,phases   ] GC(655)   Post Evacuate Collection Set: 1.4ms
[2026-01-16T09:06:20.150+0000][gc,phases   ] GC(655)   Other: 0.8ms
[2026-01-16T09:06:20.153+0000][gc,heap     ] GC(655) Eden regions: 48->0(49)
[2026-01-16T09:06:20.154+0000][gc,heap     ] GC(655) Survivor regions: 3->2(7)
[2026-01-16T09:06:20.154+0000][gc,heap     ] GC(655) Old regions: 216->216
[2026-01-16T09:06:20.155+0000][gc,heap     ] GC(655) Humongous regions: 123->123
[2026-01-16T09:06:20.155+0000][gc,metaspace] GC(655) Metaspace: 12776K(13248K)->12776K(13248K) NonClass: 11681K(11904K)->11681K(11904K) Class: 1095K(1344K)->1095K(1344K)
[2026-01-16T09:06:20.156+0000][gc          ] GC(655) Pause Young (Normal) (G1 Evacuation Pause) 388M->339M(1024M) 90.740ms
[2026-01-16T09:06:20.158+0000][gc,cpu      ] GC(655) User=0.05s Sys=0.01s Real=0.09s
[2026-01-16T09:06:32.356+0000][gc,start    ] GC(656) Pause Young (Normal) (G1 Evacuation Pause)
[2026-01-16T09:06:32.377+0000][gc,task     ] GC(656) Using 8 workers of 8 for evacuation
[2026-01-16T09:06:32.766+0000][gc,mmu      ] GC(656) MMU target violated: 201.0ms (200.0ms/201.0ms)
[2026-01-16T09:06:32.768+0000][gc,phases   ] GC(656)   Pre Evacuate Collection Set: 66.6ms
[2026-01-16T09:06:32.772+0000][gc,phases   ] GC(656)   Merge Heap Roots: 31.8ms
[2026-01-16T09:06:32.772+0000][gc,phases   ] GC(656)   Evacuate Collection Set: 238.6ms
[2026-01-16T09:06:32.773+0000][gc,phases   ] GC(656)   Post Evacuate Collection Set: 25.3ms
[2026-01-16T09:06:32.773+0000][gc,phases   ] GC(656)   Other: 28.7ms
[2026-01-16T09:06:32.773+0000][gc,heap     ] GC(656) Eden regions: 49->0(50)
[2026-01-16T09:06:32.778+0000][gc,heap     ] GC(656) Survivor regions: 2->1(7)
[2026-01-16T09:06:32.779+0000][gc,heap     ] GC(656) Old regions: 216->216
[2026-01-16T09:06:32.779+0000][gc,heap     ] GC(656) Humongous regions: 123->123
[2026-01-16T09:06:32.779+0000][gc,metaspace] GC(656) Metaspace: 12776K(13248K)->12776K(13248K) NonClass: 11681K(11904K)->11681K(11904K) Class: 1095K(1344K)->1095K(1344K)
[2026-01-16T09:06:32.779+0000][gc          ] GC(656) Pause Young (Normal) (G1 Evacuation Pause) 388M->339M(1024M) 423.318ms
[2026-01-16T09:06:32.779+0000][gc,cpu      ] GC(656) User=0.21s Sys=0.01s Real=0.42s
[2026-01-16T09:06:37.534+0000][gc,start    ] GC(657) Pause Young (Normal) (G1 Evacuation Pause)
[2026-01-16T09:06:37.555+0000][gc,task     ] GC(657) Using 8 workers of 8 for evacuation
[2026-01-16T09:06:38.155+0000][gc,mmu      ] GC(657) MMU target violated: 201.0ms (200.0ms/201.0ms)
[2026-01-16T09:06:38.156+0000][gc,phases   ] GC(657)   Pre Evacuate Collection Set: 100.6ms
[2026-01-16T09:06:38.156+0000][gc,phases   ] GC(657)   Merge Heap Roots: 16.8ms
[2026-01-16T09:06:38.157+0000][gc,phases   ] GC(657)   Evacuate Collection Set: 424.3ms
[2026-01-16T09:06:38.158+0000][gc,phases   ] GC(657)   Post Evacuate Collection Set: 54.9ms
[2026-01-16T09:06:38.158+0000][gc,phases   ] GC(657)   Other: 5.1ms
[2026-01-16T09:06:38.159+0000][gc,heap     ] GC(657) Eden regions: 50->0(49)
[2026-01-16T09:06:38.160+0000][gc,heap     ] GC(657) Survivor regions: 1->2(7)
[2026-01-16T09:06:38.161+0000][gc,heap     ] GC(657) Old regions: 216->216
[2026-01-16T09:06:38.162+0000][gc,heap     ] GC(657) Humongous regions: 123->123
[2026-01-16T09:06:38.168+0000][gc,metaspace] GC(657) Metaspace: 12776K(13248K)->12776K(13248K) NonClass: 11681K(11904K)->11681K(11904K) Class: 1095K(1344K)->1095K(1344K)
[2026-01-16T09:06:38.171+0000][gc          ] GC(657) Pause Young (Normal) (G1 Evacuation Pause) 389M->339M(1024M) 636.996ms
[2026-01-16T09:06:38.172+0000][gc,cpu      ] GC(657) User=0.29s Sys=0.02s Real=0.64s
[2026-01-16T09:06:41.337+0000][gc,start    ] GC(658) Pause Young (Normal) (G1 Evacuation Pause)
[2026-01-16T09:06:41.345+0000][gc,task     ] GC(658) Using 8 workers of 8 for evacuation
[2026-01-16T09:06:41.678+0000][gc,mmu      ] GC(658) MMU target violated: 201.0ms (200.0ms/201.0ms)
[2026-01-16T09:06:41.679+0000][gc,phases   ] GC(658)   Pre Evacuate Collection Set: 50.8ms
[2026-01-16T09:06:41.682+0000][gc,phases   ] GC(658)   Merge Heap Roots: 6.7ms
[2026-01-16T09:06:41.684+0000][gc,phases   ] GC(658)   Evacuate Collection Set: 245.4ms
[2026-01-16T09:06:41.686+0000][gc,phases   ] GC(658)   Post Evacuate Collection Set: 11.9ms
[2026-01-16T09:06:41.689+0000][gc,phases   ] GC(658)   Other: 20.8ms
[2026-01-16T09:06:41.689+0000][gc,heap     ] GC(658) Eden regions: 49->0(48)
[2026-01-16T09:06:41.690+0000][gc,heap     ] GC(658) Survivor regions: 2->3(7)
[2026-01-16T09:06:41.690+0000][gc,heap     ] GC(658) Old regions: 216->216
[2026-01-16T09:06:41.691+0000][gc,heap     ] GC(658) Humongous regions: 123->123
[2026-01-16T09:06:41.692+0000][gc,metaspace] GC(658) Metaspace: 12776K(13248K)->12776K(13248K) NonClass: 11681K(11904K)->11681K(11904K) Class: 1095K(1344K)->1095K(1344K)
[2026-01-16T09:06:41.693+0000][gc          ] GC(658) Pause Young (Normal) (G1 Evacuation Pause) 388M->340M(1024M) 356.326ms
[2026-01-16T09:06:41.694+0000][gc,cpu      ] GC(658) User=0.18s Sys=0.01s Real=0.36s
[2026-01-16T09:06:43.498+0000][gc,start    ] GC(659) Pause Young (Normal) (G1 Evacuation Pause)
[2026-01-16T09:06:43.503+0000][gc,task     ] GC(659) Using 8 workers of 8 for evacuation
[2026-01-16T09:06:43.768+0000][gc,mmu      ] GC(659) MMU target violated: 201.0ms (200.0ms/201.0ms)
[2026-01-16T09:06:43.769+0000][gc,phases   ] GC(659)   Pre Evacuate Collection Set: 29.8ms
[2026-01-16T09:06:43.770+0000][gc,phases   ] GC(659)   Merge Heap Roots: 0.6ms
[2026-01-16T09:06:43.774+0000][gc,phases   ] GC(659)   Evacuate Collection Set: 217.3ms
[2026-01-16T09:06:43.775+0000][gc,phases   ] GC(659)   Post Evacuate Collection Set: 16.2ms
[2026-01-16T09:06:43.777+0000][gc,phases   ] GC(659)   Other: 2.6ms
[2026-01-16T09:06:43.777+0000][gc,heap     ] GC(659) Eden regions: 48->0(48)
[2026-01-16T09:06:43.778+0000][gc,heap     ] GC(659) Survivor regions: 3->3(7)
[2026-01-16T09:06:43.778+0000][gc,heap     ] GC(659) Old regions: 216->216
[2026-01-16T09:06:43.779+0000][gc,heap     ] GC(659) Humongous regions: 123->123
[2026-01-16T09:06:43.780+0000][gc,metaspace] GC(659) Metaspace: 12776K(13248K)->12776K(13248K) NonClass: 11681K(11904K)->11681K(11904K) Class: 1095K(1344K)->1095K(1344K)
[2026-01-16T09:06:43.784+0000][gc          ] GC(659) Pause Young (Normal) (G1 Evacuation Pause) 388M->340M(1024M) 286.442ms
[2026-01-16T09:06:43.786+0000][gc,cpu      ] GC(659) User=0.13s Sys=0.00s Real=0.29s
[2026-01-16T09:06:45.646+0000][gc,start    ] GC(660) Pause Young (Normal) (G1 Evacuation Pause)
[2026-01-16T09:06:45.647+0000][gc,task     ] GC(660) Using 8 workers of 8 for evacuation
[2026-01-16T09:06:45.733+0000][gc,phases   ] GC(660)   Pre Evacuate Collection Set: 7.5ms
[2026-01-16T09:06:45.734+0000][gc,phases   ] GC(660)   Merge Heap Roots: 0.4ms
[2026-01-16T09:06:45.735+0000][gc,phases   ] GC(660)   Evacuate Collection Set: 65.3ms
[2026-01-16T09:06:45.736+0000][gc,phases   ] GC(660)   Post Evacuate Collection Set: 12.3ms
[2026-01-16T09:06:45.736+0000][gc,phases   ] GC(660)   Other: 0.4ms
[2026-01-16T09:06:45.736+0000][gc,heap     ] GC(660) Eden regions: 48->0(49)
[2026-01-16T09:06:45.736+0000][gc,heap     ] GC(660) Survivor regions: 3->2(7)
[2026-01-16T09:06:45.737+0000][gc,heap     ] GC(660) Old regions: 216->216
[2026-01-16T09:06:45.738+0000][gc,heap     ] GC(660) Humongous regions: 123->123
[2026-01-16T09:06:45.738+0000][gc,metaspace] GC(660) Metaspace: 12776K(13248K)->12776K(13248K) NonClass: 11681K(11904K)->11681K(11904K) Class: 1095K(1344K)->1095K(1344K)
[2026-01-16T09:06:45.739+0000][gc          ] GC(660) Pause Young (Normal) (G1 Evacuation Pause) 388M->340M(1024M) 93.076ms
[2026-01-16T09:06:45.741+0000][gc,cpu      ] GC(660) User=0.09s Sys=0.01s Real=0.10s
[2026-01-16T09:06:47.881+0000][gc,start    ] GC(661) Pause Young (Normal) (G1 Evacuation Pause)
[2026-01-16T09:06:47.889+0000][gc,task     ] GC(661) Using 8 workers of 8 for evacuation
[2026-01-16T09:06:48.196+0000][gc,mmu      ] GC(661) MMU target violated: 201.0ms (200.0ms/201.0ms)
[2026-01-16T09:06:48.202+0000][gc,phases   ] GC(661)   Pre Evacuate Collection Set: 11.9ms
[2026-01-16T09:06:48.204+0000][gc,phases   ] GC(661)   Merge Heap Roots: 2.3ms
[2026-01-16T09:06:48.224+0000][gc,phases   ] GC(661)   Evacuate Collection Set: 275.1ms
[2026-01-16T09:06:48.227+0000][gc,phases   ] GC(661)   Post Evacuate Collection Set: 11.4ms
[2026-01-16T09:06:48.230+0000][gc,phases   ] GC(661)   Other: 11.7ms
[2026-01-16T09:06:48.232+0000][gc,heap     ] GC(661) Eden regions: 49->0(49)
[2026-01-16T09:06:48.232+0000][gc,heap     ] GC(661) Survivor regions: 2->2(7)
[2026-01-16T09:06:48.233+0000][gc,heap     ] GC(661) Old regions: 216->216
[2026-01-16T09:06:48.234+0000][gc,heap     ] GC(661) Humongous regions: 123->123
[2026-01-16T09:06:48.242+0000][gc,metaspace] GC(661) Metaspace: 12776K(13248K)->12776K(13248K) NonClass: 11681K(11904K)->11681K(11904K) Class: 1095K(1344K)->1095K(1344K)
[2026-01-16T09:06:48.242+0000][gc          ] GC(661) Pause Young (Normal) (G1 Evacuation Pause) 389M->339M(1024M) 361.088ms
[2026-01-16T09:06:48.242+0000][gc,cpu      ] GC(661) User=0.10s Sys=0.03s Real=0.37s
[2026-01-16T09:06:50.366+0000][gc,start    ] GC(662) Pause Young (Normal) (G1 Evacuation Pause)
[2026-01-16T09:06:50.367+0000][gc,task     ] GC(662) Using 8 workers of 8 for evacuation
[2026-01-16T09:06:50.564+0000][gc,phases   ] GC(662)   Pre Evacuate Collection Set: 14.8ms
[2026-01-16T09:06:50.565+0000][gc,phases   ] GC(662)   Merge Heap Roots: 0.6ms
[2026-01-16T09:06:50.565+0000][gc,phases   ] GC(662)   Evacuate Collection Set: 170.5ms
[2026-01-16T09:06:50.566+0000][gc,phases   ] GC(662)   Post Evacuate Collection Set: 10.6ms
[2026-01-16T09:06:50.566+0000][gc,phases   ] GC(662)   Other: 0.5ms
[2026-01-16T09:06:50.567+0000][gc,heap     ] GC(662) Eden regions: 49->0(49)
[2026-01-16T09:06:50.567+0000][gc,heap     ] GC(662) Survivor regions: 2->2(7)
[2026-01-16T09:06:50.568+0000][gc,heap     ] GC(662) Old regions: 216->216
[2026-01-16T09:06:50.568+0000][gc,heap     ] GC(662) Humongous regions: 123->123
[2026-01-16T09:06:50.569+0000][gc,metaspace] GC(662) Metaspace: 12776K(13248K)->12776K(13248K) NonClass: 11681K(11904K)->11681K(11904K) Class: 1095K(1344K)->1095K(1344K)
[2026-01-16T09:06:50.570+0000][gc          ] GC(662) Pause Young (Normal) (G1 Evacuation Pause) 388M->340M(1024M) 203.797ms
[2026-01-16T09:06:50.570+0000][gc,cpu      ] GC(662) User=0.12s Sys=0.00s Real=0.20s
[2026-01-16T09:06:57.068+0000][gc,start    ] GC(663) Pause Young (Normal) (G1 Evacuation Pause)
[2026-01-16T09:06:57.078+0000][gc,task     ] GC(663) Using 8 workers of 8 for evacuation
[2026-01-16T09:06:57.307+0000][gc,mmu      ] GC(663) MMU target violated: 201.0ms (200.0ms/201.0ms)
[2026-01-16T09:06:57.308+0000][gc,phases   ] GC(663)   Pre Evacuate Collection Set: 33.2ms
[2026-01-16T09:06:57.308+0000][gc,phases   ] GC(663)   Merge Heap Roots: 24.3ms
[2026-01-16T09:06:57.308+0000][gc,phases   ] GC(663)   Evacuate Collection Set: 158.1ms
[2026-01-16T09:06:57.308+0000][gc,phases   ] GC(663)   Post Evacuate Collection Set: 9.7ms
[2026-01-16T09:06:57.308+0000][gc,phases   ] GC(663)   Other: 6.6ms
[2026-01-16T09:06:57.309+0000][gc,heap     ] GC(663) Eden regions: 49->0(49)
[2026-01-16T09:06:57.309+0000][gc,heap     ] GC(663) Survivor regions: 2->2(7)
[2026-01-16T09:06:57.309+0000][gc,heap     ] GC(663) Old regions: 216->216
[2026-01-16T09:06:57.309+0000][gc,heap     ] GC(663) Humongous regions: 123->123
[2026-01-16T09:06:57.309+0000][gc,metaspace] GC(663) Metaspace: 12779K(13248K)->12779K(13248K) NonClass: 11684K(11904K)->11684K(11904K) Class: 1095K(1344K)->1095K(1344K)
[2026-01-16T09:06:57.310+0000][gc          ] GC(663) Pause Young (Normal) (G1 Evacuation Pause) 389M->339M(1024M) 242.117ms
[2026-01-16T09:06:57.310+0000][gc,cpu      ] GC(663) User=0.20s Sys=0.02s Real=0.24s
[2026-01-16T09:06:59.833+0000][gc,start    ] GC(664) Pause Young (Normal) (G1 Evacuation Pause)
[2026-01-16T09:06:59.837+0000][gc,task     ] GC(664) Using 8 workers of 8 for evacuation
[2026-01-16T09:07:00.048+0000][gc,mmu      ] GC(664) MMU target violated: 201.0ms (200.0ms/201.0ms)
[2026-01-16T09:07:00.049+0000][gc,phases   ] GC(664)   Pre Evacuate Collection Set: 16.0ms
[2026-01-16T09:07:00.049+0000][gc,phases   ] GC(664)   Merge Heap Roots: 5.6ms
[2026-01-16T09:07:00.049+0000][gc,phases   ] GC(664)   Evacuate Collection Set: 176.7ms
[2026-01-16T09:07:00.049+0000][gc,phases   ] GC(664)   Post Evacuate Collection Set: 11.9ms
[2026-01-16T09:07:00.049+0000][gc,phases   ] GC(664)   Other: 1.8ms
[2026-01-16T09:07:00.049+0000][gc,heap     ] GC(664) Eden regions: 49->0(49)
[2026-01-16T09:07:00.050+0000][gc,heap     ] GC(664) Survivor regions: 2->2(7)
[2026-01-16T09:07:00.055+0000][gc,heap     ] GC(664) Old regions: 216->216
[2026-01-16T09:07:00.058+0000][gc,heap     ] GC(664) Humongous regions: 123->123
[2026-01-16T09:07:00.061+0000][gc,metaspace] GC(664) Metaspace: 12779K(13248K)->12779K(13248K) NonClass: 11684K(11904K)->11684K(11904K) Class: 1095K(1344K)->1095K(1344K)
[2026-01-16T09:07:00.061+0000][gc          ] GC(664) Pause Young (Normal) (G1 Evacuation Pause) 388M->340M(1024M) 228.276ms
[2026-01-16T09:07:00.062+0000][gc,cpu      ] GC(664) User=0.11s Sys=0.02s Real=0.23s
[2026-01-16T09:07:05.828+0000][gc,start    ] GC(665) Pause Young (Normal) (G1 Evacuation Pause)
[2026-01-16T09:07:05.835+0000][gc,task     ] GC(665) Using 8 workers of 8 for evacuation
[2026-01-16T09:07:06.290+0000][gc,mmu      ] GC(665) MMU target violated: 201.0ms (200.0ms/201.0ms)
[2026-01-16T09:07:06.294+0000][gc,phases   ] GC(665)   Pre Evacuate Collection Set: 23.8ms
[2026-01-16T09:07:06.296+0000][gc,phases   ] GC(665)   Merge Heap Roots: 17.8ms
[2026-01-16T09:07:06.297+0000][gc,phases   ] GC(665)   Evacuate Collection Set: 385.9ms
[2026-01-16T09:07:06.298+0000][gc,phases   ] GC(665)   Post Evacuate Collection Set: 25.3ms
[2026-01-16T09:07:06.302+0000][gc,phases   ] GC(665)   Other: 6.5ms
[2026-01-16T09:07:06.303+0000][gc,heap     ] GC(665) Eden regions: 49->0(50)
[2026-01-16T09:07:06.303+0000][gc,heap     ] GC(665) Survivor regions: 2->1(7)
[2026-01-16T09:07:06.306+0000][gc,heap     ] GC(665) Old regions: 216->216
[2026-01-16T09:07:06.306+0000][gc,heap     ] GC(665) Humongous regions: 123->123
[2026-01-16T09:07:06.307+0000][gc,metaspace] GC(665) Metaspace: 12779K(13248K)->12779K(13248K) NonClass: 11684K(11904K)->11684K(11904K) Class: 1095K(1344K)->1095K(1344K)
[2026-01-16T09:07:06.309+0000][gc          ] GC(665) Pause Young (Normal) (G1 Evacuation Pause) 389M->339M(1024M) 481.332ms
[2026-01-16T09:07:06.312+0000][gc,cpu      ] GC(665) User=0.21s Sys=0.02s Real=0.49s
[2026-01-16T09:07:10.622+0000][gc,start    ] GC(666) Pause Young (Normal) (G1 Evacuation Pause)
[2026-01-16T09:07:10.628+0000][gc,task     ] GC(666) Using 8 workers of 8 for evacuation
[2026-01-16T09:07:10.978+0000][gc,mmu      ] GC(666) MMU target violated: 201.0ms (200.0ms/201.0ms)
[2026-01-16T09:07:10.980+0000][gc,phases   ] GC(666)   Pre Evacuate Collection Set: 37.7ms
[2026-01-16T09:07:10.981+0000][gc,phases   ] GC(666)   Merge Heap Roots: 18.3ms
[2026-01-16T09:07:10.982+0000][gc,phases   ] GC(666)   Evacuate Collection Set: 267.7ms
[2026-01-16T09:07:10.983+0000][gc,phases   ] GC(666)   Post Evacuate Collection Set: 24.3ms
[2026-01-16T09:07:10.984+0000][gc,phases   ] GC(666)   Other: 4.0ms
[2026-01-16T09:07:10.984+0000][gc,heap     ] GC(666) Eden regions: 50->0(49)
[2026-01-16T09:07:10.988+0000][gc,heap     ] GC(666) Survivor regions: 1->2(7)
[2026-01-16T09:07:10.990+0000][gc,heap     ] GC(666) Old regions: 216->216
[2026-01-16T09:07:10.991+0000][gc,heap     ] GC(666) Humongous regions: 123->123
[2026-01-16T09:07:10.991+0000][gc,metaspace] GC(666) Metaspace: 12779K(13248K)->12779K(13248K) NonClass: 11684K(11904K)->11684K(11904K) Class: 1095K(1344K)->1095K(1344K)
[2026-01-16T09:07:10.991+0000][gc          ] GC(666) Pause Young (Normal) (G1 Evacuation Pause) 389M->340M(1024M) 368.739ms
[2026-01-16T09:07:10.991+0000][gc,cpu      ] GC(666) User=0.20s Sys=0.01s Real=0.36s
[2026-01-16T09:07:12.466+0000][gc,start    ] GC(667) Pause Young (Normal) (G1 Evacuation Pause)
[2026-01-16T09:07:12.472+0000][gc,task     ] GC(667) Using 8 workers of 8 for evacuation
[2026-01-16T09:07:12.620+0000][gc,phases   ] GC(667)   Pre Evacuate Collection Set: 15.3ms
[2026-01-16T09:07:12.620+0000][gc,phases   ] GC(667)   Merge Heap Roots: 0.8ms
[2026-01-16T09:07:12.621+0000][gc,phases   ] GC(667)   Evacuate Collection Set: 114.2ms
[2026-01-16T09:07:12.621+0000][gc,phases   ] GC(667)   Post Evacuate Collection Set: 16.8ms
[2026-01-16T09:07:12.621+0000][gc,phases   ] GC(667)   Other: 0.8ms
[2026-01-16T09:07:12.621+0000][gc,heap     ] GC(667) Eden regions: 49->0(48)
[2026-01-16T09:07:12.622+0000][gc,heap     ] GC(667) Survivor regions: 2->3(7)
[2026-01-16T09:07:12.622+0000][gc,heap     ] GC(667) Old regions: 216->216
[2026-01-16T09:07:12.622+0000][gc,heap     ] GC(667) Humongous regions: 123->123
[2026-01-16T09:07:12.623+0000][gc,metaspace] GC(667) Metaspace: 12779K(13248K)->12779K(13248K) NonClass: 11684K(11904K)->11684K(11904K) Class: 1095K(1344K)->1095K(1344K)
[2026-01-16T09:07:12.623+0000][gc          ] GC(667) Pause Young (Normal) (G1 Evacuation Pause) 389M->340M(1024M) 156.668ms
[2026-01-16T09:07:12.624+0000][gc,cpu      ] GC(667) User=0.10s Sys=0.00s Real=0.16s
[2026-01-16T09:07:16.627+0000][gc,start    ] GC(668) Pause Young (Normal) (G1 Evacuation Pause)
[2026-01-16T09:07:16.631+0000][gc,task     ] GC(668) Using 8 workers of 8 for evacuation
[2026-01-16T09:07:16.919+0000][gc,mmu      ] GC(668) MMU target violated: 201.0ms (200.0ms/201.0ms)
[2026-01-16T09:07:16.922+0000][gc,phases   ] GC(668)   Pre Evacuate Collection Set: 9.9ms
[2026-01-16T09:07:16.923+0000][gc,phases   ] GC(668)   Merge Heap Roots: 4.5ms
[2026-01-16T09:07:16.925+0000][gc,phases   ] GC(668)   Evacuate Collection Set: 216.9ms
[2026-01-16T09:07:16.937+0000][gc,phases   ] GC(668)   Post Evacuate Collection Set: 56.2ms
[2026-01-16T09:07:16.941+0000][gc,phases   ] GC(668)   Other: 4.0ms
[2026-01-16T09:07:16.942+0000][gc,heap     ] GC(668) Eden regions: 48->0(49)
[2026-01-16T09:07:16.944+0000][gc,heap     ] GC(668) Survivor regions: 3->2(7)
[2026-01-16T09:07:16.945+0000][gc,heap     ] GC(668) Old regions: 216->216
[2026-01-16T09:07:16.945+0000][gc,heap     ] GC(668) Humongous regions: 123->123
[2026-01-16T09:07:16.949+0000][gc,metaspace] GC(668) Metaspace: 12779K(13248K)->12779K(13248K) NonClass: 11684K(11904K)->11684K(11904K) Class: 1095K(1344K)->1095K(1344K)
[2026-01-16T09:07:16.951+0000][gc          ] GC(668) Pause Young (Normal) (G1 Evacuation Pause) 388M->340M(1024M) 324.148ms
[2026-01-16T09:07:16.952+0000][gc,cpu      ] GC(668) User=0.18s Sys=0.01s Real=0.32s
[2026-01-16T09:07:19.315+0000][gc,start    ] GC(669) Pause Young (Normal) (G1 Evacuation Pause)
[2026-01-16T09:07:19.317+0000][gc,task     ] GC(669) Using 8 workers of 8 for evacuation
[2026-01-16T09:07:19.719+0000][gc,mmu      ] GC(669) MMU target violated: 201.0ms (200.0ms/201.0ms)
[2026-01-16T09:07:19.725+0000][gc,phases   ] GC(669)   Pre Evacuate Collection Set: 16.1ms
[2026-01-16T09:07:19.729+0000][gc,phases   ] GC(669)   Merge Heap Roots: 3.5ms
[2026-01-16T09:07:19.730+0000][gc,phases   ] GC(669)   Evacuate Collection Set: 343.7ms
[2026-01-16T09:07:19.734+0000][gc,phases   ] GC(669)   Post Evacuate Collection Set: 35.8ms
[2026-01-16T09:07:19.737+0000][gc,phases   ] GC(669)   Other: 9.5ms
[2026-01-16T09:07:19.739+0000][gc,heap     ] GC(669) Eden regions: 49->0(48)
[2026-01-16T09:07:19.739+0000][gc,heap     ] GC(669) Survivor regions: 2->3(7)
[2026-01-16T09:07:19.739+0000][gc,heap     ] GC(669) Old regions: 216->216
[2026-01-16T09:07:19.740+0000][gc,heap     ] GC(669) Humongous regions: 123->123
[2026-01-16T09:07:19.744+0000][gc,metaspace] GC(669) Metaspace: 12781K(13248K)->12781K(13248K) NonClass: 11685K(11904K)->11685K(11904K) Class: 1095K(1344K)->1095K(1344K)
[2026-01-16T09:07:19.746+0000][gc          ] GC(669) Pause Young (Normal) (G1 Evacuation Pause) 389M->340M(1024M) 430.754ms
[2026-01-16T09:07:19.755+0000][gc,cpu      ] GC(669) User=0.18s Sys=0.01s Real=0.44s
[2026-01-16T09:07:29.101+0000][gc,start    ] GC(670) Pause Young (Normal) (G1 Evacuation Pause)
[2026-01-16T09:07:29.138+0000][gc,task     ] GC(670) Using 8 workers of 8 for evacuation
[2026-01-16T09:07:29.921+0000][gc,mmu      ] GC(670) MMU target violated: 201.0ms (200.0ms/201.0ms)
[2026-01-16T09:07:29.928+0000][gc,phases   ] GC(670)   Pre Evacuate Collection Set: 38.5ms
[2026-01-16T09:07:29.931+0000][gc,phases   ] GC(670)   Merge Heap Roots: 25.0ms
[2026-01-16T09:07:29.933+0000][gc,phases   ] GC(670)   Evacuate Collection Set: 651.4ms
[2026-01-16T09:07:29.935+0000][gc,phases   ] GC(670)   Post Evacuate Collection Set: 64.5ms
[2026-01-16T09:07:29.935+0000][gc,phases   ] GC(670)   Other: 6.5ms
[2026-01-16T09:07:29.937+0000][gc,heap     ] GC(670) Eden regions: 48->0(49)
[2026-01-16T09:07:29.938+0000][gc,heap     ] GC(670) Survivor regions: 3->2(7)
[2026-01-16T09:07:29.938+0000][gc,heap     ] GC(670) Old regions: 216->216
[2026-01-16T09:07:29.941+0000][gc,heap     ] GC(670) Humongous regions: 123->123
[2026-01-16T09:07:29.944+0000][gc,metaspace] GC(670) Metaspace: 12800K(13248K)->12800K(13248K) NonClass: 11705K(11904K)->11705K(11904K) Class: 1095K(1344K)->1095K(1344K)
[2026-01-16T09:07:29.947+0000][gc          ] GC(670) Pause Young (Normal) (G1 Evacuation Pause) 388M->340M(1024M) 846.498ms
[2026-01-16T09:07:29.949+0000][gc,cpu      ] GC(670) User=0.34s Sys=0.08s Real=0.85s
[2026-01-16T09:07:36.232+0000][gc,start    ] GC(671) Pause Young (Normal) (G1 Evacuation Pause)
[2026-01-16T09:07:36.236+0000][gc,task     ] GC(671) Using 8 workers of 8 for evacuation
[2026-01-16T09:07:36.614+0000][gc,mmu      ] GC(671) MMU target violated: 201.0ms (200.0ms/201.0ms)
[2026-01-16T09:07:36.623+0000][gc,phases   ] GC(671)   Pre Evacuate Collection Set: 15.7ms
[2026-01-16T09:07:36.624+0000][gc,phases   ] GC(671)   Merge Heap Roots: 11.9ms
[2026-01-16T09:07:36.624+0000][gc,phases   ] GC(671)   Evacuate Collection Set: 343.1ms
[2026-01-16T09:07:36.625+0000][gc,phases   ] GC(671)   Post Evacuate Collection Set: 6.9ms
[2026-01-16T09:07:36.625+0000][gc,phases   ] GC(671)   Other: 9.8ms
[2026-01-16T09:07:36.626+0000][gc,heap     ] GC(671) Eden regions: 49->0(48)
[2026-01-16T09:07:36.626+0000][gc,heap     ] GC(671) Survivor regions: 2->3(7)
[2026-01-16T09:07:36.633+0000][gc,heap     ] GC(671) Old regions: 216->216
[2026-01-16T09:07:36.633+0000][gc,heap     ] GC(671) Humongous regions: 123->123
[2026-01-16T09:07:36.633+0000][gc,metaspace] GC(671) Metaspace: 12800K(13248K)->12800K(13248K) NonClass: 11705K(11904K)->11705K(11904K) Class: 1095K(1344K)->1095K(1344K)
[2026-01-16T09:07:36.634+0000][gc          ] GC(671) Pause Young (Normal) (G1 Evacuation Pause) 389M->340M(1024M) 402.015ms
[2026-01-16T09:07:36.635+0000][gc,cpu      ] GC(671) User=0.21s Sys=0.01s Real=0.40s
[2026-01-16T09:07:38.346+0000][gc,start    ] GC(672) Pause Young (Normal) (G1 Evacuation Pause)
[2026-01-16T09:07:38.348+0000][gc,task     ] GC(672) Using 8 workers of 8 for evacuation
[2026-01-16T09:07:38.524+0000][gc,phases   ] GC(672)   Pre Evacuate Collection Set: 12.0ms
[2026-01-16T09:07:38.524+0000][gc,phases   ] GC(672)   Merge Heap Roots: 3.6ms
[2026-01-16T09:07:38.525+0000][gc,phases   ] GC(672)   Evacuate Collection Set: 144.4ms
[2026-01-16T09:07:38.525+0000][gc,phases   ] GC(672)   Post Evacuate Collection Set: 10.7ms
[2026-01-16T09:07:38.525+0000][gc,phases   ] GC(672)   Other: 5.9ms
[2026-01-16T09:07:38.526+0000][gc,heap     ] GC(672) Eden regions: 48->0(48)
[2026-01-16T09:07:38.527+0000][gc,heap     ] GC(672) Survivor regions: 3->3(7)
[2026-01-16T09:07:38.530+0000][gc,heap     ] GC(672) Old regions: 216->216
[2026-01-16T09:07:38.530+0000][gc,heap     ] GC(672) Humongous regions: 123->123
[2026-01-16T09:07:38.531+0000][gc,metaspace] GC(672) Metaspace: 12800K(13248K)->12800K(13248K) NonClass: 11705K(11904K)->11705K(11904K) Class: 1095K(1344K)->1095K(1344K)
[2026-01-16T09:07:38.531+0000][gc          ] GC(672) Pause Young (Normal) (G1 Evacuation Pause) 388M->341M(1024M) 185.018ms
[2026-01-16T09:07:38.532+0000][gc,cpu      ] GC(672) User=0.13s Sys=0.00s Real=0.19s
[2026-01-16T09:07:41.428+0000][gc,start    ] GC(673) Pause Young (Normal) (G1 Evacuation Pause)
[2026-01-16T09:07:41.430+0000][gc,task     ] GC(673) Using 8 workers of 8 for evacuation
[2026-01-16T09:07:41.979+0000][gc,mmu      ] GC(673) MMU target violated: 201.0ms (200.0ms/201.0ms)
[2026-01-16T09:07:41.981+0000][gc,phases   ] GC(673)   Pre Evacuate Collection Set: 44.9ms
[2026-01-16T09:07:41.984+0000][gc,phases   ] GC(673)   Merge Heap Roots: 3.0ms
[2026-01-16T09:07:41.984+0000][gc,phases   ] GC(673)   Evacuate Collection Set: 479.3ms
[2026-01-16T09:07:41.984+0000][gc,phases   ] GC(673)   Post Evacuate Collection Set: 15.9ms
[2026-01-16T09:07:41.984+0000][gc,phases   ] GC(673)   Other: 8.4ms
[2026-01-16T09:07:41.984+0000][gc,heap     ] GC(673) Eden regions: 48->0(47)
[2026-01-16T09:07:41.984+0000][gc,heap     ] GC(673) Survivor regions: 3->4(7)
[2026-01-16T09:07:41.984+0000][gc,heap     ] GC(673) Old regions: 216->216
[2026-01-16T09:07:41.985+0000][gc,heap     ] GC(673) Humongous regions: 123->123
[2026-01-16T09:07:41.986+0000][gc,metaspace] GC(673) Metaspace: 12800K(13248K)->12800K(13248K) NonClass: 11705K(11904K)->11705K(11904K) Class: 1095K(1344K)->1095K(1344K)
[2026-01-16T09:07:41.987+0000][gc          ] GC(673) Pause Young (Normal) (G1 Evacuation Pause) 389M->342M(1024M) 558.957ms
[2026-01-16T09:07:41.989+0000][gc,cpu      ] GC(673) User=0.30s Sys=0.03s Real=0.56s
[2026-01-16T09:07:44.385+0000][gc,start    ] GC(674) Pause Young (Normal) (G1 Evacuation Pause)
[2026-01-16T09:07:44.386+0000][gc,task     ] GC(674) Using 8 workers of 8 for evacuation
[2026-01-16T09:07:44.898+0000][gc,mmu      ] GC(674) MMU target violated: 201.0ms (200.0ms/201.0ms)
[2026-01-16T09:07:44.900+0000][gc,phases   ] GC(674)   Pre Evacuate Collection Set: 41.4ms
[2026-01-16T09:07:44.910+0000][gc,phases   ] GC(674)   Merge Heap Roots: 15.5ms
[2026-01-16T09:07:44.911+0000][gc,phases   ] GC(674)   Evacuate Collection Set: 440.7ms
[2026-01-16T09:07:44.911+0000][gc,phases   ] GC(674)   Post Evacuate Collection Set: 7.0ms
[2026-01-16T09:07:44.912+0000][gc,phases   ] GC(674)   Other: 10.0ms
[2026-01-16T09:07:44.913+0000][gc,heap     ] GC(674) Eden regions: 47->0(48)
[2026-01-16T09:07:44.915+0000][gc,heap     ] GC(674) Survivor regions: 4->3(7)
[2026-01-16T09:07:44.918+0000][gc,heap     ] GC(674) Old regions: 216->216
[2026-01-16T09:07:44.919+0000][gc,heap     ] GC(674) Humongous regions: 123->123
[2026-01-16T09:07:44.920+0000][gc,metaspace] GC(674) Metaspace: 12800K(13248K)->12800K(13248K) NonClass: 11705K(11904K)->11705K(11904K) Class: 1095K(1344K)->1095K(1344K)
[2026-01-16T09:07:44.924+0000][gc          ] GC(674) Pause Young (Normal) (G1 Evacuation Pause) 389M->341M(1024M) 539.419ms
[2026-01-16T09:07:44.927+0000][gc,cpu      ] GC(674) User=0.23s Sys=0.00s Real=0.54s
[2026-01-16T09:07:46.778+0000][gc,start    ] GC(675) Pause Young (Normal) (G1 Evacuation Pause)
[2026-01-16T09:07:46.779+0000][gc,task     ] GC(675) Using 8 workers of 8 for evacuation
[2026-01-16T09:07:47.009+0000][gc,mmu      ] GC(675) MMU target violated: 201.0ms (200.0ms/201.0ms)
[2026-01-16T09:07:47.009+0000][gc,phases   ] GC(675)   Pre Evacuate Collection Set: 16.8ms
[2026-01-16T09:07:47.010+0000][gc,phases   ] GC(675)   Merge Heap Roots: 2.8ms
[2026-01-16T09:07:47.010+0000][gc,phases   ] GC(675)   Evacuate Collection Set: 206.4ms
[2026-01-16T09:07:47.010+0000][gc,phases   ] GC(675)   Post Evacuate Collection Set: 3.5ms
[2026-01-16T09:07:47.010+0000][gc,phases   ] GC(675)   Other: 1.0ms
[2026-01-16T09:07:47.010+0000][gc,heap     ] GC(675) Eden regions: 48->0(49)
[2026-01-16T09:07:47.011+0000][gc,heap     ] GC(675) Survivor regions: 3->2(7)
[2026-01-16T09:07:47.011+0000][gc,heap     ] GC(675) Old regions: 216->216
[2026-01-16T09:07:47.011+0000][gc,heap     ] GC(675) Humongous regions: 123->123
[2026-01-16T09:07:47.012+0000][gc,metaspace] GC(675) Metaspace: 12802K(13312K)->12802K(13312K) NonClass: 11707K(11968K)->11707K(11968K) Class: 1095K(1344K)->1095K(1344K)
[2026-01-16T09:07:47.012+0000][gc          ] GC(675) Pause Young (Normal) (G1 Evacuation Pause) 389M->340M(1024M) 234.148ms
[2026-01-16T09:07:47.013+0000][gc,cpu      ] GC(675) User=0.07s Sys=0.01s Real=0.24s
[2026-01-16T09:07:48.184+0000][gc,start    ] GC(676) Pause Young (Normal) (G1 Evacuation Pause)
[2026-01-16T09:07:48.186+0000][gc,task     ] GC(676) Using 8 workers of 8 for evacuation
[2026-01-16T09:07:48.294+0000][gc,phases   ] GC(676)   Pre Evacuate Collection Set: 9.7ms
[2026-01-16T09:07:48.294+0000][gc,phases   ] GC(676)   Merge Heap Roots: 0.9ms
[2026-01-16T09:07:48.297+0000][gc,phases   ] GC(676)   Evacuate Collection Set: 94.5ms
[2026-01-16T09:07:48.297+0000][gc,phases   ] GC(676)   Post Evacuate Collection Set: 1.7ms
[2026-01-16T09:07:48.298+0000][gc,phases   ] GC(676)   Other: 1.9ms
[2026-01-16T09:07:48.298+0000][gc,heap     ] GC(676) Eden regions: 49->0(48)
[2026-01-16T09:07:48.298+0000][gc,heap     ] GC(676) Survivor regions: 2->3(7)
[2026-01-16T09:07:48.299+0000][gc,heap     ] GC(676) Old regions: 216->216
[2026-01-16T09:07:48.299+0000][gc,heap     ] GC(676) Humongous regions: 123->123
[2026-01-16T09:07:48.307+0000][gc,metaspace] GC(676) Metaspace: 12802K(13312K)->12802K(13312K) NonClass: 11707K(11968K)->11707K(11968K) Class: 1095K(1344K)->1095K(1344K)
[2026-01-16T09:07:48.309+0000][gc          ] GC(676) Pause Young (Normal) (G1 Evacuation Pause) 389M->341M(1024M) 124.819ms
[2026-01-16T09:07:48.309+0000][gc,cpu      ] GC(676) User=0.08s Sys=0.00s Real=0.12s
[2026-01-16T09:07:56.836+0000][gc,start    ] GC(677) Pause Young (Normal) (G1 Evacuation Pause)
[2026-01-16T09:07:56.840+0000][gc,task     ] GC(677) Using 8 workers of 8 for evacuation
[2026-01-16T09:07:57.361+0000][gc,mmu      ] GC(677) MMU target violated: 201.0ms (200.0ms/201.0ms)
[2026-01-16T09:07:57.362+0000][gc,phases   ] GC(677)   Pre Evacuate Collection Set: 83.9ms
[2026-01-16T09:07:57.363+0000][gc,phases   ] GC(677)   Merge Heap Roots: 19.2ms
[2026-01-16T09:07:57.363+0000][gc,phases   ] GC(677)   Evacuate Collection Set: 377.8ms
[2026-01-16T09:07:57.363+0000][gc,phases   ] GC(677)   Post Evacuate Collection Set: 33.0ms
[2026-01-16T09:07:57.364+0000][gc,phases   ] GC(677)   Other: 9.3ms
[2026-01-16T09:07:57.365+0000][gc,heap     ] GC(677) Eden regions: 48->0(49)
[2026-01-16T09:07:57.379+0000][gc,heap     ] GC(677) Survivor regions: 3->2(7)
[2026-01-16T09:07:57.383+0000][gc,heap     ] GC(677) Old regions: 216->216
[2026-01-16T09:07:57.391+0000][gc,heap     ] GC(677) Humongous regions: 123->123
[2026-01-16T09:07:57.392+0000][gc,metaspace] GC(677) Metaspace: 12802K(13312K)->12802K(13312K) NonClass: 11707K(11968K)->11707K(11968K) Class: 1095K(1344K)->1095K(1344K)
[2026-01-16T09:07:57.392+0000][gc          ] GC(677) Pause Young (Normal) (G1 Evacuation Pause) 389M->340M(1024M) 556.615ms
[2026-01-16T09:07:57.400+0000][gc,cpu      ] GC(677) User=0.27s Sys=0.02s Real=0.56s
[2026-01-16T09:07:59.921+0000][gc,start    ] GC(678) Pause Young (Normal) (G1 Evacuation Pause)
[2026-01-16T09:07:59.924+0000][gc,task     ] GC(678) Using 8 workers of 8 for evacuation
[2026-01-16T09:08:00.221+0000][gc,mmu      ] GC(678) MMU target violated: 201.0ms (200.0ms/201.0ms)
[2026-01-16T09:08:00.221+0000][gc,phases   ] GC(678)   Pre Evacuate Collection Set: 15.1ms
[2026-01-16T09:08:00.222+0000][gc,phases   ] GC(678)   Merge Heap Roots: 1.6ms
[2026-01-16T09:08:00.222+0000][gc,phases   ] GC(678)   Evacuate Collection Set: 266.2ms
[2026-01-16T09:08:00.223+0000][gc,phases   ] GC(678)   Post Evacuate Collection Set: 11.6ms
[2026-01-16T09:08:00.223+0000][gc,phases   ] GC(678)   Other: 3.0ms
[2026-01-16T09:08:00.224+0000][gc,heap     ] GC(678) Eden regions: 49->0(48)
[2026-01-16T09:08:00.224+0000][gc,heap     ] GC(678) Survivor regions: 2->3(7)
[2026-01-16T09:08:00.225+0000][gc,heap     ] GC(678) Old regions: 216->217
[2026-01-16T09:08:00.225+0000][gc,heap     ] GC(678) Humongous regions: 123->123
[2026-01-16T09:08:00.225+0000][gc,metaspace] GC(678) Metaspace: 12802K(13312K)->12802K(13312K) NonClass: 11707K(11968K)->11707K(11968K) Class: 1095K(1344K)->1095K(1344K)
[2026-01-16T09:08:00.226+0000][gc          ] GC(678) Pause Young (Normal) (G1 Evacuation Pause) 389M->341M(1024M) 304.116ms
[2026-01-16T09:08:00.230+0000][gc,cpu      ] GC(678) User=0.11s Sys=0.02s Real=0.31s
[2026-01-16T09:08:04.773+0000][gc,start    ] GC(679) Pause Young (Normal) (G1 Evacuation Pause)
[2026-01-16T09:08:04.777+0000][gc,task     ] GC(679) Using 8 workers of 8 for evacuation
[2026-01-16T09:08:05.116+0000][gc,mmu      ] GC(679) MMU target violated: 201.0ms (200.0ms/201.0ms)
[2026-01-16T09:08:05.118+0000][gc,phases   ] GC(679)   Pre Evacuate Collection Set: 31.3ms
[2026-01-16T09:08:05.119+0000][gc,phases   ] GC(679)   Merge Heap Roots: 2.0ms
[2026-01-16T09:08:05.119+0000][gc,phases   ] GC(679)   Evacuate Collection Set: 315.7ms
[2026-01-16T09:08:05.120+0000][gc,phases   ] GC(679)   Post Evacuate Collection Set: 7.4ms
[2026-01-16T09:08:05.121+0000][gc,phases   ] GC(679)   Other: 3.2ms
[2026-01-16T09:08:05.126+0000][gc,heap     ] GC(679) Eden regions: 48->0(49)
[2026-01-16T09:08:05.127+0000][gc,heap     ] GC(679) Survivor regions: 3->2(7)
[2026-01-16T09:08:05.128+0000][gc,heap     ] GC(679) Old regions: 217->217
[2026-01-16T09:08:05.130+0000][gc,heap     ] GC(679) Humongous regions: 123->123
[2026-01-16T09:08:05.136+0000][gc,metaspace] GC(679) Metaspace: 12802K(13312K)->12802K(13312K) NonClass: 11707K(11968K)->11707K(11968K) Class: 1095K(1344K)->1095K(1344K)
[2026-01-16T09:08:05.139+0000][gc          ] GC(679) Pause Young (Normal) (G1 Evacuation Pause) 389M->340M(1024M) 383.822ms
[2026-01-16T09:08:05.142+0000][gc,cpu      ] GC(679) User=0.19s Sys=0.02s Real=0.38s
[2026-01-16T09:08:06.985+0000][gc,start    ] GC(680) Pause Young (Normal) (G1 Evacuation Pause)
[2026-01-16T09:08:06.986+0000][gc,task     ] GC(680) Using 8 workers of 8 for evacuation
[2026-01-16T09:08:07.396+0000][gc,mmu      ] GC(680) MMU target violated: 201.0ms (200.0ms/201.0ms)
[2026-01-16T09:08:07.399+0000][gc,phases   ] GC(680)   Pre Evacuate Collection Set: 37.9ms
[2026-01-16T09:08:07.400+0000][gc,phases   ] GC(680)   Merge Heap Roots: 9.4ms
[2026-01-16T09:08:07.404+0000][gc,phases   ] GC(680)   Evacuate Collection Set: 348.3ms
[2026-01-16T09:08:07.405+0000][gc,phases   ] GC(680)   Post Evacuate Collection Set: 11.6ms
[2026-01-16T09:08:07.407+0000][gc,phases   ] GC(680)   Other: 5.0ms
[2026-01-16T09:08:07.410+0000][gc,heap     ] GC(680) Eden regions: 49->0(48)
[2026-01-16T09:08:07.411+0000][gc,heap     ] GC(680) Survivor regions: 2->3(7)
[2026-01-16T09:08:07.412+0000][gc,heap     ] GC(680) Old regions: 217->217
[2026-01-16T09:08:07.412+0000][gc,heap     ] GC(680) Humongous regions: 123->123
[2026-01-16T09:08:07.413+0000][gc,metaspace] GC(680) Metaspace: 12802K(13312K)->12802K(13312K) NonClass: 11707K(11968K)->11707K(11968K) Class: 1095K(1344K)->1095K(1344K)
[2026-01-16T09:08:07.417+0000][gc          ] GC(680) Pause Young (Normal) (G1 Evacuation Pause) 389M->341M(1024M) 432.068ms
[2026-01-16T09:08:07.418+0000][gc,cpu      ] GC(680) User=0.17s Sys=0.02s Real=0.43s
[2026-01-16T09:08:09.221+0000][gc,start    ] GC(681) Pause Young (Normal) (G1 Evacuation Pause)
[2026-01-16T09:08:09.223+0000][gc,task     ] GC(681) Using 8 workers of 8 for evacuation
[2026-01-16T09:08:09.356+0000][gc,phases   ] GC(681)   Pre Evacuate Collection Set: 9.6ms
[2026-01-16T09:08:09.360+0000][gc,phases   ] GC(681)   Merge Heap Roots: 1.8ms
[2026-01-16T09:08:09.361+0000][gc,phases   ] GC(681)   Evacuate Collection Set: 105.9ms
[2026-01-16T09:08:09.361+0000][gc,phases   ] GC(681)   Post Evacuate Collection Set: 10.8ms
[2026-01-16T09:08:09.361+0000][gc,phases   ] GC(681)   Other: 5.0ms
[2026-01-16T09:08:09.362+0000][gc,heap     ] GC(681) Eden regions: 48->0(48)
[2026-01-16T09:08:09.362+0000][gc,heap     ] GC(681) Survivor regions: 3->3(7)
[2026-01-16T09:08:09.362+0000][gc,heap     ] GC(681) Old regions: 217->217
[2026-01-16T09:08:09.365+0000][gc,heap     ] GC(681) Humongous regions: 123->123
[2026-01-16T09:08:09.365+0000][gc,metaspace] GC(681) Metaspace: 12802K(13312K)->12802K(13312K) NonClass: 11707K(11968K)->11707K(11968K) Class: 1095K(1344K)->1095K(1344K)
[2026-01-16T09:08:09.366+0000][gc          ] GC(681) Pause Young (Normal) (G1 Evacuation Pause) 389M->341M(1024M) 145.163ms
[2026-01-16T09:08:09.366+0000][gc,cpu      ] GC(681) User=0.10s Sys=0.00s Real=0.15s
[2026-01-16T09:08:17.320+0000][gc,start    ] GC(682) Pause Young (Normal) (G1 Evacuation Pause)
[2026-01-16T09:08:17.327+0000][gc,task     ] GC(682) Using 8 workers of 8 for evacuation
[2026-01-16T09:08:17.794+0000][gc,mmu      ] GC(682) MMU target violated: 201.0ms (200.0ms/201.0ms)
[2026-01-16T09:08:17.795+0000][gc,phases   ] GC(682)   Pre Evacuate Collection Set: 36.8ms
[2026-01-16T09:08:17.797+0000][gc,phases   ] GC(682)   Merge Heap Roots: 9.0ms
[2026-01-16T09:08:17.799+0000][gc,phases   ] GC(682)   Evacuate Collection Set: 405.4ms
[2026-01-16T09:08:17.801+0000][gc,phases   ] GC(682)   Post Evacuate Collection Set: 14.6ms
[2026-01-16T09:08:17.802+0000][gc,phases   ] GC(682)   Other: 3.3ms
[2026-01-16T09:08:17.802+0000][gc,heap     ] GC(682) Eden regions: 48->0(49)
[2026-01-16T09:08:17.803+0000][gc,heap     ] GC(682) Survivor regions: 3->2(7)
[2026-01-16T09:08:17.805+0000][gc,heap     ] GC(682) Old regions: 217->217
[2026-01-16T09:08:17.806+0000][gc,heap     ] GC(682) Humongous regions: 123->123
[2026-01-16T09:08:17.808+0000][gc,metaspace] GC(682) Metaspace: 12803K(13312K)->12803K(13312K) NonClass: 11708K(11968K)->11708K(11968K) Class: 1095K(1344K)->1095K(1344K)
[2026-01-16T09:08:17.809+0000][gc          ] GC(682) Pause Young (Normal) (G1 Evacuation Pause) 389M->341M(1024M) 488.986ms
[2026-01-16T09:08:17.810+0000][gc,cpu      ] GC(682) User=0.27s Sys=0.04s Real=0.49s
[2026-01-16T09:08:23.177+0000][gc,start    ] GC(683) Pause Young (Normal) (G1 Evacuation Pause)
[2026-01-16T09:08:23.192+0000][gc,task     ] GC(683) Using 8 workers of 8 for evacuation
[2026-01-16T09:08:23.517+0000][gc,mmu      ] GC(683) MMU target violated: 201.0ms (200.0ms/201.0ms)
[2026-01-16T09:08:23.538+0000][gc,phases   ] GC(683)   Pre Evacuate Collection Set: 72.8ms
[2026-01-16T09:08:23.541+0000][gc,phases   ] GC(683)   Merge Heap Roots: 2.1ms
[2026-01-16T09:08:23.545+0000][gc,phases   ] GC(683)   Evacuate Collection Set: 213.4ms
[2026-01-16T09:08:23.545+0000][gc,phases   ] GC(683)   Post Evacuate Collection Set: 31.6ms
[2026-01-16T09:08:23.547+0000][gc,phases   ] GC(683)   Other: 26.8ms
[2026-01-16T09:08:23.547+0000][gc,heap     ] GC(683) Eden regions: 49->0(48)
[2026-01-16T09:08:23.548+0000][gc,heap     ] GC(683) Survivor regions: 2->3(7)
[2026-01-16T09:08:23.548+0000][gc,heap     ] GC(683) Old regions: 217->217
[2026-01-16T09:08:23.548+0000][gc,heap     ] GC(683) Humongous regions: 123->123
[2026-01-16T09:08:23.551+0000][gc,metaspace] GC(683) Metaspace: 12803K(13312K)->12803K(13312K) NonClass: 11708K(11968K)->11708K(11968K) Class: 1095K(1344K)->1095K(1344K)
[2026-01-16T09:08:23.552+0000][gc          ] GC(683) Pause Young (Normal) (G1 Evacuation Pause) 390M->341M(1024M) 374.598ms
[2026-01-16T09:08:23.552+0000][gc,cpu      ] GC(683) User=0.21s Sys=0.03s Real=0.37s
[2026-01-16T09:08:27.840+0000][gc,start    ] GC(684) Pause Young (Normal) (G1 Evacuation Pause)
[2026-01-16T09:08:27.843+0000][gc,task     ] GC(684) Using 8 workers of 8 for evacuation
[2026-01-16T09:08:28.020+0000][gc,phases   ] GC(684)   Pre Evacuate Collection Set: 22.7ms
[2026-01-16T09:08:28.023+0000][gc,phases   ] GC(684)   Merge Heap Roots: 1.7ms
[2026-01-16T09:08:28.036+0000][gc,phases   ] GC(684)   Evacuate Collection Set: 133.9ms
[2026-01-16T09:08:28.037+0000][gc,phases   ] GC(684)   Post Evacuate Collection Set: 11.9ms
[2026-01-16T09:08:28.038+0000][gc,phases   ] GC(684)   Other: 7.7ms
[2026-01-16T09:08:28.038+0000][gc,heap     ] GC(684) Eden regions: 48->0(49)
[2026-01-16T09:08:28.039+0000][gc,heap     ] GC(684) Survivor regions: 3->2(7)
[2026-01-16T09:08:28.040+0000][gc,heap     ] GC(684) Old regions: 217->217
[2026-01-16T09:08:28.045+0000][gc,heap     ] GC(684) Humongous regions: 123->123
[2026-01-16T09:08:28.046+0000][gc,metaspace] GC(684) Metaspace: 12805K(13312K)->12805K(13312K) NonClass: 11709K(11968K)->11709K(11968K) Class: 1095K(1344K)->1095K(1344K)
[2026-01-16T09:08:28.047+0000][gc          ] GC(684) Pause Young (Normal) (G1 Evacuation Pause) 389M->341M(1024M) 207.508ms
[2026-01-16T09:08:28.052+0000][gc,cpu      ] GC(684) User=0.12s Sys=0.01s Real=0.21s
[2026-01-16T09:08:33.057+0000][gc,start    ] GC(685) Pause Young (Normal) (G1 Evacuation Pause)
[2026-01-16T09:08:33.058+0000][gc,task     ] GC(685) Using 8 workers of 8 for evacuation
[2026-01-16T09:08:33.934+0000][gc,mmu      ] GC(685) MMU target violated: 201.0ms (200.0ms/201.0ms)
[2026-01-16T09:08:33.964+0000][gc,phases   ] GC(685)   Pre Evacuate Collection Set: 41.9ms
[2026-01-16T09:08:33.966+0000][gc,phases   ] GC(685)   Merge Heap Roots: 4.5ms
[2026-01-16T09:08:33.967+0000][gc,phases   ] GC(685)   Evacuate Collection Set: 788.1ms
[2026-01-16T09:08:33.968+0000][gc,phases   ] GC(685)   Post Evacuate Collection Set: 39.4ms
[2026-01-16T09:08:33.969+0000][gc,phases   ] GC(685)   Other: 33.0ms
[2026-01-16T09:08:33.969+0000][gc,heap     ] GC(685) Eden regions: 49->0(48)
[2026-01-16T09:08:33.970+0000][gc,heap     ] GC(685) Survivor regions: 2->3(7)
[2026-01-16T09:08:33.971+0000][gc,heap     ] GC(685) Old regions: 217->217
[2026-01-16T09:08:33.971+0000][gc,heap     ] GC(685) Humongous regions: 123->123
[2026-01-16T09:08:33.972+0000][gc,metaspace] GC(685) Metaspace: 12805K(13312K)->12805K(13312K) NonClass: 11709K(11968K)->11709K(11968K) Class: 1095K(1344K)->1095K(1344K)
[2026-01-16T09:08:34.003+0000][gc          ] GC(685) Pause Young (Normal) (G1 Evacuation Pause) 390M->341M(1024M) 946.579ms
[2026-01-16T09:08:34.004+0000][gc,cpu      ] GC(685) User=0.40s Sys=0.10s Real=0.95s
[2026-01-16T09:08:36.749+0000][gc,start    ] GC(686) Pause Young (Normal) (G1 Evacuation Pause)
[2026-01-16T09:08:36.754+0000][gc,task     ] GC(686) Using 8 workers of 8 for evacuation
[2026-01-16T09:08:37.013+0000][gc,mmu      ] GC(686) MMU target violated: 201.0ms (200.0ms/201.0ms)
[2026-01-16T09:08:37.014+0000][gc,phases   ] GC(686)   Pre Evacuate Collection Set: 28.6ms
[2026-01-16T09:08:37.014+0000][gc,phases   ] GC(686)   Merge Heap Roots: 4.1ms
[2026-01-16T09:08:37.014+0000][gc,phases   ] GC(686)   Evacuate Collection Set: 214.7ms
[2026-01-16T09:08:37.014+0000][gc,phases   ] GC(686)   Post Evacuate Collection Set: 4.0ms
[2026-01-16T09:08:37.014+0000][gc,phases   ] GC(686)   Other: 9.5ms
[2026-01-16T09:08:37.014+0000][gc,heap     ] GC(686) Eden regions: 48->0(48)
[2026-01-16T09:08:37.014+0000][gc,heap     ] GC(686) Survivor regions: 3->3(7)
[2026-01-16T09:08:37.014+0000][gc,heap     ] GC(686) Old regions: 217->217
[2026-01-16T09:08:37.014+0000][gc,heap     ] GC(686) Humongous regions: 123->123
[2026-01-16T09:08:37.014+0000][gc,metaspace] GC(686) Metaspace: 12809K(13312K)->12809K(13312K) NonClass: 11714K(11968K)->11714K(11968K) Class: 1095K(1344K)->1095K(1344K)
[2026-01-16T09:08:37.015+0000][gc          ] GC(686) Pause Young (Normal) (G1 Evacuation Pause) 389M->342M(1024M) 266.073ms
[2026-01-16T09:08:37.015+0000][gc,cpu      ] GC(686) User=0.14s Sys=0.01s Real=0.26s
[2026-01-16T09:08:40.796+0000][gc,start    ] GC(687) Pause Young (Normal) (G1 Evacuation Pause)
[2026-01-16T09:08:40.803+0000][gc,task     ] GC(687) Using 8 workers of 8 for evacuation
[2026-01-16T09:08:41.237+0000][gc,mmu      ] GC(687) MMU target violated: 201.0ms (200.0ms/201.0ms)
[2026-01-16T09:08:41.237+0000][gc,phases   ] GC(687)   Pre Evacuate Collection Set: 112.6ms
[2026-01-16T09:08:41.238+0000][gc,phases   ] GC(687)   Merge Heap Roots: 10.2ms
[2026-01-16T09:08:41.238+0000][gc,phases   ] GC(687)   Evacuate Collection Set: 263.1ms
[2026-01-16T09:08:41.238+0000][gc,phases   ] GC(687)   Post Evacuate Collection Set: 46.8ms
[2026-01-16T09:08:41.238+0000][gc,phases   ] GC(687)   Other: 3.6ms
[2026-01-16T09:08:41.239+0000][gc,heap     ] GC(687) Eden regions: 48->0(49)
[2026-01-16T09:08:41.239+0000][gc,heap     ] GC(687) Survivor regions: 3->2(7)
[2026-01-16T09:08:41.239+0000][gc,heap     ] GC(687) Old regions: 217->217
[2026-01-16T09:08:41.239+0000][gc,heap     ] GC(687) Humongous regions: 123->123
[2026-01-16T09:08:41.239+0000][gc,metaspace] GC(687) Metaspace: 12809K(13312K)->12809K(13312K) NonClass: 11714K(11968K)->11714K(11968K) Class: 1095K(1344K)->1095K(1344K)
[2026-01-16T09:08:41.240+0000][gc          ] GC(687) Pause Young (Normal) (G1 Evacuation Pause) 390M->341M(1024M) 444.300ms
[2026-01-16T09:08:41.242+0000][gc,cpu      ] GC(687) User=0.29s Sys=0.03s Real=0.45s
[2026-01-16T09:08:47.094+0000][gc,start    ] GC(688) Pause Young (Normal) (G1 Evacuation Pause)
[2026-01-16T09:08:47.097+0000][gc,task     ] GC(688) Using 8 workers of 8 for evacuation
[2026-01-16T09:08:47.623+0000][gc,mmu      ] GC(688) MMU target violated: 201.0ms (200.0ms/201.0ms)
[2026-01-16T09:08:47.626+0000][gc,phases   ] GC(688)   Pre Evacuate Collection Set: 35.2ms
[2026-01-16T09:08:47.626+0000][gc,phases   ] GC(688)   Merge Heap Roots: 4.7ms
[2026-01-16T09:08:47.627+0000][gc,phases   ] GC(688)   Evacuate Collection Set: 416.1ms
[2026-01-16T09:08:47.627+0000][gc,phases   ] GC(688)   Post Evacuate Collection Set: 66.0ms
[2026-01-16T09:08:47.628+0000][gc,phases   ] GC(688)   Other: 7.8ms
[2026-01-16T09:08:47.631+0000][gc,heap     ] GC(688) Eden regions: 49->0(48)
[2026-01-16T09:08:47.633+0000][gc,heap     ] GC(688) Survivor regions: 2->3(7)
[2026-01-16T09:08:47.633+0000][gc,heap     ] GC(688) Old regions: 217->217
[2026-01-16T09:08:47.637+0000][gc,heap     ] GC(688) Humongous regions: 123->123
[2026-01-16T09:08:47.639+0000][gc,metaspace] GC(688) Metaspace: 12809K(13312K)->12809K(13312K) NonClass: 11714K(11968K)->11714K(11968K) Class: 1095K(1344K)->1095K(1344K)
[2026-01-16T09:08:47.641+0000][gc          ] GC(688) Pause Young (Normal) (G1 Evacuation Pause) 390M->342M(1024M) 546.153ms
[2026-01-16T09:08:47.645+0000][gc,cpu      ] GC(688) User=0.28s Sys=0.02s Real=0.55s
[2026-01-16T09:08:50.332+0000][gc,start    ] GC(689) Pause Young (Normal) (G1 Evacuation Pause)
[2026-01-16T09:08:50.333+0000][gc,task     ] GC(689) Using 8 workers of 8 for evacuation
[2026-01-16T09:08:50.679+0000][gc,mmu      ] GC(689) MMU target violated: 201.0ms (200.0ms/201.0ms)
[2026-01-16T09:08:50.681+0000][gc,phases   ] GC(689)   Pre Evacuate Collection Set: 25.3ms
[2026-01-16T09:08:50.681+0000][gc,phases   ] GC(689)   Merge Heap Roots: 2.1ms
[2026-01-16T09:08:50.682+0000][gc,phases   ] GC(689)   Evacuate Collection Set: 302.8ms
[2026-01-16T09:08:50.682+0000][gc,phases   ] GC(689)   Post Evacuate Collection Set: 14.8ms
[2026-01-16T09:08:50.682+0000][gc,phases   ] GC(689)   Other: 3.1ms
[2026-01-16T09:08:50.682+0000][gc,heap     ] GC(689) Eden regions: 48->0(47)
[2026-01-16T09:08:50.683+0000][gc,heap     ] GC(689) Survivor regions: 3->4(7)
[2026-01-16T09:08:50.683+0000][gc,heap     ] GC(689) Old regions: 217->217
[2026-01-16T09:08:50.683+0000][gc,heap     ] GC(689) Humongous regions: 123->123
[2026-01-16T09:08:50.684+0000][gc,metaspace] GC(689) Metaspace: 12809K(13312K)->12809K(13312K) NonClass: 11714K(11968K)->11714K(11968K) Class: 1095K(1344K)->1095K(1344K)
[2026-01-16T09:08:50.684+0000][gc          ] GC(689) Pause Young (Normal) (G1 Evacuation Pause) 390M->342M(1024M) 352.315ms
[2026-01-16T09:08:50.685+0000][gc,cpu      ] GC(689) User=0.19s Sys=0.01s Real=0.35s
[2026-01-16T09:08:52.365+0000][gc,start    ] GC(690) Pause Young (Normal) (G1 Evacuation Pause)
[2026-01-16T09:08:52.366+0000][gc,task     ] GC(690) Using 8 workers of 8 for evacuation
[2026-01-16T09:08:52.580+0000][gc,mmu      ] GC(690) MMU target violated: 201.0ms (200.0ms/201.0ms)
[2026-01-16T09:08:52.582+0000][gc,phases   ] GC(690)   Pre Evacuate Collection Set: 16.1ms
[2026-01-16T09:08:52.584+0000][gc,phases   ] GC(690)   Merge Heap Roots: 4.1ms
[2026-01-16T09:08:52.584+0000][gc,phases   ] GC(690)   Evacuate Collection Set: 188.4ms
[2026-01-16T09:08:52.590+0000][gc,phases   ] GC(690)   Post Evacuate Collection Set: 2.1ms
[2026-01-16T09:08:52.590+0000][gc,phases   ] GC(690)   Other: 5.7ms
[2026-01-16T09:08:52.591+0000][gc,heap     ] GC(690) Eden regions: 47->0(48)
[2026-01-16T09:08:52.595+0000][gc,heap     ] GC(690) Survivor regions: 4->3(7)
[2026-01-16T09:08:52.595+0000][gc,heap     ] GC(690) Old regions: 217->217
[2026-01-16T09:08:52.596+0000][gc,heap     ] GC(690) Humongous regions: 123->123
[2026-01-16T09:08:52.610+0000][gc,metaspace] GC(690) Metaspace: 12809K(13312K)->12809K(13312K) NonClass: 11714K(11968K)->11714K(11968K) Class: 1095K(1344K)->1095K(1344K)
[2026-01-16T09:08:52.610+0000][gc          ] GC(690) Pause Young (Normal) (G1 Evacuation Pause) 389M->342M(1024M) 245.527ms
[2026-01-16T09:08:52.613+0000][gc,cpu      ] GC(690) User=0.08s Sys=0.01s Real=0.25s
[2026-01-16T09:08:57.156+0000][gc,start    ] GC(691) Pause Young (Normal) (G1 Evacuation Pause)
[2026-01-16T09:08:57.168+0000][gc,task     ] GC(691) Using 8 workers of 8 for evacuation
[2026-01-16T09:08:57.700+0000][gc,mmu      ] GC(691) MMU target violated: 201.0ms (200.0ms/201.0ms)
[2026-01-16T09:08:57.707+0000][gc,phases   ] GC(691)   Pre Evacuate Collection Set: 92.2ms
[2026-01-16T09:08:57.708+0000][gc,phases   ] GC(691)   Merge Heap Roots: 4.7ms
[2026-01-16T09:08:57.708+0000][gc,phases   ] GC(691)   Evacuate Collection Set: 406.6ms
[2026-01-16T09:08:57.709+0000][gc,phases   ] GC(691)   Post Evacuate Collection Set: 22.5ms
[2026-01-16T09:08:57.710+0000][gc,phases   ] GC(691)   Other: 17.4ms
[2026-01-16T09:08:57.712+0000][gc,heap     ] GC(691) Eden regions: 48->0(49)
[2026-01-16T09:08:57.716+0000][gc,heap     ] GC(691) Survivor regions: 3->2(7)
[2026-01-16T09:08:57.717+0000][gc,heap     ] GC(691) Old regions: 217->217
[2026-01-16T09:08:57.718+0000][gc,heap     ] GC(691) Humongous regions: 123->123
[2026-01-16T09:08:57.720+0000][gc,metaspace] GC(691) Metaspace: 12809K(13312K)->12809K(13312K) NonClass: 11714K(11968K)->11714K(11968K) Class: 1095K(1344K)->1095K(1344K)
[2026-01-16T09:08:57.720+0000][gc          ] GC(691) Pause Young (Normal) (G1 Evacuation Pause) 390M->341M(1024M) 563.523ms
[2026-01-16T09:08:57.722+0000][gc,cpu      ] GC(691) User=0.43s Sys=0.09s Real=0.57s
[2026-01-16T09:09:00.683+0000][gc,start    ] GC(692) Pause Young (Normal) (G1 Evacuation Pause)
[2026-01-16T09:09:00.685+0000][gc,task     ] GC(692) Using 8 workers of 8 for evacuation
[2026-01-16T09:09:01.143+0000][gc,mmu      ] GC(692) MMU target violated: 201.0ms (200.0ms/201.0ms)
[2026-01-16T09:09:01.144+0000][gc,phases   ] GC(692)   Pre Evacuate Collection Set: 84.5ms
[2026-01-16T09:09:01.145+0000][gc,phases   ] GC(692)   Merge Heap Roots: 1.6ms
[2026-01-16T09:09:01.147+0000][gc,phases   ] GC(692)   Evacuate Collection Set: 361.4ms
[2026-01-16T09:09:01.148+0000][gc,phases   ] GC(692)   Post Evacuate Collection Set: 10.0ms
[2026-01-16T09:09:01.148+0000][gc,phases   ] GC(692)   Other: 2.2ms
[2026-01-16T09:09:01.149+0000][gc,heap     ] GC(692) Eden regions: 49->0(48)
[2026-01-16T09:09:01.155+0000][gc,heap     ] GC(692) Survivor regions: 2->3(7)
[2026-01-16T09:09:01.156+0000][gc,heap     ] GC(692) Old regions: 217->218
[2026-01-16T09:09:01.156+0000][gc,heap     ] GC(692) Humongous regions: 123->123
[2026-01-16T09:09:01.156+0000][gc,metaspace] GC(692) Metaspace: 12809K(13312K)->12809K(13312K) NonClass: 11714K(11968K)->11714K(11968K) Class: 1095K(1344K)->1095K(1344K)
[2026-01-16T09:09:01.157+0000][gc          ] GC(692) Pause Young (Normal) (G1 Evacuation Pause) 390M->342M(1024M) 474.695ms
[2026-01-16T09:09:01.158+0000][gc,cpu      ] GC(692) User=0.33s Sys=0.02s Real=0.48s
[2026-01-16T09:09:04.851+0000][gc,start    ] GC(693) Pause Young (Normal) (G1 Evacuation Pause)
[2026-01-16T09:09:04.852+0000][gc,task     ] GC(693) Using 8 workers of 8 for evacuation
[2026-01-16T09:09:05.104+0000][gc,mmu      ] GC(693) MMU target violated: 201.0ms (200.0ms/201.0ms)
[2026-01-16T09:09:05.105+0000][gc,phases   ] GC(693)   Pre Evacuate Collection Set: 36.7ms
[2026-01-16T09:09:05.106+0000][gc,phases   ] GC(693)   Merge Heap Roots: 4.0ms
[2026-01-16T09:09:05.106+0000][gc,phases   ] GC(693)   Evacuate Collection Set: 201.1ms
[2026-01-16T09:09:05.108+0000][gc,phases   ] GC(693)   Post Evacuate Collection Set: 10.4ms
[2026-01-16T09:09:05.108+0000][gc,phases   ] GC(693)   Other: 1.4ms
[2026-01-16T09:09:05.109+0000][gc,heap     ] GC(693) Eden regions: 48->0(48)
[2026-01-16T09:09:05.109+0000][gc,heap     ] GC(693) Survivor regions: 3->3(7)
[2026-01-16T09:09:05.111+0000][gc,heap     ] GC(693) Old regions: 218->218
[2026-01-16T09:09:05.112+0000][gc,heap     ] GC(693) Humongous regions: 123->123
[2026-01-16T09:09:05.112+0000][gc,metaspace] GC(693) Metaspace: 12809K(13312K)->12809K(13312K) NonClass: 11714K(11968K)->11714K(11968K) Class: 1095K(1344K)->1095K(1344K)
[2026-01-16T09:09:05.114+0000][gc          ] GC(693) Pause Young (Normal) (G1 Evacuation Pause) 390M->342M(1024M) 262.668ms
[2026-01-16T09:09:05.121+0000][gc,cpu      ] GC(693) User=0.18s Sys=0.01s Real=0.27s
[2026-01-16T09:09:07.438+0000][gc,start    ] GC(694) Pause Young (Normal) (G1 Evacuation Pause)
[2026-01-16T09:09:07.441+0000][gc,task     ] GC(694) Using 8 workers of 8 for evacuation
[2026-01-16T09:09:07.871+0000][gc,mmu      ] GC(694) MMU target violated: 201.0ms (200.0ms/201.0ms)
[2026-01-16T09:09:07.875+0000][gc,phases   ] GC(694)   Pre Evacuate Collection Set: 42.6ms
[2026-01-16T09:09:07.877+0000][gc,phases   ] GC(694)   Merge Heap Roots: 14.8ms
[2026-01-16T09:09:07.878+0000][gc,phases   ] GC(694)   Evacuate Collection Set: 357.6ms
[2026-01-16T09:09:07.878+0000][gc,phases   ] GC(694)   Post Evacuate Collection Set: 12.6ms
[2026-01-16T09:09:07.879+0000][gc,phases   ] GC(694)   Other: 6.9ms
[2026-01-16T09:09:07.880+0000][gc,heap     ] GC(694) Eden regions: 48->0(49)
[2026-01-16T09:09:07.880+0000][gc,heap     ] GC(694) Survivor regions: 3->2(7)
[2026-01-16T09:09:07.880+0000][gc,heap     ] GC(694) Old regions: 218->218
[2026-01-16T09:09:07.880+0000][gc,heap     ] GC(694) Humongous regions: 123->123
[2026-01-16T09:09:07.880+0000][gc,metaspace] GC(694) Metaspace: 12812K(13312K)->12812K(13312K) NonClass: 11716K(11968K)->11716K(11968K) Class: 1095K(1344K)->1095K(1344K)
[2026-01-16T09:09:07.881+0000][gc          ] GC(694) Pause Young (Normal) (G1 Evacuation Pause) 390M->342M(1024M) 442.272ms
[2026-01-16T09:09:07.881+0000][gc,cpu      ] GC(694) User=0.19s Sys=0.03s Real=0.44s
[2026-01-16T09:09:11.459+0000][gc,start    ] GC(695) Pause Young (Normal) (G1 Evacuation Pause)
[2026-01-16T09:09:11.467+0000][gc,task     ] GC(695) Using 8 workers of 8 for evacuation
[2026-01-16T09:09:11.867+0000][gc,mmu      ] GC(695) MMU target violated: 201.0ms (200.0ms/201.0ms)
[2026-01-16T09:09:11.868+0000][gc,phases   ] GC(695)   Pre Evacuate Collection Set: 45.4ms
[2026-01-16T09:09:11.874+0000][gc,phases   ] GC(695)   Merge Heap Roots: 0.4ms
[2026-01-16T09:09:11.876+0000][gc,phases   ] GC(695)   Evacuate Collection Set: 338.4ms
[2026-01-16T09:09:11.882+0000][gc,phases   ] GC(695)   Post Evacuate Collection Set: 14.3ms
[2026-01-16T09:09:11.885+0000][gc,phases   ] GC(695)   Other: 4.8ms
[2026-01-16T09:09:11.886+0000][gc,heap     ] GC(695) Eden regions: 49->0(48)
[2026-01-16T09:09:11.891+0000][gc,heap     ] GC(695) Survivor regions: 2->3(7)
[2026-01-16T09:09:11.893+0000][gc,heap     ] GC(695) Old regions: 218->218
[2026-01-16T09:09:11.893+0000][gc,heap     ] GC(695) Humongous regions: 123->123
[2026-01-16T09:09:11.894+0000][gc,metaspace] GC(695) Metaspace: 12812K(13312K)->12812K(13312K) NonClass: 11716K(11968K)->11716K(11968K) Class: 1095K(1344K)->1095K(1344K)
[2026-01-16T09:09:11.894+0000][gc          ] GC(695) Pause Young (Normal) (G1 Evacuation Pause) 391M->342M(1024M) 435.022ms
[2026-01-16T09:09:11.894+0000][gc,cpu      ] GC(695) User=0.25s Sys=0.02s Real=0.44s
[2026-01-16T09:09:15.077+0000][gc,start    ] GC(696) Pause Young (Normal) (G1 Evacuation Pause)
[2026-01-16T09:09:15.078+0000][gc,task     ] GC(696) Using 8 workers of 8 for evacuation
[2026-01-16T09:09:15.223+0000][gc,phases   ] GC(696)   Pre Evacuate Collection Set: 34.5ms
[2026-01-16T09:09:15.223+0000][gc,phases   ] GC(696)   Merge Heap Roots: 5.4ms
[2026-01-16T09:09:15.223+0000][gc,phases   ] GC(696)   Evacuate Collection Set: 95.0ms
[2026-01-16T09:09:15.223+0000][gc,phases   ] GC(696)   Post Evacuate Collection Set: 8.3ms
[2026-01-16T09:09:15.223+0000][gc,phases   ] GC(696)   Other: 1.1ms
[2026-01-16T09:09:15.223+0000][gc,heap     ] GC(696) Eden regions: 48->0(49)
[2026-01-16T09:09:15.226+0000][gc,heap     ] GC(696) Survivor regions: 3->2(7)
[2026-01-16T09:09:15.226+0000][gc,heap     ] GC(696) Old regions: 218->218
[2026-01-16T09:09:15.227+0000][gc,heap     ] GC(696) Humongous regions: 123->123
[2026-01-16T09:09:15.227+0000][gc,metaspace] GC(696) Metaspace: 12812K(13312K)->12812K(13312K) NonClass: 11716K(11968K)->11716K(11968K) Class: 1095K(1344K)->1095K(1344K)
[2026-01-16T09:09:15.228+0000][gc          ] GC(696) Pause Young (Normal) (G1 Evacuation Pause) 390M->342M(1024M) 150.743ms
[2026-01-16T09:09:15.228+0000][gc,cpu      ] GC(696) User=0.10s Sys=0.01s Real=0.15s
[2026-01-16T09:09:18.376+0000][gc,start    ] GC(697) Pause Young (Normal) (G1 Evacuation Pause)
[2026-01-16T09:09:18.378+0000][gc,task     ] GC(697) Using 8 workers of 8 for evacuation
[2026-01-16T09:09:18.565+0000][gc,phases   ] GC(697)   Pre Evacuate Collection Set: 15.6ms
[2026-01-16T09:09:18.575+0000][gc,phases   ] GC(697)   Merge Heap Roots: 5.0ms
[2026-01-16T09:09:18.575+0000][gc,phases   ] GC(697)   Evacuate Collection Set: 155.0ms
[2026-01-16T09:09:18.575+0000][gc,phases   ] GC(697)   Post Evacuate Collection Set: 8.7ms
[2026-01-16T09:09:18.576+0000][gc,phases   ] GC(697)   Other: 2.6ms
[2026-01-16T09:09:18.576+0000][gc,heap     ] GC(697) Eden regions: 49->0(48)
[2026-01-16T09:09:18.576+0000][gc,heap     ] GC(697) Survivor regions: 2->3(7)
[2026-01-16T09:09:18.576+0000][gc,heap     ] GC(697) Old regions: 218->218
[2026-01-16T09:09:18.576+0000][gc,heap     ] GC(697) Humongous regions: 123->123
[2026-01-16T09:09:18.577+0000][gc,metaspace] GC(697) Metaspace: 12812K(13312K)->12812K(13312K) NonClass: 11716K(11968K)->11716K(11968K) Class: 1095K(1344K)->1095K(1344K)
[2026-01-16T09:09:18.590+0000][gc          ] GC(697) Pause Young (Normal) (G1 Evacuation Pause) 391M->342M(1024M) 213.409ms
[2026-01-16T09:09:18.590+0000][gc,cpu      ] GC(697) User=0.14s Sys=0.01s Real=0.21s
[2026-01-16T09:09:24.899+0000][gc,start    ] GC(698) Pause Young (Normal) (G1 Evacuation Pause)
[2026-01-16T09:09:24.904+0000][gc,task     ] GC(698) Using 8 workers of 8 for evacuation
[2026-01-16T09:09:25.047+0000][gc,phases   ] GC(698)   Pre Evacuate Collection Set: 12.9ms
[2026-01-16T09:09:25.049+0000][gc,phases   ] GC(698)   Merge Heap Roots: 0.6ms
[2026-01-16T09:09:25.049+0000][gc,phases   ] GC(698)   Evacuate Collection Set: 116.8ms
[2026-01-16T09:09:25.050+0000][gc,phases   ] GC(698)   Post Evacuate Collection Set: 12.2ms
[2026-01-16T09:09:25.050+0000][gc,phases   ] GC(698)   Other: 1.8ms
[2026-01-16T09:09:25.050+0000][gc,heap     ] GC(698) Eden regions: 48->0(49)
[2026-01-16T09:09:25.051+0000][gc,heap     ] GC(698) Survivor regions: 3->2(7)
[2026-01-16T09:09:25.051+0000][gc,heap     ] GC(698) Old regions: 218->218
[2026-01-16T09:09:25.052+0000][gc,heap     ] GC(698) Humongous regions: 123->123
[2026-01-16T09:09:25.052+0000][gc,metaspace] GC(698) Metaspace: 12812K(13312K)->12812K(13312K) NonClass: 11716K(11968K)->11716K(11968K) Class: 1095K(1344K)->1095K(1344K)
[2026-01-16T09:09:25.052+0000][gc          ] GC(698) Pause Young (Normal) (G1 Evacuation Pause) 390M->342M(1024M) 152.783ms
[2026-01-16T09:09:25.053+0000][gc,cpu      ] GC(698) User=0.09s Sys=0.01s Real=0.16s
[2026-01-16T09:09:28.909+0000][gc,start    ] GC(699) Pause Young (Normal) (G1 Evacuation Pause)
[2026-01-16T09:09:28.911+0000][gc,task     ] GC(699) Using 8 workers of 8 for evacuation
[2026-01-16T09:09:29.241+0000][gc,mmu      ] GC(699) MMU target violated: 201.0ms (200.0ms/201.0ms)
[2026-01-16T09:09:29.244+0000][gc,phases   ] GC(699)   Pre Evacuate Collection Set: 31.6ms
[2026-01-16T09:09:29.251+0000][gc,phases   ] GC(699)   Merge Heap Roots: 5.4ms
[2026-01-16T09:09:29.255+0000][gc,phases   ] GC(699)   Evacuate Collection Set: 221.5ms
[2026-01-16T09:09:29.258+0000][gc,phases   ] GC(699)   Post Evacuate Collection Set: 67.8ms
[2026-01-16T09:09:29.258+0000][gc,phases   ] GC(699)   Other: 7.8ms
[2026-01-16T09:09:29.261+0000][gc,heap     ] GC(699) Eden regions: 49->0(48)
[2026-01-16T09:09:29.263+0000][gc,heap     ] GC(699) Survivor regions: 2->3(7)
[2026-01-16T09:09:29.268+0000][gc,heap     ] GC(699) Old regions: 218->218
[2026-01-16T09:09:29.269+0000][gc,heap     ] GC(699) Humongous regions: 123->123
[2026-01-16T09:09:29.271+0000][gc,metaspace] GC(699) Metaspace: 12812K(13312K)->12812K(13312K) NonClass: 11716K(11968K)->11716K(11968K) Class: 1095K(1344K)->1095K(1344K)
[2026-01-16T09:09:29.274+0000][gc          ] GC(699) Pause Young (Normal) (G1 Evacuation Pause) 391M->342M(1024M) 364.412ms
[2026-01-16T09:09:29.277+0000][gc,cpu      ] GC(699) User=0.19s Sys=0.01s Real=0.37s
[2026-01-16T09:09:31.885+0000][gc,start    ] GC(700) Pause Young (Normal) (G1 Evacuation Pause)
[2026-01-16T09:09:31.887+0000][gc,task     ] GC(700) Using 8 workers of 8 for evacuation
[2026-01-16T09:09:32.074+0000][gc,phases   ] GC(700)   Pre Evacuate Collection Set: 12.4ms
[2026-01-16T09:09:32.076+0000][gc,phases   ] GC(700)   Merge Heap Roots: 2.3ms
[2026-01-16T09:09:32.100+0000][gc,phases   ] GC(700)   Evacuate Collection Set: 161.5ms
[2026-01-16T09:09:32.110+0000][gc,phases   ] GC(700)   Post Evacuate Collection Set: 10.1ms
[2026-01-16T09:09:32.110+0000][gc,phases   ] GC(700)   Other: 0.5ms
[2026-01-16T09:09:32.110+0000][gc,heap     ] GC(700) Eden regions: 48->0(48)
[2026-01-16T09:09:32.110+0000][gc,heap     ] GC(700) Survivor regions: 3->3(7)
[2026-01-16T09:09:32.110+0000][gc,heap     ] GC(700) Old regions: 218->218
[2026-01-16T09:09:32.111+0000][gc,heap     ] GC(700) Humongous regions: 123->123
[2026-01-16T09:09:32.111+0000][gc,metaspace] GC(700) Metaspace: 12812K(13312K)->12812K(13312K) NonClass: 11716K(11968K)->11716K(11968K) Class: 1095K(1344K)->1095K(1344K)
[2026-01-16T09:09:32.112+0000][gc          ] GC(700) Pause Young (Normal) (G1 Evacuation Pause) 390M->343M(1024M) 227.472ms
[2026-01-16T09:09:32.113+0000][gc,cpu      ] GC(700) User=0.12s Sys=0.02s Real=0.23s
[2026-01-16T09:09:38.198+0000][gc,start    ] GC(701) Pause Young (Normal) (G1 Evacuation Pause)
[2026-01-16T09:09:38.202+0000][gc,task     ] GC(701) Using 8 workers of 8 for evacuation
[2026-01-16T09:09:38.442+0000][gc,mmu      ] GC(701) MMU target violated: 201.0ms (200.0ms/201.0ms)
[2026-01-16T09:09:38.444+0000][gc,phases   ] GC(701)   Pre Evacuate Collection Set: 27.2ms
[2026-01-16T09:09:38.444+0000][gc,phases   ] GC(701)   Merge Heap Roots: 4.0ms
[2026-01-16T09:09:38.445+0000][gc,phases   ] GC(701)   Evacuate Collection Set: 179.0ms
[2026-01-16T09:09:38.445+0000][gc,phases   ] GC(701)   Post Evacuate Collection Set: 28.0ms
[2026-01-16T09:09:38.448+0000][gc,phases   ] GC(701)   Other: 3.8ms
[2026-01-16T09:09:38.450+0000][gc,heap     ] GC(701) Eden regions: 48->0(49)
[2026-01-16T09:09:38.452+0000][gc,heap     ] GC(701) Survivor regions: 3->2(7)
[2026-01-16T09:09:38.454+0000][gc,heap     ] GC(701) Old regions: 218->218
[2026-01-16T09:09:38.454+0000][gc,heap     ] GC(701) Humongous regions: 123->123
[2026-01-16T09:09:38.457+0000][gc,metaspace] GC(701) Metaspace: 12812K(13312K)->12812K(13312K) NonClass: 11716K(11968K)->11716K(11968K) Class: 1095K(1344K)->1095K(1344K)
[2026-01-16T09:09:38.459+0000][gc          ] GC(701) Pause Young (Normal) (G1 Evacuation Pause) 391M->342M(1024M) 260.681ms
[2026-01-16T09:09:38.460+0000][gc,cpu      ] GC(701) User=0.19s Sys=0.01s Real=0.26s
[2026-01-16T09:09:41.156+0000][gc,start    ] GC(702) Pause Young (Normal) (G1 Evacuation Pause)
[2026-01-16T09:09:41.157+0000][gc,task     ] GC(702) Using 8 workers of 8 for evacuation
[2026-01-16T09:09:41.632+0000][gc,mmu      ] GC(702) MMU target violated: 201.0ms (200.0ms/201.0ms)
[2026-01-16T09:09:41.635+0000][gc,phases   ] GC(702)   Pre Evacuate Collection Set: 12.4ms
[2026-01-16T09:09:41.635+0000][gc,phases   ] GC(702)   Merge Heap Roots: 0.4ms
[2026-01-16T09:09:41.636+0000][gc,phases   ] GC(702)   Evacuate Collection Set: 454.5ms
[2026-01-16T09:09:41.636+0000][gc,phases   ] GC(702)   Post Evacuate Collection Set: 7.5ms
[2026-01-16T09:09:41.637+0000][gc,phases   ] GC(702)   Other: 3.7ms
[2026-01-16T09:09:41.637+0000][gc,heap     ] GC(702) Eden regions: 51->0(48)
[2026-01-16T09:09:41.638+0000][gc,heap     ] GC(702) Survivor regions: 2->3(7)
[2026-01-16T09:09:41.639+0000][gc,heap     ] GC(702) Old regions: 218->218
[2026-01-16T09:09:41.639+0000][gc,heap     ] GC(702) Humongous regions: 123->123
[2026-01-16T09:09:41.640+0000][gc,metaspace] GC(702) Metaspace: 12812K(13312K)->12812K(13312K) NonClass: 11716K(11968K)->11716K(11968K) Class: 1095K(1344K)->1095K(1344K)
[2026-01-16T09:09:41.642+0000][gc          ] GC(702) Pause Young (Normal) (G1 Evacuation Pause) 393M->343M(1024M) 486.776ms
[2026-01-16T09:09:41.643+0000][gc,cpu      ] GC(702) User=0.20s Sys=0.01s Real=0.48s
[2026-01-16T09:09:46.687+0000][gc,start    ] GC(703) Pause Young (Normal) (G1 Evacuation Pause)
[2026-01-16T09:09:46.697+0000][gc,task     ] GC(703) Using 8 workers of 8 for evacuation
[2026-01-16T09:09:46.962+0000][gc,mmu      ] GC(703) MMU target violated: 201.0ms (200.0ms/201.0ms)
[2026-01-16T09:09:46.969+0000][gc,phases   ] GC(703)   Pre Evacuate Collection Set: 40.4ms
[2026-01-16T09:09:46.970+0000][gc,phases   ] GC(703)   Merge Heap Roots: 0.4ms
[2026-01-16T09:09:46.970+0000][gc,phases   ] GC(703)   Evacuate Collection Set: 202.7ms
[2026-01-16T09:09:46.970+0000][gc,phases   ] GC(703)   Post Evacuate Collection Set: 18.8ms
[2026-01-16T09:09:46.970+0000][gc,phases   ] GC(703)   Other: 10.0ms
[2026-01-16T09:09:46.970+0000][gc,heap     ] GC(703) Eden regions: 48->0(49)
[2026-01-16T09:09:46.970+0000][gc,heap     ] GC(703) Survivor regions: 3->2(7)
[2026-01-16T09:09:46.970+0000][gc,heap     ] GC(703) Old regions: 218->219
[2026-01-16T09:09:46.970+0000][gc,heap     ] GC(703) Humongous regions: 123->123
[2026-01-16T09:09:46.970+0000][gc,metaspace] GC(703) Metaspace: 12812K(13312K)->12812K(13312K) NonClass: 11716K(11968K)->11716K(11968K) Class: 1095K(1344K)->1095K(1344K)
[2026-01-16T09:09:46.971+0000][gc          ] GC(703) Pause Young (Normal) (G1 Evacuation Pause) 391M->342M(1024M) 283.721ms
[2026-01-16T09:09:46.971+0000][gc,cpu      ] GC(703) User=0.18s Sys=0.01s Real=0.28s
[2026-01-16T09:09:49.844+0000][gc,start    ] GC(704) Pause Young (Normal) (G1 Evacuation Pause)
[2026-01-16T09:09:49.845+0000][gc,task     ] GC(704) Using 8 workers of 8 for evacuation
[2026-01-16T09:09:50.017+0000][gc,phases   ] GC(704)   Pre Evacuate Collection Set: 27.5ms
[2026-01-16T09:09:50.017+0000][gc,phases   ] GC(704)   Merge Heap Roots: 0.4ms
[2026-01-16T09:09:50.017+0000][gc,phases   ] GC(704)   Evacuate Collection Set: 122.5ms
[2026-01-16T09:09:50.017+0000][gc,phases   ] GC(704)   Post Evacuate Collection Set: 19.6ms
[2026-01-16T09:09:50.018+0000][gc,phases   ] GC(704)   Other: 2.4ms
[2026-01-16T09:09:50.018+0000][gc,heap     ] GC(704) Eden regions: 49->0(48)
[2026-01-16T09:09:50.018+0000][gc,heap     ] GC(704) Survivor regions: 2->3(7)
[2026-01-16T09:09:50.018+0000][gc,heap     ] GC(704) Old regions: 219->219
[2026-01-16T09:09:50.019+0000][gc,heap     ] GC(704) Humongous regions: 123->123
[2026-01-16T09:09:50.019+0000][gc,metaspace] GC(704) Metaspace: 12812K(13312K)->12812K(13312K) NonClass: 11716K(11968K)->11716K(11968K) Class: 1095K(1344K)->1095K(1344K)
[2026-01-16T09:09:50.020+0000][gc          ] GC(704) Pause Young (Normal) (G1 Evacuation Pause) 391M->343M(1024M) 175.488ms
[2026-01-16T09:09:50.020+0000][gc,cpu      ] GC(704) User=0.11s Sys=0.00s Real=0.18s
[2026-01-16T09:09:54.616+0000][gc,start    ] GC(705) Pause Young (Normal) (G1 Evacuation Pause)
[2026-01-16T09:09:54.631+0000][gc,task     ] GC(705) Using 8 workers of 8 for evacuation
[2026-01-16T09:09:54.784+0000][gc,phases   ] GC(705)   Pre Evacuate Collection Set: 23.6ms
[2026-01-16T09:09:54.785+0000][gc,phases   ] GC(705)   Merge Heap Roots: 28.5ms
[2026-01-16T09:09:54.785+0000][gc,phases   ] GC(705)   Evacuate Collection Set: 94.5ms
[2026-01-16T09:09:54.785+0000][gc,phases   ] GC(705)   Post Evacuate Collection Set: 6.0ms
[2026-01-16T09:09:54.786+0000][gc,phases   ] GC(705)   Other: 12.4ms
[2026-01-16T09:09:54.786+0000][gc,heap     ] GC(705) Eden regions: 48->0(51)
[2026-01-16T09:09:54.787+0000][gc,heap     ] GC(705) Survivor regions: 3->2(7)
[2026-01-16T09:09:54.787+0000][gc,heap     ] GC(705) Old regions: 219->219
[2026-01-16T09:09:54.788+0000][gc,heap     ] GC(705) Humongous regions: 123->123
[2026-01-16T09:09:54.789+0000][gc,metaspace] GC(705) Metaspace: 12812K(13312K)->12812K(13312K) NonClass: 11716K(11968K)->11716K(11968K) Class: 1095K(1344K)->1095K(1344K)
[2026-01-16T09:09:54.791+0000][gc          ] GC(705) Pause Young (Normal) (G1 Evacuation Pause) 391M->342M(1024M) 174.763ms
[2026-01-16T09:09:54.792+0000][gc,cpu      ] GC(705) User=0.12s Sys=0.02s Real=0.17s
[2026-01-16T09:09:59.225+0000][gc,start    ] GC(706) Pause Young (Normal) (G1 Evacuation Pause)
[2026-01-16T09:09:59.234+0000][gc,task     ] GC(706) Using 8 workers of 8 for evacuation
[2026-01-16T09:09:59.905+0000][gc,mmu      ] GC(706) MMU target violated: 201.0ms (200.0ms/201.0ms)
[2026-01-16T09:09:59.907+0000][gc,phases   ] GC(706)   Pre Evacuate Collection Set: 39.0ms
[2026-01-16T09:09:59.909+0000][gc,phases   ] GC(706)   Merge Heap Roots: 5.7ms
[2026-01-16T09:09:59.910+0000][gc,phases   ] GC(706)   Evacuate Collection Set: 544.8ms
[2026-01-16T09:09:59.910+0000][gc,phases   ] GC(706)   Post Evacuate Collection Set: 76.5ms
[2026-01-16T09:09:59.914+0000][gc,phases   ] GC(706)   Other: 8.2ms
[2026-01-16T09:09:59.915+0000][gc,heap     ] GC(706) Eden regions: 51->0(48)
[2026-01-16T09:09:59.916+0000][gc,heap     ] GC(706) Survivor regions: 2->3(7)
[2026-01-16T09:09:59.923+0000][gc,heap     ] GC(706) Old regions: 219->219
[2026-01-16T09:09:59.930+0000][gc,heap     ] GC(706) Humongous regions: 123->123
[2026-01-16T09:09:59.931+0000][gc,metaspace] GC(706) Metaspace: 12812K(13312K)->12812K(13312K) NonClass: 11716K(11968K)->11716K(11968K) Class: 1095K(1344K)->1095K(1344K)
[2026-01-16T09:09:59.936+0000][gc          ] GC(706) Pause Young (Normal) (G1 Evacuation Pause) 393M->343M(1024M) 710.547ms
[2026-01-16T09:09:59.946+0000][gc,cpu      ] GC(706) User=0.34s Sys=0.04s Real=0.73s
[2026-01-16T09:10:02.824+0000][gc,start    ] GC(707) Pause Young (Normal) (G1 Evacuation Pause)
[2026-01-16T09:10:02.825+0000][gc,task     ] GC(707) Using 8 workers of 8 for evacuation
[2026-01-16T09:10:03.062+0000][gc,mmu      ] GC(707) MMU target violated: 201.0ms (200.0ms/201.0ms)
[2026-01-16T09:10:03.063+0000][gc,phases   ] GC(707)   Pre Evacuate Collection Set: 24.9ms
[2026-01-16T09:10:03.064+0000][gc,phases   ] GC(707)   Merge Heap Roots: 2.2ms
[2026-01-16T09:10:03.064+0000][gc,phases   ] GC(707)   Evacuate Collection Set: 178.9ms
[2026-01-16T09:10:03.064+0000][gc,phases   ] GC(707)   Post Evacuate Collection Set: 30.2ms
[2026-01-16T09:10:03.064+0000][gc,phases   ] GC(707)   Other: 1.9ms
[2026-01-16T09:10:03.065+0000][gc,heap     ] GC(707) Eden regions: 48->0(48)
[2026-01-16T09:10:03.065+0000][gc,heap     ] GC(707) Survivor regions: 3->3(7)
[2026-01-16T09:10:03.066+0000][gc,heap     ] GC(707) Old regions: 219->219
[2026-01-16T09:10:03.066+0000][gc,heap     ] GC(707) Humongous regions: 123->123
[2026-01-16T09:10:03.067+0000][gc,metaspace] GC(707) Metaspace: 12812K(13312K)->12812K(13312K) NonClass: 11716K(11968K)->11716K(11968K) Class: 1095K(1344K)->1095K(1344K)
[2026-01-16T09:10:03.067+0000][gc          ] GC(707) Pause Young (Normal) (G1 Evacuation Pause) 391M->344M(1024M) 243.246ms
[2026-01-16T09:10:03.068+0000][gc,cpu      ] GC(707) User=0.14s Sys=0.01s Real=0.25s
[2026-01-16T09:10:05.913+0000][gc,start    ] GC(708) Pause Young (Normal) (G1 Evacuation Pause)
[2026-01-16T09:10:05.915+0000][gc,task     ] GC(708) Using 8 workers of 8 for evacuation
[2026-01-16T09:10:06.195+0000][gc,mmu      ] GC(708) MMU target violated: 201.0ms (200.0ms/201.0ms)
[2026-01-16T09:10:06.196+0000][gc,phases   ] GC(708)   Pre Evacuate Collection Set: 32.5ms
[2026-01-16T09:10:06.196+0000][gc,phases   ] GC(708)   Merge Heap Roots: 12.3ms
[2026-01-16T09:10:06.196+0000][gc,phases   ] GC(708)   Evacuate Collection Set: 220.6ms
[2026-01-16T09:10:06.203+0000][gc,phases   ] GC(708)   Post Evacuate Collection Set: 11.6ms
[2026-01-16T09:10:06.204+0000][gc,phases   ] GC(708)   Other: 4.3ms
[2026-01-16T09:10:06.204+0000][gc,heap     ] GC(708) Eden regions: 48->0(49)
[2026-01-16T09:10:06.204+0000][gc,heap     ] GC(708) Survivor regions: 3->2(7)
[2026-01-16T09:10:06.205+0000][gc,heap     ] GC(708) Old regions: 219->219
[2026-01-16T09:10:06.205+0000][gc,heap     ] GC(708) Humongous regions: 123->123
[2026-01-16T09:10:06.205+0000][gc,metaspace] GC(708) Metaspace: 12812K(13312K)->12812K(13312K) NonClass: 11716K(11968K)->11716K(11968K) Class: 1095K(1344K)->1095K(1344K)
[2026-01-16T09:10:06.207+0000][gc          ] GC(708) Pause Young (Normal) (G1 Evacuation Pause) 392M->343M(1024M) 293.557ms
[2026-01-16T09:10:06.208+0000][gc,cpu      ] GC(708) User=0.12s Sys=0.00s Real=0.30s
[2026-01-16T09:10:07.856+0000][gc,start    ] GC(709) Pause Young (Normal) (G1 Evacuation Pause)
[2026-01-16T09:10:07.858+0000][gc,task     ] GC(709) Using 8 workers of 8 for evacuation
[2026-01-16T09:10:08.122+0000][gc,mmu      ] GC(709) MMU target violated: 201.0ms (200.0ms/201.0ms)
[2026-01-16T09:10:08.124+0000][gc,phases   ] GC(709)   Pre Evacuate Collection Set: 39.0ms
[2026-01-16T09:10:08.125+0000][gc,phases   ] GC(709)   Merge Heap Roots: 12.4ms
[2026-01-16T09:10:08.127+0000][gc,phases   ] GC(709)   Evacuate Collection Set: 198.7ms
[2026-01-16T09:10:08.128+0000][gc,phases   ] GC(709)   Post Evacuate Collection Set: 13.4ms
[2026-01-16T09:10:08.129+0000][gc,phases   ] GC(709)   Other: 2.2ms
[2026-01-16T09:10:08.131+0000][gc,heap     ] GC(709) Eden regions: 49->0(48)
[2026-01-16T09:10:08.132+0000][gc,heap     ] GC(709) Survivor regions: 2->3(7)
[2026-01-16T09:10:08.133+0000][gc,heap     ] GC(709) Old regions: 219->219
[2026-01-16T09:10:08.133+0000][gc,heap     ] GC(709) Humongous regions: 123->123
[2026-01-16T09:10:08.134+0000][gc,metaspace] GC(709) Metaspace: 12812K(13312K)->12812K(13312K) NonClass: 11716K(11968K)->11716K(11968K) Class: 1095K(1344K)->1095K(1344K)
[2026-01-16T09:10:08.138+0000][gc          ] GC(709) Pause Young (Normal) (G1 Evacuation Pause) 392M->343M(1024M) 282.398ms
[2026-01-16T09:10:08.139+0000][gc,cpu      ] GC(709) User=0.12s Sys=0.00s Real=0.29s
[2026-01-16T09:10:16.233+0000][gc,start    ] GC(710) Pause Young (Normal) (G1 Evacuation Pause)
[2026-01-16T09:10:16.240+0000][gc,task     ] GC(710) Using 8 workers of 8 for evacuation
[2026-01-16T09:10:16.519+0000][gc,mmu      ] GC(710) MMU target violated: 201.0ms (200.0ms/201.0ms)
[2026-01-16T09:10:16.520+0000][gc,phases   ] GC(710)   Pre Evacuate Collection Set: 20.4ms
[2026-01-16T09:10:16.522+0000][gc,phases   ] GC(710)   Merge Heap Roots: 6.6ms
[2026-01-16T09:10:16.522+0000][gc,phases   ] GC(710)   Evacuate Collection Set: 238.1ms
[2026-01-16T09:10:16.523+0000][gc,phases   ] GC(710)   Post Evacuate Collection Set: 10.5ms
[2026-01-16T09:10:16.524+0000][gc,phases   ] GC(710)   Other: 3.6ms
[2026-01-16T09:10:16.526+0000][gc,heap     ] GC(710) Eden regions: 48->0(49)
[2026-01-16T09:10:16.527+0000][gc,heap     ] GC(710) Survivor regions: 3->2(7)
[2026-01-16T09:10:16.527+0000][gc,heap     ] GC(710) Old regions: 219->219
[2026-01-16T09:10:16.527+0000][gc,heap     ] GC(710) Humongous regions: 123->123
[2026-01-16T09:10:16.527+0000][gc,metaspace] GC(710) Metaspace: 12812K(13312K)->12812K(13312K) NonClass: 11717K(11968K)->11717K(11968K) Class: 1095K(1344K)->1095K(1344K)
[2026-01-16T09:10:16.528+0000][gc          ] GC(710) Pause Young (Normal) (G1 Evacuation Pause) 391M->343M(1024M) 294.640ms
[2026-01-16T09:10:16.528+0000][gc,cpu      ] GC(710) User=0.17s Sys=0.01s Real=0.30s
[2026-01-16T09:10:18.864+0000][gc,start    ] GC(711) Pause Young (Normal) (G1 Evacuation Pause)
[2026-01-16T09:10:18.868+0000][gc,task     ] GC(711) Using 8 workers of 8 for evacuation
[2026-01-16T09:10:19.072+0000][gc,mmu      ] GC(711) MMU target violated: 201.0ms (200.0ms/201.0ms)
[2026-01-16T09:10:19.073+0000][gc,phases   ] GC(711)   Pre Evacuate Collection Set: 15.2ms
[2026-01-16T09:10:19.073+0000][gc,phases   ] GC(711)   Merge Heap Roots: 0.9ms
[2026-01-16T09:10:19.073+0000][gc,phases   ] GC(711)   Evacuate Collection Set: 174.9ms
[2026-01-16T09:10:19.074+0000][gc,phases   ] GC(711)   Post Evacuate Collection Set: 11.4ms
[2026-01-16T09:10:19.074+0000][gc,phases   ] GC(711)   Other: 3.5ms
[2026-01-16T09:10:19.075+0000][gc,heap     ] GC(711) Eden regions: 49->0(48)
[2026-01-16T09:10:19.075+0000][gc,heap     ] GC(711) Survivor regions: 2->3(7)
[2026-01-16T09:10:19.075+0000][gc,heap     ] GC(711) Old regions: 219->219
[2026-01-16T09:10:19.076+0000][gc,heap     ] GC(711) Humongous regions: 123->123
[2026-01-16T09:10:19.076+0000][gc,metaspace] GC(711) Metaspace: 12812K(13312K)->12812K(13312K) NonClass: 11717K(11968K)->11717K(11968K) Class: 1095K(1344K)->1095K(1344K)
[2026-01-16T09:10:19.088+0000][gc          ] GC(711) Pause Young (Normal) (G1 Evacuation Pause) 392M->343M(1024M) 224.251ms
[2026-01-16T09:10:19.089+0000][gc,cpu      ] GC(711) User=0.12s Sys=0.00s Real=0.23s
[2026-01-16T09:10:25.007+0000][gc,start    ] GC(712) Pause Young (Normal) (G1 Evacuation Pause)
[2026-01-16T09:10:25.012+0000][gc,task     ] GC(712) Using 8 workers of 8 for evacuation
[2026-01-16T09:10:25.342+0000][gc,mmu      ] GC(712) MMU target violated: 201.0ms (200.0ms/201.0ms)
[2026-01-16T09:10:25.343+0000][gc,phases   ] GC(712)   Pre Evacuate Collection Set: 37.6ms
[2026-01-16T09:10:25.345+0000][gc,phases   ] GC(712)   Merge Heap Roots: 7.8ms
[2026-01-16T09:10:25.347+0000][gc,phases   ] GC(712)   Evacuate Collection Set: 267.5ms
[2026-01-16T09:10:25.348+0000][gc,phases   ] GC(712)   Post Evacuate Collection Set: 10.2ms
[2026-01-16T09:10:25.349+0000][gc,phases   ] GC(712)   Other: 8.5ms
[2026-01-16T09:10:25.349+0000][gc,heap     ] GC(712) Eden regions: 48->0(49)
[2026-01-16T09:10:25.349+0000][gc,heap     ] GC(712) Survivor regions: 3->2(7)
[2026-01-16T09:10:25.350+0000][gc,heap     ] GC(712) Old regions: 219->219
[2026-01-16T09:10:25.351+0000][gc,heap     ] GC(712) Humongous regions: 123->123
[2026-01-16T09:10:25.352+0000][gc,metaspace] GC(712) Metaspace: 12812K(13312K)->12812K(13312K) NonClass: 11717K(11968K)->11717K(11968K) Class: 1095K(1344K)->1095K(1344K)
[2026-01-16T09:10:25.352+0000][gc          ] GC(712) Pause Young (Normal) (G1 Evacuation Pause) 391M->343M(1024M) 344.974ms
[2026-01-16T09:10:25.353+0000][gc,cpu      ] GC(712) User=0.18s Sys=0.01s Real=0.34s
[2026-01-16T09:10:28.174+0000][gc,start    ] GC(713) Pause Young (Normal) (G1 Evacuation Pause)
[2026-01-16T09:10:28.179+0000][gc,task     ] GC(713) Using 8 workers of 8 for evacuation
[2026-01-16T09:10:28.357+0000][gc,phases   ] GC(713)   Pre Evacuate Collection Set: 15.8ms
[2026-01-16T09:10:28.362+0000][gc,phases   ] GC(713)   Merge Heap Roots: 5.5ms
[2026-01-16T09:10:28.365+0000][gc,phases   ] GC(713)   Evacuate Collection Set: 154.5ms
[2026-01-16T09:10:28.365+0000][gc,phases   ] GC(713)   Post Evacuate Collection Set: 1.4ms
[2026-01-16T09:10:28.365+0000][gc,phases   ] GC(713)   Other: 1.2ms
[2026-01-16T09:10:28.366+0000][gc,heap     ] GC(713) Eden regions: 49->0(48)
[2026-01-16T09:10:28.366+0000][gc,heap     ] GC(713) Survivor regions: 2->3(7)
[2026-01-16T09:10:28.366+0000][gc,heap     ] GC(713) Old regions: 219->219
[2026-01-16T09:10:28.367+0000][gc,heap     ] GC(713) Humongous regions: 123->123
[2026-01-16T09:10:28.368+0000][gc,metaspace] GC(713) Metaspace: 12812K(13312K)->12812K(13312K) NonClass: 11717K(11968K)->11717K(11968K) Class: 1095K(1344K)->1095K(1344K)
[2026-01-16T09:10:28.368+0000][gc          ] GC(713) Pause Young (Normal) (G1 Evacuation Pause) 392M->343M(1024M) 194.071ms
[2026-01-16T09:10:28.369+0000][gc,cpu      ] GC(713) User=0.09s Sys=0.01s Real=0.20s
[2026-01-16T09:10:30.834+0000][gc,start    ] GC(714) Pause Young (Normal) (G1 Evacuation Pause)
[2026-01-16T09:10:30.838+0000][gc,task     ] GC(714) Using 8 workers of 8 for evacuation
[2026-01-16T09:10:31.088+0000][gc,mmu      ] GC(714) MMU target violated: 201.0ms (200.0ms/201.0ms)
[2026-01-16T09:10:31.090+0000][gc,phases   ] GC(714)   Pre Evacuate Collection Set: 4.9ms
[2026-01-16T09:10:31.090+0000][gc,phases   ] GC(714)   Merge Heap Roots: 3.3ms
[2026-01-16T09:10:31.090+0000][gc,phases   ] GC(714)   Evacuate Collection Set: 224.5ms
[2026-01-16T09:10:31.093+0000][gc,phases   ] GC(714)   Post Evacuate Collection Set: 15.4ms
[2026-01-16T09:10:31.094+0000][gc,phases   ] GC(714)   Other: 4.0ms
[2026-01-16T09:10:31.095+0000][gc,heap     ] GC(714) Eden regions: 48->0(48)
[2026-01-16T09:10:31.095+0000][gc,heap     ] GC(714) Survivor regions: 3->3(7)
[2026-01-16T09:10:31.096+0000][gc,heap     ] GC(714) Old regions: 219->219
[2026-01-16T09:10:31.101+0000][gc,heap     ] GC(714) Humongous regions: 123->123
[2026-01-16T09:10:31.103+0000][gc,metaspace] GC(714) Metaspace: 12812K(13312K)->12812K(13312K) NonClass: 11717K(11968K)->11717K(11968K) Class: 1095K(1344K)->1095K(1344K)
[2026-01-16T09:10:31.106+0000][gc          ] GC(714) Pause Young (Normal) (G1 Evacuation Pause) 391M->344M(1024M) 271.850ms
[2026-01-16T09:10:31.107+0000][gc,cpu      ] GC(714) User=0.11s Sys=0.01s Real=0.28s
[2026-01-16T09:10:37.827+0000][gc,start    ] GC(715) Pause Young (Normal) (G1 Evacuation Pause)
[2026-01-16T09:10:37.838+0000][gc,task     ] GC(715) Using 8 workers of 8 for evacuation
[2026-01-16T09:10:38.181+0000][gc,mmu      ] GC(715) MMU target violated: 201.0ms (200.0ms/201.0ms)
[2026-01-16T09:10:38.183+0000][gc,phases   ] GC(715)   Pre Evacuate Collection Set: 33.3ms
[2026-01-16T09:10:38.185+0000][gc,phases   ] GC(715)   Merge Heap Roots: 3.5ms
[2026-01-16T09:10:38.186+0000][gc,phases   ] GC(715)   Evacuate Collection Set: 282.5ms
[2026-01-16T09:10:38.186+0000][gc,phases   ] GC(715)   Post Evacuate Collection Set: 20.1ms
[2026-01-16T09:10:38.187+0000][gc,phases   ] GC(715)   Other: 5.4ms
[2026-01-16T09:10:38.188+0000][gc,heap     ] GC(715) Eden regions: 48->0(49)
[2026-01-16T09:10:38.190+0000][gc,heap     ] GC(715) Survivor regions: 3->2(7)
[2026-01-16T09:10:38.191+0000][gc,heap     ] GC(715) Old regions: 219->219
[2026-01-16T09:10:38.191+0000][gc,heap     ] GC(715) Humongous regions: 123->123
[2026-01-16T09:10:38.191+0000][gc,metaspace] GC(715) Metaspace: 12813K(13312K)->12813K(13312K) NonClass: 11718K(11968K)->11718K(11968K) Class: 1095K(1344K)->1095K(1344K)
[2026-01-16T09:10:38.192+0000][gc          ] GC(715) Pause Young (Normal) (G1 Evacuation Pause) 392M->343M(1024M) 364.874ms
[2026-01-16T09:10:38.192+0000][gc,cpu      ] GC(715) User=0.21s Sys=0.01s Real=0.37s
[2026-01-16T09:10:41.966+0000][gc,start    ] GC(716) Pause Young (Normal) (G1 Evacuation Pause)
[2026-01-16T09:10:41.970+0000][gc,task     ] GC(716) Using 8 workers of 8 for evacuation
[2026-01-16T09:10:42.125+0000][gc,phases   ] GC(716)   Pre Evacuate Collection Set: 13.7ms
[2026-01-16T09:10:42.126+0000][gc,phases   ] GC(716)   Merge Heap Roots: 4.0ms
[2026-01-16T09:10:42.128+0000][gc,phases   ] GC(716)   Evacuate Collection Set: 124.2ms
[2026-01-16T09:10:42.131+0000][gc,phases   ] GC(716)   Post Evacuate Collection Set: 9.9ms
[2026-01-16T09:10:42.132+0000][gc,phases   ] GC(716)   Other: 3.0ms
[2026-01-16T09:10:42.132+0000][gc,heap     ] GC(716) Eden regions: 49->0(48)
[2026-01-16T09:10:42.133+0000][gc,heap     ] GC(716) Survivor regions: 2->3(7)
[2026-01-16T09:10:42.134+0000][gc,heap     ] GC(716) Old regions: 219->220
[2026-01-16T09:10:42.134+0000][gc,heap     ] GC(716) Humongous regions: 123->123
[2026-01-16T09:10:42.138+0000][gc,metaspace] GC(716) Metaspace: 12820K(13312K)->12820K(13312K) NonClass: 11725K(11968K)->11725K(11968K) Class: 1095K(1344K)->1095K(1344K)
[2026-01-16T09:10:42.140+0000][gc          ] GC(716) Pause Young (Normal) (G1 Evacuation Pause) 392M->344M(1024M) 173.879ms
[2026-01-16T09:10:42.140+0000][gc,cpu      ] GC(716) User=0.13s Sys=0.01s Real=0.18s
[2026-01-16T09:10:45.255+0000][gc,start    ] GC(717) Pause Young (Normal) (G1 Evacuation Pause)
[2026-01-16T09:10:45.258+0000][gc,task     ] GC(717) Using 8 workers of 8 for evacuation
[2026-01-16T09:10:45.403+0000][gc,phases   ] GC(717)   Pre Evacuate Collection Set: 14.0ms
[2026-01-16T09:10:45.404+0000][gc,phases   ] GC(717)   Merge Heap Roots: 0.5ms
[2026-01-16T09:10:45.404+0000][gc,phases   ] GC(717)   Evacuate Collection Set: 122.8ms
[2026-01-16T09:10:45.404+0000][gc,phases   ] GC(717)   Post Evacuate Collection Set: 7.7ms
[2026-01-16T09:10:45.404+0000][gc,phases   ] GC(717)   Other: 0.4ms
[2026-01-16T09:10:45.405+0000][gc,heap     ] GC(717) Eden regions: 48->0(49)
[2026-01-16T09:10:45.405+0000][gc,heap     ] GC(717) Survivor regions: 3->2(7)
[2026-01-16T09:10:45.405+0000][gc,heap     ] GC(717) Old regions: 220->220
[2026-01-16T09:10:45.405+0000][gc,heap     ] GC(717) Humongous regions: 123->123
[2026-01-16T09:10:45.405+0000][gc,metaspace] GC(717) Metaspace: 12820K(13312K)->12820K(13312K) NonClass: 11725K(11968K)->11725K(11968K) Class: 1095K(1344K)->1095K(1344K)
[2026-01-16T09:10:45.405+0000][gc          ] GC(717) Pause Young (Normal) (G1 Evacuation Pause) 392M->343M(1024M) 150.259ms
[2026-01-16T09:10:45.405+0000][gc,cpu      ] GC(717) User=0.11s Sys=0.00s Real=0.15s
[2026-01-16T09:10:50.635+0000][gc,start    ] GC(718) Pause Young (Normal) (G1 Evacuation Pause)
[2026-01-16T09:10:50.638+0000][gc,task     ] GC(718) Using 8 workers of 8 for evacuation
[2026-01-16T09:10:51.218+0000][gc,mmu      ] GC(718) MMU target violated: 201.0ms (200.0ms/201.0ms)
[2026-01-16T09:10:51.225+0000][gc,phases   ] GC(718)   Pre Evacuate Collection Set: 45.9ms
[2026-01-16T09:10:51.226+0000][gc,phases   ] GC(718)   Merge Heap Roots: 10.4ms
[2026-01-16T09:10:51.227+0000][gc,phases   ] GC(718)   Evacuate Collection Set: 491.4ms
[2026-01-16T09:10:51.229+0000][gc,phases   ] GC(718)   Post Evacuate Collection Set: 31.7ms
[2026-01-16T09:10:51.230+0000][gc,phases   ] GC(718)   Other: 7.7ms
[2026-01-16T09:10:51.231+0000][gc,heap     ] GC(718) Eden regions: 52->0(48)
[2026-01-16T09:10:51.232+0000][gc,heap     ] GC(718) Survivor regions: 2->3(7)
[2026-01-16T09:10:51.233+0000][gc,heap     ] GC(718) Old regions: 220->220
[2026-01-16T09:10:51.233+0000][gc,heap     ] GC(718) Humongous regions: 123->123
[2026-01-16T09:10:51.234+0000][gc,metaspace] GC(718) Metaspace: 12820K(13312K)->12820K(13312K) NonClass: 11725K(11968K)->11725K(11968K) Class: 1095K(1344K)->1095K(1344K)
[2026-01-16T09:10:51.235+0000][gc          ] GC(718) Pause Young (Normal) (G1 Evacuation Pause) 395M->344M(1024M) 600.004ms
[2026-01-16T09:10:51.236+0000][gc,cpu      ] GC(718) User=0.33s Sys=0.02s Real=0.60s
[2026-01-16T09:10:54.274+0000][gc,start    ] GC(719) Pause Young (Normal) (G1 Evacuation Pause)
[2026-01-16T09:10:54.275+0000][gc,task     ] GC(719) Using 8 workers of 8 for evacuation
[2026-01-16T09:10:54.656+0000][gc,mmu      ] GC(719) MMU target violated: 201.0ms (200.0ms/201.0ms)
[2026-01-16T09:10:54.657+0000][gc,phases   ] GC(719)   Pre Evacuate Collection Set: 19.5ms
[2026-01-16T09:10:54.658+0000][gc,phases   ] GC(719)   Merge Heap Roots: 4.0ms
[2026-01-16T09:10:54.662+0000][gc,phases   ] GC(719)   Evacuate Collection Set: 335.7ms
[2026-01-16T09:10:54.663+0000][gc,phases   ] GC(719)   Post Evacuate Collection Set: 21.0ms
[2026-01-16T09:10:54.663+0000][gc,phases   ] GC(719)   Other: 2.5ms
[2026-01-16T09:10:54.663+0000][gc,heap     ] GC(719) Eden regions: 48->0(49)
[2026-01-16T09:10:54.663+0000][gc,heap     ] GC(719) Survivor regions: 3->2(7)
[2026-01-16T09:10:54.664+0000][gc,heap     ] GC(719) Old regions: 220->220
[2026-01-16T09:10:54.664+0000][gc,heap     ] GC(719) Humongous regions: 123->123
[2026-01-16T09:10:54.664+0000][gc,metaspace] GC(719) Metaspace: 12820K(13312K)->12820K(13312K) NonClass: 11725K(11968K)->11725K(11968K) Class: 1095K(1344K)->1095K(1344K)
[2026-01-16T09:10:54.665+0000][gc          ] GC(719) Pause Young (Normal) (G1 Evacuation Pause) 392M->344M(1024M) 390.996ms
[2026-01-16T09:10:54.666+0000][gc,cpu      ] GC(719) User=0.13s Sys=0.00s Real=0.39s
[2026-01-16T09:10:58.204+0000][gc,start    ] GC(720) Pause Young (Normal) (G1 Evacuation Pause)
[2026-01-16T09:10:58.213+0000][gc,task     ] GC(720) Using 8 workers of 8 for evacuation
[2026-01-16T09:10:58.432+0000][gc,mmu      ] GC(720) MMU target violated: 201.0ms (200.0ms/201.0ms)
[2026-01-16T09:10:58.435+0000][gc,phases   ] GC(720)   Pre Evacuate Collection Set: 49.7ms
[2026-01-16T09:10:58.435+0000][gc,phases   ] GC(720)   Merge Heap Roots: 0.8ms
[2026-01-16T09:10:58.436+0000][gc,phases   ] GC(720)   Evacuate Collection Set: 147.1ms
[2026-01-16T09:10:58.436+0000][gc,phases   ] GC(720)   Post Evacuate Collection Set: 18.3ms
[2026-01-16T09:10:58.437+0000][gc,phases   ] GC(720)   Other: 9.4ms
[2026-01-16T09:10:58.438+0000][gc,heap     ] GC(720) Eden regions: 49->0(48)
[2026-01-16T09:10:58.439+0000][gc,heap     ] GC(720) Survivor regions: 2->3(7)
[2026-01-16T09:10:58.440+0000][gc,heap     ] GC(720) Old regions: 220->220
[2026-01-16T09:10:58.440+0000][gc,heap     ] GC(720) Humongous regions: 123->123
[2026-01-16T09:10:58.442+0000][gc,metaspace] GC(720) Metaspace: 12820K(13312K)->12820K(13312K) NonClass: 11725K(11968K)->11725K(11968K) Class: 1095K(1344K)->1095K(1344K)
[2026-01-16T09:10:58.445+0000][gc          ] GC(720) Pause Young (Normal) (G1 Evacuation Pause) 393M->344M(1024M) 240.690ms
[2026-01-16T09:10:58.447+0000][gc,cpu      ] GC(720) User=0.27s Sys=0.03s Real=0.24s
[2026-01-16T09:11:04.856+0000][gc,start    ] GC(721) Pause Young (Normal) (G1 Evacuation Pause)
[2026-01-16T09:11:04.864+0000][gc,task     ] GC(721) Using 8 workers of 8 for evacuation
[2026-01-16T09:11:05.197+0000][gc,mmu      ] GC(721) MMU target violated: 201.0ms (200.0ms/201.0ms)
[2026-01-16T09:11:05.208+0000][gc,phases   ] GC(721)   Pre Evacuate Collection Set: 48.0ms
[2026-01-16T09:11:05.209+0000][gc,phases   ] GC(721)   Merge Heap Roots: 4.1ms
[2026-01-16T09:11:05.209+0000][gc,phases   ] GC(721)   Evacuate Collection Set: 251.5ms
[2026-01-16T09:11:05.209+0000][gc,phases   ] GC(721)   Post Evacuate Collection Set: 17.4ms
[2026-01-16T09:11:05.210+0000][gc,phases   ] GC(721)   Other: 17.0ms
[2026-01-16T09:11:05.215+0000][gc,heap     ] GC(721) Eden regions: 48->0(48)
[2026-01-16T09:11:05.216+0000][gc,heap     ] GC(721) Survivor regions: 3->3(7)
[2026-01-16T09:11:05.216+0000][gc,heap     ] GC(721) Old regions: 220->220
[2026-01-16T09:11:05.218+0000][gc,heap     ] GC(721) Humongous regions: 123->123
[2026-01-16T09:11:05.227+0000][gc,metaspace] GC(721) Metaspace: 12820K(13312K)->12820K(13312K) NonClass: 11725K(11968K)->11725K(11968K) Class: 1095K(1344K)->1095K(1344K)
[2026-01-16T09:11:05.230+0000][gc          ] GC(721) Pause Young (Normal) (G1 Evacuation Pause) 392M->345M(1024M) 373.996ms
[2026-01-16T09:11:05.235+0000][gc,cpu      ] GC(721) User=0.20s Sys=0.01s Real=0.38s
[2026-01-16T09:11:07.327+0000][gc,start    ] GC(722) Pause Young (Normal) (G1 Evacuation Pause)
[2026-01-16T09:11:07.330+0000][gc,task     ] GC(722) Using 8 workers of 8 for evacuation
[2026-01-16T09:11:07.566+0000][gc,mmu      ] GC(722) MMU target violated: 201.0ms (200.0ms/201.0ms)
[2026-01-16T09:11:07.566+0000][gc,phases   ] GC(722)   Pre Evacuate Collection Set: 25.1ms
[2026-01-16T09:11:07.569+0000][gc,phases   ] GC(722)   Merge Heap Roots: 3.8ms
[2026-01-16T09:11:07.570+0000][gc,phases   ] GC(722)   Evacuate Collection Set: 197.5ms
[2026-01-16T09:11:07.571+0000][gc,phases   ] GC(722)   Post Evacuate Collection Set: 4.5ms
[2026-01-16T09:11:07.573+0000][gc,phases   ] GC(722)   Other: 6.3ms
[2026-01-16T09:11:07.574+0000][gc,heap     ] GC(722) Eden regions: 48->0(49)
[2026-01-16T09:11:07.574+0000][gc,heap     ] GC(722) Survivor regions: 3->2(7)
[2026-01-16T09:11:07.575+0000][gc,heap     ] GC(722) Old regions: 220->220
[2026-01-16T09:11:07.578+0000][gc,heap     ] GC(722) Humongous regions: 123->123
[2026-01-16T09:11:07.581+0000][gc,metaspace] GC(722) Metaspace: 12820K(13312K)->12820K(13312K) NonClass: 11725K(11968K)->11725K(11968K) Class: 1095K(1344K)->1095K(1344K)
[2026-01-16T09:11:07.581+0000][gc          ] GC(722) Pause Young (Normal) (G1 Evacuation Pause) 393M->344M(1024M) 254.244ms
[2026-01-16T09:11:07.581+0000][gc,cpu      ] GC(722) User=0.12s Sys=0.00s Real=0.26s
[2026-01-16T09:11:09.121+0000][gc,start    ] GC(723) Pause Young (Normal) (G1 Evacuation Pause)
[2026-01-16T09:11:09.124+0000][gc,task     ] GC(723) Using 8 workers of 8 for evacuation
[2026-01-16T09:11:09.320+0000][gc,phases   ] GC(723)   Pre Evacuate Collection Set: 12.6ms
[2026-01-16T09:11:09.323+0000][gc,phases   ] GC(723)   Merge Heap Roots: 0.4ms
[2026-01-16T09:11:09.323+0000][gc,phases   ] GC(723)   Evacuate Collection Set: 169.9ms
[2026-01-16T09:11:09.323+0000][gc,phases   ] GC(723)   Post Evacuate Collection Set: 10.5ms
[2026-01-16T09:11:09.323+0000][gc,phases   ] GC(723)   Other: 5.3ms
[2026-01-16T09:11:09.323+0000][gc,heap     ] GC(723) Eden regions: 49->0(48)
[2026-01-16T09:11:09.324+0000][gc,heap     ] GC(723) Survivor regions: 2->3(7)
[2026-01-16T09:11:09.324+0000][gc,heap     ] GC(723) Old regions: 220->220
[2026-01-16T09:11:09.324+0000][gc,heap     ] GC(723) Humongous regions: 123->123
[2026-01-16T09:11:09.324+0000][gc,metaspace] GC(723) Metaspace: 12820K(13312K)->12820K(13312K) NonClass: 11725K(11968K)->11725K(11968K) Class: 1095K(1344K)->1095K(1344K)
[2026-01-16T09:11:09.325+0000][gc          ] GC(723) Pause Young (Normal) (G1 Evacuation Pause) 393M->345M(1024M) 204.307ms
[2026-01-16T09:11:09.325+0000][gc,cpu      ] GC(723) User=0.11s Sys=0.01s Real=0.21s
[2026-01-16T09:11:15.893+0000][gc,start    ] GC(724) Pause Young (Normal) (G1 Evacuation Pause)
[2026-01-16T09:11:15.895+0000][gc,task     ] GC(724) Using 8 workers of 8 for evacuation
[2026-01-16T09:11:16.154+0000][gc,mmu      ] GC(724) MMU target violated: 201.0ms (200.0ms/201.0ms)
[2026-01-16T09:11:16.158+0000][gc,phases   ] GC(724)   Pre Evacuate Collection Set: 29.0ms
[2026-01-16T09:11:16.159+0000][gc,phases   ] GC(724)   Merge Heap Roots: 3.0ms
[2026-01-16T09:11:16.160+0000][gc,phases   ] GC(724)   Evacuate Collection Set: 190.7ms
[2026-01-16T09:11:16.160+0000][gc,phases   ] GC(724)   Post Evacuate Collection Set: 32.6ms
[2026-01-16T09:11:16.161+0000][gc,phases   ] GC(724)   Other: 7.3ms
[2026-01-16T09:11:16.161+0000][gc,heap     ] GC(724) Eden regions: 48->0(49)
[2026-01-16T09:11:16.161+0000][gc,heap     ] GC(724) Survivor regions: 3->2(7)
[2026-01-16T09:11:16.161+0000][gc,heap     ] GC(724) Old regions: 220->220
[2026-01-16T09:11:16.162+0000][gc,heap     ] GC(724) Humongous regions: 123->123
[2026-01-16T09:11:16.168+0000][gc,metaspace] GC(724) Metaspace: 12820K(13312K)->12820K(13312K) NonClass: 11725K(11968K)->11725K(11968K) Class: 1095K(1344K)->1095K(1344K)
[2026-01-16T09:11:16.171+0000][gc          ] GC(724) Pause Young (Normal) (G1 Evacuation Pause) 393M->344M(1024M) 277.852ms
[2026-01-16T09:11:16.171+0000][gc,cpu      ] GC(724) User=0.16s Sys=0.01s Real=0.28s
[2026-01-16T09:11:19.400+0000][gc,start    ] GC(725) Pause Young (Normal) (G1 Evacuation Pause)
[2026-01-16T09:11:19.402+0000][gc,task     ] GC(725) Using 8 workers of 8 for evacuation
[2026-01-16T09:11:19.742+0000][gc,mmu      ] GC(725) MMU target violated: 201.0ms (200.0ms/201.0ms)
[2026-01-16T09:11:19.743+0000][gc,phases   ] GC(725)   Pre Evacuate Collection Set: 24.6ms
[2026-01-16T09:11:19.743+0000][gc,phases   ] GC(725)   Merge Heap Roots: 2.1ms
[2026-01-16T09:11:19.744+0000][gc,phases   ] GC(725)   Evacuate Collection Set: 302.7ms
[2026-01-16T09:11:19.747+0000][gc,phases   ] GC(725)   Post Evacuate Collection Set: 10.1ms
[2026-01-16T09:11:19.747+0000][gc,phases   ] GC(725)   Other: 1.1ms
[2026-01-16T09:11:19.747+0000][gc,heap     ] GC(725) Eden regions: 49->0(48)
[2026-01-16T09:11:19.747+0000][gc,heap     ] GC(725) Survivor regions: 2->3(7)
[2026-01-16T09:11:19.747+0000][gc,heap     ] GC(725) Old regions: 220->220
[2026-01-16T09:11:19.748+0000][gc,heap     ] GC(725) Humongous regions: 123->123
[2026-01-16T09:11:19.748+0000][gc,metaspace] GC(725) Metaspace: 12820K(13312K)->12820K(13312K) NonClass: 11725K(11968K)->11725K(11968K) Class: 1095K(1344K)->1095K(1344K)
[2026-01-16T09:11:19.765+0000][gc          ] GC(725) Pause Young (Normal) (G1 Evacuation Pause) 393M->344M(1024M) 364.901ms
[2026-01-16T09:11:19.770+0000][gc,cpu      ] GC(725) User=0.20s Sys=0.02s Real=0.37s
[2026-01-16T09:11:23.258+0000][gc,start    ] GC(726) Pause Young (Normal) (G1 Evacuation Pause)
[2026-01-16T09:11:23.263+0000][gc,task     ] GC(726) Using 8 workers of 8 for evacuation
[2026-01-16T09:11:23.757+0000][gc,mmu      ] GC(726) MMU target violated: 201.0ms (200.0ms/201.0ms)
[2026-01-16T09:11:23.759+0000][gc,phases   ] GC(726)   Pre Evacuate Collection Set: 17.2ms
[2026-01-16T09:11:23.760+0000][gc,phases   ] GC(726)   Merge Heap Roots: 2.3ms
[2026-01-16T09:11:23.766+0000][gc,phases   ] GC(726)   Evacuate Collection Set: 428.0ms
[2026-01-16T09:11:23.767+0000][gc,phases   ] GC(726)   Post Evacuate Collection Set: 44.6ms
[2026-01-16T09:11:23.767+0000][gc,phases   ] GC(726)   Other: 4.0ms
[2026-01-16T09:11:23.767+0000][gc,heap     ] GC(726) Eden regions: 48->0(48)
[2026-01-16T09:11:23.767+0000][gc,heap     ] GC(726) Survivor regions: 3->3(7)
[2026-01-16T09:11:23.773+0000][gc,heap     ] GC(726) Old regions: 220->220
[2026-01-16T09:11:23.774+0000][gc,heap     ] GC(726) Humongous regions: 123->123
[2026-01-16T09:11:23.774+0000][gc,metaspace] GC(726) Metaspace: 12820K(13312K)->12820K(13312K) NonClass: 11725K(11968K)->11725K(11968K) Class: 1095K(1344K)->1095K(1344K)
[2026-01-16T09:11:23.795+0000][gc          ] GC(726) Pause Young (Normal) (G1 Evacuation Pause) 392M->345M(1024M) 537.043ms
[2026-01-16T09:11:23.796+0000][gc,cpu      ] GC(726) User=0.20s Sys=0.03s Real=0.54s
[2026-01-16T09:11:30.446+0000][gc,start    ] GC(727) Pause Young (Normal) (G1 Evacuation Pause)
[2026-01-16T09:11:30.460+0000][gc,task     ] GC(727) Using 8 workers of 8 for evacuation
[2026-01-16T09:11:30.938+0000][gc,mmu      ] GC(727) MMU target violated: 201.0ms (200.0ms/201.0ms)
[2026-01-16T09:11:30.939+0000][gc,phases   ] GC(727)   Pre Evacuate Collection Set: 31.5ms
[2026-01-16T09:11:30.940+0000][gc,phases   ] GC(727)   Merge Heap Roots: 18.3ms
[2026-01-16T09:11:30.941+0000][gc,phases   ] GC(727)   Evacuate Collection Set: 374.6ms
[2026-01-16T09:11:30.941+0000][gc,phases   ] GC(727)   Post Evacuate Collection Set: 42.2ms
[2026-01-16T09:11:30.942+0000][gc,phases   ] GC(727)   Other: 20.7ms
[2026-01-16T09:11:30.944+0000][gc,heap     ] GC(727) Eden regions: 48->0(48)
[2026-01-16T09:11:30.944+0000][gc,heap     ] GC(727) Survivor regions: 3->3(7)
[2026-01-16T09:11:30.945+0000][gc,heap     ] GC(727) Old regions: 220->221
[2026-01-16T09:11:30.946+0000][gc,heap     ] GC(727) Humongous regions: 123->123
[2026-01-16T09:11:30.946+0000][gc,metaspace] GC(727) Metaspace: 12826K(13312K)->12826K(13312K) NonClass: 11730K(11968K)->11730K(11968K) Class: 1095K(1344K)->1095K(1344K)
[2026-01-16T09:11:30.947+0000][gc          ] GC(727) Pause Young (Normal) (G1 Evacuation Pause) 393M->345M(1024M) 500.768ms
[2026-01-16T09:11:30.948+0000][gc,cpu      ] GC(727) User=0.21s Sys=0.03s Real=0.50s
[2026-01-16T09:11:35.651+0000][gc,start    ] GC(728) Pause Young (Normal) (G1 Evacuation Pause)
[2026-01-16T09:11:35.654+0000][gc,task     ] GC(728) Using 8 workers of 8 for evacuation
[2026-01-16T09:11:35.946+0000][gc,mmu      ] GC(728) MMU target violated: 201.0ms (200.0ms/201.0ms)
[2026-01-16T09:11:35.946+0000][gc,phases   ] GC(728)   Pre Evacuate Collection Set: 47.1ms
[2026-01-16T09:11:35.946+0000][gc,phases   ] GC(728)   Merge Heap Roots: 1.2ms
[2026-01-16T09:11:35.946+0000][gc,phases   ] GC(728)   Evacuate Collection Set: 231.7ms
[2026-01-16T09:11:35.946+0000][gc,phases   ] GC(728)   Post Evacuate Collection Set: 11.4ms
[2026-01-16T09:11:35.946+0000][gc,phases   ] GC(728)   Other: 1.1ms
[2026-01-16T09:11:35.946+0000][gc,heap     ] GC(728) Eden regions: 48->0(48)
[2026-01-16T09:11:35.946+0000][gc,heap     ] GC(728) Survivor regions: 3->3(7)
[2026-01-16T09:11:35.946+0000][gc,heap     ] GC(728) Old regions: 221->221
[2026-01-16T09:11:35.947+0000][gc,heap     ] GC(728) Humongous regions: 123->123
[2026-01-16T09:11:35.947+0000][gc,metaspace] GC(728) Metaspace: 12827K(13312K)->12827K(13312K) NonClass: 11732K(11968K)->11732K(11968K) Class: 1095K(1344K)->1095K(1344K)
[2026-01-16T09:11:35.948+0000][gc          ] GC(728) Pause Young (Normal) (G1 Evacuation Pause) 393M->345M(1024M) 296.889ms
[2026-01-16T09:11:35.948+0000][gc,cpu      ] GC(728) User=0.26s Sys=0.02s Real=0.30s
[2026-01-16T09:11:38.926+0000][gc,start    ] GC(729) Pause Young (Normal) (G1 Evacuation Pause)
[2026-01-16T09:11:38.930+0000][gc,task     ] GC(729) Using 8 workers of 8 for evacuation
[2026-01-16T09:11:39.132+0000][gc,phases   ] GC(729)   Pre Evacuate Collection Set: 15.3ms
[2026-01-16T09:11:39.133+0000][gc,phases   ] GC(729)   Merge Heap Roots: 8.7ms
[2026-01-16T09:11:39.134+0000][gc,phases   ] GC(729)   Evacuate Collection Set: 161.2ms
[2026-01-16T09:11:39.134+0000][gc,phases   ] GC(729)   Post Evacuate Collection Set: 12.1ms
[2026-01-16T09:11:39.134+0000][gc,phases   ] GC(729)   Other: 3.6ms
[2026-01-16T09:11:39.137+0000][gc,heap     ] GC(729) Eden regions: 48->0(48)
[2026-01-16T09:11:39.138+0000][gc,heap     ] GC(729) Survivor regions: 3->3(7)
[2026-01-16T09:11:39.139+0000][gc,heap     ] GC(729) Old regions: 221->221
[2026-01-16T09:11:39.139+0000][gc,heap     ] GC(729) Humongous regions: 123->123
[2026-01-16T09:11:39.142+0000][gc,metaspace] GC(729) Metaspace: 12827K(13312K)->12827K(13312K) NonClass: 11732K(11968K)->11732K(11968K) Class: 1095K(1344K)->1095K(1344K)
[2026-01-16T09:11:39.148+0000][gc          ] GC(729) Pause Young (Normal) (G1 Evacuation Pause) 393M->346M(1024M) 219.681ms
[2026-01-16T09:11:39.148+0000][gc,cpu      ] GC(729) User=0.18s Sys=0.00s Real=0.22s
[2026-01-16T09:11:43.103+0000][gc,start    ] GC(730) Pause Young (Normal) (G1 Evacuation Pause)
[2026-01-16T09:11:43.106+0000][gc,task     ] GC(730) Using 8 workers of 8 for evacuation
[2026-01-16T09:11:43.595+0000][gc,mmu      ] GC(730) MMU target violated: 201.0ms (200.0ms/201.0ms)
[2026-01-16T09:11:43.603+0000][gc,phases   ] GC(730)   Pre Evacuate Collection Set: 25.5ms
[2026-01-16T09:11:43.605+0000][gc,phases   ] GC(730)   Merge Heap Roots: 7.5ms
[2026-01-16T09:11:43.607+0000][gc,phases   ] GC(730)   Evacuate Collection Set: 421.5ms
[2026-01-16T09:11:43.609+0000][gc,phases   ] GC(730)   Post Evacuate Collection Set: 34.1ms
[2026-01-16T09:11:43.610+0000][gc,phases   ] GC(730)   Other: 8.1ms
[2026-01-16T09:11:43.625+0000][gc,heap     ] GC(730) Eden regions: 48->0(48)
[2026-01-16T09:11:43.625+0000][gc,heap     ] GC(730) Survivor regions: 3->3(7)
[2026-01-16T09:11:43.625+0000][gc,heap     ] GC(730) Old regions: 221->221
[2026-01-16T09:11:43.628+0000][gc,heap     ] GC(730) Humongous regions: 123->123
[2026-01-16T09:11:43.629+0000][gc,metaspace] GC(730) Metaspace: 12827K(13312K)->12827K(13312K) NonClass: 11732K(11968K)->11732K(11968K) Class: 1095K(1344K)->1095K(1344K)
[2026-01-16T09:11:43.639+0000][gc          ] GC(730) Pause Young (Normal) (G1 Evacuation Pause) 394M->345M(1024M) 528.626ms
[2026-01-16T09:11:43.639+0000][gc,cpu      ] GC(730) User=0.18s Sys=0.01s Real=0.53s
[2026-01-16T09:11:45.048+0000][gc,start    ] GC(731) Pause Young (Normal) (G1 Evacuation Pause)
[2026-01-16T09:11:45.049+0000][gc,task     ] GC(731) Using 8 workers of 8 for evacuation
[2026-01-16T09:11:45.211+0000][gc,phases   ] GC(731)   Pre Evacuate Collection Set: 33.1ms
[2026-01-16T09:11:45.212+0000][gc,phases   ] GC(731)   Merge Heap Roots: 10.3ms
[2026-01-16T09:11:45.212+0000][gc,phases   ] GC(731)   Evacuate Collection Set: 101.9ms
[2026-01-16T09:11:45.212+0000][gc,phases   ] GC(731)   Post Evacuate Collection Set: 12.7ms
[2026-01-16T09:11:45.212+0000][gc,phases   ] GC(731)   Other: 4.6ms
[2026-01-16T09:11:45.212+0000][gc,heap     ] GC(731) Eden regions: 48->0(49)
[2026-01-16T09:11:45.212+0000][gc,heap     ] GC(731) Survivor regions: 3->2(7)
[2026-01-16T09:11:45.212+0000][gc,heap     ] GC(731) Old regions: 221->221
[2026-01-16T09:11:45.212+0000][gc,heap     ] GC(731) Humongous regions: 123->123
[2026-01-16T09:11:45.213+0000][gc,metaspace] GC(731) Metaspace: 12827K(13312K)->12827K(13312K) NonClass: 11732K(11968K)->11732K(11968K) Class: 1095K(1344K)->1095K(1344K)
[2026-01-16T09:11:45.213+0000][gc          ] GC(731) Pause Young (Normal) (G1 Evacuation Pause) 393M->344M(1024M) 164.867ms
[2026-01-16T09:11:45.213+0000][gc,cpu      ] GC(731) User=0.07s Sys=0.01s Real=0.17s
[2026-01-16T09:11:47.841+0000][gc,start    ] GC(732) Pause Young (Normal) (G1 Evacuation Pause)
[2026-01-16T09:11:47.842+0000][gc,task     ] GC(732) Using 8 workers of 8 for evacuation
[2026-01-16T09:11:48.018+0000][gc,phases   ] GC(732)   Pre Evacuate Collection Set: 32.8ms
[2026-01-16T09:11:48.020+0000][gc,phases   ] GC(732)   Merge Heap Roots: 5.1ms
[2026-01-16T09:11:48.020+0000][gc,phases   ] GC(732)   Evacuate Collection Set: 125.8ms
[2026-01-16T09:11:48.021+0000][gc,phases   ] GC(732)   Post Evacuate Collection Set: 6.4ms
[2026-01-16T09:11:48.021+0000][gc,phases   ] GC(732)   Other: 1.4ms
[2026-01-16T09:11:48.023+0000][gc,heap     ] GC(732) Eden regions: 49->0(49)
[2026-01-16T09:11:48.024+0000][gc,heap     ] GC(732) Survivor regions: 2->2(7)
[2026-01-16T09:11:48.025+0000][gc,heap     ] GC(732) Old regions: 221->221
[2026-01-16T09:11:48.025+0000][gc,heap     ] GC(732) Humongous regions: 123->123
[2026-01-16T09:11:48.026+0000][gc,metaspace] GC(732) Metaspace: 12827K(13312K)->12827K(13312K) NonClass: 11732K(11968K)->11732K(11968K) Class: 1095K(1344K)->1095K(1344K)
[2026-01-16T09:11:48.028+0000][gc          ] GC(732) Pause Young (Normal) (G1 Evacuation Pause) 393M->345M(1024M) 186.686ms
[2026-01-16T09:11:48.029+0000][gc,cpu      ] GC(732) User=0.13s Sys=0.01s Real=0.19s
[2026-01-16T09:11:49.726+0000][gc,start    ] GC(733) Pause Young (Normal) (G1 Evacuation Pause)
[2026-01-16T09:11:49.726+0000][gc,task     ] GC(733) Using 8 workers of 8 for evacuation
[2026-01-16T09:11:49.954+0000][gc,mmu      ] GC(733) MMU target violated: 201.0ms (200.0ms/201.0ms)
[2026-01-16T09:11:49.956+0000][gc,phases   ] GC(733)   Pre Evacuate Collection Set: 10.4ms
[2026-01-16T09:11:49.957+0000][gc,phases   ] GC(733)   Merge Heap Roots: 0.4ms
[2026-01-16T09:11:49.958+0000][gc,phases   ] GC(733)   Evacuate Collection Set: 211.0ms
[2026-01-16T09:11:49.958+0000][gc,phases   ] GC(733)   Post Evacuate Collection Set: 5.2ms
[2026-01-16T09:11:49.959+0000][gc,phases   ] GC(733)   Other: 2.8ms
[2026-01-16T09:11:49.959+0000][gc,heap     ] GC(733) Eden regions: 49->0(48)
[2026-01-16T09:11:49.964+0000][gc,heap     ] GC(733) Survivor regions: 2->3(7)
[2026-01-16T09:11:49.964+0000][gc,heap     ] GC(733) Old regions: 221->221
[2026-01-16T09:11:49.964+0000][gc,heap     ] GC(733) Humongous regions: 123->123
[2026-01-16T09:11:49.964+0000][gc,metaspace] GC(733) Metaspace: 12827K(13312K)->12827K(13312K) NonClass: 11732K(11968K)->11732K(11968K) Class: 1095K(1344K)->1095K(1344K)
[2026-01-16T09:11:49.965+0000][gc          ] GC(733) Pause Young (Normal) (G1 Evacuation Pause) 394M->345M(1024M) 238.803ms
[2026-01-16T09:11:49.965+0000][gc,cpu      ] GC(733) User=0.15s Sys=0.03s Real=0.24s
[2026-01-16T09:11:56.960+0000][gc,start    ] GC(734) Pause Young (Normal) (G1 Evacuation Pause)
[2026-01-16T09:11:56.967+0000][gc,task     ] GC(734) Using 8 workers of 8 for evacuation
[2026-01-16T09:11:57.194+0000][gc,mmu      ] GC(734) MMU target violated: 201.0ms (200.0ms/201.0ms)
[2026-01-16T09:11:57.196+0000][gc,phases   ] GC(734)   Pre Evacuate Collection Set: 45.5ms
[2026-01-16T09:11:57.196+0000][gc,phases   ] GC(734)   Merge Heap Roots: 0.8ms
[2026-01-16T09:11:57.199+0000][gc,phases   ] GC(734)   Evacuate Collection Set: 160.9ms
[2026-01-16T09:11:57.201+0000][gc,phases   ] GC(734)   Post Evacuate Collection Set: 18.8ms
[2026-01-16T09:11:57.201+0000][gc,phases   ] GC(734)   Other: 7.5ms
[2026-01-16T09:11:57.202+0000][gc,heap     ] GC(734) Eden regions: 48->0(49)
[2026-01-16T09:11:57.202+0000][gc,heap     ] GC(734) Survivor regions: 3->2(7)
[2026-01-16T09:11:57.202+0000][gc,heap     ] GC(734) Old regions: 221->221
[2026-01-16T09:11:57.203+0000][gc,heap     ] GC(734) Humongous regions: 123->123
[2026-01-16T09:11:57.203+0000][gc,metaspace] GC(734) Metaspace: 12827K(13312K)->12827K(13312K) NonClass: 11732K(11968K)->11732K(11968K) Class: 1095K(1344K)->1095K(1344K)
[2026-01-16T09:11:57.208+0000][gc          ] GC(734) Pause Young (Normal) (G1 Evacuation Pause) 393M->345M(1024M) 248.731ms
[2026-01-16T09:11:57.210+0000][gc,cpu      ] GC(734) User=0.12s Sys=0.01s Real=0.25s
[2026-01-16T09:11:59.702+0000][gc,start    ] GC(735) Pause Young (Normal) (G1 Evacuation Pause)
[2026-01-16T09:11:59.707+0000][gc,task     ] GC(735) Using 8 workers of 8 for evacuation
[2026-01-16T09:12:00.215+0000][gc,mmu      ] GC(735) MMU target violated: 201.0ms (200.0ms/201.0ms)
[2026-01-16T09:12:00.249+0000][gc,phases   ] GC(735)   Pre Evacuate Collection Set: 20.4ms
[2026-01-16T09:12:00.252+0000][gc,phases   ] GC(735)   Merge Heap Roots: 1.3ms
[2026-01-16T09:12:00.254+0000][gc,phases   ] GC(735)   Evacuate Collection Set: 472.7ms
[2026-01-16T09:12:00.261+0000][gc,phases   ] GC(735)   Post Evacuate Collection Set: 11.8ms
[2026-01-16T09:12:00.263+0000][gc,phases   ] GC(735)   Other: 36.9ms
[2026-01-16T09:12:00.276+0000][gc,heap     ] GC(735) Eden regions: 52->0(49)
[2026-01-16T09:12:00.277+0000][gc,heap     ] GC(735) Survivor regions: 2->2(7)
[2026-01-16T09:12:00.279+0000][gc,heap     ] GC(735) Old regions: 221->221
[2026-01-16T09:12:00.280+0000][gc,heap     ] GC(735) Humongous regions: 123->123
[2026-01-16T09:12:00.281+0000][gc,metaspace] GC(735) Metaspace: 12827K(13312K)->12827K(13312K) NonClass: 11732K(11968K)->11732K(11968K) Class: 1095K(1344K)->1095K(1344K)
[2026-01-16T09:12:00.282+0000][gc          ] GC(735) Pause Young (Normal) (G1 Evacuation Pause) 397M->345M(1024M) 579.993ms
[2026-01-16T09:12:00.286+0000][gc,cpu      ] GC(735) User=0.15s Sys=0.01s Real=0.58s
[2026-01-16T09:12:06.048+0000][gc,start    ] GC(736) Pause Young (Normal) (G1 Evacuation Pause)
[2026-01-16T09:12:06.062+0000][gc,task     ] GC(736) Using 8 workers of 8 for evacuation
[2026-01-16T09:12:06.413+0000][gc,mmu      ] GC(736) MMU target violated: 201.0ms (200.0ms/201.0ms)
[2026-01-16T09:12:06.416+0000][gc,phases   ] GC(736)   Pre Evacuate Collection Set: 54.5ms
[2026-01-16T09:12:06.420+0000][gc,phases   ] GC(736)   Merge Heap Roots: 5.3ms
[2026-01-16T09:12:06.421+0000][gc,phases   ] GC(736)   Evacuate Collection Set: 265.9ms
[2026-01-16T09:12:06.421+0000][gc,phases   ] GC(736)   Post Evacuate Collection Set: 22.9ms
[2026-01-16T09:12:06.422+0000][gc,phases   ] GC(736)   Other: 16.2ms
[2026-01-16T09:12:06.424+0000][gc,heap     ] GC(736) Eden regions: 49->0(49)
[2026-01-16T09:12:06.428+0000][gc,heap     ] GC(736) Survivor regions: 2->2(7)
[2026-01-16T09:12:06.430+0000][gc,heap     ] GC(736) Old regions: 221->221
[2026-01-16T09:12:06.431+0000][gc,heap     ] GC(736) Humongous regions: 123->123
[2026-01-16T09:12:06.432+0000][gc,metaspace] GC(736) Metaspace: 12831K(13312K)->12831K(13312K) NonClass: 11736K(11968K)->11736K(11968K) Class: 1095K(1344K)->1095K(1344K)
[2026-01-16T09:12:06.435+0000][gc          ] GC(736) Pause Young (Normal) (G1 Evacuation Pause) 394M->344M(1024M) 387.447ms
[2026-01-16T09:12:06.436+0000][gc,cpu      ] GC(736) User=0.14s Sys=0.02s Real=0.39s
[2026-01-16T09:12:08.461+0000][gc,start    ] GC(737) Pause Young (Normal) (G1 Evacuation Pause)
[2026-01-16T09:12:08.463+0000][gc,task     ] GC(737) Using 8 workers of 8 for evacuation
[2026-01-16T09:12:08.563+0000][gc,phases   ] GC(737)   Pre Evacuate Collection Set: 15.1ms
[2026-01-16T09:12:08.564+0000][gc,phases   ] GC(737)   Merge Heap Roots: 1.0ms
[2026-01-16T09:12:08.564+0000][gc,phases   ] GC(737)   Evacuate Collection Set: 74.4ms
[2026-01-16T09:12:08.565+0000][gc,phases   ] GC(737)   Post Evacuate Collection Set: 8.4ms
[2026-01-16T09:12:08.565+0000][gc,phases   ] GC(737)   Other: 1.5ms
[2026-01-16T09:12:08.566+0000][gc,heap     ] GC(737) Eden regions: 49->0(49)
[2026-01-16T09:12:08.567+0000][gc,heap     ] GC(737) Survivor regions: 2->2(7)
[2026-01-16T09:12:08.568+0000][gc,heap     ] GC(737) Old regions: 221->221
[2026-01-16T09:12:08.568+0000][gc,heap     ] GC(737) Humongous regions: 123->123
[2026-01-16T09:12:08.569+0000][gc,metaspace] GC(737) Metaspace: 12831K(13312K)->12831K(13312K) NonClass: 11736K(11968K)->11736K(11968K) Class: 1095K(1344K)->1095K(1344K)
[2026-01-16T09:12:08.569+0000][gc          ] GC(737) Pause Young (Normal) (G1 Evacuation Pause) 393M->345M(1024M) 107.499ms
[2026-01-16T09:12:08.569+0000][gc,cpu      ] GC(737) User=0.09s Sys=0.01s Real=0.11s
[2026-01-16T09:12:15.709+0000][gc,start    ] GC(738) Pause Young (Normal) (G1 Evacuation Pause)
[2026-01-16T09:12:15.713+0000][gc,task     ] GC(738) Using 8 workers of 8 for evacuation
[2026-01-16T09:12:16.008+0000][gc,mmu      ] GC(738) MMU target violated: 201.0ms (200.0ms/201.0ms)
[2026-01-16T09:12:16.011+0000][gc,phases   ] GC(738)   Pre Evacuate Collection Set: 31.0ms
[2026-01-16T09:12:16.013+0000][gc,phases   ] GC(738)   Merge Heap Roots: 1.9ms
[2026-01-16T09:12:16.013+0000][gc,phases   ] GC(738)   Evacuate Collection Set: 233.7ms
[2026-01-16T09:12:16.014+0000][gc,phases   ] GC(738)   Post Evacuate Collection Set: 23.9ms
[2026-01-16T09:12:16.017+0000][gc,phases   ] GC(738)   Other: 8.6ms
[2026-01-16T09:12:16.017+0000][gc,heap     ] GC(738) Eden regions: 49->0(50)
[2026-01-16T09:12:16.019+0000][gc,heap     ] GC(738) Survivor regions: 2->1(7)
[2026-01-16T09:12:16.020+0000][gc,heap     ] GC(738) Old regions: 221->221
[2026-01-16T09:12:16.021+0000][gc,heap     ] GC(738) Humongous regions: 123->123
[2026-01-16T09:12:16.023+0000][gc,metaspace] GC(738) Metaspace: 12831K(13312K)->12831K(13312K) NonClass: 11736K(11968K)->11736K(11968K) Class: 1095K(1344K)->1095K(1344K)
[2026-01-16T09:12:16.025+0000][gc          ] GC(738) Pause Young (Normal) (G1 Evacuation Pause) 394M->344M(1024M) 315.275ms
[2026-01-16T09:12:16.025+0000][gc,cpu      ] GC(738) User=0.17s Sys=0.01s Real=0.32s
[2026-01-16T09:12:18.989+0000][gc,start    ] GC(739) Pause Young (Normal) (G1 Evacuation Pause)
[2026-01-16T09:12:18.991+0000][gc,task     ] GC(739) Using 8 workers of 8 for evacuation
[2026-01-16T09:12:19.086+0000][gc,phases   ] GC(739)   Pre Evacuate Collection Set: 7.5ms
[2026-01-16T09:12:19.087+0000][gc,phases   ] GC(739)   Merge Heap Roots: 4.2ms
[2026-01-16T09:12:19.089+0000][gc,phases   ] GC(739)   Evacuate Collection Set: 76.8ms
[2026-01-16T09:12:19.089+0000][gc,phases   ] GC(739)   Post Evacuate Collection Set: 6.0ms
[2026-01-16T09:12:19.089+0000][gc,phases   ] GC(739)   Other: 0.7ms
[2026-01-16T09:12:19.091+0000][gc,heap     ] GC(739) Eden regions: 50->0(49)
[2026-01-16T09:12:19.092+0000][gc,heap     ] GC(739) Survivor regions: 1->2(7)
[2026-01-16T09:12:19.093+0000][gc,heap     ] GC(739) Old regions: 221->222
[2026-01-16T09:12:19.093+0000][gc,heap     ] GC(739) Humongous regions: 123->123
[2026-01-16T09:12:19.094+0000][gc,metaspace] GC(739) Metaspace: 12831K(13312K)->12831K(13312K) NonClass: 11736K(11968K)->11736K(11968K) Class: 1095K(1344K)->1095K(1344K)
[2026-01-16T09:12:19.095+0000][gc          ] GC(739) Pause Young (Normal) (G1 Evacuation Pause) 394M->345M(1024M) 105.853ms
[2026-01-16T09:12:19.095+0000][gc,cpu      ] GC(739) User=0.08s Sys=0.00s Real=0.11s
[2026-01-16T09:12:20.603+0000][gc,start    ] GC(740) Pause Young (Normal) (G1 Evacuation Pause)
[2026-01-16T09:12:20.606+0000][gc,task     ] GC(740) Using 8 workers of 8 for evacuation
[2026-01-16T09:12:20.715+0000][gc,phases   ] GC(740)   Pre Evacuate Collection Set: 4.7ms
[2026-01-16T09:12:20.716+0000][gc,phases   ] GC(740)   Merge Heap Roots: 1.8ms
[2026-01-16T09:12:20.717+0000][gc,phases   ] GC(740)   Evacuate Collection Set: 91.8ms
[2026-01-16T09:12:20.718+0000][gc,phases   ] GC(740)   Post Evacuate Collection Set: 10.0ms
[2026-01-16T09:12:20.718+0000][gc,phases   ] GC(740)   Other: 0.8ms
[2026-01-16T09:12:20.719+0000][gc,heap     ] GC(740) Eden regions: 49->0(49)
[2026-01-16T09:12:20.720+0000][gc,heap     ] GC(740) Survivor regions: 2->2(7)
[2026-01-16T09:12:20.723+0000][gc,heap     ] GC(740) Old regions: 222->222
[2026-01-16T09:12:20.725+0000][gc,heap     ] GC(740) Humongous regions: 123->123
[2026-01-16T09:12:20.726+0000][gc,metaspace] GC(740) Metaspace: 12831K(13312K)->12831K(13312K) NonClass: 11736K(11968K)->11736K(11968K) Class: 1095K(1344K)->1095K(1344K)
[2026-01-16T09:12:20.726+0000][gc          ] GC(740) Pause Young (Normal) (G1 Evacuation Pause) 394M->345M(1024M) 123.193ms
[2026-01-16T09:12:20.726+0000][gc,cpu      ] GC(740) User=0.07s Sys=0.01s Real=0.13s
[2026-01-16T09:12:27.259+0000][gc,start    ] GC(741) Pause Young (Normal) (G1 Evacuation Pause)
[2026-01-16T09:12:27.266+0000][gc,task     ] GC(741) Using 8 workers of 8 for evacuation
[2026-01-16T09:12:27.727+0000][gc,mmu      ] GC(741) MMU target violated: 201.0ms (200.0ms/201.0ms)
[2026-01-16T09:12:27.730+0000][gc,phases   ] GC(741)   Pre Evacuate Collection Set: 59.8ms
[2026-01-16T09:12:27.731+0000][gc,phases   ] GC(741)   Merge Heap Roots: 15.4ms
[2026-01-16T09:12:27.737+0000][gc,phases   ] GC(741)   Evacuate Collection Set: 366.2ms
[2026-01-16T09:12:27.739+0000][gc,phases   ] GC(741)   Post Evacuate Collection Set: 17.6ms
[2026-01-16T09:12:27.739+0000][gc,phases   ] GC(741)   Other: 7.3ms
[2026-01-16T09:12:27.740+0000][gc,heap     ] GC(741) Eden regions: 49->0(49)
[2026-01-16T09:12:27.740+0000][gc,heap     ] GC(741) Survivor regions: 2->2(7)
[2026-01-16T09:12:27.742+0000][gc,heap     ] GC(741) Old regions: 222->222
[2026-01-16T09:12:27.742+0000][gc,heap     ] GC(741) Humongous regions: 123->123
[2026-01-16T09:12:27.743+0000][gc,metaspace] GC(741) Metaspace: 12831K(13312K)->12831K(13312K) NonClass: 11736K(11968K)->11736K(11968K) Class: 1095K(1344K)->1095K(1344K)
[2026-01-16T09:12:27.743+0000][gc          ] GC(741) Pause Young (Normal) (G1 Evacuation Pause) 394M->345M(1024M) 484.274ms
[2026-01-16T09:12:27.744+0000][gc,cpu      ] GC(741) User=0.18s Sys=0.01s Real=0.48s
[2026-01-16T09:12:31.441+0000][gc,start    ] GC(742) Pause Young (Normal) (G1 Evacuation Pause)
[2026-01-16T09:12:31.469+0000][gc,task     ] GC(742) Using 8 workers of 8 for evacuation
[2026-01-16T09:12:31.897+0000][gc,mmu      ] GC(742) MMU target violated: 201.0ms (200.0ms/201.0ms)
[2026-01-16T09:12:31.899+0000][gc,phases   ] GC(742)   Pre Evacuate Collection Set: 96.7ms
[2026-01-16T09:12:31.899+0000][gc,phases   ] GC(742)   Merge Heap Roots: 35.9ms
[2026-01-16T09:12:31.900+0000][gc,phases   ] GC(742)   Evacuate Collection Set: 282.6ms
[2026-01-16T09:12:31.901+0000][gc,phases   ] GC(742)   Post Evacuate Collection Set: 11.5ms
[2026-01-16T09:12:31.906+0000][gc,phases   ] GC(742)   Other: 3.7ms
[2026-01-16T09:12:31.908+0000][gc,heap     ] GC(742) Eden regions: 49->0(49)
[2026-01-16T09:12:31.908+0000][gc,heap     ] GC(742) Survivor regions: 2->2(7)
[2026-01-16T09:12:31.910+0000][gc,heap     ] GC(742) Old regions: 222->222
[2026-01-16T09:12:31.910+0000][gc,heap     ] GC(742) Humongous regions: 123->123
[2026-01-16T09:12:31.911+0000][gc,metaspace] GC(742) Metaspace: 12831K(13312K)->12831K(13312K) NonClass: 11736K(11968K)->11736K(11968K) Class: 1095K(1344K)->1095K(1344K)
[2026-01-16T09:12:31.911+0000][gc          ] GC(742) Pause Young (Normal) (G1 Evacuation Pause) 394M->345M(1024M) 471.196ms
[2026-01-16T09:12:31.912+0000][gc,cpu      ] GC(742) User=0.25s Sys=0.03s Real=0.47s
[2026-01-16T09:12:36.365+0000][gc,start    ] GC(743) Pause Young (Normal) (G1 Evacuation Pause)
[2026-01-16T09:12:36.376+0000][gc,task     ] GC(743) Using 8 workers of 8 for evacuation
[2026-01-16T09:12:36.664+0000][gc,mmu      ] GC(743) MMU target violated: 201.0ms (200.0ms/201.0ms)
[2026-01-16T09:12:36.666+0000][gc,phases   ] GC(743)   Pre Evacuate Collection Set: 54.7ms
[2026-01-16T09:12:36.667+0000][gc,phases   ] GC(743)   Merge Heap Roots: 15.0ms
[2026-01-16T09:12:36.670+0000][gc,phases   ] GC(743)   Evacuate Collection Set: 180.6ms
[2026-01-16T09:12:36.671+0000][gc,phases   ] GC(743)   Post Evacuate Collection Set: 29.6ms
[2026-01-16T09:12:36.671+0000][gc,phases   ] GC(743)   Other: 18.5ms
[2026-01-16T09:12:36.679+0000][gc,heap     ] GC(743) Eden regions: 49->0(50)
[2026-01-16T09:12:36.684+0000][gc,heap     ] GC(743) Survivor regions: 2->1(7)
[2026-01-16T09:12:36.684+0000][gc,heap     ] GC(743) Old regions: 222->222
[2026-01-16T09:12:36.685+0000][gc,heap     ] GC(743) Humongous regions: 123->123
[2026-01-16T09:12:36.685+0000][gc,metaspace] GC(743) Metaspace: 12831K(13312K)->12831K(13312K) NonClass: 11736K(11968K)->11736K(11968K) Class: 1095K(1344K)->1095K(1344K)
[2026-01-16T09:12:36.686+0000][gc          ] GC(743) Pause Young (Normal) (G1 Evacuation Pause) 394M->345M(1024M) 321.004ms
[2026-01-16T09:12:36.687+0000][gc,cpu      ] GC(743) User=0.14s Sys=0.01s Real=0.33s
[2026-01-16T09:12:40.014+0000][gc,start    ] GC(744) Pause Young (Normal) (G1 Evacuation Pause)
[2026-01-16T09:12:40.020+0000][gc,task     ] GC(744) Using 8 workers of 8 for evacuation
[2026-01-16T09:12:40.622+0000][gc,mmu      ] GC(744) MMU target violated: 201.0ms (200.0ms/201.0ms)
[2026-01-16T09:12:40.624+0000][gc,phases   ] GC(744)   Pre Evacuate Collection Set: 29.1ms
[2026-01-16T09:12:40.626+0000][gc,phases   ] GC(744)   Merge Heap Roots: 7.2ms
[2026-01-16T09:12:40.626+0000][gc,phases   ] GC(744)   Evacuate Collection Set: 546.9ms
[2026-01-16T09:12:40.627+0000][gc,phases   ] GC(744)   Post Evacuate Collection Set: 18.2ms
[2026-01-16T09:12:40.628+0000][gc,phases   ] GC(744)   Other: 2.7ms
[2026-01-16T09:12:40.628+0000][gc,heap     ] GC(744) Eden regions: 50->0(49)
[2026-01-16T09:12:40.629+0000][gc,heap     ] GC(744) Survivor regions: 1->2(7)
[2026-01-16T09:12:40.630+0000][gc,heap     ] GC(744) Old regions: 222->222
[2026-01-16T09:12:40.631+0000][gc,heap     ] GC(744) Humongous regions: 123->123
[2026-01-16T09:12:40.636+0000][gc,metaspace] GC(744) Metaspace: 12831K(13312K)->12831K(13312K) NonClass: 11736K(11968K)->11736K(11968K) Class: 1095K(1344K)->1095K(1344K)
[2026-01-16T09:12:40.637+0000][gc          ] GC(744) Pause Young (Normal) (G1 Evacuation Pause) 395M->345M(1024M) 622.859ms
[2026-01-16T09:12:40.639+0000][gc,cpu      ] GC(744) User=0.17s Sys=0.03s Real=0.63s
[2026-01-16T09:12:45.224+0000][gc,start    ] GC(745) Pause Young (Normal) (G1 Evacuation Pause)
[2026-01-16T09:12:45.225+0000][gc,task     ] GC(745) Using 8 workers of 8 for evacuation
[2026-01-16T09:12:45.282+0000][gc,phases   ] GC(745)   Pre Evacuate Collection Set: 10.3ms
[2026-01-16T09:12:45.286+0000][gc,phases   ] GC(745)   Merge Heap Roots: 1.1ms
[2026-01-16T09:12:45.286+0000][gc,phases   ] GC(745)   Evacuate Collection Set: 37.5ms
[2026-01-16T09:12:45.287+0000][gc,phases   ] GC(745)   Post Evacuate Collection Set: 7.8ms
[2026-01-16T09:12:45.287+0000][gc,phases   ] GC(745)   Other: 0.6ms
[2026-01-16T09:12:45.287+0000][gc,heap     ] GC(745) Eden regions: 49->0(50)
[2026-01-16T09:12:45.293+0000][gc,heap     ] GC(745) Survivor regions: 2->1(7)
[2026-01-16T09:12:45.293+0000][gc,heap     ] GC(745) Old regions: 222->222
[2026-01-16T09:12:45.293+0000][gc,heap     ] GC(745) Humongous regions: 123->123
[2026-01-16T09:12:45.294+0000][gc,metaspace] GC(745) Metaspace: 12831K(13312K)->12831K(13312K) NonClass: 11736K(11968K)->11736K(11968K) Class: 1095K(1344K)->1095K(1344K)
[2026-01-16T09:12:45.294+0000][gc          ] GC(745) Pause Young (Normal) (G1 Evacuation Pause) 394M->344M(1024M) 70.694ms
[2026-01-16T09:12:45.295+0000][gc,cpu      ] GC(745) User=0.07s Sys=0.01s Real=0.07s
[2026-01-16T09:12:49.821+0000][gc,start    ] GC(746) Pause Young (Normal) (G1 Evacuation Pause)
[2026-01-16T09:12:49.828+0000][gc,task     ] GC(746) Using 8 workers of 8 for evacuation
[2026-01-16T09:12:50.370+0000][gc,mmu      ] GC(746) MMU target violated: 201.0ms (200.0ms/201.0ms)
[2026-01-16T09:12:50.377+0000][gc,phases   ] GC(746)   Pre Evacuate Collection Set: 47.6ms
[2026-01-16T09:12:50.390+0000][gc,phases   ] GC(746)   Merge Heap Roots: 2.9ms
[2026-01-16T09:12:50.391+0000][gc,phases   ] GC(746)   Evacuate Collection Set: 478.1ms
[2026-01-16T09:12:50.391+0000][gc,phases   ] GC(746)   Post Evacuate Collection Set: 6.9ms
[2026-01-16T09:12:50.391+0000][gc,phases   ] GC(746)   Other: 13.7ms
[2026-01-16T09:12:50.391+0000][gc,heap     ] GC(746) Eden regions: 82->0(49)
[2026-01-16T09:12:50.392+0000][gc,heap     ] GC(746) Survivor regions: 1->2(11)
[2026-01-16T09:12:50.392+0000][gc,heap     ] GC(746) Old regions: 222->222
[2026-01-16T09:12:50.392+0000][gc,heap     ] GC(746) Humongous regions: 123->123
[2026-01-16T09:12:50.393+0000][gc,metaspace] GC(746) Metaspace: 12831K(13312K)->12831K(13312K) NonClass: 11736K(11968K)->11736K(11968K) Class: 1095K(1344K)->1095K(1344K)
[2026-01-16T09:12:50.393+0000][gc          ] GC(746) Pause Young (Normal) (G1 Evacuation Pause) 426M->345M(1024M) 571.745ms
[2026-01-16T09:12:50.393+0000][gc,cpu      ] GC(746) User=0.23s Sys=0.01s Real=0.57s
[2026-01-16T09:12:57.453+0000][gc,start    ] GC(747) Pause Young (Normal) (G1 Evacuation Pause)
[2026-01-16T09:12:57.454+0000][gc,task     ] GC(747) Using 8 workers of 8 for evacuation
[2026-01-16T09:12:57.734+0000][gc,mmu      ] GC(747) MMU target violated: 201.0ms (200.0ms/201.0ms)
[2026-01-16T09:12:57.736+0000][gc,phases   ] GC(747)   Pre Evacuate Collection Set: 27.9ms
[2026-01-16T09:12:57.736+0000][gc,phases   ] GC(747)   Merge Heap Roots: 20.5ms
[2026-01-16T09:12:57.736+0000][gc,phases   ] GC(747)   Evacuate Collection Set: 215.2ms
[2026-01-16T09:12:57.736+0000][gc,phases   ] GC(747)   Post Evacuate Collection Set: 15.4ms
[2026-01-16T09:12:57.737+0000][gc,phases   ] GC(747)   Other: 2.6ms
[2026-01-16T09:12:57.737+0000][gc,heap     ] GC(747) Eden regions: 49->0(50)
[2026-01-16T09:12:57.738+0000][gc,heap     ] GC(747) Survivor regions: 2->1(7)
[2026-01-16T09:12:57.739+0000][gc,heap     ] GC(747) Old regions: 222->222
[2026-01-16T09:12:57.739+0000][gc,heap     ] GC(747) Humongous regions: 123->123
[2026-01-16T09:12:57.740+0000][gc,metaspace] GC(747) Metaspace: 12831K(13312K)->12831K(13312K) NonClass: 11736K(11968K)->11736K(11968K) Class: 1095K(1344K)->1095K(1344K)
[2026-01-16T09:12:57.741+0000][gc          ] GC(747) Pause Young (Normal) (G1 Evacuation Pause) 394M->345M(1024M) 288.297ms
[2026-01-16T09:12:57.742+0000][gc,cpu      ] GC(747) User=0.14s Sys=0.02s Real=0.29s
[2026-01-16T09:13:02.101+0000][gc,start    ] GC(748) Pause Young (Normal) (G1 Evacuation Pause)
[2026-01-16T09:13:02.106+0000][gc,task     ] GC(748) Using 8 workers of 8 for evacuation
[2026-01-16T09:13:02.621+0000][gc,mmu      ] GC(748) MMU target violated: 201.0ms (200.0ms/201.0ms)
[2026-01-16T09:13:02.646+0000][gc,phases   ] GC(748)   Pre Evacuate Collection Set: 37.8ms
[2026-01-16T09:13:02.648+0000][gc,phases   ] GC(748)   Merge Heap Roots: 10.6ms
[2026-01-16T09:13:02.651+0000][gc,phases   ] GC(748)   Evacuate Collection Set: 430.1ms
[2026-01-16T09:13:02.651+0000][gc,phases   ] GC(748)   Post Evacuate Collection Set: 34.2ms
[2026-01-16T09:13:02.652+0000][gc,phases   ] GC(748)   Other: 27.7ms
[2026-01-16T09:13:02.652+0000][gc,heap     ] GC(748) Eden regions: 53->0(49)
[2026-01-16T09:13:02.652+0000][gc,heap     ] GC(748) Survivor regions: 1->2(7)
[2026-01-16T09:13:02.652+0000][gc,heap     ] GC(748) Old regions: 222->222
[2026-01-16T09:13:02.652+0000][gc,heap     ] GC(748) Humongous regions: 123->123
[2026-01-16T09:13:02.652+0000][gc,metaspace] GC(748) Metaspace: 12831K(13312K)->12831K(13312K) NonClass: 11736K(11968K)->11736K(11968K) Class: 1095K(1344K)->1095K(1344K)
[2026-01-16T09:13:02.653+0000][gc          ] GC(748) Pause Young (Normal) (G1 Evacuation Pause) 398M->345M(1024M) 551.613ms
[2026-01-16T09:13:02.653+0000][gc,cpu      ] GC(748) User=0.22s Sys=0.03s Real=0.55s
[2026-01-16T09:13:07.422+0000][gc,start    ] GC(749) Pause Young (Normal) (G1 Evacuation Pause)
[2026-01-16T09:13:07.430+0000][gc,task     ] GC(749) Using 8 workers of 8 for evacuation
[2026-01-16T09:13:07.613+0000][gc,phases   ] GC(749)   Pre Evacuate Collection Set: 34.8ms
[2026-01-16T09:13:07.614+0000][gc,phases   ] GC(749)   Merge Heap Roots: 2.1ms
[2026-01-16T09:13:07.616+0000][gc,phases   ] GC(749)   Evacuate Collection Set: 122.8ms
[2026-01-16T09:13:07.618+0000][gc,phases   ] GC(749)   Post Evacuate Collection Set: 19.5ms
[2026-01-16T09:13:07.621+0000][gc,phases   ] GC(749)   Other: 5.2ms
[2026-01-16T09:13:07.623+0000][gc,heap     ] GC(749) Eden regions: 49->0(50)
[2026-01-16T09:13:07.625+0000][gc,heap     ] GC(749) Survivor regions: 2->1(7)
[2026-01-16T09:13:07.627+0000][gc,heap     ] GC(749) Old regions: 222->222
[2026-01-16T09:13:07.628+0000][gc,heap     ] GC(749) Humongous regions: 123->123
[2026-01-16T09:13:07.628+0000][gc,metaspace] GC(749) Metaspace: 12831K(13312K)->12831K(13312K) NonClass: 11736K(11968K)->11736K(11968K) Class: 1095K(1344K)->1095K(1344K)
[2026-01-16T09:13:07.629+0000][gc          ] GC(749) Pause Young (Normal) (G1 Evacuation Pause) 394M->344M(1024M) 206.537ms
[2026-01-16T09:13:07.629+0000][gc,cpu      ] GC(749) User=0.14s Sys=0.02s Real=0.21s
[2026-01-16T09:13:10.735+0000][gc,start    ] GC(750) Pause Young (Normal) (G1 Evacuation Pause)
[2026-01-16T09:13:10.737+0000][gc,task     ] GC(750) Using 8 workers of 8 for evacuation
[2026-01-16T09:13:10.896+0000][gc,phases   ] GC(750)   Pre Evacuate Collection Set: 19.2ms
[2026-01-16T09:13:10.896+0000][gc,phases   ] GC(750)   Merge Heap Roots: 1.8ms
[2026-01-16T09:13:10.897+0000][gc,phases   ] GC(750)   Evacuate Collection Set: 125.6ms
[2026-01-16T09:13:10.897+0000][gc,phases   ] GC(750)   Post Evacuate Collection Set: 8.3ms
[2026-01-16T09:13:10.898+0000][gc,phases   ] GC(750)   Other: 3.4ms
[2026-01-16T09:13:10.898+0000][gc,heap     ] GC(750) Eden regions: 65->0(49)
[2026-01-16T09:13:10.901+0000][gc,heap     ] GC(750) Survivor regions: 1->2(9)
[2026-01-16T09:13:10.901+0000][gc,heap     ] GC(750) Old regions: 222->222
[2026-01-16T09:13:10.902+0000][gc,heap     ] GC(750) Humongous regions: 123->123
[2026-01-16T09:13:10.902+0000][gc,metaspace] GC(750) Metaspace: 12831K(13312K)->12831K(13312K) NonClass: 11736K(11968K)->11736K(11968K) Class: 1095K(1344K)->1095K(1344K)
[2026-01-16T09:13:10.902+0000][gc          ] GC(750) Pause Young (Normal) (G1 Evacuation Pause) 409M->345M(1024M) 167.161ms
[2026-01-16T09:13:10.905+0000][gc,cpu      ] GC(750) User=0.12s Sys=0.00s Real=0.17s
[2026-01-16T09:13:15.237+0000][gc,start    ] GC(751) Pause Young (Normal) (G1 Evacuation Pause)
[2026-01-16T09:13:15.244+0000][gc,task     ] GC(751) Using 8 workers of 8 for evacuation
[2026-01-16T09:13:15.339+0000][gc,phases   ] GC(751)   Pre Evacuate Collection Set: 22.9ms
[2026-01-16T09:13:15.340+0000][gc,phases   ] GC(751)   Merge Heap Roots: 4.1ms
[2026-01-16T09:13:15.341+0000][gc,phases   ] GC(751)   Evacuate Collection Set: 60.0ms
[2026-01-16T09:13:15.342+0000][gc,phases   ] GC(751)   Post Evacuate Collection Set: 6.3ms
[2026-01-16T09:13:15.342+0000][gc,phases   ] GC(751)   Other: 3.6ms
[2026-01-16T09:13:15.342+0000][gc,heap     ] GC(751) Eden regions: 49->0(98)
[2026-01-16T09:13:15.342+0000][gc,heap     ] GC(751) Survivor regions: 2->1(7)
[2026-01-16T09:13:15.342+0000][gc,heap     ] GC(751) Old regions: 222->222
[2026-01-16T09:13:15.344+0000][gc,heap     ] GC(751) Humongous regions: 123->123
[2026-01-16T09:13:15.344+0000][gc,metaspace] GC(751) Metaspace: 12831K(13312K)->12831K(13312K) NonClass: 11736K(11968K)->11736K(11968K) Class: 1095K(1344K)->1095K(1344K)
[2026-01-16T09:13:15.344+0000][gc          ] GC(751) Pause Young (Normal) (G1 Evacuation Pause) 394M->345M(1024M) 106.868ms
[2026-01-16T09:13:15.345+0000][gc,cpu      ] GC(751) User=0.08s Sys=0.01s Real=0.10s
[2026-01-16T09:13:26.392+0000][gc,start    ] GC(752) Pause Young (Normal) (G1 Evacuation Pause)
[2026-01-16T09:13:26.401+0000][gc,task     ] GC(752) Using 8 workers of 8 for evacuation
[2026-01-16T09:13:26.562+0000][gc,phases   ] GC(752)   Pre Evacuate Collection Set: 20.2ms
[2026-01-16T09:13:26.563+0000][gc,phases   ] GC(752)   Merge Heap Roots: 2.5ms
[2026-01-16T09:13:26.567+0000][gc,phases   ] GC(752)   Evacuate Collection Set: 106.2ms
[2026-01-16T09:13:26.567+0000][gc,phases   ] GC(752)   Post Evacuate Collection Set: 30.9ms
[2026-01-16T09:13:26.568+0000][gc,phases   ] GC(752)   Other: 5.8ms
[2026-01-16T09:13:26.569+0000][gc,heap     ] GC(752) Eden regions: 114->0(139)
[2026-01-16T09:13:26.570+0000][gc,heap     ] GC(752) Survivor regions: 1->1(15)
[2026-01-16T09:13:26.570+0000][gc,heap     ] GC(752) Old regions: 222->222
[2026-01-16T09:13:26.576+0000][gc,heap     ] GC(752) Humongous regions: 123->123
[2026-01-16T09:13:26.578+0000][gc,metaspace] GC(752) Metaspace: 12832K(13312K)->12832K(13312K) NonClass: 11737K(11968K)->11737K(11968K) Class: 1095K(1344K)->1095K(1344K)
[2026-01-16T09:13:26.587+0000][gc          ] GC(752) Pause Young (Normal) (G1 Evacuation Pause) 459M->344M(1024M) 194.516ms
[2026-01-16T09:13:26.590+0000][gc,cpu      ] GC(752) User=0.12s Sys=0.01s Real=0.20s
[2026-01-16T09:13:41.079+0000][gc,start    ] GC(753) Pause Young (Normal) (G1 Evacuation Pause)
[2026-01-16T09:13:41.109+0000][gc,task     ] GC(753) Using 8 workers of 8 for evacuation
[2026-01-16T09:13:41.762+0000][gc,mmu      ] GC(753) MMU target violated: 201.0ms (200.0ms/201.0ms)
[2026-01-16T09:13:41.766+0000][gc,phases   ] GC(753)   Pre Evacuate Collection Set: 80.7ms
[2026-01-16T09:13:41.767+0000][gc,phases   ] GC(753)   Merge Heap Roots: 6.6ms
[2026-01-16T09:13:41.773+0000][gc,phases   ] GC(753)   Evacuate Collection Set: 517.8ms
[2026-01-16T09:13:41.776+0000][gc,phases   ] GC(753)   Post Evacuate Collection Set: 43.1ms
[2026-01-16T09:13:41.776+0000][gc,phases   ] GC(753)   Other: 10.3ms
[2026-01-16T09:13:41.777+0000][gc,heap     ] GC(753) Eden regions: 152->0(50)
[2026-01-16T09:13:41.777+0000][gc,heap     ] GC(753) Survivor regions: 1->1(20)
[2026-01-16T09:13:41.777+0000][gc,heap     ] GC(753) Old regions: 222->222
[2026-01-16T09:13:41.777+0000][gc,heap     ] GC(753) Humongous regions: 123->123
[2026-01-16T09:13:41.777+0000][gc,metaspace] GC(753) Metaspace: 12832K(13312K)->12832K(13312K) NonClass: 11737K(11968K)->11737K(11968K) Class: 1095K(1344K)->1095K(1344K)
[2026-01-16T09:13:41.777+0000][gc          ] GC(753) Pause Young (Normal) (G1 Evacuation Pause) 496M->345M(1024M) 698.661ms
[2026-01-16T09:13:41.777+0000][gc,cpu      ] GC(753) User=0.45s Sys=0.05s Real=0.70s
[2026-01-16T09:13:45.667+0000][gc,start    ] GC(754) Pause Young (Normal) (G1 Evacuation Pause)
[2026-01-16T09:13:45.679+0000][gc,task     ] GC(754) Using 8 workers of 8 for evacuation
[2026-01-16T09:13:45.828+0000][gc,phases   ] GC(754)   Pre Evacuate Collection Set: 28.2ms
[2026-01-16T09:13:45.828+0000][gc,phases   ] GC(754)   Merge Heap Roots: 1.5ms
[2026-01-16T09:13:45.829+0000][gc,phases   ] GC(754)   Evacuate Collection Set: 109.5ms
[2026-01-16T09:13:45.829+0000][gc,phases   ] GC(754)   Post Evacuate Collection Set: 7.6ms
[2026-01-16T09:13:45.829+0000][gc,phases   ] GC(754)   Other: 5.5ms
[2026-01-16T09:13:45.830+0000][gc,heap     ] GC(754) Eden regions: 50->0(49)
[2026-01-16T09:13:45.832+0000][gc,heap     ] GC(754) Survivor regions: 1->2(7)
[2026-01-16T09:13:45.832+0000][gc,heap     ] GC(754) Old regions: 222->222
[2026-01-16T09:13:45.832+0000][gc,heap     ] GC(754) Humongous regions: 123->123
[2026-01-16T09:13:45.833+0000][gc,metaspace] GC(754) Metaspace: 12832K(13312K)->12832K(13312K) NonClass: 11737K(11968K)->11737K(11968K) Class: 1095K(1344K)->1095K(1344K)
[2026-01-16T09:13:45.834+0000][gc          ] GC(754) Pause Young (Normal) (G1 Evacuation Pause) 395M->345M(1024M) 167.007ms
[2026-01-16T09:13:45.837+0000][gc,cpu      ] GC(754) User=0.15s Sys=0.01s Real=0.17s
[2026-01-16T09:13:47.381+0000][gc,start    ] GC(755) Pause Young (Normal) (G1 Evacuation Pause)
[2026-01-16T09:13:47.383+0000][gc,task     ] GC(755) Using 8 workers of 8 for evacuation
[2026-01-16T09:13:47.512+0000][gc,phases   ] GC(755)   Pre Evacuate Collection Set: 19.9ms
[2026-01-16T09:13:47.513+0000][gc,phases   ] GC(755)   Merge Heap Roots: 0.8ms
[2026-01-16T09:13:47.514+0000][gc,phases   ] GC(755)   Evacuate Collection Set: 102.6ms
[2026-01-16T09:13:47.514+0000][gc,phases   ] GC(755)   Post Evacuate Collection Set: 4.1ms
[2026-01-16T09:13:47.515+0000][gc,phases   ] GC(755)   Other: 2.0ms
[2026-01-16T09:13:47.515+0000][gc,heap     ] GC(755) Eden regions: 49->0(50)
[2026-01-16T09:13:47.515+0000][gc,heap     ] GC(755) Survivor regions: 2->1(7)
[2026-01-16T09:13:47.516+0000][gc,heap     ] GC(755) Old regions: 222->222
[2026-01-16T09:13:47.517+0000][gc,heap     ] GC(755) Humongous regions: 123->123
[2026-01-16T09:13:47.517+0000][gc,metaspace] GC(755) Metaspace: 12832K(13312K)->12832K(13312K) NonClass: 11737K(11968K)->11737K(11968K) Class: 1095K(1344K)->1095K(1344K)
[2026-01-16T09:13:47.518+0000][gc          ] GC(755) Pause Young (Normal) (G1 Evacuation Pause) 394M->345M(1024M) 136.263ms
[2026-01-16T09:13:47.518+0000][gc,cpu      ] GC(755) User=0.08s Sys=0.00s Real=0.14s
[2026-01-16T09:13:49.175+0000][gc,start    ] GC(756) Pause Young (Normal) (G1 Evacuation Pause)
[2026-01-16T09:13:49.179+0000][gc,task     ] GC(756) Using 8 workers of 8 for evacuation
[2026-01-16T09:13:49.274+0000][gc,phases   ] GC(756)   Pre Evacuate Collection Set: 15.1ms
[2026-01-16T09:13:49.277+0000][gc,phases   ] GC(756)   Merge Heap Roots: 2.0ms
[2026-01-16T09:13:49.278+0000][gc,phases   ] GC(756)   Evacuate Collection Set: 66.9ms
[2026-01-16T09:13:49.278+0000][gc,phases   ] GC(756)   Post Evacuate Collection Set: 10.1ms
[2026-01-16T09:13:49.279+0000][gc,phases   ] GC(756)   Other: 1.0ms
[2026-01-16T09:13:49.280+0000][gc,heap     ] GC(756) Eden regions: 50->0(49)
[2026-01-16T09:13:49.280+0000][gc,heap     ] GC(756) Survivor regions: 1->2(7)
[2026-01-16T09:13:49.280+0000][gc,heap     ] GC(756) Old regions: 222->222
[2026-01-16T09:13:49.280+0000][gc,heap     ] GC(756) Humongous regions: 123->123
[2026-01-16T09:13:49.280+0000][gc,metaspace] GC(756) Metaspace: 12832K(13312K)->12832K(13312K) NonClass: 11737K(11968K)->11737K(11968K) Class: 1095K(1344K)->1095K(1344K)
[2026-01-16T09:13:49.281+0000][gc          ] GC(756) Pause Young (Normal) (G1 Evacuation Pause) 395M->346M(1024M) 105.473ms
[2026-01-16T09:13:49.281+0000][gc,cpu      ] GC(756) User=0.11s Sys=0.00s Real=0.10s
[2026-01-16T09:13:58.542+0000][gc,start    ] GC(757) Pause Young (Normal) (G1 Evacuation Pause)
[2026-01-16T09:13:58.546+0000][gc,task     ] GC(757) Using 8 workers of 8 for evacuation
[2026-01-16T09:13:58.831+0000][gc,mmu      ] GC(757) MMU target violated: 201.0ms (200.0ms/201.0ms)
[2026-01-16T09:13:58.833+0000][gc,phases   ] GC(757)   Pre Evacuate Collection Set: 125.5ms
[2026-01-16T09:13:58.833+0000][gc,phases   ] GC(757)   Merge Heap Roots: 7.2ms
[2026-01-16T09:13:58.833+0000][gc,phases   ] GC(757)   Evacuate Collection Set: 132.3ms
[2026-01-16T09:13:58.833+0000][gc,phases   ] GC(757)   Post Evacuate Collection Set: 12.3ms
[2026-01-16T09:13:58.833+0000][gc,phases   ] GC(757)   Other: 11.5ms
[2026-01-16T09:13:58.834+0000][gc,heap     ] GC(757) Eden regions: 49->0(50)
[2026-01-16T09:13:58.834+0000][gc,heap     ] GC(757) Survivor regions: 2->1(7)
[2026-01-16T09:13:58.837+0000][gc,heap     ] GC(757) Old regions: 222->222
[2026-01-16T09:13:58.837+0000][gc,heap     ] GC(757) Humongous regions: 123->123
[2026-01-16T09:13:58.838+0000][gc,metaspace] GC(757) Metaspace: 12833K(13312K)->12833K(13312K) NonClass: 11738K(11968K)->11738K(11968K) Class: 1095K(1344K)->1095K(1344K)
[2026-01-16T09:13:58.838+0000][gc          ] GC(757) Pause Young (Normal) (G1 Evacuation Pause) 395M->345M(1024M) 296.497ms
[2026-01-16T09:13:58.840+0000][gc,cpu      ] GC(757) User=0.15s Sys=0.01s Real=0.31s
[2026-01-16T09:14:01.501+0000][gc,start    ] GC(758) Pause Young (Normal) (G1 Evacuation Pause)
[2026-01-16T09:14:01.502+0000][gc,task     ] GC(758) Using 8 workers of 8 for evacuation
[2026-01-16T09:14:01.660+0000][gc,phases   ] GC(758)   Pre Evacuate Collection Set: 21.7ms
[2026-01-16T09:14:01.660+0000][gc,phases   ] GC(758)   Merge Heap Roots: 1.7ms
[2026-01-16T09:14:01.663+0000][gc,phases   ] GC(758)   Evacuate Collection Set: 126.3ms
[2026-01-16T09:14:01.663+0000][gc,phases   ] GC(758)   Post Evacuate Collection Set: 7.8ms
[2026-01-16T09:14:01.664+0000][gc,phases   ] GC(758)   Other: 0.5ms
[2026-01-16T09:14:01.664+0000][gc,heap     ] GC(758) Eden regions: 50->0(49)
[2026-01-16T09:14:01.665+0000][gc,heap     ] GC(758) Survivor regions: 1->2(7)
[2026-01-16T09:14:01.665+0000][gc,heap     ] GC(758) Old regions: 222->222
[2026-01-16T09:14:01.666+0000][gc,heap     ] GC(758) Humongous regions: 123->123
[2026-01-16T09:14:01.666+0000][gc,metaspace] GC(758) Metaspace: 12833K(13312K)->12833K(13312K) NonClass: 11738K(11968K)->11738K(11968K) Class: 1095K(1344K)->1095K(1344K)
[2026-01-16T09:14:01.667+0000][gc          ] GC(758) Pause Young (Normal) (G1 Evacuation Pause) 395M->345M(1024M) 165.348ms
[2026-01-16T09:14:01.667+0000][gc,cpu      ] GC(758) User=0.07s Sys=0.01s Real=0.17s
[2026-01-16T09:14:05.239+0000][gc,start    ] GC(759) Pause Young (Normal) (G1 Evacuation Pause)
[2026-01-16T09:14:05.242+0000][gc,task     ] GC(759) Using 8 workers of 8 for evacuation
[2026-01-16T09:14:05.580+0000][gc,mmu      ] GC(759) MMU target violated: 201.0ms (200.0ms/201.0ms)
[2026-01-16T09:14:05.592+0000][gc,phases   ] GC(759)   Pre Evacuate Collection Set: 104.6ms
[2026-01-16T09:14:05.608+0000][gc,phases   ] GC(759)   Merge Heap Roots: 1.1ms
[2026-01-16T09:14:05.609+0000][gc,phases   ] GC(759)   Evacuate Collection Set: 225.0ms
[2026-01-16T09:14:05.616+0000][gc,phases   ] GC(759)   Post Evacuate Collection Set: 6.7ms
[2026-01-16T09:14:05.617+0000][gc,phases   ] GC(759)   Other: 13.8ms
[2026-01-16T09:14:05.622+0000][gc,heap     ] GC(759) Eden regions: 49->0(50)
[2026-01-16T09:14:05.631+0000][gc,heap     ] GC(759) Survivor regions: 2->1(7)
[2026-01-16T09:14:05.637+0000][gc,heap     ] GC(759) Old regions: 222->222
[2026-01-16T09:14:05.641+0000][gc,heap     ] GC(759) Humongous regions: 123->123
[2026-01-16T09:14:05.643+0000][gc,metaspace] GC(759) Metaspace: 12838K(13312K)->12838K(13312K) NonClass: 11742K(11968K)->11742K(11968K) Class: 1095K(1344K)->1095K(1344K)
[2026-01-16T09:14:05.705+0000][gc          ] GC(759) Pause Young (Normal) (G1 Evacuation Pause) 394M->345M(1024M) 462.178ms
[2026-01-16T09:14:05.708+0000][gc,cpu      ] GC(759) User=0.20s Sys=0.03s Real=0.47s
[2026-01-16T09:14:09.441+0000][gc,start    ] GC(760) Pause Young (Normal) (G1 Evacuation Pause)
[2026-01-16T09:14:09.474+0000][gc,task     ] GC(760) Using 8 workers of 8 for evacuation
[2026-01-16T09:14:09.983+0000][gc,mmu      ] GC(760) MMU target violated: 201.0ms (200.0ms/201.0ms)
[2026-01-16T09:14:09.984+0000][gc,phases   ] GC(760)   Pre Evacuate Collection Set: 96.8ms
[2026-01-16T09:14:09.986+0000][gc,phases   ] GC(760)   Merge Heap Roots: 16.9ms
[2026-01-16T09:14:09.988+0000][gc,phases   ] GC(760)   Evacuate Collection Set: 360.3ms
[2026-01-16T09:14:09.988+0000][gc,phases   ] GC(760)   Post Evacuate Collection Set: 22.2ms
[2026-01-16T09:14:09.993+0000][gc,phases   ] GC(760)   Other: 46.1ms
[2026-01-16T09:14:09.995+0000][gc,heap     ] GC(760) Eden regions: 50->0(49)
[2026-01-16T09:14:09.995+0000][gc,heap     ] GC(760) Survivor regions: 1->2(7)
[2026-01-16T09:14:09.997+0000][gc,heap     ] GC(760) Old regions: 222->222
[2026-01-16T09:14:09.998+0000][gc,heap     ] GC(760) Humongous regions: 123->123
[2026-01-16T09:14:10.003+0000][gc,metaspace] GC(760) Metaspace: 12838K(13312K)->12838K(13312K) NonClass: 11742K(11968K)->11742K(11968K) Class: 1095K(1344K)->1095K(1344K)
[2026-01-16T09:14:10.005+0000][gc          ] GC(760) Pause Young (Normal) (G1 Evacuation Pause) 395M->345M(1024M) 563.589ms
[2026-01-16T09:14:10.006+0000][gc,cpu      ] GC(760) User=0.24s Sys=0.01s Real=0.57s
[2026-01-16T09:14:14.779+0000][gc,start    ] GC(761) Pause Young (Normal) (G1 Evacuation Pause)
[2026-01-16T09:14:14.783+0000][gc,task     ] GC(761) Using 8 workers of 8 for evacuation
[2026-01-16T09:14:15.128+0000][gc,mmu      ] GC(761) MMU target violated: 201.0ms (200.0ms/201.0ms)
[2026-01-16T09:14:15.131+0000][gc,phases   ] GC(761)   Pre Evacuate Collection Set: 47.4ms
[2026-01-16T09:14:15.132+0000][gc,phases   ] GC(761)   Merge Heap Roots: 10.1ms
[2026-01-16T09:14:15.132+0000][gc,phases   ] GC(761)   Evacuate Collection Set: 223.8ms
[2026-01-16T09:14:15.136+0000][gc,phases   ] GC(761)   Post Evacuate Collection Set: 59.1ms
[2026-01-16T09:14:15.138+0000][gc,phases   ] GC(761)   Other: 8.6ms
[2026-01-16T09:14:15.140+0000][gc,heap     ] GC(761) Eden regions: 49->0(50)
[2026-01-16T09:14:15.141+0000][gc,heap     ] GC(761) Survivor regions: 2->1(7)
[2026-01-16T09:14:15.141+0000][gc,heap     ] GC(761) Old regions: 222->222
[2026-01-16T09:14:15.142+0000][gc,heap     ] GC(761) Humongous regions: 123->123
[2026-01-16T09:14:15.143+0000][gc,metaspace] GC(761) Metaspace: 12838K(13312K)->12838K(13312K) NonClass: 11742K(11968K)->11742K(11968K) Class: 1095K(1344K)->1095K(1344K)
[2026-01-16T09:14:15.146+0000][gc          ] GC(761) Pause Young (Normal) (G1 Evacuation Pause) 394M->344M(1024M) 367.107ms
[2026-01-16T09:14:15.147+0000][gc,cpu      ] GC(761) User=0.14s Sys=0.03s Real=0.37s
[2026-01-16T09:14:17.683+0000][gc,start    ] GC(762) Pause Young (Normal) (G1 Evacuation Pause)
[2026-01-16T09:14:17.685+0000][gc,task     ] GC(762) Using 8 workers of 8 for evacuation
[2026-01-16T09:14:17.910+0000][gc,mmu      ] GC(762) MMU target violated: 201.0ms (200.0ms/201.0ms)
[2026-01-16T09:14:17.913+0000][gc,phases   ] GC(762)   Pre Evacuate Collection Set: 14.0ms
[2026-01-16T09:14:17.913+0000][gc,phases   ] GC(762)   Merge Heap Roots: 4.0ms
[2026-01-16T09:14:17.913+0000][gc,phases   ] GC(762)   Evacuate Collection Set: 198.2ms
[2026-01-16T09:14:17.918+0000][gc,phases   ] GC(762)   Post Evacuate Collection Set: 8.4ms
[2026-01-16T09:14:17.919+0000][gc,phases   ] GC(762)   Other: 4.0ms
[2026-01-16T09:14:17.919+0000][gc,heap     ] GC(762) Eden regions: 50->0(49)
[2026-01-16T09:14:17.927+0000][gc,heap     ] GC(762) Survivor regions: 1->2(7)
[2026-01-16T09:14:17.927+0000][gc,heap     ] GC(762) Old regions: 222->222
[2026-01-16T09:14:17.927+0000][gc,heap     ] GC(762) Humongous regions: 123->123
[2026-01-16T09:14:17.929+0000][gc,metaspace] GC(762) Metaspace: 12838K(13312K)->12838K(13312K) NonClass: 11743K(11968K)->11743K(11968K) Class: 1095K(1344K)->1095K(1344K)
[2026-01-16T09:14:17.929+0000][gc          ] GC(762) Pause Young (Normal) (G1 Evacuation Pause) 394M->345M(1024M) 246.644ms
[2026-01-16T09:14:17.930+0000][gc,cpu      ] GC(762) User=0.12s Sys=0.00s Real=0.25s
[2026-01-16T09:14:19.921+0000][gc,start    ] GC(763) Pause Young (Normal) (G1 Evacuation Pause)
[2026-01-16T09:14:19.934+0000][gc,task     ] GC(763) Using 8 workers of 8 for evacuation
[2026-01-16T09:14:20.269+0000][gc,mmu      ] GC(763) MMU target violated: 201.0ms (200.0ms/201.0ms)
[2026-01-16T09:14:20.269+0000][gc,phases   ] GC(763)   Pre Evacuate Collection Set: 43.1ms
[2026-01-16T09:14:20.269+0000][gc,phases   ] GC(763)   Merge Heap Roots: 10.5ms
[2026-01-16T09:14:20.269+0000][gc,phases   ] GC(763)   Evacuate Collection Set: 216.9ms
[2026-01-16T09:14:20.269+0000][gc,phases   ] GC(763)   Post Evacuate Collection Set: 19.1ms
[2026-01-16T09:14:20.269+0000][gc,phases   ] GC(763)   Other: 45.4ms
[2026-01-16T09:14:20.270+0000][gc,heap     ] GC(763) Eden regions: 49->0(49)
[2026-01-16T09:14:20.270+0000][gc,heap     ] GC(763) Survivor regions: 2->2(7)
[2026-01-16T09:14:20.271+0000][gc,heap     ] GC(763) Old regions: 222->222
[2026-01-16T09:14:20.271+0000][gc,heap     ] GC(763) Humongous regions: 123->123
[2026-01-16T09:14:20.272+0000][gc,metaspace] GC(763) Metaspace: 12838K(13312K)->12838K(13312K) NonClass: 11743K(11968K)->11743K(11968K) Class: 1095K(1344K)->1095K(1344K)
[2026-01-16T09:14:20.274+0000][gc          ] GC(763) Pause Young (Normal) (G1 Evacuation Pause) 394M->346M(1024M) 353.312ms
[2026-01-16T09:14:20.277+0000][gc,cpu      ] GC(763) User=0.13s Sys=0.01s Real=0.36s
[2026-01-16T09:14:29.993+0000][gc,start    ] GC(764) Pause Young (Normal) (G1 Evacuation Pause)
[2026-01-16T09:14:30.002+0000][gc,task     ] GC(764) Using 8 workers of 8 for evacuation
[2026-01-16T09:14:30.734+0000][gc,mmu      ] GC(764) MMU target violated: 201.0ms (200.0ms/201.0ms)
[2026-01-16T09:14:30.737+0000][gc,phases   ] GC(764)   Pre Evacuate Collection Set: 60.4ms
[2026-01-16T09:14:30.738+0000][gc,phases   ] GC(764)   Merge Heap Roots: 11.9ms
[2026-01-16T09:14:30.738+0000][gc,phases   ] GC(764)   Evacuate Collection Set: 632.0ms
[2026-01-16T09:14:30.738+0000][gc,phases   ] GC(764)   Post Evacuate Collection Set: 25.0ms
[2026-01-16T09:14:30.739+0000][gc,phases   ] GC(764)   Other: 5.3ms
[2026-01-16T09:14:30.742+0000][gc,heap     ] GC(764) Eden regions: 49->0(49)
[2026-01-16T09:14:30.744+0000][gc,heap     ] GC(764) Survivor regions: 2->2(7)
[2026-01-16T09:14:30.744+0000][gc,heap     ] GC(764) Old regions: 222->222
[2026-01-16T09:14:30.744+0000][gc,heap     ] GC(764) Humongous regions: 132->132
[2026-01-16T09:14:30.744+0000][gc,metaspace] GC(764) Metaspace: 12920K(13312K)->12920K(13312K) NonClass: 11811K(11968K)->11811K(11968K) Class: 1109K(1344K)->1109K(1344K)
[2026-01-16T09:14:30.745+0000][gc          ] GC(764) Pause Young (Normal) (G1 Evacuation Pause) 404M->354M(1024M) 751.549ms
[2026-01-16T09:14:30.745+0000][gc,cpu      ] GC(764) User=0.33s Sys=0.05s Real=0.76s
[2026-01-16T09:14:35.616+0000][gc,start    ] GC(765) Pause Young (Normal) (G1 Evacuation Pause)
[2026-01-16T09:14:35.621+0000][gc,task     ] GC(765) Using 8 workers of 8 for evacuation
[2026-01-16T09:14:36.029+0000][gc,mmu      ] GC(765) MMU target violated: 201.0ms (200.0ms/201.0ms)
[2026-01-16T09:14:36.044+0000][gc,phases   ] GC(765)   Pre Evacuate Collection Set: 38.3ms
[2026-01-16T09:14:36.046+0000][gc,phases   ] GC(765)   Merge Heap Roots: 10.4ms
[2026-01-16T09:14:36.050+0000][gc,phases   ] GC(765)   Evacuate Collection Set: 321.2ms
[2026-01-16T09:14:36.057+0000][gc,phases   ] GC(765)   Post Evacuate Collection Set: 34.6ms
[2026-01-16T09:14:36.057+0000][gc,phases   ] GC(765)   Other: 16.8ms
[2026-01-16T09:14:36.071+0000][gc,heap     ] GC(765) Eden regions: 49->0(49)
[2026-01-16T09:14:36.084+0000][gc,heap     ] GC(765) Survivor regions: 2->2(7)
[2026-01-16T09:14:36.090+0000][gc,heap     ] GC(765) Old regions: 222->222
[2026-01-16T09:14:36.092+0000][gc,heap     ] GC(765) Humongous regions: 132->132
[2026-01-16T09:14:36.095+0000][gc,metaspace] GC(765) Metaspace: 12920K(13312K)->12920K(13312K) NonClass: 11811K(11968K)->11811K(11968K) Class: 1109K(1344K)->1109K(1344K)
[2026-01-16T09:14:36.097+0000][gc          ] GC(765) Pause Young (Normal) (G1 Evacuation Pause) 403M->355M(1024M) 480.133ms
[2026-01-16T09:14:36.113+0000][gc,cpu      ] GC(765) User=0.26s Sys=0.01s Real=0.49s
[2026-01-16T09:14:39.471+0000][gc,start    ] GC(766) Pause Young (Normal) (G1 Evacuation Pause)
[2026-01-16T09:14:39.492+0000][gc,task     ] GC(766) Using 8 workers of 8 for evacuation
[2026-01-16T09:14:40.365+0000][gc,mmu      ] GC(766) MMU target violated: 201.0ms (200.0ms/201.0ms)
[2026-01-16T09:14:40.365+0000][gc,phases   ] GC(766)   Pre Evacuate Collection Set: 94.9ms
[2026-01-16T09:14:40.367+0000][gc,phases   ] GC(766)   Merge Heap Roots: 10.5ms
[2026-01-16T09:14:40.369+0000][gc,phases   ] GC(766)   Evacuate Collection Set: 739.0ms
[2026-01-16T09:14:40.371+0000][gc,phases   ] GC(766)   Post Evacuate Collection Set: 24.8ms
[2026-01-16T09:14:40.373+0000][gc,phases   ] GC(766)   Other: 20.4ms
[2026-01-16T09:14:40.393+0000][gc,heap     ] GC(766) Eden regions: 49->0(48)
[2026-01-16T09:14:40.394+0000][gc,heap     ] GC(766) Survivor regions: 2->3(7)
[2026-01-16T09:14:40.396+0000][gc,heap     ] GC(766) Old regions: 222->222
[2026-01-16T09:14:40.396+0000][gc,heap     ] GC(766) Humongous regions: 132->132
[2026-01-16T09:14:40.397+0000][gc,metaspace] GC(766) Metaspace: 12920K(13312K)->12920K(13312K) NonClass: 11811K(11968K)->11811K(11968K) Class: 1109K(1344K)->1109K(1344K)
[2026-01-16T09:14:40.397+0000][gc          ] GC(766) Pause Young (Normal) (G1 Evacuation Pause) 404M->355M(1024M) 926.204ms
[2026-01-16T09:14:40.398+0000][gc,cpu      ] GC(766) User=0.28s Sys=0.04s Real=0.93s
[2026-01-16T09:14:44.959+0000][gc,start    ] GC(767) Pause Young (Normal) (G1 Evacuation Pause)
[2026-01-16T09:14:44.960+0000][gc,task     ] GC(767) Using 8 workers of 8 for evacuation
[2026-01-16T09:14:45.489+0000][gc,mmu      ] GC(767) MMU target violated: 201.0ms (200.0ms/201.0ms)
[2026-01-16T09:14:45.491+0000][gc,phases   ] GC(767)   Pre Evacuate Collection Set: 43.4ms
[2026-01-16T09:14:45.492+0000][gc,phases   ] GC(767)   Merge Heap Roots: 9.9ms
[2026-01-16T09:14:45.493+0000][gc,phases   ] GC(767)   Evacuate Collection Set: 447.1ms
[2026-01-16T09:14:45.496+0000][gc,phases   ] GC(767)   Post Evacuate Collection Set: 26.9ms
[2026-01-16T09:14:45.502+0000][gc,phases   ] GC(767)   Other: 3.3ms
[2026-01-16T09:14:45.502+0000][gc,heap     ] GC(767) Eden regions: 48->0(47)
[2026-01-16T09:14:45.502+0000][gc,heap     ] GC(767) Survivor regions: 3->4(7)
[2026-01-16T09:14:45.503+0000][gc,heap     ] GC(767) Old regions: 222->222
[2026-01-16T09:14:45.503+0000][gc,heap     ] GC(767) Humongous regions: 132->132
[2026-01-16T09:14:45.503+0000][gc,metaspace] GC(767) Metaspace: 12921K(13312K)->12921K(13312K) NonClass: 11812K(11968K)->11812K(11968K) Class: 1109K(1344K)->1109K(1344K)
[2026-01-16T09:14:45.507+0000][gc          ] GC(767) Pause Young (Normal) (G1 Evacuation Pause) 403M->356M(1024M) 548.221ms
[2026-01-16T09:14:45.511+0000][gc,cpu      ] GC(767) User=0.30s Sys=0.01s Real=0.55s
[2026-01-16T09:14:48.064+0000][gc,start    ] GC(768) Pause Young (Normal) (G1 Evacuation Pause)
[2026-01-16T09:14:48.088+0000][gc,task     ] GC(768) Using 8 workers of 8 for evacuation
[2026-01-16T09:14:49.184+0000][gc,mmu      ] GC(768) MMU target violated: 201.0ms (200.0ms/201.0ms)
[2026-01-16T09:14:49.186+0000][gc,phases   ] GC(768)   Pre Evacuate Collection Set: 162.0ms
[2026-01-16T09:14:49.192+0000][gc,phases   ] GC(768)   Merge Heap Roots: 5.0ms
[2026-01-16T09:14:49.192+0000][gc,phases   ] GC(768)   Evacuate Collection Set: 896.7ms
[2026-01-16T09:14:49.193+0000][gc,phases   ] GC(768)   Post Evacuate Collection Set: 29.8ms
[2026-01-16T09:14:49.193+0000][gc,phases   ] GC(768)   Other: 26.5ms
[2026-01-16T09:14:49.194+0000][gc,heap     ] GC(768) Eden regions: 47->0(47)
[2026-01-16T09:14:49.195+0000][gc,heap     ] GC(768) Survivor regions: 4->4(7)
[2026-01-16T09:14:49.195+0000][gc,heap     ] GC(768) Old regions: 222->222
[2026-01-16T09:14:49.195+0000][gc,heap     ] GC(768) Humongous regions: 132->132
[2026-01-16T09:14:49.196+0000][gc,metaspace] GC(768) Metaspace: 12922K(13312K)->12922K(13312K) NonClass: 11813K(11968K)->11813K(11968K) Class: 1109K(1344K)->1109K(1344K)
[2026-01-16T09:14:49.197+0000][gc          ] GC(768) Pause Young (Normal) (G1 Evacuation Pause) 403M->357M(1024M) 1132.968ms
[2026-01-16T09:14:49.197+0000][gc,cpu      ] GC(768) User=0.51s Sys=0.03s Real=1.14s
[2026-01-16T09:14:51.433+0000][gc,start    ] GC(769) Pause Young (Normal) (G1 Evacuation Pause)
[2026-01-16T09:14:51.442+0000][gc,task     ] GC(769) Using 8 workers of 8 for evacuation
[2026-01-16T09:14:51.896+0000][gc,mmu      ] GC(769) MMU target violated: 201.0ms (200.0ms/201.0ms)
[2026-01-16T09:14:51.896+0000][gc,phases   ] GC(769)   Pre Evacuate Collection Set: 14.3ms
[2026-01-16T09:14:51.897+0000][gc,phases   ] GC(769)   Merge Heap Roots: 1.7ms
[2026-01-16T09:14:51.901+0000][gc,phases   ] GC(769)   Evacuate Collection Set: 370.8ms
[2026-01-16T09:14:51.902+0000][gc,phases   ] GC(769)   Post Evacuate Collection Set: 63.2ms
[2026-01-16T09:14:51.905+0000][gc,phases   ] GC(769)   Other: 6.1ms
[2026-01-16T09:14:51.906+0000][gc,heap     ] GC(769) Eden regions: 47->0(48)
[2026-01-16T09:14:51.912+0000][gc,heap     ] GC(769) Survivor regions: 4->3(7)
[2026-01-16T09:14:51.912+0000][gc,heap     ] GC(769) Old regions: 222->222
[2026-01-16T09:14:51.912+0000][gc,heap     ] GC(769) Humongous regions: 132->132
[2026-01-16T09:14:51.914+0000][gc,metaspace] GC(769) Metaspace: 12922K(13312K)->12922K(13312K) NonClass: 11813K(11968K)->11813K(11968K) Class: 1109K(1344K)->1109K(1344K)
[2026-01-16T09:14:51.915+0000][gc          ] GC(769) Pause Young (Normal) (G1 Evacuation Pause) 404M->356M(1024M) 481.931ms
[2026-01-16T09:14:51.915+0000][gc,cpu      ] GC(769) User=0.25s Sys=0.05s Real=0.49s
[2026-01-16T09:14:54.173+0000][gc,start    ] GC(770) Pause Young (Normal) (G1 Evacuation Pause)
[2026-01-16T09:14:54.183+0000][gc,task     ] GC(770) Using 8 workers of 8 for evacuation
[2026-01-16T09:14:54.652+0000][gc,mmu      ] GC(770) MMU target violated: 201.0ms (200.0ms/201.0ms)
[2026-01-16T09:14:54.653+0000][gc,phases   ] GC(770)   Pre Evacuate Collection Set: 18.0ms
[2026-01-16T09:14:54.654+0000][gc,phases   ] GC(770)   Merge Heap Roots: 5.6ms
[2026-01-16T09:14:54.655+0000][gc,phases   ] GC(770)   Evacuate Collection Set: 438.0ms
[2026-01-16T09:14:54.656+0000][gc,phases   ] GC(770)   Post Evacuate Collection Set: 6.9ms
[2026-01-16T09:14:54.657+0000][gc,phases   ] GC(770)   Other: 9.6ms
[2026-01-16T09:14:54.662+0000][gc,heap     ] GC(770) Eden regions: 48->0(47)
[2026-01-16T09:14:54.663+0000][gc,heap     ] GC(770) Survivor regions: 3->4(7)
[2026-01-16T09:14:54.666+0000][gc,heap     ] GC(770) Old regions: 222->222
[2026-01-16T09:14:54.671+0000][gc,heap     ] GC(770) Humongous regions: 132->132
[2026-01-16T09:14:54.672+0000][gc,metaspace] GC(770) Metaspace: 12922K(13312K)->12922K(13312K) NonClass: 11813K(11968K)->11813K(11968K) Class: 1109K(1344K)->1109K(1344K)
[2026-01-16T09:14:54.673+0000][gc          ] GC(770) Pause Young (Normal) (G1 Evacuation Pause) 404M->357M(1024M) 499.349ms
[2026-01-16T09:14:54.677+0000][gc,cpu      ] GC(770) User=0.25s Sys=0.00s Real=0.51s
[2026-01-16T09:14:57.038+0000][gc,start    ] GC(771) Pause Young (Normal) (G1 Evacuation Pause)
[2026-01-16T09:14:57.043+0000][gc,task     ] GC(771) Using 8 workers of 8 for evacuation
[2026-01-16T09:14:57.240+0000][gc,phases   ] GC(771)   Pre Evacuate Collection Set: 11.6ms
[2026-01-16T09:14:57.245+0000][gc,phases   ] GC(771)   Merge Heap Roots: 0.7ms
[2026-01-16T09:14:57.247+0000][gc,phases   ] GC(771)   Evacuate Collection Set: 170.4ms
[2026-01-16T09:14:57.247+0000][gc,phases   ] GC(771)   Post Evacuate Collection Set: 13.8ms
[2026-01-16T09:14:57.248+0000][gc,phases   ] GC(771)   Other: 0.7ms
[2026-01-16T09:14:57.249+0000][gc,heap     ] GC(771) Eden regions: 47->0(48)
[2026-01-16T09:14:57.249+0000][gc,heap     ] GC(771) Survivor regions: 4->3(7)
[2026-01-16T09:14:57.249+0000][gc,heap     ] GC(771) Old regions: 222->222
[2026-01-16T09:14:57.249+0000][gc,heap     ] GC(771) Humongous regions: 132->132
[2026-01-16T09:14:57.250+0000][gc,metaspace] GC(771) Metaspace: 12922K(13312K)->12922K(13312K) NonClass: 11813K(11968K)->11813K(11968K) Class: 1109K(1344K)->1109K(1344K)
[2026-01-16T09:14:57.251+0000][gc          ] GC(771) Pause Young (Normal) (G1 Evacuation Pause) 404M->356M(1024M) 212.487ms
[2026-01-16T09:14:57.254+0000][gc,cpu      ] GC(771) User=0.11s Sys=0.01s Real=0.21s
[2026-01-16T09:14:58.367+0000][gc,start    ] GC(772) Pause Young (Normal) (G1 Evacuation Pause)
[2026-01-16T09:14:58.368+0000][gc,task     ] GC(772) Using 8 workers of 8 for evacuation
[2026-01-16T09:14:58.463+0000][gc,phases   ] GC(772)   Pre Evacuate Collection Set: 5.8ms
[2026-01-16T09:14:58.464+0000][gc,phases   ] GC(772)   Merge Heap Roots: 0.4ms
[2026-01-16T09:14:58.464+0000][gc,phases   ] GC(772)   Evacuate Collection Set: 81.6ms
[2026-01-16T09:14:58.465+0000][gc,phases   ] GC(772)   Post Evacuate Collection Set: 5.0ms
[2026-01-16T09:14:58.465+0000][gc,phases   ] GC(772)   Other: 2.2ms
[2026-01-16T09:14:58.466+0000][gc,heap     ] GC(772) Eden regions: 48->0(47)
[2026-01-16T09:14:58.466+0000][gc,heap     ] GC(772) Survivor regions: 3->4(7)
[2026-01-16T09:14:58.466+0000][gc,heap     ] GC(772) Old regions: 222->222
[2026-01-16T09:14:58.466+0000][gc,heap     ] GC(772) Humongous regions: 132->132
[2026-01-16T09:14:58.466+0000][gc,metaspace] GC(772) Metaspace: 12924K(13312K)->12924K(13312K) NonClass: 11814K(11968K)->11814K(11968K) Class: 1109K(1344K)->1109K(1344K)
[2026-01-16T09:14:58.480+0000][gc          ] GC(772) Pause Young (Normal) (G1 Evacuation Pause) 404M->357M(1024M) 112.760ms
[2026-01-16T09:14:58.482+0000][gc,cpu      ] GC(772) User=0.06s Sys=0.00s Real=0.11s
[2026-01-16T09:15:05.655+0000][gc,start    ] GC(773) Pause Young (Normal) (G1 Evacuation Pause)
[2026-01-16T09:15:05.657+0000][gc,task     ] GC(773) Using 8 workers of 8 for evacuation
[2026-01-16T09:15:06.012+0000][gc,mmu      ] GC(773) MMU target violated: 201.0ms (200.0ms/201.0ms)
[2026-01-16T09:15:06.016+0000][gc,phases   ] GC(773)   Pre Evacuate Collection Set: 22.5ms
[2026-01-16T09:15:06.017+0000][gc,phases   ] GC(773)   Merge Heap Roots: 1.7ms
[2026-01-16T09:15:06.017+0000][gc,phases   ] GC(773)   Evacuate Collection Set: 303.4ms
[2026-01-16T09:15:06.017+0000][gc,phases   ] GC(773)   Post Evacuate Collection Set: 23.1ms
[2026-01-16T09:15:06.017+0000][gc,phases   ] GC(773)   Other: 5.9ms
[2026-01-16T09:15:06.017+0000][gc,heap     ] GC(773) Eden regions: 47->0(48)
[2026-01-16T09:15:06.017+0000][gc,heap     ] GC(773) Survivor regions: 4->3(7)
[2026-01-16T09:15:06.018+0000][gc,heap     ] GC(773) Old regions: 222->222
[2026-01-16T09:15:06.018+0000][gc,heap     ] GC(773) Humongous regions: 132->132
[2026-01-16T09:15:06.018+0000][gc,metaspace] GC(773) Metaspace: 12941K(13376K)->12941K(13376K) NonClass: 11825K(12032K)->11825K(12032K) Class: 1116K(1344K)->1116K(1344K)
[2026-01-16T09:15:06.018+0000][gc          ] GC(773) Pause Young (Normal) (G1 Evacuation Pause) 404M->356M(1024M) 359.408ms
[2026-01-16T09:15:06.022+0000][gc,cpu      ] GC(773) User=0.21s Sys=0.00s Real=0.36s
[2026-01-16T09:15:07.966+0000][gc,start    ] GC(774) Pause Young (Normal) (G1 Evacuation Pause)
[2026-01-16T09:15:07.967+0000][gc,task     ] GC(774) Using 8 workers of 8 for evacuation
[2026-01-16T09:15:08.257+0000][gc,mmu      ] GC(774) MMU target violated: 201.0ms (200.0ms/201.0ms)
[2026-01-16T09:15:08.259+0000][gc,phases   ] GC(774)   Pre Evacuate Collection Set: 11.3ms
[2026-01-16T09:15:08.259+0000][gc,phases   ] GC(774)   Merge Heap Roots: 0.9ms
[2026-01-16T09:15:08.259+0000][gc,phases   ] GC(774)   Evacuate Collection Set: 274.3ms
[2026-01-16T09:15:08.259+0000][gc,phases   ] GC(774)   Post Evacuate Collection Set: 3.3ms
[2026-01-16T09:15:08.259+0000][gc,phases   ] GC(774)   Other: 2.4ms
[2026-01-16T09:15:08.260+0000][gc,heap     ] GC(774) Eden regions: 48->0(47)
[2026-01-16T09:15:08.260+0000][gc,heap     ] GC(774) Survivor regions: 3->4(7)
[2026-01-16T09:15:08.263+0000][gc,heap     ] GC(774) Old regions: 222->222
[2026-01-16T09:15:08.264+0000][gc,heap     ] GC(774) Humongous regions: 132->132
[2026-01-16T09:15:08.265+0000][gc,metaspace] GC(774) Metaspace: 12941K(13376K)->12941K(13376K) NonClass: 11825K(12032K)->11825K(12032K) Class: 1116K(1344K)->1116K(1344K)
[2026-01-16T09:15:08.267+0000][gc          ] GC(774) Pause Young (Normal) (G1 Evacuation Pause) 404M->356M(1024M) 300.919ms
[2026-01-16T09:15:08.268+0000][gc,cpu      ] GC(774) User=0.12s Sys=0.00s Real=0.31s
[2026-01-16T09:15:14.195+0000][gc,start    ] GC(775) Pause Young (Normal) (G1 Evacuation Pause)
[2026-01-16T09:15:14.198+0000][gc,task     ] GC(775) Using 8 workers of 8 for evacuation
[2026-01-16T09:15:15.077+0000][gc,mmu      ] GC(775) MMU target violated: 201.0ms (200.0ms/201.0ms)
[2026-01-16T09:15:15.080+0000][gc,phases   ] GC(775)   Pre Evacuate Collection Set: 137.0ms
[2026-01-16T09:15:15.081+0000][gc,phases   ] GC(775)   Merge Heap Roots: 71.5ms
[2026-01-16T09:15:15.082+0000][gc,phases   ] GC(775)   Evacuate Collection Set: 643.0ms
[2026-01-16T09:15:15.083+0000][gc,phases   ] GC(775)   Post Evacuate Collection Set: 22.2ms
[2026-01-16T09:15:15.084+0000][gc,phases   ] GC(775)   Other: 9.0ms
[2026-01-16T09:15:15.084+0000][gc,heap     ] GC(775) Eden regions: 47->0(48)
[2026-01-16T09:15:15.085+0000][gc,heap     ] GC(775) Survivor regions: 4->3(7)
[2026-01-16T09:15:15.085+0000][gc,heap     ] GC(775) Old regions: 222->222
[2026-01-16T09:15:15.086+0000][gc,heap     ] GC(775) Humongous regions: 132->132
[2026-01-16T09:15:15.087+0000][gc,metaspace] GC(775) Metaspace: 12941K(13376K)->12941K(13376K) NonClass: 11825K(12032K)->11825K(12032K) Class: 1116K(1344K)->1116K(1344K)
[2026-01-16T09:15:15.088+0000][gc          ] GC(775) Pause Young (Normal) (G1 Evacuation Pause) 403M->355M(1024M) 893.392ms
[2026-01-16T09:15:15.090+0000][gc,cpu      ] GC(775) User=0.44s Sys=0.08s Real=0.90s
[2026-01-16T09:15:19.580+0000][gc,start    ] GC(776) Pause Young (Normal) (G1 Evacuation Pause)
[2026-01-16T09:15:19.581+0000][gc,task     ] GC(776) Using 8 workers of 8 for evacuation
[2026-01-16T09:15:19.947+0000][gc,mmu      ] GC(776) MMU target violated: 201.0ms (200.0ms/201.0ms)
[2026-01-16T09:15:19.948+0000][gc,phases   ] GC(776)   Pre Evacuate Collection Set: 39.2ms
[2026-01-16T09:15:19.949+0000][gc,phases   ] GC(776)   Merge Heap Roots: 5.6ms
[2026-01-16T09:15:19.949+0000][gc,phases   ] GC(776)   Evacuate Collection Set: 289.7ms
[2026-01-16T09:15:19.949+0000][gc,phases   ] GC(776)   Post Evacuate Collection Set: 30.7ms
[2026-01-16T09:15:19.950+0000][gc,phases   ] GC(776)   Other: 2.2ms
[2026-01-16T09:15:19.950+0000][gc,heap     ] GC(776) Eden regions: 48->0(48)
[2026-01-16T09:15:19.951+0000][gc,heap     ] GC(776) Survivor regions: 3->3(7)
[2026-01-16T09:15:19.951+0000][gc,heap     ] GC(776) Old regions: 222->222
[2026-01-16T09:15:19.953+0000][gc,heap     ] GC(776) Humongous regions: 132->132
[2026-01-16T09:15:19.954+0000][gc,metaspace] GC(776) Metaspace: 12941K(13376K)->12941K(13376K) NonClass: 11825K(12032K)->11825K(12032K) Class: 1116K(1344K)->1116K(1344K)
[2026-01-16T09:15:19.956+0000][gc          ] GC(776) Pause Young (Normal) (G1 Evacuation Pause) 403M->356M(1024M) 375.307ms
[2026-01-16T09:15:19.956+0000][gc,cpu      ] GC(776) User=0.22s Sys=0.02s Real=0.37s
[2026-01-16T09:15:21.785+0000][gc,start    ] GC(777) Pause Young (Normal) (G1 Evacuation Pause)
[2026-01-16T09:15:21.786+0000][gc,task     ] GC(777) Using 8 workers of 8 for evacuation
[2026-01-16T09:15:22.038+0000][gc,mmu      ] GC(777) MMU target violated: 201.0ms (200.0ms/201.0ms)
[2026-01-16T09:15:22.040+0000][gc,phases   ] GC(777)   Pre Evacuate Collection Set: 30.3ms
[2026-01-16T09:15:22.040+0000][gc,phases   ] GC(777)   Merge Heap Roots: 1.5ms
[2026-01-16T09:15:22.041+0000][gc,phases   ] GC(777)   Evacuate Collection Set: 208.5ms
[2026-01-16T09:15:22.041+0000][gc,phases   ] GC(777)   Post Evacuate Collection Set: 11.4ms
[2026-01-16T09:15:22.041+0000][gc,phases   ] GC(777)   Other: 2.2ms
[2026-01-16T09:15:22.041+0000][gc,heap     ] GC(777) Eden regions: 48->0(47)
[2026-01-16T09:15:22.041+0000][gc,heap     ] GC(777) Survivor regions: 3->4(7)
[2026-01-16T09:15:22.041+0000][gc,heap     ] GC(777) Old regions: 222->222
[2026-01-16T09:15:22.041+0000][gc,heap     ] GC(777) Humongous regions: 132->132
[2026-01-16T09:15:22.041+0000][gc,metaspace] GC(777) Metaspace: 12941K(13376K)->12941K(13376K) NonClass: 11825K(12032K)->11825K(12032K) Class: 1116K(1344K)->1116K(1344K)
[2026-01-16T09:15:22.042+0000][gc          ] GC(777) Pause Young (Normal) (G1 Evacuation Pause) 404M->357M(1024M) 257.257ms
[2026-01-16T09:15:22.042+0000][gc,cpu      ] GC(777) User=0.14s Sys=0.00s Real=0.26s
[2026-01-16T09:15:26.941+0000][gc,start    ] GC(778) Pause Young (Normal) (G1 Evacuation Pause)
[2026-01-16T09:15:26.949+0000][gc,task     ] GC(778) Using 8 workers of 8 for evacuation
[2026-01-16T09:15:27.388+0000][gc,mmu      ] GC(778) MMU target violated: 201.0ms (200.0ms/201.0ms)
[2026-01-16T09:15:27.395+0000][gc,phases   ] GC(778)   Pre Evacuate Collection Set: 71.6ms
[2026-01-16T09:15:27.398+0000][gc,phases   ] GC(778)   Merge Heap Roots: 28.6ms
[2026-01-16T09:15:27.399+0000][gc,phases   ] GC(778)   Evacuate Collection Set: 292.4ms
[2026-01-16T09:15:27.399+0000][gc,phases   ] GC(778)   Post Evacuate Collection Set: 37.3ms
[2026-01-16T09:15:27.399+0000][gc,phases   ] GC(778)   Other: 21.2ms
[2026-01-16T09:15:27.400+0000][gc,heap     ] GC(778) Eden regions: 47->0(48)
[2026-01-16T09:15:27.400+0000][gc,heap     ] GC(778) Survivor regions: 4->3(7)
[2026-01-16T09:15:27.400+0000][gc,heap     ] GC(778) Old regions: 222->222
[2026-01-16T09:15:27.400+0000][gc,heap     ] GC(778) Humongous regions: 132->132
[2026-01-16T09:15:27.400+0000][gc,metaspace] GC(778) Metaspace: 12941K(13376K)->12941K(13376K) NonClass: 11825K(12032K)->11825K(12032K) Class: 1116K(1344K)->1116K(1344K)
[2026-01-16T09:15:27.401+0000][gc          ] GC(778) Pause Young (Normal) (G1 Evacuation Pause) 404M->356M(1024M) 463.382ms
[2026-01-16T09:15:27.437+0000][gc,cpu      ] GC(778) User=0.26s Sys=0.03s Real=0.50s
[2026-01-16T09:15:33.613+0000][gc,start    ] GC(779) Pause Young (Normal) (G1 Evacuation Pause)
[2026-01-16T09:15:33.621+0000][gc,task     ] GC(779) Using 8 workers of 8 for evacuation
[2026-01-16T09:15:34.270+0000][gc,mmu      ] GC(779) MMU target violated: 201.0ms (200.0ms/201.0ms)
[2026-01-16T09:15:34.275+0000][gc,phases   ] GC(779)   Pre Evacuate Collection Set: 61.5ms
[2026-01-16T09:15:34.277+0000][gc,phases   ] GC(779)   Merge Heap Roots: 11.7ms
[2026-01-16T09:15:34.278+0000][gc,phases   ] GC(779)   Evacuate Collection Set: 550.2ms
[2026-01-16T09:15:34.279+0000][gc,phases   ] GC(779)   Post Evacuate Collection Set: 23.0ms
[2026-01-16T09:15:34.280+0000][gc,phases   ] GC(779)   Other: 7.3ms
[2026-01-16T09:15:34.288+0000][gc,heap     ] GC(779) Eden regions: 48->0(48)
[2026-01-16T09:15:34.292+0000][gc,heap     ] GC(779) Survivor regions: 3->3(7)
[2026-01-16T09:15:34.295+0000][gc,heap     ] GC(779) Old regions: 222->223
[2026-01-16T09:15:34.295+0000][gc,heap     ] GC(779) Humongous regions: 132->132
[2026-01-16T09:15:34.297+0000][gc,metaspace] GC(779) Metaspace: 12941K(13376K)->12941K(13376K) NonClass: 11825K(12032K)->11825K(12032K) Class: 1116K(1344K)->1116K(1344K)
[2026-01-16T09:15:34.303+0000][gc          ] GC(779) Pause Young (Normal) (G1 Evacuation Pause) 404M->356M(1024M) 690.265ms
[2026-01-16T09:15:34.322+0000][gc,cpu      ] GC(779) User=0.39s Sys=0.05s Real=0.71s
[2026-01-16T09:15:36.849+0000][gc,start    ] GC(780) Pause Young (Normal) (G1 Evacuation Pause)
[2026-01-16T09:15:36.865+0000][gc,task     ] GC(780) Using 8 workers of 8 for evacuation
[2026-01-16T09:15:37.079+0000][gc,mmu      ] GC(780) MMU target violated: 201.0ms (200.0ms/201.0ms)
[2026-01-16T09:15:37.095+0000][gc,phases   ] GC(780)   Pre Evacuate Collection Set: 20.8ms
[2026-01-16T09:15:37.095+0000][gc,phases   ] GC(780)   Merge Heap Roots: 7.6ms
[2026-01-16T09:15:37.095+0000][gc,phases   ] GC(780)   Evacuate Collection Set: 175.6ms
[2026-01-16T09:15:37.096+0000][gc,phases   ] GC(780)   Post Evacuate Collection Set: 8.8ms
[2026-01-16T09:15:37.096+0000][gc,phases   ] GC(780)   Other: 26.7ms
[2026-01-16T09:15:37.098+0000][gc,heap     ] GC(780) Eden regions: 48->0(47)
[2026-01-16T09:15:37.098+0000][gc,heap     ] GC(780) Survivor regions: 3->4(7)
[2026-01-16T09:15:37.099+0000][gc,heap     ] GC(780) Old regions: 223->223
[2026-01-16T09:15:37.100+0000][gc,heap     ] GC(780) Humongous regions: 132->132
[2026-01-16T09:15:37.100+0000][gc,metaspace] GC(780) Metaspace: 12941K(13376K)->12941K(13376K) NonClass: 11825K(12032K)->11825K(12032K) Class: 1116K(1344K)->1116K(1344K)
[2026-01-16T09:15:37.101+0000][gc          ] GC(780) Pause Young (Normal) (G1 Evacuation Pause) 404M->357M(1024M) 252.376ms
[2026-01-16T09:15:37.101+0000][gc,cpu      ] GC(780) User=0.14s Sys=0.02s Real=0.25s
[2026-01-16T09:15:38.417+0000][gc,start    ] GC(781) Pause Young (Normal) (G1 Evacuation Pause)
[2026-01-16T09:15:38.419+0000][gc,task     ] GC(781) Using 8 workers of 8 for evacuation
[2026-01-16T09:15:38.694+0000][gc,mmu      ] GC(781) MMU target violated: 201.0ms (200.0ms/201.0ms)
[2026-01-16T09:15:38.713+0000][gc,phases   ] GC(781)   Pre Evacuate Collection Set: 8.9ms
[2026-01-16T09:15:38.723+0000][gc,phases   ] GC(781)   Merge Heap Roots: 12.9ms
[2026-01-16T09:15:38.726+0000][gc,phases   ] GC(781)   Evacuate Collection Set: 248.1ms
[2026-01-16T09:15:38.727+0000][gc,phases   ] GC(781)   Post Evacuate Collection Set: 2.6ms
[2026-01-16T09:15:38.728+0000][gc,phases   ] GC(781)   Other: 22.8ms
[2026-01-16T09:15:38.729+0000][gc,heap     ] GC(781) Eden regions: 47->0(47)
[2026-01-16T09:15:38.730+0000][gc,heap     ] GC(781) Survivor regions: 4->4(7)
[2026-01-16T09:15:38.733+0000][gc,heap     ] GC(781) Old regions: 223->223
[2026-01-16T09:15:38.733+0000][gc,heap     ] GC(781) Humongous regions: 132->132
[2026-01-16T09:15:38.734+0000][gc,metaspace] GC(781) Metaspace: 12941K(13376K)->12941K(13376K) NonClass: 11825K(12032K)->11825K(12032K) Class: 1116K(1344K)->1116K(1344K)
[2026-01-16T09:15:38.749+0000][gc          ] GC(781) Pause Young (Normal) (G1 Evacuation Pause) 404M->357M(1024M) 331.663ms
[2026-01-16T09:15:38.756+0000][gc,cpu      ] GC(781) User=0.15s Sys=0.02s Real=0.34s
[2026-01-16T09:15:41.166+0000][gc,start    ] GC(782) Pause Young (Normal) (G1 Evacuation Pause)
[2026-01-16T09:15:41.173+0000][gc,task     ] GC(782) Using 8 workers of 8 for evacuation
[2026-01-16T09:15:41.370+0000][gc,phases   ] GC(782)   Pre Evacuate Collection Set: 30.3ms
[2026-01-16T09:15:41.371+0000][gc,phases   ] GC(782)   Merge Heap Roots: 1.0ms
[2026-01-16T09:15:41.371+0000][gc,phases   ] GC(782)   Evacuate Collection Set: 155.8ms
[2026-01-16T09:15:41.373+0000][gc,phases   ] GC(782)   Post Evacuate Collection Set: 2.1ms
[2026-01-16T09:15:41.373+0000][gc,phases   ] GC(782)   Other: 12.9ms
[2026-01-16T09:15:41.375+0000][gc,heap     ] GC(782) Eden regions: 47->0(49)
[2026-01-16T09:15:41.378+0000][gc,heap     ] GC(782) Survivor regions: 4->2(7)
[2026-01-16T09:15:41.379+0000][gc,heap     ] GC(782) Old regions: 223->224
[2026-01-16T09:15:41.380+0000][gc,heap     ] GC(782) Humongous regions: 132->132
[2026-01-16T09:15:41.381+0000][gc,metaspace] GC(782) Metaspace: 12941K(13376K)->12941K(13376K) NonClass: 11825K(12032K)->11825K(12032K) Class: 1116K(1344K)->1116K(1344K)
[2026-01-16T09:15:41.383+0000][gc          ] GC(782) Pause Young (Normal) (G1 Evacuation Pause) 404M->357M(1024M) 216.772ms
[2026-01-16T09:15:41.384+0000][gc,cpu      ] GC(782) User=0.15s Sys=0.04s Real=0.22s
[2026-01-16T09:15:49.807+0000][gc,start    ] GC(783) Pause Young (Normal) (G1 Evacuation Pause)
[2026-01-16T09:15:49.811+0000][gc,task     ] GC(783) Using 8 workers of 8 for evacuation
[2026-01-16T09:15:49.943+0000][gc,phases   ] GC(783)   Pre Evacuate Collection Set: 18.1ms
[2026-01-16T09:15:49.943+0000][gc,phases   ] GC(783)   Merge Heap Roots: 3.6ms
[2026-01-16T09:15:49.943+0000][gc,phases   ] GC(783)   Evacuate Collection Set: 100.6ms
[2026-01-16T09:15:49.944+0000][gc,phases   ] GC(783)   Post Evacuate Collection Set: 8.9ms
[2026-01-16T09:15:49.945+0000][gc,phases   ] GC(783)   Other: 0.8ms
[2026-01-16T09:15:49.946+0000][gc,heap     ] GC(783) Eden regions: 79->0(49)
[2026-01-16T09:15:49.946+0000][gc,heap     ] GC(783) Survivor regions: 2->2(11)
[2026-01-16T09:15:49.947+0000][gc,heap     ] GC(783) Old regions: 224->224
[2026-01-16T09:15:49.947+0000][gc,heap     ] GC(783) Humongous regions: 132->132
[2026-01-16T09:15:49.949+0000][gc,metaspace] GC(783) Metaspace: 12941K(13376K)->12941K(13376K) NonClass: 11825K(12032K)->11825K(12032K) Class: 1116K(1344K)->1116K(1344K)
[2026-01-16T09:15:49.951+0000][gc          ] GC(783) Pause Young (Normal) (G1 Evacuation Pause) 436M->356M(1024M) 143.543ms
[2026-01-16T09:15:49.953+0000][gc,cpu      ] GC(783) User=0.12s Sys=0.02s Real=0.15s
[2026-01-16T09:15:59.077+0000][gc,start    ] GC(784) Pause Young (Normal) (G1 Evacuation Pause)
[2026-01-16T09:15:59.084+0000][gc,task     ] GC(784) Using 8 workers of 8 for evacuation
[2026-01-16T09:15:59.370+0000][gc,mmu      ] GC(784) MMU target violated: 201.0ms (200.0ms/201.0ms)
[2026-01-16T09:15:59.370+0000][gc,phases   ] GC(784)   Pre Evacuate Collection Set: 77.6ms
[2026-01-16T09:15:59.371+0000][gc,phases   ] GC(784)   Merge Heap Roots: 3.9ms
[2026-01-16T09:15:59.372+0000][gc,phases   ] GC(784)   Evacuate Collection Set: 179.4ms
[2026-01-16T09:15:59.392+0000][gc,phases   ] GC(784)   Post Evacuate Collection Set: 18.6ms
[2026-01-16T09:15:59.394+0000][gc,phases   ] GC(784)   Other: 8.2ms
[2026-01-16T09:15:59.395+0000][gc,heap     ] GC(784) Eden regions: 97->0(50)
[2026-01-16T09:15:59.396+0000][gc,heap     ] GC(784) Survivor regions: 2->1(13)
[2026-01-16T09:15:59.396+0000][gc,heap     ] GC(784) Old regions: 224->224
[2026-01-16T09:15:59.396+0000][gc,heap     ] GC(784) Humongous regions: 132->132
[2026-01-16T09:15:59.397+0000][gc,metaspace] GC(784) Metaspace: 12941K(13376K)->12941K(13376K) NonClass: 11825K(12032K)->11825K(12032K) Class: 1116K(1344K)->1116K(1344K)
[2026-01-16T09:15:59.398+0000][gc          ] GC(784) Pause Young (Normal) (G1 Evacuation Pause) 453M->356M(1024M) 320.510ms
[2026-01-16T09:15:59.429+0000][gc,cpu      ] GC(784) User=0.18s Sys=0.01s Real=0.35s
[2026-01-16T09:16:04.945+0000][gc,start    ] GC(785) Pause Young (Normal) (G1 Evacuation Pause)
[2026-01-16T09:16:04.947+0000][gc,task     ] GC(785) Using 8 workers of 8 for evacuation
[2026-01-16T09:16:05.328+0000][gc,mmu      ] GC(785) MMU target violated: 201.0ms (200.0ms/201.0ms)
[2026-01-16T09:16:05.328+0000][gc,phases   ] GC(785)   Pre Evacuate Collection Set: 54.0ms
[2026-01-16T09:16:05.329+0000][gc,phases   ] GC(785)   Merge Heap Roots: 8.2ms
[2026-01-16T09:16:05.329+0000][gc,phases   ] GC(785)   Evacuate Collection Set: 205.2ms
[2026-01-16T09:16:05.329+0000][gc,phases   ] GC(785)   Post Evacuate Collection Set: 112.3ms
[2026-01-16T09:16:05.330+0000][gc,phases   ] GC(785)   Other: 2.2ms
[2026-01-16T09:16:05.331+0000][gc,heap     ] GC(785) Eden regions: 65->0(50)
[2026-01-16T09:16:05.332+0000][gc,heap     ] GC(785) Survivor regions: 1->1(9)
[2026-01-16T09:16:05.333+0000][gc,heap     ] GC(785) Old regions: 224->224
[2026-01-16T09:16:05.334+0000][gc,heap     ] GC(785) Humongous regions: 132->132
[2026-01-16T09:16:05.335+0000][gc,metaspace] GC(785) Metaspace: 12941K(13376K)->12941K(13376K) NonClass: 11825K(12032K)->11825K(12032K) Class: 1116K(1344K)->1116K(1344K)
[2026-01-16T09:16:05.336+0000][gc          ] GC(785) Pause Young (Normal) (G1 Evacuation Pause) 421M->356M(1024M) 390.288ms
[2026-01-16T09:16:05.336+0000][gc,cpu      ] GC(785) User=0.16s Sys=0.02s Real=0.39s
[2026-01-16T09:16:09.358+0000][gc,start    ] GC(786) Pause Young (Normal) (G1 Evacuation Pause)
[2026-01-16T09:16:09.359+0000][gc,task     ] GC(786) Using 8 workers of 8 for evacuation
[2026-01-16T09:16:09.495+0000][gc,phases   ] GC(786)   Pre Evacuate Collection Set: 4.9ms
[2026-01-16T09:16:09.495+0000][gc,phases   ] GC(786)   Merge Heap Roots: 11.4ms
[2026-01-16T09:16:09.498+0000][gc,phases   ] GC(786)   Evacuate Collection Set: 94.7ms
[2026-01-16T09:16:09.499+0000][gc,phases   ] GC(786)   Post Evacuate Collection Set: 24.6ms
[2026-01-16T09:16:09.500+0000][gc,phases   ] GC(786)   Other: 0.4ms
[2026-01-16T09:16:09.501+0000][gc,heap     ] GC(786) Eden regions: 50->0(49)
[2026-01-16T09:16:09.501+0000][gc,heap     ] GC(786) Survivor regions: 1->2(7)
[2026-01-16T09:16:09.501+0000][gc,heap     ] GC(786) Old regions: 224->224
[2026-01-16T09:16:09.501+0000][gc,heap     ] GC(786) Humongous regions: 132->132
[2026-01-16T09:16:09.501+0000][gc,metaspace] GC(786) Metaspace: 12942K(13376K)->12942K(13376K) NonClass: 11826K(12032K)->11826K(12032K) Class: 1116K(1344K)->1116K(1344K)
[2026-01-16T09:16:09.502+0000][gc          ] GC(786) Pause Young (Normal) (G1 Evacuation Pause) 406M->356M(1024M) 143.774ms
[2026-01-16T09:16:09.502+0000][gc,cpu      ] GC(786) User=0.13s Sys=0.01s Real=0.14s
[2026-01-16T09:16:10.707+0000][gc,start    ] GC(787) Pause Young (Normal) (G1 Evacuation Pause)
[2026-01-16T09:16:10.708+0000][gc,task     ] GC(787) Using 8 workers of 8 for evacuation
[2026-01-16T09:16:10.814+0000][gc,phases   ] GC(787)   Pre Evacuate Collection Set: 34.5ms
[2026-01-16T09:16:10.815+0000][gc,phases   ] GC(787)   Merge Heap Roots: 0.4ms
[2026-01-16T09:16:10.815+0000][gc,phases   ] GC(787)   Evacuate Collection Set: 63.1ms
[2026-01-16T09:16:10.815+0000][gc,phases   ] GC(787)   Post Evacuate Collection Set: 7.1ms
[2026-01-16T09:16:10.815+0000][gc,phases   ] GC(787)   Other: 1.0ms
[2026-01-16T09:16:10.815+0000][gc,heap     ] GC(787) Eden regions: 49->0(49)
[2026-01-16T09:16:10.815+0000][gc,heap     ] GC(787) Survivor regions: 2->2(7)
[2026-01-16T09:16:10.815+0000][gc,heap     ] GC(787) Old regions: 224->224
[2026-01-16T09:16:10.818+0000][gc,heap     ] GC(787) Humongous regions: 132->132
[2026-01-16T09:16:10.819+0000][gc,metaspace] GC(787) Metaspace: 12942K(13376K)->12942K(13376K) NonClass: 11826K(12032K)->11826K(12032K) Class: 1116K(1344K)->1116K(1344K)
[2026-01-16T09:16:10.819+0000][gc          ] GC(787) Pause Young (Normal) (G1 Evacuation Pause) 405M->357M(1024M) 111.362ms
[2026-01-16T09:16:10.820+0000][gc,cpu      ] GC(787) User=0.07s Sys=0.00s Real=0.11s
[2026-01-16T09:16:20.392+0000][gc,start    ] GC(788) Pause Young (Normal) (G1 Evacuation Pause)
[2026-01-16T09:16:20.396+0000][gc,task     ] GC(788) Using 8 workers of 8 for evacuation
[2026-01-16T09:16:20.775+0000][gc,mmu      ] GC(788) MMU target violated: 201.0ms (200.0ms/201.0ms)
[2026-01-16T09:16:20.777+0000][gc,phases   ] GC(788)   Pre Evacuate Collection Set: 23.9ms
[2026-01-16T09:16:20.783+0000][gc,phases   ] GC(788)   Merge Heap Roots: 12.5ms
[2026-01-16T09:16:20.783+0000][gc,phases   ] GC(788)   Evacuate Collection Set: 301.8ms
[2026-01-16T09:16:20.784+0000][gc,phases   ] GC(788)   Post Evacuate Collection Set: 36.5ms
[2026-01-16T09:16:20.785+0000][gc,phases   ] GC(788)   Other: 6.2ms
[2026-01-16T09:16:20.787+0000][gc,heap     ] GC(788) Eden regions: 67->0(58)
[2026-01-16T09:16:20.787+0000][gc,heap     ] GC(788) Survivor regions: 2->1(9)
[2026-01-16T09:16:20.788+0000][gc,heap     ] GC(788) Old regions: 224->224
[2026-01-16T09:16:20.789+0000][gc,heap     ] GC(788) Humongous regions: 132->132
[2026-01-16T09:16:20.789+0000][gc,metaspace] GC(788) Metaspace: 12942K(13376K)->12942K(13376K) NonClass: 11826K(12032K)->11826K(12032K) Class: 1116K(1344K)->1116K(1344K)
[2026-01-16T09:16:20.790+0000][gc          ] GC(788) Pause Young (Normal) (G1 Evacuation Pause) 424M->356M(1024M) 397.895ms
[2026-01-16T09:16:20.790+0000][gc,cpu      ] GC(788) User=0.19s Sys=0.01s Real=0.40s
[2026-01-16T09:16:26.285+0000][gc,start    ] GC(789) Pause Young (Normal) (G1 Evacuation Pause)
[2026-01-16T09:16:26.293+0000][gc,task     ] GC(789) Using 8 workers of 8 for evacuation
[2026-01-16T09:16:26.576+0000][gc,mmu      ] GC(789) MMU target violated: 201.0ms (200.0ms/201.0ms)
[2026-01-16T09:16:26.577+0000][gc,phases   ] GC(789)   Pre Evacuate Collection Set: 54.8ms
[2026-01-16T09:16:26.578+0000][gc,phases   ] GC(789)   Merge Heap Roots: 25.8ms
[2026-01-16T09:16:26.578+0000][gc,phases   ] GC(789)   Evacuate Collection Set: 164.4ms
[2026-01-16T09:16:26.579+0000][gc,phases   ] GC(789)   Post Evacuate Collection Set: 31.6ms
[2026-01-16T09:16:26.579+0000][gc,phases   ] GC(789)   Other: 8.6ms
[2026-01-16T09:16:26.580+0000][gc,heap     ] GC(789) Eden regions: 75->0(84)
[2026-01-16T09:16:26.580+0000][gc,heap     ] GC(789) Survivor regions: 1->1(10)
[2026-01-16T09:16:26.580+0000][gc,heap     ] GC(789) Old regions: 224->224
[2026-01-16T09:16:26.580+0000][gc,heap     ] GC(789) Humongous regions: 132->132
[2026-01-16T09:16:26.581+0000][gc,metaspace] GC(789) Metaspace: 12942K(13376K)->12942K(13376K) NonClass: 11826K(12032K)->11826K(12032K) Class: 1116K(1344K)->1116K(1344K)
[2026-01-16T09:16:26.584+0000][gc          ] GC(789) Pause Young (Normal) (G1 Evacuation Pause) 431M->356M(1024M) 298.864ms
[2026-01-16T09:16:26.584+0000][gc,cpu      ] GC(789) User=0.19s Sys=0.01s Real=0.30s
[2026-01-16T09:16:34.492+0000][gc,start    ] GC(790) Pause Young (Normal) (G1 Evacuation Pause)
[2026-01-16T09:16:34.502+0000][gc,task     ] GC(790) Using 8 workers of 8 for evacuation
[2026-01-16T09:16:34.593+0000][gc,phases   ] GC(790)   Pre Evacuate Collection Set: 32.0ms
[2026-01-16T09:16:34.594+0000][gc,phases   ] GC(790)   Merge Heap Roots: 1.6ms
[2026-01-16T09:16:34.594+0000][gc,phases   ] GC(790)   Evacuate Collection Set: 45.5ms
[2026-01-16T09:16:34.594+0000][gc,phases   ] GC(790)   Post Evacuate Collection Set: 10.4ms
[2026-01-16T09:16:34.594+0000][gc,phases   ] GC(790)   Other: 4.6ms
[2026-01-16T09:16:34.595+0000][gc,heap     ] GC(790) Eden regions: 97->0(171)
[2026-01-16T09:16:34.595+0000][gc,heap     ] GC(790) Survivor regions: 1->1(13)
[2026-01-16T09:16:34.595+0000][gc,heap     ] GC(790) Old regions: 224->224
[2026-01-16T09:16:34.596+0000][gc,heap     ] GC(790) Humongous regions: 132->132
[2026-01-16T09:16:34.596+0000][gc,metaspace] GC(790) Metaspace: 12942K(13376K)->12942K(13376K) NonClass: 11826K(12032K)->11826K(12032K) Class: 1116K(1344K)->1116K(1344K)
[2026-01-16T09:16:34.597+0000][gc          ] GC(790) Pause Young (Normal) (G1 Evacuation Pause) 453M->356M(1024M) 105.041ms
[2026-01-16T09:16:34.597+0000][gc,cpu      ] GC(790) User=0.07s Sys=0.01s Real=0.11s
[2026-01-16T09:16:50.526+0000][gc,start    ] GC(791) Pause Young (Normal) (G1 Evacuation Pause)
[2026-01-16T09:16:50.532+0000][gc,task     ] GC(791) Using 8 workers of 8 for evacuation
[2026-01-16T09:16:51.096+0000][gc,mmu      ] GC(791) MMU target violated: 201.0ms (200.0ms/201.0ms)
[2026-01-16T09:16:51.098+0000][gc,phases   ] GC(791)   Pre Evacuate Collection Set: 29.3ms
[2026-01-16T09:16:51.098+0000][gc,phases   ] GC(791)   Merge Heap Roots: 2.7ms
[2026-01-16T09:16:51.098+0000][gc,phases   ] GC(791)   Evacuate Collection Set: 502.7ms
[2026-01-16T09:16:51.099+0000][gc,phases   ] GC(791)   Post Evacuate Collection Set: 28.6ms
[2026-01-16T09:16:51.099+0000][gc,phases   ] GC(791)   Other: 2.0ms
[2026-01-16T09:16:51.102+0000][gc,heap     ] GC(791) Eden regions: 183->0(49)
[2026-01-16T09:16:51.102+0000][gc,heap     ] GC(791) Survivor regions: 1->2(23)
[2026-01-16T09:16:51.103+0000][gc,heap     ] GC(791) Old regions: 224->224
[2026-01-16T09:16:51.103+0000][gc,heap     ] GC(791) Humongous regions: 132->132
[2026-01-16T09:16:51.104+0000][gc,metaspace] GC(791) Metaspace: 12943K(13376K)->12943K(13376K) NonClass: 11827K(12032K)->11827K(12032K) Class: 1116K(1344K)->1116K(1344K)
[2026-01-16T09:16:51.105+0000][gc          ] GC(791) Pause Young (Normal) (G1 Evacuation Pause) 539M->357M(1024M) 578.869ms
[2026-01-16T09:16:51.106+0000][gc,cpu      ] GC(791) User=0.28s Sys=0.02s Real=0.58s
[2026-01-16T09:16:56.055+0000][gc,start    ] GC(792) Pause Young (Normal) (G1 Evacuation Pause)
[2026-01-16T09:16:56.056+0000][gc,task     ] GC(792) Using 8 workers of 8 for evacuation
[2026-01-16T09:16:56.316+0000][gc,mmu      ] GC(792) MMU target violated: 201.0ms (200.0ms/201.0ms)
[2026-01-16T09:16:56.316+0000][gc,phases   ] GC(792)   Pre Evacuate Collection Set: 48.9ms
[2026-01-16T09:16:56.317+0000][gc,phases   ] GC(792)   Merge Heap Roots: 1.5ms
[2026-01-16T09:16:56.317+0000][gc,phases   ] GC(792)   Evacuate Collection Set: 183.0ms
[2026-01-16T09:16:56.318+0000][gc,phases   ] GC(792)   Post Evacuate Collection Set: 24.3ms
[2026-01-16T09:16:56.319+0000][gc,phases   ] GC(792)   Other: 3.1ms
[2026-01-16T09:16:56.319+0000][gc,heap     ] GC(792) Eden regions: 49->0(50)
[2026-01-16T09:16:56.320+0000][gc,heap     ] GC(792) Survivor regions: 2->1(7)
[2026-01-16T09:16:56.320+0000][gc,heap     ] GC(792) Old regions: 224->224
[2026-01-16T09:16:56.321+0000][gc,heap     ] GC(792) Humongous regions: 132->132
[2026-01-16T09:16:56.321+0000][gc,metaspace] GC(792) Metaspace: 12943K(13376K)->12943K(13376K) NonClass: 11827K(12032K)->11827K(12032K) Class: 1116K(1344K)->1116K(1344K)
[2026-01-16T09:16:56.322+0000][gc          ] GC(792) Pause Young (Normal) (G1 Evacuation Pause) 406M->356M(1024M) 267.452ms
[2026-01-16T09:16:56.323+0000][gc,cpu      ] GC(792) User=0.15s Sys=0.02s Real=0.27s
[2026-01-16T09:16:59.393+0000][gc,start    ] GC(793) Pause Young (Normal) (G1 Evacuation Pause)
[2026-01-16T09:16:59.397+0000][gc,task     ] GC(793) Using 8 workers of 8 for evacuation
[2026-01-16T09:16:59.552+0000][gc,phases   ] GC(793)   Pre Evacuate Collection Set: 25.9ms
[2026-01-16T09:16:59.553+0000][gc,phases   ] GC(793)   Merge Heap Roots: 7.0ms
[2026-01-16T09:16:59.554+0000][gc,phases   ] GC(793)   Evacuate Collection Set: 111.8ms
[2026-01-16T09:16:59.554+0000][gc,phases   ] GC(793)   Post Evacuate Collection Set: 8.9ms
[2026-01-16T09:16:59.554+0000][gc,phases   ] GC(793)   Other: 1.7ms
[2026-01-16T09:16:59.555+0000][gc,heap     ] GC(793) Eden regions: 50->0(49)
[2026-01-16T09:16:59.555+0000][gc,heap     ] GC(793) Survivor regions: 1->2(7)
[2026-01-16T09:16:59.555+0000][gc,heap     ] GC(793) Old regions: 224->224
[2026-01-16T09:16:59.556+0000][gc,heap     ] GC(793) Humongous regions: 132->132
[2026-01-16T09:16:59.556+0000][gc,metaspace] GC(793) Metaspace: 12944K(13376K)->12944K(13376K) NonClass: 11827K(12032K)->11827K(12032K) Class: 1116K(1344K)->1116K(1344K)
[2026-01-16T09:16:59.557+0000][gc          ] GC(793) Pause Young (Normal) (G1 Evacuation Pause) 406M->356M(1024M) 164.385ms
[2026-01-16T09:16:59.558+0000][gc,cpu      ] GC(793) User=0.13s Sys=0.01s Real=0.17s
[2026-01-16T09:17:04.294+0000][gc,start    ] GC(794) Pause Young (Normal) (G1 Evacuation Pause)
[2026-01-16T09:17:04.309+0000][gc,task     ] GC(794) Using 8 workers of 8 for evacuation
[2026-01-16T09:17:04.508+0000][gc,phases   ] GC(794)   Pre Evacuate Collection Set: 50.0ms
[2026-01-16T09:17:04.514+0000][gc,phases   ] GC(794)   Merge Heap Roots: 15.4ms
[2026-01-16T09:17:04.514+0000][gc,phases   ] GC(794)   Evacuate Collection Set: 109.4ms
[2026-01-16T09:17:04.515+0000][gc,phases   ] GC(794)   Post Evacuate Collection Set: 21.9ms
[2026-01-16T09:17:04.515+0000][gc,phases   ] GC(794)   Other: 7.5ms
[2026-01-16T09:17:04.516+0000][gc,heap     ] GC(794) Eden regions: 49->0(71)
[2026-01-16T09:17:04.516+0000][gc,heap     ] GC(794) Survivor regions: 2->1(7)
[2026-01-16T09:17:04.516+0000][gc,heap     ] GC(794) Old regions: 224->224
[2026-01-16T09:17:04.517+0000][gc,heap     ] GC(794) Humongous regions: 132->132
[2026-01-16T09:17:04.517+0000][gc,metaspace] GC(794) Metaspace: 12944K(13376K)->12944K(13376K) NonClass: 11827K(12032K)->11827K(12032K) Class: 1116K(1344K)->1116K(1344K)
[2026-01-16T09:17:04.518+0000][gc          ] GC(794) Pause Young (Normal) (G1 Evacuation Pause) 405M->356M(1024M) 223.399ms
[2026-01-16T09:17:04.518+0000][gc,cpu      ] GC(794) User=0.13s Sys=0.01s Real=0.23s
[2026-01-16T09:17:10.420+0000][gc,start    ] GC(795) Pause Young (Normal) (G1 Evacuation Pause)
[2026-01-16T09:17:10.422+0000][gc,task     ] GC(795) Using 8 workers of 8 for evacuation
[2026-01-16T09:17:10.693+0000][gc,mmu      ] GC(795) MMU target violated: 201.0ms (200.0ms/201.0ms)
[2026-01-16T09:17:10.694+0000][gc,phases   ] GC(795)   Pre Evacuate Collection Set: 51.3ms
[2026-01-16T09:17:10.694+0000][gc,phases   ] GC(795)   Merge Heap Roots: 2.6ms
[2026-01-16T09:17:10.694+0000][gc,phases   ] GC(795)   Evacuate Collection Set: 201.9ms
[2026-01-16T09:17:10.695+0000][gc,phases   ] GC(795)   Post Evacuate Collection Set: 6.8ms
[2026-01-16T09:17:10.697+0000][gc,phases   ] GC(795)   Other: 9.9ms
[2026-01-16T09:17:10.697+0000][gc,heap     ] GC(795) Eden regions: 73->0(58)
[2026-01-16T09:17:10.697+0000][gc,heap     ] GC(795) Survivor regions: 1->2(10)
[2026-01-16T09:17:10.698+0000][gc,heap     ] GC(795) Old regions: 224->224
[2026-01-16T09:17:10.700+0000][gc,heap     ] GC(795) Humongous regions: 132->132
[2026-01-16T09:17:10.702+0000][gc,metaspace] GC(795) Metaspace: 12944K(13376K)->12944K(13376K) NonClass: 11827K(12032K)->11827K(12032K) Class: 1116K(1344K)->1116K(1344K)
[2026-01-16T09:17:10.702+0000][gc          ] GC(795) Pause Young (Normal) (G1 Evacuation Pause) 429M->357M(1024M) 282.329ms
[2026-01-16T09:17:10.703+0000][gc,cpu      ] GC(795) User=0.18s Sys=0.01s Real=0.28s
[2026-01-16T09:17:15.687+0000][gc,start    ] GC(796) Pause Young (Normal) (G1 Evacuation Pause)
[2026-01-16T09:17:15.699+0000][gc,task     ] GC(796) Using 8 workers of 8 for evacuation
[2026-01-16T09:17:15.890+0000][gc,phases   ] GC(796)   Pre Evacuate Collection Set: 40.6ms
[2026-01-16T09:17:15.891+0000][gc,phases   ] GC(796)   Merge Heap Roots: 9.5ms
[2026-01-16T09:17:15.891+0000][gc,phases   ] GC(796)   Evacuate Collection Set: 134.5ms
[2026-01-16T09:17:15.891+0000][gc,phases   ] GC(796)   Post Evacuate Collection Set: 5.2ms
[2026-01-16T09:17:15.892+0000][gc,phases   ] GC(796)   Other: 10.0ms
[2026-01-16T09:17:15.893+0000][gc,heap     ] GC(796) Eden regions: 59->0(130)
[2026-01-16T09:17:15.893+0000][gc,heap     ] GC(796) Survivor regions: 2->1(8)
[2026-01-16T09:17:15.894+0000][gc,heap     ] GC(796) Old regions: 224->224
[2026-01-16T09:17:15.894+0000][gc,heap     ] GC(796) Humongous regions: 132->132
[2026-01-16T09:17:15.894+0000][gc,metaspace] GC(796) Metaspace: 12944K(13376K)->12944K(13376K) NonClass: 11827K(12032K)->11827K(12032K) Class: 1116K(1344K)->1116K(1344K)
[2026-01-16T09:17:15.895+0000][gc          ] GC(796) Pause Young (Normal) (G1 Evacuation Pause) 416M->356M(1024M) 208.646ms
[2026-01-16T09:17:15.895+0000][gc,cpu      ] GC(796) User=0.11s Sys=0.02s Real=0.21s
[2026-01-16T09:17:26.890+0000][gc,start    ] GC(797) Pause Young (Normal) (G1 Evacuation Pause)
[2026-01-16T09:17:26.893+0000][gc,task     ] GC(797) Using 8 workers of 8 for evacuation
[2026-01-16T09:17:27.049+0000][gc,phases   ] GC(797)   Pre Evacuate Collection Set: 30.2ms
[2026-01-16T09:17:27.049+0000][gc,phases   ] GC(797)   Merge Heap Roots: 0.7ms
[2026-01-16T09:17:27.050+0000][gc,phases   ] GC(797)   Evacuate Collection Set: 110.2ms
[2026-01-16T09:17:27.050+0000][gc,phases   ] GC(797)   Post Evacuate Collection Set: 13.2ms
[2026-01-16T09:17:27.050+0000][gc,phases   ] GC(797)   Other: 1.1ms
[2026-01-16T09:17:27.050+0000][gc,heap     ] GC(797) Eden regions: 128->0(174)
[2026-01-16T09:17:27.051+0000][gc,heap     ] GC(797) Survivor regions: 1->1(17)
[2026-01-16T09:17:27.051+0000][gc,heap     ] GC(797) Old regions: 224->224
[2026-01-16T09:17:27.051+0000][gc,heap     ] GC(797) Humongous regions: 132->132
[2026-01-16T09:17:27.051+0000][gc,metaspace] GC(797) Metaspace: 12944K(13376K)->12944K(13376K) NonClass: 11827K(12032K)->11827K(12032K) Class: 1116K(1344K)->1116K(1344K)
[2026-01-16T09:17:27.052+0000][gc          ] GC(797) Pause Young (Normal) (G1 Evacuation Pause) 484M->356M(1024M) 161.787ms
[2026-01-16T09:17:27.055+0000][gc,cpu      ] GC(797) User=0.11s Sys=0.01s Real=0.17s
[2026-01-16T09:17:38.978+0000][gc,start    ] GC(798) Pause Young (Normal) (G1 Evacuation Pause)
[2026-01-16T09:17:38.982+0000][gc,task     ] GC(798) Using 8 workers of 8 for evacuation
[2026-01-16T09:17:39.310+0000][gc,mmu      ] GC(798) MMU target violated: 201.0ms (200.0ms/201.0ms)
[2026-01-16T09:17:39.312+0000][gc,phases   ] GC(798)   Pre Evacuate Collection Set: 57.7ms
[2026-01-16T09:17:39.315+0000][gc,phases   ] GC(798)   Merge Heap Roots: 7.9ms
[2026-01-16T09:17:39.316+0000][gc,phases   ] GC(798)   Evacuate Collection Set: 231.4ms
[2026-01-16T09:17:39.316+0000][gc,phases   ] GC(798)   Post Evacuate Collection Set: 27.8ms
[2026-01-16T09:17:39.316+0000][gc,phases   ] GC(798)   Other: 5.4ms
[2026-01-16T09:17:39.316+0000][gc,heap     ] GC(798) Eden regions: 181->0(82)
[2026-01-16T09:17:39.316+0000][gc,heap     ] GC(798) Survivor regions: 1->2(23)
[2026-01-16T09:17:39.316+0000][gc,heap     ] GC(798) Old regions: 224->224
[2026-01-16T09:17:39.316+0000][gc,heap     ] GC(798) Humongous regions: 132->132
[2026-01-16T09:17:39.316+0000][gc,metaspace] GC(798) Metaspace: 12945K(13376K)->12945K(13376K) NonClass: 11829K(12032K)->11829K(12032K) Class: 1116K(1344K)->1116K(1344K)
[2026-01-16T09:17:39.316+0000][gc          ] GC(798) Pause Young (Normal) (G1 Evacuation Pause) 537M->357M(1024M) 338.349ms
[2026-01-16T09:17:39.316+0000][gc,cpu      ] GC(798) User=0.22s Sys=0.01s Real=0.34s
[2026-01-16T09:17:47.496+0000][gc,start    ] GC(799) Pause Young (Normal) (G1 Evacuation Pause)
[2026-01-16T09:17:47.500+0000][gc,task     ] GC(799) Using 8 workers of 8 for evacuation
[2026-01-16T09:17:47.721+0000][gc,mmu      ] GC(799) MMU target violated: 201.0ms (200.0ms/201.0ms)
[2026-01-16T09:17:47.723+0000][gc,phases   ] GC(799)   Pre Evacuate Collection Set: 44.8ms
[2026-01-16T09:17:47.723+0000][gc,phases   ] GC(799)   Merge Heap Roots: 4.2ms
[2026-01-16T09:17:47.723+0000][gc,phases   ] GC(799)   Evacuate Collection Set: 154.0ms
[2026-01-16T09:17:47.723+0000][gc,phases   ] GC(799)   Post Evacuate Collection Set: 17.6ms
[2026-01-16T09:17:47.724+0000][gc,phases   ] GC(799)   Other: 3.0ms
[2026-01-16T09:17:47.724+0000][gc,heap     ] GC(799) Eden regions: 84->0(131)
[2026-01-16T09:17:47.725+0000][gc,heap     ] GC(799) Survivor regions: 2->2(11)
[2026-01-16T09:17:47.729+0000][gc,heap     ] GC(799) Old regions: 224->224
[2026-01-16T09:17:47.729+0000][gc,heap     ] GC(799) Humongous regions: 132->132
[2026-01-16T09:17:47.731+0000][gc,metaspace] GC(799) Metaspace: 12946K(13376K)->12946K(13376K) NonClass: 11829K(12032K)->11829K(12032K) Class: 1116K(1344K)->1116K(1344K)
[2026-01-16T09:17:47.738+0000][gc          ] GC(799) Pause Young (Normal) (G1 Evacuation Pause) 441M->357M(1024M) 237.988ms
[2026-01-16T09:17:47.741+0000][gc,cpu      ] GC(799) User=0.12s Sys=0.01s Real=0.24s
[2026-01-16T09:18:03.235+0000][gc,start    ] GC(800) Pause Young (Normal) (G1 Evacuation Pause)
[2026-01-16T09:18:03.246+0000][gc,task     ] GC(800) Using 8 workers of 8 for evacuation
[2026-01-16T09:18:03.718+0000][gc,mmu      ] GC(800) MMU target violated: 201.0ms (200.0ms/201.0ms)
[2026-01-16T09:18:03.726+0000][gc,phases   ] GC(800)   Pre Evacuate Collection Set: 26.2ms
[2026-01-16T09:18:03.726+0000][gc,phases   ] GC(800)   Merge Heap Roots: 0.3ms
[2026-01-16T09:18:03.726+0000][gc,phases   ] GC(800)   Evacuate Collection Set: 375.7ms
[2026-01-16T09:18:03.726+0000][gc,phases   ] GC(800)   Post Evacuate Collection Set: 69.1ms
[2026-01-16T09:18:03.727+0000][gc,phases   ] GC(800)   Other: 10.7ms
[2026-01-16T09:18:03.727+0000][gc,heap     ] GC(800) Eden regions: 135->0(49)
[2026-01-16T09:18:03.727+0000][gc,heap     ] GC(800) Survivor regions: 2->2(18)
[2026-01-16T09:18:03.727+0000][gc,heap     ] GC(800) Old regions: 224->224
[2026-01-16T09:18:03.727+0000][gc,heap     ] GC(800) Humongous regions: 132->132
[2026-01-16T09:18:03.727+0000][gc,metaspace] GC(800) Metaspace: 12946K(13376K)->12946K(13376K) NonClass: 11830K(12032K)->11830K(12032K) Class: 1116K(1344K)->1116K(1344K)
[2026-01-16T09:18:03.732+0000][gc          ] GC(800) Pause Young (Normal) (G1 Evacuation Pause) 492M->357M(1024M) 493.636ms
[2026-01-16T09:18:03.734+0000][gc,cpu      ] GC(800) User=0.22s Sys=0.02s Real=0.50s
[2026-01-16T09:18:07.018+0000][gc,start    ] GC(801) Pause Young (Normal) (G1 Evacuation Pause)
[2026-01-16T09:18:07.046+0000][gc,task     ] GC(801) Using 8 workers of 8 for evacuation
[2026-01-16T09:18:07.458+0000][gc,mmu      ] GC(801) MMU target violated: 201.0ms (200.0ms/201.0ms)
[2026-01-16T09:18:07.459+0000][gc,phases   ] GC(801)   Pre Evacuate Collection Set: 65.8ms
[2026-01-16T09:18:07.459+0000][gc,phases   ] GC(801)   Merge Heap Roots: 10.6ms
[2026-01-16T09:18:07.459+0000][gc,phases   ] GC(801)   Evacuate Collection Set: 311.0ms
[2026-01-16T09:18:07.459+0000][gc,phases   ] GC(801)   Post Evacuate Collection Set: 16.4ms
[2026-01-16T09:18:07.459+0000][gc,phases   ] GC(801)   Other: 11.4ms
[2026-01-16T09:18:07.460+0000][gc,heap     ] GC(801) Eden regions: 49->0(65)
[2026-01-16T09:18:07.460+0000][gc,heap     ] GC(801) Survivor regions: 2->1(7)
[2026-01-16T09:18:07.460+0000][gc,heap     ] GC(801) Old regions: 224->224
[2026-01-16T09:18:07.460+0000][gc,heap     ] GC(801) Humongous regions: 132->132
[2026-01-16T09:18:07.460+0000][gc,metaspace] GC(801) Metaspace: 12947K(13376K)->12947K(13376K) NonClass: 11830K(12032K)->11830K(12032K) Class: 1116K(1344K)->1116K(1344K)
[2026-01-16T09:18:07.461+0000][gc          ] GC(801) Pause Young (Normal) (G1 Evacuation Pause) 406M->356M(1024M) 442.981ms
[2026-01-16T09:18:07.462+0000][gc,cpu      ] GC(801) User=0.19s Sys=0.02s Real=0.44s
[2026-01-16T09:18:12.191+0000][gc,start    ] GC(802) Pause Young (Normal) (G1 Evacuation Pause)
[2026-01-16T09:18:12.192+0000][gc,task     ] GC(802) Using 8 workers of 8 for evacuation
[2026-01-16T09:18:12.367+0000][gc,phases   ] GC(802)   Pre Evacuate Collection Set: 20.1ms
[2026-01-16T09:18:12.389+0000][gc,phases   ] GC(802)   Merge Heap Roots: 1.4ms
[2026-01-16T09:18:12.392+0000][gc,phases   ] GC(802)   Evacuate Collection Set: 141.0ms
[2026-01-16T09:18:12.393+0000][gc,phases   ] GC(802)   Post Evacuate Collection Set: 10.7ms
[2026-01-16T09:18:12.399+0000][gc,phases   ] GC(802)   Other: 1.7ms
[2026-01-16T09:18:12.399+0000][gc,heap     ] GC(802) Eden regions: 65->0(49)
[2026-01-16T09:18:12.399+0000][gc,heap     ] GC(802) Survivor regions: 1->2(9)
[2026-01-16T09:18:12.400+0000][gc,heap     ] GC(802) Old regions: 224->224
[2026-01-16T09:18:12.401+0000][gc,heap     ] GC(802) Humongous regions: 132->132
[2026-01-16T09:18:12.403+0000][gc,metaspace] GC(802) Metaspace: 12947K(13376K)->12947K(13376K) NonClass: 11830K(12032K)->11830K(12032K) Class: 1116K(1344K)->1116K(1344K)
[2026-01-16T09:18:12.404+0000][gc          ] GC(802) Pause Young (Normal) (G1 Evacuation Pause) 421M->357M(1024M) 212.582ms
[2026-01-16T09:18:12.404+0000][gc,cpu      ] GC(802) User=0.13s Sys=0.00s Real=0.22s
[2026-01-16T09:18:15.959+0000][gc,start    ] GC(803) Pause Young (Normal) (G1 Evacuation Pause)
[2026-01-16T09:18:15.960+0000][gc,task     ] GC(803) Using 8 workers of 8 for evacuation
[2026-01-16T09:18:16.109+0000][gc,phases   ] GC(803)   Pre Evacuate Collection Set: 15.7ms
[2026-01-16T09:18:16.109+0000][gc,phases   ] GC(803)   Merge Heap Roots: 3.0ms
[2026-01-16T09:18:16.111+0000][gc,phases   ] GC(803)   Evacuate Collection Set: 118.7ms
[2026-01-16T09:18:16.111+0000][gc,phases   ] GC(803)   Post Evacuate Collection Set: 8.6ms
[2026-01-16T09:18:16.111+0000][gc,phases   ] GC(803)   Other: 2.4ms
[2026-01-16T09:18:16.112+0000][gc,heap     ] GC(803) Eden regions: 49->0(191)
[2026-01-16T09:18:16.112+0000][gc,heap     ] GC(803) Survivor regions: 2->1(7)
[2026-01-16T09:18:16.112+0000][gc,heap     ] GC(803) Old regions: 224->225
[2026-01-16T09:18:16.113+0000][gc,heap     ] GC(803) Humongous regions: 132->132
[2026-01-16T09:18:16.113+0000][gc,metaspace] GC(803) Metaspace: 12948K(13376K)->12948K(13376K) NonClass: 11832K(12032K)->11832K(12032K) Class: 1116K(1344K)->1116K(1344K)
[2026-01-16T09:18:16.115+0000][gc          ] GC(803) Pause Young (Normal) (G1 Evacuation Pause) 406M->356M(1024M) 156.014ms
[2026-01-16T09:18:16.115+0000][gc,cpu      ] GC(803) User=0.10s Sys=0.00s Real=0.16s
[2026-01-16T09:18:31.056+0000][gc,start    ] GC(804) Pause Young (Normal) (G1 Evacuation Pause)
[2026-01-16T09:18:31.062+0000][gc,task     ] GC(804) Using 8 workers of 8 for evacuation
[2026-01-16T09:18:32.000+0000][gc,mmu      ] GC(804) MMU target violated: 201.0ms (200.0ms/201.0ms)
[2026-01-16T09:18:32.002+0000][gc,phases   ] GC(804)   Pre Evacuate Collection Set: 114.6ms
[2026-01-16T09:18:32.002+0000][gc,phases   ] GC(804)   Merge Heap Roots: 11.8ms
[2026-01-16T09:18:32.002+0000][gc,phases   ] GC(804)   Evacuate Collection Set: 762.8ms
[2026-01-16T09:18:32.003+0000][gc,phases   ] GC(804)   Post Evacuate Collection Set: 44.8ms
[2026-01-16T09:18:32.003+0000][gc,phases   ] GC(804)   Other: 5.5ms
[2026-01-16T09:18:32.003+0000][gc,heap     ] GC(804) Eden regions: 190->0(49)
[2026-01-16T09:18:32.003+0000][gc,heap     ] GC(804) Survivor regions: 1->2(24)
[2026-01-16T09:18:32.003+0000][gc,heap     ] GC(804) Old regions: 225->225
[2026-01-16T09:18:32.003+0000][gc,heap     ] GC(804) Humongous regions: 132->132
[2026-01-16T09:18:32.003+0000][gc,metaspace] GC(804) Metaspace: 12948K(13376K)->12948K(13376K) NonClass: 11832K(12032K)->11832K(12032K) Class: 1116K(1344K)->1116K(1344K)
[2026-01-16T09:18:32.004+0000][gc          ] GC(804) Pause Young (Normal) (G1 Evacuation Pause) 546M->357M(1024M) 947.605ms
[2026-01-16T09:18:32.004+0000][gc,cpu      ] GC(804) User=0.52s Sys=0.06s Real=0.95s
[2026-01-16T09:18:36.539+0000][gc,start    ] GC(805) Pause Young (Normal) (G1 Evacuation Pause)
[2026-01-16T09:18:36.541+0000][gc,task     ] GC(805) Using 8 workers of 8 for evacuation
[2026-01-16T09:18:36.775+0000][gc,mmu      ] GC(805) MMU target violated: 201.0ms (200.0ms/201.0ms)
[2026-01-16T09:18:36.779+0000][gc,phases   ] GC(805)   Pre Evacuate Collection Set: 35.6ms
[2026-01-16T09:18:36.779+0000][gc,phases   ] GC(805)   Merge Heap Roots: 7.3ms
[2026-01-16T09:18:36.779+0000][gc,phases   ] GC(805)   Evacuate Collection Set: 177.8ms
[2026-01-16T09:18:36.779+0000][gc,phases   ] GC(805)   Post Evacuate Collection Set: 12.7ms
[2026-01-16T09:18:36.779+0000][gc,phases   ] GC(805)   Other: 4.7ms
[2026-01-16T09:18:36.779+0000][gc,heap     ] GC(805) Eden regions: 49->0(50)
[2026-01-16T09:18:36.780+0000][gc,heap     ] GC(805) Survivor regions: 2->1(7)
[2026-01-16T09:18:36.780+0000][gc,heap     ] GC(805) Old regions: 225->225
[2026-01-16T09:18:36.780+0000][gc,heap     ] GC(805) Humongous regions: 132->132
[2026-01-16T09:18:36.780+0000][gc,metaspace] GC(805) Metaspace: 12952K(13376K)->12952K(13376K) NonClass: 11836K(12032K)->11836K(12032K) Class: 1116K(1344K)->1116K(1344K)
[2026-01-16T09:18:36.781+0000][gc          ] GC(805) Pause Young (Normal) (G1 Evacuation Pause) 406M->356M(1024M) 242.351ms
[2026-01-16T09:18:36.782+0000][gc,cpu      ] GC(805) User=0.11s Sys=0.01s Real=0.24s
[2026-01-16T09:18:39.238+0000][gc,start    ] GC(806) Pause Young (Normal) (G1 Evacuation Pause)
[2026-01-16T09:18:39.240+0000][gc,task     ] GC(806) Using 8 workers of 8 for evacuation
[2026-01-16T09:18:39.354+0000][gc,phases   ] GC(806)   Pre Evacuate Collection Set: 31.3ms
[2026-01-16T09:18:39.354+0000][gc,phases   ] GC(806)   Merge Heap Roots: 0.3ms
[2026-01-16T09:18:39.354+0000][gc,phases   ] GC(806)   Evacuate Collection Set: 76.8ms
[2026-01-16T09:18:39.354+0000][gc,phases   ] GC(806)   Post Evacuate Collection Set: 1.4ms
[2026-01-16T09:18:39.354+0000][gc,phases   ] GC(806)   Other: 4.0ms
[2026-01-16T09:18:39.354+0000][gc,heap     ] GC(806) Eden regions: 50->0(49)
[2026-01-16T09:18:39.354+0000][gc,heap     ] GC(806) Survivor regions: 1->2(7)
[2026-01-16T09:18:39.354+0000][gc,heap     ] GC(806) Old regions: 225->225
[2026-01-16T09:18:39.354+0000][gc,heap     ] GC(806) Humongous regions: 132->132
[2026-01-16T09:18:39.354+0000][gc,metaspace] GC(806) Metaspace: 12952K(13376K)->12952K(13376K) NonClass: 11836K(12032K)->11836K(12032K) Class: 1116K(1344K)->1116K(1344K)
[2026-01-16T09:18:39.354+0000][gc          ] GC(806) Pause Young (Normal) (G1 Evacuation Pause) 406M->357M(1024M) 116.225ms
[2026-01-16T09:18:39.354+0000][gc,cpu      ] GC(806) User=0.11s Sys=0.01s Real=0.11s
[2026-01-16T09:18:45.626+0000][gc,start    ] GC(807) Pause Young (Normal) (G1 Evacuation Pause)
[2026-01-16T09:18:45.680+0000][gc,task     ] GC(807) Using 8 workers of 8 for evacuation
[2026-01-16T09:18:45.989+0000][gc,mmu      ] GC(807) MMU target violated: 201.0ms (200.0ms/201.0ms)
[2026-01-16T09:18:45.991+0000][gc,phases   ] GC(807)   Pre Evacuate Collection Set: 69.8ms
[2026-01-16T09:18:45.993+0000][gc,phases   ] GC(807)   Merge Heap Roots: 1.5ms
[2026-01-16T09:18:45.994+0000][gc,phases   ] GC(807)   Evacuate Collection Set: 203.5ms
[2026-01-16T09:18:45.995+0000][gc,phases   ] GC(807)   Post Evacuate Collection Set: 5.2ms
[2026-01-16T09:18:45.996+0000][gc,phases   ] GC(807)   Other: 42.9ms
[2026-01-16T09:18:45.997+0000][gc,heap     ] GC(807) Eden regions: 49->0(50)
[2026-01-16T09:18:45.998+0000][gc,heap     ] GC(807) Survivor regions: 2->1(7)
[2026-01-16T09:18:46.002+0000][gc,heap     ] GC(807) Old regions: 225->225
[2026-01-16T09:18:46.003+0000][gc,heap     ] GC(807) Humongous regions: 132->132
[2026-01-16T09:18:46.003+0000][gc,metaspace] GC(807) Metaspace: 12953K(13376K)->12953K(13376K) NonClass: 11836K(12032K)->11836K(12032K) Class: 1116K(1344K)->1116K(1344K)
[2026-01-16T09:18:46.005+0000][gc          ] GC(807) Pause Young (Normal) (G1 Evacuation Pause) 406M->356M(1024M) 378.812ms
[2026-01-16T09:18:46.007+0000][gc,cpu      ] GC(807) User=0.22s Sys=0.03s Real=0.38s
[2026-01-16T09:18:47.444+0000][gc,start    ] GC(808) Pause Young (Normal) (G1 Evacuation Pause)
[2026-01-16T09:18:47.446+0000][gc,task     ] GC(808) Using 8 workers of 8 for evacuation
[2026-01-16T09:18:47.572+0000][gc,phases   ] GC(808)   Pre Evacuate Collection Set: 28.6ms
[2026-01-16T09:18:47.573+0000][gc,phases   ] GC(808)   Merge Heap Roots: 0.5ms
[2026-01-16T09:18:47.574+0000][gc,phases   ] GC(808)   Evacuate Collection Set: 86.4ms
[2026-01-16T09:18:47.574+0000][gc,phases   ] GC(808)   Post Evacuate Collection Set: 8.1ms
[2026-01-16T09:18:47.577+0000][gc,phases   ] GC(808)   Other: 2.6ms
[2026-01-16T09:18:47.578+0000][gc,heap     ] GC(808) Eden regions: 50->0(49)
[2026-01-16T09:18:47.578+0000][gc,heap     ] GC(808) Survivor regions: 1->2(7)
[2026-01-16T09:18:47.579+0000][gc,heap     ] GC(808) Old regions: 225->225
[2026-01-16T09:18:47.580+0000][gc,heap     ] GC(808) Humongous regions: 132->132
[2026-01-16T09:18:47.580+0000][gc,metaspace] GC(808) Metaspace: 12954K(13376K)->12954K(13376K) NonClass: 11837K(12032K)->11837K(12032K) Class: 1116K(1344K)->1116K(1344K)
[2026-01-16T09:18:47.580+0000][gc          ] GC(808) Pause Young (Normal) (G1 Evacuation Pause) 406M->357M(1024M) 136.127ms
[2026-01-16T09:18:47.581+0000][gc,cpu      ] GC(808) User=0.05s Sys=0.00s Real=0.14s
[2026-01-16T09:18:56.640+0000][gc,start    ] GC(809) Pause Young (Normal) (G1 Evacuation Pause)
[2026-01-16T09:18:56.643+0000][gc,task     ] GC(809) Using 8 workers of 8 for evacuation
[2026-01-16T09:18:56.954+0000][gc,mmu      ] GC(809) MMU target violated: 201.0ms (200.0ms/201.0ms)
[2026-01-16T09:18:56.959+0000][gc,phases   ] GC(809)   Pre Evacuate Collection Set: 36.3ms
[2026-01-16T09:18:56.960+0000][gc,phases   ] GC(809)   Merge Heap Roots: 13.8ms
[2026-01-16T09:18:56.961+0000][gc,phases   ] GC(809)   Evacuate Collection Set: 212.4ms
[2026-01-16T09:18:56.962+0000][gc,phases   ] GC(809)   Post Evacuate Collection Set: 39.4ms
[2026-01-16T09:18:56.963+0000][gc,phases   ] GC(809)   Other: 15.6ms
[2026-01-16T09:18:56.968+0000][gc,heap     ] GC(809) Eden regions: 49->0(58)
[2026-01-16T09:18:56.972+0000][gc,heap     ] GC(809) Survivor regions: 2->1(7)
[2026-01-16T09:18:56.974+0000][gc,heap     ] GC(809) Old regions: 225->225
[2026-01-16T09:18:56.974+0000][gc,heap     ] GC(809) Humongous regions: 132->132
[2026-01-16T09:18:56.974+0000][gc,metaspace] GC(809) Metaspace: 12973K(13376K)->12973K(13376K) NonClass: 11856K(12032K)->11856K(12032K) Class: 1116K(1344K)->1116K(1344K)
[2026-01-16T09:18:56.975+0000][gc          ] GC(809) Pause Young (Normal) (G1 Evacuation Pause) 406M->356M(1024M) 334.568ms
[2026-01-16T09:18:56.975+0000][gc,cpu      ] GC(809) User=0.14s Sys=0.02s Real=0.34s
[2026-01-16T09:19:02.501+0000][gc,start    ] GC(810) Pause Young (Normal) (G1 Evacuation Pause)
[2026-01-16T09:19:02.510+0000][gc,task     ] GC(810) Using 8 workers of 8 for evacuation
[2026-01-16T09:19:02.842+0000][gc,mmu      ] GC(810) MMU target violated: 201.0ms (200.0ms/201.0ms)
[2026-01-16T09:19:02.842+0000][gc,phases   ] GC(810)   Pre Evacuate Collection Set: 65.0ms
[2026-01-16T09:19:02.842+0000][gc,phases   ] GC(810)   Merge Heap Roots: 6.6ms
[2026-01-16T09:19:02.842+0000][gc,phases   ] GC(810)   Evacuate Collection Set: 247.1ms
[2026-01-16T09:19:02.844+0000][gc,phases   ] GC(810)   Post Evacuate Collection Set: 12.3ms
[2026-01-16T09:19:02.845+0000][gc,phases   ] GC(810)   Other: 1.8ms
[2026-01-16T09:19:02.846+0000][gc,heap     ] GC(810) Eden regions: 59->0(49)
[2026-01-16T09:19:02.847+0000][gc,heap     ] GC(810) Survivor regions: 1->2(8)
[2026-01-16T09:19:02.848+0000][gc,heap     ] GC(810) Old regions: 225->225
[2026-01-16T09:19:02.848+0000][gc,heap     ] GC(810) Humongous regions: 132->132
[2026-01-16T09:19:02.849+0000][gc,metaspace] GC(810) Metaspace: 12988K(13376K)->12988K(13376K) NonClass: 11871K(12032K)->11871K(12032K) Class: 1116K(1344K)->1116K(1344K)
[2026-01-16T09:19:02.851+0000][gc          ] GC(810) Pause Young (Normal) (G1 Evacuation Pause) 415M->357M(1024M) 349.715ms
[2026-01-16T09:19:02.860+0000][gc,cpu      ] GC(810) User=0.16s Sys=0.02s Real=0.36s
[2026-01-16T09:19:04.655+0000][gc,start    ] GC(811) Pause Young (Normal) (G1 Evacuation Pause)
[2026-01-16T09:19:04.656+0000][gc,task     ] GC(811) Using 8 workers of 8 for evacuation
[2026-01-16T09:19:04.738+0000][gc,phases   ] GC(811)   Pre Evacuate Collection Set: 25.3ms
[2026-01-16T09:19:04.743+0000][gc,phases   ] GC(811)   Merge Heap Roots: 1.7ms
[2026-01-16T09:19:04.744+0000][gc,phases   ] GC(811)   Evacuate Collection Set: 49.9ms
[2026-01-16T09:19:04.745+0000][gc,phases   ] GC(811)   Post Evacuate Collection Set: 4.8ms
[2026-01-16T09:19:04.746+0000][gc,phases   ] GC(811)   Other: 0.6ms
[2026-01-16T09:19:04.746+0000][gc,heap     ] GC(811) Eden regions: 49->0(107)
[2026-01-16T09:19:04.747+0000][gc,heap     ] GC(811) Survivor regions: 2->1(7)
[2026-01-16T09:19:04.747+0000][gc,heap     ] GC(811) Old regions: 225->225
[2026-01-16T09:19:04.747+0000][gc,heap     ] GC(811) Humongous regions: 132->132
[2026-01-16T09:19:04.748+0000][gc,metaspace] GC(811) Metaspace: 13010K(13376K)->13010K(13376K) NonClass: 11893K(12032K)->11893K(12032K) Class: 1116K(1344K)->1116K(1344K)
[2026-01-16T09:19:04.749+0000][gc          ] GC(811) Pause Young (Normal) (G1 Evacuation Pause) 406M->356M(1024M) 93.599ms
[2026-01-16T09:19:04.751+0000][gc,cpu      ] GC(811) User=0.04s Sys=0.00s Real=0.09s
[2026-01-16T09:19:14.120+0000][gc,start    ] GC(812) Pause Young (Normal) (G1 Evacuation Pause)
[2026-01-16T09:19:14.129+0000][gc,task     ] GC(812) Using 8 workers of 8 for evacuation
[2026-01-16T09:19:14.363+0000][gc,mmu      ] GC(812) MMU target violated: 201.0ms (200.0ms/201.0ms)
[2026-01-16T09:19:14.365+0000][gc,phases   ] GC(812)   Pre Evacuate Collection Set: 48.5ms
[2026-01-16T09:19:14.365+0000][gc,phases   ] GC(812)   Merge Heap Roots: 3.9ms
[2026-01-16T09:19:14.366+0000][gc,phases   ] GC(812)   Evacuate Collection Set: 159.1ms
[2026-01-16T09:19:14.366+0000][gc,phases   ] GC(812)   Post Evacuate Collection Set: 19.4ms
[2026-01-16T09:19:14.367+0000][gc,phases   ] GC(812)   Other: 9.9ms
[2026-01-16T09:19:14.368+0000][gc,heap     ] GC(812) Eden regions: 102->0(157)
[2026-01-16T09:19:14.368+0000][gc,heap     ] GC(812) Survivor regions: 1->1(13)
[2026-01-16T09:19:14.368+0000][gc,heap     ] GC(812) Old regions: 225->225
[2026-01-16T09:19:14.369+0000][gc,heap     ] GC(812) Humongous regions: 132->132
[2026-01-16T09:19:14.370+0000][gc,metaspace] GC(812) Metaspace: 13031K(13440K)->13031K(13440K) NonClass: 11914K(12096K)->11914K(12096K) Class: 1116K(1344K)->1116K(1344K)
[2026-01-16T09:19:14.373+0000][gc          ] GC(812) Pause Young (Normal) (G1 Evacuation Pause) 458M->356M(1024M) 253.088ms
[2026-01-16T09:19:14.373+0000][gc,cpu      ] GC(812) User=0.11s Sys=0.01s Real=0.26s
[2026-01-16T09:19:26.226+0000][gc,start    ] GC(813) Pause Young (Normal) (G1 Evacuation Pause)
[2026-01-16T09:19:26.232+0000][gc,task     ] GC(813) Using 8 workers of 8 for evacuation
[2026-01-16T09:19:26.421+0000][gc,phases   ] GC(813)   Pre Evacuate Collection Set: 44.4ms
[2026-01-16T09:19:26.422+0000][gc,phases   ] GC(813)   Merge Heap Roots: 5.7ms
[2026-01-16T09:19:26.423+0000][gc,phases   ] GC(813)   Evacuate Collection Set: 126.6ms
[2026-01-16T09:19:26.423+0000][gc,phases   ] GC(813)   Post Evacuate Collection Set: 11.0ms
[2026-01-16T09:19:26.424+0000][gc,phases   ] GC(813)   Other: 4.8ms
[2026-01-16T09:19:26.426+0000][gc,heap     ] GC(813) Eden regions: 152->0(202)
[2026-01-16T09:19:26.427+0000][gc,heap     ] GC(813) Survivor regions: 1->1(20)
[2026-01-16T09:19:26.429+0000][gc,heap     ] GC(813) Old regions: 225->225
[2026-01-16T09:19:26.430+0000][gc,heap     ] GC(813) Humongous regions: 132->132
[2026-01-16T09:19:26.431+0000][gc,metaspace] GC(813) Metaspace: 13036K(13440K)->13036K(13440K) NonClass: 11920K(12096K)->11920K(12096K) Class: 1116K(1344K)->1116K(1344K)
[2026-01-16T09:19:26.444+0000][gc          ] GC(813) Pause Young (Normal) (G1 Evacuation Pause) 508M->356M(1024M) 217.663ms
[2026-01-16T09:19:26.447+0000][gc,cpu      ] GC(813) User=0.15s Sys=0.02s Real=0.22s
[2026-01-16T09:19:47.080+0000][gc,start    ] GC(814) Pause Young (Normal) (G1 Evacuation Pause)
[2026-01-16T09:19:47.087+0000][gc,task     ] GC(814) Using 8 workers of 8 for evacuation
[2026-01-16T09:19:47.509+0000][gc,mmu      ] GC(814) MMU target violated: 201.0ms (200.0ms/201.0ms)
[2026-01-16T09:19:47.510+0000][gc,phases   ] GC(814)   Pre Evacuate Collection Set: 92.3ms
[2026-01-16T09:19:47.510+0000][gc,phases   ] GC(814)   Merge Heap Roots: 9.9ms
[2026-01-16T09:19:47.510+0000][gc,phases   ] GC(814)   Evacuate Collection Set: 299.0ms
[2026-01-16T09:19:47.511+0000][gc,phases   ] GC(814)   Post Evacuate Collection Set: 15.5ms
[2026-01-16T09:19:47.511+0000][gc,phases   ] GC(814)   Other: 6.2ms
[2026-01-16T09:19:47.511+0000][gc,heap     ] GC(814) Eden regions: 208->0(121)
[2026-01-16T09:19:47.512+0000][gc,heap     ] GC(814) Survivor regions: 1->1(27)
[2026-01-16T09:19:47.512+0000][gc,heap     ] GC(814) Old regions: 225->225
[2026-01-16T09:19:47.512+0000][gc,heap     ] GC(814) Humongous regions: 132->132
[2026-01-16T09:19:47.512+0000][gc,metaspace] GC(814) Metaspace: 13053K(13440K)->13053K(13440K) NonClass: 11936K(12096K)->11936K(12096K) Class: 1116K(1344K)->1116K(1344K)
[2026-01-16T09:19:47.527+0000][gc          ] GC(814) Pause Young (Normal) (G1 Evacuation Pause) 564M->356M(1024M) 447.056ms
[2026-01-16T09:19:47.528+0000][gc,cpu      ] GC(814) User=0.19s Sys=0.03s Real=0.45s
[2026-01-16T09:19:56.017+0000][gc,start    ] GC(815) Pause Young (Normal) (G1 Evacuation Pause)
[2026-01-16T09:19:56.030+0000][gc,task     ] GC(815) Using 8 workers of 8 for evacuation
[2026-01-16T09:19:56.283+0000][gc,mmu      ] GC(815) MMU target violated: 201.0ms (200.0ms/201.0ms)
[2026-01-16T09:19:56.285+0000][gc,phases   ] GC(815)   Pre Evacuate Collection Set: 50.6ms
[2026-01-16T09:19:56.288+0000][gc,phases   ] GC(815)   Merge Heap Roots: 5.8ms
[2026-01-16T09:19:56.289+0000][gc,phases   ] GC(815)   Evacuate Collection Set: 146.7ms
[2026-01-16T09:19:56.289+0000][gc,phases   ] GC(815)   Post Evacuate Collection Set: 44.5ms
[2026-01-16T09:19:56.290+0000][gc,phases   ] GC(815)   Other: 12.7ms
[2026-01-16T09:19:56.291+0000][gc,heap     ] GC(815) Eden regions: 113->0(157)
[2026-01-16T09:19:56.291+0000][gc,heap     ] GC(815) Survivor regions: 1->1(15)
[2026-01-16T09:19:56.292+0000][gc,heap     ] GC(815) Old regions: 225->225
[2026-01-16T09:19:56.294+0000][gc,heap     ] GC(815) Humongous regions: 132->132
[2026-01-16T09:19:56.294+0000][gc,metaspace] GC(815) Metaspace: 13053K(13440K)->13053K(13440K) NonClass: 11936K(12096K)->11936K(12096K) Class: 1116K(1344K)->1116K(1344K)
[2026-01-16T09:19:56.295+0000][gc          ] GC(815) Pause Young (Normal) (G1 Evacuation Pause) 469M->356M(1024M) 279.364ms
[2026-01-16T09:19:56.296+0000][gc,cpu      ] GC(815) User=0.16s Sys=0.02s Real=0.28s
[2026-01-16T09:20:07.420+0000][gc,start    ] GC(816) Pause Young (Normal) (G1 Evacuation Pause)
[2026-01-16T09:20:07.423+0000][gc,task     ] GC(816) Using 8 workers of 8 for evacuation
[2026-01-16T09:20:07.714+0000][gc,mmu      ] GC(816) MMU target violated: 201.0ms (200.0ms/201.0ms)
[2026-01-16T09:20:07.715+0000][gc,phases   ] GC(816)   Pre Evacuate Collection Set: 33.8ms
[2026-01-16T09:20:07.715+0000][gc,phases   ] GC(816)   Merge Heap Roots: 2.7ms
[2026-01-16T09:20:07.716+0000][gc,phases   ] GC(816)   Evacuate Collection Set: 228.4ms
[2026-01-16T09:20:07.716+0000][gc,phases   ] GC(816)   Post Evacuate Collection Set: 12.6ms
[2026-01-16T09:20:07.720+0000][gc,phases   ] GC(816)   Other: 14.7ms
[2026-01-16T09:20:07.721+0000][gc,heap     ] GC(816) Eden regions: 151->0(188)
[2026-01-16T09:20:07.722+0000][gc,heap     ] GC(816) Survivor regions: 1->1(19)
[2026-01-16T09:20:07.723+0000][gc,heap     ] GC(816) Old regions: 225->225
[2026-01-16T09:20:07.724+0000][gc,heap     ] GC(816) Humongous regions: 132->132
[2026-01-16T09:20:07.724+0000][gc,metaspace] GC(816) Metaspace: 13053K(13440K)->13053K(13440K) NonClass: 11936K(12096K)->11936K(12096K) Class: 1116K(1344K)->1116K(1344K)
[2026-01-16T09:20:07.729+0000][gc          ] GC(816) Pause Young (Normal) (G1 Evacuation Pause) 507M->357M(1024M) 308.830ms
[2026-01-16T09:20:07.729+0000][gc,cpu      ] GC(816) User=0.20s Sys=0.04s Real=0.31s
[2026-01-16T09:20:28.333+0000][gc,start    ] GC(817) Pause Young (Normal) (G1 Evacuation Pause)
[2026-01-16T09:20:28.346+0000][gc,task     ] GC(817) Using 8 workers of 8 for evacuation
[2026-01-16T09:20:29.272+0000][gc,mmu      ] GC(817) MMU target violated: 201.0ms (200.0ms/201.0ms)
[2026-01-16T09:20:29.287+0000][gc,phases   ] GC(817)   Pre Evacuate Collection Set: 86.5ms
[2026-01-16T09:20:29.289+0000][gc,phases   ] GC(817)   Merge Heap Roots: 13.7ms
[2026-01-16T09:20:29.292+0000][gc,phases   ] GC(817)   Evacuate Collection Set: 606.6ms
[2026-01-16T09:20:29.294+0000][gc,phases   ] GC(817)   Post Evacuate Collection Set: 213.0ms
[2026-01-16T09:20:29.297+0000][gc,phases   ] GC(817)   Other: 31.1ms
[2026-01-16T09:20:29.300+0000][gc,heap     ] GC(817) Eden regions: 198->0(50)
[2026-01-16T09:20:29.308+0000][gc,heap     ] GC(817) Survivor regions: 1->1(25)
[2026-01-16T09:20:29.311+0000][gc,heap     ] GC(817) Old regions: 225->225
[2026-01-16T09:20:29.315+0000][gc,heap     ] GC(817) Humongous regions: 132->132
[2026-01-16T09:20:29.317+0000][gc,metaspace] GC(817) Metaspace: 13053K(13440K)->13053K(13440K) NonClass: 11936K(12096K)->11936K(12096K) Class: 1116K(1344K)->1116K(1344K)
[2026-01-16T09:20:29.320+0000][gc          ] GC(817) Pause Young (Normal) (G1 Evacuation Pause) 555M->356M(1024M) 989.227ms
[2026-01-16T09:20:29.323+0000][gc,cpu      ] GC(817) User=0.29s Sys=0.02s Real=1.00s
[2026-01-16T09:20:33.557+0000][gc,start    ] GC(818) Pause Young (Normal) (G1 Evacuation Pause)
[2026-01-16T09:20:33.589+0000][gc,task     ] GC(818) Using 8 workers of 8 for evacuation
[2026-01-16T09:20:34.240+0000][gc,mmu      ] GC(818) MMU target violated: 201.0ms (200.0ms/201.0ms)
[2026-01-16T09:20:34.240+0000][gc,phases   ] GC(818)   Pre Evacuate Collection Set: 108.5ms
[2026-01-16T09:20:34.241+0000][gc,phases   ] GC(818)   Merge Heap Roots: 3.9ms
[2026-01-16T09:20:34.242+0000][gc,phases   ] GC(818)   Evacuate Collection Set: 504.0ms
[2026-01-16T09:20:34.242+0000][gc,phases   ] GC(818)   Post Evacuate Collection Set: 26.5ms
[2026-01-16T09:20:34.242+0000][gc,phases   ] GC(818)   Other: 26.8ms
[2026-01-16T09:20:34.243+0000][gc,heap     ] GC(818) Eden regions: 50->0(49)
[2026-01-16T09:20:34.244+0000][gc,heap     ] GC(818) Survivor regions: 1->2(7)
[2026-01-16T09:20:34.244+0000][gc,heap     ] GC(818) Old regions: 225->225
[2026-01-16T09:20:34.245+0000][gc,heap     ] GC(818) Humongous regions: 132->132
[2026-01-16T09:20:34.246+0000][gc,metaspace] GC(818) Metaspace: 13053K(13440K)->13053K(13440K) NonClass: 11936K(12096K)->11936K(12096K) Class: 1116K(1344K)->1116K(1344K)
[2026-01-16T09:20:34.246+0000][gc          ] GC(818) Pause Young (Normal) (G1 Evacuation Pause) 406M->357M(1024M) 689.044ms
[2026-01-16T09:20:34.247+0000][gc,cpu      ] GC(818) User=0.35s Sys=0.03s Real=0.69s
[2026-01-16T09:20:36.432+0000][gc,start    ] GC(819) Pause Young (Normal) (G1 Evacuation Pause)
[2026-01-16T09:20:36.434+0000][gc,task     ] GC(819) Using 8 workers of 8 for evacuation
[2026-01-16T09:20:36.788+0000][gc,mmu      ] GC(819) MMU target violated: 201.0ms (200.0ms/201.0ms)
[2026-01-16T09:20:36.801+0000][gc,phases   ] GC(819)   Pre Evacuate Collection Set: 76.6ms
[2026-01-16T09:20:36.801+0000][gc,phases   ] GC(819)   Merge Heap Roots: 18.6ms
[2026-01-16T09:20:36.801+0000][gc,phases   ] GC(819)   Evacuate Collection Set: 162.1ms
[2026-01-16T09:20:36.802+0000][gc,phases   ] GC(819)   Post Evacuate Collection Set: 94.1ms
[2026-01-16T09:20:36.802+0000][gc,phases   ] GC(819)   Other: 15.8ms
[2026-01-16T09:20:36.802+0000][gc,heap     ] GC(819) Eden regions: 49->0(50)
[2026-01-16T09:20:36.802+0000][gc,heap     ] GC(819) Survivor regions: 2->1(7)
[2026-01-16T09:20:36.803+0000][gc,heap     ] GC(819) Old regions: 225->225
[2026-01-16T09:20:36.803+0000][gc,heap     ] GC(819) Humongous regions: 132->132
[2026-01-16T09:20:36.803+0000][gc,metaspace] GC(819) Metaspace: 13053K(13440K)->13053K(13440K) NonClass: 11936K(12096K)->11936K(12096K) Class: 1116K(1344K)->1116K(1344K)
[2026-01-16T09:20:36.803+0000][gc          ] GC(819) Pause Young (Normal) (G1 Evacuation Pause) 406M->356M(1024M) 371.619ms
[2026-01-16T09:20:36.804+0000][gc,cpu      ] GC(819) User=0.16s Sys=0.01s Real=0.37s
[2026-01-16T09:20:40.972+0000][gc,start    ] GC(820) Pause Young (Normal) (G1 Evacuation Pause)
[2026-01-16T09:20:40.973+0000][gc,task     ] GC(820) Using 8 workers of 8 for evacuation
[2026-01-16T09:20:41.558+0000][gc,mmu      ] GC(820) MMU target violated: 201.0ms (200.0ms/201.0ms)
[2026-01-16T09:20:41.560+0000][gc,phases   ] GC(820)   Pre Evacuate Collection Set: 107.2ms
[2026-01-16T09:20:41.562+0000][gc,phases   ] GC(820)   Merge Heap Roots: 11.1ms
[2026-01-16T09:20:41.562+0000][gc,phases   ] GC(820)   Evacuate Collection Set: 376.2ms
[2026-01-16T09:20:41.562+0000][gc,phases   ] GC(820)   Post Evacuate Collection Set: 90.2ms
[2026-01-16T09:20:41.562+0000][gc,phases   ] GC(820)   Other: 2.4ms
[2026-01-16T09:20:41.562+0000][gc,heap     ] GC(820) Eden regions: 50->0(49)
[2026-01-16T09:20:41.562+0000][gc,heap     ] GC(820) Survivor regions: 1->2(7)
[2026-01-16T09:20:41.562+0000][gc,heap     ] GC(820) Old regions: 225->225
[2026-01-16T09:20:41.562+0000][gc,heap     ] GC(820) Humongous regions: 132->132
[2026-01-16T09:20:41.562+0000][gc,metaspace] GC(820) Metaspace: 13053K(13440K)->13053K(13440K) NonClass: 11936K(12096K)->11936K(12096K) Class: 1116K(1344K)->1116K(1344K)
[2026-01-16T09:20:41.565+0000][gc          ] GC(820) Pause Young (Normal) (G1 Evacuation Pause) 406M->357M(1024M) 592.836ms
[2026-01-16T09:20:41.567+0000][gc,cpu      ] GC(820) User=0.38s Sys=0.03s Real=0.60s
[2026-01-16T09:20:44.555+0000][gc,start    ] GC(821) Pause Young (Normal) (G1 Evacuation Pause)
[2026-01-16T09:20:44.560+0000][gc,task     ] GC(821) Using 8 workers of 8 for evacuation
[2026-01-16T09:20:44.872+0000][gc,mmu      ] GC(821) MMU target violated: 201.0ms (200.0ms/201.0ms)
[2026-01-16T09:20:44.874+0000][gc,phases   ] GC(821)   Pre Evacuate Collection Set: 129.0ms
[2026-01-16T09:20:44.874+0000][gc,phases   ] GC(821)   Merge Heap Roots: 0.4ms
[2026-01-16T09:20:44.875+0000][gc,phases   ] GC(821)   Evacuate Collection Set: 159.7ms
[2026-01-16T09:20:44.875+0000][gc,phases   ] GC(821)   Post Evacuate Collection Set: 22.7ms
[2026-01-16T09:20:44.875+0000][gc,phases   ] GC(821)   Other: 3.4ms
[2026-01-16T09:20:44.876+0000][gc,heap     ] GC(821) Eden regions: 49->0(50)
[2026-01-16T09:20:44.876+0000][gc,heap     ] GC(821) Survivor regions: 2->1(7)
[2026-01-16T09:20:44.877+0000][gc,heap     ] GC(821) Old regions: 225->225
[2026-01-16T09:20:44.877+0000][gc,heap     ] GC(821) Humongous regions: 132->132
[2026-01-16T09:20:44.878+0000][gc,metaspace] GC(821) Metaspace: 13053K(13440K)->13053K(13440K) NonClass: 11936K(12096K)->11936K(12096K) Class: 1116K(1344K)->1116K(1344K)
[2026-01-16T09:20:44.878+0000][gc          ] GC(821) Pause Young (Normal) (G1 Evacuation Pause) 406M->356M(1024M) 323.449ms
[2026-01-16T09:20:44.879+0000][gc,cpu      ] GC(821) User=0.15s Sys=0.01s Real=0.32s
[2026-01-16T09:20:48.994+0000][gc,start    ] GC(822) Pause Young (Normal) (G1 Evacuation Pause)
[2026-01-16T09:20:49.011+0000][gc,task     ] GC(822) Using 8 workers of 8 for evacuation
[2026-01-16T09:20:49.621+0000][gc,mmu      ] GC(822) MMU target violated: 201.0ms (200.0ms/201.0ms)
[2026-01-16T09:20:49.623+0000][gc,phases   ] GC(822)   Pre Evacuate Collection Set: 72.8ms
[2026-01-16T09:20:49.626+0000][gc,phases   ] GC(822)   Merge Heap Roots: 19.3ms
[2026-01-16T09:20:49.701+0000][gc,phases   ] GC(822)   Evacuate Collection Set: 435.4ms
[2026-01-16T09:20:49.707+0000][gc,phases   ] GC(822)   Post Evacuate Collection Set: 54.7ms
[2026-01-16T09:20:49.707+0000][gc,phases   ] GC(822)   Other: 33.1ms
[2026-01-16T09:20:49.707+0000][gc,heap     ] GC(822) Eden regions: 50->0(50)
[2026-01-16T09:20:49.707+0000][gc,heap     ] GC(822) Survivor regions: 1->1(7)
[2026-01-16T09:20:49.707+0000][gc,heap     ] GC(822) Old regions: 225->225
[2026-01-16T09:20:49.717+0000][gc,heap     ] GC(822) Humongous regions: 132->132
[2026-01-16T09:20:49.718+0000][gc,metaspace] GC(822) Metaspace: 13053K(13440K)->13053K(13440K) NonClass: 11936K(12096K)->11936K(12096K) Class: 1116K(1344K)->1116K(1344K)
[2026-01-16T09:20:49.719+0000][gc          ] GC(822) Pause Young (Normal) (G1 Evacuation Pause) 406M->357M(1024M) 724.973ms
[2026-01-16T09:20:49.734+0000][gc,cpu      ] GC(822) User=0.31s Sys=0.06s Real=0.73s
[2026-01-16T09:20:52.977+0000][gc,start    ] GC(823) Pause Young (Normal) (G1 Evacuation Pause)
[2026-01-16T09:20:52.981+0000][gc,task     ] GC(823) Using 8 workers of 8 for evacuation
[2026-01-16T09:20:53.296+0000][gc,mmu      ] GC(823) MMU target violated: 201.0ms (200.0ms/201.0ms)
[2026-01-16T09:20:53.300+0000][gc,phases   ] GC(823)   Pre Evacuate Collection Set: 88.7ms
[2026-01-16T09:20:53.301+0000][gc,phases   ] GC(823)   Merge Heap Roots: 5.7ms
[2026-01-16T09:20:53.302+0000][gc,phases   ] GC(823)   Evacuate Collection Set: 204.8ms
[2026-01-16T09:20:53.302+0000][gc,phases   ] GC(823)   Post Evacuate Collection Set: 12.8ms
[2026-01-16T09:20:53.303+0000][gc,phases   ] GC(823)   Other: 9.7ms
[2026-01-16T09:20:53.303+0000][gc,heap     ] GC(823) Eden regions: 50->0(49)
[2026-01-16T09:20:53.304+0000][gc,heap     ] GC(823) Survivor regions: 1->2(7)
[2026-01-16T09:20:53.311+0000][gc,heap     ] GC(823) Old regions: 225->225
[2026-01-16T09:20:53.311+0000][gc,heap     ] GC(823) Humongous regions: 132->132
[2026-01-16T09:20:53.312+0000][gc,metaspace] GC(823) Metaspace: 13053K(13440K)->13053K(13440K) NonClass: 11936K(12096K)->11936K(12096K) Class: 1116K(1344K)->1116K(1344K)
[2026-01-16T09:20:53.312+0000][gc          ] GC(823) Pause Young (Normal) (G1 Evacuation Pause) 407M->357M(1024M) 335.263ms
[2026-01-16T09:20:53.313+0000][gc,cpu      ] GC(823) User=0.20s Sys=0.01s Real=0.33s
[2026-01-16T09:20:56.471+0000][gc,start    ] GC(824) Pause Young (Normal) (G1 Evacuation Pause)
[2026-01-16T09:20:56.475+0000][gc,task     ] GC(824) Using 8 workers of 8 for evacuation
[2026-01-16T09:20:56.706+0000][gc,mmu      ] GC(824) MMU target violated: 201.0ms (200.0ms/201.0ms)
[2026-01-16T09:20:56.707+0000][gc,phases   ] GC(824)   Pre Evacuate Collection Set: 23.8ms
[2026-01-16T09:20:56.707+0000][gc,phases   ] GC(824)   Merge Heap Roots: 5.3ms
[2026-01-16T09:20:56.708+0000][gc,phases   ] GC(824)   Evacuate Collection Set: 144.7ms
[2026-01-16T09:20:56.708+0000][gc,phases   ] GC(824)   Post Evacuate Collection Set: 51.8ms
[2026-01-16T09:20:56.709+0000][gc,phases   ] GC(824)   Other: 6.1ms
[2026-01-16T09:20:56.709+0000][gc,heap     ] GC(824) Eden regions: 49->0(50)
[2026-01-16T09:20:56.716+0000][gc,heap     ] GC(824) Survivor regions: 2->1(7)
[2026-01-16T09:20:56.716+0000][gc,heap     ] GC(824) Old regions: 225->225
[2026-01-16T09:20:56.716+0000][gc,heap     ] GC(824) Humongous regions: 132->132
[2026-01-16T09:20:56.717+0000][gc,metaspace] GC(824) Metaspace: 13053K(13440K)->13053K(13440K) NonClass: 11936K(12096K)->11936K(12096K) Class: 1116K(1344K)->1116K(1344K)
[2026-01-16T09:20:56.717+0000][gc          ] GC(824) Pause Young (Normal) (G1 Evacuation Pause) 406M->356M(1024M) 246.315ms
[2026-01-16T09:20:56.723+0000][gc,cpu      ] GC(824) User=0.10s Sys=0.01s Real=0.25s
[2026-01-16T09:20:59.938+0000][gc,start    ] GC(825) Pause Young (Normal) (G1 Evacuation Pause)
[2026-01-16T09:20:59.941+0000][gc,task     ] GC(825) Using 8 workers of 8 for evacuation
[2026-01-16T09:21:00.154+0000][gc,mmu      ] GC(825) MMU target violated: 201.0ms (200.0ms/201.0ms)
[2026-01-16T09:21:00.154+0000][gc,phases   ] GC(825)   Pre Evacuate Collection Set: 26.1ms
[2026-01-16T09:21:00.154+0000][gc,phases   ] GC(825)   Merge Heap Roots: 1.0ms
[2026-01-16T09:21:00.155+0000][gc,phases   ] GC(825)   Evacuate Collection Set: 176.4ms
[2026-01-16T09:21:00.261+0000][gc,phases   ] GC(825)   Post Evacuate Collection Set: 5.2ms
[2026-01-16T09:21:00.278+0000][gc,phases   ] GC(825)   Other: 5.1ms
[2026-01-16T09:21:00.280+0000][gc,heap     ] GC(825) Eden regions: 50->0(49)
[2026-01-16T09:21:00.281+0000][gc,heap     ] GC(825) Survivor regions: 1->2(7)
[2026-01-16T09:21:00.283+0000][gc,heap     ] GC(825) Old regions: 225->225
[2026-01-16T09:21:00.283+0000][gc,heap     ] GC(825) Humongous regions: 132->132
[2026-01-16T09:21:00.283+0000][gc,metaspace] GC(825) Metaspace: 13053K(13440K)->13053K(13440K) NonClass: 11936K(12096K)->11936K(12096K) Class: 1116K(1344K)->1116K(1344K)
[2026-01-16T09:21:00.284+0000][gc          ] GC(825) Pause Young (Normal) (G1 Evacuation Pause) 406M->357M(1024M) 346.163ms
[2026-01-16T09:21:00.289+0000][gc,cpu      ] GC(825) User=0.19s Sys=0.02s Real=0.35s
[2026-01-16T09:21:06.613+0000][gc,start    ] GC(826) Pause Young (Normal) (G1 Evacuation Pause)
[2026-01-16T09:21:06.617+0000][gc,task     ] GC(826) Using 8 workers of 8 for evacuation
[2026-01-16T09:21:06.818+0000][gc,mmu      ] GC(826) MMU target violated: 200.0ms (200.0ms/201.0ms)
[2026-01-16T09:21:06.820+0000][gc,phases   ] GC(826)   Pre Evacuate Collection Set: 52.1ms
[2026-01-16T09:21:06.820+0000][gc,phases   ] GC(826)   Merge Heap Roots: 5.4ms
[2026-01-16T09:21:06.820+0000][gc,phases   ] GC(826)   Evacuate Collection Set: 124.1ms
[2026-01-16T09:21:06.820+0000][gc,phases   ] GC(826)   Post Evacuate Collection Set: 18.0ms
[2026-01-16T09:21:06.820+0000][gc,phases   ] GC(826)   Other: 4.3ms
[2026-01-16T09:21:06.821+0000][gc,heap     ] GC(826) Eden regions: 49->0(50)
[2026-01-16T09:21:06.821+0000][gc,heap     ] GC(826) Survivor regions: 2->1(7)
[2026-01-16T09:21:06.823+0000][gc,heap     ] GC(826) Old regions: 225->225
[2026-01-16T09:21:06.823+0000][gc,heap     ] GC(826) Humongous regions: 132->132
[2026-01-16T09:21:06.823+0000][gc,metaspace] GC(826) Metaspace: 13053K(13440K)->13053K(13440K) NonClass: 11936K(12096K)->11936K(12096K) Class: 1116K(1344K)->1116K(1344K)
[2026-01-16T09:21:06.824+0000][gc          ] GC(826) Pause Young (Normal) (G1 Evacuation Pause) 406M->356M(1024M) 210.655ms
[2026-01-16T09:21:06.824+0000][gc,cpu      ] GC(826) User=0.10s Sys=0.01s Real=0.21s
[2026-01-16T09:21:08.197+0000][gc,start    ] GC(827) Pause Young (Normal) (G1 Evacuation Pause)
[2026-01-16T09:21:08.199+0000][gc,task     ] GC(827) Using 8 workers of 8 for evacuation
[2026-01-16T09:21:08.299+0000][gc,phases   ] GC(827)   Pre Evacuate Collection Set: 20.6ms
[2026-01-16T09:21:08.301+0000][gc,phases   ] GC(827)   Merge Heap Roots: 0.9ms
[2026-01-16T09:21:08.301+0000][gc,phases   ] GC(827)   Evacuate Collection Set: 70.9ms
[2026-01-16T09:21:08.302+0000][gc,phases   ] GC(827)   Post Evacuate Collection Set: 7.6ms
[2026-01-16T09:21:08.303+0000][gc,phases   ] GC(827)   Other: 1.0ms
[2026-01-16T09:21:08.303+0000][gc,heap     ] GC(827) Eden regions: 50->0(49)
[2026-01-16T09:21:08.303+0000][gc,heap     ] GC(827) Survivor regions: 1->2(7)
[2026-01-16T09:21:08.304+0000][gc,heap     ] GC(827) Old regions: 225->225
[2026-01-16T09:21:08.306+0000][gc,heap     ] GC(827) Humongous regions: 132->132
[2026-01-16T09:21:08.307+0000][gc,metaspace] GC(827) Metaspace: 13053K(13440K)->13053K(13440K) NonClass: 11936K(12096K)->11936K(12096K) Class: 1116K(1344K)->1116K(1344K)
[2026-01-16T09:21:08.307+0000][gc          ] GC(827) Pause Young (Normal) (G1 Evacuation Pause) 406M->357M(1024M) 110.089ms
[2026-01-16T09:21:08.308+0000][gc,cpu      ] GC(827) User=0.07s Sys=0.00s Real=0.11s
[2026-01-16T09:21:14.695+0000][gc,start    ] GC(828) Pause Young (Normal) (G1 Evacuation Pause)
[2026-01-16T09:21:14.697+0000][gc,task     ] GC(828) Using 8 workers of 8 for evacuation
[2026-01-16T09:21:14.798+0000][gc,phases   ] GC(828)   Pre Evacuate Collection Set: 24.1ms
[2026-01-16T09:21:14.799+0000][gc,phases   ] GC(828)   Merge Heap Roots: 1.4ms
[2026-01-16T09:21:14.800+0000][gc,phases   ] GC(828)   Evacuate Collection Set: 70.4ms
[2026-01-16T09:21:14.802+0000][gc,phases   ] GC(828)   Post Evacuate Collection Set: 4.6ms
[2026-01-16T09:21:14.802+0000][gc,phases   ] GC(828)   Other: 0.8ms
[2026-01-16T09:21:14.802+0000][gc,heap     ] GC(828) Eden regions: 49->0(122)
[2026-01-16T09:21:14.802+0000][gc,heap     ] GC(828) Survivor regions: 2->1(7)
[2026-01-16T09:21:14.803+0000][gc,heap     ] GC(828) Old regions: 225->225
[2026-01-16T09:21:14.803+0000][gc,heap     ] GC(828) Humongous regions: 132->132
[2026-01-16T09:21:14.804+0000][gc,metaspace] GC(828) Metaspace: 13053K(13440K)->13053K(13440K) NonClass: 11936K(12096K)->11936K(12096K) Class: 1116K(1344K)->1116K(1344K)
[2026-01-16T09:21:14.804+0000][gc          ] GC(828) Pause Young (Normal) (G1 Evacuation Pause) 406M->356M(1024M) 108.886ms
[2026-01-16T09:21:14.804+0000][gc,cpu      ] GC(828) User=0.05s Sys=0.00s Real=0.11s
[2026-01-16T09:21:26.029+0000][gc,start    ] GC(829) Pause Young (Normal) (G1 Evacuation Pause)
[2026-01-16T09:21:26.032+0000][gc,task     ] GC(829) Using 8 workers of 8 for evacuation
[2026-01-16T09:21:26.223+0000][gc,phases   ] GC(829)   Pre Evacuate Collection Set: 34.4ms
[2026-01-16T09:21:26.226+0000][gc,phases   ] GC(829)   Merge Heap Roots: 3.8ms
[2026-01-16T09:21:26.227+0000][gc,phases   ] GC(829)   Evacuate Collection Set: 131.8ms
[2026-01-16T09:21:26.229+0000][gc,phases   ] GC(829)   Post Evacuate Collection Set: 19.3ms
[2026-01-16T09:21:26.230+0000][gc,phases   ] GC(829)   Other: 2.7ms
[2026-01-16T09:21:26.230+0000][gc,heap     ] GC(829) Eden regions: 116->0(164)
[2026-01-16T09:21:26.231+0000][gc,heap     ] GC(829) Survivor regions: 1->1(15)
[2026-01-16T09:21:26.232+0000][gc,heap     ] GC(829) Old regions: 225->225
[2026-01-16T09:21:26.232+0000][gc,heap     ] GC(829) Humongous regions: 132->132
[2026-01-16T09:21:26.233+0000][gc,metaspace] GC(829) Metaspace: 13053K(13440K)->13053K(13440K) NonClass: 11936K(12096K)->11936K(12096K) Class: 1116K(1344K)->1116K(1344K)
[2026-01-16T09:21:26.236+0000][gc          ] GC(829) Pause Young (Normal) (G1 Evacuation Pause) 472M->356M(1024M) 207.130ms
[2026-01-16T09:21:26.238+0000][gc,cpu      ] GC(829) User=0.13s Sys=0.01s Real=0.21s
[2026-01-16T09:21:34.760+0000][gc,start    ] GC(830) Pause Young (Normal) (G1 Evacuation Pause)
[2026-01-16T09:21:34.769+0000][gc,task     ] GC(830) Using 8 workers of 8 for evacuation
[2026-01-16T09:21:35.403+0000][gc,mmu      ] GC(830) MMU target violated: 201.0ms (200.0ms/201.0ms)
[2026-01-16T09:21:35.406+0000][gc,phases   ] GC(830)   Pre Evacuate Collection Set: 65.4ms
[2026-01-16T09:21:35.408+0000][gc,phases   ] GC(830)   Merge Heap Roots: 1.0ms
[2026-01-16T09:21:35.408+0000][gc,phases   ] GC(830)   Evacuate Collection Set: 513.3ms
[2026-01-16T09:21:35.410+0000][gc,phases   ] GC(830)   Post Evacuate Collection Set: 51.2ms
[2026-01-16T09:21:35.410+0000][gc,phases   ] GC(830)   Other: 12.8ms
[2026-01-16T09:21:35.410+0000][gc,heap     ] GC(830) Eden regions: 100->0(50)
[2026-01-16T09:21:35.410+0000][gc,heap     ] GC(830) Survivor regions: 1->1(13)
[2026-01-16T09:21:35.412+0000][gc,heap     ] GC(830) Old regions: 225->225
[2026-01-16T09:21:35.415+0000][gc,heap     ] GC(830) Humongous regions: 132->132
[2026-01-16T09:21:35.417+0000][gc,metaspace] GC(830) Metaspace: 13053K(13440K)->13053K(13440K) NonClass: 11936K(12096K)->11936K(12096K) Class: 1116K(1344K)->1116K(1344K)
[2026-01-16T09:21:35.417+0000][gc          ] GC(830) Pause Young (Normal) (G1 Evacuation Pause) 456M->356M(1024M) 657.690ms
[2026-01-16T09:21:35.418+0000][gc,cpu      ] GC(830) User=0.31s Sys=0.01s Real=0.66s
[2026-01-16T09:21:39.844+0000][gc,start    ] GC(831) Pause Young (Normal) (G1 Evacuation Pause)
[2026-01-16T09:21:39.849+0000][gc,task     ] GC(831) Using 8 workers of 8 for evacuation
[2026-01-16T09:21:40.495+0000][gc,mmu      ] GC(831) MMU target violated: 201.0ms (200.0ms/201.0ms)
[2026-01-16T09:21:40.496+0000][gc,phases   ] GC(831)   Pre Evacuate Collection Set: 22.9ms
[2026-01-16T09:21:40.496+0000][gc,phases   ] GC(831)   Merge Heap Roots: 1.9ms
[2026-01-16T09:21:40.496+0000][gc,phases   ] GC(831)   Evacuate Collection Set: 609.4ms
[2026-01-16T09:21:40.496+0000][gc,phases   ] GC(831)   Post Evacuate Collection Set: 10.6ms
[2026-01-16T09:21:40.496+0000][gc,phases   ] GC(831)   Other: 3.4ms
[2026-01-16T09:21:40.496+0000][gc,heap     ] GC(831) Eden regions: 50->0(49)
[2026-01-16T09:21:40.496+0000][gc,heap     ] GC(831) Survivor regions: 1->2(7)
[2026-01-16T09:21:40.496+0000][gc,heap     ] GC(831) Old regions: 225->225
[2026-01-16T09:21:40.496+0000][gc,heap     ] GC(831) Humongous regions: 132->132
[2026-01-16T09:21:40.496+0000][gc,metaspace] GC(831) Metaspace: 13053K(13440K)->13053K(13440K) NonClass: 11936K(12096K)->11936K(12096K) Class: 1116K(1344K)->1116K(1344K)
[2026-01-16T09:21:40.497+0000][gc          ] GC(831) Pause Young (Normal) (G1 Evacuation Pause) 406M->357M(1024M) 652.793ms
[2026-01-16T09:21:40.497+0000][gc,cpu      ] GC(831) User=0.51s Sys=0.02s Real=0.65s
[2026-01-16T09:21:42.758+0000][gc,start    ] GC(832) Pause Young (Normal) (G1 Evacuation Pause)
[2026-01-16T09:21:42.759+0000][gc,task     ] GC(832) Using 8 workers of 8 for evacuation
[2026-01-16T09:21:43.255+0000][gc,mmu      ] GC(832) MMU target violated: 201.0ms (200.0ms/201.0ms)
[2026-01-16T09:21:43.256+0000][gc,phases   ] GC(832)   Pre Evacuate Collection Set: 24.4ms
[2026-01-16T09:21:43.256+0000][gc,phases   ] GC(832)   Merge Heap Roots: 5.7ms
[2026-01-16T09:21:43.256+0000][gc,phases   ] GC(832)   Evacuate Collection Set: 458.4ms
[2026-01-16T09:21:43.256+0000][gc,phases   ] GC(832)   Post Evacuate Collection Set: 5.1ms
[2026-01-16T09:21:43.256+0000][gc,phases   ] GC(832)   Other: 3.7ms
[2026-01-16T09:21:43.256+0000][gc,heap     ] GC(832) Eden regions: 49->0(48)
[2026-01-16T09:21:43.257+0000][gc,heap     ] GC(832) Survivor regions: 2->3(7)
[2026-01-16T09:21:43.257+0000][gc,heap     ] GC(832) Old regions: 225->225
[2026-01-16T09:21:43.257+0000][gc,heap     ] GC(832) Humongous regions: 132->132
[2026-01-16T09:21:43.257+0000][gc,metaspace] GC(832) Metaspace: 13053K(13440K)->13053K(13440K) NonClass: 11936K(12096K)->11936K(12096K) Class: 1116K(1344K)->1116K(1344K)
[2026-01-16T09:21:43.258+0000][gc          ] GC(832) Pause Young (Normal) (G1 Evacuation Pause) 406M->358M(1024M) 500.055ms
[2026-01-16T09:21:43.259+0000][gc,cpu      ] GC(832) User=0.32s Sys=0.03s Real=0.50s
[2026-01-16T09:21:45.736+0000][gc,start    ] GC(833) Pause Young (Normal) (G1 Evacuation Pause)
[2026-01-16T09:21:45.763+0000][gc,task     ] GC(833) Using 8 workers of 8 for evacuation
[2026-01-16T09:21:46.104+0000][gc,mmu      ] GC(833) MMU target violated: 201.0ms (200.0ms/201.0ms)
[2026-01-16T09:21:46.104+0000][gc,phases   ] GC(833)   Pre Evacuate Collection Set: 10.2ms
[2026-01-16T09:21:46.104+0000][gc,phases   ] GC(833)   Merge Heap Roots: 3.4ms
[2026-01-16T09:21:46.104+0000][gc,phases   ] GC(833)   Evacuate Collection Set: 289.4ms
[2026-01-16T09:21:46.104+0000][gc,phases   ] GC(833)   Post Evacuate Collection Set: 12.7ms
[2026-01-16T09:21:46.104+0000][gc,phases   ] GC(833)   Other: 25.9ms
[2026-01-16T09:21:46.104+0000][gc,heap     ] GC(833) Eden regions: 48->0(49)
[2026-01-16T09:21:46.104+0000][gc,heap     ] GC(833) Survivor regions: 3->2(7)
[2026-01-16T09:21:46.104+0000][gc,heap     ] GC(833) Old regions: 225->225
[2026-01-16T09:21:46.104+0000][gc,heap     ] GC(833) Humongous regions: 132->132
[2026-01-16T09:21:46.104+0000][gc,metaspace] GC(833) Metaspace: 13053K(13440K)->13053K(13440K) NonClass: 11936K(12096K)->11936K(12096K) Class: 1116K(1344K)->1116K(1344K)
[2026-01-16T09:21:46.105+0000][gc          ] GC(833) Pause Young (Normal) (G1 Evacuation Pause) 406M->357M(1024M) 368.543ms
[2026-01-16T09:21:46.105+0000][gc,cpu      ] GC(833) User=0.24s Sys=0.02s Real=0.37s
[2026-01-16T09:21:48.453+0000][gc,start    ] GC(834) Pause Young (Normal) (G1 Evacuation Pause)
[2026-01-16T09:21:48.455+0000][gc,task     ] GC(834) Using 8 workers of 8 for evacuation
[2026-01-16T09:21:48.735+0000][gc,mmu      ] GC(834) MMU target violated: 201.0ms (200.0ms/201.0ms)
[2026-01-16T09:21:48.736+0000][gc,phases   ] GC(834)   Pre Evacuate Collection Set: 4.5ms
[2026-01-16T09:21:48.736+0000][gc,phases   ] GC(834)   Merge Heap Roots: 0.6ms
[2026-01-16T09:21:48.737+0000][gc,phases   ] GC(834)   Evacuate Collection Set: 272.7ms
[2026-01-16T09:21:48.745+0000][gc,phases   ] GC(834)   Post Evacuate Collection Set: 1.7ms
[2026-01-16T09:21:48.753+0000][gc,phases   ] GC(834)   Other: 1.3ms
[2026-01-16T09:21:48.756+0000][gc,heap     ] GC(834) Eden regions: 49->0(48)
[2026-01-16T09:21:48.757+0000][gc,heap     ] GC(834) Survivor regions: 2->3(7)
[2026-01-16T09:21:48.757+0000][gc,heap     ] GC(834) Old regions: 225->225
[2026-01-16T09:21:48.757+0000][gc,heap     ] GC(834) Humongous regions: 132->132
[2026-01-16T09:21:48.757+0000][gc,metaspace] GC(834) Metaspace: 13053K(13440K)->13053K(13440K) NonClass: 11936K(12096K)->11936K(12096K) Class: 1116K(1344K)->1116K(1344K)
[2026-01-16T09:21:48.758+0000][gc          ] GC(834) Pause Young (Normal) (G1 Evacuation Pause) 406M->358M(1024M) 305.544ms
[2026-01-16T09:21:48.758+0000][gc,cpu      ] GC(834) User=0.19s Sys=0.01s Real=0.30s
[2026-01-16T09:21:54.934+0000][gc,start    ] GC(835) Pause Young (Normal) (G1 Evacuation Pause)
[2026-01-16T09:21:54.936+0000][gc,task     ] GC(835) Using 8 workers of 8 for evacuation
[2026-01-16T09:21:55.186+0000][gc,mmu      ] GC(835) MMU target violated: 201.0ms (200.0ms/201.0ms)
[2026-01-16T09:21:55.187+0000][gc,phases   ] GC(835)   Pre Evacuate Collection Set: 11.2ms
[2026-01-16T09:21:55.187+0000][gc,phases   ] GC(835)   Merge Heap Roots: 0.4ms
[2026-01-16T09:21:55.188+0000][gc,phases   ] GC(835)   Evacuate Collection Set: 223.9ms
[2026-01-16T09:21:55.188+0000][gc,phases   ] GC(835)   Post Evacuate Collection Set: 14.3ms
[2026-01-16T09:21:55.188+0000][gc,phases   ] GC(835)   Other: 1.9ms
[2026-01-16T09:21:55.194+0000][gc,heap     ] GC(835) Eden regions: 48->0(49)
[2026-01-16T09:21:55.197+0000][gc,heap     ] GC(835) Survivor regions: 3->2(7)
[2026-01-16T09:21:55.198+0000][gc,heap     ] GC(835) Old regions: 225->225
[2026-01-16T09:21:55.199+0000][gc,heap     ] GC(835) Humongous regions: 132->132
[2026-01-16T09:21:55.199+0000][gc,metaspace] GC(835) Metaspace: 13053K(13440K)->13053K(13440K) NonClass: 11936K(12096K)->11936K(12096K) Class: 1116K(1344K)->1116K(1344K)
[2026-01-16T09:21:55.201+0000][gc          ] GC(835) Pause Young (Normal) (G1 Evacuation Pause) 406M->357M(1024M) 265.945ms
[2026-01-16T09:21:55.201+0000][gc,cpu      ] GC(835) User=0.25s Sys=0.03s Real=0.26s
[2026-01-16T09:21:56.596+0000][gc,start    ] GC(836) Pause Young (Normal) (G1 Evacuation Pause)
[2026-01-16T09:21:56.597+0000][gc,task     ] GC(836) Using 8 workers of 8 for evacuation
[2026-01-16T09:21:56.729+0000][gc,phases   ] GC(836)   Pre Evacuate Collection Set: 15.2ms
[2026-01-16T09:21:56.729+0000][gc,phases   ] GC(836)   Merge Heap Roots: 0.4ms
[2026-01-16T09:21:56.729+0000][gc,phases   ] GC(836)   Evacuate Collection Set: 105.5ms
[2026-01-16T09:21:56.730+0000][gc,phases   ] GC(836)   Post Evacuate Collection Set: 9.6ms
[2026-01-16T09:21:56.731+0000][gc,phases   ] GC(836)   Other: 1.1ms
[2026-01-16T09:21:56.733+0000][gc,heap     ] GC(836) Eden regions: 49->0(49)
[2026-01-16T09:21:56.733+0000][gc,heap     ] GC(836) Survivor regions: 2->2(7)
[2026-01-16T09:21:56.734+0000][gc,heap     ] GC(836) Old regions: 225->225
[2026-01-16T09:21:56.734+0000][gc,heap     ] GC(836) Humongous regions: 132->132
[2026-01-16T09:21:56.735+0000][gc,metaspace] GC(836) Metaspace: 13053K(13440K)->13053K(13440K) NonClass: 11936K(12096K)->11936K(12096K) Class: 1116K(1344K)->1116K(1344K)
[2026-01-16T09:21:56.736+0000][gc          ] GC(836) Pause Young (Normal) (G1 Evacuation Pause) 406M->358M(1024M) 139.626ms
[2026-01-16T09:21:56.736+0000][gc,cpu      ] GC(836) User=0.11s Sys=0.01s Real=0.14s
[2026-01-16T09:22:04.345+0000][gc,start    ] GC(837) Pause Young (Normal) (G1 Evacuation Pause)
[2026-01-16T09:22:04.346+0000][gc,task     ] GC(837) Using 8 workers of 8 for evacuation
[2026-01-16T09:22:04.496+0000][gc,phases   ] GC(837)   Pre Evacuate Collection Set: 21.5ms
[2026-01-16T09:22:04.500+0000][gc,phases   ] GC(837)   Merge Heap Roots: 4.8ms
[2026-01-16T09:22:04.501+0000][gc,phases   ] GC(837)   Evacuate Collection Set: 111.0ms
[2026-01-16T09:22:04.501+0000][gc,phases   ] GC(837)   Post Evacuate Collection Set: 11.9ms
[2026-01-16T09:22:04.501+0000][gc,phases   ] GC(837)   Other: 0.8ms
[2026-01-16T09:22:04.501+0000][gc,heap     ] GC(837) Eden regions: 49->0(49)
[2026-01-16T09:22:04.502+0000][gc,heap     ] GC(837) Survivor regions: 2->2(7)
[2026-01-16T09:22:04.502+0000][gc,heap     ] GC(837) Old regions: 225->225
[2026-01-16T09:22:04.503+0000][gc,heap     ] GC(837) Humongous regions: 132->132
[2026-01-16T09:22:04.503+0000][gc,metaspace] GC(837) Metaspace: 13053K(13440K)->13053K(13440K) NonClass: 11936K(12096K)->11936K(12096K) Class: 1116K(1344K)->1116K(1344K)
[2026-01-16T09:22:04.503+0000][gc          ] GC(837) Pause Young (Normal) (G1 Evacuation Pause) 407M->357M(1024M) 157.881ms
[2026-01-16T09:22:04.503+0000][gc,cpu      ] GC(837) User=0.27s Sys=0.02s Real=0.16s
[2026-01-16T09:22:05.215+0000][gc,start    ] GC(838) Pause Young (Normal) (G1 Evacuation Pause)
[2026-01-16T09:22:05.216+0000][gc,task     ] GC(838) Using 8 workers of 8 for evacuation
[2026-01-16T09:22:05.233+0000][gc,phases   ] GC(838)   Pre Evacuate Collection Set: 1.1ms
[2026-01-16T09:22:05.234+0000][gc,phases   ] GC(838)   Merge Heap Roots: 0.8ms
[2026-01-16T09:22:05.236+0000][gc,phases   ] GC(838)   Evacuate Collection Set: 11.3ms
[2026-01-16T09:22:05.237+0000][gc,phases   ] GC(838)   Post Evacuate Collection Set: 1.8ms
[2026-01-16T09:22:05.238+0000][gc,phases   ] GC(838)   Other: 1.7ms
[2026-01-16T09:22:05.238+0000][gc,heap     ] GC(838) Eden regions: 49->0(49)
[2026-01-16T09:22:05.238+0000][gc,heap     ] GC(838) Survivor regions: 2->2(7)
[2026-01-16T09:22:05.238+0000][gc,heap     ] GC(838) Old regions: 225->225
[2026-01-16T09:22:05.238+0000][gc,heap     ] GC(838) Humongous regions: 132->132
[2026-01-16T09:22:05.239+0000][gc,metaspace] GC(838) Metaspace: 13053K(13440K)->13053K(13440K) NonClass: 11936K(12096K)->11936K(12096K) Class: 1116K(1344K)->1116K(1344K)
[2026-01-16T09:22:05.239+0000][gc          ] GC(838) Pause Young (Normal) (G1 Evacuation Pause) 406M->358M(1024M) 24.032ms
[2026-01-16T09:22:05.239+0000][gc,cpu      ] GC(838) User=0.02s Sys=0.00s Real=0.02s
[2026-01-16T09:22:05.770+0000][gc,start    ] GC(839) Pause Young (Normal) (G1 Evacuation Pause)
[2026-01-16T09:22:05.771+0000][gc,task     ] GC(839) Using 8 workers of 8 for evacuation
[2026-01-16T09:22:05.799+0000][gc,phases   ] GC(839)   Pre Evacuate Collection Set: 1.4ms
[2026-01-16T09:22:05.801+0000][gc,phases   ] GC(839)   Merge Heap Roots: 0.7ms
[2026-01-16T09:22:05.802+0000][gc,phases   ] GC(839)   Evacuate Collection Set: 22.6ms
[2026-01-16T09:22:05.804+0000][gc,phases   ] GC(839)   Post Evacuate Collection Set: 3.2ms
[2026-01-16T09:22:05.804+0000][gc,phases   ] GC(839)   Other: 0.7ms
[2026-01-16T09:22:05.805+0000][gc,heap     ] GC(839) Eden regions: 49->0(48)
[2026-01-16T09:22:05.806+0000][gc,heap     ] GC(839) Survivor regions: 2->3(7)
[2026-01-16T09:22:05.806+0000][gc,heap     ] GC(839) Old regions: 225->225
[2026-01-16T09:22:05.807+0000][gc,heap     ] GC(839) Humongous regions: 132->132
[2026-01-16T09:22:05.807+0000][gc,metaspace] GC(839) Metaspace: 13053K(13440K)->13053K(13440K) NonClass: 11936K(12096K)->11936K(12096K) Class: 1116K(1344K)->1116K(1344K)
[2026-01-16T09:22:05.808+0000][gc          ] GC(839) Pause Young (Normal) (G1 Evacuation Pause) 407M->358M(1024M) 38.283ms
[2026-01-16T09:22:05.809+0000][gc,cpu      ] GC(839) User=0.07s Sys=0.01s Real=0.04s
[2026-01-16T09:22:16.377+0000][gc,start    ] GC(840) Pause Young (Normal) (G1 Evacuation Pause)
[2026-01-16T09:22:16.382+0000][gc,task     ] GC(840) Using 8 workers of 8 for evacuation
[2026-01-16T09:22:16.617+0000][gc,mmu      ] GC(840) MMU target violated: 201.0ms (200.0ms/201.0ms)
[2026-01-16T09:22:16.618+0000][gc,phases   ] GC(840)   Pre Evacuate Collection Set: 32.3ms
[2026-01-16T09:22:16.618+0000][gc,phases   ] GC(840)   Merge Heap Roots: 7.8ms
[2026-01-16T09:22:16.618+0000][gc,phases   ] GC(840)   Evacuate Collection Set: 176.0ms
[2026-01-16T09:22:16.618+0000][gc,phases   ] GC(840)   Post Evacuate Collection Set: 17.4ms
[2026-01-16T09:22:16.618+0000][gc,phases   ] GC(840)   Other: 2.3ms
[2026-01-16T09:22:16.618+0000][gc,heap     ] GC(840) Eden regions: 63->0(49)
[2026-01-16T09:22:16.618+0000][gc,heap     ] GC(840) Survivor regions: 3->2(9)
[2026-01-16T09:22:16.618+0000][gc,heap     ] GC(840) Old regions: 225->225
[2026-01-16T09:22:16.619+0000][gc,heap     ] GC(840) Humongous regions: 132->132
[2026-01-16T09:22:16.619+0000][gc,metaspace] GC(840) Metaspace: 13053K(13440K)->13053K(13440K) NonClass: 11936K(12096K)->11936K(12096K) Class: 1116K(1344K)->1116K(1344K)
[2026-01-16T09:22:16.623+0000][gc          ] GC(840) Pause Young (Normal) (G1 Evacuation Pause) 421M->358M(1024M) 246.451ms
[2026-01-16T09:22:16.624+0000][gc,cpu      ] GC(840) User=0.34s Sys=0.04s Real=0.24s
[2026-01-16T09:22:26.593+0000][gc,start    ] GC(841) Pause Young (Normal) (G1 Evacuation Pause)
[2026-01-16T09:22:26.598+0000][gc,task     ] GC(841) Using 8 workers of 8 for evacuation
[2026-01-16T09:22:27.203+0000][gc,mmu      ] GC(841) MMU target violated: 201.0ms (200.0ms/201.0ms)
[2026-01-16T09:22:27.205+0000][gc,phases   ] GC(841)   Pre Evacuate Collection Set: 48.7ms
[2026-01-16T09:22:27.205+0000][gc,phases   ] GC(841)   Merge Heap Roots: 1.7ms
[2026-01-16T09:22:27.205+0000][gc,phases   ] GC(841)   Evacuate Collection Set: 517.9ms
[2026-01-16T09:22:27.205+0000][gc,phases   ] GC(841)   Post Evacuate Collection Set: 32.8ms
[2026-01-16T09:22:27.206+0000][gc,phases   ] GC(841)   Other: 6.6ms
[2026-01-16T09:22:27.206+0000][gc,heap     ] GC(841) Eden regions: 80->0(49)
[2026-01-16T09:22:27.207+0000][gc,heap     ] GC(841) Survivor regions: 2->2(11)
[2026-01-16T09:22:27.207+0000][gc,heap     ] GC(841) Old regions: 225->225
[2026-01-16T09:22:27.207+0000][gc,heap     ] GC(841) Humongous regions: 132->132
[2026-01-16T09:22:27.208+0000][gc,metaspace] GC(841) Metaspace: 13054K(13440K)->13054K(13440K) NonClass: 11937K(12096K)->11937K(12096K) Class: 1116K(1344K)->1116K(1344K)
[2026-01-16T09:22:27.209+0000][gc          ] GC(841) Pause Young (Normal) (G1 Evacuation Pause) 438M->357M(1024M) 616.295ms
[2026-01-16T09:22:27.210+0000][gc,cpu      ] GC(841) User=0.50s Sys=0.04s Real=0.62s
[2026-01-16T09:22:29.488+0000][gc,start    ] GC(842) Pause Young (Normal) (G1 Evacuation Pause)
[2026-01-16T09:22:29.495+0000][gc,task     ] GC(842) Using 8 workers of 8 for evacuation
[2026-01-16T09:22:29.849+0000][gc,mmu      ] GC(842) MMU target violated: 201.0ms (200.0ms/201.0ms)
[2026-01-16T09:22:29.849+0000][gc,phases   ] GC(842)   Pre Evacuate Collection Set: 7.6ms
[2026-01-16T09:22:29.850+0000][gc,phases   ] GC(842)   Merge Heap Roots: 1.0ms
[2026-01-16T09:22:29.850+0000][gc,phases   ] GC(842)   Evacuate Collection Set: 339.9ms
[2026-01-16T09:22:29.850+0000][gc,phases   ] GC(842)   Post Evacuate Collection Set: 4.8ms
[2026-01-16T09:22:29.850+0000][gc,phases   ] GC(842)   Other: 3.5ms
[2026-01-16T09:22:29.850+0000][gc,heap     ] GC(842) Eden regions: 49->0(49)
[2026-01-16T09:22:29.851+0000][gc,heap     ] GC(842) Survivor regions: 2->2(7)
[2026-01-16T09:22:29.851+0000][gc,heap     ] GC(842) Old regions: 225->225
[2026-01-16T09:22:29.851+0000][gc,heap     ] GC(842) Humongous regions: 132->132
[2026-01-16T09:22:29.852+0000][gc,metaspace] GC(842) Metaspace: 13054K(13440K)->13054K(13440K) NonClass: 11937K(12096K)->11937K(12096K) Class: 1116K(1344K)->1116K(1344K)
[2026-01-16T09:22:29.852+0000][gc          ] GC(842) Pause Young (Normal) (G1 Evacuation Pause) 406M->358M(1024M) 364.275ms
[2026-01-16T09:22:29.853+0000][gc,cpu      ] GC(842) User=0.17s Sys=0.01s Real=0.36s
[2026-01-16T09:22:35.529+0000][gc,start    ] GC(843) Pause Young (Normal) (G1 Evacuation Pause)
[2026-01-16T09:22:35.542+0000][gc,task     ] GC(843) Using 8 workers of 8 for evacuation
[2026-01-16T09:22:36.586+0000][gc,mmu      ] GC(843) MMU target violated: 201.0ms (200.0ms/201.0ms)
[2026-01-16T09:22:36.587+0000][gc,phases   ] GC(843)   Pre Evacuate Collection Set: 86.6ms
[2026-01-16T09:22:36.587+0000][gc,phases   ] GC(843)   Merge Heap Roots: 13.5ms
[2026-01-16T09:22:36.587+0000][gc,phases   ] GC(843)   Evacuate Collection Set: 874.0ms
[2026-01-16T09:22:36.587+0000][gc,phases   ] GC(843)   Post Evacuate Collection Set: 52.6ms
[2026-01-16T09:22:36.588+0000][gc,phases   ] GC(843)   Other: 31.4ms
[2026-01-16T09:22:36.588+0000][gc,heap     ] GC(843) Eden regions: 49->0(49)
[2026-01-16T09:22:36.588+0000][gc,heap     ] GC(843) Survivor regions: 2->2(7)
[2026-01-16T09:22:36.588+0000][gc,heap     ] GC(843) Old regions: 225->225
[2026-01-16T09:22:36.589+0000][gc,heap     ] GC(843) Humongous regions: 132->132
[2026-01-16T09:22:36.589+0000][gc,metaspace] GC(843) Metaspace: 13054K(13440K)->13054K(13440K) NonClass: 11937K(12096K)->11937K(12096K) Class: 1116K(1344K)->1116K(1344K)
[2026-01-16T09:22:36.590+0000][gc          ] GC(843) Pause Young (Normal) (G1 Evacuation Pause) 407M->357M(1024M) 1070.138ms
[2026-01-16T09:22:36.591+0000][gc,cpu      ] GC(843) User=0.63s Sys=0.04s Real=1.07s
[2026-01-16T09:22:40.501+0000][gc,start    ] GC(844) Pause Young (Normal) (G1 Evacuation Pause)
[2026-01-16T09:22:40.505+0000][gc,task     ] GC(844) Using 8 workers of 8 for evacuation
[2026-01-16T09:22:40.821+0000][gc,mmu      ] GC(844) MMU target violated: 201.0ms (200.0ms/201.0ms)
[2026-01-16T09:22:40.829+0000][gc,phases   ] GC(844)   Pre Evacuate Collection Set: 44.6ms
[2026-01-16T09:22:40.831+0000][gc,phases   ] GC(844)   Merge Heap Roots: 6.7ms
[2026-01-16T09:22:40.832+0000][gc,phases   ] GC(844)   Evacuate Collection Set: 241.4ms
[2026-01-16T09:22:40.832+0000][gc,phases   ] GC(844)   Post Evacuate Collection Set: 10.1ms
[2026-01-16T09:22:40.833+0000][gc,phases   ] GC(844)   Other: 22.2ms
[2026-01-16T09:22:40.833+0000][gc,heap     ] GC(844) Eden regions: 49->0(49)
[2026-01-16T09:22:40.834+0000][gc,heap     ] GC(844) Survivor regions: 2->2(7)
[2026-01-16T09:22:40.834+0000][gc,heap     ] GC(844) Old regions: 225->225
[2026-01-16T09:22:40.835+0000][gc,heap     ] GC(844) Humongous regions: 132->132
[2026-01-16T09:22:40.835+0000][gc,metaspace] GC(844) Metaspace: 13054K(13440K)->13054K(13440K) NonClass: 11937K(12096K)->11937K(12096K) Class: 1116K(1344K)->1116K(1344K)
[2026-01-16T09:22:40.836+0000][gc          ] GC(844) Pause Young (Normal) (G1 Evacuation Pause) 406M->358M(1024M) 335.550ms
[2026-01-16T09:22:40.837+0000][gc,cpu      ] GC(844) User=0.30s Sys=0.02s Real=0.33s
[2026-01-16T09:22:42.004+0000][gc,start    ] GC(845) Pause Young (Normal) (G1 Evacuation Pause)
[2026-01-16T09:22:42.007+0000][gc,task     ] GC(845) Using 8 workers of 8 for evacuation
[2026-01-16T09:22:42.183+0000][gc,phases   ] GC(845)   Pre Evacuate Collection Set: 23.9ms
[2026-01-16T09:22:42.185+0000][gc,phases   ] GC(845)   Merge Heap Roots: 3.8ms
[2026-01-16T09:22:42.186+0000][gc,phases   ] GC(845)   Evacuate Collection Set: 144.3ms
[2026-01-16T09:22:42.186+0000][gc,phases   ] GC(845)   Post Evacuate Collection Set: 1.5ms
[2026-01-16T09:22:42.186+0000][gc,phases   ] GC(845)   Other: 3.0ms
[2026-01-16T09:22:42.186+0000][gc,heap     ] GC(845) Eden regions: 49->0(48)
[2026-01-16T09:22:42.186+0000][gc,heap     ] GC(845) Survivor regions: 2->3(7)
[2026-01-16T09:22:42.186+0000][gc,heap     ] GC(845) Old regions: 225->225
[2026-01-16T09:22:42.186+0000][gc,heap     ] GC(845) Humongous regions: 132->132
[2026-01-16T09:22:42.186+0000][gc,metaspace] GC(845) Metaspace: 13054K(13440K)->13054K(13440K) NonClass: 11937K(12096K)->11937K(12096K) Class: 1116K(1344K)->1116K(1344K)
[2026-01-16T09:22:42.187+0000][gc          ] GC(845) Pause Young (Normal) (G1 Evacuation Pause) 407M->358M(1024M) 182.737ms
[2026-01-16T09:22:42.187+0000][gc,cpu      ] GC(845) User=0.13s Sys=0.01s Real=0.19s
[2026-01-16T09:22:50.954+0000][gc,start    ] GC(846) Pause Young (Normal) (G1 Evacuation Pause)
[2026-01-16T09:22:50.956+0000][gc,task     ] GC(846) Using 8 workers of 8 for evacuation
[2026-01-16T09:22:51.159+0000][gc,mmu      ] GC(846) MMU target violated: 201.0ms (200.0ms/201.0ms)
[2026-01-16T09:22:51.184+0000][gc,phases   ] GC(846)   Pre Evacuate Collection Set: 23.8ms
[2026-01-16T09:22:51.187+0000][gc,phases   ] GC(846)   Merge Heap Roots: 3.8ms
[2026-01-16T09:22:51.188+0000][gc,phases   ] GC(846)   Evacuate Collection Set: 157.1ms
[2026-01-16T09:22:51.188+0000][gc,phases   ] GC(846)   Post Evacuate Collection Set: 16.8ms
[2026-01-16T09:22:51.188+0000][gc,phases   ] GC(846)   Other: 27.8ms
[2026-01-16T09:22:51.188+0000][gc,heap     ] GC(846) Eden regions: 48->0(50)
[2026-01-16T09:22:51.197+0000][gc,heap     ] GC(846) Survivor regions: 3->1(7)
[2026-01-16T09:22:51.197+0000][gc,heap     ] GC(846) Old regions: 225->226
[2026-01-16T09:22:51.197+0000][gc,heap     ] GC(846) Humongous regions: 132->132
[2026-01-16T09:22:51.199+0000][gc,metaspace] GC(846) Metaspace: 13054K(13440K)->13054K(13440K) NonClass: 11937K(12096K)->11937K(12096K) Class: 1116K(1344K)->1116K(1344K)
[2026-01-16T09:22:51.200+0000][gc          ] GC(846) Pause Young (Normal) (G1 Evacuation Pause) 406M->357M(1024M) 246.507ms
[2026-01-16T09:22:51.202+0000][gc,cpu      ] GC(846) User=0.19s Sys=0.02s Real=0.25s
[2026-01-16T09:22:54.914+0000][gc,start    ] GC(847) Pause Young (Normal) (G1 Evacuation Pause)
[2026-01-16T09:22:54.930+0000][gc,task     ] GC(847) Using 8 workers of 8 for evacuation
[2026-01-16T09:22:55.244+0000][gc,mmu      ] GC(847) MMU target violated: 201.0ms (200.0ms/201.0ms)
[2026-01-16T09:22:55.246+0000][gc,phases   ] GC(847)   Pre Evacuate Collection Set: 137.0ms
[2026-01-16T09:22:55.247+0000][gc,phases   ] GC(847)   Merge Heap Roots: 34.4ms
[2026-01-16T09:22:55.248+0000][gc,phases   ] GC(847)   Evacuate Collection Set: 116.9ms
[2026-01-16T09:22:55.249+0000][gc,phases   ] GC(847)   Post Evacuate Collection Set: 9.9ms
[2026-01-16T09:22:55.249+0000][gc,phases   ] GC(847)   Other: 18.3ms
[2026-01-16T09:22:55.250+0000][gc,heap     ] GC(847) Eden regions: 82->0(50)
[2026-01-16T09:22:55.253+0000][gc,heap     ] GC(847) Survivor regions: 1->1(11)
[2026-01-16T09:22:55.257+0000][gc,heap     ] GC(847) Old regions: 226->226
[2026-01-16T09:22:55.262+0000][gc,heap     ] GC(847) Humongous regions: 132->132
[2026-01-16T09:22:55.264+0000][gc,metaspace] GC(847) Metaspace: 13054K(13440K)->13054K(13440K) NonClass: 11938K(12096K)->11938K(12096K) Class: 1116K(1344K)->1116K(1344K)
[2026-01-16T09:22:55.266+0000][gc          ] GC(847) Pause Young (Normal) (G1 Evacuation Pause) 439M->357M(1024M) 352.505ms
[2026-01-16T09:22:55.268+0000][gc,cpu      ] GC(847) User=0.18s Sys=0.03s Real=0.36s
[2026-01-16T09:22:59.458+0000][gc,start    ] GC(848) Pause Young (Normal) (G1 Evacuation Pause)
[2026-01-16T09:22:59.462+0000][gc,task     ] GC(848) Using 8 workers of 8 for evacuation
[2026-01-16T09:22:59.641+0000][gc,phases   ] GC(848)   Pre Evacuate Collection Set: 26.4ms
[2026-01-16T09:22:59.642+0000][gc,phases   ] GC(848)   Merge Heap Roots: 1.9ms
[2026-01-16T09:22:59.642+0000][gc,phases   ] GC(848)   Evacuate Collection Set: 109.0ms
[2026-01-16T09:22:59.642+0000][gc,phases   ] GC(848)   Post Evacuate Collection Set: 37.6ms
[2026-01-16T09:22:59.643+0000][gc,phases   ] GC(848)   Other: 4.0ms
[2026-01-16T09:22:59.643+0000][gc,heap     ] GC(848) Eden regions: 70->0(49)
[2026-01-16T09:22:59.644+0000][gc,heap     ] GC(848) Survivor regions: 1->2(9)
[2026-01-16T09:22:59.646+0000][gc,heap     ] GC(848) Old regions: 226->226
[2026-01-16T09:22:59.646+0000][gc,heap     ] GC(848) Humongous regions: 132->132
[2026-01-16T09:22:59.647+0000][gc,metaspace] GC(848) Metaspace: 13054K(13440K)->13054K(13440K) NonClass: 11938K(12096K)->11938K(12096K) Class: 1116K(1344K)->1116K(1344K)
[2026-01-16T09:22:59.652+0000][gc          ] GC(848) Pause Young (Normal) (G1 Evacuation Pause) 427M->358M(1024M) 193.567ms
[2026-01-16T09:22:59.652+0000][gc,cpu      ] GC(848) User=0.11s Sys=0.01s Real=0.19s
[2026-01-16T09:23:05.082+0000][gc,start    ] GC(849) Pause Young (Normal) (G1 Evacuation Pause)
[2026-01-16T09:23:05.089+0000][gc,task     ] GC(849) Using 8 workers of 8 for evacuation
[2026-01-16T09:23:05.218+0000][gc,phases   ] GC(849)   Pre Evacuate Collection Set: 21.8ms
[2026-01-16T09:23:05.218+0000][gc,phases   ] GC(849)   Merge Heap Roots: 10.2ms
[2026-01-16T09:23:05.218+0000][gc,phases   ] GC(849)   Evacuate Collection Set: 88.9ms
[2026-01-16T09:23:05.218+0000][gc,phases   ] GC(849)   Post Evacuate Collection Set: 1.4ms
[2026-01-16T09:23:05.218+0000][gc,phases   ] GC(849)   Other: 6.2ms
[2026-01-16T09:23:05.218+0000][gc,heap     ] GC(849) Eden regions: 49->0(50)
[2026-01-16T09:23:05.218+0000][gc,heap     ] GC(849) Survivor regions: 2->1(7)
[2026-01-16T09:23:05.218+0000][gc,heap     ] GC(849) Old regions: 226->226
[2026-01-16T09:23:05.218+0000][gc,heap     ] GC(849) Humongous regions: 132->132
[2026-01-16T09:23:05.218+0000][gc,metaspace] GC(849) Metaspace: 13054K(13440K)->13054K(13440K) NonClass: 11938K(12096K)->11938K(12096K) Class: 1116K(1344K)->1116K(1344K)
[2026-01-16T09:23:05.218+0000][gc          ] GC(849) Pause Young (Normal) (G1 Evacuation Pause) 407M->357M(1024M) 136.079ms
[2026-01-16T09:23:05.224+0000][gc,cpu      ] GC(849) User=0.10s Sys=0.01s Real=0.14s
[2026-01-16T09:23:14.826+0000][gc,start    ] GC(850) Pause Young (Normal) (G1 Evacuation Pause)
[2026-01-16T09:23:14.829+0000][gc,task     ] GC(850) Using 8 workers of 8 for evacuation
[2026-01-16T09:23:14.872+0000][gc,phases   ] GC(850)   Pre Evacuate Collection Set: 19.7ms
[2026-01-16T09:23:14.873+0000][gc,phases   ] GC(850)   Merge Heap Roots: 0.8ms
[2026-01-16T09:23:14.873+0000][gc,phases   ] GC(850)   Evacuate Collection Set: 17.9ms
[2026-01-16T09:23:14.873+0000][gc,phases   ] GC(850)   Post Evacuate Collection Set: 3.8ms
[2026-01-16T09:23:14.873+0000][gc,phases   ] GC(850)   Other: 2.3ms
[2026-01-16T09:23:14.873+0000][gc,heap     ] GC(850) Eden regions: 120->0(50)
[2026-01-16T09:23:14.873+0000][gc,heap     ] GC(850) Survivor regions: 1->1(16)
[2026-01-16T09:23:14.873+0000][gc,heap     ] GC(850) Old regions: 226->226
[2026-01-16T09:23:14.873+0000][gc,heap     ] GC(850) Humongous regions: 132->132
[2026-01-16T09:23:14.874+0000][gc,metaspace] GC(850) Metaspace: 13054K(13440K)->13054K(13440K) NonClass: 11938K(12096K)->11938K(12096K) Class: 1116K(1344K)->1116K(1344K)
[2026-01-16T09:23:14.874+0000][gc          ] GC(850) Pause Young (Normal) (G1 Evacuation Pause) 477M->357M(1024M) 73.618ms
[2026-01-16T09:23:14.875+0000][gc,cpu      ] GC(850) User=0.13s Sys=0.01s Real=0.07s
[2026-01-16T09:23:41.298+0000][gc,start    ] GC(851) Pause Young (Normal) (G1 Evacuation Pause)
[2026-01-16T09:23:41.310+0000][gc,task     ] GC(851) Using 8 workers of 8 for evacuation
[2026-01-16T09:23:41.605+0000][gc,mmu      ] GC(851) MMU target violated: 201.0ms (200.0ms/201.0ms)
[2026-01-16T09:23:41.606+0000][gc,phases   ] GC(851)   Pre Evacuate Collection Set: 34.5ms
[2026-01-16T09:23:41.606+0000][gc,phases   ] GC(851)   Merge Heap Roots: 5.2ms
[2026-01-16T09:23:41.607+0000][gc,phases   ] GC(851)   Evacuate Collection Set: 225.3ms
[2026-01-16T09:23:41.607+0000][gc,phases   ] GC(851)   Post Evacuate Collection Set: 21.4ms
[2026-01-16T09:23:41.607+0000][gc,phases   ] GC(851)   Other: 12.8ms
[2026-01-16T09:23:41.608+0000][gc,heap     ] GC(851) Eden regions: 249->0(50)
[2026-01-16T09:23:41.608+0000][gc,heap     ] GC(851) Survivor regions: 1->1(32)
[2026-01-16T09:23:41.609+0000][gc,heap     ] GC(851) Old regions: 226->226
[2026-01-16T09:23:41.610+0000][gc,heap     ] GC(851) Humongous regions: 132->132
[2026-01-16T09:23:41.610+0000][gc,metaspace] GC(851) Metaspace: 13054K(13440K)->13054K(13440K) NonClass: 11938K(12096K)->11938K(12096K) Class: 1116K(1344K)->1116K(1344K)
[2026-01-16T09:23:41.610+0000][gc          ] GC(851) Pause Young (Normal) (G1 Evacuation Pause) 606M->358M(1024M) 311.532ms
[2026-01-16T09:23:41.610+0000][gc,cpu      ] GC(851) User=0.24s Sys=0.04s Real=0.31s
[2026-01-16T09:23:47.367+0000][gc,start    ] GC(852) Pause Young (Normal) (G1 Evacuation Pause)
[2026-01-16T09:23:47.374+0000][gc,task     ] GC(852) Using 8 workers of 8 for evacuation
[2026-01-16T09:23:47.439+0000][gc,phases   ] GC(852)   Pre Evacuate Collection Set: 20.0ms
[2026-01-16T09:23:47.450+0000][gc,phases   ] GC(852)   Merge Heap Roots: 1.9ms
[2026-01-16T09:23:47.453+0000][gc,phases   ] GC(852)   Evacuate Collection Set: 36.7ms
[2026-01-16T09:23:47.454+0000][gc,phases   ] GC(852)   Post Evacuate Collection Set: 5.1ms
[2026-01-16T09:23:47.454+0000][gc,phases   ] GC(852)   Other: 1.7ms
[2026-01-16T09:23:47.454+0000][gc,heap     ] GC(852) Eden regions: 169->0(77)
[2026-01-16T09:23:47.454+0000][gc,heap     ] GC(852) Survivor regions: 1->2(22)
[2026-01-16T09:23:47.454+0000][gc,heap     ] GC(852) Old regions: 226->226
[2026-01-16T09:23:47.454+0000][gc,heap     ] GC(852) Humongous regions: 132->132
[2026-01-16T09:23:47.454+0000][gc,metaspace] GC(852) Metaspace: 13054K(13440K)->13054K(13440K) NonClass: 11938K(12096K)->11938K(12096K) Class: 1116K(1344K)->1116K(1344K)
[2026-01-16T09:23:47.455+0000][gc          ] GC(852) Pause Young (Normal) (G1 Evacuation Pause) 527M->358M(1024M) 88.910ms
[2026-01-16T09:23:47.455+0000][gc,cpu      ] GC(852) User=0.12s Sys=0.01s Real=0.09s
[2026-01-16T09:24:04.858+0000][gc,start    ] GC(853) Pause Young (Normal) (G1 Evacuation Pause)
[2026-01-16T09:24:04.862+0000][gc,task     ] GC(853) Using 8 workers of 8 for evacuation
[2026-01-16T09:24:04.935+0000][gc,phases   ] GC(853)   Pre Evacuate Collection Set: 28.5ms
[2026-01-16T09:24:04.936+0000][gc,phases   ] GC(853)   Merge Heap Roots: 2.3ms
[2026-01-16T09:24:04.936+0000][gc,phases   ] GC(853)   Evacuate Collection Set: 29.8ms
[2026-01-16T09:24:04.936+0000][gc,phases   ] GC(853)   Post Evacuate Collection Set: 6.7ms
[2026-01-16T09:24:04.936+0000][gc,phases   ] GC(853)   Other: 7.0ms
[2026-01-16T09:24:04.936+0000][gc,heap     ] GC(853) Eden regions: 156->0(266)
[2026-01-16T09:24:04.936+0000][gc,heap     ] GC(853) Survivor regions: 2->1(20)
[2026-01-16T09:24:04.937+0000][gc,heap     ] GC(853) Old regions: 226->226
[2026-01-16T09:24:04.937+0000][gc,heap     ] GC(853) Humongous regions: 132->132
[2026-01-16T09:24:04.937+0000][gc,metaspace] GC(853) Metaspace: 13054K(13440K)->13054K(13440K) NonClass: 11938K(12096K)->11938K(12096K) Class: 1116K(1344K)->1116K(1344K)
[2026-01-16T09:24:04.937+0000][gc          ] GC(853) Pause Young (Normal) (G1 Evacuation Pause) 514M->357M(1024M) 78.781ms
[2026-01-16T09:24:04.937+0000][gc,cpu      ] GC(853) User=0.11s Sys=0.01s Real=0.07s
[2026-01-16T09:24:45.955+0000][gc,start    ] GC(854) Pause Young (Normal) (G1 Evacuation Pause)
[2026-01-16T09:24:45.964+0000][gc,task     ] GC(854) Using 8 workers of 8 for evacuation
[2026-01-16T09:24:46.412+0000][gc,mmu      ] GC(854) MMU target violated: 201.0ms (200.0ms/201.0ms)
[2026-01-16T09:24:46.414+0000][gc,phases   ] GC(854)   Pre Evacuate Collection Set: 82.5ms
[2026-01-16T09:24:46.418+0000][gc,phases   ] GC(854)   Merge Heap Roots: 4.0ms
[2026-01-16T09:24:46.418+0000][gc,phases   ] GC(854)   Evacuate Collection Set: 332.1ms
[2026-01-16T09:24:46.418+0000][gc,phases   ] GC(854)   Post Evacuate Collection Set: 25.1ms
[2026-01-16T09:24:46.419+0000][gc,phases   ] GC(854)   Other: 6.1ms
[2026-01-16T09:24:46.419+0000][gc,heap     ] GC(854) Eden regions: 419->0(49)
[2026-01-16T09:24:46.420+0000][gc,heap     ] GC(854) Survivor regions: 1->2(53)
[2026-01-16T09:24:46.429+0000][gc,heap     ] GC(854) Old regions: 226->226
[2026-01-16T09:24:46.430+0000][gc,heap     ] GC(854) Humongous regions: 132->132
[2026-01-16T09:24:46.431+0000][gc,metaspace] GC(854) Metaspace: 13054K(13440K)->13054K(13440K) NonClass: 11938K(12096K)->11938K(12096K) Class: 1116K(1344K)->1116K(1344K)
[2026-01-16T09:24:46.431+0000][gc          ] GC(854) Pause Young (Normal) (G1 Evacuation Pause) 776M->359M(1024M) 476.636ms
[2026-01-16T09:24:46.432+0000][gc,cpu      ] GC(854) User=0.49s Sys=0.02s Real=0.48s
[2026-01-16T09:24:48.769+0000][gc,start    ] GC(855) Pause Young (Normal) (G1 Evacuation Pause)
[2026-01-16T09:24:48.779+0000][gc,task     ] GC(855) Using 8 workers of 8 for evacuation
[2026-01-16T09:24:49.060+0000][gc,mmu      ] GC(855) MMU target violated: 201.0ms (200.0ms/201.0ms)
[2026-01-16T09:24:49.061+0000][gc,phases   ] GC(855)   Pre Evacuate Collection Set: 24.8ms
[2026-01-16T09:24:49.061+0000][gc,phases   ] GC(855)   Merge Heap Roots: 3.5ms
[2026-01-16T09:24:49.061+0000][gc,phases   ] GC(855)   Evacuate Collection Set: 230.7ms
[2026-01-16T09:24:49.061+0000][gc,phases   ] GC(855)   Post Evacuate Collection Set: 15.9ms
[2026-01-16T09:24:49.061+0000][gc,phases   ] GC(855)   Other: 7.5ms
[2026-01-16T09:24:49.061+0000][gc,heap     ] GC(855) Eden regions: 49->0(50)
[2026-01-16T09:24:49.061+0000][gc,heap     ] GC(855) Survivor regions: 2->1(7)
[2026-01-16T09:24:49.061+0000][gc,heap     ] GC(855) Old regions: 226->226
[2026-01-16T09:24:49.062+0000][gc,heap     ] GC(855) Humongous regions: 132->132
[2026-01-16T09:24:49.063+0000][gc,metaspace] GC(855) Metaspace: 13054K(13440K)->13054K(13440K) NonClass: 11938K(12096K)->11938K(12096K) Class: 1116K(1344K)->1116K(1344K)
[2026-01-16T09:24:49.068+0000][gc          ] GC(855) Pause Young (Normal) (G1 Evacuation Pause) 408M->358M(1024M) 299.373ms
[2026-01-16T09:24:49.069+0000][gc,cpu      ] GC(855) User=0.10s Sys=0.01s Real=0.30s
[2026-01-16T09:24:51.559+0000][gc,start    ] GC(856) Pause Young (Normal) (G1 Evacuation Pause)
[2026-01-16T09:24:51.575+0000][gc,task     ] GC(856) Using 8 workers of 8 for evacuation
[2026-01-16T09:24:51.706+0000][gc,phases   ] GC(856)   Pre Evacuate Collection Set: 18.7ms
[2026-01-16T09:24:51.709+0000][gc,phases   ] GC(856)   Merge Heap Roots: 4.1ms
[2026-01-16T09:24:51.709+0000][gc,phases   ] GC(856)   Evacuate Collection Set: 105.3ms
[2026-01-16T09:24:51.709+0000][gc,phases   ] GC(856)   Post Evacuate Collection Set: 2.0ms
[2026-01-16T09:24:51.710+0000][gc,phases   ] GC(856)   Other: 1.7ms
[2026-01-16T09:24:51.710+0000][gc,heap     ] GC(856) Eden regions: 50->0(49)
[2026-01-16T09:24:51.711+0000][gc,heap     ] GC(856) Survivor regions: 1->2(7)
[2026-01-16T09:24:51.711+0000][gc,heap     ] GC(856) Old regions: 226->226
[2026-01-16T09:24:51.711+0000][gc,heap     ] GC(856) Humongous regions: 132->132
[2026-01-16T09:24:51.711+0000][gc,metaspace] GC(856) Metaspace: 13054K(13440K)->13054K(13440K) NonClass: 11938K(12096K)->11938K(12096K) Class: 1116K(1344K)->1116K(1344K)
[2026-01-16T09:24:51.712+0000][gc          ] GC(856) Pause Young (Normal) (G1 Evacuation Pause) 408M->358M(1024M) 152.142ms
[2026-01-16T09:24:51.712+0000][gc,cpu      ] GC(856) User=0.13s Sys=0.02s Real=0.15s
[2026-01-16T09:24:55.871+0000][gc,start    ] GC(857) Pause Young (Normal) (G1 Evacuation Pause)
[2026-01-16T09:24:55.873+0000][gc,task     ] GC(857) Using 8 workers of 8 for evacuation
[2026-01-16T09:24:55.998+0000][gc,phases   ] GC(857)   Pre Evacuate Collection Set: 27.7ms
[2026-01-16T09:24:55.998+0000][gc,phases   ] GC(857)   Merge Heap Roots: 9.3ms
[2026-01-16T09:24:55.998+0000][gc,phases   ] GC(857)   Evacuate Collection Set: 59.4ms
[2026-01-16T09:24:55.998+0000][gc,phases   ] GC(857)   Post Evacuate Collection Set: 21.4ms
[2026-01-16T09:24:55.999+0000][gc,phases   ] GC(857)   Other: 6.9ms
[2026-01-16T09:24:55.999+0000][gc,heap     ] GC(857) Eden regions: 49->0(63)
[2026-01-16T09:24:55.999+0000][gc,heap     ] GC(857) Survivor regions: 2->1(7)
[2026-01-16T09:24:55.999+0000][gc,heap     ] GC(857) Old regions: 226->226
[2026-01-16T09:24:56.000+0000][gc,heap     ] GC(857) Humongous regions: 132->132
[2026-01-16T09:24:56.001+0000][gc,metaspace] GC(857) Metaspace: 13054K(13440K)->13054K(13440K) NonClass: 11938K(12096K)->11938K(12096K) Class: 1116K(1344K)->1116K(1344K)
[2026-01-16T09:24:56.001+0000][gc          ] GC(857) Pause Young (Normal) (G1 Evacuation Pause) 407M->357M(1024M) 129.772ms
[2026-01-16T09:24:56.001+0000][gc,cpu      ] GC(857) User=0.12s Sys=0.02s Real=0.13s
[2026-01-16T09:24:59.267+0000][gc,start    ] GC(858) Pause Young (Normal) (G1 Evacuation Pause)
[2026-01-16T09:24:59.271+0000][gc,task     ] GC(858) Using 8 workers of 8 for evacuation
[2026-01-16T09:24:59.435+0000][gc,phases   ] GC(858)   Pre Evacuate Collection Set: 21.9ms
[2026-01-16T09:24:59.437+0000][gc,phases   ] GC(858)   Merge Heap Roots: 5.2ms
[2026-01-16T09:24:59.440+0000][gc,phases   ] GC(858)   Evacuate Collection Set: 121.7ms
[2026-01-16T09:24:59.440+0000][gc,phases   ] GC(858)   Post Evacuate Collection Set: 12.2ms
[2026-01-16T09:24:59.440+0000][gc,phases   ] GC(858)   Other: 2.3ms
[2026-01-16T09:24:59.441+0000][gc,heap     ] GC(858) Eden regions: 78->0(49)
[2026-01-16T09:24:59.441+0000][gc,heap     ] GC(858) Survivor regions: 1->2(10)
[2026-01-16T09:24:59.442+0000][gc,heap     ] GC(858) Old regions: 226->226
[2026-01-16T09:24:59.442+0000][gc,heap     ] GC(858) Humongous regions: 132->132
[2026-01-16T09:24:59.443+0000][gc,metaspace] GC(858) Metaspace: 13054K(13440K)->13054K(13440K) NonClass: 11938K(12096K)->11938K(12096K) Class: 1116K(1344K)->1116K(1344K)
[2026-01-16T09:24:59.444+0000][gc          ] GC(858) Pause Young (Normal) (G1 Evacuation Pause) 435M->358M(1024M) 182.044ms
[2026-01-16T09:24:59.449+0000][gc,cpu      ] GC(858) User=0.12s Sys=0.01s Real=0.19s
[2026-01-16T09:25:06.192+0000][gc,start    ] GC(859) Pause Young (Normal) (G1 Evacuation Pause)
[2026-01-16T09:25:06.196+0000][gc,task     ] GC(859) Using 8 workers of 8 for evacuation
[2026-01-16T09:25:06.335+0000][gc,phases   ] GC(859)   Pre Evacuate Collection Set: 28.2ms
[2026-01-16T09:25:06.338+0000][gc,phases   ] GC(859)   Merge Heap Roots: 4.3ms
[2026-01-16T09:25:06.338+0000][gc,phases   ] GC(859)   Evacuate Collection Set: 91.3ms
[2026-01-16T09:25:06.340+0000][gc,phases   ] GC(859)   Post Evacuate Collection Set: 12.2ms
[2026-01-16T09:25:06.343+0000][gc,phases   ] GC(859)   Other: 3.4ms
[2026-01-16T09:25:06.345+0000][gc,heap     ] GC(859) Eden regions: 55->0(103)
[2026-01-16T09:25:06.346+0000][gc,heap     ] GC(859) Survivor regions: 2->1(8)
[2026-01-16T09:25:06.346+0000][gc,heap     ] GC(859) Old regions: 226->226
[2026-01-16T09:25:06.346+0000][gc,heap     ] GC(859) Humongous regions: 132->132
[2026-01-16T09:25:06.346+0000][gc,metaspace] GC(859) Metaspace: 13054K(13440K)->13054K(13440K) NonClass: 11938K(12096K)->11938K(12096K) Class: 1116K(1344K)->1116K(1344K)
[2026-01-16T09:25:06.347+0000][gc          ] GC(859) Pause Young (Normal) (G1 Evacuation Pause) 413M->358M(1024M) 158.360ms
[2026-01-16T09:25:06.347+0000][gc,cpu      ] GC(859) User=0.13s Sys=0.01s Real=0.16s
[2026-01-16T09:25:16.966+0000][gc,start    ] GC(860) Pause Young (Normal) (G1 Evacuation Pause)
[2026-01-16T09:25:16.970+0000][gc,task     ] GC(860) Using 8 workers of 8 for evacuation
[2026-01-16T09:25:17.198+0000][gc,mmu      ] GC(860) MMU target violated: 201.0ms (200.0ms/201.0ms)
[2026-01-16T09:25:17.202+0000][gc,phases   ] GC(860)   Pre Evacuate Collection Set: 68.4ms
[2026-01-16T09:25:17.202+0000][gc,phases   ] GC(860)   Merge Heap Roots: 3.3ms
[2026-01-16T09:25:17.205+0000][gc,phases   ] GC(860)   Evacuate Collection Set: 102.3ms
[2026-01-16T09:25:17.205+0000][gc,phases   ] GC(860)   Post Evacuate Collection Set: 52.1ms
[2026-01-16T09:25:17.206+0000][gc,phases   ] GC(860)   Other: 6.5ms
[2026-01-16T09:25:17.206+0000][gc,heap     ] GC(860) Eden regions: 114->0(61)
[2026-01-16T09:25:17.206+0000][gc,heap     ] GC(860) Survivor regions: 1->1(15)
[2026-01-16T09:25:17.206+0000][gc,heap     ] GC(860) Old regions: 226->226
[2026-01-16T09:25:17.207+0000][gc,heap     ] GC(860) Humongous regions: 132->132
[2026-01-16T09:25:17.207+0000][gc,metaspace] GC(860) Metaspace: 13054K(13440K)->13054K(13440K) NonClass: 11938K(12096K)->11938K(12096K) Class: 1116K(1344K)->1116K(1344K)
[2026-01-16T09:25:17.208+0000][gc          ] GC(860) Pause Young (Normal) (G1 Evacuation Pause) 472M->358M(1024M) 242.297ms
[2026-01-16T09:25:17.208+0000][gc,cpu      ] GC(860) User=0.14s Sys=0.04s Real=0.24s
[2026-01-16T09:25:24.650+0000][gc,start    ] GC(861) Pause Young (Normal) (G1 Evacuation Pause)
[2026-01-16T09:25:24.655+0000][gc,task     ] GC(861) Using 8 workers of 8 for evacuation
[2026-01-16T09:25:24.896+0000][gc,mmu      ] GC(861) MMU target violated: 201.0ms (200.0ms/201.0ms)
[2026-01-16T09:25:24.897+0000][gc,phases   ] GC(861)   Pre Evacuate Collection Set: 54.6ms
[2026-01-16T09:25:24.898+0000][gc,phases   ] GC(861)   Merge Heap Roots: 6.4ms
[2026-01-16T09:25:24.899+0000][gc,phases   ] GC(861)   Evacuate Collection Set: 153.4ms
[2026-01-16T09:25:24.900+0000][gc,phases   ] GC(861)   Post Evacuate Collection Set: 24.5ms
[2026-01-16T09:25:24.901+0000][gc,phases   ] GC(861)   Other: 2.8ms
[2026-01-16T09:25:24.903+0000][gc,heap     ] GC(861) Eden regions: 70->0(143)
[2026-01-16T09:25:24.904+0000][gc,heap     ] GC(861) Survivor regions: 1->1(9)
[2026-01-16T09:25:24.905+0000][gc,heap     ] GC(861) Old regions: 226->226
[2026-01-16T09:25:24.908+0000][gc,heap     ] GC(861) Humongous regions: 132->132
[2026-01-16T09:25:24.908+0000][gc,metaspace] GC(861) Metaspace: 13054K(13440K)->13054K(13440K) NonClass: 11938K(12096K)->11938K(12096K) Class: 1116K(1344K)->1116K(1344K)
[2026-01-16T09:25:24.909+0000][gc          ] GC(861) Pause Young (Normal) (G1 Evacuation Pause) 428M->357M(1024M) 260.089ms
[2026-01-16T09:25:24.909+0000][gc,cpu      ] GC(861) User=0.13s Sys=0.01s Real=0.26s
[2026-01-16T09:25:34.779+0000][gc,start    ] GC(862) Pause Young (Normal) (G1 Evacuation Pause)
[2026-01-16T09:25:34.784+0000][gc,task     ] GC(862) Using 8 workers of 8 for evacuation
[2026-01-16T09:25:34.871+0000][gc,phases   ] GC(862)   Pre Evacuate Collection Set: 41.4ms
[2026-01-16T09:25:34.872+0000][gc,phases   ] GC(862)   Merge Heap Roots: 2.9ms
[2026-01-16T09:25:34.872+0000][gc,phases   ] GC(862)   Evacuate Collection Set: 27.9ms
[2026-01-16T09:25:34.872+0000][gc,phases   ] GC(862)   Post Evacuate Collection Set: 14.0ms
[2026-01-16T09:25:34.875+0000][gc,phases   ] GC(862)   Other: 2.9ms
[2026-01-16T09:25:34.877+0000][gc,heap     ] GC(862) Eden regions: 130->0(270)
[2026-01-16T09:25:34.878+0000][gc,heap     ] GC(862) Survivor regions: 1->1(17)
[2026-01-16T09:25:34.878+0000][gc,heap     ] GC(862) Old regions: 226->226
[2026-01-16T09:25:34.878+0000][gc,heap     ] GC(862) Humongous regions: 132->132
[2026-01-16T09:25:34.879+0000][gc,metaspace] GC(862) Metaspace: 13054K(13440K)->13054K(13440K) NonClass: 11938K(12096K)->11938K(12096K) Class: 1116K(1344K)->1116K(1344K)
[2026-01-16T09:25:34.879+0000][gc          ] GC(862) Pause Young (Normal) (G1 Evacuation Pause) 487M->357M(1024M) 100.204ms
[2026-01-16T09:25:34.880+0000][gc,cpu      ] GC(862) User=0.12s Sys=0.01s Real=0.10s
[2026-01-16T09:26:07.776+0000][gc,start    ] GC(863) Pause Young (Normal) (G1 Evacuation Pause)
[2026-01-16T09:26:07.793+0000][gc,task     ] GC(863) Using 8 workers of 8 for evacuation
[2026-01-16T09:26:08.840+0000][gc,mmu      ] GC(863) MMU target violated: 201.0ms (200.0ms/201.0ms)
[2026-01-16T09:26:08.841+0000][gc,phases   ] GC(863)   Pre Evacuate Collection Set: 160.7ms
[2026-01-16T09:26:08.841+0000][gc,phases   ] GC(863)   Merge Heap Roots: 11.8ms
[2026-01-16T09:26:08.859+0000][gc,phases   ] GC(863)   Evacuate Collection Set: 786.1ms
[2026-01-16T09:26:08.860+0000][gc,phases   ] GC(863)   Post Evacuate Collection Set: 84.1ms
[2026-01-16T09:26:08.861+0000][gc,phases   ] GC(863)   Other: 6.4ms
[2026-01-16T09:26:08.861+0000][gc,heap     ] GC(863) Eden regions: 314->0(49)
[2026-01-16T09:26:08.861+0000][gc,heap     ] GC(863) Survivor regions: 1->2(40)
[2026-01-16T09:26:08.861+0000][gc,heap     ] GC(863) Old regions: 226->226
[2026-01-16T09:26:08.861+0000][gc,heap     ] GC(863) Humongous regions: 132->132
[2026-01-16T09:26:08.862+0000][gc,metaspace] GC(863) Metaspace: 13054K(13440K)->13054K(13440K) NonClass: 11938K(12096K)->11938K(12096K) Class: 1116K(1344K)->1116K(1344K)
[2026-01-16T09:26:08.894+0000][gc          ] GC(863) Pause Young (Normal) (G1 Evacuation Pause) 671M->359M(1024M) 1118.367ms
[2026-01-16T09:26:08.894+0000][gc,cpu      ] GC(863) User=0.54s Sys=0.03s Real=1.12s
[2026-01-16T09:26:14.029+0000][gc,start    ] GC(864) Pause Young (Normal) (G1 Evacuation Pause)
[2026-01-16T09:26:14.032+0000][gc,task     ] GC(864) Using 8 workers of 8 for evacuation
[2026-01-16T09:26:14.282+0000][gc,mmu      ] GC(864) MMU target violated: 201.0ms (200.0ms/201.0ms)
[2026-01-16T09:26:14.282+0000][gc,phases   ] GC(864)   Pre Evacuate Collection Set: 74.3ms
[2026-01-16T09:26:14.283+0000][gc,phases   ] GC(864)   Merge Heap Roots: 4.2ms
[2026-01-16T09:26:14.283+0000][gc,phases   ] GC(864)   Evacuate Collection Set: 146.2ms
[2026-01-16T09:26:14.284+0000][gc,phases   ] GC(864)   Post Evacuate Collection Set: 20.8ms
[2026-01-16T09:26:14.285+0000][gc,phases   ] GC(864)   Other: 5.1ms
[2026-01-16T09:26:14.286+0000][gc,heap     ] GC(864) Eden regions: 49->0(50)
[2026-01-16T09:26:14.286+0000][gc,heap     ] GC(864) Survivor regions: 2->1(7)
[2026-01-16T09:26:14.286+0000][gc,heap     ] GC(864) Old regions: 226->226
[2026-01-16T09:26:14.287+0000][gc,heap     ] GC(864) Humongous regions: 132->132
[2026-01-16T09:26:14.287+0000][gc,metaspace] GC(864) Metaspace: 13054K(13440K)->13054K(13440K) NonClass: 11938K(12096K)->11938K(12096K) Class: 1116K(1344K)->1116K(1344K)
[2026-01-16T09:26:14.288+0000][gc          ] GC(864) Pause Young (Normal) (G1 Evacuation Pause) 408M->358M(1024M) 259.264ms
[2026-01-16T09:26:14.288+0000][gc,cpu      ] GC(864) User=0.18s Sys=0.01s Real=0.26s
[2026-01-16T09:26:17.831+0000][gc,start    ] GC(865) Pause Young (Normal) (G1 Evacuation Pause)
[2026-01-16T09:26:17.836+0000][gc,task     ] GC(865) Using 8 workers of 8 for evacuation
[2026-01-16T09:26:18.319+0000][gc,mmu      ] GC(865) MMU target violated: 201.0ms (200.0ms/201.0ms)
[2026-01-16T09:26:18.330+0000][gc,phases   ] GC(865)   Pre Evacuate Collection Set: 50.4ms
[2026-01-16T09:26:18.332+0000][gc,phases   ] GC(865)   Merge Heap Roots: 13.1ms
[2026-01-16T09:26:18.332+0000][gc,phases   ] GC(865)   Evacuate Collection Set: 398.6ms
[2026-01-16T09:26:18.333+0000][gc,phases   ] GC(865)   Post Evacuate Collection Set: 10.7ms
[2026-01-16T09:26:18.333+0000][gc,phases   ] GC(865)   Other: 21.3ms
[2026-01-16T09:26:18.336+0000][gc,heap     ] GC(865) Eden regions: 50->0(49)
[2026-01-16T09:26:18.337+0000][gc,heap     ] GC(865) Survivor regions: 1->2(7)
[2026-01-16T09:26:18.338+0000][gc,heap     ] GC(865) Old regions: 226->226
[2026-01-16T09:26:18.339+0000][gc,heap     ] GC(865) Humongous regions: 132->132
[2026-01-16T09:26:18.340+0000][gc,metaspace] GC(865) Metaspace: 13054K(13440K)->13054K(13440K) NonClass: 11938K(12096K)->11938K(12096K) Class: 1116K(1344K)->1116K(1344K)
[2026-01-16T09:26:18.341+0000][gc          ] GC(865) Pause Young (Normal) (G1 Evacuation Pause) 408M->359M(1024M) 510.108ms
[2026-01-16T09:26:18.343+0000][gc,cpu      ] GC(865) User=0.21s Sys=0.01s Real=0.52s
[2026-01-16T09:26:20.157+0000][gc,start    ] GC(866) Pause Young (Normal) (G1 Evacuation Pause)
[2026-01-16T09:26:20.159+0000][gc,task     ] GC(866) Using 8 workers of 8 for evacuation
[2026-01-16T09:26:20.315+0000][gc,phases   ] GC(866)   Pre Evacuate Collection Set: 25.5ms
[2026-01-16T09:26:20.316+0000][gc,phases   ] GC(866)   Merge Heap Roots: 2.8ms
[2026-01-16T09:26:20.318+0000][gc,phases   ] GC(866)   Evacuate Collection Set: 104.3ms
[2026-01-16T09:26:20.319+0000][gc,phases   ] GC(866)   Post Evacuate Collection Set: 9.7ms
[2026-01-16T09:26:20.319+0000][gc,phases   ] GC(866)   Other: 14.0ms
[2026-01-16T09:26:20.321+0000][gc,heap     ] GC(866) Eden regions: 49->0(50)
[2026-01-16T09:26:20.321+0000][gc,heap     ] GC(866) Survivor regions: 2->1(7)
[2026-01-16T09:26:20.321+0000][gc,heap     ] GC(866) Old regions: 226->226
[2026-01-16T09:26:20.322+0000][gc,heap     ] GC(866) Humongous regions: 132->132
[2026-01-16T09:26:20.322+0000][gc,metaspace] GC(866) Metaspace: 13054K(13440K)->13054K(13440K) NonClass: 11938K(12096K)->11938K(12096K) Class: 1116K(1344K)->1116K(1344K)
[2026-01-16T09:26:20.323+0000][gc          ] GC(866) Pause Young (Normal) (G1 Evacuation Pause) 408M->358M(1024M) 166.788ms
[2026-01-16T09:26:20.324+0000][gc,cpu      ] GC(866) User=0.09s Sys=0.01s Real=0.17s
[2026-01-16T09:26:21.298+0000][gc,start    ] GC(867) Pause Young (Normal) (G1 Evacuation Pause)
[2026-01-16T09:26:21.302+0000][gc,task     ] GC(867) Using 8 workers of 8 for evacuation
[2026-01-16T09:26:21.355+0000][gc,phases   ] GC(867)   Pre Evacuate Collection Set: 2.2ms
[2026-01-16T09:26:21.356+0000][gc,phases   ] GC(867)   Merge Heap Roots: 0.8ms
[2026-01-16T09:26:21.357+0000][gc,phases   ] GC(867)   Evacuate Collection Set: 49.4ms
[2026-01-16T09:26:21.357+0000][gc,phases   ] GC(867)   Post Evacuate Collection Set: 0.7ms
[2026-01-16T09:26:21.358+0000][gc,phases   ] GC(867)   Other: 0.6ms
[2026-01-16T09:26:21.358+0000][gc,heap     ] GC(867) Eden regions: 50->0(49)
[2026-01-16T09:26:21.358+0000][gc,heap     ] GC(867) Survivor regions: 1->2(7)
[2026-01-16T09:26:21.358+0000][gc,heap     ] GC(867) Old regions: 226->226
[2026-01-16T09:26:21.362+0000][gc,heap     ] GC(867) Humongous regions: 132->132
[2026-01-16T09:26:21.363+0000][gc,metaspace] GC(867) Metaspace: 13054K(13440K)->13054K(13440K) NonClass: 11938K(12096K)->11938K(12096K) Class: 1116K(1344K)->1116K(1344K)
[2026-01-16T09:26:21.363+0000][gc          ] GC(867) Pause Young (Normal) (G1 Evacuation Pause) 408M->359M(1024M) 65.190ms
[2026-01-16T09:26:21.364+0000][gc,cpu      ] GC(867) User=0.03s Sys=0.00s Real=0.07s
[2026-01-16T09:26:25.016+0000][gc,start    ] GC(868) Pause Young (Normal) (G1 Evacuation Pause)
[2026-01-16T09:26:25.017+0000][gc,task     ] GC(868) Using 8 workers of 8 for evacuation
[2026-01-16T09:26:25.238+0000][gc,mmu      ] GC(868) MMU target violated: 201.0ms (200.0ms/201.0ms)
[2026-01-16T09:26:25.241+0000][gc,phases   ] GC(868)   Pre Evacuate Collection Set: 96.2ms
[2026-01-16T09:26:25.241+0000][gc,phases   ] GC(868)   Merge Heap Roots: 19.1ms
[2026-01-16T09:26:25.244+0000][gc,phases   ] GC(868)   Evacuate Collection Set: 91.4ms
[2026-01-16T09:26:25.244+0000][gc,phases   ] GC(868)   Post Evacuate Collection Set: 10.0ms
[2026-01-16T09:26:25.247+0000][gc,phases   ] GC(868)   Other: 7.2ms
[2026-01-16T09:26:25.249+0000][gc,heap     ] GC(868) Eden regions: 49->0(50)
[2026-01-16T09:26:25.251+0000][gc,heap     ] GC(868) Survivor regions: 2->1(7)
[2026-01-16T09:26:25.253+0000][gc,heap     ] GC(868) Old regions: 226->226
[2026-01-16T09:26:25.255+0000][gc,heap     ] GC(868) Humongous regions: 132->132
[2026-01-16T09:26:25.255+0000][gc,metaspace] GC(868) Metaspace: 13054K(13440K)->13054K(13440K) NonClass: 11938K(12096K)->11938K(12096K) Class: 1116K(1344K)->1116K(1344K)
[2026-01-16T09:26:25.256+0000][gc          ] GC(868) Pause Young (Normal) (G1 Evacuation Pause) 408M->357M(1024M) 239.306ms
[2026-01-16T09:26:25.259+0000][gc,cpu      ] GC(868) User=0.09s Sys=0.01s Real=0.24s
[2026-01-16T09:26:27.862+0000][gc,start    ] GC(869) Pause Young (Normal) (G1 Evacuation Pause)
[2026-01-16T09:26:27.865+0000][gc,task     ] GC(869) Using 8 workers of 8 for evacuation
[2026-01-16T09:26:28.033+0000][gc,phases   ] GC(869)   Pre Evacuate Collection Set: 40.2ms
[2026-01-16T09:26:28.034+0000][gc,phases   ] GC(869)   Merge Heap Roots: 15.4ms
[2026-01-16T09:26:28.034+0000][gc,phases   ] GC(869)   Evacuate Collection Set: 92.1ms
[2026-01-16T09:26:28.035+0000][gc,phases   ] GC(869)   Post Evacuate Collection Set: 9.8ms
[2026-01-16T09:26:28.036+0000][gc,phases   ] GC(869)   Other: 10.7ms
[2026-01-16T09:26:28.037+0000][gc,heap     ] GC(869) Eden regions: 50->0(49)
[2026-01-16T09:26:28.038+0000][gc,heap     ] GC(869) Survivor regions: 1->2(7)
[2026-01-16T09:26:28.038+0000][gc,heap     ] GC(869) Old regions: 226->226
[2026-01-16T09:26:28.040+0000][gc,heap     ] GC(869) Humongous regions: 132->132
[2026-01-16T09:26:28.041+0000][gc,metaspace] GC(869) Metaspace: 13054K(13440K)->13054K(13440K) NonClass: 11938K(12096K)->11938K(12096K) Class: 1116K(1344K)->1116K(1344K)
[2026-01-16T09:26:28.047+0000][gc          ] GC(869) Pause Young (Normal) (G1 Evacuation Pause) 407M->358M(1024M) 185.031ms
[2026-01-16T09:26:28.047+0000][gc,cpu      ] GC(869) User=0.11s Sys=0.00s Real=0.18s
[2026-01-16T09:26:34.926+0000][gc,start    ] GC(870) Pause Young (Normal) (G1 Evacuation Pause)
[2026-01-16T09:26:34.938+0000][gc,task     ] GC(870) Using 8 workers of 8 for evacuation
[2026-01-16T09:26:35.173+0000][gc,mmu      ] GC(870) MMU target violated: 201.0ms (200.0ms/201.0ms)
[2026-01-16T09:26:35.175+0000][gc,phases   ] GC(870)   Pre Evacuate Collection Set: 26.5ms
[2026-01-16T09:26:35.178+0000][gc,phases   ] GC(870)   Merge Heap Roots: 4.1ms
[2026-01-16T09:26:35.182+0000][gc,phases   ] GC(870)   Evacuate Collection Set: 180.5ms
[2026-01-16T09:26:35.183+0000][gc,phases   ] GC(870)   Post Evacuate Collection Set: 19.6ms
[2026-01-16T09:26:35.183+0000][gc,phases   ] GC(870)   Other: 7.0ms
[2026-01-16T09:26:35.184+0000][gc,heap     ] GC(870) Eden regions: 49->0(50)
[2026-01-16T09:26:35.184+0000][gc,heap     ] GC(870) Survivor regions: 2->1(7)
[2026-01-16T09:26:35.184+0000][gc,heap     ] GC(870) Old regions: 226->226
[2026-01-16T09:26:35.185+0000][gc,heap     ] GC(870) Humongous regions: 132->132
[2026-01-16T09:26:35.185+0000][gc,metaspace] GC(870) Metaspace: 13054K(13440K)->13054K(13440K) NonClass: 11938K(12096K)->11938K(12096K) Class: 1116K(1344K)->1116K(1344K)
[2026-01-16T09:26:35.186+0000][gc          ] GC(870) Pause Young (Normal) (G1 Evacuation Pause) 407M->357M(1024M) 259.331ms
[2026-01-16T09:26:35.186+0000][gc,cpu      ] GC(870) User=0.14s Sys=0.01s Real=0.26s
[2026-01-16T09:26:39.775+0000][gc,start    ] GC(871) Pause Young (Normal) (G1 Evacuation Pause)
[2026-01-16T09:26:39.784+0000][gc,task     ] GC(871) Using 8 workers of 8 for evacuation
[2026-01-16T09:26:40.200+0000][gc,mmu      ] GC(871) MMU target violated: 201.0ms (200.0ms/201.0ms)
[2026-01-16T09:26:40.200+0000][gc,phases   ] GC(871)   Pre Evacuate Collection Set: 19.7ms
[2026-01-16T09:26:40.201+0000][gc,phases   ] GC(871)   Merge Heap Roots: 2.9ms
[2026-01-16T09:26:40.201+0000][gc,phases   ] GC(871)   Evacuate Collection Set: 363.7ms
[2026-01-16T09:26:40.202+0000][gc,phases   ] GC(871)   Post Evacuate Collection Set: 28.6ms
[2026-01-16T09:26:40.202+0000][gc,phases   ] GC(871)   Other: 9.7ms
[2026-01-16T09:26:40.203+0000][gc,heap     ] GC(871) Eden regions: 50->0(49)
[2026-01-16T09:26:40.203+0000][gc,heap     ] GC(871) Survivor regions: 1->2(7)
[2026-01-16T09:26:40.203+0000][gc,heap     ] GC(871) Old regions: 226->226
[2026-01-16T09:26:40.204+0000][gc,heap     ] GC(871) Humongous regions: 132->132
[2026-01-16T09:26:40.209+0000][gc,metaspace] GC(871) Metaspace: 13059K(13504K)->13059K(13504K) NonClass: 11940K(12160K)->11940K(12160K) Class: 1118K(1344K)->1118K(1344K)
[2026-01-16T09:26:40.212+0000][gc          ] GC(871) Pause Young (Normal) (G1 Evacuation Pause) 407M->358M(1024M) 437.771ms
[2026-01-16T09:26:40.213+0000][gc,cpu      ] GC(871) User=0.20s Sys=0.03s Real=0.44s
[2026-01-16T09:26:44.893+0000][gc,start    ] GC(872) Pause Young (Normal) (G1 Evacuation Pause)
[2026-01-16T09:26:44.894+0000][gc,task     ] GC(872) Using 8 workers of 8 for evacuation
[2026-01-16T09:26:46.093+0000][gc,mmu      ] GC(872) MMU target violated: 201.0ms (200.0ms/201.0ms)
[2026-01-16T09:26:46.100+0000][gc,phases   ] GC(872)   Pre Evacuate Collection Set: 187.0ms
[2026-01-16T09:26:46.106+0000][gc,phases   ] GC(872)   Merge Heap Roots: 34.4ms
[2026-01-16T09:26:46.107+0000][gc,phases   ] GC(872)   Evacuate Collection Set: 901.7ms
[2026-01-16T09:26:46.107+0000][gc,phases   ] GC(872)   Post Evacuate Collection Set: 73.3ms
[2026-01-16T09:26:46.107+0000][gc,phases   ] GC(872)   Other: 10.3ms
[2026-01-16T09:26:46.107+0000][gc,heap     ] GC(872) Eden regions: 49->0(48)
[2026-01-16T09:26:46.108+0000][gc,heap     ] GC(872) Survivor regions: 2->3(7)
[2026-01-16T09:26:46.108+0000][gc,heap     ] GC(872) Old regions: 226->226
[2026-01-16T09:26:46.108+0000][gc,heap     ] GC(872) Humongous regions: 132->132
[2026-01-16T09:26:46.108+0000][gc,metaspace] GC(872) Metaspace: 13059K(13504K)->13059K(13504K) NonClass: 11940K(12160K)->11940K(12160K) Class: 1118K(1344K)->1118K(1344K)
[2026-01-16T09:26:46.109+0000][gc          ] GC(872) Pause Young (Normal) (G1 Evacuation Pause) 407M->359M(1024M) 1216.225ms
[2026-01-16T09:26:46.112+0000][gc,cpu      ] GC(872) User=0.52s Sys=0.05s Real=1.22s
[2026-01-16T09:26:50.035+0000][gc,start    ] GC(873) Pause Young (Normal) (G1 Evacuation Pause)
[2026-01-16T09:26:50.039+0000][gc,task     ] GC(873) Using 8 workers of 8 for evacuation
[2026-01-16T09:26:50.239+0000][gc,phases   ] GC(873)   Pre Evacuate Collection Set: 27.3ms
[2026-01-16T09:26:50.239+0000][gc,phases   ] GC(873)   Merge Heap Roots: 1.0ms
[2026-01-16T09:26:50.239+0000][gc,phases   ] GC(873)   Evacuate Collection Set: 132.7ms
[2026-01-16T09:26:50.240+0000][gc,phases   ] GC(873)   Post Evacuate Collection Set: 15.5ms
[2026-01-16T09:26:50.240+0000][gc,phases   ] GC(873)   Other: 24.0ms
[2026-01-16T09:26:50.240+0000][gc,heap     ] GC(873) Eden regions: 48->0(49)
[2026-01-16T09:26:50.240+0000][gc,heap     ] GC(873) Survivor regions: 3->2(7)
[2026-01-16T09:26:50.240+0000][gc,heap     ] GC(873) Old regions: 226->226
[2026-01-16T09:26:50.240+0000][gc,heap     ] GC(873) Humongous regions: 132->132
[2026-01-16T09:26:50.241+0000][gc,metaspace] GC(873) Metaspace: 13060K(13504K)->13060K(13504K) NonClass: 11941K(12160K)->11941K(12160K) Class: 1118K(1344K)->1118K(1344K)
[2026-01-16T09:26:50.241+0000][gc          ] GC(873) Pause Young (Normal) (G1 Evacuation Pause) 407M->358M(1024M) 205.465ms
[2026-01-16T09:26:50.241+0000][gc,cpu      ] GC(873) User=0.20s Sys=0.01s Real=0.21s
[2026-01-16T09:26:54.912+0000][gc,start    ] GC(874) Pause Young (Normal) (G1 Evacuation Pause)
[2026-01-16T09:26:54.915+0000][gc,task     ] GC(874) Using 8 workers of 8 for evacuation
[2026-01-16T09:26:55.698+0000][gc,mmu      ] GC(874) MMU target violated: 201.0ms (200.0ms/201.0ms)
[2026-01-16T09:26:55.701+0000][gc,phases   ] GC(874)   Pre Evacuate Collection Set: 76.3ms
[2026-01-16T09:26:55.705+0000][gc,phases   ] GC(874)   Merge Heap Roots: 10.2ms
[2026-01-16T09:26:55.706+0000][gc,phases   ] GC(874)   Evacuate Collection Set: 622.0ms
[2026-01-16T09:26:55.706+0000][gc,phases   ] GC(874)   Post Evacuate Collection Set: 73.3ms
[2026-01-16T09:26:55.707+0000][gc,phases   ] GC(874)   Other: 5.2ms
[2026-01-16T09:26:55.708+0000][gc,heap     ] GC(874) Eden regions: 49->0(48)
[2026-01-16T09:26:55.710+0000][gc,heap     ] GC(874) Survivor regions: 2->3(7)
[2026-01-16T09:26:55.710+0000][gc,heap     ] GC(874) Old regions: 226->226
[2026-01-16T09:26:55.711+0000][gc,heap     ] GC(874) Humongous regions: 132->132
[2026-01-16T09:26:55.713+0000][gc,metaspace] GC(874) Metaspace: 13064K(13504K)->13064K(13504K) NonClass: 11945K(12160K)->11945K(12160K) Class: 1118K(1344K)->1118K(1344K)
[2026-01-16T09:26:55.715+0000][gc          ] GC(874) Pause Young (Normal) (G1 Evacuation Pause) 407M->359M(1024M) 802.525ms
[2026-01-16T09:26:55.720+0000][gc,cpu      ] GC(874) User=0.39s Sys=0.04s Real=0.80s
[2026-01-16T09:26:58.468+0000][gc,start    ] GC(875) Pause Young (Normal) (G1 Evacuation Pause)
[2026-01-16T09:26:58.475+0000][gc,task     ] GC(875) Using 8 workers of 8 for evacuation
[2026-01-16T09:26:58.874+0000][gc,mmu      ] GC(875) MMU target violated: 201.0ms (200.0ms/201.0ms)
[2026-01-16T09:26:58.876+0000][gc,phases   ] GC(875)   Pre Evacuate Collection Set: 56.8ms
[2026-01-16T09:26:58.877+0000][gc,phases   ] GC(875)   Merge Heap Roots: 4.4ms
[2026-01-16T09:26:58.878+0000][gc,phases   ] GC(875)   Evacuate Collection Set: 323.9ms
[2026-01-16T09:26:58.880+0000][gc,phases   ] GC(875)   Post Evacuate Collection Set: 8.6ms
[2026-01-16T09:26:58.880+0000][gc,phases   ] GC(875)   Other: 7.5ms
[2026-01-16T09:26:58.880+0000][gc,heap     ] GC(875) Eden regions: 48->0(48)
[2026-01-16T09:26:58.881+0000][gc,heap     ] GC(875) Survivor regions: 3->3(7)
[2026-01-16T09:26:58.882+0000][gc,heap     ] GC(875) Old regions: 226->226
[2026-01-16T09:26:58.882+0000][gc,heap     ] GC(875) Humongous regions: 132->132
[2026-01-16T09:26:58.882+0000][gc,metaspace] GC(875) Metaspace: 13065K(13504K)->13065K(13504K) NonClass: 11946K(12160K)->11946K(12160K) Class: 1118K(1344K)->1118K(1344K)
[2026-01-16T09:26:58.882+0000][gc          ] GC(875) Pause Young (Normal) (G1 Evacuation Pause) 407M->360M(1024M) 413.870ms
[2026-01-16T09:26:58.883+0000][gc,cpu      ] GC(875) User=0.26s Sys=0.01s Real=0.42s
[2026-01-16T09:27:01.985+0000][gc,start    ] GC(876) Pause Young (Normal) (G1 Evacuation Pause)
[2026-01-16T09:27:02.001+0000][gc,task     ] GC(876) Using 8 workers of 8 for evacuation
[2026-01-16T09:27:03.007+0000][gc,mmu      ] GC(876) MMU target violated: 201.0ms (200.0ms/201.0ms)
[2026-01-16T09:27:03.011+0000][gc,phases   ] GC(876)   Pre Evacuate Collection Set: 30.9ms
[2026-01-16T09:27:03.012+0000][gc,phases   ] GC(876)   Merge Heap Roots: 9.4ms
[2026-01-16T09:27:03.012+0000][gc,phases   ] GC(876)   Evacuate Collection Set: 866.5ms
[2026-01-16T09:27:03.014+0000][gc,phases   ] GC(876)   Post Evacuate Collection Set: 87.3ms
[2026-01-16T09:27:03.015+0000][gc,phases   ] GC(876)   Other: 16.4ms
[2026-01-16T09:27:03.015+0000][gc,heap     ] GC(876) Eden regions: 48->0(48)
[2026-01-16T09:27:03.015+0000][gc,heap     ] GC(876) Survivor regions: 3->3(7)
[2026-01-16T09:27:03.016+0000][gc,heap     ] GC(876) Old regions: 226->226
[2026-01-16T09:27:03.016+0000][gc,heap     ] GC(876) Humongous regions: 132->132
[2026-01-16T09:27:03.016+0000][gc,metaspace] GC(876) Metaspace: 13065K(13504K)->13065K(13504K) NonClass: 11946K(12160K)->11946K(12160K) Class: 1118K(1344K)->1118K(1344K)
[2026-01-16T09:27:03.017+0000][gc          ] GC(876) Pause Young (Normal) (G1 Evacuation Pause) 408M->359M(1024M) 1031.991ms
[2026-01-16T09:27:03.017+0000][gc,cpu      ] GC(876) User=0.49s Sys=0.04s Real=1.03s
[2026-01-16T09:27:04.905+0000][gc,start    ] GC(877) Pause Young (Normal) (G1 Evacuation Pause)
[2026-01-16T09:27:04.907+0000][gc,task     ] GC(877) Using 8 workers of 8 for evacuation
[2026-01-16T09:27:05.148+0000][gc,mmu      ] GC(877) MMU target violated: 201.0ms (200.0ms/201.0ms)
[2026-01-16T09:27:05.149+0000][gc,phases   ] GC(877)   Pre Evacuate Collection Set: 25.2ms
[2026-01-16T09:27:05.149+0000][gc,phases   ] GC(877)   Merge Heap Roots: 0.5ms
[2026-01-16T09:27:05.149+0000][gc,phases   ] GC(877)   Evacuate Collection Set: 204.7ms
[2026-01-16T09:27:05.150+0000][gc,phases   ] GC(877)   Post Evacuate Collection Set: 7.4ms
[2026-01-16T09:27:05.150+0000][gc,phases   ] GC(877)   Other: 5.0ms
[2026-01-16T09:27:05.151+0000][gc,heap     ] GC(877) Eden regions: 48->0(49)
[2026-01-16T09:27:05.151+0000][gc,heap     ] GC(877) Survivor regions: 3->2(7)
[2026-01-16T09:27:05.151+0000][gc,heap     ] GC(877) Old regions: 226->226
[2026-01-16T09:27:05.151+0000][gc,heap     ] GC(877) Humongous regions: 132->132
[2026-01-16T09:27:05.152+0000][gc,metaspace] GC(877) Metaspace: 13065K(13504K)->13065K(13504K) NonClass: 11946K(12160K)->11946K(12160K) Class: 1118K(1344K)->1118K(1344K)
[2026-01-16T09:27:05.152+0000][gc          ] GC(877) Pause Young (Normal) (G1 Evacuation Pause) 407M->358M(1024M) 247.367ms
[2026-01-16T09:27:05.152+0000][gc,cpu      ] GC(877) User=0.19s Sys=0.02s Real=0.25s
[2026-01-16T09:27:06.184+0000][gc,start    ] GC(878) Pause Young (Normal) (G1 Evacuation Pause)
[2026-01-16T09:27:06.187+0000][gc,task     ] GC(878) Using 8 workers of 8 for evacuation
[2026-01-16T09:27:06.276+0000][gc,phases   ] GC(878)   Pre Evacuate Collection Set: 3.9ms
[2026-01-16T09:27:06.277+0000][gc,phases   ] GC(878)   Merge Heap Roots: 3.0ms
[2026-01-16T09:27:06.278+0000][gc,phases   ] GC(878)   Evacuate Collection Set: 77.9ms
[2026-01-16T09:27:06.278+0000][gc,phases   ] GC(878)   Post Evacuate Collection Set: 3.0ms
[2026-01-16T09:27:06.278+0000][gc,phases   ] GC(878)   Other: 1.9ms
[2026-01-16T09:27:06.280+0000][gc,heap     ] GC(878) Eden regions: 49->0(49)
[2026-01-16T09:27:06.280+0000][gc,heap     ] GC(878) Survivor regions: 2->2(7)
[2026-01-16T09:27:06.280+0000][gc,heap     ] GC(878) Old regions: 226->226
[2026-01-16T09:27:06.281+0000][gc,heap     ] GC(878) Humongous regions: 132->132
[2026-01-16T09:27:06.281+0000][gc,metaspace] GC(878) Metaspace: 13065K(13504K)->13065K(13504K) NonClass: 11946K(12160K)->11946K(12160K) Class: 1118K(1344K)->1118K(1344K)
[2026-01-16T09:27:06.281+0000][gc          ] GC(878) Pause Young (Normal) (G1 Evacuation Pause) 407M->359M(1024M) 97.056ms
[2026-01-16T09:27:06.281+0000][gc,cpu      ] GC(878) User=0.06s Sys=0.00s Real=0.10s
[2026-01-16T09:27:06.929+0000][gc,start    ] GC(879) Pause Young (Normal) (G1 Evacuation Pause)
[2026-01-16T09:27:06.930+0000][gc,task     ] GC(879) Using 8 workers of 8 for evacuation
[2026-01-16T09:27:07.195+0000][gc,mmu      ] GC(879) MMU target violated: 201.0ms (200.0ms/201.0ms)
[2026-01-16T09:27:07.197+0000][gc,phases   ] GC(879)   Pre Evacuate Collection Set: 12.9ms
[2026-01-16T09:27:07.197+0000][gc,phases   ] GC(879)   Merge Heap Roots: 2.7ms
[2026-01-16T09:27:07.197+0000][gc,phases   ] GC(879)   Evacuate Collection Set: 231.9ms
[2026-01-16T09:27:07.198+0000][gc,phases   ] GC(879)   Post Evacuate Collection Set: 16.9ms
[2026-01-16T09:27:07.198+0000][gc,phases   ] GC(879)   Other: 2.6ms
[2026-01-16T09:27:07.198+0000][gc,heap     ] GC(879) Eden regions: 49->0(48)
[2026-01-16T09:27:07.201+0000][gc,heap     ] GC(879) Survivor regions: 2->3(7)
[2026-01-16T09:27:07.208+0000][gc,heap     ] GC(879) Old regions: 226->226
[2026-01-16T09:27:07.209+0000][gc,heap     ] GC(879) Humongous regions: 132->132
[2026-01-16T09:27:07.209+0000][gc,metaspace] GC(879) Metaspace: 13065K(13504K)->13065K(13504K) NonClass: 11946K(12160K)->11946K(12160K) Class: 1118K(1344K)->1118K(1344K)
[2026-01-16T09:27:07.209+0000][gc          ] GC(879) Pause Young (Normal) (G1 Evacuation Pause) 408M->360M(1024M) 279.652ms
[2026-01-16T09:27:07.209+0000][gc,cpu      ] GC(879) User=0.17s Sys=0.01s Real=0.28s
[2026-01-16T09:27:15.523+0000][gc,start    ] GC(880) Pause Young (Normal) (G1 Evacuation Pause)
[2026-01-16T09:27:15.524+0000][gc,task     ] GC(880) Using 8 workers of 8 for evacuation
[2026-01-16T09:27:15.710+0000][gc,phases   ] GC(880)   Pre Evacuate Collection Set: 12.0ms
[2026-01-16T09:27:15.710+0000][gc,phases   ] GC(880)   Merge Heap Roots: 2.9ms
[2026-01-16T09:27:15.710+0000][gc,phases   ] GC(880)   Evacuate Collection Set: 163.1ms
[2026-01-16T09:27:15.711+0000][gc,phases   ] GC(880)   Post Evacuate Collection Set: 4.9ms
[2026-01-16T09:27:15.711+0000][gc,phases   ] GC(880)   Other: 3.1ms
[2026-01-16T09:27:15.711+0000][gc,heap     ] GC(880) Eden regions: 48->0(49)
[2026-01-16T09:27:15.712+0000][gc,heap     ] GC(880) Survivor regions: 3->2(7)
[2026-01-16T09:27:15.712+0000][gc,heap     ] GC(880) Old regions: 226->226
[2026-01-16T09:27:15.713+0000][gc,heap     ] GC(880) Humongous regions: 132->132
[2026-01-16T09:27:15.713+0000][gc,metaspace] GC(880) Metaspace: 13065K(13504K)->13065K(13504K) NonClass: 11946K(12160K)->11946K(12160K) Class: 1118K(1344K)->1118K(1344K)
[2026-01-16T09:27:15.715+0000][gc          ] GC(880) Pause Young (Normal) (G1 Evacuation Pause) 408M->359M(1024M) 191.627ms
[2026-01-16T09:27:15.715+0000][gc,cpu      ] GC(880) User=0.16s Sys=0.01s Real=0.20s
[2026-01-16T09:27:16.594+0000][gc,start    ] GC(881) Pause Young (Normal) (G1 Evacuation Pause)
[2026-01-16T09:27:16.595+0000][gc,task     ] GC(881) Using 8 workers of 8 for evacuation
[2026-01-16T09:27:16.741+0000][gc,phases   ] GC(881)   Pre Evacuate Collection Set: 3.2ms
[2026-01-16T09:27:16.743+0000][gc,phases   ] GC(881)   Merge Heap Roots: 0.5ms
[2026-01-16T09:27:16.743+0000][gc,phases   ] GC(881)   Evacuate Collection Set: 134.1ms
[2026-01-16T09:27:16.744+0000][gc,phases   ] GC(881)   Post Evacuate Collection Set: 4.3ms
[2026-01-16T09:27:16.744+0000][gc,phases   ] GC(881)   Other: 4.1ms
[2026-01-16T09:27:16.744+0000][gc,heap     ] GC(881) Eden regions: 49->0(48)
[2026-01-16T09:27:16.744+0000][gc,heap     ] GC(881) Survivor regions: 2->3(7)
[2026-01-16T09:27:16.744+0000][gc,heap     ] GC(881) Old regions: 226->226
[2026-01-16T09:27:16.744+0000][gc,heap     ] GC(881) Humongous regions: 132->132
[2026-01-16T09:27:16.744+0000][gc,metaspace] GC(881) Metaspace: 13065K(13504K)->13065K(13504K) NonClass: 11946K(12160K)->11946K(12160K) Class: 1118K(1344K)->1118K(1344K)
[2026-01-16T09:27:16.747+0000][gc          ] GC(881) Pause Young (Normal) (G1 Evacuation Pause) 408M->360M(1024M) 153.482ms
[2026-01-16T09:27:16.748+0000][gc,cpu      ] GC(881) User=0.10s Sys=0.00s Real=0.15s
[2026-01-16T09:27:24.586+0000][gc,start    ] GC(882) Pause Young (Normal) (G1 Evacuation Pause)
[2026-01-16T09:27:24.588+0000][gc,task     ] GC(882) Using 8 workers of 8 for evacuation
[2026-01-16T09:27:24.726+0000][gc,phases   ] GC(882)   Pre Evacuate Collection Set: 13.0ms
[2026-01-16T09:27:24.727+0000][gc,phases   ] GC(882)   Merge Heap Roots: 2.7ms
[2026-01-16T09:27:24.729+0000][gc,phases   ] GC(882)   Evacuate Collection Set: 107.3ms
[2026-01-16T09:27:24.729+0000][gc,phases   ] GC(882)   Post Evacuate Collection Set: 11.9ms
[2026-01-16T09:27:24.730+0000][gc,phases   ] GC(882)   Other: 3.6ms
[2026-01-16T09:27:24.730+0000][gc,heap     ] GC(882) Eden regions: 48->0(49)
[2026-01-16T09:27:24.730+0000][gc,heap     ] GC(882) Survivor regions: 3->2(7)
[2026-01-16T09:27:24.730+0000][gc,heap     ] GC(882) Old regions: 226->226
[2026-01-16T09:27:24.730+0000][gc,heap     ] GC(882) Humongous regions: 132->132
[2026-01-16T09:27:24.730+0000][gc,metaspace] GC(882) Metaspace: 13065K(13504K)->13065K(13504K) NonClass: 11946K(12160K)->11946K(12160K) Class: 1118K(1344K)->1118K(1344K)
[2026-01-16T09:27:24.731+0000][gc          ] GC(882) Pause Young (Normal) (G1 Evacuation Pause) 408M->359M(1024M) 144.560ms
[2026-01-16T09:27:24.731+0000][gc,cpu      ] GC(882) User=0.22s Sys=0.01s Real=0.14s
[2026-01-16T09:27:25.997+0000][gc,start    ] GC(883) Pause Young (Normal) (G1 Evacuation Pause)
[2026-01-16T09:27:26.000+0000][gc,task     ] GC(883) Using 8 workers of 8 for evacuation
[2026-01-16T09:27:26.140+0000][gc,phases   ] GC(883)   Pre Evacuate Collection Set: 6.4ms
[2026-01-16T09:27:26.141+0000][gc,phases   ] GC(883)   Merge Heap Roots: 0.4ms
[2026-01-16T09:27:26.142+0000][gc,phases   ] GC(883)   Evacuate Collection Set: 127.8ms
[2026-01-16T09:27:26.142+0000][gc,phases   ] GC(883)   Post Evacuate Collection Set: 3.9ms
[2026-01-16T09:27:26.143+0000][gc,phases   ] GC(883)   Other: 1.5ms
[2026-01-16T09:27:26.144+0000][gc,heap     ] GC(883) Eden regions: 49->0(48)
[2026-01-16T09:27:26.144+0000][gc,heap     ] GC(883) Survivor regions: 2->3(7)
[2026-01-16T09:27:26.144+0000][gc,heap     ] GC(883) Old regions: 226->226
[2026-01-16T09:27:26.145+0000][gc,heap     ] GC(883) Humongous regions: 132->132
[2026-01-16T09:27:26.145+0000][gc,metaspace] GC(883) Metaspace: 13065K(13504K)->13065K(13504K) NonClass: 11946K(12160K)->11946K(12160K) Class: 1118K(1344K)->1118K(1344K)
[2026-01-16T09:27:26.146+0000][gc          ] GC(883) Pause Young (Normal) (G1 Evacuation Pause) 408M->360M(1024M) 149.080ms
[2026-01-16T09:27:26.147+0000][gc,cpu      ] GC(883) User=0.10s Sys=0.01s Real=0.15s
[2026-01-16T09:27:26.702+0000][gc,start    ] GC(884) Pause Young (Normal) (G1 Evacuation Pause)
[2026-01-16T09:27:26.703+0000][gc,task     ] GC(884) Using 8 workers of 8 for evacuation
[2026-01-16T09:27:26.738+0000][gc,phases   ] GC(884)   Pre Evacuate Collection Set: 4.3ms
[2026-01-16T09:27:26.739+0000][gc,phases   ] GC(884)   Merge Heap Roots: 0.2ms
[2026-01-16T09:27:26.740+0000][gc,phases   ] GC(884)   Evacuate Collection Set: 25.7ms
[2026-01-16T09:27:26.740+0000][gc,phases   ] GC(884)   Post Evacuate Collection Set: 2.6ms
[2026-01-16T09:27:26.741+0000][gc,phases   ] GC(884)   Other: 2.2ms
[2026-01-16T09:27:26.741+0000][gc,heap     ] GC(884) Eden regions: 48->0(48)
[2026-01-16T09:27:26.741+0000][gc,heap     ] GC(884) Survivor regions: 3->3(7)
[2026-01-16T09:27:26.742+0000][gc,heap     ] GC(884) Old regions: 226->226
[2026-01-16T09:27:26.742+0000][gc,heap     ] GC(884) Humongous regions: 132->132
[2026-01-16T09:27:26.744+0000][gc,metaspace] GC(884) Metaspace: 13065K(13504K)->13065K(13504K) NonClass: 11946K(12160K)->11946K(12160K) Class: 1118K(1344K)->1118K(1344K)
[2026-01-16T09:27:26.745+0000][gc          ] GC(884) Pause Young (Normal) (G1 Evacuation Pause) 408M->360M(1024M) 42.884ms
[2026-01-16T09:27:26.745+0000][gc,cpu      ] GC(884) User=0.03s Sys=0.01s Real=0.05s
[2026-01-16T09:27:35.895+0000][gc,start    ] GC(885) Pause Young (Normal) (G1 Evacuation Pause)
[2026-01-16T09:27:35.899+0000][gc,task     ] GC(885) Using 8 workers of 8 for evacuation
[2026-01-16T09:27:36.114+0000][gc,mmu      ] GC(885) MMU target violated: 201.0ms (200.0ms/201.0ms)
[2026-01-16T09:27:36.114+0000][gc,phases   ] GC(885)   Pre Evacuate Collection Set: 15.1ms
[2026-01-16T09:27:36.115+0000][gc,phases   ] GC(885)   Merge Heap Roots: 2.2ms
[2026-01-16T09:27:36.115+0000][gc,phases   ] GC(885)   Evacuate Collection Set: 193.6ms
[2026-01-16T09:27:36.116+0000][gc,phases   ] GC(885)   Post Evacuate Collection Set: 3.2ms
[2026-01-16T09:27:36.125+0000][gc,phases   ] GC(885)   Other: 1.8ms
[2026-01-16T09:27:36.125+0000][gc,heap     ] GC(885) Eden regions: 48->0(48)
[2026-01-16T09:27:36.125+0000][gc,heap     ] GC(885) Survivor regions: 3->3(7)
[2026-01-16T09:27:36.125+0000][gc,heap     ] GC(885) Old regions: 226->226
[2026-01-16T09:27:36.125+0000][gc,heap     ] GC(885) Humongous regions: 132->132
[2026-01-16T09:27:36.125+0000][gc,metaspace] GC(885) Metaspace: 13066K(13504K)->13066K(13504K) NonClass: 11947K(12160K)->11947K(12160K) Class: 1118K(1344K)->1118K(1344K)
[2026-01-16T09:27:36.126+0000][gc          ] GC(885) Pause Young (Normal) (G1 Evacuation Pause) 408M->360M(1024M) 231.162ms
[2026-01-16T09:27:36.126+0000][gc,cpu      ] GC(885) User=0.24s Sys=0.01s Real=0.23s
[2026-01-16T09:27:36.779+0000][gc,start    ] GC(886) Pause Young (Normal) (G1 Evacuation Pause)
[2026-01-16T09:27:36.780+0000][gc,task     ] GC(886) Using 8 workers of 8 for evacuation
[2026-01-16T09:27:36.835+0000][gc,phases   ] GC(886)   Pre Evacuate Collection Set: 1.9ms
[2026-01-16T09:27:36.840+0000][gc,phases   ] GC(886)   Merge Heap Roots: 0.2ms
[2026-01-16T09:27:36.844+0000][gc,phases   ] GC(886)   Evacuate Collection Set: 51.6ms
[2026-01-16T09:27:36.845+0000][gc,phases   ] GC(886)   Post Evacuate Collection Set: 1.1ms
[2026-01-16T09:27:36.845+0000][gc,phases   ] GC(886)   Other: 0.5ms
[2026-01-16T09:27:36.845+0000][gc,heap     ] GC(886) Eden regions: 48->0(48)
[2026-01-16T09:27:36.845+0000][gc,heap     ] GC(886) Survivor regions: 3->3(7)
[2026-01-16T09:27:36.846+0000][gc,heap     ] GC(886) Old regions: 226->226
[2026-01-16T09:27:36.846+0000][gc,heap     ] GC(886) Humongous regions: 132->132
[2026-01-16T09:27:36.847+0000][gc,metaspace] GC(886) Metaspace: 13066K(13504K)->13066K(13504K) NonClass: 11947K(12160K)->11947K(12160K) Class: 1118K(1344K)->1118K(1344K)
[2026-01-16T09:27:36.847+0000][gc          ] GC(886) Pause Young (Normal) (G1 Evacuation Pause) 408M->360M(1024M) 68.091ms
[2026-01-16T09:27:36.848+0000][gc,cpu      ] GC(886) User=0.04s Sys=0.00s Real=0.07s
[2026-01-16T09:27:45.277+0000][gc,start    ] GC(887) Pause Young (Normal) (G1 Evacuation Pause)
[2026-01-16T09:27:45.279+0000][gc,task     ] GC(887) Using 8 workers of 8 for evacuation
[2026-01-16T09:27:45.883+0000][gc,mmu      ] GC(887) MMU target violated: 201.0ms (200.0ms/201.0ms)
[2026-01-16T09:27:45.885+0000][gc,phases   ] GC(887)   Pre Evacuate Collection Set: 24.1ms
[2026-01-16T09:27:45.888+0000][gc,phases   ] GC(887)   Merge Heap Roots: 7.5ms
[2026-01-16T09:27:45.888+0000][gc,phases   ] GC(887)   Evacuate Collection Set: 555.8ms
[2026-01-16T09:27:45.888+0000][gc,phases   ] GC(887)   Post Evacuate Collection Set: 12.4ms
[2026-01-16T09:27:45.888+0000][gc,phases   ] GC(887)   Other: 7.3ms
[2026-01-16T09:27:45.889+0000][gc,heap     ] GC(887) Eden regions: 55->0(49)
[2026-01-16T09:27:45.889+0000][gc,heap     ] GC(887) Survivor regions: 3->2(8)
[2026-01-16T09:27:45.890+0000][gc,heap     ] GC(887) Old regions: 226->227
[2026-01-16T09:27:45.891+0000][gc,heap     ] GC(887) Humongous regions: 132->132
[2026-01-16T09:27:45.891+0000][gc,metaspace] GC(887) Metaspace: 13066K(13504K)->13066K(13504K) NonClass: 11947K(12160K)->11947K(12160K) Class: 1118K(1344K)->1118K(1344K)
[2026-01-16T09:27:45.892+0000][gc          ] GC(887) Pause Young (Normal) (G1 Evacuation Pause) 415M->360M(1024M) 615.870ms
[2026-01-16T09:27:45.894+0000][gc,cpu      ] GC(887) User=0.33s Sys=0.02s Real=0.62s
[2026-01-16T09:27:47.427+0000][gc,start    ] GC(888) Pause Young (Normal) (G1 Evacuation Pause)
[2026-01-16T09:27:47.431+0000][gc,task     ] GC(888) Using 8 workers of 8 for evacuation
[2026-01-16T09:27:47.543+0000][gc,phases   ] GC(888)   Pre Evacuate Collection Set: 15.8ms
[2026-01-16T09:27:47.544+0000][gc,phases   ] GC(888)   Merge Heap Roots: 1.7ms
[2026-01-16T09:27:47.544+0000][gc,phases   ] GC(888)   Evacuate Collection Set: 84.5ms
[2026-01-16T09:27:47.546+0000][gc,phases   ] GC(888)   Post Evacuate Collection Set: 2.2ms
[2026-01-16T09:27:47.546+0000][gc,phases   ] GC(888)   Other: 9.1ms
[2026-01-16T09:27:47.546+0000][gc,heap     ] GC(888) Eden regions: 49->0(48)
[2026-01-16T09:27:47.546+0000][gc,heap     ] GC(888) Survivor regions: 2->3(7)
[2026-01-16T09:27:47.546+0000][gc,heap     ] GC(888) Old regions: 227->227
[2026-01-16T09:27:47.546+0000][gc,heap     ] GC(888) Humongous regions: 132->132
[2026-01-16T09:27:47.546+0000][gc,metaspace] GC(888) Metaspace: 13066K(13504K)->13066K(13504K) NonClass: 11947K(12160K)->11947K(12160K) Class: 1118K(1344K)->1118K(1344K)
[2026-01-16T09:27:47.546+0000][gc          ] GC(888) Pause Young (Normal) (G1 Evacuation Pause) 409M->360M(1024M) 119.266ms
[2026-01-16T09:27:47.546+0000][gc,cpu      ] GC(888) User=0.08s Sys=0.02s Real=0.12s
[2026-01-16T09:27:54.661+0000][gc,start    ] GC(889) Pause Young (Normal) (G1 Evacuation Pause)
[2026-01-16T09:27:54.670+0000][gc,task     ] GC(889) Using 8 workers of 8 for evacuation
[2026-01-16T09:27:54.868+0000][gc,phases   ] GC(889)   Pre Evacuate Collection Set: 16.6ms
[2026-01-16T09:27:54.868+0000][gc,phases   ] GC(889)   Merge Heap Roots: 3.3ms
[2026-01-16T09:27:54.869+0000][gc,phases   ] GC(889)   Evacuate Collection Set: 152.5ms
[2026-01-16T09:27:54.869+0000][gc,phases   ] GC(889)   Post Evacuate Collection Set: 13.1ms
[2026-01-16T09:27:54.869+0000][gc,phases   ] GC(889)   Other: 13.2ms
[2026-01-16T09:27:54.869+0000][gc,heap     ] GC(889) Eden regions: 48->0(49)
[2026-01-16T09:27:54.869+0000][gc,heap     ] GC(889) Survivor regions: 3->2(7)
[2026-01-16T09:27:54.869+0000][gc,heap     ] GC(889) Old regions: 227->227
[2026-01-16T09:27:54.869+0000][gc,heap     ] GC(889) Humongous regions: 132->132
[2026-01-16T09:27:54.869+0000][gc,metaspace] GC(889) Metaspace: 13066K(13504K)->13066K(13504K) NonClass: 11947K(12160K)->11947K(12160K) Class: 1118K(1344K)->1118K(1344K)
[2026-01-16T09:27:54.870+0000][gc          ] GC(889) Pause Young (Normal) (G1 Evacuation Pause) 408M->360M(1024M) 209.348ms
[2026-01-16T09:27:54.870+0000][gc,cpu      ] GC(889) User=0.15s Sys=0.01s Real=0.21s
[2026-01-16T09:27:56.545+0000][gc,start    ] GC(890) Pause Young (Normal) (G1 Evacuation Pause)
[2026-01-16T09:27:56.546+0000][gc,task     ] GC(890) Using 8 workers of 8 for evacuation
[2026-01-16T09:27:56.655+0000][gc,phases   ] GC(890)   Pre Evacuate Collection Set: 21.5ms
[2026-01-16T09:27:56.658+0000][gc,phases   ] GC(890)   Merge Heap Roots: 0.6ms
[2026-01-16T09:27:56.659+0000][gc,phases   ] GC(890)   Evacuate Collection Set: 78.8ms
[2026-01-16T09:27:56.659+0000][gc,phases   ] GC(890)   Post Evacuate Collection Set: 7.4ms
[2026-01-16T09:27:56.659+0000][gc,phases   ] GC(890)   Other: 1.2ms
[2026-01-16T09:27:56.659+0000][gc,heap     ] GC(890) Eden regions: 58->0(48)
[2026-01-16T09:27:56.660+0000][gc,heap     ] GC(890) Survivor regions: 2->3(8)
[2026-01-16T09:27:56.661+0000][gc,heap     ] GC(890) Old regions: 227->227
[2026-01-16T09:27:56.661+0000][gc,heap     ] GC(890) Humongous regions: 132->132
[2026-01-16T09:27:56.662+0000][gc,metaspace] GC(890) Metaspace: 13066K(13504K)->13066K(13504K) NonClass: 11947K(12160K)->11947K(12160K) Class: 1118K(1344K)->1118K(1344K)
[2026-01-16T09:27:56.662+0000][gc          ] GC(890) Pause Young (Normal) (G1 Evacuation Pause) 418M->360M(1024M) 117.352ms
[2026-01-16T09:27:56.663+0000][gc,cpu      ] GC(890) User=0.10s Sys=0.01s Real=0.12s
[2026-01-16T09:28:04.423+0000][gc,start    ] GC(891) Pause Young (Normal) (G1 Evacuation Pause)
[2026-01-16T09:28:04.424+0000][gc,task     ] GC(891) Using 8 workers of 8 for evacuation
[2026-01-16T09:28:04.501+0000][gc,phases   ] GC(891)   Pre Evacuate Collection Set: 15.5ms
[2026-01-16T09:28:04.502+0000][gc,phases   ] GC(891)   Merge Heap Roots: 4.1ms
[2026-01-16T09:28:04.502+0000][gc,phases   ] GC(891)   Evacuate Collection Set: 42.2ms
[2026-01-16T09:28:04.502+0000][gc,phases   ] GC(891)   Post Evacuate Collection Set: 13.6ms
[2026-01-16T09:28:04.503+0000][gc,phases   ] GC(891)   Other: 1.5ms
[2026-01-16T09:28:04.503+0000][gc,heap     ] GC(891) Eden regions: 48->0(124)
[2026-01-16T09:28:04.504+0000][gc,heap     ] GC(891) Survivor regions: 3->2(7)
[2026-01-16T09:28:04.504+0000][gc,heap     ] GC(891) Old regions: 227->227
[2026-01-16T09:28:04.504+0000][gc,heap     ] GC(891) Humongous regions: 132->132
[2026-01-16T09:28:04.505+0000][gc,metaspace] GC(891) Metaspace: 13066K(13504K)->13066K(13504K) NonClass: 11947K(12160K)->11947K(12160K) Class: 1118K(1344K)->1118K(1344K)
[2026-01-16T09:28:04.505+0000][gc          ] GC(891) Pause Young (Normal) (G1 Evacuation Pause) 408M->360M(1024M) 82.584ms
[2026-01-16T09:28:04.506+0000][gc,cpu      ] GC(891) User=0.11s Sys=0.00s Real=0.08s
[2026-01-16T09:28:15.643+0000][gc,start    ] GC(892) Pause Young (Normal) (G1 Evacuation Pause)
[2026-01-16T09:28:15.646+0000][gc,task     ] GC(892) Using 8 workers of 8 for evacuation
[2026-01-16T09:28:15.862+0000][gc,mmu      ] GC(892) MMU target violated: 201.0ms (200.0ms/201.0ms)
[2026-01-16T09:28:15.863+0000][gc,phases   ] GC(892)   Pre Evacuate Collection Set: 61.9ms
[2026-01-16T09:28:15.863+0000][gc,phases   ] GC(892)   Merge Heap Roots: 14.1ms
[2026-01-16T09:28:15.863+0000][gc,phases   ] GC(892)   Evacuate Collection Set: 120.4ms
[2026-01-16T09:28:15.863+0000][gc,phases   ] GC(892)   Post Evacuate Collection Set: 16.9ms
[2026-01-16T09:28:15.864+0000][gc,phases   ] GC(892)   Other: 4.2ms
[2026-01-16T09:28:15.875+0000][gc,heap     ] GC(892) Eden regions: 145->0(91)
[2026-01-16T09:28:15.875+0000][gc,heap     ] GC(892) Survivor regions: 2->2(19)
[2026-01-16T09:28:15.876+0000][gc,heap     ] GC(892) Old regions: 227->227
[2026-01-16T09:28:15.876+0000][gc,heap     ] GC(892) Humongous regions: 132->132
[2026-01-16T09:28:15.877+0000][gc,metaspace] GC(892) Metaspace: 13066K(13504K)->13066K(13504K) NonClass: 11947K(12160K)->11947K(12160K) Class: 1118K(1344K)->1118K(1344K)
[2026-01-16T09:28:15.877+0000][gc          ] GC(892) Pause Young (Normal) (G1 Evacuation Pause) 505M->360M(1024M) 234.431ms
[2026-01-16T09:28:15.878+0000][gc,cpu      ] GC(892) User=0.21s Sys=0.02s Real=0.24s
[2026-01-16T09:28:25.706+0000][gc,start    ] GC(893) Pause Young (Normal) (G1 Evacuation Pause)
[2026-01-16T09:28:25.721+0000][gc,task     ] GC(893) Using 8 workers of 8 for evacuation
[2026-01-16T09:28:25.916+0000][gc,phases   ] GC(893)   Pre Evacuate Collection Set: 22.8ms
[2026-01-16T09:28:25.918+0000][gc,phases   ] GC(893)   Merge Heap Roots: 4.8ms
[2026-01-16T09:28:25.919+0000][gc,phases   ] GC(893)   Evacuate Collection Set: 142.1ms
[2026-01-16T09:28:25.919+0000][gc,phases   ] GC(893)   Post Evacuate Collection Set: 17.3ms
[2026-01-16T09:28:25.919+0000][gc,phases   ] GC(893)   Other: 10.3ms
[2026-01-16T09:28:25.919+0000][gc,heap     ] GC(893) Eden regions: 120->0(48)
[2026-01-16T09:28:25.921+0000][gc,heap     ] GC(893) Survivor regions: 2->3(16)
[2026-01-16T09:28:25.921+0000][gc,heap     ] GC(893) Old regions: 227->227
[2026-01-16T09:28:25.921+0000][gc,heap     ] GC(893) Humongous regions: 132->132
[2026-01-16T09:28:25.921+0000][gc,metaspace] GC(893) Metaspace: 13066K(13504K)->13066K(13504K) NonClass: 11947K(12160K)->11947K(12160K) Class: 1118K(1344K)->1118K(1344K)
[2026-01-16T09:28:25.921+0000][gc          ] GC(893) Pause Young (Normal) (G1 Evacuation Pause) 480M->361M(1024M) 215.991ms
[2026-01-16T09:28:25.923+0000][gc,cpu      ] GC(893) User=0.14s Sys=0.01s Real=0.21s
[2026-01-16T09:28:36.352+0000][gc,start    ] GC(894) Pause Young (Normal) (G1 Evacuation Pause)
[2026-01-16T09:28:36.361+0000][gc,task     ] GC(894) Using 8 workers of 8 for evacuation
[2026-01-16T09:28:36.684+0000][gc,mmu      ] GC(894) MMU target violated: 201.0ms (200.0ms/201.0ms)
[2026-01-16T09:28:36.685+0000][gc,phases   ] GC(894)   Pre Evacuate Collection Set: 56.6ms
[2026-01-16T09:28:36.686+0000][gc,phases   ] GC(894)   Merge Heap Roots: 9.3ms
[2026-01-16T09:28:36.688+0000][gc,phases   ] GC(894)   Evacuate Collection Set: 230.9ms
[2026-01-16T09:28:36.692+0000][gc,phases   ] GC(894)   Post Evacuate Collection Set: 23.3ms
[2026-01-16T09:28:36.694+0000][gc,phases   ] GC(894)   Other: 4.2ms
[2026-01-16T09:28:36.694+0000][gc,heap     ] GC(894) Eden regions: 114->0(48)
[2026-01-16T09:28:36.695+0000][gc,heap     ] GC(894) Survivor regions: 3->3(15)
[2026-01-16T09:28:36.695+0000][gc,heap     ] GC(894) Old regions: 227->227
[2026-01-16T09:28:36.695+0000][gc,heap     ] GC(894) Humongous regions: 132->132
[2026-01-16T09:28:36.696+0000][gc,metaspace] GC(894) Metaspace: 13066K(13504K)->13066K(13504K) NonClass: 11947K(12160K)->11947K(12160K) Class: 1118K(1344K)->1118K(1344K)
[2026-01-16T09:28:36.703+0000][gc          ] GC(894) Pause Young (Normal) (G1 Evacuation Pause) 475M->361M(1024M) 350.156ms
[2026-01-16T09:28:36.704+0000][gc,cpu      ] GC(894) User=0.21s Sys=0.01s Real=0.35s
[2026-01-16T09:28:38.960+0000][gc,start    ] GC(895) Pause Young (Normal) (G1 Evacuation Pause)
[2026-01-16T09:28:38.963+0000][gc,task     ] GC(895) Using 8 workers of 8 for evacuation
[2026-01-16T09:28:39.432+0000][gc,mmu      ] GC(895) MMU target violated: 201.0ms (200.0ms/201.0ms)
[2026-01-16T09:28:39.435+0000][gc,phases   ] GC(895)   Pre Evacuate Collection Set: 33.8ms
[2026-01-16T09:28:39.435+0000][gc,phases   ] GC(895)   Merge Heap Roots: 12.2ms
[2026-01-16T09:28:39.438+0000][gc,phases   ] GC(895)   Evacuate Collection Set: 395.4ms
[2026-01-16T09:28:39.439+0000][gc,phases   ] GC(895)   Post Evacuate Collection Set: 24.5ms
[2026-01-16T09:28:39.441+0000][gc,phases   ] GC(895)   Other: 5.9ms
[2026-01-16T09:28:39.495+0000][gc,heap     ] GC(895) Eden regions: 48->0(48)
[2026-01-16T09:28:39.498+0000][gc,heap     ] GC(895) Survivor regions: 3->3(7)
[2026-01-16T09:28:39.503+0000][gc,heap     ] GC(895) Old regions: 227->228
[2026-01-16T09:28:39.503+0000][gc,heap     ] GC(895) Humongous regions: 132->132
[2026-01-16T09:28:39.504+0000][gc,metaspace] GC(895) Metaspace: 13066K(13504K)->13066K(13504K) NonClass: 11947K(12160K)->11947K(12160K) Class: 1118K(1344K)->1118K(1344K)
[2026-01-16T09:28:39.504+0000][gc          ] GC(895) Pause Young (Normal) (G1 Evacuation Pause) 409M->361M(1024M) 544.534ms
[2026-01-16T09:28:39.505+0000][gc,cpu      ] GC(895) User=0.21s Sys=0.01s Real=0.54s
[2026-01-16T09:28:46.643+0000][gc,start    ] GC(896) Pause Young (Normal) (G1 Evacuation Pause)
[2026-01-16T09:28:46.645+0000][gc,task     ] GC(896) Using 8 workers of 8 for evacuation
[2026-01-16T09:28:46.922+0000][gc,mmu      ] GC(896) MMU target violated: 201.0ms (200.0ms/201.0ms)
[2026-01-16T09:28:46.923+0000][gc,phases   ] GC(896)   Pre Evacuate Collection Set: 29.3ms
[2026-01-16T09:28:46.924+0000][gc,phases   ] GC(896)   Merge Heap Roots: 7.3ms
[2026-01-16T09:28:46.925+0000][gc,phases   ] GC(896)   Evacuate Collection Set: 181.4ms
[2026-01-16T09:28:46.928+0000][gc,phases   ] GC(896)   Post Evacuate Collection Set: 50.0ms
[2026-01-16T09:28:46.933+0000][gc,phases   ] GC(896)   Other: 10.1ms
[2026-01-16T09:28:46.933+0000][gc,heap     ] GC(896) Eden regions: 48->0(48)
[2026-01-16T09:28:46.934+0000][gc,heap     ] GC(896) Survivor regions: 3->3(7)
[2026-01-16T09:28:46.934+0000][gc,heap     ] GC(896) Old regions: 228->228
[2026-01-16T09:28:46.935+0000][gc,heap     ] GC(896) Humongous regions: 132->132
[2026-01-16T09:28:46.935+0000][gc,metaspace] GC(896) Metaspace: 13069K(13504K)->13069K(13504K) NonClass: 11950K(12160K)->11950K(12160K) Class: 1119K(1344K)->1119K(1344K)
[2026-01-16T09:28:46.936+0000][gc          ] GC(896) Pause Young (Normal) (G1 Evacuation Pause) 409M->361M(1024M) 292.144ms
[2026-01-16T09:28:46.936+0000][gc,cpu      ] GC(896) User=0.18s Sys=0.02s Real=0.30s
[2026-01-16T09:28:49.294+0000][gc,start    ] GC(897) Pause Young (Normal) (G1 Evacuation Pause)
[2026-01-16T09:28:49.299+0000][gc,task     ] GC(897) Using 8 workers of 8 for evacuation
[2026-01-16T09:28:49.983+0000][gc,mmu      ] GC(897) MMU target violated: 201.0ms (200.0ms/201.0ms)
[2026-01-16T09:28:49.983+0000][gc,phases   ] GC(897)   Pre Evacuate Collection Set: 74.4ms
[2026-01-16T09:28:49.984+0000][gc,phases   ] GC(897)   Merge Heap Roots: 0.6ms
[2026-01-16T09:28:49.986+0000][gc,phases   ] GC(897)   Evacuate Collection Set: 572.0ms
[2026-01-16T09:28:49.988+0000][gc,phases   ] GC(897)   Post Evacuate Collection Set: 28.2ms
[2026-01-16T09:28:49.988+0000][gc,phases   ] GC(897)   Other: 9.0ms
[2026-01-16T09:28:49.989+0000][gc,heap     ] GC(897) Eden regions: 48->0(48)
[2026-01-16T09:28:49.989+0000][gc,heap     ] GC(897) Survivor regions: 3->3(7)
[2026-01-16T09:28:49.990+0000][gc,heap     ] GC(897) Old regions: 228->228
[2026-01-16T09:28:49.990+0000][gc,heap     ] GC(897) Humongous regions: 132->132
[2026-01-16T09:28:49.990+0000][gc,metaspace] GC(897) Metaspace: 13069K(13504K)->13069K(13504K) NonClass: 11950K(12160K)->11950K(12160K) Class: 1119K(1344K)->1119K(1344K)
[2026-01-16T09:28:49.992+0000][gc          ] GC(897) Pause Young (Normal) (G1 Evacuation Pause) 409M->361M(1024M) 697.609ms
[2026-01-16T09:28:49.992+0000][gc,cpu      ] GC(897) User=0.34s Sys=0.13s Real=0.70s
[2026-01-16T09:28:54.782+0000][gc,start    ] GC(898) Pause Young (Normal) (G1 Evacuation Pause)
[2026-01-16T09:28:54.791+0000][gc,task     ] GC(898) Using 8 workers of 8 for evacuation
[2026-01-16T09:28:55.072+0000][gc,mmu      ] GC(898) MMU target violated: 201.0ms (200.0ms/201.0ms)
[2026-01-16T09:28:55.075+0000][gc,phases   ] GC(898)   Pre Evacuate Collection Set: 49.2ms
[2026-01-16T09:28:55.075+0000][gc,phases   ] GC(898)   Merge Heap Roots: 7.1ms
[2026-01-16T09:28:55.075+0000][gc,phases   ] GC(898)   Evacuate Collection Set: 186.6ms
[2026-01-16T09:28:55.076+0000][gc,phases   ] GC(898)   Post Evacuate Collection Set: 36.4ms
[2026-01-16T09:28:55.076+0000][gc,phases   ] GC(898)   Other: 6.0ms
[2026-01-16T09:28:55.076+0000][gc,heap     ] GC(898) Eden regions: 48->0(48)
[2026-01-16T09:28:55.077+0000][gc,heap     ] GC(898) Survivor regions: 3->3(7)
[2026-01-16T09:28:55.078+0000][gc,heap     ] GC(898) Old regions: 228->228
[2026-01-16T09:28:55.078+0000][gc,heap     ] GC(898) Humongous regions: 132->132
[2026-01-16T09:28:55.078+0000][gc,metaspace] GC(898) Metaspace: 13069K(13504K)->13069K(13504K) NonClass: 11950K(12160K)->11950K(12160K) Class: 1119K(1344K)->1119K(1344K)
[2026-01-16T09:28:55.079+0000][gc          ] GC(898) Pause Young (Normal) (G1 Evacuation Pause) 409M->361M(1024M) 296.980ms
[2026-01-16T09:28:55.079+0000][gc,cpu      ] GC(898) User=0.18s Sys=0.03s Real=0.30s
[2026-01-16T09:28:57.754+0000][gc,start    ] GC(899) Pause Young (Normal) (G1 Evacuation Pause)
[2026-01-16T09:28:57.755+0000][gc,task     ] GC(899) Using 8 workers of 8 for evacuation
[2026-01-16T09:28:58.059+0000][gc,mmu      ] GC(899) MMU target violated: 201.0ms (200.0ms/201.0ms)
[2026-01-16T09:28:58.061+0000][gc,phases   ] GC(899)   Pre Evacuate Collection Set: 22.0ms
[2026-01-16T09:28:58.064+0000][gc,phases   ] GC(899)   Merge Heap Roots: 9.6ms
[2026-01-16T09:28:58.064+0000][gc,phases   ] GC(899)   Evacuate Collection Set: 245.6ms
[2026-01-16T09:28:58.065+0000][gc,phases   ] GC(899)   Post Evacuate Collection Set: 15.2ms
[2026-01-16T09:28:58.065+0000][gc,phases   ] GC(899)   Other: 13.8ms
[2026-01-16T09:28:58.065+0000][gc,heap     ] GC(899) Eden regions: 48->0(48)
[2026-01-16T09:28:58.066+0000][gc,heap     ] GC(899) Survivor regions: 3->3(7)
[2026-01-16T09:28:58.066+0000][gc,heap     ] GC(899) Old regions: 228->228
[2026-01-16T09:28:58.066+0000][gc,heap     ] GC(899) Humongous regions: 132->132
[2026-01-16T09:28:58.066+0000][gc,metaspace] GC(899) Metaspace: 13069K(13504K)->13069K(13504K) NonClass: 11950K(12160K)->11950K(12160K) Class: 1119K(1344K)->1119K(1344K)
[2026-01-16T09:28:58.067+0000][gc          ] GC(899) Pause Young (Normal) (G1 Evacuation Pause) 409M->361M(1024M) 312.316ms
[2026-01-16T09:28:58.067+0000][gc,cpu      ] GC(899) User=0.20s Sys=0.01s Real=0.31s
[2026-01-16T09:28:59.689+0000][gc,start    ] GC(900) Pause Young (Normal) (G1 Evacuation Pause)
[2026-01-16T09:28:59.692+0000][gc,task     ] GC(900) Using 8 workers of 8 for evacuation
[2026-01-16T09:29:00.177+0000][gc,mmu      ] GC(900) MMU target violated: 201.0ms (200.0ms/201.0ms)
[2026-01-16T09:29:00.179+0000][gc,phases   ] GC(900)   Pre Evacuate Collection Set: 23.0ms
[2026-01-16T09:29:00.180+0000][gc,phases   ] GC(900)   Merge Heap Roots: 56.4ms
[2026-01-16T09:29:00.180+0000][gc,phases   ] GC(900)   Evacuate Collection Set: 395.1ms
[2026-01-16T09:29:00.180+0000][gc,phases   ] GC(900)   Post Evacuate Collection Set: 2.9ms
[2026-01-16T09:29:00.181+0000][gc,phases   ] GC(900)   Other: 11.3ms
[2026-01-16T09:29:00.182+0000][gc,heap     ] GC(900) Eden regions: 48->0(48)
[2026-01-16T09:29:00.184+0000][gc,heap     ] GC(900) Survivor regions: 3->3(7)
[2026-01-16T09:29:00.185+0000][gc,heap     ] GC(900) Old regions: 228->228
[2026-01-16T09:29:00.186+0000][gc,heap     ] GC(900) Humongous regions: 132->132
[2026-01-16T09:29:00.190+0000][gc,metaspace] GC(900) Metaspace: 13069K(13504K)->13069K(13504K) NonClass: 11950K(12160K)->11950K(12160K) Class: 1119K(1344K)->1119K(1344K)
[2026-01-16T09:29:00.191+0000][gc          ] GC(900) Pause Young (Normal) (G1 Evacuation Pause) 409M->362M(1024M) 501.684ms
[2026-01-16T09:29:00.191+0000][gc,cpu      ] GC(900) User=0.23s Sys=0.02s Real=0.50s
[2026-01-16T09:29:05.793+0000][gc,start    ] GC(901) Pause Young (Normal) (G1 Evacuation Pause)
[2026-01-16T09:29:05.795+0000][gc,task     ] GC(901) Using 8 workers of 8 for evacuation
[2026-01-16T09:29:06.113+0000][gc,mmu      ] GC(901) MMU target violated: 201.0ms (200.0ms/201.0ms)
[2026-01-16T09:29:06.114+0000][gc,phases   ] GC(901)   Pre Evacuate Collection Set: 37.8ms
[2026-01-16T09:29:06.117+0000][gc,phases   ] GC(901)   Merge Heap Roots: 5.6ms
[2026-01-16T09:29:06.117+0000][gc,phases   ] GC(901)   Evacuate Collection Set: 258.8ms
[2026-01-16T09:29:06.117+0000][gc,phases   ] GC(901)   Post Evacuate Collection Set: 13.0ms
[2026-01-16T09:29:06.118+0000][gc,phases   ] GC(901)   Other: 4.6ms
[2026-01-16T09:29:06.118+0000][gc,heap     ] GC(901) Eden regions: 48->0(48)
[2026-01-16T09:29:06.118+0000][gc,heap     ] GC(901) Survivor regions: 3->3(7)
[2026-01-16T09:29:06.119+0000][gc,heap     ] GC(901) Old regions: 228->228
[2026-01-16T09:29:06.119+0000][gc,heap     ] GC(901) Humongous regions: 132->132
[2026-01-16T09:29:06.124+0000][gc,metaspace] GC(901) Metaspace: 13069K(13504K)->13069K(13504K) NonClass: 11950K(12160K)->11950K(12160K) Class: 1119K(1344K)->1119K(1344K)
[2026-01-16T09:29:06.126+0000][gc          ] GC(901) Pause Young (Normal) (G1 Evacuation Pause) 410M->361M(1024M) 333.312ms
[2026-01-16T09:29:06.129+0000][gc,cpu      ] GC(901) User=0.23s Sys=0.02s Real=0.34s
[2026-01-16T09:29:07.551+0000][gc,start    ] GC(902) Pause Young (Normal) (G1 Evacuation Pause)
[2026-01-16T09:29:07.553+0000][gc,task     ] GC(902) Using 8 workers of 8 for evacuation
[2026-01-16T09:29:07.634+0000][gc,phases   ] GC(902)   Pre Evacuate Collection Set: 10.1ms
[2026-01-16T09:29:07.637+0000][gc,phases   ] GC(902)   Merge Heap Roots: 0.3ms
[2026-01-16T09:29:07.637+0000][gc,phases   ] GC(902)   Evacuate Collection Set: 63.2ms
[2026-01-16T09:29:07.638+0000][gc,phases   ] GC(902)   Post Evacuate Collection Set: 5.3ms
[2026-01-16T09:29:07.638+0000][gc,phases   ] GC(902)   Other: 2.2ms
[2026-01-16T09:29:07.638+0000][gc,heap     ] GC(902) Eden regions: 48->0(48)
[2026-01-16T09:29:07.638+0000][gc,heap     ] GC(902) Survivor regions: 3->3(7)
[2026-01-16T09:29:07.638+0000][gc,heap     ] GC(902) Old regions: 228->228
[2026-01-16T09:29:07.638+0000][gc,heap     ] GC(902) Humongous regions: 132->132
[2026-01-16T09:29:07.638+0000][gc,metaspace] GC(902) Metaspace: 13070K(13504K)->13070K(13504K) NonClass: 11950K(12160K)->11950K(12160K) Class: 1119K(1344K)->1119K(1344K)
[2026-01-16T09:29:07.638+0000][gc          ] GC(902) Pause Young (Normal) (G1 Evacuation Pause) 409M->362M(1024M) 86.582ms
[2026-01-16T09:29:07.638+0000][gc,cpu      ] GC(902) User=0.08s Sys=0.01s Real=0.09s
[2026-01-16T09:29:14.400+0000][gc,start    ] GC(903) Pause Young (Normal) (G1 Evacuation Pause)
[2026-01-16T09:29:14.401+0000][gc,task     ] GC(903) Using 8 workers of 8 for evacuation
[2026-01-16T09:29:14.608+0000][gc,mmu      ] GC(903) MMU target violated: 201.0ms (200.0ms/201.0ms)
[2026-01-16T09:29:14.610+0000][gc,phases   ] GC(903)   Pre Evacuate Collection Set: 38.0ms
[2026-01-16T09:29:14.611+0000][gc,phases   ] GC(903)   Merge Heap Roots: 1.1ms
[2026-01-16T09:29:14.611+0000][gc,phases   ] GC(903)   Evacuate Collection Set: 148.4ms
[2026-01-16T09:29:14.612+0000][gc,phases   ] GC(903)   Post Evacuate Collection Set: 17.8ms
[2026-01-16T09:29:14.612+0000][gc,phases   ] GC(903)   Other: 2.8ms
[2026-01-16T09:29:14.613+0000][gc,heap     ] GC(903) Eden regions: 48->0(49)
[2026-01-16T09:29:14.615+0000][gc,heap     ] GC(903) Survivor regions: 3->2(7)
[2026-01-16T09:29:14.615+0000][gc,heap     ] GC(903) Old regions: 228->228
[2026-01-16T09:29:14.615+0000][gc,heap     ] GC(903) Humongous regions: 132->132
[2026-01-16T09:29:14.615+0000][gc,metaspace] GC(903) Metaspace: 13070K(13504K)->13070K(13504K) NonClass: 11950K(12160K)->11950K(12160K) Class: 1119K(1344K)->1119K(1344K)
[2026-01-16T09:29:14.616+0000][gc          ] GC(903) Pause Young (Normal) (G1 Evacuation Pause) 410M->361M(1024M) 215.773ms
[2026-01-16T09:29:14.616+0000][gc,cpu      ] GC(903) User=0.11s Sys=0.01s Real=0.22s
[2026-01-16T09:29:15.748+0000][gc,start    ] GC(904) Pause Young (Normal) (G1 Evacuation Pause)
[2026-01-16T09:29:15.750+0000][gc,task     ] GC(904) Using 8 workers of 8 for evacuation
[2026-01-16T09:29:15.852+0000][gc,phases   ] GC(904)   Pre Evacuate Collection Set: 7.3ms
[2026-01-16T09:29:15.852+0000][gc,phases   ] GC(904)   Merge Heap Roots: 5.5ms
[2026-01-16T09:29:15.853+0000][gc,phases   ] GC(904)   Evacuate Collection Set: 86.7ms
[2026-01-16T09:29:15.853+0000][gc,phases   ] GC(904)   Post Evacuate Collection Set: 1.7ms
[2026-01-16T09:29:15.853+0000][gc,phases   ] GC(904)   Other: 1.0ms
[2026-01-16T09:29:15.853+0000][gc,heap     ] GC(904) Eden regions: 49->0(48)
[2026-01-16T09:29:15.853+0000][gc,heap     ] GC(904) Survivor regions: 2->3(7)
[2026-01-16T09:29:15.853+0000][gc,heap     ] GC(904) Old regions: 228->228
[2026-01-16T09:29:15.853+0000][gc,heap     ] GC(904) Humongous regions: 132->132
[2026-01-16T09:29:15.854+0000][gc,metaspace] GC(904) Metaspace: 13070K(13504K)->13070K(13504K) NonClass: 11950K(12160K)->11950K(12160K) Class: 1119K(1344K)->1119K(1344K)
[2026-01-16T09:29:15.854+0000][gc          ] GC(904) Pause Young (Normal) (G1 Evacuation Pause) 410M->362M(1024M) 106.054ms
[2026-01-16T09:29:15.854+0000][gc,cpu      ] GC(904) User=0.06s Sys=0.01s Real=0.10s
[2026-01-16T09:29:16.429+0000][gc,start    ] GC(905) Pause Young (Normal) (G1 Evacuation Pause)
[2026-01-16T09:29:16.429+0000][gc,task     ] GC(905) Using 8 workers of 8 for evacuation
[2026-01-16T09:29:16.469+0000][gc,phases   ] GC(905)   Pre Evacuate Collection Set: 0.4ms
[2026-01-16T09:29:16.470+0000][gc,phases   ] GC(905)   Merge Heap Roots: 0.1ms
[2026-01-16T09:29:16.470+0000][gc,phases   ] GC(905)   Evacuate Collection Set: 31.7ms
[2026-01-16T09:29:16.470+0000][gc,phases   ] GC(905)   Post Evacuate Collection Set: 8.0ms
[2026-01-16T09:29:16.476+0000][gc,phases   ] GC(905)   Other: 0.3ms
[2026-01-16T09:29:16.477+0000][gc,heap     ] GC(905) Eden regions: 48->0(48)
[2026-01-16T09:29:16.477+0000][gc,heap     ] GC(905) Survivor regions: 3->3(7)
[2026-01-16T09:29:16.477+0000][gc,heap     ] GC(905) Old regions: 228->228
[2026-01-16T09:29:16.479+0000][gc,heap     ] GC(905) Humongous regions: 132->132
[2026-01-16T09:29:16.480+0000][gc,metaspace] GC(905) Metaspace: 13070K(13504K)->13070K(13504K) NonClass: 11950K(12160K)->11950K(12160K) Class: 1119K(1344K)->1119K(1344K)
[2026-01-16T09:29:16.480+0000][gc          ] GC(905) Pause Young (Normal) (G1 Evacuation Pause) 410M->362M(1024M) 51.536ms
[2026-01-16T09:29:16.481+0000][gc,cpu      ] GC(905) User=0.02s Sys=0.01s Real=0.05s
[2026-01-16T09:29:25.216+0000][gc,start    ] GC(906) Pause Young (Normal) (G1 Evacuation Pause)
[2026-01-16T09:29:25.217+0000][gc,task     ] GC(906) Using 8 workers of 8 for evacuation
[2026-01-16T09:29:25.373+0000][gc,phases   ] GC(906)   Pre Evacuate Collection Set: 47.9ms
[2026-01-16T09:29:25.375+0000][gc,phases   ] GC(906)   Merge Heap Roots: 10.4ms
[2026-01-16T09:29:25.375+0000][gc,phases   ] GC(906)   Evacuate Collection Set: 75.0ms
[2026-01-16T09:29:25.376+0000][gc,phases   ] GC(906)   Post Evacuate Collection Set: 20.1ms
[2026-01-16T09:29:25.376+0000][gc,phases   ] GC(906)   Other: 2.0ms
[2026-01-16T09:29:25.376+0000][gc,heap     ] GC(906) Eden regions: 50->0(83)
[2026-01-16T09:29:25.376+0000][gc,heap     ] GC(906) Survivor regions: 3->3(7)
[2026-01-16T09:29:25.376+0000][gc,heap     ] GC(906) Old regions: 228->229
[2026-01-16T09:29:25.377+0000][gc,heap     ] GC(906) Humongous regions: 132->132
[2026-01-16T09:29:25.377+0000][gc,metaspace] GC(906) Metaspace: 13070K(13504K)->13070K(13504K) NonClass: 11950K(12160K)->11950K(12160K) Class: 1119K(1344K)->1119K(1344K)
[2026-01-16T09:29:25.378+0000][gc          ] GC(906) Pause Young (Normal) (G1 Evacuation Pause) 412M->362M(1024M) 161.377ms
[2026-01-16T09:29:25.378+0000][gc,cpu      ] GC(906) User=0.15s Sys=0.01s Real=0.16s
[2026-01-16T09:29:25.918+0000][gc,start    ] GC(907) Pause Young (Normal) (G1 Evacuation Pause)
[2026-01-16T09:29:25.919+0000][gc,task     ] GC(907) Using 8 workers of 8 for evacuation
[2026-01-16T09:29:25.974+0000][gc,phases   ] GC(907)   Pre Evacuate Collection Set: 3.2ms
[2026-01-16T09:29:25.975+0000][gc,phases   ] GC(907)   Merge Heap Roots: 0.4ms
[2026-01-16T09:29:25.975+0000][gc,phases   ] GC(907)   Evacuate Collection Set: 50.7ms
[2026-01-16T09:29:25.975+0000][gc,phases   ] GC(907)   Post Evacuate Collection Set: 0.8ms
[2026-01-16T09:29:25.975+0000][gc,phases   ] GC(907)   Other: 0.6ms
[2026-01-16T09:29:25.976+0000][gc,heap     ] GC(907) Eden regions: 50->0(146)
[2026-01-16T09:29:25.976+0000][gc,heap     ] GC(907) Survivor regions: 3->3(7)
[2026-01-16T09:29:25.976+0000][gc,heap     ] GC(907) Old regions: 229->229
[2026-01-16T09:29:25.976+0000][gc,heap     ] GC(907) Humongous regions: 132->132
[2026-01-16T09:29:25.976+0000][gc,metaspace] GC(907) Metaspace: 13070K(13504K)->13070K(13504K) NonClass: 11950K(12160K)->11950K(12160K) Class: 1119K(1344K)->1119K(1344K)
[2026-01-16T09:29:25.977+0000][gc          ] GC(907) Pause Young (Normal) (G1 Evacuation Pause) 412M->362M(1024M) 58.485ms
[2026-01-16T09:29:25.977+0000][gc,cpu      ] GC(907) User=0.04s Sys=0.01s Real=0.06s
[2026-01-16T09:29:40.007+0000][gc,start    ] GC(908) Pause Young (Normal) (G1 Evacuation Pause)
[2026-01-16T09:29:40.012+0000][gc,task     ] GC(908) Using 8 workers of 8 for evacuation
[2026-01-16T09:29:40.344+0000][gc,mmu      ] GC(908) MMU target violated: 201.0ms (200.0ms/201.0ms)
[2026-01-16T09:29:40.344+0000][gc,phases   ] GC(908)   Pre Evacuate Collection Set: 36.1ms
[2026-01-16T09:29:40.344+0000][gc,phases   ] GC(908)   Merge Heap Roots: 15.1ms
[2026-01-16T09:29:40.344+0000][gc,phases   ] GC(908)   Evacuate Collection Set: 234.3ms
[2026-01-16T09:29:40.345+0000][gc,phases   ] GC(908)   Post Evacuate Collection Set: 31.0ms
[2026-01-16T09:29:40.345+0000][gc,phases   ] GC(908)   Other: 16.0ms
[2026-01-16T09:29:40.345+0000][gc,heap     ] GC(908) Eden regions: 126->0(48)
[2026-01-16T09:29:40.345+0000][gc,heap     ] GC(908) Survivor regions: 3->3(17)
[2026-01-16T09:29:40.346+0000][gc,heap     ] GC(908) Old regions: 229->229
[2026-01-16T09:29:40.346+0000][gc,heap     ] GC(908) Humongous regions: 132->132
[2026-01-16T09:29:40.346+0000][gc,metaspace] GC(908) Metaspace: 13072K(13504K)->13072K(13504K) NonClass: 11952K(12160K)->11952K(12160K) Class: 1119K(1344K)->1119K(1344K)
[2026-01-16T09:29:40.347+0000][gc          ] GC(908) Pause Young (Normal) (G1 Evacuation Pause) 488M->363M(1024M) 340.268ms
[2026-01-16T09:29:40.353+0000][gc,cpu      ] GC(908) User=0.27s Sys=0.01s Real=0.35s
[2026-01-16T09:29:46.999+0000][gc,start    ] GC(909) Pause Young (Normal) (G1 Evacuation Pause)
[2026-01-16T09:29:47.014+0000][gc,task     ] GC(909) Using 8 workers of 8 for evacuation
[2026-01-16T09:29:47.210+0000][gc,phases   ] GC(909)   Pre Evacuate Collection Set: 31.4ms
[2026-01-16T09:29:47.211+0000][gc,phases   ] GC(909)   Merge Heap Roots: 9.5ms
[2026-01-16T09:29:47.212+0000][gc,phases   ] GC(909)   Evacuate Collection Set: 141.3ms
[2026-01-16T09:29:47.212+0000][gc,phases   ] GC(909)   Post Evacuate Collection Set: 11.9ms
[2026-01-16T09:29:47.214+0000][gc,phases   ] GC(909)   Other: 2.5ms
[2026-01-16T09:29:47.216+0000][gc,heap     ] GC(909) Eden regions: 48->0(87)
[2026-01-16T09:29:47.219+0000][gc,heap     ] GC(909) Survivor regions: 3->2(7)
[2026-01-16T09:29:47.219+0000][gc,heap     ] GC(909) Old regions: 229->229
[2026-01-16T09:29:47.219+0000][gc,heap     ] GC(909) Humongous regions: 132->132
[2026-01-16T09:29:47.219+0000][gc,metaspace] GC(909) Metaspace: 13072K(13504K)->13072K(13504K) NonClass: 11952K(12160K)->11952K(12160K) Class: 1119K(1344K)->1119K(1344K)
[2026-01-16T09:29:47.219+0000][gc          ] GC(909) Pause Young (Normal) (G1 Evacuation Pause) 411M->362M(1024M) 219.883ms
[2026-01-16T09:29:47.219+0000][gc,cpu      ] GC(909) User=0.17s Sys=0.01s Real=0.22s
[2026-01-16T09:29:54.347+0000][gc,start    ] GC(910) Pause Young (Normal) (G1 Evacuation Pause)
[2026-01-16T09:29:54.348+0000][gc,task     ] GC(910) Using 8 workers of 8 for evacuation
[2026-01-16T09:29:54.920+0000][gc,mmu      ] GC(910) MMU target violated: 201.0ms (200.0ms/201.0ms)
[2026-01-16T09:29:54.926+0000][gc,phases   ] GC(910)   Pre Evacuate Collection Set: 41.2ms
[2026-01-16T09:29:54.927+0000][gc,phases   ] GC(910)   Merge Heap Roots: 38.1ms
[2026-01-16T09:29:54.929+0000][gc,phases   ] GC(910)   Evacuate Collection Set: 423.6ms
[2026-01-16T09:29:54.935+0000][gc,phases   ] GC(910)   Post Evacuate Collection Set: 65.0ms
[2026-01-16T09:29:54.935+0000][gc,phases   ] GC(910)   Other: 9.9ms
[2026-01-16T09:29:54.936+0000][gc,heap     ] GC(910) Eden regions: 78->0(49)
[2026-01-16T09:29:54.937+0000][gc,heap     ] GC(910) Survivor regions: 2->2(10)
[2026-01-16T09:29:54.938+0000][gc,heap     ] GC(910) Old regions: 229->229
[2026-01-16T09:29:54.942+0000][gc,heap     ] GC(910) Humongous regions: 132->132
[2026-01-16T09:29:54.944+0000][gc,metaspace] GC(910) Metaspace: 13073K(13504K)->13073K(13504K) NonClass: 11953K(12160K)->11953K(12160K) Class: 1119K(1344K)->1119K(1344K)
[2026-01-16T09:29:54.945+0000][gc          ] GC(910) Pause Young (Normal) (G1 Evacuation Pause) 440M->362M(1024M) 597.284ms
[2026-01-16T09:29:54.945+0000][gc,cpu      ] GC(910) User=0.20s Sys=0.04s Real=0.59s
[2026-01-16T09:29:57.528+0000][gc,start    ] GC(911) Pause Young (Normal) (G1 Evacuation Pause)
[2026-01-16T09:29:57.529+0000][gc,task     ] GC(911) Using 8 workers of 8 for evacuation
[2026-01-16T09:29:57.767+0000][gc,mmu      ] GC(911) MMU target violated: 201.0ms (200.0ms/201.0ms)
[2026-01-16T09:29:57.768+0000][gc,phases   ] GC(911)   Pre Evacuate Collection Set: 17.6ms
[2026-01-16T09:29:57.771+0000][gc,phases   ] GC(911)   Merge Heap Roots: 2.4ms
[2026-01-16T09:29:57.773+0000][gc,phases   ] GC(911)   Evacuate Collection Set: 206.3ms
[2026-01-16T09:29:57.775+0000][gc,phases   ] GC(911)   Post Evacuate Collection Set: 9.6ms
[2026-01-16T09:29:57.776+0000][gc,phases   ] GC(911)   Other: 3.5ms
[2026-01-16T09:29:57.777+0000][gc,heap     ] GC(911) Eden regions: 49->0(48)
[2026-01-16T09:29:57.781+0000][gc,heap     ] GC(911) Survivor regions: 2->3(7)
[2026-01-16T09:29:57.782+0000][gc,heap     ] GC(911) Old regions: 229->229
[2026-01-16T09:29:57.783+0000][gc,heap     ] GC(911) Humongous regions: 132->132
[2026-01-16T09:29:57.783+0000][gc,metaspace] GC(911) Metaspace: 13073K(13504K)->13073K(13504K) NonClass: 11953K(12160K)->11953K(12160K) Class: 1119K(1344K)->1119K(1344K)
[2026-01-16T09:29:57.785+0000][gc          ] GC(911) Pause Young (Normal) (G1 Evacuation Pause) 411M->362M(1024M) 257.800ms
[2026-01-16T09:29:57.788+0000][gc,cpu      ] GC(911) User=0.18s Sys=0.02s Real=0.26s
[2026-01-16T09:29:59.189+0000][gc,start    ] GC(912) Pause Young (Normal) (G1 Evacuation Pause)
[2026-01-16T09:29:59.196+0000][gc,task     ] GC(912) Using 8 workers of 8 for evacuation
[2026-01-16T09:29:59.294+0000][gc,phases   ] GC(912)   Pre Evacuate Collection Set: 8.6ms
[2026-01-16T09:29:59.296+0000][gc,phases   ] GC(912)   Merge Heap Roots: 3.0ms
[2026-01-16T09:29:59.297+0000][gc,phases   ] GC(912)   Evacuate Collection Set: 75.4ms
[2026-01-16T09:29:59.298+0000][gc,phases   ] GC(912)   Post Evacuate Collection Set: 5.8ms
[2026-01-16T09:29:59.298+0000][gc,phases   ] GC(912)   Other: 9.3ms
[2026-01-16T09:29:59.299+0000][gc,heap     ] GC(912) Eden regions: 48->0(48)
[2026-01-16T09:29:59.299+0000][gc,heap     ] GC(912) Survivor regions: 3->3(7)
[2026-01-16T09:29:59.299+0000][gc,heap     ] GC(912) Old regions: 229->229
[2026-01-16T09:29:59.300+0000][gc,heap     ] GC(912) Humongous regions: 132->132
[2026-01-16T09:29:59.300+0000][gc,metaspace] GC(912) Metaspace: 13073K(13504K)->13073K(13504K) NonClass: 11953K(12160K)->11953K(12160K) Class: 1119K(1344K)->1119K(1344K)
[2026-01-16T09:29:59.301+0000][gc          ] GC(912) Pause Young (Normal) (G1 Evacuation Pause) 410M->363M(1024M) 112.711ms
[2026-01-16T09:29:59.302+0000][gc,cpu      ] GC(912) User=0.08s Sys=0.01s Real=0.11s
[2026-01-16T09:30:07.286+0000][gc,start    ] GC(913) Pause Young (Normal) (G1 Evacuation Pause)
[2026-01-16T09:30:07.295+0000][gc,task     ] GC(913) Using 8 workers of 8 for evacuation
[2026-01-16T09:30:08.384+0000][gc,mmu      ] GC(913) MMU target violated: 201.0ms (200.0ms/201.0ms)
[2026-01-16T09:30:08.385+0000][gc,phases   ] GC(913)   Pre Evacuate Collection Set: 162.1ms
[2026-01-16T09:30:08.386+0000][gc,phases   ] GC(913)   Merge Heap Roots: 29.4ms
[2026-01-16T09:30:08.386+0000][gc,phases   ] GC(913)   Evacuate Collection Set: 862.3ms
[2026-01-16T09:30:08.386+0000][gc,phases   ] GC(913)   Post Evacuate Collection Set: 25.3ms
[2026-01-16T09:30:08.386+0000][gc,phases   ] GC(913)   Other: 11.1ms
[2026-01-16T09:30:08.386+0000][gc,heap     ] GC(913) Eden regions: 48->0(49)
[2026-01-16T09:30:08.387+0000][gc,heap     ] GC(913) Survivor regions: 3->2(7)
[2026-01-16T09:30:08.387+0000][gc,heap     ] GC(913) Old regions: 229->229
[2026-01-16T09:30:08.387+0000][gc,heap     ] GC(913) Humongous regions: 132->132
[2026-01-16T09:30:08.387+0000][gc,metaspace] GC(913) Metaspace: 13073K(13504K)->13073K(13504K) NonClass: 11953K(12160K)->11953K(12160K) Class: 1119K(1344K)->1119K(1344K)
[2026-01-16T09:30:08.388+0000][gc          ] GC(913) Pause Young (Normal) (G1 Evacuation Pause) 411M->362M(1024M) 1101.489ms
[2026-01-16T09:30:08.388+0000][gc,cpu      ] GC(913) User=0.60s Sys=0.07s Real=1.11s
[2026-01-16T09:30:12.079+0000][gc,start    ] GC(914) Pause Young (Normal) (G1 Evacuation Pause)
[2026-01-16T09:30:12.103+0000][gc,task     ] GC(914) Using 8 workers of 8 for evacuation
[2026-01-16T09:30:12.401+0000][gc,mmu      ] GC(914) MMU target violated: 201.0ms (200.0ms/201.0ms)
[2026-01-16T09:30:12.403+0000][gc,phases   ] GC(914)   Pre Evacuate Collection Set: 25.8ms
[2026-01-16T09:30:12.406+0000][gc,phases   ] GC(914)   Merge Heap Roots: 1.0ms
[2026-01-16T09:30:12.406+0000][gc,phases   ] GC(914)   Evacuate Collection Set: 231.3ms
[2026-01-16T09:30:12.407+0000][gc,phases   ] GC(914)   Post Evacuate Collection Set: 37.0ms
[2026-01-16T09:30:12.407+0000][gc,phases   ] GC(914)   Other: 20.1ms
[2026-01-16T09:30:12.407+0000][gc,heap     ] GC(914) Eden regions: 49->0(48)
[2026-01-16T09:30:12.407+0000][gc,heap     ] GC(914) Survivor regions: 2->3(7)
[2026-01-16T09:30:12.407+0000][gc,heap     ] GC(914) Old regions: 229->230
[2026-01-16T09:30:12.407+0000][gc,heap     ] GC(914) Humongous regions: 132->132
[2026-01-16T09:30:12.407+0000][gc,metaspace] GC(914) Metaspace: 13073K(13504K)->13073K(13504K) NonClass: 11953K(12160K)->11953K(12160K) Class: 1119K(1344K)->1119K(1344K)
[2026-01-16T09:30:12.407+0000][gc          ] GC(914) Pause Young (Normal) (G1 Evacuation Pause) 411M->363M(1024M) 327.818ms
[2026-01-16T09:30:12.407+0000][gc,cpu      ] GC(914) User=0.16s Sys=0.03s Real=0.32s
[2026-01-16T09:30:14.981+0000][gc,start    ] GC(915) Pause Young (Normal) (G1 Evacuation Pause)
[2026-01-16T09:30:14.983+0000][gc,task     ] GC(915) Using 8 workers of 8 for evacuation
[2026-01-16T09:30:15.336+0000][gc,mmu      ] GC(915) MMU target violated: 201.0ms (200.0ms/201.0ms)
[2026-01-16T09:30:15.336+0000][gc,phases   ] GC(915)   Pre Evacuate Collection Set: 169.5ms
[2026-01-16T09:30:15.337+0000][gc,phases   ] GC(915)   Merge Heap Roots: 14.0ms
[2026-01-16T09:30:15.337+0000][gc,phases   ] GC(915)   Evacuate Collection Set: 124.2ms
[2026-01-16T09:30:15.337+0000][gc,phases   ] GC(915)   Post Evacuate Collection Set: 42.2ms
[2026-01-16T09:30:15.338+0000][gc,phases   ] GC(915)   Other: 3.5ms
[2026-01-16T09:30:15.340+0000][gc,heap     ] GC(915) Eden regions: 48->0(49)
[2026-01-16T09:30:15.340+0000][gc,heap     ] GC(915) Survivor regions: 3->2(7)
[2026-01-16T09:30:15.340+0000][gc,heap     ] GC(915) Old regions: 230->230
[2026-01-16T09:30:15.341+0000][gc,heap     ] GC(915) Humongous regions: 132->132
[2026-01-16T09:30:15.341+0000][gc,metaspace] GC(915) Metaspace: 13073K(13504K)->13073K(13504K) NonClass: 11953K(12160K)->11953K(12160K) Class: 1119K(1344K)->1119K(1344K)
[2026-01-16T09:30:15.344+0000][gc          ] GC(915) Pause Young (Normal) (G1 Evacuation Pause) 411M->362M(1024M) 363.258ms
[2026-01-16T09:30:15.345+0000][gc,cpu      ] GC(915) User=0.16s Sys=0.02s Real=0.36s
[2026-01-16T09:30:16.755+0000][gc,start    ] GC(916) Pause Young (Normal) (G1 Evacuation Pause)
[2026-01-16T09:30:16.756+0000][gc,task     ] GC(916) Using 8 workers of 8 for evacuation
[2026-01-16T09:30:16.860+0000][gc,phases   ] GC(916)   Pre Evacuate Collection Set: 25.8ms
[2026-01-16T09:30:16.861+0000][gc,phases   ] GC(916)   Merge Heap Roots: 1.1ms
[2026-01-16T09:30:16.861+0000][gc,phases   ] GC(916)   Evacuate Collection Set: 68.9ms
[2026-01-16T09:30:16.861+0000][gc,phases   ] GC(916)   Post Evacuate Collection Set: 6.4ms
[2026-01-16T09:30:16.861+0000][gc,phases   ] GC(916)   Other: 2.4ms
[2026-01-16T09:30:16.865+0000][gc,heap     ] GC(916) Eden regions: 49->0(48)
[2026-01-16T09:30:16.866+0000][gc,heap     ] GC(916) Survivor regions: 2->3(7)
[2026-01-16T09:30:16.866+0000][gc,heap     ] GC(916) Old regions: 230->230
[2026-01-16T09:30:16.866+0000][gc,heap     ] GC(916) Humongous regions: 132->132
[2026-01-16T09:30:16.866+0000][gc,metaspace] GC(916) Metaspace: 13073K(13504K)->13073K(13504K) NonClass: 11953K(12160K)->11953K(12160K) Class: 1119K(1344K)->1119K(1344K)
[2026-01-16T09:30:16.867+0000][gc          ] GC(916) Pause Young (Normal) (G1 Evacuation Pause) 411M->363M(1024M) 111.998ms
[2026-01-16T09:30:16.867+0000][gc,cpu      ] GC(916) User=0.06s Sys=0.00s Real=0.11s
[2026-01-16T09:30:18.053+0000][gc,start    ] GC(917) Pause Young (Normal) (G1 Evacuation Pause)
[2026-01-16T09:30:18.054+0000][gc,task     ] GC(917) Using 8 workers of 8 for evacuation
[2026-01-16T09:30:18.110+0000][gc,phases   ] GC(917)   Pre Evacuate Collection Set: 7.4ms
[2026-01-16T09:30:18.112+0000][gc,phases   ] GC(917)   Merge Heap Roots: 0.4ms
[2026-01-16T09:30:18.112+0000][gc,phases   ] GC(917)   Evacuate Collection Set: 46.8ms
[2026-01-16T09:30:18.112+0000][gc,phases   ] GC(917)   Post Evacuate Collection Set: 1.3ms
[2026-01-16T09:30:18.113+0000][gc,phases   ] GC(917)   Other: 0.6ms
[2026-01-16T09:30:18.113+0000][gc,heap     ] GC(917) Eden regions: 48->0(49)
[2026-01-16T09:30:18.114+0000][gc,heap     ] GC(917) Survivor regions: 3->2(7)
[2026-01-16T09:30:18.114+0000][gc,heap     ] GC(917) Old regions: 230->230
[2026-01-16T09:30:18.114+0000][gc,heap     ] GC(917) Humongous regions: 132->132
[2026-01-16T09:30:18.114+0000][gc,metaspace] GC(917) Metaspace: 13073K(13504K)->13073K(13504K) NonClass: 11953K(12160K)->11953K(12160K) Class: 1119K(1344K)->1119K(1344K)
[2026-01-16T09:30:18.115+0000][gc          ] GC(917) Pause Young (Normal) (G1 Evacuation Pause) 411M->362M(1024M) 61.282ms
[2026-01-16T09:30:18.115+0000][gc,cpu      ] GC(917) User=0.06s Sys=0.01s Real=0.06s
[2026-01-16T09:30:25.828+0000][gc,start    ] GC(918) Pause Young (Normal) (G1 Evacuation Pause)
[2026-01-16T09:30:25.829+0000][gc,task     ] GC(918) Using 8 workers of 8 for evacuation
[2026-01-16T09:30:25.983+0000][gc,phases   ] GC(918)   Pre Evacuate Collection Set: 20.8ms
[2026-01-16T09:30:25.999+0000][gc,phases   ] GC(918)   Merge Heap Roots: 6.0ms
[2026-01-16T09:30:25.999+0000][gc,phases   ] GC(918)   Evacuate Collection Set: 123.2ms
[2026-01-16T09:30:26.001+0000][gc,phases   ] GC(918)   Post Evacuate Collection Set: 3.8ms
[2026-01-16T09:30:26.001+0000][gc,phases   ] GC(918)   Other: 0.8ms
[2026-01-16T09:30:26.001+0000][gc,heap     ] GC(918) Eden regions: 49->0(49)
[2026-01-16T09:30:26.001+0000][gc,heap     ] GC(918) Survivor regions: 2->2(7)
[2026-01-16T09:30:26.003+0000][gc,heap     ] GC(918) Old regions: 230->230
[2026-01-16T09:30:26.006+0000][gc,heap     ] GC(918) Humongous regions: 132->132
[2026-01-16T09:30:26.009+0000][gc,metaspace] GC(918) Metaspace: 13073K(13504K)->13073K(13504K) NonClass: 11953K(12160K)->11953K(12160K) Class: 1119K(1344K)->1119K(1344K)
[2026-01-16T09:30:26.009+0000][gc          ] GC(918) Pause Young (Normal) (G1 Evacuation Pause) 411M->363M(1024M) 181.136ms
[2026-01-16T09:30:26.010+0000][gc,cpu      ] GC(918) User=0.13s Sys=0.01s Real=0.18s
[2026-01-16T09:30:26.707+0000][gc,start    ] GC(919) Pause Young (Normal) (G1 Evacuation Pause)
[2026-01-16T09:30:26.708+0000][gc,task     ] GC(919) Using 8 workers of 8 for evacuation
[2026-01-16T09:30:26.743+0000][gc,phases   ] GC(919)   Pre Evacuate Collection Set: 0.7ms
[2026-01-16T09:30:26.743+0000][gc,phases   ] GC(919)   Merge Heap Roots: 0.3ms
[2026-01-16T09:30:26.744+0000][gc,phases   ] GC(919)   Evacuate Collection Set: 32.6ms
[2026-01-16T09:30:26.744+0000][gc,phases   ] GC(919)   Post Evacuate Collection Set: 0.8ms
[2026-01-16T09:30:26.744+0000][gc,phases   ] GC(919)   Other: 0.5ms
[2026-01-16T09:30:26.744+0000][gc,heap     ] GC(919) Eden regions: 49->0(48)
[2026-01-16T09:30:26.745+0000][gc,heap     ] GC(919) Survivor regions: 2->3(7)
[2026-01-16T09:30:26.745+0000][gc,heap     ] GC(919) Old regions: 230->230
[2026-01-16T09:30:26.745+0000][gc,heap     ] GC(919) Humongous regions: 132->132
[2026-01-16T09:30:26.745+0000][gc,metaspace] GC(919) Metaspace: 13073K(13504K)->13073K(13504K) NonClass: 11953K(12160K)->11953K(12160K) Class: 1119K(1344K)->1119K(1344K)
[2026-01-16T09:30:26.746+0000][gc          ] GC(919) Pause Young (Normal) (G1 Evacuation Pause) 412M->363M(1024M) 38.229ms
[2026-01-16T09:30:26.746+0000][gc,cpu      ] GC(919) User=0.04s Sys=0.00s Real=0.03s
[2026-01-16T09:30:35.612+0000][gc,start    ] GC(920) Pause Young (Normal) (G1 Evacuation Pause)
[2026-01-16T09:30:35.614+0000][gc,task     ] GC(920) Using 8 workers of 8 for evacuation
[2026-01-16T09:30:35.697+0000][gc,phases   ] GC(920)   Pre Evacuate Collection Set: 14.0ms
[2026-01-16T09:30:35.697+0000][gc,phases   ] GC(920)   Merge Heap Roots: 10.5ms
[2026-01-16T09:30:35.700+0000][gc,phases   ] GC(920)   Evacuate Collection Set: 52.2ms
[2026-01-16T09:30:35.700+0000][gc,phases   ] GC(920)   Post Evacuate Collection Set: 5.1ms
[2026-01-16T09:30:35.700+0000][gc,phases   ] GC(920)   Other: 1.4ms
[2026-01-16T09:30:35.700+0000][gc,heap     ] GC(920) Eden regions: 48->0(98)
[2026-01-16T09:30:35.701+0000][gc,heap     ] GC(920) Survivor regions: 3->2(7)
[2026-01-16T09:30:35.701+0000][gc,heap     ] GC(920) Old regions: 230->230
[2026-01-16T09:30:35.702+0000][gc,heap     ] GC(920) Humongous regions: 132->132
[2026-01-16T09:30:35.702+0000][gc,metaspace] GC(920) Metaspace: 13073K(13504K)->13073K(13504K) NonClass: 11953K(12160K)->11953K(12160K) Class: 1119K(1344K)->1119K(1344K)
[2026-01-16T09:30:35.702+0000][gc          ] GC(920) Pause Young (Normal) (G1 Evacuation Pause) 411M->363M(1024M) 89.861ms
[2026-01-16T09:30:35.702+0000][gc,cpu      ] GC(920) User=0.13s Sys=0.00s Real=0.09s
[2026-01-16T09:30:45.189+0000][gc,start    ] GC(921) Pause Young (Normal) (G1 Evacuation Pause)
[2026-01-16T09:30:45.189+0000][gc,task     ] GC(921) Using 8 workers of 8 for evacuation
[2026-01-16T09:30:45.257+0000][gc,phases   ] GC(921)   Pre Evacuate Collection Set: 9.5ms
[2026-01-16T09:30:45.257+0000][gc,phases   ] GC(921)   Merge Heap Roots: 1.3ms
[2026-01-16T09:30:45.257+0000][gc,phases   ] GC(921)   Evacuate Collection Set: 49.1ms
[2026-01-16T09:30:45.258+0000][gc,phases   ] GC(921)   Post Evacuate Collection Set: 6.3ms
[2026-01-16T09:30:45.259+0000][gc,phases   ] GC(921)   Other: 0.8ms
[2026-01-16T09:30:45.259+0000][gc,heap     ] GC(921) Eden regions: 104->0(241)
[2026-01-16T09:30:45.259+0000][gc,heap     ] GC(921) Survivor regions: 2->2(14)
[2026-01-16T09:30:45.260+0000][gc,heap     ] GC(921) Old regions: 230->230
[2026-01-16T09:30:45.260+0000][gc,heap     ] GC(921) Humongous regions: 132->132
[2026-01-16T09:30:45.262+0000][gc,metaspace] GC(921) Metaspace: 13073K(13504K)->13073K(13504K) NonClass: 11953K(12160K)->11953K(12160K) Class: 1119K(1344K)->1119K(1344K)
[2026-01-16T09:30:45.262+0000][gc          ] GC(921) Pause Young (Normal) (G1 Evacuation Pause) 467M->362M(1024M) 73.571ms
[2026-01-16T09:30:45.263+0000][gc,cpu      ] GC(921) User=0.08s Sys=0.01s Real=0.07s
[2026-01-16T09:31:04.942+0000][gc,start    ] GC(922) Pause Young (Normal) (G1 Evacuation Pause)
[2026-01-16T09:31:04.946+0000][gc,task     ] GC(922) Using 8 workers of 8 for evacuation
[2026-01-16T09:31:05.147+0000][gc,phases   ] GC(922)   Pre Evacuate Collection Set: 42.9ms
[2026-01-16T09:31:05.150+0000][gc,phases   ] GC(922)   Merge Heap Roots: 10.9ms
[2026-01-16T09:31:05.150+0000][gc,phases   ] GC(922)   Evacuate Collection Set: 133.8ms
[2026-01-16T09:31:05.150+0000][gc,phases   ] GC(922)   Post Evacuate Collection Set: 11.2ms
[2026-01-16T09:31:05.150+0000][gc,phases   ] GC(922)   Other: 2.0ms
[2026-01-16T09:31:05.151+0000][gc,heap     ] GC(922) Eden regions: 215->0(158)
[2026-01-16T09:31:05.151+0000][gc,heap     ] GC(922) Survivor regions: 2->2(28)
[2026-01-16T09:31:05.151+0000][gc,heap     ] GC(922) Old regions: 230->230
[2026-01-16T09:31:05.151+0000][gc,heap     ] GC(922) Humongous regions: 132->132
[2026-01-16T09:31:05.151+0000][gc,metaspace] GC(922) Metaspace: 13073K(13504K)->13073K(13504K) NonClass: 11953K(12160K)->11953K(12160K) Class: 1119K(1344K)->1119K(1344K)
[2026-01-16T09:31:05.152+0000][gc          ] GC(922) Pause Young (Normal) (G1 Evacuation Pause) 577M->362M(1024M) 209.548ms
[2026-01-16T09:31:05.152+0000][gc,cpu      ] GC(922) User=0.17s Sys=0.02s Real=0.21s
[2026-01-16T09:31:16.324+0000][gc,start    ] GC(923) Pause Young (Normal) (G1 Evacuation Pause)
[2026-01-16T09:31:16.325+0000][gc,task     ] GC(923) Using 8 workers of 8 for evacuation
[2026-01-16T09:31:16.495+0000][gc,phases   ] GC(923)   Pre Evacuate Collection Set: 17.9ms
[2026-01-16T09:31:16.495+0000][gc,phases   ] GC(923)   Merge Heap Roots: 5.9ms
[2026-01-16T09:31:16.496+0000][gc,phases   ] GC(923)   Evacuate Collection Set: 124.7ms
[2026-01-16T09:31:16.496+0000][gc,phases   ] GC(923)   Post Evacuate Collection Set: 18.4ms
[2026-01-16T09:31:16.497+0000][gc,phases   ] GC(923)   Other: 2.9ms
[2026-01-16T09:31:16.497+0000][gc,heap     ] GC(923) Eden regions: 172->0(234)
[2026-01-16T09:31:16.498+0000][gc,heap     ] GC(923) Survivor regions: 2->2(22)
[2026-01-16T09:31:16.498+0000][gc,heap     ] GC(923) Old regions: 230->230
[2026-01-16T09:31:16.499+0000][gc,heap     ] GC(923) Humongous regions: 132->132
[2026-01-16T09:31:16.499+0000][gc,metaspace] GC(923) Metaspace: 13073K(13504K)->13073K(13504K) NonClass: 11953K(12160K)->11953K(12160K) Class: 1119K(1344K)->1119K(1344K)
[2026-01-16T09:31:16.499+0000][gc          ] GC(923) Pause Young (Normal) (G1 Evacuation Pause) 534M->363M(1024M) 175.823ms
[2026-01-16T09:31:16.500+0000][gc,cpu      ] GC(923) User=0.13s Sys=0.01s Real=0.18s
[2026-01-16T09:31:46.109+0000][gc,start    ] GC(924) Pause Young (Normal) (G1 Evacuation Pause)
[2026-01-16T09:31:46.112+0000][gc,task     ] GC(924) Using 8 workers of 8 for evacuation
[2026-01-16T09:31:46.600+0000][gc,mmu      ] GC(924) MMU target violated: 201.0ms (200.0ms/201.0ms)
[2026-01-16T09:31:46.601+0000][gc,phases   ] GC(924)   Pre Evacuate Collection Set: 132.7ms
[2026-01-16T09:31:46.601+0000][gc,phases   ] GC(924)   Merge Heap Roots: 26.2ms
[2026-01-16T09:31:46.602+0000][gc,phases   ] GC(924)   Evacuate Collection Set: 266.7ms
[2026-01-16T09:31:46.602+0000][gc,phases   ] GC(924)   Post Evacuate Collection Set: 62.2ms
[2026-01-16T09:31:46.602+0000][gc,phases   ] GC(924)   Other: 3.2ms
[2026-01-16T09:31:46.602+0000][gc,heap     ] GC(924) Eden regions: 287->0(50)
[2026-01-16T09:31:46.602+0000][gc,heap     ] GC(924) Survivor regions: 2->1(37)
[2026-01-16T09:31:46.603+0000][gc,heap     ] GC(924) Old regions: 230->231
[2026-01-16T09:31:46.603+0000][gc,heap     ] GC(924) Humongous regions: 132->132
[2026-01-16T09:31:46.603+0000][gc,metaspace] GC(924) Metaspace: 13073K(13504K)->13073K(13504K) NonClass: 11953K(12160K)->11953K(12160K) Class: 1119K(1344K)->1119K(1344K)
[2026-01-16T09:31:46.603+0000][gc          ] GC(924) Pause Young (Normal) (G1 Evacuation Pause) 650M->362M(1024M) 494.179ms
[2026-01-16T09:31:46.604+0000][gc,cpu      ] GC(924) User=0.31s Sys=0.03s Real=0.50s
[2026-01-16T09:31:49.902+0000][gc,start    ] GC(925) Pause Young (Normal) (G1 Evacuation Pause)
[2026-01-16T09:31:49.902+0000][gc,task     ] GC(925) Using 8 workers of 8 for evacuation
[2026-01-16T09:31:50.089+0000][gc,phases   ] GC(925)   Pre Evacuate Collection Set: 20.0ms
[2026-01-16T09:31:50.091+0000][gc,phases   ] GC(925)   Merge Heap Roots: 4.8ms
[2026-01-16T09:31:50.091+0000][gc,phases   ] GC(925)   Evacuate Collection Set: 158.3ms
[2026-01-16T09:31:50.092+0000][gc,phases   ] GC(925)   Post Evacuate Collection Set: 3.1ms
[2026-01-16T09:31:50.092+0000][gc,phases   ] GC(925)   Other: 1.2ms
[2026-01-16T09:31:50.092+0000][gc,heap     ] GC(925) Eden regions: 50->0(49)
[2026-01-16T09:31:50.092+0000][gc,heap     ] GC(925) Survivor regions: 1->2(7)
[2026-01-16T09:31:50.092+0000][gc,heap     ] GC(925) Old regions: 231->231
[2026-01-16T09:31:50.093+0000][gc,heap     ] GC(925) Humongous regions: 132->132
[2026-01-16T09:31:50.093+0000][gc,metaspace] GC(925) Metaspace: 13073K(13504K)->13073K(13504K) NonClass: 11953K(12160K)->11953K(12160K) Class: 1119K(1344K)->1119K(1344K)
[2026-01-16T09:31:50.094+0000][gc          ] GC(925) Pause Young (Normal) (G1 Evacuation Pause) 412M->363M(1024M) 192.722ms
[2026-01-16T09:31:50.095+0000][gc,cpu      ] GC(925) User=0.13s Sys=0.01s Real=0.20s
[2026-01-16T09:31:54.769+0000][gc,start    ] GC(926) Pause Young (Normal) (G1 Evacuation Pause)
[2026-01-16T09:31:54.771+0000][gc,task     ] GC(926) Using 8 workers of 8 for evacuation
[2026-01-16T09:31:55.072+0000][gc,mmu      ] GC(926) MMU target violated: 201.0ms (200.0ms/201.0ms)
[2026-01-16T09:31:55.078+0000][gc,phases   ] GC(926)   Pre Evacuate Collection Set: 51.7ms
[2026-01-16T09:31:55.081+0000][gc,phases   ] GC(926)   Merge Heap Roots: 16.9ms
[2026-01-16T09:31:55.082+0000][gc,phases   ] GC(926)   Evacuate Collection Set: 214.6ms
[2026-01-16T09:31:55.082+0000][gc,phases   ] GC(926)   Post Evacuate Collection Set: 9.1ms
[2026-01-16T09:31:55.083+0000][gc,phases   ] GC(926)   Other: 15.4ms
[2026-01-16T09:31:55.084+0000][gc,heap     ] GC(926) Eden regions: 49->0(50)
[2026-01-16T09:31:55.085+0000][gc,heap     ] GC(926) Survivor regions: 2->1(7)
[2026-01-16T09:31:55.085+0000][gc,heap     ] GC(926) Old regions: 231->231
[2026-01-16T09:31:55.085+0000][gc,heap     ] GC(926) Humongous regions: 132->132
[2026-01-16T09:31:55.085+0000][gc,metaspace] GC(926) Metaspace: 13075K(13504K)->13075K(13504K) NonClass: 11956K(12160K)->11956K(12160K) Class: 1119K(1344K)->1119K(1344K)
[2026-01-16T09:31:55.086+0000][gc          ] GC(926) Pause Young (Normal) (G1 Evacuation Pause) 412M->362M(1024M) 316.603ms
[2026-01-16T09:31:55.089+0000][gc,cpu      ] GC(926) User=0.16s Sys=0.02s Real=0.32s
[2026-01-16T09:31:58.493+0000][gc,start    ] GC(927) Pause Young (Normal) (G1 Evacuation Pause)
[2026-01-16T09:31:58.497+0000][gc,task     ] GC(927) Using 8 workers of 8 for evacuation
[2026-01-16T09:31:58.814+0000][gc,mmu      ] GC(927) MMU target violated: 201.0ms (200.0ms/201.0ms)
[2026-01-16T09:31:58.815+0000][gc,phases   ] GC(927)   Pre Evacuate Collection Set: 33.0ms
[2026-01-16T09:31:58.815+0000][gc,phases   ] GC(927)   Merge Heap Roots: 2.4ms
[2026-01-16T09:31:58.815+0000][gc,phases   ] GC(927)   Evacuate Collection Set: 259.7ms
[2026-01-16T09:31:58.815+0000][gc,phases   ] GC(927)   Post Evacuate Collection Set: 11.9ms
[2026-01-16T09:31:58.816+0000][gc,phases   ] GC(927)   Other: 12.0ms
[2026-01-16T09:31:58.816+0000][gc,heap     ] GC(927) Eden regions: 50->0(50)
[2026-01-16T09:31:58.816+0000][gc,heap     ] GC(927) Survivor regions: 1->1(7)
[2026-01-16T09:31:58.817+0000][gc,heap     ] GC(927) Old regions: 231->231
[2026-01-16T09:31:58.817+0000][gc,heap     ] GC(927) Humongous regions: 132->132
[2026-01-16T09:31:58.817+0000][gc,metaspace] GC(927) Metaspace: 13075K(13504K)->13075K(13504K) NonClass: 11956K(12160K)->11956K(12160K) Class: 1119K(1344K)->1119K(1344K)
[2026-01-16T09:31:58.818+0000][gc          ] GC(927) Pause Young (Normal) (G1 Evacuation Pause) 412M->363M(1024M) 324.589ms
[2026-01-16T09:31:58.818+0000][gc,cpu      ] GC(927) User=0.19s Sys=0.01s Real=0.32s
[2026-01-16T09:32:01.274+0000][gc,start    ] GC(928) Pause Young (Normal) (G1 Evacuation Pause)
[2026-01-16T09:32:01.276+0000][gc,task     ] GC(928) Using 8 workers of 8 for evacuation
[2026-01-16T09:32:01.652+0000][gc,mmu      ] GC(928) MMU target violated: 201.0ms (200.0ms/201.0ms)
[2026-01-16T09:32:01.656+0000][gc,phases   ] GC(928)   Pre Evacuate Collection Set: 36.7ms
[2026-01-16T09:32:01.667+0000][gc,phases   ] GC(928)   Merge Heap Roots: 9.2ms
[2026-01-16T09:32:01.668+0000][gc,phases   ] GC(928)   Evacuate Collection Set: 283.1ms
[2026-01-16T09:32:01.668+0000][gc,phases   ] GC(928)   Post Evacuate Collection Set: 45.4ms
[2026-01-16T09:32:01.668+0000][gc,phases   ] GC(928)   Other: 5.7ms
[2026-01-16T09:32:01.669+0000][gc,heap     ] GC(928) Eden regions: 50->0(49)
[2026-01-16T09:32:01.669+0000][gc,heap     ] GC(928) Survivor regions: 1->2(7)
[2026-01-16T09:32:01.669+0000][gc,heap     ] GC(928) Old regions: 231->231
[2026-01-16T09:32:01.669+0000][gc,heap     ] GC(928) Humongous regions: 132->132
[2026-01-16T09:32:01.669+0000][gc,metaspace] GC(928) Metaspace: 13075K(13504K)->13075K(13504K) NonClass: 11956K(12160K)->11956K(12160K) Class: 1119K(1344K)->1119K(1344K)
[2026-01-16T09:32:01.693+0000][gc          ] GC(928) Pause Young (Normal) (G1 Evacuation Pause) 413M->363M(1024M) 419.628ms
[2026-01-16T09:32:01.701+0000][gc,cpu      ] GC(928) User=0.18s Sys=0.01s Real=0.42s
[2026-01-16T09:32:05.661+0000][gc,start    ] GC(929) Pause Young (Normal) (G1 Evacuation Pause)
[2026-01-16T09:32:05.662+0000][gc,task     ] GC(929) Using 8 workers of 8 for evacuation
[2026-01-16T09:32:05.801+0000][gc,phases   ] GC(929)   Pre Evacuate Collection Set: 18.0ms
[2026-01-16T09:32:05.802+0000][gc,phases   ] GC(929)   Merge Heap Roots: 3.3ms
[2026-01-16T09:32:05.803+0000][gc,phases   ] GC(929)   Evacuate Collection Set: 83.7ms
[2026-01-16T09:32:05.803+0000][gc,phases   ] GC(929)   Post Evacuate Collection Set: 30.8ms
[2026-01-16T09:32:05.808+0000][gc,phases   ] GC(929)   Other: 3.2ms
[2026-01-16T09:32:05.809+0000][gc,heap     ] GC(929) Eden regions: 49->0(50)
[2026-01-16T09:32:05.816+0000][gc,heap     ] GC(929) Survivor regions: 2->1(7)
[2026-01-16T09:32:05.817+0000][gc,heap     ] GC(929) Old regions: 231->231
[2026-01-16T09:32:05.817+0000][gc,heap     ] GC(929) Humongous regions: 132->132
[2026-01-16T09:32:05.819+0000][gc,metaspace] GC(929) Metaspace: 13075K(13504K)->13075K(13504K) NonClass: 11956K(12160K)->11956K(12160K) Class: 1119K(1344K)->1119K(1344K)
[2026-01-16T09:32:05.821+0000][gc          ] GC(929) Pause Young (Normal) (G1 Evacuation Pause) 412M->363M(1024M) 161.774ms
[2026-01-16T09:32:05.823+0000][gc,cpu      ] GC(929) User=0.11s Sys=0.01s Real=0.17s
[2026-01-16T09:32:07.939+0000][gc,start    ] GC(930) Pause Young (Normal) (G1 Evacuation Pause)
[2026-01-16T09:32:07.941+0000][gc,task     ] GC(930) Using 8 workers of 8 for evacuation
[2026-01-16T09:32:08.025+0000][gc,phases   ] GC(930)   Pre Evacuate Collection Set: 14.9ms
[2026-01-16T09:32:08.028+0000][gc,phases   ] GC(930)   Merge Heap Roots: 2.2ms
[2026-01-16T09:32:08.029+0000][gc,phases   ] GC(930)   Evacuate Collection Set: 56.4ms
[2026-01-16T09:32:08.029+0000][gc,phases   ] GC(930)   Post Evacuate Collection Set: 7.2ms
[2026-01-16T09:32:08.029+0000][gc,phases   ] GC(930)   Other: 2.6ms
[2026-01-16T09:32:08.030+0000][gc,heap     ] GC(930) Eden regions: 50->0(49)
[2026-01-16T09:32:08.030+0000][gc,heap     ] GC(930) Survivor regions: 1->2(7)
[2026-01-16T09:32:08.031+0000][gc,heap     ] GC(930) Old regions: 231->231
[2026-01-16T09:32:08.032+0000][gc,heap     ] GC(930) Humongous regions: 132->132
[2026-01-16T09:32:08.033+0000][gc,metaspace] GC(930) Metaspace: 13075K(13504K)->13075K(13504K) NonClass: 11956K(12160K)->11956K(12160K) Class: 1119K(1344K)->1119K(1344K)
[2026-01-16T09:32:08.034+0000][gc          ] GC(930) Pause Young (Normal) (G1 Evacuation Pause) 413M->363M(1024M) 94.844ms
[2026-01-16T09:32:08.035+0000][gc,cpu      ] GC(930) User=0.10s Sys=0.01s Real=0.10s
[2026-01-16T09:32:14.640+0000][gc,start    ] GC(931) Pause Young (Normal) (G1 Evacuation Pause)
[2026-01-16T09:32:14.641+0000][gc,task     ] GC(931) Using 8 workers of 8 for evacuation
[2026-01-16T09:32:14.666+0000][gc,phases   ] GC(931)   Pre Evacuate Collection Set: 8.2ms
[2026-01-16T09:32:14.668+0000][gc,phases   ] GC(931)   Merge Heap Roots: 0.6ms
[2026-01-16T09:32:14.668+0000][gc,phases   ] GC(931)   Evacuate Collection Set: 9.6ms
[2026-01-16T09:32:14.668+0000][gc,phases   ] GC(931)   Post Evacuate Collection Set: 6.9ms
[2026-01-16T09:32:14.669+0000][gc,phases   ] GC(931)   Other: 0.7ms
[2026-01-16T09:32:14.669+0000][gc,heap     ] GC(931) Eden regions: 49->0(81)
[2026-01-16T09:32:14.670+0000][gc,heap     ] GC(931) Survivor regions: 2->1(7)
[2026-01-16T09:32:14.670+0000][gc,heap     ] GC(931) Old regions: 231->231
[2026-01-16T09:32:14.670+0000][gc,heap     ] GC(931) Humongous regions: 132->132
[2026-01-16T09:32:14.670+0000][gc,metaspace] GC(931) Metaspace: 13075K(13504K)->13075K(13504K) NonClass: 11956K(12160K)->11956K(12160K) Class: 1119K(1344K)->1119K(1344K)
[2026-01-16T09:32:14.671+0000][gc          ] GC(931) Pause Young (Normal) (G1 Evacuation Pause) 412M->362M(1024M) 30.758ms
[2026-01-16T09:32:14.671+0000][gc,cpu      ] GC(931) User=0.07s Sys=0.01s Real=0.03s
[2026-01-16T09:32:25.228+0000][gc,start    ] GC(932) Pause Young (Normal) (G1 Evacuation Pause)
[2026-01-16T09:32:25.230+0000][gc,task     ] GC(932) Using 8 workers of 8 for evacuation
[2026-01-16T09:32:25.257+0000][gc,phases   ] GC(932)   Pre Evacuate Collection Set: 9.0ms
[2026-01-16T09:32:25.257+0000][gc,phases   ] GC(932)   Merge Heap Roots: 0.6ms
[2026-01-16T09:32:25.258+0000][gc,phases   ] GC(932)   Evacuate Collection Set: 12.2ms
[2026-01-16T09:32:25.258+0000][gc,phases   ] GC(932)   Post Evacuate Collection Set: 3.8ms
[2026-01-16T09:32:25.258+0000][gc,phases   ] GC(932)   Other: 1.3ms
[2026-01-16T09:32:25.258+0000][gc,heap     ] GC(932) Eden regions: 137->0(184)
[2026-01-16T09:32:25.259+0000][gc,heap     ] GC(932) Survivor regions: 1->1(18)
[2026-01-16T09:32:25.259+0000][gc,heap     ] GC(932) Old regions: 231->231
[2026-01-16T09:32:25.259+0000][gc,heap     ] GC(932) Humongous regions: 132->132
[2026-01-16T09:32:25.260+0000][gc,metaspace] GC(932) Metaspace: 13075K(13504K)->13075K(13504K) NonClass: 11956K(12160K)->11956K(12160K) Class: 1119K(1344K)->1119K(1344K)
[2026-01-16T09:32:25.260+0000][gc          ] GC(932) Pause Young (Normal) (G1 Evacuation Pause) 499M->363M(1024M) 32.506ms
[2026-01-16T09:32:25.260+0000][gc,cpu      ] GC(932) User=0.06s Sys=0.00s Real=0.03s
[2026-01-16T09:32:46.461+0000][gc,start    ] GC(933) Pause Young (Normal) (G1 Evacuation Pause)
[2026-01-16T09:32:46.483+0000][gc,task     ] GC(933) Using 8 workers of 8 for evacuation
[2026-01-16T09:32:46.623+0000][gc,phases   ] GC(933)   Pre Evacuate Collection Set: 40.9ms
[2026-01-16T09:32:46.623+0000][gc,phases   ] GC(933)   Merge Heap Roots: 3.0ms
[2026-01-16T09:32:46.624+0000][gc,phases   ] GC(933)   Evacuate Collection Set: 76.7ms
[2026-01-16T09:32:46.624+0000][gc,phases   ] GC(933)   Post Evacuate Collection Set: 14.0ms
[2026-01-16T09:32:46.625+0000][gc,phases   ] GC(933)   Other: 17.1ms
[2026-01-16T09:32:46.625+0000][gc,heap     ] GC(933) Eden regions: 236->0(228)
[2026-01-16T09:32:46.626+0000][gc,heap     ] GC(933) Survivor regions: 1->2(30)
[2026-01-16T09:32:46.626+0000][gc,heap     ] GC(933) Old regions: 231->231
[2026-01-16T09:32:46.627+0000][gc,heap     ] GC(933) Humongous regions: 132->132
[2026-01-16T09:32:46.627+0000][gc,metaspace] GC(933) Metaspace: 13076K(13504K)->13076K(13504K) NonClass: 11956K(12160K)->11956K(12160K) Class: 1120K(1344K)->1120K(1344K)
[2026-01-16T09:32:46.628+0000][gc          ] GC(933) Pause Young (Normal) (G1 Evacuation Pause) 599M->363M(1024M) 167.190ms
[2026-01-16T09:32:46.628+0000][gc,cpu      ] GC(933) User=0.10s Sys=0.01s Real=0.17s
[2026-01-16T09:33:07.283+0000][gc,start    ] GC(934) Pause Young (Normal) (G1 Evacuation Pause)
[2026-01-16T09:33:07.286+0000][gc,task     ] GC(934) Using 8 workers of 8 for evacuation
[2026-01-16T09:33:07.468+0000][gc,phases   ] GC(934)   Pre Evacuate Collection Set: 44.7ms
[2026-01-16T09:33:07.468+0000][gc,phases   ] GC(934)   Merge Heap Roots: 6.1ms
[2026-01-16T09:33:07.469+0000][gc,phases   ] GC(934)   Evacuate Collection Set: 112.3ms
[2026-01-16T09:33:07.469+0000][gc,phases   ] GC(934)   Post Evacuate Collection Set: 13.9ms
[2026-01-16T09:33:07.469+0000][gc,phases   ] GC(934)   Other: 5.3ms
[2026-01-16T09:33:07.472+0000][gc,heap     ] GC(934) Eden regions: 271->0(268)
[2026-01-16T09:33:07.478+0000][gc,heap     ] GC(934) Survivor regions: 2->2(35)
[2026-01-16T09:33:07.478+0000][gc,heap     ] GC(934) Old regions: 231->231
[2026-01-16T09:33:07.478+0000][gc,heap     ] GC(934) Humongous regions: 132->132
[2026-01-16T09:33:07.479+0000][gc,metaspace] GC(934) Metaspace: 13076K(13504K)->13076K(13504K) NonClass: 11956K(12160K)->11956K(12160K) Class: 1120K(1344K)->1120K(1344K)
[2026-01-16T09:33:07.486+0000][gc          ] GC(934) Pause Young (Normal) (G1 Evacuation Pause) 634M->364M(1024M) 197.168ms
[2026-01-16T09:33:07.487+0000][gc,cpu      ] GC(934) User=0.22s Sys=0.03s Real=0.21s
[2026-01-16T09:33:36.301+0000][gc,start    ] GC(935) Pause Young (Normal) (G1 Evacuation Pause)
[2026-01-16T09:33:36.318+0000][gc,task     ] GC(935) Using 8 workers of 8 for evacuation
[2026-01-16T09:33:36.498+0000][gc,phases   ] GC(935)   Pre Evacuate Collection Set: 79.0ms
[2026-01-16T09:33:36.500+0000][gc,phases   ] GC(935)   Merge Heap Roots: 3.6ms
[2026-01-16T09:33:36.500+0000][gc,phases   ] GC(935)   Evacuate Collection Set: 85.6ms
[2026-01-16T09:33:36.500+0000][gc,phases   ] GC(935)   Post Evacuate Collection Set: 9.5ms
[2026-01-16T09:33:36.500+0000][gc,phases   ] GC(935)   Other: 3.2ms
[2026-01-16T09:33:36.500+0000][gc,heap     ] GC(935) Eden regions: 290->0(377)
[2026-01-16T09:33:36.500+0000][gc,heap     ] GC(935) Survivor regions: 2->1(37)
[2026-01-16T09:33:36.500+0000][gc,heap     ] GC(935) Old regions: 231->231
[2026-01-16T09:33:36.500+0000][gc,heap     ] GC(935) Humongous regions: 132->132
[2026-01-16T09:33:36.500+0000][gc,metaspace] GC(935) Metaspace: 13077K(13504K)->13077K(13504K) NonClass: 11956K(12160K)->11956K(12160K) Class: 1120K(1344K)->1120K(1344K)
[2026-01-16T09:33:36.501+0000][gc          ] GC(935) Pause Young (Normal) (G1 Evacuation Pause) 654M->363M(1024M) 200.683ms
[2026-01-16T09:33:36.505+0000][gc,cpu      ] GC(935) User=0.17s Sys=0.01s Real=0.21s
[2026-01-16T09:34:16.891+0000][gc,start    ] GC(936) Pause Young (Normal) (G1 Evacuation Pause)
[2026-01-16T09:34:16.896+0000][gc,task     ] GC(936) Using 8 workers of 8 for evacuation
[2026-01-16T09:34:17.314+0000][gc,mmu      ] GC(936) MMU target violated: 201.0ms (200.0ms/201.0ms)
[2026-01-16T09:34:17.315+0000][gc,phases   ] GC(936)   Pre Evacuate Collection Set: 102.3ms
[2026-01-16T09:34:17.316+0000][gc,phases   ] GC(936)   Merge Heap Roots: 8.9ms
[2026-01-16T09:34:17.317+0000][gc,phases   ] GC(936)   Evacuate Collection Set: 286.0ms
[2026-01-16T09:34:17.321+0000][gc,phases   ] GC(936)   Post Evacuate Collection Set: 17.7ms
[2026-01-16T09:34:17.324+0000][gc,phases   ] GC(936)   Other: 5.0ms
[2026-01-16T09:34:17.325+0000][gc,heap     ] GC(936) Eden regions: 419->0(50)
[2026-01-16T09:34:17.325+0000][gc,heap     ] GC(936) Survivor regions: 1->1(53)
[2026-01-16T09:34:17.329+0000][gc,heap     ] GC(936) Old regions: 231->231
[2026-01-16T09:34:17.330+0000][gc,heap     ] GC(936) Humongous regions: 132->132
[2026-01-16T09:34:17.331+0000][gc,metaspace] GC(936) Metaspace: 13079K(13504K)->13079K(13504K) NonClass: 11958K(12160K)->11958K(12160K) Class: 1120K(1344K)->1120K(1344K)
[2026-01-16T09:34:17.334+0000][gc          ] GC(936) Pause Young (Normal) (G1 Evacuation Pause) 782M->363M(1024M) 442.009ms
[2026-01-16T09:34:17.334+0000][gc,cpu      ] GC(936) User=0.25s Sys=0.03s Real=0.44s
[2026-01-16T09:34:20.569+0000][gc,start    ] GC(937) Pause Young (Normal) (G1 Evacuation Pause)
[2026-01-16T09:34:20.570+0000][gc,task     ] GC(937) Using 8 workers of 8 for evacuation
[2026-01-16T09:34:20.699+0000][gc,phases   ] GC(937)   Pre Evacuate Collection Set: 12.6ms
[2026-01-16T09:34:20.701+0000][gc,phases   ] GC(937)   Merge Heap Roots: 2.2ms
[2026-01-16T09:34:20.701+0000][gc,phases   ] GC(937)   Evacuate Collection Set: 110.7ms
[2026-01-16T09:34:20.702+0000][gc,phases   ] GC(937)   Post Evacuate Collection Set: 1.6ms
[2026-01-16T09:34:20.703+0000][gc,phases   ] GC(937)   Other: 2.2ms
[2026-01-16T09:34:20.704+0000][gc,heap     ] GC(937) Eden regions: 61->0(57)
[2026-01-16T09:34:20.704+0000][gc,heap     ] GC(937) Survivor regions: 1->2(8)
[2026-01-16T09:34:20.709+0000][gc,heap     ] GC(937) Old regions: 231->231
[2026-01-16T09:34:20.709+0000][gc,heap     ] GC(937) Humongous regions: 132->132
[2026-01-16T09:34:20.710+0000][gc,metaspace] GC(937) Metaspace: 13079K(13504K)->13079K(13504K) NonClass: 11958K(12160K)->11958K(12160K) Class: 1120K(1344K)->1120K(1344K)
[2026-01-16T09:34:20.711+0000][gc          ] GC(937) Pause Young (Normal) (G1 Evacuation Pause) 424M->363M(1024M) 142.257ms
[2026-01-16T09:34:20.711+0000][gc,cpu      ] GC(937) User=0.10s Sys=0.01s Real=0.14s
[2026-01-16T09:34:25.343+0000][gc,start    ] GC(938) Pause Young (Normal) (G1 Evacuation Pause)
[2026-01-16T09:34:25.348+0000][gc,task     ] GC(938) Using 8 workers of 8 for evacuation
[2026-01-16T09:34:25.408+0000][gc,phases   ] GC(938)   Pre Evacuate Collection Set: 12.9ms
[2026-01-16T09:34:25.408+0000][gc,phases   ] GC(938)   Merge Heap Roots: 4.2ms
[2026-01-16T09:34:25.409+0000][gc,phases   ] GC(938)   Evacuate Collection Set: 33.4ms
[2026-01-16T09:34:25.409+0000][gc,phases   ] GC(938)   Post Evacuate Collection Set: 8.5ms
[2026-01-16T09:34:25.409+0000][gc,phases   ] GC(938)   Other: 0.8ms
[2026-01-16T09:34:25.410+0000][gc,heap     ] GC(938) Eden regions: 77->0(275)
[2026-01-16T09:34:25.412+0000][gc,heap     ] GC(938) Survivor regions: 2->1(10)
[2026-01-16T09:34:25.413+0000][gc,heap     ] GC(938) Old regions: 231->231
[2026-01-16T09:34:25.413+0000][gc,heap     ] GC(938) Humongous regions: 132->132
[2026-01-16T09:34:25.414+0000][gc,metaspace] GC(938) Metaspace: 13079K(13504K)->13079K(13504K) NonClass: 11958K(12160K)->11958K(12160K) Class: 1120K(1344K)->1120K(1344K)
[2026-01-16T09:34:25.414+0000][gc          ] GC(938) Pause Young (Normal) (G1 Evacuation Pause) 440M->363M(1024M) 70.805ms
[2026-01-16T09:34:25.415+0000][gc,cpu      ] GC(938) User=0.07s Sys=0.01s Real=0.07s
[2026-01-16T09:34:54.576+0000][gc,start    ] GC(939) Pause Young (Normal) (G1 Evacuation Pause)
[2026-01-16T09:34:54.578+0000][gc,task     ] GC(939) Using 8 workers of 8 for evacuation
[2026-01-16T09:34:54.629+0000][gc,phases   ] GC(939)   Pre Evacuate Collection Set: 15.5ms
[2026-01-16T09:34:54.631+0000][gc,phases   ] GC(939)   Merge Heap Roots: 2.4ms
[2026-01-16T09:34:54.633+0000][gc,phases   ] GC(939)   Evacuate Collection Set: 24.1ms
[2026-01-16T09:34:54.633+0000][gc,phases   ] GC(939)   Post Evacuate Collection Set: 7.2ms
[2026-01-16T09:34:54.633+0000][gc,phases   ] GC(939)   Other: 2.6ms
[2026-01-16T09:34:54.634+0000][gc,heap     ] GC(939) Eden regions: 309->0(597)
[2026-01-16T09:34:54.634+0000][gc,heap     ] GC(939) Survivor regions: 1->1(39)
[2026-01-16T09:34:54.634+0000][gc,heap     ] GC(939) Old regions: 231->231
[2026-01-16T09:34:54.634+0000][gc,heap     ] GC(939) Humongous regions: 132->132
[2026-01-16T09:34:54.634+0000][gc,metaspace] GC(939) Metaspace: 13079K(13504K)->13079K(13504K) NonClass: 11958K(12160K)->11958K(12160K) Class: 1120K(1344K)->1120K(1344K)
[2026-01-16T09:34:54.635+0000][gc          ] GC(939) Pause Young (Normal) (G1 Evacuation Pause) 672M->362M(1024M) 59.082ms
[2026-01-16T09:34:54.635+0000][gc,cpu      ] GC(939) User=0.18s Sys=0.01s Real=0.06s
[2026-01-16T09:35:47.609+0000][gc,start    ] GC(940) Pause Young (Normal) (G1 Evacuation Pause)
[2026-01-16T09:35:47.640+0000][gc,task     ] GC(940) Using 8 workers of 8 for evacuation
[2026-01-16T09:35:48.475+0000][gc,mmu      ] GC(940) MMU target violated: 201.0ms (200.0ms/201.0ms)
[2026-01-16T09:35:48.479+0000][gc,phases   ] GC(940)   Pre Evacuate Collection Set: 226.8ms
[2026-01-16T09:35:48.481+0000][gc,phases   ] GC(940)   Merge Heap Roots: 91.5ms
[2026-01-16T09:35:48.483+0000][gc,phases   ] GC(940)   Evacuate Collection Set: 342.5ms
[2026-01-16T09:35:48.484+0000][gc,phases   ] GC(940)   Post Evacuate Collection Set: 120.4ms
[2026-01-16T09:35:48.512+0000][gc,phases   ] GC(940)   Other: 74.7ms
[2026-01-16T09:35:48.514+0000][gc,heap     ] GC(940) Eden regions: 575->0(50)
[2026-01-16T09:35:48.517+0000][gc,heap     ] GC(940) Survivor regions: 1->1(72)
[2026-01-16T09:35:48.517+0000][gc,heap     ] GC(940) Old regions: 231->231
[2026-01-16T09:35:48.518+0000][gc,heap     ] GC(940) Humongous regions: 132->132
[2026-01-16T09:35:48.518+0000][gc,metaspace] GC(940) Metaspace: 13079K(13504K)->13079K(13504K) NonClass: 11958K(12160K)->11958K(12160K) Class: 1120K(1344K)->1120K(1344K)
[2026-01-16T09:35:48.518+0000][gc          ] GC(940) Pause Young (Normal) (G1 Evacuation Pause) 937M->363M(1024M) 909.305ms
[2026-01-16T09:35:48.518+0000][gc,cpu      ] GC(940) User=0.44s Sys=0.05s Real=0.92s
[2026-01-16T09:35:53.519+0000][gc,start    ] GC(941) Pause Young (Normal) (G1 Evacuation Pause)
[2026-01-16T09:35:53.522+0000][gc,task     ] GC(941) Using 8 workers of 8 for evacuation
[2026-01-16T09:35:54.110+0000][gc,mmu      ] GC(941) MMU target violated: 201.0ms (200.0ms/201.0ms)
[2026-01-16T09:35:54.111+0000][gc,phases   ] GC(941)   Pre Evacuate Collection Set: 94.1ms
[2026-01-16T09:35:54.111+0000][gc,phases   ] GC(941)   Merge Heap Roots: 36.1ms
[2026-01-16T09:35:54.112+0000][gc,phases   ] GC(941)   Evacuate Collection Set: 399.6ms
[2026-01-16T09:35:54.112+0000][gc,phases   ] GC(941)   Post Evacuate Collection Set: 56.0ms
[2026-01-16T09:35:54.112+0000][gc,phases   ] GC(941)   Other: 3.7ms
[2026-01-16T09:35:54.113+0000][gc,heap     ] GC(941) Eden regions: 50->0(49)
[2026-01-16T09:35:54.114+0000][gc,heap     ] GC(941) Survivor regions: 1->2(7)
[2026-01-16T09:35:54.115+0000][gc,heap     ] GC(941) Old regions: 231->231
[2026-01-16T09:35:54.115+0000][gc,heap     ] GC(941) Humongous regions: 132->132
[2026-01-16T09:35:54.115+0000][gc,metaspace] GC(941) Metaspace: 13079K(13504K)->13079K(13504K) NonClass: 11958K(12160K)->11958K(12160K) Class: 1120K(1344K)->1120K(1344K)
[2026-01-16T09:35:54.115+0000][gc          ] GC(941) Pause Young (Normal) (G1 Evacuation Pause) 413M->363M(1024M) 596.091ms
[2026-01-16T09:35:54.115+0000][gc,cpu      ] GC(941) User=0.36s Sys=0.03s Real=0.60s
[2026-01-16T09:35:56.470+0000][gc,start    ] GC(942) Pause Young (Normal) (G1 Evacuation Pause)
[2026-01-16T09:35:56.476+0000][gc,task     ] GC(942) Using 8 workers of 8 for evacuation
[2026-01-16T09:35:56.801+0000][gc,mmu      ] GC(942) MMU target violated: 201.0ms (200.0ms/201.0ms)
[2026-01-16T09:35:56.802+0000][gc,phases   ] GC(942)   Pre Evacuate Collection Set: 18.0ms
[2026-01-16T09:35:56.802+0000][gc,phases   ] GC(942)   Merge Heap Roots: 1.6ms
[2026-01-16T09:35:56.802+0000][gc,phases   ] GC(942)   Evacuate Collection Set: 292.3ms
[2026-01-16T09:35:56.802+0000][gc,phases   ] GC(942)   Post Evacuate Collection Set: 11.6ms
[2026-01-16T09:35:56.802+0000][gc,phases   ] GC(942)   Other: 2.5ms
[2026-01-16T09:35:56.803+0000][gc,heap     ] GC(942) Eden regions: 49->0(49)
[2026-01-16T09:35:56.803+0000][gc,heap     ] GC(942) Survivor regions: 2->2(7)
[2026-01-16T09:35:56.804+0000][gc,heap     ] GC(942) Old regions: 231->231
[2026-01-16T09:35:56.804+0000][gc,heap     ] GC(942) Humongous regions: 132->132
[2026-01-16T09:35:56.805+0000][gc,metaspace] GC(942) Metaspace: 13079K(13504K)->13079K(13504K) NonClass: 11958K(12160K)->11958K(12160K) Class: 1120K(1344K)->1120K(1344K)
[2026-01-16T09:35:56.806+0000][gc          ] GC(942) Pause Young (Normal) (G1 Evacuation Pause) 412M->364M(1024M) 335.454ms
[2026-01-16T09:35:56.806+0000][gc,cpu      ] GC(942) User=0.14s Sys=0.01s Real=0.34s
[2026-01-16T09:35:58.750+0000][gc,start    ] GC(943) Pause Young (Normal) (G1 Evacuation Pause)
[2026-01-16T09:35:58.751+0000][gc,task     ] GC(943) Using 8 workers of 8 for evacuation
[2026-01-16T09:35:58.815+0000][gc,phases   ] GC(943)   Pre Evacuate Collection Set: 11.6ms
[2026-01-16T09:35:58.816+0000][gc,phases   ] GC(943)   Merge Heap Roots: 1.4ms
[2026-01-16T09:35:58.816+0000][gc,phases   ] GC(943)   Evacuate Collection Set: 45.1ms
[2026-01-16T09:35:58.816+0000][gc,phases   ] GC(943)   Post Evacuate Collection Set: 3.2ms
[2026-01-16T09:35:58.817+0000][gc,phases   ] GC(943)   Other: 3.2ms
[2026-01-16T09:35:58.817+0000][gc,heap     ] GC(943) Eden regions: 49->0(49)
[2026-01-16T09:35:58.817+0000][gc,heap     ] GC(943) Survivor regions: 2->2(7)
[2026-01-16T09:35:58.818+0000][gc,heap     ] GC(943) Old regions: 231->231
[2026-01-16T09:35:58.818+0000][gc,heap     ] GC(943) Humongous regions: 132->132
[2026-01-16T09:35:58.818+0000][gc,metaspace] GC(943) Metaspace: 13079K(13504K)->13079K(13504K) NonClass: 11958K(12160K)->11958K(12160K) Class: 1120K(1344K)->1120K(1344K)
[2026-01-16T09:35:58.819+0000][gc          ] GC(943) Pause Young (Normal) (G1 Evacuation Pause) 413M->363M(1024M) 68.738ms
[2026-01-16T09:35:58.819+0000][gc,cpu      ] GC(943) User=0.05s Sys=0.00s Real=0.07s
[2026-01-16T09:36:00.208+0000][gc,start    ] GC(944) Pause Young (Normal) (G1 Evacuation Pause)
[2026-01-16T09:36:00.210+0000][gc,task     ] GC(944) Using 8 workers of 8 for evacuation
[2026-01-16T09:36:00.313+0000][gc,phases   ] GC(944)   Pre Evacuate Collection Set: 8.4ms
[2026-01-16T09:36:00.313+0000][gc,phases   ] GC(944)   Merge Heap Roots: 0.5ms
[2026-01-16T09:36:00.314+0000][gc,phases   ] GC(944)   Evacuate Collection Set: 85.8ms
[2026-01-16T09:36:00.318+0000][gc,phases   ] GC(944)   Post Evacuate Collection Set: 5.9ms
[2026-01-16T09:36:00.318+0000][gc,phases   ] GC(944)   Other: 2.2ms
[2026-01-16T09:36:00.318+0000][gc,heap     ] GC(944) Eden regions: 49->0(49)
[2026-01-16T09:36:00.318+0000][gc,heap     ] GC(944) Survivor regions: 2->2(7)
[2026-01-16T09:36:00.318+0000][gc,heap     ] GC(944) Old regions: 231->231
[2026-01-16T09:36:00.318+0000][gc,heap     ] GC(944) Humongous regions: 132->132
[2026-01-16T09:36:00.319+0000][gc,metaspace] GC(944) Metaspace: 13079K(13504K)->13079K(13504K) NonClass: 11958K(12160K)->11958K(12160K) Class: 1120K(1344K)->1120K(1344K)
[2026-01-16T09:36:00.319+0000][gc          ] GC(944) Pause Young (Normal) (G1 Evacuation Pause) 412M->364M(1024M) 110.651ms
[2026-01-16T09:36:00.319+0000][gc,cpu      ] GC(944) User=0.04s Sys=0.01s Real=0.11s
[2026-01-16T09:36:05.606+0000][gc,start    ] GC(945) Pause Young (Normal) (G1 Evacuation Pause)
[2026-01-16T09:36:05.607+0000][gc,task     ] GC(945) Using 8 workers of 8 for evacuation
[2026-01-16T09:36:05.666+0000][gc,phases   ] GC(945)   Pre Evacuate Collection Set: 11.1ms
[2026-01-16T09:36:05.666+0000][gc,phases   ] GC(945)   Merge Heap Roots: 0.5ms
[2026-01-16T09:36:05.667+0000][gc,phases   ] GC(945)   Evacuate Collection Set: 33.4ms
[2026-01-16T09:36:05.667+0000][gc,phases   ] GC(945)   Post Evacuate Collection Set: 12.3ms
[2026-01-16T09:36:05.667+0000][gc,phases   ] GC(945)   Other: 1.4ms
[2026-01-16T09:36:05.667+0000][gc,heap     ] GC(945) Eden regions: 49->0(55)
[2026-01-16T09:36:05.667+0000][gc,heap     ] GC(945) Survivor regions: 2->1(7)
[2026-01-16T09:36:05.667+0000][gc,heap     ] GC(945) Old regions: 231->231
[2026-01-16T09:36:05.667+0000][gc,heap     ] GC(945) Humongous regions: 132->132
[2026-01-16T09:36:05.667+0000][gc,metaspace] GC(945) Metaspace: 13079K(13504K)->13079K(13504K) NonClass: 11958K(12160K)->11958K(12160K) Class: 1120K(1344K)->1120K(1344K)
[2026-01-16T09:36:05.668+0000][gc          ] GC(945) Pause Young (Normal) (G1 Evacuation Pause) 413M->363M(1024M) 62.057ms
[2026-01-16T09:36:05.668+0000][gc,cpu      ] GC(945) User=0.10s Sys=0.01s Real=0.06s
[2026-01-16T09:36:06.826+0000][gc,start    ] GC(946) Pause Young (Normal) (G1 Evacuation Pause)
[2026-01-16T09:36:06.827+0000][gc,task     ] GC(946) Using 8 workers of 8 for evacuation
[2026-01-16T09:36:06.868+0000][gc,phases   ] GC(946)   Pre Evacuate Collection Set: 0.7ms
[2026-01-16T09:36:06.868+0000][gc,phases   ] GC(946)   Merge Heap Roots: 0.2ms
[2026-01-16T09:36:06.869+0000][gc,phases   ] GC(946)   Evacuate Collection Set: 36.3ms
[2026-01-16T09:36:06.869+0000][gc,phases   ] GC(946)   Post Evacuate Collection Set: 3.2ms
[2026-01-16T09:36:06.869+0000][gc,phases   ] GC(946)   Other: 0.5ms
[2026-01-16T09:36:06.870+0000][gc,heap     ] GC(946) Eden regions: 60->0(87)
[2026-01-16T09:36:06.871+0000][gc,heap     ] GC(946) Survivor regions: 1->2(8)
[2026-01-16T09:36:06.871+0000][gc,heap     ] GC(946) Old regions: 231->231
[2026-01-16T09:36:06.872+0000][gc,heap     ] GC(946) Humongous regions: 132->132
[2026-01-16T09:36:06.874+0000][gc,metaspace] GC(946) Metaspace: 13079K(13504K)->13079K(13504K) NonClass: 11958K(12160K)->11958K(12160K) Class: 1120K(1344K)->1120K(1344K)
[2026-01-16T09:36:06.874+0000][gc          ] GC(946) Pause Young (Normal) (G1 Evacuation Pause) 423M->364M(1024M) 47.982ms
[2026-01-16T09:36:06.876+0000][gc,cpu      ] GC(946) User=0.07s Sys=0.01s Real=0.05s
[2026-01-16T09:36:16.857+0000][gc,start    ] GC(947) Pause Young (Normal) (G1 Evacuation Pause)
[2026-01-16T09:36:16.858+0000][gc,task     ] GC(947) Using 8 workers of 8 for evacuation
[2026-01-16T09:36:16.916+0000][gc,phases   ] GC(947)   Pre Evacuate Collection Set: 5.9ms
[2026-01-16T09:36:16.917+0000][gc,phases   ] GC(947)   Merge Heap Roots: 1.3ms
[2026-01-16T09:36:16.918+0000][gc,phases   ] GC(947)   Evacuate Collection Set: 44.4ms
[2026-01-16T09:36:16.919+0000][gc,phases   ] GC(947)   Post Evacuate Collection Set: 5.9ms
[2026-01-16T09:36:16.920+0000][gc,phases   ] GC(947)   Other: 0.6ms
[2026-01-16T09:36:16.920+0000][gc,heap     ] GC(947) Eden regions: 90->0(211)
[2026-01-16T09:36:16.921+0000][gc,heap     ] GC(947) Survivor regions: 2->2(12)
[2026-01-16T09:36:16.921+0000][gc,heap     ] GC(947) Old regions: 231->231
[2026-01-16T09:36:16.921+0000][gc,heap     ] GC(947) Humongous regions: 132->132
[2026-01-16T09:36:16.921+0000][gc,metaspace] GC(947) Metaspace: 13079K(13504K)->13079K(13504K) NonClass: 11958K(12160K)->11958K(12160K) Class: 1120K(1344K)->1120K(1344K)
[2026-01-16T09:36:16.921+0000][gc          ] GC(947) Pause Young (Normal) (G1 Evacuation Pause) 454M->364M(1024M) 64.360ms
[2026-01-16T09:36:16.921+0000][gc,cpu      ] GC(947) User=0.10s Sys=0.00s Real=0.07s
[2026-01-16T09:36:37.918+0000][gc,start    ] GC(948) Pause Young (Normal) (G1 Evacuation Pause)
[2026-01-16T09:36:37.946+0000][gc,task     ] GC(948) Using 8 workers of 8 for evacuation
[2026-01-16T09:36:38.255+0000][gc,mmu      ] GC(948) MMU target violated: 201.0ms (200.0ms/201.0ms)
[2026-01-16T09:36:38.256+0000][gc,phases   ] GC(948)   Pre Evacuate Collection Set: 135.2ms
[2026-01-16T09:36:38.256+0000][gc,phases   ] GC(948)   Merge Heap Roots: 27.7ms
[2026-01-16T09:36:38.256+0000][gc,phases   ] GC(948)   Evacuate Collection Set: 95.3ms
[2026-01-16T09:36:38.256+0000][gc,phases   ] GC(948)   Post Evacuate Collection Set: 49.0ms
[2026-01-16T09:36:38.256+0000][gc,phases   ] GC(948)   Other: 18.7ms
[2026-01-16T09:36:38.256+0000][gc,heap     ] GC(948) Eden regions: 211->0(49)
[2026-01-16T09:36:38.256+0000][gc,heap     ] GC(948) Survivor regions: 2->2(27)
[2026-01-16T09:36:38.256+0000][gc,heap     ] GC(948) Old regions: 231->231
[2026-01-16T09:36:38.257+0000][gc,heap     ] GC(948) Humongous regions: 132->132
[2026-01-16T09:36:38.257+0000][gc,metaspace] GC(948) Metaspace: 13079K(13504K)->13079K(13504K) NonClass: 11958K(12160K)->11958K(12160K) Class: 1120K(1344K)->1120K(1344K)
[2026-01-16T09:36:38.257+0000][gc          ] GC(948) Pause Young (Normal) (G1 Evacuation Pause) 575M->363M(1024M) 340.363ms
[2026-01-16T09:36:38.257+0000][gc,cpu      ] GC(948) User=0.24s Sys=0.02s Real=0.34s
[2026-01-16T09:36:44.357+0000][gc,start    ] GC(949) Pause Young (Normal) (G1 Evacuation Pause)
[2026-01-16T09:36:44.362+0000][gc,task     ] GC(949) Using 8 workers of 8 for evacuation
[2026-01-16T09:36:44.518+0000][gc,phases   ] GC(949)   Pre Evacuate Collection Set: 16.2ms
[2026-01-16T09:36:44.520+0000][gc,phases   ] GC(949)   Merge Heap Roots: 31.2ms
[2026-01-16T09:36:44.523+0000][gc,phases   ] GC(949)   Evacuate Collection Set: 101.4ms
[2026-01-16T09:36:44.525+0000][gc,phases   ] GC(949)   Post Evacuate Collection Set: 4.6ms
[2026-01-16T09:36:44.525+0000][gc,phases   ] GC(949)   Other: 2.3ms
[2026-01-16T09:36:44.525+0000][gc,heap     ] GC(949) Eden regions: 49->0(200)
[2026-01-16T09:36:44.525+0000][gc,heap     ] GC(949) Survivor regions: 2->1(7)
[2026-01-16T09:36:44.526+0000][gc,heap     ] GC(949) Old regions: 231->231
[2026-01-16T09:36:44.526+0000][gc,heap     ] GC(949) Humongous regions: 132->132
[2026-01-16T09:36:44.527+0000][gc,metaspace] GC(949) Metaspace: 13079K(13504K)->13079K(13504K) NonClass: 11958K(12160K)->11958K(12160K) Class: 1120K(1344K)->1120K(1344K)
[2026-01-16T09:36:44.528+0000][gc          ] GC(949) Pause Young (Normal) (G1 Evacuation Pause) 412M->363M(1024M) 170.494ms
[2026-01-16T09:36:44.528+0000][gc,cpu      ] GC(949) User=0.11s Sys=0.01s Real=0.17s
[2026-01-16T09:36:55.325+0000][gc,start    ] GC(950) Pause Young (Normal) (G1 Evacuation Pause)
[2026-01-16T09:36:55.327+0000][gc,task     ] GC(950) Using 8 workers of 8 for evacuation
[2026-01-16T09:36:55.390+0000][gc,phases   ] GC(950)   Pre Evacuate Collection Set: 17.6ms
[2026-01-16T09:36:55.390+0000][gc,phases   ] GC(950)   Merge Heap Roots: 0.7ms
[2026-01-16T09:36:55.391+0000][gc,phases   ] GC(950)   Evacuate Collection Set: 34.8ms
[2026-01-16T09:36:55.392+0000][gc,phases   ] GC(950)   Post Evacuate Collection Set: 7.1ms
[2026-01-16T09:36:55.395+0000][gc,phases   ] GC(950)   Other: 2.0ms
[2026-01-16T09:36:55.395+0000][gc,heap     ] GC(950) Eden regions: 154->0(515)
[2026-01-16T09:36:55.396+0000][gc,heap     ] GC(950) Survivor regions: 1->1(20)
[2026-01-16T09:36:55.397+0000][gc,heap     ] GC(950) Old regions: 231->231
[2026-01-16T09:36:55.397+0000][gc,heap     ] GC(950) Humongous regions: 132->132
[2026-01-16T09:36:55.398+0000][gc,metaspace] GC(950) Metaspace: 13079K(13504K)->13079K(13504K) NonClass: 11958K(12160K)->11958K(12160K) Class: 1120K(1344K)->1120K(1344K)
[2026-01-16T09:36:55.400+0000][gc          ] GC(950) Pause Young (Normal) (G1 Evacuation Pause) 517M->363M(1024M) 75.423ms
[2026-01-16T09:36:55.402+0000][gc,cpu      ] GC(950) User=0.07s Sys=0.01s Real=0.07s
[2026-01-16T09:37:46.528+0000][gc,start    ] GC(951) Pause Young (Normal) (G1 Evacuation Pause)
[2026-01-16T09:37:46.529+0000][gc,task     ] GC(951) Using 8 workers of 8 for evacuation
[2026-01-16T09:37:46.872+0000][gc,mmu      ] GC(951) MMU target violated: 201.0ms (200.0ms/201.0ms)
[2026-01-16T09:37:46.873+0000][gc,phases   ] GC(951)   Pre Evacuate Collection Set: 123.9ms
[2026-01-16T09:37:46.873+0000][gc,phases   ] GC(951)   Merge Heap Roots: 8.5ms
[2026-01-16T09:37:46.874+0000][gc,phases   ] GC(951)   Evacuate Collection Set: 181.8ms
[2026-01-16T09:37:46.874+0000][gc,phases   ] GC(951)   Post Evacuate Collection Set: 27.2ms
[2026-01-16T09:37:46.875+0000][gc,phases   ] GC(951)   Other: 2.4ms
[2026-01-16T09:37:46.875+0000][gc,heap     ] GC(951) Eden regions: 544->0(50)
[2026-01-16T09:37:46.876+0000][gc,heap     ] GC(951) Survivor regions: 1->1(69)
[2026-01-16T09:37:46.877+0000][gc,heap     ] GC(951) Old regions: 231->231
[2026-01-16T09:37:46.877+0000][gc,heap     ] GC(951) Humongous regions: 132->132
[2026-01-16T09:37:46.877+0000][gc,metaspace] GC(951) Metaspace: 13079K(13504K)->13079K(13504K) NonClass: 11958K(12160K)->11958K(12160K) Class: 1120K(1344K)->1120K(1344K)
[2026-01-16T09:37:46.878+0000][gc          ] GC(951) Pause Young (Normal) (G1 Evacuation Pause) 907M->363M(1024M) 350.012ms
[2026-01-16T09:37:46.878+0000][gc,cpu      ] GC(951) User=0.25s Sys=0.01s Real=0.35s
[2026-01-16T09:37:50.543+0000][gc,start    ] GC(952) Pause Young (Normal) (G1 Evacuation Pause)
[2026-01-16T09:37:50.546+0000][gc,task     ] GC(952) Using 8 workers of 8 for evacuation
[2026-01-16T09:37:50.883+0000][gc,mmu      ] GC(952) MMU target violated: 201.0ms (200.0ms/201.0ms)
[2026-01-16T09:37:50.884+0000][gc,phases   ] GC(952)   Pre Evacuate Collection Set: 29.8ms
[2026-01-16T09:37:50.884+0000][gc,phases   ] GC(952)   Merge Heap Roots: 7.4ms
[2026-01-16T09:37:50.884+0000][gc,phases   ] GC(952)   Evacuate Collection Set: 265.6ms
[2026-01-16T09:37:50.885+0000][gc,phases   ] GC(952)   Post Evacuate Collection Set: 32.6ms
[2026-01-16T09:37:50.885+0000][gc,phases   ] GC(952)   Other: 2.8ms
[2026-01-16T09:37:50.885+0000][gc,heap     ] GC(952) Eden regions: 50->0(49)
[2026-01-16T09:37:50.886+0000][gc,heap     ] GC(952) Survivor regions: 1->2(7)
[2026-01-16T09:37:50.886+0000][gc,heap     ] GC(952) Old regions: 231->231
[2026-01-16T09:37:50.886+0000][gc,heap     ] GC(952) Humongous regions: 132->132
[2026-01-16T09:37:50.887+0000][gc,metaspace] GC(952) Metaspace: 13079K(13504K)->13079K(13504K) NonClass: 11958K(12160K)->11958K(12160K) Class: 1120K(1344K)->1120K(1344K)
[2026-01-16T09:37:50.887+0000][gc          ] GC(952) Pause Young (Normal) (G1 Evacuation Pause) 413M->363M(1024M) 344.133ms
[2026-01-16T09:37:50.889+0000][gc,cpu      ] GC(952) User=0.16s Sys=0.01s Real=0.35s
[2026-01-16T09:37:55.060+0000][gc,start    ] GC(953) Pause Young (Normal) (G1 Evacuation Pause)
[2026-01-16T09:37:55.064+0000][gc,task     ] GC(953) Using 8 workers of 8 for evacuation
[2026-01-16T09:37:55.149+0000][gc,phases   ] GC(953)   Pre Evacuate Collection Set: 14.2ms
[2026-01-16T09:37:55.151+0000][gc,phases   ] GC(953)   Merge Heap Roots: 1.7ms
[2026-01-16T09:37:55.153+0000][gc,phases   ] GC(953)   Evacuate Collection Set: 57.1ms
[2026-01-16T09:37:55.153+0000][gc,phases   ] GC(953)   Post Evacuate Collection Set: 11.2ms
[2026-01-16T09:37:55.153+0000][gc,phases   ] GC(953)   Other: 1.2ms
[2026-01-16T09:37:55.155+0000][gc,heap     ] GC(953) Eden regions: 49->0(119)
[2026-01-16T09:37:55.158+0000][gc,heap     ] GC(953) Survivor regions: 2->1(7)
[2026-01-16T09:37:55.159+0000][gc,heap     ] GC(953) Old regions: 231->231
[2026-01-16T09:37:55.160+0000][gc,heap     ] GC(953) Humongous regions: 132->132
[2026-01-16T09:37:55.163+0000][gc,metaspace] GC(953) Metaspace: 13080K(13504K)->13080K(13504K) NonClass: 11960K(12160K)->11960K(12160K) Class: 1120K(1344K)->1120K(1344K)
[2026-01-16T09:37:55.165+0000][gc          ] GC(953) Pause Young (Normal) (G1 Evacuation Pause) 412M->363M(1024M) 105.221ms
[2026-01-16T09:37:55.168+0000][gc,cpu      ] GC(953) User=0.10s Sys=0.01s Real=0.11s
[2026-01-16T09:38:00.954+0000][gc,start    ] GC(954) Pause Young (Normal) (G1 Evacuation Pause)
[2026-01-16T09:38:00.957+0000][gc,task     ] GC(954) Using 8 workers of 8 for evacuation
[2026-01-16T09:38:01.385+0000][gc,mmu      ] GC(954) MMU target violated: 201.0ms (200.0ms/201.0ms)
[2026-01-16T09:38:01.391+0000][gc,phases   ] GC(954)   Pre Evacuate Collection Set: 38.3ms
[2026-01-16T09:38:01.392+0000][gc,phases   ] GC(954)   Merge Heap Roots: 4.0ms
[2026-01-16T09:38:01.392+0000][gc,phases   ] GC(954)   Evacuate Collection Set: 337.7ms
[2026-01-16T09:38:01.392+0000][gc,phases   ] GC(954)   Post Evacuate Collection Set: 47.2ms
[2026-01-16T09:38:01.393+0000][gc,phases   ] GC(954)   Other: 7.8ms
[2026-01-16T09:38:01.394+0000][gc,heap     ] GC(954) Eden regions: 92->0(49)
[2026-01-16T09:38:01.395+0000][gc,heap     ] GC(954) Survivor regions: 1->2(12)
[2026-01-16T09:38:01.395+0000][gc,heap     ] GC(954) Old regions: 231->231
[2026-01-16T09:38:01.396+0000][gc,heap     ] GC(954) Humongous regions: 132->132
[2026-01-16T09:38:01.398+0000][gc,metaspace] GC(954) Metaspace: 13080K(13504K)->13080K(13504K) NonClass: 11960K(12160K)->11960K(12160K) Class: 1120K(1344K)->1120K(1344K)
[2026-01-16T09:38:01.399+0000][gc          ] GC(954) Pause Young (Normal) (G1 Evacuation Pause) 455M->364M(1024M) 445.625ms
[2026-01-16T09:38:01.400+0000][gc,cpu      ] GC(954) User=0.23s Sys=0.01s Real=0.44s
[2026-01-16T09:38:05.474+0000][gc,start    ] GC(955) Pause Young (Normal) (G1 Evacuation Pause)
[2026-01-16T09:38:05.484+0000][gc,task     ] GC(955) Using 8 workers of 8 for evacuation
[2026-01-16T09:38:05.608+0000][gc,phases   ] GC(955)   Pre Evacuate Collection Set: 36.8ms
[2026-01-16T09:38:05.608+0000][gc,phases   ] GC(955)   Merge Heap Roots: 0.4ms
[2026-01-16T09:38:05.608+0000][gc,phases   ] GC(955)   Evacuate Collection Set: 67.0ms
[2026-01-16T09:38:05.609+0000][gc,phases   ] GC(955)   Post Evacuate Collection Set: 12.3ms
[2026-01-16T09:38:05.609+0000][gc,phases   ] GC(955)   Other: 12.0ms
[2026-01-16T09:38:05.609+0000][gc,heap     ] GC(955) Eden regions: 49->0(50)
[2026-01-16T09:38:05.610+0000][gc,heap     ] GC(955) Survivor regions: 2->1(7)
[2026-01-16T09:38:05.611+0000][gc,heap     ] GC(955) Old regions: 231->231
[2026-01-16T09:38:05.612+0000][gc,heap     ] GC(955) Humongous regions: 132->132
[2026-01-16T09:38:05.612+0000][gc,metaspace] GC(955) Metaspace: 13080K(13504K)->13080K(13504K) NonClass: 11960K(12160K)->11960K(12160K) Class: 1120K(1344K)->1120K(1344K)
[2026-01-16T09:38:05.613+0000][gc          ] GC(955) Pause Young (Normal) (G1 Evacuation Pause) 413M->363M(1024M) 139.166ms
[2026-01-16T09:38:05.614+0000][gc,cpu      ] GC(955) User=0.09s Sys=0.01s Real=0.14s
[2026-01-16T09:38:06.755+0000][gc,start    ] GC(956) Pause Young (Normal) (G1 Evacuation Pause)
[2026-01-16T09:38:06.755+0000][gc,task     ] GC(956) Using 8 workers of 8 for evacuation
[2026-01-16T09:38:06.793+0000][gc,phases   ] GC(956)   Pre Evacuate Collection Set: 5.1ms
[2026-01-16T09:38:06.793+0000][gc,phases   ] GC(956)   Merge Heap Roots: 0.3ms
[2026-01-16T09:38:06.794+0000][gc,phases   ] GC(956)   Evacuate Collection Set: 28.1ms
[2026-01-16T09:38:06.795+0000][gc,phases   ] GC(956)   Post Evacuate Collection Set: 2.9ms
[2026-01-16T09:38:06.796+0000][gc,phases   ] GC(956)   Other: 0.7ms
[2026-01-16T09:38:06.797+0000][gc,heap     ] GC(956) Eden regions: 50->0(62)
[2026-01-16T09:38:06.797+0000][gc,heap     ] GC(956) Survivor regions: 1->2(7)
[2026-01-16T09:38:06.797+0000][gc,heap     ] GC(956) Old regions: 231->231
[2026-01-16T09:38:06.798+0000][gc,heap     ] GC(956) Humongous regions: 132->132
[2026-01-16T09:38:06.799+0000][gc,metaspace] GC(956) Metaspace: 13080K(13504K)->13080K(13504K) NonClass: 11960K(12160K)->11960K(12160K) Class: 1120K(1344K)->1120K(1344K)
[2026-01-16T09:38:06.801+0000][gc          ] GC(956) Pause Young (Normal) (G1 Evacuation Pause) 413M->364M(1024M) 46.058ms
[2026-01-16T09:38:06.801+0000][gc,cpu      ] GC(956) User=0.05s Sys=0.00s Real=0.04s
[2026-01-16T09:38:15.916+0000][gc,start    ] GC(957) Pause Young (Normal) (G1 Evacuation Pause)
[2026-01-16T09:38:15.921+0000][gc,task     ] GC(957) Using 8 workers of 8 for evacuation
[2026-01-16T09:38:16.137+0000][gc,mmu      ] GC(957) MMU target violated: 201.0ms (200.0ms/201.0ms)
[2026-01-16T09:38:16.137+0000][gc,phases   ] GC(957)   Pre Evacuate Collection Set: 29.8ms
[2026-01-16T09:38:16.137+0000][gc,phases   ] GC(957)   Merge Heap Roots: 7.7ms
[2026-01-16T09:38:16.137+0000][gc,phases   ] GC(957)   Evacuate Collection Set: 150.4ms
[2026-01-16T09:38:16.137+0000][gc,phases   ] GC(957)   Post Evacuate Collection Set: 24.4ms
[2026-01-16T09:38:16.139+0000][gc,phases   ] GC(957)   Other: 6.8ms
[2026-01-16T09:38:16.141+0000][gc,heap     ] GC(957) Eden regions: 68->0(85)
[2026-01-16T09:38:16.143+0000][gc,heap     ] GC(957) Survivor regions: 2->1(9)
[2026-01-16T09:38:16.150+0000][gc,heap     ] GC(957) Old regions: 231->231
[2026-01-16T09:38:16.152+0000][gc,heap     ] GC(957) Humongous regions: 132->132
[2026-01-16T09:38:16.167+0000][gc,metaspace] GC(957) Metaspace: 13080K(13504K)->13080K(13504K) NonClass: 11960K(12160K)->11960K(12160K) Class: 1120K(1344K)->1120K(1344K)
[2026-01-16T09:38:16.173+0000][gc          ] GC(957) Pause Young (Normal) (G1 Evacuation Pause) 432M->363M(1024M) 257.136ms
[2026-01-16T09:38:16.173+0000][gc,cpu      ] GC(957) User=0.16s Sys=0.02s Real=0.25s
[2026-01-16T09:38:25.116+0000][gc,start    ] GC(958) Pause Young (Normal) (G1 Evacuation Pause)
[2026-01-16T09:38:25.117+0000][gc,task     ] GC(958) Using 8 workers of 8 for evacuation
[2026-01-16T09:38:25.216+0000][gc,phases   ] GC(958)   Pre Evacuate Collection Set: 27.3ms
[2026-01-16T09:38:25.216+0000][gc,phases   ] GC(958)   Merge Heap Roots: 8.2ms
[2026-01-16T09:38:25.216+0000][gc,phases   ] GC(958)   Evacuate Collection Set: 47.2ms
[2026-01-16T09:38:25.217+0000][gc,phases   ] GC(958)   Post Evacuate Collection Set: 12.7ms
[2026-01-16T09:38:25.217+0000][gc,phases   ] GC(958)   Other: 3.0ms
[2026-01-16T09:38:25.217+0000][gc,heap     ] GC(958) Eden regions: 89->0(167)
[2026-01-16T09:38:25.217+0000][gc,heap     ] GC(958) Survivor regions: 1->1(12)
[2026-01-16T09:38:25.217+0000][gc,heap     ] GC(958) Old regions: 231->231
[2026-01-16T09:38:25.218+0000][gc,heap     ] GC(958) Humongous regions: 132->132
[2026-01-16T09:38:25.218+0000][gc,metaspace] GC(958) Metaspace: 13080K(13504K)->13080K(13504K) NonClass: 11960K(12160K)->11960K(12160K) Class: 1120K(1344K)->1120K(1344K)
[2026-01-16T09:38:25.218+0000][gc          ] GC(958) Pause Young (Normal) (G1 Evacuation Pause) 452M->363M(1024M) 102.197ms
[2026-01-16T09:38:25.218+0000][gc,cpu      ] GC(958) User=0.12s Sys=0.01s Real=0.10s
[2026-01-16T09:38:36.831+0000][gc,start    ] GC(959) Pause Young (Normal) (G1 Evacuation Pause)
[2026-01-16T09:38:36.832+0000][gc,task     ] GC(959) Using 8 workers of 8 for evacuation
[2026-01-16T09:38:36.958+0000][gc,phases   ] GC(959)   Pre Evacuate Collection Set: 11.7ms
[2026-01-16T09:38:36.958+0000][gc,phases   ] GC(959)   Merge Heap Roots: 1.5ms
[2026-01-16T09:38:36.958+0000][gc,phases   ] GC(959)   Evacuate Collection Set: 102.1ms
[2026-01-16T09:38:36.960+0000][gc,phases   ] GC(959)   Post Evacuate Collection Set: 7.2ms
[2026-01-16T09:38:36.961+0000][gc,phases   ] GC(959)   Other: 2.8ms
[2026-01-16T09:38:36.961+0000][gc,heap     ] GC(959) Eden regions: 155->0(166)
[2026-01-16T09:38:36.961+0000][gc,heap     ] GC(959) Survivor regions: 1->2(20)
[2026-01-16T09:38:36.961+0000][gc,heap     ] GC(959) Old regions: 231->231
[2026-01-16T09:38:36.961+0000][gc,heap     ] GC(959) Humongous regions: 132->132
[2026-01-16T09:38:36.961+0000][gc,metaspace] GC(959) Metaspace: 13080K(13504K)->13080K(13504K) NonClass: 11960K(12160K)->11960K(12160K) Class: 1120K(1344K)->1120K(1344K)
[2026-01-16T09:38:36.961+0000][gc          ] GC(959) Pause Young (Normal) (G1 Evacuation Pause) 518M->364M(1024M) 130.768ms
[2026-01-16T09:38:36.963+0000][gc,cpu      ] GC(959) User=0.17s Sys=0.01s Real=0.14s
[2026-01-16T09:38:54.643+0000][gc,start    ] GC(960) Pause Young (Normal) (G1 Evacuation Pause)
[2026-01-16T09:38:54.656+0000][gc,task     ] GC(960) Using 8 workers of 8 for evacuation
[2026-01-16T09:38:54.842+0000][gc,phases   ] GC(960)   Pre Evacuate Collection Set: 60.7ms
[2026-01-16T09:38:54.848+0000][gc,phases   ] GC(960)   Merge Heap Roots: 7.0ms
[2026-01-16T09:38:54.851+0000][gc,phases   ] GC(960)   Evacuate Collection Set: 104.8ms
[2026-01-16T09:38:54.855+0000][gc,phases   ] GC(960)   Post Evacuate Collection Set: 7.7ms
[2026-01-16T09:38:54.860+0000][gc,phases   ] GC(960)   Other: 15.4ms
[2026-01-16T09:38:54.862+0000][gc,heap     ] GC(960) Eden regions: 172->0(289)
[2026-01-16T09:38:54.863+0000][gc,heap     ] GC(960) Survivor regions: 2->1(22)
[2026-01-16T09:38:54.865+0000][gc,heap     ] GC(960) Old regions: 231->231
[2026-01-16T09:38:54.865+0000][gc,heap     ] GC(960) Humongous regions: 132->132
[2026-01-16T09:38:54.880+0000][gc,metaspace] GC(960) Metaspace: 13082K(13504K)->13082K(13504K) NonClass: 11961K(12160K)->11961K(12160K) Class: 1120K(1344K)->1120K(1344K)
[2026-01-16T09:38:54.883+0000][gc          ] GC(960) Pause Young (Normal) (G1 Evacuation Pause) 536M->363M(1024M) 239.657ms
[2026-01-16T09:38:54.883+0000][gc,cpu      ] GC(960) User=0.17s Sys=0.03s Real=0.24s
[2026-01-16T09:39:16.011+0000][gc,start    ] GC(961) Pause Young (Normal) (G1 Evacuation Pause)
[2026-01-16T09:39:16.014+0000][gc,task     ] GC(961) Using 8 workers of 8 for evacuation
[2026-01-16T09:39:16.228+0000][gc,mmu      ] GC(961) MMU target violated: 201.0ms (200.0ms/201.0ms)
[2026-01-16T09:39:16.231+0000][gc,phases   ] GC(961)   Pre Evacuate Collection Set: 43.7ms
[2026-01-16T09:39:16.231+0000][gc,phases   ] GC(961)   Merge Heap Roots: 4.7ms
[2026-01-16T09:39:16.235+0000][gc,phases   ] GC(961)   Evacuate Collection Set: 138.9ms
[2026-01-16T09:39:16.236+0000][gc,phases   ] GC(961)   Post Evacuate Collection Set: 22.9ms
[2026-01-16T09:39:16.238+0000][gc,phases   ] GC(961)   Other: 6.1ms
[2026-01-16T09:39:16.240+0000][gc,heap     ] GC(961) Eden regions: 265->0(266)
[2026-01-16T09:39:16.241+0000][gc,heap     ] GC(961) Survivor regions: 1->1(34)
[2026-01-16T09:39:16.242+0000][gc,heap     ] GC(961) Old regions: 231->231
[2026-01-16T09:39:16.243+0000][gc,heap     ] GC(961) Humongous regions: 132->132
[2026-01-16T09:39:16.248+0000][gc,metaspace] GC(961) Metaspace: 13082K(13504K)->13082K(13504K) NonClass: 11961K(12160K)->11961K(12160K) Class: 1120K(1344K)->1120K(1344K)
[2026-01-16T09:39:16.249+0000][gc          ] GC(961) Pause Young (Normal) (G1 Evacuation Pause) 628M->363M(1024M) 237.361ms
[2026-01-16T09:39:16.251+0000][gc,cpu      ] GC(961) User=0.23s Sys=0.02s Real=0.24s
[2026-01-16T09:39:39.204+0000][gc,start    ] GC(962) Pause Young (Normal) (G1 Evacuation Pause)
[2026-01-16T09:39:39.210+0000][gc,task     ] GC(962) Using 8 workers of 8 for evacuation
[2026-01-16T09:39:39.984+0000][gc,mmu      ] GC(962) MMU target violated: 201.0ms (200.0ms/201.0ms)
[2026-01-16T09:39:39.987+0000][gc,phases   ] GC(962)   Pre Evacuate Collection Set: 156.6ms
[2026-01-16T09:39:39.990+0000][gc,phases   ] GC(962)   Merge Heap Roots: 3.2ms
[2026-01-16T09:39:39.991+0000][gc,phases   ] GC(962)   Evacuate Collection Set: 563.4ms
[2026-01-16T09:39:39.992+0000][gc,phases   ] GC(962)   Post Evacuate Collection Set: 40.6ms
[2026-01-16T09:39:39.992+0000][gc,phases   ] GC(962)   Other: 17.2ms
[2026-01-16T09:39:39.992+0000][gc,heap     ] GC(962) Eden regions: 272->0(49)
[2026-01-16T09:39:39.993+0000][gc,heap     ] GC(962) Survivor regions: 1->2(35)
[2026-01-16T09:39:39.997+0000][gc,heap     ] GC(962) Old regions: 231->231
[2026-01-16T09:39:39.997+0000][gc,heap     ] GC(962) Humongous regions: 132->132
[2026-01-16T09:39:39.998+0000][gc,metaspace] GC(962) Metaspace: 13082K(13504K)->13082K(13504K) NonClass: 11962K(12160K)->11962K(12160K) Class: 1120K(1344K)->1120K(1344K)
[2026-01-16T09:39:39.998+0000][gc          ] GC(962) Pause Young (Normal) (G1 Evacuation Pause) 635M->364M(1024M) 793.814ms
[2026-01-16T09:39:39.999+0000][gc,cpu      ] GC(962) User=0.40s Sys=0.04s Real=0.80s
[2026-01-16T09:39:45.502+0000][gc,start    ] GC(963) Pause Young (Normal) (G1 Evacuation Pause)
[2026-01-16T09:39:45.505+0000][gc,task     ] GC(963) Using 8 workers of 8 for evacuation
[2026-01-16T09:39:45.710+0000][gc,mmu      ] GC(963) MMU target violated: 201.0ms (200.0ms/201.0ms)
[2026-01-16T09:39:45.711+0000][gc,phases   ] GC(963)   Pre Evacuate Collection Set: 29.7ms
[2026-01-16T09:39:45.712+0000][gc,phases   ] GC(963)   Merge Heap Roots: 0.7ms
[2026-01-16T09:39:45.712+0000][gc,phases   ] GC(963)   Evacuate Collection Set: 154.6ms
[2026-01-16T09:39:45.712+0000][gc,phases   ] GC(963)   Post Evacuate Collection Set: 18.6ms
[2026-01-16T09:39:45.713+0000][gc,phases   ] GC(963)   Other: 3.5ms
[2026-01-16T09:39:45.713+0000][gc,heap     ] GC(963) Eden regions: 49->0(50)
[2026-01-16T09:39:45.714+0000][gc,heap     ] GC(963) Survivor regions: 2->1(7)
[2026-01-16T09:39:45.714+0000][gc,heap     ] GC(963) Old regions: 231->231
[2026-01-16T09:39:45.714+0000][gc,heap     ] GC(963) Humongous regions: 132->132
[2026-01-16T09:39:45.715+0000][gc,metaspace] GC(963) Metaspace: 13082K(13504K)->13082K(13504K) NonClass: 11962K(12160K)->11962K(12160K) Class: 1120K(1344K)->1120K(1344K)
[2026-01-16T09:39:45.715+0000][gc          ] GC(963) Pause Young (Normal) (G1 Evacuation Pause) 413M->363M(1024M) 213.210ms
[2026-01-16T09:39:45.717+0000][gc,cpu      ] GC(963) User=0.12s Sys=0.01s Real=0.22s
[2026-01-16T09:39:47.325+0000][gc,start    ] GC(964) Pause Young (Normal) (G1 Evacuation Pause)
[2026-01-16T09:39:47.326+0000][gc,task     ] GC(964) Using 8 workers of 8 for evacuation
[2026-01-16T09:39:47.399+0000][gc,phases   ] GC(964)   Pre Evacuate Collection Set: 8.9ms
[2026-01-16T09:39:47.401+0000][gc,phases   ] GC(964)   Merge Heap Roots: 1.9ms
[2026-01-16T09:39:47.401+0000][gc,phases   ] GC(964)   Evacuate Collection Set: 57.2ms
[2026-01-16T09:39:47.401+0000][gc,phases   ] GC(964)   Post Evacuate Collection Set: 2.3ms
[2026-01-16T09:39:47.401+0000][gc,phases   ] GC(964)   Other: 3.8ms
[2026-01-16T09:39:47.402+0000][gc,heap     ] GC(964) Eden regions: 50->0(49)
[2026-01-16T09:39:47.403+0000][gc,heap     ] GC(964) Survivor regions: 1->2(7)
[2026-01-16T09:39:47.403+0000][gc,heap     ] GC(964) Old regions: 231->231
[2026-01-16T09:39:47.403+0000][gc,heap     ] GC(964) Humongous regions: 132->132
[2026-01-16T09:39:47.403+0000][gc,metaspace] GC(964) Metaspace: 13082K(13504K)->13082K(13504K) NonClass: 11962K(12160K)->11962K(12160K) Class: 1120K(1344K)->1120K(1344K)
[2026-01-16T09:39:47.403+0000][gc          ] GC(964) Pause Young (Normal) (G1 Evacuation Pause) 413M->364M(1024M) 78.345ms
[2026-01-16T09:39:47.404+0000][gc,cpu      ] GC(964) User=0.07s Sys=0.00s Real=0.07s
[2026-01-16T09:39:57.010+0000][gc,start    ] GC(965) Pause Young (Normal) (G1 Evacuation Pause)
[2026-01-16T09:39:57.019+0000][gc,task     ] GC(965) Using 8 workers of 8 for evacuation
[2026-01-16T09:39:57.596+0000][gc,mmu      ] GC(965) MMU target violated: 201.0ms (200.0ms/201.0ms)
[2026-01-16T09:39:57.607+0000][gc,phases   ] GC(965)   Pre Evacuate Collection Set: 77.4ms
[2026-01-16T09:39:57.608+0000][gc,phases   ] GC(965)   Merge Heap Roots: 11.8ms
[2026-01-16T09:39:57.608+0000][gc,phases   ] GC(965)   Evacuate Collection Set: 363.7ms
[2026-01-16T09:39:57.609+0000][gc,phases   ] GC(965)   Post Evacuate Collection Set: 114.5ms
[2026-01-16T09:39:57.610+0000][gc,phases   ] GC(965)   Other: 22.2ms
[2026-01-16T09:39:57.620+0000][gc,heap     ] GC(965) Eden regions: 49->0(50)
[2026-01-16T09:39:57.623+0000][gc,heap     ] GC(965) Survivor regions: 2->1(7)
[2026-01-16T09:39:57.623+0000][gc,heap     ] GC(965) Old regions: 231->231
[2026-01-16T09:39:57.623+0000][gc,heap     ] GC(965) Humongous regions: 132->132
[2026-01-16T09:39:57.624+0000][gc,metaspace] GC(965) Metaspace: 13082K(13504K)->13082K(13504K) NonClass: 11962K(12160K)->11962K(12160K) Class: 1120K(1344K)->1120K(1344K)
[2026-01-16T09:39:57.624+0000][gc          ] GC(965) Pause Young (Normal) (G1 Evacuation Pause) 413M->363M(1024M) 614.288ms
[2026-01-16T09:39:57.624+0000][gc,cpu      ] GC(965) User=0.27s Sys=0.03s Real=0.61s
[2026-01-16T09:40:03.267+0000][gc,start    ] GC(966) Pause Young (Normal) (G1 Evacuation Pause)
[2026-01-16T09:40:03.279+0000][gc,task     ] GC(966) Using 8 workers of 8 for evacuation
[2026-01-16T09:40:03.728+0000][gc,mmu      ] GC(966) MMU target violated: 201.0ms (200.0ms/201.0ms)
[2026-01-16T09:40:03.733+0000][gc,phases   ] GC(966)   Pre Evacuate Collection Set: 21.7ms
[2026-01-16T09:40:03.736+0000][gc,phases   ] GC(966)   Merge Heap Roots: 2.3ms
[2026-01-16T09:40:03.744+0000][gc,phases   ] GC(966)   Evacuate Collection Set: 394.3ms
[2026-01-16T09:40:03.744+0000][gc,phases   ] GC(966)   Post Evacuate Collection Set: 28.0ms
[2026-01-16T09:40:03.744+0000][gc,phases   ] GC(966)   Other: 8.7ms
[2026-01-16T09:40:03.746+0000][gc,heap     ] GC(966) Eden regions: 50->0(50)
[2026-01-16T09:40:03.748+0000][gc,heap     ] GC(966) Survivor regions: 1->1(7)
[2026-01-16T09:40:03.752+0000][gc,heap     ] GC(966) Old regions: 231->232
[2026-01-16T09:40:03.754+0000][gc,heap     ] GC(966) Humongous regions: 132->132
[2026-01-16T09:40:03.754+0000][gc,metaspace] GC(966) Metaspace: 13082K(13504K)->13082K(13504K) NonClass: 11962K(12160K)->11962K(12160K) Class: 1120K(1344K)->1120K(1344K)
[2026-01-16T09:40:03.755+0000][gc          ] GC(966) Pause Young (Normal) (G1 Evacuation Pause) 413M->363M(1024M) 487.908ms
[2026-01-16T09:40:03.755+0000][gc,cpu      ] GC(966) User=0.22s Sys=0.04s Real=0.49s
[2026-01-16T09:40:05.829+0000][gc,start    ] GC(967) Pause Young (Normal) (G1 Evacuation Pause)
[2026-01-16T09:40:05.831+0000][gc,task     ] GC(967) Using 8 workers of 8 for evacuation
[2026-01-16T09:40:06.155+0000][gc,mmu      ] GC(967) MMU target violated: 201.0ms (200.0ms/201.0ms)
[2026-01-16T09:40:06.162+0000][gc,phases   ] GC(967)   Pre Evacuate Collection Set: 59.3ms
[2026-01-16T09:40:06.162+0000][gc,phases   ] GC(967)   Merge Heap Roots: 3.0ms
[2026-01-16T09:40:06.163+0000][gc,phases   ] GC(967)   Evacuate Collection Set: 251.6ms
[2026-01-16T09:40:06.164+0000][gc,phases   ] GC(967)   Post Evacuate Collection Set: 9.5ms
[2026-01-16T09:40:06.165+0000][gc,phases   ] GC(967)   Other: 8.0ms
[2026-01-16T09:40:06.169+0000][gc,heap     ] GC(967) Eden regions: 50->0(49)
[2026-01-16T09:40:06.173+0000][gc,heap     ] GC(967) Survivor regions: 1->2(7)
[2026-01-16T09:40:06.214+0000][gc,heap     ] GC(967) Old regions: 232->232
[2026-01-16T09:40:06.214+0000][gc,heap     ] GC(967) Humongous regions: 132->132
[2026-01-16T09:40:06.214+0000][gc,metaspace] GC(967) Metaspace: 13083K(13504K)->13083K(13504K) NonClass: 11962K(12160K)->11962K(12160K) Class: 1120K(1344K)->1120K(1344K)
[2026-01-16T09:40:06.215+0000][gc          ] GC(967) Pause Young (Normal) (G1 Evacuation Pause) 413M->364M(1024M) 385.192ms
[2026-01-16T09:40:06.215+0000][gc,cpu      ] GC(967) User=0.15s Sys=0.01s Real=0.38s
[2026-01-16T09:40:08.936+0000][gc,start    ] GC(968) Pause Young (Normal) (G1 Evacuation Pause)
[2026-01-16T09:40:08.936+0000][gc,task     ] GC(968) Using 8 workers of 8 for evacuation
[2026-01-16T09:40:09.152+0000][gc,mmu      ] GC(968) MMU target violated: 201.0ms (200.0ms/201.0ms)
[2026-01-16T09:40:09.152+0000][gc,phases   ] GC(968)   Pre Evacuate Collection Set: 29.2ms
[2026-01-16T09:40:09.152+0000][gc,phases   ] GC(968)   Merge Heap Roots: 7.2ms
[2026-01-16T09:40:09.153+0000][gc,phases   ] GC(968)   Evacuate Collection Set: 161.6ms
[2026-01-16T09:40:09.153+0000][gc,phases   ] GC(968)   Post Evacuate Collection Set: 16.1ms
[2026-01-16T09:40:09.154+0000][gc,phases   ] GC(968)   Other: 1.9ms
[2026-01-16T09:40:09.154+0000][gc,heap     ] GC(968) Eden regions: 49->0(50)
[2026-01-16T09:40:09.154+0000][gc,heap     ] GC(968) Survivor regions: 2->1(7)
[2026-01-16T09:40:09.155+0000][gc,heap     ] GC(968) Old regions: 232->232
[2026-01-16T09:40:09.155+0000][gc,heap     ] GC(968) Humongous regions: 132->132
[2026-01-16T09:40:09.155+0000][gc,metaspace] GC(968) Metaspace: 13083K(13504K)->13083K(13504K) NonClass: 11962K(12160K)->11962K(12160K) Class: 1120K(1344K)->1120K(1344K)
[2026-01-16T09:40:09.156+0000][gc          ] GC(968) Pause Young (Normal) (G1 Evacuation Pause) 413M->363M(1024M) 220.708ms
[2026-01-16T09:40:09.157+0000][gc,cpu      ] GC(968) User=0.10s Sys=0.00s Real=0.22s
[2026-01-16T09:40:11.114+0000][gc,start    ] GC(969) Pause Young (Normal) (G1 Evacuation Pause)
[2026-01-16T09:40:11.119+0000][gc,task     ] GC(969) Using 8 workers of 8 for evacuation
[2026-01-16T09:40:11.354+0000][gc,mmu      ] GC(969) MMU target violated: 201.0ms (200.0ms/201.0ms)
[2026-01-16T09:40:11.355+0000][gc,phases   ] GC(969)   Pre Evacuate Collection Set: 35.8ms
[2026-01-16T09:40:11.355+0000][gc,phases   ] GC(969)   Merge Heap Roots: 5.9ms
[2026-01-16T09:40:11.355+0000][gc,phases   ] GC(969)   Evacuate Collection Set: 183.5ms
[2026-01-16T09:40:11.360+0000][gc,phases   ] GC(969)   Post Evacuate Collection Set: 7.9ms
[2026-01-16T09:40:11.362+0000][gc,phases   ] GC(969)   Other: 3.2ms
[2026-01-16T09:40:11.363+0000][gc,heap     ] GC(969) Eden regions: 50->0(49)
[2026-01-16T09:40:11.363+0000][gc,heap     ] GC(969) Survivor regions: 1->2(7)
[2026-01-16T09:40:11.363+0000][gc,heap     ] GC(969) Old regions: 232->232
[2026-01-16T09:40:11.363+0000][gc,heap     ] GC(969) Humongous regions: 132->132
[2026-01-16T09:40:11.363+0000][gc,metaspace] GC(969) Metaspace: 13083K(13504K)->13083K(13504K) NonClass: 11962K(12160K)->11962K(12160K) Class: 1120K(1344K)->1120K(1344K)
[2026-01-16T09:40:11.363+0000][gc          ] GC(969) Pause Young (Normal) (G1 Evacuation Pause) 413M->364M(1024M) 249.458ms
[2026-01-16T09:40:11.363+0000][gc,cpu      ] GC(969) User=0.11s Sys=0.04s Real=0.25s
[2026-01-16T09:40:15.651+0000][gc,start    ] GC(970) Pause Young (Normal) (G1 Evacuation Pause)
[2026-01-16T09:40:15.654+0000][gc,task     ] GC(970) Using 8 workers of 8 for evacuation
[2026-01-16T09:40:15.705+0000][gc,phases   ] GC(970)   Pre Evacuate Collection Set: 10.7ms
[2026-01-16T09:40:15.706+0000][gc,phases   ] GC(970)   Merge Heap Roots: 0.4ms
[2026-01-16T09:40:15.709+0000][gc,phases   ] GC(970)   Evacuate Collection Set: 29.6ms
[2026-01-16T09:40:15.710+0000][gc,phases   ] GC(970)   Post Evacuate Collection Set: 6.5ms
[2026-01-16T09:40:15.711+0000][gc,phases   ] GC(970)   Other: 4.7ms
[2026-01-16T09:40:15.712+0000][gc,heap     ] GC(970) Eden regions: 49->0(50)
[2026-01-16T09:40:15.713+0000][gc,heap     ] GC(970) Survivor regions: 2->1(7)
[2026-01-16T09:40:15.714+0000][gc,heap     ] GC(970) Old regions: 232->232
[2026-01-16T09:40:15.715+0000][gc,heap     ] GC(970) Humongous regions: 132->132
[2026-01-16T09:40:15.716+0000][gc,metaspace] GC(970) Metaspace: 13096K(13504K)->13096K(13504K) NonClass: 11975K(12160K)->11975K(12160K) Class: 1120K(1344K)->1120K(1344K)
[2026-01-16T09:40:15.716+0000][gc          ] GC(970) Pause Young (Normal) (G1 Evacuation Pause) 413M->363M(1024M) 64.852ms
[2026-01-16T09:40:15.720+0000][gc,cpu      ] GC(970) User=0.07s Sys=0.00s Real=0.07s
[2026-01-16T09:40:17.074+0000][gc,start    ] GC(971) Pause Young (Normal) (G1 Evacuation Pause)
[2026-01-16T09:40:17.074+0000][gc,task     ] GC(971) Using 8 workers of 8 for evacuation
[2026-01-16T09:40:17.244+0000][gc,phases   ] GC(971)   Pre Evacuate Collection Set: 5.4ms
[2026-01-16T09:40:17.244+0000][gc,phases   ] GC(971)   Merge Heap Roots: 2.2ms
[2026-01-16T09:40:17.244+0000][gc,phases   ] GC(971)   Evacuate Collection Set: 152.9ms
[2026-01-16T09:40:17.244+0000][gc,phases   ] GC(971)   Post Evacuate Collection Set: 8.1ms
[2026-01-16T09:40:17.245+0000][gc,phases   ] GC(971)   Other: 0.8ms
[2026-01-16T09:40:17.245+0000][gc,heap     ] GC(971) Eden regions: 50->0(49)
[2026-01-16T09:40:17.245+0000][gc,heap     ] GC(971) Survivor regions: 1->2(7)
[2026-01-16T09:40:17.245+0000][gc,heap     ] GC(971) Old regions: 232->232
[2026-01-16T09:40:17.245+0000][gc,heap     ] GC(971) Humongous regions: 132->132
[2026-01-16T09:40:17.246+0000][gc,metaspace] GC(971) Metaspace: 13102K(13504K)->13102K(13504K) NonClass: 11982K(12160K)->11982K(12160K) Class: 1120K(1344K)->1120K(1344K)
[2026-01-16T09:40:17.246+0000][gc          ] GC(971) Pause Young (Normal) (G1 Evacuation Pause) 413M->364M(1024M) 171.728ms
[2026-01-16T09:40:17.246+0000][gc,cpu      ] GC(971) User=0.10s Sys=0.01s Real=0.17s
[2026-01-16T09:40:24.954+0000][gc,start    ] GC(972) Pause Young (Normal) (G1 Evacuation Pause)
[2026-01-16T09:40:24.957+0000][gc,task     ] GC(972) Using 8 workers of 8 for evacuation
[2026-01-16T09:40:25.052+0000][gc,phases   ] GC(972)   Pre Evacuate Collection Set: 14.4ms
[2026-01-16T09:40:25.063+0000][gc,phases   ] GC(972)   Merge Heap Roots: 2.7ms
[2026-01-16T09:40:25.080+0000][gc,phases   ] GC(972)   Evacuate Collection Set: 54.4ms
[2026-01-16T09:40:25.084+0000][gc,phases   ] GC(972)   Post Evacuate Collection Set: 21.0ms
[2026-01-16T09:40:25.084+0000][gc,phases   ] GC(972)   Other: 1.8ms
[2026-01-16T09:40:25.093+0000][gc,heap     ] GC(972) Eden regions: 49->0(67)
[2026-01-16T09:40:25.093+0000][gc,heap     ] GC(972) Survivor regions: 2->1(7)
[2026-01-16T09:40:25.094+0000][gc,heap     ] GC(972) Old regions: 232->232
[2026-01-16T09:40:25.094+0000][gc,heap     ] GC(972) Humongous regions: 132->132
[2026-01-16T09:40:25.094+0000][gc,metaspace] GC(972) Metaspace: 13147K(13568K)->13147K(13568K) NonClass: 12026K(12224K)->12026K(12224K) Class: 1120K(1344K)->1120K(1344K)
[2026-01-16T09:40:25.094+0000][gc          ] GC(972) Pause Young (Normal) (G1 Evacuation Pause) 413M->363M(1024M) 140.340ms
[2026-01-16T09:40:25.095+0000][gc,cpu      ] GC(972) User=0.09s Sys=0.01s Real=0.14s
[2026-01-16T09:40:27.944+0000][gc,start    ] GC(973) Pause Young (Normal) (G1 Evacuation Pause)
[2026-01-16T09:40:27.946+0000][gc,task     ] GC(973) Using 8 workers of 8 for evacuation
[2026-01-16T09:40:28.081+0000][gc,phases   ] GC(973)   Pre Evacuate Collection Set: 10.4ms
[2026-01-16T09:40:28.084+0000][gc,phases   ] GC(973)   Merge Heap Roots: 1.8ms
[2026-01-16T09:40:28.084+0000][gc,phases   ] GC(973)   Evacuate Collection Set: 119.2ms
[2026-01-16T09:40:28.085+0000][gc,phases   ] GC(973)   Post Evacuate Collection Set: 1.6ms
[2026-01-16T09:40:28.086+0000][gc,phases   ] GC(973)   Other: 2.2ms
[2026-01-16T09:40:28.087+0000][gc,heap     ] GC(973) Eden regions: 83->0(49)
[2026-01-16T09:40:28.088+0000][gc,heap     ] GC(973) Survivor regions: 1->2(11)
[2026-01-16T09:40:28.088+0000][gc,heap     ] GC(973) Old regions: 232->232
[2026-01-16T09:40:28.089+0000][gc,heap     ] GC(973) Humongous regions: 132->132
[2026-01-16T09:40:28.090+0000][gc,metaspace] GC(973) Metaspace: 13156K(13568K)->13156K(13568K) NonClass: 12035K(12224K)->12035K(12224K) Class: 1120K(1344K)->1120K(1344K)
[2026-01-16T09:40:28.092+0000][gc          ] GC(973) Pause Young (Normal) (G1 Evacuation Pause) 446M->364M(1024M) 147.642ms
[2026-01-16T09:40:28.093+0000][gc,cpu      ] GC(973) User=0.13s Sys=0.01s Real=0.15s
[2026-01-16T09:40:35.715+0000][gc,start    ] GC(974) Pause Young (Normal) (G1 Evacuation Pause)
[2026-01-16T09:40:35.717+0000][gc,task     ] GC(974) Using 8 workers of 8 for evacuation
[2026-01-16T09:40:35.811+0000][gc,phases   ] GC(974)   Pre Evacuate Collection Set: 31.3ms
[2026-01-16T09:40:35.812+0000][gc,phases   ] GC(974)   Merge Heap Roots: 2.9ms
[2026-01-16T09:40:35.813+0000][gc,phases   ] GC(974)   Evacuate Collection Set: 47.0ms
[2026-01-16T09:40:35.813+0000][gc,phases   ] GC(974)   Post Evacuate Collection Set: 9.6ms
[2026-01-16T09:40:35.814+0000][gc,phases   ] GC(974)   Other: 4.4ms
[2026-01-16T09:40:35.815+0000][gc,heap     ] GC(974) Eden regions: 54->0(103)
[2026-01-16T09:40:35.815+0000][gc,heap     ] GC(974) Survivor regions: 2->1(7)
[2026-01-16T09:40:35.816+0000][gc,heap     ] GC(974) Old regions: 232->232
[2026-01-16T09:40:35.816+0000][gc,heap     ] GC(974) Humongous regions: 132->132
[2026-01-16T09:40:35.817+0000][gc,metaspace] GC(974) Metaspace: 13188K(13632K)->13188K(13632K) NonClass: 12067K(12288K)->12067K(12288K) Class: 1120K(1344K)->1120K(1344K)
[2026-01-16T09:40:35.819+0000][gc          ] GC(974) Pause Young (Normal) (G1 Evacuation Pause) 418M->363M(1024M) 103.910ms
[2026-01-16T09:40:35.819+0000][gc,cpu      ] GC(974) User=0.09s Sys=0.01s Real=0.11s
[2026-01-16T09:40:47.190+0000][gc,start    ] GC(975) Pause Young (Normal) (G1 Evacuation Pause)
[2026-01-16T09:40:47.195+0000][gc,task     ] GC(975) Using 8 workers of 8 for evacuation
[2026-01-16T09:40:47.412+0000][gc,mmu      ] GC(975) MMU target violated: 201.0ms (200.0ms/201.0ms)
[2026-01-16T09:40:47.417+0000][gc,phases   ] GC(975)   Pre Evacuate Collection Set: 22.2ms
[2026-01-16T09:40:47.419+0000][gc,phases   ] GC(975)   Merge Heap Roots: 22.8ms
[2026-01-16T09:40:47.419+0000][gc,phases   ] GC(975)   Evacuate Collection Set: 111.3ms
[2026-01-16T09:40:47.423+0000][gc,phases   ] GC(975)   Post Evacuate Collection Set: 56.9ms
[2026-01-16T09:40:47.427+0000][gc,phases   ] GC(975)   Other: 10.6ms
[2026-01-16T09:40:47.430+0000][gc,heap     ] GC(975) Eden regions: 124->0(73)
[2026-01-16T09:40:47.432+0000][gc,heap     ] GC(975) Survivor regions: 1->1(16)
[2026-01-16T09:40:47.432+0000][gc,heap     ] GC(975) Old regions: 232->232
[2026-01-16T09:40:47.433+0000][gc,heap     ] GC(975) Humongous regions: 132->132
[2026-01-16T09:40:47.433+0000][gc,metaspace] GC(975) Metaspace: 13190K(13632K)->13190K(13632K) NonClass: 12070K(12288K)->12070K(12288K) Class: 1120K(1344K)->1120K(1344K)
[2026-01-16T09:40:47.434+0000][gc          ] GC(975) Pause Young (Normal) (G1 Evacuation Pause) 487M->364M(1024M) 243.620ms
[2026-01-16T09:40:47.434+0000][gc,cpu      ] GC(975) User=0.17s Sys=0.03s Real=0.25s
[2026-01-16T09:40:55.148+0000][gc,start    ] GC(976) Pause Young (Normal) (G1 Evacuation Pause)
[2026-01-16T09:40:55.149+0000][gc,task     ] GC(976) Using 8 workers of 8 for evacuation
[2026-01-16T09:40:55.213+0000][gc,phases   ] GC(976)   Pre Evacuate Collection Set: 17.5ms
[2026-01-16T09:40:55.214+0000][gc,phases   ] GC(976)   Merge Heap Roots: 0.7ms
[2026-01-16T09:40:55.214+0000][gc,phases   ] GC(976)   Evacuate Collection Set: 42.2ms
[2026-01-16T09:40:55.214+0000][gc,phases   ] GC(976)   Post Evacuate Collection Set: 3.4ms
[2026-01-16T09:40:55.214+0000][gc,phases   ] GC(976)   Other: 0.5ms
[2026-01-16T09:40:55.215+0000][gc,heap     ] GC(976) Eden regions: 94->0(179)
[2026-01-16T09:40:55.215+0000][gc,heap     ] GC(976) Survivor regions: 1->1(12)
[2026-01-16T09:40:55.215+0000][gc,heap     ] GC(976) Old regions: 232->232
[2026-01-16T09:40:55.216+0000][gc,heap     ] GC(976) Humongous regions: 132->132
[2026-01-16T09:40:55.216+0000][gc,metaspace] GC(976) Metaspace: 13191K(13632K)->13191K(13632K) NonClass: 12071K(12288K)->12071K(12288K) Class: 1120K(1344K)->1120K(1344K)
[2026-01-16T09:40:55.217+0000][gc          ] GC(976) Pause Young (Normal) (G1 Evacuation Pause) 458M->363M(1024M) 68.692ms
[2026-01-16T09:40:55.218+0000][gc,cpu      ] GC(976) User=0.07s Sys=0.01s Real=0.07s
[2026-01-16T09:41:14.674+0000][gc,start    ] GC(977) Pause Young (Normal) (G1 Evacuation Pause)
[2026-01-16T09:41:14.679+0000][gc,task     ] GC(977) Using 8 workers of 8 for evacuation
[2026-01-16T09:41:14.767+0000][gc,phases   ] GC(977)   Pre Evacuate Collection Set: 48.3ms
[2026-01-16T09:41:14.768+0000][gc,phases   ] GC(977)   Merge Heap Roots: 6.6ms
[2026-01-16T09:41:14.769+0000][gc,phases   ] GC(977)   Evacuate Collection Set: 23.6ms
[2026-01-16T09:41:14.770+0000][gc,phases   ] GC(977)   Post Evacuate Collection Set: 5.2ms
[2026-01-16T09:41:14.770+0000][gc,phases   ] GC(977)   Other: 6.2ms
[2026-01-16T09:41:14.770+0000][gc,heap     ] GC(977) Eden regions: 208->0(297)
[2026-01-16T09:41:14.771+0000][gc,heap     ] GC(977) Survivor regions: 1->1(27)
[2026-01-16T09:41:14.772+0000][gc,heap     ] GC(977) Old regions: 232->232
[2026-01-16T09:41:14.772+0000][gc,heap     ] GC(977) Humongous regions: 132->132
[2026-01-16T09:41:14.773+0000][gc,metaspace] GC(977) Metaspace: 13199K(13632K)->13199K(13632K) NonClass: 12078K(12288K)->12078K(12288K) Class: 1120K(1344K)->1120K(1344K)
[2026-01-16T09:41:14.773+0000][gc          ] GC(977) Pause Young (Normal) (G1 Evacuation Pause) 571M->363M(1024M) 98.932ms
[2026-01-16T09:41:14.774+0000][gc,cpu      ] GC(977) User=0.10s Sys=0.02s Real=0.11s
[2026-01-16T09:41:37.002+0000][gc,start    ] GC(978) Pause Young (Normal) (G1 Evacuation Pause)
[2026-01-16T09:41:37.010+0000][gc,task     ] GC(978) Using 8 workers of 8 for evacuation
[2026-01-16T09:41:37.180+0000][gc,phases   ] GC(978)   Pre Evacuate Collection Set: 21.4ms
[2026-01-16T09:41:37.180+0000][gc,phases   ] GC(978)   Merge Heap Roots: 2.0ms
[2026-01-16T09:41:37.180+0000][gc,phases   ] GC(978)   Evacuate Collection Set: 135.1ms
[2026-01-16T09:41:37.181+0000][gc,phases   ] GC(978)   Post Evacuate Collection Set: 9.9ms
[2026-01-16T09:41:37.181+0000][gc,phases   ] GC(978)   Other: 6.0ms
[2026-01-16T09:41:37.182+0000][gc,heap     ] GC(978) Eden regions: 259->0(281)
[2026-01-16T09:41:37.182+0000][gc,heap     ] GC(978) Survivor regions: 1->1(33)
[2026-01-16T09:41:37.183+0000][gc,heap     ] GC(978) Old regions: 232->232
[2026-01-16T09:41:37.183+0000][gc,heap     ] GC(978) Humongous regions: 132->132
[2026-01-16T09:41:37.183+0000][gc,metaspace] GC(978) Metaspace: 13199K(13632K)->13199K(13632K) NonClass: 12078K(12288K)->12078K(12288K) Class: 1120K(1344K)->1120K(1344K)
[2026-01-16T09:41:37.185+0000][gc          ] GC(978) Pause Young (Normal) (G1 Evacuation Pause) 622M->364M(1024M) 182.868ms
[2026-01-16T09:41:37.195+0000][gc,cpu      ] GC(978) User=0.21s Sys=0.02s Real=0.20s
[2026-01-16T09:42:06.355+0000][gc,start    ] GC(979) Pause Young (Normal) (G1 Evacuation Pause)
[2026-01-16T09:42:06.384+0000][gc,task     ] GC(979) Using 8 workers of 8 for evacuation
[2026-01-16T09:42:06.866+0000][gc,mmu      ] GC(979) MMU target violated: 201.0ms (200.0ms/201.0ms)
[2026-01-16T09:42:06.867+0000][gc,phases   ] GC(979)   Pre Evacuate Collection Set: 154.1ms
[2026-01-16T09:42:06.867+0000][gc,phases   ] GC(979)   Merge Heap Roots: 34.5ms
[2026-01-16T09:42:06.868+0000][gc,phases   ] GC(979)   Evacuate Collection Set: 246.3ms
[2026-01-16T09:42:06.868+0000][gc,phases   ] GC(979)   Post Evacuate Collection Set: 43.1ms
[2026-01-16T09:42:06.868+0000][gc,phases   ] GC(979)   Other: 10.9ms
[2026-01-16T09:42:06.870+0000][gc,heap     ] GC(979) Eden regions: 319->0(50)
[2026-01-16T09:42:06.871+0000][gc,heap     ] GC(979) Survivor regions: 1->1(40)
[2026-01-16T09:42:06.871+0000][gc,heap     ] GC(979) Old regions: 232->232
[2026-01-16T09:42:06.872+0000][gc,heap     ] GC(979) Humongous regions: 132->132
[2026-01-16T09:42:06.876+0000][gc,metaspace] GC(979) Metaspace: 13199K(13632K)->13199K(13632K) NonClass: 12078K(12288K)->12078K(12288K) Class: 1120K(1344K)->1120K(1344K)
[2026-01-16T09:42:06.877+0000][gc          ] GC(979) Pause Young (Normal) (G1 Evacuation Pause) 683M->363M(1024M) 521.455ms
[2026-01-16T09:42:06.878+0000][gc,cpu      ] GC(979) User=0.22s Sys=0.04s Real=0.52s
[2026-01-16T09:42:08.767+0000][gc,start    ] GC(980) Pause Young (Normal) (G1 Evacuation Pause)
[2026-01-16T09:42:08.767+0000][gc,task     ] GC(980) Using 8 workers of 8 for evacuation
[2026-01-16T09:42:08.832+0000][gc,phases   ] GC(980)   Pre Evacuate Collection Set: 4.8ms
[2026-01-16T09:42:08.834+0000][gc,phases   ] GC(980)   Merge Heap Roots: 1.7ms
[2026-01-16T09:42:08.834+0000][gc,phases   ] GC(980)   Evacuate Collection Set: 53.3ms
[2026-01-16T09:42:08.834+0000][gc,phases   ] GC(980)   Post Evacuate Collection Set: 4.7ms
[2026-01-16T09:42:08.834+0000][gc,phases   ] GC(980)   Other: 0.5ms
[2026-01-16T09:42:08.835+0000][gc,heap     ] GC(980) Eden regions: 50->0(49)
[2026-01-16T09:42:08.835+0000][gc,heap     ] GC(980) Survivor regions: 1->2(7)
[2026-01-16T09:42:08.835+0000][gc,heap     ] GC(980) Old regions: 232->232
[2026-01-16T09:42:08.835+0000][gc,heap     ] GC(980) Humongous regions: 132->132
[2026-01-16T09:42:08.835+0000][gc,metaspace] GC(980) Metaspace: 13199K(13632K)->13199K(13632K) NonClass: 12078K(12288K)->12078K(12288K) Class: 1120K(1344K)->1120K(1344K)
[2026-01-16T09:42:08.835+0000][gc          ] GC(980) Pause Young (Normal) (G1 Evacuation Pause) 413M->364M(1024M) 68.811ms
[2026-01-16T09:42:08.836+0000][gc,cpu      ] GC(980) User=0.07s Sys=0.00s Real=0.07s
[2026-01-16T09:42:14.365+0000][gc,start    ] GC(981) Pause Young (Normal) (G1 Evacuation Pause)
[2026-01-16T09:42:14.366+0000][gc,task     ] GC(981) Using 8 workers of 8 for evacuation
[2026-01-16T09:42:14.405+0000][gc,phases   ] GC(981)   Pre Evacuate Collection Set: 6.2ms
[2026-01-16T09:42:14.405+0000][gc,phases   ] GC(981)   Merge Heap Roots: 0.8ms
[2026-01-16T09:42:14.406+0000][gc,phases   ] GC(981)   Evacuate Collection Set: 28.3ms
[2026-01-16T09:42:14.406+0000][gc,phases   ] GC(981)   Post Evacuate Collection Set: 2.1ms
[2026-01-16T09:42:14.406+0000][gc,phases   ] GC(981)   Other: 1.5ms
[2026-01-16T09:42:14.406+0000][gc,heap     ] GC(981) Eden regions: 49->0(158)
[2026-01-16T09:42:14.406+0000][gc,heap     ] GC(981) Survivor regions: 2->1(7)
[2026-01-16T09:42:14.407+0000][gc,heap     ] GC(981) Old regions: 232->232
[2026-01-16T09:42:14.407+0000][gc,heap     ] GC(981) Humongous regions: 132->132
[2026-01-16T09:42:14.407+0000][gc,metaspace] GC(981) Metaspace: 13199K(13632K)->13199K(13632K) NonClass: 12078K(12288K)->12078K(12288K) Class: 1120K(1344K)->1120K(1344K)
[2026-01-16T09:42:14.408+0000][gc          ] GC(981) Pause Young (Normal) (G1 Evacuation Pause) 413M->363M(1024M) 42.489ms
[2026-01-16T09:42:14.408+0000][gc,cpu      ] GC(981) User=0.07s Sys=0.01s Real=0.04s
[2026-01-16T09:42:24.660+0000][gc,start    ] GC(982) Pause Young (Normal) (G1 Evacuation Pause)
[2026-01-16T09:42:24.661+0000][gc,task     ] GC(982) Using 8 workers of 8 for evacuation
[2026-01-16T09:42:24.708+0000][gc,phases   ] GC(982)   Pre Evacuate Collection Set: 14.7ms
[2026-01-16T09:42:24.708+0000][gc,phases   ] GC(982)   Merge Heap Roots: 2.2ms
[2026-01-16T09:42:24.710+0000][gc,phases   ] GC(982)   Evacuate Collection Set: 19.4ms
[2026-01-16T09:42:24.711+0000][gc,phases   ] GC(982)   Post Evacuate Collection Set: 8.2ms
[2026-01-16T09:42:24.711+0000][gc,phases   ] GC(982)   Other: 2.9ms
[2026-01-16T09:42:24.712+0000][gc,heap     ] GC(982) Eden regions: 121->0(293)
[2026-01-16T09:42:24.712+0000][gc,heap     ] GC(982) Survivor regions: 1->1(16)
[2026-01-16T09:42:24.713+0000][gc,heap     ] GC(982) Old regions: 232->232
[2026-01-16T09:42:24.714+0000][gc,heap     ] GC(982) Humongous regions: 132->132
[2026-01-16T09:42:24.714+0000][gc,metaspace] GC(982) Metaspace: 13199K(13632K)->13199K(13632K) NonClass: 12078K(12288K)->12078K(12288K) Class: 1120K(1344K)->1120K(1344K)
[2026-01-16T09:42:24.715+0000][gc          ] GC(982) Pause Young (Normal) (G1 Evacuation Pause) 484M->363M(1024M) 54.541ms
[2026-01-16T09:42:24.719+0000][gc,cpu      ] GC(982) User=0.10s Sys=0.01s Real=0.05s
[2026-01-16T09:42:54.619+0000][gc,start    ] GC(983) Pause Young (Normal) (G1 Evacuation Pause)
[2026-01-16T09:42:54.624+0000][gc,task     ] GC(983) Using 8 workers of 8 for evacuation
[2026-01-16T09:42:54.696+0000][gc,phases   ] GC(983)   Pre Evacuate Collection Set: 26.3ms
[2026-01-16T09:42:54.697+0000][gc,phases   ] GC(983)   Merge Heap Roots: 5.6ms
[2026-01-16T09:42:54.697+0000][gc,phases   ] GC(983)   Evacuate Collection Set: 29.1ms
[2026-01-16T09:42:54.697+0000][gc,phases   ] GC(983)   Post Evacuate Collection Set: 7.7ms
[2026-01-16T09:42:54.697+0000][gc,phases   ] GC(983)   Other: 2.9ms
[2026-01-16T09:42:54.697+0000][gc,heap     ] GC(983) Eden regions: 324->0(478)
[2026-01-16T09:42:54.697+0000][gc,heap     ] GC(983) Survivor regions: 1->1(41)
[2026-01-16T09:42:54.698+0000][gc,heap     ] GC(983) Old regions: 232->232
[2026-01-16T09:42:54.698+0000][gc,heap     ] GC(983) Humongous regions: 132->132
[2026-01-16T09:42:54.699+0000][gc,metaspace] GC(983) Metaspace: 13199K(13632K)->13199K(13632K) NonClass: 12078K(12288K)->12078K(12288K) Class: 1120K(1344K)->1120K(1344K)
[2026-01-16T09:42:54.699+0000][gc          ] GC(983) Pause Young (Normal) (G1 Evacuation Pause) 687M->363M(1024M) 79.602ms
[2026-01-16T09:42:54.699+0000][gc,cpu      ] GC(983) User=0.16s Sys=0.02s Real=0.08s
[2026-01-16T09:43:30.730+0000][gc,start    ] GC(984) Pause Young (Normal) (G1 Evacuation Pause)
[2026-01-16T09:43:30.738+0000][gc,task     ] GC(984) Using 8 workers of 8 for evacuation
[2026-01-16T09:43:31.408+0000][gc,mmu      ] GC(984) MMU target violated: 201.0ms (200.0ms/201.0ms)
[2026-01-16T09:43:31.422+0000][gc,phases   ] GC(984)   Pre Evacuate Collection Set: 121.6ms
[2026-01-16T09:43:31.453+0000][gc,phases   ] GC(984)   Merge Heap Roots: 20.8ms
[2026-01-16T09:43:31.456+0000][gc,phases   ] GC(984)   Evacuate Collection Set: 496.9ms
[2026-01-16T09:43:31.456+0000][gc,phases   ] GC(984)   Post Evacuate Collection Set: 27.6ms
[2026-01-16T09:43:31.456+0000][gc,phases   ] GC(984)   Other: 17.6ms
[2026-01-16T09:43:31.456+0000][gc,heap     ] GC(984) Eden regions: 393->0(49)
[2026-01-16T09:43:31.456+0000][gc,heap     ] GC(984) Survivor regions: 1->2(50)
[2026-01-16T09:43:31.456+0000][gc,heap     ] GC(984) Old regions: 232->232
[2026-01-16T09:43:31.456+0000][gc,heap     ] GC(984) Humongous regions: 132->132
[2026-01-16T09:43:31.456+0000][gc,metaspace] GC(984) Metaspace: 13200K(13632K)->13200K(13632K) NonClass: 12079K(12288K)->12079K(12288K) Class: 1120K(1344K)->1120K(1344K)
[2026-01-16T09:43:31.469+0000][gc          ] GC(984) Pause Young (Normal) (G1 Evacuation Pause) 756M->364M(1024M) 734.623ms
[2026-01-16T09:43:31.487+0000][gc,cpu      ] GC(984) User=0.39s Sys=0.04s Real=0.76s
[2026-01-16T09:43:35.638+0000][gc,start    ] GC(985) Pause Young (Normal) (G1 Evacuation Pause)
[2026-01-16T09:43:35.641+0000][gc,task     ] GC(985) Using 8 workers of 8 for evacuation
[2026-01-16T09:43:35.951+0000][gc,mmu      ] GC(985) MMU target violated: 201.0ms (200.0ms/201.0ms)
[2026-01-16T09:43:35.955+0000][gc,phases   ] GC(985)   Pre Evacuate Collection Set: 118.7ms
[2026-01-16T09:43:35.955+0000][gc,phases   ] GC(985)   Merge Heap Roots: 5.6ms
[2026-01-16T09:43:35.959+0000][gc,phases   ] GC(985)   Evacuate Collection Set: 173.0ms
[2026-01-16T09:43:35.959+0000][gc,phases   ] GC(985)   Post Evacuate Collection Set: 7.7ms
[2026-01-16T09:43:35.959+0000][gc,phases   ] GC(985)   Other: 9.0ms
[2026-01-16T09:43:35.960+0000][gc,heap     ] GC(985) Eden regions: 49->0(49)
[2026-01-16T09:43:35.960+0000][gc,heap     ] GC(985) Survivor regions: 2->2(7)
[2026-01-16T09:43:35.960+0000][gc,heap     ] GC(985) Old regions: 232->232
[2026-01-16T09:43:35.960+0000][gc,heap     ] GC(985) Humongous regions: 132->132
[2026-01-16T09:43:35.961+0000][gc,metaspace] GC(985) Metaspace: 13200K(13632K)->13200K(13632K) NonClass: 12079K(12288K)->12079K(12288K) Class: 1120K(1344K)->1120K(1344K)
[2026-01-16T09:43:35.961+0000][gc          ] GC(985) Pause Young (Normal) (G1 Evacuation Pause) 413M->364M(1024M) 323.227ms
[2026-01-16T09:43:35.963+0000][gc,cpu      ] GC(985) User=0.22s Sys=0.02s Real=0.32s
[2026-01-16T09:43:37.186+0000][gc,start    ] GC(986) Pause Young (Normal) (G1 Evacuation Pause)
[2026-01-16T09:43:37.186+0000][gc,task     ] GC(986) Using 8 workers of 8 for evacuation
[2026-01-16T09:43:37.241+0000][gc,phases   ] GC(986)   Pre Evacuate Collection Set: 2.6ms
[2026-01-16T09:43:37.242+0000][gc,phases   ] GC(986)   Merge Heap Roots: 0.6ms
[2026-01-16T09:43:37.242+0000][gc,phases   ] GC(986)   Evacuate Collection Set: 46.9ms
[2026-01-16T09:43:37.242+0000][gc,phases   ] GC(986)   Post Evacuate Collection Set: 2.5ms
[2026-01-16T09:43:37.242+0000][gc,phases   ] GC(986)   Other: 1.8ms
[2026-01-16T09:43:37.243+0000][gc,heap     ] GC(986) Eden regions: 49->0(50)
[2026-01-16T09:43:37.243+0000][gc,heap     ] GC(986) Survivor regions: 2->1(7)
[2026-01-16T09:43:37.243+0000][gc,heap     ] GC(986) Old regions: 232->232
[2026-01-16T09:43:37.243+0000][gc,heap     ] GC(986) Humongous regions: 132->132
[2026-01-16T09:43:37.243+0000][gc,metaspace] GC(986) Metaspace: 13200K(13632K)->13200K(13632K) NonClass: 12079K(12288K)->12079K(12288K) Class: 1120K(1344K)->1120K(1344K)
[2026-01-16T09:43:37.243+0000][gc          ] GC(986) Pause Young (Normal) (G1 Evacuation Pause) 413M->364M(1024M) 57.326ms
[2026-01-16T09:43:37.243+0000][gc,cpu      ] GC(986) User=0.05s Sys=0.00s Real=0.05s
[2026-01-16T09:43:38.034+0000][gc,start    ] GC(987) Pause Young (Normal) (G1 Evacuation Pause)
[2026-01-16T09:43:38.040+0000][gc,task     ] GC(987) Using 8 workers of 8 for evacuation
[2026-01-16T09:43:38.134+0000][gc,phases   ] GC(987)   Pre Evacuate Collection Set: 2.7ms
[2026-01-16T09:43:38.137+0000][gc,phases   ] GC(987)   Merge Heap Roots: 2.2ms
[2026-01-16T09:43:38.139+0000][gc,phases   ] GC(987)   Evacuate Collection Set: 86.0ms
[2026-01-16T09:43:38.140+0000][gc,phases   ] GC(987)   Post Evacuate Collection Set: 0.6ms
[2026-01-16T09:43:38.141+0000][gc,phases   ] GC(987)   Other: 2.7ms
[2026-01-16T09:43:38.141+0000][gc,heap     ] GC(987) Eden regions: 50->0(49)
[2026-01-16T09:43:38.141+0000][gc,heap     ] GC(987) Survivor regions: 1->2(7)
[2026-01-16T09:43:38.143+0000][gc,heap     ] GC(987) Old regions: 232->232
[2026-01-16T09:43:38.143+0000][gc,heap     ] GC(987) Humongous regions: 132->132
[2026-01-16T09:43:38.143+0000][gc,metaspace] GC(987) Metaspace: 13200K(13632K)->13200K(13632K) NonClass: 12079K(12288K)->12079K(12288K) Class: 1120K(1344K)->1120K(1344K)
[2026-01-16T09:43:38.144+0000][gc          ] GC(987) Pause Young (Normal) (G1 Evacuation Pause) 414M->364M(1024M) 110.095ms
[2026-01-16T09:43:38.146+0000][gc,cpu      ] GC(987) User=0.07s Sys=0.01s Real=0.11s
[2026-01-16T09:43:45.711+0000][gc,start    ] GC(988) Pause Young (Normal) (G1 Evacuation Pause)
[2026-01-16T09:43:45.712+0000][gc,task     ] GC(988) Using 8 workers of 8 for evacuation
[2026-01-16T09:43:45.824+0000][gc,phases   ] GC(988)   Pre Evacuate Collection Set: 40.0ms
[2026-01-16T09:43:45.825+0000][gc,phases   ] GC(988)   Merge Heap Roots: 2.6ms
[2026-01-16T09:43:45.825+0000][gc,phases   ] GC(988)   Evacuate Collection Set: 45.6ms
[2026-01-16T09:43:45.825+0000][gc,phases   ] GC(988)   Post Evacuate Collection Set: 20.3ms
[2026-01-16T09:43:45.826+0000][gc,phases   ] GC(988)   Other: 3.9ms
[2026-01-16T09:43:45.826+0000][gc,heap     ] GC(988) Eden regions: 49->0(64)
[2026-01-16T09:43:45.826+0000][gc,heap     ] GC(988) Survivor regions: 2->1(7)
[2026-01-16T09:43:45.827+0000][gc,heap     ] GC(988) Old regions: 232->232
[2026-01-16T09:43:45.827+0000][gc,heap     ] GC(988) Humongous regions: 132->132
[2026-01-16T09:43:45.827+0000][gc,metaspace] GC(988) Metaspace: 13200K(13632K)->13200K(13632K) NonClass: 12079K(12288K)->12079K(12288K) Class: 1120K(1344K)->1120K(1344K)
[2026-01-16T09:43:45.829+0000][gc          ] GC(988) Pause Young (Normal) (G1 Evacuation Pause) 413M->364M(1024M) 118.109ms
[2026-01-16T09:43:45.829+0000][gc,cpu      ] GC(988) User=0.11s Sys=0.01s Real=0.11s
[2026-01-16T09:43:47.537+0000][gc,start    ] GC(989) Pause Young (Normal) (G1 Evacuation Pause)
[2026-01-16T09:43:47.541+0000][gc,task     ] GC(989) Using 8 workers of 8 for evacuation
[2026-01-16T09:43:47.675+0000][gc,phases   ] GC(989)   Pre Evacuate Collection Set: 49.0ms
[2026-01-16T09:43:47.677+0000][gc,phases   ] GC(989)   Merge Heap Roots: 5.6ms
[2026-01-16T09:43:47.678+0000][gc,phases   ] GC(989)   Evacuate Collection Set: 56.5ms
[2026-01-16T09:43:47.679+0000][gc,phases   ] GC(989)   Post Evacuate Collection Set: 17.5ms
[2026-01-16T09:43:47.679+0000][gc,phases   ] GC(989)   Other: 5.0ms
[2026-01-16T09:43:47.680+0000][gc,heap     ] GC(989) Eden regions: 60->0(49)
[2026-01-16T09:43:47.683+0000][gc,heap     ] GC(989) Survivor regions: 1->2(8)
[2026-01-16T09:43:47.683+0000][gc,heap     ] GC(989) Old regions: 232->232
[2026-01-16T09:43:47.683+0000][gc,heap     ] GC(989) Humongous regions: 132->132
[2026-01-16T09:43:47.683+0000][gc,metaspace] GC(989) Metaspace: 13200K(13632K)->13200K(13632K) NonClass: 12079K(12288K)->12079K(12288K) Class: 1120K(1344K)->1120K(1344K)
[2026-01-16T09:43:47.683+0000][gc          ] GC(989) Pause Young (Normal) (G1 Evacuation Pause) 424M->364M(1024M) 146.575ms
[2026-01-16T09:43:47.683+0000][gc,cpu      ] GC(989) User=0.11s Sys=0.01s Real=0.15s
[2026-01-16T09:43:55.341+0000][gc,start    ] GC(990) Pause Young (Normal) (G1 Evacuation Pause)
[2026-01-16T09:43:55.343+0000][gc,task     ] GC(990) Using 8 workers of 8 for evacuation
[2026-01-16T09:43:55.426+0000][gc,phases   ] GC(990)   Pre Evacuate Collection Set: 15.9ms
[2026-01-16T09:43:55.427+0000][gc,phases   ] GC(990)   Merge Heap Roots: 3.3ms
[2026-01-16T09:43:55.427+0000][gc,phases   ] GC(990)   Evacuate Collection Set: 47.7ms
[2026-01-16T09:43:55.427+0000][gc,phases   ] GC(990)   Post Evacuate Collection Set: 12.3ms
[2026-01-16T09:43:55.427+0000][gc,phases   ] GC(990)   Other: 5.3ms
[2026-01-16T09:43:55.427+0000][gc,heap     ] GC(990) Eden regions: 49->0(167)
[2026-01-16T09:43:55.428+0000][gc,heap     ] GC(990) Survivor regions: 2->1(7)
[2026-01-16T09:43:55.428+0000][gc,heap     ] GC(990) Old regions: 232->232
[2026-01-16T09:43:55.428+0000][gc,heap     ] GC(990) Humongous regions: 132->132
[2026-01-16T09:43:55.429+0000][gc,metaspace] GC(990) Metaspace: 13200K(13632K)->13200K(13632K) NonClass: 12079K(12288K)->12079K(12288K) Class: 1120K(1344K)->1120K(1344K)
[2026-01-16T09:43:55.433+0000][gc          ] GC(990) Pause Young (Normal) (G1 Evacuation Pause) 413M->364M(1024M) 92.418ms
[2026-01-16T09:43:55.434+0000][gc,cpu      ] GC(990) User=0.10s Sys=0.02s Real=0.09s
[2026-01-16T09:44:07.913+0000][gc,start    ] GC(991) Pause Young (Normal) (G1 Evacuation Pause)
[2026-01-16T09:44:07.914+0000][gc,task     ] GC(991) Using 8 workers of 8 for evacuation
[2026-01-16T09:44:08.131+0000][gc,mmu      ] GC(991) MMU target violated: 201.0ms (200.0ms/201.0ms)
[2026-01-16T09:44:08.132+0000][gc,phases   ] GC(991)   Pre Evacuate Collection Set: 64.2ms
[2026-01-16T09:44:08.135+0000][gc,phases   ] GC(991)   Merge Heap Roots: 13.8ms
[2026-01-16T09:44:08.136+0000][gc,phases   ] GC(991)   Evacuate Collection Set: 118.9ms
[2026-01-16T09:44:08.136+0000][gc,phases   ] GC(991)   Post Evacuate Collection Set: 18.3ms
[2026-01-16T09:44:08.137+0000][gc,phases   ] GC(991)   Other: 3.4ms
[2026-01-16T09:44:08.137+0000][gc,heap     ] GC(991) Eden regions: 160->0(75)
[2026-01-16T09:44:08.138+0000][gc,heap     ] GC(991) Survivor regions: 1->2(21)
[2026-01-16T09:44:08.138+0000][gc,heap     ] GC(991) Old regions: 232->232
[2026-01-16T09:44:08.139+0000][gc,heap     ] GC(991) Humongous regions: 132->132
[2026-01-16T09:44:08.139+0000][gc,metaspace] GC(991) Metaspace: 13200K(13632K)->13200K(13632K) NonClass: 12079K(12288K)->12079K(12288K) Class: 1120K(1344K)->1120K(1344K)
[2026-01-16T09:44:08.140+0000][gc          ] GC(991) Pause Young (Normal) (G1 Evacuation Pause) 524M->364M(1024M) 227.775ms
[2026-01-16T09:44:08.141+0000][gc,cpu      ] GC(991) User=0.17s Sys=0.01s Real=0.23s
[2026-01-16T09:44:16.696+0000][gc,start    ] GC(992) Pause Young (Normal) (G1 Evacuation Pause)
[2026-01-16T09:44:16.703+0000][gc,task     ] GC(992) Using 8 workers of 8 for evacuation
[2026-01-16T09:44:16.951+0000][gc,mmu      ] GC(992) MMU target violated: 201.0ms (200.0ms/201.0ms)
[2026-01-16T09:44:16.951+0000][gc,phases   ] GC(992)   Pre Evacuate Collection Set: 49.9ms
[2026-01-16T09:44:16.951+0000][gc,phases   ] GC(992)   Merge Heap Roots: 3.2ms
[2026-01-16T09:44:16.952+0000][gc,phases   ] GC(992)   Evacuate Collection Set: 173.4ms
[2026-01-16T09:44:16.952+0000][gc,phases   ] GC(992)   Post Evacuate Collection Set: 13.4ms
[2026-01-16T09:44:16.953+0000][gc,phases   ] GC(992)   Other: 7.8ms
[2026-01-16T09:44:16.953+0000][gc,heap     ] GC(992) Eden regions: 72->0(135)
[2026-01-16T09:44:16.953+0000][gc,heap     ] GC(992) Survivor regions: 2->1(10)
[2026-01-16T09:44:16.953+0000][gc,heap     ] GC(992) Old regions: 232->232
[2026-01-16T09:44:16.954+0000][gc,heap     ] GC(992) Humongous regions: 132->132
[2026-01-16T09:44:16.955+0000][gc,metaspace] GC(992) Metaspace: 13200K(13632K)->13200K(13632K) NonClass: 12079K(12288K)->12079K(12288K) Class: 1120K(1344K)->1120K(1344K)
[2026-01-16T09:44:16.962+0000][gc          ] GC(992) Pause Young (Normal) (G1 Evacuation Pause) 436M->364M(1024M) 265.889ms
[2026-01-16T09:44:16.963+0000][gc,cpu      ] GC(992) User=0.14s Sys=0.01s Real=0.26s
[2026-01-16T09:44:26.229+0000][gc,start    ] GC(993) Pause Young (Normal) (G1 Evacuation Pause)
[2026-01-16T09:44:26.238+0000][gc,task     ] GC(993) Using 8 workers of 8 for evacuation
[2026-01-16T09:44:26.450+0000][gc,mmu      ] GC(993) MMU target violated: 201.0ms (200.0ms/201.0ms)
[2026-01-16T09:44:26.454+0000][gc,phases   ] GC(993)   Pre Evacuate Collection Set: 33.9ms
[2026-01-16T09:44:26.457+0000][gc,phases   ] GC(993)   Merge Heap Roots: 5.9ms
[2026-01-16T09:44:26.459+0000][gc,phases   ] GC(993)   Evacuate Collection Set: 153.3ms
[2026-01-16T09:44:26.459+0000][gc,phases   ] GC(993)   Post Evacuate Collection Set: 15.7ms
[2026-01-16T09:44:26.460+0000][gc,phases   ] GC(993)   Other: 9.1ms
[2026-01-16T09:44:26.460+0000][gc,heap     ] GC(993) Eden regions: 137->0(100)
[2026-01-16T09:44:26.461+0000][gc,heap     ] GC(993) Survivor regions: 1->2(18)
[2026-01-16T09:44:26.462+0000][gc,heap     ] GC(993) Old regions: 232->232
[2026-01-16T09:44:26.462+0000][gc,heap     ] GC(993) Humongous regions: 132->132
[2026-01-16T09:44:26.463+0000][gc,metaspace] GC(993) Metaspace: 13200K(13632K)->13200K(13632K) NonClass: 12079K(12288K)->12079K(12288K) Class: 1120K(1344K)->1120K(1344K)
[2026-01-16T09:44:26.464+0000][gc          ] GC(993) Pause Young (Normal) (G1 Evacuation Pause) 501M->364M(1024M) 234.917ms
[2026-01-16T09:44:26.464+0000][gc,cpu      ] GC(993) User=0.17s Sys=0.01s Real=0.24s
[2026-01-16T09:44:35.596+0000][gc,start    ] GC(994) Pause Young (Normal) (G1 Evacuation Pause)
[2026-01-16T09:44:35.597+0000][gc,task     ] GC(994) Using 8 workers of 8 for evacuation
[2026-01-16T09:44:35.661+0000][gc,phases   ] GC(994)   Pre Evacuate Collection Set: 21.0ms
[2026-01-16T09:44:35.662+0000][gc,phases   ] GC(994)   Merge Heap Roots: 2.9ms
[2026-01-16T09:44:35.662+0000][gc,phases   ] GC(994)   Evacuate Collection Set: 30.9ms
[2026-01-16T09:44:35.662+0000][gc,phases   ] GC(994)   Post Evacuate Collection Set: 4.0ms
[2026-01-16T09:44:35.665+0000][gc,phases   ] GC(994)   Other: 5.0ms
[2026-01-16T09:44:35.667+0000][gc,heap     ] GC(994) Eden regions: 93->0(364)
[2026-01-16T09:44:35.669+0000][gc,heap     ] GC(994) Survivor regions: 2->1(12)
[2026-01-16T09:44:35.670+0000][gc,heap     ] GC(994) Old regions: 232->232
[2026-01-16T09:44:35.672+0000][gc,heap     ] GC(994) Humongous regions: 132->132
[2026-01-16T09:44:35.673+0000][gc,metaspace] GC(994) Metaspace: 13200K(13632K)->13200K(13632K) NonClass: 12079K(12288K)->12079K(12288K) Class: 1120K(1344K)->1120K(1344K)
[2026-01-16T09:44:35.675+0000][gc          ] GC(994) Pause Young (Normal) (G1 Evacuation Pause) 457M->364M(1024M) 78.562ms
[2026-01-16T09:44:35.676+0000][gc,cpu      ] GC(994) User=0.10s Sys=0.01s Real=0.08s
[2026-01-16T09:45:16.047+0000][gc,start    ] GC(995) Pause Young (Normal) (G1 Evacuation Pause)
[2026-01-16T09:45:16.052+0000][gc,task     ] GC(995) Using 8 workers of 8 for evacuation
[2026-01-16T09:45:16.601+0000][gc,mmu      ] GC(995) MMU target violated: 201.0ms (200.0ms/201.0ms)
[2026-01-16T09:45:16.612+0000][gc,phases   ] GC(995)   Pre Evacuate Collection Set: 99.6ms
[2026-01-16T09:45:16.614+0000][gc,phases   ] GC(995)   Merge Heap Roots: 1.0ms
[2026-01-16T09:45:16.615+0000][gc,phases   ] GC(995)   Evacuate Collection Set: 409.7ms
[2026-01-16T09:45:16.615+0000][gc,phases   ] GC(995)   Post Evacuate Collection Set: 35.0ms
[2026-01-16T09:45:16.616+0000][gc,phases   ] GC(995)   Other: 15.3ms
[2026-01-16T09:45:16.616+0000][gc,heap     ] GC(995) Eden regions: 392->0(49)
[2026-01-16T09:45:16.617+0000][gc,heap     ] GC(995) Survivor regions: 1->2(50)
[2026-01-16T09:45:16.617+0000][gc,heap     ] GC(995) Old regions: 232->232
[2026-01-16T09:45:16.618+0000][gc,heap     ] GC(995) Humongous regions: 132->132
[2026-01-16T09:45:16.619+0000][gc,metaspace] GC(995) Metaspace: 13200K(13632K)->13200K(13632K) NonClass: 12079K(12288K)->12079K(12288K) Class: 1120K(1344K)->1120K(1344K)
[2026-01-16T09:45:16.620+0000][gc          ] GC(995) Pause Young (Normal) (G1 Evacuation Pause) 756M->364M(1024M) 573.067ms
[2026-01-16T09:45:16.623+0000][gc,cpu      ] GC(995) User=0.26s Sys=0.03s Real=0.58s
[2026-01-16T09:45:18.215+0000][gc,start    ] GC(996) Pause Young (Normal) (G1 Evacuation Pause)
[2026-01-16T09:45:18.218+0000][gc,task     ] GC(996) Using 8 workers of 8 for evacuation
[2026-01-16T09:45:18.417+0000][gc,phases   ] GC(996)   Pre Evacuate Collection Set: 13.7ms
[2026-01-16T09:45:18.422+0000][gc,phases   ] GC(996)   Merge Heap Roots: 2.1ms
[2026-01-16T09:45:18.431+0000][gc,phases   ] GC(996)   Evacuate Collection Set: 168.4ms
[2026-01-16T09:45:18.434+0000][gc,phases   ] GC(996)   Post Evacuate Collection Set: 9.2ms
[2026-01-16T09:45:18.434+0000][gc,phases   ] GC(996)   Other: 5.7ms
[2026-01-16T09:45:18.435+0000][gc,heap     ] GC(996) Eden regions: 49->0(49)
[2026-01-16T09:45:18.435+0000][gc,heap     ] GC(996) Survivor regions: 2->2(7)
[2026-01-16T09:45:18.439+0000][gc,heap     ] GC(996) Old regions: 232->232
[2026-01-16T09:45:18.439+0000][gc,heap     ] GC(996) Humongous regions: 132->132
[2026-01-16T09:45:18.439+0000][gc,metaspace] GC(996) Metaspace: 13200K(13632K)->13200K(13632K) NonClass: 12079K(12288K)->12079K(12288K) Class: 1120K(1344K)->1120K(1344K)
[2026-01-16T09:45:18.439+0000][gc          ] GC(996) Pause Young (Normal) (G1 Evacuation Pause) 413M->365M(1024M) 224.523ms
[2026-01-16T09:45:18.439+0000][gc,cpu      ] GC(996) User=0.10s Sys=0.01s Real=0.22s
[2026-01-16T09:45:19.369+0000][gc,start    ] GC(997) Pause Young (Normal) (G1 Evacuation Pause)
[2026-01-16T09:45:19.371+0000][gc,task     ] GC(997) Using 8 workers of 8 for evacuation
[2026-01-16T09:45:19.632+0000][gc,mmu      ] GC(997) MMU target violated: 201.0ms (200.0ms/201.0ms)
[2026-01-16T09:45:19.635+0000][gc,phases   ] GC(997)   Pre Evacuate Collection Set: 52.4ms
[2026-01-16T09:45:19.635+0000][gc,phases   ] GC(997)   Merge Heap Roots: 0.2ms
[2026-01-16T09:45:19.635+0000][gc,phases   ] GC(997)   Evacuate Collection Set: 206.4ms
[2026-01-16T09:45:19.635+0000][gc,phases   ] GC(997)   Post Evacuate Collection Set: 1.0ms
[2026-01-16T09:45:19.635+0000][gc,phases   ] GC(997)   Other: 3.8ms
[2026-01-16T09:45:19.635+0000][gc,heap     ] GC(997) Eden regions: 49->0(49)
[2026-01-16T09:45:19.635+0000][gc,heap     ] GC(997) Survivor regions: 2->2(7)
[2026-01-16T09:45:19.635+0000][gc,heap     ] GC(997) Old regions: 232->232
[2026-01-16T09:45:19.635+0000][gc,heap     ] GC(997) Humongous regions: 132->132
[2026-01-16T09:45:19.635+0000][gc,metaspace] GC(997) Metaspace: 13200K(13632K)->13200K(13632K) NonClass: 12079K(12288K)->12079K(12288K) Class: 1120K(1344K)->1120K(1344K)
[2026-01-16T09:45:19.636+0000][gc          ] GC(997) Pause Young (Normal) (G1 Evacuation Pause) 414M->364M(1024M) 266.816ms
[2026-01-16T09:45:19.636+0000][gc,cpu      ] GC(997) User=0.17s Sys=0.02s Real=0.27s
[2026-01-16T09:45:24.663+0000][gc,start    ] GC(998) Pause Young (Normal) (G1 Evacuation Pause)
[2026-01-16T09:45:24.701+0000][gc,task     ] GC(998) Using 8 workers of 8 for evacuation
[2026-01-16T09:45:24.790+0000][gc,phases   ] GC(998)   Pre Evacuate Collection Set: 35.0ms
[2026-01-16T09:45:24.791+0000][gc,phases   ] GC(998)   Merge Heap Roots: 2.6ms
[2026-01-16T09:45:24.791+0000][gc,phases   ] GC(998)   Evacuate Collection Set: 29.5ms
[2026-01-16T09:45:24.792+0000][gc,phases   ] GC(998)   Post Evacuate Collection Set: 16.6ms
[2026-01-16T09:45:24.793+0000][gc,phases   ] GC(998)   Other: 14.1ms
[2026-01-16T09:45:24.794+0000][gc,heap     ] GC(998) Eden regions: 49->0(74)
[2026-01-16T09:45:24.794+0000][gc,heap     ] GC(998) Survivor regions: 2->1(7)
[2026-01-16T09:45:24.794+0000][gc,heap     ] GC(998) Old regions: 232->232
[2026-01-16T09:45:24.794+0000][gc,heap     ] GC(998) Humongous regions: 132->132
[2026-01-16T09:45:24.795+0000][gc,metaspace] GC(998) Metaspace: 13200K(13632K)->13200K(13632K) NonClass: 12079K(12288K)->12079K(12288K) Class: 1120K(1344K)->1120K(1344K)
[2026-01-16T09:45:24.795+0000][gc          ] GC(998) Pause Young (Normal) (G1 Evacuation Pause) 413M->363M(1024M) 134.453ms
[2026-01-16T09:45:24.796+0000][gc,cpu      ] GC(998) User=0.10s Sys=0.01s Real=0.14s
[2026-01-16T09:45:27.017+0000][gc,start    ] GC(999) Pause Young (Normal) (G1 Evacuation Pause)
[2026-01-16T09:45:27.018+0000][gc,task     ] GC(999) Using 8 workers of 8 for evacuation
[2026-01-16T09:45:27.156+0000][gc,phases   ] GC(999)   Pre Evacuate Collection Set: 11.0ms
[2026-01-16T09:45:27.157+0000][gc,phases   ] GC(999)   Merge Heap Roots: 0.6ms
[2026-01-16T09:45:27.157+0000][gc,phases   ] GC(999)   Evacuate Collection Set: 117.1ms
[2026-01-16T09:45:27.160+0000][gc,phases   ] GC(999)   Post Evacuate Collection Set: 8.2ms
[2026-01-16T09:45:27.161+0000][gc,phases   ] GC(999)   Other: 1.7ms
[2026-01-16T09:45:27.161+0000][gc,heap     ] GC(999) Eden regions: 74->0(53)
[2026-01-16T09:45:27.162+0000][gc,heap     ] GC(999) Survivor regions: 1->2(10)
[2026-01-16T09:45:27.163+0000][gc,heap     ] GC(999) Old regions: 232->232
[2026-01-16T09:45:27.163+0000][gc,heap     ] GC(999) Humongous regions: 132->132
[2026-01-16T09:45:27.164+0000][gc,metaspace] GC(999) Metaspace: 13200K(13632K)->13200K(13632K) NonClass: 12079K(12288K)->12079K(12288K) Class: 1120K(1344K)->1120K(1344K)
[2026-01-16T09:45:27.165+0000][gc          ] GC(999) Pause Young (Normal) (G1 Evacuation Pause) 437M->364M(1024M) 148.138ms
[2026-01-16T09:45:27.165+0000][gc,cpu      ] GC(999) User=0.13s Sys=0.00s Real=0.15s
[2026-01-16T09:45:34.952+0000][gc,start    ] GC(1000) Pause Young (Normal) (G1 Evacuation Pause)
[2026-01-16T09:45:34.957+0000][gc,task     ] GC(1000) Using 8 workers of 8 for evacuation
[2026-01-16T09:45:34.997+0000][gc,phases   ] GC(1000)   Pre Evacuate Collection Set: 16.7ms
[2026-01-16T09:45:34.998+0000][gc,phases   ] GC(1000)   Merge Heap Roots: 2.3ms
[2026-01-16T09:45:34.999+0000][gc,phases   ] GC(1000)   Evacuate Collection Set: 15.4ms
[2026-01-16T09:45:35.000+0000][gc,phases   ] GC(1000)   Post Evacuate Collection Set: 3.6ms
[2026-01-16T09:45:35.000+0000][gc,phases   ] GC(1000)   Other: 0.6ms
[2026-01-16T09:45:35.001+0000][gc,heap     ] GC(1000) Eden regions: 57->0(170)
[2026-01-16T09:45:35.004+0000][gc,heap     ] GC(1000) Survivor regions: 2->1(8)
[2026-01-16T09:45:35.004+0000][gc,heap     ] GC(1000) Old regions: 232->232
[2026-01-16T09:45:35.006+0000][gc,heap     ] GC(1000) Humongous regions: 132->132
[2026-01-16T09:45:35.007+0000][gc,metaspace] GC(1000) Metaspace: 13200K(13632K)->13200K(13632K) NonClass: 12079K(12288K)->12079K(12288K) Class: 1120K(1344K)->1120K(1344K)
[2026-01-16T09:45:35.009+0000][gc          ] GC(1000) Pause Young (Normal) (G1 Evacuation Pause) 421M->364M(1024M) 57.124ms
[2026-01-16T09:45:35.012+0000][gc,cpu      ] GC(1000) User=0.09s Sys=0.01s Real=0.05s
[2026-01-16T09:45:46.526+0000][gc,start    ] GC(1001) Pause Young (Normal) (G1 Evacuation Pause)
[2026-01-16T09:45:46.535+0000][gc,task     ] GC(1001) Using 8 workers of 8 for evacuation
[2026-01-16T09:45:46.728+0000][gc,phases   ] GC(1001)   Pre Evacuate Collection Set: 47.0ms
[2026-01-16T09:45:46.730+0000][gc,phases   ] GC(1001)   Merge Heap Roots: 5.8ms
[2026-01-16T09:45:46.730+0000][gc,phases   ] GC(1001)   Evacuate Collection Set: 112.3ms
[2026-01-16T09:45:46.732+0000][gc,phases   ] GC(1001)   Post Evacuate Collection Set: 26.2ms
[2026-01-16T09:45:46.733+0000][gc,phases   ] GC(1001)   Other: 2.5ms
[2026-01-16T09:45:46.734+0000][gc,heap     ] GC(1001) Eden regions: 192->0(127)
[2026-01-16T09:45:46.737+0000][gc,heap     ] GC(1001) Survivor regions: 1->2(25)
[2026-01-16T09:45:46.739+0000][gc,heap     ] GC(1001) Old regions: 232->232
[2026-01-16T09:45:46.742+0000][gc,heap     ] GC(1001) Humongous regions: 132->132
[2026-01-16T09:45:46.747+0000][gc,metaspace] GC(1001) Metaspace: 13200K(13632K)->13200K(13632K) NonClass: 12079K(12288K)->12079K(12288K) Class: 1120K(1344K)->1120K(1344K)
[2026-01-16T09:45:46.749+0000][gc          ] GC(1001) Pause Young (Normal) (G1 Evacuation Pause) 556M->364M(1024M) 222.467ms
[2026-01-16T09:45:46.749+0000][gc,cpu      ] GC(1001) User=0.20s Sys=0.02s Real=0.23s
[2026-01-16T09:45:58.333+0000][gc,start    ] GC(1002) Pause Young (Normal) (G1 Evacuation Pause)
[2026-01-16T09:45:58.349+0000][gc,task     ] GC(1002) Using 8 workers of 8 for evacuation
[2026-01-16T09:45:58.579+0000][gc,mmu      ] GC(1002) MMU target violated: 201.0ms (200.0ms/201.0ms)
[2026-01-16T09:45:58.580+0000][gc,phases   ] GC(1002)   Pre Evacuate Collection Set: 44.9ms
[2026-01-16T09:45:58.580+0000][gc,phases   ] GC(1002)   Merge Heap Roots: 9.0ms
[2026-01-16T09:45:58.581+0000][gc,phases   ] GC(1002)   Evacuate Collection Set: 159.2ms
[2026-01-16T09:45:58.581+0000][gc,phases   ] GC(1002)   Post Evacuate Collection Set: 14.9ms
[2026-01-16T09:45:58.582+0000][gc,phases   ] GC(1002)   Other: 4.1ms
[2026-01-16T09:45:58.583+0000][gc,heap     ] GC(1002) Eden regions: 104->0(99)
[2026-01-16T09:45:58.583+0000][gc,heap     ] GC(1002) Survivor regions: 2->2(14)
[2026-01-16T09:45:58.584+0000][gc,heap     ] GC(1002) Old regions: 232->232
[2026-01-16T09:45:58.588+0000][gc,heap     ] GC(1002) Humongous regions: 132->132
[2026-01-16T09:45:58.588+0000][gc,metaspace] GC(1002) Metaspace: 13200K(13632K)->13200K(13632K) NonClass: 12079K(12288K)->12079K(12288K) Class: 1120K(1344K)->1120K(1344K)
[2026-01-16T09:45:58.590+0000][gc          ] GC(1002) Pause Young (Normal) (G1 Evacuation Pause) 468M->365M(1024M) 257.275ms
[2026-01-16T09:45:58.595+0000][gc,cpu      ] GC(1002) User=0.19s Sys=0.01s Real=0.26s
[2026-01-16T09:46:07.084+0000][gc,start    ] GC(1003) Pause Young (Normal) (G1 Evacuation Pause)
[2026-01-16T09:46:07.089+0000][gc,task     ] GC(1003) Using 8 workers of 8 for evacuation
[2026-01-16T09:46:07.254+0000][gc,phases   ] GC(1003)   Pre Evacuate Collection Set: 32.2ms
[2026-01-16T09:46:07.255+0000][gc,phases   ] GC(1003)   Merge Heap Roots: 1.5ms
[2026-01-16T09:46:07.256+0000][gc,phases   ] GC(1003)   Evacuate Collection Set: 86.1ms
[2026-01-16T09:46:07.256+0000][gc,phases   ] GC(1003)   Post Evacuate Collection Set: 44.1ms
[2026-01-16T09:46:07.260+0000][gc,phases   ] GC(1003)   Other: 0.9ms
[2026-01-16T09:46:07.261+0000][gc,heap     ] GC(1003) Eden regions: 102->0(139)
[2026-01-16T09:46:07.261+0000][gc,heap     ] GC(1003) Survivor regions: 2->2(13)
[2026-01-16T09:46:07.261+0000][gc,heap     ] GC(1003) Old regions: 232->232
[2026-01-16T09:46:07.261+0000][gc,heap     ] GC(1003) Humongous regions: 132->132
[2026-01-16T09:46:07.262+0000][gc,metaspace] GC(1003) Metaspace: 13200K(13632K)->13200K(13632K) NonClass: 12079K(12288K)->12079K(12288K) Class: 1120K(1344K)->1120K(1344K)
[2026-01-16T09:46:07.264+0000][gc          ] GC(1003) Pause Young (Normal) (G1 Evacuation Pause) 467M->364M(1024M) 179.948ms
[2026-01-16T09:46:07.264+0000][gc,cpu      ] GC(1003) User=0.14s Sys=0.02s Real=0.18s
[2026-01-16T09:46:15.895+0000][gc,start    ] GC(1004) Pause Young (Normal) (G1 Evacuation Pause)
[2026-01-16T09:46:15.895+0000][gc,task     ] GC(1004) Using 8 workers of 8 for evacuation
[2026-01-16T09:46:15.980+0000][gc,phases   ] GC(1004)   Pre Evacuate Collection Set: 4.8ms
[2026-01-16T09:46:15.985+0000][gc,phases   ] GC(1004)   Merge Heap Roots: 1.0ms
[2026-01-16T09:46:15.987+0000][gc,phases   ] GC(1004)   Evacuate Collection Set: 72.5ms
[2026-01-16T09:46:15.987+0000][gc,phases   ] GC(1004)   Post Evacuate Collection Set: 5.3ms
[2026-01-16T09:46:15.987+0000][gc,phases   ] GC(1004)   Other: 0.8ms
[2026-01-16T09:46:15.988+0000][gc,heap     ] GC(1004) Eden regions: 131->0(358)
[2026-01-16T09:46:15.994+0000][gc,heap     ] GC(1004) Survivor regions: 2->2(17)
[2026-01-16T09:46:15.996+0000][gc,heap     ] GC(1004) Old regions: 232->232
[2026-01-16T09:46:15.996+0000][gc,heap     ] GC(1004) Humongous regions: 132->132
[2026-01-16T09:46:15.997+0000][gc,metaspace] GC(1004) Metaspace: 13200K(13632K)->13200K(13632K) NonClass: 12079K(12288K)->12079K(12288K) Class: 1120K(1344K)->1120K(1344K)
[2026-01-16T09:46:16.001+0000][gc          ] GC(1004) Pause Young (Normal) (G1 Evacuation Pause) 495M->365M(1024M) 105.858ms
[2026-01-16T09:46:16.001+0000][gc,cpu      ] GC(1004) User=0.12s Sys=0.02s Real=0.11s
[2026-01-16T09:46:58.232+0000][gc,start    ] GC(1005) Pause Young (Normal) (G1 Evacuation Pause)
[2026-01-16T09:46:58.241+0000][gc,task     ] GC(1005) Using 8 workers of 8 for evacuation
[2026-01-16T09:46:58.851+0000][gc,mmu      ] GC(1005) MMU target violated: 201.0ms (200.0ms/201.0ms)
[2026-01-16T09:46:58.852+0000][gc,phases   ] GC(1005)   Pre Evacuate Collection Set: 98.8ms
[2026-01-16T09:46:58.857+0000][gc,phases   ] GC(1005)   Merge Heap Roots: 25.3ms
[2026-01-16T09:46:58.859+0000][gc,phases   ] GC(1005)   Evacuate Collection Set: 423.5ms
[2026-01-16T09:46:58.859+0000][gc,phases   ] GC(1005)   Post Evacuate Collection Set: 60.4ms
[2026-01-16T09:46:58.860+0000][gc,phases   ] GC(1005)   Other: 9.9ms
[2026-01-16T09:46:58.862+0000][gc,heap     ] GC(1005) Eden regions: 320->0(49)
[2026-01-16T09:46:58.862+0000][gc,heap     ] GC(1005) Survivor regions: 2->2(41)
[2026-01-16T09:46:58.863+0000][gc,heap     ] GC(1005) Old regions: 232->232
[2026-01-16T09:46:58.863+0000][gc,heap     ] GC(1005) Humongous regions: 132->132
[2026-01-16T09:46:58.863+0000][gc,metaspace] GC(1005) Metaspace: 13200K(13632K)->13200K(13632K) NonClass: 12079K(12288K)->12079K(12288K) Class: 1120K(1344K)->1120K(1344K)
[2026-01-16T09:46:58.865+0000][gc          ] GC(1005) Pause Young (Normal) (G1 Evacuation Pause) 685M->365M(1024M) 636.106ms
[2026-01-16T09:46:58.866+0000][gc,cpu      ] GC(1005) User=0.36s Sys=0.02s Real=0.64s
[2026-01-16T09:47:02.980+0000][gc,start    ] GC(1006) Pause Young (Normal) (G1 Evacuation Pause)
[2026-01-16T09:47:02.995+0000][gc,task     ] GC(1006) Using 8 workers of 8 for evacuation
[2026-01-16T09:47:03.539+0000][gc,mmu      ] GC(1006) MMU target violated: 201.0ms (200.0ms/201.0ms)
[2026-01-16T09:47:03.539+0000][gc,phases   ] GC(1006)   Pre Evacuate Collection Set: 37.2ms
[2026-01-16T09:47:03.543+0000][gc,phases   ] GC(1006)   Merge Heap Roots: 3.9ms
[2026-01-16T09:47:03.544+0000][gc,phases   ] GC(1006)   Evacuate Collection Set: 424.4ms
[2026-01-16T09:47:03.545+0000][gc,phases   ] GC(1006)   Post Evacuate Collection Set: 42.1ms
[2026-01-16T09:47:03.545+0000][gc,phases   ] GC(1006)   Other: 37.1ms
[2026-01-16T09:47:03.545+0000][gc,heap     ] GC(1006) Eden regions: 49->0(48)
[2026-01-16T09:47:03.546+0000][gc,heap     ] GC(1006) Survivor regions: 2->3(7)
[2026-01-16T09:47:03.546+0000][gc,heap     ] GC(1006) Old regions: 232->232
[2026-01-16T09:47:03.546+0000][gc,heap     ] GC(1006) Humongous regions: 132->132
[2026-01-16T09:47:03.546+0000][gc,metaspace] GC(1006) Metaspace: 13200K(13632K)->13200K(13632K) NonClass: 12079K(12288K)->12079K(12288K) Class: 1120K(1344K)->1120K(1344K)
[2026-01-16T09:47:03.547+0000][gc          ] GC(1006) Pause Young (Normal) (G1 Evacuation Pause) 414M->365M(1024M) 574.664ms
[2026-01-16T09:47:03.547+0000][gc,cpu      ] GC(1006) User=0.24s Sys=0.02s Real=0.59s
[2026-01-16T09:47:06.652+0000][gc,start    ] GC(1007) Pause Young (Normal) (G1 Evacuation Pause)
[2026-01-16T09:47:06.652+0000][gc,task     ] GC(1007) Using 8 workers of 8 for evacuation
[2026-01-16T09:47:06.818+0000][gc,phases   ] GC(1007)   Pre Evacuate Collection Set: 27.7ms
[2026-01-16T09:47:06.820+0000][gc,phases   ] GC(1007)   Merge Heap Roots: 10.6ms
[2026-01-16T09:47:06.821+0000][gc,phases   ] GC(1007)   Evacuate Collection Set: 111.6ms
[2026-01-16T09:47:06.821+0000][gc,phases   ] GC(1007)   Post Evacuate Collection Set: 14.4ms
[2026-01-16T09:47:06.821+0000][gc,phases   ] GC(1007)   Other: 1.9ms
[2026-01-16T09:47:06.821+0000][gc,heap     ] GC(1007) Eden regions: 48->0(49)
[2026-01-16T09:47:06.821+0000][gc,heap     ] GC(1007) Survivor regions: 3->2(7)
[2026-01-16T09:47:06.822+0000][gc,heap     ] GC(1007) Old regions: 232->232
[2026-01-16T09:47:06.822+0000][gc,heap     ] GC(1007) Humongous regions: 132->132
[2026-01-16T09:47:06.823+0000][gc,metaspace] GC(1007) Metaspace: 13200K(13632K)->13200K(13632K) NonClass: 12079K(12288K)->12079K(12288K) Class: 1120K(1344K)->1120K(1344K)
[2026-01-16T09:47:06.823+0000][gc          ] GC(1007) Pause Young (Normal) (G1 Evacuation Pause) 413M->364M(1024M) 173.740ms
[2026-01-16T09:47:06.823+0000][gc,cpu      ] GC(1007) User=0.09s Sys=0.00s Real=0.18s
[2026-01-16T09:47:08.333+0000][gc,start    ] GC(1008) Pause Young (Normal) (G1 Evacuation Pause)
[2026-01-16T09:47:08.334+0000][gc,task     ] GC(1008) Using 8 workers of 8 for evacuation
[2026-01-16T09:47:08.446+0000][gc,phases   ] GC(1008)   Pre Evacuate Collection Set: 11.5ms
[2026-01-16T09:47:08.447+0000][gc,phases   ] GC(1008)   Merge Heap Roots: 0.6ms
[2026-01-16T09:47:08.448+0000][gc,phases   ] GC(1008)   Evacuate Collection Set: 92.5ms
[2026-01-16T09:47:08.448+0000][gc,phases   ] GC(1008)   Post Evacuate Collection Set: 6.6ms
[2026-01-16T09:47:08.449+0000][gc,phases   ] GC(1008)   Other: 0.8ms
[2026-01-16T09:47:08.450+0000][gc,heap     ] GC(1008) Eden regions: 49->0(49)
[2026-01-16T09:47:08.451+0000][gc,heap     ] GC(1008) Survivor regions: 2->2(7)
[2026-01-16T09:47:08.452+0000][gc,heap     ] GC(1008) Old regions: 232->232
[2026-01-16T09:47:08.453+0000][gc,heap     ] GC(1008) Humongous regions: 132->132
[2026-01-16T09:47:08.456+0000][gc,metaspace] GC(1008) Metaspace: 13200K(13632K)->13200K(13632K) NonClass: 12079K(12288K)->12079K(12288K) Class: 1120K(1344K)->1120K(1344K)
[2026-01-16T09:47:08.458+0000][gc          ] GC(1008) Pause Young (Normal) (G1 Evacuation Pause) 413M->365M(1024M) 124.515ms
[2026-01-16T09:47:08.458+0000][gc,cpu      ] GC(1008) User=0.08s Sys=0.01s Real=0.13s
[2026-01-16T09:47:10.123+0000][gc,start    ] GC(1009) Pause Young (Normal) (G1 Evacuation Pause)
[2026-01-16T09:47:10.124+0000][gc,task     ] GC(1009) Using 8 workers of 8 for evacuation
[2026-01-16T09:47:10.229+0000][gc,phases   ] GC(1009)   Pre Evacuate Collection Set: 3.3ms
[2026-01-16T09:47:10.230+0000][gc,phases   ] GC(1009)   Merge Heap Roots: 0.4ms
[2026-01-16T09:47:10.231+0000][gc,phases   ] GC(1009)   Evacuate Collection Set: 98.6ms
[2026-01-16T09:47:10.231+0000][gc,phases   ] GC(1009)   Post Evacuate Collection Set: 1.4ms
[2026-01-16T09:47:10.231+0000][gc,phases   ] GC(1009)   Other: 1.5ms
[2026-01-16T09:47:10.232+0000][gc,heap     ] GC(1009) Eden regions: 49->0(48)
[2026-01-16T09:47:10.232+0000][gc,heap     ] GC(1009) Survivor regions: 2->3(7)
[2026-01-16T09:47:10.232+0000][gc,heap     ] GC(1009) Old regions: 232->232
[2026-01-16T09:47:10.232+0000][gc,heap     ] GC(1009) Humongous regions: 132->132
[2026-01-16T09:47:10.233+0000][gc,metaspace] GC(1009) Metaspace: 13200K(13632K)->13200K(13632K) NonClass: 12079K(12288K)->12079K(12288K) Class: 1120K(1344K)->1120K(1344K)
[2026-01-16T09:47:10.233+0000][gc          ] GC(1009) Pause Young (Normal) (G1 Evacuation Pause) 414M->366M(1024M) 110.242ms
[2026-01-16T09:47:10.234+0000][gc,cpu      ] GC(1009) User=0.08s Sys=0.01s Real=0.11s
[2026-01-16T09:47:11.335+0000][gc,start    ] GC(1010) Pause Young (Normal) (G1 Evacuation Pause)
[2026-01-16T09:47:11.346+0000][gc,task     ] GC(1010) Using 8 workers of 8 for evacuation
[2026-01-16T09:47:11.464+0000][gc,phases   ] GC(1010)   Pre Evacuate Collection Set: 6.6ms
[2026-01-16T09:47:11.464+0000][gc,phases   ] GC(1010)   Merge Heap Roots: 0.3ms
[2026-01-16T09:47:11.465+0000][gc,phases   ] GC(1010)   Evacuate Collection Set: 90.7ms
[2026-01-16T09:47:11.465+0000][gc,phases   ] GC(1010)   Post Evacuate Collection Set: 10.1ms
[2026-01-16T09:47:11.465+0000][gc,phases   ] GC(1010)   Other: 10.6ms
[2026-01-16T09:47:11.465+0000][gc,heap     ] GC(1010) Eden regions: 48->0(52)
[2026-01-16T09:47:11.465+0000][gc,heap     ] GC(1010) Survivor regions: 3->2(7)
[2026-01-16T09:47:11.465+0000][gc,heap     ] GC(1010) Old regions: 232->232
[2026-01-16T09:47:11.465+0000][gc,heap     ] GC(1010) Humongous regions: 132->132
[2026-01-16T09:47:11.465+0000][gc,metaspace] GC(1010) Metaspace: 13200K(13632K)->13200K(13632K) NonClass: 12079K(12288K)->12079K(12288K) Class: 1120K(1344K)->1120K(1344K)
[2026-01-16T09:47:11.465+0000][gc          ] GC(1010) Pause Young (Normal) (G1 Evacuation Pause) 414M->365M(1024M) 130.342ms
[2026-01-16T09:47:11.465+0000][gc,cpu      ] GC(1010) User=0.03s Sys=0.00s Real=0.13s
[2026-01-16T09:47:15.698+0000][gc,start    ] GC(1011) Pause Young (Normal) (G1 Evacuation Pause)
[2026-01-16T09:47:15.702+0000][gc,task     ] GC(1011) Using 8 workers of 8 for evacuation
[2026-01-16T09:47:15.922+0000][gc,mmu      ] GC(1011) MMU target violated: 201.0ms (200.0ms/201.0ms)
[2026-01-16T09:47:15.923+0000][gc,phases   ] GC(1011)   Pre Evacuate Collection Set: 41.8ms
[2026-01-16T09:47:15.923+0000][gc,phases   ] GC(1011)   Merge Heap Roots: 4.6ms
[2026-01-16T09:47:15.923+0000][gc,phases   ] GC(1011)   Evacuate Collection Set: 166.4ms
[2026-01-16T09:47:15.923+0000][gc,phases   ] GC(1011)   Post Evacuate Collection Set: 5.2ms
[2026-01-16T09:47:15.923+0000][gc,phases   ] GC(1011)   Other: 3.2ms
[2026-01-16T09:47:15.923+0000][gc,heap     ] GC(1011) Eden regions: 59->0(120)
[2026-01-16T09:47:15.923+0000][gc,heap     ] GC(1011) Survivor regions: 2->1(8)
[2026-01-16T09:47:15.923+0000][gc,heap     ] GC(1011) Old regions: 232->232
[2026-01-16T09:47:15.923+0000][gc,heap     ] GC(1011) Humongous regions: 132->132
[2026-01-16T09:47:15.923+0000][gc,metaspace] GC(1011) Metaspace: 13200K(13632K)->13200K(13632K) NonClass: 12079K(12288K)->12079K(12288K) Class: 1120K(1344K)->1120K(1344K)
[2026-01-16T09:47:15.923+0000][gc          ] GC(1011) Pause Young (Normal) (G1 Evacuation Pause) 424M->364M(1024M) 225.257ms
[2026-01-16T09:47:15.925+0000][gc,cpu      ] GC(1011) User=0.11s Sys=0.01s Real=0.22s
[2026-01-16T09:47:25.665+0000][gc,start    ] GC(1012) Pause Young (Normal) (G1 Evacuation Pause)
[2026-01-16T09:47:25.666+0000][gc,task     ] GC(1012) Using 8 workers of 8 for evacuation
[2026-01-16T09:47:25.714+0000][gc,phases   ] GC(1012)   Pre Evacuate Collection Set: 13.1ms
[2026-01-16T09:47:25.714+0000][gc,phases   ] GC(1012)   Merge Heap Roots: 0.9ms
[2026-01-16T09:47:25.715+0000][gc,phases   ] GC(1012)   Evacuate Collection Set: 26.0ms
[2026-01-16T09:47:25.716+0000][gc,phases   ] GC(1012)   Post Evacuate Collection Set: 7.0ms
[2026-01-16T09:47:25.716+0000][gc,phases   ] GC(1012)   Other: 0.9ms
[2026-01-16T09:47:25.717+0000][gc,heap     ] GC(1012) Eden regions: 128->0(166)
[2026-01-16T09:47:25.717+0000][gc,heap     ] GC(1012) Survivor regions: 1->2(17)
[2026-01-16T09:47:25.717+0000][gc,heap     ] GC(1012) Old regions: 232->232
[2026-01-16T09:47:25.717+0000][gc,heap     ] GC(1012) Humongous regions: 132->132
[2026-01-16T09:47:25.718+0000][gc,metaspace] GC(1012) Metaspace: 13200K(13632K)->13200K(13632K) NonClass: 12079K(12288K)->12079K(12288K) Class: 1120K(1344K)->1120K(1344K)
[2026-01-16T09:47:25.718+0000][gc          ] GC(1012) Pause Young (Normal) (G1 Evacuation Pause) 492M->364M(1024M) 52.927ms
[2026-01-16T09:47:25.719+0000][gc,cpu      ] GC(1012) User=0.12s Sys=0.00s Real=0.06s
[2026-01-16T09:47:45.186+0000][gc,start    ] GC(1013) Pause Young (Normal) (G1 Evacuation Pause)
[2026-01-16T09:47:45.191+0000][gc,task     ] GC(1013) Using 8 workers of 8 for evacuation
[2026-01-16T09:47:45.521+0000][gc,mmu      ] GC(1013) MMU target violated: 201.0ms (200.0ms/201.0ms)
[2026-01-16T09:47:45.527+0000][gc,phases   ] GC(1013)   Pre Evacuate Collection Set: 77.9ms
[2026-01-16T09:47:45.532+0000][gc,phases   ] GC(1013)   Merge Heap Roots: 7.4ms
[2026-01-16T09:47:45.533+0000][gc,phases   ] GC(1013)   Evacuate Collection Set: 214.6ms
[2026-01-16T09:47:45.534+0000][gc,phases   ] GC(1013)   Post Evacuate Collection Set: 25.8ms
[2026-01-16T09:47:45.535+0000][gc,phases   ] GC(1013)   Other: 12.6ms
[2026-01-16T09:47:45.538+0000][gc,heap     ] GC(1013) Eden regions: 175->0(200)
[2026-01-16T09:47:45.540+0000][gc,heap     ] GC(1013) Survivor regions: 2->1(23)
[2026-01-16T09:47:45.541+0000][gc,heap     ] GC(1013) Old regions: 232->232
[2026-01-16T09:47:45.543+0000][gc,heap     ] GC(1013) Humongous regions: 132->132
[2026-01-16T09:47:45.544+0000][gc,metaspace] GC(1013) Metaspace: 13200K(13632K)->13200K(13632K) NonClass: 12079K(12288K)->12079K(12288K) Class: 1120K(1344K)->1120K(1344K)
[2026-01-16T09:47:45.544+0000][gc          ] GC(1013) Pause Young (Normal) (G1 Evacuation Pause) 539M->364M(1024M) 359.197ms
[2026-01-16T09:47:45.545+0000][gc,cpu      ] GC(1013) User=0.21s Sys=0.03s Real=0.36s
[2026-01-16T09:47:58.309+0000][gc,start    ] GC(1014) Pause Young (Normal) (G1 Evacuation Pause)
[2026-01-16T09:47:58.311+0000][gc,task     ] GC(1014) Using 8 workers of 8 for evacuation
[2026-01-16T09:47:58.714+0000][gc,mmu      ] GC(1014) MMU target violated: 201.0ms (200.0ms/201.0ms)
[2026-01-16T09:47:58.716+0000][gc,phases   ] GC(1014)   Pre Evacuate Collection Set: 48.0ms
[2026-01-16T09:47:58.736+0000][gc,phases   ] GC(1014)   Merge Heap Roots: 16.9ms
[2026-01-16T09:47:58.752+0000][gc,phases   ] GC(1014)   Evacuate Collection Set: 218.9ms
[2026-01-16T09:47:58.753+0000][gc,phases   ] GC(1014)   Post Evacuate Collection Set: 116.5ms
[2026-01-16T09:47:58.753+0000][gc,phases   ] GC(1014)   Other: 5.0ms
[2026-01-16T09:47:58.754+0000][gc,heap     ] GC(1014) Eden regions: 150->0(50)
[2026-01-16T09:47:58.757+0000][gc,heap     ] GC(1014) Survivor regions: 1->1(19)
[2026-01-16T09:47:58.767+0000][gc,heap     ] GC(1014) Old regions: 232->232
[2026-01-16T09:47:58.772+0000][gc,heap     ] GC(1014) Humongous regions: 132->132
[2026-01-16T09:47:58.775+0000][gc,metaspace] GC(1014) Metaspace: 13200K(13632K)->13200K(13632K) NonClass: 12079K(12288K)->12079K(12288K) Class: 1120K(1344K)->1120K(1344K)
[2026-01-16T09:47:58.787+0000][gc          ] GC(1014) Pause Young (Normal) (G1 Evacuation Pause) 514M->364M(1024M) 478.306ms
[2026-01-16T09:47:58.788+0000][gc,cpu      ] GC(1014) User=0.15s Sys=0.03s Real=0.48s
[2026-01-16T09:48:02.078+0000][gc,start    ] GC(1015) Pause Young (Normal) (G1 Evacuation Pause)
[2026-01-16T09:48:02.090+0000][gc,task     ] GC(1015) Using 8 workers of 8 for evacuation
[2026-01-16T09:48:02.295+0000][gc,mmu      ] GC(1015) MMU target violated: 201.0ms (200.0ms/201.0ms)
[2026-01-16T09:48:02.298+0000][gc,phases   ] GC(1015)   Pre Evacuate Collection Set: 28.0ms
[2026-01-16T09:48:02.300+0000][gc,phases   ] GC(1015)   Merge Heap Roots: 8.7ms
[2026-01-16T09:48:02.301+0000][gc,phases   ] GC(1015)   Evacuate Collection Set: 154.0ms
[2026-01-16T09:48:02.302+0000][gc,phases   ] GC(1015)   Post Evacuate Collection Set: 9.9ms
[2026-01-16T09:48:02.303+0000][gc,phases   ] GC(1015)   Other: 7.2ms
[2026-01-16T09:48:02.303+0000][gc,heap     ] GC(1015) Eden regions: 50->0(49)
[2026-01-16T09:48:02.304+0000][gc,heap     ] GC(1015) Survivor regions: 1->2(7)
[2026-01-16T09:48:02.307+0000][gc,heap     ] GC(1015) Old regions: 232->232
[2026-01-16T09:48:02.314+0000][gc,heap     ] GC(1015) Humongous regions: 132->132
[2026-01-16T09:48:02.315+0000][gc,metaspace] GC(1015) Metaspace: 13200K(13632K)->13200K(13632K) NonClass: 12079K(12288K)->12079K(12288K) Class: 1120K(1344K)->1120K(1344K)
[2026-01-16T09:48:02.316+0000][gc          ] GC(1015) Pause Young (Normal) (G1 Evacuation Pause) 414M->365M(1024M) 238.437ms
[2026-01-16T09:48:02.317+0000][gc,cpu      ] GC(1015) User=0.16s Sys=0.00s Real=0.24s
[2026-01-16T09:48:06.856+0000][gc,start    ] GC(1016) Pause Young (Normal) (G1 Evacuation Pause)
[2026-01-16T09:48:06.856+0000][gc,task     ] GC(1016) Using 8 workers of 8 for evacuation
[2026-01-16T09:48:06.969+0000][gc,phases   ] GC(1016)   Pre Evacuate Collection Set: 17.6ms
[2026-01-16T09:48:06.970+0000][gc,phases   ] GC(1016)   Merge Heap Roots: 3.0ms
[2026-01-16T09:48:06.970+0000][gc,phases   ] GC(1016)   Evacuate Collection Set: 75.6ms
[2026-01-16T09:48:06.971+0000][gc,phases   ] GC(1016)   Post Evacuate Collection Set: 13.1ms
[2026-01-16T09:48:06.971+0000][gc,phases   ] GC(1016)   Other: 3.9ms
[2026-01-16T09:48:06.971+0000][gc,heap     ] GC(1016) Eden regions: 49->0(73)
[2026-01-16T09:48:06.971+0000][gc,heap     ] GC(1016) Survivor regions: 2->1(7)
[2026-01-16T09:48:06.971+0000][gc,heap     ] GC(1016) Old regions: 232->232
[2026-01-16T09:48:06.971+0000][gc,heap     ] GC(1016) Humongous regions: 132->132
[2026-01-16T09:48:06.971+0000][gc,metaspace] GC(1016) Metaspace: 13200K(13632K)->13200K(13632K) NonClass: 12079K(12288K)->12079K(12288K) Class: 1120K(1344K)->1120K(1344K)
[2026-01-16T09:48:06.972+0000][gc          ] GC(1016) Pause Young (Normal) (G1 Evacuation Pause) 414M->364M(1024M) 116.197ms
[2026-01-16T09:48:06.972+0000][gc,cpu      ] GC(1016) User=0.10s Sys=0.01s Real=0.12s
[2026-01-16T09:48:11.412+0000][gc,start    ] GC(1017) Pause Young (Normal) (G1 Evacuation Pause)
[2026-01-16T09:48:11.456+0000][gc,task     ] GC(1017) Using 8 workers of 8 for evacuation
[2026-01-16T09:48:11.859+0000][gc,mmu      ] GC(1017) MMU target violated: 201.0ms (200.0ms/201.0ms)
[2026-01-16T09:48:11.864+0000][gc,phases   ] GC(1017)   Pre Evacuate Collection Set: 37.2ms
[2026-01-16T09:48:11.865+0000][gc,phases   ] GC(1017)   Merge Heap Roots: 20.8ms
[2026-01-16T09:48:11.871+0000][gc,phases   ] GC(1017)   Evacuate Collection Set: 298.1ms
[2026-01-16T09:48:11.875+0000][gc,phases   ] GC(1017)   Post Evacuate Collection Set: 21.8ms
[2026-01-16T09:48:11.876+0000][gc,phases   ] GC(1017)   Other: 48.9ms
[2026-01-16T09:48:11.878+0000][gc,heap     ] GC(1017) Eden regions: 72->0(49)
[2026-01-16T09:48:11.886+0000][gc,heap     ] GC(1017) Survivor regions: 1->2(10)
[2026-01-16T09:48:11.890+0000][gc,heap     ] GC(1017) Old regions: 232->232
[2026-01-16T09:48:11.891+0000][gc,heap     ] GC(1017) Humongous regions: 132->132
[2026-01-16T09:48:11.893+0000][gc,metaspace] GC(1017) Metaspace: 13200K(13632K)->13200K(13632K) NonClass: 12079K(12288K)->12079K(12288K) Class: 1120K(1344K)->1120K(1344K)
[2026-01-16T09:48:11.905+0000][gc          ] GC(1017) Pause Young (Normal) (G1 Evacuation Pause) 436M->365M(1024M) 492.540ms
[2026-01-16T09:48:11.907+0000][gc,cpu      ] GC(1017) User=0.22s Sys=0.03s Real=0.50s
[2026-01-16T09:48:16.289+0000][gc,start    ] GC(1018) Pause Young (Normal) (G1 Evacuation Pause)
[2026-01-16T09:48:16.296+0000][gc,task     ] GC(1018) Using 8 workers of 8 for evacuation
[2026-01-16T09:48:16.461+0000][gc,phases   ] GC(1018)   Pre Evacuate Collection Set: 44.9ms
[2026-01-16T09:48:16.462+0000][gc,phases   ] GC(1018)   Merge Heap Roots: 3.1ms
[2026-01-16T09:48:16.462+0000][gc,phases   ] GC(1018)   Evacuate Collection Set: 102.9ms
[2026-01-16T09:48:16.463+0000][gc,phases   ] GC(1018)   Post Evacuate Collection Set: 7.9ms
[2026-01-16T09:48:16.463+0000][gc,phases   ] GC(1018)   Other: 7.5ms
[2026-01-16T09:48:16.463+0000][gc,heap     ] GC(1018) Eden regions: 49->0(62)
[2026-01-16T09:48:16.463+0000][gc,heap     ] GC(1018) Survivor regions: 2->1(7)
[2026-01-16T09:48:16.464+0000][gc,heap     ] GC(1018) Old regions: 232->232
[2026-01-16T09:48:16.464+0000][gc,heap     ] GC(1018) Humongous regions: 132->132
[2026-01-16T09:48:16.464+0000][gc,metaspace] GC(1018) Metaspace: 13200K(13632K)->13200K(13632K) NonClass: 12079K(12288K)->12079K(12288K) Class: 1120K(1344K)->1120K(1344K)
[2026-01-16T09:48:16.464+0000][gc          ] GC(1018) Pause Young (Normal) (G1 Evacuation Pause) 414M->364M(1024M) 175.808ms
[2026-01-16T09:48:16.465+0000][gc,cpu      ] GC(1018) User=0.08s Sys=0.00s Real=0.17s
[2026-01-16T09:48:17.607+0000][gc,start    ] GC(1019) Pause Young (Normal) (G1 Evacuation Pause)
[2026-01-16T09:48:17.608+0000][gc,task     ] GC(1019) Using 8 workers of 8 for evacuation
[2026-01-16T09:48:17.654+0000][gc,phases   ] GC(1019)   Pre Evacuate Collection Set: 7.9ms
[2026-01-16T09:48:17.655+0000][gc,phases   ] GC(1019)   Merge Heap Roots: 0.3ms
[2026-01-16T09:48:17.655+0000][gc,phases   ] GC(1019)   Evacuate Collection Set: 35.1ms
[2026-01-16T09:48:17.656+0000][gc,phases   ] GC(1019)   Post Evacuate Collection Set: 2.2ms
[2026-01-16T09:48:17.657+0000][gc,phases   ] GC(1019)   Other: 0.8ms
[2026-01-16T09:48:17.657+0000][gc,heap     ] GC(1019) Eden regions: 66->0(78)
[2026-01-16T09:48:17.658+0000][gc,heap     ] GC(1019) Survivor regions: 1->2(9)
[2026-01-16T09:48:17.660+0000][gc,heap     ] GC(1019) Old regions: 232->232
[2026-01-16T09:48:17.662+0000][gc,heap     ] GC(1019) Humongous regions: 132->132
[2026-01-16T09:48:17.664+0000][gc,metaspace] GC(1019) Metaspace: 13200K(13632K)->13200K(13632K) NonClass: 12079K(12288K)->12079K(12288K) Class: 1120K(1344K)->1120K(1344K)
[2026-01-16T09:48:17.664+0000][gc          ] GC(1019) Pause Young (Normal) (G1 Evacuation Pause) 430M->365M(1024M) 56.920ms
[2026-01-16T09:48:17.664+0000][gc,cpu      ] GC(1019) User=0.04s Sys=0.01s Real=0.05s
[2026-01-16T09:48:26.856+0000][gc,start    ] GC(1020) Pause Young (Normal) (G1 Evacuation Pause)
[2026-01-16T09:48:26.859+0000][gc,task     ] GC(1020) Using 8 workers of 8 for evacuation
[2026-01-16T09:48:26.937+0000][gc,phases   ] GC(1020)   Pre Evacuate Collection Set: 21.3ms
[2026-01-16T09:48:26.938+0000][gc,phases   ] GC(1020)   Merge Heap Roots: 5.3ms
[2026-01-16T09:48:26.938+0000][gc,phases   ] GC(1020)   Evacuate Collection Set: 43.0ms
[2026-01-16T09:48:26.939+0000][gc,phases   ] GC(1020)   Post Evacuate Collection Set: 4.5ms
[2026-01-16T09:48:26.939+0000][gc,phases   ] GC(1020)   Other: 4.6ms
[2026-01-16T09:48:26.939+0000][gc,heap     ] GC(1020) Eden regions: 83->0(151)
[2026-01-16T09:48:26.940+0000][gc,heap     ] GC(1020) Survivor regions: 2->2(11)
[2026-01-16T09:48:26.940+0000][gc,heap     ] GC(1020) Old regions: 232->232
[2026-01-16T09:48:26.941+0000][gc,heap     ] GC(1020) Humongous regions: 132->132
[2026-01-16T09:48:26.942+0000][gc,metaspace] GC(1020) Metaspace: 13200K(13632K)->13200K(13632K) NonClass: 12079K(12288K)->12079K(12288K) Class: 1120K(1344K)->1120K(1344K)
[2026-01-16T09:48:26.942+0000][gc          ] GC(1020) Pause Young (Normal) (G1 Evacuation Pause) 448M->364M(1024M) 85.802ms
[2026-01-16T09:48:26.945+0000][gc,cpu      ] GC(1020) User=0.13s Sys=0.01s Real=0.09s
[2026-01-16T09:48:44.797+0000][gc,start    ] GC(1021) Pause Young (Normal) (G1 Evacuation Pause)
[2026-01-16T09:48:44.803+0000][gc,task     ] GC(1021) Using 8 workers of 8 for evacuation
[2026-01-16T09:48:45.003+0000][gc,phases   ] GC(1021)   Pre Evacuate Collection Set: 63.4ms
[2026-01-16T09:48:45.003+0000][gc,phases   ] GC(1021)   Merge Heap Roots: 12.7ms
[2026-01-16T09:48:45.003+0000][gc,phases   ] GC(1021)   Evacuate Collection Set: 107.5ms
[2026-01-16T09:48:45.003+0000][gc,phases   ] GC(1021)   Post Evacuate Collection Set: 15.6ms
[2026-01-16T09:48:45.004+0000][gc,phases   ] GC(1021)   Other: 1.2ms
[2026-01-16T09:48:45.004+0000][gc,heap     ] GC(1021) Eden regions: 159->0(272)
[2026-01-16T09:48:45.004+0000][gc,heap     ] GC(1021) Survivor regions: 2->1(21)
[2026-01-16T09:48:45.005+0000][gc,heap     ] GC(1021) Old regions: 232->232
[2026-01-16T09:48:45.005+0000][gc,heap     ] GC(1021) Humongous regions: 132->132
[2026-01-16T09:48:45.006+0000][gc,metaspace] GC(1021) Metaspace: 13200K(13632K)->13200K(13632K) NonClass: 12079K(12288K)->12079K(12288K) Class: 1120K(1344K)->1120K(1344K)
[2026-01-16T09:48:45.006+0000][gc          ] GC(1021) Pause Young (Normal) (G1 Evacuation Pause) 523M->364M(1024M) 209.171ms
[2026-01-16T09:48:45.007+0000][gc,cpu      ] GC(1021) User=0.16s Sys=0.02s Real=0.21s
[2026-01-16T09:49:04.346+0000][gc,start    ] GC(1022) Pause Young (Normal) (G1 Evacuation Pause)
[2026-01-16T09:49:04.355+0000][gc,task     ] GC(1022) Using 8 workers of 8 for evacuation
[2026-01-16T09:49:04.507+0000][gc,phases   ] GC(1022)   Pre Evacuate Collection Set: 29.1ms
[2026-01-16T09:49:04.513+0000][gc,phases   ] GC(1022)   Merge Heap Roots: 2.8ms
[2026-01-16T09:49:04.514+0000][gc,phases   ] GC(1022)   Evacuate Collection Set: 104.1ms
[2026-01-16T09:49:04.514+0000][gc,phases   ] GC(1022)   Post Evacuate Collection Set: 12.9ms
[2026-01-16T09:49:04.515+0000][gc,phases   ] GC(1022)   Other: 4.7ms
[2026-01-16T09:49:04.515+0000][gc,heap     ] GC(1022) Eden regions: 218->0(272)
[2026-01-16T09:49:04.515+0000][gc,heap     ] GC(1022) Survivor regions: 1->1(28)
[2026-01-16T09:49:04.515+0000][gc,heap     ] GC(1022) Old regions: 232->232
[2026-01-16T09:49:04.515+0000][gc,heap     ] GC(1022) Humongous regions: 132->132
[2026-01-16T09:49:04.515+0000][gc,metaspace] GC(1022) Metaspace: 13200K(13632K)->13200K(13632K) NonClass: 12079K(12288K)->12079K(12288K) Class: 1120K(1344K)->1120K(1344K)
[2026-01-16T09:49:04.515+0000][gc          ] GC(1022) Pause Young (Normal) (G1 Evacuation Pause) 582M->364M(1024M) 169.869ms
[2026-01-16T09:49:04.516+0000][gc,cpu      ] GC(1022) User=0.10s Sys=0.05s Real=0.17s
[2026-01-16T09:49:24.845+0000][gc,start    ] GC(1023) Pause Young (Normal) (G1 Evacuation Pause)
[2026-01-16T09:49:24.849+0000][gc,task     ] GC(1023) Using 8 workers of 8 for evacuation
[2026-01-16T09:49:24.932+0000][gc,phases   ] GC(1023)   Pre Evacuate Collection Set: 24.1ms
[2026-01-16T09:49:24.933+0000][gc,phases   ] GC(1023)   Merge Heap Roots: 1.6ms
[2026-01-16T09:49:24.933+0000][gc,phases   ] GC(1023)   Evacuate Collection Set: 41.8ms
[2026-01-16T09:49:24.934+0000][gc,phases   ] GC(1023)   Post Evacuate Collection Set: 13.7ms
[2026-01-16T09:49:24.934+0000][gc,phases   ] GC(1023)   Other: 1.6ms
[2026-01-16T09:49:24.934+0000][gc,heap     ] GC(1023) Eden regions: 234->0(451)
[2026-01-16T09:49:24.935+0000][gc,heap     ] GC(1023) Survivor regions: 1->1(30)
[2026-01-16T09:49:24.936+0000][gc,heap     ] GC(1023) Old regions: 232->232
[2026-01-16T09:49:24.936+0000][gc,heap     ] GC(1023) Humongous regions: 132->132
[2026-01-16T09:49:24.936+0000][gc,metaspace] GC(1023) Metaspace: 13200K(13632K)->13200K(13632K) NonClass: 12079K(12288K)->12079K(12288K) Class: 1120K(1344K)->1120K(1344K)
[2026-01-16T09:49:24.937+0000][gc          ] GC(1023) Pause Young (Normal) (G1 Evacuation Pause) 598M->364M(1024M) 91.931ms
[2026-01-16T09:49:24.938+0000][gc,cpu      ] GC(1023) User=0.12s Sys=0.01s Real=0.09s
[2026-01-16T09:50:09.130+0000][gc,start    ] GC(1024) Pause Young (Normal) (G1 Evacuation Pause)
[2026-01-16T09:50:09.170+0000][gc,task     ] GC(1024) Using 8 workers of 8 for evacuation
[2026-01-16T09:50:10.086+0000][gc,mmu      ] GC(1024) MMU target violated: 201.0ms (200.0ms/201.0ms)
[2026-01-16T09:50:10.087+0000][gc,phases   ] GC(1024)   Pre Evacuate Collection Set: 206.6ms
[2026-01-16T09:50:10.087+0000][gc,phases   ] GC(1024)   Merge Heap Roots: 5.4ms
[2026-01-16T09:50:10.088+0000][gc,phases   ] GC(1024)   Evacuate Collection Set: 590.6ms
[2026-01-16T09:50:10.088+0000][gc,phases   ] GC(1024)   Post Evacuate Collection Set: 106.1ms
[2026-01-16T09:50:10.089+0000][gc,phases   ] GC(1024)   Other: 44.5ms
[2026-01-16T09:50:10.090+0000][gc,heap     ] GC(1024) Eden regions: 400->0(49)
[2026-01-16T09:50:10.090+0000][gc,heap     ] GC(1024) Survivor regions: 1->2(51)
[2026-01-16T09:50:10.090+0000][gc,heap     ] GC(1024) Old regions: 232->232
[2026-01-16T09:50:10.090+0000][gc,heap     ] GC(1024) Humongous regions: 132->132
[2026-01-16T09:50:10.090+0000][gc,metaspace] GC(1024) Metaspace: 13202K(13632K)->13202K(13632K) NonClass: 12081K(12288K)->12081K(12288K) Class: 1120K(1344K)->1120K(1344K)
[2026-01-16T09:50:10.091+0000][gc          ] GC(1024) Pause Young (Normal) (G1 Evacuation Pause) 764M->365M(1024M) 960.661ms
[2026-01-16T09:50:10.091+0000][gc,cpu      ] GC(1024) User=0.60s Sys=0.10s Real=0.96s
[2026-01-16T09:50:13.422+0000][gc,start    ] GC(1025) Pause Young (Normal) (G1 Evacuation Pause)
[2026-01-16T09:50:13.424+0000][gc,task     ] GC(1025) Using 8 workers of 8 for evacuation
[2026-01-16T09:50:13.870+0000][gc,mmu      ] GC(1025) MMU target violated: 201.0ms (200.0ms/201.0ms)
[2026-01-16T09:50:13.872+0000][gc,phases   ] GC(1025)   Pre Evacuate Collection Set: 41.9ms
[2026-01-16T09:50:13.873+0000][gc,phases   ] GC(1025)   Merge Heap Roots: 0.5ms
[2026-01-16T09:50:13.875+0000][gc,phases   ] GC(1025)   Evacuate Collection Set: 363.6ms
[2026-01-16T09:50:13.876+0000][gc,phases   ] GC(1025)   Post Evacuate Collection Set: 38.9ms
[2026-01-16T09:50:13.877+0000][gc,phases   ] GC(1025)   Other: 3.3ms
[2026-01-16T09:50:13.877+0000][gc,heap     ] GC(1025) Eden regions: 49->0(49)
[2026-01-16T09:50:13.879+0000][gc,heap     ] GC(1025) Survivor regions: 2->2(7)
[2026-01-16T09:50:13.879+0000][gc,heap     ] GC(1025) Old regions: 232->232
[2026-01-16T09:50:13.881+0000][gc,heap     ] GC(1025) Humongous regions: 132->132
[2026-01-16T09:50:13.881+0000][gc,metaspace] GC(1025) Metaspace: 13202K(13632K)->13202K(13632K) NonClass: 12081K(12288K)->12081K(12288K) Class: 1120K(1344K)->1120K(1344K)
[2026-01-16T09:50:13.882+0000][gc          ] GC(1025) Pause Young (Normal) (G1 Evacuation Pause) 414M->365M(1024M) 460.354ms
[2026-01-16T09:50:13.883+0000][gc,cpu      ] GC(1025) User=0.28s Sys=0.02s Real=0.46s
[2026-01-16T09:50:16.039+0000][gc,start    ] GC(1026) Pause Young (Normal) (G1 Evacuation Pause)
[2026-01-16T09:50:16.049+0000][gc,task     ] GC(1026) Using 8 workers of 8 for evacuation
[2026-01-16T09:50:16.746+0000][gc,mmu      ] GC(1026) MMU target violated: 201.0ms (200.0ms/201.0ms)
[2026-01-16T09:50:16.746+0000][gc,phases   ] GC(1026)   Pre Evacuate Collection Set: 69.1ms
[2026-01-16T09:50:16.746+0000][gc,phases   ] GC(1026)   Merge Heap Roots: 11.9ms
[2026-01-16T09:50:16.746+0000][gc,phases   ] GC(1026)   Evacuate Collection Set: 575.8ms
[2026-01-16T09:50:16.746+0000][gc,phases   ] GC(1026)   Post Evacuate Collection Set: 20.4ms
[2026-01-16T09:50:16.746+0000][gc,phases   ] GC(1026)   Other: 20.1ms
[2026-01-16T09:50:16.746+0000][gc,heap     ] GC(1026) Eden regions: 49->0(48)
[2026-01-16T09:50:16.746+0000][gc,heap     ] GC(1026) Survivor regions: 2->3(7)
[2026-01-16T09:50:16.747+0000][gc,heap     ] GC(1026) Old regions: 232->232
[2026-01-16T09:50:16.753+0000][gc,heap     ] GC(1026) Humongous regions: 132->132
[2026-01-16T09:50:16.754+0000][gc,metaspace] GC(1026) Metaspace: 13202K(13632K)->13202K(13632K) NonClass: 12081K(12288K)->12081K(12288K) Class: 1120K(1344K)->1120K(1344K)
[2026-01-16T09:50:16.756+0000][gc          ] GC(1026) Pause Young (Normal) (G1 Evacuation Pause) 414M->366M(1024M) 716.549ms
[2026-01-16T09:50:16.756+0000][gc,cpu      ] GC(1026) User=0.32s Sys=0.04s Real=0.72s
[2026-01-16T09:50:19.023+0000][gc,start    ] GC(1027) Pause Young (Normal) (G1 Evacuation Pause)
[2026-01-16T09:50:19.025+0000][gc,task     ] GC(1027) Using 8 workers of 8 for evacuation
[2026-01-16T09:50:19.470+0000][gc,mmu      ] GC(1027) MMU target violated: 201.0ms (200.0ms/201.0ms)
[2026-01-16T09:50:19.475+0000][gc,phases   ] GC(1027)   Pre Evacuate Collection Set: 56.5ms
[2026-01-16T09:50:19.476+0000][gc,phases   ] GC(1027)   Merge Heap Roots: 4.8ms
[2026-01-16T09:50:19.479+0000][gc,phases   ] GC(1027)   Evacuate Collection Set: 376.3ms
[2026-01-16T09:50:19.481+0000][gc,phases   ] GC(1027)   Post Evacuate Collection Set: 6.2ms
[2026-01-16T09:50:19.482+0000][gc,phases   ] GC(1027)   Other: 5.6ms
[2026-01-16T09:50:19.483+0000][gc,heap     ] GC(1027) Eden regions: 48->0(47)
[2026-01-16T09:50:19.484+0000][gc,heap     ] GC(1027) Survivor regions: 3->4(7)
[2026-01-16T09:50:19.484+0000][gc,heap     ] GC(1027) Old regions: 232->232
[2026-01-16T09:50:19.484+0000][gc,heap     ] GC(1027) Humongous regions: 132->132
[2026-01-16T09:50:19.485+0000][gc,metaspace] GC(1027) Metaspace: 13202K(13632K)->13202K(13632K) NonClass: 12081K(12288K)->12081K(12288K) Class: 1120K(1344K)->1120K(1344K)
[2026-01-16T09:50:19.486+0000][gc          ] GC(1027) Pause Young (Normal) (G1 Evacuation Pause) 414M->366M(1024M) 463.245ms
[2026-01-16T09:50:19.487+0000][gc,cpu      ] GC(1027) User=0.27s Sys=0.01s Real=0.46s
[2026-01-16T09:50:21.259+0000][gc,start    ] GC(1028) Pause Young (Normal) (G1 Evacuation Pause)
[2026-01-16T09:50:21.297+0000][gc,task     ] GC(1028) Using 8 workers of 8 for evacuation
[2026-01-16T09:50:21.629+0000][gc,mmu      ] GC(1028) MMU target violated: 201.0ms (200.0ms/201.0ms)
[2026-01-16T09:50:21.632+0000][gc,phases   ] GC(1028)   Pre Evacuate Collection Set: 34.8ms
[2026-01-16T09:50:21.637+0000][gc,phases   ] GC(1028)   Merge Heap Roots: 3.0ms
[2026-01-16T09:50:21.637+0000][gc,phases   ] GC(1028)   Evacuate Collection Set: 214.2ms
[2026-01-16T09:50:21.640+0000][gc,phases   ] GC(1028)   Post Evacuate Collection Set: 65.2ms
[2026-01-16T09:50:21.640+0000][gc,phases   ] GC(1028)   Other: 18.0ms
[2026-01-16T09:50:21.641+0000][gc,heap     ] GC(1028) Eden regions: 47->0(48)
[2026-01-16T09:50:21.641+0000][gc,heap     ] GC(1028) Survivor regions: 4->3(7)
[2026-01-16T09:50:21.641+0000][gc,heap     ] GC(1028) Old regions: 232->232
[2026-01-16T09:50:21.641+0000][gc,heap     ] GC(1028) Humongous regions: 132->132
[2026-01-16T09:50:21.642+0000][gc,metaspace] GC(1028) Metaspace: 13202K(13632K)->13202K(13632K) NonClass: 12081K(12288K)->12081K(12288K) Class: 1120K(1344K)->1120K(1344K)
[2026-01-16T09:50:21.642+0000][gc          ] GC(1028) Pause Young (Normal) (G1 Evacuation Pause) 413M->366M(1024M) 383.484ms
[2026-01-16T09:50:21.643+0000][gc,cpu      ] GC(1028) User=0.15s Sys=0.00s Real=0.39s
[2026-01-16T09:50:22.415+0000][gc,start    ] GC(1029) Pause Young (Normal) (G1 Evacuation Pause)
[2026-01-16T09:50:22.415+0000][gc,task     ] GC(1029) Using 8 workers of 8 for evacuation
[2026-01-16T09:50:22.494+0000][gc,phases   ] GC(1029)   Pre Evacuate Collection Set: 5.9ms
[2026-01-16T09:50:22.495+0000][gc,phases   ] GC(1029)   Merge Heap Roots: 0.2ms
[2026-01-16T09:50:22.502+0000][gc,phases   ] GC(1029)   Evacuate Collection Set: 70.7ms
[2026-01-16T09:50:22.510+0000][gc,phases   ] GC(1029)   Post Evacuate Collection Set: 0.5ms
[2026-01-16T09:50:22.525+0000][gc,phases   ] GC(1029)   Other: 1.1ms
[2026-01-16T09:50:22.525+0000][gc,heap     ] GC(1029) Eden regions: 48->0(49)
[2026-01-16T09:50:22.528+0000][gc,heap     ] GC(1029) Survivor regions: 3->2(7)
[2026-01-16T09:50:22.529+0000][gc,heap     ] GC(1029) Old regions: 232->232
[2026-01-16T09:50:22.531+0000][gc,heap     ] GC(1029) Humongous regions: 132->132
[2026-01-16T09:50:22.533+0000][gc,metaspace] GC(1029) Metaspace: 13204K(13632K)->13204K(13632K) NonClass: 12084K(12288K)->12084K(12288K) Class: 1120K(1344K)->1120K(1344K)
[2026-01-16T09:50:22.534+0000][gc          ] GC(1029) Pause Young (Normal) (G1 Evacuation Pause) 414M->365M(1024M) 119.405ms
[2026-01-16T09:50:22.535+0000][gc,cpu      ] GC(1029) User=0.03s Sys=0.00s Real=0.12s
[2026-01-16T09:50:25.384+0000][gc,start    ] GC(1030) Pause Young (Normal) (G1 Evacuation Pause)
[2026-01-16T09:50:25.390+0000][gc,task     ] GC(1030) Using 8 workers of 8 for evacuation
[2026-01-16T09:50:25.554+0000][gc,phases   ] GC(1030)   Pre Evacuate Collection Set: 24.8ms
[2026-01-16T09:50:25.556+0000][gc,phases   ] GC(1030)   Merge Heap Roots: 1.2ms
[2026-01-16T09:50:25.558+0000][gc,phases   ] GC(1030)   Evacuate Collection Set: 113.6ms
[2026-01-16T09:50:25.560+0000][gc,phases   ] GC(1030)   Post Evacuate Collection Set: 19.1ms
[2026-01-16T09:50:25.561+0000][gc,phases   ] GC(1030)   Other: 4.4ms
[2026-01-16T09:50:25.561+0000][gc,heap     ] GC(1030) Eden regions: 49->0(51)
[2026-01-16T09:50:25.562+0000][gc,heap     ] GC(1030) Survivor regions: 2->1(7)
[2026-01-16T09:50:25.562+0000][gc,heap     ] GC(1030) Old regions: 232->232
[2026-01-16T09:50:25.563+0000][gc,heap     ] GC(1030) Humongous regions: 132->132
[2026-01-16T09:50:25.564+0000][gc,metaspace] GC(1030) Metaspace: 13204K(13632K)->13204K(13632K) NonClass: 12084K(12288K)->12084K(12288K) Class: 1120K(1344K)->1120K(1344K)
[2026-01-16T09:50:25.564+0000][gc          ] GC(1030) Pause Young (Normal) (G1 Evacuation Pause) 414M->364M(1024M) 180.406ms
[2026-01-16T09:50:25.565+0000][gc,cpu      ] GC(1030) User=0.13s Sys=0.01s Real=0.18s
[2026-01-16T09:50:27.614+0000][gc,start    ] GC(1031) Pause Young (Normal) (G1 Evacuation Pause)
[2026-01-16T09:50:27.616+0000][gc,task     ] GC(1031) Using 8 workers of 8 for evacuation
[2026-01-16T09:50:27.759+0000][gc,phases   ] GC(1031)   Pre Evacuate Collection Set: 16.4ms
[2026-01-16T09:50:27.760+0000][gc,phases   ] GC(1031)   Merge Heap Roots: 1.5ms
[2026-01-16T09:50:27.760+0000][gc,phases   ] GC(1031)   Evacuate Collection Set: 113.5ms
[2026-01-16T09:50:27.761+0000][gc,phases   ] GC(1031)   Post Evacuate Collection Set: 11.7ms
[2026-01-16T09:50:27.761+0000][gc,phases   ] GC(1031)   Other: 0.8ms
[2026-01-16T09:50:27.761+0000][gc,heap     ] GC(1031) Eden regions: 51->0(49)
[2026-01-16T09:50:27.761+0000][gc,heap     ] GC(1031) Survivor regions: 1->2(7)
[2026-01-16T09:50:27.761+0000][gc,heap     ] GC(1031) Old regions: 232->232
[2026-01-16T09:50:27.761+0000][gc,heap     ] GC(1031) Humongous regions: 132->132
[2026-01-16T09:50:27.761+0000][gc,metaspace] GC(1031) Metaspace: 13204K(13632K)->13204K(13632K) NonClass: 12084K(12288K)->12084K(12288K) Class: 1120K(1344K)->1120K(1344K)
[2026-01-16T09:50:27.761+0000][gc          ] GC(1031) Pause Young (Normal) (G1 Evacuation Pause) 415M->365M(1024M) 147.544ms
[2026-01-16T09:50:27.761+0000][gc,cpu      ] GC(1031) User=0.09s Sys=0.00s Real=0.15s
[2026-01-16T09:50:34.978+0000][gc,start    ] GC(1032) Pause Young (Normal) (G1 Evacuation Pause)
[2026-01-16T09:50:34.983+0000][gc,task     ] GC(1032) Using 8 workers of 8 for evacuation
[2026-01-16T09:50:35.082+0000][gc,phases   ] GC(1032)   Pre Evacuate Collection Set: 17.3ms
[2026-01-16T09:50:35.083+0000][gc,phases   ] GC(1032)   Merge Heap Roots: 4.0ms
[2026-01-16T09:50:35.083+0000][gc,phases   ] GC(1032)   Evacuate Collection Set: 71.0ms
[2026-01-16T09:50:35.084+0000][gc,phases   ] GC(1032)   Post Evacuate Collection Set: 5.7ms
[2026-01-16T09:50:35.084+0000][gc,phases   ] GC(1032)   Other: 1.5ms
[2026-01-16T09:50:35.084+0000][gc,heap     ] GC(1032) Eden regions: 49->0(118)
[2026-01-16T09:50:35.084+0000][gc,heap     ] GC(1032) Survivor regions: 2->1(7)
[2026-01-16T09:50:35.084+0000][gc,heap     ] GC(1032) Old regions: 232->232
[2026-01-16T09:50:35.085+0000][gc,heap     ] GC(1032) Humongous regions: 132->132
[2026-01-16T09:50:35.085+0000][gc,metaspace] GC(1032) Metaspace: 13204K(13632K)->13204K(13632K) NonClass: 12084K(12288K)->12084K(12288K) Class: 1120K(1344K)->1120K(1344K)
[2026-01-16T09:50:35.085+0000][gc          ] GC(1032) Pause Young (Normal) (G1 Evacuation Pause) 414M->364M(1024M) 107.022ms
[2026-01-16T09:50:35.086+0000][gc,cpu      ] GC(1032) User=0.09s Sys=0.01s Real=0.11s
[2026-01-16T09:50:44.219+0000][gc,start    ] GC(1033) Pause Young (Normal) (G1 Evacuation Pause)
[2026-01-16T09:50:44.224+0000][gc,task     ] GC(1033) Using 8 workers of 8 for evacuation
[2026-01-16T09:50:44.295+0000][gc,phases   ] GC(1033)   Pre Evacuate Collection Set: 21.0ms
[2026-01-16T09:50:44.296+0000][gc,phases   ] GC(1033)   Merge Heap Roots: 0.6ms
[2026-01-16T09:50:44.297+0000][gc,phases   ] GC(1033)   Evacuate Collection Set: 39.0ms
[2026-01-16T09:50:44.298+0000][gc,phases   ] GC(1033)   Post Evacuate Collection Set: 7.0ms
[2026-01-16T09:50:44.298+0000][gc,phases   ] GC(1033)   Other: 5.3ms
[2026-01-16T09:50:44.298+0000][gc,heap     ] GC(1033) Eden regions: 103->0(177)
[2026-01-16T09:50:44.298+0000][gc,heap     ] GC(1033) Survivor regions: 1->1(13)
[2026-01-16T09:50:44.298+0000][gc,heap     ] GC(1033) Old regions: 232->232
[2026-01-16T09:50:44.299+0000][gc,heap     ] GC(1033) Humongous regions: 132->132
[2026-01-16T09:50:44.299+0000][gc,metaspace] GC(1033) Metaspace: 13204K(13632K)->13204K(13632K) NonClass: 12084K(12288K)->12084K(12288K) Class: 1120K(1344K)->1120K(1344K)
[2026-01-16T09:50:44.299+0000][gc          ] GC(1033) Pause Young (Normal) (G1 Evacuation Pause) 467M->364M(1024M) 79.718ms
[2026-01-16T09:50:44.300+0000][gc,cpu      ] GC(1033) User=0.08s Sys=0.01s Real=0.08s
[2026-01-16T09:50:58.698+0000][gc,start    ] GC(1034) Pause Young (Normal) (G1 Evacuation Pause)
[2026-01-16T09:50:58.704+0000][gc,task     ] GC(1034) Using 8 workers of 8 for evacuation
[2026-01-16T09:50:58.951+0000][gc,mmu      ] GC(1034) MMU target violated: 201.0ms (200.0ms/201.0ms)
[2026-01-16T09:50:58.955+0000][gc,phases   ] GC(1034)   Pre Evacuate Collection Set: 79.7ms
[2026-01-16T09:50:58.955+0000][gc,phases   ] GC(1034)   Merge Heap Roots: 5.0ms
[2026-01-16T09:50:58.956+0000][gc,phases   ] GC(1034)   Evacuate Collection Set: 141.1ms
[2026-01-16T09:50:58.957+0000][gc,phases   ] GC(1034)   Post Evacuate Collection Set: 20.0ms
[2026-01-16T09:50:58.959+0000][gc,phases   ] GC(1034)   Other: 8.4ms
[2026-01-16T09:50:58.962+0000][gc,heap     ] GC(1034) Eden regions: 164->0(123)
[2026-01-16T09:50:58.964+0000][gc,heap     ] GC(1034) Survivor regions: 1->1(21)
[2026-01-16T09:50:58.965+0000][gc,heap     ] GC(1034) Old regions: 232->232
[2026-01-16T09:50:58.965+0000][gc,heap     ] GC(1034) Humongous regions: 132->132
[2026-01-16T09:50:58.965+0000][gc,metaspace] GC(1034) Metaspace: 13204K(13632K)->13204K(13632K) NonClass: 12084K(12288K)->12084K(12288K) Class: 1120K(1344K)->1120K(1344K)
[2026-01-16T09:50:58.967+0000][gc          ] GC(1034) Pause Young (Normal) (G1 Evacuation Pause) 528M->364M(1024M) 268.316ms
[2026-01-16T09:50:58.968+0000][gc,cpu      ] GC(1034) User=0.23s Sys=0.02s Real=0.27s
[2026-01-16T09:51:06.171+0000][gc,start    ] GC(1035) Pause Young (Normal) (G1 Evacuation Pause)
[2026-01-16T09:51:06.178+0000][gc,task     ] GC(1035) Using 8 workers of 8 for evacuation
[2026-01-16T09:51:06.266+0000][gc,phases   ] GC(1035)   Pre Evacuate Collection Set: 23.0ms
[2026-01-16T09:51:06.273+0000][gc,phases   ] GC(1035)   Merge Heap Roots: 3.7ms
[2026-01-16T09:51:06.286+0000][gc,phases   ] GC(1035)   Evacuate Collection Set: 48.7ms
[2026-01-16T09:51:06.286+0000][gc,phases   ] GC(1035)   Post Evacuate Collection Set: 7.0ms
[2026-01-16T09:51:06.286+0000][gc,phases   ] GC(1035)   Other: 8.0ms
[2026-01-16T09:51:06.286+0000][gc,heap     ] GC(1035) Eden regions: 142->0(172)
[2026-01-16T09:51:06.287+0000][gc,heap     ] GC(1035) Survivor regions: 1->2(18)
[2026-01-16T09:51:06.287+0000][gc,heap     ] GC(1035) Old regions: 232->232
[2026-01-16T09:51:06.287+0000][gc,heap     ] GC(1035) Humongous regions: 132->132
[2026-01-16T09:51:06.287+0000][gc,metaspace] GC(1035) Metaspace: 13204K(13632K)->13204K(13632K) NonClass: 12084K(12288K)->12084K(12288K) Class: 1120K(1344K)->1120K(1344K)
[2026-01-16T09:51:06.287+0000][gc          ] GC(1035) Pause Young (Normal) (G1 Evacuation Pause) 506M->365M(1024M) 115.865ms
[2026-01-16T09:51:06.287+0000][gc,cpu      ] GC(1035) User=0.11s Sys=0.01s Real=0.12s
[2026-01-16T09:51:25.465+0000][gc,start    ] GC(1036) Pause Young (Normal) (G1 Evacuation Pause)
[2026-01-16T09:51:25.466+0000][gc,task     ] GC(1036) Using 8 workers of 8 for evacuation
[2026-01-16T09:51:25.590+0000][gc,phases   ] GC(1036)   Pre Evacuate Collection Set: 50.8ms
[2026-01-16T09:51:25.590+0000][gc,phases   ] GC(1036)   Merge Heap Roots: 6.9ms
[2026-01-16T09:51:25.590+0000][gc,phases   ] GC(1036)   Evacuate Collection Set: 56.4ms
[2026-01-16T09:51:25.591+0000][gc,phases   ] GC(1036)   Post Evacuate Collection Set: 8.3ms
[2026-01-16T09:51:25.593+0000][gc,phases   ] GC(1036)   Other: 1.4ms
[2026-01-16T09:51:25.594+0000][gc,heap     ] GC(1036) Eden regions: 181->0(292)
[2026-01-16T09:51:25.594+0000][gc,heap     ] GC(1036) Survivor regions: 2->1(23)
[2026-01-16T09:51:25.595+0000][gc,heap     ] GC(1036) Old regions: 232->232
[2026-01-16T09:51:25.595+0000][gc,heap     ] GC(1036) Humongous regions: 132->132
[2026-01-16T09:51:25.597+0000][gc,metaspace] GC(1036) Metaspace: 13204K(13632K)->13204K(13632K) NonClass: 12084K(12288K)->12084K(12288K) Class: 1120K(1344K)->1120K(1344K)
[2026-01-16T09:51:25.598+0000][gc          ] GC(1036) Pause Young (Normal) (G1 Evacuation Pause) 546M->364M(1024M) 133.394ms
[2026-01-16T09:51:25.599+0000][gc,cpu      ] GC(1036) User=0.13s Sys=0.02s Real=0.14s
[2026-01-16T09:51:50.337+0000][gc,start    ] GC(1037) Pause Young (Normal) (G1 Evacuation Pause)
[2026-01-16T09:51:50.340+0000][gc,task     ] GC(1037) Using 8 workers of 8 for evacuation
[2026-01-16T09:51:51.035+0000][gc,mmu      ] GC(1037) MMU target violated: 201.0ms (200.0ms/201.0ms)
[2026-01-16T09:51:51.035+0000][gc,phases   ] GC(1037)   Pre Evacuate Collection Set: 147.1ms
[2026-01-16T09:51:51.036+0000][gc,phases   ] GC(1037)   Merge Heap Roots: 39.3ms
[2026-01-16T09:51:51.036+0000][gc,phases   ] GC(1037)   Evacuate Collection Set: 483.1ms
[2026-01-16T09:51:51.036+0000][gc,phases   ] GC(1037)   Post Evacuate Collection Set: 14.2ms
[2026-01-16T09:51:51.036+0000][gc,phases   ] GC(1037)   Other: 12.1ms
[2026-01-16T09:51:51.036+0000][gc,heap     ] GC(1037) Eden regions: 294->0(49)
[2026-01-16T09:51:51.036+0000][gc,heap     ] GC(1037) Survivor regions: 1->2(37)
[2026-01-16T09:51:51.036+0000][gc,heap     ] GC(1037) Old regions: 232->233
[2026-01-16T09:51:51.036+0000][gc,heap     ] GC(1037) Humongous regions: 132->132
[2026-01-16T09:51:51.037+0000][gc,metaspace] GC(1037) Metaspace: 13204K(13632K)->13204K(13632K) NonClass: 12084K(12288K)->12084K(12288K) Class: 1120K(1344K)->1120K(1344K)
[2026-01-16T09:51:51.040+0000][gc          ] GC(1037) Pause Young (Normal) (G1 Evacuation Pause) 658M->365M(1024M) 728.391ms
[2026-01-16T09:51:51.040+0000][gc,cpu      ] GC(1037) User=0.43s Sys=0.02s Real=0.73s
[2026-01-16T09:51:56.494+0000][gc,start    ] GC(1038) Pause Young (Normal) (G1 Evacuation Pause)
[2026-01-16T09:51:56.502+0000][gc,task     ] GC(1038) Using 8 workers of 8 for evacuation
[2026-01-16T09:51:57.173+0000][gc,mmu      ] GC(1038) MMU target violated: 201.0ms (200.0ms/201.0ms)
[2026-01-16T09:51:57.210+0000][gc,phases   ] GC(1038)   Pre Evacuate Collection Set: 46.8ms
[2026-01-16T09:51:57.217+0000][gc,phases   ] GC(1038)   Merge Heap Roots: 5.4ms
[2026-01-16T09:51:57.220+0000][gc,phases   ] GC(1038)   Evacuate Collection Set: 555.0ms
[2026-01-16T09:51:57.220+0000][gc,phases   ] GC(1038)   Post Evacuate Collection Set: 62.7ms
[2026-01-16T09:51:57.220+0000][gc,phases   ] GC(1038)   Other: 38.2ms
[2026-01-16T09:51:57.221+0000][gc,heap     ] GC(1038) Eden regions: 49->0(50)
[2026-01-16T09:51:57.221+0000][gc,heap     ] GC(1038) Survivor regions: 2->1(7)
[2026-01-16T09:51:57.221+0000][gc,heap     ] GC(1038) Old regions: 233->233
[2026-01-16T09:51:57.221+0000][gc,heap     ] GC(1038) Humongous regions: 132->132
[2026-01-16T09:51:57.221+0000][gc,metaspace] GC(1038) Metaspace: 13204K(13632K)->13204K(13632K) NonClass: 12084K(12288K)->12084K(12288K) Class: 1120K(1344K)->1120K(1344K)
[2026-01-16T09:51:57.222+0000][gc          ] GC(1038) Pause Young (Normal) (G1 Evacuation Pause) 414M->364M(1024M) 728.330ms
[2026-01-16T09:51:57.222+0000][gc,cpu      ] GC(1038) User=0.21s Sys=0.03s Real=0.73s
[2026-01-16T09:51:58.899+0000][gc,start    ] GC(1039) Pause Young (Normal) (G1 Evacuation Pause)
[2026-01-16T09:51:58.903+0000][gc,task     ] GC(1039) Using 8 workers of 8 for evacuation
[2026-01-16T09:51:58.997+0000][gc,phases   ] GC(1039)   Pre Evacuate Collection Set: 3.1ms
[2026-01-16T09:51:58.997+0000][gc,phases   ] GC(1039)   Merge Heap Roots: 0.3ms
[2026-01-16T09:51:58.997+0000][gc,phases   ] GC(1039)   Evacuate Collection Set: 79.8ms
[2026-01-16T09:51:58.998+0000][gc,phases   ] GC(1039)   Post Evacuate Collection Set: 10.5ms
[2026-01-16T09:51:58.998+0000][gc,phases   ] GC(1039)   Other: 0.5ms
[2026-01-16T09:51:58.998+0000][gc,heap     ] GC(1039) Eden regions: 50->0(49)
[2026-01-16T09:51:58.999+0000][gc,heap     ] GC(1039) Survivor regions: 1->2(7)
[2026-01-16T09:51:58.999+0000][gc,heap     ] GC(1039) Old regions: 233->233
[2026-01-16T09:51:58.999+0000][gc,heap     ] GC(1039) Humongous regions: 132->132
[2026-01-16T09:51:59.000+0000][gc,metaspace] GC(1039) Metaspace: 13204K(13632K)->13204K(13632K) NonClass: 12084K(12288K)->12084K(12288K) Class: 1120K(1344K)->1120K(1344K)
[2026-01-16T09:51:59.000+0000][gc          ] GC(1039) Pause Young (Normal) (G1 Evacuation Pause) 414M->365M(1024M) 101.009ms
[2026-01-16T09:51:59.001+0000][gc,cpu      ] GC(1039) User=0.07s Sys=0.00s Real=0.10s
[2026-01-16T09:52:05.217+0000][gc,start    ] GC(1040) Pause Young (Normal) (G1 Evacuation Pause)
[2026-01-16T09:52:05.220+0000][gc,task     ] GC(1040) Using 8 workers of 8 for evacuation
[2026-01-16T09:52:05.314+0000][gc,phases   ] GC(1040)   Pre Evacuate Collection Set: 29.9ms
[2026-01-16T09:52:05.314+0000][gc,phases   ] GC(1040)   Merge Heap Roots: 0.8ms
[2026-01-16T09:52:05.315+0000][gc,phases   ] GC(1040)   Evacuate Collection Set: 54.1ms
[2026-01-16T09:52:05.315+0000][gc,phases   ] GC(1040)   Post Evacuate Collection Set: 7.7ms
[2026-01-16T09:52:05.315+0000][gc,phases   ] GC(1040)   Other: 2.9ms
[2026-01-16T09:52:05.316+0000][gc,heap     ] GC(1040) Eden regions: 49->0(50)
[2026-01-16T09:52:05.317+0000][gc,heap     ] GC(1040) Survivor regions: 2->1(7)
[2026-01-16T09:52:05.318+0000][gc,heap     ] GC(1040) Old regions: 233->233
[2026-01-16T09:52:05.319+0000][gc,heap     ] GC(1040) Humongous regions: 132->132
[2026-01-16T09:52:05.320+0000][gc,metaspace] GC(1040) Metaspace: 13204K(13632K)->13204K(13632K) NonClass: 12084K(12288K)->12084K(12288K) Class: 1120K(1344K)->1120K(1344K)
[2026-01-16T09:52:05.323+0000][gc          ] GC(1040) Pause Young (Normal) (G1 Evacuation Pause) 414M->364M(1024M) 106.152ms
[2026-01-16T09:52:05.328+0000][gc,cpu      ] GC(1040) User=0.10s Sys=0.01s Real=0.11s
[2026-01-16T09:52:06.161+0000][gc,start    ] GC(1041) Pause Young (Normal) (G1 Evacuation Pause)
[2026-01-16T09:52:06.162+0000][gc,task     ] GC(1041) Using 8 workers of 8 for evacuation
[2026-01-16T09:52:06.216+0000][gc,phases   ] GC(1041)   Pre Evacuate Collection Set: 6.8ms
[2026-01-16T09:52:06.220+0000][gc,phases   ] GC(1041)   Merge Heap Roots: 0.5ms
[2026-01-16T09:52:06.223+0000][gc,phases   ] GC(1041)   Evacuate Collection Set: 44.0ms
[2026-01-16T09:52:06.226+0000][gc,phases   ] GC(1041)   Post Evacuate Collection Set: 0.9ms
[2026-01-16T09:52:06.226+0000][gc,phases   ] GC(1041)   Other: 2.6ms
[2026-01-16T09:52:06.226+0000][gc,heap     ] GC(1041) Eden regions: 50->0(49)
[2026-01-16T09:52:06.226+0000][gc,heap     ] GC(1041) Survivor regions: 1->2(7)
[2026-01-16T09:52:06.226+0000][gc,heap     ] GC(1041) Old regions: 233->233
[2026-01-16T09:52:06.226+0000][gc,heap     ] GC(1041) Humongous regions: 132->132
[2026-01-16T09:52:06.226+0000][gc,metaspace] GC(1041) Metaspace: 13204K(13632K)->13204K(13632K) NonClass: 12084K(12288K)->12084K(12288K) Class: 1120K(1344K)->1120K(1344K)
[2026-01-16T09:52:06.227+0000][gc          ] GC(1041) Pause Young (Normal) (G1 Evacuation Pause) 414M->365M(1024M) 65.927ms
[2026-01-16T09:52:06.228+0000][gc,cpu      ] GC(1041) User=0.07s Sys=0.02s Real=0.07s
[2026-01-16T09:52:14.404+0000][gc,start    ] GC(1042) Pause Young (Normal) (G1 Evacuation Pause)
[2026-01-16T09:52:14.405+0000][gc,task     ] GC(1042) Using 8 workers of 8 for evacuation
[2026-01-16T09:52:14.439+0000][gc,phases   ] GC(1042)   Pre Evacuate Collection Set: 7.7ms
[2026-01-16T09:52:14.440+0000][gc,phases   ] GC(1042)   Merge Heap Roots: 2.2ms
[2026-01-16T09:52:14.440+0000][gc,phases   ] GC(1042)   Evacuate Collection Set: 17.6ms
[2026-01-16T09:52:14.440+0000][gc,phases   ] GC(1042)   Post Evacuate Collection Set: 5.4ms
[2026-01-16T09:52:14.440+0000][gc,phases   ] GC(1042)   Other: 1.7ms
[2026-01-16T09:52:14.440+0000][gc,heap     ] GC(1042) Eden regions: 49->0(107)
[2026-01-16T09:52:14.440+0000][gc,heap     ] GC(1042) Survivor regions: 2->1(7)
[2026-01-16T09:52:14.441+0000][gc,heap     ] GC(1042) Old regions: 233->233
[2026-01-16T09:52:14.441+0000][gc,heap     ] GC(1042) Humongous regions: 132->132
[2026-01-16T09:52:14.441+0000][gc,metaspace] GC(1042) Metaspace: 13204K(13632K)->13204K(13632K) NonClass: 12084K(12288K)->12084K(12288K) Class: 1120K(1344K)->1120K(1344K)
[2026-01-16T09:52:14.442+0000][gc          ] GC(1042) Pause Young (Normal) (G1 Evacuation Pause) 414M->364M(1024M) 37.590ms
[2026-01-16T09:52:14.442+0000][gc,cpu      ] GC(1042) User=0.07s Sys=0.01s Real=0.04s
[2026-01-16T09:52:16.502+0000][gc,start    ] GC(1043) Pause Young (Normal) (G1 Evacuation Pause)
[2026-01-16T09:52:16.507+0000][gc,task     ] GC(1043) Using 8 workers of 8 for evacuation
[2026-01-16T09:52:16.614+0000][gc,phases   ] GC(1043)   Pre Evacuate Collection Set: 7.9ms
[2026-01-16T09:52:16.616+0000][gc,phases   ] GC(1043)   Merge Heap Roots: 1.8ms
[2026-01-16T09:52:16.616+0000][gc,phases   ] GC(1043)   Evacuate Collection Set: 87.6ms
[2026-01-16T09:52:16.616+0000][gc,phases   ] GC(1043)   Post Evacuate Collection Set: 8.6ms
[2026-01-16T09:52:16.616+0000][gc,phases   ] GC(1043)   Other: 1.3ms
[2026-01-16T09:52:16.617+0000][gc,heap     ] GC(1043) Eden regions: 92->0(86)
[2026-01-16T09:52:16.618+0000][gc,heap     ] GC(1043) Survivor regions: 1->2(12)
[2026-01-16T09:52:16.619+0000][gc,heap     ] GC(1043) Old regions: 233->233
[2026-01-16T09:52:16.620+0000][gc,heap     ] GC(1043) Humongous regions: 132->132
[2026-01-16T09:52:16.622+0000][gc,metaspace] GC(1043) Metaspace: 13204K(13632K)->13204K(13632K) NonClass: 12084K(12288K)->12084K(12288K) Class: 1120K(1344K)->1120K(1344K)
[2026-01-16T09:52:16.623+0000][gc          ] GC(1043) Pause Young (Normal) (G1 Evacuation Pause) 456M->365M(1024M) 120.442ms
[2026-01-16T09:52:16.625+0000][gc,cpu      ] GC(1043) User=0.11s Sys=0.01s Real=0.12s
[2026-01-16T09:52:26.785+0000][gc,start    ] GC(1044) Pause Young (Normal) (G1 Evacuation Pause)
[2026-01-16T09:52:26.785+0000][gc,task     ] GC(1044) Using 8 workers of 8 for evacuation
[2026-01-16T09:52:27.220+0000][gc,mmu      ] GC(1044) MMU target violated: 201.0ms (200.0ms/201.0ms)
[2026-01-16T09:52:27.220+0000][gc,phases   ] GC(1044)   Pre Evacuate Collection Set: 35.6ms
[2026-01-16T09:52:27.220+0000][gc,phases   ] GC(1044)   Merge Heap Roots: 0.9ms
[2026-01-16T09:52:27.221+0000][gc,phases   ] GC(1044)   Evacuate Collection Set: 341.8ms
[2026-01-16T09:52:27.221+0000][gc,phases   ] GC(1044)   Post Evacuate Collection Set: 54.7ms
[2026-01-16T09:52:27.221+0000][gc,phases   ] GC(1044)   Other: 1.9ms
[2026-01-16T09:52:27.234+0000][gc,heap     ] GC(1044) Eden regions: 93->0(49)
[2026-01-16T09:52:27.235+0000][gc,heap     ] GC(1044) Survivor regions: 2->2(12)
[2026-01-16T09:52:27.236+0000][gc,heap     ] GC(1044) Old regions: 233->233
[2026-01-16T09:52:27.237+0000][gc,heap     ] GC(1044) Humongous regions: 132->132
[2026-01-16T09:52:27.239+0000][gc,metaspace] GC(1044) Metaspace: 13204K(13632K)->13204K(13632K) NonClass: 12084K(12288K)->12084K(12288K) Class: 1120K(1344K)->1120K(1344K)
[2026-01-16T09:52:27.240+0000][gc          ] GC(1044) Pause Young (Normal) (G1 Evacuation Pause) 458M->365M(1024M) 454.771ms
[2026-01-16T09:52:27.241+0000][gc,cpu      ] GC(1044) User=0.22s Sys=0.05s Real=0.46s
[2026-01-16T09:52:34.829+0000][gc,start    ] GC(1045) Pause Young (Normal) (G1 Evacuation Pause)
[2026-01-16T09:52:34.834+0000][gc,task     ] GC(1045) Using 8 workers of 8 for evacuation
[2026-01-16T09:52:34.916+0000][gc,phases   ] GC(1045)   Pre Evacuate Collection Set: 20.5ms
[2026-01-16T09:52:34.916+0000][gc,phases   ] GC(1045)   Merge Heap Roots: 0.9ms
[2026-01-16T09:52:34.917+0000][gc,phases   ] GC(1045)   Evacuate Collection Set: 44.0ms
[2026-01-16T09:52:34.918+0000][gc,phases   ] GC(1045)   Post Evacuate Collection Set: 9.4ms
[2026-01-16T09:52:34.918+0000][gc,phases   ] GC(1045)   Other: 7.3ms
[2026-01-16T09:52:34.918+0000][gc,heap     ] GC(1045) Eden regions: 49->0(123)
[2026-01-16T09:52:34.918+0000][gc,heap     ] GC(1045) Survivor regions: 2->1(7)
[2026-01-16T09:52:34.919+0000][gc,heap     ] GC(1045) Old regions: 233->233
[2026-01-16T09:52:34.919+0000][gc,heap     ] GC(1045) Humongous regions: 132->132
[2026-01-16T09:52:34.919+0000][gc,metaspace] GC(1045) Metaspace: 13204K(13632K)->13204K(13632K) NonClass: 12084K(12288K)->12084K(12288K) Class: 1120K(1344K)->1120K(1344K)
[2026-01-16T09:52:34.919+0000][gc          ] GC(1045) Pause Young (Normal) (G1 Evacuation Pause) 414M->364M(1024M) 91.838ms
[2026-01-16T09:52:34.919+0000][gc,cpu      ] GC(1045) User=0.14s Sys=0.01s Real=0.10s
[2026-01-16T09:52:44.208+0000][gc,start    ] GC(1046) Pause Young (Normal) (G1 Evacuation Pause)
[2026-01-16T09:52:44.210+0000][gc,task     ] GC(1046) Using 8 workers of 8 for evacuation
[2026-01-16T09:52:44.278+0000][gc,phases   ] GC(1046)   Pre Evacuate Collection Set: 11.2ms
[2026-01-16T09:52:44.278+0000][gc,phases   ] GC(1046)   Merge Heap Roots: 0.7ms
[2026-01-16T09:52:44.279+0000][gc,phases   ] GC(1046)   Evacuate Collection Set: 45.8ms
[2026-01-16T09:52:44.279+0000][gc,phases   ] GC(1046)   Post Evacuate Collection Set: 9.3ms
[2026-01-16T09:52:44.279+0000][gc,phases   ] GC(1046)   Other: 1.4ms
[2026-01-16T09:52:44.280+0000][gc,heap     ] GC(1046) Eden regions: 96->0(212)
[2026-01-16T09:52:44.280+0000][gc,heap     ] GC(1046) Survivor regions: 1->1(13)
[2026-01-16T09:52:44.281+0000][gc,heap     ] GC(1046) Old regions: 233->233
[2026-01-16T09:52:44.282+0000][gc,heap     ] GC(1046) Humongous regions: 132->132
[2026-01-16T09:52:44.282+0000][gc,metaspace] GC(1046) Metaspace: 13204K(13632K)->13204K(13632K) NonClass: 12084K(12288K)->12084K(12288K) Class: 1120K(1344K)->1120K(1344K)
[2026-01-16T09:52:44.282+0000][gc          ] GC(1046) Pause Young (Normal) (G1 Evacuation Pause) 460M->364M(1024M) 73.974ms
[2026-01-16T09:52:44.283+0000][gc,cpu      ] GC(1046) User=0.13s Sys=0.01s Real=0.08s
[2026-01-16T09:52:58.324+0000][gc,start    ] GC(1047) Pause Young (Normal) (G1 Evacuation Pause)
[2026-01-16T09:52:58.330+0000][gc,task     ] GC(1047) Using 8 workers of 8 for evacuation
[2026-01-16T09:52:58.488+0000][gc,phases   ] GC(1047)   Pre Evacuate Collection Set: 34.8ms
[2026-01-16T09:52:58.492+0000][gc,phases   ] GC(1047)   Merge Heap Roots: 7.0ms
[2026-01-16T09:52:58.494+0000][gc,phases   ] GC(1047)   Evacuate Collection Set: 94.9ms
[2026-01-16T09:52:58.496+0000][gc,phases   ] GC(1047)   Post Evacuate Collection Set: 20.1ms
[2026-01-16T09:52:58.497+0000][gc,phases   ] GC(1047)   Other: 1.3ms
[2026-01-16T09:52:58.498+0000][gc,heap     ] GC(1047) Eden regions: 183->0(227)
[2026-01-16T09:52:58.501+0000][gc,heap     ] GC(1047) Survivor regions: 1->2(23)
[2026-01-16T09:52:58.504+0000][gc,heap     ] GC(1047) Old regions: 233->233
[2026-01-16T09:52:58.505+0000][gc,heap     ] GC(1047) Humongous regions: 132->132
[2026-01-16T09:52:58.505+0000][gc,metaspace] GC(1047) Metaspace: 13204K(13632K)->13204K(13632K) NonClass: 12084K(12288K)->12084K(12288K) Class: 1120K(1344K)->1120K(1344K)
[2026-01-16T09:52:58.505+0000][gc          ] GC(1047) Pause Young (Normal) (G1 Evacuation Pause) 547M->365M(1024M) 181.818ms
[2026-01-16T09:52:58.507+0000][gc,cpu      ] GC(1047) User=0.20s Sys=0.02s Real=0.18s
[2026-01-16T09:53:18.241+0000][gc,start    ] GC(1048) Pause Young (Normal) (G1 Evacuation Pause)
[2026-01-16T09:53:18.242+0000][gc,task     ] GC(1048) Using 8 workers of 8 for evacuation
[2026-01-16T09:53:18.335+0000][gc,phases   ] GC(1048)   Pre Evacuate Collection Set: 22.7ms
[2026-01-16T09:53:18.336+0000][gc,phases   ] GC(1048)   Merge Heap Roots: 12.3ms
[2026-01-16T09:53:18.337+0000][gc,phases   ] GC(1048)   Evacuate Collection Set: 49.9ms
[2026-01-16T09:53:18.338+0000][gc,phases   ] GC(1048)   Post Evacuate Collection Set: 7.5ms
[2026-01-16T09:53:18.339+0000][gc,phases   ] GC(1048)   Other: 1.2ms
[2026-01-16T09:53:18.339+0000][gc,heap     ] GC(1048) Eden regions: 254->0(317)
[2026-01-16T09:53:18.340+0000][gc,heap     ] GC(1048) Survivor regions: 2->2(32)
[2026-01-16T09:53:18.340+0000][gc,heap     ] GC(1048) Old regions: 233->233
[2026-01-16T09:53:18.341+0000][gc,heap     ] GC(1048) Humongous regions: 132->132
[2026-01-16T09:53:18.341+0000][gc,metaspace] GC(1048) Metaspace: 13204K(13632K)->13204K(13632K) NonClass: 12084K(12288K)->12084K(12288K) Class: 1120K(1344K)->1120K(1344K)
[2026-01-16T09:53:18.341+0000][gc          ] GC(1048) Pause Young (Normal) (G1 Evacuation Pause) 619M->365M(1024M) 100.148ms
[2026-01-16T09:53:18.342+0000][gc,cpu      ] GC(1048) User=0.17s Sys=0.03s Real=0.10s
[2026-01-16T09:53:44.836+0000][gc,start    ] GC(1049) Pause Young (Normal) (G1 Evacuation Pause)
[2026-01-16T09:53:44.838+0000][gc,task     ] GC(1049) Using 8 workers of 8 for evacuation
[2026-01-16T09:53:44.926+0000][gc,phases   ] GC(1049)   Pre Evacuate Collection Set: 34.1ms
[2026-01-16T09:53:44.927+0000][gc,phases   ] GC(1049)   Merge Heap Roots: 4.7ms
[2026-01-16T09:53:44.928+0000][gc,phases   ] GC(1049)   Evacuate Collection Set: 40.9ms
[2026-01-16T09:53:44.928+0000][gc,phases   ] GC(1049)   Post Evacuate Collection Set: 5.7ms
[2026-01-16T09:53:44.929+0000][gc,phases   ] GC(1049)   Other: 3.2ms
[2026-01-16T09:53:44.929+0000][gc,heap     ] GC(1049) Eden regions: 256->0(531)
[2026-01-16T09:53:44.932+0000][gc,heap     ] GC(1049) Survivor regions: 2->1(33)
[2026-01-16T09:53:44.934+0000][gc,heap     ] GC(1049) Old regions: 233->233
[2026-01-16T09:53:44.934+0000][gc,heap     ] GC(1049) Humongous regions: 132->132
[2026-01-16T09:53:44.935+0000][gc,metaspace] GC(1049) Metaspace: 13204K(13632K)->13204K(13632K) NonClass: 12084K(12288K)->12084K(12288K) Class: 1120K(1344K)->1120K(1344K)
[2026-01-16T09:53:44.935+0000][gc          ] GC(1049) Pause Young (Normal) (G1 Evacuation Pause) 621M->364M(1024M) 99.175ms
[2026-01-16T09:53:44.935+0000][gc,cpu      ] GC(1049) User=0.13s Sys=0.02s Real=0.10s
[2026-01-16T09:54:26.652+0000][gc,start    ] GC(1050) Pause Young (Normal) (G1 Evacuation Pause)
[2026-01-16T09:54:26.698+0000][gc,task     ] GC(1050) Using 8 workers of 8 for evacuation
[2026-01-16T09:54:27.278+0000][gc,mmu      ] GC(1050) MMU target violated: 201.0ms (200.0ms/201.0ms)
[2026-01-16T09:54:27.280+0000][gc,phases   ] GC(1050)   Pre Evacuate Collection Set: 98.7ms
[2026-01-16T09:54:27.280+0000][gc,phases   ] GC(1050)   Merge Heap Roots: 10.7ms
[2026-01-16T09:54:27.280+0000][gc,phases   ] GC(1050)   Evacuate Collection Set: 430.8ms
[2026-01-16T09:54:27.281+0000][gc,phases   ] GC(1050)   Post Evacuate Collection Set: 35.3ms
[2026-01-16T09:54:27.281+0000][gc,phases   ] GC(1050)   Other: 19.0ms
[2026-01-16T09:54:27.282+0000][gc,heap     ] GC(1050) Eden regions: 466->0(280)
[2026-01-16T09:54:27.284+0000][gc,heap     ] GC(1050) Survivor regions: 1->1(59)
[2026-01-16T09:54:27.284+0000][gc,heap     ] GC(1050) Old regions: 233->233
[2026-01-16T09:54:27.285+0000][gc,heap     ] GC(1050) Humongous regions: 132->132
[2026-01-16T09:54:27.285+0000][gc,metaspace] GC(1050) Metaspace: 13204K(13632K)->13204K(13632K) NonClass: 12084K(12288K)->12084K(12288K) Class: 1120K(1344K)->1120K(1344K)
[2026-01-16T09:54:27.286+0000][gc          ] GC(1050) Pause Young (Normal) (G1 Evacuation Pause) 830M->364M(1024M) 634.405ms
[2026-01-16T09:54:27.286+0000][gc,cpu      ] GC(1050) User=0.31s Sys=0.04s Real=0.64s
[2026-01-16T09:54:55.594+0000][gc,start    ] GC(1051) Pause Young (Normal) (G1 Evacuation Pause)
[2026-01-16T09:54:55.596+0000][gc,task     ] GC(1051) Using 8 workers of 8 for evacuation
[2026-01-16T09:54:55.836+0000][gc,mmu      ] GC(1051) MMU target violated: 201.0ms (200.0ms/201.0ms)
[2026-01-16T09:54:55.837+0000][gc,phases   ] GC(1051)   Pre Evacuate Collection Set: 39.6ms
[2026-01-16T09:54:55.839+0000][gc,phases   ] GC(1051)   Merge Heap Roots: 12.4ms
[2026-01-16T09:54:55.841+0000][gc,phases   ] GC(1051)   Evacuate Collection Set: 143.0ms
[2026-01-16T09:54:55.842+0000][gc,phases   ] GC(1051)   Post Evacuate Collection Set: 42.5ms
[2026-01-16T09:54:55.844+0000][gc,phases   ] GC(1051)   Other: 4.6ms
[2026-01-16T09:54:55.845+0000][gc,heap     ] GC(1051) Eden regions: 319->0(374)
[2026-01-16T09:54:55.846+0000][gc,heap     ] GC(1051) Survivor regions: 1->1(40)
[2026-01-16T09:54:55.846+0000][gc,heap     ] GC(1051) Old regions: 233->233
[2026-01-16T09:54:55.846+0000][gc,heap     ] GC(1051) Humongous regions: 132->132
[2026-01-16T09:54:55.846+0000][gc,metaspace] GC(1051) Metaspace: 13204K(13632K)->13204K(13632K) NonClass: 12084K(12288K)->12084K(12288K) Class: 1120K(1344K)->1120K(1344K)
[2026-01-16T09:54:55.849+0000][gc          ] GC(1051) Pause Young (Normal) (G1 Evacuation Pause) 683M->364M(1024M) 254.799ms
[2026-01-16T09:54:55.851+0000][gc,cpu      ] GC(1051) User=0.22s Sys=0.02s Real=0.26s
[2026-01-16T09:55:15.377+0000][gc,start    ] GC(1052) Pause Young (Normal) (G1 Evacuation Pause)
[2026-01-16T09:55:15.382+0000][gc,task     ] GC(1052) Using 8 workers of 8 for evacuation
[2026-01-16T09:55:15.455+0000][gc,phases   ] GC(1052)   Pre Evacuate Collection Set: 17.2ms
[2026-01-16T09:55:15.457+0000][gc,phases   ] GC(1052)   Merge Heap Roots: 0.4ms
[2026-01-16T09:55:15.458+0000][gc,phases   ] GC(1052)   Evacuate Collection Set: 49.1ms
[2026-01-16T09:55:15.459+0000][gc,phases   ] GC(1052)   Post Evacuate Collection Set: 5.4ms
[2026-01-16T09:55:15.459+0000][gc,phases   ] GC(1052)   Other: 2.3ms
[2026-01-16T09:55:15.459+0000][gc,heap     ] GC(1052) Eden regions: 265->0(605)
[2026-01-16T09:55:15.459+0000][gc,heap     ] GC(1052) Survivor regions: 1->1(34)
[2026-01-16T09:55:15.459+0000][gc,heap     ] GC(1052) Old regions: 233->233
[2026-01-16T09:55:15.460+0000][gc,heap     ] GC(1052) Humongous regions: 132->132
[2026-01-16T09:55:15.460+0000][gc,metaspace] GC(1052) Metaspace: 13204K(13632K)->13204K(13632K) NonClass: 12084K(12288K)->12084K(12288K) Class: 1120K(1344K)->1120K(1344K)
[2026-01-16T09:55:15.462+0000][gc          ] GC(1052) Pause Young (Normal) (G1 Evacuation Pause) 629M->365M(1024M) 85.408ms
[2026-01-16T09:55:15.464+0000][gc,cpu      ] GC(1052) User=0.17s Sys=0.02s Real=0.09s
[2026-01-16T09:56:08.144+0000][gc,start    ] GC(1053) Pause Young (Normal) (G1 Evacuation Pause)
[2026-01-16T09:56:08.146+0000][gc,task     ] GC(1053) Using 8 workers of 8 for evacuation
[2026-01-16T09:56:08.273+0000][gc,phases   ] GC(1053)   Pre Evacuate Collection Set: 40.3ms
[2026-01-16T09:56:08.274+0000][gc,phases   ] GC(1053)   Merge Heap Roots: 4.1ms
[2026-01-16T09:56:08.275+0000][gc,phases   ] GC(1053)   Evacuate Collection Set: 60.2ms
[2026-01-16T09:56:08.277+0000][gc,phases   ] GC(1053)   Post Evacuate Collection Set: 12.5ms
[2026-01-16T09:56:08.277+0000][gc,phases   ] GC(1053)   Other: 9.9ms
[2026-01-16T09:56:08.277+0000][gc,heap     ] GC(1053) Eden regions: 605->0(603)
[2026-01-16T09:56:08.277+0000][gc,heap     ] GC(1053) Survivor regions: 1->2(53)
[2026-01-16T09:56:08.279+0000][gc,heap     ] GC(1053) Old regions: 233->233
[2026-01-16T09:56:08.279+0000][gc,heap     ] GC(1053) Humongous regions: 132->132
[2026-01-16T09:56:08.279+0000][gc,metaspace] GC(1053) Metaspace: 13204K(13632K)->13204K(13632K) NonClass: 12084K(12288K)->12084K(12288K) Class: 1120K(1344K)->1120K(1344K)
[2026-01-16T09:56:08.280+0000][gc          ] GC(1053) Pause Young (Normal) (G1 Evacuation Pause) 970M->365M(1024M) 135.900ms
[2026-01-16T09:56:08.280+0000][gc,cpu      ] GC(1053) User=0.30s Sys=0.11s Real=0.14s
[2026-01-16T09:57:04.969+0000][gc,start    ] GC(1054) Pause Young (Normal) (G1 Evacuation Pause)
[2026-01-16T09:57:04.974+0000][gc,task     ] GC(1054) Using 8 workers of 8 for evacuation
[2026-01-16T09:57:05.062+0000][gc,phases   ] GC(1054)   Pre Evacuate Collection Set: 25.9ms
[2026-01-16T09:57:05.063+0000][gc,phases   ] GC(1054)   Merge Heap Roots: 1.4ms
[2026-01-16T09:57:05.063+0000][gc,phases   ] GC(1054)   Evacuate Collection Set: 43.9ms
[2026-01-16T09:57:05.064+0000][gc,phases   ] GC(1054)   Post Evacuate Collection Set: 15.5ms
[2026-01-16T09:57:05.065+0000][gc,phases   ] GC(1054)   Other: 1.2ms
[2026-01-16T09:57:05.065+0000][gc,heap     ] GC(1054) Eden regions: 603->0(605)
[2026-01-16T09:57:05.065+0000][gc,heap     ] GC(1054) Survivor regions: 2->1(54)
[2026-01-16T09:57:05.065+0000][gc,heap     ] GC(1054) Old regions: 233->233
[2026-01-16T09:57:05.066+0000][gc,heap     ] GC(1054) Humongous regions: 132->132
[2026-01-16T09:57:05.066+0000][gc,metaspace] GC(1054) Metaspace: 13204K(13632K)->13204K(13632K) NonClass: 12084K(12288K)->12084K(12288K) Class: 1120K(1344K)->1120K(1344K)
[2026-01-16T09:57:05.066+0000][gc          ] GC(1054) Pause Young (Normal) (G1 Evacuation Pause) 968M->364M(1024M) 98.211ms
[2026-01-16T09:57:05.067+0000][gc,cpu      ] GC(1054) User=0.21s Sys=0.02s Real=0.10s
[2026-01-16T09:58:01.847+0000][gc,start    ] GC(1055) Pause Young (Normal) (G1 Evacuation Pause)
[2026-01-16T09:58:01.848+0000][gc,task     ] GC(1055) Using 8 workers of 8 for evacuation
[2026-01-16T09:58:02.040+0000][gc,phases   ] GC(1055)   Pre Evacuate Collection Set: 70.3ms
[2026-01-16T09:58:02.041+0000][gc,phases   ] GC(1055)   Merge Heap Roots: 4.7ms
[2026-01-16T09:58:02.041+0000][gc,phases   ] GC(1055)   Evacuate Collection Set: 96.2ms
[2026-01-16T09:58:02.042+0000][gc,phases   ] GC(1055)   Post Evacuate Collection Set: 17.8ms
[2026-01-16T09:58:02.046+0000][gc,phases   ] GC(1055)   Other: 3.2ms
[2026-01-16T09:58:02.047+0000][gc,heap     ] GC(1055) Eden regions: 605->0(603)
[2026-01-16T09:58:02.047+0000][gc,heap     ] GC(1055) Survivor regions: 1->2(53)
[2026-01-16T09:58:02.048+0000][gc,heap     ] GC(1055) Old regions: 233->233
[2026-01-16T09:58:02.049+0000][gc,heap     ] GC(1055) Humongous regions: 132->132
[2026-01-16T09:58:02.049+0000][gc,metaspace] GC(1055) Metaspace: 13204K(13632K)->13204K(13632K) NonClass: 12084K(12288K)->12084K(12288K) Class: 1120K(1344K)->1120K(1344K)
[2026-01-16T09:58:02.050+0000][gc          ] GC(1055) Pause Young (Normal) (G1 Evacuation Pause) 969M->365M(1024M) 204.221ms
[2026-01-16T09:58:02.053+0000][gc,cpu      ] GC(1055) User=0.32s Sys=0.03s Real=0.20s
[2026-01-16T09:58:50.607+0000][gc,start    ] GC(1056) Pause Young (Normal) (G1 Evacuation Pause)
[2026-01-16T09:58:50.612+0000][gc,task     ] GC(1056) Using 8 workers of 8 for evacuation
[2026-01-16T09:58:50.980+0000][gc,mmu      ] GC(1056) MMU target violated: 201.0ms (200.0ms/201.0ms)
[2026-01-16T09:58:50.980+0000][gc,phases   ] GC(1056)   Pre Evacuate Collection Set: 97.0ms
[2026-01-16T09:58:50.980+0000][gc,phases   ] GC(1056)   Merge Heap Roots: 3.9ms
[2026-01-16T09:58:50.983+0000][gc,phases   ] GC(1056)   Evacuate Collection Set: 216.1ms
[2026-01-16T09:58:50.983+0000][gc,phases   ] GC(1056)   Post Evacuate Collection Set: 41.8ms
[2026-01-16T09:58:50.984+0000][gc,phases   ] GC(1056)   Other: 10.0ms
[2026-01-16T09:58:50.984+0000][gc,heap     ] GC(1056) Eden regions: 603->0(59)
[2026-01-16T09:58:50.985+0000][gc,heap     ] GC(1056) Survivor regions: 2->2(54)
[2026-01-16T09:58:50.985+0000][gc,heap     ] GC(1056) Old regions: 233->233
[2026-01-16T09:58:50.985+0000][gc,heap     ] GC(1056) Humongous regions: 132->132
[2026-01-16T09:58:50.986+0000][gc,metaspace] GC(1056) Metaspace: 13204K(13632K)->13204K(13632K) NonClass: 12084K(12288K)->12084K(12288K) Class: 1120K(1344K)->1120K(1344K)
[2026-01-16T09:58:50.987+0000][gc          ] GC(1056) Pause Young (Normal) (G1 Evacuation Pause) 968M->365M(1024M) 380.669ms
[2026-01-16T09:58:50.991+0000][gc,cpu      ] GC(1056) User=0.39s Sys=0.03s Real=0.39s
[2026-01-16T09:58:58.332+0000][gc,start    ] GC(1057) Pause Young (Normal) (G1 Evacuation Pause)
[2026-01-16T09:58:58.337+0000][gc,task     ] GC(1057) Using 8 workers of 8 for evacuation
[2026-01-16T09:58:58.574+0000][gc,mmu      ] GC(1057) MMU target violated: 201.0ms (200.0ms/201.0ms)
[2026-01-16T09:58:58.574+0000][gc,phases   ] GC(1057)   Pre Evacuate Collection Set: 48.1ms
[2026-01-16T09:58:58.575+0000][gc,phases   ] GC(1057)   Merge Heap Roots: 8.9ms
[2026-01-16T09:58:58.575+0000][gc,phases   ] GC(1057)   Evacuate Collection Set: 156.4ms
[2026-01-16T09:58:58.576+0000][gc,phases   ] GC(1057)   Post Evacuate Collection Set: 20.4ms
[2026-01-16T09:58:58.578+0000][gc,phases   ] GC(1057)   Other: 7.2ms
[2026-01-16T09:58:58.579+0000][gc,heap     ] GC(1057) Eden regions: 59->0(49)
[2026-01-16T09:58:58.580+0000][gc,heap     ] GC(1057) Survivor regions: 2->2(8)
[2026-01-16T09:58:58.582+0000][gc,heap     ] GC(1057) Old regions: 233->233
[2026-01-16T09:58:58.583+0000][gc,heap     ] GC(1057) Humongous regions: 132->132
[2026-01-16T09:58:58.583+0000][gc,metaspace] GC(1057) Metaspace: 13204K(13632K)->13204K(13632K) NonClass: 12084K(12288K)->12084K(12288K) Class: 1120K(1344K)->1120K(1344K)
[2026-01-16T09:58:58.583+0000][gc          ] GC(1057) Pause Young (Normal) (G1 Evacuation Pause) 424M->365M(1024M) 251.950ms
[2026-01-16T09:58:58.584+0000][gc,cpu      ] GC(1057) User=0.15s Sys=0.02s Real=0.25s
[2026-01-16T09:59:00.993+0000][gc,start    ] GC(1058) Pause Young (Normal) (G1 Evacuation Pause)
[2026-01-16T09:59:00.993+0000][gc,task     ] GC(1058) Using 8 workers of 8 for evacuation
[2026-01-16T09:59:01.080+0000][gc,phases   ] GC(1058)   Pre Evacuate Collection Set: 14.0ms
[2026-01-16T09:59:01.081+0000][gc,phases   ] GC(1058)   Merge Heap Roots: 0.3ms
[2026-01-16T09:59:01.081+0000][gc,phases   ] GC(1058)   Evacuate Collection Set: 65.7ms
[2026-01-16T09:59:01.082+0000][gc,phases   ] GC(1058)   Post Evacuate Collection Set: 5.7ms
[2026-01-16T09:59:01.082+0000][gc,phases   ] GC(1058)   Other: 0.4ms
[2026-01-16T09:59:01.082+0000][gc,heap     ] GC(1058) Eden regions: 50->0(65)
[2026-01-16T09:59:01.083+0000][gc,heap     ] GC(1058) Survivor regions: 2->2(7)
[2026-01-16T09:59:01.083+0000][gc,heap     ] GC(1058) Old regions: 233->233
[2026-01-16T09:59:01.083+0000][gc,heap     ] GC(1058) Humongous regions: 132->132
[2026-01-16T09:59:01.084+0000][gc,metaspace] GC(1058) Metaspace: 13204K(13632K)->13204K(13632K) NonClass: 12084K(12288K)->12084K(12288K) Class: 1120K(1344K)->1120K(1344K)
[2026-01-16T09:59:01.085+0000][gc          ] GC(1058) Pause Young (Normal) (G1 Evacuation Pause) 415M->365M(1024M) 92.322ms
[2026-01-16T09:59:01.085+0000][gc,cpu      ] GC(1058) User=0.08s Sys=0.00s Real=0.09s
[2026-01-16T09:59:06.769+0000][gc,start    ] GC(1059) Pause Young (Normal) (G1 Evacuation Pause)
[2026-01-16T09:59:06.781+0000][gc,task     ] GC(1059) Using 8 workers of 8 for evacuation
[2026-01-16T09:59:07.320+0000][gc,mmu      ] GC(1059) MMU target violated: 201.0ms (200.0ms/201.0ms)
[2026-01-16T09:59:07.323+0000][gc,phases   ] GC(1059)   Pre Evacuate Collection Set: 49.1ms
[2026-01-16T09:59:07.327+0000][gc,phases   ] GC(1059)   Merge Heap Roots: 8.5ms
[2026-01-16T09:59:07.328+0000][gc,phases   ] GC(1059)   Evacuate Collection Set: 464.8ms
[2026-01-16T09:59:07.328+0000][gc,phases   ] GC(1059)   Post Evacuate Collection Set: 7.6ms
[2026-01-16T09:59:07.328+0000][gc,phases   ] GC(1059)   Other: 12.9ms
[2026-01-16T09:59:07.328+0000][gc,heap     ] GC(1059) Eden regions: 66->0(49)
[2026-01-16T09:59:07.328+0000][gc,heap     ] GC(1059) Survivor regions: 2->2(9)
[2026-01-16T09:59:07.328+0000][gc,heap     ] GC(1059) Old regions: 233->233
[2026-01-16T09:59:07.328+0000][gc,heap     ] GC(1059) Humongous regions: 132->132
[2026-01-16T09:59:07.328+0000][gc,metaspace] GC(1059) Metaspace: 13204K(13632K)->13204K(13632K) NonClass: 12084K(12288K)->12084K(12288K) Class: 1120K(1344K)->1120K(1344K)
[2026-01-16T09:59:07.332+0000][gc          ] GC(1059) Pause Young (Normal) (G1 Evacuation Pause) 431M->365M(1024M) 563.676ms
[2026-01-16T09:59:07.339+0000][gc,cpu      ] GC(1059) User=0.19s Sys=0.02s Real=0.57s
[2026-01-16T09:59:08.325+0000][gc,start    ] GC(1060) Pause Young (Normal) (G1 Evacuation Pause)
[2026-01-16T09:59:08.327+0000][gc,task     ] GC(1060) Using 8 workers of 8 for evacuation
[2026-01-16T09:59:08.390+0000][gc,phases   ] GC(1060)   Pre Evacuate Collection Set: 4.1ms
[2026-01-16T09:59:08.390+0000][gc,phases   ] GC(1060)   Merge Heap Roots: 0.4ms
[2026-01-16T09:59:08.391+0000][gc,phases   ] GC(1060)   Evacuate Collection Set: 55.6ms
[2026-01-16T09:59:08.391+0000][gc,phases   ] GC(1060)   Post Evacuate Collection Set: 2.4ms
[2026-01-16T09:59:08.392+0000][gc,phases   ] GC(1060)   Other: 0.4ms
[2026-01-16T09:59:08.393+0000][gc,heap     ] GC(1060) Eden regions: 49->0(77)
[2026-01-16T09:59:08.394+0000][gc,heap     ] GC(1060) Survivor regions: 2->2(7)
[2026-01-16T09:59:08.394+0000][gc,heap     ] GC(1060) Old regions: 233->233
[2026-01-16T09:59:08.395+0000][gc,heap     ] GC(1060) Humongous regions: 132->132
[2026-01-16T09:59:08.396+0000][gc,metaspace] GC(1060) Metaspace: 13204K(13632K)->13204K(13632K) NonClass: 12084K(12288K)->12084K(12288K) Class: 1120K(1344K)->1120K(1344K)
[2026-01-16T09:59:08.397+0000][gc          ] GC(1060) Pause Young (Normal) (G1 Evacuation Pause) 414M->365M(1024M) 72.128ms
[2026-01-16T09:59:08.399+0000][gc,cpu      ] GC(1060) User=0.03s Sys=0.01s Real=0.07s
[2026-01-16T09:59:15.919+0000][gc,start    ] GC(1061) Pause Young (Normal) (G1 Evacuation Pause)
[2026-01-16T09:59:15.921+0000][gc,task     ] GC(1061) Using 8 workers of 8 for evacuation
[2026-01-16T09:59:16.076+0000][gc,phases   ] GC(1061)   Pre Evacuate Collection Set: 46.5ms
[2026-01-16T09:59:16.078+0000][gc,phases   ] GC(1061)   Merge Heap Roots: 2.1ms
[2026-01-16T09:59:16.079+0000][gc,phases   ] GC(1061)   Evacuate Collection Set: 93.2ms
[2026-01-16T09:59:16.082+0000][gc,phases   ] GC(1061)   Post Evacuate Collection Set: 11.1ms
[2026-01-16T09:59:16.083+0000][gc,phases   ] GC(1061)   Other: 2.9ms
[2026-01-16T09:59:16.091+0000][gc,heap     ] GC(1061) Eden regions: 76->0(131)
[2026-01-16T09:59:16.095+0000][gc,heap     ] GC(1061) Survivor regions: 2->2(10)
[2026-01-16T09:59:16.095+0000][gc,heap     ] GC(1061) Old regions: 233->233
[2026-01-16T09:59:16.095+0000][gc,heap     ] GC(1061) Humongous regions: 132->132
[2026-01-16T09:59:16.095+0000][gc,metaspace] GC(1061) Metaspace: 13204K(13632K)->13204K(13632K) NonClass: 12084K(12288K)->12084K(12288K) Class: 1120K(1344K)->1120K(1344K)
[2026-01-16T09:59:16.098+0000][gc          ] GC(1061) Pause Young (Normal) (G1 Evacuation Pause) 441M->365M(1024M) 178.323ms
[2026-01-16T09:59:16.098+0000][gc,cpu      ] GC(1061) User=0.15s Sys=0.02s Real=0.18s
[2026-01-16T09:59:27.262+0000][gc,start    ] GC(1062) Pause Young (Normal) (G1 Evacuation Pause)
[2026-01-16T09:59:27.263+0000][gc,task     ] GC(1062) Using 8 workers of 8 for evacuation
[2026-01-16T09:59:27.557+0000][gc,mmu      ] GC(1062) MMU target violated: 201.0ms (200.0ms/201.0ms)
[2026-01-16T09:59:27.560+0000][gc,phases   ] GC(1062)   Pre Evacuate Collection Set: 50.3ms
[2026-01-16T09:59:27.561+0000][gc,phases   ] GC(1062)   Merge Heap Roots: 16.7ms
[2026-01-16T09:59:27.561+0000][gc,phases   ] GC(1062)   Evacuate Collection Set: 204.4ms
[2026-01-16T09:59:27.562+0000][gc,phases   ] GC(1062)   Post Evacuate Collection Set: 22.1ms
[2026-01-16T09:59:27.562+0000][gc,phases   ] GC(1062)   Other: 4.4ms
[2026-01-16T09:59:27.563+0000][gc,heap     ] GC(1062) Eden regions: 128->0(60)
[2026-01-16T09:59:27.564+0000][gc,heap     ] GC(1062) Survivor regions: 2->2(17)
[2026-01-16T09:59:27.565+0000][gc,heap     ] GC(1062) Old regions: 233->233
[2026-01-16T09:59:27.565+0000][gc,heap     ] GC(1062) Humongous regions: 132->132
[2026-01-16T09:59:27.566+0000][gc,metaspace] GC(1062) Metaspace: 13204K(13632K)->13204K(13632K) NonClass: 12084K(12288K)->12084K(12288K) Class: 1120K(1344K)->1120K(1344K)
[2026-01-16T09:59:27.566+0000][gc          ] GC(1062) Pause Young (Normal) (G1 Evacuation Pause) 493M->365M(1024M) 304.411ms
[2026-01-16T09:59:27.566+0000][gc,cpu      ] GC(1062) User=0.23s Sys=0.02s Real=0.30s
[2026-01-16T09:59:34.941+0000][gc,start    ] GC(1063) Pause Young (Normal) (G1 Evacuation Pause)
[2026-01-16T09:59:34.943+0000][gc,task     ] GC(1063) Using 8 workers of 8 for evacuation
[2026-01-16T09:59:35.058+0000][gc,phases   ] GC(1063)   Pre Evacuate Collection Set: 13.2ms
[2026-01-16T09:59:35.058+0000][gc,phases   ] GC(1063)   Merge Heap Roots: 13.6ms
[2026-01-16T09:59:35.059+0000][gc,phases   ] GC(1063)   Evacuate Collection Set: 70.7ms
[2026-01-16T09:59:35.063+0000][gc,phases   ] GC(1063)   Post Evacuate Collection Set: 16.1ms
[2026-01-16T09:59:35.063+0000][gc,phases   ] GC(1063)   Other: 2.3ms
[2026-01-16T09:59:35.064+0000][gc,heap     ] GC(1063) Eden regions: 56->0(264)
[2026-01-16T09:59:35.064+0000][gc,heap     ] GC(1063) Survivor regions: 2->1(8)
[2026-01-16T09:59:35.064+0000][gc,heap     ] GC(1063) Old regions: 233->233
[2026-01-16T09:59:35.067+0000][gc,heap     ] GC(1063) Humongous regions: 132->132
[2026-01-16T09:59:35.068+0000][gc,metaspace] GC(1063) Metaspace: 13204K(13632K)->13204K(13632K) NonClass: 12084K(12288K)->12084K(12288K) Class: 1120K(1344K)->1120K(1344K)
[2026-01-16T09:59:35.068+0000][gc          ] GC(1063) Pause Young (Normal) (G1 Evacuation Pause) 421M->364M(1024M) 127.703ms
[2026-01-16T09:59:35.069+0000][gc,cpu      ] GC(1063) User=0.10s Sys=0.01s Real=0.13s
[2026-01-16T09:59:48.871+0000][gc,start    ] GC(1064) Pause Young (Normal) (G1 Evacuation Pause)
[2026-01-16T09:59:48.872+0000][gc,task     ] GC(1064) Using 8 workers of 8 for evacuation
[2026-01-16T09:59:49.069+0000][gc,phases   ] GC(1064)   Pre Evacuate Collection Set: 55.4ms
[2026-01-16T09:59:49.069+0000][gc,phases   ] GC(1064)   Merge Heap Roots: 10.6ms
[2026-01-16T09:59:49.070+0000][gc,phases   ] GC(1064)   Evacuate Collection Set: 101.4ms
[2026-01-16T09:59:49.073+0000][gc,phases   ] GC(1064)   Post Evacuate Collection Set: 28.5ms
[2026-01-16T09:59:49.073+0000][gc,phases   ] GC(1064)   Other: 0.7ms
[2026-01-16T09:59:49.075+0000][gc,heap     ] GC(1064) Eden regions: 210->0(186)
[2026-01-16T09:59:49.076+0000][gc,heap     ] GC(1064) Survivor regions: 1->2(27)
[2026-01-16T09:59:49.076+0000][gc,heap     ] GC(1064) Old regions: 233->233
[2026-01-16T09:59:49.077+0000][gc,heap     ] GC(1064) Humongous regions: 132->132
[2026-01-16T09:59:49.077+0000][gc,metaspace] GC(1064) Metaspace: 13204K(13632K)->13204K(13632K) NonClass: 12084K(12288K)->12084K(12288K) Class: 1120K(1344K)->1120K(1344K)
[2026-01-16T09:59:49.078+0000][gc          ] GC(1064) Pause Young (Normal) (G1 Evacuation Pause) 574M->365M(1024M) 206.356ms
[2026-01-16T09:59:49.078+0000][gc,cpu      ] GC(1064) User=0.16s Sys=0.03s Real=0.20s
[2026-01-16T10:00:05.168+0000][gc,start    ] GC(1065) Pause Young (Normal) (G1 Evacuation Pause)
[2026-01-16T10:00:05.170+0000][gc,task     ] GC(1065) Using 8 workers of 8 for evacuation
[2026-01-16T10:00:05.510+0000][gc,mmu      ] GC(1065) MMU target violated: 201.0ms (200.0ms/201.0ms)
[2026-01-16T10:00:05.512+0000][gc,phases   ] GC(1065)   Pre Evacuate Collection Set: 45.1ms
[2026-01-16T10:00:05.512+0000][gc,phases   ] GC(1065)   Merge Heap Roots: 24.6ms
[2026-01-16T10:00:05.513+0000][gc,phases   ] GC(1065)   Evacuate Collection Set: 231.1ms
[2026-01-16T10:00:05.513+0000][gc,phases   ] GC(1065)   Post Evacuate Collection Set: 33.1ms
[2026-01-16T10:00:05.513+0000][gc,phases   ] GC(1065)   Other: 8.6ms
[2026-01-16T10:00:05.515+0000][gc,heap     ] GC(1065) Eden regions: 135->0(402)
[2026-01-16T10:00:05.515+0000][gc,heap     ] GC(1065) Survivor regions: 2->1(18)
[2026-01-16T10:00:05.516+0000][gc,heap     ] GC(1065) Old regions: 233->233
[2026-01-16T10:00:05.518+0000][gc,heap     ] GC(1065) Humongous regions: 132->132
[2026-01-16T10:00:05.518+0000][gc,metaspace] GC(1065) Metaspace: 13204K(13632K)->13204K(13632K) NonClass: 12084K(12288K)->12084K(12288K) Class: 1120K(1344K)->1120K(1344K)
[2026-01-16T10:00:05.519+0000][gc          ] GC(1065) Pause Young (Normal) (G1 Evacuation Pause) 500M->365M(1024M) 350.469ms
[2026-01-16T10:00:05.519+0000][gc,cpu      ] GC(1065) User=0.18s Sys=0.02s Real=0.36s
[2026-01-16T10:00:38.201+0000][gc,start    ] GC(1066) Pause Young (Normal) (G1 Evacuation Pause)
[2026-01-16T10:00:38.205+0000][gc,task     ] GC(1066) Using 8 workers of 8 for evacuation
[2026-01-16T10:00:38.523+0000][gc,mmu      ] GC(1066) MMU target violated: 201.0ms (200.0ms/201.0ms)
[2026-01-16T10:00:38.527+0000][gc,phases   ] GC(1066)   Pre Evacuate Collection Set: 75.6ms
[2026-01-16T10:00:38.527+0000][gc,phases   ] GC(1066)   Merge Heap Roots: 5.6ms
[2026-01-16T10:00:38.528+0000][gc,phases   ] GC(1066)   Evacuate Collection Set: 168.9ms
[2026-01-16T10:00:38.528+0000][gc,phases   ] GC(1066)   Post Evacuate Collection Set: 55.8ms
[2026-01-16T10:00:38.528+0000][gc,phases   ] GC(1066)   Other: 17.5ms
[2026-01-16T10:00:38.528+0000][gc,heap     ] GC(1066) Eden regions: 357->0(254)
[2026-01-16T10:00:38.528+0000][gc,heap     ] GC(1066) Survivor regions: 1->1(45)
[2026-01-16T10:00:38.529+0000][gc,heap     ] GC(1066) Old regions: 233->233
[2026-01-16T10:00:38.529+0000][gc,heap     ] GC(1066) Humongous regions: 132->132
[2026-01-16T10:00:38.529+0000][gc,metaspace] GC(1066) Metaspace: 13204K(13632K)->13204K(13632K) NonClass: 12084K(12288K)->12084K(12288K) Class: 1120K(1344K)->1120K(1344K)
[2026-01-16T10:00:38.529+0000][gc          ] GC(1066) Pause Young (Normal) (G1 Evacuation Pause) 722M->365M(1024M) 328.756ms
[2026-01-16T10:00:38.533+0000][gc,cpu      ] GC(1066) User=0.21s Sys=0.03s Real=0.33s
[2026-01-16T10:01:01.110+0000][gc,start    ] GC(1067) Pause Young (Normal) (G1 Evacuation Pause)
[2026-01-16T10:01:01.120+0000][gc,task     ] GC(1067) Using 8 workers of 8 for evacuation
[2026-01-16T10:01:01.672+0000][gc,mmu      ] GC(1067) MMU target violated: 201.0ms (200.0ms/201.0ms)
[2026-01-16T10:01:01.685+0000][gc,phases   ] GC(1067)   Pre Evacuate Collection Set: 182.3ms
[2026-01-16T10:01:01.698+0000][gc,phases   ] GC(1067)   Merge Heap Roots: 28.7ms
[2026-01-16T10:01:01.698+0000][gc,phases   ] GC(1067)   Evacuate Collection Set: 262.1ms
[2026-01-16T10:01:01.698+0000][gc,phases   ] GC(1067)   Post Evacuate Collection Set: 69.0ms
[2026-01-16T10:01:01.699+0000][gc,phases   ] GC(1067)   Other: 26.1ms
[2026-01-16T10:01:01.699+0000][gc,heap     ] GC(1067) Eden regions: 292->0(49)
[2026-01-16T10:01:01.699+0000][gc,heap     ] GC(1067) Survivor regions: 1->2(37)
[2026-01-16T10:01:01.699+0000][gc,heap     ] GC(1067) Old regions: 233->233
[2026-01-16T10:01:01.699+0000][gc,heap     ] GC(1067) Humongous regions: 132->132
[2026-01-16T10:01:01.700+0000][gc,metaspace] GC(1067) Metaspace: 13204K(13632K)->13204K(13632K) NonClass: 12084K(12288K)->12084K(12288K) Class: 1120K(1344K)->1120K(1344K)
[2026-01-16T10:01:01.706+0000][gc          ] GC(1067) Pause Young (Normal) (G1 Evacuation Pause) 657M->366M(1024M) 596.468ms
[2026-01-16T10:01:01.707+0000][gc,cpu      ] GC(1067) User=0.38s Sys=0.04s Real=0.60s
[2026-01-16T10:01:06.849+0000][gc,start    ] GC(1068) Pause Young (Normal) (G1 Evacuation Pause)
[2026-01-16T10:01:06.851+0000][gc,task     ] GC(1068) Using 8 workers of 8 for evacuation
[2026-01-16T10:01:07.287+0000][gc,mmu      ] GC(1068) MMU target violated: 201.0ms (200.0ms/201.0ms)
[2026-01-16T10:01:07.287+0000][gc,phases   ] GC(1068)   Pre Evacuate Collection Set: 111.7ms
[2026-01-16T10:01:07.291+0000][gc,phases   ] GC(1068)   Merge Heap Roots: 14.3ms
[2026-01-16T10:01:07.293+0000][gc,phases   ] GC(1068)   Evacuate Collection Set: 287.3ms
[2026-01-16T10:01:07.294+0000][gc,phases   ] GC(1068)   Post Evacuate Collection Set: 13.5ms
[2026-01-16T10:01:07.297+0000][gc,phases   ] GC(1068)   Other: 9.6ms
[2026-01-16T10:01:07.300+0000][gc,heap     ] GC(1068) Eden regions: 49->0(50)
[2026-01-16T10:01:07.301+0000][gc,heap     ] GC(1068) Survivor regions: 2->1(7)
[2026-01-16T10:01:07.302+0000][gc,heap     ] GC(1068) Old regions: 233->233
[2026-01-16T10:01:07.302+0000][gc,heap     ] GC(1068) Humongous regions: 132->132
[2026-01-16T10:01:07.302+0000][gc,metaspace] GC(1068) Metaspace: 13204K(13632K)->13204K(13632K) NonClass: 12084K(12288K)->12084K(12288K) Class: 1120K(1344K)->1120K(1344K)
[2026-01-16T10:01:07.304+0000][gc          ] GC(1068) Pause Young (Normal) (G1 Evacuation Pause) 415M->365M(1024M) 454.393ms
[2026-01-16T10:01:07.305+0000][gc,cpu      ] GC(1068) User=0.17s Sys=0.03s Real=0.46s
[2026-01-16T10:01:08.446+0000][gc,start    ] GC(1069) Pause Young (Normal) (G1 Evacuation Pause)
[2026-01-16T10:01:08.452+0000][gc,task     ] GC(1069) Using 8 workers of 8 for evacuation
[2026-01-16T10:01:08.557+0000][gc,phases   ] GC(1069)   Pre Evacuate Collection Set: 14.4ms
[2026-01-16T10:01:08.557+0000][gc,phases   ] GC(1069)   Merge Heap Roots: 2.0ms
[2026-01-16T10:01:08.560+0000][gc,phases   ] GC(1069)   Evacuate Collection Set: 82.0ms
[2026-01-16T10:01:08.561+0000][gc,phases   ] GC(1069)   Post Evacuate Collection Set: 1.9ms
[2026-01-16T10:01:08.561+0000][gc,phases   ] GC(1069)   Other: 6.6ms
[2026-01-16T10:01:08.562+0000][gc,heap     ] GC(1069) Eden regions: 50->0(49)
[2026-01-16T10:01:08.568+0000][gc,heap     ] GC(1069) Survivor regions: 1->2(7)
[2026-01-16T10:01:08.569+0000][gc,heap     ] GC(1069) Old regions: 233->233
[2026-01-16T10:01:08.572+0000][gc,heap     ] GC(1069) Humongous regions: 132->132
[2026-01-16T10:01:08.573+0000][gc,metaspace] GC(1069) Metaspace: 13204K(13632K)->13204K(13632K) NonClass: 12084K(12288K)->12084K(12288K) Class: 1120K(1344K)->1120K(1344K)
[2026-01-16T10:01:08.574+0000][gc          ] GC(1069) Pause Young (Normal) (G1 Evacuation Pause) 415M->365M(1024M) 128.293ms
[2026-01-16T10:01:08.575+0000][gc,cpu      ] GC(1069) User=0.09s Sys=0.00s Real=0.13s
[2026-01-16T10:01:15.464+0000][gc,start    ] GC(1070) Pause Young (Normal) (G1 Evacuation Pause)
[2026-01-16T10:01:15.469+0000][gc,task     ] GC(1070) Using 8 workers of 8 for evacuation
[2026-01-16T10:01:15.629+0000][gc,phases   ] GC(1070)   Pre Evacuate Collection Set: 36.5ms
[2026-01-16T10:01:15.632+0000][gc,phases   ] GC(1070)   Merge Heap Roots: 0.5ms
[2026-01-16T10:01:15.636+0000][gc,phases   ] GC(1070)   Evacuate Collection Set: 112.4ms
[2026-01-16T10:01:15.637+0000][gc,phases   ] GC(1070)   Post Evacuate Collection Set: 7.6ms
[2026-01-16T10:01:15.637+0000][gc,phases   ] GC(1070)   Other: 3.5ms
[2026-01-16T10:01:15.638+0000][gc,heap     ] GC(1070) Eden regions: 49->0(50)
[2026-01-16T10:01:15.638+0000][gc,heap     ] GC(1070) Survivor regions: 2->1(7)
[2026-01-16T10:01:15.638+0000][gc,heap     ] GC(1070) Old regions: 233->233
[2026-01-16T10:01:15.639+0000][gc,heap     ] GC(1070) Humongous regions: 132->132
[2026-01-16T10:01:15.639+0000][gc,metaspace] GC(1070) Metaspace: 13204K(13632K)->13204K(13632K) NonClass: 12084K(12288K)->12084K(12288K) Class: 1120K(1344K)->1120K(1344K)
[2026-01-16T10:01:15.640+0000][gc          ] GC(1070) Pause Young (Normal) (G1 Evacuation Pause) 414M->365M(1024M) 178.717ms
[2026-01-16T10:01:15.640+0000][gc,cpu      ] GC(1070) User=0.13s Sys=0.01s Real=0.18s
[2026-01-16T10:01:16.670+0000][gc,start    ] GC(1071) Pause Young (Normal) (G1 Evacuation Pause)
[2026-01-16T10:01:16.671+0000][gc,task     ] GC(1071) Using 8 workers of 8 for evacuation
[2026-01-16T10:01:16.708+0000][gc,phases   ] GC(1071)   Pre Evacuate Collection Set: 0.6ms
[2026-01-16T10:01:16.709+0000][gc,phases   ] GC(1071)   Merge Heap Roots: 0.1ms
[2026-01-16T10:01:16.710+0000][gc,phases   ] GC(1071)   Evacuate Collection Set: 34.4ms
[2026-01-16T10:01:16.710+0000][gc,phases   ] GC(1071)   Post Evacuate Collection Set: 1.4ms
[2026-01-16T10:01:16.711+0000][gc,phases   ] GC(1071)   Other: 1.1ms
[2026-01-16T10:01:16.713+0000][gc,heap     ] GC(1071) Eden regions: 50->0(65)
[2026-01-16T10:01:16.714+0000][gc,heap     ] GC(1071) Survivor regions: 1->2(7)
[2026-01-16T10:01:16.714+0000][gc,heap     ] GC(1071) Old regions: 233->233
[2026-01-16T10:01:16.714+0000][gc,heap     ] GC(1071) Humongous regions: 132->132
[2026-01-16T10:01:16.715+0000][gc,metaspace] GC(1071) Metaspace: 13204K(13632K)->13204K(13632K) NonClass: 12084K(12288K)->12084K(12288K) Class: 1120K(1344K)->1120K(1344K)
[2026-01-16T10:01:16.715+0000][gc          ] GC(1071) Pause Young (Normal) (G1 Evacuation Pause) 415M->365M(1024M) 44.919ms
[2026-01-16T10:01:16.716+0000][gc,cpu      ] GC(1071) User=0.03s Sys=0.00s Real=0.05s
[2026-01-16T10:01:26.479+0000][gc,start    ] GC(1072) Pause Young (Normal) (G1 Evacuation Pause)
[2026-01-16T10:01:26.486+0000][gc,task     ] GC(1072) Using 8 workers of 8 for evacuation
[2026-01-16T10:01:26.612+0000][gc,phases   ] GC(1072)   Pre Evacuate Collection Set: 18.6ms
[2026-01-16T10:01:26.616+0000][gc,phases   ] GC(1072)   Merge Heap Roots: 1.1ms
[2026-01-16T10:01:26.617+0000][gc,phases   ] GC(1072)   Evacuate Collection Set: 81.2ms
[2026-01-16T10:01:26.618+0000][gc,phases   ] GC(1072)   Post Evacuate Collection Set: 23.3ms
[2026-01-16T10:01:26.618+0000][gc,phases   ] GC(1072)   Other: 1.4ms
[2026-01-16T10:01:26.619+0000][gc,heap     ] GC(1072) Eden regions: 83->0(152)
[2026-01-16T10:01:26.621+0000][gc,heap     ] GC(1072) Survivor regions: 2->1(11)
[2026-01-16T10:01:26.621+0000][gc,heap     ] GC(1072) Old regions: 233->233
[2026-01-16T10:01:26.622+0000][gc,heap     ] GC(1072) Humongous regions: 132->132
[2026-01-16T10:01:26.622+0000][gc,metaspace] GC(1072) Metaspace: 13204K(13632K)->13204K(13632K) NonClass: 12084K(12288K)->12084K(12288K) Class: 1120K(1344K)->1120K(1344K)
[2026-01-16T10:01:26.622+0000][gc          ] GC(1072) Pause Young (Normal) (G1 Evacuation Pause) 448M->365M(1024M) 143.724ms
[2026-01-16T10:01:26.623+0000][gc,cpu      ] GC(1072) User=0.14s Sys=0.01s Real=0.14s
[2026-01-16T10:01:40.112+0000][gc,start    ] GC(1073) Pause Young (Normal) (G1 Evacuation Pause)
[2026-01-16T10:01:40.143+0000][gc,task     ] GC(1073) Using 8 workers of 8 for evacuation
[2026-01-16T10:01:40.504+0000][gc,mmu      ] GC(1073) MMU target violated: 201.0ms (200.0ms/201.0ms)
[2026-01-16T10:01:40.506+0000][gc,phases   ] GC(1073)   Pre Evacuate Collection Set: 35.4ms
[2026-01-16T10:01:40.507+0000][gc,phases   ] GC(1073)   Merge Heap Roots: 12.5ms
[2026-01-16T10:01:40.507+0000][gc,phases   ] GC(1073)   Evacuate Collection Set: 290.2ms
[2026-01-16T10:01:40.507+0000][gc,phases   ] GC(1073)   Post Evacuate Collection Set: 18.7ms
[2026-01-16T10:01:40.508+0000][gc,phases   ] GC(1073)   Other: 6.9ms
[2026-01-16T10:01:40.508+0000][gc,heap     ] GC(1073) Eden regions: 175->0(49)
[2026-01-16T10:01:40.509+0000][gc,heap     ] GC(1073) Survivor regions: 1->2(22)
[2026-01-16T10:01:40.509+0000][gc,heap     ] GC(1073) Old regions: 233->233
[2026-01-16T10:01:40.510+0000][gc,heap     ] GC(1073) Humongous regions: 132->132
[2026-01-16T10:01:40.511+0000][gc,metaspace] GC(1073) Metaspace: 13232K(13632K)->13232K(13632K) NonClass: 12111K(12288K)->12111K(12288K) Class: 1120K(1344K)->1120K(1344K)
[2026-01-16T10:01:40.513+0000][gc          ] GC(1073) Pause Young (Normal) (G1 Evacuation Pause) 540M->366M(1024M) 401.412ms
[2026-01-16T10:01:40.515+0000][gc,cpu      ] GC(1073) User=0.27s Sys=0.02s Real=0.41s
[2026-01-16T10:01:45.678+0000][gc,start    ] GC(1074) Pause Young (Normal) (G1 Evacuation Pause)
[2026-01-16T10:01:45.679+0000][gc,task     ] GC(1074) Using 8 workers of 8 for evacuation
[2026-01-16T10:01:45.731+0000][gc,phases   ] GC(1074)   Pre Evacuate Collection Set: 7.9ms
[2026-01-16T10:01:45.731+0000][gc,phases   ] GC(1074)   Merge Heap Roots: 4.8ms
[2026-01-16T10:01:45.731+0000][gc,phases   ] GC(1074)   Evacuate Collection Set: 35.0ms
[2026-01-16T10:01:45.731+0000][gc,phases   ] GC(1074)   Post Evacuate Collection Set: 3.0ms
[2026-01-16T10:01:45.731+0000][gc,phases   ] GC(1074)   Other: 1.3ms
[2026-01-16T10:01:45.731+0000][gc,heap     ] GC(1074) Eden regions: 49->0(134)
[2026-01-16T10:01:45.731+0000][gc,heap     ] GC(1074) Survivor regions: 2->1(7)
[2026-01-16T10:01:45.731+0000][gc,heap     ] GC(1074) Old regions: 233->233
[2026-01-16T10:01:45.731+0000][gc,heap     ] GC(1074) Humongous regions: 132->132
[2026-01-16T10:01:45.731+0000][gc,metaspace] GC(1074) Metaspace: 13236K(13632K)->13236K(13632K) NonClass: 12116K(12288K)->12116K(12288K) Class: 1120K(1344K)->1120K(1344K)
[2026-01-16T10:01:45.731+0000][gc          ] GC(1074) Pause Young (Normal) (G1 Evacuation Pause) 415M->365M(1024M) 53.603ms
[2026-01-16T10:01:45.731+0000][gc,cpu      ] GC(1074) User=0.13s Sys=0.01s Real=0.05s
[2026-01-16T10:01:55.936+0000][gc,start    ] GC(1075) Pause Young (Normal) (G1 Evacuation Pause)
[2026-01-16T10:01:55.943+0000][gc,task     ] GC(1075) Using 8 workers of 8 for evacuation
[2026-01-16T10:01:56.055+0000][gc,phases   ] GC(1075)   Pre Evacuate Collection Set: 19.3ms
[2026-01-16T10:01:56.055+0000][gc,phases   ] GC(1075)   Merge Heap Roots: 4.0ms
[2026-01-16T10:01:56.056+0000][gc,phases   ] GC(1075)   Evacuate Collection Set: 76.8ms
[2026-01-16T10:01:56.056+0000][gc,phases   ] GC(1075)   Post Evacuate Collection Set: 11.2ms
[2026-01-16T10:01:56.056+0000][gc,phases   ] GC(1075)   Other: 4.8ms
[2026-01-16T10:01:56.056+0000][gc,heap     ] GC(1075) Eden regions: 145->0(224)
[2026-01-16T10:01:56.056+0000][gc,heap     ] GC(1075) Survivor regions: 1->2(19)
[2026-01-16T10:01:56.056+0000][gc,heap     ] GC(1075) Old regions: 233->233
[2026-01-16T10:01:56.056+0000][gc,heap     ] GC(1075) Humongous regions: 132->132
[2026-01-16T10:01:56.056+0000][gc,metaspace] GC(1075) Metaspace: 13236K(13632K)->13236K(13632K) NonClass: 12116K(12288K)->12116K(12288K) Class: 1120K(1344K)->1120K(1344K)
[2026-01-16T10:01:56.056+0000][gc          ] GC(1075) Pause Young (Normal) (G1 Evacuation Pause) 510M->365M(1024M) 119.972ms
[2026-01-16T10:01:56.056+0000][gc,cpu      ] GC(1075) User=0.11s Sys=0.01s Real=0.12s
[2026-01-16T10:02:16.176+0000][gc,start    ] GC(1076) Pause Young (Normal) (G1 Evacuation Pause)
[2026-01-16T10:02:16.179+0000][gc,task     ] GC(1076) Using 8 workers of 8 for evacuation
[2026-01-16T10:02:16.233+0000][gc,phases   ] GC(1076)   Pre Evacuate Collection Set: 11.6ms
[2026-01-16T10:02:16.233+0000][gc,phases   ] GC(1076)   Merge Heap Roots: 3.1ms
[2026-01-16T10:02:16.234+0000][gc,phases   ] GC(1076)   Evacuate Collection Set: 32.8ms
[2026-01-16T10:02:16.234+0000][gc,phases   ] GC(1076)   Post Evacuate Collection Set: 5.2ms
[2026-01-16T10:02:16.234+0000][gc,phases   ] GC(1076)   Other: 1.3ms
[2026-01-16T10:02:16.234+0000][gc,heap     ] GC(1076) Eden regions: 235->0(437)
[2026-01-16T10:02:16.234+0000][gc,heap     ] GC(1076) Survivor regions: 2->2(30)
[2026-01-16T10:02:16.235+0000][gc,heap     ] GC(1076) Old regions: 233->233
[2026-01-16T10:02:16.235+0000][gc,heap     ] GC(1076) Humongous regions: 132->132
[2026-01-16T10:02:16.237+0000][gc,metaspace] GC(1076) Metaspace: 13240K(13632K)->13240K(13632K) NonClass: 12119K(12288K)->12119K(12288K) Class: 1120K(1344K)->1120K(1344K)
[2026-01-16T10:02:16.238+0000][gc          ] GC(1076) Pause Young (Normal) (G1 Evacuation Pause) 600M->365M(1024M) 61.304ms
[2026-01-16T10:02:16.238+0000][gc,cpu      ] GC(1076) User=0.16s Sys=0.02s Real=0.07s
[2026-01-16T10:02:59.593+0000][gc,start    ] GC(1077) Pause Young (Normal) (G1 Evacuation Pause)
[2026-01-16T10:02:59.599+0000][gc,task     ] GC(1077) Using 8 workers of 8 for evacuation
[2026-01-16T10:02:59.850+0000][gc,mmu      ] GC(1077) MMU target violated: 201.0ms (200.0ms/201.0ms)
[2026-01-16T10:02:59.851+0000][gc,phases   ] GC(1077)   Pre Evacuate Collection Set: 38.9ms
[2026-01-16T10:02:59.851+0000][gc,phases   ] GC(1077)   Merge Heap Roots: 5.3ms
[2026-01-16T10:02:59.851+0000][gc,phases   ] GC(1077)   Evacuate Collection Set: 176.3ms
[2026-01-16T10:02:59.851+0000][gc,phases   ] GC(1077)   Post Evacuate Collection Set: 29.6ms
[2026-01-16T10:02:59.852+0000][gc,phases   ] GC(1077)   Other: 2.8ms
[2026-01-16T10:02:59.853+0000][gc,heap     ] GC(1077) Eden regions: 438->0(222)
[2026-01-16T10:02:59.853+0000][gc,heap     ] GC(1077) Survivor regions: 2->2(55)
[2026-01-16T10:02:59.854+0000][gc,heap     ] GC(1077) Old regions: 233->233
[2026-01-16T10:02:59.854+0000][gc,heap     ] GC(1077) Humongous regions: 132->132
[2026-01-16T10:02:59.854+0000][gc,metaspace] GC(1077) Metaspace: 13240K(13632K)->13240K(13632K) NonClass: 12119K(12288K)->12119K(12288K) Class: 1120K(1344K)->1120K(1344K)
[2026-01-16T10:02:59.854+0000][gc          ] GC(1077) Pause Young (Normal) (G1 Evacuation Pause) 803M->365M(1024M) 260.538ms
[2026-01-16T10:02:59.854+0000][gc,cpu      ] GC(1077) User=0.25s Sys=0.02s Real=0.26s
[2026-01-16T10:03:18.159+0000][gc,start    ] GC(1078) Pause Young (Normal) (G1 Evacuation Pause)
[2026-01-16T10:03:18.210+0000][gc,task     ] GC(1078) Using 8 workers of 8 for evacuation
[2026-01-16T10:03:18.575+0000][gc,mmu      ] GC(1078) MMU target violated: 201.0ms (200.0ms/201.0ms)
[2026-01-16T10:03:18.576+0000][gc,phases   ] GC(1078)   Pre Evacuate Collection Set: 101.5ms
[2026-01-16T10:03:18.577+0000][gc,phases   ] GC(1078)   Merge Heap Roots: 10.6ms
[2026-01-16T10:03:18.578+0000][gc,phases   ] GC(1078)   Evacuate Collection Set: 203.6ms
[2026-01-16T10:03:18.579+0000][gc,phases   ] GC(1078)   Post Evacuate Collection Set: 47.7ms
[2026-01-16T10:03:18.579+0000][gc,phases   ] GC(1078)   Other: 21.4ms
[2026-01-16T10:03:18.579+0000][gc,heap     ] GC(1078) Eden regions: 213->0(54)
[2026-01-16T10:03:18.579+0000][gc,heap     ] GC(1078) Survivor regions: 2->2(27)
[2026-01-16T10:03:18.580+0000][gc,heap     ] GC(1078) Old regions: 233->233
[2026-01-16T10:03:18.580+0000][gc,heap     ] GC(1078) Humongous regions: 132->132
[2026-01-16T10:03:18.580+0000][gc,metaspace] GC(1078) Metaspace: 13240K(13632K)->13240K(13632K) NonClass: 12119K(12288K)->12119K(12288K) Class: 1120K(1344K)->1120K(1344K)
[2026-01-16T10:03:18.581+0000][gc          ] GC(1078) Pause Young (Normal) (G1 Evacuation Pause) 578M->365M(1024M) 421.682ms
[2026-01-16T10:03:18.581+0000][gc,cpu      ] GC(1078) User=0.29s Sys=0.05s Real=0.43s
[2026-01-16T10:03:20.801+0000][gc,start    ] GC(1079) Pause Young (Normal) (G1 Evacuation Pause)
[2026-01-16T10:03:20.805+0000][gc,task     ] GC(1079) Using 8 workers of 8 for evacuation
[2026-01-16T10:03:20.851+0000][gc,phases   ] GC(1079)   Pre Evacuate Collection Set: 11.1ms
[2026-01-16T10:03:20.852+0000][gc,phases   ] GC(1079)   Merge Heap Roots: 0.4ms
[2026-01-16T10:03:20.852+0000][gc,phases   ] GC(1079)   Evacuate Collection Set: 24.0ms
[2026-01-16T10:03:20.852+0000][gc,phases   ] GC(1079)   Post Evacuate Collection Set: 8.6ms
[2026-01-16T10:03:20.853+0000][gc,phases   ] GC(1079)   Other: 4.0ms
[2026-01-16T10:03:20.854+0000][gc,heap     ] GC(1079) Eden regions: 51->0(135)
[2026-01-16T10:03:20.855+0000][gc,heap     ] GC(1079) Survivor regions: 2->2(7)
[2026-01-16T10:03:20.855+0000][gc,heap     ] GC(1079) Old regions: 233->233
[2026-01-16T10:03:20.855+0000][gc,heap     ] GC(1079) Humongous regions: 132->132
[2026-01-16T10:03:20.856+0000][gc,metaspace] GC(1079) Metaspace: 13240K(13632K)->13240K(13632K) NonClass: 12119K(12288K)->12119K(12288K) Class: 1120K(1344K)->1120K(1344K)
[2026-01-16T10:03:20.857+0000][gc          ] GC(1079) Pause Young (Normal) (G1 Evacuation Pause) 416M->366M(1024M) 56.264ms
[2026-01-16T10:03:20.858+0000][gc,cpu      ] GC(1079) User=0.09s Sys=0.01s Real=0.05s
[2026-01-16T10:03:25.630+0000][gc,start    ] GC(1080) Pause Young (Normal) (G1 Evacuation Pause)
[2026-01-16T10:03:25.630+0000][gc,task     ] GC(1080) Using 8 workers of 8 for evacuation
[2026-01-16T10:03:25.648+0000][gc,phases   ] GC(1080)   Pre Evacuate Collection Set: 3.3ms
[2026-01-16T10:03:25.648+0000][gc,phases   ] GC(1080)   Merge Heap Roots: 0.8ms
[2026-01-16T10:03:25.648+0000][gc,phases   ] GC(1080)   Evacuate Collection Set: 9.2ms
[2026-01-16T10:03:25.649+0000][gc,phases   ] GC(1080)   Post Evacuate Collection Set: 4.6ms
[2026-01-16T10:03:25.649+0000][gc,phases   ] GC(1080)   Other: 0.5ms
[2026-01-16T10:03:25.649+0000][gc,heap     ] GC(1080) Eden regions: 104->0(516)
[2026-01-16T10:03:25.649+0000][gc,heap     ] GC(1080) Survivor regions: 2->2(14)
[2026-01-16T10:03:25.649+0000][gc,heap     ] GC(1080) Old regions: 233->233
[2026-01-16T10:03:25.649+0000][gc,heap     ] GC(1080) Humongous regions: 132->132
[2026-01-16T10:03:25.649+0000][gc,metaspace] GC(1080) Metaspace: 13240K(13632K)->13240K(13632K) NonClass: 12119K(12288K)->12119K(12288K) Class: 1120K(1344K)->1120K(1344K)
[2026-01-16T10:03:25.649+0000][gc          ] GC(1080) Pause Young (Normal) (G1 Evacuation Pause) 470M->366M(1024M) 19.721ms
[2026-01-16T10:03:25.649+0000][gc,cpu      ] GC(1080) User=0.08s Sys=0.00s Real=0.02s
[2026-01-16T10:04:05.264+0000][gc,start    ] GC(1081) Pause Young (Normal) (G1 Evacuation Pause)
[2026-01-16T10:04:05.266+0000][gc,task     ] GC(1081) Using 8 workers of 8 for evacuation
[2026-01-16T10:04:05.314+0000][gc,phases   ] GC(1081)   Pre Evacuate Collection Set: 10.7ms
[2026-01-16T10:04:05.314+0000][gc,phases   ] GC(1081)   Merge Heap Roots: 0.7ms
[2026-01-16T10:04:05.314+0000][gc,phases   ] GC(1081)   Evacuate Collection Set: 31.1ms
[2026-01-16T10:04:05.314+0000][gc,phases   ] GC(1081)   Post Evacuate Collection Set: 4.0ms
[2026-01-16T10:04:05.315+0000][gc,phases   ] GC(1081)   Other: 1.8ms
[2026-01-16T10:04:05.315+0000][gc,heap     ] GC(1081) Eden regions: 397->0(605)
[2026-01-16T10:04:05.315+0000][gc,heap     ] GC(1081) Survivor regions: 2->1(50)
[2026-01-16T10:04:05.316+0000][gc,heap     ] GC(1081) Old regions: 233->233
[2026-01-16T10:04:05.316+0000][gc,heap     ] GC(1081) Humongous regions: 132->132
[2026-01-16T10:04:05.316+0000][gc,metaspace] GC(1081) Metaspace: 13240K(13632K)->13240K(13632K) NonClass: 12119K(12288K)->12119K(12288K) Class: 1120K(1344K)->1120K(1344K)
[2026-01-16T10:04:05.317+0000][gc          ] GC(1081) Pause Young (Normal) (G1 Evacuation Pause) 763M->365M(1024M) 52.996ms
[2026-01-16T10:04:05.319+0000][gc,cpu      ] GC(1081) User=0.20s Sys=0.01s Real=0.06s
[2026-01-16T10:04:57.223+0000][gc,start    ] GC(1082) Pause Young (Normal) (G1 Evacuation Pause)
[2026-01-16T10:04:57.227+0000][gc,task     ] GC(1082) Using 8 workers of 8 for evacuation
[2026-01-16T10:04:57.439+0000][gc,mmu      ] GC(1082) MMU target violated: 201.0ms (200.0ms/201.0ms)
[2026-01-16T10:04:57.440+0000][gc,phases   ] GC(1082)   Pre Evacuate Collection Set: 73.6ms
[2026-01-16T10:04:57.440+0000][gc,phases   ] GC(1082)   Merge Heap Roots: 3.5ms
[2026-01-16T10:04:57.440+0000][gc,phases   ] GC(1082)   Evacuate Collection Set: 101.0ms
[2026-01-16T10:04:57.441+0000][gc,phases   ] GC(1082)   Post Evacuate Collection Set: 22.6ms
[2026-01-16T10:04:57.442+0000][gc,phases   ] GC(1082)   Other: 13.9ms
[2026-01-16T10:04:57.442+0000][gc,heap     ] GC(1082) Eden regions: 605->0(603)
[2026-01-16T10:04:57.442+0000][gc,heap     ] GC(1082) Survivor regions: 1->2(53)
[2026-01-16T10:04:57.442+0000][gc,heap     ] GC(1082) Old regions: 233->233
[2026-01-16T10:04:57.443+0000][gc,heap     ] GC(1082) Humongous regions: 132->132
[2026-01-16T10:04:57.443+0000][gc,metaspace] GC(1082) Metaspace: 13240K(13632K)->13240K(13632K) NonClass: 12119K(12288K)->12119K(12288K) Class: 1120K(1344K)->1120K(1344K)
[2026-01-16T10:04:57.443+0000][gc          ] GC(1082) Pause Young (Normal) (G1 Evacuation Pause) 970M->366M(1024M) 219.948ms
[2026-01-16T10:04:57.444+0000][gc,cpu      ] GC(1082) User=0.47s Sys=0.06s Real=0.22s
[2026-01-16T10:05:54.531+0000][gc,start    ] GC(1083) Pause Young (Normal) (G1 Evacuation Pause)
[2026-01-16T10:05:54.531+0000][gc,task     ] GC(1083) Using 8 workers of 8 for evacuation
[2026-01-16T10:05:54.587+0000][gc,phases   ] GC(1083)   Pre Evacuate Collection Set: 13.7ms
[2026-01-16T10:05:54.588+0000][gc,phases   ] GC(1083)   Merge Heap Roots: 5.3ms
[2026-01-16T10:05:54.588+0000][gc,phases   ] GC(1083)   Evacuate Collection Set: 24.5ms
[2026-01-16T10:05:54.588+0000][gc,phases   ] GC(1083)   Post Evacuate Collection Set: 10.0ms
[2026-01-16T10:05:54.588+0000][gc,phases   ] GC(1083)   Other: 2.5ms
[2026-01-16T10:05:54.588+0000][gc,heap     ] GC(1083) Eden regions: 603->0(605)
[2026-01-16T10:05:54.588+0000][gc,heap     ] GC(1083) Survivor regions: 2->1(54)
[2026-01-16T10:05:54.589+0000][gc,heap     ] GC(1083) Old regions: 233->233
[2026-01-16T10:05:54.589+0000][gc,heap     ] GC(1083) Humongous regions: 132->132
[2026-01-16T10:05:54.589+0000][gc,metaspace] GC(1083) Metaspace: 13243K(13632K)->13243K(13632K) NonClass: 12122K(12288K)->12122K(12288K) Class: 1120K(1344K)->1120K(1344K)
[2026-01-16T10:05:54.589+0000][gc          ] GC(1083) Pause Young (Normal) (G1 Evacuation Pause) 969M->365M(1024M) 58.316ms
[2026-01-16T10:05:54.589+0000][gc,cpu      ] GC(1083) User=0.20s Sys=0.02s Real=0.06s
[2026-01-16T10:06:45.994+0000][gc,start    ] GC(1084) Pause Young (Normal) (G1 Evacuation Pause)
[2026-01-16T10:06:45.998+0000][gc,task     ] GC(1084) Using 8 workers of 8 for evacuation
[2026-01-16T10:06:46.072+0000][gc,phases   ] GC(1084)   Pre Evacuate Collection Set: 15.5ms
[2026-01-16T10:06:46.072+0000][gc,phases   ] GC(1084)   Merge Heap Roots: 1.5ms
[2026-01-16T10:06:46.072+0000][gc,phases   ] GC(1084)   Evacuate Collection Set: 45.2ms
[2026-01-16T10:06:46.073+0000][gc,phases   ] GC(1084)   Post Evacuate Collection Set: 10.8ms
[2026-01-16T10:06:46.073+0000][gc,phases   ] GC(1084)   Other: 3.4ms
[2026-01-16T10:06:46.073+0000][gc,heap     ] GC(1084) Eden regions: 605->0(605)
[2026-01-16T10:06:46.074+0000][gc,heap     ] GC(1084) Survivor regions: 1->1(53)
[2026-01-16T10:06:46.074+0000][gc,heap     ] GC(1084) Old regions: 233->233
[2026-01-16T10:06:46.074+0000][gc,heap     ] GC(1084) Humongous regions: 132->132
[2026-01-16T10:06:46.075+0000][gc,metaspace] GC(1084) Metaspace: 13243K(13632K)->13243K(13632K) NonClass: 12122K(12288K)->12122K(12288K) Class: 1120K(1344K)->1120K(1344K)
[2026-01-16T10:06:46.075+0000][gc          ] GC(1084) Pause Young (Normal) (G1 Evacuation Pause) 970M->365M(1024M) 80.705ms
[2026-01-16T10:06:46.075+0000][gc,cpu      ] GC(1084) User=0.16s Sys=0.01s Real=0.08s
[2026-01-16T10:07:37.640+0000][gc,start    ] GC(1085) Pause Young (Normal) (G1 Evacuation Pause)
[2026-01-16T10:07:37.643+0000][gc,task     ] GC(1085) Using 8 workers of 8 for evacuation
[2026-01-16T10:07:37.996+0000][gc,mmu      ] GC(1085) MMU target violated: 201.0ms (200.0ms/201.0ms)
[2026-01-16T10:07:37.996+0000][gc,phases   ] GC(1085)   Pre Evacuate Collection Set: 59.3ms
[2026-01-16T10:07:37.996+0000][gc,phases   ] GC(1085)   Merge Heap Roots: 7.1ms
[2026-01-16T10:07:37.996+0000][gc,phases   ] GC(1085)   Evacuate Collection Set: 235.9ms
[2026-01-16T10:07:37.996+0000][gc,phases   ] GC(1085)   Post Evacuate Collection Set: 49.3ms
[2026-01-16T10:07:37.997+0000][gc,phases   ] GC(1085)   Other: 2.8ms
[2026-01-16T10:07:37.997+0000][gc,heap     ] GC(1085) Eden regions: 605->0(579)
[2026-01-16T10:07:37.997+0000][gc,heap     ] GC(1085) Survivor regions: 1->2(53)
[2026-01-16T10:07:37.997+0000][gc,heap     ] GC(1085) Old regions: 233->233
[2026-01-16T10:07:37.997+0000][gc,heap     ] GC(1085) Humongous regions: 132->132
[2026-01-16T10:07:37.997+0000][gc,metaspace] GC(1085) Metaspace: 13243K(13632K)->13243K(13632K) NonClass: 12122K(12288K)->12122K(12288K) Class: 1120K(1344K)->1120K(1344K)
[2026-01-16T10:07:37.997+0000][gc          ] GC(1085) Pause Young (Normal) (G1 Evacuation Pause) 970M->366M(1024M) 357.091ms
[2026-01-16T10:07:37.997+0000][gc,cpu      ] GC(1085) User=0.31s Sys=0.04s Real=0.36s
[2026-01-16T10:08:04.720+0000][gc,start    ] GC(1086) Pause Young (Normal) (G1 Evacuation Pause)
[2026-01-16T10:08:04.722+0000][gc,task     ] GC(1086) Using 8 workers of 8 for evacuation
[2026-01-16T10:08:04.755+0000][gc,phases   ] GC(1086)   Pre Evacuate Collection Set: 8.4ms
[2026-01-16T10:08:04.756+0000][gc,phases   ] GC(1086)   Merge Heap Roots: 0.9ms
[2026-01-16T10:08:04.756+0000][gc,phases   ] GC(1086)   Evacuate Collection Set: 14.3ms
[2026-01-16T10:08:04.756+0000][gc,phases   ] GC(1086)   Post Evacuate Collection Set: 8.8ms
[2026-01-16T10:08:04.756+0000][gc,phases   ] GC(1086)   Other: 1.9ms
[2026-01-16T10:08:04.757+0000][gc,heap     ] GC(1086) Eden regions: 278->0(605)
[2026-01-16T10:08:04.758+0000][gc,heap     ] GC(1086) Survivor regions: 2->1(35)
[2026-01-16T10:08:04.758+0000][gc,heap     ] GC(1086) Old regions: 233->233
[2026-01-16T10:08:04.759+0000][gc,heap     ] GC(1086) Humongous regions: 132->132
[2026-01-16T10:08:04.759+0000][gc,metaspace] GC(1086) Metaspace: 13243K(13632K)->13243K(13632K) NonClass: 12122K(12288K)->12122K(12288K) Class: 1120K(1344K)->1120K(1344K)
[2026-01-16T10:08:04.759+0000][gc          ] GC(1086) Pause Young (Normal) (G1 Evacuation Pause) 644M->365M(1024M) 39.894ms
[2026-01-16T10:08:04.760+0000][gc,cpu      ] GC(1086) User=0.15s Sys=0.00s Real=0.04s
[2026-01-16T10:08:57.835+0000][gc,start    ] GC(1087) Pause Young (Normal) (G1 Evacuation Pause)
[2026-01-16T10:08:57.836+0000][gc,task     ] GC(1087) Using 8 workers of 8 for evacuation
[2026-01-16T10:08:58.069+0000][gc,mmu      ] GC(1087) MMU target violated: 201.0ms (200.0ms/201.0ms)
[2026-01-16T10:08:58.070+0000][gc,phases   ] GC(1087)   Pre Evacuate Collection Set: 73.9ms
[2026-01-16T10:08:58.071+0000][gc,phases   ] GC(1087)   Merge Heap Roots: 18.9ms
[2026-01-16T10:08:58.071+0000][gc,phases   ] GC(1087)   Evacuate Collection Set: 120.9ms
[2026-01-16T10:08:58.071+0000][gc,phases   ] GC(1087)   Post Evacuate Collection Set: 16.3ms
[2026-01-16T10:08:58.072+0000][gc,phases   ] GC(1087)   Other: 4.2ms
[2026-01-16T10:08:58.073+0000][gc,heap     ] GC(1087) Eden regions: 605->0(603)
[2026-01-16T10:08:58.073+0000][gc,heap     ] GC(1087) Survivor regions: 1->2(53)
[2026-01-16T10:08:58.074+0000][gc,heap     ] GC(1087) Old regions: 233->233
[2026-01-16T10:08:58.075+0000][gc,heap     ] GC(1087) Humongous regions: 132->132
[2026-01-16T10:08:58.077+0000][gc,metaspace] GC(1087) Metaspace: 13243K(13632K)->13243K(13632K) NonClass: 12122K(12288K)->12122K(12288K) Class: 1120K(1344K)->1120K(1344K)
[2026-01-16T10:08:58.077+0000][gc          ] GC(1087) Pause Young (Normal) (G1 Evacuation Pause) 970M->366M(1024M) 242.428ms
[2026-01-16T10:08:58.078+0000][gc,cpu      ] GC(1087) User=0.34s Sys=0.04s Real=0.24s
[2026-01-16T10:09:48.242+0000][gc,start    ] GC(1088) Pause Young (Normal) (G1 Evacuation Pause)
[2026-01-16T10:09:48.244+0000][gc,task     ] GC(1088) Using 8 workers of 8 for evacuation
[2026-01-16T10:09:48.330+0000][gc,phases   ] GC(1088)   Pre Evacuate Collection Set: 18.5ms
[2026-01-16T10:09:48.330+0000][gc,phases   ] GC(1088)   Merge Heap Roots: 1.4ms
[2026-01-16T10:09:48.330+0000][gc,phases   ] GC(1088)   Evacuate Collection Set: 60.2ms
[2026-01-16T10:09:48.331+0000][gc,phases   ] GC(1088)   Post Evacuate Collection Set: 5.5ms
[2026-01-16T10:09:48.331+0000][gc,phases   ] GC(1088)   Other: 1.2ms
[2026-01-16T10:09:48.331+0000][gc,heap     ] GC(1088) Eden regions: 603->0(603)
[2026-01-16T10:09:48.331+0000][gc,heap     ] GC(1088) Survivor regions: 2->2(54)
[2026-01-16T10:09:48.332+0000][gc,heap     ] GC(1088) Old regions: 233->233
[2026-01-16T10:09:48.332+0000][gc,heap     ] GC(1088) Humongous regions: 132->132
[2026-01-16T10:09:48.332+0000][gc,metaspace] GC(1088) Metaspace: 13243K(13632K)->13243K(13632K) NonClass: 12122K(12288K)->12122K(12288K) Class: 1120K(1344K)->1120K(1344K)
[2026-01-16T10:09:48.332+0000][gc          ] GC(1088) Pause Young (Normal) (G1 Evacuation Pause) 969M->366M(1024M) 90.681ms
[2026-01-16T10:09:48.333+0000][gc,cpu      ] GC(1088) User=0.18s Sys=0.02s Real=0.09s
[2026-01-16T10:10:45.423+0000][gc,start    ] GC(1089) Pause Young (Normal) (G1 Evacuation Pause)
[2026-01-16T10:10:45.424+0000][gc,task     ] GC(1089) Using 8 workers of 8 for evacuation
[2026-01-16T10:10:45.530+0000][gc,phases   ] GC(1089)   Pre Evacuate Collection Set: 20.6ms
[2026-01-16T10:10:45.531+0000][gc,phases   ] GC(1089)   Merge Heap Roots: 10.6ms
[2026-01-16T10:10:45.531+0000][gc,phases   ] GC(1089)   Evacuate Collection Set: 54.5ms
[2026-01-16T10:10:45.531+0000][gc,phases   ] GC(1089)   Post Evacuate Collection Set: 18.1ms
[2026-01-16T10:10:45.531+0000][gc,phases   ] GC(1089)   Other: 2.8ms
[2026-01-16T10:10:45.532+0000][gc,heap     ] GC(1089) Eden regions: 603->0(605)
[2026-01-16T10:10:45.532+0000][gc,heap     ] GC(1089) Survivor regions: 2->1(54)
[2026-01-16T10:10:45.532+0000][gc,heap     ] GC(1089) Old regions: 233->233
[2026-01-16T10:10:45.532+0000][gc,heap     ] GC(1089) Humongous regions: 132->132
[2026-01-16T10:10:45.532+0000][gc,metaspace] GC(1089) Metaspace: 13243K(13632K)->13243K(13632K) NonClass: 12122K(12288K)->12122K(12288K) Class: 1120K(1344K)->1120K(1344K)
[2026-01-16T10:10:45.532+0000][gc          ] GC(1089) Pause Young (Normal) (G1 Evacuation Pause) 969M->365M(1024M) 109.701ms
[2026-01-16T10:10:45.533+0000][gc,cpu      ] GC(1089) User=0.22s Sys=0.04s Real=0.11s
[2026-01-16T10:11:36.026+0000][gc,start    ] GC(1090) Pause Young (Normal) (G1 Evacuation Pause)
[2026-01-16T10:11:36.030+0000][gc,task     ] GC(1090) Using 8 workers of 8 for evacuation
[2026-01-16T10:11:36.126+0000][gc,phases   ] GC(1090)   Pre Evacuate Collection Set: 17.6ms
[2026-01-16T10:11:36.127+0000][gc,phases   ] GC(1090)   Merge Heap Roots: 2.9ms
[2026-01-16T10:11:36.127+0000][gc,phases   ] GC(1090)   Evacuate Collection Set: 60.2ms
[2026-01-16T10:11:36.128+0000][gc,phases   ] GC(1090)   Post Evacuate Collection Set: 13.5ms
[2026-01-16T10:11:36.129+0000][gc,phases   ] GC(1090)   Other: 3.2ms
[2026-01-16T10:11:36.129+0000][gc,heap     ] GC(1090) Eden regions: 605->0(603)
[2026-01-16T10:11:36.130+0000][gc,heap     ] GC(1090) Survivor regions: 1->2(53)
[2026-01-16T10:11:36.130+0000][gc,heap     ] GC(1090) Old regions: 233->233
[2026-01-16T10:11:36.130+0000][gc,heap     ] GC(1090) Humongous regions: 132->132
[2026-01-16T10:11:36.131+0000][gc,metaspace] GC(1090) Metaspace: 13243K(13632K)->13243K(13632K) NonClass: 12122K(12288K)->12122K(12288K) Class: 1120K(1344K)->1120K(1344K)
[2026-01-16T10:11:36.133+0000][gc          ] GC(1090) Pause Young (Normal) (G1 Evacuation Pause) 970M->366M(1024M) 107.093ms
[2026-01-16T10:11:36.133+0000][gc,cpu      ] GC(1090) User=0.27s Sys=0.02s Real=0.11s
[2026-01-16T10:12:32.680+0000][gc,start    ] GC(1091) Pause Young (Normal) (G1 Evacuation Pause)
[2026-01-16T10:12:32.684+0000][gc,task     ] GC(1091) Using 8 workers of 8 for evacuation
[2026-01-16T10:12:32.779+0000][gc,phases   ] GC(1091)   Pre Evacuate Collection Set: 29.6ms
[2026-01-16T10:12:32.779+0000][gc,phases   ] GC(1091)   Merge Heap Roots: 1.6ms
[2026-01-16T10:12:32.779+0000][gc,phases   ] GC(1091)   Evacuate Collection Set: 50.0ms
[2026-01-16T10:12:32.779+0000][gc,phases   ] GC(1091)   Post Evacuate Collection Set: 6.0ms
[2026-01-16T10:12:32.779+0000][gc,phases   ] GC(1091)   Other: 8.2ms
[2026-01-16T10:12:32.779+0000][gc,heap     ] GC(1091) Eden regions: 603->0(605)
[2026-01-16T10:12:32.779+0000][gc,heap     ] GC(1091) Survivor regions: 2->1(54)
[2026-01-16T10:12:32.779+0000][gc,heap     ] GC(1091) Old regions: 233->233
[2026-01-16T10:12:32.779+0000][gc,heap     ] GC(1091) Humongous regions: 132->132
[2026-01-16T10:12:32.780+0000][gc,metaspace] GC(1091) Metaspace: 13243K(13632K)->13243K(13632K) NonClass: 12122K(12288K)->12122K(12288K) Class: 1120K(1344K)->1120K(1344K)
[2026-01-16T10:12:32.780+0000][gc          ] GC(1091) Pause Young (Normal) (G1 Evacuation Pause) 969M->365M(1024M) 100.833ms
[2026-01-16T10:12:32.780+0000][gc,cpu      ] GC(1091) User=0.35s Sys=0.03s Real=0.10s
[2026-01-16T10:13:25.670+0000][gc,start    ] GC(1092) Pause Young (Normal) (G1 Evacuation Pause)
[2026-01-16T10:13:25.671+0000][gc,task     ] GC(1092) Using 8 workers of 8 for evacuation
[2026-01-16T10:13:25.744+0000][gc,phases   ] GC(1092)   Pre Evacuate Collection Set: 14.8ms
[2026-01-16T10:13:25.745+0000][gc,phases   ] GC(1092)   Merge Heap Roots: 0.9ms
[2026-01-16T10:13:25.745+0000][gc,phases   ] GC(1092)   Evacuate Collection Set: 42.2ms
[2026-01-16T10:13:25.746+0000][gc,phases   ] GC(1092)   Post Evacuate Collection Set: 14.0ms
[2026-01-16T10:13:25.749+0000][gc,phases   ] GC(1092)   Other: 1.0ms
[2026-01-16T10:13:25.750+0000][gc,heap     ] GC(1092) Eden regions: 605->0(605)
[2026-01-16T10:13:25.750+0000][gc,heap     ] GC(1092) Survivor regions: 1->1(53)
[2026-01-16T10:13:25.750+0000][gc,heap     ] GC(1092) Old regions: 233->233
[2026-01-16T10:13:25.750+0000][gc,heap     ] GC(1092) Humongous regions: 132->132
[2026-01-16T10:13:25.751+0000][gc,metaspace] GC(1092) Metaspace: 13243K(13632K)->13243K(13632K) NonClass: 12122K(12288K)->12122K(12288K) Class: 1120K(1344K)->1120K(1344K)
[2026-01-16T10:13:25.752+0000][gc          ] GC(1092) Pause Young (Normal) (G1 Evacuation Pause) 970M->365M(1024M) 81.699ms
[2026-01-16T10:13:25.753+0000][gc,cpu      ] GC(1092) User=0.22s Sys=0.02s Real=0.08s
[2026-01-16T10:14:15.881+0000][gc,start    ] GC(1093) Pause Young (Normal) (G1 Evacuation Pause)
[2026-01-16T10:14:15.882+0000][gc,task     ] GC(1093) Using 8 workers of 8 for evacuation
[2026-01-16T10:14:15.924+0000][gc,phases   ] GC(1093)   Pre Evacuate Collection Set: 9.0ms
[2026-01-16T10:14:15.924+0000][gc,phases   ] GC(1093)   Merge Heap Roots: 1.2ms
[2026-01-16T10:14:15.924+0000][gc,phases   ] GC(1093)   Evacuate Collection Set: 20.6ms
[2026-01-16T10:14:15.924+0000][gc,phases   ] GC(1093)   Post Evacuate Collection Set: 7.2ms
[2026-01-16T10:14:15.924+0000][gc,phases   ] GC(1093)   Other: 2.0ms
[2026-01-16T10:14:15.924+0000][gc,heap     ] GC(1093) Eden regions: 605->0(603)
[2026-01-16T10:14:15.925+0000][gc,heap     ] GC(1093) Survivor regions: 1->2(53)
[2026-01-16T10:14:15.925+0000][gc,heap     ] GC(1093) Old regions: 233->233
[2026-01-16T10:14:15.925+0000][gc,heap     ] GC(1093) Humongous regions: 132->132
[2026-01-16T10:14:15.925+0000][gc,metaspace] GC(1093) Metaspace: 13243K(13632K)->13243K(13632K) NonClass: 12122K(12288K)->12122K(12288K) Class: 1120K(1344K)->1120K(1344K)
[2026-01-16T10:14:15.925+0000][gc          ] GC(1093) Pause Young (Normal) (G1 Evacuation Pause) 970M->366M(1024M) 44.504ms
[2026-01-16T10:14:15.925+0000][gc,cpu      ] GC(1093) User=0.15s Sys=0.01s Real=0.05s
[2026-01-16T10:15:14.415+0000][gc,start    ] GC(1094) Pause Young (Normal) (G1 Evacuation Pause)
[2026-01-16T10:15:14.421+0000][gc,task     ] GC(1094) Using 8 workers of 8 for evacuation
[2026-01-16T10:15:14.636+0000][gc,mmu      ] GC(1094) MMU target violated: 201.0ms (200.0ms/201.0ms)
[2026-01-16T10:15:14.637+0000][gc,phases   ] GC(1094)   Pre Evacuate Collection Set: 48.8ms
[2026-01-16T10:15:14.637+0000][gc,phases   ] GC(1094)   Merge Heap Roots: 1.7ms
[2026-01-16T10:15:14.640+0000][gc,phases   ] GC(1094)   Evacuate Collection Set: 140.1ms
[2026-01-16T10:15:14.641+0000][gc,phases   ] GC(1094)   Post Evacuate Collection Set: 23.5ms
[2026-01-16T10:15:14.642+0000][gc,phases   ] GC(1094)   Other: 2.8ms
[2026-01-16T10:15:14.643+0000][gc,heap     ] GC(1094) Eden regions: 603->0(596)
[2026-01-16T10:15:14.644+0000][gc,heap     ] GC(1094) Survivor regions: 2->1(45)
[2026-01-16T10:15:14.645+0000][gc,heap     ] GC(1094) Old regions: 233->233
[2026-01-16T10:15:14.645+0000][gc,heap     ] GC(1094) Humongous regions: 141->141
[2026-01-16T10:15:14.646+0000][gc,metaspace] GC(1094) Metaspace: 13301K(13696K)->13301K(13696K) NonClass: 12165K(12352K)->12165K(12352K) Class: 1135K(1344K)->1135K(1344K)
[2026-01-16T10:15:14.648+0000][gc          ] GC(1094) Pause Young (Normal) (G1 Evacuation Pause) 978M->374M(1024M) 232.564ms
[2026-01-16T10:15:14.650+0000][gc,cpu      ] GC(1094) User=0.24s Sys=0.04s Real=0.24s
[2026-01-16T10:16:05.356+0000][gc,start    ] GC(1095) Pause Young (Normal) (G1 Evacuation Pause)
[2026-01-16T10:16:05.359+0000][gc,task     ] GC(1095) Using 8 workers of 8 for evacuation
[2026-01-16T10:16:05.435+0000][gc,phases   ] GC(1095)   Pre Evacuate Collection Set: 23.4ms
[2026-01-16T10:16:05.435+0000][gc,phases   ] GC(1095)   Merge Heap Roots: 1.6ms
[2026-01-16T10:16:05.435+0000][gc,phases   ] GC(1095)   Evacuate Collection Set: 36.8ms
[2026-01-16T10:16:05.435+0000][gc,phases   ] GC(1095)   Post Evacuate Collection Set: 13.0ms
[2026-01-16T10:16:05.435+0000][gc,phases   ] GC(1095)   Other: 2.6ms
[2026-01-16T10:16:05.436+0000][gc,heap     ] GC(1095) Eden regions: 596->0(594)
[2026-01-16T10:16:05.436+0000][gc,heap     ] GC(1095) Survivor regions: 1->2(53)
[2026-01-16T10:16:05.436+0000][gc,heap     ] GC(1095) Old regions: 233->233
[2026-01-16T10:16:05.436+0000][gc,heap     ] GC(1095) Humongous regions: 141->141
[2026-01-16T10:16:05.436+0000][gc,metaspace] GC(1095) Metaspace: 13301K(13696K)->13301K(13696K) NonClass: 12165K(12352K)->12165K(12352K) Class: 1135K(1344K)->1135K(1344K)
[2026-01-16T10:16:05.436+0000][gc          ] GC(1095) Pause Young (Normal) (G1 Evacuation Pause) 970M->375M(1024M) 80.302ms
[2026-01-16T10:16:05.437+0000][gc,cpu      ] GC(1095) User=0.21s Sys=0.03s Real=0.08s
[2026-01-16T10:16:46.086+0000][gc,start    ] GC(1096) Pause Young (Normal) (G1 Evacuation Pause)
[2026-01-16T10:16:46.111+0000][gc,task     ] GC(1096) Using 8 workers of 8 for evacuation
[2026-01-16T10:16:46.819+0000][gc,mmu      ] GC(1096) MMU target violated: 201.0ms (200.0ms/201.0ms)
[2026-01-16T10:16:46.819+0000][gc,phases   ] GC(1096)   Pre Evacuate Collection Set: 132.1ms
[2026-01-16T10:16:46.819+0000][gc,phases   ] GC(1096)   Merge Heap Roots: 29.4ms
[2026-01-16T10:16:46.819+0000][gc,phases   ] GC(1096)   Evacuate Collection Set: 501.9ms
[2026-01-16T10:16:46.822+0000][gc,phases   ] GC(1096)   Post Evacuate Collection Set: 29.9ms
[2026-01-16T10:16:46.827+0000][gc,phases   ] GC(1096)   Other: 37.4ms
[2026-01-16T10:16:46.827+0000][gc,heap     ] GC(1096) Eden regions: 376->0(47)
[2026-01-16T10:16:46.827+0000][gc,heap     ] GC(1096) Survivor regions: 2->4(48)
[2026-01-16T10:16:46.827+0000][gc,heap     ] GC(1096) Old regions: 233->233
[2026-01-16T10:16:46.827+0000][gc,heap     ] GC(1096) Humongous regions: 141->141
[2026-01-16T10:16:46.827+0000][gc,metaspace] GC(1096) Metaspace: 13301K(13696K)->13301K(13696K) NonClass: 12165K(12352K)->12165K(12352K) Class: 1135K(1344K)->1135K(1344K)
[2026-01-16T10:16:46.829+0000][gc          ] GC(1096) Pause Young (Normal) (G1 Evacuation Pause) 751M->377M(1024M) 743.201ms
[2026-01-16T10:16:46.829+0000][gc,cpu      ] GC(1096) User=0.53s Sys=0.08s Real=0.74s
[2026-01-16T10:16:49.169+0000][gc,start    ] GC(1097) Pause Young (Normal) (G1 Evacuation Pause)
[2026-01-16T10:16:49.174+0000][gc,task     ] GC(1097) Using 8 workers of 8 for evacuation
[2026-01-16T10:16:49.641+0000][gc,mmu      ] GC(1097) MMU target violated: 201.0ms (200.0ms/201.0ms)
[2026-01-16T10:16:49.643+0000][gc,phases   ] GC(1097)   Pre Evacuate Collection Set: 27.3ms
[2026-01-16T10:16:49.644+0000][gc,phases   ] GC(1097)   Merge Heap Roots: 1.7ms
[2026-01-16T10:16:49.651+0000][gc,phases   ] GC(1097)   Evacuate Collection Set: 394.4ms
[2026-01-16T10:16:49.651+0000][gc,phases   ] GC(1097)   Post Evacuate Collection Set: 43.0ms
[2026-01-16T10:16:49.651+0000][gc,phases   ] GC(1097)   Other: 2.9ms
[2026-01-16T10:16:49.651+0000][gc,heap     ] GC(1097) Eden regions: 47->0(47)
[2026-01-16T10:16:49.652+0000][gc,heap     ] GC(1097) Survivor regions: 4->4(7)
[2026-01-16T10:16:49.652+0000][gc,heap     ] GC(1097) Old regions: 233->234
[2026-01-16T10:16:49.652+0000][gc,heap     ] GC(1097) Humongous regions: 141->141
[2026-01-16T10:16:49.652+0000][gc,metaspace] GC(1097) Metaspace: 13301K(13696K)->13301K(13696K) NonClass: 12165K(12352K)->12165K(12352K) Class: 1135K(1344K)->1135K(1344K)
[2026-01-16T10:16:49.652+0000][gc          ] GC(1097) Pause Young (Normal) (G1 Evacuation Pause) 424M->377M(1024M) 483.355ms
[2026-01-16T10:16:49.652+0000][gc,cpu      ] GC(1097) User=0.36s Sys=0.03s Real=0.48s
[2026-01-16T10:16:51.308+0000][gc,start    ] GC(1098) Pause Young (Normal) (G1 Evacuation Pause)
[2026-01-16T10:16:51.311+0000][gc,task     ] GC(1098) Using 8 workers of 8 for evacuation
[2026-01-16T10:16:51.472+0000][gc,phases   ] GC(1098)   Pre Evacuate Collection Set: 3.0ms
[2026-01-16T10:16:51.474+0000][gc,phases   ] GC(1098)   Merge Heap Roots: 1.0ms
[2026-01-16T10:16:51.476+0000][gc,phases   ] GC(1098)   Evacuate Collection Set: 147.9ms
[2026-01-16T10:16:51.476+0000][gc,phases   ] GC(1098)   Post Evacuate Collection Set: 8.2ms
[2026-01-16T10:16:51.477+0000][gc,phases   ] GC(1098)   Other: 0.7ms
[2026-01-16T10:16:51.478+0000][gc,heap     ] GC(1098) Eden regions: 47->0(48)
[2026-01-16T10:16:51.478+0000][gc,heap     ] GC(1098) Survivor regions: 4->3(7)
[2026-01-16T10:16:51.478+0000][gc,heap     ] GC(1098) Old regions: 234->234
[2026-01-16T10:16:51.478+0000][gc,heap     ] GC(1098) Humongous regions: 141->141
[2026-01-16T10:16:51.479+0000][gc,metaspace] GC(1098) Metaspace: 13301K(13696K)->13301K(13696K) NonClass: 12165K(12352K)->12165K(12352K) Class: 1135K(1344K)->1135K(1344K)
[2026-01-16T10:16:51.479+0000][gc          ] GC(1098) Pause Young (Normal) (G1 Evacuation Pause) 424M->377M(1024M) 170.732ms
[2026-01-16T10:16:51.480+0000][gc,cpu      ] GC(1098) User=0.17s Sys=0.02s Real=0.17s
[2026-01-16T10:16:52.963+0000][gc,start    ] GC(1099) Pause Young (Normal) (G1 Evacuation Pause)
[2026-01-16T10:16:52.967+0000][gc,task     ] GC(1099) Using 8 workers of 8 for evacuation
[2026-01-16T10:16:53.334+0000][gc,mmu      ] GC(1099) MMU target violated: 201.0ms (200.0ms/201.0ms)
[2026-01-16T10:16:53.335+0000][gc,phases   ] GC(1099)   Pre Evacuate Collection Set: 1.5ms
[2026-01-16T10:16:53.337+0000][gc,phases   ] GC(1099)   Merge Heap Roots: 0.3ms
[2026-01-16T10:16:53.337+0000][gc,phases   ] GC(1099)   Evacuate Collection Set: 360.7ms
[2026-01-16T10:16:53.337+0000][gc,phases   ] GC(1099)   Post Evacuate Collection Set: 3.1ms
[2026-01-16T10:16:53.337+0000][gc,phases   ] GC(1099)   Other: 2.6ms
[2026-01-16T10:16:53.339+0000][gc,heap     ] GC(1099) Eden regions: 48->0(47)
[2026-01-16T10:16:53.341+0000][gc,heap     ] GC(1099) Survivor regions: 3->4(7)
[2026-01-16T10:16:53.341+0000][gc,heap     ] GC(1099) Old regions: 234->234
[2026-01-16T10:16:53.342+0000][gc,heap     ] GC(1099) Humongous regions: 141->141
[2026-01-16T10:16:53.342+0000][gc,metaspace] GC(1099) Metaspace: 13301K(13696K)->13301K(13696K) NonClass: 12165K(12352K)->12165K(12352K) Class: 1135K(1344K)->1135K(1344K)
[2026-01-16T10:16:53.346+0000][gc          ] GC(1099) Pause Young (Normal) (G1 Evacuation Pause) 425M->377M(1024M) 383.393ms
[2026-01-16T10:16:53.347+0000][gc,cpu      ] GC(1099) User=0.09s Sys=0.01s Real=0.39s
[2026-01-16T10:16:55.757+0000][gc,start    ] GC(1100) Pause Young (Normal) (G1 Evacuation Pause)
[2026-01-16T10:16:55.762+0000][gc,task     ] GC(1100) Using 8 workers of 8 for evacuation
[2026-01-16T10:16:55.908+0000][gc,phases   ] GC(1100)   Pre Evacuate Collection Set: 23.6ms
[2026-01-16T10:16:55.911+0000][gc,phases   ] GC(1100)   Merge Heap Roots: 6.9ms
[2026-01-16T10:16:55.913+0000][gc,phases   ] GC(1100)   Evacuate Collection Set: 102.1ms
[2026-01-16T10:16:55.913+0000][gc,phases   ] GC(1100)   Post Evacuate Collection Set: 12.3ms
[2026-01-16T10:16:55.914+0000][gc,phases   ] GC(1100)   Other: 1.1ms
[2026-01-16T10:16:55.914+0000][gc,heap     ] GC(1100) Eden regions: 47->0(48)
[2026-01-16T10:16:55.914+0000][gc,heap     ] GC(1100) Survivor regions: 4->3(7)
[2026-01-16T10:16:55.914+0000][gc,heap     ] GC(1100) Old regions: 234->234
[2026-01-16T10:16:55.914+0000][gc,heap     ] GC(1100) Humongous regions: 141->141
[2026-01-16T10:16:55.915+0000][gc,metaspace] GC(1100) Metaspace: 13301K(13696K)->13301K(13696K) NonClass: 12165K(12352K)->12165K(12352K) Class: 1135K(1344K)->1135K(1344K)
[2026-01-16T10:16:55.915+0000][gc          ] GC(1100) Pause Young (Normal) (G1 Evacuation Pause) 424M->376M(1024M) 158.317ms
[2026-01-16T10:16:55.916+0000][gc,cpu      ] GC(1100) User=0.14s Sys=0.01s Real=0.16s
[2026-01-16T10:16:57.354+0000][gc,start    ] GC(1101) Pause Young (Normal) (G1 Evacuation Pause)
[2026-01-16T10:16:57.354+0000][gc,task     ] GC(1101) Using 8 workers of 8 for evacuation
[2026-01-16T10:16:57.585+0000][gc,mmu      ] GC(1101) MMU target violated: 201.0ms (200.0ms/201.0ms)
[2026-01-16T10:16:57.586+0000][gc,phases   ] GC(1101)   Pre Evacuate Collection Set: 7.6ms
[2026-01-16T10:16:57.592+0000][gc,phases   ] GC(1101)   Merge Heap Roots: 1.6ms
[2026-01-16T10:16:57.594+0000][gc,phases   ] GC(1101)   Evacuate Collection Set: 160.9ms
[2026-01-16T10:16:57.594+0000][gc,phases   ] GC(1101)   Post Evacuate Collection Set: 53.5ms
[2026-01-16T10:16:57.595+0000][gc,phases   ] GC(1101)   Other: 8.4ms
[2026-01-16T10:16:57.596+0000][gc,heap     ] GC(1101) Eden regions: 48->0(47)
[2026-01-16T10:16:57.596+0000][gc,heap     ] GC(1101) Survivor regions: 3->4(7)
[2026-01-16T10:16:57.597+0000][gc,heap     ] GC(1101) Old regions: 234->234
[2026-01-16T10:16:57.598+0000][gc,heap     ] GC(1101) Humongous regions: 141->141
[2026-01-16T10:16:57.599+0000][gc,metaspace] GC(1101) Metaspace: 13301K(13696K)->13301K(13696K) NonClass: 12165K(12352K)->12165K(12352K) Class: 1135K(1344K)->1135K(1344K)
[2026-01-16T10:16:57.601+0000][gc          ] GC(1101) Pause Young (Normal) (G1 Evacuation Pause) 424M->377M(1024M) 246.802ms
[2026-01-16T10:16:57.607+0000][gc,cpu      ] GC(1101) User=0.16s Sys=0.01s Real=0.26s
[2026-01-16T10:17:05.033+0000][gc,start    ] GC(1102) Pause Young (Normal) (G1 Evacuation Pause)
[2026-01-16T10:17:05.036+0000][gc,task     ] GC(1102) Using 8 workers of 8 for evacuation
[2026-01-16T10:17:05.299+0000][gc,mmu      ] GC(1102) MMU target violated: 201.0ms (200.0ms/201.0ms)
[2026-01-16T10:17:05.300+0000][gc,phases   ] GC(1102)   Pre Evacuate Collection Set: 31.9ms
[2026-01-16T10:17:05.300+0000][gc,phases   ] GC(1102)   Merge Heap Roots: 1.6ms
[2026-01-16T10:17:05.300+0000][gc,phases   ] GC(1102)   Evacuate Collection Set: 200.2ms
[2026-01-16T10:17:05.300+0000][gc,phases   ] GC(1102)   Post Evacuate Collection Set: 29.5ms
[2026-01-16T10:17:05.300+0000][gc,phases   ] GC(1102)   Other: 0.7ms
[2026-01-16T10:17:05.300+0000][gc,heap     ] GC(1102) Eden regions: 47->0(48)
[2026-01-16T10:17:05.300+0000][gc,heap     ] GC(1102) Survivor regions: 4->3(7)
[2026-01-16T10:17:05.300+0000][gc,heap     ] GC(1102) Old regions: 234->234
[2026-01-16T10:17:05.300+0000][gc,heap     ] GC(1102) Humongous regions: 141->141
[2026-01-16T10:17:05.300+0000][gc,metaspace] GC(1102) Metaspace: 13301K(13696K)->13301K(13696K) NonClass: 12165K(12352K)->12165K(12352K) Class: 1135K(1344K)->1135K(1344K)
[2026-01-16T10:17:05.300+0000][gc          ] GC(1102) Pause Young (Normal) (G1 Evacuation Pause) 424M->376M(1024M) 266.899ms
[2026-01-16T10:17:05.300+0000][gc,cpu      ] GC(1102) User=0.18s Sys=0.01s Real=0.27s
[2026-01-16T10:17:07.526+0000][gc,start    ] GC(1103) Pause Young (Normal) (G1 Evacuation Pause)
[2026-01-16T10:17:07.530+0000][gc,task     ] GC(1103) Using 8 workers of 8 for evacuation
[2026-01-16T10:17:07.953+0000][gc,mmu      ] GC(1103) MMU target violated: 201.0ms (200.0ms/201.0ms)
[2026-01-16T10:17:07.954+0000][gc,phases   ] GC(1103)   Pre Evacuate Collection Set: 39.1ms
[2026-01-16T10:17:07.954+0000][gc,phases   ] GC(1103)   Merge Heap Roots: 19.9ms
[2026-01-16T10:17:07.955+0000][gc,phases   ] GC(1103)   Evacuate Collection Set: 335.0ms
[2026-01-16T10:17:07.956+0000][gc,phases   ] GC(1103)   Post Evacuate Collection Set: 24.3ms
[2026-01-16T10:17:07.956+0000][gc,phases   ] GC(1103)   Other: 5.3ms
[2026-01-16T10:17:07.957+0000][gc,heap     ] GC(1103) Eden regions: 48->0(47)
[2026-01-16T10:17:07.965+0000][gc,heap     ] GC(1103) Survivor regions: 3->4(7)
[2026-01-16T10:17:07.970+0000][gc,heap     ] GC(1103) Old regions: 234->234
[2026-01-16T10:17:07.971+0000][gc,heap     ] GC(1103) Humongous regions: 141->141
[2026-01-16T10:17:07.971+0000][gc,metaspace] GC(1103) Metaspace: 13301K(13696K)->13301K(13696K) NonClass: 12165K(12352K)->12165K(12352K) Class: 1135K(1344K)->1135K(1344K)
[2026-01-16T10:17:07.972+0000][gc          ] GC(1103) Pause Young (Normal) (G1 Evacuation Pause) 424M->377M(1024M) 446.727ms
[2026-01-16T10:17:07.974+0000][gc,cpu      ] GC(1103) User=0.27s Sys=0.02s Real=0.44s
[2026-01-16T10:17:09.405+0000][gc,start    ] GC(1104) Pause Young (Normal) (G1 Evacuation Pause)
[2026-01-16T10:17:09.407+0000][gc,task     ] GC(1104) Using 8 workers of 8 for evacuation
[2026-01-16T10:17:09.580+0000][gc,phases   ] GC(1104)   Pre Evacuate Collection Set: 13.5ms
[2026-01-16T10:17:09.583+0000][gc,phases   ] GC(1104)   Merge Heap Roots: 0.8ms
[2026-01-16T10:17:09.583+0000][gc,phases   ] GC(1104)   Evacuate Collection Set: 132.9ms
[2026-01-16T10:17:09.585+0000][gc,phases   ] GC(1104)   Post Evacuate Collection Set: 11.8ms
[2026-01-16T10:17:09.585+0000][gc,phases   ] GC(1104)   Other: 15.8ms
[2026-01-16T10:17:09.585+0000][gc,heap     ] GC(1104) Eden regions: 47->0(47)
[2026-01-16T10:17:09.586+0000][gc,heap     ] GC(1104) Survivor regions: 4->4(7)
[2026-01-16T10:17:09.586+0000][gc,heap     ] GC(1104) Old regions: 234->234
[2026-01-16T10:17:09.586+0000][gc,heap     ] GC(1104) Humongous regions: 141->141
[2026-01-16T10:17:09.588+0000][gc,metaspace] GC(1104) Metaspace: 13301K(13696K)->13301K(13696K) NonClass: 12165K(12352K)->12165K(12352K) Class: 1135K(1344K)->1135K(1344K)
[2026-01-16T10:17:09.588+0000][gc          ] GC(1104) Pause Young (Normal) (G1 Evacuation Pause) 424M->377M(1024M) 185.106ms
[2026-01-16T10:17:09.590+0000][gc,cpu      ] GC(1104) User=0.09s Sys=0.01s Real=0.18s
[2026-01-16T10:17:16.621+0000][gc,start    ] GC(1105) Pause Young (Normal) (G1 Evacuation Pause)
[2026-01-16T10:17:16.623+0000][gc,task     ] GC(1105) Using 8 workers of 8 for evacuation
[2026-01-16T10:17:16.955+0000][gc,mmu      ] GC(1105) MMU target violated: 201.0ms (200.0ms/201.0ms)
[2026-01-16T10:17:16.956+0000][gc,phases   ] GC(1105)   Pre Evacuate Collection Set: 28.5ms
[2026-01-16T10:17:16.957+0000][gc,phases   ] GC(1105)   Merge Heap Roots: 12.5ms
[2026-01-16T10:17:16.958+0000][gc,phases   ] GC(1105)   Evacuate Collection Set: 252.9ms
[2026-01-16T10:17:16.958+0000][gc,phases   ] GC(1105)   Post Evacuate Collection Set: 35.7ms
[2026-01-16T10:17:16.961+0000][gc,phases   ] GC(1105)   Other: 3.8ms
[2026-01-16T10:17:16.961+0000][gc,heap     ] GC(1105) Eden regions: 47->0(48)
[2026-01-16T10:17:16.962+0000][gc,heap     ] GC(1105) Survivor regions: 4->3(7)
[2026-01-16T10:17:16.966+0000][gc,heap     ] GC(1105) Old regions: 234->234
[2026-01-16T10:17:16.967+0000][gc,heap     ] GC(1105) Humongous regions: 141->141
[2026-01-16T10:17:16.967+0000][gc,metaspace] GC(1105) Metaspace: 13301K(13696K)->13301K(13696K) NonClass: 12165K(12352K)->12165K(12352K) Class: 1135K(1344K)->1135K(1344K)
[2026-01-16T10:17:16.968+0000][gc          ] GC(1105) Pause Young (Normal) (G1 Evacuation Pause) 424M->376M(1024M) 348.581ms
[2026-01-16T10:17:16.968+0000][gc,cpu      ] GC(1105) User=0.24s Sys=0.01s Real=0.35s
[2026-01-16T10:17:17.748+0000][gc,start    ] GC(1106) Pause Young (Normal) (G1 Evacuation Pause)
[2026-01-16T10:17:17.750+0000][gc,task     ] GC(1106) Using 8 workers of 8 for evacuation
[2026-01-16T10:17:17.823+0000][gc,phases   ] GC(1106)   Pre Evacuate Collection Set: 0.9ms
[2026-01-16T10:17:17.823+0000][gc,phases   ] GC(1106)   Merge Heap Roots: 0.5ms
[2026-01-16T10:17:17.824+0000][gc,phases   ] GC(1106)   Evacuate Collection Set: 68.3ms
[2026-01-16T10:17:17.825+0000][gc,phases   ] GC(1106)   Post Evacuate Collection Set: 2.4ms
[2026-01-16T10:17:17.826+0000][gc,phases   ] GC(1106)   Other: 1.1ms
[2026-01-16T10:17:17.831+0000][gc,heap     ] GC(1106) Eden regions: 48->0(47)
[2026-01-16T10:17:17.835+0000][gc,heap     ] GC(1106) Survivor regions: 3->4(7)
[2026-01-16T10:17:17.835+0000][gc,heap     ] GC(1106) Old regions: 234->234
[2026-01-16T10:17:17.836+0000][gc,heap     ] GC(1106) Humongous regions: 141->141
[2026-01-16T10:17:17.836+0000][gc,metaspace] GC(1106) Metaspace: 13301K(13696K)->13301K(13696K) NonClass: 12165K(12352K)->12165K(12352K) Class: 1135K(1344K)->1135K(1344K)
[2026-01-16T10:17:17.838+0000][gc          ] GC(1106) Pause Young (Normal) (G1 Evacuation Pause) 424M->377M(1024M) 89.348ms
[2026-01-16T10:17:17.838+0000][gc,cpu      ] GC(1106) User=0.08s Sys=0.01s Real=0.09s
[2026-01-16T10:17:25.458+0000][gc,start    ] GC(1107) Pause Young (Normal) (G1 Evacuation Pause)
[2026-01-16T10:17:25.464+0000][gc,task     ] GC(1107) Using 8 workers of 8 for evacuation
[2026-01-16T10:17:25.801+0000][gc,mmu      ] GC(1107) MMU target violated: 201.0ms (200.0ms/201.0ms)
[2026-01-16T10:17:25.802+0000][gc,phases   ] GC(1107)   Pre Evacuate Collection Set: 36.2ms
[2026-01-16T10:17:25.803+0000][gc,phases   ] GC(1107)   Merge Heap Roots: 12.8ms
[2026-01-16T10:17:25.805+0000][gc,phases   ] GC(1107)   Evacuate Collection Set: 249.0ms
[2026-01-16T10:17:25.807+0000][gc,phases   ] GC(1107)   Post Evacuate Collection Set: 37.4ms
[2026-01-16T10:17:25.811+0000][gc,phases   ] GC(1107)   Other: 3.0ms
[2026-01-16T10:17:25.812+0000][gc,heap     ] GC(1107) Eden regions: 47->0(48)
[2026-01-16T10:17:25.814+0000][gc,heap     ] GC(1107) Survivor regions: 4->3(7)
[2026-01-16T10:17:25.825+0000][gc,heap     ] GC(1107) Old regions: 234->234
[2026-01-16T10:17:25.827+0000][gc,heap     ] GC(1107) Humongous regions: 141->141
[2026-01-16T10:17:25.827+0000][gc,metaspace] GC(1107) Metaspace: 13301K(13696K)->13301K(13696K) NonClass: 12165K(12352K)->12165K(12352K) Class: 1135K(1344K)->1135K(1344K)
[2026-01-16T10:17:25.828+0000][gc          ] GC(1107) Pause Young (Normal) (G1 Evacuation Pause) 424M->376M(1024M) 369.818ms
[2026-01-16T10:17:25.828+0000][gc,cpu      ] GC(1107) User=0.20s Sys=0.03s Real=0.37s
[2026-01-16T10:17:27.069+0000][gc,start    ] GC(1108) Pause Young (Normal) (G1 Evacuation Pause)
[2026-01-16T10:17:27.070+0000][gc,task     ] GC(1108) Using 8 workers of 8 for evacuation
[2026-01-16T10:17:27.130+0000][gc,phases   ] GC(1108)   Pre Evacuate Collection Set: 2.2ms
[2026-01-16T10:17:27.130+0000][gc,phases   ] GC(1108)   Merge Heap Roots: 0.6ms
[2026-01-16T10:17:27.131+0000][gc,phases   ] GC(1108)   Evacuate Collection Set: 53.8ms
[2026-01-16T10:17:27.131+0000][gc,phases   ] GC(1108)   Post Evacuate Collection Set: 3.2ms
[2026-01-16T10:17:27.131+0000][gc,phases   ] GC(1108)   Other: 0.3ms
[2026-01-16T10:17:27.132+0000][gc,heap     ] GC(1108) Eden regions: 48->0(47)
[2026-01-16T10:17:27.132+0000][gc,heap     ] GC(1108) Survivor regions: 3->4(7)
[2026-01-16T10:17:27.133+0000][gc,heap     ] GC(1108) Old regions: 234->234
[2026-01-16T10:17:27.133+0000][gc,heap     ] GC(1108) Humongous regions: 141->141
[2026-01-16T10:17:27.133+0000][gc,metaspace] GC(1108) Metaspace: 13301K(13696K)->13301K(13696K) NonClass: 12165K(12352K)->12165K(12352K) Class: 1135K(1344K)->1135K(1344K)
[2026-01-16T10:17:27.134+0000][gc          ] GC(1108) Pause Young (Normal) (G1 Evacuation Pause) 424M->377M(1024M) 64.403ms
[2026-01-16T10:17:27.134+0000][gc,cpu      ] GC(1108) User=0.08s Sys=0.00s Real=0.07s
[2026-01-16T10:17:34.596+0000][gc,start    ] GC(1109) Pause Young (Normal) (G1 Evacuation Pause)
[2026-01-16T10:17:34.602+0000][gc,task     ] GC(1109) Using 8 workers of 8 for evacuation
[2026-01-16T10:17:34.797+0000][gc,phases   ] GC(1109)   Pre Evacuate Collection Set: 23.8ms
[2026-01-16T10:17:34.798+0000][gc,phases   ] GC(1109)   Merge Heap Roots: 3.4ms
[2026-01-16T10:17:34.799+0000][gc,phases   ] GC(1109)   Evacuate Collection Set: 150.3ms
[2026-01-16T10:17:34.802+0000][gc,phases   ] GC(1109)   Post Evacuate Collection Set: 16.7ms
[2026-01-16T10:17:34.805+0000][gc,phases   ] GC(1109)   Other: 7.3ms
[2026-01-16T10:17:34.807+0000][gc,heap     ] GC(1109) Eden regions: 47->0(176)
[2026-01-16T10:17:34.807+0000][gc,heap     ] GC(1109) Survivor regions: 4->2(7)
[2026-01-16T10:17:34.809+0000][gc,heap     ] GC(1109) Old regions: 234->234
[2026-01-16T10:17:34.812+0000][gc,heap     ] GC(1109) Humongous regions: 141->141
[2026-01-16T10:17:34.814+0000][gc,metaspace] GC(1109) Metaspace: 13301K(13696K)->13301K(13696K) NonClass: 12165K(12352K)->12165K(12352K) Class: 1135K(1344K)->1135K(1344K)
[2026-01-16T10:17:34.820+0000][gc          ] GC(1109) Pause Young (Normal) (G1 Evacuation Pause) 424M->376M(1024M) 223.999ms
[2026-01-16T10:17:34.821+0000][gc,cpu      ] GC(1109) User=0.19s Sys=0.01s Real=0.22s
[2026-01-16T10:17:48.363+0000][gc,start    ] GC(1110) Pause Young (Normal) (G1 Evacuation Pause)
[2026-01-16T10:17:48.365+0000][gc,task     ] GC(1110) Using 8 workers of 8 for evacuation
[2026-01-16T10:17:48.506+0000][gc,phases   ] GC(1110)   Pre Evacuate Collection Set: 19.9ms
[2026-01-16T10:17:48.506+0000][gc,phases   ] GC(1110)   Merge Heap Roots: 6.9ms
[2026-01-16T10:17:48.506+0000][gc,phases   ] GC(1110)   Evacuate Collection Set: 102.5ms
[2026-01-16T10:17:48.507+0000][gc,phases   ] GC(1110)   Post Evacuate Collection Set: 10.2ms
[2026-01-16T10:17:48.507+0000][gc,phases   ] GC(1110)   Other: 2.5ms
[2026-01-16T10:17:48.508+0000][gc,heap     ] GC(1110) Eden regions: 208->0(83)
[2026-01-16T10:17:48.508+0000][gc,heap     ] GC(1110) Survivor regions: 2->4(27)
[2026-01-16T10:17:48.508+0000][gc,heap     ] GC(1110) Old regions: 234->234
[2026-01-16T10:17:48.508+0000][gc,heap     ] GC(1110) Humongous regions: 141->141
[2026-01-16T10:17:48.508+0000][gc,metaspace] GC(1110) Metaspace: 13301K(13696K)->13301K(13696K) NonClass: 12165K(12352K)->12165K(12352K) Class: 1135K(1344K)->1135K(1344K)
[2026-01-16T10:17:48.508+0000][gc          ] GC(1110) Pause Young (Normal) (G1 Evacuation Pause) 584M->377M(1024M) 144.763ms
[2026-01-16T10:17:48.509+0000][gc,cpu      ] GC(1110) User=0.23s Sys=0.01s Real=0.15s
[2026-01-16T10:17:58.728+0000][gc,start    ] GC(1111) Pause Young (Normal) (G1 Evacuation Pause)
[2026-01-16T10:17:58.730+0000][gc,task     ] GC(1111) Using 8 workers of 8 for evacuation
[2026-01-16T10:17:58.935+0000][gc,mmu      ] GC(1111) MMU target violated: 201.0ms (200.0ms/201.0ms)
[2026-01-16T10:17:58.944+0000][gc,phases   ] GC(1111)   Pre Evacuate Collection Set: 40.9ms
[2026-01-16T10:17:58.945+0000][gc,phases   ] GC(1111)   Merge Heap Roots: 8.3ms
[2026-01-16T10:17:58.945+0000][gc,phases   ] GC(1111)   Evacuate Collection Set: 138.2ms
[2026-01-16T10:17:58.945+0000][gc,phases   ] GC(1111)   Post Evacuate Collection Set: 14.8ms
[2026-01-16T10:17:58.945+0000][gc,phases   ] GC(1111)   Other: 12.0ms
[2026-01-16T10:17:58.946+0000][gc,heap     ] GC(1111) Eden regions: 102->0(320)
[2026-01-16T10:17:58.946+0000][gc,heap     ] GC(1111) Survivor regions: 4->2(14)
[2026-01-16T10:17:58.946+0000][gc,heap     ] GC(1111) Old regions: 234->235
[2026-01-16T10:17:58.946+0000][gc,heap     ] GC(1111) Humongous regions: 141->141
[2026-01-16T10:17:58.946+0000][gc,metaspace] GC(1111) Metaspace: 13301K(13696K)->13301K(13696K) NonClass: 12165K(12352K)->12165K(12352K) Class: 1135K(1344K)->1135K(1344K)
[2026-01-16T10:17:58.947+0000][gc          ] GC(1111) Pause Young (Normal) (G1 Evacuation Pause) 479M->377M(1024M) 218.749ms
[2026-01-16T10:17:58.947+0000][gc,cpu      ] GC(1111) User=0.18s Sys=0.04s Real=0.22s
[2026-01-16T10:18:44.539+0000][gc,start    ] GC(1112) Pause Young (Normal) (G1 Evacuation Pause)
[2026-01-16T10:18:44.545+0000][gc,task     ] GC(1112) Using 8 workers of 8 for evacuation
[2026-01-16T10:18:44.852+0000][gc,mmu      ] GC(1112) MMU target violated: 201.0ms (200.0ms/201.0ms)
[2026-01-16T10:18:44.853+0000][gc,phases   ] GC(1112)   Pre Evacuate Collection Set: 59.5ms
[2026-01-16T10:18:44.853+0000][gc,phases   ] GC(1112)   Merge Heap Roots: 7.6ms
[2026-01-16T10:18:44.854+0000][gc,phases   ] GC(1112)   Evacuate Collection Set: 212.5ms
[2026-01-16T10:18:44.855+0000][gc,phases   ] GC(1112)   Post Evacuate Collection Set: 11.2ms
[2026-01-16T10:18:44.855+0000][gc,phases   ] GC(1112)   Other: 18.6ms
[2026-01-16T10:18:44.856+0000][gc,heap     ] GC(1112) Eden regions: 476->0(50)
[2026-01-16T10:18:44.856+0000][gc,heap     ] GC(1112) Survivor regions: 2->1(60)
[2026-01-16T10:18:44.856+0000][gc,heap     ] GC(1112) Old regions: 235->236
[2026-01-16T10:18:44.856+0000][gc,heap     ] GC(1112) Humongous regions: 141->141
[2026-01-16T10:18:44.857+0000][gc,metaspace] GC(1112) Metaspace: 13301K(13696K)->13301K(13696K) NonClass: 12165K(12352K)->12165K(12352K) Class: 1135K(1344K)->1135K(1344K)
[2026-01-16T10:18:44.857+0000][gc          ] GC(1112) Pause Young (Normal) (G1 Evacuation Pause) 853M->377M(1024M) 318.256ms
[2026-01-16T10:18:44.858+0000][gc,cpu      ] GC(1112) User=0.25s Sys=0.02s Real=0.31s
[2026-01-16T10:19:34.885+0000][gc,start    ] GC(1113) Pause Young (Normal) (G1 Evacuation Pause)
[2026-01-16T10:19:34.887+0000][gc,task     ] GC(1113) Using 8 workers of 8 for evacuation
[2026-01-16T10:19:34.940+0000][gc,phases   ] GC(1113)   Pre Evacuate Collection Set: 13.6ms
[2026-01-16T10:19:34.940+0000][gc,phases   ] GC(1113)   Merge Heap Roots: 1.6ms
[2026-01-16T10:19:34.940+0000][gc,phases   ] GC(1113)   Evacuate Collection Set: 34.4ms
[2026-01-16T10:19:34.940+0000][gc,phases   ] GC(1113)   Post Evacuate Collection Set: 3.0ms
[2026-01-16T10:19:34.940+0000][gc,phases   ] GC(1113)   Other: 1.5ms
[2026-01-16T10:19:34.941+0000][gc,heap     ] GC(1113) Eden regions: 581->0(333)
[2026-01-16T10:19:34.941+0000][gc,heap     ] GC(1113) Survivor regions: 1->1(65)
[2026-01-16T10:19:34.941+0000][gc,heap     ] GC(1113) Old regions: 236->236
[2026-01-16T10:19:34.941+0000][gc,heap     ] GC(1113) Humongous regions: 141->141
[2026-01-16T10:19:34.941+0000][gc,metaspace] GC(1113) Metaspace: 13301K(13696K)->13301K(13696K) NonClass: 12165K(12352K)->12165K(12352K) Class: 1135K(1344K)->1135K(1344K)
[2026-01-16T10:19:34.942+0000][gc          ] GC(1113) Pause Young (Normal) (G1 Evacuation Pause) 958M->376M(1024M) 56.224ms
[2026-01-16T10:19:34.942+0000][gc,cpu      ] GC(1113) User=0.24s Sys=0.01s Real=0.06s
[2026-01-16T10:20:26.054+0000][gc,start    ] GC(1114) Pause Young (Normal) (G1 Evacuation Pause)
[2026-01-16T10:20:26.057+0000][gc,task     ] GC(1114) Using 8 workers of 8 for evacuation
[2026-01-16T10:20:26.198+0000][gc,phases   ] GC(1114)   Pre Evacuate Collection Set: 35.3ms
[2026-01-16T10:20:26.198+0000][gc,phases   ] GC(1114)   Merge Heap Roots: 3.8ms
[2026-01-16T10:20:26.199+0000][gc,phases   ] GC(1114)   Evacuate Collection Set: 67.6ms
[2026-01-16T10:20:26.199+0000][gc,phases   ] GC(1114)   Post Evacuate Collection Set: 31.7ms
[2026-01-16T10:20:26.200+0000][gc,phases   ] GC(1114)   Other: 3.4ms
[2026-01-16T10:20:26.200+0000][gc,heap     ] GC(1114) Eden regions: 593->0(574)
[2026-01-16T10:20:26.200+0000][gc,heap     ] GC(1114) Survivor regions: 1->1(53)
[2026-01-16T10:20:26.201+0000][gc,heap     ] GC(1114) Old regions: 236->236
[2026-01-16T10:20:26.201+0000][gc,heap     ] GC(1114) Humongous regions: 141->141
[2026-01-16T10:20:26.202+0000][gc,metaspace] GC(1114) Metaspace: 13301K(13696K)->13301K(13696K) NonClass: 12165K(12352K)->12165K(12352K) Class: 1135K(1344K)->1135K(1344K)
[2026-01-16T10:20:26.202+0000][gc          ] GC(1114) Pause Young (Normal) (G1 Evacuation Pause) 969M->377M(1024M) 147.791ms
[2026-01-16T10:20:26.203+0000][gc,cpu      ] GC(1114) User=0.23s Sys=0.01s Real=0.15s
[2026-01-16T10:21:16.468+0000][gc,start    ] GC(1115) Pause Young (Normal) (G1 Evacuation Pause)
[2026-01-16T10:21:16.470+0000][gc,task     ] GC(1115) Using 8 workers of 8 for evacuation
[2026-01-16T10:21:16.548+0000][gc,phases   ] GC(1115)   Pre Evacuate Collection Set: 32.3ms
[2026-01-16T10:21:16.548+0000][gc,phases   ] GC(1115)   Merge Heap Roots: 8.8ms
[2026-01-16T10:21:16.548+0000][gc,phases   ] GC(1115)   Evacuate Collection Set: 22.8ms
[2026-01-16T10:21:16.549+0000][gc,phases   ] GC(1115)   Post Evacuate Collection Set: 7.8ms
[2026-01-16T10:21:16.550+0000][gc,phases   ] GC(1115)   Other: 6.5ms
[2026-01-16T10:21:16.550+0000][gc,heap     ] GC(1115) Eden regions: 593->0(591)
[2026-01-16T10:21:16.550+0000][gc,heap     ] GC(1115) Survivor regions: 1->2(53)
[2026-01-16T10:21:16.550+0000][gc,heap     ] GC(1115) Old regions: 236->236
[2026-01-16T10:21:16.551+0000][gc,heap     ] GC(1115) Humongous regions: 141->141
[2026-01-16T10:21:16.551+0000][gc,metaspace] GC(1115) Metaspace: 13301K(13696K)->13301K(13696K) NonClass: 12165K(12352K)->12165K(12352K) Class: 1135K(1344K)->1135K(1344K)
[2026-01-16T10:21:16.551+0000][gc          ] GC(1115) Pause Young (Normal) (G1 Evacuation Pause) 970M->377M(1024M) 83.161ms
[2026-01-16T10:21:16.552+0000][gc,cpu      ] GC(1115) User=0.13s Sys=0.01s Real=0.09s
[2026-01-16T10:22:05.699+0000][gc,start    ] GC(1116) Pause Young (Normal) (G1 Evacuation Pause)
[2026-01-16T10:22:05.700+0000][gc,task     ] GC(1116) Using 8 workers of 8 for evacuation
[2026-01-16T10:22:05.741+0000][gc,phases   ] GC(1116)   Pre Evacuate Collection Set: 12.2ms
[2026-01-16T10:22:05.741+0000][gc,phases   ] GC(1116)   Merge Heap Roots: 0.9ms
[2026-01-16T10:22:05.741+0000][gc,phases   ] GC(1116)   Evacuate Collection Set: 23.9ms
[2026-01-16T10:22:05.741+0000][gc,phases   ] GC(1116)   Post Evacuate Collection Set: 2.7ms
[2026-01-16T10:22:05.741+0000][gc,phases   ] GC(1116)   Other: 1.4ms
[2026-01-16T10:22:05.742+0000][gc,heap     ] GC(1116) Eden regions: 591->0(591)
[2026-01-16T10:22:05.742+0000][gc,heap     ] GC(1116) Survivor regions: 2->2(54)
[2026-01-16T10:22:05.742+0000][gc,heap     ] GC(1116) Old regions: 236->236
[2026-01-16T10:22:05.742+0000][gc,heap     ] GC(1116) Humongous regions: 141->141
[2026-01-16T10:22:05.742+0000][gc,metaspace] GC(1116) Metaspace: 13301K(13696K)->13301K(13696K) NonClass: 12165K(12352K)->12165K(12352K) Class: 1135K(1344K)->1135K(1344K)
[2026-01-16T10:22:05.743+0000][gc          ] GC(1116) Pause Young (Normal) (G1 Evacuation Pause) 968M->378M(1024M) 43.258ms
[2026-01-16T10:22:05.743+0000][gc,cpu      ] GC(1116) User=0.20s Sys=0.02s Real=0.04s
[2026-01-16T10:23:05.614+0000][gc,start    ] GC(1117) Pause Young (Normal) (G1 Evacuation Pause)
[2026-01-16T10:23:05.627+0000][gc,task     ] GC(1117) Using 8 workers of 8 for evacuation
[2026-01-16T10:23:05.740+0000][gc,phases   ] GC(1117)   Pre Evacuate Collection Set: 30.1ms
[2026-01-16T10:23:05.740+0000][gc,phases   ] GC(1117)   Merge Heap Roots: 5.1ms
[2026-01-16T10:23:05.740+0000][gc,phases   ] GC(1117)   Evacuate Collection Set: 61.5ms
[2026-01-16T10:23:05.740+0000][gc,phases   ] GC(1117)   Post Evacuate Collection Set: 15.4ms
[2026-01-16T10:23:05.741+0000][gc,phases   ] GC(1117)   Other: 6.8ms
[2026-01-16T10:23:05.741+0000][gc,heap     ] GC(1117) Eden regions: 591->0(593)
[2026-01-16T10:23:05.741+0000][gc,heap     ] GC(1117) Survivor regions: 2->1(54)
[2026-01-16T10:23:05.741+0000][gc,heap     ] GC(1117) Old regions: 236->236
[2026-01-16T10:23:05.741+0000][gc,heap     ] GC(1117) Humongous regions: 141->141
[2026-01-16T10:23:05.741+0000][gc,metaspace] GC(1117) Metaspace: 13301K(13696K)->13301K(13696K) NonClass: 12165K(12352K)->12165K(12352K) Class: 1135K(1344K)->1135K(1344K)
[2026-01-16T10:23:05.741+0000][gc          ] GC(1117) Pause Young (Normal) (G1 Evacuation Pause) 969M->377M(1024M) 127.322ms
[2026-01-16T10:23:05.742+0000][gc,cpu      ] GC(1117) User=0.46s Sys=0.06s Real=0.13s
[2026-01-16T10:23:55.267+0000][gc,start    ] GC(1118) Pause Young (Normal) (G1 Evacuation Pause)
[2026-01-16T10:23:55.269+0000][gc,task     ] GC(1118) Using 8 workers of 8 for evacuation
[2026-01-16T10:23:55.367+0000][gc,phases   ] GC(1118)   Pre Evacuate Collection Set: 13.0ms
[2026-01-16T10:23:55.370+0000][gc,phases   ] GC(1118)   Merge Heap Roots: 9.7ms
[2026-01-16T10:23:55.372+0000][gc,phases   ] GC(1118)   Evacuate Collection Set: 52.9ms
[2026-01-16T10:23:55.375+0000][gc,phases   ] GC(1118)   Post Evacuate Collection Set: 16.7ms
[2026-01-16T10:23:55.377+0000][gc,phases   ] GC(1118)   Other: 3.2ms
[2026-01-16T10:23:55.378+0000][gc,heap     ] GC(1118) Eden regions: 593->0(593)
[2026-01-16T10:23:55.378+0000][gc,heap     ] GC(1118) Survivor regions: 1->1(53)
[2026-01-16T10:23:55.379+0000][gc,heap     ] GC(1118) Old regions: 236->236
[2026-01-16T10:23:55.379+0000][gc,heap     ] GC(1118) Humongous regions: 141->141
[2026-01-16T10:23:55.379+0000][gc,metaspace] GC(1118) Metaspace: 13305K(13696K)->13305K(13696K) NonClass: 12170K(12352K)->12170K(12352K) Class: 1135K(1344K)->1135K(1344K)
[2026-01-16T10:23:55.381+0000][gc          ] GC(1118) Pause Young (Normal) (G1 Evacuation Pause) 970M->377M(1024M) 113.895ms
[2026-01-16T10:23:55.382+0000][gc,cpu      ] GC(1118) User=0.24s Sys=0.05s Real=0.11s
[2026-01-16T10:24:50.314+0000][gc,start    ] GC(1119) Pause Young (Normal) (G1 Evacuation Pause)
[2026-01-16T10:24:50.336+0000][gc,task     ] GC(1119) Using 8 workers of 8 for evacuation
[2026-01-16T10:24:50.874+0000][gc,mmu      ] GC(1119) MMU target violated: 201.0ms (200.0ms/201.0ms)
[2026-01-16T10:24:50.875+0000][gc,phases   ] GC(1119)   Pre Evacuate Collection Set: 71.5ms
[2026-01-16T10:24:50.875+0000][gc,phases   ] GC(1119)   Merge Heap Roots: 3.3ms
[2026-01-16T10:24:50.877+0000][gc,phases   ] GC(1119)   Evacuate Collection Set: 410.8ms
[2026-01-16T10:24:50.881+0000][gc,phases   ] GC(1119)   Post Evacuate Collection Set: 46.1ms
[2026-01-16T10:24:50.882+0000][gc,phases   ] GC(1119)   Other: 12.2ms
[2026-01-16T10:24:50.884+0000][gc,heap     ] GC(1119) Eden regions: 593->0(78)
[2026-01-16T10:24:50.887+0000][gc,heap     ] GC(1119) Survivor regions: 1->2(53)
[2026-01-16T10:24:50.887+0000][gc,heap     ] GC(1119) Old regions: 236->236
[2026-01-16T10:24:50.888+0000][gc,heap     ] GC(1119) Humongous regions: 141->141
[2026-01-16T10:24:50.890+0000][gc,metaspace] GC(1119) Metaspace: 13305K(13696K)->13305K(13696K) NonClass: 12170K(12352K)->12170K(12352K) Class: 1135K(1344K)->1135K(1344K)
[2026-01-16T10:24:50.890+0000][gc          ] GC(1119) Pause Young (Normal) (G1 Evacuation Pause) 970M->377M(1024M) 576.824ms
[2026-01-16T10:24:50.891+0000][gc,cpu      ] GC(1119) User=0.45s Sys=0.04s Real=0.58s
[2026-01-16T10:25:11.956+0000][gc,start    ] GC(1120) Pause Young (Normal) (G1 Evacuation Pause)
[2026-01-16T10:25:11.957+0000][gc,task     ] GC(1120) Using 8 workers of 8 for evacuation
[2026-01-16T10:25:12.334+0000][gc,mmu      ] GC(1120) MMU target violated: 201.0ms (200.0ms/201.0ms)
[2026-01-16T10:25:12.335+0000][gc,phases   ] GC(1120)   Pre Evacuate Collection Set: 41.4ms
[2026-01-16T10:25:12.336+0000][gc,phases   ] GC(1120)   Merge Heap Roots: 31.4ms
[2026-01-16T10:25:12.336+0000][gc,phases   ] GC(1120)   Evacuate Collection Set: 281.2ms
[2026-01-16T10:25:12.336+0000][gc,phases   ] GC(1120)   Post Evacuate Collection Set: 18.7ms
[2026-01-16T10:25:12.336+0000][gc,phases   ] GC(1120)   Other: 5.8ms
[2026-01-16T10:25:12.336+0000][gc,heap     ] GC(1120) Eden regions: 250->0(53)
[2026-01-16T10:25:12.336+0000][gc,heap     ] GC(1120) Survivor regions: 2->2(32)
[2026-01-16T10:25:12.337+0000][gc,heap     ] GC(1120) Old regions: 236->236
[2026-01-16T10:25:12.337+0000][gc,heap     ] GC(1120) Humongous regions: 141->141
[2026-01-16T10:25:12.337+0000][gc,metaspace] GC(1120) Metaspace: 13305K(13696K)->13305K(13696K) NonClass: 12170K(12352K)->12170K(12352K) Class: 1135K(1344K)->1135K(1344K)
[2026-01-16T10:25:12.337+0000][gc          ] GC(1120) Pause Young (Normal) (G1 Evacuation Pause) 627M->378M(1024M) 381.502ms
[2026-01-16T10:25:12.337+0000][gc,cpu      ] GC(1120) User=0.34s Sys=0.05s Real=0.38s
[2026-01-16T10:25:17.419+0000][gc,start    ] GC(1121) Pause Young (Normal) (G1 Evacuation Pause)
[2026-01-16T10:25:17.421+0000][gc,task     ] GC(1121) Using 8 workers of 8 for evacuation
[2026-01-16T10:25:17.681+0000][gc,mmu      ] GC(1121) MMU target violated: 201.0ms (200.0ms/201.0ms)
[2026-01-16T10:25:17.689+0000][gc,phases   ] GC(1121)   Pre Evacuate Collection Set: 43.2ms
[2026-01-16T10:25:17.690+0000][gc,phases   ] GC(1121)   Merge Heap Roots: 1.4ms
[2026-01-16T10:25:17.690+0000][gc,phases   ] GC(1121)   Evacuate Collection Set: 177.7ms
[2026-01-16T10:25:17.690+0000][gc,phases   ] GC(1121)   Post Evacuate Collection Set: 36.5ms
[2026-01-16T10:25:17.690+0000][gc,phases   ] GC(1121)   Other: 9.6ms
[2026-01-16T10:25:17.690+0000][gc,heap     ] GC(1121) Eden regions: 71->0(62)
[2026-01-16T10:25:17.696+0000][gc,heap     ] GC(1121) Survivor regions: 2->2(10)
[2026-01-16T10:25:17.701+0000][gc,heap     ] GC(1121) Old regions: 236->236
[2026-01-16T10:25:17.701+0000][gc,heap     ] GC(1121) Humongous regions: 141->141
[2026-01-16T10:25:17.702+0000][gc,metaspace] GC(1121) Metaspace: 13305K(13696K)->13305K(13696K) NonClass: 12170K(12352K)->12170K(12352K) Class: 1135K(1344K)->1135K(1344K)
[2026-01-16T10:25:17.703+0000][gc          ] GC(1121) Pause Young (Normal) (G1 Evacuation Pause) 449M->377M(1024M) 284.103ms
[2026-01-16T10:25:17.705+0000][gc,cpu      ] GC(1121) User=0.15s Sys=0.00s Real=0.29s
[2026-01-16T10:25:25.594+0000][gc,start    ] GC(1122) Pause Young (Normal) (G1 Evacuation Pause)
[2026-01-16T10:25:25.613+0000][gc,task     ] GC(1122) Using 8 workers of 8 for evacuation
[2026-01-16T10:25:25.784+0000][gc,phases   ] GC(1122)   Pre Evacuate Collection Set: 33.1ms
[2026-01-16T10:25:25.785+0000][gc,phases   ] GC(1122)   Merge Heap Roots: 3.8ms
[2026-01-16T10:25:25.786+0000][gc,phases   ] GC(1122)   Evacuate Collection Set: 103.1ms
[2026-01-16T10:25:25.788+0000][gc,phases   ] GC(1122)   Post Evacuate Collection Set: 30.0ms
[2026-01-16T10:25:25.788+0000][gc,phases   ] GC(1122)   Other: 2.7ms
[2026-01-16T10:25:25.789+0000][gc,heap     ] GC(1122) Eden regions: 81->0(408)
[2026-01-16T10:25:25.791+0000][gc,heap     ] GC(1122) Survivor regions: 2->1(11)
[2026-01-16T10:25:25.793+0000][gc,heap     ] GC(1122) Old regions: 236->236
[2026-01-16T10:25:25.798+0000][gc,heap     ] GC(1122) Humongous regions: 141->141
[2026-01-16T10:25:25.798+0000][gc,metaspace] GC(1122) Metaspace: 13305K(13696K)->13305K(13696K) NonClass: 12170K(12352K)->12170K(12352K) Class: 1135K(1344K)->1135K(1344K)
[2026-01-16T10:25:25.799+0000][gc          ] GC(1122) Pause Young (Normal) (G1 Evacuation Pause) 458M->377M(1024M) 204.790ms
[2026-01-16T10:25:25.799+0000][gc,cpu      ] GC(1122) User=0.14s Sys=0.02s Real=0.20s
[2026-01-16T10:26:04.969+0000][gc,start    ] GC(1123) Pause Young (Normal) (G1 Evacuation Pause)
[2026-01-16T10:26:04.974+0000][gc,task     ] GC(1123) Using 8 workers of 8 for evacuation
[2026-01-16T10:26:05.206+0000][gc,mmu      ] GC(1123) MMU target violated: 201.0ms (200.0ms/201.0ms)
[2026-01-16T10:26:05.207+0000][gc,phases   ] GC(1123)   Pre Evacuate Collection Set: 43.2ms
[2026-01-16T10:26:05.208+0000][gc,phases   ] GC(1123)   Merge Heap Roots: 19.3ms
[2026-01-16T10:26:05.210+0000][gc,phases   ] GC(1123)   Evacuate Collection Set: 151.2ms
[2026-01-16T10:26:05.210+0000][gc,phases   ] GC(1123)   Post Evacuate Collection Set: 17.5ms
[2026-01-16T10:26:05.211+0000][gc,phases   ] GC(1123)   Other: 6.5ms
[2026-01-16T10:26:05.213+0000][gc,heap     ] GC(1123) Eden regions: 445->0(553)
[2026-01-16T10:26:05.214+0000][gc,heap     ] GC(1123) Survivor regions: 1->1(56)
[2026-01-16T10:26:05.215+0000][gc,heap     ] GC(1123) Old regions: 236->236
[2026-01-16T10:26:05.222+0000][gc,heap     ] GC(1123) Humongous regions: 141->141
[2026-01-16T10:26:05.223+0000][gc,metaspace] GC(1123) Metaspace: 13306K(13696K)->13306K(13696K) NonClass: 12171K(12352K)->12171K(12352K) Class: 1135K(1344K)->1135K(1344K)
[2026-01-16T10:26:05.226+0000][gc          ] GC(1123) Pause Young (Normal) (G1 Evacuation Pause) 822M->377M(1024M) 257.047ms
[2026-01-16T10:26:05.226+0000][gc,cpu      ] GC(1123) User=0.18s Sys=0.03s Real=0.26s
[2026-01-16T10:26:38.441+0000][gc,start    ] GC(1124) Pause Young (Normal) (G1 Evacuation Pause)
[2026-01-16T10:26:38.447+0000][gc,task     ] GC(1124) Using 8 workers of 8 for evacuation
[2026-01-16T10:26:38.688+0000][gc,mmu      ] GC(1124) MMU target violated: 201.0ms (200.0ms/201.0ms)
[2026-01-16T10:26:38.692+0000][gc,phases   ] GC(1124)   Pre Evacuate Collection Set: 32.5ms
[2026-01-16T10:26:38.692+0000][gc,phases   ] GC(1124)   Merge Heap Roots: 8.3ms
[2026-01-16T10:26:38.693+0000][gc,phases   ] GC(1124)   Evacuate Collection Set: 157.4ms
[2026-01-16T10:26:38.693+0000][gc,phases   ] GC(1124)   Post Evacuate Collection Set: 40.8ms
[2026-01-16T10:26:38.696+0000][gc,phases   ] GC(1124)   Other: 5.8ms
[2026-01-16T10:26:38.698+0000][gc,heap     ] GC(1124) Eden regions: 369->0(49)
[2026-01-16T10:26:38.698+0000][gc,heap     ] GC(1124) Survivor regions: 1->2(47)
[2026-01-16T10:26:38.699+0000][gc,heap     ] GC(1124) Old regions: 236->236
[2026-01-16T10:26:38.699+0000][gc,heap     ] GC(1124) Humongous regions: 141->141
[2026-01-16T10:26:38.699+0000][gc,metaspace] GC(1124) Metaspace: 13306K(13696K)->13306K(13696K) NonClass: 12171K(12352K)->12171K(12352K) Class: 1135K(1344K)->1135K(1344K)
[2026-01-16T10:26:38.699+0000][gc          ] GC(1124) Pause Young (Normal) (G1 Evacuation Pause) 746M->378M(1024M) 258.001ms
[2026-01-16T10:26:38.700+0000][gc,cpu      ] GC(1124) User=0.25s Sys=0.02s Real=0.26s
[2026-01-16T10:26:40.836+0000][gc,start    ] GC(1125) Pause Young (Normal) (G1 Evacuation Pause)
[2026-01-16T10:26:40.837+0000][gc,task     ] GC(1125) Using 8 workers of 8 for evacuation
[2026-01-16T10:26:40.953+0000][gc,phases   ] GC(1125)   Pre Evacuate Collection Set: 9.6ms
[2026-01-16T10:26:40.954+0000][gc,phases   ] GC(1125)   Merge Heap Roots: 0.4ms
[2026-01-16T10:26:40.954+0000][gc,phases   ] GC(1125)   Evacuate Collection Set: 100.3ms
[2026-01-16T10:26:40.956+0000][gc,phases   ] GC(1125)   Post Evacuate Collection Set: 5.1ms
[2026-01-16T10:26:40.956+0000][gc,phases   ] GC(1125)   Other: 0.8ms
[2026-01-16T10:26:40.957+0000][gc,heap     ] GC(1125) Eden regions: 49->0(48)
[2026-01-16T10:26:40.960+0000][gc,heap     ] GC(1125) Survivor regions: 2->3(7)
[2026-01-16T10:26:40.963+0000][gc,heap     ] GC(1125) Old regions: 236->236
[2026-01-16T10:26:40.963+0000][gc,heap     ] GC(1125) Humongous regions: 141->141
[2026-01-16T10:26:40.970+0000][gc,metaspace] GC(1125) Metaspace: 13306K(13696K)->13306K(13696K) NonClass: 12171K(12352K)->12171K(12352K) Class: 1135K(1344K)->1135K(1344K)
[2026-01-16T10:26:40.973+0000][gc          ] GC(1125) Pause Young (Normal) (G1 Evacuation Pause) 427M->379M(1024M) 136.931ms
[2026-01-16T10:26:40.973+0000][gc,cpu      ] GC(1125) User=0.14s Sys=0.00s Real=0.14s
[2026-01-16T10:26:45.418+0000][gc,start    ] GC(1126) Pause Young (Normal) (G1 Evacuation Pause)
[2026-01-16T10:26:45.421+0000][gc,task     ] GC(1126) Using 8 workers of 8 for evacuation
[2026-01-16T10:26:45.668+0000][gc,mmu      ] GC(1126) MMU target violated: 201.0ms (200.0ms/201.0ms)
[2026-01-16T10:26:45.673+0000][gc,phases   ] GC(1126)   Pre Evacuate Collection Set: 25.1ms
[2026-01-16T10:26:45.676+0000][gc,phases   ] GC(1126)   Merge Heap Roots: 3.5ms
[2026-01-16T10:26:45.676+0000][gc,phases   ] GC(1126)   Evacuate Collection Set: 194.3ms
[2026-01-16T10:26:45.676+0000][gc,phases   ] GC(1126)   Post Evacuate Collection Set: 23.6ms
[2026-01-16T10:26:45.679+0000][gc,phases   ] GC(1126)   Other: 6.0ms
[2026-01-16T10:26:45.684+0000][gc,heap     ] GC(1126) Eden regions: 48->0(49)
[2026-01-16T10:26:45.685+0000][gc,heap     ] GC(1126) Survivor regions: 3->2(7)
[2026-01-16T10:26:45.685+0000][gc,heap     ] GC(1126) Old regions: 236->236
[2026-01-16T10:26:45.685+0000][gc,heap     ] GC(1126) Humongous regions: 141->141
[2026-01-16T10:26:45.685+0000][gc,metaspace] GC(1126) Metaspace: 13306K(13696K)->13306K(13696K) NonClass: 12171K(12352K)->12171K(12352K) Class: 1135K(1344K)->1135K(1344K)
[2026-01-16T10:26:45.686+0000][gc          ] GC(1126) Pause Young (Normal) (G1 Evacuation Pause) 427M->378M(1024M) 267.557ms
[2026-01-16T10:26:45.686+0000][gc,cpu      ] GC(1126) User=0.16s Sys=0.01s Real=0.27s
[2026-01-16T10:26:47.481+0000][gc,start    ] GC(1127) Pause Young (Normal) (G1 Evacuation Pause)
[2026-01-16T10:26:47.485+0000][gc,task     ] GC(1127) Using 8 workers of 8 for evacuation
[2026-01-16T10:26:47.767+0000][gc,mmu      ] GC(1127) MMU target violated: 201.0ms (200.0ms/201.0ms)
[2026-01-16T10:26:47.768+0000][gc,phases   ] GC(1127)   Pre Evacuate Collection Set: 73.0ms
[2026-01-16T10:26:47.769+0000][gc,phases   ] GC(1127)   Merge Heap Roots: 23.0ms
[2026-01-16T10:26:47.770+0000][gc,phases   ] GC(1127)   Evacuate Collection Set: 157.4ms
[2026-01-16T10:26:47.773+0000][gc,phases   ] GC(1127)   Post Evacuate Collection Set: 23.8ms
[2026-01-16T10:26:47.774+0000][gc,phases   ] GC(1127)   Other: 6.5ms
[2026-01-16T10:26:47.779+0000][gc,heap     ] GC(1127) Eden regions: 49->0(48)
[2026-01-16T10:26:47.779+0000][gc,heap     ] GC(1127) Survivor regions: 2->3(7)
[2026-01-16T10:26:47.779+0000][gc,heap     ] GC(1127) Old regions: 236->236
[2026-01-16T10:26:47.779+0000][gc,heap     ] GC(1127) Humongous regions: 141->141
[2026-01-16T10:26:47.781+0000][gc,metaspace] GC(1127) Metaspace: 13306K(13696K)->13306K(13696K) NonClass: 12171K(12352K)->12171K(12352K) Class: 1135K(1344K)->1135K(1344K)
[2026-01-16T10:26:47.782+0000][gc          ] GC(1127) Pause Young (Normal) (G1 Evacuation Pause) 427M->378M(1024M) 301.000ms
[2026-01-16T10:26:47.803+0000][gc,cpu      ] GC(1127) User=0.15s Sys=0.01s Real=0.32s
[2026-01-16T10:26:54.733+0000][gc,start    ] GC(1128) Pause Young (Normal) (G1 Evacuation Pause)
[2026-01-16T10:26:54.739+0000][gc,task     ] GC(1128) Using 8 workers of 8 for evacuation
[2026-01-16T10:26:54.877+0000][gc,phases   ] GC(1128)   Pre Evacuate Collection Set: 36.6ms
[2026-01-16T10:26:54.877+0000][gc,phases   ] GC(1128)   Merge Heap Roots: 2.7ms
[2026-01-16T10:26:54.878+0000][gc,phases   ] GC(1128)   Evacuate Collection Set: 66.3ms
[2026-01-16T10:26:54.878+0000][gc,phases   ] GC(1128)   Post Evacuate Collection Set: 29.7ms
[2026-01-16T10:26:54.881+0000][gc,phases   ] GC(1128)   Other: 7.6ms
[2026-01-16T10:26:54.882+0000][gc,heap     ] GC(1128) Eden regions: 48->0(60)
[2026-01-16T10:26:54.882+0000][gc,heap     ] GC(1128) Survivor regions: 3->2(7)
[2026-01-16T10:26:54.887+0000][gc,heap     ] GC(1128) Old regions: 236->236
[2026-01-16T10:26:54.887+0000][gc,heap     ] GC(1128) Humongous regions: 141->141
[2026-01-16T10:26:54.887+0000][gc,metaspace] GC(1128) Metaspace: 13306K(13696K)->13306K(13696K) NonClass: 12171K(12352K)->12171K(12352K) Class: 1135K(1344K)->1135K(1344K)
[2026-01-16T10:26:54.893+0000][gc          ] GC(1128) Pause Young (Normal) (G1 Evacuation Pause) 426M->378M(1024M) 160.096ms
[2026-01-16T10:26:54.894+0000][gc,cpu      ] GC(1128) User=0.13s Sys=0.01s Real=0.16s
[2026-01-16T10:26:56.730+0000][gc,start    ] GC(1129) Pause Young (Normal) (G1 Evacuation Pause)
[2026-01-16T10:26:56.733+0000][gc,task     ] GC(1129) Using 8 workers of 8 for evacuation
[2026-01-16T10:26:56.884+0000][gc,phases   ] GC(1129)   Pre Evacuate Collection Set: 19.7ms
[2026-01-16T10:26:56.884+0000][gc,phases   ] GC(1129)   Merge Heap Roots: 1.0ms
[2026-01-16T10:26:56.885+0000][gc,phases   ] GC(1129)   Evacuate Collection Set: 122.4ms
[2026-01-16T10:26:56.885+0000][gc,phases   ] GC(1129)   Post Evacuate Collection Set: 6.5ms
[2026-01-16T10:26:56.885+0000][gc,phases   ] GC(1129)   Other: 2.4ms
[2026-01-16T10:26:56.886+0000][gc,heap     ] GC(1129) Eden regions: 57->0(48)
[2026-01-16T10:26:56.886+0000][gc,heap     ] GC(1129) Survivor regions: 2->3(8)
[2026-01-16T10:26:56.886+0000][gc,heap     ] GC(1129) Old regions: 236->236
[2026-01-16T10:26:56.886+0000][gc,heap     ] GC(1129) Humongous regions: 141->141
[2026-01-16T10:26:56.886+0000][gc,metaspace] GC(1129) Metaspace: 13306K(13696K)->13306K(13696K) NonClass: 12171K(12352K)->12171K(12352K) Class: 1135K(1344K)->1135K(1344K)
[2026-01-16T10:26:56.886+0000][gc          ] GC(1129) Pause Young (Normal) (G1 Evacuation Pause) 435M->378M(1024M) 158.446ms
[2026-01-16T10:26:56.887+0000][gc,cpu      ] GC(1129) User=0.15s Sys=0.01s Real=0.16s
[2026-01-16T10:27:04.442+0000][gc,start    ] GC(1130) Pause Young (Normal) (G1 Evacuation Pause)
[2026-01-16T10:27:04.444+0000][gc,task     ] GC(1130) Using 8 workers of 8 for evacuation
[2026-01-16T10:27:04.562+0000][gc,phases   ] GC(1130)   Pre Evacuate Collection Set: 28.6ms
[2026-01-16T10:27:04.563+0000][gc,phases   ] GC(1130)   Merge Heap Roots: 1.2ms
[2026-01-16T10:27:04.565+0000][gc,phases   ] GC(1130)   Evacuate Collection Set: 78.9ms
[2026-01-16T10:27:04.567+0000][gc,phases   ] GC(1130)   Post Evacuate Collection Set: 8.2ms
[2026-01-16T10:27:04.567+0000][gc,phases   ] GC(1130)   Other: 1.6ms
[2026-01-16T10:27:04.569+0000][gc,heap     ] GC(1130) Eden regions: 48->0(171)
[2026-01-16T10:27:04.572+0000][gc,heap     ] GC(1130) Survivor regions: 3->2(7)
[2026-01-16T10:27:04.575+0000][gc,heap     ] GC(1130) Old regions: 236->236
[2026-01-16T10:27:04.575+0000][gc,heap     ] GC(1130) Humongous regions: 141->141
[2026-01-16T10:27:04.575+0000][gc,metaspace] GC(1130) Metaspace: 13306K(13696K)->13306K(13696K) NonClass: 12171K(12352K)->12171K(12352K) Class: 1135K(1344K)->1135K(1344K)
[2026-01-16T10:27:04.576+0000][gc          ] GC(1130) Pause Young (Normal) (G1 Evacuation Pause) 426M->378M(1024M) 133.866ms
[2026-01-16T10:27:04.576+0000][gc,cpu      ] GC(1130) User=0.14s Sys=0.02s Real=0.13s
[2026-01-16T10:27:15.377+0000][gc,start    ] GC(1131) Pause Young (Normal) (G1 Evacuation Pause)
[2026-01-16T10:27:15.380+0000][gc,task     ] GC(1131) Using 8 workers of 8 for evacuation
[2026-01-16T10:27:15.463+0000][gc,phases   ] GC(1131)   Pre Evacuate Collection Set: 13.9ms
[2026-01-16T10:27:15.464+0000][gc,phases   ] GC(1131)   Merge Heap Roots: 4.4ms
[2026-01-16T10:27:15.465+0000][gc,phases   ] GC(1131)   Evacuate Collection Set: 55.5ms
[2026-01-16T10:27:15.467+0000][gc,phases   ] GC(1131)   Post Evacuate Collection Set: 6.5ms
[2026-01-16T10:27:15.469+0000][gc,phases   ] GC(1131)   Other: 4.1ms
[2026-01-16T10:27:15.469+0000][gc,heap     ] GC(1131) Eden regions: 160->0(273)
[2026-01-16T10:27:15.469+0000][gc,heap     ] GC(1131) Survivor regions: 2->2(21)
[2026-01-16T10:27:15.469+0000][gc,heap     ] GC(1131) Old regions: 236->236
[2026-01-16T10:27:15.470+0000][gc,heap     ] GC(1131) Humongous regions: 141->141
[2026-01-16T10:27:15.470+0000][gc,metaspace] GC(1131) Metaspace: 13306K(13696K)->13306K(13696K) NonClass: 12171K(12352K)->12171K(12352K) Class: 1135K(1344K)->1135K(1344K)
[2026-01-16T10:27:15.471+0000][gc          ] GC(1131) Pause Young (Normal) (G1 Evacuation Pause) 538M->378M(1024M) 94.372ms
[2026-01-16T10:27:15.472+0000][gc,cpu      ] GC(1131) User=0.19s Sys=0.02s Real=0.10s
[2026-01-16T10:27:39.979+0000][gc,start    ] GC(1132) Pause Young (Normal) (G1 Evacuation Pause)
[2026-01-16T10:27:39.981+0000][gc,task     ] GC(1132) Using 8 workers of 8 for evacuation
[2026-01-16T10:27:40.427+0000][gc,mmu      ] GC(1132) MMU target violated: 201.0ms (200.0ms/201.0ms)
[2026-01-16T10:27:40.427+0000][gc,phases   ] GC(1132)   Pre Evacuate Collection Set: 71.0ms
[2026-01-16T10:27:40.428+0000][gc,phases   ] GC(1132)   Merge Heap Roots: 14.3ms
[2026-01-16T10:27:40.428+0000][gc,phases   ] GC(1132)   Evacuate Collection Set: 327.1ms
[2026-01-16T10:27:40.428+0000][gc,phases   ] GC(1132)   Post Evacuate Collection Set: 24.2ms
[2026-01-16T10:27:40.428+0000][gc,phases   ] GC(1132)   Other: 13.5ms
[2026-01-16T10:27:40.429+0000][gc,heap     ] GC(1132) Eden regions: 280->0(48)
[2026-01-16T10:27:40.429+0000][gc,heap     ] GC(1132) Survivor regions: 2->3(36)
[2026-01-16T10:27:40.429+0000][gc,heap     ] GC(1132) Old regions: 236->236
[2026-01-16T10:27:40.429+0000][gc,heap     ] GC(1132) Humongous regions: 141->141
[2026-01-16T10:27:40.429+0000][gc,metaspace] GC(1132) Metaspace: 13306K(13696K)->13306K(13696K) NonClass: 12171K(12352K)->12171K(12352K) Class: 1135K(1344K)->1135K(1344K)
[2026-01-16T10:27:40.429+0000][gc          ] GC(1132) Pause Young (Normal) (G1 Evacuation Pause) 658M->379M(1024M) 455.874ms
[2026-01-16T10:27:40.429+0000][gc,cpu      ] GC(1132) User=0.36s Sys=0.03s Real=0.46s
[2026-01-16T10:27:45.658+0000][gc,start    ] GC(1133) Pause Young (Normal) (G1 Evacuation Pause)
[2026-01-16T10:27:45.659+0000][gc,task     ] GC(1133) Using 8 workers of 8 for evacuation
[2026-01-16T10:27:45.767+0000][gc,phases   ] GC(1133)   Pre Evacuate Collection Set: 19.5ms
[2026-01-16T10:27:45.767+0000][gc,phases   ] GC(1133)   Merge Heap Roots: 1.6ms
[2026-01-16T10:27:45.767+0000][gc,phases   ] GC(1133)   Evacuate Collection Set: 76.1ms
[2026-01-16T10:27:45.768+0000][gc,phases   ] GC(1133)   Post Evacuate Collection Set: 9.7ms
[2026-01-16T10:27:45.768+0000][gc,phases   ] GC(1133)   Other: 1.1ms
[2026-01-16T10:27:45.768+0000][gc,heap     ] GC(1133) Eden regions: 48->0(93)
[2026-01-16T10:27:45.768+0000][gc,heap     ] GC(1133) Survivor regions: 3->2(7)
[2026-01-16T10:27:45.769+0000][gc,heap     ] GC(1133) Old regions: 236->236
[2026-01-16T10:27:45.769+0000][gc,heap     ] GC(1133) Humongous regions: 141->141
[2026-01-16T10:27:45.769+0000][gc,metaspace] GC(1133) Metaspace: 13306K(13696K)->13306K(13696K) NonClass: 12171K(12352K)->12171K(12352K) Class: 1135K(1344K)->1135K(1344K)
[2026-01-16T10:27:45.769+0000][gc          ] GC(1133) Pause Young (Normal) (G1 Evacuation Pause) 427M->378M(1024M) 111.660ms
[2026-01-16T10:27:45.770+0000][gc,cpu      ] GC(1133) User=0.14s Sys=0.01s Real=0.11s
[2026-01-16T10:27:55.139+0000][gc,start    ] GC(1134) Pause Young (Normal) (G1 Evacuation Pause)
[2026-01-16T10:27:55.141+0000][gc,task     ] GC(1134) Using 8 workers of 8 for evacuation
[2026-01-16T10:27:55.307+0000][gc,phases   ] GC(1134)   Pre Evacuate Collection Set: 37.1ms
[2026-01-16T10:27:55.308+0000][gc,phases   ] GC(1134)   Merge Heap Roots: 4.4ms
[2026-01-16T10:27:55.308+0000][gc,phases   ] GC(1134)   Evacuate Collection Set: 106.1ms
[2026-01-16T10:27:55.308+0000][gc,phases   ] GC(1134)   Post Evacuate Collection Set: 12.4ms
[2026-01-16T10:27:55.308+0000][gc,phases   ] GC(1134)   Other: 6.9ms
[2026-01-16T10:27:55.309+0000][gc,heap     ] GC(1134) Eden regions: 96->0(156)
[2026-01-16T10:27:55.310+0000][gc,heap     ] GC(1134) Survivor regions: 2->2(13)
[2026-01-16T10:27:55.310+0000][gc,heap     ] GC(1134) Old regions: 236->236
[2026-01-16T10:27:55.310+0000][gc,heap     ] GC(1134) Humongous regions: 141->141
[2026-01-16T10:27:55.311+0000][gc,metaspace] GC(1134) Metaspace: 13306K(13696K)->13306K(13696K) NonClass: 12171K(12352K)->12171K(12352K) Class: 1135K(1344K)->1135K(1344K)
[2026-01-16T10:27:55.312+0000][gc          ] GC(1134) Pause Young (Normal) (G1 Evacuation Pause) 474M->378M(1024M) 173.165ms
[2026-01-16T10:27:55.314+0000][gc,cpu      ] GC(1134) User=0.19s Sys=0.02s Real=0.17s
[2026-01-16T10:28:06.380+0000][gc,start    ] GC(1135) Pause Young (Normal) (G1 Evacuation Pause)
[2026-01-16T10:28:06.380+0000][gc,task     ] GC(1135) Using 8 workers of 8 for evacuation
[2026-01-16T10:28:06.491+0000][gc,phases   ] GC(1135)   Pre Evacuate Collection Set: 13.4ms
[2026-01-16T10:28:06.491+0000][gc,phases   ] GC(1135)   Merge Heap Roots: 2.9ms
[2026-01-16T10:28:06.492+0000][gc,phases   ] GC(1135)   Evacuate Collection Set: 85.2ms
[2026-01-16T10:28:06.492+0000][gc,phases   ] GC(1135)   Post Evacuate Collection Set: 8.6ms
[2026-01-16T10:28:06.493+0000][gc,phases   ] GC(1135)   Other: 0.7ms
[2026-01-16T10:28:06.493+0000][gc,heap     ] GC(1135) Eden regions: 173->0(112)
[2026-01-16T10:28:06.493+0000][gc,heap     ] GC(1135) Survivor regions: 2->3(22)
[2026-01-16T10:28:06.494+0000][gc,heap     ] GC(1135) Old regions: 236->236
[2026-01-16T10:28:06.494+0000][gc,heap     ] GC(1135) Humongous regions: 141->141
[2026-01-16T10:28:06.494+0000][gc,metaspace] GC(1135) Metaspace: 13308K(13696K)->13308K(13696K) NonClass: 12173K(12352K)->12173K(12352K) Class: 1135K(1344K)->1135K(1344K)
[2026-01-16T10:28:06.495+0000][gc          ] GC(1135) Pause Young (Normal) (G1 Evacuation Pause) 551M->379M(1024M) 115.268ms
[2026-01-16T10:28:06.495+0000][gc,cpu      ] GC(1135) User=0.16s Sys=0.01s Real=0.11s
[2026-01-16T10:28:16.326+0000][gc,start    ] GC(1136) Pause Young (Normal) (G1 Evacuation Pause)
[2026-01-16T10:28:16.330+0000][gc,task     ] GC(1136) Using 8 workers of 8 for evacuation
[2026-01-16T10:28:16.446+0000][gc,phases   ] GC(1136)   Pre Evacuate Collection Set: 11.9ms
[2026-01-16T10:28:16.448+0000][gc,phases   ] GC(1136)   Merge Heap Roots: 9.4ms
[2026-01-16T10:28:16.448+0000][gc,phases   ] GC(1136)   Evacuate Collection Set: 76.7ms
[2026-01-16T10:28:16.448+0000][gc,phases   ] GC(1136)   Post Evacuate Collection Set: 15.5ms
[2026-01-16T10:28:16.449+0000][gc,phases   ] GC(1136)   Other: 4.2ms
[2026-01-16T10:28:16.449+0000][gc,heap     ] GC(1136) Eden regions: 123->0(357)
[2026-01-16T10:28:16.451+0000][gc,heap     ] GC(1136) Survivor regions: 3->3(16)
[2026-01-16T10:28:16.451+0000][gc,heap     ] GC(1136) Old regions: 236->236
[2026-01-16T10:28:16.451+0000][gc,heap     ] GC(1136) Humongous regions: 141->141
[2026-01-16T10:28:16.452+0000][gc,metaspace] GC(1136) Metaspace: 13308K(13696K)->13308K(13696K) NonClass: 12173K(12352K)->12173K(12352K) Class: 1135K(1344K)->1135K(1344K)
[2026-01-16T10:28:16.454+0000][gc          ] GC(1136) Pause Young (Normal) (G1 Evacuation Pause) 502M->379M(1024M) 126.355ms
[2026-01-16T10:28:16.457+0000][gc,cpu      ] GC(1136) User=0.17s Sys=0.00s Real=0.13s
[2026-01-16T10:28:55.097+0000][gc,start    ] GC(1137) Pause Young (Normal) (G1 Evacuation Pause)
[2026-01-16T10:28:55.098+0000][gc,task     ] GC(1137) Using 8 workers of 8 for evacuation
[2026-01-16T10:28:55.269+0000][gc,phases   ] GC(1137)   Pre Evacuate Collection Set: 23.3ms
[2026-01-16T10:28:55.270+0000][gc,phases   ] GC(1137)   Merge Heap Roots: 5.9ms
[2026-01-16T10:28:55.270+0000][gc,phases   ] GC(1137)   Evacuate Collection Set: 120.1ms
[2026-01-16T10:28:55.271+0000][gc,phases   ] GC(1137)   Post Evacuate Collection Set: 21.1ms
[2026-01-16T10:28:55.271+0000][gc,phases   ] GC(1137)   Other: 1.0ms
[2026-01-16T10:28:55.271+0000][gc,heap     ] GC(1137) Eden regions: 376->0(591)
[2026-01-16T10:28:55.271+0000][gc,heap     ] GC(1137) Survivor regions: 3->2(48)
[2026-01-16T10:28:55.273+0000][gc,heap     ] GC(1137) Old regions: 236->236
[2026-01-16T10:28:55.273+0000][gc,heap     ] GC(1137) Humongous regions: 141->141
[2026-01-16T10:28:55.275+0000][gc,metaspace] GC(1137) Metaspace: 13308K(13696K)->13308K(13696K) NonClass: 12173K(12352K)->12173K(12352K) Class: 1135K(1344K)->1135K(1344K)
[2026-01-16T10:28:55.275+0000][gc          ] GC(1137) Pause Young (Normal) (G1 Evacuation Pause) 755M->378M(1024M) 178.489ms
[2026-01-16T10:28:55.277+0000][gc,cpu      ] GC(1137) User=0.25s Sys=0.02s Real=0.18s
[2026-01-16T10:29:48.410+0000][gc,start    ] GC(1138) Pause Young (Normal) (G1 Evacuation Pause)
[2026-01-16T10:29:48.421+0000][gc,task     ] GC(1138) Using 8 workers of 8 for evacuation
[2026-01-16T10:29:49.205+0000][gc,mmu      ] GC(1138) MMU target violated: 201.0ms (200.0ms/201.0ms)
[2026-01-16T10:29:49.211+0000][gc,phases   ] GC(1138)   Pre Evacuate Collection Set: 108.6ms
[2026-01-16T10:29:49.213+0000][gc,phases   ] GC(1138)   Merge Heap Roots: 45.3ms
[2026-01-16T10:29:49.213+0000][gc,phases   ] GC(1138)   Evacuate Collection Set: 521.1ms
[2026-01-16T10:29:49.219+0000][gc,phases   ] GC(1138)   Post Evacuate Collection Set: 103.6ms
[2026-01-16T10:29:49.219+0000][gc,phases   ] GC(1138)   Other: 11.5ms
[2026-01-16T10:29:49.222+0000][gc,heap     ] GC(1138) Eden regions: 591->0(49)
[2026-01-16T10:29:49.226+0000][gc,heap     ] GC(1138) Survivor regions: 2->2(54)
[2026-01-16T10:29:49.228+0000][gc,heap     ] GC(1138) Old regions: 236->236
[2026-01-16T10:29:49.229+0000][gc,heap     ] GC(1138) Humongous regions: 141->141
[2026-01-16T10:29:49.230+0000][gc,metaspace] GC(1138) Metaspace: 13308K(13696K)->13308K(13696K) NonClass: 12173K(12352K)->12173K(12352K) Class: 1135K(1344K)->1135K(1344K)
[2026-01-16T10:29:49.230+0000][gc          ] GC(1138) Pause Young (Normal) (G1 Evacuation Pause) 969M->378M(1024M) 820.329ms
[2026-01-16T10:29:49.233+0000][gc,cpu      ] GC(1138) User=0.68s Sys=0.08s Real=0.83s
[2026-01-16T10:29:57.295+0000][gc,start    ] GC(1139) Pause Young (Normal) (G1 Evacuation Pause)
[2026-01-16T10:29:57.358+0000][gc,task     ] GC(1139) Using 8 workers of 8 for evacuation
[2026-01-16T10:29:58.351+0000][gc,mmu      ] GC(1139) MMU target violated: 201.0ms (200.0ms/201.0ms)
[2026-01-16T10:29:58.352+0000][gc,phases   ] GC(1139)   Pre Evacuate Collection Set: 128.6ms
[2026-01-16T10:29:58.352+0000][gc,phases   ] GC(1139)   Merge Heap Roots: 3.3ms
[2026-01-16T10:29:58.354+0000][gc,phases   ] GC(1139)   Evacuate Collection Set: 816.5ms
[2026-01-16T10:29:58.354+0000][gc,phases   ] GC(1139)   Post Evacuate Collection Set: 23.6ms
[2026-01-16T10:29:58.360+0000][gc,phases   ] GC(1139)   Other: 34.9ms
[2026-01-16T10:29:58.363+0000][gc,heap     ] GC(1139) Eden regions: 49->0(49)
[2026-01-16T10:29:58.366+0000][gc,heap     ] GC(1139) Survivor regions: 2->2(7)
[2026-01-16T10:29:58.367+0000][gc,heap     ] GC(1139) Old regions: 236->237
[2026-01-16T10:29:58.368+0000][gc,heap     ] GC(1139) Humongous regions: 141->141
[2026-01-16T10:29:58.375+0000][gc,metaspace] GC(1139) Metaspace: 13308K(13696K)->13308K(13696K) NonClass: 12173K(12352K)->12173K(12352K) Class: 1135K(1344K)->1135K(1344K)
[2026-01-16T10:29:58.378+0000][gc          ] GC(1139) Pause Young (Normal) (G1 Evacuation Pause) 427M->379M(1024M) 1082.792ms
[2026-01-16T10:29:58.380+0000][gc,cpu      ] GC(1139) User=0.60s Sys=0.10s Real=1.10s
[2026-01-16T10:29:59.870+0000][gc,start    ] GC(1140) Pause Young (Normal) (G1 Evacuation Pause)
[2026-01-16T10:29:59.906+0000][gc,task     ] GC(1140) Using 8 workers of 8 for evacuation
[2026-01-16T10:30:00.215+0000][gc,mmu      ] GC(1140) MMU target violated: 201.0ms (200.0ms/201.0ms)
[2026-01-16T10:30:00.216+0000][gc,phases   ] GC(1140)   Pre Evacuate Collection Set: 94.7ms
[2026-01-16T10:30:00.217+0000][gc,phases   ] GC(1140)   Merge Heap Roots: 0.4ms
[2026-01-16T10:30:00.218+0000][gc,phases   ] GC(1140)   Evacuate Collection Set: 192.9ms
[2026-01-16T10:30:00.221+0000][gc,phases   ] GC(1140)   Post Evacuate Collection Set: 2.3ms
[2026-01-16T10:30:00.223+0000][gc,phases   ] GC(1140)   Other: 37.1ms
[2026-01-16T10:30:00.225+0000][gc,heap     ] GC(1140) Eden regions: 49->0(49)
[2026-01-16T10:30:00.226+0000][gc,heap     ] GC(1140) Survivor regions: 2->2(7)
[2026-01-16T10:30:00.227+0000][gc,heap     ] GC(1140) Old regions: 237->237
[2026-01-16T10:30:00.227+0000][gc,heap     ] GC(1140) Humongous regions: 141->141
[2026-01-16T10:30:00.228+0000][gc,metaspace] GC(1140) Metaspace: 13308K(13696K)->13308K(13696K) NonClass: 12173K(12352K)->12173K(12352K) Class: 1135K(1344K)->1135K(1344K)
[2026-01-16T10:30:00.228+0000][gc          ] GC(1140) Pause Young (Normal) (G1 Evacuation Pause) 428M->379M(1024M) 358.183ms
[2026-01-16T10:30:00.229+0000][gc,cpu      ] GC(1140) User=0.21s Sys=0.02s Real=0.36s
[2026-01-16T10:30:01.523+0000][gc,start    ] GC(1141) Pause Young (Normal) (G1 Evacuation Pause)
[2026-01-16T10:30:01.525+0000][gc,task     ] GC(1141) Using 8 workers of 8 for evacuation
[2026-01-16T10:30:01.558+0000][gc,phases   ] GC(1141)   Pre Evacuate Collection Set: 8.2ms
[2026-01-16T10:30:01.561+0000][gc,phases   ] GC(1141)   Merge Heap Roots: 0.8ms
[2026-01-16T10:30:01.565+0000][gc,phases   ] GC(1141)   Evacuate Collection Set: 21.6ms
[2026-01-16T10:30:01.565+0000][gc,phases   ] GC(1141)   Post Evacuate Collection Set: 1.5ms
[2026-01-16T10:30:01.565+0000][gc,phases   ] GC(1141)   Other: 0.6ms
[2026-01-16T10:30:01.566+0000][gc,heap     ] GC(1141) Eden regions: 49->0(49)
[2026-01-16T10:30:01.566+0000][gc,heap     ] GC(1141) Survivor regions: 2->2(7)
[2026-01-16T10:30:01.567+0000][gc,heap     ] GC(1141) Old regions: 237->237
[2026-01-16T10:30:01.568+0000][gc,heap     ] GC(1141) Humongous regions: 141->141
[2026-01-16T10:30:01.568+0000][gc,metaspace] GC(1141) Metaspace: 13308K(13696K)->13308K(13696K) NonClass: 12173K(12352K)->12173K(12352K) Class: 1135K(1344K)->1135K(1344K)
[2026-01-16T10:30:01.570+0000][gc          ] GC(1141) Pause Young (Normal) (G1 Evacuation Pause) 428M->379M(1024M) 46.354ms
[2026-01-16T10:30:01.575+0000][gc,cpu      ] GC(1141) User=0.02s Sys=0.01s Real=0.05s
[2026-01-16T10:30:04.811+0000][gc,start    ] GC(1142) Pause Young (Normal) (G1 Evacuation Pause)
[2026-01-16T10:30:04.815+0000][gc,task     ] GC(1142) Using 8 workers of 8 for evacuation
[2026-01-16T10:30:05.004+0000][gc,phases   ] GC(1142)   Pre Evacuate Collection Set: 82.5ms
[2026-01-16T10:30:05.004+0000][gc,phases   ] GC(1142)   Merge Heap Roots: 0.3ms
[2026-01-16T10:30:05.007+0000][gc,phases   ] GC(1142)   Evacuate Collection Set: 100.3ms
[2026-01-16T10:30:05.009+0000][gc,phases   ] GC(1142)   Post Evacuate Collection Set: 5.0ms
[2026-01-16T10:30:05.011+0000][gc,phases   ] GC(1142)   Other: 1.8ms
[2026-01-16T10:30:05.011+0000][gc,heap     ] GC(1142) Eden regions: 49->0(50)
[2026-01-16T10:30:05.012+0000][gc,heap     ] GC(1142) Survivor regions: 2->1(7)
[2026-01-16T10:30:05.012+0000][gc,heap     ] GC(1142) Old regions: 237->237
[2026-01-16T10:30:05.012+0000][gc,heap     ] GC(1142) Humongous regions: 141->141
[2026-01-16T10:30:05.012+0000][gc,metaspace] GC(1142) Metaspace: 13308K(13696K)->13308K(13696K) NonClass: 12173K(12352K)->12173K(12352K) Class: 1135K(1344K)->1135K(1344K)
[2026-01-16T10:30:05.012+0000][gc          ] GC(1142) Pause Young (Normal) (G1 Evacuation Pause) 428M->378M(1024M) 200.922ms
[2026-01-16T10:30:05.012+0000][gc,cpu      ] GC(1142) User=0.09s Sys=0.01s Real=0.20s
[2026-01-16T10:30:06.953+0000][gc,start    ] GC(1143) Pause Young (Normal) (G1 Evacuation Pause)
[2026-01-16T10:30:06.956+0000][gc,task     ] GC(1143) Using 8 workers of 8 for evacuation
[2026-01-16T10:30:07.123+0000][gc,phases   ] GC(1143)   Pre Evacuate Collection Set: 26.1ms
[2026-01-16T10:30:07.124+0000][gc,phases   ] GC(1143)   Merge Heap Roots: 8.4ms
[2026-01-16T10:30:07.124+0000][gc,phases   ] GC(1143)   Evacuate Collection Set: 124.7ms
[2026-01-16T10:30:07.124+0000][gc,phases   ] GC(1143)   Post Evacuate Collection Set: 5.8ms
[2026-01-16T10:30:07.125+0000][gc,phases   ] GC(1143)   Other: 2.8ms
[2026-01-16T10:30:07.125+0000][gc,heap     ] GC(1143) Eden regions: 50->0(49)
[2026-01-16T10:30:07.125+0000][gc,heap     ] GC(1143) Survivor regions: 1->2(7)
[2026-01-16T10:30:07.125+0000][gc,heap     ] GC(1143) Old regions: 237->238
[2026-01-16T10:30:07.125+0000][gc,heap     ] GC(1143) Humongous regions: 141->141
[2026-01-16T10:30:07.126+0000][gc,metaspace] GC(1143) Metaspace: 13308K(13696K)->13308K(13696K) NonClass: 12173K(12352K)->12173K(12352K) Class: 1135K(1344K)->1135K(1344K)
[2026-01-16T10:30:07.126+0000][gc          ] GC(1143) Pause Young (Normal) (G1 Evacuation Pause) 428M->378M(1024M) 172.829ms
[2026-01-16T10:30:07.126+0000][gc,cpu      ] GC(1143) User=0.12s Sys=0.02s Real=0.17s
[2026-01-16T10:30:07.927+0000][gc,start    ] GC(1144) Pause Young (Normal) (G1 Evacuation Pause)
[2026-01-16T10:30:07.928+0000][gc,task     ] GC(1144) Using 8 workers of 8 for evacuation
[2026-01-16T10:30:07.949+0000][gc,phases   ] GC(1144)   Pre Evacuate Collection Set: 5.1ms
[2026-01-16T10:30:07.949+0000][gc,phases   ] GC(1144)   Merge Heap Roots: 0.4ms
[2026-01-16T10:30:07.953+0000][gc,phases   ] GC(1144)   Evacuate Collection Set: 12.9ms
[2026-01-16T10:30:07.961+0000][gc,phases   ] GC(1144)   Post Evacuate Collection Set: 1.7ms
[2026-01-16T10:30:07.963+0000][gc,phases   ] GC(1144)   Other: 0.7ms
[2026-01-16T10:30:07.966+0000][gc,heap     ] GC(1144) Eden regions: 49->0(49)
[2026-01-16T10:30:07.966+0000][gc,heap     ] GC(1144) Survivor regions: 2->2(7)
[2026-01-16T10:30:07.966+0000][gc,heap     ] GC(1144) Old regions: 238->238
[2026-01-16T10:30:07.966+0000][gc,heap     ] GC(1144) Humongous regions: 141->141
[2026-01-16T10:30:07.966+0000][gc,metaspace] GC(1144) Metaspace: 13308K(13696K)->13308K(13696K) NonClass: 12173K(12352K)->12173K(12352K) Class: 1135K(1344K)->1135K(1344K)
[2026-01-16T10:30:07.966+0000][gc          ] GC(1144) Pause Young (Normal) (G1 Evacuation Pause) 427M->379M(1024M) 39.550ms
[2026-01-16T10:30:07.966+0000][gc,cpu      ] GC(1144) User=0.02s Sys=0.01s Real=0.04s
[2026-01-16T10:30:14.686+0000][gc,start    ] GC(1145) Pause Young (Normal) (G1 Evacuation Pause)
[2026-01-16T10:30:14.687+0000][gc,task     ] GC(1145) Using 8 workers of 8 for evacuation
[2026-01-16T10:30:14.702+0000][gc,phases   ] GC(1145)   Pre Evacuate Collection Set: 2.1ms
[2026-01-16T10:30:14.702+0000][gc,phases   ] GC(1145)   Merge Heap Roots: 0.3ms
[2026-01-16T10:30:14.703+0000][gc,phases   ] GC(1145)   Evacuate Collection Set: 9.1ms
[2026-01-16T10:30:14.705+0000][gc,phases   ] GC(1145)   Post Evacuate Collection Set: 3.0ms
[2026-01-16T10:30:14.705+0000][gc,phases   ] GC(1145)   Other: 0.5ms
[2026-01-16T10:30:14.706+0000][gc,heap     ] GC(1145) Eden regions: 49->0(110)
[2026-01-16T10:30:14.706+0000][gc,heap     ] GC(1145) Survivor regions: 2->1(7)
[2026-01-16T10:30:14.709+0000][gc,heap     ] GC(1145) Old regions: 238->238
[2026-01-16T10:30:14.709+0000][gc,heap     ] GC(1145) Humongous regions: 141->141
[2026-01-16T10:30:14.710+0000][gc,metaspace] GC(1145) Metaspace: 13308K(13696K)->13308K(13696K) NonClass: 12173K(12352K)->12173K(12352K) Class: 1135K(1344K)->1135K(1344K)
[2026-01-16T10:30:14.711+0000][gc          ] GC(1145) Pause Young (Normal) (G1 Evacuation Pause) 428M->378M(1024M) 24.112ms
[2026-01-16T10:30:14.711+0000][gc,cpu      ] GC(1145) User=0.09s Sys=0.00s Real=0.02s
[2026-01-16T10:30:25.515+0000][gc,start    ] GC(1146) Pause Young (Normal) (G1 Evacuation Pause)
[2026-01-16T10:30:25.516+0000][gc,task     ] GC(1146) Using 8 workers of 8 for evacuation
[2026-01-16T10:30:25.550+0000][gc,phases   ] GC(1146)   Pre Evacuate Collection Set: 6.3ms
[2026-01-16T10:30:25.551+0000][gc,phases   ] GC(1146)   Merge Heap Roots: 1.8ms
[2026-01-16T10:30:25.551+0000][gc,phases   ] GC(1146)   Evacuate Collection Set: 17.1ms
[2026-01-16T10:30:25.551+0000][gc,phases   ] GC(1146)   Post Evacuate Collection Set: 9.3ms
[2026-01-16T10:30:25.551+0000][gc,phases   ] GC(1146)   Other: 0.4ms
[2026-01-16T10:30:25.551+0000][gc,heap     ] GC(1146) Eden regions: 135->0(141)
[2026-01-16T10:30:25.551+0000][gc,heap     ] GC(1146) Survivor regions: 1->2(17)
[2026-01-16T10:30:25.551+0000][gc,heap     ] GC(1146) Old regions: 238->238
[2026-01-16T10:30:25.551+0000][gc,heap     ] GC(1146) Humongous regions: 141->141
[2026-01-16T10:30:25.551+0000][gc,metaspace] GC(1146) Metaspace: 13308K(13696K)->13308K(13696K) NonClass: 12173K(12352K)->12173K(12352K) Class: 1135K(1344K)->1135K(1344K)
[2026-01-16T10:30:25.552+0000][gc          ] GC(1146) Pause Young (Normal) (G1 Evacuation Pause) 513M->379M(1024M) 36.843ms
[2026-01-16T10:30:25.552+0000][gc,cpu      ] GC(1146) User=0.09s Sys=0.01s Real=0.03s
[2026-01-16T10:30:44.447+0000][gc,start    ] GC(1147) Pause Young (Normal) (G1 Evacuation Pause)
[2026-01-16T10:30:44.449+0000][gc,task     ] GC(1147) Using 8 workers of 8 for evacuation
[2026-01-16T10:30:44.485+0000][gc,phases   ] GC(1147)   Pre Evacuate Collection Set: 7.9ms
[2026-01-16T10:30:44.488+0000][gc,phases   ] GC(1147)   Merge Heap Roots: 0.2ms
[2026-01-16T10:30:44.490+0000][gc,phases   ] GC(1147)   Evacuate Collection Set: 16.0ms
[2026-01-16T10:30:44.490+0000][gc,phases   ] GC(1147)   Post Evacuate Collection Set: 5.0ms
[2026-01-16T10:30:44.491+0000][gc,phases   ] GC(1147)   Other: 0.8ms
[2026-01-16T10:30:44.491+0000][gc,heap     ] GC(1147) Eden regions: 168->0(338)
[2026-01-16T10:30:44.491+0000][gc,heap     ] GC(1147) Survivor regions: 2->1(22)
[2026-01-16T10:30:44.492+0000][gc,heap     ] GC(1147) Old regions: 238->238
[2026-01-16T10:30:44.492+0000][gc,heap     ] GC(1147) Humongous regions: 141->141
[2026-01-16T10:30:44.492+0000][gc,metaspace] GC(1147) Metaspace: 13308K(13696K)->13308K(13696K) NonClass: 12173K(12352K)->12173K(12352K) Class: 1135K(1344K)->1135K(1344K)
[2026-01-16T10:30:44.492+0000][gc          ] GC(1147) Pause Young (Normal) (G1 Evacuation Pause) 547M->378M(1024M) 45.309ms
[2026-01-16T10:30:44.492+0000][gc,cpu      ] GC(1147) User=0.12s Sys=0.00s Real=0.05s
[2026-01-16T10:31:14.276+0000][gc,start    ] GC(1148) Pause Young (Normal) (G1 Evacuation Pause)
[2026-01-16T10:31:14.277+0000][gc,task     ] GC(1148) Using 8 workers of 8 for evacuation
[2026-01-16T10:31:14.305+0000][gc,phases   ] GC(1148)   Pre Evacuate Collection Set: 10.7ms
[2026-01-16T10:31:14.305+0000][gc,phases   ] GC(1148)   Merge Heap Roots: 0.9ms
[2026-01-16T10:31:14.305+0000][gc,phases   ] GC(1148)   Evacuate Collection Set: 12.1ms
[2026-01-16T10:31:14.305+0000][gc,phases   ] GC(1148)   Post Evacuate Collection Set: 3.7ms
[2026-01-16T10:31:14.305+0000][gc,phases   ] GC(1148)   Other: 0.4ms
[2026-01-16T10:31:14.305+0000][gc,heap     ] GC(1148) Eden regions: 332->0(549)
[2026-01-16T10:31:14.305+0000][gc,heap     ] GC(1148) Survivor regions: 1->1(42)
[2026-01-16T10:31:14.305+0000][gc,heap     ] GC(1148) Old regions: 238->238
[2026-01-16T10:31:14.305+0000][gc,heap     ] GC(1148) Humongous regions: 141->141
[2026-01-16T10:31:14.306+0000][gc,metaspace] GC(1148) Metaspace: 13308K(13696K)->13308K(13696K) NonClass: 12173K(12352K)->12173K(12352K) Class: 1135K(1344K)->1135K(1344K)
[2026-01-16T10:31:14.306+0000][gc          ] GC(1148) Pause Young (Normal) (G1 Evacuation Pause) 710M->378M(1024M) 29.507ms
[2026-01-16T10:31:14.306+0000][gc,cpu      ] GC(1148) User=0.12s Sys=0.01s Real=0.03s
[2026-01-16T10:32:00.158+0000][gc,start    ] GC(1149) Pause Young (Normal) (G1 Evacuation Pause)
[2026-01-16T10:32:00.168+0000][gc,task     ] GC(1149) Using 8 workers of 8 for evacuation
[2026-01-16T10:32:00.462+0000][gc,mmu      ] GC(1149) MMU target violated: 201.0ms (200.0ms/201.0ms)
[2026-01-16T10:32:00.463+0000][gc,phases   ] GC(1149)   Pre Evacuate Collection Set: 79.9ms
[2026-01-16T10:32:00.463+0000][gc,phases   ] GC(1149)   Merge Heap Roots: 8.3ms
[2026-01-16T10:32:00.464+0000][gc,phases   ] GC(1149)   Evacuate Collection Set: 163.5ms
[2026-01-16T10:32:00.465+0000][gc,phases   ] GC(1149)   Post Evacuate Collection Set: 35.7ms
[2026-01-16T10:32:00.468+0000][gc,phases   ] GC(1149)   Other: 12.3ms
[2026-01-16T10:32:00.470+0000][gc,heap     ] GC(1149) Eden regions: 545->0(208)
[2026-01-16T10:32:00.470+0000][gc,heap     ] GC(1149) Survivor regions: 1->2(69)
[2026-01-16T10:32:00.470+0000][gc,heap     ] GC(1149) Old regions: 238->238
[2026-01-16T10:32:00.470+0000][gc,heap     ] GC(1149) Humongous regions: 141->141
[2026-01-16T10:32:00.470+0000][gc,metaspace] GC(1149) Metaspace: 13308K(13696K)->13308K(13696K) NonClass: 12173K(12352K)->12173K(12352K) Class: 1135K(1344K)->1135K(1344K)
[2026-01-16T10:32:00.472+0000][gc          ] GC(1149) Pause Young (Normal) (G1 Evacuation Pause) 923M->379M(1024M) 311.608ms
[2026-01-16T10:32:00.474+0000][gc,cpu      ] GC(1149) User=0.33s Sys=0.07s Real=0.32s
[2026-01-16T10:32:17.022+0000][gc,start    ] GC(1150) Pause Young (Normal) (G1 Evacuation Pause)
[2026-01-16T10:32:17.040+0000][gc,task     ] GC(1150) Using 8 workers of 8 for evacuation
[2026-01-16T10:32:17.258+0000][gc,mmu      ] GC(1150) MMU target violated: 201.0ms (200.0ms/201.0ms)
[2026-01-16T10:32:17.260+0000][gc,phases   ] GC(1150)   Pre Evacuate Collection Set: 42.7ms
[2026-01-16T10:32:17.260+0000][gc,phases   ] GC(1150)   Merge Heap Roots: 7.0ms
[2026-01-16T10:32:17.261+0000][gc,phases   ] GC(1150)   Evacuate Collection Set: 139.2ms
[2026-01-16T10:32:17.262+0000][gc,phases   ] GC(1150)   Post Evacuate Collection Set: 16.0ms
[2026-01-16T10:32:17.262+0000][gc,phases   ] GC(1150)   Other: 24.4ms
[2026-01-16T10:32:17.262+0000][gc,heap     ] GC(1150) Eden regions: 192->0(200)
[2026-01-16T10:32:17.263+0000][gc,heap     ] GC(1150) Survivor regions: 2->2(25)
[2026-01-16T10:32:17.264+0000][gc,heap     ] GC(1150) Old regions: 238->238
[2026-01-16T10:32:17.264+0000][gc,heap     ] GC(1150) Humongous regions: 141->141
[2026-01-16T10:32:17.265+0000][gc,metaspace] GC(1150) Metaspace: 13308K(13696K)->13308K(13696K) NonClass: 12173K(12352K)->12173K(12352K) Class: 1135K(1344K)->1135K(1344K)
[2026-01-16T10:32:17.265+0000][gc          ] GC(1150) Pause Young (Normal) (G1 Evacuation Pause) 571M->379M(1024M) 243.484ms
[2026-01-16T10:32:17.266+0000][gc,cpu      ] GC(1150) User=0.21s Sys=0.02s Real=0.25s
[2026-01-16T10:32:36.587+0000][gc,start    ] GC(1151) Pause Young (Normal) (G1 Evacuation Pause)
[2026-01-16T10:32:36.590+0000][gc,task     ] GC(1151) Using 8 workers of 8 for evacuation
[2026-01-16T10:32:36.663+0000][gc,phases   ] GC(1151)   Pre Evacuate Collection Set: 11.7ms
[2026-01-16T10:32:36.664+0000][gc,phases   ] GC(1151)   Merge Heap Roots: 2.0ms
[2026-01-16T10:32:36.664+0000][gc,phases   ] GC(1151)   Evacuate Collection Set: 52.7ms
[2026-01-16T10:32:36.665+0000][gc,phases   ] GC(1151)   Post Evacuate Collection Set: 4.9ms
[2026-01-16T10:32:36.667+0000][gc,phases   ] GC(1151)   Other: 3.5ms
[2026-01-16T10:32:36.668+0000][gc,heap     ] GC(1151) Eden regions: 248->0(401)
[2026-01-16T10:32:36.669+0000][gc,heap     ] GC(1151) Survivor regions: 2->2(32)
[2026-01-16T10:32:36.669+0000][gc,heap     ] GC(1151) Old regions: 238->238
[2026-01-16T10:32:36.669+0000][gc,heap     ] GC(1151) Humongous regions: 141->141
[2026-01-16T10:32:36.670+0000][gc,metaspace] GC(1151) Metaspace: 13308K(13696K)->13308K(13696K) NonClass: 12173K(12352K)->12173K(12352K) Class: 1135K(1344K)->1135K(1344K)
[2026-01-16T10:32:36.671+0000][gc          ] GC(1151) Pause Young (Normal) (G1 Evacuation Pause) 627M->379M(1024M) 83.550ms
[2026-01-16T10:32:36.671+0000][gc,cpu      ] GC(1151) User=0.16s Sys=0.02s Real=0.08s
[2026-01-16T10:33:17.900+0000][gc,start    ] GC(1152) Pause Young (Normal) (G1 Evacuation Pause)
[2026-01-16T10:33:17.904+0000][gc,task     ] GC(1152) Using 8 workers of 8 for evacuation
[2026-01-16T10:33:18.134+0000][gc,mmu      ] GC(1152) MMU target violated: 201.0ms (200.0ms/201.0ms)
[2026-01-16T10:33:18.141+0000][gc,phases   ] GC(1152)   Pre Evacuate Collection Set: 19.7ms
[2026-01-16T10:33:18.141+0000][gc,phases   ] GC(1152)   Merge Heap Roots: 4.3ms
[2026-01-16T10:33:18.141+0000][gc,phases   ] GC(1152)   Evacuate Collection Set: 181.5ms
[2026-01-16T10:33:18.141+0000][gc,phases   ] GC(1152)   Post Evacuate Collection Set: 17.5ms
[2026-01-16T10:33:18.142+0000][gc,phases   ] GC(1152)   Other: 15.0ms
[2026-01-16T10:33:18.142+0000][gc,heap     ] GC(1152) Eden regions: 447->0(459)
[2026-01-16T10:33:18.142+0000][gc,heap     ] GC(1152) Survivor regions: 2->2(57)
[2026-01-16T10:33:18.142+0000][gc,heap     ] GC(1152) Old regions: 238->238
[2026-01-16T10:33:18.142+0000][gc,heap     ] GC(1152) Humongous regions: 141->141
[2026-01-16T10:33:18.143+0000][gc,metaspace] GC(1152) Metaspace: 13308K(13696K)->13308K(13696K) NonClass: 12173K(12352K)->12173K(12352K) Class: 1135K(1344K)->1135K(1344K)
[2026-01-16T10:33:18.143+0000][gc          ] GC(1152) Pause Young (Normal) (G1 Evacuation Pause) 826M->379M(1024M) 243.437ms
[2026-01-16T10:33:18.144+0000][gc,cpu      ] GC(1152) User=0.26s Sys=0.04s Real=0.24s
[2026-01-16T10:33:59.495+0000][gc,start    ] GC(1153) Pause Young (Normal) (G1 Evacuation Pause)
[2026-01-16T10:33:59.504+0000][gc,task     ] GC(1153) Using 8 workers of 8 for evacuation
[2026-01-16T10:33:59.734+0000][gc,mmu      ] GC(1153) MMU target violated: 201.0ms (200.0ms/201.0ms)
[2026-01-16T10:33:59.735+0000][gc,phases   ] GC(1153)   Pre Evacuate Collection Set: 30.8ms
[2026-01-16T10:33:59.735+0000][gc,phases   ] GC(1153)   Merge Heap Roots: 5.5ms
[2026-01-16T10:33:59.736+0000][gc,phases   ] GC(1153)   Evacuate Collection Set: 113.9ms
[2026-01-16T10:33:59.736+0000][gc,phases   ] GC(1153)   Post Evacuate Collection Set: 68.4ms
[2026-01-16T10:33:59.737+0000][gc,phases   ] GC(1153)   Other: 16.4ms
[2026-01-16T10:33:59.737+0000][gc,heap     ] GC(1153) Eden regions: 480->0(275)
[2026-01-16T10:33:59.737+0000][gc,heap     ] GC(1153) Survivor regions: 2->2(61)
[2026-01-16T10:33:59.738+0000][gc,heap     ] GC(1153) Old regions: 238->238
[2026-01-16T10:33:59.738+0000][gc,heap     ] GC(1153) Humongous regions: 141->141
[2026-01-16T10:33:59.740+0000][gc,metaspace] GC(1153) Metaspace: 13308K(13696K)->13308K(13696K) NonClass: 12173K(12352K)->12173K(12352K) Class: 1135K(1344K)->1135K(1344K)
[2026-01-16T10:33:59.743+0000][gc          ] GC(1153) Pause Young (Normal) (G1 Evacuation Pause) 859M->379M(1024M) 250.132ms
[2026-01-16T10:33:59.743+0000][gc,cpu      ] GC(1153) User=0.25s Sys=0.02s Real=0.26s
[2026-01-16T10:34:16.317+0000][gc,start    ] GC(1154) Pause Young (Normal) (G1 Evacuation Pause)
[2026-01-16T10:34:16.319+0000][gc,task     ] GC(1154) Using 8 workers of 8 for evacuation
[2026-01-16T10:34:16.487+0000][gc,phases   ] GC(1154)   Pre Evacuate Collection Set: 34.8ms
[2026-01-16T10:34:16.487+0000][gc,phases   ] GC(1154)   Merge Heap Roots: 7.8ms
[2026-01-16T10:34:16.488+0000][gc,phases   ] GC(1154)   Evacuate Collection Set: 112.5ms
[2026-01-16T10:34:16.488+0000][gc,phases   ] GC(1154)   Post Evacuate Collection Set: 12.3ms
[2026-01-16T10:34:16.488+0000][gc,phases   ] GC(1154)   Other: 1.1ms
[2026-01-16T10:34:16.489+0000][gc,heap     ] GC(1154) Eden regions: 187->0(427)
[2026-01-16T10:34:16.489+0000][gc,heap     ] GC(1154) Survivor regions: 2->2(24)
[2026-01-16T10:34:16.490+0000][gc,heap     ] GC(1154) Old regions: 238->238
[2026-01-16T10:34:16.491+0000][gc,heap     ] GC(1154) Humongous regions: 141->141
[2026-01-16T10:34:16.491+0000][gc,metaspace] GC(1154) Metaspace: 13308K(13696K)->13308K(13696K) NonClass: 12173K(12352K)->12173K(12352K) Class: 1135K(1344K)->1135K(1344K)
[2026-01-16T10:34:16.493+0000][gc          ] GC(1154) Pause Young (Normal) (G1 Evacuation Pause) 566M->379M(1024M) 174.877ms
[2026-01-16T10:34:16.493+0000][gc,cpu      ] GC(1154) User=0.14s Sys=0.01s Real=0.17s
[2026-01-16T10:35:00.003+0000][gc,start    ] GC(1155) Pause Young (Normal) (G1 Evacuation Pause)
[2026-01-16T10:35:00.014+0000][gc,task     ] GC(1155) Using 8 workers of 8 for evacuation
[2026-01-16T10:35:00.433+0000][gc,mmu      ] GC(1155) MMU target violated: 201.0ms (200.0ms/201.0ms)
[2026-01-16T10:35:00.433+0000][gc,phases   ] GC(1155)   Pre Evacuate Collection Set: 161.8ms
[2026-01-16T10:35:00.434+0000][gc,phases   ] GC(1155)   Merge Heap Roots: 3.8ms
[2026-01-16T10:35:00.434+0000][gc,phases   ] GC(1155)   Evacuate Collection Set: 219.0ms
[2026-01-16T10:35:00.435+0000][gc,phases   ] GC(1155)   Post Evacuate Collection Set: 24.8ms
[2026-01-16T10:35:00.435+0000][gc,phases   ] GC(1155)   Other: 18.9ms
[2026-01-16T10:35:00.435+0000][gc,heap     ] GC(1155) Eden regions: 463->0(49)
[2026-01-16T10:35:00.435+0000][gc,heap     ] GC(1155) Survivor regions: 2->2(59)
[2026-01-16T10:35:00.436+0000][gc,heap     ] GC(1155) Old regions: 238->238
[2026-01-16T10:35:00.436+0000][gc,heap     ] GC(1155) Humongous regions: 141->141
[2026-01-16T10:35:00.437+0000][gc,metaspace] GC(1155) Metaspace: 13312K(13696K)->13312K(13696K) NonClass: 12176K(12352K)->12176K(12352K) Class: 1135K(1344K)->1135K(1344K)
[2026-01-16T10:35:00.439+0000][gc          ] GC(1155) Pause Young (Normal) (G1 Evacuation Pause) 842M->379M(1024M) 435.783ms
[2026-01-16T10:35:00.440+0000][gc,cpu      ] GC(1155) User=0.33s Sys=0.05s Real=0.44s
[2026-01-16T10:35:05.514+0000][gc,start    ] GC(1156) Pause Young (Normal) (G1 Evacuation Pause)
[2026-01-16T10:35:05.516+0000][gc,task     ] GC(1156) Using 8 workers of 8 for evacuation
[2026-01-16T10:35:05.738+0000][gc,mmu      ] GC(1156) MMU target violated: 201.0ms (200.0ms/201.0ms)
[2026-01-16T10:35:05.740+0000][gc,phases   ] GC(1156)   Pre Evacuate Collection Set: 83.9ms
[2026-01-16T10:35:05.742+0000][gc,phases   ] GC(1156)   Merge Heap Roots: 6.7ms
[2026-01-16T10:35:05.744+0000][gc,phases   ] GC(1156)   Evacuate Collection Set: 108.9ms
[2026-01-16T10:35:05.744+0000][gc,phases   ] GC(1156)   Post Evacuate Collection Set: 21.5ms
[2026-01-16T10:35:05.745+0000][gc,phases   ] GC(1156)   Other: 3.0ms
[2026-01-16T10:35:05.745+0000][gc,heap     ] GC(1156) Eden regions: 49->0(50)
[2026-01-16T10:35:05.745+0000][gc,heap     ] GC(1156) Survivor regions: 2->1(7)
[2026-01-16T10:35:05.748+0000][gc,heap     ] GC(1156) Old regions: 238->238
[2026-01-16T10:35:05.749+0000][gc,heap     ] GC(1156) Humongous regions: 141->141
[2026-01-16T10:35:05.751+0000][gc,metaspace] GC(1156) Metaspace: 13312K(13696K)->13312K(13696K) NonClass: 12176K(12352K)->12176K(12352K) Class: 1135K(1344K)->1135K(1344K)
[2026-01-16T10:35:05.753+0000][gc          ] GC(1156) Pause Young (Normal) (G1 Evacuation Pause) 428M->378M(1024M) 238.593ms
[2026-01-16T10:35:05.754+0000][gc,cpu      ] GC(1156) User=0.17s Sys=0.01s Real=0.24s
[2026-01-16T10:35:07.289+0000][gc,start    ] GC(1157) Pause Young (Normal) (G1 Evacuation Pause)
[2026-01-16T10:35:07.290+0000][gc,task     ] GC(1157) Using 8 workers of 8 for evacuation
[2026-01-16T10:35:07.370+0000][gc,phases   ] GC(1157)   Pre Evacuate Collection Set: 11.6ms
[2026-01-16T10:35:07.370+0000][gc,phases   ] GC(1157)   Merge Heap Roots: 4.1ms
[2026-01-16T10:35:07.370+0000][gc,phases   ] GC(1157)   Evacuate Collection Set: 52.0ms
[2026-01-16T10:35:07.371+0000][gc,phases   ] GC(1157)   Post Evacuate Collection Set: 11.7ms
[2026-01-16T10:35:07.371+0000][gc,phases   ] GC(1157)   Other: 0.9ms
[2026-01-16T10:35:07.371+0000][gc,heap     ] GC(1157) Eden regions: 50->0(49)
[2026-01-16T10:35:07.371+0000][gc,heap     ] GC(1157) Survivor regions: 1->2(7)
[2026-01-16T10:35:07.371+0000][gc,heap     ] GC(1157) Old regions: 238->238
[2026-01-16T10:35:07.372+0000][gc,heap     ] GC(1157) Humongous regions: 141->141
[2026-01-16T10:35:07.372+0000][gc,metaspace] GC(1157) Metaspace: 13312K(13696K)->13312K(13696K) NonClass: 12176K(12352K)->12176K(12352K) Class: 1135K(1344K)->1135K(1344K)
[2026-01-16T10:35:07.374+0000][gc          ] GC(1157) Pause Young (Normal) (G1 Evacuation Pause) 428M->379M(1024M) 85.349ms
[2026-01-16T10:35:07.376+0000][gc,cpu      ] GC(1157) User=0.08s Sys=0.01s Real=0.09s
[2026-01-16T10:35:14.334+0000][gc,start    ] GC(1158) Pause Young (Normal) (G1 Evacuation Pause)
[2026-01-16T10:35:14.339+0000][gc,task     ] GC(1158) Using 8 workers of 8 for evacuation
[2026-01-16T10:35:14.481+0000][gc,phases   ] GC(1158)   Pre Evacuate Collection Set: 17.5ms
[2026-01-16T10:35:14.481+0000][gc,phases   ] GC(1158)   Merge Heap Roots: 1.8ms
[2026-01-16T10:35:14.486+0000][gc,phases   ] GC(1158)   Evacuate Collection Set: 91.6ms
[2026-01-16T10:35:14.489+0000][gc,phases   ] GC(1158)   Post Evacuate Collection Set: 29.7ms
[2026-01-16T10:35:14.490+0000][gc,phases   ] GC(1158)   Other: 1.4ms
[2026-01-16T10:35:14.490+0000][gc,heap     ] GC(1158) Eden regions: 49->0(97)
[2026-01-16T10:35:14.491+0000][gc,heap     ] GC(1158) Survivor regions: 2->1(7)
[2026-01-16T10:35:14.491+0000][gc,heap     ] GC(1158) Old regions: 238->238
[2026-01-16T10:35:14.491+0000][gc,heap     ] GC(1158) Humongous regions: 141->141
[2026-01-16T10:35:14.491+0000][gc,metaspace] GC(1158) Metaspace: 13312K(13696K)->13312K(13696K) NonClass: 12176K(12352K)->12176K(12352K) Class: 1135K(1344K)->1135K(1344K)
[2026-01-16T10:35:14.491+0000][gc          ] GC(1158) Pause Young (Normal) (G1 Evacuation Pause) 428M->378M(1024M) 157.059ms
[2026-01-16T10:35:14.491+0000][gc,cpu      ] GC(1158) User=0.10s Sys=0.01s Real=0.16s
[2026-01-16T10:35:16.659+0000][gc,start    ] GC(1159) Pause Young (Normal) (G1 Evacuation Pause)
[2026-01-16T10:35:16.660+0000][gc,task     ] GC(1159) Using 8 workers of 8 for evacuation
[2026-01-16T10:35:16.731+0000][gc,phases   ] GC(1159)   Pre Evacuate Collection Set: 7.3ms
[2026-01-16T10:35:16.732+0000][gc,phases   ] GC(1159)   Merge Heap Roots: 0.3ms
[2026-01-16T10:35:16.733+0000][gc,phases   ] GC(1159)   Evacuate Collection Set: 54.6ms
[2026-01-16T10:35:16.733+0000][gc,phases   ] GC(1159)   Post Evacuate Collection Set: 7.9ms
[2026-01-16T10:35:16.735+0000][gc,phases   ] GC(1159)   Other: 1.6ms
[2026-01-16T10:35:16.735+0000][gc,heap     ] GC(1159) Eden regions: 86->0(104)
[2026-01-16T10:35:16.735+0000][gc,heap     ] GC(1159) Survivor regions: 1->2(11)
[2026-01-16T10:35:16.736+0000][gc,heap     ] GC(1159) Old regions: 238->238
[2026-01-16T10:35:16.736+0000][gc,heap     ] GC(1159) Humongous regions: 141->141
[2026-01-16T10:35:16.737+0000][gc,metaspace] GC(1159) Metaspace: 13312K(13696K)->13312K(13696K) NonClass: 12176K(12352K)->12176K(12352K) Class: 1135K(1344K)->1135K(1344K)
[2026-01-16T10:35:16.738+0000][gc          ] GC(1159) Pause Young (Normal) (G1 Evacuation Pause) 464M->379M(1024M) 79.238ms
[2026-01-16T10:35:16.738+0000][gc,cpu      ] GC(1159) User=0.09s Sys=0.00s Real=0.08s
[2026-01-16T10:35:26.983+0000][gc,start    ] GC(1160) Pause Young (Normal) (G1 Evacuation Pause)
[2026-01-16T10:35:26.986+0000][gc,task     ] GC(1160) Using 8 workers of 8 for evacuation
[2026-01-16T10:35:27.061+0000][gc,phases   ] GC(1160)   Pre Evacuate Collection Set: 14.2ms
[2026-01-16T10:35:27.063+0000][gc,phases   ] GC(1160)   Merge Heap Roots: 3.3ms
[2026-01-16T10:35:27.064+0000][gc,phases   ] GC(1160)   Evacuate Collection Set: 50.9ms
[2026-01-16T10:35:27.064+0000][gc,phases   ] GC(1160)   Post Evacuate Collection Set: 3.2ms
[2026-01-16T10:35:27.064+0000][gc,phases   ] GC(1160)   Other: 4.0ms
[2026-01-16T10:35:27.066+0000][gc,heap     ] GC(1160) Eden regions: 108->0(163)
[2026-01-16T10:35:27.067+0000][gc,heap     ] GC(1160) Survivor regions: 2->2(14)
[2026-01-16T10:35:27.069+0000][gc,heap     ] GC(1160) Old regions: 238->238
[2026-01-16T10:35:27.070+0000][gc,heap     ] GC(1160) Humongous regions: 141->141
[2026-01-16T10:35:27.070+0000][gc,metaspace] GC(1160) Metaspace: 13312K(13696K)->13312K(13696K) NonClass: 12176K(12352K)->12176K(12352K) Class: 1135K(1344K)->1135K(1344K)
[2026-01-16T10:35:27.070+0000][gc          ] GC(1160) Pause Young (Normal) (G1 Evacuation Pause) 487M->379M(1024M) 87.057ms
[2026-01-16T10:35:27.070+0000][gc,cpu      ] GC(1160) User=0.12s Sys=0.00s Real=0.09s
[2026-01-16T10:35:44.890+0000][gc,start    ] GC(1161) Pause Young (Normal) (G1 Evacuation Pause)
[2026-01-16T10:35:44.894+0000][gc,task     ] GC(1161) Using 8 workers of 8 for evacuation
[2026-01-16T10:35:44.980+0000][gc,phases   ] GC(1161)   Pre Evacuate Collection Set: 15.0ms
[2026-01-16T10:35:44.980+0000][gc,phases   ] GC(1161)   Merge Heap Roots: 1.4ms
[2026-01-16T10:35:44.980+0000][gc,phases   ] GC(1161)   Evacuate Collection Set: 53.3ms
[2026-01-16T10:35:44.980+0000][gc,phases   ] GC(1161)   Post Evacuate Collection Set: 13.7ms
[2026-01-16T10:35:44.980+0000][gc,phases   ] GC(1161)   Other: 2.4ms
[2026-01-16T10:35:44.982+0000][gc,heap     ] GC(1161) Eden regions: 163->0(298)
[2026-01-16T10:35:44.983+0000][gc,heap     ] GC(1161) Survivor regions: 2->1(21)
[2026-01-16T10:35:44.984+0000][gc,heap     ] GC(1161) Old regions: 238->238
[2026-01-16T10:35:44.984+0000][gc,heap     ] GC(1161) Humongous regions: 141->141
[2026-01-16T10:35:44.985+0000][gc,metaspace] GC(1161) Metaspace: 13312K(13696K)->13312K(13696K) NonClass: 12176K(12352K)->12176K(12352K) Class: 1135K(1344K)->1135K(1344K)
[2026-01-16T10:35:44.985+0000][gc          ] GC(1161) Pause Young (Normal) (G1 Evacuation Pause) 542M->378M(1024M) 95.675ms
[2026-01-16T10:35:44.986+0000][gc,cpu      ] GC(1161) User=0.09s Sys=0.01s Real=0.09s
[2026-01-16T10:36:06.364+0000][gc,start    ] GC(1162) Pause Young (Normal) (G1 Evacuation Pause)
[2026-01-16T10:36:06.369+0000][gc,task     ] GC(1162) Using 8 workers of 8 for evacuation
[2026-01-16T10:36:06.468+0000][gc,phases   ] GC(1162)   Pre Evacuate Collection Set: 20.5ms
[2026-01-16T10:36:06.470+0000][gc,phases   ] GC(1162)   Merge Heap Roots: 9.5ms
[2026-01-16T10:36:06.471+0000][gc,phases   ] GC(1162)   Evacuate Collection Set: 60.6ms
[2026-01-16T10:36:06.471+0000][gc,phases   ] GC(1162)   Post Evacuate Collection Set: 7.9ms
[2026-01-16T10:36:06.472+0000][gc,phases   ] GC(1162)   Other: 0.8ms
[2026-01-16T10:36:06.474+0000][gc,heap     ] GC(1162) Eden regions: 269->0(436)
[2026-01-16T10:36:06.475+0000][gc,heap     ] GC(1162) Survivor regions: 1->2(34)
[2026-01-16T10:36:06.475+0000][gc,heap     ] GC(1162) Old regions: 238->238
[2026-01-16T10:36:06.475+0000][gc,heap     ] GC(1162) Humongous regions: 141->141
[2026-01-16T10:36:06.476+0000][gc,metaspace] GC(1162) Metaspace: 13312K(13696K)->13312K(13696K) NonClass: 12176K(12352K)->12176K(12352K) Class: 1135K(1344K)->1135K(1344K)
[2026-01-16T10:36:06.477+0000][gc          ] GC(1162) Pause Young (Normal) (G1 Evacuation Pause) 647M->379M(1024M) 112.825ms
[2026-01-16T10:36:06.479+0000][gc,cpu      ] GC(1162) User=0.13s Sys=0.00s Real=0.12s
[2026-01-16T10:36:46.644+0000][gc,start    ] GC(1163) Pause Young (Normal) (G1 Evacuation Pause)
[2026-01-16T10:36:46.652+0000][gc,task     ] GC(1163) Using 8 workers of 8 for evacuation
[2026-01-16T10:36:46.801+0000][gc,phases   ] GC(1163)   Pre Evacuate Collection Set: 56.2ms
[2026-01-16T10:36:46.801+0000][gc,phases   ] GC(1163)   Merge Heap Roots: 1.4ms
[2026-01-16T10:36:46.801+0000][gc,phases   ] GC(1163)   Evacuate Collection Set: 69.7ms
[2026-01-16T10:36:46.801+0000][gc,phases   ] GC(1163)   Post Evacuate Collection Set: 16.3ms
[2026-01-16T10:36:46.802+0000][gc,phases   ] GC(1163)   Other: 4.4ms
[2026-01-16T10:36:46.802+0000][gc,heap     ] GC(1163) Eden regions: 437->0(538)
[2026-01-16T10:36:46.802+0000][gc,heap     ] GC(1163) Survivor regions: 2->1(55)
[2026-01-16T10:36:46.802+0000][gc,heap     ] GC(1163) Old regions: 238->238
[2026-01-16T10:36:46.802+0000][gc,heap     ] GC(1163) Humongous regions: 141->141
[2026-01-16T10:36:46.802+0000][gc,metaspace] GC(1163) Metaspace: 13312K(13696K)->13312K(13696K) NonClass: 12176K(12352K)->12176K(12352K) Class: 1135K(1344K)->1135K(1344K)
[2026-01-16T10:36:46.803+0000][gc          ] GC(1163) Pause Young (Normal) (G1 Evacuation Pause) 816M->379M(1024M) 159.130ms
[2026-01-16T10:36:46.803+0000][gc,cpu      ] GC(1163) User=0.20s Sys=0.02s Real=0.16s
[2026-01-16T10:37:35.729+0000][gc,start    ] GC(1164) Pause Young (Normal) (G1 Evacuation Pause)
[2026-01-16T10:37:35.732+0000][gc,task     ] GC(1164) Using 8 workers of 8 for evacuation
[2026-01-16T10:37:35.800+0000][gc,phases   ] GC(1164)   Pre Evacuate Collection Set: 15.2ms
[2026-01-16T10:37:35.801+0000][gc,phases   ] GC(1164)   Merge Heap Roots: 7.1ms
[2026-01-16T10:37:35.801+0000][gc,phases   ] GC(1164)   Evacuate Collection Set: 38.8ms
[2026-01-16T10:37:35.801+0000][gc,phases   ] GC(1164)   Post Evacuate Collection Set: 5.3ms
[2026-01-16T10:37:35.801+0000][gc,phases   ] GC(1164)   Other: 2.4ms
[2026-01-16T10:37:35.801+0000][gc,heap     ] GC(1164) Eden regions: 541->0(591)
[2026-01-16T10:37:35.801+0000][gc,heap     ] GC(1164) Survivor regions: 1->1(68)
[2026-01-16T10:37:35.802+0000][gc,heap     ] GC(1164) Old regions: 238->238
[2026-01-16T10:37:35.802+0000][gc,heap     ] GC(1164) Humongous regions: 141->141
[2026-01-16T10:37:35.802+0000][gc,metaspace] GC(1164) Metaspace: 13312K(13696K)->13312K(13696K) NonClass: 12176K(12352K)->12176K(12352K) Class: 1135K(1344K)->1135K(1344K)
[2026-01-16T10:37:35.803+0000][gc          ] GC(1164) Pause Young (Normal) (G1 Evacuation Pause) 920M->378M(1024M) 73.935ms
[2026-01-16T10:37:35.803+0000][gc,cpu      ] GC(1164) User=0.28s Sys=0.03s Real=0.08s
[2026-01-16T10:38:25.349+0000][gc,start    ] GC(1165) Pause Young (Normal) (G1 Evacuation Pause)
[2026-01-16T10:38:25.349+0000][gc,task     ] GC(1165) Using 8 workers of 8 for evacuation
[2026-01-16T10:38:25.373+0000][gc,phases   ] GC(1165)   Pre Evacuate Collection Set: 7.7ms
[2026-01-16T10:38:25.373+0000][gc,phases   ] GC(1165)   Merge Heap Roots: 0.4ms
[2026-01-16T10:38:25.373+0000][gc,phases   ] GC(1165)   Evacuate Collection Set: 11.0ms
[2026-01-16T10:38:25.373+0000][gc,phases   ] GC(1165)   Post Evacuate Collection Set: 3.9ms
[2026-01-16T10:38:25.373+0000][gc,phases   ] GC(1165)   Other: 0.5ms
[2026-01-16T10:38:25.373+0000][gc,heap     ] GC(1165) Eden regions: 591->0(589)
[2026-01-16T10:38:25.373+0000][gc,heap     ] GC(1165) Survivor regions: 1->2(53)
[2026-01-16T10:38:25.373+0000][gc,heap     ] GC(1165) Old regions: 238->238
[2026-01-16T10:38:25.374+0000][gc,heap     ] GC(1165) Humongous regions: 141->141
[2026-01-16T10:38:25.375+0000][gc,metaspace] GC(1165) Metaspace: 13312K(13696K)->13312K(13696K) NonClass: 12176K(12352K)->12176K(12352K) Class: 1135K(1344K)->1135K(1344K)
[2026-01-16T10:38:25.375+0000][gc          ] GC(1165) Pause Young (Normal) (G1 Evacuation Pause) 969M->379M(1024M) 26.673ms
[2026-01-16T10:38:25.375+0000][gc,cpu      ] GC(1165) User=0.14s Sys=0.01s Real=0.03s
[2026-01-16T10:39:15.476+0000][gc,start    ] GC(1166) Pause Young (Normal) (G1 Evacuation Pause)
[2026-01-16T10:39:15.478+0000][gc,task     ] GC(1166) Using 8 workers of 8 for evacuation
[2026-01-16T10:39:15.532+0000][gc,phases   ] GC(1166)   Pre Evacuate Collection Set: 19.3ms
[2026-01-16T10:39:15.533+0000][gc,phases   ] GC(1166)   Merge Heap Roots: 2.2ms
[2026-01-16T10:39:15.533+0000][gc,phases   ] GC(1166)   Evacuate Collection Set: 24.6ms
[2026-01-16T10:39:15.533+0000][gc,phases   ] GC(1166)   Post Evacuate Collection Set: 7.0ms
[2026-01-16T10:39:15.534+0000][gc,phases   ] GC(1166)   Other: 1.3ms
[2026-01-16T10:39:15.534+0000][gc,heap     ] GC(1166) Eden regions: 589->0(589)
[2026-01-16T10:39:15.535+0000][gc,heap     ] GC(1166) Survivor regions: 2->2(54)
[2026-01-16T10:39:15.535+0000][gc,heap     ] GC(1166) Old regions: 238->238
[2026-01-16T10:39:15.535+0000][gc,heap     ] GC(1166) Humongous regions: 141->141
[2026-01-16T10:39:15.535+0000][gc,metaspace] GC(1166) Metaspace: 13312K(13696K)->13312K(13696K) NonClass: 12176K(12352K)->12176K(12352K) Class: 1135K(1344K)->1135K(1344K)
[2026-01-16T10:39:15.536+0000][gc          ] GC(1166) Pause Young (Normal) (G1 Evacuation Pause) 968M->379M(1024M) 60.026ms
[2026-01-16T10:39:15.536+0000][gc,cpu      ] GC(1166) User=0.18s Sys=0.02s Real=0.06s
[2026-01-16T10:40:05.312+0000][gc,start    ] GC(1167) Pause Young (Normal) (G1 Evacuation Pause)
[2026-01-16T10:40:05.316+0000][gc,task     ] GC(1167) Using 8 workers of 8 for evacuation
[2026-01-16T10:40:05.352+0000][gc,phases   ] GC(1167)   Pre Evacuate Collection Set: 7.3ms
[2026-01-16T10:40:05.352+0000][gc,phases   ] GC(1167)   Merge Heap Roots: 2.4ms
[2026-01-16T10:40:05.352+0000][gc,phases   ] GC(1167)   Evacuate Collection Set: 23.9ms
[2026-01-16T10:40:05.352+0000][gc,phases   ] GC(1167)   Post Evacuate Collection Set: 2.0ms
[2026-01-16T10:40:05.352+0000][gc,phases   ] GC(1167)   Other: 2.1ms
[2026-01-16T10:40:05.353+0000][gc,heap     ] GC(1167) Eden regions: 589->0(589)
[2026-01-16T10:40:05.353+0000][gc,heap     ] GC(1167) Survivor regions: 2->2(54)
[2026-01-16T10:40:05.353+0000][gc,heap     ] GC(1167) Old regions: 238->238
[2026-01-16T10:40:05.353+0000][gc,heap     ] GC(1167) Humongous regions: 141->141
[2026-01-16T10:40:05.353+0000][gc,metaspace] GC(1167) Metaspace: 13312K(13696K)->13312K(13696K) NonClass: 12176K(12352K)->12176K(12352K) Class: 1135K(1344K)->1135K(1344K)
[2026-01-16T10:40:05.353+0000][gc          ] GC(1167) Pause Young (Normal) (G1 Evacuation Pause) 968M->380M(1024M) 40.658ms
[2026-01-16T10:40:05.353+0000][gc,cpu      ] GC(1167) User=0.21s Sys=0.02s Real=0.04s
[2026-01-16T10:41:04.350+0000][gc,start    ] GC(1168) Pause Young (Normal) (G1 Evacuation Pause)
[2026-01-16T10:41:04.351+0000][gc,task     ] GC(1168) Using 8 workers of 8 for evacuation
[2026-01-16T10:41:04.368+0000][gc,phases   ] GC(1168)   Pre Evacuate Collection Set: 3.2ms
[2026-01-16T10:41:04.368+0000][gc,phases   ] GC(1168)   Merge Heap Roots: 0.3ms
[2026-01-16T10:41:04.368+0000][gc,phases   ] GC(1168)   Evacuate Collection Set: 10.5ms
[2026-01-16T10:41:04.368+0000][gc,phases   ] GC(1168)   Post Evacuate Collection Set: 1.9ms
[2026-01-16T10:41:04.368+0000][gc,phases   ] GC(1168)   Other: 1.2ms
[2026-01-16T10:41:04.369+0000][gc,heap     ] GC(1168) Eden regions: 589->0(591)
[2026-01-16T10:41:04.369+0000][gc,heap     ] GC(1168) Survivor regions: 2->1(54)
[2026-01-16T10:41:04.369+0000][gc,heap     ] GC(1168) Old regions: 238->238
[2026-01-16T10:41:04.369+0000][gc,heap     ] GC(1168) Humongous regions: 141->141
[2026-01-16T10:41:04.369+0000][gc,metaspace] GC(1168) Metaspace: 13312K(13696K)->13312K(13696K) NonClass: 12176K(12352K)->12176K(12352K) Class: 1135K(1344K)->1135K(1344K)
[2026-01-16T10:41:04.369+0000][gc          ] GC(1168) Pause Young (Normal) (G1 Evacuation Pause) 969M->378M(1024M) 18.829ms
[2026-01-16T10:41:04.369+0000][gc,cpu      ] GC(1168) User=0.09s Sys=0.00s Real=0.02s
[2026-01-16T10:41:55.079+0000][gc,start    ] GC(1169) Pause Young (Normal) (G1 Evacuation Pause)
[2026-01-16T10:41:55.080+0000][gc,task     ] GC(1169) Using 8 workers of 8 for evacuation
[2026-01-16T10:41:55.152+0000][gc,phases   ] GC(1169)   Pre Evacuate Collection Set: 23.2ms
[2026-01-16T10:41:55.152+0000][gc,phases   ] GC(1169)   Merge Heap Roots: 0.7ms
[2026-01-16T10:41:55.152+0000][gc,phases   ] GC(1169)   Evacuate Collection Set: 34.5ms
[2026-01-16T10:41:55.153+0000][gc,phases   ] GC(1169)   Post Evacuate Collection Set: 12.0ms
[2026-01-16T10:41:55.153+0000][gc,phases   ] GC(1169)   Other: 1.6ms
[2026-01-16T10:41:55.153+0000][gc,heap     ] GC(1169) Eden regions: 591->0(591)
[2026-01-16T10:41:55.153+0000][gc,heap     ] GC(1169) Survivor regions: 1->1(53)
[2026-01-16T10:41:55.153+0000][gc,heap     ] GC(1169) Old regions: 238->238
[2026-01-16T10:41:55.154+0000][gc,heap     ] GC(1169) Humongous regions: 141->141
[2026-01-16T10:41:55.154+0000][gc,metaspace] GC(1169) Metaspace: 13312K(13696K)->13312K(13696K) NonClass: 12176K(12352K)->12176K(12352K) Class: 1135K(1344K)->1135K(1344K)
[2026-01-16T10:41:55.154+0000][gc          ] GC(1169) Pause Young (Normal) (G1 Evacuation Pause) 969M->379M(1024M) 75.089ms
[2026-01-16T10:41:55.155+0000][gc,cpu      ] GC(1169) User=0.18s Sys=0.03s Real=0.07s
[2026-01-16T10:42:46.283+0000][gc,start    ] GC(1170) Pause Young (Normal) (G1 Evacuation Pause)
[2026-01-16T10:42:46.285+0000][gc,task     ] GC(1170) Using 8 workers of 8 for evacuation
[2026-01-16T10:42:46.464+0000][gc,phases   ] GC(1170)   Pre Evacuate Collection Set: 17.2ms
[2026-01-16T10:42:46.464+0000][gc,phases   ] GC(1170)   Merge Heap Roots: 5.1ms
[2026-01-16T10:42:46.464+0000][gc,phases   ] GC(1170)   Evacuate Collection Set: 106.3ms
[2026-01-16T10:42:46.464+0000][gc,phases   ] GC(1170)   Post Evacuate Collection Set: 48.6ms
[2026-01-16T10:42:46.465+0000][gc,phases   ] GC(1170)   Other: 2.1ms
[2026-01-16T10:42:46.465+0000][gc,heap     ] GC(1170) Eden regions: 591->0(589)
[2026-01-16T10:42:46.466+0000][gc,heap     ] GC(1170) Survivor regions: 1->2(53)
[2026-01-16T10:42:46.466+0000][gc,heap     ] GC(1170) Old regions: 238->238
[2026-01-16T10:42:46.468+0000][gc,heap     ] GC(1170) Humongous regions: 141->141
[2026-01-16T10:42:46.469+0000][gc,metaspace] GC(1170) Metaspace: 13312K(13696K)->13312K(13696K) NonClass: 12176K(12352K)->12176K(12352K) Class: 1135K(1344K)->1135K(1344K)
[2026-01-16T10:42:46.470+0000][gc          ] GC(1170) Pause Young (Normal) (G1 Evacuation Pause) 970M->379M(1024M) 187.238ms
[2026-01-16T10:42:46.472+0000][gc,cpu      ] GC(1170) User=0.18s Sys=0.01s Real=0.19s
[2026-01-16T10:43:45.203+0000][gc,start    ] GC(1171) Pause Young (Normal) (G1 Evacuation Pause)
[2026-01-16T10:43:45.234+0000][gc,task     ] GC(1171) Using 8 workers of 8 for evacuation
[2026-01-16T10:43:45.947+0000][gc,mmu      ] GC(1171) MMU target violated: 201.0ms (200.0ms/201.0ms)
[2026-01-16T10:43:45.951+0000][gc,phases   ] GC(1171)   Pre Evacuate Collection Set: 134.8ms
[2026-01-16T10:43:45.961+0000][gc,phases   ] GC(1171)   Merge Heap Roots: 16.2ms
[2026-01-16T10:43:45.965+0000][gc,phases   ] GC(1171)   Evacuate Collection Set: 459.1ms
[2026-01-16T10:43:45.965+0000][gc,phases   ] GC(1171)   Post Evacuate Collection Set: 97.5ms
[2026-01-16T10:43:45.967+0000][gc,phases   ] GC(1171)   Other: 36.0ms
[2026-01-16T10:43:45.971+0000][gc,heap     ] GC(1171) Eden regions: 589->0(49)
[2026-01-16T10:43:45.973+0000][gc,heap     ] GC(1171) Survivor regions: 2->2(54)
[2026-01-16T10:43:45.976+0000][gc,heap     ] GC(1171) Old regions: 238->238
[2026-01-16T10:43:45.976+0000][gc,heap     ] GC(1171) Humongous regions: 141->141
[2026-01-16T10:43:45.977+0000][gc,metaspace] GC(1171) Metaspace: 13312K(13696K)->13312K(13696K) NonClass: 12177K(12352K)->12177K(12352K) Class: 1135K(1344K)->1135K(1344K)
[2026-01-16T10:43:45.977+0000][gc          ] GC(1171) Pause Young (Normal) (G1 Evacuation Pause) 968M->380M(1024M) 774.375ms
[2026-01-16T10:43:45.978+0000][gc,cpu      ] GC(1171) User=0.67s Sys=0.03s Real=0.77s
[2026-01-16T10:43:51.495+0000][gc,start    ] GC(1172) Pause Young (Normal) (G1 Evacuation Pause)
[2026-01-16T10:43:51.497+0000][gc,task     ] GC(1172) Using 8 workers of 8 for evacuation
[2026-01-16T10:43:52.103+0000][gc,mmu      ] GC(1172) MMU target violated: 201.0ms (200.0ms/201.0ms)
[2026-01-16T10:43:52.105+0000][gc,phases   ] GC(1172)   Pre Evacuate Collection Set: 100.0ms
[2026-01-16T10:43:52.113+0000][gc,phases   ] GC(1172)   Merge Heap Roots: 5.6ms
[2026-01-16T10:43:52.119+0000][gc,phases   ] GC(1172)   Evacuate Collection Set: 405.4ms
[2026-01-16T10:43:52.123+0000][gc,phases   ] GC(1172)   Post Evacuate Collection Set: 66.1ms
[2026-01-16T10:43:52.126+0000][gc,phases   ] GC(1172)   Other: 31.5ms
[2026-01-16T10:43:52.126+0000][gc,heap     ] GC(1172) Eden regions: 49->0(49)
[2026-01-16T10:43:52.126+0000][gc,heap     ] GC(1172) Survivor regions: 2->2(7)
[2026-01-16T10:43:52.126+0000][gc,heap     ] GC(1172) Old regions: 238->238
[2026-01-16T10:43:52.128+0000][gc,heap     ] GC(1172) Humongous regions: 141->141
[2026-01-16T10:43:52.128+0000][gc,metaspace] GC(1172) Metaspace: 13312K(13696K)->13312K(13696K) NonClass: 12177K(12352K)->12177K(12352K) Class: 1135K(1344K)->1135K(1344K)
[2026-01-16T10:43:52.129+0000][gc          ] GC(1172) Pause Young (Normal) (G1 Evacuation Pause) 429M->380M(1024M) 634.337ms
[2026-01-16T10:43:52.130+0000][gc,cpu      ] GC(1172) User=0.43s Sys=0.03s Real=0.64s
[2026-01-16T10:43:57.154+0000][gc,start    ] GC(1173) Pause Young (Normal) (G1 Evacuation Pause)
[2026-01-16T10:43:57.158+0000][gc,task     ] GC(1173) Using 8 workers of 8 for evacuation
[2026-01-16T10:43:57.955+0000][gc,mmu      ] GC(1173) MMU target violated: 201.0ms (200.0ms/201.0ms)
[2026-01-16T10:43:57.955+0000][gc,phases   ] GC(1173)   Pre Evacuate Collection Set: 167.2ms
[2026-01-16T10:43:57.956+0000][gc,phases   ] GC(1173)   Merge Heap Roots: 8.2ms
[2026-01-16T10:43:57.956+0000][gc,phases   ] GC(1173)   Evacuate Collection Set: 551.1ms
[2026-01-16T10:43:57.957+0000][gc,phases   ] GC(1173)   Post Evacuate Collection Set: 62.7ms
[2026-01-16T10:43:57.958+0000][gc,phases   ] GC(1173)   Other: 10.5ms
[2026-01-16T10:43:57.959+0000][gc,heap     ] GC(1173) Eden regions: 49->0(49)
[2026-01-16T10:43:57.959+0000][gc,heap     ] GC(1173) Survivor regions: 2->2(7)
[2026-01-16T10:43:57.960+0000][gc,heap     ] GC(1173) Old regions: 238->238
[2026-01-16T10:43:57.960+0000][gc,heap     ] GC(1173) Humongous regions: 141->141
[2026-01-16T10:43:57.961+0000][gc,metaspace] GC(1173) Metaspace: 13312K(13696K)->13312K(13696K) NonClass: 12177K(12352K)->12177K(12352K) Class: 1135K(1344K)->1135K(1344K)
[2026-01-16T10:43:57.962+0000][gc          ] GC(1173) Pause Young (Normal) (G1 Evacuation Pause) 429M->380M(1024M) 807.521ms
[2026-01-16T10:43:57.964+0000][gc,cpu      ] GC(1173) User=0.55s Sys=0.04s Real=0.81s
[2026-01-16T10:44:01.055+0000][gc,start    ] GC(1174) Pause Young (Normal) (G1 Evacuation Pause)
[2026-01-16T10:44:01.069+0000][gc,task     ] GC(1174) Using 8 workers of 8 for evacuation
[2026-01-16T10:44:01.571+0000][gc,mmu      ] GC(1174) MMU target violated: 201.0ms (200.0ms/201.0ms)
[2026-01-16T10:44:01.572+0000][gc,phases   ] GC(1174)   Pre Evacuate Collection Set: 102.8ms
[2026-01-16T10:44:01.572+0000][gc,phases   ] GC(1174)   Merge Heap Roots: 5.3ms
[2026-01-16T10:44:01.573+0000][gc,phases   ] GC(1174)   Evacuate Collection Set: 375.6ms
[2026-01-16T10:44:01.573+0000][gc,phases   ] GC(1174)   Post Evacuate Collection Set: 13.1ms
[2026-01-16T10:44:01.573+0000][gc,phases   ] GC(1174)   Other: 6.2ms
[2026-01-16T10:44:01.574+0000][gc,heap     ] GC(1174) Eden regions: 49->0(48)
[2026-01-16T10:44:01.574+0000][gc,heap     ] GC(1174) Survivor regions: 2->3(7)
[2026-01-16T10:44:01.575+0000][gc,heap     ] GC(1174) Old regions: 238->238
[2026-01-16T10:44:01.577+0000][gc,heap     ] GC(1174) Humongous regions: 141->141
[2026-01-16T10:44:01.581+0000][gc,metaspace] GC(1174) Metaspace: 13312K(13696K)->13312K(13696K) NonClass: 12177K(12352K)->12177K(12352K) Class: 1135K(1344K)->1135K(1344K)
[2026-01-16T10:44:01.582+0000][gc          ] GC(1174) Pause Young (Normal) (G1 Evacuation Pause) 429M->380M(1024M) 526.403ms
[2026-01-16T10:44:01.584+0000][gc,cpu      ] GC(1174) User=0.34s Sys=0.02s Real=0.54s
[2026-01-16T10:44:03.211+0000][gc,start    ] GC(1175) Pause Young (Normal) (G1 Evacuation Pause)
[2026-01-16T10:44:03.213+0000][gc,task     ] GC(1175) Using 8 workers of 8 for evacuation
[2026-01-16T10:44:03.404+0000][gc,phases   ] GC(1175)   Pre Evacuate Collection Set: 2.7ms
[2026-01-16T10:44:03.407+0000][gc,phases   ] GC(1175)   Merge Heap Roots: 0.3ms
[2026-01-16T10:44:03.409+0000][gc,phases   ] GC(1175)   Evacuate Collection Set: 155.0ms
[2026-01-16T10:44:03.409+0000][gc,phases   ] GC(1175)   Post Evacuate Collection Set: 25.3ms
[2026-01-16T10:44:03.409+0000][gc,phases   ] GC(1175)   Other: 7.8ms
[2026-01-16T10:44:03.410+0000][gc,heap     ] GC(1175) Eden regions: 48->0(48)
[2026-01-16T10:44:03.410+0000][gc,heap     ] GC(1175) Survivor regions: 3->3(7)
[2026-01-16T10:44:03.410+0000][gc,heap     ] GC(1175) Old regions: 238->238
[2026-01-16T10:44:03.410+0000][gc,heap     ] GC(1175) Humongous regions: 141->141
[2026-01-16T10:44:03.410+0000][gc,metaspace] GC(1175) Metaspace: 13312K(13696K)->13312K(13696K) NonClass: 12177K(12352K)->12177K(12352K) Class: 1135K(1344K)->1135K(1344K)
[2026-01-16T10:44:03.410+0000][gc          ] GC(1175) Pause Young (Normal) (G1 Evacuation Pause) 428M->381M(1024M) 198.901ms
[2026-01-16T10:44:03.410+0000][gc,cpu      ] GC(1175) User=0.06s Sys=0.00s Real=0.20s
[2026-01-16T10:44:05.307+0000][gc,start    ] GC(1176) Pause Young (Normal) (G1 Evacuation Pause)
[2026-01-16T10:44:05.312+0000][gc,task     ] GC(1176) Using 8 workers of 8 for evacuation
[2026-01-16T10:44:05.504+0000][gc,phases   ] GC(1176)   Pre Evacuate Collection Set: 50.5ms
[2026-01-16T10:44:05.505+0000][gc,phases   ] GC(1176)   Merge Heap Roots: 0.3ms
[2026-01-16T10:44:05.526+0000][gc,phases   ] GC(1176)   Evacuate Collection Set: 132.9ms
[2026-01-16T10:44:05.528+0000][gc,phases   ] GC(1176)   Post Evacuate Collection Set: 3.2ms
[2026-01-16T10:44:05.536+0000][gc,phases   ] GC(1176)   Other: 5.5ms
[2026-01-16T10:44:05.536+0000][gc,heap     ] GC(1176) Eden regions: 48->0(48)
[2026-01-16T10:44:05.538+0000][gc,heap     ] GC(1176) Survivor regions: 3->3(7)
[2026-01-16T10:44:05.539+0000][gc,heap     ] GC(1176) Old regions: 238->238
[2026-01-16T10:44:05.539+0000][gc,heap     ] GC(1176) Humongous regions: 141->141
[2026-01-16T10:44:05.539+0000][gc,metaspace] GC(1176) Metaspace: 13312K(13696K)->13312K(13696K) NonClass: 12177K(12352K)->12177K(12352K) Class: 1135K(1344K)->1135K(1344K)
[2026-01-16T10:44:05.539+0000][gc          ] GC(1176) Pause Young (Normal) (G1 Evacuation Pause) 429M->380M(1024M) 231.758ms
[2026-01-16T10:44:05.547+0000][gc,cpu      ] GC(1176) User=0.06s Sys=0.01s Real=0.24s
[2026-01-16T10:44:06.778+0000][gc,start    ] GC(1177) Pause Young (Normal) (G1 Evacuation Pause)
[2026-01-16T10:44:06.783+0000][gc,task     ] GC(1177) Using 8 workers of 8 for evacuation
[2026-01-16T10:44:06.834+0000][gc,phases   ] GC(1177)   Pre Evacuate Collection Set: 2.2ms
[2026-01-16T10:44:06.838+0000][gc,phases   ] GC(1177)   Merge Heap Roots: 0.2ms
[2026-01-16T10:44:06.839+0000][gc,phases   ] GC(1177)   Evacuate Collection Set: 46.2ms
[2026-01-16T10:44:06.840+0000][gc,phases   ] GC(1177)   Post Evacuate Collection Set: 2.1ms
[2026-01-16T10:44:06.841+0000][gc,phases   ] GC(1177)   Other: 0.5ms
[2026-01-16T10:44:06.841+0000][gc,heap     ] GC(1177) Eden regions: 48->0(49)
[2026-01-16T10:44:06.842+0000][gc,heap     ] GC(1177) Survivor regions: 3->2(7)
[2026-01-16T10:44:06.842+0000][gc,heap     ] GC(1177) Old regions: 238->238
[2026-01-16T10:44:06.845+0000][gc,heap     ] GC(1177) Humongous regions: 141->141
[2026-01-16T10:44:06.850+0000][gc,metaspace] GC(1177) Metaspace: 13312K(13696K)->13312K(13696K) NonClass: 12177K(12352K)->12177K(12352K) Class: 1135K(1344K)->1135K(1344K)
[2026-01-16T10:44:06.854+0000][gc          ] GC(1177) Pause Young (Normal) (G1 Evacuation Pause) 428M->379M(1024M) 75.322ms
[2026-01-16T10:44:06.854+0000][gc,cpu      ] GC(1177) User=0.02s Sys=0.00s Real=0.08s
[2026-01-16T10:44:07.835+0000][gc,start    ] GC(1178) Pause Young (Concurrent Start) (CodeCache GC Threshold)
[2026-01-16T10:44:07.837+0000][gc,task     ] GC(1178) Using 8 workers of 8 for evacuation
[2026-01-16T10:44:08.248+0000][gc,mmu      ] GC(1178) MMU target violated: 201.0ms (200.0ms/201.0ms)
[2026-01-16T10:44:08.249+0000][gc,phases   ] GC(1178)   Pre Evacuate Collection Set: 80.9ms
[2026-01-16T10:44:08.249+0000][gc,phases   ] GC(1178)   Merge Heap Roots: 13.7ms
[2026-01-16T10:44:08.249+0000][gc,phases   ] GC(1178)   Evacuate Collection Set: 294.5ms
[2026-01-16T10:44:08.249+0000][gc,phases   ] GC(1178)   Post Evacuate Collection Set: 18.9ms
[2026-01-16T10:44:08.249+0000][gc,phases   ] GC(1178)   Other: 3.7ms
[2026-01-16T10:44:08.251+0000][gc,heap     ] GC(1178) Eden regions: 47->0(49)
[2026-01-16T10:44:08.251+0000][gc,heap     ] GC(1178) Survivor regions: 2->2(7)
[2026-01-16T10:44:08.251+0000][gc,heap     ] GC(1178) Old regions: 238->238
[2026-01-16T10:44:08.251+0000][gc,heap     ] GC(1178) Humongous regions: 141->141
[2026-01-16T10:44:08.251+0000][gc,metaspace] GC(1178) Metaspace: 13312K(13696K)->13312K(13696K) NonClass: 12177K(12352K)->12177K(12352K) Class: 1135K(1344K)->1135K(1344K)
[2026-01-16T10:44:08.254+0000][gc          ] GC(1178) Pause Young (Concurrent Start) (CodeCache GC Threshold) 426M->380M(1024M) 418.551ms
[2026-01-16T10:44:08.254+0000][gc,cpu      ] GC(1178) User=0.19s Sys=0.05s Real=0.42s
[2026-01-16T10:44:08.352+0000][gc          ] GC(1179) Concurrent Mark Cycle
[2026-01-16T10:44:08.389+0000][gc,marking  ] GC(1179) Concurrent Scan Root Regions
[2026-01-16T10:44:08.931+0000][gc,marking  ] GC(1179) Concurrent Scan Root Regions 542.240ms
[2026-01-16T10:44:08.932+0000][gc,marking  ] GC(1179) Concurrent Mark
[2026-01-16T10:44:08.932+0000][gc,marking  ] GC(1179) Concurrent Mark From Roots
[2026-01-16T10:44:08.932+0000][gc,task     ] GC(1179) Using 2 workers of 2 for marking
[2026-01-16T10:44:12.903+0000][gc,marking  ] GC(1179) Concurrent Mark From Roots 3960.271ms
[2026-01-16T10:44:12.906+0000][gc,marking  ] GC(1179) Concurrent Preclean
[2026-01-16T10:44:12.913+0000][gc,marking  ] GC(1179) Concurrent Preclean 6.969ms
[2026-01-16T10:44:12.930+0000][gc,start    ] GC(1179) Pause Remark
[2026-01-16T10:44:16.483+0000][gc,mmu      ] GC(1179) MMU target violated: 201.0ms (200.0ms/201.0ms)
[2026-01-16T10:44:16.485+0000][gc          ] GC(1179) Pause Remark 405M->295M(1024M) 3554.699ms
[2026-01-16T10:44:16.486+0000][gc,cpu      ] GC(1179) User=2.50s Sys=0.56s Real=3.55s
[2026-01-16T10:44:16.509+0000][gc,marking  ] GC(1179) Concurrent Mark 7565.840ms
[2026-01-16T10:44:16.510+0000][gc,marking  ] GC(1179) Concurrent Rebuild Remembered Sets and Scrub Regions
[2026-01-16T10:44:18.111+0000][gc,marking  ] GC(1179) Concurrent Rebuild Remembered Sets and Scrub Regions 1601.446ms
[2026-01-16T10:44:18.122+0000][gc,start    ] GC(1179) Pause Cleanup
[2026-01-16T10:44:18.131+0000][gc          ] GC(1179) Pause Cleanup 309M->309M(1024M) 9.455ms
[2026-01-16T10:44:18.131+0000][gc,cpu      ] GC(1179) User=0.01s Sys=0.00s Real=0.01s
[2026-01-16T10:44:18.148+0000][gc,marking  ] GC(1179) Concurrent Clear Claimed Marks
[2026-01-16T10:44:18.149+0000][gc,marking  ] GC(1179) Concurrent Clear Claimed Marks 0.770ms
[2026-01-16T10:44:18.150+0000][gc,marking  ] GC(1179) Concurrent Cleanup for Next Mark
[2026-01-16T10:44:18.590+0000][gc,start    ] GC(1180) Pause Young (Prepare Mixed) (G1 Evacuation Pause)
[2026-01-16T10:44:18.594+0000][gc,task     ] GC(1180) Using 8 workers of 8 for evacuation
[2026-01-16T10:44:18.996+0000][gc,mmu      ] GC(1180) MMU target violated: 201.0ms (200.0ms/201.0ms)
[2026-01-16T10:44:19.001+0000][gc,phases   ] GC(1180)   Pre Evacuate Collection Set: 9.1ms
[2026-01-16T10:44:19.001+0000][gc,phases   ] GC(1180)   Merge Heap Roots: 7.4ms
[2026-01-16T10:44:19.002+0000][gc,phases   ] GC(1180)   Evacuate Collection Set: 338.2ms
[2026-01-16T10:44:19.009+0000][gc,phases   ] GC(1180)   Post Evacuate Collection Set: 44.3ms
[2026-01-16T10:44:19.009+0000][gc,phases   ] GC(1180)   Other: 6.7ms
[2026-01-16T10:44:19.009+0000][gc,heap     ] GC(1180) Eden regions: 49->0(50)
[2026-01-16T10:44:19.011+0000][gc,heap     ] GC(1180) Survivor regions: 2->1(7)
[2026-01-16T10:44:19.012+0000][gc,heap     ] GC(1180) Old regions: 231->231
[2026-01-16T10:44:19.012+0000][gc,heap     ] GC(1180) Humongous regions: 38->38
[2026-01-16T10:44:19.012+0000][gc,metaspace] GC(1180) Metaspace: 13204K(13696K)->13204K(13696K) NonClass: 12097K(12352K)->12097K(12352K) Class: 1106K(1344K)->1106K(1344K)
[2026-01-16T10:44:19.013+0000][gc          ] GC(1180) Pause Young (Prepare Mixed) (G1 Evacuation Pause) 319M->269M(1024M) 423.068ms
[2026-01-16T10:44:19.014+0000][gc,cpu      ] GC(1180) User=0.12s Sys=0.03s Real=0.43s
[2026-01-16T10:44:19.734+0000][gc,marking  ] GC(1179) Concurrent Cleanup for Next Mark 1583.004ms
[2026-01-16T10:44:19.735+0000][gc          ] GC(1179) Concurrent Mark Cycle 11371.058ms
[2026-01-16T10:44:21.317+0000][gc,start    ] GC(1181) Pause Young (Mixed) (G1 Evacuation Pause)
[2026-01-16T10:44:21.324+0000][gc,task     ] GC(1181) Using 8 workers of 8 for evacuation
[2026-01-16T10:44:21.539+0000][gc,mmu      ] GC(1181) MMU target violated: 201.0ms (200.0ms/201.0ms)
[2026-01-16T10:44:21.541+0000][gc,phases   ] GC(1181)   Pre Evacuate Collection Set: 70.3ms
[2026-01-16T10:44:21.545+0000][gc,phases   ] GC(1181)   Merge Heap Roots: 1.1ms
[2026-01-16T10:44:21.546+0000][gc,phases   ] GC(1181)   Evacuate Collection Set: 126.0ms
[2026-01-16T10:44:21.548+0000][gc,phases   ] GC(1181)   Post Evacuate Collection Set: 17.1ms
[2026-01-16T10:44:21.548+0000][gc,phases   ] GC(1181)   Other: 7.0ms
[2026-01-16T10:44:21.549+0000][gc,heap     ] GC(1181) Eden regions: 50->0(49)
[2026-01-16T10:44:21.551+0000][gc,heap     ] GC(1181) Survivor regions: 1->2(7)
[2026-01-16T10:44:21.551+0000][gc,heap     ] GC(1181) Old regions: 231->210
[2026-01-16T10:44:21.552+0000][gc,heap     ] GC(1181) Humongous regions: 38->38
[2026-01-16T10:44:21.552+0000][gc,metaspace] GC(1181) Metaspace: 13204K(13696K)->13204K(13696K) NonClass: 12097K(12352K)->12097K(12352K) Class: 1106K(1344K)->1106K(1344K)
[2026-01-16T10:44:21.553+0000][gc          ] GC(1181) Pause Young (Mixed) (G1 Evacuation Pause) 319M->249M(1024M) 235.962ms
[2026-01-16T10:44:21.554+0000][gc,cpu      ] GC(1181) User=0.12s Sys=0.01s Real=0.24s
[2026-01-16T10:44:24.453+0000][gc,start    ] GC(1182) Pause Young (Mixed) (G1 Evacuation Pause)
[2026-01-16T10:44:24.453+0000][gc,task     ] GC(1182) Using 8 workers of 8 for evacuation
[2026-01-16T10:44:24.540+0000][gc,phases   ] GC(1182)   Pre Evacuate Collection Set: 14.6ms
[2026-01-16T10:44:24.541+0000][gc,phases   ] GC(1182)   Merge Heap Roots: 0.6ms
[2026-01-16T10:44:24.541+0000][gc,phases   ] GC(1182)   Evacuate Collection Set: 60.5ms
[2026-01-16T10:44:24.541+0000][gc,phases   ] GC(1182)   Post Evacuate Collection Set: 10.3ms
[2026-01-16T10:44:24.541+0000][gc,phases   ] GC(1182)   Other: 1.1ms
[2026-01-16T10:44:24.541+0000][gc,heap     ] GC(1182) Eden regions: 49->0(50)
[2026-01-16T10:44:24.541+0000][gc,heap     ] GC(1182) Survivor regions: 2->1(7)
[2026-01-16T10:44:24.541+0000][gc,heap     ] GC(1182) Old regions: 210->189
[2026-01-16T10:44:24.541+0000][gc,heap     ] GC(1182) Humongous regions: 38->38
[2026-01-16T10:44:24.542+0000][gc,metaspace] GC(1182) Metaspace: 13204K(13696K)->13204K(13696K) NonClass: 12097K(12352K)->12097K(12352K) Class: 1106K(1344K)->1106K(1344K)
[2026-01-16T10:44:24.542+0000][gc          ] GC(1182) Pause Young (Mixed) (G1 Evacuation Pause) 298M->227M(1024M) 89.098ms
[2026-01-16T10:44:24.542+0000][gc,cpu      ] GC(1182) User=0.07s Sys=0.01s Real=0.09s
[2026-01-16T10:44:25.445+0000][gc,start    ] GC(1183) Pause Young (Mixed) (G1 Evacuation Pause)
[2026-01-16T10:44:25.447+0000][gc,task     ] GC(1183) Using 8 workers of 8 for evacuation
[2026-01-16T10:44:25.491+0000][gc,phases   ] GC(1183)   Pre Evacuate Collection Set: 6.4ms
[2026-01-16T10:44:25.496+0000][gc,phases   ] GC(1183)   Merge Heap Roots: 0.1ms
[2026-01-16T10:44:25.496+0000][gc,phases   ] GC(1183)   Evacuate Collection Set: 31.1ms
[2026-01-16T10:44:25.496+0000][gc,phases   ] GC(1183)   Post Evacuate Collection Set: 4.9ms
[2026-01-16T10:44:25.497+0000][gc,phases   ] GC(1183)   Other: 1.9ms
[2026-01-16T10:44:25.497+0000][gc,heap     ] GC(1183) Eden regions: 50->0(231)
[2026-01-16T10:44:25.497+0000][gc,heap     ] GC(1183) Survivor regions: 1->2(7)
[2026-01-16T10:44:25.497+0000][gc,heap     ] GC(1183) Old regions: 189->168
[2026-01-16T10:44:25.497+0000][gc,heap     ] GC(1183) Humongous regions: 38->38
[2026-01-16T10:44:25.498+0000][gc,metaspace] GC(1183) Metaspace: 13204K(13696K)->13204K(13696K) NonClass: 12097K(12352K)->12097K(12352K) Class: 1106K(1344K)->1106K(1344K)
[2026-01-16T10:44:25.498+0000][gc          ] GC(1183) Pause Young (Mixed) (G1 Evacuation Pause) 277M->206M(1024M) 53.214ms
[2026-01-16T10:44:25.498+0000][gc,cpu      ] GC(1183) User=0.04s Sys=0.01s Real=0.05s
[2026-01-16T10:44:50.266+0000][gc,start    ] GC(1184) Pause Young (Mixed) (G1 Evacuation Pause)
[2026-01-16T10:44:50.279+0000][gc,task     ] GC(1184) Using 8 workers of 8 for evacuation
[2026-01-16T10:44:50.967+0000][gc,mmu      ] GC(1184) MMU target violated: 201.0ms (200.0ms/201.0ms)
[2026-01-16T10:44:50.974+0000][gc,phases   ] GC(1184)   Pre Evacuate Collection Set: 124.2ms
[2026-01-16T10:44:50.975+0000][gc,phases   ] GC(1184)   Merge Heap Roots: 1.9ms
[2026-01-16T10:44:50.977+0000][gc,phases   ] GC(1184)   Evacuate Collection Set: 476.0ms
[2026-01-16T10:44:50.979+0000][gc,phases   ] GC(1184)   Post Evacuate Collection Set: 73.3ms
[2026-01-16T10:44:50.980+0000][gc,phases   ] GC(1184)   Other: 24.5ms
[2026-01-16T10:44:50.981+0000][gc,heap     ] GC(1184) Eden regions: 271->0(49)
[2026-01-16T10:44:50.982+0000][gc,heap     ] GC(1184) Survivor regions: 2->2(35)
[2026-01-16T10:44:50.983+0000][gc,heap     ] GC(1184) Old regions: 168->147
[2026-01-16T10:44:50.984+0000][gc,heap     ] GC(1184) Humongous regions: 38->38
[2026-01-16T10:44:50.985+0000][gc,metaspace] GC(1184) Metaspace: 13207K(13696K)->13207K(13696K) NonClass: 12101K(12352K)->12101K(12352K) Class: 1106K(1344K)->1106K(1344K)
[2026-01-16T10:44:50.986+0000][gc          ] GC(1184) Pause Young (Mixed) (G1 Evacuation Pause) 477M->186M(1024M) 720.558ms
[2026-01-16T10:44:50.994+0000][gc,cpu      ] GC(1184) User=0.43s Sys=0.06s Real=0.72s
[2026-01-16T10:44:56.719+0000][gc,start    ] GC(1185) Pause Young (Mixed) (G1 Evacuation Pause)
[2026-01-16T10:44:56.726+0000][gc,task     ] GC(1185) Using 8 workers of 8 for evacuation
[2026-01-16T10:44:57.350+0000][gc,mmu      ] GC(1185) MMU target violated: 201.0ms (200.0ms/201.0ms)
[2026-01-16T10:44:57.352+0000][gc,phases   ] GC(1185)   Pre Evacuate Collection Set: 67.1ms
[2026-01-16T10:44:57.355+0000][gc,phases   ] GC(1185)   Merge Heap Roots: 41.5ms
[2026-01-16T10:44:57.357+0000][gc,phases   ] GC(1185)   Evacuate Collection Set: 470.3ms
[2026-01-16T10:44:57.358+0000][gc,phases   ] GC(1185)   Post Evacuate Collection Set: 44.0ms
[2026-01-16T10:44:57.361+0000][gc,phases   ] GC(1185)   Other: 3.7ms
[2026-01-16T10:44:57.361+0000][gc,heap     ] GC(1185) Eden regions: 49->0(50)
[2026-01-16T10:44:57.362+0000][gc,heap     ] GC(1185) Survivor regions: 2->1(7)
[2026-01-16T10:44:57.363+0000][gc,heap     ] GC(1185) Old regions: 147->126
[2026-01-16T10:44:57.365+0000][gc,heap     ] GC(1185) Humongous regions: 38->38
[2026-01-16T10:44:57.366+0000][gc,metaspace] GC(1185) Metaspace: 13207K(13696K)->13207K(13696K) NonClass: 12101K(12352K)->12101K(12352K) Class: 1106K(1344K)->1106K(1344K)
[2026-01-16T10:44:57.367+0000][gc          ] GC(1185) Pause Young (Mixed) (G1 Evacuation Pause) 235M->164M(1024M) 654.124ms
[2026-01-16T10:44:57.369+0000][gc,cpu      ] GC(1185) User=0.29s Sys=0.02s Real=0.65s
[2026-01-16T10:44:58.500+0000][gc,start    ] GC(1186) Pause Young (Mixed) (G1 Evacuation Pause)
[2026-01-16T10:44:58.507+0000][gc,task     ] GC(1186) Using 8 workers of 8 for evacuation
[2026-01-16T10:44:58.758+0000][gc,mmu      ] GC(1186) MMU target violated: 201.0ms (200.0ms/201.0ms)
[2026-01-16T10:44:58.759+0000][gc,phases   ] GC(1186)   Pre Evacuate Collection Set: 30.7ms
[2026-01-16T10:44:58.759+0000][gc,phases   ] GC(1186)   Merge Heap Roots: 1.0ms
[2026-01-16T10:44:58.762+0000][gc,phases   ] GC(1186)   Evacuate Collection Set: 161.5ms
[2026-01-16T10:44:58.766+0000][gc,phases   ] GC(1186)   Post Evacuate Collection Set: 55.3ms
[2026-01-16T10:44:58.778+0000][gc,phases   ] GC(1186)   Other: 4.2ms
[2026-01-16T10:44:58.785+0000][gc,heap     ] GC(1186) Eden regions: 50->0(49)
[2026-01-16T10:44:58.790+0000][gc,heap     ] GC(1186) Survivor regions: 1->2(7)
[2026-01-16T10:44:58.791+0000][gc,heap     ] GC(1186) Old regions: 126->105
[2026-01-16T10:44:58.805+0000][gc,heap     ] GC(1186) Humongous regions: 38->38
[2026-01-16T10:44:58.814+0000][gc,metaspace] GC(1186) Metaspace: 13207K(13696K)->13207K(13696K) NonClass: 12101K(12352K)->12101K(12352K) Class: 1106K(1344K)->1106K(1344K)
[2026-01-16T10:44:58.820+0000][gc          ] GC(1186) Pause Young (Mixed) (G1 Evacuation Pause) 214M->144M(1024M) 320.063ms
[2026-01-16T10:44:58.822+0000][gc,cpu      ] GC(1186) User=0.09s Sys=0.02s Real=0.33s
[2026-01-16T10:45:05.590+0000][gc,start    ] GC(1187) Pause Young (Mixed) (G1 Evacuation Pause)
[2026-01-16T10:45:05.592+0000][gc,task     ] GC(1187) Using 8 workers of 8 for evacuation
[2026-01-16T10:45:05.780+0000][gc,phases   ] GC(1187)   Pre Evacuate Collection Set: 24.9ms
[2026-01-16T10:45:05.781+0000][gc,phases   ] GC(1187)   Merge Heap Roots: 1.2ms
[2026-01-16T10:45:05.782+0000][gc,phases   ] GC(1187)   Evacuate Collection Set: 122.4ms
[2026-01-16T10:45:05.784+0000][gc,phases   ] GC(1187)   Post Evacuate Collection Set: 38.0ms
[2026-01-16T10:45:05.784+0000][gc,phases   ] GC(1187)   Other: 2.7ms
[2026-01-16T10:45:05.785+0000][gc,heap     ] GC(1187) Eden regions: 49->0(50)
[2026-01-16T10:45:05.786+0000][gc,heap     ] GC(1187) Survivor regions: 2->1(7)
[2026-01-16T10:45:05.786+0000][gc,heap     ] GC(1187) Old regions: 105->84
[2026-01-16T10:45:05.787+0000][gc,heap     ] GC(1187) Humongous regions: 38->38
[2026-01-16T10:45:05.787+0000][gc,metaspace] GC(1187) Metaspace: 13207K(13696K)->13207K(13696K) NonClass: 12101K(12352K)->12101K(12352K) Class: 1106K(1344K)->1106K(1344K)
[2026-01-16T10:45:05.790+0000][gc          ] GC(1187) Pause Young (Mixed) (G1 Evacuation Pause) 193M->122M(1024M) 199.844ms
[2026-01-16T10:45:05.790+0000][gc,cpu      ] GC(1187) User=0.16s Sys=0.02s Real=0.20s
[2026-01-16T10:45:07.324+0000][gc,start    ] GC(1188) Pause Young (Mixed) (G1 Evacuation Pause)
[2026-01-16T10:45:07.327+0000][gc,task     ] GC(1188) Using 8 workers of 8 for evacuation
[2026-01-16T10:45:07.400+0000][gc,phases   ] GC(1188)   Pre Evacuate Collection Set: 15.7ms
[2026-01-16T10:45:07.400+0000][gc,phases   ] GC(1188)   Merge Heap Roots: 6.7ms
[2026-01-16T10:45:07.401+0000][gc,phases   ] GC(1188)   Evacuate Collection Set: 45.4ms
[2026-01-16T10:45:07.401+0000][gc,phases   ] GC(1188)   Post Evacuate Collection Set: 3.9ms
[2026-01-16T10:45:07.401+0000][gc,phases   ] GC(1188)   Other: 0.9ms
[2026-01-16T10:45:07.402+0000][gc,heap     ] GC(1188) Eden regions: 50->0(49)
[2026-01-16T10:45:07.402+0000][gc,heap     ] GC(1188) Survivor regions: 1->2(7)
[2026-01-16T10:45:07.403+0000][gc,heap     ] GC(1188) Old regions: 84->69
[2026-01-16T10:45:07.403+0000][gc,heap     ] GC(1188) Humongous regions: 38->38
[2026-01-16T10:45:07.403+0000][gc,metaspace] GC(1188) Metaspace: 13207K(13696K)->13207K(13696K) NonClass: 12101K(12352K)->12101K(12352K) Class: 1106K(1344K)->1106K(1344K)
[2026-01-16T10:45:07.406+0000][gc          ] GC(1188) Pause Young (Mixed) (G1 Evacuation Pause) 172M->108M(1024M) 81.868ms
[2026-01-16T10:45:07.408+0000][gc,cpu      ] GC(1188) User=0.07s Sys=0.00s Real=0.08s
[2026-01-16T10:45:14.281+0000][gc,start    ] GC(1189) Pause Young (Normal) (G1 Evacuation Pause)
[2026-01-16T10:45:14.281+0000][gc,task     ] GC(1189) Using 8 workers of 8 for evacuation
[2026-01-16T10:45:14.349+0000][gc,phases   ] GC(1189)   Pre Evacuate Collection Set: 9.6ms
[2026-01-16T10:45:14.351+0000][gc,phases   ] GC(1189)   Merge Heap Roots: 3.3ms
[2026-01-16T10:45:14.351+0000][gc,phases   ] GC(1189)   Evacuate Collection Set: 43.8ms
[2026-01-16T10:45:14.352+0000][gc,phases   ] GC(1189)   Post Evacuate Collection Set: 9.8ms
[2026-01-16T10:45:14.352+0000][gc,phases   ] GC(1189)   Other: 1.4ms
[2026-01-16T10:45:14.352+0000][gc,heap     ] GC(1189) Eden regions: 49->0(50)
[2026-01-16T10:45:14.353+0000][gc,heap     ] GC(1189) Survivor regions: 2->1(7)
[2026-01-16T10:45:14.353+0000][gc,heap     ] GC(1189) Old regions: 69->69
[2026-01-16T10:45:14.354+0000][gc,heap     ] GC(1189) Humongous regions: 38->38
[2026-01-16T10:45:14.355+0000][gc,metaspace] GC(1189) Metaspace: 13207K(13696K)->13207K(13696K) NonClass: 12101K(12352K)->12101K(12352K) Class: 1106K(1344K)->1106K(1344K)
[2026-01-16T10:45:14.356+0000][gc          ] GC(1189) Pause Young (Normal) (G1 Evacuation Pause) 157M->107M(1024M) 74.864ms
[2026-01-16T10:45:14.356+0000][gc,cpu      ] GC(1189) User=0.09s Sys=0.01s Real=0.07s
[2026-01-16T10:45:17.153+0000][gc,start    ] GC(1190) Pause Young (Normal) (G1 Evacuation Pause)
[2026-01-16T10:45:17.157+0000][gc,task     ] GC(1190) Using 8 workers of 8 for evacuation
[2026-01-16T10:45:17.251+0000][gc,phases   ] GC(1190)   Pre Evacuate Collection Set: 20.6ms
[2026-01-16T10:45:17.256+0000][gc,phases   ] GC(1190)   Merge Heap Roots: 2.5ms
[2026-01-16T10:45:17.258+0000][gc,phases   ] GC(1190)   Evacuate Collection Set: 66.1ms
[2026-01-16T10:45:17.259+0000][gc,phases   ] GC(1190)   Post Evacuate Collection Set: 4.1ms
[2026-01-16T10:45:17.261+0000][gc,phases   ] GC(1190)   Other: 1.0ms
[2026-01-16T10:45:17.264+0000][gc,heap     ] GC(1190) Eden regions: 86->0(49)
[2026-01-16T10:45:17.264+0000][gc,heap     ] GC(1190) Survivor regions: 1->2(11)
[2026-01-16T10:45:17.264+0000][gc,heap     ] GC(1190) Old regions: 69->69
[2026-01-16T10:45:17.264+0000][gc,heap     ] GC(1190) Humongous regions: 38->38
[2026-01-16T10:45:17.264+0000][gc,metaspace] GC(1190) Metaspace: 13207K(13696K)->13207K(13696K) NonClass: 12101K(12352K)->12101K(12352K) Class: 1106K(1344K)->1106K(1344K)
[2026-01-16T10:45:17.266+0000][gc          ] GC(1190) Pause Young (Normal) (G1 Evacuation Pause) 193M->108M(1024M) 112.626ms
[2026-01-16T10:45:17.266+0000][gc,cpu      ] GC(1190) User=0.08s Sys=0.01s Real=0.11s
[2026-01-16T10:45:25.610+0000][gc,start    ] GC(1191) Pause Young (Normal) (G1 Evacuation Pause)
[2026-01-16T10:45:25.612+0000][gc,task     ] GC(1191) Using 8 workers of 8 for evacuation
[2026-01-16T10:45:25.679+0000][gc,phases   ] GC(1191)   Pre Evacuate Collection Set: 21.3ms
[2026-01-16T10:45:25.680+0000][gc,phases   ] GC(1191)   Merge Heap Roots: 0.3ms
[2026-01-16T10:45:25.680+0000][gc,phases   ] GC(1191)   Evacuate Collection Set: 28.7ms
[2026-01-16T10:45:25.681+0000][gc,phases   ] GC(1191)   Post Evacuate Collection Set: 15.6ms
[2026-01-16T10:45:25.682+0000][gc,phases   ] GC(1191)   Other: 1.6ms
[2026-01-16T10:45:25.682+0000][gc,heap     ] GC(1191) Eden regions: 77->0(130)
[2026-01-16T10:45:25.683+0000][gc,heap     ] GC(1191) Survivor regions: 2->1(10)
[2026-01-16T10:45:25.683+0000][gc,heap     ] GC(1191) Old regions: 69->70
[2026-01-16T10:45:25.683+0000][gc,heap     ] GC(1191) Humongous regions: 38->38
[2026-01-16T10:45:25.684+0000][gc,metaspace] GC(1191) Metaspace: 13207K(13696K)->13207K(13696K) NonClass: 12101K(12352K)->12101K(12352K) Class: 1106K(1344K)->1106K(1344K)
[2026-01-16T10:45:25.686+0000][gc          ] GC(1191) Pause Young (Normal) (G1 Evacuation Pause) 185M->107M(1024M) 75.509ms
[2026-01-16T10:45:25.687+0000][gc,cpu      ] GC(1191) User=0.09s Sys=0.01s Real=0.07s
[2026-01-16T10:45:45.922+0000][gc,start    ] GC(1192) Pause Young (Normal) (G1 Evacuation Pause)
[2026-01-16T10:45:45.924+0000][gc,task     ] GC(1192) Using 8 workers of 8 for evacuation
[2026-01-16T10:45:46.109+0000][gc,phases   ] GC(1192)   Pre Evacuate Collection Set: 42.1ms
[2026-01-16T10:45:46.109+0000][gc,phases   ] GC(1192)   Merge Heap Roots: 8.2ms
[2026-01-16T10:45:46.112+0000][gc,phases   ] GC(1192)   Evacuate Collection Set: 121.9ms
[2026-01-16T10:45:46.113+0000][gc,phases   ] GC(1192)   Post Evacuate Collection Set: 8.0ms
[2026-01-16T10:45:46.113+0000][gc,phases   ] GC(1192)   Other: 4.7ms
[2026-01-16T10:45:46.113+0000][gc,heap     ] GC(1192) Eden regions: 211->0(270)
[2026-01-16T10:45:46.113+0000][gc,heap     ] GC(1192) Survivor regions: 1->1(27)
[2026-01-16T10:45:46.113+0000][gc,heap     ] GC(1192) Old regions: 70->70
[2026-01-16T10:45:46.113+0000][gc,heap     ] GC(1192) Humongous regions: 38->38
[2026-01-16T10:45:46.114+0000][gc,metaspace] GC(1192) Metaspace: 13207K(13696K)->13207K(13696K) NonClass: 12101K(12352K)->12101K(12352K) Class: 1106K(1344K)->1106K(1344K)
[2026-01-16T10:45:46.115+0000][gc          ] GC(1192) Pause Young (Normal) (G1 Evacuation Pause) 318M->107M(1024M) 193.991ms
[2026-01-16T10:45:46.115+0000][gc,cpu      ] GC(1192) User=0.18s Sys=0.01s Real=0.19s
[2026-01-16T10:46:15.224+0000][gc,start    ] GC(1193) Pause Young (Normal) (G1 Evacuation Pause)
[2026-01-16T10:46:15.232+0000][gc,task     ] GC(1193) Using 8 workers of 8 for evacuation
[2026-01-16T10:46:15.387+0000][gc,phases   ] GC(1193)   Pre Evacuate Collection Set: 48.9ms
[2026-01-16T10:46:15.388+0000][gc,phases   ] GC(1193)   Merge Heap Roots: 8.1ms
[2026-01-16T10:46:15.389+0000][gc,phases   ] GC(1193)   Evacuate Collection Set: 62.5ms
[2026-01-16T10:46:15.390+0000][gc,phases   ] GC(1193)   Post Evacuate Collection Set: 29.6ms
[2026-01-16T10:46:15.392+0000][gc,phases   ] GC(1193)   Other: 8.9ms
[2026-01-16T10:46:15.393+0000][gc,heap     ] GC(1193) Eden regions: 334->0(342)
[2026-01-16T10:46:15.395+0000][gc,heap     ] GC(1193) Survivor regions: 1->1(42)
[2026-01-16T10:46:15.396+0000][gc,heap     ] GC(1193) Old regions: 70->70
[2026-01-16T10:46:15.396+0000][gc,heap     ] GC(1193) Humongous regions: 38->38
[2026-01-16T10:46:15.396+0000][gc,metaspace] GC(1193) Metaspace: 13207K(13696K)->13207K(13696K) NonClass: 12101K(12352K)->12101K(12352K) Class: 1106K(1344K)->1106K(1344K)
[2026-01-16T10:46:15.397+0000][gc          ] GC(1193) Pause Young (Normal) (G1 Evacuation Pause) 441M->107M(1024M) 174.040ms
[2026-01-16T10:46:15.399+0000][gc,cpu      ] GC(1193) User=0.24s Sys=0.03s Real=0.18s
[2026-01-16T10:46:47.893+0000][gc,start    ] GC(1194) Pause Young (Normal) (G1 Evacuation Pause)
[2026-01-16T10:46:47.894+0000][gc,task     ] GC(1194) Using 8 workers of 8 for evacuation
[2026-01-16T10:46:47.980+0000][gc,phases   ] GC(1194)   Pre Evacuate Collection Set: 15.6ms
[2026-01-16T10:46:47.981+0000][gc,phases   ] GC(1194)   Merge Heap Roots: 0.8ms
[2026-01-16T10:46:47.981+0000][gc,phases   ] GC(1194)   Evacuate Collection Set: 52.8ms
[2026-01-16T10:46:47.981+0000][gc,phases   ] GC(1194)   Post Evacuate Collection Set: 13.5ms
[2026-01-16T10:46:47.981+0000][gc,phases   ] GC(1194)   Other: 2.6ms
[2026-01-16T10:46:47.982+0000][gc,heap     ] GC(1194) Eden regions: 412->0(515)
[2026-01-16T10:46:47.982+0000][gc,heap     ] GC(1194) Survivor regions: 1->2(52)
[2026-01-16T10:46:47.982+0000][gc,heap     ] GC(1194) Old regions: 70->70
[2026-01-16T10:46:47.982+0000][gc,heap     ] GC(1194) Humongous regions: 38->38
[2026-01-16T10:46:47.983+0000][gc,metaspace] GC(1194) Metaspace: 13207K(13696K)->13207K(13696K) NonClass: 12101K(12352K)->12101K(12352K) Class: 1106K(1344K)->1106K(1344K)
[2026-01-16T10:46:47.985+0000][gc          ] GC(1194) Pause Young (Normal) (G1 Evacuation Pause) 519M->108M(1024M) 91.256ms
[2026-01-16T10:46:47.985+0000][gc,cpu      ] GC(1194) User=0.17s Sys=0.02s Real=0.09s
[2026-01-16T10:47:37.227+0000][gc,start    ] GC(1195) Pause Young (Normal) (G1 Evacuation Pause)
[2026-01-16T10:47:37.228+0000][gc,task     ] GC(1195) Using 8 workers of 8 for evacuation
[2026-01-16T10:47:37.333+0000][gc,phases   ] GC(1195)   Pre Evacuate Collection Set: 17.2ms
[2026-01-16T10:47:37.333+0000][gc,phases   ] GC(1195)   Merge Heap Roots: 1.8ms
[2026-01-16T10:47:37.334+0000][gc,phases   ] GC(1195)   Evacuate Collection Set: 56.8ms
[2026-01-16T10:47:37.335+0000][gc,phases   ] GC(1195)   Post Evacuate Collection Set: 28.1ms
[2026-01-16T10:47:37.335+0000][gc,phases   ] GC(1195)   Other: 1.0ms
[2026-01-16T10:47:37.335+0000][gc,heap     ] GC(1195) Eden regions: 571->0(612)
[2026-01-16T10:47:37.336+0000][gc,heap     ] GC(1195) Survivor regions: 2->2(72)
[2026-01-16T10:47:37.337+0000][gc,heap     ] GC(1195) Old regions: 70->70
[2026-01-16T10:47:37.338+0000][gc,heap     ] GC(1195) Humongous regions: 38->38
[2026-01-16T10:47:37.339+0000][gc,metaspace] GC(1195) Metaspace: 13207K(13696K)->13207K(13696K) NonClass: 12101K(12352K)->12101K(12352K) Class: 1106K(1344K)->1106K(1344K)
[2026-01-16T10:47:37.339+0000][gc          ] GC(1195) Pause Young (Normal) (G1 Evacuation Pause) 679M->108M(1024M) 112.056ms
[2026-01-16T10:47:37.339+0000][gc,cpu      ] GC(1195) User=0.29s Sys=0.03s Real=0.12s
[2026-01-16T10:48:34.525+0000][gc,start    ] GC(1196) Pause Young (Normal) (G1 Evacuation Pause)
[2026-01-16T10:48:34.525+0000][gc,task     ] GC(1196) Using 8 workers of 8 for evacuation
[2026-01-16T10:48:34.578+0000][gc,phases   ] GC(1196)   Pre Evacuate Collection Set: 11.0ms
[2026-01-16T10:48:34.578+0000][gc,phases   ] GC(1196)   Merge Heap Roots: 1.6ms
[2026-01-16T10:48:34.578+0000][gc,phases   ] GC(1196)   Evacuate Collection Set: 34.1ms
[2026-01-16T10:48:34.579+0000][gc,phases   ] GC(1196)   Post Evacuate Collection Set: 4.7ms
[2026-01-16T10:48:34.579+0000][gc,phases   ] GC(1196)   Other: 1.2ms
[2026-01-16T10:48:34.579+0000][gc,heap     ] GC(1196) Eden regions: 612->0(613)
[2026-01-16T10:48:34.579+0000][gc,heap     ] GC(1196) Survivor regions: 2->1(77)
[2026-01-16T10:48:34.579+0000][gc,heap     ] GC(1196) Old regions: 70->70
[2026-01-16T10:48:34.580+0000][gc,heap     ] GC(1196) Humongous regions: 38->38
[2026-01-16T10:48:34.580+0000][gc,metaspace] GC(1196) Metaspace: 13207K(13696K)->13207K(13696K) NonClass: 12101K(12352K)->12101K(12352K) Class: 1106K(1344K)->1106K(1344K)
[2026-01-16T10:48:34.580+0000][gc          ] GC(1196) Pause Young (Normal) (G1 Evacuation Pause) 720M->107M(1024M) 55.240ms
[2026-01-16T10:48:34.580+0000][gc,cpu      ] GC(1196) User=0.22s Sys=0.02s Real=0.05s
[2026-01-16T10:49:24.990+0000][gc,start    ] GC(1197) Pause Young (Normal) (G1 Evacuation Pause)
[2026-01-16T10:49:24.991+0000][gc,task     ] GC(1197) Using 8 workers of 8 for evacuation
[2026-01-16T10:49:25.016+0000][gc,phases   ] GC(1197)   Pre Evacuate Collection Set: 4.7ms
[2026-01-16T10:49:25.016+0000][gc,phases   ] GC(1197)   Merge Heap Roots: 1.3ms
[2026-01-16T10:49:25.016+0000][gc,phases   ] GC(1197)   Evacuate Collection Set: 15.8ms
[2026-01-16T10:49:25.016+0000][gc,phases   ] GC(1197)   Post Evacuate Collection Set: 2.3ms
[2026-01-16T10:49:25.016+0000][gc,phases   ] GC(1197)   Other: 1.0ms
[2026-01-16T10:49:25.016+0000][gc,heap     ] GC(1197) Eden regions: 613->0(613)
[2026-01-16T10:49:25.016+0000][gc,heap     ] GC(1197) Survivor regions: 1->1(77)
[2026-01-16T10:49:25.016+0000][gc,heap     ] GC(1197) Old regions: 70->70
[2026-01-16T10:49:25.016+0000][gc,heap     ] GC(1197) Humongous regions: 38->38
[2026-01-16T10:49:25.016+0000][gc,metaspace] GC(1197) Metaspace: 13207K(13696K)->13207K(13696K) NonClass: 12101K(12352K)->12101K(12352K) Class: 1106K(1344K)->1106K(1344K)
[2026-01-16T10:49:25.017+0000][gc          ] GC(1197) Pause Young (Normal) (G1 Evacuation Pause) 720M->108M(1024M) 26.622ms
[2026-01-16T10:49:25.017+0000][gc,cpu      ] GC(1197) User=0.13s Sys=0.01s Real=0.03s
[2026-01-16T10:50:15.314+0000][gc,start    ] GC(1198) Pause Young (Normal) (G1 Evacuation Pause)
[2026-01-16T10:50:15.316+0000][gc,task     ] GC(1198) Using 8 workers of 8 for evacuation
[2026-01-16T10:50:15.360+0000][gc,phases   ] GC(1198)   Pre Evacuate Collection Set: 9.2ms
[2026-01-16T10:50:15.361+0000][gc,phases   ] GC(1198)   Merge Heap Roots: 0.5ms
[2026-01-16T10:50:15.361+0000][gc,phases   ] GC(1198)   Evacuate Collection Set: 22.7ms
[2026-01-16T10:50:15.361+0000][gc,phases   ] GC(1198)   Post Evacuate Collection Set: 11.2ms
[2026-01-16T10:50:15.361+0000][gc,phases   ] GC(1198)   Other: 1.8ms
[2026-01-16T10:50:15.361+0000][gc,heap     ] GC(1198) Eden regions: 613->0(612)
[2026-01-16T10:50:15.361+0000][gc,heap     ] GC(1198) Survivor regions: 1->2(77)
[2026-01-16T10:50:15.361+0000][gc,heap     ] GC(1198) Old regions: 70->70
[2026-01-16T10:50:15.361+0000][gc,heap     ] GC(1198) Humongous regions: 38->38
[2026-01-16T10:50:15.361+0000][gc,metaspace] GC(1198) Metaspace: 13207K(13696K)->13207K(13696K) NonClass: 12101K(12352K)->12101K(12352K) Class: 1106K(1344K)->1106K(1344K)
[2026-01-16T10:50:15.361+0000][gc          ] GC(1198) Pause Young (Normal) (G1 Evacuation Pause) 721M->108M(1024M) 47.309ms
[2026-01-16T10:50:15.361+0000][gc,cpu      ] GC(1198) User=0.19s Sys=0.04s Real=0.04s
[2026-01-16T10:51:14.607+0000][gc,start    ] GC(1199) Pause Young (Normal) (G1 Evacuation Pause)
[2026-01-16T10:51:14.614+0000][gc,task     ] GC(1199) Using 8 workers of 8 for evacuation
[2026-01-16T10:51:14.666+0000][gc,phases   ] GC(1199)   Pre Evacuate Collection Set: 13.9ms
[2026-01-16T10:51:14.666+0000][gc,phases   ] GC(1199)   Merge Heap Roots: 1.1ms
[2026-01-16T10:51:14.666+0000][gc,phases   ] GC(1199)   Evacuate Collection Set: 24.0ms
[2026-01-16T10:51:14.666+0000][gc,phases   ] GC(1199)   Post Evacuate Collection Set: 10.1ms
[2026-01-16T10:51:14.666+0000][gc,phases   ] GC(1199)   Other: 3.4ms
[2026-01-16T10:51:14.666+0000][gc,heap     ] GC(1199) Eden regions: 612->0(613)
[2026-01-16T10:51:14.667+0000][gc,heap     ] GC(1199) Survivor regions: 2->1(77)
[2026-01-16T10:51:14.667+0000][gc,heap     ] GC(1199) Old regions: 70->70
[2026-01-16T10:51:14.667+0000][gc,heap     ] GC(1199) Humongous regions: 38->38
[2026-01-16T10:51:14.667+0000][gc,metaspace] GC(1199) Metaspace: 13207K(13696K)->13207K(13696K) NonClass: 12101K(12352K)->12101K(12352K) Class: 1106K(1344K)->1106K(1344K)
[2026-01-16T10:51:14.668+0000][gc          ] GC(1199) Pause Young (Normal) (G1 Evacuation Pause) 720M->107M(1024M) 60.758ms
[2026-01-16T10:51:14.668+0000][gc,cpu      ] GC(1199) User=0.16s Sys=0.03s Real=0.06s
[2026-01-16T10:52:04.999+0000][gc,start    ] GC(1200) Pause Young (Normal) (G1 Evacuation Pause)
[2026-01-16T10:52:05.001+0000][gc,task     ] GC(1200) Using 8 workers of 8 for evacuation
[2026-01-16T10:52:05.047+0000][gc,phases   ] GC(1200)   Pre Evacuate Collection Set: 15.4ms
[2026-01-16T10:52:05.047+0000][gc,phases   ] GC(1200)   Merge Heap Roots: 0.4ms
[2026-01-16T10:52:05.047+0000][gc,phases   ] GC(1200)   Evacuate Collection Set: 25.4ms
[2026-01-16T10:52:05.047+0000][gc,phases   ] GC(1200)   Post Evacuate Collection Set: 3.5ms
[2026-01-16T10:52:05.047+0000][gc,phases   ] GC(1200)   Other: 2.7ms
[2026-01-16T10:52:05.047+0000][gc,heap     ] GC(1200) Eden regions: 613->0(612)
[2026-01-16T10:52:05.047+0000][gc,heap     ] GC(1200) Survivor regions: 1->2(77)
[2026-01-16T10:52:05.047+0000][gc,heap     ] GC(1200) Old regions: 70->70
[2026-01-16T10:52:05.048+0000][gc,heap     ] GC(1200) Humongous regions: 38->38
[2026-01-16T10:52:05.048+0000][gc,metaspace] GC(1200) Metaspace: 13207K(13696K)->13207K(13696K) NonClass: 12101K(12352K)->12101K(12352K) Class: 1106K(1344K)->1106K(1344K)
[2026-01-16T10:52:05.048+0000][gc          ] GC(1200) Pause Young (Normal) (G1 Evacuation Pause) 720M->108M(1024M) 48.488ms
[2026-01-16T10:52:05.048+0000][gc,cpu      ] GC(1200) User=0.20s Sys=0.02s Real=0.04s
[2026-01-16T10:52:57.097+0000][gc,start    ] GC(1201) Pause Young (Normal) (G1 Evacuation Pause)
[2026-01-16T10:52:57.105+0000][gc,task     ] GC(1201) Using 8 workers of 8 for evacuation
[2026-01-16T10:52:57.229+0000][gc,phases   ] GC(1201)   Pre Evacuate Collection Set: 41.5ms
[2026-01-16T10:52:57.229+0000][gc,phases   ] GC(1201)   Merge Heap Roots: 1.0ms
[2026-01-16T10:52:57.230+0000][gc,phases   ] GC(1201)   Evacuate Collection Set: 67.8ms
[2026-01-16T10:52:57.230+0000][gc,phases   ] GC(1201)   Post Evacuate Collection Set: 7.7ms
[2026-01-16T10:52:57.232+0000][gc,phases   ] GC(1201)   Other: 6.1ms
[2026-01-16T10:52:57.233+0000][gc,heap     ] GC(1201) Eden regions: 612->0(612)
[2026-01-16T10:52:57.233+0000][gc,heap     ] GC(1201) Survivor regions: 2->2(77)
[2026-01-16T10:52:57.233+0000][gc,heap     ] GC(1201) Old regions: 70->70
[2026-01-16T10:52:57.233+0000][gc,heap     ] GC(1201) Humongous regions: 38->38
[2026-01-16T10:52:57.234+0000][gc,metaspace] GC(1201) Metaspace: 13207K(13696K)->13207K(13696K) NonClass: 12101K(12352K)->12101K(12352K) Class: 1106K(1344K)->1106K(1344K)
[2026-01-16T10:52:57.234+0000][gc          ] GC(1201) Pause Young (Normal) (G1 Evacuation Pause) 720M->108M(1024M) 137.462ms
[2026-01-16T10:52:57.235+0000][gc,cpu      ] GC(1201) User=0.20s Sys=0.02s Real=0.14s
[2026-01-16T10:53:55.040+0000][gc,start    ] GC(1202) Pause Young (Normal) (G1 Evacuation Pause)
[2026-01-16T10:53:55.042+0000][gc,task     ] GC(1202) Using 8 workers of 8 for evacuation
[2026-01-16T10:53:55.203+0000][gc,phases   ] GC(1202)   Pre Evacuate Collection Set: 32.0ms
[2026-01-16T10:53:55.204+0000][gc,phases   ] GC(1202)   Merge Heap Roots: 2.4ms
[2026-01-16T10:53:55.207+0000][gc,phases   ] GC(1202)   Evacuate Collection Set: 97.9ms
[2026-01-16T10:53:55.207+0000][gc,phases   ] GC(1202)   Post Evacuate Collection Set: 26.2ms
[2026-01-16T10:53:55.208+0000][gc,phases   ] GC(1202)   Other: 3.9ms
[2026-01-16T10:53:55.209+0000][gc,heap     ] GC(1202) Eden regions: 612->0(613)
[2026-01-16T10:53:55.210+0000][gc,heap     ] GC(1202) Survivor regions: 2->1(77)
[2026-01-16T10:53:55.210+0000][gc,heap     ] GC(1202) Old regions: 70->70
[2026-01-16T10:53:55.210+0000][gc,heap     ] GC(1202) Humongous regions: 38->38
[2026-01-16T10:53:55.211+0000][gc,metaspace] GC(1202) Metaspace: 13207K(13696K)->13207K(13696K) NonClass: 12101K(12352K)->12101K(12352K) Class: 1106K(1344K)->1106K(1344K)
[2026-01-16T10:53:55.212+0000][gc          ] GC(1202) Pause Young (Normal) (G1 Evacuation Pause) 720M->107M(1024M) 172.761ms
[2026-01-16T10:53:55.213+0000][gc,cpu      ] GC(1202) User=0.24s Sys=0.04s Real=0.17s
[2026-01-16T10:54:46.400+0000][gc,start    ] GC(1203) Pause Young (Normal) (G1 Evacuation Pause)
[2026-01-16T10:54:46.404+0000][gc,task     ] GC(1203) Using 8 workers of 8 for evacuation
[2026-01-16T10:54:46.830+0000][gc,mmu      ] GC(1203) MMU target violated: 201.0ms (200.0ms/201.0ms)
[2026-01-16T10:54:46.831+0000][gc,phases   ] GC(1203)   Pre Evacuate Collection Set: 121.7ms
[2026-01-16T10:54:46.833+0000][gc,phases   ] GC(1203)   Merge Heap Roots: 4.9ms
[2026-01-16T10:54:46.835+0000][gc,phases   ] GC(1203)   Evacuate Collection Set: 259.2ms
[2026-01-16T10:54:46.836+0000][gc,phases   ] GC(1203)   Post Evacuate Collection Set: 38.4ms
[2026-01-16T10:54:46.837+0000][gc,phases   ] GC(1203)   Other: 5.9ms
[2026-01-16T10:54:46.838+0000][gc,heap     ] GC(1203) Eden regions: 613->0(74)
[2026-01-16T10:54:46.838+0000][gc,heap     ] GC(1203) Survivor regions: 1->2(77)
[2026-01-16T10:54:46.839+0000][gc,heap     ] GC(1203) Old regions: 70->70
[2026-01-16T10:54:46.841+0000][gc,heap     ] GC(1203) Humongous regions: 38->38
[2026-01-16T10:54:46.844+0000][gc,metaspace] GC(1203) Metaspace: 13207K(13696K)->13207K(13696K) NonClass: 12101K(12352K)->12101K(12352K) Class: 1106K(1344K)->1106K(1344K)
[2026-01-16T10:54:46.850+0000][gc          ] GC(1203) Pause Young (Normal) (G1 Evacuation Pause) 720M->108M(1024M) 450.816ms
[2026-01-16T10:54:46.850+0000][gc,cpu      ] GC(1203) User=0.39s Sys=0.02s Real=0.45s
[2026-01-16T10:54:56.551+0000][gc,start    ] GC(1204) Pause Young (Normal) (G1 Evacuation Pause)
[2026-01-16T10:54:56.564+0000][gc,task     ] GC(1204) Using 8 workers of 8 for evacuation
[2026-01-16T10:54:56.708+0000][gc,phases   ] GC(1204)   Pre Evacuate Collection Set: 17.9ms
[2026-01-16T10:54:56.708+0000][gc,phases   ] GC(1204)   Merge Heap Roots: 3.5ms
[2026-01-16T10:54:56.710+0000][gc,phases   ] GC(1204)   Evacuate Collection Set: 94.0ms
[2026-01-16T10:54:56.712+0000][gc,phases   ] GC(1204)   Post Evacuate Collection Set: 25.2ms
[2026-01-16T10:54:56.714+0000][gc,phases   ] GC(1204)   Other: 8.3ms
[2026-01-16T10:54:56.715+0000][gc,heap     ] GC(1204) Eden regions: 117->0(448)
[2026-01-16T10:54:56.717+0000][gc,heap     ] GC(1204) Survivor regions: 2->2(15)
[2026-01-16T10:54:56.718+0000][gc,heap     ] GC(1204) Old regions: 70->70
[2026-01-16T10:54:56.718+0000][gc,heap     ] GC(1204) Humongous regions: 38->38
[2026-01-16T10:54:56.718+0000][gc,metaspace] GC(1204) Metaspace: 13207K(13696K)->13207K(13696K) NonClass: 12101K(12352K)->12101K(12352K) Class: 1106K(1344K)->1106K(1344K)
[2026-01-16T10:54:56.721+0000][gc          ] GC(1204) Pause Young (Normal) (G1 Evacuation Pause) 225M->108M(1024M) 169.168ms
[2026-01-16T10:54:56.723+0000][gc,cpu      ] GC(1204) User=0.17s Sys=0.01s Real=0.17s
[2026-01-16T10:55:35.101+0000][gc,start    ] GC(1205) Pause Young (Normal) (G1 Evacuation Pause)
[2026-01-16T10:55:35.103+0000][gc,task     ] GC(1205) Using 8 workers of 8 for evacuation
[2026-01-16T10:55:35.193+0000][gc,phases   ] GC(1205)   Pre Evacuate Collection Set: 29.7ms
[2026-01-16T10:55:35.193+0000][gc,phases   ] GC(1205)   Merge Heap Roots: 1.9ms
[2026-01-16T10:55:35.193+0000][gc,phases   ] GC(1205)   Evacuate Collection Set: 42.1ms
[2026-01-16T10:55:35.193+0000][gc,phases   ] GC(1205)   Post Evacuate Collection Set: 10.0ms
[2026-01-16T10:55:35.193+0000][gc,phases   ] GC(1205)   Other: 4.5ms
[2026-01-16T10:55:35.195+0000][gc,heap     ] GC(1205) Eden regions: 442->0(612)
[2026-01-16T10:55:35.195+0000][gc,heap     ] GC(1205) Survivor regions: 2->2(56)
[2026-01-16T10:55:35.195+0000][gc,heap     ] GC(1205) Old regions: 70->70
[2026-01-16T10:55:35.195+0000][gc,heap     ] GC(1205) Humongous regions: 38->38
[2026-01-16T10:55:35.196+0000][gc,metaspace] GC(1205) Metaspace: 13207K(13696K)->13207K(13696K) NonClass: 12101K(12352K)->12101K(12352K) Class: 1106K(1344K)->1106K(1344K)
[2026-01-16T10:55:35.197+0000][gc          ] GC(1205) Pause Young (Normal) (G1 Evacuation Pause) 550M->108M(1024M) 95.634ms
[2026-01-16T10:55:35.197+0000][gc,cpu      ] GC(1205) User=0.25s Sys=0.04s Real=0.10s
[2026-01-16T10:56:25.649+0000][gc,start    ] GC(1206) Pause Young (Normal) (G1 Evacuation Pause)
[2026-01-16T10:56:25.649+0000][gc,task     ] GC(1206) Using 8 workers of 8 for evacuation
[2026-01-16T10:56:25.687+0000][gc,phases   ] GC(1206)   Pre Evacuate Collection Set: 12.0ms
[2026-01-16T10:56:25.687+0000][gc,phases   ] GC(1206)   Merge Heap Roots: 0.6ms
[2026-01-16T10:56:25.687+0000][gc,phases   ] GC(1206)   Evacuate Collection Set: 18.0ms
[2026-01-16T10:56:25.688+0000][gc,phases   ] GC(1206)   Post Evacuate Collection Set: 5.8ms
[2026-01-16T10:56:25.688+0000][gc,phases   ] GC(1206)   Other: 0.8ms
[2026-01-16T10:56:25.688+0000][gc,heap     ] GC(1206) Eden regions: 612->0(612)
[2026-01-16T10:56:25.688+0000][gc,heap     ] GC(1206) Survivor regions: 2->2(77)
[2026-01-16T10:56:25.688+0000][gc,heap     ] GC(1206) Old regions: 70->70
[2026-01-16T10:56:25.688+0000][gc,heap     ] GC(1206) Humongous regions: 38->38
[2026-01-16T10:56:25.688+0000][gc,metaspace] GC(1206) Metaspace: 13207K(13696K)->13207K(13696K) NonClass: 12101K(12352K)->12101K(12352K) Class: 1106K(1344K)->1106K(1344K)
[2026-01-16T10:56:25.688+0000][gc          ] GC(1206) Pause Young (Normal) (G1 Evacuation Pause) 720M->108M(1024M) 39.872ms
[2026-01-16T10:56:25.689+0000][gc,cpu      ] GC(1206) User=0.20s Sys=0.00s Real=0.04s
[2026-01-16T10:57:24.283+0000][gc,start    ] GC(1207) Pause Young (Normal) (G1 Evacuation Pause)
[2026-01-16T10:57:24.284+0000][gc,task     ] GC(1207) Using 8 workers of 8 for evacuation
[2026-01-16T10:57:24.319+0000][gc,phases   ] GC(1207)   Pre Evacuate Collection Set: 7.2ms
[2026-01-16T10:57:24.319+0000][gc,phases   ] GC(1207)   Merge Heap Roots: 0.4ms
[2026-01-16T10:57:24.320+0000][gc,phases   ] GC(1207)   Evacuate Collection Set: 18.5ms
[2026-01-16T10:57:24.320+0000][gc,phases   ] GC(1207)   Post Evacuate Collection Set: 8.4ms
[2026-01-16T10:57:24.320+0000][gc,phases   ] GC(1207)   Other: 0.4ms
[2026-01-16T10:57:24.320+0000][gc,heap     ] GC(1207) Eden regions: 612->0(613)
[2026-01-16T10:57:24.320+0000][gc,heap     ] GC(1207) Survivor regions: 2->1(77)
[2026-01-16T10:57:24.320+0000][gc,heap     ] GC(1207) Old regions: 70->70
[2026-01-16T10:57:24.320+0000][gc,heap     ] GC(1207) Humongous regions: 38->38
[2026-01-16T10:57:24.320+0000][gc,metaspace] GC(1207) Metaspace: 13207K(13696K)->13207K(13696K) NonClass: 12101K(12352K)->12101K(12352K) Class: 1106K(1344K)->1106K(1344K)
[2026-01-16T10:57:24.321+0000][gc          ] GC(1207) Pause Young (Normal) (G1 Evacuation Pause) 720M->108M(1024M) 37.508ms
[2026-01-16T10:57:24.321+0000][gc,cpu      ] GC(1207) User=0.13s Sys=0.01s Real=0.04s
[2026-01-16T10:58:15.002+0000][gc,start    ] GC(1208) Pause Young (Normal) (G1 Evacuation Pause)
[2026-01-16T10:58:15.002+0000][gc,task     ] GC(1208) Using 8 workers of 8 for evacuation
[2026-01-16T10:58:15.032+0000][gc,phases   ] GC(1208)   Pre Evacuate Collection Set: 5.3ms
[2026-01-16T10:58:15.032+0000][gc,phases   ] GC(1208)   Merge Heap Roots: 0.5ms
[2026-01-16T10:58:15.032+0000][gc,phases   ] GC(1208)   Evacuate Collection Set: 20.8ms
[2026-01-16T10:58:15.032+0000][gc,phases   ] GC(1208)   Post Evacuate Collection Set: 2.6ms
[2026-01-16T10:58:15.032+0000][gc,phases   ] GC(1208)   Other: 0.7ms
[2026-01-16T10:58:15.032+0000][gc,heap     ] GC(1208) Eden regions: 613->0(612)
[2026-01-16T10:58:15.032+0000][gc,heap     ] GC(1208) Survivor regions: 1->2(77)
[2026-01-16T10:58:15.033+0000][gc,heap     ] GC(1208) Old regions: 70->70
[2026-01-16T10:58:15.033+0000][gc,heap     ] GC(1208) Humongous regions: 38->38
[2026-01-16T10:58:15.033+0000][gc,metaspace] GC(1208) Metaspace: 13208K(13696K)->13208K(13696K) NonClass: 12102K(12352K)->12102K(12352K) Class: 1106K(1344K)->1106K(1344K)
[2026-01-16T10:58:15.033+0000][gc          ] GC(1208) Pause Young (Normal) (G1 Evacuation Pause) 721M->108M(1024M) 31.899ms
[2026-01-16T10:58:15.033+0000][gc,cpu      ] GC(1208) User=0.13s Sys=0.01s Real=0.03s
[2026-01-16T10:59:05.686+0000][gc,start    ] GC(1209) Pause Young (Normal) (G1 Evacuation Pause)
[2026-01-16T10:59:05.687+0000][gc,task     ] GC(1209) Using 8 workers of 8 for evacuation
[2026-01-16T10:59:05.723+0000][gc,phases   ] GC(1209)   Pre Evacuate Collection Set: 4.7ms
[2026-01-16T10:59:05.723+0000][gc,phases   ] GC(1209)   Merge Heap Roots: 1.0ms
[2026-01-16T10:59:05.723+0000][gc,phases   ] GC(1209)   Evacuate Collection Set: 22.3ms
[2026-01-16T10:59:05.724+0000][gc,phases   ] GC(1209)   Post Evacuate Collection Set: 6.9ms
[2026-01-16T10:59:05.724+0000][gc,phases   ] GC(1209)   Other: 0.5ms
[2026-01-16T10:59:05.724+0000][gc,heap     ] GC(1209) Eden regions: 612->0(612)
[2026-01-16T10:59:05.725+0000][gc,heap     ] GC(1209) Survivor regions: 2->2(77)
[2026-01-16T10:59:05.725+0000][gc,heap     ] GC(1209) Old regions: 70->70
[2026-01-16T10:59:05.725+0000][gc,heap     ] GC(1209) Humongous regions: 38->38
[2026-01-16T10:59:05.726+0000][gc,metaspace] GC(1209) Metaspace: 13209K(13696K)->13209K(13696K) NonClass: 12103K(12352K)->12103K(12352K) Class: 1106K(1344K)->1106K(1344K)
[2026-01-16T10:59:05.727+0000][gc          ] GC(1209) Pause Young (Normal) (G1 Evacuation Pause) 720M->108M(1024M) 40.329ms
[2026-01-16T10:59:05.727+0000][gc,cpu      ] GC(1209) User=0.14s Sys=0.01s Real=0.04s
[2026-01-16T11:00:04.745+0000][gc,start    ] GC(1210) Pause Young (Normal) (G1 Evacuation Pause)
[2026-01-16T11:00:04.747+0000][gc,task     ] GC(1210) Using 8 workers of 8 for evacuation
[2026-01-16T11:00:04.904+0000][gc,phases   ] GC(1210)   Pre Evacuate Collection Set: 46.8ms
[2026-01-16T11:00:04.905+0000][gc,phases   ] GC(1210)   Merge Heap Roots: 1.9ms
[2026-01-16T11:00:04.905+0000][gc,phases   ] GC(1210)   Evacuate Collection Set: 94.5ms
[2026-01-16T11:00:04.906+0000][gc,phases   ] GC(1210)   Post Evacuate Collection Set: 12.7ms
[2026-01-16T11:00:04.906+0000][gc,phases   ] GC(1210)   Other: 1.7ms
[2026-01-16T11:00:04.907+0000][gc,heap     ] GC(1210) Eden regions: 612->0(613)
[2026-01-16T11:00:04.907+0000][gc,heap     ] GC(1210) Survivor regions: 2->1(77)
[2026-01-16T11:00:04.907+0000][gc,heap     ] GC(1210) Old regions: 70->70
[2026-01-16T11:00:04.908+0000][gc,heap     ] GC(1210) Humongous regions: 38->38
[2026-01-16T11:00:04.909+0000][gc,metaspace] GC(1210) Metaspace: 13213K(13696K)->13213K(13696K) NonClass: 12107K(12352K)->12107K(12352K) Class: 1106K(1344K)->1106K(1344K)
[2026-01-16T11:00:04.913+0000][gc          ] GC(1210) Pause Young (Normal) (G1 Evacuation Pause) 720M->107M(1024M) 168.926ms
[2026-01-16T11:00:04.914+0000][gc,cpu      ] GC(1210) User=0.19s Sys=0.02s Real=0.17s
[2026-01-16T11:00:59.133+0000][gc,start    ] GC(1211) Pause Young (Normal) (G1 Evacuation Pause)
[2026-01-16T11:00:59.142+0000][gc,task     ] GC(1211) Using 8 workers of 8 for evacuation
[2026-01-16T11:00:59.443+0000][gc,mmu      ] GC(1211) MMU target violated: 201.0ms (200.0ms/201.0ms)
[2026-01-16T11:00:59.447+0000][gc,phases   ] GC(1211)   Pre Evacuate Collection Set: 91.6ms
[2026-01-16T11:00:59.447+0000][gc,phases   ] GC(1211)   Merge Heap Roots: 3.1ms
[2026-01-16T11:00:59.447+0000][gc,phases   ] GC(1211)   Evacuate Collection Set: 141.1ms
[2026-01-16T11:00:59.448+0000][gc,phases   ] GC(1211)   Post Evacuate Collection Set: 49.5ms
[2026-01-16T11:00:59.448+0000][gc,phases   ] GC(1211)   Other: 26.1ms
[2026-01-16T11:00:59.448+0000][gc,heap     ] GC(1211) Eden regions: 613->0(612)
[2026-01-16T11:00:59.449+0000][gc,heap     ] GC(1211) Survivor regions: 1->2(77)
[2026-01-16T11:00:59.449+0000][gc,heap     ] GC(1211) Old regions: 70->70
[2026-01-16T11:00:59.453+0000][gc,heap     ] GC(1211) Humongous regions: 38->38
[2026-01-16T11:00:59.453+0000][gc,metaspace] GC(1211) Metaspace: 13213K(13696K)->13213K(13696K) NonClass: 12107K(12352K)->12107K(12352K) Class: 1106K(1344K)->1106K(1344K)
[2026-01-16T11:00:59.453+0000][gc          ] GC(1211) Pause Young (Normal) (G1 Evacuation Pause) 720M->108M(1024M) 323.264ms
[2026-01-16T11:00:59.453+0000][gc,cpu      ] GC(1211) User=0.31s Sys=0.03s Real=0.32s
[2026-01-16T11:01:47.991+0000][gc,start    ] GC(1212) Pause Young (Normal) (G1 Evacuation Pause)
[2026-01-16T11:01:47.994+0000][gc,task     ] GC(1212) Using 8 workers of 8 for evacuation
[2026-01-16T11:01:48.261+0000][gc,mmu      ] GC(1212) MMU target violated: 201.0ms (200.0ms/201.0ms)
[2026-01-16T11:01:48.263+0000][gc,phases   ] GC(1212)   Pre Evacuate Collection Set: 66.6ms
[2026-01-16T11:01:48.264+0000][gc,phases   ] GC(1212)   Merge Heap Roots: 11.2ms
[2026-01-16T11:01:48.264+0000][gc,phases   ] GC(1212)   Evacuate Collection Set: 166.0ms
[2026-01-16T11:01:48.264+0000][gc,phases   ] GC(1212)   Post Evacuate Collection Set: 21.9ms
[2026-01-16T11:01:48.265+0000][gc,phases   ] GC(1212)   Other: 3.3ms
[2026-01-16T11:01:48.266+0000][gc,heap     ] GC(1212) Eden regions: 612->0(467)
[2026-01-16T11:01:48.266+0000][gc,heap     ] GC(1212) Survivor regions: 2->2(77)
[2026-01-16T11:01:48.267+0000][gc,heap     ] GC(1212) Old regions: 70->70
[2026-01-16T11:01:48.267+0000][gc,heap     ] GC(1212) Humongous regions: 38->38
[2026-01-16T11:01:48.268+0000][gc,metaspace] GC(1212) Metaspace: 13214K(13696K)->13214K(13696K) NonClass: 12108K(12352K)->12108K(12352K) Class: 1106K(1344K)->1106K(1344K)
[2026-01-16T11:01:48.268+0000][gc          ] GC(1212) Pause Young (Normal) (G1 Evacuation Pause) 720M->109M(1024M) 277.437ms
[2026-01-16T11:01:48.269+0000][gc,cpu      ] GC(1212) User=0.30s Sys=0.04s Real=0.28s
[2026-01-16T11:02:34.440+0000][gc,start    ] GC(1213) Pause Young (Normal) (G1 Evacuation Pause)
[2026-01-16T11:02:34.442+0000][gc,task     ] GC(1213) Using 8 workers of 8 for evacuation
[2026-01-16T11:02:34.513+0000][gc,phases   ] GC(1213)   Pre Evacuate Collection Set: 13.5ms
[2026-01-16T11:02:34.513+0000][gc,phases   ] GC(1213)   Merge Heap Roots: 0.6ms
[2026-01-16T11:02:34.513+0000][gc,phases   ] GC(1213)   Evacuate Collection Set: 47.1ms
[2026-01-16T11:02:34.514+0000][gc,phases   ] GC(1213)   Post Evacuate Collection Set: 8.6ms
[2026-01-16T11:02:34.514+0000][gc,phases   ] GC(1213)   Other: 1.0ms
[2026-01-16T11:02:34.515+0000][gc,heap     ] GC(1213) Eden regions: 498->0(613)
[2026-01-16T11:02:34.516+0000][gc,heap     ] GC(1213) Survivor regions: 2->1(63)
[2026-01-16T11:02:34.516+0000][gc,heap     ] GC(1213) Old regions: 70->70
[2026-01-16T11:02:34.516+0000][gc,heap     ] GC(1213) Humongous regions: 38->38
[2026-01-16T11:02:34.517+0000][gc,metaspace] GC(1213) Metaspace: 13214K(13696K)->13214K(13696K) NonClass: 12108K(12352K)->12108K(12352K) Class: 1106K(1344K)->1106K(1344K)
[2026-01-16T11:02:34.518+0000][gc          ] GC(1213) Pause Young (Normal) (G1 Evacuation Pause) 607M->108M(1024M) 78.038ms
[2026-01-16T11:02:34.519+0000][gc,cpu      ] GC(1213) User=0.17s Sys=0.01s Real=0.08s
[2026-01-16T11:03:26.152+0000][gc,start    ] GC(1214) Pause Young (Normal) (G1 Evacuation Pause)
[2026-01-16T11:03:26.155+0000][gc,task     ] GC(1214) Using 8 workers of 8 for evacuation
[2026-01-16T11:03:26.225+0000][gc,phases   ] GC(1214)   Pre Evacuate Collection Set: 18.0ms
[2026-01-16T11:03:26.225+0000][gc,phases   ] GC(1214)   Merge Heap Roots: 0.6ms
[2026-01-16T11:03:26.226+0000][gc,phases   ] GC(1214)   Evacuate Collection Set: 38.6ms
[2026-01-16T11:03:26.226+0000][gc,phases   ] GC(1214)   Post Evacuate Collection Set: 10.7ms
[2026-01-16T11:03:26.226+0000][gc,phases   ] GC(1214)   Other: 2.4ms
[2026-01-16T11:03:26.226+0000][gc,heap     ] GC(1214) Eden regions: 613->0(612)
[2026-01-16T11:03:26.226+0000][gc,heap     ] GC(1214) Survivor regions: 1->2(77)
[2026-01-16T11:03:26.227+0000][gc,heap     ] GC(1214) Old regions: 70->70
[2026-01-16T11:03:26.227+0000][gc,heap     ] GC(1214) Humongous regions: 38->38
[2026-01-16T11:03:26.227+0000][gc,metaspace] GC(1214) Metaspace: 13214K(13696K)->13214K(13696K) NonClass: 12108K(12352K)->12108K(12352K) Class: 1106K(1344K)->1106K(1344K)
[2026-01-16T11:03:26.227+0000][gc          ] GC(1214) Pause Young (Normal) (G1 Evacuation Pause) 721M->108M(1024M) 75.115ms
[2026-01-16T11:03:26.227+0000][gc,cpu      ] GC(1214) User=0.22s Sys=0.03s Real=0.08s
[2026-01-16T11:04:15.507+0000][gc,start    ] GC(1215) Pause Young (Normal) (G1 Evacuation Pause)
[2026-01-16T11:04:15.507+0000][gc,task     ] GC(1215) Using 8 workers of 8 for evacuation
[2026-01-16T11:04:15.563+0000][gc,phases   ] GC(1215)   Pre Evacuate Collection Set: 13.0ms
[2026-01-16T11:04:15.563+0000][gc,phases   ] GC(1215)   Merge Heap Roots: 1.4ms
[2026-01-16T11:04:15.563+0000][gc,phases   ] GC(1215)   Evacuate Collection Set: 33.6ms
[2026-01-16T11:04:15.563+0000][gc,phases   ] GC(1215)   Post Evacuate Collection Set: 6.2ms
[2026-01-16T11:04:15.564+0000][gc,phases   ] GC(1215)   Other: 1.2ms
[2026-01-16T11:04:15.564+0000][gc,heap     ] GC(1215) Eden regions: 612->0(612)
[2026-01-16T11:04:15.564+0000][gc,heap     ] GC(1215) Survivor regions: 2->2(77)
[2026-01-16T11:04:15.564+0000][gc,heap     ] GC(1215) Old regions: 70->70
[2026-01-16T11:04:15.565+0000][gc,heap     ] GC(1215) Humongous regions: 38->38
[2026-01-16T11:04:15.565+0000][gc,metaspace] GC(1215) Metaspace: 13214K(13696K)->13214K(13696K) NonClass: 12108K(12352K)->12108K(12352K) Class: 1106K(1344K)->1106K(1344K)
[2026-01-16T11:04:15.565+0000][gc          ] GC(1215) Pause Young (Normal) (G1 Evacuation Pause) 720M->109M(1024M) 58.875ms
[2026-01-16T11:04:15.566+0000][gc,cpu      ] GC(1215) User=0.17s Sys=0.02s Real=0.06s
[2026-01-16T11:05:14.401+0000][gc,start    ] GC(1216) Pause Young (Normal) (G1 Evacuation Pause)
[2026-01-16T11:05:14.401+0000][gc,task     ] GC(1216) Using 8 workers of 8 for evacuation
[2026-01-16T11:05:14.430+0000][gc,phases   ] GC(1216)   Pre Evacuate Collection Set: 3.8ms
[2026-01-16T11:05:14.433+0000][gc,phases   ] GC(1216)   Merge Heap Roots: 0.9ms
[2026-01-16T11:05:14.433+0000][gc,phases   ] GC(1216)   Evacuate Collection Set: 17.9ms
[2026-01-16T11:05:14.433+0000][gc,phases   ] GC(1216)   Post Evacuate Collection Set: 4.4ms
[2026-01-16T11:05:14.434+0000][gc,phases   ] GC(1216)   Other: 1.1ms
[2026-01-16T11:05:14.434+0000][gc,heap     ] GC(1216) Eden regions: 612->0(613)
[2026-01-16T11:05:14.434+0000][gc,heap     ] GC(1216) Survivor regions: 2->1(77)
[2026-01-16T11:05:14.435+0000][gc,heap     ] GC(1216) Old regions: 70->70
[2026-01-16T11:05:14.435+0000][gc,heap     ] GC(1216) Humongous regions: 38->38
[2026-01-16T11:05:14.435+0000][gc,metaspace] GC(1216) Metaspace: 13214K(13696K)->13214K(13696K) NonClass: 12108K(12352K)->12108K(12352K) Class: 1106K(1344K)->1106K(1344K)
[2026-01-16T11:05:14.436+0000][gc          ] GC(1216) Pause Young (Normal) (G1 Evacuation Pause) 721M->108M(1024M) 34.800ms
[2026-01-16T11:05:14.436+0000][gc,cpu      ] GC(1216) User=0.15s Sys=0.00s Real=0.04s
[2026-01-16T11:06:04.715+0000][gc,start    ] GC(1217) Pause Young (Normal) (G1 Evacuation Pause)
[2026-01-16T11:06:04.715+0000][gc,task     ] GC(1217) Using 8 workers of 8 for evacuation
[2026-01-16T11:06:04.755+0000][gc,phases   ] GC(1217)   Pre Evacuate Collection Set: 4.8ms
[2026-01-16T11:06:04.755+0000][gc,phases   ] GC(1217)   Merge Heap Roots: 0.9ms
[2026-01-16T11:06:04.755+0000][gc,phases   ] GC(1217)   Evacuate Collection Set: 30.6ms
[2026-01-16T11:06:04.755+0000][gc,phases   ] GC(1217)   Post Evacuate Collection Set: 2.4ms
[2026-01-16T11:06:04.755+0000][gc,phases   ] GC(1217)   Other: 0.8ms
[2026-01-16T11:06:04.755+0000][gc,heap     ] GC(1217) Eden regions: 613->0(612)
[2026-01-16T11:06:04.755+0000][gc,heap     ] GC(1217) Survivor regions: 1->2(77)
[2026-01-16T11:06:04.755+0000][gc,heap     ] GC(1217) Old regions: 70->70
[2026-01-16T11:06:04.755+0000][gc,heap     ] GC(1217) Humongous regions: 38->38
[2026-01-16T11:06:04.755+0000][gc,metaspace] GC(1217) Metaspace: 13214K(13696K)->13214K(13696K) NonClass: 12108K(12352K)->12108K(12352K) Class: 1106K(1344K)->1106K(1344K)
[2026-01-16T11:06:04.755+0000][gc          ] GC(1217) Pause Young (Normal) (G1 Evacuation Pause) 721M->108M(1024M) 40.747ms
[2026-01-16T11:06:04.756+0000][gc,cpu      ] GC(1217) User=0.23s Sys=0.02s Real=0.04s
[2026-01-16T11:06:55.705+0000][gc,start    ] GC(1218) Pause Young (Normal) (G1 Evacuation Pause)
[2026-01-16T11:06:55.706+0000][gc,task     ] GC(1218) Using 8 workers of 8 for evacuation
[2026-01-16T11:06:55.732+0000][gc,phases   ] GC(1218)   Pre Evacuate Collection Set: 5.0ms
[2026-01-16T11:06:55.732+0000][gc,phases   ] GC(1218)   Merge Heap Roots: 3.2ms
[2026-01-16T11:06:55.733+0000][gc,phases   ] GC(1218)   Evacuate Collection Set: 10.8ms
[2026-01-16T11:06:55.733+0000][gc,phases   ] GC(1218)   Post Evacuate Collection Set: 5.3ms
[2026-01-16T11:06:55.733+0000][gc,phases   ] GC(1218)   Other: 2.0ms
[2026-01-16T11:06:55.733+0000][gc,heap     ] GC(1218) Eden regions: 612->0(612)
[2026-01-16T11:06:55.733+0000][gc,heap     ] GC(1218) Survivor regions: 2->2(77)
[2026-01-16T11:06:55.734+0000][gc,heap     ] GC(1218) Old regions: 70->70
[2026-01-16T11:06:55.734+0000][gc,heap     ] GC(1218) Humongous regions: 38->38
[2026-01-16T11:06:55.734+0000][gc,metaspace] GC(1218) Metaspace: 13214K(13696K)->13214K(13696K) NonClass: 12108K(12352K)->12108K(12352K) Class: 1106K(1344K)->1106K(1344K)
[2026-01-16T11:06:55.734+0000][gc          ] GC(1218) Pause Young (Normal) (G1 Evacuation Pause) 720M->109M(1024M) 29.049ms
[2026-01-16T11:06:55.734+0000][gc,cpu      ] GC(1218) User=0.14s Sys=0.01s Real=0.03s
[2026-01-16T11:07:54.697+0000][gc,start    ] GC(1219) Pause Young (Normal) (G1 Evacuation Pause)
[2026-01-16T11:07:54.699+0000][gc,task     ] GC(1219) Using 8 workers of 8 for evacuation
[2026-01-16T11:07:54.797+0000][gc,phases   ] GC(1219)   Pre Evacuate Collection Set: 32.3ms
[2026-01-16T11:07:54.798+0000][gc,phases   ] GC(1219)   Merge Heap Roots: 1.1ms
[2026-01-16T11:07:54.798+0000][gc,phases   ] GC(1219)   Evacuate Collection Set: 40.7ms
[2026-01-16T11:07:54.799+0000][gc,phases   ] GC(1219)   Post Evacuate Collection Set: 13.6ms
[2026-01-16T11:07:54.801+0000][gc,phases   ] GC(1219)   Other: 3.8ms
[2026-01-16T11:07:54.801+0000][gc,heap     ] GC(1219) Eden regions: 612->0(613)
[2026-01-16T11:07:54.806+0000][gc,heap     ] GC(1219) Survivor regions: 2->1(77)
[2026-01-16T11:07:54.810+0000][gc,heap     ] GC(1219) Old regions: 70->70
[2026-01-16T11:07:54.812+0000][gc,heap     ] GC(1219) Humongous regions: 38->38
[2026-01-16T11:07:54.814+0000][gc,metaspace] GC(1219) Metaspace: 13214K(13696K)->13214K(13696K) NonClass: 12108K(12352K)->12108K(12352K) Class: 1106K(1344K)->1106K(1344K)
[2026-01-16T11:07:54.815+0000][gc          ] GC(1219) Pause Young (Normal) (G1 Evacuation Pause) 721M->108M(1024M) 117.505ms
[2026-01-16T11:07:54.820+0000][gc,cpu      ] GC(1219) User=0.23s Sys=0.02s Real=0.12s
[2026-01-16T11:08:45.898+0000][gc,start    ] GC(1220) Pause Young (Normal) (G1 Evacuation Pause)
[2026-01-16T11:08:45.903+0000][gc,task     ] GC(1220) Using 8 workers of 8 for evacuation
[2026-01-16T11:08:46.100+0000][gc,phases   ] GC(1220)   Pre Evacuate Collection Set: 26.4ms
[2026-01-16T11:08:46.100+0000][gc,phases   ] GC(1220)   Merge Heap Roots: 19.9ms
[2026-01-16T11:08:46.100+0000][gc,phases   ] GC(1220)   Evacuate Collection Set: 110.9ms
[2026-01-16T11:08:46.101+0000][gc,phases   ] GC(1220)   Post Evacuate Collection Set: 33.3ms
[2026-01-16T11:08:46.102+0000][gc,phases   ] GC(1220)   Other: 6.5ms
[2026-01-16T11:08:46.103+0000][gc,heap     ] GC(1220) Eden regions: 613->0(612)
[2026-01-16T11:08:46.104+0000][gc,heap     ] GC(1220) Survivor regions: 1->2(77)
[2026-01-16T11:08:46.104+0000][gc,heap     ] GC(1220) Old regions: 70->70
[2026-01-16T11:08:46.104+0000][gc,heap     ] GC(1220) Humongous regions: 38->38
[2026-01-16T11:08:46.106+0000][gc,metaspace] GC(1220) Metaspace: 13214K(13696K)->13214K(13696K) NonClass: 12108K(12352K)->12108K(12352K) Class: 1106K(1344K)->1106K(1344K)
[2026-01-16T11:08:46.112+0000][gc          ] GC(1220) Pause Young (Normal) (G1 Evacuation Pause) 721M->108M(1024M) 213.900ms
[2026-01-16T11:08:46.112+0000][gc,cpu      ] GC(1220) User=0.31s Sys=0.05s Real=0.21s
[2026-01-16T11:09:37.094+0000][gc,start    ] GC(1221) Pause Young (Normal) (G1 Evacuation Pause)
[2026-01-16T11:09:37.095+0000][gc,task     ] GC(1221) Using 8 workers of 8 for evacuation
[2026-01-16T11:09:37.236+0000][gc,phases   ] GC(1221)   Pre Evacuate Collection Set: 25.0ms
[2026-01-16T11:09:37.236+0000][gc,phases   ] GC(1221)   Merge Heap Roots: 1.2ms
[2026-01-16T11:09:37.237+0000][gc,phases   ] GC(1221)   Evacuate Collection Set: 102.8ms
[2026-01-16T11:09:37.238+0000][gc,phases   ] GC(1221)   Post Evacuate Collection Set: 10.8ms
[2026-01-16T11:09:37.238+0000][gc,phases   ] GC(1221)   Other: 1.3ms
[2026-01-16T11:09:37.239+0000][gc,heap     ] GC(1221) Eden regions: 612->0(612)
[2026-01-16T11:09:37.239+0000][gc,heap     ] GC(1221) Survivor regions: 2->2(77)
[2026-01-16T11:09:37.240+0000][gc,heap     ] GC(1221) Old regions: 70->70
[2026-01-16T11:09:37.241+0000][gc,heap     ] GC(1221) Humongous regions: 38->38
[2026-01-16T11:09:37.241+0000][gc,metaspace] GC(1221) Metaspace: 13214K(13696K)->13214K(13696K) NonClass: 12108K(12352K)->12108K(12352K) Class: 1106K(1344K)->1106K(1344K)
[2026-01-16T11:09:37.241+0000][gc          ] GC(1221) Pause Young (Normal) (G1 Evacuation Pause) 720M->109M(1024M) 147.646ms
[2026-01-16T11:09:37.242+0000][gc,cpu      ] GC(1221) User=0.25s Sys=0.03s Real=0.15s
[2026-01-16T11:10:34.619+0000][gc,start    ] GC(1222) Pause Young (Normal) (G1 Evacuation Pause)
[2026-01-16T11:10:34.620+0000][gc,task     ] GC(1222) Using 8 workers of 8 for evacuation
[2026-01-16T11:10:34.684+0000][gc,phases   ] GC(1222)   Pre Evacuate Collection Set: 10.1ms
[2026-01-16T11:10:34.684+0000][gc,phases   ] GC(1222)   Merge Heap Roots: 1.6ms
[2026-01-16T11:10:34.684+0000][gc,phases   ] GC(1222)   Evacuate Collection Set: 41.1ms
[2026-01-16T11:10:34.684+0000][gc,phases   ] GC(1222)   Post Evacuate Collection Set: 10.3ms
[2026-01-16T11:10:34.685+0000][gc,phases   ] GC(1222)   Other: 0.8ms
[2026-01-16T11:10:34.685+0000][gc,heap     ] GC(1222) Eden regions: 612->0(613)
[2026-01-16T11:10:34.685+0000][gc,heap     ] GC(1222) Survivor regions: 2->1(77)
[2026-01-16T11:10:34.685+0000][gc,heap     ] GC(1222) Old regions: 70->70
[2026-01-16T11:10:34.685+0000][gc,heap     ] GC(1222) Humongous regions: 38->38
[2026-01-16T11:10:34.685+0000][gc,metaspace] GC(1222) Metaspace: 13214K(13696K)->13214K(13696K) NonClass: 12108K(12352K)->12108K(12352K) Class: 1106K(1344K)->1106K(1344K)
[2026-01-16T11:10:34.685+0000][gc          ] GC(1222) Pause Young (Normal) (G1 Evacuation Pause) 721M->108M(1024M) 66.439ms
[2026-01-16T11:10:34.686+0000][gc,cpu      ] GC(1222) User=0.22s Sys=0.03s Real=0.06s
[2026-01-16T11:11:24.946+0000][gc,start    ] GC(1223) Pause Young (Normal) (G1 Evacuation Pause)
[2026-01-16T11:11:24.948+0000][gc,task     ] GC(1223) Using 8 workers of 8 for evacuation
[2026-01-16T11:11:24.978+0000][gc,phases   ] GC(1223)   Pre Evacuate Collection Set: 7.6ms
[2026-01-16T11:11:24.978+0000][gc,phases   ] GC(1223)   Merge Heap Roots: 0.4ms
[2026-01-16T11:11:24.978+0000][gc,phases   ] GC(1223)   Evacuate Collection Set: 17.7ms
[2026-01-16T11:11:24.978+0000][gc,phases   ] GC(1223)   Post Evacuate Collection Set: 3.7ms
[2026-01-16T11:11:24.978+0000][gc,phases   ] GC(1223)   Other: 0.4ms
[2026-01-16T11:11:24.978+0000][gc,heap     ] GC(1223) Eden regions: 613->0(612)
[2026-01-16T11:11:24.979+0000][gc,heap     ] GC(1223) Survivor regions: 1->2(77)
[2026-01-16T11:11:24.979+0000][gc,heap     ] GC(1223) Old regions: 70->70
[2026-01-16T11:11:24.979+0000][gc,heap     ] GC(1223) Humongous regions: 38->38
[2026-01-16T11:11:24.979+0000][gc,metaspace] GC(1223) Metaspace: 13214K(13696K)->13214K(13696K) NonClass: 12108K(12352K)->12108K(12352K) Class: 1106K(1344K)->1106K(1344K)
[2026-01-16T11:11:24.979+0000][gc          ] GC(1223) Pause Young (Normal) (G1 Evacuation Pause) 721M->109M(1024M) 32.796ms
[2026-01-16T11:11:24.979+0000][gc,cpu      ] GC(1223) User=0.15s Sys=0.01s Real=0.03s
[2026-01-16T11:12:15.181+0000][gc,start    ] GC(1224) Pause Young (Normal) (G1 Evacuation Pause)
[2026-01-16T11:12:15.184+0000][gc,task     ] GC(1224) Using 8 workers of 8 for evacuation
[2026-01-16T11:12:15.223+0000][gc,phases   ] GC(1224)   Pre Evacuate Collection Set: 4.5ms
[2026-01-16T11:12:15.224+0000][gc,phases   ] GC(1224)   Merge Heap Roots: 1.1ms
[2026-01-16T11:12:15.224+0000][gc,phases   ] GC(1224)   Evacuate Collection Set: 20.3ms
[2026-01-16T11:12:15.224+0000][gc,phases   ] GC(1224)   Post Evacuate Collection Set: 12.7ms
[2026-01-16T11:12:15.224+0000][gc,phases   ] GC(1224)   Other: 2.7ms
[2026-01-16T11:12:15.224+0000][gc,heap     ] GC(1224) Eden regions: 612->0(612)
[2026-01-16T11:12:15.224+0000][gc,heap     ] GC(1224) Survivor regions: 2->2(77)
[2026-01-16T11:12:15.224+0000][gc,heap     ] GC(1224) Old regions: 70->70
[2026-01-16T11:12:15.224+0000][gc,heap     ] GC(1224) Humongous regions: 38->38
[2026-01-16T11:12:15.224+0000][gc,metaspace] GC(1224) Metaspace: 13214K(13696K)->13214K(13696K) NonClass: 12108K(12352K)->12108K(12352K) Class: 1106K(1344K)->1106K(1344K)
[2026-01-16T11:12:15.224+0000][gc          ] GC(1224) Pause Young (Normal) (G1 Evacuation Pause) 721M->109M(1024M) 43.161ms
[2026-01-16T11:12:15.224+0000][gc,cpu      ] GC(1224) User=0.16s Sys=0.01s Real=0.05s
[2026-01-16T11:13:14.724+0000][gc,start    ] GC(1225) Pause Young (Normal) (G1 Evacuation Pause)
[2026-01-16T11:13:14.728+0000][gc,task     ] GC(1225) Using 8 workers of 8 for evacuation
[2026-01-16T11:13:14.794+0000][gc,phases   ] GC(1225)   Pre Evacuate Collection Set: 20.8ms
[2026-01-16T11:13:14.794+0000][gc,phases   ] GC(1225)   Merge Heap Roots: 1.0ms
[2026-01-16T11:13:14.794+0000][gc,phases   ] GC(1225)   Evacuate Collection Set: 30.6ms
[2026-01-16T11:13:14.795+0000][gc,phases   ] GC(1225)   Post Evacuate Collection Set: 12.0ms
[2026-01-16T11:13:14.795+0000][gc,phases   ] GC(1225)   Other: 2.6ms
[2026-01-16T11:13:14.795+0000][gc,heap     ] GC(1225) Eden regions: 612->0(613)
[2026-01-16T11:13:14.795+0000][gc,heap     ] GC(1225) Survivor regions: 2->1(77)
[2026-01-16T11:13:14.795+0000][gc,heap     ] GC(1225) Old regions: 70->70
[2026-01-16T11:13:14.795+0000][gc,heap     ] GC(1225) Humongous regions: 38->38
[2026-01-16T11:13:14.795+0000][gc,metaspace] GC(1225) Metaspace: 13214K(13696K)->13214K(13696K) NonClass: 12108K(12352K)->12108K(12352K) Class: 1106K(1344K)->1106K(1344K)
[2026-01-16T11:13:14.795+0000][gc          ] GC(1225) Pause Young (Normal) (G1 Evacuation Pause) 721M->108M(1024M) 71.497ms
[2026-01-16T11:13:14.796+0000][gc,cpu      ] GC(1225) User=0.18s Sys=0.02s Real=0.08s
[2026-01-16T11:14:05.379+0000][gc,start    ] GC(1226) Pause Young (Normal) (G1 Evacuation Pause)
[2026-01-16T11:14:05.381+0000][gc,task     ] GC(1226) Using 8 workers of 8 for evacuation
[2026-01-16T11:14:05.426+0000][gc,phases   ] GC(1226)   Pre Evacuate Collection Set: 6.4ms
[2026-01-16T11:14:05.426+0000][gc,phases   ] GC(1226)   Merge Heap Roots: 1.2ms
[2026-01-16T11:14:05.426+0000][gc,phases   ] GC(1226)   Evacuate Collection Set: 25.4ms
[2026-01-16T11:14:05.426+0000][gc,phases   ] GC(1226)   Post Evacuate Collection Set: 10.4ms
[2026-01-16T11:14:05.426+0000][gc,phases   ] GC(1226)   Other: 1.9ms
[2026-01-16T11:14:05.426+0000][gc,heap     ] GC(1226) Eden regions: 613->0(612)
[2026-01-16T11:14:05.426+0000][gc,heap     ] GC(1226) Survivor regions: 1->2(77)
[2026-01-16T11:14:05.426+0000][gc,heap     ] GC(1226) Old regions: 70->70
[2026-01-16T11:14:05.426+0000][gc,heap     ] GC(1226) Humongous regions: 38->38
[2026-01-16T11:14:05.426+0000][gc,metaspace] GC(1226) Metaspace: 13214K(13696K)->13214K(13696K) NonClass: 12108K(12352K)->12108K(12352K) Class: 1106K(1344K)->1106K(1344K)
[2026-01-16T11:14:05.427+0000][gc          ] GC(1226) Pause Young (Normal) (G1 Evacuation Pause) 721M->109M(1024M) 47.793ms
[2026-01-16T11:14:05.427+0000][gc,cpu      ] GC(1226) User=0.22s Sys=0.01s Real=0.05s
[2026-01-16T11:14:57.434+0000][gc,start    ] GC(1227) Pause Young (Normal) (G1 Evacuation Pause)
[2026-01-16T11:14:57.436+0000][gc,task     ] GC(1227) Using 8 workers of 8 for evacuation
[2026-01-16T11:14:57.536+0000][gc,phases   ] GC(1227)   Pre Evacuate Collection Set: 16.4ms
[2026-01-16T11:14:57.537+0000][gc,phases   ] GC(1227)   Merge Heap Roots: 3.8ms
[2026-01-16T11:14:57.537+0000][gc,phases   ] GC(1227)   Evacuate Collection Set: 69.0ms
[2026-01-16T11:14:57.537+0000][gc,phases   ] GC(1227)   Post Evacuate Collection Set: 9.9ms
[2026-01-16T11:14:57.537+0000][gc,phases   ] GC(1227)   Other: 1.2ms
[2026-01-16T11:14:57.538+0000][gc,heap     ] GC(1227) Eden regions: 612->0(612)
[2026-01-16T11:14:57.538+0000][gc,heap     ] GC(1227) Survivor regions: 2->2(77)
[2026-01-16T11:14:57.538+0000][gc,heap     ] GC(1227) Old regions: 70->70
[2026-01-16T11:14:57.538+0000][gc,heap     ] GC(1227) Humongous regions: 38->38
[2026-01-16T11:14:57.539+0000][gc,metaspace] GC(1227) Metaspace: 13214K(13696K)->13214K(13696K) NonClass: 12108K(12352K)->12108K(12352K) Class: 1106K(1344K)->1106K(1344K)
[2026-01-16T11:14:57.540+0000][gc          ] GC(1227) Pause Young (Normal) (G1 Evacuation Pause) 721M->109M(1024M) 105.443ms
[2026-01-16T11:14:57.540+0000][gc,cpu      ] GC(1227) User=0.24s Sys=0.03s Real=0.11s
[2026-01-16T11:15:54.920+0000][gc,start    ] GC(1228) Pause Young (Normal) (G1 Evacuation Pause)
[2026-01-16T11:15:54.928+0000][gc,task     ] GC(1228) Using 8 workers of 8 for evacuation
[2026-01-16T11:15:55.070+0000][gc,phases   ] GC(1228)   Pre Evacuate Collection Set: 22.3ms
[2026-01-16T11:15:55.094+0000][gc,phases   ] GC(1228)   Merge Heap Roots: 2.6ms
[2026-01-16T11:15:55.094+0000][gc,phases   ] GC(1228)   Evacuate Collection Set: 92.3ms
[2026-01-16T11:15:55.095+0000][gc,phases   ] GC(1228)   Post Evacuate Collection Set: 23.7ms
[2026-01-16T11:15:55.095+0000][gc,phases   ] GC(1228)   Other: 4.3ms
[2026-01-16T11:15:55.095+0000][gc,heap     ] GC(1228) Eden regions: 612->0(612)
[2026-01-16T11:15:55.095+0000][gc,heap     ] GC(1228) Survivor regions: 2->2(77)
[2026-01-16T11:15:55.095+0000][gc,heap     ] GC(1228) Old regions: 70->70
[2026-01-16T11:15:55.095+0000][gc,heap     ] GC(1228) Humongous regions: 38->38
[2026-01-16T11:15:55.095+0000][gc,metaspace] GC(1228) Metaspace: 13225K(13760K)->13225K(13760K) NonClass: 12112K(12352K)->12112K(12352K) Class: 1112K(1408K)->1112K(1408K)
[2026-01-16T11:15:55.096+0000][gc          ] GC(1228) Pause Young (Normal) (G1 Evacuation Pause) 721M->109M(1024M) 175.646ms
[2026-01-16T11:15:55.096+0000][gc,cpu      ] GC(1228) User=0.29s Sys=0.03s Real=0.18s
[2026-01-16T11:16:45.745+0000][gc,start    ] GC(1229) Pause Young (Normal) (G1 Evacuation Pause)
[2026-01-16T11:16:45.746+0000][gc,task     ] GC(1229) Using 8 workers of 8 for evacuation
[2026-01-16T11:16:45.805+0000][gc,phases   ] GC(1229)   Pre Evacuate Collection Set: 9.5ms
[2026-01-16T11:16:45.806+0000][gc,phases   ] GC(1229)   Merge Heap Roots: 0.8ms
[2026-01-16T11:16:45.806+0000][gc,phases   ] GC(1229)   Evacuate Collection Set: 37.1ms
[2026-01-16T11:16:45.806+0000][gc,phases   ] GC(1229)   Post Evacuate Collection Set: 9.5ms
[2026-01-16T11:16:45.807+0000][gc,phases   ] GC(1229)   Other: 3.1ms
[2026-01-16T11:16:45.807+0000][gc,heap     ] GC(1229) Eden regions: 612->0(611)
[2026-01-16T11:16:45.807+0000][gc,heap     ] GC(1229) Survivor regions: 2->3(77)
[2026-01-16T11:16:45.807+0000][gc,heap     ] GC(1229) Old regions: 70->70
[2026-01-16T11:16:45.807+0000][gc,heap     ] GC(1229) Humongous regions: 38->38
[2026-01-16T11:16:45.808+0000][gc,metaspace] GC(1229) Metaspace: 13229K(13760K)->13229K(13760K) NonClass: 12116K(12352K)->12116K(12352K) Class: 1112K(1408K)->1112K(1408K)
[2026-01-16T11:16:45.808+0000][gc          ] GC(1229) Pause Young (Normal) (G1 Evacuation Pause) 721M->110M(1024M) 63.552ms
[2026-01-16T11:16:45.808+0000][gc,cpu      ] GC(1229) User=0.23s Sys=0.03s Real=0.06s
[2026-01-16T11:17:35.420+0000][gc,start    ] GC(1230) Pause Young (Normal) (G1 Evacuation Pause)
[2026-01-16T11:17:35.423+0000][gc,task     ] GC(1230) Using 8 workers of 8 for evacuation
[2026-01-16T11:17:35.451+0000][gc,phases   ] GC(1230)   Pre Evacuate Collection Set: 3.1ms
[2026-01-16T11:17:35.451+0000][gc,phases   ] GC(1230)   Merge Heap Roots: 0.9ms
[2026-01-16T11:17:35.451+0000][gc,phases   ] GC(1230)   Evacuate Collection Set: 21.1ms
[2026-01-16T11:17:35.452+0000][gc,phases   ] GC(1230)   Post Evacuate Collection Set: 2.3ms
[2026-01-16T11:17:35.452+0000][gc,phases   ] GC(1230)   Other: 1.0ms
[2026-01-16T11:17:35.452+0000][gc,heap     ] GC(1230) Eden regions: 611->0(611)
[2026-01-16T11:17:35.452+0000][gc,heap     ] GC(1230) Survivor regions: 3->3(77)
[2026-01-16T11:17:35.452+0000][gc,heap     ] GC(1230) Old regions: 70->71
[2026-01-16T11:17:35.452+0000][gc,heap     ] GC(1230) Humongous regions: 38->38
[2026-01-16T11:17:35.452+0000][gc,metaspace] GC(1230) Metaspace: 13230K(13760K)->13230K(13760K) NonClass: 12117K(12352K)->12117K(12352K) Class: 1112K(1408K)->1112K(1408K)
[2026-01-16T11:17:35.452+0000][gc          ] GC(1230) Pause Young (Normal) (G1 Evacuation Pause) 721M->110M(1024M) 31.895ms
[2026-01-16T11:17:35.452+0000][gc,cpu      ] GC(1230) User=0.15s Sys=0.02s Real=0.03s
[2026-01-16T11:18:34.457+0000][gc,start    ] GC(1231) Pause Young (Normal) (G1 Evacuation Pause)
[2026-01-16T11:18:34.458+0000][gc,task     ] GC(1231) Using 8 workers of 8 for evacuation
[2026-01-16T11:18:34.480+0000][gc,phases   ] GC(1231)   Pre Evacuate Collection Set: 3.5ms
[2026-01-16T11:18:34.480+0000][gc,phases   ] GC(1231)   Merge Heap Roots: 0.4ms
[2026-01-16T11:18:34.480+0000][gc,phases   ] GC(1231)   Evacuate Collection Set: 15.5ms
[2026-01-16T11:18:34.480+0000][gc,phases   ] GC(1231)   Post Evacuate Collection Set: 2.1ms
[2026-01-16T11:18:34.480+0000][gc,phases   ] GC(1231)   Other: 0.8ms
[2026-01-16T11:18:34.481+0000][gc,heap     ] GC(1231) Eden regions: 611->0(612)
[2026-01-16T11:18:34.481+0000][gc,heap     ] GC(1231) Survivor regions: 3->2(77)
[2026-01-16T11:18:34.481+0000][gc,heap     ] GC(1231) Old regions: 71->71
[2026-01-16T11:18:34.481+0000][gc,heap     ] GC(1231) Humongous regions: 38->38
[2026-01-16T11:18:34.481+0000][gc,metaspace] GC(1231) Metaspace: 13233K(13760K)->13233K(13760K) NonClass: 12121K(12352K)->12121K(12352K) Class: 1112K(1408K)->1112K(1408K)
[2026-01-16T11:18:34.481+0000][gc          ] GC(1231) Pause Young (Normal) (G1 Evacuation Pause) 721M->109M(1024M) 24.022ms
[2026-01-16T11:18:34.481+0000][gc,cpu      ] GC(1231) User=0.12s Sys=0.01s Real=0.02s
[2026-01-16T11:19:25.526+0000][gc,start    ] GC(1232) Pause Young (Normal) (G1 Evacuation Pause)
[2026-01-16T11:19:25.528+0000][gc,task     ] GC(1232) Using 8 workers of 8 for evacuation
[2026-01-16T11:19:25.627+0000][gc,phases   ] GC(1232)   Pre Evacuate Collection Set: 13.0ms
[2026-01-16T11:19:25.627+0000][gc,phases   ] GC(1232)   Merge Heap Roots: 7.8ms
[2026-01-16T11:19:25.627+0000][gc,phases   ] GC(1232)   Evacuate Collection Set: 45.0ms
[2026-01-16T11:19:25.628+0000][gc,phases   ] GC(1232)   Post Evacuate Collection Set: 23.1ms
[2026-01-16T11:19:25.628+0000][gc,phases   ] GC(1232)   Other: 9.5ms
[2026-01-16T11:19:25.628+0000][gc,heap     ] GC(1232) Eden regions: 612->0(611)
[2026-01-16T11:19:25.628+0000][gc,heap     ] GC(1232) Survivor regions: 2->3(77)
[2026-01-16T11:19:25.628+0000][gc,heap     ] GC(1232) Old regions: 71->71
[2026-01-16T11:19:25.628+0000][gc,heap     ] GC(1232) Humongous regions: 38->38
[2026-01-16T11:19:25.629+0000][gc,metaspace] GC(1232) Metaspace: 13233K(13760K)->13233K(13760K) NonClass: 12121K(12352K)->12121K(12352K) Class: 1112K(1408K)->1112K(1408K)
[2026-01-16T11:19:25.631+0000][gc          ] GC(1232) Pause Young (Normal) (G1 Evacuation Pause) 721M->110M(1024M) 108.158ms
[2026-01-16T11:19:25.632+0000][gc,cpu      ] GC(1232) User=0.26s Sys=0.03s Real=0.10s
[2026-01-16T11:20:16.149+0000][gc,start    ] GC(1233) Pause Young (Normal) (G1 Evacuation Pause)
[2026-01-16T11:20:16.150+0000][gc,task     ] GC(1233) Using 8 workers of 8 for evacuation
[2026-01-16T11:20:16.224+0000][gc,phases   ] GC(1233)   Pre Evacuate Collection Set: 14.7ms
[2026-01-16T11:20:16.224+0000][gc,phases   ] GC(1233)   Merge Heap Roots: 0.3ms
[2026-01-16T11:20:16.224+0000][gc,phases   ] GC(1233)   Evacuate Collection Set: 37.8ms
[2026-01-16T11:20:16.225+0000][gc,phases   ] GC(1233)   Post Evacuate Collection Set: 21.4ms
[2026-01-16T11:20:16.225+0000][gc,phases   ] GC(1233)   Other: 0.3ms
[2026-01-16T11:20:16.225+0000][gc,heap     ] GC(1233) Eden regions: 611->0(611)
[2026-01-16T11:20:16.225+0000][gc,heap     ] GC(1233) Survivor regions: 3->3(77)
[2026-01-16T11:20:16.225+0000][gc,heap     ] GC(1233) Old regions: 71->71
[2026-01-16T11:20:16.225+0000][gc,heap     ] GC(1233) Humongous regions: 38->38
[2026-01-16T11:20:16.225+0000][gc,metaspace] GC(1233) Metaspace: 13235K(13760K)->13235K(13760K) NonClass: 12122K(12352K)->12122K(12352K) Class: 1112K(1408K)->1112K(1408K)
[2026-01-16T11:20:16.226+0000][gc          ] GC(1233) Pause Young (Normal) (G1 Evacuation Pause) 721M->110M(1024M) 77.291ms
[2026-01-16T11:20:16.226+0000][gc,cpu      ] GC(1233) User=0.28s Sys=0.02s Real=0.08s
[2026-01-16T11:21:15.032+0000][gc,start    ] GC(1234) Pause Young (Normal) (G1 Evacuation Pause)
[2026-01-16T11:21:15.035+0000][gc,task     ] GC(1234) Using 8 workers of 8 for evacuation
[2026-01-16T11:21:15.160+0000][gc,phases   ] GC(1234)   Pre Evacuate Collection Set: 27.5ms
[2026-01-16T11:21:15.160+0000][gc,phases   ] GC(1234)   Merge Heap Roots: 5.8ms
[2026-01-16T11:21:15.160+0000][gc,phases   ] GC(1234)   Evacuate Collection Set: 69.9ms
[2026-01-16T11:21:15.161+0000][gc,phases   ] GC(1234)   Post Evacuate Collection Set: 18.6ms
[2026-01-16T11:21:15.161+0000][gc,phases   ] GC(1234)   Other: 5.4ms
[2026-01-16T11:21:15.161+0000][gc,heap     ] GC(1234) Eden regions: 611->0(612)
[2026-01-16T11:21:15.161+0000][gc,heap     ] GC(1234) Survivor regions: 3->2(77)
[2026-01-16T11:21:15.161+0000][gc,heap     ] GC(1234) Old regions: 71->71
[2026-01-16T11:21:15.161+0000][gc,heap     ] GC(1234) Humongous regions: 38->38
[2026-01-16T11:21:15.161+0000][gc,metaspace] GC(1234) Metaspace: 13235K(13760K)->13235K(13760K) NonClass: 12122K(12352K)->12122K(12352K) Class: 1112K(1408K)->1112K(1408K)
[2026-01-16T11:21:15.162+0000][gc          ] GC(1234) Pause Young (Normal) (G1 Evacuation Pause) 721M->109M(1024M) 130.238ms
[2026-01-16T11:21:15.162+0000][gc,cpu      ] GC(1234) User=0.38s Sys=0.06s Real=0.13s
[2026-01-16T11:22:05.859+0000][gc,start    ] GC(1235) Pause Young (Normal) (G1 Evacuation Pause)
[2026-01-16T11:22:05.860+0000][gc,task     ] GC(1235) Using 8 workers of 8 for evacuation
[2026-01-16T11:22:05.962+0000][gc,phases   ] GC(1235)   Pre Evacuate Collection Set: 23.3ms
[2026-01-16T11:22:05.962+0000][gc,phases   ] GC(1235)   Merge Heap Roots: 5.3ms
[2026-01-16T11:22:05.963+0000][gc,phases   ] GC(1235)   Evacuate Collection Set: 61.0ms
[2026-01-16T11:22:05.963+0000][gc,phases   ] GC(1235)   Post Evacuate Collection Set: 11.5ms
[2026-01-16T11:22:05.964+0000][gc,phases   ] GC(1235)   Other: 1.8ms
[2026-01-16T11:22:05.964+0000][gc,heap     ] GC(1235) Eden regions: 612->0(612)
[2026-01-16T11:22:05.964+0000][gc,heap     ] GC(1235) Survivor regions: 2->2(77)
[2026-01-16T11:22:05.964+0000][gc,heap     ] GC(1235) Old regions: 71->71
[2026-01-16T11:22:05.964+0000][gc,heap     ] GC(1235) Humongous regions: 38->38
[2026-01-16T11:22:05.965+0000][gc,metaspace] GC(1235) Metaspace: 13235K(13760K)->13235K(13760K) NonClass: 12122K(12352K)->12122K(12352K) Class: 1112K(1408K)->1112K(1408K)
[2026-01-16T11:22:05.966+0000][gc          ] GC(1235) Pause Young (Normal) (G1 Evacuation Pause) 721M->110M(1024M) 107.181ms
[2026-01-16T11:22:05.971+0000][gc,cpu      ] GC(1235) User=0.23s Sys=0.02s Real=0.12s
[2026-01-16T11:22:55.285+0000][gc,start    ] GC(1236) Pause Young (Normal) (G1 Evacuation Pause)
[2026-01-16T11:22:55.287+0000][gc,task     ] GC(1236) Using 8 workers of 8 for evacuation
[2026-01-16T11:22:55.322+0000][gc,phases   ] GC(1236)   Pre Evacuate Collection Set: 11.1ms
[2026-01-16T11:22:55.322+0000][gc,phases   ] GC(1236)   Merge Heap Roots: 0.5ms
[2026-01-16T11:22:55.322+0000][gc,phases   ] GC(1236)   Evacuate Collection Set: 16.1ms
[2026-01-16T11:22:55.322+0000][gc,phases   ] GC(1236)   Post Evacuate Collection Set: 4.8ms
[2026-01-16T11:22:55.322+0000][gc,phases   ] GC(1236)   Other: 2.4ms
[2026-01-16T11:22:55.323+0000][gc,heap     ] GC(1236) Eden regions: 612->0(611)
[2026-01-16T11:22:55.323+0000][gc,heap     ] GC(1236) Survivor regions: 2->3(77)
[2026-01-16T11:22:55.324+0000][gc,heap     ] GC(1236) Old regions: 71->71
[2026-01-16T11:22:55.324+0000][gc,heap     ] GC(1236) Humongous regions: 38->38
[2026-01-16T11:22:55.324+0000][gc,metaspace] GC(1236) Metaspace: 13235K(13760K)->13235K(13760K) NonClass: 12122K(12352K)->12122K(12352K) Class: 1112K(1408K)->1112K(1408K)
[2026-01-16T11:22:55.324+0000][gc          ] GC(1236) Pause Young (Normal) (G1 Evacuation Pause) 722M->110M(1024M) 39.180ms
[2026-01-16T11:22:55.324+0000][gc,cpu      ] GC(1236) User=0.17s Sys=0.02s Real=0.04s
[2026-01-16T11:23:54.547+0000][gc,start    ] GC(1237) Pause Young (Normal) (G1 Evacuation Pause)
[2026-01-16T11:23:54.547+0000][gc,task     ] GC(1237) Using 8 workers of 8 for evacuation
[2026-01-16T11:23:54.583+0000][gc,phases   ] GC(1237)   Pre Evacuate Collection Set: 8.6ms
[2026-01-16T11:23:54.584+0000][gc,phases   ] GC(1237)   Merge Heap Roots: 0.4ms
[2026-01-16T11:23:54.584+0000][gc,phases   ] GC(1237)   Evacuate Collection Set: 15.2ms
[2026-01-16T11:23:54.584+0000][gc,phases   ] GC(1237)   Post Evacuate Collection Set: 10.0ms
[2026-01-16T11:23:54.584+0000][gc,phases   ] GC(1237)   Other: 2.2ms
[2026-01-16T11:23:54.584+0000][gc,heap     ] GC(1237) Eden regions: 611->0(612)
[2026-01-16T11:23:54.584+0000][gc,heap     ] GC(1237) Survivor regions: 3->2(77)
[2026-01-16T11:23:54.584+0000][gc,heap     ] GC(1237) Old regions: 71->71
[2026-01-16T11:23:54.584+0000][gc,heap     ] GC(1237) Humongous regions: 38->38
[2026-01-16T11:23:54.585+0000][gc,metaspace] GC(1237) Metaspace: 13235K(13760K)->13235K(13760K) NonClass: 12122K(12352K)->12122K(12352K) Class: 1112K(1408K)->1112K(1408K)
[2026-01-16T11:23:54.587+0000][gc          ] GC(1237) Pause Young (Normal) (G1 Evacuation Pause) 721M->109M(1024M) 40.619ms
[2026-01-16T11:23:54.587+0000][gc,cpu      ] GC(1237) User=0.16s Sys=0.01s Real=0.04s
[2026-01-16T11:24:45.856+0000][gc,start    ] GC(1238) Pause Young (Normal) (G1 Evacuation Pause)
[2026-01-16T11:24:45.861+0000][gc,task     ] GC(1238) Using 8 workers of 8 for evacuation
[2026-01-16T11:24:45.951+0000][gc,phases   ] GC(1238)   Pre Evacuate Collection Set: 28.2ms
[2026-01-16T11:24:45.952+0000][gc,phases   ] GC(1238)   Merge Heap Roots: 0.7ms
[2026-01-16T11:24:45.952+0000][gc,phases   ] GC(1238)   Evacuate Collection Set: 54.1ms
[2026-01-16T11:24:45.952+0000][gc,phases   ] GC(1238)   Post Evacuate Collection Set: 5.6ms
[2026-01-16T11:24:45.952+0000][gc,phases   ] GC(1238)   Other: 3.8ms
[2026-01-16T11:24:45.952+0000][gc,heap     ] GC(1238) Eden regions: 612->0(612)
[2026-01-16T11:24:45.954+0000][gc,heap     ] GC(1238) Survivor regions: 2->2(77)
[2026-01-16T11:24:45.954+0000][gc,heap     ] GC(1238) Old regions: 71->71
[2026-01-16T11:24:45.954+0000][gc,heap     ] GC(1238) Humongous regions: 38->38
[2026-01-16T11:24:45.955+0000][gc,metaspace] GC(1238) Metaspace: 13235K(13760K)->13235K(13760K) NonClass: 12122K(12352K)->12122K(12352K) Class: 1112K(1408K)->1112K(1408K)
[2026-01-16T11:24:45.955+0000][gc          ] GC(1238) Pause Young (Normal) (G1 Evacuation Pause) 721M->110M(1024M) 99.191ms
[2026-01-16T11:24:45.955+0000][gc,cpu      ] GC(1238) User=0.39s Sys=0.05s Real=0.10s
[2026-01-16T11:25:38.263+0000][gc,start    ] GC(1239) Pause Young (Normal) (G1 Evacuation Pause)
[2026-01-16T11:25:38.270+0000][gc,task     ] GC(1239) Using 8 workers of 8 for evacuation
[2026-01-16T11:25:38.739+0000][gc,mmu      ] GC(1239) MMU target violated: 201.0ms (200.0ms/201.0ms)
[2026-01-16T11:25:38.740+0000][gc,phases   ] GC(1239)   Pre Evacuate Collection Set: 56.5ms
[2026-01-16T11:25:38.740+0000][gc,phases   ] GC(1239)   Merge Heap Roots: 2.2ms
[2026-01-16T11:25:38.741+0000][gc,phases   ] GC(1239)   Evacuate Collection Set: 346.8ms
[2026-01-16T11:25:38.742+0000][gc,phases   ] GC(1239)   Post Evacuate Collection Set: 60.9ms
[2026-01-16T11:25:38.742+0000][gc,phases   ] GC(1239)   Other: 6.5ms
[2026-01-16T11:25:38.743+0000][gc,heap     ] GC(1239) Eden regions: 612->0(48)
[2026-01-16T11:25:38.745+0000][gc,heap     ] GC(1239) Survivor regions: 2->3(77)
[2026-01-16T11:25:38.745+0000][gc,heap     ] GC(1239) Old regions: 71->71
[2026-01-16T11:25:38.748+0000][gc,heap     ] GC(1239) Humongous regions: 38->38
[2026-01-16T11:25:38.749+0000][gc,metaspace] GC(1239) Metaspace: 13235K(13760K)->13235K(13760K) NonClass: 12122K(12352K)->12122K(12352K) Class: 1112K(1408K)->1112K(1408K)
[2026-01-16T11:25:38.752+0000][gc          ] GC(1239) Pause Young (Normal) (G1 Evacuation Pause) 722M->110M(1024M) 493.093ms
[2026-01-16T11:25:38.755+0000][gc,cpu      ] GC(1239) User=0.51s Sys=0.05s Real=0.49s
[2026-01-16T11:25:45.753+0000][gc,start    ] GC(1240) Pause Young (Normal) (G1 Evacuation Pause)
[2026-01-16T11:25:45.758+0000][gc,task     ] GC(1240) Using 8 workers of 8 for evacuation
[2026-01-16T11:25:45.884+0000][gc,phases   ] GC(1240)   Pre Evacuate Collection Set: 37.1ms
[2026-01-16T11:25:45.885+0000][gc,phases   ] GC(1240)   Merge Heap Roots: 8.9ms
[2026-01-16T11:25:45.886+0000][gc,phases   ] GC(1240)   Evacuate Collection Set: 64.8ms
[2026-01-16T11:25:45.886+0000][gc,phases   ] GC(1240)   Post Evacuate Collection Set: 14.8ms
[2026-01-16T11:25:45.887+0000][gc,phases   ] GC(1240)   Other: 1.4ms
[2026-01-16T11:25:45.887+0000][gc,heap     ] GC(1240) Eden regions: 48->0(612)
[2026-01-16T11:25:45.887+0000][gc,heap     ] GC(1240) Survivor regions: 3->2(7)
[2026-01-16T11:25:45.887+0000][gc,heap     ] GC(1240) Old regions: 71->71
[2026-01-16T11:25:45.887+0000][gc,heap     ] GC(1240) Humongous regions: 38->38
[2026-01-16T11:25:45.887+0000][gc,metaspace] GC(1240) Metaspace: 13235K(13760K)->13235K(13760K) NonClass: 12122K(12352K)->12122K(12352K) Class: 1112K(1408K)->1112K(1408K)
[2026-01-16T11:25:45.887+0000][gc          ] GC(1240) Pause Young (Normal) (G1 Evacuation Pause) 158M->109M(1024M) 133.625ms
[2026-01-16T11:25:45.887+0000][gc,cpu      ] GC(1240) User=0.19s Sys=0.01s Real=0.13s
[2026-01-16T11:26:20.327+0000][gc,start    ] GC(1241) Pause Young (Normal) (G1 Evacuation Pause)
[2026-01-16T11:26:20.343+0000][gc,task     ] GC(1241) Using 8 workers of 8 for evacuation
[2026-01-16T11:26:20.912+0000][gc,mmu      ] GC(1241) MMU target violated: 201.0ms (200.0ms/201.0ms)
[2026-01-16T11:26:20.915+0000][gc,phases   ] GC(1241)   Pre Evacuate Collection Set: 108.2ms
[2026-01-16T11:26:20.918+0000][gc,phases   ] GC(1241)   Merge Heap Roots: 1.4ms
[2026-01-16T11:26:20.918+0000][gc,phases   ] GC(1241)   Evacuate Collection Set: 365.0ms
[2026-01-16T11:26:20.918+0000][gc,phases   ] GC(1241)   Post Evacuate Collection Set: 93.9ms
[2026-01-16T11:26:20.918+0000][gc,phases   ] GC(1241)   Other: 3.9ms
[2026-01-16T11:26:20.920+0000][gc,heap     ] GC(1241) Eden regions: 394->0(47)
[2026-01-16T11:26:20.920+0000][gc,heap     ] GC(1241) Survivor regions: 2->4(50)
[2026-01-16T11:26:20.920+0000][gc,heap     ] GC(1241) Old regions: 71->71
[2026-01-16T11:26:20.920+0000][gc,heap     ] GC(1241) Humongous regions: 38->38
[2026-01-16T11:26:20.920+0000][gc,metaspace] GC(1241) Metaspace: 13235K(13760K)->13235K(13760K) NonClass: 12122K(12352K)->12122K(12352K) Class: 1112K(1408K)->1112K(1408K)
[2026-01-16T11:26:20.921+0000][gc          ] GC(1241) Pause Young (Normal) (G1 Evacuation Pause) 503M->111M(1024M) 593.821ms
[2026-01-16T11:26:20.923+0000][gc,cpu      ] GC(1241) User=0.40s Sys=0.05s Real=0.60s
[2026-01-16T11:26:24.619+0000][gc,start    ] GC(1242) Pause Young (Normal) (G1 Evacuation Pause)
[2026-01-16T11:26:24.621+0000][gc,task     ] GC(1242) Using 8 workers of 8 for evacuation
[2026-01-16T11:26:24.797+0000][gc,phases   ] GC(1242)   Pre Evacuate Collection Set: 21.5ms
[2026-01-16T11:26:24.797+0000][gc,phases   ] GC(1242)   Merge Heap Roots: 2.4ms
[2026-01-16T11:26:24.798+0000][gc,phases   ] GC(1242)   Evacuate Collection Set: 143.0ms
[2026-01-16T11:26:24.798+0000][gc,phases   ] GC(1242)   Post Evacuate Collection Set: 7.7ms
[2026-01-16T11:26:24.798+0000][gc,phases   ] GC(1242)   Other: 2.2ms
[2026-01-16T11:26:24.798+0000][gc,heap     ] GC(1242) Eden regions: 47->0(48)
[2026-01-16T11:26:24.799+0000][gc,heap     ] GC(1242) Survivor regions: 4->3(7)
[2026-01-16T11:26:24.799+0000][gc,heap     ] GC(1242) Old regions: 71->71
[2026-01-16T11:26:24.799+0000][gc,heap     ] GC(1242) Humongous regions: 38->38
[2026-01-16T11:26:24.799+0000][gc,metaspace] GC(1242) Metaspace: 13235K(13760K)->13235K(13760K) NonClass: 12122K(12352K)->12122K(12352K) Class: 1112K(1408K)->1112K(1408K)
[2026-01-16T11:26:24.799+0000][gc          ] GC(1242) Pause Young (Normal) (G1 Evacuation Pause) 158M->111M(1024M) 180.691ms
[2026-01-16T11:26:24.799+0000][gc,cpu      ] GC(1242) User=0.12s Sys=0.01s Real=0.19s
[2026-01-16T11:26:25.667+0000][gc,start    ] GC(1243) Pause Young (Normal) (G1 Evacuation Pause)
[2026-01-16T11:26:25.667+0000][gc,task     ] GC(1243) Using 8 workers of 8 for evacuation
[2026-01-16T11:26:25.779+0000][gc,phases   ] GC(1243)   Pre Evacuate Collection Set: 1.0ms
[2026-01-16T11:26:25.781+0000][gc,phases   ] GC(1243)   Merge Heap Roots: 0.2ms
[2026-01-16T11:26:25.784+0000][gc,phases   ] GC(1243)   Evacuate Collection Set: 106.2ms
[2026-01-16T11:26:25.786+0000][gc,phases   ] GC(1243)   Post Evacuate Collection Set: 2.8ms
[2026-01-16T11:26:25.787+0000][gc,phases   ] GC(1243)   Other: 0.5ms
[2026-01-16T11:26:25.787+0000][gc,heap     ] GC(1243) Eden regions: 48->0(48)
[2026-01-16T11:26:25.789+0000][gc,heap     ] GC(1243) Survivor regions: 3->3(7)
[2026-01-16T11:26:25.789+0000][gc,heap     ] GC(1243) Old regions: 71->72
[2026-01-16T11:26:25.790+0000][gc,heap     ] GC(1243) Humongous regions: 38->38
[2026-01-16T11:26:25.793+0000][gc,metaspace] GC(1243) Metaspace: 13235K(13760K)->13235K(13760K) NonClass: 12122K(12352K)->12122K(12352K) Class: 1112K(1408K)->1112K(1408K)
[2026-01-16T11:26:25.794+0000][gc          ] GC(1243) Pause Young (Normal) (G1 Evacuation Pause) 159M->111M(1024M) 127.278ms
[2026-01-16T11:26:25.798+0000][gc,cpu      ] GC(1243) User=0.08s Sys=0.01s Real=0.13s
[2026-01-16T11:26:26.274+0000][gc,start    ] GC(1244) Pause Young (Normal) (G1 Evacuation Pause)
[2026-01-16T11:26:26.274+0000][gc,task     ] GC(1244) Using 8 workers of 8 for evacuation
[2026-01-16T11:26:26.326+0000][gc,phases   ] GC(1244)   Pre Evacuate Collection Set: 2.2ms
[2026-01-16T11:26:26.327+0000][gc,phases   ] GC(1244)   Merge Heap Roots: 0.5ms
[2026-01-16T11:26:26.329+0000][gc,phases   ] GC(1244)   Evacuate Collection Set: 47.2ms
[2026-01-16T11:26:26.329+0000][gc,phases   ] GC(1244)   Post Evacuate Collection Set: 1.7ms
[2026-01-16T11:26:26.330+0000][gc,phases   ] GC(1244)   Other: 0.5ms
[2026-01-16T11:26:26.330+0000][gc,heap     ] GC(1244) Eden regions: 48->0(47)
[2026-01-16T11:26:26.330+0000][gc,heap     ] GC(1244) Survivor regions: 3->4(7)
[2026-01-16T11:26:26.330+0000][gc,heap     ] GC(1244) Old regions: 72->72
[2026-01-16T11:26:26.330+0000][gc,heap     ] GC(1244) Humongous regions: 38->38
[2026-01-16T11:26:26.330+0000][gc,metaspace] GC(1244) Metaspace: 13235K(13760K)->13235K(13760K) NonClass: 12122K(12352K)->12122K(12352K) Class: 1112K(1408K)->1112K(1408K)
[2026-01-16T11:26:26.331+0000][gc          ] GC(1244) Pause Young (Normal) (G1 Evacuation Pause) 159M->112M(1024M) 57.296ms
[2026-01-16T11:26:26.331+0000][gc,cpu      ] GC(1244) User=0.04s Sys=0.00s Real=0.06s
[2026-01-16T11:26:34.934+0000][gc,start    ] GC(1245) Pause Young (Normal) (G1 Evacuation Pause)
[2026-01-16T11:26:34.936+0000][gc,task     ] GC(1245) Using 8 workers of 8 for evacuation
[2026-01-16T11:26:34.994+0000][gc,phases   ] GC(1245)   Pre Evacuate Collection Set: 13.1ms
[2026-01-16T11:26:34.995+0000][gc,phases   ] GC(1245)   Merge Heap Roots: 1.1ms
[2026-01-16T11:26:34.995+0000][gc,phases   ] GC(1245)   Evacuate Collection Set: 38.2ms
[2026-01-16T11:26:34.995+0000][gc,phases   ] GC(1245)   Post Evacuate Collection Set: 3.5ms
[2026-01-16T11:26:34.996+0000][gc,phases   ] GC(1245)   Other: 2.4ms
[2026-01-16T11:26:34.996+0000][gc,heap     ] GC(1245) Eden regions: 47->0(175)
[2026-01-16T11:26:34.997+0000][gc,heap     ] GC(1245) Survivor regions: 4->3(7)
[2026-01-16T11:26:34.997+0000][gc,heap     ] GC(1245) Old regions: 72->72
[2026-01-16T11:26:34.997+0000][gc,heap     ] GC(1245) Humongous regions: 38->38
[2026-01-16T11:26:34.998+0000][gc,metaspace] GC(1245) Metaspace: 13235K(13760K)->13235K(13760K) NonClass: 12122K(12352K)->12122K(12352K) Class: 1112K(1408K)->1112K(1408K)
[2026-01-16T11:26:34.998+0000][gc          ] GC(1245) Pause Young (Normal) (G1 Evacuation Pause) 159M->111M(1024M) 64.949ms
[2026-01-16T11:26:34.999+0000][gc,cpu      ] GC(1245) User=0.12s Sys=0.01s Real=0.07s
[2026-01-16T11:26:46.413+0000][gc,start    ] GC(1246) Pause Young (Normal) (G1 Evacuation Pause)
[2026-01-16T11:26:46.417+0000][gc,task     ] GC(1246) Using 8 workers of 8 for evacuation
[2026-01-16T11:26:46.542+0000][gc,phases   ] GC(1246)   Pre Evacuate Collection Set: 19.5ms
[2026-01-16T11:26:46.543+0000][gc,phases   ] GC(1246)   Merge Heap Roots: 5.0ms
[2026-01-16T11:26:46.543+0000][gc,phases   ] GC(1246)   Evacuate Collection Set: 74.3ms
[2026-01-16T11:26:46.543+0000][gc,phases   ] GC(1246)   Post Evacuate Collection Set: 24.8ms
[2026-01-16T11:26:46.545+0000][gc,phases   ] GC(1246)   Other: 1.7ms
[2026-01-16T11:26:46.546+0000][gc,heap     ] GC(1246) Eden regions: 170->0(153)
[2026-01-16T11:26:46.549+0000][gc,heap     ] GC(1246) Survivor regions: 3->4(22)
[2026-01-16T11:26:46.553+0000][gc,heap     ] GC(1246) Old regions: 72->72
[2026-01-16T11:26:46.553+0000][gc,heap     ] GC(1246) Humongous regions: 38->38
[2026-01-16T11:26:46.553+0000][gc,metaspace] GC(1246) Metaspace: 13235K(13760K)->13235K(13760K) NonClass: 12122K(12352K)->12122K(12352K) Class: 1112K(1408K)->1112K(1408K)
[2026-01-16T11:26:46.553+0000][gc          ] GC(1246) Pause Young (Normal) (G1 Evacuation Pause) 281M->112M(1024M) 140.527ms
[2026-01-16T11:26:46.553+0000][gc,cpu      ] GC(1246) User=0.13s Sys=0.01s Real=0.14s
[2026-01-16T11:27:04.641+0000][gc,start    ] GC(1247) Pause Young (Normal) (G1 Evacuation Pause)
[2026-01-16T11:27:04.643+0000][gc,task     ] GC(1247) Using 8 workers of 8 for evacuation
[2026-01-16T11:27:04.752+0000][gc,phases   ] GC(1247)   Pre Evacuate Collection Set: 29.6ms
[2026-01-16T11:27:04.754+0000][gc,phases   ] GC(1247)   Merge Heap Roots: 2.8ms
[2026-01-16T11:27:04.754+0000][gc,phases   ] GC(1247)   Evacuate Collection Set: 64.0ms
[2026-01-16T11:27:04.755+0000][gc,phases   ] GC(1247)   Post Evacuate Collection Set: 12.4ms
[2026-01-16T11:27:04.756+0000][gc,phases   ] GC(1247)   Other: 1.9ms
[2026-01-16T11:27:04.756+0000][gc,heap     ] GC(1247) Eden regions: 145->0(496)
[2026-01-16T11:27:04.756+0000][gc,heap     ] GC(1247) Survivor regions: 4->3(19)
[2026-01-16T11:27:04.757+0000][gc,heap     ] GC(1247) Old regions: 72->72
[2026-01-16T11:27:04.757+0000][gc,heap     ] GC(1247) Humongous regions: 38->38
[2026-01-16T11:27:04.758+0000][gc,metaspace] GC(1247) Metaspace: 13235K(13760K)->13235K(13760K) NonClass: 12123K(12352K)->12123K(12352K) Class: 1112K(1408K)->1112K(1408K)
[2026-01-16T11:27:04.758+0000][gc          ] GC(1247) Pause Young (Normal) (G1 Evacuation Pause) 257M->111M(1024M) 116.943ms
[2026-01-16T11:27:04.758+0000][gc,cpu      ] GC(1247) User=0.12s Sys=0.01s Real=0.11s
[2026-01-16T11:27:45.556+0000][gc,start    ] GC(1248) Pause Young (Normal) (G1 Evacuation Pause)
[2026-01-16T11:27:45.558+0000][gc,task     ] GC(1248) Using 8 workers of 8 for evacuation
[2026-01-16T11:27:45.779+0000][gc,mmu      ] GC(1248) MMU target violated: 201.0ms (200.0ms/201.0ms)
[2026-01-16T11:27:45.779+0000][gc,phases   ] GC(1248)   Pre Evacuate Collection Set: 27.7ms
[2026-01-16T11:27:45.779+0000][gc,phases   ] GC(1248)   Merge Heap Roots: 6.3ms
[2026-01-16T11:27:45.780+0000][gc,phases   ] GC(1248)   Evacuate Collection Set: 152.7ms
[2026-01-16T11:27:45.780+0000][gc,phases   ] GC(1248)   Post Evacuate Collection Set: 32.7ms
[2026-01-16T11:27:45.780+0000][gc,phases   ] GC(1248)   Other: 2.6ms
[2026-01-16T11:27:45.781+0000][gc,heap     ] GC(1248) Eden regions: 469->0(290)
[2026-01-16T11:27:45.781+0000][gc,heap     ] GC(1248) Survivor regions: 3->3(59)
[2026-01-16T11:27:45.782+0000][gc,heap     ] GC(1248) Old regions: 72->72
[2026-01-16T11:27:45.783+0000][gc,heap     ] GC(1248) Humongous regions: 38->38
[2026-01-16T11:27:45.784+0000][gc,metaspace] GC(1248) Metaspace: 13236K(13760K)->13236K(13760K) NonClass: 12123K(12352K)->12123K(12352K) Class: 1112K(1408K)->1112K(1408K)
[2026-01-16T11:27:45.785+0000][gc          ] GC(1248) Pause Young (Normal) (G1 Evacuation Pause) 580M->111M(1024M) 229.533ms
[2026-01-16T11:27:45.787+0000][gc,cpu      ] GC(1248) User=0.30s Sys=0.03s Real=0.23s
[2026-01-16T11:28:14.818+0000][gc,start    ] GC(1249) Pause Young (Normal) (G1 Evacuation Pause)
[2026-01-16T11:28:14.819+0000][gc,task     ] GC(1249) Using 8 workers of 8 for evacuation
[2026-01-16T11:28:15.094+0000][gc,mmu      ] GC(1249) MMU target violated: 201.0ms (200.0ms/201.0ms)
[2026-01-16T11:28:15.095+0000][gc,phases   ] GC(1249)   Pre Evacuate Collection Set: 46.1ms
[2026-01-16T11:28:15.096+0000][gc,phases   ] GC(1249)   Merge Heap Roots: 6.1ms
[2026-01-16T11:28:15.096+0000][gc,phases   ] GC(1249)   Evacuate Collection Set: 184.2ms
[2026-01-16T11:28:15.097+0000][gc,phases   ] GC(1249)   Post Evacuate Collection Set: 36.3ms
[2026-01-16T11:28:15.097+0000][gc,phases   ] GC(1249)   Other: 3.6ms
[2026-01-16T11:28:15.098+0000][gc,heap     ] GC(1249) Eden regions: 344->0(172)
[2026-01-16T11:28:15.098+0000][gc,heap     ] GC(1249) Survivor regions: 3->3(44)
[2026-01-16T11:28:15.099+0000][gc,heap     ] GC(1249) Old regions: 72->72
[2026-01-16T11:28:15.099+0000][gc,heap     ] GC(1249) Humongous regions: 38->38
[2026-01-16T11:28:15.100+0000][gc,metaspace] GC(1249) Metaspace: 13236K(13760K)->13236K(13760K) NonClass: 12123K(12352K)->12123K(12352K) Class: 1112K(1408K)->1112K(1408K)
[2026-01-16T11:28:15.100+0000][gc          ] GC(1249) Pause Young (Normal) (G1 Evacuation Pause) 455M->111M(1024M) 282.271ms
[2026-01-16T11:28:15.101+0000][gc,cpu      ] GC(1249) User=0.27s Sys=0.03s Real=0.29s
[2026-01-16T11:28:34.683+0000][gc,start    ] GC(1250) Pause Young (Normal) (G1 Evacuation Pause)
[2026-01-16T11:28:34.685+0000][gc,task     ] GC(1250) Using 8 workers of 8 for evacuation
[2026-01-16T11:28:34.787+0000][gc,phases   ] GC(1250)   Pre Evacuate Collection Set: 26.8ms
[2026-01-16T11:28:34.788+0000][gc,phases   ] GC(1250)   Merge Heap Roots: 4.7ms
[2026-01-16T11:28:34.788+0000][gc,phases   ] GC(1250)   Evacuate Collection Set: 60.3ms
[2026-01-16T11:28:34.789+0000][gc,phases   ] GC(1250)   Post Evacuate Collection Set: 8.9ms
[2026-01-16T11:28:34.789+0000][gc,phases   ] GC(1250)   Other: 1.2ms
[2026-01-16T11:28:34.789+0000][gc,heap     ] GC(1250) Eden regions: 229->0(443)
[2026-01-16T11:28:34.790+0000][gc,heap     ] GC(1250) Survivor regions: 3->3(29)
[2026-01-16T11:28:34.790+0000][gc,heap     ] GC(1250) Old regions: 72->72
[2026-01-16T11:28:34.792+0000][gc,heap     ] GC(1250) Humongous regions: 38->38
[2026-01-16T11:28:34.794+0000][gc,metaspace] GC(1250) Metaspace: 13236K(13760K)->13236K(13760K) NonClass: 12123K(12352K)->12123K(12352K) Class: 1112K(1408K)->1112K(1408K)
[2026-01-16T11:28:34.796+0000][gc          ] GC(1250) Pause Young (Normal) (G1 Evacuation Pause) 340M->111M(1024M) 112.521ms
[2026-01-16T11:28:34.798+0000][gc,cpu      ] GC(1250) User=0.32s Sys=0.04s Real=0.11s
[2026-01-16T11:29:15.570+0000][gc,start    ] GC(1251) Pause Young (Normal) (G1 Evacuation Pause)
[2026-01-16T11:29:15.571+0000][gc,task     ] GC(1251) Using 8 workers of 8 for evacuation
[2026-01-16T11:29:15.613+0000][gc,phases   ] GC(1251)   Pre Evacuate Collection Set: 2.7ms
[2026-01-16T11:29:15.613+0000][gc,phases   ] GC(1251)   Merge Heap Roots: 0.8ms
[2026-01-16T11:29:15.613+0000][gc,phases   ] GC(1251)   Evacuate Collection Set: 34.4ms
[2026-01-16T11:29:15.613+0000][gc,phases   ] GC(1251)   Post Evacuate Collection Set: 3.7ms
[2026-01-16T11:29:15.613+0000][gc,phases   ] GC(1251)   Other: 0.4ms
[2026-01-16T11:29:15.613+0000][gc,heap     ] GC(1251) Eden regions: 493->0(611)
[2026-01-16T11:29:15.613+0000][gc,heap     ] GC(1251) Survivor regions: 3->3(62)
[2026-01-16T11:29:15.613+0000][gc,heap     ] GC(1251) Old regions: 72->72
[2026-01-16T11:29:15.613+0000][gc,heap     ] GC(1251) Humongous regions: 38->38
[2026-01-16T11:29:15.613+0000][gc,metaspace] GC(1251) Metaspace: 13236K(13760K)->13236K(13760K) NonClass: 12123K(12352K)->12123K(12352K) Class: 1112K(1408K)->1112K(1408K)
[2026-01-16T11:29:15.613+0000][gc          ] GC(1251) Pause Young (Normal) (G1 Evacuation Pause) 604M->112M(1024M) 42.956ms
[2026-01-16T11:29:15.613+0000][gc,cpu      ] GC(1251) User=0.26s Sys=0.02s Real=0.04s
[2026-01-16T11:30:06.847+0000][gc,start    ] GC(1252) Pause Young (Normal) (G1 Evacuation Pause)
[2026-01-16T11:30:06.849+0000][gc,task     ] GC(1252) Using 8 workers of 8 for evacuation
[2026-01-16T11:30:06.942+0000][gc,phases   ] GC(1252)   Pre Evacuate Collection Set: 12.4ms
[2026-01-16T11:30:06.943+0000][gc,phases   ] GC(1252)   Merge Heap Roots: 1.3ms
[2026-01-16T11:30:06.943+0000][gc,phases   ] GC(1252)   Evacuate Collection Set: 67.8ms
[2026-01-16T11:30:06.943+0000][gc,phases   ] GC(1252)   Post Evacuate Collection Set: 10.2ms
[2026-01-16T11:30:06.943+0000][gc,phases   ] GC(1252)   Other: 2.0ms
[2026-01-16T11:30:06.943+0000][gc,heap     ] GC(1252) Eden regions: 611->0(610)
[2026-01-16T11:30:06.943+0000][gc,heap     ] GC(1252) Survivor regions: 3->4(77)
[2026-01-16T11:30:06.943+0000][gc,heap     ] GC(1252) Old regions: 72->72
[2026-01-16T11:30:06.943+0000][gc,heap     ] GC(1252) Humongous regions: 38->38
[2026-01-16T11:30:06.943+0000][gc,metaspace] GC(1252) Metaspace: 13236K(13760K)->13236K(13760K) NonClass: 12123K(12352K)->12123K(12352K) Class: 1112K(1408K)->1112K(1408K)
[2026-01-16T11:30:06.944+0000][gc          ] GC(1252) Pause Young (Normal) (G1 Evacuation Pause) 723M->112M(1024M) 96.669ms
[2026-01-16T11:30:06.944+0000][gc,cpu      ] GC(1252) User=0.38s Sys=0.05s Real=0.09s
[2026-01-16T11:31:04.407+0000][gc,start    ] GC(1253) Pause Young (Normal) (G1 Evacuation Pause)
[2026-01-16T11:31:04.408+0000][gc,task     ] GC(1253) Using 8 workers of 8 for evacuation
[2026-01-16T11:31:04.453+0000][gc,phases   ] GC(1253)   Pre Evacuate Collection Set: 6.2ms
[2026-01-16T11:31:04.453+0000][gc,phases   ] GC(1253)   Merge Heap Roots: 2.1ms
[2026-01-16T11:31:04.453+0000][gc,phases   ] GC(1253)   Evacuate Collection Set: 23.5ms
[2026-01-16T11:31:04.454+0000][gc,phases   ] GC(1253)   Post Evacuate Collection Set: 10.9ms
[2026-01-16T11:31:04.454+0000][gc,phases   ] GC(1253)   Other: 2.4ms
[2026-01-16T11:31:04.454+0000][gc,heap     ] GC(1253) Eden regions: 610->0(611)
[2026-01-16T11:31:04.454+0000][gc,heap     ] GC(1253) Survivor regions: 4->3(77)
[2026-01-16T11:31:04.454+0000][gc,heap     ] GC(1253) Old regions: 72->72
[2026-01-16T11:31:04.454+0000][gc,heap     ] GC(1253) Humongous regions: 38->38
[2026-01-16T11:31:04.454+0000][gc,metaspace] GC(1253) Metaspace: 13236K(13760K)->13236K(13760K) NonClass: 12123K(12352K)->12123K(12352K) Class: 1112K(1408K)->1112K(1408K)
[2026-01-16T11:31:04.455+0000][gc          ] GC(1253) Pause Young (Normal) (G1 Evacuation Pause) 722M->111M(1024M) 48.378ms
[2026-01-16T11:31:04.455+0000][gc,cpu      ] GC(1253) User=0.27s Sys=0.02s Real=0.05s
[2026-01-16T11:31:55.331+0000][gc,start    ] GC(1254) Pause Young (Normal) (G1 Evacuation Pause)
[2026-01-16T11:31:55.336+0000][gc,task     ] GC(1254) Using 8 workers of 8 for evacuation
[2026-01-16T11:31:55.394+0000][gc,phases   ] GC(1254)   Pre Evacuate Collection Set: 18.4ms
[2026-01-16T11:31:55.394+0000][gc,phases   ] GC(1254)   Merge Heap Roots: 0.8ms
[2026-01-16T11:31:55.394+0000][gc,phases   ] GC(1254)   Evacuate Collection Set: 31.2ms
[2026-01-16T11:31:55.394+0000][gc,phases   ] GC(1254)   Post Evacuate Collection Set: 6.3ms
[2026-01-16T11:31:55.394+0000][gc,phases   ] GC(1254)   Other: 1.4ms
[2026-01-16T11:31:55.395+0000][gc,heap     ] GC(1254) Eden regions: 611->0(611)
[2026-01-16T11:31:55.395+0000][gc,heap     ] GC(1254) Survivor regions: 3->3(77)
[2026-01-16T11:31:55.396+0000][gc,heap     ] GC(1254) Old regions: 72->72
[2026-01-16T11:31:55.396+0000][gc,heap     ] GC(1254) Humongous regions: 38->38
[2026-01-16T11:31:55.396+0000][gc,metaspace] GC(1254) Metaspace: 13236K(13760K)->13236K(13760K) NonClass: 12123K(12352K)->12123K(12352K) Class: 1112K(1408K)->1112K(1408K)
[2026-01-16T11:31:55.397+0000][gc          ] GC(1254) Pause Young (Normal) (G1 Evacuation Pause) 722M->112M(1024M) 65.640ms
[2026-01-16T11:31:55.398+0000][gc,cpu      ] GC(1254) User=0.20s Sys=0.01s Real=0.06s
[2026-01-16T11:32:45.001+0000][gc,start    ] GC(1255) Pause Young (Normal) (G1 Evacuation Pause)
[2026-01-16T11:32:45.002+0000][gc,task     ] GC(1255) Using 8 workers of 8 for evacuation
[2026-01-16T11:32:45.039+0000][gc,phases   ] GC(1255)   Pre Evacuate Collection Set: 4.9ms
[2026-01-16T11:32:45.039+0000][gc,phases   ] GC(1255)   Merge Heap Roots: 2.0ms
[2026-01-16T11:32:45.039+0000][gc,phases   ] GC(1255)   Evacuate Collection Set: 22.1ms
[2026-01-16T11:32:45.039+0000][gc,phases   ] GC(1255)   Post Evacuate Collection Set: 6.6ms
[2026-01-16T11:32:45.039+0000][gc,phases   ] GC(1255)   Other: 1.5ms
[2026-01-16T11:32:45.040+0000][gc,heap     ] GC(1255) Eden regions: 611->0(610)
[2026-01-16T11:32:45.040+0000][gc,heap     ] GC(1255) Survivor regions: 3->4(77)
[2026-01-16T11:32:45.040+0000][gc,heap     ] GC(1255) Old regions: 72->72
[2026-01-16T11:32:45.040+0000][gc,heap     ] GC(1255) Humongous regions: 38->38
[2026-01-16T11:32:45.040+0000][gc,metaspace] GC(1255) Metaspace: 13236K(13760K)->13236K(13760K) NonClass: 12123K(12352K)->12123K(12352K) Class: 1112K(1408K)->1112K(1408K)
[2026-01-16T11:32:45.041+0000][gc          ] GC(1255) Pause Young (Normal) (G1 Evacuation Pause) 723M->112M(1024M) 39.728ms
[2026-01-16T11:32:45.041+0000][gc,cpu      ] GC(1255) User=0.20s Sys=0.01s Real=0.04s
[2026-01-16T11:33:44.619+0000][gc,start    ] GC(1256) Pause Young (Normal) (G1 Evacuation Pause)
[2026-01-16T11:33:44.625+0000][gc,task     ] GC(1256) Using 8 workers of 8 for evacuation
[2026-01-16T11:33:44.839+0000][gc,mmu      ] GC(1256) MMU target violated: 201.0ms (200.0ms/201.0ms)
[2026-01-16T11:33:44.841+0000][gc,phases   ] GC(1256)   Pre Evacuate Collection Set: 83.2ms
[2026-01-16T11:33:44.855+0000][gc,phases   ] GC(1256)   Merge Heap Roots: 9.3ms
[2026-01-16T11:33:44.857+0000][gc,phases   ] GC(1256)   Evacuate Collection Set: 77.3ms
[2026-01-16T11:33:44.857+0000][gc,phases   ] GC(1256)   Post Evacuate Collection Set: 43.0ms
[2026-01-16T11:33:44.860+0000][gc,phases   ] GC(1256)   Other: 4.8ms
[2026-01-16T11:33:44.860+0000][gc,heap     ] GC(1256) Eden regions: 610->0(613)
[2026-01-16T11:33:44.861+0000][gc,heap     ] GC(1256) Survivor regions: 4->1(77)
[2026-01-16T11:33:44.861+0000][gc,heap     ] GC(1256) Old regions: 72->74
[2026-01-16T11:33:44.864+0000][gc,heap     ] GC(1256) Humongous regions: 38->38
[2026-01-16T11:33:44.866+0000][gc,metaspace] GC(1256) Metaspace: 13236K(13760K)->13236K(13760K) NonClass: 12123K(12352K)->12123K(12352K) Class: 1112K(1408K)->1112K(1408K)
[2026-01-16T11:33:44.867+0000][gc          ] GC(1256) Pause Young (Normal) (G1 Evacuation Pause) 722M->111M(1024M) 248.386ms
[2026-01-16T11:33:44.867+0000][gc,cpu      ] GC(1256) User=0.30s Sys=0.03s Real=0.25s
[2026-01-16T11:34:54.227+0000][gc,start    ] GC(1257) Pause Young (Normal) (G1 Evacuation Pause)
[2026-01-16T11:34:54.232+0000][gc,task     ] GC(1257) Using 8 workers of 8 for evacuation
[2026-01-16T11:34:56.967+0000][gc,mmu      ] GC(1257) MMU target violated: 201.0ms (200.0ms/201.0ms)
[2026-01-16T11:34:56.973+0000][gc,phases   ] GC(1257)   Pre Evacuate Collection Set: 215.1ms
[2026-01-16T11:34:56.974+0000][gc,phases   ] GC(1257)   Merge Heap Roots: 15.7ms
[2026-01-16T11:34:56.983+0000][gc,phases   ] GC(1257)   Evacuate Collection Set: 2074.9ms
[2026-01-16T11:34:56.984+0000][gc,phases   ] GC(1257)   Post Evacuate Collection Set: 399.5ms
[2026-01-16T11:34:57.043+0000][gc,phases   ] GC(1257)   Other: 38.2ms
[2026-01-16T11:34:57.047+0000][gc,heap     ] GC(1257) Eden regions: 613->0(48)
[2026-01-16T11:34:57.051+0000][gc,heap     ] GC(1257) Survivor regions: 1->3(77)
[2026-01-16T11:34:57.052+0000][gc,heap     ] GC(1257) Old regions: 74->74
[2026-01-16T11:34:57.052+0000][gc,heap     ] GC(1257) Humongous regions: 38->38
[2026-01-16T11:34:57.052+0000][gc,metaspace] GC(1257) Metaspace: 13237K(13760K)->13237K(13760K) NonClass: 12124K(12352K)->12124K(12352K) Class: 1112K(1408K)->1112K(1408K)
[2026-01-16T11:34:57.054+0000][gc          ] GC(1257) Pause Young (Normal) (G1 Evacuation Pause) 724M->114M(1024M) 2827.007ms
[2026-01-16T11:34:57.064+0000][gc,cpu      ] GC(1257) User=1.60s Sys=0.20s Real=2.84s
[2026-01-16T11:35:04.110+0000][gc,start    ] GC(1258) Pause Young (Normal) (G1 Evacuation Pause)
[2026-01-16T11:35:04.117+0000][gc,task     ] GC(1258) Using 8 workers of 8 for evacuation
[2026-01-16T11:35:05.204+0000][gc,mmu      ] GC(1258) MMU target violated: 201.0ms (200.0ms/201.0ms)
[2026-01-16T11:35:05.244+0000][gc,phases   ] GC(1258)   Pre Evacuate Collection Set: 98.3ms
[2026-01-16T11:35:05.248+0000][gc,phases   ] GC(1258)   Merge Heap Roots: 5.6ms
[2026-01-16T11:35:05.250+0000][gc,phases   ] GC(1258)   Evacuate Collection Set: 893.0ms
[2026-01-16T11:35:05.251+0000][gc,phases   ] GC(1258)   Post Evacuate Collection Set: 82.2ms
[2026-01-16T11:35:05.253+0000][gc,phases   ] GC(1258)   Other: 52.2ms
[2026-01-16T11:35:05.254+0000][gc,heap     ] GC(1258) Eden regions: 48->0(48)
[2026-01-16T11:35:05.254+0000][gc,heap     ] GC(1258) Survivor regions: 3->3(7)
[2026-01-16T11:35:05.254+0000][gc,heap     ] GC(1258) Old regions: 74->74
[2026-01-16T11:35:05.255+0000][gc,heap     ] GC(1258) Humongous regions: 38->38
[2026-01-16T11:35:05.255+0000][gc,metaspace] GC(1258) Metaspace: 13237K(13760K)->13237K(13760K) NonClass: 12124K(12352K)->12124K(12352K) Class: 1112K(1408K)->1112K(1408K)
[2026-01-16T11:35:05.255+0000][gc          ] GC(1258) Pause Young (Normal) (G1 Evacuation Pause) 162M->113M(1024M) 1145.287ms
[2026-01-16T11:35:05.256+0000][gc,cpu      ] GC(1258) User=0.46s Sys=0.04s Real=1.15s
[2026-01-16T11:35:07.714+0000][gc,start    ] GC(1259) Pause Young (Normal) (G1 Evacuation Pause)
[2026-01-16T11:35:07.727+0000][gc,task     ] GC(1259) Using 8 workers of 8 for evacuation
[2026-01-16T11:35:09.162+0000][gc,mmu      ] GC(1259) MMU target violated: 201.0ms (200.0ms/201.0ms)
[2026-01-16T11:35:09.164+0000][gc,phases   ] GC(1259)   Pre Evacuate Collection Set: 97.6ms
[2026-01-16T11:35:09.170+0000][gc,phases   ] GC(1259)   Merge Heap Roots: 7.0ms
[2026-01-16T11:35:09.197+0000][gc,phases   ] GC(1259)   Evacuate Collection Set: 1275.9ms
[2026-01-16T11:35:09.197+0000][gc,phases   ] GC(1259)   Post Evacuate Collection Set: 52.5ms
[2026-01-16T11:35:09.198+0000][gc,phases   ] GC(1259)   Other: 14.9ms
[2026-01-16T11:35:09.200+0000][gc,heap     ] GC(1259) Eden regions: 48->0(47)
[2026-01-16T11:35:09.200+0000][gc,heap     ] GC(1259) Survivor regions: 3->4(7)
[2026-01-16T11:35:09.200+0000][gc,heap     ] GC(1259) Old regions: 74->74
[2026-01-16T11:35:09.200+0000][gc,heap     ] GC(1259) Humongous regions: 38->38
[2026-01-16T11:35:09.200+0000][gc,metaspace] GC(1259) Metaspace: 13238K(13760K)->13238K(13760K) NonClass: 12125K(12352K)->12125K(12352K) Class: 1112K(1408K)->1112K(1408K)
[2026-01-16T11:35:09.201+0000][gc          ] GC(1259) Pause Young (Normal) (G1 Evacuation Pause) 161M->114M(1024M) 1486.304ms
[2026-01-16T11:35:09.202+0000][gc,cpu      ] GC(1259) User=0.64s Sys=0.06s Real=1.49s
[2026-01-16T11:35:12.033+0000][gc,start    ] GC(1260) Pause Young (Normal) (G1 Evacuation Pause)
[2026-01-16T11:35:12.035+0000][gc,task     ] GC(1260) Using 8 workers of 8 for evacuation
[2026-01-16T11:35:13.047+0000][gc,mmu      ] GC(1260) MMU target violated: 201.0ms (200.0ms/201.0ms)
[2026-01-16T11:35:13.054+0000][gc,phases   ] GC(1260)   Pre Evacuate Collection Set: 51.5ms
[2026-01-16T11:35:13.070+0000][gc,phases   ] GC(1260)   Merge Heap Roots: 39.7ms
[2026-01-16T11:35:13.076+0000][gc,phases   ] GC(1260)   Evacuate Collection Set: 848.6ms
[2026-01-16T11:35:13.079+0000][gc,phases   ] GC(1260)   Post Evacuate Collection Set: 64.6ms
[2026-01-16T11:35:13.079+0000][gc,phases   ] GC(1260)   Other: 15.6ms
[2026-01-16T11:35:13.079+0000][gc,heap     ] GC(1260) Eden regions: 47->0(47)
[2026-01-16T11:35:13.080+0000][gc,heap     ] GC(1260) Survivor regions: 4->4(7)
[2026-01-16T11:35:13.080+0000][gc,heap     ] GC(1260) Old regions: 74->74
[2026-01-16T11:35:13.081+0000][gc,heap     ] GC(1260) Humongous regions: 38->38
[2026-01-16T11:35:13.081+0000][gc,metaspace] GC(1260) Metaspace: 13238K(13760K)->13238K(13760K) NonClass: 12125K(12352K)->12125K(12352K) Class: 1112K(1408K)->1112K(1408K)
[2026-01-16T11:35:13.082+0000][gc          ] GC(1260) Pause Young (Normal) (G1 Evacuation Pause) 161M->115M(1024M) 1048.703ms
[2026-01-16T11:35:13.083+0000][gc,cpu      ] GC(1260) User=0.48s Sys=0.05s Real=1.05s
[2026-01-16T11:35:14.042+0000][gc,start    ] GC(1261) Pause Young (Normal) (G1 Evacuation Pause)
[2026-01-16T11:35:14.044+0000][gc,task     ] GC(1261) Using 8 workers of 8 for evacuation
[2026-01-16T11:35:14.355+0000][gc,mmu      ] GC(1261) MMU target violated: 201.0ms (200.0ms/201.0ms)
[2026-01-16T11:35:14.355+0000][gc,phases   ] GC(1261)   Pre Evacuate Collection Set: 32.6ms
[2026-01-16T11:35:14.356+0000][gc,phases   ] GC(1261)   Merge Heap Roots: 9.5ms
[2026-01-16T11:35:14.356+0000][gc,phases   ] GC(1261)   Evacuate Collection Set: 246.1ms
[2026-01-16T11:35:14.358+0000][gc,phases   ] GC(1261)   Post Evacuate Collection Set: 18.7ms
[2026-01-16T11:35:14.360+0000][gc,phases   ] GC(1261)   Other: 4.9ms
[2026-01-16T11:35:14.361+0000][gc,heap     ] GC(1261) Eden regions: 47->0(46)
[2026-01-16T11:35:14.362+0000][gc,heap     ] GC(1261) Survivor regions: 4->5(7)
[2026-01-16T11:35:14.363+0000][gc,heap     ] GC(1261) Old regions: 74->74
[2026-01-16T11:35:14.364+0000][gc,heap     ] GC(1261) Humongous regions: 38->38
[2026-01-16T11:35:14.365+0000][gc,metaspace] GC(1261) Metaspace: 13238K(13760K)->13238K(13760K) NonClass: 12125K(12352K)->12125K(12352K) Class: 1112K(1408K)->1112K(1408K)
[2026-01-16T11:35:14.367+0000][gc          ] GC(1261) Pause Young (Normal) (G1 Evacuation Pause) 162M->115M(1024M) 325.066ms
[2026-01-16T11:35:14.367+0000][gc,cpu      ] GC(1261) User=0.18s Sys=0.01s Real=0.32s
[2026-01-16T11:35:15.615+0000][gc,start    ] GC(1262) Pause Young (Normal) (G1 Evacuation Pause)
[2026-01-16T11:35:15.624+0000][gc,task     ] GC(1262) Using 8 workers of 8 for evacuation
[2026-01-16T11:35:16.233+0000][gc,mmu      ] GC(1262) MMU target violated: 201.0ms (200.0ms/201.0ms)
[2026-01-16T11:35:16.236+0000][gc,phases   ] GC(1262)   Pre Evacuate Collection Set: 27.8ms
[2026-01-16T11:35:16.236+0000][gc,phases   ] GC(1262)   Merge Heap Roots: 1.4ms
[2026-01-16T11:35:16.237+0000][gc,phases   ] GC(1262)   Evacuate Collection Set: 566.8ms
[2026-01-16T11:35:16.241+0000][gc,phases   ] GC(1262)   Post Evacuate Collection Set: 11.9ms
[2026-01-16T11:35:16.242+0000][gc,phases   ] GC(1262)   Other: 7.1ms
[2026-01-16T11:35:16.242+0000][gc,heap     ] GC(1262) Eden regions: 46->0(47)
[2026-01-16T11:35:16.242+0000][gc,heap     ] GC(1262) Survivor regions: 5->4(7)
[2026-01-16T11:35:16.243+0000][gc,heap     ] GC(1262) Old regions: 74->75
[2026-01-16T11:35:16.243+0000][gc,heap     ] GC(1262) Humongous regions: 38->38
[2026-01-16T11:35:16.243+0000][gc,metaspace] GC(1262) Metaspace: 13238K(13760K)->13238K(13760K) NonClass: 12125K(12352K)->12125K(12352K) Class: 1112K(1408K)->1112K(1408K)
[2026-01-16T11:35:16.243+0000][gc          ] GC(1262) Pause Young (Normal) (G1 Evacuation Pause) 161M->116M(1024M) 628.190ms
[2026-01-16T11:35:16.243+0000][gc,cpu      ] GC(1262) User=0.28s Sys=0.01s Real=0.63s
[2026-01-16T11:35:18.806+0000][gc,start    ] GC(1263) Pause Young (Normal) (G1 Evacuation Pause)
[2026-01-16T11:35:18.806+0000][gc,task     ] GC(1263) Using 8 workers of 8 for evacuation
[2026-01-16T11:35:19.236+0000][gc,mmu      ] GC(1263) MMU target violated: 201.0ms (200.0ms/201.0ms)
[2026-01-16T11:35:19.236+0000][gc,phases   ] GC(1263)   Pre Evacuate Collection Set: 24.8ms
[2026-01-16T11:35:19.237+0000][gc,phases   ] GC(1263)   Merge Heap Roots: 0.3ms
[2026-01-16T11:35:19.237+0000][gc,phases   ] GC(1263)   Evacuate Collection Set: 392.4ms
[2026-01-16T11:35:19.247+0000][gc,phases   ] GC(1263)   Post Evacuate Collection Set: 10.8ms
[2026-01-16T11:35:19.248+0000][gc,phases   ] GC(1263)   Other: 2.0ms
[2026-01-16T11:35:19.259+0000][gc,heap     ] GC(1263) Eden regions: 47->0(46)
[2026-01-16T11:35:19.260+0000][gc,heap     ] GC(1263) Survivor regions: 4->5(7)
[2026-01-16T11:35:19.260+0000][gc,heap     ] GC(1263) Old regions: 75->75
[2026-01-16T11:35:19.260+0000][gc,heap     ] GC(1263) Humongous regions: 38->38
[2026-01-16T11:35:19.260+0000][gc,metaspace] GC(1263) Metaspace: 13238K(13760K)->13238K(13760K) NonClass: 12125K(12352K)->12125K(12352K) Class: 1112K(1408K)->1112K(1408K)
[2026-01-16T11:35:19.302+0000][gc          ] GC(1263) Pause Young (Normal) (G1 Evacuation Pause) 163M->116M(1024M) 496.961ms
[2026-01-16T11:35:19.303+0000][gc,cpu      ] GC(1263) User=0.24s Sys=0.01s Real=0.50s
[2026-01-16T11:35:20.582+0000][gc,start    ] GC(1264) Pause Young (Normal) (G1 Evacuation Pause)
[2026-01-16T11:35:20.583+0000][gc,task     ] GC(1264) Using 8 workers of 8 for evacuation
[2026-01-16T11:35:20.965+0000][gc,mmu      ] GC(1264) MMU target violated: 201.0ms (200.0ms/201.0ms)
[2026-01-16T11:35:20.967+0000][gc,phases   ] GC(1264)   Pre Evacuate Collection Set: 32.7ms
[2026-01-16T11:35:20.975+0000][gc,phases   ] GC(1264)   Merge Heap Roots: 5.3ms
[2026-01-16T11:35:20.976+0000][gc,phases   ] GC(1264)   Evacuate Collection Set: 322.6ms
[2026-01-16T11:35:20.977+0000][gc,phases   ] GC(1264)   Post Evacuate Collection Set: 20.2ms
[2026-01-16T11:35:20.977+0000][gc,phases   ] GC(1264)   Other: 3.6ms
[2026-01-16T11:35:20.981+0000][gc,heap     ] GC(1264) Eden regions: 46->0(47)
[2026-01-16T11:35:20.981+0000][gc,heap     ] GC(1264) Survivor regions: 5->4(7)
[2026-01-16T11:35:20.990+0000][gc,heap     ] GC(1264) Old regions: 75->76
[2026-01-16T11:35:20.992+0000][gc,heap     ] GC(1264) Humongous regions: 38->38
[2026-01-16T11:35:20.993+0000][gc,metaspace] GC(1264) Metaspace: 13238K(13760K)->13238K(13760K) NonClass: 12125K(12352K)->12125K(12352K) Class: 1112K(1408K)->1112K(1408K)
[2026-01-16T11:35:20.994+0000][gc          ] GC(1264) Pause Young (Normal) (G1 Evacuation Pause) 162M->117M(1024M) 412.573ms
[2026-01-16T11:35:20.995+0000][gc,cpu      ] GC(1264) User=0.21s Sys=0.01s Real=0.41s
[2026-01-16T11:35:21.939+0000][gc,start    ] GC(1265) Pause Young (Normal) (G1 Evacuation Pause)
[2026-01-16T11:35:21.946+0000][gc,task     ] GC(1265) Using 8 workers of 8 for evacuation
[2026-01-16T11:35:22.276+0000][gc,mmu      ] GC(1265) MMU target violated: 201.0ms (200.0ms/201.0ms)
[2026-01-16T11:35:22.277+0000][gc,phases   ] GC(1265)   Pre Evacuate Collection Set: 2.1ms
[2026-01-16T11:35:22.279+0000][gc,phases   ] GC(1265)   Merge Heap Roots: 0.2ms
[2026-01-16T11:35:22.280+0000][gc,phases   ] GC(1265)   Evacuate Collection Set: 304.4ms
[2026-01-16T11:35:22.282+0000][gc,phases   ] GC(1265)   Post Evacuate Collection Set: 12.7ms
[2026-01-16T11:35:22.283+0000][gc,phases   ] GC(1265)   Other: 11.4ms
[2026-01-16T11:35:22.285+0000][gc,heap     ] GC(1265) Eden regions: 47->0(47)
[2026-01-16T11:35:22.285+0000][gc,heap     ] GC(1265) Survivor regions: 4->4(7)
[2026-01-16T11:35:22.289+0000][gc,heap     ] GC(1265) Old regions: 76->77
[2026-01-16T11:35:22.290+0000][gc,heap     ] GC(1265) Humongous regions: 38->38
[2026-01-16T11:35:22.290+0000][gc,metaspace] GC(1265) Metaspace: 13238K(13760K)->13238K(13760K) NonClass: 12126K(12352K)->12126K(12352K) Class: 1112K(1408K)->1112K(1408K)
[2026-01-16T11:35:22.291+0000][gc          ] GC(1265) Pause Young (Normal) (G1 Evacuation Pause) 164M->117M(1024M) 352.452ms
[2026-01-16T11:35:22.292+0000][gc,cpu      ] GC(1265) User=0.12s Sys=0.01s Real=0.35s
[2026-01-16T11:35:24.065+0000][gc,start    ] GC(1266) Pause Young (Normal) (G1 Evacuation Pause)
[2026-01-16T11:35:24.072+0000][gc,task     ] GC(1266) Using 8 workers of 8 for evacuation
[2026-01-16T11:35:24.250+0000][gc,phases   ] GC(1266)   Pre Evacuate Collection Set: 29.7ms
[2026-01-16T11:35:24.251+0000][gc,phases   ] GC(1266)   Merge Heap Roots: 0.4ms
[2026-01-16T11:35:24.251+0000][gc,phases   ] GC(1266)   Evacuate Collection Set: 138.9ms
[2026-01-16T11:35:24.251+0000][gc,phases   ] GC(1266)   Post Evacuate Collection Set: 7.2ms
[2026-01-16T11:35:24.252+0000][gc,phases   ] GC(1266)   Other: 2.3ms
[2026-01-16T11:35:24.252+0000][gc,heap     ] GC(1266) Eden regions: 47->0(46)
[2026-01-16T11:35:24.252+0000][gc,heap     ] GC(1266) Survivor regions: 4->5(7)
[2026-01-16T11:35:24.253+0000][gc,heap     ] GC(1266) Old regions: 77->77
[2026-01-16T11:35:24.253+0000][gc,heap     ] GC(1266) Humongous regions: 38->38
[2026-01-16T11:35:24.255+0000][gc,metaspace] GC(1266) Metaspace: 13238K(13760K)->13238K(13760K) NonClass: 12126K(12352K)->12126K(12352K) Class: 1112K(1408K)->1112K(1408K)
[2026-01-16T11:35:24.257+0000][gc          ] GC(1266) Pause Young (Normal) (G1 Evacuation Pause) 164M->118M(1024M) 192.022ms
[2026-01-16T11:35:24.257+0000][gc,cpu      ] GC(1266) User=0.08s Sys=0.01s Real=0.19s
[2026-01-16T11:35:24.984+0000][gc,start    ] GC(1267) Pause Young (Normal) (G1 Evacuation Pause)
[2026-01-16T11:35:24.984+0000][gc,task     ] GC(1267) Using 8 workers of 8 for evacuation
[2026-01-16T11:35:25.158+0000][gc,phases   ] GC(1267)   Pre Evacuate Collection Set: 0.7ms
[2026-01-16T11:35:25.161+0000][gc,phases   ] GC(1267)   Merge Heap Roots: 0.1ms
[2026-01-16T11:35:25.161+0000][gc,phases   ] GC(1267)   Evacuate Collection Set: 165.5ms
[2026-01-16T11:35:25.161+0000][gc,phases   ] GC(1267)   Post Evacuate Collection Set: 7.8ms
[2026-01-16T11:35:25.161+0000][gc,phases   ] GC(1267)   Other: 0.4ms
[2026-01-16T11:35:25.161+0000][gc,heap     ] GC(1267) Eden regions: 46->0(46)
[2026-01-16T11:35:25.161+0000][gc,heap     ] GC(1267) Survivor regions: 5->5(7)
[2026-01-16T11:35:25.162+0000][gc,heap     ] GC(1267) Old regions: 77->77
[2026-01-16T11:35:25.162+0000][gc,heap     ] GC(1267) Humongous regions: 38->38
[2026-01-16T11:35:25.162+0000][gc,metaspace] GC(1267) Metaspace: 13238K(13760K)->13238K(13760K) NonClass: 12126K(12352K)->12126K(12352K) Class: 1112K(1408K)->1112K(1408K)
[2026-01-16T11:35:25.162+0000][gc          ] GC(1267) Pause Young (Normal) (G1 Evacuation Pause) 164M->119M(1024M) 178.090ms
[2026-01-16T11:35:25.162+0000][gc,cpu      ] GC(1267) User=0.10s Sys=0.01s Real=0.18s
[2026-01-16T11:35:25.617+0000][gc,start    ] GC(1268) Pause Young (Normal) (G1 Evacuation Pause)
[2026-01-16T11:35:25.628+0000][gc,task     ] GC(1268) Using 8 workers of 8 for evacuation
[2026-01-16T11:35:25.881+0000][gc,mmu      ] GC(1268) MMU target violated: 201.0ms (200.0ms/201.0ms)
[2026-01-16T11:35:25.882+0000][gc,phases   ] GC(1268)   Pre Evacuate Collection Set: 16.0ms
[2026-01-16T11:35:25.882+0000][gc,phases   ] GC(1268)   Merge Heap Roots: 2.5ms
[2026-01-16T11:35:25.882+0000][gc,phases   ] GC(1268)   Evacuate Collection Set: 230.1ms
[2026-01-16T11:35:25.884+0000][gc,phases   ] GC(1268)   Post Evacuate Collection Set: 3.8ms
[2026-01-16T11:35:25.885+0000][gc,phases   ] GC(1268)   Other: 1.9ms
[2026-01-16T11:35:25.886+0000][gc,heap     ] GC(1268) Eden regions: 46->0(46)
[2026-01-16T11:35:25.891+0000][gc,heap     ] GC(1268) Survivor regions: 5->5(7)
[2026-01-16T11:35:25.893+0000][gc,heap     ] GC(1268) Old regions: 77->78
[2026-01-16T11:35:25.894+0000][gc,heap     ] GC(1268) Humongous regions: 38->38
[2026-01-16T11:35:25.894+0000][gc,metaspace] GC(1268) Metaspace: 13238K(13760K)->13238K(13760K) NonClass: 12126K(12352K)->12126K(12352K) Class: 1112K(1408K)->1112K(1408K)
[2026-01-16T11:35:25.895+0000][gc          ] GC(1268) Pause Young (Normal) (G1 Evacuation Pause) 165M->119M(1024M) 277.810ms
[2026-01-16T11:35:25.895+0000][gc,cpu      ] GC(1268) User=0.16s Sys=0.02s Real=0.28s
[2026-01-16T11:35:26.497+0000][gc,start    ] GC(1269) Pause Young (Normal) (G1 Evacuation Pause)
[2026-01-16T11:35:26.498+0000][gc,task     ] GC(1269) Using 8 workers of 8 for evacuation
[2026-01-16T11:35:26.550+0000][gc,phases   ] GC(1269)   Pre Evacuate Collection Set: 4.1ms
[2026-01-16T11:35:26.550+0000][gc,phases   ] GC(1269)   Merge Heap Roots: 0.2ms
[2026-01-16T11:35:26.560+0000][gc,phases   ] GC(1269)   Evacuate Collection Set: 45.6ms
[2026-01-16T11:35:26.561+0000][gc,phases   ] GC(1269)   Post Evacuate Collection Set: 1.5ms
[2026-01-16T11:35:26.561+0000][gc,phases   ] GC(1269)   Other: 0.4ms
[2026-01-16T11:35:26.562+0000][gc,heap     ] GC(1269) Eden regions: 46->0(46)
[2026-01-16T11:35:26.562+0000][gc,heap     ] GC(1269) Survivor regions: 5->5(7)
[2026-01-16T11:35:26.563+0000][gc,heap     ] GC(1269) Old regions: 78->79
[2026-01-16T11:35:26.567+0000][gc,heap     ] GC(1269) Humongous regions: 38->38
[2026-01-16T11:35:26.568+0000][gc,metaspace] GC(1269) Metaspace: 13238K(13760K)->13238K(13760K) NonClass: 12126K(12352K)->12126K(12352K) Class: 1112K(1408K)->1112K(1408K)
[2026-01-16T11:35:26.570+0000][gc          ] GC(1269) Pause Young (Normal) (G1 Evacuation Pause) 165M->120M(1024M) 72.913ms
[2026-01-16T11:35:26.571+0000][gc,cpu      ] GC(1269) User=0.08s Sys=0.00s Real=0.08s
[2026-01-16T11:35:27.514+0000][gc,start    ] GC(1270) Pause Young (Normal) (G1 Evacuation Pause)
[2026-01-16T11:35:27.516+0000][gc,task     ] GC(1270) Using 8 workers of 8 for evacuation
[2026-01-16T11:35:27.702+0000][gc,phases   ] GC(1270)   Pre Evacuate Collection Set: 17.9ms
[2026-01-16T11:35:27.704+0000][gc,phases   ] GC(1270)   Merge Heap Roots: 12.9ms
[2026-01-16T11:35:27.711+0000][gc,phases   ] GC(1270)   Evacuate Collection Set: 137.1ms
[2026-01-16T11:35:27.712+0000][gc,phases   ] GC(1270)   Post Evacuate Collection Set: 15.2ms
[2026-01-16T11:35:27.712+0000][gc,phases   ] GC(1270)   Other: 3.7ms
[2026-01-16T11:35:27.712+0000][gc,heap     ] GC(1270) Eden regions: 46->0(46)
[2026-01-16T11:35:27.712+0000][gc,heap     ] GC(1270) Survivor regions: 5->5(7)
[2026-01-16T11:35:27.712+0000][gc,heap     ] GC(1270) Old regions: 79->79
[2026-01-16T11:35:27.713+0000][gc,heap     ] GC(1270) Humongous regions: 38->38
[2026-01-16T11:35:27.713+0000][gc,metaspace] GC(1270) Metaspace: 13238K(13760K)->13238K(13760K) NonClass: 12126K(12352K)->12126K(12352K) Class: 1112K(1408K)->1112K(1408K)
[2026-01-16T11:35:27.713+0000][gc          ] GC(1270) Pause Young (Normal) (G1 Evacuation Pause) 166M->120M(1024M) 198.902ms
[2026-01-16T11:35:27.713+0000][gc,cpu      ] GC(1270) User=0.13s Sys=0.01s Real=0.20s
[2026-01-16T11:35:34.649+0000][gc,start    ] GC(1271) Pause Young (Normal) (G1 Evacuation Pause)
[2026-01-16T11:35:34.653+0000][gc,task     ] GC(1271) Using 8 workers of 8 for evacuation
[2026-01-16T11:35:35.138+0000][gc,mmu      ] GC(1271) MMU target violated: 201.0ms (200.0ms/201.0ms)
[2026-01-16T11:35:35.140+0000][gc,phases   ] GC(1271)   Pre Evacuate Collection Set: 58.6ms
[2026-01-16T11:35:35.141+0000][gc,phases   ] GC(1271)   Merge Heap Roots: 7.9ms
[2026-01-16T11:35:35.142+0000][gc,phases   ] GC(1271)   Evacuate Collection Set: 367.0ms
[2026-01-16T11:35:35.143+0000][gc,phases   ] GC(1271)   Post Evacuate Collection Set: 49.4ms
[2026-01-16T11:35:35.144+0000][gc,phases   ] GC(1271)   Other: 4.1ms
[2026-01-16T11:35:35.144+0000][gc,heap     ] GC(1271) Eden regions: 46->0(48)
[2026-01-16T11:35:35.146+0000][gc,heap     ] GC(1271) Survivor regions: 5->3(7)
[2026-01-16T11:35:35.146+0000][gc,heap     ] GC(1271) Old regions: 79->80
[2026-01-16T11:35:35.147+0000][gc,heap     ] GC(1271) Humongous regions: 38->38
[2026-01-16T11:35:35.148+0000][gc,metaspace] GC(1271) Metaspace: 13238K(13760K)->13238K(13760K) NonClass: 12126K(12352K)->12126K(12352K) Class: 1112K(1408K)->1112K(1408K)
[2026-01-16T11:35:35.149+0000][gc          ] GC(1271) Pause Young (Normal) (G1 Evacuation Pause) 166M->120M(1024M) 500.845ms
[2026-01-16T11:35:35.150+0000][gc,cpu      ] GC(1271) User=0.24s Sys=0.01s Real=0.50s
[2026-01-16T11:35:37.548+0000][gc,start    ] GC(1272) Pause Young (Normal) (G1 Evacuation Pause)
[2026-01-16T11:35:37.549+0000][gc,task     ] GC(1272) Using 8 workers of 8 for evacuation
[2026-01-16T11:35:37.824+0000][gc,mmu      ] GC(1272) MMU target violated: 201.0ms (200.0ms/201.0ms)
[2026-01-16T11:35:37.827+0000][gc,phases   ] GC(1272)   Pre Evacuate Collection Set: 28.7ms
[2026-01-16T11:35:37.827+0000][gc,phases   ] GC(1272)   Merge Heap Roots: 3.7ms
[2026-01-16T11:35:37.829+0000][gc,phases   ] GC(1272)   Evacuate Collection Set: 233.7ms
[2026-01-16T11:35:37.830+0000][gc,phases   ] GC(1272)   Post Evacuate Collection Set: 2.8ms
[2026-01-16T11:35:37.831+0000][gc,phases   ] GC(1272)   Other: 9.1ms
[2026-01-16T11:35:37.833+0000][gc,heap     ] GC(1272) Eden regions: 48->0(47)
[2026-01-16T11:35:37.836+0000][gc,heap     ] GC(1272) Survivor regions: 3->4(7)
[2026-01-16T11:35:37.837+0000][gc,heap     ] GC(1272) Old regions: 80->80
[2026-01-16T11:35:37.839+0000][gc,heap     ] GC(1272) Humongous regions: 38->38
[2026-01-16T11:35:37.841+0000][gc,metaspace] GC(1272) Metaspace: 13238K(13760K)->13238K(13760K) NonClass: 12126K(12352K)->12126K(12352K) Class: 1112K(1408K)->1112K(1408K)
[2026-01-16T11:35:37.842+0000][gc          ] GC(1272) Pause Young (Normal) (G1 Evacuation Pause) 168M->120M(1024M) 293.993ms
[2026-01-16T11:35:37.842+0000][gc,cpu      ] GC(1272) User=0.10s Sys=0.01s Real=0.30s
[2026-01-16T11:35:38.524+0000][gc,start    ] GC(1273) Pause Young (Normal) (G1 Evacuation Pause)
[2026-01-16T11:35:38.530+0000][gc,task     ] GC(1273) Using 8 workers of 8 for evacuation
[2026-01-16T11:35:38.560+0000][gc,phases   ] GC(1273)   Pre Evacuate Collection Set: 1.9ms
[2026-01-16T11:35:38.563+0000][gc,phases   ] GC(1273)   Merge Heap Roots: 0.1ms
[2026-01-16T11:35:38.564+0000][gc,phases   ] GC(1273)   Evacuate Collection Set: 26.2ms
[2026-01-16T11:35:38.564+0000][gc,phases   ] GC(1273)   Post Evacuate Collection Set: 1.0ms
[2026-01-16T11:35:38.566+0000][gc,phases   ] GC(1273)   Other: 1.0ms
[2026-01-16T11:35:38.566+0000][gc,heap     ] GC(1273) Eden regions: 47->0(47)
[2026-01-16T11:35:38.567+0000][gc,heap     ] GC(1273) Survivor regions: 4->4(7)
[2026-01-16T11:35:38.567+0000][gc,heap     ] GC(1273) Old regions: 80->80
[2026-01-16T11:35:38.568+0000][gc,heap     ] GC(1273) Humongous regions: 38->38
[2026-01-16T11:35:38.568+0000][gc,metaspace] GC(1273) Metaspace: 13238K(13760K)->13238K(13760K) NonClass: 12126K(12352K)->12126K(12352K) Class: 1112K(1408K)->1112K(1408K)
[2026-01-16T11:35:38.569+0000][gc          ] GC(1273) Pause Young (Normal) (G1 Evacuation Pause) 167M->121M(1024M) 45.389ms
[2026-01-16T11:35:38.570+0000][gc,cpu      ] GC(1273) User=0.02s Sys=0.00s Real=0.05s
[2026-01-16T11:35:45.498+0000][gc,start    ] GC(1274) Pause Young (Normal) (G1 Evacuation Pause)
[2026-01-16T11:35:45.507+0000][gc,task     ] GC(1274) Using 8 workers of 8 for evacuation
[2026-01-16T11:35:45.723+0000][gc,mmu      ] GC(1274) MMU target violated: 201.0ms (200.0ms/201.0ms)
[2026-01-16T11:35:45.725+0000][gc,phases   ] GC(1274)   Pre Evacuate Collection Set: 15.5ms
[2026-01-16T11:35:45.726+0000][gc,phases   ] GC(1274)   Merge Heap Roots: 2.9ms
[2026-01-16T11:35:45.727+0000][gc,phases   ] GC(1274)   Evacuate Collection Set: 188.7ms
[2026-01-16T11:35:45.729+0000][gc,phases   ] GC(1274)   Post Evacuate Collection Set: 8.2ms
[2026-01-16T11:35:45.730+0000][gc,phases   ] GC(1274)   Other: 9.3ms
[2026-01-16T11:35:45.730+0000][gc,heap     ] GC(1274) Eden regions: 47->0(48)
[2026-01-16T11:35:45.730+0000][gc,heap     ] GC(1274) Survivor regions: 4->3(7)
[2026-01-16T11:35:45.731+0000][gc,heap     ] GC(1274) Old regions: 80->80
[2026-01-16T11:35:45.731+0000][gc,heap     ] GC(1274) Humongous regions: 38->38
[2026-01-16T11:35:45.732+0000][gc,metaspace] GC(1274) Metaspace: 13238K(13760K)->13238K(13760K) NonClass: 12126K(12352K)->12126K(12352K) Class: 1112K(1408K)->1112K(1408K)
[2026-01-16T11:35:45.734+0000][gc          ] GC(1274) Pause Young (Normal) (G1 Evacuation Pause) 168M->120M(1024M) 236.454ms
[2026-01-16T11:35:45.737+0000][gc,cpu      ] GC(1274) User=0.20s Sys=0.01s Real=0.24s
[2026-01-16T11:35:46.652+0000][gc,start    ] GC(1275) Pause Young (Normal) (G1 Evacuation Pause)
[2026-01-16T11:35:46.654+0000][gc,task     ] GC(1275) Using 8 workers of 8 for evacuation
[2026-01-16T11:35:46.728+0000][gc,phases   ] GC(1275)   Pre Evacuate Collection Set: 2.2ms
[2026-01-16T11:35:46.732+0000][gc,phases   ] GC(1275)   Merge Heap Roots: 0.1ms
[2026-01-16T11:35:46.733+0000][gc,phases   ] GC(1275)   Evacuate Collection Set: 66.0ms
[2026-01-16T11:35:46.733+0000][gc,phases   ] GC(1275)   Post Evacuate Collection Set: 4.2ms
[2026-01-16T11:35:46.733+0000][gc,phases   ] GC(1275)   Other: 1.3ms
[2026-01-16T11:35:46.733+0000][gc,heap     ] GC(1275) Eden regions: 48->0(47)
[2026-01-16T11:35:46.733+0000][gc,heap     ] GC(1275) Survivor regions: 3->4(7)
[2026-01-16T11:35:46.733+0000][gc,heap     ] GC(1275) Old regions: 80->80
[2026-01-16T11:35:46.733+0000][gc,heap     ] GC(1275) Humongous regions: 38->38
[2026-01-16T11:35:46.733+0000][gc,metaspace] GC(1275) Metaspace: 13238K(13760K)->13238K(13760K) NonClass: 12126K(12352K)->12126K(12352K) Class: 1112K(1408K)->1112K(1408K)
[2026-01-16T11:35:46.735+0000][gc          ] GC(1275) Pause Young (Normal) (G1 Evacuation Pause) 168M->121M(1024M) 82.475ms
[2026-01-16T11:35:46.736+0000][gc,cpu      ] GC(1275) User=0.04s Sys=0.00s Real=0.08s
[2026-01-16T11:35:54.713+0000][gc,start    ] GC(1276) Pause Young (Normal) (G1 Evacuation Pause)
[2026-01-16T11:35:54.732+0000][gc,task     ] GC(1276) Using 8 workers of 8 for evacuation
[2026-01-16T11:35:54.897+0000][gc,phases   ] GC(1276)   Pre Evacuate Collection Set: 24.8ms
[2026-01-16T11:35:54.898+0000][gc,phases   ] GC(1276)   Merge Heap Roots: 1.7ms
[2026-01-16T11:35:54.898+0000][gc,phases   ] GC(1276)   Evacuate Collection Set: 118.4ms
[2026-01-16T11:35:54.899+0000][gc,phases   ] GC(1276)   Post Evacuate Collection Set: 18.6ms
[2026-01-16T11:35:54.899+0000][gc,phases   ] GC(1276)   Other: 1.8ms
[2026-01-16T11:35:54.900+0000][gc,heap     ] GC(1276) Eden regions: 47->0(120)
[2026-01-16T11:35:54.902+0000][gc,heap     ] GC(1276) Survivor regions: 4->3(7)
[2026-01-16T11:35:54.902+0000][gc,heap     ] GC(1276) Old regions: 80->80
[2026-01-16T11:35:54.902+0000][gc,heap     ] GC(1276) Humongous regions: 38->38
[2026-01-16T11:35:54.917+0000][gc,metaspace] GC(1276) Metaspace: 13238K(13760K)->13238K(13760K) NonClass: 12126K(12352K)->12126K(12352K) Class: 1112K(1408K)->1112K(1408K)
[2026-01-16T11:35:54.924+0000][gc          ] GC(1276) Pause Young (Normal) (G1 Evacuation Pause) 168M->120M(1024M) 210.770ms
[2026-01-16T11:35:54.927+0000][gc,cpu      ] GC(1276) User=0.17s Sys=0.03s Real=0.21s
[2026-01-16T11:36:04.555+0000][gc,start    ] GC(1277) Pause Young (Normal) (G1 Evacuation Pause)
[2026-01-16T11:36:04.562+0000][gc,task     ] GC(1277) Using 8 workers of 8 for evacuation
[2026-01-16T11:36:04.728+0000][gc,phases   ] GC(1277)   Pre Evacuate Collection Set: 17.9ms
[2026-01-16T11:36:04.729+0000][gc,phases   ] GC(1277)   Merge Heap Roots: 3.4ms
[2026-01-16T11:36:04.730+0000][gc,phases   ] GC(1277)   Evacuate Collection Set: 96.4ms
[2026-01-16T11:36:04.730+0000][gc,phases   ] GC(1277)   Post Evacuate Collection Set: 36.5ms
[2026-01-16T11:36:04.731+0000][gc,phases   ] GC(1277)   Other: 11.5ms
[2026-01-16T11:36:04.731+0000][gc,heap     ] GC(1277) Eden regions: 108->0(141)
[2026-01-16T11:36:04.731+0000][gc,heap     ] GC(1277) Survivor regions: 3->3(14)
[2026-01-16T11:36:04.732+0000][gc,heap     ] GC(1277) Old regions: 80->80
[2026-01-16T11:36:04.732+0000][gc,heap     ] GC(1277) Humongous regions: 38->38
[2026-01-16T11:36:04.733+0000][gc,metaspace] GC(1277) Metaspace: 13238K(13760K)->13238K(13760K) NonClass: 12126K(12352K)->12126K(12352K) Class: 1112K(1408K)->1112K(1408K)
[2026-01-16T11:36:04.733+0000][gc          ] GC(1277) Pause Young (Normal) (G1 Evacuation Pause) 228M->120M(1024M) 177.909ms
[2026-01-16T11:36:04.734+0000][gc,cpu      ] GC(1277) User=0.19s Sys=0.01s Real=0.18s
[2026-01-16T11:36:15.183+0000][gc,start    ] GC(1278) Pause Young (Normal) (G1 Evacuation Pause)
[2026-01-16T11:36:15.186+0000][gc,task     ] GC(1278) Using 8 workers of 8 for evacuation
[2026-01-16T11:36:15.373+0000][gc,phases   ] GC(1278)   Pre Evacuate Collection Set: 16.0ms
[2026-01-16T11:36:15.374+0000][gc,phases   ] GC(1278)   Merge Heap Roots: 0.5ms
[2026-01-16T11:36:15.374+0000][gc,phases   ] GC(1278)   Evacuate Collection Set: 139.7ms
[2026-01-16T11:36:15.374+0000][gc,phases   ] GC(1278)   Post Evacuate Collection Set: 28.1ms
[2026-01-16T11:36:15.374+0000][gc,phases   ] GC(1278)   Other: 2.3ms
[2026-01-16T11:36:15.374+0000][gc,heap     ] GC(1278) Eden regions: 133->0(165)
[2026-01-16T11:36:15.375+0000][gc,heap     ] GC(1278) Survivor regions: 3->3(17)
[2026-01-16T11:36:15.375+0000][gc,heap     ] GC(1278) Old regions: 80->80
[2026-01-16T11:36:15.375+0000][gc,heap     ] GC(1278) Humongous regions: 38->38
[2026-01-16T11:36:15.375+0000][gc,metaspace] GC(1278) Metaspace: 13238K(13760K)->13238K(13760K) NonClass: 12126K(12352K)->12126K(12352K) Class: 1112K(1408K)->1112K(1408K)
[2026-01-16T11:36:15.376+0000][gc          ] GC(1278) Pause Young (Normal) (G1 Evacuation Pause) 253M->120M(1024M) 193.020ms
[2026-01-16T11:36:15.376+0000][gc,cpu      ] GC(1278) User=0.25s Sys=0.01s Real=0.19s
[2026-01-16T11:36:30.649+0000][gc,start    ] GC(1279) Pause Young (Normal) (G1 Evacuation Pause)
[2026-01-16T11:36:30.650+0000][gc,task     ] GC(1279) Using 8 workers of 8 for evacuation
[2026-01-16T11:36:30.997+0000][gc,mmu      ] GC(1279) MMU target violated: 201.0ms (200.0ms/201.0ms)
[2026-01-16T11:36:31.002+0000][gc,phases   ] GC(1279)   Pre Evacuate Collection Set: 23.4ms
[2026-01-16T11:36:31.008+0000][gc,phases   ] GC(1279)   Merge Heap Roots: 2.8ms
[2026-01-16T11:36:31.009+0000][gc,phases   ] GC(1279)   Evacuate Collection Set: 304.3ms
[2026-01-16T11:36:31.009+0000][gc,phases   ] GC(1279)   Post Evacuate Collection Set: 15.0ms
[2026-01-16T11:36:31.010+0000][gc,phases   ] GC(1279)   Other: 6.9ms
[2026-01-16T11:36:31.010+0000][gc,heap     ] GC(1279) Eden regions: 187->0(47)
[2026-01-16T11:36:31.010+0000][gc,heap     ] GC(1279) Survivor regions: 3->4(24)
[2026-01-16T11:36:31.015+0000][gc,heap     ] GC(1279) Old regions: 80->80
[2026-01-16T11:36:31.016+0000][gc,heap     ] GC(1279) Humongous regions: 38->38
[2026-01-16T11:36:31.019+0000][gc,metaspace] GC(1279) Metaspace: 13238K(13760K)->13238K(13760K) NonClass: 12126K(12352K)->12126K(12352K) Class: 1112K(1408K)->1112K(1408K)
[2026-01-16T11:36:31.020+0000][gc          ] GC(1279) Pause Young (Normal) (G1 Evacuation Pause) 307M->121M(1024M) 371.085ms
[2026-01-16T11:36:31.022+0000][gc,cpu      ] GC(1279) User=0.34s Sys=0.00s Real=0.37s
[2026-01-16T11:36:36.350+0000][gc,start    ] GC(1280) Pause Young (Normal) (G1 Evacuation Pause)
[2026-01-16T11:36:36.352+0000][gc,task     ] GC(1280) Using 8 workers of 8 for evacuation
[2026-01-16T11:36:36.689+0000][gc,mmu      ] GC(1280) MMU target violated: 201.0ms (200.0ms/201.0ms)
[2026-01-16T11:36:36.689+0000][gc,phases   ] GC(1280)   Pre Evacuate Collection Set: 41.1ms
[2026-01-16T11:36:36.690+0000][gc,phases   ] GC(1280)   Merge Heap Roots: 4.7ms
[2026-01-16T11:36:36.691+0000][gc,phases   ] GC(1280)   Evacuate Collection Set: 250.3ms
[2026-01-16T11:36:36.691+0000][gc,phases   ] GC(1280)   Post Evacuate Collection Set: 39.1ms
[2026-01-16T11:36:36.691+0000][gc,phases   ] GC(1280)   Other: 1.9ms
[2026-01-16T11:36:36.692+0000][gc,heap     ] GC(1280) Eden regions: 47->0(48)
[2026-01-16T11:36:36.692+0000][gc,heap     ] GC(1280) Survivor regions: 4->3(7)
[2026-01-16T11:36:36.693+0000][gc,heap     ] GC(1280) Old regions: 80->80
[2026-01-16T11:36:36.694+0000][gc,heap     ] GC(1280) Humongous regions: 38->38
[2026-01-16T11:36:36.695+0000][gc,metaspace] GC(1280) Metaspace: 13238K(13760K)->13238K(13760K) NonClass: 12126K(12352K)->12126K(12352K) Class: 1112K(1408K)->1112K(1408K)
[2026-01-16T11:36:36.701+0000][gc          ] GC(1280) Pause Young (Normal) (G1 Evacuation Pause) 168M->120M(1024M) 350.578ms
[2026-01-16T11:36:36.702+0000][gc,cpu      ] GC(1280) User=0.27s Sys=0.02s Real=0.36s
[2026-01-16T11:36:38.012+0000][gc,start    ] GC(1281) Pause Young (Normal) (G1 Evacuation Pause)
[2026-01-16T11:36:38.017+0000][gc,task     ] GC(1281) Using 8 workers of 8 for evacuation
[2026-01-16T11:36:38.227+0000][gc,mmu      ] GC(1281) MMU target violated: 201.0ms (200.0ms/201.0ms)
[2026-01-16T11:36:38.230+0000][gc,phases   ] GC(1281)   Pre Evacuate Collection Set: 19.4ms
[2026-01-16T11:36:38.230+0000][gc,phases   ] GC(1281)   Merge Heap Roots: 1.6ms
[2026-01-16T11:36:38.231+0000][gc,phases   ] GC(1281)   Evacuate Collection Set: 186.1ms
[2026-01-16T11:36:38.231+0000][gc,phases   ] GC(1281)   Post Evacuate Collection Set: 2.8ms
[2026-01-16T11:36:38.236+0000][gc,phases   ] GC(1281)   Other: 3.5ms
[2026-01-16T11:36:38.236+0000][gc,heap     ] GC(1281) Eden regions: 48->0(48)
[2026-01-16T11:36:38.246+0000][gc,heap     ] GC(1281) Survivor regions: 3->3(7)
[2026-01-16T11:36:38.247+0000][gc,heap     ] GC(1281) Old regions: 80->81
[2026-01-16T11:36:38.248+0000][gc,heap     ] GC(1281) Humongous regions: 38->38
[2026-01-16T11:36:38.251+0000][gc,metaspace] GC(1281) Metaspace: 13238K(13760K)->13238K(13760K) NonClass: 12126K(12352K)->12126K(12352K) Class: 1112K(1408K)->1112K(1408K)
[2026-01-16T11:36:38.253+0000][gc          ] GC(1281) Pause Young (Normal) (G1 Evacuation Pause) 168M->121M(1024M) 241.629ms
[2026-01-16T11:36:38.254+0000][gc,cpu      ] GC(1281) User=0.12s Sys=0.01s Real=0.25s
[2026-01-16T11:36:44.488+0000][gc,start    ] GC(1282) Pause Young (Normal) (G1 Evacuation Pause)
[2026-01-16T11:36:44.490+0000][gc,task     ] GC(1282) Using 8 workers of 8 for evacuation
[2026-01-16T11:36:44.552+0000][gc,phases   ] GC(1282)   Pre Evacuate Collection Set: 14.7ms
[2026-01-16T11:36:44.552+0000][gc,phases   ] GC(1282)   Merge Heap Roots: 0.5ms
[2026-01-16T11:36:44.553+0000][gc,phases   ] GC(1282)   Evacuate Collection Set: 40.6ms
[2026-01-16T11:36:44.553+0000][gc,phases   ] GC(1282)   Post Evacuate Collection Set: 5.1ms
[2026-01-16T11:36:44.554+0000][gc,phases   ] GC(1282)   Other: 1.2ms
[2026-01-16T11:36:44.554+0000][gc,heap     ] GC(1282) Eden regions: 48->0(202)
[2026-01-16T11:36:44.555+0000][gc,heap     ] GC(1282) Survivor regions: 3->2(7)
[2026-01-16T11:36:44.555+0000][gc,heap     ] GC(1282) Old regions: 81->82
[2026-01-16T11:36:44.555+0000][gc,heap     ] GC(1282) Humongous regions: 38->38
[2026-01-16T11:36:44.555+0000][gc,metaspace] GC(1282) Metaspace: 13238K(13760K)->13238K(13760K) NonClass: 12126K(12352K)->12126K(12352K) Class: 1112K(1408K)->1112K(1408K)
[2026-01-16T11:36:44.555+0000][gc          ] GC(1282) Pause Young (Normal) (G1 Evacuation Pause) 169M->120M(1024M) 66.659ms
[2026-01-16T11:36:44.556+0000][gc,cpu      ] GC(1282) User=0.11s Sys=0.00s Real=0.07s
[2026-01-16T11:36:58.455+0000][gc,start    ] GC(1283) Pause Young (Normal) (G1 Evacuation Pause)
[2026-01-16T11:36:58.461+0000][gc,task     ] GC(1283) Using 8 workers of 8 for evacuation
[2026-01-16T11:36:58.674+0000][gc,mmu      ] GC(1283) MMU target violated: 201.0ms (200.0ms/201.0ms)
[2026-01-16T11:36:58.675+0000][gc,phases   ] GC(1283)   Pre Evacuate Collection Set: 14.9ms
[2026-01-16T11:36:58.675+0000][gc,phases   ] GC(1283)   Merge Heap Roots: 3.0ms
[2026-01-16T11:36:58.676+0000][gc,phases   ] GC(1283)   Evacuate Collection Set: 147.4ms
[2026-01-16T11:36:58.676+0000][gc,phases   ] GC(1283)   Post Evacuate Collection Set: 42.6ms
[2026-01-16T11:36:58.676+0000][gc,phases   ] GC(1283)   Other: 6.4ms
[2026-01-16T11:36:58.676+0000][gc,heap     ] GC(1283) Eden regions: 180->0(214)
[2026-01-16T11:36:58.677+0000][gc,heap     ] GC(1283) Survivor regions: 2->2(23)
[2026-01-16T11:36:58.677+0000][gc,heap     ] GC(1283) Old regions: 82->82
[2026-01-16T11:36:58.677+0000][gc,heap     ] GC(1283) Humongous regions: 38->38
[2026-01-16T11:36:58.680+0000][gc,metaspace] GC(1283) Metaspace: 13238K(13760K)->13238K(13760K) NonClass: 12126K(12352K)->12126K(12352K) Class: 1112K(1408K)->1112K(1408K)
[2026-01-16T11:36:58.681+0000][gc          ] GC(1283) Pause Young (Normal) (G1 Evacuation Pause) 300M->120M(1024M) 225.829ms
[2026-01-16T11:36:58.681+0000][gc,cpu      ] GC(1283) User=0.17s Sys=0.01s Real=0.22s
[2026-01-16T11:37:28.145+0000][gc,start    ] GC(1284) Pause Young (Normal) (G1 Evacuation Pause)
[2026-01-16T11:37:28.147+0000][gc,task     ] GC(1284) Using 8 workers of 8 for evacuation
[2026-01-16T11:37:28.705+0000][gc,mmu      ] GC(1284) MMU target violated: 201.0ms (200.0ms/201.0ms)
[2026-01-16T11:37:28.706+0000][gc,phases   ] GC(1284)   Pre Evacuate Collection Set: 97.0ms
[2026-01-16T11:37:28.706+0000][gc,phases   ] GC(1284)   Merge Heap Roots: 4.5ms
[2026-01-16T11:37:28.706+0000][gc,phases   ] GC(1284)   Evacuate Collection Set: 420.2ms
[2026-01-16T11:37:28.709+0000][gc,phases   ] GC(1284)   Post Evacuate Collection Set: 35.9ms
[2026-01-16T11:37:28.710+0000][gc,phases   ] GC(1284)   Other: 2.3ms
[2026-01-16T11:37:28.710+0000][gc,heap     ] GC(1284) Eden regions: 296->0(66)
[2026-01-16T11:37:28.711+0000][gc,heap     ] GC(1284) Survivor regions: 2->1(38)
[2026-01-16T11:37:28.711+0000][gc,heap     ] GC(1284) Old regions: 82->82
[2026-01-16T11:37:28.711+0000][gc,heap     ] GC(1284) Humongous regions: 38->38
[2026-01-16T11:37:28.712+0000][gc,metaspace] GC(1284) Metaspace: 13238K(13760K)->13238K(13760K) NonClass: 12126K(12352K)->12126K(12352K) Class: 1112K(1408K)->1112K(1408K)
[2026-01-16T11:37:28.712+0000][gc          ] GC(1284) Pause Young (Normal) (G1 Evacuation Pause) 416M->120M(1024M) 566.977ms
[2026-01-16T11:37:28.712+0000][gc,cpu      ] GC(1284) User=0.25s Sys=0.02s Real=0.57s
[2026-01-16T11:37:33.006+0000][gc,start    ] GC(1285) Pause Young (Normal) (G1 Evacuation Pause)
[2026-01-16T11:37:33.017+0000][gc,task     ] GC(1285) Using 8 workers of 8 for evacuation
[2026-01-16T11:37:33.318+0000][gc,mmu      ] GC(1285) MMU target violated: 201.0ms (200.0ms/201.0ms)
[2026-01-16T11:37:33.319+0000][gc,phases   ] GC(1285)   Pre Evacuate Collection Set: 29.8ms
[2026-01-16T11:37:33.319+0000][gc,phases   ] GC(1285)   Merge Heap Roots: 18.0ms
[2026-01-16T11:37:33.320+0000][gc,phases   ] GC(1285)   Evacuate Collection Set: 238.3ms
[2026-01-16T11:37:33.320+0000][gc,phases   ] GC(1285)   Post Evacuate Collection Set: 10.0ms
[2026-01-16T11:37:33.321+0000][gc,phases   ] GC(1285)   Other: 5.7ms
[2026-01-16T11:37:33.321+0000][gc,heap     ] GC(1285) Eden regions: 85->0(49)
[2026-01-16T11:37:33.322+0000][gc,heap     ] GC(1285) Survivor regions: 1->2(11)
[2026-01-16T11:37:33.328+0000][gc,heap     ] GC(1285) Old regions: 82->82
[2026-01-16T11:37:33.328+0000][gc,heap     ] GC(1285) Humongous regions: 38->38
[2026-01-16T11:37:33.329+0000][gc,metaspace] GC(1285) Metaspace: 13238K(13760K)->13238K(13760K) NonClass: 12126K(12352K)->12126K(12352K) Class: 1112K(1408K)->1112K(1408K)
[2026-01-16T11:37:33.330+0000][gc          ] GC(1285) Pause Young (Normal) (G1 Evacuation Pause) 205M->121M(1024M) 323.647ms
[2026-01-16T11:37:33.330+0000][gc,cpu      ] GC(1285) User=0.23s Sys=0.01s Real=0.33s
[2026-01-16T11:37:36.035+0000][gc,start    ] GC(1286) Pause Young (Normal) (G1 Evacuation Pause)
[2026-01-16T11:37:36.054+0000][gc,task     ] GC(1286) Using 8 workers of 8 for evacuation
[2026-01-16T11:37:36.339+0000][gc,mmu      ] GC(1286) MMU target violated: 201.0ms (200.0ms/201.0ms)
[2026-01-16T11:37:36.339+0000][gc,phases   ] GC(1286)   Pre Evacuate Collection Set: 62.7ms
[2026-01-16T11:37:36.342+0000][gc,phases   ] GC(1286)   Merge Heap Roots: 2.9ms
[2026-01-16T11:37:36.345+0000][gc,phases   ] GC(1286)   Evacuate Collection Set: 197.7ms
[2026-01-16T11:37:36.347+0000][gc,phases   ] GC(1286)   Post Evacuate Collection Set: 19.3ms
[2026-01-16T11:37:36.347+0000][gc,phases   ] GC(1286)   Other: 2.8ms
[2026-01-16T11:37:36.348+0000][gc,heap     ] GC(1286) Eden regions: 49->0(82)
[2026-01-16T11:37:36.348+0000][gc,heap     ] GC(1286) Survivor regions: 2->1(7)
[2026-01-16T11:37:36.349+0000][gc,heap     ] GC(1286) Old regions: 82->82
[2026-01-16T11:37:36.349+0000][gc,heap     ] GC(1286) Humongous regions: 38->38
[2026-01-16T11:37:36.350+0000][gc,metaspace] GC(1286) Metaspace: 13238K(13760K)->13238K(13760K) NonClass: 12126K(12352K)->12126K(12352K) Class: 1112K(1408K)->1112K(1408K)
[2026-01-16T11:37:36.354+0000][gc          ] GC(1286) Pause Young (Normal) (G1 Evacuation Pause) 170M->120M(1024M) 319.561ms
[2026-01-16T11:37:36.357+0000][gc,cpu      ] GC(1286) User=0.11s Sys=0.02s Real=0.33s
[2026-01-16T11:37:48.029+0000][gc,start    ] GC(1287) Pause Young (Normal) (G1 Evacuation Pause)
[2026-01-16T11:37:48.030+0000][gc,task     ] GC(1287) Using 8 workers of 8 for evacuation
[2026-01-16T11:37:48.196+0000][gc,phases   ] GC(1287)   Pre Evacuate Collection Set: 20.1ms
[2026-01-16T11:37:48.198+0000][gc,phases   ] GC(1287)   Merge Heap Roots: 1.5ms
[2026-01-16T11:37:48.199+0000][gc,phases   ] GC(1287)   Evacuate Collection Set: 127.4ms
[2026-01-16T11:37:48.199+0000][gc,phases   ] GC(1287)   Post Evacuate Collection Set: 15.2ms
[2026-01-16T11:37:48.200+0000][gc,phases   ] GC(1287)   Other: 1.9ms
[2026-01-16T11:37:48.201+0000][gc,heap     ] GC(1287) Eden regions: 142->0(80)
[2026-01-16T11:37:48.201+0000][gc,heap     ] GC(1287) Survivor regions: 1->2(18)
[2026-01-16T11:37:48.202+0000][gc,heap     ] GC(1287) Old regions: 82->82
[2026-01-16T11:37:48.202+0000][gc,heap     ] GC(1287) Humongous regions: 38->38
[2026-01-16T11:37:48.205+0000][gc,metaspace] GC(1287) Metaspace: 13238K(13760K)->13238K(13760K) NonClass: 12126K(12352K)->12126K(12352K) Class: 1112K(1408K)->1112K(1408K)
[2026-01-16T11:37:48.206+0000][gc          ] GC(1287) Pause Young (Normal) (G1 Evacuation Pause) 262M->121M(1024M) 177.531ms
[2026-01-16T11:37:48.207+0000][gc,cpu      ] GC(1287) User=0.11s Sys=0.00s Real=0.17s
[2026-01-16T11:37:57.275+0000][gc,start    ] GC(1288) Pause Young (Normal) (G1 Evacuation Pause)
[2026-01-16T11:37:57.278+0000][gc,task     ] GC(1288) Using 8 workers of 8 for evacuation
[2026-01-16T11:37:57.437+0000][gc,phases   ] GC(1288)   Pre Evacuate Collection Set: 17.2ms
[2026-01-16T11:37:57.437+0000][gc,phases   ] GC(1288)   Merge Heap Roots: 1.8ms
[2026-01-16T11:37:57.438+0000][gc,phases   ] GC(1288)   Evacuate Collection Set: 129.0ms
[2026-01-16T11:37:57.438+0000][gc,phases   ] GC(1288)   Post Evacuate Collection Set: 10.3ms
[2026-01-16T11:37:57.438+0000][gc,phases   ] GC(1288)   Other: 1.3ms
[2026-01-16T11:37:57.438+0000][gc,heap     ] GC(1288) Eden regions: 140->0(259)
[2026-01-16T11:37:57.439+0000][gc,heap     ] GC(1288) Survivor regions: 2->2(18)
[2026-01-16T11:37:57.439+0000][gc,heap     ] GC(1288) Old regions: 82->83
[2026-01-16T11:37:57.439+0000][gc,heap     ] GC(1288) Humongous regions: 38->38
[2026-01-16T11:37:57.439+0000][gc,metaspace] GC(1288) Metaspace: 13238K(13760K)->13238K(13760K) NonClass: 12126K(12352K)->12126K(12352K) Class: 1112K(1408K)->1112K(1408K)
[2026-01-16T11:37:57.440+0000][gc          ] GC(1288) Pause Young (Normal) (G1 Evacuation Pause) 261M->121M(1024M) 164.261ms
[2026-01-16T11:37:57.442+0000][gc,cpu      ] GC(1288) User=0.16s Sys=0.01s Real=0.17s
[2026-01-16T11:38:24.542+0000][gc,start    ] GC(1289) Pause Young (Normal) (G1 Evacuation Pause)
[2026-01-16T11:38:24.546+0000][gc,task     ] GC(1289) Using 8 workers of 8 for evacuation
[2026-01-16T11:38:24.812+0000][gc,mmu      ] GC(1289) MMU target violated: 201.0ms (200.0ms/201.0ms)
[2026-01-16T11:38:24.812+0000][gc,phases   ] GC(1289)   Pre Evacuate Collection Set: 45.2ms
[2026-01-16T11:38:24.812+0000][gc,phases   ] GC(1289)   Merge Heap Roots: 4.2ms
[2026-01-16T11:38:24.812+0000][gc,phases   ] GC(1289)   Evacuate Collection Set: 173.1ms
[2026-01-16T11:38:24.825+0000][gc,phases   ] GC(1289)   Post Evacuate Collection Set: 39.0ms
[2026-01-16T11:38:24.828+0000][gc,phases   ] GC(1289)   Other: 6.3ms
[2026-01-16T11:38:24.828+0000][gc,heap     ] GC(1289) Eden regions: 253->0(327)
[2026-01-16T11:38:24.829+0000][gc,heap     ] GC(1289) Survivor regions: 2->1(32)
[2026-01-16T11:38:24.829+0000][gc,heap     ] GC(1289) Old regions: 83->83
[2026-01-16T11:38:24.829+0000][gc,heap     ] GC(1289) Humongous regions: 38->38
[2026-01-16T11:38:24.830+0000][gc,metaspace] GC(1289) Metaspace: 13238K(13760K)->13238K(13760K) NonClass: 12126K(12352K)->12126K(12352K) Class: 1112K(1408K)->1112K(1408K)
[2026-01-16T11:38:24.833+0000][gc          ] GC(1289) Pause Young (Normal) (G1 Evacuation Pause) 374M->120M(1024M) 296.226ms
[2026-01-16T11:38:24.836+0000][gc,cpu      ] GC(1289) User=0.23s Sys=0.02s Real=0.30s
[2026-01-16T11:38:50.589+0000][gc,start    ] GC(1290) Pause Young (Normal) (G1 Evacuation Pause)
[2026-01-16T11:38:50.600+0000][gc,task     ] GC(1290) Using 8 workers of 8 for evacuation
[2026-01-16T11:38:50.903+0000][gc,mmu      ] GC(1290) MMU target violated: 201.0ms (200.0ms/201.0ms)
[2026-01-16T11:38:50.903+0000][gc,phases   ] GC(1290)   Pre Evacuate Collection Set: 41.9ms
[2026-01-16T11:38:50.904+0000][gc,phases   ] GC(1290)   Merge Heap Roots: 5.6ms
[2026-01-16T11:38:50.904+0000][gc,phases   ] GC(1290)   Evacuate Collection Set: 239.7ms
[2026-01-16T11:38:50.905+0000][gc,phases   ] GC(1290)   Post Evacuate Collection Set: 14.7ms
[2026-01-16T11:38:50.905+0000][gc,phases   ] GC(1290)   Other: 4.2ms
[2026-01-16T11:38:50.905+0000][gc,heap     ] GC(1290) Eden regions: 311->0(52)
[2026-01-16T11:38:50.905+0000][gc,heap     ] GC(1290) Survivor regions: 1->2(39)
[2026-01-16T11:38:50.906+0000][gc,heap     ] GC(1290) Old regions: 83->83
[2026-01-16T11:38:50.909+0000][gc,heap     ] GC(1290) Humongous regions: 38->38
[2026-01-16T11:38:50.910+0000][gc,metaspace] GC(1290) Metaspace: 13238K(13760K)->13238K(13760K) NonClass: 12126K(12352K)->12126K(12352K) Class: 1112K(1408K)->1112K(1408K)
[2026-01-16T11:38:50.910+0000][gc          ] GC(1290) Pause Young (Normal) (G1 Evacuation Pause) 431M->121M(1024M) 320.925ms
[2026-01-16T11:38:50.910+0000][gc,cpu      ] GC(1290) User=0.28s Sys=0.01s Real=0.32s
[2026-01-16T11:38:55.490+0000][gc,start    ] GC(1291) Pause Young (Normal) (G1 Evacuation Pause)
[2026-01-16T11:38:55.493+0000][gc,task     ] GC(1291) Using 8 workers of 8 for evacuation
[2026-01-16T11:38:55.675+0000][gc,phases   ] GC(1291)   Pre Evacuate Collection Set: 54.0ms
[2026-01-16T11:38:55.676+0000][gc,phases   ] GC(1291)   Merge Heap Roots: 1.5ms
[2026-01-16T11:38:55.677+0000][gc,phases   ] GC(1291)   Evacuate Collection Set: 91.3ms
[2026-01-16T11:38:55.677+0000][gc,phases   ] GC(1291)   Post Evacuate Collection Set: 33.0ms
[2026-01-16T11:38:55.677+0000][gc,phases   ] GC(1291)   Other: 1.8ms
[2026-01-16T11:38:55.678+0000][gc,heap     ] GC(1291) Eden regions: 58->0(179)
[2026-01-16T11:38:55.679+0000][gc,heap     ] GC(1291) Survivor regions: 2->1(8)
[2026-01-16T11:38:55.681+0000][gc,heap     ] GC(1291) Old regions: 83->83
[2026-01-16T11:38:55.682+0000][gc,heap     ] GC(1291) Humongous regions: 38->38
[2026-01-16T11:38:55.682+0000][gc,metaspace] GC(1291) Metaspace: 13238K(13760K)->13238K(13760K) NonClass: 12126K(12352K)->12126K(12352K) Class: 1112K(1408K)->1112K(1408K)
[2026-01-16T11:38:55.682+0000][gc          ] GC(1291) Pause Young (Normal) (G1 Evacuation Pause) 179M->120M(1024M) 191.504ms
[2026-01-16T11:38:55.682+0000][gc,cpu      ] GC(1291) User=0.13s Sys=0.02s Real=0.19s
[2026-01-16T11:39:15.475+0000][gc,start    ] GC(1292) Pause Young (Normal) (G1 Evacuation Pause)
[2026-01-16T11:39:15.477+0000][gc,task     ] GC(1292) Using 8 workers of 8 for evacuation
[2026-01-16T11:39:15.642+0000][gc,phases   ] GC(1292)   Pre Evacuate Collection Set: 61.1ms
[2026-01-16T11:39:15.642+0000][gc,phases   ] GC(1292)   Merge Heap Roots: 1.9ms
[2026-01-16T11:39:15.643+0000][gc,phases   ] GC(1292)   Evacuate Collection Set: 67.6ms
[2026-01-16T11:39:15.643+0000][gc,phases   ] GC(1292)   Post Evacuate Collection Set: 32.3ms
[2026-01-16T11:39:15.643+0000][gc,phases   ] GC(1292)   Other: 2.1ms
[2026-01-16T11:39:15.644+0000][gc,heap     ] GC(1292) Eden regions: 228->0(352)
[2026-01-16T11:39:15.644+0000][gc,heap     ] GC(1292) Survivor regions: 1->1(29)
[2026-01-16T11:39:15.645+0000][gc,heap     ] GC(1292) Old regions: 83->83
[2026-01-16T11:39:15.645+0000][gc,heap     ] GC(1292) Humongous regions: 38->38
[2026-01-16T11:39:15.646+0000][gc,metaspace] GC(1292) Metaspace: 13239K(13760K)->13239K(13760K) NonClass: 12126K(12352K)->12126K(12352K) Class: 1112K(1408K)->1112K(1408K)
[2026-01-16T11:39:15.648+0000][gc          ] GC(1292) Pause Young (Normal) (G1 Evacuation Pause) 348M->120M(1024M) 172.957ms
[2026-01-16T11:39:15.649+0000][gc,cpu      ] GC(1292) User=0.15s Sys=0.03s Real=0.17s
[2026-01-16T11:39:49.835+0000][gc,start    ] GC(1293) Pause Young (Normal) (G1 Evacuation Pause)
[2026-01-16T11:39:49.841+0000][gc,task     ] GC(1293) Using 8 workers of 8 for evacuation
[2026-01-16T11:39:50.183+0000][gc,mmu      ] GC(1293) MMU target violated: 201.0ms (200.0ms/201.0ms)
[2026-01-16T11:39:50.186+0000][gc,phases   ] GC(1293)   Pre Evacuate Collection Set: 92.0ms
[2026-01-16T11:39:50.188+0000][gc,phases   ] GC(1293)   Merge Heap Roots: 1.9ms
[2026-01-16T11:39:50.188+0000][gc,phases   ] GC(1293)   Evacuate Collection Set: 223.0ms
[2026-01-16T11:39:50.189+0000][gc,phases   ] GC(1293)   Post Evacuate Collection Set: 20.4ms
[2026-01-16T11:39:50.189+0000][gc,phases   ] GC(1293)   Other: 8.1ms
[2026-01-16T11:39:50.189+0000][gc,heap     ] GC(1293) Eden regions: 387->0(49)
[2026-01-16T11:39:50.189+0000][gc,heap     ] GC(1293) Survivor regions: 1->2(49)
[2026-01-16T11:39:50.189+0000][gc,heap     ] GC(1293) Old regions: 83->83
[2026-01-16T11:39:50.189+0000][gc,heap     ] GC(1293) Humongous regions: 38->38
[2026-01-16T11:39:50.189+0000][gc,metaspace] GC(1293) Metaspace: 13239K(13760K)->13239K(13760K) NonClass: 12126K(12352K)->12126K(12352K) Class: 1112K(1408K)->1112K(1408K)
[2026-01-16T11:39:50.190+0000][gc          ] GC(1293) Pause Young (Normal) (G1 Evacuation Pause) 507M->121M(1024M) 355.434ms
[2026-01-16T11:39:50.190+0000][gc,cpu      ] GC(1293) User=0.27s Sys=0.01s Real=0.35s
[2026-01-16T11:39:54.590+0000][gc,start    ] GC(1294) Pause Young (Normal) (G1 Evacuation Pause)
[2026-01-16T11:39:54.592+0000][gc,task     ] GC(1294) Using 8 workers of 8 for evacuation
[2026-01-16T11:39:54.791+0000][gc,phases   ] GC(1294)   Pre Evacuate Collection Set: 32.2ms
[2026-01-16T11:39:54.792+0000][gc,phases   ] GC(1294)   Merge Heap Roots: 1.9ms
[2026-01-16T11:39:54.792+0000][gc,phases   ] GC(1294)   Evacuate Collection Set: 139.9ms
[2026-01-16T11:39:54.793+0000][gc,phases   ] GC(1294)   Post Evacuate Collection Set: 22.8ms
[2026-01-16T11:39:54.793+0000][gc,phases   ] GC(1294)   Other: 2.9ms
[2026-01-16T11:39:54.793+0000][gc,heap     ] GC(1294) Eden regions: 49->0(76)
[2026-01-16T11:39:54.794+0000][gc,heap     ] GC(1294) Survivor regions: 2->1(7)
[2026-01-16T11:39:54.794+0000][gc,heap     ] GC(1294) Old regions: 83->83
[2026-01-16T11:39:54.795+0000][gc,heap     ] GC(1294) Humongous regions: 38->38
[2026-01-16T11:39:54.795+0000][gc,metaspace] GC(1294) Metaspace: 13239K(13760K)->13239K(13760K) NonClass: 12126K(12352K)->12126K(12352K) Class: 1112K(1408K)->1112K(1408K)
[2026-01-16T11:39:54.798+0000][gc          ] GC(1294) Pause Young (Normal) (G1 Evacuation Pause) 170M->120M(1024M) 208.009ms
[2026-01-16T11:39:54.799+0000][gc,cpu      ] GC(1294) User=0.14s Sys=0.00s Real=0.21s
[2026-01-16T11:39:58.422+0000][gc,start    ] GC(1295) Pause Young (Normal) (G1 Evacuation Pause)
[2026-01-16T11:39:58.425+0000][gc,task     ] GC(1295) Using 8 workers of 8 for evacuation
[2026-01-16T11:39:58.625+0000][gc,phases   ] GC(1295)   Pre Evacuate Collection Set: 18.4ms
[2026-01-16T11:39:58.629+0000][gc,phases   ] GC(1295)   Merge Heap Roots: 9.5ms
[2026-01-16T11:39:58.629+0000][gc,phases   ] GC(1295)   Evacuate Collection Set: 164.8ms
[2026-01-16T11:39:58.629+0000][gc,phases   ] GC(1295)   Post Evacuate Collection Set: 5.5ms
[2026-01-16T11:39:58.629+0000][gc,phases   ] GC(1295)   Other: 2.8ms
[2026-01-16T11:39:58.629+0000][gc,heap     ] GC(1295) Eden regions: 78->0(75)
[2026-01-16T11:39:58.629+0000][gc,heap     ] GC(1295) Survivor regions: 1->2(10)
[2026-01-16T11:39:58.629+0000][gc,heap     ] GC(1295) Old regions: 83->83
[2026-01-16T11:39:58.629+0000][gc,heap     ] GC(1295) Humongous regions: 38->38
[2026-01-16T11:39:58.629+0000][gc,metaspace] GC(1295) Metaspace: 13239K(13760K)->13239K(13760K) NonClass: 12126K(12352K)->12126K(12352K) Class: 1112K(1408K)->1112K(1408K)
[2026-01-16T11:39:58.629+0000][gc          ] GC(1295) Pause Young (Normal) (G1 Evacuation Pause) 198M->121M(1024M) 207.913ms
[2026-01-16T11:39:58.630+0000][gc,cpu      ] GC(1295) User=0.19s Sys=0.01s Real=0.20s
[2026-01-16T11:40:05.925+0000][gc,start    ] GC(1296) Pause Young (Normal) (G1 Evacuation Pause)
[2026-01-16T11:40:05.927+0000][gc,task     ] GC(1296) Using 8 workers of 8 for evacuation
[2026-01-16T11:40:06.149+0000][gc,mmu      ] GC(1296) MMU target violated: 201.0ms (200.0ms/201.0ms)
[2026-01-16T11:40:06.157+0000][gc,phases   ] GC(1296)   Pre Evacuate Collection Set: 59.9ms
[2026-01-16T11:40:06.166+0000][gc,phases   ] GC(1296)   Merge Heap Roots: 5.3ms
[2026-01-16T11:40:06.180+0000][gc,phases   ] GC(1296)   Evacuate Collection Set: 106.9ms
[2026-01-16T11:40:06.183+0000][gc,phases   ] GC(1296)   Post Evacuate Collection Set: 49.0ms
[2026-01-16T11:40:06.191+0000][gc,phases   ] GC(1296)   Other: 9.3ms
[2026-01-16T11:40:06.193+0000][gc,heap     ] GC(1296) Eden regions: 76->0(95)
[2026-01-16T11:40:06.194+0000][gc,heap     ] GC(1296) Survivor regions: 2->1(10)
[2026-01-16T11:40:06.194+0000][gc,heap     ] GC(1296) Old regions: 83->83
[2026-01-16T11:40:06.194+0000][gc,heap     ] GC(1296) Humongous regions: 38->38
[2026-01-16T11:40:06.194+0000][gc,metaspace] GC(1296) Metaspace: 13239K(13760K)->13239K(13760K) NonClass: 12126K(12352K)->12126K(12352K) Class: 1112K(1408K)->1112K(1408K)
[2026-01-16T11:40:06.196+0000][gc          ] GC(1296) Pause Young (Normal) (G1 Evacuation Pause) 197M->120M(1024M) 270.857ms
[2026-01-16T11:40:06.196+0000][gc,cpu      ] GC(1296) User=0.13s Sys=0.02s Real=0.27s
[2026-01-16T11:40:15.033+0000][gc,start    ] GC(1297) Pause Young (Normal) (G1 Evacuation Pause)
[2026-01-16T11:40:15.036+0000][gc,task     ] GC(1297) Using 8 workers of 8 for evacuation
[2026-01-16T11:40:15.083+0000][gc,phases   ] GC(1297)   Pre Evacuate Collection Set: 6.6ms
[2026-01-16T11:40:15.083+0000][gc,phases   ] GC(1297)   Merge Heap Roots: 0.5ms
[2026-01-16T11:40:15.083+0000][gc,phases   ] GC(1297)   Evacuate Collection Set: 35.0ms
[2026-01-16T11:40:15.084+0000][gc,phases   ] GC(1297)   Post Evacuate Collection Set: 4.2ms
[2026-01-16T11:40:15.084+0000][gc,phases   ] GC(1297)   Other: 1.6ms
[2026-01-16T11:40:15.084+0000][gc,heap     ] GC(1297) Eden regions: 97->0(187)
[2026-01-16T11:40:15.084+0000][gc,heap     ] GC(1297) Survivor regions: 1->1(13)
[2026-01-16T11:40:15.085+0000][gc,heap     ] GC(1297) Old regions: 83->83
[2026-01-16T11:40:15.085+0000][gc,heap     ] GC(1297) Humongous regions: 38->38
[2026-01-16T11:40:15.086+0000][gc,metaspace] GC(1297) Metaspace: 13242K(13760K)->13242K(13760K) NonClass: 12129K(12352K)->12129K(12352K) Class: 1112K(1408K)->1112K(1408K)
[2026-01-16T11:40:15.090+0000][gc          ] GC(1297) Pause Young (Normal) (G1 Evacuation Pause) 217M->120M(1024M) 57.859ms
[2026-01-16T11:40:15.091+0000][gc,cpu      ] GC(1297) User=0.08s Sys=0.02s Real=0.06s
[2026-01-16T11:40:25.888+0000][gc,start    ] GC(1298) Pause Young (Normal) (G1 Evacuation Pause)
[2026-01-16T11:40:25.889+0000][gc,task     ] GC(1298) Using 8 workers of 8 for evacuation
[2026-01-16T11:40:25.954+0000][gc,phases   ] GC(1298)   Pre Evacuate Collection Set: 10.5ms
[2026-01-16T11:40:25.954+0000][gc,phases   ] GC(1298)   Merge Heap Roots: 0.3ms
[2026-01-16T11:40:25.954+0000][gc,phases   ] GC(1298)   Evacuate Collection Set: 43.7ms
[2026-01-16T11:40:25.954+0000][gc,phases   ] GC(1298)   Post Evacuate Collection Set: 9.1ms
[2026-01-16T11:40:25.954+0000][gc,phases   ] GC(1298)   Other: 1.8ms
[2026-01-16T11:40:25.954+0000][gc,heap     ] GC(1298) Eden regions: 167->0(271)
[2026-01-16T11:40:25.954+0000][gc,heap     ] GC(1298) Survivor regions: 1->2(21)
[2026-01-16T11:40:25.955+0000][gc,heap     ] GC(1298) Old regions: 83->83
[2026-01-16T11:40:25.955+0000][gc,heap     ] GC(1298) Humongous regions: 38->38
[2026-01-16T11:40:25.955+0000][gc,metaspace] GC(1298) Metaspace: 13242K(13760K)->13242K(13760K) NonClass: 12129K(12352K)->12129K(12352K) Class: 1112K(1408K)->1112K(1408K)
[2026-01-16T11:40:25.955+0000][gc          ] GC(1298) Pause Young (Normal) (G1 Evacuation Pause) 287M->121M(1024M) 67.030ms
[2026-01-16T11:40:25.955+0000][gc,cpu      ] GC(1298) User=0.11s Sys=0.01s Real=0.06s
[2026-01-16T11:40:54.792+0000][gc,start    ] GC(1299) Pause Young (Normal) (G1 Evacuation Pause)
[2026-01-16T11:40:54.794+0000][gc,task     ] GC(1299) Using 8 workers of 8 for evacuation
[2026-01-16T11:40:54.859+0000][gc,phases   ] GC(1299)   Pre Evacuate Collection Set: 14.4ms
[2026-01-16T11:40:54.859+0000][gc,phases   ] GC(1299)   Merge Heap Roots: 5.1ms
[2026-01-16T11:40:54.859+0000][gc,phases   ] GC(1299)   Evacuate Collection Set: 32.4ms
[2026-01-16T11:40:54.859+0000][gc,phases   ] GC(1299)   Post Evacuate Collection Set: 11.9ms
[2026-01-16T11:40:54.859+0000][gc,phases   ] GC(1299)   Other: 1.1ms
[2026-01-16T11:40:54.859+0000][gc,heap     ] GC(1299) Eden regions: 282->0(504)
[2026-01-16T11:40:54.859+0000][gc,heap     ] GC(1299) Survivor regions: 2->1(36)
[2026-01-16T11:40:54.860+0000][gc,heap     ] GC(1299) Old regions: 83->83
[2026-01-16T11:40:54.860+0000][gc,heap     ] GC(1299) Humongous regions: 38->38
[2026-01-16T11:40:54.860+0000][gc,metaspace] GC(1299) Metaspace: 13242K(13760K)->13242K(13760K) NonClass: 12129K(12352K)->12129K(12352K) Class: 1112K(1408K)->1112K(1408K)
[2026-01-16T11:40:54.860+0000][gc          ] GC(1299) Pause Young (Normal) (G1 Evacuation Pause) 403M->120M(1024M) 68.047ms
[2026-01-16T11:40:54.860+0000][gc,cpu      ] GC(1299) User=0.16s Sys=0.00s Real=0.07s
[2026-01-16T11:41:34.818+0000][gc,start    ] GC(1300) Pause Young (Normal) (G1 Evacuation Pause)
[2026-01-16T11:41:34.820+0000][gc,task     ] GC(1300) Using 8 workers of 8 for evacuation
[2026-01-16T11:41:34.875+0000][gc,phases   ] GC(1300)   Pre Evacuate Collection Set: 19.6ms
[2026-01-16T11:41:34.876+0000][gc,phases   ] GC(1300)   Merge Heap Roots: 1.0ms
[2026-01-16T11:41:34.876+0000][gc,phases   ] GC(1300)   Evacuate Collection Set: 27.4ms
[2026-01-16T11:41:34.876+0000][gc,phases   ] GC(1300)   Post Evacuate Collection Set: 6.8ms
[2026-01-16T11:41:34.877+0000][gc,phases   ] GC(1300)   Other: 1.2ms
[2026-01-16T11:41:34.878+0000][gc,heap     ] GC(1300) Eden regions: 460->0(613)
[2026-01-16T11:41:34.878+0000][gc,heap     ] GC(1300) Survivor regions: 1->1(58)
[2026-01-16T11:41:34.878+0000][gc,heap     ] GC(1300) Old regions: 83->83
[2026-01-16T11:41:34.878+0000][gc,heap     ] GC(1300) Humongous regions: 38->38
[2026-01-16T11:41:34.879+0000][gc,metaspace] GC(1300) Metaspace: 13242K(13760K)->13242K(13760K) NonClass: 12129K(12352K)->12129K(12352K) Class: 1112K(1408K)->1112K(1408K)
[2026-01-16T11:41:34.881+0000][gc          ] GC(1300) Pause Young (Normal) (G1 Evacuation Pause) 580M->120M(1024M) 63.050ms
[2026-01-16T11:41:34.883+0000][gc,cpu      ] GC(1300) User=0.20s Sys=0.02s Real=0.07s
[2026-01-16T11:42:26.720+0000][gc,start    ] GC(1301) Pause Young (Normal) (G1 Evacuation Pause)
[2026-01-16T11:42:26.731+0000][gc,task     ] GC(1301) Using 8 workers of 8 for evacuation
[2026-01-16T11:42:26.823+0000][gc,phases   ] GC(1301)   Pre Evacuate Collection Set: 21.8ms
[2026-01-16T11:42:26.824+0000][gc,phases   ] GC(1301)   Merge Heap Roots: 1.0ms
[2026-01-16T11:42:26.824+0000][gc,phases   ] GC(1301)   Evacuate Collection Set: 55.9ms
[2026-01-16T11:42:26.824+0000][gc,phases   ] GC(1301)   Post Evacuate Collection Set: 12.5ms
[2026-01-16T11:42:26.825+0000][gc,phases   ] GC(1301)   Other: 3.5ms
[2026-01-16T11:42:26.826+0000][gc,heap     ] GC(1301) Eden regions: 613->0(613)
[2026-01-16T11:42:26.829+0000][gc,heap     ] GC(1301) Survivor regions: 1->1(77)
[2026-01-16T11:42:26.832+0000][gc,heap     ] GC(1301) Old regions: 83->83
[2026-01-16T11:42:26.832+0000][gc,heap     ] GC(1301) Humongous regions: 38->38
[2026-01-16T11:42:26.834+0000][gc,metaspace] GC(1301) Metaspace: 13242K(13760K)->13242K(13760K) NonClass: 12129K(12352K)->12129K(12352K) Class: 1112K(1408K)->1112K(1408K)
[2026-01-16T11:42:26.839+0000][gc          ] GC(1301) Pause Young (Normal) (G1 Evacuation Pause) 733M->121M(1024M) 123.825ms
[2026-01-16T11:42:26.842+0000][gc,cpu      ] GC(1301) User=0.26s Sys=0.02s Real=0.13s
[2026-01-16T11:43:15.567+0000][gc,start    ] GC(1302) Pause Young (Normal) (G1 Evacuation Pause)
[2026-01-16T11:43:15.568+0000][gc,task     ] GC(1302) Using 8 workers of 8 for evacuation
[2026-01-16T11:43:15.588+0000][gc,phases   ] GC(1302)   Pre Evacuate Collection Set: 3.5ms
[2026-01-16T11:43:15.589+0000][gc,phases   ] GC(1302)   Merge Heap Roots: 0.3ms
[2026-01-16T11:43:15.589+0000][gc,phases   ] GC(1302)   Evacuate Collection Set: 12.5ms
[2026-01-16T11:43:15.589+0000][gc,phases   ] GC(1302)   Post Evacuate Collection Set: 3.7ms
[2026-01-16T11:43:15.589+0000][gc,phases   ] GC(1302)   Other: 0.7ms
[2026-01-16T11:43:15.589+0000][gc,heap     ] GC(1302) Eden regions: 613->0(612)
[2026-01-16T11:43:15.589+0000][gc,heap     ] GC(1302) Survivor regions: 1->2(77)
[2026-01-16T11:43:15.589+0000][gc,heap     ] GC(1302) Old regions: 83->83
[2026-01-16T11:43:15.589+0000][gc,heap     ] GC(1302) Humongous regions: 38->38
[2026-01-16T11:43:15.589+0000][gc,metaspace] GC(1302) Metaspace: 13242K(13760K)->13242K(13760K) NonClass: 12129K(12352K)->12129K(12352K) Class: 1112K(1408K)->1112K(1408K)
[2026-01-16T11:43:15.589+0000][gc          ] GC(1302) Pause Young (Normal) (G1 Evacuation Pause) 734M->121M(1024M) 22.429ms
[2026-01-16T11:43:15.589+0000][gc,cpu      ] GC(1302) User=0.12s Sys=0.01s Real=0.02s
[2026-01-16T11:44:14.877+0000][gc,start    ] GC(1303) Pause Young (Normal) (G1 Evacuation Pause)
[2026-01-16T11:44:14.880+0000][gc,task     ] GC(1303) Using 8 workers of 8 for evacuation
[2026-01-16T11:44:14.969+0000][gc,phases   ] GC(1303)   Pre Evacuate Collection Set: 14.4ms
[2026-01-16T11:44:14.969+0000][gc,phases   ] GC(1303)   Merge Heap Roots: 5.8ms
[2026-01-16T11:44:14.969+0000][gc,phases   ] GC(1303)   Evacuate Collection Set: 53.2ms
[2026-01-16T11:44:14.970+0000][gc,phases   ] GC(1303)   Post Evacuate Collection Set: 12.2ms
[2026-01-16T11:44:14.970+0000][gc,phases   ] GC(1303)   Other: 4.4ms
[2026-01-16T11:44:14.970+0000][gc,heap     ] GC(1303) Eden regions: 612->0(613)
[2026-01-16T11:44:14.971+0000][gc,heap     ] GC(1303) Survivor regions: 2->1(77)
[2026-01-16T11:44:14.972+0000][gc,heap     ] GC(1303) Old regions: 83->83
[2026-01-16T11:44:14.975+0000][gc,heap     ] GC(1303) Humongous regions: 38->38
[2026-01-16T11:44:14.977+0000][gc,metaspace] GC(1303) Metaspace: 13242K(13760K)->13242K(13760K) NonClass: 12129K(12352K)->12129K(12352K) Class: 1112K(1408K)->1112K(1408K)
[2026-01-16T11:44:14.980+0000][gc          ] GC(1303) Pause Young (Normal) (G1 Evacuation Pause) 733M->120M(1024M) 102.340ms
[2026-01-16T11:44:14.980+0000][gc,cpu      ] GC(1303) User=0.23s Sys=0.02s Real=0.10s
[2026-01-16T11:45:07.951+0000][gc,start    ] GC(1304) Pause Young (Normal) (G1 Evacuation Pause)
[2026-01-16T11:45:07.952+0000][gc,task     ] GC(1304) Using 8 workers of 8 for evacuation
[2026-01-16T11:45:08.245+0000][gc,mmu      ] GC(1304) MMU target violated: 201.0ms (200.0ms/201.0ms)
[2026-01-16T11:45:08.246+0000][gc,phases   ] GC(1304)   Pre Evacuate Collection Set: 85.1ms
[2026-01-16T11:45:08.247+0000][gc,phases   ] GC(1304)   Merge Heap Roots: 1.7ms
[2026-01-16T11:45:08.248+0000][gc,phases   ] GC(1304)   Evacuate Collection Set: 182.6ms
[2026-01-16T11:45:08.250+0000][gc,phases   ] GC(1304)   Post Evacuate Collection Set: 19.5ms
[2026-01-16T11:45:08.254+0000][gc,phases   ] GC(1304)   Other: 6.3ms
[2026-01-16T11:45:08.256+0000][gc,heap     ] GC(1304) Eden regions: 613->0(560)
[2026-01-16T11:45:08.257+0000][gc,heap     ] GC(1304) Survivor regions: 1->2(77)
[2026-01-16T11:45:08.259+0000][gc,heap     ] GC(1304) Old regions: 83->83
[2026-01-16T11:45:08.261+0000][gc,heap     ] GC(1304) Humongous regions: 38->38
[2026-01-16T11:45:08.264+0000][gc,metaspace] GC(1304) Metaspace: 13242K(13760K)->13242K(13760K) NonClass: 12129K(12352K)->12129K(12352K) Class: 1112K(1408K)->1112K(1408K)
[2026-01-16T11:45:08.269+0000][gc          ] GC(1304) Pause Young (Normal) (G1 Evacuation Pause) 733M->121M(1024M) 323.008ms
[2026-01-16T11:45:08.271+0000][gc,cpu      ] GC(1304) User=0.50s Sys=0.06s Real=0.33s
[2026-01-16T11:45:57.655+0000][gc,start    ] GC(1305) Pause Young (Normal) (G1 Evacuation Pause)
[2026-01-16T11:45:57.658+0000][gc,task     ] GC(1305) Using 8 workers of 8 for evacuation
[2026-01-16T11:45:57.941+0000][gc,mmu      ] GC(1305) MMU target violated: 201.0ms (200.0ms/201.0ms)
[2026-01-16T11:45:57.942+0000][gc,phases   ] GC(1305)   Pre Evacuate Collection Set: 44.2ms
[2026-01-16T11:45:57.942+0000][gc,phases   ] GC(1305)   Merge Heap Roots: 14.0ms
[2026-01-16T11:45:57.942+0000][gc,phases   ] GC(1305)   Evacuate Collection Set: 187.6ms
[2026-01-16T11:45:57.943+0000][gc,phases   ] GC(1305)   Post Evacuate Collection Set: 35.3ms
[2026-01-16T11:45:57.943+0000][gc,phases   ] GC(1305)   Other: 2.8ms
[2026-01-16T11:45:57.943+0000][gc,heap     ] GC(1305) Eden regions: 574->0(239)
[2026-01-16T11:45:57.943+0000][gc,heap     ] GC(1305) Survivor regions: 2->2(72)
[2026-01-16T11:45:57.944+0000][gc,heap     ] GC(1305) Old regions: 83->83
[2026-01-16T11:45:57.944+0000][gc,heap     ] GC(1305) Humongous regions: 38->38
[2026-01-16T11:45:57.944+0000][gc,metaspace] GC(1305) Metaspace: 13242K(13760K)->13242K(13760K) NonClass: 12129K(12352K)->12129K(12352K) Class: 1112K(1408K)->1112K(1408K)
[2026-01-16T11:45:57.945+0000][gc          ] GC(1305) Pause Young (Normal) (G1 Evacuation Pause) 695M->121M(1024M) 291.694ms
[2026-01-16T11:45:57.945+0000][gc,cpu      ] GC(1305) User=0.24s Sys=0.04s Real=0.29s
[2026-01-16T11:46:16.846+0000][gc,start    ] GC(1306) Pause Young (Normal) (G1 Evacuation Pause)
[2026-01-16T11:46:16.848+0000][gc,task     ] GC(1306) Using 8 workers of 8 for evacuation
[2026-01-16T11:46:17.007+0000][gc,phases   ] GC(1306)   Pre Evacuate Collection Set: 18.0ms
[2026-01-16T11:46:17.008+0000][gc,phases   ] GC(1306)   Merge Heap Roots: 4.2ms
[2026-01-16T11:46:17.008+0000][gc,phases   ] GC(1306)   Evacuate Collection Set: 104.0ms
[2026-01-16T11:46:17.008+0000][gc,phases   ] GC(1306)   Post Evacuate Collection Set: 32.4ms
[2026-01-16T11:46:17.008+0000][gc,phases   ] GC(1306)   Other: 1.5ms
[2026-01-16T11:46:17.009+0000][gc,heap     ] GC(1306) Eden regions: 251->0(324)
[2026-01-16T11:46:17.009+0000][gc,heap     ] GC(1306) Survivor regions: 2->2(32)
[2026-01-16T11:46:17.009+0000][gc,heap     ] GC(1306) Old regions: 83->83
[2026-01-16T11:46:17.012+0000][gc,heap     ] GC(1306) Humongous regions: 38->38
[2026-01-16T11:46:17.013+0000][gc,metaspace] GC(1306) Metaspace: 13242K(13760K)->13242K(13760K) NonClass: 12129K(12352K)->12129K(12352K) Class: 1112K(1408K)->1112K(1408K)
[2026-01-16T11:46:17.014+0000][gc          ] GC(1306) Pause Young (Normal) (G1 Evacuation Pause) 372M->121M(1024M) 167.780ms
[2026-01-16T11:46:17.016+0000][gc,cpu      ] GC(1306) User=0.17s Sys=0.01s Real=0.17s
[2026-01-16T11:46:46.396+0000][gc,start    ] GC(1307) Pause Young (Normal) (G1 Evacuation Pause)
[2026-01-16T11:46:46.398+0000][gc,task     ] GC(1307) Using 8 workers of 8 for evacuation
[2026-01-16T11:46:46.655+0000][gc,mmu      ] GC(1307) MMU target violated: 201.0ms (200.0ms/201.0ms)
[2026-01-16T11:46:46.656+0000][gc,phases   ] GC(1307)   Pre Evacuate Collection Set: 79.8ms
[2026-01-16T11:46:46.657+0000][gc,phases   ] GC(1307)   Merge Heap Roots: 6.5ms
[2026-01-16T11:46:46.657+0000][gc,phases   ] GC(1307)   Evacuate Collection Set: 129.6ms
[2026-01-16T11:46:46.658+0000][gc,phases   ] GC(1307)   Post Evacuate Collection Set: 26.2ms
[2026-01-16T11:46:46.658+0000][gc,phases   ] GC(1307)   Other: 16.6ms
[2026-01-16T11:46:46.658+0000][gc,heap     ] GC(1307) Eden regions: 302->0(375)
[2026-01-16T11:46:46.659+0000][gc,heap     ] GC(1307) Survivor regions: 2->1(38)
[2026-01-16T11:46:46.659+0000][gc,heap     ] GC(1307) Old regions: 83->83
[2026-01-16T11:46:46.660+0000][gc,heap     ] GC(1307) Humongous regions: 38->38
[2026-01-16T11:46:46.662+0000][gc,metaspace] GC(1307) Metaspace: 13242K(13760K)->13242K(13760K) NonClass: 12129K(12352K)->12129K(12352K) Class: 1112K(1408K)->1112K(1408K)
[2026-01-16T11:46:46.663+0000][gc          ] GC(1307) Pause Young (Normal) (G1 Evacuation Pause) 423M->121M(1024M) 267.344ms
[2026-01-16T11:46:46.664+0000][gc,cpu      ] GC(1307) User=0.14s Sys=0.01s Real=0.27s
[2026-01-16T11:47:16.661+0000][gc,start    ] GC(1308) Pause Young (Normal) (G1 Evacuation Pause)
[2026-01-16T11:47:16.663+0000][gc,task     ] GC(1308) Using 8 workers of 8 for evacuation
[2026-01-16T11:47:16.766+0000][gc,phases   ] GC(1308)   Pre Evacuate Collection Set: 10.3ms
[2026-01-16T11:47:16.766+0000][gc,phases   ] GC(1308)   Merge Heap Roots: 5.6ms
[2026-01-16T11:47:16.766+0000][gc,phases   ] GC(1308)   Evacuate Collection Set: 65.1ms
[2026-01-16T11:47:16.766+0000][gc,phases   ] GC(1308)   Post Evacuate Collection Set: 20.0ms
[2026-01-16T11:47:16.768+0000][gc,phases   ] GC(1308)   Other: 2.2ms
[2026-01-16T11:47:16.770+0000][gc,heap     ] GC(1308) Eden regions: 377->0(612)
[2026-01-16T11:47:16.770+0000][gc,heap     ] GC(1308) Survivor regions: 1->2(48)
[2026-01-16T11:47:16.771+0000][gc,heap     ] GC(1308) Old regions: 83->83
[2026-01-16T11:47:16.772+0000][gc,heap     ] GC(1308) Humongous regions: 38->38
[2026-01-16T11:47:16.773+0000][gc,metaspace] GC(1308) Metaspace: 13242K(13760K)->13242K(13760K) NonClass: 12129K(12352K)->12129K(12352K) Class: 1112K(1408K)->1112K(1408K)
[2026-01-16T11:47:16.774+0000][gc          ] GC(1308) Pause Young (Normal) (G1 Evacuation Pause) 498M->121M(1024M) 113.018ms
[2026-01-16T11:47:16.774+0000][gc,cpu      ] GC(1308) User=0.19s Sys=0.02s Real=0.12s
[2026-01-16T11:48:08.657+0000][gc,start    ] GC(1309) Pause Young (Normal) (G1 Evacuation Pause)
[2026-01-16T11:48:08.662+0000][gc,task     ] GC(1309) Using 8 workers of 8 for evacuation
[2026-01-16T11:48:08.759+0000][gc,phases   ] GC(1309)   Pre Evacuate Collection Set: 19.7ms
[2026-01-16T11:48:08.759+0000][gc,phases   ] GC(1309)   Merge Heap Roots: 2.2ms
[2026-01-16T11:48:08.759+0000][gc,phases   ] GC(1309)   Evacuate Collection Set: 63.7ms
[2026-01-16T11:48:08.759+0000][gc,phases   ] GC(1309)   Post Evacuate Collection Set: 10.4ms
[2026-01-16T11:48:08.759+0000][gc,phases   ] GC(1309)   Other: 1.3ms
[2026-01-16T11:48:08.760+0000][gc,heap     ] GC(1309) Eden regions: 612->0(612)
[2026-01-16T11:48:08.760+0000][gc,heap     ] GC(1309) Survivor regions: 2->2(77)
[2026-01-16T11:48:08.761+0000][gc,heap     ] GC(1309) Old regions: 83->83
[2026-01-16T11:48:08.761+0000][gc,heap     ] GC(1309) Humongous regions: 38->38
[2026-01-16T11:48:08.762+0000][gc,metaspace] GC(1309) Metaspace: 13242K(13760K)->13242K(13760K) NonClass: 12129K(12352K)->12129K(12352K) Class: 1112K(1408K)->1112K(1408K)
[2026-01-16T11:48:08.764+0000][gc          ] GC(1309) Pause Young (Normal) (G1 Evacuation Pause) 733M->121M(1024M) 106.119ms
[2026-01-16T11:48:08.765+0000][gc,cpu      ] GC(1309) User=0.24s Sys=0.01s Real=0.11s
[2026-01-16T11:49:04.904+0000][gc,start    ] GC(1310) Pause Young (Normal) (G1 Evacuation Pause)
[2026-01-16T11:49:04.905+0000][gc,task     ] GC(1310) Using 8 workers of 8 for evacuation
[2026-01-16T11:49:04.961+0000][gc,phases   ] GC(1310)   Pre Evacuate Collection Set: 17.3ms
[2026-01-16T11:49:04.961+0000][gc,phases   ] GC(1310)   Merge Heap Roots: 1.7ms
[2026-01-16T11:49:04.961+0000][gc,phases   ] GC(1310)   Evacuate Collection Set: 25.8ms
[2026-01-16T11:49:04.961+0000][gc,phases   ] GC(1310)   Post Evacuate Collection Set: 10.0ms
[2026-01-16T11:49:04.961+0000][gc,phases   ] GC(1310)   Other: 1.0ms
[2026-01-16T11:49:04.961+0000][gc,heap     ] GC(1310) Eden regions: 612->0(613)
[2026-01-16T11:49:04.962+0000][gc,heap     ] GC(1310) Survivor regions: 2->1(77)
[2026-01-16T11:49:04.962+0000][gc,heap     ] GC(1310) Old regions: 83->83
[2026-01-16T11:49:04.962+0000][gc,heap     ] GC(1310) Humongous regions: 38->38
[2026-01-16T11:49:04.962+0000][gc,metaspace] GC(1310) Metaspace: 13242K(13760K)->13242K(13760K) NonClass: 12129K(12352K)->12129K(12352K) Class: 1112K(1408K)->1112K(1408K)
[2026-01-16T11:49:04.962+0000][gc          ] GC(1310) Pause Young (Normal) (G1 Evacuation Pause) 733M->121M(1024M) 58.252ms
[2026-01-16T11:49:04.962+0000][gc,cpu      ] GC(1310) User=0.24s Sys=0.03s Real=0.06s
[2026-01-16T11:49:58.383+0000][gc,start    ] GC(1311) Pause Young (Normal) (G1 Evacuation Pause)
[2026-01-16T11:49:58.388+0000][gc,task     ] GC(1311) Using 8 workers of 8 for evacuation
[2026-01-16T11:49:58.617+0000][gc,mmu      ] GC(1311) MMU target violated: 201.0ms (200.0ms/201.0ms)
[2026-01-16T11:49:58.619+0000][gc,phases   ] GC(1311)   Pre Evacuate Collection Set: 85.9ms
[2026-01-16T11:49:58.619+0000][gc,phases   ] GC(1311)   Merge Heap Roots: 9.1ms
[2026-01-16T11:49:58.620+0000][gc,phases   ] GC(1311)   Evacuate Collection Set: 101.3ms
[2026-01-16T11:49:58.620+0000][gc,phases   ] GC(1311)   Post Evacuate Collection Set: 26.0ms
[2026-01-16T11:49:58.620+0000][gc,phases   ] GC(1311)   Other: 10.5ms
[2026-01-16T11:49:58.621+0000][gc,heap     ] GC(1311) Eden regions: 613->0(612)
[2026-01-16T11:49:58.622+0000][gc,heap     ] GC(1311) Survivor regions: 1->2(77)
[2026-01-16T11:49:58.622+0000][gc,heap     ] GC(1311) Old regions: 83->83
[2026-01-16T11:49:58.622+0000][gc,heap     ] GC(1311) Humongous regions: 38->38
[2026-01-16T11:49:58.622+0000][gc,metaspace] GC(1311) Metaspace: 13242K(13760K)->13242K(13760K) NonClass: 12129K(12352K)->12129K(12352K) Class: 1112K(1408K)->1112K(1408K)
[2026-01-16T11:49:58.626+0000][gc          ] GC(1311) Pause Young (Normal) (G1 Evacuation Pause) 734M->121M(1024M) 243.808ms
[2026-01-16T11:49:58.636+0000][gc,cpu      ] GC(1311) User=0.28s Sys=0.03s Real=0.26s
[2026-01-16T11:50:48.629+0000][gc,start    ] GC(1312) Pause Young (Normal) (G1 Evacuation Pause)
[2026-01-16T11:50:48.630+0000][gc,task     ] GC(1312) Using 8 workers of 8 for evacuation
[2026-01-16T11:50:48.695+0000][gc,phases   ] GC(1312)   Pre Evacuate Collection Set: 16.1ms
[2026-01-16T11:50:48.695+0000][gc,phases   ] GC(1312)   Merge Heap Roots: 1.2ms
[2026-01-16T11:50:48.695+0000][gc,phases   ] GC(1312)   Evacuate Collection Set: 39.0ms
[2026-01-16T11:50:48.695+0000][gc,phases   ] GC(1312)   Post Evacuate Collection Set: 7.5ms
[2026-01-16T11:50:48.696+0000][gc,phases   ] GC(1312)   Other: 0.9ms
[2026-01-16T11:50:48.696+0000][gc,heap     ] GC(1312) Eden regions: 612->0(612)
[2026-01-16T11:50:48.696+0000][gc,heap     ] GC(1312) Survivor regions: 2->2(77)
[2026-01-16T11:50:48.696+0000][gc,heap     ] GC(1312) Old regions: 83->83
[2026-01-16T11:50:48.697+0000][gc,heap     ] GC(1312) Humongous regions: 38->38
[2026-01-16T11:50:48.697+0000][gc,metaspace] GC(1312) Metaspace: 13242K(13760K)->13242K(13760K) NonClass: 12130K(12352K)->12130K(12352K) Class: 1112K(1408K)->1112K(1408K)
[2026-01-16T11:50:48.697+0000][gc          ] GC(1312) Pause Young (Normal) (G1 Evacuation Pause) 733M->122M(1024M) 67.659ms
[2026-01-16T11:50:48.697+0000][gc,cpu      ] GC(1312) User=0.33s Sys=0.03s Real=0.07s
[2026-01-16T11:51:44.866+0000][gc,start    ] GC(1313) Pause Young (Normal) (G1 Evacuation Pause)
[2026-01-16T11:51:44.867+0000][gc,task     ] GC(1313) Using 8 workers of 8 for evacuation
[2026-01-16T11:51:44.918+0000][gc,phases   ] GC(1313)   Pre Evacuate Collection Set: 4.4ms
[2026-01-16T11:51:44.918+0000][gc,phases   ] GC(1313)   Merge Heap Roots: 1.7ms
[2026-01-16T11:51:44.919+0000][gc,phases   ] GC(1313)   Evacuate Collection Set: 37.9ms
[2026-01-16T11:51:44.919+0000][gc,phases   ] GC(1313)   Post Evacuate Collection Set: 6.1ms
[2026-01-16T11:51:44.919+0000][gc,phases   ] GC(1313)   Other: 1.0ms
[2026-01-16T11:51:44.920+0000][gc,heap     ] GC(1313) Eden regions: 612->0(613)
[2026-01-16T11:51:44.920+0000][gc,heap     ] GC(1313) Survivor regions: 2->1(77)
[2026-01-16T11:51:44.921+0000][gc,heap     ] GC(1313) Old regions: 83->83
[2026-01-16T11:51:44.922+0000][gc,heap     ] GC(1313) Humongous regions: 38->38
[2026-01-16T11:51:44.923+0000][gc,metaspace] GC(1313) Metaspace: 13242K(13760K)->13242K(13760K) NonClass: 12130K(12352K)->12130K(12352K) Class: 1112K(1408K)->1112K(1408K)
[2026-01-16T11:51:44.923+0000][gc          ] GC(1313) Pause Young (Normal) (G1 Evacuation Pause) 734M->121M(1024M) 57.169ms
[2026-01-16T11:51:44.923+0000][gc,cpu      ] GC(1313) User=0.17s Sys=0.01s Real=0.06s
[2026-01-16T11:52:35.359+0000][gc,start    ] GC(1314) Pause Young (Normal) (G1 Evacuation Pause)
[2026-01-16T11:52:35.361+0000][gc,task     ] GC(1314) Using 8 workers of 8 for evacuation
[2026-01-16T11:52:35.418+0000][gc,phases   ] GC(1314)   Pre Evacuate Collection Set: 10.9ms
[2026-01-16T11:52:35.418+0000][gc,phases   ] GC(1314)   Merge Heap Roots: 0.3ms
[2026-01-16T11:52:35.418+0000][gc,phases   ] GC(1314)   Evacuate Collection Set: 29.5ms
[2026-01-16T11:52:35.418+0000][gc,phases   ] GC(1314)   Post Evacuate Collection Set: 9.6ms
[2026-01-16T11:52:35.418+0000][gc,phases   ] GC(1314)   Other: 6.9ms
[2026-01-16T11:52:35.418+0000][gc,heap     ] GC(1314) Eden regions: 613->0(612)
[2026-01-16T11:52:35.418+0000][gc,heap     ] GC(1314) Survivor regions: 1->2(77)
[2026-01-16T11:52:35.418+0000][gc,heap     ] GC(1314) Old regions: 83->83
[2026-01-16T11:52:35.418+0000][gc,heap     ] GC(1314) Humongous regions: 38->38
[2026-01-16T11:52:35.418+0000][gc,metaspace] GC(1314) Metaspace: 13242K(13760K)->13242K(13760K) NonClass: 12130K(12352K)->12130K(12352K) Class: 1112K(1408K)->1112K(1408K)
[2026-01-16T11:52:35.419+0000][gc          ] GC(1314) Pause Young (Normal) (G1 Evacuation Pause) 734M->121M(1024M) 59.406ms
[2026-01-16T11:52:35.419+0000][gc,cpu      ] GC(1314) User=0.23s Sys=0.02s Real=0.06s
[2026-01-16T11:53:28.774+0000][gc,start    ] GC(1315) Pause Young (Normal) (G1 Evacuation Pause)
[2026-01-16T11:53:28.775+0000][gc,task     ] GC(1315) Using 8 workers of 8 for evacuation
[2026-01-16T11:53:28.971+0000][gc,phases   ] GC(1315)   Pre Evacuate Collection Set: 44.0ms
[2026-01-16T11:53:28.972+0000][gc,phases   ] GC(1315)   Merge Heap Roots: 5.6ms
[2026-01-16T11:53:28.972+0000][gc,phases   ] GC(1315)   Evacuate Collection Set: 85.2ms
[2026-01-16T11:53:28.972+0000][gc,phases   ] GC(1315)   Post Evacuate Collection Set: 59.5ms
[2026-01-16T11:53:28.972+0000][gc,phases   ] GC(1315)   Other: 2.0ms
[2026-01-16T11:53:28.972+0000][gc,heap     ] GC(1315) Eden regions: 612->0(612)
[2026-01-16T11:53:28.972+0000][gc,heap     ] GC(1315) Survivor regions: 2->2(77)
[2026-01-16T11:53:28.978+0000][gc,heap     ] GC(1315) Old regions: 83->83
[2026-01-16T11:53:28.978+0000][gc,heap     ] GC(1315) Humongous regions: 38->38
[2026-01-16T11:53:28.978+0000][gc,metaspace] GC(1315) Metaspace: 13242K(13760K)->13242K(13760K) NonClass: 12130K(12352K)->12130K(12352K) Class: 1112K(1408K)->1112K(1408K)
[2026-01-16T11:53:28.979+0000][gc          ] GC(1315) Pause Young (Normal) (G1 Evacuation Pause) 733M->122M(1024M) 205.369ms
[2026-01-16T11:53:28.979+0000][gc,cpu      ] GC(1315) User=0.26s Sys=0.02s Real=0.21s
[2026-01-16T11:54:25.846+0000][gc,start    ] GC(1316) Pause Young (Normal) (G1 Evacuation Pause)
[2026-01-16T11:54:25.851+0000][gc,task     ] GC(1316) Using 8 workers of 8 for evacuation
[2026-01-16T11:54:26.158+0000][gc,mmu      ] GC(1316) MMU target violated: 201.0ms (200.0ms/201.0ms)
[2026-01-16T11:54:26.163+0000][gc,phases   ] GC(1316)   Pre Evacuate Collection Set: 54.9ms
[2026-01-16T11:54:26.163+0000][gc,phases   ] GC(1316)   Merge Heap Roots: 1.9ms
[2026-01-16T11:54:26.163+0000][gc,phases   ] GC(1316)   Evacuate Collection Set: 218.5ms
[2026-01-16T11:54:26.167+0000][gc,phases   ] GC(1316)   Post Evacuate Collection Set: 25.1ms
[2026-01-16T11:54:26.167+0000][gc,phases   ] GC(1316)   Other: 11.5ms
[2026-01-16T11:54:26.168+0000][gc,heap     ] GC(1316) Eden regions: 612->0(87)
[2026-01-16T11:54:26.169+0000][gc,heap     ] GC(1316) Survivor regions: 2->2(77)
[2026-01-16T11:54:26.170+0000][gc,heap     ] GC(1316) Old regions: 83->83
[2026-01-16T11:54:26.170+0000][gc,heap     ] GC(1316) Humongous regions: 38->38
[2026-01-16T11:54:26.170+0000][gc,metaspace] GC(1316) Metaspace: 13242K(13760K)->13242K(13760K) NonClass: 12130K(12352K)->12130K(12352K) Class: 1112K(1408K)->1112K(1408K)
[2026-01-16T11:54:26.172+0000][gc          ] GC(1316) Pause Young (Normal) (G1 Evacuation Pause) 734M->121M(1024M) 325.579ms
[2026-01-16T11:54:26.173+0000][gc,cpu      ] GC(1316) User=0.41s Sys=0.04s Real=0.33s
[2026-01-16T11:54:34.979+0000][gc,start    ] GC(1317) Pause Young (Normal) (G1 Evacuation Pause)
[2026-01-16T11:54:34.988+0000][gc,task     ] GC(1317) Using 8 workers of 8 for evacuation
[2026-01-16T11:54:35.223+0000][gc,mmu      ] GC(1317) MMU target violated: 201.0ms (200.0ms/201.0ms)
[2026-01-16T11:54:35.229+0000][gc,phases   ] GC(1317)   Pre Evacuate Collection Set: 49.6ms
[2026-01-16T11:54:35.231+0000][gc,phases   ] GC(1317)   Merge Heap Roots: 9.1ms
[2026-01-16T11:54:35.231+0000][gc,phases   ] GC(1317)   Evacuate Collection Set: 118.5ms
[2026-01-16T11:54:35.231+0000][gc,phases   ] GC(1317)   Post Evacuate Collection Set: 55.6ms
[2026-01-16T11:54:35.234+0000][gc,phases   ] GC(1317)   Other: 10.1ms
[2026-01-16T11:54:35.236+0000][gc,heap     ] GC(1317) Eden regions: 84->0(387)
[2026-01-16T11:54:35.239+0000][gc,heap     ] GC(1317) Survivor regions: 2->1(11)
[2026-01-16T11:54:35.241+0000][gc,heap     ] GC(1317) Old regions: 83->83
[2026-01-16T11:54:35.243+0000][gc,heap     ] GC(1317) Humongous regions: 38->38
[2026-01-16T11:54:35.246+0000][gc,metaspace] GC(1317) Metaspace: 13242K(13760K)->13242K(13760K) NonClass: 12130K(12352K)->12130K(12352K) Class: 1112K(1408K)->1112K(1408K)
[2026-01-16T11:54:35.248+0000][gc          ] GC(1317) Pause Young (Normal) (G1 Evacuation Pause) 205M->121M(1024M) 269.168ms
[2026-01-16T11:54:35.248+0000][gc,cpu      ] GC(1317) User=0.23s Sys=0.01s Real=0.27s
[2026-01-16T11:54:47.385+0000][gc,start    ] GC(1318) Pause Young (Normal) (G1 Evacuation Pause)
[2026-01-16T11:54:47.387+0000][gc,task     ] GC(1318) Using 8 workers of 8 for evacuation
[2026-01-16T11:54:47.960+0000][gc,mmu      ] GC(1318) MMU target violated: 201.0ms (200.0ms/201.0ms)
[2026-01-16T11:54:47.961+0000][gc,phases   ] GC(1318)   Pre Evacuate Collection Set: 54.8ms
[2026-01-16T11:54:47.962+0000][gc,phases   ] GC(1318)   Merge Heap Roots: 59.4ms
[2026-01-16T11:54:47.964+0000][gc,phases   ] GC(1318)   Evacuate Collection Set: 435.1ms
[2026-01-16T11:54:47.966+0000][gc,phases   ] GC(1318)   Post Evacuate Collection Set: 18.7ms
[2026-01-16T11:54:47.971+0000][gc,phases   ] GC(1318)   Other: 7.2ms
[2026-01-16T11:54:47.971+0000][gc,heap     ] GC(1318) Eden regions: 136->0(50)
[2026-01-16T11:54:47.972+0000][gc,heap     ] GC(1318) Survivor regions: 1->1(18)
[2026-01-16T11:54:47.972+0000][gc,heap     ] GC(1318) Old regions: 83->83
[2026-01-16T11:54:47.972+0000][gc,heap     ] GC(1318) Humongous regions: 38->38
[2026-01-16T11:54:47.972+0000][gc,metaspace] GC(1318) Metaspace: 13242K(13760K)->13242K(13760K) NonClass: 12130K(12352K)->12130K(12352K) Class: 1112K(1408K)->1112K(1408K)
[2026-01-16T11:54:47.973+0000][gc          ] GC(1318) Pause Young (Normal) (G1 Evacuation Pause) 257M->121M(1024M) 588.154ms
[2026-01-16T11:54:47.976+0000][gc,cpu      ] GC(1318) User=0.27s Sys=0.02s Real=0.59s
[2026-01-16T11:54:49.841+0000][gc,start    ] GC(1319) Pause Young (Normal) (G1 Evacuation Pause)
[2026-01-16T11:54:49.845+0000][gc,task     ] GC(1319) Using 8 workers of 8 for evacuation
[2026-01-16T11:54:50.086+0000][gc,mmu      ] GC(1319) MMU target violated: 201.0ms (200.0ms/201.0ms)
[2026-01-16T11:54:50.087+0000][gc,phases   ] GC(1319)   Pre Evacuate Collection Set: 57.7ms
[2026-01-16T11:54:50.088+0000][gc,phases   ] GC(1319)   Merge Heap Roots: 17.6ms
[2026-01-16T11:54:50.089+0000][gc,phases   ] GC(1319)   Evacuate Collection Set: 143.3ms
[2026-01-16T11:54:50.090+0000][gc,phases   ] GC(1319)   Post Evacuate Collection Set: 15.7ms
[2026-01-16T11:54:50.090+0000][gc,phases   ] GC(1319)   Other: 7.7ms
[2026-01-16T11:54:50.091+0000][gc,heap     ] GC(1319) Eden regions: 50->0(49)
[2026-01-16T11:54:50.091+0000][gc,heap     ] GC(1319) Survivor regions: 1->2(7)
[2026-01-16T11:54:50.091+0000][gc,heap     ] GC(1319) Old regions: 83->83
[2026-01-16T11:54:50.092+0000][gc,heap     ] GC(1319) Humongous regions: 38->38
[2026-01-16T11:54:50.094+0000][gc,metaspace] GC(1319) Metaspace: 13242K(13760K)->13242K(13760K) NonClass: 12130K(12352K)->12130K(12352K) Class: 1112K(1408K)->1112K(1408K)
[2026-01-16T11:54:50.098+0000][gc          ] GC(1319) Pause Young (Normal) (G1 Evacuation Pause) 171M->121M(1024M) 256.895ms
[2026-01-16T11:54:50.100+0000][gc,cpu      ] GC(1319) User=0.13s Sys=0.03s Real=0.25s
[2026-01-16T11:54:55.597+0000][gc,start    ] GC(1320) Pause Young (Normal) (G1 Evacuation Pause)
[2026-01-16T11:54:55.603+0000][gc,task     ] GC(1320) Using 8 workers of 8 for evacuation
[2026-01-16T11:54:55.735+0000][gc,phases   ] GC(1320)   Pre Evacuate Collection Set: 28.8ms
[2026-01-16T11:54:55.737+0000][gc,phases   ] GC(1320)   Merge Heap Roots: 0.3ms
[2026-01-16T11:54:55.738+0000][gc,phases   ] GC(1320)   Evacuate Collection Set: 78.1ms
[2026-01-16T11:54:55.738+0000][gc,phases   ] GC(1320)   Post Evacuate Collection Set: 20.8ms
[2026-01-16T11:54:55.739+0000][gc,phases   ] GC(1320)   Other: 6.0ms
[2026-01-16T11:54:55.739+0000][gc,heap     ] GC(1320) Eden regions: 49->0(50)
[2026-01-16T11:54:55.741+0000][gc,heap     ] GC(1320) Survivor regions: 2->1(7)
[2026-01-16T11:54:55.743+0000][gc,heap     ] GC(1320) Old regions: 83->83
[2026-01-16T11:54:55.744+0000][gc,heap     ] GC(1320) Humongous regions: 38->38
[2026-01-16T11:54:55.746+0000][gc,metaspace] GC(1320) Metaspace: 13242K(13760K)->13242K(13760K) NonClass: 12130K(12352K)->12130K(12352K) Class: 1112K(1408K)->1112K(1408K)
[2026-01-16T11:54:55.748+0000][gc          ] GC(1320) Pause Young (Normal) (G1 Evacuation Pause) 170M->121M(1024M) 150.960ms
[2026-01-16T11:54:55.748+0000][gc,cpu      ] GC(1320) User=0.14s Sys=0.01s Real=0.15s
[2026-01-16T11:54:57.424+0000][gc,start    ] GC(1321) Pause Young (Normal) (G1 Evacuation Pause)
[2026-01-16T11:54:57.425+0000][gc,task     ] GC(1321) Using 8 workers of 8 for evacuation
[2026-01-16T11:54:57.538+0000][gc,phases   ] GC(1321)   Pre Evacuate Collection Set: 10.0ms
[2026-01-16T11:54:57.538+0000][gc,phases   ] GC(1321)   Merge Heap Roots: 2.8ms
[2026-01-16T11:54:57.539+0000][gc,phases   ] GC(1321)   Evacuate Collection Set: 78.6ms
[2026-01-16T11:54:57.539+0000][gc,phases   ] GC(1321)   Post Evacuate Collection Set: 20.1ms
[2026-01-16T11:54:57.539+0000][gc,phases   ] GC(1321)   Other: 1.9ms
[2026-01-16T11:54:57.539+0000][gc,heap     ] GC(1321) Eden regions: 50->0(49)
[2026-01-16T11:54:57.539+0000][gc,heap     ] GC(1321) Survivor regions: 1->2(7)
[2026-01-16T11:54:57.539+0000][gc,heap     ] GC(1321) Old regions: 83->83
[2026-01-16T11:54:57.539+0000][gc,heap     ] GC(1321) Humongous regions: 38->38
[2026-01-16T11:54:57.539+0000][gc,metaspace] GC(1321) Metaspace: 13242K(13760K)->13242K(13760K) NonClass: 12130K(12352K)->12130K(12352K) Class: 1112K(1408K)->1112K(1408K)
[2026-01-16T11:54:57.539+0000][gc          ] GC(1321) Pause Young (Normal) (G1 Evacuation Pause) 171M->121M(1024M) 115.210ms
[2026-01-16T11:54:57.539+0000][gc,cpu      ] GC(1321) User=0.07s Sys=0.01s Real=0.11s
[2026-01-16T11:54:58.341+0000][gc,start    ] GC(1322) Pause Young (Normal) (G1 Evacuation Pause)
[2026-01-16T11:54:58.365+0000][gc,task     ] GC(1322) Using 8 workers of 8 for evacuation
[2026-01-16T11:54:58.418+0000][gc,phases   ] GC(1322)   Pre Evacuate Collection Set: 3.2ms
[2026-01-16T11:54:58.420+0000][gc,phases   ] GC(1322)   Merge Heap Roots: 0.2ms
[2026-01-16T11:54:58.420+0000][gc,phases   ] GC(1322)   Evacuate Collection Set: 15.9ms
[2026-01-16T11:54:58.421+0000][gc,phases   ] GC(1322)   Post Evacuate Collection Set: 10.4ms
[2026-01-16T11:54:58.421+0000][gc,phases   ] GC(1322)   Other: 22.8ms
[2026-01-16T11:54:58.423+0000][gc,heap     ] GC(1322) Eden regions: 49->0(49)
[2026-01-16T11:54:58.424+0000][gc,heap     ] GC(1322) Survivor regions: 2->2(7)
[2026-01-16T11:54:58.424+0000][gc,heap     ] GC(1322) Old regions: 83->83
[2026-01-16T11:54:58.426+0000][gc,heap     ] GC(1322) Humongous regions: 38->38
[2026-01-16T11:54:58.427+0000][gc,metaspace] GC(1322) Metaspace: 13242K(13760K)->13242K(13760K) NonClass: 12130K(12352K)->12130K(12352K) Class: 1112K(1408K)->1112K(1408K)
[2026-01-16T11:54:58.427+0000][gc          ] GC(1322) Pause Young (Normal) (G1 Evacuation Pause) 170M->122M(1024M) 85.796ms
[2026-01-16T11:54:58.427+0000][gc,cpu      ] GC(1322) User=0.03s Sys=0.00s Real=0.08s
[2026-01-16T11:55:06.011+0000][gc,start    ] GC(1323) Pause Young (Normal) (G1 Evacuation Pause)
[2026-01-16T11:55:06.014+0000][gc,task     ] GC(1323) Using 8 workers of 8 for evacuation
[2026-01-16T11:55:06.151+0000][gc,phases   ] GC(1323)   Pre Evacuate Collection Set: 66.4ms
[2026-01-16T11:55:06.156+0000][gc,phases   ] GC(1323)   Merge Heap Roots: 1.1ms
[2026-01-16T11:55:06.156+0000][gc,phases   ] GC(1323)   Evacuate Collection Set: 56.5ms
[2026-01-16T11:55:06.158+0000][gc,phases   ] GC(1323)   Post Evacuate Collection Set: 9.5ms
[2026-01-16T11:55:06.161+0000][gc,phases   ] GC(1323)   Other: 1.4ms
[2026-01-16T11:55:06.164+0000][gc,heap     ] GC(1323) Eden regions: 49->0(53)
[2026-01-16T11:55:06.164+0000][gc,heap     ] GC(1323) Survivor regions: 2->2(7)
[2026-01-16T11:55:06.164+0000][gc,heap     ] GC(1323) Old regions: 83->83
[2026-01-16T11:55:06.164+0000][gc,heap     ] GC(1323) Humongous regions: 38->38
[2026-01-16T11:55:06.165+0000][gc,metaspace] GC(1323) Metaspace: 13242K(13760K)->13242K(13760K) NonClass: 12130K(12352K)->12130K(12352K) Class: 1112K(1408K)->1112K(1408K)
[2026-01-16T11:55:06.165+0000][gc          ] GC(1323) Pause Young (Normal) (G1 Evacuation Pause) 171M->121M(1024M) 153.927ms
[2026-01-16T11:55:06.165+0000][gc,cpu      ] GC(1323) User=0.12s Sys=0.01s Real=0.16s
[2026-01-16T11:55:15.244+0000][gc,start    ] GC(1324) Pause Young (Normal) (G1 Evacuation Pause)
[2026-01-16T11:55:15.248+0000][gc,task     ] GC(1324) Using 8 workers of 8 for evacuation
[2026-01-16T11:55:15.449+0000][gc,phases   ] GC(1324)   Pre Evacuate Collection Set: 50.6ms
[2026-01-16T11:55:15.450+0000][gc,phases   ] GC(1324)   Merge Heap Roots: 0.6ms
[2026-01-16T11:55:15.450+0000][gc,phases   ] GC(1324)   Evacuate Collection Set: 117.3ms
[2026-01-16T11:55:15.450+0000][gc,phases   ] GC(1324)   Post Evacuate Collection Set: 30.0ms
[2026-01-16T11:55:15.450+0000][gc,phases   ] GC(1324)   Other: 2.4ms
[2026-01-16T11:55:15.450+0000][gc,heap     ] GC(1324) Eden regions: 77->0(124)
[2026-01-16T11:55:15.450+0000][gc,heap     ] GC(1324) Survivor regions: 2->1(10)
[2026-01-16T11:55:15.450+0000][gc,heap     ] GC(1324) Old regions: 83->83
[2026-01-16T11:55:15.450+0000][gc,heap     ] GC(1324) Humongous regions: 38->38
[2026-01-16T11:55:15.450+0000][gc,metaspace] GC(1324) Metaspace: 13242K(13760K)->13242K(13760K) NonClass: 12130K(12352K)->12130K(12352K) Class: 1112K(1408K)->1112K(1408K)
[2026-01-16T11:55:15.450+0000][gc          ] GC(1324) Pause Young (Normal) (G1 Evacuation Pause) 198M->121M(1024M) 205.899ms
[2026-01-16T11:55:15.454+0000][gc,cpu      ] GC(1324) User=0.15s Sys=0.01s Real=0.21s
[2026-01-16T11:55:19.321+0000][gc,start    ] GC(1325) Pause Young (Normal) (G1 Evacuation Pause)
[2026-01-16T11:55:19.324+0000][gc,task     ] GC(1325) Using 8 workers of 8 for evacuation
[2026-01-16T11:55:19.521+0000][gc,phases   ] GC(1325)   Pre Evacuate Collection Set: 50.2ms
[2026-01-16T11:55:19.521+0000][gc,phases   ] GC(1325)   Merge Heap Roots: 18.7ms
[2026-01-16T11:55:19.522+0000][gc,phases   ] GC(1325)   Evacuate Collection Set: 116.1ms
[2026-01-16T11:55:19.522+0000][gc,phases   ] GC(1325)   Post Evacuate Collection Set: 10.7ms
[2026-01-16T11:55:19.522+0000][gc,phases   ] GC(1325)   Other: 1.2ms
[2026-01-16T11:55:19.522+0000][gc,heap     ] GC(1325) Eden regions: 93->0(49)
[2026-01-16T11:55:19.522+0000][gc,heap     ] GC(1325) Survivor regions: 1->2(12)
[2026-01-16T11:55:19.522+0000][gc,heap     ] GC(1325) Old regions: 83->83
[2026-01-16T11:55:19.522+0000][gc,heap     ] GC(1325) Humongous regions: 38->38
[2026-01-16T11:55:19.522+0000][gc,metaspace] GC(1325) Metaspace: 13242K(13760K)->13242K(13760K) NonClass: 12130K(12352K)->12130K(12352K) Class: 1112K(1408K)->1112K(1408K)
[2026-01-16T11:55:19.522+0000][gc          ] GC(1325) Pause Young (Normal) (G1 Evacuation Pause) 214M->122M(1024M) 200.556ms
[2026-01-16T11:55:19.522+0000][gc,cpu      ] GC(1325) User=0.15s Sys=0.03s Real=0.20s
[2026-01-16T11:55:28.917+0000][gc,start    ] GC(1326) Pause Young (Normal) (G1 Evacuation Pause)
[2026-01-16T11:55:28.918+0000][gc,task     ] GC(1326) Using 8 workers of 8 for evacuation
[2026-01-16T11:55:29.144+0000][gc,mmu      ] GC(1326) MMU target violated: 201.0ms (200.0ms/201.0ms)
[2026-01-16T11:55:29.146+0000][gc,phases   ] GC(1326)   Pre Evacuate Collection Set: 68.7ms
[2026-01-16T11:55:29.146+0000][gc,phases   ] GC(1326)   Merge Heap Roots: 2.7ms
[2026-01-16T11:55:29.146+0000][gc,phases   ] GC(1326)   Evacuate Collection Set: 143.9ms
[2026-01-16T11:55:29.147+0000][gc,phases   ] GC(1326)   Post Evacuate Collection Set: 9.5ms
[2026-01-16T11:55:29.147+0000][gc,phases   ] GC(1326)   Other: 3.4ms
[2026-01-16T11:55:29.147+0000][gc,heap     ] GC(1326) Eden regions: 85->0(62)
[2026-01-16T11:55:29.148+0000][gc,heap     ] GC(1326) Survivor regions: 2->2(11)
[2026-01-16T11:55:29.148+0000][gc,heap     ] GC(1326) Old regions: 83->83
[2026-01-16T11:55:29.149+0000][gc,heap     ] GC(1326) Humongous regions: 38->38
[2026-01-16T11:55:29.151+0000][gc,metaspace] GC(1326) Metaspace: 13242K(13760K)->13242K(13760K) NonClass: 12130K(12352K)->12130K(12352K) Class: 1112K(1408K)->1112K(1408K)
[2026-01-16T11:55:29.155+0000][gc          ] GC(1326) Pause Young (Normal) (G1 Evacuation Pause) 207M->121M(1024M) 237.907ms
[2026-01-16T11:55:29.159+0000][gc,cpu      ] GC(1326) User=0.13s Sys=0.00s Real=0.25s
[2026-01-16T11:55:36.303+0000][gc,start    ] GC(1327) Pause Young (Normal) (G1 Evacuation Pause)
[2026-01-16T11:55:36.313+0000][gc,task     ] GC(1327) Using 8 workers of 8 for evacuation
[2026-01-16T11:55:36.861+0000][gc,mmu      ] GC(1327) MMU target violated: 201.0ms (200.0ms/201.0ms)
[2026-01-16T11:55:36.861+0000][gc,phases   ] GC(1327)   Pre Evacuate Collection Set: 112.8ms
[2026-01-16T11:55:36.865+0000][gc,phases   ] GC(1327)   Merge Heap Roots: 7.1ms
[2026-01-16T11:55:36.867+0000][gc,phases   ] GC(1327)   Evacuate Collection Set: 393.4ms
[2026-01-16T11:55:36.868+0000][gc,phases   ] GC(1327)   Post Evacuate Collection Set: 32.5ms
[2026-01-16T11:55:36.869+0000][gc,phases   ] GC(1327)   Other: 2.4ms
[2026-01-16T11:55:36.869+0000][gc,heap     ] GC(1327) Eden regions: 100->0(50)
[2026-01-16T11:55:36.869+0000][gc,heap     ] GC(1327) Survivor regions: 2->1(13)
[2026-01-16T11:55:36.870+0000][gc,heap     ] GC(1327) Old regions: 83->83
[2026-01-16T11:55:36.870+0000][gc,heap     ] GC(1327) Humongous regions: 38->38
[2026-01-16T11:55:36.870+0000][gc,metaspace] GC(1327) Metaspace: 13242K(13760K)->13242K(13760K) NonClass: 12130K(12352K)->12130K(12352K) Class: 1112K(1408K)->1112K(1408K)
[2026-01-16T11:55:36.872+0000][gc          ] GC(1327) Pause Young (Normal) (G1 Evacuation Pause) 221M->121M(1024M) 568.541ms
[2026-01-16T11:55:36.873+0000][gc,cpu      ] GC(1327) User=0.21s Sys=0.01s Real=0.57s
[2026-01-16T11:55:39.253+0000][gc,start    ] GC(1328) Pause Young (Normal) (G1 Evacuation Pause)
[2026-01-16T11:55:39.261+0000][gc,task     ] GC(1328) Using 8 workers of 8 for evacuation
[2026-01-16T11:55:39.815+0000][gc,mmu      ] GC(1328) MMU target violated: 201.0ms (200.0ms/201.0ms)
[2026-01-16T11:55:39.817+0000][gc,phases   ] GC(1328)   Pre Evacuate Collection Set: 112.7ms
[2026-01-16T11:55:39.818+0000][gc,phases   ] GC(1328)   Merge Heap Roots: 10.8ms
[2026-01-16T11:55:39.819+0000][gc,phases   ] GC(1328)   Evacuate Collection Set: 380.9ms
[2026-01-16T11:55:39.822+0000][gc,phases   ] GC(1328)   Post Evacuate Collection Set: 44.7ms
[2026-01-16T11:55:39.823+0000][gc,phases   ] GC(1328)   Other: 7.3ms
[2026-01-16T11:55:39.824+0000][gc,heap     ] GC(1328) Eden regions: 50->0(49)
[2026-01-16T11:55:39.825+0000][gc,heap     ] GC(1328) Survivor regions: 1->2(7)
[2026-01-16T11:55:39.830+0000][gc,heap     ] GC(1328) Old regions: 83->83
[2026-01-16T11:55:39.833+0000][gc,heap     ] GC(1328) Humongous regions: 38->38
[2026-01-16T11:55:39.835+0000][gc,metaspace] GC(1328) Metaspace: 13242K(13760K)->13242K(13760K) NonClass: 12130K(12352K)->12130K(12352K) Class: 1112K(1408K)->1112K(1408K)
[2026-01-16T11:55:39.837+0000][gc          ] GC(1328) Pause Young (Normal) (G1 Evacuation Pause) 171M->122M(1024M) 584.101ms
[2026-01-16T11:55:39.839+0000][gc,cpu      ] GC(1328) User=0.20s Sys=0.01s Real=0.59s
[2026-01-16T11:55:46.192+0000][gc,start    ] GC(1329) Pause Young (Normal) (G1 Evacuation Pause)
[2026-01-16T11:55:46.195+0000][gc,task     ] GC(1329) Using 8 workers of 8 for evacuation
[2026-01-16T11:55:46.507+0000][gc,mmu      ] GC(1329) MMU target violated: 201.0ms (200.0ms/201.0ms)
[2026-01-16T11:55:46.510+0000][gc,phases   ] GC(1329)   Pre Evacuate Collection Set: 46.8ms
[2026-01-16T11:55:46.510+0000][gc,phases   ] GC(1329)   Merge Heap Roots: 3.2ms
[2026-01-16T11:55:46.510+0000][gc,phases   ] GC(1329)   Evacuate Collection Set: 253.2ms
[2026-01-16T11:55:46.512+0000][gc,phases   ] GC(1329)   Post Evacuate Collection Set: 7.4ms
[2026-01-16T11:55:46.512+0000][gc,phases   ] GC(1329)   Other: 5.1ms
[2026-01-16T11:55:46.512+0000][gc,heap     ] GC(1329) Eden regions: 49->0(50)
[2026-01-16T11:55:46.512+0000][gc,heap     ] GC(1329) Survivor regions: 2->1(7)
[2026-01-16T11:55:46.512+0000][gc,heap     ] GC(1329) Old regions: 83->83
[2026-01-16T11:55:46.512+0000][gc,heap     ] GC(1329) Humongous regions: 38->38
[2026-01-16T11:55:46.514+0000][gc,metaspace] GC(1329) Metaspace: 13242K(13760K)->13242K(13760K) NonClass: 12130K(12352K)->12130K(12352K) Class: 1112K(1408K)->1112K(1408K)
[2026-01-16T11:55:46.515+0000][gc          ] GC(1329) Pause Young (Normal) (G1 Evacuation Pause) 171M->121M(1024M) 322.581ms
[2026-01-16T11:55:46.516+0000][gc,cpu      ] GC(1329) User=0.14s Sys=0.01s Real=0.33s
[2026-01-16T11:55:48.103+0000][gc,start    ] GC(1330) Pause Young (Normal) (G1 Evacuation Pause)
[2026-01-16T11:55:48.107+0000][gc,task     ] GC(1330) Using 8 workers of 8 for evacuation
[2026-01-16T11:55:48.274+0000][gc,phases   ] GC(1330)   Pre Evacuate Collection Set: 20.3ms
[2026-01-16T11:55:48.279+0000][gc,phases   ] GC(1330)   Merge Heap Roots: 0.4ms
[2026-01-16T11:55:48.280+0000][gc,phases   ] GC(1330)   Evacuate Collection Set: 120.4ms
[2026-01-16T11:55:48.280+0000][gc,phases   ] GC(1330)   Post Evacuate Collection Set: 17.4ms
[2026-01-16T11:55:48.280+0000][gc,phases   ] GC(1330)   Other: 8.5ms
[2026-01-16T11:55:48.280+0000][gc,heap     ] GC(1330) Eden regions: 50->0(49)
[2026-01-16T11:55:48.280+0000][gc,heap     ] GC(1330) Survivor regions: 1->2(7)
[2026-01-16T11:55:48.280+0000][gc,heap     ] GC(1330) Old regions: 83->83
[2026-01-16T11:55:48.280+0000][gc,heap     ] GC(1330) Humongous regions: 38->38
[2026-01-16T11:55:48.280+0000][gc,metaspace] GC(1330) Metaspace: 13242K(13760K)->13242K(13760K) NonClass: 12130K(12352K)->12130K(12352K) Class: 1112K(1408K)->1112K(1408K)
[2026-01-16T11:55:48.280+0000][gc          ] GC(1330) Pause Young (Normal) (G1 Evacuation Pause) 171M->122M(1024M) 176.509ms
[2026-01-16T11:55:48.280+0000][gc,cpu      ] GC(1330) User=0.05s Sys=0.00s Real=0.17s
[2026-01-16T11:55:55.639+0000][gc,start    ] GC(1331) Pause Young (Normal) (G1 Evacuation Pause)
[2026-01-16T11:55:55.655+0000][gc,task     ] GC(1331) Using 8 workers of 8 for evacuation
[2026-01-16T11:55:55.904+0000][gc,mmu      ] GC(1331) MMU target violated: 201.0ms (200.0ms/201.0ms)
[2026-01-16T11:55:55.905+0000][gc,phases   ] GC(1331)   Pre Evacuate Collection Set: 60.1ms
[2026-01-16T11:55:55.905+0000][gc,phases   ] GC(1331)   Merge Heap Roots: 0.9ms
[2026-01-16T11:55:55.908+0000][gc,phases   ] GC(1331)   Evacuate Collection Set: 156.7ms
[2026-01-16T11:55:55.910+0000][gc,phases   ] GC(1331)   Post Evacuate Collection Set: 25.5ms
[2026-01-16T11:55:55.910+0000][gc,phases   ] GC(1331)   Other: 16.5ms
[2026-01-16T11:55:55.910+0000][gc,heap     ] GC(1331) Eden regions: 49->0(50)
[2026-01-16T11:55:55.911+0000][gc,heap     ] GC(1331) Survivor regions: 2->1(7)
[2026-01-16T11:55:55.911+0000][gc,heap     ] GC(1331) Old regions: 83->83
[2026-01-16T11:55:55.912+0000][gc,heap     ] GC(1331) Humongous regions: 38->38
[2026-01-16T11:55:55.912+0000][gc,metaspace] GC(1331) Metaspace: 13242K(13760K)->13242K(13760K) NonClass: 12130K(12352K)->12130K(12352K) Class: 1112K(1408K)->1112K(1408K)
[2026-01-16T11:55:55.912+0000][gc          ] GC(1331) Pause Young (Normal) (G1 Evacuation Pause) 171M->121M(1024M) 273.247ms
[2026-01-16T11:55:55.915+0000][gc,cpu      ] GC(1331) User=0.12s Sys=0.02s Real=0.28s
[2026-01-16T11:55:57.709+0000][gc,start    ] GC(1332) Pause Young (Normal) (G1 Evacuation Pause)
[2026-01-16T11:55:57.725+0000][gc,task     ] GC(1332) Using 8 workers of 8 for evacuation
[2026-01-16T11:55:58.080+0000][gc,mmu      ] GC(1332) MMU target violated: 201.0ms (200.0ms/201.0ms)
[2026-01-16T11:55:58.080+0000][gc,phases   ] GC(1332)   Pre Evacuate Collection Set: 77.5ms
[2026-01-16T11:55:58.081+0000][gc,phases   ] GC(1332)   Merge Heap Roots: 0.5ms
[2026-01-16T11:55:58.083+0000][gc,phases   ] GC(1332)   Evacuate Collection Set: 255.5ms
[2026-01-16T11:55:58.084+0000][gc,phases   ] GC(1332)   Post Evacuate Collection Set: 7.7ms
[2026-01-16T11:55:58.089+0000][gc,phases   ] GC(1332)   Other: 27.6ms
[2026-01-16T11:55:58.089+0000][gc,heap     ] GC(1332) Eden regions: 50->0(49)
[2026-01-16T11:55:58.090+0000][gc,heap     ] GC(1332) Survivor regions: 1->2(7)
[2026-01-16T11:55:58.090+0000][gc,heap     ] GC(1332) Old regions: 83->83
[2026-01-16T11:55:58.091+0000][gc,heap     ] GC(1332) Humongous regions: 38->38
[2026-01-16T11:55:58.091+0000][gc,metaspace] GC(1332) Metaspace: 13242K(13760K)->13242K(13760K) NonClass: 12130K(12352K)->12130K(12352K) Class: 1112K(1408K)->1112K(1408K)
[2026-01-16T11:55:58.091+0000][gc          ] GC(1332) Pause Young (Normal) (G1 Evacuation Pause) 171M->121M(1024M) 382.493ms
[2026-01-16T11:55:58.092+0000][gc,cpu      ] GC(1332) User=0.16s Sys=0.02s Real=0.38s
[2026-01-16T11:56:05.216+0000][gc,start    ] GC(1333) Pause Young (Normal) (G1 Evacuation Pause)
[2026-01-16T11:56:05.225+0000][gc,task     ] GC(1333) Using 8 workers of 8 for evacuation
[2026-01-16T11:56:05.488+0000][gc,mmu      ] GC(1333) MMU target violated: 201.0ms (200.0ms/201.0ms)
[2026-01-16T11:56:05.493+0000][gc,phases   ] GC(1333)   Pre Evacuate Collection Set: 24.1ms
[2026-01-16T11:56:05.494+0000][gc,phases   ] GC(1333)   Merge Heap Roots: 3.3ms
[2026-01-16T11:56:05.494+0000][gc,phases   ] GC(1333)   Evacuate Collection Set: 217.6ms
[2026-01-16T11:56:05.497+0000][gc,phases   ] GC(1333)   Post Evacuate Collection Set: 13.0ms
[2026-01-16T11:56:05.497+0000][gc,phases   ] GC(1333)   Other: 15.8ms
[2026-01-16T11:56:05.497+0000][gc,heap     ] GC(1333) Eden regions: 49->0(55)
[2026-01-16T11:56:05.500+0000][gc,heap     ] GC(1333) Survivor regions: 2->1(7)
[2026-01-16T11:56:05.500+0000][gc,heap     ] GC(1333) Old regions: 83->83
[2026-01-16T11:56:05.500+0000][gc,heap     ] GC(1333) Humongous regions: 38->38
[2026-01-16T11:56:05.500+0000][gc,metaspace] GC(1333) Metaspace: 13242K(13760K)->13242K(13760K) NonClass: 12130K(12352K)->12130K(12352K) Class: 1112K(1408K)->1112K(1408K)
[2026-01-16T11:56:05.505+0000][gc          ] GC(1333) Pause Young (Normal) (G1 Evacuation Pause) 170M->121M(1024M) 288.489ms
[2026-01-16T11:56:05.506+0000][gc,cpu      ] GC(1333) User=0.11s Sys=0.00s Real=0.29s
[2026-01-16T11:56:08.439+0000][gc,start    ] GC(1334) Pause Young (Normal) (G1 Evacuation Pause)
[2026-01-16T11:56:08.440+0000][gc,task     ] GC(1334) Using 8 workers of 8 for evacuation
[2026-01-16T11:56:08.583+0000][gc,phases   ] GC(1334)   Pre Evacuate Collection Set: 59.5ms
[2026-01-16T11:56:08.585+0000][gc,phases   ] GC(1334)   Merge Heap Roots: 2.7ms
[2026-01-16T11:56:08.585+0000][gc,phases   ] GC(1334)   Evacuate Collection Set: 69.5ms
[2026-01-16T11:56:08.585+0000][gc,phases   ] GC(1334)   Post Evacuate Collection Set: 10.8ms
[2026-01-16T11:56:08.587+0000][gc,phases   ] GC(1334)   Other: 0.4ms
[2026-01-16T11:56:08.587+0000][gc,heap     ] GC(1334) Eden regions: 65->0(50)
[2026-01-16T11:56:08.587+0000][gc,heap     ] GC(1334) Survivor regions: 1->2(9)
[2026-01-16T11:56:08.587+0000][gc,heap     ] GC(1334) Old regions: 83->83
[2026-01-16T11:56:08.588+0000][gc,heap     ] GC(1334) Humongous regions: 38->38
[2026-01-16T11:56:08.588+0000][gc,metaspace] GC(1334) Metaspace: 13244K(13760K)->13244K(13760K) NonClass: 12131K(12352K)->12131K(12352K) Class: 1112K(1408K)->1112K(1408K)
[2026-01-16T11:56:08.588+0000][gc          ] GC(1334) Pause Young (Normal) (G1 Evacuation Pause) 186M->121M(1024M) 148.649ms
[2026-01-16T11:56:08.588+0000][gc,cpu      ] GC(1334) User=0.12s Sys=0.01s Real=0.15s
[2026-01-16T11:56:15.278+0000][gc,start    ] GC(1335) Pause Young (Normal) (G1 Evacuation Pause)
[2026-01-16T11:56:15.278+0000][gc,task     ] GC(1335) Using 8 workers of 8 for evacuation
[2026-01-16T11:56:15.419+0000][gc,phases   ] GC(1335)   Pre Evacuate Collection Set: 16.5ms
[2026-01-16T11:56:15.420+0000][gc,phases   ] GC(1335)   Merge Heap Roots: 2.1ms
[2026-01-16T11:56:15.421+0000][gc,phases   ] GC(1335)   Evacuate Collection Set: 104.5ms
[2026-01-16T11:56:15.422+0000][gc,phases   ] GC(1335)   Post Evacuate Collection Set: 13.5ms
[2026-01-16T11:56:15.422+0000][gc,phases   ] GC(1335)   Other: 4.2ms
[2026-01-16T11:56:15.423+0000][gc,heap     ] GC(1335) Eden regions: 60->0(122)
[2026-01-16T11:56:15.423+0000][gc,heap     ] GC(1335) Survivor regions: 2->1(8)
[2026-01-16T11:56:15.423+0000][gc,heap     ] GC(1335) Old regions: 83->83
[2026-01-16T11:56:15.424+0000][gc,heap     ] GC(1335) Humongous regions: 38->38
[2026-01-16T11:56:15.424+0000][gc,metaspace] GC(1335) Metaspace: 13244K(13760K)->13244K(13760K) NonClass: 12131K(12352K)->12131K(12352K) Class: 1112K(1408K)->1112K(1408K)
[2026-01-16T11:56:15.424+0000][gc          ] GC(1335) Pause Young (Normal) (G1 Evacuation Pause) 181M->121M(1024M) 146.474ms
[2026-01-16T11:56:15.425+0000][gc,cpu      ] GC(1335) User=0.12s Sys=0.00s Real=0.15s
[2026-01-16T11:56:25.401+0000][gc,start    ] GC(1336) Pause Young (Normal) (G1 Evacuation Pause)
[2026-01-16T11:56:25.407+0000][gc,task     ] GC(1336) Using 8 workers of 8 for evacuation
[2026-01-16T11:56:25.496+0000][gc,phases   ] GC(1336)   Pre Evacuate Collection Set: 34.0ms
[2026-01-16T11:56:25.496+0000][gc,phases   ] GC(1336)   Merge Heap Roots: 5.3ms
[2026-01-16T11:56:25.496+0000][gc,phases   ] GC(1336)   Evacuate Collection Set: 34.3ms
[2026-01-16T11:56:25.496+0000][gc,phases   ] GC(1336)   Post Evacuate Collection Set: 12.1ms
[2026-01-16T11:56:25.496+0000][gc,phases   ] GC(1336)   Other: 2.9ms
[2026-01-16T11:56:25.497+0000][gc,heap     ] GC(1336) Eden regions: 107->0(183)
[2026-01-16T11:56:25.497+0000][gc,heap     ] GC(1336) Survivor regions: 1->1(14)
[2026-01-16T11:56:25.497+0000][gc,heap     ] GC(1336) Old regions: 83->83
[2026-01-16T11:56:25.498+0000][gc,heap     ] GC(1336) Humongous regions: 38->38
[2026-01-16T11:56:25.498+0000][gc,metaspace] GC(1336) Metaspace: 13244K(13760K)->13244K(13760K) NonClass: 12131K(12352K)->12131K(12352K) Class: 1112K(1408K)->1112K(1408K)
[2026-01-16T11:56:25.498+0000][gc          ] GC(1336) Pause Young (Normal) (G1 Evacuation Pause) 228M->121M(1024M) 96.912ms
[2026-01-16T11:56:25.498+0000][gc,cpu      ] GC(1336) User=0.13s Sys=0.01s Real=0.09s
[2026-01-16T11:56:36.166+0000][gc,start    ] GC(1337) Pause Young (Normal) (G1 Evacuation Pause)
[2026-01-16T11:56:36.175+0000][gc,task     ] GC(1337) Using 8 workers of 8 for evacuation
[2026-01-16T11:56:36.291+0000][gc,phases   ] GC(1337)   Pre Evacuate Collection Set: 20.2ms
[2026-01-16T11:56:36.294+0000][gc,phases   ] GC(1337)   Merge Heap Roots: 4.7ms
[2026-01-16T11:56:36.294+0000][gc,phases   ] GC(1337)   Evacuate Collection Set: 56.2ms
[2026-01-16T11:56:36.295+0000][gc,phases   ] GC(1337)   Post Evacuate Collection Set: 33.0ms
[2026-01-16T11:56:36.297+0000][gc,phases   ] GC(1337)   Other: 1.9ms
[2026-01-16T11:56:36.299+0000][gc,heap     ] GC(1337) Eden regions: 168->0(218)
[2026-01-16T11:56:36.299+0000][gc,heap     ] GC(1337) Survivor regions: 1->1(22)
[2026-01-16T11:56:36.299+0000][gc,heap     ] GC(1337) Old regions: 83->83
[2026-01-16T11:56:36.299+0000][gc,heap     ] GC(1337) Humongous regions: 38->38
[2026-01-16T11:56:36.300+0000][gc,metaspace] GC(1337) Metaspace: 13244K(13760K)->13244K(13760K) NonClass: 12131K(12352K)->12131K(12352K) Class: 1112K(1408K)->1112K(1408K)
[2026-01-16T11:56:36.306+0000][gc          ] GC(1337) Pause Young (Normal) (G1 Evacuation Pause) 289M->121M(1024M) 139.740ms
[2026-01-16T11:56:36.309+0000][gc,cpu      ] GC(1337) User=0.13s Sys=0.02s Real=0.14s
[2026-01-16T11:56:58.945+0000][gc,start    ] GC(1338) Pause Young (Normal) (G1 Evacuation Pause)
[2026-01-16T11:56:58.948+0000][gc,task     ] GC(1338) Using 8 workers of 8 for evacuation
[2026-01-16T11:56:59.148+0000][gc,phases   ] GC(1338)   Pre Evacuate Collection Set: 62.1ms
[2026-01-16T11:56:59.149+0000][gc,phases   ] GC(1338)   Merge Heap Roots: 3.2ms
[2026-01-16T11:56:59.149+0000][gc,phases   ] GC(1338)   Evacuate Collection Set: 120.9ms
[2026-01-16T11:56:59.149+0000][gc,phases   ] GC(1338)   Post Evacuate Collection Set: 11.1ms
[2026-01-16T11:56:59.150+0000][gc,phases   ] GC(1338)   Other: 4.3ms
[2026-01-16T11:56:59.150+0000][gc,heap     ] GC(1338) Eden regions: 254->0(168)
[2026-01-16T11:56:59.150+0000][gc,heap     ] GC(1338) Survivor regions: 1->2(32)
[2026-01-16T11:56:59.150+0000][gc,heap     ] GC(1338) Old regions: 83->83
[2026-01-16T11:56:59.151+0000][gc,heap     ] GC(1338) Humongous regions: 38->38
[2026-01-16T11:56:59.151+0000][gc,metaspace] GC(1338) Metaspace: 13244K(13760K)->13244K(13760K) NonClass: 12131K(12352K)->12131K(12352K) Class: 1112K(1408K)->1112K(1408K)
[2026-01-16T11:56:59.152+0000][gc          ] GC(1338) Pause Young (Normal) (G1 Evacuation Pause) 375M->122M(1024M) 207.193ms
[2026-01-16T11:56:59.155+0000][gc,cpu      ] GC(1338) User=0.23s Sys=0.02s Real=0.21s
[2026-01-16T11:57:15.179+0000][gc,start    ] GC(1339) Pause Young (Normal) (G1 Evacuation Pause)
[2026-01-16T11:57:15.180+0000][gc,task     ] GC(1339) Using 8 workers of 8 for evacuation
[2026-01-16T11:57:15.240+0000][gc,phases   ] GC(1339)   Pre Evacuate Collection Set: 20.7ms
[2026-01-16T11:57:15.242+0000][gc,phases   ] GC(1339)   Merge Heap Roots: 1.3ms
[2026-01-16T11:57:15.242+0000][gc,phases   ] GC(1339)   Evacuate Collection Set: 27.0ms
[2026-01-16T11:57:15.242+0000][gc,phases   ] GC(1339)   Post Evacuate Collection Set: 10.9ms
[2026-01-16T11:57:15.243+0000][gc,phases   ] GC(1339)   Other: 0.7ms
[2026-01-16T11:57:15.243+0000][gc,heap     ] GC(1339) Eden regions: 179->0(357)
[2026-01-16T11:57:15.243+0000][gc,heap     ] GC(1339) Survivor regions: 2->1(23)
[2026-01-16T11:57:15.244+0000][gc,heap     ] GC(1339) Old regions: 83->83
[2026-01-16T11:57:15.244+0000][gc,heap     ] GC(1339) Humongous regions: 38->38
[2026-01-16T11:57:15.245+0000][gc,metaspace] GC(1339) Metaspace: 13244K(13760K)->13244K(13760K) NonClass: 12131K(12352K)->12131K(12352K) Class: 1112K(1408K)->1112K(1408K)
[2026-01-16T11:57:15.246+0000][gc          ] GC(1339) Pause Young (Normal) (G1 Evacuation Pause) 301M->121M(1024M) 67.250ms
[2026-01-16T11:57:15.247+0000][gc,cpu      ] GC(1339) User=0.15s Sys=0.01s Real=0.07s
[2026-01-16T11:57:45.736+0000][gc,start    ] GC(1340) Pause Young (Normal) (G1 Evacuation Pause)
[2026-01-16T11:57:45.741+0000][gc,task     ] GC(1340) Using 8 workers of 8 for evacuation
[2026-01-16T11:57:45.797+0000][gc,phases   ] GC(1340)   Pre Evacuate Collection Set: 19.3ms
[2026-01-16T11:57:45.798+0000][gc,phases   ] GC(1340)   Merge Heap Roots: 0.9ms
[2026-01-16T11:57:45.798+0000][gc,phases   ] GC(1340)   Evacuate Collection Set: 25.9ms
[2026-01-16T11:57:45.798+0000][gc,phases   ] GC(1340)   Post Evacuate Collection Set: 9.5ms
[2026-01-16T11:57:45.798+0000][gc,phases   ] GC(1340)   Other: 1.2ms
[2026-01-16T11:57:45.798+0000][gc,heap     ] GC(1340) Eden regions: 346->0(613)
[2026-01-16T11:57:45.798+0000][gc,heap     ] GC(1340) Survivor regions: 1->1(44)
[2026-01-16T11:57:45.799+0000][gc,heap     ] GC(1340) Old regions: 83->83
[2026-01-16T11:57:45.799+0000][gc,heap     ] GC(1340) Humongous regions: 38->38
[2026-01-16T11:57:45.800+0000][gc,metaspace] GC(1340) Metaspace: 13244K(13760K)->13244K(13760K) NonClass: 12131K(12352K)->12131K(12352K) Class: 1112K(1408K)->1112K(1408K)
[2026-01-16T11:57:45.802+0000][gc          ] GC(1340) Pause Young (Normal) (G1 Evacuation Pause) 467M->121M(1024M) 67.928ms
[2026-01-16T11:57:45.802+0000][gc,cpu      ] GC(1340) User=0.19s Sys=0.03s Real=0.07s
[2026-01-16T11:58:37.070+0000][gc,start    ] GC(1341) Pause Young (Normal) (G1 Evacuation Pause)
[2026-01-16T11:58:37.071+0000][gc,task     ] GC(1341) Using 8 workers of 8 for evacuation
[2026-01-16T11:58:37.128+0000][gc,phases   ] GC(1341)   Pre Evacuate Collection Set: 10.2ms
[2026-01-16T11:58:37.130+0000][gc,phases   ] GC(1341)   Merge Heap Roots: 4.4ms
[2026-01-16T11:58:37.130+0000][gc,phases   ] GC(1341)   Evacuate Collection Set: 34.5ms
[2026-01-16T11:58:37.130+0000][gc,phases   ] GC(1341)   Post Evacuate Collection Set: 6.2ms
[2026-01-16T11:58:37.132+0000][gc,phases   ] GC(1341)   Other: 1.3ms
[2026-01-16T11:58:37.132+0000][gc,heap     ] GC(1341) Eden regions: 613->0(612)
[2026-01-16T11:58:37.132+0000][gc,heap     ] GC(1341) Survivor regions: 1->2(77)
[2026-01-16T11:58:37.132+0000][gc,heap     ] GC(1341) Old regions: 83->83
[2026-01-16T11:58:37.132+0000][gc,heap     ] GC(1341) Humongous regions: 38->38
[2026-01-16T11:58:37.132+0000][gc,metaspace] GC(1341) Metaspace: 13244K(13760K)->13244K(13760K) NonClass: 12131K(12352K)->12131K(12352K) Class: 1112K(1408K)->1112K(1408K)
[2026-01-16T11:58:37.133+0000][gc          ] GC(1341) Pause Young (Normal) (G1 Evacuation Pause) 734M->122M(1024M) 63.093ms
[2026-01-16T11:58:37.133+0000][gc,cpu      ] GC(1341) User=0.25s Sys=0.01s Real=0.06s
[2026-01-16T11:59:34.437+0000][gc,start    ] GC(1342) Pause Young (Normal) (G1 Evacuation Pause)
[2026-01-16T11:59:34.442+0000][gc,task     ] GC(1342) Using 8 workers of 8 for evacuation
[2026-01-16T11:59:34.474+0000][gc,phases   ] GC(1342)   Pre Evacuate Collection Set: 9.8ms
[2026-01-16T11:59:34.474+0000][gc,phases   ] GC(1342)   Merge Heap Roots: 4.1ms
[2026-01-16T11:59:34.474+0000][gc,phases   ] GC(1342)   Evacuate Collection Set: 12.4ms
[2026-01-16T11:59:34.474+0000][gc,phases   ] GC(1342)   Post Evacuate Collection Set: 2.5ms
[2026-01-16T11:59:34.475+0000][gc,phases   ] GC(1342)   Other: 2.8ms
[2026-01-16T11:59:34.475+0000][gc,heap     ] GC(1342) Eden regions: 612->0(613)
[2026-01-16T11:59:34.475+0000][gc,heap     ] GC(1342) Survivor regions: 2->1(77)
[2026-01-16T11:59:34.475+0000][gc,heap     ] GC(1342) Old regions: 83->84
[2026-01-16T11:59:34.475+0000][gc,heap     ] GC(1342) Humongous regions: 38->38
[2026-01-16T11:59:34.475+0000][gc,metaspace] GC(1342) Metaspace: 13244K(13760K)->13244K(13760K) NonClass: 12131K(12352K)->12131K(12352K) Class: 1112K(1408K)->1112K(1408K)
[2026-01-16T11:59:34.476+0000][gc          ] GC(1342) Pause Young (Normal) (G1 Evacuation Pause) 734M->121M(1024M) 38.163ms
[2026-01-16T11:59:34.476+0000][gc,cpu      ] GC(1342) User=0.13s Sys=0.00s Real=0.04s
[2026-01-16T12:00:25.026+0000][gc,start    ] GC(1343) Pause Young (Normal) (G1 Evacuation Pause)
[2026-01-16T12:00:25.027+0000][gc,task     ] GC(1343) Using 8 workers of 8 for evacuation
[2026-01-16T12:00:25.066+0000][gc,phases   ] GC(1343)   Pre Evacuate Collection Set: 3.2ms
[2026-01-16T12:00:25.066+0000][gc,phases   ] GC(1343)   Merge Heap Roots: 0.7ms
[2026-01-16T12:00:25.066+0000][gc,phases   ] GC(1343)   Evacuate Collection Set: 25.1ms
[2026-01-16T12:00:25.067+0000][gc,phases   ] GC(1343)   Post Evacuate Collection Set: 9.9ms
[2026-01-16T12:00:25.068+0000][gc,phases   ] GC(1343)   Other: 0.7ms
[2026-01-16T12:00:25.068+0000][gc,heap     ] GC(1343) Eden regions: 613->0(613)
[2026-01-16T12:00:25.068+0000][gc,heap     ] GC(1343) Survivor regions: 1->1(77)
[2026-01-16T12:00:25.068+0000][gc,heap     ] GC(1343) Old regions: 84->84
[2026-01-16T12:00:25.068+0000][gc,heap     ] GC(1343) Humongous regions: 38->38
[2026-01-16T12:00:25.068+0000][gc,metaspace] GC(1343) Metaspace: 13244K(13760K)->13244K(13760K) NonClass: 12131K(12352K)->12131K(12352K) Class: 1112K(1408K)->1112K(1408K)
[2026-01-16T12:00:25.068+0000][gc          ] GC(1343) Pause Young (Normal) (G1 Evacuation Pause) 734M->121M(1024M) 42.215ms
[2026-01-16T12:00:25.068+0000][gc,cpu      ] GC(1343) User=0.25s Sys=0.01s Real=0.04s
[2026-01-16T12:01:16.131+0000][gc,start    ] GC(1344) Pause Young (Normal) (G1 Evacuation Pause)
[2026-01-16T12:01:16.134+0000][gc,task     ] GC(1344) Using 8 workers of 8 for evacuation
[2026-01-16T12:01:16.196+0000][gc,phases   ] GC(1344)   Pre Evacuate Collection Set: 12.9ms
[2026-01-16T12:01:16.196+0000][gc,phases   ] GC(1344)   Merge Heap Roots: 4.3ms
[2026-01-16T12:01:16.196+0000][gc,phases   ] GC(1344)   Evacuate Collection Set: 38.8ms
[2026-01-16T12:01:16.196+0000][gc,phases   ] GC(1344)   Post Evacuate Collection Set: 4.5ms
[2026-01-16T12:01:16.196+0000][gc,phases   ] GC(1344)   Other: 2.0ms
[2026-01-16T12:01:16.196+0000][gc,heap     ] GC(1344) Eden regions: 613->0(612)
[2026-01-16T12:01:16.196+0000][gc,heap     ] GC(1344) Survivor regions: 1->2(77)
[2026-01-16T12:01:16.197+0000][gc,heap     ] GC(1344) Old regions: 84->84
[2026-01-16T12:01:16.197+0000][gc,heap     ] GC(1344) Humongous regions: 38->38
[2026-01-16T12:01:16.197+0000][gc,metaspace] GC(1344) Metaspace: 13244K(13760K)->13244K(13760K) NonClass: 12131K(12352K)->12131K(12352K) Class: 1112K(1408K)->1112K(1408K)
[2026-01-16T12:01:16.197+0000][gc          ] GC(1344) Pause Young (Normal) (G1 Evacuation Pause) 734M->122M(1024M) 66.148ms
[2026-01-16T12:01:16.197+0000][gc,cpu      ] GC(1344) User=0.24s Sys=0.02s Real=0.07s
[2026-01-16T12:02:14.698+0000][gc,start    ] GC(1345) Pause Young (Normal) (G1 Evacuation Pause)
[2026-01-16T12:02:14.701+0000][gc,task     ] GC(1345) Using 8 workers of 8 for evacuation
[2026-01-16T12:02:14.800+0000][gc,phases   ] GC(1345)   Pre Evacuate Collection Set: 45.1ms
[2026-01-16T12:02:14.801+0000][gc,phases   ] GC(1345)   Merge Heap Roots: 2.1ms
[2026-01-16T12:02:14.801+0000][gc,phases   ] GC(1345)   Evacuate Collection Set: 40.6ms
[2026-01-16T12:02:14.801+0000][gc,phases   ] GC(1345)   Post Evacuate Collection Set: 11.2ms
[2026-01-16T12:02:14.801+0000][gc,phases   ] GC(1345)   Other: 1.3ms
[2026-01-16T12:02:14.801+0000][gc,heap     ] GC(1345) Eden regions: 612->0(613)
[2026-01-16T12:02:14.801+0000][gc,heap     ] GC(1345) Survivor regions: 2->1(77)
[2026-01-16T12:02:14.802+0000][gc,heap     ] GC(1345) Old regions: 84->84
[2026-01-16T12:02:14.802+0000][gc,heap     ] GC(1345) Humongous regions: 38->38
[2026-01-16T12:02:14.802+0000][gc,metaspace] GC(1345) Metaspace: 13245K(13760K)->13245K(13760K) NonClass: 12132K(12352K)->12132K(12352K) Class: 1112K(1408K)->1112K(1408K)
[2026-01-16T12:02:14.803+0000][gc          ] GC(1345) Pause Young (Normal) (G1 Evacuation Pause) 734M->121M(1024M) 103.989ms
[2026-01-16T12:02:14.803+0000][gc,cpu      ] GC(1345) User=0.18s Sys=0.01s Real=0.11s
[2026-01-16T12:03:07.153+0000][gc,start    ] GC(1346) Pause Young (Normal) (G1 Evacuation Pause)
[2026-01-16T12:03:07.154+0000][gc,task     ] GC(1346) Using 8 workers of 8 for evacuation
[2026-01-16T12:03:07.297+0000][gc,phases   ] GC(1346)   Pre Evacuate Collection Set: 36.1ms
[2026-01-16T12:03:07.299+0000][gc,phases   ] GC(1346)   Merge Heap Roots: 6.7ms
[2026-01-16T12:03:07.301+0000][gc,phases   ] GC(1346)   Evacuate Collection Set: 78.5ms
[2026-01-16T12:03:07.301+0000][gc,phases   ] GC(1346)   Post Evacuate Collection Set: 17.0ms
[2026-01-16T12:03:07.301+0000][gc,phases   ] GC(1346)   Other: 5.3ms
[2026-01-16T12:03:07.302+0000][gc,heap     ] GC(1346) Eden regions: 613->0(613)
[2026-01-16T12:03:07.302+0000][gc,heap     ] GC(1346) Survivor regions: 1->1(77)
[2026-01-16T12:03:07.302+0000][gc,heap     ] GC(1346) Old regions: 84->84
[2026-01-16T12:03:07.303+0000][gc,heap     ] GC(1346) Humongous regions: 38->38
[2026-01-16T12:03:07.303+0000][gc,metaspace] GC(1346) Metaspace: 13245K(13760K)->13245K(13760K) NonClass: 12132K(12352K)->12132K(12352K) Class: 1112K(1408K)->1112K(1408K)
[2026-01-16T12:03:07.304+0000][gc          ] GC(1346) Pause Young (Normal) (G1 Evacuation Pause) 734M->121M(1024M) 151.063ms
[2026-01-16T12:03:07.304+0000][gc,cpu      ] GC(1346) User=0.26s Sys=0.03s Real=0.15s
[2026-01-16T12:03:58.277+0000][gc,start    ] GC(1347) Pause Young (Normal) (G1 Evacuation Pause)
[2026-01-16T12:03:58.280+0000][gc,task     ] GC(1347) Using 8 workers of 8 for evacuation
[2026-01-16T12:03:58.400+0000][gc,phases   ] GC(1347)   Pre Evacuate Collection Set: 31.5ms
[2026-01-16T12:03:58.401+0000][gc,phases   ] GC(1347)   Merge Heap Roots: 1.9ms
[2026-01-16T12:03:58.401+0000][gc,phases   ] GC(1347)   Evacuate Collection Set: 70.5ms
[2026-01-16T12:03:58.401+0000][gc,phases   ] GC(1347)   Post Evacuate Collection Set: 13.3ms
[2026-01-16T12:03:58.402+0000][gc,phases   ] GC(1347)   Other: 4.0ms
[2026-01-16T12:03:58.402+0000][gc,heap     ] GC(1347) Eden regions: 613->0(612)
[2026-01-16T12:03:58.402+0000][gc,heap     ] GC(1347) Survivor regions: 1->2(77)
[2026-01-16T12:03:58.402+0000][gc,heap     ] GC(1347) Old regions: 84->84
[2026-01-16T12:03:58.402+0000][gc,heap     ] GC(1347) Humongous regions: 38->38
[2026-01-16T12:03:58.402+0000][gc,metaspace] GC(1347) Metaspace: 13245K(13760K)->13245K(13760K) NonClass: 12132K(12352K)->12132K(12352K) Class: 1112K(1408K)->1112K(1408K)
[2026-01-16T12:03:58.403+0000][gc          ] GC(1347) Pause Young (Normal) (G1 Evacuation Pause) 734M->122M(1024M) 126.256ms
[2026-01-16T12:03:58.403+0000][gc,cpu      ] GC(1347) User=0.24s Sys=0.02s Real=0.12s
[2026-01-16T12:04:54.658+0000][gc,start    ] GC(1348) Pause Young (Normal) (G1 Evacuation Pause)
[2026-01-16T12:04:54.659+0000][gc,task     ] GC(1348) Using 8 workers of 8 for evacuation
[2026-01-16T12:04:54.732+0000][gc,phases   ] GC(1348)   Pre Evacuate Collection Set: 22.2ms
[2026-01-16T12:04:54.732+0000][gc,phases   ] GC(1348)   Merge Heap Roots: 3.5ms
[2026-01-16T12:04:54.732+0000][gc,phases   ] GC(1348)   Evacuate Collection Set: 25.2ms
[2026-01-16T12:04:54.733+0000][gc,phases   ] GC(1348)   Post Evacuate Collection Set: 20.6ms
[2026-01-16T12:04:54.733+0000][gc,phases   ] GC(1348)   Other: 1.5ms
[2026-01-16T12:04:54.733+0000][gc,heap     ] GC(1348) Eden regions: 612->0(613)
[2026-01-16T12:04:54.734+0000][gc,heap     ] GC(1348) Survivor regions: 2->1(77)
[2026-01-16T12:04:54.734+0000][gc,heap     ] GC(1348) Old regions: 84->84
[2026-01-16T12:04:54.734+0000][gc,heap     ] GC(1348) Humongous regions: 38->38
[2026-01-16T12:04:54.734+0000][gc,metaspace] GC(1348) Metaspace: 13245K(13760K)->13245K(13760K) NonClass: 12132K(12352K)->12132K(12352K) Class: 1112K(1408K)->1112K(1408K)
[2026-01-16T12:04:54.734+0000][gc          ] GC(1348) Pause Young (Normal) (G1 Evacuation Pause) 734M->121M(1024M) 76.214ms
[2026-01-16T12:04:54.734+0000][gc,cpu      ] GC(1348) User=0.23s Sys=0.02s Real=0.07s
[2026-01-16T12:05:45.001+0000][gc,start    ] GC(1349) Pause Young (Normal) (G1 Evacuation Pause)
[2026-01-16T12:05:45.002+0000][gc,task     ] GC(1349) Using 8 workers of 8 for evacuation
[2026-01-16T12:05:45.040+0000][gc,phases   ] GC(1349)   Pre Evacuate Collection Set: 12.5ms
[2026-01-16T12:05:45.040+0000][gc,phases   ] GC(1349)   Merge Heap Roots: 1.1ms
[2026-01-16T12:05:45.040+0000][gc,phases   ] GC(1349)   Evacuate Collection Set: 21.6ms
[2026-01-16T12:05:45.040+0000][gc,phases   ] GC(1349)   Post Evacuate Collection Set: 2.0ms
[2026-01-16T12:05:45.040+0000][gc,phases   ] GC(1349)   Other: 1.1ms
[2026-01-16T12:05:45.040+0000][gc,heap     ] GC(1349) Eden regions: 613->0(612)
[2026-01-16T12:05:45.040+0000][gc,heap     ] GC(1349) Survivor regions: 1->2(77)
[2026-01-16T12:05:45.040+0000][gc,heap     ] GC(1349) Old regions: 84->84
[2026-01-16T12:05:45.040+0000][gc,heap     ] GC(1349) Humongous regions: 38->38
[2026-01-16T12:05:45.040+0000][gc,metaspace] GC(1349) Metaspace: 13245K(13760K)->13245K(13760K) NonClass: 12132K(12352K)->12132K(12352K) Class: 1112K(1408K)->1112K(1408K)
[2026-01-16T12:05:45.040+0000][gc          ] GC(1349) Pause Young (Normal) (G1 Evacuation Pause) 734M->122M(1024M) 39.200ms
[2026-01-16T12:05:45.040+0000][gc,cpu      ] GC(1349) User=0.21s Sys=0.02s Real=0.04s
[2026-01-16T12:06:35.101+0000][gc,start    ] GC(1350) Pause Young (Normal) (G1 Evacuation Pause)
[2026-01-16T12:06:35.102+0000][gc,task     ] GC(1350) Using 8 workers of 8 for evacuation
[2026-01-16T12:06:35.123+0000][gc,phases   ] GC(1350)   Pre Evacuate Collection Set: 2.1ms
[2026-01-16T12:06:35.123+0000][gc,phases   ] GC(1350)   Merge Heap Roots: 0.6ms
[2026-01-16T12:06:35.123+0000][gc,phases   ] GC(1350)   Evacuate Collection Set: 16.1ms
[2026-01-16T12:06:35.123+0000][gc,phases   ] GC(1350)   Post Evacuate Collection Set: 2.1ms
[2026-01-16T12:06:35.123+0000][gc,phases   ] GC(1350)   Other: 0.4ms
[2026-01-16T12:06:35.124+0000][gc,heap     ] GC(1350) Eden regions: 612->0(612)
[2026-01-16T12:06:35.124+0000][gc,heap     ] GC(1350) Survivor regions: 2->2(77)
[2026-01-16T12:06:35.124+0000][gc,heap     ] GC(1350) Old regions: 84->84
[2026-01-16T12:06:35.124+0000][gc,heap     ] GC(1350) Humongous regions: 38->38
[2026-01-16T12:06:35.124+0000][gc,metaspace] GC(1350) Metaspace: 13245K(13760K)->13245K(13760K) NonClass: 12133K(12352K)->12133K(12352K) Class: 1112K(1408K)->1112K(1408K)
[2026-01-16T12:06:35.124+0000][gc          ] GC(1350) Pause Young (Normal) (G1 Evacuation Pause) 734M->122M(1024M) 23.371ms
[2026-01-16T12:06:35.124+0000][gc,cpu      ] GC(1350) User=0.13s Sys=0.01s Real=0.02s
[2026-01-16T12:07:34.684+0000][gc,start    ] GC(1351) Pause Young (Normal) (G1 Evacuation Pause)
[2026-01-16T12:07:34.685+0000][gc,task     ] GC(1351) Using 8 workers of 8 for evacuation
[2026-01-16T12:07:34.762+0000][gc,phases   ] GC(1351)   Pre Evacuate Collection Set: 22.6ms
[2026-01-16T12:07:34.764+0000][gc,phases   ] GC(1351)   Merge Heap Roots: 4.2ms
[2026-01-16T12:07:34.764+0000][gc,phases   ] GC(1351)   Evacuate Collection Set: 32.7ms
[2026-01-16T12:07:34.764+0000][gc,phases   ] GC(1351)   Post Evacuate Collection Set: 16.4ms
[2026-01-16T12:07:34.765+0000][gc,phases   ] GC(1351)   Other: 1.1ms
[2026-01-16T12:07:34.765+0000][gc,heap     ] GC(1351) Eden regions: 612->0(613)
[2026-01-16T12:07:34.765+0000][gc,heap     ] GC(1351) Survivor regions: 2->1(77)
[2026-01-16T12:07:34.766+0000][gc,heap     ] GC(1351) Old regions: 84->84
[2026-01-16T12:07:34.766+0000][gc,heap     ] GC(1351) Humongous regions: 38->38
[2026-01-16T12:07:34.766+0000][gc,metaspace] GC(1351) Metaspace: 13245K(13760K)->13245K(13760K) NonClass: 12133K(12352K)->12133K(12352K) Class: 1112K(1408K)->1112K(1408K)
[2026-01-16T12:07:34.767+0000][gc          ] GC(1351) Pause Young (Normal) (G1 Evacuation Pause) 734M->121M(1024M) 82.700ms
[2026-01-16T12:07:34.767+0000][gc,cpu      ] GC(1351) User=0.18s Sys=0.03s Real=0.08s
[2026-01-16T12:08:25.132+0000][gc,start    ] GC(1352) Pause Young (Normal) (G1 Evacuation Pause)
[2026-01-16T12:08:25.132+0000][gc,task     ] GC(1352) Using 8 workers of 8 for evacuation
[2026-01-16T12:08:25.163+0000][gc,phases   ] GC(1352)   Pre Evacuate Collection Set: 5.9ms
[2026-01-16T12:08:25.164+0000][gc,phases   ] GC(1352)   Merge Heap Roots: 1.3ms
[2026-01-16T12:08:25.164+0000][gc,phases   ] GC(1352)   Evacuate Collection Set: 19.9ms
[2026-01-16T12:08:25.164+0000][gc,phases   ] GC(1352)   Post Evacuate Collection Set: 2.8ms
[2026-01-16T12:08:25.165+0000][gc,phases   ] GC(1352)   Other: 0.9ms
[2026-01-16T12:08:25.165+0000][gc,heap     ] GC(1352) Eden regions: 613->0(612)
[2026-01-16T12:08:25.165+0000][gc,heap     ] GC(1352) Survivor regions: 1->2(77)
[2026-01-16T12:08:25.165+0000][gc,heap     ] GC(1352) Old regions: 84->84
[2026-01-16T12:08:25.165+0000][gc,heap     ] GC(1352) Humongous regions: 38->38
[2026-01-16T12:08:25.165+0000][gc,metaspace] GC(1352) Metaspace: 13245K(13760K)->13245K(13760K) NonClass: 12133K(12352K)->12133K(12352K) Class: 1112K(1408K)->1112K(1408K)
[2026-01-16T12:08:25.165+0000][gc          ] GC(1352) Pause Young (Normal) (G1 Evacuation Pause) 734M->122M(1024M) 33.863ms
[2026-01-16T12:08:25.166+0000][gc,cpu      ] GC(1352) User=0.13s Sys=0.01s Real=0.04s
[2026-01-16T12:09:15.727+0000][gc,start    ] GC(1353) Pause Young (Normal) (G1 Evacuation Pause)
[2026-01-16T12:09:15.728+0000][gc,task     ] GC(1353) Using 8 workers of 8 for evacuation
[2026-01-16T12:09:15.753+0000][gc,phases   ] GC(1353)   Pre Evacuate Collection Set: 3.0ms
[2026-01-16T12:09:15.753+0000][gc,phases   ] GC(1353)   Merge Heap Roots: 0.5ms
[2026-01-16T12:09:15.753+0000][gc,phases   ] GC(1353)   Evacuate Collection Set: 14.2ms
[2026-01-16T12:09:15.753+0000][gc,phases   ] GC(1353)   Post Evacuate Collection Set: 6.9ms
[2026-01-16T12:09:15.753+0000][gc,phases   ] GC(1353)   Other: 0.3ms
[2026-01-16T12:09:15.753+0000][gc,heap     ] GC(1353) Eden regions: 612->0(612)
[2026-01-16T12:09:15.753+0000][gc,heap     ] GC(1353) Survivor regions: 2->2(77)
[2026-01-16T12:09:15.753+0000][gc,heap     ] GC(1353) Old regions: 84->84
[2026-01-16T12:09:15.753+0000][gc,heap     ] GC(1353) Humongous regions: 38->38
[2026-01-16T12:09:15.753+0000][gc,metaspace] GC(1353) Metaspace: 13245K(13760K)->13245K(13760K) NonClass: 12133K(12352K)->12133K(12352K) Class: 1112K(1408K)->1112K(1408K)
[2026-01-16T12:09:15.754+0000][gc          ] GC(1353) Pause Young (Normal) (G1 Evacuation Pause) 734M->122M(1024M) 26.378ms
[2026-01-16T12:09:15.754+0000][gc,cpu      ] GC(1353) User=0.13s Sys=0.01s Real=0.03s
[2026-01-16T12:10:14.737+0000][gc,start    ] GC(1354) Pause Young (Normal) (G1 Evacuation Pause)
[2026-01-16T12:10:14.738+0000][gc,task     ] GC(1354) Using 8 workers of 8 for evacuation
[2026-01-16T12:10:14.787+0000][gc,phases   ] GC(1354)   Pre Evacuate Collection Set: 10.8ms
[2026-01-16T12:10:14.787+0000][gc,phases   ] GC(1354)   Merge Heap Roots: 0.3ms
[2026-01-16T12:10:14.787+0000][gc,phases   ] GC(1354)   Evacuate Collection Set: 29.9ms
[2026-01-16T12:10:14.787+0000][gc,phases   ] GC(1354)   Post Evacuate Collection Set: 7.5ms
[2026-01-16T12:10:14.787+0000][gc,phases   ] GC(1354)   Other: 0.8ms
[2026-01-16T12:10:14.788+0000][gc,heap     ] GC(1354) Eden regions: 612->0(613)
[2026-01-16T12:10:14.788+0000][gc,heap     ] GC(1354) Survivor regions: 2->1(77)
[2026-01-16T12:10:14.788+0000][gc,heap     ] GC(1354) Old regions: 84->84
[2026-01-16T12:10:14.788+0000][gc,heap     ] GC(1354) Humongous regions: 38->38
[2026-01-16T12:10:14.788+0000][gc,metaspace] GC(1354) Metaspace: 13245K(13760K)->13245K(13760K) NonClass: 12133K(12352K)->12133K(12352K) Class: 1112K(1408K)->1112K(1408K)
[2026-01-16T12:10:14.793+0000][gc          ] GC(1354) Pause Young (Normal) (G1 Evacuation Pause) 734M->121M(1024M) 55.821ms
[2026-01-16T12:10:14.793+0000][gc,cpu      ] GC(1354) User=0.21s Sys=0.02s Real=0.06s
[2026-01-16T12:11:05.222+0000][gc,start    ] GC(1355) Pause Young (Normal) (G1 Evacuation Pause)
[2026-01-16T12:11:05.224+0000][gc,task     ] GC(1355) Using 8 workers of 8 for evacuation
[2026-01-16T12:11:05.257+0000][gc,phases   ] GC(1355)   Pre Evacuate Collection Set: 4.2ms
[2026-01-16T12:11:05.258+0000][gc,phases   ] GC(1355)   Merge Heap Roots: 1.1ms
[2026-01-16T12:11:05.258+0000][gc,phases   ] GC(1355)   Evacuate Collection Set: 22.8ms
[2026-01-16T12:11:05.258+0000][gc,phases   ] GC(1355)   Post Evacuate Collection Set: 4.6ms
[2026-01-16T12:11:05.258+0000][gc,phases   ] GC(1355)   Other: 1.2ms
[2026-01-16T12:11:05.258+0000][gc,heap     ] GC(1355) Eden regions: 613->0(612)
[2026-01-16T12:11:05.258+0000][gc,heap     ] GC(1355) Survivor regions: 1->2(77)
[2026-01-16T12:11:05.258+0000][gc,heap     ] GC(1355) Old regions: 84->84
[2026-01-16T12:11:05.258+0000][gc,heap     ] GC(1355) Humongous regions: 38->38
[2026-01-16T12:11:05.258+0000][gc,metaspace] GC(1355) Metaspace: 13245K(13760K)->13245K(13760K) NonClass: 12133K(12352K)->12133K(12352K) Class: 1112K(1408K)->1112K(1408K)
[2026-01-16T12:11:05.258+0000][gc          ] GC(1355) Pause Young (Normal) (G1 Evacuation Pause) 734M->122M(1024M) 35.964ms
[2026-01-16T12:11:05.258+0000][gc,cpu      ] GC(1355) User=0.20s Sys=0.01s Real=0.03s
[2026-01-16T12:11:58.426+0000][gc,start    ] GC(1356) Pause Young (Normal) (G1 Evacuation Pause)
[2026-01-16T12:11:58.443+0000][gc,task     ] GC(1356) Using 8 workers of 8 for evacuation
[2026-01-16T12:11:58.542+0000][gc,phases   ] GC(1356)   Pre Evacuate Collection Set: 6.4ms
[2026-01-16T12:11:58.543+0000][gc,phases   ] GC(1356)   Merge Heap Roots: 0.5ms
[2026-01-16T12:11:58.543+0000][gc,phases   ] GC(1356)   Evacuate Collection Set: 63.1ms
[2026-01-16T12:11:58.543+0000][gc,phases   ] GC(1356)   Post Evacuate Collection Set: 28.0ms
[2026-01-16T12:11:58.543+0000][gc,phases   ] GC(1356)   Other: 10.1ms
[2026-01-16T12:11:58.544+0000][gc,heap     ] GC(1356) Eden regions: 612->0(612)
[2026-01-16T12:11:58.544+0000][gc,heap     ] GC(1356) Survivor regions: 2->2(77)
[2026-01-16T12:11:58.544+0000][gc,heap     ] GC(1356) Old regions: 84->84
[2026-01-16T12:11:58.544+0000][gc,heap     ] GC(1356) Humongous regions: 38->38
[2026-01-16T12:11:58.545+0000][gc,metaspace] GC(1356) Metaspace: 13245K(13760K)->13245K(13760K) NonClass: 12133K(12352K)->12133K(12352K) Class: 1112K(1408K)->1112K(1408K)
[2026-01-16T12:11:58.545+0000][gc          ] GC(1356) Pause Young (Normal) (G1 Evacuation Pause) 734M->122M(1024M) 118.934ms
[2026-01-16T12:11:58.545+0000][gc,cpu      ] GC(1356) User=0.35s Sys=0.03s Real=0.12s
[2026-01-16T12:12:54.860+0000][gc,start    ] GC(1357) Pause Young (Normal) (G1 Evacuation Pause)
[2026-01-16T12:12:54.861+0000][gc,task     ] GC(1357) Using 8 workers of 8 for evacuation
[2026-01-16T12:12:54.961+0000][gc,phases   ] GC(1357)   Pre Evacuate Collection Set: 14.2ms
[2026-01-16T12:12:54.962+0000][gc,phases   ] GC(1357)   Merge Heap Roots: 2.2ms
[2026-01-16T12:12:54.962+0000][gc,phases   ] GC(1357)   Evacuate Collection Set: 69.0ms
[2026-01-16T12:12:54.962+0000][gc,phases   ] GC(1357)   Post Evacuate Collection Set: 13.1ms
[2026-01-16T12:12:54.963+0000][gc,phases   ] GC(1357)   Other: 1.2ms
[2026-01-16T12:12:54.963+0000][gc,heap     ] GC(1357) Eden regions: 612->0(613)
[2026-01-16T12:12:54.963+0000][gc,heap     ] GC(1357) Survivor regions: 2->1(77)
[2026-01-16T12:12:54.963+0000][gc,heap     ] GC(1357) Old regions: 84->84
[2026-01-16T12:12:54.964+0000][gc,heap     ] GC(1357) Humongous regions: 38->38
[2026-01-16T12:12:54.964+0000][gc,metaspace] GC(1357) Metaspace: 13246K(13760K)->13246K(13760K) NonClass: 12134K(12352K)->12134K(12352K) Class: 1112K(1408K)->1112K(1408K)
[2026-01-16T12:12:54.964+0000][gc          ] GC(1357) Pause Young (Normal) (G1 Evacuation Pause) 734M->122M(1024M) 105.526ms
[2026-01-16T12:12:54.965+0000][gc,cpu      ] GC(1357) User=0.24s Sys=0.01s Real=0.11s
[2026-01-16T12:13:45.876+0000][gc,start    ] GC(1358) Pause Young (Normal) (G1 Evacuation Pause)
[2026-01-16T12:13:45.878+0000][gc,task     ] GC(1358) Using 8 workers of 8 for evacuation
[2026-01-16T12:13:45.963+0000][gc,phases   ] GC(1358)   Pre Evacuate Collection Set: 21.5ms
[2026-01-16T12:13:45.965+0000][gc,phases   ] GC(1358)   Merge Heap Roots: 1.1ms
[2026-01-16T12:13:45.965+0000][gc,phases   ] GC(1358)   Evacuate Collection Set: 48.7ms
[2026-01-16T12:13:45.965+0000][gc,phases   ] GC(1358)   Post Evacuate Collection Set: 12.5ms
[2026-01-16T12:13:45.965+0000][gc,phases   ] GC(1358)   Other: 2.0ms
[2026-01-16T12:13:45.965+0000][gc,heap     ] GC(1358) Eden regions: 613->0(612)
[2026-01-16T12:13:45.965+0000][gc,heap     ] GC(1358) Survivor regions: 1->2(77)
[2026-01-16T12:13:45.965+0000][gc,heap     ] GC(1358) Old regions: 84->84
[2026-01-16T12:13:45.966+0000][gc,heap     ] GC(1358) Humongous regions: 38->38
[2026-01-16T12:13:45.966+0000][gc,metaspace] GC(1358) Metaspace: 13246K(13760K)->13246K(13760K) NonClass: 12134K(12352K)->12134K(12352K) Class: 1112K(1408K)->1112K(1408K)
[2026-01-16T12:13:45.967+0000][gc          ] GC(1358) Pause Young (Normal) (G1 Evacuation Pause) 735M->122M(1024M) 90.825ms
[2026-01-16T12:13:45.967+0000][gc,cpu      ] GC(1358) User=0.19s Sys=0.02s Real=0.09s
[2026-01-16T12:14:36.206+0000][gc,start    ] GC(1359) Pause Young (Normal) (G1 Evacuation Pause)
[2026-01-16T12:14:36.207+0000][gc,task     ] GC(1359) Using 8 workers of 8 for evacuation
[2026-01-16T12:14:36.257+0000][gc,phases   ] GC(1359)   Pre Evacuate Collection Set: 10.3ms
[2026-01-16T12:14:36.257+0000][gc,phases   ] GC(1359)   Merge Heap Roots: 0.4ms
[2026-01-16T12:14:36.257+0000][gc,phases   ] GC(1359)   Evacuate Collection Set: 29.9ms
[2026-01-16T12:14:36.257+0000][gc,phases   ] GC(1359)   Post Evacuate Collection Set: 6.3ms
[2026-01-16T12:14:36.258+0000][gc,phases   ] GC(1359)   Other: 3.2ms
[2026-01-16T12:14:36.258+0000][gc,heap     ] GC(1359) Eden regions: 612->0(612)
[2026-01-16T12:14:36.258+0000][gc,heap     ] GC(1359) Survivor regions: 2->2(77)
[2026-01-16T12:14:36.258+0000][gc,heap     ] GC(1359) Old regions: 84->84
[2026-01-16T12:14:36.258+0000][gc,heap     ] GC(1359) Humongous regions: 38->38
[2026-01-16T12:14:36.258+0000][gc,metaspace] GC(1359) Metaspace: 13252K(13760K)->13252K(13760K) NonClass: 12140K(12352K)->12140K(12352K) Class: 1112K(1408K)->1112K(1408K)
[2026-01-16T12:14:36.258+0000][gc          ] GC(1359) Pause Young (Normal) (G1 Evacuation Pause) 734M->123M(1024M) 52.140ms
[2026-01-16T12:14:36.258+0000][gc,cpu      ] GC(1359) User=0.17s Sys=0.02s Real=0.05s
[2026-01-16T12:15:34.981+0000][gc,start    ] GC(1360) Pause Young (Normal) (G1 Evacuation Pause)
[2026-01-16T12:15:34.986+0000][gc,task     ] GC(1360) Using 8 workers of 8 for evacuation
[2026-01-16T12:15:35.076+0000][gc,phases   ] GC(1360)   Pre Evacuate Collection Set: 29.0ms
[2026-01-16T12:15:35.076+0000][gc,phases   ] GC(1360)   Merge Heap Roots: 3.5ms
[2026-01-16T12:15:35.076+0000][gc,phases   ] GC(1360)   Evacuate Collection Set: 43.8ms
[2026-01-16T12:15:35.076+0000][gc,phases   ] GC(1360)   Post Evacuate Collection Set: 12.2ms
[2026-01-16T12:15:35.077+0000][gc,phases   ] GC(1360)   Other: 1.9ms
[2026-01-16T12:15:35.077+0000][gc,heap     ] GC(1360) Eden regions: 612->0(612)
[2026-01-16T12:15:35.077+0000][gc,heap     ] GC(1360) Survivor regions: 2->2(77)
[2026-01-16T12:15:35.077+0000][gc,heap     ] GC(1360) Old regions: 84->84
[2026-01-16T12:15:35.077+0000][gc,heap     ] GC(1360) Humongous regions: 38->38
[2026-01-16T12:15:35.077+0000][gc,metaspace] GC(1360) Metaspace: 13262K(13760K)->13262K(13760K) NonClass: 12144K(12352K)->12144K(12352K) Class: 1117K(1408K)->1117K(1408K)
[2026-01-16T12:15:35.078+0000][gc          ] GC(1360) Pause Young (Normal) (G1 Evacuation Pause) 735M->122M(1024M) 97.223ms
[2026-01-16T12:15:35.078+0000][gc,cpu      ] GC(1360) User=0.25s Sys=0.02s Real=0.10s
[2026-01-16T12:16:25.305+0000][gc,start    ] GC(1361) Pause Young (Normal) (G1 Evacuation Pause)
[2026-01-16T12:16:25.306+0000][gc,task     ] GC(1361) Using 8 workers of 8 for evacuation
[2026-01-16T12:16:25.359+0000][gc,phases   ] GC(1361)   Pre Evacuate Collection Set: 6.4ms
[2026-01-16T12:16:25.359+0000][gc,phases   ] GC(1361)   Merge Heap Roots: 2.6ms
[2026-01-16T12:16:25.359+0000][gc,phases   ] GC(1361)   Evacuate Collection Set: 37.9ms
[2026-01-16T12:16:25.359+0000][gc,phases   ] GC(1361)   Post Evacuate Collection Set: 5.6ms
[2026-01-16T12:16:25.359+0000][gc,phases   ] GC(1361)   Other: 1.1ms
[2026-01-16T12:16:25.360+0000][gc,heap     ] GC(1361) Eden regions: 612->0(612)
[2026-01-16T12:16:25.360+0000][gc,heap     ] GC(1361) Survivor regions: 2->2(77)
[2026-01-16T12:16:25.360+0000][gc,heap     ] GC(1361) Old regions: 84->84
[2026-01-16T12:16:25.360+0000][gc,heap     ] GC(1361) Humongous regions: 38->38
[2026-01-16T12:16:25.360+0000][gc,metaspace] GC(1361) Metaspace: 13263K(13760K)->13263K(13760K) NonClass: 12146K(12352K)->12146K(12352K) Class: 1117K(1408K)->1117K(1408K)
[2026-01-16T12:16:25.360+0000][gc          ] GC(1361) Pause Young (Normal) (G1 Evacuation Pause) 734M->123M(1024M) 54.812ms
[2026-01-16T12:16:25.360+0000][gc,cpu      ] GC(1361) User=0.20s Sys=0.01s Real=0.06s
[2026-01-16T12:17:15.682+0000][gc,start    ] GC(1362) Pause Young (Normal) (G1 Evacuation Pause)
[2026-01-16T12:17:15.683+0000][gc,task     ] GC(1362) Using 8 workers of 8 for evacuation
[2026-01-16T12:17:15.744+0000][gc,phases   ] GC(1362)   Pre Evacuate Collection Set: 13.9ms
[2026-01-16T12:17:15.745+0000][gc,phases   ] GC(1362)   Merge Heap Roots: 4.2ms
[2026-01-16T12:17:15.745+0000][gc,phases   ] GC(1362)   Evacuate Collection Set: 24.4ms
[2026-01-16T12:17:15.745+0000][gc,phases   ] GC(1362)   Post Evacuate Collection Set: 17.9ms
[2026-01-16T12:17:15.745+0000][gc,phases   ] GC(1362)   Other: 0.9ms
[2026-01-16T12:17:15.745+0000][gc,heap     ] GC(1362) Eden regions: 612->0(611)
[2026-01-16T12:17:15.745+0000][gc,heap     ] GC(1362) Survivor regions: 2->3(77)
[2026-01-16T12:17:15.745+0000][gc,heap     ] GC(1362) Old regions: 84->84
[2026-01-16T12:17:15.745+0000][gc,heap     ] GC(1362) Humongous regions: 38->38
[2026-01-16T12:17:15.746+0000][gc,metaspace] GC(1362) Metaspace: 13264K(13760K)->13264K(13760K) NonClass: 12147K(12352K)->12147K(12352K) Class: 1117K(1408K)->1117K(1408K)
[2026-01-16T12:17:15.746+0000][gc          ] GC(1362) Pause Young (Normal) (G1 Evacuation Pause) 735M->123M(1024M) 63.483ms
[2026-01-16T12:17:15.746+0000][gc,cpu      ] GC(1362) User=0.19s Sys=0.02s Real=0.06s
[2026-01-16T12:19:11.427+0000][gc,start    ] GC(1363) Pause Young (Normal) (G1 Evacuation Pause)
[2026-01-16T12:19:11.438+0000][gc,task     ] GC(1363) Using 8 workers of 8 for evacuation
[2026-01-16T12:19:14.739+0000][gc,mmu      ] GC(1363) MMU target violated: 201.0ms (200.0ms/201.0ms)
[2026-01-16T12:19:14.769+0000][gc,phases   ] GC(1363)   Pre Evacuate Collection Set: 191.4ms
[2026-01-16T12:19:14.771+0000][gc,phases   ] GC(1363)   Merge Heap Roots: 312.2ms
[2026-01-16T12:19:14.773+0000][gc,phases   ] GC(1363)   Evacuate Collection Set: 2657.9ms
[2026-01-16T12:19:14.774+0000][gc,phases   ] GC(1363)   Post Evacuate Collection Set: 116.9ms
[2026-01-16T12:19:14.777+0000][gc,phases   ] GC(1363)   Other: 60.7ms
[2026-01-16T12:19:14.778+0000][gc,heap     ] GC(1363) Eden regions: 611->0(45)
[2026-01-16T12:19:14.780+0000][gc,heap     ] GC(1363) Survivor regions: 3->6(77)
[2026-01-16T12:19:14.787+0000][gc,heap     ] GC(1363) Old regions: 84->84
[2026-01-16T12:19:14.788+0000][gc,heap     ] GC(1363) Humongous regions: 38->38
[2026-01-16T12:19:14.788+0000][gc,metaspace] GC(1363) Metaspace: 13309K(13760K)->13309K(13760K) NonClass: 12191K(12352K)->12191K(12352K) Class: 1117K(1408K)->1117K(1408K)
[2026-01-16T12:19:14.790+0000][gc          ] GC(1363) Pause Young (Normal) (G1 Evacuation Pause) 734M->126M(1024M) 3362.248ms
[2026-01-16T12:19:14.790+0000][gc,cpu      ] GC(1363) User=2.10s Sys=0.22s Real=3.36s
[2026-01-16T12:19:22.759+0000][gc,start    ] GC(1364) Pause Young (Normal) (G1 Evacuation Pause)
[2026-01-16T12:19:22.786+0000][gc,task     ] GC(1364) Using 8 workers of 8 for evacuation
[2026-01-16T12:19:27.316+0000][gc,mmu      ] GC(1364) MMU target violated: 201.0ms (200.0ms/201.0ms)
[2026-01-16T12:19:27.327+0000][gc,phases   ] GC(1364)   Pre Evacuate Collection Set: 396.2ms
[2026-01-16T12:19:27.332+0000][gc,phases   ] GC(1364)   Merge Heap Roots: 49.1ms
[2026-01-16T12:19:27.337+0000][gc,phases   ] GC(1364)   Evacuate Collection Set: 3913.4ms
[2026-01-16T12:19:27.339+0000][gc,phases   ] GC(1364)   Post Evacuate Collection Set: 131.7ms
[2026-01-16T12:19:27.341+0000][gc,phases   ] GC(1364)   Other: 51.0ms
[2026-01-16T12:19:27.343+0000][gc,heap     ] GC(1364) Eden regions: 45->0(49)
[2026-01-16T12:19:27.344+0000][gc,heap     ] GC(1364) Survivor regions: 6->2(7)
[2026-01-16T12:19:27.344+0000][gc,heap     ] GC(1364) Old regions: 84->89
[2026-01-16T12:19:27.345+0000][gc,heap     ] GC(1364) Humongous regions: 38->38
[2026-01-16T12:19:27.346+0000][gc,metaspace] GC(1364) Metaspace: 13309K(13760K)->13309K(13760K) NonClass: 12192K(12352K)->12192K(12352K) Class: 1117K(1408K)->1117K(1408K)
[2026-01-16T12:19:27.349+0000][gc          ] GC(1364) Pause Young (Normal) (G1 Evacuation Pause) 171M->127M(1024M) 4590.176ms
[2026-01-16T12:19:27.352+0000][gc,cpu      ] GC(1364) User=1.52s Sys=0.27s Real=4.59s
[2026-01-16T12:19:32.327+0000][gc,start    ] GC(1365) Pause Young (Normal) (G1 Evacuation Pause)
[2026-01-16T12:19:32.478+0000][gc,task     ] GC(1365) Using 8 workers of 8 for evacuation
[2026-01-16T12:19:33.366+0000][gc,mmu      ] GC(1365) MMU target violated: 201.0ms (200.0ms/201.0ms)
[2026-01-16T12:19:33.367+0000][gc,phases   ] GC(1365)   Pre Evacuate Collection Set: 140.9ms
[2026-01-16T12:19:33.371+0000][gc,phases   ] GC(1365)   Merge Heap Roots: 33.7ms
[2026-01-16T12:19:33.373+0000][gc,phases   ] GC(1365)   Evacuate Collection Set: 628.7ms
[2026-01-16T12:19:33.375+0000][gc,phases   ] GC(1365)   Post Evacuate Collection Set: 69.8ms
[2026-01-16T12:19:33.382+0000][gc,phases   ] GC(1365)   Other: 30.1ms
[2026-01-16T12:19:33.382+0000][gc,heap     ] GC(1365) Eden regions: 49->0(49)
[2026-01-16T12:19:33.390+0000][gc,heap     ] GC(1365) Survivor regions: 2->2(7)
[2026-01-16T12:19:33.391+0000][gc,heap     ] GC(1365) Old regions: 89->89
[2026-01-16T12:19:33.391+0000][gc,heap     ] GC(1365) Humongous regions: 38->38
[2026-01-16T12:19:33.394+0000][gc,metaspace] GC(1365) Metaspace: 13309K(13760K)->13309K(13760K) NonClass: 12192K(12352K)->12192K(12352K) Class: 1117K(1408K)->1117K(1408K)
[2026-01-16T12:19:33.399+0000][gc          ] GC(1365) Pause Young (Normal) (G1 Evacuation Pause) 176M->127M(1024M) 1072.799ms
[2026-01-16T12:19:33.401+0000][gc,cpu      ] GC(1365) User=0.89s Sys=0.11s Real=1.07s
[2026-01-16T12:19:37.029+0000][gc,start    ] GC(1366) Pause Young (Normal) (G1 Evacuation Pause)
[2026-01-16T12:19:37.031+0000][gc,task     ] GC(1366) Using 8 workers of 8 for evacuation
[2026-01-16T12:19:38.585+0000][gc,mmu      ] GC(1366) MMU target violated: 201.0ms (200.0ms/201.0ms)
[2026-01-16T12:19:38.592+0000][gc,phases   ] GC(1366)   Pre Evacuate Collection Set: 149.9ms
[2026-01-16T12:19:38.592+0000][gc,phases   ] GC(1366)   Merge Heap Roots: 30.2ms
[2026-01-16T12:19:38.593+0000][gc,phases   ] GC(1366)   Evacuate Collection Set: 1296.7ms
[2026-01-16T12:19:38.595+0000][gc,phases   ] GC(1366)   Post Evacuate Collection Set: 76.0ms
[2026-01-16T12:19:38.596+0000][gc,phases   ] GC(1366)   Other: 8.2ms
[2026-01-16T12:19:38.597+0000][gc,heap     ] GC(1366) Eden regions: 49->0(48)
[2026-01-16T12:19:38.599+0000][gc,heap     ] GC(1366) Survivor regions: 2->3(7)
[2026-01-16T12:19:38.602+0000][gc,heap     ] GC(1366) Old regions: 89->89
[2026-01-16T12:19:38.604+0000][gc,heap     ] GC(1366) Humongous regions: 38->38
[2026-01-16T12:19:38.605+0000][gc,metaspace] GC(1366) Metaspace: 13310K(13760K)->13310K(13760K) NonClass: 12193K(12352K)->12193K(12352K) Class: 1117K(1408K)->1117K(1408K)
[2026-01-16T12:19:38.605+0000][gc          ] GC(1366) Pause Young (Normal) (G1 Evacuation Pause) 176M->128M(1024M) 1576.349ms
[2026-01-16T12:19:38.606+0000][gc,cpu      ] GC(1366) User=0.58s Sys=0.09s Real=1.58s
[2026-01-16T12:19:42.072+0000][gc,start    ] GC(1367) Pause Young (Normal) (G1 Evacuation Pause)
[2026-01-16T12:19:42.076+0000][gc,task     ] GC(1367) Using 8 workers of 8 for evacuation
[2026-01-16T12:19:45.702+0000][gc,mmu      ] GC(1367) MMU target violated: 201.0ms (200.0ms/201.0ms)
[2026-01-16T12:19:45.724+0000][gc,phases   ] GC(1367)   Pre Evacuate Collection Set: 208.5ms
[2026-01-16T12:19:45.727+0000][gc,phases   ] GC(1367)   Merge Heap Roots: 3.5ms
[2026-01-16T12:19:45.731+0000][gc,phases   ] GC(1367)   Evacuate Collection Set: 2974.4ms
[2026-01-16T12:19:45.733+0000][gc,phases   ] GC(1367)   Post Evacuate Collection Set: 405.6ms
[2026-01-16T12:19:45.736+0000][gc,phases   ] GC(1367)   Other: 55.6ms
[2026-01-16T12:19:45.738+0000][gc,heap     ] GC(1367) Eden regions: 48->0(48)
[2026-01-16T12:19:45.740+0000][gc,heap     ] GC(1367) Survivor regions: 3->3(7)
[2026-01-16T12:19:45.744+0000][gc,heap     ] GC(1367) Old regions: 89->89
[2026-01-16T12:19:45.747+0000][gc,heap     ] GC(1367) Humongous regions: 38->38
[2026-01-16T12:19:45.755+0000][gc,metaspace] GC(1367) Metaspace: 13310K(13760K)->13310K(13760K) NonClass: 12193K(12352K)->12193K(12352K) Class: 1117K(1408K)->1117K(1408K)
[2026-01-16T12:19:45.798+0000][gc          ] GC(1367) Pause Young (Normal) (G1 Evacuation Pause) 176M->129M(1024M) 3726.300ms
[2026-01-16T12:19:45.816+0000][gc,cpu      ] GC(1367) User=1.20s Sys=0.15s Real=3.75s
[2026-01-16T12:20:06.425+0000][gc,start    ] GC(1368) Pause Young (Normal) (G1 Evacuation Pause)
[2026-01-16T12:20:06.474+0000][gc,task     ] GC(1368) Using 8 workers of 8 for evacuation
[2026-01-16T12:20:13.161+0000][gc,mmu      ] GC(1368) MMU target violated: 201.0ms (200.0ms/201.0ms)
[2026-01-16T12:20:13.277+0000][gc,phases   ] GC(1368)   Pre Evacuate Collection Set: 308.9ms
[2026-01-16T12:20:13.298+0000][gc,phases   ] GC(1368)   Merge Heap Roots: 36.0ms
[2026-01-16T12:20:13.308+0000][gc,phases   ] GC(1368)   Evacuate Collection Set: 5467.0ms
[2026-01-16T12:20:13.310+0000][gc,phases   ] GC(1368)   Post Evacuate Collection Set: 780.5ms
[2026-01-16T12:20:13.313+0000][gc,phases   ] GC(1368)   Other: 254.7ms
[2026-01-16T12:20:13.328+0000][gc,heap     ] GC(1368) Eden regions: 48->0(46)
[2026-01-16T12:20:13.350+0000][gc,heap     ] GC(1368) Survivor regions: 3->5(7)
[2026-01-16T12:20:13.351+0000][gc,heap     ] GC(1368) Old regions: 89->89
[2026-01-16T12:20:13.359+0000][gc,heap     ] GC(1368) Humongous regions: 38->38
[2026-01-16T12:20:13.361+0000][gc,metaspace] GC(1368) Metaspace: 13310K(13760K)->13310K(13760K) NonClass: 12193K(12352K)->12193K(12352K) Class: 1117K(1408K)->1117K(1408K)
[2026-01-16T12:20:13.399+0000][gc          ] GC(1368) Pause Young (Normal) (G1 Evacuation Pause) 177M->130M(1024M) 6950.413ms
[2026-01-16T12:20:13.401+0000][gc,cpu      ] GC(1368) User=2.69s Sys=0.34s Real=6.99s
[2026-01-16T12:20:19.999+0000][gc,start    ] GC(1369) Pause Young (Normal) (G1 Evacuation Pause)
[2026-01-16T12:20:20.108+0000][gc,task     ] GC(1369) Using 8 workers of 8 for evacuation
[2026-01-16T12:20:22.331+0000][gc,mmu      ] GC(1369) MMU target violated: 201.0ms (200.0ms/201.0ms)
[2026-01-16T12:20:22.347+0000][gc,phases   ] GC(1369)   Pre Evacuate Collection Set: 93.7ms
[2026-01-16T12:20:22.349+0000][gc,phases   ] GC(1369)   Merge Heap Roots: 2.7ms
[2026-01-16T12:20:22.349+0000][gc,phases   ] GC(1369)   Evacuate Collection Set: 2010.2ms
[2026-01-16T12:20:22.350+0000][gc,phases   ] GC(1369)   Post Evacuate Collection Set: 109.8ms
[2026-01-16T12:20:22.350+0000][gc,phases   ] GC(1369)   Other: 23.3ms
[2026-01-16T12:20:22.350+0000][gc,heap     ] GC(1369) Eden regions: 46->0(47)
[2026-01-16T12:20:22.350+0000][gc,heap     ] GC(1369) Survivor regions: 5->4(7)
[2026-01-16T12:20:22.350+0000][gc,heap     ] GC(1369) Old regions: 89->89
[2026-01-16T12:20:22.351+0000][gc,heap     ] GC(1369) Humongous regions: 38->38
[2026-01-16T12:20:22.352+0000][gc,metaspace] GC(1369) Metaspace: 13311K(13760K)->13311K(13760K) NonClass: 12194K(12352K)->12194K(12352K) Class: 1117K(1408K)->1117K(1408K)
[2026-01-16T12:20:22.365+0000][gc          ] GC(1369) Pause Young (Normal) (G1 Evacuation Pause) 176M->130M(1024M) 2366.545ms
[2026-01-16T12:20:22.366+0000][gc,cpu      ] GC(1369) User=1.05s Sys=0.09s Real=2.37s
[2026-01-16T12:20:29.941+0000][gc,start    ] GC(1370) Pause Young (Normal) (G1 Evacuation Pause)
[2026-01-16T12:20:30.134+0000][gc,task     ] GC(1370) Using 8 workers of 8 for evacuation
[2026-01-16T12:20:32.153+0000][gc,mmu      ] GC(1370) MMU target violated: 201.0ms (200.0ms/201.0ms)
[2026-01-16T12:20:32.159+0000][gc,phases   ] GC(1370)   Pre Evacuate Collection Set: 128.1ms
[2026-01-16T12:20:32.160+0000][gc,phases   ] GC(1370)   Merge Heap Roots: 14.6ms
[2026-01-16T12:20:32.160+0000][gc,phases   ] GC(1370)   Evacuate Collection Set: 1746.9ms
[2026-01-16T12:20:32.161+0000][gc,phases   ] GC(1370)   Post Evacuate Collection Set: 84.8ms
[2026-01-16T12:20:32.161+0000][gc,phases   ] GC(1370)   Other: 59.5ms
[2026-01-16T12:20:32.162+0000][gc,heap     ] GC(1370) Eden regions: 47->0(47)
[2026-01-16T12:20:32.162+0000][gc,heap     ] GC(1370) Survivor regions: 4->4(7)
[2026-01-16T12:20:32.162+0000][gc,heap     ] GC(1370) Old regions: 89->89
[2026-01-16T12:20:32.162+0000][gc,heap     ] GC(1370) Humongous regions: 38->38
[2026-01-16T12:20:32.198+0000][gc,metaspace] GC(1370) Metaspace: 13311K(13760K)->13311K(13760K) NonClass: 12194K(12352K)->12194K(12352K) Class: 1117K(1408K)->1117K(1408K)
[2026-01-16T12:20:32.215+0000][gc          ] GC(1370) Pause Young (Normal) (G1 Evacuation Pause) 177M->130M(1024M) 2304.921ms
[2026-01-16T12:20:32.216+0000][gc,cpu      ] GC(1370) User=0.80s Sys=0.06s Real=2.31s
[2026-01-16T12:20:38.758+0000][gc,start    ] GC(1371) Pause Young (Normal) (G1 Evacuation Pause)
[2026-01-16T12:20:38.763+0000][gc,task     ] GC(1371) Using 8 workers of 8 for evacuation
[2026-01-16T12:20:40.562+0000][gc,mmu      ] GC(1371) MMU target violated: 201.0ms (200.0ms/201.0ms)
[2026-01-16T12:20:40.569+0000][gc,phases   ] GC(1371)   Pre Evacuate Collection Set: 62.3ms
[2026-01-16T12:20:40.571+0000][gc,phases   ] GC(1371)   Merge Heap Roots: 1.3ms
[2026-01-16T12:20:40.571+0000][gc,phases   ] GC(1371)   Evacuate Collection Set: 1631.1ms
[2026-01-16T12:20:40.572+0000][gc,phases   ] GC(1371)   Post Evacuate Collection Set: 94.0ms
[2026-01-16T12:20:40.572+0000][gc,phases   ] GC(1371)   Other: 12.2ms
[2026-01-16T12:20:40.573+0000][gc,heap     ] GC(1371) Eden regions: 47->0(47)
[2026-01-16T12:20:40.574+0000][gc,heap     ] GC(1371) Survivor regions: 4->4(7)
[2026-01-16T12:20:40.574+0000][gc,heap     ] GC(1371) Old regions: 89->90
[2026-01-16T12:20:40.575+0000][gc,heap     ] GC(1371) Humongous regions: 38->38
[2026-01-16T12:20:40.577+0000][gc,metaspace] GC(1371) Metaspace: 13311K(13760K)->13311K(13760K) NonClass: 12194K(12352K)->12194K(12352K) Class: 1117K(1408K)->1117K(1408K)
[2026-01-16T12:20:40.588+0000][gc          ] GC(1371) Pause Young (Normal) (G1 Evacuation Pause) 177M->131M(1024M) 1830.516ms
[2026-01-16T12:20:40.588+0000][gc,cpu      ] GC(1371) User=0.60s Sys=0.05s Real=1.83s
[2026-01-16T12:20:44.412+0000][gc,start    ] GC(1372) Pause Young (Normal) (G1 Evacuation Pause)
[2026-01-16T12:20:44.466+0000][gc,task     ] GC(1372) Using 8 workers of 8 for evacuation
[2026-01-16T12:20:45.916+0000][gc,mmu      ] GC(1372) MMU target violated: 201.0ms (200.0ms/201.0ms)
[2026-01-16T12:20:45.917+0000][gc,phases   ] GC(1372)   Pre Evacuate Collection Set: 173.8ms
[2026-01-16T12:20:45.919+0000][gc,phases   ] GC(1372)   Merge Heap Roots: 41.8ms
[2026-01-16T12:20:45.924+0000][gc,phases   ] GC(1372)   Evacuate Collection Set: 1119.0ms
[2026-01-16T12:20:45.926+0000][gc,phases   ] GC(1372)   Post Evacuate Collection Set: 95.1ms
[2026-01-16T12:20:45.929+0000][gc,phases   ] GC(1372)   Other: 56.7ms
[2026-01-16T12:20:45.929+0000][gc,heap     ] GC(1372) Eden regions: 47->0(46)
[2026-01-16T12:20:45.931+0000][gc,heap     ] GC(1372) Survivor regions: 4->5(7)
[2026-01-16T12:20:45.933+0000][gc,heap     ] GC(1372) Old regions: 90->91
[2026-01-16T12:20:45.934+0000][gc,heap     ] GC(1372) Humongous regions: 38->38
[2026-01-16T12:20:45.936+0000][gc,metaspace] GC(1372) Metaspace: 13311K(13760K)->13311K(13760K) NonClass: 12194K(12352K)->12194K(12352K) Class: 1117K(1408K)->1117K(1408K)
[2026-01-16T12:20:45.936+0000][gc          ] GC(1372) Pause Young (Normal) (G1 Evacuation Pause) 178M->132M(1024M) 1524.332ms
[2026-01-16T12:20:45.940+0000][gc,cpu      ] GC(1372) User=0.63s Sys=0.03s Real=1.53s
[2026-01-16T12:20:48.871+0000][gc,start    ] GC(1373) Pause Young (Normal) (G1 Evacuation Pause)
[2026-01-16T12:20:48.962+0000][gc,task     ] GC(1373) Using 8 workers of 8 for evacuation
[2026-01-16T12:20:52.226+0000][gc,mmu      ] GC(1373) MMU target violated: 201.0ms (200.0ms/201.0ms)
[2026-01-16T12:20:52.235+0000][gc,phases   ] GC(1373)   Pre Evacuate Collection Set: 128.2ms
[2026-01-16T12:20:52.235+0000][gc,phases   ] GC(1373)   Merge Heap Roots: 8.6ms
[2026-01-16T12:20:52.237+0000][gc,phases   ] GC(1373)   Evacuate Collection Set: 2887.4ms
[2026-01-16T12:20:52.239+0000][gc,phases   ] GC(1373)   Post Evacuate Collection Set: 236.8ms
[2026-01-16T12:20:52.245+0000][gc,phases   ] GC(1373)   Other: 64.2ms
[2026-01-16T12:20:52.247+0000][gc,heap     ] GC(1373) Eden regions: 46->0(47)
[2026-01-16T12:20:52.248+0000][gc,heap     ] GC(1373) Survivor regions: 5->4(7)
[2026-01-16T12:20:52.249+0000][gc,heap     ] GC(1373) Old regions: 91->92
[2026-01-16T12:20:52.252+0000][gc,heap     ] GC(1373) Humongous regions: 38->38
[2026-01-16T12:20:52.254+0000][gc,metaspace] GC(1373) Metaspace: 13311K(13760K)->13311K(13760K) NonClass: 12194K(12352K)->12194K(12352K) Class: 1117K(1408K)->1117K(1408K)
[2026-01-16T12:20:52.270+0000][gc          ] GC(1373) Pause Young (Normal) (G1 Evacuation Pause) 178M->132M(1024M) 3432.113ms
[2026-01-16T12:20:52.382+0000][gc,cpu      ] GC(1373) User=1.48s Sys=0.11s Real=3.55s
[2026-01-16T12:21:00.982+0000][gc,start    ] GC(1374) Pause Young (Normal) (G1 Evacuation Pause)
[2026-01-16T12:21:01.044+0000][gc,task     ] GC(1374) Using 8 workers of 8 for evacuation
[2026-01-16T12:21:02.068+0000][gc,mmu      ] GC(1374) MMU target violated: 201.0ms (200.0ms/201.0ms)
[2026-01-16T12:21:02.070+0000][gc,phases   ] GC(1374)   Pre Evacuate Collection Set: 229.8ms
[2026-01-16T12:21:02.070+0000][gc,phases   ] GC(1374)   Merge Heap Roots: 9.7ms
[2026-01-16T12:21:02.073+0000][gc,phases   ] GC(1374)   Evacuate Collection Set: 734.2ms
[2026-01-16T12:21:02.073+0000][gc,phases   ] GC(1374)   Post Evacuate Collection Set: 28.7ms
[2026-01-16T12:21:02.074+0000][gc,phases   ] GC(1374)   Other: 25.6ms
[2026-01-16T12:21:02.074+0000][gc,heap     ] GC(1374) Eden regions: 47->0(46)
[2026-01-16T12:21:02.074+0000][gc,heap     ] GC(1374) Survivor regions: 4->5(7)
[2026-01-16T12:21:02.075+0000][gc,heap     ] GC(1374) Old regions: 92->92
[2026-01-16T12:21:02.075+0000][gc,heap     ] GC(1374) Humongous regions: 38->38
[2026-01-16T12:21:02.075+0000][gc,metaspace] GC(1374) Metaspace: 13311K(13760K)->13311K(13760K) NonClass: 12194K(12352K)->12194K(12352K) Class: 1117K(1408K)->1117K(1408K)
[2026-01-16T12:21:02.076+0000][gc          ] GC(1374) Pause Young (Normal) (G1 Evacuation Pause) 179M->133M(1024M) 1094.494ms
[2026-01-16T12:21:02.077+0000][gc,cpu      ] GC(1374) User=0.77s Sys=0.06s Real=1.09s
[2026-01-16T12:21:08.991+0000][gc,start    ] GC(1375) Pause Young (Normal) (G1 Evacuation Pause)
[2026-01-16T12:21:09.112+0000][gc,task     ] GC(1375) Using 8 workers of 8 for evacuation
[2026-01-16T12:21:15.625+0000][gc,mmu      ] GC(1375) MMU target violated: 201.0ms (200.0ms/201.0ms)
[2026-01-16T12:21:15.640+0000][gc,phases   ] GC(1375)   Pre Evacuate Collection Set: 192.2ms
[2026-01-16T12:21:15.644+0000][gc,phases   ] GC(1375)   Merge Heap Roots: 3.2ms
[2026-01-16T12:21:15.645+0000][gc,phases   ] GC(1375)   Evacuate Collection Set: 6145.3ms
[2026-01-16T12:21:15.648+0000][gc,phases   ] GC(1375)   Post Evacuate Collection Set: 165.8ms
[2026-01-16T12:21:15.650+0000][gc,phases   ] GC(1375)   Other: 124.5ms
[2026-01-16T12:21:15.653+0000][gc,heap     ] GC(1375) Eden regions: 46->0(46)
[2026-01-16T12:21:15.654+0000][gc,heap     ] GC(1375) Survivor regions: 5->5(7)
[2026-01-16T12:21:15.654+0000][gc,heap     ] GC(1375) Old regions: 92->92
[2026-01-16T12:21:15.657+0000][gc,heap     ] GC(1375) Humongous regions: 38->38
[2026-01-16T12:21:15.657+0000][gc,metaspace] GC(1375) Metaspace: 13311K(13760K)->13311K(13760K) NonClass: 12194K(12352K)->12194K(12352K) Class: 1117K(1408K)->1117K(1408K)
[2026-01-16T12:21:15.658+0000][gc          ] GC(1375) Pause Young (Normal) (G1 Evacuation Pause) 179M->133M(1024M) 6666.623ms
[2026-01-16T12:21:15.659+0000][gc,cpu      ] GC(1375) User=2.30s Sys=0.29s Real=6.67s
[2026-01-16T12:21:19.765+0000][gc,start    ] GC(1376) Pause Young (Normal) (G1 Evacuation Pause)
[2026-01-16T12:21:19.802+0000][gc,task     ] GC(1376) Using 8 workers of 8 for evacuation
[2026-01-16T12:21:20.869+0000][gc,mmu      ] GC(1376) MMU target violated: 201.0ms (200.0ms/201.0ms)
[2026-01-16T12:21:20.874+0000][gc,phases   ] GC(1376)   Pre Evacuate Collection Set: 187.4ms
[2026-01-16T12:21:20.874+0000][gc,phases   ] GC(1376)   Merge Heap Roots: 5.8ms
[2026-01-16T12:21:20.875+0000][gc,phases   ] GC(1376)   Evacuate Collection Set: 777.8ms
[2026-01-16T12:21:20.875+0000][gc,phases   ] GC(1376)   Post Evacuate Collection Set: 92.5ms
[2026-01-16T12:21:20.875+0000][gc,phases   ] GC(1376)   Other: 35.6ms
[2026-01-16T12:21:20.876+0000][gc,heap     ] GC(1376) Eden regions: 46->0(46)
[2026-01-16T12:21:20.878+0000][gc,heap     ] GC(1376) Survivor regions: 5->5(7)
[2026-01-16T12:21:20.881+0000][gc,heap     ] GC(1376) Old regions: 92->93
[2026-01-16T12:21:20.884+0000][gc,heap     ] GC(1376) Humongous regions: 38->38
[2026-01-16T12:21:20.889+0000][gc,metaspace] GC(1376) Metaspace: 13311K(13760K)->13311K(13760K) NonClass: 12194K(12352K)->12194K(12352K) Class: 1117K(1408K)->1117K(1408K)
[2026-01-16T12:21:20.892+0000][gc          ] GC(1376) Pause Young (Normal) (G1 Evacuation Pause) 179M->134M(1024M) 1127.068ms
[2026-01-16T12:21:20.893+0000][gc,cpu      ] GC(1376) User=0.50s Sys=0.03s Real=1.13s
[2026-01-16T12:21:23.479+0000][gc,start    ] GC(1377) Pause Young (Normal) (G1 Evacuation Pause)
[2026-01-16T12:21:23.481+0000][gc,task     ] GC(1377) Using 8 workers of 8 for evacuation
[2026-01-16T12:21:24.569+0000][gc,mmu      ] GC(1377) MMU target violated: 201.0ms (200.0ms/201.0ms)
[2026-01-16T12:21:24.575+0000][gc,phases   ] GC(1377)   Pre Evacuate Collection Set: 79.2ms
[2026-01-16T12:21:24.576+0000][gc,phases   ] GC(1377)   Merge Heap Roots: 46.6ms
[2026-01-16T12:21:24.580+0000][gc,phases   ] GC(1377)   Evacuate Collection Set: 750.1ms
[2026-01-16T12:21:24.581+0000][gc,phases   ] GC(1377)   Post Evacuate Collection Set: 204.1ms
[2026-01-16T12:21:24.585+0000][gc,phases   ] GC(1377)   Other: 14.5ms
[2026-01-16T12:21:24.589+0000][gc,heap     ] GC(1377) Eden regions: 46->0(47)
[2026-01-16T12:21:24.592+0000][gc,heap     ] GC(1377) Survivor regions: 5->4(7)
[2026-01-16T12:21:24.594+0000][gc,heap     ] GC(1377) Old regions: 93->94
[2026-01-16T12:21:24.594+0000][gc,heap     ] GC(1377) Humongous regions: 38->38
[2026-01-16T12:21:24.595+0000][gc,metaspace] GC(1377) Metaspace: 13311K(13760K)->13311K(13760K) NonClass: 12194K(12352K)->12194K(12352K) Class: 1117K(1408K)->1117K(1408K)
[2026-01-16T12:21:24.596+0000][gc          ] GC(1377) Pause Young (Normal) (G1 Evacuation Pause) 180M->135M(1024M) 1116.212ms
[2026-01-16T12:21:24.597+0000][gc,cpu      ] GC(1377) User=0.87s Sys=0.07s Real=1.12s
[2026-01-16T12:21:28.399+0000][gc,start    ] GC(1378) Pause Young (Normal) (G1 Evacuation Pause)
[2026-01-16T12:21:28.409+0000][gc,task     ] GC(1378) Using 8 workers of 8 for evacuation
[2026-01-16T12:21:29.909+0000][gc,mmu      ] GC(1378) MMU target violated: 201.0ms (200.0ms/201.0ms)
[2026-01-16T12:21:29.950+0000][gc,phases   ] GC(1378)   Pre Evacuate Collection Set: 169.9ms
[2026-01-16T12:21:29.968+0000][gc,phases   ] GC(1378)   Merge Heap Roots: 39.3ms
[2026-01-16T12:21:29.978+0000][gc,phases   ] GC(1378)   Evacuate Collection Set: 1221.2ms
[2026-01-16T12:21:29.983+0000][gc,phases   ] GC(1378)   Post Evacuate Collection Set: 65.1ms
[2026-01-16T12:21:29.995+0000][gc,phases   ] GC(1378)   Other: 45.4ms
[2026-01-16T12:21:29.999+0000][gc,heap     ] GC(1378) Eden regions: 47->0(46)
[2026-01-16T12:21:30.007+0000][gc,heap     ] GC(1378) Survivor regions: 4->5(7)
[2026-01-16T12:21:30.007+0000][gc,heap     ] GC(1378) Old regions: 94->94
[2026-01-16T12:21:30.007+0000][gc,heap     ] GC(1378) Humongous regions: 38->38
[2026-01-16T12:21:30.008+0000][gc,metaspace] GC(1378) Metaspace: 13311K(13760K)->13311K(13760K) NonClass: 12194K(12352K)->12194K(12352K) Class: 1117K(1408K)->1117K(1408K)
[2026-01-16T12:21:30.010+0000][gc          ] GC(1378) Pause Young (Normal) (G1 Evacuation Pause) 182M->136M(1024M) 1610.958ms
[2026-01-16T12:21:30.012+0000][gc,cpu      ] GC(1378) User=0.65s Sys=0.09s Real=1.61s
[2026-01-16T12:21:33.797+0000][gc,start    ] GC(1379) Pause Young (Normal) (G1 Evacuation Pause)
[2026-01-16T12:21:33.818+0000][gc,task     ] GC(1379) Using 8 workers of 8 for evacuation
[2026-01-16T12:21:35.431+0000][gc,mmu      ] GC(1379) MMU target violated: 201.0ms (200.0ms/201.0ms)
[2026-01-16T12:21:35.434+0000][gc,phases   ] GC(1379)   Pre Evacuate Collection Set: 136.1ms
[2026-01-16T12:21:35.434+0000][gc,phases   ] GC(1379)   Merge Heap Roots: 16.7ms
[2026-01-16T12:21:35.434+0000][gc,phases   ] GC(1379)   Evacuate Collection Set: 1364.2ms
[2026-01-16T12:21:35.434+0000][gc,phases   ] GC(1379)   Post Evacuate Collection Set: 76.7ms
[2026-01-16T12:21:35.434+0000][gc,phases   ] GC(1379)   Other: 24.3ms
[2026-01-16T12:21:35.434+0000][gc,heap     ] GC(1379) Eden regions: 46->0(47)
[2026-01-16T12:21:35.434+0000][gc,heap     ] GC(1379) Survivor regions: 5->4(7)
[2026-01-16T12:21:35.434+0000][gc,heap     ] GC(1379) Old regions: 94->95
[2026-01-16T12:21:35.434+0000][gc,heap     ] GC(1379) Humongous regions: 38->38
[2026-01-16T12:21:35.434+0000][gc,metaspace] GC(1379) Metaspace: 13311K(13760K)->13311K(13760K) NonClass: 12194K(12352K)->12194K(12352K) Class: 1117K(1408K)->1117K(1408K)
[2026-01-16T12:21:35.437+0000][gc          ] GC(1379) Pause Young (Normal) (G1 Evacuation Pause) 182M->136M(1024M) 1639.488ms
[2026-01-16T12:21:35.444+0000][gc,cpu      ] GC(1379) User=0.81s Sys=0.06s Real=1.65s
[2026-01-16T12:21:37.643+0000][gc,start    ] GC(1380) Pause Young (Normal) (G1 Evacuation Pause)
[2026-01-16T12:21:37.644+0000][gc,task     ] GC(1380) Using 8 workers of 8 for evacuation
[2026-01-16T12:21:38.879+0000][gc,mmu      ] GC(1380) MMU target violated: 201.0ms (200.0ms/201.0ms)
[2026-01-16T12:21:38.885+0000][gc,phases   ] GC(1380)   Pre Evacuate Collection Set: 239.3ms
[2026-01-16T12:21:38.885+0000][gc,phases   ] GC(1380)   Merge Heap Roots: 30.5ms
[2026-01-16T12:21:38.894+0000][gc,phases   ] GC(1380)   Evacuate Collection Set: 937.6ms
[2026-01-16T12:21:38.894+0000][gc,phases   ] GC(1380)   Post Evacuate Collection Set: 25.3ms
[2026-01-16T12:21:38.895+0000][gc,phases   ] GC(1380)   Other: 7.8ms
[2026-01-16T12:21:38.919+0000][gc,heap     ] GC(1380) Eden regions: 47->0(46)
[2026-01-16T12:21:38.919+0000][gc,heap     ] GC(1380) Survivor regions: 4->5(7)
[2026-01-16T12:21:38.920+0000][gc,heap     ] GC(1380) Old regions: 95->95
[2026-01-16T12:21:38.920+0000][gc,heap     ] GC(1380) Humongous regions: 38->38
[2026-01-16T12:21:38.926+0000][gc,metaspace] GC(1380) Metaspace: 13311K(13760K)->13311K(13760K) NonClass: 12194K(12352K)->12194K(12352K) Class: 1117K(1408K)->1117K(1408K)
[2026-01-16T12:21:38.930+0000][gc          ] GC(1380) Pause Young (Normal) (G1 Evacuation Pause) 183M->137M(1024M) 1286.496ms
[2026-01-16T12:21:38.948+0000][gc,cpu      ] GC(1380) User=0.41s Sys=0.02s Real=1.30s
[2026-01-16T12:21:42.311+0000][gc,start    ] GC(1381) Pause Young (Normal) (GCLocker Initiated GC)
[2026-01-16T12:21:42.323+0000][gc,task     ] GC(1381) Using 8 workers of 8 for evacuation
[2026-01-16T12:21:43.456+0000][gc,mmu      ] GC(1381) MMU target violated: 201.0ms (200.0ms/201.0ms)
[2026-01-16T12:21:43.467+0000][gc,phases   ] GC(1381)   Pre Evacuate Collection Set: 77.6ms
[2026-01-16T12:21:43.468+0000][gc,phases   ] GC(1381)   Merge Heap Roots: 0.3ms
[2026-01-16T12:21:43.471+0000][gc,phases   ] GC(1381)   Evacuate Collection Set: 979.7ms
[2026-01-16T12:21:43.472+0000][gc,phases   ] GC(1381)   Post Evacuate Collection Set: 74.2ms
[2026-01-16T12:21:43.474+0000][gc,phases   ] GC(1381)   Other: 13.4ms
[2026-01-16T12:21:43.478+0000][gc,heap     ] GC(1381) Eden regions: 49->0(47)
[2026-01-16T12:21:43.480+0000][gc,heap     ] GC(1381) Survivor regions: 5->4(7)
[2026-01-16T12:21:43.480+0000][gc,heap     ] GC(1381) Old regions: 95->96
[2026-01-16T12:21:43.481+0000][gc,heap     ] GC(1381) Humongous regions: 38->38
[2026-01-16T12:21:43.481+0000][gc,metaspace] GC(1381) Metaspace: 13312K(13760K)->13312K(13760K) NonClass: 12194K(12352K)->12194K(12352K) Class: 1117K(1408K)->1117K(1408K)
[2026-01-16T12:21:43.484+0000][gc          ] GC(1381) Pause Young (Normal) (GCLocker Initiated GC) 185M->137M(1024M) 1172.347ms
[2026-01-16T12:21:43.489+0000][gc,cpu      ] GC(1381) User=0.70s Sys=0.11s Real=1.18s
[2026-01-16T12:21:46.834+0000][gc,start    ] GC(1382) Pause Young (Normal) (G1 Evacuation Pause)
[2026-01-16T12:21:46.858+0000][gc,task     ] GC(1382) Using 8 workers of 8 for evacuation
[2026-01-16T12:21:47.462+0000][gc,mmu      ] GC(1382) MMU target violated: 201.0ms (200.0ms/201.0ms)
[2026-01-16T12:21:47.463+0000][gc,phases   ] GC(1382)   Pre Evacuate Collection Set: 36.7ms
[2026-01-16T12:21:47.465+0000][gc,phases   ] GC(1382)   Merge Heap Roots: 9.0ms
[2026-01-16T12:21:47.467+0000][gc,phases   ] GC(1382)   Evacuate Collection Set: 491.1ms
[2026-01-16T12:21:47.468+0000][gc,phases   ] GC(1382)   Post Evacuate Collection Set: 52.3ms
[2026-01-16T12:21:47.469+0000][gc,phases   ] GC(1382)   Other: 16.6ms
[2026-01-16T12:21:47.477+0000][gc,heap     ] GC(1382) Eden regions: 47->0(46)
[2026-01-16T12:21:47.478+0000][gc,heap     ] GC(1382) Survivor regions: 4->5(7)
[2026-01-16T12:21:47.478+0000][gc,heap     ] GC(1382) Old regions: 96->96
[2026-01-16T12:21:47.479+0000][gc,heap     ] GC(1382) Humongous regions: 38->38
[2026-01-16T12:21:47.479+0000][gc,metaspace] GC(1382) Metaspace: 13312K(13760K)->13312K(13760K) NonClass: 12194K(12352K)->12194K(12352K) Class: 1117K(1408K)->1117K(1408K)
[2026-01-16T12:21:47.479+0000][gc          ] GC(1382) Pause Young (Normal) (G1 Evacuation Pause) 184M->138M(1024M) 625.122ms
[2026-01-16T12:21:47.480+0000][gc,cpu      ] GC(1382) User=0.35s Sys=0.03s Real=0.62s
[2026-01-16T12:21:49.000+0000][gc,start    ] GC(1383) Pause Young (Normal) (G1 Evacuation Pause)
[2026-01-16T12:21:49.001+0000][gc,task     ] GC(1383) Using 8 workers of 8 for evacuation
[2026-01-16T12:21:49.329+0000][gc,mmu      ] GC(1383) MMU target violated: 201.0ms (200.0ms/201.0ms)
[2026-01-16T12:21:49.354+0000][gc,phases   ] GC(1383)   Pre Evacuate Collection Set: 58.2ms
[2026-01-16T12:21:49.356+0000][gc,phases   ] GC(1383)   Merge Heap Roots: 25.7ms
[2026-01-16T12:21:49.358+0000][gc,phases   ] GC(1383)   Evacuate Collection Set: 217.5ms
[2026-01-16T12:21:49.362+0000][gc,phases   ] GC(1383)   Post Evacuate Collection Set: 10.4ms
[2026-01-16T12:21:49.362+0000][gc,phases   ] GC(1383)   Other: 42.3ms
[2026-01-16T12:21:49.366+0000][gc,heap     ] GC(1383) Eden regions: 46->0(46)
[2026-01-16T12:21:49.368+0000][gc,heap     ] GC(1383) Survivor regions: 5->5(7)
[2026-01-16T12:21:49.369+0000][gc,heap     ] GC(1383) Old regions: 96->97
[2026-01-16T12:21:49.372+0000][gc,heap     ] GC(1383) Humongous regions: 38->38
[2026-01-16T12:21:49.373+0000][gc,metaspace] GC(1383) Metaspace: 13312K(13760K)->13312K(13760K) NonClass: 12194K(12352K)->12194K(12352K) Class: 1117K(1408K)->1117K(1408K)
[2026-01-16T12:21:49.374+0000][gc          ] GC(1383) Pause Young (Normal) (G1 Evacuation Pause) 184M->138M(1024M) 374.643ms
[2026-01-16T12:21:49.377+0000][gc,cpu      ] GC(1383) User=0.22s Sys=0.01s Real=0.38s
[2026-01-16T12:21:50.245+0000][gc,start    ] GC(1384) Pause Young (Normal) (G1 Evacuation Pause)
[2026-01-16T12:21:50.251+0000][gc,task     ] GC(1384) Using 8 workers of 8 for evacuation
[2026-01-16T12:21:50.376+0000][gc,phases   ] GC(1384)   Pre Evacuate Collection Set: 4.6ms
[2026-01-16T12:21:50.378+0000][gc,phases   ] GC(1384)   Merge Heap Roots: 0.3ms
[2026-01-16T12:21:50.378+0000][gc,phases   ] GC(1384)   Evacuate Collection Set: 103.5ms
[2026-01-16T12:21:50.378+0000][gc,phases   ] GC(1384)   Post Evacuate Collection Set: 1.8ms
[2026-01-16T12:21:50.379+0000][gc,phases   ] GC(1384)   Other: 15.4ms
[2026-01-16T12:21:50.379+0000][gc,heap     ] GC(1384) Eden regions: 46->0(46)
[2026-01-16T12:21:50.379+0000][gc,heap     ] GC(1384) Survivor regions: 5->5(7)
[2026-01-16T12:21:50.379+0000][gc,heap     ] GC(1384) Old regions: 97->97
[2026-01-16T12:21:50.379+0000][gc,heap     ] GC(1384) Humongous regions: 38->38
[2026-01-16T12:21:50.379+0000][gc,metaspace] GC(1384) Metaspace: 13312K(13760K)->13312K(13760K) NonClass: 12194K(12352K)->12194K(12352K) Class: 1117K(1408K)->1117K(1408K)
[2026-01-16T12:21:50.379+0000][gc          ] GC(1384) Pause Young (Normal) (G1 Evacuation Pause) 184M->139M(1024M) 134.099ms
[2026-01-16T12:21:50.381+0000][gc,cpu      ] GC(1384) User=0.07s Sys=0.01s Real=0.13s
[2026-01-16T12:21:52.130+0000][gc,start    ] GC(1385) Pause Young (Normal) (GCLocker Initiated GC)
[2026-01-16T12:21:52.130+0000][gc,task     ] GC(1385) Using 8 workers of 8 for evacuation
[2026-01-16T12:21:52.553+0000][gc,mmu      ] GC(1385) MMU target violated: 201.0ms (200.0ms/201.0ms)
[2026-01-16T12:21:52.579+0000][gc,phases   ] GC(1385)   Pre Evacuate Collection Set: 8.1ms
[2026-01-16T12:21:52.580+0000][gc,phases   ] GC(1385)   Merge Heap Roots: 0.2ms
[2026-01-16T12:21:52.580+0000][gc,phases   ] GC(1385)   Evacuate Collection Set: 384.1ms
[2026-01-16T12:21:52.581+0000][gc,phases   ] GC(1385)   Post Evacuate Collection Set: 30.4ms
[2026-01-16T12:21:52.584+0000][gc,phases   ] GC(1385)   Other: 26.5ms
[2026-01-16T12:21:52.586+0000][gc,heap     ] GC(1385) Eden regions: 47->0(45)
[2026-01-16T12:21:52.587+0000][gc,heap     ] GC(1385) Survivor regions: 5->6(7)
[2026-01-16T12:21:52.588+0000][gc,heap     ] GC(1385) Old regions: 97->98
[2026-01-16T12:21:52.592+0000][gc,heap     ] GC(1385) Humongous regions: 38->38
[2026-01-16T12:21:52.593+0000][gc,metaspace] GC(1385) Metaspace: 13313K(13760K)->13313K(13760K) NonClass: 12195K(12352K)->12195K(12352K) Class: 1117K(1408K)->1117K(1408K)
[2026-01-16T12:21:52.593+0000][gc          ] GC(1385) Pause Young (Normal) (GCLocker Initiated GC) 186M->140M(1024M) 463.615ms
[2026-01-16T12:21:52.594+0000][gc,cpu      ] GC(1385) User=0.24s Sys=0.02s Real=0.47s
[2026-01-16T12:21:53.575+0000][gc,start    ] GC(1386) Pause Young (Normal) (G1 Evacuation Pause)
[2026-01-16T12:21:53.583+0000][gc,task     ] GC(1386) Using 8 workers of 8 for evacuation
[2026-01-16T12:21:54.141+0000][gc,mmu      ] GC(1386) MMU target violated: 201.0ms (200.0ms/201.0ms)
[2026-01-16T12:21:54.141+0000][gc,phases   ] GC(1386)   Pre Evacuate Collection Set: 55.4ms
[2026-01-16T12:21:54.142+0000][gc,phases   ] GC(1386)   Merge Heap Roots: 0.2ms
[2026-01-16T12:21:54.142+0000][gc,phases   ] GC(1386)   Evacuate Collection Set: 445.4ms
[2026-01-16T12:21:54.142+0000][gc,phases   ] GC(1386)   Post Evacuate Collection Set: 8.0ms
[2026-01-16T12:21:54.142+0000][gc,phases   ] GC(1386)   Other: 48.8ms
[2026-01-16T12:21:54.145+0000][gc,heap     ] GC(1386) Eden regions: 45->0(47)
[2026-01-16T12:21:54.150+0000][gc,heap     ] GC(1386) Survivor regions: 6->4(7)
[2026-01-16T12:21:54.157+0000][gc,heap     ] GC(1386) Old regions: 98->100
[2026-01-16T12:21:54.158+0000][gc,heap     ] GC(1386) Humongous regions: 38->38
[2026-01-16T12:21:54.158+0000][gc,metaspace] GC(1386) Metaspace: 13313K(13760K)->13313K(13760K) NonClass: 12195K(12352K)->12195K(12352K) Class: 1117K(1408K)->1117K(1408K)
[2026-01-16T12:21:54.159+0000][gc          ] GC(1386) Pause Young (Normal) (G1 Evacuation Pause) 185M->140M(1024M) 583.879ms
[2026-01-16T12:21:54.160+0000][gc,cpu      ] GC(1386) User=0.23s Sys=0.02s Real=0.58s
[2026-01-16T12:21:55.003+0000][gc,start    ] GC(1387) Pause Young (Normal) (G1 Evacuation Pause)
[2026-01-16T12:21:55.007+0000][gc,task     ] GC(1387) Using 8 workers of 8 for evacuation
[2026-01-16T12:21:55.457+0000][gc,mmu      ] GC(1387) MMU target violated: 201.0ms (200.0ms/201.0ms)
[2026-01-16T12:21:55.462+0000][gc,phases   ] GC(1387)   Pre Evacuate Collection Set: 1.2ms
[2026-01-16T12:21:55.465+0000][gc,phases   ] GC(1387)   Merge Heap Roots: 0.2ms
[2026-01-16T12:21:55.469+0000][gc,phases   ] GC(1387)   Evacuate Collection Set: 443.9ms
[2026-01-16T12:21:55.471+0000][gc,phases   ] GC(1387)   Post Evacuate Collection Set: 4.1ms
[2026-01-16T12:21:55.471+0000][gc,phases   ] GC(1387)   Other: 5.6ms
[2026-01-16T12:21:55.472+0000][gc,heap     ] GC(1387) Eden regions: 47->0(47)
[2026-01-16T12:21:55.474+0000][gc,heap     ] GC(1387) Survivor regions: 4->4(7)
[2026-01-16T12:21:55.475+0000][gc,heap     ] GC(1387) Old regions: 100->100
[2026-01-16T12:21:55.475+0000][gc,heap     ] GC(1387) Humongous regions: 38->38
[2026-01-16T12:21:55.481+0000][gc,metaspace] GC(1387) Metaspace: 13313K(13760K)->13313K(13760K) NonClass: 12195K(12352K)->12195K(12352K) Class: 1117K(1408K)->1117K(1408K)
[2026-01-16T12:21:55.482+0000][gc          ] GC(1387) Pause Young (Normal) (G1 Evacuation Pause) 187M->141M(1024M) 479.809ms
[2026-01-16T12:21:55.483+0000][gc,cpu      ] GC(1387) User=0.11s Sys=0.02s Real=0.47s
[2026-01-16T12:21:56.861+0000][gc,start    ] GC(1388) Pause Young (Normal) (G1 Evacuation Pause)
[2026-01-16T12:21:56.881+0000][gc,task     ] GC(1388) Using 8 workers of 8 for evacuation
[2026-01-16T12:21:57.140+0000][gc,mmu      ] GC(1388) MMU target violated: 201.0ms (200.0ms/201.0ms)
[2026-01-16T12:21:57.144+0000][gc,phases   ] GC(1388)   Pre Evacuate Collection Set: 11.1ms
[2026-01-16T12:21:57.147+0000][gc,phases   ] GC(1388)   Merge Heap Roots: 1.5ms
[2026-01-16T12:21:57.149+0000][gc,phases   ] GC(1388)   Evacuate Collection Set: 216.7ms
[2026-01-16T12:21:57.149+0000][gc,phases   ] GC(1388)   Post Evacuate Collection Set: 14.7ms
[2026-01-16T12:21:57.150+0000][gc,phases   ] GC(1388)   Other: 19.4ms
[2026-01-16T12:21:57.151+0000][gc,heap     ] GC(1388) Eden regions: 47->0(46)
[2026-01-16T12:21:57.151+0000][gc,heap     ] GC(1388) Survivor regions: 4->5(7)
[2026-01-16T12:21:57.151+0000][gc,heap     ] GC(1388) Old regions: 100->100
[2026-01-16T12:21:57.155+0000][gc,heap     ] GC(1388) Humongous regions: 38->38
[2026-01-16T12:21:57.157+0000][gc,metaspace] GC(1388) Metaspace: 13313K(13760K)->13313K(13760K) NonClass: 12195K(12352K)->12195K(12352K) Class: 1117K(1408K)->1117K(1408K)
[2026-01-16T12:21:57.157+0000][gc          ] GC(1388) Pause Young (Normal) (G1 Evacuation Pause) 188M->141M(1024M) 296.861ms
[2026-01-16T12:21:57.158+0000][gc,cpu      ] GC(1388) User=0.13s Sys=0.00s Real=0.30s
[2026-01-16T12:21:58.317+0000][gc,start    ] GC(1389) Pause Young (Normal) (G1 Evacuation Pause)
[2026-01-16T12:21:58.317+0000][gc,task     ] GC(1389) Using 8 workers of 8 for evacuation
[2026-01-16T12:21:58.578+0000][gc,mmu      ] GC(1389) MMU target violated: 201.0ms (200.0ms/201.0ms)
[2026-01-16T12:21:58.580+0000][gc,phases   ] GC(1389)   Pre Evacuate Collection Set: 1.5ms
[2026-01-16T12:21:58.582+0000][gc,phases   ] GC(1389)   Merge Heap Roots: 0.1ms
[2026-01-16T12:21:58.585+0000][gc,phases   ] GC(1389)   Evacuate Collection Set: 239.5ms
[2026-01-16T12:21:58.588+0000][gc,phases   ] GC(1389)   Post Evacuate Collection Set: 19.2ms
[2026-01-16T12:21:58.590+0000][gc,phases   ] GC(1389)   Other: 2.1ms
[2026-01-16T12:21:58.590+0000][gc,heap     ] GC(1389) Eden regions: 46->0(47)
[2026-01-16T12:21:58.591+0000][gc,heap     ] GC(1389) Survivor regions: 5->4(7)
[2026-01-16T12:21:58.591+0000][gc,heap     ] GC(1389) Old regions: 100->101
[2026-01-16T12:21:58.592+0000][gc,heap     ] GC(1389) Humongous regions: 38->38
[2026-01-16T12:21:58.596+0000][gc,metaspace] GC(1389) Metaspace: 13313K(13760K)->13313K(13760K) NonClass: 12195K(12352K)->12195K(12352K) Class: 1117K(1408K)->1117K(1408K)
[2026-01-16T12:21:58.597+0000][gc          ] GC(1389) Pause Young (Normal) (G1 Evacuation Pause) 187M->142M(1024M) 280.212ms
[2026-01-16T12:21:58.598+0000][gc,cpu      ] GC(1389) User=0.12s Sys=0.02s Real=0.28s
[2026-01-16T12:21:59.772+0000][gc,start    ] GC(1390) Pause Young (Normal) (G1 Evacuation Pause)
[2026-01-16T12:21:59.774+0000][gc,task     ] GC(1390) Using 8 workers of 8 for evacuation
[2026-01-16T12:22:00.235+0000][gc,mmu      ] GC(1390) MMU target violated: 201.0ms (200.0ms/201.0ms)
[2026-01-16T12:22:00.239+0000][gc,phases   ] GC(1390)   Pre Evacuate Collection Set: 15.3ms
[2026-01-16T12:22:00.242+0000][gc,phases   ] GC(1390)   Merge Heap Roots: 1.3ms
[2026-01-16T12:22:00.253+0000][gc,phases   ] GC(1390)   Evacuate Collection Set: 394.4ms
[2026-01-16T12:22:00.255+0000][gc,phases   ] GC(1390)   Post Evacuate Collection Set: 35.8ms
[2026-01-16T12:22:00.260+0000][gc,phases   ] GC(1390)   Other: 18.8ms
[2026-01-16T12:22:00.261+0000][gc,heap     ] GC(1390) Eden regions: 47->0(47)
[2026-01-16T12:22:00.263+0000][gc,heap     ] GC(1390) Survivor regions: 4->4(7)
[2026-01-16T12:22:00.263+0000][gc,heap     ] GC(1390) Old regions: 101->102
[2026-01-16T12:22:00.264+0000][gc,heap     ] GC(1390) Humongous regions: 38->38
[2026-01-16T12:22:00.265+0000][gc,metaspace] GC(1390) Metaspace: 13313K(13760K)->13313K(13760K) NonClass: 12195K(12352K)->12195K(12352K) Class: 1117K(1408K)->1117K(1408K)
[2026-01-16T12:22:00.266+0000][gc          ] GC(1390) Pause Young (Normal) (G1 Evacuation Pause) 189M->142M(1024M) 493.294ms
[2026-01-16T12:22:00.266+0000][gc,cpu      ] GC(1390) User=0.16s Sys=0.00s Real=0.49s
[2026-01-16T12:22:01.750+0000][gc,start    ] GC(1391) Pause Young (Normal) (G1 Evacuation Pause)
[2026-01-16T12:22:01.753+0000][gc,task     ] GC(1391) Using 8 workers of 8 for evacuation
[2026-01-16T12:22:02.220+0000][gc,mmu      ] GC(1391) MMU target violated: 201.0ms (200.0ms/201.0ms)
[2026-01-16T12:22:02.222+0000][gc,phases   ] GC(1391)   Pre Evacuate Collection Set: 31.4ms
[2026-01-16T12:22:02.222+0000][gc,phases   ] GC(1391)   Merge Heap Roots: 4.0ms
[2026-01-16T12:22:02.222+0000][gc,phases   ] GC(1391)   Evacuate Collection Set: 409.0ms
[2026-01-16T12:22:02.227+0000][gc,phases   ] GC(1391)   Post Evacuate Collection Set: 18.6ms
[2026-01-16T12:22:02.227+0000][gc,phases   ] GC(1391)   Other: 6.5ms
[2026-01-16T12:22:02.227+0000][gc,heap     ] GC(1391) Eden regions: 47->0(46)
[2026-01-16T12:22:02.231+0000][gc,heap     ] GC(1391) Survivor regions: 4->5(7)
[2026-01-16T12:22:02.232+0000][gc,heap     ] GC(1391) Old regions: 102->102
[2026-01-16T12:22:02.233+0000][gc,heap     ] GC(1391) Humongous regions: 38->38
[2026-01-16T12:22:02.236+0000][gc,metaspace] GC(1391) Metaspace: 13313K(13760K)->13313K(13760K) NonClass: 12195K(12352K)->12195K(12352K) Class: 1117K(1408K)->1117K(1408K)
[2026-01-16T12:22:02.237+0000][gc          ] GC(1391) Pause Young (Normal) (G1 Evacuation Pause) 189M->144M(1024M) 486.811ms
[2026-01-16T12:22:02.237+0000][gc,cpu      ] GC(1391) User=0.23s Sys=0.04s Real=0.49s
[2026-01-16T12:22:03.754+0000][gc,start    ] GC(1392) Pause Young (Normal) (G1 Evacuation Pause)
[2026-01-16T12:22:03.763+0000][gc,task     ] GC(1392) Using 8 workers of 8 for evacuation
[2026-01-16T12:22:04.096+0000][gc,mmu      ] GC(1392) MMU target violated: 201.0ms (200.0ms/201.0ms)
[2026-01-16T12:22:04.098+0000][gc,phases   ] GC(1392)   Pre Evacuate Collection Set: 44.7ms
[2026-01-16T12:22:04.099+0000][gc,phases   ] GC(1392)   Merge Heap Roots: 7.3ms
[2026-01-16T12:22:04.101+0000][gc,phases   ] GC(1392)   Evacuate Collection Set: 251.7ms
[2026-01-16T12:22:04.102+0000][gc,phases   ] GC(1392)   Post Evacuate Collection Set: 13.1ms
[2026-01-16T12:22:04.102+0000][gc,phases   ] GC(1392)   Other: 18.8ms
[2026-01-16T12:22:04.103+0000][gc,heap     ] GC(1392) Eden regions: 46->0(46)
[2026-01-16T12:22:04.103+0000][gc,heap     ] GC(1392) Survivor regions: 5->5(7)
[2026-01-16T12:22:04.106+0000][gc,heap     ] GC(1392) Old regions: 102->103
[2026-01-16T12:22:04.106+0000][gc,heap     ] GC(1392) Humongous regions: 38->38
[2026-01-16T12:22:04.107+0000][gc,metaspace] GC(1392) Metaspace: 13313K(13760K)->13313K(13760K) NonClass: 12195K(12352K)->12195K(12352K) Class: 1117K(1408K)->1117K(1408K)
[2026-01-16T12:22:04.107+0000][gc          ] GC(1392) Pause Young (Normal) (G1 Evacuation Pause) 190M->144M(1024M) 353.003ms
[2026-01-16T12:22:04.108+0000][gc,cpu      ] GC(1392) User=0.19s Sys=0.01s Real=0.35s
[2026-01-16T12:22:05.402+0000][gc,start    ] GC(1393) Pause Young (Normal) (G1 Evacuation Pause)
[2026-01-16T12:22:05.411+0000][gc,task     ] GC(1393) Using 8 workers of 8 for evacuation
[2026-01-16T12:22:05.977+0000][gc,mmu      ] GC(1393) MMU target violated: 201.0ms (200.0ms/201.0ms)
[2026-01-16T12:22:05.986+0000][gc,phases   ] GC(1393)   Pre Evacuate Collection Set: 36.5ms
[2026-01-16T12:22:05.990+0000][gc,phases   ] GC(1393)   Merge Heap Roots: 21.7ms
[2026-01-16T12:22:05.992+0000][gc,phases   ] GC(1393)   Evacuate Collection Set: 484.5ms
[2026-01-16T12:22:05.996+0000][gc,phases   ] GC(1393)   Post Evacuate Collection Set: 20.4ms
[2026-01-16T12:22:05.998+0000][gc,phases   ] GC(1393)   Other: 12.5ms
[2026-01-16T12:22:06.000+0000][gc,heap     ] GC(1393) Eden regions: 46->0(47)
[2026-01-16T12:22:06.000+0000][gc,heap     ] GC(1393) Survivor regions: 5->4(7)
[2026-01-16T12:22:06.001+0000][gc,heap     ] GC(1393) Old regions: 103->103
[2026-01-16T12:22:06.001+0000][gc,heap     ] GC(1393) Humongous regions: 38->38
[2026-01-16T12:22:06.002+0000][gc,metaspace] GC(1393) Metaspace: 13313K(13760K)->13313K(13760K) NonClass: 12195K(12352K)->12195K(12352K) Class: 1117K(1408K)->1117K(1408K)
[2026-01-16T12:22:06.004+0000][gc          ] GC(1393) Pause Young (Normal) (G1 Evacuation Pause) 190M->144M(1024M) 601.815ms
[2026-01-16T12:22:06.008+0000][gc,cpu      ] GC(1393) User=0.22s Sys=0.03s Real=0.61s
[2026-01-16T12:22:07.318+0000][gc,start    ] GC(1394) Pause Young (Normal) (G1 Evacuation Pause)
[2026-01-16T12:22:07.321+0000][gc,task     ] GC(1394) Using 8 workers of 8 for evacuation
[2026-01-16T12:22:07.822+0000][gc,mmu      ] GC(1394) MMU target violated: 201.0ms (200.0ms/201.0ms)
[2026-01-16T12:22:07.824+0000][gc,phases   ] GC(1394)   Pre Evacuate Collection Set: 21.1ms
[2026-01-16T12:22:07.827+0000][gc,phases   ] GC(1394)   Merge Heap Roots: 0.3ms
[2026-01-16T12:22:07.828+0000][gc,phases   ] GC(1394)   Evacuate Collection Set: 468.6ms
[2026-01-16T12:22:07.828+0000][gc,phases   ] GC(1394)   Post Evacuate Collection Set: 9.6ms
[2026-01-16T12:22:07.833+0000][gc,phases   ] GC(1394)   Other: 3.2ms
[2026-01-16T12:22:07.834+0000][gc,heap     ] GC(1394) Eden regions: 47->0(47)
[2026-01-16T12:22:07.834+0000][gc,heap     ] GC(1394) Survivor regions: 4->4(7)
[2026-01-16T12:22:07.835+0000][gc,heap     ] GC(1394) Old regions: 103->104
[2026-01-16T12:22:07.835+0000][gc,heap     ] GC(1394) Humongous regions: 38->38
[2026-01-16T12:22:07.836+0000][gc,metaspace] GC(1394) Metaspace: 13313K(13760K)->13313K(13760K) NonClass: 12195K(12352K)->12195K(12352K) Class: 1117K(1408K)->1117K(1408K)
[2026-01-16T12:22:07.836+0000][gc          ] GC(1394) Pause Young (Normal) (G1 Evacuation Pause) 191M->145M(1024M) 518.618ms
[2026-01-16T12:22:07.837+0000][gc,cpu      ] GC(1394) User=0.29s Sys=0.06s Real=0.52s
[2026-01-16T12:22:09.716+0000][gc,start    ] GC(1395) Pause Young (Normal) (G1 Evacuation Pause)
[2026-01-16T12:22:09.731+0000][gc,task     ] GC(1395) Using 8 workers of 8 for evacuation
[2026-01-16T12:22:10.176+0000][gc,mmu      ] GC(1395) MMU target violated: 201.0ms (200.0ms/201.0ms)
[2026-01-16T12:22:10.182+0000][gc,phases   ] GC(1395)   Pre Evacuate Collection Set: 36.7ms
[2026-01-16T12:22:10.183+0000][gc,phases   ] GC(1395)   Merge Heap Roots: 0.7ms
[2026-01-16T12:22:10.196+0000][gc,phases   ] GC(1395)   Evacuate Collection Set: 385.6ms
[2026-01-16T12:22:10.196+0000][gc,phases   ] GC(1395)   Post Evacuate Collection Set: 18.8ms
[2026-01-16T12:22:10.197+0000][gc,phases   ] GC(1395)   Other: 20.7ms
[2026-01-16T12:22:10.197+0000][gc,heap     ] GC(1395) Eden regions: 47->0(46)
[2026-01-16T12:22:10.198+0000][gc,heap     ] GC(1395) Survivor regions: 4->5(7)
[2026-01-16T12:22:10.198+0000][gc,heap     ] GC(1395) Old regions: 104->104
[2026-01-16T12:22:10.198+0000][gc,heap     ] GC(1395) Humongous regions: 38->38
[2026-01-16T12:22:10.198+0000][gc,metaspace] GC(1395) Metaspace: 13313K(13760K)->13313K(13760K) NonClass: 12195K(12352K)->12195K(12352K) Class: 1117K(1408K)->1117K(1408K)
[2026-01-16T12:22:10.199+0000][gc          ] GC(1395) Pause Young (Normal) (G1 Evacuation Pause) 192M->146M(1024M) 483.005ms
[2026-01-16T12:22:10.199+0000][gc,cpu      ] GC(1395) User=0.19s Sys=0.01s Real=0.48s
[2026-01-16T12:22:11.152+0000][gc,start    ] GC(1396) Pause Young (Normal) (G1 Evacuation Pause)
[2026-01-16T12:22:11.159+0000][gc,task     ] GC(1396) Using 8 workers of 8 for evacuation
[2026-01-16T12:22:11.372+0000][gc,mmu      ] GC(1396) MMU target violated: 201.0ms (200.0ms/201.0ms)
[2026-01-16T12:22:11.377+0000][gc,phases   ] GC(1396)   Pre Evacuate Collection Set: 7.0ms
[2026-01-16T12:22:11.378+0000][gc,phases   ] GC(1396)   Merge Heap Roots: 2.2ms
[2026-01-16T12:22:11.412+0000][gc,phases   ] GC(1396)   Evacuate Collection Set: 198.5ms
[2026-01-16T12:22:11.412+0000][gc,phases   ] GC(1396)   Post Evacuate Collection Set: 2.6ms
[2026-01-16T12:22:11.412+0000][gc,phases   ] GC(1396)   Other: 8.4ms
[2026-01-16T12:22:11.412+0000][gc,heap     ] GC(1396) Eden regions: 46->0(46)
[2026-01-16T12:22:11.412+0000][gc,heap     ] GC(1396) Survivor regions: 5->5(7)
[2026-01-16T12:22:11.412+0000][gc,heap     ] GC(1396) Old regions: 104->105
[2026-01-16T12:22:11.417+0000][gc,heap     ] GC(1396) Humongous regions: 38->38
[2026-01-16T12:22:11.418+0000][gc,metaspace] GC(1396) Metaspace: 13313K(13760K)->13313K(13760K) NonClass: 12195K(12352K)->12195K(12352K) Class: 1117K(1408K)->1117K(1408K)
[2026-01-16T12:22:11.419+0000][gc          ] GC(1396) Pause Young (Normal) (G1 Evacuation Pause) 192M->147M(1024M) 267.651ms
[2026-01-16T12:22:11.420+0000][gc,cpu      ] GC(1396) User=0.10s Sys=0.02s Real=0.27s
[2026-01-16T12:22:12.371+0000][gc,start    ] GC(1397) Pause Young (Normal) (G1 Evacuation Pause)
[2026-01-16T12:22:12.374+0000][gc,task     ] GC(1397) Using 8 workers of 8 for evacuation
[2026-01-16T12:22:12.738+0000][gc,mmu      ] GC(1397) MMU target violated: 201.0ms (200.0ms/201.0ms)
[2026-01-16T12:22:12.754+0000][gc,phases   ] GC(1397)   Pre Evacuate Collection Set: 0.5ms
[2026-01-16T12:22:12.760+0000][gc,phases   ] GC(1397)   Merge Heap Roots: 0.1ms
[2026-01-16T12:22:12.761+0000][gc,phases   ] GC(1397)   Evacuate Collection Set: 343.7ms
[2026-01-16T12:22:12.761+0000][gc,phases   ] GC(1397)   Post Evacuate Collection Set: 18.2ms
[2026-01-16T12:22:12.761+0000][gc,phases   ] GC(1397)   Other: 17.6ms
[2026-01-16T12:22:12.762+0000][gc,heap     ] GC(1397) Eden regions: 46->0(47)
[2026-01-16T12:22:12.762+0000][gc,heap     ] GC(1397) Survivor regions: 5->4(7)
[2026-01-16T12:22:12.762+0000][gc,heap     ] GC(1397) Old regions: 105->106
[2026-01-16T12:22:12.762+0000][gc,heap     ] GC(1397) Humongous regions: 38->38
[2026-01-16T12:22:12.762+0000][gc,metaspace] GC(1397) Metaspace: 13313K(13760K)->13313K(13760K) NonClass: 12195K(12352K)->12195K(12352K) Class: 1117K(1408K)->1117K(1408K)
[2026-01-16T12:22:12.762+0000][gc          ] GC(1397) Pause Young (Normal) (G1 Evacuation Pause) 193M->147M(1024M) 391.724ms
[2026-01-16T12:22:12.762+0000][gc,cpu      ] GC(1397) User=0.18s Sys=0.03s Real=0.39s
[2026-01-16T12:22:14.150+0000][gc,start    ] GC(1398) Pause Young (Normal) (G1 Evacuation Pause)
[2026-01-16T12:22:14.152+0000][gc,task     ] GC(1398) Using 8 workers of 8 for evacuation
[2026-01-16T12:22:14.367+0000][gc,mmu      ] GC(1398) MMU target violated: 201.0ms (200.0ms/201.0ms)
[2026-01-16T12:22:14.368+0000][gc,phases   ] GC(1398)   Pre Evacuate Collection Set: 8.8ms
[2026-01-16T12:22:14.368+0000][gc,phases   ] GC(1398)   Merge Heap Roots: 2.4ms
[2026-01-16T12:22:14.370+0000][gc,phases   ] GC(1398)   Evacuate Collection Set: 173.7ms
[2026-01-16T12:22:14.372+0000][gc,phases   ] GC(1398)   Post Evacuate Collection Set: 26.7ms
[2026-01-16T12:22:14.373+0000][gc,phases   ] GC(1398)   Other: 4.0ms
[2026-01-16T12:22:14.373+0000][gc,heap     ] GC(1398) Eden regions: 47->0(46)
[2026-01-16T12:22:14.377+0000][gc,heap     ] GC(1398) Survivor regions: 4->5(7)
[2026-01-16T12:22:14.380+0000][gc,heap     ] GC(1398) Old regions: 106->106
[2026-01-16T12:22:14.380+0000][gc,heap     ] GC(1398) Humongous regions: 38->38
[2026-01-16T12:22:14.380+0000][gc,metaspace] GC(1398) Metaspace: 13313K(13760K)->13313K(13760K) NonClass: 12195K(12352K)->12195K(12352K) Class: 1117K(1408K)->1117K(1408K)
[2026-01-16T12:22:14.382+0000][gc          ] GC(1398) Pause Young (Normal) (G1 Evacuation Pause) 194M->147M(1024M) 231.909ms
[2026-01-16T12:22:14.383+0000][gc,cpu      ] GC(1398) User=0.15s Sys=0.00s Real=0.24s
[2026-01-16T12:22:15.591+0000][gc,start    ] GC(1399) Pause Young (Normal) (G1 Evacuation Pause)
[2026-01-16T12:22:15.593+0000][gc,task     ] GC(1399) Using 8 workers of 8 for evacuation
[2026-01-16T12:22:16.077+0000][gc,mmu      ] GC(1399) MMU target violated: 201.0ms (200.0ms/201.0ms)
[2026-01-16T12:22:16.077+0000][gc,phases   ] GC(1399)   Pre Evacuate Collection Set: 16.6ms
[2026-01-16T12:22:16.078+0000][gc,phases   ] GC(1399)   Merge Heap Roots: 0.5ms
[2026-01-16T12:22:16.079+0000][gc,phases   ] GC(1399)   Evacuate Collection Set: 429.4ms
[2026-01-16T12:22:16.080+0000][gc,phases   ] GC(1399)   Post Evacuate Collection Set: 29.6ms
[2026-01-16T12:22:16.081+0000][gc,phases   ] GC(1399)   Other: 8.0ms
[2026-01-16T12:22:16.082+0000][gc,heap     ] GC(1399) Eden regions: 46->0(46)
[2026-01-16T12:22:16.085+0000][gc,heap     ] GC(1399) Survivor regions: 5->5(7)
[2026-01-16T12:22:16.087+0000][gc,heap     ] GC(1399) Old regions: 106->107
[2026-01-16T12:22:16.088+0000][gc,heap     ] GC(1399) Humongous regions: 38->38
[2026-01-16T12:22:16.094+0000][gc,metaspace] GC(1399) Metaspace: 13313K(13760K)->13313K(13760K) NonClass: 12195K(12352K)->12195K(12352K) Class: 1117K(1408K)->1117K(1408K)
[2026-01-16T12:22:16.097+0000][gc          ] GC(1399) Pause Young (Normal) (G1 Evacuation Pause) 193M->148M(1024M) 505.769ms
[2026-01-16T12:22:16.097+0000][gc,cpu      ] GC(1399) User=0.16s Sys=0.03s Real=0.51s
[2026-01-16T12:22:17.623+0000][gc,start    ] GC(1400) Pause Young (Normal) (G1 Evacuation Pause)
[2026-01-16T12:22:17.636+0000][gc,task     ] GC(1400) Using 8 workers of 8 for evacuation
[2026-01-16T12:22:18.004+0000][gc,mmu      ] GC(1400) MMU target violated: 201.0ms (200.0ms/201.0ms)
[2026-01-16T12:22:18.006+0000][gc,phases   ] GC(1400)   Pre Evacuate Collection Set: 23.2ms
[2026-01-16T12:22:18.006+0000][gc,phases   ] GC(1400)   Merge Heap Roots: 9.9ms
[2026-01-16T12:22:18.007+0000][gc,phases   ] GC(1400)   Evacuate Collection Set: 272.1ms
[2026-01-16T12:22:18.007+0000][gc,phases   ] GC(1400)   Post Evacuate Collection Set: 53.0ms
[2026-01-16T12:22:18.007+0000][gc,phases   ] GC(1400)   Other: 22.5ms
[2026-01-16T12:22:18.008+0000][gc,heap     ] GC(1400) Eden regions: 46->0(46)
[2026-01-16T12:22:18.008+0000][gc,heap     ] GC(1400) Survivor regions: 5->5(7)
[2026-01-16T12:22:18.008+0000][gc,heap     ] GC(1400) Old regions: 107->107
[2026-01-16T12:22:18.008+0000][gc,heap     ] GC(1400) Humongous regions: 38->38
[2026-01-16T12:22:18.008+0000][gc,metaspace] GC(1400) Metaspace: 13318K(13824K)->13318K(13824K) NonClass: 12200K(12416K)->12200K(12416K) Class: 1117K(1408K)->1117K(1408K)
[2026-01-16T12:22:18.008+0000][gc          ] GC(1400) Pause Young (Normal) (G1 Evacuation Pause) 194M->149M(1024M) 385.513ms
[2026-01-16T12:22:18.008+0000][gc,cpu      ] GC(1400) User=0.28s Sys=0.04s Real=0.39s
[2026-01-16T12:22:18.619+0000][gc,start    ] GC(1401) Pause Young (Normal) (G1 Evacuation Pause)
[2026-01-16T12:22:18.621+0000][gc,task     ] GC(1401) Using 8 workers of 8 for evacuation
[2026-01-16T12:22:19.132+0000][gc,mmu      ] GC(1401) MMU target violated: 201.0ms (200.0ms/201.0ms)
[2026-01-16T12:22:19.137+0000][gc,phases   ] GC(1401)   Pre Evacuate Collection Set: 0.6ms
[2026-01-16T12:22:19.139+0000][gc,phases   ] GC(1401)   Merge Heap Roots: 0.1ms
[2026-01-16T12:22:19.141+0000][gc,phases   ] GC(1401)   Evacuate Collection Set: 475.9ms
[2026-01-16T12:22:19.142+0000][gc,phases   ] GC(1401)   Post Evacuate Collection Set: 30.7ms
[2026-01-16T12:22:19.145+0000][gc,phases   ] GC(1401)   Other: 7.9ms
[2026-01-16T12:22:19.146+0000][gc,heap     ] GC(1401) Eden regions: 46->0(47)
[2026-01-16T12:22:19.153+0000][gc,heap     ] GC(1401) Survivor regions: 5->4(7)
[2026-01-16T12:22:19.156+0000][gc,heap     ] GC(1401) Old regions: 107->109
[2026-01-16T12:22:19.157+0000][gc,heap     ] GC(1401) Humongous regions: 38->38
[2026-01-16T12:22:19.161+0000][gc,metaspace] GC(1401) Metaspace: 13318K(13824K)->13318K(13824K) NonClass: 12200K(12416K)->12200K(12416K) Class: 1117K(1408K)->1117K(1408K)
[2026-01-16T12:22:19.163+0000][gc          ] GC(1401) Pause Young (Normal) (G1 Evacuation Pause) 195M->149M(1024M) 543.344ms
[2026-01-16T12:22:19.165+0000][gc,cpu      ] GC(1401) User=0.20s Sys=0.04s Real=0.54s
[2026-01-16T12:22:20.219+0000][gc,start    ] GC(1402) Pause Young (Normal) (G1 Evacuation Pause)
[2026-01-16T12:22:20.283+0000][gc,task     ] GC(1402) Using 8 workers of 8 for evacuation
[2026-01-16T12:22:21.100+0000][gc,mmu      ] GC(1402) MMU target violated: 201.0ms (200.0ms/201.0ms)
[2026-01-16T12:22:21.102+0000][gc,phases   ] GC(1402)   Pre Evacuate Collection Set: 57.2ms
[2026-01-16T12:22:21.103+0000][gc,phases   ] GC(1402)   Merge Heap Roots: 0.5ms
[2026-01-16T12:22:21.103+0000][gc,phases   ] GC(1402)   Evacuate Collection Set: 723.5ms
[2026-01-16T12:22:21.107+0000][gc,phases   ] GC(1402)   Post Evacuate Collection Set: 24.4ms
[2026-01-16T12:22:21.107+0000][gc,phases   ] GC(1402)   Other: 13.4ms
[2026-01-16T12:22:21.108+0000][gc,heap     ] GC(1402) Eden regions: 47->0(46)
[2026-01-16T12:22:21.109+0000][gc,heap     ] GC(1402) Survivor regions: 4->5(7)
[2026-01-16T12:22:21.109+0000][gc,heap     ] GC(1402) Old regions: 109->109
[2026-01-16T12:22:21.110+0000][gc,heap     ] GC(1402) Humongous regions: 38->38
[2026-01-16T12:22:21.113+0000][gc,metaspace] GC(1402) Metaspace: 13318K(13824K)->13318K(13824K) NonClass: 12200K(12416K)->12200K(12416K) Class: 1117K(1408K)->1117K(1408K)
[2026-01-16T12:22:21.115+0000][gc          ] GC(1402) Pause Young (Normal) (G1 Evacuation Pause) 196M->150M(1024M) 895.534ms
[2026-01-16T12:22:21.115+0000][gc,cpu      ] GC(1402) User=0.22s Sys=0.02s Real=0.89s
[2026-01-16T12:22:24.047+0000][gc,start    ] GC(1403) Pause Young (Normal) (GCLocker Initiated GC)
[2026-01-16T12:22:24.049+0000][gc,task     ] GC(1403) Using 8 workers of 8 for evacuation
[2026-01-16T12:22:25.414+0000][gc,mmu      ] GC(1403) MMU target violated: 201.0ms (200.0ms/201.0ms)
[2026-01-16T12:22:25.415+0000][gc,phases   ] GC(1403)   Pre Evacuate Collection Set: 62.6ms
[2026-01-16T12:22:25.416+0000][gc,phases   ] GC(1403)   Merge Heap Roots: 1.4ms
[2026-01-16T12:22:25.417+0000][gc,phases   ] GC(1403)   Evacuate Collection Set: 1187.4ms
[2026-01-16T12:22:25.420+0000][gc,phases   ] GC(1403)   Post Evacuate Collection Set: 110.6ms
[2026-01-16T12:22:25.421+0000][gc,phases   ] GC(1403)   Other: 4.2ms
[2026-01-16T12:22:25.422+0000][gc,heap     ] GC(1403) Eden regions: 51->0(46)
[2026-01-16T12:22:25.424+0000][gc,heap     ] GC(1403) Survivor regions: 5->5(7)
[2026-01-16T12:22:25.425+0000][gc,heap     ] GC(1403) Old regions: 109->109
[2026-01-16T12:22:25.428+0000][gc,heap     ] GC(1403) Humongous regions: 38->38
[2026-01-16T12:22:25.429+0000][gc,metaspace] GC(1403) Metaspace: 13318K(13824K)->13318K(13824K) NonClass: 12200K(12416K)->12200K(12416K) Class: 1117K(1408K)->1117K(1408K)
[2026-01-16T12:22:25.431+0000][gc          ] GC(1403) Pause Young (Normal) (GCLocker Initiated GC) 201M->151M(1024M) 1383.767ms
[2026-01-16T12:22:25.434+0000][gc,cpu      ] GC(1403) User=0.46s Sys=0.05s Real=1.38s
[2026-01-16T12:22:27.416+0000][gc,start    ] GC(1404) Pause Young (Normal) (G1 Evacuation Pause)
[2026-01-16T12:22:27.418+0000][gc,task     ] GC(1404) Using 8 workers of 8 for evacuation
[2026-01-16T12:22:28.031+0000][gc,mmu      ] GC(1404) MMU target violated: 201.0ms (200.0ms/201.0ms)
[2026-01-16T12:22:28.033+0000][gc,phases   ] GC(1404)   Pre Evacuate Collection Set: 50.8ms
[2026-01-16T12:22:28.037+0000][gc,phases   ] GC(1404)   Merge Heap Roots: 5.7ms
[2026-01-16T12:22:28.037+0000][gc,phases   ] GC(1404)   Evacuate Collection Set: 515.1ms
[2026-01-16T12:22:28.037+0000][gc,phases   ] GC(1404)   Post Evacuate Collection Set: 31.6ms
[2026-01-16T12:22:28.037+0000][gc,phases   ] GC(1404)   Other: 12.2ms
[2026-01-16T12:22:28.037+0000][gc,heap     ] GC(1404) Eden regions: 46->0(46)
[2026-01-16T12:22:28.037+0000][gc,heap     ] GC(1404) Survivor regions: 5->5(7)
[2026-01-16T12:22:28.038+0000][gc,heap     ] GC(1404) Old regions: 109->110
[2026-01-16T12:22:28.038+0000][gc,heap     ] GC(1404) Humongous regions: 38->38
[2026-01-16T12:22:28.038+0000][gc,metaspace] GC(1404) Metaspace: 13318K(13824K)->13318K(13824K) NonClass: 12200K(12416K)->12200K(12416K) Class: 1117K(1408K)->1117K(1408K)
[2026-01-16T12:22:28.039+0000][gc          ] GC(1404) Pause Young (Normal) (G1 Evacuation Pause) 197M->151M(1024M) 622.798ms
[2026-01-16T12:22:28.039+0000][gc,cpu      ] GC(1404) User=0.20s Sys=0.01s Real=0.63s
[2026-01-16T12:22:29.938+0000][gc,start    ] GC(1405) Pause Young (Normal) (G1 Evacuation Pause)
[2026-01-16T12:22:29.943+0000][gc,task     ] GC(1405) Using 8 workers of 8 for evacuation
[2026-01-16T12:22:30.706+0000][gc,mmu      ] GC(1405) MMU target violated: 201.0ms (200.0ms/201.0ms)
[2026-01-16T12:22:30.708+0000][gc,phases   ] GC(1405)   Pre Evacuate Collection Set: 135.7ms
[2026-01-16T12:22:30.715+0000][gc,phases   ] GC(1405)   Merge Heap Roots: 1.0ms
[2026-01-16T12:22:30.718+0000][gc,phases   ] GC(1405)   Evacuate Collection Set: 612.2ms
[2026-01-16T12:22:30.721+0000][gc,phases   ] GC(1405)   Post Evacuate Collection Set: 8.8ms
[2026-01-16T12:22:30.723+0000][gc,phases   ] GC(1405)   Other: 6.3ms
[2026-01-16T12:22:30.725+0000][gc,heap     ] GC(1405) Eden regions: 46->0(46)
[2026-01-16T12:22:30.727+0000][gc,heap     ] GC(1405) Survivor regions: 5->5(7)
[2026-01-16T12:22:30.728+0000][gc,heap     ] GC(1405) Old regions: 110->110
[2026-01-16T12:22:30.728+0000][gc,heap     ] GC(1405) Humongous regions: 38->38
[2026-01-16T12:22:30.728+0000][gc,metaspace] GC(1405) Metaspace: 13318K(13824K)->13318K(13824K) NonClass: 12200K(12416K)->12200K(12416K) Class: 1117K(1408K)->1117K(1408K)
[2026-01-16T12:22:30.728+0000][gc          ] GC(1405) Pause Young (Normal) (G1 Evacuation Pause) 197M->152M(1024M) 790.576ms
[2026-01-16T12:22:30.730+0000][gc,cpu      ] GC(1405) User=0.31s Sys=0.03s Real=0.79s
[2026-01-16T12:22:32.978+0000][gc,start    ] GC(1406) Pause Young (Normal) (G1 Evacuation Pause)
[2026-01-16T12:22:32.992+0000][gc,task     ] GC(1406) Using 8 workers of 8 for evacuation
[2026-01-16T12:22:33.398+0000][gc,mmu      ] GC(1406) MMU target violated: 201.0ms (200.0ms/201.0ms)
[2026-01-16T12:22:33.404+0000][gc,phases   ] GC(1406)   Pre Evacuate Collection Set: 37.5ms
[2026-01-16T12:22:33.407+0000][gc,phases   ] GC(1406)   Merge Heap Roots: 1.1ms
[2026-01-16T12:22:33.407+0000][gc,phases   ] GC(1406)   Evacuate Collection Set: 344.4ms
[2026-01-16T12:22:33.408+0000][gc,phases   ] GC(1406)   Post Evacuate Collection Set: 23.2ms
[2026-01-16T12:22:33.408+0000][gc,phases   ] GC(1406)   Other: 5.8ms
[2026-01-16T12:22:33.408+0000][gc,heap     ] GC(1406) Eden regions: 46->0(46)
[2026-01-16T12:22:33.408+0000][gc,heap     ] GC(1406) Survivor regions: 5->5(7)
[2026-01-16T12:22:33.408+0000][gc,heap     ] GC(1406) Old regions: 110->111
[2026-01-16T12:22:33.408+0000][gc,heap     ] GC(1406) Humongous regions: 38->38
[2026-01-16T12:22:33.408+0000][gc,metaspace] GC(1406) Metaspace: 13318K(13824K)->13318K(13824K) NonClass: 12200K(12416K)->12200K(12416K) Class: 1117K(1408K)->1117K(1408K)
[2026-01-16T12:22:33.408+0000][gc          ] GC(1406) Pause Young (Normal) (G1 Evacuation Pause) 198M->152M(1024M) 430.492ms
[2026-01-16T12:22:33.408+0000][gc,cpu      ] GC(1406) User=0.24s Sys=0.01s Real=0.43s
[2026-01-16T12:22:35.778+0000][gc,start    ] GC(1407) Pause Young (Normal) (G1 Evacuation Pause)
[2026-01-16T12:22:35.782+0000][gc,task     ] GC(1407) Using 8 workers of 8 for evacuation
[2026-01-16T12:22:36.062+0000][gc,mmu      ] GC(1407) MMU target violated: 201.0ms (200.0ms/201.0ms)
[2026-01-16T12:22:36.063+0000][gc,phases   ] GC(1407)   Pre Evacuate Collection Set: 21.6ms
[2026-01-16T12:22:36.065+0000][gc,phases   ] GC(1407)   Merge Heap Roots: 1.1ms
[2026-01-16T12:22:36.065+0000][gc,phases   ] GC(1407)   Evacuate Collection Set: 222.7ms
[2026-01-16T12:22:36.066+0000][gc,phases   ] GC(1407)   Post Evacuate Collection Set: 33.2ms
[2026-01-16T12:22:36.067+0000][gc,phases   ] GC(1407)   Other: 3.1ms
[2026-01-16T12:22:36.068+0000][gc,heap     ] GC(1407) Eden regions: 46->0(46)
[2026-01-16T12:22:36.069+0000][gc,heap     ] GC(1407) Survivor regions: 5->5(7)
[2026-01-16T12:22:36.069+0000][gc,heap     ] GC(1407) Old regions: 111->111
[2026-01-16T12:22:36.075+0000][gc,heap     ] GC(1407) Humongous regions: 38->38
[2026-01-16T12:22:36.075+0000][gc,metaspace] GC(1407) Metaspace: 13318K(13824K)->13318K(13824K) NonClass: 12200K(12416K)->12200K(12416K) Class: 1117K(1408K)->1117K(1408K)
[2026-01-16T12:22:36.076+0000][gc          ] GC(1407) Pause Young (Normal) (G1 Evacuation Pause) 198M->153M(1024M) 297.959ms
[2026-01-16T12:22:36.079+0000][gc,cpu      ] GC(1407) User=0.16s Sys=0.02s Real=0.30s
[2026-01-16T12:22:37.057+0000][gc,start    ] GC(1408) Pause Young (Normal) (G1 Evacuation Pause)
[2026-01-16T12:22:37.061+0000][gc,task     ] GC(1408) Using 8 workers of 8 for evacuation
[2026-01-16T12:22:37.231+0000][gc,phases   ] GC(1408)   Pre Evacuate Collection Set: 2.2ms
[2026-01-16T12:22:37.232+0000][gc,phases   ] GC(1408)   Merge Heap Roots: 0.4ms
[2026-01-16T12:22:37.233+0000][gc,phases   ] GC(1408)   Evacuate Collection Set: 162.0ms
[2026-01-16T12:22:37.235+0000][gc,phases   ] GC(1408)   Post Evacuate Collection Set: 1.9ms
[2026-01-16T12:22:37.235+0000][gc,phases   ] GC(1408)   Other: 4.5ms
[2026-01-16T12:22:37.235+0000][gc,heap     ] GC(1408) Eden regions: 46->0(46)
[2026-01-16T12:22:37.236+0000][gc,heap     ] GC(1408) Survivor regions: 5->5(7)
[2026-01-16T12:22:37.236+0000][gc,heap     ] GC(1408) Old regions: 111->112
[2026-01-16T12:22:37.237+0000][gc,heap     ] GC(1408) Humongous regions: 38->38
[2026-01-16T12:22:37.237+0000][gc,metaspace] GC(1408) Metaspace: 13318K(13824K)->13318K(13824K) NonClass: 12200K(12416K)->12200K(12416K) Class: 1117K(1408K)->1117K(1408K)
[2026-01-16T12:22:37.238+0000][gc          ] GC(1408) Pause Young (Normal) (G1 Evacuation Pause) 199M->154M(1024M) 180.151ms
[2026-01-16T12:22:37.238+0000][gc,cpu      ] GC(1408) User=0.09s Sys=0.02s Real=0.18s
[2026-01-16T12:22:38.617+0000][gc,start    ] GC(1409) Pause Young (Normal) (G1 Evacuation Pause)
[2026-01-16T12:22:38.621+0000][gc,task     ] GC(1409) Using 8 workers of 8 for evacuation
[2026-01-16T12:22:38.902+0000][gc,mmu      ] GC(1409) MMU target violated: 201.0ms (200.0ms/201.0ms)
[2026-01-16T12:22:38.904+0000][gc,phases   ] GC(1409)   Pre Evacuate Collection Set: 15.4ms
[2026-01-16T12:22:38.908+0000][gc,phases   ] GC(1409)   Merge Heap Roots: 2.0ms
[2026-01-16T12:22:38.914+0000][gc,phases   ] GC(1409)   Evacuate Collection Set: 260.4ms
[2026-01-16T12:22:38.928+0000][gc,phases   ] GC(1409)   Post Evacuate Collection Set: 2.2ms
[2026-01-16T12:22:38.933+0000][gc,phases   ] GC(1409)   Other: 2.3ms
[2026-01-16T12:22:38.934+0000][gc,heap     ] GC(1409) Eden regions: 46->0(46)
[2026-01-16T12:22:38.943+0000][gc,heap     ] GC(1409) Survivor regions: 5->5(7)
[2026-01-16T12:22:38.954+0000][gc,heap     ] GC(1409) Old regions: 112->113
[2026-01-16T12:22:38.976+0000][gc,heap     ] GC(1409) Humongous regions: 38->38
[2026-01-16T12:22:38.977+0000][gc,metaspace] GC(1409) Metaspace: 13318K(13824K)->13318K(13824K) NonClass: 12200K(12416K)->12200K(12416K) Class: 1117K(1408K)->1117K(1408K)
[2026-01-16T12:22:38.978+0000][gc          ] GC(1409) Pause Young (Normal) (G1 Evacuation Pause) 200M->154M(1024M) 361.536ms
[2026-01-16T12:22:38.979+0000][gc,cpu      ] GC(1409) User=0.16s Sys=0.02s Real=0.36s
[2026-01-16T12:22:39.698+0000][gc,start    ] GC(1410) Pause Young (Normal) (G1 Evacuation Pause)
[2026-01-16T12:22:39.712+0000][gc,task     ] GC(1410) Using 8 workers of 8 for evacuation
[2026-01-16T12:22:40.209+0000][gc,mmu      ] GC(1410) MMU target violated: 201.0ms (200.0ms/201.0ms)
[2026-01-16T12:22:40.211+0000][gc,phases   ] GC(1410)   Pre Evacuate Collection Set: 3.1ms
[2026-01-16T12:22:40.216+0000][gc,phases   ] GC(1410)   Merge Heap Roots: 0.1ms
[2026-01-16T12:22:40.217+0000][gc,phases   ] GC(1410)   Evacuate Collection Set: 468.1ms
[2026-01-16T12:22:40.217+0000][gc,phases   ] GC(1410)   Post Evacuate Collection Set: 15.5ms
[2026-01-16T12:22:40.219+0000][gc,phases   ] GC(1410)   Other: 23.8ms
[2026-01-16T12:22:40.223+0000][gc,heap     ] GC(1410) Eden regions: 46->0(46)
[2026-01-16T12:22:40.225+0000][gc,heap     ] GC(1410) Survivor regions: 5->5(7)
[2026-01-16T12:22:40.226+0000][gc,heap     ] GC(1410) Old regions: 113->113
[2026-01-16T12:22:40.226+0000][gc,heap     ] GC(1410) Humongous regions: 38->38
[2026-01-16T12:22:40.227+0000][gc,metaspace] GC(1410) Metaspace: 13321K(13824K)->13321K(13824K) NonClass: 12203K(12416K)->12203K(12416K) Class: 1117K(1408K)->1117K(1408K)
[2026-01-16T12:22:40.228+0000][gc          ] GC(1410) Pause Young (Normal) (G1 Evacuation Pause) 200M->155M(1024M) 529.995ms
[2026-01-16T12:22:40.228+0000][gc,cpu      ] GC(1410) User=0.19s Sys=0.02s Real=0.53s
[2026-01-16T12:22:41.262+0000][gc,start    ] GC(1411) Pause Young (Normal) (G1 Evacuation Pause)
[2026-01-16T12:22:41.262+0000][gc,task     ] GC(1411) Using 8 workers of 8 for evacuation
[2026-01-16T12:22:41.501+0000][gc,mmu      ] GC(1411) MMU target violated: 201.0ms (200.0ms/201.0ms)
[2026-01-16T12:22:41.502+0000][gc,phases   ] GC(1411)   Pre Evacuate Collection Set: 17.9ms
[2026-01-16T12:22:41.502+0000][gc,phases   ] GC(1411)   Merge Heap Roots: 0.2ms
[2026-01-16T12:22:41.503+0000][gc,phases   ] GC(1411)   Evacuate Collection Set: 211.8ms
[2026-01-16T12:22:41.507+0000][gc,phases   ] GC(1411)   Post Evacuate Collection Set: 8.2ms
[2026-01-16T12:22:41.514+0000][gc,phases   ] GC(1411)   Other: 1.5ms
[2026-01-16T12:22:41.518+0000][gc,heap     ] GC(1411) Eden regions: 46->0(46)
[2026-01-16T12:22:41.518+0000][gc,heap     ] GC(1411) Survivor regions: 5->5(7)
[2026-01-16T12:22:41.519+0000][gc,heap     ] GC(1411) Old regions: 113->114
[2026-01-16T12:22:41.519+0000][gc,heap     ] GC(1411) Humongous regions: 38->38
[2026-01-16T12:22:41.519+0000][gc,metaspace] GC(1411) Metaspace: 13321K(13824K)->13321K(13824K) NonClass: 12203K(12416K)->12203K(12416K) Class: 1117K(1408K)->1117K(1408K)
[2026-01-16T12:22:41.520+0000][gc          ] GC(1411) Pause Young (Normal) (G1 Evacuation Pause) 201M->155M(1024M) 257.708ms
[2026-01-16T12:22:41.520+0000][gc,cpu      ] GC(1411) User=0.14s Sys=0.01s Real=0.26s
[2026-01-16T12:22:42.043+0000][gc,start    ] GC(1412) Pause Young (Normal) (G1 Evacuation Pause)
[2026-01-16T12:22:42.044+0000][gc,task     ] GC(1412) Using 8 workers of 8 for evacuation
[2026-01-16T12:22:42.204+0000][gc,phases   ] GC(1412)   Pre Evacuate Collection Set: 1.3ms
[2026-01-16T12:22:42.205+0000][gc,phases   ] GC(1412)   Merge Heap Roots: 0.2ms
[2026-01-16T12:22:42.205+0000][gc,phases   ] GC(1412)   Evacuate Collection Set: 145.9ms
[2026-01-16T12:22:42.205+0000][gc,phases   ] GC(1412)   Post Evacuate Collection Set: 6.9ms
[2026-01-16T12:22:42.208+0000][gc,phases   ] GC(1412)   Other: 6.2ms
[2026-01-16T12:22:42.210+0000][gc,heap     ] GC(1412) Eden regions: 46->0(46)
[2026-01-16T12:22:42.211+0000][gc,heap     ] GC(1412) Survivor regions: 5->5(7)
[2026-01-16T12:22:42.211+0000][gc,heap     ] GC(1412) Old regions: 114->115
[2026-01-16T12:22:42.211+0000][gc,heap     ] GC(1412) Humongous regions: 38->38
[2026-01-16T12:22:42.212+0000][gc,metaspace] GC(1412) Metaspace: 13321K(13824K)->13321K(13824K) NonClass: 12203K(12416K)->12203K(12416K) Class: 1117K(1408K)->1117K(1408K)
[2026-01-16T12:22:42.212+0000][gc          ] GC(1412) Pause Young (Normal) (G1 Evacuation Pause) 201M->156M(1024M) 169.244ms
[2026-01-16T12:22:42.213+0000][gc,cpu      ] GC(1412) User=0.11s Sys=0.01s Real=0.17s
[2026-01-16T12:22:43.070+0000][gc,start    ] GC(1413) Pause Young (Normal) (G1 Evacuation Pause)
[2026-01-16T12:22:43.073+0000][gc,task     ] GC(1413) Using 8 workers of 8 for evacuation
[2026-01-16T12:22:43.195+0000][gc,phases   ] GC(1413)   Pre Evacuate Collection Set: 20.9ms
[2026-01-16T12:22:43.202+0000][gc,phases   ] GC(1413)   Merge Heap Roots: 2.3ms
[2026-01-16T12:22:43.203+0000][gc,phases   ] GC(1413)   Evacuate Collection Set: 96.2ms
[2026-01-16T12:22:43.204+0000][gc,phases   ] GC(1413)   Post Evacuate Collection Set: 1.8ms
[2026-01-16T12:22:43.205+0000][gc,phases   ] GC(1413)   Other: 0.8ms
[2026-01-16T12:22:43.206+0000][gc,heap     ] GC(1413) Eden regions: 46->0(47)
[2026-01-16T12:22:43.211+0000][gc,heap     ] GC(1413) Survivor regions: 5->4(7)
[2026-01-16T12:22:43.212+0000][gc,heap     ] GC(1413) Old regions: 115->115
[2026-01-16T12:22:43.212+0000][gc,heap     ] GC(1413) Humongous regions: 38->38
[2026-01-16T12:22:43.213+0000][gc,metaspace] GC(1413) Metaspace: 13321K(13824K)->13321K(13824K) NonClass: 12203K(12416K)->12203K(12416K) Class: 1117K(1408K)->1117K(1408K)
[2026-01-16T12:22:43.213+0000][gc          ] GC(1413) Pause Young (Normal) (G1 Evacuation Pause) 202M->156M(1024M) 143.063ms
[2026-01-16T12:22:43.213+0000][gc,cpu      ] GC(1413) User=0.09s Sys=0.00s Real=0.14s
[2026-01-16T12:22:43.728+0000][gc,start    ] GC(1414) Pause Young (Normal) (G1 Evacuation Pause)
[2026-01-16T12:22:43.729+0000][gc,task     ] GC(1414) Using 8 workers of 8 for evacuation
[2026-01-16T12:22:43.962+0000][gc,mmu      ] GC(1414) MMU target violated: 201.0ms (200.0ms/201.0ms)
[2026-01-16T12:22:43.963+0000][gc,phases   ] GC(1414)   Pre Evacuate Collection Set: 2.0ms
[2026-01-16T12:22:43.963+0000][gc,phases   ] GC(1414)   Merge Heap Roots: 0.8ms
[2026-01-16T12:22:43.964+0000][gc,phases   ] GC(1414)   Evacuate Collection Set: 219.2ms
[2026-01-16T12:22:43.964+0000][gc,phases   ] GC(1414)   Post Evacuate Collection Set: 5.2ms
[2026-01-16T12:22:43.965+0000][gc,phases   ] GC(1414)   Other: 7.1ms
[2026-01-16T12:22:43.966+0000][gc,heap     ] GC(1414) Eden regions: 47->0(46)
[2026-01-16T12:22:43.966+0000][gc,heap     ] GC(1414) Survivor regions: 4->5(7)
[2026-01-16T12:22:43.967+0000][gc,heap     ] GC(1414) Old regions: 115->116
[2026-01-16T12:22:43.967+0000][gc,heap     ] GC(1414) Humongous regions: 38->38
[2026-01-16T12:22:43.970+0000][gc,metaspace] GC(1414) Metaspace: 13321K(13824K)->13321K(13824K) NonClass: 12203K(12416K)->12203K(12416K) Class: 1117K(1408K)->1117K(1408K)
[2026-01-16T12:22:43.971+0000][gc          ] GC(1414) Pause Young (Normal) (G1 Evacuation Pause) 203M->157M(1024M) 243.461ms
[2026-01-16T12:22:44.000+0000][gc,cpu      ] GC(1414) User=0.14s Sys=0.00s Real=0.27s
[2026-01-16T12:22:45.248+0000][gc,start    ] GC(1415) Pause Young (Normal) (G1 Evacuation Pause)
[2026-01-16T12:22:45.251+0000][gc,task     ] GC(1415) Using 8 workers of 8 for evacuation
[2026-01-16T12:22:45.441+0000][gc,phases   ] GC(1415)   Pre Evacuate Collection Set: 6.1ms
[2026-01-16T12:22:45.444+0000][gc,phases   ] GC(1415)   Merge Heap Roots: 0.5ms
[2026-01-16T12:22:45.445+0000][gc,phases   ] GC(1415)   Evacuate Collection Set: 171.6ms
[2026-01-16T12:22:45.445+0000][gc,phases   ] GC(1415)   Post Evacuate Collection Set: 10.6ms
[2026-01-16T12:22:45.445+0000][gc,phases   ] GC(1415)   Other: 1.5ms
[2026-01-16T12:22:45.447+0000][gc,heap     ] GC(1415) Eden regions: 46->0(46)
[2026-01-16T12:22:45.448+0000][gc,heap     ] GC(1415) Survivor regions: 5->5(7)
[2026-01-16T12:22:45.448+0000][gc,heap     ] GC(1415) Old regions: 116->116
[2026-01-16T12:22:45.452+0000][gc,heap     ] GC(1415) Humongous regions: 38->38
[2026-01-16T12:22:45.454+0000][gc,metaspace] GC(1415) Metaspace: 13321K(13824K)->13321K(13824K) NonClass: 12203K(12416K)->12203K(12416K) Class: 1117K(1408K)->1117K(1408K)
[2026-01-16T12:22:45.455+0000][gc          ] GC(1415) Pause Young (Normal) (G1 Evacuation Pause) 203M->157M(1024M) 206.984ms
[2026-01-16T12:22:45.455+0000][gc,cpu      ] GC(1415) User=0.17s Sys=0.02s Real=0.20s
[2026-01-16T12:22:46.101+0000][gc,start    ] GC(1416) Pause Young (Normal) (GCLocker Initiated GC)
[2026-01-16T12:22:46.102+0000][gc,task     ] GC(1416) Using 8 workers of 8 for evacuation
[2026-01-16T12:22:46.223+0000][gc,phases   ] GC(1416)   Pre Evacuate Collection Set: 0.6ms
[2026-01-16T12:22:46.224+0000][gc,phases   ] GC(1416)   Merge Heap Roots: 0.2ms
[2026-01-16T12:22:46.224+0000][gc,phases   ] GC(1416)   Evacuate Collection Set: 101.6ms
[2026-01-16T12:22:46.224+0000][gc,phases   ] GC(1416)   Post Evacuate Collection Set: 16.6ms
[2026-01-16T12:22:46.225+0000][gc,phases   ] GC(1416)   Other: 2.3ms
[2026-01-16T12:22:46.227+0000][gc,heap     ] GC(1416) Eden regions: 46->0(46)
[2026-01-16T12:22:46.228+0000][gc,heap     ] GC(1416) Survivor regions: 5->5(7)
[2026-01-16T12:22:46.228+0000][gc,heap     ] GC(1416) Old regions: 116->117
[2026-01-16T12:22:46.229+0000][gc,heap     ] GC(1416) Humongous regions: 38->38
[2026-01-16T12:22:46.229+0000][gc,metaspace] GC(1416) Metaspace: 13321K(13824K)->13321K(13824K) NonClass: 12203K(12416K)->12203K(12416K) Class: 1117K(1408K)->1117K(1408K)
[2026-01-16T12:22:46.229+0000][gc          ] GC(1416) Pause Young (Normal) (GCLocker Initiated GC) 203M->158M(1024M) 127.326ms
[2026-01-16T12:22:46.229+0000][gc,cpu      ] GC(1416) User=0.08s Sys=0.02s Real=0.13s
[2026-01-16T12:22:47.847+0000][gc,start    ] GC(1417) Pause Young (Normal) (G1 Evacuation Pause)
[2026-01-16T12:22:47.864+0000][gc,task     ] GC(1417) Using 8 workers of 8 for evacuation
[2026-01-16T12:22:48.228+0000][gc,mmu      ] GC(1417) MMU target violated: 201.0ms (200.0ms/201.0ms)
[2026-01-16T12:22:48.230+0000][gc,phases   ] GC(1417)   Pre Evacuate Collection Set: 41.5ms
[2026-01-16T12:22:48.237+0000][gc,phases   ] GC(1417)   Merge Heap Roots: 3.3ms
[2026-01-16T12:22:48.241+0000][gc,phases   ] GC(1417)   Evacuate Collection Set: 255.8ms
[2026-01-16T12:22:48.243+0000][gc,phases   ] GC(1417)   Post Evacuate Collection Set: 61.9ms
[2026-01-16T12:22:48.244+0000][gc,phases   ] GC(1417)   Other: 4.1ms
[2026-01-16T12:22:48.245+0000][gc,heap     ] GC(1417) Eden regions: 46->0(46)
[2026-01-16T12:22:48.245+0000][gc,heap     ] GC(1417) Survivor regions: 5->5(7)
[2026-01-16T12:22:48.245+0000][gc,heap     ] GC(1417) Old regions: 117->117
[2026-01-16T12:22:48.245+0000][gc,heap     ] GC(1417) Humongous regions: 38->38
[2026-01-16T12:22:48.245+0000][gc,metaspace] GC(1417) Metaspace: 13321K(13824K)->13321K(13824K) NonClass: 12203K(12416K)->12203K(12416K) Class: 1117K(1408K)->1117K(1408K)
[2026-01-16T12:22:48.246+0000][gc          ] GC(1417) Pause Young (Normal) (G1 Evacuation Pause) 204M->159M(1024M) 399.440ms
[2026-01-16T12:22:48.247+0000][gc,cpu      ] GC(1417) User=0.23s Sys=0.03s Real=0.40s
[2026-01-16T12:22:50.723+0000][gc,start    ] GC(1418) Pause Young (Normal) (G1 Evacuation Pause)
[2026-01-16T12:22:50.727+0000][gc,task     ] GC(1418) Using 8 workers of 8 for evacuation
[2026-01-16T12:22:51.019+0000][gc,mmu      ] GC(1418) MMU target violated: 201.0ms (200.0ms/201.0ms)
[2026-01-16T12:22:51.025+0000][gc,phases   ] GC(1418)   Pre Evacuate Collection Set: 9.0ms
[2026-01-16T12:22:51.025+0000][gc,phases   ] GC(1418)   Merge Heap Roots: 0.4ms
[2026-01-16T12:22:51.026+0000][gc,phases   ] GC(1418)   Evacuate Collection Set: 280.0ms
[2026-01-16T12:22:51.026+0000][gc,phases   ] GC(1418)   Post Evacuate Collection Set: 2.8ms
[2026-01-16T12:22:51.026+0000][gc,phases   ] GC(1418)   Other: 6.3ms
[2026-01-16T12:22:51.026+0000][gc,heap     ] GC(1418) Eden regions: 46->0(48)
[2026-01-16T12:22:51.027+0000][gc,heap     ] GC(1418) Survivor regions: 5->3(7)
[2026-01-16T12:22:51.027+0000][gc,heap     ] GC(1418) Old regions: 117->118
[2026-01-16T12:22:51.027+0000][gc,heap     ] GC(1418) Humongous regions: 38->38
[2026-01-16T12:22:51.028+0000][gc,metaspace] GC(1418) Metaspace: 13321K(13824K)->13321K(13824K) NonClass: 12203K(12416K)->12203K(12416K) Class: 1117K(1408K)->1117K(1408K)
[2026-01-16T12:22:51.028+0000][gc          ] GC(1418) Pause Young (Normal) (G1 Evacuation Pause) 205M->158M(1024M) 305.568ms
[2026-01-16T12:22:51.029+0000][gc,cpu      ] GC(1418) User=0.16s Sys=0.00s Real=0.31s
[2026-01-16T12:22:52.261+0000][gc,start    ] GC(1419) Pause Young (Normal) (G1 Evacuation Pause)
[2026-01-16T12:22:52.262+0000][gc,task     ] GC(1419) Using 8 workers of 8 for evacuation
[2026-01-16T12:22:52.390+0000][gc,phases   ] GC(1419)   Pre Evacuate Collection Set: 8.6ms
[2026-01-16T12:22:52.391+0000][gc,phases   ] GC(1419)   Merge Heap Roots: 0.3ms
[2026-01-16T12:22:52.391+0000][gc,phases   ] GC(1419)   Evacuate Collection Set: 113.3ms
[2026-01-16T12:22:52.391+0000][gc,phases   ] GC(1419)   Post Evacuate Collection Set: 6.2ms
[2026-01-16T12:22:52.392+0000][gc,phases   ] GC(1419)   Other: 0.4ms
[2026-01-16T12:22:52.393+0000][gc,heap     ] GC(1419) Eden regions: 48->0(47)
[2026-01-16T12:22:52.393+0000][gc,heap     ] GC(1419) Survivor regions: 3->4(7)
[2026-01-16T12:22:52.393+0000][gc,heap     ] GC(1419) Old regions: 118->118
[2026-01-16T12:22:52.393+0000][gc,heap     ] GC(1419) Humongous regions: 38->38
[2026-01-16T12:22:52.394+0000][gc,metaspace] GC(1419) Metaspace: 13321K(13824K)->13321K(13824K) NonClass: 12203K(12416K)->12203K(12416K) Class: 1117K(1408K)->1117K(1408K)
[2026-01-16T12:22:52.394+0000][gc          ] GC(1419) Pause Young (Normal) (G1 Evacuation Pause) 206M->158M(1024M) 132.720ms
[2026-01-16T12:22:52.396+0000][gc,cpu      ] GC(1419) User=0.05s Sys=0.01s Real=0.14s
[2026-01-16T12:22:55.310+0000][gc,start    ] GC(1420) Pause Young (Normal) (G1 Evacuation Pause)
[2026-01-16T12:22:55.311+0000][gc,task     ] GC(1420) Using 8 workers of 8 for evacuation
[2026-01-16T12:22:55.871+0000][gc,mmu      ] GC(1420) MMU target violated: 201.0ms (200.0ms/201.0ms)
[2026-01-16T12:22:55.872+0000][gc,phases   ] GC(1420)   Pre Evacuate Collection Set: 72.8ms
[2026-01-16T12:22:55.872+0000][gc,phases   ] GC(1420)   Merge Heap Roots: 10.8ms
[2026-01-16T12:22:55.875+0000][gc,phases   ] GC(1420)   Evacuate Collection Set: 340.0ms
[2026-01-16T12:22:55.877+0000][gc,phases   ] GC(1420)   Post Evacuate Collection Set: 133.3ms
[2026-01-16T12:22:55.877+0000][gc,phases   ] GC(1420)   Other: 4.5ms
[2026-01-16T12:22:55.877+0000][gc,heap     ] GC(1420) Eden regions: 47->0(48)
[2026-01-16T12:22:55.879+0000][gc,heap     ] GC(1420) Survivor regions: 4->3(7)
[2026-01-16T12:22:55.880+0000][gc,heap     ] GC(1420) Old regions: 118->118
[2026-01-16T12:22:55.880+0000][gc,heap     ] GC(1420) Humongous regions: 38->38
[2026-01-16T12:22:55.881+0000][gc,metaspace] GC(1420) Metaspace: 13322K(13824K)->13322K(13824K) NonClass: 12205K(12416K)->12205K(12416K) Class: 1117K(1408K)->1117K(1408K)
[2026-01-16T12:22:55.886+0000][gc          ] GC(1420) Pause Young (Normal) (G1 Evacuation Pause) 205M->158M(1024M) 576.309ms
[2026-01-16T12:22:55.887+0000][gc,cpu      ] GC(1420) User=0.26s Sys=0.02s Real=0.58s
[2026-01-16T12:23:01.738+0000][gc,start    ] GC(1421) Pause Young (Normal) (G1 Evacuation Pause)
[2026-01-16T12:23:01.750+0000][gc,task     ] GC(1421) Using 8 workers of 8 for evacuation
[2026-01-16T12:23:02.464+0000][gc,mmu      ] GC(1421) MMU target violated: 201.0ms (200.0ms/201.0ms)
[2026-01-16T12:23:02.466+0000][gc,phases   ] GC(1421)   Pre Evacuate Collection Set: 131.0ms
[2026-01-16T12:23:02.468+0000][gc,phases   ] GC(1421)   Merge Heap Roots: 2.3ms
[2026-01-16T12:23:02.470+0000][gc,phases   ] GC(1421)   Evacuate Collection Set: 525.3ms
[2026-01-16T12:23:02.471+0000][gc,phases   ] GC(1421)   Post Evacuate Collection Set: 36.5ms
[2026-01-16T12:23:02.472+0000][gc,phases   ] GC(1421)   Other: 22.0ms
[2026-01-16T12:23:02.475+0000][gc,heap     ] GC(1421) Eden regions: 48->0(47)
[2026-01-16T12:23:02.478+0000][gc,heap     ] GC(1421) Survivor regions: 3->4(7)
[2026-01-16T12:23:02.479+0000][gc,heap     ] GC(1421) Old regions: 118->118
[2026-01-16T12:23:02.483+0000][gc,heap     ] GC(1421) Humongous regions: 38->38
[2026-01-16T12:23:02.484+0000][gc,metaspace] GC(1421) Metaspace: 13322K(13824K)->13322K(13824K) NonClass: 12205K(12416K)->12205K(12416K) Class: 1117K(1408K)->1117K(1408K)
[2026-01-16T12:23:02.485+0000][gc          ] GC(1421) Pause Young (Normal) (G1 Evacuation Pause) 206M->158M(1024M) 747.965ms
[2026-01-16T12:23:02.487+0000][gc,cpu      ] GC(1421) User=0.38s Sys=0.05s Real=0.75s
[2026-01-16T12:23:05.639+0000][gc,start    ] GC(1422) Pause Young (Normal) (G1 Evacuation Pause)
[2026-01-16T12:23:05.666+0000][gc,task     ] GC(1422) Using 8 workers of 8 for evacuation
[2026-01-16T12:23:06.163+0000][gc,mmu      ] GC(1422) MMU target violated: 201.0ms (200.0ms/201.0ms)
[2026-01-16T12:23:06.208+0000][gc,phases   ] GC(1422)   Pre Evacuate Collection Set: 89.3ms
[2026-01-16T12:23:06.208+0000][gc,phases   ] GC(1422)   Merge Heap Roots: 5.6ms
[2026-01-16T12:23:06.208+0000][gc,phases   ] GC(1422)   Evacuate Collection Set: 393.8ms
[2026-01-16T12:23:06.212+0000][gc,phases   ] GC(1422)   Post Evacuate Collection Set: 6.1ms
[2026-01-16T12:23:06.213+0000][gc,phases   ] GC(1422)   Other: 72.1ms
[2026-01-16T12:23:06.216+0000][gc,heap     ] GC(1422) Eden regions: 47->0(47)
[2026-01-16T12:23:06.216+0000][gc,heap     ] GC(1422) Survivor regions: 4->4(7)
[2026-01-16T12:23:06.217+0000][gc,heap     ] GC(1422) Old regions: 118->118
[2026-01-16T12:23:06.218+0000][gc,heap     ] GC(1422) Humongous regions: 38->38
[2026-01-16T12:23:06.224+0000][gc,metaspace] GC(1422) Metaspace: 13322K(13824K)->13322K(13824K) NonClass: 12205K(12416K)->12205K(12416K) Class: 1117K(1408K)->1117K(1408K)
[2026-01-16T12:23:06.224+0000][gc          ] GC(1422) Pause Young (Normal) (G1 Evacuation Pause) 205M->159M(1024M) 585.177ms
[2026-01-16T12:23:06.224+0000][gc,cpu      ] GC(1422) User=0.23s Sys=0.02s Real=0.58s
[2026-01-16T12:23:07.675+0000][gc,start    ] GC(1423) Pause Young (Normal) (G1 Evacuation Pause)
[2026-01-16T12:23:07.677+0000][gc,task     ] GC(1423) Using 8 workers of 8 for evacuation
[2026-01-16T12:23:08.242+0000][gc,mmu      ] GC(1423) MMU target violated: 201.0ms (200.0ms/201.0ms)
[2026-01-16T12:23:08.254+0000][gc,phases   ] GC(1423)   Pre Evacuate Collection Set: 49.4ms
[2026-01-16T12:23:08.255+0000][gc,phases   ] GC(1423)   Merge Heap Roots: 0.7ms
[2026-01-16T12:23:08.260+0000][gc,phases   ] GC(1423)   Evacuate Collection Set: 399.9ms
[2026-01-16T12:23:08.262+0000][gc,phases   ] GC(1423)   Post Evacuate Collection Set: 114.5ms
[2026-01-16T12:23:08.263+0000][gc,phases   ] GC(1423)   Other: 13.4ms
[2026-01-16T12:23:08.273+0000][gc,heap     ] GC(1423) Eden regions: 47->0(48)
[2026-01-16T12:23:08.274+0000][gc,heap     ] GC(1423) Survivor regions: 4->3(7)
[2026-01-16T12:23:08.277+0000][gc,heap     ] GC(1423) Old regions: 118->118
[2026-01-16T12:23:08.278+0000][gc,heap     ] GC(1423) Humongous regions: 38->38
[2026-01-16T12:23:08.278+0000][gc,metaspace] GC(1423) Metaspace: 13322K(13824K)->13322K(13824K) NonClass: 12205K(12416K)->12205K(12416K) Class: 1117K(1408K)->1117K(1408K)
[2026-01-16T12:23:08.278+0000][gc          ] GC(1423) Pause Young (Normal) (G1 Evacuation Pause) 206M->158M(1024M) 603.446ms
[2026-01-16T12:23:08.287+0000][gc,cpu      ] GC(1423) User=0.13s Sys=0.02s Real=0.62s
[2026-01-16T12:23:11.088+0000][gc,start    ] GC(1424) Pause Young (Normal) (G1 Evacuation Pause)
[2026-01-16T12:23:11.108+0000][gc,task     ] GC(1424) Using 8 workers of 8 for evacuation
[2026-01-16T12:23:11.588+0000][gc,mmu      ] GC(1424) MMU target violated: 201.0ms (200.0ms/201.0ms)
[2026-01-16T12:23:11.592+0000][gc,phases   ] GC(1424)   Pre Evacuate Collection Set: 48.8ms
[2026-01-16T12:23:11.592+0000][gc,phases   ] GC(1424)   Merge Heap Roots: 4.1ms
[2026-01-16T12:23:11.592+0000][gc,phases   ] GC(1424)   Evacuate Collection Set: 377.6ms
[2026-01-16T12:23:11.593+0000][gc,phases   ] GC(1424)   Post Evacuate Collection Set: 41.8ms
[2026-01-16T12:23:11.600+0000][gc,phases   ] GC(1424)   Other: 11.2ms
[2026-01-16T12:23:11.601+0000][gc,heap     ] GC(1424) Eden regions: 48->0(47)
[2026-01-16T12:23:11.602+0000][gc,heap     ] GC(1424) Survivor regions: 3->4(7)
[2026-01-16T12:23:11.602+0000][gc,heap     ] GC(1424) Old regions: 118->118
[2026-01-16T12:23:11.602+0000][gc,heap     ] GC(1424) Humongous regions: 38->38
[2026-01-16T12:23:11.602+0000][gc,metaspace] GC(1424) Metaspace: 13322K(13824K)->13322K(13824K) NonClass: 12205K(12416K)->12205K(12416K) Class: 1117K(1408K)->1117K(1408K)
[2026-01-16T12:23:11.618+0000][gc          ] GC(1424) Pause Young (Normal) (G1 Evacuation Pause) 206M->159M(1024M) 530.580ms
[2026-01-16T12:23:11.634+0000][gc,cpu      ] GC(1424) User=0.25s Sys=0.04s Real=0.54s
[2026-01-16T12:23:17.048+0000][gc,start    ] GC(1425) Pause Young (Normal) (G1 Evacuation Pause)
[2026-01-16T12:23:17.051+0000][gc,task     ] GC(1425) Using 8 workers of 8 for evacuation
[2026-01-16T12:23:17.319+0000][gc,mmu      ] GC(1425) MMU target violated: 201.0ms (200.0ms/201.0ms)
[2026-01-16T12:23:17.322+0000][gc,phases   ] GC(1425)   Pre Evacuate Collection Set: 63.2ms
[2026-01-16T12:23:17.322+0000][gc,phases   ] GC(1425)   Merge Heap Roots: 3.3ms
[2026-01-16T12:23:17.323+0000][gc,phases   ] GC(1425)   Evacuate Collection Set: 183.2ms
[2026-01-16T12:23:17.323+0000][gc,phases   ] GC(1425)   Post Evacuate Collection Set: 10.6ms
[2026-01-16T12:23:17.325+0000][gc,phases   ] GC(1425)   Other: 11.3ms
[2026-01-16T12:23:17.335+0000][gc,heap     ] GC(1425) Eden regions: 47->0(48)
[2026-01-16T12:23:17.336+0000][gc,heap     ] GC(1425) Survivor regions: 4->3(7)
[2026-01-16T12:23:17.342+0000][gc,heap     ] GC(1425) Old regions: 118->118
[2026-01-16T12:23:17.342+0000][gc,heap     ] GC(1425) Humongous regions: 38->38
[2026-01-16T12:23:17.344+0000][gc,metaspace] GC(1425) Metaspace: 13322K(13824K)->13322K(13824K) NonClass: 12205K(12416K)->12205K(12416K) Class: 1117K(1408K)->1117K(1408K)
[2026-01-16T12:23:17.344+0000][gc          ] GC(1425) Pause Young (Normal) (G1 Evacuation Pause) 206M->158M(1024M) 296.304ms
[2026-01-16T12:23:17.346+0000][gc,cpu      ] GC(1425) User=0.21s Sys=0.02s Real=0.30s
[2026-01-16T12:23:19.210+0000][gc,start    ] GC(1426) Pause Young (Normal) (G1 Evacuation Pause)
[2026-01-16T12:23:19.213+0000][gc,task     ] GC(1426) Using 8 workers of 8 for evacuation
[2026-01-16T12:23:19.450+0000][gc,mmu      ] GC(1426) MMU target violated: 201.0ms (200.0ms/201.0ms)
[2026-01-16T12:23:19.452+0000][gc,phases   ] GC(1426)   Pre Evacuate Collection Set: 19.0ms
[2026-01-16T12:23:19.452+0000][gc,phases   ] GC(1426)   Merge Heap Roots: 0.3ms
[2026-01-16T12:23:19.452+0000][gc,phases   ] GC(1426)   Evacuate Collection Set: 199.7ms
[2026-01-16T12:23:19.452+0000][gc,phases   ] GC(1426)   Post Evacuate Collection Set: 8.8ms
[2026-01-16T12:23:19.452+0000][gc,phases   ] GC(1426)   Other: 12.0ms
[2026-01-16T12:23:19.452+0000][gc,heap     ] GC(1426) Eden regions: 48->0(47)
[2026-01-16T12:23:19.454+0000][gc,heap     ] GC(1426) Survivor regions: 3->4(7)
[2026-01-16T12:23:19.454+0000][gc,heap     ] GC(1426) Old regions: 118->118
[2026-01-16T12:23:19.454+0000][gc,heap     ] GC(1426) Humongous regions: 38->38
[2026-01-16T12:23:19.454+0000][gc,metaspace] GC(1426) Metaspace: 13322K(13824K)->13322K(13824K) NonClass: 12205K(12416K)->12205K(12416K) Class: 1117K(1408K)->1117K(1408K)
[2026-01-16T12:23:19.455+0000][gc          ] GC(1426) Pause Young (Normal) (G1 Evacuation Pause) 206M->158M(1024M) 245.320ms
[2026-01-16T12:23:19.455+0000][gc,cpu      ] GC(1426) User=0.11s Sys=0.00s Real=0.25s
[2026-01-16T12:23:21.735+0000][gc,start    ] GC(1427) Pause Young (Normal) (G1 Evacuation Pause)
[2026-01-16T12:23:21.737+0000][gc,task     ] GC(1427) Using 8 workers of 8 for evacuation
[2026-01-16T12:23:22.062+0000][gc,mmu      ] GC(1427) MMU target violated: 201.0ms (200.0ms/201.0ms)
[2026-01-16T12:23:22.063+0000][gc,phases   ] GC(1427)   Pre Evacuate Collection Set: 11.6ms
[2026-01-16T12:23:22.064+0000][gc,phases   ] GC(1427)   Merge Heap Roots: 0.8ms
[2026-01-16T12:23:22.065+0000][gc,phases   ] GC(1427)   Evacuate Collection Set: 272.9ms
[2026-01-16T12:23:22.068+0000][gc,phases   ] GC(1427)   Post Evacuate Collection Set: 37.9ms
[2026-01-16T12:23:22.073+0000][gc,phases   ] GC(1427)   Other: 3.1ms
[2026-01-16T12:23:22.077+0000][gc,heap     ] GC(1427) Eden regions: 47->0(49)
[2026-01-16T12:23:22.081+0000][gc,heap     ] GC(1427) Survivor regions: 4->2(7)
[2026-01-16T12:23:22.082+0000][gc,heap     ] GC(1427) Old regions: 118->119
[2026-01-16T12:23:22.086+0000][gc,heap     ] GC(1427) Humongous regions: 38->38
[2026-01-16T12:23:22.087+0000][gc,metaspace] GC(1427) Metaspace: 13322K(13824K)->13322K(13824K) NonClass: 12205K(12416K)->12205K(12416K) Class: 1117K(1408K)->1117K(1408K)
[2026-01-16T12:23:22.090+0000][gc          ] GC(1427) Pause Young (Normal) (G1 Evacuation Pause) 205M->157M(1024M) 353.863ms
[2026-01-16T12:23:22.091+0000][gc,cpu      ] GC(1427) User=0.12s Sys=0.01s Real=0.35s
[2026-01-16T12:23:29.460+0000][gc,start    ] GC(1428) Pause Young (Normal) (G1 Evacuation Pause)
[2026-01-16T12:23:29.490+0000][gc,task     ] GC(1428) Using 8 workers of 8 for evacuation
[2026-01-16T12:23:30.670+0000][gc,mmu      ] GC(1428) MMU target violated: 201.0ms (200.0ms/201.0ms)
[2026-01-16T12:23:30.670+0000][gc,phases   ] GC(1428)   Pre Evacuate Collection Set: 86.9ms
[2026-01-16T12:23:30.671+0000][gc,phases   ] GC(1428)   Merge Heap Roots: 1.9ms
[2026-01-16T12:23:30.674+0000][gc,phases   ] GC(1428)   Evacuate Collection Set: 994.8ms
[2026-01-16T12:23:30.691+0000][gc,phases   ] GC(1428)   Post Evacuate Collection Set: 91.7ms
[2026-01-16T12:23:30.692+0000][gc,phases   ] GC(1428)   Other: 29.5ms
[2026-01-16T12:23:30.693+0000][gc,heap     ] GC(1428) Eden regions: 49->0(48)
[2026-01-16T12:23:30.694+0000][gc,heap     ] GC(1428) Survivor regions: 2->3(7)
[2026-01-16T12:23:30.694+0000][gc,heap     ] GC(1428) Old regions: 119->119
[2026-01-16T12:23:30.695+0000][gc,heap     ] GC(1428) Humongous regions: 38->38
[2026-01-16T12:23:30.696+0000][gc,metaspace] GC(1428) Metaspace: 13322K(13824K)->13322K(13824K) NonClass: 12205K(12416K)->12205K(12416K) Class: 1117K(1408K)->1117K(1408K)
[2026-01-16T12:23:30.696+0000][gc          ] GC(1428) Pause Young (Normal) (G1 Evacuation Pause) 206M->158M(1024M) 1236.206ms
[2026-01-16T12:23:30.697+0000][gc,cpu      ] GC(1428) User=0.41s Sys=0.04s Real=1.24s
[2026-01-16T12:23:35.662+0000][gc,start    ] GC(1429) Pause Young (Normal) (G1 Evacuation Pause)
[2026-01-16T12:23:35.664+0000][gc,task     ] GC(1429) Using 8 workers of 8 for evacuation
[2026-01-16T12:23:36.146+0000][gc,mmu      ] GC(1429) MMU target violated: 201.0ms (200.0ms/201.0ms)
[2026-01-16T12:23:36.148+0000][gc,phases   ] GC(1429)   Pre Evacuate Collection Set: 13.8ms
[2026-01-16T12:23:36.149+0000][gc,phases   ] GC(1429)   Merge Heap Roots: 1.5ms
[2026-01-16T12:23:36.151+0000][gc,phases   ] GC(1429)   Evacuate Collection Set: 423.3ms
[2026-01-16T12:23:36.152+0000][gc,phases   ] GC(1429)   Post Evacuate Collection Set: 39.6ms
[2026-01-16T12:23:36.156+0000][gc,phases   ] GC(1429)   Other: 5.3ms
[2026-01-16T12:23:36.159+0000][gc,heap     ] GC(1429) Eden regions: 48->0(48)
[2026-01-16T12:23:36.163+0000][gc,heap     ] GC(1429) Survivor regions: 3->3(7)
[2026-01-16T12:23:36.167+0000][gc,heap     ] GC(1429) Old regions: 119->119
[2026-01-16T12:23:36.167+0000][gc,heap     ] GC(1429) Humongous regions: 38->38
[2026-01-16T12:23:36.168+0000][gc,metaspace] GC(1429) Metaspace: 13322K(13824K)->13322K(13824K) NonClass: 12205K(12416K)->12205K(12416K) Class: 1117K(1408K)->1117K(1408K)
[2026-01-16T12:23:36.170+0000][gc          ] GC(1429) Pause Young (Normal) (G1 Evacuation Pause) 206M->159M(1024M) 507.403ms
[2026-01-16T12:23:36.172+0000][gc,cpu      ] GC(1429) User=0.26s Sys=0.04s Real=0.51s
[2026-01-16T12:23:37.640+0000][gc,start    ] GC(1430) Pause Young (Normal) (G1 Evacuation Pause)
[2026-01-16T12:23:37.641+0000][gc,task     ] GC(1430) Using 8 workers of 8 for evacuation
[2026-01-16T12:23:37.847+0000][gc,mmu      ] GC(1430) MMU target violated: 201.0ms (200.0ms/201.0ms)
[2026-01-16T12:23:37.848+0000][gc,phases   ] GC(1430)   Pre Evacuate Collection Set: 9.3ms
[2026-01-16T12:23:37.848+0000][gc,phases   ] GC(1430)   Merge Heap Roots: 1.8ms
[2026-01-16T12:23:37.848+0000][gc,phases   ] GC(1430)   Evacuate Collection Set: 186.4ms
[2026-01-16T12:23:37.849+0000][gc,phases   ] GC(1430)   Post Evacuate Collection Set: 6.8ms
[2026-01-16T12:23:37.852+0000][gc,phases   ] GC(1430)   Other: 2.5ms
[2026-01-16T12:23:37.853+0000][gc,heap     ] GC(1430) Eden regions: 48->0(48)
[2026-01-16T12:23:37.853+0000][gc,heap     ] GC(1430) Survivor regions: 3->3(7)
[2026-01-16T12:23:37.853+0000][gc,heap     ] GC(1430) Old regions: 119->120
[2026-01-16T12:23:37.853+0000][gc,heap     ] GC(1430) Humongous regions: 38->38
[2026-01-16T12:23:37.854+0000][gc,metaspace] GC(1430) Metaspace: 13322K(13824K)->13322K(13824K) NonClass: 12205K(12416K)->12205K(12416K) Class: 1117K(1408K)->1117K(1408K)
[2026-01-16T12:23:37.855+0000][gc          ] GC(1430) Pause Young (Normal) (G1 Evacuation Pause) 207M->159M(1024M) 214.731ms
[2026-01-16T12:23:37.855+0000][gc,cpu      ] GC(1430) User=0.16s Sys=0.02s Real=0.22s
[2026-01-16T12:23:40.849+0000][gc,start    ] GC(1431) Pause Young (Normal) (G1 Evacuation Pause)
[2026-01-16T12:23:40.850+0000][gc,task     ] GC(1431) Using 8 workers of 8 for evacuation
[2026-01-16T12:23:41.190+0000][gc,mmu      ] GC(1431) MMU target violated: 201.0ms (200.0ms/201.0ms)
[2026-01-16T12:23:41.193+0000][gc,phases   ] GC(1431)   Pre Evacuate Collection Set: 21.4ms
[2026-01-16T12:23:41.195+0000][gc,phases   ] GC(1431)   Merge Heap Roots: 0.6ms
[2026-01-16T12:23:41.196+0000][gc,phases   ] GC(1431)   Evacuate Collection Set: 204.6ms
[2026-01-16T12:23:41.196+0000][gc,phases   ] GC(1431)   Post Evacuate Collection Set: 111.0ms
[2026-01-16T12:23:41.196+0000][gc,phases   ] GC(1431)   Other: 5.1ms
[2026-01-16T12:23:41.197+0000][gc,heap     ] GC(1431) Eden regions: 48->0(49)
[2026-01-16T12:23:41.198+0000][gc,heap     ] GC(1431) Survivor regions: 3->2(7)
[2026-01-16T12:23:41.199+0000][gc,heap     ] GC(1431) Old regions: 120->120
[2026-01-16T12:23:41.202+0000][gc,heap     ] GC(1431) Humongous regions: 38->38
[2026-01-16T12:23:41.202+0000][gc,metaspace] GC(1431) Metaspace: 13322K(13824K)->13322K(13824K) NonClass: 12205K(12416K)->12205K(12416K) Class: 1117K(1408K)->1117K(1408K)
[2026-01-16T12:23:41.203+0000][gc          ] GC(1431) Pause Young (Normal) (G1 Evacuation Pause) 207M->158M(1024M) 353.651ms
[2026-01-16T12:23:41.203+0000][gc,cpu      ] GC(1431) User=0.14s Sys=0.02s Real=0.36s
[2026-01-16T12:23:45.271+0000][gc,start    ] GC(1432) Pause Young (Normal) (G1 Evacuation Pause)
[2026-01-16T12:23:45.274+0000][gc,task     ] GC(1432) Using 8 workers of 8 for evacuation
[2026-01-16T12:23:45.498+0000][gc,mmu      ] GC(1432) MMU target violated: 201.0ms (200.0ms/201.0ms)
[2026-01-16T12:23:45.504+0000][gc,phases   ] GC(1432)   Pre Evacuate Collection Set: 41.5ms
[2026-01-16T12:23:45.507+0000][gc,phases   ] GC(1432)   Merge Heap Roots: 1.0ms
[2026-01-16T12:23:45.508+0000][gc,phases   ] GC(1432)   Evacuate Collection Set: 155.7ms
[2026-01-16T12:23:45.508+0000][gc,phases   ] GC(1432)   Post Evacuate Collection Set: 23.5ms
[2026-01-16T12:23:45.508+0000][gc,phases   ] GC(1432)   Other: 8.5ms
[2026-01-16T12:23:45.509+0000][gc,heap     ] GC(1432) Eden regions: 49->0(50)
[2026-01-16T12:23:45.509+0000][gc,heap     ] GC(1432) Survivor regions: 2->1(7)
[2026-01-16T12:23:45.509+0000][gc,heap     ] GC(1432) Old regions: 120->120
[2026-01-16T12:23:45.509+0000][gc,heap     ] GC(1432) Humongous regions: 38->38
[2026-01-16T12:23:45.510+0000][gc,metaspace] GC(1432) Metaspace: 13322K(13824K)->13322K(13824K) NonClass: 12205K(12416K)->12205K(12416K) Class: 1117K(1408K)->1117K(1408K)
[2026-01-16T12:23:45.511+0000][gc          ] GC(1432) Pause Young (Normal) (G1 Evacuation Pause) 207M->158M(1024M) 240.012ms
[2026-01-16T12:23:45.511+0000][gc,cpu      ] GC(1432) User=0.10s Sys=0.01s Real=0.25s
[2026-01-16T12:23:47.142+0000][gc,start    ] GC(1433) Pause Young (Normal) (G1 Evacuation Pause)
[2026-01-16T12:23:47.144+0000][gc,task     ] GC(1433) Using 8 workers of 8 for evacuation
[2026-01-16T12:23:47.253+0000][gc,phases   ] GC(1433)   Pre Evacuate Collection Set: 26.8ms
[2026-01-16T12:23:47.255+0000][gc,phases   ] GC(1433)   Merge Heap Roots: 0.9ms
[2026-01-16T12:23:47.256+0000][gc,phases   ] GC(1433)   Evacuate Collection Set: 73.1ms
[2026-01-16T12:23:47.256+0000][gc,phases   ] GC(1433)   Post Evacuate Collection Set: 7.4ms
[2026-01-16T12:23:47.257+0000][gc,phases   ] GC(1433)   Other: 0.8ms
[2026-01-16T12:23:47.259+0000][gc,heap     ] GC(1433) Eden regions: 50->0(50)
[2026-01-16T12:23:47.259+0000][gc,heap     ] GC(1433) Survivor regions: 1->1(7)
[2026-01-16T12:23:47.259+0000][gc,heap     ] GC(1433) Old regions: 120->120
[2026-01-16T12:23:47.259+0000][gc,heap     ] GC(1433) Humongous regions: 38->38
[2026-01-16T12:23:47.260+0000][gc,metaspace] GC(1433) Metaspace: 13322K(13824K)->13322K(13824K) NonClass: 12205K(12416K)->12205K(12416K) Class: 1117K(1408K)->1117K(1408K)
[2026-01-16T12:23:47.260+0000][gc          ] GC(1433) Pause Young (Normal) (G1 Evacuation Pause) 208M->158M(1024M) 118.473ms
[2026-01-16T12:23:47.261+0000][gc,cpu      ] GC(1433) User=0.07s Sys=0.00s Real=0.12s
[2026-01-16T12:23:49.368+0000][gc,start    ] GC(1434) Pause Young (Normal) (G1 Evacuation Pause)
[2026-01-16T12:23:49.371+0000][gc,task     ] GC(1434) Using 8 workers of 8 for evacuation
[2026-01-16T12:23:49.455+0000][gc,phases   ] GC(1434)   Pre Evacuate Collection Set: 8.2ms
[2026-01-16T12:23:49.456+0000][gc,phases   ] GC(1434)   Merge Heap Roots: 0.3ms
[2026-01-16T12:23:49.456+0000][gc,phases   ] GC(1434)   Evacuate Collection Set: 64.7ms
[2026-01-16T12:23:49.457+0000][gc,phases   ] GC(1434)   Post Evacuate Collection Set: 11.0ms
[2026-01-16T12:23:49.457+0000][gc,phases   ] GC(1434)   Other: 0.5ms
[2026-01-16T12:23:49.457+0000][gc,heap     ] GC(1434) Eden regions: 50->0(49)
[2026-01-16T12:23:49.457+0000][gc,heap     ] GC(1434) Survivor regions: 1->2(7)
[2026-01-16T12:23:49.458+0000][gc,heap     ] GC(1434) Old regions: 120->120
[2026-01-16T12:23:49.458+0000][gc,heap     ] GC(1434) Humongous regions: 38->38
[2026-01-16T12:23:49.459+0000][gc,metaspace] GC(1434) Metaspace: 13322K(13824K)->13322K(13824K) NonClass: 12205K(12416K)->12205K(12416K) Class: 1117K(1408K)->1117K(1408K)
[2026-01-16T12:23:49.460+0000][gc          ] GC(1434) Pause Young (Normal) (G1 Evacuation Pause) 208M->159M(1024M) 92.171ms
[2026-01-16T12:23:49.461+0000][gc,cpu      ] GC(1434) User=0.07s Sys=0.00s Real=0.10s
[2026-01-16T12:23:57.739+0000][gc,start    ] GC(1435) Pause Young (Normal) (G1 Evacuation Pause)
[2026-01-16T12:23:57.745+0000][gc,task     ] GC(1435) Using 8 workers of 8 for evacuation
[2026-01-16T12:23:58.089+0000][gc,mmu      ] GC(1435) MMU target violated: 201.0ms (200.0ms/201.0ms)
[2026-01-16T12:23:58.108+0000][gc,phases   ] GC(1435)   Pre Evacuate Collection Set: 41.5ms
[2026-01-16T12:23:58.117+0000][gc,phases   ] GC(1435)   Merge Heap Roots: 5.4ms
[2026-01-16T12:23:58.119+0000][gc,phases   ] GC(1435)   Evacuate Collection Set: 256.5ms
[2026-01-16T12:23:58.137+0000][gc,phases   ] GC(1435)   Post Evacuate Collection Set: 19.9ms
[2026-01-16T12:23:58.146+0000][gc,phases   ] GC(1435)   Other: 42.5ms
[2026-01-16T12:23:58.174+0000][gc,heap     ] GC(1435) Eden regions: 49->0(50)
[2026-01-16T12:23:58.178+0000][gc,heap     ] GC(1435) Survivor regions: 2->1(7)
[2026-01-16T12:23:58.184+0000][gc,heap     ] GC(1435) Old regions: 120->120
[2026-01-16T12:23:58.184+0000][gc,heap     ] GC(1435) Humongous regions: 38->38
[2026-01-16T12:23:58.184+0000][gc,metaspace] GC(1435) Metaspace: 13322K(13824K)->13322K(13824K) NonClass: 12205K(12416K)->12205K(12416K) Class: 1117K(1408K)->1117K(1408K)
[2026-01-16T12:23:58.184+0000][gc          ] GC(1435) Pause Young (Normal) (G1 Evacuation Pause) 208M->158M(1024M) 445.899ms
[2026-01-16T12:23:58.186+0000][gc,cpu      ] GC(1435) User=0.15s Sys=0.02s Real=0.45s
[2026-01-16T12:24:02.921+0000][gc,start    ] GC(1436) Pause Young (Normal) (G1 Evacuation Pause)
[2026-01-16T12:24:02.927+0000][gc,task     ] GC(1436) Using 8 workers of 8 for evacuation
[2026-01-16T12:24:03.217+0000][gc,mmu      ] GC(1436) MMU target violated: 201.0ms (200.0ms/201.0ms)
[2026-01-16T12:24:03.220+0000][gc,phases   ] GC(1436)   Pre Evacuate Collection Set: 18.5ms
[2026-01-16T12:24:03.224+0000][gc,phases   ] GC(1436)   Merge Heap Roots: 4.5ms
[2026-01-16T12:24:03.224+0000][gc,phases   ] GC(1436)   Evacuate Collection Set: 245.4ms
[2026-01-16T12:24:03.225+0000][gc,phases   ] GC(1436)   Post Evacuate Collection Set: 21.2ms
[2026-01-16T12:24:03.226+0000][gc,phases   ] GC(1436)   Other: 3.3ms
[2026-01-16T12:24:03.227+0000][gc,heap     ] GC(1436) Eden regions: 50->0(49)
[2026-01-16T12:24:03.227+0000][gc,heap     ] GC(1436) Survivor regions: 1->2(7)
[2026-01-16T12:24:03.233+0000][gc,heap     ] GC(1436) Old regions: 120->120
[2026-01-16T12:24:03.234+0000][gc,heap     ] GC(1436) Humongous regions: 38->38
[2026-01-16T12:24:03.234+0000][gc,metaspace] GC(1436) Metaspace: 13322K(13824K)->13322K(13824K) NonClass: 12205K(12416K)->12205K(12416K) Class: 1117K(1408K)->1117K(1408K)
[2026-01-16T12:24:03.241+0000][gc          ] GC(1436) Pause Young (Normal) (G1 Evacuation Pause) 208M->159M(1024M) 319.152ms
[2026-01-16T12:24:03.244+0000][gc,cpu      ] GC(1436) User=0.15s Sys=0.01s Real=0.32s
[2026-01-16T12:24:05.929+0000][gc,start    ] GC(1437) Pause Young (Normal) (G1 Evacuation Pause)
[2026-01-16T12:24:05.930+0000][gc,task     ] GC(1437) Using 8 workers of 8 for evacuation
[2026-01-16T12:24:06.144+0000][gc,mmu      ] GC(1437) MMU target violated: 201.0ms (200.0ms/201.0ms)
[2026-01-16T12:24:06.146+0000][gc,phases   ] GC(1437)   Pre Evacuate Collection Set: 36.2ms
[2026-01-16T12:24:06.147+0000][gc,phases   ] GC(1437)   Merge Heap Roots: 26.7ms
[2026-01-16T12:24:06.150+0000][gc,phases   ] GC(1437)   Evacuate Collection Set: 134.3ms
[2026-01-16T12:24:06.151+0000][gc,phases   ] GC(1437)   Post Evacuate Collection Set: 16.3ms
[2026-01-16T12:24:06.154+0000][gc,phases   ] GC(1437)   Other: 2.1ms
[2026-01-16T12:24:06.158+0000][gc,heap     ] GC(1437) Eden regions: 49->0(50)
[2026-01-16T12:24:06.162+0000][gc,heap     ] GC(1437) Survivor regions: 2->1(7)
[2026-01-16T12:24:06.164+0000][gc,heap     ] GC(1437) Old regions: 120->120
[2026-01-16T12:24:06.165+0000][gc,heap     ] GC(1437) Humongous regions: 38->38
[2026-01-16T12:24:06.166+0000][gc,metaspace] GC(1437) Metaspace: 13322K(13824K)->13322K(13824K) NonClass: 12205K(12416K)->12205K(12416K) Class: 1117K(1408K)->1117K(1408K)
[2026-01-16T12:24:06.166+0000][gc          ] GC(1437) Pause Young (Normal) (G1 Evacuation Pause) 208M->158M(1024M) 236.646ms
[2026-01-16T12:24:06.167+0000][gc,cpu      ] GC(1437) User=0.05s Sys=0.02s Real=0.23s
[2026-01-16T12:24:07.502+0000][gc,start    ] GC(1438) Pause Young (Normal) (G1 Evacuation Pause)
[2026-01-16T12:24:07.508+0000][gc,task     ] GC(1438) Using 8 workers of 8 for evacuation
[2026-01-16T12:24:07.687+0000][gc,phases   ] GC(1438)   Pre Evacuate Collection Set: 19.1ms
[2026-01-16T12:24:07.689+0000][gc,phases   ] GC(1438)   Merge Heap Roots: 10.7ms
[2026-01-16T12:24:07.691+0000][gc,phases   ] GC(1438)   Evacuate Collection Set: 125.9ms
[2026-01-16T12:24:07.692+0000][gc,phases   ] GC(1438)   Post Evacuate Collection Set: 22.2ms
[2026-01-16T12:24:07.692+0000][gc,phases   ] GC(1438)   Other: 0.8ms
[2026-01-16T12:24:07.694+0000][gc,heap     ] GC(1438) Eden regions: 50->0(49)
[2026-01-16T12:24:07.695+0000][gc,heap     ] GC(1438) Survivor regions: 1->2(7)
[2026-01-16T12:24:07.695+0000][gc,heap     ] GC(1438) Old regions: 120->120
[2026-01-16T12:24:07.697+0000][gc,heap     ] GC(1438) Humongous regions: 38->38
[2026-01-16T12:24:07.711+0000][gc,metaspace] GC(1438) Metaspace: 13322K(13824K)->13322K(13824K) NonClass: 12205K(12416K)->12205K(12416K) Class: 1117K(1408K)->1117K(1408K)
[2026-01-16T12:24:07.713+0000][gc          ] GC(1438) Pause Young (Normal) (G1 Evacuation Pause) 208M->158M(1024M) 210.634ms
[2026-01-16T12:24:07.716+0000][gc,cpu      ] GC(1438) User=0.06s Sys=0.01s Real=0.21s
[2026-01-16T12:24:15.214+0000][gc,start    ] GC(1439) Pause Young (Normal) (G1 Evacuation Pause)
[2026-01-16T12:24:15.215+0000][gc,task     ] GC(1439) Using 8 workers of 8 for evacuation
[2026-01-16T12:24:15.355+0000][gc,phases   ] GC(1439)   Pre Evacuate Collection Set: 44.0ms
[2026-01-16T12:24:15.356+0000][gc,phases   ] GC(1439)   Merge Heap Roots: 7.8ms
[2026-01-16T12:24:15.357+0000][gc,phases   ] GC(1439)   Evacuate Collection Set: 77.9ms
[2026-01-16T12:24:15.358+0000][gc,phases   ] GC(1439)   Post Evacuate Collection Set: 8.3ms
[2026-01-16T12:24:15.359+0000][gc,phases   ] GC(1439)   Other: 2.4ms
[2026-01-16T12:24:15.359+0000][gc,heap     ] GC(1439) Eden regions: 49->0(50)
[2026-01-16T12:24:15.360+0000][gc,heap     ] GC(1439) Survivor regions: 2->1(7)
[2026-01-16T12:24:15.360+0000][gc,heap     ] GC(1439) Old regions: 120->120
[2026-01-16T12:24:15.360+0000][gc,heap     ] GC(1439) Humongous regions: 38->38
[2026-01-16T12:24:15.361+0000][gc,metaspace] GC(1439) Metaspace: 13322K(13824K)->13322K(13824K) NonClass: 12205K(12416K)->12205K(12416K) Class: 1117K(1408K)->1117K(1408K)
[2026-01-16T12:24:15.362+0000][gc          ] GC(1439) Pause Young (Normal) (G1 Evacuation Pause) 207M->158M(1024M) 148.576ms
[2026-01-16T12:24:15.363+0000][gc,cpu      ] GC(1439) User=0.10s Sys=0.00s Real=0.15s
[2026-01-16T12:24:17.021+0000][gc,start    ] GC(1440) Pause Young (Normal) (G1 Evacuation Pause)
[2026-01-16T12:24:17.027+0000][gc,task     ] GC(1440) Using 8 workers of 8 for evacuation
[2026-01-16T12:24:17.210+0000][gc,phases   ] GC(1440)   Pre Evacuate Collection Set: 9.6ms
[2026-01-16T12:24:17.210+0000][gc,phases   ] GC(1440)   Merge Heap Roots: 0.4ms
[2026-01-16T12:24:17.211+0000][gc,phases   ] GC(1440)   Evacuate Collection Set: 137.7ms
[2026-01-16T12:24:17.211+0000][gc,phases   ] GC(1440)   Post Evacuate Collection Set: 24.8ms
[2026-01-16T12:24:17.211+0000][gc,phases   ] GC(1440)   Other: 8.6ms
[2026-01-16T12:24:17.211+0000][gc,heap     ] GC(1440) Eden regions: 50->0(49)
[2026-01-16T12:24:17.212+0000][gc,heap     ] GC(1440) Survivor regions: 1->2(7)
[2026-01-16T12:24:17.213+0000][gc,heap     ] GC(1440) Old regions: 120->120
[2026-01-16T12:24:17.214+0000][gc,heap     ] GC(1440) Humongous regions: 38->38
[2026-01-16T12:24:17.214+0000][gc,metaspace] GC(1440) Metaspace: 13322K(13824K)->13322K(13824K) NonClass: 12205K(12416K)->12205K(12416K) Class: 1117K(1408K)->1117K(1408K)
[2026-01-16T12:24:17.215+0000][gc          ] GC(1440) Pause Young (Normal) (G1 Evacuation Pause) 208M->158M(1024M) 193.613ms
[2026-01-16T12:24:17.216+0000][gc,cpu      ] GC(1440) User=0.08s Sys=0.01s Real=0.19s
[2026-01-16T12:24:18.721+0000][gc,start    ] GC(1441) Pause Young (Normal) (G1 Evacuation Pause)
[2026-01-16T12:24:18.723+0000][gc,task     ] GC(1441) Using 8 workers of 8 for evacuation
[2026-01-16T12:24:18.799+0000][gc,phases   ] GC(1441)   Pre Evacuate Collection Set: 8.6ms
[2026-01-16T12:24:18.800+0000][gc,phases   ] GC(1441)   Merge Heap Roots: 1.5ms
[2026-01-16T12:24:18.801+0000][gc,phases   ] GC(1441)   Evacuate Collection Set: 61.3ms
[2026-01-16T12:24:18.801+0000][gc,phases   ] GC(1441)   Post Evacuate Collection Set: 4.4ms
[2026-01-16T12:24:18.804+0000][gc,phases   ] GC(1441)   Other: 1.0ms
[2026-01-16T12:24:18.806+0000][gc,heap     ] GC(1441) Eden regions: 49->0(49)
[2026-01-16T12:24:18.807+0000][gc,heap     ] GC(1441) Survivor regions: 2->2(7)
[2026-01-16T12:24:18.808+0000][gc,heap     ] GC(1441) Old regions: 120->120
[2026-01-16T12:24:18.808+0000][gc,heap     ] GC(1441) Humongous regions: 38->38
[2026-01-16T12:24:18.808+0000][gc,metaspace] GC(1441) Metaspace: 13322K(13824K)->13322K(13824K) NonClass: 12205K(12416K)->12205K(12416K) Class: 1117K(1408K)->1117K(1408K)
[2026-01-16T12:24:18.808+0000][gc          ] GC(1441) Pause Young (Normal) (G1 Evacuation Pause) 207M->159M(1024M) 87.484ms
[2026-01-16T12:24:18.810+0000][gc,cpu      ] GC(1441) User=0.06s Sys=0.00s Real=0.08s
[2026-01-16T12:24:26.787+0000][gc,start    ] GC(1442) Pause Young (Normal) (G1 Evacuation Pause)
[2026-01-16T12:24:26.790+0000][gc,task     ] GC(1442) Using 8 workers of 8 for evacuation
[2026-01-16T12:24:26.991+0000][gc,mmu      ] GC(1442) MMU target violated: 200.7ms (200.0ms/201.0ms)
[2026-01-16T12:24:26.992+0000][gc,phases   ] GC(1442)   Pre Evacuate Collection Set: 34.8ms
[2026-01-16T12:24:26.992+0000][gc,phases   ] GC(1442)   Merge Heap Roots: 7.0ms
[2026-01-16T12:24:26.993+0000][gc,phases   ] GC(1442)   Evacuate Collection Set: 138.6ms
[2026-01-16T12:24:26.993+0000][gc,phases   ] GC(1442)   Post Evacuate Collection Set: 18.8ms
[2026-01-16T12:24:26.994+0000][gc,phases   ] GC(1442)   Other: 2.5ms
[2026-01-16T12:24:26.995+0000][gc,heap     ] GC(1442) Eden regions: 49->0(50)
[2026-01-16T12:24:26.998+0000][gc,heap     ] GC(1442) Survivor regions: 2->1(7)
[2026-01-16T12:24:26.999+0000][gc,heap     ] GC(1442) Old regions: 120->120
[2026-01-16T12:24:27.002+0000][gc,heap     ] GC(1442) Humongous regions: 38->38
[2026-01-16T12:24:27.004+0000][gc,metaspace] GC(1442) Metaspace: 13322K(13824K)->13322K(13824K) NonClass: 12205K(12416K)->12205K(12416K) Class: 1117K(1408K)->1117K(1408K)
[2026-01-16T12:24:27.004+0000][gc          ] GC(1442) Pause Young (Normal) (G1 Evacuation Pause) 208M->158M(1024M) 217.562ms
[2026-01-16T12:24:27.005+0000][gc,cpu      ] GC(1442) User=0.13s Sys=0.01s Real=0.22s
[2026-01-16T12:24:29.468+0000][gc,start    ] GC(1443) Pause Young (Normal) (G1 Evacuation Pause)
[2026-01-16T12:24:29.470+0000][gc,task     ] GC(1443) Using 8 workers of 8 for evacuation
[2026-01-16T12:24:29.904+0000][gc,mmu      ] GC(1443) MMU target violated: 201.0ms (200.0ms/201.0ms)
[2026-01-16T12:24:29.905+0000][gc,phases   ] GC(1443)   Pre Evacuate Collection Set: 39.2ms
[2026-01-16T12:24:29.907+0000][gc,phases   ] GC(1443)   Merge Heap Roots: 0.3ms
[2026-01-16T12:24:29.907+0000][gc,phases   ] GC(1443)   Evacuate Collection Set: 375.2ms
[2026-01-16T12:24:29.908+0000][gc,phases   ] GC(1443)   Post Evacuate Collection Set: 17.2ms
[2026-01-16T12:24:29.908+0000][gc,phases   ] GC(1443)   Other: 3.6ms
[2026-01-16T12:24:29.908+0000][gc,heap     ] GC(1443) Eden regions: 50->0(49)
[2026-01-16T12:24:29.909+0000][gc,heap     ] GC(1443) Survivor regions: 1->2(7)
[2026-01-16T12:24:29.914+0000][gc,heap     ] GC(1443) Old regions: 120->120
[2026-01-16T12:24:29.915+0000][gc,heap     ] GC(1443) Humongous regions: 38->38
[2026-01-16T12:24:29.916+0000][gc,metaspace] GC(1443) Metaspace: 13322K(13824K)->13322K(13824K) NonClass: 12205K(12416K)->12205K(12416K) Class: 1117K(1408K)->1117K(1408K)
[2026-01-16T12:24:29.918+0000][gc          ] GC(1443) Pause Young (Normal) (G1 Evacuation Pause) 208M->159M(1024M) 449.700ms
[2026-01-16T12:24:29.919+0000][gc,cpu      ] GC(1443) User=0.15s Sys=0.01s Real=0.46s
[2026-01-16T12:24:41.047+0000][gc,start    ] GC(1444) Pause Young (Normal) (G1 Evacuation Pause)
[2026-01-16T12:24:41.054+0000][gc,task     ] GC(1444) Using 8 workers of 8 for evacuation
[2026-01-16T12:24:41.580+0000][gc,mmu      ] GC(1444) MMU target violated: 201.0ms (200.0ms/201.0ms)
[2026-01-16T12:24:41.590+0000][gc,phases   ] GC(1444)   Pre Evacuate Collection Set: 108.1ms
[2026-01-16T12:24:41.590+0000][gc,phases   ] GC(1444)   Merge Heap Roots: 4.6ms
[2026-01-16T12:24:41.593+0000][gc,phases   ] GC(1444)   Evacuate Collection Set: 352.4ms
[2026-01-16T12:24:41.594+0000][gc,phases   ] GC(1444)   Post Evacuate Collection Set: 44.5ms
[2026-01-16T12:24:41.594+0000][gc,phases   ] GC(1444)   Other: 28.2ms
[2026-01-16T12:24:41.595+0000][gc,heap     ] GC(1444) Eden regions: 49->0(50)
[2026-01-16T12:24:41.595+0000][gc,heap     ] GC(1444) Survivor regions: 2->1(7)
[2026-01-16T12:24:41.596+0000][gc,heap     ] GC(1444) Old regions: 120->120
[2026-01-16T12:24:41.596+0000][gc,heap     ] GC(1444) Humongous regions: 38->38
[2026-01-16T12:24:41.597+0000][gc,metaspace] GC(1444) Metaspace: 13322K(13824K)->13322K(13824K) NonClass: 12205K(12416K)->12205K(12416K) Class: 1117K(1408K)->1117K(1408K)
[2026-01-16T12:24:41.608+0000][gc          ] GC(1444) Pause Young (Normal) (G1 Evacuation Pause) 208M->158M(1024M) 560.310ms
[2026-01-16T12:24:41.610+0000][gc,cpu      ] GC(1444) User=0.17s Sys=0.04s Real=0.57s
[2026-01-16T12:24:47.130+0000][gc,start    ] GC(1445) Pause Young (Normal) (G1 Evacuation Pause)
[2026-01-16T12:24:47.136+0000][gc,task     ] GC(1445) Using 8 workers of 8 for evacuation
[2026-01-16T12:24:47.346+0000][gc,mmu      ] GC(1445) MMU target violated: 201.0ms (200.0ms/201.0ms)
[2026-01-16T12:24:47.347+0000][gc,phases   ] GC(1445)   Pre Evacuate Collection Set: 47.2ms
[2026-01-16T12:24:47.348+0000][gc,phases   ] GC(1445)   Merge Heap Roots: 10.5ms
[2026-01-16T12:24:47.348+0000][gc,phases   ] GC(1445)   Evacuate Collection Set: 144.0ms
[2026-01-16T12:24:47.349+0000][gc,phases   ] GC(1445)   Post Evacuate Collection Set: 4.7ms
[2026-01-16T12:24:47.349+0000][gc,phases   ] GC(1445)   Other: 6.9ms
[2026-01-16T12:24:47.349+0000][gc,heap     ] GC(1445) Eden regions: 50->0(49)
[2026-01-16T12:24:47.352+0000][gc,heap     ] GC(1445) Survivor regions: 1->2(7)
[2026-01-16T12:24:47.353+0000][gc,heap     ] GC(1445) Old regions: 120->120
[2026-01-16T12:24:47.354+0000][gc,heap     ] GC(1445) Humongous regions: 38->38
[2026-01-16T12:24:47.355+0000][gc,metaspace] GC(1445) Metaspace: 13322K(13824K)->13322K(13824K) NonClass: 12205K(12416K)->12205K(12416K) Class: 1117K(1408K)->1117K(1408K)
[2026-01-16T12:24:47.355+0000][gc          ] GC(1445) Pause Young (Normal) (G1 Evacuation Pause) 208M->159M(1024M) 226.681ms
[2026-01-16T12:24:47.356+0000][gc,cpu      ] GC(1445) User=0.16s Sys=0.02s Real=0.23s
[2026-01-16T12:24:51.462+0000][gc,start    ] GC(1446) Pause Young (Normal) (G1 Evacuation Pause)
[2026-01-16T12:24:51.464+0000][gc,task     ] GC(1446) Using 8 workers of 8 for evacuation
[2026-01-16T12:24:51.981+0000][gc,mmu      ] GC(1446) MMU target violated: 201.0ms (200.0ms/201.0ms)
[2026-01-16T12:24:51.981+0000][gc,phases   ] GC(1446)   Pre Evacuate Collection Set: 95.7ms
[2026-01-16T12:24:51.981+0000][gc,phases   ] GC(1446)   Merge Heap Roots: 67.5ms
[2026-01-16T12:24:51.981+0000][gc,phases   ] GC(1446)   Evacuate Collection Set: 339.7ms
[2026-01-16T12:24:51.981+0000][gc,phases   ] GC(1446)   Post Evacuate Collection Set: 11.7ms
[2026-01-16T12:24:51.981+0000][gc,phases   ] GC(1446)   Other: 2.9ms
[2026-01-16T12:24:51.982+0000][gc,heap     ] GC(1446) Eden regions: 49->0(49)
[2026-01-16T12:24:51.991+0000][gc,heap     ] GC(1446) Survivor regions: 2->2(7)
[2026-01-16T12:24:51.991+0000][gc,heap     ] GC(1446) Old regions: 120->120
[2026-01-16T12:24:51.992+0000][gc,heap     ] GC(1446) Humongous regions: 38->38
[2026-01-16T12:24:51.992+0000][gc,metaspace] GC(1446) Metaspace: 13322K(13824K)->13322K(13824K) NonClass: 12205K(12416K)->12205K(12416K) Class: 1117K(1408K)->1117K(1408K)
[2026-01-16T12:24:51.993+0000][gc          ] GC(1446) Pause Young (Normal) (G1 Evacuation Pause) 208M->159M(1024M) 530.231ms
[2026-01-16T12:24:51.993+0000][gc,cpu      ] GC(1446) User=0.21s Sys=0.06s Real=0.53s
[2026-01-16T12:24:54.879+0000][gc,start    ] GC(1447) Pause Young (Normal) (G1 Evacuation Pause)
[2026-01-16T12:24:54.898+0000][gc,task     ] GC(1447) Using 8 workers of 8 for evacuation
[2026-01-16T12:24:55.335+0000][gc,mmu      ] GC(1447) MMU target violated: 201.0ms (200.0ms/201.0ms)
[2026-01-16T12:24:55.376+0000][gc,phases   ] GC(1447)   Pre Evacuate Collection Set: 36.6ms
[2026-01-16T12:24:55.388+0000][gc,phases   ] GC(1447)   Merge Heap Roots: 6.7ms
[2026-01-16T12:24:55.389+0000][gc,phases   ] GC(1447)   Evacuate Collection Set: 324.3ms
[2026-01-16T12:24:55.423+0000][gc,phases   ] GC(1447)   Post Evacuate Collection Set: 51.7ms
[2026-01-16T12:24:55.431+0000][gc,phases   ] GC(1447)   Other: 64.6ms
[2026-01-16T12:24:55.434+0000][gc,heap     ] GC(1447) Eden regions: 49->0(49)
[2026-01-16T12:24:55.436+0000][gc,heap     ] GC(1447) Survivor regions: 2->2(7)
[2026-01-16T12:24:55.436+0000][gc,heap     ] GC(1447) Old regions: 120->120
[2026-01-16T12:24:55.438+0000][gc,heap     ] GC(1447) Humongous regions: 38->38
[2026-01-16T12:24:55.439+0000][gc,metaspace] GC(1447) Metaspace: 13323K(13824K)->13323K(13824K) NonClass: 12205K(12416K)->12205K(12416K) Class: 1117K(1408K)->1117K(1408K)
[2026-01-16T12:24:55.441+0000][gc          ] GC(1447) Pause Young (Normal) (G1 Evacuation Pause) 208M->159M(1024M) 561.863ms
[2026-01-16T12:24:55.446+0000][gc,cpu      ] GC(1447) User=0.29s Sys=0.02s Real=0.57s
[2026-01-16T12:24:57.956+0000][gc,start    ] GC(1448) Pause Young (Normal) (G1 Evacuation Pause)
[2026-01-16T12:24:57.958+0000][gc,task     ] GC(1448) Using 8 workers of 8 for evacuation
[2026-01-16T12:24:58.103+0000][gc,phases   ] GC(1448)   Pre Evacuate Collection Set: 10.3ms
[2026-01-16T12:24:58.105+0000][gc,phases   ] GC(1448)   Merge Heap Roots: 4.1ms
[2026-01-16T12:24:58.108+0000][gc,phases   ] GC(1448)   Evacuate Collection Set: 117.1ms
[2026-01-16T12:24:58.109+0000][gc,phases   ] GC(1448)   Post Evacuate Collection Set: 12.4ms
[2026-01-16T12:24:58.109+0000][gc,phases   ] GC(1448)   Other: 1.4ms
[2026-01-16T12:24:58.111+0000][gc,heap     ] GC(1448) Eden regions: 49->0(49)
[2026-01-16T12:24:58.111+0000][gc,heap     ] GC(1448) Survivor regions: 2->2(7)
[2026-01-16T12:24:58.112+0000][gc,heap     ] GC(1448) Old regions: 120->120
[2026-01-16T12:24:58.112+0000][gc,heap     ] GC(1448) Humongous regions: 38->38
[2026-01-16T12:24:58.113+0000][gc,metaspace] GC(1448) Metaspace: 13323K(13824K)->13323K(13824K) NonClass: 12205K(12416K)->12205K(12416K) Class: 1117K(1408K)->1117K(1408K)
[2026-01-16T12:24:58.115+0000][gc          ] GC(1448) Pause Young (Normal) (G1 Evacuation Pause) 208M->159M(1024M) 159.015ms
[2026-01-16T12:24:58.115+0000][gc,cpu      ] GC(1448) User=0.09s Sys=0.01s Real=0.16s
[2026-01-16T12:24:58.737+0000][gc,start    ] GC(1449) Pause Young (Normal) (G1 Evacuation Pause)
[2026-01-16T12:24:58.738+0000][gc,task     ] GC(1449) Using 8 workers of 8 for evacuation
[2026-01-16T12:24:58.792+0000][gc,phases   ] GC(1449)   Pre Evacuate Collection Set: 1.7ms
[2026-01-16T12:24:58.794+0000][gc,phases   ] GC(1449)   Merge Heap Roots: 0.8ms
[2026-01-16T12:24:58.796+0000][gc,phases   ] GC(1449)   Evacuate Collection Set: 41.1ms
[2026-01-16T12:24:58.798+0000][gc,phases   ] GC(1449)   Post Evacuate Collection Set: 7.0ms
[2026-01-16T12:24:58.799+0000][gc,phases   ] GC(1449)   Other: 2.8ms
[2026-01-16T12:24:58.800+0000][gc,heap     ] GC(1449) Eden regions: 49->0(50)
[2026-01-16T12:24:58.800+0000][gc,heap     ] GC(1449) Survivor regions: 2->1(7)
[2026-01-16T12:24:58.800+0000][gc,heap     ] GC(1449) Old regions: 120->120
[2026-01-16T12:24:58.801+0000][gc,heap     ] GC(1449) Humongous regions: 38->38
[2026-01-16T12:24:58.801+0000][gc,metaspace] GC(1449) Metaspace: 13323K(13824K)->13323K(13824K) NonClass: 12205K(12416K)->12205K(12416K) Class: 1117K(1408K)->1117K(1408K)
[2026-01-16T12:24:58.802+0000][gc          ] GC(1449) Pause Young (Normal) (G1 Evacuation Pause) 208M->158M(1024M) 64.695ms
[2026-01-16T12:24:58.803+0000][gc,cpu      ] GC(1449) User=0.03s Sys=0.01s Real=0.07s
[2026-01-16T12:25:01.040+0000][gc,start    ] GC(1450) Pause Young (Normal) (G1 Evacuation Pause)
[2026-01-16T12:25:01.043+0000][gc,task     ] GC(1450) Using 8 workers of 8 for evacuation
[2026-01-16T12:25:01.212+0000][gc,phases   ] GC(1450)   Pre Evacuate Collection Set: 26.0ms
[2026-01-16T12:25:01.213+0000][gc,phases   ] GC(1450)   Merge Heap Roots: 2.8ms
[2026-01-16T12:25:01.214+0000][gc,phases   ] GC(1450)   Evacuate Collection Set: 130.2ms
[2026-01-16T12:25:01.214+0000][gc,phases   ] GC(1450)   Post Evacuate Collection Set: 8.8ms
[2026-01-16T12:25:01.214+0000][gc,phases   ] GC(1450)   Other: 1.2ms
[2026-01-16T12:25:01.215+0000][gc,heap     ] GC(1450) Eden regions: 50->0(49)
[2026-01-16T12:25:01.215+0000][gc,heap     ] GC(1450) Survivor regions: 1->2(7)
[2026-01-16T12:25:01.215+0000][gc,heap     ] GC(1450) Old regions: 120->120
[2026-01-16T12:25:01.216+0000][gc,heap     ] GC(1450) Humongous regions: 38->38
[2026-01-16T12:25:01.216+0000][gc,metaspace] GC(1450) Metaspace: 13323K(13824K)->13323K(13824K) NonClass: 12205K(12416K)->12205K(12416K) Class: 1117K(1408K)->1117K(1408K)
[2026-01-16T12:25:01.216+0000][gc          ] GC(1450) Pause Young (Normal) (G1 Evacuation Pause) 208M->159M(1024M) 175.556ms
[2026-01-16T12:25:01.217+0000][gc,cpu      ] GC(1450) User=0.09s Sys=0.01s Real=0.17s
[2026-01-16T12:25:06.204+0000][gc,start    ] GC(1451) Pause Young (Normal) (G1 Evacuation Pause)
[2026-01-16T12:25:06.207+0000][gc,task     ] GC(1451) Using 8 workers of 8 for evacuation
[2026-01-16T12:25:06.496+0000][gc,mmu      ] GC(1451) MMU target violated: 201.0ms (200.0ms/201.0ms)
[2026-01-16T12:25:06.500+0000][gc,phases   ] GC(1451)   Pre Evacuate Collection Set: 64.8ms
[2026-01-16T12:25:06.501+0000][gc,phases   ] GC(1451)   Merge Heap Roots: 6.0ms
[2026-01-16T12:25:06.504+0000][gc,phases   ] GC(1451)   Evacuate Collection Set: 206.8ms
[2026-01-16T12:25:06.505+0000][gc,phases   ] GC(1451)   Post Evacuate Collection Set: 10.7ms
[2026-01-16T12:25:06.508+0000][gc,phases   ] GC(1451)   Other: 5.6ms
[2026-01-16T12:25:06.509+0000][gc,heap     ] GC(1451) Eden regions: 49->0(50)
[2026-01-16T12:25:06.512+0000][gc,heap     ] GC(1451) Survivor regions: 2->1(7)
[2026-01-16T12:25:06.514+0000][gc,heap     ] GC(1451) Old regions: 120->120
[2026-01-16T12:25:06.515+0000][gc,heap     ] GC(1451) Humongous regions: 38->38
[2026-01-16T12:25:06.516+0000][gc,metaspace] GC(1451) Metaspace: 13323K(13824K)->13323K(13824K) NonClass: 12205K(12416K)->12205K(12416K) Class: 1117K(1408K)->1117K(1408K)
[2026-01-16T12:25:06.518+0000][gc          ] GC(1451) Pause Young (Normal) (G1 Evacuation Pause) 208M->158M(1024M) 314.722ms
[2026-01-16T12:25:06.519+0000][gc,cpu      ] GC(1451) User=0.14s Sys=0.01s Real=0.31s
[2026-01-16T12:25:09.962+0000][gc,start    ] GC(1452) Pause Young (Normal) (G1 Evacuation Pause)
[2026-01-16T12:25:09.966+0000][gc,task     ] GC(1452) Using 8 workers of 8 for evacuation
[2026-01-16T12:25:10.302+0000][gc,mmu      ] GC(1452) MMU target violated: 201.0ms (200.0ms/201.0ms)
[2026-01-16T12:25:10.304+0000][gc,phases   ] GC(1452)   Pre Evacuate Collection Set: 25.2ms
[2026-01-16T12:25:10.305+0000][gc,phases   ] GC(1452)   Merge Heap Roots: 30.7ms
[2026-01-16T12:25:10.305+0000][gc,phases   ] GC(1452)   Evacuate Collection Set: 257.4ms
[2026-01-16T12:25:10.305+0000][gc,phases   ] GC(1452)   Post Evacuate Collection Set: 10.5ms
[2026-01-16T12:25:10.306+0000][gc,phases   ] GC(1452)   Other: 14.7ms
[2026-01-16T12:25:10.306+0000][gc,heap     ] GC(1452) Eden regions: 50->0(49)
[2026-01-16T12:25:10.306+0000][gc,heap     ] GC(1452) Survivor regions: 1->2(7)
[2026-01-16T12:25:10.307+0000][gc,heap     ] GC(1452) Old regions: 120->120
[2026-01-16T12:25:10.307+0000][gc,heap     ] GC(1452) Humongous regions: 38->38
[2026-01-16T12:25:10.307+0000][gc,metaspace] GC(1452) Metaspace: 13323K(13824K)->13323K(13824K) NonClass: 12205K(12416K)->12205K(12416K) Class: 1117K(1408K)->1117K(1408K)
[2026-01-16T12:25:10.308+0000][gc          ] GC(1452) Pause Young (Normal) (G1 Evacuation Pause) 208M->159M(1024M) 345.737ms
[2026-01-16T12:25:10.308+0000][gc,cpu      ] GC(1452) User=0.17s Sys=0.02s Real=0.34s
[2026-01-16T12:25:14.838+0000][gc,start    ] GC(1453) Pause Young (Normal) (G1 Evacuation Pause)
[2026-01-16T12:25:14.840+0000][gc,task     ] GC(1453) Using 8 workers of 8 for evacuation
[2026-01-16T12:25:15.144+0000][gc,mmu      ] GC(1453) MMU target violated: 201.0ms (200.0ms/201.0ms)
[2026-01-16T12:25:15.154+0000][gc,phases   ] GC(1453)   Pre Evacuate Collection Set: 22.7ms
[2026-01-16T12:25:15.172+0000][gc,phases   ] GC(1453)   Merge Heap Roots: 2.0ms
[2026-01-16T12:25:15.176+0000][gc,phases   ] GC(1453)   Evacuate Collection Set: 192.9ms
[2026-01-16T12:25:15.203+0000][gc,phases   ] GC(1453)   Post Evacuate Collection Set: 81.2ms
[2026-01-16T12:25:15.203+0000][gc,phases   ] GC(1453)   Other: 15.4ms
[2026-01-16T12:25:15.204+0000][gc,heap     ] GC(1453) Eden regions: 49->0(50)
[2026-01-16T12:25:15.204+0000][gc,heap     ] GC(1453) Survivor regions: 2->1(7)
[2026-01-16T12:25:15.204+0000][gc,heap     ] GC(1453) Old regions: 120->120
[2026-01-16T12:25:15.227+0000][gc,heap     ] GC(1453) Humongous regions: 38->38
[2026-01-16T12:25:15.227+0000][gc,metaspace] GC(1453) Metaspace: 13323K(13824K)->13323K(13824K) NonClass: 12205K(12416K)->12205K(12416K) Class: 1117K(1408K)->1117K(1408K)
[2026-01-16T12:25:15.252+0000][gc          ] GC(1453) Pause Young (Normal) (G1 Evacuation Pause) 208M->158M(1024M) 413.519ms
[2026-01-16T12:25:15.253+0000][gc,cpu      ] GC(1453) User=0.14s Sys=0.02s Real=0.42s
[2026-01-16T12:25:18.951+0000][gc,start    ] GC(1454) Pause Young (Normal) (G1 Evacuation Pause)
[2026-01-16T12:25:18.960+0000][gc,task     ] GC(1454) Using 8 workers of 8 for evacuation
[2026-01-16T12:25:19.451+0000][gc,mmu      ] GC(1454) MMU target violated: 201.0ms (200.0ms/201.0ms)
[2026-01-16T12:25:19.452+0000][gc,phases   ] GC(1454)   Pre Evacuate Collection Set: 79.3ms
[2026-01-16T12:25:19.459+0000][gc,phases   ] GC(1454)   Merge Heap Roots: 0.6ms
[2026-01-16T12:25:19.459+0000][gc,phases   ] GC(1454)   Evacuate Collection Set: 359.3ms
[2026-01-16T12:25:19.460+0000][gc,phases   ] GC(1454)   Post Evacuate Collection Set: 36.5ms
[2026-01-16T12:25:19.460+0000][gc,phases   ] GC(1454)   Other: 17.1ms
[2026-01-16T12:25:19.460+0000][gc,heap     ] GC(1454) Eden regions: 50->0(49)
[2026-01-16T12:25:19.461+0000][gc,heap     ] GC(1454) Survivor regions: 1->2(7)
[2026-01-16T12:25:19.461+0000][gc,heap     ] GC(1454) Old regions: 120->120
[2026-01-16T12:25:19.462+0000][gc,heap     ] GC(1454) Humongous regions: 38->38
[2026-01-16T12:25:19.463+0000][gc,metaspace] GC(1454) Metaspace: 13323K(13824K)->13323K(13824K) NonClass: 12205K(12416K)->12205K(12416K) Class: 1117K(1408K)->1117K(1408K)
[2026-01-16T12:25:19.466+0000][gc          ] GC(1454) Pause Young (Normal) (G1 Evacuation Pause) 208M->159M(1024M) 514.485ms
[2026-01-16T12:25:19.474+0000][gc,cpu      ] GC(1454) User=0.19s Sys=0.01s Real=0.52s
[2026-01-16T12:25:21.380+0000][gc,start    ] GC(1455) Pause Young (Normal) (G1 Evacuation Pause)
[2026-01-16T12:25:21.389+0000][gc,task     ] GC(1455) Using 8 workers of 8 for evacuation
[2026-01-16T12:25:21.954+0000][gc,mmu      ] GC(1455) MMU target violated: 201.0ms (200.0ms/201.0ms)
[2026-01-16T12:25:21.957+0000][gc,phases   ] GC(1455)   Pre Evacuate Collection Set: 40.6ms
[2026-01-16T12:25:21.963+0000][gc,phases   ] GC(1455)   Merge Heap Roots: 3.9ms
[2026-01-16T12:25:21.965+0000][gc,phases   ] GC(1455)   Evacuate Collection Set: 467.8ms
[2026-01-16T12:25:21.966+0000][gc,phases   ] GC(1455)   Post Evacuate Collection Set: 49.2ms
[2026-01-16T12:25:21.968+0000][gc,phases   ] GC(1455)   Other: 6.1ms
[2026-01-16T12:25:21.970+0000][gc,heap     ] GC(1455) Eden regions: 49->0(48)
[2026-01-16T12:25:21.975+0000][gc,heap     ] GC(1455) Survivor regions: 2->3(7)
[2026-01-16T12:25:21.976+0000][gc,heap     ] GC(1455) Old regions: 120->121
[2026-01-16T12:25:21.978+0000][gc,heap     ] GC(1455) Humongous regions: 38->38
[2026-01-16T12:25:21.979+0000][gc,metaspace] GC(1455) Metaspace: 13323K(13824K)->13323K(13824K) NonClass: 12205K(12416K)->12205K(12416K) Class: 1117K(1408K)->1117K(1408K)
[2026-01-16T12:25:21.981+0000][gc          ] GC(1455) Pause Young (Normal) (G1 Evacuation Pause) 208M->159M(1024M) 601.877ms
[2026-01-16T12:25:21.982+0000][gc,cpu      ] GC(1455) User=0.15s Sys=0.02s Real=0.60s
[2026-01-16T12:25:26.579+0000][gc,start    ] GC(1456) Pause Young (Normal) (G1 Evacuation Pause)
[2026-01-16T12:25:26.580+0000][gc,task     ] GC(1456) Using 8 workers of 8 for evacuation
[2026-01-16T12:25:26.714+0000][gc,phases   ] GC(1456)   Pre Evacuate Collection Set: 19.8ms
[2026-01-16T12:25:26.714+0000][gc,phases   ] GC(1456)   Merge Heap Roots: 1.7ms
[2026-01-16T12:25:26.715+0000][gc,phases   ] GC(1456)   Evacuate Collection Set: 88.1ms
[2026-01-16T12:25:26.716+0000][gc,phases   ] GC(1456)   Post Evacuate Collection Set: 23.3ms
[2026-01-16T12:25:26.716+0000][gc,phases   ] GC(1456)   Other: 0.7ms
[2026-01-16T12:25:26.718+0000][gc,heap     ] GC(1456) Eden regions: 48->0(49)
[2026-01-16T12:25:26.718+0000][gc,heap     ] GC(1456) Survivor regions: 3->2(7)
[2026-01-16T12:25:26.720+0000][gc,heap     ] GC(1456) Old regions: 121->121
[2026-01-16T12:25:26.720+0000][gc,heap     ] GC(1456) Humongous regions: 38->38
[2026-01-16T12:25:26.721+0000][gc,metaspace] GC(1456) Metaspace: 13323K(13824K)->13323K(13824K) NonClass: 12205K(12416K)->12205K(12416K) Class: 1117K(1408K)->1117K(1408K)
[2026-01-16T12:25:26.722+0000][gc          ] GC(1456) Pause Young (Normal) (G1 Evacuation Pause) 207M->159M(1024M) 142.878ms
[2026-01-16T12:25:26.723+0000][gc,cpu      ] GC(1456) User=0.12s Sys=0.01s Real=0.14s
[2026-01-16T12:25:28.185+0000][gc,start    ] GC(1457) Pause Young (Normal) (G1 Evacuation Pause)
[2026-01-16T12:25:28.191+0000][gc,task     ] GC(1457) Using 8 workers of 8 for evacuation
[2026-01-16T12:25:28.368+0000][gc,phases   ] GC(1457)   Pre Evacuate Collection Set: 9.5ms
[2026-01-16T12:25:28.368+0000][gc,phases   ] GC(1457)   Merge Heap Roots: 3.4ms
[2026-01-16T12:25:28.369+0000][gc,phases   ] GC(1457)   Evacuate Collection Set: 153.9ms
[2026-01-16T12:25:28.369+0000][gc,phases   ] GC(1457)   Post Evacuate Collection Set: 8.2ms
[2026-01-16T12:25:28.369+0000][gc,phases   ] GC(1457)   Other: 4.5ms
[2026-01-16T12:25:28.370+0000][gc,heap     ] GC(1457) Eden regions: 49->0(49)
[2026-01-16T12:25:28.370+0000][gc,heap     ] GC(1457) Survivor regions: 2->2(7)
[2026-01-16T12:25:28.371+0000][gc,heap     ] GC(1457) Old regions: 121->121
[2026-01-16T12:25:28.371+0000][gc,heap     ] GC(1457) Humongous regions: 38->38
[2026-01-16T12:25:28.375+0000][gc,metaspace] GC(1457) Metaspace: 13323K(13824K)->13323K(13824K) NonClass: 12205K(12416K)->12205K(12416K) Class: 1117K(1408K)->1117K(1408K)
[2026-01-16T12:25:28.377+0000][gc          ] GC(1457) Pause Young (Normal) (G1 Evacuation Pause) 208M->159M(1024M) 192.219ms
[2026-01-16T12:25:28.378+0000][gc,cpu      ] GC(1457) User=0.12s Sys=0.00s Real=0.20s
[2026-01-16T12:25:35.986+0000][gc,start    ] GC(1458) Pause Young (Normal) (G1 Evacuation Pause)
[2026-01-16T12:25:35.988+0000][gc,task     ] GC(1458) Using 8 workers of 8 for evacuation
[2026-01-16T12:25:36.285+0000][gc,mmu      ] GC(1458) MMU target violated: 201.0ms (200.0ms/201.0ms)
[2026-01-16T12:25:36.285+0000][gc,phases   ] GC(1458)   Pre Evacuate Collection Set: 67.6ms
[2026-01-16T12:25:36.286+0000][gc,phases   ] GC(1458)   Merge Heap Roots: 10.1ms
[2026-01-16T12:25:36.286+0000][gc,phases   ] GC(1458)   Evacuate Collection Set: 189.9ms
[2026-01-16T12:25:36.286+0000][gc,phases   ] GC(1458)   Post Evacuate Collection Set: 18.3ms
[2026-01-16T12:25:36.286+0000][gc,phases   ] GC(1458)   Other: 12.5ms
[2026-01-16T12:25:36.287+0000][gc,heap     ] GC(1458) Eden regions: 49->0(49)
[2026-01-16T12:25:36.287+0000][gc,heap     ] GC(1458) Survivor regions: 2->2(7)
[2026-01-16T12:25:36.287+0000][gc,heap     ] GC(1458) Old regions: 121->121
[2026-01-16T12:25:36.287+0000][gc,heap     ] GC(1458) Humongous regions: 38->38
[2026-01-16T12:25:36.288+0000][gc,metaspace] GC(1458) Metaspace: 13323K(13824K)->13323K(13824K) NonClass: 12205K(12416K)->12205K(12416K) Class: 1117K(1408K)->1117K(1408K)
[2026-01-16T12:25:36.288+0000][gc          ] GC(1458) Pause Young (Normal) (G1 Evacuation Pause) 208M->159M(1024M) 302.309ms
[2026-01-16T12:25:36.289+0000][gc,cpu      ] GC(1458) User=0.14s Sys=0.02s Real=0.31s
[2026-01-16T12:25:38.438+0000][gc,start    ] GC(1459) Pause Young (Normal) (G1 Evacuation Pause)
[2026-01-16T12:25:38.439+0000][gc,task     ] GC(1459) Using 8 workers of 8 for evacuation
[2026-01-16T12:25:38.720+0000][gc,mmu      ] GC(1459) MMU target violated: 201.0ms (200.0ms/201.0ms)
[2026-01-16T12:25:38.721+0000][gc,phases   ] GC(1459)   Pre Evacuate Collection Set: 31.9ms
[2026-01-16T12:25:38.723+0000][gc,phases   ] GC(1459)   Merge Heap Roots: 0.4ms
[2026-01-16T12:25:38.723+0000][gc,phases   ] GC(1459)   Evacuate Collection Set: 238.0ms
[2026-01-16T12:25:38.723+0000][gc,phases   ] GC(1459)   Post Evacuate Collection Set: 6.5ms
[2026-01-16T12:25:38.724+0000][gc,phases   ] GC(1459)   Other: 5.2ms
[2026-01-16T12:25:38.724+0000][gc,heap     ] GC(1459) Eden regions: 49->0(49)
[2026-01-16T12:25:38.725+0000][gc,heap     ] GC(1459) Survivor regions: 2->2(7)
[2026-01-16T12:25:38.726+0000][gc,heap     ] GC(1459) Old regions: 121->121
[2026-01-16T12:25:38.726+0000][gc,heap     ] GC(1459) Humongous regions: 38->38
[2026-01-16T12:25:38.727+0000][gc,metaspace] GC(1459) Metaspace: 13323K(13824K)->13323K(13824K) NonClass: 12205K(12416K)->12205K(12416K) Class: 1117K(1408K)->1117K(1408K)
[2026-01-16T12:25:38.732+0000][gc          ] GC(1459) Pause Young (Normal) (G1 Evacuation Pause) 208M->159M(1024M) 294.191ms
[2026-01-16T12:25:38.732+0000][gc,cpu      ] GC(1459) User=0.14s Sys=0.01s Real=0.30s
[2026-01-16T12:25:44.560+0000][gc,start    ] GC(1460) Pause Young (Normal) (G1 Evacuation Pause)
[2026-01-16T12:25:44.566+0000][gc,task     ] GC(1460) Using 8 workers of 8 for evacuation
[2026-01-16T12:25:44.877+0000][gc,mmu      ] GC(1460) MMU target violated: 201.0ms (200.0ms/201.0ms)
[2026-01-16T12:25:44.877+0000][gc,phases   ] GC(1460)   Pre Evacuate Collection Set: 109.8ms
[2026-01-16T12:25:44.877+0000][gc,phases   ] GC(1460)   Merge Heap Roots: 25.4ms
[2026-01-16T12:25:44.878+0000][gc,phases   ] GC(1460)   Evacuate Collection Set: 149.9ms
[2026-01-16T12:25:44.878+0000][gc,phases   ] GC(1460)   Post Evacuate Collection Set: 15.4ms
[2026-01-16T12:25:44.879+0000][gc,phases   ] GC(1460)   Other: 10.8ms
[2026-01-16T12:25:44.881+0000][gc,heap     ] GC(1460) Eden regions: 49->0(49)
[2026-01-16T12:25:44.881+0000][gc,heap     ] GC(1460) Survivor regions: 2->2(7)
[2026-01-16T12:25:44.882+0000][gc,heap     ] GC(1460) Old regions: 121->121
[2026-01-16T12:25:44.882+0000][gc,heap     ] GC(1460) Humongous regions: 38->38
[2026-01-16T12:25:44.882+0000][gc,metaspace] GC(1460) Metaspace: 13323K(13824K)->13323K(13824K) NonClass: 12205K(12416K)->12205K(12416K) Class: 1117K(1408K)->1117K(1408K)
[2026-01-16T12:25:44.883+0000][gc          ] GC(1460) Pause Young (Normal) (G1 Evacuation Pause) 208M->159M(1024M) 323.367ms
[2026-01-16T12:25:44.886+0000][gc,cpu      ] GC(1460) User=0.20s Sys=0.02s Real=0.32s
[2026-01-16T12:25:47.433+0000][gc,start    ] GC(1461) Pause Young (Normal) (G1 Evacuation Pause)
[2026-01-16T12:25:47.434+0000][gc,task     ] GC(1461) Using 8 workers of 8 for evacuation
[2026-01-16T12:25:47.568+0000][gc,phases   ] GC(1461)   Pre Evacuate Collection Set: 16.3ms
[2026-01-16T12:25:47.569+0000][gc,phases   ] GC(1461)   Merge Heap Roots: 0.7ms
[2026-01-16T12:25:47.572+0000][gc,phases   ] GC(1461)   Evacuate Collection Set: 91.4ms
[2026-01-16T12:25:47.572+0000][gc,phases   ] GC(1461)   Post Evacuate Collection Set: 18.0ms
[2026-01-16T12:25:47.573+0000][gc,phases   ] GC(1461)   Other: 7.7ms
[2026-01-16T12:25:47.573+0000][gc,heap     ] GC(1461) Eden regions: 49->0(49)
[2026-01-16T12:25:47.574+0000][gc,heap     ] GC(1461) Survivor regions: 2->2(7)
[2026-01-16T12:25:47.574+0000][gc,heap     ] GC(1461) Old regions: 121->121
[2026-01-16T12:25:47.574+0000][gc,heap     ] GC(1461) Humongous regions: 38->38
[2026-01-16T12:25:47.574+0000][gc,metaspace] GC(1461) Metaspace: 13323K(13824K)->13323K(13824K) NonClass: 12205K(12416K)->12205K(12416K) Class: 1117K(1408K)->1117K(1408K)
[2026-01-16T12:25:47.575+0000][gc          ] GC(1461) Pause Young (Normal) (G1 Evacuation Pause) 208M->159M(1024M) 141.590ms
[2026-01-16T12:25:47.575+0000][gc,cpu      ] GC(1461) User=0.12s Sys=0.01s Real=0.14s
[2026-01-16T12:25:48.401+0000][gc,start    ] GC(1462) Pause Young (Normal) (G1 Evacuation Pause)
[2026-01-16T12:25:48.402+0000][gc,task     ] GC(1462) Using 8 workers of 8 for evacuation
[2026-01-16T12:25:48.487+0000][gc,phases   ] GC(1462)   Pre Evacuate Collection Set: 3.2ms
[2026-01-16T12:25:48.487+0000][gc,phases   ] GC(1462)   Merge Heap Roots: 0.4ms
[2026-01-16T12:25:48.487+0000][gc,phases   ] GC(1462)   Evacuate Collection Set: 74.7ms
[2026-01-16T12:25:48.487+0000][gc,phases   ] GC(1462)   Post Evacuate Collection Set: 5.8ms
[2026-01-16T12:25:48.487+0000][gc,phases   ] GC(1462)   Other: 0.6ms
[2026-01-16T12:25:48.489+0000][gc,heap     ] GC(1462) Eden regions: 49->0(48)
[2026-01-16T12:25:48.489+0000][gc,heap     ] GC(1462) Survivor regions: 2->3(7)
[2026-01-16T12:25:48.489+0000][gc,heap     ] GC(1462) Old regions: 121->121
[2026-01-16T12:25:48.489+0000][gc,heap     ] GC(1462) Humongous regions: 38->38
[2026-01-16T12:25:48.490+0000][gc,metaspace] GC(1462) Metaspace: 13323K(13824K)->13323K(13824K) NonClass: 12205K(12416K)->12205K(12416K) Class: 1117K(1408K)->1117K(1408K)
[2026-01-16T12:25:48.490+0000][gc          ] GC(1462) Pause Young (Normal) (G1 Evacuation Pause) 208M->160M(1024M) 89.023ms
[2026-01-16T12:25:48.490+0000][gc,cpu      ] GC(1462) User=0.06s Sys=0.01s Real=0.09s
[2026-01-16T12:25:56.517+0000][gc,start    ] GC(1463) Pause Young (Normal) (G1 Evacuation Pause)
[2026-01-16T12:25:56.525+0000][gc,task     ] GC(1463) Using 8 workers of 8 for evacuation
[2026-01-16T12:25:56.821+0000][gc,mmu      ] GC(1463) MMU target violated: 201.0ms (200.0ms/201.0ms)
[2026-01-16T12:25:56.822+0000][gc,phases   ] GC(1463)   Pre Evacuate Collection Set: 22.6ms
[2026-01-16T12:25:56.824+0000][gc,phases   ] GC(1463)   Merge Heap Roots: 14.4ms
[2026-01-16T12:25:56.825+0000][gc,phases   ] GC(1463)   Evacuate Collection Set: 219.9ms
[2026-01-16T12:25:56.826+0000][gc,phases   ] GC(1463)   Post Evacuate Collection Set: 32.7ms
[2026-01-16T12:25:56.828+0000][gc,phases   ] GC(1463)   Other: 8.0ms
[2026-01-16T12:25:56.829+0000][gc,heap     ] GC(1463) Eden regions: 48->0(49)
[2026-01-16T12:25:56.829+0000][gc,heap     ] GC(1463) Survivor regions: 3->2(7)
[2026-01-16T12:25:56.835+0000][gc,heap     ] GC(1463) Old regions: 121->121
[2026-01-16T12:25:56.838+0000][gc,heap     ] GC(1463) Humongous regions: 38->38
[2026-01-16T12:25:56.840+0000][gc,metaspace] GC(1463) Metaspace: 13323K(13824K)->13323K(13824K) NonClass: 12205K(12416K)->12205K(12416K) Class: 1117K(1408K)->1117K(1408K)
[2026-01-16T12:25:56.842+0000][gc          ] GC(1463) Pause Young (Normal) (G1 Evacuation Pause) 208M->159M(1024M) 325.667ms
[2026-01-16T12:25:56.845+0000][gc,cpu      ] GC(1463) User=0.18s Sys=0.02s Real=0.33s
[2026-01-16T12:25:58.337+0000][gc,start    ] GC(1464) Pause Young (Normal) (G1 Evacuation Pause)
[2026-01-16T12:25:58.345+0000][gc,task     ] GC(1464) Using 8 workers of 8 for evacuation
[2026-01-16T12:25:58.543+0000][gc,phases   ] GC(1464)   Pre Evacuate Collection Set: 28.2ms
[2026-01-16T12:25:58.543+0000][gc,phases   ] GC(1464)   Merge Heap Roots: 5.3ms
[2026-01-16T12:25:58.543+0000][gc,phases   ] GC(1464)   Evacuate Collection Set: 155.2ms
[2026-01-16T12:25:58.543+0000][gc,phases   ] GC(1464)   Post Evacuate Collection Set: 4.7ms
[2026-01-16T12:25:58.544+0000][gc,phases   ] GC(1464)   Other: 4.6ms
[2026-01-16T12:25:58.545+0000][gc,heap     ] GC(1464) Eden regions: 49->0(48)
[2026-01-16T12:25:58.545+0000][gc,heap     ] GC(1464) Survivor regions: 2->3(7)
[2026-01-16T12:25:58.545+0000][gc,heap     ] GC(1464) Old regions: 121->121
[2026-01-16T12:25:58.545+0000][gc,heap     ] GC(1464) Humongous regions: 38->38
[2026-01-16T12:25:58.546+0000][gc,metaspace] GC(1464) Metaspace: 13323K(13824K)->13323K(13824K) NonClass: 12205K(12416K)->12205K(12416K) Class: 1117K(1408K)->1117K(1408K)
[2026-01-16T12:25:58.547+0000][gc          ] GC(1464) Pause Young (Normal) (G1 Evacuation Pause) 208M->160M(1024M) 209.413ms
[2026-01-16T12:25:58.547+0000][gc,cpu      ] GC(1464) User=0.12s Sys=0.01s Real=0.21s
[2026-01-16T12:26:05.056+0000][gc,start    ] GC(1465) Pause Young (Normal) (G1 Evacuation Pause)
[2026-01-16T12:26:05.063+0000][gc,task     ] GC(1465) Using 8 workers of 8 for evacuation
[2026-01-16T12:26:05.892+0000][gc,mmu      ] GC(1465) MMU target violated: 201.0ms (200.0ms/201.0ms)
[2026-01-16T12:26:05.894+0000][gc,phases   ] GC(1465)   Pre Evacuate Collection Set: 129.7ms
[2026-01-16T12:26:05.894+0000][gc,phases   ] GC(1465)   Merge Heap Roots: 18.2ms
[2026-01-16T12:26:05.899+0000][gc,phases   ] GC(1465)   Evacuate Collection Set: 599.6ms
[2026-01-16T12:26:05.902+0000][gc,phases   ] GC(1465)   Post Evacuate Collection Set: 78.7ms
[2026-01-16T12:26:05.904+0000][gc,phases   ] GC(1465)   Other: 4.6ms
[2026-01-16T12:26:05.904+0000][gc,heap     ] GC(1465) Eden regions: 48->0(48)
[2026-01-16T12:26:05.905+0000][gc,heap     ] GC(1465) Survivor regions: 3->3(7)
[2026-01-16T12:26:05.915+0000][gc,heap     ] GC(1465) Old regions: 121->121
[2026-01-16T12:26:05.916+0000][gc,heap     ] GC(1465) Humongous regions: 38->38
[2026-01-16T12:26:05.918+0000][gc,metaspace] GC(1465) Metaspace: 13323K(13824K)->13323K(13824K) NonClass: 12205K(12416K)->12205K(12416K) Class: 1117K(1408K)->1117K(1408K)
[2026-01-16T12:26:05.919+0000][gc          ] GC(1465) Pause Young (Normal) (G1 Evacuation Pause) 208M->161M(1024M) 862.731ms
[2026-01-16T12:26:05.922+0000][gc,cpu      ] GC(1465) User=0.81s Sys=0.10s Real=0.87s
[2026-01-16T12:26:08.733+0000][gc,start    ] GC(1466) Pause Young (Normal) (G1 Evacuation Pause)
[2026-01-16T12:26:08.747+0000][gc,task     ] GC(1466) Using 8 workers of 8 for evacuation
[2026-01-16T12:26:09.037+0000][gc,mmu      ] GC(1466) MMU target violated: 201.0ms (200.0ms/201.0ms)
[2026-01-16T12:26:09.038+0000][gc,phases   ] GC(1466)   Pre Evacuate Collection Set: 20.7ms
[2026-01-16T12:26:09.039+0000][gc,phases   ] GC(1466)   Merge Heap Roots: 1.7ms
[2026-01-16T12:26:09.041+0000][gc,phases   ] GC(1466)   Evacuate Collection Set: 243.1ms
[2026-01-16T12:26:09.042+0000][gc,phases   ] GC(1466)   Post Evacuate Collection Set: 18.2ms
[2026-01-16T12:26:09.042+0000][gc,phases   ] GC(1466)   Other: 16.2ms
[2026-01-16T12:26:09.044+0000][gc,heap     ] GC(1466) Eden regions: 48->0(47)
[2026-01-16T12:26:09.045+0000][gc,heap     ] GC(1466) Survivor regions: 3->4(7)
[2026-01-16T12:26:09.050+0000][gc,heap     ] GC(1466) Old regions: 121->121
[2026-01-16T12:26:09.050+0000][gc,heap     ] GC(1466) Humongous regions: 38->38
[2026-01-16T12:26:09.051+0000][gc,metaspace] GC(1466) Metaspace: 13323K(13824K)->13323K(13824K) NonClass: 12205K(12416K)->12205K(12416K) Class: 1117K(1408K)->1117K(1408K)
[2026-01-16T12:26:09.054+0000][gc          ] GC(1466) Pause Young (Normal) (G1 Evacuation Pause) 209M->161M(1024M) 320.861ms
[2026-01-16T12:26:09.056+0000][gc,cpu      ] GC(1466) User=0.19s Sys=0.01s Real=0.32s
[2026-01-16T12:26:10.555+0000][gc,start    ] GC(1467) Pause Young (Normal) (G1 Evacuation Pause)
[2026-01-16T12:26:10.557+0000][gc,task     ] GC(1467) Using 8 workers of 8 for evacuation
[2026-01-16T12:26:10.711+0000][gc,phases   ] GC(1467)   Pre Evacuate Collection Set: 14.9ms
[2026-01-16T12:26:10.711+0000][gc,phases   ] GC(1467)   Merge Heap Roots: 1.2ms
[2026-01-16T12:26:10.712+0000][gc,phases   ] GC(1467)   Evacuate Collection Set: 129.6ms
[2026-01-16T12:26:10.713+0000][gc,phases   ] GC(1467)   Post Evacuate Collection Set: 6.6ms
[2026-01-16T12:26:10.714+0000][gc,phases   ] GC(1467)   Other: 2.0ms
[2026-01-16T12:26:10.714+0000][gc,heap     ] GC(1467) Eden regions: 47->0(46)
[2026-01-16T12:26:10.714+0000][gc,heap     ] GC(1467) Survivor regions: 4->5(7)
[2026-01-16T12:26:10.715+0000][gc,heap     ] GC(1467) Old regions: 121->121
[2026-01-16T12:26:10.716+0000][gc,heap     ] GC(1467) Humongous regions: 38->38
[2026-01-16T12:26:10.717+0000][gc,metaspace] GC(1467) Metaspace: 13323K(13824K)->13323K(13824K) NonClass: 12205K(12416K)->12205K(12416K) Class: 1117K(1408K)->1117K(1408K)
[2026-01-16T12:26:10.718+0000][gc          ] GC(1467) Pause Young (Normal) (G1 Evacuation Pause) 208M->162M(1024M) 163.029ms
[2026-01-16T12:26:10.718+0000][gc,cpu      ] GC(1467) User=0.11s Sys=0.00s Real=0.16s
[2026-01-16T12:26:15.906+0000][gc,start    ] GC(1468) Pause Young (Normal) (G1 Evacuation Pause)
[2026-01-16T12:26:15.907+0000][gc,task     ] GC(1468) Using 8 workers of 8 for evacuation
[2026-01-16T12:26:16.080+0000][gc,phases   ] GC(1468)   Pre Evacuate Collection Set: 48.8ms
[2026-01-16T12:26:16.081+0000][gc,phases   ] GC(1468)   Merge Heap Roots: 1.7ms
[2026-01-16T12:26:16.084+0000][gc,phases   ] GC(1468)   Evacuate Collection Set: 79.4ms
[2026-01-16T12:26:16.085+0000][gc,phases   ] GC(1468)   Post Evacuate Collection Set: 34.9ms
[2026-01-16T12:26:16.087+0000][gc,phases   ] GC(1468)   Other: 8.2ms
[2026-01-16T12:26:16.088+0000][gc,heap     ] GC(1468) Eden regions: 46->0(47)
[2026-01-16T12:26:16.088+0000][gc,heap     ] GC(1468) Survivor regions: 5->4(7)
[2026-01-16T12:26:16.088+0000][gc,heap     ] GC(1468) Old regions: 121->121
[2026-01-16T12:26:16.088+0000][gc,heap     ] GC(1468) Humongous regions: 38->38
[2026-01-16T12:26:16.089+0000][gc,metaspace] GC(1468) Metaspace: 13323K(13824K)->13323K(13824K) NonClass: 12205K(12416K)->12205K(12416K) Class: 1117K(1408K)->1117K(1408K)
[2026-01-16T12:26:16.089+0000][gc          ] GC(1468) Pause Young (Normal) (G1 Evacuation Pause) 208M->161M(1024M) 183.300ms
[2026-01-16T12:26:16.089+0000][gc,cpu      ] GC(1468) User=0.18s Sys=0.02s Real=0.18s
[2026-01-16T12:26:17.248+0000][gc,start    ] GC(1469) Pause Young (Normal) (G1 Evacuation Pause)
[2026-01-16T12:26:17.250+0000][gc,task     ] GC(1469) Using 8 workers of 8 for evacuation
[2026-01-16T12:26:17.333+0000][gc,phases   ] GC(1469)   Pre Evacuate Collection Set: 2.3ms
[2026-01-16T12:26:17.333+0000][gc,phases   ] GC(1469)   Merge Heap Roots: 0.6ms
[2026-01-16T12:26:17.334+0000][gc,phases   ] GC(1469)   Evacuate Collection Set: 74.5ms
[2026-01-16T12:26:17.335+0000][gc,phases   ] GC(1469)   Post Evacuate Collection Set: 2.2ms
[2026-01-16T12:26:17.336+0000][gc,phases   ] GC(1469)   Other: 0.6ms
[2026-01-16T12:26:17.336+0000][gc,heap     ] GC(1469) Eden regions: 47->0(47)
[2026-01-16T12:26:17.337+0000][gc,heap     ] GC(1469) Survivor regions: 4->4(7)
[2026-01-16T12:26:17.338+0000][gc,heap     ] GC(1469) Old regions: 121->121
[2026-01-16T12:26:17.338+0000][gc,heap     ] GC(1469) Humongous regions: 38->38
[2026-01-16T12:26:17.338+0000][gc,metaspace] GC(1469) Metaspace: 13323K(13824K)->13323K(13824K) NonClass: 12205K(12416K)->12205K(12416K) Class: 1117K(1408K)->1117K(1408K)
[2026-01-16T12:26:17.339+0000][gc          ] GC(1469) Pause Young (Normal) (G1 Evacuation Pause) 208M->162M(1024M) 87.966ms
[2026-01-16T12:26:17.341+0000][gc,cpu      ] GC(1469) User=0.10s Sys=0.01s Real=0.09s
[2026-01-16T12:26:25.556+0000][gc,start    ] GC(1470) Pause Young (Normal) (G1 Evacuation Pause)
[2026-01-16T12:26:25.557+0000][gc,task     ] GC(1470) Using 8 workers of 8 for evacuation
[2026-01-16T12:26:25.886+0000][gc,mmu      ] GC(1470) MMU target violated: 201.0ms (200.0ms/201.0ms)
[2026-01-16T12:26:25.886+0000][gc,phases   ] GC(1470)   Pre Evacuate Collection Set: 46.9ms
[2026-01-16T12:26:25.888+0000][gc,phases   ] GC(1470)   Merge Heap Roots: 8.0ms
[2026-01-16T12:26:25.888+0000][gc,phases   ] GC(1470)   Evacuate Collection Set: 185.0ms
[2026-01-16T12:26:25.888+0000][gc,phases   ] GC(1470)   Post Evacuate Collection Set: 77.9ms
[2026-01-16T12:26:25.889+0000][gc,phases   ] GC(1470)   Other: 11.7ms
[2026-01-16T12:26:25.889+0000][gc,heap     ] GC(1470) Eden regions: 47->0(48)
[2026-01-16T12:26:25.890+0000][gc,heap     ] GC(1470) Survivor regions: 4->3(7)
[2026-01-16T12:26:25.890+0000][gc,heap     ] GC(1470) Old regions: 121->121
[2026-01-16T12:26:25.891+0000][gc,heap     ] GC(1470) Humongous regions: 38->38
[2026-01-16T12:26:25.891+0000][gc,metaspace] GC(1470) Metaspace: 13323K(13824K)->13323K(13824K) NonClass: 12205K(12416K)->12205K(12416K) Class: 1117K(1408K)->1117K(1408K)
[2026-01-16T12:26:25.892+0000][gc          ] GC(1470) Pause Young (Normal) (G1 Evacuation Pause) 209M->161M(1024M) 335.745ms
[2026-01-16T12:26:25.893+0000][gc,cpu      ] GC(1470) User=0.26s Sys=0.01s Real=0.33s
[2026-01-16T12:26:27.742+0000][gc,start    ] GC(1471) Pause Young (Normal) (G1 Evacuation Pause)
[2026-01-16T12:26:27.757+0000][gc,task     ] GC(1471) Using 8 workers of 8 for evacuation
[2026-01-16T12:26:28.249+0000][gc,mmu      ] GC(1471) MMU target violated: 201.0ms (200.0ms/201.0ms)
[2026-01-16T12:26:28.250+0000][gc,phases   ] GC(1471)   Pre Evacuate Collection Set: 49.1ms
