[2025-12-24T11:34:29.580+0000][gc,init] CardTable entry size: 512
[2025-12-24T11:34:29.581+0000][gc     ] Using G1
[2025-12-24T11:34:29.591+0000][gc,init] Version: 21.0.4+7-LTS (release)
[2025-12-24T11:34:29.592+0000][gc,init] CPUs: 8 total, 8 available
[2025-12-24T11:34:29.592+0000][gc,init] Memory: 13709M
[2025-12-24T11:34:29.592+0000][gc,init] Large Page Support: Disabled
[2025-12-24T11:34:29.593+0000][gc,init] NUMA Support: Disabled
[2025-12-24T11:34:29.593+0000][gc,init] Compressed Oops: Enabled (32-bit)
[2025-12-24T11:34:29.593+0000][gc,init] Heap Region Size: 1M
[2025-12-24T11:34:29.593+0000][gc,init] Heap Min Capacity: 1G
[2025-12-24T11:34:29.593+0000][gc,init] Heap Initial Capacity: 1G
[2025-12-24T11:34:29.594+0000][gc,init] Heap Max Capacity: 1G
[2025-12-24T11:34:29.594+0000][gc,init] Pre-touch: Disabled
[2025-12-24T11:34:29.594+0000][gc,init] Parallel Workers: 8
[2025-12-24T11:34:29.594+0000][gc,init] Concurrent Workers: 2
[2025-12-24T11:34:29.594+0000][gc,init] Concurrent Refinement Workers: 8
[2025-12-24T11:34:29.594+0000][gc,init] Periodic GC: Disabled
[2025-12-24T11:34:29.730+0000][gc,metaspace] CDS archive(s) mapped at: [0x000000e800000000-0x000000e800bd0000-0x000000e8036b0000), size 57344000, SharedBaseAddress: 0x000000e800000000, ArchiveRelocationMode: 1.
[2025-12-24T11:34:29.735+0000][gc,metaspace] Compressed class space mapped at: 0x000000e804000000-0x000000e844000000, reserved size: 1073741824
[2025-12-24T11:34:29.735+0000][gc,metaspace] Narrow klass base: 0x000000e800000000, Narrow klass shift: 0, Narrow klass range: 0x100000000
[2025-12-24T11:34:33.959+0000][gc,start    ] GC(0) Pause Young (Normal) (G1 Evacuation Pause)
[2025-12-24T11:34:33.967+0000][gc,task     ] GC(0) Using 8 workers of 8 for evacuation
[2025-12-24T11:34:34.026+0000][gc,phases   ] GC(0)   Pre Evacuate Collection Set: 6.1ms
[2025-12-24T11:34:34.026+0000][gc,phases   ] GC(0)   Merge Heap Roots: 0.1ms
[2025-12-24T11:34:34.028+0000][gc,phases   ] GC(0)   Evacuate Collection Set: 49.8ms
[2025-12-24T11:34:34.028+0000][gc,phases   ] GC(0)   Post Evacuate Collection Set: 3.1ms
[2025-12-24T11:34:34.028+0000][gc,phases   ] GC(0)   Other: 5.8ms
[2025-12-24T11:34:34.029+0000][gc,heap     ] GC(0) Eden regions: 51->0(44)
[2025-12-24T11:34:34.029+0000][gc,heap     ] GC(0) Survivor regions: 0->7(7)
[2025-12-24T11:34:34.029+0000][gc,heap     ] GC(0) Old regions: 1->7
[2025-12-24T11:34:34.029+0000][gc,heap     ] GC(0) Humongous regions: 0->0
[2025-12-24T11:34:34.032+0000][gc,metaspace] GC(0) Metaspace: 5095K(5248K)->5095K(5248K) NonClass: 4510K(4608K)->4510K(4608K) Class: 585K(640K)->585K(640K)
[2025-12-24T11:34:34.038+0000][gc          ] GC(0) Pause Young (Normal) (G1 Evacuation Pause) 51M->13M(1024M) 78.970ms
[2025-12-24T11:34:34.038+0000][gc,cpu      ] GC(0) User=0.04s Sys=0.04s Real=0.08s
[2025-12-24T11:34:36.700+0000][gc,start    ] GC(1) Pause Young (Normal) (G1 Evacuation Pause)
[2025-12-24T11:34:36.701+0000][gc,task     ] GC(1) Using 8 workers of 8 for evacuation
[2025-12-24T11:34:36.723+0000][gc,phases   ] GC(1)   Pre Evacuate Collection Set: 0.7ms
[2025-12-24T11:34:36.725+0000][gc,phases   ] GC(1)   Merge Heap Roots: 0.1ms
[2025-12-24T11:34:36.726+0000][gc,phases   ] GC(1)   Evacuate Collection Set: 19.0ms
[2025-12-24T11:34:36.726+0000][gc,phases   ] GC(1)   Post Evacuate Collection Set: 2.3ms
[2025-12-24T11:34:36.727+0000][gc,phases   ] GC(1)   Other: 0.4ms
[2025-12-24T11:34:36.728+0000][gc,heap     ] GC(1) Eden regions: 44->0(48)
[2025-12-24T11:34:36.728+0000][gc,heap     ] GC(1) Survivor regions: 7->4(7)
[2025-12-24T11:34:36.729+0000][gc,heap     ] GC(1) Old regions: 7->15
[2025-12-24T11:34:36.729+0000][gc,heap     ] GC(1) Humongous regions: 131->131
[2025-12-24T11:34:36.730+0000][gc,metaspace] GC(1) Metaspace: 6990K(7296K)->6990K(7296K) NonClass: 6099K(6272K)->6099K(6272K) Class: 891K(1024K)->891K(1024K)
[2025-12-24T11:34:36.730+0000][gc          ] GC(1) Pause Young (Normal) (G1 Evacuation Pause) 188M->149M(1024M) 30.072ms
[2025-12-24T11:34:36.732+0000][gc,cpu      ] GC(1) User=0.03s Sys=0.01s Real=0.03s
[2025-12-24T11:34:37.072+0000][gc,start    ] GC(2) Pause Young (Normal) (G1 Evacuation Pause)
[2025-12-24T11:34:37.072+0000][gc,task     ] GC(2) Using 8 workers of 8 for evacuation
[2025-12-24T11:34:37.082+0000][gc,phases   ] GC(2)   Pre Evacuate Collection Set: 0.7ms
[2025-12-24T11:34:37.082+0000][gc,phases   ] GC(2)   Merge Heap Roots: 0.1ms
[2025-12-24T11:34:37.083+0000][gc,phases   ] GC(2)   Evacuate Collection Set: 8.0ms
[2025-12-24T11:34:37.083+0000][gc,phases   ] GC(2)   Post Evacuate Collection Set: 0.9ms
[2025-12-24T11:34:37.083+0000][gc,phases   ] GC(2)   Other: 0.1ms
[2025-12-24T11:34:37.083+0000][gc,heap     ] GC(2) Eden regions: 51->0(128)
[2025-12-24T11:34:37.083+0000][gc,heap     ] GC(2) Survivor regions: 4->5(7)
[2025-12-24T11:34:37.083+0000][gc,heap     ] GC(2) Old regions: 15->15
[2025-12-24T11:34:37.083+0000][gc,heap     ] GC(2) Humongous regions: 131->131
[2025-12-24T11:34:37.083+0000][gc,metaspace] GC(2) Metaspace: 7185K(7360K)->7185K(7360K) NonClass: 6254K(6336K)->6254K(6336K) Class: 931K(1024K)->931K(1024K)
[2025-12-24T11:34:37.083+0000][gc          ] GC(2) Pause Young (Normal) (G1 Evacuation Pause) 200M->149M(1024M) 11.360ms
[2025-12-24T11:34:37.083+0000][gc,cpu      ] GC(2) User=0.01s Sys=0.00s Real=0.01s
[2025-12-24T11:34:46.374+0000][gc,start    ] GC(3) Pause Young (Normal) (G1 Evacuation Pause)
[2025-12-24T11:34:46.375+0000][gc,task     ] GC(3) Using 8 workers of 8 for evacuation
[2025-12-24T11:34:46.386+0000][gc,phases   ] GC(3)   Pre Evacuate Collection Set: 0.9ms
[2025-12-24T11:34:46.386+0000][gc,phases   ] GC(3)   Merge Heap Roots: 0.1ms
[2025-12-24T11:34:46.386+0000][gc,phases   ] GC(3)   Evacuate Collection Set: 9.1ms
[2025-12-24T11:34:46.386+0000][gc,phases   ] GC(3)   Post Evacuate Collection Set: 0.9ms
[2025-12-24T11:34:46.387+0000][gc,phases   ] GC(3)   Other: 0.3ms
[2025-12-24T11:34:46.387+0000][gc,heap     ] GC(3) Eden regions: 129->0(606)
[2025-12-24T11:34:46.387+0000][gc,heap     ] GC(3) Survivor regions: 5->8(17)
[2025-12-24T11:34:46.387+0000][gc,heap     ] GC(3) Old regions: 15->15
[2025-12-24T11:34:46.387+0000][gc,heap     ] GC(3) Humongous regions: 131->131
[2025-12-24T11:34:46.387+0000][gc,metaspace] GC(3) Metaspace: 10652K(10944K)->10652K(10944K) NonClass: 9269K(9408K)->9269K(9408K) Class: 1383K(1536K)->1383K(1536K)
[2025-12-24T11:34:46.387+0000][gc          ] GC(3) Pause Young (Normal) (G1 Evacuation Pause) 278M->152M(1024M) 12.469ms
[2025-12-24T11:34:46.387+0000][gc,cpu      ] GC(3) User=0.06s Sys=0.01s Real=0.01s
[2025-12-24T11:35:16.692+0000][gc,start    ] GC(4) Pause Young (Normal) (G1 Evacuation Pause)
[2025-12-24T11:35:16.692+0000][gc,task     ] GC(4) Using 8 workers of 8 for evacuation
[2025-12-24T11:35:16.707+0000][gc,phases   ] GC(4)   Pre Evacuate Collection Set: 1.2ms
[2025-12-24T11:35:16.707+0000][gc,phases   ] GC(4)   Merge Heap Roots: 0.4ms
[2025-12-24T11:35:16.707+0000][gc,phases   ] GC(4)   Evacuate Collection Set: 12.2ms
[2025-12-24T11:35:16.708+0000][gc,phases   ] GC(4)   Post Evacuate Collection Set: 1.0ms
[2025-12-24T11:35:16.708+0000][gc,phases   ] GC(4)   Other: 0.3ms
[2025-12-24T11:35:16.708+0000][gc,heap     ] GC(4) Eden regions: 606->0(604)
[2025-12-24T11:35:16.708+0000][gc,heap     ] GC(4) Survivor regions: 8->10(77)
[2025-12-24T11:35:16.708+0000][gc,heap     ] GC(4) Old regions: 15->15
[2025-12-24T11:35:16.708+0000][gc,heap     ] GC(4) Humongous regions: 131->131
[2025-12-24T11:35:16.708+0000][gc,metaspace] GC(4) Metaspace: 11436K(11776K)->11436K(11776K) NonClass: 9999K(10176K)->9999K(10176K) Class: 1437K(1600K)->1437K(1600K)
[2025-12-24T11:35:16.708+0000][gc          ] GC(4) Pause Young (Normal) (G1 Evacuation Pause) 758M->154M(1024M) 16.351ms
[2025-12-24T11:35:16.708+0000][gc,cpu      ] GC(4) User=0.09s Sys=0.01s Real=0.02s
[2025-12-24T11:35:56.388+0000][gc,start    ] GC(5) Pause Young (Normal) (G1 Evacuation Pause)
[2025-12-24T11:35:56.389+0000][gc,task     ] GC(5) Using 8 workers of 8 for evacuation
[2025-12-24T11:35:56.399+0000][gc,phases   ] GC(5)   Pre Evacuate Collection Set: 0.7ms
[2025-12-24T11:35:56.399+0000][gc,phases   ] GC(5)   Merge Heap Roots: 0.2ms
[2025-12-24T11:35:56.399+0000][gc,phases   ] GC(5)   Evacuate Collection Set: 8.0ms
[2025-12-24T11:35:56.399+0000][gc,phases   ] GC(5)   Post Evacuate Collection Set: 1.0ms
[2025-12-24T11:35:56.399+0000][gc,phases   ] GC(5)   Other: 0.2ms
[2025-12-24T11:35:56.399+0000][gc,heap     ] GC(5) Eden regions: 604->0(604)
[2025-12-24T11:35:56.399+0000][gc,heap     ] GC(5) Survivor regions: 10->10(77)
[2025-12-24T11:35:56.399+0000][gc,heap     ] GC(5) Old regions: 15->15
[2025-12-24T11:35:56.399+0000][gc,heap     ] GC(5) Humongous regions: 131->131
[2025-12-24T11:35:56.399+0000][gc,metaspace] GC(5) Metaspace: 11854K(12224K)->11854K(12224K) NonClass: 10412K(10624K)->10412K(10624K) Class: 1441K(1600K)->1441K(1600K)
[2025-12-24T11:35:56.399+0000][gc          ] GC(5) Pause Young (Normal) (G1 Evacuation Pause) 758M->154M(1024M) 11.155ms
[2025-12-24T11:35:56.399+0000][gc,cpu      ] GC(5) User=0.06s Sys=0.00s Real=0.01s
[2025-12-24T11:36:26.672+0000][gc,start    ] GC(6) Pause Young (Normal) (G1 Evacuation Pause)
[2025-12-24T11:36:26.672+0000][gc,task     ] GC(6) Using 8 workers of 8 for evacuation
[2025-12-24T11:36:26.686+0000][gc,phases   ] GC(6)   Pre Evacuate Collection Set: 0.7ms
[2025-12-24T11:36:26.686+0000][gc,phases   ] GC(6)   Merge Heap Roots: 0.2ms
[2025-12-24T11:36:26.686+0000][gc,phases   ] GC(6)   Evacuate Collection Set: 10.8ms
[2025-12-24T11:36:26.686+0000][gc,phases   ] GC(6)   Post Evacuate Collection Set: 1.9ms
[2025-12-24T11:36:26.687+0000][gc,phases   ] GC(6)   Other: 0.2ms
[2025-12-24T11:36:26.687+0000][gc,heap     ] GC(6) Eden regions: 604->0(602)
[2025-12-24T11:36:26.687+0000][gc,heap     ] GC(6) Survivor regions: 10->12(77)
[2025-12-24T11:36:26.687+0000][gc,heap     ] GC(6) Old regions: 15->15
[2025-12-24T11:36:26.687+0000][gc,heap     ] GC(6) Humongous regions: 131->131
[2025-12-24T11:36:26.687+0000][gc,metaspace] GC(6) Metaspace: 12165K(12480K)->12165K(12480K) NonClass: 10720K(10880K)->10720K(10880K) Class: 1445K(1600K)->1445K(1600K)
[2025-12-24T11:36:26.687+0000][gc          ] GC(6) Pause Young (Normal) (G1 Evacuation Pause) 758M->156M(1024M) 14.947ms
[2025-12-24T11:36:26.687+0000][gc,cpu      ] GC(6) User=0.09s Sys=0.01s Real=0.01s
[2025-12-24T11:37:06.385+0000][gc,start    ] GC(7) Pause Young (Normal) (G1 Evacuation Pause)
[2025-12-24T11:37:06.385+0000][gc,task     ] GC(7) Using 8 workers of 8 for evacuation
[2025-12-24T11:37:06.405+0000][gc,phases   ] GC(7)   Pre Evacuate Collection Set: 0.9ms
[2025-12-24T11:37:06.405+0000][gc,phases   ] GC(7)   Merge Heap Roots: 0.3ms
[2025-12-24T11:37:06.405+0000][gc,phases   ] GC(7)   Evacuate Collection Set: 17.6ms
[2025-12-24T11:37:06.406+0000][gc,phases   ] GC(7)   Post Evacuate Collection Set: 1.0ms
[2025-12-24T11:37:06.406+0000][gc,phases   ] GC(7)   Other: 0.2ms
[2025-12-24T11:37:06.406+0000][gc,heap     ] GC(7) Eden regions: 602->0(603)
[2025-12-24T11:37:06.406+0000][gc,heap     ] GC(7) Survivor regions: 12->11(77)
[2025-12-24T11:37:06.406+0000][gc,heap     ] GC(7) Old regions: 15->15
[2025-12-24T11:37:06.406+0000][gc,heap     ] GC(7) Humongous regions: 131->131
[2025-12-24T11:37:06.406+0000][gc,metaspace] GC(7) Metaspace: 12583K(12928K)->12583K(12928K) NonClass: 11137K(11328K)->11137K(11328K) Class: 1445K(1600K)->1445K(1600K)
[2025-12-24T11:37:06.406+0000][gc          ] GC(7) Pause Young (Normal) (G1 Evacuation Pause) 758M->156M(1024M) 21.349ms
[2025-12-24T11:37:06.406+0000][gc,cpu      ] GC(7) User=0.13s Sys=0.00s Real=0.02s
[2025-12-24T11:37:36.668+0000][gc,start    ] GC(8) Pause Young (Normal) (G1 Evacuation Pause)
[2025-12-24T11:37:36.669+0000][gc,task     ] GC(8) Using 8 workers of 8 for evacuation
[2025-12-24T11:37:36.689+0000][gc,phases   ] GC(8)   Pre Evacuate Collection Set: 1.8ms
[2025-12-24T11:37:36.690+0000][gc,phases   ] GC(8)   Merge Heap Roots: 0.4ms
[2025-12-24T11:37:36.690+0000][gc,phases   ] GC(8)   Evacuate Collection Set: 16.3ms
[2025-12-24T11:37:36.690+0000][gc,phases   ] GC(8)   Post Evacuate Collection Set: 1.0ms
[2025-12-24T11:37:36.690+0000][gc,phases   ] GC(8)   Other: 0.1ms
[2025-12-24T11:37:36.690+0000][gc,heap     ] GC(8) Eden regions: 603->0(601)
[2025-12-24T11:37:36.691+0000][gc,heap     ] GC(8) Survivor regions: 11->13(77)
[2025-12-24T11:37:36.691+0000][gc,heap     ] GC(8) Old regions: 15->15
[2025-12-24T11:37:36.691+0000][gc,heap     ] GC(8) Humongous regions: 131->131
[2025-12-24T11:37:36.691+0000][gc,metaspace] GC(8) Metaspace: 12776K(13120K)->12776K(13120K) NonClass: 11323K(11520K)->11323K(11520K) Class: 1453K(1600K)->1453K(1600K)
[2025-12-24T11:37:36.691+0000][gc          ] GC(8) Pause Young (Normal) (G1 Evacuation Pause) 759M->158M(1024M) 22.926ms
[2025-12-24T11:37:36.691+0000][gc,cpu      ] GC(8) User=0.12s Sys=0.00s Real=0.03s
[2025-12-24T11:38:16.404+0000][gc,start    ] GC(9) Pause Young (Normal) (G1 Evacuation Pause)
[2025-12-24T11:38:16.405+0000][gc,task     ] GC(9) Using 8 workers of 8 for evacuation
[2025-12-24T11:38:16.426+0000][gc,phases   ] GC(9)   Pre Evacuate Collection Set: 0.8ms
[2025-12-24T11:38:16.426+0000][gc,phases   ] GC(9)   Merge Heap Roots: 0.2ms
[2025-12-24T11:38:16.426+0000][gc,phases   ] GC(9)   Evacuate Collection Set: 18.8ms
[2025-12-24T11:38:16.426+0000][gc,phases   ] GC(9)   Post Evacuate Collection Set: 1.1ms
[2025-12-24T11:38:16.426+0000][gc,phases   ] GC(9)   Other: 0.2ms
[2025-12-24T11:38:16.426+0000][gc,heap     ] GC(9) Eden regions: 601->0(601)
[2025-12-24T11:38:16.426+0000][gc,heap     ] GC(9) Survivor regions: 13->13(77)
[2025-12-24T11:38:16.426+0000][gc,heap     ] GC(9) Old regions: 15->15
[2025-12-24T11:38:16.426+0000][gc,heap     ] GC(9) Humongous regions: 131->131
[2025-12-24T11:38:16.426+0000][gc,metaspace] GC(9) Metaspace: 12851K(13184K)->12851K(13184K) NonClass: 11395K(11584K)->11395K(11584K) Class: 1456K(1600K)->1456K(1600K)
[2025-12-24T11:38:16.427+0000][gc          ] GC(9) Pause Young (Normal) (G1 Evacuation Pause) 759M->157M(1024M) 22.169ms
[2025-12-24T11:38:16.427+0000][gc,cpu      ] GC(9) User=0.13s Sys=0.02s Real=0.02s
[2025-12-24T11:38:46.649+0000][gc,start    ] GC(10) Pause Young (Normal) (G1 Evacuation Pause)
[2025-12-24T11:38:46.649+0000][gc,task     ] GC(10) Using 8 workers of 8 for evacuation
[2025-12-24T11:38:46.671+0000][gc,phases   ] GC(10)   Pre Evacuate Collection Set: 0.8ms
[2025-12-24T11:38:46.671+0000][gc,phases   ] GC(10)   Merge Heap Roots: 0.2ms
[2025-12-24T11:38:46.671+0000][gc,phases   ] GC(10)   Evacuate Collection Set: 19.6ms
[2025-12-24T11:38:46.671+0000][gc,phases   ] GC(10)   Post Evacuate Collection Set: 1.2ms
[2025-12-24T11:38:46.672+0000][gc,phases   ] GC(10)   Other: 0.2ms
[2025-12-24T11:38:46.672+0000][gc,heap     ] GC(10) Eden regions: 601->0(599)
[2025-12-24T11:38:46.672+0000][gc,heap     ] GC(10) Survivor regions: 13->15(77)
[2025-12-24T11:38:46.672+0000][gc,heap     ] GC(10) Old regions: 15->15
[2025-12-24T11:38:46.672+0000][gc,heap     ] GC(10) Humongous regions: 131->131
[2025-12-24T11:38:46.672+0000][gc,metaspace] GC(10) Metaspace: 12919K(13184K)->12919K(13184K) NonClass: 11462K(11584K)->11462K(11584K) Class: 1457K(1600K)->1457K(1600K)
[2025-12-24T11:38:46.672+0000][gc          ] GC(10) Pause Young (Normal) (G1 Evacuation Pause) 758M->159M(1024M) 23.184ms
[2025-12-24T11:38:46.672+0000][gc,cpu      ] GC(10) User=0.13s Sys=0.01s Real=0.02s
[2025-12-24T11:39:26.415+0000][gc,start    ] GC(11) Pause Young (Normal) (G1 Evacuation Pause)
[2025-12-24T11:39:26.415+0000][gc,task     ] GC(11) Using 8 workers of 8 for evacuation
[2025-12-24T11:39:26.426+0000][gc,phases   ] GC(11)   Pre Evacuate Collection Set: 0.8ms
[2025-12-24T11:39:26.427+0000][gc,phases   ] GC(11)   Merge Heap Roots: 0.2ms
[2025-12-24T11:39:26.427+0000][gc,phases   ] GC(11)   Evacuate Collection Set: 8.6ms
[2025-12-24T11:39:26.427+0000][gc,phases   ] GC(11)   Post Evacuate Collection Set: 1.1ms
[2025-12-24T11:39:26.427+0000][gc,phases   ] GC(11)   Other: 0.2ms
[2025-12-24T11:39:26.427+0000][gc,heap     ] GC(11) Eden regions: 599->0(604)
[2025-12-24T11:39:26.427+0000][gc,heap     ] GC(11) Survivor regions: 15->10(77)
[2025-12-24T11:39:26.427+0000][gc,heap     ] GC(11) Old regions: 15->15
[2025-12-24T11:39:26.427+0000][gc,heap     ] GC(11) Humongous regions: 131->131
[2025-12-24T11:39:26.427+0000][gc,metaspace] GC(11) Metaspace: 13006K(13312K)->13006K(13312K) NonClass: 11546K(11712K)->11546K(11712K) Class: 1459K(1600K)->1459K(1600K)
[2025-12-24T11:39:26.427+0000][gc          ] GC(11) Pause Young (Normal) (G1 Evacuation Pause) 758M->155M(1024M) 12.446ms
[2025-12-24T11:39:26.427+0000][gc,cpu      ] GC(11) User=0.07s Sys=0.00s Real=0.01s
[2025-12-24T11:39:56.643+0000][gc,start    ] GC(12) Pause Young (Normal) (G1 Evacuation Pause)
[2025-12-24T11:39:56.643+0000][gc,task     ] GC(12) Using 8 workers of 8 for evacuation
[2025-12-24T11:39:56.658+0000][gc,phases   ] GC(12)   Pre Evacuate Collection Set: 0.7ms
[2025-12-24T11:39:56.658+0000][gc,phases   ] GC(12)   Merge Heap Roots: 0.2ms
[2025-12-24T11:39:56.658+0000][gc,phases   ] GC(12)   Evacuate Collection Set: 12.6ms
[2025-12-24T11:39:56.658+0000][gc,phases   ] GC(12)   Post Evacuate Collection Set: 1.2ms
[2025-12-24T11:39:56.658+0000][gc,phases   ] GC(12)   Other: 0.2ms
[2025-12-24T11:39:56.659+0000][gc,heap     ] GC(12) Eden regions: 604->0(602)
[2025-12-24T11:39:56.659+0000][gc,heap     ] GC(12) Survivor regions: 10->12(77)
[2025-12-24T11:39:56.659+0000][gc,heap     ] GC(12) Old regions: 15->15
[2025-12-24T11:39:56.659+0000][gc,heap     ] GC(12) Humongous regions: 131->131
[2025-12-24T11:39:56.659+0000][gc,metaspace] GC(12) Metaspace: 13061K(13376K)->13061K(13376K) NonClass: 11599K(11776K)->11599K(11776K) Class: 1461K(1600K)->1461K(1600K)
[2025-12-24T11:39:56.659+0000][gc          ] GC(12) Pause Young (Normal) (G1 Evacuation Pause) 759M->157M(1024M) 16.074ms
[2025-12-24T11:39:56.659+0000][gc,cpu      ] GC(12) User=0.08s Sys=0.01s Real=0.02s
[2025-12-24T11:40:36.414+0000][gc,start    ] GC(13) Pause Young (Normal) (G1 Evacuation Pause)
[2025-12-24T11:40:36.414+0000][gc,task     ] GC(13) Using 8 workers of 8 for evacuation
[2025-12-24T11:40:36.435+0000][gc,phases   ] GC(13)   Pre Evacuate Collection Set: 0.7ms
[2025-12-24T11:40:36.435+0000][gc,phases   ] GC(13)   Merge Heap Roots: 0.2ms
[2025-12-24T11:40:36.435+0000][gc,phases   ] GC(13)   Evacuate Collection Set: 18.3ms
[2025-12-24T11:40:36.435+0000][gc,phases   ] GC(13)   Post Evacuate Collection Set: 1.3ms
[2025-12-24T11:40:36.435+0000][gc,phases   ] GC(13)   Other: 0.2ms
[2025-12-24T11:40:36.435+0000][gc,heap     ] GC(13) Eden regions: 602->0(603)
[2025-12-24T11:40:36.435+0000][gc,heap     ] GC(13) Survivor regions: 12->11(77)
[2025-12-24T11:40:36.435+0000][gc,heap     ] GC(13) Old regions: 15->15
[2025-12-24T11:40:36.435+0000][gc,heap     ] GC(13) Humongous regions: 131->131
[2025-12-24T11:40:36.435+0000][gc,metaspace] GC(13) Metaspace: 13079K(13376K)->13079K(13376K) NonClass: 11617K(11776K)->11617K(11776K) Class: 1461K(1600K)->1461K(1600K)
[2025-12-24T11:40:36.435+0000][gc          ] GC(13) Pause Young (Normal) (G1 Evacuation Pause) 759M->156M(1024M) 21.530ms
[2025-12-24T11:40:36.435+0000][gc,cpu      ] GC(13) User=0.14s Sys=0.00s Real=0.03s
[2025-12-24T11:41:06.703+0000][gc,start    ] GC(14) Pause Young (Normal) (G1 Evacuation Pause)
[2025-12-24T11:41:06.704+0000][gc,task     ] GC(14) Using 8 workers of 8 for evacuation
[2025-12-24T11:41:06.721+0000][gc,phases   ] GC(14)   Pre Evacuate Collection Set: 0.7ms
[2025-12-24T11:41:06.721+0000][gc,phases   ] GC(14)   Merge Heap Roots: 0.2ms
[2025-12-24T11:41:06.721+0000][gc,phases   ] GC(14)   Evacuate Collection Set: 13.7ms
[2025-12-24T11:41:06.721+0000][gc,phases   ] GC(14)   Post Evacuate Collection Set: 2.7ms
[2025-12-24T11:41:06.721+0000][gc,phases   ] GC(14)   Other: 0.2ms
[2025-12-24T11:41:06.721+0000][gc,heap     ] GC(14) Eden regions: 603->0(601)
[2025-12-24T11:41:06.721+0000][gc,heap     ] GC(14) Survivor regions: 11->13(77)
[2025-12-24T11:41:06.722+0000][gc,heap     ] GC(14) Old regions: 15->15
[2025-12-24T11:41:06.722+0000][gc,heap     ] GC(14) Humongous regions: 131->131
[2025-12-24T11:41:06.722+0000][gc,metaspace] GC(14) Metaspace: 13212K(13504K)->13212K(13504K) NonClass: 11729K(11904K)->11729K(11904K) Class: 1483K(1600K)->1483K(1600K)
[2025-12-24T11:41:06.722+0000][gc          ] GC(14) Pause Young (Normal) (G1 Evacuation Pause) 759M->158M(1024M) 18.390ms
[2025-12-24T11:41:06.722+0000][gc,cpu      ] GC(14) User=0.11s Sys=0.00s Real=0.02s
[2025-12-24T11:41:46.409+0000][gc,start    ] GC(15) Pause Young (Normal) (G1 Evacuation Pause)
[2025-12-24T11:41:46.409+0000][gc,task     ] GC(15) Using 8 workers of 8 for evacuation
[2025-12-24T11:41:46.422+0000][gc,phases   ] GC(15)   Pre Evacuate Collection Set: 0.8ms
[2025-12-24T11:41:46.423+0000][gc,phases   ] GC(15)   Merge Heap Roots: 0.1ms
[2025-12-24T11:41:46.423+0000][gc,phases   ] GC(15)   Evacuate Collection Set: 11.1ms
[2025-12-24T11:41:46.423+0000][gc,phases   ] GC(15)   Post Evacuate Collection Set: 0.9ms
[2025-12-24T11:41:46.423+0000][gc,phases   ] GC(15)   Other: 0.1ms
[2025-12-24T11:41:46.423+0000][gc,heap     ] GC(15) Eden regions: 601->0(601)
[2025-12-24T11:41:46.423+0000][gc,heap     ] GC(15) Survivor regions: 13->13(77)
[2025-12-24T11:41:46.423+0000][gc,heap     ] GC(15) Old regions: 15->15
[2025-12-24T11:41:46.423+0000][gc,heap     ] GC(15) Humongous regions: 131->131
[2025-12-24T11:41:46.423+0000][gc,metaspace] GC(15) Metaspace: 13246K(13504K)->13246K(13504K) NonClass: 11761K(11904K)->11761K(11904K) Class: 1484K(1600K)->1484K(1600K)
[2025-12-24T11:41:46.423+0000][gc          ] GC(15) Pause Young (Normal) (G1 Evacuation Pause) 759M->157M(1024M) 14.157ms
[2025-12-24T11:41:46.423+0000][gc,cpu      ] GC(15) User=0.08s Sys=0.00s Real=0.01s
[2025-12-24T11:42:16.708+0000][gc,start    ] GC(16) Pause Young (Normal) (G1 Evacuation Pause)
[2025-12-24T11:42:16.708+0000][gc,task     ] GC(16) Using 8 workers of 8 for evacuation
[2025-12-24T11:42:16.732+0000][gc,phases   ] GC(16)   Pre Evacuate Collection Set: 0.7ms
[2025-12-24T11:42:16.732+0000][gc,phases   ] GC(16)   Merge Heap Roots: 0.1ms
[2025-12-24T11:42:16.733+0000][gc,phases   ] GC(16)   Evacuate Collection Set: 21.8ms
[2025-12-24T11:42:16.733+0000][gc,phases   ] GC(16)   Post Evacuate Collection Set: 1.2ms
[2025-12-24T11:42:16.733+0000][gc,phases   ] GC(16)   Other: 0.2ms
[2025-12-24T11:42:16.733+0000][gc,heap     ] GC(16) Eden regions: 601->0(602)
[2025-12-24T11:42:16.733+0000][gc,heap     ] GC(16) Survivor regions: 13->12(77)
[2025-12-24T11:42:16.733+0000][gc,heap     ] GC(16) Old regions: 15->17
[2025-12-24T11:42:16.733+0000][gc,heap     ] GC(16) Humongous regions: 131->131
[2025-12-24T11:42:16.733+0000][gc,metaspace] GC(16) Metaspace: 13259K(13568K)->13259K(13568K) NonClass: 11774K(11968K)->11774K(11968K) Class: 1484K(1600K)->1484K(1600K)
[2025-12-24T11:42:16.733+0000][gc          ] GC(16) Pause Young (Normal) (G1 Evacuation Pause) 758M->159M(1024M) 25.254ms
[2025-12-24T11:42:16.733+0000][gc,cpu      ] GC(16) User=0.17s Sys=0.01s Real=0.03s
[2025-12-24T11:42:56.382+0000][gc,start    ] GC(17) Pause Young (Normal) (G1 Evacuation Pause)
[2025-12-24T11:42:56.383+0000][gc,task     ] GC(17) Using 8 workers of 8 for evacuation
[2025-12-24T11:42:56.406+0000][gc,phases   ] GC(17)   Pre Evacuate Collection Set: 1.7ms
[2025-12-24T11:42:56.406+0000][gc,phases   ] GC(17)   Merge Heap Roots: 0.4ms
[2025-12-24T11:42:56.406+0000][gc,phases   ] GC(17)   Evacuate Collection Set: 19.1ms
[2025-12-24T11:42:56.406+0000][gc,phases   ] GC(17)   Post Evacuate Collection Set: 1.7ms
[2025-12-24T11:42:56.406+0000][gc,phases   ] GC(17)   Other: 0.4ms
[2025-12-24T11:42:56.406+0000][gc,heap     ] GC(17) Eden regions: 602->0(603)
[2025-12-24T11:42:56.406+0000][gc,heap     ] GC(17) Survivor regions: 12->11(77)
[2025-12-24T11:42:56.406+0000][gc,heap     ] GC(17) Old regions: 17->18
[2025-12-24T11:42:56.407+0000][gc,heap     ] GC(17) Humongous regions: 131->131
[2025-12-24T11:42:56.407+0000][gc,metaspace] GC(17) Metaspace: 13300K(13568K)->13300K(13568K) NonClass: 11815K(11968K)->11815K(11968K) Class: 1484K(1600K)->1484K(1600K)
[2025-12-24T11:42:56.407+0000][gc          ] GC(17) Pause Young (Normal) (G1 Evacuation Pause) 761M->158M(1024M) 24.643ms
[2025-12-24T11:42:56.407+0000][gc,cpu      ] GC(17) User=0.15s Sys=0.00s Real=0.02s
[2025-12-24T11:43:26.730+0000][gc,start    ] GC(18) Pause Young (Normal) (G1 Evacuation Pause)
[2025-12-24T11:43:26.731+0000][gc,task     ] GC(18) Using 8 workers of 8 for evacuation
[2025-12-24T11:43:26.743+0000][gc,phases   ] GC(18)   Pre Evacuate Collection Set: 0.8ms
[2025-12-24T11:43:26.744+0000][gc,phases   ] GC(18)   Merge Heap Roots: 0.2ms
[2025-12-24T11:43:26.744+0000][gc,phases   ] GC(18)   Evacuate Collection Set: 10.5ms
[2025-12-24T11:43:26.744+0000][gc,phases   ] GC(18)   Post Evacuate Collection Set: 1.0ms
[2025-12-24T11:43:26.744+0000][gc,phases   ] GC(18)   Other: 0.2ms
[2025-12-24T11:43:26.744+0000][gc,heap     ] GC(18) Eden regions: 603->0(609)
[2025-12-24T11:43:26.744+0000][gc,heap     ] GC(18) Survivor regions: 11->5(77)
[2025-12-24T11:43:26.744+0000][gc,heap     ] GC(18) Old regions: 18->21
[2025-12-24T11:43:26.744+0000][gc,heap     ] GC(18) Humongous regions: 131->131
[2025-12-24T11:43:26.744+0000][gc,metaspace] GC(18) Metaspace: 13338K(13632K)->13338K(13632K) NonClass: 11853K(12032K)->11853K(12032K) Class: 1484K(1600K)->1484K(1600K)
[2025-12-24T11:43:26.744+0000][gc          ] GC(18) Pause Young (Normal) (G1 Evacuation Pause) 761M->156M(1024M) 13.858ms
[2025-12-24T11:43:26.744+0000][gc,cpu      ] GC(18) User=0.07s Sys=0.01s Real=0.01s
[2025-12-24T11:44:06.443+0000][gc,start    ] GC(19) Pause Young (Normal) (G1 Evacuation Pause)
[2025-12-24T11:44:06.443+0000][gc,task     ] GC(19) Using 8 workers of 8 for evacuation
[2025-12-24T11:44:06.453+0000][gc,phases   ] GC(19)   Pre Evacuate Collection Set: 0.7ms
[2025-12-24T11:44:06.454+0000][gc,phases   ] GC(19)   Merge Heap Roots: 0.2ms
[2025-12-24T11:44:06.454+0000][gc,phases   ] GC(19)   Evacuate Collection Set: 8.2ms
[2025-12-24T11:44:06.454+0000][gc,phases   ] GC(19)   Post Evacuate Collection Set: 0.9ms
[2025-12-24T11:44:06.454+0000][gc,phases   ] GC(19)   Other: 0.2ms
[2025-12-24T11:44:06.454+0000][gc,heap     ] GC(19) Eden regions: 609->0(610)
[2025-12-24T11:44:06.454+0000][gc,heap     ] GC(19) Survivor regions: 5->4(77)
[2025-12-24T11:44:06.454+0000][gc,heap     ] GC(19) Old regions: 21->22
[2025-12-24T11:44:06.454+0000][gc,heap     ] GC(19) Humongous regions: 131->131
[2025-12-24T11:44:06.454+0000][gc,metaspace] GC(19) Metaspace: 13347K(13632K)->13347K(13632K) NonClass: 11862K(12032K)->11862K(12032K) Class: 1484K(1600K)->1484K(1600K)
[2025-12-24T11:44:06.454+0000][gc          ] GC(19) Pause Young (Normal) (G1 Evacuation Pause) 765M->156M(1024M) 11.228ms
[2025-12-24T11:44:06.454+0000][gc,cpu      ] GC(19) User=0.07s Sys=0.00s Real=0.01s
[2025-12-24T11:44:36.761+0000][gc,start    ] GC(20) Pause Young (Normal) (G1 Evacuation Pause)
[2025-12-24T11:44:36.762+0000][gc,task     ] GC(20) Using 8 workers of 8 for evacuation
[2025-12-24T11:44:36.771+0000][gc,phases   ] GC(20)   Pre Evacuate Collection Set: 0.8ms
[2025-12-24T11:44:36.771+0000][gc,phases   ] GC(20)   Merge Heap Roots: 0.1ms
[2025-12-24T11:44:36.771+0000][gc,phases   ] GC(20)   Evacuate Collection Set: 6.7ms
[2025-12-24T11:44:36.771+0000][gc,phases   ] GC(20)   Post Evacuate Collection Set: 1.3ms
[2025-12-24T11:44:36.771+0000][gc,phases   ] GC(20)   Other: 0.2ms
[2025-12-24T11:44:36.771+0000][gc,heap     ] GC(20) Eden regions: 610->0(608)
[2025-12-24T11:44:36.772+0000][gc,heap     ] GC(20) Survivor regions: 4->6(77)
[2025-12-24T11:44:36.772+0000][gc,heap     ] GC(20) Old regions: 22->22
[2025-12-24T11:44:36.772+0000][gc,heap     ] GC(20) Humongous regions: 131->131
[2025-12-24T11:44:36.772+0000][gc,metaspace] GC(20) Metaspace: 13356K(13632K)->13356K(13632K) NonClass: 11871K(12032K)->11871K(12032K) Class: 1485K(1600K)->1485K(1600K)
[2025-12-24T11:44:36.772+0000][gc          ] GC(20) Pause Young (Normal) (G1 Evacuation Pause) 766M->158M(1024M) 10.766ms
[2025-12-24T11:44:36.772+0000][gc,cpu      ] GC(20) User=0.06s Sys=0.00s Real=0.02s
[2025-12-24T11:45:16.468+0000][gc,start    ] GC(21) Pause Young (Normal) (G1 Evacuation Pause)
[2025-12-24T11:45:16.468+0000][gc,task     ] GC(21) Using 8 workers of 8 for evacuation
[2025-12-24T11:45:16.478+0000][gc,phases   ] GC(21)   Pre Evacuate Collection Set: 0.9ms
[2025-12-24T11:45:16.478+0000][gc,phases   ] GC(21)   Merge Heap Roots: 0.2ms
[2025-12-24T11:45:16.478+0000][gc,phases   ] GC(21)   Evacuate Collection Set: 7.3ms
[2025-12-24T11:45:16.478+0000][gc,phases   ] GC(21)   Post Evacuate Collection Set: 1.1ms
[2025-12-24T11:45:16.478+0000][gc,phases   ] GC(21)   Other: 0.2ms
[2025-12-24T11:45:16.479+0000][gc,heap     ] GC(21) Eden regions: 608->0(608)
[2025-12-24T11:45:16.479+0000][gc,heap     ] GC(21) Survivor regions: 6->6(77)
[2025-12-24T11:45:16.479+0000][gc,heap     ] GC(21) Old regions: 22->22
[2025-12-24T11:45:16.479+0000][gc,heap     ] GC(21) Humongous regions: 131->131
[2025-12-24T11:45:16.479+0000][gc,metaspace] GC(21) Metaspace: 13438K(13760K)->13438K(13760K) NonClass: 11947K(12096K)->11947K(12096K) Class: 1491K(1664K)->1491K(1664K)
[2025-12-24T11:45:16.479+0000][gc          ] GC(21) Pause Young (Normal) (G1 Evacuation Pause) 766M->158M(1024M) 10.823ms
[2025-12-24T11:45:16.479+0000][gc,cpu      ] GC(21) User=0.06s Sys=0.00s Real=0.01s
[2025-12-24T11:45:46.803+0000][gc,start    ] GC(22) Pause Young (Normal) (G1 Evacuation Pause)
[2025-12-24T11:45:46.803+0000][gc,task     ] GC(22) Using 8 workers of 8 for evacuation
[2025-12-24T11:45:46.813+0000][gc,phases   ] GC(22)   Pre Evacuate Collection Set: 0.9ms
[2025-12-24T11:45:46.813+0000][gc,phases   ] GC(22)   Merge Heap Roots: 0.2ms
[2025-12-24T11:45:46.813+0000][gc,phases   ] GC(22)   Evacuate Collection Set: 7.6ms
[2025-12-24T11:45:46.813+0000][gc,phases   ] GC(22)   Post Evacuate Collection Set: 1.1ms
[2025-12-24T11:45:46.813+0000][gc,phases   ] GC(22)   Other: 0.2ms
[2025-12-24T11:45:46.813+0000][gc,heap     ] GC(22) Eden regions: 608->0(607)
[2025-12-24T11:45:46.813+0000][gc,heap     ] GC(22) Survivor regions: 6->7(77)
[2025-12-24T11:45:46.814+0000][gc,heap     ] GC(22) Old regions: 22->22
[2025-12-24T11:45:46.814+0000][gc,heap     ] GC(22) Humongous regions: 131->131
[2025-12-24T11:45:46.814+0000][gc,metaspace] GC(22) Metaspace: 13443K(13824K)->13443K(13824K) NonClass: 11952K(12160K)->11952K(12160K) Class: 1491K(1664K)->1491K(1664K)
[2025-12-24T11:45:46.814+0000][gc          ] GC(22) Pause Young (Normal) (G1 Evacuation Pause) 766M->159M(1024M) 10.925ms
[2025-12-24T11:45:46.814+0000][gc,cpu      ] GC(22) User=0.06s Sys=0.01s Real=0.01s
[2025-12-24T11:46:26.514+0000][gc,start    ] GC(23) Pause Young (Normal) (G1 Evacuation Pause)
[2025-12-24T11:46:26.516+0000][gc,task     ] GC(23) Using 8 workers of 8 for evacuation
[2025-12-24T11:46:26.526+0000][gc,phases   ] GC(23)   Pre Evacuate Collection Set: 0.9ms
[2025-12-24T11:46:26.527+0000][gc,phases   ] GC(23)   Merge Heap Roots: 0.2ms
[2025-12-24T11:46:26.527+0000][gc,phases   ] GC(23)   Evacuate Collection Set: 8.5ms
[2025-12-24T11:46:26.527+0000][gc,phases   ] GC(23)   Post Evacuate Collection Set: 1.0ms
[2025-12-24T11:46:26.527+0000][gc,phases   ] GC(23)   Other: 0.2ms
[2025-12-24T11:46:26.527+0000][gc,heap     ] GC(23) Eden regions: 607->0(607)
[2025-12-24T11:46:26.527+0000][gc,heap     ] GC(23) Survivor regions: 7->7(77)
[2025-12-24T11:46:26.527+0000][gc,heap     ] GC(23) Old regions: 22->22
[2025-12-24T11:46:26.527+0000][gc,heap     ] GC(23) Humongous regions: 131->131
[2025-12-24T11:46:26.527+0000][gc,metaspace] GC(23) Metaspace: 13444K(13824K)->13444K(13824K) NonClass: 11953K(12160K)->11953K(12160K) Class: 1491K(1664K)->1491K(1664K)
[2025-12-24T11:46:26.527+0000][gc          ] GC(23) Pause Young (Normal) (G1 Evacuation Pause) 766M->159M(1024M) 12.703ms
[2025-12-24T11:46:26.527+0000][gc,cpu      ] GC(23) User=0.07s Sys=0.00s Real=0.01s
[2025-12-24T11:46:56.799+0000][gc,start    ] GC(24) Pause Young (Normal) (G1 Evacuation Pause)
[2025-12-24T11:46:56.800+0000][gc,task     ] GC(24) Using 8 workers of 8 for evacuation
[2025-12-24T11:46:56.810+0000][gc,phases   ] GC(24)   Pre Evacuate Collection Set: 0.9ms
[2025-12-24T11:46:56.810+0000][gc,phases   ] GC(24)   Merge Heap Roots: 0.2ms
[2025-12-24T11:46:56.810+0000][gc,phases   ] GC(24)   Evacuate Collection Set: 6.2ms
[2025-12-24T11:46:56.810+0000][gc,phases   ] GC(24)   Post Evacuate Collection Set: 2.3ms
[2025-12-24T11:46:56.811+0000][gc,phases   ] GC(24)   Other: 0.4ms
[2025-12-24T11:46:56.811+0000][gc,heap     ] GC(24) Eden regions: 607->0(605)
[2025-12-24T11:46:56.811+0000][gc,heap     ] GC(24) Survivor regions: 7->9(77)
[2025-12-24T11:46:56.811+0000][gc,heap     ] GC(24) Old regions: 22->22
[2025-12-24T11:46:56.811+0000][gc,heap     ] GC(24) Humongous regions: 131->131
[2025-12-24T11:46:56.811+0000][gc,metaspace] GC(24) Metaspace: 13474K(13824K)->13474K(13824K) NonClass: 11982K(12160K)->11982K(12160K) Class: 1491K(1664K)->1491K(1664K)
[2025-12-24T11:46:56.811+0000][gc          ] GC(24) Pause Young (Normal) (G1 Evacuation Pause) 766M->161M(1024M) 11.650ms
[2025-12-24T11:46:56.811+0000][gc,cpu      ] GC(24) User=0.05s Sys=0.00s Real=0.01s
[2025-12-24T11:47:36.524+0000][gc,start    ] GC(25) Pause Young (Normal) (G1 Evacuation Pause)
[2025-12-24T11:47:36.525+0000][gc,task     ] GC(25) Using 8 workers of 8 for evacuation
[2025-12-24T11:47:36.537+0000][gc,phases   ] GC(25)   Pre Evacuate Collection Set: 0.8ms
[2025-12-24T11:47:36.537+0000][gc,phases   ] GC(25)   Merge Heap Roots: 0.2ms
[2025-12-24T11:47:36.537+0000][gc,phases   ] GC(25)   Evacuate Collection Set: 9.7ms
[2025-12-24T11:47:36.537+0000][gc,phases   ] GC(25)   Post Evacuate Collection Set: 1.3ms
[2025-12-24T11:47:36.537+0000][gc,phases   ] GC(25)   Other: 0.2ms
[2025-12-24T11:47:36.537+0000][gc,heap     ] GC(25) Eden regions: 605->0(609)
[2025-12-24T11:47:36.537+0000][gc,heap     ] GC(25) Survivor regions: 9->5(77)
[2025-12-24T11:47:36.538+0000][gc,heap     ] GC(25) Old regions: 22->22
[2025-12-24T11:47:36.538+0000][gc,heap     ] GC(25) Humongous regions: 131->131
[2025-12-24T11:47:36.538+0000][gc,metaspace] GC(25) Metaspace: 13521K(13824K)->13521K(13824K) NonClass: 12030K(12160K)->12030K(12160K) Class: 1491K(1664K)->1491K(1664K)
[2025-12-24T11:47:36.538+0000][gc          ] GC(25) Pause Young (Normal) (G1 Evacuation Pause) 766M->157M(1024M) 14.172ms
[2025-12-24T11:47:36.538+0000][gc,cpu      ] GC(25) User=0.07s Sys=0.00s Real=0.01s
[2025-12-24T11:48:06.823+0000][gc,start    ] GC(26) Pause Young (Normal) (G1 Evacuation Pause)
[2025-12-24T11:48:06.825+0000][gc,task     ] GC(26) Using 8 workers of 8 for evacuation
[2025-12-24T11:48:06.833+0000][gc,phases   ] GC(26)   Pre Evacuate Collection Set: 0.8ms
[2025-12-24T11:48:06.833+0000][gc,phases   ] GC(26)   Merge Heap Roots: 0.2ms
[2025-12-24T11:48:06.833+0000][gc,phases   ] GC(26)   Evacuate Collection Set: 4.3ms
[2025-12-24T11:48:06.833+0000][gc,phases   ] GC(26)   Post Evacuate Collection Set: 2.3ms
[2025-12-24T11:48:06.833+0000][gc,phases   ] GC(26)   Other: 0.3ms
[2025-12-24T11:48:06.833+0000][gc,heap     ] GC(26) Eden regions: 609->0(608)
[2025-12-24T11:48:06.833+0000][gc,heap     ] GC(26) Survivor regions: 5->6(77)
[2025-12-24T11:48:06.833+0000][gc,heap     ] GC(26) Old regions: 22->22
[2025-12-24T11:48:06.833+0000][gc,heap     ] GC(26) Humongous regions: 131->131
[2025-12-24T11:48:06.833+0000][gc,metaspace] GC(26) Metaspace: 13531K(13824K)->13531K(13824K) NonClass: 12040K(12160K)->12040K(12160K) Class: 1491K(1664K)->1491K(1664K)
[2025-12-24T11:48:06.834+0000][gc          ] GC(26) Pause Young (Normal) (G1 Evacuation Pause) 766M->158M(1024M) 10.660ms
[2025-12-24T11:48:06.834+0000][gc,cpu      ] GC(26) User=0.04s Sys=0.00s Real=0.02s
[2025-12-24T11:48:46.576+0000][gc,start    ] GC(27) Pause Young (Normal) (G1 Evacuation Pause)
[2025-12-24T11:48:46.576+0000][gc,task     ] GC(27) Using 8 workers of 8 for evacuation
[2025-12-24T11:48:46.598+0000][gc,phases   ] GC(27)   Pre Evacuate Collection Set: 1.1ms
[2025-12-24T11:48:46.598+0000][gc,phases   ] GC(27)   Merge Heap Roots: 0.2ms
[2025-12-24T11:48:46.598+0000][gc,phases   ] GC(27)   Evacuate Collection Set: 19.6ms
[2025-12-24T11:48:46.599+0000][gc,phases   ] GC(27)   Post Evacuate Collection Set: 1.1ms
[2025-12-24T11:48:46.599+0000][gc,phases   ] GC(27)   Other: 0.2ms
[2025-12-24T11:48:46.599+0000][gc,heap     ] GC(27) Eden regions: 608->0(608)
[2025-12-24T11:48:46.599+0000][gc,heap     ] GC(27) Survivor regions: 6->6(77)
[2025-12-24T11:48:46.599+0000][gc,heap     ] GC(27) Old regions: 22->23
[2025-12-24T11:48:46.599+0000][gc,heap     ] GC(27) Humongous regions: 131->131
[2025-12-24T11:48:46.599+0000][gc,metaspace] GC(27) Metaspace: 13572K(13952K)->13572K(13952K) NonClass: 12080K(12288K)->12080K(12288K) Class: 1491K(1664K)->1491K(1664K)
[2025-12-24T11:48:46.599+0000][gc          ] GC(27) Pause Young (Normal) (G1 Evacuation Pause) 766M->158M(1024M) 23.014ms
[2025-12-24T11:48:46.599+0000][gc,cpu      ] GC(27) User=0.07s Sys=0.07s Real=0.02s
[2025-12-24T11:49:23.196+0000][gc,start    ] GC(28) Pause Young (Normal) (G1 Evacuation Pause)
[2025-12-24T11:49:23.196+0000][gc,task     ] GC(28) Using 8 workers of 8 for evacuation
[2025-12-24T11:49:23.216+0000][gc,phases   ] GC(28)   Pre Evacuate Collection Set: 1.2ms
[2025-12-24T11:49:23.216+0000][gc,phases   ] GC(28)   Merge Heap Roots: 0.3ms
[2025-12-24T11:49:23.216+0000][gc,phases   ] GC(28)   Evacuate Collection Set: 17.1ms
[2025-12-24T11:49:23.216+0000][gc,phases   ] GC(28)   Post Evacuate Collection Set: 1.3ms
[2025-12-24T11:49:23.216+0000][gc,phases   ] GC(28)   Other: 0.3ms
[2025-12-24T11:49:23.216+0000][gc,heap     ] GC(28) Eden regions: 608->0(609)
[2025-12-24T11:49:23.216+0000][gc,heap     ] GC(28) Survivor regions: 6->5(77)
[2025-12-24T11:49:23.217+0000][gc,heap     ] GC(28) Old regions: 23->23
[2025-12-24T11:49:23.217+0000][gc,heap     ] GC(28) Humongous regions: 131->131
[2025-12-24T11:49:23.217+0000][gc,metaspace] GC(28) Metaspace: 13584K(13952K)->13584K(13952K) NonClass: 12092K(12288K)->12092K(12288K) Class: 1491K(1664K)->1491K(1664K)
[2025-12-24T11:49:23.217+0000][gc          ] GC(28) Pause Young (Normal) (G1 Evacuation Pause) 766M->158M(1024M) 21.266ms
[2025-12-24T11:49:23.217+0000][gc,cpu      ] GC(28) User=0.11s Sys=0.01s Real=0.02s
[2025-12-24T11:49:56.610+0000][gc,start    ] GC(29) Pause Young (Normal) (G1 Evacuation Pause)
[2025-12-24T11:49:56.610+0000][gc,task     ] GC(29) Using 8 workers of 8 for evacuation
[2025-12-24T11:49:56.623+0000][gc,phases   ] GC(29)   Pre Evacuate Collection Set: 0.8ms
[2025-12-24T11:49:56.623+0000][gc,phases   ] GC(29)   Merge Heap Roots: 0.1ms
[2025-12-24T11:49:56.623+0000][gc,phases   ] GC(29)   Evacuate Collection Set: 11.2ms
[2025-12-24T11:49:56.624+0000][gc,phases   ] GC(29)   Post Evacuate Collection Set: 0.9ms
[2025-12-24T11:49:56.624+0000][gc,phases   ] GC(29)   Other: 0.2ms
[2025-12-24T11:49:56.624+0000][gc,heap     ] GC(29) Eden regions: 609->0(607)
[2025-12-24T11:49:56.624+0000][gc,heap     ] GC(29) Survivor regions: 5->7(77)
[2025-12-24T11:49:56.624+0000][gc,heap     ] GC(29) Old regions: 23->23
[2025-12-24T11:49:56.624+0000][gc,heap     ] GC(29) Humongous regions: 131->131
[2025-12-24T11:49:56.624+0000][gc,metaspace] GC(29) Metaspace: 13591K(13952K)->13591K(13952K) NonClass: 12100K(12288K)->12100K(12288K) Class: 1491K(1664K)->1491K(1664K)
[2025-12-24T11:49:56.624+0000][gc          ] GC(29) Pause Young (Normal) (G1 Evacuation Pause) 767M->160M(1024M) 14.251ms
[2025-12-24T11:49:56.624+0000][gc,cpu      ] GC(29) User=0.08s Sys=0.00s Real=0.01s
[2025-12-24T11:50:36.359+0000][gc,start    ] GC(30) Pause Young (Normal) (G1 Evacuation Pause)
[2025-12-24T11:50:36.360+0000][gc,task     ] GC(30) Using 8 workers of 8 for evacuation
[2025-12-24T11:50:36.378+0000][gc,phases   ] GC(30)   Pre Evacuate Collection Set: 1.2ms
[2025-12-24T11:50:36.378+0000][gc,phases   ] GC(30)   Merge Heap Roots: 0.3ms
[2025-12-24T11:50:36.378+0000][gc,phases   ] GC(30)   Evacuate Collection Set: 15.3ms
[2025-12-24T11:50:36.378+0000][gc,phases   ] GC(30)   Post Evacuate Collection Set: 1.2ms
[2025-12-24T11:50:36.379+0000][gc,phases   ] GC(30)   Other: 0.2ms
[2025-12-24T11:50:36.379+0000][gc,heap     ] GC(30) Eden regions: 607->0(607)
[2025-12-24T11:50:36.379+0000][gc,heap     ] GC(30) Survivor regions: 7->7(77)
[2025-12-24T11:50:36.379+0000][gc,heap     ] GC(30) Old regions: 23->23
[2025-12-24T11:50:36.379+0000][gc,heap     ] GC(30) Humongous regions: 131->131
[2025-12-24T11:50:36.379+0000][gc,metaspace] GC(30) Metaspace: 13609K(13952K)->13609K(13952K) NonClass: 12117K(12288K)->12117K(12288K) Class: 1491K(1664K)->1491K(1664K)
[2025-12-24T11:50:36.379+0000][gc          ] GC(30) Pause Young (Normal) (G1 Evacuation Pause) 767M->159M(1024M) 20.048ms
[2025-12-24T11:50:36.379+0000][gc,cpu      ] GC(30) User=0.13s Sys=0.01s Real=0.02s
[2025-12-24T11:51:06.641+0000][gc,start    ] GC(31) Pause Young (Normal) (G1 Evacuation Pause)
[2025-12-24T11:51:06.642+0000][gc,task     ] GC(31) Using 8 workers of 8 for evacuation
[2025-12-24T11:51:06.649+0000][gc,phases   ] GC(31)   Pre Evacuate Collection Set: 0.7ms
[2025-12-24T11:51:06.650+0000][gc,phases   ] GC(31)   Merge Heap Roots: 0.2ms
[2025-12-24T11:51:06.650+0000][gc,phases   ] GC(31)   Evacuate Collection Set: 5.9ms
[2025-12-24T11:51:06.650+0000][gc,phases   ] GC(31)   Post Evacuate Collection Set: 0.9ms
[2025-12-24T11:51:06.650+0000][gc,phases   ] GC(31)   Other: 0.1ms
[2025-12-24T11:51:06.650+0000][gc,heap     ] GC(31) Eden regions: 607->0(605)
[2025-12-24T11:51:06.650+0000][gc,heap     ] GC(31) Survivor regions: 7->9(77)
[2025-12-24T11:51:06.650+0000][gc,heap     ] GC(31) Old regions: 23->23
[2025-12-24T11:51:06.650+0000][gc,heap     ] GC(31) Humongous regions: 131->131
[2025-12-24T11:51:06.650+0000][gc,metaspace] GC(31) Metaspace: 13616K(13952K)->13616K(13952K) NonClass: 12124K(12288K)->12124K(12288K) Class: 1491K(1664K)->1491K(1664K)
[2025-12-24T11:51:06.650+0000][gc          ] GC(31) Pause Young (Normal) (G1 Evacuation Pause) 766M->161M(1024M) 9.024ms
[2025-12-24T11:51:06.650+0000][gc,cpu      ] GC(31) User=0.05s Sys=0.00s Real=0.01s
[2025-12-24T11:51:46.418+0000][gc,start    ] GC(32) Pause Young (Normal) (G1 Evacuation Pause)
[2025-12-24T11:51:46.418+0000][gc,task     ] GC(32) Using 8 workers of 8 for evacuation
[2025-12-24T11:51:46.430+0000][gc,phases   ] GC(32)   Pre Evacuate Collection Set: 1.2ms
[2025-12-24T11:51:46.430+0000][gc,phases   ] GC(32)   Merge Heap Roots: 0.2ms
[2025-12-24T11:51:46.430+0000][gc,phases   ] GC(32)   Evacuate Collection Set: 7.5ms
[2025-12-24T11:51:46.430+0000][gc,phases   ] GC(32)   Post Evacuate Collection Set: 2.3ms
[2025-12-24T11:51:46.430+0000][gc,phases   ] GC(32)   Other: 0.4ms
[2025-12-24T11:51:46.430+0000][gc,heap     ] GC(32) Eden regions: 605->0(609)
[2025-12-24T11:51:46.430+0000][gc,heap     ] GC(32) Survivor regions: 9->5(77)
[2025-12-24T11:51:46.430+0000][gc,heap     ] GC(32) Old regions: 23->23
[2025-12-24T11:51:46.430+0000][gc,heap     ] GC(32) Humongous regions: 131->131
[2025-12-24T11:51:46.430+0000][gc,metaspace] GC(32) Metaspace: 13652K(13952K)->13652K(13952K) NonClass: 12161K(12288K)->12161K(12288K) Class: 1491K(1664K)->1491K(1664K)
[2025-12-24T11:51:46.430+0000][gc          ] GC(32) Pause Young (Normal) (G1 Evacuation Pause) 766M->157M(1024M) 12.769ms
[2025-12-24T11:51:46.430+0000][gc,cpu      ] GC(32) User=0.06s Sys=0.00s Real=0.02s
[2025-12-24T11:52:16.731+0000][gc,start    ] GC(33) Pause Young (Normal) (G1 Evacuation Pause)
[2025-12-24T11:52:16.732+0000][gc,task     ] GC(33) Using 8 workers of 8 for evacuation
[2025-12-24T11:52:16.741+0000][gc,phases   ] GC(33)   Pre Evacuate Collection Set: 0.8ms
[2025-12-24T11:52:16.742+0000][gc,phases   ] GC(33)   Merge Heap Roots: 0.2ms
[2025-12-24T11:52:16.742+0000][gc,phases   ] GC(33)   Evacuate Collection Set: 7.4ms
[2025-12-24T11:52:16.742+0000][gc,phases   ] GC(33)   Post Evacuate Collection Set: 0.9ms
[2025-12-24T11:52:16.742+0000][gc,phases   ] GC(33)   Other: 0.2ms
[2025-12-24T11:52:16.742+0000][gc,heap     ] GC(33) Eden regions: 609->0(608)
[2025-12-24T11:52:16.742+0000][gc,heap     ] GC(33) Survivor regions: 5->6(77)
[2025-12-24T11:52:16.742+0000][gc,heap     ] GC(33) Old regions: 23->23
[2025-12-24T11:52:16.742+0000][gc,heap     ] GC(33) Humongous regions: 131->131
[2025-12-24T11:52:16.742+0000][gc,metaspace] GC(33) Metaspace: 13660K(14016K)->13660K(14016K) NonClass: 12168K(12352K)->12168K(12352K) Class: 1491K(1664K)->1491K(1664K)
[2025-12-24T11:52:16.742+0000][gc          ] GC(33) Pause Young (Normal) (G1 Evacuation Pause) 766M->159M(1024M) 11.033ms
[2025-12-24T11:52:16.742+0000][gc,cpu      ] GC(33) User=0.05s Sys=0.00s Real=0.01s
[2025-12-24T11:52:56.431+0000][gc,start    ] GC(34) Pause Young (Normal) (G1 Evacuation Pause)
[2025-12-24T11:52:56.432+0000][gc,task     ] GC(34) Using 8 workers of 8 for evacuation
[2025-12-24T11:52:56.438+0000][gc,phases   ] GC(34)   Pre Evacuate Collection Set: 0.8ms
[2025-12-24T11:52:56.438+0000][gc,phases   ] GC(34)   Merge Heap Roots: 0.1ms
[2025-12-24T11:52:56.438+0000][gc,phases   ] GC(34)   Evacuate Collection Set: 4.3ms
[2025-12-24T11:52:56.438+0000][gc,phases   ] GC(34)   Post Evacuate Collection Set: 0.8ms
[2025-12-24T11:52:56.438+0000][gc,phases   ] GC(34)   Other: 0.1ms
[2025-12-24T11:52:56.438+0000][gc,heap     ] GC(34) Eden regions: 608->0(608)
[2025-12-24T11:52:56.438+0000][gc,heap     ] GC(34) Survivor regions: 6->6(77)
[2025-12-24T11:52:56.438+0000][gc,heap     ] GC(34) Old regions: 23->23
[2025-12-24T11:52:56.438+0000][gc,heap     ] GC(34) Humongous regions: 131->131
[2025-12-24T11:52:56.439+0000][gc,metaspace] GC(34) Metaspace: 13665K(14016K)->13665K(14016K) NonClass: 12173K(12352K)->12173K(12352K) Class: 1491K(1664K)->1491K(1664K)
[2025-12-24T11:52:56.439+0000][gc          ] GC(34) Pause Young (Normal) (G1 Evacuation Pause) 767M->158M(1024M) 7.172ms
[2025-12-24T11:52:56.439+0000][gc,cpu      ] GC(34) User=0.03s Sys=0.00s Real=0.00s
[2025-12-24T11:53:26.705+0000][gc,start    ] GC(35) Pause Young (Normal) (G1 Evacuation Pause)
[2025-12-24T11:53:26.706+0000][gc,task     ] GC(35) Using 8 workers of 8 for evacuation
[2025-12-24T11:53:26.716+0000][gc,phases   ] GC(35)   Pre Evacuate Collection Set: 0.9ms
[2025-12-24T11:53:26.716+0000][gc,phases   ] GC(35)   Merge Heap Roots: 0.2ms
[2025-12-24T11:53:26.716+0000][gc,phases   ] GC(35)   Evacuate Collection Set: 8.0ms
[2025-12-24T11:53:26.716+0000][gc,phases   ] GC(35)   Post Evacuate Collection Set: 0.9ms
[2025-12-24T11:53:26.716+0000][gc,phases   ] GC(35)   Other: 0.1ms
[2025-12-24T11:53:26.716+0000][gc,heap     ] GC(35) Eden regions: 608->0(606)
[2025-12-24T11:53:26.716+0000][gc,heap     ] GC(35) Survivor regions: 6->8(77)
[2025-12-24T11:53:26.716+0000][gc,heap     ] GC(35) Old regions: 23->23
[2025-12-24T11:53:26.716+0000][gc,heap     ] GC(35) Humongous regions: 131->131
[2025-12-24T11:53:26.717+0000][gc,metaspace] GC(35) Metaspace: 13672K(14016K)->13672K(14016K) NonClass: 12180K(12352K)->12180K(12352K) Class: 1491K(1664K)->1491K(1664K)
[2025-12-24T11:53:26.717+0000][gc          ] GC(35) Pause Young (Normal) (G1 Evacuation Pause) 766M->161M(1024M) 11.263ms
[2025-12-24T11:53:26.717+0000][gc,cpu      ] GC(35) User=0.06s Sys=0.00s Real=0.01s
[2025-12-24T11:54:06.434+0000][gc,start    ] GC(36) Pause Young (Normal) (G1 Evacuation Pause)
[2025-12-24T11:54:06.435+0000][gc,task     ] GC(36) Using 8 workers of 8 for evacuation
[2025-12-24T11:54:06.454+0000][gc,phases   ] GC(36)   Pre Evacuate Collection Set: 4.8ms
[2025-12-24T11:54:06.454+0000][gc,phases   ] GC(36)   Merge Heap Roots: 0.2ms
[2025-12-24T11:54:06.454+0000][gc,phases   ] GC(36)   Evacuate Collection Set: 13.2ms
[2025-12-24T11:54:06.454+0000][gc,phases   ] GC(36)   Post Evacuate Collection Set: 1.0ms
[2025-12-24T11:54:06.454+0000][gc,phases   ] GC(36)   Other: 0.2ms
[2025-12-24T11:54:06.454+0000][gc,heap     ] GC(36) Eden regions: 606->0(607)
[2025-12-24T11:54:06.455+0000][gc,heap     ] GC(36) Survivor regions: 8->7(77)
[2025-12-24T11:54:06.455+0000][gc,heap     ] GC(36) Old regions: 23->24
[2025-12-24T11:54:06.455+0000][gc,heap     ] GC(36) Humongous regions: 131->131
[2025-12-24T11:54:06.455+0000][gc,metaspace] GC(36) Metaspace: 13681K(14016K)->13681K(14016K) NonClass: 12190K(12352K)->12190K(12352K) Class: 1491K(1664K)->1491K(1664K)
[2025-12-24T11:54:06.455+0000][gc          ] GC(36) Pause Young (Normal) (G1 Evacuation Pause) 767M->161M(1024M) 20.338ms
[2025-12-24T11:54:06.455+0000][gc,cpu      ] GC(36) User=0.10s Sys=0.00s Real=0.02s
[2025-12-24T11:54:36.731+0000][gc,start    ] GC(37) Pause Young (Normal) (G1 Evacuation Pause)
[2025-12-24T11:54:36.732+0000][gc,task     ] GC(37) Using 8 workers of 8 for evacuation
[2025-12-24T11:54:36.743+0000][gc,phases   ] GC(37)   Pre Evacuate Collection Set: 0.8ms
[2025-12-24T11:54:36.743+0000][gc,phases   ] GC(37)   Merge Heap Roots: 0.2ms
[2025-12-24T11:54:36.743+0000][gc,phases   ] GC(37)   Evacuate Collection Set: 8.5ms
[2025-12-24T11:54:36.743+0000][gc,phases   ] GC(37)   Post Evacuate Collection Set: 1.0ms
[2025-12-24T11:54:36.743+0000][gc,phases   ] GC(37)   Other: 0.3ms
[2025-12-24T11:54:36.743+0000][gc,heap     ] GC(37) Eden regions: 607->0(605)
[2025-12-24T11:54:36.743+0000][gc,heap     ] GC(37) Survivor regions: 7->9(77)
[2025-12-24T11:54:36.743+0000][gc,heap     ] GC(37) Old regions: 24->24
[2025-12-24T11:54:36.743+0000][gc,heap     ] GC(37) Humongous regions: 131->131
[2025-12-24T11:54:36.743+0000][gc,metaspace] GC(37) Metaspace: 13683K(14016K)->13683K(14016K) NonClass: 12192K(12352K)->12192K(12352K) Class: 1491K(1664K)->1491K(1664K)
[2025-12-24T11:54:36.743+0000][gc          ] GC(37) Pause Young (Normal) (G1 Evacuation Pause) 768M->163M(1024M) 11.864ms
[2025-12-24T11:54:36.743+0000][gc,cpu      ] GC(37) User=0.06s Sys=0.00s Real=0.02s
[2025-12-24T11:55:16.481+0000][gc,start    ] GC(38) Pause Young (Normal) (G1 Evacuation Pause)
[2025-12-24T11:55:16.482+0000][gc,task     ] GC(38) Using 8 workers of 8 for evacuation
[2025-12-24T11:55:16.503+0000][gc,phases   ] GC(38)   Pre Evacuate Collection Set: 1.9ms
[2025-12-24T11:55:16.503+0000][gc,phases   ] GC(38)   Merge Heap Roots: 1.3ms
[2025-12-24T11:55:16.503+0000][gc,phases   ] GC(38)   Evacuate Collection Set: 15.9ms
[2025-12-24T11:55:16.503+0000][gc,phases   ] GC(38)   Post Evacuate Collection Set: 1.1ms
[2025-12-24T11:55:16.503+0000][gc,phases   ] GC(38)   Other: 0.5ms
[2025-12-24T11:55:16.503+0000][gc,heap     ] GC(38) Eden regions: 605->0(605)
[2025-12-24T11:55:16.503+0000][gc,heap     ] GC(38) Survivor regions: 9->9(77)
[2025-12-24T11:55:16.503+0000][gc,heap     ] GC(38) Old regions: 24->24
[2025-12-24T11:55:16.503+0000][gc,heap     ] GC(38) Humongous regions: 131->131
[2025-12-24T11:55:16.503+0000][gc,metaspace] GC(38) Metaspace: 13692K(14080K)->13692K(14080K) NonClass: 12200K(12416K)->12200K(12416K) Class: 1491K(1664K)->1491K(1664K)
[2025-12-24T11:55:16.504+0000][gc          ] GC(38) Pause Young (Normal) (G1 Evacuation Pause) 768M->162M(1024M) 22.616ms
[2025-12-24T11:55:16.504+0000][gc,cpu      ] GC(38) User=0.14s Sys=0.00s Real=0.03s
[2025-12-24T11:55:46.779+0000][gc,start    ] GC(39) Pause Young (Normal) (G1 Evacuation Pause)
[2025-12-24T11:55:46.780+0000][gc,task     ] GC(39) Using 8 workers of 8 for evacuation
[2025-12-24T11:55:46.787+0000][gc,phases   ] GC(39)   Pre Evacuate Collection Set: 0.8ms
[2025-12-24T11:55:46.787+0000][gc,phases   ] GC(39)   Merge Heap Roots: 0.3ms
[2025-12-24T11:55:46.787+0000][gc,phases   ] GC(39)   Evacuate Collection Set: 4.6ms
[2025-12-24T11:55:46.787+0000][gc,phases   ] GC(39)   Post Evacuate Collection Set: 0.9ms
[2025-12-24T11:55:46.787+0000][gc,phases   ] GC(39)   Other: 0.3ms
[2025-12-24T11:55:46.787+0000][gc,heap     ] GC(39) Eden regions: 605->0(608)
[2025-12-24T11:55:46.787+0000][gc,heap     ] GC(39) Survivor regions: 9->6(77)
[2025-12-24T11:55:46.787+0000][gc,heap     ] GC(39) Old regions: 24->24
[2025-12-24T11:55:46.787+0000][gc,heap     ] GC(39) Humongous regions: 131->131
[2025-12-24T11:55:46.787+0000][gc,metaspace] GC(39) Metaspace: 13911K(14336K)->13911K(14336K) NonClass: 12387K(12608K)->12387K(12608K) Class: 1524K(1728K)->1524K(1728K)
[2025-12-24T11:55:46.787+0000][gc          ] GC(39) Pause Young (Normal) (G1 Evacuation Pause) 767M->160M(1024M) 8.005ms
[2025-12-24T11:55:46.788+0000][gc,cpu      ] GC(39) User=0.04s Sys=0.00s Real=0.01s
[2025-12-24T11:56:26.485+0000][gc,start    ] GC(40) Pause Young (Normal) (G1 Evacuation Pause)
[2025-12-24T11:56:26.485+0000][gc,task     ] GC(40) Using 8 workers of 8 for evacuation
[2025-12-24T11:56:26.493+0000][gc,phases   ] GC(40)   Pre Evacuate Collection Set: 0.8ms
[2025-12-24T11:56:26.493+0000][gc,phases   ] GC(40)   Merge Heap Roots: 0.2ms
[2025-12-24T11:56:26.493+0000][gc,phases   ] GC(40)   Evacuate Collection Set: 5.3ms
[2025-12-24T11:56:26.493+0000][gc,phases   ] GC(40)   Post Evacuate Collection Set: 1.0ms
[2025-12-24T11:56:26.493+0000][gc,phases   ] GC(40)   Other: 0.2ms
[2025-12-24T11:56:26.493+0000][gc,heap     ] GC(40) Eden regions: 608->0(608)
[2025-12-24T11:56:26.493+0000][gc,heap     ] GC(40) Survivor regions: 6->6(77)
[2025-12-24T11:56:26.493+0000][gc,heap     ] GC(40) Old regions: 24->24
[2025-12-24T11:56:26.493+0000][gc,heap     ] GC(40) Humongous regions: 131->131
[2025-12-24T11:56:26.493+0000][gc,metaspace] GC(40) Metaspace: 13957K(14336K)->13957K(14336K) NonClass: 12430K(12608K)->12430K(12608K) Class: 1527K(1728K)->1527K(1728K)
[2025-12-24T11:56:26.493+0000][gc          ] GC(40) Pause Young (Normal) (G1 Evacuation Pause) 768M->160M(1024M) 8.630ms
[2025-12-24T11:56:26.493+0000][gc,cpu      ] GC(40) User=0.04s Sys=0.00s Real=0.00s
[2025-12-24T11:56:56.831+0000][gc,start    ] GC(41) Pause Young (Normal) (G1 Evacuation Pause)
[2025-12-24T11:56:56.832+0000][gc,task     ] GC(41) Using 8 workers of 8 for evacuation
[2025-12-24T11:56:56.843+0000][gc,phases   ] GC(41)   Pre Evacuate Collection Set: 0.8ms
[2025-12-24T11:56:56.843+0000][gc,phases   ] GC(41)   Merge Heap Roots: 0.3ms
[2025-12-24T11:56:56.843+0000][gc,phases   ] GC(41)   Evacuate Collection Set: 8.4ms
[2025-12-24T11:56:56.843+0000][gc,phases   ] GC(41)   Post Evacuate Collection Set: 1.3ms
[2025-12-24T11:56:56.843+0000][gc,phases   ] GC(41)   Other: 0.3ms
[2025-12-24T11:56:56.843+0000][gc,heap     ] GC(41) Eden regions: 608->0(606)
[2025-12-24T11:56:56.843+0000][gc,heap     ] GC(41) Survivor regions: 6->8(77)
[2025-12-24T11:56:56.843+0000][gc,heap     ] GC(41) Old regions: 24->25
[2025-12-24T11:56:56.843+0000][gc,heap     ] GC(41) Humongous regions: 131->131
[2025-12-24T11:56:56.843+0000][gc,metaspace] GC(41) Metaspace: 13977K(14336K)->13977K(14336K) NonClass: 12450K(12608K)->12450K(12608K) Class: 1527K(1728K)->1527K(1728K)
[2025-12-24T11:56:56.843+0000][gc          ] GC(41) Pause Young (Normal) (G1 Evacuation Pause) 768M->162M(1024M) 12.782ms
[2025-12-24T11:56:56.844+0000][gc,cpu      ] GC(41) User=0.08s Sys=0.00s Real=0.01s
[2025-12-24T11:57:36.539+0000][gc,start    ] GC(42) Pause Young (Normal) (G1 Evacuation Pause)
[2025-12-24T11:57:36.539+0000][gc,task     ] GC(42) Using 8 workers of 8 for evacuation
[2025-12-24T11:57:36.556+0000][gc,phases   ] GC(42)   Pre Evacuate Collection Set: 0.9ms
[2025-12-24T11:57:36.556+0000][gc,phases   ] GC(42)   Merge Heap Roots: 0.2ms
[2025-12-24T11:57:36.556+0000][gc,phases   ] GC(42)   Evacuate Collection Set: 14.2ms
[2025-12-24T11:57:36.556+0000][gc,phases   ] GC(42)   Post Evacuate Collection Set: 0.9ms
[2025-12-24T11:57:36.556+0000][gc,phases   ] GC(42)   Other: 0.1ms
[2025-12-24T11:57:36.556+0000][gc,heap     ] GC(42) Eden regions: 606->0(607)
[2025-12-24T11:57:36.556+0000][gc,heap     ] GC(42) Survivor regions: 8->7(77)
[2025-12-24T11:57:36.556+0000][gc,heap     ] GC(42) Old regions: 25->25
[2025-12-24T11:57:36.556+0000][gc,heap     ] GC(42) Humongous regions: 131->131
[2025-12-24T11:57:36.556+0000][gc,metaspace] GC(42) Metaspace: 13980K(14400K)->13980K(14400K) NonClass: 12452K(12672K)->12452K(12672K) Class: 1527K(1728K)->1527K(1728K)
[2025-12-24T11:57:36.556+0000][gc          ] GC(42) Pause Young (Normal) (G1 Evacuation Pause) 768M->162M(1024M) 17.305ms
[2025-12-24T11:57:36.556+0000][gc,cpu      ] GC(42) User=0.12s Sys=0.00s Real=0.02s
[2025-12-24T11:58:06.829+0000][gc,start    ] GC(43) Pause Young (Normal) (G1 Evacuation Pause)
[2025-12-24T11:58:06.829+0000][gc,task     ] GC(43) Using 8 workers of 8 for evacuation
[2025-12-24T11:58:06.845+0000][gc,phases   ] GC(43)   Pre Evacuate Collection Set: 0.8ms
[2025-12-24T11:58:06.845+0000][gc,phases   ] GC(43)   Merge Heap Roots: 0.2ms
[2025-12-24T11:58:06.845+0000][gc,phases   ] GC(43)   Evacuate Collection Set: 13.6ms
[2025-12-24T11:58:06.845+0000][gc,phases   ] GC(43)   Post Evacuate Collection Set: 0.9ms
[2025-12-24T11:58:06.845+0000][gc,phases   ] GC(43)   Other: 0.2ms
[2025-12-24T11:58:06.845+0000][gc,heap     ] GC(43) Eden regions: 607->0(605)
[2025-12-24T11:58:06.845+0000][gc,heap     ] GC(43) Survivor regions: 7->9(77)
[2025-12-24T11:58:06.845+0000][gc,heap     ] GC(43) Old regions: 25->25
[2025-12-24T11:58:06.845+0000][gc,heap     ] GC(43) Humongous regions: 131->131
[2025-12-24T11:58:06.846+0000][gc,metaspace] GC(43) Metaspace: 13981K(14400K)->13981K(14400K) NonClass: 12453K(12672K)->12453K(12672K) Class: 1527K(1728K)->1527K(1728K)
[2025-12-24T11:58:06.846+0000][gc          ] GC(43) Pause Young (Normal) (G1 Evacuation Pause) 769M->163M(1024M) 16.701ms
[2025-12-24T11:58:06.846+0000][gc,cpu      ] GC(43) User=0.11s Sys=0.00s Real=0.01s
[2025-12-24T11:58:46.598+0000][gc,start    ] GC(44) Pause Young (Normal) (G1 Evacuation Pause)
[2025-12-24T11:58:46.599+0000][gc,task     ] GC(44) Using 8 workers of 8 for evacuation
[2025-12-24T11:58:46.620+0000][gc,phases   ] GC(44)   Pre Evacuate Collection Set: 0.9ms
[2025-12-24T11:58:46.620+0000][gc,phases   ] GC(44)   Merge Heap Roots: 0.2ms
[2025-12-24T11:58:46.620+0000][gc,phases   ] GC(44)   Evacuate Collection Set: 18.1ms
[2025-12-24T11:58:46.620+0000][gc,phases   ] GC(44)   Post Evacuate Collection Set: 0.9ms
[2025-12-24T11:58:46.620+0000][gc,phases   ] GC(44)   Other: 0.3ms
[2025-12-24T11:58:46.620+0000][gc,heap     ] GC(44) Eden regions: 605->0(606)
[2025-12-24T11:58:46.620+0000][gc,heap     ] GC(44) Survivor regions: 9->8(77)
[2025-12-24T11:58:46.620+0000][gc,heap     ] GC(44) Old regions: 25->25
[2025-12-24T11:58:46.620+0000][gc,heap     ] GC(44) Humongous regions: 131->131
[2025-12-24T11:58:46.620+0000][gc,metaspace] GC(44) Metaspace: 13981K(14400K)->13981K(14400K) NonClass: 12453K(12672K)->12453K(12672K) Class: 1528K(1728K)->1528K(1728K)
[2025-12-24T11:58:46.620+0000][gc          ] GC(44) Pause Young (Normal) (G1 Evacuation Pause) 768M->163M(1024M) 22.310ms
[2025-12-24T11:58:46.620+0000][gc,cpu      ] GC(44) User=0.14s Sys=0.00s Real=0.02s
[2025-12-24T11:59:18.768+0000][gc,start    ] GC(45) Pause Young (Normal) (G1 Evacuation Pause)
[2025-12-24T11:59:18.768+0000][gc,task     ] GC(45) Using 8 workers of 8 for evacuation
[2025-12-24T11:59:18.784+0000][gc,phases   ] GC(45)   Pre Evacuate Collection Set: 1.1ms
[2025-12-24T11:59:18.785+0000][gc,phases   ] GC(45)   Merge Heap Roots: 0.6ms
[2025-12-24T11:59:18.785+0000][gc,phases   ] GC(45)   Evacuate Collection Set: 12.8ms
[2025-12-24T11:59:18.785+0000][gc,phases   ] GC(45)   Post Evacuate Collection Set: 1.3ms
[2025-12-24T11:59:18.785+0000][gc,phases   ] GC(45)   Other: 0.3ms
[2025-12-24T11:59:18.785+0000][gc,heap     ] GC(45) Eden regions: 606->0(606)
[2025-12-24T11:59:18.785+0000][gc,heap     ] GC(45) Survivor regions: 8->8(77)
[2025-12-24T11:59:18.785+0000][gc,heap     ] GC(45) Old regions: 25->26
[2025-12-24T11:59:18.785+0000][gc,heap     ] GC(45) Humongous regions: 131->131
[2025-12-24T11:59:18.785+0000][gc,metaspace] GC(45) Metaspace: 13987K(14400K)->13987K(14400K) NonClass: 12459K(12672K)->12459K(12672K) Class: 1528K(1728K)->1528K(1728K)
[2025-12-24T11:59:18.785+0000][gc          ] GC(45) Pause Young (Normal) (G1 Evacuation Pause) 769M->163M(1024M) 17.446ms
[2025-12-24T11:59:18.785+0000][gc,cpu      ] GC(45) User=0.09s Sys=0.00s Real=0.01s
[2025-12-24T11:59:56.606+0000][gc,start    ] GC(46) Pause Young (Normal) (G1 Evacuation Pause)
[2025-12-24T11:59:56.607+0000][gc,task     ] GC(46) Using 8 workers of 8 for evacuation
[2025-12-24T11:59:56.619+0000][gc,phases   ] GC(46)   Pre Evacuate Collection Set: 1.0ms
[2025-12-24T11:59:56.619+0000][gc,phases   ] GC(46)   Merge Heap Roots: 0.2ms
[2025-12-24T11:59:56.619+0000][gc,phases   ] GC(46)   Evacuate Collection Set: 8.0ms
[2025-12-24T11:59:56.619+0000][gc,phases   ] GC(46)   Post Evacuate Collection Set: 2.2ms
[2025-12-24T11:59:56.620+0000][gc,phases   ] GC(46)   Other: 0.3ms
[2025-12-24T11:59:56.620+0000][gc,heap     ] GC(46) Eden regions: 606->0(608)
[2025-12-24T11:59:56.620+0000][gc,heap     ] GC(46) Survivor regions: 8->6(77)
[2025-12-24T11:59:56.620+0000][gc,heap     ] GC(46) Old regions: 26->26
[2025-12-24T11:59:56.620+0000][gc,heap     ] GC(46) Humongous regions: 131->131
[2025-12-24T11:59:56.620+0000][gc,metaspace] GC(46) Metaspace: 13987K(14400K)->13987K(14400K) NonClass: 12459K(12672K)->12459K(12672K) Class: 1528K(1728K)->1528K(1728K)
[2025-12-24T11:59:56.620+0000][gc          ] GC(46) Pause Young (Normal) (G1 Evacuation Pause) 769M->161M(1024M) 13.731ms
[2025-12-24T11:59:56.620+0000][gc,cpu      ] GC(46) User=0.08s Sys=0.00s Real=0.02s
[2025-12-24T12:00:36.338+0000][gc,start    ] GC(47) Pause Young (Normal) (G1 Evacuation Pause)
[2025-12-24T12:00:36.339+0000][gc,task     ] GC(47) Using 8 workers of 8 for evacuation
[2025-12-24T12:00:36.373+0000][gc,phases   ] GC(47)   Pre Evacuate Collection Set: 2.1ms
[2025-12-24T12:00:36.373+0000][gc,phases   ] GC(47)   Merge Heap Roots: 0.8ms
[2025-12-24T12:00:36.373+0000][gc,phases   ] GC(47)   Evacuate Collection Set: 29.8ms
[2025-12-24T12:00:36.373+0000][gc,phases   ] GC(47)   Post Evacuate Collection Set: 1.0ms
[2025-12-24T12:00:36.373+0000][gc,phases   ] GC(47)   Other: 0.2ms
[2025-12-24T12:00:36.373+0000][gc,heap     ] GC(47) Eden regions: 608->0(609)
[2025-12-24T12:00:36.374+0000][gc,heap     ] GC(47) Survivor regions: 6->5(77)
[2025-12-24T12:00:36.374+0000][gc,heap     ] GC(47) Old regions: 26->26
[2025-12-24T12:00:36.374+0000][gc,heap     ] GC(47) Humongous regions: 131->131
[2025-12-24T12:00:36.374+0000][gc,metaspace] GC(47) Metaspace: 13994K(14400K)->13994K(14400K) NonClass: 12466K(12672K)->12466K(12672K) Class: 1528K(1728K)->1528K(1728K)
[2025-12-24T12:00:36.374+0000][gc          ] GC(47) Pause Young (Normal) (G1 Evacuation Pause) 769M->161M(1024M) 35.700ms
[2025-12-24T12:00:36.374+0000][gc,cpu      ] GC(47) User=0.11s Sys=0.13s Real=0.03s
[2025-12-24T12:01:06.632+0000][gc,start    ] GC(48) Pause Young (Normal) (G1 Evacuation Pause)
[2025-12-24T12:01:06.633+0000][gc,task     ] GC(48) Using 8 workers of 8 for evacuation
[2025-12-24T12:01:06.646+0000][gc,phases   ] GC(48)   Pre Evacuate Collection Set: 0.7ms
[2025-12-24T12:01:06.646+0000][gc,phases   ] GC(48)   Merge Heap Roots: 0.2ms
[2025-12-24T12:01:06.646+0000][gc,phases   ] GC(48)   Evacuate Collection Set: 7.8ms
[2025-12-24T12:01:06.646+0000][gc,phases   ] GC(48)   Post Evacuate Collection Set: 3.8ms
[2025-12-24T12:01:06.646+0000][gc,phases   ] GC(48)   Other: 0.2ms
[2025-12-24T12:01:06.646+0000][gc,heap     ] GC(48) Eden regions: 609->0(607)
[2025-12-24T12:01:06.646+0000][gc,heap     ] GC(48) Survivor regions: 5->7(77)
[2025-12-24T12:01:06.646+0000][gc,heap     ] GC(48) Old regions: 26->26
[2025-12-24T12:01:06.646+0000][gc,heap     ] GC(48) Humongous regions: 131->131
[2025-12-24T12:01:06.646+0000][gc,metaspace] GC(48) Metaspace: 13998K(14400K)->13998K(14400K) NonClass: 12469K(12672K)->12469K(12672K) Class: 1528K(1728K)->1528K(1728K)
[2025-12-24T12:01:06.646+0000][gc          ] GC(48) Pause Young (Normal) (G1 Evacuation Pause) 770M->163M(1024M) 14.173ms
[2025-12-24T12:01:06.647+0000][gc,cpu      ] GC(48) User=0.06s Sys=0.01s Real=0.01s
[2025-12-24T12:01:46.385+0000][gc,start    ] GC(49) Pause Young (Normal) (G1 Evacuation Pause)
[2025-12-24T12:01:46.386+0000][gc,task     ] GC(49) Using 8 workers of 8 for evacuation
[2025-12-24T12:01:46.400+0000][gc,phases   ] GC(49)   Pre Evacuate Collection Set: 1.0ms
[2025-12-24T12:01:46.400+0000][gc,phases   ] GC(49)   Merge Heap Roots: 0.2ms
[2025-12-24T12:01:46.400+0000][gc,phases   ] GC(49)   Evacuate Collection Set: 11.7ms
[2025-12-24T12:01:46.400+0000][gc,phases   ] GC(49)   Post Evacuate Collection Set: 1.1ms
[2025-12-24T12:01:46.400+0000][gc,phases   ] GC(49)   Other: 0.2ms
[2025-12-24T12:01:46.400+0000][gc,heap     ] GC(49) Eden regions: 607->0(607)
[2025-12-24T12:01:46.400+0000][gc,heap     ] GC(49) Survivor regions: 7->7(77)
[2025-12-24T12:01:46.401+0000][gc,heap     ] GC(49) Old regions: 26->27
[2025-12-24T12:01:46.401+0000][gc,heap     ] GC(49) Humongous regions: 131->131
[2025-12-24T12:01:46.401+0000][gc,metaspace] GC(49) Metaspace: 13999K(14400K)->13999K(14400K) NonClass: 12471K(12672K)->12471K(12672K) Class: 1528K(1728K)->1528K(1728K)
[2025-12-24T12:01:46.401+0000][gc          ] GC(49) Pause Young (Normal) (G1 Evacuation Pause) 770M->163M(1024M) 15.836ms
[2025-12-24T12:01:46.401+0000][gc,cpu      ] GC(49) User=0.09s Sys=0.00s Real=0.01s
[2025-12-24T12:02:16.659+0000][gc,start    ] GC(50) Pause Young (Normal) (G1 Evacuation Pause)
[2025-12-24T12:02:16.659+0000][gc,task     ] GC(50) Using 8 workers of 8 for evacuation
[2025-12-24T12:02:16.675+0000][gc,phases   ] GC(50)   Pre Evacuate Collection Set: 0.9ms
[2025-12-24T12:02:16.675+0000][gc,phases   ] GC(50)   Merge Heap Roots: 0.2ms
[2025-12-24T12:02:16.675+0000][gc,phases   ] GC(50)   Evacuate Collection Set: 13.6ms
[2025-12-24T12:02:16.675+0000][gc,phases   ] GC(50)   Post Evacuate Collection Set: 1.0ms
[2025-12-24T12:02:16.675+0000][gc,phases   ] GC(50)   Other: 0.2ms
[2025-12-24T12:02:16.675+0000][gc,heap     ] GC(50) Eden regions: 607->0(606)
[2025-12-24T12:02:16.675+0000][gc,heap     ] GC(50) Survivor regions: 7->8(77)
[2025-12-24T12:02:16.675+0000][gc,heap     ] GC(50) Old regions: 27->27
[2025-12-24T12:02:16.675+0000][gc,heap     ] GC(50) Humongous regions: 131->131
[2025-12-24T12:02:16.676+0000][gc,metaspace] GC(50) Metaspace: 14000K(14400K)->14000K(14400K) NonClass: 12471K(12672K)->12471K(12672K) Class: 1528K(1728K)->1528K(1728K)
[2025-12-24T12:02:16.676+0000][gc          ] GC(50) Pause Young (Normal) (G1 Evacuation Pause) 770M->165M(1024M) 17.070ms
[2025-12-24T12:02:16.676+0000][gc,cpu      ] GC(50) User=0.11s Sys=0.01s Real=0.02s
[2025-12-24T12:02:56.400+0000][gc,start    ] GC(51) Pause Young (Normal) (G1 Evacuation Pause)
[2025-12-24T12:02:56.400+0000][gc,task     ] GC(51) Using 8 workers of 8 for evacuation
[2025-12-24T12:02:56.414+0000][gc,phases   ] GC(51)   Pre Evacuate Collection Set: 0.8ms
[2025-12-24T12:02:56.414+0000][gc,phases   ] GC(51)   Merge Heap Roots: 0.2ms
[2025-12-24T12:02:56.414+0000][gc,phases   ] GC(51)   Evacuate Collection Set: 11.5ms
[2025-12-24T12:02:56.414+0000][gc,phases   ] GC(51)   Post Evacuate Collection Set: 0.9ms
[2025-12-24T12:02:56.414+0000][gc,phases   ] GC(51)   Other: 0.2ms
[2025-12-24T12:02:56.414+0000][gc,heap     ] GC(51) Eden regions: 606->0(606)
[2025-12-24T12:02:56.414+0000][gc,heap     ] GC(51) Survivor regions: 8->8(77)
[2025-12-24T12:02:56.414+0000][gc,heap     ] GC(51) Old regions: 27->27
[2025-12-24T12:02:56.414+0000][gc,heap     ] GC(51) Humongous regions: 131->131
[2025-12-24T12:02:56.414+0000][gc,metaspace] GC(51) Metaspace: 14001K(14400K)->14001K(14400K) NonClass: 12473K(12672K)->12473K(12672K) Class: 1528K(1728K)->1528K(1728K)
[2025-12-24T12:02:56.414+0000][gc          ] GC(51) Pause Young (Normal) (G1 Evacuation Pause) 771M->164M(1024M) 14.601ms
[2025-12-24T12:02:56.414+0000][gc,cpu      ] GC(51) User=0.09s Sys=0.00s Real=0.01s
[2025-12-24T12:03:26.695+0000][gc,start    ] GC(52) Pause Young (Normal) (G1 Evacuation Pause)
[2025-12-24T12:03:26.695+0000][gc,task     ] GC(52) Using 8 workers of 8 for evacuation
[2025-12-24T12:03:26.708+0000][gc,phases   ] GC(52)   Pre Evacuate Collection Set: 0.9ms
[2025-12-24T12:03:26.708+0000][gc,phases   ] GC(52)   Merge Heap Roots: 0.2ms
[2025-12-24T12:03:26.708+0000][gc,phases   ] GC(52)   Evacuate Collection Set: 10.0ms
[2025-12-24T12:03:26.708+0000][gc,phases   ] GC(52)   Post Evacuate Collection Set: 1.0ms
[2025-12-24T12:03:26.708+0000][gc,phases   ] GC(52)   Other: 0.3ms
[2025-12-24T12:03:26.708+0000][gc,heap     ] GC(52) Eden regions: 606->0(604)
[2025-12-24T12:03:26.708+0000][gc,heap     ] GC(52) Survivor regions: 8->10(77)
[2025-12-24T12:03:26.708+0000][gc,heap     ] GC(52) Old regions: 27->27
[2025-12-24T12:03:26.708+0000][gc,heap     ] GC(52) Humongous regions: 131->131
[2025-12-24T12:03:26.708+0000][gc,metaspace] GC(52) Metaspace: 14004K(14400K)->14004K(14400K) NonClass: 12476K(12672K)->12476K(12672K) Class: 1528K(1728K)->1528K(1728K)
[2025-12-24T12:03:26.708+0000][gc          ] GC(52) Pause Young (Normal) (G1 Evacuation Pause) 770M->166M(1024M) 13.693ms
[2025-12-24T12:03:26.708+0000][gc,cpu      ] GC(52) User=0.08s Sys=0.00s Real=0.02s
[2025-12-24T12:04:06.442+0000][gc,start    ] GC(53) Pause Young (Normal) (G1 Evacuation Pause)
[2025-12-24T12:04:06.442+0000][gc,task     ] GC(53) Using 8 workers of 8 for evacuation
[2025-12-24T12:04:06.457+0000][gc,phases   ] GC(53)   Pre Evacuate Collection Set: 0.8ms
[2025-12-24T12:04:06.457+0000][gc,phases   ] GC(53)   Merge Heap Roots: 0.2ms
[2025-12-24T12:04:06.457+0000][gc,phases   ] GC(53)   Evacuate Collection Set: 12.7ms
[2025-12-24T12:04:06.457+0000][gc,phases   ] GC(53)   Post Evacuate Collection Set: 0.9ms
[2025-12-24T12:04:06.457+0000][gc,phases   ] GC(53)   Other: 0.2ms
[2025-12-24T12:04:06.458+0000][gc,heap     ] GC(53) Eden regions: 604->0(605)
[2025-12-24T12:04:06.458+0000][gc,heap     ] GC(53) Survivor regions: 10->9(77)
[2025-12-24T12:04:06.458+0000][gc,heap     ] GC(53) Old regions: 27->27
[2025-12-24T12:04:06.458+0000][gc,heap     ] GC(53) Humongous regions: 131->131
[2025-12-24T12:04:06.458+0000][gc,metaspace] GC(53) Metaspace: 14006K(14400K)->14006K(14400K) NonClass: 12477K(12672K)->12477K(12672K) Class: 1528K(1728K)->1528K(1728K)
[2025-12-24T12:04:06.458+0000][gc          ] GC(53) Pause Young (Normal) (G1 Evacuation Pause) 770M->166M(1024M) 15.878ms
[2025-12-24T12:04:06.458+0000][gc,cpu      ] GC(53) User=0.10s Sys=0.00s Real=0.02s
[2025-12-24T12:04:36.711+0000][gc,start    ] GC(54) Pause Young (Normal) (G1 Evacuation Pause)
[2025-12-24T12:04:36.711+0000][gc,task     ] GC(54) Using 8 workers of 8 for evacuation
[2025-12-24T12:04:36.723+0000][gc,phases   ] GC(54)   Pre Evacuate Collection Set: 0.9ms
[2025-12-24T12:04:36.723+0000][gc,phases   ] GC(54)   Merge Heap Roots: 0.2ms
[2025-12-24T12:04:36.723+0000][gc,phases   ] GC(54)   Evacuate Collection Set: 9.5ms
[2025-12-24T12:04:36.723+0000][gc,phases   ] GC(54)   Post Evacuate Collection Set: 1.0ms
[2025-12-24T12:04:36.723+0000][gc,phases   ] GC(54)   Other: 0.3ms
[2025-12-24T12:04:36.724+0000][gc,heap     ] GC(54) Eden regions: 605->0(607)
[2025-12-24T12:04:36.724+0000][gc,heap     ] GC(54) Survivor regions: 9->7(77)
[2025-12-24T12:04:36.724+0000][gc,heap     ] GC(54) Old regions: 27->28
[2025-12-24T12:04:36.724+0000][gc,heap     ] GC(54) Humongous regions: 131->131
[2025-12-24T12:04:36.724+0000][gc,metaspace] GC(54) Metaspace: 14008K(14400K)->14008K(14400K) NonClass: 12480K(12672K)->12480K(12672K) Class: 1528K(1728K)->1528K(1728K)
[2025-12-24T12:04:36.724+0000][gc          ] GC(54) Pause Young (Normal) (G1 Evacuation Pause) 771M->164M(1024M) 13.302ms
[2025-12-24T12:04:36.724+0000][gc,cpu      ] GC(54) User=0.08s Sys=0.00s Real=0.01s
[2025-12-24T12:05:16.498+0000][gc,start    ] GC(55) Pause Young (Normal) (G1 Evacuation Pause)
[2025-12-24T12:05:16.499+0000][gc,task     ] GC(55) Using 8 workers of 8 for evacuation
[2025-12-24T12:05:16.514+0000][gc,phases   ] GC(55)   Pre Evacuate Collection Set: 0.9ms
[2025-12-24T12:05:16.514+0000][gc,phases   ] GC(55)   Merge Heap Roots: 0.2ms
[2025-12-24T12:05:16.514+0000][gc,phases   ] GC(55)   Evacuate Collection Set: 12.3ms
[2025-12-24T12:05:16.514+0000][gc,phases   ] GC(55)   Post Evacuate Collection Set: 1.7ms
[2025-12-24T12:05:16.514+0000][gc,phases   ] GC(55)   Other: 0.2ms
[2025-12-24T12:05:16.514+0000][gc,heap     ] GC(55) Eden regions: 607->0(608)
[2025-12-24T12:05:16.514+0000][gc,heap     ] GC(55) Survivor regions: 7->6(77)
[2025-12-24T12:05:16.514+0000][gc,heap     ] GC(55) Old regions: 28->28
[2025-12-24T12:05:16.515+0000][gc,heap     ] GC(55) Humongous regions: 131->131
[2025-12-24T12:05:16.515+0000][gc,metaspace] GC(55) Metaspace: 14010K(14400K)->14010K(14400K) NonClass: 12481K(12672K)->12481K(12672K) Class: 1528K(1728K)->1528K(1728K)
[2025-12-24T12:05:16.515+0000][gc          ] GC(55) Pause Young (Normal) (G1 Evacuation Pause) 771M->164M(1024M) 16.406ms
[2025-12-24T12:05:16.515+0000][gc,cpu      ] GC(55) User=0.10s Sys=0.00s Real=0.01s
[2025-12-24T12:05:46.745+0000][gc,start    ] GC(56) Pause Young (Normal) (G1 Evacuation Pause)
[2025-12-24T12:05:46.746+0000][gc,task     ] GC(56) Using 8 workers of 8 for evacuation
[2025-12-24T12:05:46.756+0000][gc,phases   ] GC(56)   Pre Evacuate Collection Set: 0.8ms
[2025-12-24T12:05:46.756+0000][gc,phases   ] GC(56)   Merge Heap Roots: 0.2ms
[2025-12-24T12:05:46.756+0000][gc,phases   ] GC(56)   Evacuate Collection Set: 7.5ms
[2025-12-24T12:05:46.756+0000][gc,phases   ] GC(56)   Post Evacuate Collection Set: 1.6ms
[2025-12-24T12:05:46.757+0000][gc,phases   ] GC(56)   Other: 0.2ms
[2025-12-24T12:05:46.757+0000][gc,heap     ] GC(56) Eden regions: 608->0(606)
[2025-12-24T12:05:46.757+0000][gc,heap     ] GC(56) Survivor regions: 6->8(77)
[2025-12-24T12:05:46.757+0000][gc,heap     ] GC(56) Old regions: 28->28
[2025-12-24T12:05:46.757+0000][gc,heap     ] GC(56) Humongous regions: 131->131
[2025-12-24T12:05:46.757+0000][gc,metaspace] GC(56) Metaspace: 14015K(14464K)->14015K(14464K) NonClass: 12487K(12736K)->12487K(12736K) Class: 1528K(1728K)->1528K(1728K)
[2025-12-24T12:05:46.757+0000][gc          ] GC(56) Pause Young (Normal) (G1 Evacuation Pause) 772M->166M(1024M) 11.673ms
[2025-12-24T12:05:46.757+0000][gc,cpu      ] GC(56) User=0.07s Sys=0.00s Real=0.01s
[2025-12-24T12:06:26.501+0000][gc,start    ] GC(57) Pause Young (Normal) (G1 Evacuation Pause)
[2025-12-24T12:06:26.504+0000][gc,task     ] GC(57) Using 8 workers of 8 for evacuation
[2025-12-24T12:06:26.516+0000][gc,phases   ] GC(57)   Pre Evacuate Collection Set: 2.7ms
[2025-12-24T12:06:26.516+0000][gc,phases   ] GC(57)   Merge Heap Roots: 0.2ms
[2025-12-24T12:06:26.516+0000][gc,phases   ] GC(57)   Evacuate Collection Set: 7.6ms
[2025-12-24T12:06:26.516+0000][gc,phases   ] GC(57)   Post Evacuate Collection Set: 1.1ms
[2025-12-24T12:06:26.516+0000][gc,phases   ] GC(57)   Other: 0.8ms
[2025-12-24T12:06:26.516+0000][gc,heap     ] GC(57) Eden regions: 606->0(607)
[2025-12-24T12:06:26.517+0000][gc,heap     ] GC(57) Survivor regions: 8->7(77)
[2025-12-24T12:06:26.517+0000][gc,heap     ] GC(57) Old regions: 28->28
[2025-12-24T12:06:26.517+0000][gc,heap     ] GC(57) Humongous regions: 131->131
[2025-12-24T12:06:26.517+0000][gc,metaspace] GC(57) Metaspace: 14044K(14464K)->14044K(14464K) NonClass: 12516K(12736K)->12516K(12736K) Class: 1528K(1728K)->1528K(1728K)
[2025-12-24T12:06:26.517+0000][gc          ] GC(57) Pause Young (Normal) (G1 Evacuation Pause) 772M->165M(1024M) 15.500ms
[2025-12-24T12:06:26.517+0000][gc,cpu      ] GC(57) User=0.08s Sys=0.00s Real=0.01s
[2025-12-24T12:06:56.759+0000][gc,start    ] GC(58) Pause Young (Normal) (G1 Evacuation Pause)
[2025-12-24T12:06:56.760+0000][gc,task     ] GC(58) Using 8 workers of 8 for evacuation
[2025-12-24T12:06:56.771+0000][gc,phases   ] GC(58)   Pre Evacuate Collection Set: 0.9ms
[2025-12-24T12:06:56.771+0000][gc,phases   ] GC(58)   Merge Heap Roots: 0.2ms
[2025-12-24T12:06:56.771+0000][gc,phases   ] GC(58)   Evacuate Collection Set: 8.8ms
[2025-12-24T12:06:56.771+0000][gc,phases   ] GC(58)   Post Evacuate Collection Set: 1.3ms
[2025-12-24T12:06:56.771+0000][gc,phases   ] GC(58)   Other: 0.2ms
[2025-12-24T12:06:56.772+0000][gc,heap     ] GC(58) Eden regions: 607->0(604)
[2025-12-24T12:06:56.772+0000][gc,heap     ] GC(58) Survivor regions: 7->10(77)
[2025-12-24T12:06:56.772+0000][gc,heap     ] GC(58) Old regions: 28->29
[2025-12-24T12:06:56.772+0000][gc,heap     ] GC(58) Humongous regions: 131->131
[2025-12-24T12:06:56.772+0000][gc,metaspace] GC(58) Metaspace: 14070K(14464K)->14070K(14464K) NonClass: 12542K(12736K)->12542K(12736K) Class: 1528K(1728K)->1528K(1728K)
[2025-12-24T12:06:56.772+0000][gc          ] GC(58) Pause Young (Normal) (G1 Evacuation Pause) 772M->168M(1024M) 13.105ms
[2025-12-24T12:06:56.772+0000][gc,cpu      ] GC(58) User=0.05s Sys=0.01s Real=0.01s
[2025-12-24T12:07:36.509+0000][gc,start    ] GC(59) Pause Young (Normal) (G1 Evacuation Pause)
[2025-12-24T12:07:36.510+0000][gc,task     ] GC(59) Using 8 workers of 8 for evacuation
[2025-12-24T12:07:36.525+0000][gc,phases   ] GC(59)   Pre Evacuate Collection Set: 1.2ms
[2025-12-24T12:07:36.525+0000][gc,phases   ] GC(59)   Merge Heap Roots: 0.5ms
[2025-12-24T12:07:36.525+0000][gc,phases   ] GC(59)   Evacuate Collection Set: 12.5ms
[2025-12-24T12:07:36.526+0000][gc,phases   ] GC(59)   Post Evacuate Collection Set: 1.0ms
[2025-12-24T12:07:36.526+0000][gc,phases   ] GC(59)   Other: 0.2ms
[2025-12-24T12:07:36.526+0000][gc,heap     ] GC(59) Eden regions: 604->0(605)
[2025-12-24T12:07:36.526+0000][gc,heap     ] GC(59) Survivor regions: 10->9(77)
[2025-12-24T12:07:36.526+0000][gc,heap     ] GC(59) Old regions: 29->29
[2025-12-24T12:07:36.526+0000][gc,heap     ] GC(59) Humongous regions: 131->131
[2025-12-24T12:07:36.526+0000][gc,metaspace] GC(59) Metaspace: 14082K(14464K)->14082K(14464K) NonClass: 12554K(12736K)->12554K(12736K) Class: 1528K(1728K)->1528K(1728K)
[2025-12-24T12:07:36.526+0000][gc          ] GC(59) Pause Young (Normal) (G1 Evacuation Pause) 772M->167M(1024M) 16.516ms
[2025-12-24T12:07:36.526+0000][gc,cpu      ] GC(59) User=0.09s Sys=0.01s Real=0.02s
[2025-12-24T12:08:06.784+0000][gc,start    ] GC(60) Pause Young (Normal) (G1 Evacuation Pause)
[2025-12-24T12:08:06.785+0000][gc,task     ] GC(60) Using 8 workers of 8 for evacuation
[2025-12-24T12:08:06.798+0000][gc,phases   ] GC(60)   Pre Evacuate Collection Set: 0.8ms
[2025-12-24T12:08:06.798+0000][gc,phases   ] GC(60)   Merge Heap Roots: 0.3ms
[2025-12-24T12:08:06.798+0000][gc,phases   ] GC(60)   Evacuate Collection Set: 10.9ms
[2025-12-24T12:08:06.798+0000][gc,phases   ] GC(60)   Post Evacuate Collection Set: 0.9ms
[2025-12-24T12:08:06.798+0000][gc,phases   ] GC(60)   Other: 0.2ms
[2025-12-24T12:08:06.798+0000][gc,heap     ] GC(60) Eden regions: 605->0(603)
[2025-12-24T12:08:06.798+0000][gc,heap     ] GC(60) Survivor regions: 9->11(77)
[2025-12-24T12:08:06.798+0000][gc,heap     ] GC(60) Old regions: 29->29
[2025-12-24T12:08:06.798+0000][gc,heap     ] GC(60) Humongous regions: 131->131
[2025-12-24T12:08:06.798+0000][gc,metaspace] GC(60) Metaspace: 14084K(14464K)->14084K(14464K) NonClass: 12556K(12736K)->12556K(12736K) Class: 1528K(1728K)->1528K(1728K)
[2025-12-24T12:08:06.798+0000][gc          ] GC(60) Pause Young (Normal) (G1 Evacuation Pause) 772M->169M(1024M) 14.580ms
[2025-12-24T12:08:06.798+0000][gc,cpu      ] GC(60) User=0.08s Sys=0.00s Real=0.01s
[2025-12-24T12:08:46.526+0000][gc,start    ] GC(61) Pause Young (Normal) (G1 Evacuation Pause)
[2025-12-24T12:08:46.527+0000][gc,task     ] GC(61) Using 8 workers of 8 for evacuation
[2025-12-24T12:08:46.537+0000][gc,phases   ] GC(61)   Pre Evacuate Collection Set: 1.3ms
[2025-12-24T12:08:46.537+0000][gc,phases   ] GC(61)   Merge Heap Roots: 0.3ms
[2025-12-24T12:08:46.537+0000][gc,phases   ] GC(61)   Evacuate Collection Set: 6.9ms
[2025-12-24T12:08:46.537+0000][gc,phases   ] GC(61)   Post Evacuate Collection Set: 1.4ms
[2025-12-24T12:08:46.537+0000][gc,phases   ] GC(61)   Other: 0.3ms
[2025-12-24T12:08:46.537+0000][gc,heap     ] GC(61) Eden regions: 603->0(608)
[2025-12-24T12:08:46.537+0000][gc,heap     ] GC(61) Survivor regions: 11->6(77)
[2025-12-24T12:08:46.537+0000][gc,heap     ] GC(61) Old regions: 29->29
[2025-12-24T12:08:46.537+0000][gc,heap     ] GC(61) Humongous regions: 131->131
[2025-12-24T12:08:46.537+0000][gc,metaspace] GC(61) Metaspace: 14113K(14528K)->14113K(14528K) NonClass: 12584K(12800K)->12584K(12800K) Class: 1528K(1728K)->1528K(1728K)
[2025-12-24T12:08:46.538+0000][gc          ] GC(61) Pause Young (Normal) (G1 Evacuation Pause) 772M->165M(1024M) 11.529ms
[2025-12-24T12:08:46.538+0000][gc,cpu      ] GC(61) User=0.07s Sys=0.00s Real=0.01s
[2025-12-24T12:09:16.871+0000][gc,start    ] GC(62) Pause Young (Normal) (G1 Evacuation Pause)
[2025-12-24T12:09:16.871+0000][gc,task     ] GC(62) Using 8 workers of 8 for evacuation
[2025-12-24T12:09:16.887+0000][gc,phases   ] GC(62)   Pre Evacuate Collection Set: 1.1ms
[2025-12-24T12:09:16.887+0000][gc,phases   ] GC(62)   Merge Heap Roots: 1.1ms
[2025-12-24T12:09:16.887+0000][gc,phases   ] GC(62)   Evacuate Collection Set: 9.5ms
[2025-12-24T12:09:16.887+0000][gc,phases   ] GC(62)   Post Evacuate Collection Set: 3.5ms
[2025-12-24T12:09:16.887+0000][gc,phases   ] GC(62)   Other: 0.3ms
[2025-12-24T12:09:16.887+0000][gc,heap     ] GC(62) Eden regions: 608->0(607)
[2025-12-24T12:09:16.887+0000][gc,heap     ] GC(62) Survivor regions: 6->7(77)
[2025-12-24T12:09:16.887+0000][gc,heap     ] GC(62) Old regions: 29->30
[2025-12-24T12:09:16.887+0000][gc,heap     ] GC(62) Humongous regions: 131->131
[2025-12-24T12:09:16.887+0000][gc,metaspace] GC(62) Metaspace: 14114K(14528K)->14114K(14528K) NonClass: 12586K(12800K)->12586K(12800K) Class: 1528K(1728K)->1528K(1728K)
[2025-12-24T12:09:16.888+0000][gc          ] GC(62) Pause Young (Normal) (G1 Evacuation Pause) 773M->167M(1024M) 16.925ms
[2025-12-24T12:09:16.888+0000][gc,cpu      ] GC(62) User=0.08s Sys=0.01s Real=0.02s
[2025-12-24T12:09:56.530+0000][gc,start    ] GC(63) Pause Young (Normal) (G1 Evacuation Pause)
[2025-12-24T12:09:56.530+0000][gc,task     ] GC(63) Using 8 workers of 8 for evacuation
[2025-12-24T12:09:56.545+0000][gc,phases   ] GC(63)   Pre Evacuate Collection Set: 0.8ms
[2025-12-24T12:09:56.545+0000][gc,phases   ] GC(63)   Merge Heap Roots: 0.2ms
[2025-12-24T12:09:56.545+0000][gc,phases   ] GC(63)   Evacuate Collection Set: 11.6ms
[2025-12-24T12:09:56.545+0000][gc,phases   ] GC(63)   Post Evacuate Collection Set: 1.5ms
[2025-12-24T12:09:56.545+0000][gc,phases   ] GC(63)   Other: 0.2ms
[2025-12-24T12:09:56.545+0000][gc,heap     ] GC(63) Eden regions: 607->0(607)
[2025-12-24T12:09:56.545+0000][gc,heap     ] GC(63) Survivor regions: 7->7(77)
[2025-12-24T12:09:56.545+0000][gc,heap     ] GC(63) Old regions: 30->30
[2025-12-24T12:09:56.545+0000][gc,heap     ] GC(63) Humongous regions: 131->131
[2025-12-24T12:09:56.545+0000][gc,metaspace] GC(63) Metaspace: 14114K(14528K)->14114K(14528K) NonClass: 12586K(12800K)->12586K(12800K) Class: 1528K(1728K)->1528K(1728K)
[2025-12-24T12:09:56.545+0000][gc          ] GC(63) Pause Young (Normal) (G1 Evacuation Pause) 774M->167M(1024M) 15.434ms
[2025-12-24T12:09:56.545+0000][gc,cpu      ] GC(63) User=0.09s Sys=0.00s Real=0.02s
[2025-12-24T12:10:26.812+0000][gc,start    ] GC(64) Pause Young (Normal) (G1 Evacuation Pause)
[2025-12-24T12:10:26.812+0000][gc,task     ] GC(64) Using 8 workers of 8 for evacuation
[2025-12-24T12:10:26.828+0000][gc,phases   ] GC(64)   Pre Evacuate Collection Set: 1.0ms
[2025-12-24T12:10:26.828+0000][gc,phases   ] GC(64)   Merge Heap Roots: 0.2ms
[2025-12-24T12:10:26.828+0000][gc,phases   ] GC(64)   Evacuate Collection Set: 12.8ms
[2025-12-24T12:10:26.828+0000][gc,phases   ] GC(64)   Post Evacuate Collection Set: 1.2ms
[2025-12-24T12:10:26.828+0000][gc,phases   ] GC(64)   Other: 0.3ms
[2025-12-24T12:10:26.828+0000][gc,heap     ] GC(64) Eden regions: 607->0(606)
[2025-12-24T12:10:26.828+0000][gc,heap     ] GC(64) Survivor regions: 7->8(77)
[2025-12-24T12:10:26.828+0000][gc,heap     ] GC(64) Old regions: 30->30
[2025-12-24T12:10:26.828+0000][gc,heap     ] GC(64) Humongous regions: 131->131
[2025-12-24T12:10:26.828+0000][gc,metaspace] GC(64) Metaspace: 14123K(14528K)->14123K(14528K) NonClass: 12594K(12800K)->12594K(12800K) Class: 1528K(1728K)->1528K(1728K)
[2025-12-24T12:10:26.828+0000][gc          ] GC(64) Pause Young (Normal) (G1 Evacuation Pause) 774M->168M(1024M) 16.711ms
[2025-12-24T12:10:26.828+0000][gc,cpu      ] GC(64) User=0.10s Sys=0.00s Real=0.02s
[2025-12-24T12:11:06.605+0000][gc,start    ] GC(65) Pause Young (Normal) (G1 Evacuation Pause)
[2025-12-24T12:11:06.606+0000][gc,task     ] GC(65) Using 8 workers of 8 for evacuation
[2025-12-24T12:11:06.618+0000][gc,phases   ] GC(65)   Pre Evacuate Collection Set: 0.9ms
[2025-12-24T12:11:06.618+0000][gc,phases   ] GC(65)   Merge Heap Roots: 0.3ms
[2025-12-24T12:11:06.619+0000][gc,phases   ] GC(65)   Evacuate Collection Set: 10.3ms
[2025-12-24T12:11:06.619+0000][gc,phases   ] GC(65)   Post Evacuate Collection Set: 1.0ms
[2025-12-24T12:11:06.619+0000][gc,phases   ] GC(65)   Other: 0.2ms
[2025-12-24T12:11:06.619+0000][gc,heap     ] GC(65) Eden regions: 606->0(606)
[2025-12-24T12:11:06.619+0000][gc,heap     ] GC(65) Survivor regions: 8->8(77)
[2025-12-24T12:11:06.619+0000][gc,heap     ] GC(65) Old regions: 30->30
[2025-12-24T12:11:06.619+0000][gc,heap     ] GC(65) Humongous regions: 131->131
[2025-12-24T12:11:06.619+0000][gc,metaspace] GC(65) Metaspace: 14134K(14528K)->14134K(14528K) NonClass: 12606K(12800K)->12606K(12800K) Class: 1528K(1728K)->1528K(1728K)
[2025-12-24T12:11:06.619+0000][gc          ] GC(65) Pause Young (Normal) (G1 Evacuation Pause) 774M->168M(1024M) 13.937ms
[2025-12-24T12:11:06.619+0000][gc,cpu      ] GC(65) User=0.08s Sys=0.00s Real=0.01s
[2025-12-24T12:11:46.309+0000][gc,start    ] GC(66) Pause Young (Normal) (G1 Evacuation Pause)
[2025-12-24T12:11:46.310+0000][gc,task     ] GC(66) Using 8 workers of 8 for evacuation
[2025-12-24T12:11:46.330+0000][gc,phases   ] GC(66)   Pre Evacuate Collection Set: 1.6ms
[2025-12-24T12:11:46.330+0000][gc,phases   ] GC(66)   Merge Heap Roots: 0.4ms
[2025-12-24T12:11:46.330+0000][gc,phases   ] GC(66)   Evacuate Collection Set: 15.5ms
[2025-12-24T12:11:46.330+0000][gc,phases   ] GC(66)   Post Evacuate Collection Set: 1.5ms
[2025-12-24T12:11:46.330+0000][gc,phases   ] GC(66)   Other: 0.4ms
[2025-12-24T12:11:46.330+0000][gc,heap     ] GC(66) Eden regions: 606->0(606)
[2025-12-24T12:11:46.330+0000][gc,heap     ] GC(66) Survivor regions: 8->8(77)
[2025-12-24T12:11:46.330+0000][gc,heap     ] GC(66) Old regions: 30->31
[2025-12-24T12:11:46.330+0000][gc,heap     ] GC(66) Humongous regions: 131->131
[2025-12-24T12:11:46.331+0000][gc,metaspace] GC(66) Metaspace: 14141K(14528K)->14141K(14528K) NonClass: 12612K(12800K)->12612K(12800K) Class: 1528K(1728K)->1528K(1728K)
[2025-12-24T12:11:46.331+0000][gc          ] GC(66) Pause Young (Normal) (G1 Evacuation Pause) 774M->168M(1024M) 21.227ms
[2025-12-24T12:11:46.331+0000][gc,cpu      ] GC(66) User=0.11s Sys=0.02s Real=0.02s
[2025-12-24T12:12:16.606+0000][gc,start    ] GC(67) Pause Young (Normal) (G1 Evacuation Pause)
[2025-12-24T12:12:16.606+0000][gc,task     ] GC(67) Using 8 workers of 8 for evacuation
[2025-12-24T12:12:16.622+0000][gc,phases   ] GC(67)   Pre Evacuate Collection Set: 1.1ms
[2025-12-24T12:12:16.623+0000][gc,phases   ] GC(67)   Merge Heap Roots: 0.2ms
[2025-12-24T12:12:16.623+0000][gc,phases   ] GC(67)   Evacuate Collection Set: 12.3ms
[2025-12-24T12:12:16.623+0000][gc,phases   ] GC(67)   Post Evacuate Collection Set: 2.7ms
[2025-12-24T12:12:16.623+0000][gc,phases   ] GC(67)   Other: 0.2ms
[2025-12-24T12:12:16.623+0000][gc,heap     ] GC(67) Eden regions: 606->0(604)
[2025-12-24T12:12:16.623+0000][gc,heap     ] GC(67) Survivor regions: 8->10(77)
[2025-12-24T12:12:16.623+0000][gc,heap     ] GC(67) Old regions: 31->31
[2025-12-24T12:12:16.623+0000][gc,heap     ] GC(67) Humongous regions: 131->131
[2025-12-24T12:12:16.623+0000][gc,metaspace] GC(67) Metaspace: 14142K(14528K)->14142K(14528K) NonClass: 12613K(12800K)->12613K(12800K) Class: 1528K(1728K)->1528K(1728K)
[2025-12-24T12:12:16.623+0000][gc          ] GC(67) Pause Young (Normal) (G1 Evacuation Pause) 774M->170M(1024M) 17.788ms
[2025-12-24T12:12:16.623+0000][gc,cpu      ] GC(67) User=0.09s Sys=0.01s Real=0.01s
[2025-12-24T12:12:56.341+0000][gc,start    ] GC(68) Pause Young (Normal) (G1 Evacuation Pause)
[2025-12-24T12:12:56.342+0000][gc,task     ] GC(68) Using 8 workers of 8 for evacuation
[2025-12-24T12:12:56.352+0000][gc,phases   ] GC(68)   Pre Evacuate Collection Set: 1.0ms
[2025-12-24T12:12:56.352+0000][gc,phases   ] GC(68)   Merge Heap Roots: 0.3ms
[2025-12-24T12:12:56.352+0000][gc,phases   ] GC(68)   Evacuate Collection Set: 8.0ms
[2025-12-24T12:12:56.353+0000][gc,phases   ] GC(68)   Post Evacuate Collection Set: 1.1ms
[2025-12-24T12:12:56.353+0000][gc,phases   ] GC(68)   Other: 0.2ms
[2025-12-24T12:12:56.353+0000][gc,heap     ] GC(68) Eden regions: 604->0(609)
[2025-12-24T12:12:56.353+0000][gc,heap     ] GC(68) Survivor regions: 10->5(77)
[2025-12-24T12:12:56.353+0000][gc,heap     ] GC(68) Old regions: 31->31
[2025-12-24T12:12:56.353+0000][gc,heap     ] GC(68) Humongous regions: 131->131
[2025-12-24T12:12:56.353+0000][gc,metaspace] GC(68) Metaspace: 14146K(14528K)->14146K(14528K) NonClass: 12618K(12800K)->12618K(12800K) Class: 1528K(1728K)->1528K(1728K)
[2025-12-24T12:12:56.353+0000][gc          ] GC(68) Pause Young (Normal) (G1 Evacuation Pause) 774M->166M(1024M) 11.926ms
[2025-12-24T12:12:56.353+0000][gc,cpu      ] GC(68) User=0.07s Sys=0.00s Real=0.01s
[2025-12-24T12:13:26.652+0000][gc,start    ] GC(69) Pause Young (Normal) (G1 Evacuation Pause)
[2025-12-24T12:13:26.652+0000][gc,task     ] GC(69) Using 8 workers of 8 for evacuation
[2025-12-24T12:13:26.661+0000][gc,phases   ] GC(69)   Pre Evacuate Collection Set: 0.9ms
[2025-12-24T12:13:26.661+0000][gc,phases   ] GC(69)   Merge Heap Roots: 0.2ms
[2025-12-24T12:13:26.661+0000][gc,phases   ] GC(69)   Evacuate Collection Set: 5.8ms
[2025-12-24T12:13:26.661+0000][gc,phases   ] GC(69)   Post Evacuate Collection Set: 1.2ms
[2025-12-24T12:13:26.661+0000][gc,phases   ] GC(69)   Other: 0.2ms
[2025-12-24T12:13:26.661+0000][gc,heap     ] GC(69) Eden regions: 609->0(607)
[2025-12-24T12:13:26.661+0000][gc,heap     ] GC(69) Survivor regions: 5->7(77)
[2025-12-24T12:13:26.661+0000][gc,heap     ] GC(69) Old regions: 31->31
[2025-12-24T12:13:26.661+0000][gc,heap     ] GC(69) Humongous regions: 131->131
[2025-12-24T12:13:26.661+0000][gc,metaspace] GC(69) Metaspace: 14158K(14528K)->14158K(14528K) NonClass: 12630K(12800K)->12630K(12800K) Class: 1528K(1728K)->1528K(1728K)
[2025-12-24T12:13:26.661+0000][gc          ] GC(69) Pause Young (Normal) (G1 Evacuation Pause) 775M->168M(1024M) 9.594ms
[2025-12-24T12:13:26.661+0000][gc,cpu      ] GC(69) User=0.06s Sys=0.00s Real=0.01s
[2025-12-24T12:14:06.380+0000][gc,start    ] GC(70) Pause Young (Normal) (G1 Evacuation Pause)
[2025-12-24T12:14:06.381+0000][gc,task     ] GC(70) Using 8 workers of 8 for evacuation
[2025-12-24T12:14:06.389+0000][gc,phases   ] GC(70)   Pre Evacuate Collection Set: 0.8ms
[2025-12-24T12:14:06.389+0000][gc,phases   ] GC(70)   Merge Heap Roots: 0.3ms
[2025-12-24T12:14:06.389+0000][gc,phases   ] GC(70)   Evacuate Collection Set: 5.9ms
[2025-12-24T12:14:06.389+0000][gc,phases   ] GC(70)   Post Evacuate Collection Set: 1.0ms
[2025-12-24T12:14:06.389+0000][gc,phases   ] GC(70)   Other: 0.2ms
[2025-12-24T12:14:06.389+0000][gc,heap     ] GC(70) Eden regions: 607->0(608)
[2025-12-24T12:14:06.389+0000][gc,heap     ] GC(70) Survivor regions: 7->6(77)
[2025-12-24T12:14:06.389+0000][gc,heap     ] GC(70) Old regions: 31->32
[2025-12-24T12:14:06.389+0000][gc,heap     ] GC(70) Humongous regions: 131->131
[2025-12-24T12:14:06.390+0000][gc,metaspace] GC(70) Metaspace: 14162K(14528K)->14162K(14528K) NonClass: 12633K(12800K)->12633K(12800K) Class: 1528K(1728K)->1528K(1728K)
[2025-12-24T12:14:06.390+0000][gc          ] GC(70) Pause Young (Normal) (G1 Evacuation Pause) 775M->167M(1024M) 9.874ms
[2025-12-24T12:14:06.390+0000][gc,cpu      ] GC(70) User=0.05s Sys=0.01s Real=0.01s
[2025-12-24T12:14:36.670+0000][gc,start    ] GC(71) Pause Young (Normal) (G1 Evacuation Pause)
[2025-12-24T12:14:36.671+0000][gc,task     ] GC(71) Using 8 workers of 8 for evacuation
[2025-12-24T12:14:36.681+0000][gc,phases   ] GC(71)   Pre Evacuate Collection Set: 2.4ms
[2025-12-24T12:14:36.682+0000][gc,phases   ] GC(71)   Merge Heap Roots: 0.7ms
[2025-12-24T12:14:36.682+0000][gc,phases   ] GC(71)   Evacuate Collection Set: 6.1ms
[2025-12-24T12:14:36.682+0000][gc,phases   ] GC(71)   Post Evacuate Collection Set: 1.0ms
[2025-12-24T12:14:36.682+0000][gc,phases   ] GC(71)   Other: 0.3ms
[2025-12-24T12:14:36.682+0000][gc,heap     ] GC(71) Eden regions: 608->0(606)
[2025-12-24T12:14:36.682+0000][gc,heap     ] GC(71) Survivor regions: 6->8(77)
[2025-12-24T12:14:36.682+0000][gc,heap     ] GC(71) Old regions: 32->32
[2025-12-24T12:14:36.682+0000][gc,heap     ] GC(71) Humongous regions: 131->131
[2025-12-24T12:14:36.682+0000][gc,metaspace] GC(71) Metaspace: 14165K(14528K)->14165K(14528K) NonClass: 12637K(12800K)->12637K(12800K) Class: 1528K(1728K)->1528K(1728K)
[2025-12-24T12:14:36.682+0000][gc          ] GC(71) Pause Young (Normal) (G1 Evacuation Pause) 775M->169M(1024M) 11.931ms
[2025-12-24T12:14:36.682+0000][gc,cpu      ] GC(71) User=0.07s Sys=0.00s Real=0.01s
[2025-12-24T12:15:16.427+0000][gc,start    ] GC(72) Pause Young (Normal) (G1 Evacuation Pause)
[2025-12-24T12:15:16.428+0000][gc,task     ] GC(72) Using 8 workers of 8 for evacuation
[2025-12-24T12:15:16.445+0000][gc,phases   ] GC(72)   Pre Evacuate Collection Set: 0.8ms
[2025-12-24T12:15:16.445+0000][gc,phases   ] GC(72)   Merge Heap Roots: 0.2ms
[2025-12-24T12:15:16.445+0000][gc,phases   ] GC(72)   Evacuate Collection Set: 13.3ms
[2025-12-24T12:15:16.445+0000][gc,phases   ] GC(72)   Post Evacuate Collection Set: 2.3ms
[2025-12-24T12:15:16.445+0000][gc,phases   ] GC(72)   Other: 0.2ms
[2025-12-24T12:15:16.445+0000][gc,heap     ] GC(72) Eden regions: 606->0(606)
[2025-12-24T12:15:16.445+0000][gc,heap     ] GC(72) Survivor regions: 8->8(77)
[2025-12-24T12:15:16.445+0000][gc,heap     ] GC(72) Old regions: 32->32
[2025-12-24T12:15:16.445+0000][gc,heap     ] GC(72) Humongous regions: 131->131
[2025-12-24T12:15:16.445+0000][gc,metaspace] GC(72) Metaspace: 14170K(14592K)->14170K(14592K) NonClass: 12641K(12864K)->12641K(12864K) Class: 1528K(1728K)->1528K(1728K)
[2025-12-24T12:15:16.445+0000][gc          ] GC(72) Pause Young (Normal) (G1 Evacuation Pause) 775M->169M(1024M) 18.029ms
[2025-12-24T12:15:16.446+0000][gc,cpu      ] GC(72) User=0.11s Sys=0.00s Real=0.01s
[2025-12-24T12:15:46.714+0000][gc,start    ] GC(73) Pause Young (Normal) (G1 Evacuation Pause)
[2025-12-24T12:15:46.715+0000][gc,task     ] GC(73) Using 8 workers of 8 for evacuation
[2025-12-24T12:15:46.728+0000][gc,phases   ] GC(73)   Pre Evacuate Collection Set: 1.3ms
[2025-12-24T12:15:46.729+0000][gc,phases   ] GC(73)   Merge Heap Roots: 0.2ms
[2025-12-24T12:15:46.729+0000][gc,phases   ] GC(73)   Evacuate Collection Set: 10.4ms
[2025-12-24T12:15:46.729+0000][gc,phases   ] GC(73)   Post Evacuate Collection Set: 1.0ms
[2025-12-24T12:15:46.729+0000][gc,phases   ] GC(73)   Other: 0.6ms
[2025-12-24T12:15:46.729+0000][gc,heap     ] GC(73) Eden regions: 606->0(605)
[2025-12-24T12:15:46.729+0000][gc,heap     ] GC(73) Survivor regions: 8->9(77)
[2025-12-24T12:15:46.729+0000][gc,heap     ] GC(73) Old regions: 32->32
[2025-12-24T12:15:46.729+0000][gc,heap     ] GC(73) Humongous regions: 131->131
[2025-12-24T12:15:46.729+0000][gc,metaspace] GC(73) Metaspace: 14171K(14592K)->14171K(14592K) NonClass: 12643K(12864K)->12643K(12864K) Class: 1528K(1728K)->1528K(1728K)
[2025-12-24T12:15:46.729+0000][gc          ] GC(73) Pause Young (Normal) (G1 Evacuation Pause) 775M->171M(1024M) 14.816ms
[2025-12-24T12:15:46.729+0000][gc,cpu      ] GC(73) User=0.08s Sys=0.00s Real=0.02s
[2025-12-24T12:16:26.411+0000][gc,start    ] GC(74) Pause Young (Normal) (G1 Evacuation Pause)
[2025-12-24T12:16:26.412+0000][gc,task     ] GC(74) Using 8 workers of 8 for evacuation
[2025-12-24T12:16:26.421+0000][gc,phases   ] GC(74)   Pre Evacuate Collection Set: 0.8ms
[2025-12-24T12:16:26.421+0000][gc,phases   ] GC(74)   Merge Heap Roots: 0.2ms
[2025-12-24T12:16:26.421+0000][gc,phases   ] GC(74)   Evacuate Collection Set: 6.9ms
[2025-12-24T12:16:26.421+0000][gc,phases   ] GC(74)   Post Evacuate Collection Set: 0.8ms
[2025-12-24T12:16:26.421+0000][gc,phases   ] GC(74)   Other: 0.2ms
[2025-12-24T12:16:26.421+0000][gc,heap     ] GC(74) Eden regions: 605->0(605)
[2025-12-24T12:16:26.421+0000][gc,heap     ] GC(74) Survivor regions: 9->9(77)
[2025-12-24T12:16:26.422+0000][gc,heap     ] GC(74) Old regions: 32->32
[2025-12-24T12:16:26.422+0000][gc,heap     ] GC(74) Humongous regions: 131->131
[2025-12-24T12:16:26.422+0000][gc,metaspace] GC(74) Metaspace: 14191K(14592K)->14191K(14592K) NonClass: 12662K(12864K)->12662K(12864K) Class: 1528K(1728K)->1528K(1728K)
[2025-12-24T12:16:26.422+0000][gc          ] GC(74) Pause Young (Normal) (G1 Evacuation Pause) 776M->171M(1024M) 10.553ms
[2025-12-24T12:16:26.422+0000][gc,cpu      ] GC(74) User=0.06s Sys=0.00s Real=0.01s
[2025-12-24T12:16:56.697+0000][gc,start    ] GC(75) Pause Young (Normal) (G1 Evacuation Pause)
[2025-12-24T12:16:56.697+0000][gc,task     ] GC(75) Using 8 workers of 8 for evacuation
[2025-12-24T12:16:56.712+0000][gc,phases   ] GC(75)   Pre Evacuate Collection Set: 1.0ms
[2025-12-24T12:16:56.712+0000][gc,phases   ] GC(75)   Merge Heap Roots: 0.3ms
[2025-12-24T12:16:56.712+0000][gc,phases   ] GC(75)   Evacuate Collection Set: 11.9ms
[2025-12-24T12:16:56.712+0000][gc,phases   ] GC(75)   Post Evacuate Collection Set: 1.1ms
[2025-12-24T12:16:56.712+0000][gc,phases   ] GC(75)   Other: 0.3ms
[2025-12-24T12:16:56.712+0000][gc,heap     ] GC(75) Eden regions: 605->0(608)
[2025-12-24T12:16:56.712+0000][gc,heap     ] GC(75) Survivor regions: 9->6(77)
[2025-12-24T12:16:56.712+0000][gc,heap     ] GC(75) Old regions: 32->33
[2025-12-24T12:16:56.712+0000][gc,heap     ] GC(75) Humongous regions: 131->131
[2025-12-24T12:16:56.712+0000][gc,metaspace] GC(75) Metaspace: 14210K(14592K)->14210K(14592K) NonClass: 12681K(12864K)->12681K(12864K) Class: 1528K(1728K)->1528K(1728K)
[2025-12-24T12:16:56.712+0000][gc          ] GC(75) Pause Young (Normal) (G1 Evacuation Pause) 776M->169M(1024M) 15.715ms
[2025-12-24T12:16:56.712+0000][gc,cpu      ] GC(75) User=0.09s Sys=0.01s Real=0.01s
[2025-12-24T12:17:36.456+0000][gc,start    ] GC(76) Pause Young (Normal) (G1 Evacuation Pause)
[2025-12-24T12:17:36.458+0000][gc,task     ] GC(76) Using 8 workers of 8 for evacuation
[2025-12-24T12:17:36.467+0000][gc,phases   ] GC(76)   Pre Evacuate Collection Set: 1.0ms
[2025-12-24T12:17:36.467+0000][gc,phases   ] GC(76)   Merge Heap Roots: 0.3ms
[2025-12-24T12:17:36.468+0000][gc,phases   ] GC(76)   Evacuate Collection Set: 6.1ms
[2025-12-24T12:17:36.468+0000][gc,phases   ] GC(76)   Post Evacuate Collection Set: 2.3ms
[2025-12-24T12:17:36.468+0000][gc,phases   ] GC(76)   Other: 0.2ms
[2025-12-24T12:17:36.468+0000][gc,heap     ] GC(76) Eden regions: 608->0(608)
[2025-12-24T12:17:36.468+0000][gc,heap     ] GC(76) Survivor regions: 6->6(77)
[2025-12-24T12:17:36.468+0000][gc,heap     ] GC(76) Old regions: 33->33
[2025-12-24T12:17:36.468+0000][gc,heap     ] GC(76) Humongous regions: 131->131
[2025-12-24T12:17:36.468+0000][gc,metaspace] GC(76) Metaspace: 14348K(14784K)->14348K(14784K) NonClass: 12819K(13056K)->12819K(13056K) Class: 1528K(1728K)->1528K(1728K)
[2025-12-24T12:17:36.468+0000][gc          ] GC(76) Pause Young (Normal) (G1 Evacuation Pause) 777M->169M(1024M) 11.703ms
[2025-12-24T12:17:36.468+0000][gc,cpu      ] GC(76) User=0.06s Sys=0.00s Real=0.01s
[2025-12-24T12:18:06.732+0000][gc,start    ] GC(77) Pause Young (Normal) (G1 Evacuation Pause)
[2025-12-24T12:18:06.732+0000][gc,task     ] GC(77) Using 8 workers of 8 for evacuation
[2025-12-24T12:18:06.742+0000][gc,phases   ] GC(77)   Pre Evacuate Collection Set: 0.8ms
[2025-12-24T12:18:06.742+0000][gc,phases   ] GC(77)   Merge Heap Roots: 0.2ms
[2025-12-24T12:18:06.742+0000][gc,phases   ] GC(77)   Evacuate Collection Set: 8.1ms
[2025-12-24T12:18:06.742+0000][gc,phases   ] GC(77)   Post Evacuate Collection Set: 0.9ms
[2025-12-24T12:18:06.743+0000][gc,phases   ] GC(77)   Other: 0.2ms
[2025-12-24T12:18:06.743+0000][gc,heap     ] GC(77) Eden regions: 608->0(606)
[2025-12-24T12:18:06.743+0000][gc,heap     ] GC(77) Survivor regions: 6->8(77)
[2025-12-24T12:18:06.743+0000][gc,heap     ] GC(77) Old regions: 33->33
[2025-12-24T12:18:06.743+0000][gc,heap     ] GC(77) Humongous regions: 131->131
[2025-12-24T12:18:06.743+0000][gc,metaspace] GC(77) Metaspace: 14348K(14784K)->14348K(14784K) NonClass: 12819K(13056K)->12819K(13056K) Class: 1528K(1728K)->1528K(1728K)
[2025-12-24T12:18:06.743+0000][gc          ] GC(77) Pause Young (Normal) (G1 Evacuation Pause) 777M->171M(1024M) 11.191ms
[2025-12-24T12:18:06.743+0000][gc,cpu      ] GC(77) User=0.06s Sys=0.01s Real=0.01s
[2025-12-24T12:18:46.489+0000][gc,start    ] GC(78) Pause Young (Normal) (G1 Evacuation Pause)
[2025-12-24T12:18:46.489+0000][gc,task     ] GC(78) Using 8 workers of 8 for evacuation
[2025-12-24T12:18:46.505+0000][gc,phases   ] GC(78)   Pre Evacuate Collection Set: 0.9ms
[2025-12-24T12:18:46.505+0000][gc,phases   ] GC(78)   Merge Heap Roots: 0.2ms
[2025-12-24T12:18:46.505+0000][gc,phases   ] GC(78)   Evacuate Collection Set: 13.4ms
[2025-12-24T12:18:46.505+0000][gc,phases   ] GC(78)   Post Evacuate Collection Set: 0.9ms
[2025-12-24T12:18:46.505+0000][gc,phases   ] GC(78)   Other: 0.2ms
[2025-12-24T12:18:46.505+0000][gc,heap     ] GC(78) Eden regions: 606->0(607)
[2025-12-24T12:18:46.505+0000][gc,heap     ] GC(78) Survivor regions: 8->7(77)
[2025-12-24T12:18:46.505+0000][gc,heap     ] GC(78) Old regions: 33->33
[2025-12-24T12:18:46.505+0000][gc,heap     ] GC(78) Humongous regions: 131->131
[2025-12-24T12:18:46.505+0000][gc,metaspace] GC(78) Metaspace: 14349K(14784K)->14349K(14784K) NonClass: 12821K(13056K)->12821K(13056K) Class: 1528K(1728K)->1528K(1728K)
[2025-12-24T12:18:46.505+0000][gc          ] GC(78) Pause Young (Normal) (G1 Evacuation Pause) 777M->170M(1024M) 16.708ms
[2025-12-24T12:18:46.505+0000][gc,cpu      ] GC(78) User=0.12s Sys=0.00s Real=0.02s
[2025-12-24T12:19:16.901+0000][gc,start    ] GC(79) Pause Young (Normal) (G1 Evacuation Pause)
[2025-12-24T12:19:16.901+0000][gc,task     ] GC(79) Using 8 workers of 8 for evacuation
[2025-12-24T12:19:16.915+0000][gc,phases   ] GC(79)   Pre Evacuate Collection Set: 1.0ms
[2025-12-24T12:19:16.915+0000][gc,phases   ] GC(79)   Merge Heap Roots: 0.3ms
[2025-12-24T12:19:16.915+0000][gc,phases   ] GC(79)   Evacuate Collection Set: 10.5ms
[2025-12-24T12:19:16.915+0000][gc,phases   ] GC(79)   Post Evacuate Collection Set: 1.3ms
[2025-12-24T12:19:16.915+0000][gc,phases   ] GC(79)   Other: 0.3ms
[2025-12-24T12:19:16.915+0000][gc,heap     ] GC(79) Eden regions: 607->0(605)
[2025-12-24T12:19:16.915+0000][gc,heap     ] GC(79) Survivor regions: 7->9(77)
[2025-12-24T12:19:16.915+0000][gc,heap     ] GC(79) Old regions: 33->34
[2025-12-24T12:19:16.915+0000][gc,heap     ] GC(79) Humongous regions: 131->131
[2025-12-24T12:19:16.915+0000][gc,metaspace] GC(79) Metaspace: 14350K(14784K)->14350K(14784K) NonClass: 12821K(13056K)->12821K(13056K) Class: 1528K(1728K)->1528K(1728K)
[2025-12-24T12:19:16.915+0000][gc          ] GC(79) Pause Young (Normal) (G1 Evacuation Pause) 777M->173M(1024M) 14.483ms
[2025-12-24T12:19:16.915+0000][gc,cpu      ] GC(79) User=0.09s Sys=0.00s Real=0.01s
[2025-12-24T12:19:56.497+0000][gc,start    ] GC(80) Pause Young (Normal) (G1 Evacuation Pause)
[2025-12-24T12:19:56.497+0000][gc,task     ] GC(80) Using 8 workers of 8 for evacuation
[2025-12-24T12:19:56.515+0000][gc,phases   ] GC(80)   Pre Evacuate Collection Set: 1.0ms
[2025-12-24T12:19:56.515+0000][gc,phases   ] GC(80)   Merge Heap Roots: 0.3ms
[2025-12-24T12:19:56.516+0000][gc,phases   ] GC(80)   Evacuate Collection Set: 15.8ms
[2025-12-24T12:19:56.516+0000][gc,phases   ] GC(80)   Post Evacuate Collection Set: 1.0ms
[2025-12-24T12:19:56.516+0000][gc,phases   ] GC(80)   Other: 0.2ms
[2025-12-24T12:19:56.516+0000][gc,heap     ] GC(80) Eden regions: 605->0(605)
[2025-12-24T12:19:56.516+0000][gc,heap     ] GC(80) Survivor regions: 9->9(77)
[2025-12-24T12:19:56.516+0000][gc,heap     ] GC(80) Old regions: 34->34
[2025-12-24T12:19:56.516+0000][gc,heap     ] GC(80) Humongous regions: 131->131
[2025-12-24T12:19:56.516+0000][gc,metaspace] GC(80) Metaspace: 14358K(14784K)->14358K(14784K) NonClass: 12829K(13056K)->12829K(13056K) Class: 1529K(1728K)->1529K(1728K)
[2025-12-24T12:19:56.516+0000][gc          ] GC(80) Pause Young (Normal) (G1 Evacuation Pause) 778M->172M(1024M) 19.190ms
[2025-12-24T12:19:56.516+0000][gc,cpu      ] GC(80) User=0.14s Sys=0.00s Real=0.02s
[2025-12-24T12:20:26.852+0000][gc,start    ] GC(81) Pause Young (Normal) (G1 Evacuation Pause)
[2025-12-24T12:20:26.852+0000][gc,task     ] GC(81) Using 8 workers of 8 for evacuation
[2025-12-24T12:20:26.873+0000][gc,phases   ] GC(81)   Pre Evacuate Collection Set: 0.9ms
[2025-12-24T12:20:26.873+0000][gc,phases   ] GC(81)   Merge Heap Roots: 0.3ms
[2025-12-24T12:20:26.873+0000][gc,phases   ] GC(81)   Evacuate Collection Set: 17.2ms
[2025-12-24T12:20:26.873+0000][gc,phases   ] GC(81)   Post Evacuate Collection Set: 1.9ms
[2025-12-24T12:20:26.873+0000][gc,phases   ] GC(81)   Other: 0.2ms
[2025-12-24T12:20:26.873+0000][gc,heap     ] GC(81) Eden regions: 605->0(604)
[2025-12-24T12:20:26.873+0000][gc,heap     ] GC(81) Survivor regions: 9->10(77)
[2025-12-24T12:20:26.874+0000][gc,heap     ] GC(81) Old regions: 34->34
[2025-12-24T12:20:26.874+0000][gc,heap     ] GC(81) Humongous regions: 131->131
[2025-12-24T12:20:26.874+0000][gc,metaspace] GC(81) Metaspace: 14358K(14784K)->14358K(14784K) NonClass: 12829K(13056K)->12829K(13056K) Class: 1529K(1728K)->1529K(1728K)
[2025-12-24T12:20:26.875+0000][gc          ] GC(81) Pause Young (Normal) (G1 Evacuation Pause) 777M->174M(1024M) 22.742ms
[2025-12-24T12:20:26.875+0000][gc,cpu      ] GC(81) User=0.12s Sys=0.01s Real=0.02s
[2025-12-24T12:21:06.523+0000][gc,start    ] GC(82) Pause Young (Normal) (G1 Evacuation Pause)
[2025-12-24T12:21:06.523+0000][gc,task     ] GC(82) Using 8 workers of 8 for evacuation
[2025-12-24T12:21:06.537+0000][gc,phases   ] GC(82)   Pre Evacuate Collection Set: 1.8ms
[2025-12-24T12:21:06.537+0000][gc,phases   ] GC(82)   Merge Heap Roots: 0.4ms
[2025-12-24T12:21:06.537+0000][gc,phases   ] GC(82)   Evacuate Collection Set: 9.3ms
[2025-12-24T12:21:06.537+0000][gc,phases   ] GC(82)   Post Evacuate Collection Set: 1.4ms
[2025-12-24T12:21:06.537+0000][gc,phases   ] GC(82)   Other: 0.2ms
[2025-12-24T12:21:06.537+0000][gc,heap     ] GC(82) Eden regions: 604->0(608)
[2025-12-24T12:21:06.537+0000][gc,heap     ] GC(82) Survivor regions: 10->6(77)
[2025-12-24T12:21:06.537+0000][gc,heap     ] GC(82) Old regions: 34->34
[2025-12-24T12:21:06.537+0000][gc,heap     ] GC(82) Humongous regions: 131->131
[2025-12-24T12:21:06.537+0000][gc,metaspace] GC(82) Metaspace: 14360K(14784K)->14360K(14784K) NonClass: 12831K(13056K)->12831K(13056K) Class: 1529K(1728K)->1529K(1728K)
[2025-12-24T12:21:06.537+0000][gc          ] GC(82) Pause Young (Normal) (G1 Evacuation Pause) 778M->170M(1024M) 14.335ms
[2025-12-24T12:21:06.537+0000][gc,cpu      ] GC(82) User=0.09s Sys=0.01s Real=0.01s
[2025-12-24T12:21:36.807+0000][gc,start    ] GC(83) Pause Young (Normal) (G1 Evacuation Pause)
[2025-12-24T12:21:36.808+0000][gc,task     ] GC(83) Using 8 workers of 8 for evacuation
[2025-12-24T12:21:36.825+0000][gc,phases   ] GC(83)   Pre Evacuate Collection Set: 0.8ms
[2025-12-24T12:21:36.825+0000][gc,phases   ] GC(83)   Merge Heap Roots: 0.3ms
[2025-12-24T12:21:36.825+0000][gc,phases   ] GC(83)   Evacuate Collection Set: 15.3ms
[2025-12-24T12:21:36.826+0000][gc,phases   ] GC(83)   Post Evacuate Collection Set: 1.1ms
[2025-12-24T12:21:36.826+0000][gc,phases   ] GC(83)   Other: 0.2ms
[2025-12-24T12:21:36.826+0000][gc,heap     ] GC(83) Eden regions: 608->0(607)
[2025-12-24T12:21:36.826+0000][gc,heap     ] GC(83) Survivor regions: 6->7(77)
[2025-12-24T12:21:36.826+0000][gc,heap     ] GC(83) Old regions: 34->35
[2025-12-24T12:21:36.826+0000][gc,heap     ] GC(83) Humongous regions: 131->131
[2025-12-24T12:21:36.826+0000][gc,metaspace] GC(83) Metaspace: 14363K(14784K)->14363K(14784K) NonClass: 12834K(13056K)->12834K(13056K) Class: 1529K(1728K)->1529K(1728K)
[2025-12-24T12:21:36.826+0000][gc          ] GC(83) Pause Young (Normal) (G1 Evacuation Pause) 778M->171M(1024M) 18.743ms
[2025-12-24T12:21:36.826+0000][gc,cpu      ] GC(83) User=0.09s Sys=0.02s Real=0.02s
[2025-12-24T12:22:16.570+0000][gc,start    ] GC(84) Pause Young (Normal) (G1 Evacuation Pause)
[2025-12-24T12:22:16.570+0000][gc,task     ] GC(84) Using 8 workers of 8 for evacuation
[2025-12-24T12:22:16.583+0000][gc,phases   ] GC(84)   Pre Evacuate Collection Set: 0.8ms
[2025-12-24T12:22:16.583+0000][gc,phases   ] GC(84)   Merge Heap Roots: 0.2ms
[2025-12-24T12:22:16.583+0000][gc,phases   ] GC(84)   Evacuate Collection Set: 10.0ms
[2025-12-24T12:22:16.583+0000][gc,phases   ] GC(84)   Post Evacuate Collection Set: 1.2ms
[2025-12-24T12:22:16.583+0000][gc,phases   ] GC(84)   Other: 0.2ms
[2025-12-24T12:22:16.583+0000][gc,heap     ] GC(84) Eden regions: 607->0(607)
[2025-12-24T12:22:16.583+0000][gc,heap     ] GC(84) Survivor regions: 7->7(77)
[2025-12-24T12:22:16.583+0000][gc,heap     ] GC(84) Old regions: 35->35
[2025-12-24T12:22:16.583+0000][gc,heap     ] GC(84) Humongous regions: 131->131
[2025-12-24T12:22:16.583+0000][gc,metaspace] GC(84) Metaspace: 14363K(14784K)->14363K(14784K) NonClass: 12834K(13056K)->12834K(13056K) Class: 1529K(1728K)->1529K(1728K)
[2025-12-24T12:22:16.583+0000][gc          ] GC(84) Pause Young (Normal) (G1 Evacuation Pause) 778M->171M(1024M) 13.433ms
[2025-12-24T12:22:16.583+0000][gc,cpu      ] GC(84) User=0.07s Sys=0.01s Real=0.01s
[2025-12-24T12:22:54.199+0000][gc,start    ] GC(85) Pause Young (Normal) (G1 Evacuation Pause)
[2025-12-24T12:22:54.201+0000][gc,task     ] GC(85) Using 8 workers of 8 for evacuation
[2025-12-24T12:22:54.221+0000][gc,phases   ] GC(85)   Pre Evacuate Collection Set: 2.2ms
[2025-12-24T12:22:54.221+0000][gc,phases   ] GC(85)   Merge Heap Roots: 0.5ms
[2025-12-24T12:22:54.221+0000][gc,phases   ] GC(85)   Evacuate Collection Set: 13.7ms
[2025-12-24T12:22:54.221+0000][gc,phases   ] GC(85)   Post Evacuate Collection Set: 2.3ms
[2025-12-24T12:22:54.221+0000][gc,phases   ] GC(85)   Other: 0.8ms
[2025-12-24T12:22:54.222+0000][gc,heap     ] GC(85) Eden regions: 607->0(608)
[2025-12-24T12:22:54.222+0000][gc,heap     ] GC(85) Survivor regions: 7->6(77)
[2025-12-24T12:22:54.222+0000][gc,heap     ] GC(85) Old regions: 35->35
[2025-12-24T12:22:54.222+0000][gc,heap     ] GC(85) Humongous regions: 131->131
[2025-12-24T12:22:54.222+0000][gc,metaspace] GC(85) Metaspace: 14364K(14784K)->14364K(14784K) NonClass: 12835K(13056K)->12835K(13056K) Class: 1529K(1728K)->1529K(1728K)
[2025-12-24T12:22:54.222+0000][gc          ] GC(85) Pause Young (Normal) (G1 Evacuation Pause) 778M->171M(1024M) 23.108ms
[2025-12-24T12:22:54.223+0000][gc,cpu      ] GC(85) User=0.12s Sys=0.00s Real=0.02s
[2025-12-24T12:23:26.580+0000][gc,start    ] GC(86) Pause Young (Normal) (G1 Evacuation Pause)
[2025-12-24T12:23:26.580+0000][gc,task     ] GC(86) Using 8 workers of 8 for evacuation
[2025-12-24T12:23:26.593+0000][gc,phases   ] GC(86)   Pre Evacuate Collection Set: 0.9ms
[2025-12-24T12:23:26.593+0000][gc,phases   ] GC(86)   Merge Heap Roots: 0.2ms
[2025-12-24T12:23:26.593+0000][gc,phases   ] GC(86)   Evacuate Collection Set: 10.3ms
[2025-12-24T12:23:26.593+0000][gc,phases   ] GC(86)   Post Evacuate Collection Set: 1.0ms
[2025-12-24T12:23:26.593+0000][gc,phases   ] GC(86)   Other: 0.3ms
[2025-12-24T12:23:26.593+0000][gc,heap     ] GC(86) Eden regions: 608->0(606)
[2025-12-24T12:23:26.593+0000][gc,heap     ] GC(86) Survivor regions: 6->8(77)
[2025-12-24T12:23:26.594+0000][gc,heap     ] GC(86) Old regions: 35->35
[2025-12-24T12:23:26.594+0000][gc,heap     ] GC(86) Humongous regions: 131->131
[2025-12-24T12:23:26.594+0000][gc,metaspace] GC(86) Metaspace: 14378K(14784K)->14378K(14784K) NonClass: 12849K(13056K)->12849K(13056K) Class: 1529K(1728K)->1529K(1728K)
[2025-12-24T12:23:26.594+0000][gc          ] GC(86) Pause Young (Normal) (G1 Evacuation Pause) 779M->173M(1024M) 14.019ms
[2025-12-24T12:23:26.594+0000][gc,cpu      ] GC(86) User=0.07s Sys=0.00s Real=0.01s
[2025-12-24T12:25:18.180+0000][gc,start    ] GC(87) Pause Young (Normal) (G1 Evacuation Pause)
[2025-12-24T12:25:18.181+0000][gc,task     ] GC(87) Using 8 workers of 8 for evacuation
[2025-12-24T12:25:18.254+0000][gc,phases   ] GC(87)   Pre Evacuate Collection Set: 4.5ms
[2025-12-24T12:25:18.254+0000][gc,phases   ] GC(87)   Merge Heap Roots: 1.3ms
[2025-12-24T12:25:18.255+0000][gc,phases   ] GC(87)   Evacuate Collection Set: 61.9ms
[2025-12-24T12:25:18.255+0000][gc,phases   ] GC(87)   Post Evacuate Collection Set: 4.0ms
[2025-12-24T12:25:18.255+0000][gc,phases   ] GC(87)   Other: 1.1ms
[2025-12-24T12:25:18.255+0000][gc,heap     ] GC(87) Eden regions: 606->0(606)
[2025-12-24T12:25:18.256+0000][gc,heap     ] GC(87) Survivor regions: 8->8(77)
[2025-12-24T12:25:18.256+0000][gc,heap     ] GC(87) Old regions: 35->36
[2025-12-24T12:25:18.256+0000][gc,heap     ] GC(87) Humongous regions: 131->131
[2025-12-24T12:25:18.257+0000][gc,metaspace] GC(87) Metaspace: 14387K(14784K)->14387K(14784K) NonClass: 12857K(13056K)->12857K(13056K) Class: 1530K(1728K)->1530K(1728K)
[2025-12-24T12:25:18.257+0000][gc          ] GC(87) Pause Young (Normal) (G1 Evacuation Pause) 779M->173M(1024M) 77.326ms
[2025-12-24T12:25:18.258+0000][gc,cpu      ] GC(87) User=0.43s Sys=0.02s Real=0.07s
[2025-12-24T12:25:49.681+0000][gc,start    ] GC(88) Pause Young (Normal) (G1 Evacuation Pause)
[2025-12-24T12:25:49.684+0000][gc,task     ] GC(88) Using 8 workers of 8 for evacuation
[2025-12-24T12:25:49.732+0000][gc,phases   ] GC(88)   Pre Evacuate Collection Set: 4.1ms
[2025-12-24T12:25:49.732+0000][gc,phases   ] GC(88)   Merge Heap Roots: 1.2ms
[2025-12-24T12:25:49.733+0000][gc,phases   ] GC(88)   Evacuate Collection Set: 38.2ms
[2025-12-24T12:25:49.734+0000][gc,phases   ] GC(88)   Post Evacuate Collection Set: 3.9ms
[2025-12-24T12:25:49.734+0000][gc,phases   ] GC(88)   Other: 1.0ms
[2025-12-24T12:25:49.735+0000][gc,heap     ] GC(88) Eden regions: 606->0(604)
[2025-12-24T12:25:49.735+0000][gc,heap     ] GC(88) Survivor regions: 8->10(77)
[2025-12-24T12:25:49.735+0000][gc,heap     ] GC(88) Old regions: 36->36
[2025-12-24T12:25:49.735+0000][gc,heap     ] GC(88) Humongous regions: 131->131
[2025-12-24T12:25:49.735+0000][gc,metaspace] GC(88) Metaspace: 14393K(14784K)->14393K(14784K) NonClass: 12863K(13056K)->12863K(13056K) Class: 1530K(1728K)->1530K(1728K)
[2025-12-24T12:25:49.736+0000][gc          ] GC(88) Pause Young (Normal) (G1 Evacuation Pause) 779M->175M(1024M) 54.716ms
[2025-12-24T12:25:49.736+0000][gc,cpu      ] GC(88) User=0.27s Sys=0.01s Real=0.05s
[2025-12-24T12:30:40.994+0000][gc,start    ] GC(89) Pause Young (Normal) (G1 Evacuation Pause)
[2025-12-24T12:30:40.995+0000][gc,task     ] GC(89) Using 8 workers of 8 for evacuation
[2025-12-24T12:30:41.028+0000][gc,phases   ] GC(89)   Pre Evacuate Collection Set: 3.6ms
[2025-12-24T12:30:41.028+0000][gc,phases   ] GC(89)   Merge Heap Roots: 1.0ms
[2025-12-24T12:30:41.028+0000][gc,phases   ] GC(89)   Evacuate Collection Set: 24.3ms
[2025-12-24T12:30:41.029+0000][gc,phases   ] GC(89)   Post Evacuate Collection Set: 4.5ms
[2025-12-24T12:30:41.029+0000][gc,phases   ] GC(89)   Other: 0.3ms
[2025-12-24T12:30:41.029+0000][gc,heap     ] GC(89) Eden regions: 604->0(609)
[2025-12-24T12:30:41.029+0000][gc,heap     ] GC(89) Survivor regions: 10->5(77)
[2025-12-24T12:30:41.029+0000][gc,heap     ] GC(89) Old regions: 36->36
[2025-12-24T12:30:41.029+0000][gc,heap     ] GC(89) Humongous regions: 131->131
[2025-12-24T12:30:41.029+0000][gc,metaspace] GC(89) Metaspace: 14448K(14848K)->14448K(14848K) NonClass: 12904K(13056K)->12904K(13056K) Class: 1543K(1792K)->1543K(1792K)
[2025-12-24T12:30:41.029+0000][gc          ] GC(89) Pause Young (Normal) (G1 Evacuation Pause) 779M->171M(1024M) 34.925ms
[2025-12-24T12:30:41.029+0000][gc,cpu      ] GC(89) User=0.21s Sys=0.00s Real=0.04s
[2025-12-24T12:31:14.010+0000][gc,start    ] GC(90) Pause Young (Normal) (G1 Evacuation Pause)
[2025-12-24T12:31:14.011+0000][gc,task     ] GC(90) Using 8 workers of 8 for evacuation
[2025-12-24T12:31:14.023+0000][gc,phases   ] GC(90)   Pre Evacuate Collection Set: 0.9ms
[2025-12-24T12:31:14.023+0000][gc,phases   ] GC(90)   Merge Heap Roots: 0.2ms
[2025-12-24T12:31:14.023+0000][gc,phases   ] GC(90)   Evacuate Collection Set: 9.9ms
[2025-12-24T12:31:14.023+0000][gc,phases   ] GC(90)   Post Evacuate Collection Set: 0.9ms
[2025-12-24T12:31:14.023+0000][gc,phases   ] GC(90)   Other: 0.3ms
[2025-12-24T12:31:14.023+0000][gc,heap     ] GC(90) Eden regions: 609->0(608)
[2025-12-24T12:31:14.023+0000][gc,heap     ] GC(90) Survivor regions: 5->6(77)
[2025-12-24T12:31:14.023+0000][gc,heap     ] GC(90) Old regions: 36->36
[2025-12-24T12:31:14.023+0000][gc,heap     ] GC(90) Humongous regions: 131->131
[2025-12-24T12:31:14.023+0000][gc,metaspace] GC(90) Metaspace: 14448K(14848K)->14448K(14848K) NonClass: 12904K(13056K)->12904K(13056K) Class: 1543K(1792K)->1543K(1792K)
[2025-12-24T12:31:14.023+0000][gc          ] GC(90) Pause Young (Normal) (G1 Evacuation Pause) 780M->172M(1024M) 13.326ms
[2025-12-24T12:31:14.023+0000][gc,cpu      ] GC(90) User=0.08s Sys=0.00s Real=0.01s
[2025-12-24T12:31:53.748+0000][gc,start    ] GC(91) Pause Young (Normal) (G1 Evacuation Pause)
[2025-12-24T12:31:53.749+0000][gc,task     ] GC(91) Using 8 workers of 8 for evacuation
[2025-12-24T12:31:53.773+0000][gc,phases   ] GC(91)   Pre Evacuate Collection Set: 2.2ms
[2025-12-24T12:31:53.775+0000][gc,phases   ] GC(91)   Merge Heap Roots: 0.3ms
[2025-12-24T12:31:53.775+0000][gc,phases   ] GC(91)   Evacuate Collection Set: 19.1ms
[2025-12-24T12:31:53.775+0000][gc,phases   ] GC(91)   Post Evacuate Collection Set: 1.3ms
[2025-12-24T12:31:53.775+0000][gc,phases   ] GC(91)   Other: 0.4ms
[2025-12-24T12:31:53.775+0000][gc,heap     ] GC(91) Eden regions: 608->0(608)
[2025-12-24T12:31:53.775+0000][gc,heap     ] GC(91) Survivor regions: 6->6(77)
[2025-12-24T12:31:53.775+0000][gc,heap     ] GC(91) Old regions: 36->37
[2025-12-24T12:31:53.775+0000][gc,heap     ] GC(91) Humongous regions: 131->131
[2025-12-24T12:31:53.775+0000][gc,metaspace] GC(91) Metaspace: 14456K(14848K)->14456K(14848K) NonClass: 12911K(13056K)->12911K(13056K) Class: 1544K(1792K)->1544K(1792K)
[2025-12-24T12:31:53.775+0000][gc          ] GC(91) Pause Young (Normal) (G1 Evacuation Pause) 780M->172M(1024M) 27.068ms
[2025-12-24T12:31:53.776+0000][gc,cpu      ] GC(91) User=0.12s Sys=0.04s Real=0.02s
[2025-12-24T12:35:46.920+0000][gc,start    ] GC(92) Pause Young (Normal) (G1 Evacuation Pause)
[2025-12-24T12:35:46.921+0000][gc,task     ] GC(92) Using 8 workers of 8 for evacuation
[2025-12-24T12:35:46.935+0000][gc,phases   ] GC(92)   Pre Evacuate Collection Set: 1.0ms
[2025-12-24T12:35:46.935+0000][gc,phases   ] GC(92)   Merge Heap Roots: 0.2ms
[2025-12-24T12:35:46.935+0000][gc,phases   ] GC(92)   Evacuate Collection Set: 10.7ms
[2025-12-24T12:35:46.935+0000][gc,phases   ] GC(92)   Post Evacuate Collection Set: 1.1ms
[2025-12-24T12:35:46.935+0000][gc,phases   ] GC(92)   Other: 0.3ms
[2025-12-24T12:35:46.935+0000][gc,heap     ] GC(92) Eden regions: 608->0(606)
[2025-12-24T12:35:46.935+0000][gc,heap     ] GC(92) Survivor regions: 6->8(77)
[2025-12-24T12:35:46.935+0000][gc,heap     ] GC(92) Old regions: 37->37
[2025-12-24T12:35:46.935+0000][gc,heap     ] GC(92) Humongous regions: 131->131
[2025-12-24T12:35:46.935+0000][gc,metaspace] GC(92) Metaspace: 14457K(14848K)->14457K(14848K) NonClass: 12912K(13056K)->12912K(13056K) Class: 1544K(1792K)->1544K(1792K)
[2025-12-24T12:35:46.935+0000][gc          ] GC(92) Pause Young (Normal) (G1 Evacuation Pause) 780M->174M(1024M) 15.334ms
[2025-12-24T12:35:46.935+0000][gc,cpu      ] GC(92) User=0.09s Sys=0.00s Real=0.02s
[2025-12-24T12:40:58.007+0000][gc,start    ] GC(93) Pause Young (Normal) (G1 Evacuation Pause)
[2025-12-24T12:40:58.007+0000][gc,task     ] GC(93) Using 8 workers of 8 for evacuation
[2025-12-24T12:40:58.026+0000][gc,phases   ] GC(93)   Pre Evacuate Collection Set: 1.1ms
[2025-12-24T12:40:58.027+0000][gc,phases   ] GC(93)   Merge Heap Roots: 0.3ms
[2025-12-24T12:40:58.027+0000][gc,phases   ] GC(93)   Evacuate Collection Set: 16.0ms
[2025-12-24T12:40:58.027+0000][gc,phases   ] GC(93)   Post Evacuate Collection Set: 1.8ms
[2025-12-24T12:40:58.027+0000][gc,phases   ] GC(93)   Other: 0.3ms
[2025-12-24T12:40:58.027+0000][gc,heap     ] GC(93) Eden regions: 606->0(607)
[2025-12-24T12:40:58.027+0000][gc,heap     ] GC(93) Survivor regions: 8->7(77)
[2025-12-24T12:40:58.027+0000][gc,heap     ] GC(93) Old regions: 37->37
[2025-12-24T12:40:58.027+0000][gc,heap     ] GC(93) Humongous regions: 131->131
[2025-12-24T12:40:58.027+0000][gc,metaspace] GC(93) Metaspace: 14465K(14912K)->14465K(14912K) NonClass: 12919K(13120K)->12919K(13120K) Class: 1545K(1792K)->1545K(1792K)
[2025-12-24T12:40:58.027+0000][gc          ] GC(93) Pause Young (Normal) (G1 Evacuation Pause) 780M->174M(1024M) 20.506ms
[2025-12-24T12:40:58.027+0000][gc,cpu      ] GC(93) User=0.11s Sys=0.01s Real=0.02s
[2025-12-24T12:41:28.289+0000][gc,start    ] GC(94) Pause Young (Normal) (G1 Evacuation Pause)
[2025-12-24T12:41:28.290+0000][gc,task     ] GC(94) Using 8 workers of 8 for evacuation
[2025-12-24T12:41:28.323+0000][gc,phases   ] GC(94)   Pre Evacuate Collection Set: 0.9ms
[2025-12-24T12:41:28.324+0000][gc,phases   ] GC(94)   Merge Heap Roots: 0.3ms
[2025-12-24T12:41:28.326+0000][gc,phases   ] GC(94)   Evacuate Collection Set: 30.0ms
[2025-12-24T12:41:28.326+0000][gc,phases   ] GC(94)   Post Evacuate Collection Set: 2.0ms
[2025-12-24T12:41:28.328+0000][gc,phases   ] GC(94)   Other: 0.3ms
[2025-12-24T12:41:28.329+0000][gc,heap     ] GC(94) Eden regions: 607->0(604)
[2025-12-24T12:41:28.331+0000][gc,heap     ] GC(94) Survivor regions: 7->10(77)
[2025-12-24T12:41:28.331+0000][gc,heap     ] GC(94) Old regions: 37->37
[2025-12-24T12:41:28.332+0000][gc,heap     ] GC(94) Humongous regions: 131->131
[2025-12-24T12:41:28.332+0000][gc,metaspace] GC(94) Metaspace: 14470K(14912K)->14470K(14912K) NonClass: 12924K(13120K)->12924K(13120K) Class: 1545K(1792K)->1545K(1792K)
[2025-12-24T12:41:28.332+0000][gc          ] GC(94) Pause Young (Normal) (G1 Evacuation Pause) 781M->177M(1024M) 42.488ms
[2025-12-24T12:41:28.332+0000][gc,cpu      ] GC(94) User=0.24s Sys=0.01s Real=0.04s
[2025-12-24T12:42:08.026+0000][gc,start    ] GC(95) Pause Young (Normal) (G1 Evacuation Pause)
[2025-12-24T12:42:08.027+0000][gc,task     ] GC(95) Using 8 workers of 8 for evacuation
[2025-12-24T12:42:08.045+0000][gc,phases   ] GC(95)   Pre Evacuate Collection Set: 0.8ms
[2025-12-24T12:42:08.045+0000][gc,phases   ] GC(95)   Merge Heap Roots: 0.2ms
[2025-12-24T12:42:08.045+0000][gc,phases   ] GC(95)   Evacuate Collection Set: 15.9ms
[2025-12-24T12:42:08.045+0000][gc,phases   ] GC(95)   Post Evacuate Collection Set: 1.2ms
[2025-12-24T12:42:08.045+0000][gc,phases   ] GC(95)   Other: 0.2ms
[2025-12-24T12:42:08.046+0000][gc,heap     ] GC(95) Eden regions: 604->0(605)
[2025-12-24T12:42:08.046+0000][gc,heap     ] GC(95) Survivor regions: 10->9(77)
[2025-12-24T12:42:08.046+0000][gc,heap     ] GC(95) Old regions: 37->37
[2025-12-24T12:42:08.046+0000][gc,heap     ] GC(95) Humongous regions: 131->131
[2025-12-24T12:42:08.046+0000][gc,metaspace] GC(95) Metaspace: 14470K(14912K)->14470K(14912K) NonClass: 12924K(13120K)->12924K(13120K) Class: 1545K(1792K)->1545K(1792K)
[2025-12-24T12:42:08.046+0000][gc          ] GC(95) Pause Young (Normal) (G1 Evacuation Pause) 781M->176M(1024M) 19.656ms
[2025-12-24T12:42:08.046+0000][gc,cpu      ] GC(95) User=0.13s Sys=0.00s Real=0.02s
[2025-12-24T12:42:38.314+0000][gc,start    ] GC(96) Pause Young (Normal) (G1 Evacuation Pause)
[2025-12-24T12:42:38.314+0000][gc,task     ] GC(96) Using 8 workers of 8 for evacuation
[2025-12-24T12:42:38.344+0000][gc,phases   ] GC(96)   Pre Evacuate Collection Set: 2.1ms
[2025-12-24T12:42:38.344+0000][gc,phases   ] GC(96)   Merge Heap Roots: 0.7ms
[2025-12-24T12:42:38.344+0000][gc,phases   ] GC(96)   Evacuate Collection Set: 25.7ms
[2025-12-24T12:42:38.344+0000][gc,phases   ] GC(96)   Post Evacuate Collection Set: 1.3ms
[2025-12-24T12:42:38.344+0000][gc,phases   ] GC(96)   Other: 0.3ms
[2025-12-24T12:42:38.345+0000][gc,heap     ] GC(96) Eden regions: 605->0(604)
[2025-12-24T12:42:38.345+0000][gc,heap     ] GC(96) Survivor regions: 9->10(77)
[2025-12-24T12:42:38.345+0000][gc,heap     ] GC(96) Old regions: 37->38
[2025-12-24T12:42:38.345+0000][gc,heap     ] GC(96) Humongous regions: 131->131
[2025-12-24T12:42:38.345+0000][gc,metaspace] GC(96) Metaspace: 14470K(14912K)->14470K(14912K) NonClass: 12924K(13120K)->12924K(13120K) Class: 1545K(1792K)->1545K(1792K)
[2025-12-24T12:42:38.345+0000][gc          ] GC(96) Pause Young (Normal) (G1 Evacuation Pause) 781M->178M(1024M) 31.815ms
[2025-12-24T12:42:38.345+0000][gc,cpu      ] GC(96) User=0.19s Sys=0.00s Real=0.03s
[2025-12-24T12:43:18.026+0000][gc,start    ] GC(97) Pause Young (Normal) (G1 Evacuation Pause)
[2025-12-24T12:43:18.027+0000][gc,task     ] GC(97) Using 8 workers of 8 for evacuation
[2025-12-24T12:43:18.039+0000][gc,phases   ] GC(97)   Pre Evacuate Collection Set: 1.0ms
[2025-12-24T12:43:18.040+0000][gc,phases   ] GC(97)   Merge Heap Roots: 0.3ms
[2025-12-24T12:43:18.040+0000][gc,phases   ] GC(97)   Evacuate Collection Set: 9.8ms
[2025-12-24T12:43:18.040+0000][gc,phases   ] GC(97)   Post Evacuate Collection Set: 1.1ms
[2025-12-24T12:43:18.040+0000][gc,phases   ] GC(97)   Other: 0.2ms
[2025-12-24T12:43:18.040+0000][gc,heap     ] GC(97) Eden regions: 604->0(608)
[2025-12-24T12:43:18.040+0000][gc,heap     ] GC(97) Survivor regions: 10->6(77)
[2025-12-24T12:43:18.040+0000][gc,heap     ] GC(97) Old regions: 38->38
[2025-12-24T12:43:18.040+0000][gc,heap     ] GC(97) Humongous regions: 131->131
[2025-12-24T12:43:18.040+0000][gc,metaspace] GC(97) Metaspace: 14474K(14912K)->14474K(14912K) NonClass: 12928K(13120K)->12928K(13120K) Class: 1545K(1792K)->1545K(1792K)
[2025-12-24T12:43:18.040+0000][gc          ] GC(97) Pause Young (Normal) (G1 Evacuation Pause) 782M->173M(1024M) 14.277ms
[2025-12-24T12:43:18.040+0000][gc,cpu      ] GC(97) User=0.08s Sys=0.00s Real=0.01s
[2025-12-24T12:43:48.278+0000][gc,start    ] GC(98) Pause Young (Normal) (G1 Evacuation Pause)
[2025-12-24T12:43:48.278+0000][gc,task     ] GC(98) Using 8 workers of 8 for evacuation
[2025-12-24T12:43:48.287+0000][gc,phases   ] GC(98)   Pre Evacuate Collection Set: 0.9ms
[2025-12-24T12:43:48.287+0000][gc,phases   ] GC(98)   Merge Heap Roots: 0.3ms
[2025-12-24T12:43:48.287+0000][gc,phases   ] GC(98)   Evacuate Collection Set: 6.2ms
[2025-12-24T12:43:48.287+0000][gc,phases   ] GC(98)   Post Evacuate Collection Set: 1.0ms
[2025-12-24T12:43:48.287+0000][gc,phases   ] GC(98)   Other: 0.3ms
[2025-12-24T12:43:48.287+0000][gc,heap     ] GC(98) Eden regions: 608->0(607)
[2025-12-24T12:43:48.287+0000][gc,heap     ] GC(98) Survivor regions: 6->7(77)
[2025-12-24T12:43:48.287+0000][gc,heap     ] GC(98) Old regions: 38->38
[2025-12-24T12:43:48.287+0000][gc,heap     ] GC(98) Humongous regions: 131->131
[2025-12-24T12:43:48.288+0000][gc,metaspace] GC(98) Metaspace: 14474K(14912K)->14474K(14912K) NonClass: 12928K(13120K)->12928K(13120K) Class: 1545K(1792K)->1545K(1792K)
[2025-12-24T12:43:48.288+0000][gc          ] GC(98) Pause Young (Normal) (G1 Evacuation Pause) 781M->175M(1024M) 9.745ms
[2025-12-24T12:43:48.288+0000][gc,cpu      ] GC(98) User=0.05s Sys=0.00s Real=0.01s
[2025-12-24T12:44:28.098+0000][gc,start    ] GC(99) Pause Young (Normal) (G1 Evacuation Pause)
[2025-12-24T12:44:28.098+0000][gc,task     ] GC(99) Using 8 workers of 8 for evacuation
[2025-12-24T12:44:28.110+0000][gc,phases   ] GC(99)   Pre Evacuate Collection Set: 2.1ms
[2025-12-24T12:44:28.110+0000][gc,phases   ] GC(99)   Merge Heap Roots: 0.2ms
[2025-12-24T12:44:28.110+0000][gc,phases   ] GC(99)   Evacuate Collection Set: 8.0ms
[2025-12-24T12:44:28.111+0000][gc,phases   ] GC(99)   Post Evacuate Collection Set: 1.2ms
[2025-12-24T12:44:28.111+0000][gc,phases   ] GC(99)   Other: 0.3ms
[2025-12-24T12:44:28.111+0000][gc,heap     ] GC(99) Eden regions: 607->0(607)
[2025-12-24T12:44:28.111+0000][gc,heap     ] GC(99) Survivor regions: 7->7(77)
[2025-12-24T12:44:28.111+0000][gc,heap     ] GC(99) Old regions: 38->38
[2025-12-24T12:44:28.111+0000][gc,heap     ] GC(99) Humongous regions: 131->131
[2025-12-24T12:44:28.111+0000][gc,metaspace] GC(99) Metaspace: 14474K(14912K)->14474K(14912K) NonClass: 12928K(13120K)->12928K(13120K) Class: 1545K(1792K)->1545K(1792K)
[2025-12-24T12:44:28.111+0000][gc          ] GC(99) Pause Young (Normal) (G1 Evacuation Pause) 782M->175M(1024M) 13.098ms
[2025-12-24T12:44:28.111+0000][gc,cpu      ] GC(99) User=0.07s Sys=0.00s Real=0.01s
[2025-12-24T12:44:58.489+0000][gc,start    ] GC(100) Pause Young (Normal) (G1 Evacuation Pause)
[2025-12-24T12:44:58.490+0000][gc,task     ] GC(100) Using 8 workers of 8 for evacuation
[2025-12-24T12:44:58.515+0000][gc,phases   ] GC(100)   Pre Evacuate Collection Set: 1.1ms
[2025-12-24T12:44:58.516+0000][gc,phases   ] GC(100)   Merge Heap Roots: 0.2ms
[2025-12-24T12:44:58.516+0000][gc,phases   ] GC(100)   Evacuate Collection Set: 21.4ms
[2025-12-24T12:44:58.516+0000][gc,phases   ] GC(100)   Post Evacuate Collection Set: 2.4ms
[2025-12-24T12:44:58.516+0000][gc,phases   ] GC(100)   Other: 0.4ms
[2025-12-24T12:44:58.516+0000][gc,heap     ] GC(100) Eden regions: 607->0(605)
[2025-12-24T12:44:58.516+0000][gc,heap     ] GC(100) Survivor regions: 7->9(77)
[2025-12-24T12:44:58.516+0000][gc,heap     ] GC(100) Old regions: 38->39
[2025-12-24T12:44:58.516+0000][gc,heap     ] GC(100) Humongous regions: 131->131
[2025-12-24T12:44:58.516+0000][gc,metaspace] GC(100) Metaspace: 14614K(15104K)->14614K(15104K) NonClass: 13037K(13248K)->13037K(13248K) Class: 1576K(1856K)->1576K(1856K)
[2025-12-24T12:44:58.516+0000][gc          ] GC(100) Pause Young (Normal) (G1 Evacuation Pause) 782M->177M(1024M) 26.719ms
[2025-12-24T12:44:58.516+0000][gc,cpu      ] GC(100) User=0.12s Sys=0.03s Real=0.03s
[2025-12-24T12:45:38.058+0000][gc,start    ] GC(101) Pause Young (Normal) (G1 Evacuation Pause)
[2025-12-24T12:45:38.059+0000][gc,task     ] GC(101) Using 8 workers of 8 for evacuation
[2025-12-24T12:45:38.078+0000][gc,phases   ] GC(101)   Pre Evacuate Collection Set: 0.8ms
[2025-12-24T12:45:38.078+0000][gc,phases   ] GC(101)   Merge Heap Roots: 0.3ms
[2025-12-24T12:45:38.078+0000][gc,phases   ] GC(101)   Evacuate Collection Set: 14.2ms
[2025-12-24T12:45:38.078+0000][gc,phases   ] GC(101)   Post Evacuate Collection Set: 3.7ms
[2025-12-24T12:45:38.078+0000][gc,phases   ] GC(101)   Other: 0.2ms
[2025-12-24T12:45:38.078+0000][gc,heap     ] GC(101) Eden regions: 605->0(606)
[2025-12-24T12:45:38.078+0000][gc,heap     ] GC(101) Survivor regions: 9->8(77)
[2025-12-24T12:45:38.078+0000][gc,heap     ] GC(101) Old regions: 39->39
[2025-12-24T12:45:38.078+0000][gc,heap     ] GC(101) Humongous regions: 131->131
[2025-12-24T12:45:38.078+0000][gc,metaspace] GC(101) Metaspace: 14615K(15104K)->14615K(15104K) NonClass: 13039K(13248K)->13039K(13248K) Class: 1576K(1856K)->1576K(1856K)
[2025-12-24T12:45:38.079+0000][gc          ] GC(101) Pause Young (Normal) (G1 Evacuation Pause) 782M->177M(1024M) 20.451ms
[2025-12-24T12:45:38.079+0000][gc,cpu      ] GC(101) User=0.11s Sys=0.00s Real=0.02s
[2025-12-24T12:46:08.495+0000][gc,start    ] GC(102) Pause Young (Normal) (G1 Evacuation Pause)
[2025-12-24T12:46:08.496+0000][gc,task     ] GC(102) Using 8 workers of 8 for evacuation
[2025-12-24T12:46:08.515+0000][gc,phases   ] GC(102)   Pre Evacuate Collection Set: 2.3ms
[2025-12-24T12:46:08.515+0000][gc,phases   ] GC(102)   Merge Heap Roots: 1.7ms
[2025-12-24T12:46:08.515+0000][gc,phases   ] GC(102)   Evacuate Collection Set: 13.3ms
[2025-12-24T12:46:08.515+0000][gc,phases   ] GC(102)   Post Evacuate Collection Set: 1.3ms
[2025-12-24T12:46:08.516+0000][gc,phases   ] GC(102)   Other: 0.7ms
[2025-12-24T12:46:08.516+0000][gc,heap     ] GC(102) Eden regions: 606->0(604)
[2025-12-24T12:46:08.516+0000][gc,heap     ] GC(102) Survivor regions: 8->10(77)
[2025-12-24T12:46:08.516+0000][gc,heap     ] GC(102) Old regions: 39->39
[2025-12-24T12:46:08.516+0000][gc,heap     ] GC(102) Humongous regions: 131->131
[2025-12-24T12:46:08.516+0000][gc,metaspace] GC(102) Metaspace: 14615K(15104K)->14615K(15104K) NonClass: 13039K(13248K)->13039K(13248K) Class: 1576K(1856K)->1576K(1856K)
[2025-12-24T12:46:08.516+0000][gc          ] GC(102) Pause Young (Normal) (G1 Evacuation Pause) 783M->179M(1024M) 20.372ms
[2025-12-24T12:46:08.516+0000][gc,cpu      ] GC(102) User=0.13s Sys=0.00s Real=0.02s
[2025-12-24T12:46:48.077+0000][gc,start    ] GC(103) Pause Young (Normal) (G1 Evacuation Pause)
[2025-12-24T12:46:48.078+0000][gc,task     ] GC(103) Using 8 workers of 8 for evacuation
[2025-12-24T12:46:48.095+0000][gc,phases   ] GC(103)   Pre Evacuate Collection Set: 0.9ms
[2025-12-24T12:46:48.095+0000][gc,phases   ] GC(103)   Merge Heap Roots: 0.4ms
[2025-12-24T12:46:48.095+0000][gc,phases   ] GC(103)   Evacuate Collection Set: 14.1ms
[2025-12-24T12:46:48.095+0000][gc,phases   ] GC(103)   Post Evacuate Collection Set: 1.2ms
[2025-12-24T12:46:48.095+0000][gc,phases   ] GC(103)   Other: 0.3ms
[2025-12-24T12:46:48.095+0000][gc,heap     ] GC(103) Eden regions: 604->0(604)
[2025-12-24T12:46:48.095+0000][gc,heap     ] GC(103) Survivor regions: 10->10(77)
[2025-12-24T12:46:48.095+0000][gc,heap     ] GC(103) Old regions: 39->39
[2025-12-24T12:46:48.096+0000][gc,heap     ] GC(103) Humongous regions: 131->131
[2025-12-24T12:46:48.096+0000][gc,metaspace] GC(103) Metaspace: 14615K(15104K)->14615K(15104K) NonClass: 13039K(13248K)->13039K(13248K) Class: 1576K(1856K)->1576K(1856K)
[2025-12-24T12:46:48.096+0000][gc          ] GC(103) Pause Young (Normal) (G1 Evacuation Pause) 783M->179M(1024M) 18.829ms
[2025-12-24T12:46:48.096+0000][gc,cpu      ] GC(103) User=0.12s Sys=0.00s Real=0.02s
[2025-12-24T12:47:18.374+0000][gc,start    ] GC(104) Pause Young (Normal) (G1 Evacuation Pause)
[2025-12-24T12:47:18.375+0000][gc,task     ] GC(104) Using 8 workers of 8 for evacuation
[2025-12-24T12:47:18.392+0000][gc,phases   ] GC(104)   Pre Evacuate Collection Set: 0.9ms
[2025-12-24T12:47:18.392+0000][gc,phases   ] GC(104)   Merge Heap Roots: 0.3ms
[2025-12-24T12:47:18.392+0000][gc,phases   ] GC(104)   Evacuate Collection Set: 14.0ms
[2025-12-24T12:47:18.392+0000][gc,phases   ] GC(104)   Post Evacuate Collection Set: 1.3ms
[2025-12-24T12:47:18.392+0000][gc,phases   ] GC(104)   Other: 0.3ms
[2025-12-24T12:47:18.392+0000][gc,heap     ] GC(104) Eden regions: 604->0(607)
[2025-12-24T12:47:18.392+0000][gc,heap     ] GC(104) Survivor regions: 10->7(77)
[2025-12-24T12:47:18.392+0000][gc,heap     ] GC(104) Old regions: 39->40
[2025-12-24T12:47:18.392+0000][gc,heap     ] GC(104) Humongous regions: 131->131
[2025-12-24T12:47:18.392+0000][gc,metaspace] GC(104) Metaspace: 14615K(15104K)->14615K(15104K) NonClass: 13039K(13248K)->13039K(13248K) Class: 1576K(1856K)->1576K(1856K)
[2025-12-24T12:47:18.392+0000][gc          ] GC(104) Pause Young (Normal) (G1 Evacuation Pause) 783M->177M(1024M) 18.842ms
[2025-12-24T12:47:18.392+0000][gc,cpu      ] GC(104) User=0.12s Sys=0.00s Real=0.02s
[2025-12-24T12:47:58.068+0000][gc,start    ] GC(105) Pause Young (Normal) (G1 Evacuation Pause)
[2025-12-24T12:47:58.069+0000][gc,task     ] GC(105) Using 8 workers of 8 for evacuation
[2025-12-24T12:47:58.085+0000][gc,phases   ] GC(105)   Pre Evacuate Collection Set: 0.9ms
[2025-12-24T12:47:58.085+0000][gc,phases   ] GC(105)   Merge Heap Roots: 0.2ms
[2025-12-24T12:47:58.085+0000][gc,phases   ] GC(105)   Evacuate Collection Set: 13.1ms
[2025-12-24T12:47:58.085+0000][gc,phases   ] GC(105)   Post Evacuate Collection Set: 1.2ms
[2025-12-24T12:47:58.085+0000][gc,phases   ] GC(105)   Other: 0.3ms
[2025-12-24T12:47:58.085+0000][gc,heap     ] GC(105) Eden regions: 607->0(606)
[2025-12-24T12:47:58.085+0000][gc,heap     ] GC(105) Survivor regions: 7->8(77)
[2025-12-24T12:47:58.085+0000][gc,heap     ] GC(105) Old regions: 40->40
[2025-12-24T12:47:58.085+0000][gc,heap     ] GC(105) Humongous regions: 149->149
[2025-12-24T12:47:58.085+0000][gc,metaspace] GC(105) Metaspace: 14743K(15168K)->14743K(15168K) NonClass: 13148K(13312K)->13148K(13312K) Class: 1595K(1856K)->1595K(1856K)
[2025-12-24T12:47:58.085+0000][gc          ] GC(105) Pause Young (Normal) (G1 Evacuation Pause) 802M->195M(1024M) 17.717ms
[2025-12-24T12:47:58.085+0000][gc,cpu      ] GC(105) User=0.11s Sys=0.01s Real=0.02s
[2025-12-24T12:48:28.383+0000][gc,start    ] GC(106) Pause Young (Normal) (G1 Evacuation Pause)
[2025-12-24T12:48:28.385+0000][gc,task     ] GC(106) Using 8 workers of 8 for evacuation
[2025-12-24T12:48:28.406+0000][gc,phases   ] GC(106)   Pre Evacuate Collection Set: 2.4ms
[2025-12-24T12:48:28.406+0000][gc,phases   ] GC(106)   Merge Heap Roots: 0.8ms
[2025-12-24T12:48:28.406+0000][gc,phases   ] GC(106)   Evacuate Collection Set: 16.7ms
[2025-12-24T12:48:28.406+0000][gc,phases   ] GC(106)   Post Evacuate Collection Set: 1.3ms
[2025-12-24T12:48:28.406+0000][gc,phases   ] GC(106)   Other: 0.3ms
[2025-12-24T12:48:28.407+0000][gc,heap     ] GC(106) Eden regions: 606->0(604)
[2025-12-24T12:48:28.407+0000][gc,heap     ] GC(106) Survivor regions: 8->10(77)
[2025-12-24T12:48:28.407+0000][gc,heap     ] GC(106) Old regions: 40->40
[2025-12-24T12:48:28.407+0000][gc,heap     ] GC(106) Humongous regions: 149->149
[2025-12-24T12:48:28.407+0000][gc,metaspace] GC(106) Metaspace: 14747K(15168K)->14747K(15168K) NonClass: 13152K(13312K)->13152K(13312K) Class: 1595K(1856K)->1595K(1856K)
[2025-12-24T12:48:28.407+0000][gc          ] GC(106) Pause Young (Normal) (G1 Evacuation Pause) 801M->197M(1024M) 23.561ms
[2025-12-24T12:48:28.407+0000][gc,cpu      ] GC(106) User=0.15s Sys=0.01s Real=0.02s
[2025-12-24T12:49:08.075+0000][gc,start    ] GC(107) Pause Young (Normal) (G1 Evacuation Pause)
[2025-12-24T12:49:08.076+0000][gc,task     ] GC(107) Using 8 workers of 8 for evacuation
[2025-12-24T12:49:08.094+0000][gc,phases   ] GC(107)   Pre Evacuate Collection Set: 2.5ms
[2025-12-24T12:49:08.094+0000][gc,phases   ] GC(107)   Merge Heap Roots: 2.7ms
[2025-12-24T12:49:08.094+0000][gc,phases   ] GC(107)   Evacuate Collection Set: 11.8ms
[2025-12-24T12:49:08.095+0000][gc,phases   ] GC(107)   Post Evacuate Collection Set: 1.0ms
[2025-12-24T12:49:08.095+0000][gc,phases   ] GC(107)   Other: 0.3ms
[2025-12-24T12:49:08.095+0000][gc,heap     ] GC(107) Eden regions: 604->0(605)
[2025-12-24T12:49:08.095+0000][gc,heap     ] GC(107) Survivor regions: 10->9(77)
[2025-12-24T12:49:08.095+0000][gc,heap     ] GC(107) Old regions: 40->40
[2025-12-24T12:49:08.095+0000][gc,heap     ] GC(107) Humongous regions: 149->149
[2025-12-24T12:49:08.095+0000][gc,metaspace] GC(107) Metaspace: 14762K(15232K)->14762K(15232K) NonClass: 13161K(13376K)->13161K(13376K) Class: 1601K(1856K)->1601K(1856K)
[2025-12-24T12:49:08.095+0000][gc          ] GC(107) Pause Young (Normal) (G1 Evacuation Pause) 801M->197M(1024M) 20.263ms
[2025-12-24T12:49:08.095+0000][gc,cpu      ] GC(107) User=0.11s Sys=0.00s Real=0.02s
[2025-12-24T12:49:38.383+0000][gc,start    ] GC(108) Pause Young (Normal) (G1 Evacuation Pause)
[2025-12-24T12:49:38.384+0000][gc,task     ] GC(108) Using 8 workers of 8 for evacuation
[2025-12-24T12:49:38.399+0000][gc,phases   ] GC(108)   Pre Evacuate Collection Set: 0.9ms
[2025-12-24T12:49:38.399+0000][gc,phases   ] GC(108)   Merge Heap Roots: 0.3ms
[2025-12-24T12:49:38.399+0000][gc,phases   ] GC(108)   Evacuate Collection Set: 10.6ms
[2025-12-24T12:49:38.399+0000][gc,phases   ] GC(108)   Post Evacuate Collection Set: 1.4ms
[2025-12-24T12:49:38.399+0000][gc,phases   ] GC(108)   Other: 1.1ms
[2025-12-24T12:49:38.399+0000][gc,heap     ] GC(108) Eden regions: 605->0(604)
[2025-12-24T12:49:38.399+0000][gc,heap     ] GC(108) Survivor regions: 9->10(77)
[2025-12-24T12:49:38.399+0000][gc,heap     ] GC(108) Old regions: 40->41
[2025-12-24T12:49:38.399+0000][gc,heap     ] GC(108) Humongous regions: 149->149
[2025-12-24T12:49:38.399+0000][gc,metaspace] GC(108) Metaspace: 14767K(15232K)->14767K(15232K) NonClass: 13166K(13376K)->13166K(13376K) Class: 1601K(1856K)->1601K(1856K)
[2025-12-24T12:49:38.399+0000][gc          ] GC(108) Pause Young (Normal) (G1 Evacuation Pause) 802M->199M(1024M) 16.425ms
[2025-12-24T12:49:38.399+0000][gc,cpu      ] GC(108) User=0.08s Sys=0.00s Real=0.01s
[2025-12-24T12:50:18.082+0000][gc,start    ] GC(109) Pause Young (Normal) (G1 Evacuation Pause)
[2025-12-24T12:50:18.083+0000][gc,task     ] GC(109) Using 8 workers of 8 for evacuation
[2025-12-24T12:50:18.102+0000][gc,phases   ] GC(109)   Pre Evacuate Collection Set: 0.9ms
[2025-12-24T12:50:18.102+0000][gc,phases   ] GC(109)   Merge Heap Roots: 0.2ms
[2025-12-24T12:50:18.102+0000][gc,phases   ] GC(109)   Evacuate Collection Set: 16.3ms
[2025-12-24T12:50:18.102+0000][gc,phases   ] GC(109)   Post Evacuate Collection Set: 1.3ms
[2025-12-24T12:50:18.102+0000][gc,phases   ] GC(109)   Other: 0.3ms
[2025-12-24T12:50:18.102+0000][gc,heap     ] GC(109) Eden regions: 604->0(604)
[2025-12-24T12:50:18.102+0000][gc,heap     ] GC(109) Survivor regions: 10->10(77)
[2025-12-24T12:50:18.102+0000][gc,heap     ] GC(109) Old regions: 41->41
[2025-12-24T12:50:18.103+0000][gc,heap     ] GC(109) Humongous regions: 149->149
[2025-12-24T12:50:18.103+0000][gc,metaspace] GC(109) Metaspace: 14767K(15232K)->14767K(15232K) NonClass: 13166K(13376K)->13166K(13376K) Class: 1601K(1856K)->1601K(1856K)
[2025-12-24T12:50:18.103+0000][gc          ] GC(109) Pause Young (Normal) (G1 Evacuation Pause) 803M->198M(1024M) 20.954ms
[2025-12-24T12:50:18.103+0000][gc,cpu      ] GC(109) User=0.14s Sys=0.00s Real=0.02s
[2025-12-24T12:50:48.403+0000][gc,start    ] GC(110) Pause Young (Normal) (G1 Evacuation Pause)
[2025-12-24T12:50:48.405+0000][gc,task     ] GC(110) Using 8 workers of 8 for evacuation
[2025-12-24T12:50:48.427+0000][gc,phases   ] GC(110)   Pre Evacuate Collection Set: 0.9ms
[2025-12-24T12:50:48.427+0000][gc,phases   ] GC(110)   Merge Heap Roots: 0.2ms
[2025-12-24T12:50:48.427+0000][gc,phases   ] GC(110)   Evacuate Collection Set: 19.6ms
[2025-12-24T12:50:48.427+0000][gc,phases   ] GC(110)   Post Evacuate Collection Set: 1.1ms
[2025-12-24T12:50:48.427+0000][gc,phases   ] GC(110)   Other: 0.3ms
[2025-12-24T12:50:48.427+0000][gc,heap     ] GC(110) Eden regions: 604->0(603)
[2025-12-24T12:50:48.427+0000][gc,heap     ] GC(110) Survivor regions: 10->11(77)
[2025-12-24T12:50:48.427+0000][gc,heap     ] GC(110) Old regions: 41->41
[2025-12-24T12:50:48.427+0000][gc,heap     ] GC(110) Humongous regions: 149->149
[2025-12-24T12:50:48.427+0000][gc,metaspace] GC(110) Metaspace: 14768K(15232K)->14768K(15232K) NonClass: 13167K(13376K)->13167K(13376K) Class: 1601K(1856K)->1601K(1856K)
[2025-12-24T12:50:48.428+0000][gc          ] GC(110) Pause Young (Normal) (G1 Evacuation Pause) 802M->200M(1024M) 24.054ms
[2025-12-24T12:50:48.428+0000][gc,cpu      ] GC(110) User=0.14s Sys=0.00s Real=0.02s
[2025-12-24T12:51:28.175+0000][gc,start    ] GC(111) Pause Young (Normal) (G1 Evacuation Pause)
[2025-12-24T12:51:28.176+0000][gc,task     ] GC(111) Using 8 workers of 8 for evacuation
[2025-12-24T12:51:28.192+0000][gc,phases   ] GC(111)   Pre Evacuate Collection Set: 0.8ms
[2025-12-24T12:51:28.192+0000][gc,phases   ] GC(111)   Merge Heap Roots: 0.2ms
[2025-12-24T12:51:28.192+0000][gc,phases   ] GC(111)   Evacuate Collection Set: 13.5ms
[2025-12-24T12:51:28.192+0000][gc,phases   ] GC(111)   Post Evacuate Collection Set: 1.3ms
[2025-12-24T12:51:28.192+0000][gc,phases   ] GC(111)   Other: 0.3ms
[2025-12-24T12:51:28.192+0000][gc,heap     ] GC(111) Eden regions: 603->0(607)
[2025-12-24T12:51:28.193+0000][gc,heap     ] GC(111) Survivor regions: 11->7(77)
[2025-12-24T12:51:28.193+0000][gc,heap     ] GC(111) Old regions: 41->41
[2025-12-24T12:51:28.193+0000][gc,heap     ] GC(111) Humongous regions: 149->149
[2025-12-24T12:51:28.193+0000][gc,metaspace] GC(111) Metaspace: 14775K(15232K)->14775K(15232K) NonClass: 13173K(13376K)->13173K(13376K) Class: 1601K(1856K)->1601K(1856K)
[2025-12-24T12:51:28.193+0000][gc          ] GC(111) Pause Young (Normal) (G1 Evacuation Pause) 803M->196M(1024M) 17.602ms
[2025-12-24T12:51:28.193+0000][gc,cpu      ] GC(111) User=0.10s Sys=0.00s Real=0.02s
[2025-12-24T12:51:48.421+0000][gc,start    ] GC(112) Pause Young (Concurrent Start) (CodeCache GC Threshold)
[2025-12-24T12:51:48.421+0000][gc,task     ] GC(112) Using 8 workers of 8 for evacuation
[2025-12-24T12:51:48.434+0000][gc,phases   ] GC(112)   Pre Evacuate Collection Set: 1.6ms
[2025-12-24T12:51:48.434+0000][gc,phases   ] GC(112)   Merge Heap Roots: 0.1ms
[2025-12-24T12:51:48.434+0000][gc,phases   ] GC(112)   Evacuate Collection Set: 9.8ms
[2025-12-24T12:51:48.434+0000][gc,phases   ] GC(112)   Post Evacuate Collection Set: 0.7ms
[2025-12-24T12:51:48.434+0000][gc,phases   ] GC(112)   Other: 0.2ms
[2025-12-24T12:51:48.434+0000][gc,heap     ] GC(112) Eden regions: 454->0(609)
[2025-12-24T12:51:48.434+0000][gc,heap     ] GC(112) Survivor regions: 7->5(77)
[2025-12-24T12:51:48.434+0000][gc,heap     ] GC(112) Old regions: 41->42
[2025-12-24T12:51:48.434+0000][gc,heap     ] GC(112) Humongous regions: 149->149
[2025-12-24T12:51:48.434+0000][gc,metaspace] GC(112) Metaspace: 14885K(15360K)->14885K(15360K) NonClass: 13283K(13504K)->13283K(13504K) Class: 1601K(1856K)->1601K(1856K)
[2025-12-24T12:51:48.434+0000][gc          ] GC(112) Pause Young (Concurrent Start) (CodeCache GC Threshold) 650M->195M(1024M) 13.415ms
[2025-12-24T12:51:48.434+0000][gc,cpu      ] GC(112) User=0.07s Sys=0.01s Real=0.01s
[2025-12-24T12:51:48.434+0000][gc          ] GC(113) Concurrent Mark Cycle
[2025-12-24T12:51:48.435+0000][gc,marking  ] GC(113) Concurrent Scan Root Regions
[2025-12-24T12:51:48.437+0000][gc,marking  ] GC(113) Concurrent Scan Root Regions 2.218ms
[2025-12-24T12:51:48.437+0000][gc,marking  ] GC(113) Concurrent Mark
[2025-12-24T12:51:48.437+0000][gc,marking  ] GC(113) Concurrent Mark From Roots
[2025-12-24T12:51:48.437+0000][gc,task     ] GC(113) Using 2 workers of 2 for marking
[2025-12-24T12:51:48.465+0000][gc,marking  ] GC(113) Concurrent Mark From Roots 28.252ms
[2025-12-24T12:51:48.465+0000][gc,marking  ] GC(113) Concurrent Preclean
[2025-12-24T12:51:48.465+0000][gc,marking  ] GC(113) Concurrent Preclean 0.157ms
[2025-12-24T12:51:48.466+0000][gc,start    ] GC(113) Pause Remark
[2025-12-24T12:51:48.523+0000][gc          ] GC(113) Pause Remark 195M->195M(1024M) 57.773ms
[2025-12-24T12:51:48.524+0000][gc,cpu      ] GC(113) User=0.41s Sys=0.00s Real=0.06s
[2025-12-24T12:51:48.526+0000][gc,marking  ] GC(113) Concurrent Mark 89.446ms
[2025-12-24T12:51:48.526+0000][gc,marking  ] GC(113) Concurrent Rebuild Remembered Sets and Scrub Regions
[2025-12-24T12:51:48.541+0000][gc,marking  ] GC(113) Concurrent Rebuild Remembered Sets and Scrub Regions 14.007ms
[2025-12-24T12:51:48.541+0000][gc,start    ] GC(113) Pause Cleanup
[2025-12-24T12:51:48.542+0000][gc          ] GC(113) Pause Cleanup 195M->195M(1024M) 1.374ms
[2025-12-24T12:51:48.543+0000][gc,cpu      ] GC(113) User=0.00s Sys=0.00s Real=0.00s
[2025-12-24T12:51:48.543+0000][gc,marking  ] GC(113) Concurrent Clear Claimed Marks
[2025-12-24T12:51:48.544+0000][gc,marking  ] GC(113) Concurrent Clear Claimed Marks 0.649ms
[2025-12-24T12:51:48.544+0000][gc,marking  ] GC(113) Concurrent Cleanup for Next Mark
[2025-12-24T12:51:48.548+0000][gc,marking  ] GC(113) Concurrent Cleanup for Next Mark 4.390ms
[2025-12-24T12:51:48.548+0000][gc          ] GC(113) Concurrent Mark Cycle 113.911ms
[2025-12-24T12:52:28.156+0000][gc,start    ] GC(114) Pause Young (Prepare Mixed) (G1 Evacuation Pause)
[2025-12-24T12:52:28.157+0000][gc,task     ] GC(114) Using 8 workers of 8 for evacuation
[2025-12-24T12:52:28.166+0000][gc,phases   ] GC(114)   Pre Evacuate Collection Set: 1.0ms
[2025-12-24T12:52:28.166+0000][gc,phases   ] GC(114)   Merge Heap Roots: 0.2ms
[2025-12-24T12:52:28.166+0000][gc,phases   ] GC(114)   Evacuate Collection Set: 6.9ms
[2025-12-24T12:52:28.166+0000][gc,phases   ] GC(114)   Post Evacuate Collection Set: 1.1ms
[2025-12-24T12:52:28.166+0000][gc,phases   ] GC(114)   Other: 0.3ms
[2025-12-24T12:52:28.166+0000][gc,heap     ] GC(114) Eden regions: 609->0(607)
[2025-12-24T12:52:28.166+0000][gc,heap     ] GC(114) Survivor regions: 5->7(77)
[2025-12-24T12:52:28.166+0000][gc,heap     ] GC(114) Old regions: 42->42
[2025-12-24T12:52:28.167+0000][gc,heap     ] GC(114) Humongous regions: 149->149
[2025-12-24T12:52:28.167+0000][gc,metaspace] GC(114) Metaspace: 14801K(15360K)->14801K(15360K) NonClass: 13227K(13504K)->13227K(13504K) Class: 1574K(1856K)->1574K(1856K)
[2025-12-24T12:52:28.167+0000][gc          ] GC(114) Pause Young (Prepare Mixed) (G1 Evacuation Pause) 804M->196M(1024M) 10.708ms
[2025-12-24T12:52:28.167+0000][gc,cpu      ] GC(114) User=0.07s Sys=0.00s Real=0.01s
[2025-12-24T12:52:58.392+0000][gc,start    ] GC(115) Pause Young (Mixed) (G1 Evacuation Pause)
[2025-12-24T12:52:58.393+0000][gc,task     ] GC(115) Using 8 workers of 8 for evacuation
[2025-12-24T12:52:58.408+0000][gc,phases   ] GC(115)   Pre Evacuate Collection Set: 2.2ms
[2025-12-24T12:52:58.408+0000][gc,phases   ] GC(115)   Merge Heap Roots: 0.4ms
[2025-12-24T12:52:58.408+0000][gc,phases   ] GC(115)   Evacuate Collection Set: 10.4ms
[2025-12-24T12:52:58.408+0000][gc,phases   ] GC(115)   Post Evacuate Collection Set: 1.4ms
[2025-12-24T12:52:58.408+0000][gc,phases   ] GC(115)   Other: 0.3ms
[2025-12-24T12:52:58.408+0000][gc,heap     ] GC(115) Eden regions: 607->0(606)
[2025-12-24T12:52:58.409+0000][gc,heap     ] GC(115) Survivor regions: 7->8(77)
[2025-12-24T12:52:58.409+0000][gc,heap     ] GC(115) Old regions: 42->38
[2025-12-24T12:52:58.409+0000][gc,heap     ] GC(115) Humongous regions: 149->149
[2025-12-24T12:52:58.409+0000][gc,metaspace] GC(115) Metaspace: 14801K(15360K)->14801K(15360K) NonClass: 13227K(13504K)->13227K(13504K) Class: 1574K(1856K)->1574K(1856K)
[2025-12-24T12:52:58.409+0000][gc          ] GC(115) Pause Young (Mixed) (G1 Evacuation Pause) 803M->194M(1024M) 16.658ms
[2025-12-24T12:52:58.409+0000][gc,cpu      ] GC(115) User=0.09s Sys=0.00s Real=0.01s
[2025-12-24T12:53:38.154+0000][gc,start    ] GC(116) Pause Young (Normal) (G1 Evacuation Pause)
[2025-12-24T12:53:38.154+0000][gc,task     ] GC(116) Using 8 workers of 8 for evacuation
[2025-12-24T12:53:38.172+0000][gc,phases   ] GC(116)   Pre Evacuate Collection Set: 1.0ms
[2025-12-24T12:53:38.172+0000][gc,phases   ] GC(116)   Merge Heap Roots: 0.3ms
[2025-12-24T12:53:38.172+0000][gc,phases   ] GC(116)   Evacuate Collection Set: 14.6ms
[2025-12-24T12:53:38.172+0000][gc,phases   ] GC(116)   Post Evacuate Collection Set: 1.1ms
[2025-12-24T12:53:38.172+0000][gc,phases   ] GC(116)   Other: 0.3ms
[2025-12-24T12:53:38.172+0000][gc,heap     ] GC(116) Eden regions: 606->0(606)
[2025-12-24T12:53:38.172+0000][gc,heap     ] GC(116) Survivor regions: 8->8(77)
[2025-12-24T12:53:38.172+0000][gc,heap     ] GC(116) Old regions: 38->38
[2025-12-24T12:53:38.172+0000][gc,heap     ] GC(116) Humongous regions: 149->149
[2025-12-24T12:53:38.172+0000][gc,metaspace] GC(116) Metaspace: 14801K(15360K)->14801K(15360K) NonClass: 13227K(13504K)->13227K(13504K) Class: 1574K(1856K)->1574K(1856K)
[2025-12-24T12:53:38.172+0000][gc          ] GC(116) Pause Young (Normal) (G1 Evacuation Pause) 800M->194M(1024M) 18.542ms
[2025-12-24T12:53:38.172+0000][gc,cpu      ] GC(116) User=0.11s Sys=0.00s Real=0.02s
[2025-12-24T12:54:08.417+0000][gc,start    ] GC(117) Pause Young (Normal) (G1 Evacuation Pause)
[2025-12-24T12:54:08.418+0000][gc,task     ] GC(117) Using 8 workers of 8 for evacuation
[2025-12-24T12:54:08.437+0000][gc,phases   ] GC(117)   Pre Evacuate Collection Set: 1.3ms
[2025-12-24T12:54:08.437+0000][gc,phases   ] GC(117)   Merge Heap Roots: 1.0ms
[2025-12-24T12:54:08.437+0000][gc,phases   ] GC(117)   Evacuate Collection Set: 14.7ms
[2025-12-24T12:54:08.437+0000][gc,phases   ] GC(117)   Post Evacuate Collection Set: 0.9ms
[2025-12-24T12:54:08.437+0000][gc,phases   ] GC(117)   Other: 0.2ms
[2025-12-24T12:54:08.437+0000][gc,heap     ] GC(117) Eden regions: 606->0(605)
[2025-12-24T12:54:08.437+0000][gc,heap     ] GC(117) Survivor regions: 8->9(77)
[2025-12-24T12:54:08.437+0000][gc,heap     ] GC(117) Old regions: 38->39
[2025-12-24T12:54:08.437+0000][gc,heap     ] GC(117) Humongous regions: 149->149
[2025-12-24T12:54:08.437+0000][gc,metaspace] GC(117) Metaspace: 14801K(15360K)->14801K(15360K) NonClass: 13227K(13504K)->13227K(13504K) Class: 1574K(1856K)->1574K(1856K)
[2025-12-24T12:54:08.437+0000][gc          ] GC(117) Pause Young (Normal) (G1 Evacuation Pause) 800M->195M(1024M) 20.211ms
[2025-12-24T12:54:08.437+0000][gc,cpu      ] GC(117) User=0.13s Sys=0.00s Real=0.02s
[2025-12-24T12:54:48.114+0000][gc,start    ] GC(118) Pause Young (Normal) (G1 Evacuation Pause)
[2025-12-24T12:54:48.114+0000][gc,task     ] GC(118) Using 8 workers of 8 for evacuation
[2025-12-24T12:54:48.130+0000][gc,phases   ] GC(118)   Pre Evacuate Collection Set: 0.8ms
[2025-12-24T12:54:48.130+0000][gc,phases   ] GC(118)   Merge Heap Roots: 0.2ms
[2025-12-24T12:54:48.130+0000][gc,phases   ] GC(118)   Evacuate Collection Set: 13.1ms
[2025-12-24T12:54:48.130+0000][gc,phases   ] GC(118)   Post Evacuate Collection Set: 1.0ms
[2025-12-24T12:54:48.130+0000][gc,phases   ] GC(118)   Other: 0.2ms
[2025-12-24T12:54:48.130+0000][gc,heap     ] GC(118) Eden regions: 605->0(606)
[2025-12-24T12:54:48.130+0000][gc,heap     ] GC(118) Survivor regions: 9->8(77)
[2025-12-24T12:54:48.130+0000][gc,heap     ] GC(118) Old regions: 39->39
[2025-12-24T12:54:48.130+0000][gc,heap     ] GC(118) Humongous regions: 149->149
[2025-12-24T12:54:48.130+0000][gc,metaspace] GC(118) Metaspace: 14801K(15360K)->14801K(15360K) NonClass: 13227K(13504K)->13227K(13504K) Class: 1574K(1856K)->1574K(1856K)
[2025-12-24T12:54:48.130+0000][gc          ] GC(118) Pause Young (Normal) (G1 Evacuation Pause) 800M->195M(1024M) 16.220ms
[2025-12-24T12:54:48.130+0000][gc,cpu      ] GC(118) User=0.11s Sys=0.00s Real=0.01s
[2025-12-24T12:55:18.375+0000][gc,start    ] GC(119) Pause Young (Normal) (G1 Evacuation Pause)
[2025-12-24T12:55:18.376+0000][gc,task     ] GC(119) Using 8 workers of 8 for evacuation
[2025-12-24T12:55:18.386+0000][gc,phases   ] GC(119)   Pre Evacuate Collection Set: 0.8ms
[2025-12-24T12:55:18.386+0000][gc,phases   ] GC(119)   Merge Heap Roots: 0.2ms
[2025-12-24T12:55:18.386+0000][gc,phases   ] GC(119)   Evacuate Collection Set: 6.1ms
[2025-12-24T12:55:18.386+0000][gc,phases   ] GC(119)   Post Evacuate Collection Set: 2.0ms
[2025-12-24T12:55:18.386+0000][gc,phases   ] GC(119)   Other: 0.2ms
[2025-12-24T12:55:18.386+0000][gc,heap     ] GC(119) Eden regions: 606->0(608)
[2025-12-24T12:55:18.386+0000][gc,heap     ] GC(119) Survivor regions: 8->6(77)
[2025-12-24T12:55:18.386+0000][gc,heap     ] GC(119) Old regions: 39->39
[2025-12-24T12:55:18.386+0000][gc,heap     ] GC(119) Humongous regions: 149->149
[2025-12-24T12:55:18.386+0000][gc,metaspace] GC(119) Metaspace: 14802K(15360K)->14802K(15360K) NonClass: 13227K(13504K)->13227K(13504K) Class: 1574K(1856K)->1574K(1856K)
[2025-12-24T12:55:18.386+0000][gc          ] GC(119) Pause Young (Normal) (G1 Evacuation Pause) 801M->192M(1024M) 10.997ms
[2025-12-24T12:55:18.386+0000][gc,cpu      ] GC(119) User=0.05s Sys=0.00s Real=0.01s
[2025-12-24T12:55:58.091+0000][gc,start    ] GC(120) Pause Young (Normal) (G1 Evacuation Pause)
[2025-12-24T12:55:58.092+0000][gc,task     ] GC(120) Using 8 workers of 8 for evacuation
[2025-12-24T12:55:58.102+0000][gc,phases   ] GC(120)   Pre Evacuate Collection Set: 0.7ms
[2025-12-24T12:55:58.102+0000][gc,phases   ] GC(120)   Merge Heap Roots: 0.2ms
[2025-12-24T12:55:58.102+0000][gc,phases   ] GC(120)   Evacuate Collection Set: 7.2ms
[2025-12-24T12:55:58.102+0000][gc,phases   ] GC(120)   Post Evacuate Collection Set: 0.8ms
[2025-12-24T12:55:58.102+0000][gc,phases   ] GC(120)   Other: 0.2ms
[2025-12-24T12:55:58.102+0000][gc,heap     ] GC(120) Eden regions: 608->0(609)
[2025-12-24T12:55:58.102+0000][gc,heap     ] GC(120) Survivor regions: 6->5(77)
[2025-12-24T12:55:58.102+0000][gc,heap     ] GC(120) Old regions: 39->39
[2025-12-24T12:55:58.102+0000][gc,heap     ] GC(120) Humongous regions: 149->149
[2025-12-24T12:55:58.102+0000][gc,metaspace] GC(120) Metaspace: 14802K(15360K)->14802K(15360K) NonClass: 13227K(13504K)->13227K(13504K) Class: 1574K(1856K)->1574K(1856K)
[2025-12-24T12:55:58.102+0000][gc          ] GC(120) Pause Young (Normal) (G1 Evacuation Pause) 800M->192M(1024M) 10.925ms
[2025-12-24T12:55:58.102+0000][gc,cpu      ] GC(120) User=0.06s Sys=0.00s Real=0.01s
[2025-12-24T12:56:28.353+0000][gc,start    ] GC(121) Pause Young (Normal) (G1 Evacuation Pause)
[2025-12-24T12:56:28.354+0000][gc,task     ] GC(121) Using 8 workers of 8 for evacuation
[2025-12-24T12:56:28.363+0000][gc,phases   ] GC(121)   Pre Evacuate Collection Set: 0.8ms
[2025-12-24T12:56:28.363+0000][gc,phases   ] GC(121)   Merge Heap Roots: 0.3ms
[2025-12-24T12:56:28.363+0000][gc,phases   ] GC(121)   Evacuate Collection Set: 6.4ms
[2025-12-24T12:56:28.363+0000][gc,phases   ] GC(121)   Post Evacuate Collection Set: 0.9ms
[2025-12-24T12:56:28.363+0000][gc,phases   ] GC(121)   Other: 0.2ms
[2025-12-24T12:56:28.363+0000][gc,heap     ] GC(121) Eden regions: 609->0(608)
[2025-12-24T12:56:28.363+0000][gc,heap     ] GC(121) Survivor regions: 5->6(77)
[2025-12-24T12:56:28.363+0000][gc,heap     ] GC(121) Old regions: 39->40
[2025-12-24T12:56:28.364+0000][gc,heap     ] GC(121) Humongous regions: 149->149
[2025-12-24T12:56:28.364+0000][gc,metaspace] GC(121) Metaspace: 14802K(15360K)->14802K(15360K) NonClass: 13227K(13504K)->13227K(13504K) Class: 1574K(1856K)->1574K(1856K)
[2025-12-24T12:56:28.364+0000][gc          ] GC(121) Pause Young (Normal) (G1 Evacuation Pause) 801M->193M(1024M) 10.500ms
[2025-12-24T12:56:28.364+0000][gc,cpu      ] GC(121) User=0.04s Sys=0.01s Real=0.01s
[2025-12-24T12:57:08.055+0000][gc,start    ] GC(122) Pause Young (Normal) (G1 Evacuation Pause)
[2025-12-24T12:57:08.056+0000][gc,task     ] GC(122) Using 8 workers of 8 for evacuation
[2025-12-24T12:57:08.064+0000][gc,phases   ] GC(122)   Pre Evacuate Collection Set: 1.1ms
[2025-12-24T12:57:08.064+0000][gc,phases   ] GC(122)   Merge Heap Roots: 0.2ms
[2025-12-24T12:57:08.064+0000][gc,phases   ] GC(122)   Evacuate Collection Set: 5.3ms
[2025-12-24T12:57:08.064+0000][gc,phases   ] GC(122)   Post Evacuate Collection Set: 1.6ms
[2025-12-24T12:57:08.064+0000][gc,phases   ] GC(122)   Other: 0.2ms
[2025-12-24T12:57:08.064+0000][gc,heap     ] GC(122) Eden regions: 608->0(609)
[2025-12-24T12:57:08.065+0000][gc,heap     ] GC(122) Survivor regions: 6->5(77)
[2025-12-24T12:57:08.065+0000][gc,heap     ] GC(122) Old regions: 40->40
[2025-12-24T12:57:08.065+0000][gc,heap     ] GC(122) Humongous regions: 149->149
[2025-12-24T12:57:08.065+0000][gc,metaspace] GC(122) Metaspace: 14802K(15360K)->14802K(15360K) NonClass: 13227K(13504K)->13227K(13504K) Class: 1574K(1856K)->1574K(1856K)
[2025-12-24T12:57:08.065+0000][gc          ] GC(122) Pause Young (Normal) (G1 Evacuation Pause) 801M->193M(1024M) 10.293ms
[2025-12-24T12:57:08.065+0000][gc,cpu      ] GC(122) User=0.05s Sys=0.00s Real=0.01s
[2025-12-24T12:57:38.348+0000][gc,start    ] GC(123) Pause Young (Normal) (G1 Evacuation Pause)
[2025-12-24T12:57:38.349+0000][gc,task     ] GC(123) Using 8 workers of 8 for evacuation
[2025-12-24T12:57:38.360+0000][gc,phases   ] GC(123)   Pre Evacuate Collection Set: 0.8ms
[2025-12-24T12:57:38.360+0000][gc,phases   ] GC(123)   Merge Heap Roots: 0.2ms
[2025-12-24T12:57:38.360+0000][gc,phases   ] GC(123)   Evacuate Collection Set: 8.9ms
[2025-12-24T12:57:38.360+0000][gc,phases   ] GC(123)   Post Evacuate Collection Set: 1.0ms
[2025-12-24T12:57:38.360+0000][gc,phases   ] GC(123)   Other: 0.2ms
[2025-12-24T12:57:38.360+0000][gc,heap     ] GC(123) Eden regions: 609->0(607)
[2025-12-24T12:57:38.360+0000][gc,heap     ] GC(123) Survivor regions: 5->7(77)
[2025-12-24T12:57:38.360+0000][gc,heap     ] GC(123) Old regions: 40->40
[2025-12-24T12:57:38.360+0000][gc,heap     ] GC(123) Humongous regions: 149->149
[2025-12-24T12:57:38.360+0000][gc,metaspace] GC(123) Metaspace: 14802K(15360K)->14802K(15360K) NonClass: 13227K(13504K)->13227K(13504K) Class: 1574K(1856K)->1574K(1856K)
[2025-12-24T12:57:38.360+0000][gc          ] GC(123) Pause Young (Normal) (G1 Evacuation Pause) 802M->195M(1024M) 12.326ms
[2025-12-24T12:57:38.360+0000][gc,cpu      ] GC(123) User=0.07s Sys=0.01s Real=0.02s
[2025-12-24T12:58:18.030+0000][gc,start    ] GC(124) Pause Young (Normal) (G1 Evacuation Pause)
[2025-12-24T12:58:18.030+0000][gc,task     ] GC(124) Using 8 workers of 8 for evacuation
[2025-12-24T12:58:18.038+0000][gc,phases   ] GC(124)   Pre Evacuate Collection Set: 0.8ms
[2025-12-24T12:58:18.038+0000][gc,phases   ] GC(124)   Merge Heap Roots: 0.1ms
[2025-12-24T12:58:18.038+0000][gc,phases   ] GC(124)   Evacuate Collection Set: 5.6ms
[2025-12-24T12:58:18.038+0000][gc,phases   ] GC(124)   Post Evacuate Collection Set: 1.0ms
[2025-12-24T12:58:18.038+0000][gc,phases   ] GC(124)   Other: 0.3ms
[2025-12-24T12:58:18.039+0000][gc,heap     ] GC(124) Eden regions: 607->0(608)
[2025-12-24T12:58:18.039+0000][gc,heap     ] GC(124) Survivor regions: 7->6(77)
[2025-12-24T12:58:18.039+0000][gc,heap     ] GC(124) Old regions: 40->40
[2025-12-24T12:58:18.039+0000][gc,heap     ] GC(124) Humongous regions: 149->149
[2025-12-24T12:58:18.039+0000][gc,metaspace] GC(124) Metaspace: 14802K(15360K)->14802K(15360K) NonClass: 13227K(13504K)->13227K(13504K) Class: 1574K(1856K)->1574K(1856K)
[2025-12-24T12:58:18.039+0000][gc          ] GC(124) Pause Young (Normal) (G1 Evacuation Pause) 802M->194M(1024M) 9.043ms
[2025-12-24T12:58:18.039+0000][gc,cpu      ] GC(124) User=0.05s Sys=0.00s Real=0.01s
[2025-12-24T12:58:48.324+0000][gc,start    ] GC(125) Pause Young (Normal) (G1 Evacuation Pause)
[2025-12-24T12:58:48.324+0000][gc,task     ] GC(125) Using 8 workers of 8 for evacuation
[2025-12-24T12:58:48.336+0000][gc,phases   ] GC(125)   Pre Evacuate Collection Set: 1.5ms
[2025-12-24T12:58:48.336+0000][gc,phases   ] GC(125)   Merge Heap Roots: 1.2ms
[2025-12-24T12:58:48.336+0000][gc,phases   ] GC(125)   Evacuate Collection Set: 7.4ms
[2025-12-24T12:58:48.336+0000][gc,phases   ] GC(125)   Post Evacuate Collection Set: 1.6ms
[2025-12-24T12:58:48.336+0000][gc,phases   ] GC(125)   Other: 0.2ms
[2025-12-24T12:58:48.336+0000][gc,heap     ] GC(125) Eden regions: 608->0(606)
[2025-12-24T12:58:48.336+0000][gc,heap     ] GC(125) Survivor regions: 6->8(77)
[2025-12-24T12:58:48.336+0000][gc,heap     ] GC(125) Old regions: 40->40
[2025-12-24T12:58:48.336+0000][gc,heap     ] GC(125) Humongous regions: 149->149
[2025-12-24T12:58:48.336+0000][gc,metaspace] GC(125) Metaspace: 14802K(15360K)->14802K(15360K) NonClass: 13227K(13504K)->13227K(13504K) Class: 1574K(1856K)->1574K(1856K)
[2025-12-24T12:58:48.337+0000][gc          ] GC(125) Pause Young (Normal) (G1 Evacuation Pause) 802M->196M(1024M) 12.829ms
[2025-12-24T12:58:48.337+0000][gc,cpu      ] GC(125) User=0.07s Sys=0.00s Real=0.01s
[2025-12-24T12:59:28.036+0000][gc,start    ] GC(126) Pause Young (Normal) (G1 Evacuation Pause)
[2025-12-24T12:59:28.037+0000][gc,task     ] GC(126) Using 8 workers of 8 for evacuation
[2025-12-24T12:59:28.049+0000][gc,phases   ] GC(126)   Pre Evacuate Collection Set: 1.0ms
[2025-12-24T12:59:28.050+0000][gc,phases   ] GC(126)   Merge Heap Roots: 0.2ms
[2025-12-24T12:59:28.050+0000][gc,phases   ] GC(126)   Evacuate Collection Set: 8.7ms
[2025-12-24T12:59:28.050+0000][gc,phases   ] GC(126)   Post Evacuate Collection Set: 2.2ms
[2025-12-24T12:59:28.050+0000][gc,phases   ] GC(126)   Other: 0.3ms
[2025-12-24T12:59:28.050+0000][gc,heap     ] GC(126) Eden regions: 606->0(610)
[2025-12-24T12:59:28.050+0000][gc,heap     ] GC(126) Survivor regions: 8->4(77)
[2025-12-24T12:59:28.050+0000][gc,heap     ] GC(126) Old regions: 40->40
[2025-12-24T12:59:28.050+0000][gc,heap     ] GC(126) Humongous regions: 149->149
[2025-12-24T12:59:28.050+0000][gc,metaspace] GC(126) Metaspace: 14802K(15360K)->14802K(15360K) NonClass: 13227K(13504K)->13227K(13504K) Class: 1574K(1856K)->1574K(1856K)
[2025-12-24T12:59:28.050+0000][gc          ] GC(126) Pause Young (Normal) (G1 Evacuation Pause) 802M->192M(1024M) 14.438ms
[2025-12-24T12:59:28.050+0000][gc,cpu      ] GC(126) User=0.07s Sys=0.01s Real=0.02s
[2025-12-24T12:59:58.306+0000][gc,start    ] GC(127) Pause Young (Normal) (G1 Evacuation Pause)
[2025-12-24T12:59:58.306+0000][gc,task     ] GC(127) Using 8 workers of 8 for evacuation
[2025-12-24T12:59:58.316+0000][gc,phases   ] GC(127)   Pre Evacuate Collection Set: 0.9ms
[2025-12-24T12:59:58.316+0000][gc,phases   ] GC(127)   Merge Heap Roots: 0.2ms
[2025-12-24T12:59:58.316+0000][gc,phases   ] GC(127)   Evacuate Collection Set: 7.0ms
[2025-12-24T12:59:58.316+0000][gc,phases   ] GC(127)   Post Evacuate Collection Set: 1.0ms
[2025-12-24T12:59:58.316+0000][gc,phases   ] GC(127)   Other: 0.3ms
[2025-12-24T12:59:58.316+0000][gc,heap     ] GC(127) Eden regions: 610->0(609)
[2025-12-24T12:59:58.316+0000][gc,heap     ] GC(127) Survivor regions: 4->5(77)
[2025-12-24T12:59:58.316+0000][gc,heap     ] GC(127) Old regions: 40->40
[2025-12-24T12:59:58.316+0000][gc,heap     ] GC(127) Humongous regions: 149->149
[2025-12-24T12:59:58.317+0000][gc,metaspace] GC(127) Metaspace: 14804K(15360K)->14804K(15360K) NonClass: 13229K(13504K)->13229K(13504K) Class: 1575K(1856K)->1575K(1856K)
[2025-12-24T12:59:58.317+0000][gc          ] GC(127) Pause Young (Normal) (G1 Evacuation Pause) 802M->193M(1024M) 10.739ms
[2025-12-24T12:59:58.317+0000][gc,cpu      ] GC(127) User=0.06s Sys=0.00s Real=0.01s
[2025-12-24T13:00:38.040+0000][gc,start    ] GC(128) Pause Young (Normal) (G1 Evacuation Pause)
[2025-12-24T13:00:38.041+0000][gc,task     ] GC(128) Using 8 workers of 8 for evacuation
[2025-12-24T13:00:38.059+0000][gc,phases   ] GC(128)   Pre Evacuate Collection Set: 1.6ms
[2025-12-24T13:00:38.059+0000][gc,phases   ] GC(128)   Merge Heap Roots: 0.5ms
[2025-12-24T13:00:38.059+0000][gc,phases   ] GC(128)   Evacuate Collection Set: 12.3ms
[2025-12-24T13:00:38.059+0000][gc,phases   ] GC(128)   Post Evacuate Collection Set: 2.1ms
[2025-12-24T13:00:38.059+0000][gc,phases   ] GC(128)   Other: 0.8ms
[2025-12-24T13:00:38.059+0000][gc,heap     ] GC(128) Eden regions: 609->0(609)
[2025-12-24T13:00:38.059+0000][gc,heap     ] GC(128) Survivor regions: 5->5(77)
[2025-12-24T13:00:38.059+0000][gc,heap     ] GC(128) Old regions: 40->40
[2025-12-24T13:00:38.059+0000][gc,heap     ] GC(128) Humongous regions: 149->149
[2025-12-24T13:00:38.059+0000][gc,metaspace] GC(128) Metaspace: 14804K(15360K)->14804K(15360K) NonClass: 13229K(13504K)->13229K(13504K) Class: 1575K(1856K)->1575K(1856K)
[2025-12-24T13:00:38.060+0000][gc          ] GC(128) Pause Young (Normal) (G1 Evacuation Pause) 802M->193M(1024M) 19.750ms
[2025-12-24T13:00:38.060+0000][gc,cpu      ] GC(128) User=0.10s Sys=0.00s Real=0.02s
[2025-12-24T13:01:08.286+0000][gc,start    ] GC(129) Pause Young (Normal) (G1 Evacuation Pause)
[2025-12-24T13:01:08.287+0000][gc,task     ] GC(129) Using 8 workers of 8 for evacuation
[2025-12-24T13:01:08.296+0000][gc,phases   ] GC(129)   Pre Evacuate Collection Set: 2.1ms
[2025-12-24T13:01:08.296+0000][gc,phases   ] GC(129)   Merge Heap Roots: 0.3ms
[2025-12-24T13:01:08.297+0000][gc,phases   ] GC(129)   Evacuate Collection Set: 4.8ms
[2025-12-24T13:01:08.297+0000][gc,phases   ] GC(129)   Post Evacuate Collection Set: 1.3ms
[2025-12-24T13:01:08.297+0000][gc,phases   ] GC(129)   Other: 0.3ms
[2025-12-24T13:01:08.297+0000][gc,heap     ] GC(129) Eden regions: 609->0(607)
[2025-12-24T13:01:08.297+0000][gc,heap     ] GC(129) Survivor regions: 5->7(77)
[2025-12-24T13:01:08.297+0000][gc,heap     ] GC(129) Old regions: 40->40
[2025-12-24T13:01:08.297+0000][gc,heap     ] GC(129) Humongous regions: 149->149
[2025-12-24T13:01:08.297+0000][gc,metaspace] GC(129) Metaspace: 14805K(15360K)->14805K(15360K) NonClass: 13230K(13504K)->13230K(13504K) Class: 1575K(1856K)->1575K(1856K)
[2025-12-24T13:01:08.297+0000][gc          ] GC(129) Pause Young (Normal) (G1 Evacuation Pause) 802M->195M(1024M) 11.130ms
[2025-12-24T13:01:08.297+0000][gc,cpu      ] GC(129) User=0.04s Sys=0.00s Real=0.02s
[2025-12-24T13:01:48.018+0000][gc,start    ] GC(130) Pause Young (Normal) (G1 Evacuation Pause)
[2025-12-24T13:01:48.020+0000][gc,task     ] GC(130) Using 8 workers of 8 for evacuation
[2025-12-24T13:01:48.037+0000][gc,phases   ] GC(130)   Pre Evacuate Collection Set: 1.2ms
[2025-12-24T13:01:48.037+0000][gc,phases   ] GC(130)   Merge Heap Roots: 0.2ms
[2025-12-24T13:01:48.037+0000][gc,phases   ] GC(130)   Evacuate Collection Set: 14.4ms
[2025-12-24T13:01:48.037+0000][gc,phases   ] GC(130)   Post Evacuate Collection Set: 1.4ms
[2025-12-24T13:01:48.037+0000][gc,phases   ] GC(130)   Other: 0.3ms
[2025-12-24T13:01:48.038+0000][gc,heap     ] GC(130) Eden regions: 607->0(607)
[2025-12-24T13:01:48.038+0000][gc,heap     ] GC(130) Survivor regions: 7->7(77)
[2025-12-24T13:01:48.038+0000][gc,heap     ] GC(130) Old regions: 40->40
[2025-12-24T13:01:48.038+0000][gc,heap     ] GC(130) Humongous regions: 149->149
[2025-12-24T13:01:48.038+0000][gc,metaspace] GC(130) Metaspace: 14805K(15360K)->14805K(15360K) NonClass: 13230K(13504K)->13230K(13504K) Class: 1575K(1856K)->1575K(1856K)
[2025-12-24T13:01:48.038+0000][gc          ] GC(130) Pause Young (Normal) (G1 Evacuation Pause) 802M->195M(1024M) 19.560ms
[2025-12-24T13:01:48.038+0000][gc,cpu      ] GC(130) User=0.09s Sys=0.01s Real=0.02s
[2025-12-24T13:02:18.295+0000][gc,start    ] GC(131) Pause Young (Normal) (G1 Evacuation Pause)
[2025-12-24T13:02:18.297+0000][gc,task     ] GC(131) Using 8 workers of 8 for evacuation
[2025-12-24T13:02:18.311+0000][gc,phases   ] GC(131)   Pre Evacuate Collection Set: 0.9ms
[2025-12-24T13:02:18.312+0000][gc,phases   ] GC(131)   Merge Heap Roots: 0.2ms
[2025-12-24T13:02:18.312+0000][gc,phases   ] GC(131)   Evacuate Collection Set: 12.6ms
[2025-12-24T13:02:18.312+0000][gc,phases   ] GC(131)   Post Evacuate Collection Set: 0.8ms
[2025-12-24T13:02:18.312+0000][gc,phases   ] GC(131)   Other: 0.3ms
[2025-12-24T13:02:18.312+0000][gc,heap     ] GC(131) Eden regions: 607->0(605)
[2025-12-24T13:02:18.312+0000][gc,heap     ] GC(131) Survivor regions: 7->9(77)
[2025-12-24T13:02:18.312+0000][gc,heap     ] GC(131) Old regions: 40->41
[2025-12-24T13:02:18.312+0000][gc,heap     ] GC(131) Humongous regions: 149->149
[2025-12-24T13:02:18.312+0000][gc,metaspace] GC(131) Metaspace: 14805K(15360K)->14805K(15360K) NonClass: 13230K(13504K)->13230K(13504K) Class: 1575K(1856K)->1575K(1856K)
[2025-12-24T13:02:18.312+0000][gc          ] GC(131) Pause Young (Normal) (G1 Evacuation Pause) 802M->197M(1024M) 16.602ms
[2025-12-24T13:02:18.312+0000][gc,cpu      ] GC(131) User=0.09s Sys=0.00s Real=0.02s
[2025-12-24T13:02:58.007+0000][gc,start    ] GC(132) Pause Young (Normal) (G1 Evacuation Pause)
[2025-12-24T13:02:58.008+0000][gc,task     ] GC(132) Using 8 workers of 8 for evacuation
[2025-12-24T13:02:58.024+0000][gc,phases   ] GC(132)   Pre Evacuate Collection Set: 2.6ms
[2025-12-24T13:02:58.024+0000][gc,phases   ] GC(132)   Merge Heap Roots: 0.5ms
[2025-12-24T13:02:58.024+0000][gc,phases   ] GC(132)   Evacuate Collection Set: 10.2ms
[2025-12-24T13:02:58.024+0000][gc,phases   ] GC(132)   Post Evacuate Collection Set: 2.3ms
[2025-12-24T13:02:58.024+0000][gc,phases   ] GC(132)   Other: 0.2ms
[2025-12-24T13:02:58.024+0000][gc,heap     ] GC(132) Eden regions: 605->0(606)
[2025-12-24T13:02:58.024+0000][gc,heap     ] GC(132) Survivor regions: 9->8(77)
[2025-12-24T13:02:58.024+0000][gc,heap     ] GC(132) Old regions: 41->41
[2025-12-24T13:02:58.024+0000][gc,heap     ] GC(132) Humongous regions: 149->149
[2025-12-24T13:02:58.024+0000][gc,metaspace] GC(132) Metaspace: 14805K(15360K)->14805K(15360K) NonClass: 13230K(13504K)->13230K(13504K) Class: 1575K(1856K)->1575K(1856K)
[2025-12-24T13:02:58.025+0000][gc          ] GC(132) Pause Young (Normal) (G1 Evacuation Pause) 802M->196M(1024M) 17.360ms
[2025-12-24T13:02:58.025+0000][gc,cpu      ] GC(132) User=0.09s Sys=0.01s Real=0.01s
[2025-12-24T13:03:28.246+0000][gc,start    ] GC(133) Pause Young (Normal) (G1 Evacuation Pause)
[2025-12-24T13:03:28.246+0000][gc,task     ] GC(133) Using 8 workers of 8 for evacuation
[2025-12-24T13:03:28.261+0000][gc,phases   ] GC(133)   Pre Evacuate Collection Set: 0.9ms
[2025-12-24T13:03:28.262+0000][gc,phases   ] GC(133)   Merge Heap Roots: 0.2ms
[2025-12-24T13:03:28.262+0000][gc,phases   ] GC(133)   Evacuate Collection Set: 12.0ms
[2025-12-24T13:03:28.263+0000][gc,phases   ] GC(133)   Post Evacuate Collection Set: 1.0ms
[2025-12-24T13:03:28.263+0000][gc,phases   ] GC(133)   Other: 0.2ms
[2025-12-24T13:03:28.263+0000][gc,heap     ] GC(133) Eden regions: 606->0(605)
[2025-12-24T13:03:28.263+0000][gc,heap     ] GC(133) Survivor regions: 8->9(77)
[2025-12-24T13:03:28.263+0000][gc,heap     ] GC(133) Old regions: 41->41
[2025-12-24T13:03:28.263+0000][gc,heap     ] GC(133) Humongous regions: 149->149
[2025-12-24T13:03:28.263+0000][gc,metaspace] GC(133) Metaspace: 14805K(15360K)->14805K(15360K) NonClass: 13230K(13504K)->13230K(13504K) Class: 1575K(1856K)->1575K(1856K)
[2025-12-24T13:03:28.263+0000][gc          ] GC(133) Pause Young (Normal) (G1 Evacuation Pause) 802M->198M(1024M) 17.247ms
[2025-12-24T13:03:28.263+0000][gc,cpu      ] GC(133) User=0.09s Sys=0.00s Real=0.02s
[2025-12-24T13:04:07.978+0000][gc,start    ] GC(134) Pause Young (Normal) (G1 Evacuation Pause)
[2025-12-24T13:04:07.979+0000][gc,task     ] GC(134) Using 8 workers of 8 for evacuation
[2025-12-24T13:04:07.987+0000][gc,phases   ] GC(134)   Pre Evacuate Collection Set: 1.0ms
[2025-12-24T13:04:07.987+0000][gc,phases   ] GC(134)   Merge Heap Roots: 0.2ms
[2025-12-24T13:04:07.987+0000][gc,phases   ] GC(134)   Evacuate Collection Set: 5.1ms
[2025-12-24T13:04:07.987+0000][gc,phases   ] GC(134)   Post Evacuate Collection Set: 1.2ms
[2025-12-24T13:04:07.987+0000][gc,phases   ] GC(134)   Other: 0.3ms
[2025-12-24T13:04:07.987+0000][gc,heap     ] GC(134) Eden regions: 605->0(609)
[2025-12-24T13:04:07.987+0000][gc,heap     ] GC(134) Survivor regions: 9->5(77)
[2025-12-24T13:04:07.987+0000][gc,heap     ] GC(134) Old regions: 41->41
[2025-12-24T13:04:07.987+0000][gc,heap     ] GC(134) Humongous regions: 149->149
[2025-12-24T13:04:07.987+0000][gc,metaspace] GC(134) Metaspace: 14805K(15360K)->14805K(15360K) NonClass: 13230K(13504K)->13230K(13504K) Class: 1575K(1856K)->1575K(1856K)
[2025-12-24T13:04:07.987+0000][gc          ] GC(134) Pause Young (Normal) (G1 Evacuation Pause) 803M->194M(1024M) 9.748ms
[2025-12-24T13:04:07.987+0000][gc,cpu      ] GC(134) User=0.04s Sys=0.00s Real=0.01s
[2025-12-24T13:04:38.280+0000][gc,start    ] GC(135) Pause Young (Normal) (G1 Evacuation Pause)
[2025-12-24T13:04:38.280+0000][gc,task     ] GC(135) Using 8 workers of 8 for evacuation
[2025-12-24T13:04:38.293+0000][gc,phases   ] GC(135)   Pre Evacuate Collection Set: 1.3ms
[2025-12-24T13:04:38.293+0000][gc,phases   ] GC(135)   Merge Heap Roots: 0.2ms
[2025-12-24T13:04:38.293+0000][gc,phases   ] GC(135)   Evacuate Collection Set: 9.6ms
[2025-12-24T13:04:38.293+0000][gc,phases   ] GC(135)   Post Evacuate Collection Set: 1.3ms
[2025-12-24T13:04:38.294+0000][gc,phases   ] GC(135)   Other: 0.4ms
[2025-12-24T13:04:38.294+0000][gc,heap     ] GC(135) Eden regions: 609->0(607)
[2025-12-24T13:04:38.294+0000][gc,heap     ] GC(135) Survivor regions: 5->7(77)
[2025-12-24T13:04:38.294+0000][gc,heap     ] GC(135) Old regions: 41->41
[2025-12-24T13:04:38.294+0000][gc,heap     ] GC(135) Humongous regions: 149->149
[2025-12-24T13:04:38.294+0000][gc,metaspace] GC(135) Metaspace: 14806K(15360K)->14806K(15360K) NonClass: 13231K(13504K)->13231K(13504K) Class: 1575K(1856K)->1575K(1856K)
[2025-12-24T13:04:38.294+0000][gc          ] GC(135) Pause Young (Normal) (G1 Evacuation Pause) 803M->196M(1024M) 14.209ms
[2025-12-24T13:04:38.294+0000][gc,cpu      ] GC(135) User=0.07s Sys=0.00s Real=0.01s
[2025-12-24T13:05:17.996+0000][gc,start    ] GC(136) Pause Young (Normal) (G1 Evacuation Pause)
[2025-12-24T13:05:17.996+0000][gc,task     ] GC(136) Using 8 workers of 8 for evacuation
[2025-12-24T13:05:18.010+0000][gc,phases   ] GC(136)   Pre Evacuate Collection Set: 1.2ms
[2025-12-24T13:05:18.010+0000][gc,phases   ] GC(136)   Merge Heap Roots: 0.2ms
[2025-12-24T13:05:18.010+0000][gc,phases   ] GC(136)   Evacuate Collection Set: 11.1ms
[2025-12-24T13:05:18.010+0000][gc,phases   ] GC(136)   Post Evacuate Collection Set: 1.0ms
[2025-12-24T13:05:18.010+0000][gc,phases   ] GC(136)   Other: 0.3ms
[2025-12-24T13:05:18.010+0000][gc,heap     ] GC(136) Eden regions: 607->0(608)
[2025-12-24T13:05:18.010+0000][gc,heap     ] GC(136) Survivor regions: 7->6(77)
[2025-12-24T13:05:18.010+0000][gc,heap     ] GC(136) Old regions: 41->41
[2025-12-24T13:05:18.010+0000][gc,heap     ] GC(136) Humongous regions: 149->149
[2025-12-24T13:05:18.010+0000][gc,metaspace] GC(136) Metaspace: 14806K(15360K)->14806K(15360K) NonClass: 13231K(13504K)->13231K(13504K) Class: 1575K(1856K)->1575K(1856K)
[2025-12-24T13:05:18.010+0000][gc          ] GC(136) Pause Young (Normal) (G1 Evacuation Pause) 803M->195M(1024M) 14.919ms
[2025-12-24T13:05:18.011+0000][gc,cpu      ] GC(136) User=0.09s Sys=0.00s Real=0.01s
[2025-12-24T13:05:48.247+0000][gc,start    ] GC(137) Pause Young (Normal) (G1 Evacuation Pause)
[2025-12-24T13:05:48.248+0000][gc,task     ] GC(137) Using 8 workers of 8 for evacuation
[2025-12-24T13:05:48.259+0000][gc,phases   ] GC(137)   Pre Evacuate Collection Set: 1.1ms
[2025-12-24T13:05:48.259+0000][gc,phases   ] GC(137)   Merge Heap Roots: 0.2ms
[2025-12-24T13:05:48.259+0000][gc,phases   ] GC(137)   Evacuate Collection Set: 8.4ms
[2025-12-24T13:05:48.259+0000][gc,phases   ] GC(137)   Post Evacuate Collection Set: 1.1ms
[2025-12-24T13:05:48.259+0000][gc,phases   ] GC(137)   Other: 0.3ms
[2025-12-24T13:05:48.259+0000][gc,heap     ] GC(137) Eden regions: 608->0(606)
[2025-12-24T13:05:48.259+0000][gc,heap     ] GC(137) Survivor regions: 6->8(77)
[2025-12-24T13:05:48.259+0000][gc,heap     ] GC(137) Old regions: 41->41
[2025-12-24T13:05:48.259+0000][gc,heap     ] GC(137) Humongous regions: 149->149
[2025-12-24T13:05:48.259+0000][gc,metaspace] GC(137) Metaspace: 14806K(15360K)->14806K(15360K) NonClass: 13231K(13504K)->13231K(13504K) Class: 1575K(1856K)->1575K(1856K)
[2025-12-24T13:05:48.259+0000][gc          ] GC(137) Pause Young (Normal) (G1 Evacuation Pause) 803M->197M(1024M) 12.912ms
[2025-12-24T13:05:48.260+0000][gc,cpu      ] GC(137) User=0.07s Sys=0.01s Real=0.01s
[2025-12-24T13:06:27.954+0000][gc,start    ] GC(138) Pause Young (Normal) (G1 Evacuation Pause)
[2025-12-24T13:06:27.954+0000][gc,task     ] GC(138) Using 8 workers of 8 for evacuation
[2025-12-24T13:06:27.968+0000][gc,phases   ] GC(138)   Pre Evacuate Collection Set: 1.1ms
[2025-12-24T13:06:27.968+0000][gc,phases   ] GC(138)   Merge Heap Roots: 0.2ms
[2025-12-24T13:06:27.968+0000][gc,phases   ] GC(138)   Evacuate Collection Set: 11.1ms
[2025-12-24T13:06:27.968+0000][gc,phases   ] GC(138)   Post Evacuate Collection Set: 1.1ms
[2025-12-24T13:06:27.968+0000][gc,phases   ] GC(138)   Other: 0.4ms
[2025-12-24T13:06:27.968+0000][gc,heap     ] GC(138) Eden regions: 606->0(607)
[2025-12-24T13:06:27.968+0000][gc,heap     ] GC(138) Survivor regions: 8->7(77)
[2025-12-24T13:06:27.969+0000][gc,heap     ] GC(138) Old regions: 41->42
[2025-12-24T13:06:27.969+0000][gc,heap     ] GC(138) Humongous regions: 149->149
[2025-12-24T13:06:27.969+0000][gc,metaspace] GC(138) Metaspace: 14807K(15360K)->14807K(15360K) NonClass: 13232K(13504K)->13232K(13504K) Class: 1575K(1856K)->1575K(1856K)
[2025-12-24T13:06:27.969+0000][gc          ] GC(138) Pause Young (Normal) (G1 Evacuation Pause) 803M->197M(1024M) 15.222ms
[2025-12-24T13:06:27.969+0000][gc,cpu      ] GC(138) User=0.08s Sys=0.01s Real=0.02s
[2025-12-24T13:06:58.197+0000][gc,start    ] GC(139) Pause Young (Normal) (G1 Evacuation Pause)
[2025-12-24T13:06:58.197+0000][gc,task     ] GC(139) Using 8 workers of 8 for evacuation
[2025-12-24T13:06:58.210+0000][gc,phases   ] GC(139)   Pre Evacuate Collection Set: 1.0ms
[2025-12-24T13:06:58.210+0000][gc,phases   ] GC(139)   Merge Heap Roots: 0.3ms
[2025-12-24T13:06:58.210+0000][gc,phases   ] GC(139)   Evacuate Collection Set: 10.5ms
[2025-12-24T13:06:58.210+0000][gc,phases   ] GC(139)   Post Evacuate Collection Set: 0.9ms
[2025-12-24T13:06:58.210+0000][gc,phases   ] GC(139)   Other: 0.3ms
[2025-12-24T13:06:58.211+0000][gc,heap     ] GC(139) Eden regions: 607->0(605)
[2025-12-24T13:06:58.211+0000][gc,heap     ] GC(139) Survivor regions: 7->9(77)
[2025-12-24T13:06:58.211+0000][gc,heap     ] GC(139) Old regions: 42->42
[2025-12-24T13:06:58.211+0000][gc,heap     ] GC(139) Humongous regions: 149->149
[2025-12-24T13:06:58.211+0000][gc,metaspace] GC(139) Metaspace: 14807K(15360K)->14807K(15360K) NonClass: 13232K(13504K)->13232K(13504K) Class: 1575K(1856K)->1575K(1856K)
[2025-12-24T13:06:58.211+0000][gc          ] GC(139) Pause Young (Normal) (G1 Evacuation Pause) 804M->199M(1024M) 14.285ms
[2025-12-24T13:06:58.211+0000][gc,cpu      ] GC(139) User=0.10s Sys=0.00s Real=0.01s
[2025-12-24T13:07:37.937+0000][gc,start    ] GC(140) Pause Young (Normal) (G1 Evacuation Pause)
[2025-12-24T13:07:37.938+0000][gc,task     ] GC(140) Using 8 workers of 8 for evacuation
[2025-12-24T13:07:37.957+0000][gc,phases   ] GC(140)   Pre Evacuate Collection Set: 1.8ms
[2025-12-24T13:07:37.957+0000][gc,phases   ] GC(140)   Merge Heap Roots: 0.8ms
[2025-12-24T13:07:37.957+0000][gc,phases   ] GC(140)   Evacuate Collection Set: 14.3ms
[2025-12-24T13:07:37.957+0000][gc,phases   ] GC(140)   Post Evacuate Collection Set: 1.5ms
[2025-12-24T13:07:37.957+0000][gc,phases   ] GC(140)   Other: 0.4ms
[2025-12-24T13:07:37.957+0000][gc,heap     ] GC(140) Eden regions: 605->0(606)
[2025-12-24T13:07:37.957+0000][gc,heap     ] GC(140) Survivor regions: 9->8(77)
[2025-12-24T13:07:37.957+0000][gc,heap     ] GC(140) Old regions: 42->42
[2025-12-24T13:07:37.957+0000][gc,heap     ] GC(140) Humongous regions: 149->149
[2025-12-24T13:07:37.957+0000][gc,metaspace] GC(140) Metaspace: 14807K(15360K)->14807K(15360K) NonClass: 13232K(13504K)->13232K(13504K) Class: 1575K(1856K)->1575K(1856K)
[2025-12-24T13:07:37.957+0000][gc          ] GC(140) Pause Young (Normal) (G1 Evacuation Pause) 804M->198M(1024M) 20.183ms
[2025-12-24T13:07:37.957+0000][gc,cpu      ] GC(140) User=0.12s Sys=0.00s Real=0.02s
[2025-12-24T13:08:08.164+0000][gc,start    ] GC(141) Pause Young (Normal) (G1 Evacuation Pause)
[2025-12-24T13:08:08.165+0000][gc,task     ] GC(141) Using 8 workers of 8 for evacuation
[2025-12-24T13:08:08.175+0000][gc,phases   ] GC(141)   Pre Evacuate Collection Set: 0.9ms
[2025-12-24T13:08:08.175+0000][gc,phases   ] GC(141)   Merge Heap Roots: 0.2ms
[2025-12-24T13:08:08.176+0000][gc,phases   ] GC(141)   Evacuate Collection Set: 7.7ms
[2025-12-24T13:08:08.176+0000][gc,phases   ] GC(141)   Post Evacuate Collection Set: 1.7ms
[2025-12-24T13:08:08.176+0000][gc,phases   ] GC(141)   Other: 0.3ms
[2025-12-24T13:08:08.176+0000][gc,heap     ] GC(141) Eden regions: 606->0(608)
[2025-12-24T13:08:08.176+0000][gc,heap     ] GC(141) Survivor regions: 8->6(77)
[2025-12-24T13:08:08.176+0000][gc,heap     ] GC(141) Old regions: 42->42
[2025-12-24T13:08:08.176+0000][gc,heap     ] GC(141) Humongous regions: 149->149
[2025-12-24T13:08:08.176+0000][gc,metaspace] GC(141) Metaspace: 14807K(15360K)->14807K(15360K) NonClass: 13232K(13504K)->13232K(13504K) Class: 1575K(1856K)->1575K(1856K)
[2025-12-24T13:08:08.176+0000][gc          ] GC(141) Pause Young (Normal) (G1 Evacuation Pause) 804M->196M(1024M) 11.961ms
[2025-12-24T13:08:08.176+0000][gc,cpu      ] GC(141) User=0.06s Sys=0.00s Real=0.02s
[2025-12-24T13:08:47.889+0000][gc,start    ] GC(142) Pause Young (Normal) (G1 Evacuation Pause)
[2025-12-24T13:08:47.889+0000][gc,task     ] GC(142) Using 8 workers of 8 for evacuation
[2025-12-24T13:08:47.908+0000][gc,phases   ] GC(142)   Pre Evacuate Collection Set: 2.9ms
[2025-12-24T13:08:47.908+0000][gc,phases   ] GC(142)   Merge Heap Roots: 0.5ms
[2025-12-24T13:08:47.908+0000][gc,phases   ] GC(142)   Evacuate Collection Set: 13.8ms
[2025-12-24T13:08:47.909+0000][gc,phases   ] GC(142)   Post Evacuate Collection Set: 1.2ms
[2025-12-24T13:08:47.909+0000][gc,phases   ] GC(142)   Other: 0.4ms
[2025-12-24T13:08:47.909+0000][gc,heap     ] GC(142) Eden regions: 608->0(609)
[2025-12-24T13:08:47.909+0000][gc,heap     ] GC(142) Survivor regions: 6->5(77)
[2025-12-24T13:08:47.909+0000][gc,heap     ] GC(142) Old regions: 42->42
[2025-12-24T13:08:47.909+0000][gc,heap     ] GC(142) Humongous regions: 149->149
[2025-12-24T13:08:47.909+0000][gc,metaspace] GC(142) Metaspace: 14807K(15360K)->14807K(15360K) NonClass: 13232K(13504K)->13232K(13504K) Class: 1575K(1856K)->1575K(1856K)
[2025-12-24T13:08:47.909+0000][gc          ] GC(142) Pause Young (Normal) (G1 Evacuation Pause) 804M->195M(1024M) 20.034ms
[2025-12-24T13:08:47.909+0000][gc,cpu      ] GC(142) User=0.12s Sys=0.01s Real=0.02s
[2025-12-24T13:09:18.173+0000][gc,start    ] GC(143) Pause Young (Normal) (G1 Evacuation Pause)
[2025-12-24T13:09:18.174+0000][gc,task     ] GC(143) Using 8 workers of 8 for evacuation
[2025-12-24T13:09:18.190+0000][gc,phases   ] GC(143)   Pre Evacuate Collection Set: 1.0ms
[2025-12-24T13:09:18.190+0000][gc,phases   ] GC(143)   Merge Heap Roots: 0.2ms
[2025-12-24T13:09:18.190+0000][gc,phases   ] GC(143)   Evacuate Collection Set: 13.0ms
[2025-12-24T13:09:18.190+0000][gc,phases   ] GC(143)   Post Evacuate Collection Set: 1.1ms
[2025-12-24T13:09:18.190+0000][gc,phases   ] GC(143)   Other: 0.3ms
[2025-12-24T13:09:18.190+0000][gc,heap     ] GC(143) Eden regions: 609->0(607)
[2025-12-24T13:09:18.190+0000][gc,heap     ] GC(143) Survivor regions: 5->7(77)
[2025-12-24T13:09:18.190+0000][gc,heap     ] GC(143) Old regions: 42->43
[2025-12-24T13:09:18.190+0000][gc,heap     ] GC(143) Humongous regions: 149->149
[2025-12-24T13:09:18.190+0000][gc,metaspace] GC(143) Metaspace: 14809K(15360K)->14809K(15360K) NonClass: 13234K(13504K)->13234K(13504K) Class: 1575K(1856K)->1575K(1856K)
[2025-12-24T13:09:18.190+0000][gc          ] GC(143) Pause Young (Normal) (G1 Evacuation Pause) 804M->197M(1024M) 16.905ms
[2025-12-24T13:09:18.190+0000][gc,cpu      ] GC(143) User=0.11s Sys=0.00s Real=0.02s
[2025-12-24T13:09:57.875+0000][gc,start    ] GC(144) Pause Young (Normal) (G1 Evacuation Pause)
[2025-12-24T13:09:57.876+0000][gc,task     ] GC(144) Using 8 workers of 8 for evacuation
[2025-12-24T13:09:57.904+0000][gc,phases   ] GC(144)   Pre Evacuate Collection Set: 1.4ms
[2025-12-24T13:09:57.905+0000][gc,phases   ] GC(144)   Merge Heap Roots: 0.5ms
[2025-12-24T13:09:57.905+0000][gc,phases   ] GC(144)   Evacuate Collection Set: 24.9ms
[2025-12-24T13:09:57.905+0000][gc,phases   ] GC(144)   Post Evacuate Collection Set: 1.4ms
[2025-12-24T13:09:57.905+0000][gc,phases   ] GC(144)   Other: 0.6ms
[2025-12-24T13:09:57.905+0000][gc,heap     ] GC(144) Eden regions: 607->0(608)
[2025-12-24T13:09:57.905+0000][gc,heap     ] GC(144) Survivor regions: 7->6(77)
[2025-12-24T13:09:57.905+0000][gc,heap     ] GC(144) Old regions: 43->43
[2025-12-24T13:09:57.905+0000][gc,heap     ] GC(144) Humongous regions: 149->149
[2025-12-24T13:09:57.905+0000][gc,metaspace] GC(144) Metaspace: 14810K(15360K)->14810K(15360K) NonClass: 13235K(13504K)->13235K(13504K) Class: 1575K(1856K)->1575K(1856K)
[2025-12-24T13:09:57.905+0000][gc          ] GC(144) Pause Young (Normal) (G1 Evacuation Pause) 804M->197M(1024M) 30.591ms
[2025-12-24T13:09:57.905+0000][gc,cpu      ] GC(144) User=0.12s Sys=0.08s Real=0.03s
[2025-12-24T13:10:28.147+0000][gc,start    ] GC(145) Pause Young (Normal) (G1 Evacuation Pause)
[2025-12-24T13:10:28.148+0000][gc,task     ] GC(145) Using 8 workers of 8 for evacuation
[2025-12-24T13:10:28.167+0000][gc,phases   ] GC(145)   Pre Evacuate Collection Set: 0.9ms
[2025-12-24T13:10:28.167+0000][gc,phases   ] GC(145)   Merge Heap Roots: 0.9ms
[2025-12-24T13:10:28.167+0000][gc,phases   ] GC(145)   Evacuate Collection Set: 15.9ms
[2025-12-24T13:10:28.167+0000][gc,phases   ] GC(145)   Post Evacuate Collection Set: 0.9ms
[2025-12-24T13:10:28.167+0000][gc,phases   ] GC(145)   Other: 0.5ms
[2025-12-24T13:10:28.167+0000][gc,heap     ] GC(145) Eden regions: 608->0(606)
[2025-12-24T13:10:28.167+0000][gc,heap     ] GC(145) Survivor regions: 6->8(77)
[2025-12-24T13:10:28.167+0000][gc,heap     ] GC(145) Old regions: 43->43
[2025-12-24T13:10:28.167+0000][gc,heap     ] GC(145) Humongous regions: 149->149
[2025-12-24T13:10:28.167+0000][gc,metaspace] GC(145) Metaspace: 14810K(15360K)->14810K(15360K) NonClass: 13235K(13504K)->13235K(13504K) Class: 1575K(1856K)->1575K(1856K)
[2025-12-24T13:10:28.167+0000][gc          ] GC(145) Pause Young (Normal) (G1 Evacuation Pause) 805M->199M(1024M) 20.192ms
[2025-12-24T13:10:28.168+0000][gc,cpu      ] GC(145) User=0.13s Sys=0.01s Real=0.02s
[2025-12-24T13:11:07.663+0000][gc,start    ] GC(146) Pause Young (Normal) (G1 Evacuation Pause)
[2025-12-24T13:11:07.664+0000][gc,task     ] GC(146) Using 8 workers of 8 for evacuation
[2025-12-24T13:11:07.677+0000][gc,phases   ] GC(146)   Pre Evacuate Collection Set: 1.0ms
[2025-12-24T13:11:07.677+0000][gc,phases   ] GC(146)   Merge Heap Roots: 0.3ms
[2025-12-24T13:11:07.677+0000][gc,phases   ] GC(146)   Evacuate Collection Set: 10.5ms
[2025-12-24T13:11:07.677+0000][gc,phases   ] GC(146)   Post Evacuate Collection Set: 1.2ms
[2025-12-24T13:11:07.677+0000][gc,phases   ] GC(146)   Other: 0.4ms
[2025-12-24T13:11:07.678+0000][gc,heap     ] GC(146) Eden regions: 606->0(606)
[2025-12-24T13:11:07.678+0000][gc,heap     ] GC(146) Survivor regions: 8->8(77)
[2025-12-24T13:11:07.678+0000][gc,heap     ] GC(146) Old regions: 43->43
[2025-12-24T13:11:07.678+0000][gc,heap     ] GC(146) Humongous regions: 149->149
[2025-12-24T13:11:07.678+0000][gc,metaspace] GC(146) Metaspace: 14810K(15360K)->14810K(15360K) NonClass: 13235K(13504K)->13235K(13504K) Class: 1575K(1856K)->1575K(1856K)
[2025-12-24T13:11:07.678+0000][gc          ] GC(146) Pause Young (Normal) (G1 Evacuation Pause) 805M->199M(1024M) 14.660ms
[2025-12-24T13:11:07.678+0000][gc,cpu      ] GC(146) User=0.09s Sys=0.01s Real=0.01s
[2025-12-24T13:11:37.956+0000][gc,start    ] GC(147) Pause Young (Normal) (G1 Evacuation Pause)
[2025-12-24T13:11:37.957+0000][gc,task     ] GC(147) Using 8 workers of 8 for evacuation
[2025-12-24T13:11:37.969+0000][gc,phases   ] GC(147)   Pre Evacuate Collection Set: 0.9ms
[2025-12-24T13:11:37.969+0000][gc,phases   ] GC(147)   Merge Heap Roots: 0.3ms
[2025-12-24T13:11:37.969+0000][gc,phases   ] GC(147)   Evacuate Collection Set: 9.3ms
[2025-12-24T13:11:37.969+0000][gc,phases   ] GC(147)   Post Evacuate Collection Set: 1.1ms
[2025-12-24T13:11:37.969+0000][gc,phases   ] GC(147)   Other: 0.2ms
[2025-12-24T13:11:37.969+0000][gc,heap     ] GC(147) Eden regions: 606->0(605)
[2025-12-24T13:11:37.969+0000][gc,heap     ] GC(147) Survivor regions: 8->9(77)
[2025-12-24T13:11:37.969+0000][gc,heap     ] GC(147) Old regions: 43->44
[2025-12-24T13:11:37.969+0000][gc,heap     ] GC(147) Humongous regions: 149->149
[2025-12-24T13:11:37.969+0000][gc,metaspace] GC(147) Metaspace: 14810K(15360K)->14810K(15360K) NonClass: 13235K(13504K)->13235K(13504K) Class: 1575K(1856K)->1575K(1856K)
[2025-12-24T13:11:37.969+0000][gc          ] GC(147) Pause Young (Normal) (G1 Evacuation Pause) 805M->201M(1024M) 12.746ms
[2025-12-24T13:11:37.969+0000][gc,cpu      ] GC(147) User=0.08s Sys=0.00s Real=0.01s
[2025-12-24T13:12:08.207+0000][gc,start    ] GC(148) Pause Young (Normal) (G1 Evacuation Pause)
[2025-12-24T13:12:08.208+0000][gc,task     ] GC(148) Using 8 workers of 8 for evacuation
[2025-12-24T13:12:08.222+0000][gc,phases   ] GC(148)   Pre Evacuate Collection Set: 1.1ms
[2025-12-24T13:12:08.222+0000][gc,phases   ] GC(148)   Merge Heap Roots: 0.2ms
[2025-12-24T13:12:08.222+0000][gc,phases   ] GC(148)   Evacuate Collection Set: 10.5ms
[2025-12-24T13:12:08.222+0000][gc,phases   ] GC(148)   Post Evacuate Collection Set: 1.8ms
[2025-12-24T13:12:08.222+0000][gc,phases   ] GC(148)   Other: 0.2ms
[2025-12-24T13:12:08.222+0000][gc,heap     ] GC(148) Eden regions: 605->0(607)
[2025-12-24T13:12:08.222+0000][gc,heap     ] GC(148) Survivor regions: 9->7(77)
[2025-12-24T13:12:08.222+0000][gc,heap     ] GC(148) Old regions: 44->44
[2025-12-24T13:12:08.222+0000][gc,heap     ] GC(148) Humongous regions: 149->149
[2025-12-24T13:12:08.222+0000][gc,metaspace] GC(148) Metaspace: 14811K(15360K)->14811K(15360K) NonClass: 13236K(13504K)->13236K(13504K) Class: 1575K(1856K)->1575K(1856K)
[2025-12-24T13:12:08.222+0000][gc          ] GC(148) Pause Young (Normal) (G1 Evacuation Pause) 806M->198M(1024M) 15.036ms
[2025-12-24T13:12:08.222+0000][gc,cpu      ] GC(148) User=0.09s Sys=0.00s Real=0.02s
[2025-12-24T13:12:47.919+0000][gc,start    ] GC(149) Pause Young (Normal) (G1 Evacuation Pause)
[2025-12-24T13:12:47.920+0000][gc,task     ] GC(149) Using 8 workers of 8 for evacuation
[2025-12-24T13:12:47.930+0000][gc,phases   ] GC(149)   Pre Evacuate Collection Set: 1.6ms
[2025-12-24T13:12:47.930+0000][gc,phases   ] GC(149)   Merge Heap Roots: 0.3ms
[2025-12-24T13:12:47.930+0000][gc,phases   ] GC(149)   Evacuate Collection Set: 7.2ms
[2025-12-24T13:12:47.930+0000][gc,phases   ] GC(149)   Post Evacuate Collection Set: 1.0ms
[2025-12-24T13:12:47.931+0000][gc,phases   ] GC(149)   Other: 0.3ms
[2025-12-24T13:12:47.931+0000][gc,heap     ] GC(149) Eden regions: 607->0(608)
[2025-12-24T13:12:47.931+0000][gc,heap     ] GC(149) Survivor regions: 7->6(77)
[2025-12-24T13:12:47.931+0000][gc,heap     ] GC(149) Old regions: 44->44
[2025-12-24T13:12:47.931+0000][gc,heap     ] GC(149) Humongous regions: 149->149
[2025-12-24T13:12:47.931+0000][gc,metaspace] GC(149) Metaspace: 14811K(15360K)->14811K(15360K) NonClass: 13236K(13504K)->13236K(13504K) Class: 1575K(1856K)->1575K(1856K)
[2025-12-24T13:12:47.931+0000][gc          ] GC(149) Pause Young (Normal) (G1 Evacuation Pause) 805M->198M(1024M) 11.597ms
[2025-12-24T13:12:47.931+0000][gc,cpu      ] GC(149) User=0.06s Sys=0.00s Real=0.01s
[2025-12-24T13:13:18.263+0000][gc,start    ] GC(150) Pause Young (Normal) (G1 Evacuation Pause)
[2025-12-24T13:13:18.264+0000][gc,task     ] GC(150) Using 8 workers of 8 for evacuation
[2025-12-24T13:13:18.283+0000][gc,phases   ] GC(150)   Pre Evacuate Collection Set: 4.4ms
[2025-12-24T13:13:18.283+0000][gc,phases   ] GC(150)   Merge Heap Roots: 1.3ms
[2025-12-24T13:13:18.283+0000][gc,phases   ] GC(150)   Evacuate Collection Set: 11.7ms
[2025-12-24T13:13:18.283+0000][gc,phases   ] GC(150)   Post Evacuate Collection Set: 1.3ms
[2025-12-24T13:13:18.284+0000][gc,phases   ] GC(150)   Other: 0.5ms
[2025-12-24T13:13:18.284+0000][gc,heap     ] GC(150) Eden regions: 608->0(606)
[2025-12-24T13:13:18.284+0000][gc,heap     ] GC(150) Survivor regions: 6->8(77)
[2025-12-24T13:13:18.284+0000][gc,heap     ] GC(150) Old regions: 44->44
[2025-12-24T13:13:18.284+0000][gc,heap     ] GC(150) Humongous regions: 149->149
[2025-12-24T13:13:18.284+0000][gc,metaspace] GC(150) Metaspace: 14911K(15360K)->14911K(15360K) NonClass: 13336K(13504K)->13336K(13504K) Class: 1575K(1856K)->1575K(1856K)
[2025-12-24T13:13:18.284+0000][gc          ] GC(150) Pause Young (Normal) (G1 Evacuation Pause) 806M->199M(1024M) 20.623ms
[2025-12-24T13:13:18.284+0000][gc,cpu      ] GC(150) User=0.12s Sys=0.00s Real=0.02s
[2025-12-24T13:13:57.912+0000][gc,start    ] GC(151) Pause Young (Normal) (G1 Evacuation Pause)
[2025-12-24T13:13:57.912+0000][gc,task     ] GC(151) Using 8 workers of 8 for evacuation
[2025-12-24T13:13:57.922+0000][gc,phases   ] GC(151)   Pre Evacuate Collection Set: 1.1ms
[2025-12-24T13:13:57.923+0000][gc,phases   ] GC(151)   Merge Heap Roots: 0.2ms
[2025-12-24T13:13:57.923+0000][gc,phases   ] GC(151)   Evacuate Collection Set: 7.8ms
[2025-12-24T13:13:57.923+0000][gc,phases   ] GC(151)   Post Evacuate Collection Set: 1.1ms
[2025-12-24T13:13:57.923+0000][gc,phases   ] GC(151)   Other: 0.3ms
[2025-12-24T13:13:57.923+0000][gc,heap     ] GC(151) Eden regions: 606->0(607)
[2025-12-24T13:13:57.923+0000][gc,heap     ] GC(151) Survivor regions: 8->7(77)
[2025-12-24T13:13:57.923+0000][gc,heap     ] GC(151) Old regions: 44->45
[2025-12-24T13:13:57.923+0000][gc,heap     ] GC(151) Humongous regions: 149->149
[2025-12-24T13:13:57.923+0000][gc,metaspace] GC(151) Metaspace: 14911K(15360K)->14911K(15360K) NonClass: 13336K(13504K)->13336K(13504K) Class: 1575K(1856K)->1575K(1856K)
[2025-12-24T13:13:57.923+0000][gc          ] GC(151) Pause Young (Normal) (G1 Evacuation Pause) 805M->199M(1024M) 11.443ms
[2025-12-24T13:13:57.923+0000][gc,cpu      ] GC(151) User=0.06s Sys=0.00s Real=0.01s
[2025-12-24T13:14:28.275+0000][gc,start    ] GC(152) Pause Young (Normal) (G1 Evacuation Pause)
[2025-12-24T13:14:28.277+0000][gc,task     ] GC(152) Using 8 workers of 8 for evacuation
[2025-12-24T13:14:28.291+0000][gc,phases   ] GC(152)   Pre Evacuate Collection Set: 1.2ms
[2025-12-24T13:14:28.292+0000][gc,phases   ] GC(152)   Merge Heap Roots: 0.7ms
[2025-12-24T13:14:28.292+0000][gc,phases   ] GC(152)   Evacuate Collection Set: 11.5ms
[2025-12-24T13:14:28.292+0000][gc,phases   ] GC(152)   Post Evacuate Collection Set: 1.0ms
[2025-12-24T13:14:28.292+0000][gc,phases   ] GC(152)   Other: 0.4ms
[2025-12-24T13:14:28.292+0000][gc,heap     ] GC(152) Eden regions: 607->0(605)
[2025-12-24T13:14:28.292+0000][gc,heap     ] GC(152) Survivor regions: 7->9(77)
[2025-12-24T13:14:28.292+0000][gc,heap     ] GC(152) Old regions: 45->45
[2025-12-24T13:14:28.292+0000][gc,heap     ] GC(152) Humongous regions: 149->149
[2025-12-24T13:14:28.292+0000][gc,metaspace] GC(152) Metaspace: 14914K(15360K)->14914K(15360K) NonClass: 13339K(13504K)->13339K(13504K) Class: 1575K(1856K)->1575K(1856K)
[2025-12-24T13:14:28.292+0000][gc          ] GC(152) Pause Young (Normal) (G1 Evacuation Pause) 806M->202M(1024M) 17.133ms
[2025-12-24T13:14:28.292+0000][gc,cpu      ] GC(152) User=0.09s Sys=0.01s Real=0.01s
[2025-12-24T13:15:07.886+0000][gc,start    ] GC(153) Pause Young (Normal) (G1 Evacuation Pause)
[2025-12-24T13:15:07.887+0000][gc,task     ] GC(153) Using 8 workers of 8 for evacuation
[2025-12-24T13:15:07.902+0000][gc,phases   ] GC(153)   Pre Evacuate Collection Set: 1.2ms
[2025-12-24T13:15:07.903+0000][gc,phases   ] GC(153)   Merge Heap Roots: 0.3ms
[2025-12-24T13:15:07.903+0000][gc,phases   ] GC(153)   Evacuate Collection Set: 12.6ms
[2025-12-24T13:15:07.903+0000][gc,phases   ] GC(153)   Post Evacuate Collection Set: 1.1ms
[2025-12-24T13:15:07.903+0000][gc,phases   ] GC(153)   Other: 0.3ms
[2025-12-24T13:15:07.903+0000][gc,heap     ] GC(153) Eden regions: 605->0(605)
[2025-12-24T13:15:07.903+0000][gc,heap     ] GC(153) Survivor regions: 9->9(77)
[2025-12-24T13:15:07.903+0000][gc,heap     ] GC(153) Old regions: 45->45
[2025-12-24T13:15:07.903+0000][gc,heap     ] GC(153) Humongous regions: 149->149
[2025-12-24T13:15:07.903+0000][gc,metaspace] GC(153) Metaspace: 14914K(15360K)->14914K(15360K) NonClass: 13339K(13504K)->13339K(13504K) Class: 1575K(1856K)->1575K(1856K)
[2025-12-24T13:15:07.903+0000][gc          ] GC(153) Pause Young (Normal) (G1 Evacuation Pause) 807M->201M(1024M) 17.265ms
[2025-12-24T13:15:07.903+0000][gc,cpu      ] GC(153) User=0.11s Sys=0.01s Real=0.02s
[2025-12-24T13:15:38.159+0000][gc,start    ] GC(154) Pause Young (Normal) (G1 Evacuation Pause)
[2025-12-24T13:15:38.161+0000][gc,task     ] GC(154) Using 8 workers of 8 for evacuation
[2025-12-24T13:15:38.180+0000][gc,phases   ] GC(154)   Pre Evacuate Collection Set: 1.1ms
[2025-12-24T13:15:38.180+0000][gc,phases   ] GC(154)   Merge Heap Roots: 0.2ms
[2025-12-24T13:15:38.180+0000][gc,phases   ] GC(154)   Evacuate Collection Set: 16.6ms
[2025-12-24T13:15:38.180+0000][gc,phases   ] GC(154)   Post Evacuate Collection Set: 1.1ms
[2025-12-24T13:15:38.180+0000][gc,phases   ] GC(154)   Other: 0.3ms
[2025-12-24T13:15:38.180+0000][gc,heap     ] GC(154) Eden regions: 605->0(604)
[2025-12-24T13:15:38.180+0000][gc,heap     ] GC(154) Survivor regions: 9->10(77)
[2025-12-24T13:15:38.180+0000][gc,heap     ] GC(154) Old regions: 45->45
[2025-12-24T13:15:38.180+0000][gc,heap     ] GC(154) Humongous regions: 149->149
[2025-12-24T13:15:38.181+0000][gc,metaspace] GC(154) Metaspace: 14914K(15360K)->14914K(15360K) NonClass: 13339K(13504K)->13339K(13504K) Class: 1575K(1856K)->1575K(1856K)
[2025-12-24T13:15:38.181+0000][gc          ] GC(154) Pause Young (Normal) (G1 Evacuation Pause) 806M->203M(1024M) 21.352ms
[2025-12-24T13:15:38.181+0000][gc,cpu      ] GC(154) User=0.14s Sys=0.00s Real=0.02s
[2025-12-24T13:16:17.845+0000][gc,start    ] GC(155) Pause Young (Normal) (G1 Evacuation Pause)
[2025-12-24T13:16:17.845+0000][gc,task     ] GC(155) Using 8 workers of 8 for evacuation
[2025-12-24T13:16:17.858+0000][gc,phases   ] GC(155)   Pre Evacuate Collection Set: 0.9ms
[2025-12-24T13:16:17.858+0000][gc,phases   ] GC(155)   Merge Heap Roots: 0.3ms
[2025-12-24T13:16:17.858+0000][gc,phases   ] GC(155)   Evacuate Collection Set: 9.6ms
[2025-12-24T13:16:17.858+0000][gc,phases   ] GC(155)   Post Evacuate Collection Set: 1.4ms
[2025-12-24T13:16:17.858+0000][gc,phases   ] GC(155)   Other: 0.3ms
[2025-12-24T13:16:17.858+0000][gc,heap     ] GC(155) Eden regions: 604->0(609)
[2025-12-24T13:16:17.858+0000][gc,heap     ] GC(155) Survivor regions: 10->5(77)
[2025-12-24T13:16:17.858+0000][gc,heap     ] GC(155) Old regions: 45->46
[2025-12-24T13:16:17.858+0000][gc,heap     ] GC(155) Humongous regions: 149->149
[2025-12-24T13:16:17.858+0000][gc,metaspace] GC(155) Metaspace: 14918K(15360K)->14918K(15360K) NonClass: 13343K(13504K)->13343K(13504K) Class: 1575K(1856K)->1575K(1856K)
[2025-12-24T13:16:17.859+0000][gc          ] GC(155) Pause Young (Normal) (G1 Evacuation Pause) 807M->199M(1024M) 13.852ms
[2025-12-24T13:16:17.859+0000][gc,cpu      ] GC(155) User=0.07s Sys=0.00s Real=0.01s
[2025-12-24T13:16:48.137+0000][gc,start    ] GC(156) Pause Young (Normal) (G1 Evacuation Pause)
[2025-12-24T13:16:48.138+0000][gc,task     ] GC(156) Using 8 workers of 8 for evacuation
[2025-12-24T13:16:48.155+0000][gc,phases   ] GC(156)   Pre Evacuate Collection Set: 4.2ms
[2025-12-24T13:16:48.155+0000][gc,phases   ] GC(156)   Merge Heap Roots: 0.5ms
[2025-12-24T13:16:48.155+0000][gc,phases   ] GC(156)   Evacuate Collection Set: 10.9ms
[2025-12-24T13:16:48.155+0000][gc,phases   ] GC(156)   Post Evacuate Collection Set: 1.1ms
[2025-12-24T13:16:48.155+0000][gc,phases   ] GC(156)   Other: 0.3ms
[2025-12-24T13:16:48.155+0000][gc,heap     ] GC(156) Eden regions: 609->0(607)
[2025-12-24T13:16:48.155+0000][gc,heap     ] GC(156) Survivor regions: 5->7(77)
[2025-12-24T13:16:48.155+0000][gc,heap     ] GC(156) Old regions: 46->46
[2025-12-24T13:16:48.155+0000][gc,heap     ] GC(156) Humongous regions: 149->149
[2025-12-24T13:16:48.155+0000][gc,metaspace] GC(156) Metaspace: 14918K(15360K)->14918K(15360K) NonClass: 13343K(13504K)->13343K(13504K) Class: 1575K(1856K)->1575K(1856K)
[2025-12-24T13:16:48.156+0000][gc          ] GC(156) Pause Young (Normal) (G1 Evacuation Pause) 808M->200M(1024M) 18.978ms
[2025-12-24T13:16:48.156+0000][gc,cpu      ] GC(156) User=0.10s Sys=0.00s Real=0.02s
[2025-12-24T13:17:27.838+0000][gc,start    ] GC(157) Pause Young (Normal) (G1 Evacuation Pause)
[2025-12-24T13:17:27.839+0000][gc,task     ] GC(157) Using 8 workers of 8 for evacuation
[2025-12-24T13:17:27.858+0000][gc,phases   ] GC(157)   Pre Evacuate Collection Set: 1.1ms
[2025-12-24T13:17:27.858+0000][gc,phases   ] GC(157)   Merge Heap Roots: 0.3ms
[2025-12-24T13:17:27.858+0000][gc,phases   ] GC(157)   Evacuate Collection Set: 15.4ms
[2025-12-24T13:17:27.858+0000][gc,phases   ] GC(157)   Post Evacuate Collection Set: 1.1ms
[2025-12-24T13:17:27.858+0000][gc,phases   ] GC(157)   Other: 0.4ms
[2025-12-24T13:17:27.858+0000][gc,heap     ] GC(157) Eden regions: 607->0(608)
[2025-12-24T13:17:27.858+0000][gc,heap     ] GC(157) Survivor regions: 7->6(77)
[2025-12-24T13:17:27.858+0000][gc,heap     ] GC(157) Old regions: 46->46
[2025-12-24T13:17:27.858+0000][gc,heap     ] GC(157) Humongous regions: 149->149
[2025-12-24T13:17:27.858+0000][gc,metaspace] GC(157) Metaspace: 14918K(15360K)->14918K(15360K) NonClass: 13343K(13504K)->13343K(13504K) Class: 1575K(1856K)->1575K(1856K)
[2025-12-24T13:17:27.858+0000][gc          ] GC(157) Pause Young (Normal) (G1 Evacuation Pause) 807M->200M(1024M) 20.212ms
[2025-12-24T13:17:27.859+0000][gc,cpu      ] GC(157) User=0.13s Sys=0.00s Real=0.02s
[2025-12-24T13:17:58.115+0000][gc,start    ] GC(158) Pause Young (Normal) (G1 Evacuation Pause)
[2025-12-24T13:17:58.115+0000][gc,task     ] GC(158) Using 8 workers of 8 for evacuation
[2025-12-24T13:17:58.132+0000][gc,phases   ] GC(158)   Pre Evacuate Collection Set: 0.9ms
[2025-12-24T13:17:58.132+0000][gc,phases   ] GC(158)   Merge Heap Roots: 0.2ms
[2025-12-24T13:17:58.132+0000][gc,phases   ] GC(158)   Evacuate Collection Set: 13.9ms
[2025-12-24T13:17:58.132+0000][gc,phases   ] GC(158)   Post Evacuate Collection Set: 1.2ms
[2025-12-24T13:17:58.132+0000][gc,phases   ] GC(158)   Other: 0.4ms
[2025-12-24T13:17:58.132+0000][gc,heap     ] GC(158) Eden regions: 608->0(606)
[2025-12-24T13:17:58.132+0000][gc,heap     ] GC(158) Survivor regions: 6->8(77)
[2025-12-24T13:17:58.132+0000][gc,heap     ] GC(158) Old regions: 46->46
[2025-12-24T13:17:58.132+0000][gc,heap     ] GC(158) Humongous regions: 149->149
[2025-12-24T13:17:58.133+0000][gc,metaspace] GC(158) Metaspace: 14918K(15360K)->14918K(15360K) NonClass: 13343K(13504K)->13343K(13504K) Class: 1575K(1856K)->1575K(1856K)
[2025-12-24T13:17:58.133+0000][gc          ] GC(158) Pause Young (Normal) (G1 Evacuation Pause) 808M->202M(1024M) 17.867ms
[2025-12-24T13:17:58.133+0000][gc,cpu      ] GC(158) User=0.12s Sys=0.00s Real=0.02s
[2025-12-24T13:18:37.803+0000][gc,start    ] GC(159) Pause Young (Normal) (G1 Evacuation Pause)
[2025-12-24T13:18:37.804+0000][gc,task     ] GC(159) Using 8 workers of 8 for evacuation
[2025-12-24T13:18:37.814+0000][gc,phases   ] GC(159)   Pre Evacuate Collection Set: 1.1ms
[2025-12-24T13:18:37.814+0000][gc,phases   ] GC(159)   Merge Heap Roots: 0.2ms
[2025-12-24T13:18:37.814+0000][gc,phases   ] GC(159)   Evacuate Collection Set: 7.9ms
[2025-12-24T13:18:37.814+0000][gc,phases   ] GC(159)   Post Evacuate Collection Set: 1.0ms
[2025-12-24T13:18:37.814+0000][gc,phases   ] GC(159)   Other: 0.2ms
[2025-12-24T13:18:37.814+0000][gc,heap     ] GC(159) Eden regions: 606->0(607)
[2025-12-24T13:18:37.814+0000][gc,heap     ] GC(159) Survivor regions: 8->7(77)
[2025-12-24T13:18:37.815+0000][gc,heap     ] GC(159) Old regions: 46->46
[2025-12-24T13:18:37.815+0000][gc,heap     ] GC(159) Humongous regions: 149->149
[2025-12-24T13:18:37.815+0000][gc,metaspace] GC(159) Metaspace: 14918K(15360K)->14918K(15360K) NonClass: 13343K(13504K)->13343K(13504K) Class: 1575K(1856K)->1575K(1856K)
[2025-12-24T13:18:37.815+0000][gc          ] GC(159) Pause Young (Normal) (G1 Evacuation Pause) 808M->201M(1024M) 11.650ms
[2025-12-24T13:18:37.815+0000][gc,cpu      ] GC(159) User=0.06s Sys=0.00s Real=0.01s
[2025-12-24T13:19:08.162+0000][gc,start    ] GC(160) Pause Young (Normal) (G1 Evacuation Pause)
[2025-12-24T13:19:08.163+0000][gc,task     ] GC(160) Using 8 workers of 8 for evacuation
[2025-12-24T13:19:08.182+0000][gc,phases   ] GC(160)   Pre Evacuate Collection Set: 1.0ms
[2025-12-24T13:19:08.183+0000][gc,phases   ] GC(160)   Merge Heap Roots: 0.2ms
[2025-12-24T13:19:08.183+0000][gc,phases   ] GC(160)   Evacuate Collection Set: 16.5ms
[2025-12-24T13:19:08.183+0000][gc,phases   ] GC(160)   Post Evacuate Collection Set: 1.3ms
[2025-12-24T13:19:08.183+0000][gc,phases   ] GC(160)   Other: 0.4ms
[2025-12-24T13:19:08.183+0000][gc,heap     ] GC(160) Eden regions: 607->0(605)
[2025-12-24T13:19:08.183+0000][gc,heap     ] GC(160) Survivor regions: 7->9(77)
[2025-12-24T13:19:08.183+0000][gc,heap     ] GC(160) Old regions: 46->47
[2025-12-24T13:19:08.183+0000][gc,heap     ] GC(160) Humongous regions: 149->149
[2025-12-24T13:19:08.183+0000][gc,metaspace] GC(160) Metaspace: 14918K(15360K)->14918K(15360K) NonClass: 13343K(13504K)->13343K(13504K) Class: 1575K(1856K)->1575K(1856K)
[2025-12-24T13:19:08.183+0000][gc          ] GC(160) Pause Young (Normal) (G1 Evacuation Pause) 808M->204M(1024M) 20.785ms
[2025-12-24T13:19:08.183+0000][gc,cpu      ] GC(160) User=0.14s Sys=0.00s Real=0.02s
[2025-12-24T13:19:47.831+0000][gc,start    ] GC(161) Pause Young (Normal) (G1 Evacuation Pause)
[2025-12-24T13:19:47.833+0000][gc,task     ] GC(161) Using 8 workers of 8 for evacuation
[2025-12-24T13:19:47.857+0000][gc,phases   ] GC(161)   Pre Evacuate Collection Set: 5.5ms
[2025-12-24T13:19:47.857+0000][gc,phases   ] GC(161)   Merge Heap Roots: 0.4ms
[2025-12-24T13:19:47.857+0000][gc,phases   ] GC(161)   Evacuate Collection Set: 16.7ms
[2025-12-24T13:19:47.857+0000][gc,phases   ] GC(161)   Post Evacuate Collection Set: 1.2ms
[2025-12-24T13:19:47.857+0000][gc,phases   ] GC(161)   Other: 0.6ms
[2025-12-24T13:19:47.857+0000][gc,heap     ] GC(161) Eden regions: 605->0(605)
[2025-12-24T13:19:47.858+0000][gc,heap     ] GC(161) Survivor regions: 9->9(77)
[2025-12-24T13:19:47.858+0000][gc,heap     ] GC(161) Old regions: 47->47
[2025-12-24T13:19:47.858+0000][gc,heap     ] GC(161) Humongous regions: 149->149
[2025-12-24T13:19:47.858+0000][gc,metaspace] GC(161) Metaspace: 14919K(15360K)->14919K(15360K) NonClass: 13344K(13504K)->13344K(13504K) Class: 1575K(1856K)->1575K(1856K)
[2025-12-24T13:19:47.858+0000][gc          ] GC(161) Pause Young (Normal) (G1 Evacuation Pause) 809M->203M(1024M) 26.477ms
[2025-12-24T13:19:47.858+0000][gc,cpu      ] GC(161) User=0.17s Sys=0.01s Real=0.03s
[2025-12-24T13:20:18.072+0000][gc,start    ] GC(162) Pause Young (Normal) (G1 Evacuation Pause)
[2025-12-24T13:20:18.073+0000][gc,task     ] GC(162) Using 8 workers of 8 for evacuation
[2025-12-24T13:20:18.086+0000][gc,phases   ] GC(162)   Pre Evacuate Collection Set: 0.9ms
[2025-12-24T13:20:18.086+0000][gc,phases   ] GC(162)   Merge Heap Roots: 0.2ms
[2025-12-24T13:20:18.086+0000][gc,phases   ] GC(162)   Evacuate Collection Set: 10.2ms
[2025-12-24T13:20:18.086+0000][gc,phases   ] GC(162)   Post Evacuate Collection Set: 1.1ms
[2025-12-24T13:20:18.086+0000][gc,phases   ] GC(162)   Other: 0.3ms
[2025-12-24T13:20:18.086+0000][gc,heap     ] GC(162) Eden regions: 605->0(604)
[2025-12-24T13:20:18.086+0000][gc,heap     ] GC(162) Survivor regions: 9->10(77)
[2025-12-24T13:20:18.086+0000][gc,heap     ] GC(162) Old regions: 47->47
[2025-12-24T13:20:18.086+0000][gc,heap     ] GC(162) Humongous regions: 149->149
[2025-12-24T13:20:18.086+0000][gc,metaspace] GC(162) Metaspace: 14920K(15360K)->14920K(15360K) NonClass: 13345K(13504K)->13345K(13504K) Class: 1575K(1856K)->1575K(1856K)
[2025-12-24T13:20:18.086+0000][gc          ] GC(162) Pause Young (Normal) (G1 Evacuation Pause) 808M->205M(1024M) 14.076ms
[2025-12-24T13:20:18.087+0000][gc,cpu      ] GC(162) User=0.09s Sys=0.00s Real=0.02s
[2025-12-24T13:20:57.776+0000][gc,start    ] GC(163) Pause Young (Normal) (G1 Evacuation Pause)
[2025-12-24T13:20:57.777+0000][gc,task     ] GC(163) Using 8 workers of 8 for evacuation
[2025-12-24T13:20:57.787+0000][gc,phases   ] GC(163)   Pre Evacuate Collection Set: 1.1ms
[2025-12-24T13:20:57.787+0000][gc,phases   ] GC(163)   Merge Heap Roots: 0.3ms
[2025-12-24T13:20:57.787+0000][gc,phases   ] GC(163)   Evacuate Collection Set: 6.9ms
[2025-12-24T13:20:57.787+0000][gc,phases   ] GC(163)   Post Evacuate Collection Set: 1.1ms
[2025-12-24T13:20:57.787+0000][gc,phases   ] GC(163)   Other: 0.5ms
[2025-12-24T13:20:57.787+0000][gc,heap     ] GC(163) Eden regions: 604->0(609)
[2025-12-24T13:20:57.787+0000][gc,heap     ] GC(163) Survivor regions: 10->5(77)
[2025-12-24T13:20:57.787+0000][gc,heap     ] GC(163) Old regions: 47->47
[2025-12-24T13:20:57.787+0000][gc,heap     ] GC(163) Humongous regions: 149->149
[2025-12-24T13:20:57.787+0000][gc,metaspace] GC(163) Metaspace: 14920K(15360K)->14920K(15360K) NonClass: 13345K(13504K)->13345K(13504K) Class: 1575K(1856K)->1575K(1856K)
[2025-12-24T13:20:57.787+0000][gc          ] GC(163) Pause Young (Normal) (G1 Evacuation Pause) 809M->200M(1024M) 11.349ms
[2025-12-24T13:20:57.787+0000][gc,cpu      ] GC(163) User=0.05s Sys=0.01s Real=0.01s
[2025-12-24T13:21:28.038+0000][gc,start    ] GC(164) Pause Young (Normal) (G1 Evacuation Pause)
[2025-12-24T13:21:28.039+0000][gc,task     ] GC(164) Using 8 workers of 8 for evacuation
[2025-12-24T13:21:28.057+0000][gc,phases   ] GC(164)   Pre Evacuate Collection Set: 1.2ms
[2025-12-24T13:21:28.057+0000][gc,phases   ] GC(164)   Merge Heap Roots: 0.3ms
[2025-12-24T13:21:28.057+0000][gc,phases   ] GC(164)   Evacuate Collection Set: 14.8ms
[2025-12-24T13:21:28.057+0000][gc,phases   ] GC(164)   Post Evacuate Collection Set: 1.4ms
[2025-12-24T13:21:28.057+0000][gc,phases   ] GC(164)   Other: 0.5ms
[2025-12-24T13:21:28.059+0000][gc,heap     ] GC(164) Eden regions: 609->0(607)
[2025-12-24T13:21:28.063+0000][gc,heap     ] GC(164) Survivor regions: 5->7(77)
[2025-12-24T13:21:28.068+0000][gc,heap     ] GC(164) Old regions: 47->48
[2025-12-24T13:21:28.068+0000][gc,heap     ] GC(164) Humongous regions: 149->149
[2025-12-24T13:21:28.068+0000][gc,metaspace] GC(164) Metaspace: 14920K(15360K)->14920K(15360K) NonClass: 13345K(13504K)->13345K(13504K) Class: 1575K(1856K)->1575K(1856K)
[2025-12-24T13:21:28.068+0000][gc          ] GC(164) Pause Young (Normal) (G1 Evacuation Pause) 809M->203M(1024M) 30.095ms
[2025-12-24T13:21:28.068+0000][gc,cpu      ] GC(164) User=0.10s Sys=0.01s Real=0.03s
[2025-12-24T13:22:07.761+0000][gc,start    ] GC(165) Pause Young (Normal) (G1 Evacuation Pause)
[2025-12-24T13:22:07.762+0000][gc,task     ] GC(165) Using 8 workers of 8 for evacuation
[2025-12-24T13:22:07.774+0000][gc,phases   ] GC(165)   Pre Evacuate Collection Set: 1.2ms
[2025-12-24T13:22:07.775+0000][gc,phases   ] GC(165)   Merge Heap Roots: 0.3ms
[2025-12-24T13:22:07.775+0000][gc,phases   ] GC(165)   Evacuate Collection Set: 7.4ms
[2025-12-24T13:22:07.775+0000][gc,phases   ] GC(165)   Post Evacuate Collection Set: 2.1ms
[2025-12-24T13:22:07.775+0000][gc,phases   ] GC(165)   Other: 0.7ms
[2025-12-24T13:22:07.775+0000][gc,heap     ] GC(165) Eden regions: 607->0(608)
[2025-12-24T13:22:07.775+0000][gc,heap     ] GC(165) Survivor regions: 7->6(77)
[2025-12-24T13:22:07.775+0000][gc,heap     ] GC(165) Old regions: 48->48
[2025-12-24T13:22:07.775+0000][gc,heap     ] GC(165) Humongous regions: 149->149
[2025-12-24T13:22:07.775+0000][gc,metaspace] GC(165) Metaspace: 14920K(15360K)->14920K(15360K) NonClass: 13345K(13504K)->13345K(13504K) Class: 1575K(1856K)->1575K(1856K)
[2025-12-24T13:22:07.775+0000][gc          ] GC(165) Pause Young (Normal) (G1 Evacuation Pause) 810M->202M(1024M) 14.462ms
[2025-12-24T13:22:07.775+0000][gc,cpu      ] GC(165) User=0.07s Sys=0.01s Real=0.01s
[2025-12-24T13:22:38.018+0000][gc,start    ] GC(166) Pause Young (Normal) (G1 Evacuation Pause)
[2025-12-24T13:22:38.019+0000][gc,task     ] GC(166) Using 8 workers of 8 for evacuation
[2025-12-24T13:22:38.028+0000][gc,phases   ] GC(166)   Pre Evacuate Collection Set: 1.0ms
[2025-12-24T13:22:38.028+0000][gc,phases   ] GC(166)   Merge Heap Roots: 0.3ms
[2025-12-24T13:22:38.029+0000][gc,phases   ] GC(166)   Evacuate Collection Set: 6.7ms
[2025-12-24T13:22:38.029+0000][gc,phases   ] GC(166)   Post Evacuate Collection Set: 1.1ms
[2025-12-24T13:22:38.029+0000][gc,phases   ] GC(166)   Other: 0.3ms
[2025-12-24T13:22:38.029+0000][gc,heap     ] GC(166) Eden regions: 608->0(606)
[2025-12-24T13:22:38.029+0000][gc,heap     ] GC(166) Survivor regions: 6->8(77)
[2025-12-24T13:22:38.029+0000][gc,heap     ] GC(166) Old regions: 48->48
[2025-12-24T13:22:38.029+0000][gc,heap     ] GC(166) Humongous regions: 149->149
[2025-12-24T13:22:38.029+0000][gc,metaspace] GC(166) Metaspace: 14921K(15360K)->14921K(15360K) NonClass: 13346K(13504K)->13346K(13504K) Class: 1575K(1856K)->1575K(1856K)
[2025-12-24T13:22:38.029+0000][gc          ] GC(166) Pause Young (Normal) (G1 Evacuation Pause) 810M->204M(1024M) 11.224ms
[2025-12-24T13:22:38.029+0000][gc,cpu      ] GC(166) User=0.06s Sys=0.00s Real=0.02s
[2025-12-24T13:23:17.736+0000][gc,start    ] GC(167) Pause Young (Normal) (G1 Evacuation Pause)
[2025-12-24T13:23:17.736+0000][gc,task     ] GC(167) Using 8 workers of 8 for evacuation
[2025-12-24T13:23:17.749+0000][gc,phases   ] GC(167)   Pre Evacuate Collection Set: 1.0ms
[2025-12-24T13:23:17.749+0000][gc,phases   ] GC(167)   Merge Heap Roots: 0.2ms
[2025-12-24T13:23:17.749+0000][gc,phases   ] GC(167)   Evacuate Collection Set: 9.9ms
[2025-12-24T13:23:17.749+0000][gc,phases   ] GC(167)   Post Evacuate Collection Set: 1.1ms
[2025-12-24T13:23:17.749+0000][gc,phases   ] GC(167)   Other: 0.4ms
[2025-12-24T13:23:17.749+0000][gc,heap     ] GC(167) Eden regions: 606->0(606)
[2025-12-24T13:23:17.749+0000][gc,heap     ] GC(167) Survivor regions: 8->8(77)
[2025-12-24T13:23:17.749+0000][gc,heap     ] GC(167) Old regions: 48->48
[2025-12-24T13:23:17.750+0000][gc,heap     ] GC(167) Humongous regions: 149->149
[2025-12-24T13:23:17.750+0000][gc,metaspace] GC(167) Metaspace: 14922K(15360K)->14922K(15360K) NonClass: 13347K(13504K)->13347K(13504K) Class: 1575K(1856K)->1575K(1856K)
[2025-12-24T13:23:17.750+0000][gc          ] GC(167) Pause Young (Normal) (G1 Evacuation Pause) 810M->203M(1024M) 13.953ms
[2025-12-24T13:23:17.750+0000][gc,cpu      ] GC(167) User=0.08s Sys=0.00s Real=0.02s
[2025-12-24T13:23:47.985+0000][gc,start    ] GC(168) Pause Young (Normal) (G1 Evacuation Pause)
[2025-12-24T13:23:47.986+0000][gc,task     ] GC(168) Using 8 workers of 8 for evacuation
[2025-12-24T13:23:47.995+0000][gc,phases   ] GC(168)   Pre Evacuate Collection Set: 1.0ms
[2025-12-24T13:23:47.995+0000][gc,phases   ] GC(168)   Merge Heap Roots: 0.2ms
[2025-12-24T13:23:47.995+0000][gc,phases   ] GC(168)   Evacuate Collection Set: 6.8ms
[2025-12-24T13:23:47.995+0000][gc,phases   ] GC(168)   Post Evacuate Collection Set: 1.0ms
[2025-12-24T13:23:47.995+0000][gc,phases   ] GC(168)   Other: 0.3ms
[2025-12-24T13:23:47.995+0000][gc,heap     ] GC(168) Eden regions: 606->0(605)
[2025-12-24T13:23:47.995+0000][gc,heap     ] GC(168) Survivor regions: 8->9(77)
[2025-12-24T13:23:47.995+0000][gc,heap     ] GC(168) Old regions: 48->49
[2025-12-24T13:23:47.996+0000][gc,heap     ] GC(168) Humongous regions: 149->149
[2025-12-24T13:23:47.996+0000][gc,metaspace] GC(168) Metaspace: 14934K(15360K)->14934K(15360K) NonClass: 13359K(13504K)->13359K(13504K) Class: 1575K(1856K)->1575K(1856K)
[2025-12-24T13:23:47.996+0000][gc          ] GC(168) Pause Young (Normal) (G1 Evacuation Pause) 809M->206M(1024M) 10.549ms
[2025-12-24T13:23:47.996+0000][gc,cpu      ] GC(168) User=0.05s Sys=0.00s Real=0.01s
[2025-12-24T13:24:27.708+0000][gc,start    ] GC(169) Pause Young (Normal) (G1 Evacuation Pause)
[2025-12-24T13:24:27.710+0000][gc,task     ] GC(169) Using 8 workers of 8 for evacuation
[2025-12-24T13:24:27.725+0000][gc,phases   ] GC(169)   Pre Evacuate Collection Set: 1.2ms
[2025-12-24T13:24:27.725+0000][gc,phases   ] GC(169)   Merge Heap Roots: 0.3ms
[2025-12-24T13:24:27.725+0000][gc,phases   ] GC(169)   Evacuate Collection Set: 12.5ms
[2025-12-24T13:24:27.725+0000][gc,phases   ] GC(169)   Post Evacuate Collection Set: 0.9ms
[2025-12-24T13:24:27.725+0000][gc,phases   ] GC(169)   Other: 0.3ms
[2025-12-24T13:24:27.725+0000][gc,heap     ] GC(169) Eden regions: 605->0(605)
[2025-12-24T13:24:27.725+0000][gc,heap     ] GC(169) Survivor regions: 9->9(77)
[2025-12-24T13:24:27.725+0000][gc,heap     ] GC(169) Old regions: 49->49
[2025-12-24T13:24:27.725+0000][gc,heap     ] GC(169) Humongous regions: 149->149
[2025-12-24T13:24:27.725+0000][gc,metaspace] GC(169) Metaspace: 14935K(15360K)->14935K(15360K) NonClass: 13360K(13504K)->13360K(13504K) Class: 1575K(1856K)->1575K(1856K)
[2025-12-24T13:24:27.725+0000][gc          ] GC(169) Pause Young (Normal) (G1 Evacuation Pause) 811M->205M(1024M) 16.820ms
[2025-12-24T13:24:27.725+0000][gc,cpu      ] GC(169) User=0.10s Sys=0.00s Real=0.02s
[2025-12-24T13:24:57.958+0000][gc,start    ] GC(170) Pause Young (Normal) (G1 Evacuation Pause)
[2025-12-24T13:24:57.958+0000][gc,task     ] GC(170) Using 8 workers of 8 for evacuation
[2025-12-24T13:24:57.974+0000][gc,phases   ] GC(170)   Pre Evacuate Collection Set: 1.5ms
[2025-12-24T13:24:57.974+0000][gc,phases   ] GC(170)   Merge Heap Roots: 0.7ms
[2025-12-24T13:24:57.974+0000][gc,phases   ] GC(170)   Evacuate Collection Set: 12.1ms
[2025-12-24T13:24:57.974+0000][gc,phases   ] GC(170)   Post Evacuate Collection Set: 0.9ms
[2025-12-24T13:24:57.974+0000][gc,phases   ] GC(170)   Other: 0.5ms
[2025-12-24T13:24:57.974+0000][gc,heap     ] GC(170) Eden regions: 605->0(608)
[2025-12-24T13:24:57.974+0000][gc,heap     ] GC(170) Survivor regions: 9->6(77)
[2025-12-24T13:24:57.974+0000][gc,heap     ] GC(170) Old regions: 49->49
[2025-12-24T13:24:57.975+0000][gc,heap     ] GC(170) Humongous regions: 149->149
[2025-12-24T13:24:57.975+0000][gc,metaspace] GC(170) Metaspace: 14937K(15360K)->14937K(15360K) NonClass: 13362K(13504K)->13362K(13504K) Class: 1575K(1856K)->1575K(1856K)
[2025-12-24T13:24:57.975+0000][gc          ] GC(170) Pause Young (Normal) (G1 Evacuation Pause) 810M->203M(1024M) 16.840ms
[2025-12-24T13:24:57.975+0000][gc,cpu      ] GC(170) User=0.10s Sys=0.00s Real=0.02s
[2025-12-24T13:25:37.674+0000][gc,start    ] GC(171) Pause Young (Normal) (G1 Evacuation Pause)
[2025-12-24T13:25:37.674+0000][gc,task     ] GC(171) Using 8 workers of 8 for evacuation
[2025-12-24T13:25:37.700+0000][gc,phases   ] GC(171)   Pre Evacuate Collection Set: 1.8ms
[2025-12-24T13:25:37.700+0000][gc,phases   ] GC(171)   Merge Heap Roots: 0.4ms
[2025-12-24T13:25:37.700+0000][gc,phases   ] GC(171)   Evacuate Collection Set: 20.5ms
[2025-12-24T13:25:37.700+0000][gc,phases   ] GC(171)   Post Evacuate Collection Set: 1.8ms
[2025-12-24T13:25:37.700+0000][gc,phases   ] GC(171)   Other: 0.8ms
[2025-12-24T13:25:37.700+0000][gc,heap     ] GC(171) Eden regions: 608->0(609)
[2025-12-24T13:25:37.700+0000][gc,heap     ] GC(171) Survivor regions: 6->5(77)
[2025-12-24T13:25:37.700+0000][gc,heap     ] GC(171) Old regions: 49->49
[2025-12-24T13:25:37.700+0000][gc,heap     ] GC(171) Humongous regions: 149->149
[2025-12-24T13:25:37.701+0000][gc,metaspace] GC(171) Metaspace: 14937K(15360K)->14937K(15360K) NonClass: 13362K(13504K)->13362K(13504K) Class: 1575K(1856K)->1575K(1856K)
[2025-12-24T13:25:37.701+0000][gc          ] GC(171) Pause Young (Normal) (G1 Evacuation Pause) 811M->202M(1024M) 27.244ms
[2025-12-24T13:25:37.701+0000][gc,cpu      ] GC(171) User=0.13s Sys=0.01s Real=0.02s
[2025-12-24T13:26:07.968+0000][gc,start    ] GC(172) Pause Young (Normal) (G1 Evacuation Pause)
[2025-12-24T13:26:07.968+0000][gc,task     ] GC(172) Using 8 workers of 8 for evacuation
[2025-12-24T13:26:07.984+0000][gc,phases   ] GC(172)   Pre Evacuate Collection Set: 1.0ms
[2025-12-24T13:26:07.985+0000][gc,phases   ] GC(172)   Merge Heap Roots: 0.2ms
[2025-12-24T13:26:07.985+0000][gc,phases   ] GC(172)   Evacuate Collection Set: 13.4ms
[2025-12-24T13:26:07.985+0000][gc,phases   ] GC(172)   Post Evacuate Collection Set: 1.2ms
[2025-12-24T13:26:07.985+0000][gc,phases   ] GC(172)   Other: 0.3ms
[2025-12-24T13:26:07.985+0000][gc,heap     ] GC(172) Eden regions: 609->0(607)
[2025-12-24T13:26:07.985+0000][gc,heap     ] GC(172) Survivor regions: 5->7(77)
[2025-12-24T13:26:07.985+0000][gc,heap     ] GC(172) Old regions: 49->50
[2025-12-24T13:26:07.985+0000][gc,heap     ] GC(172) Humongous regions: 149->149
[2025-12-24T13:26:07.985+0000][gc,metaspace] GC(172) Metaspace: 14938K(15360K)->14938K(15360K) NonClass: 13362K(13504K)->13362K(13504K) Class: 1575K(1856K)->1575K(1856K)
[2025-12-24T13:26:07.985+0000][gc          ] GC(172) Pause Young (Normal) (G1 Evacuation Pause) 811M->204M(1024M) 17.531ms
[2025-12-24T13:26:07.985+0000][gc,cpu      ] GC(172) User=0.11s Sys=0.01s Real=0.02s
[2025-12-24T13:26:47.644+0000][gc,start    ] GC(173) Pause Young (Normal) (G1 Evacuation Pause)
[2025-12-24T13:26:47.645+0000][gc,task     ] GC(173) Using 8 workers of 8 for evacuation
[2025-12-24T13:26:47.672+0000][gc,phases   ] GC(173)   Pre Evacuate Collection Set: 1.8ms
[2025-12-24T13:26:47.672+0000][gc,phases   ] GC(173)   Merge Heap Roots: 0.6ms
[2025-12-24T13:26:47.672+0000][gc,phases   ] GC(173)   Evacuate Collection Set: 22.5ms
[2025-12-24T13:26:47.672+0000][gc,phases   ] GC(173)   Post Evacuate Collection Set: 1.6ms
[2025-12-24T13:26:47.672+0000][gc,phases   ] GC(173)   Other: 0.6ms
[2025-12-24T13:26:47.673+0000][gc,heap     ] GC(173) Eden regions: 607->0(607)
[2025-12-24T13:26:47.673+0000][gc,heap     ] GC(173) Survivor regions: 7->7(77)
[2025-12-24T13:26:47.673+0000][gc,heap     ] GC(173) Old regions: 50->50
[2025-12-24T13:26:47.673+0000][gc,heap     ] GC(173) Humongous regions: 149->149
[2025-12-24T13:26:47.673+0000][gc,metaspace] GC(173) Metaspace: 14938K(15360K)->14938K(15360K) NonClass: 13363K(13504K)->13363K(13504K) Class: 1575K(1856K)->1575K(1856K)
[2025-12-24T13:26:47.673+0000][gc          ] GC(173) Pause Young (Normal) (G1 Evacuation Pause) 811M->204M(1024M) 29.181ms
[2025-12-24T13:26:47.673+0000][gc,cpu      ] GC(173) User=0.17s Sys=0.01s Real=0.03s
[2025-12-24T13:27:17.922+0000][gc,start    ] GC(174) Pause Young (Normal) (G1 Evacuation Pause)
[2025-12-24T13:27:17.923+0000][gc,task     ] GC(174) Using 8 workers of 8 for evacuation
[2025-12-24T13:27:17.937+0000][gc,phases   ] GC(174)   Pre Evacuate Collection Set: 1.1ms
[2025-12-24T13:27:17.937+0000][gc,phases   ] GC(174)   Merge Heap Roots: 0.3ms
[2025-12-24T13:27:17.937+0000][gc,phases   ] GC(174)   Evacuate Collection Set: 11.3ms
[2025-12-24T13:27:17.937+0000][gc,phases   ] GC(174)   Post Evacuate Collection Set: 1.0ms
[2025-12-24T13:27:17.937+0000][gc,phases   ] GC(174)   Other: 0.2ms
[2025-12-24T13:27:17.937+0000][gc,heap     ] GC(174) Eden regions: 607->0(606)
[2025-12-24T13:27:17.937+0000][gc,heap     ] GC(174) Survivor regions: 7->8(77)
[2025-12-24T13:27:17.937+0000][gc,heap     ] GC(174) Old regions: 50->50
[2025-12-24T13:27:17.938+0000][gc,heap     ] GC(174) Humongous regions: 149->149
[2025-12-24T13:27:17.938+0000][gc,metaspace] GC(174) Metaspace: 14938K(15360K)->14938K(15360K) NonClass: 13363K(13504K)->13363K(13504K) Class: 1575K(1856K)->1575K(1856K)
[2025-12-24T13:27:17.938+0000][gc          ] GC(174) Pause Young (Normal) (G1 Evacuation Pause) 811M->206M(1024M) 15.652ms
[2025-12-24T13:27:17.938+0000][gc,cpu      ] GC(174) User=0.10s Sys=0.00s Real=0.02s
[2025-12-24T13:27:48.163+0000][gc,start    ] GC(175) Pause Young (Normal) (G1 Evacuation Pause)
[2025-12-24T13:27:48.163+0000][gc,task     ] GC(175) Using 8 workers of 8 for evacuation
[2025-12-24T13:27:48.181+0000][gc,phases   ] GC(175)   Pre Evacuate Collection Set: 1.1ms
[2025-12-24T13:27:48.181+0000][gc,phases   ] GC(175)   Merge Heap Roots: 0.2ms
[2025-12-24T13:27:48.181+0000][gc,phases   ] GC(175)   Evacuate Collection Set: 14.8ms
[2025-12-24T13:27:48.181+0000][gc,phases   ] GC(175)   Post Evacuate Collection Set: 1.2ms
[2025-12-24T13:27:48.181+0000][gc,phases   ] GC(175)   Other: 0.2ms
[2025-12-24T13:27:48.181+0000][gc,heap     ] GC(175) Eden regions: 606->0(604)
[2025-12-24T13:27:48.181+0000][gc,heap     ] GC(175) Survivor regions: 8->10(77)
[2025-12-24T13:27:48.181+0000][gc,heap     ] GC(175) Old regions: 50->50
[2025-12-24T13:27:48.181+0000][gc,heap     ] GC(175) Humongous regions: 149->149
[2025-12-24T13:27:48.182+0000][gc,metaspace] GC(175) Metaspace: 14938K(15360K)->14938K(15360K) NonClass: 13363K(13504K)->13363K(13504K) Class: 1575K(1856K)->1575K(1856K)
[2025-12-24T13:27:48.182+0000][gc          ] GC(175) Pause Young (Normal) (G1 Evacuation Pause) 812M->208M(1024M) 18.731ms
[2025-12-24T13:27:48.182+0000][gc,cpu      ] GC(175) User=0.12s Sys=0.01s Real=0.02s
[2025-12-24T13:28:27.908+0000][gc,start    ] GC(176) Pause Young (Normal) (G1 Evacuation Pause)
[2025-12-24T13:28:27.908+0000][gc,task     ] GC(176) Using 8 workers of 8 for evacuation
[2025-12-24T13:28:27.922+0000][gc,phases   ] GC(176)   Pre Evacuate Collection Set: 0.9ms
[2025-12-24T13:28:27.923+0000][gc,phases   ] GC(176)   Merge Heap Roots: 0.3ms
[2025-12-24T13:28:27.923+0000][gc,phases   ] GC(176)   Evacuate Collection Set: 12.0ms
[2025-12-24T13:28:27.923+0000][gc,phases   ] GC(176)   Post Evacuate Collection Set: 0.9ms
[2025-12-24T13:28:27.923+0000][gc,phases   ] GC(176)   Other: 0.2ms
[2025-12-24T13:28:27.923+0000][gc,heap     ] GC(176) Eden regions: 604->0(604)
[2025-12-24T13:28:27.923+0000][gc,heap     ] GC(176) Survivor regions: 10->10(77)
[2025-12-24T13:28:27.923+0000][gc,heap     ] GC(176) Old regions: 50->50
[2025-12-24T13:28:27.923+0000][gc,heap     ] GC(176) Humongous regions: 149->149
[2025-12-24T13:28:27.923+0000][gc,metaspace] GC(176) Metaspace: 14938K(15360K)->14938K(15360K) NonClass: 13363K(13504K)->13363K(13504K) Class: 1575K(1856K)->1575K(1856K)
[2025-12-24T13:28:27.923+0000][gc          ] GC(176) Pause Young (Normal) (G1 Evacuation Pause) 812M->208M(1024M) 15.432ms
[2025-12-24T13:28:27.923+0000][gc,cpu      ] GC(176) User=0.09s Sys=0.00s Real=0.02s
[2025-12-24T13:28:58.130+0000][gc,start    ] GC(177) Pause Young (Normal) (G1 Evacuation Pause)
[2025-12-24T13:28:58.131+0000][gc,task     ] GC(177) Using 8 workers of 8 for evacuation
[2025-12-24T13:28:58.151+0000][gc,phases   ] GC(177)   Pre Evacuate Collection Set: 4.0ms
[2025-12-24T13:28:58.151+0000][gc,phases   ] GC(177)   Merge Heap Roots: 1.3ms
[2025-12-24T13:28:58.152+0000][gc,phases   ] GC(177)   Evacuate Collection Set: 13.7ms
[2025-12-24T13:28:58.152+0000][gc,phases   ] GC(177)   Post Evacuate Collection Set: 1.0ms
[2025-12-24T13:28:58.152+0000][gc,phases   ] GC(177)   Other: 0.3ms
[2025-12-24T13:28:58.152+0000][gc,heap     ] GC(177) Eden regions: 604->0(607)
[2025-12-24T13:28:58.152+0000][gc,heap     ] GC(177) Survivor regions: 10->7(77)
[2025-12-24T13:28:58.152+0000][gc,heap     ] GC(177) Old regions: 50->51
[2025-12-24T13:28:58.152+0000][gc,heap     ] GC(177) Humongous regions: 149->149
[2025-12-24T13:28:58.152+0000][gc,metaspace] GC(177) Metaspace: 14938K(15360K)->14938K(15360K) NonClass: 13363K(13504K)->13363K(13504K) Class: 1575K(1856K)->1575K(1856K)
[2025-12-24T13:28:58.152+0000][gc          ] GC(177) Pause Young (Normal) (G1 Evacuation Pause) 812M->206M(1024M) 21.619ms
[2025-12-24T13:28:58.152+0000][gc,cpu      ] GC(177) User=0.12s Sys=0.01s Real=0.03s
[2025-12-24T13:29:37.907+0000][gc,start    ] GC(178) Pause Young (Normal) (G1 Evacuation Pause)
[2025-12-24T13:29:37.908+0000][gc,task     ] GC(178) Using 8 workers of 8 for evacuation
[2025-12-24T13:29:37.927+0000][gc,phases   ] GC(178)   Pre Evacuate Collection Set: 5.1ms
[2025-12-24T13:29:37.928+0000][gc,phases   ] GC(178)   Merge Heap Roots: 1.0ms
[2025-12-24T13:29:37.928+0000][gc,phases   ] GC(178)   Evacuate Collection Set: 11.2ms
[2025-12-24T13:29:37.928+0000][gc,phases   ] GC(178)   Post Evacuate Collection Set: 1.1ms
[2025-12-24T13:29:37.928+0000][gc,phases   ] GC(178)   Other: 1.1ms
[2025-12-24T13:29:37.928+0000][gc,heap     ] GC(178) Eden regions: 607->0(608)
[2025-12-24T13:29:37.928+0000][gc,heap     ] GC(178) Survivor regions: 7->6(77)
[2025-12-24T13:29:37.928+0000][gc,heap     ] GC(178) Old regions: 51->51
[2025-12-24T13:29:37.928+0000][gc,heap     ] GC(178) Humongous regions: 149->149
[2025-12-24T13:29:37.928+0000][gc,metaspace] GC(178) Metaspace: 14938K(15360K)->14938K(15360K) NonClass: 13363K(13504K)->13363K(13504K) Class: 1575K(1856K)->1575K(1856K)
[2025-12-24T13:29:37.928+0000][gc          ] GC(178) Pause Young (Normal) (G1 Evacuation Pause) 813M->205M(1024M) 20.739ms
[2025-12-24T13:29:37.928+0000][gc,cpu      ] GC(178) User=0.10s Sys=0.00s Real=0.02s
[2025-12-24T13:30:08.120+0000][gc,start    ] GC(179) Pause Young (Normal) (G1 Evacuation Pause)
[2025-12-24T13:30:08.121+0000][gc,task     ] GC(179) Using 8 workers of 8 for evacuation
[2025-12-24T13:30:08.136+0000][gc,phases   ] GC(179)   Pre Evacuate Collection Set: 0.9ms
[2025-12-24T13:30:08.136+0000][gc,phases   ] GC(179)   Merge Heap Roots: 0.2ms
[2025-12-24T13:30:08.136+0000][gc,phases   ] GC(179)   Evacuate Collection Set: 12.9ms
[2025-12-24T13:30:08.136+0000][gc,phases   ] GC(179)   Post Evacuate Collection Set: 1.0ms
[2025-12-24T13:30:08.136+0000][gc,phases   ] GC(179)   Other: 0.2ms
[2025-12-24T13:30:08.136+0000][gc,heap     ] GC(179) Eden regions: 608->0(606)
[2025-12-24T13:30:08.136+0000][gc,heap     ] GC(179) Survivor regions: 6->8(77)
[2025-12-24T13:30:08.136+0000][gc,heap     ] GC(179) Old regions: 51->51
[2025-12-24T13:30:08.136+0000][gc,heap     ] GC(179) Humongous regions: 149->149
[2025-12-24T13:30:08.136+0000][gc,metaspace] GC(179) Metaspace: 14938K(15360K)->14938K(15360K) NonClass: 13363K(13504K)->13363K(13504K) Class: 1575K(1856K)->1575K(1856K)
[2025-12-24T13:30:08.136+0000][gc          ] GC(179) Pause Young (Normal) (G1 Evacuation Pause) 813M->207M(1024M) 16.166ms
[2025-12-24T13:30:08.136+0000][gc,cpu      ] GC(179) User=0.10s Sys=0.00s Real=0.02s
[2025-12-24T13:30:47.832+0000][gc,start    ] GC(180) Pause Young (Normal) (G1 Evacuation Pause)
[2025-12-24T13:30:47.833+0000][gc,task     ] GC(180) Using 8 workers of 8 for evacuation
[2025-12-24T13:30:47.849+0000][gc,phases   ] GC(180)   Pre Evacuate Collection Set: 1.0ms
[2025-12-24T13:30:47.849+0000][gc,phases   ] GC(180)   Merge Heap Roots: 0.3ms
[2025-12-24T13:30:47.849+0000][gc,phases   ] GC(180)   Evacuate Collection Set: 12.5ms
[2025-12-24T13:30:47.849+0000][gc,phases   ] GC(180)   Post Evacuate Collection Set: 1.0ms
[2025-12-24T13:30:47.849+0000][gc,phases   ] GC(180)   Other: 0.4ms
[2025-12-24T13:30:47.849+0000][gc,heap     ] GC(180) Eden regions: 606->0(607)
[2025-12-24T13:30:47.849+0000][gc,heap     ] GC(180) Survivor regions: 8->7(77)
[2025-12-24T13:30:47.849+0000][gc,heap     ] GC(180) Old regions: 51->51
[2025-12-24T13:30:47.849+0000][gc,heap     ] GC(180) Humongous regions: 149->149
[2025-12-24T13:30:47.849+0000][gc,metaspace] GC(180) Metaspace: 14938K(15360K)->14938K(15360K) NonClass: 13363K(13504K)->13363K(13504K) Class: 1575K(1856K)->1575K(1856K)
[2025-12-24T13:30:47.849+0000][gc          ] GC(180) Pause Young (Normal) (G1 Evacuation Pause) 813M->206M(1024M) 17.289ms
[2025-12-24T13:30:47.849+0000][gc,cpu      ] GC(180) User=0.10s Sys=0.01s Real=0.02s
[2025-12-24T13:31:18.095+0000][gc,start    ] GC(181) Pause Young (Normal) (G1 Evacuation Pause)
[2025-12-24T13:31:18.096+0000][gc,task     ] GC(181) Using 8 workers of 8 for evacuation
[2025-12-24T13:31:18.114+0000][gc,phases   ] GC(181)   Pre Evacuate Collection Set: 1.0ms
[2025-12-24T13:31:18.114+0000][gc,phases   ] GC(181)   Merge Heap Roots: 0.2ms
[2025-12-24T13:31:18.114+0000][gc,phases   ] GC(181)   Evacuate Collection Set: 15.2ms
[2025-12-24T13:31:18.114+0000][gc,phases   ] GC(181)   Post Evacuate Collection Set: 1.0ms
[2025-12-24T13:31:18.114+0000][gc,phases   ] GC(181)   Other: 0.2ms
[2025-12-24T13:31:18.114+0000][gc,heap     ] GC(181) Eden regions: 607->0(605)
[2025-12-24T13:31:18.114+0000][gc,heap     ] GC(181) Survivor regions: 7->9(77)
[2025-12-24T13:31:18.114+0000][gc,heap     ] GC(181) Old regions: 51->52
[2025-12-24T13:31:18.114+0000][gc,heap     ] GC(181) Humongous regions: 149->149
[2025-12-24T13:31:18.114+0000][gc,metaspace] GC(181) Metaspace: 14938K(15360K)->14938K(15360K) NonClass: 13363K(13504K)->13363K(13504K) Class: 1575K(1856K)->1575K(1856K)
[2025-12-24T13:31:18.115+0000][gc          ] GC(181) Pause Young (Normal) (G1 Evacuation Pause) 813M->208M(1024M) 19.621ms
[2025-12-24T13:31:18.115+0000][gc,cpu      ] GC(181) User=0.13s Sys=0.00s Real=0.02s
[2025-12-24T13:31:57.837+0000][gc,start    ] GC(182) Pause Young (Normal) (G1 Evacuation Pause)
[2025-12-24T13:31:57.838+0000][gc,task     ] GC(182) Using 8 workers of 8 for evacuation
[2025-12-24T13:31:57.851+0000][gc,phases   ] GC(182)   Pre Evacuate Collection Set: 1.1ms
[2025-12-24T13:31:57.852+0000][gc,phases   ] GC(182)   Merge Heap Roots: 0.3ms
[2025-12-24T13:31:57.852+0000][gc,phases   ] GC(182)   Evacuate Collection Set: 9.3ms
[2025-12-24T13:31:57.852+0000][gc,phases   ] GC(182)   Post Evacuate Collection Set: 2.1ms
[2025-12-24T13:31:57.852+0000][gc,phases   ] GC(182)   Other: 0.8ms
[2025-12-24T13:31:57.852+0000][gc,heap     ] GC(182) Eden regions: 605->0(606)
[2025-12-24T13:31:57.852+0000][gc,heap     ] GC(182) Survivor regions: 9->8(77)
[2025-12-24T13:31:57.852+0000][gc,heap     ] GC(182) Old regions: 52->52
[2025-12-24T13:31:57.852+0000][gc,heap     ] GC(182) Humongous regions: 149->149
[2025-12-24T13:31:57.852+0000][gc,metaspace] GC(182) Metaspace: 14938K(15360K)->14938K(15360K) NonClass: 13363K(13504K)->13363K(13504K) Class: 1575K(1856K)->1575K(1856K)
[2025-12-24T13:31:57.853+0000][gc          ] GC(182) Pause Young (Normal) (G1 Evacuation Pause) 813M->208M(1024M) 15.369ms
[2025-12-24T13:31:57.853+0000][gc,cpu      ] GC(182) User=0.07s Sys=0.00s Real=0.01s
[2025-12-24T13:32:28.105+0000][gc,start    ] GC(183) Pause Young (Normal) (G1 Evacuation Pause)
[2025-12-24T13:32:28.105+0000][gc,task     ] GC(183) Using 8 workers of 8 for evacuation
[2025-12-24T13:32:28.125+0000][gc,phases   ] GC(183)   Pre Evacuate Collection Set: 2.4ms
[2025-12-24T13:32:28.125+0000][gc,phases   ] GC(183)   Merge Heap Roots: 1.1ms
[2025-12-24T13:32:28.125+0000][gc,phases   ] GC(183)   Evacuate Collection Set: 14.6ms
[2025-12-24T13:32:28.125+0000][gc,phases   ] GC(183)   Post Evacuate Collection Set: 1.2ms
[2025-12-24T13:32:28.125+0000][gc,phases   ] GC(183)   Other: 0.3ms
[2025-12-24T13:32:28.125+0000][gc,heap     ] GC(183) Eden regions: 606->0(604)
[2025-12-24T13:32:28.125+0000][gc,heap     ] GC(183) Survivor regions: 8->10(77)
[2025-12-24T13:32:28.125+0000][gc,heap     ] GC(183) Old regions: 52->52
[2025-12-24T13:32:28.125+0000][gc,heap     ] GC(183) Humongous regions: 149->149
[2025-12-24T13:32:28.125+0000][gc,metaspace] GC(183) Metaspace: 14938K(15360K)->14938K(15360K) NonClass: 13363K(13504K)->13363K(13504K) Class: 1575K(1856K)->1575K(1856K)
[2025-12-24T13:32:28.125+0000][gc          ] GC(183) Pause Young (Normal) (G1 Evacuation Pause) 814M->210M(1024M) 20.744ms
[2025-12-24T13:32:28.125+0000][gc,cpu      ] GC(183) User=0.13s Sys=0.00s Real=0.03s
[2025-12-24T13:33:07.773+0000][gc,start    ] GC(184) Pause Young (Normal) (G1 Evacuation Pause)
[2025-12-24T13:33:07.774+0000][gc,task     ] GC(184) Using 8 workers of 8 for evacuation
[2025-12-24T13:33:07.782+0000][gc,phases   ] GC(184)   Pre Evacuate Collection Set: 0.9ms
[2025-12-24T13:33:07.782+0000][gc,phases   ] GC(184)   Merge Heap Roots: 0.3ms
[2025-12-24T13:33:07.782+0000][gc,phases   ] GC(184)   Evacuate Collection Set: 5.5ms
[2025-12-24T13:33:07.782+0000][gc,phases   ] GC(184)   Post Evacuate Collection Set: 0.9ms
[2025-12-24T13:33:07.783+0000][gc,phases   ] GC(184)   Other: 0.2ms
[2025-12-24T13:33:07.783+0000][gc,heap     ] GC(184) Eden regions: 604->0(608)
[2025-12-24T13:33:07.783+0000][gc,heap     ] GC(184) Survivor regions: 10->6(77)
[2025-12-24T13:33:07.783+0000][gc,heap     ] GC(184) Old regions: 52->52
[2025-12-24T13:33:07.783+0000][gc,heap     ] GC(184) Humongous regions: 149->149
[2025-12-24T13:33:07.783+0000][gc,metaspace] GC(184) Metaspace: 14938K(15360K)->14938K(15360K) NonClass: 13363K(13504K)->13363K(13504K) Class: 1575K(1856K)->1575K(1856K)
[2025-12-24T13:33:07.783+0000][gc          ] GC(184) Pause Young (Normal) (G1 Evacuation Pause) 814M->206M(1024M) 9.836ms
[2025-12-24T13:33:07.783+0000][gc,cpu      ] GC(184) User=0.05s Sys=0.00s Real=0.01s
[2025-12-24T13:33:38.076+0000][gc,start    ] GC(185) Pause Young (Normal) (G1 Evacuation Pause)
[2025-12-24T13:33:38.077+0000][gc,task     ] GC(185) Using 8 workers of 8 for evacuation
[2025-12-24T13:33:38.090+0000][gc,phases   ] GC(185)   Pre Evacuate Collection Set: 1.3ms
[2025-12-24T13:33:38.090+0000][gc,phases   ] GC(185)   Merge Heap Roots: 0.3ms
[2025-12-24T13:33:38.090+0000][gc,phases   ] GC(185)   Evacuate Collection Set: 10.1ms
[2025-12-24T13:33:38.090+0000][gc,phases   ] GC(185)   Post Evacuate Collection Set: 0.9ms
[2025-12-24T13:33:38.090+0000][gc,phases   ] GC(185)   Other: 0.2ms
[2025-12-24T13:33:38.090+0000][gc,heap     ] GC(185) Eden regions: 608->0(607)
[2025-12-24T13:33:38.090+0000][gc,heap     ] GC(185) Survivor regions: 6->7(77)
[2025-12-24T13:33:38.090+0000][gc,heap     ] GC(185) Old regions: 52->53
[2025-12-24T13:33:38.090+0000][gc,heap     ] GC(185) Humongous regions: 149->149
[2025-12-24T13:33:38.090+0000][gc,metaspace] GC(185) Metaspace: 14938K(15360K)->14938K(15360K) NonClass: 13363K(13504K)->13363K(13504K) Class: 1575K(1856K)->1575K(1856K)
[2025-12-24T13:33:38.090+0000][gc          ] GC(185) Pause Young (Normal) (G1 Evacuation Pause) 814M->207M(1024M) 14.836ms
[2025-12-24T13:33:38.091+0000][gc,cpu      ] GC(185) User=0.09s Sys=0.00s Real=0.01s
[2025-12-24T13:34:17.771+0000][gc,start    ] GC(186) Pause Young (Normal) (G1 Evacuation Pause)
[2025-12-24T13:34:17.773+0000][gc,task     ] GC(186) Using 8 workers of 8 for evacuation
[2025-12-24T13:34:17.783+0000][gc,phases   ] GC(186)   Pre Evacuate Collection Set: 1.0ms
[2025-12-24T13:34:17.783+0000][gc,phases   ] GC(186)   Merge Heap Roots: 0.2ms
[2025-12-24T13:34:17.783+0000][gc,phases   ] GC(186)   Evacuate Collection Set: 7.6ms
[2025-12-24T13:34:17.783+0000][gc,phases   ] GC(186)   Post Evacuate Collection Set: 1.2ms
[2025-12-24T13:34:17.784+0000][gc,phases   ] GC(186)   Other: 0.4ms
[2025-12-24T13:34:17.784+0000][gc,heap     ] GC(186) Eden regions: 607->0(608)
[2025-12-24T13:34:17.784+0000][gc,heap     ] GC(186) Survivor regions: 7->6(77)
[2025-12-24T13:34:17.784+0000][gc,heap     ] GC(186) Old regions: 53->53
[2025-12-24T13:34:17.784+0000][gc,heap     ] GC(186) Humongous regions: 149->149
[2025-12-24T13:34:17.784+0000][gc,metaspace] GC(186) Metaspace: 14959K(15360K)->14959K(15360K) NonClass: 13384K(13504K)->13384K(13504K) Class: 1575K(1856K)->1575K(1856K)
[2025-12-24T13:34:17.784+0000][gc          ] GC(186) Pause Young (Normal) (G1 Evacuation Pause) 814M->207M(1024M) 12.674ms
[2025-12-24T13:34:17.784+0000][gc,cpu      ] GC(186) User=0.06s Sys=0.00s Real=0.02s
[2025-12-24T13:34:48.046+0000][gc,start    ] GC(187) Pause Young (Normal) (G1 Evacuation Pause)
[2025-12-24T13:34:48.046+0000][gc,task     ] GC(187) Using 8 workers of 8 for evacuation
[2025-12-24T13:34:48.057+0000][gc,phases   ] GC(187)   Pre Evacuate Collection Set: 0.9ms
[2025-12-24T13:34:48.058+0000][gc,phases   ] GC(187)   Merge Heap Roots: 0.3ms
[2025-12-24T13:34:48.058+0000][gc,phases   ] GC(187)   Evacuate Collection Set: 6.5ms
[2025-12-24T13:34:48.058+0000][gc,phases   ] GC(187)   Post Evacuate Collection Set: 2.7ms
[2025-12-24T13:34:48.058+0000][gc,phases   ] GC(187)   Other: 0.3ms
[2025-12-24T13:34:48.058+0000][gc,heap     ] GC(187) Eden regions: 608->0(606)
[2025-12-24T13:34:48.058+0000][gc,heap     ] GC(187) Survivor regions: 6->8(77)
[2025-12-24T13:34:48.058+0000][gc,heap     ] GC(187) Old regions: 53->53
[2025-12-24T13:34:48.058+0000][gc,heap     ] GC(187) Humongous regions: 149->149
[2025-12-24T13:34:48.058+0000][gc,metaspace] GC(187) Metaspace: 14975K(15424K)->14975K(15424K) NonClass: 13400K(13568K)->13400K(13568K) Class: 1575K(1856K)->1575K(1856K)
[2025-12-24T13:34:48.058+0000][gc          ] GC(187) Pause Young (Normal) (G1 Evacuation Pause) 815M->209M(1024M) 12.569ms
[2025-12-24T13:34:48.058+0000][gc,cpu      ] GC(187) User=0.06s Sys=0.01s Real=0.01s
[2025-12-24T13:35:27.755+0000][gc,start    ] GC(188) Pause Young (Normal) (G1 Evacuation Pause)
[2025-12-24T13:35:27.756+0000][gc,task     ] GC(188) Using 8 workers of 8 for evacuation
[2025-12-24T13:35:27.773+0000][gc,phases   ] GC(188)   Pre Evacuate Collection Set: 1.1ms
[2025-12-24T13:35:27.773+0000][gc,phases   ] GC(188)   Merge Heap Roots: 0.3ms
[2025-12-24T13:35:27.773+0000][gc,phases   ] GC(188)   Evacuate Collection Set: 13.9ms
[2025-12-24T13:35:27.773+0000][gc,phases   ] GC(188)   Post Evacuate Collection Set: 1.1ms
[2025-12-24T13:35:27.773+0000][gc,phases   ] GC(188)   Other: 0.3ms
[2025-12-24T13:35:27.773+0000][gc,heap     ] GC(188) Eden regions: 606->0(607)
[2025-12-24T13:35:27.773+0000][gc,heap     ] GC(188) Survivor regions: 8->7(77)
[2025-12-24T13:35:27.773+0000][gc,heap     ] GC(188) Old regions: 53->53
[2025-12-24T13:35:27.773+0000][gc,heap     ] GC(188) Humongous regions: 149->149
[2025-12-24T13:35:27.773+0000][gc,metaspace] GC(188) Metaspace: 14976K(15424K)->14976K(15424K) NonClass: 13401K(13568K)->13401K(13568K) Class: 1575K(1856K)->1575K(1856K)
[2025-12-24T13:35:27.773+0000][gc          ] GC(188) Pause Young (Normal) (G1 Evacuation Pause) 815M->208M(1024M) 18.386ms
[2025-12-24T13:35:27.773+0000][gc,cpu      ] GC(188) User=0.11s Sys=0.00s Real=0.02s
[2025-12-24T13:35:58.010+0000][gc,start    ] GC(189) Pause Young (Normal) (G1 Evacuation Pause)
[2025-12-24T13:35:58.011+0000][gc,task     ] GC(189) Using 8 workers of 8 for evacuation
[2025-12-24T13:35:58.029+0000][gc,phases   ] GC(189)   Pre Evacuate Collection Set: 0.9ms
[2025-12-24T13:35:58.029+0000][gc,phases   ] GC(189)   Merge Heap Roots: 0.2ms
[2025-12-24T13:35:58.029+0000][gc,phases   ] GC(189)   Evacuate Collection Set: 15.7ms
[2025-12-24T13:35:58.029+0000][gc,phases   ] GC(189)   Post Evacuate Collection Set: 0.9ms
[2025-12-24T13:35:58.029+0000][gc,phases   ] GC(189)   Other: 0.2ms
[2025-12-24T13:35:58.029+0000][gc,heap     ] GC(189) Eden regions: 607->0(605)
[2025-12-24T13:35:58.029+0000][gc,heap     ] GC(189) Survivor regions: 7->9(77)
[2025-12-24T13:35:58.029+0000][gc,heap     ] GC(189) Old regions: 53->54
[2025-12-24T13:35:58.029+0000][gc,heap     ] GC(189) Humongous regions: 149->149
[2025-12-24T13:35:58.029+0000][gc,metaspace] GC(189) Metaspace: 14976K(15424K)->14976K(15424K) NonClass: 13401K(13568K)->13401K(13568K) Class: 1575K(1856K)->1575K(1856K)
[2025-12-24T13:35:58.029+0000][gc          ] GC(189) Pause Young (Normal) (G1 Evacuation Pause) 815M->210M(1024M) 19.041ms
[2025-12-24T13:35:58.029+0000][gc,cpu      ] GC(189) User=0.13s Sys=0.01s Real=0.02s
[2025-12-24T13:36:37.735+0000][gc,start    ] GC(190) Pause Young (Normal) (G1 Evacuation Pause)
[2025-12-24T13:36:37.736+0000][gc,task     ] GC(190) Using 8 workers of 8 for evacuation
[2025-12-24T13:36:37.760+0000][gc,phases   ] GC(190)   Pre Evacuate Collection Set: 1.3ms
[2025-12-24T13:36:37.760+0000][gc,phases   ] GC(190)   Merge Heap Roots: 0.2ms
[2025-12-24T13:36:37.760+0000][gc,phases   ] GC(190)   Evacuate Collection Set: 18.2ms
[2025-12-24T13:36:37.761+0000][gc,phases   ] GC(190)   Post Evacuate Collection Set: 3.8ms
[2025-12-24T13:36:37.761+0000][gc,phases   ] GC(190)   Other: 0.4ms
[2025-12-24T13:36:37.761+0000][gc,heap     ] GC(190) Eden regions: 605->0(606)
[2025-12-24T13:36:37.761+0000][gc,heap     ] GC(190) Survivor regions: 9->8(77)
[2025-12-24T13:36:37.761+0000][gc,heap     ] GC(190) Old regions: 54->54
[2025-12-24T13:36:37.761+0000][gc,heap     ] GC(190) Humongous regions: 149->149
[2025-12-24T13:36:37.761+0000][gc,metaspace] GC(190) Metaspace: 14976K(15424K)->14976K(15424K) NonClass: 13401K(13568K)->13401K(13568K) Class: 1575K(1856K)->1575K(1856K)
[2025-12-24T13:36:37.761+0000][gc          ] GC(190) Pause Young (Normal) (G1 Evacuation Pause) 815M->210M(1024M) 25.983ms
[2025-12-24T13:36:37.761+0000][gc,cpu      ] GC(190) User=0.16s Sys=0.00s Real=0.03s
[2025-12-24T13:37:07.998+0000][gc,start    ] GC(191) Pause Young (Normal) (G1 Evacuation Pause)
[2025-12-24T13:37:07.998+0000][gc,task     ] GC(191) Using 8 workers of 8 for evacuation
[2025-12-24T13:37:08.008+0000][gc,phases   ] GC(191)   Pre Evacuate Collection Set: 1.0ms
[2025-12-24T13:37:08.008+0000][gc,phases   ] GC(191)   Merge Heap Roots: 0.3ms
[2025-12-24T13:37:08.009+0000][gc,phases   ] GC(191)   Evacuate Collection Set: 7.8ms
[2025-12-24T13:37:08.009+0000][gc,phases   ] GC(191)   Post Evacuate Collection Set: 1.0ms
[2025-12-24T13:37:08.009+0000][gc,phases   ] GC(191)   Other: 0.2ms
[2025-12-24T13:37:08.009+0000][gc,heap     ] GC(191) Eden regions: 606->0(604)
[2025-12-24T13:37:08.009+0000][gc,heap     ] GC(191) Survivor regions: 8->10(77)
[2025-12-24T13:37:08.009+0000][gc,heap     ] GC(191) Old regions: 54->54
[2025-12-24T13:37:08.009+0000][gc,heap     ] GC(191) Humongous regions: 149->149
[2025-12-24T13:37:08.009+0000][gc,metaspace] GC(191) Metaspace: 14979K(15424K)->14979K(15424K) NonClass: 13404K(13568K)->13404K(13568K) Class: 1575K(1856K)->1575K(1856K)
[2025-12-24T13:37:08.009+0000][gc          ] GC(191) Pause Young (Normal) (G1 Evacuation Pause) 816M->212M(1024M) 11.512ms
[2025-12-24T13:37:08.009+0000][gc,cpu      ] GC(191) User=0.07s Sys=0.00s Real=0.01s
[2025-12-24T13:37:47.690+0000][gc,start    ] GC(192) Pause Young (Normal) (G1 Evacuation Pause)
[2025-12-24T13:37:47.691+0000][gc,task     ] GC(192) Using 8 workers of 8 for evacuation
[2025-12-24T13:37:47.709+0000][gc,phases   ] GC(192)   Pre Evacuate Collection Set: 1.0ms
[2025-12-24T13:37:47.709+0000][gc,phases   ] GC(192)   Merge Heap Roots: 0.2ms
[2025-12-24T13:37:47.709+0000][gc,phases   ] GC(192)   Evacuate Collection Set: 15.3ms
[2025-12-24T13:37:47.709+0000][gc,phases   ] GC(192)   Post Evacuate Collection Set: 1.2ms
[2025-12-24T13:37:47.709+0000][gc,phases   ] GC(192)   Other: 0.3ms
[2025-12-24T13:37:47.709+0000][gc,heap     ] GC(192) Eden regions: 604->0(609)
[2025-12-24T13:37:47.709+0000][gc,heap     ] GC(192) Survivor regions: 10->5(77)
[2025-12-24T13:37:47.709+0000][gc,heap     ] GC(192) Old regions: 54->54
[2025-12-24T13:37:47.709+0000][gc,heap     ] GC(192) Humongous regions: 149->149
[2025-12-24T13:37:47.709+0000][gc,metaspace] GC(192) Metaspace: 14979K(15424K)->14979K(15424K) NonClass: 13404K(13568K)->13404K(13568K) Class: 1575K(1856K)->1575K(1856K)
[2025-12-24T13:37:47.709+0000][gc          ] GC(192) Pause Young (Normal) (G1 Evacuation Pause) 816M->207M(1024M) 19.210ms
[2025-12-24T13:37:47.709+0000][gc,cpu      ] GC(192) User=0.12s Sys=0.01s Real=0.02s
[2025-12-24T13:38:18.095+0000][gc,start    ] GC(193) Pause Young (Normal) (G1 Evacuation Pause)
[2025-12-24T13:38:18.098+0000][gc,task     ] GC(193) Using 8 workers of 8 for evacuation
[2025-12-24T13:38:18.122+0000][gc,phases   ] GC(193)   Pre Evacuate Collection Set: 5.2ms
[2025-12-24T13:38:18.122+0000][gc,phases   ] GC(193)   Merge Heap Roots: 1.3ms
[2025-12-24T13:38:18.122+0000][gc,phases   ] GC(193)   Evacuate Collection Set: 14.1ms
[2025-12-24T13:38:18.122+0000][gc,phases   ] GC(193)   Post Evacuate Collection Set: 1.5ms
[2025-12-24T13:38:18.122+0000][gc,phases   ] GC(193)   Other: 2.0ms
[2025-12-24T13:38:18.122+0000][gc,heap     ] GC(193) Eden regions: 609->0(607)
[2025-12-24T13:38:18.122+0000][gc,heap     ] GC(193) Survivor regions: 5->7(77)
[2025-12-24T13:38:18.122+0000][gc,heap     ] GC(193) Old regions: 54->55
[2025-12-24T13:38:18.123+0000][gc,heap     ] GC(193) Humongous regions: 149->149
[2025-12-24T13:38:18.123+0000][gc,metaspace] GC(193) Metaspace: 14979K(15424K)->14979K(15424K) NonClass: 13404K(13568K)->13404K(13568K) Class: 1575K(1856K)->1575K(1856K)
[2025-12-24T13:38:18.123+0000][gc          ] GC(193) Pause Young (Normal) (G1 Evacuation Pause) 816M->209M(1024M) 27.477ms
[2025-12-24T13:38:18.123+0000][gc,cpu      ] GC(193) User=0.14s Sys=0.02s Real=0.02s
[2025-12-24T13:53:01.952+0000][gc,start    ] GC(194) Pause Young (Normal) (G1 Evacuation Pause)
[2025-12-24T13:53:01.953+0000][gc,task     ] GC(194) Using 8 workers of 8 for evacuation
[2025-12-24T13:53:01.973+0000][gc,phases   ] GC(194)   Pre Evacuate Collection Set: 1.2ms
[2025-12-24T13:53:01.974+0000][gc,phases   ] GC(194)   Merge Heap Roots: 0.3ms
[2025-12-24T13:53:01.974+0000][gc,phases   ] GC(194)   Evacuate Collection Set: 17.5ms
[2025-12-24T13:53:01.974+0000][gc,phases   ] GC(194)   Post Evacuate Collection Set: 1.2ms
[2025-12-24T13:53:01.974+0000][gc,phases   ] GC(194)   Other: 0.3ms
[2025-12-24T13:53:01.974+0000][gc,heap     ] GC(194) Eden regions: 607->0(607)
[2025-12-24T13:53:01.974+0000][gc,heap     ] GC(194) Survivor regions: 7->7(77)
[2025-12-24T13:53:01.974+0000][gc,heap     ] GC(194) Old regions: 55->55
[2025-12-24T13:53:01.974+0000][gc,heap     ] GC(194) Humongous regions: 151->151
[2025-12-24T13:53:01.974+0000][gc,metaspace] GC(194) Metaspace: 15013K(15424K)->15013K(15424K) NonClass: 13429K(13568K)->13429K(13568K) Class: 1583K(1856K)->1583K(1856K)
[2025-12-24T13:53:01.974+0000][gc          ] GC(194) Pause Young (Normal) (G1 Evacuation Pause) 818M->211M(1024M) 21.720ms
[2025-12-24T13:53:01.974+0000][gc,cpu      ] GC(194) User=0.13s Sys=0.00s Real=0.02s
[2025-12-24T13:53:32.235+0000][gc,start    ] GC(195) Pause Young (Normal) (G1 Evacuation Pause)
[2025-12-24T13:53:32.236+0000][gc,task     ] GC(195) Using 8 workers of 8 for evacuation
[2025-12-24T13:53:32.256+0000][gc,phases   ] GC(195)   Pre Evacuate Collection Set: 0.9ms
[2025-12-24T13:53:32.256+0000][gc,phases   ] GC(195)   Merge Heap Roots: 0.2ms
[2025-12-24T13:53:32.256+0000][gc,phases   ] GC(195)   Evacuate Collection Set: 17.9ms
[2025-12-24T13:53:32.256+0000][gc,phases   ] GC(195)   Post Evacuate Collection Set: 1.0ms
[2025-12-24T13:53:32.256+0000][gc,phases   ] GC(195)   Other: 0.2ms
[2025-12-24T13:53:32.256+0000][gc,heap     ] GC(195) Eden regions: 607->0(606)
[2025-12-24T13:53:32.256+0000][gc,heap     ] GC(195) Survivor regions: 7->8(77)
[2025-12-24T13:53:32.256+0000][gc,heap     ] GC(195) Old regions: 55->55
[2025-12-24T13:53:32.256+0000][gc,heap     ] GC(195) Humongous regions: 151->151
[2025-12-24T13:53:32.256+0000][gc,metaspace] GC(195) Metaspace: 15013K(15424K)->15013K(15424K) NonClass: 13430K(13568K)->13430K(13568K) Class: 1583K(1856K)->1583K(1856K)
[2025-12-24T13:53:32.256+0000][gc          ] GC(195) Pause Young (Normal) (G1 Evacuation Pause) 818M->213M(1024M) 21.534ms
[2025-12-24T13:53:32.257+0000][gc,cpu      ] GC(195) User=0.11s Sys=0.01s Real=0.02s
[2025-12-24T13:54:11.927+0000][gc,start    ] GC(196) Pause Young (Normal) (G1 Evacuation Pause)
[2025-12-24T13:54:11.928+0000][gc,task     ] GC(196) Using 8 workers of 8 for evacuation
[2025-12-24T13:54:11.942+0000][gc,phases   ] GC(196)   Pre Evacuate Collection Set: 1.4ms
[2025-12-24T13:54:11.942+0000][gc,phases   ] GC(196)   Merge Heap Roots: 0.4ms
[2025-12-24T13:54:11.942+0000][gc,phases   ] GC(196)   Evacuate Collection Set: 9.9ms
[2025-12-24T13:54:11.942+0000][gc,phases   ] GC(196)   Post Evacuate Collection Set: 1.4ms
[2025-12-24T13:54:11.942+0000][gc,phases   ] GC(196)   Other: 0.4ms
[2025-12-24T13:54:11.942+0000][gc,heap     ] GC(196) Eden regions: 606->0(607)
[2025-12-24T13:54:11.942+0000][gc,heap     ] GC(196) Survivor regions: 8->7(77)
[2025-12-24T13:54:11.943+0000][gc,heap     ] GC(196) Old regions: 55->55
[2025-12-24T13:54:11.943+0000][gc,heap     ] GC(196) Humongous regions: 151->151
[2025-12-24T13:54:11.943+0000][gc,metaspace] GC(196) Metaspace: 15013K(15424K)->15013K(15424K) NonClass: 13430K(13568K)->13430K(13568K) Class: 1583K(1856K)->1583K(1856K)
[2025-12-24T13:54:11.943+0000][gc          ] GC(196) Pause Young (Normal) (G1 Evacuation Pause) 819M->212M(1024M) 16.144ms
[2025-12-24T13:54:11.943+0000][gc,cpu      ] GC(196) User=0.08s Sys=0.00s Real=0.02s
[2025-12-24T13:54:42.209+0000][gc,start    ] GC(197) Pause Young (Normal) (G1 Evacuation Pause)
[2025-12-24T13:54:42.210+0000][gc,task     ] GC(197) Using 8 workers of 8 for evacuation
[2025-12-24T13:54:42.227+0000][gc,phases   ] GC(197)   Pre Evacuate Collection Set: 1.1ms
[2025-12-24T13:54:42.227+0000][gc,phases   ] GC(197)   Merge Heap Roots: 0.3ms
[2025-12-24T13:54:42.227+0000][gc,phases   ] GC(197)   Evacuate Collection Set: 14.4ms
[2025-12-24T13:54:42.227+0000][gc,phases   ] GC(197)   Post Evacuate Collection Set: 1.0ms
[2025-12-24T13:54:42.227+0000][gc,phases   ] GC(197)   Other: 0.2ms
[2025-12-24T13:54:42.227+0000][gc,heap     ] GC(197) Eden regions: 607->0(605)
[2025-12-24T13:54:42.228+0000][gc,heap     ] GC(197) Survivor regions: 7->9(77)
[2025-12-24T13:54:42.228+0000][gc,heap     ] GC(197) Old regions: 55->55
[2025-12-24T13:54:42.228+0000][gc,heap     ] GC(197) Humongous regions: 151->151
[2025-12-24T13:54:42.228+0000][gc,metaspace] GC(197) Metaspace: 15013K(15424K)->15013K(15424K) NonClass: 13430K(13568K)->13430K(13568K) Class: 1583K(1856K)->1583K(1856K)
[2025-12-24T13:54:42.228+0000][gc          ] GC(197) Pause Young (Normal) (G1 Evacuation Pause) 819M->214M(1024M) 18.848ms
[2025-12-24T13:54:42.228+0000][gc,cpu      ] GC(197) User=0.11s Sys=0.00s Real=0.02s
[2025-12-24T13:55:17.434+0000][gc,start    ] GC(198) Pause Young (Normal) (G1 Evacuation Pause)
[2025-12-24T13:55:17.435+0000][gc,task     ] GC(198) Using 8 workers of 8 for evacuation
[2025-12-24T13:55:17.463+0000][gc,phases   ] GC(198)   Pre Evacuate Collection Set: 2.9ms
[2025-12-24T13:55:17.463+0000][gc,phases   ] GC(198)   Merge Heap Roots: 1.2ms
[2025-12-24T13:55:17.464+0000][gc,phases   ] GC(198)   Evacuate Collection Set: 21.4ms
[2025-12-24T13:55:17.464+0000][gc,phases   ] GC(198)   Post Evacuate Collection Set: 2.2ms
[2025-12-24T13:55:17.464+0000][gc,phases   ] GC(198)   Other: 0.5ms
[2025-12-24T13:55:17.464+0000][gc,heap     ] GC(198) Eden regions: 605->0(606)
[2025-12-24T13:55:17.464+0000][gc,heap     ] GC(198) Survivor regions: 9->8(77)
[2025-12-24T13:55:17.464+0000][gc,heap     ] GC(198) Old regions: 55->56
[2025-12-24T13:55:17.464+0000][gc,heap     ] GC(198) Humongous regions: 151->151
[2025-12-24T13:55:17.464+0000][gc,metaspace] GC(198) Metaspace: 15013K(15424K)->15013K(15424K) NonClass: 13430K(13568K)->13430K(13568K) Class: 1583K(1856K)->1583K(1856K)
[2025-12-24T13:55:17.465+0000][gc          ] GC(198) Pause Young (Normal) (G1 Evacuation Pause) 819M->214M(1024M) 30.068ms
[2025-12-24T13:55:17.465+0000][gc,cpu      ] GC(198) User=0.17s Sys=0.01s Real=0.03s
[2025-12-24T13:55:52.179+0000][gc,start    ] GC(199) Pause Young (Normal) (G1 Evacuation Pause)
[2025-12-24T13:55:52.181+0000][gc,task     ] GC(199) Using 8 workers of 8 for evacuation
[2025-12-24T13:55:52.189+0000][gc,phases   ] GC(199)   Pre Evacuate Collection Set: 1.1ms
[2025-12-24T13:55:52.189+0000][gc,phases   ] GC(199)   Merge Heap Roots: 0.3ms
[2025-12-24T13:55:52.189+0000][gc,phases   ] GC(199)   Evacuate Collection Set: 5.6ms
[2025-12-24T13:55:52.189+0000][gc,phases   ] GC(199)   Post Evacuate Collection Set: 1.1ms
[2025-12-24T13:55:52.189+0000][gc,phases   ] GC(199)   Other: 0.2ms
[2025-12-24T13:55:52.189+0000][gc,heap     ] GC(199) Eden regions: 606->0(608)
[2025-12-24T13:55:52.190+0000][gc,heap     ] GC(199) Survivor regions: 8->6(77)
[2025-12-24T13:55:52.190+0000][gc,heap     ] GC(199) Old regions: 56->56
[2025-12-24T13:55:52.190+0000][gc,heap     ] GC(199) Humongous regions: 151->151
[2025-12-24T13:55:52.190+0000][gc,metaspace] GC(199) Metaspace: 15014K(15424K)->15014K(15424K) NonClass: 13430K(13568K)->13430K(13568K) Class: 1583K(1856K)->1583K(1856K)
[2025-12-24T13:55:52.190+0000][gc          ] GC(199) Pause Young (Normal) (G1 Evacuation Pause) 820M->211M(1024M) 10.344ms
[2025-12-24T13:55:52.190+0000][gc,cpu      ] GC(199) User=0.05s Sys=0.00s Real=0.01s
[2025-12-24T13:56:22.435+0000][gc,start    ] GC(200) Pause Young (Normal) (G1 Evacuation Pause)
[2025-12-24T13:56:22.436+0000][gc,task     ] GC(200) Using 8 workers of 8 for evacuation
[2025-12-24T13:56:22.451+0000][gc,phases   ] GC(200)   Pre Evacuate Collection Set: 1.2ms
[2025-12-24T13:56:22.451+0000][gc,phases   ] GC(200)   Merge Heap Roots: 0.3ms
[2025-12-24T13:56:22.451+0000][gc,phases   ] GC(200)   Evacuate Collection Set: 11.8ms
[2025-12-24T13:56:22.451+0000][gc,phases   ] GC(200)   Post Evacuate Collection Set: 1.1ms
[2025-12-24T13:56:22.451+0000][gc,phases   ] GC(200)   Other: 0.2ms
[2025-12-24T13:56:22.451+0000][gc,heap     ] GC(200) Eden regions: 608->0(607)
[2025-12-24T13:56:22.451+0000][gc,heap     ] GC(200) Survivor regions: 6->7(77)
[2025-12-24T13:56:22.451+0000][gc,heap     ] GC(200) Old regions: 56->56
[2025-12-24T13:56:22.451+0000][gc,heap     ] GC(200) Humongous regions: 151->151
[2025-12-24T13:56:22.451+0000][gc,metaspace] GC(200) Metaspace: 15014K(15424K)->15014K(15424K) NonClass: 13430K(13568K)->13430K(13568K) Class: 1583K(1856K)->1583K(1856K)
[2025-12-24T13:56:22.452+0000][gc          ] GC(200) Pause Young (Normal) (G1 Evacuation Pause) 819M->213M(1024M) 16.556ms
[2025-12-24T13:56:22.452+0000][gc,cpu      ] GC(200) User=0.09s Sys=0.00s Real=0.01s
[2025-12-24T13:57:02.193+0000][gc,start    ] GC(201) Pause Young (Normal) (G1 Evacuation Pause)
[2025-12-24T13:57:02.194+0000][gc,task     ] GC(201) Using 8 workers of 8 for evacuation
[2025-12-24T13:57:02.211+0000][gc,phases   ] GC(201)   Pre Evacuate Collection Set: 1.0ms
[2025-12-24T13:57:02.211+0000][gc,phases   ] GC(201)   Merge Heap Roots: 0.3ms
[2025-12-24T13:57:02.211+0000][gc,phases   ] GC(201)   Evacuate Collection Set: 14.2ms
[2025-12-24T13:57:02.211+0000][gc,phases   ] GC(201)   Post Evacuate Collection Set: 1.2ms
[2025-12-24T13:57:02.211+0000][gc,phases   ] GC(201)   Other: 0.3ms
[2025-12-24T13:57:02.211+0000][gc,heap     ] GC(201) Eden regions: 607->0(607)
[2025-12-24T13:57:02.211+0000][gc,heap     ] GC(201) Survivor regions: 7->7(77)
[2025-12-24T13:57:02.211+0000][gc,heap     ] GC(201) Old regions: 56->56
[2025-12-24T13:57:02.211+0000][gc,heap     ] GC(201) Humongous regions: 151->151
[2025-12-24T13:57:02.211+0000][gc,metaspace] GC(201) Metaspace: 15014K(15424K)->15014K(15424K) NonClass: 13430K(13568K)->13430K(13568K) Class: 1583K(1856K)->1583K(1856K)
[2025-12-24T13:57:02.211+0000][gc          ] GC(201) Pause Young (Normal) (G1 Evacuation Pause) 820M->213M(1024M) 18.293ms
[2025-12-24T13:57:02.212+0000][gc,cpu      ] GC(201) User=0.10s Sys=0.01s Real=0.02s
[2025-12-24T13:57:32.427+0000][gc,start    ] GC(202) Pause Young (Normal) (G1 Evacuation Pause)
[2025-12-24T13:57:32.428+0000][gc,task     ] GC(202) Using 8 workers of 8 for evacuation
[2025-12-24T13:57:32.449+0000][gc,phases   ] GC(202)   Pre Evacuate Collection Set: 1.0ms
[2025-12-24T13:57:32.449+0000][gc,phases   ] GC(202)   Merge Heap Roots: 0.3ms
[2025-12-24T13:57:32.449+0000][gc,phases   ] GC(202)   Evacuate Collection Set: 18.3ms
[2025-12-24T13:57:32.449+0000][gc,phases   ] GC(202)   Post Evacuate Collection Set: 1.1ms
[2025-12-24T13:57:32.449+0000][gc,phases   ] GC(202)   Other: 0.2ms
[2025-12-24T13:57:32.449+0000][gc,heap     ] GC(202) Eden regions: 607->0(605)
[2025-12-24T13:57:32.449+0000][gc,heap     ] GC(202) Survivor regions: 7->9(77)
[2025-12-24T13:57:32.449+0000][gc,heap     ] GC(202) Old regions: 56->57
[2025-12-24T13:57:32.449+0000][gc,heap     ] GC(202) Humongous regions: 151->151
[2025-12-24T13:57:32.449+0000][gc,metaspace] GC(202) Metaspace: 15014K(15424K)->15014K(15424K) NonClass: 13430K(13568K)->13430K(13568K) Class: 1583K(1856K)->1583K(1856K)
[2025-12-24T13:57:32.449+0000][gc          ] GC(202) Pause Young (Normal) (G1 Evacuation Pause) 820M->215M(1024M) 22.146ms
[2025-12-24T13:57:32.450+0000][gc,cpu      ] GC(202) User=0.13s Sys=0.00s Real=0.02s
[2025-12-24T13:58:12.132+0000][gc,start    ] GC(203) Pause Young (Normal) (G1 Evacuation Pause)
[2025-12-24T13:58:12.132+0000][gc,task     ] GC(203) Using 8 workers of 8 for evacuation
[2025-12-24T13:58:12.147+0000][gc,phases   ] GC(203)   Pre Evacuate Collection Set: 1.0ms
[2025-12-24T13:58:12.147+0000][gc,phases   ] GC(203)   Merge Heap Roots: 0.2ms
[2025-12-24T13:58:12.147+0000][gc,phases   ] GC(203)   Evacuate Collection Set: 12.3ms
[2025-12-24T13:58:12.147+0000][gc,phases   ] GC(203)   Post Evacuate Collection Set: 0.8ms
[2025-12-24T13:58:12.147+0000][gc,phases   ] GC(203)   Other: 0.2ms
[2025-12-24T13:58:12.147+0000][gc,heap     ] GC(203) Eden regions: 605->0(606)
[2025-12-24T13:58:12.147+0000][gc,heap     ] GC(203) Survivor regions: 9->8(77)
[2025-12-24T13:58:12.147+0000][gc,heap     ] GC(203) Old regions: 57->57
[2025-12-24T13:58:12.147+0000][gc,heap     ] GC(203) Humongous regions: 151->151
[2025-12-24T13:58:12.147+0000][gc,metaspace] GC(203) Metaspace: 15014K(15424K)->15014K(15424K) NonClass: 13430K(13568K)->13430K(13568K) Class: 1583K(1856K)->1583K(1856K)
[2025-12-24T13:58:12.147+0000][gc          ] GC(203) Pause Young (Normal) (G1 Evacuation Pause) 820M->215M(1024M) 15.860ms
[2025-12-24T13:58:12.147+0000][gc,cpu      ] GC(203) User=0.09s Sys=0.00s Real=0.01s
[2025-12-24T13:58:42.392+0000][gc,start    ] GC(204) Pause Young (Normal) (G1 Evacuation Pause)
[2025-12-24T13:58:42.392+0000][gc,task     ] GC(204) Using 8 workers of 8 for evacuation
[2025-12-24T13:58:42.410+0000][gc,phases   ] GC(204)   Pre Evacuate Collection Set: 2.4ms
[2025-12-24T13:58:42.410+0000][gc,phases   ] GC(204)   Merge Heap Roots: 1.9ms
[2025-12-24T13:58:42.411+0000][gc,phases   ] GC(204)   Evacuate Collection Set: 12.2ms
[2025-12-24T13:58:42.411+0000][gc,phases   ] GC(204)   Post Evacuate Collection Set: 0.9ms
[2025-12-24T13:58:42.411+0000][gc,phases   ] GC(204)   Other: 0.8ms
[2025-12-24T13:58:42.411+0000][gc,heap     ] GC(204) Eden regions: 606->0(604)
[2025-12-24T13:58:42.411+0000][gc,heap     ] GC(204) Survivor regions: 8->10(77)
[2025-12-24T13:58:42.411+0000][gc,heap     ] GC(204) Old regions: 57->57
[2025-12-24T13:58:42.411+0000][gc,heap     ] GC(204) Humongous regions: 151->151
[2025-12-24T13:58:42.411+0000][gc,metaspace] GC(204) Metaspace: 15014K(15424K)->15014K(15424K) NonClass: 13430K(13568K)->13430K(13568K) Class: 1583K(1856K)->1583K(1856K)
[2025-12-24T13:58:42.411+0000][gc          ] GC(204) Pause Young (Normal) (G1 Evacuation Pause) 821M->217M(1024M) 19.266ms
[2025-12-24T13:58:42.411+0000][gc,cpu      ] GC(204) User=0.12s Sys=0.00s Real=0.02s
[2025-12-24T13:59:22.105+0000][gc,start    ] GC(205) Pause Young (Normal) (G1 Evacuation Pause)
[2025-12-24T13:59:22.106+0000][gc,task     ] GC(205) Using 8 workers of 8 for evacuation
[2025-12-24T13:59:22.121+0000][gc,phases   ] GC(205)   Pre Evacuate Collection Set: 1.1ms
[2025-12-24T13:59:22.121+0000][gc,phases   ] GC(205)   Merge Heap Roots: 0.3ms
[2025-12-24T13:59:22.121+0000][gc,phases   ] GC(205)   Evacuate Collection Set: 10.9ms
[2025-12-24T13:59:22.121+0000][gc,phases   ] GC(205)   Post Evacuate Collection Set: 2.3ms
[2025-12-24T13:59:22.121+0000][gc,phases   ] GC(205)   Other: 0.2ms
[2025-12-24T13:59:22.121+0000][gc,heap     ] GC(205) Eden regions: 604->0(605)
[2025-12-24T13:59:22.121+0000][gc,heap     ] GC(205) Survivor regions: 10->9(77)
[2025-12-24T13:59:22.121+0000][gc,heap     ] GC(205) Old regions: 57->57
[2025-12-24T13:59:22.121+0000][gc,heap     ] GC(205) Humongous regions: 151->151
[2025-12-24T13:59:22.121+0000][gc,metaspace] GC(205) Metaspace: 15014K(15424K)->15014K(15424K) NonClass: 13430K(13568K)->13430K(13568K) Class: 1583K(1856K)->1583K(1856K)
[2025-12-24T13:59:22.122+0000][gc          ] GC(205) Pause Young (Normal) (G1 Evacuation Pause) 821M->216M(1024M) 16.963ms
[2025-12-24T13:59:22.122+0000][gc,cpu      ] GC(205) User=0.09s Sys=0.00s Real=0.02s
[2025-12-24T13:59:52.338+0000][gc,start    ] GC(206) Pause Young (Normal) (G1 Evacuation Pause)
[2025-12-24T13:59:52.339+0000][gc,task     ] GC(206) Using 8 workers of 8 for evacuation
[2025-12-24T13:59:52.348+0000][gc,phases   ] GC(206)   Pre Evacuate Collection Set: 1.0ms
[2025-12-24T13:59:52.348+0000][gc,phases   ] GC(206)   Merge Heap Roots: 0.2ms
[2025-12-24T13:59:52.348+0000][gc,phases   ] GC(206)   Evacuate Collection Set: 5.8ms
[2025-12-24T13:59:52.348+0000][gc,phases   ] GC(206)   Post Evacuate Collection Set: 1.0ms
[2025-12-24T13:59:52.348+0000][gc,phases   ] GC(206)   Other: 0.2ms
[2025-12-24T13:59:52.348+0000][gc,heap     ] GC(206) Eden regions: 605->0(607)
[2025-12-24T13:59:52.348+0000][gc,heap     ] GC(206) Survivor regions: 9->7(77)
[2025-12-24T13:59:52.348+0000][gc,heap     ] GC(206) Old regions: 57->58
[2025-12-24T13:59:52.348+0000][gc,heap     ] GC(206) Humongous regions: 151->151
[2025-12-24T13:59:52.348+0000][gc,metaspace] GC(206) Metaspace: 15014K(15424K)->15014K(15424K) NonClass: 13430K(13568K)->13430K(13568K) Class: 1583K(1856K)->1583K(1856K)
[2025-12-24T13:59:52.348+0000][gc          ] GC(206) Pause Young (Normal) (G1 Evacuation Pause) 821M->214M(1024M) 10.060ms
[2025-12-24T13:59:52.348+0000][gc,cpu      ] GC(206) User=0.05s Sys=0.00s Real=0.01s
[2025-12-24T14:00:32.071+0000][gc,start    ] GC(207) Pause Young (Normal) (G1 Evacuation Pause)
[2025-12-24T14:00:32.072+0000][gc,task     ] GC(207) Using 8 workers of 8 for evacuation
[2025-12-24T14:00:32.087+0000][gc,phases   ] GC(207)   Pre Evacuate Collection Set: 1.4ms
[2025-12-24T14:00:32.087+0000][gc,phases   ] GC(207)   Merge Heap Roots: 0.3ms
[2025-12-24T14:00:32.088+0000][gc,phases   ] GC(207)   Evacuate Collection Set: 12.1ms
[2025-12-24T14:00:32.088+0000][gc,phases   ] GC(207)   Post Evacuate Collection Set: 1.1ms
[2025-12-24T14:00:32.088+0000][gc,phases   ] GC(207)   Other: 0.5ms
[2025-12-24T14:00:32.088+0000][gc,heap     ] GC(207) Eden regions: 607->0(608)
[2025-12-24T14:00:32.088+0000][gc,heap     ] GC(207) Survivor regions: 7->6(77)
[2025-12-24T14:00:32.088+0000][gc,heap     ] GC(207) Old regions: 58->58
[2025-12-24T14:00:32.088+0000][gc,heap     ] GC(207) Humongous regions: 151->151
[2025-12-24T14:00:32.088+0000][gc,metaspace] GC(207) Metaspace: 15017K(15424K)->15017K(15424K) NonClass: 13433K(13568K)->13433K(13568K) Class: 1583K(1856K)->1583K(1856K)
[2025-12-24T14:00:32.088+0000][gc          ] GC(207) Pause Young (Normal) (G1 Evacuation Pause) 821M->214M(1024M) 17.253ms
[2025-12-24T14:00:32.088+0000][gc,cpu      ] GC(207) User=0.09s Sys=0.00s Real=0.02s
[2025-12-24T14:01:02.333+0000][gc,start    ] GC(208) Pause Young (Normal) (G1 Evacuation Pause)
[2025-12-24T14:01:02.333+0000][gc,task     ] GC(208) Using 8 workers of 8 for evacuation
[2025-12-24T14:01:02.349+0000][gc,phases   ] GC(208)   Pre Evacuate Collection Set: 0.9ms
[2025-12-24T14:01:02.350+0000][gc,phases   ] GC(208)   Merge Heap Roots: 0.3ms
[2025-12-24T14:01:02.350+0000][gc,phases   ] GC(208)   Evacuate Collection Set: 12.4ms
[2025-12-24T14:01:02.350+0000][gc,phases   ] GC(208)   Post Evacuate Collection Set: 2.3ms
[2025-12-24T14:01:02.350+0000][gc,phases   ] GC(208)   Other: 0.2ms
[2025-12-24T14:01:02.350+0000][gc,heap     ] GC(208) Eden regions: 608->0(606)
[2025-12-24T14:01:02.350+0000][gc,heap     ] GC(208) Survivor regions: 6->8(77)
[2025-12-24T14:01:02.350+0000][gc,heap     ] GC(208) Old regions: 58->58
[2025-12-24T14:01:02.350+0000][gc,heap     ] GC(208) Humongous regions: 151->151
[2025-12-24T14:01:02.350+0000][gc,metaspace] GC(208) Metaspace: 15017K(15424K)->15017K(15424K) NonClass: 13433K(13568K)->13433K(13568K) Class: 1583K(1856K)->1583K(1856K)
[2025-12-24T14:01:02.350+0000][gc          ] GC(208) Pause Young (Normal) (G1 Evacuation Pause) 822M->215M(1024M) 16.950ms
[2025-12-24T14:01:02.350+0000][gc,cpu      ] GC(208) User=0.11s Sys=0.00s Real=0.02s
[2025-12-24T14:02:04.795+0000][gc,start    ] GC(209) Pause Young (Normal) (G1 Evacuation Pause)
[2025-12-24T14:02:04.795+0000][gc,task     ] GC(209) Using 8 workers of 8 for evacuation
[2025-12-24T14:02:04.813+0000][gc,phases   ] GC(209)   Pre Evacuate Collection Set: 1.7ms
[2025-12-24T14:02:04.813+0000][gc,phases   ] GC(209)   Merge Heap Roots: 1.2ms
[2025-12-24T14:02:04.813+0000][gc,phases   ] GC(209)   Evacuate Collection Set: 13.5ms
[2025-12-24T14:02:04.813+0000][gc,phases   ] GC(209)   Post Evacuate Collection Set: 1.4ms
[2025-12-24T14:02:04.814+0000][gc,phases   ] GC(209)   Other: 0.4ms
[2025-12-24T14:02:04.814+0000][gc,heap     ] GC(209) Eden regions: 606->0(607)
[2025-12-24T14:02:04.814+0000][gc,heap     ] GC(209) Survivor regions: 8->7(77)
[2025-12-24T14:02:04.814+0000][gc,heap     ] GC(209) Old regions: 58->58
[2025-12-24T14:02:04.814+0000][gc,heap     ] GC(209) Humongous regions: 151->151
[2025-12-24T14:02:04.814+0000][gc,metaspace] GC(209) Metaspace: 15021K(15424K)->15021K(15424K) NonClass: 13437K(13568K)->13437K(13568K) Class: 1583K(1856K)->1583K(1856K)
[2025-12-24T14:02:04.814+0000][gc          ] GC(209) Pause Young (Normal) (G1 Evacuation Pause) 821M->215M(1024M) 19.374ms
[2025-12-24T14:02:04.814+0000][gc,cpu      ] GC(209) User=0.11s Sys=0.00s Real=0.02s
[2025-12-24T14:02:35.167+0000][gc,start    ] GC(210) Pause Young (Normal) (G1 Evacuation Pause)
[2025-12-24T14:02:35.169+0000][gc,task     ] GC(210) Using 8 workers of 8 for evacuation
[2025-12-24T14:02:35.193+0000][gc,phases   ] GC(210)   Pre Evacuate Collection Set: 3.2ms
[2025-12-24T14:02:35.193+0000][gc,phases   ] GC(210)   Merge Heap Roots: 0.4ms
[2025-12-24T14:02:35.193+0000][gc,phases   ] GC(210)   Evacuate Collection Set: 18.8ms
[2025-12-24T14:02:35.193+0000][gc,phases   ] GC(210)   Post Evacuate Collection Set: 1.4ms
[2025-12-24T14:02:35.193+0000][gc,phases   ] GC(210)   Other: 1.0ms
[2025-12-24T14:02:35.193+0000][gc,heap     ] GC(210) Eden regions: 607->0(603)
[2025-12-24T14:02:35.193+0000][gc,heap     ] GC(210) Survivor regions: 7->11(77)
[2025-12-24T14:02:35.193+0000][gc,heap     ] GC(210) Old regions: 58->59
[2025-12-24T14:02:35.193+0000][gc,heap     ] GC(210) Humongous regions: 151->151
[2025-12-24T14:02:35.193+0000][gc,metaspace] GC(210) Metaspace: 15028K(15424K)->15028K(15424K) NonClass: 13442K(13568K)->13442K(13568K) Class: 1586K(1856K)->1586K(1856K)
[2025-12-24T14:02:35.194+0000][gc          ] GC(210) Pause Young (Normal) (G1 Evacuation Pause) 822M->219M(1024M) 26.807ms
[2025-12-24T14:02:35.194+0000][gc,cpu      ] GC(210) User=0.13s Sys=0.02s Real=0.03s
[2025-12-24T14:03:14.738+0000][gc,start    ] GC(211) Pause Young (Normal) (G1 Evacuation Pause)
[2025-12-24T14:03:14.738+0000][gc,task     ] GC(211) Using 8 workers of 8 for evacuation
[2025-12-24T14:03:14.754+0000][gc,phases   ] GC(211)   Pre Evacuate Collection Set: 1.2ms
[2025-12-24T14:03:14.754+0000][gc,phases   ] GC(211)   Merge Heap Roots: 0.3ms
[2025-12-24T14:03:14.754+0000][gc,phases   ] GC(211)   Evacuate Collection Set: 12.7ms
[2025-12-24T14:03:14.754+0000][gc,phases   ] GC(211)   Post Evacuate Collection Set: 1.1ms
[2025-12-24T14:03:14.754+0000][gc,phases   ] GC(211)   Other: 0.4ms
[2025-12-24T14:03:14.754+0000][gc,heap     ] GC(211) Eden regions: 603->0(605)
[2025-12-24T14:03:14.754+0000][gc,heap     ] GC(211) Survivor regions: 11->9(77)
[2025-12-24T14:03:14.754+0000][gc,heap     ] GC(211) Old regions: 59->59
[2025-12-24T14:03:14.754+0000][gc,heap     ] GC(211) Humongous regions: 151->151
[2025-12-24T14:03:14.754+0000][gc,metaspace] GC(211) Metaspace: 15081K(15488K)->15081K(15488K) NonClass: 13483K(13632K)->13483K(13632K) Class: 1597K(1856K)->1597K(1856K)
[2025-12-24T14:03:14.755+0000][gc          ] GC(211) Pause Young (Normal) (G1 Evacuation Pause) 822M->218M(1024M) 16.814ms
[2025-12-24T14:03:14.755+0000][gc,cpu      ] GC(211) User=0.10s Sys=0.00s Real=0.02s
[2025-12-24T14:03:44.988+0000][gc,start    ] GC(212) Pause Young (Normal) (G1 Evacuation Pause)
[2025-12-24T14:03:44.988+0000][gc,task     ] GC(212) Using 8 workers of 8 for evacuation
[2025-12-24T14:03:45.004+0000][gc,phases   ] GC(212)   Pre Evacuate Collection Set: 1.4ms
[2025-12-24T14:03:45.004+0000][gc,phases   ] GC(212)   Merge Heap Roots: 0.2ms
[2025-12-24T14:03:45.005+0000][gc,phases   ] GC(212)   Evacuate Collection Set: 13.2ms
[2025-12-24T14:03:45.005+0000][gc,phases   ] GC(212)   Post Evacuate Collection Set: 1.0ms
[2025-12-24T14:03:45.005+0000][gc,phases   ] GC(212)   Other: 0.2ms
[2025-12-24T14:03:45.005+0000][gc,heap     ] GC(212) Eden regions: 605->0(603)
[2025-12-24T14:03:45.005+0000][gc,heap     ] GC(212) Survivor regions: 9->11(77)
[2025-12-24T14:03:45.005+0000][gc,heap     ] GC(212) Old regions: 59->59
[2025-12-24T14:03:45.005+0000][gc,heap     ] GC(212) Humongous regions: 151->151
[2025-12-24T14:03:45.005+0000][gc,metaspace] GC(212) Metaspace: 15081K(15488K)->15081K(15488K) NonClass: 13483K(13632K)->13483K(13632K) Class: 1597K(1856K)->1597K(1856K)
[2025-12-24T14:03:45.005+0000][gc          ] GC(212) Pause Young (Normal) (G1 Evacuation Pause) 823M->220M(1024M) 16.971ms
[2025-12-24T14:03:45.005+0000][gc,cpu      ] GC(212) User=0.10s Sys=0.00s Real=0.01s
[2025-12-24T14:04:24.687+0000][gc,start    ] GC(213) Pause Young (Normal) (G1 Evacuation Pause)
[2025-12-24T14:04:24.687+0000][gc,task     ] GC(213) Using 8 workers of 8 for evacuation
[2025-12-24T14:04:24.706+0000][gc,phases   ] GC(213)   Pre Evacuate Collection Set: 1.2ms
[2025-12-24T14:04:24.706+0000][gc,phases   ] GC(213)   Merge Heap Roots: 0.2ms
[2025-12-24T14:04:24.706+0000][gc,phases   ] GC(213)   Evacuate Collection Set: 12.8ms
[2025-12-24T14:04:24.706+0000][gc,phases   ] GC(213)   Post Evacuate Collection Set: 4.2ms
[2025-12-24T14:04:24.706+0000][gc,phases   ] GC(213)   Other: 0.4ms
[2025-12-24T14:04:24.706+0000][gc,heap     ] GC(213) Eden regions: 603->0(608)
[2025-12-24T14:04:24.707+0000][gc,heap     ] GC(213) Survivor regions: 11->6(77)
[2025-12-24T14:04:24.707+0000][gc,heap     ] GC(213) Old regions: 59->59
[2025-12-24T14:04:24.707+0000][gc,heap     ] GC(213) Humongous regions: 151->151
[2025-12-24T14:04:24.707+0000][gc,metaspace] GC(213) Metaspace: 15081K(15488K)->15081K(15488K) NonClass: 13483K(13632K)->13483K(13632K) Class: 1597K(1856K)->1597K(1856K)
[2025-12-24T14:04:24.707+0000][gc          ] GC(213) Pause Young (Normal) (G1 Evacuation Pause) 823M->215M(1024M) 20.073ms
[2025-12-24T14:04:24.707+0000][gc,cpu      ] GC(213) User=0.11s Sys=0.01s Real=0.02s
