[2026-01-16T08:35:08.810+0000][gc,init] CardTable entry size: 512
[2026-01-16T08:35:08.821+0000][gc     ] Using G1
[2026-01-16T08:35:08.875+0000][gc,init] Version: 21.0.4+7-LTS (release)
[2026-01-16T08:35:08.875+0000][gc,init] CPUs: 8 total, 8 available
[2026-01-16T08:35:08.875+0000][gc,init] Memory: 15972M
[2026-01-16T08:35:08.875+0000][gc,init] Large Page Support: Disabled
[2026-01-16T08:35:08.876+0000][gc,init] NUMA Support: Disabled
[2026-01-16T08:35:08.876+0000][gc,init] Compressed Oops: Enabled (32-bit)
[2026-01-16T08:35:08.876+0000][gc,init] Heap Region Size: 1M
[2026-01-16T08:35:08.876+0000][gc,init] Heap Min Capacity: 1G
[2026-01-16T08:35:08.876+0000][gc,init] Heap Initial Capacity: 1G
[2026-01-16T08:35:08.877+0000][gc,init] Heap Max Capacity: 1G
[2026-01-16T08:35:08.877+0000][gc,init] Pre-touch: Disabled
[2026-01-16T08:35:08.877+0000][gc,init] Parallel Workers: 8
[2026-01-16T08:35:08.877+0000][gc,init] Concurrent Workers: 2
[2026-01-16T08:35:08.877+0000][gc,init] Concurrent Refinement Workers: 8
[2026-01-16T08:35:08.877+0000][gc,init] Periodic GC: Disabled
[2026-01-16T08:35:12.192+0000][gc,metaspace] CDS archive(s) mapped at: [0x0000009000000000-0x0000009000bd0000-0x00000090036b0000), size 57344000, SharedBaseAddress: 0x0000009000000000, ArchiveRelocationMode: 1.
[2026-01-16T08:35:12.193+0000][gc,metaspace] Compressed class space mapped at: 0x0000009004000000-0x0000009044000000, reserved size: 1073741824
[2026-01-16T08:35:12.195+0000][gc,metaspace] Narrow klass base: 0x0000009000000000, Narrow klass shift: 0, Narrow klass range: 0x100000000
[2026-01-16T08:35:39.678+0000][gc,start    ] GC(0) Pause Young (Normal) (G1 Evacuation Pause)
[2026-01-16T08:35:39.709+0000][gc,task     ] GC(0) Using 8 workers of 8 for evacuation
[2026-01-16T08:35:40.486+0000][gc,mmu      ] GC(0) MMU target violated: 201.0ms (200.0ms/201.0ms)
[2026-01-16T08:35:40.487+0000][gc,phases   ] GC(0)   Pre Evacuate Collection Set: 41.2ms
[2026-01-16T08:35:40.487+0000][gc,phases   ] GC(0)   Merge Heap Roots: 0.3ms
[2026-01-16T08:35:40.487+0000][gc,phases   ] GC(0)   Evacuate Collection Set: 706.6ms
[2026-01-16T08:35:40.487+0000][gc,phases   ] GC(0)   Post Evacuate Collection Set: 27.5ms
[2026-01-16T08:35:40.488+0000][gc,phases   ] GC(0)   Other: 26.0ms
[2026-01-16T08:35:40.488+0000][gc,heap     ] GC(0) Eden regions: 51->0(44)
[2026-01-16T08:35:40.488+0000][gc,heap     ] GC(0) Survivor regions: 0->7(7)
[2026-01-16T08:35:40.488+0000][gc,heap     ] GC(0) Old regions: 1->4
[2026-01-16T08:35:40.489+0000][gc,heap     ] GC(0) Humongous regions: 4->4
[2026-01-16T08:35:40.489+0000][gc,metaspace] GC(0) Metaspace: 5987K(6336K)->5987K(6336K) NonClass: 5314K(5504K)->5314K(5504K) Class: 673K(832K)->673K(832K)
[2026-01-16T08:35:40.489+0000][gc          ] GC(0) Pause Young (Normal) (G1 Evacuation Pause) 55M->14M(1024M) 810.265ms
[2026-01-16T08:35:40.489+0000][gc,cpu      ] GC(0) User=0.47s Sys=0.19s Real=0.81s
[2026-01-16T08:35:52.478+0000][gc,start    ] GC(1) Pause Young (Normal) (G1 Evacuation Pause)
[2026-01-16T08:35:52.481+0000][gc,task     ] GC(1) Using 8 workers of 8 for evacuation
[2026-01-16T08:35:53.771+0000][gc,mmu      ] GC(1) MMU target violated: 201.0ms (200.0ms/201.0ms)
[2026-01-16T08:35:53.775+0000][gc,phases   ] GC(1)   Pre Evacuate Collection Set: 161.0ms
[2026-01-16T08:35:53.776+0000][gc,phases   ] GC(1)   Merge Heap Roots: 2.9ms
[2026-01-16T08:35:53.779+0000][gc,phases   ] GC(1)   Evacuate Collection Set: 1099.2ms
[2026-01-16T08:35:53.780+0000][gc,phases   ] GC(1)   Post Evacuate Collection Set: 24.8ms
[2026-01-16T08:35:53.782+0000][gc,phases   ] GC(1)   Other: 6.0ms
[2026-01-16T08:35:53.783+0000][gc,heap     ] GC(1) Eden regions: 44->0(47)
[2026-01-16T08:35:53.783+0000][gc,heap     ] GC(1) Survivor regions: 7->4(7)
[2026-01-16T08:35:53.784+0000][gc,heap     ] GC(1) Old regions: 4->11
[2026-01-16T08:35:53.784+0000][gc,heap     ] GC(1) Humongous regions: 4->4
[2026-01-16T08:35:53.786+0000][gc,metaspace] GC(1) Metaspace: 7399K(7680K)->7399K(7680K) NonClass: 6573K(6720K)->6573K(6720K) Class: 826K(960K)->826K(960K)
[2026-01-16T08:35:53.789+0000][gc          ] GC(1) Pause Young (Normal) (G1 Evacuation Pause) 58M->18M(1024M) 1311.446ms
[2026-01-16T08:35:53.794+0000][gc,cpu      ] GC(1) User=0.83s Sys=0.28s Real=1.32s
[2026-01-16T08:36:06.890+0000][gc,start    ] GC(2) Pause Young (Normal) (G1 Evacuation Pause)
[2026-01-16T08:36:06.925+0000][gc,task     ] GC(2) Using 8 workers of 8 for evacuation
[2026-01-16T08:36:07.649+0000][gc,mmu      ] GC(2) MMU target violated: 201.0ms (200.0ms/201.0ms)
[2026-01-16T08:36:07.717+0000][gc,phases   ] GC(2)   Pre Evacuate Collection Set: 49.3ms
[2026-01-16T08:36:07.717+0000][gc,phases   ] GC(2)   Merge Heap Roots: 0.4ms
[2026-01-16T08:36:07.720+0000][gc,phases   ] GC(2)   Evacuate Collection Set: 583.8ms
[2026-01-16T08:36:07.721+0000][gc,phases   ] GC(2)   Post Evacuate Collection Set: 72.9ms
[2026-01-16T08:36:07.722+0000][gc,phases   ] GC(2)   Other: 86.0ms
[2026-01-16T08:36:07.726+0000][gc,heap     ] GC(2) Eden regions: 47->0(44)
[2026-01-16T08:36:07.727+0000][gc,heap     ] GC(2) Survivor regions: 4->7(7)
[2026-01-16T08:36:07.727+0000][gc,heap     ] GC(2) Old regions: 11->11
[2026-01-16T08:36:07.728+0000][gc,heap     ] GC(2) Humongous regions: 4->4
[2026-01-16T08:36:07.728+0000][gc,metaspace] GC(2) Metaspace: 8175K(8448K)->8175K(8448K) NonClass: 7269K(7424K)->7269K(7424K) Class: 906K(1024K)->906K(1024K)
[2026-01-16T08:36:07.732+0000][gc          ] GC(2) Pause Young (Normal) (G1 Evacuation Pause) 65M->21M(1024M) 839.868ms
[2026-01-16T08:36:07.734+0000][gc,cpu      ] GC(2) User=0.36s Sys=0.05s Real=0.84s
[2026-01-16T08:36:13.311+0000][gc,start    ] GC(3) Pause Young (Normal) (G1 Evacuation Pause)
[2026-01-16T08:36:13.396+0000][gc,task     ] GC(3) Using 8 workers of 8 for evacuation
[2026-01-16T08:36:15.972+0000][gc,mmu      ] GC(3) MMU target violated: 201.0ms (200.0ms/201.0ms)
[2026-01-16T08:36:15.975+0000][gc,phases   ] GC(3)   Pre Evacuate Collection Set: 113.2ms
[2026-01-16T08:36:15.989+0000][gc,phases   ] GC(3)   Merge Heap Roots: 11.9ms
[2026-01-16T08:36:15.991+0000][gc,phases   ] GC(3)   Evacuate Collection Set: 2326.6ms
[2026-01-16T08:36:15.993+0000][gc,phases   ] GC(3)   Post Evacuate Collection Set: 119.8ms
[2026-01-16T08:36:15.993+0000][gc,phases   ] GC(3)   Other: 39.3ms
[2026-01-16T08:36:15.994+0000][gc,heap     ] GC(3) Eden regions: 44->0(48)
[2026-01-16T08:36:15.994+0000][gc,heap     ] GC(3) Survivor regions: 7->3(7)
[2026-01-16T08:36:15.997+0000][gc,heap     ] GC(3) Old regions: 11->18
[2026-01-16T08:36:15.998+0000][gc,heap     ] GC(3) Humongous regions: 4->4
[2026-01-16T08:36:15.999+0000][gc,metaspace] GC(3) Metaspace: 8522K(8832K)->8522K(8832K) NonClass: 7565K(7744K)->7565K(7744K) Class: 957K(1088K)->957K(1088K)
[2026-01-16T08:36:16.001+0000][gc          ] GC(3) Pause Young (Normal) (G1 Evacuation Pause) 65M->23M(1024M) 2689.520ms
[2026-01-16T08:36:16.006+0000][gc,cpu      ] GC(3) User=1.06s Sys=0.35s Real=2.69s
[2026-01-16T08:36:23.687+0000][gc,start    ] GC(4) Pause Young (Normal) (G1 Evacuation Pause)
[2026-01-16T08:36:23.692+0000][gc,task     ] GC(4) Using 8 workers of 8 for evacuation
[2026-01-16T08:36:24.310+0000][gc,mmu      ] GC(4) MMU target violated: 201.0ms (200.0ms/201.0ms)
[2026-01-16T08:36:24.310+0000][gc,phases   ] GC(4)   Pre Evacuate Collection Set: 74.3ms
[2026-01-16T08:36:24.310+0000][gc,phases   ] GC(4)   Merge Heap Roots: 3.5ms
[2026-01-16T08:36:24.311+0000][gc,phases   ] GC(4)   Evacuate Collection Set: 533.1ms
[2026-01-16T08:36:24.311+0000][gc,phases   ] GC(4)   Post Evacuate Collection Set: 4.8ms
[2026-01-16T08:36:24.311+0000][gc,phases   ] GC(4)   Other: 2.8ms
[2026-01-16T08:36:24.311+0000][gc,heap     ] GC(4) Eden regions: 48->0(48)
[2026-01-16T08:36:24.312+0000][gc,heap     ] GC(4) Survivor regions: 3->3(7)
[2026-01-16T08:36:24.312+0000][gc,heap     ] GC(4) Old regions: 18->18
[2026-01-16T08:36:24.312+0000][gc,heap     ] GC(4) Humongous regions: 6->6
[2026-01-16T08:36:24.314+0000][gc,metaspace] GC(4) Metaspace: 8624K(8960K)->8624K(8960K) NonClass: 7659K(7872K)->7659K(7872K) Class: 965K(1088K)->965K(1088K)
[2026-01-16T08:36:24.314+0000][gc          ] GC(4) Pause Young (Normal) (G1 Evacuation Pause) 73M->25M(1024M) 627.164ms
[2026-01-16T08:36:24.316+0000][gc,cpu      ] GC(4) User=0.34s Sys=0.02s Real=0.62s
[2026-01-16T08:36:32.139+0000][gc,start    ] GC(5) Pause Young (Normal) (G1 Evacuation Pause)
[2026-01-16T08:36:32.162+0000][gc,task     ] GC(5) Using 8 workers of 8 for evacuation
[2026-01-16T08:36:33.854+0000][gc,mmu      ] GC(5) MMU target violated: 201.0ms (200.0ms/201.0ms)
[2026-01-16T08:36:33.861+0000][gc,phases   ] GC(5)   Pre Evacuate Collection Set: 176.5ms
[2026-01-16T08:36:33.861+0000][gc,phases   ] GC(5)   Merge Heap Roots: 1.6ms
[2026-01-16T08:36:33.861+0000][gc,phases   ] GC(5)   Evacuate Collection Set: 1335.1ms
[2026-01-16T08:36:33.862+0000][gc,phases   ] GC(5)   Post Evacuate Collection Set: 156.8ms
[2026-01-16T08:36:33.862+0000][gc,phases   ] GC(5)   Other: 33.2ms
[2026-01-16T08:36:33.863+0000][gc,heap     ] GC(5) Eden regions: 48->0(47)
[2026-01-16T08:36:33.863+0000][gc,heap     ] GC(5) Survivor regions: 3->4(7)
[2026-01-16T08:36:33.863+0000][gc,heap     ] GC(5) Old regions: 18->18
[2026-01-16T08:36:33.863+0000][gc,heap     ] GC(5) Humongous regions: 8->8
[2026-01-16T08:36:33.863+0000][gc,metaspace] GC(5) Metaspace: 8806K(9088K)->8806K(9088K) NonClass: 7829K(8000K)->7829K(8000K) Class: 977K(1088K)->977K(1088K)
[2026-01-16T08:36:33.864+0000][gc          ] GC(5) Pause Young (Normal) (G1 Evacuation Pause) 75M->28M(1024M) 1727.506ms
[2026-01-16T08:36:33.867+0000][gc,cpu      ] GC(5) User=0.61s Sys=0.08s Real=1.73s
[2026-01-16T08:36:41.840+0000][gc,start    ] GC(6) Pause Young (Normal) (G1 Evacuation Pause)
[2026-01-16T08:36:41.898+0000][gc,task     ] GC(6) Using 8 workers of 8 for evacuation
[2026-01-16T08:36:42.540+0000][gc,mmu      ] GC(6) MMU target violated: 201.0ms (200.0ms/201.0ms)
[2026-01-16T08:36:42.542+0000][gc,phases   ] GC(6)   Pre Evacuate Collection Set: 55.6ms
[2026-01-16T08:36:42.551+0000][gc,phases   ] GC(6)   Merge Heap Roots: 2.7ms
[2026-01-16T08:36:42.553+0000][gc,phases   ] GC(6)   Evacuate Collection Set: 478.5ms
[2026-01-16T08:36:42.554+0000][gc,phases   ] GC(6)   Post Evacuate Collection Set: 85.3ms
[2026-01-16T08:36:42.555+0000][gc,phases   ] GC(6)   Other: 41.2ms
[2026-01-16T08:36:42.555+0000][gc,heap     ] GC(6) Eden regions: 47->0(46)
[2026-01-16T08:36:42.555+0000][gc,heap     ] GC(6) Survivor regions: 4->5(7)
[2026-01-16T08:36:42.557+0000][gc,heap     ] GC(6) Old regions: 18->18
[2026-01-16T08:36:42.559+0000][gc,heap     ] GC(6) Humongous regions: 10->10
[2026-01-16T08:36:42.563+0000][gc,metaspace] GC(6) Metaspace: 8939K(9216K)->8939K(9216K) NonClass: 7951K(8128K)->7951K(8128K) Class: 988K(1088K)->988K(1088K)
[2026-01-16T08:36:42.564+0000][gc          ] GC(6) Pause Young (Normal) (G1 Evacuation Pause) 77M->31M(1024M) 723.710ms
[2026-01-16T08:36:42.564+0000][gc,cpu      ] GC(6) User=0.30s Sys=0.03s Real=0.74s
[2026-01-16T08:36:54.415+0000][gc,start    ] GC(7) Pause Young (Normal) (G1 Evacuation Pause)
[2026-01-16T08:36:54.469+0000][gc,task     ] GC(7) Using 8 workers of 8 for evacuation
[2026-01-16T08:36:59.606+0000][gc,mmu      ] GC(7) MMU target violated: 201.0ms (200.0ms/201.0ms)
[2026-01-16T08:36:59.634+0000][gc,phases   ] GC(7)   Pre Evacuate Collection Set: 300.1ms
[2026-01-16T08:36:59.646+0000][gc,phases   ] GC(7)   Merge Heap Roots: 16.6ms
[2026-01-16T08:36:59.646+0000][gc,phases   ] GC(7)   Evacuate Collection Set: 4460.6ms
[2026-01-16T08:36:59.647+0000][gc,phases   ] GC(7)   Post Evacuate Collection Set: 349.7ms
[2026-01-16T08:36:59.649+0000][gc,phases   ] GC(7)   Other: 75.6ms
[2026-01-16T08:36:59.663+0000][gc,heap     ] GC(7) Eden regions: 46->0(47)
[2026-01-16T08:36:59.664+0000][gc,heap     ] GC(7) Survivor regions: 5->4(7)
[2026-01-16T08:36:59.665+0000][gc,heap     ] GC(7) Old regions: 18->19
[2026-01-16T08:36:59.666+0000][gc,heap     ] GC(7) Humongous regions: 12->12
[2026-01-16T08:36:59.667+0000][gc,metaspace] GC(7) Metaspace: 9028K(9344K)->9028K(9344K) NonClass: 8035K(8192K)->8035K(8192K) Class: 993K(1152K)->993K(1152K)
[2026-01-16T08:36:59.694+0000][gc          ] GC(7) Pause Young (Normal) (G1 Evacuation Pause) 79M->34M(1024M) 5278.842ms
[2026-01-16T08:36:59.709+0000][gc,cpu      ] GC(7) User=1.63s Sys=0.23s Real=5.28s
[2026-01-16T08:37:22.095+0000][gc,start    ] GC(8) Pause Young (Normal) (G1 Evacuation Pause)
[2026-01-16T08:37:22.102+0000][gc,task     ] GC(8) Using 8 workers of 8 for evacuation
[2026-01-16T08:37:24.961+0000][gc,mmu      ] GC(8) MMU target violated: 201.0ms (200.0ms/201.0ms)
[2026-01-16T08:37:24.963+0000][gc,phases   ] GC(8)   Pre Evacuate Collection Set: 478.5ms
[2026-01-16T08:37:24.964+0000][gc,phases   ] GC(8)   Merge Heap Roots: 108.8ms
[2026-01-16T08:37:24.965+0000][gc,phases   ] GC(8)   Evacuate Collection Set: 2017.9ms
[2026-01-16T08:37:24.968+0000][gc,phases   ] GC(8)   Post Evacuate Collection Set: 177.7ms
[2026-01-16T08:37:24.969+0000][gc,phases   ] GC(8)   Other: 78.5ms
[2026-01-16T08:37:24.969+0000][gc,heap     ] GC(8) Eden regions: 47->0(46)
[2026-01-16T08:37:24.971+0000][gc,heap     ] GC(8) Survivor regions: 4->5(7)
[2026-01-16T08:37:24.972+0000][gc,heap     ] GC(8) Old regions: 19->19
[2026-01-16T08:37:24.975+0000][gc,heap     ] GC(8) Humongous regions: 18->18
[2026-01-16T08:37:24.978+0000][gc,metaspace] GC(8) Metaspace: 9088K(9408K)->9088K(9408K) NonClass: 8085K(8256K)->8085K(8256K) Class: 1003K(1152K)->1003K(1152K)
[2026-01-16T08:37:24.981+0000][gc          ] GC(8) Pause Young (Normal) (G1 Evacuation Pause) 87M->41M(1024M) 2885.832ms
[2026-01-16T08:37:24.983+0000][gc,cpu      ] GC(8) User=1.30s Sys=0.24s Real=2.88s
[2026-01-16T08:37:44.042+0000][gc,start    ] GC(9) Pause Young (Normal) (G1 Evacuation Pause)
[2026-01-16T08:37:44.067+0000][gc,task     ] GC(9) Using 8 workers of 8 for evacuation
[2026-01-16T08:37:44.930+0000][gc,mmu      ] GC(9) MMU target violated: 201.0ms (200.0ms/201.0ms)
[2026-01-16T08:37:44.935+0000][gc,phases   ] GC(9)   Pre Evacuate Collection Set: 126.0ms
[2026-01-16T08:37:44.935+0000][gc,phases   ] GC(9)   Merge Heap Roots: 25.0ms
[2026-01-16T08:37:44.935+0000][gc,phases   ] GC(9)   Evacuate Collection Set: 650.7ms
[2026-01-16T08:37:44.935+0000][gc,phases   ] GC(9)   Post Evacuate Collection Set: 38.9ms
[2026-01-16T08:37:44.935+0000][gc,phases   ] GC(9)   Other: 27.3ms
[2026-01-16T08:37:44.935+0000][gc,heap     ] GC(9) Eden regions: 46->0(47)
[2026-01-16T08:37:44.938+0000][gc,heap     ] GC(9) Survivor regions: 5->4(7)
[2026-01-16T08:37:44.938+0000][gc,heap     ] GC(9) Old regions: 19->21
[2026-01-16T08:37:44.938+0000][gc,heap     ] GC(9) Humongous regions: 20->20
[2026-01-16T08:37:44.938+0000][gc,metaspace] GC(9) Metaspace: 9117K(9408K)->9117K(9408K) NonClass: 8113K(8256K)->8113K(8256K) Class: 1003K(1152K)->1003K(1152K)
[2026-01-16T08:37:44.938+0000][gc          ] GC(9) Pause Young (Normal) (G1 Evacuation Pause) 89M->44M(1024M) 896.809ms
[2026-01-16T08:37:44.940+0000][gc,cpu      ] GC(9) User=0.57s Sys=0.08s Real=0.90s
[2026-01-16T08:37:54.740+0000][gc,start    ] GC(10) Pause Young (Normal) (G1 Evacuation Pause)
[2026-01-16T08:37:54.791+0000][gc,task     ] GC(10) Using 8 workers of 8 for evacuation
[2026-01-16T08:37:55.827+0000][gc,mmu      ] GC(10) MMU target violated: 201.0ms (200.0ms/201.0ms)
[2026-01-16T08:37:55.828+0000][gc,phases   ] GC(10)   Pre Evacuate Collection Set: 89.4ms
[2026-01-16T08:37:55.830+0000][gc,phases   ] GC(10)   Merge Heap Roots: 14.3ms
[2026-01-16T08:37:55.831+0000][gc,phases   ] GC(10)   Evacuate Collection Set: 904.7ms
[2026-01-16T08:37:55.831+0000][gc,phases   ] GC(10)   Post Evacuate Collection Set: 9.1ms
[2026-01-16T08:37:55.832+0000][gc,phases   ] GC(10)   Other: 20.3ms
[2026-01-16T08:37:55.835+0000][gc,heap     ] GC(10) Eden regions: 47->0(46)
[2026-01-16T08:37:55.840+0000][gc,heap     ] GC(10) Survivor regions: 4->5(7)
[2026-01-16T08:37:55.843+0000][gc,heap     ] GC(10) Old regions: 21->21
[2026-01-16T08:37:55.852+0000][gc,heap     ] GC(10) Humongous regions: 20->20
[2026-01-16T08:37:55.854+0000][gc,metaspace] GC(10) Metaspace: 9131K(9472K)->9131K(9472K) NonClass: 8127K(8320K)->8127K(8320K) Class: 1004K(1152K)->1004K(1152K)
[2026-01-16T08:37:55.854+0000][gc          ] GC(10) Pause Young (Normal) (G1 Evacuation Pause) 91M->44M(1024M) 1114.295ms
[2026-01-16T08:37:55.856+0000][gc,cpu      ] GC(10) User=0.48s Sys=0.04s Real=1.12s
[2026-01-16T08:37:59.642+0000][gc,start    ] GC(11) Pause Young (Normal) (G1 Evacuation Pause)
[2026-01-16T08:37:59.646+0000][gc,task     ] GC(11) Using 8 workers of 8 for evacuation
[2026-01-16T08:38:00.439+0000][gc,mmu      ] GC(11) MMU target violated: 201.0ms (200.0ms/201.0ms)
[2026-01-16T08:38:00.443+0000][gc,phases   ] GC(11)   Pre Evacuate Collection Set: 33.1ms
[2026-01-16T08:38:00.456+0000][gc,phases   ] GC(11)   Merge Heap Roots: 3.5ms
[2026-01-16T08:38:00.459+0000][gc,phases   ] GC(11)   Evacuate Collection Set: 713.4ms
[2026-01-16T08:38:00.462+0000][gc,phases   ] GC(11)   Post Evacuate Collection Set: 30.1ms
[2026-01-16T08:38:00.466+0000][gc,phases   ] GC(11)   Other: 16.7ms
[2026-01-16T08:38:00.528+0000][gc,heap     ] GC(11) Eden regions: 46->0(46)
[2026-01-16T08:38:00.536+0000][gc,heap     ] GC(11) Survivor regions: 5->5(7)
[2026-01-16T08:38:00.536+0000][gc,heap     ] GC(11) Old regions: 21->22
[2026-01-16T08:38:00.536+0000][gc,heap     ] GC(11) Humongous regions: 20->20
[2026-01-16T08:38:00.536+0000][gc,metaspace] GC(11) Metaspace: 9147K(9472K)->9147K(9472K) NonClass: 8143K(8320K)->8143K(8320K) Class: 1004K(1152K)->1004K(1152K)
[2026-01-16T08:38:00.548+0000][gc          ] GC(11) Pause Young (Normal) (G1 Evacuation Pause) 90M->45M(1024M) 906.123ms
[2026-01-16T08:38:00.555+0000][gc,cpu      ] GC(11) User=0.56s Sys=0.08s Real=0.91s
[2026-01-16T08:38:06.464+0000][gc,start    ] GC(12) Pause Young (Normal) (G1 Evacuation Pause)
[2026-01-16T08:38:06.529+0000][gc,task     ] GC(12) Using 8 workers of 8 for evacuation
[2026-01-16T08:38:07.438+0000][gc,mmu      ] GC(12) MMU target violated: 201.0ms (200.0ms/201.0ms)
[2026-01-16T08:38:07.447+0000][gc,phases   ] GC(12)   Pre Evacuate Collection Set: 66.3ms
[2026-01-16T08:38:07.450+0000][gc,phases   ] GC(12)   Merge Heap Roots: 9.9ms
[2026-01-16T08:38:07.453+0000][gc,phases   ] GC(12)   Evacuate Collection Set: 810.8ms
[2026-01-16T08:38:07.461+0000][gc,phases   ] GC(12)   Post Evacuate Collection Set: 16.5ms
[2026-01-16T08:38:07.461+0000][gc,phases   ] GC(12)   Other: 19.9ms
[2026-01-16T08:38:07.461+0000][gc,heap     ] GC(12) Eden regions: 46->0(46)
[2026-01-16T08:38:07.461+0000][gc,heap     ] GC(12) Survivor regions: 5->5(7)
[2026-01-16T08:38:07.461+0000][gc,heap     ] GC(12) Old regions: 22->23
[2026-01-16T08:38:07.461+0000][gc,heap     ] GC(12) Humongous regions: 20->20
[2026-01-16T08:38:07.461+0000][gc,metaspace] GC(12) Metaspace: 9193K(9472K)->9193K(9472K) NonClass: 8175K(8320K)->8175K(8320K) Class: 1018K(1152K)->1018K(1152K)
[2026-01-16T08:38:07.466+0000][gc          ] GC(12) Pause Young (Normal) (G1 Evacuation Pause) 91M->46M(1024M) 1001.993ms
[2026-01-16T08:38:07.470+0000][gc,cpu      ] GC(12) User=0.47s Sys=0.06s Real=1.01s
[2026-01-16T08:38:14.580+0000][gc,start    ] GC(13) Pause Young (Normal) (G1 Evacuation Pause)
[2026-01-16T08:38:14.614+0000][gc,task     ] GC(13) Using 8 workers of 8 for evacuation
[2026-01-16T08:38:17.008+0000][gc,mmu      ] GC(13) MMU target violated: 201.0ms (200.0ms/201.0ms)
[2026-01-16T08:38:17.012+0000][gc,phases   ] GC(13)   Pre Evacuate Collection Set: 185.6ms
[2026-01-16T08:38:17.014+0000][gc,phases   ] GC(13)   Merge Heap Roots: 13.8ms
[2026-01-16T08:38:17.018+0000][gc,phases   ] GC(13)   Evacuate Collection Set: 1949.8ms
[2026-01-16T08:38:17.018+0000][gc,phases   ] GC(13)   Post Evacuate Collection Set: 230.1ms
[2026-01-16T08:38:17.018+0000][gc,phases   ] GC(13)   Other: 18.0ms
[2026-01-16T08:38:17.020+0000][gc,heap     ] GC(13) Eden regions: 46->0(47)
[2026-01-16T08:38:17.021+0000][gc,heap     ] GC(13) Survivor regions: 5->4(7)
[2026-01-16T08:38:17.021+0000][gc,heap     ] GC(13) Old regions: 23->24
[2026-01-16T08:38:17.024+0000][gc,heap     ] GC(13) Humongous regions: 20->20
[2026-01-16T08:38:17.025+0000][gc,metaspace] GC(13) Metaspace: 9215K(9472K)->9215K(9472K) NonClass: 8195K(8320K)->8195K(8320K) Class: 1019K(1152K)->1019K(1152K)
[2026-01-16T08:38:17.031+0000][gc          ] GC(13) Pause Young (Normal) (G1 Evacuation Pause) 92M->47M(1024M) 2447.132ms
[2026-01-16T08:38:17.042+0000][gc,cpu      ] GC(13) User=0.70s Sys=0.13s Real=2.47s
[2026-01-16T08:38:30.486+0000][gc,start    ] GC(14) Pause Young (Normal) (G1 Evacuation Pause)
[2026-01-16T08:38:30.506+0000][gc,task     ] GC(14) Using 8 workers of 8 for evacuation
[2026-01-16T08:38:34.730+0000][gc,mmu      ] GC(14) MMU target violated: 201.0ms (200.0ms/201.0ms)
[2026-01-16T08:38:34.787+0000][gc,phases   ] GC(14)   Pre Evacuate Collection Set: 98.5ms
[2026-01-16T08:38:34.796+0000][gc,phases   ] GC(14)   Merge Heap Roots: 24.4ms
[2026-01-16T08:38:34.800+0000][gc,phases   ] GC(14)   Evacuate Collection Set: 3209.5ms
[2026-01-16T08:38:34.805+0000][gc,phases   ] GC(14)   Post Evacuate Collection Set: 869.2ms
[2026-01-16T08:38:34.824+0000][gc,phases   ] GC(14)   Other: 79.3ms
[2026-01-16T08:38:34.833+0000][gc,heap     ] GC(14) Eden regions: 47->0(47)
[2026-01-16T08:38:34.852+0000][gc,heap     ] GC(14) Survivor regions: 4->4(7)
[2026-01-16T08:38:34.854+0000][gc,heap     ] GC(14) Old regions: 24->25
[2026-01-16T08:38:34.886+0000][gc,heap     ] GC(14) Humongous regions: 20->20
[2026-01-16T08:38:34.889+0000][gc,metaspace] GC(14) Metaspace: 9231K(9536K)->9231K(9536K) NonClass: 8209K(8384K)->8209K(8384K) Class: 1022K(1152K)->1022K(1152K)
[2026-01-16T08:38:34.950+0000][gc          ] GC(14) Pause Young (Normal) (G1 Evacuation Pause) 94M->48M(1024M) 4448.997ms
[2026-01-16T08:38:34.958+0000][gc,cpu      ] GC(14) User=1.77s Sys=0.32s Real=4.48s
[2026-01-16T08:38:47.852+0000][gc,start    ] GC(15) Pause Young (Normal) (G1 Evacuation Pause)
[2026-01-16T08:38:47.868+0000][gc,task     ] GC(15) Using 8 workers of 8 for evacuation
[2026-01-16T08:38:49.242+0000][gc,mmu      ] GC(15) MMU target violated: 201.0ms (200.0ms/201.0ms)
[2026-01-16T08:38:49.250+0000][gc,phases   ] GC(15)   Pre Evacuate Collection Set: 54.6ms
[2026-01-16T08:38:49.254+0000][gc,phases   ] GC(15)   Merge Heap Roots: 1.8ms
[2026-01-16T08:38:49.254+0000][gc,phases   ] GC(15)   Evacuate Collection Set: 1260.2ms
[2026-01-16T08:38:49.254+0000][gc,phases   ] GC(15)   Post Evacuate Collection Set: 53.8ms
[2026-01-16T08:38:49.260+0000][gc,phases   ] GC(15)   Other: 23.4ms
[2026-01-16T08:38:49.276+0000][gc,heap     ] GC(15) Eden regions: 47->0(47)
[2026-01-16T08:38:49.277+0000][gc,heap     ] GC(15) Survivor regions: 4->4(7)
[2026-01-16T08:38:49.279+0000][gc,heap     ] GC(15) Old regions: 25->25
[2026-01-16T08:38:49.282+0000][gc,heap     ] GC(15) Humongous regions: 20->20
[2026-01-16T08:38:49.286+0000][gc,metaspace] GC(15) Metaspace: 9280K(9536K)->9280K(9536K) NonClass: 8251K(8384K)->8251K(8384K) Class: 1028K(1152K)->1028K(1152K)
[2026-01-16T08:38:49.289+0000][gc          ] GC(15) Pause Young (Normal) (G1 Evacuation Pause) 95M->48M(1024M) 1437.063ms
[2026-01-16T08:38:49.289+0000][gc,cpu      ] GC(15) User=0.62s Sys=0.11s Real=1.44s
[2026-01-16T08:38:56.221+0000][gc,start    ] GC(16) Pause Young (Normal) (G1 Evacuation Pause)
[2026-01-16T08:38:56.226+0000][gc,task     ] GC(16) Using 8 workers of 8 for evacuation
[2026-01-16T08:38:57.340+0000][gc,mmu      ] GC(16) MMU target violated: 201.0ms (200.0ms/201.0ms)
[2026-01-16T08:38:57.341+0000][gc,phases   ] GC(16)   Pre Evacuate Collection Set: 151.6ms
[2026-01-16T08:38:57.347+0000][gc,phases   ] GC(16)   Merge Heap Roots: 51.2ms
[2026-01-16T08:38:57.359+0000][gc,phases   ] GC(16)   Evacuate Collection Set: 800.0ms
[2026-01-16T08:38:57.360+0000][gc,phases   ] GC(16)   Post Evacuate Collection Set: 44.0ms
[2026-01-16T08:38:57.360+0000][gc,phases   ] GC(16)   Other: 68.8ms
[2026-01-16T08:38:57.360+0000][gc,heap     ] GC(16) Eden regions: 47->0(46)
[2026-01-16T08:38:57.368+0000][gc,heap     ] GC(16) Survivor regions: 4->5(7)
[2026-01-16T08:38:57.373+0000][gc,heap     ] GC(16) Old regions: 25->26
[2026-01-16T08:38:57.374+0000][gc,heap     ] GC(16) Humongous regions: 20->20
[2026-01-16T08:38:57.389+0000][gc,metaspace] GC(16) Metaspace: 9321K(9600K)->9321K(9600K) NonClass: 8289K(8448K)->8289K(8448K) Class: 1032K(1152K)->1032K(1152K)
[2026-01-16T08:38:57.398+0000][gc          ] GC(16) Pause Young (Normal) (G1 Evacuation Pause) 95M->49M(1024M) 1176.474ms
[2026-01-16T08:38:57.403+0000][gc,cpu      ] GC(16) User=0.49s Sys=0.07s Real=1.25s
[2026-01-16T08:39:06.145+0000][gc,start    ] GC(17) Pause Young (Normal) (G1 Evacuation Pause)
[2026-01-16T08:39:06.161+0000][gc,task     ] GC(17) Using 8 workers of 8 for evacuation
[2026-01-16T08:39:07.965+0000][gc,mmu      ] GC(17) MMU target violated: 201.0ms (200.0ms/201.0ms)
[2026-01-16T08:39:07.976+0000][gc,phases   ] GC(17)   Pre Evacuate Collection Set: 66.2ms
[2026-01-16T08:39:07.977+0000][gc,phases   ] GC(17)   Merge Heap Roots: 26.8ms
[2026-01-16T08:39:07.977+0000][gc,phases   ] GC(17)   Evacuate Collection Set: 1532.8ms
[2026-01-16T08:39:07.977+0000][gc,phases   ] GC(17)   Post Evacuate Collection Set: 149.2ms
[2026-01-16T08:39:07.978+0000][gc,phases   ] GC(17)   Other: 15.8ms
[2026-01-16T08:39:07.978+0000][gc,heap     ] GC(17) Eden regions: 46->0(47)
[2026-01-16T08:39:07.979+0000][gc,heap     ] GC(17) Survivor regions: 5->4(7)
[2026-01-16T08:39:07.979+0000][gc,heap     ] GC(17) Old regions: 26->27
[2026-01-16T08:39:07.994+0000][gc,heap     ] GC(17) Humongous regions: 20->20
[2026-01-16T08:39:07.995+0000][gc,metaspace] GC(17) Metaspace: 9337K(9600K)->9337K(9600K) NonClass: 8301K(8448K)->8301K(8448K) Class: 1036K(1152K)->1036K(1152K)
[2026-01-16T08:39:07.997+0000][gc          ] GC(17) Pause Young (Normal) (G1 Evacuation Pause) 95M->50M(1024M) 1827.396ms
[2026-01-16T08:39:08.007+0000][gc,cpu      ] GC(17) User=0.70s Sys=0.11s Real=1.85s
[2026-01-16T08:39:10.520+0000][gc,start    ] GC(18) Pause Young (Normal) (G1 Evacuation Pause)
[2026-01-16T08:39:10.522+0000][gc,task     ] GC(18) Using 8 workers of 8 for evacuation
[2026-01-16T08:39:10.967+0000][gc,mmu      ] GC(18) MMU target violated: 201.0ms (200.0ms/201.0ms)
[2026-01-16T08:39:10.982+0000][gc,phases   ] GC(18)   Pre Evacuate Collection Set: 29.6ms
[2026-01-16T08:39:10.983+0000][gc,phases   ] GC(18)   Merge Heap Roots: 5.9ms
[2026-01-16T08:39:10.983+0000][gc,phases   ] GC(18)   Evacuate Collection Set: 401.1ms
[2026-01-16T08:39:10.984+0000][gc,phases   ] GC(18)   Post Evacuate Collection Set: 6.5ms
[2026-01-16T08:39:10.984+0000][gc,phases   ] GC(18)   Other: 16.9ms
[2026-01-16T08:39:10.985+0000][gc,heap     ] GC(18) Eden regions: 47->0(46)
[2026-01-16T08:39:10.987+0000][gc,heap     ] GC(18) Survivor regions: 4->5(7)
[2026-01-16T08:39:10.987+0000][gc,heap     ] GC(18) Old regions: 27->27
[2026-01-16T08:39:10.993+0000][gc,heap     ] GC(18) Humongous regions: 20->20
[2026-01-16T08:39:10.993+0000][gc,metaspace] GC(18) Metaspace: 9350K(9664K)->9350K(9664K) NonClass: 8312K(8512K)->8312K(8512K) Class: 1037K(1152K)->1037K(1152K)
[2026-01-16T08:39:10.994+0000][gc          ] GC(18) Pause Young (Normal) (G1 Evacuation Pause) 97M->51M(1024M) 474.605ms
[2026-01-16T08:39:10.994+0000][gc,cpu      ] GC(18) User=0.24s Sys=0.00s Real=0.47s
[2026-01-16T08:39:15.591+0000][gc,start    ] GC(19) Pause Young (Normal) (G1 Evacuation Pause)
[2026-01-16T08:39:15.626+0000][gc,task     ] GC(19) Using 8 workers of 8 for evacuation
[2026-01-16T08:39:16.368+0000][gc,mmu      ] GC(19) MMU target violated: 201.0ms (200.0ms/201.0ms)
[2026-01-16T08:39:16.370+0000][gc,phases   ] GC(19)   Pre Evacuate Collection Set: 53.0ms
[2026-01-16T08:39:16.372+0000][gc,phases   ] GC(19)   Merge Heap Roots: 10.9ms
[2026-01-16T08:39:16.374+0000][gc,phases   ] GC(19)   Evacuate Collection Set: 643.6ms
[2026-01-16T08:39:16.376+0000][gc,phases   ] GC(19)   Post Evacuate Collection Set: 31.4ms
[2026-01-16T08:39:16.377+0000][gc,phases   ] GC(19)   Other: 32.7ms
[2026-01-16T08:39:16.378+0000][gc,heap     ] GC(19) Eden regions: 46->0(47)
[2026-01-16T08:39:16.379+0000][gc,heap     ] GC(19) Survivor regions: 5->4(7)
[2026-01-16T08:39:16.381+0000][gc,heap     ] GC(19) Old regions: 27->28
[2026-01-16T08:39:16.386+0000][gc,heap     ] GC(19) Humongous regions: 20->20
[2026-01-16T08:39:16.390+0000][gc,metaspace] GC(19) Metaspace: 9360K(9664K)->9360K(9664K) NonClass: 8320K(8512K)->8320K(8512K) Class: 1040K(1152K)->1040K(1152K)
[2026-01-16T08:39:16.398+0000][gc          ] GC(19) Pause Young (Normal) (G1 Evacuation Pause) 97M->51M(1024M) 807.883ms
[2026-01-16T08:39:16.403+0000][gc,cpu      ] GC(19) User=0.46s Sys=0.07s Real=0.81s
[2026-01-16T08:39:28.657+0000][gc,start    ] GC(20) Pause Young (Normal) (G1 Evacuation Pause)
[2026-01-16T08:39:28.666+0000][gc,task     ] GC(20) Using 8 workers of 8 for evacuation
[2026-01-16T08:39:30.035+0000][gc,mmu      ] GC(20) MMU target violated: 201.0ms (200.0ms/201.0ms)
[2026-01-16T08:39:30.039+0000][gc,phases   ] GC(20)   Pre Evacuate Collection Set: 82.1ms
[2026-01-16T08:39:30.040+0000][gc,phases   ] GC(20)   Merge Heap Roots: 11.6ms
[2026-01-16T08:39:30.040+0000][gc,phases   ] GC(20)   Evacuate Collection Set: 1214.4ms
[2026-01-16T08:39:30.043+0000][gc,phases   ] GC(20)   Post Evacuate Collection Set: 59.6ms
[2026-01-16T08:39:30.045+0000][gc,phases   ] GC(20)   Other: 5.9ms
[2026-01-16T08:39:30.046+0000][gc,heap     ] GC(20) Eden regions: 47->0(46)
[2026-01-16T08:39:30.046+0000][gc,heap     ] GC(20) Survivor regions: 4->5(7)
[2026-01-16T08:39:30.046+0000][gc,heap     ] GC(20) Old regions: 28->28
[2026-01-16T08:39:30.046+0000][gc,heap     ] GC(20) Humongous regions: 20->20
[2026-01-16T08:39:30.046+0000][gc,metaspace] GC(20) Metaspace: 9394K(9792K)->9394K(9792K) NonClass: 8343K(8576K)->8343K(8576K) Class: 1051K(1216K)->1051K(1216K)
[2026-01-16T08:39:30.046+0000][gc          ] GC(20) Pause Young (Normal) (G1 Evacuation Pause) 98M->52M(1024M) 1389.676ms
[2026-01-16T08:39:30.046+0000][gc,cpu      ] GC(20) User=0.81s Sys=0.05s Real=1.39s
[2026-01-16T08:39:36.405+0000][gc,start    ] GC(21) Pause Young (Normal) (G1 Evacuation Pause)
[2026-01-16T08:39:36.413+0000][gc,task     ] GC(21) Using 8 workers of 8 for evacuation
[2026-01-16T08:39:36.890+0000][gc,mmu      ] GC(21) MMU target violated: 201.0ms (200.0ms/201.0ms)
[2026-01-16T08:39:36.895+0000][gc,phases   ] GC(21)   Pre Evacuate Collection Set: 54.0ms
[2026-01-16T08:39:36.899+0000][gc,phases   ] GC(21)   Merge Heap Roots: 7.5ms
[2026-01-16T08:39:36.901+0000][gc,phases   ] GC(21)   Evacuate Collection Set: 395.6ms
[2026-01-16T08:39:36.902+0000][gc,phases   ] GC(21)   Post Evacuate Collection Set: 17.0ms
[2026-01-16T08:39:36.903+0000][gc,phases   ] GC(21)   Other: 8.0ms
[2026-01-16T08:39:36.907+0000][gc,heap     ] GC(21) Eden regions: 46->0(47)
[2026-01-16T08:39:36.918+0000][gc,heap     ] GC(21) Survivor regions: 5->4(7)
[2026-01-16T08:39:36.920+0000][gc,heap     ] GC(21) Old regions: 28->30
[2026-01-16T08:39:36.921+0000][gc,heap     ] GC(21) Humongous regions: 20->20
[2026-01-16T08:39:36.923+0000][gc,metaspace] GC(21) Metaspace: 9427K(9792K)->9427K(9792K) NonClass: 8368K(8576K)->8368K(8576K) Class: 1059K(1216K)->1059K(1216K)
[2026-01-16T08:39:36.924+0000][gc          ] GC(21) Pause Young (Normal) (G1 Evacuation Pause) 98M->53M(1024M) 509.520ms
[2026-01-16T08:39:36.925+0000][gc,cpu      ] GC(21) User=0.29s Sys=0.05s Real=0.51s
[2026-01-16T08:39:50.670+0000][gc,start    ] GC(22) Pause Young (Normal) (G1 Evacuation Pause)
[2026-01-16T08:39:50.697+0000][gc,task     ] GC(22) Using 8 workers of 8 for evacuation
[2026-01-16T08:39:51.838+0000][gc,mmu      ] GC(22) MMU target violated: 201.0ms (200.0ms/201.0ms)
[2026-01-16T08:39:51.841+0000][gc,phases   ] GC(22)   Pre Evacuate Collection Set: 183.5ms
[2026-01-16T08:39:51.843+0000][gc,phases   ] GC(22)   Merge Heap Roots: 10.1ms
[2026-01-16T08:39:51.850+0000][gc,phases   ] GC(22)   Evacuate Collection Set: 915.6ms
[2026-01-16T08:39:51.855+0000][gc,phases   ] GC(22)   Post Evacuate Collection Set: 26.2ms
[2026-01-16T08:39:51.856+0000][gc,phases   ] GC(22)   Other: 27.6ms
[2026-01-16T08:39:51.857+0000][gc,heap     ] GC(22) Eden regions: 47->0(45)
[2026-01-16T08:39:51.861+0000][gc,heap     ] GC(22) Survivor regions: 4->6(7)
[2026-01-16T08:39:51.863+0000][gc,heap     ] GC(22) Old regions: 30->30
[2026-01-16T08:39:51.863+0000][gc,heap     ] GC(22) Humongous regions: 149->149
[2026-01-16T08:39:51.872+0000][gc,metaspace] GC(22) Metaspace: 9447K(9792K)->9447K(9792K) NonClass: 8383K(8576K)->8383K(8576K) Class: 1064K(1216K)->1064K(1216K)
[2026-01-16T08:39:51.876+0000][gc          ] GC(22) Pause Young (Normal) (G1 Evacuation Pause) 229M->183M(1024M) 1206.008ms
[2026-01-16T08:39:51.877+0000][gc,cpu      ] GC(22) User=0.41s Sys=0.04s Real=1.21s
[2026-01-16T08:39:53.712+0000][gc,start    ] GC(23) Pause Young (Normal) (G1 Evacuation Pause)
[2026-01-16T08:39:53.715+0000][gc,task     ] GC(23) Using 8 workers of 8 for evacuation
[2026-01-16T08:39:54.119+0000][gc,mmu      ] GC(23) MMU target violated: 201.0ms (200.0ms/201.0ms)
[2026-01-16T08:39:54.121+0000][gc,phases   ] GC(23)   Pre Evacuate Collection Set: 9.5ms
[2026-01-16T08:39:54.123+0000][gc,phases   ] GC(23)   Merge Heap Roots: 12.8ms
[2026-01-16T08:39:54.124+0000][gc,phases   ] GC(23)   Evacuate Collection Set: 373.7ms
[2026-01-16T08:39:54.126+0000][gc,phases   ] GC(23)   Post Evacuate Collection Set: 0.9ms
[2026-01-16T08:39:54.129+0000][gc,phases   ] GC(23)   Other: 9.3ms
[2026-01-16T08:39:54.131+0000][gc,heap     ] GC(23) Eden regions: 45->0(46)
[2026-01-16T08:39:54.132+0000][gc,heap     ] GC(23) Survivor regions: 6->5(7)
[2026-01-16T08:39:54.133+0000][gc,heap     ] GC(23) Old regions: 30->31
[2026-01-16T08:39:54.148+0000][gc,heap     ] GC(23) Humongous regions: 149->149
[2026-01-16T08:39:54.149+0000][gc,metaspace] GC(23) Metaspace: 9493K(9792K)->9493K(9792K) NonClass: 8417K(8576K)->8417K(8576K) Class: 1076K(1216K)->1076K(1216K)
[2026-01-16T08:39:54.151+0000][gc          ] GC(23) Pause Young (Normal) (G1 Evacuation Pause) 228M->184M(1024M) 438.883ms
[2026-01-16T08:39:54.152+0000][gc,cpu      ] GC(23) User=0.20s Sys=0.06s Real=0.44s
[2026-01-16T08:39:57.978+0000][gc,start    ] GC(24) Pause Young (Normal) (G1 Evacuation Pause)
[2026-01-16T08:39:57.980+0000][gc,task     ] GC(24) Using 8 workers of 8 for evacuation
[2026-01-16T08:39:59.728+0000][gc,mmu      ] GC(24) MMU target violated: 201.0ms (200.0ms/201.0ms)
[2026-01-16T08:39:59.732+0000][gc,phases   ] GC(24)   Pre Evacuate Collection Set: 171.6ms
[2026-01-16T08:39:59.733+0000][gc,phases   ] GC(24)   Merge Heap Roots: 14.0ms
[2026-01-16T08:39:59.733+0000][gc,phases   ] GC(24)   Evacuate Collection Set: 1496.0ms
[2026-01-16T08:39:59.734+0000][gc,phases   ] GC(24)   Post Evacuate Collection Set: 63.0ms
[2026-01-16T08:39:59.734+0000][gc,phases   ] GC(24)   Other: 7.5ms
[2026-01-16T08:39:59.735+0000][gc,heap     ] GC(24) Eden regions: 46->0(46)
[2026-01-16T08:39:59.739+0000][gc,heap     ] GC(24) Survivor regions: 5->5(7)
[2026-01-16T08:39:59.740+0000][gc,heap     ] GC(24) Old regions: 31->32
[2026-01-16T08:39:59.740+0000][gc,heap     ] GC(24) Humongous regions: 149->149
[2026-01-16T08:39:59.740+0000][gc,metaspace] GC(24) Metaspace: 9522K(9856K)->9522K(9856K) NonClass: 8438K(8640K)->8438K(8640K) Class: 1084K(1216K)->1084K(1216K)
[2026-01-16T08:39:59.741+0000][gc          ] GC(24) Pause Young (Normal) (G1 Evacuation Pause) 230M->184M(1024M) 1762.214ms
[2026-01-16T08:39:59.741+0000][gc,cpu      ] GC(24) User=0.65s Sys=0.08s Real=1.77s
[2026-01-16T08:40:05.368+0000][gc,start    ] GC(25) Pause Young (Normal) (G1 Evacuation Pause)
[2026-01-16T08:40:05.371+0000][gc,task     ] GC(25) Using 8 workers of 8 for evacuation
[2026-01-16T08:40:06.304+0000][gc,mmu      ] GC(25) MMU target violated: 201.0ms (200.0ms/201.0ms)
[2026-01-16T08:40:06.307+0000][gc,phases   ] GC(25)   Pre Evacuate Collection Set: 70.9ms
[2026-01-16T08:40:06.310+0000][gc,phases   ] GC(25)   Merge Heap Roots: 12.0ms
[2026-01-16T08:40:06.312+0000][gc,phases   ] GC(25)   Evacuate Collection Set: 799.8ms
[2026-01-16T08:40:06.313+0000][gc,phases   ] GC(25)   Post Evacuate Collection Set: 46.7ms
[2026-01-16T08:40:06.315+0000][gc,phases   ] GC(25)   Other: 7.3ms
[2026-01-16T08:40:06.321+0000][gc,heap     ] GC(25) Eden regions: 46->0(46)
[2026-01-16T08:40:06.325+0000][gc,heap     ] GC(25) Survivor regions: 5->5(7)
[2026-01-16T08:40:06.326+0000][gc,heap     ] GC(25) Old regions: 32->33
[2026-01-16T08:40:06.326+0000][gc,heap     ] GC(25) Humongous regions: 149->149
[2026-01-16T08:40:06.327+0000][gc,metaspace] GC(25) Metaspace: 9628K(9984K)->9628K(9984K) NonClass: 8514K(8704K)->8514K(8704K) Class: 1113K(1280K)->1113K(1280K)
[2026-01-16T08:40:06.327+0000][gc          ] GC(25) Pause Young (Normal) (G1 Evacuation Pause) 230M->185M(1024M) 959.342ms
[2026-01-16T08:40:06.328+0000][gc,cpu      ] GC(25) User=0.34s Sys=0.02s Real=0.96s
[2026-01-16T08:40:11.973+0000][gc,start    ] GC(26) Pause Young (Normal) (G1 Evacuation Pause)
[2026-01-16T08:40:12.125+0000][gc,task     ] GC(26) Using 8 workers of 8 for evacuation
[2026-01-16T08:40:14.729+0000][gc,mmu      ] GC(26) MMU target violated: 201.0ms (200.0ms/201.0ms)
[2026-01-16T08:40:14.731+0000][gc,phases   ] GC(26)   Pre Evacuate Collection Set: 469.9ms
[2026-01-16T08:40:14.731+0000][gc,phases   ] GC(26)   Merge Heap Roots: 91.4ms
[2026-01-16T08:40:14.731+0000][gc,phases   ] GC(26)   Evacuate Collection Set: 1874.8ms
[2026-01-16T08:40:14.732+0000][gc,phases   ] GC(26)   Post Evacuate Collection Set: 90.0ms
[2026-01-16T08:40:14.732+0000][gc,phases   ] GC(26)   Other: 79.5ms
[2026-01-16T08:40:14.733+0000][gc,heap     ] GC(26) Eden regions: 46->0(47)
[2026-01-16T08:40:14.733+0000][gc,heap     ] GC(26) Survivor regions: 5->4(7)
[2026-01-16T08:40:14.734+0000][gc,heap     ] GC(26) Old regions: 33->35
[2026-01-16T08:40:14.734+0000][gc,heap     ] GC(26) Humongous regions: 149->149
[2026-01-16T08:40:14.734+0000][gc,metaspace] GC(26) Metaspace: 9719K(10048K)->9719K(10048K) NonClass: 8584K(8768K)->8584K(8768K) Class: 1134K(1280K)->1134K(1280K)
[2026-01-16T08:40:14.735+0000][gc          ] GC(26) Pause Young (Normal) (G1 Evacuation Pause) 231M->186M(1024M) 2761.484ms
[2026-01-16T08:40:14.736+0000][gc,cpu      ] GC(26) User=0.99s Sys=0.22s Real=2.77s
[2026-01-16T08:40:19.318+0000][gc,start    ] GC(27) Pause Young (Normal) (G1 Evacuation Pause)
[2026-01-16T08:40:19.320+0000][gc,task     ] GC(27) Using 8 workers of 8 for evacuation
[2026-01-16T08:40:20.154+0000][gc,mmu      ] GC(27) MMU target violated: 201.0ms (200.0ms/201.0ms)
[2026-01-16T08:40:20.155+0000][gc,phases   ] GC(27)   Pre Evacuate Collection Set: 161.9ms
[2026-01-16T08:40:20.157+0000][gc,phases   ] GC(27)   Merge Heap Roots: 23.1ms
[2026-01-16T08:40:20.159+0000][gc,phases   ] GC(27)   Evacuate Collection Set: 634.8ms
[2026-01-16T08:40:20.163+0000][gc,phases   ] GC(27)   Post Evacuate Collection Set: 11.7ms
[2026-01-16T08:40:20.165+0000][gc,phases   ] GC(27)   Other: 3.4ms
[2026-01-16T08:40:20.166+0000][gc,heap     ] GC(27) Eden regions: 47->0(47)
[2026-01-16T08:40:20.166+0000][gc,heap     ] GC(27) Survivor regions: 4->4(7)
[2026-01-16T08:40:20.166+0000][gc,heap     ] GC(27) Old regions: 35->35
[2026-01-16T08:40:20.169+0000][gc,heap     ] GC(27) Humongous regions: 149->149
[2026-01-16T08:40:20.171+0000][gc,metaspace] GC(27) Metaspace: 9754K(10048K)->9754K(10048K) NonClass: 8611K(8768K)->8611K(8768K) Class: 1143K(1280K)->1143K(1280K)
[2026-01-16T08:40:20.172+0000][gc          ] GC(27) Pause Young (Normal) (G1 Evacuation Pause) 233M->186M(1024M) 854.591ms
[2026-01-16T08:40:20.175+0000][gc,cpu      ] GC(27) User=0.48s Sys=0.09s Real=0.86s
[2026-01-16T08:40:24.554+0000][gc,start    ] GC(28) Pause Young (Normal) (G1 Evacuation Pause)
[2026-01-16T08:40:24.576+0000][gc,task     ] GC(28) Using 8 workers of 8 for evacuation
[2026-01-16T08:40:29.199+0000][gc,mmu      ] GC(28) MMU target violated: 201.0ms (200.0ms/201.0ms)
[2026-01-16T08:40:29.294+0000][gc,phases   ] GC(28)   Pre Evacuate Collection Set: 203.2ms
[2026-01-16T08:40:29.297+0000][gc,phases   ] GC(28)   Merge Heap Roots: 20.4ms
[2026-01-16T08:40:29.299+0000][gc,phases   ] GC(28)   Evacuate Collection Set: 3502.9ms
[2026-01-16T08:40:29.305+0000][gc,phases   ] GC(28)   Post Evacuate Collection Set: 893.2ms
[2026-01-16T08:40:29.307+0000][gc,phases   ] GC(28)   Other: 98.7ms
[2026-01-16T08:40:29.321+0000][gc,heap     ] GC(28) Eden regions: 47->0(47)
[2026-01-16T08:40:29.322+0000][gc,heap     ] GC(28) Survivor regions: 4->4(7)
[2026-01-16T08:40:29.324+0000][gc,heap     ] GC(28) Old regions: 35->35
[2026-01-16T08:40:29.324+0000][gc,heap     ] GC(28) Humongous regions: 149->149
[2026-01-16T08:40:29.324+0000][gc,metaspace] GC(28) Metaspace: 9766K(10048K)->9766K(10048K) NonClass: 8623K(8768K)->8623K(8768K) Class: 1143K(1280K)->1143K(1280K)
[2026-01-16T08:40:29.342+0000][gc          ] GC(28) Pause Young (Normal) (G1 Evacuation Pause) 233M->187M(1024M) 4783.880ms
[2026-01-16T08:40:29.365+0000][gc,cpu      ] GC(28) User=1.53s Sys=0.30s Real=4.81s
[2026-01-16T08:40:34.703+0000][gc,start    ] GC(29) Pause Young (Normal) (G1 Evacuation Pause)
[2026-01-16T08:40:34.756+0000][gc,task     ] GC(29) Using 8 workers of 8 for evacuation
[2026-01-16T08:40:35.544+0000][gc,mmu      ] GC(29) MMU target violated: 201.0ms (200.0ms/201.0ms)
[2026-01-16T08:40:35.550+0000][gc,phases   ] GC(29)   Pre Evacuate Collection Set: 72.2ms
[2026-01-16T08:40:35.551+0000][gc,phases   ] GC(29)   Merge Heap Roots: 3.0ms
[2026-01-16T08:40:35.551+0000][gc,phases   ] GC(29)   Evacuate Collection Set: 661.1ms
[2026-01-16T08:40:35.551+0000][gc,phases   ] GC(29)   Post Evacuate Collection Set: 48.2ms
[2026-01-16T08:40:35.552+0000][gc,phases   ] GC(29)   Other: 9.6ms
[2026-01-16T08:40:35.557+0000][gc,heap     ] GC(29) Eden regions: 47->0(46)
[2026-01-16T08:40:35.557+0000][gc,heap     ] GC(29) Survivor regions: 4->5(7)
[2026-01-16T08:40:35.560+0000][gc,heap     ] GC(29) Old regions: 35->35
[2026-01-16T08:40:35.560+0000][gc,heap     ] GC(29) Humongous regions: 149->149
[2026-01-16T08:40:35.561+0000][gc,metaspace] GC(29) Metaspace: 9795K(10048K)->9795K(10048K) NonClass: 8649K(8768K)->8649K(8768K) Class: 1146K(1280K)->1146K(1280K)
[2026-01-16T08:40:35.561+0000][gc          ] GC(29) Pause Young (Normal) (G1 Evacuation Pause) 234M->188M(1024M) 857.815ms
[2026-01-16T08:40:35.561+0000][gc,cpu      ] GC(29) User=0.36s Sys=0.04s Real=0.86s
[2026-01-16T08:40:45.045+0000][gc,start    ] GC(30) Pause Young (Normal) (G1 Evacuation Pause)
[2026-01-16T08:40:45.046+0000][gc,task     ] GC(30) Using 8 workers of 8 for evacuation
[2026-01-16T08:40:46.320+0000][gc,mmu      ] GC(30) MMU target violated: 201.0ms (200.0ms/201.0ms)
[2026-01-16T08:40:46.325+0000][gc,phases   ] GC(30)   Pre Evacuate Collection Set: 127.8ms
[2026-01-16T08:40:46.331+0000][gc,phases   ] GC(30)   Merge Heap Roots: 20.5ms
[2026-01-16T08:40:46.332+0000][gc,phases   ] GC(30)   Evacuate Collection Set: 1070.8ms
[2026-01-16T08:40:46.332+0000][gc,phases   ] GC(30)   Post Evacuate Collection Set: 46.0ms
[2026-01-16T08:40:46.333+0000][gc,phases   ] GC(30)   Other: 13.5ms
[2026-01-16T08:40:46.333+0000][gc,heap     ] GC(30) Eden regions: 46->0(46)
[2026-01-16T08:40:46.334+0000][gc,heap     ] GC(30) Survivor regions: 5->5(7)
[2026-01-16T08:40:46.334+0000][gc,heap     ] GC(30) Old regions: 35->36
[2026-01-16T08:40:46.335+0000][gc,heap     ] GC(30) Humongous regions: 149->149
[2026-01-16T08:40:46.335+0000][gc,metaspace] GC(30) Metaspace: 9821K(10176K)->9821K(10176K) NonClass: 8674K(8896K)->8674K(8896K) Class: 1146K(1280K)->1146K(1280K)
[2026-01-16T08:40:46.335+0000][gc          ] GC(30) Pause Young (Normal) (G1 Evacuation Pause) 234M->189M(1024M) 1290.567ms
[2026-01-16T08:40:46.336+0000][gc,cpu      ] GC(30) User=0.81s Sys=0.15s Real=1.29s
[2026-01-16T08:40:51.623+0000][gc,start    ] GC(31) Pause Young (Normal) (G1 Evacuation Pause)
[2026-01-16T08:40:51.673+0000][gc,task     ] GC(31) Using 8 workers of 8 for evacuation
[2026-01-16T08:40:54.862+0000][gc,mmu      ] GC(31) MMU target violated: 201.0ms (200.0ms/201.0ms)
[2026-01-16T08:40:54.865+0000][gc,phases   ] GC(31)   Pre Evacuate Collection Set: 110.9ms
[2026-01-16T08:40:54.867+0000][gc,phases   ] GC(31)   Merge Heap Roots: 8.6ms
[2026-01-16T08:40:54.869+0000][gc,phases   ] GC(31)   Evacuate Collection Set: 2709.3ms
[2026-01-16T08:40:54.869+0000][gc,phases   ] GC(31)   Post Evacuate Collection Set: 336.0ms
[2026-01-16T08:40:54.870+0000][gc,phases   ] GC(31)   Other: 60.0ms
[2026-01-16T08:40:54.871+0000][gc,heap     ] GC(31) Eden regions: 46->0(47)
[2026-01-16T08:40:54.882+0000][gc,heap     ] GC(31) Survivor regions: 5->4(7)
[2026-01-16T08:40:54.886+0000][gc,heap     ] GC(31) Old regions: 36->38
[2026-01-16T08:40:54.889+0000][gc,heap     ] GC(31) Humongous regions: 149->149
[2026-01-16T08:40:54.892+0000][gc,metaspace] GC(31) Metaspace: 9831K(10176K)->9831K(10176K) NonClass: 8685K(8896K)->8685K(8896K) Class: 1146K(1280K)->1146K(1280K)
[2026-01-16T08:40:54.894+0000][gc          ] GC(31) Pause Young (Normal) (G1 Evacuation Pause) 235M->189M(1024M) 3271.633ms
[2026-01-16T08:40:54.944+0000][gc,cpu      ] GC(31) User=1.30s Sys=0.24s Real=3.27s
[2026-01-16T08:41:03.675+0000][gc,start    ] GC(32) Pause Young (Normal) (G1 Evacuation Pause)
[2026-01-16T08:41:03.679+0000][gc,task     ] GC(32) Using 8 workers of 8 for evacuation
[2026-01-16T08:41:05.015+0000][gc,mmu      ] GC(32) MMU target violated: 201.0ms (200.0ms/201.0ms)
[2026-01-16T08:41:05.016+0000][gc,phases   ] GC(32)   Pre Evacuate Collection Set: 82.7ms
[2026-01-16T08:41:05.016+0000][gc,phases   ] GC(32)   Merge Heap Roots: 9.1ms
[2026-01-16T08:41:05.016+0000][gc,phases   ] GC(32)   Evacuate Collection Set: 1078.6ms
[2026-01-16T08:41:05.016+0000][gc,phases   ] GC(32)   Post Evacuate Collection Set: 138.8ms
[2026-01-16T08:41:05.016+0000][gc,phases   ] GC(32)   Other: 28.8ms
[2026-01-16T08:41:05.017+0000][gc,heap     ] GC(32) Eden regions: 47->0(47)
[2026-01-16T08:41:05.017+0000][gc,heap     ] GC(32) Survivor regions: 4->4(7)
[2026-01-16T08:41:05.017+0000][gc,heap     ] GC(32) Old regions: 38->38
[2026-01-16T08:41:05.017+0000][gc,heap     ] GC(32) Humongous regions: 149->149
[2026-01-16T08:41:05.017+0000][gc,metaspace] GC(32) Metaspace: 9854K(10176K)->9854K(10176K) NonClass: 8708K(8896K)->8708K(8896K) Class: 1146K(1280K)->1146K(1280K)
[2026-01-16T08:41:05.019+0000][gc          ] GC(32) Pause Young (Normal) (G1 Evacuation Pause) 236M->190M(1024M) 1343.213ms
[2026-01-16T08:41:05.022+0000][gc,cpu      ] GC(32) User=0.65s Sys=0.11s Real=1.34s
[2026-01-16T08:41:08.920+0000][gc,start    ] GC(33) Pause Young (Normal) (G1 Evacuation Pause)
[2026-01-16T08:41:08.923+0000][gc,task     ] GC(33) Using 8 workers of 8 for evacuation
[2026-01-16T08:41:10.050+0000][gc,mmu      ] GC(33) MMU target violated: 201.0ms (200.0ms/201.0ms)
[2026-01-16T08:41:10.055+0000][gc,phases   ] GC(33)   Pre Evacuate Collection Set: 65.3ms
[2026-01-16T08:41:10.056+0000][gc,phases   ] GC(33)   Merge Heap Roots: 18.2ms
[2026-01-16T08:41:10.077+0000][gc,phases   ] GC(33)   Evacuate Collection Set: 925.5ms
[2026-01-16T08:41:10.078+0000][gc,phases   ] GC(33)   Post Evacuate Collection Set: 101.5ms
[2026-01-16T08:41:10.079+0000][gc,phases   ] GC(33)   Other: 22.4ms
[2026-01-16T08:41:10.080+0000][gc,heap     ] GC(33) Eden regions: 47->0(47)
[2026-01-16T08:41:10.097+0000][gc,heap     ] GC(33) Survivor regions: 4->4(7)
[2026-01-16T08:41:10.099+0000][gc,heap     ] GC(33) Old regions: 38->39
[2026-01-16T08:41:10.099+0000][gc,heap     ] GC(33) Humongous regions: 149->149
[2026-01-16T08:41:10.099+0000][gc,metaspace] GC(33) Metaspace: 9856K(10176K)->9856K(10176K) NonClass: 8710K(8896K)->8710K(8896K) Class: 1146K(1280K)->1146K(1280K)
[2026-01-16T08:41:10.099+0000][gc          ] GC(33) Pause Young (Normal) (G1 Evacuation Pause) 237M->191M(1024M) 1179.657ms
[2026-01-16T08:41:10.099+0000][gc,cpu      ] GC(33) User=0.42s Sys=0.04s Real=1.18s
[2026-01-16T08:41:17.848+0000][gc,start    ] GC(34) Pause Young (Normal) (G1 Evacuation Pause)
[2026-01-16T08:41:17.850+0000][gc,task     ] GC(34) Using 8 workers of 8 for evacuation
[2026-01-16T08:41:19.745+0000][gc,mmu      ] GC(34) MMU target violated: 201.0ms (200.0ms/201.0ms)
[2026-01-16T08:41:19.753+0000][gc,phases   ] GC(34)   Pre Evacuate Collection Set: 187.8ms
[2026-01-16T08:41:19.753+0000][gc,phases   ] GC(34)   Merge Heap Roots: 86.9ms
[2026-01-16T08:41:19.754+0000][gc,phases   ] GC(34)   Evacuate Collection Set: 1533.9ms
[2026-01-16T08:41:19.754+0000][gc,phases   ] GC(34)   Post Evacuate Collection Set: 81.7ms
[2026-01-16T08:41:19.755+0000][gc,phases   ] GC(34)   Other: 13.1ms
[2026-01-16T08:41:19.758+0000][gc,heap     ] GC(34) Eden regions: 47->0(46)
[2026-01-16T08:41:19.758+0000][gc,heap     ] GC(34) Survivor regions: 4->5(7)
[2026-01-16T08:41:19.764+0000][gc,heap     ] GC(34) Old regions: 39->40
[2026-01-16T08:41:19.768+0000][gc,heap     ] GC(34) Humongous regions: 149->149
[2026-01-16T08:41:19.768+0000][gc,metaspace] GC(34) Metaspace: 9879K(10176K)->9879K(10176K) NonClass: 8726K(8896K)->8726K(8896K) Class: 1152K(1280K)->1152K(1280K)
[2026-01-16T08:41:19.770+0000][gc          ] GC(34) Pause Young (Normal) (G1 Evacuation Pause) 238M->192M(1024M) 1920.933ms
[2026-01-16T08:41:19.776+0000][gc,cpu      ] GC(34) User=0.85s Sys=0.09s Real=1.93s
[2026-01-16T08:41:27.211+0000][gc,start    ] GC(35) Pause Young (Normal) (G1 Evacuation Pause)
[2026-01-16T08:41:27.234+0000][gc,task     ] GC(35) Using 8 workers of 8 for evacuation
[2026-01-16T08:41:28.715+0000][gc,mmu      ] GC(35) MMU target violated: 201.0ms (200.0ms/201.0ms)
[2026-01-16T08:41:28.717+0000][gc,phases   ] GC(35)   Pre Evacuate Collection Set: 171.4ms
[2026-01-16T08:41:28.735+0000][gc,phases   ] GC(35)   Merge Heap Roots: 19.3ms
[2026-01-16T08:41:28.740+0000][gc,phases   ] GC(35)   Evacuate Collection Set: 1079.2ms
[2026-01-16T08:41:28.741+0000][gc,phases   ] GC(35)   Post Evacuate Collection Set: 150.9ms
[2026-01-16T08:41:28.742+0000][gc,phases   ] GC(35)   Other: 61.6ms
[2026-01-16T08:41:28.743+0000][gc,heap     ] GC(35) Eden regions: 46->0(46)
[2026-01-16T08:41:28.748+0000][gc,heap     ] GC(35) Survivor regions: 5->5(7)
[2026-01-16T08:41:28.749+0000][gc,heap     ] GC(35) Old regions: 40->41
[2026-01-16T08:41:28.749+0000][gc,heap     ] GC(35) Humongous regions: 149->149
[2026-01-16T08:41:28.750+0000][gc,metaspace] GC(35) Metaspace: 9898K(10176K)->9898K(10176K) NonClass: 8744K(8896K)->8744K(8896K) Class: 1154K(1280K)->1154K(1280K)
[2026-01-16T08:41:28.752+0000][gc          ] GC(35) Pause Young (Normal) (G1 Evacuation Pause) 238M->193M(1024M) 1540.976ms
[2026-01-16T08:41:28.754+0000][gc,cpu      ] GC(35) User=0.59s Sys=0.13s Real=1.54s
[2026-01-16T08:41:37.075+0000][gc,start    ] GC(36) Pause Young (Normal) (G1 Evacuation Pause)
[2026-01-16T08:41:37.079+0000][gc,task     ] GC(36) Using 8 workers of 8 for evacuation
[2026-01-16T08:41:39.371+0000][gc,mmu      ] GC(36) MMU target violated: 201.0ms (200.0ms/201.0ms)
[2026-01-16T08:41:39.372+0000][gc,phases   ] GC(36)   Pre Evacuate Collection Set: 101.0ms
[2026-01-16T08:41:39.379+0000][gc,phases   ] GC(36)   Merge Heap Roots: 58.3ms
[2026-01-16T08:41:39.380+0000][gc,phases   ] GC(36)   Evacuate Collection Set: 1832.4ms
[2026-01-16T08:41:39.382+0000][gc,phases   ] GC(36)   Post Evacuate Collection Set: 280.1ms
[2026-01-16T08:41:39.383+0000][gc,phases   ] GC(36)   Other: 24.4ms
[2026-01-16T08:41:39.383+0000][gc,heap     ] GC(36) Eden regions: 46->0(47)
[2026-01-16T08:41:39.383+0000][gc,heap     ] GC(36) Survivor regions: 5->4(7)
[2026-01-16T08:41:39.383+0000][gc,heap     ] GC(36) Old regions: 41->42
[2026-01-16T08:41:39.383+0000][gc,heap     ] GC(36) Humongous regions: 149->149
[2026-01-16T08:41:39.383+0000][gc,metaspace] GC(36) Metaspace: 9910K(10176K)->9910K(10176K) NonClass: 8754K(8896K)->8754K(8896K) Class: 1155K(1280K)->1155K(1280K)
[2026-01-16T08:41:39.384+0000][gc          ] GC(36) Pause Young (Normal) (G1 Evacuation Pause) 239M->193M(1024M) 2310.387ms
[2026-01-16T08:41:39.385+0000][gc,cpu      ] GC(36) User=0.93s Sys=0.09s Real=2.31s
[2026-01-16T08:41:48.121+0000][gc,start    ] GC(37) Pause Young (Normal) (G1 Evacuation Pause)
[2026-01-16T08:41:48.132+0000][gc,task     ] GC(37) Using 8 workers of 8 for evacuation
[2026-01-16T08:41:49.390+0000][gc,mmu      ] GC(37) MMU target violated: 201.0ms (200.0ms/201.0ms)
[2026-01-16T08:41:49.390+0000][gc,phases   ] GC(37)   Pre Evacuate Collection Set: 286.2ms
[2026-01-16T08:41:49.392+0000][gc,phases   ] GC(37)   Merge Heap Roots: 1.6ms
[2026-01-16T08:41:49.392+0000][gc,phases   ] GC(37)   Evacuate Collection Set: 947.1ms
[2026-01-16T08:41:49.395+0000][gc,phases   ] GC(37)   Post Evacuate Collection Set: 17.2ms
[2026-01-16T08:41:49.395+0000][gc,phases   ] GC(37)   Other: 6.2ms
[2026-01-16T08:41:49.395+0000][gc,heap     ] GC(37) Eden regions: 47->0(47)
[2026-01-16T08:41:49.396+0000][gc,heap     ] GC(37) Survivor regions: 4->4(7)
[2026-01-16T08:41:49.397+0000][gc,heap     ] GC(37) Old regions: 42->42
[2026-01-16T08:41:49.398+0000][gc,heap     ] GC(37) Humongous regions: 149->149
[2026-01-16T08:41:49.399+0000][gc,metaspace] GC(37) Metaspace: 9934K(10240K)->9934K(10240K) NonClass: 8775K(8960K)->8775K(8960K) Class: 1158K(1280K)->1158K(1280K)
[2026-01-16T08:41:49.399+0000][gc          ] GC(37) Pause Young (Normal) (G1 Evacuation Pause) 240M->194M(1024M) 1278.151ms
[2026-01-16T08:41:49.400+0000][gc,cpu      ] GC(37) User=0.64s Sys=0.08s Real=1.28s
[2026-01-16T08:41:56.580+0000][gc,start    ] GC(38) Pause Young (Normal) (G1 Evacuation Pause)
[2026-01-16T08:41:56.606+0000][gc,task     ] GC(38) Using 8 workers of 8 for evacuation
[2026-01-16T08:41:58.862+0000][gc,mmu      ] GC(38) MMU target violated: 201.0ms (200.0ms/201.0ms)
[2026-01-16T08:41:58.882+0000][gc,phases   ] GC(38)   Pre Evacuate Collection Set: 240.3ms
[2026-01-16T08:41:58.883+0000][gc,phases   ] GC(38)   Merge Heap Roots: 76.4ms
[2026-01-16T08:41:58.883+0000][gc,phases   ] GC(38)   Evacuate Collection Set: 1576.3ms
[2026-01-16T08:41:58.883+0000][gc,phases   ] GC(38)   Post Evacuate Collection Set: 289.9ms
[2026-01-16T08:41:58.884+0000][gc,phases   ] GC(38)   Other: 76.0ms
[2026-01-16T08:41:58.888+0000][gc,heap     ] GC(38) Eden regions: 47->0(47)
[2026-01-16T08:41:58.888+0000][gc,heap     ] GC(38) Survivor regions: 4->4(7)
[2026-01-16T08:41:58.888+0000][gc,heap     ] GC(38) Old regions: 42->43
[2026-01-16T08:41:58.889+0000][gc,heap     ] GC(38) Humongous regions: 149->149
[2026-01-16T08:41:58.889+0000][gc,metaspace] GC(38) Metaspace: 9942K(10240K)->9942K(10240K) NonClass: 8783K(8960K)->8783K(8960K) Class: 1158K(1280K)->1158K(1280K)
[2026-01-16T08:41:58.954+0000][gc          ] GC(38) Pause Young (Normal) (G1 Evacuation Pause) 241M->195M(1024M) 2373.929ms
[2026-01-16T08:41:59.007+0000][gc,cpu      ] GC(38) User=0.87s Sys=0.12s Real=2.39s
[2026-01-16T08:42:07.902+0000][gc,start    ] GC(39) Pause Young (Normal) (G1 Evacuation Pause)
[2026-01-16T08:42:07.912+0000][gc,task     ] GC(39) Using 8 workers of 8 for evacuation
[2026-01-16T08:42:08.933+0000][gc,mmu      ] GC(39) MMU target violated: 201.0ms (200.0ms/201.0ms)
[2026-01-16T08:42:08.934+0000][gc,phases   ] GC(39)   Pre Evacuate Collection Set: 192.6ms
[2026-01-16T08:42:08.934+0000][gc,phases   ] GC(39)   Merge Heap Roots: 13.7ms
[2026-01-16T08:42:08.934+0000][gc,phases   ] GC(39)   Evacuate Collection Set: 742.5ms
[2026-01-16T08:42:08.934+0000][gc,phases   ] GC(39)   Post Evacuate Collection Set: 52.8ms
[2026-01-16T08:42:08.943+0000][gc,phases   ] GC(39)   Other: 19.9ms
[2026-01-16T08:42:08.947+0000][gc,heap     ] GC(39) Eden regions: 47->0(47)
[2026-01-16T08:42:08.948+0000][gc,heap     ] GC(39) Survivor regions: 4->4(7)
[2026-01-16T08:42:08.948+0000][gc,heap     ] GC(39) Old regions: 43->44
[2026-01-16T08:42:08.948+0000][gc,heap     ] GC(39) Humongous regions: 149->149
[2026-01-16T08:42:08.948+0000][gc,metaspace] GC(39) Metaspace: 9960K(10240K)->9960K(10240K) NonClass: 8801K(8960K)->8801K(8960K) Class: 1159K(1280K)->1159K(1280K)
[2026-01-16T08:42:08.949+0000][gc          ] GC(39) Pause Young (Normal) (G1 Evacuation Pause) 242M->196M(1024M) 1046.097ms
[2026-01-16T08:42:08.949+0000][gc,cpu      ] GC(39) User=0.61s Sys=0.09s Real=1.04s
[2026-01-16T08:42:15.804+0000][gc,start    ] GC(40) Pause Young (Normal) (G1 Evacuation Pause)
[2026-01-16T08:42:15.807+0000][gc,task     ] GC(40) Using 8 workers of 8 for evacuation
[2026-01-16T08:42:17.493+0000][gc,mmu      ] GC(40) MMU target violated: 201.0ms (200.0ms/201.0ms)
[2026-01-16T08:42:17.530+0000][gc,phases   ] GC(40)   Pre Evacuate Collection Set: 52.2ms
[2026-01-16T08:42:17.532+0000][gc,phases   ] GC(40)   Merge Heap Roots: 0.5ms
[2026-01-16T08:42:17.533+0000][gc,phases   ] GC(40)   Evacuate Collection Set: 1440.8ms
[2026-01-16T08:42:17.533+0000][gc,phases   ] GC(40)   Post Evacuate Collection Set: 188.4ms
[2026-01-16T08:42:17.533+0000][gc,phases   ] GC(40)   Other: 24.0ms
[2026-01-16T08:42:17.534+0000][gc,heap     ] GC(40) Eden regions: 47->0(46)
[2026-01-16T08:42:17.534+0000][gc,heap     ] GC(40) Survivor regions: 4->5(7)
[2026-01-16T08:42:17.535+0000][gc,heap     ] GC(40) Old regions: 44->44
[2026-01-16T08:42:17.535+0000][gc,heap     ] GC(40) Humongous regions: 149->149
[2026-01-16T08:42:17.535+0000][gc,metaspace] GC(40) Metaspace: 9982K(10240K)->9982K(10240K) NonClass: 8821K(8960K)->8821K(8960K) Class: 1160K(1280K)->1160K(1280K)
[2026-01-16T08:42:17.541+0000][gc          ] GC(40) Pause Young (Normal) (G1 Evacuation Pause) 243M->196M(1024M) 1736.687ms
[2026-01-16T08:42:17.549+0000][gc,cpu      ] GC(40) User=0.52s Sys=0.04s Real=1.74s
[2026-01-16T08:42:32.666+0000][gc,start    ] GC(41) Pause Young (Normal) (G1 Evacuation Pause)
[2026-01-16T08:42:32.819+0000][gc,task     ] GC(41) Using 8 workers of 8 for evacuation
[2026-01-16T08:42:34.452+0000][gc,mmu      ] GC(41) MMU target violated: 201.0ms (200.0ms/201.0ms)
[2026-01-16T08:42:34.455+0000][gc,phases   ] GC(41)   Pre Evacuate Collection Set: 119.6ms
[2026-01-16T08:42:34.457+0000][gc,phases   ] GC(41)   Merge Heap Roots: 26.4ms
[2026-01-16T08:42:34.461+0000][gc,phases   ] GC(41)   Evacuate Collection Set: 1345.9ms
[2026-01-16T08:42:34.461+0000][gc,phases   ] GC(41)   Post Evacuate Collection Set: 88.0ms
[2026-01-16T08:42:34.462+0000][gc,phases   ] GC(41)   Other: 57.6ms
[2026-01-16T08:42:34.466+0000][gc,heap     ] GC(41) Eden regions: 46->0(46)
[2026-01-16T08:42:34.490+0000][gc,heap     ] GC(41) Survivor regions: 5->5(7)
[2026-01-16T08:42:34.494+0000][gc,heap     ] GC(41) Old regions: 44->45
[2026-01-16T08:42:34.494+0000][gc,heap     ] GC(41) Humongous regions: 149->149
[2026-01-16T08:42:34.494+0000][gc,metaspace] GC(41) Metaspace: 10001K(10240K)->10001K(10240K) NonClass: 8840K(8960K)->8840K(8960K) Class: 1160K(1280K)->1160K(1280K)
[2026-01-16T08:42:34.496+0000][gc          ] GC(41) Pause Young (Normal) (G1 Evacuation Pause) 242M->197M(1024M) 1829.675ms
[2026-01-16T08:42:34.499+0000][gc,cpu      ] GC(41) User=1.04s Sys=0.11s Real=1.83s
[2026-01-16T08:42:42.246+0000][gc,start    ] GC(42) Pause Young (Normal) (G1 Evacuation Pause)
[2026-01-16T08:42:42.248+0000][gc,task     ] GC(42) Using 8 workers of 8 for evacuation
[2026-01-16T08:42:44.685+0000][gc,mmu      ] GC(42) MMU target violated: 201.0ms (200.0ms/201.0ms)
[2026-01-16T08:42:44.697+0000][gc,phases   ] GC(42)   Pre Evacuate Collection Set: 140.5ms
[2026-01-16T08:42:44.699+0000][gc,phases   ] GC(42)   Merge Heap Roots: 10.9ms
[2026-01-16T08:42:44.700+0000][gc,phases   ] GC(42)   Evacuate Collection Set: 2185.8ms
[2026-01-16T08:42:44.701+0000][gc,phases   ] GC(42)   Post Evacuate Collection Set: 90.5ms
[2026-01-16T08:42:44.702+0000][gc,phases   ] GC(42)   Other: 21.3ms
[2026-01-16T08:42:44.703+0000][gc,heap     ] GC(42) Eden regions: 46->0(46)
[2026-01-16T08:42:44.720+0000][gc,heap     ] GC(42) Survivor regions: 5->5(7)
[2026-01-16T08:42:44.720+0000][gc,heap     ] GC(42) Old regions: 45->45
[2026-01-16T08:42:44.721+0000][gc,heap     ] GC(42) Humongous regions: 149->149
[2026-01-16T08:42:44.724+0000][gc,metaspace] GC(42) Metaspace: 10008K(10304K)->10008K(10304K) NonClass: 8848K(9024K)->8848K(9024K) Class: 1160K(1280K)->1160K(1280K)
[2026-01-16T08:42:44.743+0000][gc          ] GC(42) Pause Young (Normal) (G1 Evacuation Pause) 243M->198M(1024M) 2497.003ms
[2026-01-16T08:42:44.777+0000][gc,cpu      ] GC(42) User=0.88s Sys=0.12s Real=2.51s
[2026-01-16T08:42:53.911+0000][gc,start    ] GC(43) Pause Young (Normal) (G1 Evacuation Pause)
[2026-01-16T08:42:53.921+0000][gc,task     ] GC(43) Using 8 workers of 8 for evacuation
[2026-01-16T08:42:55.645+0000][gc,mmu      ] GC(43) MMU target violated: 201.0ms (200.0ms/201.0ms)
[2026-01-16T08:42:55.669+0000][gc,phases   ] GC(43)   Pre Evacuate Collection Set: 127.5ms
[2026-01-16T08:42:55.674+0000][gc,phases   ] GC(43)   Merge Heap Roots: 5.7ms
[2026-01-16T08:42:55.681+0000][gc,phases   ] GC(43)   Evacuate Collection Set: 1450.3ms
[2026-01-16T08:42:55.686+0000][gc,phases   ] GC(43)   Post Evacuate Collection Set: 121.3ms
[2026-01-16T08:42:55.697+0000][gc,phases   ] GC(43)   Other: 27.3ms
[2026-01-16T08:42:55.703+0000][gc,heap     ] GC(43) Eden regions: 46->0(45)
[2026-01-16T08:42:55.720+0000][gc,heap     ] GC(43) Survivor regions: 5->6(7)
[2026-01-16T08:42:55.726+0000][gc,heap     ] GC(43) Old regions: 45->46
[2026-01-16T08:42:55.729+0000][gc,heap     ] GC(43) Humongous regions: 149->149
[2026-01-16T08:42:55.730+0000][gc,metaspace] GC(43) Metaspace: 10016K(10304K)->10016K(10304K) NonClass: 8854K(9024K)->8854K(9024K) Class: 1162K(1280K)->1162K(1280K)
[2026-01-16T08:42:55.747+0000][gc          ] GC(43) Pause Young (Normal) (G1 Evacuation Pause) 244M->199M(1024M) 1836.338ms
[2026-01-16T08:42:55.749+0000][gc,cpu      ] GC(43) User=0.89s Sys=0.14s Real=1.84s
[2026-01-16T08:43:02.837+0000][gc,start    ] GC(44) Pause Young (Normal) (G1 Evacuation Pause)
[2026-01-16T08:43:02.841+0000][gc,task     ] GC(44) Using 8 workers of 8 for evacuation
[2026-01-16T08:43:04.771+0000][gc,mmu      ] GC(44) MMU target violated: 201.0ms (200.0ms/201.0ms)
[2026-01-16T08:43:04.775+0000][gc,phases   ] GC(44)   Pre Evacuate Collection Set: 230.0ms
[2026-01-16T08:43:04.781+0000][gc,phases   ] GC(44)   Merge Heap Roots: 40.4ms
[2026-01-16T08:43:04.781+0000][gc,phases   ] GC(44)   Evacuate Collection Set: 1519.6ms
[2026-01-16T08:43:04.782+0000][gc,phases   ] GC(44)   Post Evacuate Collection Set: 82.4ms
[2026-01-16T08:43:04.782+0000][gc,phases   ] GC(44)   Other: 62.5ms
[2026-01-16T08:43:04.783+0000][gc,heap     ] GC(44) Eden regions: 45->0(47)
[2026-01-16T08:43:04.783+0000][gc,heap     ] GC(44) Survivor regions: 6->4(7)
[2026-01-16T08:43:04.784+0000][gc,heap     ] GC(44) Old regions: 46->48
[2026-01-16T08:43:04.784+0000][gc,heap     ] GC(44) Humongous regions: 149->149
[2026-01-16T08:43:04.785+0000][gc,metaspace] GC(44) Metaspace: 10024K(10304K)->10024K(10304K) NonClass: 8862K(9024K)->8862K(9024K) Class: 1162K(1280K)->1162K(1280K)
[2026-01-16T08:43:04.786+0000][gc          ] GC(44) Pause Young (Normal) (G1 Evacuation Pause) 244M->199M(1024M) 1948.957ms
[2026-01-16T08:43:04.787+0000][gc,cpu      ] GC(44) User=0.68s Sys=0.16s Real=1.95s
[2026-01-16T08:43:09.172+0000][gc,start    ] GC(45) Pause Young (Normal) (G1 Evacuation Pause)
[2026-01-16T08:43:09.184+0000][gc,task     ] GC(45) Using 8 workers of 8 for evacuation
[2026-01-16T08:43:09.789+0000][gc,mmu      ] GC(45) MMU target violated: 201.0ms (200.0ms/201.0ms)
[2026-01-16T08:43:09.790+0000][gc,phases   ] GC(45)   Pre Evacuate Collection Set: 48.1ms
[2026-01-16T08:43:09.790+0000][gc,phases   ] GC(45)   Merge Heap Roots: 11.6ms
[2026-01-16T08:43:09.792+0000][gc,phases   ] GC(45)   Evacuate Collection Set: 505.3ms
[2026-01-16T08:43:09.793+0000][gc,phases   ] GC(45)   Post Evacuate Collection Set: 34.7ms
[2026-01-16T08:43:09.794+0000][gc,phases   ] GC(45)   Other: 17.6ms
[2026-01-16T08:43:09.794+0000][gc,heap     ] GC(45) Eden regions: 47->0(47)
[2026-01-16T08:43:09.795+0000][gc,heap     ] GC(45) Survivor regions: 4->4(7)
[2026-01-16T08:43:09.796+0000][gc,heap     ] GC(45) Old regions: 48->48
[2026-01-16T08:43:09.796+0000][gc,heap     ] GC(45) Humongous regions: 149->149
[2026-01-16T08:43:09.797+0000][gc,metaspace] GC(45) Metaspace: 10048K(10304K)->10048K(10304K) NonClass: 8885K(9024K)->8885K(9024K) Class: 1162K(1280K)->1162K(1280K)
[2026-01-16T08:43:09.799+0000][gc          ] GC(45) Pause Young (Normal) (G1 Evacuation Pause) 246M->200M(1024M) 627.027ms
[2026-01-16T08:43:09.799+0000][gc,cpu      ] GC(45) User=0.39s Sys=0.04s Real=0.63s
[2026-01-16T08:43:15.615+0000][gc,start    ] GC(46) Pause Young (Normal) (G1 Evacuation Pause)
[2026-01-16T08:43:15.617+0000][gc,task     ] GC(46) Using 8 workers of 8 for evacuation
[2026-01-16T08:43:16.955+0000][gc,mmu      ] GC(46) MMU target violated: 201.0ms (200.0ms/201.0ms)
[2026-01-16T08:43:16.956+0000][gc,phases   ] GC(46)   Pre Evacuate Collection Set: 254.6ms
[2026-01-16T08:43:16.956+0000][gc,phases   ] GC(46)   Merge Heap Roots: 18.4ms
[2026-01-16T08:43:16.956+0000][gc,phases   ] GC(46)   Evacuate Collection Set: 965.5ms
[2026-01-16T08:43:16.956+0000][gc,phases   ] GC(46)   Post Evacuate Collection Set: 25.9ms
[2026-01-16T08:43:16.956+0000][gc,phases   ] GC(46)   Other: 75.2ms
[2026-01-16T08:43:16.957+0000][gc,heap     ] GC(46) Eden regions: 47->0(46)
[2026-01-16T08:43:16.957+0000][gc,heap     ] GC(46) Survivor regions: 4->5(7)
[2026-01-16T08:43:16.957+0000][gc,heap     ] GC(46) Old regions: 48->49
[2026-01-16T08:43:16.957+0000][gc,heap     ] GC(46) Humongous regions: 149->149
[2026-01-16T08:43:16.957+0000][gc,metaspace] GC(46) Metaspace: 10074K(10368K)->10074K(10368K) NonClass: 8905K(9088K)->8905K(9088K) Class: 1168K(1280K)->1168K(1280K)
[2026-01-16T08:43:16.957+0000][gc          ] GC(46) Pause Young (Normal) (G1 Evacuation Pause) 247M->201M(1024M) 1341.921ms
[2026-01-16T08:43:16.957+0000][gc,cpu      ] GC(46) User=0.59s Sys=0.11s Real=1.34s
[2026-01-16T08:43:23.867+0000][gc,start    ] GC(47) Pause Young (Normal) (G1 Evacuation Pause)
[2026-01-16T08:43:23.874+0000][gc,task     ] GC(47) Using 8 workers of 8 for evacuation
[2026-01-16T08:43:24.979+0000][gc,mmu      ] GC(47) MMU target violated: 201.0ms (200.0ms/201.0ms)
[2026-01-16T08:43:24.980+0000][gc,phases   ] GC(47)   Pre Evacuate Collection Set: 102.2ms
[2026-01-16T08:43:24.987+0000][gc,phases   ] GC(47)   Merge Heap Roots: 10.7ms
[2026-01-16T08:43:24.988+0000][gc,phases   ] GC(47)   Evacuate Collection Set: 895.9ms
[2026-01-16T08:43:24.988+0000][gc,phases   ] GC(47)   Post Evacuate Collection Set: 93.6ms
[2026-01-16T08:43:24.988+0000][gc,phases   ] GC(47)   Other: 3.2ms
[2026-01-16T08:43:24.989+0000][gc,heap     ] GC(47) Eden regions: 46->0(46)
[2026-01-16T08:43:24.989+0000][gc,heap     ] GC(47) Survivor regions: 5->5(7)
[2026-01-16T08:43:24.990+0000][gc,heap     ] GC(47) Old regions: 49->49
[2026-01-16T08:43:24.990+0000][gc,heap     ] GC(47) Humongous regions: 149->149
[2026-01-16T08:43:24.991+0000][gc,metaspace] GC(47) Metaspace: 10136K(10496K)->10136K(10496K) NonClass: 8954K(9152K)->8954K(9152K) Class: 1181K(1344K)->1181K(1344K)
[2026-01-16T08:43:24.992+0000][gc          ] GC(47) Pause Young (Normal) (G1 Evacuation Pause) 247M->202M(1024M) 1124.637ms
[2026-01-16T08:43:24.992+0000][gc,cpu      ] GC(47) User=0.46s Sys=0.07s Real=1.12s
[2026-01-16T08:43:30.317+0000][gc,start    ] GC(48) Pause Young (Normal) (G1 Evacuation Pause)
[2026-01-16T08:43:30.322+0000][gc,task     ] GC(48) Using 8 workers of 8 for evacuation
[2026-01-16T08:43:32.874+0000][gc,mmu      ] GC(48) MMU target violated: 201.0ms (200.0ms/201.0ms)
[2026-01-16T08:43:32.876+0000][gc,phases   ] GC(48)   Pre Evacuate Collection Set: 357.1ms
[2026-01-16T08:43:32.882+0000][gc,phases   ] GC(48)   Merge Heap Roots: 37.3ms
[2026-01-16T08:43:32.883+0000][gc,phases   ] GC(48)   Evacuate Collection Set: 2005.8ms
[2026-01-16T08:43:32.883+0000][gc,phases   ] GC(48)   Post Evacuate Collection Set: 119.5ms
[2026-01-16T08:43:32.884+0000][gc,phases   ] GC(48)   Other: 33.7ms
[2026-01-16T08:43:32.888+0000][gc,heap     ] GC(48) Eden regions: 46->0(46)
[2026-01-16T08:43:32.888+0000][gc,heap     ] GC(48) Survivor regions: 5->5(7)
[2026-01-16T08:43:32.888+0000][gc,heap     ] GC(48) Old regions: 49->50
[2026-01-16T08:43:32.889+0000][gc,heap     ] GC(48) Humongous regions: 149->149
[2026-01-16T08:43:32.891+0000][gc,metaspace] GC(48) Metaspace: 10163K(10496K)->10163K(10496K) NonClass: 8977K(9152K)->8977K(9152K) Class: 1185K(1344K)->1185K(1344K)
[2026-01-16T08:43:32.907+0000][gc          ] GC(48) Pause Young (Normal) (G1 Evacuation Pause) 248M->202M(1024M) 2590.430ms
[2026-01-16T08:43:32.913+0000][gc,cpu      ] GC(48) User=0.90s Sys=0.14s Real=2.63s
[2026-01-16T08:43:45.115+0000][gc,start    ] GC(49) Pause Young (Normal) (G1 Evacuation Pause)
[2026-01-16T08:43:45.156+0000][gc,task     ] GC(49) Using 8 workers of 8 for evacuation
[2026-01-16T08:43:47.057+0000][gc,mmu      ] GC(49) MMU target violated: 201.0ms (200.0ms/201.0ms)
[2026-01-16T08:43:47.058+0000][gc,phases   ] GC(49)   Pre Evacuate Collection Set: 185.1ms
[2026-01-16T08:43:47.059+0000][gc,phases   ] GC(49)   Merge Heap Roots: 13.6ms
[2026-01-16T08:43:47.062+0000][gc,phases   ] GC(49)   Evacuate Collection Set: 1509.2ms
[2026-01-16T08:43:47.064+0000][gc,phases   ] GC(49)   Post Evacuate Collection Set: 188.7ms
[2026-01-16T08:43:47.067+0000][gc,phases   ] GC(49)   Other: 10.1ms
[2026-01-16T08:43:47.077+0000][gc,heap     ] GC(49) Eden regions: 46->0(46)
[2026-01-16T08:43:47.077+0000][gc,heap     ] GC(49) Survivor regions: 5->5(7)
[2026-01-16T08:43:47.077+0000][gc,heap     ] GC(49) Old regions: 50->51
[2026-01-16T08:43:47.078+0000][gc,heap     ] GC(49) Humongous regions: 149->149
[2026-01-16T08:43:47.078+0000][gc,metaspace] GC(49) Metaspace: 10172K(10496K)->10172K(10496K) NonClass: 8986K(9152K)->8986K(9152K) Class: 1186K(1344K)->1186K(1344K)
[2026-01-16T08:43:47.079+0000][gc          ] GC(49) Pause Young (Normal) (G1 Evacuation Pause) 248M->203M(1024M) 1964.501ms
[2026-01-16T08:43:47.088+0000][gc,cpu      ] GC(49) User=0.93s Sys=0.11s Real=1.99s
[2026-01-16T08:43:54.127+0000][gc,start    ] GC(50) Pause Young (Normal) (G1 Evacuation Pause)
[2026-01-16T08:43:54.142+0000][gc,task     ] GC(50) Using 8 workers of 8 for evacuation
[2026-01-16T08:43:55.807+0000][gc,mmu      ] GC(50) MMU target violated: 201.0ms (200.0ms/201.0ms)
[2026-01-16T08:43:55.808+0000][gc,phases   ] GC(50)   Pre Evacuate Collection Set: 65.9ms
[2026-01-16T08:43:55.809+0000][gc,phases   ] GC(50)   Merge Heap Roots: 4.2ms
[2026-01-16T08:43:55.827+0000][gc,phases   ] GC(50)   Evacuate Collection Set: 1299.4ms
[2026-01-16T08:43:55.828+0000][gc,phases   ] GC(50)   Post Evacuate Collection Set: 275.2ms
[2026-01-16T08:43:55.832+0000][gc,phases   ] GC(50)   Other: 21.2ms
[2026-01-16T08:43:55.834+0000][gc,heap     ] GC(50) Eden regions: 46->0(46)
[2026-01-16T08:43:55.835+0000][gc,heap     ] GC(50) Survivor regions: 5->5(7)
[2026-01-16T08:43:55.835+0000][gc,heap     ] GC(50) Old regions: 51->52
[2026-01-16T08:43:55.836+0000][gc,heap     ] GC(50) Humongous regions: 149->149
[2026-01-16T08:43:55.836+0000][gc,metaspace] GC(50) Metaspace: 10197K(10496K)->10197K(10496K) NonClass: 9009K(9152K)->9009K(9152K) Class: 1187K(1344K)->1187K(1344K)
[2026-01-16T08:43:55.841+0000][gc          ] GC(50) Pause Young (Normal) (G1 Evacuation Pause) 249M->205M(1024M) 1713.810ms
[2026-01-16T08:43:55.851+0000][gc,cpu      ] GC(50) User=0.95s Sys=0.15s Real=1.73s
[2026-01-16T08:44:04.155+0000][gc,start    ] GC(51) Pause Young (Normal) (G1 Evacuation Pause)
[2026-01-16T08:44:04.200+0000][gc,task     ] GC(51) Using 8 workers of 8 for evacuation
[2026-01-16T08:44:06.192+0000][gc,mmu      ] GC(51) MMU target violated: 201.0ms (200.0ms/201.0ms)
[2026-01-16T08:44:06.202+0000][gc,phases   ] GC(51)   Pre Evacuate Collection Set: 190.7ms
[2026-01-16T08:44:06.203+0000][gc,phases   ] GC(51)   Merge Heap Roots: 6.9ms
[2026-01-16T08:44:06.205+0000][gc,phases   ] GC(51)   Evacuate Collection Set: 1682.3ms
[2026-01-16T08:44:06.206+0000][gc,phases   ] GC(51)   Post Evacuate Collection Set: 50.2ms
[2026-01-16T08:44:06.207+0000][gc,phases   ] GC(51)   Other: 94.7ms
[2026-01-16T08:44:06.211+0000][gc,heap     ] GC(51) Eden regions: 46->0(47)
[2026-01-16T08:44:06.212+0000][gc,heap     ] GC(51) Survivor regions: 5->4(7)
[2026-01-16T08:44:06.213+0000][gc,heap     ] GC(51) Old regions: 52->53
[2026-01-16T08:44:06.214+0000][gc,heap     ] GC(51) Humongous regions: 149->149
[2026-01-16T08:44:06.216+0000][gc,metaspace] GC(51) Metaspace: 10220K(10496K)->10220K(10496K) NonClass: 9026K(9152K)->9026K(9152K) Class: 1194K(1344K)->1194K(1344K)
[2026-01-16T08:44:06.220+0000][gc          ] GC(51) Pause Young (Normal) (G1 Evacuation Pause) 251M->205M(1024M) 2065.049ms
[2026-01-16T08:44:06.220+0000][gc,cpu      ] GC(51) User=0.77s Sys=0.10s Real=2.07s
[2026-01-16T08:44:10.020+0000][gc,start    ] GC(52) Pause Young (Normal) (G1 Evacuation Pause)
[2026-01-16T08:44:10.056+0000][gc,task     ] GC(52) Using 8 workers of 8 for evacuation
[2026-01-16T08:44:10.532+0000][gc,mmu      ] GC(52) MMU target violated: 201.0ms (200.0ms/201.0ms)
[2026-01-16T08:44:10.537+0000][gc,phases   ] GC(52)   Pre Evacuate Collection Set: 92.2ms
[2026-01-16T08:44:10.537+0000][gc,phases   ] GC(52)   Merge Heap Roots: 0.4ms
[2026-01-16T08:44:10.545+0000][gc,phases   ] GC(52)   Evacuate Collection Set: 341.4ms
[2026-01-16T08:44:10.548+0000][gc,phases   ] GC(52)   Post Evacuate Collection Set: 33.6ms
[2026-01-16T08:44:10.550+0000][gc,phases   ] GC(52)   Other: 32.6ms
[2026-01-16T08:44:10.553+0000][gc,heap     ] GC(52) Eden regions: 47->0(47)
[2026-01-16T08:44:10.556+0000][gc,heap     ] GC(52) Survivor regions: 4->4(7)
[2026-01-16T08:44:10.559+0000][gc,heap     ] GC(52) Old regions: 53->53
[2026-01-16T08:44:10.563+0000][gc,heap     ] GC(52) Humongous regions: 149->149
[2026-01-16T08:44:10.567+0000][gc,metaspace] GC(52) Metaspace: 10247K(10560K)->10247K(10560K) NonClass: 9046K(9216K)->9046K(9216K) Class: 1201K(1344K)->1201K(1344K)
[2026-01-16T08:44:10.569+0000][gc          ] GC(52) Pause Young (Normal) (G1 Evacuation Pause) 252M->205M(1024M) 548.813ms
[2026-01-16T08:44:10.570+0000][gc,cpu      ] GC(52) User=0.44s Sys=0.03s Real=0.56s
[2026-01-16T08:44:18.437+0000][gc,start    ] GC(53) Pause Young (Normal) (G1 Evacuation Pause)
[2026-01-16T08:44:18.453+0000][gc,task     ] GC(53) Using 8 workers of 8 for evacuation
[2026-01-16T08:44:20.473+0000][gc,mmu      ] GC(53) MMU target violated: 201.0ms (200.0ms/201.0ms)
[2026-01-16T08:44:20.474+0000][gc,phases   ] GC(53)   Pre Evacuate Collection Set: 136.6ms
[2026-01-16T08:44:20.475+0000][gc,phases   ] GC(53)   Merge Heap Roots: 13.5ms
[2026-01-16T08:44:20.479+0000][gc,phases   ] GC(53)   Evacuate Collection Set: 1643.2ms
[2026-01-16T08:44:20.480+0000][gc,phases   ] GC(53)   Post Evacuate Collection Set: 222.3ms
[2026-01-16T08:44:20.483+0000][gc,phases   ] GC(53)   Other: 9.7ms
[2026-01-16T08:44:20.489+0000][gc,heap     ] GC(53) Eden regions: 47->0(46)
[2026-01-16T08:44:20.492+0000][gc,heap     ] GC(53) Survivor regions: 4->5(7)
[2026-01-16T08:44:20.494+0000][gc,heap     ] GC(53) Old regions: 53->53
[2026-01-16T08:44:20.494+0000][gc,heap     ] GC(53) Humongous regions: 149->149
[2026-01-16T08:44:20.495+0000][gc,metaspace] GC(53) Metaspace: 10300K(10560K)->10300K(10560K) NonClass: 9096K(9216K)->9096K(9216K) Class: 1203K(1344K)->1203K(1344K)
[2026-01-16T08:44:20.496+0000][gc          ] GC(53) Pause Young (Normal) (G1 Evacuation Pause) 252M->206M(1024M) 2058.297ms
[2026-01-16T08:44:20.496+0000][gc,cpu      ] GC(53) User=0.76s Sys=0.07s Real=2.06s
[2026-01-16T08:44:26.623+0000][gc,start    ] GC(54) Pause Young (Normal) (G1 Evacuation Pause)
[2026-01-16T08:44:26.625+0000][gc,task     ] GC(54) Using 8 workers of 8 for evacuation
[2026-01-16T08:44:27.377+0000][gc,mmu      ] GC(54) MMU target violated: 201.0ms (200.0ms/201.0ms)
[2026-01-16T08:44:27.379+0000][gc,phases   ] GC(54)   Pre Evacuate Collection Set: 49.6ms
[2026-01-16T08:44:27.379+0000][gc,phases   ] GC(54)   Merge Heap Roots: 2.5ms
[2026-01-16T08:44:27.379+0000][gc,phases   ] GC(54)   Evacuate Collection Set: 669.5ms
[2026-01-16T08:44:27.379+0000][gc,phases   ] GC(54)   Post Evacuate Collection Set: 25.5ms
[2026-01-16T08:44:27.380+0000][gc,phases   ] GC(54)   Other: 6.9ms
[2026-01-16T08:44:27.381+0000][gc,heap     ] GC(54) Eden regions: 46->0(46)
[2026-01-16T08:44:27.381+0000][gc,heap     ] GC(54) Survivor regions: 5->5(7)
[2026-01-16T08:44:27.383+0000][gc,heap     ] GC(54) Old regions: 53->54
[2026-01-16T08:44:27.385+0000][gc,heap     ] GC(54) Humongous regions: 149->149
[2026-01-16T08:44:27.387+0000][gc,metaspace] GC(54) Metaspace: 10328K(10688K)->10328K(10688K) NonClass: 9118K(9344K)->9118K(9344K) Class: 1210K(1344K)->1210K(1344K)
[2026-01-16T08:44:27.391+0000][gc          ] GC(54) Pause Young (Normal) (G1 Evacuation Pause) 252M->206M(1024M) 768.270ms
[2026-01-16T08:44:27.392+0000][gc,cpu      ] GC(54) User=0.57s Sys=0.12s Real=0.77s
[2026-01-16T08:44:37.371+0000][gc,start    ] GC(55) Pause Young (Normal) (G1 Evacuation Pause)
[2026-01-16T08:44:37.373+0000][gc,task     ] GC(55) Using 8 workers of 8 for evacuation
[2026-01-16T08:44:38.567+0000][gc,mmu      ] GC(55) MMU target violated: 201.0ms (200.0ms/201.0ms)
[2026-01-16T08:44:38.568+0000][gc,phases   ] GC(55)   Pre Evacuate Collection Set: 58.9ms
[2026-01-16T08:44:38.568+0000][gc,phases   ] GC(55)   Merge Heap Roots: 3.5ms
[2026-01-16T08:44:38.569+0000][gc,phases   ] GC(55)   Evacuate Collection Set: 1090.9ms
[2026-01-16T08:44:38.569+0000][gc,phases   ] GC(55)   Post Evacuate Collection Set: 42.1ms
[2026-01-16T08:44:38.570+0000][gc,phases   ] GC(55)   Other: 3.4ms
[2026-01-16T08:44:38.570+0000][gc,heap     ] GC(55) Eden regions: 46->0(46)
[2026-01-16T08:44:38.571+0000][gc,heap     ] GC(55) Survivor regions: 5->5(7)
[2026-01-16T08:44:38.571+0000][gc,heap     ] GC(55) Old regions: 54->55
[2026-01-16T08:44:38.572+0000][gc,heap     ] GC(55) Humongous regions: 149->149
[2026-01-16T08:44:38.574+0000][gc,metaspace] GC(55) Metaspace: 10347K(10688K)->10347K(10688K) NonClass: 9134K(9344K)->9134K(9344K) Class: 1212K(1344K)->1212K(1344K)
[2026-01-16T08:44:38.575+0000][gc          ] GC(55) Pause Young (Normal) (G1 Evacuation Pause) 252M->207M(1024M) 1206.618ms
[2026-01-16T08:44:38.575+0000][gc,cpu      ] GC(55) User=0.57s Sys=0.06s Real=1.21s
[2026-01-16T08:44:43.302+0000][gc,start    ] GC(56) Pause Young (Normal) (G1 Evacuation Pause)
[2026-01-16T08:44:43.313+0000][gc,task     ] GC(56) Using 8 workers of 8 for evacuation
[2026-01-16T08:44:44.210+0000][gc,mmu      ] GC(56) MMU target violated: 201.0ms (200.0ms/201.0ms)
[2026-01-16T08:44:44.211+0000][gc,phases   ] GC(56)   Pre Evacuate Collection Set: 45.8ms
[2026-01-16T08:44:44.217+0000][gc,phases   ] GC(56)   Merge Heap Roots: 4.9ms
[2026-01-16T08:44:44.221+0000][gc,phases   ] GC(56)   Evacuate Collection Set: 733.9ms
[2026-01-16T08:44:44.221+0000][gc,phases   ] GC(56)   Post Evacuate Collection Set: 106.3ms
[2026-01-16T08:44:44.222+0000][gc,phases   ] GC(56)   Other: 7.6ms
[2026-01-16T08:44:44.222+0000][gc,heap     ] GC(56) Eden regions: 46->0(46)
[2026-01-16T08:44:44.222+0000][gc,heap     ] GC(56) Survivor regions: 5->5(7)
[2026-01-16T08:44:44.222+0000][gc,heap     ] GC(56) Old regions: 55->56
[2026-01-16T08:44:44.222+0000][gc,heap     ] GC(56) Humongous regions: 149->149
[2026-01-16T08:44:44.222+0000][gc,metaspace] GC(56) Metaspace: 10370K(10688K)->10370K(10688K) NonClass: 9150K(9344K)->9150K(9344K) Class: 1219K(1344K)->1219K(1344K)
[2026-01-16T08:44:44.222+0000][gc          ] GC(56) Pause Young (Normal) (G1 Evacuation Pause) 253M->208M(1024M) 920.254ms
[2026-01-16T08:44:44.296+0000][gc,cpu      ] GC(56) User=0.56s Sys=0.08s Real=0.93s
[2026-01-16T08:44:53.727+0000][gc,start    ] GC(57) Pause Young (Normal) (G1 Evacuation Pause)
[2026-01-16T08:44:53.752+0000][gc,task     ] GC(57) Using 8 workers of 8 for evacuation
[2026-01-16T08:44:56.946+0000][gc,mmu      ] GC(57) MMU target violated: 201.0ms (200.0ms/201.0ms)
[2026-01-16T08:44:56.948+0000][gc,phases   ] GC(57)   Pre Evacuate Collection Set: 1195.4ms
[2026-01-16T08:44:56.952+0000][gc,phases   ] GC(57)   Merge Heap Roots: 25.5ms
[2026-01-16T08:44:56.955+0000][gc,phases   ] GC(57)   Evacuate Collection Set: 1784.4ms
[2026-01-16T08:44:56.956+0000][gc,phases   ] GC(57)   Post Evacuate Collection Set: 151.9ms
[2026-01-16T08:44:56.958+0000][gc,phases   ] GC(57)   Other: 39.9ms
[2026-01-16T08:44:56.960+0000][gc,heap     ] GC(57) Eden regions: 46->0(47)
[2026-01-16T08:44:56.971+0000][gc,heap     ] GC(57) Survivor regions: 5->4(7)
[2026-01-16T08:44:56.972+0000][gc,heap     ] GC(57) Old regions: 56->57
[2026-01-16T08:44:56.973+0000][gc,heap     ] GC(57) Humongous regions: 149->149
[2026-01-16T08:44:56.980+0000][gc,metaspace] GC(57) Metaspace: 10383K(10688K)->10383K(10688K) NonClass: 9161K(9344K)->9161K(9344K) Class: 1222K(1344K)->1222K(1344K)
[2026-01-16T08:44:56.982+0000][gc          ] GC(57) Pause Young (Normal) (G1 Evacuation Pause) 254M->209M(1024M) 3255.258ms
[2026-01-16T08:44:57.015+0000][gc,cpu      ] GC(57) User=0.97s Sys=0.27s Real=3.28s
[2026-01-16T08:45:03.905+0000][gc,start    ] GC(58) Pause Young (Normal) (G1 Evacuation Pause)
[2026-01-16T08:45:03.929+0000][gc,task     ] GC(58) Using 8 workers of 8 for evacuation
[2026-01-16T08:45:06.991+0000][gc,mmu      ] GC(58) MMU target violated: 201.0ms (200.0ms/201.0ms)
[2026-01-16T08:45:07.047+0000][gc,phases   ] GC(58)   Pre Evacuate Collection Set: 437.7ms
[2026-01-16T08:45:07.050+0000][gc,phases   ] GC(58)   Merge Heap Roots: 18.7ms
[2026-01-16T08:45:07.053+0000][gc,phases   ] GC(58)   Evacuate Collection Set: 2216.6ms
[2026-01-16T08:45:07.054+0000][gc,phases   ] GC(58)   Post Evacuate Collection Set: 374.3ms
[2026-01-16T08:45:07.055+0000][gc,phases   ] GC(58)   Other: 76.8ms
[2026-01-16T08:45:07.071+0000][gc,heap     ] GC(58) Eden regions: 47->0(46)
[2026-01-16T08:45:07.080+0000][gc,heap     ] GC(58) Survivor regions: 4->5(7)
[2026-01-16T08:45:07.086+0000][gc,heap     ] GC(58) Old regions: 57->58
[2026-01-16T08:45:07.094+0000][gc,heap     ] GC(58) Humongous regions: 149->149
[2026-01-16T08:45:07.095+0000][gc,metaspace] GC(58) Metaspace: 10394K(10688K)->10394K(10688K) NonClass: 9170K(9344K)->9170K(9344K) Class: 1224K(1344K)->1224K(1344K)
[2026-01-16T08:45:07.099+0000][gc          ] GC(58) Pause Young (Normal) (G1 Evacuation Pause) 256M->210M(1024M) 3194.545ms
[2026-01-16T08:45:07.102+0000][gc,cpu      ] GC(58) User=1.10s Sys=0.16s Real=3.20s
[2026-01-16T08:45:12.109+0000][gc,start    ] GC(59) Pause Young (Normal) (G1 Evacuation Pause)
[2026-01-16T08:45:12.117+0000][gc,task     ] GC(59) Using 8 workers of 8 for evacuation
[2026-01-16T08:45:13.500+0000][gc,mmu      ] GC(59) MMU target violated: 201.0ms (200.0ms/201.0ms)
[2026-01-16T08:45:13.504+0000][gc,phases   ] GC(59)   Pre Evacuate Collection Set: 104.0ms
[2026-01-16T08:45:13.504+0000][gc,phases   ] GC(59)   Merge Heap Roots: 14.3ms
[2026-01-16T08:45:13.504+0000][gc,phases   ] GC(59)   Evacuate Collection Set: 1187.4ms
[2026-01-16T08:45:13.504+0000][gc,phases   ] GC(59)   Post Evacuate Collection Set: 71.4ms
[2026-01-16T08:45:13.504+0000][gc,phases   ] GC(59)   Other: 9.0ms
[2026-01-16T08:45:13.505+0000][gc,heap     ] GC(59) Eden regions: 46->0(47)
[2026-01-16T08:45:13.505+0000][gc,heap     ] GC(59) Survivor regions: 5->4(7)
[2026-01-16T08:45:13.505+0000][gc,heap     ] GC(59) Old regions: 58->58
[2026-01-16T08:45:13.506+0000][gc,heap     ] GC(59) Humongous regions: 149->149
[2026-01-16T08:45:13.506+0000][gc,metaspace] GC(59) Metaspace: 10403K(10688K)->10403K(10688K) NonClass: 9178K(9344K)->9178K(9344K) Class: 1225K(1344K)->1225K(1344K)
[2026-01-16T08:45:13.511+0000][gc          ] GC(59) Pause Young (Normal) (G1 Evacuation Pause) 256M->210M(1024M) 1400.992ms
[2026-01-16T08:45:13.513+0000][gc,cpu      ] GC(59) User=0.63s Sys=0.07s Real=1.40s
[2026-01-16T08:45:20.023+0000][gc,start    ] GC(60) Pause Young (Normal) (G1 Evacuation Pause)
[2026-01-16T08:45:20.134+0000][gc,task     ] GC(60) Using 8 workers of 8 for evacuation
[2026-01-16T08:45:20.769+0000][gc,mmu      ] GC(60) MMU target violated: 201.0ms (200.0ms/201.0ms)
[2026-01-16T08:45:20.771+0000][gc,phases   ] GC(60)   Pre Evacuate Collection Set: 39.9ms
[2026-01-16T08:45:20.771+0000][gc,phases   ] GC(60)   Merge Heap Roots: 0.4ms
[2026-01-16T08:45:20.772+0000][gc,phases   ] GC(60)   Evacuate Collection Set: 574.6ms
[2026-01-16T08:45:20.773+0000][gc,phases   ] GC(60)   Post Evacuate Collection Set: 19.7ms
[2026-01-16T08:45:20.773+0000][gc,phases   ] GC(60)   Other: 17.6ms
[2026-01-16T08:45:20.775+0000][gc,heap     ] GC(60) Eden regions: 47->0(46)
[2026-01-16T08:45:20.776+0000][gc,heap     ] GC(60) Survivor regions: 4->5(7)
[2026-01-16T08:45:20.777+0000][gc,heap     ] GC(60) Old regions: 58->59
[2026-01-16T08:45:20.780+0000][gc,heap     ] GC(60) Humongous regions: 149->149
[2026-01-16T08:45:20.781+0000][gc,metaspace] GC(60) Metaspace: 10416K(10752K)->10416K(10752K) NonClass: 9189K(9408K)->9189K(9408K) Class: 1226K(1344K)->1226K(1344K)
[2026-01-16T08:45:20.783+0000][gc          ] GC(60) Pause Young (Normal) (G1 Evacuation Pause) 257M->211M(1024M) 760.119ms
[2026-01-16T08:45:20.786+0000][gc,cpu      ] GC(60) User=0.56s Sys=0.05s Real=0.77s
[2026-01-16T08:45:26.666+0000][gc,start    ] GC(61) Pause Young (Normal) (G1 Evacuation Pause)
[2026-01-16T08:45:26.680+0000][gc,task     ] GC(61) Using 8 workers of 8 for evacuation
[2026-01-16T08:45:27.725+0000][gc,mmu      ] GC(61) MMU target violated: 201.0ms (200.0ms/201.0ms)
[2026-01-16T08:45:27.772+0000][gc,phases   ] GC(61)   Pre Evacuate Collection Set: 108.1ms
[2026-01-16T08:45:27.773+0000][gc,phases   ] GC(61)   Merge Heap Roots: 11.7ms
[2026-01-16T08:45:27.773+0000][gc,phases   ] GC(61)   Evacuate Collection Set: 895.9ms
[2026-01-16T08:45:27.774+0000][gc,phases   ] GC(61)   Post Evacuate Collection Set: 22.1ms
[2026-01-16T08:45:27.774+0000][gc,phases   ] GC(61)   Other: 54.9ms
[2026-01-16T08:45:27.775+0000][gc,heap     ] GC(61) Eden regions: 46->0(46)
[2026-01-16T08:45:27.776+0000][gc,heap     ] GC(61) Survivor regions: 5->5(7)
[2026-01-16T08:45:27.779+0000][gc,heap     ] GC(61) Old regions: 59->60
[2026-01-16T08:45:27.780+0000][gc,heap     ] GC(61) Humongous regions: 149->149
[2026-01-16T08:45:27.781+0000][gc,metaspace] GC(61) Metaspace: 10442K(10816K)->10442K(10816K) NonClass: 9207K(9408K)->9207K(9408K) Class: 1234K(1408K)->1234K(1408K)
[2026-01-16T08:45:27.793+0000][gc          ] GC(61) Pause Young (Normal) (G1 Evacuation Pause) 257M->212M(1024M) 1125.310ms
[2026-01-16T08:45:27.817+0000][gc,cpu      ] GC(61) User=0.66s Sys=0.10s Real=1.13s
[2026-01-16T08:45:36.464+0000][gc,start    ] GC(62) Pause Young (Normal) (G1 Evacuation Pause)
[2026-01-16T08:45:36.552+0000][gc,task     ] GC(62) Using 8 workers of 8 for evacuation
[2026-01-16T08:45:39.167+0000][gc,mmu      ] GC(62) MMU target violated: 201.0ms (200.0ms/201.0ms)
[2026-01-16T08:45:39.227+0000][gc,phases   ] GC(62)   Pre Evacuate Collection Set: 205.4ms
[2026-01-16T08:45:39.229+0000][gc,phases   ] GC(62)   Merge Heap Roots: 3.3ms
[2026-01-16T08:45:39.232+0000][gc,phases   ] GC(62)   Evacuate Collection Set: 2233.3ms
[2026-01-16T08:45:39.248+0000][gc,phases   ] GC(62)   Post Evacuate Collection Set: 168.7ms
[2026-01-16T08:45:39.269+0000][gc,phases   ] GC(62)   Other: 99.4ms
[2026-01-16T08:45:39.323+0000][gc,heap     ] GC(62) Eden regions: 46->0(46)
[2026-01-16T08:45:39.328+0000][gc,heap     ] GC(62) Survivor regions: 5->5(7)
[2026-01-16T08:45:39.333+0000][gc,heap     ] GC(62) Old regions: 60->61
[2026-01-16T08:45:39.334+0000][gc,heap     ] GC(62) Humongous regions: 149->149
[2026-01-16T08:45:39.336+0000][gc,metaspace] GC(62) Metaspace: 10451K(10816K)->10451K(10816K) NonClass: 9215K(9408K)->9215K(9408K) Class: 1235K(1408K)->1235K(1408K)
[2026-01-16T08:45:39.350+0000][gc          ] GC(62) Pause Young (Normal) (G1 Evacuation Pause) 258M->213M(1024M) 2894.490ms
[2026-01-16T08:45:39.353+0000][gc,cpu      ] GC(62) User=0.97s Sys=0.12s Real=2.90s
[2026-01-16T08:45:47.407+0000][gc,start    ] GC(63) Pause Young (Normal) (G1 Evacuation Pause)
[2026-01-16T08:45:47.409+0000][gc,task     ] GC(63) Using 8 workers of 8 for evacuation
[2026-01-16T08:45:50.108+0000][gc,mmu      ] GC(63) MMU target violated: 201.0ms (200.0ms/201.0ms)
[2026-01-16T08:45:50.139+0000][gc,phases   ] GC(63)   Pre Evacuate Collection Set: 51.2ms
[2026-01-16T08:45:50.144+0000][gc,phases   ] GC(63)   Merge Heap Roots: 1.7ms
[2026-01-16T08:45:50.148+0000][gc,phases   ] GC(63)   Evacuate Collection Set: 2116.3ms
[2026-01-16T08:45:50.152+0000][gc,phases   ] GC(63)   Post Evacuate Collection Set: 520.1ms
[2026-01-16T08:45:50.157+0000][gc,phases   ] GC(63)   Other: 41.1ms
[2026-01-16T08:45:50.173+0000][gc,heap     ] GC(63) Eden regions: 46->0(46)
[2026-01-16T08:45:50.174+0000][gc,heap     ] GC(63) Survivor regions: 5->5(7)
[2026-01-16T08:45:50.174+0000][gc,heap     ] GC(63) Old regions: 61->62
[2026-01-16T08:45:50.174+0000][gc,heap     ] GC(63) Humongous regions: 149->149
[2026-01-16T08:45:50.174+0000][gc,metaspace] GC(63) Metaspace: 10454K(10816K)->10454K(10816K) NonClass: 9218K(9408K)->9218K(9408K) Class: 1236K(1408K)->1236K(1408K)
[2026-01-16T08:45:50.175+0000][gc          ] GC(63) Pause Young (Normal) (G1 Evacuation Pause) 259M->214M(1024M) 2767.741ms
[2026-01-16T08:45:50.177+0000][gc,cpu      ] GC(63) User=0.86s Sys=0.14s Real=2.77s
[2026-01-16T08:45:55.557+0000][gc,start    ] GC(64) Pause Young (Normal) (G1 Evacuation Pause)
[2026-01-16T08:45:55.751+0000][gc,task     ] GC(64) Using 8 workers of 8 for evacuation
[2026-01-16T08:45:56.713+0000][gc,mmu      ] GC(64) MMU target violated: 201.0ms (200.0ms/201.0ms)
[2026-01-16T08:45:56.724+0000][gc,phases   ] GC(64)   Pre Evacuate Collection Set: 97.7ms
[2026-01-16T08:45:56.726+0000][gc,phases   ] GC(64)   Merge Heap Roots: 6.2ms
[2026-01-16T08:45:56.731+0000][gc,phases   ] GC(64)   Evacuate Collection Set: 814.3ms
[2026-01-16T08:45:56.734+0000][gc,phases   ] GC(64)   Post Evacuate Collection Set: 42.4ms
[2026-01-16T08:45:56.736+0000][gc,phases   ] GC(64)   Other: 12.6ms
[2026-01-16T08:45:56.736+0000][gc,heap     ] GC(64) Eden regions: 46->0(47)
[2026-01-16T08:45:56.737+0000][gc,heap     ] GC(64) Survivor regions: 5->4(7)
[2026-01-16T08:45:56.738+0000][gc,heap     ] GC(64) Old regions: 62->62
[2026-01-16T08:45:56.739+0000][gc,heap     ] GC(64) Humongous regions: 149->149
[2026-01-16T08:45:56.739+0000][gc,metaspace] GC(64) Metaspace: 10471K(10816K)->10471K(10816K) NonClass: 9232K(9408K)->9232K(9408K) Class: 1238K(1408K)->1238K(1408K)
[2026-01-16T08:45:56.745+0000][gc          ] GC(64) Pause Young (Normal) (G1 Evacuation Pause) 260M->214M(1024M) 1187.825ms
[2026-01-16T08:45:56.747+0000][gc,cpu      ] GC(64) User=0.56s Sys=0.07s Real=1.19s
[2026-01-16T08:46:01.243+0000][gc,start    ] GC(65) Pause Young (Normal) (G1 Evacuation Pause)
[2026-01-16T08:46:01.255+0000][gc,task     ] GC(65) Using 8 workers of 8 for evacuation
[2026-01-16T08:46:03.124+0000][gc,mmu      ] GC(65) MMU target violated: 201.0ms (200.0ms/201.0ms)
[2026-01-16T08:46:03.126+0000][gc,phases   ] GC(65)   Pre Evacuate Collection Set: 140.7ms
[2026-01-16T08:46:03.126+0000][gc,phases   ] GC(65)   Merge Heap Roots: 26.2ms
[2026-01-16T08:46:03.126+0000][gc,phases   ] GC(65)   Evacuate Collection Set: 1638.7ms
[2026-01-16T08:46:03.126+0000][gc,phases   ] GC(65)   Post Evacuate Collection Set: 48.1ms
[2026-01-16T08:46:03.126+0000][gc,phases   ] GC(65)   Other: 17.3ms
[2026-01-16T08:46:03.126+0000][gc,heap     ] GC(65) Eden regions: 47->0(46)
[2026-01-16T08:46:03.126+0000][gc,heap     ] GC(65) Survivor regions: 4->5(7)
[2026-01-16T08:46:03.127+0000][gc,heap     ] GC(65) Old regions: 62->63
[2026-01-16T08:46:03.127+0000][gc,heap     ] GC(65) Humongous regions: 149->149
[2026-01-16T08:46:03.127+0000][gc,metaspace] GC(65) Metaspace: 10484K(10816K)->10484K(10816K) NonClass: 9244K(9408K)->9244K(9408K) Class: 1240K(1408K)->1240K(1408K)
[2026-01-16T08:46:03.127+0000][gc          ] GC(65) Pause Young (Normal) (G1 Evacuation Pause) 261M->216M(1024M) 1883.454ms
[2026-01-16T08:46:03.127+0000][gc,cpu      ] GC(65) User=0.69s Sys=0.22s Real=1.88s
[2026-01-16T08:46:04.769+0000][gc,start    ] GC(66) Pause Young (Normal) (G1 Evacuation Pause)
[2026-01-16T08:46:04.771+0000][gc,task     ] GC(66) Using 8 workers of 8 for evacuation
[2026-01-16T08:46:05.454+0000][gc,mmu      ] GC(66) MMU target violated: 201.0ms (200.0ms/201.0ms)
[2026-01-16T08:46:05.456+0000][gc,phases   ] GC(66)   Pre Evacuate Collection Set: 84.9ms
[2026-01-16T08:46:05.457+0000][gc,phases   ] GC(66)   Merge Heap Roots: 0.4ms
[2026-01-16T08:46:05.458+0000][gc,phases   ] GC(66)   Evacuate Collection Set: 586.1ms
[2026-01-16T08:46:05.459+0000][gc,phases   ] GC(66)   Post Evacuate Collection Set: 8.0ms
[2026-01-16T08:46:05.460+0000][gc,phases   ] GC(66)   Other: 5.5ms
[2026-01-16T08:46:05.460+0000][gc,heap     ] GC(66) Eden regions: 46->0(46)
[2026-01-16T08:46:05.460+0000][gc,heap     ] GC(66) Survivor regions: 5->5(7)
[2026-01-16T08:46:05.461+0000][gc,heap     ] GC(66) Old regions: 63->64
[2026-01-16T08:46:05.461+0000][gc,heap     ] GC(66) Humongous regions: 149->149
[2026-01-16T08:46:05.461+0000][gc,metaspace] GC(66) Metaspace: 10498K(10816K)->10498K(10816K) NonClass: 9254K(9408K)->9254K(9408K) Class: 1243K(1408K)->1243K(1408K)
[2026-01-16T08:46:05.462+0000][gc          ] GC(66) Pause Young (Normal) (G1 Evacuation Pause) 262M->216M(1024M) 693.435ms
[2026-01-16T08:46:05.464+0000][gc,cpu      ] GC(66) User=0.23s Sys=0.08s Real=0.69s
[2026-01-16T08:46:06.381+0000][gc,start    ] GC(67) Pause Young (Normal) (G1 Evacuation Pause)
[2026-01-16T08:46:06.398+0000][gc,task     ] GC(67) Using 8 workers of 8 for evacuation
[2026-01-16T08:46:06.788+0000][gc,mmu      ] GC(67) MMU target violated: 201.0ms (200.0ms/201.0ms)
[2026-01-16T08:46:06.790+0000][gc,phases   ] GC(67)   Pre Evacuate Collection Set: 21.1ms
[2026-01-16T08:46:06.791+0000][gc,phases   ] GC(67)   Merge Heap Roots: 26.4ms
[2026-01-16T08:46:06.791+0000][gc,phases   ] GC(67)   Evacuate Collection Set: 332.2ms
[2026-01-16T08:46:06.792+0000][gc,phases   ] GC(67)   Post Evacuate Collection Set: 8.0ms
[2026-01-16T08:46:06.792+0000][gc,phases   ] GC(67)   Other: 4.1ms
[2026-01-16T08:46:06.793+0000][gc,heap     ] GC(67) Eden regions: 46->0(47)
[2026-01-16T08:46:06.793+0000][gc,heap     ] GC(67) Survivor regions: 5->4(7)
[2026-01-16T08:46:06.794+0000][gc,heap     ] GC(67) Old regions: 64->65
[2026-01-16T08:46:06.794+0000][gc,heap     ] GC(67) Humongous regions: 149->149
[2026-01-16T08:46:06.795+0000][gc,metaspace] GC(67) Metaspace: 10509K(10880K)->10509K(10880K) NonClass: 9263K(9472K)->9263K(9472K) Class: 1245K(1408K)->1245K(1408K)
[2026-01-16T08:46:06.795+0000][gc          ] GC(67) Pause Young (Normal) (G1 Evacuation Pause) 262M->217M(1024M) 414.140ms
[2026-01-16T08:46:06.796+0000][gc,cpu      ] GC(67) User=0.09s Sys=0.01s Real=0.41s
[2026-01-16T08:46:09.101+0000][gc,start    ] GC(68) Pause Young (Normal) (G1 Evacuation Pause)
[2026-01-16T08:46:09.102+0000][gc,task     ] GC(68) Using 8 workers of 8 for evacuation
[2026-01-16T08:46:09.352+0000][gc,mmu      ] GC(68) MMU target violated: 201.0ms (200.0ms/201.0ms)
[2026-01-16T08:46:09.355+0000][gc,phases   ] GC(68)   Pre Evacuate Collection Set: 15.5ms
[2026-01-16T08:46:09.355+0000][gc,phases   ] GC(68)   Merge Heap Roots: 4.6ms
[2026-01-16T08:46:09.356+0000][gc,phases   ] GC(68)   Evacuate Collection Set: 223.3ms
[2026-01-16T08:46:09.356+0000][gc,phases   ] GC(68)   Post Evacuate Collection Set: 3.6ms
[2026-01-16T08:46:09.356+0000][gc,phases   ] GC(68)   Other: 6.3ms
[2026-01-16T08:46:09.356+0000][gc,heap     ] GC(68) Eden regions: 47->0(46)
[2026-01-16T08:46:09.356+0000][gc,heap     ] GC(68) Survivor regions: 4->5(7)
[2026-01-16T08:46:09.356+0000][gc,heap     ] GC(68) Old regions: 65->65
[2026-01-16T08:46:09.356+0000][gc,heap     ] GC(68) Humongous regions: 149->149
[2026-01-16T08:46:09.357+0000][gc,metaspace] GC(68) Metaspace: 10534K(10880K)->10534K(10880K) NonClass: 9282K(9472K)->9282K(9472K) Class: 1251K(1408K)->1251K(1408K)
[2026-01-16T08:46:09.357+0000][gc          ] GC(68) Pause Young (Normal) (G1 Evacuation Pause) 264M->217M(1024M) 256.388ms
[2026-01-16T08:46:09.358+0000][gc,cpu      ] GC(68) User=0.14s Sys=0.00s Real=0.25s
[2026-01-16T08:46:11.576+0000][gc,start    ] GC(69) Pause Young (Normal) (G1 Evacuation Pause)
[2026-01-16T08:46:11.580+0000][gc,task     ] GC(69) Using 8 workers of 8 for evacuation
[2026-01-16T08:46:11.870+0000][gc,mmu      ] GC(69) MMU target violated: 201.0ms (200.0ms/201.0ms)
[2026-01-16T08:46:11.871+0000][gc,phases   ] GC(69)   Pre Evacuate Collection Set: 39.5ms
[2026-01-16T08:46:11.872+0000][gc,phases   ] GC(69)   Merge Heap Roots: 3.6ms
[2026-01-16T08:46:11.874+0000][gc,phases   ] GC(69)   Evacuate Collection Set: 236.1ms
[2026-01-16T08:46:11.874+0000][gc,phases   ] GC(69)   Post Evacuate Collection Set: 11.0ms
[2026-01-16T08:46:11.875+0000][gc,phases   ] GC(69)   Other: 1.1ms
[2026-01-16T08:46:11.875+0000][gc,heap     ] GC(69) Eden regions: 46->0(46)
[2026-01-16T08:46:11.878+0000][gc,heap     ] GC(69) Survivor regions: 5->5(7)
[2026-01-16T08:46:11.879+0000][gc,heap     ] GC(69) Old regions: 65->66
[2026-01-16T08:46:11.880+0000][gc,heap     ] GC(69) Humongous regions: 149->149
[2026-01-16T08:46:11.880+0000][gc,metaspace] GC(69) Metaspace: 10553K(10880K)->10553K(10880K) NonClass: 9299K(9472K)->9299K(9472K) Class: 1254K(1408K)->1254K(1408K)
[2026-01-16T08:46:11.880+0000][gc          ] GC(69) Pause Young (Normal) (G1 Evacuation Pause) 263M->219M(1024M) 304.401ms
[2026-01-16T08:46:11.882+0000][gc,cpu      ] GC(69) User=0.13s Sys=0.01s Real=0.31s
[2026-01-16T08:46:13.846+0000][gc,start    ] GC(70) Pause Young (Normal) (G1 Evacuation Pause)
[2026-01-16T08:46:13.859+0000][gc,task     ] GC(70) Using 8 workers of 8 for evacuation
[2026-01-16T08:46:14.081+0000][gc,mmu      ] GC(70) MMU target violated: 201.0ms (200.0ms/201.0ms)
[2026-01-16T08:46:14.081+0000][gc,phases   ] GC(70)   Pre Evacuate Collection Set: 14.4ms
[2026-01-16T08:46:14.081+0000][gc,phases   ] GC(70)   Merge Heap Roots: 6.0ms
[2026-01-16T08:46:14.081+0000][gc,phases   ] GC(70)   Evacuate Collection Set: 181.9ms
[2026-01-16T08:46:14.081+0000][gc,phases   ] GC(70)   Post Evacuate Collection Set: 15.7ms
[2026-01-16T08:46:14.081+0000][gc,phases   ] GC(70)   Other: 4.5ms
[2026-01-16T08:46:14.082+0000][gc,heap     ] GC(70) Eden regions: 46->0(47)
[2026-01-16T08:46:14.082+0000][gc,heap     ] GC(70) Survivor regions: 5->4(7)
[2026-01-16T08:46:14.082+0000][gc,heap     ] GC(70) Old regions: 66->67
[2026-01-16T08:46:14.082+0000][gc,heap     ] GC(70) Humongous regions: 149->149
[2026-01-16T08:46:14.082+0000][gc,metaspace] GC(70) Metaspace: 10565K(10880K)->10565K(10880K) NonClass: 9307K(9472K)->9307K(9472K) Class: 1257K(1408K)->1257K(1408K)
[2026-01-16T08:46:14.082+0000][gc          ] GC(70) Pause Young (Normal) (G1 Evacuation Pause) 265M->219M(1024M) 235.743ms
[2026-01-16T08:46:14.082+0000][gc,cpu      ] GC(70) User=0.11s Sys=0.01s Real=0.24s
[2026-01-16T08:46:16.126+0000][gc,start    ] GC(71) Pause Young (Normal) (G1 Evacuation Pause)
[2026-01-16T08:46:16.148+0000][gc,task     ] GC(71) Using 8 workers of 8 for evacuation
[2026-01-16T08:46:16.845+0000][gc,mmu      ] GC(71) MMU target violated: 201.0ms (200.0ms/201.0ms)
[2026-01-16T08:46:16.869+0000][gc,phases   ] GC(71)   Pre Evacuate Collection Set: 36.8ms
[2026-01-16T08:46:16.872+0000][gc,phases   ] GC(71)   Merge Heap Roots: 22.9ms
[2026-01-16T08:46:16.873+0000][gc,phases   ] GC(71)   Evacuate Collection Set: 617.4ms
[2026-01-16T08:46:16.873+0000][gc,phases   ] GC(71)   Post Evacuate Collection Set: 14.0ms
[2026-01-16T08:46:16.874+0000][gc,phases   ] GC(71)   Other: 30.7ms
[2026-01-16T08:46:16.874+0000][gc,heap     ] GC(71) Eden regions: 47->0(46)
[2026-01-16T08:46:16.875+0000][gc,heap     ] GC(71) Survivor regions: 4->5(7)
[2026-01-16T08:46:16.884+0000][gc,heap     ] GC(71) Old regions: 67->67
[2026-01-16T08:46:16.888+0000][gc,heap     ] GC(71) Humongous regions: 149->149
[2026-01-16T08:46:16.888+0000][gc,metaspace] GC(71) Metaspace: 10569K(10880K)->10569K(10880K) NonClass: 9311K(9472K)->9311K(9472K) Class: 1257K(1408K)->1257K(1408K)
[2026-01-16T08:46:16.892+0000][gc          ] GC(71) Pause Young (Normal) (G1 Evacuation Pause) 266M->220M(1024M) 766.481ms
[2026-01-16T08:46:16.900+0000][gc,cpu      ] GC(71) User=0.20s Sys=0.02s Real=0.78s
[2026-01-16T08:46:18.556+0000][gc,start    ] GC(72) Pause Young (Normal) (G1 Evacuation Pause)
[2026-01-16T08:46:18.557+0000][gc,task     ] GC(72) Using 8 workers of 8 for evacuation
[2026-01-16T08:46:18.788+0000][gc,mmu      ] GC(72) MMU target violated: 201.0ms (200.0ms/201.0ms)
[2026-01-16T08:46:18.789+0000][gc,phases   ] GC(72)   Pre Evacuate Collection Set: 19.1ms
[2026-01-16T08:46:18.791+0000][gc,phases   ] GC(72)   Merge Heap Roots: 0.6ms
[2026-01-16T08:46:18.795+0000][gc,phases   ] GC(72)   Evacuate Collection Set: 206.5ms
[2026-01-16T08:46:18.797+0000][gc,phases   ] GC(72)   Post Evacuate Collection Set: 4.7ms
[2026-01-16T08:46:18.798+0000][gc,phases   ] GC(72)   Other: 1.6ms
[2026-01-16T08:46:18.799+0000][gc,heap     ] GC(72) Eden regions: 46->0(46)
[2026-01-16T08:46:18.799+0000][gc,heap     ] GC(72) Survivor regions: 5->5(7)
[2026-01-16T08:46:18.800+0000][gc,heap     ] GC(72) Old regions: 67->68
[2026-01-16T08:46:18.800+0000][gc,heap     ] GC(72) Humongous regions: 149->149
[2026-01-16T08:46:18.801+0000][gc,metaspace] GC(72) Metaspace: 10573K(10880K)->10573K(10880K) NonClass: 9316K(9472K)->9316K(9472K) Class: 1257K(1408K)->1257K(1408K)
[2026-01-16T08:46:18.803+0000][gc          ] GC(72) Pause Young (Normal) (G1 Evacuation Pause) 266M->221M(1024M) 246.820ms
[2026-01-16T08:46:18.805+0000][gc,cpu      ] GC(72) User=0.14s Sys=0.01s Real=0.25s
[2026-01-16T08:46:22.100+0000][gc,start    ] GC(73) Pause Young (Normal) (G1 Evacuation Pause)
[2026-01-16T08:46:22.113+0000][gc,task     ] GC(73) Using 8 workers of 8 for evacuation
[2026-01-16T08:46:22.513+0000][gc,mmu      ] GC(73) MMU target violated: 201.0ms (200.0ms/201.0ms)
[2026-01-16T08:46:22.525+0000][gc,phases   ] GC(73)   Pre Evacuate Collection Set: 87.7ms
[2026-01-16T08:46:22.525+0000][gc,phases   ] GC(73)   Merge Heap Roots: 0.6ms
[2026-01-16T08:46:22.527+0000][gc,phases   ] GC(73)   Evacuate Collection Set: 278.1ms
[2026-01-16T08:46:22.613+0000][gc,phases   ] GC(73)   Post Evacuate Collection Set: 29.3ms
[2026-01-16T08:46:22.615+0000][gc,phases   ] GC(73)   Other: 16.5ms
[2026-01-16T08:46:22.615+0000][gc,heap     ] GC(73) Eden regions: 46->0(47)
[2026-01-16T08:46:22.616+0000][gc,heap     ] GC(73) Survivor regions: 5->4(7)
[2026-01-16T08:46:22.617+0000][gc,heap     ] GC(73) Old regions: 68->69
[2026-01-16T08:46:22.619+0000][gc,heap     ] GC(73) Humongous regions: 149->149
[2026-01-16T08:46:22.619+0000][gc,metaspace] GC(73) Metaspace: 10574K(10880K)->10574K(10880K) NonClass: 9317K(9472K)->9317K(9472K) Class: 1257K(1408K)->1257K(1408K)
[2026-01-16T08:46:22.669+0000][gc          ] GC(73) Pause Young (Normal) (G1 Evacuation Pause) 267M->221M(1024M) 570.638ms
[2026-01-16T08:46:22.670+0000][gc,cpu      ] GC(73) User=0.21s Sys=0.05s Real=0.57s
[2026-01-16T08:46:24.631+0000][gc,start    ] GC(74) Pause Young (Normal) (GCLocker Initiated GC)
[2026-01-16T08:46:24.636+0000][gc,task     ] GC(74) Using 8 workers of 8 for evacuation
[2026-01-16T08:46:25.146+0000][gc,mmu      ] GC(74) MMU target violated: 201.0ms (200.0ms/201.0ms)
[2026-01-16T08:46:25.148+0000][gc,phases   ] GC(74)   Pre Evacuate Collection Set: 69.7ms
[2026-01-16T08:46:25.149+0000][gc,phases   ] GC(74)   Merge Heap Roots: 0.5ms
[2026-01-16T08:46:25.151+0000][gc,phases   ] GC(74)   Evacuate Collection Set: 423.1ms
[2026-01-16T08:46:25.152+0000][gc,phases   ] GC(74)   Post Evacuate Collection Set: 9.8ms
[2026-01-16T08:46:25.152+0000][gc,phases   ] GC(74)   Other: 9.8ms
[2026-01-16T08:46:25.153+0000][gc,heap     ] GC(74) Eden regions: 51->0(46)
[2026-01-16T08:46:25.154+0000][gc,heap     ] GC(74) Survivor regions: 4->5(7)
[2026-01-16T08:46:25.155+0000][gc,heap     ] GC(74) Old regions: 69->69
[2026-01-16T08:46:25.156+0000][gc,heap     ] GC(74) Humongous regions: 149->149
[2026-01-16T08:46:25.160+0000][gc,metaspace] GC(74) Metaspace: 10576K(10880K)->10576K(10880K) NonClass: 9318K(9472K)->9318K(9472K) Class: 1257K(1408K)->1257K(1408K)
[2026-01-16T08:46:25.161+0000][gc          ] GC(74) Pause Young (Normal) (GCLocker Initiated GC) 272M->222M(1024M) 529.950ms
[2026-01-16T08:46:25.161+0000][gc,cpu      ] GC(74) User=0.25s Sys=0.01s Real=0.53s
[2026-01-16T08:46:27.004+0000][gc,start    ] GC(75) Pause Young (Normal) (G1 Evacuation Pause)
[2026-01-16T08:46:27.022+0000][gc,task     ] GC(75) Using 8 workers of 8 for evacuation
[2026-01-16T08:46:27.906+0000][gc,mmu      ] GC(75) MMU target violated: 201.0ms (200.0ms/201.0ms)
[2026-01-16T08:46:27.908+0000][gc,phases   ] GC(75)   Pre Evacuate Collection Set: 59.6ms
[2026-01-16T08:46:27.908+0000][gc,phases   ] GC(75)   Merge Heap Roots: 6.0ms
[2026-01-16T08:46:27.908+0000][gc,phases   ] GC(75)   Evacuate Collection Set: 738.4ms
[2026-01-16T08:46:27.909+0000][gc,phases   ] GC(75)   Post Evacuate Collection Set: 74.6ms
[2026-01-16T08:46:27.909+0000][gc,phases   ] GC(75)   Other: 7.7ms
[2026-01-16T08:46:27.909+0000][gc,heap     ] GC(75) Eden regions: 46->0(46)
[2026-01-16T08:46:27.909+0000][gc,heap     ] GC(75) Survivor regions: 5->5(7)
[2026-01-16T08:46:27.909+0000][gc,heap     ] GC(75) Old regions: 69->70
[2026-01-16T08:46:27.909+0000][gc,heap     ] GC(75) Humongous regions: 149->149
[2026-01-16T08:46:27.910+0000][gc,metaspace] GC(75) Metaspace: 10579K(10880K)->10579K(10880K) NonClass: 9321K(9472K)->9321K(9472K) Class: 1257K(1408K)->1257K(1408K)
[2026-01-16T08:46:27.911+0000][gc          ] GC(75) Pause Young (Normal) (G1 Evacuation Pause) 268M->223M(1024M) 907.382ms
[2026-01-16T08:46:27.911+0000][gc,cpu      ] GC(75) User=0.22s Sys=0.04s Real=0.91s
[2026-01-16T08:46:29.730+0000][gc,start    ] GC(76) Pause Young (Normal) (G1 Evacuation Pause)
[2026-01-16T08:46:29.735+0000][gc,task     ] GC(76) Using 8 workers of 8 for evacuation
[2026-01-16T08:46:30.793+0000][gc,mmu      ] GC(76) MMU target violated: 201.0ms (200.0ms/201.0ms)
[2026-01-16T08:46:30.794+0000][gc,phases   ] GC(76)   Pre Evacuate Collection Set: 67.0ms
[2026-01-16T08:46:30.813+0000][gc,phases   ] GC(76)   Merge Heap Roots: 0.5ms
[2026-01-16T08:46:30.816+0000][gc,phases   ] GC(76)   Evacuate Collection Set: 985.8ms
[2026-01-16T08:46:30.817+0000][gc,phases   ] GC(76)   Post Evacuate Collection Set: 1.8ms
[2026-01-16T08:46:30.819+0000][gc,phases   ] GC(76)   Other: 3.2ms
[2026-01-16T08:46:30.821+0000][gc,heap     ] GC(76) Eden regions: 46->0(46)
[2026-01-16T08:46:30.822+0000][gc,heap     ] GC(76) Survivor regions: 5->5(7)
[2026-01-16T08:46:30.824+0000][gc,heap     ] GC(76) Old regions: 70->72
[2026-01-16T08:46:30.825+0000][gc,heap     ] GC(76) Humongous regions: 149->149
[2026-01-16T08:46:30.825+0000][gc,metaspace] GC(76) Metaspace: 10583K(10880K)->10583K(10880K) NonClass: 9325K(9472K)->9325K(9472K) Class: 1257K(1408K)->1257K(1408K)
[2026-01-16T08:46:30.825+0000][gc          ] GC(76) Pause Young (Normal) (G1 Evacuation Pause) 269M->224M(1024M) 1095.029ms
[2026-01-16T08:46:30.825+0000][gc,cpu      ] GC(76) User=0.34s Sys=0.08s Real=1.09s
[2026-01-16T08:46:32.777+0000][gc,start    ] GC(77) Pause Young (Normal) (G1 Evacuation Pause)
[2026-01-16T08:46:32.780+0000][gc,task     ] GC(77) Using 8 workers of 8 for evacuation
[2026-01-16T08:46:33.089+0000][gc,mmu      ] GC(77) MMU target violated: 201.0ms (200.0ms/201.0ms)
[2026-01-16T08:46:33.091+0000][gc,phases   ] GC(77)   Pre Evacuate Collection Set: 25.9ms
[2026-01-16T08:46:33.091+0000][gc,phases   ] GC(77)   Merge Heap Roots: 7.2ms
[2026-01-16T08:46:33.092+0000][gc,phases   ] GC(77)   Evacuate Collection Set: 257.6ms
[2026-01-16T08:46:33.098+0000][gc,phases   ] GC(77)   Post Evacuate Collection Set: 16.9ms
[2026-01-16T08:46:33.099+0000][gc,phases   ] GC(77)   Other: 2.9ms
[2026-01-16T08:46:33.099+0000][gc,heap     ] GC(77) Eden regions: 46->0(47)
[2026-01-16T08:46:33.103+0000][gc,heap     ] GC(77) Survivor regions: 5->4(7)
[2026-01-16T08:46:33.108+0000][gc,heap     ] GC(77) Old regions: 72->72
[2026-01-16T08:46:33.117+0000][gc,heap     ] GC(77) Humongous regions: 149->149
[2026-01-16T08:46:33.120+0000][gc,metaspace] GC(77) Metaspace: 10585K(10880K)->10585K(10880K) NonClass: 9328K(9472K)->9328K(9472K) Class: 1257K(1408K)->1257K(1408K)
[2026-01-16T08:46:33.128+0000][gc          ] GC(77) Pause Young (Normal) (G1 Evacuation Pause) 270M->224M(1024M) 350.278ms
[2026-01-16T08:46:33.141+0000][gc,cpu      ] GC(77) User=0.15s Sys=0.03s Real=0.37s
[2026-01-16T08:46:35.116+0000][gc,start    ] GC(78) Pause Young (Normal) (G1 Evacuation Pause)
[2026-01-16T08:46:35.119+0000][gc,task     ] GC(78) Using 8 workers of 8 for evacuation
[2026-01-16T08:46:35.306+0000][gc,phases   ] GC(78)   Pre Evacuate Collection Set: 20.0ms
[2026-01-16T08:46:35.306+0000][gc,phases   ] GC(78)   Merge Heap Roots: 1.9ms
[2026-01-16T08:46:35.307+0000][gc,phases   ] GC(78)   Evacuate Collection Set: 151.1ms
[2026-01-16T08:46:35.309+0000][gc,phases   ] GC(78)   Post Evacuate Collection Set: 7.6ms
[2026-01-16T08:46:35.309+0000][gc,phases   ] GC(78)   Other: 7.1ms
[2026-01-16T08:46:35.310+0000][gc,heap     ] GC(78) Eden regions: 47->0(46)
[2026-01-16T08:46:35.311+0000][gc,heap     ] GC(78) Survivor regions: 4->5(7)
[2026-01-16T08:46:35.311+0000][gc,heap     ] GC(78) Old regions: 72->72
[2026-01-16T08:46:35.312+0000][gc,heap     ] GC(78) Humongous regions: 149->149
[2026-01-16T08:46:35.321+0000][gc,metaspace] GC(78) Metaspace: 10597K(10944K)->10597K(10944K) NonClass: 9338K(9536K)->9338K(9536K) Class: 1259K(1408K)->1259K(1408K)
[2026-01-16T08:46:35.322+0000][gc          ] GC(78) Pause Young (Normal) (G1 Evacuation Pause) 271M->225M(1024M) 206.124ms
[2026-01-16T08:46:35.322+0000][gc,cpu      ] GC(78) User=0.13s Sys=0.02s Real=0.21s
[2026-01-16T08:46:36.772+0000][gc,start    ] GC(79) Pause Young (Normal) (G1 Evacuation Pause)
[2026-01-16T08:46:36.785+0000][gc,task     ] GC(79) Using 8 workers of 8 for evacuation
[2026-01-16T08:46:37.389+0000][gc,mmu      ] GC(79) MMU target violated: 201.0ms (200.0ms/201.0ms)
[2026-01-16T08:46:37.392+0000][gc,phases   ] GC(79)   Pre Evacuate Collection Set: 39.6ms
[2026-01-16T08:46:37.403+0000][gc,phases   ] GC(79)   Merge Heap Roots: 11.6ms
[2026-01-16T08:46:37.404+0000][gc,phases   ] GC(79)   Evacuate Collection Set: 509.3ms
[2026-01-16T08:46:37.404+0000][gc,phases   ] GC(79)   Post Evacuate Collection Set: 41.9ms
[2026-01-16T08:46:37.404+0000][gc,phases   ] GC(79)   Other: 4.5ms
[2026-01-16T08:46:37.407+0000][gc,heap     ] GC(79) Eden regions: 46->0(46)
[2026-01-16T08:46:37.407+0000][gc,heap     ] GC(79) Survivor regions: 5->5(7)
[2026-01-16T08:46:37.408+0000][gc,heap     ] GC(79) Old regions: 72->74
[2026-01-16T08:46:37.408+0000][gc,heap     ] GC(79) Humongous regions: 149->149
[2026-01-16T08:46:37.414+0000][gc,metaspace] GC(79) Metaspace: 10604K(10944K)->10604K(10944K) NonClass: 9345K(9536K)->9345K(9536K) Class: 1259K(1408K)->1259K(1408K)
[2026-01-16T08:46:37.422+0000][gc          ] GC(79) Pause Young (Normal) (G1 Evacuation Pause) 271M->226M(1024M) 650.605ms
[2026-01-16T08:46:37.427+0000][gc,cpu      ] GC(79) User=0.20s Sys=0.05s Real=0.65s
[2026-01-16T08:46:40.358+0000][gc,start    ] GC(80) Pause Young (Normal) (G1 Evacuation Pause)
[2026-01-16T08:46:40.365+0000][gc,task     ] GC(80) Using 8 workers of 8 for evacuation
[2026-01-16T08:46:40.827+0000][gc,mmu      ] GC(80) MMU target violated: 201.0ms (200.0ms/201.0ms)
[2026-01-16T08:46:40.829+0000][gc,phases   ] GC(80)   Pre Evacuate Collection Set: 51.0ms
[2026-01-16T08:46:40.830+0000][gc,phases   ] GC(80)   Merge Heap Roots: 2.9ms
[2026-01-16T08:46:40.831+0000][gc,phases   ] GC(80)   Evacuate Collection Set: 384.1ms
[2026-01-16T08:46:40.832+0000][gc,phases   ] GC(80)   Post Evacuate Collection Set: 10.6ms
[2026-01-16T08:46:40.837+0000][gc,phases   ] GC(80)   Other: 16.5ms
[2026-01-16T08:46:40.838+0000][gc,heap     ] GC(80) Eden regions: 46->0(46)
[2026-01-16T08:46:40.838+0000][gc,heap     ] GC(80) Survivor regions: 5->5(7)
[2026-01-16T08:46:40.839+0000][gc,heap     ] GC(80) Old regions: 74->74
[2026-01-16T08:46:40.839+0000][gc,heap     ] GC(80) Humongous regions: 149->149
[2026-01-16T08:46:40.839+0000][gc,metaspace] GC(80) Metaspace: 10611K(10944K)->10611K(10944K) NonClass: 9352K(9536K)->9352K(9536K) Class: 1259K(1408K)->1259K(1408K)
[2026-01-16T08:46:40.839+0000][gc          ] GC(80) Pause Young (Normal) (G1 Evacuation Pause) 272M->227M(1024M) 481.187ms
[2026-01-16T08:46:40.840+0000][gc,cpu      ] GC(80) User=0.19s Sys=0.01s Real=0.48s
[2026-01-16T08:46:43.906+0000][gc,start    ] GC(81) Pause Young (Normal) (G1 Evacuation Pause)
[2026-01-16T08:46:43.935+0000][gc,task     ] GC(81) Using 8 workers of 8 for evacuation
[2026-01-16T08:46:44.744+0000][gc,mmu      ] GC(81) MMU target violated: 201.0ms (200.0ms/201.0ms)
[2026-01-16T08:46:44.745+0000][gc,phases   ] GC(81)   Pre Evacuate Collection Set: 75.9ms
[2026-01-16T08:46:44.746+0000][gc,phases   ] GC(81)   Merge Heap Roots: 5.0ms
[2026-01-16T08:46:44.747+0000][gc,phases   ] GC(81)   Evacuate Collection Set: 688.0ms
[2026-01-16T08:46:44.750+0000][gc,phases   ] GC(81)   Post Evacuate Collection Set: 36.2ms
[2026-01-16T08:46:44.751+0000][gc,phases   ] GC(81)   Other: 21.8ms
[2026-01-16T08:46:44.751+0000][gc,heap     ] GC(81) Eden regions: 46->0(46)
[2026-01-16T08:46:44.756+0000][gc,heap     ] GC(81) Survivor regions: 5->5(7)
[2026-01-16T08:46:44.756+0000][gc,heap     ] GC(81) Old regions: 74->75
[2026-01-16T08:46:44.756+0000][gc,heap     ] GC(81) Humongous regions: 149->149
[2026-01-16T08:46:44.756+0000][gc,metaspace] GC(81) Metaspace: 10614K(10944K)->10614K(10944K) NonClass: 9355K(9536K)->9355K(9536K) Class: 1259K(1408K)->1259K(1408K)
[2026-01-16T08:46:44.757+0000][gc          ] GC(81) Pause Young (Normal) (G1 Evacuation Pause) 273M->227M(1024M) 850.684ms
[2026-01-16T08:46:44.758+0000][gc,cpu      ] GC(81) User=0.28s Sys=0.04s Real=0.85s
[2026-01-16T08:46:47.935+0000][gc,start    ] GC(82) Pause Young (Normal) (G1 Evacuation Pause)
[2026-01-16T08:46:47.947+0000][gc,task     ] GC(82) Using 8 workers of 8 for evacuation
[2026-01-16T08:46:48.685+0000][gc,mmu      ] GC(82) MMU target violated: 201.0ms (200.0ms/201.0ms)
[2026-01-16T08:46:48.693+0000][gc,phases   ] GC(82)   Pre Evacuate Collection Set: 55.2ms
[2026-01-16T08:46:48.695+0000][gc,phases   ] GC(82)   Merge Heap Roots: 9.7ms
[2026-01-16T08:46:48.696+0000][gc,phases   ] GC(82)   Evacuate Collection Set: 620.8ms
[2026-01-16T08:46:48.697+0000][gc,phases   ] GC(82)   Post Evacuate Collection Set: 35.3ms
[2026-01-16T08:46:48.697+0000][gc,phases   ] GC(82)   Other: 26.0ms
[2026-01-16T08:46:48.697+0000][gc,heap     ] GC(82) Eden regions: 46->0(47)
[2026-01-16T08:46:48.698+0000][gc,heap     ] GC(82) Survivor regions: 5->4(7)
[2026-01-16T08:46:48.716+0000][gc,heap     ] GC(82) Old regions: 75->76
[2026-01-16T08:46:48.717+0000][gc,heap     ] GC(82) Humongous regions: 149->149
[2026-01-16T08:46:48.717+0000][gc,metaspace] GC(82) Metaspace: 10619K(10944K)->10619K(10944K) NonClass: 9360K(9536K)->9360K(9536K) Class: 1259K(1408K)->1259K(1408K)
[2026-01-16T08:46:48.719+0000][gc          ] GC(82) Pause Young (Normal) (G1 Evacuation Pause) 273M->228M(1024M) 849.208ms
[2026-01-16T08:46:48.735+0000][gc,cpu      ] GC(82) User=0.35s Sys=0.07s Real=0.86s
[2026-01-16T08:46:53.468+0000][gc,start    ] GC(83) Pause Young (Normal) (G1 Evacuation Pause)
[2026-01-16T08:46:53.511+0000][gc,task     ] GC(83) Using 8 workers of 8 for evacuation
[2026-01-16T08:46:54.299+0000][gc,mmu      ] GC(83) MMU target violated: 201.0ms (200.0ms/201.0ms)
[2026-01-16T08:46:54.301+0000][gc,phases   ] GC(83)   Pre Evacuate Collection Set: 50.4ms
[2026-01-16T08:46:54.302+0000][gc,phases   ] GC(83)   Merge Heap Roots: 17.2ms
[2026-01-16T08:46:54.303+0000][gc,phases   ] GC(83)   Evacuate Collection Set: 652.6ms
[2026-01-16T08:46:54.306+0000][gc,phases   ] GC(83)   Post Evacuate Collection Set: 59.2ms
[2026-01-16T08:46:54.307+0000][gc,phases   ] GC(83)   Other: 10.2ms
[2026-01-16T08:46:54.308+0000][gc,heap     ] GC(83) Eden regions: 47->0(46)
[2026-01-16T08:46:54.312+0000][gc,heap     ] GC(83) Survivor regions: 4->5(7)
[2026-01-16T08:46:54.312+0000][gc,heap     ] GC(83) Old regions: 76->77
[2026-01-16T08:46:54.312+0000][gc,heap     ] GC(83) Humongous regions: 149->149
[2026-01-16T08:46:54.313+0000][gc,metaspace] GC(83) Metaspace: 10626K(10944K)->10626K(10944K) NonClass: 9367K(9536K)->9367K(9536K) Class: 1259K(1408K)->1259K(1408K)
[2026-01-16T08:46:54.313+0000][gc          ] GC(83) Pause Young (Normal) (G1 Evacuation Pause) 275M->229M(1024M) 846.031ms
[2026-01-16T08:46:54.315+0000][gc,cpu      ] GC(83) User=0.44s Sys=0.06s Real=0.88s
[2026-01-16T08:46:57.648+0000][gc,start    ] GC(84) Pause Young (Normal) (G1 Evacuation Pause)
[2026-01-16T08:46:57.650+0000][gc,task     ] GC(84) Using 8 workers of 8 for evacuation
[2026-01-16T08:46:58.133+0000][gc,mmu      ] GC(84) MMU target violated: 201.0ms (200.0ms/201.0ms)
[2026-01-16T08:46:58.135+0000][gc,phases   ] GC(84)   Pre Evacuate Collection Set: 47.8ms
[2026-01-16T08:46:58.136+0000][gc,phases   ] GC(84)   Merge Heap Roots: 1.4ms
[2026-01-16T08:46:58.137+0000][gc,phases   ] GC(84)   Evacuate Collection Set: 422.3ms
[2026-01-16T08:46:58.138+0000][gc,phases   ] GC(84)   Post Evacuate Collection Set: 11.7ms
[2026-01-16T08:46:58.139+0000][gc,phases   ] GC(84)   Other: 2.6ms
[2026-01-16T08:46:58.140+0000][gc,heap     ] GC(84) Eden regions: 46->0(46)
[2026-01-16T08:46:58.142+0000][gc,heap     ] GC(84) Survivor regions: 5->5(7)
[2026-01-16T08:46:58.143+0000][gc,heap     ] GC(84) Old regions: 77->78
[2026-01-16T08:46:58.144+0000][gc,heap     ] GC(84) Humongous regions: 149->149
[2026-01-16T08:46:58.144+0000][gc,metaspace] GC(84) Metaspace: 10649K(10944K)->10649K(10944K) NonClass: 9388K(9536K)->9388K(9536K) Class: 1261K(1408K)->1261K(1408K)
[2026-01-16T08:46:58.145+0000][gc          ] GC(84) Pause Young (Normal) (G1 Evacuation Pause) 275M->230M(1024M) 496.702ms
[2026-01-16T08:46:58.148+0000][gc,cpu      ] GC(84) User=0.23s Sys=0.01s Real=0.50s
[2026-01-16T08:47:01.215+0000][gc,start    ] GC(85) Pause Young (Normal) (G1 Evacuation Pause)
[2026-01-16T08:47:01.220+0000][gc,task     ] GC(85) Using 8 workers of 8 for evacuation
[2026-01-16T08:47:01.417+0000][gc,phases   ] GC(85)   Pre Evacuate Collection Set: 19.0ms
[2026-01-16T08:47:01.418+0000][gc,phases   ] GC(85)   Merge Heap Roots: 0.5ms
[2026-01-16T08:47:01.418+0000][gc,phases   ] GC(85)   Evacuate Collection Set: 170.7ms
[2026-01-16T08:47:01.418+0000][gc,phases   ] GC(85)   Post Evacuate Collection Set: 4.4ms
[2026-01-16T08:47:01.418+0000][gc,phases   ] GC(85)   Other: 2.2ms
[2026-01-16T08:47:01.418+0000][gc,heap     ] GC(85) Eden regions: 46->0(46)
[2026-01-16T08:47:01.420+0000][gc,heap     ] GC(85) Survivor regions: 5->5(7)
[2026-01-16T08:47:01.421+0000][gc,heap     ] GC(85) Old regions: 78->78
[2026-01-16T08:47:01.421+0000][gc,heap     ] GC(85) Humongous regions: 149->149
[2026-01-16T08:47:01.421+0000][gc,metaspace] GC(85) Metaspace: 10656K(10944K)->10656K(10944K) NonClass: 9394K(9536K)->9394K(9536K) Class: 1261K(1408K)->1261K(1408K)
[2026-01-16T08:47:01.421+0000][gc          ] GC(85) Pause Young (Normal) (G1 Evacuation Pause) 276M->231M(1024M) 231.937ms
[2026-01-16T08:47:01.421+0000][gc,cpu      ] GC(85) User=0.21s Sys=0.03s Real=0.23s
[2026-01-16T08:47:04.293+0000][gc,start    ] GC(86) Pause Young (Normal) (G1 Evacuation Pause)
[2026-01-16T08:47:04.330+0000][gc,task     ] GC(86) Using 8 workers of 8 for evacuation
[2026-01-16T08:47:04.928+0000][gc,mmu      ] GC(86) MMU target violated: 201.0ms (200.0ms/201.0ms)
[2026-01-16T08:47:04.934+0000][gc,phases   ] GC(86)   Pre Evacuate Collection Set: 79.7ms
[2026-01-16T08:47:04.935+0000][gc,phases   ] GC(86)   Merge Heap Roots: 1.8ms
[2026-01-16T08:47:04.936+0000][gc,phases   ] GC(86)   Evacuate Collection Set: 432.1ms
[2026-01-16T08:47:04.938+0000][gc,phases   ] GC(86)   Post Evacuate Collection Set: 82.8ms
[2026-01-16T08:47:04.946+0000][gc,phases   ] GC(86)   Other: 39.3ms
[2026-01-16T08:47:04.947+0000][gc,heap     ] GC(86) Eden regions: 46->0(46)
[2026-01-16T08:47:04.953+0000][gc,heap     ] GC(86) Survivor regions: 5->5(7)
[2026-01-16T08:47:04.958+0000][gc,heap     ] GC(86) Old regions: 78->79
[2026-01-16T08:47:04.960+0000][gc,heap     ] GC(86) Humongous regions: 149->149
[2026-01-16T08:47:04.964+0000][gc,metaspace] GC(86) Metaspace: 10657K(10944K)->10657K(10944K) NonClass: 9396K(9536K)->9396K(9536K) Class: 1261K(1408K)->1261K(1408K)
[2026-01-16T08:47:04.968+0000][gc          ] GC(86) Pause Young (Normal) (G1 Evacuation Pause) 277M->231M(1024M) 674.710ms
[2026-01-16T08:47:04.969+0000][gc,cpu      ] GC(86) User=0.28s Sys=0.08s Real=0.68s
[2026-01-16T08:47:07.573+0000][gc,start    ] GC(87) Pause Young (Normal) (G1 Evacuation Pause)
[2026-01-16T08:47:07.677+0000][gc,task     ] GC(87) Using 8 workers of 8 for evacuation
[2026-01-16T08:47:08.245+0000][gc,mmu      ] GC(87) MMU target violated: 201.0ms (200.0ms/201.0ms)
[2026-01-16T08:47:08.250+0000][gc,phases   ] GC(87)   Pre Evacuate Collection Set: 46.7ms
[2026-01-16T08:47:08.251+0000][gc,phases   ] GC(87)   Merge Heap Roots: 12.2ms
[2026-01-16T08:47:08.255+0000][gc,phases   ] GC(87)   Evacuate Collection Set: 492.5ms
[2026-01-16T08:47:08.258+0000][gc,phases   ] GC(87)   Post Evacuate Collection Set: 7.8ms
[2026-01-16T08:47:08.258+0000][gc,phases   ] GC(87)   Other: 54.5ms
[2026-01-16T08:47:08.259+0000][gc,heap     ] GC(87) Eden regions: 46->0(46)
[2026-01-16T08:47:08.259+0000][gc,heap     ] GC(87) Survivor regions: 5->5(7)
[2026-01-16T08:47:08.260+0000][gc,heap     ] GC(87) Old regions: 79->79
[2026-01-16T08:47:08.261+0000][gc,heap     ] GC(87) Humongous regions: 149->149
[2026-01-16T08:47:08.276+0000][gc,metaspace] GC(87) Metaspace: 10665K(10944K)->10665K(10944K) NonClass: 9404K(9536K)->9404K(9536K) Class: 1261K(1408K)->1261K(1408K)
[2026-01-16T08:47:08.277+0000][gc          ] GC(87) Pause Young (Normal) (G1 Evacuation Pause) 277M->232M(1024M) 689.962ms
[2026-01-16T08:47:08.278+0000][gc,cpu      ] GC(87) User=0.29s Sys=0.03s Real=0.72s
[2026-01-16T08:47:11.146+0000][gc,start    ] GC(88) Pause Young (Normal) (G1 Evacuation Pause)
[2026-01-16T08:47:11.148+0000][gc,task     ] GC(88) Using 8 workers of 8 for evacuation
[2026-01-16T08:47:11.536+0000][gc,mmu      ] GC(88) MMU target violated: 201.0ms (200.0ms/201.0ms)
[2026-01-16T08:47:11.537+0000][gc,phases   ] GC(88)   Pre Evacuate Collection Set: 77.5ms
[2026-01-16T08:47:11.540+0000][gc,phases   ] GC(88)   Merge Heap Roots: 0.7ms
[2026-01-16T08:47:11.542+0000][gc,phases   ] GC(88)   Evacuate Collection Set: 282.6ms
[2026-01-16T08:47:11.544+0000][gc,phases   ] GC(88)   Post Evacuate Collection Set: 25.5ms
[2026-01-16T08:47:11.545+0000][gc,phases   ] GC(88)   Other: 3.0ms
[2026-01-16T08:47:11.545+0000][gc,heap     ] GC(88) Eden regions: 46->0(46)
[2026-01-16T08:47:11.546+0000][gc,heap     ] GC(88) Survivor regions: 5->5(7)
[2026-01-16T08:47:11.549+0000][gc,heap     ] GC(88) Old regions: 79->80
[2026-01-16T08:47:11.549+0000][gc,heap     ] GC(88) Humongous regions: 149->149
[2026-01-16T08:47:11.550+0000][gc,metaspace] GC(88) Metaspace: 10666K(10944K)->10666K(10944K) NonClass: 9405K(9536K)->9405K(9536K) Class: 1261K(1408K)->1261K(1408K)
[2026-01-16T08:47:11.551+0000][gc          ] GC(88) Pause Young (Normal) (G1 Evacuation Pause) 278M->233M(1024M) 405.494ms
[2026-01-16T08:47:11.551+0000][gc,cpu      ] GC(88) User=0.17s Sys=0.03s Real=0.40s
[2026-01-16T08:47:13.161+0000][gc,start    ] GC(89) Pause Young (Normal) (G1 Evacuation Pause)
[2026-01-16T08:47:13.163+0000][gc,task     ] GC(89) Using 8 workers of 8 for evacuation
[2026-01-16T08:47:13.567+0000][gc,mmu      ] GC(89) MMU target violated: 201.0ms (200.0ms/201.0ms)
[2026-01-16T08:47:13.567+0000][gc,phases   ] GC(89)   Pre Evacuate Collection Set: 71.6ms
[2026-01-16T08:47:13.569+0000][gc,phases   ] GC(89)   Merge Heap Roots: 13.1ms
[2026-01-16T08:47:13.571+0000][gc,phases   ] GC(89)   Evacuate Collection Set: 288.7ms
[2026-01-16T08:47:13.572+0000][gc,phases   ] GC(89)   Post Evacuate Collection Set: 18.2ms
[2026-01-16T08:47:13.574+0000][gc,phases   ] GC(89)   Other: 13.1ms
[2026-01-16T08:47:13.574+0000][gc,heap     ] GC(89) Eden regions: 46->0(46)
[2026-01-16T08:47:13.575+0000][gc,heap     ] GC(89) Survivor regions: 5->5(7)
[2026-01-16T08:47:13.575+0000][gc,heap     ] GC(89) Old regions: 80->81
[2026-01-16T08:47:13.575+0000][gc,heap     ] GC(89) Humongous regions: 149->149
[2026-01-16T08:47:13.575+0000][gc,metaspace] GC(89) Metaspace: 10672K(10944K)->10672K(10944K) NonClass: 9411K(9536K)->9411K(9536K) Class: 1261K(1408K)->1261K(1408K)
[2026-01-16T08:47:13.575+0000][gc          ] GC(89) Pause Young (Normal) (G1 Evacuation Pause) 279M->233M(1024M) 414.361ms
[2026-01-16T08:47:13.575+0000][gc,cpu      ] GC(89) User=0.13s Sys=0.03s Real=0.42s
[2026-01-16T08:47:15.269+0000][gc,start    ] GC(90) Pause Young (Normal) (G1 Evacuation Pause)
[2026-01-16T08:47:15.270+0000][gc,task     ] GC(90) Using 8 workers of 8 for evacuation
[2026-01-16T08:47:15.732+0000][gc,mmu      ] GC(90) MMU target violated: 201.0ms (200.0ms/201.0ms)
[2026-01-16T08:47:15.734+0000][gc,phases   ] GC(90)   Pre Evacuate Collection Set: 70.8ms
[2026-01-16T08:47:15.734+0000][gc,phases   ] GC(90)   Merge Heap Roots: 13.1ms
[2026-01-16T08:47:15.736+0000][gc,phases   ] GC(90)   Evacuate Collection Set: 371.4ms
[2026-01-16T08:47:15.737+0000][gc,phases   ] GC(90)   Post Evacuate Collection Set: 7.0ms
[2026-01-16T08:47:15.737+0000][gc,phases   ] GC(90)   Other: 2.2ms
[2026-01-16T08:47:15.738+0000][gc,heap     ] GC(90) Eden regions: 46->0(46)
[2026-01-16T08:47:15.739+0000][gc,heap     ] GC(90) Survivor regions: 5->5(7)
[2026-01-16T08:47:15.739+0000][gc,heap     ] GC(90) Old regions: 81->82
[2026-01-16T08:47:15.740+0000][gc,heap     ] GC(90) Humongous regions: 149->149
[2026-01-16T08:47:15.741+0000][gc,metaspace] GC(90) Metaspace: 10673K(10944K)->10673K(10944K) NonClass: 9412K(9536K)->9412K(9536K) Class: 1261K(1408K)->1261K(1408K)
[2026-01-16T08:47:15.742+0000][gc          ] GC(90) Pause Young (Normal) (G1 Evacuation Pause) 279M->234M(1024M) 472.752ms
[2026-01-16T08:47:15.743+0000][gc,cpu      ] GC(90) User=0.13s Sys=0.03s Real=0.47s
[2026-01-16T08:47:17.280+0000][gc,start    ] GC(91) Pause Young (Normal) (G1 Evacuation Pause)
[2026-01-16T08:47:17.282+0000][gc,task     ] GC(91) Using 8 workers of 8 for evacuation
[2026-01-16T08:47:17.493+0000][gc,mmu      ] GC(91) MMU target violated: 201.0ms (200.0ms/201.0ms)
[2026-01-16T08:47:17.502+0000][gc,phases   ] GC(91)   Pre Evacuate Collection Set: 12.4ms
[2026-01-16T08:47:17.503+0000][gc,phases   ] GC(91)   Merge Heap Roots: 0.4ms
[2026-01-16T08:47:17.503+0000][gc,phases   ] GC(91)   Evacuate Collection Set: 187.3ms
[2026-01-16T08:47:17.503+0000][gc,phases   ] GC(91)   Post Evacuate Collection Set: 9.4ms
[2026-01-16T08:47:17.503+0000][gc,phases   ] GC(91)   Other: 10.8ms
[2026-01-16T08:47:17.504+0000][gc,heap     ] GC(91) Eden regions: 46->0(47)
[2026-01-16T08:47:17.504+0000][gc,heap     ] GC(91) Survivor regions: 5->4(7)
[2026-01-16T08:47:17.504+0000][gc,heap     ] GC(91) Old regions: 82->83
[2026-01-16T08:47:17.505+0000][gc,heap     ] GC(91) Humongous regions: 149->149
[2026-01-16T08:47:17.505+0000][gc,metaspace] GC(91) Metaspace: 10676K(10944K)->10676K(10944K) NonClass: 9415K(9536K)->9415K(9536K) Class: 1261K(1408K)->1261K(1408K)
[2026-01-16T08:47:17.505+0000][gc          ] GC(91) Pause Young (Normal) (G1 Evacuation Pause) 280M->235M(1024M) 224.651ms
[2026-01-16T08:47:17.505+0000][gc,cpu      ] GC(91) User=0.14s Sys=0.01s Real=0.23s
[2026-01-16T08:47:19.088+0000][gc,start    ] GC(92) Pause Young (Normal) (G1 Evacuation Pause)
[2026-01-16T08:47:19.106+0000][gc,task     ] GC(92) Using 8 workers of 8 for evacuation
[2026-01-16T08:47:19.414+0000][gc,mmu      ] GC(92) MMU target violated: 201.0ms (200.0ms/201.0ms)
[2026-01-16T08:47:19.417+0000][gc,phases   ] GC(92)   Pre Evacuate Collection Set: 37.7ms
[2026-01-16T08:47:19.417+0000][gc,phases   ] GC(92)   Merge Heap Roots: 0.7ms
[2026-01-16T08:47:19.417+0000][gc,phases   ] GC(92)   Evacuate Collection Set: 247.8ms
[2026-01-16T08:47:19.418+0000][gc,phases   ] GC(92)   Post Evacuate Collection Set: 19.4ms
[2026-01-16T08:47:19.419+0000][gc,phases   ] GC(92)   Other: 5.9ms
[2026-01-16T08:47:19.419+0000][gc,heap     ] GC(92) Eden regions: 47->0(47)
[2026-01-16T08:47:19.419+0000][gc,heap     ] GC(92) Survivor regions: 4->4(7)
[2026-01-16T08:47:19.420+0000][gc,heap     ] GC(92) Old regions: 83->84
[2026-01-16T08:47:19.420+0000][gc,heap     ] GC(92) Humongous regions: 149->149
[2026-01-16T08:47:19.421+0000][gc,metaspace] GC(92) Metaspace: 10679K(10944K)->10679K(10944K) NonClass: 9418K(9536K)->9418K(9536K) Class: 1261K(1408K)->1261K(1408K)
[2026-01-16T08:47:19.426+0000][gc          ] GC(92) Pause Young (Normal) (G1 Evacuation Pause) 282M->236M(1024M) 338.672ms
[2026-01-16T08:47:19.433+0000][gc,cpu      ] GC(92) User=0.16s Sys=0.00s Real=0.34s
[2026-01-16T08:47:20.311+0000][gc,start    ] GC(93) Pause Young (Normal) (G1 Evacuation Pause)
[2026-01-16T08:47:20.321+0000][gc,task     ] GC(93) Using 8 workers of 8 for evacuation
[2026-01-16T08:47:20.481+0000][gc,phases   ] GC(93)   Pre Evacuate Collection Set: 7.6ms
[2026-01-16T08:47:20.485+0000][gc,phases   ] GC(93)   Merge Heap Roots: 0.3ms
[2026-01-16T08:47:20.486+0000][gc,phases   ] GC(93)   Evacuate Collection Set: 125.3ms
[2026-01-16T08:47:20.486+0000][gc,phases   ] GC(93)   Post Evacuate Collection Set: 26.7ms
[2026-01-16T08:47:20.487+0000][gc,phases   ] GC(93)   Other: 0.5ms
[2026-01-16T08:47:20.488+0000][gc,heap     ] GC(93) Eden regions: 47->0(47)
[2026-01-16T08:47:20.489+0000][gc,heap     ] GC(93) Survivor regions: 4->4(7)
[2026-01-16T08:47:20.489+0000][gc,heap     ] GC(93) Old regions: 84->85
[2026-01-16T08:47:20.489+0000][gc,heap     ] GC(93) Humongous regions: 149->149
[2026-01-16T08:47:20.497+0000][gc,metaspace] GC(93) Metaspace: 10681K(10944K)->10681K(10944K) NonClass: 9420K(9536K)->9420K(9536K) Class: 1261K(1408K)->1261K(1408K)
[2026-01-16T08:47:20.498+0000][gc          ] GC(93) Pause Young (Normal) (G1 Evacuation Pause) 283M->236M(1024M) 186.648ms
[2026-01-16T08:47:20.498+0000][gc,cpu      ] GC(93) User=0.07s Sys=0.01s Real=0.19s
[2026-01-16T08:47:20.881+0000][gc,start    ] GC(94) Pause Young (Normal) (G1 Evacuation Pause)
[2026-01-16T08:47:20.884+0000][gc,task     ] GC(94) Using 8 workers of 8 for evacuation
[2026-01-16T08:47:21.001+0000][gc,phases   ] GC(94)   Pre Evacuate Collection Set: 4.2ms
[2026-01-16T08:47:21.002+0000][gc,phases   ] GC(94)   Merge Heap Roots: 1.9ms
[2026-01-16T08:47:21.004+0000][gc,phases   ] GC(94)   Evacuate Collection Set: 107.9ms
[2026-01-16T08:47:21.004+0000][gc,phases   ] GC(94)   Post Evacuate Collection Set: 2.3ms
[2026-01-16T08:47:21.006+0000][gc,phases   ] GC(94)   Other: 1.1ms
[2026-01-16T08:47:21.006+0000][gc,heap     ] GC(94) Eden regions: 47->0(47)
[2026-01-16T08:47:21.008+0000][gc,heap     ] GC(94) Survivor regions: 4->4(7)
[2026-01-16T08:47:21.010+0000][gc,heap     ] GC(94) Old regions: 85->85
[2026-01-16T08:47:21.011+0000][gc,heap     ] GC(94) Humongous regions: 149->149
[2026-01-16T08:47:21.015+0000][gc,metaspace] GC(94) Metaspace: 10683K(10944K)->10683K(10944K) NonClass: 9422K(9536K)->9422K(9536K) Class: 1261K(1408K)->1261K(1408K)
[2026-01-16T08:47:21.034+0000][gc          ] GC(94) Pause Young (Normal) (G1 Evacuation Pause) 283M->237M(1024M) 153.113ms
[2026-01-16T08:47:21.034+0000][gc,cpu      ] GC(94) User=0.08s Sys=0.01s Real=0.15s
[2026-01-16T08:47:22.392+0000][gc,start    ] GC(95) Pause Young (Normal) (G1 Evacuation Pause)
[2026-01-16T08:47:22.398+0000][gc,task     ] GC(95) Using 8 workers of 8 for evacuation
[2026-01-16T08:47:22.701+0000][gc,mmu      ] GC(95) MMU target violated: 201.0ms (200.0ms/201.0ms)
[2026-01-16T08:47:22.702+0000][gc,phases   ] GC(95)   Pre Evacuate Collection Set: 88.4ms
[2026-01-16T08:47:22.706+0000][gc,phases   ] GC(95)   Merge Heap Roots: 1.7ms
[2026-01-16T08:47:22.709+0000][gc,phases   ] GC(95)   Evacuate Collection Set: 195.2ms
[2026-01-16T08:47:22.736+0000][gc,phases   ] GC(95)   Post Evacuate Collection Set: 14.4ms
[2026-01-16T08:47:22.739+0000][gc,phases   ] GC(95)   Other: 4.0ms
[2026-01-16T08:47:22.743+0000][gc,heap     ] GC(95) Eden regions: 47->0(47)
[2026-01-16T08:47:22.747+0000][gc,heap     ] GC(95) Survivor regions: 4->4(7)
[2026-01-16T08:47:22.750+0000][gc,heap     ] GC(95) Old regions: 85->86
[2026-01-16T08:47:22.753+0000][gc,heap     ] GC(95) Humongous regions: 149->149
[2026-01-16T08:47:22.754+0000][gc,metaspace] GC(95) Metaspace: 10684K(11008K)->10684K(11008K) NonClass: 9423K(9600K)->9423K(9600K) Class: 1261K(1408K)->1261K(1408K)
[2026-01-16T08:47:22.755+0000][gc          ] GC(95) Pause Young (Normal) (G1 Evacuation Pause) 284M->238M(1024M) 363.785ms
[2026-01-16T08:47:22.761+0000][gc,cpu      ] GC(95) User=0.21s Sys=0.01s Real=0.37s
[2026-01-16T08:47:24.960+0000][gc,start    ] GC(96) Pause Young (Normal) (G1 Evacuation Pause)
[2026-01-16T08:47:24.962+0000][gc,task     ] GC(96) Using 8 workers of 8 for evacuation
[2026-01-16T08:47:25.602+0000][gc,mmu      ] GC(96) MMU target violated: 201.0ms (200.0ms/201.0ms)
[2026-01-16T08:47:25.603+0000][gc,phases   ] GC(96)   Pre Evacuate Collection Set: 197.8ms
[2026-01-16T08:47:25.603+0000][gc,phases   ] GC(96)   Merge Heap Roots: 0.9ms
[2026-01-16T08:47:25.604+0000][gc,phases   ] GC(96)   Evacuate Collection Set: 420.3ms
[2026-01-16T08:47:25.604+0000][gc,phases   ] GC(96)   Post Evacuate Collection Set: 17.7ms
[2026-01-16T08:47:25.604+0000][gc,phases   ] GC(96)   Other: 4.1ms
[2026-01-16T08:47:25.604+0000][gc,heap     ] GC(96) Eden regions: 47->0(47)
[2026-01-16T08:47:25.605+0000][gc,heap     ] GC(96) Survivor regions: 4->4(7)
[2026-01-16T08:47:25.605+0000][gc,heap     ] GC(96) Old regions: 86->87
[2026-01-16T08:47:25.605+0000][gc,heap     ] GC(96) Humongous regions: 149->149
[2026-01-16T08:47:25.606+0000][gc,metaspace] GC(96) Metaspace: 10690K(11008K)->10690K(11008K) NonClass: 9429K(9600K)->9429K(9600K) Class: 1261K(1408K)->1261K(1408K)
[2026-01-16T08:47:25.607+0000][gc          ] GC(96) Pause Young (Normal) (G1 Evacuation Pause) 285M->239M(1024M) 646.415ms
[2026-01-16T08:47:25.626+0000][gc,cpu      ] GC(96) User=0.24s Sys=0.05s Real=0.67s
[2026-01-16T08:47:26.907+0000][gc,start    ] GC(97) Pause Young (Normal) (GCLocker Initiated GC)
[2026-01-16T08:47:26.918+0000][gc,task     ] GC(97) Using 8 workers of 8 for evacuation
[2026-01-16T08:47:27.867+0000][gc,mmu      ] GC(97) MMU target violated: 201.0ms (200.0ms/201.0ms)
[2026-01-16T08:47:27.868+0000][gc,phases   ] GC(97)   Pre Evacuate Collection Set: 19.0ms
[2026-01-16T08:47:27.870+0000][gc,phases   ] GC(97)   Merge Heap Roots: 0.7ms
[2026-01-16T08:47:27.872+0000][gc,phases   ] GC(97)   Evacuate Collection Set: 919.5ms
[2026-01-16T08:47:27.872+0000][gc,phases   ] GC(97)   Post Evacuate Collection Set: 1.7ms
[2026-01-16T08:47:27.873+0000][gc,phases   ] GC(97)   Other: 9.3ms
[2026-01-16T08:47:27.873+0000][gc,heap     ] GC(97) Eden regions: 51->0(46)
[2026-01-16T08:47:27.873+0000][gc,heap     ] GC(97) Survivor regions: 4->5(7)
[2026-01-16T08:47:27.878+0000][gc,heap     ] GC(97) Old regions: 87->88
[2026-01-16T08:47:27.883+0000][gc,heap     ] GC(97) Humongous regions: 149->149
[2026-01-16T08:47:27.884+0000][gc,metaspace] GC(97) Metaspace: 10695K(11072K)->10695K(11072K) NonClass: 9434K(9664K)->9434K(9664K) Class: 1261K(1408K)->1261K(1408K)
[2026-01-16T08:47:27.887+0000][gc          ] GC(97) Pause Young (Normal) (GCLocker Initiated GC) 290M->240M(1024M) 978.423ms
[2026-01-16T08:47:27.896+0000][gc,cpu      ] GC(97) User=0.36s Sys=0.13s Real=0.99s
[2026-01-16T08:47:29.534+0000][gc,start    ] GC(98) Pause Young (Normal) (G1 Evacuation Pause)
[2026-01-16T08:47:29.535+0000][gc,task     ] GC(98) Using 8 workers of 8 for evacuation
[2026-01-16T08:47:29.851+0000][gc,mmu      ] GC(98) MMU target violated: 201.0ms (200.0ms/201.0ms)
[2026-01-16T08:47:29.852+0000][gc,phases   ] GC(98)   Pre Evacuate Collection Set: 20.2ms
[2026-01-16T08:47:29.854+0000][gc,phases   ] GC(98)   Merge Heap Roots: 0.4ms
[2026-01-16T08:47:29.855+0000][gc,phases   ] GC(98)   Evacuate Collection Set: 283.9ms
[2026-01-16T08:47:29.857+0000][gc,phases   ] GC(98)   Post Evacuate Collection Set: 6.7ms
[2026-01-16T08:47:29.858+0000][gc,phases   ] GC(98)   Other: 6.0ms
[2026-01-16T08:47:29.869+0000][gc,heap     ] GC(98) Eden regions: 46->0(46)
[2026-01-16T08:47:29.871+0000][gc,heap     ] GC(98) Survivor regions: 5->5(7)
[2026-01-16T08:47:29.872+0000][gc,heap     ] GC(98) Old regions: 88->89
[2026-01-16T08:47:29.872+0000][gc,heap     ] GC(98) Humongous regions: 149->149
[2026-01-16T08:47:29.873+0000][gc,metaspace] GC(98) Metaspace: 10695K(11072K)->10695K(11072K) NonClass: 9434K(9664K)->9434K(9664K) Class: 1261K(1408K)->1261K(1408K)
[2026-01-16T08:47:29.904+0000][gc          ] GC(98) Pause Young (Normal) (G1 Evacuation Pause) 286M->241M(1024M) 370.762ms
[2026-01-16T08:47:29.907+0000][gc,cpu      ] GC(98) User=0.14s Sys=0.04s Real=0.38s
[2026-01-16T08:47:32.673+0000][gc,start    ] GC(99) Pause Young (Normal) (G1 Evacuation Pause)
[2026-01-16T08:47:32.675+0000][gc,task     ] GC(99) Using 8 workers of 8 for evacuation
[2026-01-16T08:47:33.436+0000][gc,mmu      ] GC(99) MMU target violated: 201.0ms (200.0ms/201.0ms)
[2026-01-16T08:47:33.438+0000][gc,phases   ] GC(99)   Pre Evacuate Collection Set: 47.6ms
[2026-01-16T08:47:33.441+0000][gc,phases   ] GC(99)   Merge Heap Roots: 5.8ms
[2026-01-16T08:47:33.441+0000][gc,phases   ] GC(99)   Evacuate Collection Set: 665.1ms
[2026-01-16T08:47:33.441+0000][gc,phases   ] GC(99)   Post Evacuate Collection Set: 14.8ms
[2026-01-16T08:47:33.441+0000][gc,phases   ] GC(99)   Other: 30.1ms
[2026-01-16T08:47:33.441+0000][gc,heap     ] GC(99) Eden regions: 46->0(46)
[2026-01-16T08:47:33.442+0000][gc,heap     ] GC(99) Survivor regions: 5->5(7)
[2026-01-16T08:47:33.442+0000][gc,heap     ] GC(99) Old regions: 89->89
[2026-01-16T08:47:33.448+0000][gc,heap     ] GC(99) Humongous regions: 149->149
[2026-01-16T08:47:33.451+0000][gc,metaspace] GC(99) Metaspace: 10698K(11072K)->10698K(11072K) NonClass: 9437K(9664K)->9437K(9664K) Class: 1261K(1408K)->1261K(1408K)
[2026-01-16T08:47:33.454+0000][gc          ] GC(99) Pause Young (Normal) (G1 Evacuation Pause) 287M->242M(1024M) 781.301ms
[2026-01-16T08:47:33.455+0000][gc,cpu      ] GC(99) User=0.32s Sys=0.03s Real=0.78s
[2026-01-16T08:47:34.696+0000][gc,start    ] GC(100) Pause Young (Normal) (G1 Evacuation Pause)
[2026-01-16T08:47:34.700+0000][gc,task     ] GC(100) Using 8 workers of 8 for evacuation
[2026-01-16T08:47:35.197+0000][gc,mmu      ] GC(100) MMU target violated: 201.0ms (200.0ms/201.0ms)
[2026-01-16T08:47:35.201+0000][gc,phases   ] GC(100)   Pre Evacuate Collection Set: 71.8ms
[2026-01-16T08:47:35.203+0000][gc,phases   ] GC(100)   Merge Heap Roots: 1.5ms
[2026-01-16T08:47:35.205+0000][gc,phases   ] GC(100)   Evacuate Collection Set: 369.5ms
[2026-01-16T08:47:35.207+0000][gc,phases   ] GC(100)   Post Evacuate Collection Set: 3.8ms
[2026-01-16T08:47:35.207+0000][gc,phases   ] GC(100)   Other: 54.7ms
[2026-01-16T08:47:35.210+0000][gc,heap     ] GC(100) Eden regions: 46->0(46)
[2026-01-16T08:47:35.215+0000][gc,heap     ] GC(100) Survivor regions: 5->5(7)
[2026-01-16T08:47:35.215+0000][gc,heap     ] GC(100) Old regions: 89->90
[2026-01-16T08:47:35.219+0000][gc,heap     ] GC(100) Humongous regions: 149->149
[2026-01-16T08:47:35.223+0000][gc,metaspace] GC(100) Metaspace: 10708K(11072K)->10708K(11072K) NonClass: 9447K(9664K)->9447K(9664K) Class: 1261K(1408K)->1261K(1408K)
[2026-01-16T08:47:35.226+0000][gc          ] GC(100) Pause Young (Normal) (G1 Evacuation Pause) 288M->242M(1024M) 528.725ms
[2026-01-16T08:47:35.227+0000][gc,cpu      ] GC(100) User=0.16s Sys=0.03s Real=0.53s
[2026-01-16T08:47:37.751+0000][gc,start    ] GC(101) Pause Young (Normal) (G1 Evacuation Pause)
[2026-01-16T08:47:37.753+0000][gc,task     ] GC(101) Using 8 workers of 8 for evacuation
[2026-01-16T08:47:38.189+0000][gc,mmu      ] GC(101) MMU target violated: 201.0ms (200.0ms/201.0ms)
[2026-01-16T08:47:38.196+0000][gc,phases   ] GC(101)   Pre Evacuate Collection Set: 41.4ms
[2026-01-16T08:47:38.199+0000][gc,phases   ] GC(101)   Merge Heap Roots: 0.7ms
[2026-01-16T08:47:38.199+0000][gc,phases   ] GC(101)   Evacuate Collection Set: 382.5ms
[2026-01-16T08:47:38.199+0000][gc,phases   ] GC(101)   Post Evacuate Collection Set: 3.5ms
[2026-01-16T08:47:38.234+0000][gc,phases   ] GC(101)   Other: 14.6ms
[2026-01-16T08:47:38.235+0000][gc,heap     ] GC(101) Eden regions: 46->0(46)
[2026-01-16T08:47:38.242+0000][gc,heap     ] GC(101) Survivor regions: 5->5(7)
[2026-01-16T08:47:38.242+0000][gc,heap     ] GC(101) Old regions: 90->91
[2026-01-16T08:47:38.242+0000][gc,heap     ] GC(101) Humongous regions: 149->149
[2026-01-16T08:47:38.242+0000][gc,metaspace] GC(101) Metaspace: 10715K(11072K)->10715K(11072K) NonClass: 9454K(9664K)->9454K(9664K) Class: 1261K(1408K)->1261K(1408K)
[2026-01-16T08:47:38.249+0000][gc          ] GC(101) Pause Young (Normal) (G1 Evacuation Pause) 288M->243M(1024M) 497.993ms
[2026-01-16T08:47:38.272+0000][gc,cpu      ] GC(101) User=0.16s Sys=0.03s Real=0.52s
[2026-01-16T08:47:39.949+0000][gc,start    ] GC(102) Pause Young (Normal) (G1 Evacuation Pause)
[2026-01-16T08:47:39.951+0000][gc,task     ] GC(102) Using 8 workers of 8 for evacuation
[2026-01-16T08:47:40.601+0000][gc,mmu      ] GC(102) MMU target violated: 201.0ms (200.0ms/201.0ms)
[2026-01-16T08:47:40.604+0000][gc,phases   ] GC(102)   Pre Evacuate Collection Set: 45.9ms
[2026-01-16T08:47:40.606+0000][gc,phases   ] GC(102)   Merge Heap Roots: 1.1ms
[2026-01-16T08:47:40.608+0000][gc,phases   ] GC(102)   Evacuate Collection Set: 558.1ms
[2026-01-16T08:47:40.609+0000][gc,phases   ] GC(102)   Post Evacuate Collection Set: 37.4ms
[2026-01-16T08:47:40.610+0000][gc,phases   ] GC(102)   Other: 10.4ms
[2026-01-16T08:47:40.611+0000][gc,heap     ] GC(102) Eden regions: 46->0(47)
[2026-01-16T08:47:40.611+0000][gc,heap     ] GC(102) Survivor regions: 5->4(7)
[2026-01-16T08:47:40.611+0000][gc,heap     ] GC(102) Old regions: 91->92
[2026-01-16T08:47:40.611+0000][gc,heap     ] GC(102) Humongous regions: 149->149
[2026-01-16T08:47:40.611+0000][gc,metaspace] GC(102) Metaspace: 10716K(11072K)->10716K(11072K) NonClass: 9455K(9664K)->9455K(9664K) Class: 1261K(1408K)->1261K(1408K)
[2026-01-16T08:47:40.611+0000][gc          ] GC(102) Pause Young (Normal) (G1 Evacuation Pause) 289M->244M(1024M) 662.554ms
[2026-01-16T08:47:40.612+0000][gc,cpu      ] GC(102) User=0.23s Sys=0.04s Real=0.66s
[2026-01-16T08:47:43.911+0000][gc,start    ] GC(103) Pause Young (Normal) (GCLocker Initiated GC)
[2026-01-16T08:47:43.913+0000][gc,task     ] GC(103) Using 8 workers of 8 for evacuation
[2026-01-16T08:47:44.698+0000][gc,mmu      ] GC(103) MMU target violated: 201.0ms (200.0ms/201.0ms)
[2026-01-16T08:47:44.700+0000][gc,phases   ] GC(103)   Pre Evacuate Collection Set: 152.7ms
[2026-01-16T08:47:44.701+0000][gc,phases   ] GC(103)   Merge Heap Roots: 38.1ms
[2026-01-16T08:47:44.702+0000][gc,phases   ] GC(103)   Evacuate Collection Set: 580.7ms
[2026-01-16T08:47:44.702+0000][gc,phases   ] GC(103)   Post Evacuate Collection Set: 3.2ms
[2026-01-16T08:47:44.707+0000][gc,phases   ] GC(103)   Other: 12.0ms
[2026-01-16T08:47:44.709+0000][gc,heap     ] GC(103) Eden regions: 49->0(46)
[2026-01-16T08:47:44.710+0000][gc,heap     ] GC(103) Survivor regions: 4->5(7)
[2026-01-16T08:47:44.710+0000][gc,heap     ] GC(103) Old regions: 92->92
[2026-01-16T08:47:44.713+0000][gc,heap     ] GC(103) Humongous regions: 149->149
[2026-01-16T08:47:44.716+0000][gc,metaspace] GC(103) Metaspace: 10722K(11072K)->10722K(11072K) NonClass: 9461K(9664K)->9461K(9664K) Class: 1261K(1408K)->1261K(1408K)
[2026-01-16T08:47:44.717+0000][gc          ] GC(103) Pause Young (Normal) (GCLocker Initiated GC) 292M->244M(1024M) 805.495ms
[2026-01-16T08:47:44.717+0000][gc,cpu      ] GC(103) User=0.44s Sys=0.09s Real=0.81s
[2026-01-16T08:47:50.672+0000][gc,start    ] GC(104) Pause Young (Normal) (G1 Evacuation Pause)
[2026-01-16T08:47:50.678+0000][gc,task     ] GC(104) Using 8 workers of 8 for evacuation
[2026-01-16T08:47:52.059+0000][gc,mmu      ] GC(104) MMU target violated: 201.0ms (200.0ms/201.0ms)
[2026-01-16T08:47:52.063+0000][gc,phases   ] GC(104)   Pre Evacuate Collection Set: 37.2ms
[2026-01-16T08:47:52.076+0000][gc,phases   ] GC(104)   Merge Heap Roots: 5.9ms
[2026-01-16T08:47:52.099+0000][gc,phases   ] GC(104)   Evacuate Collection Set: 1267.0ms
[2026-01-16T08:47:52.111+0000][gc,phases   ] GC(104)   Post Evacuate Collection Set: 68.3ms
[2026-01-16T08:47:52.112+0000][gc,phases   ] GC(104)   Other: 6.9ms
[2026-01-16T08:47:52.112+0000][gc,heap     ] GC(104) Eden regions: 46->0(47)
[2026-01-16T08:47:52.114+0000][gc,heap     ] GC(104) Survivor regions: 5->4(7)
[2026-01-16T08:47:52.125+0000][gc,heap     ] GC(104) Old regions: 92->93
[2026-01-16T08:47:52.126+0000][gc,heap     ] GC(104) Humongous regions: 149->149
[2026-01-16T08:47:52.126+0000][gc,metaspace] GC(104) Metaspace: 10731K(11072K)->10731K(11072K) NonClass: 9470K(9664K)->9470K(9664K) Class: 1261K(1408K)->1261K(1408K)
[2026-01-16T08:47:52.130+0000][gc          ] GC(104) Pause Young (Normal) (G1 Evacuation Pause) 290M->245M(1024M) 1458.155ms
[2026-01-16T08:47:52.162+0000][gc,cpu      ] GC(104) User=0.54s Sys=0.08s Real=1.49s
[2026-01-16T08:47:58.218+0000][gc,start    ] GC(105) Pause Young (Normal) (G1 Evacuation Pause)
[2026-01-16T08:47:58.219+0000][gc,task     ] GC(105) Using 8 workers of 8 for evacuation
[2026-01-16T08:47:59.030+0000][gc,mmu      ] GC(105) MMU target violated: 201.0ms (200.0ms/201.0ms)
[2026-01-16T08:47:59.031+0000][gc,phases   ] GC(105)   Pre Evacuate Collection Set: 125.2ms
[2026-01-16T08:47:59.031+0000][gc,phases   ] GC(105)   Merge Heap Roots: 8.4ms
[2026-01-16T08:47:59.032+0000][gc,phases   ] GC(105)   Evacuate Collection Set: 625.2ms
[2026-01-16T08:47:59.033+0000][gc,phases   ] GC(105)   Post Evacuate Collection Set: 27.6ms
[2026-01-16T08:47:59.033+0000][gc,phases   ] GC(105)   Other: 25.2ms
[2026-01-16T08:47:59.035+0000][gc,heap     ] GC(105) Eden regions: 47->0(46)
[2026-01-16T08:47:59.070+0000][gc,heap     ] GC(105) Survivor regions: 4->5(7)
[2026-01-16T08:47:59.074+0000][gc,heap     ] GC(105) Old regions: 93->93
[2026-01-16T08:47:59.085+0000][gc,heap     ] GC(105) Humongous regions: 149->149
[2026-01-16T08:47:59.086+0000][gc,metaspace] GC(105) Metaspace: 10733K(11072K)->10733K(11072K) NonClass: 9472K(9664K)->9472K(9664K) Class: 1261K(1408K)->1261K(1408K)
[2026-01-16T08:47:59.086+0000][gc          ] GC(105) Pause Young (Normal) (G1 Evacuation Pause) 292M->246M(1024M) 867.800ms
[2026-01-16T08:47:59.086+0000][gc,cpu      ] GC(105) User=0.43s Sys=0.03s Real=0.87s
[2026-01-16T08:48:02.593+0000][gc,start    ] GC(106) Pause Young (Normal) (G1 Evacuation Pause)
[2026-01-16T08:48:02.667+0000][gc,task     ] GC(106) Using 8 workers of 8 for evacuation
[2026-01-16T08:48:04.230+0000][gc,mmu      ] GC(106) MMU target violated: 201.0ms (200.0ms/201.0ms)
[2026-01-16T08:48:04.234+0000][gc,phases   ] GC(106)   Pre Evacuate Collection Set: 194.2ms
[2026-01-16T08:48:04.235+0000][gc,phases   ] GC(106)   Merge Heap Roots: 16.5ms
[2026-01-16T08:48:04.235+0000][gc,phases   ] GC(106)   Evacuate Collection Set: 1278.3ms
[2026-01-16T08:48:04.235+0000][gc,phases   ] GC(106)   Post Evacuate Collection Set: 21.9ms
[2026-01-16T08:48:04.236+0000][gc,phases   ] GC(106)   Other: 65.1ms
[2026-01-16T08:48:04.237+0000][gc,heap     ] GC(106) Eden regions: 46->0(47)
[2026-01-16T08:48:04.238+0000][gc,heap     ] GC(106) Survivor regions: 5->4(7)
[2026-01-16T08:48:04.240+0000][gc,heap     ] GC(106) Old regions: 93->95
[2026-01-16T08:48:04.240+0000][gc,heap     ] GC(106) Humongous regions: 149->149
[2026-01-16T08:48:04.241+0000][gc,metaspace] GC(106) Metaspace: 10737K(11072K)->10737K(11072K) NonClass: 9476K(9664K)->9476K(9664K) Class: 1261K(1408K)->1261K(1408K)
[2026-01-16T08:48:04.242+0000][gc          ] GC(106) Pause Young (Normal) (G1 Evacuation Pause) 292M->247M(1024M) 1649.489ms
[2026-01-16T08:48:04.243+0000][gc,cpu      ] GC(106) User=0.61s Sys=0.11s Real=1.65s
[2026-01-16T08:48:07.762+0000][gc,start    ] GC(107) Pause Young (Normal) (G1 Evacuation Pause)
[2026-01-16T08:48:07.796+0000][gc,task     ] GC(107) Using 8 workers of 8 for evacuation
[2026-01-16T08:48:08.880+0000][gc,mmu      ] GC(107) MMU target violated: 201.0ms (200.0ms/201.0ms)
[2026-01-16T08:48:08.882+0000][gc,phases   ] GC(107)   Pre Evacuate Collection Set: 161.7ms
[2026-01-16T08:48:08.884+0000][gc,phases   ] GC(107)   Merge Heap Roots: 3.6ms
[2026-01-16T08:48:08.885+0000][gc,phases   ] GC(107)   Evacuate Collection Set: 807.0ms
[2026-01-16T08:48:08.886+0000][gc,phases   ] GC(107)   Post Evacuate Collection Set: 32.5ms
[2026-01-16T08:48:08.886+0000][gc,phases   ] GC(107)   Other: 53.6ms
[2026-01-16T08:48:08.890+0000][gc,heap     ] GC(107) Eden regions: 47->0(46)
[2026-01-16T08:48:08.892+0000][gc,heap     ] GC(107) Survivor regions: 4->5(7)
[2026-01-16T08:48:08.895+0000][gc,heap     ] GC(107) Old regions: 95->95
[2026-01-16T08:48:08.898+0000][gc,heap     ] GC(107) Humongous regions: 149->149
[2026-01-16T08:48:08.898+0000][gc,metaspace] GC(107) Metaspace: 10745K(11072K)->10745K(11072K) NonClass: 9484K(9664K)->9484K(9664K) Class: 1261K(1408K)->1261K(1408K)
[2026-01-16T08:48:08.900+0000][gc          ] GC(107) Pause Young (Normal) (G1 Evacuation Pause) 294M->247M(1024M) 1109.664ms
[2026-01-16T08:48:08.901+0000][gc,cpu      ] GC(107) User=0.50s Sys=0.05s Real=1.11s
[2026-01-16T08:48:15.436+0000][gc,start    ] GC(108) Pause Young (Normal) (G1 Evacuation Pause)
[2026-01-16T08:48:15.447+0000][gc,task     ] GC(108) Using 8 workers of 8 for evacuation
[2026-01-16T08:48:16.460+0000][gc,mmu      ] GC(108) MMU target violated: 201.0ms (200.0ms/201.0ms)
[2026-01-16T08:48:16.461+0000][gc,phases   ] GC(108)   Pre Evacuate Collection Set: 115.2ms
[2026-01-16T08:48:16.461+0000][gc,phases   ] GC(108)   Merge Heap Roots: 22.4ms
[2026-01-16T08:48:16.462+0000][gc,phases   ] GC(108)   Evacuate Collection Set: 865.4ms
[2026-01-16T08:48:16.463+0000][gc,phases   ] GC(108)   Post Evacuate Collection Set: 2.7ms
[2026-01-16T08:48:16.463+0000][gc,phases   ] GC(108)   Other: 8.1ms
[2026-01-16T08:48:16.464+0000][gc,heap     ] GC(108) Eden regions: 46->0(45)
[2026-01-16T08:48:16.464+0000][gc,heap     ] GC(108) Survivor regions: 5->6(7)
[2026-01-16T08:48:16.466+0000][gc,heap     ] GC(108) Old regions: 95->96
[2026-01-16T08:48:16.466+0000][gc,heap     ] GC(108) Humongous regions: 149->149
[2026-01-16T08:48:16.467+0000][gc,metaspace] GC(108) Metaspace: 10748K(11072K)->10748K(11072K) NonClass: 9487K(9664K)->9487K(9664K) Class: 1261K(1408K)->1261K(1408K)
[2026-01-16T08:48:16.467+0000][gc          ] GC(108) Pause Young (Normal) (G1 Evacuation Pause) 293M->249M(1024M) 1031.085ms
[2026-01-16T08:48:16.468+0000][gc,cpu      ] GC(108) User=0.47s Sys=0.03s Real=1.03s
[2026-01-16T08:48:19.307+0000][gc,start    ] GC(109) Pause Young (Normal) (G1 Evacuation Pause)
[2026-01-16T08:48:19.310+0000][gc,task     ] GC(109) Using 8 workers of 8 for evacuation
[2026-01-16T08:48:19.900+0000][gc,mmu      ] GC(109) MMU target violated: 201.0ms (200.0ms/201.0ms)
[2026-01-16T08:48:19.904+0000][gc,phases   ] GC(109)   Pre Evacuate Collection Set: 77.6ms
[2026-01-16T08:48:19.906+0000][gc,phases   ] GC(109)   Merge Heap Roots: 6.4ms
[2026-01-16T08:48:19.906+0000][gc,phases   ] GC(109)   Evacuate Collection Set: 500.7ms
[2026-01-16T08:48:19.907+0000][gc,phases   ] GC(109)   Post Evacuate Collection Set: 3.1ms
[2026-01-16T08:48:19.909+0000][gc,phases   ] GC(109)   Other: 7.1ms
[2026-01-16T08:48:19.910+0000][gc,heap     ] GC(109) Eden regions: 45->0(47)
[2026-01-16T08:48:19.911+0000][gc,heap     ] GC(109) Survivor regions: 6->4(7)
[2026-01-16T08:48:19.922+0000][gc,heap     ] GC(109) Old regions: 96->97
[2026-01-16T08:48:19.923+0000][gc,heap     ] GC(109) Humongous regions: 149->149
[2026-01-16T08:48:19.924+0000][gc,metaspace] GC(109) Metaspace: 10754K(11072K)->10754K(11072K) NonClass: 9493K(9664K)->9493K(9664K) Class: 1261K(1408K)->1261K(1408K)
[2026-01-16T08:48:19.928+0000][gc          ] GC(109) Pause Young (Normal) (G1 Evacuation Pause) 294M->249M(1024M) 620.648ms
[2026-01-16T08:48:19.928+0000][gc,cpu      ] GC(109) User=0.26s Sys=0.07s Real=0.62s
[2026-01-16T08:48:27.206+0000][gc,start    ] GC(110) Pause Young (Normal) (G1 Evacuation Pause)
[2026-01-16T08:48:27.296+0000][gc,task     ] GC(110) Using 8 workers of 8 for evacuation
[2026-01-16T08:48:29.399+0000][gc,mmu      ] GC(110) MMU target violated: 201.0ms (200.0ms/201.0ms)
[2026-01-16T08:48:29.406+0000][gc,phases   ] GC(110)   Pre Evacuate Collection Set: 140.7ms
[2026-01-16T08:48:29.407+0000][gc,phases   ] GC(110)   Merge Heap Roots: 7.9ms
[2026-01-16T08:48:29.407+0000][gc,phases   ] GC(110)   Evacuate Collection Set: 1800.9ms
[2026-01-16T08:48:29.408+0000][gc,phases   ] GC(110)   Post Evacuate Collection Set: 126.3ms
[2026-01-16T08:48:29.408+0000][gc,phases   ] GC(110)   Other: 103.3ms
[2026-01-16T08:48:29.408+0000][gc,heap     ] GC(110) Eden regions: 47->0(47)
[2026-01-16T08:48:29.409+0000][gc,heap     ] GC(110) Survivor regions: 4->4(7)
[2026-01-16T08:48:29.409+0000][gc,heap     ] GC(110) Old regions: 97->97
[2026-01-16T08:48:29.409+0000][gc,heap     ] GC(110) Humongous regions: 149->149
[2026-01-16T08:48:29.410+0000][gc,metaspace] GC(110) Metaspace: 10756K(11072K)->10756K(11072K) NonClass: 9495K(9664K)->9495K(9664K) Class: 1261K(1408K)->1261K(1408K)
[2026-01-16T08:48:29.427+0000][gc          ] GC(110) Pause Young (Normal) (G1 Evacuation Pause) 296M->249M(1024M) 2220.664ms
[2026-01-16T08:48:29.440+0000][gc,cpu      ] GC(110) User=0.86s Sys=0.12s Real=2.23s
[2026-01-16T08:48:36.771+0000][gc,start    ] GC(111) Pause Young (Normal) (G1 Evacuation Pause)
[2026-01-16T08:48:36.778+0000][gc,task     ] GC(111) Using 8 workers of 8 for evacuation
[2026-01-16T08:48:37.741+0000][gc,mmu      ] GC(111) MMU target violated: 201.0ms (200.0ms/201.0ms)
[2026-01-16T08:48:37.747+0000][gc,phases   ] GC(111)   Pre Evacuate Collection Set: 96.3ms
[2026-01-16T08:48:37.749+0000][gc,phases   ] GC(111)   Merge Heap Roots: 25.7ms
[2026-01-16T08:48:37.752+0000][gc,phases   ] GC(111)   Evacuate Collection Set: 786.7ms
[2026-01-16T08:48:37.753+0000][gc,phases   ] GC(111)   Post Evacuate Collection Set: 52.1ms
[2026-01-16T08:48:37.753+0000][gc,phases   ] GC(111)   Other: 8.3ms
[2026-01-16T08:48:37.756+0000][gc,heap     ] GC(111) Eden regions: 47->0(46)
[2026-01-16T08:48:37.756+0000][gc,heap     ] GC(111) Survivor regions: 4->5(7)
[2026-01-16T08:48:37.757+0000][gc,heap     ] GC(111) Old regions: 97->98
[2026-01-16T08:48:37.757+0000][gc,heap     ] GC(111) Humongous regions: 149->149
[2026-01-16T08:48:37.757+0000][gc,metaspace] GC(111) Metaspace: 10759K(11072K)->10759K(11072K) NonClass: 9498K(9664K)->9498K(9664K) Class: 1261K(1408K)->1261K(1408K)
[2026-01-16T08:48:37.759+0000][gc          ] GC(111) Pause Young (Normal) (G1 Evacuation Pause) 296M->250M(1024M) 988.329ms
[2026-01-16T08:48:37.776+0000][gc,cpu      ] GC(111) User=0.38s Sys=0.03s Real=0.99s
[2026-01-16T08:48:40.497+0000][gc,start    ] GC(112) Pause Young (Normal) (G1 Evacuation Pause)
[2026-01-16T08:48:40.497+0000][gc,task     ] GC(112) Using 8 workers of 8 for evacuation
[2026-01-16T08:48:41.556+0000][gc,mmu      ] GC(112) MMU target violated: 201.0ms (200.0ms/201.0ms)
[2026-01-16T08:48:41.564+0000][gc,phases   ] GC(112)   Pre Evacuate Collection Set: 140.7ms
[2026-01-16T08:48:41.573+0000][gc,phases   ] GC(112)   Merge Heap Roots: 30.3ms
[2026-01-16T08:48:41.574+0000][gc,phases   ] GC(112)   Evacuate Collection Set: 863.0ms
[2026-01-16T08:48:41.574+0000][gc,phases   ] GC(112)   Post Evacuate Collection Set: 22.2ms
[2026-01-16T08:48:41.585+0000][gc,phases   ] GC(112)   Other: 10.9ms
[2026-01-16T08:48:41.587+0000][gc,heap     ] GC(112) Eden regions: 46->0(46)
[2026-01-16T08:48:41.604+0000][gc,heap     ] GC(112) Survivor regions: 5->5(7)
[2026-01-16T08:48:41.605+0000][gc,heap     ] GC(112) Old regions: 98->99
[2026-01-16T08:48:41.606+0000][gc,heap     ] GC(112) Humongous regions: 149->149
[2026-01-16T08:48:41.608+0000][gc,metaspace] GC(112) Metaspace: 10766K(11072K)->10766K(11072K) NonClass: 9505K(9664K)->9505K(9664K) Class: 1261K(1408K)->1261K(1408K)
[2026-01-16T08:48:41.613+0000][gc          ] GC(112) Pause Young (Normal) (G1 Evacuation Pause) 296M->251M(1024M) 1115.804ms
[2026-01-16T08:48:41.613+0000][gc,cpu      ] GC(112) User=0.45s Sys=0.05s Real=1.12s
[2026-01-16T08:48:44.262+0000][gc,start    ] GC(113) Pause Young (Normal) (G1 Evacuation Pause)
[2026-01-16T08:48:44.277+0000][gc,task     ] GC(113) Using 8 workers of 8 for evacuation
[2026-01-16T08:48:45.330+0000][gc,mmu      ] GC(113) MMU target violated: 201.0ms (200.0ms/201.0ms)
[2026-01-16T08:48:45.332+0000][gc,phases   ] GC(113)   Pre Evacuate Collection Set: 57.7ms
[2026-01-16T08:48:45.336+0000][gc,phases   ] GC(113)   Merge Heap Roots: 3.1ms
[2026-01-16T08:48:45.339+0000][gc,phases   ] GC(113)   Evacuate Collection Set: 959.5ms
[2026-01-16T08:48:45.340+0000][gc,phases   ] GC(113)   Post Evacuate Collection Set: 23.8ms
[2026-01-16T08:48:45.340+0000][gc,phases   ] GC(113)   Other: 11.4ms
[2026-01-16T08:48:45.340+0000][gc,heap     ] GC(113) Eden regions: 46->0(45)
[2026-01-16T08:48:45.341+0000][gc,heap     ] GC(113) Survivor regions: 5->6(7)
[2026-01-16T08:48:45.341+0000][gc,heap     ] GC(113) Old regions: 99->100
[2026-01-16T08:48:45.343+0000][gc,heap     ] GC(113) Humongous regions: 149->149
[2026-01-16T08:48:45.344+0000][gc,metaspace] GC(113) Metaspace: 10768K(11072K)->10768K(11072K) NonClass: 9507K(9664K)->9507K(9664K) Class: 1261K(1408K)->1261K(1408K)
[2026-01-16T08:48:45.346+0000][gc          ] GC(113) Pause Young (Normal) (G1 Evacuation Pause) 297M->253M(1024M) 1083.879ms
[2026-01-16T08:48:45.347+0000][gc,cpu      ] GC(113) User=0.41s Sys=0.07s Real=1.08s
[2026-01-16T08:48:48.080+0000][gc,start    ] GC(114) Pause Young (Normal) (G1 Evacuation Pause)
[2026-01-16T08:48:48.099+0000][gc,task     ] GC(114) Using 8 workers of 8 for evacuation
[2026-01-16T08:48:48.520+0000][gc,mmu      ] GC(114) MMU target violated: 201.0ms (200.0ms/201.0ms)
[2026-01-16T08:48:48.521+0000][gc,phases   ] GC(114)   Pre Evacuate Collection Set: 51.2ms
[2026-01-16T08:48:48.522+0000][gc,phases   ] GC(114)   Merge Heap Roots: 7.2ms
[2026-01-16T08:48:48.522+0000][gc,phases   ] GC(114)   Evacuate Collection Set: 353.0ms
[2026-01-16T08:48:48.523+0000][gc,phases   ] GC(114)   Post Evacuate Collection Set: 9.1ms
[2026-01-16T08:48:48.526+0000][gc,phases   ] GC(114)   Other: 2.3ms
[2026-01-16T08:48:48.526+0000][gc,heap     ] GC(114) Eden regions: 45->0(47)
[2026-01-16T08:48:48.527+0000][gc,heap     ] GC(114) Survivor regions: 6->4(7)
[2026-01-16T08:48:48.530+0000][gc,heap     ] GC(114) Old regions: 100->101
[2026-01-16T08:48:48.531+0000][gc,heap     ] GC(114) Humongous regions: 149->149
[2026-01-16T08:48:48.532+0000][gc,metaspace] GC(114) Metaspace: 10772K(11072K)->10772K(11072K) NonClass: 9511K(9664K)->9511K(9664K) Class: 1261K(1408K)->1261K(1408K)
[2026-01-16T08:48:48.560+0000][gc          ] GC(114) Pause Young (Normal) (G1 Evacuation Pause) 298M->253M(1024M) 480.074ms
[2026-01-16T08:48:48.566+0000][gc,cpu      ] GC(114) User=0.34s Sys=0.07s Real=0.49s
[2026-01-16T08:48:50.485+0000][gc,start    ] GC(115) Pause Young (Normal) (G1 Evacuation Pause)
[2026-01-16T08:48:50.514+0000][gc,task     ] GC(115) Using 8 workers of 8 for evacuation
[2026-01-16T08:48:51.302+0000][gc,mmu      ] GC(115) MMU target violated: 201.0ms (200.0ms/201.0ms)
[2026-01-16T08:48:51.303+0000][gc,phases   ] GC(115)   Pre Evacuate Collection Set: 269.2ms
[2026-01-16T08:48:51.305+0000][gc,phases   ] GC(115)   Merge Heap Roots: 76.7ms
[2026-01-16T08:48:51.307+0000][gc,phases   ] GC(115)   Evacuate Collection Set: 433.0ms
[2026-01-16T08:48:51.307+0000][gc,phases   ] GC(115)   Post Evacuate Collection Set: 7.0ms
[2026-01-16T08:48:51.308+0000][gc,phases   ] GC(115)   Other: 3.1ms
[2026-01-16T08:48:51.308+0000][gc,heap     ] GC(115) Eden regions: 47->0(47)
[2026-01-16T08:48:51.308+0000][gc,heap     ] GC(115) Survivor regions: 4->4(7)
[2026-01-16T08:48:51.309+0000][gc,heap     ] GC(115) Old regions: 101->101
[2026-01-16T08:48:51.310+0000][gc,heap     ] GC(115) Humongous regions: 149->149
[2026-01-16T08:48:51.310+0000][gc,metaspace] GC(115) Metaspace: 10775K(11072K)->10775K(11072K) NonClass: 9514K(9664K)->9514K(9664K) Class: 1261K(1408K)->1261K(1408K)
[2026-01-16T08:48:51.315+0000][gc          ] GC(115) Pause Young (Normal) (G1 Evacuation Pause) 300M->253M(1024M) 829.942ms
[2026-01-16T08:48:51.319+0000][gc,cpu      ] GC(115) User=0.39s Sys=0.05s Real=0.84s
[2026-01-16T08:48:54.799+0000][gc,start    ] GC(116) Pause Young (Normal) (G1 Evacuation Pause)
[2026-01-16T08:48:54.801+0000][gc,task     ] GC(116) Using 8 workers of 8 for evacuation
[2026-01-16T08:48:55.686+0000][gc,mmu      ] GC(116) MMU target violated: 201.0ms (200.0ms/201.0ms)
[2026-01-16T08:48:55.688+0000][gc,phases   ] GC(116)   Pre Evacuate Collection Set: 73.8ms
[2026-01-16T08:48:55.694+0000][gc,phases   ] GC(116)   Merge Heap Roots: 3.9ms
[2026-01-16T08:48:55.695+0000][gc,phases   ] GC(116)   Evacuate Collection Set: 771.6ms
[2026-01-16T08:48:55.696+0000][gc,phases   ] GC(116)   Post Evacuate Collection Set: 7.2ms
[2026-01-16T08:48:55.698+0000][gc,phases   ] GC(116)   Other: 30.1ms
[2026-01-16T08:48:55.703+0000][gc,heap     ] GC(116) Eden regions: 47->0(46)
[2026-01-16T08:48:55.704+0000][gc,heap     ] GC(116) Survivor regions: 4->5(7)
[2026-01-16T08:48:55.706+0000][gc,heap     ] GC(116) Old regions: 101->102
[2026-01-16T08:48:55.706+0000][gc,heap     ] GC(116) Humongous regions: 149->149
[2026-01-16T08:48:55.709+0000][gc,metaspace] GC(116) Metaspace: 10778K(11072K)->10778K(11072K) NonClass: 9517K(9664K)->9517K(9664K) Class: 1261K(1408K)->1261K(1408K)
[2026-01-16T08:48:55.721+0000][gc          ] GC(116) Pause Young (Normal) (G1 Evacuation Pause) 300M->254M(1024M) 922.440ms
[2026-01-16T08:48:55.724+0000][gc,cpu      ] GC(116) User=0.50s Sys=0.04s Real=0.92s
[2026-01-16T08:48:59.740+0000][gc,start    ] GC(117) Pause Young (Normal) (G1 Evacuation Pause)
[2026-01-16T08:48:59.744+0000][gc,task     ] GC(117) Using 8 workers of 8 for evacuation
[2026-01-16T08:49:01.218+0000][gc,mmu      ] GC(117) MMU target violated: 201.0ms (200.0ms/201.0ms)
[2026-01-16T08:49:01.222+0000][gc,phases   ] GC(117)   Pre Evacuate Collection Set: 88.3ms
[2026-01-16T08:49:01.224+0000][gc,phases   ] GC(117)   Merge Heap Roots: 3.8ms
[2026-01-16T08:49:01.225+0000][gc,phases   ] GC(117)   Evacuate Collection Set: 1064.5ms
[2026-01-16T08:49:01.225+0000][gc,phases   ] GC(117)   Post Evacuate Collection Set: 313.9ms
[2026-01-16T08:49:01.226+0000][gc,phases   ] GC(117)   Other: 6.9ms
[2026-01-16T08:49:01.227+0000][gc,heap     ] GC(117) Eden regions: 46->0(47)
[2026-01-16T08:49:01.230+0000][gc,heap     ] GC(117) Survivor regions: 5->4(7)
[2026-01-16T08:49:01.231+0000][gc,heap     ] GC(117) Old regions: 102->103
[2026-01-16T08:49:01.233+0000][gc,heap     ] GC(117) Humongous regions: 149->149
[2026-01-16T08:49:01.235+0000][gc,metaspace] GC(117) Metaspace: 10788K(11072K)->10788K(11072K) NonClass: 9527K(9664K)->9527K(9664K) Class: 1261K(1408K)->1261K(1408K)
[2026-01-16T08:49:01.237+0000][gc          ] GC(117) Pause Young (Normal) (G1 Evacuation Pause) 300M->255M(1024M) 1496.659ms
[2026-01-16T08:49:01.242+0000][gc,cpu      ] GC(117) User=0.77s Sys=0.15s Real=1.54s
[2026-01-16T08:49:03.971+0000][gc,start    ] GC(118) Pause Young (Normal) (G1 Evacuation Pause)
[2026-01-16T08:49:04.023+0000][gc,task     ] GC(118) Using 8 workers of 8 for evacuation
[2026-01-16T08:49:04.850+0000][gc,mmu      ] GC(118) MMU target violated: 201.0ms (200.0ms/201.0ms)
[2026-01-16T08:49:04.872+0000][gc,phases   ] GC(118)   Pre Evacuate Collection Set: 106.0ms
[2026-01-16T08:49:04.883+0000][gc,phases   ] GC(118)   Merge Heap Roots: 5.0ms
[2026-01-16T08:49:04.886+0000][gc,phases   ] GC(118)   Evacuate Collection Set: 643.9ms
[2026-01-16T08:49:04.897+0000][gc,phases   ] GC(118)   Post Evacuate Collection Set: 69.0ms
[2026-01-16T08:49:04.899+0000][gc,phases   ] GC(118)   Other: 31.3ms
[2026-01-16T08:49:04.901+0000][gc,heap     ] GC(118) Eden regions: 47->0(47)
[2026-01-16T08:49:04.905+0000][gc,heap     ] GC(118) Survivor regions: 4->4(7)
[2026-01-16T08:49:04.907+0000][gc,heap     ] GC(118) Old regions: 103->103
[2026-01-16T08:49:04.915+0000][gc,heap     ] GC(118) Humongous regions: 149->149
[2026-01-16T08:49:04.916+0000][gc,metaspace] GC(118) Metaspace: 10788K(11072K)->10788K(11072K) NonClass: 9527K(9664K)->9527K(9664K) Class: 1261K(1408K)->1261K(1408K)
[2026-01-16T08:49:04.917+0000][gc          ] GC(118) Pause Young (Normal) (G1 Evacuation Pause) 302M->255M(1024M) 946.100ms
[2026-01-16T08:49:04.928+0000][gc,cpu      ] GC(118) User=0.33s Sys=0.09s Real=0.95s
[2026-01-16T08:49:10.188+0000][gc,start    ] GC(119) Pause Young (Normal) (G1 Evacuation Pause)
[2026-01-16T08:49:10.192+0000][gc,task     ] GC(119) Using 8 workers of 8 for evacuation
[2026-01-16T08:49:10.949+0000][gc,mmu      ] GC(119) MMU target violated: 201.0ms (200.0ms/201.0ms)
[2026-01-16T08:49:10.954+0000][gc,phases   ] GC(119)   Pre Evacuate Collection Set: 48.0ms
[2026-01-16T08:49:10.956+0000][gc,phases   ] GC(119)   Merge Heap Roots: 5.4ms
[2026-01-16T08:49:10.959+0000][gc,phases   ] GC(119)   Evacuate Collection Set: 631.4ms
[2026-01-16T08:49:10.961+0000][gc,phases   ] GC(119)   Post Evacuate Collection Set: 59.9ms
[2026-01-16T08:49:10.964+0000][gc,phases   ] GC(119)   Other: 17.0ms
[2026-01-16T08:49:10.965+0000][gc,heap     ] GC(119) Eden regions: 47->0(46)
[2026-01-16T08:49:10.965+0000][gc,heap     ] GC(119) Survivor regions: 4->5(7)
[2026-01-16T08:49:10.966+0000][gc,heap     ] GC(119) Old regions: 103->103
[2026-01-16T08:49:10.966+0000][gc,heap     ] GC(119) Humongous regions: 149->149
[2026-01-16T08:49:10.966+0000][gc,metaspace] GC(119) Metaspace: 10790K(11072K)->10790K(11072K) NonClass: 9529K(9664K)->9529K(9664K) Class: 1261K(1408K)->1261K(1408K)
[2026-01-16T08:49:10.967+0000][gc          ] GC(119) Pause Young (Normal) (G1 Evacuation Pause) 302M->256M(1024M) 778.607ms
[2026-01-16T08:49:10.967+0000][gc,cpu      ] GC(119) User=0.34s Sys=0.01s Real=0.78s
[2026-01-16T08:49:13.613+0000][gc,start    ] GC(120) Pause Young (Normal) (G1 Evacuation Pause)
[2026-01-16T08:49:13.621+0000][gc,task     ] GC(120) Using 8 workers of 8 for evacuation
[2026-01-16T08:49:14.696+0000][gc,mmu      ] GC(120) MMU target violated: 201.0ms (200.0ms/201.0ms)
[2026-01-16T08:49:14.703+0000][gc,phases   ] GC(120)   Pre Evacuate Collection Set: 113.6ms
[2026-01-16T08:49:14.704+0000][gc,phases   ] GC(120)   Merge Heap Roots: 13.1ms
[2026-01-16T08:49:14.704+0000][gc,phases   ] GC(120)   Evacuate Collection Set: 898.6ms
[2026-01-16T08:49:14.704+0000][gc,phases   ] GC(120)   Post Evacuate Collection Set: 45.6ms
[2026-01-16T08:49:14.705+0000][gc,phases   ] GC(120)   Other: 13.7ms
[2026-01-16T08:49:14.705+0000][gc,heap     ] GC(120) Eden regions: 46->0(46)
[2026-01-16T08:49:14.705+0000][gc,heap     ] GC(120) Survivor regions: 5->5(7)
[2026-01-16T08:49:14.705+0000][gc,heap     ] GC(120) Old regions: 103->104
[2026-01-16T08:49:14.706+0000][gc,heap     ] GC(120) Humongous regions: 149->149
[2026-01-16T08:49:14.706+0000][gc,metaspace] GC(120) Metaspace: 10796K(11072K)->10796K(11072K) NonClass: 9535K(9664K)->9535K(9664K) Class: 1261K(1408K)->1261K(1408K)
[2026-01-16T08:49:14.707+0000][gc          ] GC(120) Pause Young (Normal) (G1 Evacuation Pause) 302M->257M(1024M) 1094.069ms
[2026-01-16T08:49:14.710+0000][gc,cpu      ] GC(120) User=0.53s Sys=0.05s Real=1.10s
[2026-01-16T08:49:18.500+0000][gc,start    ] GC(121) Pause Young (Normal) (G1 Evacuation Pause)
[2026-01-16T08:49:18.503+0000][gc,task     ] GC(121) Using 8 workers of 8 for evacuation
[2026-01-16T08:49:19.770+0000][gc,mmu      ] GC(121) MMU target violated: 201.0ms (200.0ms/201.0ms)
[2026-01-16T08:49:19.772+0000][gc,phases   ] GC(121)   Pre Evacuate Collection Set: 98.7ms
[2026-01-16T08:49:19.772+0000][gc,phases   ] GC(121)   Merge Heap Roots: 17.7ms
[2026-01-16T08:49:19.774+0000][gc,phases   ] GC(121)   Evacuate Collection Set: 1110.8ms
[2026-01-16T08:49:19.775+0000][gc,phases   ] GC(121)   Post Evacuate Collection Set: 31.8ms
[2026-01-16T08:49:19.775+0000][gc,phases   ] GC(121)   Other: 10.8ms
[2026-01-16T08:49:19.781+0000][gc,heap     ] GC(121) Eden regions: 46->0(47)
[2026-01-16T08:49:19.787+0000][gc,heap     ] GC(121) Survivor regions: 5->4(7)
[2026-01-16T08:49:19.789+0000][gc,heap     ] GC(121) Old regions: 104->106
[2026-01-16T08:49:19.789+0000][gc,heap     ] GC(121) Humongous regions: 149->149
[2026-01-16T08:49:19.790+0000][gc,metaspace] GC(121) Metaspace: 10803K(11136K)->10803K(11136K) NonClass: 9541K(9728K)->9541K(9728K) Class: 1261K(1408K)->1261K(1408K)
[2026-01-16T08:49:19.791+0000][gc          ] GC(121) Pause Young (Normal) (G1 Evacuation Pause) 303M->258M(1024M) 1290.513ms
[2026-01-16T08:49:19.793+0000][gc,cpu      ] GC(121) User=0.53s Sys=0.07s Real=1.29s
[2026-01-16T08:49:23.482+0000][gc,start    ] GC(122) Pause Young (Normal) (G1 Evacuation Pause)
[2026-01-16T08:49:23.486+0000][gc,task     ] GC(122) Using 8 workers of 8 for evacuation
[2026-01-16T08:49:24.251+0000][gc,mmu      ] GC(122) MMU target violated: 201.0ms (200.0ms/201.0ms)
[2026-01-16T08:49:24.275+0000][gc,phases   ] GC(122)   Pre Evacuate Collection Set: 89.5ms
[2026-01-16T08:49:24.276+0000][gc,phases   ] GC(122)   Merge Heap Roots: 18.3ms
[2026-01-16T08:49:24.276+0000][gc,phases   ] GC(122)   Evacuate Collection Set: 631.9ms
[2026-01-16T08:49:24.276+0000][gc,phases   ] GC(122)   Post Evacuate Collection Set: 23.9ms
[2026-01-16T08:49:24.277+0000][gc,phases   ] GC(122)   Other: 25.5ms
[2026-01-16T08:49:24.296+0000][gc,heap     ] GC(122) Eden regions: 47->0(46)
[2026-01-16T08:49:24.327+0000][gc,heap     ] GC(122) Survivor regions: 4->5(7)
[2026-01-16T08:49:24.327+0000][gc,heap     ] GC(122) Old regions: 106->106
[2026-01-16T08:49:24.328+0000][gc,heap     ] GC(122) Humongous regions: 149->149
[2026-01-16T08:49:24.329+0000][gc,metaspace] GC(122) Metaspace: 10819K(11136K)->10819K(11136K) NonClass: 9558K(9728K)->9558K(9728K) Class: 1261K(1408K)->1261K(1408K)
[2026-01-16T08:49:24.336+0000][gc          ] GC(122) Pause Young (Normal) (G1 Evacuation Pause) 305M->258M(1024M) 853.658ms
[2026-01-16T08:49:24.337+0000][gc,cpu      ] GC(122) User=0.33s Sys=0.03s Real=0.85s
[2026-01-16T08:49:27.270+0000][gc,start    ] GC(123) Pause Young (Normal) (G1 Evacuation Pause)
[2026-01-16T08:49:27.274+0000][gc,task     ] GC(123) Using 8 workers of 8 for evacuation
[2026-01-16T08:49:28.951+0000][gc,mmu      ] GC(123) MMU target violated: 201.0ms (200.0ms/201.0ms)
[2026-01-16T08:49:28.953+0000][gc,phases   ] GC(123)   Pre Evacuate Collection Set: 82.6ms
[2026-01-16T08:49:28.956+0000][gc,phases   ] GC(123)   Merge Heap Roots: 5.0ms
[2026-01-16T08:49:28.959+0000][gc,phases   ] GC(123)   Evacuate Collection Set: 1447.2ms
[2026-01-16T08:49:28.961+0000][gc,phases   ] GC(123)   Post Evacuate Collection Set: 135.6ms
[2026-01-16T08:49:28.969+0000][gc,phases   ] GC(123)   Other: 9.6ms
[2026-01-16T08:49:28.970+0000][gc,heap     ] GC(123) Eden regions: 46->0(46)
[2026-01-16T08:49:28.971+0000][gc,heap     ] GC(123) Survivor regions: 5->5(7)
[2026-01-16T08:49:28.971+0000][gc,heap     ] GC(123) Old regions: 106->107
[2026-01-16T08:49:28.971+0000][gc,heap     ] GC(123) Humongous regions: 149->149
[2026-01-16T08:49:28.972+0000][gc,metaspace] GC(123) Metaspace: 10830K(11200K)->10830K(11200K) NonClass: 9569K(9792K)->9569K(9792K) Class: 1261K(1408K)->1261K(1408K)
[2026-01-16T08:49:28.987+0000][gc          ] GC(123) Pause Young (Normal) (G1 Evacuation Pause) 304M->259M(1024M) 1716.670ms
[2026-01-16T08:49:29.003+0000][gc,cpu      ] GC(123) User=0.89s Sys=0.12s Real=1.75s
[2026-01-16T08:49:34.100+0000][gc,start    ] GC(124) Pause Young (Normal) (G1 Evacuation Pause)
[2026-01-16T08:49:34.102+0000][gc,task     ] GC(124) Using 8 workers of 8 for evacuation
[2026-01-16T08:49:34.749+0000][gc,mmu      ] GC(124) MMU target violated: 201.0ms (200.0ms/201.0ms)
[2026-01-16T08:49:34.750+0000][gc,phases   ] GC(124)   Pre Evacuate Collection Set: 44.9ms
[2026-01-16T08:49:34.759+0000][gc,phases   ] GC(124)   Merge Heap Roots: 11.0ms
[2026-01-16T08:49:34.760+0000][gc,phases   ] GC(124)   Evacuate Collection Set: 506.7ms
[2026-01-16T08:49:34.763+0000][gc,phases   ] GC(124)   Post Evacuate Collection Set: 70.4ms
[2026-01-16T08:49:34.771+0000][gc,phases   ] GC(124)   Other: 15.6ms
[2026-01-16T08:49:34.771+0000][gc,heap     ] GC(124) Eden regions: 46->0(47)
[2026-01-16T08:49:34.773+0000][gc,heap     ] GC(124) Survivor regions: 5->4(7)
[2026-01-16T08:49:34.776+0000][gc,heap     ] GC(124) Old regions: 107->108
[2026-01-16T08:49:34.778+0000][gc,heap     ] GC(124) Humongous regions: 149->149
[2026-01-16T08:49:34.778+0000][gc,metaspace] GC(124) Metaspace: 10831K(11200K)->10831K(11200K) NonClass: 9570K(9792K)->9570K(9792K) Class: 1261K(1408K)->1261K(1408K)
[2026-01-16T08:49:34.781+0000][gc          ] GC(124) Pause Young (Normal) (G1 Evacuation Pause) 305M->260M(1024M) 680.795ms
[2026-01-16T08:49:34.787+0000][gc,cpu      ] GC(124) User=0.53s Sys=0.07s Real=0.68s
[2026-01-16T08:49:39.482+0000][gc,start    ] GC(125) Pause Young (Normal) (G1 Evacuation Pause)
[2026-01-16T08:49:39.504+0000][gc,task     ] GC(125) Using 8 workers of 8 for evacuation
[2026-01-16T08:49:40.096+0000][gc,mmu      ] GC(125) MMU target violated: 201.0ms (200.0ms/201.0ms)
[2026-01-16T08:49:40.097+0000][gc,phases   ] GC(125)   Pre Evacuate Collection Set: 49.2ms
[2026-01-16T08:49:40.100+0000][gc,phases   ] GC(125)   Merge Heap Roots: 7.5ms
[2026-01-16T08:49:40.107+0000][gc,phases   ] GC(125)   Evacuate Collection Set: 476.9ms
[2026-01-16T08:49:40.110+0000][gc,phases   ] GC(125)   Post Evacuate Collection Set: 50.7ms
[2026-01-16T08:49:40.112+0000][gc,phases   ] GC(125)   Other: 21.5ms
[2026-01-16T08:49:40.112+0000][gc,heap     ] GC(125) Eden regions: 47->0(47)
[2026-01-16T08:49:40.113+0000][gc,heap     ] GC(125) Survivor regions: 4->4(7)
[2026-01-16T08:49:40.113+0000][gc,heap     ] GC(125) Old regions: 108->109
[2026-01-16T08:49:40.114+0000][gc,heap     ] GC(125) Humongous regions: 149->149
[2026-01-16T08:49:40.114+0000][gc,metaspace] GC(125) Metaspace: 10832K(11200K)->10832K(11200K) NonClass: 9571K(9792K)->9571K(9792K) Class: 1261K(1408K)->1261K(1408K)
[2026-01-16T08:49:40.115+0000][gc          ] GC(125) Pause Young (Normal) (G1 Evacuation Pause) 307M->261M(1024M) 632.912ms
[2026-01-16T08:49:40.116+0000][gc,cpu      ] GC(125) User=0.29s Sys=0.04s Real=0.63s
[2026-01-16T08:49:42.082+0000][gc,start    ] GC(126) Pause Young (Normal) (G1 Evacuation Pause)
[2026-01-16T08:49:42.083+0000][gc,task     ] GC(126) Using 8 workers of 8 for evacuation
[2026-01-16T08:49:42.588+0000][gc,mmu      ] GC(126) MMU target violated: 201.0ms (200.0ms/201.0ms)
[2026-01-16T08:49:42.589+0000][gc,phases   ] GC(126)   Pre Evacuate Collection Set: 38.3ms
[2026-01-16T08:49:42.601+0000][gc,phases   ] GC(126)   Merge Heap Roots: 0.7ms
[2026-01-16T08:49:42.602+0000][gc,phases   ] GC(126)   Evacuate Collection Set: 453.9ms
[2026-01-16T08:49:42.604+0000][gc,phases   ] GC(126)   Post Evacuate Collection Set: 10.3ms
[2026-01-16T08:49:42.606+0000][gc,phases   ] GC(126)   Other: 3.0ms
[2026-01-16T08:49:42.607+0000][gc,heap     ] GC(126) Eden regions: 47->0(46)
[2026-01-16T08:49:42.607+0000][gc,heap     ] GC(126) Survivor regions: 4->5(7)
[2026-01-16T08:49:42.621+0000][gc,heap     ] GC(126) Old regions: 109->109
[2026-01-16T08:49:42.621+0000][gc,heap     ] GC(126) Humongous regions: 149->149
[2026-01-16T08:49:42.622+0000][gc,metaspace] GC(126) Metaspace: 10834K(11200K)->10834K(11200K) NonClass: 9573K(9792K)->9573K(9792K) Class: 1261K(1408K)->1261K(1408K)
[2026-01-16T08:49:42.624+0000][gc          ] GC(126) Pause Young (Normal) (G1 Evacuation Pause) 308M->261M(1024M) 541.556ms
[2026-01-16T08:49:42.648+0000][gc,cpu      ] GC(126) User=0.24s Sys=0.01s Real=0.57s
[2026-01-16T08:49:44.942+0000][gc,start    ] GC(127) Pause Young (Normal) (G1 Evacuation Pause)
[2026-01-16T08:49:45.058+0000][gc,task     ] GC(127) Using 8 workers of 8 for evacuation
[2026-01-16T08:49:46.526+0000][gc,mmu      ] GC(127) MMU target violated: 201.0ms (200.0ms/201.0ms)
[2026-01-16T08:49:46.538+0000][gc,phases   ] GC(127)   Pre Evacuate Collection Set: 103.2ms
[2026-01-16T08:49:46.539+0000][gc,phases   ] GC(127)   Merge Heap Roots: 8.6ms
[2026-01-16T08:49:46.539+0000][gc,phases   ] GC(127)   Evacuate Collection Set: 1258.7ms
[2026-01-16T08:49:46.539+0000][gc,phases   ] GC(127)   Post Evacuate Collection Set: 90.3ms
[2026-01-16T08:49:46.547+0000][gc,phases   ] GC(127)   Other: 80.4ms
[2026-01-16T08:49:46.548+0000][gc,heap     ] GC(127) Eden regions: 46->0(46)
[2026-01-16T08:49:46.599+0000][gc,heap     ] GC(127) Survivor regions: 5->5(7)
[2026-01-16T08:49:46.602+0000][gc,heap     ] GC(127) Old regions: 109->110
[2026-01-16T08:49:46.603+0000][gc,heap     ] GC(127) Humongous regions: 149->149
[2026-01-16T08:49:46.603+0000][gc,metaspace] GC(127) Metaspace: 10835K(11200K)->10835K(11200K) NonClass: 9574K(9792K)->9574K(9792K) Class: 1261K(1408K)->1261K(1408K)
[2026-01-16T08:49:46.620+0000][gc          ] GC(127) Pause Young (Normal) (G1 Evacuation Pause) 307M->262M(1024M) 1678.895ms
[2026-01-16T08:49:46.631+0000][gc,cpu      ] GC(127) User=0.65s Sys=0.09s Real=1.69s
[2026-01-16T08:49:57.606+0000][gc,start    ] GC(128) Pause Young (Normal) (G1 Evacuation Pause)
[2026-01-16T08:49:57.608+0000][gc,task     ] GC(128) Using 8 workers of 8 for evacuation
[2026-01-16T08:50:00.521+0000][gc,mmu      ] GC(128) MMU target violated: 201.0ms (200.0ms/201.0ms)
[2026-01-16T08:50:00.522+0000][gc,phases   ] GC(128)   Pre Evacuate Collection Set: 336.1ms
[2026-01-16T08:50:00.523+0000][gc,phases   ] GC(128)   Merge Heap Roots: 35.8ms
[2026-01-16T08:50:00.524+0000][gc,phases   ] GC(128)   Evacuate Collection Set: 2219.9ms
[2026-01-16T08:50:00.524+0000][gc,phases   ] GC(128)   Post Evacuate Collection Set: 301.7ms
[2026-01-16T08:50:00.536+0000][gc,phases   ] GC(128)   Other: 21.6ms
[2026-01-16T08:50:00.546+0000][gc,heap     ] GC(128) Eden regions: 46->0(46)
[2026-01-16T08:50:00.552+0000][gc,heap     ] GC(128) Survivor regions: 5->5(7)
[2026-01-16T08:50:00.556+0000][gc,heap     ] GC(128) Old regions: 110->111
[2026-01-16T08:50:00.557+0000][gc,heap     ] GC(128) Humongous regions: 149->149
[2026-01-16T08:50:00.559+0000][gc,metaspace] GC(128) Metaspace: 10845K(11200K)->10845K(11200K) NonClass: 9584K(9792K)->9584K(9792K) Class: 1261K(1408K)->1261K(1408K)
[2026-01-16T08:50:00.569+0000][gc          ] GC(128) Pause Young (Normal) (G1 Evacuation Pause) 308M->263M(1024M) 2963.404ms
[2026-01-16T08:50:00.589+0000][gc,cpu      ] GC(128) User=0.95s Sys=0.11s Real=2.97s
[2026-01-16T08:50:05.529+0000][gc,start    ] GC(129) Pause Young (Normal) (G1 Evacuation Pause)
[2026-01-16T08:50:05.549+0000][gc,task     ] GC(129) Using 8 workers of 8 for evacuation
[2026-01-16T08:50:06.817+0000][gc,mmu      ] GC(129) MMU target violated: 201.0ms (200.0ms/201.0ms)
[2026-01-16T08:50:06.823+0000][gc,phases   ] GC(129)   Pre Evacuate Collection Set: 152.3ms
[2026-01-16T08:50:06.824+0000][gc,phases   ] GC(129)   Merge Heap Roots: 49.3ms
[2026-01-16T08:50:06.827+0000][gc,phases   ] GC(129)   Evacuate Collection Set: 975.8ms
[2026-01-16T08:50:06.827+0000][gc,phases   ] GC(129)   Post Evacuate Collection Set: 76.3ms
[2026-01-16T08:50:06.827+0000][gc,phases   ] GC(129)   Other: 20.7ms
[2026-01-16T08:50:06.828+0000][gc,heap     ] GC(129) Eden regions: 46->0(46)
[2026-01-16T08:50:06.828+0000][gc,heap     ] GC(129) Survivor regions: 5->5(7)
[2026-01-16T08:50:06.828+0000][gc,heap     ] GC(129) Old regions: 111->112
[2026-01-16T08:50:06.828+0000][gc,heap     ] GC(129) Humongous regions: 149->149
[2026-01-16T08:50:06.828+0000][gc,metaspace] GC(129) Metaspace: 10854K(11200K)->10854K(11200K) NonClass: 9590K(9792K)->9590K(9792K) Class: 1263K(1408K)->1263K(1408K)
[2026-01-16T08:50:06.828+0000][gc          ] GC(129) Pause Young (Normal) (G1 Evacuation Pause) 309M->264M(1024M) 1299.610ms
[2026-01-16T08:50:06.829+0000][gc,cpu      ] GC(129) User=0.71s Sys=0.11s Real=1.36s
[2026-01-16T08:50:12.319+0000][gc,start    ] GC(130) Pause Young (Normal) (G1 Evacuation Pause)
[2026-01-16T08:50:12.328+0000][gc,task     ] GC(130) Using 8 workers of 8 for evacuation
[2026-01-16T08:50:14.713+0000][gc,mmu      ] GC(130) MMU target violated: 201.0ms (200.0ms/201.0ms)
[2026-01-16T08:50:14.726+0000][gc,phases   ] GC(130)   Pre Evacuate Collection Set: 172.7ms
[2026-01-16T08:50:14.774+0000][gc,phases   ] GC(130)   Merge Heap Roots: 11.0ms
[2026-01-16T08:50:14.774+0000][gc,phases   ] GC(130)   Evacuate Collection Set: 2045.3ms
[2026-01-16T08:50:14.774+0000][gc,phases   ] GC(130)   Post Evacuate Collection Set: 131.1ms
[2026-01-16T08:50:14.775+0000][gc,phases   ] GC(130)   Other: 37.9ms
[2026-01-16T08:50:14.779+0000][gc,heap     ] GC(130) Eden regions: 46->0(47)
[2026-01-16T08:50:14.782+0000][gc,heap     ] GC(130) Survivor regions: 5->4(7)
[2026-01-16T08:50:14.782+0000][gc,heap     ] GC(130) Old regions: 112->113
[2026-01-16T08:50:14.784+0000][gc,heap     ] GC(130) Humongous regions: 149->149
[2026-01-16T08:50:14.784+0000][gc,metaspace] GC(130) Metaspace: 10856K(11200K)->10856K(11200K) NonClass: 9593K(9792K)->9593K(9792K) Class: 1263K(1408K)->1263K(1408K)
[2026-01-16T08:50:14.787+0000][gc          ] GC(130) Pause Young (Normal) (G1 Evacuation Pause) 310M->265M(1024M) 2467.207ms
[2026-01-16T08:50:14.788+0000][gc,cpu      ] GC(130) User=0.91s Sys=0.14s Real=2.47s
[2026-01-16T08:50:19.440+0000][gc,start    ] GC(131) Pause Young (Normal) (G1 Evacuation Pause)
[2026-01-16T08:50:19.487+0000][gc,task     ] GC(131) Using 8 workers of 8 for evacuation
[2026-01-16T08:50:20.424+0000][gc,mmu      ] GC(131) MMU target violated: 201.0ms (200.0ms/201.0ms)
[2026-01-16T08:50:20.428+0000][gc,phases   ] GC(131)   Pre Evacuate Collection Set: 73.1ms
[2026-01-16T08:50:20.428+0000][gc,phases   ] GC(131)   Merge Heap Roots: 1.1ms
[2026-01-16T08:50:20.430+0000][gc,phases   ] GC(131)   Evacuate Collection Set: 837.2ms
[2026-01-16T08:50:20.434+0000][gc,phases   ] GC(131)   Post Evacuate Collection Set: 19.0ms
[2026-01-16T08:50:20.436+0000][gc,phases   ] GC(131)   Other: 11.2ms
[2026-01-16T08:50:20.437+0000][gc,heap     ] GC(131) Eden regions: 47->0(47)
[2026-01-16T08:50:20.437+0000][gc,heap     ] GC(131) Survivor regions: 4->4(7)
[2026-01-16T08:50:20.438+0000][gc,heap     ] GC(131) Old regions: 113->113
[2026-01-16T08:50:20.438+0000][gc,heap     ] GC(131) Humongous regions: 149->149
[2026-01-16T08:50:20.440+0000][gc,metaspace] GC(131) Metaspace: 10864K(11200K)->10864K(11200K) NonClass: 9599K(9792K)->9599K(9792K) Class: 1264K(1408K)->1264K(1408K)
[2026-01-16T08:50:20.442+0000][gc          ] GC(131) Pause Young (Normal) (G1 Evacuation Pause) 312M->265M(1024M) 1002.223ms
[2026-01-16T08:50:20.443+0000][gc,cpu      ] GC(131) User=0.40s Sys=0.04s Real=1.01s
[2026-01-16T08:50:23.221+0000][gc,start    ] GC(132) Pause Young (Normal) (G1 Evacuation Pause)
[2026-01-16T08:50:23.224+0000][gc,task     ] GC(132) Using 8 workers of 8 for evacuation
[2026-01-16T08:50:23.770+0000][gc,mmu      ] GC(132) MMU target violated: 201.0ms (200.0ms/201.0ms)
[2026-01-16T08:50:23.784+0000][gc,phases   ] GC(132)   Pre Evacuate Collection Set: 43.0ms
[2026-01-16T08:50:23.790+0000][gc,phases   ] GC(132)   Merge Heap Roots: 0.8ms
[2026-01-16T08:50:23.796+0000][gc,phases   ] GC(132)   Evacuate Collection Set: 487.4ms
[2026-01-16T08:50:23.798+0000][gc,phases   ] GC(132)   Post Evacuate Collection Set: 9.7ms
[2026-01-16T08:50:23.803+0000][gc,phases   ] GC(132)   Other: 20.0ms
[2026-01-16T08:50:23.805+0000][gc,heap     ] GC(132) Eden regions: 47->0(46)
[2026-01-16T08:50:23.808+0000][gc,heap     ] GC(132) Survivor regions: 4->5(7)
[2026-01-16T08:50:23.811+0000][gc,heap     ] GC(132) Old regions: 113->114
[2026-01-16T08:50:23.812+0000][gc,heap     ] GC(132) Humongous regions: 149->149
[2026-01-16T08:50:23.813+0000][gc,metaspace] GC(132) Metaspace: 10874K(11200K)->10874K(11200K) NonClass: 9608K(9792K)->9608K(9792K) Class: 1265K(1408K)->1265K(1408K)
[2026-01-16T08:50:23.815+0000][gc          ] GC(132) Pause Young (Normal) (G1 Evacuation Pause) 312M->266M(1024M) 594.547ms
[2026-01-16T08:50:23.816+0000][gc,cpu      ] GC(132) User=0.29s Sys=0.03s Real=0.60s
[2026-01-16T08:50:29.933+0000][gc,start    ] GC(133) Pause Young (Normal) (G1 Evacuation Pause)
[2026-01-16T08:50:30.012+0000][gc,task     ] GC(133) Using 8 workers of 8 for evacuation
[2026-01-16T08:50:32.836+0000][gc,mmu      ] GC(133) MMU target violated: 201.0ms (200.0ms/201.0ms)
[2026-01-16T08:50:32.849+0000][gc,phases   ] GC(133)   Pre Evacuate Collection Set: 63.2ms
[2026-01-16T08:50:32.849+0000][gc,phases   ] GC(133)   Merge Heap Roots: 12.8ms
[2026-01-16T08:50:32.850+0000][gc,phases   ] GC(133)   Evacuate Collection Set: 2440.1ms
[2026-01-16T08:50:32.850+0000][gc,phases   ] GC(133)   Post Evacuate Collection Set: 293.4ms
[2026-01-16T08:50:32.851+0000][gc,phases   ] GC(133)   Other: 27.8ms
[2026-01-16T08:50:32.852+0000][gc,heap     ] GC(133) Eden regions: 46->0(47)
[2026-01-16T08:50:32.852+0000][gc,heap     ] GC(133) Survivor regions: 5->4(7)
[2026-01-16T08:50:32.853+0000][gc,heap     ] GC(133) Old regions: 114->115
[2026-01-16T08:50:32.854+0000][gc,heap     ] GC(133) Humongous regions: 149->149
[2026-01-16T08:50:32.855+0000][gc,metaspace] GC(133) Metaspace: 10885K(11200K)->10885K(11200K) NonClass: 9617K(9792K)->9617K(9792K) Class: 1267K(1408K)->1267K(1408K)
[2026-01-16T08:50:32.865+0000][gc          ] GC(133) Pause Young (Normal) (G1 Evacuation Pause) 312M->267M(1024M) 2932.396ms
[2026-01-16T08:50:32.866+0000][gc,cpu      ] GC(133) User=1.10s Sys=0.15s Real=2.93s
[2026-01-16T08:50:37.449+0000][gc,start    ] GC(134) Pause Young (Normal) (GCLocker Initiated GC)
[2026-01-16T08:50:37.456+0000][gc,task     ] GC(134) Using 8 workers of 8 for evacuation
[2026-01-16T08:50:38.922+0000][gc,mmu      ] GC(134) MMU target violated: 201.0ms (200.0ms/201.0ms)
[2026-01-16T08:50:38.933+0000][gc,phases   ] GC(134)   Pre Evacuate Collection Set: 67.5ms
[2026-01-16T08:50:38.934+0000][gc,phases   ] GC(134)   Merge Heap Roots: 2.1ms
[2026-01-16T08:50:38.934+0000][gc,phases   ] GC(134)   Evacuate Collection Set: 1323.2ms
[2026-01-16T08:50:38.935+0000][gc,phases   ] GC(134)   Post Evacuate Collection Set: 72.8ms
[2026-01-16T08:50:38.935+0000][gc,phases   ] GC(134)   Other: 21.5ms
[2026-01-16T08:50:38.936+0000][gc,heap     ] GC(134) Eden regions: 52->0(47)
[2026-01-16T08:50:38.938+0000][gc,heap     ] GC(134) Survivor regions: 4->4(7)
[2026-01-16T08:50:38.938+0000][gc,heap     ] GC(134) Old regions: 115->116
[2026-01-16T08:50:38.939+0000][gc,heap     ] GC(134) Humongous regions: 149->149
[2026-01-16T08:50:38.941+0000][gc,metaspace] GC(134) Metaspace: 10921K(11200K)->10921K(11200K) NonClass: 9642K(9792K)->9642K(9792K) Class: 1278K(1408K)->1278K(1408K)
[2026-01-16T08:50:38.946+0000][gc          ] GC(134) Pause Young (Normal) (GCLocker Initiated GC) 319M->268M(1024M) 1502.847ms
[2026-01-16T08:50:38.950+0000][gc,cpu      ] GC(134) User=0.62s Sys=0.09s Real=1.51s
[2026-01-16T08:50:45.914+0000][gc,start    ] GC(135) Pause Young (Normal) (GCLocker Initiated GC)
[2026-01-16T08:50:45.917+0000][gc,task     ] GC(135) Using 8 workers of 8 for evacuation
[2026-01-16T08:50:46.310+0000][gc,mmu      ] GC(135) MMU target violated: 201.0ms (200.0ms/201.0ms)
[2026-01-16T08:50:46.311+0000][gc,phases   ] GC(135)   Pre Evacuate Collection Set: 45.2ms
[2026-01-16T08:50:46.311+0000][gc,phases   ] GC(135)   Merge Heap Roots: 9.9ms
[2026-01-16T08:50:46.312+0000][gc,phases   ] GC(135)   Evacuate Collection Set: 324.0ms
[2026-01-16T08:50:46.313+0000][gc,phases   ] GC(135)   Post Evacuate Collection Set: 8.2ms
[2026-01-16T08:50:46.314+0000][gc,phases   ] GC(135)   Other: 6.4ms
[2026-01-16T08:50:46.315+0000][gc,heap     ] GC(135) Eden regions: 53->0(46)
[2026-01-16T08:50:46.316+0000][gc,heap     ] GC(135) Survivor regions: 4->5(8)
[2026-01-16T08:50:46.317+0000][gc,heap     ] GC(135) Old regions: 116->116
[2026-01-16T08:50:46.317+0000][gc,heap     ] GC(135) Humongous regions: 149->149
[2026-01-16T08:50:46.318+0000][gc,metaspace] GC(135) Metaspace: 10957K(11264K)->10957K(11264K) NonClass: 9669K(9856K)->9669K(9856K) Class: 1287K(1408K)->1287K(1408K)
[2026-01-16T08:50:46.318+0000][gc          ] GC(135) Pause Young (Normal) (GCLocker Initiated GC) 320M->269M(1024M) 404.877ms
[2026-01-16T08:50:46.319+0000][gc,cpu      ] GC(135) User=0.30s Sys=0.05s Real=0.40s
[2026-01-16T08:50:48.634+0000][gc,start    ] GC(136) Pause Young (Normal) (G1 Evacuation Pause)
[2026-01-16T08:50:48.650+0000][gc,task     ] GC(136) Using 8 workers of 8 for evacuation
[2026-01-16T08:50:49.236+0000][gc,mmu      ] GC(136) MMU target violated: 201.0ms (200.0ms/201.0ms)
[2026-01-16T08:50:49.238+0000][gc,phases   ] GC(136)   Pre Evacuate Collection Set: 59.6ms
[2026-01-16T08:50:49.239+0000][gc,phases   ] GC(136)   Merge Heap Roots: 4.4ms
[2026-01-16T08:50:49.242+0000][gc,phases   ] GC(136)   Evacuate Collection Set: 487.1ms
[2026-01-16T08:50:49.243+0000][gc,phases   ] GC(136)   Post Evacuate Collection Set: 19.0ms
[2026-01-16T08:50:49.244+0000][gc,phases   ] GC(136)   Other: 30.7ms
[2026-01-16T08:50:49.245+0000][gc,heap     ] GC(136) Eden regions: 46->0(46)
[2026-01-16T08:50:49.245+0000][gc,heap     ] GC(136) Survivor regions: 5->5(7)
[2026-01-16T08:50:49.245+0000][gc,heap     ] GC(136) Old regions: 116->117
[2026-01-16T08:50:49.246+0000][gc,heap     ] GC(136) Humongous regions: 149->149
[2026-01-16T08:50:49.246+0000][gc,metaspace] GC(136) Metaspace: 10986K(11328K)->10986K(11328K) NonClass: 9691K(9856K)->9691K(9856K) Class: 1294K(1472K)->1294K(1472K)
[2026-01-16T08:50:49.248+0000][gc          ] GC(136) Pause Young (Normal) (G1 Evacuation Pause) 315M->269M(1024M) 614.760ms
[2026-01-16T08:50:49.256+0000][gc,cpu      ] GC(136) User=0.29s Sys=0.05s Real=0.61s
[2026-01-16T08:50:51.876+0000][gc,start    ] GC(137) Pause Young (Normal) (G1 Evacuation Pause)
[2026-01-16T08:50:51.878+0000][gc,task     ] GC(137) Using 8 workers of 8 for evacuation
[2026-01-16T08:50:52.291+0000][gc,mmu      ] GC(137) MMU target violated: 201.0ms (200.0ms/201.0ms)
[2026-01-16T08:50:52.304+0000][gc,phases   ] GC(137)   Pre Evacuate Collection Set: 22.0ms
[2026-01-16T08:50:52.306+0000][gc,phases   ] GC(137)   Merge Heap Roots: 1.1ms
[2026-01-16T08:50:52.311+0000][gc,phases   ] GC(137)   Evacuate Collection Set: 350.8ms
[2026-01-16T08:50:52.311+0000][gc,phases   ] GC(137)   Post Evacuate Collection Set: 38.0ms
[2026-01-16T08:50:52.314+0000][gc,phases   ] GC(137)   Other: 14.8ms
[2026-01-16T08:50:52.314+0000][gc,heap     ] GC(137) Eden regions: 46->0(47)
[2026-01-16T08:50:52.315+0000][gc,heap     ] GC(137) Survivor regions: 5->4(7)
[2026-01-16T08:50:52.315+0000][gc,heap     ] GC(137) Old regions: 117->118
[2026-01-16T08:50:52.315+0000][gc,heap     ] GC(137) Humongous regions: 149->149
[2026-01-16T08:50:52.316+0000][gc,metaspace] GC(137) Metaspace: 11023K(11392K)->11023K(11392K) NonClass: 9720K(9920K)->9720K(9920K) Class: 1302K(1472K)->1302K(1472K)
[2026-01-16T08:50:52.316+0000][gc          ] GC(137) Pause Young (Normal) (G1 Evacuation Pause) 315M->270M(1024M) 440.679ms
[2026-01-16T08:50:52.317+0000][gc,cpu      ] GC(137) User=0.23s Sys=0.04s Real=0.44s
[2026-01-16T08:50:54.838+0000][gc,start    ] GC(138) Pause Young (Normal) (G1 Evacuation Pause)
[2026-01-16T08:50:54.847+0000][gc,task     ] GC(138) Using 8 workers of 8 for evacuation
[2026-01-16T08:50:56.129+0000][gc,mmu      ] GC(138) MMU target violated: 201.0ms (200.0ms/201.0ms)
[2026-01-16T08:50:56.134+0000][gc,phases   ] GC(138)   Pre Evacuate Collection Set: 55.0ms
[2026-01-16T08:50:56.135+0000][gc,phases   ] GC(138)   Merge Heap Roots: 4.9ms
[2026-01-16T08:50:56.136+0000][gc,phases   ] GC(138)   Evacuate Collection Set: 1171.1ms
[2026-01-16T08:50:56.136+0000][gc,phases   ] GC(138)   Post Evacuate Collection Set: 45.6ms
[2026-01-16T08:50:56.136+0000][gc,phases   ] GC(138)   Other: 17.0ms
[2026-01-16T08:50:56.138+0000][gc,heap     ] GC(138) Eden regions: 47->0(46)
[2026-01-16T08:50:56.142+0000][gc,heap     ] GC(138) Survivor regions: 4->5(7)
[2026-01-16T08:50:56.142+0000][gc,heap     ] GC(138) Old regions: 118->118
[2026-01-16T08:50:56.142+0000][gc,heap     ] GC(138) Humongous regions: 149->149
[2026-01-16T08:50:56.143+0000][gc,metaspace] GC(138) Metaspace: 11080K(11392K)->11080K(11392K) NonClass: 9765K(9920K)->9765K(9920K) Class: 1314K(1472K)->1314K(1472K)
[2026-01-16T08:50:56.143+0000][gc          ] GC(138) Pause Young (Normal) (G1 Evacuation Pause) 317M->271M(1024M) 1304.777ms
[2026-01-16T08:50:56.143+0000][gc,cpu      ] GC(138) User=0.36s Sys=0.04s Real=1.31s
[2026-01-16T08:50:59.922+0000][gc,start    ] GC(139) Pause Young (Normal) (G1 Evacuation Pause)
[2026-01-16T08:50:59.928+0000][gc,task     ] GC(139) Using 8 workers of 8 for evacuation
[2026-01-16T08:51:00.612+0000][gc,mmu      ] GC(139) MMU target violated: 201.0ms (200.0ms/201.0ms)
[2026-01-16T08:51:00.614+0000][gc,phases   ] GC(139)   Pre Evacuate Collection Set: 156.5ms
[2026-01-16T08:51:00.616+0000][gc,phases   ] GC(139)   Merge Heap Roots: 34.4ms
[2026-01-16T08:51:00.617+0000][gc,phases   ] GC(139)   Evacuate Collection Set: 469.5ms
[2026-01-16T08:51:00.617+0000][gc,phases   ] GC(139)   Post Evacuate Collection Set: 13.7ms
[2026-01-16T08:51:00.617+0000][gc,phases   ] GC(139)   Other: 12.6ms
[2026-01-16T08:51:00.617+0000][gc,heap     ] GC(139) Eden regions: 46->0(46)
[2026-01-16T08:51:00.617+0000][gc,heap     ] GC(139) Survivor regions: 5->5(7)
[2026-01-16T08:51:00.617+0000][gc,heap     ] GC(139) Old regions: 118->120
[2026-01-16T08:51:00.618+0000][gc,heap     ] GC(139) Humongous regions: 149->149
[2026-01-16T08:51:00.618+0000][gc,metaspace] GC(139) Metaspace: 11165K(11456K)->11165K(11456K) NonClass: 9830K(9984K)->9830K(9984K) Class: 1334K(1472K)->1334K(1472K)
[2026-01-16T08:51:00.618+0000][gc          ] GC(139) Pause Young (Normal) (G1 Evacuation Pause) 317M->272M(1024M) 696.449ms
[2026-01-16T08:51:00.622+0000][gc,cpu      ] GC(139) User=0.42s Sys=0.04s Real=0.70s
[2026-01-16T08:51:02.388+0000][gc,start    ] GC(140) Pause Young (Normal) (G1 Evacuation Pause)
[2026-01-16T08:51:02.407+0000][gc,task     ] GC(140) Using 8 workers of 8 for evacuation
[2026-01-16T08:51:02.731+0000][gc,mmu      ] GC(140) MMU target violated: 201.0ms (200.0ms/201.0ms)
[2026-01-16T08:51:02.733+0000][gc,phases   ] GC(140)   Pre Evacuate Collection Set: 45.8ms
[2026-01-16T08:51:02.734+0000][gc,phases   ] GC(140)   Merge Heap Roots: 5.5ms
[2026-01-16T08:51:02.735+0000][gc,phases   ] GC(140)   Evacuate Collection Set: 259.8ms
[2026-01-16T08:51:02.735+0000][gc,phases   ] GC(140)   Post Evacuate Collection Set: 10.7ms
[2026-01-16T08:51:02.736+0000][gc,phases   ] GC(140)   Other: 4.0ms
[2026-01-16T08:51:02.740+0000][gc,heap     ] GC(140) Eden regions: 46->0(46)
[2026-01-16T08:51:02.745+0000][gc,heap     ] GC(140) Survivor regions: 5->5(7)
[2026-01-16T08:51:02.746+0000][gc,heap     ] GC(140) Old regions: 120->120
[2026-01-16T08:51:02.747+0000][gc,heap     ] GC(140) Humongous regions: 149->149
[2026-01-16T08:51:02.748+0000][gc,metaspace] GC(140) Metaspace: 11250K(11584K)->11250K(11584K) NonClass: 9891K(10048K)->9891K(10048K) Class: 1358K(1536K)->1358K(1536K)
[2026-01-16T08:51:02.753+0000][gc          ] GC(140) Pause Young (Normal) (G1 Evacuation Pause) 318M->273M(1024M) 365.099ms
[2026-01-16T08:51:02.754+0000][gc,cpu      ] GC(140) User=0.13s Sys=0.02s Real=0.37s
[2026-01-16T08:51:05.898+0000][gc,start    ] GC(141) Pause Young (Normal) (G1 Evacuation Pause)
[2026-01-16T08:51:05.907+0000][gc,task     ] GC(141) Using 8 workers of 8 for evacuation
[2026-01-16T08:51:06.443+0000][gc,mmu      ] GC(141) MMU target violated: 201.0ms (200.0ms/201.0ms)
[2026-01-16T08:51:06.449+0000][gc,phases   ] GC(141)   Pre Evacuate Collection Set: 69.0ms
[2026-01-16T08:51:06.450+0000][gc,phases   ] GC(141)   Merge Heap Roots: 15.9ms
[2026-01-16T08:51:06.450+0000][gc,phases   ] GC(141)   Evacuate Collection Set: 422.1ms
[2026-01-16T08:51:06.451+0000][gc,phases   ] GC(141)   Post Evacuate Collection Set: 26.8ms
[2026-01-16T08:51:06.452+0000][gc,phases   ] GC(141)   Other: 12.5ms
[2026-01-16T08:51:06.452+0000][gc,heap     ] GC(141) Eden regions: 46->0(46)
[2026-01-16T08:51:06.453+0000][gc,heap     ] GC(141) Survivor regions: 5->5(7)
[2026-01-16T08:51:06.453+0000][gc,heap     ] GC(141) Old regions: 120->121
[2026-01-16T08:51:06.454+0000][gc,heap     ] GC(141) Humongous regions: 149->149
[2026-01-16T08:51:06.454+0000][gc,metaspace] GC(141) Metaspace: 11479K(11840K)->11479K(11840K) NonClass: 10073K(10304K)->10073K(10304K) Class: 1406K(1536K)->1406K(1536K)
[2026-01-16T08:51:06.456+0000][gc          ] GC(141) Pause Young (Normal) (G1 Evacuation Pause) 319M->274M(1024M) 557.204ms
[2026-01-16T08:51:06.460+0000][gc,cpu      ] GC(141) User=0.30s Sys=0.05s Real=0.56s
[2026-01-16T08:51:09.600+0000][gc,start    ] GC(142) Pause Young (Normal) (G1 Evacuation Pause)
[2026-01-16T08:51:09.611+0000][gc,task     ] GC(142) Using 8 workers of 8 for evacuation
[2026-01-16T08:51:10.021+0000][gc,mmu      ] GC(142) MMU target violated: 201.0ms (200.0ms/201.0ms)
[2026-01-16T08:51:10.023+0000][gc,phases   ] GC(142)   Pre Evacuate Collection Set: 43.6ms
[2026-01-16T08:51:10.024+0000][gc,phases   ] GC(142)   Merge Heap Roots: 1.2ms
[2026-01-16T08:51:10.024+0000][gc,phases   ] GC(142)   Evacuate Collection Set: 336.8ms
[2026-01-16T08:51:10.026+0000][gc,phases   ] GC(142)   Post Evacuate Collection Set: 22.5ms
[2026-01-16T08:51:10.030+0000][gc,phases   ] GC(142)   Other: 13.1ms
[2026-01-16T08:51:10.041+0000][gc,heap     ] GC(142) Eden regions: 46->0(46)
[2026-01-16T08:51:10.042+0000][gc,heap     ] GC(142) Survivor regions: 5->5(7)
[2026-01-16T08:51:10.042+0000][gc,heap     ] GC(142) Old regions: 121->122
[2026-01-16T08:51:10.043+0000][gc,heap     ] GC(142) Humongous regions: 149->149
[2026-01-16T08:51:10.045+0000][gc,metaspace] GC(142) Metaspace: 11522K(11904K)->11522K(11904K) NonClass: 10108K(10304K)->10108K(10304K) Class: 1414K(1600K)->1414K(1600K)
[2026-01-16T08:51:10.059+0000][gc          ] GC(142) Pause Young (Normal) (G1 Evacuation Pause) 320M->275M(1024M) 459.413ms
[2026-01-16T08:51:10.066+0000][gc,cpu      ] GC(142) User=0.27s Sys=0.07s Real=0.47s
[2026-01-16T08:51:14.492+0000][gc,start    ] GC(143) Pause Young (Normal) (G1 Evacuation Pause)
[2026-01-16T08:51:14.502+0000][gc,task     ] GC(143) Using 8 workers of 8 for evacuation
[2026-01-16T08:51:15.388+0000][gc,mmu      ] GC(143) MMU target violated: 201.0ms (200.0ms/201.0ms)
[2026-01-16T08:51:15.388+0000][gc,phases   ] GC(143)   Pre Evacuate Collection Set: 131.6ms
[2026-01-16T08:51:15.390+0000][gc,phases   ] GC(143)   Merge Heap Roots: 24.6ms
[2026-01-16T08:51:15.391+0000][gc,phases   ] GC(143)   Evacuate Collection Set: 706.6ms
[2026-01-16T08:51:15.391+0000][gc,phases   ] GC(143)   Post Evacuate Collection Set: 21.9ms
[2026-01-16T08:51:15.393+0000][gc,phases   ] GC(143)   Other: 10.5ms
[2026-01-16T08:51:15.393+0000][gc,heap     ] GC(143) Eden regions: 46->0(46)
[2026-01-16T08:51:15.393+0000][gc,heap     ] GC(143) Survivor regions: 5->5(7)
[2026-01-16T08:51:15.394+0000][gc,heap     ] GC(143) Old regions: 122->123
[2026-01-16T08:51:15.394+0000][gc,heap     ] GC(143) Humongous regions: 149->149
[2026-01-16T08:51:15.395+0000][gc,metaspace] GC(143) Metaspace: 11698K(12032K)->11698K(12032K) NonClass: 10246K(10432K)->10246K(10432K) Class: 1451K(1600K)->1451K(1600K)
[2026-01-16T08:51:15.396+0000][gc          ] GC(143) Pause Young (Normal) (G1 Evacuation Pause) 321M->275M(1024M) 903.876ms
[2026-01-16T08:51:15.403+0000][gc,cpu      ] GC(143) User=0.28s Sys=0.05s Real=0.91s
[2026-01-16T08:51:17.781+0000][gc,start    ] GC(144) Pause Young (Normal) (G1 Evacuation Pause)
[2026-01-16T08:51:17.795+0000][gc,task     ] GC(144) Using 8 workers of 8 for evacuation
[2026-01-16T08:51:18.066+0000][gc,mmu      ] GC(144) MMU target violated: 201.0ms (200.0ms/201.0ms)
[2026-01-16T08:51:18.066+0000][gc,phases   ] GC(144)   Pre Evacuate Collection Set: 46.8ms
[2026-01-16T08:51:18.067+0000][gc,phases   ] GC(144)   Merge Heap Roots: 1.4ms
[2026-01-16T08:51:18.068+0000][gc,phases   ] GC(144)   Evacuate Collection Set: 220.7ms
[2026-01-16T08:51:18.068+0000][gc,phases   ] GC(144)   Post Evacuate Collection Set: 1.7ms
[2026-01-16T08:51:18.070+0000][gc,phases   ] GC(144)   Other: 1.5ms
[2026-01-16T08:51:18.072+0000][gc,heap     ] GC(144) Eden regions: 46->0(46)
[2026-01-16T08:51:18.074+0000][gc,heap     ] GC(144) Survivor regions: 5->5(7)
[2026-01-16T08:51:18.075+0000][gc,heap     ] GC(144) Old regions: 123->124
[2026-01-16T08:51:18.076+0000][gc,heap     ] GC(144) Humongous regions: 149->149
[2026-01-16T08:51:18.076+0000][gc,metaspace] GC(144) Metaspace: 11860K(12224K)->11860K(12224K) NonClass: 10381K(10560K)->10381K(10560K) Class: 1478K(1664K)->1478K(1664K)
[2026-01-16T08:51:18.077+0000][gc          ] GC(144) Pause Young (Normal) (G1 Evacuation Pause) 321M->276M(1024M) 295.722ms
[2026-01-16T08:51:18.077+0000][gc,cpu      ] GC(144) User=0.17s Sys=0.02s Real=0.30s
[2026-01-16T08:51:22.670+0000][gc,start    ] GC(145) Pause Young (Normal) (G1 Evacuation Pause)
[2026-01-16T08:51:22.674+0000][gc,task     ] GC(145) Using 8 workers of 8 for evacuation
[2026-01-16T08:51:23.796+0000][gc,mmu      ] GC(145) MMU target violated: 201.0ms (200.0ms/201.0ms)
[2026-01-16T08:51:23.807+0000][gc,phases   ] GC(145)   Pre Evacuate Collection Set: 75.1ms
[2026-01-16T08:51:23.808+0000][gc,phases   ] GC(145)   Merge Heap Roots: 53.0ms
[2026-01-16T08:51:23.810+0000][gc,phases   ] GC(145)   Evacuate Collection Set: 966.6ms
[2026-01-16T08:51:23.811+0000][gc,phases   ] GC(145)   Post Evacuate Collection Set: 21.6ms
[2026-01-16T08:51:23.814+0000][gc,phases   ] GC(145)   Other: 19.1ms
[2026-01-16T08:51:23.817+0000][gc,heap     ] GC(145) Eden regions: 46->0(46)
[2026-01-16T08:51:23.817+0000][gc,heap     ] GC(145) Survivor regions: 5->5(7)
[2026-01-16T08:51:23.818+0000][gc,heap     ] GC(145) Old regions: 124->125
[2026-01-16T08:51:23.818+0000][gc,heap     ] GC(145) Humongous regions: 155->155
[2026-01-16T08:51:23.818+0000][gc,metaspace] GC(145) Metaspace: 12033K(12352K)->12033K(12352K) NonClass: 10524K(10688K)->10524K(10688K) Class: 1509K(1664K)->1509K(1664K)
[2026-01-16T08:51:23.819+0000][gc          ] GC(145) Pause Young (Normal) (G1 Evacuation Pause) 328M->283M(1024M) 1148.473ms
[2026-01-16T08:51:23.820+0000][gc,cpu      ] GC(145) User=0.47s Sys=0.08s Real=1.15s
[2026-01-16T08:51:25.679+0000][gc,start    ] GC(146) Pause Young (Normal) (G1 Evacuation Pause)
[2026-01-16T08:51:25.680+0000][gc,task     ] GC(146) Using 8 workers of 8 for evacuation
[2026-01-16T08:51:25.921+0000][gc,mmu      ] GC(146) MMU target violated: 201.0ms (200.0ms/201.0ms)
[2026-01-16T08:51:25.923+0000][gc,phases   ] GC(146)   Pre Evacuate Collection Set: 21.5ms
[2026-01-16T08:51:25.923+0000][gc,phases   ] GC(146)   Merge Heap Roots: 6.0ms
[2026-01-16T08:51:25.926+0000][gc,phases   ] GC(146)   Evacuate Collection Set: 206.9ms
[2026-01-16T08:51:25.927+0000][gc,phases   ] GC(146)   Post Evacuate Collection Set: 4.0ms
[2026-01-16T08:51:25.927+0000][gc,phases   ] GC(146)   Other: 4.9ms
[2026-01-16T08:51:25.927+0000][gc,heap     ] GC(146) Eden regions: 46->0(46)
[2026-01-16T08:51:25.928+0000][gc,heap     ] GC(146) Survivor regions: 5->5(7)
[2026-01-16T08:51:25.928+0000][gc,heap     ] GC(146) Old regions: 125->125
[2026-01-16T08:51:25.928+0000][gc,heap     ] GC(146) Humongous regions: 155->155
[2026-01-16T08:51:25.928+0000][gc,metaspace] GC(146) Metaspace: 12049K(12352K)->12049K(12352K) NonClass: 10538K(10688K)->10538K(10688K) Class: 1511K(1664K)->1511K(1664K)
[2026-01-16T08:51:25.928+0000][gc          ] GC(146) Pause Young (Normal) (G1 Evacuation Pause) 329M->284M(1024M) 248.910ms
[2026-01-16T08:51:25.928+0000][gc,cpu      ] GC(146) User=0.14s Sys=0.01s Real=0.25s
[2026-01-16T08:51:26.870+0000][gc,start    ] GC(147) Pause Young (Normal) (G1 Evacuation Pause)
[2026-01-16T08:51:26.873+0000][gc,task     ] GC(147) Using 8 workers of 8 for evacuation
[2026-01-16T08:51:26.964+0000][gc,phases   ] GC(147)   Pre Evacuate Collection Set: 16.9ms
[2026-01-16T08:51:26.964+0000][gc,phases   ] GC(147)   Merge Heap Roots: 0.4ms
[2026-01-16T08:51:26.966+0000][gc,phases   ] GC(147)   Evacuate Collection Set: 63.1ms
[2026-01-16T08:51:26.967+0000][gc,phases   ] GC(147)   Post Evacuate Collection Set: 7.5ms
[2026-01-16T08:51:26.967+0000][gc,phases   ] GC(147)   Other: 2.5ms
[2026-01-16T08:51:26.967+0000][gc,heap     ] GC(147) Eden regions: 46->0(46)
[2026-01-16T08:51:26.967+0000][gc,heap     ] GC(147) Survivor regions: 5->5(7)
[2026-01-16T08:51:26.968+0000][gc,heap     ] GC(147) Old regions: 125->126
[2026-01-16T08:51:26.968+0000][gc,heap     ] GC(147) Humongous regions: 155->149
[2026-01-16T08:51:26.968+0000][gc,metaspace] GC(147) Metaspace: 12089K(12480K)->12089K(12480K) NonClass: 10576K(10816K)->10576K(10816K) Class: 1513K(1664K)->1513K(1664K)
[2026-01-16T08:51:26.970+0000][gc          ] GC(147) Pause Young (Normal) (G1 Evacuation Pause) 330M->279M(1024M) 99.908ms
[2026-01-16T08:51:26.971+0000][gc,cpu      ] GC(147) User=0.06s Sys=0.03s Real=0.10s
[2026-01-16T08:51:27.656+0000][gc,start    ] GC(148) Pause Young (Normal) (G1 Evacuation Pause)
[2026-01-16T08:51:27.659+0000][gc,task     ] GC(148) Using 8 workers of 8 for evacuation
[2026-01-16T08:51:27.759+0000][gc,phases   ] GC(148)   Pre Evacuate Collection Set: 0.4ms
[2026-01-16T08:51:27.759+0000][gc,phases   ] GC(148)   Merge Heap Roots: 0.1ms
[2026-01-16T08:51:27.760+0000][gc,phases   ] GC(148)   Evacuate Collection Set: 89.5ms
[2026-01-16T08:51:27.760+0000][gc,phases   ] GC(148)   Post Evacuate Collection Set: 9.3ms
[2026-01-16T08:51:27.761+0000][gc,phases   ] GC(148)   Other: 0.5ms
[2026-01-16T08:51:27.761+0000][gc,heap     ] GC(148) Eden regions: 46->0(46)
[2026-01-16T08:51:27.761+0000][gc,heap     ] GC(148) Survivor regions: 5->5(7)
[2026-01-16T08:51:27.762+0000][gc,heap     ] GC(148) Old regions: 126->127
[2026-01-16T08:51:27.762+0000][gc,heap     ] GC(148) Humongous regions: 149->149
[2026-01-16T08:51:27.762+0000][gc,metaspace] GC(148) Metaspace: 12116K(12480K)->12116K(12480K) NonClass: 10602K(10816K)->10602K(10816K) Class: 1514K(1664K)->1514K(1664K)
[2026-01-16T08:51:27.764+0000][gc          ] GC(148) Pause Young (Normal) (G1 Evacuation Pause) 325M->279M(1024M) 107.785ms
[2026-01-16T08:51:27.765+0000][gc,cpu      ] GC(148) User=0.08s Sys=0.01s Real=0.11s
[2026-01-16T08:51:28.359+0000][gc,start    ] GC(149) Pause Young (Normal) (G1 Evacuation Pause)
[2026-01-16T08:51:28.363+0000][gc,task     ] GC(149) Using 8 workers of 8 for evacuation
[2026-01-16T08:51:28.505+0000][gc,phases   ] GC(149)   Pre Evacuate Collection Set: 6.7ms
[2026-01-16T08:51:28.513+0000][gc,phases   ] GC(149)   Merge Heap Roots: 0.6ms
[2026-01-16T08:51:28.515+0000][gc,phases   ] GC(149)   Evacuate Collection Set: 130.6ms
[2026-01-16T08:51:28.515+0000][gc,phases   ] GC(149)   Post Evacuate Collection Set: 1.5ms
[2026-01-16T08:51:28.515+0000][gc,phases   ] GC(149)   Other: 3.0ms
[2026-01-16T08:51:28.515+0000][gc,heap     ] GC(149) Eden regions: 46->0(47)
[2026-01-16T08:51:28.516+0000][gc,heap     ] GC(149) Survivor regions: 5->4(7)
[2026-01-16T08:51:28.516+0000][gc,heap     ] GC(149) Old regions: 127->128
[2026-01-16T08:51:28.516+0000][gc,heap     ] GC(149) Humongous regions: 149->149
[2026-01-16T08:51:28.516+0000][gc,metaspace] GC(149) Metaspace: 12147K(12480K)->12147K(12480K) NonClass: 10627K(10816K)->10627K(10816K) Class: 1520K(1664K)->1520K(1664K)
[2026-01-16T08:51:28.516+0000][gc          ] GC(149) Pause Young (Normal) (G1 Evacuation Pause) 325M->280M(1024M) 156.677ms
[2026-01-16T08:51:28.516+0000][gc,cpu      ] GC(149) User=0.09s Sys=0.00s Real=0.16s
[2026-01-16T08:51:29.391+0000][gc,start    ] GC(150) Pause Young (Normal) (GCLocker Initiated GC)
[2026-01-16T08:51:29.419+0000][gc,task     ] GC(150) Using 8 workers of 8 for evacuation
[2026-01-16T08:51:29.736+0000][gc,mmu      ] GC(150) MMU target violated: 201.0ms (200.0ms/201.0ms)
[2026-01-16T08:51:29.739+0000][gc,phases   ] GC(150)   Pre Evacuate Collection Set: 2.2ms
[2026-01-16T08:51:29.740+0000][gc,phases   ] GC(150)   Merge Heap Roots: 1.4ms
[2026-01-16T08:51:29.742+0000][gc,phases   ] GC(150)   Evacuate Collection Set: 303.9ms
[2026-01-16T08:51:29.742+0000][gc,phases   ] GC(150)   Post Evacuate Collection Set: 5.7ms
[2026-01-16T08:51:29.748+0000][gc,phases   ] GC(150)   Other: 6.6ms
[2026-01-16T08:51:29.748+0000][gc,heap     ] GC(150) Eden regions: 52->0(47)
[2026-01-16T08:51:29.749+0000][gc,heap     ] GC(150) Survivor regions: 4->4(7)
[2026-01-16T08:51:29.749+0000][gc,heap     ] GC(150) Old regions: 128->129
[2026-01-16T08:51:29.750+0000][gc,heap     ] GC(150) Humongous regions: 149->149
[2026-01-16T08:51:29.750+0000][gc,metaspace] GC(150) Metaspace: 12196K(12544K)->12196K(12544K) NonClass: 10671K(10880K)->10671K(10880K) Class: 1525K(1664K)->1525K(1664K)
[2026-01-16T08:51:29.750+0000][gc          ] GC(150) Pause Young (Normal) (GCLocker Initiated GC) 331M->281M(1024M) 359.568ms
[2026-01-16T08:51:29.751+0000][gc,cpu      ] GC(150) User=0.18s Sys=0.03s Real=0.36s
[2026-01-16T08:51:31.368+0000][gc,start    ] GC(151) Pause Young (Normal) (G1 Evacuation Pause)
[2026-01-16T08:51:31.369+0000][gc,task     ] GC(151) Using 8 workers of 8 for evacuation
[2026-01-16T08:51:31.530+0000][gc,phases   ] GC(151)   Pre Evacuate Collection Set: 23.0ms
[2026-01-16T08:51:31.531+0000][gc,phases   ] GC(151)   Merge Heap Roots: 1.8ms
[2026-01-16T08:51:31.532+0000][gc,phases   ] GC(151)   Evacuate Collection Set: 131.0ms
[2026-01-16T08:51:31.533+0000][gc,phases   ] GC(151)   Post Evacuate Collection Set: 1.7ms
[2026-01-16T08:51:31.533+0000][gc,phases   ] GC(151)   Other: 3.3ms
[2026-01-16T08:51:31.535+0000][gc,heap     ] GC(151) Eden regions: 47->0(45)
[2026-01-16T08:51:31.537+0000][gc,heap     ] GC(151) Survivor regions: 4->6(7)
[2026-01-16T08:51:31.539+0000][gc,heap     ] GC(151) Old regions: 129->129
[2026-01-16T08:51:31.540+0000][gc,heap     ] GC(151) Humongous regions: 149->149
[2026-01-16T08:51:31.540+0000][gc,metaspace] GC(151) Metaspace: 12242K(12544K)->12242K(12544K) NonClass: 10710K(10880K)->10710K(10880K) Class: 1532K(1664K)->1532K(1664K)
[2026-01-16T08:51:31.540+0000][gc          ] GC(151) Pause Young (Normal) (G1 Evacuation Pause) 328M->282M(1024M) 172.770ms
[2026-01-16T08:51:31.541+0000][gc,cpu      ] GC(151) User=0.15s Sys=0.01s Real=0.17s
[2026-01-16T08:51:33.363+0000][gc,start    ] GC(152) Pause Young (Normal) (G1 Evacuation Pause)
[2026-01-16T08:51:33.392+0000][gc,task     ] GC(152) Using 8 workers of 8 for evacuation
[2026-01-16T08:51:33.750+0000][gc,mmu      ] GC(152) MMU target violated: 201.0ms (200.0ms/201.0ms)
[2026-01-16T08:51:33.751+0000][gc,phases   ] GC(152)   Pre Evacuate Collection Set: 29.5ms
[2026-01-16T08:51:33.751+0000][gc,phases   ] GC(152)   Merge Heap Roots: 2.4ms
[2026-01-16T08:51:33.751+0000][gc,phases   ] GC(152)   Evacuate Collection Set: 319.7ms
[2026-01-16T08:51:33.752+0000][gc,phases   ] GC(152)   Post Evacuate Collection Set: 5.2ms
[2026-01-16T08:51:33.753+0000][gc,phases   ] GC(152)   Other: 2.2ms
[2026-01-16T08:51:33.754+0000][gc,heap     ] GC(152) Eden regions: 45->0(47)
[2026-01-16T08:51:33.755+0000][gc,heap     ] GC(152) Survivor regions: 6->4(7)
[2026-01-16T08:51:33.755+0000][gc,heap     ] GC(152) Old regions: 129->130
[2026-01-16T08:51:33.756+0000][gc,heap     ] GC(152) Humongous regions: 149->149
[2026-01-16T08:51:33.756+0000][gc,metaspace] GC(152) Metaspace: 12291K(12608K)->12291K(12608K) NonClass: 10758K(10944K)->10758K(10944K) Class: 1533K(1664K)->1533K(1664K)
[2026-01-16T08:51:33.757+0000][gc          ] GC(152) Pause Young (Normal) (G1 Evacuation Pause) 327M->282M(1024M) 394.187ms
[2026-01-16T08:51:33.759+0000][gc,cpu      ] GC(152) User=0.18s Sys=0.02s Real=0.40s
[2026-01-16T08:51:34.648+0000][gc,start    ] GC(153) Pause Young (Normal) (G1 Evacuation Pause)
[2026-01-16T08:51:34.651+0000][gc,task     ] GC(153) Using 8 workers of 8 for evacuation
[2026-01-16T08:51:34.814+0000][gc,phases   ] GC(153)   Pre Evacuate Collection Set: 1.5ms
[2026-01-16T08:51:34.833+0000][gc,phases   ] GC(153)   Merge Heap Roots: 1.4ms
[2026-01-16T08:51:34.833+0000][gc,phases   ] GC(153)   Evacuate Collection Set: 129.7ms
[2026-01-16T08:51:34.834+0000][gc,phases   ] GC(153)   Post Evacuate Collection Set: 27.7ms
[2026-01-16T08:51:34.834+0000][gc,phases   ] GC(153)   Other: 2.4ms
[2026-01-16T08:51:34.834+0000][gc,heap     ] GC(153) Eden regions: 47->0(47)
[2026-01-16T08:51:34.834+0000][gc,heap     ] GC(153) Survivor regions: 4->4(7)
[2026-01-16T08:51:34.834+0000][gc,heap     ] GC(153) Old regions: 130->131
[2026-01-16T08:51:34.835+0000][gc,heap     ] GC(153) Humongous regions: 149->149
[2026-01-16T08:51:34.835+0000][gc,metaspace] GC(153) Metaspace: 12302K(12608K)->12302K(12608K) NonClass: 10768K(10944K)->10768K(10944K) Class: 1533K(1664K)->1533K(1664K)
[2026-01-16T08:51:34.836+0000][gc          ] GC(153) Pause Young (Normal) (G1 Evacuation Pause) 329M->283M(1024M) 188.245ms
[2026-01-16T08:51:34.838+0000][gc,cpu      ] GC(153) User=0.10s Sys=0.01s Real=0.19s
[2026-01-16T08:51:36.759+0000][gc,start    ] GC(154) Pause Young (Normal) (G1 Evacuation Pause)
[2026-01-16T08:51:36.760+0000][gc,task     ] GC(154) Using 8 workers of 8 for evacuation
[2026-01-16T08:51:37.142+0000][gc,mmu      ] GC(154) MMU target violated: 201.0ms (200.0ms/201.0ms)
[2026-01-16T08:51:37.147+0000][gc,phases   ] GC(154)   Pre Evacuate Collection Set: 42.0ms
[2026-01-16T08:51:37.148+0000][gc,phases   ] GC(154)   Merge Heap Roots: 11.0ms
[2026-01-16T08:51:37.148+0000][gc,phases   ] GC(154)   Evacuate Collection Set: 293.7ms
[2026-01-16T08:51:37.149+0000][gc,phases   ] GC(154)   Post Evacuate Collection Set: 19.5ms
[2026-01-16T08:51:37.149+0000][gc,phases   ] GC(154)   Other: 21.1ms
[2026-01-16T08:51:37.150+0000][gc,heap     ] GC(154) Eden regions: 47->0(46)
[2026-01-16T08:51:37.155+0000][gc,heap     ] GC(154) Survivor regions: 4->5(7)
[2026-01-16T08:51:37.155+0000][gc,heap     ] GC(154) Old regions: 131->131
[2026-01-16T08:51:37.156+0000][gc,heap     ] GC(154) Humongous regions: 149->149
[2026-01-16T08:51:37.156+0000][gc,metaspace] GC(154) Metaspace: 12323K(12608K)->12323K(12608K) NonClass: 10789K(10944K)->10789K(10944K) Class: 1534K(1664K)->1534K(1664K)
[2026-01-16T08:51:37.157+0000][gc          ] GC(154) Pause Young (Normal) (G1 Evacuation Pause) 330M->284M(1024M) 397.929ms
[2026-01-16T08:51:37.157+0000][gc,cpu      ] GC(154) User=0.16s Sys=0.00s Real=0.40s
[2026-01-16T08:51:38.418+0000][gc,start    ] GC(155) Pause Young (Normal) (G1 Evacuation Pause)
[2026-01-16T08:51:38.423+0000][gc,task     ] GC(155) Using 8 workers of 8 for evacuation
[2026-01-16T08:51:38.733+0000][gc,mmu      ] GC(155) MMU target violated: 201.0ms (200.0ms/201.0ms)
[2026-01-16T08:51:38.735+0000][gc,phases   ] GC(155)   Pre Evacuate Collection Set: 30.9ms
[2026-01-16T08:51:38.740+0000][gc,phases   ] GC(155)   Merge Heap Roots: 9.8ms
[2026-01-16T08:51:38.742+0000][gc,phases   ] GC(155)   Evacuate Collection Set: 258.6ms
[2026-01-16T08:51:38.744+0000][gc,phases   ] GC(155)   Post Evacuate Collection Set: 9.3ms
[2026-01-16T08:51:38.744+0000][gc,phases   ] GC(155)   Other: 4.0ms
[2026-01-16T08:51:38.760+0000][gc,heap     ] GC(155) Eden regions: 46->0(46)
[2026-01-16T08:51:38.760+0000][gc,heap     ] GC(155) Survivor regions: 5->5(7)
[2026-01-16T08:51:38.761+0000][gc,heap     ] GC(155) Old regions: 131->132
[2026-01-16T08:51:38.761+0000][gc,heap     ] GC(155) Humongous regions: 149->149
[2026-01-16T08:51:38.761+0000][gc,metaspace] GC(155) Metaspace: 12371K(12736K)->12371K(12736K) NonClass: 10830K(11008K)->10830K(11008K) Class: 1540K(1728K)->1540K(1728K)
[2026-01-16T08:51:38.761+0000][gc          ] GC(155) Pause Young (Normal) (G1 Evacuation Pause) 330M->285M(1024M) 343.102ms
[2026-01-16T08:51:38.762+0000][gc,cpu      ] GC(155) User=0.17s Sys=0.03s Real=0.34s
[2026-01-16T08:51:40.021+0000][gc,start    ] GC(156) Pause Young (Normal) (G1 Evacuation Pause)
[2026-01-16T08:51:40.026+0000][gc,task     ] GC(156) Using 8 workers of 8 for evacuation
[2026-01-16T08:51:40.222+0000][gc,phases   ] GC(156)   Pre Evacuate Collection Set: 8.7ms
[2026-01-16T08:51:40.226+0000][gc,phases   ] GC(156)   Merge Heap Roots: 0.7ms
[2026-01-16T08:51:40.228+0000][gc,phases   ] GC(156)   Evacuate Collection Set: 154.9ms
[2026-01-16T08:51:40.228+0000][gc,phases   ] GC(156)   Post Evacuate Collection Set: 15.5ms
[2026-01-16T08:51:40.229+0000][gc,phases   ] GC(156)   Other: 3.7ms
[2026-01-16T08:51:40.229+0000][gc,heap     ] GC(156) Eden regions: 46->0(46)
[2026-01-16T08:51:40.229+0000][gc,heap     ] GC(156) Survivor regions: 5->5(7)
[2026-01-16T08:51:40.229+0000][gc,heap     ] GC(156) Old regions: 132->133
[2026-01-16T08:51:40.229+0000][gc,heap     ] GC(156) Humongous regions: 149->149
[2026-01-16T08:51:40.229+0000][gc,metaspace] GC(156) Metaspace: 12471K(12800K)->12471K(12800K) NonClass: 10912K(11072K)->10912K(11072K) Class: 1559K(1728K)->1559K(1728K)
[2026-01-16T08:51:40.229+0000][gc          ] GC(156) Pause Young (Normal) (G1 Evacuation Pause) 331M->285M(1024M) 208.407ms
[2026-01-16T08:51:40.229+0000][gc,cpu      ] GC(156) User=0.14s Sys=0.02s Real=0.20s
[2026-01-16T08:51:40.990+0000][gc,start    ] GC(157) Pause Young (Normal) (G1 Evacuation Pause)
[2026-01-16T08:51:40.991+0000][gc,task     ] GC(157) Using 8 workers of 8 for evacuation
[2026-01-16T08:51:41.411+0000][gc,mmu      ] GC(157) MMU target violated: 201.0ms (200.0ms/201.0ms)
[2026-01-16T08:51:41.413+0000][gc,phases   ] GC(157)   Pre Evacuate Collection Set: 9.8ms
[2026-01-16T08:51:41.414+0000][gc,phases   ] GC(157)   Merge Heap Roots: 0.3ms
[2026-01-16T08:51:41.415+0000][gc,phases   ] GC(157)   Evacuate Collection Set: 407.8ms
[2026-01-16T08:51:41.417+0000][gc,phases   ] GC(157)   Post Evacuate Collection Set: 1.9ms
[2026-01-16T08:51:41.421+0000][gc,phases   ] GC(157)   Other: 2.4ms
[2026-01-16T08:51:41.425+0000][gc,heap     ] GC(157) Eden regions: 46->0(46)
[2026-01-16T08:51:41.425+0000][gc,heap     ] GC(157) Survivor regions: 5->5(7)
[2026-01-16T08:51:41.425+0000][gc,heap     ] GC(157) Old regions: 133->134
[2026-01-16T08:51:41.425+0000][gc,heap     ] GC(157) Humongous regions: 149->149
[2026-01-16T08:51:41.425+0000][gc,metaspace] GC(157) Metaspace: 12484K(12800K)->12484K(12800K) NonClass: 10922K(11072K)->10922K(11072K) Class: 1562K(1728K)->1562K(1728K)
[2026-01-16T08:51:41.426+0000][gc          ] GC(157) Pause Young (Normal) (G1 Evacuation Pause) 331M->286M(1024M) 435.249ms
[2026-01-16T08:51:41.426+0000][gc,cpu      ] GC(157) User=0.15s Sys=0.03s Real=0.43s
[2026-01-16T08:51:42.472+0000][gc,start    ] GC(158) Pause Young (Normal) (G1 Evacuation Pause)
[2026-01-16T08:51:42.473+0000][gc,task     ] GC(158) Using 8 workers of 8 for evacuation
[2026-01-16T08:51:42.630+0000][gc,phases   ] GC(158)   Pre Evacuate Collection Set: 14.3ms
[2026-01-16T08:51:42.632+0000][gc,phases   ] GC(158)   Merge Heap Roots: 0.5ms
[2026-01-16T08:51:42.635+0000][gc,phases   ] GC(158)   Evacuate Collection Set: 135.5ms
[2026-01-16T08:51:42.637+0000][gc,phases   ] GC(158)   Post Evacuate Collection Set: 6.0ms
[2026-01-16T08:51:42.637+0000][gc,phases   ] GC(158)   Other: 0.8ms
[2026-01-16T08:51:42.638+0000][gc,heap     ] GC(158) Eden regions: 46->0(46)
[2026-01-16T08:51:42.639+0000][gc,heap     ] GC(158) Survivor regions: 5->5(7)
[2026-01-16T08:51:42.639+0000][gc,heap     ] GC(158) Old regions: 134->135
[2026-01-16T08:51:42.639+0000][gc,heap     ] GC(158) Humongous regions: 149->149
[2026-01-16T08:51:42.640+0000][gc,metaspace] GC(158) Metaspace: 12502K(12864K)->12502K(12864K) NonClass: 10936K(11136K)->10936K(11136K) Class: 1565K(1728K)->1565K(1728K)
[2026-01-16T08:51:42.640+0000][gc          ] GC(158) Pause Young (Normal) (G1 Evacuation Pause) 332M->287M(1024M) 167.877ms
[2026-01-16T08:51:42.641+0000][gc,cpu      ] GC(158) User=0.08s Sys=0.02s Real=0.17s
[2026-01-16T08:51:44.179+0000][gc,start    ] GC(159) Pause Young (Normal) (G1 Evacuation Pause)
[2026-01-16T08:51:44.193+0000][gc,task     ] GC(159) Using 8 workers of 8 for evacuation
[2026-01-16T08:51:44.453+0000][gc,mmu      ] GC(159) MMU target violated: 201.0ms (200.0ms/201.0ms)
[2026-01-16T08:51:44.457+0000][gc,phases   ] GC(159)   Pre Evacuate Collection Set: 3.8ms
[2026-01-16T08:51:44.460+0000][gc,phases   ] GC(159)   Merge Heap Roots: 6.6ms
[2026-01-16T08:51:44.465+0000][gc,phases   ] GC(159)   Evacuate Collection Set: 215.7ms
[2026-01-16T08:51:44.466+0000][gc,phases   ] GC(159)   Post Evacuate Collection Set: 29.6ms
[2026-01-16T08:51:44.466+0000][gc,phases   ] GC(159)   Other: 8.4ms
[2026-01-16T08:51:44.475+0000][gc,heap     ] GC(159) Eden regions: 46->0(46)
[2026-01-16T08:51:44.483+0000][gc,heap     ] GC(159) Survivor regions: 5->5(7)
[2026-01-16T08:51:44.489+0000][gc,heap     ] GC(159) Old regions: 135->136
[2026-01-16T08:51:44.493+0000][gc,heap     ] GC(159) Humongous regions: 149->149
[2026-01-16T08:51:44.498+0000][gc,metaspace] GC(159) Metaspace: 12522K(12864K)->12522K(12864K) NonClass: 10952K(11136K)->10952K(11136K) Class: 1570K(1728K)->1570K(1728K)
[2026-01-16T08:51:44.499+0000][gc          ] GC(159) Pause Young (Normal) (G1 Evacuation Pause) 333M->288M(1024M) 320.176ms
[2026-01-16T08:51:44.513+0000][gc,cpu      ] GC(159) User=0.12s Sys=0.04s Real=0.34s
[2026-01-16T08:51:46.503+0000][gc,start    ] GC(160) Pause Young (Normal) (G1 Evacuation Pause)
[2026-01-16T08:51:46.524+0000][gc,task     ] GC(160) Using 8 workers of 8 for evacuation
[2026-01-16T08:51:46.980+0000][gc,mmu      ] GC(160) MMU target violated: 201.0ms (200.0ms/201.0ms)
[2026-01-16T08:51:46.983+0000][gc,phases   ] GC(160)   Pre Evacuate Collection Set: 37.7ms
[2026-01-16T08:51:46.984+0000][gc,phases   ] GC(160)   Merge Heap Roots: 0.7ms
[2026-01-16T08:51:46.985+0000][gc,phases   ] GC(160)   Evacuate Collection Set: 398.5ms
[2026-01-16T08:51:46.986+0000][gc,phases   ] GC(160)   Post Evacuate Collection Set: 13.1ms
[2026-01-16T08:51:46.989+0000][gc,phases   ] GC(160)   Other: 21.5ms
[2026-01-16T08:51:46.989+0000][gc,heap     ] GC(160) Eden regions: 46->0(46)
[2026-01-16T08:51:46.992+0000][gc,heap     ] GC(160) Survivor regions: 5->5(7)
[2026-01-16T08:51:46.992+0000][gc,heap     ] GC(160) Old regions: 136->136
[2026-01-16T08:51:46.993+0000][gc,heap     ] GC(160) Humongous regions: 149->149
[2026-01-16T08:51:46.994+0000][gc,metaspace] GC(160) Metaspace: 12545K(12864K)->12545K(12864K) NonClass: 10970K(11136K)->10970K(11136K) Class: 1575K(1728K)->1575K(1728K)
[2026-01-16T08:51:46.995+0000][gc          ] GC(160) Pause Young (Normal) (G1 Evacuation Pause) 334M->289M(1024M) 492.574ms
[2026-01-16T08:51:46.996+0000][gc,cpu      ] GC(160) User=0.18s Sys=0.04s Real=0.49s
[2026-01-16T08:51:49.705+0000][gc,start    ] GC(161) Pause Young (Normal) (G1 Evacuation Pause)
[2026-01-16T08:51:49.707+0000][gc,task     ] GC(161) Using 8 workers of 8 for evacuation
[2026-01-16T08:51:50.434+0000][gc,mmu      ] GC(161) MMU target violated: 201.0ms (200.0ms/201.0ms)
[2026-01-16T08:51:50.434+0000][gc,phases   ] GC(161)   Pre Evacuate Collection Set: 19.0ms
[2026-01-16T08:51:50.435+0000][gc,phases   ] GC(161)   Merge Heap Roots: 296.4ms
[2026-01-16T08:51:50.435+0000][gc,phases   ] GC(161)   Evacuate Collection Set: 399.3ms
[2026-01-16T08:51:50.435+0000][gc,phases   ] GC(161)   Post Evacuate Collection Set: 11.1ms
[2026-01-16T08:51:50.436+0000][gc,phases   ] GC(161)   Other: 1.5ms
[2026-01-16T08:51:50.436+0000][gc,heap     ] GC(161) Eden regions: 46->0(47)
[2026-01-16T08:51:50.437+0000][gc,heap     ] GC(161) Survivor regions: 5->4(7)
[2026-01-16T08:51:50.437+0000][gc,heap     ] GC(161) Old regions: 136->137
[2026-01-16T08:51:50.437+0000][gc,heap     ] GC(161) Humongous regions: 149->149
[2026-01-16T08:51:50.438+0000][gc,metaspace] GC(161) Metaspace: 12565K(12864K)->12565K(12864K) NonClass: 10986K(11136K)->10986K(11136K) Class: 1578K(1728K)->1578K(1728K)
[2026-01-16T08:51:50.439+0000][gc          ] GC(161) Pause Young (Normal) (G1 Evacuation Pause) 335M->289M(1024M) 733.271ms
[2026-01-16T08:51:50.442+0000][gc,cpu      ] GC(161) User=0.20s Sys=0.03s Real=0.73s
[2026-01-16T08:51:51.329+0000][gc,start    ] GC(162) Pause Young (Normal) (G1 Evacuation Pause)
[2026-01-16T08:51:51.377+0000][gc,task     ] GC(162) Using 8 workers of 8 for evacuation
[2026-01-16T08:51:51.660+0000][gc,mmu      ] GC(162) MMU target violated: 201.0ms (200.0ms/201.0ms)
[2026-01-16T08:51:51.663+0000][gc,phases   ] GC(162)   Pre Evacuate Collection Set: 86.0ms
[2026-01-16T08:51:51.664+0000][gc,phases   ] GC(162)   Merge Heap Roots: 7.5ms
[2026-01-16T08:51:51.665+0000][gc,phases   ] GC(162)   Evacuate Collection Set: 138.0ms
[2026-01-16T08:51:51.665+0000][gc,phases   ] GC(162)   Post Evacuate Collection Set: 7.2ms
[2026-01-16T08:51:51.666+0000][gc,phases   ] GC(162)   Other: 47.5ms
[2026-01-16T08:51:51.666+0000][gc,heap     ] GC(162) Eden regions: 47->0(46)
[2026-01-16T08:51:51.666+0000][gc,heap     ] GC(162) Survivor regions: 4->5(7)
[2026-01-16T08:51:51.667+0000][gc,heap     ] GC(162) Old regions: 137->138
[2026-01-16T08:51:51.667+0000][gc,heap     ] GC(162) Humongous regions: 149->149
[2026-01-16T08:51:51.667+0000][gc,metaspace] GC(162) Metaspace: 12575K(12864K)->12575K(12864K) NonClass: 10995K(11136K)->10995K(11136K) Class: 1579K(1728K)->1579K(1728K)
[2026-01-16T08:51:51.668+0000][gc          ] GC(162) Pause Young (Normal) (G1 Evacuation Pause) 336M->291M(1024M) 338.918ms
[2026-01-16T08:51:51.669+0000][gc,cpu      ] GC(162) User=0.15s Sys=0.01s Real=0.34s
[2026-01-16T08:53:43.863+0000][gc,start    ] GC(163) Pause Young (Normal) (G1 Evacuation Pause)
[2026-01-16T08:53:44.394+0000][gc,task     ] GC(163) Using 8 workers of 8 for evacuation
[2026-01-16T08:54:03.836+0000][gc,mmu      ] GC(163) MMU target violated: 201.0ms (200.0ms/201.0ms)
[2026-01-16T08:54:03.859+0000][gc,phases   ] GC(163)   Pre Evacuate Collection Set: 1566.5ms
[2026-01-16T08:54:03.876+0000][gc,phases   ] GC(163)   Merge Heap Roots: 825.2ms
[2026-01-16T08:54:03.881+0000][gc,phases   ] GC(163)   Evacuate Collection Set: 14458.4ms
[2026-01-16T08:54:03.911+0000][gc,phases   ] GC(163)   Post Evacuate Collection Set: 594.6ms
[2026-01-16T08:54:03.916+0000][gc,phases   ] GC(163)   Other: 430.6ms
[2026-01-16T08:54:03.935+0000][gc,heap     ] GC(163) Eden regions: 46->0(46)
[2026-01-16T08:54:03.985+0000][gc,heap     ] GC(163) Survivor regions: 5->5(7)
[2026-01-16T08:54:04.000+0000][gc,heap     ] GC(163) Old regions: 138->139
[2026-01-16T08:54:04.000+0000][gc,heap     ] GC(163) Humongous regions: 149->149
[2026-01-16T08:54:04.004+0000][gc,metaspace] GC(163) Metaspace: 12588K(12928K)->12588K(12928K) NonClass: 11005K(11200K)->11005K(11200K) Class: 1582K(1728K)->1582K(1728K)
[2026-01-16T08:54:04.007+0000][gc          ] GC(163) Pause Young (Normal) (G1 Evacuation Pause) 337M->291M(1024M) 18340.273ms
[2026-01-16T08:54:04.009+0000][gc,cpu      ] GC(163) User=5.07s Sys=0.69s Real=18.35s
[2026-01-16T08:54:19.166+0000][gc,start    ] GC(164) Pause Young (Normal) (G1 Evacuation Pause)
[2026-01-16T08:54:19.186+0000][gc,task     ] GC(164) Using 8 workers of 8 for evacuation
[2026-01-16T08:54:22.199+0000][gc,mmu      ] GC(164) MMU target violated: 201.0ms (200.0ms/201.0ms)
[2026-01-16T08:54:22.206+0000][gc,phases   ] GC(164)   Pre Evacuate Collection Set: 177.0ms
[2026-01-16T08:54:22.207+0000][gc,phases   ] GC(164)   Merge Heap Roots: 25.8ms
[2026-01-16T08:54:22.212+0000][gc,phases   ] GC(164)   Evacuate Collection Set: 2492.1ms
[2026-01-16T08:54:22.215+0000][gc,phases   ] GC(164)   Post Evacuate Collection Set: 308.6ms
[2026-01-16T08:54:22.220+0000][gc,phases   ] GC(164)   Other: 20.3ms
[2026-01-16T08:54:22.225+0000][gc,heap     ] GC(164) Eden regions: 46->0(46)
[2026-01-16T08:54:22.229+0000][gc,heap     ] GC(164) Survivor regions: 5->5(7)
[2026-01-16T08:54:22.232+0000][gc,heap     ] GC(164) Old regions: 139->140
[2026-01-16T08:54:22.235+0000][gc,heap     ] GC(164) Humongous regions: 149->149
[2026-01-16T08:54:22.236+0000][gc,metaspace] GC(164) Metaspace: 12658K(12992K)->12658K(12992K) NonClass: 11055K(11200K)->11055K(11200K) Class: 1602K(1792K)->1602K(1792K)
[2026-01-16T08:54:22.241+0000][gc          ] GC(164) Pause Young (Normal) (G1 Evacuation Pause) 337M->292M(1024M) 3074.884ms
[2026-01-16T08:54:22.244+0000][gc,cpu      ] GC(164) User=1.30s Sys=0.15s Real=3.09s
[2026-01-16T08:54:30.515+0000][gc,start    ] GC(165) Pause Young (Normal) (G1 Evacuation Pause)
[2026-01-16T08:54:30.517+0000][gc,task     ] GC(165) Using 8 workers of 8 for evacuation
[2026-01-16T08:54:33.305+0000][gc,mmu      ] GC(165) MMU target violated: 201.0ms (200.0ms/201.0ms)
[2026-01-16T08:54:33.307+0000][gc,phases   ] GC(165)   Pre Evacuate Collection Set: 172.2ms
[2026-01-16T08:54:33.307+0000][gc,phases   ] GC(165)   Merge Heap Roots: 43.7ms
[2026-01-16T08:54:33.308+0000][gc,phases   ] GC(165)   Evacuate Collection Set: 2444.8ms
[2026-01-16T08:54:33.308+0000][gc,phases   ] GC(165)   Post Evacuate Collection Set: 76.6ms
[2026-01-16T08:54:33.312+0000][gc,phases   ] GC(165)   Other: 40.1ms
[2026-01-16T08:54:33.315+0000][gc,heap     ] GC(165) Eden regions: 46->0(46)
[2026-01-16T08:54:33.315+0000][gc,heap     ] GC(165) Survivor regions: 5->5(7)
[2026-01-16T08:54:33.315+0000][gc,heap     ] GC(165) Old regions: 140->141
[2026-01-16T08:54:33.315+0000][gc,heap     ] GC(165) Humongous regions: 149->149
[2026-01-16T08:54:33.315+0000][gc,metaspace] GC(165) Metaspace: 12690K(13056K)->12690K(13056K) NonClass: 11084K(11264K)->11084K(11264K) Class: 1606K(1792K)->1606K(1792K)
[2026-01-16T08:54:33.330+0000][gc          ] GC(165) Pause Young (Normal) (G1 Evacuation Pause) 338M->293M(1024M) 2787.894ms
[2026-01-16T08:54:33.336+0000][gc,cpu      ] GC(165) User=0.96s Sys=0.16s Real=2.81s
[2026-01-16T08:54:39.107+0000][gc,start    ] GC(166) Pause Young (Normal) (G1 Evacuation Pause)
[2026-01-16T08:54:39.114+0000][gc,task     ] GC(166) Using 8 workers of 8 for evacuation
[2026-01-16T08:54:40.388+0000][gc,mmu      ] GC(166) MMU target violated: 201.0ms (200.0ms/201.0ms)
[2026-01-16T08:54:40.389+0000][gc,phases   ] GC(166)   Pre Evacuate Collection Set: 211.7ms
[2026-01-16T08:54:40.391+0000][gc,phases   ] GC(166)   Merge Heap Roots: 90.0ms
[2026-01-16T08:54:40.396+0000][gc,phases   ] GC(166)   Evacuate Collection Set: 853.8ms
[2026-01-16T08:54:40.396+0000][gc,phases   ] GC(166)   Post Evacuate Collection Set: 91.6ms
[2026-01-16T08:54:40.397+0000][gc,phases   ] GC(166)   Other: 32.1ms
[2026-01-16T08:54:40.399+0000][gc,heap     ] GC(166) Eden regions: 46->0(46)
[2026-01-16T08:54:40.405+0000][gc,heap     ] GC(166) Survivor regions: 5->5(7)
[2026-01-16T08:54:40.406+0000][gc,heap     ] GC(166) Old regions: 141->141
[2026-01-16T08:54:40.407+0000][gc,heap     ] GC(166) Humongous regions: 149->149
[2026-01-16T08:54:40.408+0000][gc,metaspace] GC(166) Metaspace: 12710K(13056K)->12710K(13056K) NonClass: 11102K(11264K)->11102K(11264K) Class: 1607K(1792K)->1607K(1792K)
[2026-01-16T08:54:40.410+0000][gc          ] GC(166) Pause Young (Normal) (G1 Evacuation Pause) 339M->293M(1024M) 1303.127ms
[2026-01-16T08:54:40.415+0000][gc,cpu      ] GC(166) User=0.67s Sys=0.11s Real=1.31s
[2026-01-16T08:54:46.578+0000][gc,start    ] GC(167) Pause Young (Normal) (G1 Evacuation Pause)
[2026-01-16T08:54:46.579+0000][gc,task     ] GC(167) Using 8 workers of 8 for evacuation
[2026-01-16T08:54:47.781+0000][gc,mmu      ] GC(167) MMU target violated: 201.0ms (200.0ms/201.0ms)
[2026-01-16T08:54:47.783+0000][gc,phases   ] GC(167)   Pre Evacuate Collection Set: 58.4ms
[2026-01-16T08:54:47.784+0000][gc,phases   ] GC(167)   Merge Heap Roots: 23.5ms
[2026-01-16T08:54:47.785+0000][gc,phases   ] GC(167)   Evacuate Collection Set: 733.3ms
[2026-01-16T08:54:47.785+0000][gc,phases   ] GC(167)   Post Evacuate Collection Set: 384.9ms
[2026-01-16T08:54:47.786+0000][gc,phases   ] GC(167)   Other: 3.8ms
[2026-01-16T08:54:47.786+0000][gc,heap     ] GC(167) Eden regions: 46->0(46)
[2026-01-16T08:54:47.786+0000][gc,heap     ] GC(167) Survivor regions: 5->5(7)
[2026-01-16T08:54:47.787+0000][gc,heap     ] GC(167) Old regions: 141->142
[2026-01-16T08:54:47.788+0000][gc,heap     ] GC(167) Humongous regions: 149->149
[2026-01-16T08:54:47.789+0000][gc,metaspace] GC(167) Metaspace: 12739K(13056K)->12739K(13056K) NonClass: 11130K(11264K)->11130K(11264K) Class: 1609K(1792K)->1609K(1792K)
[2026-01-16T08:54:47.791+0000][gc          ] GC(167) Pause Young (Normal) (G1 Evacuation Pause) 339M->294M(1024M) 1212.599ms
[2026-01-16T08:54:47.796+0000][gc,cpu      ] GC(167) User=0.57s Sys=0.08s Real=1.22s
[2026-01-16T08:54:51.773+0000][gc,start    ] GC(168) Pause Young (Normal) (G1 Evacuation Pause)
[2026-01-16T08:54:51.823+0000][gc,task     ] GC(168) Using 8 workers of 8 for evacuation
[2026-01-16T08:54:52.493+0000][gc,mmu      ] GC(168) MMU target violated: 201.0ms (200.0ms/201.0ms)
[2026-01-16T08:54:52.494+0000][gc,phases   ] GC(168)   Pre Evacuate Collection Set: 31.1ms
[2026-01-16T08:54:52.497+0000][gc,phases   ] GC(168)   Merge Heap Roots: 0.8ms
[2026-01-16T08:54:52.497+0000][gc,phases   ] GC(168)   Evacuate Collection Set: 551.4ms
[2026-01-16T08:54:52.497+0000][gc,phases   ] GC(168)   Post Evacuate Collection Set: 83.5ms
[2026-01-16T08:54:52.497+0000][gc,phases   ] GC(168)   Other: 4.9ms
[2026-01-16T08:54:52.497+0000][gc,heap     ] GC(168) Eden regions: 46->0(47)
[2026-01-16T08:54:52.497+0000][gc,heap     ] GC(168) Survivor regions: 5->4(7)
[2026-01-16T08:54:52.498+0000][gc,heap     ] GC(168) Old regions: 142->143
[2026-01-16T08:54:52.498+0000][gc,heap     ] GC(168) Humongous regions: 149->149
[2026-01-16T08:54:52.498+0000][gc,metaspace] GC(168) Metaspace: 12780K(13120K)->12780K(13120K) NonClass: 11163K(11328K)->11163K(11328K) Class: 1616K(1792K)->1616K(1792K)
[2026-01-16T08:54:52.499+0000][gc          ] GC(168) Pause Young (Normal) (G1 Evacuation Pause) 340M->295M(1024M) 725.632ms
[2026-01-16T08:54:52.499+0000][gc,cpu      ] GC(168) User=0.38s Sys=0.03s Real=0.73s
[2026-01-16T08:55:00.726+0000][gc,start    ] GC(169) Pause Young (Normal) (G1 Evacuation Pause)
[2026-01-16T08:55:00.749+0000][gc,task     ] GC(169) Using 8 workers of 8 for evacuation
[2026-01-16T08:55:01.953+0000][gc,mmu      ] GC(169) MMU target violated: 201.0ms (200.0ms/201.0ms)
[2026-01-16T08:55:01.958+0000][gc,phases   ] GC(169)   Pre Evacuate Collection Set: 112.0ms
[2026-01-16T08:55:01.959+0000][gc,phases   ] GC(169)   Merge Heap Roots: 21.9ms
[2026-01-16T08:55:01.960+0000][gc,phases   ] GC(169)   Evacuate Collection Set: 987.9ms
[2026-01-16T08:55:01.961+0000][gc,phases   ] GC(169)   Post Evacuate Collection Set: 57.4ms
[2026-01-16T08:55:01.964+0000][gc,phases   ] GC(169)   Other: 46.1ms
[2026-01-16T08:55:01.972+0000][gc,heap     ] GC(169) Eden regions: 47->0(46)
[2026-01-16T08:55:01.979+0000][gc,heap     ] GC(169) Survivor regions: 4->5(7)
[2026-01-16T08:55:01.981+0000][gc,heap     ] GC(169) Old regions: 143->143
[2026-01-16T08:55:01.983+0000][gc,heap     ] GC(169) Humongous regions: 149->149
[2026-01-16T08:55:01.984+0000][gc,metaspace] GC(169) Metaspace: 12798K(13184K)->12798K(13184K) NonClass: 11179K(11392K)->11179K(11392K) Class: 1618K(1792K)->1618K(1792K)
[2026-01-16T08:55:02.007+0000][gc          ] GC(169) Pause Young (Normal) (G1 Evacuation Pause) 342M->296M(1024M) 1266.414ms
[2026-01-16T08:55:02.009+0000][gc,cpu      ] GC(169) User=0.53s Sys=0.09s Real=1.28s
[2026-01-16T08:55:05.120+0000][gc,start    ] GC(170) Pause Young (Normal) (G1 Evacuation Pause)
[2026-01-16T08:55:05.125+0000][gc,task     ] GC(170) Using 8 workers of 8 for evacuation
[2026-01-16T08:55:05.758+0000][gc,mmu      ] GC(170) MMU target violated: 201.0ms (200.0ms/201.0ms)
[2026-01-16T08:55:05.758+0000][gc,phases   ] GC(170)   Pre Evacuate Collection Set: 15.5ms
[2026-01-16T08:55:05.759+0000][gc,phases   ] GC(170)   Merge Heap Roots: 2.9ms
[2026-01-16T08:55:05.759+0000][gc,phases   ] GC(170)   Evacuate Collection Set: 601.0ms
[2026-01-16T08:55:05.759+0000][gc,phases   ] GC(170)   Post Evacuate Collection Set: 11.2ms
[2026-01-16T08:55:05.759+0000][gc,phases   ] GC(170)   Other: 7.6ms
[2026-01-16T08:55:05.759+0000][gc,heap     ] GC(170) Eden regions: 46->0(45)
[2026-01-16T08:55:05.760+0000][gc,heap     ] GC(170) Survivor regions: 5->6(7)
[2026-01-16T08:55:05.760+0000][gc,heap     ] GC(170) Old regions: 143->144
[2026-01-16T08:55:05.760+0000][gc,heap     ] GC(170) Humongous regions: 149->149
[2026-01-16T08:55:05.761+0000][gc,metaspace] GC(170) Metaspace: 12808K(13184K)->12808K(13184K) NonClass: 11189K(11392K)->11189K(11392K) Class: 1618K(1792K)->1618K(1792K)
[2026-01-16T08:55:05.762+0000][gc          ] GC(170) Pause Young (Normal) (G1 Evacuation Pause) 342M->297M(1024M) 642.593ms
[2026-01-16T08:55:05.763+0000][gc,cpu      ] GC(170) User=0.26s Sys=0.01s Real=0.65s
[2026-01-16T08:55:08.046+0000][gc,start    ] GC(171) Pause Young (Normal) (G1 Evacuation Pause)
[2026-01-16T08:55:08.073+0000][gc,task     ] GC(171) Using 8 workers of 8 for evacuation
[2026-01-16T08:55:08.450+0000][gc,mmu      ] GC(171) MMU target violated: 201.0ms (200.0ms/201.0ms)
[2026-01-16T08:55:08.451+0000][gc,phases   ] GC(171)   Pre Evacuate Collection Set: 35.9ms
[2026-01-16T08:55:08.452+0000][gc,phases   ] GC(171)   Merge Heap Roots: 5.2ms
[2026-01-16T08:55:08.453+0000][gc,phases   ] GC(171)   Evacuate Collection Set: 311.6ms
[2026-01-16T08:55:08.454+0000][gc,phases   ] GC(171)   Post Evacuate Collection Set: 17.0ms
[2026-01-16T08:55:08.455+0000][gc,phases   ] GC(171)   Other: 22.0ms
[2026-01-16T08:55:08.455+0000][gc,heap     ] GC(171) Eden regions: 45->0(47)
[2026-01-16T08:55:08.455+0000][gc,heap     ] GC(171) Survivor regions: 6->4(7)
[2026-01-16T08:55:08.455+0000][gc,heap     ] GC(171) Old regions: 144->145
[2026-01-16T08:55:08.455+0000][gc,heap     ] GC(171) Humongous regions: 149->149
[2026-01-16T08:55:08.455+0000][gc,metaspace] GC(171) Metaspace: 12820K(13184K)->12820K(13184K) NonClass: 11201K(11392K)->11201K(11392K) Class: 1618K(1792K)->1618K(1792K)
[2026-01-16T08:55:08.456+0000][gc          ] GC(171) Pause Young (Normal) (G1 Evacuation Pause) 342M->297M(1024M) 409.537ms
[2026-01-16T08:55:08.457+0000][gc,cpu      ] GC(171) User=0.22s Sys=0.01s Real=0.41s
[2026-01-16T08:55:11.294+0000][gc,start    ] GC(172) Pause Young (Normal) (G1 Evacuation Pause)
[2026-01-16T08:55:11.299+0000][gc,task     ] GC(172) Using 8 workers of 8 for evacuation
[2026-01-16T08:55:11.963+0000][gc,mmu      ] GC(172) MMU target violated: 201.0ms (200.0ms/201.0ms)
[2026-01-16T08:55:11.967+0000][gc,phases   ] GC(172)   Pre Evacuate Collection Set: 30.2ms
[2026-01-16T08:55:11.968+0000][gc,phases   ] GC(172)   Merge Heap Roots: 22.9ms
[2026-01-16T08:55:11.969+0000][gc,phases   ] GC(172)   Evacuate Collection Set: 576.4ms
[2026-01-16T08:55:11.969+0000][gc,phases   ] GC(172)   Post Evacuate Collection Set: 25.4ms
[2026-01-16T08:55:11.970+0000][gc,phases   ] GC(172)   Other: 13.3ms
[2026-01-16T08:55:11.970+0000][gc,heap     ] GC(172) Eden regions: 47->0(46)
[2026-01-16T08:55:11.971+0000][gc,heap     ] GC(172) Survivor regions: 4->5(7)
[2026-01-16T08:55:11.973+0000][gc,heap     ] GC(172) Old regions: 145->145
[2026-01-16T08:55:11.975+0000][gc,heap     ] GC(172) Humongous regions: 149->149
[2026-01-16T08:55:11.976+0000][gc,metaspace] GC(172) Metaspace: 12829K(13184K)->12829K(13184K) NonClass: 11209K(11392K)->11209K(11392K) Class: 1619K(1792K)->1619K(1792K)
[2026-01-16T08:55:11.977+0000][gc          ] GC(172) Pause Young (Normal) (G1 Evacuation Pause) 344M->298M(1024M) 682.029ms
[2026-01-16T08:55:11.977+0000][gc,cpu      ] GC(172) User=0.33s Sys=0.02s Real=0.68s
[2026-01-16T08:55:13.621+0000][gc,start    ] GC(173) Pause Young (Normal) (G1 Evacuation Pause)
[2026-01-16T08:55:13.699+0000][gc,task     ] GC(173) Using 8 workers of 8 for evacuation
[2026-01-16T08:55:14.073+0000][gc,mmu      ] GC(173) MMU target violated: 201.0ms (200.0ms/201.0ms)
[2026-01-16T08:55:14.074+0000][gc,phases   ] GC(173)   Pre Evacuate Collection Set: 6.6ms
[2026-01-16T08:55:14.078+0000][gc,phases   ] GC(173)   Merge Heap Roots: 3.2ms
[2026-01-16T08:55:14.079+0000][gc,phases   ] GC(173)   Evacuate Collection Set: 314.3ms
[2026-01-16T08:55:14.079+0000][gc,phases   ] GC(173)   Post Evacuate Collection Set: 15.1ms
[2026-01-16T08:55:14.080+0000][gc,phases   ] GC(173)   Other: 35.8ms
[2026-01-16T08:55:14.080+0000][gc,heap     ] GC(173) Eden regions: 46->0(47)
[2026-01-16T08:55:14.086+0000][gc,heap     ] GC(173) Survivor regions: 5->4(7)
[2026-01-16T08:55:14.087+0000][gc,heap     ] GC(173) Old regions: 145->147
[2026-01-16T08:55:14.090+0000][gc,heap     ] GC(173) Humongous regions: 149->149
[2026-01-16T08:55:14.091+0000][gc,metaspace] GC(173) Metaspace: 12840K(13184K)->12840K(13184K) NonClass: 11221K(11392K)->11221K(11392K) Class: 1619K(1792K)->1619K(1792K)
[2026-01-16T08:55:14.091+0000][gc          ] GC(173) Pause Young (Normal) (G1 Evacuation Pause) 344M->299M(1024M) 470.519ms
[2026-01-16T08:55:14.092+0000][gc,cpu      ] GC(173) User=0.21s Sys=0.02s Real=0.48s
[2026-01-16T08:55:15.105+0000][gc,start    ] GC(174) Pause Young (Normal) (G1 Evacuation Pause)
[2026-01-16T08:55:15.107+0000][gc,task     ] GC(174) Using 8 workers of 8 for evacuation
[2026-01-16T08:55:15.404+0000][gc,mmu      ] GC(174) MMU target violated: 201.0ms (200.0ms/201.0ms)
[2026-01-16T08:55:15.408+0000][gc,phases   ] GC(174)   Pre Evacuate Collection Set: 24.1ms
[2026-01-16T08:55:15.409+0000][gc,phases   ] GC(174)   Merge Heap Roots: 11.3ms
[2026-01-16T08:55:15.409+0000][gc,phases   ] GC(174)   Evacuate Collection Set: 252.7ms
[2026-01-16T08:55:15.410+0000][gc,phases   ] GC(174)   Post Evacuate Collection Set: 9.0ms
[2026-01-16T08:55:15.410+0000][gc,phases   ] GC(174)   Other: 4.4ms
[2026-01-16T08:55:15.411+0000][gc,heap     ] GC(174) Eden regions: 47->0(46)
[2026-01-16T08:55:15.412+0000][gc,heap     ] GC(174) Survivor regions: 4->5(7)
[2026-01-16T08:55:15.413+0000][gc,heap     ] GC(174) Old regions: 147->147
[2026-01-16T08:55:15.414+0000][gc,heap     ] GC(174) Humongous regions: 149->149
[2026-01-16T08:55:15.415+0000][gc,metaspace] GC(174) Metaspace: 12850K(13184K)->12850K(13184K) NonClass: 11231K(11392K)->11231K(11392K) Class: 1619K(1792K)->1619K(1792K)
[2026-01-16T08:55:15.416+0000][gc          ] GC(174) Pause Young (Normal) (G1 Evacuation Pause) 346M->299M(1024M) 310.971ms
[2026-01-16T08:55:15.416+0000][gc,cpu      ] GC(174) User=0.14s Sys=0.00s Real=0.31s
[2026-01-16T08:55:16.599+0000][gc,start    ] GC(175) Pause Young (Normal) (G1 Evacuation Pause)
[2026-01-16T08:55:16.608+0000][gc,task     ] GC(175) Using 8 workers of 8 for evacuation
[2026-01-16T08:55:17.098+0000][gc,mmu      ] GC(175) MMU target violated: 201.0ms (200.0ms/201.0ms)
[2026-01-16T08:55:17.100+0000][gc,phases   ] GC(175)   Pre Evacuate Collection Set: 30.9ms
[2026-01-16T08:55:17.101+0000][gc,phases   ] GC(175)   Merge Heap Roots: 4.9ms
[2026-01-16T08:55:17.101+0000][gc,phases   ] GC(175)   Evacuate Collection Set: 432.3ms
[2026-01-16T08:55:17.102+0000][gc,phases   ] GC(175)   Post Evacuate Collection Set: 20.7ms
[2026-01-16T08:55:17.103+0000][gc,phases   ] GC(175)   Other: 11.8ms
[2026-01-16T08:55:17.104+0000][gc,heap     ] GC(175) Eden regions: 46->0(46)
[2026-01-16T08:55:17.104+0000][gc,heap     ] GC(175) Survivor regions: 5->5(7)
[2026-01-16T08:55:17.105+0000][gc,heap     ] GC(175) Old regions: 147->147
[2026-01-16T08:55:17.109+0000][gc,heap     ] GC(175) Humongous regions: 149->149
[2026-01-16T08:55:17.117+0000][gc,metaspace] GC(175) Metaspace: 12894K(13248K)->12894K(13248K) NonClass: 11262K(11456K)->11262K(11456K) Class: 1632K(1792K)->1632K(1792K)
[2026-01-16T08:55:17.118+0000][gc          ] GC(175) Pause Young (Normal) (G1 Evacuation Pause) 345M->300M(1024M) 519.849ms
[2026-01-16T08:55:17.133+0000][gc,cpu      ] GC(175) User=0.14s Sys=0.04s Real=0.54s
[2026-01-16T08:55:19.299+0000][gc,start    ] GC(176) Pause Young (Normal) (G1 Evacuation Pause)
[2026-01-16T08:55:19.321+0000][gc,task     ] GC(176) Using 8 workers of 8 for evacuation
[2026-01-16T08:55:19.900+0000][gc,mmu      ] GC(176) MMU target violated: 201.0ms (200.0ms/201.0ms)
[2026-01-16T08:55:19.901+0000][gc,phases   ] GC(176)   Pre Evacuate Collection Set: 48.9ms
[2026-01-16T08:55:19.902+0000][gc,phases   ] GC(176)   Merge Heap Roots: 18.0ms
[2026-01-16T08:55:19.903+0000][gc,phases   ] GC(176)   Evacuate Collection Set: 492.2ms
[2026-01-16T08:55:19.904+0000][gc,phases   ] GC(176)   Post Evacuate Collection Set: 18.3ms
[2026-01-16T08:55:19.904+0000][gc,phases   ] GC(176)   Other: 9.7ms
[2026-01-16T08:55:19.905+0000][gc,heap     ] GC(176) Eden regions: 46->0(45)
[2026-01-16T08:55:19.906+0000][gc,heap     ] GC(176) Survivor regions: 5->6(7)
[2026-01-16T08:55:19.907+0000][gc,heap     ] GC(176) Old regions: 147->148
[2026-01-16T08:55:19.907+0000][gc,heap     ] GC(176) Humongous regions: 149->149
[2026-01-16T08:55:19.909+0000][gc,metaspace] GC(176) Metaspace: 12902K(13248K)->12902K(13248K) NonClass: 11269K(11456K)->11269K(11456K) Class: 1633K(1792K)->1633K(1792K)
[2026-01-16T08:55:19.909+0000][gc          ] GC(176) Pause Young (Normal) (G1 Evacuation Pause) 346M->302M(1024M) 610.393ms
[2026-01-16T08:55:19.910+0000][gc,cpu      ] GC(176) User=0.24s Sys=0.03s Real=0.61s
[2026-01-16T08:55:21.948+0000][gc,start    ] GC(177) Pause Young (Normal) (G1 Evacuation Pause)
[2026-01-16T08:55:21.952+0000][gc,task     ] GC(177) Using 8 workers of 8 for evacuation
[2026-01-16T08:55:22.552+0000][gc,mmu      ] GC(177) MMU target violated: 201.0ms (200.0ms/201.0ms)
[2026-01-16T08:55:22.554+0000][gc,phases   ] GC(177)   Pre Evacuate Collection Set: 29.2ms
[2026-01-16T08:55:22.555+0000][gc,phases   ] GC(177)   Merge Heap Roots: 0.8ms
[2026-01-16T08:55:22.555+0000][gc,phases   ] GC(177)   Evacuate Collection Set: 552.4ms
[2026-01-16T08:55:22.556+0000][gc,phases   ] GC(177)   Post Evacuate Collection Set: 11.5ms
[2026-01-16T08:55:22.557+0000][gc,phases   ] GC(177)   Other: 7.9ms
[2026-01-16T08:55:22.563+0000][gc,heap     ] GC(177) Eden regions: 45->0(47)
[2026-01-16T08:55:22.564+0000][gc,heap     ] GC(177) Survivor regions: 6->4(7)
[2026-01-16T08:55:22.566+0000][gc,heap     ] GC(177) Old regions: 148->150
[2026-01-16T08:55:22.567+0000][gc,heap     ] GC(177) Humongous regions: 149->149
[2026-01-16T08:55:22.568+0000][gc,metaspace] GC(177) Metaspace: 12912K(13248K)->12912K(13248K) NonClass: 11276K(11456K)->11276K(11456K) Class: 1635K(1792K)->1635K(1792K)
[2026-01-16T08:55:22.571+0000][gc          ] GC(177) Pause Young (Normal) (G1 Evacuation Pause) 347M->301M(1024M) 622.884ms
[2026-01-16T08:55:22.573+0000][gc,cpu      ] GC(177) User=0.25s Sys=0.06s Real=0.63s
[2026-01-16T08:55:24.423+0000][gc,start    ] GC(178) Pause Young (Normal) (G1 Evacuation Pause)
[2026-01-16T08:55:24.442+0000][gc,task     ] GC(178) Using 8 workers of 8 for evacuation
[2026-01-16T08:55:25.028+0000][gc,mmu      ] GC(178) MMU target violated: 201.0ms (200.0ms/201.0ms)
[2026-01-16T08:55:25.042+0000][gc,phases   ] GC(178)   Pre Evacuate Collection Set: 64.5ms
[2026-01-16T08:55:25.042+0000][gc,phases   ] GC(178)   Merge Heap Roots: 10.8ms
[2026-01-16T08:55:25.042+0000][gc,phases   ] GC(178)   Evacuate Collection Set: 480.5ms
[2026-01-16T08:55:25.043+0000][gc,phases   ] GC(178)   Post Evacuate Collection Set: 29.7ms
[2026-01-16T08:55:25.043+0000][gc,phases   ] GC(178)   Other: 21.6ms
[2026-01-16T08:55:25.044+0000][gc,heap     ] GC(178) Eden regions: 47->0(47)
[2026-01-16T08:55:25.044+0000][gc,heap     ] GC(178) Survivor regions: 4->4(7)
[2026-01-16T08:55:25.044+0000][gc,heap     ] GC(178) Old regions: 150->150
[2026-01-16T08:55:25.049+0000][gc,heap     ] GC(178) Humongous regions: 149->149
[2026-01-16T08:55:25.049+0000][gc,metaspace] GC(178) Metaspace: 12922K(13248K)->12922K(13248K) NonClass: 11283K(11456K)->11283K(11456K) Class: 1638K(1792K)->1638K(1792K)
[2026-01-16T08:55:25.049+0000][gc          ] GC(178) Pause Young (Normal) (G1 Evacuation Pause) 348M->302M(1024M) 626.332ms
[2026-01-16T08:55:25.050+0000][gc,cpu      ] GC(178) User=0.24s Sys=0.02s Real=0.62s
[2026-01-16T08:55:26.963+0000][gc,start    ] GC(179) Pause Young (Normal) (G1 Evacuation Pause)
[2026-01-16T08:55:26.965+0000][gc,task     ] GC(179) Using 8 workers of 8 for evacuation
[2026-01-16T08:55:27.641+0000][gc,mmu      ] GC(179) MMU target violated: 201.0ms (200.0ms/201.0ms)
[2026-01-16T08:55:27.647+0000][gc,phases   ] GC(179)   Pre Evacuate Collection Set: 27.5ms
[2026-01-16T08:55:27.656+0000][gc,phases   ] GC(179)   Merge Heap Roots: 1.7ms
[2026-01-16T08:55:27.657+0000][gc,phases   ] GC(179)   Evacuate Collection Set: 625.5ms
[2026-01-16T08:55:27.658+0000][gc,phases   ] GC(179)   Post Evacuate Collection Set: 20.3ms
[2026-01-16T08:55:27.658+0000][gc,phases   ] GC(179)   Other: 7.6ms
[2026-01-16T08:55:27.659+0000][gc,heap     ] GC(179) Eden regions: 47->0(46)
[2026-01-16T08:55:27.659+0000][gc,heap     ] GC(179) Survivor regions: 4->5(7)
[2026-01-16T08:55:27.660+0000][gc,heap     ] GC(179) Old regions: 150->151
[2026-01-16T08:55:27.660+0000][gc,heap     ] GC(179) Humongous regions: 149->149
[2026-01-16T08:55:27.660+0000][gc,metaspace] GC(179) Metaspace: 12926K(13248K)->12926K(13248K) NonClass: 11287K(11456K)->11287K(11456K) Class: 1638K(1792K)->1638K(1792K)
[2026-01-16T08:55:27.666+0000][gc          ] GC(179) Pause Young (Normal) (G1 Evacuation Pause) 349M->303M(1024M) 703.613ms
[2026-01-16T08:55:27.669+0000][gc,cpu      ] GC(179) User=0.17s Sys=0.03s Real=0.70s
[2026-01-16T08:55:28.806+0000][gc,start    ] GC(180) Pause Young (Normal) (G1 Evacuation Pause)
[2026-01-16T08:55:28.808+0000][gc,task     ] GC(180) Using 8 workers of 8 for evacuation
[2026-01-16T08:55:29.195+0000][gc,mmu      ] GC(180) MMU target violated: 201.0ms (200.0ms/201.0ms)
[2026-01-16T08:55:29.197+0000][gc,phases   ] GC(180)   Pre Evacuate Collection Set: 47.0ms
[2026-01-16T08:55:29.199+0000][gc,phases   ] GC(180)   Merge Heap Roots: 0.8ms
[2026-01-16T08:55:29.201+0000][gc,phases   ] GC(180)   Evacuate Collection Set: 322.2ms
[2026-01-16T08:55:29.202+0000][gc,phases   ] GC(180)   Post Evacuate Collection Set: 15.1ms
[2026-01-16T08:55:29.202+0000][gc,phases   ] GC(180)   Other: 5.0ms
[2026-01-16T08:55:29.202+0000][gc,heap     ] GC(180) Eden regions: 46->0(46)
[2026-01-16T08:55:29.202+0000][gc,heap     ] GC(180) Survivor regions: 5->5(7)
[2026-01-16T08:55:29.202+0000][gc,heap     ] GC(180) Old regions: 151->151
[2026-01-16T08:55:29.202+0000][gc,heap     ] GC(180) Humongous regions: 149->149
[2026-01-16T08:55:29.202+0000][gc,metaspace] GC(180) Metaspace: 12928K(13248K)->12928K(13248K) NonClass: 11290K(11456K)->11290K(11456K) Class: 1638K(1792K)->1638K(1792K)
[2026-01-16T08:55:29.203+0000][gc          ] GC(180) Pause Young (Normal) (G1 Evacuation Pause) 349M->304M(1024M) 396.857ms
[2026-01-16T08:55:29.203+0000][gc,cpu      ] GC(180) User=0.14s Sys=0.00s Real=0.40s
[2026-01-16T08:55:31.246+0000][gc,start    ] GC(181) Pause Young (Normal) (G1 Evacuation Pause)
[2026-01-16T08:55:31.364+0000][gc,task     ] GC(181) Using 8 workers of 8 for evacuation
[2026-01-16T08:55:31.693+0000][gc,mmu      ] GC(181) MMU target violated: 201.0ms (200.0ms/201.0ms)
[2026-01-16T08:55:31.697+0000][gc,phases   ] GC(181)   Pre Evacuate Collection Set: 28.5ms
[2026-01-16T08:55:31.702+0000][gc,phases   ] GC(181)   Merge Heap Roots: 5.3ms
[2026-01-16T08:55:31.702+0000][gc,phases   ] GC(181)   Evacuate Collection Set: 280.6ms
[2026-01-16T08:55:31.705+0000][gc,phases   ] GC(181)   Post Evacuate Collection Set: 12.5ms
[2026-01-16T08:55:31.706+0000][gc,phases   ] GC(181)   Other: 22.5ms
[2026-01-16T08:55:31.706+0000][gc,heap     ] GC(181) Eden regions: 46->0(46)
[2026-01-16T08:55:31.707+0000][gc,heap     ] GC(181) Survivor regions: 5->5(7)
[2026-01-16T08:55:31.708+0000][gc,heap     ] GC(181) Old regions: 151->152
[2026-01-16T08:55:31.708+0000][gc,heap     ] GC(181) Humongous regions: 149->149
[2026-01-16T08:55:31.710+0000][gc,metaspace] GC(181) Metaspace: 12933K(13248K)->12933K(13248K) NonClass: 11295K(11456K)->11295K(11456K) Class: 1638K(1792K)->1638K(1792K)
[2026-01-16T08:55:31.710+0000][gc          ] GC(181) Pause Young (Normal) (G1 Evacuation Pause) 350M->305M(1024M) 464.747ms
[2026-01-16T08:55:31.711+0000][gc,cpu      ] GC(181) User=0.20s Sys=0.03s Real=0.46s
[2026-01-16T08:55:33.868+0000][gc,start    ] GC(182) Pause Young (Normal) (G1 Evacuation Pause)
[2026-01-16T08:55:33.868+0000][gc,task     ] GC(182) Using 8 workers of 8 for evacuation
[2026-01-16T08:55:34.528+0000][gc,mmu      ] GC(182) MMU target violated: 201.0ms (200.0ms/201.0ms)
[2026-01-16T08:55:34.533+0000][gc,phases   ] GC(182)   Pre Evacuate Collection Set: 48.5ms
[2026-01-16T08:55:34.540+0000][gc,phases   ] GC(182)   Merge Heap Roots: 3.8ms
[2026-01-16T08:55:34.543+0000][gc,phases   ] GC(182)   Evacuate Collection Set: 580.4ms
[2026-01-16T08:55:34.545+0000][gc,phases   ] GC(182)   Post Evacuate Collection Set: 24.4ms
[2026-01-16T08:55:34.546+0000][gc,phases   ] GC(182)   Other: 7.8ms
[2026-01-16T08:55:34.548+0000][gc,heap     ] GC(182) Eden regions: 46->0(46)
[2026-01-16T08:55:34.550+0000][gc,heap     ] GC(182) Survivor regions: 5->5(7)
[2026-01-16T08:55:34.551+0000][gc,heap     ] GC(182) Old regions: 152->153
[2026-01-16T08:55:34.551+0000][gc,heap     ] GC(182) Humongous regions: 149->149
[2026-01-16T08:55:34.552+0000][gc,metaspace] GC(182) Metaspace: 12960K(13312K)->12960K(13312K) NonClass: 11321K(11520K)->11321K(11520K) Class: 1638K(1792K)->1638K(1792K)
[2026-01-16T08:55:34.552+0000][gc          ] GC(182) Pause Young (Normal) (G1 Evacuation Pause) 351M->305M(1024M) 684.656ms
[2026-01-16T08:55:34.553+0000][gc,cpu      ] GC(182) User=0.20s Sys=0.02s Real=0.68s
[2026-01-16T08:55:37.263+0000][gc,start    ] GC(183) Pause Young (Normal) (G1 Evacuation Pause)
[2026-01-16T08:55:37.275+0000][gc,task     ] GC(183) Using 8 workers of 8 for evacuation
[2026-01-16T08:55:37.858+0000][gc,mmu      ] GC(183) MMU target violated: 201.0ms (200.0ms/201.0ms)
[2026-01-16T08:55:37.860+0000][gc,phases   ] GC(183)   Pre Evacuate Collection Set: 38.7ms
[2026-01-16T08:55:37.860+0000][gc,phases   ] GC(183)   Merge Heap Roots: 0.9ms
[2026-01-16T08:55:37.861+0000][gc,phases   ] GC(183)   Evacuate Collection Set: 533.5ms
[2026-01-16T08:55:37.861+0000][gc,phases   ] GC(183)   Post Evacuate Collection Set: 7.1ms
[2026-01-16T08:55:37.862+0000][gc,phases   ] GC(183)   Other: 10.8ms
[2026-01-16T08:55:37.863+0000][gc,heap     ] GC(183) Eden regions: 46->0(47)
[2026-01-16T08:55:37.864+0000][gc,heap     ] GC(183) Survivor regions: 5->4(7)
[2026-01-16T08:55:37.865+0000][gc,heap     ] GC(183) Old regions: 153->154
[2026-01-16T08:55:37.865+0000][gc,heap     ] GC(183) Humongous regions: 149->149
[2026-01-16T08:55:37.866+0000][gc,metaspace] GC(183) Metaspace: 12967K(13312K)->12967K(13312K) NonClass: 11328K(11520K)->11328K(11520K) Class: 1638K(1792K)->1638K(1792K)
[2026-01-16T08:55:37.867+0000][gc          ] GC(183) Pause Young (Normal) (G1 Evacuation Pause) 351M->306M(1024M) 602.957ms
[2026-01-16T08:55:37.867+0000][gc,cpu      ] GC(183) User=0.27s Sys=0.09s Real=0.61s
[2026-01-16T08:56:08.697+0000][gc,start    ] GC(184) Pause Young (Normal) (G1 Evacuation Pause)
[2026-01-16T08:56:08.754+0000][gc,task     ] GC(184) Using 8 workers of 8 for evacuation
[2026-01-16T08:56:10.707+0000][gc,mmu      ] GC(184) MMU target violated: 201.0ms (200.0ms/201.0ms)
[2026-01-16T08:56:10.741+0000][gc,phases   ] GC(184)   Pre Evacuate Collection Set: 59.7ms
[2026-01-16T08:56:10.746+0000][gc,phases   ] GC(184)   Merge Heap Roots: 5.6ms
[2026-01-16T08:56:10.746+0000][gc,phases   ] GC(184)   Evacuate Collection Set: 1555.6ms
[2026-01-16T08:56:10.746+0000][gc,phases   ] GC(184)   Post Evacuate Collection Set: 227.2ms
[2026-01-16T08:56:10.747+0000][gc,phases   ] GC(184)   Other: 143.4ms
[2026-01-16T08:56:10.752+0000][gc,heap     ] GC(184) Eden regions: 47->0(47)
[2026-01-16T08:56:10.754+0000][gc,heap     ] GC(184) Survivor regions: 4->4(7)
[2026-01-16T08:56:10.759+0000][gc,heap     ] GC(184) Old regions: 154->155
[2026-01-16T08:56:10.759+0000][gc,heap     ] GC(184) Humongous regions: 149->149
[2026-01-16T08:56:10.760+0000][gc,metaspace] GC(184) Metaspace: 12977K(13312K)->12977K(13312K) NonClass: 11337K(11520K)->11337K(11520K) Class: 1640K(1792K)->1640K(1792K)
[2026-01-16T08:56:10.776+0000][gc          ] GC(184) Pause Young (Normal) (G1 Evacuation Pause) 353M->307M(1024M) 2064.333ms
[2026-01-16T08:56:10.778+0000][gc,cpu      ] GC(184) User=1.13s Sys=0.15s Real=2.08s
[2026-01-16T08:56:19.304+0000][gc,start    ] GC(185) Pause Young (Normal) (G1 Evacuation Pause)
[2026-01-16T08:56:19.306+0000][gc,task     ] GC(185) Using 8 workers of 8 for evacuation
[2026-01-16T08:56:20.461+0000][gc,mmu      ] GC(185) MMU target violated: 201.0ms (200.0ms/201.0ms)
[2026-01-16T08:56:20.471+0000][gc,phases   ] GC(185)   Pre Evacuate Collection Set: 47.0ms
[2026-01-16T08:56:20.471+0000][gc,phases   ] GC(185)   Merge Heap Roots: 9.2ms
[2026-01-16T08:56:20.473+0000][gc,phases   ] GC(185)   Evacuate Collection Set: 1007.2ms
[2026-01-16T08:56:20.474+0000][gc,phases   ] GC(185)   Post Evacuate Collection Set: 76.3ms
[2026-01-16T08:56:20.474+0000][gc,phases   ] GC(185)   Other: 25.1ms
[2026-01-16T08:56:20.476+0000][gc,heap     ] GC(185) Eden regions: 47->0(47)
[2026-01-16T08:56:20.477+0000][gc,heap     ] GC(185) Survivor regions: 4->4(7)
[2026-01-16T08:56:20.477+0000][gc,heap     ] GC(185) Old regions: 155->156
[2026-01-16T08:56:20.477+0000][gc,heap     ] GC(185) Humongous regions: 149->149
[2026-01-16T08:56:20.477+0000][gc,metaspace] GC(185) Metaspace: 12983K(13312K)->12983K(13312K) NonClass: 11342K(11520K)->11342K(11520K) Class: 1640K(1792K)->1640K(1792K)
[2026-01-16T08:56:20.478+0000][gc          ] GC(185) Pause Young (Normal) (G1 Evacuation Pause) 354M->307M(1024M) 1173.488ms
[2026-01-16T08:56:20.478+0000][gc,cpu      ] GC(185) User=0.55s Sys=0.05s Real=1.17s
[2026-01-16T08:56:26.935+0000][gc,start    ] GC(186) Pause Young (Normal) (G1 Evacuation Pause)
[2026-01-16T08:56:27.069+0000][gc,task     ] GC(186) Using 8 workers of 8 for evacuation
[2026-01-16T08:56:29.437+0000][gc,mmu      ] GC(186) MMU target violated: 201.0ms (200.0ms/201.0ms)
[2026-01-16T08:56:29.518+0000][gc,phases   ] GC(186)   Pre Evacuate Collection Set: 66.1ms
[2026-01-16T08:56:29.529+0000][gc,phases   ] GC(186)   Merge Heap Roots: 44.3ms
[2026-01-16T08:56:29.529+0000][gc,phases   ] GC(186)   Evacuate Collection Set: 2108.2ms
[2026-01-16T08:56:29.529+0000][gc,phases   ] GC(186)   Post Evacuate Collection Set: 140.5ms
[2026-01-16T08:56:29.530+0000][gc,phases   ] GC(186)   Other: 90.5ms
[2026-01-16T08:56:29.530+0000][gc,heap     ] GC(186) Eden regions: 47->0(47)
[2026-01-16T08:56:29.530+0000][gc,heap     ] GC(186) Survivor regions: 4->4(7)
[2026-01-16T08:56:29.531+0000][gc,heap     ] GC(186) Old regions: 156->156
[2026-01-16T08:56:29.534+0000][gc,heap     ] GC(186) Humongous regions: 149->149
[2026-01-16T08:56:29.534+0000][gc,metaspace] GC(186) Metaspace: 12995K(13312K)->12995K(13312K) NonClass: 11354K(11520K)->11354K(11520K) Class: 1641K(1792K)->1641K(1792K)
[2026-01-16T08:56:29.547+0000][gc          ] GC(186) Pause Young (Normal) (G1 Evacuation Pause) 354M->308M(1024M) 2612.493ms
[2026-01-16T08:56:29.554+0000][gc,cpu      ] GC(186) User=0.93s Sys=0.18s Real=2.62s
[2026-01-16T08:56:44.022+0000][gc,start    ] GC(187) Pause Young (Normal) (G1 Evacuation Pause)
[2026-01-16T08:56:44.045+0000][gc,task     ] GC(187) Using 8 workers of 8 for evacuation
[2026-01-16T08:56:45.774+0000][gc,mmu      ] GC(187) MMU target violated: 201.0ms (200.0ms/201.0ms)
[2026-01-16T08:56:45.776+0000][gc,phases   ] GC(187)   Pre Evacuate Collection Set: 190.7ms
[2026-01-16T08:56:45.780+0000][gc,phases   ] GC(187)   Merge Heap Roots: 48.8ms
[2026-01-16T08:56:45.781+0000][gc,phases   ] GC(187)   Evacuate Collection Set: 1375.2ms
[2026-01-16T08:56:45.785+0000][gc,phases   ] GC(187)   Post Evacuate Collection Set: 101.0ms
[2026-01-16T08:56:45.788+0000][gc,phases   ] GC(187)   Other: 15.4ms
[2026-01-16T08:56:45.790+0000][gc,heap     ] GC(187) Eden regions: 47->0(47)
[2026-01-16T08:56:45.791+0000][gc,heap     ] GC(187) Survivor regions: 4->4(7)
[2026-01-16T08:56:45.791+0000][gc,heap     ] GC(187) Old regions: 156->157
[2026-01-16T08:56:45.791+0000][gc,heap     ] GC(187) Humongous regions: 149->149
[2026-01-16T08:56:45.791+0000][gc,metaspace] GC(187) Metaspace: 13004K(13312K)->13004K(13312K) NonClass: 11362K(11520K)->11362K(11520K) Class: 1641K(1792K)->1641K(1792K)
[2026-01-16T08:56:45.793+0000][gc          ] GC(187) Pause Young (Normal) (G1 Evacuation Pause) 355M->309M(1024M) 1773.674ms
[2026-01-16T08:56:45.797+0000][gc,cpu      ] GC(187) User=0.67s Sys=0.08s Real=1.78s
[2026-01-16T08:56:51.859+0000][gc,start    ] GC(188) Pause Young (Normal) (GCLocker Initiated GC)
[2026-01-16T08:56:51.872+0000][gc,task     ] GC(188) Using 8 workers of 8 for evacuation
[2026-01-16T08:56:54.313+0000][gc,mmu      ] GC(188) MMU target violated: 201.0ms (200.0ms/201.0ms)
[2026-01-16T08:56:54.313+0000][gc,phases   ] GC(188)   Pre Evacuate Collection Set: 53.5ms
[2026-01-16T08:56:54.313+0000][gc,phases   ] GC(188)   Merge Heap Roots: 13.8ms
[2026-01-16T08:56:54.314+0000][gc,phases   ] GC(188)   Evacuate Collection Set: 2295.3ms
[2026-01-16T08:56:54.314+0000][gc,phases   ] GC(188)   Post Evacuate Collection Set: 60.2ms
[2026-01-16T08:56:54.315+0000][gc,phases   ] GC(188)   Other: 18.7ms
[2026-01-16T08:56:54.316+0000][gc,heap     ] GC(188) Eden regions: 55->0(46)
[2026-01-16T08:56:54.316+0000][gc,heap     ] GC(188) Survivor regions: 4->5(8)
[2026-01-16T08:56:54.317+0000][gc,heap     ] GC(188) Old regions: 157->157
[2026-01-16T08:56:54.317+0000][gc,heap     ] GC(188) Humongous regions: 149->149
[2026-01-16T08:56:54.319+0000][gc,metaspace] GC(188) Metaspace: 13014K(13312K)->13014K(13312K) NonClass: 11372K(11520K)->11372K(11520K) Class: 1641K(1792K)->1641K(1792K)
[2026-01-16T08:56:54.320+0000][gc          ] GC(188) Pause Young (Normal) (GCLocker Initiated GC) 364M->310M(1024M) 2460.822ms
[2026-01-16T08:56:54.323+0000][gc,cpu      ] GC(188) User=0.84s Sys=0.16s Real=2.47s
[2026-01-16T08:56:59.417+0000][gc,start    ] GC(189) Pause Young (Normal) (G1 Evacuation Pause)
[2026-01-16T08:56:59.490+0000][gc,task     ] GC(189) Using 8 workers of 8 for evacuation
[2026-01-16T08:57:02.496+0000][gc,mmu      ] GC(189) MMU target violated: 201.0ms (200.0ms/201.0ms)
[2026-01-16T08:57:02.500+0000][gc,phases   ] GC(189)   Pre Evacuate Collection Set: 215.0ms
[2026-01-16T08:57:02.501+0000][gc,phases   ] GC(189)   Merge Heap Roots: 5.8ms
[2026-01-16T08:57:02.501+0000][gc,phases   ] GC(189)   Evacuate Collection Set: 2627.8ms
[2026-01-16T08:57:02.509+0000][gc,phases   ] GC(189)   Post Evacuate Collection Set: 156.2ms
[2026-01-16T08:57:02.511+0000][gc,phases   ] GC(189)   Other: 16.9ms
[2026-01-16T08:57:02.513+0000][gc,heap     ] GC(189) Eden regions: 46->0(46)
[2026-01-16T08:57:02.513+0000][gc,heap     ] GC(189) Survivor regions: 5->5(7)
[2026-01-16T08:57:02.514+0000][gc,heap     ] GC(189) Old regions: 157->158
[2026-01-16T08:57:02.514+0000][gc,heap     ] GC(189) Humongous regions: 149->149
[2026-01-16T08:57:02.517+0000][gc,metaspace] GC(189) Metaspace: 13018K(13312K)->13018K(13312K) NonClass: 11376K(11520K)->11376K(11520K) Class: 1641K(1792K)->1641K(1792K)
[2026-01-16T08:57:02.521+0000][gc          ] GC(189) Pause Young (Normal) (G1 Evacuation Pause) 356M->310M(1024M) 3104.479ms
[2026-01-16T08:57:02.522+0000][gc,cpu      ] GC(189) User=1.22s Sys=0.13s Real=3.15s
[2026-01-16T08:57:08.813+0000][gc,start    ] GC(190) Pause Young (Normal) (G1 Evacuation Pause)
[2026-01-16T08:57:08.823+0000][gc,task     ] GC(190) Using 8 workers of 8 for evacuation
[2026-01-16T08:57:09.283+0000][gc,mmu      ] GC(190) MMU target violated: 201.0ms (200.0ms/201.0ms)
[2026-01-16T08:57:09.284+0000][gc,phases   ] GC(190)   Pre Evacuate Collection Set: 50.9ms
[2026-01-16T08:57:09.284+0000][gc,phases   ] GC(190)   Merge Heap Roots: 1.1ms
[2026-01-16T08:57:09.285+0000][gc,phases   ] GC(190)   Evacuate Collection Set: 401.4ms
[2026-01-16T08:57:09.285+0000][gc,phases   ] GC(190)   Post Evacuate Collection Set: 5.0ms
[2026-01-16T08:57:09.286+0000][gc,phases   ] GC(190)   Other: 2.6ms
[2026-01-16T08:57:09.286+0000][gc,heap     ] GC(190) Eden regions: 46->0(47)
[2026-01-16T08:57:09.286+0000][gc,heap     ] GC(190) Survivor regions: 5->4(7)
[2026-01-16T08:57:09.287+0000][gc,heap     ] GC(190) Old regions: 158->159
[2026-01-16T08:57:09.288+0000][gc,heap     ] GC(190) Humongous regions: 149->149
[2026-01-16T08:57:09.289+0000][gc,metaspace] GC(190) Metaspace: 13024K(13312K)->13024K(13312K) NonClass: 11382K(11520K)->11382K(11520K) Class: 1641K(1792K)->1641K(1792K)
[2026-01-16T08:57:09.289+0000][gc          ] GC(190) Pause Young (Normal) (G1 Evacuation Pause) 356M->311M(1024M) 476.667ms
[2026-01-16T08:57:09.290+0000][gc,cpu      ] GC(190) User=0.34s Sys=0.05s Real=0.48s
[2026-01-16T08:57:11.014+0000][gc,start    ] GC(191) Pause Young (Normal) (G1 Evacuation Pause)
[2026-01-16T08:57:11.021+0000][gc,task     ] GC(191) Using 8 workers of 8 for evacuation
[2026-01-16T08:57:11.331+0000][gc,mmu      ] GC(191) MMU target violated: 201.0ms (200.0ms/201.0ms)
[2026-01-16T08:57:11.334+0000][gc,phases   ] GC(191)   Pre Evacuate Collection Set: 52.2ms
[2026-01-16T08:57:11.337+0000][gc,phases   ] GC(191)   Merge Heap Roots: 0.6ms
[2026-01-16T08:57:11.337+0000][gc,phases   ] GC(191)   Evacuate Collection Set: 238.1ms
[2026-01-16T08:57:11.338+0000][gc,phases   ] GC(191)   Post Evacuate Collection Set: 10.2ms
[2026-01-16T08:57:11.338+0000][gc,phases   ] GC(191)   Other: 12.1ms
[2026-01-16T08:57:11.339+0000][gc,heap     ] GC(191) Eden regions: 47->0(46)
[2026-01-16T08:57:11.341+0000][gc,heap     ] GC(191) Survivor regions: 4->5(7)
[2026-01-16T08:57:11.343+0000][gc,heap     ] GC(191) Old regions: 159->159
[2026-01-16T08:57:11.343+0000][gc,heap     ] GC(191) Humongous regions: 149->149
[2026-01-16T08:57:11.348+0000][gc,metaspace] GC(191) Metaspace: 13027K(13312K)->13027K(13312K) NonClass: 11385K(11520K)->11385K(11520K) Class: 1641K(1792K)->1641K(1792K)
[2026-01-16T08:57:11.351+0000][gc          ] GC(191) Pause Young (Normal) (G1 Evacuation Pause) 358M->312M(1024M) 350.163ms
[2026-01-16T08:57:11.354+0000][gc,cpu      ] GC(191) User=0.20s Sys=0.01s Real=0.35s
[2026-01-16T08:57:15.279+0000][gc,start    ] GC(192) Pause Young (Normal) (G1 Evacuation Pause)
[2026-01-16T08:57:15.284+0000][gc,task     ] GC(192) Using 8 workers of 8 for evacuation
[2026-01-16T08:57:16.171+0000][gc,mmu      ] GC(192) MMU target violated: 201.0ms (200.0ms/201.0ms)
[2026-01-16T08:57:16.174+0000][gc,phases   ] GC(192)   Pre Evacuate Collection Set: 51.3ms
[2026-01-16T08:57:16.178+0000][gc,phases   ] GC(192)   Merge Heap Roots: 4.1ms
[2026-01-16T08:57:16.178+0000][gc,phases   ] GC(192)   Evacuate Collection Set: 813.9ms
[2026-01-16T08:57:16.179+0000][gc,phases   ] GC(192)   Post Evacuate Collection Set: 17.3ms
[2026-01-16T08:57:16.179+0000][gc,phases   ] GC(192)   Other: 3.7ms
[2026-01-16T08:57:16.184+0000][gc,heap     ] GC(192) Eden regions: 46->0(46)
[2026-01-16T08:57:16.184+0000][gc,heap     ] GC(192) Survivor regions: 5->5(7)
[2026-01-16T08:57:16.185+0000][gc,heap     ] GC(192) Old regions: 159->160
[2026-01-16T08:57:16.186+0000][gc,heap     ] GC(192) Humongous regions: 149->149
[2026-01-16T08:57:16.186+0000][gc,metaspace] GC(192) Metaspace: 13033K(13312K)->13033K(13312K) NonClass: 11391K(11520K)->11391K(11520K) Class: 1641K(1792K)->1641K(1792K)
[2026-01-16T08:57:16.189+0000][gc          ] GC(192) Pause Young (Normal) (G1 Evacuation Pause) 358M->313M(1024M) 909.901ms
[2026-01-16T08:57:16.192+0000][gc,cpu      ] GC(192) User=0.57s Sys=0.06s Real=0.91s
[2026-01-16T08:57:20.736+0000][gc,start    ] GC(193) Pause Young (Normal) (G1 Evacuation Pause)
[2026-01-16T08:57:20.743+0000][gc,task     ] GC(193) Using 8 workers of 8 for evacuation
[2026-01-16T08:57:21.217+0000][gc,mmu      ] GC(193) MMU target violated: 201.0ms (200.0ms/201.0ms)
[2026-01-16T08:57:21.217+0000][gc,phases   ] GC(193)   Pre Evacuate Collection Set: 44.1ms
[2026-01-16T08:57:21.218+0000][gc,phases   ] GC(193)   Merge Heap Roots: 7.4ms
[2026-01-16T08:57:21.219+0000][gc,phases   ] GC(193)   Evacuate Collection Set: 352.3ms
[2026-01-16T08:57:21.223+0000][gc,phases   ] GC(193)   Post Evacuate Collection Set: 54.6ms
[2026-01-16T08:57:21.223+0000][gc,phases   ] GC(193)   Other: 18.3ms
[2026-01-16T08:57:21.223+0000][gc,heap     ] GC(193) Eden regions: 46->0(46)
[2026-01-16T08:57:21.223+0000][gc,heap     ] GC(193) Survivor regions: 5->5(7)
[2026-01-16T08:57:21.223+0000][gc,heap     ] GC(193) Old regions: 160->161
[2026-01-16T08:57:21.224+0000][gc,heap     ] GC(193) Humongous regions: 149->149
[2026-01-16T08:57:21.224+0000][gc,metaspace] GC(193) Metaspace: 13060K(13376K)->13060K(13376K) NonClass: 11418K(11584K)->11418K(11584K) Class: 1641K(1792K)->1641K(1792K)
[2026-01-16T08:57:21.224+0000][gc          ] GC(193) Pause Young (Normal) (G1 Evacuation Pause) 359M->313M(1024M) 487.965ms
[2026-01-16T08:57:21.224+0000][gc,cpu      ] GC(193) User=0.26s Sys=0.04s Real=0.48s
[2026-01-16T08:57:23.041+0000][gc,start    ] GC(194) Pause Young (Normal) (G1 Evacuation Pause)
[2026-01-16T08:57:23.042+0000][gc,task     ] GC(194) Using 8 workers of 8 for evacuation
[2026-01-16T08:57:23.737+0000][gc,mmu      ] GC(194) MMU target violated: 201.0ms (200.0ms/201.0ms)
[2026-01-16T08:57:23.739+0000][gc,phases   ] GC(194)   Pre Evacuate Collection Set: 88.8ms
[2026-01-16T08:57:23.744+0000][gc,phases   ] GC(194)   Merge Heap Roots: 2.9ms
[2026-01-16T08:57:23.748+0000][gc,phases   ] GC(194)   Evacuate Collection Set: 562.1ms
[2026-01-16T08:57:23.748+0000][gc,phases   ] GC(194)   Post Evacuate Collection Set: 39.2ms
[2026-01-16T08:57:23.748+0000][gc,phases   ] GC(194)   Other: 4.2ms
[2026-01-16T08:57:23.748+0000][gc,heap     ] GC(194) Eden regions: 46->0(46)
[2026-01-16T08:57:23.748+0000][gc,heap     ] GC(194) Survivor regions: 5->5(7)
[2026-01-16T08:57:23.748+0000][gc,heap     ] GC(194) Old regions: 161->162
[2026-01-16T08:57:23.749+0000][gc,heap     ] GC(194) Humongous regions: 149->149
[2026-01-16T08:57:23.749+0000][gc,metaspace] GC(194) Metaspace: 13062K(13376K)->13062K(13376K) NonClass: 11421K(11584K)->11421K(11584K) Class: 1641K(1792K)->1641K(1792K)
[2026-01-16T08:57:23.749+0000][gc          ] GC(194) Pause Young (Normal) (G1 Evacuation Pause) 359M->314M(1024M) 707.907ms
[2026-01-16T08:57:23.750+0000][gc,cpu      ] GC(194) User=0.19s Sys=0.04s Real=0.71s
[2026-01-16T08:57:26.094+0000][gc,start    ] GC(195) Pause Young (Normal) (G1 Evacuation Pause)
[2026-01-16T08:57:26.097+0000][gc,task     ] GC(195) Using 8 workers of 8 for evacuation
[2026-01-16T08:57:26.677+0000][gc,mmu      ] GC(195) MMU target violated: 201.0ms (200.0ms/201.0ms)
[2026-01-16T08:57:26.677+0000][gc,phases   ] GC(195)   Pre Evacuate Collection Set: 39.0ms
[2026-01-16T08:57:26.678+0000][gc,phases   ] GC(195)   Merge Heap Roots: 21.5ms
[2026-01-16T08:57:26.678+0000][gc,phases   ] GC(195)   Evacuate Collection Set: 455.5ms
[2026-01-16T08:57:26.678+0000][gc,phases   ] GC(195)   Post Evacuate Collection Set: 55.8ms
[2026-01-16T08:57:26.678+0000][gc,phases   ] GC(195)   Other: 8.0ms
[2026-01-16T08:57:26.678+0000][gc,heap     ] GC(195) Eden regions: 46->0(47)
[2026-01-16T08:57:26.679+0000][gc,heap     ] GC(195) Survivor regions: 5->4(7)
[2026-01-16T08:57:26.679+0000][gc,heap     ] GC(195) Old regions: 162->163
[2026-01-16T08:57:26.679+0000][gc,heap     ] GC(195) Humongous regions: 149->149
[2026-01-16T08:57:26.680+0000][gc,metaspace] GC(195) Metaspace: 13063K(13376K)->13063K(13376K) NonClass: 11421K(11584K)->11421K(11584K) Class: 1641K(1792K)->1641K(1792K)
[2026-01-16T08:57:26.690+0000][gc          ] GC(195) Pause Young (Normal) (G1 Evacuation Pause) 360M->315M(1024M) 596.567ms
[2026-01-16T08:57:26.691+0000][gc,cpu      ] GC(195) User=0.23s Sys=0.04s Real=0.60s
[2026-01-16T08:57:32.841+0000][gc,start    ] GC(196) Pause Young (Normal) (G1 Evacuation Pause)
[2026-01-16T08:57:32.842+0000][gc,task     ] GC(196) Using 8 workers of 8 for evacuation
[2026-01-16T08:57:33.697+0000][gc,mmu      ] GC(196) MMU target violated: 201.0ms (200.0ms/201.0ms)
[2026-01-16T08:57:33.699+0000][gc,phases   ] GC(196)   Pre Evacuate Collection Set: 104.5ms
[2026-01-16T08:57:33.701+0000][gc,phases   ] GC(196)   Merge Heap Roots: 2.1ms
[2026-01-16T08:57:33.708+0000][gc,phases   ] GC(196)   Evacuate Collection Set: 703.7ms
[2026-01-16T08:57:33.709+0000][gc,phases   ] GC(196)   Post Evacuate Collection Set: 43.7ms
[2026-01-16T08:57:33.709+0000][gc,phases   ] GC(196)   Other: 2.6ms
[2026-01-16T08:57:33.710+0000][gc,heap     ] GC(196) Eden regions: 47->0(46)
[2026-01-16T08:57:33.716+0000][gc,heap     ] GC(196) Survivor regions: 4->5(7)
[2026-01-16T08:57:33.717+0000][gc,heap     ] GC(196) Old regions: 163->164
[2026-01-16T08:57:33.719+0000][gc,heap     ] GC(196) Humongous regions: 149->149
[2026-01-16T08:57:33.721+0000][gc,metaspace] GC(196) Metaspace: 13099K(13440K)->13099K(13440K) NonClass: 11458K(11648K)->11458K(11648K) Class: 1641K(1792K)->1641K(1792K)
[2026-01-16T08:57:33.728+0000][gc          ] GC(196) Pause Young (Normal) (G1 Evacuation Pause) 362M->316M(1024M) 887.437ms
[2026-01-16T08:57:33.737+0000][gc,cpu      ] GC(196) User=0.55s Sys=0.13s Real=0.89s
[2026-01-16T08:57:38.180+0000][gc,start    ] GC(197) Pause Young (Normal) (G1 Evacuation Pause)
[2026-01-16T08:57:38.183+0000][gc,task     ] GC(197) Using 8 workers of 8 for evacuation
[2026-01-16T08:57:38.539+0000][gc,mmu      ] GC(197) MMU target violated: 201.0ms (200.0ms/201.0ms)
[2026-01-16T08:57:38.548+0000][gc,phases   ] GC(197)   Pre Evacuate Collection Set: 20.2ms
[2026-01-16T08:57:38.548+0000][gc,phases   ] GC(197)   Merge Heap Roots: 4.2ms
[2026-01-16T08:57:38.553+0000][gc,phases   ] GC(197)   Evacuate Collection Set: 319.4ms
[2026-01-16T08:57:38.553+0000][gc,phases   ] GC(197)   Post Evacuate Collection Set: 8.4ms
[2026-01-16T08:57:38.555+0000][gc,phases   ] GC(197)   Other: 12.9ms
[2026-01-16T08:57:38.555+0000][gc,heap     ] GC(197) Eden regions: 46->0(47)
[2026-01-16T08:57:38.559+0000][gc,heap     ] GC(197) Survivor regions: 5->4(7)
[2026-01-16T08:57:38.560+0000][gc,heap     ] GC(197) Old regions: 164->164
[2026-01-16T08:57:38.560+0000][gc,heap     ] GC(197) Humongous regions: 149->149
[2026-01-16T08:57:38.560+0000][gc,metaspace] GC(197) Metaspace: 13106K(13440K)->13106K(13440K) NonClass: 11464K(11648K)->11464K(11648K) Class: 1642K(1792K)->1642K(1792K)
[2026-01-16T08:57:38.561+0000][gc          ] GC(197) Pause Young (Normal) (G1 Evacuation Pause) 362M->316M(1024M) 381.463ms
[2026-01-16T08:57:38.562+0000][gc,cpu      ] GC(197) User=0.23s Sys=0.02s Real=0.38s
[2026-01-16T08:57:40.708+0000][gc,start    ] GC(198) Pause Young (Normal) (G1 Evacuation Pause)
[2026-01-16T08:57:40.714+0000][gc,task     ] GC(198) Using 8 workers of 8 for evacuation
[2026-01-16T08:57:41.471+0000][gc,mmu      ] GC(198) MMU target violated: 201.0ms (200.0ms/201.0ms)
[2026-01-16T08:57:41.475+0000][gc,phases   ] GC(198)   Pre Evacuate Collection Set: 49.3ms
[2026-01-16T08:57:41.476+0000][gc,phases   ] GC(198)   Merge Heap Roots: 18.3ms
[2026-01-16T08:57:41.491+0000][gc,phases   ] GC(198)   Evacuate Collection Set: 672.6ms
[2026-01-16T08:57:41.492+0000][gc,phases   ] GC(198)   Post Evacuate Collection Set: 11.8ms
[2026-01-16T08:57:41.493+0000][gc,phases   ] GC(198)   Other: 9.4ms
[2026-01-16T08:57:41.494+0000][gc,heap     ] GC(198) Eden regions: 47->0(47)
[2026-01-16T08:57:41.494+0000][gc,heap     ] GC(198) Survivor regions: 4->4(7)
[2026-01-16T08:57:41.495+0000][gc,heap     ] GC(198) Old regions: 164->165
[2026-01-16T08:57:41.496+0000][gc,heap     ] GC(198) Humongous regions: 149->149
[2026-01-16T08:57:41.496+0000][gc,metaspace] GC(198) Metaspace: 13110K(13440K)->13110K(13440K) NonClass: 11468K(11648K)->11468K(11648K) Class: 1642K(1792K)->1642K(1792K)
[2026-01-16T08:57:41.497+0000][gc          ] GC(198) Pause Young (Normal) (G1 Evacuation Pause) 363M->317M(1024M) 789.253ms
[2026-01-16T08:57:41.499+0000][gc,cpu      ] GC(198) User=0.27s Sys=0.04s Real=0.79s
[2026-01-16T08:57:44.096+0000][gc,start    ] GC(199) Pause Young (Normal) (G1 Evacuation Pause)
[2026-01-16T08:57:44.106+0000][gc,task     ] GC(199) Using 8 workers of 8 for evacuation
[2026-01-16T08:57:44.921+0000][gc,mmu      ] GC(199) MMU target violated: 201.0ms (200.0ms/201.0ms)
[2026-01-16T08:57:44.923+0000][gc,phases   ] GC(199)   Pre Evacuate Collection Set: 75.0ms
[2026-01-16T08:57:44.924+0000][gc,phases   ] GC(199)   Merge Heap Roots: 4.2ms
[2026-01-16T08:57:44.925+0000][gc,phases   ] GC(199)   Evacuate Collection Set: 673.8ms
[2026-01-16T08:57:44.926+0000][gc,phases   ] GC(199)   Post Evacuate Collection Set: 59.7ms
[2026-01-16T08:57:44.930+0000][gc,phases   ] GC(199)   Other: 4.3ms
[2026-01-16T08:57:44.931+0000][gc,heap     ] GC(199) Eden regions: 47->0(46)
[2026-01-16T08:57:44.934+0000][gc,heap     ] GC(199) Survivor regions: 4->5(7)
[2026-01-16T08:57:44.935+0000][gc,heap     ] GC(199) Old regions: 165->166
[2026-01-16T08:57:44.935+0000][gc,heap     ] GC(199) Humongous regions: 149->149
[2026-01-16T08:57:44.936+0000][gc,metaspace] GC(199) Metaspace: 13122K(13504K)->13122K(13504K) NonClass: 11480K(11712K)->11480K(11712K) Class: 1642K(1792K)->1642K(1792K)
[2026-01-16T08:57:44.936+0000][gc          ] GC(199) Pause Young (Normal) (G1 Evacuation Pause) 364M->318M(1024M) 840.241ms
[2026-01-16T08:57:44.937+0000][gc,cpu      ] GC(199) User=0.24s Sys=0.03s Real=0.85s
[2026-01-16T08:57:46.055+0000][gc,start    ] GC(200) Pause Young (Normal) (G1 Evacuation Pause)
[2026-01-16T08:57:46.059+0000][gc,task     ] GC(200) Using 8 workers of 8 for evacuation
[2026-01-16T08:57:46.777+0000][gc,mmu      ] GC(200) MMU target violated: 201.0ms (200.0ms/201.0ms)
[2026-01-16T08:57:46.783+0000][gc,phases   ] GC(200)   Pre Evacuate Collection Set: 32.9ms
[2026-01-16T08:57:46.786+0000][gc,phases   ] GC(200)   Merge Heap Roots: 8.0ms
[2026-01-16T08:57:46.788+0000][gc,phases   ] GC(200)   Evacuate Collection Set: 663.8ms
[2026-01-16T08:57:46.794+0000][gc,phases   ] GC(200)   Post Evacuate Collection Set: 9.3ms
[2026-01-16T08:57:46.905+0000][gc,phases   ] GC(200)   Other: 10.5ms
[2026-01-16T08:57:46.906+0000][gc,heap     ] GC(200) Eden regions: 46->0(46)
[2026-01-16T08:57:46.910+0000][gc,heap     ] GC(200) Survivor regions: 5->5(7)
[2026-01-16T08:57:46.920+0000][gc,heap     ] GC(200) Old regions: 166->167
[2026-01-16T08:57:46.925+0000][gc,heap     ] GC(200) Humongous regions: 149->149
[2026-01-16T08:57:46.940+0000][gc,metaspace] GC(200) Metaspace: 13127K(13504K)->13127K(13504K) NonClass: 11484K(11712K)->11484K(11712K) Class: 1642K(1792K)->1642K(1792K)
[2026-01-16T08:57:46.943+0000][gc          ] GC(200) Pause Young (Normal) (G1 Evacuation Pause) 364M->319M(1024M) 888.252ms
[2026-01-16T08:57:46.946+0000][gc,cpu      ] GC(200) User=0.17s Sys=0.04s Real=0.89s
[2026-01-16T08:57:47.665+0000][gc,start    ] GC(201) Pause Young (Normal) (G1 Evacuation Pause)
[2026-01-16T08:57:47.665+0000][gc,task     ] GC(201) Using 8 workers of 8 for evacuation
[2026-01-16T08:57:47.896+0000][gc,mmu      ] GC(201) MMU target violated: 201.0ms (200.0ms/201.0ms)
[2026-01-16T08:57:47.897+0000][gc,phases   ] GC(201)   Pre Evacuate Collection Set: 23.0ms
[2026-01-16T08:57:47.900+0000][gc,phases   ] GC(201)   Merge Heap Roots: 2.0ms
[2026-01-16T08:57:47.901+0000][gc,phases   ] GC(201)   Evacuate Collection Set: 197.9ms
[2026-01-16T08:57:47.901+0000][gc,phases   ] GC(201)   Post Evacuate Collection Set: 7.6ms
[2026-01-16T08:57:47.902+0000][gc,phases   ] GC(201)   Other: 1.5ms
[2026-01-16T08:57:47.904+0000][gc,heap     ] GC(201) Eden regions: 46->0(46)
[2026-01-16T08:57:47.904+0000][gc,heap     ] GC(201) Survivor regions: 5->5(7)
[2026-01-16T08:57:47.904+0000][gc,heap     ] GC(201) Old regions: 167->168
[2026-01-16T08:57:47.904+0000][gc,heap     ] GC(201) Humongous regions: 149->149
[2026-01-16T08:57:47.904+0000][gc,metaspace] GC(201) Metaspace: 13127K(13504K)->13127K(13504K) NonClass: 11484K(11712K)->11484K(11712K) Class: 1642K(1792K)->1642K(1792K)
[2026-01-16T08:57:47.906+0000][gc          ] GC(201) Pause Young (Normal) (G1 Evacuation Pause) 365M->320M(1024M) 241.504ms
[2026-01-16T08:57:47.908+0000][gc,cpu      ] GC(201) User=0.11s Sys=0.01s Real=0.25s
[2026-01-16T08:57:48.857+0000][gc,start    ] GC(202) Pause Young (Normal) (G1 Evacuation Pause)
[2026-01-16T08:57:48.858+0000][gc,task     ] GC(202) Using 8 workers of 8 for evacuation
[2026-01-16T08:57:49.146+0000][gc,mmu      ] GC(202) MMU target violated: 201.0ms (200.0ms/201.0ms)
[2026-01-16T08:57:49.148+0000][gc,phases   ] GC(202)   Pre Evacuate Collection Set: 21.2ms
[2026-01-16T08:57:49.148+0000][gc,phases   ] GC(202)   Merge Heap Roots: 3.9ms
[2026-01-16T08:57:49.148+0000][gc,phases   ] GC(202)   Evacuate Collection Set: 253.0ms
[2026-01-16T08:57:49.156+0000][gc,phases   ] GC(202)   Post Evacuate Collection Set: 9.2ms
[2026-01-16T08:57:49.156+0000][gc,phases   ] GC(202)   Other: 2.3ms
[2026-01-16T08:57:49.156+0000][gc,heap     ] GC(202) Eden regions: 46->0(47)
[2026-01-16T08:57:49.157+0000][gc,heap     ] GC(202) Survivor regions: 5->4(7)
[2026-01-16T08:57:49.157+0000][gc,heap     ] GC(202) Old regions: 168->168
[2026-01-16T08:57:49.157+0000][gc,heap     ] GC(202) Humongous regions: 149->149
[2026-01-16T08:57:49.157+0000][gc,metaspace] GC(202) Metaspace: 13133K(13504K)->13133K(13504K) NonClass: 11490K(11712K)->11490K(11712K) Class: 1642K(1792K)->1642K(1792K)
[2026-01-16T08:57:49.157+0000][gc          ] GC(202) Pause Young (Normal) (G1 Evacuation Pause) 366M->320M(1024M) 307.666ms
[2026-01-16T08:57:49.157+0000][gc,cpu      ] GC(202) User=0.15s Sys=0.03s Real=0.30s
[2026-01-16T08:57:51.588+0000][gc,start    ] GC(203) Pause Young (Normal) (G1 Evacuation Pause)
[2026-01-16T08:57:51.593+0000][gc,task     ] GC(203) Using 8 workers of 8 for evacuation
[2026-01-16T08:57:51.939+0000][gc,mmu      ] GC(203) MMU target violated: 201.0ms (200.0ms/201.0ms)
[2026-01-16T08:57:51.957+0000][gc,phases   ] GC(203)   Pre Evacuate Collection Set: 22.2ms
[2026-01-16T08:57:51.958+0000][gc,phases   ] GC(203)   Merge Heap Roots: 0.5ms
[2026-01-16T08:57:51.958+0000][gc,phases   ] GC(203)   Evacuate Collection Set: 305.0ms
[2026-01-16T08:57:51.959+0000][gc,phases   ] GC(203)   Post Evacuate Collection Set: 16.9ms
[2026-01-16T08:57:51.959+0000][gc,phases   ] GC(203)   Other: 19.7ms
[2026-01-16T08:57:51.960+0000][gc,heap     ] GC(203) Eden regions: 47->0(46)
[2026-01-16T08:57:51.960+0000][gc,heap     ] GC(203) Survivor regions: 4->5(7)
[2026-01-16T08:57:51.961+0000][gc,heap     ] GC(203) Old regions: 168->168
[2026-01-16T08:57:51.961+0000][gc,heap     ] GC(203) Humongous regions: 149->149
[2026-01-16T08:57:51.964+0000][gc,metaspace] GC(203) Metaspace: 13147K(13504K)->13147K(13504K) NonClass: 11503K(11712K)->11503K(11712K) Class: 1643K(1792K)->1643K(1792K)
[2026-01-16T08:57:51.964+0000][gc          ] GC(203) Pause Young (Normal) (G1 Evacuation Pause) 367M->321M(1024M) 376.273ms
[2026-01-16T08:57:51.966+0000][gc,cpu      ] GC(203) User=0.26s Sys=0.00s Real=0.37s
[2026-01-16T08:57:54.682+0000][gc,start    ] GC(204) Pause Young (Normal) (G1 Evacuation Pause)
[2026-01-16T08:57:54.690+0000][gc,task     ] GC(204) Using 8 workers of 8 for evacuation
[2026-01-16T08:57:55.102+0000][gc,mmu      ] GC(204) MMU target violated: 201.0ms (200.0ms/201.0ms)
[2026-01-16T08:57:55.103+0000][gc,phases   ] GC(204)   Pre Evacuate Collection Set: 28.9ms
[2026-01-16T08:57:55.106+0000][gc,phases   ] GC(204)   Merge Heap Roots: 10.9ms
[2026-01-16T08:57:55.107+0000][gc,phases   ] GC(204)   Evacuate Collection Set: 358.5ms
[2026-01-16T08:57:55.108+0000][gc,phases   ] GC(204)   Post Evacuate Collection Set: 13.2ms
[2026-01-16T08:57:55.110+0000][gc,phases   ] GC(204)   Other: 1.6ms
[2026-01-16T08:57:55.114+0000][gc,heap     ] GC(204) Eden regions: 46->0(47)
[2026-01-16T08:57:55.120+0000][gc,heap     ] GC(204) Survivor regions: 5->4(7)
[2026-01-16T08:57:55.121+0000][gc,heap     ] GC(204) Old regions: 168->170
[2026-01-16T08:57:55.122+0000][gc,heap     ] GC(204) Humongous regions: 149->149
[2026-01-16T08:57:55.122+0000][gc,metaspace] GC(204) Metaspace: 13151K(13504K)->13151K(13504K) NonClass: 11508K(11712K)->11508K(11712K) Class: 1643K(1792K)->1643K(1792K)
[2026-01-16T08:57:55.122+0000][gc          ] GC(204) Pause Young (Normal) (G1 Evacuation Pause) 367M->322M(1024M) 440.589ms
[2026-01-16T08:57:55.122+0000][gc,cpu      ] GC(204) User=0.26s Sys=0.07s Real=0.44s
[2026-01-16T08:57:56.691+0000][gc,start    ] GC(205) Pause Young (Normal) (G1 Evacuation Pause)
[2026-01-16T08:57:56.693+0000][gc,task     ] GC(205) Using 8 workers of 8 for evacuation
[2026-01-16T08:57:57.388+0000][gc,mmu      ] GC(205) MMU target violated: 201.0ms (200.0ms/201.0ms)
[2026-01-16T08:57:57.396+0000][gc,phases   ] GC(205)   Pre Evacuate Collection Set: 22.0ms
[2026-01-16T08:57:57.397+0000][gc,phases   ] GC(205)   Merge Heap Roots: 0.3ms
[2026-01-16T08:57:57.398+0000][gc,phases   ] GC(205)   Evacuate Collection Set: 659.9ms
[2026-01-16T08:57:57.405+0000][gc,phases   ] GC(205)   Post Evacuate Collection Set: 10.2ms
[2026-01-16T08:57:57.408+0000][gc,phases   ] GC(205)   Other: 10.9ms
[2026-01-16T08:57:57.408+0000][gc,heap     ] GC(205) Eden regions: 47->0(46)
[2026-01-16T08:57:57.409+0000][gc,heap     ] GC(205) Survivor regions: 4->5(7)
[2026-01-16T08:57:57.409+0000][gc,heap     ] GC(205) Old regions: 170->170
[2026-01-16T08:57:57.410+0000][gc,heap     ] GC(205) Humongous regions: 149->149
[2026-01-16T08:57:57.410+0000][gc,metaspace] GC(205) Metaspace: 13158K(13504K)->13158K(13504K) NonClass: 11514K(11712K)->11514K(11712K) Class: 1643K(1792K)->1643K(1792K)
[2026-01-16T08:57:57.414+0000][gc          ] GC(205) Pause Young (Normal) (G1 Evacuation Pause) 369M->323M(1024M) 722.238ms
[2026-01-16T08:57:57.414+0000][gc,cpu      ] GC(205) User=0.23s Sys=0.06s Real=0.72s
[2026-01-16T08:57:58.499+0000][gc,start    ] GC(206) Pause Young (Normal) (G1 Evacuation Pause)
[2026-01-16T08:57:58.503+0000][gc,task     ] GC(206) Using 8 workers of 8 for evacuation
[2026-01-16T08:57:58.677+0000][gc,phases   ] GC(206)   Pre Evacuate Collection Set: 10.4ms
[2026-01-16T08:57:58.678+0000][gc,phases   ] GC(206)   Merge Heap Roots: 2.9ms
[2026-01-16T08:57:58.678+0000][gc,phases   ] GC(206)   Evacuate Collection Set: 152.3ms
[2026-01-16T08:57:58.678+0000][gc,phases   ] GC(206)   Post Evacuate Collection Set: 5.9ms
[2026-01-16T08:57:58.680+0000][gc,phases   ] GC(206)   Other: 2.6ms
[2026-01-16T08:57:58.680+0000][gc,heap     ] GC(206) Eden regions: 46->0(47)
[2026-01-16T08:57:58.680+0000][gc,heap     ] GC(206) Survivor regions: 5->4(7)
[2026-01-16T08:57:58.680+0000][gc,heap     ] GC(206) Old regions: 170->171
[2026-01-16T08:57:58.680+0000][gc,heap     ] GC(206) Humongous regions: 149->149
[2026-01-16T08:57:58.680+0000][gc,metaspace] GC(206) Metaspace: 13162K(13504K)->13162K(13504K) NonClass: 11518K(11712K)->11518K(11712K) Class: 1643K(1792K)->1643K(1792K)
[2026-01-16T08:57:58.680+0000][gc          ] GC(206) Pause Young (Normal) (G1 Evacuation Pause) 369M->323M(1024M) 181.257ms
[2026-01-16T08:57:58.680+0000][gc,cpu      ] GC(206) User=0.14s Sys=0.03s Real=0.18s
[2026-01-16T08:57:59.331+0000][gc,start    ] GC(207) Pause Young (Normal) (G1 Evacuation Pause)
[2026-01-16T08:57:59.336+0000][gc,task     ] GC(207) Using 8 workers of 8 for evacuation
[2026-01-16T08:57:59.547+0000][gc,mmu      ] GC(207) MMU target violated: 201.0ms (200.0ms/201.0ms)
[2026-01-16T08:57:59.547+0000][gc,phases   ] GC(207)   Pre Evacuate Collection Set: 5.8ms
[2026-01-16T08:57:59.548+0000][gc,phases   ] GC(207)   Merge Heap Roots: 5.7ms
[2026-01-16T08:57:59.548+0000][gc,phases   ] GC(207)   Evacuate Collection Set: 195.9ms
[2026-01-16T08:57:59.549+0000][gc,phases   ] GC(207)   Post Evacuate Collection Set: 2.9ms
[2026-01-16T08:57:59.549+0000][gc,phases   ] GC(207)   Other: 1.2ms
[2026-01-16T08:57:59.549+0000][gc,heap     ] GC(207) Eden regions: 47->0(47)
[2026-01-16T08:57:59.549+0000][gc,heap     ] GC(207) Survivor regions: 4->4(7)
[2026-01-16T08:57:59.549+0000][gc,heap     ] GC(207) Old regions: 171->172
[2026-01-16T08:57:59.550+0000][gc,heap     ] GC(207) Humongous regions: 149->149
[2026-01-16T08:57:59.550+0000][gc,metaspace] GC(207) Metaspace: 13166K(13504K)->13166K(13504K) NonClass: 11523K(11712K)->11523K(11712K) Class: 1643K(1792K)->1643K(1792K)
[2026-01-16T08:57:59.554+0000][gc          ] GC(207) Pause Young (Normal) (G1 Evacuation Pause) 370M->324M(1024M) 223.332ms
[2026-01-16T08:57:59.555+0000][gc,cpu      ] GC(207) User=0.07s Sys=0.03s Real=0.22s
[2026-01-16T08:58:01.653+0000][gc,start    ] GC(208) Pause Young (Normal) (G1 Evacuation Pause)
[2026-01-16T08:58:01.717+0000][gc,task     ] GC(208) Using 8 workers of 8 for evacuation
[2026-01-16T08:58:02.539+0000][gc,mmu      ] GC(208) MMU target violated: 201.0ms (200.0ms/201.0ms)
[2026-01-16T08:58:02.544+0000][gc,phases   ] GC(208)   Pre Evacuate Collection Set: 36.5ms
[2026-01-16T08:58:02.548+0000][gc,phases   ] GC(208)   Merge Heap Roots: 21.5ms
[2026-01-16T08:58:02.554+0000][gc,phases   ] GC(208)   Evacuate Collection Set: 733.1ms
[2026-01-16T08:58:02.558+0000][gc,phases   ] GC(208)   Post Evacuate Collection Set: 23.8ms
[2026-01-16T08:58:02.558+0000][gc,phases   ] GC(208)   Other: 46.8ms
[2026-01-16T08:58:02.559+0000][gc,heap     ] GC(208) Eden regions: 47->0(47)
[2026-01-16T08:58:02.559+0000][gc,heap     ] GC(208) Survivor regions: 4->4(7)
[2026-01-16T08:58:02.559+0000][gc,heap     ] GC(208) Old regions: 172->173
[2026-01-16T08:58:02.573+0000][gc,heap     ] GC(208) Humongous regions: 149->149
[2026-01-16T08:58:02.575+0000][gc,metaspace] GC(208) Metaspace: 13168K(13504K)->13168K(13504K) NonClass: 11525K(11712K)->11525K(11712K) Class: 1643K(1792K)->1643K(1792K)
[2026-01-16T08:58:02.577+0000][gc          ] GC(208) Pause Young (Normal) (G1 Evacuation Pause) 371M->325M(1024M) 923.375ms
[2026-01-16T08:58:02.578+0000][gc,cpu      ] GC(208) User=0.23s Sys=0.09s Real=0.93s
[2026-01-16T08:58:05.100+0000][gc,start    ] GC(209) Pause Young (Normal) (G1 Evacuation Pause)
[2026-01-16T08:58:05.113+0000][gc,task     ] GC(209) Using 8 workers of 8 for evacuation
[2026-01-16T08:58:05.423+0000][gc,mmu      ] GC(209) MMU target violated: 201.0ms (200.0ms/201.0ms)
[2026-01-16T08:58:05.424+0000][gc,phases   ] GC(209)   Pre Evacuate Collection Set: 44.4ms
[2026-01-16T08:58:05.424+0000][gc,phases   ] GC(209)   Merge Heap Roots: 1.1ms
[2026-01-16T08:58:05.424+0000][gc,phases   ] GC(209)   Evacuate Collection Set: 245.9ms
[2026-01-16T08:58:05.425+0000][gc,phases   ] GC(209)   Post Evacuate Collection Set: 12.0ms
[2026-01-16T08:58:05.425+0000][gc,phases   ] GC(209)   Other: 7.2ms
[2026-01-16T08:58:05.425+0000][gc,heap     ] GC(209) Eden regions: 47->0(46)
[2026-01-16T08:58:05.425+0000][gc,heap     ] GC(209) Survivor regions: 4->5(7)
[2026-01-16T08:58:05.425+0000][gc,heap     ] GC(209) Old regions: 173->173
[2026-01-16T08:58:05.425+0000][gc,heap     ] GC(209) Humongous regions: 149->149
[2026-01-16T08:58:05.425+0000][gc,metaspace] GC(209) Metaspace: 13183K(13504K)->13183K(13504K) NonClass: 11538K(11712K)->11538K(11712K) Class: 1644K(1792K)->1644K(1792K)
[2026-01-16T08:58:05.426+0000][gc          ] GC(209) Pause Young (Normal) (G1 Evacuation Pause) 372M->325M(1024M) 325.414ms
[2026-01-16T08:58:05.426+0000][gc,cpu      ] GC(209) User=0.16s Sys=0.01s Real=0.32s
[2026-01-16T08:58:06.505+0000][gc,start    ] GC(210) Pause Young (Normal) (G1 Evacuation Pause)
[2026-01-16T08:58:06.510+0000][gc,task     ] GC(210) Using 8 workers of 8 for evacuation
[2026-01-16T08:58:06.917+0000][gc,mmu      ] GC(210) MMU target violated: 201.0ms (200.0ms/201.0ms)
[2026-01-16T08:58:06.920+0000][gc,phases   ] GC(210)   Pre Evacuate Collection Set: 29.7ms
[2026-01-16T08:58:06.921+0000][gc,phases   ] GC(210)   Merge Heap Roots: 1.4ms
[2026-01-16T08:58:06.921+0000][gc,phases   ] GC(210)   Evacuate Collection Set: 342.0ms
[2026-01-16T08:58:06.922+0000][gc,phases   ] GC(210)   Post Evacuate Collection Set: 32.2ms
[2026-01-16T08:58:06.923+0000][gc,phases   ] GC(210)   Other: 4.1ms
[2026-01-16T08:58:06.924+0000][gc,heap     ] GC(210) Eden regions: 46->0(46)
[2026-01-16T08:58:06.925+0000][gc,heap     ] GC(210) Survivor regions: 5->5(7)
[2026-01-16T08:58:06.925+0000][gc,heap     ] GC(210) Old regions: 173->174
[2026-01-16T08:58:06.928+0000][gc,heap     ] GC(210) Humongous regions: 149->149
[2026-01-16T08:58:06.928+0000][gc,metaspace] GC(210) Metaspace: 13192K(13504K)->13192K(13504K) NonClass: 11547K(11712K)->11547K(11712K) Class: 1644K(1792K)->1644K(1792K)
[2026-01-16T08:58:06.933+0000][gc          ] GC(210) Pause Young (Normal) (G1 Evacuation Pause) 371M->326M(1024M) 427.681ms
[2026-01-16T08:58:06.936+0000][gc,cpu      ] GC(210) User=0.13s Sys=0.02s Real=0.43s
[2026-01-16T08:58:07.873+0000][gc,start    ] GC(211) Pause Young (Normal) (G1 Evacuation Pause)
[2026-01-16T08:58:07.879+0000][gc,task     ] GC(211) Using 8 workers of 8 for evacuation
[2026-01-16T08:58:08.450+0000][gc,mmu      ] GC(211) MMU target violated: 201.0ms (200.0ms/201.0ms)
[2026-01-16T08:58:08.451+0000][gc,phases   ] GC(211)   Pre Evacuate Collection Set: 27.0ms
[2026-01-16T08:58:08.452+0000][gc,phases   ] GC(211)   Merge Heap Roots: 15.3ms
[2026-01-16T08:58:08.452+0000][gc,phases   ] GC(211)   Evacuate Collection Set: 500.9ms
[2026-01-16T08:58:08.452+0000][gc,phases   ] GC(211)   Post Evacuate Collection Set: 24.9ms
[2026-01-16T08:58:08.453+0000][gc,phases   ] GC(211)   Other: 5.8ms
[2026-01-16T08:58:08.453+0000][gc,heap     ] GC(211) Eden regions: 46->0(46)
[2026-01-16T08:58:08.454+0000][gc,heap     ] GC(211) Survivor regions: 5->5(7)
[2026-01-16T08:58:08.454+0000][gc,heap     ] GC(211) Old regions: 174->175
[2026-01-16T08:58:08.455+0000][gc,heap     ] GC(211) Humongous regions: 149->149
[2026-01-16T08:58:08.457+0000][gc,metaspace] GC(211) Metaspace: 13192K(13504K)->13192K(13504K) NonClass: 11548K(11712K)->11548K(11712K) Class: 1644K(1792K)->1644K(1792K)
[2026-01-16T08:58:08.459+0000][gc          ] GC(211) Pause Young (Normal) (G1 Evacuation Pause) 372M->327M(1024M) 586.205ms
[2026-01-16T08:58:08.461+0000][gc,cpu      ] GC(211) User=0.19s Sys=0.02s Real=0.59s
[2026-01-16T08:58:09.874+0000][gc,start    ] GC(212) Pause Young (Normal) (G1 Evacuation Pause)
[2026-01-16T08:58:09.876+0000][gc,task     ] GC(212) Using 8 workers of 8 for evacuation
[2026-01-16T08:58:10.215+0000][gc,mmu      ] GC(212) MMU target violated: 201.0ms (200.0ms/201.0ms)
[2026-01-16T08:58:10.216+0000][gc,phases   ] GC(212)   Pre Evacuate Collection Set: 21.3ms
[2026-01-16T08:58:10.216+0000][gc,phases   ] GC(212)   Merge Heap Roots: 1.1ms
[2026-01-16T08:58:10.217+0000][gc,phases   ] GC(212)   Evacuate Collection Set: 310.1ms
[2026-01-16T08:58:10.217+0000][gc,phases   ] GC(212)   Post Evacuate Collection Set: 4.6ms
[2026-01-16T08:58:10.218+0000][gc,phases   ] GC(212)   Other: 2.4ms
[2026-01-16T08:58:10.218+0000][gc,heap     ] GC(212) Eden regions: 46->0(46)
[2026-01-16T08:58:10.219+0000][gc,heap     ] GC(212) Survivor regions: 5->5(7)
[2026-01-16T08:58:10.220+0000][gc,heap     ] GC(212) Old regions: 175->175
[2026-01-16T08:58:10.220+0000][gc,heap     ] GC(212) Humongous regions: 149->149
[2026-01-16T08:58:10.222+0000][gc,metaspace] GC(212) Metaspace: 13202K(13504K)->13202K(13504K) NonClass: 11557K(11712K)->11557K(11712K) Class: 1644K(1792K)->1644K(1792K)
[2026-01-16T08:58:10.223+0000][gc          ] GC(212) Pause Young (Normal) (G1 Evacuation Pause) 373M->327M(1024M) 348.904ms
[2026-01-16T08:58:10.224+0000][gc,cpu      ] GC(212) User=0.16s Sys=0.03s Real=0.35s
[2026-01-16T08:58:11.751+0000][gc,start    ] GC(213) Pause Young (Normal) (GCLocker Initiated GC)
[2026-01-16T08:58:11.756+0000][gc,task     ] GC(213) Using 8 workers of 8 for evacuation
[2026-01-16T08:58:12.000+0000][gc,mmu      ] GC(213) MMU target violated: 201.0ms (200.0ms/201.0ms)
[2026-01-16T08:58:12.001+0000][gc,phases   ] GC(213)   Pre Evacuate Collection Set: 30.6ms
[2026-01-16T08:58:12.003+0000][gc,phases   ] GC(213)   Merge Heap Roots: 0.4ms
[2026-01-16T08:58:12.003+0000][gc,phases   ] GC(213)   Evacuate Collection Set: 194.1ms
[2026-01-16T08:58:12.004+0000][gc,phases   ] GC(213)   Post Evacuate Collection Set: 5.1ms
[2026-01-16T08:58:12.004+0000][gc,phases   ] GC(213)   Other: 15.0ms
[2026-01-16T08:58:12.005+0000][gc,heap     ] GC(213) Eden regions: 48->0(46)
[2026-01-16T08:58:12.006+0000][gc,heap     ] GC(213) Survivor regions: 5->5(7)
[2026-01-16T08:58:12.010+0000][gc,heap     ] GC(213) Old regions: 175->176
[2026-01-16T08:58:12.011+0000][gc,heap     ] GC(213) Humongous regions: 149->149
[2026-01-16T08:58:12.013+0000][gc,metaspace] GC(213) Metaspace: 13209K(13568K)->13209K(13568K) NonClass: 11564K(11776K)->11564K(11776K) Class: 1644K(1792K)->1644K(1792K)
[2026-01-16T08:58:12.018+0000][gc          ] GC(213) Pause Young (Normal) (GCLocker Initiated GC) 375M->328M(1024M) 266.614ms
[2026-01-16T08:58:12.018+0000][gc,cpu      ] GC(213) User=0.17s Sys=0.01s Real=0.27s
[2026-01-16T08:58:12.998+0000][gc,start    ] GC(214) Pause Young (Normal) (G1 Evacuation Pause)
[2026-01-16T08:58:13.010+0000][gc,task     ] GC(214) Using 8 workers of 8 for evacuation
[2026-01-16T08:58:13.265+0000][gc,mmu      ] GC(214) MMU target violated: 201.0ms (200.0ms/201.0ms)
[2026-01-16T08:58:13.265+0000][gc,phases   ] GC(214)   Pre Evacuate Collection Set: 59.2ms
[2026-01-16T08:58:13.266+0000][gc,phases   ] GC(214)   Merge Heap Roots: 6.4ms
[2026-01-16T08:58:13.267+0000][gc,phases   ] GC(214)   Evacuate Collection Set: 183.3ms
[2026-01-16T08:58:13.271+0000][gc,phases   ] GC(214)   Post Evacuate Collection Set: 3.2ms
[2026-01-16T08:58:13.273+0000][gc,phases   ] GC(214)   Other: 2.9ms
[2026-01-16T08:58:13.273+0000][gc,heap     ] GC(214) Eden regions: 46->0(46)
[2026-01-16T08:58:13.274+0000][gc,heap     ] GC(214) Survivor regions: 5->5(7)
[2026-01-16T08:58:13.276+0000][gc,heap     ] GC(214) Old regions: 176->177
[2026-01-16T08:58:13.277+0000][gc,heap     ] GC(214) Humongous regions: 149->149
[2026-01-16T08:58:13.278+0000][gc,metaspace] GC(214) Metaspace: 13226K(13568K)->13226K(13568K) NonClass: 11581K(11776K)->11581K(11776K) Class: 1644K(1792K)->1644K(1792K)
[2026-01-16T08:58:13.281+0000][gc          ] GC(214) Pause Young (Normal) (G1 Evacuation Pause) 374M->329M(1024M) 283.152ms
[2026-01-16T08:58:13.282+0000][gc,cpu      ] GC(214) User=0.07s Sys=0.02s Real=0.28s
[2026-01-16T08:58:14.751+0000][gc,start    ] GC(215) Pause Young (Normal) (G1 Evacuation Pause)
[2026-01-16T08:58:14.751+0000][gc,task     ] GC(215) Using 8 workers of 8 for evacuation
[2026-01-16T08:58:15.119+0000][gc,mmu      ] GC(215) MMU target violated: 201.0ms (200.0ms/201.0ms)
[2026-01-16T08:58:15.124+0000][gc,phases   ] GC(215)   Pre Evacuate Collection Set: 8.6ms
[2026-01-16T08:58:15.131+0000][gc,phases   ] GC(215)   Merge Heap Roots: 0.5ms
[2026-01-16T08:58:15.132+0000][gc,phases   ] GC(215)   Evacuate Collection Set: 335.5ms
[2026-01-16T08:58:15.133+0000][gc,phases   ] GC(215)   Post Evacuate Collection Set: 22.6ms
[2026-01-16T08:58:15.134+0000][gc,phases   ] GC(215)   Other: 5.5ms
[2026-01-16T08:58:15.134+0000][gc,heap     ] GC(215) Eden regions: 46->0(47)
[2026-01-16T08:58:15.134+0000][gc,heap     ] GC(215) Survivor regions: 5->4(7)
[2026-01-16T08:58:15.135+0000][gc,heap     ] GC(215) Old regions: 177->178
[2026-01-16T08:58:15.135+0000][gc,heap     ] GC(215) Humongous regions: 149->149
[2026-01-16T08:58:15.135+0000][gc,metaspace] GC(215) Metaspace: 13228K(13568K)->13228K(13568K) NonClass: 11584K(11776K)->11584K(11776K) Class: 1644K(1792K)->1644K(1792K)
[2026-01-16T08:58:15.135+0000][gc          ] GC(215) Pause Young (Normal) (G1 Evacuation Pause) 375M->330M(1024M) 384.915ms
[2026-01-16T08:58:15.140+0000][gc,cpu      ] GC(215) User=0.13s Sys=0.06s Real=0.39s
[2026-01-16T08:58:17.741+0000][gc,start    ] GC(216) Pause Young (Normal) (G1 Evacuation Pause)
[2026-01-16T08:58:17.756+0000][gc,task     ] GC(216) Using 8 workers of 8 for evacuation
[2026-01-16T08:58:18.028+0000][gc,mmu      ] GC(216) MMU target violated: 201.0ms (200.0ms/201.0ms)
[2026-01-16T08:58:18.031+0000][gc,phases   ] GC(216)   Pre Evacuate Collection Set: 19.6ms
[2026-01-16T08:58:18.032+0000][gc,phases   ] GC(216)   Merge Heap Roots: 6.5ms
[2026-01-16T08:58:18.032+0000][gc,phases   ] GC(216)   Evacuate Collection Set: 234.0ms
[2026-01-16T08:58:18.032+0000][gc,phases   ] GC(216)   Post Evacuate Collection Set: 4.0ms
[2026-01-16T08:58:18.033+0000][gc,phases   ] GC(216)   Other: 20.3ms
[2026-01-16T08:58:18.033+0000][gc,heap     ] GC(216) Eden regions: 47->0(46)
[2026-01-16T08:58:18.034+0000][gc,heap     ] GC(216) Survivor regions: 4->5(7)
[2026-01-16T08:58:18.034+0000][gc,heap     ] GC(216) Old regions: 178->178
[2026-01-16T08:58:18.037+0000][gc,heap     ] GC(216) Humongous regions: 149->149
[2026-01-16T08:58:18.037+0000][gc,metaspace] GC(216) Metaspace: 13242K(13568K)->13242K(13568K) NonClass: 11598K(11776K)->11598K(11776K) Class: 1644K(1792K)->1644K(1792K)
[2026-01-16T08:58:18.038+0000][gc          ] GC(216) Pause Young (Normal) (G1 Evacuation Pause) 377M->331M(1024M) 296.527ms
[2026-01-16T08:58:18.039+0000][gc,cpu      ] GC(216) User=0.22s Sys=0.03s Real=0.30s
[2026-01-16T08:58:19.682+0000][gc,start    ] GC(217) Pause Young (Normal) (G1 Evacuation Pause)
[2026-01-16T08:58:19.686+0000][gc,task     ] GC(217) Using 8 workers of 8 for evacuation
[2026-01-16T08:58:20.239+0000][gc,mmu      ] GC(217) MMU target violated: 201.0ms (200.0ms/201.0ms)
[2026-01-16T08:58:20.240+0000][gc,phases   ] GC(217)   Pre Evacuate Collection Set: 62.9ms
[2026-01-16T08:58:20.243+0000][gc,phases   ] GC(217)   Merge Heap Roots: 4.9ms
[2026-01-16T08:58:20.245+0000][gc,phases   ] GC(217)   Evacuate Collection Set: 478.9ms
[2026-01-16T08:58:20.247+0000][gc,phases   ] GC(217)   Post Evacuate Collection Set: 4.8ms
[2026-01-16T08:58:20.248+0000][gc,phases   ] GC(217)   Other: 2.4ms
[2026-01-16T08:58:20.249+0000][gc,heap     ] GC(217) Eden regions: 46->0(46)
[2026-01-16T08:58:20.249+0000][gc,heap     ] GC(217) Survivor regions: 5->5(7)
[2026-01-16T08:58:20.249+0000][gc,heap     ] GC(217) Old regions: 178->179
[2026-01-16T08:58:20.252+0000][gc,heap     ] GC(217) Humongous regions: 149->149
[2026-01-16T08:58:20.253+0000][gc,metaspace] GC(217) Metaspace: 13257K(13568K)->13257K(13568K) NonClass: 11612K(11776K)->11612K(11776K) Class: 1644K(1792K)->1644K(1792K)
[2026-01-16T08:58:20.258+0000][gc          ] GC(217) Pause Young (Normal) (G1 Evacuation Pause) 377M->331M(1024M) 575.691ms
[2026-01-16T08:58:20.261+0000][gc,cpu      ] GC(217) User=0.25s Sys=0.08s Real=0.58s
[2026-01-16T08:58:22.226+0000][gc,start    ] GC(218) Pause Young (Normal) (G1 Evacuation Pause)
[2026-01-16T08:58:22.227+0000][gc,task     ] GC(218) Using 8 workers of 8 for evacuation
[2026-01-16T08:58:22.684+0000][gc,mmu      ] GC(218) MMU target violated: 201.0ms (200.0ms/201.0ms)
[2026-01-16T08:58:22.685+0000][gc,phases   ] GC(218)   Pre Evacuate Collection Set: 65.8ms
[2026-01-16T08:58:22.692+0000][gc,phases   ] GC(218)   Merge Heap Roots: 5.0ms
[2026-01-16T08:58:22.692+0000][gc,phases   ] GC(218)   Evacuate Collection Set: 328.1ms
[2026-01-16T08:58:22.693+0000][gc,phases   ] GC(218)   Post Evacuate Collection Set: 26.2ms
[2026-01-16T08:58:22.693+0000][gc,phases   ] GC(218)   Other: 33.1ms
[2026-01-16T08:58:22.694+0000][gc,heap     ] GC(218) Eden regions: 46->0(46)
[2026-01-16T08:58:22.695+0000][gc,heap     ] GC(218) Survivor regions: 5->5(7)
[2026-01-16T08:58:22.695+0000][gc,heap     ] GC(218) Old regions: 179->180
[2026-01-16T08:58:22.696+0000][gc,heap     ] GC(218) Humongous regions: 149->149
[2026-01-16T08:58:22.697+0000][gc,metaspace] GC(218) Metaspace: 13271K(13568K)->13271K(13568K) NonClass: 11626K(11776K)->11626K(11776K) Class: 1645K(1792K)->1645K(1792K)
[2026-01-16T08:58:22.701+0000][gc          ] GC(218) Pause Young (Normal) (G1 Evacuation Pause) 377M->333M(1024M) 475.442ms
[2026-01-16T08:58:22.702+0000][gc,cpu      ] GC(218) User=0.20s Sys=0.04s Real=0.48s
[2026-01-16T08:58:28.290+0000][gc,start    ] GC(219) Pause Young (Normal) (G1 Evacuation Pause)
[2026-01-16T08:58:28.292+0000][gc,task     ] GC(219) Using 8 workers of 8 for evacuation
[2026-01-16T08:58:28.798+0000][gc,mmu      ] GC(219) MMU target violated: 201.0ms (200.0ms/201.0ms)
[2026-01-16T08:58:28.800+0000][gc,phases   ] GC(219)   Pre Evacuate Collection Set: 61.1ms
[2026-01-16T08:58:28.801+0000][gc,phases   ] GC(219)   Merge Heap Roots: 14.8ms
[2026-01-16T08:58:28.801+0000][gc,phases   ] GC(219)   Evacuate Collection Set: 410.4ms
[2026-01-16T08:58:28.801+0000][gc,phases   ] GC(219)   Post Evacuate Collection Set: 14.7ms
[2026-01-16T08:58:28.801+0000][gc,phases   ] GC(219)   Other: 7.0ms
[2026-01-16T08:58:28.801+0000][gc,heap     ] GC(219) Eden regions: 46->0(47)
[2026-01-16T08:58:28.801+0000][gc,heap     ] GC(219) Survivor regions: 5->4(7)
[2026-01-16T08:58:28.801+0000][gc,heap     ] GC(219) Old regions: 180->181
[2026-01-16T08:58:28.802+0000][gc,heap     ] GC(219) Humongous regions: 149->149
[2026-01-16T08:58:28.802+0000][gc,metaspace] GC(219) Metaspace: 13282K(13632K)->13282K(13632K) NonClass: 11635K(11840K)->11635K(11840K) Class: 1647K(1792K)->1647K(1792K)
[2026-01-16T08:58:28.802+0000][gc          ] GC(219) Pause Young (Normal) (G1 Evacuation Pause) 379M->333M(1024M) 512.838ms
[2026-01-16T08:58:28.807+0000][gc,cpu      ] GC(219) User=0.37s Sys=0.04s Real=0.51s
[2026-01-16T08:58:31.210+0000][gc,start    ] GC(220) Pause Young (Normal) (G1 Evacuation Pause)
[2026-01-16T08:58:31.216+0000][gc,task     ] GC(220) Using 8 workers of 8 for evacuation
[2026-01-16T08:58:32.240+0000][gc,mmu      ] GC(220) MMU target violated: 201.0ms (200.0ms/201.0ms)
[2026-01-16T08:58:32.242+0000][gc,phases   ] GC(220)   Pre Evacuate Collection Set: 73.7ms
[2026-01-16T08:58:32.243+0000][gc,phases   ] GC(220)   Merge Heap Roots: 21.6ms
[2026-01-16T08:58:32.243+0000][gc,phases   ] GC(220)   Evacuate Collection Set: 874.1ms
[2026-01-16T08:58:32.243+0000][gc,phases   ] GC(220)   Post Evacuate Collection Set: 53.3ms
[2026-01-16T08:58:32.244+0000][gc,phases   ] GC(220)   Other: 3.3ms
[2026-01-16T08:58:32.245+0000][gc,heap     ] GC(220) Eden regions: 47->0(46)
[2026-01-16T08:58:32.245+0000][gc,heap     ] GC(220) Survivor regions: 4->5(7)
[2026-01-16T08:58:32.248+0000][gc,heap     ] GC(220) Old regions: 181->182
[2026-01-16T08:58:32.249+0000][gc,heap     ] GC(220) Humongous regions: 149->149
[2026-01-16T08:58:32.249+0000][gc,metaspace] GC(220) Metaspace: 13286K(13632K)->13286K(13632K) NonClass: 11639K(11840K)->11639K(11840K) Class: 1647K(1792K)->1647K(1792K)
[2026-01-16T08:58:32.252+0000][gc          ] GC(220) Pause Young (Normal) (G1 Evacuation Pause) 380M->334M(1024M) 1041.863ms
[2026-01-16T08:58:32.253+0000][gc,cpu      ] GC(220) User=0.38s Sys=0.03s Real=1.04s
[2026-01-16T08:58:37.596+0000][gc,start    ] GC(221) Pause Young (Normal) (G1 Evacuation Pause)
[2026-01-16T08:58:37.611+0000][gc,task     ] GC(221) Using 8 workers of 8 for evacuation
[2026-01-16T08:58:39.607+0000][gc,mmu      ] GC(221) MMU target violated: 201.0ms (200.0ms/201.0ms)
[2026-01-16T08:58:39.624+0000][gc,phases   ] GC(221)   Pre Evacuate Collection Set: 249.1ms
[2026-01-16T08:58:39.625+0000][gc,phases   ] GC(221)   Merge Heap Roots: 40.8ms
[2026-01-16T08:58:39.626+0000][gc,phases   ] GC(221)   Evacuate Collection Set: 1615.9ms
[2026-01-16T08:58:39.627+0000][gc,phases   ] GC(221)   Post Evacuate Collection Set: 61.8ms
[2026-01-16T08:58:39.628+0000][gc,phases   ] GC(221)   Other: 53.2ms
[2026-01-16T08:58:39.629+0000][gc,heap     ] GC(221) Eden regions: 46->0(47)
[2026-01-16T08:58:39.630+0000][gc,heap     ] GC(221) Survivor regions: 5->4(7)
[2026-01-16T08:58:39.633+0000][gc,heap     ] GC(221) Old regions: 182->183
[2026-01-16T08:58:39.639+0000][gc,heap     ] GC(221) Humongous regions: 149->149
[2026-01-16T08:58:39.645+0000][gc,metaspace] GC(221) Metaspace: 13287K(13632K)->13287K(13632K) NonClass: 11640K(11840K)->11640K(11840K) Class: 1647K(1792K)->1647K(1792K)
[2026-01-16T08:58:39.652+0000][gc          ] GC(221) Pause Young (Normal) (G1 Evacuation Pause) 380M->334M(1024M) 2055.685ms
[2026-01-16T08:58:39.657+0000][gc,cpu      ] GC(221) User=0.80s Sys=0.14s Real=2.06s
[2026-01-16T08:58:41.868+0000][gc,start    ] GC(222) Pause Young (Normal) (G1 Evacuation Pause)
[2026-01-16T08:58:41.870+0000][gc,task     ] GC(222) Using 8 workers of 8 for evacuation
[2026-01-16T08:58:42.348+0000][gc,mmu      ] GC(222) MMU target violated: 201.0ms (200.0ms/201.0ms)
[2026-01-16T08:58:42.349+0000][gc,phases   ] GC(222)   Pre Evacuate Collection Set: 50.8ms
[2026-01-16T08:58:42.352+0000][gc,phases   ] GC(222)   Merge Heap Roots: 6.9ms
[2026-01-16T08:58:42.355+0000][gc,phases   ] GC(222)   Evacuate Collection Set: 405.1ms
[2026-01-16T08:58:42.355+0000][gc,phases   ] GC(222)   Post Evacuate Collection Set: 14.2ms
[2026-01-16T08:58:42.356+0000][gc,phases   ] GC(222)   Other: 2.4ms
[2026-01-16T08:58:42.356+0000][gc,heap     ] GC(222) Eden regions: 47->0(47)
[2026-01-16T08:58:42.357+0000][gc,heap     ] GC(222) Survivor regions: 4->4(7)
[2026-01-16T08:58:42.357+0000][gc,heap     ] GC(222) Old regions: 183->183
[2026-01-16T08:58:42.359+0000][gc,heap     ] GC(222) Humongous regions: 149->149
[2026-01-16T08:58:42.360+0000][gc,metaspace] GC(222) Metaspace: 13291K(13632K)->13291K(13632K) NonClass: 11644K(11840K)->11644K(11840K) Class: 1647K(1792K)->1647K(1792K)
[2026-01-16T08:58:42.361+0000][gc          ] GC(222) Pause Young (Normal) (G1 Evacuation Pause) 381M->335M(1024M) 493.588ms
[2026-01-16T08:58:42.362+0000][gc,cpu      ] GC(222) User=0.25s Sys=0.02s Real=0.49s
[2026-01-16T08:58:43.723+0000][gc,start    ] GC(223) Pause Young (Normal) (G1 Evacuation Pause)
[2026-01-16T08:58:43.725+0000][gc,task     ] GC(223) Using 8 workers of 8 for evacuation
[2026-01-16T08:58:43.984+0000][gc,mmu      ] GC(223) MMU target violated: 201.0ms (200.0ms/201.0ms)
[2026-01-16T08:58:43.987+0000][gc,phases   ] GC(223)   Pre Evacuate Collection Set: 13.6ms
[2026-01-16T08:58:43.987+0000][gc,phases   ] GC(223)   Merge Heap Roots: 0.5ms
[2026-01-16T08:58:43.988+0000][gc,phases   ] GC(223)   Evacuate Collection Set: 235.1ms
[2026-01-16T08:58:43.990+0000][gc,phases   ] GC(223)   Post Evacuate Collection Set: 5.6ms
[2026-01-16T08:58:43.991+0000][gc,phases   ] GC(223)   Other: 6.9ms
[2026-01-16T08:58:43.991+0000][gc,heap     ] GC(223) Eden regions: 47->0(47)
[2026-01-16T08:58:43.991+0000][gc,heap     ] GC(223) Survivor regions: 4->4(7)
[2026-01-16T08:58:43.992+0000][gc,heap     ] GC(223) Old regions: 183->184
[2026-01-16T08:58:43.992+0000][gc,heap     ] GC(223) Humongous regions: 149->149
[2026-01-16T08:58:43.992+0000][gc,metaspace] GC(223) Metaspace: 13294K(13632K)->13294K(13632K) NonClass: 11646K(11840K)->11646K(11840K) Class: 1647K(1792K)->1647K(1792K)
[2026-01-16T08:58:43.993+0000][gc          ] GC(223) Pause Young (Normal) (G1 Evacuation Pause) 382M->336M(1024M) 269.880ms
[2026-01-16T08:58:43.994+0000][gc,cpu      ] GC(223) User=0.13s Sys=0.01s Real=0.28s
[2026-01-16T08:58:46.118+0000][gc,start    ] GC(224) Pause Young (Normal) (G1 Evacuation Pause)
[2026-01-16T08:58:46.119+0000][gc,task     ] GC(224) Using 8 workers of 8 for evacuation
[2026-01-16T08:58:46.546+0000][gc,mmu      ] GC(224) MMU target violated: 201.0ms (200.0ms/201.0ms)
[2026-01-16T08:58:46.549+0000][gc,phases   ] GC(224)   Pre Evacuate Collection Set: 38.6ms
[2026-01-16T08:58:46.550+0000][gc,phases   ] GC(224)   Merge Heap Roots: 6.7ms
[2026-01-16T08:58:46.551+0000][gc,phases   ] GC(224)   Evacuate Collection Set: 352.7ms
[2026-01-16T08:58:46.553+0000][gc,phases   ] GC(224)   Post Evacuate Collection Set: 28.6ms
[2026-01-16T08:58:46.553+0000][gc,phases   ] GC(224)   Other: 3.2ms
[2026-01-16T08:58:46.554+0000][gc,heap     ] GC(224) Eden regions: 47->0(46)
[2026-01-16T08:58:46.554+0000][gc,heap     ] GC(224) Survivor regions: 4->5(7)
[2026-01-16T08:58:46.554+0000][gc,heap     ] GC(224) Old regions: 184->185
[2026-01-16T08:58:46.554+0000][gc,heap     ] GC(224) Humongous regions: 149->149
[2026-01-16T08:58:46.554+0000][gc,metaspace] GC(224) Metaspace: 13298K(13632K)->13298K(13632K) NonClass: 11650K(11840K)->11650K(11840K) Class: 1647K(1792K)->1647K(1792K)
[2026-01-16T08:58:46.554+0000][gc          ] GC(224) Pause Young (Normal) (G1 Evacuation Pause) 383M->337M(1024M) 436.205ms
[2026-01-16T08:58:46.555+0000][gc,cpu      ] GC(224) User=0.22s Sys=0.03s Real=0.44s
[2026-01-16T08:58:47.980+0000][gc,start    ] GC(225) Pause Young (Normal) (G1 Evacuation Pause)
[2026-01-16T08:58:47.987+0000][gc,task     ] GC(225) Using 8 workers of 8 for evacuation
[2026-01-16T08:58:48.511+0000][gc,mmu      ] GC(225) MMU target violated: 201.0ms (200.0ms/201.0ms)
[2026-01-16T08:58:48.517+0000][gc,phases   ] GC(225)   Pre Evacuate Collection Set: 62.7ms
[2026-01-16T08:58:48.518+0000][gc,phases   ] GC(225)   Merge Heap Roots: 3.2ms
[2026-01-16T08:58:48.520+0000][gc,phases   ] GC(225)   Evacuate Collection Set: 383.0ms
[2026-01-16T08:58:48.522+0000][gc,phases   ] GC(225)   Post Evacuate Collection Set: 23.0ms
[2026-01-16T08:58:48.524+0000][gc,phases   ] GC(225)   Other: 58.5ms
[2026-01-16T08:58:48.525+0000][gc,heap     ] GC(225) Eden regions: 46->0(47)
[2026-01-16T08:58:48.525+0000][gc,heap     ] GC(225) Survivor regions: 5->4(7)
[2026-01-16T08:58:48.529+0000][gc,heap     ] GC(225) Old regions: 185->186
[2026-01-16T08:58:48.531+0000][gc,heap     ] GC(225) Humongous regions: 149->149
[2026-01-16T08:58:48.532+0000][gc,metaspace] GC(225) Metaspace: 13299K(13632K)->13299K(13632K) NonClass: 11652K(11840K)->11652K(11840K) Class: 1647K(1792K)->1647K(1792K)
[2026-01-16T08:58:48.533+0000][gc          ] GC(225) Pause Young (Normal) (G1 Evacuation Pause) 383M->337M(1024M) 552.946ms
[2026-01-16T08:58:48.534+0000][gc,cpu      ] GC(225) User=0.22s Sys=0.10s Real=0.56s
[2026-01-16T08:58:51.167+0000][gc,start    ] GC(226) Pause Young (Normal) (GCLocker Initiated GC)
[2026-01-16T08:58:51.168+0000][gc,task     ] GC(226) Using 8 workers of 8 for evacuation
[2026-01-16T08:58:51.797+0000][gc,mmu      ] GC(226) MMU target violated: 201.0ms (200.0ms/201.0ms)
[2026-01-16T08:58:51.799+0000][gc,phases   ] GC(226)   Pre Evacuate Collection Set: 27.9ms
[2026-01-16T08:58:51.803+0000][gc,phases   ] GC(226)   Merge Heap Roots: 4.3ms
[2026-01-16T08:58:51.809+0000][gc,phases   ] GC(226)   Evacuate Collection Set: 574.5ms
[2026-01-16T08:58:51.810+0000][gc,phases   ] GC(226)   Post Evacuate Collection Set: 22.3ms
[2026-01-16T08:58:51.812+0000][gc,phases   ] GC(226)   Other: 2.4ms
[2026-01-16T08:58:51.818+0000][gc,heap     ] GC(226) Eden regions: 47->0(46)
[2026-01-16T08:58:51.828+0000][gc,heap     ] GC(226) Survivor regions: 4->5(7)
[2026-01-16T08:58:51.829+0000][gc,heap     ] GC(226) Old regions: 186->186
[2026-01-16T08:58:51.829+0000][gc,heap     ] GC(226) Humongous regions: 149->149
[2026-01-16T08:58:51.829+0000][gc,metaspace] GC(226) Metaspace: 13306K(13632K)->13306K(13632K) NonClass: 11659K(11840K)->11659K(11840K) Class: 1647K(1792K)->1647K(1792K)
[2026-01-16T08:58:51.842+0000][gc          ] GC(226) Pause Young (Normal) (GCLocker Initiated GC) 384M->338M(1024M) 666.291ms
[2026-01-16T08:58:51.844+0000][gc,cpu      ] GC(226) User=0.33s Sys=0.05s Real=0.68s
[2026-01-16T08:58:56.528+0000][gc,start    ] GC(227) Pause Young (Normal) (G1 Evacuation Pause)
[2026-01-16T08:58:56.537+0000][gc,task     ] GC(227) Using 8 workers of 8 for evacuation
[2026-01-16T08:58:57.178+0000][gc,mmu      ] GC(227) MMU target violated: 201.0ms (200.0ms/201.0ms)
[2026-01-16T08:58:57.180+0000][gc,phases   ] GC(227)   Pre Evacuate Collection Set: 31.5ms
[2026-01-16T08:58:57.180+0000][gc,phases   ] GC(227)   Merge Heap Roots: 1.1ms
[2026-01-16T08:58:57.180+0000][gc,phases   ] GC(227)   Evacuate Collection Set: 583.9ms
[2026-01-16T08:58:57.182+0000][gc,phases   ] GC(227)   Post Evacuate Collection Set: 15.8ms
[2026-01-16T08:58:57.183+0000][gc,phases   ] GC(227)   Other: 10.8ms
[2026-01-16T08:58:57.183+0000][gc,heap     ] GC(227) Eden regions: 46->0(46)
[2026-01-16T08:58:57.183+0000][gc,heap     ] GC(227) Survivor regions: 5->5(7)
[2026-01-16T08:58:57.185+0000][gc,heap     ] GC(227) Old regions: 186->186
[2026-01-16T08:58:57.186+0000][gc,heap     ] GC(227) Humongous regions: 149->149
[2026-01-16T08:58:57.186+0000][gc,metaspace] GC(227) Metaspace: 13317K(13632K)->13317K(13632K) NonClass: 11670K(11840K)->11670K(11840K) Class: 1647K(1792K)->1647K(1792K)
[2026-01-16T08:58:57.188+0000][gc          ] GC(227) Pause Young (Normal) (G1 Evacuation Pause) 384M->339M(1024M) 660.408ms
[2026-01-16T08:58:57.191+0000][gc,cpu      ] GC(227) User=0.55s Sys=0.09s Real=0.66s
[2026-01-16T08:58:58.456+0000][gc,start    ] GC(228) Pause Young (Normal) (G1 Evacuation Pause)
[2026-01-16T08:58:58.458+0000][gc,task     ] GC(228) Using 8 workers of 8 for evacuation
[2026-01-16T08:58:58.708+0000][gc,mmu      ] GC(228) MMU target violated: 201.0ms (200.0ms/201.0ms)
[2026-01-16T08:58:58.711+0000][gc,phases   ] GC(228)   Pre Evacuate Collection Set: 4.9ms
[2026-01-16T08:58:58.714+0000][gc,phases   ] GC(228)   Merge Heap Roots: 0.5ms
[2026-01-16T08:58:58.716+0000][gc,phases   ] GC(228)   Evacuate Collection Set: 183.1ms
[2026-01-16T08:58:58.716+0000][gc,phases   ] GC(228)   Post Evacuate Collection Set: 58.1ms
[2026-01-16T08:58:58.718+0000][gc,phases   ] GC(228)   Other: 6.2ms
[2026-01-16T08:58:58.718+0000][gc,heap     ] GC(228) Eden regions: 46->0(47)
[2026-01-16T08:58:58.719+0000][gc,heap     ] GC(228) Survivor regions: 5->4(7)
[2026-01-16T08:58:58.719+0000][gc,heap     ] GC(228) Old regions: 186->188
[2026-01-16T08:58:58.720+0000][gc,heap     ] GC(228) Humongous regions: 149->149
[2026-01-16T08:58:58.720+0000][gc,metaspace] GC(228) Metaspace: 13321K(13632K)->13321K(13632K) NonClass: 11673K(11840K)->11673K(11840K) Class: 1647K(1792K)->1647K(1792K)
[2026-01-16T08:58:58.721+0000][gc          ] GC(228) Pause Young (Normal) (G1 Evacuation Pause) 385M->340M(1024M) 264.639ms
[2026-01-16T08:58:58.721+0000][gc,cpu      ] GC(228) User=0.13s Sys=0.02s Real=0.26s
[2026-01-16T08:58:59.721+0000][gc,start    ] GC(229) Pause Young (Normal) (G1 Evacuation Pause)
[2026-01-16T08:58:59.737+0000][gc,task     ] GC(229) Using 8 workers of 8 for evacuation
[2026-01-16T08:59:01.027+0000][gc,mmu      ] GC(229) MMU target violated: 201.0ms (200.0ms/201.0ms)
[2026-01-16T08:59:01.028+0000][gc,phases   ] GC(229)   Pre Evacuate Collection Set: 23.2ms
[2026-01-16T08:59:01.028+0000][gc,phases   ] GC(229)   Merge Heap Roots: 11.6ms
[2026-01-16T08:59:01.030+0000][gc,phases   ] GC(229)   Evacuate Collection Set: 1230.9ms
[2026-01-16T08:59:01.035+0000][gc,phases   ] GC(229)   Post Evacuate Collection Set: 13.9ms
[2026-01-16T08:59:01.036+0000][gc,phases   ] GC(229)   Other: 11.2ms
[2026-01-16T08:59:01.039+0000][gc,heap     ] GC(229) Eden regions: 47->0(46)
[2026-01-16T08:59:01.040+0000][gc,heap     ] GC(229) Survivor regions: 4->5(7)
[2026-01-16T08:59:01.040+0000][gc,heap     ] GC(229) Old regions: 188->188
[2026-01-16T08:59:01.042+0000][gc,heap     ] GC(229) Humongous regions: 149->149
[2026-01-16T08:59:01.044+0000][gc,metaspace] GC(229) Metaspace: 13322K(13632K)->13322K(13632K) NonClass: 11674K(11840K)->11674K(11840K) Class: 1647K(1792K)->1647K(1792K)
[2026-01-16T08:59:01.045+0000][gc          ] GC(229) Pause Young (Normal) (G1 Evacuation Pause) 387M->340M(1024M) 1324.212ms
[2026-01-16T08:59:01.053+0000][gc,cpu      ] GC(229) User=0.49s Sys=0.07s Real=1.34s
[2026-01-16T08:59:07.441+0000][gc,start    ] GC(230) Pause Young (Normal) (G1 Evacuation Pause)
[2026-01-16T08:59:07.477+0000][gc,task     ] GC(230) Using 8 workers of 8 for evacuation
[2026-01-16T08:59:08.340+0000][gc,mmu      ] GC(230) MMU target violated: 201.0ms (200.0ms/201.0ms)
[2026-01-16T08:59:08.341+0000][gc,phases   ] GC(230)   Pre Evacuate Collection Set: 80.1ms
[2026-01-16T08:59:08.342+0000][gc,phases   ] GC(230)   Merge Heap Roots: 3.7ms
[2026-01-16T08:59:08.342+0000][gc,phases   ] GC(230)   Evacuate Collection Set: 761.3ms
[2026-01-16T08:59:08.342+0000][gc,phases   ] GC(230)   Post Evacuate Collection Set: 17.0ms
[2026-01-16T08:59:08.342+0000][gc,phases   ] GC(230)   Other: 29.6ms
[2026-01-16T08:59:08.343+0000][gc,heap     ] GC(230) Eden regions: 46->0(46)
[2026-01-16T08:59:08.343+0000][gc,heap     ] GC(230) Survivor regions: 5->5(7)
[2026-01-16T08:59:08.343+0000][gc,heap     ] GC(230) Old regions: 188->189
[2026-01-16T08:59:08.344+0000][gc,heap     ] GC(230) Humongous regions: 149->149
[2026-01-16T08:59:08.344+0000][gc,metaspace] GC(230) Metaspace: 13328K(13632K)->13328K(13632K) NonClass: 11680K(11840K)->11680K(11840K) Class: 1647K(1792K)->1647K(1792K)
[2026-01-16T08:59:08.345+0000][gc          ] GC(230) Pause Young (Normal) (G1 Evacuation Pause) 386M->341M(1024M) 903.582ms
[2026-01-16T08:59:08.345+0000][gc,cpu      ] GC(230) User=0.51s Sys=0.13s Real=0.91s
[2026-01-16T08:59:09.627+0000][gc,start    ] GC(231) Pause Young (Normal) (G1 Evacuation Pause)
[2026-01-16T08:59:09.633+0000][gc,task     ] GC(231) Using 8 workers of 8 for evacuation
[2026-01-16T08:59:10.170+0000][gc,mmu      ] GC(231) MMU target violated: 201.0ms (200.0ms/201.0ms)
[2026-01-16T08:59:10.178+0000][gc,phases   ] GC(231)   Pre Evacuate Collection Set: 53.2ms
[2026-01-16T08:59:10.179+0000][gc,phases   ] GC(231)   Merge Heap Roots: 6.8ms
[2026-01-16T08:59:10.179+0000][gc,phases   ] GC(231)   Evacuate Collection Set: 450.8ms
[2026-01-16T08:59:10.179+0000][gc,phases   ] GC(231)   Post Evacuate Collection Set: 19.4ms
[2026-01-16T08:59:10.179+0000][gc,phases   ] GC(231)   Other: 16.4ms
[2026-01-16T08:59:10.179+0000][gc,heap     ] GC(231) Eden regions: 46->0(47)
[2026-01-16T08:59:10.180+0000][gc,heap     ] GC(231) Survivor regions: 5->4(7)
[2026-01-16T08:59:10.181+0000][gc,heap     ] GC(231) Old regions: 189->190
[2026-01-16T08:59:10.183+0000][gc,heap     ] GC(231) Humongous regions: 149->149
[2026-01-16T08:59:10.185+0000][gc,metaspace] GC(231) Metaspace: 13329K(13632K)->13329K(13632K) NonClass: 11681K(11840K)->11681K(11840K) Class: 1647K(1792K)->1647K(1792K)
[2026-01-16T08:59:10.186+0000][gc          ] GC(231) Pause Young (Normal) (G1 Evacuation Pause) 387M->342M(1024M) 558.606ms
[2026-01-16T08:59:10.186+0000][gc,cpu      ] GC(231) User=0.19s Sys=0.05s Real=0.56s
[2026-01-16T08:59:12.153+0000][gc,start    ] GC(232) Pause Young (Normal) (G1 Evacuation Pause)
[2026-01-16T08:59:12.154+0000][gc,task     ] GC(232) Using 8 workers of 8 for evacuation
[2026-01-16T08:59:12.748+0000][gc,mmu      ] GC(232) MMU target violated: 201.0ms (200.0ms/201.0ms)
[2026-01-16T08:59:12.753+0000][gc,phases   ] GC(232)   Pre Evacuate Collection Set: 18.4ms
[2026-01-16T08:59:12.753+0000][gc,phases   ] GC(232)   Merge Heap Roots: 7.6ms
[2026-01-16T08:59:12.754+0000][gc,phases   ] GC(232)   Evacuate Collection Set: 476.1ms
[2026-01-16T08:59:12.754+0000][gc,phases   ] GC(232)   Post Evacuate Collection Set: 90.1ms
[2026-01-16T08:59:12.754+0000][gc,phases   ] GC(232)   Other: 7.0ms
[2026-01-16T08:59:12.754+0000][gc,heap     ] GC(232) Eden regions: 47->0(46)
[2026-01-16T08:59:12.754+0000][gc,heap     ] GC(232) Survivor regions: 4->5(7)
[2026-01-16T08:59:12.754+0000][gc,heap     ] GC(232) Old regions: 190->191
[2026-01-16T08:59:12.754+0000][gc,heap     ] GC(232) Humongous regions: 149->149
[2026-01-16T08:59:12.754+0000][gc,metaspace] GC(232) Metaspace: 13334K(13632K)->13334K(13632K) NonClass: 11686K(11840K)->11686K(11840K) Class: 1647K(1792K)->1647K(1792K)
[2026-01-16T08:59:12.754+0000][gc          ] GC(232) Pause Young (Normal) (G1 Evacuation Pause) 389M->343M(1024M) 600.751ms
[2026-01-16T08:59:12.754+0000][gc,cpu      ] GC(232) User=0.33s Sys=0.03s Real=0.60s
[2026-01-16T08:59:16.924+0000][gc,start    ] GC(233) Pause Young (Normal) (G1 Evacuation Pause)
[2026-01-16T08:59:16.927+0000][gc,task     ] GC(233) Using 8 workers of 8 for evacuation
[2026-01-16T08:59:19.152+0000][gc,mmu      ] GC(233) MMU target violated: 201.0ms (200.0ms/201.0ms)
[2026-01-16T08:59:19.154+0000][gc,phases   ] GC(233)   Pre Evacuate Collection Set: 159.7ms
[2026-01-16T08:59:19.154+0000][gc,phases   ] GC(233)   Merge Heap Roots: 13.6ms
[2026-01-16T08:59:19.154+0000][gc,phases   ] GC(233)   Evacuate Collection Set: 1968.1ms
[2026-01-16T08:59:19.154+0000][gc,phases   ] GC(233)   Post Evacuate Collection Set: 82.5ms
[2026-01-16T08:59:19.155+0000][gc,phases   ] GC(233)   Other: 3.2ms
[2026-01-16T08:59:19.170+0000][gc,heap     ] GC(233) Eden regions: 46->0(46)
[2026-01-16T08:59:19.171+0000][gc,heap     ] GC(233) Survivor regions: 5->5(7)
[2026-01-16T08:59:19.171+0000][gc,heap     ] GC(233) Old regions: 191->191
[2026-01-16T08:59:19.172+0000][gc,heap     ] GC(233) Humongous regions: 149->149
[2026-01-16T08:59:19.172+0000][gc,metaspace] GC(233) Metaspace: 13398K(13760K)->13398K(13760K) NonClass: 11750K(11968K)->11750K(11968K) Class: 1647K(1792K)->1647K(1792K)
[2026-01-16T08:59:19.174+0000][gc          ] GC(233) Pause Young (Normal) (G1 Evacuation Pause) 389M->344M(1024M) 2250.853ms
[2026-01-16T08:59:19.195+0000][gc,cpu      ] GC(233) User=0.97s Sys=0.19s Real=2.28s
[2026-01-16T08:59:22.062+0000][gc,start    ] GC(234) Pause Young (Normal) (G1 Evacuation Pause)
[2026-01-16T08:59:22.064+0000][gc,task     ] GC(234) Using 8 workers of 8 for evacuation
[2026-01-16T08:59:22.903+0000][gc,mmu      ] GC(234) MMU target violated: 201.0ms (200.0ms/201.0ms)
[2026-01-16T08:59:22.904+0000][gc,phases   ] GC(234)   Pre Evacuate Collection Set: 107.4ms
[2026-01-16T08:59:22.906+0000][gc,phases   ] GC(234)   Merge Heap Roots: 11.2ms
[2026-01-16T08:59:22.907+0000][gc,phases   ] GC(234)   Evacuate Collection Set: 627.7ms
[2026-01-16T08:59:22.916+0000][gc,phases   ] GC(234)   Post Evacuate Collection Set: 83.9ms
[2026-01-16T08:59:22.916+0000][gc,phases   ] GC(234)   Other: 10.0ms
[2026-01-16T08:59:22.917+0000][gc,heap     ] GC(234) Eden regions: 46->0(47)
[2026-01-16T08:59:22.917+0000][gc,heap     ] GC(234) Survivor regions: 5->4(7)
[2026-01-16T08:59:22.919+0000][gc,heap     ] GC(234) Old regions: 191->192
[2026-01-16T08:59:22.919+0000][gc,heap     ] GC(234) Humongous regions: 149->149
[2026-01-16T08:59:22.920+0000][gc,metaspace] GC(234) Metaspace: 13408K(13760K)->13408K(13760K) NonClass: 11761K(11968K)->11761K(11968K) Class: 1647K(1792K)->1647K(1792K)
[2026-01-16T08:59:22.920+0000][gc          ] GC(234) Pause Young (Normal) (G1 Evacuation Pause) 390M->344M(1024M) 858.412ms
[2026-01-16T08:59:22.920+0000][gc,cpu      ] GC(234) User=0.45s Sys=0.06s Real=0.86s
[2026-01-16T08:59:25.610+0000][gc,start    ] GC(235) Pause Young (Normal) (G1 Evacuation Pause)
[2026-01-16T08:59:25.620+0000][gc,task     ] GC(235) Using 8 workers of 8 for evacuation
[2026-01-16T08:59:26.148+0000][gc,mmu      ] GC(235) MMU target violated: 201.0ms (200.0ms/201.0ms)
[2026-01-16T08:59:26.149+0000][gc,phases   ] GC(235)   Pre Evacuate Collection Set: 65.6ms
[2026-01-16T08:59:26.149+0000][gc,phases   ] GC(235)   Merge Heap Roots: 7.4ms
[2026-01-16T08:59:26.150+0000][gc,phases   ] GC(235)   Evacuate Collection Set: 442.0ms
[2026-01-16T08:59:26.150+0000][gc,phases   ] GC(235)   Post Evacuate Collection Set: 3.1ms
[2026-01-16T08:59:26.151+0000][gc,phases   ] GC(235)   Other: 13.0ms
[2026-01-16T08:59:26.156+0000][gc,heap     ] GC(235) Eden regions: 47->0(46)
[2026-01-16T08:59:26.156+0000][gc,heap     ] GC(235) Survivor regions: 4->5(7)
[2026-01-16T08:59:26.158+0000][gc,heap     ] GC(235) Old regions: 192->193
[2026-01-16T08:59:26.160+0000][gc,heap     ] GC(235) Humongous regions: 149->149
[2026-01-16T08:59:26.160+0000][gc,metaspace] GC(235) Metaspace: 13409K(13760K)->13409K(13760K) NonClass: 11761K(11968K)->11761K(11968K) Class: 1647K(1792K)->1647K(1792K)
[2026-01-16T08:59:26.161+0000][gc          ] GC(235) Pause Young (Normal) (G1 Evacuation Pause) 391M->345M(1024M) 550.719ms
[2026-01-16T08:59:26.162+0000][gc,cpu      ] GC(235) User=0.48s Sys=0.09s Real=0.55s
[2026-01-16T08:59:28.622+0000][gc,start    ] GC(236) Pause Young (Normal) (G1 Evacuation Pause)
[2026-01-16T08:59:28.635+0000][gc,task     ] GC(236) Using 8 workers of 8 for evacuation
[2026-01-16T08:59:29.141+0000][gc,mmu      ] GC(236) MMU target violated: 201.0ms (200.0ms/201.0ms)
[2026-01-16T08:59:29.142+0000][gc,phases   ] GC(236)   Pre Evacuate Collection Set: 29.9ms
[2026-01-16T08:59:29.144+0000][gc,phases   ] GC(236)   Merge Heap Roots: 2.3ms
[2026-01-16T08:59:29.145+0000][gc,phases   ] GC(236)   Evacuate Collection Set: 459.1ms
[2026-01-16T08:59:29.145+0000][gc,phases   ] GC(236)   Post Evacuate Collection Set: 10.2ms
[2026-01-16T08:59:29.148+0000][gc,phases   ] GC(236)   Other: 6.1ms
[2026-01-16T08:59:29.149+0000][gc,heap     ] GC(236) Eden regions: 46->0(46)
[2026-01-16T08:59:29.149+0000][gc,heap     ] GC(236) Survivor regions: 5->5(7)
[2026-01-16T08:59:29.150+0000][gc,heap     ] GC(236) Old regions: 193->194
[2026-01-16T08:59:29.150+0000][gc,heap     ] GC(236) Humongous regions: 149->149
[2026-01-16T08:59:29.150+0000][gc,metaspace] GC(236) Metaspace: 13414K(13760K)->13414K(13760K) NonClass: 11766K(11968K)->11766K(11968K) Class: 1647K(1792K)->1647K(1792K)
[2026-01-16T08:59:29.151+0000][gc          ] GC(236) Pause Young (Normal) (G1 Evacuation Pause) 391M->346M(1024M) 529.255ms
[2026-01-16T08:59:29.152+0000][gc,cpu      ] GC(236) User=0.39s Sys=0.04s Real=0.55s
[2026-01-16T08:59:35.794+0000][gc,start    ] GC(237) Pause Young (Normal) (G1 Evacuation Pause)
[2026-01-16T08:59:35.825+0000][gc,task     ] GC(237) Using 8 workers of 8 for evacuation
[2026-01-16T08:59:36.740+0000][gc,mmu      ] GC(237) MMU target violated: 201.0ms (200.0ms/201.0ms)
[2026-01-16T08:59:36.747+0000][gc,phases   ] GC(237)   Pre Evacuate Collection Set: 60.7ms
[2026-01-16T08:59:36.747+0000][gc,phases   ] GC(237)   Merge Heap Roots: 2.9ms
[2026-01-16T08:59:36.747+0000][gc,phases   ] GC(237)   Evacuate Collection Set: 803.3ms
[2026-01-16T08:59:36.748+0000][gc,phases   ] GC(237)   Post Evacuate Collection Set: 45.6ms
[2026-01-16T08:59:36.748+0000][gc,phases   ] GC(237)   Other: 8.9ms
[2026-01-16T08:59:36.748+0000][gc,heap     ] GC(237) Eden regions: 46->0(47)
[2026-01-16T08:59:36.748+0000][gc,heap     ] GC(237) Survivor regions: 5->4(7)
[2026-01-16T08:59:36.749+0000][gc,heap     ] GC(237) Old regions: 194->195
[2026-01-16T08:59:36.750+0000][gc,heap     ] GC(237) Humongous regions: 149->149
[2026-01-16T08:59:36.751+0000][gc,metaspace] GC(237) Metaspace: 13417K(13760K)->13417K(13760K) NonClass: 11769K(11968K)->11769K(11968K) Class: 1647K(1792K)->1647K(1792K)
[2026-01-16T08:59:36.753+0000][gc          ] GC(237) Pause Young (Normal) (G1 Evacuation Pause) 392M->347M(1024M) 959.378ms
[2026-01-16T08:59:36.754+0000][gc,cpu      ] GC(237) User=0.61s Sys=0.06s Real=0.95s
[2026-01-16T08:59:40.445+0000][gc,start    ] GC(238) Pause Young (Normal) (G1 Evacuation Pause)
[2026-01-16T08:59:40.501+0000][gc,task     ] GC(238) Using 8 workers of 8 for evacuation
[2026-01-16T08:59:41.992+0000][gc,mmu      ] GC(238) MMU target violated: 201.0ms (200.0ms/201.0ms)
[2026-01-16T08:59:42.001+0000][gc,phases   ] GC(238)   Pre Evacuate Collection Set: 121.7ms
[2026-01-16T08:59:42.002+0000][gc,phases   ] GC(238)   Merge Heap Roots: 9.9ms
[2026-01-16T08:59:42.003+0000][gc,phases   ] GC(238)   Evacuate Collection Set: 1238.8ms
[2026-01-16T08:59:42.004+0000][gc,phases   ] GC(238)   Post Evacuate Collection Set: 76.0ms
[2026-01-16T08:59:42.004+0000][gc,phases   ] GC(238)   Other: 107.0ms
[2026-01-16T08:59:42.005+0000][gc,heap     ] GC(238) Eden regions: 47->0(46)
[2026-01-16T08:59:42.013+0000][gc,heap     ] GC(238) Survivor regions: 4->5(7)
[2026-01-16T08:59:42.014+0000][gc,heap     ] GC(238) Old regions: 195->196
[2026-01-16T08:59:42.014+0000][gc,heap     ] GC(238) Humongous regions: 149->149
[2026-01-16T08:59:42.015+0000][gc,metaspace] GC(238) Metaspace: 13418K(13760K)->13418K(13760K) NonClass: 11770K(11968K)->11770K(11968K) Class: 1647K(1792K)->1647K(1792K)
[2026-01-16T08:59:42.015+0000][gc          ] GC(238) Pause Young (Normal) (G1 Evacuation Pause) 394M->348M(1024M) 1570.564ms
[2026-01-16T08:59:42.058+0000][gc,cpu      ] GC(238) User=0.86s Sys=0.10s Real=1.61s
[2026-01-16T08:59:46.877+0000][gc,start    ] GC(239) Pause Young (Normal) (G1 Evacuation Pause)
[2026-01-16T08:59:46.909+0000][gc,task     ] GC(239) Using 8 workers of 8 for evacuation
[2026-01-16T08:59:48.145+0000][gc,mmu      ] GC(239) MMU target violated: 201.0ms (200.0ms/201.0ms)
[2026-01-16T08:59:48.146+0000][gc,phases   ] GC(239)   Pre Evacuate Collection Set: 88.7ms
[2026-01-16T08:59:48.147+0000][gc,phases   ] GC(239)   Merge Heap Roots: 11.5ms
[2026-01-16T08:59:48.148+0000][gc,phases   ] GC(239)   Evacuate Collection Set: 1044.0ms
[2026-01-16T08:59:48.155+0000][gc,phases   ] GC(239)   Post Evacuate Collection Set: 90.4ms
[2026-01-16T08:59:48.156+0000][gc,phases   ] GC(239)   Other: 21.9ms
[2026-01-16T08:59:48.156+0000][gc,heap     ] GC(239) Eden regions: 46->0(45)
[2026-01-16T08:59:48.156+0000][gc,heap     ] GC(239) Survivor regions: 5->6(7)
[2026-01-16T08:59:48.156+0000][gc,heap     ] GC(239) Old regions: 196->196
[2026-01-16T08:59:48.157+0000][gc,heap     ] GC(239) Humongous regions: 149->149
[2026-01-16T08:59:48.157+0000][gc,metaspace] GC(239) Metaspace: 13420K(13760K)->13420K(13760K) NonClass: 11772K(11968K)->11772K(11968K) Class: 1647K(1792K)->1647K(1792K)
[2026-01-16T08:59:48.157+0000][gc          ] GC(239) Pause Young (Normal) (G1 Evacuation Pause) 394M->349M(1024M) 1280.243ms
[2026-01-16T08:59:48.158+0000][gc,cpu      ] GC(239) User=0.79s Sys=0.08s Real=1.28s
[2026-01-16T08:59:50.433+0000][gc,start    ] GC(240) Pause Young (Normal) (G1 Evacuation Pause)
[2026-01-16T08:59:50.434+0000][gc,task     ] GC(240) Using 8 workers of 8 for evacuation
[2026-01-16T08:59:50.977+0000][gc,mmu      ] GC(240) MMU target violated: 201.0ms (200.0ms/201.0ms)
[2026-01-16T08:59:50.978+0000][gc,phases   ] GC(240)   Pre Evacuate Collection Set: 49.7ms
[2026-01-16T08:59:50.981+0000][gc,phases   ] GC(240)   Merge Heap Roots: 0.5ms
[2026-01-16T08:59:50.981+0000][gc,phases   ] GC(240)   Evacuate Collection Set: 469.4ms
[2026-01-16T08:59:50.982+0000][gc,phases   ] GC(240)   Post Evacuate Collection Set: 8.7ms
[2026-01-16T08:59:50.983+0000][gc,phases   ] GC(240)   Other: 15.2ms
[2026-01-16T08:59:51.033+0000][gc,heap     ] GC(240) Eden regions: 45->0(47)
[2026-01-16T08:59:51.034+0000][gc,heap     ] GC(240) Survivor regions: 6->4(7)
[2026-01-16T08:59:51.034+0000][gc,heap     ] GC(240) Old regions: 196->198
[2026-01-16T08:59:51.034+0000][gc,heap     ] GC(240) Humongous regions: 149->149
[2026-01-16T08:59:51.035+0000][gc,metaspace] GC(240) Metaspace: 13421K(13760K)->13421K(13760K) NonClass: 11774K(11968K)->11774K(11968K) Class: 1647K(1792K)->1647K(1792K)
[2026-01-16T08:59:51.035+0000][gc          ] GC(240) Pause Young (Normal) (G1 Evacuation Pause) 394M->349M(1024M) 602.734ms
[2026-01-16T08:59:51.036+0000][gc,cpu      ] GC(240) User=0.49s Sys=0.07s Real=0.60s
[2026-01-16T08:59:53.977+0000][gc,start    ] GC(241) Pause Young (Normal) (G1 Evacuation Pause)
[2026-01-16T08:59:53.988+0000][gc,task     ] GC(241) Using 8 workers of 8 for evacuation
[2026-01-16T08:59:54.404+0000][gc,mmu      ] GC(241) MMU target violated: 201.0ms (200.0ms/201.0ms)
[2026-01-16T08:59:54.405+0000][gc,phases   ] GC(241)   Pre Evacuate Collection Set: 55.9ms
[2026-01-16T08:59:54.405+0000][gc,phases   ] GC(241)   Merge Heap Roots: 2.0ms
[2026-01-16T08:59:54.432+0000][gc,phases   ] GC(241)   Evacuate Collection Set: 347.2ms
[2026-01-16T08:59:54.433+0000][gc,phases   ] GC(241)   Post Evacuate Collection Set: 5.1ms
[2026-01-16T08:59:54.433+0000][gc,phases   ] GC(241)   Other: 6.4ms
[2026-01-16T08:59:54.434+0000][gc,heap     ] GC(241) Eden regions: 47->0(47)
[2026-01-16T08:59:54.435+0000][gc,heap     ] GC(241) Survivor regions: 4->4(7)
[2026-01-16T08:59:54.440+0000][gc,heap     ] GC(241) Old regions: 198->198
[2026-01-16T08:59:54.440+0000][gc,heap     ] GC(241) Humongous regions: 149->149
[2026-01-16T08:59:54.440+0000][gc,metaspace] GC(241) Metaspace: 13426K(13760K)->13426K(13760K) NonClass: 11778K(11968K)->11778K(11968K) Class: 1647K(1792K)->1647K(1792K)
[2026-01-16T08:59:54.440+0000][gc          ] GC(241) Pause Young (Normal) (G1 Evacuation Pause) 396M->350M(1024M) 463.799ms
[2026-01-16T08:59:54.440+0000][gc,cpu      ] GC(241) User=0.30s Sys=0.02s Real=0.46s
[2026-01-16T08:59:57.992+0000][gc,start    ] GC(242) Pause Young (Normal) (GCLocker Initiated GC)
[2026-01-16T08:59:58.018+0000][gc,task     ] GC(242) Using 8 workers of 8 for evacuation
[2026-01-16T08:59:59.710+0000][gc,mmu      ] GC(242) MMU target violated: 201.0ms (200.0ms/201.0ms)
[2026-01-16T08:59:59.713+0000][gc,phases   ] GC(242)   Pre Evacuate Collection Set: 126.5ms
[2026-01-16T08:59:59.714+0000][gc,phases   ] GC(242)   Merge Heap Roots: 7.0ms
[2026-01-16T08:59:59.718+0000][gc,phases   ] GC(242)   Evacuate Collection Set: 1488.3ms
[2026-01-16T08:59:59.720+0000][gc,phases   ] GC(242)   Post Evacuate Collection Set: 40.6ms
[2026-01-16T08:59:59.720+0000][gc,phases   ] GC(242)   Other: 33.6ms
[2026-01-16T08:59:59.720+0000][gc,heap     ] GC(242) Eden regions: 52->0(46)
[2026-01-16T08:59:59.722+0000][gc,heap     ] GC(242) Survivor regions: 4->5(7)
[2026-01-16T08:59:59.722+0000][gc,heap     ] GC(242) Old regions: 198->198
[2026-01-16T08:59:59.723+0000][gc,heap     ] GC(242) Humongous regions: 149->149
[2026-01-16T08:59:59.723+0000][gc,metaspace] GC(242) Metaspace: 13432K(13760K)->13432K(13760K) NonClass: 11785K(11968K)->11785K(11968K) Class: 1647K(1792K)->1647K(1792K)
[2026-01-16T08:59:59.727+0000][gc          ] GC(242) Pause Young (Normal) (GCLocker Initiated GC) 402M->350M(1024M) 1731.469ms
[2026-01-16T08:59:59.730+0000][gc,cpu      ] GC(242) User=0.80s Sys=0.07s Real=1.74s
[2026-01-16T09:00:03.402+0000][gc,start    ] GC(243) Pause Young (Normal) (G1 Evacuation Pause)
[2026-01-16T09:00:03.406+0000][gc,task     ] GC(243) Using 8 workers of 8 for evacuation
[2026-01-16T09:00:04.042+0000][gc,mmu      ] GC(243) MMU target violated: 201.0ms (200.0ms/201.0ms)
[2026-01-16T09:00:04.043+0000][gc,phases   ] GC(243)   Pre Evacuate Collection Set: 25.8ms
[2026-01-16T09:00:04.047+0000][gc,phases   ] GC(243)   Merge Heap Roots: 7.3ms
[2026-01-16T09:00:04.047+0000][gc,phases   ] GC(243)   Evacuate Collection Set: 541.8ms
[2026-01-16T09:00:04.048+0000][gc,phases   ] GC(243)   Post Evacuate Collection Set: 47.0ms
[2026-01-16T09:00:04.048+0000][gc,phases   ] GC(243)   Other: 16.5ms
[2026-01-16T09:00:04.054+0000][gc,heap     ] GC(243) Eden regions: 46->0(47)
[2026-01-16T09:00:04.055+0000][gc,heap     ] GC(243) Survivor regions: 5->4(7)
[2026-01-16T09:00:04.055+0000][gc,heap     ] GC(243) Old regions: 198->199
[2026-01-16T09:00:04.055+0000][gc,heap     ] GC(243) Humongous regions: 149->149
[2026-01-16T09:00:04.055+0000][gc,metaspace] GC(243) Metaspace: 13458K(13824K)->13458K(13824K) NonClass: 11810K(12032K)->11810K(12032K) Class: 1647K(1792K)->1647K(1792K)
[2026-01-16T09:00:04.060+0000][gc          ] GC(243) Pause Young (Normal) (G1 Evacuation Pause) 396M->351M(1024M) 657.461ms
[2026-01-16T09:00:04.060+0000][gc,cpu      ] GC(243) User=0.29s Sys=0.05s Real=0.65s
[2026-01-16T09:00:06.097+0000][gc,start    ] GC(244) Pause Young (Normal) (G1 Evacuation Pause)
[2026-01-16T09:00:06.100+0000][gc,task     ] GC(244) Using 8 workers of 8 for evacuation
[2026-01-16T09:00:06.741+0000][gc,mmu      ] GC(244) MMU target violated: 201.0ms (200.0ms/201.0ms)
[2026-01-16T09:00:06.741+0000][gc,phases   ] GC(244)   Pre Evacuate Collection Set: 35.0ms
[2026-01-16T09:00:06.741+0000][gc,phases   ] GC(244)   Merge Heap Roots: 4.1ms
[2026-01-16T09:00:06.747+0000][gc,phases   ] GC(244)   Evacuate Collection Set: 583.1ms
[2026-01-16T09:00:06.747+0000][gc,phases   ] GC(244)   Post Evacuate Collection Set: 17.6ms
[2026-01-16T09:00:06.748+0000][gc,phases   ] GC(244)   Other: 1.9ms
[2026-01-16T09:00:06.748+0000][gc,heap     ] GC(244) Eden regions: 47->0(47)
[2026-01-16T09:00:06.748+0000][gc,heap     ] GC(244) Survivor regions: 4->4(7)
[2026-01-16T09:00:06.750+0000][gc,heap     ] GC(244) Old regions: 199->200
[2026-01-16T09:00:06.750+0000][gc,heap     ] GC(244) Humongous regions: 149->149
[2026-01-16T09:00:06.752+0000][gc,metaspace] GC(244) Metaspace: 13464K(13824K)->13464K(13824K) NonClass: 11817K(12032K)->11817K(12032K) Class: 1647K(1792K)->1647K(1792K)
[2026-01-16T09:00:06.756+0000][gc          ] GC(244) Pause Young (Normal) (G1 Evacuation Pause) 398M->352M(1024M) 658.492ms
[2026-01-16T09:00:06.759+0000][gc,cpu      ] GC(244) User=0.30s Sys=0.15s Real=0.67s
[2026-01-16T09:00:09.627+0000][gc,start    ] GC(245) Pause Young (Normal) (G1 Evacuation Pause)
[2026-01-16T09:00:09.632+0000][gc,task     ] GC(245) Using 8 workers of 8 for evacuation
[2026-01-16T09:00:09.989+0000][gc,mmu      ] GC(245) MMU target violated: 201.0ms (200.0ms/201.0ms)
[2026-01-16T09:00:09.992+0000][gc,phases   ] GC(245)   Pre Evacuate Collection Set: 38.7ms
[2026-01-16T09:00:09.992+0000][gc,phases   ] GC(245)   Merge Heap Roots: 4.7ms
[2026-01-16T09:00:09.994+0000][gc,phases   ] GC(245)   Evacuate Collection Set: 309.2ms
[2026-01-16T09:00:09.994+0000][gc,phases   ] GC(245)   Post Evacuate Collection Set: 3.8ms
[2026-01-16T09:00:09.994+0000][gc,phases   ] GC(245)   Other: 2.8ms
[2026-01-16T09:00:09.996+0000][gc,heap     ] GC(245) Eden regions: 47->0(46)
[2026-01-16T09:00:09.997+0000][gc,heap     ] GC(245) Survivor regions: 4->5(7)
[2026-01-16T09:00:10.000+0000][gc,heap     ] GC(245) Old regions: 200->200
[2026-01-16T09:00:10.000+0000][gc,heap     ] GC(245) Humongous regions: 149->149
[2026-01-16T09:00:10.001+0000][gc,metaspace] GC(245) Metaspace: 13472K(13824K)->13472K(13824K) NonClass: 11824K(12032K)->11824K(12032K) Class: 1647K(1792K)->1647K(1792K)
[2026-01-16T09:00:10.002+0000][gc          ] GC(245) Pause Young (Normal) (G1 Evacuation Pause) 399M->352M(1024M) 375.198ms
[2026-01-16T09:00:10.004+0000][gc,cpu      ] GC(245) User=0.23s Sys=0.01s Real=0.38s
[2026-01-16T09:00:11.461+0000][gc,start    ] GC(246) Pause Young (Normal) (G1 Evacuation Pause)
[2026-01-16T09:00:11.464+0000][gc,task     ] GC(246) Using 8 workers of 8 for evacuation
[2026-01-16T09:00:11.815+0000][gc,mmu      ] GC(246) MMU target violated: 201.0ms (200.0ms/201.0ms)
[2026-01-16T09:00:11.815+0000][gc,phases   ] GC(246)   Pre Evacuate Collection Set: 43.3ms
[2026-01-16T09:00:11.816+0000][gc,phases   ] GC(246)   Merge Heap Roots: 4.1ms
[2026-01-16T09:00:11.818+0000][gc,phases   ] GC(246)   Evacuate Collection Set: 283.7ms
[2026-01-16T09:00:11.819+0000][gc,phases   ] GC(246)   Post Evacuate Collection Set: 10.2ms
[2026-01-16T09:00:11.822+0000][gc,phases   ] GC(246)   Other: 9.8ms
[2026-01-16T09:00:11.826+0000][gc,heap     ] GC(246) Eden regions: 46->0(46)
[2026-01-16T09:00:11.827+0000][gc,heap     ] GC(246) Survivor regions: 5->5(7)
[2026-01-16T09:00:11.828+0000][gc,heap     ] GC(246) Old regions: 200->201
[2026-01-16T09:00:11.830+0000][gc,heap     ] GC(246) Humongous regions: 149->149
[2026-01-16T09:00:11.831+0000][gc,metaspace] GC(246) Metaspace: 13475K(13824K)->13475K(13824K) NonClass: 11828K(12032K)->11828K(12032K) Class: 1647K(1792K)->1647K(1792K)
[2026-01-16T09:00:11.837+0000][gc          ] GC(246) Pause Young (Normal) (G1 Evacuation Pause) 398M->353M(1024M) 376.404ms
[2026-01-16T09:00:11.843+0000][gc,cpu      ] GC(246) User=0.18s Sys=0.02s Real=0.38s
[2026-01-16T09:00:13.175+0000][gc,start    ] GC(247) Pause Young (Normal) (G1 Evacuation Pause)
[2026-01-16T09:00:13.178+0000][gc,task     ] GC(247) Using 8 workers of 8 for evacuation
[2026-01-16T09:00:13.558+0000][gc,mmu      ] GC(247) MMU target violated: 201.0ms (200.0ms/201.0ms)
[2026-01-16T09:00:13.560+0000][gc,phases   ] GC(247)   Pre Evacuate Collection Set: 23.3ms
[2026-01-16T09:00:13.560+0000][gc,phases   ] GC(247)   Merge Heap Roots: 0.7ms
[2026-01-16T09:00:13.560+0000][gc,phases   ] GC(247)   Evacuate Collection Set: 334.6ms
[2026-01-16T09:00:13.561+0000][gc,phases   ] GC(247)   Post Evacuate Collection Set: 21.1ms
[2026-01-16T09:00:13.562+0000][gc,phases   ] GC(247)   Other: 2.2ms
[2026-01-16T09:00:13.562+0000][gc,heap     ] GC(247) Eden regions: 46->0(46)
[2026-01-16T09:00:13.590+0000][gc,heap     ] GC(247) Survivor regions: 5->5(7)
[2026-01-16T09:00:13.593+0000][gc,heap     ] GC(247) Old regions: 201->202
[2026-01-16T09:00:13.597+0000][gc,heap     ] GC(247) Humongous regions: 149->149
[2026-01-16T09:00:13.600+0000][gc,metaspace] GC(247) Metaspace: 13480K(13824K)->13480K(13824K) NonClass: 11832K(12032K)->11832K(12032K) Class: 1647K(1792K)->1647K(1792K)
[2026-01-16T09:00:13.621+0000][gc          ] GC(247) Pause Young (Normal) (G1 Evacuation Pause) 399M->354M(1024M) 446.349ms
[2026-01-16T09:00:13.632+0000][gc,cpu      ] GC(247) User=0.19s Sys=0.00s Real=0.46s
[2026-01-16T09:00:15.362+0000][gc,start    ] GC(248) Pause Young (Normal) (G1 Evacuation Pause)
[2026-01-16T09:00:15.363+0000][gc,task     ] GC(248) Using 8 workers of 8 for evacuation
[2026-01-16T09:00:15.521+0000][gc,phases   ] GC(248)   Pre Evacuate Collection Set: 20.9ms
[2026-01-16T09:00:15.537+0000][gc,phases   ] GC(248)   Merge Heap Roots: 1.2ms
[2026-01-16T09:00:15.543+0000][gc,phases   ] GC(248)   Evacuate Collection Set: 123.6ms
[2026-01-16T09:00:15.544+0000][gc,phases   ] GC(248)   Post Evacuate Collection Set: 11.3ms
[2026-01-16T09:00:15.545+0000][gc,phases   ] GC(248)   Other: 1.5ms
[2026-01-16T09:00:15.546+0000][gc,heap     ] GC(248) Eden regions: 46->0(46)
[2026-01-16T09:00:15.546+0000][gc,heap     ] GC(248) Survivor regions: 5->5(7)
[2026-01-16T09:00:15.546+0000][gc,heap     ] GC(248) Old regions: 202->203
[2026-01-16T09:00:15.546+0000][gc,heap     ] GC(248) Humongous regions: 149->149
[2026-01-16T09:00:15.554+0000][gc,metaspace] GC(248) Metaspace: 13487K(13824K)->13487K(13824K) NonClass: 11840K(12032K)->11840K(12032K) Class: 1647K(1792K)->1647K(1792K)
[2026-01-16T09:00:15.556+0000][gc          ] GC(248) Pause Young (Normal) (G1 Evacuation Pause) 400M->355M(1024M) 194.354ms
[2026-01-16T09:00:15.557+0000][gc,cpu      ] GC(248) User=0.13s Sys=0.02s Real=0.19s
[2026-01-16T09:00:16.605+0000][gc,start    ] GC(249) Pause Young (Normal) (G1 Evacuation Pause)
[2026-01-16T09:00:16.610+0000][gc,task     ] GC(249) Using 8 workers of 8 for evacuation
[2026-01-16T09:00:16.791+0000][gc,phases   ] GC(249)   Pre Evacuate Collection Set: 6.7ms
[2026-01-16T09:00:16.791+0000][gc,phases   ] GC(249)   Merge Heap Roots: 0.3ms
[2026-01-16T09:00:16.793+0000][gc,phases   ] GC(249)   Evacuate Collection Set: 150.2ms
[2026-01-16T09:00:16.795+0000][gc,phases   ] GC(249)   Post Evacuate Collection Set: 22.3ms
[2026-01-16T09:00:16.799+0000][gc,phases   ] GC(249)   Other: 1.3ms
[2026-01-16T09:00:16.800+0000][gc,heap     ] GC(249) Eden regions: 46->0(47)
[2026-01-16T09:00:16.800+0000][gc,heap     ] GC(249) Survivor regions: 5->4(7)
[2026-01-16T09:00:16.801+0000][gc,heap     ] GC(249) Old regions: 203->204
[2026-01-16T09:00:16.801+0000][gc,heap     ] GC(249) Humongous regions: 149->149
[2026-01-16T09:00:16.802+0000][gc,metaspace] GC(249) Metaspace: 13493K(13824K)->13493K(13824K) NonClass: 11845K(12032K)->11845K(12032K) Class: 1647K(1792K)->1647K(1792K)
[2026-01-16T09:00:16.804+0000][gc          ] GC(249) Pause Young (Normal) (G1 Evacuation Pause) 401M->355M(1024M) 198.870ms
[2026-01-16T09:00:16.805+0000][gc,cpu      ] GC(249) User=0.08s Sys=0.02s Real=0.20s
[2026-01-16T09:00:17.844+0000][gc,start    ] GC(250) Pause Young (Normal) (G1 Evacuation Pause)
[2026-01-16T09:00:17.845+0000][gc,task     ] GC(250) Using 8 workers of 8 for evacuation
[2026-01-16T09:00:18.028+0000][gc,phases   ] GC(250)   Pre Evacuate Collection Set: 14.8ms
[2026-01-16T09:00:18.030+0000][gc,phases   ] GC(250)   Merge Heap Roots: 5.1ms
[2026-01-16T09:00:18.031+0000][gc,phases   ] GC(250)   Evacuate Collection Set: 158.7ms
[2026-01-16T09:00:18.031+0000][gc,phases   ] GC(250)   Post Evacuate Collection Set: 3.0ms
[2026-01-16T09:00:18.031+0000][gc,phases   ] GC(250)   Other: 1.4ms
[2026-01-16T09:00:18.032+0000][gc,heap     ] GC(250) Eden regions: 47->0(46)
[2026-01-16T09:00:18.032+0000][gc,heap     ] GC(250) Survivor regions: 4->5(7)
[2026-01-16T09:00:18.032+0000][gc,heap     ] GC(250) Old regions: 204->204
[2026-01-16T09:00:18.033+0000][gc,heap     ] GC(250) Humongous regions: 149->149
[2026-01-16T09:00:18.033+0000][gc,metaspace] GC(250) Metaspace: 13496K(13824K)->13496K(13824K) NonClass: 11848K(12032K)->11848K(12032K) Class: 1647K(1792K)->1647K(1792K)
[2026-01-16T09:00:18.033+0000][gc          ] GC(250) Pause Young (Normal) (G1 Evacuation Pause) 402M->356M(1024M) 189.286ms
[2026-01-16T09:00:18.033+0000][gc,cpu      ] GC(250) User=0.09s Sys=0.02s Real=0.19s
[2026-01-16T09:00:19.373+0000][gc,start    ] GC(251) Pause Young (Normal) (G1 Evacuation Pause)
[2026-01-16T09:00:19.374+0000][gc,task     ] GC(251) Using 8 workers of 8 for evacuation
[2026-01-16T09:00:19.548+0000][gc,phases   ] GC(251)   Pre Evacuate Collection Set: 20.3ms
[2026-01-16T09:00:19.548+0000][gc,phases   ] GC(251)   Merge Heap Roots: 0.6ms
[2026-01-16T09:00:19.549+0000][gc,phases   ] GC(251)   Evacuate Collection Set: 130.4ms
[2026-01-16T09:00:19.550+0000][gc,phases   ] GC(251)   Post Evacuate Collection Set: 20.8ms
[2026-01-16T09:00:19.550+0000][gc,phases   ] GC(251)   Other: 1.5ms
[2026-01-16T09:00:19.551+0000][gc,heap     ] GC(251) Eden regions: 46->0(47)
[2026-01-16T09:00:19.551+0000][gc,heap     ] GC(251) Survivor regions: 5->4(7)
[2026-01-16T09:00:19.553+0000][gc,heap     ] GC(251) Old regions: 204->205
[2026-01-16T09:00:19.554+0000][gc,heap     ] GC(251) Humongous regions: 149->149
[2026-01-16T09:00:19.554+0000][gc,metaspace] GC(251) Metaspace: 13500K(13824K)->13500K(13824K) NonClass: 11853K(12032K)->11853K(12032K) Class: 1647K(1792K)->1647K(1792K)
[2026-01-16T09:00:19.554+0000][gc          ] GC(251) Pause Young (Normal) (G1 Evacuation Pause) 402M->357M(1024M) 181.201ms
[2026-01-16T09:00:19.554+0000][gc,cpu      ] GC(251) User=0.11s Sys=0.01s Real=0.18s
[2026-01-16T09:00:20.115+0000][gc,start    ] GC(252) Pause Young (Normal) (G1 Evacuation Pause)
[2026-01-16T09:00:20.124+0000][gc,task     ] GC(252) Using 8 workers of 8 for evacuation
[2026-01-16T09:00:20.824+0000][gc,mmu      ] GC(252) MMU target violated: 201.0ms (200.0ms/201.0ms)
[2026-01-16T09:00:20.829+0000][gc,phases   ] GC(252)   Pre Evacuate Collection Set: 44.6ms
[2026-01-16T09:00:20.829+0000][gc,phases   ] GC(252)   Merge Heap Roots: 0.3ms
[2026-01-16T09:00:20.832+0000][gc,phases   ] GC(252)   Evacuate Collection Set: 627.8ms
[2026-01-16T09:00:20.832+0000][gc,phases   ] GC(252)   Post Evacuate Collection Set: 25.8ms
[2026-01-16T09:00:20.832+0000][gc,phases   ] GC(252)   Other: 6.5ms
[2026-01-16T09:00:20.832+0000][gc,heap     ] GC(252) Eden regions: 47->0(46)
[2026-01-16T09:00:20.832+0000][gc,heap     ] GC(252) Survivor regions: 4->5(7)
[2026-01-16T09:00:20.833+0000][gc,heap     ] GC(252) Old regions: 205->206
[2026-01-16T09:00:20.833+0000][gc,heap     ] GC(252) Humongous regions: 149->149
[2026-01-16T09:00:20.835+0000][gc,metaspace] GC(252) Metaspace: 13502K(13824K)->13502K(13824K) NonClass: 11855K(12032K)->11855K(12032K) Class: 1647K(1792K)->1647K(1792K)
[2026-01-16T09:00:20.836+0000][gc          ] GC(252) Pause Young (Normal) (G1 Evacuation Pause) 404M->359M(1024M) 720.893ms
[2026-01-16T09:00:20.838+0000][gc,cpu      ] GC(252) User=0.23s Sys=0.03s Real=0.73s
[2026-01-16T09:00:22.922+0000][gc,start    ] GC(253) Pause Young (Normal) (G1 Evacuation Pause)
[2026-01-16T09:00:22.949+0000][gc,task     ] GC(253) Using 8 workers of 8 for evacuation
[2026-01-16T09:00:23.335+0000][gc,mmu      ] GC(253) MMU target violated: 201.0ms (200.0ms/201.0ms)
[2026-01-16T09:00:23.345+0000][gc,phases   ] GC(253)   Pre Evacuate Collection Set: 40.9ms
[2026-01-16T09:00:23.347+0000][gc,phases   ] GC(253)   Merge Heap Roots: 15.6ms
[2026-01-16T09:00:23.349+0000][gc,phases   ] GC(253)   Evacuate Collection Set: 303.0ms
[2026-01-16T09:00:23.350+0000][gc,phases   ] GC(253)   Post Evacuate Collection Set: 24.1ms
[2026-01-16T09:00:23.351+0000][gc,phases   ] GC(253)   Other: 12.4ms
[2026-01-16T09:00:23.352+0000][gc,heap     ] GC(253) Eden regions: 46->0(47)
[2026-01-16T09:00:23.353+0000][gc,heap     ] GC(253) Survivor regions: 5->4(7)
[2026-01-16T09:00:23.355+0000][gc,heap     ] GC(253) Old regions: 206->207
[2026-01-16T09:00:23.356+0000][gc,heap     ] GC(253) Humongous regions: 149->149
[2026-01-16T09:00:23.359+0000][gc,metaspace] GC(253) Metaspace: 13505K(13824K)->13505K(13824K) NonClass: 11858K(12032K)->11858K(12032K) Class: 1647K(1792K)->1647K(1792K)
[2026-01-16T09:00:23.359+0000][gc          ] GC(253) Pause Young (Normal) (G1 Evacuation Pause) 405M->359M(1024M) 437.314ms
[2026-01-16T09:00:23.359+0000][gc,cpu      ] GC(253) User=0.25s Sys=0.03s Real=0.44s
[2026-01-16T09:00:24.665+0000][gc,start    ] GC(254) Pause Young (Normal) (G1 Evacuation Pause)
[2026-01-16T09:00:24.689+0000][gc,task     ] GC(254) Using 8 workers of 8 for evacuation
[2026-01-16T09:00:25.291+0000][gc,mmu      ] GC(254) MMU target violated: 201.0ms (200.0ms/201.0ms)
[2026-01-16T09:00:25.293+0000][gc,phases   ] GC(254)   Pre Evacuate Collection Set: 79.0ms
[2026-01-16T09:00:25.295+0000][gc,phases   ] GC(254)   Merge Heap Roots: 9.5ms
[2026-01-16T09:00:25.313+0000][gc,phases   ] GC(254)   Evacuate Collection Set: 497.3ms
[2026-01-16T09:00:25.313+0000][gc,phases   ] GC(254)   Post Evacuate Collection Set: 13.3ms
[2026-01-16T09:00:25.316+0000][gc,phases   ] GC(254)   Other: 27.5ms
[2026-01-16T09:00:25.319+0000][gc,heap     ] GC(254) Eden regions: 47->0(46)
[2026-01-16T09:00:25.319+0000][gc,heap     ] GC(254) Survivor regions: 4->5(7)
[2026-01-16T09:00:25.319+0000][gc,heap     ] GC(254) Old regions: 207->207
[2026-01-16T09:00:25.321+0000][gc,heap     ] GC(254) Humongous regions: 149->149
[2026-01-16T09:00:25.321+0000][gc,metaspace] GC(254) Metaspace: 13505K(13824K)->13505K(13824K) NonClass: 11858K(12032K)->11858K(12032K) Class: 1647K(1792K)->1647K(1792K)
[2026-01-16T09:00:25.327+0000][gc          ] GC(254) Pause Young (Normal) (G1 Evacuation Pause) 406M->359M(1024M) 662.011ms
[2026-01-16T09:00:25.349+0000][gc,cpu      ] GC(254) User=0.28s Sys=0.01s Real=0.67s
[2026-01-16T09:00:27.878+0000][gc,start    ] GC(255) Pause Young (Normal) (G1 Evacuation Pause)
[2026-01-16T09:00:27.883+0000][gc,task     ] GC(255) Using 8 workers of 8 for evacuation
[2026-01-16T09:00:28.135+0000][gc,mmu      ] GC(255) MMU target violated: 201.0ms (200.0ms/201.0ms)
[2026-01-16T09:00:28.136+0000][gc,phases   ] GC(255)   Pre Evacuate Collection Set: 8.9ms
[2026-01-16T09:00:28.137+0000][gc,phases   ] GC(255)   Merge Heap Roots: 4.7ms
[2026-01-16T09:00:28.138+0000][gc,phases   ] GC(255)   Evacuate Collection Set: 223.9ms
[2026-01-16T09:00:28.138+0000][gc,phases   ] GC(255)   Post Evacuate Collection Set: 10.4ms
[2026-01-16T09:00:28.138+0000][gc,phases   ] GC(255)   Other: 5.8ms
[2026-01-16T09:00:28.139+0000][gc,heap     ] GC(255) Eden regions: 46->0(46)
[2026-01-16T09:00:28.139+0000][gc,heap     ] GC(255) Survivor regions: 5->5(7)
[2026-01-16T09:00:28.139+0000][gc,heap     ] GC(255) Old regions: 207->207
[2026-01-16T09:00:28.140+0000][gc,heap     ] GC(255) Humongous regions: 149->149
[2026-01-16T09:00:28.140+0000][gc,metaspace] GC(255) Metaspace: 13508K(13824K)->13508K(13824K) NonClass: 11861K(12032K)->11861K(12032K) Class: 1647K(1792K)->1647K(1792K)
[2026-01-16T09:00:28.143+0000][gc          ] GC(255) Pause Young (Normal) (G1 Evacuation Pause) 405M->360M(1024M) 265.051ms
[2026-01-16T09:00:28.144+0000][gc,cpu      ] GC(255) User=0.17s Sys=0.01s Real=0.26s
[2026-01-16T09:00:29.779+0000][gc,start    ] GC(256) Pause Young (Normal) (G1 Evacuation Pause)
[2026-01-16T09:00:29.786+0000][gc,task     ] GC(256) Using 8 workers of 8 for evacuation
[2026-01-16T09:00:30.161+0000][gc,mmu      ] GC(256) MMU target violated: 201.0ms (200.0ms/201.0ms)
[2026-01-16T09:00:30.166+0000][gc,phases   ] GC(256)   Pre Evacuate Collection Set: 10.8ms
[2026-01-16T09:00:30.166+0000][gc,phases   ] GC(256)   Merge Heap Roots: 2.9ms
[2026-01-16T09:00:30.168+0000][gc,phases   ] GC(256)   Evacuate Collection Set: 325.9ms
[2026-01-16T09:00:30.176+0000][gc,phases   ] GC(256)   Post Evacuate Collection Set: 22.2ms
[2026-01-16T09:00:30.176+0000][gc,phases   ] GC(256)   Other: 18.3ms
[2026-01-16T09:00:30.179+0000][gc,heap     ] GC(256) Eden regions: 46->0(46)
[2026-01-16T09:00:30.180+0000][gc,heap     ] GC(256) Survivor regions: 5->5(7)
[2026-01-16T09:00:30.180+0000][gc,heap     ] GC(256) Old regions: 207->208
[2026-01-16T09:00:30.181+0000][gc,heap     ] GC(256) Humongous regions: 149->149
[2026-01-16T09:00:30.181+0000][gc,metaspace] GC(256) Metaspace: 13516K(13824K)->13516K(13824K) NonClass: 11869K(12032K)->11869K(12032K) Class: 1647K(1792K)->1647K(1792K)
[2026-01-16T09:00:30.181+0000][gc          ] GC(256) Pause Young (Normal) (G1 Evacuation Pause) 406M->361M(1024M) 402.214ms
[2026-01-16T09:00:30.182+0000][gc,cpu      ] GC(256) User=0.20s Sys=0.03s Real=0.40s
[2026-01-16T09:00:31.133+0000][gc,start    ] GC(257) Pause Young (Normal) (G1 Evacuation Pause)
[2026-01-16T09:00:31.136+0000][gc,task     ] GC(257) Using 8 workers of 8 for evacuation
[2026-01-16T09:00:31.378+0000][gc,mmu      ] GC(257) MMU target violated: 201.0ms (200.0ms/201.0ms)
[2026-01-16T09:00:31.396+0000][gc,phases   ] GC(257)   Pre Evacuate Collection Set: 9.2ms
[2026-01-16T09:00:31.398+0000][gc,phases   ] GC(257)   Merge Heap Roots: 0.6ms
[2026-01-16T09:00:31.399+0000][gc,phases   ] GC(257)   Evacuate Collection Set: 198.6ms
[2026-01-16T09:00:31.404+0000][gc,phases   ] GC(257)   Post Evacuate Collection Set: 25.2ms
[2026-01-16T09:00:31.406+0000][gc,phases   ] GC(257)   Other: 26.4ms
[2026-01-16T09:00:31.406+0000][gc,heap     ] GC(257) Eden regions: 46->0(47)
[2026-01-16T09:00:31.406+0000][gc,heap     ] GC(257) Survivor regions: 5->4(7)
[2026-01-16T09:00:31.406+0000][gc,heap     ] GC(257) Old regions: 208->210
[2026-01-16T09:00:31.406+0000][gc,heap     ] GC(257) Humongous regions: 149->149
[2026-01-16T09:00:31.406+0000][gc,metaspace] GC(257) Metaspace: 13520K(13824K)->13520K(13824K) NonClass: 11872K(12032K)->11872K(12032K) Class: 1647K(1792K)->1647K(1792K)
[2026-01-16T09:00:31.407+0000][gc          ] GC(257) Pause Young (Normal) (G1 Evacuation Pause) 407M->362M(1024M) 273.673ms
[2026-01-16T09:00:31.409+0000][gc,cpu      ] GC(257) User=0.13s Sys=0.04s Real=0.28s
[2026-01-16T09:00:34.372+0000][gc,start    ] GC(258) Pause Young (Normal) (G1 Evacuation Pause)
[2026-01-16T09:00:34.374+0000][gc,task     ] GC(258) Using 8 workers of 8 for evacuation
[2026-01-16T09:00:34.705+0000][gc,mmu      ] GC(258) MMU target violated: 201.0ms (200.0ms/201.0ms)
[2026-01-16T09:00:34.706+0000][gc,phases   ] GC(258)   Pre Evacuate Collection Set: 49.6ms
[2026-01-16T09:00:34.707+0000][gc,phases   ] GC(258)   Merge Heap Roots: 1.8ms
[2026-01-16T09:00:34.708+0000][gc,phases   ] GC(258)   Evacuate Collection Set: 198.4ms
[2026-01-16T09:00:34.709+0000][gc,phases   ] GC(258)   Post Evacuate Collection Set: 51.6ms
[2026-01-16T09:00:34.711+0000][gc,phases   ] GC(258)   Other: 31.3ms
[2026-01-16T09:00:34.711+0000][gc,heap     ] GC(258) Eden regions: 47->0(46)
[2026-01-16T09:00:34.712+0000][gc,heap     ] GC(258) Survivor regions: 4->5(7)
[2026-01-16T09:00:34.713+0000][gc,heap     ] GC(258) Old regions: 210->210
[2026-01-16T09:00:34.713+0000][gc,heap     ] GC(258) Humongous regions: 149->149
[2026-01-16T09:00:34.714+0000][gc,metaspace] GC(258) Metaspace: 13524K(13824K)->13524K(13824K) NonClass: 11876K(12032K)->11876K(12032K) Class: 1647K(1792K)->1647K(1792K)
[2026-01-16T09:00:34.717+0000][gc          ] GC(258) Pause Young (Normal) (G1 Evacuation Pause) 409M->362M(1024M) 345.305ms
[2026-01-16T09:00:34.718+0000][gc,cpu      ] GC(258) User=0.19s Sys=0.01s Real=0.35s
[2026-01-16T09:00:36.400+0000][gc,start    ] GC(259) Pause Young (Normal) (G1 Evacuation Pause)
[2026-01-16T09:00:36.430+0000][gc,task     ] GC(259) Using 8 workers of 8 for evacuation
[2026-01-16T09:00:36.638+0000][gc,mmu      ] GC(259) MMU target violated: 200.1ms (200.0ms/201.0ms)
[2026-01-16T09:00:36.641+0000][gc,phases   ] GC(259)   Pre Evacuate Collection Set: 9.8ms
[2026-01-16T09:00:36.647+0000][gc,phases   ] GC(259)   Merge Heap Roots: 6.1ms
[2026-01-16T09:00:36.647+0000][gc,phases   ] GC(259)   Evacuate Collection Set: 170.5ms
[2026-01-16T09:00:36.647+0000][gc,phases   ] GC(259)   Post Evacuate Collection Set: 13.5ms
[2026-01-16T09:00:36.653+0000][gc,phases   ] GC(259)   Other: 10.6ms
[2026-01-16T09:00:36.654+0000][gc,heap     ] GC(259) Eden regions: 46->0(46)
[2026-01-16T09:00:36.655+0000][gc,heap     ] GC(259) Survivor regions: 5->5(7)
[2026-01-16T09:00:36.657+0000][gc,heap     ] GC(259) Old regions: 210->211
[2026-01-16T09:00:36.658+0000][gc,heap     ] GC(259) Humongous regions: 149->149
[2026-01-16T09:00:36.659+0000][gc,metaspace] GC(259) Metaspace: 13526K(13824K)->13526K(13824K) NonClass: 11878K(12032K)->11878K(12032K) Class: 1647K(1792K)->1647K(1792K)
[2026-01-16T09:00:36.659+0000][gc          ] GC(259) Pause Young (Normal) (G1 Evacuation Pause) 408M->363M(1024M) 259.055ms
[2026-01-16T09:00:36.660+0000][gc,cpu      ] GC(259) User=0.15s Sys=0.01s Real=0.26s
[2026-01-16T09:00:38.163+0000][gc,start    ] GC(260) Pause Young (Normal) (G1 Evacuation Pause)
[2026-01-16T09:00:38.213+0000][gc,task     ] GC(260) Using 8 workers of 8 for evacuation
[2026-01-16T09:00:38.640+0000][gc,mmu      ] GC(260) MMU target violated: 201.0ms (200.0ms/201.0ms)
[2026-01-16T09:00:38.648+0000][gc,phases   ] GC(260)   Pre Evacuate Collection Set: 46.0ms
[2026-01-16T09:00:38.658+0000][gc,phases   ] GC(260)   Merge Heap Roots: 4.6ms
[2026-01-16T09:00:38.661+0000][gc,phases   ] GC(260)   Evacuate Collection Set: 307.1ms
[2026-01-16T09:00:38.662+0000][gc,phases   ] GC(260)   Post Evacuate Collection Set: 64.3ms
[2026-01-16T09:00:38.662+0000][gc,phases   ] GC(260)   Other: 13.3ms
[2026-01-16T09:00:38.662+0000][gc,heap     ] GC(260) Eden regions: 46->0(47)
[2026-01-16T09:00:38.662+0000][gc,heap     ] GC(260) Survivor regions: 5->4(7)
[2026-01-16T09:00:38.664+0000][gc,heap     ] GC(260) Old regions: 211->212
[2026-01-16T09:00:38.664+0000][gc,heap     ] GC(260) Humongous regions: 149->149
[2026-01-16T09:00:38.664+0000][gc,metaspace] GC(260) Metaspace: 13530K(13824K)->13530K(13824K) NonClass: 11882K(12032K)->11882K(12032K) Class: 1647K(1792K)->1647K(1792K)
[2026-01-16T09:00:38.664+0000][gc          ] GC(260) Pause Young (Normal) (G1 Evacuation Pause) 409M->364M(1024M) 501.226ms
[2026-01-16T09:00:38.666+0000][gc,cpu      ] GC(260) User=0.45s Sys=0.16s Real=0.51s
[2026-01-16T09:00:43.551+0000][gc,start    ] GC(261) Pause Young (Normal) (G1 Evacuation Pause)
[2026-01-16T09:00:43.646+0000][gc,task     ] GC(261) Using 8 workers of 8 for evacuation
[2026-01-16T09:00:44.366+0000][gc,mmu      ] GC(261) MMU target violated: 201.0ms (200.0ms/201.0ms)
[2026-01-16T09:00:44.371+0000][gc,phases   ] GC(261)   Pre Evacuate Collection Set: 215.3ms
[2026-01-16T09:00:44.373+0000][gc,phases   ] GC(261)   Merge Heap Roots: 15.1ms
[2026-01-16T09:00:44.376+0000][gc,phases   ] GC(261)   Evacuate Collection Set: 480.3ms
[2026-01-16T09:00:44.377+0000][gc,phases   ] GC(261)   Post Evacuate Collection Set: 6.0ms
[2026-01-16T09:00:44.378+0000][gc,phases   ] GC(261)   Other: 26.2ms
[2026-01-16T09:00:44.380+0000][gc,heap     ] GC(261) Eden regions: 47->0(46)
[2026-01-16T09:00:44.386+0000][gc,heap     ] GC(261) Survivor regions: 4->5(7)
[2026-01-16T09:00:44.388+0000][gc,heap     ] GC(261) Old regions: 212->212
[2026-01-16T09:00:44.388+0000][gc,heap     ] GC(261) Humongous regions: 149->149
[2026-01-16T09:00:44.388+0000][gc,metaspace] GC(261) Metaspace: 13530K(13824K)->13530K(13824K) NonClass: 11883K(12032K)->11883K(12032K) Class: 1647K(1792K)->1647K(1792K)
[2026-01-16T09:00:44.395+0000][gc          ] GC(261) Pause Young (Normal) (G1 Evacuation Pause) 411M->364M(1024M) 843.750ms
[2026-01-16T09:00:44.400+0000][gc,cpu      ] GC(261) User=0.66s Sys=0.12s Real=0.85s
[2026-01-16T09:00:50.043+0000][gc,start    ] GC(262) Pause Young (Normal) (G1 Evacuation Pause)
[2026-01-16T09:00:50.112+0000][gc,task     ] GC(262) Using 8 workers of 8 for evacuation
[2026-01-16T09:00:51.050+0000][gc,mmu      ] GC(262) MMU target violated: 201.0ms (200.0ms/201.0ms)
[2026-01-16T09:00:51.052+0000][gc,phases   ] GC(262)   Pre Evacuate Collection Set: 138.3ms
[2026-01-16T09:00:51.055+0000][gc,phases   ] GC(262)   Merge Heap Roots: 34.0ms
[2026-01-16T09:00:51.063+0000][gc,phases   ] GC(262)   Evacuate Collection Set: 687.9ms
[2026-01-16T09:00:51.065+0000][gc,phases   ] GC(262)   Post Evacuate Collection Set: 74.8ms
[2026-01-16T09:00:51.069+0000][gc,phases   ] GC(262)   Other: 71.8ms
[2026-01-16T09:00:51.072+0000][gc,heap     ] GC(262) Eden regions: 46->0(47)
[2026-01-16T09:00:51.074+0000][gc,heap     ] GC(262) Survivor regions: 5->4(7)
[2026-01-16T09:00:51.075+0000][gc,heap     ] GC(262) Old regions: 212->213
[2026-01-16T09:00:51.078+0000][gc,heap     ] GC(262) Humongous regions: 149->149
[2026-01-16T09:00:51.079+0000][gc,metaspace] GC(262) Metaspace: 13551K(13888K)->13551K(13888K) NonClass: 11904K(12096K)->11904K(12096K) Class: 1647K(1792K)->1647K(1792K)
[2026-01-16T09:00:51.084+0000][gc          ] GC(262) Pause Young (Normal) (G1 Evacuation Pause) 410M->365M(1024M) 1040.924ms
[2026-01-16T09:00:51.087+0000][gc,cpu      ] GC(262) User=0.61s Sys=0.03s Real=1.05s
[2026-01-16T09:00:55.047+0000][gc,start    ] GC(263) Pause Young (Normal) (G1 Evacuation Pause)
[2026-01-16T09:00:55.056+0000][gc,task     ] GC(263) Using 8 workers of 8 for evacuation
[2026-01-16T09:00:56.287+0000][gc,mmu      ] GC(263) MMU target violated: 201.0ms (200.0ms/201.0ms)
[2026-01-16T09:00:56.308+0000][gc,phases   ] GC(263)   Pre Evacuate Collection Set: 87.7ms
[2026-01-16T09:00:56.322+0000][gc,phases   ] GC(263)   Merge Heap Roots: 0.9ms
[2026-01-16T09:00:56.324+0000][gc,phases   ] GC(263)   Evacuate Collection Set: 1044.8ms
[2026-01-16T09:00:56.324+0000][gc,phases   ] GC(263)   Post Evacuate Collection Set: 94.2ms
[2026-01-16T09:00:56.326+0000][gc,phases   ] GC(263)   Other: 24.3ms
[2026-01-16T09:00:56.326+0000][gc,heap     ] GC(263) Eden regions: 47->0(46)
[2026-01-16T09:00:56.328+0000][gc,heap     ] GC(263) Survivor regions: 4->5(7)
[2026-01-16T09:00:56.328+0000][gc,heap     ] GC(263) Old regions: 213->213
[2026-01-16T09:00:56.329+0000][gc,heap     ] GC(263) Humongous regions: 149->149
[2026-01-16T09:00:56.329+0000][gc,metaspace] GC(263) Metaspace: 13553K(13888K)->13553K(13888K) NonClass: 11905K(12096K)->11905K(12096K) Class: 1647K(1792K)->1647K(1792K)
[2026-01-16T09:00:56.334+0000][gc          ] GC(263) Pause Young (Normal) (G1 Evacuation Pause) 412M->366M(1024M) 1286.365ms
[2026-01-16T09:00:56.342+0000][gc,cpu      ] GC(263) User=0.49s Sys=0.05s Real=1.30s
[2026-01-16T09:01:02.758+0000][gc,start    ] GC(264) Pause Young (Normal) (G1 Evacuation Pause)
[2026-01-16T09:01:02.778+0000][gc,task     ] GC(264) Using 8 workers of 8 for evacuation
[2026-01-16T09:01:04.252+0000][gc,mmu      ] GC(264) MMU target violated: 201.0ms (200.0ms/201.0ms)
[2026-01-16T09:01:04.260+0000][gc,phases   ] GC(264)   Pre Evacuate Collection Set: 170.9ms
[2026-01-16T09:01:04.261+0000][gc,phases   ] GC(264)   Merge Heap Roots: 50.1ms
[2026-01-16T09:01:04.263+0000][gc,phases   ] GC(264)   Evacuate Collection Set: 1150.3ms
[2026-01-16T09:01:04.264+0000][gc,phases   ] GC(264)   Post Evacuate Collection Set: 111.3ms
[2026-01-16T09:01:04.267+0000][gc,phases   ] GC(264)   Other: 29.3ms
[2026-01-16T09:01:04.271+0000][gc,heap     ] GC(264) Eden regions: 46->0(47)
[2026-01-16T09:01:04.280+0000][gc,heap     ] GC(264) Survivor regions: 5->4(7)
[2026-01-16T09:01:04.281+0000][gc,heap     ] GC(264) Old regions: 213->215
[2026-01-16T09:01:04.282+0000][gc,heap     ] GC(264) Humongous regions: 149->149
[2026-01-16T09:01:04.283+0000][gc,metaspace] GC(264) Metaspace: 13554K(13888K)->13554K(13888K) NonClass: 11906K(12096K)->11906K(12096K) Class: 1647K(1792K)->1647K(1792K)
[2026-01-16T09:01:04.284+0000][gc          ] GC(264) Pause Young (Normal) (G1 Evacuation Pause) 412M->367M(1024M) 1539.107ms
[2026-01-16T09:01:04.287+0000][gc,cpu      ] GC(264) User=0.89s Sys=0.20s Real=1.54s
[2026-01-16T09:01:10.276+0000][gc,start    ] GC(265) Pause Young (Normal) (G1 Evacuation Pause)
[2026-01-16T09:01:10.327+0000][gc,task     ] GC(265) Using 8 workers of 8 for evacuation
[2026-01-16T09:01:11.676+0000][gc,mmu      ] GC(265) MMU target violated: 201.0ms (200.0ms/201.0ms)
[2026-01-16T09:01:11.690+0000][gc,phases   ] GC(265)   Pre Evacuate Collection Set: 186.2ms
[2026-01-16T09:01:11.693+0000][gc,phases   ] GC(265)   Merge Heap Roots: 34.1ms
[2026-01-16T09:01:11.693+0000][gc,phases   ] GC(265)   Evacuate Collection Set: 1050.8ms
[2026-01-16T09:01:11.693+0000][gc,phases   ] GC(265)   Post Evacuate Collection Set: 77.0ms
[2026-01-16T09:01:11.774+0000][gc,phases   ] GC(265)   Other: 15.8ms
[2026-01-16T09:01:11.776+0000][gc,heap     ] GC(265) Eden regions: 47->0(47)
[2026-01-16T09:01:11.799+0000][gc,heap     ] GC(265) Survivor regions: 4->4(7)
[2026-01-16T09:01:11.803+0000][gc,heap     ] GC(265) Old regions: 215->215
[2026-01-16T09:01:11.808+0000][gc,heap     ] GC(265) Humongous regions: 149->149
[2026-01-16T09:01:11.812+0000][gc,metaspace] GC(265) Metaspace: 13633K(13952K)->13633K(13952K) NonClass: 11982K(12160K)->11982K(12160K) Class: 1650K(1792K)->1650K(1792K)
[2026-01-16T09:01:11.841+0000][gc          ] GC(265) Pause Young (Normal) (G1 Evacuation Pause) 414M->367M(1024M) 1541.845ms
[2026-01-16T09:01:11.844+0000][gc,cpu      ] GC(265) User=0.55s Sys=0.09s Real=1.57s
[2026-01-16T09:01:15.554+0000][gc,start    ] GC(266) Pause Young (Normal) (G1 Evacuation Pause)
[2026-01-16T09:01:15.577+0000][gc,task     ] GC(266) Using 8 workers of 8 for evacuation
[2026-01-16T09:01:16.411+0000][gc,mmu      ] GC(266) MMU target violated: 201.0ms (200.0ms/201.0ms)
[2026-01-16T09:01:16.411+0000][gc,phases   ] GC(266)   Pre Evacuate Collection Set: 148.5ms
[2026-01-16T09:01:16.419+0000][gc,phases   ] GC(266)   Merge Heap Roots: 7.0ms
[2026-01-16T09:01:16.419+0000][gc,phases   ] GC(266)   Evacuate Collection Set: 640.0ms
[2026-01-16T09:01:16.420+0000][gc,phases   ] GC(266)   Post Evacuate Collection Set: 26.2ms
[2026-01-16T09:01:16.426+0000][gc,phases   ] GC(266)   Other: 14.2ms
[2026-01-16T09:01:16.432+0000][gc,heap     ] GC(266) Eden regions: 47->0(46)
[2026-01-16T09:01:16.432+0000][gc,heap     ] GC(266) Survivor regions: 4->5(7)
[2026-01-16T09:01:16.432+0000][gc,heap     ] GC(266) Old regions: 215->216
[2026-01-16T09:01:16.432+0000][gc,heap     ] GC(266) Humongous regions: 149->149
[2026-01-16T09:01:16.434+0000][gc,metaspace] GC(266) Metaspace: 13650K(13952K)->13650K(13952K) NonClass: 11996K(12160K)->11996K(12160K) Class: 1653K(1792K)->1653K(1792K)
[2026-01-16T09:01:16.435+0000][gc          ] GC(266) Pause Young (Normal) (G1 Evacuation Pause) 414M->369M(1024M) 881.416ms
[2026-01-16T09:01:16.437+0000][gc,cpu      ] GC(266) User=0.38s Sys=0.03s Real=0.88s
[2026-01-16T09:01:18.940+0000][gc,start    ] GC(267) Pause Young (Normal) (G1 Evacuation Pause)
[2026-01-16T09:01:18.942+0000][gc,task     ] GC(267) Using 8 workers of 8 for evacuation
[2026-01-16T09:01:19.790+0000][gc,mmu      ] GC(267) MMU target violated: 201.0ms (200.0ms/201.0ms)
[2026-01-16T09:01:19.798+0000][gc,phases   ] GC(267)   Pre Evacuate Collection Set: 44.9ms
[2026-01-16T09:01:19.799+0000][gc,phases   ] GC(267)   Merge Heap Roots: 28.1ms
[2026-01-16T09:01:19.799+0000][gc,phases   ] GC(267)   Evacuate Collection Set: 702.8ms
[2026-01-16T09:01:19.800+0000][gc,phases   ] GC(267)   Post Evacuate Collection Set: 55.7ms
[2026-01-16T09:01:19.800+0000][gc,phases   ] GC(267)   Other: 25.4ms
[2026-01-16T09:01:19.801+0000][gc,heap     ] GC(267) Eden regions: 46->0(47)
[2026-01-16T09:01:19.801+0000][gc,heap     ] GC(267) Survivor regions: 5->4(7)
[2026-01-16T09:01:19.801+0000][gc,heap     ] GC(267) Old regions: 216->217
[2026-01-16T09:01:19.802+0000][gc,heap     ] GC(267) Humongous regions: 149->149
[2026-01-16T09:01:19.803+0000][gc,metaspace] GC(267) Metaspace: 13664K(14016K)->13664K(14016K) NonClass: 12006K(12160K)->12006K(12160K) Class: 1657K(1856K)->1657K(1856K)
[2026-01-16T09:01:19.804+0000][gc          ] GC(267) Pause Young (Normal) (G1 Evacuation Pause) 415M->369M(1024M) 864.132ms
[2026-01-16T09:01:19.806+0000][gc,cpu      ] GC(267) User=0.41s Sys=0.05s Real=0.87s
[2026-01-16T09:01:22.068+0000][gc,start    ] GC(268) Pause Young (Normal) (G1 Evacuation Pause)
[2026-01-16T09:01:22.070+0000][gc,task     ] GC(268) Using 8 workers of 8 for evacuation
[2026-01-16T09:01:22.424+0000][gc,mmu      ] GC(268) MMU target violated: 201.0ms (200.0ms/201.0ms)
[2026-01-16T09:01:22.426+0000][gc,phases   ] GC(268)   Pre Evacuate Collection Set: 23.3ms
[2026-01-16T09:01:22.429+0000][gc,phases   ] GC(268)   Merge Heap Roots: 2.8ms
[2026-01-16T09:01:22.430+0000][gc,phases   ] GC(268)   Evacuate Collection Set: 277.3ms
[2026-01-16T09:01:22.431+0000][gc,phases   ] GC(268)   Post Evacuate Collection Set: 34.9ms
[2026-01-16T09:01:22.431+0000][gc,phases   ] GC(268)   Other: 17.7ms
[2026-01-16T09:01:22.432+0000][gc,heap     ] GC(268) Eden regions: 47->0(46)
[2026-01-16T09:01:22.432+0000][gc,heap     ] GC(268) Survivor regions: 4->5(7)
[2026-01-16T09:01:22.433+0000][gc,heap     ] GC(268) Old regions: 217->218
[2026-01-16T09:01:22.433+0000][gc,heap     ] GC(268) Humongous regions: 149->149
[2026-01-16T09:01:22.433+0000][gc,metaspace] GC(268) Metaspace: 13664K(14016K)->13664K(14016K) NonClass: 12006K(12160K)->12006K(12160K) Class: 1657K(1856K)->1657K(1856K)
[2026-01-16T09:01:22.437+0000][gc          ] GC(268) Pause Young (Normal) (G1 Evacuation Pause) 416M->370M(1024M) 368.017ms
[2026-01-16T09:01:22.438+0000][gc,cpu      ] GC(268) User=0.20s Sys=0.02s Real=0.37s
[2026-01-16T09:01:24.380+0000][gc,start    ] GC(269) Pause Young (Normal) (G1 Evacuation Pause)
[2026-01-16T09:01:24.382+0000][gc,task     ] GC(269) Using 8 workers of 8 for evacuation
[2026-01-16T09:01:24.932+0000][gc,mmu      ] GC(269) MMU target violated: 201.0ms (200.0ms/201.0ms)
[2026-01-16T09:01:24.935+0000][gc,phases   ] GC(269)   Pre Evacuate Collection Set: 62.2ms
[2026-01-16T09:01:24.941+0000][gc,phases   ] GC(269)   Merge Heap Roots: 5.8ms
[2026-01-16T09:01:24.941+0000][gc,phases   ] GC(269)   Evacuate Collection Set: 473.7ms
[2026-01-16T09:01:24.941+0000][gc,phases   ] GC(269)   Post Evacuate Collection Set: 7.1ms
[2026-01-16T09:01:24.941+0000][gc,phases   ] GC(269)   Other: 5.0ms
[2026-01-16T09:01:24.941+0000][gc,heap     ] GC(269) Eden regions: 46->0(46)
[2026-01-16T09:01:24.941+0000][gc,heap     ] GC(269) Survivor regions: 5->5(7)
[2026-01-16T09:01:24.942+0000][gc,heap     ] GC(269) Old regions: 218->219
[2026-01-16T09:01:24.942+0000][gc,heap     ] GC(269) Humongous regions: 149->149
[2026-01-16T09:01:24.942+0000][gc,metaspace] GC(269) Metaspace: 13669K(14080K)->13669K(14080K) NonClass: 12012K(12224K)->12012K(12224K) Class: 1657K(1856K)->1657K(1856K)
[2026-01-16T09:01:24.943+0000][gc          ] GC(269) Pause Young (Normal) (G1 Evacuation Pause) 416M->371M(1024M) 562.906ms
[2026-01-16T09:01:24.943+0000][gc,cpu      ] GC(269) User=0.16s Sys=0.00s Real=0.57s
[2026-01-16T09:01:26.467+0000][gc,start    ] GC(270) Pause Young (Normal) (G1 Evacuation Pause)
[2026-01-16T09:01:26.493+0000][gc,task     ] GC(270) Using 8 workers of 8 for evacuation
[2026-01-16T09:01:26.771+0000][gc,mmu      ] GC(270) MMU target violated: 201.0ms (200.0ms/201.0ms)
[2026-01-16T09:01:26.773+0000][gc,phases   ] GC(270)   Pre Evacuate Collection Set: 6.1ms
[2026-01-16T09:01:26.776+0000][gc,phases   ] GC(270)   Merge Heap Roots: 0.4ms
[2026-01-16T09:01:26.776+0000][gc,phases   ] GC(270)   Evacuate Collection Set: 258.4ms
[2026-01-16T09:01:26.776+0000][gc,phases   ] GC(270)   Post Evacuate Collection Set: 5.7ms
[2026-01-16T09:01:26.777+0000][gc,phases   ] GC(270)   Other: 10.0ms
[2026-01-16T09:01:26.777+0000][gc,heap     ] GC(270) Eden regions: 46->0(46)
[2026-01-16T09:01:26.777+0000][gc,heap     ] GC(270) Survivor regions: 5->5(7)
[2026-01-16T09:01:26.777+0000][gc,heap     ] GC(270) Old regions: 219->219
[2026-01-16T09:01:26.777+0000][gc,heap     ] GC(270) Humongous regions: 149->149
[2026-01-16T09:01:26.777+0000][gc,metaspace] GC(270) Metaspace: 13669K(14080K)->13669K(14080K) NonClass: 12012K(12224K)->12012K(12224K) Class: 1657K(1856K)->1657K(1856K)
[2026-01-16T09:01:26.778+0000][gc          ] GC(270) Pause Young (Normal) (G1 Evacuation Pause) 417M->372M(1024M) 310.612ms
[2026-01-16T09:01:26.778+0000][gc,cpu      ] GC(270) User=0.10s Sys=0.02s Real=0.31s
[2026-01-16T09:01:27.662+0000][gc,start    ] GC(271) Pause Young (Normal) (G1 Evacuation Pause)
[2026-01-16T09:01:27.667+0000][gc,task     ] GC(271) Using 8 workers of 8 for evacuation
[2026-01-16T09:01:28.040+0000][gc,mmu      ] GC(271) MMU target violated: 201.0ms (200.0ms/201.0ms)
[2026-01-16T09:01:28.042+0000][gc,phases   ] GC(271)   Pre Evacuate Collection Set: 2.1ms
[2026-01-16T09:01:28.042+0000][gc,phases   ] GC(271)   Merge Heap Roots: 1.9ms
[2026-01-16T09:01:28.042+0000][gc,phases   ] GC(271)   Evacuate Collection Set: 361.6ms
[2026-01-16T09:01:28.042+0000][gc,phases   ] GC(271)   Post Evacuate Collection Set: 4.7ms
[2026-01-16T09:01:28.045+0000][gc,phases   ] GC(271)   Other: 4.5ms
[2026-01-16T09:01:28.045+0000][gc,heap     ] GC(271) Eden regions: 46->0(46)
[2026-01-16T09:01:28.045+0000][gc,heap     ] GC(271) Survivor regions: 5->5(7)
[2026-01-16T09:01:28.045+0000][gc,heap     ] GC(271) Old regions: 219->220
[2026-01-16T09:01:28.046+0000][gc,heap     ] GC(271) Humongous regions: 149->149
[2026-01-16T09:01:28.049+0000][gc,metaspace] GC(271) Metaspace: 13669K(14080K)->13669K(14080K) NonClass: 12012K(12224K)->12012K(12224K) Class: 1657K(1856K)->1657K(1856K)
[2026-01-16T09:01:28.049+0000][gc          ] GC(271) Pause Young (Normal) (G1 Evacuation Pause) 418M->372M(1024M) 387.542ms
[2026-01-16T09:01:28.051+0000][gc,cpu      ] GC(271) User=0.11s Sys=0.03s Real=0.39s
[2026-01-16T09:01:29.161+0000][gc,start    ] GC(272) Pause Young (Normal) (G1 Evacuation Pause)
[2026-01-16T09:01:29.166+0000][gc,task     ] GC(272) Using 8 workers of 8 for evacuation
[2026-01-16T09:01:29.481+0000][gc,mmu      ] GC(272) MMU target violated: 201.0ms (200.0ms/201.0ms)
[2026-01-16T09:01:29.483+0000][gc,phases   ] GC(272)   Pre Evacuate Collection Set: 2.5ms
[2026-01-16T09:01:29.490+0000][gc,phases   ] GC(272)   Merge Heap Roots: 0.3ms
[2026-01-16T09:01:29.494+0000][gc,phases   ] GC(272)   Evacuate Collection Set: 260.2ms
[2026-01-16T09:01:29.502+0000][gc,phases   ] GC(272)   Post Evacuate Collection Set: 49.0ms
[2026-01-16T09:01:29.515+0000][gc,phases   ] GC(272)   Other: 5.1ms
[2026-01-16T09:01:29.515+0000][gc,heap     ] GC(272) Eden regions: 46->0(46)
[2026-01-16T09:01:29.518+0000][gc,heap     ] GC(272) Survivor regions: 5->5(7)
[2026-01-16T09:01:29.522+0000][gc,heap     ] GC(272) Old regions: 220->221
[2026-01-16T09:01:29.524+0000][gc,heap     ] GC(272) Humongous regions: 149->149
[2026-01-16T09:01:29.528+0000][gc,metaspace] GC(272) Metaspace: 13669K(14080K)->13669K(14080K) NonClass: 12012K(12224K)->12012K(12224K) Class: 1657K(1856K)->1657K(1856K)
[2026-01-16T09:01:29.528+0000][gc          ] GC(272) Pause Young (Normal) (G1 Evacuation Pause) 418M->373M(1024M) 367.790ms
[2026-01-16T09:01:29.534+0000][gc,cpu      ] GC(272) User=0.10s Sys=0.01s Real=0.38s
[2026-01-16T09:01:31.375+0000][gc,start    ] GC(273) Pause Young (Normal) (G1 Evacuation Pause)
[2026-01-16T09:01:31.378+0000][gc,task     ] GC(273) Using 8 workers of 8 for evacuation
[2026-01-16T09:01:31.845+0000][gc,mmu      ] GC(273) MMU target violated: 201.0ms (200.0ms/201.0ms)
[2026-01-16T09:01:31.850+0000][gc,phases   ] GC(273)   Pre Evacuate Collection Set: 26.3ms
[2026-01-16T09:01:31.853+0000][gc,phases   ] GC(273)   Merge Heap Roots: 1.2ms
[2026-01-16T09:01:31.857+0000][gc,phases   ] GC(273)   Evacuate Collection Set: 414.3ms
[2026-01-16T09:01:31.872+0000][gc,phases   ] GC(273)   Post Evacuate Collection Set: 23.8ms
[2026-01-16T09:01:31.872+0000][gc,phases   ] GC(273)   Other: 6.8ms
[2026-01-16T09:01:31.873+0000][gc,heap     ] GC(273) Eden regions: 46->0(46)
[2026-01-16T09:01:31.873+0000][gc,heap     ] GC(273) Survivor regions: 5->5(7)
[2026-01-16T09:01:31.873+0000][gc,heap     ] GC(273) Old regions: 221->222
[2026-01-16T09:01:31.875+0000][gc,heap     ] GC(273) Humongous regions: 149->149
[2026-01-16T09:01:31.978+0000][gc,metaspace] GC(273) Metaspace: 13675K(14080K)->13675K(14080K) NonClass: 12018K(12224K)->12018K(12224K) Class: 1657K(1856K)->1657K(1856K)
[2026-01-16T09:01:31.982+0000][gc          ] GC(273) Pause Young (Normal) (G1 Evacuation Pause) 419M->374M(1024M) 606.577ms
[2026-01-16T09:01:31.986+0000][gc,cpu      ] GC(273) User=0.18s Sys=0.06s Real=0.61s
[2026-01-16T09:01:34.679+0000][gc,start    ] GC(274) Pause Young (Normal) (G1 Evacuation Pause)
[2026-01-16T09:01:34.689+0000][gc,task     ] GC(274) Using 8 workers of 8 for evacuation
[2026-01-16T09:01:35.314+0000][gc,mmu      ] GC(274) MMU target violated: 201.0ms (200.0ms/201.0ms)
[2026-01-16T09:01:35.317+0000][gc,phases   ] GC(274)   Pre Evacuate Collection Set: 39.2ms
[2026-01-16T09:01:35.319+0000][gc,phases   ] GC(274)   Merge Heap Roots: 43.6ms
[2026-01-16T09:01:35.320+0000][gc,phases   ] GC(274)   Evacuate Collection Set: 474.3ms
[2026-01-16T09:01:35.320+0000][gc,phases   ] GC(274)   Post Evacuate Collection Set: 51.8ms
[2026-01-16T09:01:35.324+0000][gc,phases   ] GC(274)   Other: 20.6ms
[2026-01-16T09:01:35.342+0000][gc,heap     ] GC(274) Eden regions: 46->0(47)
[2026-01-16T09:01:35.343+0000][gc,heap     ] GC(274) Survivor regions: 5->4(7)
[2026-01-16T09:01:35.344+0000][gc,heap     ] GC(274) Old regions: 222->223
[2026-01-16T09:01:35.344+0000][gc,heap     ] GC(274) Humongous regions: 149->149
[2026-01-16T09:01:35.345+0000][gc,metaspace] GC(274) Metaspace: 13676K(14080K)->13676K(14080K) NonClass: 12019K(12224K)->12019K(12224K) Class: 1657K(1856K)->1657K(1856K)
[2026-01-16T09:01:35.370+0000][gc          ] GC(274) Pause Young (Normal) (G1 Evacuation Pause) 420M->375M(1024M) 690.884ms
[2026-01-16T09:01:35.373+0000][gc,cpu      ] GC(274) User=0.23s Sys=0.05s Real=0.69s
[2026-01-16T09:01:36.635+0000][gc,start    ] GC(275) Pause Young (Normal) (G1 Evacuation Pause)
[2026-01-16T09:01:36.640+0000][gc,task     ] GC(275) Using 8 workers of 8 for evacuation
[2026-01-16T09:01:37.173+0000][gc,mmu      ] GC(275) MMU target violated: 201.0ms (200.0ms/201.0ms)
[2026-01-16T09:01:37.175+0000][gc,phases   ] GC(275)   Pre Evacuate Collection Set: 35.8ms
[2026-01-16T09:01:37.180+0000][gc,phases   ] GC(275)   Merge Heap Roots: 16.4ms
[2026-01-16T09:01:37.181+0000][gc,phases   ] GC(275)   Evacuate Collection Set: 451.4ms
[2026-01-16T09:01:37.181+0000][gc,phases   ] GC(275)   Post Evacuate Collection Set: 6.6ms
[2026-01-16T09:01:37.182+0000][gc,phases   ] GC(275)   Other: 24.4ms
[2026-01-16T09:01:37.182+0000][gc,heap     ] GC(275) Eden regions: 47->0(47)
[2026-01-16T09:01:37.183+0000][gc,heap     ] GC(275) Survivor regions: 4->4(7)
[2026-01-16T09:01:37.183+0000][gc,heap     ] GC(275) Old regions: 223->224
[2026-01-16T09:01:37.184+0000][gc,heap     ] GC(275) Humongous regions: 149->149
[2026-01-16T09:01:37.187+0000][gc,metaspace] GC(275) Metaspace: 13679K(14080K)->13679K(14080K) NonClass: 12021K(12224K)->12021K(12224K) Class: 1657K(1856K)->1657K(1856K)
[2026-01-16T09:01:37.193+0000][gc          ] GC(275) Pause Young (Normal) (G1 Evacuation Pause) 422M->375M(1024M) 558.328ms
[2026-01-16T09:01:37.195+0000][gc,cpu      ] GC(275) User=0.19s Sys=0.02s Real=0.56s
[2026-01-16T09:01:38.959+0000][gc,start    ] GC(276) Pause Young (Normal) (G1 Evacuation Pause)
[2026-01-16T09:01:38.960+0000][gc,task     ] GC(276) Using 8 workers of 8 for evacuation
[2026-01-16T09:01:39.264+0000][gc,mmu      ] GC(276) MMU target violated: 201.0ms (200.0ms/201.0ms)
[2026-01-16T09:01:39.266+0000][gc,phases   ] GC(276)   Pre Evacuate Collection Set: 18.8ms
[2026-01-16T09:01:39.267+0000][gc,phases   ] GC(276)   Merge Heap Roots: 8.7ms
[2026-01-16T09:01:39.267+0000][gc,phases   ] GC(276)   Evacuate Collection Set: 267.0ms
[2026-01-16T09:01:39.268+0000][gc,phases   ] GC(276)   Post Evacuate Collection Set: 8.7ms
[2026-01-16T09:01:39.270+0000][gc,phases   ] GC(276)   Other: 3.4ms
[2026-01-16T09:01:39.271+0000][gc,heap     ] GC(276) Eden regions: 47->0(47)
[2026-01-16T09:01:39.271+0000][gc,heap     ] GC(276) Survivor regions: 4->4(7)
[2026-01-16T09:01:39.271+0000][gc,heap     ] GC(276) Old regions: 224->224
[2026-01-16T09:01:39.274+0000][gc,heap     ] GC(276) Humongous regions: 149->149
[2026-01-16T09:01:39.276+0000][gc,metaspace] GC(276) Metaspace: 13696K(14144K)->13696K(14144K) NonClass: 12039K(12288K)->12039K(12288K) Class: 1657K(1856K)->1657K(1856K)
[2026-01-16T09:01:39.281+0000][gc          ] GC(276) Pause Young (Normal) (G1 Evacuation Pause) 422M->376M(1024M) 322.208ms
[2026-01-16T09:01:39.283+0000][gc,cpu      ] GC(276) User=0.14s Sys=0.03s Real=0.32s
[2026-01-16T09:01:40.431+0000][gc,start    ] GC(277) Pause Young (Normal) (G1 Evacuation Pause)
[2026-01-16T09:01:40.439+0000][gc,task     ] GC(277) Using 8 workers of 8 for evacuation
[2026-01-16T09:01:40.734+0000][gc,mmu      ] GC(277) MMU target violated: 201.0ms (200.0ms/201.0ms)
[2026-01-16T09:01:40.758+0000][gc,phases   ] GC(277)   Pre Evacuate Collection Set: 36.4ms
[2026-01-16T09:01:40.766+0000][gc,phases   ] GC(277)   Merge Heap Roots: 10.2ms
[2026-01-16T09:01:40.767+0000][gc,phases   ] GC(277)   Evacuate Collection Set: 224.7ms
[2026-01-16T09:01:40.767+0000][gc,phases   ] GC(277)   Post Evacuate Collection Set: 16.4ms
[2026-01-16T09:01:40.769+0000][gc,phases   ] GC(277)   Other: 31.4ms
[2026-01-16T09:01:40.769+0000][gc,heap     ] GC(277) Eden regions: 47->0(46)
[2026-01-16T09:01:40.769+0000][gc,heap     ] GC(277) Survivor regions: 4->5(7)
[2026-01-16T09:01:40.770+0000][gc,heap     ] GC(277) Old regions: 224->224
[2026-01-16T09:01:40.770+0000][gc,heap     ] GC(277) Humongous regions: 149->149
[2026-01-16T09:01:40.770+0000][gc,metaspace] GC(277) Metaspace: 13697K(14144K)->13697K(14144K) NonClass: 12040K(12288K)->12040K(12288K) Class: 1657K(1856K)->1657K(1856K)
[2026-01-16T09:01:40.771+0000][gc          ] GC(277) Pause Young (Normal) (G1 Evacuation Pause) 423M->377M(1024M) 339.902ms
[2026-01-16T09:01:40.772+0000][gc,cpu      ] GC(277) User=0.11s Sys=0.00s Real=0.34s
[2026-01-16T09:01:41.789+0000][gc,start    ] GC(278) Pause Young (Normal) (G1 Evacuation Pause)
[2026-01-16T09:01:41.790+0000][gc,task     ] GC(278) Using 8 workers of 8 for evacuation
[2026-01-16T09:01:42.116+0000][gc,mmu      ] GC(278) MMU target violated: 201.0ms (200.0ms/201.0ms)
[2026-01-16T09:01:42.118+0000][gc,phases   ] GC(278)   Pre Evacuate Collection Set: 9.9ms
[2026-01-16T09:01:42.126+0000][gc,phases   ] GC(278)   Merge Heap Roots: 2.6ms
[2026-01-16T09:01:42.126+0000][gc,phases   ] GC(278)   Evacuate Collection Set: 300.6ms
[2026-01-16T09:01:42.126+0000][gc,phases   ] GC(278)   Post Evacuate Collection Set: 11.3ms
[2026-01-16T09:01:42.128+0000][gc,phases   ] GC(278)   Other: 3.7ms
[2026-01-16T09:01:42.128+0000][gc,heap     ] GC(278) Eden regions: 46->0(46)
[2026-01-16T09:01:42.128+0000][gc,heap     ] GC(278) Survivor regions: 5->5(7)
[2026-01-16T09:01:42.128+0000][gc,heap     ] GC(278) Old regions: 224->226
[2026-01-16T09:01:42.129+0000][gc,heap     ] GC(278) Humongous regions: 149->149
[2026-01-16T09:01:42.129+0000][gc,metaspace] GC(278) Metaspace: 13698K(14144K)->13698K(14144K) NonClass: 12041K(12288K)->12041K(12288K) Class: 1657K(1856K)->1657K(1856K)
[2026-01-16T09:01:42.129+0000][gc          ] GC(278) Pause Young (Normal) (G1 Evacuation Pause) 423M->378M(1024M) 339.737ms
[2026-01-16T09:01:42.129+0000][gc,cpu      ] GC(278) User=0.16s Sys=0.07s Real=0.34s
[2026-01-16T09:01:43.356+0000][gc,start    ] GC(279) Pause Young (Normal) (G1 Evacuation Pause)
[2026-01-16T09:01:43.368+0000][gc,task     ] GC(279) Using 8 workers of 8 for evacuation
[2026-01-16T09:01:43.603+0000][gc,mmu      ] GC(279) MMU target violated: 201.0ms (200.0ms/201.0ms)
[2026-01-16T09:01:43.604+0000][gc,phases   ] GC(279)   Pre Evacuate Collection Set: 32.5ms
[2026-01-16T09:01:43.604+0000][gc,phases   ] GC(279)   Merge Heap Roots: 6.9ms
[2026-01-16T09:01:43.604+0000][gc,phases   ] GC(279)   Evacuate Collection Set: 183.3ms
[2026-01-16T09:01:43.605+0000][gc,phases   ] GC(279)   Post Evacuate Collection Set: 2.8ms
[2026-01-16T09:01:43.605+0000][gc,phases   ] GC(279)   Other: 10.9ms
[2026-01-16T09:01:43.605+0000][gc,heap     ] GC(279) Eden regions: 46->0(46)
[2026-01-16T09:01:43.605+0000][gc,heap     ] GC(279) Survivor regions: 5->5(7)
[2026-01-16T09:01:43.605+0000][gc,heap     ] GC(279) Old regions: 226->227
[2026-01-16T09:01:43.606+0000][gc,heap     ] GC(279) Humongous regions: 149->149
[2026-01-16T09:01:43.606+0000][gc,metaspace] GC(279) Metaspace: 13705K(14144K)->13705K(14144K) NonClass: 12048K(12288K)->12048K(12288K) Class: 1657K(1856K)->1657K(1856K)
[2026-01-16T09:01:43.606+0000][gc          ] GC(279) Pause Young (Normal) (G1 Evacuation Pause) 424M->379M(1024M) 249.843ms
[2026-01-16T09:01:43.607+0000][gc,cpu      ] GC(279) User=0.13s Sys=0.02s Real=0.25s
[2026-01-16T09:01:44.179+0000][gc,start    ] GC(280) Pause Young (Normal) (G1 Evacuation Pause)
[2026-01-16T09:01:44.180+0000][gc,task     ] GC(280) Using 8 workers of 8 for evacuation
[2026-01-16T09:01:44.701+0000][gc,mmu      ] GC(280) MMU target violated: 201.0ms (200.0ms/201.0ms)
[2026-01-16T09:01:44.703+0000][gc,phases   ] GC(280)   Pre Evacuate Collection Set: 11.5ms
[2026-01-16T09:01:44.706+0000][gc,phases   ] GC(280)   Merge Heap Roots: 2.2ms
[2026-01-16T09:01:44.710+0000][gc,phases   ] GC(280)   Evacuate Collection Set: 462.6ms
[2026-01-16T09:01:44.711+0000][gc,phases   ] GC(280)   Post Evacuate Collection Set: 35.8ms
[2026-01-16T09:01:44.712+0000][gc,phases   ] GC(280)   Other: 10.4ms
[2026-01-16T09:01:44.719+0000][gc,heap     ] GC(280) Eden regions: 46->0(47)
[2026-01-16T09:01:44.720+0000][gc,heap     ] GC(280) Survivor regions: 5->4(7)
[2026-01-16T09:01:44.721+0000][gc,heap     ] GC(280) Old regions: 227->227
[2026-01-16T09:01:44.721+0000][gc,heap     ] GC(280) Humongous regions: 149->149
[2026-01-16T09:01:44.721+0000][gc,metaspace] GC(280) Metaspace: 13706K(14144K)->13706K(14144K) NonClass: 12048K(12288K)->12048K(12288K) Class: 1657K(1856K)->1657K(1856K)
[2026-01-16T09:01:44.721+0000][gc          ] GC(280) Pause Young (Normal) (G1 Evacuation Pause) 425M->379M(1024M) 542.354ms
[2026-01-16T09:01:44.722+0000][gc,cpu      ] GC(280) User=0.07s Sys=0.05s Real=0.54s
[2026-01-16T09:01:48.100+0000][gc,start    ] GC(281) Pause Young (Normal) (G1 Evacuation Pause)
[2026-01-16T09:01:48.101+0000][gc,task     ] GC(281) Using 8 workers of 8 for evacuation
[2026-01-16T09:01:48.410+0000][gc,mmu      ] GC(281) MMU target violated: 201.0ms (200.0ms/201.0ms)
[2026-01-16T09:01:48.413+0000][gc,phases   ] GC(281)   Pre Evacuate Collection Set: 17.3ms
[2026-01-16T09:01:48.424+0000][gc,phases   ] GC(281)   Merge Heap Roots: 5.0ms
[2026-01-16T09:01:48.426+0000][gc,phases   ] GC(281)   Evacuate Collection Set: 267.0ms
[2026-01-16T09:01:48.427+0000][gc,phases   ] GC(281)   Post Evacuate Collection Set: 19.4ms
[2026-01-16T09:01:48.430+0000][gc,phases   ] GC(281)   Other: 3.5ms
[2026-01-16T09:01:48.430+0000][gc,heap     ] GC(281) Eden regions: 47->0(46)
[2026-01-16T09:01:48.430+0000][gc,heap     ] GC(281) Survivor regions: 4->5(7)
[2026-01-16T09:01:48.430+0000][gc,heap     ] GC(281) Old regions: 227->227
[2026-01-16T09:01:48.430+0000][gc,heap     ] GC(281) Humongous regions: 149->149
[2026-01-16T09:01:48.430+0000][gc,metaspace] GC(281) Metaspace: 13715K(14144K)->13715K(14144K) NonClass: 12058K(12288K)->12058K(12288K) Class: 1657K(1856K)->1657K(1856K)
[2026-01-16T09:01:48.431+0000][gc          ] GC(281) Pause Young (Normal) (G1 Evacuation Pause) 426M->380M(1024M) 330.873ms
[2026-01-16T09:01:48.432+0000][gc,cpu      ] GC(281) User=0.41s Sys=0.06s Real=0.33s
[2026-01-16T09:01:50.554+0000][gc,start    ] GC(282) Pause Young (Normal) (G1 Evacuation Pause)
[2026-01-16T09:01:50.556+0000][gc,task     ] GC(282) Using 8 workers of 8 for evacuation
[2026-01-16T09:01:51.285+0000][gc,mmu      ] GC(282) MMU target violated: 201.0ms (200.0ms/201.0ms)
[2026-01-16T09:01:51.288+0000][gc,phases   ] GC(282)   Pre Evacuate Collection Set: 97.3ms
[2026-01-16T09:01:51.291+0000][gc,phases   ] GC(282)   Merge Heap Roots: 10.3ms
[2026-01-16T09:01:51.293+0000][gc,phases   ] GC(282)   Evacuate Collection Set: 591.9ms
[2026-01-16T09:01:51.294+0000][gc,phases   ] GC(282)   Post Evacuate Collection Set: 12.0ms
[2026-01-16T09:01:51.295+0000][gc,phases   ] GC(282)   Other: 21.1ms
[2026-01-16T09:01:51.300+0000][gc,heap     ] GC(282) Eden regions: 46->0(47)
[2026-01-16T09:01:51.302+0000][gc,heap     ] GC(282) Survivor regions: 5->4(7)
[2026-01-16T09:01:51.305+0000][gc,heap     ] GC(282) Old regions: 227->229
[2026-01-16T09:01:51.305+0000][gc,heap     ] GC(282) Humongous regions: 149->149
[2026-01-16T09:01:51.308+0000][gc,metaspace] GC(282) Metaspace: 13729K(14144K)->13729K(14144K) NonClass: 12072K(12288K)->12072K(12288K) Class: 1657K(1856K)->1657K(1856K)
[2026-01-16T09:01:51.308+0000][gc          ] GC(282) Pause Young (Normal) (G1 Evacuation Pause) 426M->380M(1024M) 753.977ms
[2026-01-16T09:01:51.310+0000][gc,cpu      ] GC(282) User=0.29s Sys=0.07s Real=0.75s
[2026-01-16T09:01:52.731+0000][gc,start    ] GC(283) Pause Young (Normal) (G1 Evacuation Pause)
[2026-01-16T09:01:52.734+0000][gc,task     ] GC(283) Using 8 workers of 8 for evacuation
[2026-01-16T09:01:53.043+0000][gc,mmu      ] GC(283) MMU target violated: 201.0ms (200.0ms/201.0ms)
[2026-01-16T09:01:53.049+0000][gc,phases   ] GC(283)   Pre Evacuate Collection Set: 41.5ms
[2026-01-16T09:01:53.049+0000][gc,phases   ] GC(283)   Merge Heap Roots: 6.2ms
[2026-01-16T09:01:53.050+0000][gc,phases   ] GC(283)   Evacuate Collection Set: 228.2ms
[2026-01-16T09:01:53.052+0000][gc,phases   ] GC(283)   Post Evacuate Collection Set: 23.7ms
[2026-01-16T09:01:53.053+0000][gc,phases   ] GC(283)   Other: 15.1ms
[2026-01-16T09:01:53.057+0000][gc,heap     ] GC(283) Eden regions: 47->0(46)
[2026-01-16T09:01:53.057+0000][gc,heap     ] GC(283) Survivor regions: 4->5(7)
[2026-01-16T09:01:53.058+0000][gc,heap     ] GC(283) Old regions: 229->229
[2026-01-16T09:01:53.058+0000][gc,heap     ] GC(283) Humongous regions: 149->149
[2026-01-16T09:01:53.059+0000][gc,metaspace] GC(283) Metaspace: 13741K(14144K)->13741K(14144K) NonClass: 12084K(12288K)->12084K(12288K) Class: 1657K(1856K)->1657K(1856K)
[2026-01-16T09:01:53.059+0000][gc          ] GC(283) Pause Young (Normal) (G1 Evacuation Pause) 427M->381M(1024M) 327.902ms
[2026-01-16T09:01:53.061+0000][gc,cpu      ] GC(283) User=0.15s Sys=0.00s Real=0.33s
[2026-01-16T09:01:55.413+0000][gc,start    ] GC(284) Pause Young (Normal) (G1 Evacuation Pause)
[2026-01-16T09:01:55.417+0000][gc,task     ] GC(284) Using 8 workers of 8 for evacuation
[2026-01-16T09:01:55.589+0000][gc,phases   ] GC(284)   Pre Evacuate Collection Set: 28.3ms
[2026-01-16T09:01:55.591+0000][gc,phases   ] GC(284)   Merge Heap Roots: 6.7ms
[2026-01-16T09:01:55.591+0000][gc,phases   ] GC(284)   Evacuate Collection Set: 131.6ms
[2026-01-16T09:01:55.592+0000][gc,phases   ] GC(284)   Post Evacuate Collection Set: 3.9ms
[2026-01-16T09:01:55.592+0000][gc,phases   ] GC(284)   Other: 1.1ms
[2026-01-16T09:01:55.593+0000][gc,heap     ] GC(284) Eden regions: 46->0(46)
[2026-01-16T09:01:55.593+0000][gc,heap     ] GC(284) Survivor regions: 5->5(7)
[2026-01-16T09:01:55.594+0000][gc,heap     ] GC(284) Old regions: 229->230
[2026-01-16T09:01:55.594+0000][gc,heap     ] GC(284) Humongous regions: 149->149
[2026-01-16T09:01:55.595+0000][gc,metaspace] GC(284) Metaspace: 13742K(14144K)->13742K(14144K) NonClass: 12085K(12288K)->12085K(12288K) Class: 1657K(1856K)->1657K(1856K)
[2026-01-16T09:01:55.598+0000][gc          ] GC(284) Pause Young (Normal) (G1 Evacuation Pause) 427M->382M(1024M) 185.265ms
[2026-01-16T09:01:55.602+0000][gc,cpu      ] GC(284) User=0.18s Sys=0.02s Real=0.19s
[2026-01-16T09:01:57.139+0000][gc,start    ] GC(285) Pause Young (Normal) (G1 Evacuation Pause)
[2026-01-16T09:01:57.140+0000][gc,task     ] GC(285) Using 8 workers of 8 for evacuation
[2026-01-16T09:01:57.316+0000][gc,phases   ] GC(285)   Pre Evacuate Collection Set: 16.7ms
[2026-01-16T09:01:57.319+0000][gc,phases   ] GC(285)   Merge Heap Roots: 5.7ms
[2026-01-16T09:01:57.323+0000][gc,phases   ] GC(285)   Evacuate Collection Set: 132.9ms
[2026-01-16T09:01:57.360+0000][gc,phases   ] GC(285)   Post Evacuate Collection Set: 19.8ms
[2026-01-16T09:01:57.366+0000][gc,phases   ] GC(285)   Other: 1.1ms
[2026-01-16T09:01:57.367+0000][gc,heap     ] GC(285) Eden regions: 46->0(46)
[2026-01-16T09:01:57.367+0000][gc,heap     ] GC(285) Survivor regions: 5->5(7)
[2026-01-16T09:01:57.384+0000][gc,heap     ] GC(285) Old regions: 230->230
[2026-01-16T09:01:57.385+0000][gc,heap     ] GC(285) Humongous regions: 149->149
[2026-01-16T09:01:57.385+0000][gc,metaspace] GC(285) Metaspace: 13748K(14144K)->13748K(14144K) NonClass: 12091K(12288K)->12091K(12288K) Class: 1657K(1856K)->1657K(1856K)
[2026-01-16T09:01:57.387+0000][gc          ] GC(285) Pause Young (Normal) (G1 Evacuation Pause) 428M->383M(1024M) 248.891ms
[2026-01-16T09:01:57.388+0000][gc,cpu      ] GC(285) User=0.14s Sys=0.01s Real=0.25s
[2026-01-16T09:01:59.504+0000][gc,start    ] GC(286) Pause Young (Normal) (G1 Evacuation Pause)
[2026-01-16T09:01:59.510+0000][gc,task     ] GC(286) Using 8 workers of 8 for evacuation
[2026-01-16T09:02:00.113+0000][gc,mmu      ] GC(286) MMU target violated: 201.0ms (200.0ms/201.0ms)
[2026-01-16T09:02:00.115+0000][gc,phases   ] GC(286)   Pre Evacuate Collection Set: 38.1ms
[2026-01-16T09:02:00.117+0000][gc,phases   ] GC(286)   Merge Heap Roots: 5.9ms
[2026-01-16T09:02:00.119+0000][gc,phases   ] GC(286)   Evacuate Collection Set: 548.3ms
[2026-01-16T09:02:00.121+0000][gc,phases   ] GC(286)   Post Evacuate Collection Set: 6.7ms
[2026-01-16T09:02:00.121+0000][gc,phases   ] GC(286)   Other: 6.2ms
[2026-01-16T09:02:00.124+0000][gc,heap     ] GC(286) Eden regions: 46->0(46)
[2026-01-16T09:02:00.128+0000][gc,heap     ] GC(286) Survivor regions: 5->5(7)
[2026-01-16T09:02:00.129+0000][gc,heap     ] GC(286) Old regions: 230->231
[2026-01-16T09:02:00.130+0000][gc,heap     ] GC(286) Humongous regions: 149->149
[2026-01-16T09:02:00.131+0000][gc,metaspace] GC(286) Metaspace: 13751K(14144K)->13751K(14144K) NonClass: 12094K(12288K)->12094K(12288K) Class: 1657K(1856K)->1657K(1856K)
[2026-01-16T09:02:00.134+0000][gc          ] GC(286) Pause Young (Normal) (G1 Evacuation Pause) 429M->383M(1024M) 630.004ms
[2026-01-16T09:02:00.140+0000][gc,cpu      ] GC(286) User=0.22s Sys=0.05s Real=0.63s
[2026-01-16T09:02:02.629+0000][gc,start    ] GC(287) Pause Young (Normal) (G1 Evacuation Pause)
[2026-01-16T09:02:02.657+0000][gc,task     ] GC(287) Using 8 workers of 8 for evacuation
[2026-01-16T09:02:03.338+0000][gc,mmu      ] GC(287) MMU target violated: 201.0ms (200.0ms/201.0ms)
[2026-01-16T09:02:03.340+0000][gc,phases   ] GC(287)   Pre Evacuate Collection Set: 70.7ms
[2026-01-16T09:02:03.340+0000][gc,phases   ] GC(287)   Merge Heap Roots: 7.3ms
[2026-01-16T09:02:03.341+0000][gc,phases   ] GC(287)   Evacuate Collection Set: 581.6ms
[2026-01-16T09:02:03.342+0000][gc,phases   ] GC(287)   Post Evacuate Collection Set: 18.0ms
[2026-01-16T09:02:03.344+0000][gc,phases   ] GC(287)   Other: 5.5ms
[2026-01-16T09:02:03.345+0000][gc,heap     ] GC(287) Eden regions: 46->0(46)
[2026-01-16T09:02:03.346+0000][gc,heap     ] GC(287) Survivor regions: 5->5(7)
[2026-01-16T09:02:03.349+0000][gc,heap     ] GC(287) Old regions: 231->232
[2026-01-16T09:02:03.350+0000][gc,heap     ] GC(287) Humongous regions: 149->149
[2026-01-16T09:02:03.350+0000][gc,metaspace] GC(287) Metaspace: 13752K(14144K)->13752K(14144K) NonClass: 12095K(12288K)->12095K(12288K) Class: 1657K(1856K)->1657K(1856K)
[2026-01-16T09:02:03.351+0000][gc          ] GC(287) Pause Young (Normal) (G1 Evacuation Pause) 429M->385M(1024M) 721.776ms
[2026-01-16T09:02:03.352+0000][gc,cpu      ] GC(287) User=0.30s Sys=0.08s Real=0.72s
[2026-01-16T09:02:06.145+0000][gc,start    ] GC(288) Pause Young (Normal) (G1 Evacuation Pause)
[2026-01-16T09:02:06.163+0000][gc,task     ] GC(288) Using 8 workers of 8 for evacuation
[2026-01-16T09:02:06.602+0000][gc,mmu      ] GC(288) MMU target violated: 201.0ms (200.0ms/201.0ms)
[2026-01-16T09:02:06.604+0000][gc,phases   ] GC(288)   Pre Evacuate Collection Set: 31.0ms
[2026-01-16T09:02:06.605+0000][gc,phases   ] GC(288)   Merge Heap Roots: 10.8ms
[2026-01-16T09:02:06.606+0000][gc,phases   ] GC(288)   Evacuate Collection Set: 363.1ms
[2026-01-16T09:02:06.606+0000][gc,phases   ] GC(288)   Post Evacuate Collection Set: 29.4ms
[2026-01-16T09:02:06.606+0000][gc,phases   ] GC(288)   Other: 7.5ms
[2026-01-16T09:02:06.606+0000][gc,heap     ] GC(288) Eden regions: 46->0(47)
[2026-01-16T09:02:06.607+0000][gc,heap     ] GC(288) Survivor regions: 5->4(7)
[2026-01-16T09:02:06.607+0000][gc,heap     ] GC(288) Old regions: 232->233
[2026-01-16T09:02:06.607+0000][gc,heap     ] GC(288) Humongous regions: 149->149
[2026-01-16T09:02:06.607+0000][gc,metaspace] GC(288) Metaspace: 13753K(14144K)->13753K(14144K) NonClass: 12096K(12288K)->12096K(12288K) Class: 1657K(1856K)->1657K(1856K)
[2026-01-16T09:02:06.608+0000][gc          ] GC(288) Pause Young (Normal) (G1 Evacuation Pause) 431M->385M(1024M) 462.121ms
[2026-01-16T09:02:06.608+0000][gc,cpu      ] GC(288) User=0.15s Sys=0.04s Real=0.46s
[2026-01-16T09:02:08.009+0000][gc,start    ] GC(289) Pause Young (Normal) (G1 Evacuation Pause)
[2026-01-16T09:02:08.037+0000][gc,task     ] GC(289) Using 8 workers of 8 for evacuation
[2026-01-16T09:02:09.302+0000][gc,mmu      ] GC(289) MMU target violated: 201.0ms (200.0ms/201.0ms)
[2026-01-16T09:02:09.302+0000][gc,phases   ] GC(289)   Pre Evacuate Collection Set: 31.4ms
[2026-01-16T09:02:09.303+0000][gc,phases   ] GC(289)   Merge Heap Roots: 5.4ms
[2026-01-16T09:02:09.303+0000][gc,phases   ] GC(289)   Evacuate Collection Set: 1217.0ms
[2026-01-16T09:02:09.304+0000][gc,phases   ] GC(289)   Post Evacuate Collection Set: 7.9ms
[2026-01-16T09:02:09.306+0000][gc,phases   ] GC(289)   Other: 14.3ms
[2026-01-16T09:02:09.307+0000][gc,heap     ] GC(289) Eden regions: 47->0(47)
[2026-01-16T09:02:09.307+0000][gc,heap     ] GC(289) Survivor regions: 4->4(7)
[2026-01-16T09:02:09.308+0000][gc,heap     ] GC(289) Old regions: 233->234
[2026-01-16T09:02:09.308+0000][gc,heap     ] GC(289) Humongous regions: 149->149
[2026-01-16T09:02:09.309+0000][gc,metaspace] GC(289) Metaspace: 13754K(14144K)->13754K(14144K) NonClass: 12097K(12288K)->12097K(12288K) Class: 1657K(1856K)->1657K(1856K)
[2026-01-16T09:02:09.313+0000][gc          ] GC(289) Pause Young (Normal) (G1 Evacuation Pause) 432M->386M(1024M) 1303.232ms
[2026-01-16T09:02:09.315+0000][gc,cpu      ] GC(289) User=0.59s Sys=0.13s Real=1.30s
[2026-01-16T09:02:11.755+0000][gc,start    ] GC(290) Pause Young (Normal) (G1 Evacuation Pause)
[2026-01-16T09:02:11.760+0000][gc,task     ] GC(290) Using 8 workers of 8 for evacuation
[2026-01-16T09:02:12.118+0000][gc,mmu      ] GC(290) MMU target violated: 201.0ms (200.0ms/201.0ms)
[2026-01-16T09:02:12.119+0000][gc,phases   ] GC(290)   Pre Evacuate Collection Set: 45.3ms
[2026-01-16T09:02:12.121+0000][gc,phases   ] GC(290)   Merge Heap Roots: 19.8ms
[2026-01-16T09:02:12.122+0000][gc,phases   ] GC(290)   Evacuate Collection Set: 273.7ms
[2026-01-16T09:02:12.123+0000][gc,phases   ] GC(290)   Post Evacuate Collection Set: 17.1ms
[2026-01-16T09:02:12.124+0000][gc,phases   ] GC(290)   Other: 3.2ms
[2026-01-16T09:02:12.124+0000][gc,heap     ] GC(290) Eden regions: 47->0(47)
[2026-01-16T09:02:12.125+0000][gc,heap     ] GC(290) Survivor regions: 4->4(7)
[2026-01-16T09:02:12.125+0000][gc,heap     ] GC(290) Old regions: 234->235
[2026-01-16T09:02:12.125+0000][gc,heap     ] GC(290) Humongous regions: 149->149
[2026-01-16T09:02:12.130+0000][gc,metaspace] GC(290) Metaspace: 13758K(14144K)->13758K(14144K) NonClass: 12101K(12288K)->12101K(12288K) Class: 1657K(1856K)->1657K(1856K)
[2026-01-16T09:02:12.132+0000][gc          ] GC(290) Pause Young (Normal) (G1 Evacuation Pause) 433M->387M(1024M) 376.695ms
[2026-01-16T09:02:12.135+0000][gc,cpu      ] GC(290) User=0.23s Sys=0.01s Real=0.38s
[2026-01-16T09:02:14.889+0000][gc,start    ] GC(291) Pause Young (Normal) (G1 Evacuation Pause)
[2026-01-16T09:02:14.896+0000][gc,task     ] GC(291) Using 8 workers of 8 for evacuation
[2026-01-16T09:02:15.568+0000][gc,mmu      ] GC(291) MMU target violated: 201.0ms (200.0ms/201.0ms)
[2026-01-16T09:02:15.613+0000][gc,phases   ] GC(291)   Pre Evacuate Collection Set: 103.1ms
[2026-01-16T09:02:15.618+0000][gc,phases   ] GC(291)   Merge Heap Roots: 4.3ms
[2026-01-16T09:02:15.618+0000][gc,phases   ] GC(291)   Evacuate Collection Set: 527.8ms
[2026-01-16T09:02:15.618+0000][gc,phases   ] GC(291)   Post Evacuate Collection Set: 34.6ms
[2026-01-16T09:02:15.619+0000][gc,phases   ] GC(291)   Other: 47.6ms
[2026-01-16T09:02:15.639+0000][gc,heap     ] GC(291) Eden regions: 47->0(46)
[2026-01-16T09:02:15.658+0000][gc,heap     ] GC(291) Survivor regions: 4->5(7)
[2026-01-16T09:02:15.659+0000][gc,heap     ] GC(291) Old regions: 235->235
[2026-01-16T09:02:15.659+0000][gc,heap     ] GC(291) Humongous regions: 149->149
[2026-01-16T09:02:15.659+0000][gc,metaspace] GC(291) Metaspace: 13762K(14144K)->13762K(14144K) NonClass: 12105K(12288K)->12105K(12288K) Class: 1657K(1856K)->1657K(1856K)
[2026-01-16T09:02:15.661+0000][gc          ] GC(291) Pause Young (Normal) (G1 Evacuation Pause) 434M->388M(1024M) 772.929ms
[2026-01-16T09:02:15.671+0000][gc,cpu      ] GC(291) User=0.31s Sys=0.05s Real=0.78s
[2026-01-16T09:02:17.878+0000][gc,start    ] GC(292) Pause Young (Normal) (G1 Evacuation Pause)
[2026-01-16T09:02:17.879+0000][gc,task     ] GC(292) Using 8 workers of 8 for evacuation
[2026-01-16T09:02:18.179+0000][gc,mmu      ] GC(292) MMU target violated: 201.0ms (200.0ms/201.0ms)
[2026-01-16T09:02:18.181+0000][gc,phases   ] GC(292)   Pre Evacuate Collection Set: 56.5ms
[2026-01-16T09:02:18.182+0000][gc,phases   ] GC(292)   Merge Heap Roots: 5.6ms
[2026-01-16T09:02:18.182+0000][gc,phases   ] GC(292)   Evacuate Collection Set: 222.7ms
[2026-01-16T09:02:18.183+0000][gc,phases   ] GC(292)   Post Evacuate Collection Set: 8.5ms
[2026-01-16T09:02:18.184+0000][gc,phases   ] GC(292)   Other: 8.6ms
[2026-01-16T09:02:18.184+0000][gc,heap     ] GC(292) Eden regions: 46->0(47)
[2026-01-16T09:02:18.188+0000][gc,heap     ] GC(292) Survivor regions: 5->4(7)
[2026-01-16T09:02:18.191+0000][gc,heap     ] GC(292) Old regions: 235->237
[2026-01-16T09:02:18.193+0000][gc,heap     ] GC(292) Humongous regions: 149->149
[2026-01-16T09:02:18.193+0000][gc,metaspace] GC(292) Metaspace: 13767K(14144K)->13767K(14144K) NonClass: 12109K(12288K)->12109K(12288K) Class: 1657K(1856K)->1657K(1856K)
[2026-01-16T09:02:18.195+0000][gc          ] GC(292) Pause Young (Normal) (G1 Evacuation Pause) 434M->389M(1024M) 316.154ms
[2026-01-16T09:02:18.195+0000][gc,cpu      ] GC(292) User=0.18s Sys=0.06s Real=0.31s
[2026-01-16T09:02:19.766+0000][gc,start    ] GC(293) Pause Young (Normal) (G1 Evacuation Pause)
[2026-01-16T09:02:19.768+0000][gc,task     ] GC(293) Using 8 workers of 8 for evacuation
[2026-01-16T09:02:19.982+0000][gc,mmu      ] GC(293) MMU target violated: 201.0ms (200.0ms/201.0ms)
[2026-01-16T09:02:19.983+0000][gc,phases   ] GC(293)   Pre Evacuate Collection Set: 36.5ms
[2026-01-16T09:02:19.983+0000][gc,phases   ] GC(293)   Merge Heap Roots: 0.6ms
[2026-01-16T09:02:19.983+0000][gc,phases   ] GC(293)   Evacuate Collection Set: 165.6ms
[2026-01-16T09:02:19.984+0000][gc,phases   ] GC(293)   Post Evacuate Collection Set: 9.4ms
[2026-01-16T09:02:19.984+0000][gc,phases   ] GC(293)   Other: 2.0ms
[2026-01-16T09:02:19.984+0000][gc,heap     ] GC(293) Eden regions: 47->0(47)
[2026-01-16T09:02:19.984+0000][gc,heap     ] GC(293) Survivor regions: 4->4(7)
[2026-01-16T09:02:19.984+0000][gc,heap     ] GC(293) Old regions: 237->237
[2026-01-16T09:02:19.984+0000][gc,heap     ] GC(293) Humongous regions: 149->149
[2026-01-16T09:02:19.984+0000][gc,metaspace] GC(293) Metaspace: 13769K(14144K)->13769K(14144K) NonClass: 12111K(12288K)->12111K(12288K) Class: 1657K(1856K)->1657K(1856K)
[2026-01-16T09:02:19.985+0000][gc          ] GC(293) Pause Young (Normal) (G1 Evacuation Pause) 436M->389M(1024M) 219.007ms
[2026-01-16T09:02:19.985+0000][gc,cpu      ] GC(293) User=0.12s Sys=0.00s Real=0.22s
[2026-01-16T09:02:20.703+0000][gc,start    ] GC(294) Pause Young (Normal) (G1 Evacuation Pause)
[2026-01-16T09:02:20.713+0000][gc,task     ] GC(294) Using 8 workers of 8 for evacuation
[2026-01-16T09:02:20.769+0000][gc,phases   ] GC(294)   Pre Evacuate Collection Set: 8.6ms
[2026-01-16T09:02:20.769+0000][gc,phases   ] GC(294)   Merge Heap Roots: 2.4ms
[2026-01-16T09:02:20.769+0000][gc,phases   ] GC(294)   Evacuate Collection Set: 38.3ms
[2026-01-16T09:02:20.769+0000][gc,phases   ] GC(294)   Post Evacuate Collection Set: 4.0ms
[2026-01-16T09:02:20.769+0000][gc,phases   ] GC(294)   Other: 2.0ms
[2026-01-16T09:02:20.769+0000][gc,heap     ] GC(294) Eden regions: 47->0(46)
[2026-01-16T09:02:20.769+0000][gc,heap     ] GC(294) Survivor regions: 4->5(7)
[2026-01-16T09:02:20.769+0000][gc,heap     ] GC(294) Old regions: 237->237
[2026-01-16T09:02:20.772+0000][gc,heap     ] GC(294) Humongous regions: 149->149
[2026-01-16T09:02:20.772+0000][gc,metaspace] GC(294) Metaspace: 13778K(14144K)->13778K(14144K) NonClass: 12121K(12288K)->12121K(12288K) Class: 1657K(1856K)->1657K(1856K)
[2026-01-16T09:02:20.772+0000][gc          ] GC(294) Pause Young (Normal) (G1 Evacuation Pause) 436M->389M(1024M) 68.526ms
[2026-01-16T09:02:20.772+0000][gc,cpu      ] GC(294) User=0.06s Sys=0.00s Real=0.07s
[2026-01-16T09:02:22.631+0000][gc,start    ] GC(295) Pause Young (Normal) (G1 Evacuation Pause)
[2026-01-16T09:02:22.638+0000][gc,task     ] GC(295) Using 8 workers of 8 for evacuation
[2026-01-16T09:02:22.841+0000][gc,phases   ] GC(295)   Pre Evacuate Collection Set: 12.3ms
[2026-01-16T09:02:22.844+0000][gc,phases   ] GC(295)   Merge Heap Roots: 4.8ms
[2026-01-16T09:02:22.845+0000][gc,phases   ] GC(295)   Evacuate Collection Set: 170.6ms
[2026-01-16T09:02:22.845+0000][gc,phases   ] GC(295)   Post Evacuate Collection Set: 10.5ms
[2026-01-16T09:02:22.848+0000][gc,phases   ] GC(295)   Other: 4.6ms
[2026-01-16T09:02:22.848+0000][gc,heap     ] GC(295) Eden regions: 46->0(46)
[2026-01-16T09:02:22.850+0000][gc,heap     ] GC(295) Survivor regions: 5->5(7)
[2026-01-16T09:02:22.852+0000][gc,heap     ] GC(295) Old regions: 237->238
[2026-01-16T09:02:22.853+0000][gc,heap     ] GC(295) Humongous regions: 149->149
[2026-01-16T09:02:22.854+0000][gc,metaspace] GC(295) Metaspace: 13778K(14144K)->13778K(14144K) NonClass: 12121K(12288K)->12121K(12288K) Class: 1657K(1856K)->1657K(1856K)
[2026-01-16T09:02:22.856+0000][gc          ] GC(295) Pause Young (Normal) (G1 Evacuation Pause) 435M->390M(1024M) 225.377ms
[2026-01-16T09:02:22.861+0000][gc,cpu      ] GC(295) User=0.17s Sys=0.01s Real=0.23s
[2026-01-16T09:02:23.653+0000][gc,start    ] GC(296) Pause Young (Normal) (G1 Evacuation Pause)
[2026-01-16T09:02:23.666+0000][gc,task     ] GC(296) Using 8 workers of 8 for evacuation
[2026-01-16T09:02:23.997+0000][gc,mmu      ] GC(296) MMU target violated: 201.0ms (200.0ms/201.0ms)
[2026-01-16T09:02:23.997+0000][gc,phases   ] GC(296)   Pre Evacuate Collection Set: 6.4ms
[2026-01-16T09:02:23.999+0000][gc,phases   ] GC(296)   Merge Heap Roots: 5.9ms
[2026-01-16T09:02:24.001+0000][gc,phases   ] GC(296)   Evacuate Collection Set: 302.1ms
[2026-01-16T09:02:24.002+0000][gc,phases   ] GC(296)   Post Evacuate Collection Set: 14.1ms
[2026-01-16T09:02:24.002+0000][gc,phases   ] GC(296)   Other: 3.1ms
[2026-01-16T09:02:24.004+0000][gc,heap     ] GC(296) Eden regions: 46->0(47)
[2026-01-16T09:02:24.004+0000][gc,heap     ] GC(296) Survivor regions: 5->4(7)
[2026-01-16T09:02:24.006+0000][gc,heap     ] GC(296) Old regions: 238->239
[2026-01-16T09:02:24.010+0000][gc,heap     ] GC(296) Humongous regions: 149->149
[2026-01-16T09:02:24.012+0000][gc,metaspace] GC(296) Metaspace: 13784K(14144K)->13784K(14144K) NonClass: 12126K(12288K)->12126K(12288K) Class: 1657K(1856K)->1657K(1856K)
[2026-01-16T09:02:24.014+0000][gc          ] GC(296) Pause Young (Normal) (G1 Evacuation Pause) 436M->391M(1024M) 360.651ms
[2026-01-16T09:02:24.014+0000][gc,cpu      ] GC(296) User=0.09s Sys=0.04s Real=0.36s
[2026-01-16T09:02:25.700+0000][gc,start    ] GC(297) Pause Young (Normal) (G1 Evacuation Pause)
[2026-01-16T09:02:25.704+0000][gc,task     ] GC(297) Using 8 workers of 8 for evacuation
[2026-01-16T09:02:26.256+0000][gc,mmu      ] GC(297) MMU target violated: 201.0ms (200.0ms/201.0ms)
[2026-01-16T09:02:26.256+0000][gc,phases   ] GC(297)   Pre Evacuate Collection Set: 99.3ms
[2026-01-16T09:02:26.256+0000][gc,phases   ] GC(297)   Merge Heap Roots: 1.3ms
[2026-01-16T09:02:26.256+0000][gc,phases   ] GC(297)   Evacuate Collection Set: 440.2ms
[2026-01-16T09:02:26.257+0000][gc,phases   ] GC(297)   Post Evacuate Collection Set: 6.2ms
[2026-01-16T09:02:26.257+0000][gc,phases   ] GC(297)   Other: 5.4ms
[2026-01-16T09:02:26.258+0000][gc,heap     ] GC(297) Eden regions: 47->0(47)
[2026-01-16T09:02:26.258+0000][gc,heap     ] GC(297) Survivor regions: 4->4(7)
[2026-01-16T09:02:26.258+0000][gc,heap     ] GC(297) Old regions: 239->240
[2026-01-16T09:02:26.259+0000][gc,heap     ] GC(297) Humongous regions: 149->149
[2026-01-16T09:02:26.259+0000][gc,metaspace] GC(297) Metaspace: 13785K(14144K)->13785K(14144K) NonClass: 12128K(12288K)->12128K(12288K) Class: 1657K(1856K)->1657K(1856K)
[2026-01-16T09:02:26.260+0000][gc          ] GC(297) Pause Young (Normal) (G1 Evacuation Pause) 438M->392M(1024M) 559.356ms
[2026-01-16T09:02:26.261+0000][gc,cpu      ] GC(297) User=0.21s Sys=0.08s Real=0.56s
[2026-01-16T09:02:27.785+0000][gc,start    ] GC(298) Pause Young (Normal) (G1 Evacuation Pause)
[2026-01-16T09:02:27.787+0000][gc,task     ] GC(298) Using 8 workers of 8 for evacuation
[2026-01-16T09:02:28.316+0000][gc,mmu      ] GC(298) MMU target violated: 201.0ms (200.0ms/201.0ms)
[2026-01-16T09:02:28.318+0000][gc,phases   ] GC(298)   Pre Evacuate Collection Set: 16.7ms
[2026-01-16T09:02:28.318+0000][gc,phases   ] GC(298)   Merge Heap Roots: 5.5ms
[2026-01-16T09:02:28.318+0000][gc,phases   ] GC(298)   Evacuate Collection Set: 460.8ms
[2026-01-16T09:02:28.319+0000][gc,phases   ] GC(298)   Post Evacuate Collection Set: 42.7ms
[2026-01-16T09:02:28.319+0000][gc,phases   ] GC(298)   Other: 5.5ms
[2026-01-16T09:02:28.319+0000][gc,heap     ] GC(298) Eden regions: 47->0(46)
[2026-01-16T09:02:28.334+0000][gc,heap     ] GC(298) Survivor regions: 4->5(7)
[2026-01-16T09:02:28.335+0000][gc,heap     ] GC(298) Old regions: 240->240
[2026-01-16T09:02:28.339+0000][gc,heap     ] GC(298) Humongous regions: 149->149
[2026-01-16T09:02:28.339+0000][gc,metaspace] GC(298) Metaspace: 13785K(14144K)->13785K(14144K) NonClass: 12128K(12288K)->12128K(12288K) Class: 1657K(1856K)->1657K(1856K)
[2026-01-16T09:02:28.346+0000][gc          ] GC(298) Pause Young (Normal) (G1 Evacuation Pause) 439M->393M(1024M) 560.332ms
[2026-01-16T09:02:28.346+0000][gc,cpu      ] GC(298) User=0.21s Sys=0.02s Real=0.56s
[2026-01-16T09:02:30.046+0000][gc,start    ] GC(299) Pause Young (Normal) (G1 Evacuation Pause)
[2026-01-16T09:02:30.074+0000][gc,task     ] GC(299) Using 8 workers of 8 for evacuation
[2026-01-16T09:02:30.942+0000][gc,mmu      ] GC(299) MMU target violated: 201.0ms (200.0ms/201.0ms)
[2026-01-16T09:02:30.945+0000][gc,phases   ] GC(299)   Pre Evacuate Collection Set: 43.0ms
[2026-01-16T09:02:30.949+0000][gc,phases   ] GC(299)   Merge Heap Roots: 3.6ms
[2026-01-16T09:02:30.951+0000][gc,phases   ] GC(299)   Evacuate Collection Set: 738.0ms
[2026-01-16T09:02:30.952+0000][gc,phases   ] GC(299)   Post Evacuate Collection Set: 74.1ms
[2026-01-16T09:02:30.952+0000][gc,phases   ] GC(299)   Other: 13.6ms
[2026-01-16T09:02:30.953+0000][gc,heap     ] GC(299) Eden regions: 46->0(47)
[2026-01-16T09:02:30.955+0000][gc,heap     ] GC(299) Survivor regions: 5->4(7)
[2026-01-16T09:02:31.006+0000][gc,heap     ] GC(299) Old regions: 240->241
[2026-01-16T09:02:31.007+0000][gc,heap     ] GC(299) Humongous regions: 149->149
[2026-01-16T09:02:31.010+0000][gc,metaspace] GC(299) Metaspace: 13785K(14144K)->13785K(14144K) NonClass: 12128K(12288K)->12128K(12288K) Class: 1657K(1856K)->1657K(1856K)
[2026-01-16T09:02:31.063+0000][gc          ] GC(299) Pause Young (Normal) (G1 Evacuation Pause) 439M->393M(1024M) 1016.618ms
[2026-01-16T09:02:31.064+0000][gc,cpu      ] GC(299) User=0.33s Sys=0.14s Real=1.01s
[2026-01-16T09:02:33.632+0000][gc,start    ] GC(300) Pause Young (Normal) (G1 Evacuation Pause)
[2026-01-16T09:02:33.633+0000][gc,task     ] GC(300) Using 8 workers of 8 for evacuation
[2026-01-16T09:02:34.151+0000][gc,mmu      ] GC(300) MMU target violated: 201.0ms (200.0ms/201.0ms)
[2026-01-16T09:02:34.180+0000][gc,phases   ] GC(300)   Pre Evacuate Collection Set: 22.8ms
[2026-01-16T09:02:34.209+0000][gc,phases   ] GC(300)   Merge Heap Roots: 4.6ms
[2026-01-16T09:02:34.247+0000][gc,phases   ] GC(300)   Evacuate Collection Set: 439.2ms
[2026-01-16T09:02:34.248+0000][gc,phases   ] GC(300)   Post Evacuate Collection Set: 47.6ms
[2026-01-16T09:02:34.250+0000][gc,phases   ] GC(300)   Other: 32.4ms
[2026-01-16T09:02:34.253+0000][gc,heap     ] GC(300) Eden regions: 47->0(46)
[2026-01-16T09:02:34.266+0000][gc,heap     ] GC(300) Survivor regions: 4->5(7)
[2026-01-16T09:02:34.266+0000][gc,heap     ] GC(300) Old regions: 241->242
[2026-01-16T09:02:34.266+0000][gc,heap     ] GC(300) Humongous regions: 149->149
[2026-01-16T09:02:34.266+0000][gc,metaspace] GC(300) Metaspace: 13787K(14144K)->13787K(14144K) NonClass: 12129K(12288K)->12129K(12288K) Class: 1657K(1856K)->1657K(1856K)
[2026-01-16T09:02:34.266+0000][gc          ] GC(300) Pause Young (Normal) (G1 Evacuation Pause) 440M->394M(1024M) 634.157ms
[2026-01-16T09:02:34.267+0000][gc,cpu      ] GC(300) User=0.24s Sys=0.05s Real=0.64s
[2026-01-16T09:02:35.301+0000][gc,start    ] GC(301) Pause Young (Normal) (G1 Evacuation Pause)
[2026-01-16T09:02:35.306+0000][gc,task     ] GC(301) Using 8 workers of 8 for evacuation
[2026-01-16T09:02:35.686+0000][gc,mmu      ] GC(301) MMU target violated: 201.0ms (200.0ms/201.0ms)
[2026-01-16T09:02:35.687+0000][gc,phases   ] GC(301)   Pre Evacuate Collection Set: 17.9ms
[2026-01-16T09:02:35.693+0000][gc,phases   ] GC(301)   Merge Heap Roots: 7.1ms
[2026-01-16T09:02:35.696+0000][gc,phases   ] GC(301)   Evacuate Collection Set: 329.5ms
[2026-01-16T09:02:35.698+0000][gc,phases   ] GC(301)   Post Evacuate Collection Set: 17.6ms
[2026-01-16T09:02:35.698+0000][gc,phases   ] GC(301)   Other: 9.6ms
[2026-01-16T09:02:35.698+0000][gc,heap     ] GC(301) Eden regions: 46->0(47)
[2026-01-16T09:02:35.699+0000][gc,heap     ] GC(301) Survivor regions: 5->4(7)
[2026-01-16T09:02:35.703+0000][gc,heap     ] GC(301) Old regions: 242->243
[2026-01-16T09:02:35.703+0000][gc,heap     ] GC(301) Humongous regions: 149->149
[2026-01-16T09:02:35.703+0000][gc,metaspace] GC(301) Metaspace: 13788K(14144K)->13788K(14144K) NonClass: 12131K(12288K)->12131K(12288K) Class: 1657K(1856K)->1657K(1856K)
[2026-01-16T09:02:35.703+0000][gc          ] GC(301) Pause Young (Normal) (G1 Evacuation Pause) 440M->395M(1024M) 402.679ms
[2026-01-16T09:02:35.704+0000][gc,cpu      ] GC(301) User=0.12s Sys=0.01s Real=0.41s
[2026-01-16T09:02:36.890+0000][gc,start    ] GC(302) Pause Young (Normal) (G1 Evacuation Pause)
[2026-01-16T09:02:36.895+0000][gc,task     ] GC(302) Using 8 workers of 8 for evacuation
[2026-01-16T09:02:37.247+0000][gc,mmu      ] GC(302) MMU target violated: 201.0ms (200.0ms/201.0ms)
[2026-01-16T09:02:37.249+0000][gc,phases   ] GC(302)   Pre Evacuate Collection Set: 18.5ms
[2026-01-16T09:02:37.256+0000][gc,phases   ] GC(302)   Merge Heap Roots: 3.6ms
[2026-01-16T09:02:37.258+0000][gc,phases   ] GC(302)   Evacuate Collection Set: 315.9ms
[2026-01-16T09:02:37.259+0000][gc,phases   ] GC(302)   Post Evacuate Collection Set: 7.8ms
[2026-01-16T09:02:37.261+0000][gc,phases   ] GC(302)   Other: 8.9ms
[2026-01-16T09:02:37.261+0000][gc,heap     ] GC(302) Eden regions: 47->0(47)
[2026-01-16T09:02:37.262+0000][gc,heap     ] GC(302) Survivor regions: 4->4(7)
[2026-01-16T09:02:37.262+0000][gc,heap     ] GC(302) Old regions: 243->244
[2026-01-16T09:02:37.263+0000][gc,heap     ] GC(302) Humongous regions: 149->149
[2026-01-16T09:02:37.264+0000][gc,metaspace] GC(302) Metaspace: 13789K(14144K)->13789K(14144K) NonClass: 12132K(12288K)->12132K(12288K) Class: 1657K(1856K)->1657K(1856K)
[2026-01-16T09:02:37.265+0000][gc          ] GC(302) Pause Young (Normal) (G1 Evacuation Pause) 442M->396M(1024M) 375.161ms
[2026-01-16T09:02:37.276+0000][gc,cpu      ] GC(302) User=0.15s Sys=0.05s Real=0.39s
[2026-01-16T09:02:39.212+0000][gc,start    ] GC(303) Pause Young (Normal) (G1 Evacuation Pause)
[2026-01-16T09:02:39.216+0000][gc,task     ] GC(303) Using 8 workers of 8 for evacuation
[2026-01-16T09:02:39.523+0000][gc,mmu      ] GC(303) MMU target violated: 201.0ms (200.0ms/201.0ms)
[2026-01-16T09:02:39.527+0000][gc,phases   ] GC(303)   Pre Evacuate Collection Set: 18.1ms
[2026-01-16T09:02:39.530+0000][gc,phases   ] GC(303)   Merge Heap Roots: 4.4ms
[2026-01-16T09:02:39.531+0000][gc,phases   ] GC(303)   Evacuate Collection Set: 273.8ms
[2026-01-16T09:02:39.532+0000][gc,phases   ] GC(303)   Post Evacuate Collection Set: 6.4ms
[2026-01-16T09:02:39.534+0000][gc,phases   ] GC(303)   Other: 9.6ms
[2026-01-16T09:02:39.535+0000][gc,heap     ] GC(303) Eden regions: 47->0(47)
[2026-01-16T09:02:39.536+0000][gc,heap     ] GC(303) Survivor regions: 4->4(7)
[2026-01-16T09:02:39.537+0000][gc,heap     ] GC(303) Old regions: 244->244
[2026-01-16T09:02:39.538+0000][gc,heap     ] GC(303) Humongous regions: 149->149
[2026-01-16T09:02:39.540+0000][gc,metaspace] GC(303) Metaspace: 13790K(14144K)->13790K(14144K) NonClass: 12133K(12288K)->12133K(12288K) Class: 1657K(1856K)->1657K(1856K)
[2026-01-16T09:02:39.541+0000][gc          ] GC(303) Pause Young (Normal) (G1 Evacuation Pause) 443M->396M(1024M) 329.515ms
[2026-01-16T09:02:39.542+0000][gc,cpu      ] GC(303) User=0.18s Sys=0.01s Real=0.33s
[2026-01-16T09:02:42.909+0000][gc,start    ] GC(304) Pause Young (Normal) (G1 Evacuation Pause)
[2026-01-16T09:02:42.910+0000][gc,task     ] GC(304) Using 8 workers of 8 for evacuation
[2026-01-16T09:02:43.517+0000][gc,mmu      ] GC(304) MMU target violated: 201.0ms (200.0ms/201.0ms)
[2026-01-16T09:02:43.519+0000][gc,phases   ] GC(304)   Pre Evacuate Collection Set: 41.1ms
[2026-01-16T09:02:43.520+0000][gc,phases   ] GC(304)   Merge Heap Roots: 5.6ms
[2026-01-16T09:02:43.527+0000][gc,phases   ] GC(304)   Evacuate Collection Set: 537.7ms
[2026-01-16T09:02:43.528+0000][gc,phases   ] GC(304)   Post Evacuate Collection Set: 19.4ms
[2026-01-16T09:02:43.530+0000][gc,phases   ] GC(304)   Other: 5.0ms
[2026-01-16T09:02:43.530+0000][gc,heap     ] GC(304) Eden regions: 47->0(46)
[2026-01-16T09:02:43.540+0000][gc,heap     ] GC(304) Survivor regions: 4->5(7)
[2026-01-16T09:02:43.543+0000][gc,heap     ] GC(304) Old regions: 244->245
[2026-01-16T09:02:43.543+0000][gc,heap     ] GC(304) Humongous regions: 149->149
[2026-01-16T09:02:43.544+0000][gc,metaspace] GC(304) Metaspace: 13802K(14144K)->13802K(14144K) NonClass: 12144K(12288K)->12144K(12288K) Class: 1657K(1856K)->1657K(1856K)
[2026-01-16T09:02:43.547+0000][gc          ] GC(304) Pause Young (Normal) (G1 Evacuation Pause) 443M->397M(1024M) 638.088ms
[2026-01-16T09:02:43.548+0000][gc,cpu      ] GC(304) User=0.32s Sys=0.08s Real=0.64s
[2026-01-16T09:02:45.435+0000][gc,start    ] GC(305) Pause Young (Normal) (G1 Evacuation Pause)
[2026-01-16T09:02:45.436+0000][gc,task     ] GC(305) Using 8 workers of 8 for evacuation
[2026-01-16T09:02:45.898+0000][gc,mmu      ] GC(305) MMU target violated: 201.0ms (200.0ms/201.0ms)
[2026-01-16T09:02:45.899+0000][gc,phases   ] GC(305)   Pre Evacuate Collection Set: 27.8ms
[2026-01-16T09:02:45.900+0000][gc,phases   ] GC(305)   Merge Heap Roots: 1.3ms
[2026-01-16T09:02:45.907+0000][gc,phases   ] GC(305)   Evacuate Collection Set: 401.6ms
[2026-01-16T09:02:45.907+0000][gc,phases   ] GC(305)   Post Evacuate Collection Set: 30.9ms
[2026-01-16T09:02:45.907+0000][gc,phases   ] GC(305)   Other: 1.0ms
[2026-01-16T09:02:45.907+0000][gc,heap     ] GC(305) Eden regions: 46->0(47)
[2026-01-16T09:02:45.907+0000][gc,heap     ] GC(305) Survivor regions: 5->4(7)
[2026-01-16T09:02:45.907+0000][gc,heap     ] GC(305) Old regions: 245->246
[2026-01-16T09:02:45.907+0000][gc,heap     ] GC(305) Humongous regions: 149->149
[2026-01-16T09:02:45.908+0000][gc,metaspace] GC(305) Metaspace: 13804K(14144K)->13804K(14144K) NonClass: 12147K(12288K)->12147K(12288K) Class: 1657K(1856K)->1657K(1856K)
[2026-01-16T09:02:45.908+0000][gc          ] GC(305) Pause Young (Normal) (G1 Evacuation Pause) 443M->398M(1024M) 472.405ms
[2026-01-16T09:02:45.908+0000][gc,cpu      ] GC(305) User=0.15s Sys=0.02s Real=0.47s
[2026-01-16T09:02:47.863+0000][gc,start    ] GC(306) Pause Young (Normal) (G1 Evacuation Pause)
[2026-01-16T09:02:47.864+0000][gc,task     ] GC(306) Using 8 workers of 8 for evacuation
[2026-01-16T09:02:48.173+0000][gc,mmu      ] GC(306) MMU target violated: 201.0ms (200.0ms/201.0ms)
[2026-01-16T09:02:48.180+0000][gc,phases   ] GC(306)   Pre Evacuate Collection Set: 27.5ms
[2026-01-16T09:02:48.181+0000][gc,phases   ] GC(306)   Merge Heap Roots: 1.7ms
[2026-01-16T09:02:48.181+0000][gc,phases   ] GC(306)   Evacuate Collection Set: 271.6ms
[2026-01-16T09:02:48.182+0000][gc,phases   ] GC(306)   Post Evacuate Collection Set: 7.3ms
[2026-01-16T09:02:48.189+0000][gc,phases   ] GC(306)   Other: 7.2ms
[2026-01-16T09:02:48.189+0000][gc,heap     ] GC(306) Eden regions: 47->0(47)
[2026-01-16T09:02:48.189+0000][gc,heap     ] GC(306) Survivor regions: 4->4(7)
[2026-01-16T09:02:48.190+0000][gc,heap     ] GC(306) Old regions: 246->247
[2026-01-16T09:02:48.192+0000][gc,heap     ] GC(306) Humongous regions: 149->149
[2026-01-16T09:02:48.193+0000][gc,metaspace] GC(306) Metaspace: 13804K(14144K)->13804K(14144K) NonClass: 12147K(12288K)->12147K(12288K) Class: 1657K(1856K)->1657K(1856K)
[2026-01-16T09:02:48.193+0000][gc          ] GC(306) Pause Young (Normal) (G1 Evacuation Pause) 445M->399M(1024M) 330.105ms
[2026-01-16T09:02:48.193+0000][gc,cpu      ] GC(306) User=0.20s Sys=0.02s Real=0.33s
[2026-01-16T09:02:49.155+0000][gc,start    ] GC(307) Pause Young (Normal) (G1 Evacuation Pause)
[2026-01-16T09:02:49.185+0000][gc,task     ] GC(307) Using 8 workers of 8 for evacuation
[2026-01-16T09:02:49.625+0000][gc,mmu      ] GC(307) MMU target violated: 201.0ms (200.0ms/201.0ms)
[2026-01-16T09:02:49.630+0000][gc,phases   ] GC(307)   Pre Evacuate Collection Set: 20.5ms
[2026-01-16T09:02:49.631+0000][gc,phases   ] GC(307)   Merge Heap Roots: 1.0ms
[2026-01-16T09:02:49.631+0000][gc,phases   ] GC(307)   Evacuate Collection Set: 408.0ms
[2026-01-16T09:02:49.631+0000][gc,phases   ] GC(307)   Post Evacuate Collection Set: 9.0ms
[2026-01-16T09:02:49.632+0000][gc,phases   ] GC(307)   Other: 6.6ms
[2026-01-16T09:02:49.637+0000][gc,heap     ] GC(307) Eden regions: 47->0(46)
[2026-01-16T09:02:49.640+0000][gc,heap     ] GC(307) Survivor regions: 4->5(7)
[2026-01-16T09:02:49.641+0000][gc,heap     ] GC(307) Old regions: 247->248
[2026-01-16T09:02:49.641+0000][gc,heap     ] GC(307) Humongous regions: 149->149
[2026-01-16T09:02:49.641+0000][gc,metaspace] GC(307) Metaspace: 13804K(14144K)->13804K(14144K) NonClass: 12147K(12288K)->12147K(12288K) Class: 1657K(1856K)->1657K(1856K)
[2026-01-16T09:02:49.642+0000][gc          ] GC(307) Pause Young (Normal) (G1 Evacuation Pause) 446M->400M(1024M) 486.604ms
[2026-01-16T09:02:49.642+0000][gc,cpu      ] GC(307) User=0.15s Sys=0.05s Real=0.48s
[2026-01-16T09:02:52.064+0000][gc,start    ] GC(308) Pause Young (Normal) (GCLocker Initiated GC)
[2026-01-16T09:02:52.070+0000][gc,task     ] GC(308) Using 8 workers of 8 for evacuation
[2026-01-16T09:02:52.625+0000][gc,mmu      ] GC(308) MMU target violated: 201.0ms (200.0ms/201.0ms)
[2026-01-16T09:02:52.626+0000][gc,phases   ] GC(308)   Pre Evacuate Collection Set: 32.2ms
[2026-01-16T09:02:52.626+0000][gc,phases   ] GC(308)   Merge Heap Roots: 3.2ms
[2026-01-16T09:02:52.627+0000][gc,phases   ] GC(308)   Evacuate Collection Set: 488.4ms
[2026-01-16T09:02:52.628+0000][gc,phases   ] GC(308)   Post Evacuate Collection Set: 6.8ms
[2026-01-16T09:02:52.628+0000][gc,phases   ] GC(308)   Other: 26.9ms
[2026-01-16T09:02:52.629+0000][gc,heap     ] GC(308) Eden regions: 47->0(46)
[2026-01-16T09:02:52.629+0000][gc,heap     ] GC(308) Survivor regions: 5->5(7)
[2026-01-16T09:02:52.629+0000][gc,heap     ] GC(308) Old regions: 248->248
[2026-01-16T09:02:52.632+0000][gc,heap     ] GC(308) Humongous regions: 149->149
[2026-01-16T09:02:52.633+0000][gc,metaspace] GC(308) Metaspace: 13806K(14144K)->13806K(14144K) NonClass: 12149K(12288K)->12149K(12288K) Class: 1657K(1856K)->1657K(1856K)
[2026-01-16T09:02:52.636+0000][gc          ] GC(308) Pause Young (Normal) (GCLocker Initiated GC) 447M->401M(1024M) 571.788ms
[2026-01-16T09:02:52.638+0000][gc,cpu      ] GC(308) User=0.33s Sys=0.05s Real=0.57s
[2026-01-16T09:02:54.100+0000][gc,start    ] GC(309) Pause Young (Normal) (G1 Evacuation Pause)
[2026-01-16T09:02:54.102+0000][gc,task     ] GC(309) Using 8 workers of 8 for evacuation
[2026-01-16T09:02:54.873+0000][gc,mmu      ] GC(309) MMU target violated: 201.0ms (200.0ms/201.0ms)
[2026-01-16T09:02:54.875+0000][gc,phases   ] GC(309)   Pre Evacuate Collection Set: 40.7ms
[2026-01-16T09:02:54.875+0000][gc,phases   ] GC(309)   Merge Heap Roots: 6.6ms
[2026-01-16T09:02:54.875+0000][gc,phases   ] GC(309)   Evacuate Collection Set: 671.0ms
[2026-01-16T09:02:54.875+0000][gc,phases   ] GC(309)   Post Evacuate Collection Set: 40.7ms
[2026-01-16T09:02:54.875+0000][gc,phases   ] GC(309)   Other: 13.9ms
[2026-01-16T09:02:54.875+0000][gc,heap     ] GC(309) Eden regions: 46->0(46)
[2026-01-16T09:02:54.875+0000][gc,heap     ] GC(309) Survivor regions: 5->5(7)
[2026-01-16T09:02:54.876+0000][gc,heap     ] GC(309) Old regions: 248->249
[2026-01-16T09:02:54.876+0000][gc,heap     ] GC(309) Humongous regions: 149->149
[2026-01-16T09:02:54.876+0000][gc,metaspace] GC(309) Metaspace: 13806K(14144K)->13806K(14144K) NonClass: 12149K(12288K)->12149K(12288K) Class: 1657K(1856K)->1657K(1856K)
[2026-01-16T09:02:54.876+0000][gc          ] GC(309) Pause Young (Normal) (G1 Evacuation Pause) 447M->402M(1024M) 775.715ms
[2026-01-16T09:02:54.876+0000][gc,cpu      ] GC(309) User=0.19s Sys=0.05s Real=0.78s
[2026-01-16T09:02:56.196+0000][gc,start    ] GC(310) Pause Young (Normal) (G1 Evacuation Pause)
[2026-01-16T09:02:56.209+0000][gc,task     ] GC(310) Using 8 workers of 8 for evacuation
[2026-01-16T09:02:57.148+0000][gc,mmu      ] GC(310) MMU target violated: 201.0ms (200.0ms/201.0ms)
[2026-01-16T09:02:57.149+0000][gc,phases   ] GC(310)   Pre Evacuate Collection Set: 69.4ms
[2026-01-16T09:02:57.151+0000][gc,phases   ] GC(310)   Merge Heap Roots: 31.1ms
[2026-01-16T09:02:57.152+0000][gc,phases   ] GC(310)   Evacuate Collection Set: 793.4ms
[2026-01-16T09:02:57.153+0000][gc,phases   ] GC(310)   Post Evacuate Collection Set: 32.9ms
[2026-01-16T09:02:57.162+0000][gc,phases   ] GC(310)   Other: 21.8ms
[2026-01-16T09:02:57.162+0000][gc,heap     ] GC(310) Eden regions: 46->0(47)
[2026-01-16T09:02:57.163+0000][gc,heap     ] GC(310) Survivor regions: 5->4(7)
[2026-01-16T09:02:57.163+0000][gc,heap     ] GC(310) Old regions: 249->250
[2026-01-16T09:02:57.164+0000][gc,heap     ] GC(310) Humongous regions: 149->149
[2026-01-16T09:02:57.172+0000][gc,metaspace] GC(310) Metaspace: 13806K(14144K)->13806K(14144K) NonClass: 12149K(12288K)->12149K(12288K) Class: 1657K(1856K)->1657K(1856K)
[2026-01-16T09:02:57.176+0000][gc          ] GC(310) Pause Young (Normal) (G1 Evacuation Pause) 448M->402M(1024M) 980.203ms
[2026-01-16T09:02:57.177+0000][gc,cpu      ] GC(310) User=0.25s Sys=0.04s Real=0.98s
[2026-01-16T09:02:58.888+0000][gc,start    ] GC(311) Pause Young (Normal) (G1 Evacuation Pause)
[2026-01-16T09:02:58.890+0000][gc,task     ] GC(311) Using 8 workers of 8 for evacuation
[2026-01-16T09:02:59.300+0000][gc,mmu      ] GC(311) MMU target violated: 201.0ms (200.0ms/201.0ms)
[2026-01-16T09:02:59.301+0000][gc,phases   ] GC(311)   Pre Evacuate Collection Set: 24.7ms
[2026-01-16T09:02:59.303+0000][gc,phases   ] GC(311)   Merge Heap Roots: 7.1ms
[2026-01-16T09:02:59.304+0000][gc,phases   ] GC(311)   Evacuate Collection Set: 371.1ms
[2026-01-16T09:02:59.306+0000][gc,phases   ] GC(311)   Post Evacuate Collection Set: 2.7ms
[2026-01-16T09:02:59.306+0000][gc,phases   ] GC(311)   Other: 6.0ms
[2026-01-16T09:02:59.307+0000][gc,heap     ] GC(311) Eden regions: 47->0(47)
[2026-01-16T09:02:59.308+0000][gc,heap     ] GC(311) Survivor regions: 4->4(7)
[2026-01-16T09:02:59.308+0000][gc,heap     ] GC(311) Old regions: 250->251
[2026-01-16T09:02:59.308+0000][gc,heap     ] GC(311) Humongous regions: 149->149
[2026-01-16T09:02:59.309+0000][gc,metaspace] GC(311) Metaspace: 13806K(14144K)->13806K(14144K) NonClass: 12149K(12288K)->12149K(12288K) Class: 1657K(1856K)->1657K(1856K)
[2026-01-16T09:02:59.310+0000][gc          ] GC(311) Pause Young (Normal) (G1 Evacuation Pause) 449M->403M(1024M) 421.707ms
[2026-01-16T09:02:59.311+0000][gc,cpu      ] GC(311) User=0.17s Sys=0.01s Real=0.42s
[2026-01-16T09:03:00.082+0000][gc,start    ] GC(312) Pause Young (Normal) (G1 Evacuation Pause)
[2026-01-16T09:03:00.083+0000][gc,task     ] GC(312) Using 8 workers of 8 for evacuation
[2026-01-16T09:03:00.258+0000][gc,phases   ] GC(312)   Pre Evacuate Collection Set: 11.0ms
[2026-01-16T09:03:00.260+0000][gc,phases   ] GC(312)   Merge Heap Roots: 8.1ms
[2026-01-16T09:03:00.260+0000][gc,phases   ] GC(312)   Evacuate Collection Set: 143.2ms
[2026-01-16T09:03:00.261+0000][gc,phases   ] GC(312)   Post Evacuate Collection Set: 11.0ms
[2026-01-16T09:03:00.261+0000][gc,phases   ] GC(312)   Other: 2.0ms
[2026-01-16T09:03:00.261+0000][gc,heap     ] GC(312) Eden regions: 47->0(47)
[2026-01-16T09:03:00.262+0000][gc,heap     ] GC(312) Survivor regions: 4->4(7)
[2026-01-16T09:03:00.262+0000][gc,heap     ] GC(312) Old regions: 251->252
[2026-01-16T09:03:00.263+0000][gc,heap     ] GC(312) Humongous regions: 149->149
[2026-01-16T09:03:00.263+0000][gc,metaspace] GC(312) Metaspace: 13806K(14144K)->13806K(14144K) NonClass: 12149K(12288K)->12149K(12288K) Class: 1657K(1856K)->1657K(1856K)
[2026-01-16T09:03:00.263+0000][gc          ] GC(312) Pause Young (Normal) (G1 Evacuation Pause) 450M->403M(1024M) 180.905ms
[2026-01-16T09:03:00.263+0000][gc,cpu      ] GC(312) User=0.06s Sys=0.01s Real=0.18s
[2026-01-16T09:03:01.168+0000][gc,start    ] GC(313) Pause Young (Normal) (G1 Evacuation Pause)
[2026-01-16T09:03:01.170+0000][gc,task     ] GC(313) Using 8 workers of 8 for evacuation
[2026-01-16T09:03:01.395+0000][gc,mmu      ] GC(313) MMU target violated: 201.0ms (200.0ms/201.0ms)
[2026-01-16T09:03:01.399+0000][gc,phases   ] GC(313)   Pre Evacuate Collection Set: 7.0ms
[2026-01-16T09:03:01.400+0000][gc,phases   ] GC(313)   Merge Heap Roots: 0.3ms
[2026-01-16T09:03:01.400+0000][gc,phases   ] GC(313)   Evacuate Collection Set: 208.6ms
[2026-01-16T09:03:01.400+0000][gc,phases   ] GC(313)   Post Evacuate Collection Set: 7.5ms
[2026-01-16T09:03:01.401+0000][gc,phases   ] GC(313)   Other: 5.5ms
[2026-01-16T09:03:01.401+0000][gc,heap     ] GC(313) Eden regions: 47->0(46)
[2026-01-16T09:03:01.401+0000][gc,heap     ] GC(313) Survivor regions: 4->5(7)
[2026-01-16T09:03:01.401+0000][gc,heap     ] GC(313) Old regions: 252->252
[2026-01-16T09:03:01.401+0000][gc,heap     ] GC(313) Humongous regions: 149->149
[2026-01-16T09:03:01.401+0000][gc,metaspace] GC(313) Metaspace: 13809K(14144K)->13809K(14144K) NonClass: 12151K(12288K)->12151K(12288K) Class: 1657K(1856K)->1657K(1856K)
[2026-01-16T09:03:01.401+0000][gc          ] GC(313) Pause Young (Normal) (G1 Evacuation Pause) 450M->404M(1024M) 232.815ms
[2026-01-16T09:03:01.401+0000][gc,cpu      ] GC(313) User=0.11s Sys=0.00s Real=0.23s
[2026-01-16T09:03:02.635+0000][gc,start    ] GC(314) Pause Young (Normal) (G1 Evacuation Pause)
[2026-01-16T09:03:02.636+0000][gc,task     ] GC(314) Using 8 workers of 8 for evacuation
[2026-01-16T09:03:02.791+0000][gc,phases   ] GC(314)   Pre Evacuate Collection Set: 25.0ms
[2026-01-16T09:03:02.794+0000][gc,phases   ] GC(314)   Merge Heap Roots: 0.7ms
[2026-01-16T09:03:02.797+0000][gc,phases   ] GC(314)   Evacuate Collection Set: 120.3ms
[2026-01-16T09:03:02.798+0000][gc,phases   ] GC(314)   Post Evacuate Collection Set: 8.4ms
[2026-01-16T09:03:02.798+0000][gc,phases   ] GC(314)   Other: 1.0ms
[2026-01-16T09:03:02.798+0000][gc,heap     ] GC(314) Eden regions: 46->0(45)
[2026-01-16T09:03:02.798+0000][gc,heap     ] GC(314) Survivor regions: 5->6(7)
[2026-01-16T09:03:02.799+0000][gc,heap     ] GC(314) Old regions: 252->252
[2026-01-16T09:03:02.799+0000][gc,heap     ] GC(314) Humongous regions: 149->149
[2026-01-16T09:03:02.799+0000][gc,metaspace] GC(314) Metaspace: 13820K(14208K)->13820K(14208K) NonClass: 12163K(12352K)->12163K(12352K) Class: 1657K(1856K)->1657K(1856K)
[2026-01-16T09:03:02.799+0000][gc          ] GC(314) Pause Young (Normal) (G1 Evacuation Pause) 450M->406M(1024M) 164.161ms
[2026-01-16T09:03:02.800+0000][gc,cpu      ] GC(314) User=0.16s Sys=0.01s Real=0.16s
[2026-01-16T09:03:03.131+0000][gc,start    ] GC(315) Pause Young (Normal) (G1 Evacuation Pause)
[2026-01-16T09:03:03.131+0000][gc,task     ] GC(315) Using 8 workers of 8 for evacuation
[2026-01-16T09:03:03.315+0000][gc,phases   ] GC(315)   Pre Evacuate Collection Set: 11.8ms
[2026-01-16T09:03:03.316+0000][gc,phases   ] GC(315)   Merge Heap Roots: 0.2ms
[2026-01-16T09:03:03.316+0000][gc,phases   ] GC(315)   Evacuate Collection Set: 155.7ms
[2026-01-16T09:03:03.317+0000][gc,phases   ] GC(315)   Post Evacuate Collection Set: 15.6ms
[2026-01-16T09:03:03.317+0000][gc,phases   ] GC(315)   Other: 0.5ms
[2026-01-16T09:03:03.317+0000][gc,heap     ] GC(315) Eden regions: 45->0(47)
[2026-01-16T09:03:03.320+0000][gc,heap     ] GC(315) Survivor regions: 6->4(7)
[2026-01-16T09:03:03.321+0000][gc,heap     ] GC(315) Old regions: 252->254
[2026-01-16T09:03:03.321+0000][gc,heap     ] GC(315) Humongous regions: 149->149
[2026-01-16T09:03:03.327+0000][gc,metaspace] GC(315) Metaspace: 13823K(14208K)->13823K(14208K) NonClass: 12166K(12352K)->12166K(12352K) Class: 1657K(1856K)->1657K(1856K)
[2026-01-16T09:03:03.327+0000][gc          ] GC(315) Pause Young (Normal) (G1 Evacuation Pause) 451M->406M(1024M) 196.276ms
[2026-01-16T09:03:03.330+0000][gc,cpu      ] GC(315) User=0.08s Sys=0.03s Real=0.20s
[2026-01-16T09:03:04.947+0000][gc,start    ] GC(316) Pause Young (Normal) (G1 Evacuation Pause)
[2026-01-16T09:03:04.950+0000][gc,task     ] GC(316) Using 8 workers of 8 for evacuation
[2026-01-16T09:03:05.248+0000][gc,mmu      ] GC(316) MMU target violated: 201.0ms (200.0ms/201.0ms)
[2026-01-16T09:03:05.248+0000][gc,phases   ] GC(316)   Pre Evacuate Collection Set: 20.8ms
[2026-01-16T09:03:05.251+0000][gc,phases   ] GC(316)   Merge Heap Roots: 16.4ms
[2026-01-16T09:03:05.269+0000][gc,phases   ] GC(316)   Evacuate Collection Set: 221.0ms
[2026-01-16T09:03:05.269+0000][gc,phases   ] GC(316)   Post Evacuate Collection Set: 35.2ms
[2026-01-16T09:03:05.272+0000][gc,phases   ] GC(316)   Other: 5.8ms
[2026-01-16T09:03:05.277+0000][gc,heap     ] GC(316) Eden regions: 47->0(46)
[2026-01-16T09:03:05.291+0000][gc,heap     ] GC(316) Survivor regions: 4->5(7)
[2026-01-16T09:03:05.293+0000][gc,heap     ] GC(316) Old regions: 254->254
[2026-01-16T09:03:05.296+0000][gc,heap     ] GC(316) Humongous regions: 149->149
[2026-01-16T09:03:05.297+0000][gc,metaspace] GC(316) Metaspace: 13825K(14208K)->13825K(14208K) NonClass: 12168K(12352K)->12168K(12352K) Class: 1657K(1856K)->1657K(1856K)
[2026-01-16T09:03:05.298+0000][gc          ] GC(316) Pause Young (Normal) (G1 Evacuation Pause) 453M->406M(1024M) 351.166ms
[2026-01-16T09:03:05.299+0000][gc,cpu      ] GC(316) User=0.18s Sys=0.02s Real=0.35s
[2026-01-16T09:03:07.449+0000][gc,start    ] GC(317) Pause Young (Normal) (G1 Evacuation Pause)
[2026-01-16T09:03:07.462+0000][gc,task     ] GC(317) Using 8 workers of 8 for evacuation
[2026-01-16T09:03:08.755+0000][gc,mmu      ] GC(317) MMU target violated: 201.0ms (200.0ms/201.0ms)
[2026-01-16T09:03:08.759+0000][gc,phases   ] GC(317)   Pre Evacuate Collection Set: 58.6ms
[2026-01-16T09:03:08.760+0000][gc,phases   ] GC(317)   Merge Heap Roots: 9.6ms
[2026-01-16T09:03:08.760+0000][gc,phases   ] GC(317)   Evacuate Collection Set: 1163.9ms
[2026-01-16T09:03:08.760+0000][gc,phases   ] GC(317)   Post Evacuate Collection Set: 53.8ms
[2026-01-16T09:03:08.761+0000][gc,phases   ] GC(317)   Other: 11.9ms
[2026-01-16T09:03:08.761+0000][gc,heap     ] GC(317) Eden regions: 46->0(46)
[2026-01-16T09:03:08.762+0000][gc,heap     ] GC(317) Survivor regions: 5->5(7)
[2026-01-16T09:03:08.762+0000][gc,heap     ] GC(317) Old regions: 254->255
[2026-01-16T09:03:08.763+0000][gc,heap     ] GC(317) Humongous regions: 149->149
[2026-01-16T09:03:08.763+0000][gc,metaspace] GC(317) Metaspace: 13856K(14272K)->13856K(14272K) NonClass: 12198K(12416K)->12198K(12416K) Class: 1657K(1856K)->1657K(1856K)
[2026-01-16T09:03:08.764+0000][gc          ] GC(317) Pause Young (Normal) (G1 Evacuation Pause) 452M->407M(1024M) 1314.690ms
[2026-01-16T09:03:08.764+0000][gc,cpu      ] GC(317) User=0.26s Sys=0.05s Real=1.31s
[2026-01-16T09:03:11.002+0000][gc,start    ] GC(318) Pause Young (Normal) (G1 Evacuation Pause)
[2026-01-16T09:03:11.004+0000][gc,task     ] GC(318) Using 8 workers of 8 for evacuation
[2026-01-16T09:03:11.254+0000][gc,mmu      ] GC(318) MMU target violated: 201.0ms (200.0ms/201.0ms)
[2026-01-16T09:03:11.255+0000][gc,phases   ] GC(318)   Pre Evacuate Collection Set: 21.7ms
[2026-01-16T09:03:11.256+0000][gc,phases   ] GC(318)   Merge Heap Roots: 10.9ms
[2026-01-16T09:03:11.257+0000][gc,phases   ] GC(318)   Evacuate Collection Set: 206.1ms
[2026-01-16T09:03:11.258+0000][gc,phases   ] GC(318)   Post Evacuate Collection Set: 10.1ms
[2026-01-16T09:03:11.259+0000][gc,phases   ] GC(318)   Other: 1.9ms
[2026-01-16T09:03:11.264+0000][gc,heap     ] GC(318) Eden regions: 46->0(46)
[2026-01-16T09:03:11.266+0000][gc,heap     ] GC(318) Survivor regions: 5->5(7)
[2026-01-16T09:03:11.266+0000][gc,heap     ] GC(318) Old regions: 255->255
[2026-01-16T09:03:11.267+0000][gc,heap     ] GC(318) Humongous regions: 149->149
[2026-01-16T09:03:11.268+0000][gc,metaspace] GC(318) Metaspace: 13862K(14272K)->13862K(14272K) NonClass: 12205K(12416K)->12205K(12416K) Class: 1657K(1856K)->1657K(1856K)
[2026-01-16T09:03:11.269+0000][gc          ] GC(318) Pause Young (Normal) (G1 Evacuation Pause) 453M->408M(1024M) 267.062ms
[2026-01-16T09:03:11.270+0000][gc,cpu      ] GC(318) User=0.22s Sys=0.02s Real=0.27s
[2026-01-16T09:03:12.143+0000][gc,start    ] GC(319) Pause Young (Normal) (G1 Evacuation Pause)
[2026-01-16T09:03:12.144+0000][gc,task     ] GC(319) Using 8 workers of 8 for evacuation
[2026-01-16T09:03:12.308+0000][gc,phases   ] GC(319)   Pre Evacuate Collection Set: 20.5ms
[2026-01-16T09:03:12.309+0000][gc,phases   ] GC(319)   Merge Heap Roots: 0.9ms
[2026-01-16T09:03:12.309+0000][gc,phases   ] GC(319)   Evacuate Collection Set: 139.2ms
[2026-01-16T09:03:12.309+0000][gc,phases   ] GC(319)   Post Evacuate Collection Set: 2.1ms
[2026-01-16T09:03:12.310+0000][gc,phases   ] GC(319)   Other: 0.7ms
[2026-01-16T09:03:12.312+0000][gc,heap     ] GC(319) Eden regions: 46->0(46)
[2026-01-16T09:03:12.313+0000][gc,heap     ] GC(319) Survivor regions: 5->5(7)
[2026-01-16T09:03:12.313+0000][gc,heap     ] GC(319) Old regions: 255->256
[2026-01-16T09:03:12.314+0000][gc,heap     ] GC(319) Humongous regions: 149->149
[2026-01-16T09:03:12.314+0000][gc,metaspace] GC(319) Metaspace: 13869K(14272K)->13869K(14272K) NonClass: 12212K(12416K)->12212K(12416K) Class: 1657K(1856K)->1657K(1856K)
[2026-01-16T09:03:12.315+0000][gc          ] GC(319) Pause Young (Normal) (G1 Evacuation Pause) 454M->409M(1024M) 171.588ms
[2026-01-16T09:03:12.316+0000][gc,cpu      ] GC(319) User=0.09s Sys=0.00s Real=0.17s
[2026-01-16T09:03:13.481+0000][gc,start    ] GC(320) Pause Young (Normal) (G1 Evacuation Pause)
[2026-01-16T09:03:13.489+0000][gc,task     ] GC(320) Using 8 workers of 8 for evacuation
[2026-01-16T09:03:13.720+0000][gc,mmu      ] GC(320) MMU target violated: 201.0ms (200.0ms/201.0ms)
[2026-01-16T09:03:13.724+0000][gc,phases   ] GC(320)   Pre Evacuate Collection Set: 11.4ms
[2026-01-16T09:03:13.724+0000][gc,phases   ] GC(320)   Merge Heap Roots: 1.8ms
[2026-01-16T09:03:13.725+0000][gc,phases   ] GC(320)   Evacuate Collection Set: 199.2ms
[2026-01-16T09:03:13.726+0000][gc,phases   ] GC(320)   Post Evacuate Collection Set: 10.2ms
[2026-01-16T09:03:13.726+0000][gc,phases   ] GC(320)   Other: 12.4ms
[2026-01-16T09:03:13.727+0000][gc,heap     ] GC(320) Eden regions: 46->0(47)
[2026-01-16T09:03:13.727+0000][gc,heap     ] GC(320) Survivor regions: 5->4(7)
[2026-01-16T09:03:13.728+0000][gc,heap     ] GC(320) Old regions: 256->257
[2026-01-16T09:03:13.728+0000][gc,heap     ] GC(320) Humongous regions: 149->149
[2026-01-16T09:03:13.728+0000][gc,metaspace] GC(320) Metaspace: 13874K(14272K)->13874K(14272K) NonClass: 12217K(12416K)->12217K(12416K) Class: 1657K(1856K)->1657K(1856K)
[2026-01-16T09:03:13.729+0000][gc          ] GC(320) Pause Young (Normal) (G1 Evacuation Pause) 455M->409M(1024M) 247.820ms
[2026-01-16T09:03:13.734+0000][gc,cpu      ] GC(320) User=0.09s Sys=0.05s Real=0.25s
[2026-01-16T09:03:14.553+0000][gc,start    ] GC(321) Pause Young (Normal) (G1 Evacuation Pause)
[2026-01-16T09:03:14.554+0000][gc,task     ] GC(321) Using 8 workers of 8 for evacuation
[2026-01-16T09:03:14.879+0000][gc,mmu      ] GC(321) MMU target violated: 201.0ms (200.0ms/201.0ms)
[2026-01-16T09:03:14.881+0000][gc,phases   ] GC(321)   Pre Evacuate Collection Set: 16.4ms
[2026-01-16T09:03:14.882+0000][gc,phases   ] GC(321)   Merge Heap Roots: 5.4ms
[2026-01-16T09:03:14.884+0000][gc,phases   ] GC(321)   Evacuate Collection Set: 301.2ms
[2026-01-16T09:03:14.885+0000][gc,phases   ] GC(321)   Post Evacuate Collection Set: 2.3ms
[2026-01-16T09:03:14.885+0000][gc,phases   ] GC(321)   Other: 2.4ms
[2026-01-16T09:03:14.885+0000][gc,heap     ] GC(321) Eden regions: 47->0(46)
[2026-01-16T09:03:14.885+0000][gc,heap     ] GC(321) Survivor regions: 4->5(7)
[2026-01-16T09:03:14.886+0000][gc,heap     ] GC(321) Old regions: 257->258
[2026-01-16T09:03:14.886+0000][gc,heap     ] GC(321) Humongous regions: 149->149
[2026-01-16T09:03:14.888+0000][gc,metaspace] GC(321) Metaspace: 13874K(14272K)->13874K(14272K) NonClass: 12217K(12416K)->12217K(12416K) Class: 1657K(1856K)->1657K(1856K)
[2026-01-16T09:03:14.894+0000][gc          ] GC(321) Pause Young (Normal) (G1 Evacuation Pause) 456M->410M(1024M) 340.900ms
[2026-01-16T09:03:14.895+0000][gc,cpu      ] GC(321) User=0.12s Sys=0.04s Real=0.34s
[2026-01-16T09:03:16.327+0000][gc,start    ] GC(322) Pause Young (Normal) (G1 Evacuation Pause)
[2026-01-16T09:03:16.328+0000][gc,task     ] GC(322) Using 8 workers of 8 for evacuation
[2026-01-16T09:03:16.512+0000][gc,phases   ] GC(322)   Pre Evacuate Collection Set: 44.8ms
[2026-01-16T09:03:16.512+0000][gc,phases   ] GC(322)   Merge Heap Roots: 2.9ms
[2026-01-16T09:03:16.513+0000][gc,phases   ] GC(322)   Evacuate Collection Set: 131.1ms
[2026-01-16T09:03:16.513+0000][gc,phases   ] GC(322)   Post Evacuate Collection Set: 3.9ms
[2026-01-16T09:03:16.513+0000][gc,phases   ] GC(322)   Other: 1.6ms
[2026-01-16T09:03:16.513+0000][gc,heap     ] GC(322) Eden regions: 46->0(47)
[2026-01-16T09:03:16.513+0000][gc,heap     ] GC(322) Survivor regions: 5->4(7)
[2026-01-16T09:03:16.513+0000][gc,heap     ] GC(322) Old regions: 258->259
[2026-01-16T09:03:16.513+0000][gc,heap     ] GC(322) Humongous regions: 149->149
[2026-01-16T09:03:16.513+0000][gc,metaspace] GC(322) Metaspace: 13875K(14272K)->13875K(14272K) NonClass: 12218K(12416K)->12218K(12416K) Class: 1657K(1856K)->1657K(1856K)
[2026-01-16T09:03:16.513+0000][gc          ] GC(322) Pause Young (Normal) (G1 Evacuation Pause) 456M->411M(1024M) 186.414ms
[2026-01-16T09:03:16.513+0000][gc,cpu      ] GC(322) User=0.12s Sys=0.01s Real=0.18s
[2026-01-16T09:03:18.037+0000][gc,start    ] GC(323) Pause Young (Normal) (G1 Evacuation Pause)
[2026-01-16T09:03:18.043+0000][gc,task     ] GC(323) Using 8 workers of 8 for evacuation
[2026-01-16T09:03:18.720+0000][gc,mmu      ] GC(323) MMU target violated: 201.0ms (200.0ms/201.0ms)
[2026-01-16T09:03:18.724+0000][gc,phases   ] GC(323)   Pre Evacuate Collection Set: 175.0ms
[2026-01-16T09:03:18.729+0000][gc,phases   ] GC(323)   Merge Heap Roots: 1.3ms
[2026-01-16T09:03:18.732+0000][gc,phases   ] GC(323)   Evacuate Collection Set: 465.7ms
[2026-01-16T09:03:18.734+0000][gc,phases   ] GC(323)   Post Evacuate Collection Set: 22.4ms
[2026-01-16T09:03:18.734+0000][gc,phases   ] GC(323)   Other: 17.0ms
[2026-01-16T09:03:18.740+0000][gc,heap     ] GC(323) Eden regions: 47->0(46)
[2026-01-16T09:03:18.745+0000][gc,heap     ] GC(323) Survivor regions: 4->5(7)
[2026-01-16T09:03:18.746+0000][gc,heap     ] GC(323) Old regions: 259->260
[2026-01-16T09:03:18.747+0000][gc,heap     ] GC(323) Humongous regions: 149->149
[2026-01-16T09:03:18.748+0000][gc,metaspace] GC(323) Metaspace: 13876K(14272K)->13876K(14272K) NonClass: 12219K(12416K)->12219K(12416K) Class: 1657K(1856K)->1657K(1856K)
[2026-01-16T09:03:18.759+0000][gc          ] GC(323) Pause Young (Normal) (G1 Evacuation Pause) 458M->412M(1024M) 722.747ms
[2026-01-16T09:03:18.760+0000][gc,cpu      ] GC(323) User=0.19s Sys=0.04s Real=0.72s
[2026-01-16T09:03:20.026+0000][gc,start    ] GC(324) Pause Young (Normal) (G1 Evacuation Pause)
[2026-01-16T09:03:20.029+0000][gc,task     ] GC(324) Using 8 workers of 8 for evacuation
[2026-01-16T09:03:20.419+0000][gc,mmu      ] GC(324) MMU target violated: 201.0ms (200.0ms/201.0ms)
[2026-01-16T09:03:20.424+0000][gc,phases   ] GC(324)   Pre Evacuate Collection Set: 65.5ms
[2026-01-16T09:03:20.425+0000][gc,phases   ] GC(324)   Merge Heap Roots: 0.7ms
[2026-01-16T09:03:20.425+0000][gc,phases   ] GC(324)   Evacuate Collection Set: 291.4ms
[2026-01-16T09:03:20.425+0000][gc,phases   ] GC(324)   Post Evacuate Collection Set: 21.8ms
[2026-01-16T09:03:20.425+0000][gc,phases   ] GC(324)   Other: 16.1ms
[2026-01-16T09:03:20.425+0000][gc,heap     ] GC(324) Eden regions: 46->0(46)
[2026-01-16T09:03:20.425+0000][gc,heap     ] GC(324) Survivor regions: 5->5(7)
[2026-01-16T09:03:20.426+0000][gc,heap     ] GC(324) Old regions: 260->260
[2026-01-16T09:03:20.426+0000][gc,heap     ] GC(324) Humongous regions: 149->149
[2026-01-16T09:03:20.426+0000][gc,metaspace] GC(324) Metaspace: 13876K(14272K)->13876K(14272K) NonClass: 12219K(12416K)->12219K(12416K) Class: 1657K(1856K)->1657K(1856K)
[2026-01-16T09:03:20.426+0000][gc          ] GC(324) Pause Young (Normal) (G1 Evacuation Pause) 458M->413M(1024M) 400.038ms
[2026-01-16T09:03:20.436+0000][gc,cpu      ] GC(324) User=0.18s Sys=0.03s Real=0.40s
[2026-01-16T09:03:22.277+0000][gc,start    ] GC(325) Pause Young (Normal) (G1 Evacuation Pause)
[2026-01-16T09:03:22.278+0000][gc,task     ] GC(325) Using 8 workers of 8 for evacuation
[2026-01-16T09:03:22.560+0000][gc,mmu      ] GC(325) MMU target violated: 201.0ms (200.0ms/201.0ms)
[2026-01-16T09:03:22.561+0000][gc,phases   ] GC(325)   Pre Evacuate Collection Set: 47.3ms
[2026-01-16T09:03:22.562+0000][gc,phases   ] GC(325)   Merge Heap Roots: 0.9ms
[2026-01-16T09:03:22.563+0000][gc,phases   ] GC(325)   Evacuate Collection Set: 228.1ms
[2026-01-16T09:03:22.570+0000][gc,phases   ] GC(325)   Post Evacuate Collection Set: 4.8ms
[2026-01-16T09:03:22.573+0000][gc,phases   ] GC(325)   Other: 1.6ms
[2026-01-16T09:03:22.573+0000][gc,heap     ] GC(325) Eden regions: 46->0(47)
[2026-01-16T09:03:22.573+0000][gc,heap     ] GC(325) Survivor regions: 5->4(7)
[2026-01-16T09:03:22.573+0000][gc,heap     ] GC(325) Old regions: 260->261
[2026-01-16T09:03:22.573+0000][gc,heap     ] GC(325) Humongous regions: 149->149
[2026-01-16T09:03:22.574+0000][gc,metaspace] GC(325) Metaspace: 13876K(14272K)->13876K(14272K) NonClass: 12219K(12416K)->12219K(12416K) Class: 1657K(1856K)->1657K(1856K)
[2026-01-16T09:03:22.578+0000][gc          ] GC(325) Pause Young (Normal) (G1 Evacuation Pause) 459M->413M(1024M) 301.195ms
[2026-01-16T09:03:22.580+0000][gc,cpu      ] GC(325) User=0.17s Sys=0.00s Real=0.30s
[2026-01-16T09:03:24.979+0000][gc,start    ] GC(326) Pause Young (Normal) (G1 Evacuation Pause)
[2026-01-16T09:03:24.982+0000][gc,task     ] GC(326) Using 8 workers of 8 for evacuation
[2026-01-16T09:03:27.702+0000][gc,mmu      ] GC(326) MMU target violated: 201.0ms (200.0ms/201.0ms)
[2026-01-16T09:03:27.703+0000][gc,phases   ] GC(326)   Pre Evacuate Collection Set: 32.1ms
[2026-01-16T09:03:27.705+0000][gc,phases   ] GC(326)   Merge Heap Roots: 5.1ms
[2026-01-16T09:03:27.706+0000][gc,phases   ] GC(326)   Evacuate Collection Set: 2582.0ms
[2026-01-16T09:03:27.706+0000][gc,phases   ] GC(326)   Post Evacuate Collection Set: 98.3ms
[2026-01-16T09:03:27.709+0000][gc,phases   ] GC(326)   Other: 3.3ms
[2026-01-16T09:03:27.710+0000][gc,heap     ] GC(326) Eden regions: 47->0(47)
[2026-01-16T09:03:27.711+0000][gc,heap     ] GC(326) Survivor regions: 4->4(7)
[2026-01-16T09:03:27.716+0000][gc,heap     ] GC(326) Old regions: 261->262
[2026-01-16T09:03:27.728+0000][gc,heap     ] GC(326) Humongous regions: 149->149
[2026-01-16T09:03:27.732+0000][gc,metaspace] GC(326) Metaspace: 13876K(14272K)->13876K(14272K) NonClass: 12219K(12416K)->12219K(12416K) Class: 1657K(1856K)->1657K(1856K)
[2026-01-16T09:03:27.752+0000][gc          ] GC(326) Pause Young (Normal) (G1 Evacuation Pause) 460M->414M(1024M) 2772.730ms
[2026-01-16T09:03:27.753+0000][gc,cpu      ] GC(326) User=0.97s Sys=0.13s Real=2.77s
[2026-01-16T09:03:32.736+0000][gc,start    ] GC(327) Pause Young (Normal) (G1 Evacuation Pause)
[2026-01-16T09:03:32.774+0000][gc,task     ] GC(327) Using 8 workers of 8 for evacuation
[2026-01-16T09:03:34.026+0000][gc,mmu      ] GC(327) MMU target violated: 201.0ms (200.0ms/201.0ms)
[2026-01-16T09:03:34.028+0000][gc,phases   ] GC(327)   Pre Evacuate Collection Set: 143.3ms
[2026-01-16T09:03:34.031+0000][gc,phases   ] GC(327)   Merge Heap Roots: 4.8ms
[2026-01-16T09:03:34.033+0000][gc,phases   ] GC(327)   Evacuate Collection Set: 1082.5ms
[2026-01-16T09:03:34.037+0000][gc,phases   ] GC(327)   Post Evacuate Collection Set: 20.9ms
[2026-01-16T09:03:34.038+0000][gc,phases   ] GC(327)   Other: 26.3ms
[2026-01-16T09:03:34.042+0000][gc,heap     ] GC(327) Eden regions: 47->0(46)
[2026-01-16T09:03:34.042+0000][gc,heap     ] GC(327) Survivor regions: 4->5(7)
[2026-01-16T09:03:34.044+0000][gc,heap     ] GC(327) Old regions: 262->262
[2026-01-16T09:03:34.046+0000][gc,heap     ] GC(327) Humongous regions: 149->149
[2026-01-16T09:03:34.046+0000][gc,metaspace] GC(327) Metaspace: 13877K(14272K)->13877K(14272K) NonClass: 12219K(12416K)->12219K(12416K) Class: 1657K(1856K)->1657K(1856K)
[2026-01-16T09:03:34.048+0000][gc          ] GC(327) Pause Young (Normal) (G1 Evacuation Pause) 461M->415M(1024M) 1313.057ms
[2026-01-16T09:03:34.050+0000][gc,cpu      ] GC(327) User=0.80s Sys=0.13s Real=1.32s
[2026-01-16T09:03:37.543+0000][gc,start    ] GC(328) Pause Young (Normal) (G1 Evacuation Pause)
[2026-01-16T09:03:37.553+0000][gc,task     ] GC(328) Using 8 workers of 8 for evacuation
[2026-01-16T09:03:38.423+0000][gc,mmu      ] GC(328) MMU target violated: 201.0ms (200.0ms/201.0ms)
[2026-01-16T09:03:38.426+0000][gc,phases   ] GC(328)   Pre Evacuate Collection Set: 123.1ms
[2026-01-16T09:03:38.427+0000][gc,phases   ] GC(328)   Merge Heap Roots: 18.7ms
[2026-01-16T09:03:38.428+0000][gc,phases   ] GC(328)   Evacuate Collection Set: 676.6ms
[2026-01-16T09:03:38.432+0000][gc,phases   ] GC(328)   Post Evacuate Collection Set: 43.3ms
[2026-01-16T09:03:38.434+0000][gc,phases   ] GC(328)   Other: 14.6ms
[2026-01-16T09:03:38.435+0000][gc,heap     ] GC(328) Eden regions: 46->0(46)
[2026-01-16T09:03:38.435+0000][gc,heap     ] GC(328) Survivor regions: 5->5(7)
[2026-01-16T09:03:38.440+0000][gc,heap     ] GC(328) Old regions: 262->263
[2026-01-16T09:03:38.442+0000][gc,heap     ] GC(328) Humongous regions: 149->149
[2026-01-16T09:03:38.443+0000][gc,metaspace] GC(328) Metaspace: 13878K(14272K)->13878K(14272K) NonClass: 12221K(12416K)->12221K(12416K) Class: 1657K(1856K)->1657K(1856K)
[2026-01-16T09:03:38.444+0000][gc          ] GC(328) Pause Young (Normal) (G1 Evacuation Pause) 461M->416M(1024M) 900.783ms
[2026-01-16T09:03:38.444+0000][gc,cpu      ] GC(328) User=0.61s Sys=0.12s Real=0.90s
[2026-01-16T09:03:42.624+0000][gc,start    ] GC(329) Pause Young (Normal) (G1 Evacuation Pause)
[2026-01-16T09:03:42.629+0000][gc,task     ] GC(329) Using 8 workers of 8 for evacuation
[2026-01-16T09:03:43.283+0000][gc,mmu      ] GC(329) MMU target violated: 201.0ms (200.0ms/201.0ms)
[2026-01-16T09:03:43.286+0000][gc,phases   ] GC(329)   Pre Evacuate Collection Set: 79.8ms
[2026-01-16T09:03:43.287+0000][gc,phases   ] GC(329)   Merge Heap Roots: 9.9ms
[2026-01-16T09:03:43.288+0000][gc,phases   ] GC(329)   Evacuate Collection Set: 528.1ms
[2026-01-16T09:03:43.289+0000][gc,phases   ] GC(329)   Post Evacuate Collection Set: 33.0ms
[2026-01-16T09:03:43.290+0000][gc,phases   ] GC(329)   Other: 6.2ms
[2026-01-16T09:03:43.291+0000][gc,heap     ] GC(329) Eden regions: 46->0(47)
[2026-01-16T09:03:43.291+0000][gc,heap     ] GC(329) Survivor regions: 5->4(7)
[2026-01-16T09:03:43.292+0000][gc,heap     ] GC(329) Old regions: 263->264
[2026-01-16T09:03:43.292+0000][gc,heap     ] GC(329) Humongous regions: 149->149
[2026-01-16T09:03:43.293+0000][gc,metaspace] GC(329) Metaspace: 13884K(14272K)->13884K(14272K) NonClass: 12227K(12416K)->12227K(12416K) Class: 1657K(1856K)->1657K(1856K)
[2026-01-16T09:03:43.294+0000][gc          ] GC(329) Pause Young (Normal) (G1 Evacuation Pause) 462M->416M(1024M) 670.149ms
[2026-01-16T09:03:43.295+0000][gc,cpu      ] GC(329) User=0.39s Sys=0.03s Real=0.67s
[2026-01-16T09:03:48.139+0000][gc,start    ] GC(330) Pause Young (Normal) (G1 Evacuation Pause)
[2026-01-16T09:03:48.162+0000][gc,task     ] GC(330) Using 8 workers of 8 for evacuation
[2026-01-16T09:03:49.188+0000][gc,mmu      ] GC(330) MMU target violated: 201.0ms (200.0ms/201.0ms)
[2026-01-16T09:03:49.192+0000][gc,phases   ] GC(330)   Pre Evacuate Collection Set: 122.5ms
[2026-01-16T09:03:49.192+0000][gc,phases   ] GC(330)   Merge Heap Roots: 3.4ms
[2026-01-16T09:03:49.192+0000][gc,phases   ] GC(330)   Evacuate Collection Set: 868.7ms
[2026-01-16T09:03:49.193+0000][gc,phases   ] GC(330)   Post Evacuate Collection Set: 13.2ms
[2026-01-16T09:03:49.193+0000][gc,phases   ] GC(330)   Other: 22.6ms
[2026-01-16T09:03:49.195+0000][gc,heap     ] GC(330) Eden regions: 47->0(47)
[2026-01-16T09:03:49.196+0000][gc,heap     ] GC(330) Survivor regions: 4->4(7)
[2026-01-16T09:03:49.196+0000][gc,heap     ] GC(330) Old regions: 264->265
[2026-01-16T09:03:49.196+0000][gc,heap     ] GC(330) Humongous regions: 149->149
[2026-01-16T09:03:49.198+0000][gc,metaspace] GC(330) Metaspace: 13884K(14272K)->13884K(14272K) NonClass: 12227K(12416K)->12227K(12416K) Class: 1657K(1856K)->1657K(1856K)
[2026-01-16T09:03:49.199+0000][gc          ] GC(330) Pause Young (Normal) (G1 Evacuation Pause) 463M->417M(1024M) 1059.972ms
[2026-01-16T09:03:49.202+0000][gc,cpu      ] GC(330) User=0.66s Sys=0.08s Real=1.07s
[2026-01-16T09:03:53.868+0000][gc,start    ] GC(331) Pause Young (Normal) (G1 Evacuation Pause)
[2026-01-16T09:03:53.892+0000][gc,task     ] GC(331) Using 8 workers of 8 for evacuation
[2026-01-16T09:03:55.001+0000][gc,mmu      ] GC(331) MMU target violated: 201.0ms (200.0ms/201.0ms)
[2026-01-16T09:03:55.002+0000][gc,phases   ] GC(331)   Pre Evacuate Collection Set: 107.7ms
[2026-01-16T09:03:55.002+0000][gc,phases   ] GC(331)   Merge Heap Roots: 18.1ms
[2026-01-16T09:03:55.004+0000][gc,phases   ] GC(331)   Evacuate Collection Set: 929.3ms
[2026-01-16T09:03:55.006+0000][gc,phases   ] GC(331)   Post Evacuate Collection Set: 48.3ms
[2026-01-16T09:03:55.007+0000][gc,phases   ] GC(331)   Other: 17.1ms
[2026-01-16T09:03:55.007+0000][gc,heap     ] GC(331) Eden regions: 47->0(47)
[2026-01-16T09:03:55.007+0000][gc,heap     ] GC(331) Survivor regions: 4->4(7)
[2026-01-16T09:03:55.008+0000][gc,heap     ] GC(331) Old regions: 265->266
[2026-01-16T09:03:55.008+0000][gc,heap     ] GC(331) Humongous regions: 149->149
[2026-01-16T09:03:55.008+0000][gc,metaspace] GC(331) Metaspace: 13885K(14272K)->13885K(14272K) NonClass: 12228K(12416K)->12228K(12416K) Class: 1657K(1856K)->1657K(1856K)
[2026-01-16T09:03:55.010+0000][gc          ] GC(331) Pause Young (Normal) (G1 Evacuation Pause) 464M->417M(1024M) 1141.117ms
[2026-01-16T09:03:55.013+0000][gc,cpu      ] GC(331) User=0.71s Sys=0.17s Real=1.15s
[2026-01-16T09:03:58.772+0000][gc,start    ] GC(332) Pause Young (Normal) (G1 Evacuation Pause)
[2026-01-16T09:03:58.780+0000][gc,task     ] GC(332) Using 8 workers of 8 for evacuation
[2026-01-16T09:03:59.649+0000][gc,mmu      ] GC(332) MMU target violated: 201.0ms (200.0ms/201.0ms)
[2026-01-16T09:03:59.654+0000][gc,phases   ] GC(332)   Pre Evacuate Collection Set: 148.4ms
[2026-01-16T09:03:59.662+0000][gc,phases   ] GC(332)   Merge Heap Roots: 12.7ms
[2026-01-16T09:03:59.665+0000][gc,phases   ] GC(332)   Evacuate Collection Set: 652.1ms
[2026-01-16T09:03:59.666+0000][gc,phases   ] GC(332)   Post Evacuate Collection Set: 54.5ms
[2026-01-16T09:03:59.675+0000][gc,phases   ] GC(332)   Other: 7.2ms
[2026-01-16T09:03:59.677+0000][gc,heap     ] GC(332) Eden regions: 47->0(46)
[2026-01-16T09:03:59.681+0000][gc,heap     ] GC(332) Survivor regions: 4->5(7)
[2026-01-16T09:03:59.682+0000][gc,heap     ] GC(332) Old regions: 266->266
[2026-01-16T09:03:59.682+0000][gc,heap     ] GC(332) Humongous regions: 149->149
[2026-01-16T09:03:59.683+0000][gc,metaspace] GC(332) Metaspace: 13885K(14272K)->13885K(14272K) NonClass: 12228K(12416K)->12228K(12416K) Class: 1657K(1856K)->1657K(1856K)
[2026-01-16T09:03:59.683+0000][gc          ] GC(332) Pause Young (Normal) (G1 Evacuation Pause) 464M->419M(1024M) 911.402ms
[2026-01-16T09:03:59.684+0000][gc,cpu      ] GC(332) User=0.52s Sys=0.06s Real=0.91s
[2026-01-16T09:04:02.712+0000][gc,start    ] GC(333) Pause Young (Normal) (G1 Evacuation Pause)
[2026-01-16T09:04:02.725+0000][gc,task     ] GC(333) Using 8 workers of 8 for evacuation
[2026-01-16T09:04:03.237+0000][gc,mmu      ] GC(333) MMU target violated: 201.0ms (200.0ms/201.0ms)
[2026-01-16T09:04:03.238+0000][gc,phases   ] GC(333)   Pre Evacuate Collection Set: 60.3ms
[2026-01-16T09:04:03.239+0000][gc,phases   ] GC(333)   Merge Heap Roots: 13.4ms
[2026-01-16T09:04:03.241+0000][gc,phases   ] GC(333)   Evacuate Collection Set: 418.3ms
[2026-01-16T09:04:03.242+0000][gc,phases   ] GC(333)   Post Evacuate Collection Set: 15.8ms
[2026-01-16T09:04:03.244+0000][gc,phases   ] GC(333)   Other: 5.1ms
[2026-01-16T09:04:03.244+0000][gc,heap     ] GC(333) Eden regions: 46->0(46)
[2026-01-16T09:04:03.245+0000][gc,heap     ] GC(333) Survivor regions: 5->5(7)
[2026-01-16T09:04:03.247+0000][gc,heap     ] GC(333) Old regions: 266->267
[2026-01-16T09:04:03.248+0000][gc,heap     ] GC(333) Humongous regions: 149->149
[2026-01-16T09:04:03.248+0000][gc,metaspace] GC(333) Metaspace: 13898K(14272K)->13898K(14272K) NonClass: 12241K(12416K)->12241K(12416K) Class: 1657K(1856K)->1657K(1856K)
[2026-01-16T09:04:03.249+0000][gc          ] GC(333) Pause Young (Normal) (G1 Evacuation Pause) 465M->419M(1024M) 537.507ms
[2026-01-16T09:04:03.254+0000][gc,cpu      ] GC(333) User=0.32s Sys=0.07s Real=0.54s
[2026-01-16T09:04:05.218+0000][gc,start    ] GC(334) Pause Young (Normal) (G1 Evacuation Pause)
[2026-01-16T09:04:05.219+0000][gc,task     ] GC(334) Using 8 workers of 8 for evacuation
[2026-01-16T09:04:05.533+0000][gc,mmu      ] GC(334) MMU target violated: 201.0ms (200.0ms/201.0ms)
[2026-01-16T09:04:05.533+0000][gc,phases   ] GC(334)   Pre Evacuate Collection Set: 12.9ms
[2026-01-16T09:04:05.534+0000][gc,phases   ] GC(334)   Merge Heap Roots: 1.0ms
[2026-01-16T09:04:05.534+0000][gc,phases   ] GC(334)   Evacuate Collection Set: 260.2ms
[2026-01-16T09:04:05.535+0000][gc,phases   ] GC(334)   Post Evacuate Collection Set: 34.9ms
[2026-01-16T09:04:05.535+0000][gc,phases   ] GC(334)   Other: 5.5ms
[2026-01-16T09:04:05.535+0000][gc,heap     ] GC(334) Eden regions: 46->0(47)
[2026-01-16T09:04:05.535+0000][gc,heap     ] GC(334) Survivor regions: 5->4(7)
[2026-01-16T09:04:05.536+0000][gc,heap     ] GC(334) Old regions: 267->268
[2026-01-16T09:04:05.540+0000][gc,heap     ] GC(334) Humongous regions: 149->149
[2026-01-16T09:04:05.543+0000][gc,metaspace] GC(334) Metaspace: 13924K(14336K)->13924K(14336K) NonClass: 12267K(12480K)->12267K(12480K) Class: 1657K(1856K)->1657K(1856K)
[2026-01-16T09:04:05.543+0000][gc          ] GC(334) Pause Young (Normal) (G1 Evacuation Pause) 465M->420M(1024M) 325.075ms
[2026-01-16T09:04:05.544+0000][gc,cpu      ] GC(334) User=0.17s Sys=0.01s Real=0.33s
[2026-01-16T09:04:07.991+0000][gc,start    ] GC(335) Pause Young (Normal) (G1 Evacuation Pause)
[2026-01-16T09:04:07.993+0000][gc,task     ] GC(335) Using 8 workers of 8 for evacuation
[2026-01-16T09:04:08.480+0000][gc,mmu      ] GC(335) MMU target violated: 201.0ms (200.0ms/201.0ms)
[2026-01-16T09:04:08.497+0000][gc,phases   ] GC(335)   Pre Evacuate Collection Set: 34.7ms
[2026-01-16T09:04:08.506+0000][gc,phases   ] GC(335)   Merge Heap Roots: 14.7ms
[2026-01-16T09:04:08.512+0000][gc,phases   ] GC(335)   Evacuate Collection Set: 298.5ms
[2026-01-16T09:04:08.513+0000][gc,phases   ] GC(335)   Post Evacuate Collection Set: 136.6ms
[2026-01-16T09:04:08.513+0000][gc,phases   ] GC(335)   Other: 20.1ms
[2026-01-16T09:04:08.513+0000][gc,heap     ] GC(335) Eden regions: 47->0(46)
[2026-01-16T09:04:08.513+0000][gc,heap     ] GC(335) Survivor regions: 4->5(7)
[2026-01-16T09:04:08.515+0000][gc,heap     ] GC(335) Old regions: 268->269
[2026-01-16T09:04:08.516+0000][gc,heap     ] GC(335) Humongous regions: 149->149
[2026-01-16T09:04:08.517+0000][gc,metaspace] GC(335) Metaspace: 13928K(14336K)->13928K(14336K) NonClass: 12271K(12480K)->12271K(12480K) Class: 1657K(1856K)->1657K(1856K)
[2026-01-16T09:04:08.517+0000][gc          ] GC(335) Pause Young (Normal) (G1 Evacuation Pause) 467M->421M(1024M) 525.602ms
[2026-01-16T09:04:08.517+0000][gc,cpu      ] GC(335) User=0.24s Sys=0.00s Real=0.53s
[2026-01-16T09:04:10.458+0000][gc,start    ] GC(336) Pause Young (Normal) (G1 Evacuation Pause)
[2026-01-16T09:04:10.474+0000][gc,task     ] GC(336) Using 8 workers of 8 for evacuation
[2026-01-16T09:04:11.115+0000][gc,mmu      ] GC(336) MMU target violated: 201.0ms (200.0ms/201.0ms)
[2026-01-16T09:04:11.121+0000][gc,phases   ] GC(336)   Pre Evacuate Collection Set: 31.2ms
[2026-01-16T09:04:11.126+0000][gc,phases   ] GC(336)   Merge Heap Roots: 0.4ms
[2026-01-16T09:04:11.133+0000][gc,phases   ] GC(336)   Evacuate Collection Set: 546.6ms
[2026-01-16T09:04:11.134+0000][gc,phases   ] GC(336)   Post Evacuate Collection Set: 37.2ms
[2026-01-16T09:04:11.135+0000][gc,phases   ] GC(336)   Other: 32.3ms
[2026-01-16T09:04:11.136+0000][gc,heap     ] GC(336) Eden regions: 46->0(46)
[2026-01-16T09:04:11.136+0000][gc,heap     ] GC(336) Survivor regions: 5->5(7)
[2026-01-16T09:04:11.137+0000][gc,heap     ] GC(336) Old regions: 269->269
[2026-01-16T09:04:11.141+0000][gc,heap     ] GC(336) Humongous regions: 149->149
[2026-01-16T09:04:11.144+0000][gc,metaspace] GC(336) Metaspace: 13934K(14336K)->13934K(14336K) NonClass: 12277K(12480K)->12277K(12480K) Class: 1657K(1856K)->1657K(1856K)
[2026-01-16T09:04:11.146+0000][gc          ] GC(336) Pause Young (Normal) (G1 Evacuation Pause) 467M->421M(1024M) 687.912ms
[2026-01-16T09:04:11.147+0000][gc,cpu      ] GC(336) User=0.29s Sys=0.04s Real=0.69s
[2026-01-16T09:04:13.861+0000][gc,start    ] GC(337) Pause Young (Normal) (G1 Evacuation Pause)
[2026-01-16T09:04:13.869+0000][gc,task     ] GC(337) Using 8 workers of 8 for evacuation
[2026-01-16T09:04:14.622+0000][gc,mmu      ] GC(337) MMU target violated: 201.0ms (200.0ms/201.0ms)
[2026-01-16T09:04:14.623+0000][gc,phases   ] GC(337)   Pre Evacuate Collection Set: 144.8ms
[2026-01-16T09:04:14.624+0000][gc,phases   ] GC(337)   Merge Heap Roots: 6.0ms
[2026-01-16T09:04:14.624+0000][gc,phases   ] GC(337)   Evacuate Collection Set: 564.5ms
[2026-01-16T09:04:14.667+0000][gc,phases   ] GC(337)   Post Evacuate Collection Set: 16.3ms
[2026-01-16T09:04:14.667+0000][gc,phases   ] GC(337)   Other: 22.5ms
[2026-01-16T09:04:14.667+0000][gc,heap     ] GC(337) Eden regions: 46->0(46)
[2026-01-16T09:04:14.668+0000][gc,heap     ] GC(337) Survivor regions: 5->5(7)
[2026-01-16T09:04:14.669+0000][gc,heap     ] GC(337) Old regions: 269->270
[2026-01-16T09:04:14.671+0000][gc,heap     ] GC(337) Humongous regions: 149->149
[2026-01-16T09:04:14.671+0000][gc,metaspace] GC(337) Metaspace: 13935K(14336K)->13935K(14336K) NonClass: 12278K(12480K)->12278K(12480K) Class: 1657K(1856K)->1657K(1856K)
[2026-01-16T09:04:14.672+0000][gc          ] GC(337) Pause Young (Normal) (G1 Evacuation Pause) 467M->422M(1024M) 810.465ms
[2026-01-16T09:04:14.672+0000][gc,cpu      ] GC(337) User=0.29s Sys=0.05s Real=0.82s
[2026-01-16T09:04:16.623+0000][gc,start    ] GC(338) Pause Young (Normal) (G1 Evacuation Pause)
[2026-01-16T09:04:16.627+0000][gc,task     ] GC(338) Using 8 workers of 8 for evacuation
[2026-01-16T09:04:17.436+0000][gc,mmu      ] GC(338) MMU target violated: 201.0ms (200.0ms/201.0ms)
[2026-01-16T09:04:17.437+0000][gc,phases   ] GC(338)   Pre Evacuate Collection Set: 49.6ms
[2026-01-16T09:04:17.438+0000][gc,phases   ] GC(338)   Merge Heap Roots: 5.1ms
[2026-01-16T09:04:17.438+0000][gc,phases   ] GC(338)   Evacuate Collection Set: 719.1ms
[2026-01-16T09:04:17.441+0000][gc,phases   ] GC(338)   Post Evacuate Collection Set: 13.3ms
[2026-01-16T09:04:17.441+0000][gc,phases   ] GC(338)   Other: 23.6ms
[2026-01-16T09:04:17.443+0000][gc,heap     ] GC(338) Eden regions: 46->0(46)
[2026-01-16T09:04:17.445+0000][gc,heap     ] GC(338) Survivor regions: 5->5(7)
[2026-01-16T09:04:17.445+0000][gc,heap     ] GC(338) Old regions: 270->271
[2026-01-16T09:04:17.445+0000][gc,heap     ] GC(338) Humongous regions: 149->149
[2026-01-16T09:04:17.446+0000][gc,metaspace] GC(338) Metaspace: 13937K(14336K)->13937K(14336K) NonClass: 12280K(12480K)->12280K(12480K) Class: 1657K(1856K)->1657K(1856K)
[2026-01-16T09:04:17.447+0000][gc          ] GC(338) Pause Young (Normal) (G1 Evacuation Pause) 468M->423M(1024M) 823.907ms
[2026-01-16T09:04:17.448+0000][gc,cpu      ] GC(338) User=0.24s Sys=0.04s Real=0.82s
[2026-01-16T09:04:19.763+0000][gc,start    ] GC(339) Pause Young (Normal) (G1 Evacuation Pause)
[2026-01-16T09:04:19.769+0000][gc,task     ] GC(339) Using 8 workers of 8 for evacuation
[2026-01-16T09:04:20.142+0000][gc,mmu      ] GC(339) MMU target violated: 201.0ms (200.0ms/201.0ms)
[2026-01-16T09:04:20.144+0000][gc,phases   ] GC(339)   Pre Evacuate Collection Set: 19.4ms
[2026-01-16T09:04:20.145+0000][gc,phases   ] GC(339)   Merge Heap Roots: 9.7ms
[2026-01-16T09:04:20.152+0000][gc,phases   ] GC(339)   Evacuate Collection Set: 324.3ms
[2026-01-16T09:04:20.155+0000][gc,phases   ] GC(339)   Post Evacuate Collection Set: 17.6ms
[2026-01-16T09:04:20.156+0000][gc,phases   ] GC(339)   Other: 3.4ms
[2026-01-16T09:04:20.156+0000][gc,heap     ] GC(339) Eden regions: 46->0(46)
[2026-01-16T09:04:20.174+0000][gc,heap     ] GC(339) Survivor regions: 5->5(7)
[2026-01-16T09:04:20.177+0000][gc,heap     ] GC(339) Old regions: 271->272
[2026-01-16T09:04:20.178+0000][gc,heap     ] GC(339) Humongous regions: 149->149
[2026-01-16T09:04:20.190+0000][gc,metaspace] GC(339) Metaspace: 13937K(14336K)->13937K(14336K) NonClass: 12280K(12480K)->12280K(12480K) Class: 1657K(1856K)->1657K(1856K)
[2026-01-16T09:04:20.192+0000][gc          ] GC(339) Pause Young (Normal) (G1 Evacuation Pause) 469M->424M(1024M) 428.074ms
[2026-01-16T09:04:20.201+0000][gc,cpu      ] GC(339) User=0.13s Sys=0.02s Real=0.43s
[2026-01-16T09:04:22.035+0000][gc,start    ] GC(340) Pause Young (Normal) (G1 Evacuation Pause)
[2026-01-16T09:04:22.042+0000][gc,task     ] GC(340) Using 8 workers of 8 for evacuation
[2026-01-16T09:04:22.557+0000][gc,mmu      ] GC(340) MMU target violated: 201.0ms (200.0ms/201.0ms)
[2026-01-16T09:04:22.559+0000][gc,phases   ] GC(340)   Pre Evacuate Collection Set: 25.6ms
[2026-01-16T09:04:22.559+0000][gc,phases   ] GC(340)   Merge Heap Roots: 6.0ms
[2026-01-16T09:04:22.559+0000][gc,phases   ] GC(340)   Evacuate Collection Set: 457.6ms
[2026-01-16T09:04:22.561+0000][gc,phases   ] GC(340)   Post Evacuate Collection Set: 17.8ms
[2026-01-16T09:04:22.562+0000][gc,phases   ] GC(340)   Other: 12.6ms
[2026-01-16T09:04:22.563+0000][gc,heap     ] GC(340) Eden regions: 46->0(47)
[2026-01-16T09:04:22.565+0000][gc,heap     ] GC(340) Survivor regions: 5->4(7)
[2026-01-16T09:04:22.565+0000][gc,heap     ] GC(340) Old regions: 272->273
[2026-01-16T09:04:22.565+0000][gc,heap     ] GC(340) Humongous regions: 149->149
[2026-01-16T09:04:22.565+0000][gc,metaspace] GC(340) Metaspace: 13937K(14336K)->13937K(14336K) NonClass: 12280K(12480K)->12280K(12480K) Class: 1657K(1856K)->1657K(1856K)
[2026-01-16T09:04:22.566+0000][gc          ] GC(340) Pause Young (Normal) (G1 Evacuation Pause) 470M->425M(1024M) 531.195ms
[2026-01-16T09:04:22.566+0000][gc,cpu      ] GC(340) User=0.22s Sys=0.03s Real=0.53s
[2026-01-16T09:04:25.154+0000][gc,start    ] GC(341) Pause Young (Normal) (G1 Evacuation Pause)
[2026-01-16T09:04:25.160+0000][gc,task     ] GC(341) Using 8 workers of 8 for evacuation
[2026-01-16T09:04:25.843+0000][gc,mmu      ] GC(341) MMU target violated: 201.0ms (200.0ms/201.0ms)
[2026-01-16T09:04:25.844+0000][gc,phases   ] GC(341)   Pre Evacuate Collection Set: 30.6ms
[2026-01-16T09:04:25.845+0000][gc,phases   ] GC(341)   Merge Heap Roots: 8.5ms
[2026-01-16T09:04:25.845+0000][gc,phases   ] GC(341)   Evacuate Collection Set: 630.1ms
[2026-01-16T09:04:25.845+0000][gc,phases   ] GC(341)   Post Evacuate Collection Set: 7.3ms
[2026-01-16T09:04:25.846+0000][gc,phases   ] GC(341)   Other: 7.9ms
[2026-01-16T09:04:25.846+0000][gc,heap     ] GC(341) Eden regions: 47->0(46)
[2026-01-16T09:04:25.847+0000][gc,heap     ] GC(341) Survivor regions: 4->5(7)
[2026-01-16T09:04:25.848+0000][gc,heap     ] GC(341) Old regions: 273->274
[2026-01-16T09:04:25.848+0000][gc,heap     ] GC(341) Humongous regions: 149->149
[2026-01-16T09:04:25.848+0000][gc,metaspace] GC(341) Metaspace: 13937K(14336K)->13937K(14336K) NonClass: 12280K(12480K)->12280K(12480K) Class: 1657K(1856K)->1657K(1856K)
[2026-01-16T09:04:25.849+0000][gc          ] GC(341) Pause Young (Normal) (G1 Evacuation Pause) 472M->426M(1024M) 695.096ms
[2026-01-16T09:04:25.849+0000][gc,cpu      ] GC(341) User=0.29s Sys=0.06s Real=0.69s
[2026-01-16T09:04:27.469+0000][gc,start    ] GC(342) Pause Young (Normal) (G1 Evacuation Pause)
[2026-01-16T09:04:27.471+0000][gc,task     ] GC(342) Using 8 workers of 8 for evacuation
[2026-01-16T09:04:27.793+0000][gc,mmu      ] GC(342) MMU target violated: 201.0ms (200.0ms/201.0ms)
[2026-01-16T09:04:27.798+0000][gc,phases   ] GC(342)   Pre Evacuate Collection Set: 32.9ms
[2026-01-16T09:04:27.799+0000][gc,phases   ] GC(342)   Merge Heap Roots: 24.3ms
[2026-01-16T09:04:27.801+0000][gc,phases   ] GC(342)   Evacuate Collection Set: 250.0ms
[2026-01-16T09:04:27.802+0000][gc,phases   ] GC(342)   Post Evacuate Collection Set: 10.2ms
[2026-01-16T09:04:27.803+0000][gc,phases   ] GC(342)   Other: 9.6ms
[2026-01-16T09:04:27.810+0000][gc,heap     ] GC(342) Eden regions: 46->0(46)
[2026-01-16T09:04:27.812+0000][gc,heap     ] GC(342) Survivor regions: 5->5(7)
[2026-01-16T09:04:27.815+0000][gc,heap     ] GC(342) Old regions: 274->274
[2026-01-16T09:04:27.820+0000][gc,heap     ] GC(342) Humongous regions: 149->149
[2026-01-16T09:04:27.822+0000][gc,metaspace] GC(342) Metaspace: 13939K(14336K)->13939K(14336K) NonClass: 12282K(12480K)->12282K(12480K) Class: 1657K(1856K)->1657K(1856K)
[2026-01-16T09:04:27.824+0000][gc          ] GC(342) Pause Young (Normal) (G1 Evacuation Pause) 472M->427M(1024M) 355.049ms
[2026-01-16T09:04:27.828+0000][gc,cpu      ] GC(342) User=0.19s Sys=0.07s Real=0.36s
[2026-01-16T09:04:29.459+0000][gc,start    ] GC(343) Pause Young (Normal) (G1 Evacuation Pause)
[2026-01-16T09:04:29.487+0000][gc,task     ] GC(343) Using 8 workers of 8 for evacuation
[2026-01-16T09:04:29.794+0000][gc,mmu      ] GC(343) MMU target violated: 201.0ms (200.0ms/201.0ms)
[2026-01-16T09:04:29.796+0000][gc,phases   ] GC(343)   Pre Evacuate Collection Set: 49.2ms
[2026-01-16T09:04:29.798+0000][gc,phases   ] GC(343)   Merge Heap Roots: 0.9ms
[2026-01-16T09:04:29.799+0000][gc,phases   ] GC(343)   Evacuate Collection Set: 209.3ms
[2026-01-16T09:04:29.800+0000][gc,phases   ] GC(343)   Post Evacuate Collection Set: 9.3ms
[2026-01-16T09:04:29.800+0000][gc,phases   ] GC(343)   Other: 41.4ms
[2026-01-16T09:04:29.801+0000][gc,heap     ] GC(343) Eden regions: 46->0(46)
[2026-01-16T09:04:29.801+0000][gc,heap     ] GC(343) Survivor regions: 5->5(7)
[2026-01-16T09:04:29.801+0000][gc,heap     ] GC(343) Old regions: 274->275
[2026-01-16T09:04:29.802+0000][gc,heap     ] GC(343) Humongous regions: 149->149
[2026-01-16T09:04:29.803+0000][gc,metaspace] GC(343) Metaspace: 13942K(14336K)->13942K(14336K) NonClass: 12285K(12480K)->12285K(12480K) Class: 1657K(1856K)->1657K(1856K)
[2026-01-16T09:04:29.803+0000][gc          ] GC(343) Pause Young (Normal) (G1 Evacuation Pause) 473M->427M(1024M) 344.671ms
[2026-01-16T09:04:29.804+0000][gc,cpu      ] GC(343) User=0.13s Sys=0.01s Real=0.35s
[2026-01-16T09:04:32.184+0000][gc,start    ] GC(344) Pause Young (Normal) (G1 Evacuation Pause)
[2026-01-16T09:04:32.196+0000][gc,task     ] GC(344) Using 8 workers of 8 for evacuation
[2026-01-16T09:04:32.809+0000][gc,mmu      ] GC(344) MMU target violated: 201.0ms (200.0ms/201.0ms)
[2026-01-16T09:04:32.811+0000][gc,phases   ] GC(344)   Pre Evacuate Collection Set: 26.4ms
[2026-01-16T09:04:32.812+0000][gc,phases   ] GC(344)   Merge Heap Roots: 1.4ms
[2026-01-16T09:04:32.812+0000][gc,phases   ] GC(344)   Evacuate Collection Set: 521.6ms
[2026-01-16T09:04:32.813+0000][gc,phases   ] GC(344)   Post Evacuate Collection Set: 50.6ms
[2026-01-16T09:04:32.814+0000][gc,phases   ] GC(344)   Other: 14.8ms
[2026-01-16T09:04:32.814+0000][gc,heap     ] GC(344) Eden regions: 46->0(47)
[2026-01-16T09:04:32.815+0000][gc,heap     ] GC(344) Survivor regions: 5->4(7)
[2026-01-16T09:04:32.815+0000][gc,heap     ] GC(344) Old regions: 275->276
[2026-01-16T09:04:32.816+0000][gc,heap     ] GC(344) Humongous regions: 149->149
[2026-01-16T09:04:32.819+0000][gc,metaspace] GC(344) Metaspace: 13944K(14336K)->13944K(14336K) NonClass: 12287K(12480K)->12287K(12480K) Class: 1657K(1856K)->1657K(1856K)
[2026-01-16T09:04:32.830+0000][gc          ] GC(344) Pause Young (Normal) (G1 Evacuation Pause) 473M->428M(1024M) 645.839ms
[2026-01-16T09:04:32.831+0000][gc,cpu      ] GC(344) User=0.27s Sys=0.03s Real=0.64s
[2026-01-16T09:04:37.856+0000][gc,start    ] GC(345) Pause Young (Normal) (GCLocker Initiated GC)
[2026-01-16T09:04:37.898+0000][gc,task     ] GC(345) Using 8 workers of 8 for evacuation
[2026-01-16T09:04:39.753+0000][gc,mmu      ] GC(345) MMU target violated: 201.0ms (200.0ms/201.0ms)
[2026-01-16T09:04:39.762+0000][gc,phases   ] GC(345)   Pre Evacuate Collection Set: 158.9ms
[2026-01-16T09:04:39.763+0000][gc,phases   ] GC(345)   Merge Heap Roots: 8.9ms
[2026-01-16T09:04:39.763+0000][gc,phases   ] GC(345)   Evacuate Collection Set: 1510.0ms
[2026-01-16T09:04:39.763+0000][gc,phases   ] GC(345)   Post Evacuate Collection Set: 120.2ms
[2026-01-16T09:04:39.763+0000][gc,phases   ] GC(345)   Other: 74.7ms
[2026-01-16T09:04:39.770+0000][gc,heap     ] GC(345) Eden regions: 48->0(47)
[2026-01-16T09:04:39.776+0000][gc,heap     ] GC(345) Survivor regions: 4->4(7)
[2026-01-16T09:04:39.777+0000][gc,heap     ] GC(345) Old regions: 276->277
[2026-01-16T09:04:39.777+0000][gc,heap     ] GC(345) Humongous regions: 149->149
[2026-01-16T09:04:39.777+0000][gc,metaspace] GC(345) Metaspace: 13948K(14336K)->13948K(14336K) NonClass: 12291K(12480K)->12291K(12480K) Class: 1657K(1856K)->1657K(1856K)
[2026-01-16T09:04:39.779+0000][gc          ] GC(345) Pause Young (Normal) (GCLocker Initiated GC) 475M->429M(1024M) 1922.442ms
[2026-01-16T09:04:39.785+0000][gc,cpu      ] GC(345) User=0.70s Sys=0.12s Real=1.93s
[2026-01-16T09:04:42.930+0000][gc,start    ] GC(346) Pause Young (Normal) (G1 Evacuation Pause)
[2026-01-16T09:04:42.940+0000][gc,task     ] GC(346) Using 8 workers of 8 for evacuation
[2026-01-16T09:04:43.146+0000][gc,mmu      ] GC(346) MMU target violated: 201.0ms (200.0ms/201.0ms)
[2026-01-16T09:04:43.147+0000][gc,phases   ] GC(346)   Pre Evacuate Collection Set: 18.2ms
[2026-01-16T09:04:43.147+0000][gc,phases   ] GC(346)   Merge Heap Roots: 2.5ms
[2026-01-16T09:04:43.148+0000][gc,phases   ] GC(346)   Evacuate Collection Set: 168.0ms
[2026-01-16T09:04:43.149+0000][gc,phases   ] GC(346)   Post Evacuate Collection Set: 15.8ms
[2026-01-16T09:04:43.152+0000][gc,phases   ] GC(346)   Other: 10.0ms
[2026-01-16T09:04:43.152+0000][gc,heap     ] GC(346) Eden regions: 47->0(46)
[2026-01-16T09:04:43.153+0000][gc,heap     ] GC(346) Survivor regions: 4->5(7)
[2026-01-16T09:04:43.155+0000][gc,heap     ] GC(346) Old regions: 277->277
[2026-01-16T09:04:43.155+0000][gc,heap     ] GC(346) Humongous regions: 149->149
[2026-01-16T09:04:43.155+0000][gc,metaspace] GC(346) Metaspace: 13959K(14336K)->13959K(14336K) NonClass: 12302K(12480K)->12302K(12480K) Class: 1657K(1856K)->1657K(1856K)
[2026-01-16T09:04:43.155+0000][gc          ] GC(346) Pause Young (Normal) (G1 Evacuation Pause) 476M->429M(1024M) 225.063ms
[2026-01-16T09:04:43.155+0000][gc,cpu      ] GC(346) User=0.31s Sys=0.02s Real=0.23s
[2026-01-16T09:04:45.123+0000][gc,start    ] GC(347) Pause Young (Normal) (G1 Evacuation Pause)
[2026-01-16T09:04:45.129+0000][gc,task     ] GC(347) Using 8 workers of 8 for evacuation
[2026-01-16T09:04:45.836+0000][gc,mmu      ] GC(347) MMU target violated: 201.0ms (200.0ms/201.0ms)
[2026-01-16T09:04:45.839+0000][gc,phases   ] GC(347)   Pre Evacuate Collection Set: 48.9ms
[2026-01-16T09:04:45.839+0000][gc,phases   ] GC(347)   Merge Heap Roots: 0.9ms
[2026-01-16T09:04:45.840+0000][gc,phases   ] GC(347)   Evacuate Collection Set: 593.5ms
[2026-01-16T09:04:45.841+0000][gc,phases   ] GC(347)   Post Evacuate Collection Set: 37.4ms
[2026-01-16T09:04:45.848+0000][gc,phases   ] GC(347)   Other: 28.8ms
[2026-01-16T09:04:45.850+0000][gc,heap     ] GC(347) Eden regions: 46->0(46)
[2026-01-16T09:04:45.852+0000][gc,heap     ] GC(347) Survivor regions: 5->5(7)
[2026-01-16T09:04:45.853+0000][gc,heap     ] GC(347) Old regions: 277->278
[2026-01-16T09:04:45.853+0000][gc,heap     ] GC(347) Humongous regions: 149->149
[2026-01-16T09:04:45.855+0000][gc,metaspace] GC(347) Metaspace: 13959K(14336K)->13959K(14336K) NonClass: 12302K(12480K)->12302K(12480K) Class: 1657K(1856K)->1657K(1856K)
[2026-01-16T09:04:45.856+0000][gc          ] GC(347) Pause Young (Normal) (G1 Evacuation Pause) 475M->430M(1024M) 733.290ms
[2026-01-16T09:04:45.857+0000][gc,cpu      ] GC(347) User=0.19s Sys=0.02s Real=0.73s
[2026-01-16T09:04:47.440+0000][gc,start    ] GC(348) Pause Young (Normal) (G1 Evacuation Pause)
[2026-01-16T09:04:47.455+0000][gc,task     ] GC(348) Using 8 workers of 8 for evacuation
[2026-01-16T09:04:48.008+0000][gc,mmu      ] GC(348) MMU target violated: 201.0ms (200.0ms/201.0ms)
[2026-01-16T09:04:48.009+0000][gc,phases   ] GC(348)   Pre Evacuate Collection Set: 18.6ms
[2026-01-16T09:04:48.012+0000][gc,phases   ] GC(348)   Merge Heap Roots: 12.8ms
[2026-01-16T09:04:48.012+0000][gc,phases   ] GC(348)   Evacuate Collection Set: 506.1ms
[2026-01-16T09:04:48.013+0000][gc,phases   ] GC(348)   Post Evacuate Collection Set: 14.3ms
[2026-01-16T09:04:48.013+0000][gc,phases   ] GC(348)   Other: 2.1ms
[2026-01-16T09:04:48.014+0000][gc,heap     ] GC(348) Eden regions: 46->0(46)
[2026-01-16T09:04:48.015+0000][gc,heap     ] GC(348) Survivor regions: 5->5(7)
[2026-01-16T09:04:48.015+0000][gc,heap     ] GC(348) Old regions: 278->278
[2026-01-16T09:04:48.015+0000][gc,heap     ] GC(348) Humongous regions: 149->149
[2026-01-16T09:04:48.016+0000][gc,metaspace] GC(348) Metaspace: 13963K(14336K)->13963K(14336K) NonClass: 12306K(12480K)->12306K(12480K) Class: 1657K(1856K)->1657K(1856K)
[2026-01-16T09:04:48.018+0000][gc          ] GC(348) Pause Young (Normal) (G1 Evacuation Pause) 476M->431M(1024M) 577.371ms
[2026-01-16T09:04:48.020+0000][gc,cpu      ] GC(348) User=0.26s Sys=0.05s Real=0.58s
[2026-01-16T09:04:52.918+0000][gc,start    ] GC(349) Pause Young (Normal) (GCLocker Initiated GC)
[2026-01-16T09:04:52.930+0000][gc,task     ] GC(349) Using 8 workers of 8 for evacuation
[2026-01-16T09:04:53.842+0000][gc,mmu      ] GC(349) MMU target violated: 201.0ms (200.0ms/201.0ms)
[2026-01-16T09:04:53.845+0000][gc,phases   ] GC(349)   Pre Evacuate Collection Set: 93.8ms
[2026-01-16T09:04:53.845+0000][gc,phases   ] GC(349)   Merge Heap Roots: 60.4ms
[2026-01-16T09:04:53.848+0000][gc,phases   ] GC(349)   Evacuate Collection Set: 741.3ms
[2026-01-16T09:04:53.849+0000][gc,phases   ] GC(349)   Post Evacuate Collection Set: 12.1ms
[2026-01-16T09:04:53.854+0000][gc,phases   ] GC(349)   Other: 7.8ms
[2026-01-16T09:04:53.854+0000][gc,heap     ] GC(349) Eden regions: 47->0(46)
[2026-01-16T09:04:53.855+0000][gc,heap     ] GC(349) Survivor regions: 5->5(7)
[2026-01-16T09:04:53.855+0000][gc,heap     ] GC(349) Old regions: 278->279
[2026-01-16T09:04:53.859+0000][gc,heap     ] GC(349) Humongous regions: 149->149
[2026-01-16T09:04:53.862+0000][gc,metaspace] GC(349) Metaspace: 13968K(14336K)->13968K(14336K) NonClass: 12311K(12480K)->12311K(12480K) Class: 1657K(1856K)->1657K(1856K)
[2026-01-16T09:04:53.865+0000][gc          ] GC(349) Pause Young (Normal) (GCLocker Initiated GC) 478M->431M(1024M) 946.832ms
[2026-01-16T09:04:53.870+0000][gc,cpu      ] GC(349) User=0.38s Sys=0.03s Real=0.95s
[2026-01-16T09:04:57.956+0000][gc,start    ] GC(350) Pause Young (Normal) (G1 Evacuation Pause)
[2026-01-16T09:04:57.958+0000][gc,task     ] GC(350) Using 8 workers of 8 for evacuation
[2026-01-16T09:04:58.789+0000][gc,mmu      ] GC(350) MMU target violated: 201.0ms (200.0ms/201.0ms)
[2026-01-16T09:04:58.791+0000][gc,phases   ] GC(350)   Pre Evacuate Collection Set: 185.5ms
[2026-01-16T09:04:58.793+0000][gc,phases   ] GC(350)   Merge Heap Roots: 9.0ms
[2026-01-16T09:04:58.793+0000][gc,phases   ] GC(350)   Evacuate Collection Set: 579.9ms
[2026-01-16T09:04:58.793+0000][gc,phases   ] GC(350)   Post Evacuate Collection Set: 54.0ms
[2026-01-16T09:04:58.794+0000][gc,phases   ] GC(350)   Other: 5.0ms
[2026-01-16T09:04:58.794+0000][gc,heap     ] GC(350) Eden regions: 46->0(46)
[2026-01-16T09:04:58.794+0000][gc,heap     ] GC(350) Survivor regions: 5->5(7)
[2026-01-16T09:04:58.795+0000][gc,heap     ] GC(350) Old regions: 279->280
[2026-01-16T09:04:58.796+0000][gc,heap     ] GC(350) Humongous regions: 149->149
[2026-01-16T09:04:58.796+0000][gc,metaspace] GC(350) Metaspace: 13974K(14336K)->13974K(14336K) NonClass: 12315K(12480K)->12315K(12480K) Class: 1659K(1856K)->1659K(1856K)
[2026-01-16T09:04:58.804+0000][gc          ] GC(350) Pause Young (Normal) (G1 Evacuation Pause) 477M->432M(1024M) 847.436ms
[2026-01-16T09:04:58.813+0000][gc,cpu      ] GC(350) User=0.36s Sys=0.04s Real=0.86s
[2026-01-16T09:05:04.249+0000][gc,start    ] GC(351) Pause Young (Normal) (G1 Evacuation Pause)
[2026-01-16T09:05:04.354+0000][gc,task     ] GC(351) Using 8 workers of 8 for evacuation
[2026-01-16T09:05:06.326+0000][gc,mmu      ] GC(351) MMU target violated: 201.0ms (200.0ms/201.0ms)
[2026-01-16T09:05:06.355+0000][gc,phases   ] GC(351)   Pre Evacuate Collection Set: 273.8ms
[2026-01-16T09:05:06.358+0000][gc,phases   ] GC(351)   Merge Heap Roots: 19.5ms
[2026-01-16T09:05:06.365+0000][gc,phases   ] GC(351)   Evacuate Collection Set: 1376.6ms
[2026-01-16T09:05:06.374+0000][gc,phases   ] GC(351)   Post Evacuate Collection Set: 232.2ms
[2026-01-16T09:05:06.375+0000][gc,phases   ] GC(351)   Other: 126.1ms
[2026-01-16T09:05:06.437+0000][gc,heap     ] GC(351) Eden regions: 46->0(46)
[2026-01-16T09:05:06.438+0000][gc,heap     ] GC(351) Survivor regions: 5->5(7)
[2026-01-16T09:05:06.439+0000][gc,heap     ] GC(351) Old regions: 280->280
[2026-01-16T09:05:06.439+0000][gc,heap     ] GC(351) Humongous regions: 149->149
[2026-01-16T09:05:06.439+0000][gc,metaspace] GC(351) Metaspace: 13977K(14336K)->13977K(14336K) NonClass: 12318K(12480K)->12318K(12480K) Class: 1659K(1856K)->1659K(1856K)
[2026-01-16T09:05:06.441+0000][gc          ] GC(351) Pause Young (Normal) (G1 Evacuation Pause) 478M->433M(1024M) 2210.584ms
[2026-01-16T09:05:06.441+0000][gc,cpu      ] GC(351) User=0.70s Sys=0.11s Real=2.26s
[2026-01-16T09:05:09.877+0000][gc,start    ] GC(352) Pause Young (Normal) (G1 Evacuation Pause)
[2026-01-16T09:05:09.891+0000][gc,task     ] GC(352) Using 8 workers of 8 for evacuation
[2026-01-16T09:05:10.314+0000][gc,mmu      ] GC(352) MMU target violated: 201.0ms (200.0ms/201.0ms)
[2026-01-16T09:05:10.314+0000][gc,phases   ] GC(352)   Pre Evacuate Collection Set: 86.0ms
[2026-01-16T09:05:10.315+0000][gc,phases   ] GC(352)   Merge Heap Roots: 5.1ms
[2026-01-16T09:05:10.317+0000][gc,phases   ] GC(352)   Evacuate Collection Set: 322.7ms
[2026-01-16T09:05:10.320+0000][gc,phases   ] GC(352)   Post Evacuate Collection Set: 6.8ms
[2026-01-16T09:05:10.320+0000][gc,phases   ] GC(352)   Other: 2.8ms
[2026-01-16T09:05:10.320+0000][gc,heap     ] GC(352) Eden regions: 46->0(46)
[2026-01-16T09:05:10.320+0000][gc,heap     ] GC(352) Survivor regions: 5->5(7)
[2026-01-16T09:05:10.320+0000][gc,heap     ] GC(352) Old regions: 280->281
[2026-01-16T09:05:10.320+0000][gc,heap     ] GC(352) Humongous regions: 149->149
[2026-01-16T09:05:10.320+0000][gc,metaspace] GC(352) Metaspace: 13985K(14400K)->13985K(14400K) NonClass: 12325K(12544K)->12325K(12544K) Class: 1659K(1856K)->1659K(1856K)
[2026-01-16T09:05:10.320+0000][gc          ] GC(352) Pause Young (Normal) (G1 Evacuation Pause) 479M->433M(1024M) 443.283ms
[2026-01-16T09:05:10.321+0000][gc,cpu      ] GC(352) User=0.22s Sys=0.02s Real=0.44s
[2026-01-16T09:05:12.113+0000][gc,start    ] GC(353) Pause Young (Normal) (G1 Evacuation Pause)
[2026-01-16T09:05:12.113+0000][gc,task     ] GC(353) Using 8 workers of 8 for evacuation
[2026-01-16T09:05:12.354+0000][gc,mmu      ] GC(353) MMU target violated: 201.0ms (200.0ms/201.0ms)
[2026-01-16T09:05:12.355+0000][gc,phases   ] GC(353)   Pre Evacuate Collection Set: 9.0ms
[2026-01-16T09:05:12.356+0000][gc,phases   ] GC(353)   Merge Heap Roots: 5.8ms
[2026-01-16T09:05:12.356+0000][gc,phases   ] GC(353)   Evacuate Collection Set: 215.0ms
[2026-01-16T09:05:12.357+0000][gc,phases   ] GC(353)   Post Evacuate Collection Set: 10.3ms
[2026-01-16T09:05:12.359+0000][gc,phases   ] GC(353)   Other: 1.6ms
[2026-01-16T09:05:12.359+0000][gc,heap     ] GC(353) Eden regions: 46->0(46)
[2026-01-16T09:05:12.360+0000][gc,heap     ] GC(353) Survivor regions: 5->5(7)
[2026-01-16T09:05:12.360+0000][gc,heap     ] GC(353) Old regions: 281->282
[2026-01-16T09:05:12.362+0000][gc,heap     ] GC(353) Humongous regions: 149->149
[2026-01-16T09:05:12.363+0000][gc,metaspace] GC(353) Metaspace: 13987K(14400K)->13987K(14400K) NonClass: 12327K(12544K)->12327K(12544K) Class: 1659K(1856K)->1659K(1856K)
[2026-01-16T09:05:12.363+0000][gc          ] GC(353) Pause Young (Normal) (G1 Evacuation Pause) 479M->435M(1024M) 250.519ms
[2026-01-16T09:05:12.364+0000][gc,cpu      ] GC(353) User=0.15s Sys=0.03s Real=0.25s
[2026-01-16T09:05:13.239+0000][gc,start    ] GC(354) Pause Young (Normal) (G1 Evacuation Pause)
[2026-01-16T09:05:13.239+0000][gc,task     ] GC(354) Using 8 workers of 8 for evacuation
[2026-01-16T09:05:14.036+0000][gc,mmu      ] GC(354) MMU target violated: 201.0ms (200.0ms/201.0ms)
[2026-01-16T09:05:14.047+0000][gc,phases   ] GC(354)   Pre Evacuate Collection Set: 13.7ms
[2026-01-16T09:05:14.048+0000][gc,phases   ] GC(354)   Merge Heap Roots: 9.5ms
[2026-01-16T09:05:14.048+0000][gc,phases   ] GC(354)   Evacuate Collection Set: 733.2ms
[2026-01-16T09:05:14.048+0000][gc,phases   ] GC(354)   Post Evacuate Collection Set: 39.3ms
[2026-01-16T09:05:14.057+0000][gc,phases   ] GC(354)   Other: 12.3ms
[2026-01-16T09:05:14.058+0000][gc,heap     ] GC(354) Eden regions: 46->0(47)
[2026-01-16T09:05:14.058+0000][gc,heap     ] GC(354) Survivor regions: 5->4(7)
[2026-01-16T09:05:14.065+0000][gc,heap     ] GC(354) Old regions: 282->283
[2026-01-16T09:05:14.067+0000][gc,heap     ] GC(354) Humongous regions: 149->149
[2026-01-16T09:05:14.069+0000][gc,metaspace] GC(354) Metaspace: 13988K(14400K)->13988K(14400K) NonClass: 12329K(12544K)->12329K(12544K) Class: 1659K(1856K)->1659K(1856K)
[2026-01-16T09:05:14.071+0000][gc          ] GC(354) Pause Young (Normal) (G1 Evacuation Pause) 481M->435M(1024M) 832.090ms
[2026-01-16T09:05:14.072+0000][gc,cpu      ] GC(354) User=0.28s Sys=0.06s Real=0.84s
[2026-01-16T09:05:15.636+0000][gc,start    ] GC(355) Pause Young (Normal) (G1 Evacuation Pause)
[2026-01-16T09:05:15.690+0000][gc,task     ] GC(355) Using 8 workers of 8 for evacuation
[2026-01-16T09:05:16.319+0000][gc,mmu      ] GC(355) MMU target violated: 201.0ms (200.0ms/201.0ms)
[2026-01-16T09:05:16.321+0000][gc,phases   ] GC(355)   Pre Evacuate Collection Set: 39.0ms
[2026-01-16T09:05:16.324+0000][gc,phases   ] GC(355)   Merge Heap Roots: 12.8ms
[2026-01-16T09:05:16.338+0000][gc,phases   ] GC(355)   Evacuate Collection Set: 536.2ms
[2026-01-16T09:05:16.375+0000][gc,phases   ] GC(355)   Post Evacuate Collection Set: 40.1ms
[2026-01-16T09:05:16.375+0000][gc,phases   ] GC(355)   Other: 3.3ms
[2026-01-16T09:05:16.375+0000][gc,heap     ] GC(355) Eden regions: 47->0(47)
[2026-01-16T09:05:16.376+0000][gc,heap     ] GC(355) Survivor regions: 4->4(7)
[2026-01-16T09:05:16.376+0000][gc,heap     ] GC(355) Old regions: 283->284
[2026-01-16T09:05:16.376+0000][gc,heap     ] GC(355) Humongous regions: 149->149
[2026-01-16T09:05:16.376+0000][gc,metaspace] GC(355) Metaspace: 13988K(14400K)->13988K(14400K) NonClass: 12329K(12544K)->12329K(12544K) Class: 1659K(1856K)->1659K(1856K)
[2026-01-16T09:05:16.376+0000][gc          ] GC(355) Pause Young (Normal) (G1 Evacuation Pause) 482M->436M(1024M) 739.668ms
[2026-01-16T09:05:16.376+0000][gc,cpu      ] GC(355) User=0.19s Sys=0.09s Real=0.74s
[2026-01-16T09:05:17.284+0000][gc,start    ] GC(356) Pause Young (Normal) (G1 Evacuation Pause)
[2026-01-16T09:05:17.329+0000][gc,task     ] GC(356) Using 8 workers of 8 for evacuation
[2026-01-16T09:05:18.024+0000][gc,mmu      ] GC(356) MMU target violated: 201.0ms (200.0ms/201.0ms)
[2026-01-16T09:05:18.032+0000][gc,phases   ] GC(356)   Pre Evacuate Collection Set: 48.3ms
[2026-01-16T09:05:18.034+0000][gc,phases   ] GC(356)   Merge Heap Roots: 7.6ms
[2026-01-16T09:05:18.038+0000][gc,phases   ] GC(356)   Evacuate Collection Set: 582.0ms
[2026-01-16T09:05:18.040+0000][gc,phases   ] GC(356)   Post Evacuate Collection Set: 40.8ms
[2026-01-16T09:05:18.052+0000][gc,phases   ] GC(356)   Other: 24.8ms
[2026-01-16T09:05:18.058+0000][gc,heap     ] GC(356) Eden regions: 47->0(46)
[2026-01-16T09:05:18.058+0000][gc,heap     ] GC(356) Survivor regions: 4->5(7)
[2026-01-16T09:05:18.059+0000][gc,heap     ] GC(356) Old regions: 284->285
[2026-01-16T09:05:18.059+0000][gc,heap     ] GC(356) Humongous regions: 149->149
[2026-01-16T09:05:18.060+0000][gc,metaspace] GC(356) Metaspace: 13990K(14400K)->13990K(14400K) NonClass: 12330K(12544K)->12330K(12544K) Class: 1659K(1856K)->1659K(1856K)
[2026-01-16T09:05:18.074+0000][gc          ] GC(356) Pause Young (Normal) (G1 Evacuation Pause) 483M->437M(1024M) 777.527ms
[2026-01-16T09:05:18.077+0000][gc,cpu      ] GC(356) User=0.21s Sys=0.05s Real=0.79s
[2026-01-16T09:05:20.244+0000][gc,start    ] GC(357) Pause Young (Normal) (G1 Evacuation Pause)
[2026-01-16T09:05:20.248+0000][gc,task     ] GC(357) Using 8 workers of 8 for evacuation
[2026-01-16T09:05:20.548+0000][gc,mmu      ] GC(357) MMU target violated: 201.0ms (200.0ms/201.0ms)
[2026-01-16T09:05:20.552+0000][gc,phases   ] GC(357)   Pre Evacuate Collection Set: 17.0ms
[2026-01-16T09:05:20.552+0000][gc,phases   ] GC(357)   Merge Heap Roots: 0.5ms
[2026-01-16T09:05:20.552+0000][gc,phases   ] GC(357)   Evacuate Collection Set: 252.1ms
[2026-01-16T09:05:20.552+0000][gc,phases   ] GC(357)   Post Evacuate Collection Set: 3.7ms
[2026-01-16T09:05:20.553+0000][gc,phases   ] GC(357)   Other: 30.5ms
[2026-01-16T09:05:20.553+0000][gc,heap     ] GC(357) Eden regions: 46->0(46)
[2026-01-16T09:05:20.553+0000][gc,heap     ] GC(357) Survivor regions: 5->5(7)
[2026-01-16T09:05:20.554+0000][gc,heap     ] GC(357) Old regions: 285->285
[2026-01-16T09:05:20.554+0000][gc,heap     ] GC(357) Humongous regions: 149->149
[2026-01-16T09:05:20.554+0000][gc,metaspace] GC(357) Metaspace: 13991K(14400K)->13991K(14400K) NonClass: 12331K(12544K)->12331K(12544K) Class: 1659K(1856K)->1659K(1856K)
[2026-01-16T09:05:20.557+0000][gc          ] GC(357) Pause Young (Normal) (G1 Evacuation Pause) 483M->437M(1024M) 312.964ms
[2026-01-16T09:05:20.561+0000][gc,cpu      ] GC(357) User=0.18s Sys=0.02s Real=0.31s
[2026-01-16T09:05:21.731+0000][gc,start    ] GC(358) Pause Young (Normal) (G1 Evacuation Pause)
[2026-01-16T09:05:21.733+0000][gc,task     ] GC(358) Using 8 workers of 8 for evacuation
[2026-01-16T09:05:22.049+0000][gc,mmu      ] GC(358) MMU target violated: 201.0ms (200.0ms/201.0ms)
[2026-01-16T09:05:22.050+0000][gc,phases   ] GC(358)   Pre Evacuate Collection Set: 72.8ms
[2026-01-16T09:05:22.050+0000][gc,phases   ] GC(358)   Merge Heap Roots: 7.1ms
[2026-01-16T09:05:22.052+0000][gc,phases   ] GC(358)   Evacuate Collection Set: 218.9ms
[2026-01-16T09:05:22.052+0000][gc,phases   ] GC(358)   Post Evacuate Collection Set: 12.0ms
[2026-01-16T09:05:22.053+0000][gc,phases   ] GC(358)   Other: 6.6ms
[2026-01-16T09:05:22.058+0000][gc,heap     ] GC(358) Eden regions: 46->0(47)
[2026-01-16T09:05:22.059+0000][gc,heap     ] GC(358) Survivor regions: 5->4(7)
[2026-01-16T09:05:22.059+0000][gc,heap     ] GC(358) Old regions: 285->286
[2026-01-16T09:05:22.063+0000][gc,heap     ] GC(358) Humongous regions: 149->149
[2026-01-16T09:05:22.064+0000][gc,metaspace] GC(358) Metaspace: 13994K(14400K)->13994K(14400K) NonClass: 12335K(12544K)->12335K(12544K) Class: 1659K(1856K)->1659K(1856K)
[2026-01-16T09:05:22.065+0000][gc          ] GC(358) Pause Young (Normal) (G1 Evacuation Pause) 483M->438M(1024M) 333.647ms
[2026-01-16T09:05:22.067+0000][gc,cpu      ] GC(358) User=0.16s Sys=0.03s Real=0.34s
[2026-01-16T09:05:23.937+0000][gc,start    ] GC(359) Pause Young (Normal) (G1 Evacuation Pause)
[2026-01-16T09:05:23.940+0000][gc,task     ] GC(359) Using 8 workers of 8 for evacuation
[2026-01-16T09:05:24.512+0000][gc,mmu      ] GC(359) MMU target violated: 201.0ms (200.0ms/201.0ms)
[2026-01-16T09:05:24.513+0000][gc,phases   ] GC(359)   Pre Evacuate Collection Set: 81.8ms
[2026-01-16T09:05:24.515+0000][gc,phases   ] GC(359)   Merge Heap Roots: 0.7ms
[2026-01-16T09:05:24.525+0000][gc,phases   ] GC(359)   Evacuate Collection Set: 444.1ms
[2026-01-16T09:05:24.530+0000][gc,phases   ] GC(359)   Post Evacuate Collection Set: 12.6ms
[2026-01-16T09:05:24.531+0000][gc,phases   ] GC(359)   Other: 33.9ms
[2026-01-16T09:05:24.532+0000][gc,heap     ] GC(359) Eden regions: 47->0(47)
[2026-01-16T09:05:24.532+0000][gc,heap     ] GC(359) Survivor regions: 4->4(7)
[2026-01-16T09:05:24.532+0000][gc,heap     ] GC(359) Old regions: 286->287
[2026-01-16T09:05:24.532+0000][gc,heap     ] GC(359) Humongous regions: 149->149
[2026-01-16T09:05:24.533+0000][gc,metaspace] GC(359) Metaspace: 13999K(14400K)->13999K(14400K) NonClass: 12339K(12544K)->12339K(12544K) Class: 1659K(1856K)->1659K(1856K)
[2026-01-16T09:05:24.533+0000][gc          ] GC(359) Pause Young (Normal) (G1 Evacuation Pause) 485M->439M(1024M) 595.860ms
[2026-01-16T09:05:24.535+0000][gc,cpu      ] GC(359) User=0.20s Sys=0.08s Real=0.60s
[2026-01-16T09:05:26.883+0000][gc,start    ] GC(360) Pause Young (Normal) (G1 Evacuation Pause)
[2026-01-16T09:05:26.981+0000][gc,task     ] GC(360) Using 8 workers of 8 for evacuation
[2026-01-16T09:05:27.378+0000][gc,mmu      ] GC(360) MMU target violated: 201.0ms (200.0ms/201.0ms)
[2026-01-16T09:05:27.379+0000][gc,phases   ] GC(360)   Pre Evacuate Collection Set: 27.5ms
[2026-01-16T09:05:27.379+0000][gc,phases   ] GC(360)   Merge Heap Roots: 6.2ms
[2026-01-16T09:05:27.379+0000][gc,phases   ] GC(360)   Evacuate Collection Set: 303.5ms
[2026-01-16T09:05:27.380+0000][gc,phases   ] GC(360)   Post Evacuate Collection Set: 41.0ms
[2026-01-16T09:05:27.381+0000][gc,phases   ] GC(360)   Other: 19.7ms
[2026-01-16T09:05:27.382+0000][gc,heap     ] GC(360) Eden regions: 47->0(46)
[2026-01-16T09:05:27.385+0000][gc,heap     ] GC(360) Survivor regions: 4->5(7)
[2026-01-16T09:05:27.385+0000][gc,heap     ] GC(360) Old regions: 287->287
[2026-01-16T09:05:27.386+0000][gc,heap     ] GC(360) Humongous regions: 149->149
[2026-01-16T09:05:27.386+0000][gc,metaspace] GC(360) Metaspace: 13999K(14400K)->13999K(14400K) NonClass: 12339K(12544K)->12339K(12544K) Class: 1659K(1856K)->1659K(1856K)
[2026-01-16T09:05:27.388+0000][gc          ] GC(360) Pause Young (Normal) (G1 Evacuation Pause) 486M->439M(1024M) 505.497ms
[2026-01-16T09:05:27.390+0000][gc,cpu      ] GC(360) User=0.30s Sys=0.05s Real=0.50s
[2026-01-16T09:05:30.861+0000][gc,start    ] GC(361) Pause Young (Normal) (G1 Evacuation Pause)
[2026-01-16T09:05:31.008+0000][gc,task     ] GC(361) Using 8 workers of 8 for evacuation
[2026-01-16T09:05:32.275+0000][gc,mmu      ] GC(361) MMU target violated: 201.0ms (200.0ms/201.0ms)
[2026-01-16T09:05:32.287+0000][gc,phases   ] GC(361)   Pre Evacuate Collection Set: 102.5ms
[2026-01-16T09:05:32.291+0000][gc,phases   ] GC(361)   Merge Heap Roots: 5.3ms
[2026-01-16T09:05:32.298+0000][gc,phases   ] GC(361)   Evacuate Collection Set: 1005.8ms
[2026-01-16T09:05:32.300+0000][gc,phases   ] GC(361)   Post Evacuate Collection Set: 86.5ms
[2026-01-16T09:05:32.301+0000][gc,phases   ] GC(361)   Other: 116.0ms
[2026-01-16T09:05:32.302+0000][gc,heap     ] GC(361) Eden regions: 46->0(46)
[2026-01-16T09:05:32.303+0000][gc,heap     ] GC(361) Survivor regions: 5->5(7)
[2026-01-16T09:05:32.308+0000][gc,heap     ] GC(361) Old regions: 287->288
[2026-01-16T09:05:32.309+0000][gc,heap     ] GC(361) Humongous regions: 149->149
[2026-01-16T09:05:32.321+0000][gc,metaspace] GC(361) Metaspace: 14003K(14400K)->14003K(14400K) NonClass: 12343K(12544K)->12343K(12544K) Class: 1659K(1856K)->1659K(1856K)
[2026-01-16T09:05:32.322+0000][gc          ] GC(361) Pause Young (Normal) (G1 Evacuation Pause) 485M->440M(1024M) 1460.722ms
[2026-01-16T09:05:32.325+0000][gc,cpu      ] GC(361) User=0.80s Sys=0.18s Real=1.47s
[2026-01-16T09:05:34.521+0000][gc,start    ] GC(362) Pause Young (Normal) (G1 Evacuation Pause)
[2026-01-16T09:05:34.523+0000][gc,task     ] GC(362) Using 8 workers of 8 for evacuation
[2026-01-16T09:05:34.926+0000][gc,mmu      ] GC(362) MMU target violated: 201.0ms (200.0ms/201.0ms)
[2026-01-16T09:05:34.927+0000][gc,phases   ] GC(362)   Pre Evacuate Collection Set: 77.8ms
[2026-01-16T09:05:34.927+0000][gc,phases   ] GC(362)   Merge Heap Roots: 4.1ms
[2026-01-16T09:05:34.927+0000][gc,phases   ] GC(362)   Evacuate Collection Set: 345.3ms
[2026-01-16T09:05:34.927+0000][gc,phases   ] GC(362)   Post Evacuate Collection Set: 4.1ms
[2026-01-16T09:05:34.928+0000][gc,phases   ] GC(362)   Other: 2.3ms
[2026-01-16T09:05:34.928+0000][gc,heap     ] GC(362) Eden regions: 46->0(47)
[2026-01-16T09:05:34.930+0000][gc,heap     ] GC(362) Survivor regions: 5->4(7)
[2026-01-16T09:05:34.930+0000][gc,heap     ] GC(362) Old regions: 288->289
[2026-01-16T09:05:34.930+0000][gc,heap     ] GC(362) Humongous regions: 149->149
[2026-01-16T09:05:34.931+0000][gc,metaspace] GC(362) Metaspace: 14005K(14400K)->14005K(14400K) NonClass: 12345K(12544K)->12345K(12544K) Class: 1660K(1856K)->1660K(1856K)
[2026-01-16T09:05:34.931+0000][gc          ] GC(362) Pause Young (Normal) (G1 Evacuation Pause) 486M->441M(1024M) 439.029ms
[2026-01-16T09:05:34.931+0000][gc,cpu      ] GC(362) User=0.23s Sys=0.08s Real=0.44s
[2026-01-16T09:05:35.897+0000][gc,start    ] GC(363) Pause Young (Normal) (G1 Evacuation Pause)
[2026-01-16T09:05:35.900+0000][gc,task     ] GC(363) Using 8 workers of 8 for evacuation
[2026-01-16T09:05:36.166+0000][gc,mmu      ] GC(363) MMU target violated: 201.0ms (200.0ms/201.0ms)
[2026-01-16T09:05:36.166+0000][gc,phases   ] GC(363)   Pre Evacuate Collection Set: 23.8ms
[2026-01-16T09:05:36.170+0000][gc,phases   ] GC(363)   Merge Heap Roots: 9.7ms
[2026-01-16T09:05:36.171+0000][gc,phases   ] GC(363)   Evacuate Collection Set: 223.0ms
[2026-01-16T09:05:36.171+0000][gc,phases   ] GC(363)   Post Evacuate Collection Set: 7.5ms
[2026-01-16T09:05:36.171+0000][gc,phases   ] GC(363)   Other: 1.7ms
[2026-01-16T09:05:36.173+0000][gc,heap     ] GC(363) Eden regions: 47->0(47)
[2026-01-16T09:05:36.173+0000][gc,heap     ] GC(363) Survivor regions: 4->4(7)
[2026-01-16T09:05:36.173+0000][gc,heap     ] GC(363) Old regions: 289->290
[2026-01-16T09:05:36.173+0000][gc,heap     ] GC(363) Humongous regions: 149->149
[2026-01-16T09:05:36.173+0000][gc,metaspace] GC(363) Metaspace: 14005K(14400K)->14005K(14400K) NonClass: 12345K(12544K)->12345K(12544K) Class: 1660K(1856K)->1660K(1856K)
[2026-01-16T09:05:36.174+0000][gc          ] GC(363) Pause Young (Normal) (G1 Evacuation Pause) 488M->442M(1024M) 276.791ms
[2026-01-16T09:05:36.174+0000][gc,cpu      ] GC(363) User=0.11s Sys=0.01s Real=0.28s
[2026-01-16T09:05:38.052+0000][gc,start    ] GC(364) Pause Young (Normal) (G1 Evacuation Pause)
[2026-01-16T09:05:38.058+0000][gc,task     ] GC(364) Using 8 workers of 8 for evacuation
[2026-01-16T09:05:38.567+0000][gc,mmu      ] GC(364) MMU target violated: 201.0ms (200.0ms/201.0ms)
[2026-01-16T09:05:38.569+0000][gc,phases   ] GC(364)   Pre Evacuate Collection Set: 49.9ms
[2026-01-16T09:05:38.570+0000][gc,phases   ] GC(364)   Merge Heap Roots: 2.6ms
[2026-01-16T09:05:38.571+0000][gc,phases   ] GC(364)   Evacuate Collection Set: 444.5ms
[2026-01-16T09:05:38.571+0000][gc,phases   ] GC(364)   Post Evacuate Collection Set: 2.6ms
[2026-01-16T09:05:38.571+0000][gc,phases   ] GC(364)   Other: 11.5ms
[2026-01-16T09:05:38.574+0000][gc,heap     ] GC(364) Eden regions: 47->0(46)
[2026-01-16T09:05:38.575+0000][gc,heap     ] GC(364) Survivor regions: 4->5(7)
[2026-01-16T09:05:38.578+0000][gc,heap     ] GC(364) Old regions: 290->290
[2026-01-16T09:05:38.583+0000][gc,heap     ] GC(364) Humongous regions: 149->149
[2026-01-16T09:05:38.584+0000][gc,metaspace] GC(364) Metaspace: 14005K(14400K)->14005K(14400K) NonClass: 12345K(12544K)->12345K(12544K) Class: 1660K(1856K)->1660K(1856K)
[2026-01-16T09:05:38.584+0000][gc          ] GC(364) Pause Young (Normal) (G1 Evacuation Pause) 489M->443M(1024M) 532.215ms
[2026-01-16T09:05:38.585+0000][gc,cpu      ] GC(364) User=0.18s Sys=0.02s Real=0.54s
[2026-01-16T09:05:41.278+0000][gc,start    ] GC(365) Pause Young (Normal) (G1 Evacuation Pause)
[2026-01-16T09:05:41.283+0000][gc,task     ] GC(365) Using 8 workers of 8 for evacuation
[2026-01-16T09:05:42.079+0000][gc,mmu      ] GC(365) MMU target violated: 201.0ms (200.0ms/201.0ms)
[2026-01-16T09:05:42.080+0000][gc,phases   ] GC(365)   Pre Evacuate Collection Set: 42.8ms
[2026-01-16T09:05:42.082+0000][gc,phases   ] GC(365)   Merge Heap Roots: 6.0ms
[2026-01-16T09:05:42.082+0000][gc,phases   ] GC(365)   Evacuate Collection Set: 720.6ms
[2026-01-16T09:05:42.083+0000][gc,phases   ] GC(365)   Post Evacuate Collection Set: 22.1ms
[2026-01-16T09:05:42.084+0000][gc,phases   ] GC(365)   Other: 6.3ms
[2026-01-16T09:05:42.087+0000][gc,heap     ] GC(365) Eden regions: 46->0(47)
[2026-01-16T09:05:42.088+0000][gc,heap     ] GC(365) Survivor regions: 5->4(7)
[2026-01-16T09:05:42.090+0000][gc,heap     ] GC(365) Old regions: 290->291
[2026-01-16T09:05:42.092+0000][gc,heap     ] GC(365) Humongous regions: 149->149
[2026-01-16T09:05:42.096+0000][gc,metaspace] GC(365) Metaspace: 14005K(14400K)->14005K(14400K) NonClass: 12345K(12544K)->12345K(12544K) Class: 1660K(1856K)->1660K(1856K)
[2026-01-16T09:05:42.097+0000][gc          ] GC(365) Pause Young (Normal) (G1 Evacuation Pause) 489M->443M(1024M) 818.455ms
[2026-01-16T09:05:42.098+0000][gc,cpu      ] GC(365) User=0.43s Sys=0.07s Real=0.82s
[2026-01-16T09:05:46.123+0000][gc,start    ] GC(366) Pause Young (Normal) (G1 Evacuation Pause)
[2026-01-16T09:05:46.138+0000][gc,task     ] GC(366) Using 8 workers of 8 for evacuation
[2026-01-16T09:05:46.838+0000][gc,mmu      ] GC(366) MMU target violated: 201.0ms (200.0ms/201.0ms)
[2026-01-16T09:05:46.839+0000][gc,phases   ] GC(366)   Pre Evacuate Collection Set: 87.6ms
[2026-01-16T09:05:46.840+0000][gc,phases   ] GC(366)   Merge Heap Roots: 13.2ms
[2026-01-16T09:05:46.843+0000][gc,phases   ] GC(366)   Evacuate Collection Set: 571.3ms
[2026-01-16T09:05:46.845+0000][gc,phases   ] GC(366)   Post Evacuate Collection Set: 18.2ms
[2026-01-16T09:05:46.846+0000][gc,phases   ] GC(366)   Other: 22.4ms
[2026-01-16T09:05:46.847+0000][gc,heap     ] GC(366) Eden regions: 47->0(47)
[2026-01-16T09:05:46.847+0000][gc,heap     ] GC(366) Survivor regions: 4->4(7)
[2026-01-16T09:05:46.847+0000][gc,heap     ] GC(366) Old regions: 291->292
[2026-01-16T09:05:46.847+0000][gc,heap     ] GC(366) Humongous regions: 149->149
[2026-01-16T09:05:46.847+0000][gc,metaspace] GC(366) Metaspace: 14007K(14400K)->14007K(14400K) NonClass: 12347K(12544K)->12347K(12544K) Class: 1660K(1856K)->1660K(1856K)
[2026-01-16T09:05:46.848+0000][gc          ] GC(366) Pause Young (Normal) (G1 Evacuation Pause) 490M->444M(1024M) 724.531ms
[2026-01-16T09:05:46.848+0000][gc,cpu      ] GC(366) User=0.36s Sys=0.03s Real=0.72s
[2026-01-16T09:05:48.383+0000][gc,start    ] GC(367) Pause Young (Normal) (G1 Evacuation Pause)
[2026-01-16T09:05:48.391+0000][gc,task     ] GC(367) Using 8 workers of 8 for evacuation
[2026-01-16T09:05:48.785+0000][gc,mmu      ] GC(367) MMU target violated: 201.0ms (200.0ms/201.0ms)
[2026-01-16T09:05:48.786+0000][gc,phases   ] GC(367)   Pre Evacuate Collection Set: 15.4ms
[2026-01-16T09:05:48.787+0000][gc,phases   ] GC(367)   Merge Heap Roots: 4.4ms
[2026-01-16T09:05:48.788+0000][gc,phases   ] GC(367)   Evacuate Collection Set: 357.1ms
[2026-01-16T09:05:48.789+0000][gc,phases   ] GC(367)   Post Evacuate Collection Set: 16.6ms
[2026-01-16T09:05:48.789+0000][gc,phases   ] GC(367)   Other: 2.5ms
[2026-01-16T09:05:48.790+0000][gc,heap     ] GC(367) Eden regions: 47->0(47)
[2026-01-16T09:05:48.793+0000][gc,heap     ] GC(367) Survivor regions: 4->4(7)
[2026-01-16T09:05:48.793+0000][gc,heap     ] GC(367) Old regions: 292->293
[2026-01-16T09:05:48.794+0000][gc,heap     ] GC(367) Humongous regions: 149->149
[2026-01-16T09:05:48.795+0000][gc,metaspace] GC(367) Metaspace: 14007K(14400K)->14007K(14400K) NonClass: 12347K(12544K)->12347K(12544K) Class: 1660K(1856K)->1660K(1856K)
[2026-01-16T09:05:48.795+0000][gc          ] GC(367) Pause Young (Normal) (G1 Evacuation Pause) 491M->445M(1024M) 411.826ms
[2026-01-16T09:05:48.796+0000][gc,cpu      ] GC(367) User=0.16s Sys=0.01s Real=0.41s
[2026-01-16T09:05:51.731+0000][gc,start    ] GC(368) Pause Young (Normal) (G1 Evacuation Pause)
[2026-01-16T09:05:51.735+0000][gc,task     ] GC(368) Using 8 workers of 8 for evacuation
[2026-01-16T09:05:52.345+0000][gc,mmu      ] GC(368) MMU target violated: 201.0ms (200.0ms/201.0ms)
[2026-01-16T09:05:52.345+0000][gc,phases   ] GC(368)   Pre Evacuate Collection Set: 6.8ms
[2026-01-16T09:05:52.346+0000][gc,phases   ] GC(368)   Merge Heap Roots: 1.0ms
[2026-01-16T09:05:52.347+0000][gc,phases   ] GC(368)   Evacuate Collection Set: 588.4ms
[2026-01-16T09:05:52.347+0000][gc,phases   ] GC(368)   Post Evacuate Collection Set: 12.2ms
[2026-01-16T09:05:52.347+0000][gc,phases   ] GC(368)   Other: 3.0ms
[2026-01-16T09:05:52.348+0000][gc,heap     ] GC(368) Eden regions: 47->0(46)
[2026-01-16T09:05:52.348+0000][gc,heap     ] GC(368) Survivor regions: 4->5(7)
[2026-01-16T09:05:52.348+0000][gc,heap     ] GC(368) Old regions: 293->293
[2026-01-16T09:05:52.349+0000][gc,heap     ] GC(368) Humongous regions: 149->149
[2026-01-16T09:05:52.349+0000][gc,metaspace] GC(368) Metaspace: 14007K(14400K)->14007K(14400K) NonClass: 12347K(12544K)->12347K(12544K) Class: 1660K(1856K)->1660K(1856K)
[2026-01-16T09:05:52.352+0000][gc          ] GC(368) Pause Young (Normal) (G1 Evacuation Pause) 492M->446M(1024M) 620.440ms
[2026-01-16T09:05:52.352+0000][gc,cpu      ] GC(368) User=0.30s Sys=0.02s Real=0.62s
[2026-01-16T09:05:55.426+0000][gc,start    ] GC(369) Pause Young (Normal) (G1 Evacuation Pause)
[2026-01-16T09:05:55.428+0000][gc,task     ] GC(369) Using 8 workers of 8 for evacuation
[2026-01-16T09:05:56.396+0000][gc,mmu      ] GC(369) MMU target violated: 201.0ms (200.0ms/201.0ms)
[2026-01-16T09:05:56.402+0000][gc,phases   ] GC(369)   Pre Evacuate Collection Set: 39.6ms
[2026-01-16T09:05:56.403+0000][gc,phases   ] GC(369)   Merge Heap Roots: 13.7ms
[2026-01-16T09:05:56.405+0000][gc,phases   ] GC(369)   Evacuate Collection Set: 871.0ms
[2026-01-16T09:05:56.407+0000][gc,phases   ] GC(369)   Post Evacuate Collection Set: 37.2ms
[2026-01-16T09:05:56.411+0000][gc,phases   ] GC(369)   Other: 13.3ms
[2026-01-16T09:05:56.415+0000][gc,heap     ] GC(369) Eden regions: 46->0(46)
[2026-01-16T09:05:56.419+0000][gc,heap     ] GC(369) Survivor regions: 5->5(7)
[2026-01-16T09:05:56.421+0000][gc,heap     ] GC(369) Old regions: 293->294
[2026-01-16T09:05:56.425+0000][gc,heap     ] GC(369) Humongous regions: 149->149
[2026-01-16T09:05:56.428+0000][gc,metaspace] GC(369) Metaspace: 14007K(14400K)->14007K(14400K) NonClass: 12347K(12544K)->12347K(12544K) Class: 1660K(1856K)->1660K(1856K)
[2026-01-16T09:05:56.429+0000][gc          ] GC(369) Pause Young (Normal) (G1 Evacuation Pause) 492M->447M(1024M) 1003.630ms
[2026-01-16T09:05:56.431+0000][gc,cpu      ] GC(369) User=0.55s Sys=0.08s Real=1.00s
[2026-01-16T09:05:59.195+0000][gc,start    ] GC(370) Pause Young (Normal) (G1 Evacuation Pause)
[2026-01-16T09:05:59.195+0000][gc,task     ] GC(370) Using 8 workers of 8 for evacuation
[2026-01-16T09:05:59.867+0000][gc,mmu      ] GC(370) MMU target violated: 201.0ms (200.0ms/201.0ms)
[2026-01-16T09:05:59.868+0000][gc,phases   ] GC(370)   Pre Evacuate Collection Set: 57.1ms
[2026-01-16T09:05:59.868+0000][gc,phases   ] GC(370)   Merge Heap Roots: 20.1ms
[2026-01-16T09:05:59.869+0000][gc,phases   ] GC(370)   Evacuate Collection Set: 588.8ms
[2026-01-16T09:05:59.869+0000][gc,phases   ] GC(370)   Post Evacuate Collection Set: 4.5ms
[2026-01-16T09:05:59.869+0000][gc,phases   ] GC(370)   Other: 2.1ms
[2026-01-16T09:05:59.869+0000][gc,heap     ] GC(370) Eden regions: 46->0(46)
[2026-01-16T09:05:59.869+0000][gc,heap     ] GC(370) Survivor regions: 5->5(7)
[2026-01-16T09:05:59.870+0000][gc,heap     ] GC(370) Old regions: 294->295
[2026-01-16T09:05:59.870+0000][gc,heap     ] GC(370) Humongous regions: 149->149
[2026-01-16T09:05:59.870+0000][gc,metaspace] GC(370) Metaspace: 14013K(14400K)->14013K(14400K) NonClass: 12353K(12544K)->12353K(12544K) Class: 1660K(1856K)->1660K(1856K)
[2026-01-16T09:05:59.870+0000][gc          ] GC(370) Pause Young (Normal) (G1 Evacuation Pause) 493M->447M(1024M) 675.870ms
[2026-01-16T09:05:59.871+0000][gc,cpu      ] GC(370) User=0.28s Sys=0.03s Real=0.67s
[2026-01-16T09:06:01.859+0000][gc,start    ] GC(371) Pause Young (Normal) (G1 Evacuation Pause)
[2026-01-16T09:06:01.861+0000][gc,task     ] GC(371) Using 8 workers of 8 for evacuation
[2026-01-16T09:06:02.457+0000][gc,mmu      ] GC(371) MMU target violated: 201.0ms (200.0ms/201.0ms)
[2026-01-16T09:06:02.457+0000][gc,phases   ] GC(371)   Pre Evacuate Collection Set: 41.0ms
[2026-01-16T09:06:02.458+0000][gc,phases   ] GC(371)   Merge Heap Roots: 11.2ms
[2026-01-16T09:06:02.458+0000][gc,phases   ] GC(371)   Evacuate Collection Set: 525.8ms
[2026-01-16T09:06:02.458+0000][gc,phases   ] GC(371)   Post Evacuate Collection Set: 14.3ms
[2026-01-16T09:06:02.458+0000][gc,phases   ] GC(371)   Other: 4.4ms
[2026-01-16T09:06:02.459+0000][gc,heap     ] GC(371) Eden regions: 46->0(46)
[2026-01-16T09:06:02.459+0000][gc,heap     ] GC(371) Survivor regions: 5->5(7)
[2026-01-16T09:06:02.459+0000][gc,heap     ] GC(371) Old regions: 295->296
[2026-01-16T09:06:02.460+0000][gc,heap     ] GC(371) Humongous regions: 149->149
[2026-01-16T09:06:02.460+0000][gc,metaspace] GC(371) Metaspace: 14013K(14400K)->14013K(14400K) NonClass: 12353K(12544K)->12353K(12544K) Class: 1660K(1856K)->1660K(1856K)
[2026-01-16T09:06:02.461+0000][gc          ] GC(371) Pause Young (Normal) (G1 Evacuation Pause) 493M->448M(1024M) 601.031ms
[2026-01-16T09:06:02.461+0000][gc,cpu      ] GC(371) User=0.20s Sys=0.01s Real=0.60s
[2026-01-16T09:06:03.797+0000][gc,start    ] GC(372) Pause Young (Normal) (G1 Evacuation Pause)
[2026-01-16T09:06:03.798+0000][gc,task     ] GC(372) Using 8 workers of 8 for evacuation
[2026-01-16T09:06:04.950+0000][gc,mmu      ] GC(372) MMU target violated: 201.0ms (200.0ms/201.0ms)
[2026-01-16T09:06:04.952+0000][gc,phases   ] GC(372)   Pre Evacuate Collection Set: 36.1ms
[2026-01-16T09:06:04.952+0000][gc,phases   ] GC(372)   Merge Heap Roots: 11.2ms
[2026-01-16T09:06:04.952+0000][gc,phases   ] GC(372)   Evacuate Collection Set: 1003.0ms
[2026-01-16T09:06:04.953+0000][gc,phases   ] GC(372)   Post Evacuate Collection Set: 11.7ms
[2026-01-16T09:06:04.954+0000][gc,phases   ] GC(372)   Other: 59.9ms
[2026-01-16T09:06:04.955+0000][gc,heap     ] GC(372) Eden regions: 46->0(46)
[2026-01-16T09:06:04.955+0000][gc,heap     ] GC(372) Survivor regions: 5->5(7)
[2026-01-16T09:06:04.956+0000][gc,heap     ] GC(372) Old regions: 296->297
[2026-01-16T09:06:04.956+0000][gc,heap     ] GC(372) Humongous regions: 149->149
[2026-01-16T09:06:04.957+0000][gc,metaspace] GC(372) Metaspace: 14013K(14400K)->14013K(14400K) NonClass: 12353K(12544K)->12353K(12544K) Class: 1660K(1856K)->1660K(1856K)
[2026-01-16T09:06:04.958+0000][gc          ] GC(372) Pause Young (Normal) (G1 Evacuation Pause) 494M->449M(1024M) 1129.151ms
[2026-01-16T09:06:04.964+0000][gc,cpu      ] GC(372) User=0.36s Sys=0.04s Real=1.13s
[2026-01-16T09:06:10.778+0000][gc,start    ] GC(373) Pause Young (Normal) (G1 Evacuation Pause)
[2026-01-16T09:06:10.806+0000][gc,task     ] GC(373) Using 8 workers of 8 for evacuation
[2026-01-16T09:06:12.406+0000][gc,mmu      ] GC(373) MMU target violated: 201.0ms (200.0ms/201.0ms)
[2026-01-16T09:06:12.409+0000][gc,phases   ] GC(373)   Pre Evacuate Collection Set: 198.3ms
[2026-01-16T09:06:12.412+0000][gc,phases   ] GC(373)   Merge Heap Roots: 33.5ms
[2026-01-16T09:06:12.413+0000][gc,phases   ] GC(373)   Evacuate Collection Set: 1319.2ms
[2026-01-16T09:06:12.414+0000][gc,phases   ] GC(373)   Post Evacuate Collection Set: 37.4ms
[2026-01-16T09:06:12.414+0000][gc,phases   ] GC(373)   Other: 15.1ms
[2026-01-16T09:06:12.415+0000][gc,heap     ] GC(373) Eden regions: 46->0(46)
[2026-01-16T09:06:12.415+0000][gc,heap     ] GC(373) Survivor regions: 5->5(7)
[2026-01-16T09:06:12.419+0000][gc,heap     ] GC(373) Old regions: 297->297
[2026-01-16T09:06:12.421+0000][gc,heap     ] GC(373) Humongous regions: 149->149
[2026-01-16T09:06:12.424+0000][gc,metaspace] GC(373) Metaspace: 14015K(14400K)->14015K(14400K) NonClass: 12355K(12544K)->12355K(12544K) Class: 1660K(1856K)->1660K(1856K)
[2026-01-16T09:06:12.426+0000][gc          ] GC(373) Pause Young (Normal) (G1 Evacuation Pause) 495M->450M(1024M) 1648.628ms
[2026-01-16T09:06:12.429+0000][gc,cpu      ] GC(373) User=0.93s Sys=0.13s Real=1.65s
[2026-01-16T09:06:15.749+0000][gc,start    ] GC(374) Pause Young (Normal) (G1 Evacuation Pause)
[2026-01-16T09:06:15.758+0000][gc,task     ] GC(374) Using 8 workers of 8 for evacuation
[2026-01-16T09:06:16.501+0000][gc,mmu      ] GC(374) MMU target violated: 201.0ms (200.0ms/201.0ms)
[2026-01-16T09:06:16.502+0000][gc,phases   ] GC(374)   Pre Evacuate Collection Set: 52.0ms
[2026-01-16T09:06:16.504+0000][gc,phases   ] GC(374)   Merge Heap Roots: 3.7ms
[2026-01-16T09:06:16.505+0000][gc,phases   ] GC(374)   Evacuate Collection Set: 640.0ms
[2026-01-16T09:06:16.505+0000][gc,phases   ] GC(374)   Post Evacuate Collection Set: 42.8ms
[2026-01-16T09:06:16.509+0000][gc,phases   ] GC(374)   Other: 6.0ms
[2026-01-16T09:06:16.510+0000][gc,heap     ] GC(374) Eden regions: 46->0(47)
[2026-01-16T09:06:16.512+0000][gc,heap     ] GC(374) Survivor regions: 5->4(7)
[2026-01-16T09:06:16.515+0000][gc,heap     ] GC(374) Old regions: 297->298
[2026-01-16T09:06:16.516+0000][gc,heap     ] GC(374) Humongous regions: 149->149
[2026-01-16T09:06:16.518+0000][gc,metaspace] GC(374) Metaspace: 14021K(14400K)->14021K(14400K) NonClass: 12361K(12544K)->12361K(12544K) Class: 1660K(1856K)->1660K(1856K)
[2026-01-16T09:06:16.519+0000][gc          ] GC(374) Pause Young (Normal) (G1 Evacuation Pause) 496M->450M(1024M) 770.078ms
[2026-01-16T09:06:16.520+0000][gc,cpu      ] GC(374) User=0.35s Sys=0.04s Real=0.77s
[2026-01-16T09:06:17.555+0000][gc,start    ] GC(375) Pause Young (Normal) (G1 Evacuation Pause)
[2026-01-16T09:06:17.557+0000][gc,task     ] GC(375) Using 8 workers of 8 for evacuation
[2026-01-16T09:06:17.949+0000][gc,mmu      ] GC(375) MMU target violated: 201.0ms (200.0ms/201.0ms)
[2026-01-16T09:06:17.949+0000][gc,phases   ] GC(375)   Pre Evacuate Collection Set: 43.3ms
[2026-01-16T09:06:17.949+0000][gc,phases   ] GC(375)   Merge Heap Roots: 6.6ms
[2026-01-16T09:06:17.949+0000][gc,phases   ] GC(375)   Evacuate Collection Set: 331.1ms
[2026-01-16T09:06:17.950+0000][gc,phases   ] GC(375)   Post Evacuate Collection Set: 8.2ms
[2026-01-16T09:06:17.950+0000][gc,phases   ] GC(375)   Other: 3.3ms
[2026-01-16T09:06:17.950+0000][gc,heap     ] GC(375) Eden regions: 47->0(46)
[2026-01-16T09:06:17.950+0000][gc,heap     ] GC(375) Survivor regions: 4->5(7)
[2026-01-16T09:06:17.950+0000][gc,heap     ] GC(375) Old regions: 298->299
[2026-01-16T09:06:17.950+0000][gc,heap     ] GC(375) Humongous regions: 149->149
[2026-01-16T09:06:17.950+0000][gc,metaspace] GC(375) Metaspace: 14026K(14400K)->14026K(14400K) NonClass: 12366K(12544K)->12366K(12544K) Class: 1660K(1856K)->1660K(1856K)
[2026-01-16T09:06:17.950+0000][gc          ] GC(375) Pause Young (Normal) (G1 Evacuation Pause) 497M->451M(1024M) 395.326ms
[2026-01-16T09:06:17.950+0000][gc,cpu      ] GC(375) User=0.16s Sys=0.03s Real=0.40s
[2026-01-16T09:06:18.755+0000][gc,start    ] GC(376) Pause Young (Normal) (G1 Evacuation Pause)
[2026-01-16T09:06:18.757+0000][gc,task     ] GC(376) Using 8 workers of 8 for evacuation
[2026-01-16T09:06:18.923+0000][gc,phases   ] GC(376)   Pre Evacuate Collection Set: 18.0ms
[2026-01-16T09:06:18.941+0000][gc,phases   ] GC(376)   Merge Heap Roots: 0.3ms
[2026-01-16T09:06:18.942+0000][gc,phases   ] GC(376)   Evacuate Collection Set: 145.2ms
[2026-01-16T09:06:18.945+0000][gc,phases   ] GC(376)   Post Evacuate Collection Set: 2.1ms
[2026-01-16T09:06:18.946+0000][gc,phases   ] GC(376)   Other: 0.6ms
[2026-01-16T09:06:18.947+0000][gc,heap     ] GC(376) Eden regions: 46->0(47)
[2026-01-16T09:06:18.947+0000][gc,heap     ] GC(376) Survivor regions: 5->4(7)
[2026-01-16T09:06:18.948+0000][gc,heap     ] GC(376) Old regions: 299->300
[2026-01-16T09:06:18.948+0000][gc,heap     ] GC(376) Humongous regions: 149->149
[2026-01-16T09:06:18.948+0000][gc,metaspace] GC(376) Metaspace: 14029K(14400K)->14029K(14400K) NonClass: 12369K(12544K)->12369K(12544K) Class: 1660K(1856K)->1660K(1856K)
[2026-01-16T09:06:18.949+0000][gc          ] GC(376) Pause Young (Normal) (G1 Evacuation Pause) 497M->452M(1024M) 194.347ms
[2026-01-16T09:06:18.964+0000][gc,cpu      ] GC(376) User=0.06s Sys=0.02s Real=0.20s
[2026-01-16T09:06:19.916+0000][gc,start    ] GC(377) Pause Young (Normal) (G1 Evacuation Pause)
[2026-01-16T09:06:19.917+0000][gc,task     ] GC(377) Using 8 workers of 8 for evacuation
[2026-01-16T09:06:20.139+0000][gc,mmu      ] GC(377) MMU target violated: 201.0ms (200.0ms/201.0ms)
[2026-01-16T09:06:20.140+0000][gc,phases   ] GC(377)   Pre Evacuate Collection Set: 8.1ms
[2026-01-16T09:06:20.141+0000][gc,phases   ] GC(377)   Merge Heap Roots: 3.1ms
[2026-01-16T09:06:20.141+0000][gc,phases   ] GC(377)   Evacuate Collection Set: 182.6ms
[2026-01-16T09:06:20.143+0000][gc,phases   ] GC(377)   Post Evacuate Collection Set: 15.4ms
[2026-01-16T09:06:20.144+0000][gc,phases   ] GC(377)   Other: 13.1ms
[2026-01-16T09:06:20.144+0000][gc,heap     ] GC(377) Eden regions: 47->0(47)
[2026-01-16T09:06:20.144+0000][gc,heap     ] GC(377) Survivor regions: 4->4(7)
[2026-01-16T09:06:20.145+0000][gc,heap     ] GC(377) Old regions: 300->301
[2026-01-16T09:06:20.145+0000][gc,heap     ] GC(377) Humongous regions: 149->149
[2026-01-16T09:06:20.145+0000][gc,metaspace] GC(377) Metaspace: 14029K(14400K)->14029K(14400K) NonClass: 12369K(12544K)->12369K(12544K) Class: 1660K(1856K)->1660K(1856K)
[2026-01-16T09:06:20.145+0000][gc          ] GC(377) Pause Young (Normal) (G1 Evacuation Pause) 499M->452M(1024M) 229.939ms
[2026-01-16T09:06:20.154+0000][gc,cpu      ] GC(377) User=0.13s Sys=0.01s Real=0.23s
[2026-01-16T09:06:23.246+0000][gc,start    ] GC(378) Pause Young (Normal) (GCLocker Initiated GC)
[2026-01-16T09:06:23.262+0000][gc,task     ] GC(378) Using 8 workers of 8 for evacuation
[2026-01-16T09:06:24.215+0000][gc,mmu      ] GC(378) MMU target violated: 201.0ms (200.0ms/201.0ms)
[2026-01-16T09:06:24.216+0000][gc,phases   ] GC(378)   Pre Evacuate Collection Set: 104.6ms
[2026-01-16T09:06:24.220+0000][gc,phases   ] GC(378)   Merge Heap Roots: 34.2ms
[2026-01-16T09:06:24.224+0000][gc,phases   ] GC(378)   Evacuate Collection Set: 752.8ms
[2026-01-16T09:06:24.228+0000][gc,phases   ] GC(378)   Post Evacuate Collection Set: 59.3ms
[2026-01-16T09:06:24.231+0000][gc,phases   ] GC(378)   Other: 2.7ms
[2026-01-16T09:06:24.232+0000][gc,heap     ] GC(378) Eden regions: 49->0(46)
[2026-01-16T09:06:24.234+0000][gc,heap     ] GC(378) Survivor regions: 4->5(7)
[2026-01-16T09:06:24.234+0000][gc,heap     ] GC(378) Old regions: 301->301
[2026-01-16T09:06:24.237+0000][gc,heap     ] GC(378) Humongous regions: 149->149
[2026-01-16T09:06:24.243+0000][gc,metaspace] GC(378) Metaspace: 14029K(14400K)->14029K(14400K) NonClass: 12369K(12544K)->12369K(12544K) Class: 1660K(1856K)->1660K(1856K)
[2026-01-16T09:06:24.245+0000][gc          ] GC(378) Pause Young (Normal) (GCLocker Initiated GC) 501M->453M(1024M) 1004.486ms
[2026-01-16T09:06:24.246+0000][gc,cpu      ] GC(378) User=0.61s Sys=0.03s Real=1.01s
[2026-01-16T09:06:28.494+0000][gc,start    ] GC(379) Pause Young (Normal) (G1 Evacuation Pause)
[2026-01-16T09:06:28.496+0000][gc,task     ] GC(379) Using 8 workers of 8 for evacuation
[2026-01-16T09:06:28.993+0000][gc,mmu      ] GC(379) MMU target violated: 201.0ms (200.0ms/201.0ms)
[2026-01-16T09:06:28.994+0000][gc,phases   ] GC(379)   Pre Evacuate Collection Set: 21.2ms
[2026-01-16T09:06:28.995+0000][gc,phases   ] GC(379)   Merge Heap Roots: 5.8ms
[2026-01-16T09:06:28.998+0000][gc,phases   ] GC(379)   Evacuate Collection Set: 454.5ms
[2026-01-16T09:06:28.998+0000][gc,phases   ] GC(379)   Post Evacuate Collection Set: 14.9ms
[2026-01-16T09:06:28.999+0000][gc,phases   ] GC(379)   Other: 2.4ms
[2026-01-16T09:06:29.003+0000][gc,heap     ] GC(379) Eden regions: 46->0(45)
[2026-01-16T09:06:29.005+0000][gc,heap     ] GC(379) Survivor regions: 5->6(7)
[2026-01-16T09:06:29.007+0000][gc,heap     ] GC(379) Old regions: 301->301
[2026-01-16T09:06:29.009+0000][gc,heap     ] GC(379) Humongous regions: 149->149
[2026-01-16T09:06:29.014+0000][gc,metaspace] GC(379) Metaspace: 14036K(14400K)->14036K(14400K) NonClass: 12376K(12544K)->12376K(12544K) Class: 1660K(1856K)->1660K(1856K)
[2026-01-16T09:06:29.015+0000][gc          ] GC(379) Pause Young (Normal) (G1 Evacuation Pause) 499M->455M(1024M) 521.267ms
[2026-01-16T09:06:29.018+0000][gc,cpu      ] GC(379) User=0.40s Sys=0.05s Real=0.53s
[2026-01-16T09:06:31.247+0000][gc,start    ] GC(380) Pause Young (Normal) (G1 Evacuation Pause)
[2026-01-16T09:06:31.263+0000][gc,task     ] GC(380) Using 8 workers of 8 for evacuation
[2026-01-16T09:06:31.543+0000][gc,mmu      ] GC(380) MMU target violated: 201.0ms (200.0ms/201.0ms)
[2026-01-16T09:06:31.546+0000][gc,phases   ] GC(380)   Pre Evacuate Collection Set: 34.1ms
[2026-01-16T09:06:31.549+0000][gc,phases   ] GC(380)   Merge Heap Roots: 1.1ms
[2026-01-16T09:06:31.549+0000][gc,phases   ] GC(380)   Evacuate Collection Set: 229.8ms
[2026-01-16T09:06:31.551+0000][gc,phases   ] GC(380)   Post Evacuate Collection Set: 6.5ms
[2026-01-16T09:06:31.554+0000][gc,phases   ] GC(380)   Other: 12.1ms
[2026-01-16T09:06:31.554+0000][gc,heap     ] GC(380) Eden regions: 45->0(47)
[2026-01-16T09:06:31.555+0000][gc,heap     ] GC(380) Survivor regions: 6->4(7)
[2026-01-16T09:06:31.555+0000][gc,heap     ] GC(380) Old regions: 301->303
[2026-01-16T09:06:31.556+0000][gc,heap     ] GC(380) Humongous regions: 149->149
[2026-01-16T09:06:31.556+0000][gc,metaspace] GC(380) Metaspace: 14043K(14400K)->14043K(14400K) NonClass: 12383K(12544K)->12383K(12544K) Class: 1660K(1856K)->1660K(1856K)
[2026-01-16T09:06:31.557+0000][gc          ] GC(380) Pause Young (Normal) (G1 Evacuation Pause) 500M->455M(1024M) 309.993ms
[2026-01-16T09:06:31.558+0000][gc,cpu      ] GC(380) User=0.21s Sys=0.02s Real=0.32s
[2026-01-16T09:06:33.210+0000][gc,start    ] GC(381) Pause Young (Normal) (G1 Evacuation Pause)
[2026-01-16T09:06:33.213+0000][gc,task     ] GC(381) Using 8 workers of 8 for evacuation
[2026-01-16T09:06:33.533+0000][gc,mmu      ] GC(381) MMU target violated: 201.0ms (200.0ms/201.0ms)
[2026-01-16T09:06:33.535+0000][gc,phases   ] GC(381)   Pre Evacuate Collection Set: 50.9ms
[2026-01-16T09:06:33.537+0000][gc,phases   ] GC(381)   Merge Heap Roots: 10.5ms
[2026-01-16T09:06:33.539+0000][gc,phases   ] GC(381)   Evacuate Collection Set: 245.1ms
[2026-01-16T09:06:33.541+0000][gc,phases   ] GC(381)   Post Evacuate Collection Set: 10.2ms
[2026-01-16T09:06:33.541+0000][gc,phases   ] GC(381)   Other: 5.0ms
[2026-01-16T09:06:33.541+0000][gc,heap     ] GC(381) Eden regions: 47->0(46)
[2026-01-16T09:06:33.541+0000][gc,heap     ] GC(381) Survivor regions: 4->5(7)
[2026-01-16T09:06:33.541+0000][gc,heap     ] GC(381) Old regions: 303->303
[2026-01-16T09:06:33.541+0000][gc,heap     ] GC(381) Humongous regions: 149->149
[2026-01-16T09:06:33.541+0000][gc,metaspace] GC(381) Metaspace: 14045K(14400K)->14045K(14400K) NonClass: 12385K(12544K)->12385K(12544K) Class: 1660K(1856K)->1660K(1856K)
[2026-01-16T09:06:33.543+0000][gc          ] GC(381) Pause Young (Normal) (G1 Evacuation Pause) 502M->456M(1024M) 333.139ms
[2026-01-16T09:06:33.543+0000][gc,cpu      ] GC(381) User=0.18s Sys=0.00s Real=0.33s
[2026-01-16T09:06:34.086+0000][gc,start    ] GC(382) Pause Young (Normal) (G1 Evacuation Pause)
[2026-01-16T09:06:34.086+0000][gc,task     ] GC(382) Using 8 workers of 8 for evacuation
[2026-01-16T09:06:34.205+0000][gc,phases   ] GC(382)   Pre Evacuate Collection Set: 1.0ms
[2026-01-16T09:06:34.205+0000][gc,phases   ] GC(382)   Merge Heap Roots: 1.9ms
[2026-01-16T09:06:34.205+0000][gc,phases   ] GC(382)   Evacuate Collection Set: 109.5ms
[2026-01-16T09:06:34.206+0000][gc,phases   ] GC(382)   Post Evacuate Collection Set: 4.9ms
[2026-01-16T09:06:34.207+0000][gc,phases   ] GC(382)   Other: 1.0ms
[2026-01-16T09:06:34.207+0000][gc,heap     ] GC(382) Eden regions: 46->0(46)
[2026-01-16T09:06:34.207+0000][gc,heap     ] GC(382) Survivor regions: 5->5(7)
[2026-01-16T09:06:34.207+0000][gc,heap     ] GC(382) Old regions: 303->304
[2026-01-16T09:06:34.207+0000][gc,heap     ] GC(382) Humongous regions: 149->149
[2026-01-16T09:06:34.207+0000][gc,metaspace] GC(382) Metaspace: 14045K(14400K)->14045K(14400K) NonClass: 12385K(12544K)->12385K(12544K) Class: 1660K(1856K)->1660K(1856K)
[2026-01-16T09:06:34.207+0000][gc          ] GC(382) Pause Young (Normal) (G1 Evacuation Pause) 502M->457M(1024M) 121.315ms
[2026-01-16T09:06:34.207+0000][gc,cpu      ] GC(382) User=0.06s Sys=0.02s Real=0.12s
[2026-01-16T09:06:35.639+0000][gc,start    ] GC(383) Pause Young (Normal) (G1 Evacuation Pause)
[2026-01-16T09:06:35.647+0000][gc,task     ] GC(383) Using 8 workers of 8 for evacuation
[2026-01-16T09:06:35.962+0000][gc,mmu      ] GC(383) MMU target violated: 201.0ms (200.0ms/201.0ms)
[2026-01-16T09:06:35.962+0000][gc,phases   ] GC(383)   Pre Evacuate Collection Set: 13.3ms
[2026-01-16T09:06:35.965+0000][gc,phases   ] GC(383)   Merge Heap Roots: 0.6ms
[2026-01-16T09:06:35.965+0000][gc,phases   ] GC(383)   Evacuate Collection Set: 287.7ms
[2026-01-16T09:06:35.967+0000][gc,phases   ] GC(383)   Post Evacuate Collection Set: 12.5ms
[2026-01-16T09:06:35.969+0000][gc,phases   ] GC(383)   Other: 1.1ms
[2026-01-16T09:06:35.971+0000][gc,heap     ] GC(383) Eden regions: 46->0(47)
[2026-01-16T09:06:35.972+0000][gc,heap     ] GC(383) Survivor regions: 5->4(7)
[2026-01-16T09:06:35.974+0000][gc,heap     ] GC(383) Old regions: 304->305
[2026-01-16T09:06:35.975+0000][gc,heap     ] GC(383) Humongous regions: 149->149
[2026-01-16T09:06:35.978+0000][gc,metaspace] GC(383) Metaspace: 14046K(14400K)->14046K(14400K) NonClass: 12386K(12544K)->12386K(12544K) Class: 1660K(1856K)->1660K(1856K)
[2026-01-16T09:06:36.039+0000][gc          ] GC(383) Pause Young (Normal) (G1 Evacuation Pause) 503M->457M(1024M) 399.852ms
[2026-01-16T09:06:36.041+0000][gc,cpu      ] GC(383) User=0.21s Sys=0.03s Real=0.41s
[2026-01-16T09:06:38.137+0000][gc,start    ] GC(384) Pause Young (Normal) (G1 Evacuation Pause)
[2026-01-16T09:06:38.142+0000][gc,task     ] GC(384) Using 8 workers of 8 for evacuation
[2026-01-16T09:06:38.492+0000][gc,mmu      ] GC(384) MMU target violated: 201.0ms (200.0ms/201.0ms)
[2026-01-16T09:06:38.494+0000][gc,phases   ] GC(384)   Pre Evacuate Collection Set: 27.4ms
[2026-01-16T09:06:38.517+0000][gc,phases   ] GC(384)   Merge Heap Roots: 7.0ms
[2026-01-16T09:06:38.520+0000][gc,phases   ] GC(384)   Evacuate Collection Set: 305.8ms
[2026-01-16T09:06:38.521+0000][gc,phases   ] GC(384)   Post Evacuate Collection Set: 7.4ms
[2026-01-16T09:06:38.523+0000][gc,phases   ] GC(384)   Other: 4.1ms
[2026-01-16T09:06:38.527+0000][gc,heap     ] GC(384) Eden regions: 47->0(46)
[2026-01-16T09:06:38.530+0000][gc,heap     ] GC(384) Survivor regions: 4->5(7)
[2026-01-16T09:06:38.531+0000][gc,heap     ] GC(384) Old regions: 305->305
[2026-01-16T09:06:38.533+0000][gc,heap     ] GC(384) Humongous regions: 149->149
[2026-01-16T09:06:38.534+0000][gc,metaspace] GC(384) Metaspace: 14049K(14400K)->14049K(14400K) NonClass: 12389K(12544K)->12389K(12544K) Class: 1660K(1856K)->1660K(1856K)
[2026-01-16T09:06:38.535+0000][gc          ] GC(384) Pause Young (Normal) (G1 Evacuation Pause) 504M->458M(1024M) 398.467ms
[2026-01-16T09:06:38.537+0000][gc,cpu      ] GC(384) User=0.23s Sys=0.01s Real=0.40s
[2026-01-16T09:06:40.248+0000][gc,start    ] GC(385) Pause Young (Normal) (G1 Evacuation Pause)
[2026-01-16T09:06:40.293+0000][gc,task     ] GC(385) Using 8 workers of 8 for evacuation
[2026-01-16T09:06:40.709+0000][gc,mmu      ] GC(385) MMU target violated: 201.0ms (200.0ms/201.0ms)
[2026-01-16T09:06:40.714+0000][gc,phases   ] GC(385)   Pre Evacuate Collection Set: 68.2ms
[2026-01-16T09:06:40.721+0000][gc,phases   ] GC(385)   Merge Heap Roots: 8.8ms
[2026-01-16T09:06:40.721+0000][gc,phases   ] GC(385)   Evacuate Collection Set: 328.4ms
[2026-01-16T09:06:40.721+0000][gc,phases   ] GC(385)   Post Evacuate Collection Set: 6.7ms
[2026-01-16T09:06:40.722+0000][gc,phases   ] GC(385)   Other: 9.9ms
[2026-01-16T09:06:40.723+0000][gc,heap     ] GC(385) Eden regions: 46->0(46)
[2026-01-16T09:06:40.725+0000][gc,heap     ] GC(385) Survivor regions: 5->5(7)
[2026-01-16T09:06:40.726+0000][gc,heap     ] GC(385) Old regions: 305->306
[2026-01-16T09:06:40.726+0000][gc,heap     ] GC(385) Humongous regions: 149->149
[2026-01-16T09:06:40.726+0000][gc,metaspace] GC(385) Metaspace: 14049K(14400K)->14049K(14400K) NonClass: 12389K(12544K)->12389K(12544K) Class: 1660K(1856K)->1660K(1856K)
[2026-01-16T09:06:40.726+0000][gc          ] GC(385) Pause Young (Normal) (G1 Evacuation Pause) 504M->458M(1024M) 478.007ms
[2026-01-16T09:06:40.728+0000][gc,cpu      ] GC(385) User=0.25s Sys=0.03s Real=0.48s
[2026-01-16T09:06:41.988+0000][gc,start    ] GC(386) Pause Young (Normal) (G1 Evacuation Pause)
[2026-01-16T09:06:41.993+0000][gc,task     ] GC(386) Using 8 workers of 8 for evacuation
[2026-01-16T09:06:42.384+0000][gc,mmu      ] GC(386) MMU target violated: 201.0ms (200.0ms/201.0ms)
[2026-01-16T09:06:42.388+0000][gc,phases   ] GC(386)   Pre Evacuate Collection Set: 51.9ms
[2026-01-16T09:06:42.392+0000][gc,phases   ] GC(386)   Merge Heap Roots: 7.0ms
[2026-01-16T09:06:42.392+0000][gc,phases   ] GC(386)   Evacuate Collection Set: 302.8ms
[2026-01-16T09:06:42.395+0000][gc,phases   ] GC(386)   Post Evacuate Collection Set: 27.3ms
[2026-01-16T09:06:42.395+0000][gc,phases   ] GC(386)   Other: 7.7ms
[2026-01-16T09:06:42.395+0000][gc,heap     ] GC(386) Eden regions: 46->0(47)
[2026-01-16T09:06:42.397+0000][gc,heap     ] GC(386) Survivor regions: 5->4(7)
[2026-01-16T09:06:42.398+0000][gc,heap     ] GC(386) Old regions: 306->307
[2026-01-16T09:06:42.398+0000][gc,heap     ] GC(386) Humongous regions: 149->149
[2026-01-16T09:06:42.398+0000][gc,metaspace] GC(386) Metaspace: 14056K(14400K)->14056K(14400K) NonClass: 12396K(12544K)->12396K(12544K) Class: 1660K(1856K)->1660K(1856K)
[2026-01-16T09:06:42.401+0000][gc          ] GC(386) Pause Young (Normal) (G1 Evacuation Pause) 504M->459M(1024M) 412.996ms
[2026-01-16T09:06:42.402+0000][gc,cpu      ] GC(386) User=0.16s Sys=0.02s Real=0.42s
[2026-01-16T09:06:44.334+0000][gc,start    ] GC(387) Pause Young (Normal) (G1 Evacuation Pause)
[2026-01-16T09:06:44.335+0000][gc,task     ] GC(387) Using 8 workers of 8 for evacuation
[2026-01-16T09:06:44.757+0000][gc,mmu      ] GC(387) MMU target violated: 201.0ms (200.0ms/201.0ms)
[2026-01-16T09:06:44.762+0000][gc,phases   ] GC(387)   Pre Evacuate Collection Set: 65.9ms
[2026-01-16T09:06:44.769+0000][gc,phases   ] GC(387)   Merge Heap Roots: 38.4ms
[2026-01-16T09:06:44.771+0000][gc,phases   ] GC(387)   Evacuate Collection Set: 302.1ms
[2026-01-16T09:06:44.772+0000][gc,phases   ] GC(387)   Post Evacuate Collection Set: 13.4ms
[2026-01-16T09:06:44.772+0000][gc,phases   ] GC(387)   Other: 8.0ms
[2026-01-16T09:06:44.773+0000][gc,heap     ] GC(387) Eden regions: 47->0(46)
[2026-01-16T09:06:44.774+0000][gc,heap     ] GC(387) Survivor regions: 4->5(7)
[2026-01-16T09:06:44.775+0000][gc,heap     ] GC(387) Old regions: 307->308
[2026-01-16T09:06:44.776+0000][gc,heap     ] GC(387) Humongous regions: 149->149
[2026-01-16T09:06:44.777+0000][gc,metaspace] GC(387) Metaspace: 14058K(14400K)->14058K(14400K) NonClass: 12398K(12544K)->12398K(12544K) Class: 1660K(1856K)->1660K(1856K)
[2026-01-16T09:06:44.778+0000][gc          ] GC(387) Pause Young (Normal) (G1 Evacuation Pause) 506M->460M(1024M) 443.922ms
[2026-01-16T09:06:44.781+0000][gc,cpu      ] GC(387) User=0.23s Sys=0.07s Real=0.45s
[2026-01-16T09:06:46.437+0000][gc,start    ] GC(388) Pause Young (Normal) (GCLocker Initiated GC)
[2026-01-16T09:06:46.437+0000][gc,task     ] GC(388) Using 8 workers of 8 for evacuation
[2026-01-16T09:06:46.758+0000][gc,mmu      ] GC(388) MMU target violated: 201.0ms (200.0ms/201.0ms)
[2026-01-16T09:06:46.760+0000][gc,phases   ] GC(388)   Pre Evacuate Collection Set: 20.3ms
[2026-01-16T09:06:46.760+0000][gc,phases   ] GC(388)   Merge Heap Roots: 21.5ms
[2026-01-16T09:06:46.761+0000][gc,phases   ] GC(388)   Evacuate Collection Set: 255.1ms
[2026-01-16T09:06:46.763+0000][gc,phases   ] GC(388)   Post Evacuate Collection Set: 22.5ms
[2026-01-16T09:06:46.764+0000][gc,phases   ] GC(388)   Other: 3.1ms
[2026-01-16T09:06:46.765+0000][gc,heap     ] GC(388) Eden regions: 48->0(47)
[2026-01-16T09:06:46.765+0000][gc,heap     ] GC(388) Survivor regions: 5->4(7)
[2026-01-16T09:06:46.766+0000][gc,heap     ] GC(388) Old regions: 308->309
[2026-01-16T09:06:46.766+0000][gc,heap     ] GC(388) Humongous regions: 149->149
[2026-01-16T09:06:46.767+0000][gc,metaspace] GC(388) Metaspace: 14058K(14400K)->14058K(14400K) NonClass: 12398K(12544K)->12398K(12544K) Class: 1660K(1856K)->1660K(1856K)
[2026-01-16T09:06:46.767+0000][gc          ] GC(388) Pause Young (Normal) (GCLocker Initiated GC) 508M->461M(1024M) 330.299ms
[2026-01-16T09:06:46.769+0000][gc,cpu      ] GC(388) User=0.13s Sys=0.02s Real=0.33s
[2026-01-16T09:06:48.850+0000][gc,start    ] GC(389) Pause Young (Normal) (G1 Evacuation Pause)
[2026-01-16T09:06:48.852+0000][gc,task     ] GC(389) Using 8 workers of 8 for evacuation
[2026-01-16T09:06:49.256+0000][gc,mmu      ] GC(389) MMU target violated: 201.0ms (200.0ms/201.0ms)
[2026-01-16T09:06:49.260+0000][gc,phases   ] GC(389)   Pre Evacuate Collection Set: 12.1ms
[2026-01-16T09:06:49.261+0000][gc,phases   ] GC(389)   Merge Heap Roots: 8.7ms
[2026-01-16T09:06:49.264+0000][gc,phases   ] GC(389)   Evacuate Collection Set: 324.1ms
[2026-01-16T09:06:49.264+0000][gc,phases   ] GC(389)   Post Evacuate Collection Set: 12.4ms
[2026-01-16T09:06:49.265+0000][gc,phases   ] GC(389)   Other: 52.2ms
[2026-01-16T09:06:49.266+0000][gc,heap     ] GC(389) Eden regions: 47->0(46)
[2026-01-16T09:06:49.266+0000][gc,heap     ] GC(389) Survivor regions: 4->5(7)
[2026-01-16T09:06:49.267+0000][gc,heap     ] GC(389) Old regions: 309->309
[2026-01-16T09:06:49.272+0000][gc,heap     ] GC(389) Humongous regions: 149->149
[2026-01-16T09:06:49.288+0000][gc,metaspace] GC(389) Metaspace: 14077K(14464K)->14077K(14464K) NonClass: 12417K(12608K)->12417K(12608K) Class: 1660K(1856K)->1660K(1856K)
[2026-01-16T09:06:49.289+0000][gc          ] GC(389) Pause Young (Normal) (G1 Evacuation Pause) 508M->462M(1024M) 439.767ms
[2026-01-16T09:06:49.291+0000][gc,cpu      ] GC(389) User=0.22s Sys=0.00s Real=0.44s
[2026-01-16T09:06:50.666+0000][gc,start    ] GC(390) Pause Young (Normal) (G1 Evacuation Pause)
[2026-01-16T09:06:50.667+0000][gc,task     ] GC(390) Using 8 workers of 8 for evacuation
[2026-01-16T09:06:50.921+0000][gc,mmu      ] GC(390) MMU target violated: 201.0ms (200.0ms/201.0ms)
[2026-01-16T09:06:50.926+0000][gc,phases   ] GC(390)   Pre Evacuate Collection Set: 51.8ms
[2026-01-16T09:06:50.929+0000][gc,phases   ] GC(390)   Merge Heap Roots: 16.7ms
[2026-01-16T09:06:50.932+0000][gc,phases   ] GC(390)   Evacuate Collection Set: 178.7ms
[2026-01-16T09:06:50.933+0000][gc,phases   ] GC(390)   Post Evacuate Collection Set: 6.0ms
[2026-01-16T09:06:50.933+0000][gc,phases   ] GC(390)   Other: 6.5ms
[2026-01-16T09:06:50.933+0000][gc,heap     ] GC(390) Eden regions: 46->0(47)
[2026-01-16T09:06:50.933+0000][gc,heap     ] GC(390) Survivor regions: 5->4(7)
[2026-01-16T09:06:50.933+0000][gc,heap     ] GC(390) Old regions: 309->310
[2026-01-16T09:06:50.934+0000][gc,heap     ] GC(390) Humongous regions: 149->149
[2026-01-16T09:06:50.934+0000][gc,metaspace] GC(390) Metaspace: 14078K(14528K)->14078K(14528K) NonClass: 12418K(12672K)->12418K(12672K) Class: 1660K(1856K)->1660K(1856K)
[2026-01-16T09:06:50.935+0000][gc          ] GC(390) Pause Young (Normal) (G1 Evacuation Pause) 508M->462M(1024M) 268.855ms
[2026-01-16T09:06:50.935+0000][gc,cpu      ] GC(390) User=0.21s Sys=0.02s Real=0.27s
[2026-01-16T09:06:52.411+0000][gc,start    ] GC(391) Pause Young (Normal) (G1 Evacuation Pause)
[2026-01-16T09:06:52.456+0000][gc,task     ] GC(391) Using 8 workers of 8 for evacuation
[2026-01-16T09:06:52.820+0000][gc,mmu      ] GC(391) MMU target violated: 201.0ms (200.0ms/201.0ms)
[2026-01-16T09:06:52.821+0000][gc,phases   ] GC(391)   Pre Evacuate Collection Set: 16.9ms
[2026-01-16T09:06:52.823+0000][gc,phases   ] GC(391)   Merge Heap Roots: 3.2ms
[2026-01-16T09:06:52.825+0000][gc,phases   ] GC(391)   Evacuate Collection Set: 322.9ms
[2026-01-16T09:06:52.827+0000][gc,phases   ] GC(391)   Post Evacuate Collection Set: 12.4ms
[2026-01-16T09:06:52.829+0000][gc,phases   ] GC(391)   Other: 10.2ms
[2026-01-16T09:06:52.832+0000][gc,heap     ] GC(391) Eden regions: 47->0(46)
[2026-01-16T09:06:52.834+0000][gc,heap     ] GC(391) Survivor regions: 4->5(7)
[2026-01-16T09:06:52.838+0000][gc,heap     ] GC(391) Old regions: 310->310
[2026-01-16T09:06:52.841+0000][gc,heap     ] GC(391) Humongous regions: 149->149
[2026-01-16T09:06:52.842+0000][gc,metaspace] GC(391) Metaspace: 14080K(14528K)->14080K(14528K) NonClass: 12420K(12672K)->12420K(12672K) Class: 1660K(1856K)->1660K(1856K)
[2026-01-16T09:06:52.846+0000][gc          ] GC(391) Pause Young (Normal) (G1 Evacuation Pause) 509M->463M(1024M) 434.271ms
[2026-01-16T09:06:52.847+0000][gc,cpu      ] GC(391) User=0.23s Sys=0.01s Real=0.43s
[2026-01-16T09:06:53.963+0000][gc,start    ] GC(392) Pause Young (Normal) (G1 Evacuation Pause)
[2026-01-16T09:06:53.965+0000][gc,task     ] GC(392) Using 8 workers of 8 for evacuation
[2026-01-16T09:06:54.124+0000][gc,phases   ] GC(392)   Pre Evacuate Collection Set: 16.6ms
[2026-01-16T09:06:54.128+0000][gc,phases   ] GC(392)   Merge Heap Roots: 7.5ms
[2026-01-16T09:06:54.129+0000][gc,phases   ] GC(392)   Evacuate Collection Set: 129.2ms
[2026-01-16T09:06:54.132+0000][gc,phases   ] GC(392)   Post Evacuate Collection Set: 4.8ms
[2026-01-16T09:06:54.132+0000][gc,phases   ] GC(392)   Other: 0.8ms
[2026-01-16T09:06:54.133+0000][gc,heap     ] GC(392) Eden regions: 46->0(46)
[2026-01-16T09:06:54.134+0000][gc,heap     ] GC(392) Survivor regions: 5->5(7)
[2026-01-16T09:06:54.134+0000][gc,heap     ] GC(392) Old regions: 310->311
[2026-01-16T09:06:54.135+0000][gc,heap     ] GC(392) Humongous regions: 149->149
[2026-01-16T09:06:54.135+0000][gc,metaspace] GC(392) Metaspace: 14080K(14528K)->14080K(14528K) NonClass: 12420K(12672K)->12420K(12672K) Class: 1660K(1856K)->1660K(1856K)
[2026-01-16T09:06:54.136+0000][gc          ] GC(392) Pause Young (Normal) (G1 Evacuation Pause) 509M->464M(1024M) 173.592ms
[2026-01-16T09:06:54.137+0000][gc,cpu      ] GC(392) User=0.15s Sys=0.02s Real=0.17s
[2026-01-16T09:06:54.656+0000][gc,start    ] GC(393) Pause Young (Normal) (G1 Evacuation Pause)
[2026-01-16T09:06:54.658+0000][gc,task     ] GC(393) Using 8 workers of 8 for evacuation
[2026-01-16T09:06:54.778+0000][gc,phases   ] GC(393)   Pre Evacuate Collection Set: 26.6ms
[2026-01-16T09:06:54.781+0000][gc,phases   ] GC(393)   Merge Heap Roots: 0.5ms
[2026-01-16T09:06:54.781+0000][gc,phases   ] GC(393)   Evacuate Collection Set: 83.8ms
[2026-01-16T09:06:54.781+0000][gc,phases   ] GC(393)   Post Evacuate Collection Set: 6.8ms
[2026-01-16T09:06:54.781+0000][gc,phases   ] GC(393)   Other: 2.9ms
[2026-01-16T09:06:54.781+0000][gc,heap     ] GC(393) Eden regions: 46->0(46)
[2026-01-16T09:06:54.781+0000][gc,heap     ] GC(393) Survivor regions: 5->5(7)
[2026-01-16T09:06:54.782+0000][gc,heap     ] GC(393) Old regions: 311->312
[2026-01-16T09:06:54.782+0000][gc,heap     ] GC(393) Humongous regions: 149->149
[2026-01-16T09:06:54.782+0000][gc,metaspace] GC(393) Metaspace: 14080K(14528K)->14080K(14528K) NonClass: 12420K(12672K)->12420K(12672K) Class: 1660K(1856K)->1660K(1856K)
[2026-01-16T09:06:54.782+0000][gc          ] GC(393) Pause Young (Normal) (G1 Evacuation Pause) 510M->465M(1024M) 126.562ms
[2026-01-16T09:06:54.783+0000][gc,cpu      ] GC(393) User=0.06s Sys=0.01s Real=0.13s
[2026-01-16T09:06:56.137+0000][gc,start    ] GC(394) Pause Young (Concurrent Start) (G1 Evacuation Pause)
[2026-01-16T09:06:56.138+0000][gc,task     ] GC(394) Using 8 workers of 8 for evacuation
[2026-01-16T09:06:56.449+0000][gc,mmu      ] GC(394) MMU target violated: 201.0ms (200.0ms/201.0ms)
[2026-01-16T09:06:56.449+0000][gc,phases   ] GC(394)   Pre Evacuate Collection Set: 84.7ms
[2026-01-16T09:06:56.450+0000][gc,phases   ] GC(394)   Merge Heap Roots: 4.4ms
[2026-01-16T09:06:56.450+0000][gc,phases   ] GC(394)   Evacuate Collection Set: 205.5ms
[2026-01-16T09:06:56.450+0000][gc,phases   ] GC(394)   Post Evacuate Collection Set: 10.7ms
[2026-01-16T09:06:56.450+0000][gc,phases   ] GC(394)   Other: 6.0ms
[2026-01-16T09:06:56.451+0000][gc,heap     ] GC(394) Eden regions: 46->0(47)
[2026-01-16T09:06:56.451+0000][gc,heap     ] GC(394) Survivor regions: 5->4(7)
[2026-01-16T09:06:56.451+0000][gc,heap     ] GC(394) Old regions: 312->313
[2026-01-16T09:06:56.451+0000][gc,heap     ] GC(394) Humongous regions: 149->149
[2026-01-16T09:06:56.451+0000][gc,metaspace] GC(394) Metaspace: 14080K(14528K)->14080K(14528K) NonClass: 12420K(12672K)->12420K(12672K) Class: 1660K(1856K)->1660K(1856K)
[2026-01-16T09:06:56.452+0000][gc          ] GC(394) Pause Young (Concurrent Start) (G1 Evacuation Pause) 511M->465M(1024M) 314.820ms
[2026-01-16T09:06:56.453+0000][gc,cpu      ] GC(394) User=0.19s Sys=0.03s Real=0.32s
[2026-01-16T09:06:56.461+0000][gc          ] GC(395) Concurrent Mark Cycle
[2026-01-16T09:06:56.464+0000][gc,marking  ] GC(395) Concurrent Scan Root Regions
[2026-01-16T09:06:57.397+0000][gc,start    ] GC(396) Pause Young (Normal) (G1 Evacuation Pause)
[2026-01-16T09:06:57.412+0000][gc,task     ] GC(396) Using 8 workers of 8 for evacuation
[2026-01-16T09:06:57.463+0000][gc,marking  ] GC(395) Concurrent Scan Root Regions 998.503ms
[2026-01-16T09:06:57.464+0000][gc,marking  ] GC(395) Concurrent Mark
[2026-01-16T09:06:57.464+0000][gc,marking  ] GC(395) Concurrent Mark From Roots
[2026-01-16T09:06:57.465+0000][gc,task     ] GC(395) Using 2 workers of 2 for marking
[2026-01-16T09:06:57.579+0000][gc,phases   ] GC(396)   Pre Evacuate Collection Set: 7.0ms
[2026-01-16T09:06:57.585+0000][gc,phases   ] GC(396)   Merge Heap Roots: 1.9ms
[2026-01-16T09:06:57.587+0000][gc,phases   ] GC(396)   Evacuate Collection Set: 92.5ms
[2026-01-16T09:06:57.587+0000][gc,phases   ] GC(396)   Post Evacuate Collection Set: 15.2ms
[2026-01-16T09:06:57.587+0000][gc,phases   ] GC(396)   Other: 1.3ms
[2026-01-16T09:06:57.588+0000][gc,heap     ] GC(396) Eden regions: 47->0(47)
[2026-01-16T09:06:57.588+0000][gc,heap     ] GC(396) Survivor regions: 4->4(7)
[2026-01-16T09:06:57.591+0000][gc,heap     ] GC(396) Old regions: 313->314
[2026-01-16T09:06:57.593+0000][gc,heap     ] GC(396) Humongous regions: 149->149
[2026-01-16T09:06:57.596+0000][gc,metaspace] GC(396) Metaspace: 14080K(14528K)->14080K(14528K) NonClass: 12420K(12672K)->12420K(12672K) Class: 1660K(1856K)->1660K(1856K)
[2026-01-16T09:06:57.596+0000][gc          ] GC(396) Pause Young (Normal) (G1 Evacuation Pause) 512M->466M(1024M) 199.173ms
[2026-01-16T09:06:57.597+0000][gc,cpu      ] GC(396) User=0.08s Sys=0.01s Real=0.20s
[2026-01-16T09:06:58.617+0000][gc,start    ] GC(397) Pause Young (Normal) (G1 Evacuation Pause)
[2026-01-16T09:06:58.617+0000][gc,task     ] GC(397) Using 8 workers of 8 for evacuation
[2026-01-16T09:06:58.687+0000][gc,phases   ] GC(397)   Pre Evacuate Collection Set: 4.1ms
[2026-01-16T09:06:58.687+0000][gc,phases   ] GC(397)   Merge Heap Roots: 2.0ms
[2026-01-16T09:06:58.688+0000][gc,phases   ] GC(397)   Evacuate Collection Set: 58.2ms
[2026-01-16T09:06:58.688+0000][gc,phases   ] GC(397)   Post Evacuate Collection Set: 1.5ms
[2026-01-16T09:06:58.688+0000][gc,phases   ] GC(397)   Other: 3.3ms
[2026-01-16T09:06:58.690+0000][gc,heap     ] GC(397) Eden regions: 47->0(86)
[2026-01-16T09:06:58.690+0000][gc,heap     ] GC(397) Survivor regions: 4->4(7)
[2026-01-16T09:06:58.690+0000][gc,heap     ] GC(397) Old regions: 314->315
[2026-01-16T09:06:58.690+0000][gc,heap     ] GC(397) Humongous regions: 149->149
[2026-01-16T09:06:58.691+0000][gc,metaspace] GC(397) Metaspace: 14082K(14528K)->14082K(14528K) NonClass: 12422K(12672K)->12422K(12672K) Class: 1660K(1856K)->1660K(1856K)
[2026-01-16T09:06:58.691+0000][gc          ] GC(397) Pause Young (Normal) (G1 Evacuation Pause) 513M->467M(1024M) 74.323ms
[2026-01-16T09:06:58.692+0000][gc,cpu      ] GC(397) User=0.07s Sys=0.01s Real=0.08s
[2026-01-16T09:07:02.769+0000][gc,start    ] GC(398) Pause Young (Normal) (G1 Evacuation Pause)
[2026-01-16T09:07:02.777+0000][gc,task     ] GC(398) Using 8 workers of 8 for evacuation
[2026-01-16T09:07:03.775+0000][gc,mmu      ] GC(398) MMU target violated: 201.0ms (200.0ms/201.0ms)
[2026-01-16T09:07:03.775+0000][gc,phases   ] GC(398)   Pre Evacuate Collection Set: 71.2ms
[2026-01-16T09:07:03.775+0000][gc,phases   ] GC(398)   Merge Heap Roots: 22.7ms
[2026-01-16T09:07:03.776+0000][gc,phases   ] GC(398)   Evacuate Collection Set: 878.0ms
[2026-01-16T09:07:03.776+0000][gc,phases   ] GC(398)   Post Evacuate Collection Set: 11.9ms
[2026-01-16T09:07:03.776+0000][gc,phases   ] GC(398)   Other: 18.4ms
[2026-01-16T09:07:03.777+0000][gc,heap     ] GC(398) Eden regions: 77->0(46)
[2026-01-16T09:07:03.777+0000][gc,heap     ] GC(398) Survivor regions: 4->5(11)
[2026-01-16T09:07:03.777+0000][gc,heap     ] GC(398) Old regions: 315->315
[2026-01-16T09:07:03.778+0000][gc,heap     ] GC(398) Humongous regions: 149->149
[2026-01-16T09:07:03.778+0000][gc,metaspace] GC(398) Metaspace: 14082K(14528K)->14082K(14528K) NonClass: 12422K(12672K)->12422K(12672K) Class: 1660K(1856K)->1660K(1856K)
[2026-01-16T09:07:03.784+0000][gc          ] GC(398) Pause Young (Normal) (G1 Evacuation Pause) 544M->468M(1024M) 1024.248ms
[2026-01-16T09:07:03.785+0000][gc,cpu      ] GC(398) User=0.57s Sys=0.11s Real=1.03s
[2026-01-16T09:07:05.692+0000][gc,start    ] GC(399) Pause Young (Normal) (G1 Evacuation Pause)
[2026-01-16T09:07:05.696+0000][gc,task     ] GC(399) Using 8 workers of 8 for evacuation
[2026-01-16T09:07:06.368+0000][gc,mmu      ] GC(399) MMU target violated: 201.0ms (200.0ms/201.0ms)
[2026-01-16T09:07:06.372+0000][gc,phases   ] GC(399)   Pre Evacuate Collection Set: 91.7ms
[2026-01-16T09:07:06.373+0000][gc,phases   ] GC(399)   Merge Heap Roots: 13.7ms
[2026-01-16T09:07:06.374+0000][gc,phases   ] GC(399)   Evacuate Collection Set: 508.2ms
[2026-01-16T09:07:06.378+0000][gc,phases   ] GC(399)   Post Evacuate Collection Set: 48.4ms
[2026-01-16T09:07:06.384+0000][gc,phases   ] GC(399)   Other: 14.5ms
[2026-01-16T09:07:06.386+0000][gc,heap     ] GC(399) Eden regions: 46->0(46)
[2026-01-16T09:07:06.415+0000][gc,heap     ] GC(399) Survivor regions: 5->5(7)
[2026-01-16T09:07:06.417+0000][gc,heap     ] GC(399) Old regions: 315->316
[2026-01-16T09:07:06.418+0000][gc,heap     ] GC(399) Humongous regions: 149->149
[2026-01-16T09:07:06.419+0000][gc,metaspace] GC(399) Metaspace: 14082K(14528K)->14082K(14528K) NonClass: 12422K(12672K)->12422K(12672K) Class: 1660K(1856K)->1660K(1856K)
[2026-01-16T09:07:06.420+0000][gc          ] GC(399) Pause Young (Normal) (G1 Evacuation Pause) 514M->469M(1024M) 728.337ms
[2026-01-16T09:07:06.422+0000][gc,cpu      ] GC(399) User=0.25s Sys=0.03s Real=0.73s
[2026-01-16T09:07:08.139+0000][gc,start    ] GC(400) Pause Young (Normal) (G1 Evacuation Pause)
[2026-01-16T09:07:08.147+0000][gc,task     ] GC(400) Using 8 workers of 8 for evacuation
[2026-01-16T09:07:08.413+0000][gc,mmu      ] GC(400) MMU target violated: 201.0ms (200.0ms/201.0ms)
[2026-01-16T09:07:08.418+0000][gc,phases   ] GC(400)   Pre Evacuate Collection Set: 6.5ms
[2026-01-16T09:07:08.420+0000][gc,phases   ] GC(400)   Merge Heap Roots: 0.8ms
[2026-01-16T09:07:08.421+0000][gc,phases   ] GC(400)   Evacuate Collection Set: 244.2ms
[2026-01-16T09:07:08.421+0000][gc,phases   ] GC(400)   Post Evacuate Collection Set: 9.8ms
[2026-01-16T09:07:08.421+0000][gc,phases   ] GC(400)   Other: 10.6ms
[2026-01-16T09:07:08.422+0000][gc,heap     ] GC(400) Eden regions: 46->0(46)
[2026-01-16T09:07:08.422+0000][gc,heap     ] GC(400) Survivor regions: 5->5(7)
[2026-01-16T09:07:08.423+0000][gc,heap     ] GC(400) Old regions: 316->317
[2026-01-16T09:07:08.423+0000][gc,heap     ] GC(400) Humongous regions: 149->149
[2026-01-16T09:07:08.424+0000][gc,metaspace] GC(400) Metaspace: 14087K(14528K)->14087K(14528K) NonClass: 12427K(12672K)->12427K(12672K) Class: 1660K(1856K)->1660K(1856K)
[2026-01-16T09:07:08.424+0000][gc          ] GC(400) Pause Young (Normal) (G1 Evacuation Pause) 515M->469M(1024M) 285.068ms
[2026-01-16T09:07:08.425+0000][gc,cpu      ] GC(400) User=0.15s Sys=0.04s Real=0.29s
[2026-01-16T09:07:09.706+0000][gc,start    ] GC(401) Pause Young (Normal) (G1 Evacuation Pause)
[2026-01-16T09:07:09.708+0000][gc,task     ] GC(401) Using 8 workers of 8 for evacuation
[2026-01-16T09:07:10.044+0000][gc,mmu      ] GC(401) MMU target violated: 201.0ms (200.0ms/201.0ms)
[2026-01-16T09:07:10.045+0000][gc,phases   ] GC(401)   Pre Evacuate Collection Set: 12.7ms
[2026-01-16T09:07:10.045+0000][gc,phases   ] GC(401)   Merge Heap Roots: 0.7ms
[2026-01-16T09:07:10.046+0000][gc,phases   ] GC(401)   Evacuate Collection Set: 297.7ms
[2026-01-16T09:07:10.047+0000][gc,phases   ] GC(401)   Post Evacuate Collection Set: 25.2ms
[2026-01-16T09:07:10.047+0000][gc,phases   ] GC(401)   Other: 1.4ms
[2026-01-16T09:07:10.048+0000][gc,heap     ] GC(401) Eden regions: 46->0(46)
[2026-01-16T09:07:10.048+0000][gc,heap     ] GC(401) Survivor regions: 5->5(7)
[2026-01-16T09:07:10.048+0000][gc,heap     ] GC(401) Old regions: 317->318
[2026-01-16T09:07:10.049+0000][gc,heap     ] GC(401) Humongous regions: 149->149
[2026-01-16T09:07:10.049+0000][gc,metaspace] GC(401) Metaspace: 14090K(14528K)->14090K(14528K) NonClass: 12430K(12672K)->12430K(12672K) Class: 1660K(1856K)->1660K(1856K)
[2026-01-16T09:07:10.050+0000][gc          ] GC(401) Pause Young (Normal) (G1 Evacuation Pause) 515M->470M(1024M) 343.312ms
[2026-01-16T09:07:10.050+0000][gc,cpu      ] GC(401) User=0.15s Sys=0.00s Real=0.34s
[2026-01-16T09:07:10.814+0000][gc,start    ] GC(402) Pause Young (Normal) (G1 Evacuation Pause)
[2026-01-16T09:07:10.817+0000][gc,task     ] GC(402) Using 8 workers of 8 for evacuation
[2026-01-16T09:07:10.975+0000][gc,phases   ] GC(402)   Pre Evacuate Collection Set: 24.2ms
[2026-01-16T09:07:10.977+0000][gc,phases   ] GC(402)   Merge Heap Roots: 4.7ms
[2026-01-16T09:07:10.977+0000][gc,phases   ] GC(402)   Evacuate Collection Set: 115.5ms
[2026-01-16T09:07:10.978+0000][gc,phases   ] GC(402)   Post Evacuate Collection Set: 4.5ms
[2026-01-16T09:07:10.978+0000][gc,phases   ] GC(402)   Other: 9.1ms
[2026-01-16T09:07:10.978+0000][gc,heap     ] GC(402) Eden regions: 46->0(46)
[2026-01-16T09:07:10.980+0000][gc,heap     ] GC(402) Survivor regions: 5->5(7)
[2026-01-16T09:07:10.981+0000][gc,heap     ] GC(402) Old regions: 318->319
[2026-01-16T09:07:10.981+0000][gc,heap     ] GC(402) Humongous regions: 149->149
[2026-01-16T09:07:10.982+0000][gc,metaspace] GC(402) Metaspace: 14091K(14528K)->14091K(14528K) NonClass: 12431K(12672K)->12431K(12672K) Class: 1660K(1856K)->1660K(1856K)
[2026-01-16T09:07:10.983+0000][gc          ] GC(402) Pause Young (Normal) (G1 Evacuation Pause) 516M->471M(1024M) 169.659ms
[2026-01-16T09:07:10.984+0000][gc,cpu      ] GC(402) User=0.08s Sys=0.01s Real=0.17s
[2026-01-16T09:07:11.802+0000][gc,start    ] GC(403) Pause Young (Normal) (G1 Evacuation Pause)
[2026-01-16T09:07:11.803+0000][gc,task     ] GC(403) Using 8 workers of 8 for evacuation
[2026-01-16T09:07:11.921+0000][gc,phases   ] GC(403)   Pre Evacuate Collection Set: 4.6ms
[2026-01-16T09:07:11.921+0000][gc,phases   ] GC(403)   Merge Heap Roots: 0.6ms
[2026-01-16T09:07:11.921+0000][gc,phases   ] GC(403)   Evacuate Collection Set: 103.6ms
[2026-01-16T09:07:11.922+0000][gc,phases   ] GC(403)   Post Evacuate Collection Set: 8.2ms
[2026-01-16T09:07:11.922+0000][gc,phases   ] GC(403)   Other: 0.6ms
[2026-01-16T09:07:11.923+0000][gc,heap     ] GC(403) Eden regions: 46->0(47)
[2026-01-16T09:07:11.923+0000][gc,heap     ] GC(403) Survivor regions: 5->4(7)
[2026-01-16T09:07:11.924+0000][gc,heap     ] GC(403) Old regions: 319->320
[2026-01-16T09:07:11.925+0000][gc,heap     ] GC(403) Humongous regions: 149->149
[2026-01-16T09:07:11.926+0000][gc,metaspace] GC(403) Metaspace: 14092K(14528K)->14092K(14528K) NonClass: 12432K(12672K)->12432K(12672K) Class: 1660K(1856K)->1660K(1856K)
[2026-01-16T09:07:11.926+0000][gc          ] GC(403) Pause Young (Normal) (G1 Evacuation Pause) 517M->471M(1024M) 124.190ms
[2026-01-16T09:07:11.927+0000][gc,cpu      ] GC(403) User=0.09s Sys=0.00s Real=0.12s
[2026-01-16T09:07:13.163+0000][gc,start    ] GC(404) Pause Young (Normal) (GCLocker Initiated GC)
[2026-01-16T09:07:13.167+0000][gc,task     ] GC(404) Using 8 workers of 8 for evacuation
[2026-01-16T09:07:13.433+0000][gc,mmu      ] GC(404) MMU target violated: 201.0ms (200.0ms/201.0ms)
[2026-01-16T09:07:13.435+0000][gc,phases   ] GC(404)   Pre Evacuate Collection Set: 9.3ms
[2026-01-16T09:07:13.436+0000][gc,phases   ] GC(404)   Merge Heap Roots: 4.9ms
[2026-01-16T09:07:13.437+0000][gc,phases   ] GC(404)   Evacuate Collection Set: 232.4ms
[2026-01-16T09:07:13.437+0000][gc,phases   ] GC(404)   Post Evacuate Collection Set: 15.9ms
[2026-01-16T09:07:13.438+0000][gc,phases   ] GC(404)   Other: 6.5ms
[2026-01-16T09:07:13.440+0000][gc,heap     ] GC(404) Eden regions: 51->0(46)
[2026-01-16T09:07:13.440+0000][gc,heap     ] GC(404) Survivor regions: 4->5(7)
[2026-01-16T09:07:13.441+0000][gc,heap     ] GC(404) Old regions: 320->320
[2026-01-16T09:07:13.456+0000][gc,heap     ] GC(404) Humongous regions: 149->149
[2026-01-16T09:07:13.457+0000][gc,metaspace] GC(404) Metaspace: 14093K(14528K)->14093K(14528K) NonClass: 12433K(12672K)->12433K(12672K) Class: 1660K(1856K)->1660K(1856K)
[2026-01-16T09:07:13.457+0000][gc          ] GC(404) Pause Young (Normal) (GCLocker Initiated GC) 522M->472M(1024M) 294.234ms
[2026-01-16T09:07:13.459+0000][gc,cpu      ] GC(404) User=0.17s Sys=0.01s Real=0.29s
[2026-01-16T09:07:13.894+0000][gc,marking  ] GC(395) Concurrent Mark From Roots 16428.432ms
[2026-01-16T09:07:13.897+0000][gc,marking  ] GC(395) Concurrent Preclean
[2026-01-16T09:07:13.948+0000][gc,marking  ] GC(395) Concurrent Preclean 50.766ms
[2026-01-16T09:07:13.990+0000][gc,start    ] GC(395) Pause Remark
[2026-01-16T09:07:17.309+0000][gc,mmu      ] GC(395) MMU target violated: 201.0ms (200.0ms/201.0ms)
[2026-01-16T09:07:17.323+0000][gc          ] GC(395) Pause Remark 496M->483M(1024M) 3332.641ms
[2026-01-16T09:07:17.328+0000][gc,cpu      ] GC(395) User=2.81s Sys=0.24s Real=3.34s
[2026-01-16T09:07:17.456+0000][gc,marking  ] GC(395) Concurrent Mark 19991.278ms
[2026-01-16T09:07:17.464+0000][gc,marking  ] GC(395) Concurrent Rebuild Remembered Sets and Scrub Regions
[2026-01-16T09:07:19.293+0000][gc,start    ] GC(405) Pause Young (Normal) (G1 Evacuation Pause)
[2026-01-16T09:07:19.295+0000][gc,task     ] GC(405) Using 8 workers of 8 for evacuation
[2026-01-16T09:07:20.482+0000][gc,mmu      ] GC(405) MMU target violated: 201.0ms (200.0ms/201.0ms)
[2026-01-16T09:07:20.485+0000][gc,phases   ] GC(405)   Pre Evacuate Collection Set: 38.9ms
[2026-01-16T09:07:20.488+0000][gc,phases   ] GC(405)   Merge Heap Roots: 10.6ms
[2026-01-16T09:07:20.491+0000][gc,phases   ] GC(405)   Evacuate Collection Set: 1086.3ms
[2026-01-16T09:07:20.503+0000][gc,phases   ] GC(405)   Post Evacuate Collection Set: 46.4ms
[2026-01-16T09:07:20.506+0000][gc,phases   ] GC(405)   Other: 8.6ms
[2026-01-16T09:07:20.507+0000][gc,heap     ] GC(405) Eden regions: 46->0(47)
[2026-01-16T09:07:20.509+0000][gc,heap     ] GC(405) Survivor regions: 5->4(7)
[2026-01-16T09:07:20.514+0000][gc,heap     ] GC(405) Old regions: 307->308
[2026-01-16T09:07:20.515+0000][gc,heap     ] GC(405) Humongous regions: 149->149
[2026-01-16T09:07:20.516+0000][gc,metaspace] GC(405) Metaspace: 14000K(14528K)->14000K(14528K) NonClass: 12367K(12672K)->12367K(12672K) Class: 1632K(1856K)->1632K(1856K)
[2026-01-16T09:07:20.520+0000][gc          ] GC(405) Pause Young (Normal) (G1 Evacuation Pause) 505M->460M(1024M) 1227.601ms
[2026-01-16T09:07:20.521+0000][gc,cpu      ] GC(405) User=0.73s Sys=0.11s Real=1.23s
[2026-01-16T09:07:26.056+0000][gc,start    ] GC(406) Pause Young (Normal) (G1 Evacuation Pause)
[2026-01-16T09:07:26.073+0000][gc,task     ] GC(406) Using 8 workers of 8 for evacuation
[2026-01-16T09:07:27.047+0000][gc,mmu      ] GC(406) MMU target violated: 201.0ms (200.0ms/201.0ms)
[2026-01-16T09:07:27.048+0000][gc,phases   ] GC(406)   Pre Evacuate Collection Set: 91.7ms
[2026-01-16T09:07:27.048+0000][gc,phases   ] GC(406)   Merge Heap Roots: 25.7ms
[2026-01-16T09:07:27.048+0000][gc,phases   ] GC(406)   Evacuate Collection Set: 766.3ms
[2026-01-16T09:07:27.048+0000][gc,phases   ] GC(406)   Post Evacuate Collection Set: 46.9ms
[2026-01-16T09:07:27.048+0000][gc,phases   ] GC(406)   Other: 44.1ms
[2026-01-16T09:07:27.048+0000][gc,heap     ] GC(406) Eden regions: 47->0(47)
[2026-01-16T09:07:27.048+0000][gc,heap     ] GC(406) Survivor regions: 4->4(7)
[2026-01-16T09:07:27.048+0000][gc,heap     ] GC(406) Old regions: 308->309
[2026-01-16T09:07:27.049+0000][gc,heap     ] GC(406) Humongous regions: 149->149
[2026-01-16T09:07:27.049+0000][gc,metaspace] GC(406) Metaspace: 14000K(14528K)->14000K(14528K) NonClass: 12367K(12672K)->12367K(12672K) Class: 1632K(1856K)->1632K(1856K)
[2026-01-16T09:07:27.049+0000][gc          ] GC(406) Pause Young (Normal) (G1 Evacuation Pause) 507M->461M(1024M) 993.104ms
[2026-01-16T09:07:27.049+0000][gc,cpu      ] GC(406) User=0.73s Sys=0.11s Real=0.99s
[2026-01-16T09:07:32.673+0000][gc,start    ] GC(407) Pause Young (Normal) (G1 Evacuation Pause)
[2026-01-16T09:07:32.677+0000][gc,task     ] GC(407) Using 8 workers of 8 for evacuation
[2026-01-16T09:07:34.351+0000][gc,mmu      ] GC(407) MMU target violated: 201.0ms (200.0ms/201.0ms)
[2026-01-16T09:07:34.351+0000][gc,phases   ] GC(407)   Pre Evacuate Collection Set: 48.5ms
[2026-01-16T09:07:34.352+0000][gc,phases   ] GC(407)   Merge Heap Roots: 24.4ms
[2026-01-16T09:07:34.352+0000][gc,phases   ] GC(407)   Evacuate Collection Set: 1553.0ms
[2026-01-16T09:07:34.352+0000][gc,phases   ] GC(407)   Post Evacuate Collection Set: 44.2ms
[2026-01-16T09:07:34.352+0000][gc,phases   ] GC(407)   Other: 4.0ms
[2026-01-16T09:07:34.352+0000][gc,heap     ] GC(407) Eden regions: 47->0(46)
[2026-01-16T09:07:34.352+0000][gc,heap     ] GC(407) Survivor regions: 4->5(7)
[2026-01-16T09:07:34.353+0000][gc,heap     ] GC(407) Old regions: 309->310
[2026-01-16T09:07:34.353+0000][gc,heap     ] GC(407) Humongous regions: 149->149
[2026-01-16T09:07:34.353+0000][gc,metaspace] GC(407) Metaspace: 14000K(14528K)->14000K(14528K) NonClass: 12367K(12672K)->12367K(12672K) Class: 1632K(1856K)->1632K(1856K)
[2026-01-16T09:07:34.354+0000][gc          ] GC(407) Pause Young (Normal) (G1 Evacuation Pause) 508M->462M(1024M) 1680.917ms
[2026-01-16T09:07:34.355+0000][gc,cpu      ] GC(407) User=0.89s Sys=0.08s Real=1.68s
[2026-01-16T09:07:36.649+0000][gc,start    ] GC(408) Pause Young (Normal) (G1 Evacuation Pause)
[2026-01-16T09:07:36.684+0000][gc,task     ] GC(408) Using 8 workers of 8 for evacuation
[2026-01-16T09:07:37.141+0000][gc,mmu      ] GC(408) MMU target violated: 201.0ms (200.0ms/201.0ms)
[2026-01-16T09:07:37.142+0000][gc,phases   ] GC(408)   Pre Evacuate Collection Set: 57.0ms
[2026-01-16T09:07:37.142+0000][gc,phases   ] GC(408)   Merge Heap Roots: 16.2ms
[2026-01-16T09:07:37.144+0000][gc,phases   ] GC(408)   Evacuate Collection Set: 335.8ms
[2026-01-16T09:07:37.144+0000][gc,phases   ] GC(408)   Post Evacuate Collection Set: 16.9ms
[2026-01-16T09:07:37.144+0000][gc,phases   ] GC(408)   Other: 41.5ms
[2026-01-16T09:07:37.145+0000][gc,heap     ] GC(408) Eden regions: 46->0(46)
[2026-01-16T09:07:37.145+0000][gc,heap     ] GC(408) Survivor regions: 5->5(7)
[2026-01-16T09:07:37.145+0000][gc,heap     ] GC(408) Old regions: 310->310
[2026-01-16T09:07:37.146+0000][gc,heap     ] GC(408) Humongous regions: 149->149
[2026-01-16T09:07:37.146+0000][gc,metaspace] GC(408) Metaspace: 14001K(14528K)->14001K(14528K) NonClass: 12368K(12672K)->12368K(12672K) Class: 1632K(1856K)->1632K(1856K)
[2026-01-16T09:07:37.147+0000][gc          ] GC(408) Pause Young (Normal) (G1 Evacuation Pause) 508M->463M(1024M) 498.164ms
[2026-01-16T09:07:37.148+0000][gc,cpu      ] GC(408) User=0.28s Sys=0.01s Real=0.50s
[2026-01-16T09:07:38.614+0000][gc,start    ] GC(409) Pause Young (Normal) (G1 Evacuation Pause)
[2026-01-16T09:07:38.619+0000][gc,task     ] GC(409) Using 8 workers of 8 for evacuation
[2026-01-16T09:07:39.251+0000][gc,mmu      ] GC(409) MMU target violated: 201.0ms (200.0ms/201.0ms)
[2026-01-16T09:07:39.252+0000][gc,phases   ] GC(409)   Pre Evacuate Collection Set: 29.5ms
[2026-01-16T09:07:39.256+0000][gc,phases   ] GC(409)   Merge Heap Roots: 36.5ms
[2026-01-16T09:07:39.256+0000][gc,phases   ] GC(409)   Evacuate Collection Set: 534.2ms
[2026-01-16T09:07:39.258+0000][gc,phases   ] GC(409)   Post Evacuate Collection Set: 22.4ms
[2026-01-16T09:07:39.260+0000][gc,phases   ] GC(409)   Other: 11.3ms
[2026-01-16T09:07:39.260+0000][gc,heap     ] GC(409) Eden regions: 46->0(46)
[2026-01-16T09:07:39.261+0000][gc,heap     ] GC(409) Survivor regions: 5->5(7)
[2026-01-16T09:07:39.261+0000][gc,heap     ] GC(409) Old regions: 310->311
[2026-01-16T09:07:39.261+0000][gc,heap     ] GC(409) Humongous regions: 149->149
[2026-01-16T09:07:39.262+0000][gc,metaspace] GC(409) Metaspace: 14001K(14528K)->14001K(14528K) NonClass: 12368K(12672K)->12368K(12672K) Class: 1632K(1856K)->1632K(1856K)
[2026-01-16T09:07:39.266+0000][gc          ] GC(409) Pause Young (Normal) (G1 Evacuation Pause) 509M->464M(1024M) 651.755ms
[2026-01-16T09:07:39.268+0000][gc,cpu      ] GC(409) User=0.34s Sys=0.02s Real=0.65s
[2026-01-16T09:07:42.378+0000][gc,start    ] GC(410) Pause Young (Normal) (G1 Evacuation Pause)
[2026-01-16T09:07:42.380+0000][gc,task     ] GC(410) Using 8 workers of 8 for evacuation
[2026-01-16T09:07:43.727+0000][gc,mmu      ] GC(410) MMU target violated: 201.0ms (200.0ms/201.0ms)
[2026-01-16T09:07:43.748+0000][gc,phases   ] GC(410)   Pre Evacuate Collection Set: 100.4ms
[2026-01-16T09:07:43.785+0000][gc,phases   ] GC(410)   Merge Heap Roots: 10.1ms
[2026-01-16T09:07:43.786+0000][gc,phases   ] GC(410)   Evacuate Collection Set: 1126.0ms
[2026-01-16T09:07:43.790+0000][gc,phases   ] GC(410)   Post Evacuate Collection Set: 106.5ms
[2026-01-16T09:07:43.811+0000][gc,phases   ] GC(410)   Other: 25.1ms
[2026-01-16T09:07:43.812+0000][gc,heap     ] GC(410) Eden regions: 46->0(47)
[2026-01-16T09:07:43.813+0000][gc,heap     ] GC(410) Survivor regions: 5->4(7)
[2026-01-16T09:07:43.814+0000][gc,heap     ] GC(410) Old regions: 311->312
[2026-01-16T09:07:43.815+0000][gc,heap     ] GC(410) Humongous regions: 149->149
[2026-01-16T09:07:43.819+0000][gc,metaspace] GC(410) Metaspace: 14002K(14528K)->14002K(14528K) NonClass: 12369K(12672K)->12369K(12672K) Class: 1632K(1856K)->1632K(1856K)
[2026-01-16T09:07:43.866+0000][gc          ] GC(410) Pause Young (Normal) (G1 Evacuation Pause) 510M->464M(1024M) 1488.005ms
[2026-01-16T09:07:43.890+0000][gc,cpu      ] GC(410) User=0.59s Sys=0.08s Real=1.50s
[2026-01-16T09:07:46.140+0000][gc,start    ] GC(411) Pause Young (Normal) (G1 Evacuation Pause)
[2026-01-16T09:07:46.143+0000][gc,task     ] GC(411) Using 8 workers of 8 for evacuation
[2026-01-16T09:07:46.712+0000][gc,mmu      ] GC(411) MMU target violated: 201.0ms (200.0ms/201.0ms)
[2026-01-16T09:07:46.713+0000][gc,phases   ] GC(411)   Pre Evacuate Collection Set: 32.4ms
[2026-01-16T09:07:46.713+0000][gc,phases   ] GC(411)   Merge Heap Roots: 5.8ms
[2026-01-16T09:07:46.714+0000][gc,phases   ] GC(411)   Evacuate Collection Set: 508.2ms
[2026-01-16T09:07:46.717+0000][gc,phases   ] GC(411)   Post Evacuate Collection Set: 21.3ms
[2026-01-16T09:07:46.718+0000][gc,phases   ] GC(411)   Other: 2.0ms
[2026-01-16T09:07:46.719+0000][gc,heap     ] GC(411) Eden regions: 47->0(47)
[2026-01-16T09:07:46.719+0000][gc,heap     ] GC(411) Survivor regions: 4->4(7)
[2026-01-16T09:07:46.720+0000][gc,heap     ] GC(411) Old regions: 312->313
[2026-01-16T09:07:46.720+0000][gc,heap     ] GC(411) Humongous regions: 149->149
[2026-01-16T09:07:46.721+0000][gc,metaspace] GC(411) Metaspace: 14003K(14528K)->14003K(14528K) NonClass: 12370K(12672K)->12370K(12672K) Class: 1632K(1856K)->1632K(1856K)
[2026-01-16T09:07:46.721+0000][gc          ] GC(411) Pause Young (Normal) (G1 Evacuation Pause) 511M->465M(1024M) 581.752ms
[2026-01-16T09:07:46.722+0000][gc,cpu      ] GC(411) User=0.29s Sys=0.01s Real=0.59s
[2026-01-16T09:07:48.247+0000][gc,start    ] GC(412) Pause Young (Normal) (G1 Evacuation Pause)
[2026-01-16T09:07:48.248+0000][gc,task     ] GC(412) Using 8 workers of 8 for evacuation
[2026-01-16T09:07:48.527+0000][gc,mmu      ] GC(412) MMU target violated: 201.0ms (200.0ms/201.0ms)
[2026-01-16T09:07:48.527+0000][gc,phases   ] GC(412)   Pre Evacuate Collection Set: 10.5ms
[2026-01-16T09:07:48.528+0000][gc,phases   ] GC(412)   Merge Heap Roots: 16.7ms
[2026-01-16T09:07:48.528+0000][gc,phases   ] GC(412)   Evacuate Collection Set: 226.4ms
[2026-01-16T09:07:48.529+0000][gc,phases   ] GC(412)   Post Evacuate Collection Set: 18.5ms
[2026-01-16T09:07:48.531+0000][gc,phases   ] GC(412)   Other: 7.1ms
[2026-01-16T09:07:48.531+0000][gc,heap     ] GC(412) Eden regions: 47->0(47)
[2026-01-16T09:07:48.533+0000][gc,heap     ] GC(412) Survivor regions: 4->4(7)
[2026-01-16T09:07:48.535+0000][gc,heap     ] GC(412) Old regions: 313->314
[2026-01-16T09:07:48.536+0000][gc,heap     ] GC(412) Humongous regions: 149->149
[2026-01-16T09:07:48.537+0000][gc,metaspace] GC(412) Metaspace: 14003K(14528K)->14003K(14528K) NonClass: 12370K(12672K)->12370K(12672K) Class: 1632K(1856K)->1632K(1856K)
[2026-01-16T09:07:48.537+0000][gc          ] GC(412) Pause Young (Normal) (G1 Evacuation Pause) 512M->466M(1024M) 290.150ms
[2026-01-16T09:07:48.538+0000][gc,cpu      ] GC(412) User=0.22s Sys=0.01s Real=0.29s
[2026-01-16T09:07:49.975+0000][gc,marking  ] GC(395) Concurrent Rebuild Remembered Sets and Scrub Regions 32511.787ms
[2026-01-16T09:07:50.047+0000][gc,start    ] GC(395) Pause Cleanup
[2026-01-16T09:07:50.083+0000][gc          ] GC(395) Pause Cleanup 506M->506M(1024M) 35.944ms
[2026-01-16T09:07:50.139+0000][gc,cpu      ] GC(395) User=0.01s Sys=0.00s Real=0.09s
[2026-01-16T09:07:50.161+0000][gc,marking  ] GC(395) Concurrent Clear Claimed Marks
[2026-01-16T09:07:50.169+0000][gc,marking  ] GC(395) Concurrent Clear Claimed Marks 8.095ms
[2026-01-16T09:07:50.170+0000][gc,marking  ] GC(395) Concurrent Cleanup for Next Mark
[2026-01-16T09:07:50.623+0000][gc,start    ] GC(413) Pause Young (Prepare Mixed) (G1 Evacuation Pause)
[2026-01-16T09:07:50.623+0000][gc,task     ] GC(413) Using 8 workers of 8 for evacuation
[2026-01-16T09:07:50.995+0000][gc,mmu      ] GC(413) MMU target violated: 201.0ms (200.0ms/201.0ms)
[2026-01-16T09:07:50.997+0000][gc,phases   ] GC(413)   Pre Evacuate Collection Set: 6.1ms
[2026-01-16T09:07:50.998+0000][gc,phases   ] GC(413)   Merge Heap Roots: 8.2ms
[2026-01-16T09:07:50.998+0000][gc,phases   ] GC(413)   Evacuate Collection Set: 330.5ms
[2026-01-16T09:07:50.999+0000][gc,phases   ] GC(413)   Post Evacuate Collection Set: 25.7ms
[2026-01-16T09:07:51.000+0000][gc,phases   ] GC(413)   Other: 3.5ms
[2026-01-16T09:07:51.000+0000][gc,heap     ] GC(413) Eden regions: 47->0(46)
[2026-01-16T09:07:51.000+0000][gc,heap     ] GC(413) Survivor regions: 4->5(7)
[2026-01-16T09:07:51.001+0000][gc,heap     ] GC(413) Old regions: 314->315
[2026-01-16T09:07:51.001+0000][gc,heap     ] GC(413) Humongous regions: 149->149
[2026-01-16T09:07:51.002+0000][gc,metaspace] GC(413) Metaspace: 14003K(14528K)->14003K(14528K) NonClass: 12370K(12672K)->12370K(12672K) Class: 1632K(1856K)->1632K(1856K)
[2026-01-16T09:07:51.003+0000][gc          ] GC(413) Pause Young (Prepare Mixed) (G1 Evacuation Pause) 513M->467M(1024M) 380.330ms
[2026-01-16T09:07:51.004+0000][gc,cpu      ] GC(413) User=0.25s Sys=0.01s Real=0.38s
[2026-01-16T09:07:52.647+0000][gc,start    ] GC(414) Pause Young (Mixed) (G1 Evacuation Pause)
[2026-01-16T09:07:52.694+0000][gc,task     ] GC(414) Using 8 workers of 8 for evacuation
[2026-01-16T09:07:53.222+0000][gc,mmu      ] GC(414) MMU target violated: 201.0ms (200.0ms/201.0ms)
[2026-01-16T09:07:53.223+0000][gc,phases   ] GC(414)   Pre Evacuate Collection Set: 34.3ms
[2026-01-16T09:07:53.224+0000][gc,phases   ] GC(414)   Merge Heap Roots: 39.3ms
[2026-01-16T09:07:53.224+0000][gc,phases   ] GC(414)   Evacuate Collection Set: 379.6ms
[2026-01-16T09:07:53.225+0000][gc,phases   ] GC(414)   Post Evacuate Collection Set: 23.4ms
[2026-01-16T09:07:53.226+0000][gc,phases   ] GC(414)   Other: 52.3ms
[2026-01-16T09:07:53.227+0000][gc,heap     ] GC(414) Eden regions: 46->0(47)
[2026-01-16T09:07:53.229+0000][gc,heap     ] GC(414) Survivor regions: 5->4(7)
[2026-01-16T09:07:53.229+0000][gc,heap     ] GC(414) Old regions: 315->287
[2026-01-16T09:07:53.230+0000][gc,heap     ] GC(414) Humongous regions: 149->149
[2026-01-16T09:07:53.230+0000][gc,metaspace] GC(414) Metaspace: 14003K(14528K)->14003K(14528K) NonClass: 12370K(12672K)->12370K(12672K) Class: 1632K(1856K)->1632K(1856K)
[2026-01-16T09:07:53.232+0000][gc          ] GC(414) Pause Young (Mixed) (G1 Evacuation Pause) 513M->439M(1024M) 584.592ms
[2026-01-16T09:07:53.239+0000][gc,cpu      ] GC(414) User=0.30s Sys=0.03s Real=0.59s
[2026-01-16T09:07:56.381+0000][gc,start    ] GC(415) Pause Young (Mixed) (G1 Evacuation Pause)
[2026-01-16T09:07:56.390+0000][gc,task     ] GC(415) Using 8 workers of 8 for evacuation
[2026-01-16T09:07:57.600+0000][gc,mmu      ] GC(415) MMU target violated: 201.0ms (200.0ms/201.0ms)
[2026-01-16T09:07:57.603+0000][gc,phases   ] GC(415)   Pre Evacuate Collection Set: 72.1ms
[2026-01-16T09:07:57.606+0000][gc,phases   ] GC(415)   Merge Heap Roots: 50.0ms
[2026-01-16T09:07:57.607+0000][gc,phases   ] GC(415)   Evacuate Collection Set: 1056.7ms
[2026-01-16T09:07:57.609+0000][gc,phases   ] GC(415)   Post Evacuate Collection Set: 26.3ms
[2026-01-16T09:07:57.610+0000][gc,phases   ] GC(415)   Other: 7.9ms
[2026-01-16T09:07:57.610+0000][gc,heap     ] GC(415) Eden regions: 47->0(46)
[2026-01-16T09:07:57.610+0000][gc,heap     ] GC(415) Survivor regions: 4->5(7)
[2026-01-16T09:07:57.611+0000][gc,heap     ] GC(415) Old regions: 287->260
[2026-01-16T09:07:57.612+0000][gc,heap     ] GC(415) Humongous regions: 149->149
[2026-01-16T09:07:57.613+0000][gc,metaspace] GC(415) Metaspace: 14003K(14528K)->14003K(14528K) NonClass: 12370K(12672K)->12370K(12672K) Class: 1632K(1856K)->1632K(1856K)
[2026-01-16T09:07:57.615+0000][gc          ] GC(415) Pause Young (Mixed) (G1 Evacuation Pause) 486M->412M(1024M) 1234.381ms
[2026-01-16T09:07:57.618+0000][gc,cpu      ] GC(415) User=0.73s Sys=0.04s Real=1.24s
[2026-01-16T09:07:57.954+0000][gc,marking  ] GC(395) Concurrent Cleanup for Next Mark 7784.285ms
[2026-01-16T09:07:57.965+0000][gc          ] GC(395) Concurrent Mark Cycle 61503.600ms
[2026-01-16T09:07:59.306+0000][gc,start    ] GC(416) Pause Young (Mixed) (G1 Evacuation Pause)
[2026-01-16T09:07:59.310+0000][gc,task     ] GC(416) Using 8 workers of 8 for evacuation
[2026-01-16T09:07:59.803+0000][gc,mmu      ] GC(416) MMU target violated: 201.0ms (200.0ms/201.0ms)
[2026-01-16T09:07:59.806+0000][gc,phases   ] GC(416)   Pre Evacuate Collection Set: 12.6ms
[2026-01-16T09:07:59.807+0000][gc,phases   ] GC(416)   Merge Heap Roots: 17.5ms
[2026-01-16T09:07:59.807+0000][gc,phases   ] GC(416)   Evacuate Collection Set: 454.3ms
[2026-01-16T09:07:59.807+0000][gc,phases   ] GC(416)   Post Evacuate Collection Set: 8.2ms
[2026-01-16T09:07:59.808+0000][gc,phases   ] GC(416)   Other: 3.4ms
[2026-01-16T09:07:59.809+0000][gc,heap     ] GC(416) Eden regions: 46->0(45)
[2026-01-16T09:07:59.809+0000][gc,heap     ] GC(416) Survivor regions: 5->6(7)
[2026-01-16T09:07:59.810+0000][gc,heap     ] GC(416) Old regions: 260->233
[2026-01-16T09:07:59.810+0000][gc,heap     ] GC(416) Humongous regions: 149->149
[2026-01-16T09:07:59.810+0000][gc,metaspace] GC(416) Metaspace: 14003K(14528K)->14003K(14528K) NonClass: 12370K(12672K)->12370K(12672K) Class: 1632K(1856K)->1632K(1856K)
[2026-01-16T09:07:59.812+0000][gc          ] GC(416) Pause Young (Mixed) (G1 Evacuation Pause) 458M->386M(1024M) 505.713ms
[2026-01-16T09:07:59.814+0000][gc,cpu      ] GC(416) User=0.31s Sys=0.02s Real=0.51s
[2026-01-16T09:08:01.415+0000][gc,start    ] GC(417) Pause Young (Mixed) (G1 Evacuation Pause)
[2026-01-16T09:08:01.417+0000][gc,task     ] GC(417) Using 8 workers of 8 for evacuation
[2026-01-16T09:08:01.913+0000][gc,mmu      ] GC(417) MMU target violated: 201.0ms (200.0ms/201.0ms)
[2026-01-16T09:08:01.914+0000][gc,phases   ] GC(417)   Pre Evacuate Collection Set: 19.2ms
[2026-01-16T09:08:01.914+0000][gc,phases   ] GC(417)   Merge Heap Roots: 22.0ms
[2026-01-16T09:08:01.914+0000][gc,phases   ] GC(417)   Evacuate Collection Set: 435.9ms
[2026-01-16T09:08:01.914+0000][gc,phases   ] GC(417)   Post Evacuate Collection Set: 19.0ms
[2026-01-16T09:08:01.916+0000][gc,phases   ] GC(417)   Other: 1.2ms
[2026-01-16T09:08:01.917+0000][gc,heap     ] GC(417) Eden regions: 45->0(47)
[2026-01-16T09:08:01.917+0000][gc,heap     ] GC(417) Survivor regions: 6->4(7)
[2026-01-16T09:08:01.917+0000][gc,heap     ] GC(417) Old regions: 233->206
[2026-01-16T09:08:01.917+0000][gc,heap     ] GC(417) Humongous regions: 149->149
[2026-01-16T09:08:01.917+0000][gc,metaspace] GC(417) Metaspace: 14005K(14528K)->14005K(14528K) NonClass: 12372K(12672K)->12372K(12672K) Class: 1632K(1856K)->1632K(1856K)
[2026-01-16T09:08:01.918+0000][gc          ] GC(417) Pause Young (Mixed) (G1 Evacuation Pause) 431M->358M(1024M) 502.786ms
[2026-01-16T09:08:01.919+0000][gc,cpu      ] GC(417) User=0.35s Sys=0.03s Real=0.50s
[2026-01-16T09:08:03.429+0000][gc,start    ] GC(418) Pause Young (Mixed) (G1 Evacuation Pause)
[2026-01-16T09:08:03.470+0000][gc,task     ] GC(418) Using 8 workers of 8 for evacuation
[2026-01-16T09:08:04.011+0000][gc,mmu      ] GC(418) MMU target violated: 201.0ms (200.0ms/201.0ms)
[2026-01-16T09:08:04.018+0000][gc,phases   ] GC(418)   Pre Evacuate Collection Set: 21.1ms
[2026-01-16T09:08:04.019+0000][gc,phases   ] GC(418)   Merge Heap Roots: 4.6ms
[2026-01-16T09:08:04.021+0000][gc,phases   ] GC(418)   Evacuate Collection Set: 485.1ms
[2026-01-16T09:08:04.021+0000][gc,phases   ] GC(418)   Post Evacuate Collection Set: 25.2ms
[2026-01-16T09:08:04.026+0000][gc,phases   ] GC(418)   Other: 12.6ms
[2026-01-16T09:08:04.026+0000][gc,heap     ] GC(418) Eden regions: 47->0(46)
[2026-01-16T09:08:04.026+0000][gc,heap     ] GC(418) Survivor regions: 4->5(7)
[2026-01-16T09:08:04.027+0000][gc,heap     ] GC(418) Old regions: 206->179
[2026-01-16T09:08:04.027+0000][gc,heap     ] GC(418) Humongous regions: 149->149
[2026-01-16T09:08:04.027+0000][gc,metaspace] GC(418) Metaspace: 14005K(14528K)->14005K(14528K) NonClass: 12372K(12672K)->12372K(12672K) Class: 1632K(1856K)->1632K(1856K)
[2026-01-16T09:08:04.037+0000][gc          ] GC(418) Pause Young (Mixed) (G1 Evacuation Pause) 405M->332M(1024M) 608.458ms
[2026-01-16T09:08:04.038+0000][gc,cpu      ] GC(418) User=0.40s Sys=0.02s Real=0.61s
[2026-01-16T09:08:05.640+0000][gc,start    ] GC(419) Pause Young (Mixed) (G1 Evacuation Pause)
[2026-01-16T09:08:05.641+0000][gc,task     ] GC(419) Using 8 workers of 8 for evacuation
[2026-01-16T09:08:06.433+0000][gc,mmu      ] GC(419) MMU target violated: 201.0ms (200.0ms/201.0ms)
[2026-01-16T09:08:06.438+0000][gc,phases   ] GC(419)   Pre Evacuate Collection Set: 21.2ms
[2026-01-16T09:08:06.440+0000][gc,phases   ] GC(419)   Merge Heap Roots: 1.1ms
[2026-01-16T09:08:06.441+0000][gc,phases   ] GC(419)   Evacuate Collection Set: 730.0ms
[2026-01-16T09:08:06.442+0000][gc,phases   ] GC(419)   Post Evacuate Collection Set: 37.3ms
[2026-01-16T09:08:06.444+0000][gc,phases   ] GC(419)   Other: 7.5ms
[2026-01-16T09:08:06.447+0000][gc,heap     ] GC(419) Eden regions: 46->0(47)
[2026-01-16T09:08:06.448+0000][gc,heap     ] GC(419) Survivor regions: 5->4(7)
[2026-01-16T09:08:06.450+0000][gc,heap     ] GC(419) Old regions: 179->153
[2026-01-16T09:08:06.451+0000][gc,heap     ] GC(419) Humongous regions: 149->149
[2026-01-16T09:08:06.452+0000][gc,metaspace] GC(419) Metaspace: 14005K(14528K)->14005K(14528K) NonClass: 12372K(12672K)->12372K(12672K) Class: 1632K(1856K)->1632K(1856K)
[2026-01-16T09:08:06.453+0000][gc          ] GC(419) Pause Young (Mixed) (G1 Evacuation Pause) 378M->304M(1024M) 812.647ms
[2026-01-16T09:08:06.454+0000][gc,cpu      ] GC(419) User=0.49s Sys=0.02s Real=0.82s
[2026-01-16T09:08:08.489+0000][gc,start    ] GC(420) Pause Young (Mixed) (G1 Evacuation Pause)
[2026-01-16T09:08:08.507+0000][gc,task     ] GC(420) Using 8 workers of 8 for evacuation
[2026-01-16T09:08:09.111+0000][gc,mmu      ] GC(420) MMU target violated: 201.0ms (200.0ms/201.0ms)
[2026-01-16T09:08:09.112+0000][gc,phases   ] GC(420)   Pre Evacuate Collection Set: 29.5ms
[2026-01-16T09:08:09.113+0000][gc,phases   ] GC(420)   Merge Heap Roots: 3.6ms
[2026-01-16T09:08:09.114+0000][gc,phases   ] GC(420)   Evacuate Collection Set: 523.3ms
[2026-01-16T09:08:09.114+0000][gc,phases   ] GC(420)   Post Evacuate Collection Set: 37.5ms
[2026-01-16T09:08:09.117+0000][gc,phases   ] GC(420)   Other: 10.9ms
[2026-01-16T09:08:09.117+0000][gc,heap     ] GC(420) Eden regions: 47->0(46)
[2026-01-16T09:08:09.118+0000][gc,heap     ] GC(420) Survivor regions: 4->5(7)
[2026-01-16T09:08:09.118+0000][gc,heap     ] GC(420) Old regions: 153->125
[2026-01-16T09:08:09.118+0000][gc,heap     ] GC(420) Humongous regions: 149->149
[2026-01-16T09:08:09.118+0000][gc,metaspace] GC(420) Metaspace: 14005K(14528K)->14005K(14528K) NonClass: 12372K(12672K)->12372K(12672K) Class: 1632K(1856K)->1632K(1856K)
[2026-01-16T09:08:09.119+0000][gc          ] GC(420) Pause Young (Mixed) (G1 Evacuation Pause) 351M->278M(1024M) 630.320ms
[2026-01-16T09:08:09.121+0000][gc,cpu      ] GC(420) User=0.39s Sys=0.03s Real=0.63s
[2026-01-16T09:08:10.774+0000][gc,start    ] GC(421) Pause Young (Mixed) (G1 Evacuation Pause)
[2026-01-16T09:08:10.785+0000][gc,task     ] GC(421) Using 8 workers of 8 for evacuation
[2026-01-16T09:08:11.393+0000][gc,mmu      ] GC(421) MMU target violated: 201.0ms (200.0ms/201.0ms)
[2026-01-16T09:08:11.423+0000][gc,phases   ] GC(421)   Pre Evacuate Collection Set: 59.8ms
[2026-01-16T09:08:11.436+0000][gc,phases   ] GC(421)   Merge Heap Roots: 4.6ms
[2026-01-16T09:08:11.437+0000][gc,phases   ] GC(421)   Evacuate Collection Set: 501.9ms
[2026-01-16T09:08:11.439+0000][gc,phases   ] GC(421)   Post Evacuate Collection Set: 35.1ms
[2026-01-16T09:08:11.439+0000][gc,phases   ] GC(421)   Other: 36.6ms
[2026-01-16T09:08:11.440+0000][gc,heap     ] GC(421) Eden regions: 46->0(46)
[2026-01-16T09:08:11.441+0000][gc,heap     ] GC(421) Survivor regions: 5->5(7)
[2026-01-16T09:08:11.441+0000][gc,heap     ] GC(421) Old regions: 125->101
[2026-01-16T09:08:11.442+0000][gc,heap     ] GC(421) Humongous regions: 149->149
[2026-01-16T09:08:11.446+0000][gc,metaspace] GC(421) Metaspace: 14006K(14528K)->14006K(14528K) NonClass: 12373K(12672K)->12373K(12672K) Class: 1632K(1856K)->1632K(1856K)
[2026-01-16T09:08:11.447+0000][gc          ] GC(421) Pause Young (Mixed) (G1 Evacuation Pause) 324M->254M(1024M) 676.646ms
[2026-01-16T09:08:11.447+0000][gc,cpu      ] GC(421) User=0.38s Sys=0.01s Real=0.68s
[2026-01-16T09:08:12.218+0000][gc,start    ] GC(422) Pause Young (Normal) (G1 Evacuation Pause)
[2026-01-16T09:08:12.219+0000][gc,task     ] GC(422) Using 8 workers of 8 for evacuation
[2026-01-16T09:08:12.444+0000][gc,mmu      ] GC(422) MMU target violated: 201.0ms (200.0ms/201.0ms)
[2026-01-16T09:08:12.445+0000][gc,phases   ] GC(422)   Pre Evacuate Collection Set: 16.0ms
[2026-01-16T09:08:12.447+0000][gc,phases   ] GC(422)   Merge Heap Roots: 0.4ms
[2026-01-16T09:08:12.447+0000][gc,phases   ] GC(422)   Evacuate Collection Set: 201.2ms
[2026-01-16T09:08:12.447+0000][gc,phases   ] GC(422)   Post Evacuate Collection Set: 4.6ms
[2026-01-16T09:08:12.448+0000][gc,phases   ] GC(422)   Other: 4.1ms
[2026-01-16T09:08:12.449+0000][gc,heap     ] GC(422) Eden regions: 46->0(46)
[2026-01-16T09:08:12.449+0000][gc,heap     ] GC(422) Survivor regions: 5->5(7)
[2026-01-16T09:08:12.449+0000][gc,heap     ] GC(422) Old regions: 101->102
[2026-01-16T09:08:12.450+0000][gc,heap     ] GC(422) Humongous regions: 149->149
[2026-01-16T09:08:12.450+0000][gc,metaspace] GC(422) Metaspace: 14006K(14528K)->14006K(14528K) NonClass: 12373K(12672K)->12373K(12672K) Class: 1632K(1856K)->1632K(1856K)
[2026-01-16T09:08:12.451+0000][gc          ] GC(422) Pause Young (Normal) (G1 Evacuation Pause) 300M->255M(1024M) 232.315ms
[2026-01-16T09:08:12.451+0000][gc,cpu      ] GC(422) User=0.17s Sys=0.05s Real=0.23s
[2026-01-16T09:08:12.853+0000][gc,start    ] GC(423) Pause Young (Normal) (G1 Evacuation Pause)
[2026-01-16T09:08:12.854+0000][gc,task     ] GC(423) Using 8 workers of 8 for evacuation
[2026-01-16T09:08:13.035+0000][gc,phases   ] GC(423)   Pre Evacuate Collection Set: 5.7ms
[2026-01-16T09:08:13.052+0000][gc,phases   ] GC(423)   Merge Heap Roots: 0.8ms
[2026-01-16T09:08:13.054+0000][gc,phases   ] GC(423)   Evacuate Collection Set: 159.4ms
[2026-01-16T09:08:13.055+0000][gc,phases   ] GC(423)   Post Evacuate Collection Set: 12.5ms
[2026-01-16T09:08:13.055+0000][gc,phases   ] GC(423)   Other: 2.4ms
[2026-01-16T09:08:13.056+0000][gc,heap     ] GC(423) Eden regions: 46->0(46)
[2026-01-16T09:08:13.058+0000][gc,heap     ] GC(423) Survivor regions: 5->5(7)
[2026-01-16T09:08:13.059+0000][gc,heap     ] GC(423) Old regions: 102->103
[2026-01-16T09:08:13.060+0000][gc,heap     ] GC(423) Humongous regions: 149->149
[2026-01-16T09:08:13.064+0000][gc,metaspace] GC(423) Metaspace: 14006K(14528K)->14006K(14528K) NonClass: 12373K(12672K)->12373K(12672K) Class: 1632K(1856K)->1632K(1856K)
[2026-01-16T09:08:13.066+0000][gc          ] GC(423) Pause Young (Normal) (G1 Evacuation Pause) 301M->256M(1024M) 213.716ms
[2026-01-16T09:08:13.067+0000][gc,cpu      ] GC(423) User=0.09s Sys=0.01s Real=0.22s
[2026-01-16T09:08:14.111+0000][gc,start    ] GC(424) Pause Young (Normal) (G1 Evacuation Pause)
[2026-01-16T09:08:14.116+0000][gc,task     ] GC(424) Using 8 workers of 8 for evacuation
[2026-01-16T09:08:14.498+0000][gc,mmu      ] GC(424) MMU target violated: 201.0ms (200.0ms/201.0ms)
[2026-01-16T09:08:14.498+0000][gc,phases   ] GC(424)   Pre Evacuate Collection Set: 5.7ms
[2026-01-16T09:08:14.500+0000][gc,phases   ] GC(424)   Merge Heap Roots: 1.3ms
[2026-01-16T09:08:14.500+0000][gc,phases   ] GC(424)   Evacuate Collection Set: 353.7ms
[2026-01-16T09:08:14.500+0000][gc,phases   ] GC(424)   Post Evacuate Collection Set: 9.0ms
[2026-01-16T09:08:14.500+0000][gc,phases   ] GC(424)   Other: 15.9ms
[2026-01-16T09:08:14.501+0000][gc,heap     ] GC(424) Eden regions: 46->0(46)
[2026-01-16T09:08:14.502+0000][gc,heap     ] GC(424) Survivor regions: 5->5(7)
[2026-01-16T09:08:14.502+0000][gc,heap     ] GC(424) Old regions: 103->104
[2026-01-16T09:08:14.502+0000][gc,heap     ] GC(424) Humongous regions: 149->149
[2026-01-16T09:08:14.502+0000][gc,metaspace] GC(424) Metaspace: 14006K(14528K)->14006K(14528K) NonClass: 12373K(12672K)->12373K(12672K) Class: 1632K(1856K)->1632K(1856K)
[2026-01-16T09:08:14.502+0000][gc          ] GC(424) Pause Young (Normal) (G1 Evacuation Pause) 302M->257M(1024M) 391.421ms
[2026-01-16T09:08:14.502+0000][gc,cpu      ] GC(424) User=0.24s Sys=0.01s Real=0.39s
[2026-01-16T09:08:15.938+0000][gc,start    ] GC(425) Pause Young (Normal) (GCLocker Initiated GC)
[2026-01-16T09:08:15.942+0000][gc,task     ] GC(425) Using 8 workers of 8 for evacuation
[2026-01-16T09:08:16.628+0000][gc,mmu      ] GC(425) MMU target violated: 201.0ms (200.0ms/201.0ms)
[2026-01-16T09:08:16.629+0000][gc,phases   ] GC(425)   Pre Evacuate Collection Set: 15.1ms
[2026-01-16T09:08:16.629+0000][gc,phases   ] GC(425)   Merge Heap Roots: 0.4ms
[2026-01-16T09:08:16.629+0000][gc,phases   ] GC(425)   Evacuate Collection Set: 666.3ms
[2026-01-16T09:08:16.630+0000][gc,phases   ] GC(425)   Post Evacuate Collection Set: 3.9ms
[2026-01-16T09:08:16.630+0000][gc,phases   ] GC(425)   Other: 1.5ms
[2026-01-16T09:08:16.632+0000][gc,heap     ] GC(425) Eden regions: 54->0(46)
[2026-01-16T09:08:16.633+0000][gc,heap     ] GC(425) Survivor regions: 5->5(8)
[2026-01-16T09:08:16.634+0000][gc,heap     ] GC(425) Old regions: 104->104
[2026-01-16T09:08:16.635+0000][gc,heap     ] GC(425) Humongous regions: 149->149
[2026-01-16T09:08:16.636+0000][gc,metaspace] GC(425) Metaspace: 14006K(14528K)->14006K(14528K) NonClass: 12373K(12672K)->12373K(12672K) Class: 1632K(1856K)->1632K(1856K)
[2026-01-16T09:08:16.638+0000][gc          ] GC(425) Pause Young (Normal) (GCLocker Initiated GC) 310M->257M(1024M) 699.772ms
[2026-01-16T09:08:16.640+0000][gc,cpu      ] GC(425) User=0.41s Sys=0.03s Real=0.70s
[2026-01-16T09:08:18.215+0000][gc,start    ] GC(426) Pause Young (Normal) (G1 Evacuation Pause)
[2026-01-16T09:08:18.223+0000][gc,task     ] GC(426) Using 8 workers of 8 for evacuation
[2026-01-16T09:08:18.946+0000][gc,mmu      ] GC(426) MMU target violated: 201.0ms (200.0ms/201.0ms)
[2026-01-16T09:08:18.949+0000][gc,phases   ] GC(426)   Pre Evacuate Collection Set: 66.3ms
[2026-01-16T09:08:18.956+0000][gc,phases   ] GC(426)   Merge Heap Roots: 16.5ms
[2026-01-16T09:08:18.956+0000][gc,phases   ] GC(426)   Evacuate Collection Set: 571.5ms
[2026-01-16T09:08:18.957+0000][gc,phases   ] GC(426)   Post Evacuate Collection Set: 55.9ms
[2026-01-16T09:08:18.959+0000][gc,phases   ] GC(426)   Other: 15.9ms
[2026-01-16T09:08:18.961+0000][gc,heap     ] GC(426) Eden regions: 46->0(47)
[2026-01-16T09:08:18.963+0000][gc,heap     ] GC(426) Survivor regions: 5->4(7)
[2026-01-16T09:08:18.963+0000][gc,heap     ] GC(426) Old regions: 104->106
[2026-01-16T09:08:18.964+0000][gc,heap     ] GC(426) Humongous regions: 149->149
[2026-01-16T09:08:18.964+0000][gc,metaspace] GC(426) Metaspace: 14006K(14528K)->14006K(14528K) NonClass: 12373K(12672K)->12373K(12672K) Class: 1632K(1856K)->1632K(1856K)
[2026-01-16T09:08:18.966+0000][gc          ] GC(426) Pause Young (Normal) (G1 Evacuation Pause) 303M->258M(1024M) 751.785ms
[2026-01-16T09:08:18.998+0000][gc,cpu      ] GC(426) User=0.30s Sys=0.03s Real=0.75s
[2026-01-16T09:08:20.705+0000][gc,start    ] GC(427) Pause Young (Normal) (G1 Evacuation Pause)
[2026-01-16T09:08:20.736+0000][gc,task     ] GC(427) Using 8 workers of 8 for evacuation
[2026-01-16T09:08:21.511+0000][gc,mmu      ] GC(427) MMU target violated: 201.0ms (200.0ms/201.0ms)
[2026-01-16T09:08:21.512+0000][gc,phases   ] GC(427)   Pre Evacuate Collection Set: 92.2ms
[2026-01-16T09:08:21.514+0000][gc,phases   ] GC(427)   Merge Heap Roots: 39.2ms
[2026-01-16T09:08:21.514+0000][gc,phases   ] GC(427)   Evacuate Collection Set: 605.1ms
[2026-01-16T09:08:21.515+0000][gc,phases   ] GC(427)   Post Evacuate Collection Set: 25.3ms
[2026-01-16T09:08:21.515+0000][gc,phases   ] GC(427)   Other: 34.1ms
[2026-01-16T09:08:21.516+0000][gc,heap     ] GC(427) Eden regions: 47->0(47)
[2026-01-16T09:08:21.516+0000][gc,heap     ] GC(427) Survivor regions: 4->4(7)
[2026-01-16T09:08:21.517+0000][gc,heap     ] GC(427) Old regions: 106->107
[2026-01-16T09:08:21.517+0000][gc,heap     ] GC(427) Humongous regions: 149->149
[2026-01-16T09:08:21.518+0000][gc,metaspace] GC(427) Metaspace: 14006K(14528K)->14006K(14528K) NonClass: 12373K(12672K)->12373K(12672K) Class: 1632K(1856K)->1632K(1856K)
[2026-01-16T09:08:21.521+0000][gc          ] GC(427) Pause Young (Normal) (G1 Evacuation Pause) 305M->258M(1024M) 816.643ms
[2026-01-16T09:08:21.523+0000][gc,cpu      ] GC(427) User=0.29s Sys=0.04s Real=0.81s
[2026-01-16T09:08:24.281+0000][gc,start    ] GC(428) Pause Young (Normal) (G1 Evacuation Pause)
[2026-01-16T09:08:24.292+0000][gc,task     ] GC(428) Using 8 workers of 8 for evacuation
[2026-01-16T09:08:24.744+0000][gc,mmu      ] GC(428) MMU target violated: 201.0ms (200.0ms/201.0ms)
[2026-01-16T09:08:24.744+0000][gc,phases   ] GC(428)   Pre Evacuate Collection Set: 38.2ms
[2026-01-16T09:08:24.745+0000][gc,phases   ] GC(428)   Merge Heap Roots: 10.1ms
[2026-01-16T09:08:24.745+0000][gc,phases   ] GC(428)   Evacuate Collection Set: 388.1ms
[2026-01-16T09:08:24.746+0000][gc,phases   ] GC(428)   Post Evacuate Collection Set: 12.7ms
[2026-01-16T09:08:24.747+0000][gc,phases   ] GC(428)   Other: 4.2ms
[2026-01-16T09:08:24.747+0000][gc,heap     ] GC(428) Eden regions: 47->0(45)
[2026-01-16T09:08:24.748+0000][gc,heap     ] GC(428) Survivor regions: 4->6(7)
[2026-01-16T09:08:24.748+0000][gc,heap     ] GC(428) Old regions: 107->107
[2026-01-16T09:08:24.748+0000][gc,heap     ] GC(428) Humongous regions: 149->149
[2026-01-16T09:08:24.748+0000][gc,metaspace] GC(428) Metaspace: 14006K(14528K)->14006K(14528K) NonClass: 12374K(12672K)->12374K(12672K) Class: 1632K(1856K)->1632K(1856K)
[2026-01-16T09:08:24.748+0000][gc          ] GC(428) Pause Young (Normal) (G1 Evacuation Pause) 305M->260M(1024M) 467.527ms
[2026-01-16T09:08:24.748+0000][gc,cpu      ] GC(428) User=0.25s Sys=0.01s Real=0.47s
[2026-01-16T09:08:26.021+0000][gc,start    ] GC(429) Pause Young (Normal) (G1 Evacuation Pause)
[2026-01-16T09:08:26.023+0000][gc,task     ] GC(429) Using 8 workers of 8 for evacuation
[2026-01-16T09:08:26.687+0000][gc,mmu      ] GC(429) MMU target violated: 201.0ms (200.0ms/201.0ms)
[2026-01-16T09:08:26.688+0000][gc,phases   ] GC(429)   Pre Evacuate Collection Set: 20.5ms
[2026-01-16T09:08:26.689+0000][gc,phases   ] GC(429)   Merge Heap Roots: 0.6ms
[2026-01-16T09:08:26.691+0000][gc,phases   ] GC(429)   Evacuate Collection Set: 611.0ms
[2026-01-16T09:08:26.695+0000][gc,phases   ] GC(429)   Post Evacuate Collection Set: 27.2ms
[2026-01-16T09:08:26.696+0000][gc,phases   ] GC(429)   Other: 5.4ms
[2026-01-16T09:08:26.696+0000][gc,heap     ] GC(429) Eden regions: 45->0(47)
[2026-01-16T09:08:26.698+0000][gc,heap     ] GC(429) Survivor regions: 6->4(7)
[2026-01-16T09:08:26.710+0000][gc,heap     ] GC(429) Old regions: 107->109
[2026-01-16T09:08:26.711+0000][gc,heap     ] GC(429) Humongous regions: 149->149
[2026-01-16T09:08:26.713+0000][gc,metaspace] GC(429) Metaspace: 14008K(14528K)->14008K(14528K) NonClass: 12375K(12672K)->12375K(12672K) Class: 1632K(1856K)->1632K(1856K)
[2026-01-16T09:08:26.715+0000][gc          ] GC(429) Pause Young (Normal) (G1 Evacuation Pause) 305M->260M(1024M) 693.766ms
[2026-01-16T09:08:26.731+0000][gc,cpu      ] GC(429) User=0.37s Sys=0.05s Real=0.71s
[2026-01-16T09:08:27.716+0000][gc,start    ] GC(430) Pause Young (Normal) (G1 Evacuation Pause)
[2026-01-16T09:08:27.717+0000][gc,task     ] GC(430) Using 8 workers of 8 for evacuation
[2026-01-16T09:08:27.951+0000][gc,mmu      ] GC(430) MMU target violated: 201.0ms (200.0ms/201.0ms)
[2026-01-16T09:08:27.954+0000][gc,phases   ] GC(430)   Pre Evacuate Collection Set: 22.6ms
[2026-01-16T09:08:27.955+0000][gc,phases   ] GC(430)   Merge Heap Roots: 6.1ms
[2026-01-16T09:08:27.955+0000][gc,phases   ] GC(430)   Evacuate Collection Set: 190.3ms
[2026-01-16T09:08:27.957+0000][gc,phases   ] GC(430)   Post Evacuate Collection Set: 8.8ms
[2026-01-16T09:08:27.957+0000][gc,phases   ] GC(430)   Other: 9.6ms
[2026-01-16T09:08:27.959+0000][gc,heap     ] GC(430) Eden regions: 47->0(47)
[2026-01-16T09:08:27.959+0000][gc,heap     ] GC(430) Survivor regions: 4->4(7)
[2026-01-16T09:08:27.959+0000][gc,heap     ] GC(430) Old regions: 109->109
[2026-01-16T09:08:27.960+0000][gc,heap     ] GC(430) Humongous regions: 149->149
[2026-01-16T09:08:27.962+0000][gc,metaspace] GC(430) Metaspace: 14008K(14528K)->14008K(14528K) NonClass: 12376K(12672K)->12376K(12672K) Class: 1632K(1856K)->1632K(1856K)
[2026-01-16T09:08:27.962+0000][gc          ] GC(430) Pause Young (Normal) (G1 Evacuation Pause) 307M->261M(1024M) 246.300ms
[2026-01-16T09:08:27.963+0000][gc,cpu      ] GC(430) User=0.09s Sys=0.00s Real=0.24s
[2026-01-16T09:08:28.768+0000][gc,start    ] GC(431) Pause Young (Normal) (G1 Evacuation Pause)
[2026-01-16T09:08:28.780+0000][gc,task     ] GC(431) Using 8 workers of 8 for evacuation
[2026-01-16T09:08:29.188+0000][gc,mmu      ] GC(431) MMU target violated: 201.0ms (200.0ms/201.0ms)
[2026-01-16T09:08:29.191+0000][gc,phases   ] GC(431)   Pre Evacuate Collection Set: 13.0ms
[2026-01-16T09:08:29.192+0000][gc,phases   ] GC(431)   Merge Heap Roots: 26.9ms
[2026-01-16T09:08:29.192+0000][gc,phases   ] GC(431)   Evacuate Collection Set: 354.1ms
[2026-01-16T09:08:29.193+0000][gc,phases   ] GC(431)   Post Evacuate Collection Set: 10.6ms
[2026-01-16T09:08:29.194+0000][gc,phases   ] GC(431)   Other: 6.7ms
[2026-01-16T09:08:29.195+0000][gc,heap     ] GC(431) Eden regions: 47->0(46)
[2026-01-16T09:08:29.199+0000][gc,heap     ] GC(431) Survivor regions: 4->5(7)
[2026-01-16T09:08:29.199+0000][gc,heap     ] GC(431) Old regions: 109->109
[2026-01-16T09:08:29.200+0000][gc,heap     ] GC(431) Humongous regions: 149->149
[2026-01-16T09:08:29.200+0000][gc,metaspace] GC(431) Metaspace: 14008K(14528K)->14008K(14528K) NonClass: 12376K(12672K)->12376K(12672K) Class: 1632K(1856K)->1632K(1856K)
[2026-01-16T09:08:29.201+0000][gc          ] GC(431) Pause Young (Normal) (G1 Evacuation Pause) 308M->261M(1024M) 432.630ms
[2026-01-16T09:08:29.202+0000][gc,cpu      ] GC(431) User=0.17s Sys=0.00s Real=0.43s
[2026-01-16T09:08:32.291+0000][gc,start    ] GC(432) Pause Young (Normal) (G1 Evacuation Pause)
[2026-01-16T09:08:32.309+0000][gc,task     ] GC(432) Using 8 workers of 8 for evacuation
[2026-01-16T09:08:32.841+0000][gc,mmu      ] GC(432) MMU target violated: 201.0ms (200.0ms/201.0ms)
[2026-01-16T09:08:32.842+0000][gc,phases   ] GC(432)   Pre Evacuate Collection Set: 56.0ms
[2026-01-16T09:08:32.843+0000][gc,phases   ] GC(432)   Merge Heap Roots: 12.1ms
[2026-01-16T09:08:32.844+0000][gc,phases   ] GC(432)   Evacuate Collection Set: 439.8ms
[2026-01-16T09:08:32.845+0000][gc,phases   ] GC(432)   Post Evacuate Collection Set: 20.1ms
[2026-01-16T09:08:32.850+0000][gc,phases   ] GC(432)   Other: 4.4ms
[2026-01-16T09:08:32.852+0000][gc,heap     ] GC(432) Eden regions: 46->0(46)
[2026-01-16T09:08:32.852+0000][gc,heap     ] GC(432) Survivor regions: 5->5(7)
[2026-01-16T09:08:32.853+0000][gc,heap     ] GC(432) Old regions: 109->110
[2026-01-16T09:08:32.854+0000][gc,heap     ] GC(432) Humongous regions: 149->149
[2026-01-16T09:08:32.857+0000][gc,metaspace] GC(432) Metaspace: 14008K(14528K)->14008K(14528K) NonClass: 12376K(12672K)->12376K(12672K) Class: 1632K(1856K)->1632K(1856K)
[2026-01-16T09:08:32.861+0000][gc          ] GC(432) Pause Young (Normal) (G1 Evacuation Pause) 307M->262M(1024M) 570.569ms
[2026-01-16T09:08:32.864+0000][gc,cpu      ] GC(432) User=0.54s Sys=0.06s Real=0.58s
[2026-01-16T09:08:36.060+0000][gc,start    ] GC(433) Pause Young (Normal) (G1 Evacuation Pause)
[2026-01-16T09:08:36.066+0000][gc,task     ] GC(433) Using 8 workers of 8 for evacuation
[2026-01-16T09:08:36.784+0000][gc,mmu      ] GC(433) MMU target violated: 201.0ms (200.0ms/201.0ms)
[2026-01-16T09:08:36.789+0000][gc,phases   ] GC(433)   Pre Evacuate Collection Set: 64.3ms
[2026-01-16T09:08:36.790+0000][gc,phases   ] GC(433)   Merge Heap Roots: 6.0ms
[2026-01-16T09:08:36.791+0000][gc,phases   ] GC(433)   Evacuate Collection Set: 627.8ms
[2026-01-16T09:08:36.791+0000][gc,phases   ] GC(433)   Post Evacuate Collection Set: 10.2ms
[2026-01-16T09:08:36.792+0000][gc,phases   ] GC(433)   Other: 15.2ms
[2026-01-16T09:08:36.792+0000][gc,heap     ] GC(433) Eden regions: 46->0(47)
[2026-01-16T09:08:36.792+0000][gc,heap     ] GC(433) Survivor regions: 5->4(7)
[2026-01-16T09:08:36.794+0000][gc,heap     ] GC(433) Old regions: 110->111
[2026-01-16T09:08:36.801+0000][gc,heap     ] GC(433) Humongous regions: 149->149
[2026-01-16T09:08:36.801+0000][gc,metaspace] GC(433) Metaspace: 14010K(14528K)->14010K(14528K) NonClass: 12377K(12672K)->12377K(12672K) Class: 1632K(1856K)->1632K(1856K)
[2026-01-16T09:08:36.801+0000][gc          ] GC(433) Pause Young (Normal) (G1 Evacuation Pause) 308M->263M(1024M) 740.862ms
[2026-01-16T09:08:36.802+0000][gc,cpu      ] GC(433) User=0.44s Sys=0.03s Real=0.74s
[2026-01-16T09:08:38.583+0000][gc,start    ] GC(434) Pause Young (Normal) (G1 Evacuation Pause)
[2026-01-16T09:08:38.584+0000][gc,task     ] GC(434) Using 8 workers of 8 for evacuation
[2026-01-16T09:08:39.008+0000][gc,mmu      ] GC(434) MMU target violated: 201.0ms (200.0ms/201.0ms)
[2026-01-16T09:08:39.013+0000][gc,phases   ] GC(434)   Pre Evacuate Collection Set: 35.9ms
[2026-01-16T09:08:39.016+0000][gc,phases   ] GC(434)   Merge Heap Roots: 12.7ms
[2026-01-16T09:08:39.016+0000][gc,phases   ] GC(434)   Evacuate Collection Set: 355.7ms
[2026-01-16T09:08:39.018+0000][gc,phases   ] GC(434)   Post Evacuate Collection Set: 18.2ms
[2026-01-16T09:08:39.022+0000][gc,phases   ] GC(434)   Other: 6.5ms
[2026-01-16T09:08:39.022+0000][gc,heap     ] GC(434) Eden regions: 47->0(47)
[2026-01-16T09:08:39.026+0000][gc,heap     ] GC(434) Survivor regions: 4->4(7)
[2026-01-16T09:08:39.026+0000][gc,heap     ] GC(434) Old regions: 111->112
[2026-01-16T09:08:39.027+0000][gc,heap     ] GC(434) Humongous regions: 149->149
[2026-01-16T09:08:39.027+0000][gc,metaspace] GC(434) Metaspace: 14016K(14528K)->14016K(14528K) NonClass: 12383K(12672K)->12383K(12672K) Class: 1632K(1856K)->1632K(1856K)
[2026-01-16T09:08:39.029+0000][gc          ] GC(434) Pause Young (Normal) (G1 Evacuation Pause) 310M->264M(1024M) 446.069ms
[2026-01-16T09:08:39.030+0000][gc,cpu      ] GC(434) User=0.20s Sys=0.01s Real=0.45s
[2026-01-16T09:08:41.196+0000][gc,start    ] GC(435) Pause Young (Normal) (G1 Evacuation Pause)
[2026-01-16T09:08:41.205+0000][gc,task     ] GC(435) Using 8 workers of 8 for evacuation
[2026-01-16T09:08:42.436+0000][gc,mmu      ] GC(435) MMU target violated: 201.0ms (200.0ms/201.0ms)
[2026-01-16T09:08:42.437+0000][gc,phases   ] GC(435)   Pre Evacuate Collection Set: 44.1ms
[2026-01-16T09:08:42.438+0000][gc,phases   ] GC(435)   Merge Heap Roots: 9.4ms
[2026-01-16T09:08:42.439+0000][gc,phases   ] GC(435)   Evacuate Collection Set: 1098.2ms
[2026-01-16T09:08:42.440+0000][gc,phases   ] GC(435)   Post Evacuate Collection Set: 76.0ms
[2026-01-16T09:08:42.440+0000][gc,phases   ] GC(435)   Other: 4.2ms
[2026-01-16T09:08:42.442+0000][gc,heap     ] GC(435) Eden regions: 47->0(47)
[2026-01-16T09:08:42.442+0000][gc,heap     ] GC(435) Survivor regions: 4->4(7)
[2026-01-16T09:08:42.443+0000][gc,heap     ] GC(435) Old regions: 112->112
[2026-01-16T09:08:42.443+0000][gc,heap     ] GC(435) Humongous regions: 149->149
[2026-01-16T09:08:42.445+0000][gc,metaspace] GC(435) Metaspace: 14016K(14528K)->14016K(14528K) NonClass: 12383K(12672K)->12383K(12672K) Class: 1632K(1856K)->1632K(1856K)
[2026-01-16T09:08:42.451+0000][gc          ] GC(435) Pause Young (Normal) (G1 Evacuation Pause) 311M->264M(1024M) 1255.199ms
[2026-01-16T09:08:42.451+0000][gc,cpu      ] GC(435) User=0.36s Sys=0.02s Real=1.26s
[2026-01-16T09:08:46.260+0000][gc,start    ] GC(436) Pause Young (Normal) (G1 Evacuation Pause)
[2026-01-16T09:08:46.262+0000][gc,task     ] GC(436) Using 8 workers of 8 for evacuation
[2026-01-16T09:08:47.088+0000][gc,mmu      ] GC(436) MMU target violated: 201.0ms (200.0ms/201.0ms)
[2026-01-16T09:08:47.091+0000][gc,phases   ] GC(436)   Pre Evacuate Collection Set: 129.7ms
[2026-01-16T09:08:47.093+0000][gc,phases   ] GC(436)   Merge Heap Roots: 31.8ms
[2026-01-16T09:08:47.093+0000][gc,phases   ] GC(436)   Evacuate Collection Set: 568.7ms
[2026-01-16T09:08:47.099+0000][gc,phases   ] GC(436)   Post Evacuate Collection Set: 75.7ms
[2026-01-16T09:08:47.101+0000][gc,phases   ] GC(436)   Other: 22.8ms
[2026-01-16T09:08:47.103+0000][gc,heap     ] GC(436) Eden regions: 47->0(46)
[2026-01-16T09:08:47.104+0000][gc,heap     ] GC(436) Survivor regions: 4->5(7)
[2026-01-16T09:08:47.104+0000][gc,heap     ] GC(436) Old regions: 112->112
[2026-01-16T09:08:47.105+0000][gc,heap     ] GC(436) Humongous regions: 149->149
[2026-01-16T09:08:47.105+0000][gc,metaspace] GC(436) Metaspace: 14017K(14528K)->14017K(14528K) NonClass: 12384K(12672K)->12384K(12672K) Class: 1632K(1856K)->1632K(1856K)
[2026-01-16T09:08:47.106+0000][gc          ] GC(436) Pause Young (Normal) (G1 Evacuation Pause) 311M->265M(1024M) 846.246ms
[2026-01-16T09:08:47.108+0000][gc,cpu      ] GC(436) User=0.45s Sys=0.02s Real=0.85s
[2026-01-16T09:08:48.817+0000][gc,start    ] GC(437) Pause Young (Normal) (G1 Evacuation Pause)
[2026-01-16T09:08:48.822+0000][gc,task     ] GC(437) Using 8 workers of 8 for evacuation
[2026-01-16T09:08:49.407+0000][gc,mmu      ] GC(437) MMU target violated: 201.0ms (200.0ms/201.0ms)
[2026-01-16T09:08:49.407+0000][gc,phases   ] GC(437)   Pre Evacuate Collection Set: 57.1ms
[2026-01-16T09:08:49.407+0000][gc,phases   ] GC(437)   Merge Heap Roots: 7.7ms
[2026-01-16T09:08:49.407+0000][gc,phases   ] GC(437)   Evacuate Collection Set: 506.1ms
[2026-01-16T09:08:49.407+0000][gc,phases   ] GC(437)   Post Evacuate Collection Set: 10.1ms
[2026-01-16T09:08:49.407+0000][gc,phases   ] GC(437)   Other: 4.1ms
[2026-01-16T09:08:49.407+0000][gc,heap     ] GC(437) Eden regions: 46->0(46)
[2026-01-16T09:08:49.407+0000][gc,heap     ] GC(437) Survivor regions: 5->5(7)
[2026-01-16T09:08:49.407+0000][gc,heap     ] GC(437) Old regions: 112->114
[2026-01-16T09:08:49.408+0000][gc,heap     ] GC(437) Humongous regions: 149->149
[2026-01-16T09:08:49.408+0000][gc,metaspace] GC(437) Metaspace: 14018K(14528K)->14018K(14528K) NonClass: 12385K(12672K)->12385K(12672K) Class: 1632K(1856K)->1632K(1856K)
[2026-01-16T09:08:49.408+0000][gc          ] GC(437) Pause Young (Normal) (G1 Evacuation Pause) 311M->266M(1024M) 591.067ms
[2026-01-16T09:08:49.411+0000][gc,cpu      ] GC(437) User=0.26s Sys=0.01s Real=0.60s
[2026-01-16T09:08:50.764+0000][gc,start    ] GC(438) Pause Young (Normal) (G1 Evacuation Pause)
[2026-01-16T09:08:50.790+0000][gc,task     ] GC(438) Using 8 workers of 8 for evacuation
[2026-01-16T09:08:51.357+0000][gc,mmu      ] GC(438) MMU target violated: 201.0ms (200.0ms/201.0ms)
[2026-01-16T09:08:51.358+0000][gc,phases   ] GC(438)   Pre Evacuate Collection Set: 25.9ms
[2026-01-16T09:08:51.358+0000][gc,phases   ] GC(438)   Merge Heap Roots: 10.0ms
[2026-01-16T09:08:51.358+0000][gc,phases   ] GC(438)   Evacuate Collection Set: 525.0ms
[2026-01-16T09:08:51.359+0000][gc,phases   ] GC(438)   Post Evacuate Collection Set: 3.0ms
[2026-01-16T09:08:51.360+0000][gc,phases   ] GC(438)   Other: 4.3ms
[2026-01-16T09:08:51.360+0000][gc,heap     ] GC(438) Eden regions: 46->0(47)
[2026-01-16T09:08:51.361+0000][gc,heap     ] GC(438) Survivor regions: 5->4(7)
[2026-01-16T09:08:51.362+0000][gc,heap     ] GC(438) Old regions: 114->115
[2026-01-16T09:08:51.371+0000][gc,heap     ] GC(438) Humongous regions: 149->149
[2026-01-16T09:08:51.371+0000][gc,metaspace] GC(438) Metaspace: 14023K(14528K)->14023K(14528K) NonClass: 12390K(12672K)->12390K(12672K) Class: 1632K(1856K)->1632K(1856K)
[2026-01-16T09:08:51.372+0000][gc          ] GC(438) Pause Young (Normal) (G1 Evacuation Pause) 312M->267M(1024M) 607.973ms
[2026-01-16T09:08:51.372+0000][gc,cpu      ] GC(438) User=0.20s Sys=0.01s Real=0.61s
[2026-01-16T09:08:52.878+0000][gc,start    ] GC(439) Pause Young (Normal) (G1 Evacuation Pause)
[2026-01-16T09:08:52.878+0000][gc,task     ] GC(439) Using 8 workers of 8 for evacuation
[2026-01-16T09:08:53.354+0000][gc,mmu      ] GC(439) MMU target violated: 201.0ms (200.0ms/201.0ms)
[2026-01-16T09:08:53.356+0000][gc,phases   ] GC(439)   Pre Evacuate Collection Set: 7.5ms
[2026-01-16T09:08:53.356+0000][gc,phases   ] GC(439)   Merge Heap Roots: 8.4ms
[2026-01-16T09:08:53.357+0000][gc,phases   ] GC(439)   Evacuate Collection Set: 441.5ms
[2026-01-16T09:08:53.358+0000][gc,phases   ] GC(439)   Post Evacuate Collection Set: 17.5ms
[2026-01-16T09:08:53.359+0000][gc,phases   ] GC(439)   Other: 2.4ms
[2026-01-16T09:08:53.359+0000][gc,heap     ] GC(439) Eden regions: 47->0(46)
[2026-01-16T09:08:53.359+0000][gc,heap     ] GC(439) Survivor regions: 4->5(7)
[2026-01-16T09:08:53.360+0000][gc,heap     ] GC(439) Old regions: 115->115
[2026-01-16T09:08:53.360+0000][gc,heap     ] GC(439) Humongous regions: 149->149
[2026-01-16T09:08:53.361+0000][gc,metaspace] GC(439) Metaspace: 14111K(14592K)->14111K(14592K) NonClass: 12478K(12736K)->12478K(12736K) Class: 1632K(1856K)->1632K(1856K)
[2026-01-16T09:08:53.366+0000][gc          ] GC(439) Pause Young (Normal) (G1 Evacuation Pause) 314M->268M(1024M) 489.370ms
[2026-01-16T09:08:53.367+0000][gc,cpu      ] GC(439) User=0.23s Sys=0.02s Real=0.49s
[2026-01-16T09:08:54.919+0000][gc,start    ] GC(440) Pause Young (Normal) (G1 Evacuation Pause)
[2026-01-16T09:08:54.948+0000][gc,task     ] GC(440) Using 8 workers of 8 for evacuation
[2026-01-16T09:08:55.451+0000][gc,mmu      ] GC(440) MMU target violated: 201.0ms (200.0ms/201.0ms)
[2026-01-16T09:08:55.452+0000][gc,phases   ] GC(440)   Pre Evacuate Collection Set: 95.6ms
[2026-01-16T09:08:55.456+0000][gc,phases   ] GC(440)   Merge Heap Roots: 21.5ms
[2026-01-16T09:08:55.456+0000][gc,phases   ] GC(440)   Evacuate Collection Set: 341.7ms
[2026-01-16T09:08:55.456+0000][gc,phases   ] GC(440)   Post Evacuate Collection Set: 12.6ms
[2026-01-16T09:08:55.456+0000][gc,phases   ] GC(440)   Other: 33.7ms
[2026-01-16T09:08:55.457+0000][gc,heap     ] GC(440) Eden regions: 46->0(47)
[2026-01-16T09:08:55.457+0000][gc,heap     ] GC(440) Survivor regions: 5->4(7)
[2026-01-16T09:08:55.457+0000][gc,heap     ] GC(440) Old regions: 115->116
[2026-01-16T09:08:55.457+0000][gc,heap     ] GC(440) Humongous regions: 149->149
[2026-01-16T09:08:55.458+0000][gc,metaspace] GC(440) Metaspace: 14155K(14592K)->14155K(14592K) NonClass: 12522K(12736K)->12522K(12736K) Class: 1632K(1856K)->1632K(1856K)
[2026-01-16T09:08:55.458+0000][gc          ] GC(440) Pause Young (Normal) (G1 Evacuation Pause) 314M->268M(1024M) 539.460ms
[2026-01-16T09:08:55.459+0000][gc,cpu      ] GC(440) User=0.28s Sys=0.04s Real=0.56s
[2026-01-16T09:08:57.325+0000][gc,start    ] GC(441) Pause Young (Normal) (G1 Evacuation Pause)
[2026-01-16T09:08:57.345+0000][gc,task     ] GC(441) Using 8 workers of 8 for evacuation
[2026-01-16T09:08:58.019+0000][gc,mmu      ] GC(441) MMU target violated: 201.0ms (200.0ms/201.0ms)
[2026-01-16T09:08:58.026+0000][gc,phases   ] GC(441)   Pre Evacuate Collection Set: 32.9ms
[2026-01-16T09:08:58.027+0000][gc,phases   ] GC(441)   Merge Heap Roots: 0.5ms
[2026-01-16T09:08:58.027+0000][gc,phases   ] GC(441)   Evacuate Collection Set: 627.4ms
[2026-01-16T09:08:58.028+0000][gc,phases   ] GC(441)   Post Evacuate Collection Set: 12.2ms
[2026-01-16T09:08:58.029+0000][gc,phases   ] GC(441)   Other: 8.3ms
[2026-01-16T09:08:58.034+0000][gc,heap     ] GC(441) Eden regions: 47->0(46)
[2026-01-16T09:08:58.036+0000][gc,heap     ] GC(441) Survivor regions: 4->5(7)
[2026-01-16T09:08:58.037+0000][gc,heap     ] GC(441) Old regions: 116->117
[2026-01-16T09:08:58.037+0000][gc,heap     ] GC(441) Humongous regions: 149->149
[2026-01-16T09:08:58.038+0000][gc,metaspace] GC(441) Metaspace: 14155K(14592K)->14155K(14592K) NonClass: 12522K(12736K)->12522K(12736K) Class: 1632K(1856K)->1632K(1856K)
[2026-01-16T09:08:58.038+0000][gc          ] GC(441) Pause Young (Normal) (G1 Evacuation Pause) 315M->270M(1024M) 713.167ms
[2026-01-16T09:08:58.039+0000][gc,cpu      ] GC(441) User=0.42s Sys=0.05s Real=0.72s
[2026-01-16T09:09:00.820+0000][gc,start    ] GC(442) Pause Young (Normal) (G1 Evacuation Pause)
[2026-01-16T09:09:00.822+0000][gc,task     ] GC(442) Using 8 workers of 8 for evacuation
[2026-01-16T09:09:01.552+0000][gc,mmu      ] GC(442) MMU target violated: 201.0ms (200.0ms/201.0ms)
[2026-01-16T09:09:01.556+0000][gc,phases   ] GC(442)   Pre Evacuate Collection Set: 81.8ms
[2026-01-16T09:09:01.559+0000][gc,phases   ] GC(442)   Merge Heap Roots: 10.8ms
[2026-01-16T09:09:01.561+0000][gc,phases   ] GC(442)   Evacuate Collection Set: 558.3ms
[2026-01-16T09:09:01.561+0000][gc,phases   ] GC(442)   Post Evacuate Collection Set: 76.1ms
[2026-01-16T09:09:01.562+0000][gc,phases   ] GC(442)   Other: 7.6ms
[2026-01-16T09:09:01.562+0000][gc,heap     ] GC(442) Eden regions: 46->0(46)
[2026-01-16T09:09:01.563+0000][gc,heap     ] GC(442) Survivor regions: 5->5(7)
[2026-01-16T09:09:01.563+0000][gc,heap     ] GC(442) Old regions: 117->118
[2026-01-16T09:09:01.563+0000][gc,heap     ] GC(442) Humongous regions: 149->149
[2026-01-16T09:09:01.564+0000][gc,metaspace] GC(442) Metaspace: 14161K(14592K)->14161K(14592K) NonClass: 12528K(12736K)->12528K(12736K) Class: 1632K(1856K)->1632K(1856K)
[2026-01-16T09:09:01.564+0000][gc          ] GC(442) Pause Young (Normal) (G1 Evacuation Pause) 316M->270M(1024M) 744.136ms
[2026-01-16T09:09:01.564+0000][gc,cpu      ] GC(442) User=0.46s Sys=0.07s Real=0.74s
[2026-01-16T09:09:02.978+0000][gc,start    ] GC(443) Pause Young (Normal) (G1 Evacuation Pause)
[2026-01-16T09:09:02.985+0000][gc,task     ] GC(443) Using 8 workers of 8 for evacuation
[2026-01-16T09:09:03.401+0000][gc,mmu      ] GC(443) MMU target violated: 201.0ms (200.0ms/201.0ms)
[2026-01-16T09:09:03.402+0000][gc,phases   ] GC(443)   Pre Evacuate Collection Set: 38.9ms
[2026-01-16T09:09:03.403+0000][gc,phases   ] GC(443)   Merge Heap Roots: 11.0ms
[2026-01-16T09:09:03.403+0000][gc,phases   ] GC(443)   Evacuate Collection Set: 349.5ms
[2026-01-16T09:09:03.404+0000][gc,phases   ] GC(443)   Post Evacuate Collection Set: 3.1ms
[2026-01-16T09:09:03.404+0000][gc,phases   ] GC(443)   Other: 15.1ms
[2026-01-16T09:09:03.405+0000][gc,heap     ] GC(443) Eden regions: 46->0(47)
[2026-01-16T09:09:03.405+0000][gc,heap     ] GC(443) Survivor regions: 5->4(7)
[2026-01-16T09:09:03.405+0000][gc,heap     ] GC(443) Old regions: 118->119
[2026-01-16T09:09:03.406+0000][gc,heap     ] GC(443) Humongous regions: 149->149
[2026-01-16T09:09:03.406+0000][gc,metaspace] GC(443) Metaspace: 14161K(14592K)->14161K(14592K) NonClass: 12528K(12736K)->12528K(12736K) Class: 1632K(1856K)->1632K(1856K)
[2026-01-16T09:09:03.406+0000][gc          ] GC(443) Pause Young (Normal) (G1 Evacuation Pause) 316M->271M(1024M) 428.047ms
[2026-01-16T09:09:03.409+0000][gc,cpu      ] GC(443) User=0.21s Sys=0.01s Real=0.43s
[2026-01-16T09:09:04.270+0000][gc,start    ] GC(444) Pause Young (Normal) (G1 Evacuation Pause)
[2026-01-16T09:09:04.274+0000][gc,task     ] GC(444) Using 8 workers of 8 for evacuation
[2026-01-16T09:09:04.676+0000][gc,mmu      ] GC(444) MMU target violated: 201.0ms (200.0ms/201.0ms)
[2026-01-16T09:09:04.676+0000][gc,phases   ] GC(444)   Pre Evacuate Collection Set: 5.5ms
[2026-01-16T09:09:04.676+0000][gc,phases   ] GC(444)   Merge Heap Roots: 0.7ms
[2026-01-16T09:09:04.676+0000][gc,phases   ] GC(444)   Evacuate Collection Set: 385.5ms
[2026-01-16T09:09:04.676+0000][gc,phases   ] GC(444)   Post Evacuate Collection Set: 7.1ms
[2026-01-16T09:09:04.677+0000][gc,phases   ] GC(444)   Other: 3.1ms
[2026-01-16T09:09:04.677+0000][gc,heap     ] GC(444) Eden regions: 47->0(46)
[2026-01-16T09:09:04.677+0000][gc,heap     ] GC(444) Survivor regions: 4->5(7)
[2026-01-16T09:09:04.677+0000][gc,heap     ] GC(444) Old regions: 119->119
[2026-01-16T09:09:04.677+0000][gc,heap     ] GC(444) Humongous regions: 149->149
[2026-01-16T09:09:04.677+0000][gc,metaspace] GC(444) Metaspace: 14161K(14592K)->14161K(14592K) NonClass: 12528K(12736K)->12528K(12736K) Class: 1632K(1856K)->1632K(1856K)
[2026-01-16T09:09:04.677+0000][gc          ] GC(444) Pause Young (Normal) (G1 Evacuation Pause) 318M->271M(1024M) 407.173ms
[2026-01-16T09:09:04.678+0000][gc,cpu      ] GC(444) User=0.19s Sys=0.01s Real=0.41s
[2026-01-16T09:09:05.451+0000][gc,start    ] GC(445) Pause Young (Normal) (G1 Evacuation Pause)
[2026-01-16T09:09:05.456+0000][gc,task     ] GC(445) Using 8 workers of 8 for evacuation
[2026-01-16T09:09:05.820+0000][gc,mmu      ] GC(445) MMU target violated: 201.0ms (200.0ms/201.0ms)
[2026-01-16T09:09:05.823+0000][gc,phases   ] GC(445)   Pre Evacuate Collection Set: 16.8ms
[2026-01-16T09:09:05.823+0000][gc,phases   ] GC(445)   Merge Heap Roots: 4.2ms
[2026-01-16T09:09:05.823+0000][gc,phases   ] GC(445)   Evacuate Collection Set: 338.4ms
[2026-01-16T09:09:05.825+0000][gc,phases   ] GC(445)   Post Evacuate Collection Set: 3.5ms
[2026-01-16T09:09:05.828+0000][gc,phases   ] GC(445)   Other: 3.9ms
[2026-01-16T09:09:05.833+0000][gc,heap     ] GC(445) Eden regions: 46->0(46)
[2026-01-16T09:09:05.835+0000][gc,heap     ] GC(445) Survivor regions: 5->5(7)
[2026-01-16T09:09:05.836+0000][gc,heap     ] GC(445) Old regions: 119->120
[2026-01-16T09:09:05.836+0000][gc,heap     ] GC(445) Humongous regions: 149->149
[2026-01-16T09:09:05.837+0000][gc,metaspace] GC(445) Metaspace: 14197K(14592K)->14197K(14592K) NonClass: 12557K(12736K)->12557K(12736K) Class: 1640K(1856K)->1640K(1856K)
[2026-01-16T09:09:05.838+0000][gc          ] GC(445) Pause Young (Normal) (G1 Evacuation Pause) 317M->272M(1024M) 386.156ms
[2026-01-16T09:09:05.839+0000][gc,cpu      ] GC(445) User=0.14s Sys=0.02s Real=0.39s
[2026-01-16T09:09:06.644+0000][gc,start    ] GC(446) Pause Young (Normal) (G1 Evacuation Pause)
[2026-01-16T09:09:06.650+0000][gc,task     ] GC(446) Using 8 workers of 8 for evacuation
[2026-01-16T09:09:07.093+0000][gc,mmu      ] GC(446) MMU target violated: 201.0ms (200.0ms/201.0ms)
[2026-01-16T09:09:07.098+0000][gc,phases   ] GC(446)   Pre Evacuate Collection Set: 75.4ms
[2026-01-16T09:09:07.100+0000][gc,phases   ] GC(446)   Merge Heap Roots: 4.6ms
[2026-01-16T09:09:07.101+0000][gc,phases   ] GC(446)   Evacuate Collection Set: 331.4ms
[2026-01-16T09:09:07.102+0000][gc,phases   ] GC(446)   Post Evacuate Collection Set: 25.8ms
[2026-01-16T09:09:07.102+0000][gc,phases   ] GC(446)   Other: 10.6ms
[2026-01-16T09:09:07.102+0000][gc,heap     ] GC(446) Eden regions: 46->0(47)
[2026-01-16T09:09:07.102+0000][gc,heap     ] GC(446) Survivor regions: 5->4(7)
[2026-01-16T09:09:07.103+0000][gc,heap     ] GC(446) Old regions: 120->121
[2026-01-16T09:09:07.103+0000][gc,heap     ] GC(446) Humongous regions: 149->149
[2026-01-16T09:09:07.103+0000][gc,metaspace] GC(446) Metaspace: 14205K(14592K)->14205K(14592K) NonClass: 12563K(12736K)->12563K(12736K) Class: 1641K(1856K)->1641K(1856K)
[2026-01-16T09:09:07.103+0000][gc          ] GC(446) Pause Young (Normal) (G1 Evacuation Pause) 318M->273M(1024M) 465.872ms
[2026-01-16T09:09:07.103+0000][gc,cpu      ] GC(446) User=0.24s Sys=0.00s Real=0.47s
[2026-01-16T09:09:08.158+0000][gc,start    ] GC(447) Pause Young (Normal) (G1 Evacuation Pause)
[2026-01-16T09:09:08.184+0000][gc,task     ] GC(447) Using 8 workers of 8 for evacuation
[2026-01-16T09:09:08.722+0000][gc,mmu      ] GC(447) MMU target violated: 201.0ms (200.0ms/201.0ms)
[2026-01-16T09:09:08.727+0000][gc,phases   ] GC(447)   Pre Evacuate Collection Set: 44.5ms
[2026-01-16T09:09:08.730+0000][gc,phases   ] GC(447)   Merge Heap Roots: 4.3ms
[2026-01-16T09:09:08.732+0000][gc,phases   ] GC(447)   Evacuate Collection Set: 440.4ms
[2026-01-16T09:09:08.735+0000][gc,phases   ] GC(447)   Post Evacuate Collection Set: 27.3ms
[2026-01-16T09:09:08.735+0000][gc,phases   ] GC(447)   Other: 27.5ms
[2026-01-16T09:09:08.738+0000][gc,heap     ] GC(447) Eden regions: 47->0(47)
[2026-01-16T09:09:08.738+0000][gc,heap     ] GC(447) Survivor regions: 4->4(7)
[2026-01-16T09:09:08.739+0000][gc,heap     ] GC(447) Old regions: 121->122
[2026-01-16T09:09:08.739+0000][gc,heap     ] GC(447) Humongous regions: 149->149
[2026-01-16T09:09:08.739+0000][gc,metaspace] GC(447) Metaspace: 14205K(14592K)->14205K(14592K) NonClass: 12563K(12736K)->12563K(12736K) Class: 1641K(1856K)->1641K(1856K)
[2026-01-16T09:09:08.740+0000][gc          ] GC(447) Pause Young (Normal) (G1 Evacuation Pause) 320M->274M(1024M) 582.218ms
[2026-01-16T09:09:08.744+0000][gc,cpu      ] GC(447) User=0.22s Sys=0.02s Real=0.61s
[2026-01-16T09:09:10.176+0000][gc,start    ] GC(448) Pause Young (Normal) (G1 Evacuation Pause)
[2026-01-16T09:09:10.178+0000][gc,task     ] GC(448) Using 8 workers of 8 for evacuation
[2026-01-16T09:09:10.651+0000][gc,mmu      ] GC(448) MMU target violated: 201.0ms (200.0ms/201.0ms)
[2026-01-16T09:09:10.653+0000][gc,phases   ] GC(448)   Pre Evacuate Collection Set: 33.6ms
[2026-01-16T09:09:10.654+0000][gc,phases   ] GC(448)   Merge Heap Roots: 15.7ms
[2026-01-16T09:09:10.654+0000][gc,phases   ] GC(448)   Evacuate Collection Set: 390.2ms
[2026-01-16T09:09:10.655+0000][gc,phases   ] GC(448)   Post Evacuate Collection Set: 12.1ms
[2026-01-16T09:09:10.655+0000][gc,phases   ] GC(448)   Other: 23.2ms
[2026-01-16T09:09:10.656+0000][gc,heap     ] GC(448) Eden regions: 47->0(46)
[2026-01-16T09:09:10.657+0000][gc,heap     ] GC(448) Survivor regions: 4->5(7)
[2026-01-16T09:09:10.658+0000][gc,heap     ] GC(448) Old regions: 122->122
[2026-01-16T09:09:10.659+0000][gc,heap     ] GC(448) Humongous regions: 149->149
[2026-01-16T09:09:10.660+0000][gc,metaspace] GC(448) Metaspace: 14205K(14592K)->14205K(14592K) NonClass: 12563K(12736K)->12563K(12736K) Class: 1641K(1856K)->1641K(1856K)
[2026-01-16T09:09:10.662+0000][gc          ] GC(448) Pause Young (Normal) (G1 Evacuation Pause) 321M->274M(1024M) 487.814ms
[2026-01-16T09:09:10.669+0000][gc,cpu      ] GC(448) User=0.16s Sys=0.01s Real=0.49s
[2026-01-16T09:09:13.245+0000][gc,start    ] GC(449) Pause Young (Normal) (G1 Evacuation Pause)
[2026-01-16T09:09:13.248+0000][gc,task     ] GC(449) Using 8 workers of 8 for evacuation
[2026-01-16T09:09:14.018+0000][gc,mmu      ] GC(449) MMU target violated: 201.0ms (200.0ms/201.0ms)
[2026-01-16T09:09:14.020+0000][gc,phases   ] GC(449)   Pre Evacuate Collection Set: 35.1ms
[2026-01-16T09:09:14.024+0000][gc,phases   ] GC(449)   Merge Heap Roots: 16.3ms
[2026-01-16T09:09:14.025+0000][gc,phases   ] GC(449)   Evacuate Collection Set: 637.5ms
[2026-01-16T09:09:14.030+0000][gc,phases   ] GC(449)   Post Evacuate Collection Set: 69.5ms
[2026-01-16T09:09:14.031+0000][gc,phases   ] GC(449)   Other: 13.4ms
[2026-01-16T09:09:14.032+0000][gc,heap     ] GC(449) Eden regions: 46->0(46)
[2026-01-16T09:09:14.032+0000][gc,heap     ] GC(449) Survivor regions: 5->5(7)
[2026-01-16T09:09:14.033+0000][gc,heap     ] GC(449) Old regions: 122->123
[2026-01-16T09:09:14.035+0000][gc,heap     ] GC(449) Humongous regions: 149->149
[2026-01-16T09:09:14.037+0000][gc,metaspace] GC(449) Metaspace: 14206K(14592K)->14206K(14592K) NonClass: 12564K(12736K)->12564K(12736K) Class: 1641K(1856K)->1641K(1856K)
[2026-01-16T09:09:14.038+0000][gc          ] GC(449) Pause Young (Normal) (G1 Evacuation Pause) 320M->275M(1024M) 793.629ms
[2026-01-16T09:09:14.043+0000][gc,cpu      ] GC(449) User=0.35s Sys=0.06s Real=0.80s
[2026-01-16T09:09:15.325+0000][gc,start    ] GC(450) Pause Young (Normal) (G1 Evacuation Pause)
[2026-01-16T09:09:15.327+0000][gc,task     ] GC(450) Using 8 workers of 8 for evacuation
[2026-01-16T09:09:15.578+0000][gc,mmu      ] GC(450) MMU target violated: 201.0ms (200.0ms/201.0ms)
[2026-01-16T09:09:15.579+0000][gc,phases   ] GC(450)   Pre Evacuate Collection Set: 21.0ms
[2026-01-16T09:09:15.579+0000][gc,phases   ] GC(450)   Merge Heap Roots: 1.6ms
[2026-01-16T09:09:15.579+0000][gc,phases   ] GC(450)   Evacuate Collection Set: 222.7ms
[2026-01-16T09:09:15.580+0000][gc,phases   ] GC(450)   Post Evacuate Collection Set: 5.5ms
[2026-01-16T09:09:15.580+0000][gc,phases   ] GC(450)   Other: 1.4ms
[2026-01-16T09:09:15.580+0000][gc,heap     ] GC(450) Eden regions: 46->0(46)
[2026-01-16T09:09:15.580+0000][gc,heap     ] GC(450) Survivor regions: 5->5(7)
[2026-01-16T09:09:15.581+0000][gc,heap     ] GC(450) Old regions: 123->123
[2026-01-16T09:09:15.581+0000][gc,heap     ] GC(450) Humongous regions: 149->149
[2026-01-16T09:09:15.582+0000][gc,metaspace] GC(450) Metaspace: 14247K(14656K)->14247K(14656K) NonClass: 12597K(12800K)->12597K(12800K) Class: 1650K(1856K)->1650K(1856K)
[2026-01-16T09:09:15.582+0000][gc          ] GC(450) Pause Young (Normal) (G1 Evacuation Pause) 321M->276M(1024M) 257.042ms
[2026-01-16T09:09:15.582+0000][gc,cpu      ] GC(450) User=0.19s Sys=0.00s Real=0.26s
[2026-01-16T09:09:16.879+0000][gc,start    ] GC(451) Pause Young (Normal) (G1 Evacuation Pause)
[2026-01-16T09:09:16.884+0000][gc,task     ] GC(451) Using 8 workers of 8 for evacuation
[2026-01-16T09:09:17.318+0000][gc,mmu      ] GC(451) MMU target violated: 201.0ms (200.0ms/201.0ms)
[2026-01-16T09:09:17.319+0000][gc,phases   ] GC(451)   Pre Evacuate Collection Set: 56.7ms
[2026-01-16T09:09:17.319+0000][gc,phases   ] GC(451)   Merge Heap Roots: 9.5ms
[2026-01-16T09:09:17.320+0000][gc,phases   ] GC(451)   Evacuate Collection Set: 362.0ms
[2026-01-16T09:09:17.325+0000][gc,phases   ] GC(451)   Post Evacuate Collection Set: 3.7ms
[2026-01-16T09:09:17.325+0000][gc,phases   ] GC(451)   Other: 2.9ms
[2026-01-16T09:09:17.325+0000][gc,heap     ] GC(451) Eden regions: 46->0(47)
[2026-01-16T09:09:17.326+0000][gc,heap     ] GC(451) Survivor regions: 5->4(7)
[2026-01-16T09:09:17.326+0000][gc,heap     ] GC(451) Old regions: 123->125
[2026-01-16T09:09:17.326+0000][gc,heap     ] GC(451) Humongous regions: 149->149
[2026-01-16T09:09:17.326+0000][gc,metaspace] GC(451) Metaspace: 14248K(14656K)->14248K(14656K) NonClass: 12597K(12800K)->12597K(12800K) Class: 1650K(1856K)->1650K(1856K)
[2026-01-16T09:09:17.327+0000][gc          ] GC(451) Pause Young (Normal) (G1 Evacuation Pause) 322M->277M(1024M) 448.387ms
[2026-01-16T09:09:17.327+0000][gc,cpu      ] GC(451) User=0.26s Sys=0.01s Real=0.45s
[2026-01-16T09:09:18.274+0000][gc,start    ] GC(452) Pause Young (Normal) (GCLocker Initiated GC)
[2026-01-16T09:09:18.275+0000][gc,task     ] GC(452) Using 8 workers of 8 for evacuation
[2026-01-16T09:09:18.556+0000][gc,mmu      ] GC(452) MMU target violated: 201.0ms (200.0ms/201.0ms)
[2026-01-16T09:09:18.556+0000][gc,phases   ] GC(452)   Pre Evacuate Collection Set: 10.6ms
[2026-01-16T09:09:18.557+0000][gc,phases   ] GC(452)   Merge Heap Roots: 5.9ms
[2026-01-16T09:09:18.558+0000][gc,phases   ] GC(452)   Evacuate Collection Set: 253.4ms
[2026-01-16T09:09:18.558+0000][gc,phases   ] GC(452)   Post Evacuate Collection Set: 10.2ms
[2026-01-16T09:09:18.559+0000][gc,phases   ] GC(452)   Other: 1.6ms
[2026-01-16T09:09:18.559+0000][gc,heap     ] GC(452) Eden regions: 50->0(46)
[2026-01-16T09:09:18.560+0000][gc,heap     ] GC(452) Survivor regions: 4->5(7)
[2026-01-16T09:09:18.562+0000][gc,heap     ] GC(452) Old regions: 125->125
[2026-01-16T09:09:18.564+0000][gc,heap     ] GC(452) Humongous regions: 149->149
[2026-01-16T09:09:18.565+0000][gc,metaspace] GC(452) Metaspace: 14248K(14656K)->14248K(14656K) NonClass: 12597K(12800K)->12597K(12800K) Class: 1650K(1856K)->1650K(1856K)
[2026-01-16T09:09:18.566+0000][gc          ] GC(452) Pause Young (Normal) (GCLocker Initiated GC) 326M->277M(1024M) 292.310ms
[2026-01-16T09:09:18.567+0000][gc,cpu      ] GC(452) User=0.16s Sys=0.02s Real=0.29s
[2026-01-16T09:09:19.930+0000][gc,start    ] GC(453) Pause Young (Normal) (G1 Evacuation Pause)
[2026-01-16T09:09:19.932+0000][gc,task     ] GC(453) Using 8 workers of 8 for evacuation
[2026-01-16T09:09:20.516+0000][gc,mmu      ] GC(453) MMU target violated: 201.0ms (200.0ms/201.0ms)
[2026-01-16T09:09:20.520+0000][gc,phases   ] GC(453)   Pre Evacuate Collection Set: 21.1ms
[2026-01-16T09:09:20.535+0000][gc,phases   ] GC(453)   Merge Heap Roots: 26.7ms
[2026-01-16T09:09:20.544+0000][gc,phases   ] GC(453)   Evacuate Collection Set: 502.5ms
[2026-01-16T09:09:20.544+0000][gc,phases   ] GC(453)   Post Evacuate Collection Set: 28.1ms
[2026-01-16T09:09:20.545+0000][gc,phases   ] GC(453)   Other: 9.9ms
[2026-01-16T09:09:20.545+0000][gc,heap     ] GC(453) Eden regions: 46->0(46)
[2026-01-16T09:09:20.545+0000][gc,heap     ] GC(453) Survivor regions: 5->5(7)
[2026-01-16T09:09:20.547+0000][gc,heap     ] GC(453) Old regions: 125->126
[2026-01-16T09:09:20.552+0000][gc,heap     ] GC(453) Humongous regions: 149->149
[2026-01-16T09:09:20.553+0000][gc,metaspace] GC(453) Metaspace: 14255K(14656K)->14255K(14656K) NonClass: 12604K(12800K)->12604K(12800K) Class: 1650K(1856K)->1650K(1856K)
[2026-01-16T09:09:20.554+0000][gc          ] GC(453) Pause Young (Normal) (G1 Evacuation Pause) 323M->278M(1024M) 623.950ms
[2026-01-16T09:09:20.555+0000][gc,cpu      ] GC(453) User=0.25s Sys=0.04s Real=0.63s
[2026-01-16T09:09:22.108+0000][gc,start    ] GC(454) Pause Young (Normal) (G1 Evacuation Pause)
[2026-01-16T09:09:22.131+0000][gc,task     ] GC(454) Using 8 workers of 8 for evacuation
[2026-01-16T09:09:22.600+0000][gc,mmu      ] GC(454) MMU target violated: 201.0ms (200.0ms/201.0ms)
[2026-01-16T09:09:22.602+0000][gc,phases   ] GC(454)   Pre Evacuate Collection Set: 27.8ms
[2026-01-16T09:09:22.608+0000][gc,phases   ] GC(454)   Merge Heap Roots: 3.8ms
[2026-01-16T09:09:22.609+0000][gc,phases   ] GC(454)   Evacuate Collection Set: 432.0ms
[2026-01-16T09:09:22.610+0000][gc,phases   ] GC(454)   Post Evacuate Collection Set: 3.3ms
[2026-01-16T09:09:22.611+0000][gc,phases   ] GC(454)   Other: 4.1ms
[2026-01-16T09:09:22.612+0000][gc,heap     ] GC(454) Eden regions: 46->0(47)
[2026-01-16T09:09:22.613+0000][gc,heap     ] GC(454) Survivor regions: 5->4(7)
[2026-01-16T09:09:22.614+0000][gc,heap     ] GC(454) Old regions: 126->127
[2026-01-16T09:09:22.615+0000][gc,heap     ] GC(454) Humongous regions: 149->149
[2026-01-16T09:09:22.616+0000][gc,metaspace] GC(454) Metaspace: 14256K(14656K)->14256K(14656K) NonClass: 12605K(12800K)->12605K(12800K) Class: 1650K(1856K)->1650K(1856K)
[2026-01-16T09:09:22.617+0000][gc          ] GC(454) Pause Young (Normal) (G1 Evacuation Pause) 324M->279M(1024M) 508.717ms
[2026-01-16T09:09:22.617+0000][gc,cpu      ] GC(454) User=0.31s Sys=0.04s Real=0.51s
[2026-01-16T09:09:23.605+0000][gc,start    ] GC(455) Pause Young (Normal) (G1 Evacuation Pause)
[2026-01-16T09:09:23.627+0000][gc,task     ] GC(455) Using 8 workers of 8 for evacuation
[2026-01-16T09:09:24.204+0000][gc,mmu      ] GC(455) MMU target violated: 201.0ms (200.0ms/201.0ms)
[2026-01-16T09:09:24.208+0000][gc,phases   ] GC(455)   Pre Evacuate Collection Set: 21.7ms
[2026-01-16T09:09:24.221+0000][gc,phases   ] GC(455)   Merge Heap Roots: 17.3ms
[2026-01-16T09:09:24.222+0000][gc,phases   ] GC(455)   Evacuate Collection Set: 459.1ms
[2026-01-16T09:09:24.222+0000][gc,phases   ] GC(455)   Post Evacuate Collection Set: 63.0ms
[2026-01-16T09:09:24.228+0000][gc,phases   ] GC(455)   Other: 32.7ms
[2026-01-16T09:09:24.228+0000][gc,heap     ] GC(455) Eden regions: 47->0(47)
[2026-01-16T09:09:24.228+0000][gc,heap     ] GC(455) Survivor regions: 4->4(7)
[2026-01-16T09:09:24.229+0000][gc,heap     ] GC(455) Old regions: 127->128
[2026-01-16T09:09:24.229+0000][gc,heap     ] GC(455) Humongous regions: 149->149
[2026-01-16T09:09:24.229+0000][gc,metaspace] GC(455) Metaspace: 14256K(14656K)->14256K(14656K) NonClass: 12605K(12800K)->12605K(12800K) Class: 1650K(1856K)->1650K(1856K)
[2026-01-16T09:09:24.243+0000][gc          ] GC(455) Pause Young (Normal) (G1 Evacuation Pause) 326M->279M(1024M) 637.123ms
[2026-01-16T09:09:24.245+0000][gc,cpu      ] GC(455) User=0.22s Sys=0.04s Real=0.64s
[2026-01-16T09:09:25.964+0000][gc,start    ] GC(456) Pause Young (Normal) (G1 Evacuation Pause)
[2026-01-16T09:09:25.974+0000][gc,task     ] GC(456) Using 8 workers of 8 for evacuation
[2026-01-16T09:09:26.252+0000][gc,mmu      ] GC(456) MMU target violated: 201.0ms (200.0ms/201.0ms)
[2026-01-16T09:09:26.254+0000][gc,phases   ] GC(456)   Pre Evacuate Collection Set: 41.9ms
[2026-01-16T09:09:26.263+0000][gc,phases   ] GC(456)   Merge Heap Roots: 0.8ms
[2026-01-16T09:09:26.275+0000][gc,phases   ] GC(456)   Evacuate Collection Set: 230.0ms
[2026-01-16T09:09:26.278+0000][gc,phases   ] GC(456)   Post Evacuate Collection Set: 2.3ms
[2026-01-16T09:09:26.279+0000][gc,phases   ] GC(456)   Other: 4.7ms
[2026-01-16T09:09:26.280+0000][gc,heap     ] GC(456) Eden regions: 47->0(46)
[2026-01-16T09:09:26.281+0000][gc,heap     ] GC(456) Survivor regions: 4->5(7)
[2026-01-16T09:09:26.288+0000][gc,heap     ] GC(456) Old regions: 128->128
[2026-01-16T09:09:26.291+0000][gc,heap     ] GC(456) Humongous regions: 149->149
[2026-01-16T09:09:26.292+0000][gc,metaspace] GC(456) Metaspace: 14259K(14656K)->14259K(14656K) NonClass: 12608K(12800K)->12608K(12800K) Class: 1650K(1856K)->1650K(1856K)
[2026-01-16T09:09:26.299+0000][gc          ] GC(456) Pause Young (Normal) (G1 Evacuation Pause) 326M->280M(1024M) 335.665ms
[2026-01-16T09:09:26.300+0000][gc,cpu      ] GC(456) User=0.17s Sys=0.01s Real=0.33s
[2026-01-16T09:09:27.859+0000][gc,start    ] GC(457) Pause Young (Normal) (G1 Evacuation Pause)
[2026-01-16T09:09:27.864+0000][gc,task     ] GC(457) Using 8 workers of 8 for evacuation
[2026-01-16T09:09:28.166+0000][gc,mmu      ] GC(457) MMU target violated: 201.0ms (200.0ms/201.0ms)
[2026-01-16T09:09:28.168+0000][gc,phases   ] GC(457)   Pre Evacuate Collection Set: 26.1ms
[2026-01-16T09:09:28.168+0000][gc,phases   ] GC(457)   Merge Heap Roots: 5.5ms
[2026-01-16T09:09:28.168+0000][gc,phases   ] GC(457)   Evacuate Collection Set: 257.2ms
[2026-01-16T09:09:28.168+0000][gc,phases   ] GC(457)   Post Evacuate Collection Set: 10.7ms
[2026-01-16T09:09:28.171+0000][gc,phases   ] GC(457)   Other: 8.7ms
[2026-01-16T09:09:28.172+0000][gc,heap     ] GC(457) Eden regions: 46->0(46)
[2026-01-16T09:09:28.172+0000][gc,heap     ] GC(457) Survivor regions: 5->5(7)
[2026-01-16T09:09:28.172+0000][gc,heap     ] GC(457) Old regions: 128->129
[2026-01-16T09:09:28.172+0000][gc,heap     ] GC(457) Humongous regions: 149->149
[2026-01-16T09:09:28.172+0000][gc,metaspace] GC(457) Metaspace: 14261K(14656K)->14261K(14656K) NonClass: 12610K(12800K)->12610K(12800K) Class: 1650K(1856K)->1650K(1856K)
[2026-01-16T09:09:28.173+0000][gc          ] GC(457) Pause Young (Normal) (G1 Evacuation Pause) 326M->281M(1024M) 313.776ms
[2026-01-16T09:09:28.174+0000][gc,cpu      ] GC(457) User=0.27s Sys=0.03s Real=0.32s
[2026-01-16T09:09:29.686+0000][gc,start    ] GC(458) Pause Young (Normal) (G1 Evacuation Pause)
[2026-01-16T09:09:29.692+0000][gc,task     ] GC(458) Using 8 workers of 8 for evacuation
[2026-01-16T09:09:30.418+0000][gc,mmu      ] GC(458) MMU target violated: 201.0ms (200.0ms/201.0ms)
[2026-01-16T09:09:30.420+0000][gc,phases   ] GC(458)   Pre Evacuate Collection Set: 26.4ms
[2026-01-16T09:09:30.421+0000][gc,phases   ] GC(458)   Merge Heap Roots: 14.3ms
[2026-01-16T09:09:30.426+0000][gc,phases   ] GC(458)   Evacuate Collection Set: 656.8ms
[2026-01-16T09:09:30.428+0000][gc,phases   ] GC(458)   Post Evacuate Collection Set: 10.4ms
[2026-01-16T09:09:30.436+0000][gc,phases   ] GC(458)   Other: 19.9ms
[2026-01-16T09:09:30.437+0000][gc,heap     ] GC(458) Eden regions: 46->0(47)
[2026-01-16T09:09:30.437+0000][gc,heap     ] GC(458) Survivor regions: 5->4(7)
[2026-01-16T09:09:30.438+0000][gc,heap     ] GC(458) Old regions: 129->130
[2026-01-16T09:09:30.438+0000][gc,heap     ] GC(458) Humongous regions: 149->149
[2026-01-16T09:09:30.438+0000][gc,metaspace] GC(458) Metaspace: 14261K(14656K)->14261K(14656K) NonClass: 12610K(12800K)->12610K(12800K) Class: 1650K(1856K)->1650K(1856K)
[2026-01-16T09:09:30.438+0000][gc          ] GC(458) Pause Young (Normal) (G1 Evacuation Pause) 327M->282M(1024M) 752.323ms
[2026-01-16T09:09:30.440+0000][gc,cpu      ] GC(458) User=0.32s Sys=0.03s Real=0.75s
[2026-01-16T09:09:31.535+0000][gc,start    ] GC(459) Pause Young (Normal) (G1 Evacuation Pause)
[2026-01-16T09:09:31.536+0000][gc,task     ] GC(459) Using 8 workers of 8 for evacuation
[2026-01-16T09:09:32.109+0000][gc,mmu      ] GC(459) MMU target violated: 201.0ms (200.0ms/201.0ms)
[2026-01-16T09:09:32.110+0000][gc,phases   ] GC(459)   Pre Evacuate Collection Set: 38.6ms
[2026-01-16T09:09:32.110+0000][gc,phases   ] GC(459)   Merge Heap Roots: 15.8ms
[2026-01-16T09:09:32.113+0000][gc,phases   ] GC(459)   Evacuate Collection Set: 500.3ms
[2026-01-16T09:09:32.122+0000][gc,phases   ] GC(459)   Post Evacuate Collection Set: 9.1ms
[2026-01-16T09:09:32.127+0000][gc,phases   ] GC(459)   Other: 10.1ms
[2026-01-16T09:09:32.129+0000][gc,heap     ] GC(459) Eden regions: 47->0(47)
[2026-01-16T09:09:32.129+0000][gc,heap     ] GC(459) Survivor regions: 4->4(7)
[2026-01-16T09:09:32.130+0000][gc,heap     ] GC(459) Old regions: 130->131
[2026-01-16T09:09:32.130+0000][gc,heap     ] GC(459) Humongous regions: 149->149
[2026-01-16T09:09:32.131+0000][gc,metaspace] GC(459) Metaspace: 14263K(14656K)->14263K(14656K) NonClass: 12613K(12800K)->12613K(12800K) Class: 1650K(1856K)->1650K(1856K)
[2026-01-16T09:09:32.133+0000][gc          ] GC(459) Pause Young (Normal) (G1 Evacuation Pause) 329M->282M(1024M) 598.173ms
[2026-01-16T09:09:32.144+0000][gc,cpu      ] GC(459) User=0.26s Sys=0.09s Real=0.61s
[2026-01-16T09:09:34.046+0000][gc,start    ] GC(460) Pause Young (Normal) (G1 Evacuation Pause)
[2026-01-16T09:09:34.075+0000][gc,task     ] GC(460) Using 8 workers of 8 for evacuation
[2026-01-16T09:09:34.826+0000][gc,mmu      ] GC(460) MMU target violated: 201.0ms (200.0ms/201.0ms)
[2026-01-16T09:09:34.829+0000][gc,phases   ] GC(460)   Pre Evacuate Collection Set: 48.5ms
[2026-01-16T09:09:34.832+0000][gc,phases   ] GC(460)   Merge Heap Roots: 99.1ms
[2026-01-16T09:09:34.835+0000][gc,phases   ] GC(460)   Evacuate Collection Set: 507.4ms
[2026-01-16T09:09:34.837+0000][gc,phases   ] GC(460)   Post Evacuate Collection Set: 75.7ms
[2026-01-16T09:09:34.838+0000][gc,phases   ] GC(460)   Other: 22.3ms
[2026-01-16T09:09:34.840+0000][gc,heap     ] GC(460) Eden regions: 47->0(46)
[2026-01-16T09:09:34.841+0000][gc,heap     ] GC(460) Survivor regions: 4->5(7)
[2026-01-16T09:09:34.841+0000][gc,heap     ] GC(460) Old regions: 131->131
[2026-01-16T09:09:34.842+0000][gc,heap     ] GC(460) Humongous regions: 149->149
[2026-01-16T09:09:34.843+0000][gc,metaspace] GC(460) Metaspace: 14268K(14656K)->14268K(14656K) NonClass: 12618K(12800K)->12618K(12800K) Class: 1650K(1856K)->1650K(1856K)
[2026-01-16T09:09:34.844+0000][gc          ] GC(460) Pause Young (Normal) (G1 Evacuation Pause) 329M->283M(1024M) 797.244ms
[2026-01-16T09:09:34.844+0000][gc,cpu      ] GC(460) User=0.22s Sys=0.02s Real=0.80s
[2026-01-16T09:09:37.047+0000][gc,start    ] GC(461) Pause Young (Normal) (G1 Evacuation Pause)
[2026-01-16T09:09:37.048+0000][gc,task     ] GC(461) Using 8 workers of 8 for evacuation
[2026-01-16T09:09:37.480+0000][gc,mmu      ] GC(461) MMU target violated: 201.0ms (200.0ms/201.0ms)
[2026-01-16T09:09:37.484+0000][gc,phases   ] GC(461)   Pre Evacuate Collection Set: 21.0ms
[2026-01-16T09:09:37.485+0000][gc,phases   ] GC(461)   Merge Heap Roots: 8.7ms
[2026-01-16T09:09:37.486+0000][gc,phases   ] GC(461)   Evacuate Collection Set: 366.9ms
[2026-01-16T09:09:37.486+0000][gc,phases   ] GC(461)   Post Evacuate Collection Set: 30.8ms
[2026-01-16T09:09:37.487+0000][gc,phases   ] GC(461)   Other: 8.4ms
[2026-01-16T09:09:37.488+0000][gc,heap     ] GC(461) Eden regions: 46->0(47)
[2026-01-16T09:09:37.489+0000][gc,heap     ] GC(461) Survivor regions: 5->4(7)
[2026-01-16T09:09:37.490+0000][gc,heap     ] GC(461) Old regions: 131->132
[2026-01-16T09:09:37.492+0000][gc,heap     ] GC(461) Humongous regions: 149->149
[2026-01-16T09:09:37.492+0000][gc,metaspace] GC(461) Metaspace: 14268K(14656K)->14268K(14656K) NonClass: 12618K(12800K)->12618K(12800K) Class: 1650K(1856K)->1650K(1856K)
[2026-01-16T09:09:37.494+0000][gc          ] GC(461) Pause Young (Normal) (G1 Evacuation Pause) 329M->284M(1024M) 446.561ms
[2026-01-16T09:09:37.494+0000][gc,cpu      ] GC(461) User=0.30s Sys=0.01s Real=0.44s
[2026-01-16T09:09:39.011+0000][gc,start    ] GC(462) Pause Young (Normal) (G1 Evacuation Pause)
[2026-01-16T09:09:39.013+0000][gc,task     ] GC(462) Using 8 workers of 8 for evacuation
[2026-01-16T09:09:39.162+0000][gc,phases   ] GC(462)   Pre Evacuate Collection Set: 9.4ms
[2026-01-16T09:09:39.162+0000][gc,phases   ] GC(462)   Merge Heap Roots: 4.1ms
[2026-01-16T09:09:39.162+0000][gc,phases   ] GC(462)   Evacuate Collection Set: 116.4ms
[2026-01-16T09:09:39.162+0000][gc,phases   ] GC(462)   Post Evacuate Collection Set: 8.7ms
[2026-01-16T09:09:39.163+0000][gc,phases   ] GC(462)   Other: 10.7ms
[2026-01-16T09:09:39.163+0000][gc,heap     ] GC(462) Eden regions: 47->0(46)
[2026-01-16T09:09:39.163+0000][gc,heap     ] GC(462) Survivor regions: 4->5(7)
[2026-01-16T09:09:39.164+0000][gc,heap     ] GC(462) Old regions: 132->132
[2026-01-16T09:09:39.164+0000][gc,heap     ] GC(462) Humongous regions: 149->149
[2026-01-16T09:09:39.164+0000][gc,metaspace] GC(462) Metaspace: 14279K(14656K)->14279K(14656K) NonClass: 12626K(12800K)->12626K(12800K) Class: 1652K(1856K)->1652K(1856K)
[2026-01-16T09:09:39.165+0000][gc          ] GC(462) Pause Young (Normal) (G1 Evacuation Pause) 331M->285M(1024M) 153.471ms
[2026-01-16T09:09:39.166+0000][gc,cpu      ] GC(462) User=0.12s Sys=0.00s Real=0.16s
[2026-01-16T09:09:40.998+0000][gc,start    ] GC(463) Pause Young (Normal) (G1 Evacuation Pause)
[2026-01-16T09:09:40.999+0000][gc,task     ] GC(463) Using 8 workers of 8 for evacuation
[2026-01-16T09:09:41.406+0000][gc,mmu      ] GC(463) MMU target violated: 201.0ms (200.0ms/201.0ms)
[2026-01-16T09:09:41.408+0000][gc,phases   ] GC(463)   Pre Evacuate Collection Set: 25.8ms
[2026-01-16T09:09:41.409+0000][gc,phases   ] GC(463)   Merge Heap Roots: 3.5ms
[2026-01-16T09:09:41.410+0000][gc,phases   ] GC(463)   Evacuate Collection Set: 369.0ms
[2026-01-16T09:09:41.416+0000][gc,phases   ] GC(463)   Post Evacuate Collection Set: 6.5ms
[2026-01-16T09:09:41.417+0000][gc,phases   ] GC(463)   Other: 4.4ms
[2026-01-16T09:09:41.418+0000][gc,heap     ] GC(463) Eden regions: 46->0(46)
[2026-01-16T09:09:41.419+0000][gc,heap     ] GC(463) Survivor regions: 5->5(7)
[2026-01-16T09:09:41.420+0000][gc,heap     ] GC(463) Old regions: 132->134
[2026-01-16T09:09:41.420+0000][gc,heap     ] GC(463) Humongous regions: 149->149
[2026-01-16T09:09:41.422+0000][gc,metaspace] GC(463) Metaspace: 14282K(14656K)->14282K(14656K) NonClass: 12629K(12800K)->12629K(12800K) Class: 1652K(1856K)->1652K(1856K)
[2026-01-16T09:09:41.422+0000][gc          ] GC(463) Pause Young (Normal) (G1 Evacuation Pause) 331M->286M(1024M) 424.137ms
[2026-01-16T09:09:41.424+0000][gc,cpu      ] GC(463) User=0.30s Sys=0.03s Real=0.42s
[2026-01-16T09:09:42.563+0000][gc,start    ] GC(464) Pause Young (Normal) (G1 Evacuation Pause)
[2026-01-16T09:09:42.615+0000][gc,task     ] GC(464) Using 8 workers of 8 for evacuation
[2026-01-16T09:09:42.891+0000][gc,mmu      ] GC(464) MMU target violated: 201.0ms (200.0ms/201.0ms)
[2026-01-16T09:09:42.892+0000][gc,phases   ] GC(464)   Pre Evacuate Collection Set: 51.7ms
[2026-01-16T09:09:42.893+0000][gc,phases   ] GC(464)   Merge Heap Roots: 1.2ms
[2026-01-16T09:09:42.895+0000][gc,phases   ] GC(464)   Evacuate Collection Set: 194.7ms
[2026-01-16T09:09:42.897+0000][gc,phases   ] GC(464)   Post Evacuate Collection Set: 21.5ms
[2026-01-16T09:09:42.900+0000][gc,phases   ] GC(464)   Other: 44.0ms
[2026-01-16T09:09:42.901+0000][gc,heap     ] GC(464) Eden regions: 46->0(47)
[2026-01-16T09:09:42.901+0000][gc,heap     ] GC(464) Survivor regions: 5->4(7)
[2026-01-16T09:09:42.902+0000][gc,heap     ] GC(464) Old regions: 134->134
[2026-01-16T09:09:42.902+0000][gc,heap     ] GC(464) Humongous regions: 149->149
[2026-01-16T09:09:42.903+0000][gc,metaspace] GC(464) Metaspace: 14283K(14656K)->14283K(14656K) NonClass: 12630K(12800K)->12630K(12800K) Class: 1652K(1856K)->1652K(1856K)
[2026-01-16T09:09:42.906+0000][gc          ] GC(464) Pause Young (Normal) (G1 Evacuation Pause) 332M->286M(1024M) 343.074ms
[2026-01-16T09:09:42.907+0000][gc,cpu      ] GC(464) User=0.19s Sys=0.01s Real=0.35s
[2026-01-16T09:09:44.171+0000][gc,start    ] GC(465) Pause Young (Normal) (G1 Evacuation Pause)
[2026-01-16T09:09:44.175+0000][gc,task     ] GC(465) Using 8 workers of 8 for evacuation
[2026-01-16T09:09:44.432+0000][gc,mmu      ] GC(465) MMU target violated: 201.0ms (200.0ms/201.0ms)
[2026-01-16T09:09:44.434+0000][gc,phases   ] GC(465)   Pre Evacuate Collection Set: 37.2ms
[2026-01-16T09:09:44.435+0000][gc,phases   ] GC(465)   Merge Heap Roots: 9.4ms
[2026-01-16T09:09:44.436+0000][gc,phases   ] GC(465)   Evacuate Collection Set: 188.5ms
[2026-01-16T09:09:44.438+0000][gc,phases   ] GC(465)   Post Evacuate Collection Set: 20.6ms
[2026-01-16T09:09:44.442+0000][gc,phases   ] GC(465)   Other: 4.0ms
[2026-01-16T09:09:44.443+0000][gc,heap     ] GC(465) Eden regions: 47->0(46)
[2026-01-16T09:09:44.443+0000][gc,heap     ] GC(465) Survivor regions: 4->5(7)
[2026-01-16T09:09:44.452+0000][gc,heap     ] GC(465) Old regions: 134->134
[2026-01-16T09:09:44.456+0000][gc,heap     ] GC(465) Humongous regions: 149->149
[2026-01-16T09:09:44.458+0000][gc,metaspace] GC(465) Metaspace: 14283K(14656K)->14283K(14656K) NonClass: 12630K(12800K)->12630K(12800K) Class: 1652K(1856K)->1652K(1856K)
[2026-01-16T09:09:44.461+0000][gc          ] GC(465) Pause Young (Normal) (G1 Evacuation Pause) 333M->286M(1024M) 289.919ms
[2026-01-16T09:09:44.462+0000][gc,cpu      ] GC(465) User=0.19s Sys=0.01s Real=0.29s
[2026-01-16T09:09:46.014+0000][gc,start    ] GC(466) Pause Young (Normal) (G1 Evacuation Pause)
[2026-01-16T09:09:46.040+0000][gc,task     ] GC(466) Using 8 workers of 8 for evacuation
[2026-01-16T09:09:46.411+0000][gc,mmu      ] GC(466) MMU target violated: 201.0ms (200.0ms/201.0ms)
[2026-01-16T09:09:46.412+0000][gc,phases   ] GC(466)   Pre Evacuate Collection Set: 37.7ms
[2026-01-16T09:09:46.413+0000][gc,phases   ] GC(466)   Merge Heap Roots: 14.4ms
[2026-01-16T09:09:46.414+0000][gc,phases   ] GC(466)   Evacuate Collection Set: 270.2ms
[2026-01-16T09:09:46.414+0000][gc,phases   ] GC(466)   Post Evacuate Collection Set: 23.6ms
[2026-01-16T09:09:46.417+0000][gc,phases   ] GC(466)   Other: 26.9ms
[2026-01-16T09:09:46.418+0000][gc,heap     ] GC(466) Eden regions: 46->0(46)
[2026-01-16T09:09:46.422+0000][gc,heap     ] GC(466) Survivor regions: 5->5(7)
[2026-01-16T09:09:46.423+0000][gc,heap     ] GC(466) Old regions: 134->135
[2026-01-16T09:09:46.423+0000][gc,heap     ] GC(466) Humongous regions: 149->149
[2026-01-16T09:09:46.424+0000][gc,metaspace] GC(466) Metaspace: 14284K(14656K)->14284K(14656K) NonClass: 12631K(12800K)->12631K(12800K) Class: 1652K(1856K)->1652K(1856K)
[2026-01-16T09:09:46.424+0000][gc          ] GC(466) Pause Young (Normal) (G1 Evacuation Pause) 332M->287M(1024M) 409.580ms
[2026-01-16T09:09:46.426+0000][gc,cpu      ] GC(466) User=0.20s Sys=0.02s Real=0.42s
[2026-01-16T09:09:48.257+0000][gc,start    ] GC(467) Pause Young (Normal) (GCLocker Initiated GC)
[2026-01-16T09:09:48.265+0000][gc,task     ] GC(467) Using 8 workers of 8 for evacuation
[2026-01-16T09:09:48.645+0000][gc,mmu      ] GC(467) MMU target violated: 201.0ms (200.0ms/201.0ms)
[2026-01-16T09:09:48.649+0000][gc,phases   ] GC(467)   Pre Evacuate Collection Set: 19.9ms
[2026-01-16T09:09:48.652+0000][gc,phases   ] GC(467)   Merge Heap Roots: 2.9ms
[2026-01-16T09:09:48.653+0000][gc,phases   ] GC(467)   Evacuate Collection Set: 336.1ms
[2026-01-16T09:09:48.653+0000][gc,phases   ] GC(467)   Post Evacuate Collection Set: 18.0ms
[2026-01-16T09:09:48.653+0000][gc,phases   ] GC(467)   Other: 7.9ms
[2026-01-16T09:09:48.654+0000][gc,heap     ] GC(467) Eden regions: 48->0(45)
[2026-01-16T09:09:48.658+0000][gc,heap     ] GC(467) Survivor regions: 5->6(7)
[2026-01-16T09:09:48.660+0000][gc,heap     ] GC(467) Old regions: 135->135
[2026-01-16T09:09:48.661+0000][gc,heap     ] GC(467) Humongous regions: 149->149
[2026-01-16T09:09:48.661+0000][gc,metaspace] GC(467) Metaspace: 14290K(14656K)->14290K(14656K) NonClass: 12637K(12800K)->12637K(12800K) Class: 1652K(1856K)->1652K(1856K)
[2026-01-16T09:09:48.661+0000][gc          ] GC(467) Pause Young (Normal) (GCLocker Initiated GC) 335M->289M(1024M) 404.248ms
[2026-01-16T09:09:48.663+0000][gc,cpu      ] GC(467) User=0.27s Sys=0.01s Real=0.40s
[2026-01-16T09:09:50.436+0000][gc,start    ] GC(468) Pause Young (Normal) (G1 Evacuation Pause)
[2026-01-16T09:09:50.439+0000][gc,task     ] GC(468) Using 8 workers of 8 for evacuation
[2026-01-16T09:09:50.805+0000][gc,mmu      ] GC(468) MMU target violated: 201.0ms (200.0ms/201.0ms)
[2026-01-16T09:09:50.806+0000][gc,phases   ] GC(468)   Pre Evacuate Collection Set: 15.7ms
[2026-01-16T09:09:50.807+0000][gc,phases   ] GC(468)   Merge Heap Roots: 3.2ms
[2026-01-16T09:09:50.808+0000][gc,phases   ] GC(468)   Evacuate Collection Set: 334.6ms
[2026-01-16T09:09:50.808+0000][gc,phases   ] GC(468)   Post Evacuate Collection Set: 10.4ms
[2026-01-16T09:09:50.808+0000][gc,phases   ] GC(468)   Other: 4.6ms
[2026-01-16T09:09:50.808+0000][gc,heap     ] GC(468) Eden regions: 45->0(47)
[2026-01-16T09:09:50.809+0000][gc,heap     ] GC(468) Survivor regions: 6->4(7)
[2026-01-16T09:09:50.809+0000][gc,heap     ] GC(468) Old regions: 135->137
[2026-01-16T09:09:50.809+0000][gc,heap     ] GC(468) Humongous regions: 149->149
[2026-01-16T09:09:50.809+0000][gc,metaspace] GC(468) Metaspace: 14292K(14656K)->14292K(14656K) NonClass: 12639K(12800K)->12639K(12800K) Class: 1652K(1856K)->1652K(1856K)
[2026-01-16T09:09:50.810+0000][gc          ] GC(468) Pause Young (Normal) (G1 Evacuation Pause) 334M->289M(1024M) 374.328ms
[2026-01-16T09:09:50.810+0000][gc,cpu      ] GC(468) User=0.20s Sys=0.02s Real=0.37s
[2026-01-16T09:09:52.117+0000][gc,start    ] GC(469) Pause Young (Normal) (G1 Evacuation Pause)
[2026-01-16T09:09:52.144+0000][gc,task     ] GC(469) Using 8 workers of 8 for evacuation
[2026-01-16T09:09:52.493+0000][gc,mmu      ] GC(469) MMU target violated: 201.0ms (200.0ms/201.0ms)
[2026-01-16T09:09:52.493+0000][gc,phases   ] GC(469)   Pre Evacuate Collection Set: 84.5ms
[2026-01-16T09:09:52.493+0000][gc,phases   ] GC(469)   Merge Heap Roots: 4.0ms
[2026-01-16T09:09:52.494+0000][gc,phases   ] GC(469)   Evacuate Collection Set: 249.6ms
[2026-01-16T09:09:52.496+0000][gc,phases   ] GC(469)   Post Evacuate Collection Set: 7.8ms
[2026-01-16T09:09:52.497+0000][gc,phases   ] GC(469)   Other: 15.3ms
[2026-01-16T09:09:52.498+0000][gc,heap     ] GC(469) Eden regions: 47->0(46)
[2026-01-16T09:09:52.499+0000][gc,heap     ] GC(469) Survivor regions: 4->5(7)
[2026-01-16T09:09:52.499+0000][gc,heap     ] GC(469) Old regions: 137->137
[2026-01-16T09:09:52.500+0000][gc,heap     ] GC(469) Humongous regions: 149->149
[2026-01-16T09:09:52.500+0000][gc,metaspace] GC(469) Metaspace: 14292K(14656K)->14292K(14656K) NonClass: 12639K(12800K)->12639K(12800K) Class: 1652K(1856K)->1652K(1856K)
[2026-01-16T09:09:52.501+0000][gc          ] GC(469) Pause Young (Normal) (G1 Evacuation Pause) 336M->289M(1024M) 384.382ms
[2026-01-16T09:09:52.502+0000][gc,cpu      ] GC(469) User=0.17s Sys=0.01s Real=0.38s
[2026-01-16T09:09:54.030+0000][gc,start    ] GC(470) Pause Young (Normal) (G1 Evacuation Pause)
[2026-01-16T09:09:54.053+0000][gc,task     ] GC(470) Using 8 workers of 8 for evacuation
[2026-01-16T09:09:54.429+0000][gc,mmu      ] GC(470) MMU target violated: 201.0ms (200.0ms/201.0ms)
[2026-01-16T09:09:54.430+0000][gc,phases   ] GC(470)   Pre Evacuate Collection Set: 20.6ms
[2026-01-16T09:09:54.431+0000][gc,phases   ] GC(470)   Merge Heap Roots: 1.1ms
[2026-01-16T09:09:54.431+0000][gc,phases   ] GC(470)   Evacuate Collection Set: 338.8ms
[2026-01-16T09:09:54.431+0000][gc,phases   ] GC(470)   Post Evacuate Collection Set: 6.3ms
[2026-01-16T09:09:54.432+0000][gc,phases   ] GC(470)   Other: 11.5ms
[2026-01-16T09:09:54.432+0000][gc,heap     ] GC(470) Eden regions: 46->0(46)
[2026-01-16T09:09:54.433+0000][gc,heap     ] GC(470) Survivor regions: 5->5(7)
[2026-01-16T09:09:54.435+0000][gc,heap     ] GC(470) Old regions: 137->138
[2026-01-16T09:09:54.437+0000][gc,heap     ] GC(470) Humongous regions: 149->149
[2026-01-16T09:09:54.437+0000][gc,metaspace] GC(470) Metaspace: 14292K(14656K)->14292K(14656K) NonClass: 12639K(12800K)->12639K(12800K) Class: 1652K(1856K)->1652K(1856K)
[2026-01-16T09:09:54.438+0000][gc          ] GC(470) Pause Young (Normal) (G1 Evacuation Pause) 335M->290M(1024M) 407.774ms
[2026-01-16T09:09:54.439+0000][gc,cpu      ] GC(470) User=0.25s Sys=0.03s Real=0.41s
[2026-01-16T09:09:55.521+0000][gc,start    ] GC(471) Pause Young (Normal) (G1 Evacuation Pause)
[2026-01-16T09:09:55.522+0000][gc,task     ] GC(471) Using 8 workers of 8 for evacuation
[2026-01-16T09:09:56.211+0000][gc,mmu      ] GC(471) MMU target violated: 201.0ms (200.0ms/201.0ms)
[2026-01-16T09:09:56.213+0000][gc,phases   ] GC(471)   Pre Evacuate Collection Set: 21.1ms
[2026-01-16T09:09:56.214+0000][gc,phases   ] GC(471)   Merge Heap Roots: 6.2ms
[2026-01-16T09:09:56.214+0000][gc,phases   ] GC(471)   Evacuate Collection Set: 634.7ms
[2026-01-16T09:09:56.214+0000][gc,phases   ] GC(471)   Post Evacuate Collection Set: 25.0ms
[2026-01-16T09:09:56.214+0000][gc,phases   ] GC(471)   Other: 4.7ms
[2026-01-16T09:09:56.215+0000][gc,heap     ] GC(471) Eden regions: 46->0(46)
[2026-01-16T09:09:56.215+0000][gc,heap     ] GC(471) Survivor regions: 5->5(7)
[2026-01-16T09:09:56.216+0000][gc,heap     ] GC(471) Old regions: 138->138
[2026-01-16T09:09:56.216+0000][gc,heap     ] GC(471) Humongous regions: 149->149
[2026-01-16T09:09:56.218+0000][gc,metaspace] GC(471) Metaspace: 14292K(14656K)->14292K(14656K) NonClass: 12639K(12800K)->12639K(12800K) Class: 1652K(1856K)->1652K(1856K)
[2026-01-16T09:09:56.220+0000][gc          ] GC(471) Pause Young (Normal) (G1 Evacuation Pause) 336M->291M(1024M) 699.002ms
[2026-01-16T09:09:56.220+0000][gc,cpu      ] GC(471) User=0.28s Sys=0.02s Real=0.70s
[2026-01-16T09:09:57.724+0000][gc,start    ] GC(472) Pause Young (Normal) (G1 Evacuation Pause)
[2026-01-16T09:09:57.765+0000][gc,task     ] GC(472) Using 8 workers of 8 for evacuation
[2026-01-16T09:09:58.184+0000][gc,mmu      ] GC(472) MMU target violated: 201.0ms (200.0ms/201.0ms)
[2026-01-16T09:09:58.187+0000][gc,phases   ] GC(472)   Pre Evacuate Collection Set: 25.2ms
[2026-01-16T09:09:58.187+0000][gc,phases   ] GC(472)   Merge Heap Roots: 7.4ms
[2026-01-16T09:09:58.189+0000][gc,phases   ] GC(472)   Evacuate Collection Set: 364.3ms
[2026-01-16T09:09:58.190+0000][gc,phases   ] GC(472)   Post Evacuate Collection Set: 21.5ms
[2026-01-16T09:09:58.190+0000][gc,phases   ] GC(472)   Other: 8.9ms
[2026-01-16T09:09:58.191+0000][gc,heap     ] GC(472) Eden regions: 46->0(46)
[2026-01-16T09:09:58.192+0000][gc,heap     ] GC(472) Survivor regions: 5->5(7)
[2026-01-16T09:09:58.193+0000][gc,heap     ] GC(472) Old regions: 138->140
[2026-01-16T09:09:58.196+0000][gc,heap     ] GC(472) Humongous regions: 149->149
[2026-01-16T09:09:58.198+0000][gc,metaspace] GC(472) Metaspace: 14301K(14656K)->14301K(14656K) NonClass: 12647K(12800K)->12647K(12800K) Class: 1654K(1856K)->1654K(1856K)
[2026-01-16T09:09:58.199+0000][gc          ] GC(472) Pause Young (Normal) (G1 Evacuation Pause) 337M->292M(1024M) 475.044ms
[2026-01-16T09:09:58.201+0000][gc,cpu      ] GC(472) User=0.32s Sys=0.02s Real=0.48s
[2026-01-16T09:10:00.484+0000][gc,start    ] GC(473) Pause Young (Normal) (G1 Evacuation Pause)
[2026-01-16T09:10:00.491+0000][gc,task     ] GC(473) Using 8 workers of 8 for evacuation
[2026-01-16T09:10:01.199+0000][gc,mmu      ] GC(473) MMU target violated: 201.0ms (200.0ms/201.0ms)
[2026-01-16T09:10:01.201+0000][gc,phases   ] GC(473)   Pre Evacuate Collection Set: 44.8ms
[2026-01-16T09:10:01.201+0000][gc,phases   ] GC(473)   Merge Heap Roots: 5.0ms
[2026-01-16T09:10:01.202+0000][gc,phases   ] GC(473)   Evacuate Collection Set: 627.1ms
[2026-01-16T09:10:01.202+0000][gc,phases   ] GC(473)   Post Evacuate Collection Set: 18.4ms
[2026-01-16T09:10:01.202+0000][gc,phases   ] GC(473)   Other: 19.1ms
[2026-01-16T09:10:01.202+0000][gc,heap     ] GC(473) Eden regions: 46->0(47)
[2026-01-16T09:10:01.203+0000][gc,heap     ] GC(473) Survivor regions: 5->4(7)
[2026-01-16T09:10:01.203+0000][gc,heap     ] GC(473) Old regions: 140->141
[2026-01-16T09:10:01.203+0000][gc,heap     ] GC(473) Humongous regions: 149->149
[2026-01-16T09:10:01.203+0000][gc,metaspace] GC(473) Metaspace: 14306K(14656K)->14306K(14656K) NonClass: 12651K(12800K)->12651K(12800K) Class: 1654K(1856K)->1654K(1856K)
[2026-01-16T09:10:01.204+0000][gc          ] GC(473) Pause Young (Normal) (G1 Evacuation Pause) 338M->293M(1024M) 719.665ms
[2026-01-16T09:10:01.204+0000][gc,cpu      ] GC(473) User=0.32s Sys=0.01s Real=0.72s
[2026-01-16T09:10:02.617+0000][gc,start    ] GC(474) Pause Young (Normal) (G1 Evacuation Pause)
[2026-01-16T09:10:02.618+0000][gc,task     ] GC(474) Using 8 workers of 8 for evacuation
[2026-01-16T09:10:02.914+0000][gc,mmu      ] GC(474) MMU target violated: 201.0ms (200.0ms/201.0ms)
[2026-01-16T09:10:02.915+0000][gc,phases   ] GC(474)   Pre Evacuate Collection Set: 37.9ms
[2026-01-16T09:10:02.915+0000][gc,phases   ] GC(474)   Merge Heap Roots: 0.6ms
[2026-01-16T09:10:02.915+0000][gc,phases   ] GC(474)   Evacuate Collection Set: 250.4ms
[2026-01-16T09:10:02.916+0000][gc,phases   ] GC(474)   Post Evacuate Collection Set: 5.1ms
[2026-01-16T09:10:02.916+0000][gc,phases   ] GC(474)   Other: 2.7ms
[2026-01-16T09:10:02.916+0000][gc,heap     ] GC(474) Eden regions: 47->0(47)
[2026-01-16T09:10:02.917+0000][gc,heap     ] GC(474) Survivor regions: 4->4(7)
[2026-01-16T09:10:02.917+0000][gc,heap     ] GC(474) Old regions: 141->141
[2026-01-16T09:10:02.917+0000][gc,heap     ] GC(474) Humongous regions: 149->149
[2026-01-16T09:10:02.918+0000][gc,metaspace] GC(474) Metaspace: 14341K(14720K)->14341K(14720K) NonClass: 12679K(12864K)->12679K(12864K) Class: 1661K(1856K)->1661K(1856K)
[2026-01-16T09:10:02.919+0000][gc          ] GC(474) Pause Young (Normal) (G1 Evacuation Pause) 340M->293M(1024M) 301.159ms
[2026-01-16T09:10:02.919+0000][gc,cpu      ] GC(474) User=0.19s Sys=0.01s Real=0.31s
[2026-01-16T09:10:03.661+0000][gc,start    ] GC(475) Pause Young (Normal) (G1 Evacuation Pause)
[2026-01-16T09:10:03.667+0000][gc,task     ] GC(475) Using 8 workers of 8 for evacuation
[2026-01-16T09:10:04.029+0000][gc,mmu      ] GC(475) MMU target violated: 201.0ms (200.0ms/201.0ms)
[2026-01-16T09:10:04.047+0000][gc,phases   ] GC(475)   Pre Evacuate Collection Set: 75.3ms
[2026-01-16T09:10:04.048+0000][gc,phases   ] GC(475)   Merge Heap Roots: 11.0ms
[2026-01-16T09:10:04.080+0000][gc,phases   ] GC(475)   Evacuate Collection Set: 197.8ms
[2026-01-16T09:10:04.081+0000][gc,phases   ] GC(475)   Post Evacuate Collection Set: 67.6ms
[2026-01-16T09:10:04.081+0000][gc,phases   ] GC(475)   Other: 27.8ms
[2026-01-16T09:10:04.081+0000][gc,heap     ] GC(475) Eden regions: 47->0(47)
[2026-01-16T09:10:04.082+0000][gc,heap     ] GC(475) Survivor regions: 4->4(7)
[2026-01-16T09:10:04.082+0000][gc,heap     ] GC(475) Old regions: 141->142
[2026-01-16T09:10:04.082+0000][gc,heap     ] GC(475) Humongous regions: 149->149
[2026-01-16T09:10:04.083+0000][gc,metaspace] GC(475) Metaspace: 14346K(14720K)->14346K(14720K) NonClass: 12683K(12864K)->12683K(12864K) Class: 1662K(1856K)->1662K(1856K)
[2026-01-16T09:10:04.083+0000][gc          ] GC(475) Pause Young (Normal) (G1 Evacuation Pause) 340M->294M(1024M) 421.567ms
[2026-01-16T09:10:04.083+0000][gc,cpu      ] GC(475) User=0.15s Sys=0.02s Real=0.42s
[2026-01-16T09:10:04.782+0000][gc,start    ] GC(476) Pause Young (Normal) (G1 Evacuation Pause)
[2026-01-16T09:10:04.787+0000][gc,task     ] GC(476) Using 8 workers of 8 for evacuation
[2026-01-16T09:10:05.080+0000][gc,mmu      ] GC(476) MMU target violated: 201.0ms (200.0ms/201.0ms)
[2026-01-16T09:10:05.082+0000][gc,phases   ] GC(476)   Pre Evacuate Collection Set: 15.9ms
[2026-01-16T09:10:05.082+0000][gc,phases   ] GC(476)   Merge Heap Roots: 3.3ms
[2026-01-16T09:10:05.082+0000][gc,phases   ] GC(476)   Evacuate Collection Set: 224.7ms
[2026-01-16T09:10:05.083+0000][gc,phases   ] GC(476)   Post Evacuate Collection Set: 46.9ms
[2026-01-16T09:10:05.083+0000][gc,phases   ] GC(476)   Other: 4.1ms
[2026-01-16T09:10:05.084+0000][gc,heap     ] GC(476) Eden regions: 47->0(46)
[2026-01-16T09:10:05.086+0000][gc,heap     ] GC(476) Survivor regions: 4->5(7)
[2026-01-16T09:10:05.087+0000][gc,heap     ] GC(476) Old regions: 142->143
[2026-01-16T09:10:05.089+0000][gc,heap     ] GC(476) Humongous regions: 149->149
[2026-01-16T09:10:05.090+0000][gc,metaspace] GC(476) Metaspace: 14354K(14720K)->14354K(14720K) NonClass: 12690K(12864K)->12690K(12864K) Class: 1663K(1856K)->1663K(1856K)
[2026-01-16T09:10:05.091+0000][gc          ] GC(476) Pause Young (Normal) (G1 Evacuation Pause) 341M->295M(1024M) 308.707ms
[2026-01-16T09:10:05.091+0000][gc,cpu      ] GC(476) User=0.15s Sys=0.01s Real=0.31s
[2026-01-16T09:10:06.297+0000][gc,start    ] GC(477) Pause Young (Normal) (G1 Evacuation Pause)
[2026-01-16T09:10:06.298+0000][gc,task     ] GC(477) Using 8 workers of 8 for evacuation
[2026-01-16T09:10:06.587+0000][gc,mmu      ] GC(477) MMU target violated: 201.0ms (200.0ms/201.0ms)
[2026-01-16T09:10:06.587+0000][gc,phases   ] GC(477)   Pre Evacuate Collection Set: 55.5ms
[2026-01-16T09:10:06.587+0000][gc,phases   ] GC(477)   Merge Heap Roots: 14.6ms
[2026-01-16T09:10:06.588+0000][gc,phases   ] GC(477)   Evacuate Collection Set: 215.3ms
[2026-01-16T09:10:06.588+0000][gc,phases   ] GC(477)   Post Evacuate Collection Set: 1.9ms
[2026-01-16T09:10:06.589+0000][gc,phases   ] GC(477)   Other: 2.0ms
[2026-01-16T09:10:06.589+0000][gc,heap     ] GC(477) Eden regions: 46->0(46)
[2026-01-16T09:10:06.589+0000][gc,heap     ] GC(477) Survivor regions: 5->5(7)
[2026-01-16T09:10:06.590+0000][gc,heap     ] GC(477) Old regions: 143->144
[2026-01-16T09:10:06.590+0000][gc,heap     ] GC(477) Humongous regions: 149->149
[2026-01-16T09:10:06.590+0000][gc,metaspace] GC(477) Metaspace: 14354K(14720K)->14354K(14720K) NonClass: 12690K(12864K)->12690K(12864K) Class: 1663K(1856K)->1663K(1856K)
[2026-01-16T09:10:06.591+0000][gc          ] GC(477) Pause Young (Normal) (G1 Evacuation Pause) 341M->296M(1024M) 294.705ms
[2026-01-16T09:10:06.592+0000][gc,cpu      ] GC(477) User=0.16s Sys=0.01s Real=0.30s
[2026-01-16T09:10:07.997+0000][gc,start    ] GC(478) Pause Young (Normal) (G1 Evacuation Pause)
[2026-01-16T09:10:08.001+0000][gc,task     ] GC(478) Using 8 workers of 8 for evacuation
[2026-01-16T09:10:08.295+0000][gc,mmu      ] GC(478) MMU target violated: 201.0ms (200.0ms/201.0ms)
[2026-01-16T09:10:08.296+0000][gc,phases   ] GC(478)   Pre Evacuate Collection Set: 21.2ms
[2026-01-16T09:10:08.298+0000][gc,phases   ] GC(478)   Merge Heap Roots: 0.7ms
[2026-01-16T09:10:08.299+0000][gc,phases   ] GC(478)   Evacuate Collection Set: 259.7ms
[2026-01-16T09:10:08.301+0000][gc,phases   ] GC(478)   Post Evacuate Collection Set: 8.6ms
[2026-01-16T09:10:08.301+0000][gc,phases   ] GC(478)   Other: 5.2ms
[2026-01-16T09:10:08.303+0000][gc,heap     ] GC(478) Eden regions: 46->0(47)
[2026-01-16T09:10:08.304+0000][gc,heap     ] GC(478) Survivor regions: 5->4(7)
[2026-01-16T09:10:08.304+0000][gc,heap     ] GC(478) Old regions: 144->145
[2026-01-16T09:10:08.304+0000][gc,heap     ] GC(478) Humongous regions: 149->149
[2026-01-16T09:10:08.305+0000][gc,metaspace] GC(478) Metaspace: 14354K(14720K)->14354K(14720K) NonClass: 12690K(12864K)->12690K(12864K) Class: 1663K(1856K)->1663K(1856K)
[2026-01-16T09:10:08.306+0000][gc          ] GC(478) Pause Young (Normal) (G1 Evacuation Pause) 342M->297M(1024M) 308.922ms
[2026-01-16T09:10:08.307+0000][gc,cpu      ] GC(478) User=0.23s Sys=0.01s Real=0.31s
[2026-01-16T09:10:09.195+0000][gc,start    ] GC(479) Pause Young (Normal) (G1 Evacuation Pause)
[2026-01-16T09:10:09.203+0000][gc,task     ] GC(479) Using 8 workers of 8 for evacuation
[2026-01-16T09:10:09.497+0000][gc,mmu      ] GC(479) MMU target violated: 201.0ms (200.0ms/201.0ms)
[2026-01-16T09:10:09.498+0000][gc,phases   ] GC(479)   Pre Evacuate Collection Set: 18.2ms
[2026-01-16T09:10:09.502+0000][gc,phases   ] GC(479)   Merge Heap Roots: 5.2ms
[2026-01-16T09:10:09.503+0000][gc,phases   ] GC(479)   Evacuate Collection Set: 252.0ms
[2026-01-16T09:10:09.503+0000][gc,phases   ] GC(479)   Post Evacuate Collection Set: 10.4ms
[2026-01-16T09:10:09.504+0000][gc,phases   ] GC(479)   Other: 8.7ms
[2026-01-16T09:10:09.504+0000][gc,heap     ] GC(479) Eden regions: 47->0(46)
[2026-01-16T09:10:09.505+0000][gc,heap     ] GC(479) Survivor regions: 4->5(7)
[2026-01-16T09:10:09.507+0000][gc,heap     ] GC(479) Old regions: 145->145
[2026-01-16T09:10:09.510+0000][gc,heap     ] GC(479) Humongous regions: 149->149
[2026-01-16T09:10:09.523+0000][gc,metaspace] GC(479) Metaspace: 14356K(14720K)->14356K(14720K) NonClass: 12692K(12864K)->12692K(12864K) Class: 1663K(1856K)->1663K(1856K)
[2026-01-16T09:10:09.535+0000][gc          ] GC(479) Pause Young (Normal) (G1 Evacuation Pause) 344M->298M(1024M) 340.412ms
[2026-01-16T09:10:09.537+0000][gc,cpu      ] GC(479) User=0.21s Sys=0.02s Real=0.34s
[2026-01-16T09:10:10.523+0000][gc,start    ] GC(480) Pause Young (Normal) (G1 Evacuation Pause)
[2026-01-16T09:10:10.561+0000][gc,task     ] GC(480) Using 8 workers of 8 for evacuation
[2026-01-16T09:10:10.849+0000][gc,mmu      ] GC(480) MMU target violated: 201.0ms (200.0ms/201.0ms)
[2026-01-16T09:10:10.851+0000][gc,phases   ] GC(480)   Pre Evacuate Collection Set: 17.2ms
[2026-01-16T09:10:10.854+0000][gc,phases   ] GC(480)   Merge Heap Roots: 28.0ms
[2026-01-16T09:10:10.855+0000][gc,phases   ] GC(480)   Evacuate Collection Set: 226.3ms
[2026-01-16T09:10:10.855+0000][gc,phases   ] GC(480)   Post Evacuate Collection Set: 9.2ms
[2026-01-16T09:10:10.856+0000][gc,phases   ] GC(480)   Other: 18.3ms
[2026-01-16T09:10:10.856+0000][gc,heap     ] GC(480) Eden regions: 46->0(46)
[2026-01-16T09:10:10.857+0000][gc,heap     ] GC(480) Survivor regions: 5->5(7)
[2026-01-16T09:10:10.857+0000][gc,heap     ] GC(480) Old regions: 145->146
[2026-01-16T09:10:10.858+0000][gc,heap     ] GC(480) Humongous regions: 149->149
[2026-01-16T09:10:10.858+0000][gc,metaspace] GC(480) Metaspace: 14362K(14720K)->14362K(14720K) NonClass: 12697K(12864K)->12697K(12864K) Class: 1664K(1856K)->1664K(1856K)
[2026-01-16T09:10:10.859+0000][gc          ] GC(480) Pause Young (Normal) (G1 Evacuation Pause) 344M->298M(1024M) 336.077ms
[2026-01-16T09:10:10.861+0000][gc,cpu      ] GC(480) User=0.24s Sys=0.02s Real=0.34s
[2026-01-16T09:10:11.592+0000][gc,start    ] GC(481) Pause Young (Normal) (G1 Evacuation Pause)
[2026-01-16T09:10:11.594+0000][gc,task     ] GC(481) Using 8 workers of 8 for evacuation
[2026-01-16T09:10:11.869+0000][gc,mmu      ] GC(481) MMU target violated: 201.0ms (200.0ms/201.0ms)
[2026-01-16T09:10:11.869+0000][gc,phases   ] GC(481)   Pre Evacuate Collection Set: 10.5ms
[2026-01-16T09:10:11.871+0000][gc,phases   ] GC(481)   Merge Heap Roots: 3.6ms
[2026-01-16T09:10:11.876+0000][gc,phases   ] GC(481)   Evacuate Collection Set: 244.7ms
[2026-01-16T09:10:11.877+0000][gc,phases   ] GC(481)   Post Evacuate Collection Set: 12.9ms
[2026-01-16T09:10:11.879+0000][gc,phases   ] GC(481)   Other: 3.9ms
[2026-01-16T09:10:11.881+0000][gc,heap     ] GC(481) Eden regions: 46->0(47)
[2026-01-16T09:10:11.882+0000][gc,heap     ] GC(481) Survivor regions: 5->4(7)
[2026-01-16T09:10:11.882+0000][gc,heap     ] GC(481) Old regions: 146->147
[2026-01-16T09:10:11.883+0000][gc,heap     ] GC(481) Humongous regions: 149->149
[2026-01-16T09:10:11.885+0000][gc,metaspace] GC(481) Metaspace: 14362K(14720K)->14362K(14720K) NonClass: 12697K(12864K)->12697K(12864K) Class: 1664K(1856K)->1664K(1856K)
[2026-01-16T09:10:11.886+0000][gc          ] GC(481) Pause Young (Normal) (G1 Evacuation Pause) 344M->299M(1024M) 293.904ms
[2026-01-16T09:10:11.889+0000][gc,cpu      ] GC(481) User=0.11s Sys=0.01s Real=0.30s
[2026-01-16T09:10:12.547+0000][gc,start    ] GC(482) Pause Young (Normal) (G1 Evacuation Pause)
[2026-01-16T09:10:12.549+0000][gc,task     ] GC(482) Using 8 workers of 8 for evacuation
[2026-01-16T09:10:12.853+0000][gc,mmu      ] GC(482) MMU target violated: 201.0ms (200.0ms/201.0ms)
[2026-01-16T09:10:12.855+0000][gc,phases   ] GC(482)   Pre Evacuate Collection Set: 1.5ms
[2026-01-16T09:10:12.857+0000][gc,phases   ] GC(482)   Merge Heap Roots: 2.6ms
[2026-01-16T09:10:12.857+0000][gc,phases   ] GC(482)   Evacuate Collection Set: 284.8ms
[2026-01-16T09:10:12.859+0000][gc,phases   ] GC(482)   Post Evacuate Collection Set: 3.1ms
[2026-01-16T09:10:12.861+0000][gc,phases   ] GC(482)   Other: 13.5ms
[2026-01-16T09:10:12.866+0000][gc,heap     ] GC(482) Eden regions: 47->0(46)
[2026-01-16T09:10:12.870+0000][gc,heap     ] GC(482) Survivor regions: 4->5(7)
[2026-01-16T09:10:12.871+0000][gc,heap     ] GC(482) Old regions: 147->148
[2026-01-16T09:10:12.871+0000][gc,heap     ] GC(482) Humongous regions: 149->149
[2026-01-16T09:10:12.872+0000][gc,metaspace] GC(482) Metaspace: 14362K(14720K)->14362K(14720K) NonClass: 12697K(12864K)->12697K(12864K) Class: 1664K(1856K)->1664K(1856K)
[2026-01-16T09:10:12.873+0000][gc          ] GC(482) Pause Young (Normal) (G1 Evacuation Pause) 346M->300M(1024M) 325.392ms
[2026-01-16T09:10:12.873+0000][gc,cpu      ] GC(482) User=0.19s Sys=0.01s Real=0.33s
[2026-01-16T09:10:14.708+0000][gc,start    ] GC(483) Pause Young (Normal) (G1 Evacuation Pause)
[2026-01-16T09:10:14.710+0000][gc,task     ] GC(483) Using 8 workers of 8 for evacuation
[2026-01-16T09:10:15.262+0000][gc,mmu      ] GC(483) MMU target violated: 201.0ms (200.0ms/201.0ms)
[2026-01-16T09:10:15.265+0000][gc,phases   ] GC(483)   Pre Evacuate Collection Set: 7.8ms
[2026-01-16T09:10:15.272+0000][gc,phases   ] GC(483)   Merge Heap Roots: 1.8ms
[2026-01-16T09:10:15.275+0000][gc,phases   ] GC(483)   Evacuate Collection Set: 527.8ms
[2026-01-16T09:10:15.276+0000][gc,phases   ] GC(483)   Post Evacuate Collection Set: 13.6ms
[2026-01-16T09:10:15.277+0000][gc,phases   ] GC(483)   Other: 4.3ms
[2026-01-16T09:10:15.281+0000][gc,heap     ] GC(483) Eden regions: 46->0(47)
[2026-01-16T09:10:15.284+0000][gc,heap     ] GC(483) Survivor regions: 5->4(7)
[2026-01-16T09:10:15.287+0000][gc,heap     ] GC(483) Old regions: 148->149
[2026-01-16T09:10:15.289+0000][gc,heap     ] GC(483) Humongous regions: 149->149
[2026-01-16T09:10:15.290+0000][gc,metaspace] GC(483) Metaspace: 14371K(14720K)->14371K(14720K) NonClass: 12704K(12864K)->12704K(12864K) Class: 1666K(1856K)->1666K(1856K)
[2026-01-16T09:10:15.292+0000][gc          ] GC(483) Pause Young (Normal) (G1 Evacuation Pause) 346M->300M(1024M) 583.609ms
[2026-01-16T09:10:15.299+0000][gc,cpu      ] GC(483) User=0.27s Sys=0.01s Real=0.59s
[2026-01-16T09:10:16.661+0000][gc,start    ] GC(484) Pause Young (Normal) (G1 Evacuation Pause)
[2026-01-16T09:10:16.664+0000][gc,task     ] GC(484) Using 8 workers of 8 for evacuation
[2026-01-16T09:10:17.121+0000][gc,mmu      ] GC(484) MMU target violated: 201.0ms (200.0ms/201.0ms)
[2026-01-16T09:10:17.126+0000][gc,phases   ] GC(484)   Pre Evacuate Collection Set: 19.7ms
[2026-01-16T09:10:17.127+0000][gc,phases   ] GC(484)   Merge Heap Roots: 10.0ms
[2026-01-16T09:10:17.128+0000][gc,phases   ] GC(484)   Evacuate Collection Set: 415.5ms
[2026-01-16T09:10:17.128+0000][gc,phases   ] GC(484)   Post Evacuate Collection Set: 11.0ms
[2026-01-16T09:10:17.128+0000][gc,phases   ] GC(484)   Other: 5.7ms
[2026-01-16T09:10:17.129+0000][gc,heap     ] GC(484) Eden regions: 47->0(47)
[2026-01-16T09:10:17.130+0000][gc,heap     ] GC(484) Survivor regions: 4->4(7)
[2026-01-16T09:10:17.131+0000][gc,heap     ] GC(484) Old regions: 149->149
[2026-01-16T09:10:17.132+0000][gc,heap     ] GC(484) Humongous regions: 149->149
[2026-01-16T09:10:17.132+0000][gc,metaspace] GC(484) Metaspace: 14371K(14720K)->14371K(14720K) NonClass: 12704K(12864K)->12704K(12864K) Class: 1666K(1856K)->1666K(1856K)
[2026-01-16T09:10:17.133+0000][gc          ] GC(484) Pause Young (Normal) (G1 Evacuation Pause) 347M->301M(1024M) 472.420ms
[2026-01-16T09:10:17.134+0000][gc,cpu      ] GC(484) User=0.25s Sys=0.02s Real=0.47s
[2026-01-16T09:10:19.138+0000][gc,start    ] GC(485) Pause Young (Normal) (GCLocker Initiated GC)
[2026-01-16T09:10:19.142+0000][gc,task     ] GC(485) Using 8 workers of 8 for evacuation
[2026-01-16T09:10:19.342+0000][gc,phases   ] GC(485)   Pre Evacuate Collection Set: 12.9ms
[2026-01-16T09:10:19.343+0000][gc,phases   ] GC(485)   Merge Heap Roots: 6.6ms
[2026-01-16T09:10:19.343+0000][gc,phases   ] GC(485)   Evacuate Collection Set: 169.6ms
[2026-01-16T09:10:19.347+0000][gc,phases   ] GC(485)   Post Evacuate Collection Set: 9.5ms
[2026-01-16T09:10:19.348+0000][gc,phases   ] GC(485)   Other: 1.3ms
[2026-01-16T09:10:19.348+0000][gc,heap     ] GC(485) Eden regions: 49->0(46)
[2026-01-16T09:10:19.348+0000][gc,heap     ] GC(485) Survivor regions: 4->5(7)
[2026-01-16T09:10:19.348+0000][gc,heap     ] GC(485) Old regions: 149->149
[2026-01-16T09:10:19.348+0000][gc,heap     ] GC(485) Humongous regions: 149->149
[2026-01-16T09:10:19.349+0000][gc,metaspace] GC(485) Metaspace: 14373K(14720K)->14373K(14720K) NonClass: 12706K(12864K)->12706K(12864K) Class: 1666K(1856K)->1666K(1856K)
[2026-01-16T09:10:19.350+0000][gc          ] GC(485) Pause Young (Normal) (GCLocker Initiated GC) 350M->301M(1024M) 212.161ms
[2026-01-16T09:10:19.350+0000][gc,cpu      ] GC(485) User=0.19s Sys=0.01s Real=0.22s
[2026-01-16T09:10:20.611+0000][gc,start    ] GC(486) Pause Young (Normal) (G1 Evacuation Pause)
[2026-01-16T09:10:20.612+0000][gc,task     ] GC(486) Using 8 workers of 8 for evacuation
[2026-01-16T09:10:20.796+0000][gc,phases   ] GC(486)   Pre Evacuate Collection Set: 8.2ms
[2026-01-16T09:10:20.798+0000][gc,phases   ] GC(486)   Merge Heap Roots: 3.8ms
[2026-01-16T09:10:20.801+0000][gc,phases   ] GC(486)   Evacuate Collection Set: 151.9ms
[2026-01-16T09:10:20.802+0000][gc,phases   ] GC(486)   Post Evacuate Collection Set: 18.2ms
[2026-01-16T09:10:20.803+0000][gc,phases   ] GC(486)   Other: 0.9ms
[2026-01-16T09:10:20.804+0000][gc,heap     ] GC(486) Eden regions: 46->0(46)
[2026-01-16T09:10:20.804+0000][gc,heap     ] GC(486) Survivor regions: 5->5(7)
[2026-01-16T09:10:20.804+0000][gc,heap     ] GC(486) Old regions: 149->150
[2026-01-16T09:10:20.804+0000][gc,heap     ] GC(486) Humongous regions: 149->149
[2026-01-16T09:10:20.804+0000][gc,metaspace] GC(486) Metaspace: 14373K(14720K)->14373K(14720K) NonClass: 12706K(12864K)->12706K(12864K) Class: 1666K(1856K)->1666K(1856K)
[2026-01-16T09:10:20.805+0000][gc          ] GC(486) Pause Young (Normal) (G1 Evacuation Pause) 347M->302M(1024M) 193.375ms
[2026-01-16T09:10:20.805+0000][gc,cpu      ] GC(486) User=0.16s Sys=0.01s Real=0.19s
[2026-01-16T09:10:21.950+0000][gc,start    ] GC(487) Pause Young (Normal) (G1 Evacuation Pause)
[2026-01-16T09:10:21.951+0000][gc,task     ] GC(487) Using 8 workers of 8 for evacuation
[2026-01-16T09:10:22.252+0000][gc,mmu      ] GC(487) MMU target violated: 201.0ms (200.0ms/201.0ms)
[2026-01-16T09:10:22.257+0000][gc,phases   ] GC(487)   Pre Evacuate Collection Set: 13.5ms
[2026-01-16T09:10:22.263+0000][gc,phases   ] GC(487)   Merge Heap Roots: 14.5ms
[2026-01-16T09:10:22.271+0000][gc,phases   ] GC(487)   Evacuate Collection Set: 261.0ms
[2026-01-16T09:10:22.272+0000][gc,phases   ] GC(487)   Post Evacuate Collection Set: 11.0ms
[2026-01-16T09:10:22.274+0000][gc,phases   ] GC(487)   Other: 6.4ms
[2026-01-16T09:10:22.275+0000][gc,heap     ] GC(487) Eden regions: 46->0(46)
[2026-01-16T09:10:22.276+0000][gc,heap     ] GC(487) Survivor regions: 5->5(7)
[2026-01-16T09:10:22.276+0000][gc,heap     ] GC(487) Old regions: 150->151
[2026-01-16T09:10:22.277+0000][gc,heap     ] GC(487) Humongous regions: 149->149
[2026-01-16T09:10:22.277+0000][gc,metaspace] GC(487) Metaspace: 14373K(14720K)->14373K(14720K) NonClass: 12706K(12864K)->12706K(12864K) Class: 1666K(1856K)->1666K(1856K)
[2026-01-16T09:10:22.278+0000][gc          ] GC(487) Pause Young (Normal) (G1 Evacuation Pause) 348M->303M(1024M) 328.574ms
[2026-01-16T09:10:22.278+0000][gc,cpu      ] GC(487) User=0.27s Sys=0.01s Real=0.33s
[2026-01-16T09:10:23.131+0000][gc,start    ] GC(488) Pause Young (Normal) (G1 Evacuation Pause)
[2026-01-16T09:10:23.134+0000][gc,task     ] GC(488) Using 8 workers of 8 for evacuation
[2026-01-16T09:10:23.351+0000][gc,mmu      ] GC(488) MMU target violated: 201.0ms (200.0ms/201.0ms)
[2026-01-16T09:10:23.352+0000][gc,phases   ] GC(488)   Pre Evacuate Collection Set: 17.1ms
[2026-01-16T09:10:23.353+0000][gc,phases   ] GC(488)   Merge Heap Roots: 4.8ms
[2026-01-16T09:10:23.361+0000][gc,phases   ] GC(488)   Evacuate Collection Set: 191.2ms
[2026-01-16T09:10:23.363+0000][gc,phases   ] GC(488)   Post Evacuate Collection Set: 1.6ms
[2026-01-16T09:10:23.364+0000][gc,phases   ] GC(488)   Other: 4.2ms
[2026-01-16T09:10:23.364+0000][gc,heap     ] GC(488) Eden regions: 46->0(46)
[2026-01-16T09:10:23.370+0000][gc,heap     ] GC(488) Survivor regions: 5->5(7)
[2026-01-16T09:10:23.372+0000][gc,heap     ] GC(488) Old regions: 151->152
[2026-01-16T09:10:23.374+0000][gc,heap     ] GC(488) Humongous regions: 149->149
[2026-01-16T09:10:23.378+0000][gc,metaspace] GC(488) Metaspace: 14373K(14720K)->14373K(14720K) NonClass: 12706K(12864K)->12706K(12864K) Class: 1666K(1856K)->1666K(1856K)
[2026-01-16T09:10:23.381+0000][gc          ] GC(488) Pause Young (Normal) (G1 Evacuation Pause) 349M->304M(1024M) 251.099ms
[2026-01-16T09:10:23.383+0000][gc,cpu      ] GC(488) User=0.19s Sys=0.03s Real=0.25s
[2026-01-16T09:10:24.805+0000][gc,start    ] GC(489) Pause Young (Normal) (GCLocker Initiated GC)
[2026-01-16T09:10:24.814+0000][gc,task     ] GC(489) Using 8 workers of 8 for evacuation
[2026-01-16T09:10:25.148+0000][gc,mmu      ] GC(489) MMU target violated: 201.0ms (200.0ms/201.0ms)
[2026-01-16T09:10:25.153+0000][gc,phases   ] GC(489)   Pre Evacuate Collection Set: 9.9ms
[2026-01-16T09:10:25.168+0000][gc,phases   ] GC(489)   Merge Heap Roots: 3.4ms
[2026-01-16T09:10:25.169+0000][gc,phases   ] GC(489)   Evacuate Collection Set: 297.5ms
[2026-01-16T09:10:25.172+0000][gc,phases   ] GC(489)   Post Evacuate Collection Set: 19.3ms
[2026-01-16T09:10:25.175+0000][gc,phases   ] GC(489)   Other: 8.1ms
[2026-01-16T09:10:25.183+0000][gc,heap     ] GC(489) Eden regions: 46->0(47)
[2026-01-16T09:10:25.190+0000][gc,heap     ] GC(489) Survivor regions: 5->4(7)
[2026-01-16T09:10:25.191+0000][gc,heap     ] GC(489) Old regions: 152->152
[2026-01-16T09:10:25.192+0000][gc,heap     ] GC(489) Humongous regions: 149->149
[2026-01-16T09:10:25.193+0000][gc,metaspace] GC(489) Metaspace: 14373K(14720K)->14373K(14720K) NonClass: 12706K(12864K)->12706K(12864K) Class: 1666K(1856K)->1666K(1856K)
[2026-01-16T09:10:25.195+0000][gc          ] GC(489) Pause Young (Normal) (GCLocker Initiated GC) 350M->304M(1024M) 392.983ms
[2026-01-16T09:10:25.201+0000][gc,cpu      ] GC(489) User=0.24s Sys=0.01s Real=0.40s
[2026-01-16T09:10:27.095+0000][gc,start    ] GC(490) Pause Young (Normal) (G1 Evacuation Pause)
[2026-01-16T09:10:27.098+0000][gc,task     ] GC(490) Using 8 workers of 8 for evacuation
[2026-01-16T09:10:27.285+0000][gc,phases   ] GC(490)   Pre Evacuate Collection Set: 16.5ms
[2026-01-16T09:10:27.288+0000][gc,phases   ] GC(490)   Merge Heap Roots: 3.0ms
[2026-01-16T09:10:27.291+0000][gc,phases   ] GC(490)   Evacuate Collection Set: 156.1ms
[2026-01-16T09:10:27.291+0000][gc,phases   ] GC(490)   Post Evacuate Collection Set: 7.8ms
[2026-01-16T09:10:27.292+0000][gc,phases   ] GC(490)   Other: 4.1ms
[2026-01-16T09:10:27.292+0000][gc,heap     ] GC(490) Eden regions: 47->0(46)
[2026-01-16T09:10:27.294+0000][gc,heap     ] GC(490) Survivor regions: 4->5(7)
[2026-01-16T09:10:27.294+0000][gc,heap     ] GC(490) Old regions: 152->153
[2026-01-16T09:10:27.295+0000][gc,heap     ] GC(490) Humongous regions: 149->149
[2026-01-16T09:10:27.296+0000][gc,metaspace] GC(490) Metaspace: 14389K(14784K)->14389K(14784K) NonClass: 12722K(12928K)->12722K(12928K) Class: 1666K(1856K)->1666K(1856K)
[2026-01-16T09:10:27.296+0000][gc          ] GC(490) Pause Young (Normal) (G1 Evacuation Pause) 351M->305M(1024M) 201.184ms
[2026-01-16T09:10:27.298+0000][gc,cpu      ] GC(490) User=0.17s Sys=0.01s Real=0.21s
[2026-01-16T09:10:28.644+0000][gc,start    ] GC(491) Pause Young (Normal) (G1 Evacuation Pause)
[2026-01-16T09:10:28.645+0000][gc,task     ] GC(491) Using 8 workers of 8 for evacuation
[2026-01-16T09:10:29.081+0000][gc,mmu      ] GC(491) MMU target violated: 201.0ms (200.0ms/201.0ms)
[2026-01-16T09:10:29.084+0000][gc,phases   ] GC(491)   Pre Evacuate Collection Set: 41.1ms
[2026-01-16T09:10:29.085+0000][gc,phases   ] GC(491)   Merge Heap Roots: 57.9ms
[2026-01-16T09:10:29.085+0000][gc,phases   ] GC(491)   Evacuate Collection Set: 318.3ms
[2026-01-16T09:10:29.087+0000][gc,phases   ] GC(491)   Post Evacuate Collection Set: 11.4ms
[2026-01-16T09:10:29.090+0000][gc,phases   ] GC(491)   Other: 11.1ms
[2026-01-16T09:10:29.091+0000][gc,heap     ] GC(491) Eden regions: 46->0(46)
[2026-01-16T09:10:29.093+0000][gc,heap     ] GC(491) Survivor regions: 5->5(7)
[2026-01-16T09:10:29.093+0000][gc,heap     ] GC(491) Old regions: 153->153
[2026-01-16T09:10:29.093+0000][gc,heap     ] GC(491) Humongous regions: 149->149
[2026-01-16T09:10:29.098+0000][gc,metaspace] GC(491) Metaspace: 14390K(14784K)->14390K(14784K) NonClass: 12723K(12928K)->12723K(12928K) Class: 1666K(1856K)->1666K(1856K)
[2026-01-16T09:10:29.099+0000][gc          ] GC(491) Pause Young (Normal) (G1 Evacuation Pause) 351M->306M(1024M) 455.513ms
[2026-01-16T09:10:29.100+0000][gc,cpu      ] GC(491) User=0.17s Sys=0.02s Real=0.46s
[2026-01-16T09:10:31.553+0000][gc,start    ] GC(492) Pause Young (Normal) (G1 Evacuation Pause)
[2026-01-16T09:10:31.555+0000][gc,task     ] GC(492) Using 8 workers of 8 for evacuation
[2026-01-16T09:10:32.603+0000][gc,mmu      ] GC(492) MMU target violated: 201.0ms (200.0ms/201.0ms)
[2026-01-16T09:10:32.606+0000][gc,phases   ] GC(492)   Pre Evacuate Collection Set: 10.7ms
[2026-01-16T09:10:32.606+0000][gc,phases   ] GC(492)   Merge Heap Roots: 3.6ms
[2026-01-16T09:10:32.607+0000][gc,phases   ] GC(492)   Evacuate Collection Set: 981.9ms
[2026-01-16T09:10:32.609+0000][gc,phases   ] GC(492)   Post Evacuate Collection Set: 50.9ms
[2026-01-16T09:10:32.611+0000][gc,phases   ] GC(492)   Other: 3.0ms
[2026-01-16T09:10:32.611+0000][gc,heap     ] GC(492) Eden regions: 46->0(47)
[2026-01-16T09:10:32.612+0000][gc,heap     ] GC(492) Survivor regions: 5->4(7)
[2026-01-16T09:10:32.612+0000][gc,heap     ] GC(492) Old regions: 153->155
[2026-01-16T09:10:32.613+0000][gc,heap     ] GC(492) Humongous regions: 149->149
[2026-01-16T09:10:32.613+0000][gc,metaspace] GC(492) Metaspace: 14390K(14784K)->14390K(14784K) NonClass: 12723K(12928K)->12723K(12928K) Class: 1666K(1856K)->1666K(1856K)
[2026-01-16T09:10:32.613+0000][gc          ] GC(492) Pause Young (Normal) (G1 Evacuation Pause) 352M->307M(1024M) 1060.349ms
[2026-01-16T09:10:32.614+0000][gc,cpu      ] GC(492) User=0.38s Sys=0.05s Real=1.06s
[2026-01-16T09:10:34.293+0000][gc,start    ] GC(493) Pause Young (Normal) (G1 Evacuation Pause)
[2026-01-16T09:10:34.295+0000][gc,task     ] GC(493) Using 8 workers of 8 for evacuation
[2026-01-16T09:10:34.698+0000][gc,mmu      ] GC(493) MMU target violated: 201.0ms (200.0ms/201.0ms)
[2026-01-16T09:10:34.704+0000][gc,phases   ] GC(493)   Pre Evacuate Collection Set: 20.4ms
[2026-01-16T09:10:34.705+0000][gc,phases   ] GC(493)   Merge Heap Roots: 2.2ms
[2026-01-16T09:10:34.706+0000][gc,phases   ] GC(493)   Evacuate Collection Set: 364.2ms
[2026-01-16T09:10:34.707+0000][gc,phases   ] GC(493)   Post Evacuate Collection Set: 13.5ms
[2026-01-16T09:10:34.707+0000][gc,phases   ] GC(493)   Other: 9.4ms
[2026-01-16T09:10:34.709+0000][gc,heap     ] GC(493) Eden regions: 47->0(46)
[2026-01-16T09:10:34.709+0000][gc,heap     ] GC(493) Survivor regions: 4->5(7)
[2026-01-16T09:10:34.710+0000][gc,heap     ] GC(493) Old regions: 155->155
[2026-01-16T09:10:34.711+0000][gc,heap     ] GC(493) Humongous regions: 149->149
[2026-01-16T09:10:34.715+0000][gc,metaspace] GC(493) Metaspace: 14390K(14784K)->14390K(14784K) NonClass: 12723K(12928K)->12723K(12928K) Class: 1666K(1856K)->1666K(1856K)
[2026-01-16T09:10:34.716+0000][gc          ] GC(493) Pause Young (Normal) (G1 Evacuation Pause) 354M->307M(1024M) 423.993ms
[2026-01-16T09:10:34.718+0000][gc,cpu      ] GC(493) User=0.20s Sys=0.03s Real=0.43s
[2026-01-16T09:10:36.196+0000][gc,start    ] GC(494) Pause Young (Normal) (G1 Evacuation Pause)
[2026-01-16T09:10:36.199+0000][gc,task     ] GC(494) Using 8 workers of 8 for evacuation
[2026-01-16T09:10:36.607+0000][gc,mmu      ] GC(494) MMU target violated: 201.0ms (200.0ms/201.0ms)
[2026-01-16T09:10:36.608+0000][gc,phases   ] GC(494)   Pre Evacuate Collection Set: 36.1ms
[2026-01-16T09:10:36.609+0000][gc,phases   ] GC(494)   Merge Heap Roots: 5.1ms
[2026-01-16T09:10:36.610+0000][gc,phases   ] GC(494)   Evacuate Collection Set: 309.5ms
[2026-01-16T09:10:36.610+0000][gc,phases   ] GC(494)   Post Evacuate Collection Set: 27.4ms
[2026-01-16T09:10:36.611+0000][gc,phases   ] GC(494)   Other: 30.7ms
[2026-01-16T09:10:36.611+0000][gc,heap     ] GC(494) Eden regions: 46->0(46)
[2026-01-16T09:10:36.612+0000][gc,heap     ] GC(494) Survivor regions: 5->5(7)
[2026-01-16T09:10:36.612+0000][gc,heap     ] GC(494) Old regions: 155->156
[2026-01-16T09:10:36.613+0000][gc,heap     ] GC(494) Humongous regions: 149->149
[2026-01-16T09:10:36.613+0000][gc,metaspace] GC(494) Metaspace: 14394K(14784K)->14394K(14784K) NonClass: 12727K(12928K)->12727K(12928K) Class: 1666K(1856K)->1666K(1856K)
[2026-01-16T09:10:36.615+0000][gc          ] GC(494) Pause Young (Normal) (G1 Evacuation Pause) 353M->308M(1024M) 419.518ms
[2026-01-16T09:10:36.616+0000][gc,cpu      ] GC(494) User=0.26s Sys=0.01s Real=0.42s
[2026-01-16T09:10:37.865+0000][gc,start    ] GC(495) Pause Young (Normal) (G1 Evacuation Pause)
[2026-01-16T09:10:37.869+0000][gc,task     ] GC(495) Using 8 workers of 8 for evacuation
[2026-01-16T09:10:38.764+0000][gc,mmu      ] GC(495) MMU target violated: 201.0ms (200.0ms/201.0ms)
[2026-01-16T09:10:38.769+0000][gc,phases   ] GC(495)   Pre Evacuate Collection Set: 36.5ms
[2026-01-16T09:10:38.769+0000][gc,phases   ] GC(495)   Merge Heap Roots: 19.5ms
[2026-01-16T09:10:38.770+0000][gc,phases   ] GC(495)   Evacuate Collection Set: 800.5ms
[2026-01-16T09:10:38.771+0000][gc,phases   ] GC(495)   Post Evacuate Collection Set: 34.5ms
[2026-01-16T09:10:38.771+0000][gc,phases   ] GC(495)   Other: 8.6ms
[2026-01-16T09:10:38.772+0000][gc,heap     ] GC(495) Eden regions: 46->0(46)
[2026-01-16T09:10:38.772+0000][gc,heap     ] GC(495) Survivor regions: 5->5(7)
[2026-01-16T09:10:38.772+0000][gc,heap     ] GC(495) Old regions: 156->157
[2026-01-16T09:10:38.778+0000][gc,heap     ] GC(495) Humongous regions: 149->149
[2026-01-16T09:10:38.783+0000][gc,metaspace] GC(495) Metaspace: 14394K(14784K)->14394K(14784K) NonClass: 12727K(12928K)->12727K(12928K) Class: 1666K(1856K)->1666K(1856K)
[2026-01-16T09:10:38.784+0000][gc          ] GC(495) Pause Young (Normal) (G1 Evacuation Pause) 354M->309M(1024M) 919.139ms
[2026-01-16T09:10:38.789+0000][gc,cpu      ] GC(495) User=0.36s Sys=0.03s Real=0.93s
[2026-01-16T09:10:40.258+0000][gc,start    ] GC(496) Pause Young (Normal) (G1 Evacuation Pause)
[2026-01-16T09:10:40.266+0000][gc,task     ] GC(496) Using 8 workers of 8 for evacuation
[2026-01-16T09:10:40.459+0000][gc,phases   ] GC(496)   Pre Evacuate Collection Set: 36.2ms
[2026-01-16T09:10:40.459+0000][gc,phases   ] GC(496)   Merge Heap Roots: 7.3ms
[2026-01-16T09:10:40.460+0000][gc,phases   ] GC(496)   Evacuate Collection Set: 109.6ms
[2026-01-16T09:10:40.461+0000][gc,phases   ] GC(496)   Post Evacuate Collection Set: 16.0ms
[2026-01-16T09:10:40.461+0000][gc,phases   ] GC(496)   Other: 23.9ms
[2026-01-16T09:10:40.462+0000][gc,heap     ] GC(496) Eden regions: 46->0(47)
[2026-01-16T09:10:40.462+0000][gc,heap     ] GC(496) Survivor regions: 5->4(7)
[2026-01-16T09:10:40.463+0000][gc,heap     ] GC(496) Old regions: 157->158
[2026-01-16T09:10:40.464+0000][gc,heap     ] GC(496) Humongous regions: 149->149
[2026-01-16T09:10:40.464+0000][gc,metaspace] GC(496) Metaspace: 14394K(14784K)->14394K(14784K) NonClass: 12727K(12928K)->12727K(12928K) Class: 1666K(1856K)->1666K(1856K)
[2026-01-16T09:10:40.464+0000][gc          ] GC(496) Pause Young (Normal) (G1 Evacuation Pause) 355M->310M(1024M) 206.616ms
[2026-01-16T09:10:40.465+0000][gc,cpu      ] GC(496) User=0.22s Sys=0.02s Real=0.21s
[2026-01-16T09:10:41.856+0000][gc,start    ] GC(497) Pause Young (Normal) (G1 Evacuation Pause)
[2026-01-16T09:10:41.861+0000][gc,task     ] GC(497) Using 8 workers of 8 for evacuation
[2026-01-16T09:10:42.162+0000][gc,mmu      ] GC(497) MMU target violated: 201.0ms (200.0ms/201.0ms)
[2026-01-16T09:10:42.164+0000][gc,phases   ] GC(497)   Pre Evacuate Collection Set: 26.4ms
[2026-01-16T09:10:42.166+0000][gc,phases   ] GC(497)   Merge Heap Roots: 0.6ms
[2026-01-16T09:10:42.173+0000][gc,phases   ] GC(497)   Evacuate Collection Set: 241.7ms
[2026-01-16T09:10:42.174+0000][gc,phases   ] GC(497)   Post Evacuate Collection Set: 28.3ms
[2026-01-16T09:10:42.174+0000][gc,phases   ] GC(497)   Other: 7.3ms
[2026-01-16T09:10:42.176+0000][gc,heap     ] GC(497) Eden regions: 47->0(46)
[2026-01-16T09:10:42.176+0000][gc,heap     ] GC(497) Survivor regions: 4->5(7)
[2026-01-16T09:10:42.177+0000][gc,heap     ] GC(497) Old regions: 158->158
[2026-01-16T09:10:42.177+0000][gc,heap     ] GC(497) Humongous regions: 149->149
[2026-01-16T09:10:42.177+0000][gc,metaspace] GC(497) Metaspace: 14394K(14784K)->14394K(14784K) NonClass: 12727K(12928K)->12727K(12928K) Class: 1666K(1856K)->1666K(1856K)
[2026-01-16T09:10:42.182+0000][gc          ] GC(497) Pause Young (Normal) (G1 Evacuation Pause) 357M->310M(1024M) 325.819ms
[2026-01-16T09:10:42.182+0000][gc,cpu      ] GC(497) User=0.20s Sys=0.01s Real=0.33s
[2026-01-16T09:10:43.176+0000][gc,start    ] GC(498) Pause Young (Normal) (G1 Evacuation Pause)
[2026-01-16T09:10:43.224+0000][gc,task     ] GC(498) Using 8 workers of 8 for evacuation
[2026-01-16T09:10:43.603+0000][gc,mmu      ] GC(498) MMU target violated: 201.0ms (200.0ms/201.0ms)
[2026-01-16T09:10:43.606+0000][gc,phases   ] GC(498)   Pre Evacuate Collection Set: 62.7ms
[2026-01-16T09:10:43.609+0000][gc,phases   ] GC(498)   Merge Heap Roots: 0.7ms
[2026-01-16T09:10:43.610+0000][gc,phases   ] GC(498)   Evacuate Collection Set: 299.0ms
[2026-01-16T09:10:43.611+0000][gc,phases   ] GC(498)   Post Evacuate Collection Set: 12.4ms
[2026-01-16T09:10:43.612+0000][gc,phases   ] GC(498)   Other: 42.2ms
[2026-01-16T09:10:43.613+0000][gc,heap     ] GC(498) Eden regions: 46->0(46)
[2026-01-16T09:10:43.614+0000][gc,heap     ] GC(498) Survivor regions: 5->5(7)
[2026-01-16T09:10:43.615+0000][gc,heap     ] GC(498) Old regions: 158->159
[2026-01-16T09:10:43.616+0000][gc,heap     ] GC(498) Humongous regions: 149->149
[2026-01-16T09:10:43.618+0000][gc,metaspace] GC(498) Metaspace: 14394K(14784K)->14394K(14784K) NonClass: 12727K(12928K)->12727K(12928K) Class: 1666K(1856K)->1666K(1856K)
[2026-01-16T09:10:43.619+0000][gc          ] GC(498) Pause Young (Normal) (G1 Evacuation Pause) 356M->311M(1024M) 443.523ms
[2026-01-16T09:10:43.621+0000][gc,cpu      ] GC(498) User=0.25s Sys=0.01s Real=0.45s
[2026-01-16T09:10:44.679+0000][gc,start    ] GC(499) Pause Young (Normal) (G1 Evacuation Pause)
[2026-01-16T09:10:44.685+0000][gc,task     ] GC(499) Using 8 workers of 8 for evacuation
[2026-01-16T09:10:44.931+0000][gc,mmu      ] GC(499) MMU target violated: 201.0ms (200.0ms/201.0ms)
[2026-01-16T09:10:44.932+0000][gc,phases   ] GC(499)   Pre Evacuate Collection Set: 31.8ms
[2026-01-16T09:10:44.934+0000][gc,phases   ] GC(499)   Merge Heap Roots: 11.4ms
[2026-01-16T09:10:44.935+0000][gc,phases   ] GC(499)   Evacuate Collection Set: 187.2ms
[2026-01-16T09:10:44.935+0000][gc,phases   ] GC(499)   Post Evacuate Collection Set: 8.2ms
[2026-01-16T09:10:44.939+0000][gc,phases   ] GC(499)   Other: 11.5ms
[2026-01-16T09:10:44.939+0000][gc,heap     ] GC(499) Eden regions: 46->0(46)
[2026-01-16T09:10:44.940+0000][gc,heap     ] GC(499) Survivor regions: 5->5(7)
[2026-01-16T09:10:44.940+0000][gc,heap     ] GC(499) Old regions: 159->159
[2026-01-16T09:10:44.941+0000][gc,heap     ] GC(499) Humongous regions: 149->149
[2026-01-16T09:10:44.941+0000][gc,metaspace] GC(499) Metaspace: 14395K(14784K)->14395K(14784K) NonClass: 12728K(12928K)->12728K(12928K) Class: 1666K(1856K)->1666K(1856K)
[2026-01-16T09:10:44.942+0000][gc          ] GC(499) Pause Young (Normal) (G1 Evacuation Pause) 357M->312M(1024M) 262.892ms
[2026-01-16T09:10:44.942+0000][gc,cpu      ] GC(499) User=0.19s Sys=0.00s Real=0.26s
[2026-01-16T09:10:47.708+0000][gc,start    ] GC(500) Pause Young (Normal) (G1 Evacuation Pause)
[2026-01-16T09:10:47.736+0000][gc,task     ] GC(500) Using 8 workers of 8 for evacuation
[2026-01-16T09:10:48.285+0000][gc,mmu      ] GC(500) MMU target violated: 201.0ms (200.0ms/201.0ms)
[2026-01-16T09:10:48.287+0000][gc,phases   ] GC(500)   Pre Evacuate Collection Set: 32.8ms
[2026-01-16T09:10:48.290+0000][gc,phases   ] GC(500)   Merge Heap Roots: 9.9ms
[2026-01-16T09:10:48.291+0000][gc,phases   ] GC(500)   Evacuate Collection Set: 487.8ms
[2026-01-16T09:10:48.291+0000][gc,phases   ] GC(500)   Post Evacuate Collection Set: 12.6ms
[2026-01-16T09:10:48.292+0000][gc,phases   ] GC(500)   Other: 8.6ms
[2026-01-16T09:10:48.292+0000][gc,heap     ] GC(500) Eden regions: 46->0(46)
[2026-01-16T09:10:48.293+0000][gc,heap     ] GC(500) Survivor regions: 5->5(7)
[2026-01-16T09:10:48.293+0000][gc,heap     ] GC(500) Old regions: 159->160
[2026-01-16T09:10:48.293+0000][gc,heap     ] GC(500) Humongous regions: 149->149
[2026-01-16T09:10:48.294+0000][gc,metaspace] GC(500) Metaspace: 14395K(14784K)->14395K(14784K) NonClass: 12728K(12928K)->12728K(12928K) Class: 1666K(1856K)->1666K(1856K)
[2026-01-16T09:10:48.295+0000][gc          ] GC(500) Pause Young (Normal) (G1 Evacuation Pause) 358M->313M(1024M) 587.895ms
[2026-01-16T09:10:48.296+0000][gc,cpu      ] GC(500) User=0.30s Sys=0.01s Real=0.59s
[2026-01-16T09:10:50.119+0000][gc,start    ] GC(501) Pause Young (Normal) (G1 Evacuation Pause)
[2026-01-16T09:10:50.125+0000][gc,task     ] GC(501) Using 8 workers of 8 for evacuation
[2026-01-16T09:10:50.962+0000][gc,mmu      ] GC(501) MMU target violated: 201.0ms (200.0ms/201.0ms)
[2026-01-16T09:10:50.963+0000][gc,phases   ] GC(501)   Pre Evacuate Collection Set: 122.2ms
[2026-01-16T09:10:50.963+0000][gc,phases   ] GC(501)   Merge Heap Roots: 10.8ms
[2026-01-16T09:10:50.964+0000][gc,phases   ] GC(501)   Evacuate Collection Set: 682.5ms
[2026-01-16T09:10:50.964+0000][gc,phases   ] GC(501)   Post Evacuate Collection Set: 8.0ms
[2026-01-16T09:10:50.964+0000][gc,phases   ] GC(501)   Other: 14.5ms
[2026-01-16T09:10:50.964+0000][gc,heap     ] GC(501) Eden regions: 46->0(46)
[2026-01-16T09:10:50.964+0000][gc,heap     ] GC(501) Survivor regions: 5->5(7)
[2026-01-16T09:10:50.964+0000][gc,heap     ] GC(501) Old regions: 160->161
[2026-01-16T09:10:50.964+0000][gc,heap     ] GC(501) Humongous regions: 149->149
[2026-01-16T09:10:50.965+0000][gc,metaspace] GC(501) Metaspace: 14395K(14784K)->14395K(14784K) NonClass: 12728K(12928K)->12728K(12928K) Class: 1666K(1856K)->1666K(1856K)
[2026-01-16T09:10:50.965+0000][gc          ] GC(501) Pause Young (Normal) (G1 Evacuation Pause) 359M->313M(1024M) 846.714ms
[2026-01-16T09:10:50.966+0000][gc,cpu      ] GC(501) User=0.29s Sys=0.03s Real=0.85s
[2026-01-16T09:10:52.169+0000][gc,start    ] GC(502) Pause Young (Normal) (G1 Evacuation Pause)
[2026-01-16T09:10:52.171+0000][gc,task     ] GC(502) Using 8 workers of 8 for evacuation
[2026-01-16T09:10:52.474+0000][gc,mmu      ] GC(502) MMU target violated: 201.0ms (200.0ms/201.0ms)
[2026-01-16T09:10:52.476+0000][gc,phases   ] GC(502)   Pre Evacuate Collection Set: 25.3ms
[2026-01-16T09:10:52.476+0000][gc,phases   ] GC(502)   Merge Heap Roots: 6.3ms
[2026-01-16T09:10:52.476+0000][gc,phases   ] GC(502)   Evacuate Collection Set: 252.1ms
[2026-01-16T09:10:52.476+0000][gc,phases   ] GC(502)   Post Evacuate Collection Set: 17.8ms
[2026-01-16T09:10:52.477+0000][gc,phases   ] GC(502)   Other: 3.6ms
[2026-01-16T09:10:52.477+0000][gc,heap     ] GC(502) Eden regions: 46->0(46)
[2026-01-16T09:10:52.478+0000][gc,heap     ] GC(502) Survivor regions: 5->5(7)
[2026-01-16T09:10:52.480+0000][gc,heap     ] GC(502) Old regions: 161->162
[2026-01-16T09:10:52.481+0000][gc,heap     ] GC(502) Humongous regions: 149->149
[2026-01-16T09:10:52.481+0000][gc,metaspace] GC(502) Metaspace: 14402K(14784K)->14402K(14784K) NonClass: 12735K(12928K)->12735K(12928K) Class: 1666K(1856K)->1666K(1856K)
[2026-01-16T09:10:52.482+0000][gc          ] GC(502) Pause Young (Normal) (G1 Evacuation Pause) 359M->314M(1024M) 312.789ms
[2026-01-16T09:10:52.482+0000][gc,cpu      ] GC(502) User=0.23s Sys=0.03s Real=0.31s
[2026-01-16T09:10:53.860+0000][gc,start    ] GC(503) Pause Young (Normal) (G1 Evacuation Pause)
[2026-01-16T09:10:53.869+0000][gc,task     ] GC(503) Using 8 workers of 8 for evacuation
[2026-01-16T09:10:54.154+0000][gc,mmu      ] GC(503) MMU target violated: 201.0ms (200.0ms/201.0ms)
[2026-01-16T09:10:54.155+0000][gc,phases   ] GC(503)   Pre Evacuate Collection Set: 21.9ms
[2026-01-16T09:10:54.156+0000][gc,phases   ] GC(503)   Merge Heap Roots: 6.2ms
[2026-01-16T09:10:54.156+0000][gc,phases   ] GC(503)   Evacuate Collection Set: 242.7ms
[2026-01-16T09:10:54.156+0000][gc,phases   ] GC(503)   Post Evacuate Collection Set: 8.6ms
[2026-01-16T09:10:54.157+0000][gc,phases   ] GC(503)   Other: 7.4ms
[2026-01-16T09:10:54.157+0000][gc,heap     ] GC(503) Eden regions: 46->0(46)
[2026-01-16T09:10:54.160+0000][gc,heap     ] GC(503) Survivor regions: 5->5(7)
[2026-01-16T09:10:54.164+0000][gc,heap     ] GC(503) Old regions: 162->162
[2026-01-16T09:10:54.166+0000][gc,heap     ] GC(503) Humongous regions: 149->149
[2026-01-16T09:10:54.168+0000][gc,metaspace] GC(503) Metaspace: 14402K(14784K)->14402K(14784K) NonClass: 12735K(12928K)->12735K(12928K) Class: 1666K(1856K)->1666K(1856K)
[2026-01-16T09:10:54.169+0000][gc          ] GC(503) Pause Young (Normal) (G1 Evacuation Pause) 360M->315M(1024M) 308.650ms
[2026-01-16T09:10:54.170+0000][gc,cpu      ] GC(503) User=0.18s Sys=0.02s Real=0.31s
[2026-01-16T09:10:55.125+0000][gc,start    ] GC(504) Pause Young (Normal) (G1 Evacuation Pause)
[2026-01-16T09:10:55.126+0000][gc,task     ] GC(504) Using 8 workers of 8 for evacuation
[2026-01-16T09:10:55.426+0000][gc,mmu      ] GC(504) MMU target violated: 201.0ms (200.0ms/201.0ms)
[2026-01-16T09:10:55.427+0000][gc,phases   ] GC(504)   Pre Evacuate Collection Set: 15.1ms
[2026-01-16T09:10:55.427+0000][gc,phases   ] GC(504)   Merge Heap Roots: 0.6ms
[2026-01-16T09:10:55.427+0000][gc,phases   ] GC(504)   Evacuate Collection Set: 255.5ms
[2026-01-16T09:10:55.427+0000][gc,phases   ] GC(504)   Post Evacuate Collection Set: 12.3ms
[2026-01-16T09:10:55.428+0000][gc,phases   ] GC(504)   Other: 17.2ms
[2026-01-16T09:10:55.429+0000][gc,heap     ] GC(504) Eden regions: 46->0(46)
[2026-01-16T09:10:55.429+0000][gc,heap     ] GC(504) Survivor regions: 5->5(7)
[2026-01-16T09:10:55.429+0000][gc,heap     ] GC(504) Old regions: 162->163
[2026-01-16T09:10:55.429+0000][gc,heap     ] GC(504) Humongous regions: 149->149
[2026-01-16T09:10:55.429+0000][gc,metaspace] GC(504) Metaspace: 14404K(14784K)->14404K(14784K) NonClass: 12737K(12928K)->12737K(12928K) Class: 1666K(1856K)->1666K(1856K)
[2026-01-16T09:10:55.433+0000][gc          ] GC(504) Pause Young (Normal) (G1 Evacuation Pause) 361M->315M(1024M) 307.547ms
[2026-01-16T09:10:55.433+0000][gc,cpu      ] GC(504) User=0.17s Sys=0.00s Real=0.31s
[2026-01-16T09:10:56.340+0000][gc,start    ] GC(505) Pause Young (Normal) (GCLocker Initiated GC)
[2026-01-16T09:10:56.343+0000][gc,task     ] GC(505) Using 8 workers of 8 for evacuation
[2026-01-16T09:10:56.597+0000][gc,mmu      ] GC(505) MMU target violated: 201.0ms (200.0ms/201.0ms)
[2026-01-16T09:10:56.598+0000][gc,phases   ] GC(505)   Pre Evacuate Collection Set: 9.1ms
[2026-01-16T09:10:56.600+0000][gc,phases   ] GC(505)   Merge Heap Roots: 0.8ms
[2026-01-16T09:10:56.608+0000][gc,phases   ] GC(505)   Evacuate Collection Set: 236.8ms
[2026-01-16T09:10:56.609+0000][gc,phases   ] GC(505)   Post Evacuate Collection Set: 6.1ms
[2026-01-16T09:10:56.610+0000][gc,phases   ] GC(505)   Other: 2.8ms
[2026-01-16T09:10:56.611+0000][gc,heap     ] GC(505) Eden regions: 46->0(46)
[2026-01-16T09:10:56.613+0000][gc,heap     ] GC(505) Survivor regions: 5->5(7)
[2026-01-16T09:10:56.615+0000][gc,heap     ] GC(505) Old regions: 163->164
[2026-01-16T09:10:56.616+0000][gc,heap     ] GC(505) Humongous regions: 149->149
[2026-01-16T09:10:56.616+0000][gc,metaspace] GC(505) Metaspace: 14404K(14784K)->14404K(14784K) NonClass: 12737K(12928K)->12737K(12928K) Class: 1666K(1856K)->1666K(1856K)
[2026-01-16T09:10:56.617+0000][gc          ] GC(505) Pause Young (Normal) (GCLocker Initiated GC) 361M->316M(1024M) 276.733ms
[2026-01-16T09:10:56.619+0000][gc,cpu      ] GC(505) User=0.09s Sys=0.01s Real=0.28s
[2026-01-16T09:10:57.830+0000][gc,start    ] GC(506) Pause Young (Normal) (G1 Evacuation Pause)
[2026-01-16T09:10:57.831+0000][gc,task     ] GC(506) Using 8 workers of 8 for evacuation
[2026-01-16T09:10:58.087+0000][gc,mmu      ] GC(506) MMU target violated: 201.0ms (200.0ms/201.0ms)
[2026-01-16T09:10:58.087+0000][gc,phases   ] GC(506)   Pre Evacuate Collection Set: 24.6ms
[2026-01-16T09:10:58.088+0000][gc,phases   ] GC(506)   Merge Heap Roots: 3.1ms
[2026-01-16T09:10:58.088+0000][gc,phases   ] GC(506)   Evacuate Collection Set: 217.1ms
[2026-01-16T09:10:58.088+0000][gc,phases   ] GC(506)   Post Evacuate Collection Set: 8.5ms
[2026-01-16T09:10:58.089+0000][gc,phases   ] GC(506)   Other: 2.9ms
[2026-01-16T09:10:58.089+0000][gc,heap     ] GC(506) Eden regions: 46->0(46)
[2026-01-16T09:10:58.090+0000][gc,heap     ] GC(506) Survivor regions: 5->5(7)
[2026-01-16T09:10:58.091+0000][gc,heap     ] GC(506) Old regions: 164->164
[2026-01-16T09:10:58.091+0000][gc,heap     ] GC(506) Humongous regions: 149->149
[2026-01-16T09:10:58.092+0000][gc,metaspace] GC(506) Metaspace: 14405K(14784K)->14405K(14784K) NonClass: 12738K(12928K)->12738K(12928K) Class: 1666K(1856K)->1666K(1856K)
[2026-01-16T09:10:58.094+0000][gc          ] GC(506) Pause Young (Normal) (G1 Evacuation Pause) 362M->317M(1024M) 264.110ms
[2026-01-16T09:10:58.094+0000][gc,cpu      ] GC(506) User=0.23s Sys=0.02s Real=0.26s
[2026-01-16T09:11:01.026+0000][gc,start    ] GC(507) Pause Young (Normal) (G1 Evacuation Pause)
[2026-01-16T09:11:01.037+0000][gc,task     ] GC(507) Using 8 workers of 8 for evacuation
[2026-01-16T09:11:01.896+0000][gc,mmu      ] GC(507) MMU target violated: 201.0ms (200.0ms/201.0ms)
[2026-01-16T09:11:01.900+0000][gc,phases   ] GC(507)   Pre Evacuate Collection Set: 73.0ms
[2026-01-16T09:11:01.903+0000][gc,phases   ] GC(507)   Merge Heap Roots: 4.2ms
[2026-01-16T09:11:01.905+0000][gc,phases   ] GC(507)   Evacuate Collection Set: 721.2ms
[2026-01-16T09:11:01.906+0000][gc,phases   ] GC(507)   Post Evacuate Collection Set: 31.7ms
[2026-01-16T09:11:01.906+0000][gc,phases   ] GC(507)   Other: 32.9ms
[2026-01-16T09:11:01.907+0000][gc,heap     ] GC(507) Eden regions: 46->0(47)
[2026-01-16T09:11:01.907+0000][gc,heap     ] GC(507) Survivor regions: 5->4(7)
[2026-01-16T09:11:01.907+0000][gc,heap     ] GC(507) Old regions: 164->166
[2026-01-16T09:11:01.912+0000][gc,heap     ] GC(507) Humongous regions: 149->149
[2026-01-16T09:11:01.918+0000][gc,metaspace] GC(507) Metaspace: 14405K(14784K)->14405K(14784K) NonClass: 12738K(12928K)->12738K(12928K) Class: 1666K(1856K)->1666K(1856K)
[2026-01-16T09:11:01.918+0000][gc          ] GC(507) Pause Young (Normal) (G1 Evacuation Pause) 363M->318M(1024M) 904.856ms
[2026-01-16T09:11:01.920+0000][gc,cpu      ] GC(507) User=0.50s Sys=0.08s Real=0.91s
[2026-01-16T09:11:04.746+0000][gc,start    ] GC(508) Pause Young (Normal) (G1 Evacuation Pause)
[2026-01-16T09:11:04.757+0000][gc,task     ] GC(508) Using 8 workers of 8 for evacuation
[2026-01-16T09:11:05.375+0000][gc,mmu      ] GC(508) MMU target violated: 201.0ms (200.0ms/201.0ms)
[2026-01-16T09:11:05.377+0000][gc,phases   ] GC(508)   Pre Evacuate Collection Set: 88.0ms
[2026-01-16T09:11:05.378+0000][gc,phases   ] GC(508)   Merge Heap Roots: 25.7ms
[2026-01-16T09:11:05.379+0000][gc,phases   ] GC(508)   Evacuate Collection Set: 486.0ms
[2026-01-16T09:11:05.379+0000][gc,phases   ] GC(508)   Post Evacuate Collection Set: 11.1ms
[2026-01-16T09:11:05.386+0000][gc,phases   ] GC(508)   Other: 7.7ms
[2026-01-16T09:11:05.386+0000][gc,heap     ] GC(508) Eden regions: 47->0(47)
[2026-01-16T09:11:05.387+0000][gc,heap     ] GC(508) Survivor regions: 4->4(7)
[2026-01-16T09:11:05.388+0000][gc,heap     ] GC(508) Old regions: 166->167
[2026-01-16T09:11:05.388+0000][gc,heap     ] GC(508) Humongous regions: 149->149
[2026-01-16T09:11:05.388+0000][gc,metaspace] GC(508) Metaspace: 14405K(14784K)->14405K(14784K) NonClass: 12738K(12928K)->12738K(12928K) Class: 1666K(1856K)->1666K(1856K)
[2026-01-16T09:11:05.396+0000][gc          ] GC(508) Pause Young (Normal) (G1 Evacuation Pause) 365M->318M(1024M) 647.870ms
[2026-01-16T09:11:05.397+0000][gc,cpu      ] GC(508) User=0.25s Sys=0.01s Real=0.65s
[2026-01-16T09:11:07.026+0000][gc,start    ] GC(509) Pause Young (Normal) (G1 Evacuation Pause)
[2026-01-16T09:11:07.037+0000][gc,task     ] GC(509) Using 8 workers of 8 for evacuation
[2026-01-16T09:11:07.671+0000][gc,mmu      ] GC(509) MMU target violated: 201.0ms (200.0ms/201.0ms)
[2026-01-16T09:11:07.672+0000][gc,phases   ] GC(509)   Pre Evacuate Collection Set: 38.4ms
[2026-01-16T09:11:07.672+0000][gc,phases   ] GC(509)   Merge Heap Roots: 7.2ms
[2026-01-16T09:11:07.673+0000][gc,phases   ] GC(509)   Evacuate Collection Set: 550.9ms
[2026-01-16T09:11:07.676+0000][gc,phases   ] GC(509)   Post Evacuate Collection Set: 23.4ms
[2026-01-16T09:11:07.677+0000][gc,phases   ] GC(509)   Other: 17.9ms
[2026-01-16T09:11:07.679+0000][gc,heap     ] GC(509) Eden regions: 47->0(46)
[2026-01-16T09:11:07.680+0000][gc,heap     ] GC(509) Survivor regions: 4->5(7)
[2026-01-16T09:11:07.680+0000][gc,heap     ] GC(509) Old regions: 167->167
[2026-01-16T09:11:07.681+0000][gc,heap     ] GC(509) Humongous regions: 149->149
[2026-01-16T09:11:07.682+0000][gc,metaspace] GC(509) Metaspace: 14406K(14784K)->14406K(14784K) NonClass: 12739K(12928K)->12739K(12928K) Class: 1666K(1856K)->1666K(1856K)
[2026-01-16T09:11:07.683+0000][gc          ] GC(509) Pause Young (Normal) (G1 Evacuation Pause) 365M->319M(1024M) 657.017ms
[2026-01-16T09:11:07.685+0000][gc,cpu      ] GC(509) User=0.28s Sys=0.01s Real=0.66s
[2026-01-16T09:11:09.141+0000][gc,start    ] GC(510) Pause Young (Normal) (G1 Evacuation Pause)
[2026-01-16T09:11:09.163+0000][gc,task     ] GC(510) Using 8 workers of 8 for evacuation
[2026-01-16T09:11:09.489+0000][gc,mmu      ] GC(510) MMU target violated: 201.0ms (200.0ms/201.0ms)
[2026-01-16T09:11:09.490+0000][gc,phases   ] GC(510)   Pre Evacuate Collection Set: 33.5ms
[2026-01-16T09:11:09.491+0000][gc,phases   ] GC(510)   Merge Heap Roots: 3.9ms
[2026-01-16T09:11:09.492+0000][gc,phases   ] GC(510)   Evacuate Collection Set: 272.9ms
[2026-01-16T09:11:09.493+0000][gc,phases   ] GC(510)   Post Evacuate Collection Set: 14.9ms
[2026-01-16T09:11:09.494+0000][gc,phases   ] GC(510)   Other: 18.8ms
[2026-01-16T09:11:09.494+0000][gc,heap     ] GC(510) Eden regions: 46->0(46)
[2026-01-16T09:11:09.495+0000][gc,heap     ] GC(510) Survivor regions: 5->5(7)
[2026-01-16T09:11:09.496+0000][gc,heap     ] GC(510) Old regions: 167->168
[2026-01-16T09:11:09.497+0000][gc,heap     ] GC(510) Humongous regions: 149->149
[2026-01-16T09:11:09.497+0000][gc,metaspace] GC(510) Metaspace: 14406K(14784K)->14406K(14784K) NonClass: 12739K(12928K)->12739K(12928K) Class: 1666K(1856K)->1666K(1856K)
[2026-01-16T09:11:09.498+0000][gc          ] GC(510) Pause Young (Normal) (G1 Evacuation Pause) 365M->320M(1024M) 357.523ms
[2026-01-16T09:11:09.500+0000][gc,cpu      ] GC(510) User=0.21s Sys=0.01s Real=0.36s
[2026-01-16T09:11:11.845+0000][gc,start    ] GC(511) Pause Young (Normal) (G1 Evacuation Pause)
[2026-01-16T09:11:11.855+0000][gc,task     ] GC(511) Using 8 workers of 8 for evacuation
[2026-01-16T09:11:12.455+0000][gc,mmu      ] GC(511) MMU target violated: 201.0ms (200.0ms/201.0ms)
[2026-01-16T09:11:12.456+0000][gc,phases   ] GC(511)   Pre Evacuate Collection Set: 40.4ms
[2026-01-16T09:11:12.468+0000][gc,phases   ] GC(511)   Merge Heap Roots: 11.8ms
[2026-01-16T09:11:12.470+0000][gc,phases   ] GC(511)   Evacuate Collection Set: 533.5ms
[2026-01-16T09:11:12.480+0000][gc,phases   ] GC(511)   Post Evacuate Collection Set: 14.6ms
[2026-01-16T09:11:12.481+0000][gc,phases   ] GC(511)   Other: 1.3ms
[2026-01-16T09:11:12.507+0000][gc,heap     ] GC(511) Eden regions: 46->0(47)
[2026-01-16T09:11:12.519+0000][gc,heap     ] GC(511) Survivor regions: 5->4(7)
[2026-01-16T09:11:12.523+0000][gc,heap     ] GC(511) Old regions: 168->169
[2026-01-16T09:11:12.529+0000][gc,heap     ] GC(511) Humongous regions: 149->149
[2026-01-16T09:11:12.531+0000][gc,metaspace] GC(511) Metaspace: 14422K(14784K)->14422K(14784K) NonClass: 12755K(12928K)->12755K(12928K) Class: 1666K(1856K)->1666K(1856K)
[2026-01-16T09:11:12.532+0000][gc          ] GC(511) Pause Young (Normal) (G1 Evacuation Pause) 366M->321M(1024M) 686.793ms
[2026-01-16T09:11:12.537+0000][gc,cpu      ] GC(511) User=0.35s Sys=0.03s Real=0.69s
[2026-01-16T09:11:15.069+0000][gc,start    ] GC(512) Pause Young (Normal) (G1 Evacuation Pause)
[2026-01-16T09:11:15.075+0000][gc,task     ] GC(512) Using 8 workers of 8 for evacuation
[2026-01-16T09:11:15.569+0000][gc,mmu      ] GC(512) MMU target violated: 201.0ms (200.0ms/201.0ms)
[2026-01-16T09:11:15.570+0000][gc,phases   ] GC(512)   Pre Evacuate Collection Set: 21.7ms
[2026-01-16T09:11:15.570+0000][gc,phases   ] GC(512)   Merge Heap Roots: 6.8ms
[2026-01-16T09:11:15.571+0000][gc,phases   ] GC(512)   Evacuate Collection Set: 447.6ms
[2026-01-16T09:11:15.572+0000][gc,phases   ] GC(512)   Post Evacuate Collection Set: 13.0ms
[2026-01-16T09:11:15.573+0000][gc,phases   ] GC(512)   Other: 6.1ms
[2026-01-16T09:11:15.574+0000][gc,heap     ] GC(512) Eden regions: 47->0(47)
[2026-01-16T09:11:15.575+0000][gc,heap     ] GC(512) Survivor regions: 4->4(7)
[2026-01-16T09:11:15.576+0000][gc,heap     ] GC(512) Old regions: 169->170
[2026-01-16T09:11:15.576+0000][gc,heap     ] GC(512) Humongous regions: 149->149
[2026-01-16T09:11:15.576+0000][gc,metaspace] GC(512) Metaspace: 14423K(14784K)->14423K(14784K) NonClass: 12756K(12928K)->12756K(12928K) Class: 1666K(1856K)->1666K(1856K)
[2026-01-16T09:11:15.578+0000][gc          ] GC(512) Pause Young (Normal) (G1 Evacuation Pause) 368M->321M(1024M) 509.618ms
[2026-01-16T09:11:15.581+0000][gc,cpu      ] GC(512) User=0.35s Sys=0.01s Real=0.52s
[2026-01-16T09:11:16.949+0000][gc,start    ] GC(513) Pause Young (Normal) (G1 Evacuation Pause)
[2026-01-16T09:11:16.952+0000][gc,task     ] GC(513) Using 8 workers of 8 for evacuation
[2026-01-16T09:11:17.153+0000][gc,mmu      ] GC(513) MMU target violated: 200.6ms (200.0ms/201.0ms)
[2026-01-16T09:11:17.155+0000][gc,phases   ] GC(513)   Pre Evacuate Collection Set: 13.1ms
[2026-01-16T09:11:17.157+0000][gc,phases   ] GC(513)   Merge Heap Roots: 2.5ms
[2026-01-16T09:11:17.157+0000][gc,phases   ] GC(513)   Evacuate Collection Set: 179.0ms
[2026-01-16T09:11:17.159+0000][gc,phases   ] GC(513)   Post Evacuate Collection Set: 5.9ms
[2026-01-16T09:11:17.159+0000][gc,phases   ] GC(513)   Other: 2.4ms
[2026-01-16T09:11:17.160+0000][gc,heap     ] GC(513) Eden regions: 47->0(46)
[2026-01-16T09:11:17.160+0000][gc,heap     ] GC(513) Survivor regions: 4->5(7)
[2026-01-16T09:11:17.160+0000][gc,heap     ] GC(513) Old regions: 170->170
[2026-01-16T09:11:17.161+0000][gc,heap     ] GC(513) Humongous regions: 149->149
[2026-01-16T09:11:17.161+0000][gc,metaspace] GC(513) Metaspace: 14423K(14784K)->14423K(14784K) NonClass: 12756K(12928K)->12756K(12928K) Class: 1666K(1856K)->1666K(1856K)
[2026-01-16T09:11:17.161+0000][gc          ] GC(513) Pause Young (Normal) (G1 Evacuation Pause) 368M->322M(1024M) 212.963ms
[2026-01-16T09:11:17.162+0000][gc,cpu      ] GC(513) User=0.15s Sys=0.01s Real=0.22s
[2026-01-16T09:11:18.729+0000][gc,start    ] GC(514) Pause Young (Normal) (G1 Evacuation Pause)
[2026-01-16T09:11:18.729+0000][gc,task     ] GC(514) Using 8 workers of 8 for evacuation
[2026-01-16T09:11:19.121+0000][gc,mmu      ] GC(514) MMU target violated: 201.0ms (200.0ms/201.0ms)
[2026-01-16T09:11:19.122+0000][gc,phases   ] GC(514)   Pre Evacuate Collection Set: 30.4ms
[2026-01-16T09:11:19.123+0000][gc,phases   ] GC(514)   Merge Heap Roots: 12.7ms
[2026-01-16T09:11:19.123+0000][gc,phases   ] GC(514)   Evacuate Collection Set: 340.0ms
[2026-01-16T09:11:19.124+0000][gc,phases   ] GC(514)   Post Evacuate Collection Set: 7.7ms
[2026-01-16T09:11:19.125+0000][gc,phases   ] GC(514)   Other: 2.2ms
[2026-01-16T09:11:19.126+0000][gc,heap     ] GC(514) Eden regions: 46->0(46)
[2026-01-16T09:11:19.126+0000][gc,heap     ] GC(514) Survivor regions: 5->5(7)
[2026-01-16T09:11:19.127+0000][gc,heap     ] GC(514) Old regions: 170->170
[2026-01-16T09:11:19.127+0000][gc,heap     ] GC(514) Humongous regions: 149->149
[2026-01-16T09:11:19.129+0000][gc,metaspace] GC(514) Metaspace: 14425K(14784K)->14425K(14784K) NonClass: 12758K(12928K)->12758K(12928K) Class: 1666K(1856K)->1666K(1856K)
[2026-01-16T09:11:19.135+0000][gc          ] GC(514) Pause Young (Normal) (G1 Evacuation Pause) 368M->323M(1024M) 406.473ms
[2026-01-16T09:11:19.136+0000][gc,cpu      ] GC(514) User=0.27s Sys=0.01s Real=0.41s
[2026-01-16T09:11:20.903+0000][gc,start    ] GC(515) Pause Young (Normal) (G1 Evacuation Pause)
[2026-01-16T09:11:20.904+0000][gc,task     ] GC(515) Using 8 workers of 8 for evacuation
[2026-01-16T09:11:21.334+0000][gc,mmu      ] GC(515) MMU target violated: 201.0ms (200.0ms/201.0ms)
[2026-01-16T09:11:21.336+0000][gc,phases   ] GC(515)   Pre Evacuate Collection Set: 62.8ms
[2026-01-16T09:11:21.336+0000][gc,phases   ] GC(515)   Merge Heap Roots: 8.6ms
[2026-01-16T09:11:21.336+0000][gc,phases   ] GC(515)   Evacuate Collection Set: 351.2ms
[2026-01-16T09:11:21.336+0000][gc,phases   ] GC(515)   Post Evacuate Collection Set: 7.0ms
[2026-01-16T09:11:21.336+0000][gc,phases   ] GC(515)   Other: 2.5ms
[2026-01-16T09:11:21.337+0000][gc,heap     ] GC(515) Eden regions: 46->0(46)
[2026-01-16T09:11:21.338+0000][gc,heap     ] GC(515) Survivor regions: 5->5(7)
[2026-01-16T09:11:21.338+0000][gc,heap     ] GC(515) Old regions: 170->171
[2026-01-16T09:11:21.339+0000][gc,heap     ] GC(515) Humongous regions: 149->149
[2026-01-16T09:11:21.339+0000][gc,metaspace] GC(515) Metaspace: 14441K(14848K)->14441K(14848K) NonClass: 12774K(12992K)->12774K(12992K) Class: 1666K(1856K)->1666K(1856K)
[2026-01-16T09:11:21.340+0000][gc          ] GC(515) Pause Young (Normal) (G1 Evacuation Pause) 369M->323M(1024M) 436.959ms
[2026-01-16T09:11:21.341+0000][gc,cpu      ] GC(515) User=0.27s Sys=0.02s Real=0.44s
[2026-01-16T09:11:23.112+0000][gc,start    ] GC(516) Pause Young (Normal) (G1 Evacuation Pause)
[2026-01-16T09:11:23.113+0000][gc,task     ] GC(516) Using 8 workers of 8 for evacuation
[2026-01-16T09:11:23.786+0000][gc,mmu      ] GC(516) MMU target violated: 201.0ms (200.0ms/201.0ms)
[2026-01-16T09:11:23.788+0000][gc,phases   ] GC(516)   Pre Evacuate Collection Set: 38.1ms
[2026-01-16T09:11:23.789+0000][gc,phases   ] GC(516)   Merge Heap Roots: 5.7ms
[2026-01-16T09:11:23.794+0000][gc,phases   ] GC(516)   Evacuate Collection Set: 607.6ms
[2026-01-16T09:11:23.794+0000][gc,phases   ] GC(516)   Post Evacuate Collection Set: 19.8ms
[2026-01-16T09:11:23.795+0000][gc,phases   ] GC(516)   Other: 3.9ms
[2026-01-16T09:11:23.795+0000][gc,heap     ] GC(516) Eden regions: 46->0(46)
[2026-01-16T09:11:23.795+0000][gc,heap     ] GC(516) Survivor regions: 5->5(7)
[2026-01-16T09:11:23.795+0000][gc,heap     ] GC(516) Old regions: 171->172
[2026-01-16T09:11:23.796+0000][gc,heap     ] GC(516) Humongous regions: 149->149
[2026-01-16T09:11:23.797+0000][gc,metaspace] GC(516) Metaspace: 14442K(14848K)->14442K(14848K) NonClass: 12775K(12992K)->12775K(12992K) Class: 1666K(1856K)->1666K(1856K)
[2026-01-16T09:11:23.798+0000][gc          ] GC(516) Pause Young (Normal) (G1 Evacuation Pause) 369M->324M(1024M) 686.337ms
[2026-01-16T09:11:23.800+0000][gc,cpu      ] GC(516) User=0.27s Sys=0.02s Real=0.68s
[2026-01-16T09:11:25.631+0000][gc,start    ] GC(517) Pause Young (Normal) (G1 Evacuation Pause)
[2026-01-16T09:11:25.642+0000][gc,task     ] GC(517) Using 8 workers of 8 for evacuation
[2026-01-16T09:11:26.183+0000][gc,mmu      ] GC(517) MMU target violated: 201.0ms (200.0ms/201.0ms)
[2026-01-16T09:11:26.186+0000][gc,phases   ] GC(517)   Pre Evacuate Collection Set: 67.0ms
[2026-01-16T09:11:26.189+0000][gc,phases   ] GC(517)   Merge Heap Roots: 1.0ms
[2026-01-16T09:11:26.190+0000][gc,phases   ] GC(517)   Evacuate Collection Set: 449.9ms
[2026-01-16T09:11:26.195+0000][gc,phases   ] GC(517)   Post Evacuate Collection Set: 17.8ms
[2026-01-16T09:11:26.198+0000][gc,phases   ] GC(517)   Other: 10.7ms
[2026-01-16T09:11:26.200+0000][gc,heap     ] GC(517) Eden regions: 46->0(46)
[2026-01-16T09:11:26.203+0000][gc,heap     ] GC(517) Survivor regions: 5->5(7)
[2026-01-16T09:11:26.205+0000][gc,heap     ] GC(517) Old regions: 172->172
[2026-01-16T09:11:26.206+0000][gc,heap     ] GC(517) Humongous regions: 149->149
[2026-01-16T09:11:26.209+0000][gc,metaspace] GC(517) Metaspace: 14442K(14848K)->14442K(14848K) NonClass: 12775K(12992K)->12775K(12992K) Class: 1666K(1856K)->1666K(1856K)
[2026-01-16T09:11:26.212+0000][gc          ] GC(517) Pause Young (Normal) (G1 Evacuation Pause) 370M->325M(1024M) 581.517ms
[2026-01-16T09:11:26.214+0000][gc,cpu      ] GC(517) User=0.26s Sys=0.02s Real=0.59s
[2026-01-16T09:11:27.883+0000][gc,start    ] GC(518) Pause Young (Normal) (G1 Evacuation Pause)
[2026-01-16T09:11:27.896+0000][gc,task     ] GC(518) Using 8 workers of 8 for evacuation
[2026-01-16T09:11:28.483+0000][gc,mmu      ] GC(518) MMU target violated: 201.0ms (200.0ms/201.0ms)
[2026-01-16T09:11:28.489+0000][gc,phases   ] GC(518)   Pre Evacuate Collection Set: 10.4ms
[2026-01-16T09:11:28.492+0000][gc,phases   ] GC(518)   Merge Heap Roots: 6.0ms
[2026-01-16T09:11:28.495+0000][gc,phases   ] GC(518)   Evacuate Collection Set: 537.7ms
[2026-01-16T09:11:28.500+0000][gc,phases   ] GC(518)   Post Evacuate Collection Set: 26.5ms
[2026-01-16T09:11:28.501+0000][gc,phases   ] GC(518)   Other: 13.8ms
[2026-01-16T09:11:28.501+0000][gc,heap     ] GC(518) Eden regions: 46->0(46)
[2026-01-16T09:11:28.509+0000][gc,heap     ] GC(518) Survivor regions: 5->5(7)
[2026-01-16T09:11:28.510+0000][gc,heap     ] GC(518) Old regions: 172->173
[2026-01-16T09:11:28.513+0000][gc,heap     ] GC(518) Humongous regions: 149->149
[2026-01-16T09:11:28.516+0000][gc,metaspace] GC(518) Metaspace: 14442K(14848K)->14442K(14848K) NonClass: 12775K(12992K)->12775K(12992K) Class: 1666K(1856K)->1666K(1856K)
[2026-01-16T09:11:28.524+0000][gc          ] GC(518) Pause Young (Normal) (G1 Evacuation Pause) 371M->325M(1024M) 640.789ms
[2026-01-16T09:11:28.525+0000][gc,cpu      ] GC(518) User=0.28s Sys=0.02s Real=0.64s
[2026-01-16T09:11:31.224+0000][gc,start    ] GC(519) Pause Young (Normal) (G1 Evacuation Pause)
[2026-01-16T09:11:31.240+0000][gc,task     ] GC(519) Using 8 workers of 8 for evacuation
[2026-01-16T09:11:31.925+0000][gc,mmu      ] GC(519) MMU target violated: 201.0ms (200.0ms/201.0ms)
[2026-01-16T09:11:31.929+0000][gc,phases   ] GC(519)   Pre Evacuate Collection Set: 91.8ms
[2026-01-16T09:11:31.932+0000][gc,phases   ] GC(519)   Merge Heap Roots: 32.6ms
[2026-01-16T09:11:31.933+0000][gc,phases   ] GC(519)   Evacuate Collection Set: 510.0ms
[2026-01-16T09:11:31.934+0000][gc,phases   ] GC(519)   Post Evacuate Collection Set: 47.8ms
[2026-01-16T09:11:31.937+0000][gc,phases   ] GC(519)   Other: 7.6ms
[2026-01-16T09:11:31.940+0000][gc,heap     ] GC(519) Eden regions: 46->0(46)
[2026-01-16T09:11:31.942+0000][gc,heap     ] GC(519) Survivor regions: 5->5(7)
[2026-01-16T09:11:31.944+0000][gc,heap     ] GC(519) Old regions: 173->174
[2026-01-16T09:11:31.945+0000][gc,heap     ] GC(519) Humongous regions: 149->149
[2026-01-16T09:11:31.947+0000][gc,metaspace] GC(519) Metaspace: 14442K(14848K)->14442K(14848K) NonClass: 12775K(12992K)->12775K(12992K) Class: 1666K(1856K)->1666K(1856K)
[2026-01-16T09:11:31.958+0000][gc          ] GC(519) Pause Young (Normal) (G1 Evacuation Pause) 371M->326M(1024M) 733.572ms
[2026-01-16T09:11:31.962+0000][gc,cpu      ] GC(519) User=0.41s Sys=0.05s Real=0.74s
[2026-01-16T09:11:34.741+0000][gc,start    ] GC(520) Pause Young (Normal) (G1 Evacuation Pause)
[2026-01-16T09:11:34.747+0000][gc,task     ] GC(520) Using 8 workers of 8 for evacuation
[2026-01-16T09:11:35.231+0000][gc,mmu      ] GC(520) MMU target violated: 201.0ms (200.0ms/201.0ms)
[2026-01-16T09:11:35.234+0000][gc,phases   ] GC(520)   Pre Evacuate Collection Set: 18.9ms
[2026-01-16T09:11:35.235+0000][gc,phases   ] GC(520)   Merge Heap Roots: 9.9ms
[2026-01-16T09:11:35.248+0000][gc,phases   ] GC(520)   Evacuate Collection Set: 417.6ms
[2026-01-16T09:11:35.248+0000][gc,phases   ] GC(520)   Post Evacuate Collection Set: 37.4ms
[2026-01-16T09:11:35.254+0000][gc,phases   ] GC(520)   Other: 3.6ms
[2026-01-16T09:11:35.255+0000][gc,heap     ] GC(520) Eden regions: 46->0(46)
[2026-01-16T09:11:35.255+0000][gc,heap     ] GC(520) Survivor regions: 5->5(7)
[2026-01-16T09:11:35.255+0000][gc,heap     ] GC(520) Old regions: 174->174
[2026-01-16T09:11:35.255+0000][gc,heap     ] GC(520) Humongous regions: 149->149
[2026-01-16T09:11:35.255+0000][gc,metaspace] GC(520) Metaspace: 14442K(14848K)->14442K(14848K) NonClass: 12775K(12992K)->12775K(12992K) Class: 1666K(1856K)->1666K(1856K)
[2026-01-16T09:11:35.255+0000][gc          ] GC(520) Pause Young (Normal) (G1 Evacuation Pause) 372M->327M(1024M) 514.040ms
[2026-01-16T09:11:35.255+0000][gc,cpu      ] GC(520) User=0.29s Sys=0.04s Real=0.51s
[2026-01-16T09:11:37.525+0000][gc,start    ] GC(521) Pause Young (Normal) (G1 Evacuation Pause)
[2026-01-16T09:11:37.527+0000][gc,task     ] GC(521) Using 8 workers of 8 for evacuation
[2026-01-16T09:11:37.918+0000][gc,mmu      ] GC(521) MMU target violated: 201.0ms (200.0ms/201.0ms)
[2026-01-16T09:11:37.919+0000][gc,phases   ] GC(521)   Pre Evacuate Collection Set: 10.3ms
[2026-01-16T09:11:37.926+0000][gc,phases   ] GC(521)   Merge Heap Roots: 4.3ms
[2026-01-16T09:11:37.927+0000][gc,phases   ] GC(521)   Evacuate Collection Set: 347.5ms
[2026-01-16T09:11:37.931+0000][gc,phases   ] GC(521)   Post Evacuate Collection Set: 23.1ms
[2026-01-16T09:11:37.931+0000][gc,phases   ] GC(521)   Other: 7.0ms
[2026-01-16T09:11:37.934+0000][gc,heap     ] GC(521) Eden regions: 46->0(46)
[2026-01-16T09:11:37.935+0000][gc,heap     ] GC(521) Survivor regions: 5->5(7)
[2026-01-16T09:11:37.941+0000][gc,heap     ] GC(521) Old regions: 174->176
[2026-01-16T09:11:37.942+0000][gc,heap     ] GC(521) Humongous regions: 149->149
[2026-01-16T09:11:37.942+0000][gc,metaspace] GC(521) Metaspace: 14442K(14848K)->14442K(14848K) NonClass: 12775K(12992K)->12775K(12992K) Class: 1666K(1856K)->1666K(1856K)
[2026-01-16T09:11:37.943+0000][gc          ] GC(521) Pause Young (Normal) (G1 Evacuation Pause) 373M->328M(1024M) 417.755ms
[2026-01-16T09:11:37.943+0000][gc,cpu      ] GC(521) User=0.33s Sys=0.01s Real=0.42s
[2026-01-16T09:11:39.430+0000][gc,start    ] GC(522) Pause Young (Normal) (G1 Evacuation Pause)
[2026-01-16T09:11:39.434+0000][gc,task     ] GC(522) Using 8 workers of 8 for evacuation
[2026-01-16T09:11:39.942+0000][gc,mmu      ] GC(522) MMU target violated: 201.0ms (200.0ms/201.0ms)
[2026-01-16T09:11:39.944+0000][gc,phases   ] GC(522)   Pre Evacuate Collection Set: 71.8ms
[2026-01-16T09:11:39.946+0000][gc,phases   ] GC(522)   Merge Heap Roots: 18.4ms
[2026-01-16T09:11:39.946+0000][gc,phases   ] GC(522)   Evacuate Collection Set: 394.3ms
[2026-01-16T09:11:39.947+0000][gc,phases   ] GC(522)   Post Evacuate Collection Set: 14.9ms
[2026-01-16T09:11:39.947+0000][gc,phases   ] GC(522)   Other: 11.6ms
[2026-01-16T09:11:39.950+0000][gc,heap     ] GC(522) Eden regions: 46->0(47)
[2026-01-16T09:11:39.950+0000][gc,heap     ] GC(522) Survivor regions: 5->4(7)
[2026-01-16T09:11:39.951+0000][gc,heap     ] GC(522) Old regions: 176->177
[2026-01-16T09:11:39.952+0000][gc,heap     ] GC(522) Humongous regions: 149->149
[2026-01-16T09:11:39.952+0000][gc,metaspace] GC(522) Metaspace: 14442K(14848K)->14442K(14848K) NonClass: 12775K(12992K)->12775K(12992K) Class: 1666K(1856K)->1666K(1856K)
[2026-01-16T09:11:39.954+0000][gc          ] GC(522) Pause Young (Normal) (G1 Evacuation Pause) 374M->329M(1024M) 523.641ms
[2026-01-16T09:11:39.955+0000][gc,cpu      ] GC(522) User=0.31s Sys=0.02s Real=0.53s
[2026-01-16T09:11:42.318+0000][gc,start    ] GC(523) Pause Young (Normal) (G1 Evacuation Pause)
[2026-01-16T09:11:42.321+0000][gc,task     ] GC(523) Using 8 workers of 8 for evacuation
[2026-01-16T09:11:42.556+0000][gc,mmu      ] GC(523) MMU target violated: 201.0ms (200.0ms/201.0ms)
[2026-01-16T09:11:42.556+0000][gc,phases   ] GC(523)   Pre Evacuate Collection Set: 24.5ms
[2026-01-16T09:11:42.556+0000][gc,phases   ] GC(523)   Merge Heap Roots: 2.8ms
[2026-01-16T09:11:42.557+0000][gc,phases   ] GC(523)   Evacuate Collection Set: 199.0ms
[2026-01-16T09:11:42.558+0000][gc,phases   ] GC(523)   Post Evacuate Collection Set: 3.4ms
[2026-01-16T09:11:42.558+0000][gc,phases   ] GC(523)   Other: 5.9ms
[2026-01-16T09:11:42.560+0000][gc,heap     ] GC(523) Eden regions: 47->0(46)
[2026-01-16T09:11:42.560+0000][gc,heap     ] GC(523) Survivor regions: 4->5(7)
[2026-01-16T09:11:42.560+0000][gc,heap     ] GC(523) Old regions: 177->177
[2026-01-16T09:11:42.561+0000][gc,heap     ] GC(523) Humongous regions: 149->149
[2026-01-16T09:11:42.561+0000][gc,metaspace] GC(523) Metaspace: 14442K(14848K)->14442K(14848K) NonClass: 12775K(12992K)->12775K(12992K) Class: 1666K(1856K)->1666K(1856K)
[2026-01-16T09:11:42.562+0000][gc          ] GC(523) Pause Young (Normal) (G1 Evacuation Pause) 376M->329M(1024M) 244.775ms
[2026-01-16T09:11:42.563+0000][gc,cpu      ] GC(523) User=0.16s Sys=0.02s Real=0.25s
[2026-01-16T09:11:43.472+0000][gc,start    ] GC(524) Pause Young (Normal) (G1 Evacuation Pause)
[2026-01-16T09:11:43.481+0000][gc,task     ] GC(524) Using 8 workers of 8 for evacuation
[2026-01-16T09:11:43.782+0000][gc,mmu      ] GC(524) MMU target violated: 201.0ms (200.0ms/201.0ms)
[2026-01-16T09:11:43.811+0000][gc,phases   ] GC(524)   Pre Evacuate Collection Set: 18.0ms
[2026-01-16T09:11:43.812+0000][gc,phases   ] GC(524)   Merge Heap Roots: 0.9ms
[2026-01-16T09:11:43.814+0000][gc,phases   ] GC(524)   Evacuate Collection Set: 276.5ms
[2026-01-16T09:11:43.815+0000][gc,phases   ] GC(524)   Post Evacuate Collection Set: 2.3ms
[2026-01-16T09:11:43.815+0000][gc,phases   ] GC(524)   Other: 32.6ms
[2026-01-16T09:11:43.815+0000][gc,heap     ] GC(524) Eden regions: 46->0(46)
[2026-01-16T09:11:43.816+0000][gc,heap     ] GC(524) Survivor regions: 5->5(7)
[2026-01-16T09:11:43.816+0000][gc,heap     ] GC(524) Old regions: 177->178
[2026-01-16T09:11:43.817+0000][gc,heap     ] GC(524) Humongous regions: 149->149
[2026-01-16T09:11:43.817+0000][gc,metaspace] GC(524) Metaspace: 14442K(14848K)->14442K(14848K) NonClass: 12775K(12992K)->12775K(12992K) Class: 1666K(1856K)->1666K(1856K)
[2026-01-16T09:11:43.818+0000][gc          ] GC(524) Pause Young (Normal) (G1 Evacuation Pause) 375M->330M(1024M) 346.067ms
[2026-01-16T09:11:43.819+0000][gc,cpu      ] GC(524) User=0.15s Sys=0.04s Real=0.34s
[2026-01-16T09:11:44.442+0000][gc,start    ] GC(525) Pause Young (Normal) (G1 Evacuation Pause)
[2026-01-16T09:11:44.444+0000][gc,task     ] GC(525) Using 8 workers of 8 for evacuation
[2026-01-16T09:11:44.639+0000][gc,phases   ] GC(525)   Pre Evacuate Collection Set: 1.0ms
[2026-01-16T09:11:44.641+0000][gc,phases   ] GC(525)   Merge Heap Roots: 2.9ms
[2026-01-16T09:11:44.649+0000][gc,phases   ] GC(525)   Evacuate Collection Set: 183.2ms
[2026-01-16T09:11:44.650+0000][gc,phases   ] GC(525)   Post Evacuate Collection Set: 5.5ms
[2026-01-16T09:11:44.654+0000][gc,phases   ] GC(525)   Other: 3.2ms
[2026-01-16T09:11:44.659+0000][gc,heap     ] GC(525) Eden regions: 46->0(47)
[2026-01-16T09:11:44.662+0000][gc,heap     ] GC(525) Survivor regions: 5->4(7)
[2026-01-16T09:11:44.663+0000][gc,heap     ] GC(525) Old regions: 178->179
[2026-01-16T09:11:44.663+0000][gc,heap     ] GC(525) Humongous regions: 149->149
[2026-01-16T09:11:44.664+0000][gc,metaspace] GC(525) Metaspace: 14442K(14848K)->14442K(14848K) NonClass: 12775K(12992K)->12775K(12992K) Class: 1666K(1856K)->1666K(1856K)
[2026-01-16T09:11:44.664+0000][gc          ] GC(525) Pause Young (Normal) (G1 Evacuation Pause) 376M->331M(1024M) 221.689ms
[2026-01-16T09:11:44.664+0000][gc,cpu      ] GC(525) User=0.10s Sys=0.01s Real=0.22s
[2026-01-16T09:11:46.163+0000][gc,start    ] GC(526) Pause Young (Normal) (G1 Evacuation Pause)
[2026-01-16T09:11:46.165+0000][gc,task     ] GC(526) Using 8 workers of 8 for evacuation
[2026-01-16T09:11:46.558+0000][gc,mmu      ] GC(526) MMU target violated: 201.0ms (200.0ms/201.0ms)
[2026-01-16T09:11:46.558+0000][gc,phases   ] GC(526)   Pre Evacuate Collection Set: 32.7ms
[2026-01-16T09:11:46.558+0000][gc,phases   ] GC(526)   Merge Heap Roots: 1.0ms
[2026-01-16T09:11:46.558+0000][gc,phases   ] GC(526)   Evacuate Collection Set: 345.6ms
[2026-01-16T09:11:46.559+0000][gc,phases   ] GC(526)   Post Evacuate Collection Set: 12.5ms
[2026-01-16T09:11:46.559+0000][gc,phases   ] GC(526)   Other: 1.3ms
[2026-01-16T09:11:46.559+0000][gc,heap     ] GC(526) Eden regions: 47->0(46)
[2026-01-16T09:11:46.559+0000][gc,heap     ] GC(526) Survivor regions: 4->5(7)
[2026-01-16T09:11:46.559+0000][gc,heap     ] GC(526) Old regions: 179->179
[2026-01-16T09:11:46.562+0000][gc,heap     ] GC(526) Humongous regions: 149->149
[2026-01-16T09:11:46.562+0000][gc,metaspace] GC(526) Metaspace: 14442K(14848K)->14442K(14848K) NonClass: 12775K(12992K)->12775K(12992K) Class: 1666K(1856K)->1666K(1856K)
[2026-01-16T09:11:46.563+0000][gc          ] GC(526) Pause Young (Normal) (G1 Evacuation Pause) 378M->331M(1024M) 400.049ms
[2026-01-16T09:11:46.564+0000][gc,cpu      ] GC(526) User=0.20s Sys=0.01s Real=0.40s
[2026-01-16T09:11:48.028+0000][gc,start    ] GC(527) Pause Young (Normal) (G1 Evacuation Pause)
[2026-01-16T09:11:48.029+0000][gc,task     ] GC(527) Using 8 workers of 8 for evacuation
[2026-01-16T09:11:48.543+0000][gc,mmu      ] GC(527) MMU target violated: 201.0ms (200.0ms/201.0ms)
[2026-01-16T09:11:48.544+0000][gc,phases   ] GC(527)   Pre Evacuate Collection Set: 26.6ms
[2026-01-16T09:11:48.544+0000][gc,phases   ] GC(527)   Merge Heap Roots: 2.7ms
[2026-01-16T09:11:48.544+0000][gc,phases   ] GC(527)   Evacuate Collection Set: 459.7ms
[2026-01-16T09:11:48.545+0000][gc,phases   ] GC(527)   Post Evacuate Collection Set: 21.8ms
[2026-01-16T09:11:48.545+0000][gc,phases   ] GC(527)   Other: 3.8ms
[2026-01-16T09:11:48.545+0000][gc,heap     ] GC(527) Eden regions: 46->0(46)
[2026-01-16T09:11:48.545+0000][gc,heap     ] GC(527) Survivor regions: 5->5(7)
[2026-01-16T09:11:48.545+0000][gc,heap     ] GC(527) Old regions: 179->180
[2026-01-16T09:11:48.546+0000][gc,heap     ] GC(527) Humongous regions: 149->149
[2026-01-16T09:11:48.548+0000][gc,metaspace] GC(527) Metaspace: 14442K(14848K)->14442K(14848K) NonClass: 12775K(12992K)->12775K(12992K) Class: 1666K(1856K)->1666K(1856K)
[2026-01-16T09:11:48.549+0000][gc          ] GC(527) Pause Young (Normal) (G1 Evacuation Pause) 377M->332M(1024M) 520.674ms
[2026-01-16T09:11:48.550+0000][gc,cpu      ] GC(527) User=0.27s Sys=0.01s Real=0.52s
[2026-01-16T09:11:50.556+0000][gc,start    ] GC(528) Pause Young (Normal) (G1 Evacuation Pause)
[2026-01-16T09:11:50.557+0000][gc,task     ] GC(528) Using 8 workers of 8 for evacuation
[2026-01-16T09:11:50.771+0000][gc,mmu      ] GC(528) MMU target violated: 201.0ms (200.0ms/201.0ms)
[2026-01-16T09:11:50.772+0000][gc,phases   ] GC(528)   Pre Evacuate Collection Set: 27.6ms
[2026-01-16T09:11:50.772+0000][gc,phases   ] GC(528)   Merge Heap Roots: 0.7ms
[2026-01-16T09:11:50.773+0000][gc,phases   ] GC(528)   Evacuate Collection Set: 177.2ms
[2026-01-16T09:11:50.774+0000][gc,phases   ] GC(528)   Post Evacuate Collection Set: 6.0ms
[2026-01-16T09:11:50.775+0000][gc,phases   ] GC(528)   Other: 3.4ms
[2026-01-16T09:11:50.777+0000][gc,heap     ] GC(528) Eden regions: 46->0(46)
[2026-01-16T09:11:50.778+0000][gc,heap     ] GC(528) Survivor regions: 5->5(7)
[2026-01-16T09:11:50.779+0000][gc,heap     ] GC(528) Old regions: 180->180
[2026-01-16T09:11:50.780+0000][gc,heap     ] GC(528) Humongous regions: 149->149
[2026-01-16T09:11:50.780+0000][gc,metaspace] GC(528) Metaspace: 14442K(14848K)->14442K(14848K) NonClass: 12775K(12992K)->12775K(12992K) Class: 1666K(1856K)->1666K(1856K)
[2026-01-16T09:11:50.781+0000][gc          ] GC(528) Pause Young (Normal) (G1 Evacuation Pause) 378M->333M(1024M) 225.071ms
[2026-01-16T09:11:50.782+0000][gc,cpu      ] GC(528) User=0.24s Sys=0.03s Real=0.23s
[2026-01-16T09:11:51.713+0000][gc,start    ] GC(529) Pause Young (Normal) (G1 Evacuation Pause)
[2026-01-16T09:11:51.716+0000][gc,task     ] GC(529) Using 8 workers of 8 for evacuation
[2026-01-16T09:11:51.886+0000][gc,phases   ] GC(529)   Pre Evacuate Collection Set: 8.3ms
[2026-01-16T09:11:51.887+0000][gc,phases   ] GC(529)   Merge Heap Roots: 1.5ms
[2026-01-16T09:11:51.887+0000][gc,phases   ] GC(529)   Evacuate Collection Set: 155.3ms
[2026-01-16T09:11:51.887+0000][gc,phases   ] GC(529)   Post Evacuate Collection Set: 3.8ms
[2026-01-16T09:11:51.887+0000][gc,phases   ] GC(529)   Other: 1.5ms
[2026-01-16T09:11:51.887+0000][gc,heap     ] GC(529) Eden regions: 46->0(46)
[2026-01-16T09:11:51.888+0000][gc,heap     ] GC(529) Survivor regions: 5->5(7)
[2026-01-16T09:11:51.889+0000][gc,heap     ] GC(529) Old regions: 180->181
[2026-01-16T09:11:51.889+0000][gc,heap     ] GC(529) Humongous regions: 149->149
[2026-01-16T09:11:51.890+0000][gc,metaspace] GC(529) Metaspace: 14445K(14848K)->14445K(14848K) NonClass: 12778K(12992K)->12778K(12992K) Class: 1666K(1856K)->1666K(1856K)
[2026-01-16T09:11:51.891+0000][gc          ] GC(529) Pause Young (Normal) (G1 Evacuation Pause) 379M->334M(1024M) 179.273ms
[2026-01-16T09:11:51.892+0000][gc,cpu      ] GC(529) User=0.15s Sys=0.01s Real=0.18s
[2026-01-16T09:11:52.748+0000][gc,start    ] GC(530) Pause Young (Normal) (G1 Evacuation Pause)
[2026-01-16T09:11:52.751+0000][gc,task     ] GC(530) Using 8 workers of 8 for evacuation
[2026-01-16T09:11:52.838+0000][gc,phases   ] GC(530)   Pre Evacuate Collection Set: 4.1ms
[2026-01-16T09:11:52.841+0000][gc,phases   ] GC(530)   Merge Heap Roots: 5.1ms
[2026-01-16T09:11:52.842+0000][gc,phases   ] GC(530)   Evacuate Collection Set: 57.4ms
[2026-01-16T09:11:52.842+0000][gc,phases   ] GC(530)   Post Evacuate Collection Set: 18.4ms
[2026-01-16T09:11:52.843+0000][gc,phases   ] GC(530)   Other: 1.6ms
[2026-01-16T09:11:52.846+0000][gc,heap     ] GC(530) Eden regions: 46->0(46)
[2026-01-16T09:11:52.846+0000][gc,heap     ] GC(530) Survivor regions: 5->5(7)
[2026-01-16T09:11:52.846+0000][gc,heap     ] GC(530) Old regions: 181->182
[2026-01-16T09:11:52.847+0000][gc,heap     ] GC(530) Humongous regions: 149->149
[2026-01-16T09:11:52.847+0000][gc,metaspace] GC(530) Metaspace: 14445K(14848K)->14445K(14848K) NonClass: 12778K(12992K)->12778K(12992K) Class: 1666K(1856K)->1666K(1856K)
[2026-01-16T09:11:52.851+0000][gc          ] GC(530) Pause Young (Normal) (G1 Evacuation Pause) 380M->335M(1024M) 102.871ms
[2026-01-16T09:11:52.852+0000][gc,cpu      ] GC(530) User=0.11s Sys=0.00s Real=0.11s
[2026-01-16T09:11:53.359+0000][gc,start    ] GC(531) Pause Young (Normal) (G1 Evacuation Pause)
[2026-01-16T09:11:53.360+0000][gc,task     ] GC(531) Using 8 workers of 8 for evacuation
[2026-01-16T09:11:53.484+0000][gc,phases   ] GC(531)   Pre Evacuate Collection Set: 18.8ms
[2026-01-16T09:11:53.484+0000][gc,phases   ] GC(531)   Merge Heap Roots: 2.9ms
[2026-01-16T09:11:53.484+0000][gc,phases   ] GC(531)   Evacuate Collection Set: 94.2ms
[2026-01-16T09:11:53.484+0000][gc,phases   ] GC(531)   Post Evacuate Collection Set: 6.3ms
[2026-01-16T09:11:53.484+0000][gc,phases   ] GC(531)   Other: 1.3ms
[2026-01-16T09:11:53.485+0000][gc,heap     ] GC(531) Eden regions: 46->0(46)
[2026-01-16T09:11:53.485+0000][gc,heap     ] GC(531) Survivor regions: 5->5(7)
[2026-01-16T09:11:53.486+0000][gc,heap     ] GC(531) Old regions: 182->183
[2026-01-16T09:11:53.487+0000][gc,heap     ] GC(531) Humongous regions: 149->149
[2026-01-16T09:11:53.488+0000][gc,metaspace] GC(531) Metaspace: 14446K(14848K)->14446K(14848K) NonClass: 12779K(12992K)->12779K(12992K) Class: 1666K(1856K)->1666K(1856K)
[2026-01-16T09:11:53.489+0000][gc          ] GC(531) Pause Young (Normal) (G1 Evacuation Pause) 381M->335M(1024M) 129.764ms
[2026-01-16T09:11:53.489+0000][gc,cpu      ] GC(531) User=0.13s Sys=0.00s Real=0.13s
[2026-01-16T09:11:54.141+0000][gc,start    ] GC(532) Pause Young (Normal) (G1 Evacuation Pause)
[2026-01-16T09:11:54.143+0000][gc,task     ] GC(532) Using 8 workers of 8 for evacuation
[2026-01-16T09:11:54.255+0000][gc,phases   ] GC(532)   Pre Evacuate Collection Set: 3.7ms
[2026-01-16T09:11:54.256+0000][gc,phases   ] GC(532)   Merge Heap Roots: 10.1ms
[2026-01-16T09:11:54.257+0000][gc,phases   ] GC(532)   Evacuate Collection Set: 94.0ms
[2026-01-16T09:11:54.258+0000][gc,phases   ] GC(532)   Post Evacuate Collection Set: 1.7ms
[2026-01-16T09:11:54.258+0000][gc,phases   ] GC(532)   Other: 2.2ms
[2026-01-16T09:11:54.258+0000][gc,heap     ] GC(532) Eden regions: 46->0(71)
[2026-01-16T09:11:54.259+0000][gc,heap     ] GC(532) Survivor regions: 5->4(7)
[2026-01-16T09:11:54.259+0000][gc,heap     ] GC(532) Old regions: 183->184
[2026-01-16T09:11:54.260+0000][gc,heap     ] GC(532) Humongous regions: 149->149
[2026-01-16T09:11:54.260+0000][gc,metaspace] GC(532) Metaspace: 14446K(14848K)->14446K(14848K) NonClass: 12779K(12992K)->12779K(12992K) Class: 1666K(1856K)->1666K(1856K)
[2026-01-16T09:11:54.261+0000][gc          ] GC(532) Pause Young (Normal) (G1 Evacuation Pause) 381M->336M(1024M) 119.991ms
[2026-01-16T09:11:54.262+0000][gc,cpu      ] GC(532) User=0.15s Sys=0.02s Real=0.12s
[2026-01-16T09:11:57.671+0000][gc,start    ] GC(533) Pause Young (Normal) (G1 Evacuation Pause)
[2026-01-16T09:11:57.672+0000][gc,task     ] GC(533) Using 8 workers of 8 for evacuation
[2026-01-16T09:11:58.270+0000][gc,mmu      ] GC(533) MMU target violated: 201.0ms (200.0ms/201.0ms)
[2026-01-16T09:11:58.274+0000][gc,phases   ] GC(533)   Pre Evacuate Collection Set: 72.5ms
[2026-01-16T09:11:58.274+0000][gc,phases   ] GC(533)   Merge Heap Roots: 7.2ms
[2026-01-16T09:11:58.275+0000][gc,phases   ] GC(533)   Evacuate Collection Set: 493.5ms
[2026-01-16T09:11:58.275+0000][gc,phases   ] GC(533)   Post Evacuate Collection Set: 21.2ms
[2026-01-16T09:11:58.275+0000][gc,phases   ] GC(533)   Other: 7.5ms
[2026-01-16T09:11:58.275+0000][gc,heap     ] GC(533) Eden regions: 76->0(46)
[2026-01-16T09:11:58.276+0000][gc,heap     ] GC(533) Survivor regions: 4->5(10)
[2026-01-16T09:11:58.276+0000][gc,heap     ] GC(533) Old regions: 184->184
[2026-01-16T09:11:58.277+0000][gc,heap     ] GC(533) Humongous regions: 149->149
[2026-01-16T09:11:58.277+0000][gc,metaspace] GC(533) Metaspace: 14448K(14848K)->14448K(14848K) NonClass: 12781K(12992K)->12781K(12992K) Class: 1666K(1856K)->1666K(1856K)
[2026-01-16T09:11:58.278+0000][gc          ] GC(533) Pause Young (Normal) (G1 Evacuation Pause) 412M->337M(1024M) 606.889ms
[2026-01-16T09:11:58.278+0000][gc,cpu      ] GC(533) User=0.47s Sys=0.02s Real=0.61s
[2026-01-16T09:12:01.266+0000][gc,start    ] GC(534) Pause Young (Normal) (G1 Evacuation Pause)
[2026-01-16T09:12:01.308+0000][gc,task     ] GC(534) Using 8 workers of 8 for evacuation
[2026-01-16T09:12:01.969+0000][gc,mmu      ] GC(534) MMU target violated: 201.0ms (200.0ms/201.0ms)
[2026-01-16T09:12:01.971+0000][gc,phases   ] GC(534)   Pre Evacuate Collection Set: 77.9ms
[2026-01-16T09:12:01.973+0000][gc,phases   ] GC(534)   Merge Heap Roots: 2.4ms
[2026-01-16T09:12:01.973+0000][gc,phases   ] GC(534)   Evacuate Collection Set: 535.3ms
[2026-01-16T09:12:01.975+0000][gc,phases   ] GC(534)   Post Evacuate Collection Set: 45.1ms
[2026-01-16T09:12:01.977+0000][gc,phases   ] GC(534)   Other: 22.5ms
[2026-01-16T09:12:01.977+0000][gc,heap     ] GC(534) Eden regions: 46->0(46)
[2026-01-16T09:12:01.979+0000][gc,heap     ] GC(534) Survivor regions: 5->5(7)
[2026-01-16T09:12:01.979+0000][gc,heap     ] GC(534) Old regions: 184->185
[2026-01-16T09:12:01.980+0000][gc,heap     ] GC(534) Humongous regions: 149->149
[2026-01-16T09:12:01.982+0000][gc,metaspace] GC(534) Metaspace: 14448K(14848K)->14448K(14848K) NonClass: 12781K(12992K)->12781K(12992K) Class: 1666K(1856K)->1666K(1856K)
[2026-01-16T09:12:01.982+0000][gc          ] GC(534) Pause Young (Normal) (G1 Evacuation Pause) 383M->337M(1024M) 716.574ms
[2026-01-16T09:12:01.983+0000][gc,cpu      ] GC(534) User=0.35s Sys=0.02s Real=0.73s
[2026-01-16T09:12:05.787+0000][gc,start    ] GC(535) Pause Young (Normal) (G1 Evacuation Pause)
[2026-01-16T09:12:05.796+0000][gc,task     ] GC(535) Using 8 workers of 8 for evacuation
[2026-01-16T09:12:06.066+0000][gc,mmu      ] GC(535) MMU target violated: 201.0ms (200.0ms/201.0ms)
[2026-01-16T09:12:06.067+0000][gc,phases   ] GC(535)   Pre Evacuate Collection Set: 41.9ms
[2026-01-16T09:12:06.069+0000][gc,phases   ] GC(535)   Merge Heap Roots: 5.1ms
[2026-01-16T09:12:06.069+0000][gc,phases   ] GC(535)   Evacuate Collection Set: 216.2ms
[2026-01-16T09:12:06.070+0000][gc,phases   ] GC(535)   Post Evacuate Collection Set: 6.6ms
[2026-01-16T09:12:06.070+0000][gc,phases   ] GC(535)   Other: 2.2ms
[2026-01-16T09:12:06.070+0000][gc,heap     ] GC(535) Eden regions: 46->0(46)
[2026-01-16T09:12:06.071+0000][gc,heap     ] GC(535) Survivor regions: 5->5(7)
[2026-01-16T09:12:06.071+0000][gc,heap     ] GC(535) Old regions: 185->186
[2026-01-16T09:12:06.072+0000][gc,heap     ] GC(535) Humongous regions: 149->149
[2026-01-16T09:12:06.073+0000][gc,metaspace] GC(535) Metaspace: 14448K(14848K)->14448K(14848K) NonClass: 12781K(12992K)->12781K(12992K) Class: 1666K(1856K)->1666K(1856K)
[2026-01-16T09:12:06.075+0000][gc          ] GC(535) Pause Young (Normal) (G1 Evacuation Pause) 383M->339M(1024M) 286.998ms
[2026-01-16T09:12:06.076+0000][gc,cpu      ] GC(535) User=0.32s Sys=0.01s Real=0.29s
[2026-01-16T09:12:08.639+0000][gc,start    ] GC(536) Pause Young (Normal) (G1 Evacuation Pause)
[2026-01-16T09:12:08.643+0000][gc,task     ] GC(536) Using 8 workers of 8 for evacuation
[2026-01-16T09:12:08.983+0000][gc,mmu      ] GC(536) MMU target violated: 201.0ms (200.0ms/201.0ms)
[2026-01-16T09:12:08.986+0000][gc,phases   ] GC(536)   Pre Evacuate Collection Set: 24.5ms
[2026-01-16T09:12:08.987+0000][gc,phases   ] GC(536)   Merge Heap Roots: 7.0ms
[2026-01-16T09:12:08.987+0000][gc,phases   ] GC(536)   Evacuate Collection Set: 288.0ms
[2026-01-16T09:12:08.987+0000][gc,phases   ] GC(536)   Post Evacuate Collection Set: 7.3ms
[2026-01-16T09:12:08.998+0000][gc,phases   ] GC(536)   Other: 17.5ms
[2026-01-16T09:12:08.999+0000][gc,heap     ] GC(536) Eden regions: 46->0(46)
[2026-01-16T09:12:09.000+0000][gc,heap     ] GC(536) Survivor regions: 5->5(7)
[2026-01-16T09:12:09.004+0000][gc,heap     ] GC(536) Old regions: 186->187
[2026-01-16T09:12:09.005+0000][gc,heap     ] GC(536) Humongous regions: 149->149
[2026-01-16T09:12:09.006+0000][gc,metaspace] GC(536) Metaspace: 14448K(14848K)->14448K(14848K) NonClass: 12781K(12992K)->12781K(12992K) Class: 1666K(1856K)->1666K(1856K)
[2026-01-16T09:12:09.007+0000][gc          ] GC(536) Pause Young (Normal) (G1 Evacuation Pause) 385M->340M(1024M) 367.603ms
[2026-01-16T09:12:09.009+0000][gc,cpu      ] GC(536) User=0.25s Sys=0.00s Real=0.37s
[2026-01-16T09:12:09.999+0000][gc,start    ] GC(537) Pause Young (Normal) (G1 Evacuation Pause)
[2026-01-16T09:12:10.022+0000][gc,task     ] GC(537) Using 8 workers of 8 for evacuation
[2026-01-16T09:12:11.054+0000][gc,mmu      ] GC(537) MMU target violated: 201.0ms (200.0ms/201.0ms)
[2026-01-16T09:12:11.058+0000][gc,phases   ] GC(537)   Pre Evacuate Collection Set: 3.4ms
[2026-01-16T09:12:11.058+0000][gc,phases   ] GC(537)   Merge Heap Roots: 0.4ms
[2026-01-16T09:12:11.062+0000][gc,phases   ] GC(537)   Evacuate Collection Set: 1016.6ms
[2026-01-16T09:12:11.064+0000][gc,phases   ] GC(537)   Post Evacuate Collection Set: 6.2ms
[2026-01-16T09:12:11.067+0000][gc,phases   ] GC(537)   Other: 9.1ms
[2026-01-16T09:12:11.071+0000][gc,heap     ] GC(537) Eden regions: 46->0(47)
[2026-01-16T09:12:11.076+0000][gc,heap     ] GC(537) Survivor regions: 5->4(7)
[2026-01-16T09:12:11.080+0000][gc,heap     ] GC(537) Old regions: 187->189
[2026-01-16T09:12:11.084+0000][gc,heap     ] GC(537) Humongous regions: 149->149
[2026-01-16T09:12:11.088+0000][gc,metaspace] GC(537) Metaspace: 14449K(14848K)->14449K(14848K) NonClass: 12782K(12992K)->12782K(12992K) Class: 1666K(1856K)->1666K(1856K)
[2026-01-16T09:12:11.098+0000][gc          ] GC(537) Pause Young (Normal) (G1 Evacuation Pause) 386M->340M(1024M) 1099.218ms
[2026-01-16T09:12:11.099+0000][gc,cpu      ] GC(537) User=0.59s Sys=0.09s Real=1.10s
[2026-01-16T09:12:12.443+0000][gc,start    ] GC(538) Pause Young (Normal) (G1 Evacuation Pause)
[2026-01-16T09:12:12.452+0000][gc,task     ] GC(538) Using 8 workers of 8 for evacuation
[2026-01-16T09:12:12.694+0000][gc,mmu      ] GC(538) MMU target violated: 201.0ms (200.0ms/201.0ms)
[2026-01-16T09:12:12.696+0000][gc,phases   ] GC(538)   Pre Evacuate Collection Set: 9.3ms
[2026-01-16T09:12:12.699+0000][gc,phases   ] GC(538)   Merge Heap Roots: 21.6ms
[2026-01-16T09:12:12.705+0000][gc,phases   ] GC(538)   Evacuate Collection Set: 207.0ms
[2026-01-16T09:12:12.710+0000][gc,phases   ] GC(538)   Post Evacuate Collection Set: 1.8ms
[2026-01-16T09:12:12.711+0000][gc,phases   ] GC(538)   Other: 4.7ms
[2026-01-16T09:12:12.716+0000][gc,heap     ] GC(538) Eden regions: 47->0(46)
[2026-01-16T09:12:12.717+0000][gc,heap     ] GC(538) Survivor regions: 4->5(7)
[2026-01-16T09:12:12.717+0000][gc,heap     ] GC(538) Old regions: 189->189
[2026-01-16T09:12:12.718+0000][gc,heap     ] GC(538) Humongous regions: 149->149
[2026-01-16T09:12:12.718+0000][gc,metaspace] GC(538) Metaspace: 14449K(14848K)->14449K(14848K) NonClass: 12782K(12992K)->12782K(12992K) Class: 1666K(1856K)->1666K(1856K)
[2026-01-16T09:12:12.719+0000][gc          ] GC(538) Pause Young (Normal) (G1 Evacuation Pause) 387M->341M(1024M) 276.320ms
[2026-01-16T09:12:12.720+0000][gc,cpu      ] GC(538) User=0.14s Sys=0.01s Real=0.28s
[2026-01-16T09:12:13.385+0000][gc,start    ] GC(539) Pause Young (Normal) (G1 Evacuation Pause)
[2026-01-16T09:12:13.398+0000][gc,task     ] GC(539) Using 8 workers of 8 for evacuation
[2026-01-16T09:12:13.673+0000][gc,mmu      ] GC(539) MMU target violated: 201.0ms (200.0ms/201.0ms)
[2026-01-16T09:12:13.675+0000][gc,phases   ] GC(539)   Pre Evacuate Collection Set: 1.1ms
[2026-01-16T09:12:13.675+0000][gc,phases   ] GC(539)   Merge Heap Roots: 4.5ms
[2026-01-16T09:12:13.675+0000][gc,phases   ] GC(539)   Evacuate Collection Set: 262.8ms
[2026-01-16T09:12:13.676+0000][gc,phases   ] GC(539)   Post Evacuate Collection Set: 1.9ms
[2026-01-16T09:12:13.676+0000][gc,phases   ] GC(539)   Other: 6.2ms
[2026-01-16T09:12:13.676+0000][gc,heap     ] GC(539) Eden regions: 46->0(46)
[2026-01-16T09:12:13.677+0000][gc,heap     ] GC(539) Survivor regions: 5->5(7)
[2026-01-16T09:12:13.677+0000][gc,heap     ] GC(539) Old regions: 189->189
[2026-01-16T09:12:13.678+0000][gc,heap     ] GC(539) Humongous regions: 149->149
[2026-01-16T09:12:13.678+0000][gc,metaspace] GC(539) Metaspace: 14449K(14848K)->14449K(14848K) NonClass: 12782K(12992K)->12782K(12992K) Class: 1666K(1856K)->1666K(1856K)
[2026-01-16T09:12:13.678+0000][gc          ] GC(539) Pause Young (Normal) (G1 Evacuation Pause) 387M->342M(1024M) 293.386ms
[2026-01-16T09:12:13.680+0000][gc,cpu      ] GC(539) User=0.16s Sys=0.01s Real=0.30s
[2026-01-16T09:12:15.165+0000][gc,start    ] GC(540) Pause Young (Normal) (G1 Evacuation Pause)
[2026-01-16T09:12:15.169+0000][gc,task     ] GC(540) Using 8 workers of 8 for evacuation
[2026-01-16T09:12:15.453+0000][gc,mmu      ] GC(540) MMU target violated: 201.0ms (200.0ms/201.0ms)
[2026-01-16T09:12:15.455+0000][gc,phases   ] GC(540)   Pre Evacuate Collection Set: 49.1ms
[2026-01-16T09:12:15.461+0000][gc,phases   ] GC(540)   Merge Heap Roots: 12.0ms
[2026-01-16T09:12:15.472+0000][gc,phases   ] GC(540)   Evacuate Collection Set: 211.7ms
[2026-01-16T09:12:15.473+0000][gc,phases   ] GC(540)   Post Evacuate Collection Set: 9.2ms
[2026-01-16T09:12:15.474+0000][gc,phases   ] GC(540)   Other: 4.4ms
[2026-01-16T09:12:15.474+0000][gc,heap     ] GC(540) Eden regions: 46->0(47)
[2026-01-16T09:12:15.475+0000][gc,heap     ] GC(540) Survivor regions: 5->4(7)
[2026-01-16T09:12:15.477+0000][gc,heap     ] GC(540) Old regions: 189->190
[2026-01-16T09:12:15.478+0000][gc,heap     ] GC(540) Humongous regions: 149->149
[2026-01-16T09:12:15.479+0000][gc,metaspace] GC(540) Metaspace: 14451K(14848K)->14451K(14848K) NonClass: 12784K(12992K)->12784K(12992K) Class: 1666K(1856K)->1666K(1856K)
[2026-01-16T09:12:15.479+0000][gc          ] GC(540) Pause Young (Normal) (G1 Evacuation Pause) 388M->342M(1024M) 314.344ms
[2026-01-16T09:12:15.486+0000][gc,cpu      ] GC(540) User=0.23s Sys=0.01s Real=0.32s
[2026-01-16T09:12:17.647+0000][gc,start    ] GC(541) Pause Young (Normal) (G1 Evacuation Pause)
[2026-01-16T09:12:17.650+0000][gc,task     ] GC(541) Using 8 workers of 8 for evacuation
[2026-01-16T09:12:18.076+0000][gc,mmu      ] GC(541) MMU target violated: 201.0ms (200.0ms/201.0ms)
[2026-01-16T09:12:18.078+0000][gc,phases   ] GC(541)   Pre Evacuate Collection Set: 62.9ms
[2026-01-16T09:12:18.081+0000][gc,phases   ] GC(541)   Merge Heap Roots: 26.7ms
[2026-01-16T09:12:18.083+0000][gc,phases   ] GC(541)   Evacuate Collection Set: 254.0ms
[2026-01-16T09:12:18.083+0000][gc,phases   ] GC(541)   Post Evacuate Collection Set: 69.5ms
[2026-01-16T09:12:18.084+0000][gc,phases   ] GC(541)   Other: 14.7ms
[2026-01-16T09:12:18.088+0000][gc,heap     ] GC(541) Eden regions: 47->0(47)
[2026-01-16T09:12:18.090+0000][gc,heap     ] GC(541) Survivor regions: 4->4(7)
[2026-01-16T09:12:18.094+0000][gc,heap     ] GC(541) Old regions: 190->191
[2026-01-16T09:12:18.095+0000][gc,heap     ] GC(541) Humongous regions: 149->149
[2026-01-16T09:12:18.095+0000][gc,metaspace] GC(541) Metaspace: 14451K(14848K)->14451K(14848K) NonClass: 12784K(12992K)->12784K(12992K) Class: 1666K(1856K)->1666K(1856K)
[2026-01-16T09:12:18.096+0000][gc          ] GC(541) Pause Young (Normal) (G1 Evacuation Pause) 389M->343M(1024M) 448.606ms
[2026-01-16T09:12:18.097+0000][gc,cpu      ] GC(541) User=0.29s Sys=0.01s Real=0.45s
[2026-01-16T09:12:19.947+0000][gc,start    ] GC(542) Pause Young (Normal) (G1 Evacuation Pause)
[2026-01-16T09:12:19.952+0000][gc,task     ] GC(542) Using 8 workers of 8 for evacuation
[2026-01-16T09:12:20.233+0000][gc,mmu      ] GC(542) MMU target violated: 201.0ms (200.0ms/201.0ms)
[2026-01-16T09:12:20.234+0000][gc,phases   ] GC(542)   Pre Evacuate Collection Set: 28.3ms
[2026-01-16T09:12:20.237+0000][gc,phases   ] GC(542)   Merge Heap Roots: 33.6ms
[2026-01-16T09:12:20.237+0000][gc,phases   ] GC(542)   Evacuate Collection Set: 180.6ms
[2026-01-16T09:12:20.237+0000][gc,phases   ] GC(542)   Post Evacuate Collection Set: 33.5ms
[2026-01-16T09:12:20.238+0000][gc,phases   ] GC(542)   Other: 5.7ms
[2026-01-16T09:12:20.238+0000][gc,heap     ] GC(542) Eden regions: 47->0(46)
[2026-01-16T09:12:20.238+0000][gc,heap     ] GC(542) Survivor regions: 4->5(7)
[2026-01-16T09:12:20.239+0000][gc,heap     ] GC(542) Old regions: 191->191
[2026-01-16T09:12:20.239+0000][gc,heap     ] GC(542) Humongous regions: 149->149
[2026-01-16T09:12:20.239+0000][gc,metaspace] GC(542) Metaspace: 14451K(14848K)->14451K(14848K) NonClass: 12784K(12992K)->12784K(12992K) Class: 1666K(1856K)->1666K(1856K)
[2026-01-16T09:12:20.240+0000][gc          ] GC(542) Pause Young (Normal) (G1 Evacuation Pause) 390M->344M(1024M) 292.553ms
[2026-01-16T09:12:20.240+0000][gc,cpu      ] GC(542) User=0.15s Sys=0.02s Real=0.31s
[2026-01-16T09:12:22.101+0000][gc,start    ] GC(543) Pause Young (Normal) (G1 Evacuation Pause)
[2026-01-16T09:12:22.103+0000][gc,task     ] GC(543) Using 8 workers of 8 for evacuation
[2026-01-16T09:12:22.412+0000][gc,mmu      ] GC(543) MMU target violated: 201.0ms (200.0ms/201.0ms)
[2026-01-16T09:12:22.413+0000][gc,phases   ] GC(543)   Pre Evacuate Collection Set: 24.2ms
[2026-01-16T09:12:22.413+0000][gc,phases   ] GC(543)   Merge Heap Roots: 1.9ms
[2026-01-16T09:12:22.414+0000][gc,phases   ] GC(543)   Evacuate Collection Set: 276.0ms
[2026-01-16T09:12:22.414+0000][gc,phases   ] GC(543)   Post Evacuate Collection Set: 6.7ms
[2026-01-16T09:12:22.414+0000][gc,phases   ] GC(543)   Other: 1.9ms
[2026-01-16T09:12:22.415+0000][gc,heap     ] GC(543) Eden regions: 46->0(47)
[2026-01-16T09:12:22.415+0000][gc,heap     ] GC(543) Survivor regions: 5->4(7)
[2026-01-16T09:12:22.415+0000][gc,heap     ] GC(543) Old regions: 191->193
[2026-01-16T09:12:22.416+0000][gc,heap     ] GC(543) Humongous regions: 149->149
[2026-01-16T09:12:22.416+0000][gc,metaspace] GC(543) Metaspace: 14451K(14848K)->14451K(14848K) NonClass: 12784K(12992K)->12784K(12992K) Class: 1666K(1856K)->1666K(1856K)
[2026-01-16T09:12:22.417+0000][gc          ] GC(543) Pause Young (Normal) (G1 Evacuation Pause) 390M->345M(1024M) 315.699ms
[2026-01-16T09:12:22.417+0000][gc,cpu      ] GC(543) User=0.22s Sys=0.01s Real=0.32s
[2026-01-16T09:12:23.617+0000][gc,start    ] GC(544) Pause Young (Normal) (G1 Evacuation Pause)
[2026-01-16T09:12:23.622+0000][gc,task     ] GC(544) Using 8 workers of 8 for evacuation
[2026-01-16T09:12:24.273+0000][gc,mmu      ] GC(544) MMU target violated: 201.0ms (200.0ms/201.0ms)
[2026-01-16T09:12:24.274+0000][gc,phases   ] GC(544)   Pre Evacuate Collection Set: 35.1ms
[2026-01-16T09:12:24.278+0000][gc,phases   ] GC(544)   Merge Heap Roots: 15.4ms
[2026-01-16T09:12:24.285+0000][gc,phases   ] GC(544)   Evacuate Collection Set: 576.3ms
[2026-01-16T09:12:24.291+0000][gc,phases   ] GC(544)   Post Evacuate Collection Set: 15.2ms
[2026-01-16T09:12:24.295+0000][gc,phases   ] GC(544)   Other: 10.8ms
[2026-01-16T09:12:24.299+0000][gc,heap     ] GC(544) Eden regions: 47->0(46)
[2026-01-16T09:12:24.306+0000][gc,heap     ] GC(544) Survivor regions: 4->5(7)
[2026-01-16T09:12:24.308+0000][gc,heap     ] GC(544) Old regions: 193->193
[2026-01-16T09:12:24.309+0000][gc,heap     ] GC(544) Humongous regions: 149->149
[2026-01-16T09:12:24.309+0000][gc,metaspace] GC(544) Metaspace: 14451K(14848K)->14451K(14848K) NonClass: 12784K(12992K)->12784K(12992K) Class: 1666K(1856K)->1666K(1856K)
[2026-01-16T09:12:24.309+0000][gc          ] GC(544) Pause Young (Normal) (G1 Evacuation Pause) 392M->345M(1024M) 692.399ms
[2026-01-16T09:12:24.316+0000][gc,cpu      ] GC(544) User=0.30s Sys=0.03s Real=0.70s
[2026-01-16T09:12:26.368+0000][gc,start    ] GC(545) Pause Young (Normal) (G1 Evacuation Pause)
[2026-01-16T09:12:26.369+0000][gc,task     ] GC(545) Using 8 workers of 8 for evacuation
[2026-01-16T09:12:26.754+0000][gc,mmu      ] GC(545) MMU target violated: 201.0ms (200.0ms/201.0ms)
[2026-01-16T09:12:26.755+0000][gc,phases   ] GC(545)   Pre Evacuate Collection Set: 18.5ms
[2026-01-16T09:12:26.755+0000][gc,phases   ] GC(545)   Merge Heap Roots: 5.1ms
[2026-01-16T09:12:26.755+0000][gc,phases   ] GC(545)   Evacuate Collection Set: 356.5ms
[2026-01-16T09:12:26.756+0000][gc,phases   ] GC(545)   Post Evacuate Collection Set: 4.2ms
[2026-01-16T09:12:26.758+0000][gc,phases   ] GC(545)   Other: 1.2ms
[2026-01-16T09:12:26.759+0000][gc,heap     ] GC(545) Eden regions: 46->0(47)
[2026-01-16T09:12:26.760+0000][gc,heap     ] GC(545) Survivor regions: 5->4(7)
[2026-01-16T09:12:26.764+0000][gc,heap     ] GC(545) Old regions: 193->194
[2026-01-16T09:12:26.766+0000][gc,heap     ] GC(545) Humongous regions: 149->149
[2026-01-16T09:12:26.781+0000][gc,metaspace] GC(545) Metaspace: 14452K(14848K)->14452K(14848K) NonClass: 12785K(12992K)->12785K(12992K) Class: 1666K(1856K)->1666K(1856K)
[2026-01-16T09:12:26.781+0000][gc          ] GC(545) Pause Young (Normal) (G1 Evacuation Pause) 391M->346M(1024M) 413.257ms
[2026-01-16T09:12:26.793+0000][gc,cpu      ] GC(545) User=0.29s Sys=0.02s Real=0.42s
[2026-01-16T09:12:31.490+0000][gc,start    ] GC(546) Pause Young (Normal) (G1 Evacuation Pause)
[2026-01-16T09:12:31.543+0000][gc,task     ] GC(546) Using 8 workers of 8 for evacuation
[2026-01-16T09:12:32.179+0000][gc,mmu      ] GC(546) MMU target violated: 201.0ms (200.0ms/201.0ms)
[2026-01-16T09:12:32.180+0000][gc,phases   ] GC(546)   Pre Evacuate Collection Set: 88.9ms
[2026-01-16T09:12:32.180+0000][gc,phases   ] GC(546)   Merge Heap Roots: 18.7ms
[2026-01-16T09:12:32.180+0000][gc,phases   ] GC(546)   Evacuate Collection Set: 460.7ms
[2026-01-16T09:12:32.180+0000][gc,phases   ] GC(546)   Post Evacuate Collection Set: 59.9ms
[2026-01-16T09:12:32.182+0000][gc,phases   ] GC(546)   Other: 17.8ms
[2026-01-16T09:12:32.183+0000][gc,heap     ] GC(546) Eden regions: 47->0(46)
[2026-01-16T09:12:32.183+0000][gc,heap     ] GC(546) Survivor regions: 4->5(7)
[2026-01-16T09:12:32.184+0000][gc,heap     ] GC(546) Old regions: 194->194
[2026-01-16T09:12:32.184+0000][gc,heap     ] GC(546) Humongous regions: 149->149
[2026-01-16T09:12:32.185+0000][gc,metaspace] GC(546) Metaspace: 14452K(14848K)->14452K(14848K) NonClass: 12785K(12992K)->12785K(12992K) Class: 1666K(1856K)->1666K(1856K)
[2026-01-16T09:12:32.186+0000][gc          ] GC(546) Pause Young (Normal) (G1 Evacuation Pause) 393M->347M(1024M) 695.819ms
[2026-01-16T09:12:32.187+0000][gc,cpu      ] GC(546) User=0.44s Sys=0.05s Real=0.70s
[2026-01-16T09:12:35.270+0000][gc,start    ] GC(547) Pause Young (Normal) (G1 Evacuation Pause)
[2026-01-16T09:12:35.270+0000][gc,task     ] GC(547) Using 8 workers of 8 for evacuation
[2026-01-16T09:12:35.872+0000][gc,mmu      ] GC(547) MMU target violated: 201.0ms (200.0ms/201.0ms)
[2026-01-16T09:12:35.875+0000][gc,phases   ] GC(547)   Pre Evacuate Collection Set: 27.0ms
[2026-01-16T09:12:35.876+0000][gc,phases   ] GC(547)   Merge Heap Roots: 1.2ms
[2026-01-16T09:12:35.876+0000][gc,phases   ] GC(547)   Evacuate Collection Set: 548.4ms
[2026-01-16T09:12:35.877+0000][gc,phases   ] GC(547)   Post Evacuate Collection Set: 21.1ms
[2026-01-16T09:12:35.878+0000][gc,phases   ] GC(547)   Other: 4.4ms
[2026-01-16T09:12:35.881+0000][gc,heap     ] GC(547) Eden regions: 46->0(46)
[2026-01-16T09:12:35.883+0000][gc,heap     ] GC(547) Survivor regions: 5->5(7)
[2026-01-16T09:12:35.883+0000][gc,heap     ] GC(547) Old regions: 194->195
[2026-01-16T09:12:35.883+0000][gc,heap     ] GC(547) Humongous regions: 149->149
[2026-01-16T09:12:35.883+0000][gc,metaspace] GC(547) Metaspace: 14454K(14848K)->14454K(14848K) NonClass: 12787K(12992K)->12787K(12992K) Class: 1666K(1856K)->1666K(1856K)
[2026-01-16T09:12:35.884+0000][gc          ] GC(547) Pause Young (Normal) (G1 Evacuation Pause) 393M->348M(1024M) 611.435ms
[2026-01-16T09:12:35.884+0000][gc,cpu      ] GC(547) User=0.35s Sys=0.02s Real=0.61s
[2026-01-16T09:12:38.704+0000][gc,start    ] GC(548) Pause Young (Normal) (G1 Evacuation Pause)
[2026-01-16T09:12:38.714+0000][gc,task     ] GC(548) Using 8 workers of 8 for evacuation
[2026-01-16T09:12:39.245+0000][gc,mmu      ] GC(548) MMU target violated: 201.0ms (200.0ms/201.0ms)
[2026-01-16T09:12:39.246+0000][gc,phases   ] GC(548)   Pre Evacuate Collection Set: 61.3ms
[2026-01-16T09:12:39.247+0000][gc,phases   ] GC(548)   Merge Heap Roots: 30.9ms
[2026-01-16T09:12:39.249+0000][gc,phases   ] GC(548)   Evacuate Collection Set: 415.3ms
[2026-01-16T09:12:39.250+0000][gc,phases   ] GC(548)   Post Evacuate Collection Set: 14.4ms
[2026-01-16T09:12:39.250+0000][gc,phases   ] GC(548)   Other: 10.2ms
[2026-01-16T09:12:39.250+0000][gc,heap     ] GC(548) Eden regions: 46->0(46)
[2026-01-16T09:12:39.251+0000][gc,heap     ] GC(548) Survivor regions: 5->5(7)
[2026-01-16T09:12:39.251+0000][gc,heap     ] GC(548) Old regions: 195->196
[2026-01-16T09:12:39.251+0000][gc,heap     ] GC(548) Humongous regions: 149->149
[2026-01-16T09:12:39.251+0000][gc,metaspace] GC(548) Metaspace: 14454K(14848K)->14454K(14848K) NonClass: 12787K(12992K)->12787K(12992K) Class: 1666K(1856K)->1666K(1856K)
[2026-01-16T09:12:39.252+0000][gc          ] GC(548) Pause Young (Normal) (G1 Evacuation Pause) 394M->348M(1024M) 548.235ms
[2026-01-16T09:12:39.253+0000][gc,cpu      ] GC(548) User=0.36s Sys=0.03s Real=0.55s
[2026-01-16T09:12:42.013+0000][gc,start    ] GC(549) Pause Young (Normal) (G1 Evacuation Pause)
[2026-01-16T09:12:42.044+0000][gc,task     ] GC(549) Using 8 workers of 8 for evacuation
[2026-01-16T09:12:42.377+0000][gc,mmu      ] GC(549) MMU target violated: 201.0ms (200.0ms/201.0ms)
[2026-01-16T09:12:42.380+0000][gc,phases   ] GC(549)   Pre Evacuate Collection Set: 29.0ms
[2026-01-16T09:12:42.380+0000][gc,phases   ] GC(549)   Merge Heap Roots: 11.0ms
[2026-01-16T09:12:42.380+0000][gc,phases   ] GC(549)   Evacuate Collection Set: 245.6ms
[2026-01-16T09:12:42.381+0000][gc,phases   ] GC(549)   Post Evacuate Collection Set: 37.6ms
[2026-01-16T09:12:42.382+0000][gc,phases   ] GC(549)   Other: 12.4ms
[2026-01-16T09:12:42.383+0000][gc,heap     ] GC(549) Eden regions: 46->0(46)
[2026-01-16T09:12:42.384+0000][gc,heap     ] GC(549) Survivor regions: 5->5(7)
[2026-01-16T09:12:42.404+0000][gc,heap     ] GC(549) Old regions: 196->197
[2026-01-16T09:12:42.416+0000][gc,heap     ] GC(549) Humongous regions: 149->149
[2026-01-16T09:12:42.417+0000][gc,metaspace] GC(549) Metaspace: 14455K(14848K)->14455K(14848K) NonClass: 12788K(12992K)->12788K(12992K) Class: 1666K(1856K)->1666K(1856K)
[2026-01-16T09:12:42.460+0000][gc          ] GC(549) Pause Young (Normal) (G1 Evacuation Pause) 394M->349M(1024M) 446.470ms
[2026-01-16T09:12:42.461+0000][gc,cpu      ] GC(549) User=0.32s Sys=0.04s Real=0.45s
[2026-01-16T09:12:44.710+0000][gc,start    ] GC(550) Pause Young (Normal) (G1 Evacuation Pause)
[2026-01-16T09:12:44.713+0000][gc,task     ] GC(550) Using 8 workers of 8 for evacuation
[2026-01-16T09:12:44.929+0000][gc,mmu      ] GC(550) MMU target violated: 201.0ms (200.0ms/201.0ms)
[2026-01-16T09:12:44.930+0000][gc,phases   ] GC(550)   Pre Evacuate Collection Set: 17.5ms
[2026-01-16T09:12:44.930+0000][gc,phases   ] GC(550)   Merge Heap Roots: 7.6ms
[2026-01-16T09:12:44.931+0000][gc,phases   ] GC(550)   Evacuate Collection Set: 174.4ms
[2026-01-16T09:12:44.931+0000][gc,phases   ] GC(550)   Post Evacuate Collection Set: 15.1ms
[2026-01-16T09:12:44.931+0000][gc,phases   ] GC(550)   Other: 2.0ms
[2026-01-16T09:12:44.932+0000][gc,heap     ] GC(550) Eden regions: 46->0(46)
[2026-01-16T09:12:44.932+0000][gc,heap     ] GC(550) Survivor regions: 5->5(7)
[2026-01-16T09:12:44.932+0000][gc,heap     ] GC(550) Old regions: 197->198
[2026-01-16T09:12:44.932+0000][gc,heap     ] GC(550) Humongous regions: 149->149
[2026-01-16T09:12:44.933+0000][gc,metaspace] GC(550) Metaspace: 14455K(14848K)->14455K(14848K) NonClass: 12788K(12992K)->12788K(12992K) Class: 1666K(1856K)->1666K(1856K)
[2026-01-16T09:12:44.934+0000][gc          ] GC(550) Pause Young (Normal) (G1 Evacuation Pause) 395M->350M(1024M) 223.623ms
[2026-01-16T09:12:44.935+0000][gc,cpu      ] GC(550) User=0.24s Sys=0.01s Real=0.22s
[2026-01-16T09:12:46.086+0000][gc,start    ] GC(551) Pause Young (Normal) (G1 Evacuation Pause)
[2026-01-16T09:12:46.087+0000][gc,task     ] GC(551) Using 8 workers of 8 for evacuation
[2026-01-16T09:12:46.477+0000][gc,mmu      ] GC(551) MMU target violated: 201.0ms (200.0ms/201.0ms)
[2026-01-16T09:12:46.478+0000][gc,phases   ] GC(551)   Pre Evacuate Collection Set: 30.1ms
[2026-01-16T09:12:46.478+0000][gc,phases   ] GC(551)   Merge Heap Roots: 11.3ms
[2026-01-16T09:12:46.478+0000][gc,phases   ] GC(551)   Evacuate Collection Set: 335.6ms
[2026-01-16T09:12:46.478+0000][gc,phases   ] GC(551)   Post Evacuate Collection Set: 12.1ms
[2026-01-16T09:12:46.478+0000][gc,phases   ] GC(551)   Other: 1.5ms
[2026-01-16T09:12:46.479+0000][gc,heap     ] GC(551) Eden regions: 46->0(46)
[2026-01-16T09:12:46.479+0000][gc,heap     ] GC(551) Survivor regions: 5->5(7)
[2026-01-16T09:12:46.480+0000][gc,heap     ] GC(551) Old regions: 198->198
[2026-01-16T09:12:46.482+0000][gc,heap     ] GC(551) Humongous regions: 149->149
[2026-01-16T09:12:46.482+0000][gc,metaspace] GC(551) Metaspace: 14455K(14848K)->14455K(14848K) NonClass: 12788K(12992K)->12788K(12992K) Class: 1666K(1856K)->1666K(1856K)
[2026-01-16T09:12:46.483+0000][gc          ] GC(551) Pause Young (Normal) (G1 Evacuation Pause) 396M->351M(1024M) 397.298ms
[2026-01-16T09:12:46.484+0000][gc,cpu      ] GC(551) User=0.23s Sys=0.01s Real=0.40s
[2026-01-16T09:12:48.163+0000][gc,start    ] GC(552) Pause Young (Normal) (G1 Evacuation Pause)
[2026-01-16T09:12:48.167+0000][gc,task     ] GC(552) Using 8 workers of 8 for evacuation
[2026-01-16T09:12:48.397+0000][gc,mmu      ] GC(552) MMU target violated: 201.0ms (200.0ms/201.0ms)
[2026-01-16T09:12:48.397+0000][gc,phases   ] GC(552)   Pre Evacuate Collection Set: 32.2ms
[2026-01-16T09:12:48.397+0000][gc,phases   ] GC(552)   Merge Heap Roots: 7.7ms
[2026-01-16T09:12:48.397+0000][gc,phases   ] GC(552)   Evacuate Collection Set: 186.8ms
[2026-01-16T09:12:48.398+0000][gc,phases   ] GC(552)   Post Evacuate Collection Set: 2.4ms
[2026-01-16T09:12:48.398+0000][gc,phases   ] GC(552)   Other: 2.0ms
[2026-01-16T09:12:48.398+0000][gc,heap     ] GC(552) Eden regions: 46->0(46)
[2026-01-16T09:12:48.398+0000][gc,heap     ] GC(552) Survivor regions: 5->5(7)
[2026-01-16T09:12:48.398+0000][gc,heap     ] GC(552) Old regions: 198->199
[2026-01-16T09:12:48.398+0000][gc,heap     ] GC(552) Humongous regions: 149->149
[2026-01-16T09:12:48.399+0000][gc,metaspace] GC(552) Metaspace: 14455K(14848K)->14455K(14848K) NonClass: 12788K(12992K)->12788K(12992K) Class: 1666K(1856K)->1666K(1856K)
[2026-01-16T09:12:48.400+0000][gc          ] GC(552) Pause Young (Normal) (G1 Evacuation Pause) 397M->351M(1024M) 236.533ms
[2026-01-16T09:12:48.400+0000][gc,cpu      ] GC(552) User=0.23s Sys=0.02s Real=0.24s
[2026-01-16T09:12:50.293+0000][gc,start    ] GC(553) Pause Young (Normal) (G1 Evacuation Pause)
[2026-01-16T09:12:50.298+0000][gc,task     ] GC(553) Using 8 workers of 8 for evacuation
[2026-01-16T09:12:50.715+0000][gc,mmu      ] GC(553) MMU target violated: 201.0ms (200.0ms/201.0ms)
[2026-01-16T09:12:50.732+0000][gc,phases   ] GC(553)   Pre Evacuate Collection Set: 31.9ms
[2026-01-16T09:12:50.732+0000][gc,phases   ] GC(553)   Merge Heap Roots: 4.0ms
[2026-01-16T09:12:50.737+0000][gc,phases   ] GC(553)   Evacuate Collection Set: 368.3ms
[2026-01-16T09:12:50.737+0000][gc,phases   ] GC(553)   Post Evacuate Collection Set: 11.5ms
[2026-01-16T09:12:50.739+0000][gc,phases   ] GC(553)   Other: 17.7ms
[2026-01-16T09:12:50.740+0000][gc,heap     ] GC(553) Eden regions: 46->0(47)
[2026-01-16T09:12:50.742+0000][gc,heap     ] GC(553) Survivor regions: 5->4(7)
[2026-01-16T09:12:50.743+0000][gc,heap     ] GC(553) Old regions: 199->200
[2026-01-16T09:12:50.743+0000][gc,heap     ] GC(553) Humongous regions: 149->149
[2026-01-16T09:12:50.744+0000][gc,metaspace] GC(553) Metaspace: 14455K(14848K)->14455K(14848K) NonClass: 12788K(12992K)->12788K(12992K) Class: 1666K(1856K)->1666K(1856K)
[2026-01-16T09:12:50.746+0000][gc          ] GC(553) Pause Young (Normal) (G1 Evacuation Pause) 397M->352M(1024M) 452.677ms
[2026-01-16T09:12:50.747+0000][gc,cpu      ] GC(553) User=0.28s Sys=0.00s Real=0.45s
[2026-01-16T09:12:53.278+0000][gc,start    ] GC(554) Pause Young (Normal) (G1 Evacuation Pause)
[2026-01-16T09:12:53.280+0000][gc,task     ] GC(554) Using 8 workers of 8 for evacuation
[2026-01-16T09:12:53.848+0000][gc,mmu      ] GC(554) MMU target violated: 201.0ms (200.0ms/201.0ms)
[2026-01-16T09:12:53.851+0000][gc,phases   ] GC(554)   Pre Evacuate Collection Set: 30.7ms
[2026-01-16T09:12:53.853+0000][gc,phases   ] GC(554)   Merge Heap Roots: 20.0ms
[2026-01-16T09:12:53.854+0000][gc,phases   ] GC(554)   Evacuate Collection Set: 478.6ms
[2026-01-16T09:12:53.854+0000][gc,phases   ] GC(554)   Post Evacuate Collection Set: 37.6ms
[2026-01-16T09:12:53.855+0000][gc,phases   ] GC(554)   Other: 4.5ms
[2026-01-16T09:12:53.858+0000][gc,heap     ] GC(554) Eden regions: 47->0(47)
[2026-01-16T09:12:53.860+0000][gc,heap     ] GC(554) Survivor regions: 4->4(7)
[2026-01-16T09:12:53.861+0000][gc,heap     ] GC(554) Old regions: 200->201
[2026-01-16T09:12:53.861+0000][gc,heap     ] GC(554) Humongous regions: 149->149
[2026-01-16T09:12:53.867+0000][gc,metaspace] GC(554) Metaspace: 14458K(14848K)->14458K(14848K) NonClass: 12791K(12992K)->12791K(12992K) Class: 1666K(1856K)->1666K(1856K)
[2026-01-16T09:12:53.908+0000][gc          ] GC(554) Pause Young (Normal) (G1 Evacuation Pause) 399M->353M(1024M) 629.625ms
[2026-01-16T09:12:53.910+0000][gc,cpu      ] GC(554) User=0.29s Sys=0.07s Real=0.63s
[2026-01-16T09:12:55.383+0000][gc,start    ] GC(555) Pause Young (Normal) (G1 Evacuation Pause)
[2026-01-16T09:12:55.398+0000][gc,task     ] GC(555) Using 8 workers of 8 for evacuation
[2026-01-16T09:12:55.741+0000][gc,mmu      ] GC(555) MMU target violated: 201.0ms (200.0ms/201.0ms)
[2026-01-16T09:12:55.741+0000][gc,phases   ] GC(555)   Pre Evacuate Collection Set: 16.0ms
[2026-01-16T09:12:55.742+0000][gc,phases   ] GC(555)   Merge Heap Roots: 6.0ms
[2026-01-16T09:12:55.742+0000][gc,phases   ] GC(555)   Evacuate Collection Set: 298.4ms
[2026-01-16T09:12:55.743+0000][gc,phases   ] GC(555)   Post Evacuate Collection Set: 15.4ms
[2026-01-16T09:12:55.743+0000][gc,phases   ] GC(555)   Other: 7.6ms
[2026-01-16T09:12:55.744+0000][gc,heap     ] GC(555) Eden regions: 47->0(47)
[2026-01-16T09:12:55.744+0000][gc,heap     ] GC(555) Survivor regions: 4->4(7)
[2026-01-16T09:12:55.745+0000][gc,heap     ] GC(555) Old regions: 201->202
[2026-01-16T09:12:55.745+0000][gc,heap     ] GC(555) Humongous regions: 149->149
[2026-01-16T09:12:55.746+0000][gc,metaspace] GC(555) Metaspace: 14461K(14848K)->14461K(14848K) NonClass: 12794K(12992K)->12794K(12992K) Class: 1666K(1856K)->1666K(1856K)
[2026-01-16T09:12:55.748+0000][gc          ] GC(555) Pause Young (Normal) (G1 Evacuation Pause) 400M->354M(1024M) 368.292ms
[2026-01-16T09:12:55.753+0000][gc,cpu      ] GC(555) User=0.22s Sys=0.01s Real=0.37s
[2026-01-16T09:12:56.607+0000][gc,start    ] GC(556) Pause Young (Normal) (G1 Evacuation Pause)
[2026-01-16T09:12:56.607+0000][gc,task     ] GC(556) Using 8 workers of 8 for evacuation
[2026-01-16T09:12:56.778+0000][gc,phases   ] GC(556)   Pre Evacuate Collection Set: 5.6ms
[2026-01-16T09:12:56.780+0000][gc,phases   ] GC(556)   Merge Heap Roots: 0.5ms
[2026-01-16T09:12:56.781+0000][gc,phases   ] GC(556)   Evacuate Collection Set: 153.5ms
[2026-01-16T09:12:56.782+0000][gc,phases   ] GC(556)   Post Evacuate Collection Set: 7.2ms
[2026-01-16T09:12:56.783+0000][gc,phases   ] GC(556)   Other: 4.3ms
[2026-01-16T09:12:56.783+0000][gc,heap     ] GC(556) Eden regions: 47->0(46)
[2026-01-16T09:12:56.783+0000][gc,heap     ] GC(556) Survivor regions: 4->5(7)
[2026-01-16T09:12:56.784+0000][gc,heap     ] GC(556) Old regions: 202->202
[2026-01-16T09:12:56.784+0000][gc,heap     ] GC(556) Humongous regions: 149->149
[2026-01-16T09:12:56.786+0000][gc,metaspace] GC(556) Metaspace: 14461K(14848K)->14461K(14848K) NonClass: 12795K(12992K)->12795K(12992K) Class: 1666K(1856K)->1666K(1856K)
[2026-01-16T09:12:56.790+0000][gc          ] GC(556) Pause Young (Normal) (G1 Evacuation Pause) 401M->354M(1024M) 183.377ms
[2026-01-16T09:12:56.791+0000][gc,cpu      ] GC(556) User=0.10s Sys=0.01s Real=0.19s
[2026-01-16T09:12:57.757+0000][gc,start    ] GC(557) Pause Young (Normal) (G1 Evacuation Pause)
[2026-01-16T09:12:57.757+0000][gc,task     ] GC(557) Using 8 workers of 8 for evacuation
[2026-01-16T09:12:57.902+0000][gc,phases   ] GC(557)   Pre Evacuate Collection Set: 1.6ms
[2026-01-16T09:12:57.909+0000][gc,phases   ] GC(557)   Merge Heap Roots: 0.8ms
[2026-01-16T09:12:57.909+0000][gc,phases   ] GC(557)   Evacuate Collection Set: 138.4ms
[2026-01-16T09:12:57.909+0000][gc,phases   ] GC(557)   Post Evacuate Collection Set: 2.8ms
[2026-01-16T09:12:57.909+0000][gc,phases   ] GC(557)   Other: 1.3ms
[2026-01-16T09:12:57.909+0000][gc,heap     ] GC(557) Eden regions: 46->0(47)
[2026-01-16T09:12:57.909+0000][gc,heap     ] GC(557) Survivor regions: 5->4(7)
[2026-01-16T09:12:57.909+0000][gc,heap     ] GC(557) Old regions: 202->203
[2026-01-16T09:12:57.911+0000][gc,heap     ] GC(557) Humongous regions: 149->149
[2026-01-16T09:12:57.911+0000][gc,metaspace] GC(557) Metaspace: 14463K(14848K)->14463K(14848K) NonClass: 12796K(12992K)->12796K(12992K) Class: 1666K(1856K)->1666K(1856K)
[2026-01-16T09:12:57.912+0000][gc          ] GC(557) Pause Young (Normal) (G1 Evacuation Pause) 400M->355M(1024M) 155.020ms
[2026-01-16T09:12:57.912+0000][gc,cpu      ] GC(557) User=0.11s Sys=0.01s Real=0.16s
[2026-01-16T09:12:58.845+0000][gc,start    ] GC(558) Pause Young (Normal) (G1 Evacuation Pause)
[2026-01-16T09:12:58.846+0000][gc,task     ] GC(558) Using 8 workers of 8 for evacuation
[2026-01-16T09:12:59.034+0000][gc,phases   ] GC(558)   Pre Evacuate Collection Set: 13.0ms
[2026-01-16T09:12:59.034+0000][gc,phases   ] GC(558)   Merge Heap Roots: 2.5ms
[2026-01-16T09:12:59.035+0000][gc,phases   ] GC(558)   Evacuate Collection Set: 157.2ms
[2026-01-16T09:12:59.035+0000][gc,phases   ] GC(558)   Post Evacuate Collection Set: 11.5ms
[2026-01-16T09:12:59.036+0000][gc,phases   ] GC(558)   Other: 3.5ms
[2026-01-16T09:12:59.037+0000][gc,heap     ] GC(558) Eden regions: 47->0(46)
[2026-01-16T09:12:59.038+0000][gc,heap     ] GC(558) Survivor regions: 4->5(7)
[2026-01-16T09:12:59.038+0000][gc,heap     ] GC(558) Old regions: 203->203
[2026-01-16T09:12:59.038+0000][gc,heap     ] GC(558) Humongous regions: 149->149
[2026-01-16T09:12:59.039+0000][gc,metaspace] GC(558) Metaspace: 14463K(14848K)->14463K(14848K) NonClass: 12796K(12992K)->12796K(12992K) Class: 1666K(1856K)->1666K(1856K)
[2026-01-16T09:12:59.040+0000][gc          ] GC(558) Pause Young (Normal) (G1 Evacuation Pause) 402M->356M(1024M) 194.940ms
[2026-01-16T09:12:59.041+0000][gc,cpu      ] GC(558) User=0.12s Sys=0.00s Real=0.20s
[2026-01-16T09:13:01.139+0000][gc,start    ] GC(559) Pause Young (Normal) (G1 Evacuation Pause)
[2026-01-16T09:13:01.140+0000][gc,task     ] GC(559) Using 8 workers of 8 for evacuation
[2026-01-16T09:13:01.418+0000][gc,mmu      ] GC(559) MMU target violated: 201.0ms (200.0ms/201.0ms)
[2026-01-16T09:13:01.420+0000][gc,phases   ] GC(559)   Pre Evacuate Collection Set: 32.4ms
[2026-01-16T09:13:01.422+0000][gc,phases   ] GC(559)   Merge Heap Roots: 14.3ms
[2026-01-16T09:13:01.422+0000][gc,phases   ] GC(559)   Evacuate Collection Set: 206.0ms
[2026-01-16T09:13:01.422+0000][gc,phases   ] GC(559)   Post Evacuate Collection Set: 12.1ms
[2026-01-16T09:13:01.423+0000][gc,phases   ] GC(559)   Other: 14.9ms
[2026-01-16T09:13:01.423+0000][gc,heap     ] GC(559) Eden regions: 46->0(46)
[2026-01-16T09:13:01.423+0000][gc,heap     ] GC(559) Survivor regions: 5->5(7)
[2026-01-16T09:13:01.423+0000][gc,heap     ] GC(559) Old regions: 203->204
[2026-01-16T09:13:01.424+0000][gc,heap     ] GC(559) Humongous regions: 149->149
[2026-01-16T09:13:01.424+0000][gc,metaspace] GC(559) Metaspace: 14463K(14848K)->14463K(14848K) NonClass: 12796K(12992K)->12796K(12992K) Class: 1666K(1856K)->1666K(1856K)
[2026-01-16T09:13:01.424+0000][gc          ] GC(559) Pause Young (Normal) (G1 Evacuation Pause) 402M->357M(1024M) 285.449ms
[2026-01-16T09:13:01.425+0000][gc,cpu      ] GC(559) User=0.24s Sys=0.01s Real=0.28s
[2026-01-16T09:13:03.549+0000][gc,start    ] GC(560) Pause Young (Normal) (G1 Evacuation Pause)
[2026-01-16T09:13:03.554+0000][gc,task     ] GC(560) Using 8 workers of 8 for evacuation
[2026-01-16T09:13:03.972+0000][gc,mmu      ] GC(560) MMU target violated: 201.0ms (200.0ms/201.0ms)
[2026-01-16T09:13:03.974+0000][gc,phases   ] GC(560)   Pre Evacuate Collection Set: 50.0ms
[2026-01-16T09:13:03.974+0000][gc,phases   ] GC(560)   Merge Heap Roots: 23.3ms
[2026-01-16T09:13:03.975+0000][gc,phases   ] GC(560)   Evacuate Collection Set: 322.9ms
[2026-01-16T09:13:03.976+0000][gc,phases   ] GC(560)   Post Evacuate Collection Set: 17.7ms
[2026-01-16T09:13:03.976+0000][gc,phases   ] GC(560)   Other: 7.9ms
[2026-01-16T09:13:03.977+0000][gc,heap     ] GC(560) Eden regions: 46->0(46)
[2026-01-16T09:13:03.977+0000][gc,heap     ] GC(560) Survivor regions: 5->5(7)
[2026-01-16T09:13:03.978+0000][gc,heap     ] GC(560) Old regions: 204->205
[2026-01-16T09:13:03.979+0000][gc,heap     ] GC(560) Humongous regions: 149->149
[2026-01-16T09:13:03.983+0000][gc,metaspace] GC(560) Metaspace: 14463K(14848K)->14463K(14848K) NonClass: 12796K(12992K)->12796K(12992K) Class: 1666K(1856K)->1666K(1856K)
[2026-01-16T09:13:03.984+0000][gc          ] GC(560) Pause Young (Normal) (G1 Evacuation Pause) 403M->357M(1024M) 434.733ms
[2026-01-16T09:13:03.985+0000][gc,cpu      ] GC(560) User=0.21s Sys=0.03s Real=0.43s
[2026-01-16T09:13:07.028+0000][gc,start    ] GC(561) Pause Young (Normal) (G1 Evacuation Pause)
[2026-01-16T09:13:07.032+0000][gc,task     ] GC(561) Using 8 workers of 8 for evacuation
[2026-01-16T09:13:07.797+0000][gc,mmu      ] GC(561) MMU target violated: 201.0ms (200.0ms/201.0ms)
[2026-01-16T09:13:07.802+0000][gc,phases   ] GC(561)   Pre Evacuate Collection Set: 49.0ms
[2026-01-16T09:13:07.802+0000][gc,phases   ] GC(561)   Merge Heap Roots: 31.7ms
[2026-01-16T09:13:07.802+0000][gc,phases   ] GC(561)   Evacuate Collection Set: 632.0ms
[2026-01-16T09:13:07.803+0000][gc,phases   ] GC(561)   Post Evacuate Collection Set: 34.9ms
[2026-01-16T09:13:07.806+0000][gc,phases   ] GC(561)   Other: 21.9ms
[2026-01-16T09:13:07.808+0000][gc,heap     ] GC(561) Eden regions: 46->0(47)
[2026-01-16T09:13:07.809+0000][gc,heap     ] GC(561) Survivor regions: 5->4(7)
[2026-01-16T09:13:07.810+0000][gc,heap     ] GC(561) Old regions: 205->206
[2026-01-16T09:13:07.816+0000][gc,heap     ] GC(561) Humongous regions: 149->149
[2026-01-16T09:13:07.817+0000][gc,metaspace] GC(561) Metaspace: 14464K(14848K)->14464K(14848K) NonClass: 12797K(12992K)->12797K(12992K) Class: 1666K(1856K)->1666K(1856K)
[2026-01-16T09:13:07.822+0000][gc          ] GC(561) Pause Young (Normal) (G1 Evacuation Pause) 403M->358M(1024M) 793.966ms
[2026-01-16T09:13:07.832+0000][gc,cpu      ] GC(561) User=0.41s Sys=0.03s Real=0.80s
[2026-01-16T09:13:11.324+0000][gc,start    ] GC(562) Pause Young (Normal) (G1 Evacuation Pause)
[2026-01-16T09:13:11.326+0000][gc,task     ] GC(562) Using 8 workers of 8 for evacuation
[2026-01-16T09:13:11.897+0000][gc,mmu      ] GC(562) MMU target violated: 201.0ms (200.0ms/201.0ms)
[2026-01-16T09:13:11.899+0000][gc,phases   ] GC(562)   Pre Evacuate Collection Set: 20.0ms
[2026-01-16T09:13:11.900+0000][gc,phases   ] GC(562)   Merge Heap Roots: 5.1ms
[2026-01-16T09:13:11.902+0000][gc,phases   ] GC(562)   Evacuate Collection Set: 535.4ms
[2026-01-16T09:13:11.904+0000][gc,phases   ] GC(562)   Post Evacuate Collection Set: 8.4ms
[2026-01-16T09:13:11.904+0000][gc,phases   ] GC(562)   Other: 4.2ms
[2026-01-16T09:13:11.904+0000][gc,heap     ] GC(562) Eden regions: 47->0(46)
[2026-01-16T09:13:11.905+0000][gc,heap     ] GC(562) Survivor regions: 4->5(7)
[2026-01-16T09:13:11.905+0000][gc,heap     ] GC(562) Old regions: 206->206
[2026-01-16T09:13:11.906+0000][gc,heap     ] GC(562) Humongous regions: 149->149
[2026-01-16T09:13:11.906+0000][gc,metaspace] GC(562) Metaspace: 14464K(14848K)->14464K(14848K) NonClass: 12797K(12992K)->12797K(12992K) Class: 1666K(1856K)->1666K(1856K)
[2026-01-16T09:13:11.907+0000][gc          ] GC(562) Pause Young (Normal) (G1 Evacuation Pause) 405M->359M(1024M) 582.606ms
[2026-01-16T09:13:11.908+0000][gc,cpu      ] GC(562) User=0.28s Sys=0.03s Real=0.59s
[2026-01-16T09:13:13.382+0000][gc,start    ] GC(563) Pause Young (Normal) (G1 Evacuation Pause)
[2026-01-16T09:13:13.401+0000][gc,task     ] GC(563) Using 8 workers of 8 for evacuation
[2026-01-16T09:13:14.126+0000][gc,mmu      ] GC(563) MMU target violated: 201.0ms (200.0ms/201.0ms)
[2026-01-16T09:13:14.127+0000][gc,phases   ] GC(563)   Pre Evacuate Collection Set: 31.6ms
[2026-01-16T09:13:14.131+0000][gc,phases   ] GC(563)   Merge Heap Roots: 2.3ms
[2026-01-16T09:13:14.132+0000][gc,phases   ] GC(563)   Evacuate Collection Set: 621.5ms
[2026-01-16T09:13:14.138+0000][gc,phases   ] GC(563)   Post Evacuate Collection Set: 46.9ms
[2026-01-16T09:13:14.138+0000][gc,phases   ] GC(563)   Other: 24.2ms
[2026-01-16T09:13:14.139+0000][gc,heap     ] GC(563) Eden regions: 46->0(46)
[2026-01-16T09:13:14.139+0000][gc,heap     ] GC(563) Survivor regions: 5->5(7)
[2026-01-16T09:13:14.141+0000][gc,heap     ] GC(563) Old regions: 206->208
[2026-01-16T09:13:14.142+0000][gc,heap     ] GC(563) Humongous regions: 149->149
[2026-01-16T09:13:14.142+0000][gc,metaspace] GC(563) Metaspace: 14464K(14848K)->14464K(14848K) NonClass: 12797K(12992K)->12797K(12992K) Class: 1666K(1856K)->1666K(1856K)
[2026-01-16T09:13:14.142+0000][gc          ] GC(563) Pause Young (Normal) (G1 Evacuation Pause) 405M->360M(1024M) 760.360ms
[2026-01-16T09:13:14.143+0000][gc,cpu      ] GC(563) User=0.22s Sys=0.03s Real=0.76s
[2026-01-16T09:13:17.327+0000][gc,start    ] GC(564) Pause Young (Normal) (G1 Evacuation Pause)
[2026-01-16T09:13:17.339+0000][gc,task     ] GC(564) Using 8 workers of 8 for evacuation
[2026-01-16T09:13:17.863+0000][gc,mmu      ] GC(564) MMU target violated: 201.0ms (200.0ms/201.0ms)
[2026-01-16T09:13:17.865+0000][gc,phases   ] GC(564)   Pre Evacuate Collection Set: 54.7ms
[2026-01-16T09:13:17.870+0000][gc,phases   ] GC(564)   Merge Heap Roots: 5.6ms
[2026-01-16T09:13:17.889+0000][gc,phases   ] GC(564)   Evacuate Collection Set: 442.5ms
[2026-01-16T09:13:17.889+0000][gc,phases   ] GC(564)   Post Evacuate Collection Set: 17.5ms
[2026-01-16T09:13:17.890+0000][gc,phases   ] GC(564)   Other: 5.7ms
[2026-01-16T09:13:17.890+0000][gc,heap     ] GC(564) Eden regions: 46->0(46)
[2026-01-16T09:13:17.890+0000][gc,heap     ] GC(564) Survivor regions: 5->5(7)
[2026-01-16T09:13:17.890+0000][gc,heap     ] GC(564) Old regions: 208->208
[2026-01-16T09:13:17.890+0000][gc,heap     ] GC(564) Humongous regions: 149->149
[2026-01-16T09:13:17.890+0000][gc,metaspace] GC(564) Metaspace: 14464K(14848K)->14464K(14848K) NonClass: 12797K(12992K)->12797K(12992K) Class: 1666K(1856K)->1666K(1856K)
[2026-01-16T09:13:17.891+0000][gc          ] GC(564) Pause Young (Normal) (G1 Evacuation Pause) 406M->361M(1024M) 563.460ms
[2026-01-16T09:13:17.901+0000][gc,cpu      ] GC(564) User=0.35s Sys=0.02s Real=0.57s
[2026-01-16T09:13:19.549+0000][gc,start    ] GC(565) Pause Young (Normal) (G1 Evacuation Pause)
[2026-01-16T09:13:19.555+0000][gc,task     ] GC(565) Using 8 workers of 8 for evacuation
[2026-01-16T09:13:19.789+0000][gc,mmu      ] GC(565) MMU target violated: 201.0ms (200.0ms/201.0ms)
[2026-01-16T09:13:19.793+0000][gc,phases   ] GC(565)   Pre Evacuate Collection Set: 22.7ms
[2026-01-16T09:13:19.795+0000][gc,phases   ] GC(565)   Merge Heap Roots: 6.3ms
[2026-01-16T09:13:19.796+0000][gc,phases   ] GC(565)   Evacuate Collection Set: 172.4ms
[2026-01-16T09:13:19.797+0000][gc,phases   ] GC(565)   Post Evacuate Collection Set: 24.6ms
[2026-01-16T09:13:19.797+0000][gc,phases   ] GC(565)   Other: 12.2ms
[2026-01-16T09:13:19.798+0000][gc,heap     ] GC(565) Eden regions: 46->0(46)
[2026-01-16T09:13:19.799+0000][gc,heap     ] GC(565) Survivor regions: 5->5(7)
[2026-01-16T09:13:19.800+0000][gc,heap     ] GC(565) Old regions: 208->209
[2026-01-16T09:13:19.812+0000][gc,heap     ] GC(565) Humongous regions: 149->149
[2026-01-16T09:13:19.818+0000][gc,metaspace] GC(565) Metaspace: 14464K(14848K)->14464K(14848K) NonClass: 12797K(12992K)->12797K(12992K) Class: 1666K(1856K)->1666K(1856K)
[2026-01-16T09:13:19.821+0000][gc          ] GC(565) Pause Young (Normal) (G1 Evacuation Pause) 407M->361M(1024M) 271.935ms
[2026-01-16T09:13:19.824+0000][gc,cpu      ] GC(565) User=0.21s Sys=0.01s Real=0.27s
[2026-01-16T09:13:21.994+0000][gc,start    ] GC(566) Pause Young (Normal) (G1 Evacuation Pause)
[2026-01-16T09:13:22.027+0000][gc,task     ] GC(566) Using 8 workers of 8 for evacuation
[2026-01-16T09:13:22.465+0000][gc,mmu      ] GC(566) MMU target violated: 201.0ms (200.0ms/201.0ms)
[2026-01-16T09:13:22.465+0000][gc,phases   ] GC(566)   Pre Evacuate Collection Set: 38.9ms
[2026-01-16T09:13:22.465+0000][gc,phases   ] GC(566)   Merge Heap Roots: 1.5ms
[2026-01-16T09:13:22.465+0000][gc,phases   ] GC(566)   Evacuate Collection Set: 390.9ms
[2026-01-16T09:13:22.466+0000][gc,phases   ] GC(566)   Post Evacuate Collection Set: 5.7ms
[2026-01-16T09:13:22.466+0000][gc,phases   ] GC(566)   Other: 1.8ms
[2026-01-16T09:13:22.466+0000][gc,heap     ] GC(566) Eden regions: 46->0(47)
[2026-01-16T09:13:22.466+0000][gc,heap     ] GC(566) Survivor regions: 5->4(7)
[2026-01-16T09:13:22.467+0000][gc,heap     ] GC(566) Old regions: 209->210
[2026-01-16T09:13:22.468+0000][gc,heap     ] GC(566) Humongous regions: 149->149
[2026-01-16T09:13:22.469+0000][gc,metaspace] GC(566) Metaspace: 14465K(14848K)->14465K(14848K) NonClass: 12798K(12992K)->12798K(12992K) Class: 1666K(1856K)->1666K(1856K)
[2026-01-16T09:13:22.472+0000][gc          ] GC(566) Pause Young (Normal) (G1 Evacuation Pause) 407M->362M(1024M) 477.168ms
[2026-01-16T09:13:22.473+0000][gc,cpu      ] GC(566) User=0.22s Sys=0.03s Real=0.48s
[2026-01-16T09:13:23.771+0000][gc,start    ] GC(567) Pause Young (Normal) (G1 Evacuation Pause)
[2026-01-16T09:13:23.785+0000][gc,task     ] GC(567) Using 8 workers of 8 for evacuation
[2026-01-16T09:13:24.111+0000][gc,mmu      ] GC(567) MMU target violated: 201.0ms (200.0ms/201.0ms)
[2026-01-16T09:13:24.111+0000][gc,phases   ] GC(567)   Pre Evacuate Collection Set: 18.5ms
[2026-01-16T09:13:24.112+0000][gc,phases   ] GC(567)   Merge Heap Roots: 2.2ms
[2026-01-16T09:13:24.114+0000][gc,phases   ] GC(567)   Evacuate Collection Set: 289.0ms
[2026-01-16T09:13:24.115+0000][gc,phases   ] GC(567)   Post Evacuate Collection Set: 14.5ms
[2026-01-16T09:13:24.116+0000][gc,phases   ] GC(567)   Other: 9.4ms
[2026-01-16T09:13:24.118+0000][gc,heap     ] GC(567) Eden regions: 47->0(47)
[2026-01-16T09:13:24.119+0000][gc,heap     ] GC(567) Survivor regions: 4->4(7)
[2026-01-16T09:13:24.120+0000][gc,heap     ] GC(567) Old regions: 210->211
[2026-01-16T09:13:24.121+0000][gc,heap     ] GC(567) Humongous regions: 149->149
[2026-01-16T09:13:24.122+0000][gc,metaspace] GC(567) Metaspace: 14465K(14848K)->14465K(14848K) NonClass: 12798K(12992K)->12798K(12992K) Class: 1666K(1856K)->1666K(1856K)
[2026-01-16T09:13:24.123+0000][gc          ] GC(567) Pause Young (Normal) (G1 Evacuation Pause) 409M->363M(1024M) 352.023ms
[2026-01-16T09:13:24.124+0000][gc,cpu      ] GC(567) User=0.22s Sys=0.01s Real=0.35s
[2026-01-16T09:13:25.586+0000][gc,start    ] GC(568) Pause Young (Normal) (G1 Evacuation Pause)
[2026-01-16T09:13:25.590+0000][gc,task     ] GC(568) Using 8 workers of 8 for evacuation
[2026-01-16T09:13:25.803+0000][gc,mmu      ] GC(568) MMU target violated: 201.0ms (200.0ms/201.0ms)
[2026-01-16T09:13:25.804+0000][gc,phases   ] GC(568)   Pre Evacuate Collection Set: 13.3ms
[2026-01-16T09:13:25.804+0000][gc,phases   ] GC(568)   Merge Heap Roots: 6.0ms
[2026-01-16T09:13:25.804+0000][gc,phases   ] GC(568)   Evacuate Collection Set: 187.7ms
[2026-01-16T09:13:25.805+0000][gc,phases   ] GC(568)   Post Evacuate Collection Set: 3.9ms
[2026-01-16T09:13:25.805+0000][gc,phases   ] GC(568)   Other: 3.5ms
[2026-01-16T09:13:25.805+0000][gc,heap     ] GC(568) Eden regions: 47->0(46)
[2026-01-16T09:13:25.806+0000][gc,heap     ] GC(568) Survivor regions: 4->5(7)
[2026-01-16T09:13:25.806+0000][gc,heap     ] GC(568) Old regions: 211->212
[2026-01-16T09:13:25.807+0000][gc,heap     ] GC(568) Humongous regions: 149->149
[2026-01-16T09:13:25.808+0000][gc,metaspace] GC(568) Metaspace: 14467K(14848K)->14467K(14848K) NonClass: 12800K(12992K)->12800K(12992K) Class: 1666K(1856K)->1666K(1856K)
[2026-01-16T09:13:25.809+0000][gc          ] GC(568) Pause Young (Normal) (G1 Evacuation Pause) 410M->364M(1024M) 222.841ms
[2026-01-16T09:13:25.809+0000][gc,cpu      ] GC(568) User=0.17s Sys=0.00s Real=0.23s
[2026-01-16T09:13:26.406+0000][gc,start    ] GC(569) Pause Young (Normal) (G1 Evacuation Pause)
[2026-01-16T09:13:26.406+0000][gc,task     ] GC(569) Using 8 workers of 8 for evacuation
[2026-01-16T09:13:26.471+0000][gc,phases   ] GC(569)   Pre Evacuate Collection Set: 1.9ms
[2026-01-16T09:13:26.471+0000][gc,phases   ] GC(569)   Merge Heap Roots: 0.6ms
[2026-01-16T09:13:26.471+0000][gc,phases   ] GC(569)   Evacuate Collection Set: 57.0ms
[2026-01-16T09:13:26.472+0000][gc,phases   ] GC(569)   Post Evacuate Collection Set: 1.2ms
[2026-01-16T09:13:26.472+0000][gc,phases   ] GC(569)   Other: 4.0ms
[2026-01-16T09:13:26.472+0000][gc,heap     ] GC(569) Eden regions: 46->0(47)
[2026-01-16T09:13:26.473+0000][gc,heap     ] GC(569) Survivor regions: 5->4(7)
[2026-01-16T09:13:26.473+0000][gc,heap     ] GC(569) Old regions: 212->212
[2026-01-16T09:13:26.473+0000][gc,heap     ] GC(569) Humongous regions: 149->149
[2026-01-16T09:13:26.474+0000][gc,metaspace] GC(569) Metaspace: 14467K(14848K)->14467K(14848K) NonClass: 12800K(12992K)->12800K(12992K) Class: 1666K(1856K)->1666K(1856K)
[2026-01-16T09:13:26.474+0000][gc          ] GC(569) Pause Young (Normal) (G1 Evacuation Pause) 410M->364M(1024M) 68.443ms
[2026-01-16T09:13:26.475+0000][gc,cpu      ] GC(569) User=0.09s Sys=0.00s Real=0.07s
[2026-01-16T09:13:27.628+0000][gc,start    ] GC(570) Pause Young (Normal) (G1 Evacuation Pause)
[2026-01-16T09:13:27.631+0000][gc,task     ] GC(570) Using 8 workers of 8 for evacuation
[2026-01-16T09:13:27.857+0000][gc,mmu      ] GC(570) MMU target violated: 201.0ms (200.0ms/201.0ms)
[2026-01-16T09:13:27.858+0000][gc,phases   ] GC(570)   Pre Evacuate Collection Set: 13.2ms
[2026-01-16T09:13:27.858+0000][gc,phases   ] GC(570)   Merge Heap Roots: 2.2ms
[2026-01-16T09:13:27.859+0000][gc,phases   ] GC(570)   Evacuate Collection Set: 201.0ms
[2026-01-16T09:13:27.860+0000][gc,phases   ] GC(570)   Post Evacuate Collection Set: 3.9ms
[2026-01-16T09:13:27.861+0000][gc,phases   ] GC(570)   Other: 5.8ms
[2026-01-16T09:13:27.863+0000][gc,heap     ] GC(570) Eden regions: 47->0(46)
[2026-01-16T09:13:27.867+0000][gc,heap     ] GC(570) Survivor regions: 4->5(7)
[2026-01-16T09:13:27.868+0000][gc,heap     ] GC(570) Old regions: 212->212
[2026-01-16T09:13:27.868+0000][gc,heap     ] GC(570) Humongous regions: 149->149
[2026-01-16T09:13:27.868+0000][gc,metaspace] GC(570) Metaspace: 14467K(14848K)->14467K(14848K) NonClass: 12800K(12992K)->12800K(12992K) Class: 1666K(1856K)->1666K(1856K)
[2026-01-16T09:13:27.869+0000][gc          ] GC(570) Pause Young (Normal) (G1 Evacuation Pause) 411M->365M(1024M) 240.444ms
[2026-01-16T09:13:27.870+0000][gc,cpu      ] GC(570) User=0.14s Sys=0.00s Real=0.24s
[2026-01-16T09:13:29.221+0000][gc,start    ] GC(571) Pause Young (Normal) (G1 Evacuation Pause)
[2026-01-16T09:13:29.225+0000][gc,task     ] GC(571) Using 8 workers of 8 for evacuation
[2026-01-16T09:13:29.439+0000][gc,mmu      ] GC(571) MMU target violated: 201.0ms (200.0ms/201.0ms)
[2026-01-16T09:13:29.439+0000][gc,phases   ] GC(571)   Pre Evacuate Collection Set: 18.2ms
[2026-01-16T09:13:29.440+0000][gc,phases   ] GC(571)   Merge Heap Roots: 1.4ms
[2026-01-16T09:13:29.441+0000][gc,phases   ] GC(571)   Evacuate Collection Set: 183.3ms
[2026-01-16T09:13:29.442+0000][gc,phases   ] GC(571)   Post Evacuate Collection Set: 8.7ms
[2026-01-16T09:13:29.442+0000][gc,phases   ] GC(571)   Other: 3.0ms
[2026-01-16T09:13:29.443+0000][gc,heap     ] GC(571) Eden regions: 46->0(46)
[2026-01-16T09:13:29.443+0000][gc,heap     ] GC(571) Survivor regions: 5->5(7)
[2026-01-16T09:13:29.444+0000][gc,heap     ] GC(571) Old regions: 212->213
[2026-01-16T09:13:29.444+0000][gc,heap     ] GC(571) Humongous regions: 149->149
[2026-01-16T09:13:29.445+0000][gc,metaspace] GC(571) Metaspace: 14473K(14848K)->14473K(14848K) NonClass: 12806K(12992K)->12806K(12992K) Class: 1666K(1856K)->1666K(1856K)
[2026-01-16T09:13:29.449+0000][gc          ] GC(571) Pause Young (Normal) (G1 Evacuation Pause) 411M->365M(1024M) 230.056ms
[2026-01-16T09:13:29.449+0000][gc,cpu      ] GC(571) User=0.25s Sys=0.01s Real=0.23s
[2026-01-16T09:13:34.416+0000][gc,start    ] GC(572) Pause Young (Normal) (G1 Evacuation Pause)
[2026-01-16T09:13:34.474+0000][gc,task     ] GC(572) Using 8 workers of 8 for evacuation
[2026-01-16T09:13:35.286+0000][gc,mmu      ] GC(572) MMU target violated: 201.0ms (200.0ms/201.0ms)
[2026-01-16T09:13:35.292+0000][gc,phases   ] GC(572)   Pre Evacuate Collection Set: 191.8ms
[2026-01-16T09:13:35.293+0000][gc,phases   ] GC(572)   Merge Heap Roots: 64.5ms
[2026-01-16T09:13:35.293+0000][gc,phases   ] GC(572)   Evacuate Collection Set: 537.7ms
[2026-01-16T09:13:35.293+0000][gc,phases   ] GC(572)   Post Evacuate Collection Set: 16.9ms
[2026-01-16T09:13:35.294+0000][gc,phases   ] GC(572)   Other: 37.8ms
[2026-01-16T09:13:35.295+0000][gc,heap     ] GC(572) Eden regions: 46->0(46)
[2026-01-16T09:13:35.296+0000][gc,heap     ] GC(572) Survivor regions: 5->5(7)
[2026-01-16T09:13:35.296+0000][gc,heap     ] GC(572) Old regions: 213->214
[2026-01-16T09:13:35.303+0000][gc,heap     ] GC(572) Humongous regions: 149->149
[2026-01-16T09:13:35.304+0000][gc,metaspace] GC(572) Metaspace: 14473K(14848K)->14473K(14848K) NonClass: 12806K(12992K)->12806K(12992K) Class: 1666K(1856K)->1666K(1856K)
[2026-01-16T09:13:35.305+0000][gc          ] GC(572) Pause Young (Normal) (G1 Evacuation Pause) 411M->366M(1024M) 889.789ms
[2026-01-16T09:13:35.306+0000][gc,cpu      ] GC(572) User=0.45s Sys=0.02s Real=0.90s
[2026-01-16T09:13:38.454+0000][gc,start    ] GC(573) Pause Young (Normal) (G1 Evacuation Pause)
[2026-01-16T09:13:38.458+0000][gc,task     ] GC(573) Using 8 workers of 8 for evacuation
[2026-01-16T09:13:38.758+0000][gc,mmu      ] GC(573) MMU target violated: 201.0ms (200.0ms/201.0ms)
[2026-01-16T09:13:38.759+0000][gc,phases   ] GC(573)   Pre Evacuate Collection Set: 77.4ms
[2026-01-16T09:13:38.761+0000][gc,phases   ] GC(573)   Merge Heap Roots: 10.5ms
[2026-01-16T09:13:38.765+0000][gc,phases   ] GC(573)   Evacuate Collection Set: 201.3ms
[2026-01-16T09:13:38.765+0000][gc,phases   ] GC(573)   Post Evacuate Collection Set: 4.2ms
[2026-01-16T09:13:38.765+0000][gc,phases   ] GC(573)   Other: 8.0ms
[2026-01-16T09:13:38.769+0000][gc,heap     ] GC(573) Eden regions: 46->0(46)
[2026-01-16T09:13:38.774+0000][gc,heap     ] GC(573) Survivor regions: 5->5(7)
[2026-01-16T09:13:38.774+0000][gc,heap     ] GC(573) Old regions: 214->215
[2026-01-16T09:13:38.775+0000][gc,heap     ] GC(573) Humongous regions: 149->149
[2026-01-16T09:13:38.775+0000][gc,metaspace] GC(573) Metaspace: 14473K(14848K)->14473K(14848K) NonClass: 12806K(12992K)->12806K(12992K) Class: 1666K(1856K)->1666K(1856K)
[2026-01-16T09:13:38.782+0000][gc          ] GC(573) Pause Young (Normal) (G1 Evacuation Pause) 412M->367M(1024M) 321.498ms
[2026-01-16T09:13:38.783+0000][gc,cpu      ] GC(573) User=0.22s Sys=0.00s Real=0.32s
[2026-01-16T09:13:41.647+0000][gc,start    ] GC(574) Pause Young (Normal) (G1 Evacuation Pause)
[2026-01-16T09:13:41.656+0000][gc,task     ] GC(574) Using 8 workers of 8 for evacuation
[2026-01-16T09:13:42.220+0000][gc,mmu      ] GC(574) MMU target violated: 201.0ms (200.0ms/201.0ms)
[2026-01-16T09:13:42.220+0000][gc,phases   ] GC(574)   Pre Evacuate Collection Set: 17.6ms
[2026-01-16T09:13:42.221+0000][gc,phases   ] GC(574)   Merge Heap Roots: 1.0ms
[2026-01-16T09:13:42.221+0000][gc,phases   ] GC(574)   Evacuate Collection Set: 506.4ms
[2026-01-16T09:13:42.222+0000][gc,phases   ] GC(574)   Post Evacuate Collection Set: 11.5ms
[2026-01-16T09:13:42.224+0000][gc,phases   ] GC(574)   Other: 28.1ms
[2026-01-16T09:13:42.226+0000][gc,heap     ] GC(574) Eden regions: 46->0(46)
[2026-01-16T09:13:42.226+0000][gc,heap     ] GC(574) Survivor regions: 5->5(7)
[2026-01-16T09:13:42.228+0000][gc,heap     ] GC(574) Old regions: 215->215
[2026-01-16T09:13:42.229+0000][gc,heap     ] GC(574) Humongous regions: 149->149
[2026-01-16T09:13:42.230+0000][gc,metaspace] GC(574) Metaspace: 14473K(14848K)->14473K(14848K) NonClass: 12806K(12992K)->12806K(12992K) Class: 1666K(1856K)->1666K(1856K)
[2026-01-16T09:13:42.231+0000][gc          ] GC(574) Pause Young (Normal) (G1 Evacuation Pause) 413M->368M(1024M) 584.587ms
[2026-01-16T09:13:42.232+0000][gc,cpu      ] GC(574) User=0.33s Sys=0.04s Real=0.58s
[2026-01-16T09:13:45.298+0000][gc,start    ] GC(575) Pause Young (Normal) (G1 Evacuation Pause)
[2026-01-16T09:13:45.300+0000][gc,task     ] GC(575) Using 8 workers of 8 for evacuation
[2026-01-16T09:13:45.581+0000][gc,mmu      ] GC(575) MMU target violated: 201.0ms (200.0ms/201.0ms)
[2026-01-16T09:13:45.581+0000][gc,phases   ] GC(575)   Pre Evacuate Collection Set: 16.0ms
[2026-01-16T09:13:45.582+0000][gc,phases   ] GC(575)   Merge Heap Roots: 2.3ms
[2026-01-16T09:13:45.582+0000][gc,phases   ] GC(575)   Evacuate Collection Set: 247.3ms
[2026-01-16T09:13:45.582+0000][gc,phases   ] GC(575)   Post Evacuate Collection Set: 13.6ms
[2026-01-16T09:13:45.583+0000][gc,phases   ] GC(575)   Other: 2.2ms
[2026-01-16T09:13:45.583+0000][gc,heap     ] GC(575) Eden regions: 46->0(46)
[2026-01-16T09:13:45.584+0000][gc,heap     ] GC(575) Survivor regions: 5->5(7)
[2026-01-16T09:13:45.584+0000][gc,heap     ] GC(575) Old regions: 215->217
[2026-01-16T09:13:45.584+0000][gc,heap     ] GC(575) Humongous regions: 149->149
[2026-01-16T09:13:45.584+0000][gc,metaspace] GC(575) Metaspace: 14473K(14848K)->14473K(14848K) NonClass: 12806K(12992K)->12806K(12992K) Class: 1666K(1856K)->1666K(1856K)
[2026-01-16T09:13:45.585+0000][gc          ] GC(575) Pause Young (Normal) (G1 Evacuation Pause) 414M->369M(1024M) 286.403ms
[2026-01-16T09:13:45.586+0000][gc,cpu      ] GC(575) User=0.31s Sys=0.01s Real=0.29s
[2026-01-16T09:13:48.365+0000][gc,start    ] GC(576) Pause Young (Normal) (G1 Evacuation Pause)
[2026-01-16T09:13:48.367+0000][gc,task     ] GC(576) Using 8 workers of 8 for evacuation
[2026-01-16T09:13:48.899+0000][gc,mmu      ] GC(576) MMU target violated: 201.0ms (200.0ms/201.0ms)
[2026-01-16T09:13:48.900+0000][gc,phases   ] GC(576)   Pre Evacuate Collection Set: 28.2ms
[2026-01-16T09:13:48.900+0000][gc,phases   ] GC(576)   Merge Heap Roots: 3.4ms
[2026-01-16T09:13:48.900+0000][gc,phases   ] GC(576)   Evacuate Collection Set: 488.6ms
[2026-01-16T09:13:48.900+0000][gc,phases   ] GC(576)   Post Evacuate Collection Set: 7.7ms
[2026-01-16T09:13:48.900+0000][gc,phases   ] GC(576)   Other: 5.0ms
[2026-01-16T09:13:48.900+0000][gc,heap     ] GC(576) Eden regions: 46->0(45)
[2026-01-16T09:13:48.900+0000][gc,heap     ] GC(576) Survivor regions: 5->6(7)
[2026-01-16T09:13:48.900+0000][gc,heap     ] GC(576) Old regions: 217->217
[2026-01-16T09:13:48.900+0000][gc,heap     ] GC(576) Humongous regions: 149->149
[2026-01-16T09:13:48.900+0000][gc,metaspace] GC(576) Metaspace: 14478K(14848K)->14478K(14848K) NonClass: 12811K(12992K)->12811K(12992K) Class: 1666K(1856K)->1666K(1856K)
[2026-01-16T09:13:48.900+0000][gc          ] GC(576) Pause Young (Normal) (G1 Evacuation Pause) 415M->370M(1024M) 535.410ms
[2026-01-16T09:13:48.900+0000][gc,cpu      ] GC(576) User=0.29s Sys=0.01s Real=0.53s
[2026-01-16T09:13:50.676+0000][gc,start    ] GC(577) Pause Young (Normal) (G1 Evacuation Pause)
[2026-01-16T09:13:50.677+0000][gc,task     ] GC(577) Using 8 workers of 8 for evacuation
[2026-01-16T09:13:50.916+0000][gc,mmu      ] GC(577) MMU target violated: 201.0ms (200.0ms/201.0ms)
[2026-01-16T09:13:50.916+0000][gc,phases   ] GC(577)   Pre Evacuate Collection Set: 18.7ms
[2026-01-16T09:13:50.916+0000][gc,phases   ] GC(577)   Merge Heap Roots: 2.1ms
[2026-01-16T09:13:50.917+0000][gc,phases   ] GC(577)   Evacuate Collection Set: 203.7ms
[2026-01-16T09:13:50.917+0000][gc,phases   ] GC(577)   Post Evacuate Collection Set: 13.5ms
[2026-01-16T09:13:50.917+0000][gc,phases   ] GC(577)   Other: 1.4ms
[2026-01-16T09:13:50.918+0000][gc,heap     ] GC(577) Eden regions: 45->0(47)
[2026-01-16T09:13:50.918+0000][gc,heap     ] GC(577) Survivor regions: 6->4(7)
[2026-01-16T09:13:50.919+0000][gc,heap     ] GC(577) Old regions: 217->219
[2026-01-16T09:13:50.919+0000][gc,heap     ] GC(577) Humongous regions: 149->149
[2026-01-16T09:13:50.919+0000][gc,metaspace] GC(577) Metaspace: 14479K(14848K)->14479K(14848K) NonClass: 12812K(12992K)->12812K(12992K) Class: 1666K(1856K)->1666K(1856K)
[2026-01-16T09:13:50.920+0000][gc          ] GC(577) Pause Young (Normal) (G1 Evacuation Pause) 415M->370M(1024M) 244.109ms
[2026-01-16T09:13:50.920+0000][gc,cpu      ] GC(577) User=0.24s Sys=0.01s Real=0.24s
[2026-01-16T09:13:52.924+0000][gc,start    ] GC(578) Pause Young (Normal) (G1 Evacuation Pause)
[2026-01-16T09:13:52.927+0000][gc,task     ] GC(578) Using 8 workers of 8 for evacuation
[2026-01-16T09:13:53.217+0000][gc,mmu      ] GC(578) MMU target violated: 201.0ms (200.0ms/201.0ms)
[2026-01-16T09:13:53.220+0000][gc,phases   ] GC(578)   Pre Evacuate Collection Set: 17.0ms
[2026-01-16T09:13:53.222+0000][gc,phases   ] GC(578)   Merge Heap Roots: 10.7ms
[2026-01-16T09:13:53.224+0000][gc,phases   ] GC(578)   Evacuate Collection Set: 251.4ms
[2026-01-16T09:13:53.227+0000][gc,phases   ] GC(578)   Post Evacuate Collection Set: 3.5ms
[2026-01-16T09:13:53.229+0000][gc,phases   ] GC(578)   Other: 10.7ms
[2026-01-16T09:13:53.235+0000][gc,heap     ] GC(578) Eden regions: 47->0(46)
[2026-01-16T09:13:53.238+0000][gc,heap     ] GC(578) Survivor regions: 4->5(7)
[2026-01-16T09:13:53.240+0000][gc,heap     ] GC(578) Old regions: 219->219
[2026-01-16T09:13:53.241+0000][gc,heap     ] GC(578) Humongous regions: 149->149
[2026-01-16T09:13:53.241+0000][gc,metaspace] GC(578) Metaspace: 14479K(14848K)->14479K(14848K) NonClass: 12812K(12992K)->12812K(12992K) Class: 1666K(1856K)->1666K(1856K)
[2026-01-16T09:13:53.242+0000][gc          ] GC(578) Pause Young (Normal) (G1 Evacuation Pause) 417M->371M(1024M) 318.108ms
[2026-01-16T09:13:53.243+0000][gc,cpu      ] GC(578) User=0.15s Sys=0.01s Real=0.31s
[2026-01-16T09:13:56.416+0000][gc,start    ] GC(579) Pause Young (Normal) (G1 Evacuation Pause)
[2026-01-16T09:13:56.418+0000][gc,task     ] GC(579) Using 8 workers of 8 for evacuation
[2026-01-16T09:13:57.141+0000][gc,mmu      ] GC(579) MMU target violated: 201.0ms (200.0ms/201.0ms)
[2026-01-16T09:13:57.145+0000][gc,phases   ] GC(579)   Pre Evacuate Collection Set: 34.1ms
[2026-01-16T09:13:57.146+0000][gc,phases   ] GC(579)   Merge Heap Roots: 5.0ms
[2026-01-16T09:13:57.147+0000][gc,phases   ] GC(579)   Evacuate Collection Set: 597.8ms
[2026-01-16T09:13:57.148+0000][gc,phases   ] GC(579)   Post Evacuate Collection Set: 84.6ms
[2026-01-16T09:13:57.148+0000][gc,phases   ] GC(579)   Other: 5.8ms
[2026-01-16T09:13:57.154+0000][gc,heap     ] GC(579) Eden regions: 46->0(46)
[2026-01-16T09:13:57.155+0000][gc,heap     ] GC(579) Survivor regions: 5->5(7)
[2026-01-16T09:13:57.157+0000][gc,heap     ] GC(579) Old regions: 219->220
[2026-01-16T09:13:57.159+0000][gc,heap     ] GC(579) Humongous regions: 149->149
[2026-01-16T09:13:57.160+0000][gc,metaspace] GC(579) Metaspace: 14480K(14848K)->14480K(14848K) NonClass: 12813K(12992K)->12813K(12992K) Class: 1666K(1856K)->1666K(1856K)
[2026-01-16T09:13:57.163+0000][gc          ] GC(579) Pause Young (Normal) (G1 Evacuation Pause) 417M->372M(1024M) 747.116ms
[2026-01-16T09:13:57.165+0000][gc,cpu      ] GC(579) User=0.42s Sys=0.05s Real=0.75s
[2026-01-16T09:13:58.899+0000][gc,start    ] GC(580) Pause Young (Normal) (G1 Evacuation Pause)
[2026-01-16T09:13:58.909+0000][gc,task     ] GC(580) Using 8 workers of 8 for evacuation
[2026-01-16T09:13:59.318+0000][gc,mmu      ] GC(580) MMU target violated: 201.0ms (200.0ms/201.0ms)
[2026-01-16T09:13:59.319+0000][gc,phases   ] GC(580)   Pre Evacuate Collection Set: 24.9ms
[2026-01-16T09:13:59.319+0000][gc,phases   ] GC(580)   Merge Heap Roots: 0.7ms
[2026-01-16T09:13:59.320+0000][gc,phases   ] GC(580)   Evacuate Collection Set: 366.2ms
[2026-01-16T09:13:59.321+0000][gc,phases   ] GC(580)   Post Evacuate Collection Set: 12.7ms
[2026-01-16T09:13:59.321+0000][gc,phases   ] GC(580)   Other: 12.7ms
[2026-01-16T09:13:59.322+0000][gc,heap     ] GC(580) Eden regions: 46->0(47)
[2026-01-16T09:13:59.322+0000][gc,heap     ] GC(580) Survivor regions: 5->4(7)
[2026-01-16T09:13:59.322+0000][gc,heap     ] GC(580) Old regions: 220->221
[2026-01-16T09:13:59.323+0000][gc,heap     ] GC(580) Humongous regions: 149->149
[2026-01-16T09:13:59.323+0000][gc,metaspace] GC(580) Metaspace: 14481K(14848K)->14481K(14848K) NonClass: 12814K(12992K)->12814K(12992K) Class: 1666K(1856K)->1666K(1856K)
[2026-01-16T09:13:59.324+0000][gc          ] GC(580) Pause Young (Normal) (G1 Evacuation Pause) 418M->373M(1024M) 425.456ms
[2026-01-16T09:13:59.325+0000][gc,cpu      ] GC(580) User=0.20s Sys=0.01s Real=0.43s
[2026-01-16T09:14:00.074+0000][gc,start    ] GC(581) Pause Young (Normal) (G1 Evacuation Pause)
[2026-01-16T09:14:00.076+0000][gc,task     ] GC(581) Using 8 workers of 8 for evacuation
[2026-01-16T09:14:00.534+0000][gc,mmu      ] GC(581) MMU target violated: 201.0ms (200.0ms/201.0ms)
[2026-01-16T09:14:00.535+0000][gc,phases   ] GC(581)   Pre Evacuate Collection Set: 7.9ms
[2026-01-16T09:14:00.535+0000][gc,phases   ] GC(581)   Merge Heap Roots: 7.0ms
[2026-01-16T09:14:00.535+0000][gc,phases   ] GC(581)   Evacuate Collection Set: 436.7ms
[2026-01-16T09:14:00.536+0000][gc,phases   ] GC(581)   Post Evacuate Collection Set: 5.6ms
[2026-01-16T09:14:00.536+0000][gc,phases   ] GC(581)   Other: 2.0ms
[2026-01-16T09:14:00.537+0000][gc,heap     ] GC(581) Eden regions: 47->0(47)
[2026-01-16T09:14:00.538+0000][gc,heap     ] GC(581) Survivor regions: 4->4(7)
[2026-01-16T09:14:00.538+0000][gc,heap     ] GC(581) Old regions: 221->222
[2026-01-16T09:14:00.538+0000][gc,heap     ] GC(581) Humongous regions: 149->149
[2026-01-16T09:14:00.539+0000][gc,metaspace] GC(581) Metaspace: 14481K(14848K)->14481K(14848K) NonClass: 12814K(12992K)->12814K(12992K) Class: 1666K(1856K)->1666K(1856K)
[2026-01-16T09:14:00.539+0000][gc          ] GC(581) Pause Young (Normal) (G1 Evacuation Pause) 420M->374M(1024M) 464.682ms
[2026-01-16T09:14:00.539+0000][gc,cpu      ] GC(581) User=0.14s Sys=0.02s Real=0.46s
[2026-01-16T09:14:01.746+0000][gc,start    ] GC(582) Pause Young (Normal) (G1 Evacuation Pause)
[2026-01-16T09:14:01.747+0000][gc,task     ] GC(582) Using 8 workers of 8 for evacuation
[2026-01-16T09:14:02.102+0000][gc,mmu      ] GC(582) MMU target violated: 201.0ms (200.0ms/201.0ms)
[2026-01-16T09:14:02.103+0000][gc,phases   ] GC(582)   Pre Evacuate Collection Set: 28.4ms
[2026-01-16T09:14:02.103+0000][gc,phases   ] GC(582)   Merge Heap Roots: 3.0ms
[2026-01-16T09:14:02.103+0000][gc,phases   ] GC(582)   Evacuate Collection Set: 296.8ms
[2026-01-16T09:14:02.103+0000][gc,phases   ] GC(582)   Post Evacuate Collection Set: 26.3ms
[2026-01-16T09:14:02.109+0000][gc,phases   ] GC(582)   Other: 1.6ms
[2026-01-16T09:14:02.109+0000][gc,heap     ] GC(582) Eden regions: 47->0(46)
[2026-01-16T09:14:02.109+0000][gc,heap     ] GC(582) Survivor regions: 4->5(7)
[2026-01-16T09:14:02.109+0000][gc,heap     ] GC(582) Old regions: 222->222
[2026-01-16T09:14:02.110+0000][gc,heap     ] GC(582) Humongous regions: 149->149
[2026-01-16T09:14:02.110+0000][gc,metaspace] GC(582) Metaspace: 14481K(14848K)->14481K(14848K) NonClass: 12814K(12992K)->12814K(12992K) Class: 1666K(1856K)->1666K(1856K)
[2026-01-16T09:14:02.110+0000][gc          ] GC(582) Pause Young (Normal) (G1 Evacuation Pause) 421M->374M(1024M) 363.871ms
[2026-01-16T09:14:02.111+0000][gc,cpu      ] GC(582) User=0.15s Sys=0.02s Real=0.36s
[2026-01-16T09:14:03.350+0000][gc,start    ] GC(583) Pause Young (Normal) (G1 Evacuation Pause)
[2026-01-16T09:14:03.354+0000][gc,task     ] GC(583) Using 8 workers of 8 for evacuation
[2026-01-16T09:14:03.705+0000][gc,mmu      ] GC(583) MMU target violated: 201.0ms (200.0ms/201.0ms)
[2026-01-16T09:14:03.711+0000][gc,phases   ] GC(583)   Pre Evacuate Collection Set: 34.2ms
[2026-01-16T09:14:03.711+0000][gc,phases   ] GC(583)   Merge Heap Roots: 4.2ms
[2026-01-16T09:14:03.714+0000][gc,phases   ] GC(583)   Evacuate Collection Set: 275.6ms
[2026-01-16T09:14:03.717+0000][gc,phases   ] GC(583)   Post Evacuate Collection Set: 30.1ms
[2026-01-16T09:14:03.720+0000][gc,phases   ] GC(583)   Other: 13.1ms
[2026-01-16T09:14:03.724+0000][gc,heap     ] GC(583) Eden regions: 46->0(47)
[2026-01-16T09:14:03.725+0000][gc,heap     ] GC(583) Survivor regions: 5->4(7)
[2026-01-16T09:14:03.726+0000][gc,heap     ] GC(583) Old regions: 222->223
[2026-01-16T09:14:03.727+0000][gc,heap     ] GC(583) Humongous regions: 149->149
[2026-01-16T09:14:03.728+0000][gc,metaspace] GC(583) Metaspace: 14481K(14848K)->14481K(14848K) NonClass: 12814K(12992K)->12814K(12992K) Class: 1666K(1856K)->1666K(1856K)
[2026-01-16T09:14:03.754+0000][gc          ] GC(583) Pause Young (Normal) (G1 Evacuation Pause) 420M->375M(1024M) 404.059ms
[2026-01-16T09:14:03.756+0000][gc,cpu      ] GC(583) User=0.20s Sys=0.05s Real=0.41s
[2026-01-16T09:14:05.934+0000][gc,start    ] GC(584) Pause Young (Normal) (G1 Evacuation Pause)
[2026-01-16T09:14:05.937+0000][gc,task     ] GC(584) Using 8 workers of 8 for evacuation
[2026-01-16T09:14:06.403+0000][gc,mmu      ] GC(584) MMU target violated: 201.0ms (200.0ms/201.0ms)
[2026-01-16T09:14:06.405+0000][gc,phases   ] GC(584)   Pre Evacuate Collection Set: 33.1ms
[2026-01-16T09:14:06.405+0000][gc,phases   ] GC(584)   Merge Heap Roots: 6.4ms
[2026-01-16T09:14:06.411+0000][gc,phases   ] GC(584)   Evacuate Collection Set: 410.5ms
[2026-01-16T09:14:06.411+0000][gc,phases   ] GC(584)   Post Evacuate Collection Set: 15.4ms
[2026-01-16T09:14:06.414+0000][gc,phases   ] GC(584)   Other: 3.3ms
[2026-01-16T09:14:06.417+0000][gc,heap     ] GC(584) Eden regions: 47->0(47)
[2026-01-16T09:14:06.423+0000][gc,heap     ] GC(584) Survivor regions: 4->4(7)
[2026-01-16T09:14:06.428+0000][gc,heap     ] GC(584) Old regions: 223->224
[2026-01-16T09:14:06.432+0000][gc,heap     ] GC(584) Humongous regions: 149->149
[2026-01-16T09:14:06.433+0000][gc,metaspace] GC(584) Metaspace: 14481K(14848K)->14481K(14848K) NonClass: 12814K(12992K)->12814K(12992K) Class: 1666K(1856K)->1666K(1856K)
[2026-01-16T09:14:06.433+0000][gc          ] GC(584) Pause Young (Normal) (G1 Evacuation Pause) 422M->376M(1024M) 498.761ms
[2026-01-16T09:14:06.433+0000][gc,cpu      ] GC(584) User=0.20s Sys=0.03s Real=0.51s
[2026-01-16T09:14:11.503+0000][gc,start    ] GC(585) Pause Young (Normal) (G1 Evacuation Pause)
[2026-01-16T09:14:11.506+0000][gc,task     ] GC(585) Using 8 workers of 8 for evacuation
[2026-01-16T09:14:12.111+0000][gc,mmu      ] GC(585) MMU target violated: 201.0ms (200.0ms/201.0ms)
[2026-01-16T09:14:12.113+0000][gc,phases   ] GC(585)   Pre Evacuate Collection Set: 119.0ms
[2026-01-16T09:14:12.115+0000][gc,phases   ] GC(585)   Merge Heap Roots: 16.9ms
[2026-01-16T09:14:12.119+0000][gc,phases   ] GC(585)   Evacuate Collection Set: 431.4ms
[2026-01-16T09:14:12.123+0000][gc,phases   ] GC(585)   Post Evacuate Collection Set: 34.0ms
[2026-01-16T09:14:12.129+0000][gc,phases   ] GC(585)   Other: 6.2ms
[2026-01-16T09:14:12.130+0000][gc,heap     ] GC(585) Eden regions: 47->0(46)
[2026-01-16T09:14:12.130+0000][gc,heap     ] GC(585) Survivor regions: 4->5(7)
[2026-01-16T09:14:12.133+0000][gc,heap     ] GC(585) Old regions: 224->224
[2026-01-16T09:14:12.136+0000][gc,heap     ] GC(585) Humongous regions: 149->149
[2026-01-16T09:14:12.141+0000][gc,metaspace] GC(585) Metaspace: 14483K(14848K)->14483K(14848K) NonClass: 12816K(12992K)->12816K(12992K) Class: 1666K(1856K)->1666K(1856K)
[2026-01-16T09:14:12.141+0000][gc          ] GC(585) Pause Young (Normal) (G1 Evacuation Pause) 423M->377M(1024M) 637.934ms
[2026-01-16T09:14:12.142+0000][gc,cpu      ] GC(585) User=0.49s Sys=0.06s Real=0.63s
[2026-01-16T09:14:15.250+0000][gc,start    ] GC(586) Pause Young (Normal) (G1 Evacuation Pause)
[2026-01-16T09:14:15.255+0000][gc,task     ] GC(586) Using 8 workers of 8 for evacuation
[2026-01-16T09:14:15.739+0000][gc,mmu      ] GC(586) MMU target violated: 201.0ms (200.0ms/201.0ms)
[2026-01-16T09:14:15.740+0000][gc,phases   ] GC(586)   Pre Evacuate Collection Set: 25.6ms
[2026-01-16T09:14:15.742+0000][gc,phases   ] GC(586)   Merge Heap Roots: 3.4ms
[2026-01-16T09:14:15.742+0000][gc,phases   ] GC(586)   Evacuate Collection Set: 444.7ms
[2026-01-16T09:14:15.743+0000][gc,phases   ] GC(586)   Post Evacuate Collection Set: 7.3ms
[2026-01-16T09:14:15.745+0000][gc,phases   ] GC(586)   Other: 4.1ms
[2026-01-16T09:14:15.746+0000][gc,heap     ] GC(586) Eden regions: 46->0(46)
[2026-01-16T09:14:15.749+0000][gc,heap     ] GC(586) Survivor regions: 5->5(7)
[2026-01-16T09:14:15.752+0000][gc,heap     ] GC(586) Old regions: 224->225
[2026-01-16T09:14:15.753+0000][gc,heap     ] GC(586) Humongous regions: 149->149
[2026-01-16T09:14:15.754+0000][gc,metaspace] GC(586) Metaspace: 14483K(14848K)->14483K(14848K) NonClass: 12816K(12992K)->12816K(12992K) Class: 1666K(1856K)->1666K(1856K)
[2026-01-16T09:14:15.756+0000][gc          ] GC(586) Pause Young (Normal) (G1 Evacuation Pause) 423M->377M(1024M) 505.812ms
[2026-01-16T09:14:15.758+0000][gc,cpu      ] GC(586) User=0.36s Sys=0.01s Real=0.51s
[2026-01-16T09:14:17.632+0000][gc,start    ] GC(587) Pause Young (Normal) (G1 Evacuation Pause)
[2026-01-16T09:14:17.634+0000][gc,task     ] GC(587) Using 8 workers of 8 for evacuation
[2026-01-16T09:14:17.912+0000][gc,mmu      ] GC(587) MMU target violated: 201.0ms (200.0ms/201.0ms)
[2026-01-16T09:14:17.913+0000][gc,phases   ] GC(587)   Pre Evacuate Collection Set: 35.3ms
[2026-01-16T09:14:17.913+0000][gc,phases   ] GC(587)   Merge Heap Roots: 5.3ms
[2026-01-16T09:14:17.913+0000][gc,phases   ] GC(587)   Evacuate Collection Set: 220.5ms
[2026-01-16T09:14:17.918+0000][gc,phases   ] GC(587)   Post Evacuate Collection Set: 15.4ms
[2026-01-16T09:14:17.919+0000][gc,phases   ] GC(587)   Other: 2.4ms
[2026-01-16T09:14:17.927+0000][gc,heap     ] GC(587) Eden regions: 46->0(46)
[2026-01-16T09:14:17.928+0000][gc,heap     ] GC(587) Survivor regions: 5->5(7)
[2026-01-16T09:14:17.928+0000][gc,heap     ] GC(587) Old regions: 225->226
[2026-01-16T09:14:17.929+0000][gc,heap     ] GC(587) Humongous regions: 149->149
[2026-01-16T09:14:17.930+0000][gc,metaspace] GC(587) Metaspace: 14483K(14848K)->14483K(14848K) NonClass: 12816K(12992K)->12816K(12992K) Class: 1666K(1856K)->1666K(1856K)
[2026-01-16T09:14:17.931+0000][gc          ] GC(587) Pause Young (Normal) (G1 Evacuation Pause) 423M->378M(1024M) 298.654ms
[2026-01-16T09:14:17.931+0000][gc,cpu      ] GC(587) User=0.26s Sys=0.02s Real=0.30s
[2026-01-16T09:14:20.475+0000][gc,start    ] GC(588) Pause Young (Normal) (G1 Evacuation Pause)
[2026-01-16T09:14:20.476+0000][gc,task     ] GC(588) Using 8 workers of 8 for evacuation
[2026-01-16T09:14:21.077+0000][gc,mmu      ] GC(588) MMU target violated: 201.0ms (200.0ms/201.0ms)
[2026-01-16T09:14:21.078+0000][gc,phases   ] GC(588)   Pre Evacuate Collection Set: 39.9ms
[2026-01-16T09:14:21.080+0000][gc,phases   ] GC(588)   Merge Heap Roots: 7.1ms
[2026-01-16T09:14:21.082+0000][gc,phases   ] GC(588)   Evacuate Collection Set: 525.8ms
[2026-01-16T09:14:21.083+0000][gc,phases   ] GC(588)   Post Evacuate Collection Set: 21.8ms
[2026-01-16T09:14:21.085+0000][gc,phases   ] GC(588)   Other: 7.9ms
[2026-01-16T09:14:21.085+0000][gc,heap     ] GC(588) Eden regions: 46->0(46)
[2026-01-16T09:14:21.085+0000][gc,heap     ] GC(588) Survivor regions: 5->5(7)
[2026-01-16T09:14:21.086+0000][gc,heap     ] GC(588) Old regions: 226->227
[2026-01-16T09:14:21.086+0000][gc,heap     ] GC(588) Humongous regions: 149->149
[2026-01-16T09:14:21.086+0000][gc,metaspace] GC(588) Metaspace: 14483K(14848K)->14483K(14848K) NonClass: 12816K(12992K)->12816K(12992K) Class: 1666K(1856K)->1666K(1856K)
[2026-01-16T09:14:21.090+0000][gc          ] GC(588) Pause Young (Normal) (G1 Evacuation Pause) 424M->379M(1024M) 615.706ms
[2026-01-16T09:14:21.091+0000][gc,cpu      ] GC(588) User=0.34s Sys=0.03s Real=0.62s
[2026-01-16T09:14:22.685+0000][gc,start    ] GC(589) Pause Young (Normal) (G1 Evacuation Pause)
[2026-01-16T09:14:22.686+0000][gc,task     ] GC(589) Using 8 workers of 8 for evacuation
[2026-01-16T09:14:23.065+0000][gc,mmu      ] GC(589) MMU target violated: 201.0ms (200.0ms/201.0ms)
[2026-01-16T09:14:23.068+0000][gc,phases   ] GC(589)   Pre Evacuate Collection Set: 15.6ms
[2026-01-16T09:14:23.069+0000][gc,phases   ] GC(589)   Merge Heap Roots: 4.2ms
[2026-01-16T09:14:23.070+0000][gc,phases   ] GC(589)   Evacuate Collection Set: 352.3ms
[2026-01-16T09:14:23.070+0000][gc,phases   ] GC(589)   Post Evacuate Collection Set: 6.2ms
[2026-01-16T09:14:23.071+0000][gc,phases   ] GC(589)   Other: 3.6ms
[2026-01-16T09:14:23.071+0000][gc,heap     ] GC(589) Eden regions: 46->0(46)
[2026-01-16T09:14:23.072+0000][gc,heap     ] GC(589) Survivor regions: 5->5(7)
[2026-01-16T09:14:23.077+0000][gc,heap     ] GC(589) Old regions: 227->228
[2026-01-16T09:14:23.083+0000][gc,heap     ] GC(589) Humongous regions: 149->149
[2026-01-16T09:14:23.083+0000][gc,metaspace] GC(589) Metaspace: 14483K(14848K)->14483K(14848K) NonClass: 12816K(12992K)->12816K(12992K) Class: 1666K(1856K)->1666K(1856K)
[2026-01-16T09:14:23.085+0000][gc          ] GC(589) Pause Young (Normal) (G1 Evacuation Pause) 425M->380M(1024M) 399.224ms
[2026-01-16T09:14:23.086+0000][gc,cpu      ] GC(589) User=0.25s Sys=0.01s Real=0.40s
[2026-01-16T09:14:25.464+0000][gc,start    ] GC(590) Pause Young (Normal) (G1 Evacuation Pause)
[2026-01-16T09:14:25.471+0000][gc,task     ] GC(590) Using 8 workers of 8 for evacuation
[2026-01-16T09:14:25.815+0000][gc,mmu      ] GC(590) MMU target violated: 201.0ms (200.0ms/201.0ms)
[2026-01-16T09:14:25.816+0000][gc,phases   ] GC(590)   Pre Evacuate Collection Set: 28.9ms
[2026-01-16T09:14:25.816+0000][gc,phases   ] GC(590)   Merge Heap Roots: 3.2ms
[2026-01-16T09:14:25.816+0000][gc,phases   ] GC(590)   Evacuate Collection Set: 293.5ms
[2026-01-16T09:14:25.816+0000][gc,phases   ] GC(590)   Post Evacuate Collection Set: 5.3ms
[2026-01-16T09:14:25.817+0000][gc,phases   ] GC(590)   Other: 13.7ms
[2026-01-16T09:14:25.817+0000][gc,heap     ] GC(590) Eden regions: 46->0(46)
[2026-01-16T09:14:25.817+0000][gc,heap     ] GC(590) Survivor regions: 5->5(7)
[2026-01-16T09:14:25.818+0000][gc,heap     ] GC(590) Old regions: 228->229
[2026-01-16T09:14:25.818+0000][gc,heap     ] GC(590) Humongous regions: 149->149
[2026-01-16T09:14:25.818+0000][gc,metaspace] GC(590) Metaspace: 14484K(14848K)->14484K(14848K) NonClass: 12817K(12992K)->12817K(12992K) Class: 1666K(1856K)->1666K(1856K)
[2026-01-16T09:14:25.819+0000][gc          ] GC(590) Pause Young (Normal) (G1 Evacuation Pause) 426M->381M(1024M) 355.020ms
[2026-01-16T09:14:25.820+0000][gc,cpu      ] GC(590) User=0.22s Sys=0.00s Real=0.35s
[2026-01-16T09:14:26.886+0000][gc,start    ] GC(591) Pause Young (Normal) (G1 Evacuation Pause)
[2026-01-16T09:14:26.887+0000][gc,task     ] GC(591) Using 8 workers of 8 for evacuation
[2026-01-16T09:14:27.074+0000][gc,phases   ] GC(591)   Pre Evacuate Collection Set: 4.0ms
[2026-01-16T09:14:27.075+0000][gc,phases   ] GC(591)   Merge Heap Roots: 4.1ms
[2026-01-16T09:14:27.075+0000][gc,phases   ] GC(591)   Evacuate Collection Set: 173.7ms
[2026-01-16T09:14:27.075+0000][gc,phases   ] GC(591)   Post Evacuate Collection Set: 4.5ms
[2026-01-16T09:14:27.075+0000][gc,phases   ] GC(591)   Other: 0.4ms
[2026-01-16T09:14:27.075+0000][gc,heap     ] GC(591) Eden regions: 46->0(47)
[2026-01-16T09:14:27.075+0000][gc,heap     ] GC(591) Survivor regions: 5->4(7)
[2026-01-16T09:14:27.075+0000][gc,heap     ] GC(591) Old regions: 229->229
[2026-01-16T09:14:27.075+0000][gc,heap     ] GC(591) Humongous regions: 149->149
[2026-01-16T09:14:27.075+0000][gc,metaspace] GC(591) Metaspace: 14484K(14848K)->14484K(14848K) NonClass: 12817K(12992K)->12817K(12992K) Class: 1666K(1856K)->1666K(1856K)
[2026-01-16T09:14:27.075+0000][gc          ] GC(591) Pause Young (Normal) (G1 Evacuation Pause) 427M->381M(1024M) 188.581ms
[2026-01-16T09:14:27.075+0000][gc,cpu      ] GC(591) User=0.17s Sys=0.01s Real=0.19s
[2026-01-16T09:14:29.000+0000][gc,start    ] GC(592) Pause Young (Normal) (G1 Evacuation Pause)
[2026-01-16T09:14:29.024+0000][gc,task     ] GC(592) Using 8 workers of 8 for evacuation
[2026-01-16T09:14:29.408+0000][gc,mmu      ] GC(592) MMU target violated: 201.0ms (200.0ms/201.0ms)
[2026-01-16T09:14:29.408+0000][gc,phases   ] GC(592)   Pre Evacuate Collection Set: 12.6ms
[2026-01-16T09:14:29.410+0000][gc,phases   ] GC(592)   Merge Heap Roots: 6.6ms
[2026-01-16T09:14:29.410+0000][gc,phases   ] GC(592)   Evacuate Collection Set: 356.3ms
[2026-01-16T09:14:29.412+0000][gc,phases   ] GC(592)   Post Evacuate Collection Set: 5.5ms
[2026-01-16T09:14:29.416+0000][gc,phases   ] GC(592)   Other: 3.8ms
[2026-01-16T09:14:29.417+0000][gc,heap     ] GC(592) Eden regions: 47->0(46)
[2026-01-16T09:14:29.418+0000][gc,heap     ] GC(592) Survivor regions: 4->5(7)
[2026-01-16T09:14:29.420+0000][gc,heap     ] GC(592) Old regions: 229->230
[2026-01-16T09:14:29.420+0000][gc,heap     ] GC(592) Humongous regions: 149->149
[2026-01-16T09:14:29.420+0000][gc,metaspace] GC(592) Metaspace: 14484K(14848K)->14484K(14848K) NonClass: 12817K(12992K)->12817K(12992K) Class: 1666K(1856K)->1666K(1856K)
[2026-01-16T09:14:29.421+0000][gc          ] GC(592) Pause Young (Normal) (G1 Evacuation Pause) 428M->382M(1024M) 420.951ms
[2026-01-16T09:14:29.422+0000][gc,cpu      ] GC(592) User=0.17s Sys=0.01s Real=0.42s
[2026-01-16T09:14:31.550+0000][gc,start    ] GC(593) Pause Young (Normal) (G1 Evacuation Pause)
[2026-01-16T09:14:31.552+0000][gc,task     ] GC(593) Using 8 workers of 8 for evacuation
[2026-01-16T09:14:31.960+0000][gc,mmu      ] GC(593) MMU target violated: 201.0ms (200.0ms/201.0ms)
[2026-01-16T09:14:31.960+0000][gc,phases   ] GC(593)   Pre Evacuate Collection Set: 81.5ms
[2026-01-16T09:14:31.963+0000][gc,phases   ] GC(593)   Merge Heap Roots: 7.0ms
[2026-01-16T09:14:31.963+0000][gc,phases   ] GC(593)   Evacuate Collection Set: 299.9ms
[2026-01-16T09:14:31.963+0000][gc,phases   ] GC(593)   Post Evacuate Collection Set: 7.4ms
[2026-01-16T09:14:31.964+0000][gc,phases   ] GC(593)   Other: 12.9ms
[2026-01-16T09:14:31.964+0000][gc,heap     ] GC(593) Eden regions: 46->0(47)
[2026-01-16T09:14:31.966+0000][gc,heap     ] GC(593) Survivor regions: 5->4(7)
[2026-01-16T09:14:31.966+0000][gc,heap     ] GC(593) Old regions: 230->231
[2026-01-16T09:14:31.966+0000][gc,heap     ] GC(593) Humongous regions: 149->149
[2026-01-16T09:14:31.966+0000][gc,metaspace] GC(593) Metaspace: 14484K(14848K)->14484K(14848K) NonClass: 12817K(12992K)->12817K(12992K) Class: 1666K(1856K)->1666K(1856K)
[2026-01-16T09:14:31.966+0000][gc          ] GC(593) Pause Young (Normal) (G1 Evacuation Pause) 428M->383M(1024M) 416.188ms
[2026-01-16T09:14:31.967+0000][gc,cpu      ] GC(593) User=0.23s Sys=0.02s Real=0.42s
[2026-01-16T09:14:35.912+0000][gc,start    ] GC(594) Pause Young (Normal) (G1 Evacuation Pause)
[2026-01-16T09:14:35.934+0000][gc,task     ] GC(594) Using 8 workers of 8 for evacuation
[2026-01-16T09:14:36.785+0000][gc,mmu      ] GC(594) MMU target violated: 201.0ms (200.0ms/201.0ms)
[2026-01-16T09:14:36.790+0000][gc,phases   ] GC(594)   Pre Evacuate Collection Set: 67.4ms
[2026-01-16T09:14:36.790+0000][gc,phases   ] GC(594)   Merge Heap Roots: 14.9ms
[2026-01-16T09:14:36.792+0000][gc,phases   ] GC(594)   Evacuate Collection Set: 734.8ms
[2026-01-16T09:14:36.792+0000][gc,phases   ] GC(594)   Post Evacuate Collection Set: 30.4ms
[2026-01-16T09:14:36.793+0000][gc,phases   ] GC(594)   Other: 23.8ms
[2026-01-16T09:14:36.793+0000][gc,heap     ] GC(594) Eden regions: 47->0(46)
[2026-01-16T09:14:36.793+0000][gc,heap     ] GC(594) Survivor regions: 4->5(7)
[2026-01-16T09:14:36.793+0000][gc,heap     ] GC(594) Old regions: 231->231
[2026-01-16T09:14:36.793+0000][gc,heap     ] GC(594) Humongous regions: 149->149
[2026-01-16T09:14:36.793+0000][gc,metaspace] GC(594) Metaspace: 14486K(14848K)->14486K(14848K) NonClass: 12818K(12992K)->12818K(12992K) Class: 1667K(1856K)->1667K(1856K)
[2026-01-16T09:14:36.795+0000][gc          ] GC(594) Pause Young (Normal) (G1 Evacuation Pause) 430M->384M(1024M) 882.514ms
[2026-01-16T09:14:36.800+0000][gc,cpu      ] GC(594) User=0.47s Sys=0.02s Real=0.89s
[2026-01-16T09:14:41.745+0000][gc,start    ] GC(595) Pause Young (Normal) (G1 Evacuation Pause)
[2026-01-16T09:14:41.760+0000][gc,task     ] GC(595) Using 8 workers of 8 for evacuation
[2026-01-16T09:14:42.553+0000][gc,mmu      ] GC(595) MMU target violated: 201.0ms (200.0ms/201.0ms)
[2026-01-16T09:14:42.556+0000][gc,phases   ] GC(595)   Pre Evacuate Collection Set: 69.5ms
[2026-01-16T09:14:42.556+0000][gc,phases   ] GC(595)   Merge Heap Roots: 7.1ms
[2026-01-16T09:14:42.557+0000][gc,phases   ] GC(595)   Evacuate Collection Set: 661.5ms
[2026-01-16T09:14:42.557+0000][gc,phases   ] GC(595)   Post Evacuate Collection Set: 44.5ms
[2026-01-16T09:14:42.559+0000][gc,phases   ] GC(595)   Other: 17.8ms
[2026-01-16T09:14:42.566+0000][gc,heap     ] GC(595) Eden regions: 46->0(46)
[2026-01-16T09:14:42.567+0000][gc,heap     ] GC(595) Survivor regions: 5->5(7)
[2026-01-16T09:14:42.567+0000][gc,heap     ] GC(595) Old regions: 231->232
[2026-01-16T09:14:42.567+0000][gc,heap     ] GC(595) Humongous regions: 149->149
[2026-01-16T09:14:42.567+0000][gc,metaspace] GC(595) Metaspace: 14486K(14848K)->14486K(14848K) NonClass: 12818K(12992K)->12818K(12992K) Class: 1667K(1856K)->1667K(1856K)
[2026-01-16T09:14:42.568+0000][gc          ] GC(595) Pause Young (Normal) (G1 Evacuation Pause) 430M->385M(1024M) 822.326ms
[2026-01-16T09:14:42.568+0000][gc,cpu      ] GC(595) User=0.50s Sys=0.04s Real=0.83s
[2026-01-16T09:14:45.426+0000][gc,start    ] GC(596) Pause Young (Normal) (G1 Evacuation Pause)
[2026-01-16T09:14:45.458+0000][gc,task     ] GC(596) Using 8 workers of 8 for evacuation
[2026-01-16T09:14:46.433+0000][gc,mmu      ] GC(596) MMU target violated: 201.0ms (200.0ms/201.0ms)
[2026-01-16T09:14:46.434+0000][gc,phases   ] GC(596)   Pre Evacuate Collection Set: 73.0ms
[2026-01-16T09:14:46.434+0000][gc,phases   ] GC(596)   Merge Heap Roots: 6.7ms
[2026-01-16T09:14:46.435+0000][gc,phases   ] GC(596)   Evacuate Collection Set: 837.9ms
[2026-01-16T09:14:46.435+0000][gc,phases   ] GC(596)   Post Evacuate Collection Set: 49.2ms
[2026-01-16T09:14:46.435+0000][gc,phases   ] GC(596)   Other: 39.1ms
[2026-01-16T09:14:46.436+0000][gc,heap     ] GC(596) Eden regions: 46->0(46)
[2026-01-16T09:14:46.436+0000][gc,heap     ] GC(596) Survivor regions: 5->5(7)
[2026-01-16T09:14:46.437+0000][gc,heap     ] GC(596) Old regions: 232->233
[2026-01-16T09:14:46.437+0000][gc,heap     ] GC(596) Humongous regions: 149->149
[2026-01-16T09:14:46.438+0000][gc,metaspace] GC(596) Metaspace: 14486K(14848K)->14486K(14848K) NonClass: 12818K(12992K)->12818K(12992K) Class: 1667K(1856K)->1667K(1856K)
[2026-01-16T09:14:46.442+0000][gc          ] GC(596) Pause Young (Normal) (G1 Evacuation Pause) 431M->385M(1024M) 1016.660ms
[2026-01-16T09:14:46.444+0000][gc,cpu      ] GC(596) User=0.55s Sys=0.04s Real=1.01s
[2026-01-16T09:14:50.773+0000][gc,start    ] GC(597) Pause Young (Normal) (G1 Evacuation Pause)
[2026-01-16T09:14:50.785+0000][gc,task     ] GC(597) Using 8 workers of 8 for evacuation
[2026-01-16T09:14:51.947+0000][gc,mmu      ] GC(597) MMU target violated: 201.0ms (200.0ms/201.0ms)
[2026-01-16T09:14:51.951+0000][gc,phases   ] GC(597)   Pre Evacuate Collection Set: 77.0ms
[2026-01-16T09:14:51.952+0000][gc,phases   ] GC(597)   Merge Heap Roots: 1.6ms
[2026-01-16T09:14:51.953+0000][gc,phases   ] GC(597)   Evacuate Collection Set: 1047.7ms
[2026-01-16T09:14:51.954+0000][gc,phases   ] GC(597)   Post Evacuate Collection Set: 32.6ms
[2026-01-16T09:14:51.955+0000][gc,phases   ] GC(597)   Other: 10.1ms
[2026-01-16T09:14:51.956+0000][gc,heap     ] GC(597) Eden regions: 46->0(46)
[2026-01-16T09:14:51.956+0000][gc,heap     ] GC(597) Survivor regions: 5->5(7)
[2026-01-16T09:14:51.959+0000][gc,heap     ] GC(597) Old regions: 233->234
[2026-01-16T09:14:51.959+0000][gc,heap     ] GC(597) Humongous regions: 149->149
[2026-01-16T09:14:51.960+0000][gc,metaspace] GC(597) Metaspace: 14487K(14848K)->14487K(14848K) NonClass: 12819K(12992K)->12819K(12992K) Class: 1668K(1856K)->1668K(1856K)
[2026-01-16T09:14:51.961+0000][gc          ] GC(597) Pause Young (Normal) (G1 Evacuation Pause) 431M->386M(1024M) 1187.162ms
[2026-01-16T09:14:51.961+0000][gc,cpu      ] GC(597) User=0.56s Sys=0.06s Real=1.19s
[2026-01-16T09:14:55.005+0000][gc,start    ] GC(598) Pause Young (Normal) (G1 Evacuation Pause)
[2026-01-16T09:14:55.006+0000][gc,task     ] GC(598) Using 8 workers of 8 for evacuation
[2026-01-16T09:14:55.598+0000][gc,mmu      ] GC(598) MMU target violated: 201.0ms (200.0ms/201.0ms)
[2026-01-16T09:14:55.599+0000][gc,phases   ] GC(598)   Pre Evacuate Collection Set: 80.5ms
[2026-01-16T09:14:55.599+0000][gc,phases   ] GC(598)   Merge Heap Roots: 17.7ms
[2026-01-16T09:14:55.599+0000][gc,phases   ] GC(598)   Evacuate Collection Set: 446.0ms
[2026-01-16T09:14:55.599+0000][gc,phases   ] GC(598)   Post Evacuate Collection Set: 47.1ms
[2026-01-16T09:14:55.599+0000][gc,phases   ] GC(598)   Other: 1.5ms
[2026-01-16T09:14:55.600+0000][gc,heap     ] GC(598) Eden regions: 46->0(46)
[2026-01-16T09:14:55.600+0000][gc,heap     ] GC(598) Survivor regions: 5->5(7)
[2026-01-16T09:14:55.601+0000][gc,heap     ] GC(598) Old regions: 234->235
[2026-01-16T09:14:55.601+0000][gc,heap     ] GC(598) Humongous regions: 149->149
[2026-01-16T09:14:55.601+0000][gc,metaspace] GC(598) Metaspace: 14487K(14848K)->14487K(14848K) NonClass: 12819K(12992K)->12819K(12992K) Class: 1668K(1856K)->1668K(1856K)
[2026-01-16T09:14:55.602+0000][gc          ] GC(598) Pause Young (Normal) (G1 Evacuation Pause) 432M->387M(1024M) 596.978ms
[2026-01-16T09:14:55.602+0000][gc,cpu      ] GC(598) User=0.43s Sys=0.02s Real=0.59s
[2026-01-16T09:14:57.911+0000][gc,start    ] GC(599) Pause Young (Normal) (G1 Evacuation Pause)
[2026-01-16T09:14:57.914+0000][gc,task     ] GC(599) Using 8 workers of 8 for evacuation
[2026-01-16T09:14:58.209+0000][gc,mmu      ] GC(599) MMU target violated: 201.0ms (200.0ms/201.0ms)
[2026-01-16T09:14:58.210+0000][gc,phases   ] GC(599)   Pre Evacuate Collection Set: 54.8ms
[2026-01-16T09:14:58.211+0000][gc,phases   ] GC(599)   Merge Heap Roots: 2.2ms
[2026-01-16T09:14:58.211+0000][gc,phases   ] GC(599)   Evacuate Collection Set: 222.2ms
[2026-01-16T09:14:58.211+0000][gc,phases   ] GC(599)   Post Evacuate Collection Set: 12.3ms
[2026-01-16T09:14:58.211+0000][gc,phases   ] GC(599)   Other: 4.8ms
[2026-01-16T09:14:58.211+0000][gc,heap     ] GC(599) Eden regions: 46->0(46)
[2026-01-16T09:14:58.212+0000][gc,heap     ] GC(599) Survivor regions: 5->5(7)
[2026-01-16T09:14:58.212+0000][gc,heap     ] GC(599) Old regions: 235->236
[2026-01-16T09:14:58.213+0000][gc,heap     ] GC(599) Humongous regions: 149->149
[2026-01-16T09:14:58.214+0000][gc,metaspace] GC(599) Metaspace: 14487K(14848K)->14487K(14848K) NonClass: 12819K(12992K)->12819K(12992K) Class: 1668K(1856K)->1668K(1856K)
[2026-01-16T09:14:58.214+0000][gc          ] GC(599) Pause Young (Normal) (G1 Evacuation Pause) 433M->388M(1024M) 303.773ms
[2026-01-16T09:14:58.215+0000][gc,cpu      ] GC(599) User=0.22s Sys=0.01s Real=0.31s
[2026-01-16T09:14:59.962+0000][gc,start    ] GC(600) Pause Young (Normal) (G1 Evacuation Pause)
[2026-01-16T09:14:59.965+0000][gc,task     ] GC(600) Using 8 workers of 8 for evacuation
[2026-01-16T09:15:00.684+0000][gc,mmu      ] GC(600) MMU target violated: 201.0ms (200.0ms/201.0ms)
[2026-01-16T09:15:00.686+0000][gc,phases   ] GC(600)   Pre Evacuate Collection Set: 64.2ms
[2026-01-16T09:15:00.687+0000][gc,phases   ] GC(600)   Merge Heap Roots: 40.5ms
[2026-01-16T09:15:00.687+0000][gc,phases   ] GC(600)   Evacuate Collection Set: 594.2ms
[2026-01-16T09:15:00.687+0000][gc,phases   ] GC(600)   Post Evacuate Collection Set: 5.4ms
[2026-01-16T09:15:00.687+0000][gc,phases   ] GC(600)   Other: 16.9ms
[2026-01-16T09:15:00.687+0000][gc,heap     ] GC(600) Eden regions: 46->0(46)
[2026-01-16T09:15:00.687+0000][gc,heap     ] GC(600) Survivor regions: 5->5(7)
[2026-01-16T09:15:00.687+0000][gc,heap     ] GC(600) Old regions: 236->237
[2026-01-16T09:15:00.687+0000][gc,heap     ] GC(600) Humongous regions: 149->149
[2026-01-16T09:15:00.687+0000][gc,metaspace] GC(600) Metaspace: 14488K(14848K)->14488K(14848K) NonClass: 12820K(12992K)->12820K(12992K) Class: 1668K(1856K)->1668K(1856K)
[2026-01-16T09:15:00.687+0000][gc          ] GC(600) Pause Young (Normal) (G1 Evacuation Pause) 434M->389M(1024M) 725.677ms
[2026-01-16T09:15:00.688+0000][gc,cpu      ] GC(600) User=0.28s Sys=0.00s Real=0.73s
[2026-01-16T09:15:02.100+0000][gc,start    ] GC(601) Pause Young (Normal) (G1 Evacuation Pause)
[2026-01-16T09:15:02.102+0000][gc,task     ] GC(601) Using 8 workers of 8 for evacuation
[2026-01-16T09:15:02.624+0000][gc,mmu      ] GC(601) MMU target violated: 201.0ms (200.0ms/201.0ms)
[2026-01-16T09:15:02.630+0000][gc,phases   ] GC(601)   Pre Evacuate Collection Set: 38.0ms
[2026-01-16T09:15:02.631+0000][gc,phases   ] GC(601)   Merge Heap Roots: 5.4ms
[2026-01-16T09:15:02.632+0000][gc,phases   ] GC(601)   Evacuate Collection Set: 465.5ms
[2026-01-16T09:15:02.633+0000][gc,phases   ] GC(601)   Post Evacuate Collection Set: 12.4ms
[2026-01-16T09:15:02.634+0000][gc,phases   ] GC(601)   Other: 7.3ms
[2026-01-16T09:15:02.635+0000][gc,heap     ] GC(601) Eden regions: 46->0(47)
[2026-01-16T09:15:02.636+0000][gc,heap     ] GC(601) Survivor regions: 5->4(7)
[2026-01-16T09:15:02.637+0000][gc,heap     ] GC(601) Old regions: 237->237
[2026-01-16T09:15:02.638+0000][gc,heap     ] GC(601) Humongous regions: 149->149
[2026-01-16T09:15:02.639+0000][gc,metaspace] GC(601) Metaspace: 14488K(14848K)->14488K(14848K) NonClass: 12820K(12992K)->12820K(12992K) Class: 1668K(1856K)->1668K(1856K)
[2026-01-16T09:15:02.639+0000][gc          ] GC(601) Pause Young (Normal) (G1 Evacuation Pause) 435M->389M(1024M) 539.160ms
[2026-01-16T09:15:02.640+0000][gc,cpu      ] GC(601) User=0.23s Sys=0.02s Real=0.54s
[2026-01-16T09:15:04.177+0000][gc,start    ] GC(602) Pause Young (Normal) (G1 Evacuation Pause)
[2026-01-16T09:15:04.179+0000][gc,task     ] GC(602) Using 8 workers of 8 for evacuation
[2026-01-16T09:15:04.694+0000][gc,mmu      ] GC(602) MMU target violated: 201.0ms (200.0ms/201.0ms)
[2026-01-16T09:15:04.703+0000][gc,phases   ] GC(602)   Pre Evacuate Collection Set: 17.4ms
[2026-01-16T09:15:04.710+0000][gc,phases   ] GC(602)   Merge Heap Roots: 10.0ms
[2026-01-16T09:15:04.712+0000][gc,phases   ] GC(602)   Evacuate Collection Set: 466.2ms
[2026-01-16T09:15:04.713+0000][gc,phases   ] GC(602)   Post Evacuate Collection Set: 16.7ms
[2026-01-16T09:15:04.719+0000][gc,phases   ] GC(602)   Other: 13.7ms
[2026-01-16T09:15:04.720+0000][gc,heap     ] GC(602) Eden regions: 47->0(46)
[2026-01-16T09:15:04.724+0000][gc,heap     ] GC(602) Survivor regions: 4->5(7)
[2026-01-16T09:15:04.725+0000][gc,heap     ] GC(602) Old regions: 237->238
[2026-01-16T09:15:04.728+0000][gc,heap     ] GC(602) Humongous regions: 149->149
[2026-01-16T09:15:04.731+0000][gc,metaspace] GC(602) Metaspace: 14488K(14848K)->14488K(14848K) NonClass: 12820K(12992K)->12820K(12992K) Class: 1668K(1856K)->1668K(1856K)
[2026-01-16T09:15:04.735+0000][gc          ] GC(602) Pause Young (Normal) (G1 Evacuation Pause) 436M->390M(1024M) 557.600ms
[2026-01-16T09:15:04.735+0000][gc,cpu      ] GC(602) User=0.30s Sys=0.06s Real=0.56s
[2026-01-16T09:15:05.913+0000][gc,start    ] GC(603) Pause Young (Normal) (G1 Evacuation Pause)
[2026-01-16T09:15:05.915+0000][gc,task     ] GC(603) Using 8 workers of 8 for evacuation
[2026-01-16T09:15:06.130+0000][gc,mmu      ] GC(603) MMU target violated: 201.0ms (200.0ms/201.0ms)
[2026-01-16T09:15:06.131+0000][gc,phases   ] GC(603)   Pre Evacuate Collection Set: 7.4ms
[2026-01-16T09:15:06.131+0000][gc,phases   ] GC(603)   Merge Heap Roots: 2.2ms
[2026-01-16T09:15:06.131+0000][gc,phases   ] GC(603)   Evacuate Collection Set: 183.0ms
[2026-01-16T09:15:06.132+0000][gc,phases   ] GC(603)   Post Evacuate Collection Set: 21.4ms
[2026-01-16T09:15:06.132+0000][gc,phases   ] GC(603)   Other: 2.2ms
[2026-01-16T09:15:06.132+0000][gc,heap     ] GC(603) Eden regions: 46->0(46)
[2026-01-16T09:15:06.133+0000][gc,heap     ] GC(603) Survivor regions: 5->5(7)
[2026-01-16T09:15:06.133+0000][gc,heap     ] GC(603) Old regions: 238->239
[2026-01-16T09:15:06.133+0000][gc,heap     ] GC(603) Humongous regions: 149->149
[2026-01-16T09:15:06.145+0000][gc,metaspace] GC(603) Metaspace: 14488K(14848K)->14488K(14848K) NonClass: 12820K(12992K)->12820K(12992K) Class: 1668K(1856K)->1668K(1856K)
[2026-01-16T09:15:06.153+0000][gc          ] GC(603) Pause Young (Normal) (G1 Evacuation Pause) 436M->391M(1024M) 239.737ms
[2026-01-16T09:15:06.168+0000][gc,cpu      ] GC(603) User=0.16s Sys=0.01s Real=0.26s
[2026-01-16T09:15:06.750+0000][gc,start    ] GC(604) Pause Young (Normal) (G1 Evacuation Pause)
[2026-01-16T09:15:06.750+0000][gc,task     ] GC(604) Using 8 workers of 8 for evacuation
[2026-01-16T09:15:06.850+0000][gc,phases   ] GC(604)   Pre Evacuate Collection Set: 1.6ms
[2026-01-16T09:15:06.851+0000][gc,phases   ] GC(604)   Merge Heap Roots: 0.4ms
[2026-01-16T09:15:06.851+0000][gc,phases   ] GC(604)   Evacuate Collection Set: 93.2ms
[2026-01-16T09:15:06.852+0000][gc,phases   ] GC(604)   Post Evacuate Collection Set: 4.1ms
[2026-01-16T09:15:06.852+0000][gc,phases   ] GC(604)   Other: 0.7ms
[2026-01-16T09:15:06.853+0000][gc,heap     ] GC(604) Eden regions: 46->0(47)
[2026-01-16T09:15:06.854+0000][gc,heap     ] GC(604) Survivor regions: 5->4(7)
[2026-01-16T09:15:06.854+0000][gc,heap     ] GC(604) Old regions: 239->240
[2026-01-16T09:15:06.854+0000][gc,heap     ] GC(604) Humongous regions: 149->149
[2026-01-16T09:15:06.854+0000][gc,metaspace] GC(604) Metaspace: 14488K(14848K)->14488K(14848K) NonClass: 12820K(12992K)->12820K(12992K) Class: 1668K(1856K)->1668K(1856K)
[2026-01-16T09:15:06.855+0000][gc          ] GC(604) Pause Young (Normal) (G1 Evacuation Pause) 437M->392M(1024M) 105.555ms
[2026-01-16T09:15:06.858+0000][gc,cpu      ] GC(604) User=0.09s Sys=0.00s Real=0.11s
[2026-01-16T09:15:07.473+0000][gc,start    ] GC(605) Pause Young (Normal) (G1 Evacuation Pause)
[2026-01-16T09:15:07.478+0000][gc,task     ] GC(605) Using 8 workers of 8 for evacuation
[2026-01-16T09:15:07.704+0000][gc,mmu      ] GC(605) MMU target violated: 201.0ms (200.0ms/201.0ms)
[2026-01-16T09:15:07.705+0000][gc,phases   ] GC(605)   Pre Evacuate Collection Set: 28.9ms
[2026-01-16T09:15:07.705+0000][gc,phases   ] GC(605)   Merge Heap Roots: 8.0ms
[2026-01-16T09:15:07.706+0000][gc,phases   ] GC(605)   Evacuate Collection Set: 163.5ms
[2026-01-16T09:15:07.706+0000][gc,phases   ] GC(605)   Post Evacuate Collection Set: 19.5ms
[2026-01-16T09:15:07.707+0000][gc,phases   ] GC(605)   Other: 7.4ms
[2026-01-16T09:15:07.707+0000][gc,heap     ] GC(605) Eden regions: 47->0(46)
[2026-01-16T09:15:07.709+0000][gc,heap     ] GC(605) Survivor regions: 4->5(7)
[2026-01-16T09:15:07.709+0000][gc,heap     ] GC(605) Old regions: 240->240
[2026-01-16T09:15:07.709+0000][gc,heap     ] GC(605) Humongous regions: 149->149
[2026-01-16T09:15:07.709+0000][gc,metaspace] GC(605) Metaspace: 14488K(14848K)->14488K(14848K) NonClass: 12820K(12992K)->12820K(12992K) Class: 1668K(1856K)->1668K(1856K)
[2026-01-16T09:15:07.710+0000][gc          ] GC(605) Pause Young (Normal) (G1 Evacuation Pause) 439M->393M(1024M) 236.896ms
[2026-01-16T09:15:07.710+0000][gc,cpu      ] GC(605) User=0.17s Sys=0.01s Real=0.24s
[2026-01-16T09:15:08.449+0000][gc,start    ] GC(606) Pause Young (Normal) (G1 Evacuation Pause)
[2026-01-16T09:15:08.452+0000][gc,task     ] GC(606) Using 8 workers of 8 for evacuation
[2026-01-16T09:15:08.552+0000][gc,phases   ] GC(606)   Pre Evacuate Collection Set: 2.8ms
[2026-01-16T09:15:08.553+0000][gc,phases   ] GC(606)   Merge Heap Roots: 2.6ms
[2026-01-16T09:15:08.554+0000][gc,phases   ] GC(606)   Evacuate Collection Set: 90.1ms
[2026-01-16T09:15:08.556+0000][gc,phases   ] GC(606)   Post Evacuate Collection Set: 3.9ms
[2026-01-16T09:15:08.559+0000][gc,phases   ] GC(606)   Other: 0.7ms
[2026-01-16T09:15:08.560+0000][gc,heap     ] GC(606) Eden regions: 46->0(46)
[2026-01-16T09:15:08.561+0000][gc,heap     ] GC(606) Survivor regions: 5->5(7)
[2026-01-16T09:15:08.565+0000][gc,heap     ] GC(606) Old regions: 240->241
[2026-01-16T09:15:08.567+0000][gc,heap     ] GC(606) Humongous regions: 149->149
[2026-01-16T09:15:08.569+0000][gc,metaspace] GC(606) Metaspace: 14488K(14848K)->14488K(14848K) NonClass: 12820K(12992K)->12820K(12992K) Class: 1668K(1856K)->1668K(1856K)
[2026-01-16T09:15:08.570+0000][gc          ] GC(606) Pause Young (Normal) (G1 Evacuation Pause) 439M->393M(1024M) 121.218ms
[2026-01-16T09:15:08.571+0000][gc,cpu      ] GC(606) User=0.11s Sys=0.00s Real=0.12s
[2026-01-16T09:15:10.524+0000][gc,start    ] GC(607) Pause Young (Normal) (G1 Evacuation Pause)
[2026-01-16T09:15:10.527+0000][gc,task     ] GC(607) Using 8 workers of 8 for evacuation
[2026-01-16T09:15:11.042+0000][gc,mmu      ] GC(607) MMU target violated: 201.0ms (200.0ms/201.0ms)
[2026-01-16T09:15:11.044+0000][gc,phases   ] GC(607)   Pre Evacuate Collection Set: 35.6ms
[2026-01-16T09:15:11.049+0000][gc,phases   ] GC(607)   Merge Heap Roots: 5.9ms
[2026-01-16T09:15:11.052+0000][gc,phases   ] GC(607)   Evacuate Collection Set: 456.0ms
[2026-01-16T09:15:11.052+0000][gc,phases   ] GC(607)   Post Evacuate Collection Set: 11.5ms
[2026-01-16T09:15:11.052+0000][gc,phases   ] GC(607)   Other: 7.9ms
[2026-01-16T09:15:11.095+0000][gc,heap     ] GC(607) Eden regions: 46->0(46)
[2026-01-16T09:15:11.096+0000][gc,heap     ] GC(607) Survivor regions: 5->5(7)
[2026-01-16T09:15:11.097+0000][gc,heap     ] GC(607) Old regions: 241->241
[2026-01-16T09:15:11.097+0000][gc,heap     ] GC(607) Humongous regions: 149->149
[2026-01-16T09:15:11.097+0000][gc,metaspace] GC(607) Metaspace: 14488K(14848K)->14488K(14848K) NonClass: 12820K(12992K)->12820K(12992K) Class: 1668K(1856K)->1668K(1856K)
[2026-01-16T09:15:11.098+0000][gc          ] GC(607) Pause Young (Normal) (G1 Evacuation Pause) 439M->394M(1024M) 574.078ms
[2026-01-16T09:15:11.101+0000][gc,cpu      ] GC(607) User=0.30s Sys=0.05s Real=0.58s
[2026-01-16T09:15:12.918+0000][gc,start    ] GC(608) Pause Young (Normal) (G1 Evacuation Pause)
[2026-01-16T09:15:12.922+0000][gc,task     ] GC(608) Using 8 workers of 8 for evacuation
[2026-01-16T09:15:13.463+0000][gc,mmu      ] GC(608) MMU target violated: 201.0ms (200.0ms/201.0ms)
[2026-01-16T09:15:13.463+0000][gc,phases   ] GC(608)   Pre Evacuate Collection Set: 15.3ms
[2026-01-16T09:15:13.465+0000][gc,phases   ] GC(608)   Merge Heap Roots: 5.6ms
[2026-01-16T09:15:13.467+0000][gc,phases   ] GC(608)   Evacuate Collection Set: 511.0ms
[2026-01-16T09:15:13.469+0000][gc,phases   ] GC(608)   Post Evacuate Collection Set: 6.3ms
[2026-01-16T09:15:13.473+0000][gc,phases   ] GC(608)   Other: 3.4ms
[2026-01-16T09:15:13.475+0000][gc,heap     ] GC(608) Eden regions: 46->0(46)
[2026-01-16T09:15:13.478+0000][gc,heap     ] GC(608) Survivor regions: 5->5(7)
[2026-01-16T09:15:13.478+0000][gc,heap     ] GC(608) Old regions: 241->242
[2026-01-16T09:15:13.478+0000][gc,heap     ] GC(608) Humongous regions: 149->149
[2026-01-16T09:15:13.481+0000][gc,metaspace] GC(608) Metaspace: 14489K(14848K)->14489K(14848K) NonClass: 12821K(12992K)->12821K(12992K) Class: 1668K(1856K)->1668K(1856K)
[2026-01-16T09:15:13.483+0000][gc          ] GC(608) Pause Young (Normal) (G1 Evacuation Pause) 440M->395M(1024M) 564.795ms
[2026-01-16T09:15:13.487+0000][gc,cpu      ] GC(608) User=0.30s Sys=0.03s Real=0.56s
[2026-01-16T09:15:15.423+0000][gc,start    ] GC(609) Pause Young (Normal) (G1 Evacuation Pause)
[2026-01-16T09:15:15.423+0000][gc,task     ] GC(609) Using 8 workers of 8 for evacuation
[2026-01-16T09:15:16.018+0000][gc,mmu      ] GC(609) MMU target violated: 201.0ms (200.0ms/201.0ms)
[2026-01-16T09:15:16.023+0000][gc,phases   ] GC(609)   Pre Evacuate Collection Set: 47.1ms
[2026-01-16T09:15:16.024+0000][gc,phases   ] GC(609)   Merge Heap Roots: 11.8ms
[2026-01-16T09:15:16.024+0000][gc,phases   ] GC(609)   Evacuate Collection Set: 484.5ms
[2026-01-16T09:15:16.024+0000][gc,phases   ] GC(609)   Post Evacuate Collection Set: 50.2ms
[2026-01-16T09:15:16.024+0000][gc,phases   ] GC(609)   Other: 5.9ms
[2026-01-16T09:15:16.025+0000][gc,heap     ] GC(609) Eden regions: 46->0(46)
[2026-01-16T09:15:16.026+0000][gc,heap     ] GC(609) Survivor regions: 5->5(7)
[2026-01-16T09:15:16.026+0000][gc,heap     ] GC(609) Old regions: 242->243
[2026-01-16T09:15:16.027+0000][gc,heap     ] GC(609) Humongous regions: 149->149
[2026-01-16T09:15:16.027+0000][gc,metaspace] GC(609) Metaspace: 14492K(14848K)->14492K(14848K) NonClass: 12824K(12992K)->12824K(12992K) Class: 1668K(1856K)->1668K(1856K)
[2026-01-16T09:15:16.028+0000][gc          ] GC(609) Pause Young (Normal) (G1 Evacuation Pause) 441M->396M(1024M) 605.464ms
[2026-01-16T09:15:16.029+0000][gc,cpu      ] GC(609) User=0.36s Sys=0.02s Real=0.61s
[2026-01-16T09:15:17.388+0000][gc,start    ] GC(610) Pause Young (Normal) (G1 Evacuation Pause)
[2026-01-16T09:15:17.395+0000][gc,task     ] GC(610) Using 8 workers of 8 for evacuation
[2026-01-16T09:15:17.777+0000][gc,mmu      ] GC(610) MMU target violated: 201.0ms (200.0ms/201.0ms)
[2026-01-16T09:15:17.779+0000][gc,phases   ] GC(610)   Pre Evacuate Collection Set: 29.8ms
[2026-01-16T09:15:17.779+0000][gc,phases   ] GC(610)   Merge Heap Roots: 7.2ms
[2026-01-16T09:15:17.779+0000][gc,phases   ] GC(610)   Evacuate Collection Set: 330.1ms
[2026-01-16T09:15:17.779+0000][gc,phases   ] GC(610)   Post Evacuate Collection Set: 11.3ms
[2026-01-16T09:15:17.779+0000][gc,phases   ] GC(610)   Other: 5.9ms
[2026-01-16T09:15:17.780+0000][gc,heap     ] GC(610) Eden regions: 46->0(47)
[2026-01-16T09:15:17.780+0000][gc,heap     ] GC(610) Survivor regions: 5->4(7)
[2026-01-16T09:15:17.781+0000][gc,heap     ] GC(610) Old regions: 243->244
[2026-01-16T09:15:17.781+0000][gc,heap     ] GC(610) Humongous regions: 149->149
[2026-01-16T09:15:17.782+0000][gc,metaspace] GC(610) Metaspace: 14493K(14848K)->14493K(14848K) NonClass: 12825K(12992K)->12825K(12992K) Class: 1668K(1856K)->1668K(1856K)
[2026-01-16T09:15:17.782+0000][gc          ] GC(610) Pause Young (Normal) (G1 Evacuation Pause) 442M->396M(1024M) 393.800ms
[2026-01-16T09:15:17.782+0000][gc,cpu      ] GC(610) User=0.23s Sys=0.01s Real=0.39s
[2026-01-16T09:15:19.044+0000][gc,start    ] GC(611) Pause Young (Normal) (G1 Evacuation Pause)
[2026-01-16T09:15:19.053+0000][gc,task     ] GC(611) Using 8 workers of 8 for evacuation
[2026-01-16T09:15:19.559+0000][gc,mmu      ] GC(611) MMU target violated: 201.0ms (200.0ms/201.0ms)
[2026-01-16T09:15:19.560+0000][gc,phases   ] GC(611)   Pre Evacuate Collection Set: 11.2ms
[2026-01-16T09:15:19.560+0000][gc,phases   ] GC(611)   Merge Heap Roots: 6.9ms
[2026-01-16T09:15:19.561+0000][gc,phases   ] GC(611)   Evacuate Collection Set: 482.2ms
[2026-01-16T09:15:19.561+0000][gc,phases   ] GC(611)   Post Evacuate Collection Set: 5.2ms
[2026-01-16T09:15:19.562+0000][gc,phases   ] GC(611)   Other: 1.6ms
[2026-01-16T09:15:19.563+0000][gc,heap     ] GC(611) Eden regions: 47->0(46)
[2026-01-16T09:15:19.563+0000][gc,heap     ] GC(611) Survivor regions: 4->5(7)
[2026-01-16T09:15:19.563+0000][gc,heap     ] GC(611) Old regions: 244->244
[2026-01-16T09:15:19.563+0000][gc,heap     ] GC(611) Humongous regions: 149->149
[2026-01-16T09:15:19.563+0000][gc,metaspace] GC(611) Metaspace: 14494K(14848K)->14494K(14848K) NonClass: 12826K(12992K)->12826K(12992K) Class: 1668K(1856K)->1668K(1856K)
[2026-01-16T09:15:19.566+0000][gc          ] GC(611) Pause Young (Normal) (G1 Evacuation Pause) 443M->397M(1024M) 521.821ms
[2026-01-16T09:15:19.566+0000][gc,cpu      ] GC(611) User=0.25s Sys=0.01s Real=0.52s
[2026-01-16T09:15:21.099+0000][gc,start    ] GC(612) Pause Young (Normal) (G1 Evacuation Pause)
[2026-01-16T09:15:21.102+0000][gc,task     ] GC(612) Using 8 workers of 8 for evacuation
[2026-01-16T09:15:21.390+0000][gc,mmu      ] GC(612) MMU target violated: 201.0ms (200.0ms/201.0ms)
[2026-01-16T09:15:21.392+0000][gc,phases   ] GC(612)   Pre Evacuate Collection Set: 24.8ms
[2026-01-16T09:15:21.392+0000][gc,phases   ] GC(612)   Merge Heap Roots: 2.5ms
[2026-01-16T09:15:21.392+0000][gc,phases   ] GC(612)   Evacuate Collection Set: 246.0ms
[2026-01-16T09:15:21.393+0000][gc,phases   ] GC(612)   Post Evacuate Collection Set: 11.5ms
[2026-01-16T09:15:21.396+0000][gc,phases   ] GC(612)   Other: 5.9ms
[2026-01-16T09:15:21.397+0000][gc,heap     ] GC(612) Eden regions: 46->0(47)
[2026-01-16T09:15:21.397+0000][gc,heap     ] GC(612) Survivor regions: 5->4(7)
[2026-01-16T09:15:21.397+0000][gc,heap     ] GC(612) Old regions: 244->246
[2026-01-16T09:15:21.397+0000][gc,heap     ] GC(612) Humongous regions: 149->149
[2026-01-16T09:15:21.397+0000][gc,metaspace] GC(612) Metaspace: 14494K(14848K)->14494K(14848K) NonClass: 12826K(12992K)->12826K(12992K) Class: 1668K(1856K)->1668K(1856K)
[2026-01-16T09:15:21.397+0000][gc          ] GC(612) Pause Young (Normal) (G1 Evacuation Pause) 443M->398M(1024M) 298.181ms
[2026-01-16T09:15:21.398+0000][gc,cpu      ] GC(612) User=0.21s Sys=0.01s Real=0.30s
[2026-01-16T09:15:22.994+0000][gc,start    ] GC(613) Pause Young (Normal) (G1 Evacuation Pause)
[2026-01-16T09:15:22.995+0000][gc,task     ] GC(613) Using 8 workers of 8 for evacuation
[2026-01-16T09:15:23.386+0000][gc,mmu      ] GC(613) MMU target violated: 201.0ms (200.0ms/201.0ms)
[2026-01-16T09:15:23.388+0000][gc,phases   ] GC(613)   Pre Evacuate Collection Set: 45.4ms
[2026-01-16T09:15:23.389+0000][gc,phases   ] GC(613)   Merge Heap Roots: 94.4ms
[2026-01-16T09:15:23.389+0000][gc,phases   ] GC(613)   Evacuate Collection Set: 237.2ms
[2026-01-16T09:15:23.389+0000][gc,phases   ] GC(613)   Post Evacuate Collection Set: 12.9ms
[2026-01-16T09:15:23.389+0000][gc,phases   ] GC(613)   Other: 3.5ms
[2026-01-16T09:15:23.390+0000][gc,heap     ] GC(613) Eden regions: 47->0(47)
[2026-01-16T09:15:23.390+0000][gc,heap     ] GC(613) Survivor regions: 4->4(7)
[2026-01-16T09:15:23.390+0000][gc,heap     ] GC(613) Old regions: 246->246
[2026-01-16T09:15:23.391+0000][gc,heap     ] GC(613) Humongous regions: 149->149
[2026-01-16T09:15:23.391+0000][gc,metaspace] GC(613) Metaspace: 14494K(14848K)->14494K(14848K) NonClass: 12826K(12992K)->12826K(12992K) Class: 1668K(1856K)->1668K(1856K)
[2026-01-16T09:15:23.392+0000][gc          ] GC(613) Pause Young (Normal) (G1 Evacuation Pause) 445M->398M(1024M) 397.737ms
[2026-01-16T09:15:23.392+0000][gc,cpu      ] GC(613) User=0.20s Sys=0.02s Real=0.40s
[2026-01-16T09:15:24.055+0000][gc,start    ] GC(614) Pause Young (Normal) (G1 Evacuation Pause)
[2026-01-16T09:15:24.056+0000][gc,task     ] GC(614) Using 8 workers of 8 for evacuation
[2026-01-16T09:15:24.128+0000][gc,phases   ] GC(614)   Pre Evacuate Collection Set: 2.2ms
[2026-01-16T09:15:24.130+0000][gc,phases   ] GC(614)   Merge Heap Roots: 1.6ms
[2026-01-16T09:15:24.131+0000][gc,phases   ] GC(614)   Evacuate Collection Set: 64.1ms
[2026-01-16T09:15:24.131+0000][gc,phases   ] GC(614)   Post Evacuate Collection Set: 4.2ms
[2026-01-16T09:15:24.132+0000][gc,phases   ] GC(614)   Other: 0.4ms
[2026-01-16T09:15:24.132+0000][gc,heap     ] GC(614) Eden regions: 47->0(47)
[2026-01-16T09:15:24.132+0000][gc,heap     ] GC(614) Survivor regions: 4->4(7)
[2026-01-16T09:15:24.133+0000][gc,heap     ] GC(614) Old regions: 246->247
[2026-01-16T09:15:24.133+0000][gc,heap     ] GC(614) Humongous regions: 149->149
[2026-01-16T09:15:24.133+0000][gc,metaspace] GC(614) Metaspace: 14494K(14848K)->14494K(14848K) NonClass: 12826K(12992K)->12826K(12992K) Class: 1668K(1856K)->1668K(1856K)
[2026-01-16T09:15:24.134+0000][gc          ] GC(614) Pause Young (Normal) (G1 Evacuation Pause) 445M->399M(1024M) 79.317ms
[2026-01-16T09:15:24.135+0000][gc,cpu      ] GC(614) User=0.09s Sys=0.01s Real=0.08s
[2026-01-16T09:15:25.060+0000][gc,start    ] GC(615) Pause Young (Normal) (G1 Evacuation Pause)
[2026-01-16T09:15:25.071+0000][gc,task     ] GC(615) Using 8 workers of 8 for evacuation
[2026-01-16T09:15:26.265+0000][gc,mmu      ] GC(615) MMU target violated: 201.0ms (200.0ms/201.0ms)
[2026-01-16T09:15:26.268+0000][gc,phases   ] GC(615)   Pre Evacuate Collection Set: 46.1ms
[2026-01-16T09:15:26.272+0000][gc,phases   ] GC(615)   Merge Heap Roots: 9.7ms
[2026-01-16T09:15:26.273+0000][gc,phases   ] GC(615)   Evacuate Collection Set: 860.7ms
[2026-01-16T09:15:26.273+0000][gc,phases   ] GC(615)   Post Evacuate Collection Set: 276.6ms
[2026-01-16T09:15:26.276+0000][gc,phases   ] GC(615)   Other: 4.1ms
[2026-01-16T09:15:26.280+0000][gc,heap     ] GC(615) Eden regions: 47->0(47)
[2026-01-16T09:15:26.281+0000][gc,heap     ] GC(615) Survivor regions: 4->4(7)
[2026-01-16T09:15:26.302+0000][gc,heap     ] GC(615) Old regions: 247->248
[2026-01-16T09:15:26.306+0000][gc,heap     ] GC(615) Humongous regions: 149->149
[2026-01-16T09:15:26.307+0000][gc,metaspace] GC(615) Metaspace: 14494K(14848K)->14494K(14848K) NonClass: 12826K(12992K)->12826K(12992K) Class: 1668K(1856K)->1668K(1856K)
[2026-01-16T09:15:26.311+0000][gc          ] GC(615) Pause Young (Normal) (G1 Evacuation Pause) 446M->400M(1024M) 1251.170ms
[2026-01-16T09:15:26.314+0000][gc,cpu      ] GC(615) User=0.36s Sys=0.05s Real=1.25s
[2026-01-16T09:15:28.674+0000][gc,start    ] GC(616) Pause Young (Normal) (G1 Evacuation Pause)
[2026-01-16T09:15:28.677+0000][gc,task     ] GC(616) Using 8 workers of 8 for evacuation
[2026-01-16T09:15:29.650+0000][gc,mmu      ] GC(616) MMU target violated: 201.0ms (200.0ms/201.0ms)
[2026-01-16T09:15:29.655+0000][gc,phases   ] GC(616)   Pre Evacuate Collection Set: 11.8ms
[2026-01-16T09:15:29.655+0000][gc,phases   ] GC(616)   Merge Heap Roots: 4.5ms
[2026-01-16T09:15:29.655+0000][gc,phases   ] GC(616)   Evacuate Collection Set: 943.4ms
[2026-01-16T09:15:29.655+0000][gc,phases   ] GC(616)   Post Evacuate Collection Set: 10.3ms
[2026-01-16T09:15:29.656+0000][gc,phases   ] GC(616)   Other: 8.4ms
[2026-01-16T09:15:29.656+0000][gc,heap     ] GC(616) Eden regions: 47->0(47)
[2026-01-16T09:15:29.657+0000][gc,heap     ] GC(616) Survivor regions: 4->4(7)
[2026-01-16T09:15:29.658+0000][gc,heap     ] GC(616) Old regions: 248->249
[2026-01-16T09:15:29.659+0000][gc,heap     ] GC(616) Humongous regions: 149->149
[2026-01-16T09:15:29.659+0000][gc,metaspace] GC(616) Metaspace: 14495K(14848K)->14495K(14848K) NonClass: 12827K(12992K)->12827K(12992K) Class: 1668K(1856K)->1668K(1856K)
[2026-01-16T09:15:29.660+0000][gc          ] GC(616) Pause Young (Normal) (G1 Evacuation Pause) 447M->400M(1024M) 986.270ms
[2026-01-16T09:15:29.661+0000][gc,cpu      ] GC(616) User=0.47s Sys=0.04s Real=0.99s
[2026-01-16T09:15:33.723+0000][gc,start    ] GC(617) Pause Young (Normal) (G1 Evacuation Pause)
[2026-01-16T09:15:33.758+0000][gc,task     ] GC(617) Using 8 workers of 8 for evacuation
[2026-01-16T09:15:34.531+0000][gc,mmu      ] GC(617) MMU target violated: 201.0ms (200.0ms/201.0ms)
[2026-01-16T09:15:34.532+0000][gc,phases   ] GC(617)   Pre Evacuate Collection Set: 202.5ms
[2026-01-16T09:15:34.533+0000][gc,phases   ] GC(617)   Merge Heap Roots: 20.0ms
[2026-01-16T09:15:34.535+0000][gc,phases   ] GC(617)   Evacuate Collection Set: 523.1ms
[2026-01-16T09:15:34.537+0000][gc,phases   ] GC(617)   Post Evacuate Collection Set: 25.4ms
[2026-01-16T09:15:34.537+0000][gc,phases   ] GC(617)   Other: 24.7ms
[2026-01-16T09:15:34.538+0000][gc,heap     ] GC(617) Eden regions: 47->0(46)
[2026-01-16T09:15:34.540+0000][gc,heap     ] GC(617) Survivor regions: 4->5(7)
[2026-01-16T09:15:34.545+0000][gc,heap     ] GC(617) Old regions: 249->249
[2026-01-16T09:15:34.545+0000][gc,heap     ] GC(617) Humongous regions: 149->149
[2026-01-16T09:15:34.545+0000][gc,metaspace] GC(617) Metaspace: 14499K(14848K)->14499K(14848K) NonClass: 12831K(12992K)->12831K(12992K) Class: 1668K(1856K)->1668K(1856K)
[2026-01-16T09:15:34.547+0000][gc          ] GC(617) Pause Young (Normal) (G1 Evacuation Pause) 447M->401M(1024M) 822.924ms
[2026-01-16T09:15:34.548+0000][gc,cpu      ] GC(617) User=0.44s Sys=0.05s Real=0.83s
[2026-01-16T09:15:38.684+0000][gc,start    ] GC(618) Pause Young (Normal) (G1 Evacuation Pause)
[2026-01-16T09:15:38.710+0000][gc,task     ] GC(618) Using 8 workers of 8 for evacuation
[2026-01-16T09:15:40.040+0000][gc,mmu      ] GC(618) MMU target violated: 201.0ms (200.0ms/201.0ms)
[2026-01-16T09:15:40.046+0000][gc,phases   ] GC(618)   Pre Evacuate Collection Set: 197.7ms
[2026-01-16T09:15:40.046+0000][gc,phases   ] GC(618)   Merge Heap Roots: 23.1ms
[2026-01-16T09:15:40.046+0000][gc,phases   ] GC(618)   Evacuate Collection Set: 1059.8ms
[2026-01-16T09:15:40.046+0000][gc,phases   ] GC(618)   Post Evacuate Collection Set: 47.6ms
[2026-01-16T09:15:40.047+0000][gc,phases   ] GC(618)   Other: 18.4ms
[2026-01-16T09:15:40.047+0000][gc,heap     ] GC(618) Eden regions: 46->0(46)
[2026-01-16T09:15:40.047+0000][gc,heap     ] GC(618) Survivor regions: 5->5(7)
[2026-01-16T09:15:40.047+0000][gc,heap     ] GC(618) Old regions: 249->249
[2026-01-16T09:15:40.047+0000][gc,heap     ] GC(618) Humongous regions: 149->149
[2026-01-16T09:15:40.047+0000][gc,metaspace] GC(618) Metaspace: 14503K(14848K)->14503K(14848K) NonClass: 12835K(12992K)->12835K(12992K) Class: 1668K(1856K)->1668K(1856K)
[2026-01-16T09:15:40.047+0000][gc          ] GC(618) Pause Young (Normal) (G1 Evacuation Pause) 447M->402M(1024M) 1363.047ms
[2026-01-16T09:15:40.048+0000][gc,cpu      ] GC(618) User=0.71s Sys=0.07s Real=1.36s
[2026-01-16T09:15:43.620+0000][gc,start    ] GC(619) Pause Young (Normal) (G1 Evacuation Pause)
[2026-01-16T09:15:43.621+0000][gc,task     ] GC(619) Using 8 workers of 8 for evacuation
[2026-01-16T09:15:44.086+0000][gc,mmu      ] GC(619) MMU target violated: 201.0ms (200.0ms/201.0ms)
[2026-01-16T09:15:44.088+0000][gc,phases   ] GC(619)   Pre Evacuate Collection Set: 19.4ms
[2026-01-16T09:15:44.089+0000][gc,phases   ] GC(619)   Merge Heap Roots: 9.6ms
[2026-01-16T09:15:44.089+0000][gc,phases   ] GC(619)   Evacuate Collection Set: 420.3ms
[2026-01-16T09:15:44.090+0000][gc,phases   ] GC(619)   Post Evacuate Collection Set: 14.6ms
[2026-01-16T09:15:44.091+0000][gc,phases   ] GC(619)   Other: 3.2ms
[2026-01-16T09:15:44.091+0000][gc,heap     ] GC(619) Eden regions: 46->0(47)
[2026-01-16T09:15:44.091+0000][gc,heap     ] GC(619) Survivor regions: 5->4(7)
[2026-01-16T09:15:44.092+0000][gc,heap     ] GC(619) Old regions: 249->251
[2026-01-16T09:15:44.092+0000][gc,heap     ] GC(619) Humongous regions: 149->149
[2026-01-16T09:15:44.093+0000][gc,metaspace] GC(619) Metaspace: 14517K(14848K)->14517K(14848K) NonClass: 12849K(12992K)->12849K(12992K) Class: 1668K(1856K)->1668K(1856K)
[2026-01-16T09:15:44.097+0000][gc          ] GC(619) Pause Young (Normal) (G1 Evacuation Pause) 448M->402M(1024M) 476.152ms
[2026-01-16T09:15:44.098+0000][gc,cpu      ] GC(619) User=0.33s Sys=0.02s Real=0.48s
[2026-01-16T09:15:46.478+0000][gc,start    ] GC(620) Pause Young (Normal) (G1 Evacuation Pause)
[2026-01-16T09:15:46.479+0000][gc,task     ] GC(620) Using 8 workers of 8 for evacuation
[2026-01-16T09:15:47.200+0000][gc,mmu      ] GC(620) MMU target violated: 201.0ms (200.0ms/201.0ms)
[2026-01-16T09:15:47.200+0000][gc,phases   ] GC(620)   Pre Evacuate Collection Set: 108.0ms
[2026-01-16T09:15:47.201+0000][gc,phases   ] GC(620)   Merge Heap Roots: 39.6ms
[2026-01-16T09:15:47.202+0000][gc,phases   ] GC(620)   Evacuate Collection Set: 547.8ms
[2026-01-16T09:15:47.202+0000][gc,phases   ] GC(620)   Post Evacuate Collection Set: 5.0ms
[2026-01-16T09:15:47.202+0000][gc,phases   ] GC(620)   Other: 21.1ms
[2026-01-16T09:15:47.203+0000][gc,heap     ] GC(620) Eden regions: 47->0(46)
[2026-01-16T09:15:47.203+0000][gc,heap     ] GC(620) Survivor regions: 4->5(7)
[2026-01-16T09:15:47.204+0000][gc,heap     ] GC(620) Old regions: 251->251
[2026-01-16T09:15:47.205+0000][gc,heap     ] GC(620) Humongous regions: 149->149
[2026-01-16T09:15:47.205+0000][gc,metaspace] GC(620) Metaspace: 14519K(14848K)->14519K(14848K) NonClass: 12851K(12992K)->12851K(12992K) Class: 1668K(1856K)->1668K(1856K)
[2026-01-16T09:15:47.206+0000][gc          ] GC(620) Pause Young (Normal) (G1 Evacuation Pause) 449M->403M(1024M) 727.545ms
[2026-01-16T09:15:47.207+0000][gc,cpu      ] GC(620) User=0.26s Sys=0.02s Real=0.78s
[2026-01-16T09:15:48.968+0000][gc,start    ] GC(621) Pause Young (Normal) (G1 Evacuation Pause)
[2026-01-16T09:15:48.988+0000][gc,task     ] GC(621) Using 8 workers of 8 for evacuation
[2026-01-16T09:15:49.483+0000][gc,mmu      ] GC(621) MMU target violated: 201.0ms (200.0ms/201.0ms)
[2026-01-16T09:15:49.485+0000][gc,phases   ] GC(621)   Pre Evacuate Collection Set: 109.3ms
[2026-01-16T09:15:49.485+0000][gc,phases   ] GC(621)   Merge Heap Roots: 29.1ms
[2026-01-16T09:15:49.485+0000][gc,phases   ] GC(621)   Evacuate Collection Set: 330.8ms
[2026-01-16T09:15:49.485+0000][gc,phases   ] GC(621)   Post Evacuate Collection Set: 12.0ms
[2026-01-16T09:15:49.485+0000][gc,phases   ] GC(621)   Other: 15.2ms
[2026-01-16T09:15:49.485+0000][gc,heap     ] GC(621) Eden regions: 46->0(46)
[2026-01-16T09:15:49.486+0000][gc,heap     ] GC(621) Survivor regions: 5->5(7)
[2026-01-16T09:15:49.486+0000][gc,heap     ] GC(621) Old regions: 251->252
[2026-01-16T09:15:49.488+0000][gc,heap     ] GC(621) Humongous regions: 149->149
[2026-01-16T09:15:49.488+0000][gc,metaspace] GC(621) Metaspace: 14521K(14848K)->14521K(14848K) NonClass: 12853K(12992K)->12853K(12992K) Class: 1668K(1856K)->1668K(1856K)
[2026-01-16T09:15:49.489+0000][gc          ] GC(621) Pause Young (Normal) (G1 Evacuation Pause) 449M->404M(1024M) 521.117ms
[2026-01-16T09:15:49.490+0000][gc,cpu      ] GC(621) User=0.31s Sys=0.01s Real=0.52s
[2026-01-16T09:15:51.630+0000][gc,start    ] GC(622) Pause Young (Normal) (G1 Evacuation Pause)
[2026-01-16T09:15:51.640+0000][gc,task     ] GC(622) Using 8 workers of 8 for evacuation
[2026-01-16T09:15:52.248+0000][gc,mmu      ] GC(622) MMU target violated: 201.0ms (200.0ms/201.0ms)
[2026-01-16T09:15:52.249+0000][gc,phases   ] GC(622)   Pre Evacuate Collection Set: 37.8ms
[2026-01-16T09:15:52.249+0000][gc,phases   ] GC(622)   Merge Heap Roots: 6.8ms
[2026-01-16T09:15:52.251+0000][gc,phases   ] GC(622)   Evacuate Collection Set: 532.6ms
[2026-01-16T09:15:52.252+0000][gc,phases   ] GC(622)   Post Evacuate Collection Set: 21.5ms
[2026-01-16T09:15:52.252+0000][gc,phases   ] GC(622)   Other: 10.2ms
[2026-01-16T09:15:52.252+0000][gc,heap     ] GC(622) Eden regions: 46->0(46)
[2026-01-16T09:15:52.253+0000][gc,heap     ] GC(622) Survivor regions: 5->5(7)
[2026-01-16T09:15:52.253+0000][gc,heap     ] GC(622) Old regions: 252->253
[2026-01-16T09:15:52.253+0000][gc,heap     ] GC(622) Humongous regions: 149->149
[2026-01-16T09:15:52.253+0000][gc,metaspace] GC(622) Metaspace: 14522K(14848K)->14522K(14848K) NonClass: 12854K(12992K)->12854K(12992K) Class: 1668K(1856K)->1668K(1856K)
[2026-01-16T09:15:52.254+0000][gc          ] GC(622) Pause Young (Normal) (G1 Evacuation Pause) 450M->405M(1024M) 624.085ms
[2026-01-16T09:15:52.255+0000][gc,cpu      ] GC(622) User=0.32s Sys=0.01s Real=0.63s
[2026-01-16T09:15:54.074+0000][gc,start    ] GC(623) Pause Young (Normal) (G1 Evacuation Pause)
[2026-01-16T09:15:54.077+0000][gc,task     ] GC(623) Using 8 workers of 8 for evacuation
[2026-01-16T09:15:54.654+0000][gc,mmu      ] GC(623) MMU target violated: 201.0ms (200.0ms/201.0ms)
[2026-01-16T09:15:54.655+0000][gc,phases   ] GC(623)   Pre Evacuate Collection Set: 14.1ms
[2026-01-16T09:15:54.655+0000][gc,phases   ] GC(623)   Merge Heap Roots: 10.1ms
[2026-01-16T09:15:54.658+0000][gc,phases   ] GC(623)   Evacuate Collection Set: 522.6ms
[2026-01-16T09:15:54.665+0000][gc,phases   ] GC(623)   Post Evacuate Collection Set: 25.3ms
[2026-01-16T09:15:54.665+0000][gc,phases   ] GC(623)   Other: 5.8ms
[2026-01-16T09:15:54.666+0000][gc,heap     ] GC(623) Eden regions: 46->0(47)
[2026-01-16T09:15:54.667+0000][gc,heap     ] GC(623) Survivor regions: 5->4(7)
[2026-01-16T09:15:54.667+0000][gc,heap     ] GC(623) Old regions: 253->254
[2026-01-16T09:15:54.667+0000][gc,heap     ] GC(623) Humongous regions: 149->149
[2026-01-16T09:15:54.668+0000][gc,metaspace] GC(623) Metaspace: 14522K(14848K)->14522K(14848K) NonClass: 12854K(12992K)->12854K(12992K) Class: 1668K(1856K)->1668K(1856K)
[2026-01-16T09:15:54.668+0000][gc          ] GC(623) Pause Young (Normal) (G1 Evacuation Pause) 451M->406M(1024M) 594.339ms
[2026-01-16T09:15:54.669+0000][gc,cpu      ] GC(623) User=0.25s Sys=0.01s Real=0.59s
[2026-01-16T09:15:56.498+0000][gc,start    ] GC(624) Pause Young (Normal) (G1 Evacuation Pause)
[2026-01-16T09:15:56.502+0000][gc,task     ] GC(624) Using 8 workers of 8 for evacuation
[2026-01-16T09:15:56.856+0000][gc,mmu      ] GC(624) MMU target violated: 201.0ms (200.0ms/201.0ms)
[2026-01-16T09:15:56.857+0000][gc,phases   ] GC(624)   Pre Evacuate Collection Set: 14.1ms
[2026-01-16T09:15:56.857+0000][gc,phases   ] GC(624)   Merge Heap Roots: 3.9ms
[2026-01-16T09:15:56.861+0000][gc,phases   ] GC(624)   Evacuate Collection Set: 318.9ms
[2026-01-16T09:15:56.862+0000][gc,phases   ] GC(624)   Post Evacuate Collection Set: 16.3ms
[2026-01-16T09:15:56.863+0000][gc,phases   ] GC(624)   Other: 2.0ms
[2026-01-16T09:15:56.863+0000][gc,heap     ] GC(624) Eden regions: 47->0(46)
[2026-01-16T09:15:56.864+0000][gc,heap     ] GC(624) Survivor regions: 4->5(7)
[2026-01-16T09:15:56.867+0000][gc,heap     ] GC(624) Old regions: 254->254
[2026-01-16T09:15:56.868+0000][gc,heap     ] GC(624) Humongous regions: 149->149
[2026-01-16T09:15:56.868+0000][gc,metaspace] GC(624) Metaspace: 14522K(14848K)->14522K(14848K) NonClass: 12854K(12992K)->12854K(12992K) Class: 1668K(1856K)->1668K(1856K)
[2026-01-16T09:15:56.870+0000][gc          ] GC(624) Pause Young (Normal) (G1 Evacuation Pause) 453M->406M(1024M) 371.509ms
[2026-01-16T09:15:56.872+0000][gc,cpu      ] GC(624) User=0.24s Sys=0.01s Real=0.37s
[2026-01-16T09:15:58.498+0000][gc,start    ] GC(625) Pause Young (Normal) (G1 Evacuation Pause)
[2026-01-16T09:15:58.500+0000][gc,task     ] GC(625) Using 8 workers of 8 for evacuation
[2026-01-16T09:15:58.922+0000][gc,mmu      ] GC(625) MMU target violated: 201.0ms (200.0ms/201.0ms)
[2026-01-16T09:15:58.923+0000][gc,phases   ] GC(625)   Pre Evacuate Collection Set: 28.3ms
[2026-01-16T09:15:58.924+0000][gc,phases   ] GC(625)   Merge Heap Roots: 16.3ms
[2026-01-16T09:15:58.925+0000][gc,phases   ] GC(625)   Evacuate Collection Set: 350.2ms
[2026-01-16T09:15:58.925+0000][gc,phases   ] GC(625)   Post Evacuate Collection Set: 26.7ms
[2026-01-16T09:15:58.926+0000][gc,phases   ] GC(625)   Other: 2.1ms
[2026-01-16T09:15:58.927+0000][gc,heap     ] GC(625) Eden regions: 46->0(46)
[2026-01-16T09:15:58.927+0000][gc,heap     ] GC(625) Survivor regions: 5->5(7)
[2026-01-16T09:15:58.932+0000][gc,heap     ] GC(625) Old regions: 254->255
[2026-01-16T09:15:58.933+0000][gc,heap     ] GC(625) Humongous regions: 149->149
[2026-01-16T09:15:58.933+0000][gc,metaspace] GC(625) Metaspace: 14525K(14848K)->14525K(14848K) NonClass: 12857K(12992K)->12857K(12992K) Class: 1668K(1856K)->1668K(1856K)
[2026-01-16T09:15:58.934+0000][gc          ] GC(625) Pause Young (Normal) (G1 Evacuation Pause) 452M->408M(1024M) 435.658ms
[2026-01-16T09:15:58.934+0000][gc,cpu      ] GC(625) User=0.24s Sys=0.07s Real=0.44s
[2026-01-16T09:16:00.284+0000][gc,start    ] GC(626) Pause Young (Normal) (G1 Evacuation Pause)
[2026-01-16T09:16:00.287+0000][gc,task     ] GC(626) Using 8 workers of 8 for evacuation
[2026-01-16T09:16:00.530+0000][gc,mmu      ] GC(626) MMU target violated: 201.0ms (200.0ms/201.0ms)
[2026-01-16T09:16:00.530+0000][gc,phases   ] GC(626)   Pre Evacuate Collection Set: 14.0ms
[2026-01-16T09:16:00.531+0000][gc,phases   ] GC(626)   Merge Heap Roots: 1.7ms
[2026-01-16T09:16:00.531+0000][gc,phases   ] GC(626)   Evacuate Collection Set: 221.7ms
[2026-01-16T09:16:00.532+0000][gc,phases   ] GC(626)   Post Evacuate Collection Set: 3.5ms
[2026-01-16T09:16:00.533+0000][gc,phases   ] GC(626)   Other: 2.2ms
[2026-01-16T09:16:00.536+0000][gc,heap     ] GC(626) Eden regions: 46->0(46)
[2026-01-16T09:16:00.538+0000][gc,heap     ] GC(626) Survivor regions: 5->5(7)
[2026-01-16T09:16:00.538+0000][gc,heap     ] GC(626) Old regions: 255->256
[2026-01-16T09:16:00.539+0000][gc,heap     ] GC(626) Humongous regions: 149->149
[2026-01-16T09:16:00.539+0000][gc,metaspace] GC(626) Metaspace: 14525K(14848K)->14525K(14848K) NonClass: 12857K(12992K)->12857K(12992K) Class: 1668K(1856K)->1668K(1856K)
[2026-01-16T09:16:00.540+0000][gc          ] GC(626) Pause Young (Normal) (G1 Evacuation Pause) 454M->409M(1024M) 255.656ms
[2026-01-16T09:16:00.540+0000][gc,cpu      ] GC(626) User=0.16s Sys=0.01s Real=0.25s
[2026-01-16T09:16:01.637+0000][gc,start    ] GC(627) Pause Young (Normal) (G1 Evacuation Pause)
[2026-01-16T09:16:01.637+0000][gc,task     ] GC(627) Using 8 workers of 8 for evacuation
[2026-01-16T09:16:01.832+0000][gc,phases   ] GC(627)   Pre Evacuate Collection Set: 12.2ms
[2026-01-16T09:16:01.833+0000][gc,phases   ] GC(627)   Merge Heap Roots: 4.1ms
[2026-01-16T09:16:01.833+0000][gc,phases   ] GC(627)   Evacuate Collection Set: 175.5ms
[2026-01-16T09:16:01.833+0000][gc,phases   ] GC(627)   Post Evacuate Collection Set: 1.8ms
[2026-01-16T09:16:01.834+0000][gc,phases   ] GC(627)   Other: 0.5ms
[2026-01-16T09:16:01.834+0000][gc,heap     ] GC(627) Eden regions: 46->0(47)
[2026-01-16T09:16:01.834+0000][gc,heap     ] GC(627) Survivor regions: 5->4(7)
[2026-01-16T09:16:01.835+0000][gc,heap     ] GC(627) Old regions: 256->257
[2026-01-16T09:16:01.835+0000][gc,heap     ] GC(627) Humongous regions: 149->149
[2026-01-16T09:16:01.842+0000][gc,metaspace] GC(627) Metaspace: 14525K(14848K)->14525K(14848K) NonClass: 12857K(12992K)->12857K(12992K) Class: 1668K(1856K)->1668K(1856K)
[2026-01-16T09:16:01.843+0000][gc          ] GC(627) Pause Young (Normal) (G1 Evacuation Pause) 455M->409M(1024M) 206.284ms
[2026-01-16T09:16:01.846+0000][gc,cpu      ] GC(627) User=0.16s Sys=0.01s Real=0.21s
[2026-01-16T09:16:03.719+0000][gc,start    ] GC(628) Pause Young (Normal) (G1 Evacuation Pause)
[2026-01-16T09:16:03.720+0000][gc,task     ] GC(628) Using 8 workers of 8 for evacuation
[2026-01-16T09:16:03.989+0000][gc,mmu      ] GC(628) MMU target violated: 201.0ms (200.0ms/201.0ms)
[2026-01-16T09:16:03.991+0000][gc,phases   ] GC(628)   Pre Evacuate Collection Set: 37.8ms
[2026-01-16T09:16:03.996+0000][gc,phases   ] GC(628)   Merge Heap Roots: 13.9ms
[2026-01-16T09:16:04.014+0000][gc,phases   ] GC(628)   Evacuate Collection Set: 208.4ms
[2026-01-16T09:16:04.016+0000][gc,phases   ] GC(628)   Post Evacuate Collection Set: 6.1ms
[2026-01-16T09:16:04.017+0000][gc,phases   ] GC(628)   Other: 4.9ms
[2026-01-16T09:16:04.019+0000][gc,heap     ] GC(628) Eden regions: 47->0(46)
[2026-01-16T09:16:04.019+0000][gc,heap     ] GC(628) Survivor regions: 4->5(7)
[2026-01-16T09:16:04.019+0000][gc,heap     ] GC(628) Old regions: 257->258
[2026-01-16T09:16:04.019+0000][gc,heap     ] GC(628) Humongous regions: 149->149
[2026-01-16T09:16:04.020+0000][gc,metaspace] GC(628) Metaspace: 14525K(14848K)->14525K(14848K) NonClass: 12857K(12992K)->12857K(12992K) Class: 1668K(1856K)->1668K(1856K)
[2026-01-16T09:16:04.020+0000][gc          ] GC(628) Pause Young (Normal) (G1 Evacuation Pause) 456M->410M(1024M) 301.891ms
[2026-01-16T09:16:04.023+0000][gc,cpu      ] GC(628) User=0.21s Sys=0.00s Real=0.31s
[2026-01-16T09:16:06.450+0000][gc,start    ] GC(629) Pause Young (Normal) (G1 Evacuation Pause)
[2026-01-16T09:16:06.456+0000][gc,task     ] GC(629) Using 8 workers of 8 for evacuation
[2026-01-16T09:16:06.690+0000][gc,mmu      ] GC(629) MMU target violated: 201.0ms (200.0ms/201.0ms)
[2026-01-16T09:16:06.691+0000][gc,phases   ] GC(629)   Pre Evacuate Collection Set: 18.3ms
[2026-01-16T09:16:06.693+0000][gc,phases   ] GC(629)   Merge Heap Roots: 15.6ms
[2026-01-16T09:16:06.694+0000][gc,phases   ] GC(629)   Evacuate Collection Set: 183.2ms
[2026-01-16T09:16:06.694+0000][gc,phases   ] GC(629)   Post Evacuate Collection Set: 12.0ms
[2026-01-16T09:16:06.695+0000][gc,phases   ] GC(629)   Other: 5.8ms
[2026-01-16T09:16:06.697+0000][gc,heap     ] GC(629) Eden regions: 46->0(47)
[2026-01-16T09:16:06.698+0000][gc,heap     ] GC(629) Survivor regions: 5->4(7)
[2026-01-16T09:16:06.700+0000][gc,heap     ] GC(629) Old regions: 258->258
[2026-01-16T09:16:06.701+0000][gc,heap     ] GC(629) Humongous regions: 149->149
[2026-01-16T09:16:06.703+0000][gc,metaspace] GC(629) Metaspace: 14531K(14912K)->14531K(14912K) NonClass: 12863K(13056K)->12863K(13056K) Class: 1668K(1856K)->1668K(1856K)
[2026-01-16T09:16:06.707+0000][gc          ] GC(629) Pause Young (Normal) (G1 Evacuation Pause) 456M->410M(1024M) 257.269ms
[2026-01-16T09:16:06.708+0000][gc,cpu      ] GC(629) User=0.24s Sys=0.01s Real=0.26s
[2026-01-16T09:16:08.865+0000][gc,start    ] GC(630) Pause Young (Normal) (G1 Evacuation Pause)
[2026-01-16T09:16:08.892+0000][gc,task     ] GC(630) Using 8 workers of 8 for evacuation
[2026-01-16T09:16:09.278+0000][gc,mmu      ] GC(630) MMU target violated: 201.0ms (200.0ms/201.0ms)
[2026-01-16T09:16:09.279+0000][gc,phases   ] GC(630)   Pre Evacuate Collection Set: 63.2ms
[2026-01-16T09:16:09.279+0000][gc,phases   ] GC(630)   Merge Heap Roots: 2.0ms
[2026-01-16T09:16:09.279+0000][gc,phases   ] GC(630)   Evacuate Collection Set: 290.1ms
[2026-01-16T09:16:09.280+0000][gc,phases   ] GC(630)   Post Evacuate Collection Set: 26.2ms
[2026-01-16T09:16:09.280+0000][gc,phases   ] GC(630)   Other: 6.0ms
[2026-01-16T09:16:09.282+0000][gc,heap     ] GC(630) Eden regions: 47->0(46)
[2026-01-16T09:16:09.282+0000][gc,heap     ] GC(630) Survivor regions: 4->5(7)
[2026-01-16T09:16:09.283+0000][gc,heap     ] GC(630) Old regions: 258->258
[2026-01-16T09:16:09.283+0000][gc,heap     ] GC(630) Humongous regions: 149->149
[2026-01-16T09:16:09.284+0000][gc,metaspace] GC(630) Metaspace: 14531K(14912K)->14531K(14912K) NonClass: 12863K(13056K)->12863K(13056K) Class: 1668K(1856K)->1668K(1856K)
[2026-01-16T09:16:09.284+0000][gc          ] GC(630) Pause Young (Normal) (G1 Evacuation Pause) 457M->411M(1024M) 419.130ms
[2026-01-16T09:16:09.285+0000][gc,cpu      ] GC(630) User=0.19s Sys=0.00s Real=0.43s
[2026-01-16T09:16:10.333+0000][gc,start    ] GC(631) Pause Young (Normal) (G1 Evacuation Pause)
[2026-01-16T09:16:10.341+0000][gc,task     ] GC(631) Using 8 workers of 8 for evacuation
[2026-01-16T09:16:10.522+0000][gc,phases   ] GC(631)   Pre Evacuate Collection Set: 11.0ms
[2026-01-16T09:16:10.524+0000][gc,phases   ] GC(631)   Merge Heap Roots: 1.2ms
[2026-01-16T09:16:10.530+0000][gc,phases   ] GC(631)   Evacuate Collection Set: 165.8ms
[2026-01-16T09:16:10.534+0000][gc,phases   ] GC(631)   Post Evacuate Collection Set: 1.9ms
[2026-01-16T09:16:10.537+0000][gc,phases   ] GC(631)   Other: 1.7ms
[2026-01-16T09:16:10.546+0000][gc,heap     ] GC(631) Eden regions: 46->0(46)
[2026-01-16T09:16:10.547+0000][gc,heap     ] GC(631) Survivor regions: 5->5(7)
[2026-01-16T09:16:10.548+0000][gc,heap     ] GC(631) Old regions: 258->259
[2026-01-16T09:16:10.549+0000][gc,heap     ] GC(631) Humongous regions: 149->149
[2026-01-16T09:16:10.549+0000][gc,metaspace] GC(631) Metaspace: 14531K(14912K)->14531K(14912K) NonClass: 12863K(13056K)->12863K(13056K) Class: 1668K(1856K)->1668K(1856K)
[2026-01-16T09:16:10.550+0000][gc          ] GC(631) Pause Young (Normal) (G1 Evacuation Pause) 457M->412M(1024M) 216.572ms
[2026-01-16T09:16:10.552+0000][gc,cpu      ] GC(631) User=0.16s Sys=0.01s Real=0.22s
[2026-01-16T09:16:11.679+0000][gc,start    ] GC(632) Pause Young (Normal) (G1 Evacuation Pause)
[2026-01-16T09:16:11.691+0000][gc,task     ] GC(632) Using 8 workers of 8 for evacuation
[2026-01-16T09:16:11.983+0000][gc,mmu      ] GC(632) MMU target violated: 201.0ms (200.0ms/201.0ms)
[2026-01-16T09:16:11.984+0000][gc,phases   ] GC(632)   Pre Evacuate Collection Set: 45.4ms
[2026-01-16T09:16:11.985+0000][gc,phases   ] GC(632)   Merge Heap Roots: 4.1ms
[2026-01-16T09:16:11.985+0000][gc,phases   ] GC(632)   Evacuate Collection Set: 230.3ms
[2026-01-16T09:16:11.986+0000][gc,phases   ] GC(632)   Post Evacuate Collection Set: 10.1ms
[2026-01-16T09:16:11.986+0000][gc,phases   ] GC(632)   Other: 2.7ms
[2026-01-16T09:16:11.988+0000][gc,heap     ] GC(632) Eden regions: 46->0(46)
[2026-01-16T09:16:11.989+0000][gc,heap     ] GC(632) Survivor regions: 5->5(7)
[2026-01-16T09:16:11.992+0000][gc,heap     ] GC(632) Old regions: 259->260
[2026-01-16T09:16:11.993+0000][gc,heap     ] GC(632) Humongous regions: 149->149
[2026-01-16T09:16:11.993+0000][gc,metaspace] GC(632) Metaspace: 14531K(14912K)->14531K(14912K) NonClass: 12863K(13056K)->12863K(13056K) Class: 1668K(1856K)->1668K(1856K)
[2026-01-16T09:16:11.994+0000][gc          ] GC(632) Pause Young (Normal) (G1 Evacuation Pause) 458M->412M(1024M) 314.425ms
[2026-01-16T09:16:11.994+0000][gc,cpu      ] GC(632) User=0.19s Sys=0.01s Real=0.32s
[2026-01-16T09:16:12.551+0000][gc,start    ] GC(633) Pause Young (Normal) (G1 Evacuation Pause)
[2026-01-16T09:16:12.553+0000][gc,task     ] GC(633) Using 8 workers of 8 for evacuation
[2026-01-16T09:16:12.640+0000][gc,phases   ] GC(633)   Pre Evacuate Collection Set: 0.7ms
[2026-01-16T09:16:12.641+0000][gc,phases   ] GC(633)   Merge Heap Roots: 0.5ms
[2026-01-16T09:16:12.641+0000][gc,phases   ] GC(633)   Evacuate Collection Set: 85.0ms
[2026-01-16T09:16:12.642+0000][gc,phases   ] GC(633)   Post Evacuate Collection Set: 1.1ms
[2026-01-16T09:16:12.642+0000][gc,phases   ] GC(633)   Other: 0.3ms
[2026-01-16T09:16:12.643+0000][gc,heap     ] GC(633) Eden regions: 46->0(46)
[2026-01-16T09:16:12.643+0000][gc,heap     ] GC(633) Survivor regions: 5->5(7)
[2026-01-16T09:16:12.644+0000][gc,heap     ] GC(633) Old regions: 260->261
[2026-01-16T09:16:12.644+0000][gc,heap     ] GC(633) Humongous regions: 149->149
[2026-01-16T09:16:12.645+0000][gc,metaspace] GC(633) Metaspace: 14531K(14912K)->14531K(14912K) NonClass: 12863K(13056K)->12863K(13056K) Class: 1668K(1856K)->1668K(1856K)
[2026-01-16T09:16:12.647+0000][gc          ] GC(633) Pause Young (Normal) (G1 Evacuation Pause) 458M->413M(1024M) 95.596ms
[2026-01-16T09:16:12.647+0000][gc,cpu      ] GC(633) User=0.06s Sys=0.01s Real=0.10s
[2026-01-16T09:16:13.294+0000][gc,start    ] GC(634) Pause Young (Normal) (G1 Evacuation Pause)
[2026-01-16T09:16:13.296+0000][gc,task     ] GC(634) Using 8 workers of 8 for evacuation
[2026-01-16T09:16:13.521+0000][gc,mmu      ] GC(634) MMU target violated: 201.0ms (200.0ms/201.0ms)
[2026-01-16T09:16:13.521+0000][gc,phases   ] GC(634)   Pre Evacuate Collection Set: 20.4ms
[2026-01-16T09:16:13.521+0000][gc,phases   ] GC(634)   Merge Heap Roots: 2.7ms
[2026-01-16T09:16:13.522+0000][gc,phases   ] GC(634)   Evacuate Collection Set: 186.7ms
[2026-01-16T09:16:13.522+0000][gc,phases   ] GC(634)   Post Evacuate Collection Set: 14.2ms
[2026-01-16T09:16:13.522+0000][gc,phases   ] GC(634)   Other: 1.0ms
[2026-01-16T09:16:13.522+0000][gc,heap     ] GC(634) Eden regions: 46->0(46)
[2026-01-16T09:16:13.523+0000][gc,heap     ] GC(634) Survivor regions: 5->5(7)
[2026-01-16T09:16:13.523+0000][gc,heap     ] GC(634) Old regions: 261->261
[2026-01-16T09:16:13.523+0000][gc,heap     ] GC(634) Humongous regions: 149->149
[2026-01-16T09:16:13.523+0000][gc,metaspace] GC(634) Metaspace: 14531K(14912K)->14531K(14912K) NonClass: 12863K(13056K)->12863K(13056K) Class: 1668K(1856K)->1668K(1856K)
[2026-01-16T09:16:13.524+0000][gc          ] GC(634) Pause Young (Normal) (G1 Evacuation Pause) 459M->414M(1024M) 229.696ms
[2026-01-16T09:16:13.525+0000][gc,cpu      ] GC(634) User=0.20s Sys=0.01s Real=0.23s
[2026-01-16T09:16:14.530+0000][gc,start    ] GC(635) Pause Young (Normal) (G1 Evacuation Pause)
[2026-01-16T09:16:14.534+0000][gc,task     ] GC(635) Using 8 workers of 8 for evacuation
[2026-01-16T09:16:14.729+0000][gc,phases   ] GC(635)   Pre Evacuate Collection Set: 5.2ms
[2026-01-16T09:16:14.729+0000][gc,phases   ] GC(635)   Merge Heap Roots: 2.9ms
[2026-01-16T09:16:14.729+0000][gc,phases   ] GC(635)   Evacuate Collection Set: 181.2ms
[2026-01-16T09:16:14.730+0000][gc,phases   ] GC(635)   Post Evacuate Collection Set: 4.7ms
[2026-01-16T09:16:14.730+0000][gc,phases   ] GC(635)   Other: 0.6ms
[2026-01-16T09:16:14.731+0000][gc,heap     ] GC(635) Eden regions: 46->0(46)
[2026-01-16T09:16:14.732+0000][gc,heap     ] GC(635) Survivor regions: 5->5(7)
[2026-01-16T09:16:14.734+0000][gc,heap     ] GC(635) Old regions: 261->262
[2026-01-16T09:16:14.734+0000][gc,heap     ] GC(635) Humongous regions: 149->149
[2026-01-16T09:16:14.735+0000][gc,metaspace] GC(635) Metaspace: 14537K(14912K)->14537K(14912K) NonClass: 12868K(13056K)->12868K(13056K) Class: 1669K(1856K)->1669K(1856K)
[2026-01-16T09:16:14.735+0000][gc          ] GC(635) Pause Young (Normal) (G1 Evacuation Pause) 460M->415M(1024M) 205.867ms
[2026-01-16T09:16:14.736+0000][gc,cpu      ] GC(635) User=0.15s Sys=0.01s Real=0.21s
[2026-01-16T09:16:16.204+0000][gc,start    ] GC(636) Pause Young (Normal) (G1 Evacuation Pause)
[2026-01-16T09:16:16.205+0000][gc,task     ] GC(636) Using 8 workers of 8 for evacuation
[2026-01-16T09:16:16.601+0000][gc,mmu      ] GC(636) MMU target violated: 201.0ms (200.0ms/201.0ms)
[2026-01-16T09:16:16.604+0000][gc,phases   ] GC(636)   Pre Evacuate Collection Set: 16.0ms
[2026-01-16T09:16:16.607+0000][gc,phases   ] GC(636)   Merge Heap Roots: 7.1ms
[2026-01-16T09:16:16.609+0000][gc,phases   ] GC(636)   Evacuate Collection Set: 342.2ms
[2026-01-16T09:16:16.610+0000][gc,phases   ] GC(636)   Post Evacuate Collection Set: 26.2ms
[2026-01-16T09:16:16.611+0000][gc,phases   ] GC(636)   Other: 7.3ms
[2026-01-16T09:16:16.612+0000][gc,heap     ] GC(636) Eden regions: 46->0(46)
[2026-01-16T09:16:16.612+0000][gc,heap     ] GC(636) Survivor regions: 5->5(7)
[2026-01-16T09:16:16.613+0000][gc,heap     ] GC(636) Old regions: 262->263
[2026-01-16T09:16:16.617+0000][gc,heap     ] GC(636) Humongous regions: 149->149
[2026-01-16T09:16:16.633+0000][gc,metaspace] GC(636) Metaspace: 14538K(14912K)->14538K(14912K) NonClass: 12868K(13056K)->12868K(13056K) Class: 1669K(1856K)->1669K(1856K)
[2026-01-16T09:16:16.634+0000][gc          ] GC(636) Pause Young (Normal) (G1 Evacuation Pause) 461M->415M(1024M) 430.012ms
[2026-01-16T09:16:16.647+0000][gc,cpu      ] GC(636) User=0.21s Sys=0.01s Real=0.44s
[2026-01-16T09:16:19.096+0000][gc,start    ] GC(637) Pause Young (Normal) (G1 Evacuation Pause)
[2026-01-16T09:16:19.099+0000][gc,task     ] GC(637) Using 8 workers of 8 for evacuation
[2026-01-16T09:16:19.439+0000][gc,mmu      ] GC(637) MMU target violated: 201.0ms (200.0ms/201.0ms)
[2026-01-16T09:16:19.440+0000][gc,phases   ] GC(637)   Pre Evacuate Collection Set: 16.7ms
[2026-01-16T09:16:19.444+0000][gc,phases   ] GC(637)   Merge Heap Roots: 8.2ms
[2026-01-16T09:16:19.444+0000][gc,phases   ] GC(637)   Evacuate Collection Set: 277.8ms
[2026-01-16T09:16:19.445+0000][gc,phases   ] GC(637)   Post Evacuate Collection Set: 32.1ms
[2026-01-16T09:16:19.446+0000][gc,phases   ] GC(637)   Other: 5.9ms
[2026-01-16T09:16:19.446+0000][gc,heap     ] GC(637) Eden regions: 46->0(46)
[2026-01-16T09:16:19.446+0000][gc,heap     ] GC(637) Survivor regions: 5->5(7)
[2026-01-16T09:16:19.446+0000][gc,heap     ] GC(637) Old regions: 263->264
[2026-01-16T09:16:19.449+0000][gc,heap     ] GC(637) Humongous regions: 149->149
[2026-01-16T09:16:19.449+0000][gc,metaspace] GC(637) Metaspace: 14538K(14912K)->14538K(14912K) NonClass: 12868K(13056K)->12868K(13056K) Class: 1669K(1856K)->1669K(1856K)
[2026-01-16T09:16:19.450+0000][gc          ] GC(637) Pause Young (Normal) (G1 Evacuation Pause) 461M->416M(1024M) 354.337ms
[2026-01-16T09:16:19.453+0000][gc,cpu      ] GC(637) User=0.22s Sys=0.01s Real=0.36s
[2026-01-16T09:16:21.164+0000][gc,start    ] GC(638) Pause Young (Normal) (G1 Evacuation Pause)
[2026-01-16T09:16:21.167+0000][gc,task     ] GC(638) Using 8 workers of 8 for evacuation
[2026-01-16T09:16:21.437+0000][gc,mmu      ] GC(638) MMU target violated: 201.0ms (200.0ms/201.0ms)
[2026-01-16T09:16:21.438+0000][gc,phases   ] GC(638)   Pre Evacuate Collection Set: 17.0ms
[2026-01-16T09:16:21.438+0000][gc,phases   ] GC(638)   Merge Heap Roots: 1.0ms
[2026-01-16T09:16:21.439+0000][gc,phases   ] GC(638)   Evacuate Collection Set: 242.1ms
[2026-01-16T09:16:21.439+0000][gc,phases   ] GC(638)   Post Evacuate Collection Set: 9.9ms
[2026-01-16T09:16:21.439+0000][gc,phases   ] GC(638)   Other: 1.5ms
[2026-01-16T09:16:21.439+0000][gc,heap     ] GC(638) Eden regions: 46->0(46)
[2026-01-16T09:16:21.440+0000][gc,heap     ] GC(638) Survivor regions: 5->5(7)
[2026-01-16T09:16:21.440+0000][gc,heap     ] GC(638) Old regions: 264->264
[2026-01-16T09:16:21.440+0000][gc,heap     ] GC(638) Humongous regions: 149->149
[2026-01-16T09:16:21.440+0000][gc,metaspace] GC(638) Metaspace: 14538K(14912K)->14538K(14912K) NonClass: 12868K(13056K)->12868K(13056K) Class: 1669K(1856K)->1669K(1856K)
[2026-01-16T09:16:21.441+0000][gc          ] GC(638) Pause Young (Normal) (G1 Evacuation Pause) 462M->417M(1024M) 276.835ms
[2026-01-16T09:16:21.441+0000][gc,cpu      ] GC(638) User=0.19s Sys=0.01s Real=0.27s
[2026-01-16T09:16:22.993+0000][gc,start    ] GC(639) Pause Young (Normal) (G1 Evacuation Pause)
[2026-01-16T09:16:22.995+0000][gc,task     ] GC(639) Using 8 workers of 8 for evacuation
[2026-01-16T09:16:23.154+0000][gc,phases   ] GC(639)   Pre Evacuate Collection Set: 18.8ms
[2026-01-16T09:16:23.154+0000][gc,phases   ] GC(639)   Merge Heap Roots: 7.6ms
[2026-01-16T09:16:23.154+0000][gc,phases   ] GC(639)   Evacuate Collection Set: 127.4ms
[2026-01-16T09:16:23.155+0000][gc,phases   ] GC(639)   Post Evacuate Collection Set: 3.3ms
[2026-01-16T09:16:23.156+0000][gc,phases   ] GC(639)   Other: 1.5ms
[2026-01-16T09:16:23.157+0000][gc,heap     ] GC(639) Eden regions: 46->0(46)
[2026-01-16T09:16:23.158+0000][gc,heap     ] GC(639) Survivor regions: 5->5(7)
[2026-01-16T09:16:23.158+0000][gc,heap     ] GC(639) Old regions: 264->265
[2026-01-16T09:16:23.160+0000][gc,heap     ] GC(639) Humongous regions: 149->149
[2026-01-16T09:16:23.160+0000][gc,metaspace] GC(639) Metaspace: 14538K(14912K)->14538K(14912K) NonClass: 12868K(13056K)->12868K(13056K) Class: 1669K(1856K)->1669K(1856K)
[2026-01-16T09:16:23.161+0000][gc          ] GC(639) Pause Young (Normal) (G1 Evacuation Pause) 463M->417M(1024M) 167.910ms
[2026-01-16T09:16:23.162+0000][gc,cpu      ] GC(639) User=0.18s Sys=0.00s Real=0.16s
[2026-01-16T09:16:25.132+0000][gc,start    ] GC(640) Pause Young (Normal) (G1 Evacuation Pause)
[2026-01-16T09:16:25.132+0000][gc,task     ] GC(640) Using 8 workers of 8 for evacuation
[2026-01-16T09:16:25.784+0000][gc,mmu      ] GC(640) MMU target violated: 201.0ms (200.0ms/201.0ms)
[2026-01-16T09:16:25.829+0000][gc,phases   ] GC(640)   Pre Evacuate Collection Set: 16.6ms
[2026-01-16T09:16:25.833+0000][gc,phases   ] GC(640)   Merge Heap Roots: 5.5ms
[2026-01-16T09:16:25.837+0000][gc,phases   ] GC(640)   Evacuate Collection Set: 436.5ms
[2026-01-16T09:16:25.841+0000][gc,phases   ] GC(640)   Post Evacuate Collection Set: 133.8ms
[2026-01-16T09:16:25.844+0000][gc,phases   ] GC(640)   Other: 104.2ms
[2026-01-16T09:16:25.845+0000][gc,heap     ] GC(640) Eden regions: 46->0(46)
[2026-01-16T09:16:25.846+0000][gc,heap     ] GC(640) Survivor regions: 5->5(7)
[2026-01-16T09:16:25.860+0000][gc,heap     ] GC(640) Old regions: 265->266
[2026-01-16T09:16:25.863+0000][gc,heap     ] GC(640) Humongous regions: 149->149
[2026-01-16T09:16:25.876+0000][gc,metaspace] GC(640) Metaspace: 14538K(14912K)->14538K(14912K) NonClass: 12869K(13056K)->12869K(13056K) Class: 1669K(1856K)->1669K(1856K)
[2026-01-16T09:16:25.877+0000][gc          ] GC(640) Pause Young (Normal) (G1 Evacuation Pause) 463M->419M(1024M) 744.894ms
[2026-01-16T09:16:25.887+0000][gc,cpu      ] GC(640) User=0.38s Sys=0.06s Real=0.76s
[2026-01-16T09:16:29.834+0000][gc,start    ] GC(641) Pause Young (Normal) (G1 Evacuation Pause)
[2026-01-16T09:16:29.837+0000][gc,task     ] GC(641) Using 8 workers of 8 for evacuation
[2026-01-16T09:16:30.434+0000][gc,mmu      ] GC(641) MMU target violated: 201.0ms (200.0ms/201.0ms)
[2026-01-16T09:16:30.435+0000][gc,phases   ] GC(641)   Pre Evacuate Collection Set: 73.1ms
[2026-01-16T09:16:30.445+0000][gc,phases   ] GC(641)   Merge Heap Roots: 35.1ms
[2026-01-16T09:16:30.446+0000][gc,phases   ] GC(641)   Evacuate Collection Set: 434.1ms
[2026-01-16T09:16:30.447+0000][gc,phases   ] GC(641)   Post Evacuate Collection Set: 23.8ms
[2026-01-16T09:16:30.448+0000][gc,phases   ] GC(641)   Other: 32.4ms
[2026-01-16T09:16:30.451+0000][gc,heap     ] GC(641) Eden regions: 46->0(48)
[2026-01-16T09:16:30.453+0000][gc,heap     ] GC(641) Survivor regions: 5->3(7)
[2026-01-16T09:16:30.458+0000][gc,heap     ] GC(641) Old regions: 266->266
[2026-01-16T09:16:30.459+0000][gc,heap     ] GC(641) Humongous regions: 149->149
[2026-01-16T09:16:30.468+0000][gc,metaspace] GC(641) Metaspace: 14538K(14912K)->14538K(14912K) NonClass: 12869K(13056K)->12869K(13056K) Class: 1669K(1856K)->1669K(1856K)
[2026-01-16T09:16:30.472+0000][gc          ] GC(641) Pause Young (Normal) (G1 Evacuation Pause) 465M->417M(1024M) 637.921ms
[2026-01-16T09:16:30.483+0000][gc,cpu      ] GC(641) User=0.35s Sys=0.02s Real=0.66s
[2026-01-16T09:16:36.632+0000][gc,start    ] GC(642) Pause Young (Normal) (G1 Evacuation Pause)
[2026-01-16T09:16:36.635+0000][gc,task     ] GC(642) Using 8 workers of 8 for evacuation
[2026-01-16T09:16:37.462+0000][gc,mmu      ] GC(642) MMU target violated: 201.0ms (200.0ms/201.0ms)
[2026-01-16T09:16:37.463+0000][gc,phases   ] GC(642)   Pre Evacuate Collection Set: 66.6ms
[2026-01-16T09:16:37.463+0000][gc,phases   ] GC(642)   Merge Heap Roots: 79.5ms
[2026-01-16T09:16:37.464+0000][gc,phases   ] GC(642)   Evacuate Collection Set: 656.1ms
[2026-01-16T09:16:37.465+0000][gc,phases   ] GC(642)   Post Evacuate Collection Set: 20.1ms
[2026-01-16T09:16:37.466+0000][gc,phases   ] GC(642)   Other: 6.5ms
[2026-01-16T09:16:37.468+0000][gc,heap     ] GC(642) Eden regions: 48->0(48)
[2026-01-16T09:16:37.470+0000][gc,heap     ] GC(642) Survivor regions: 3->3(7)
[2026-01-16T09:16:37.472+0000][gc,heap     ] GC(642) Old regions: 266->266
[2026-01-16T09:16:37.473+0000][gc,heap     ] GC(642) Humongous regions: 149->149
[2026-01-16T09:16:37.473+0000][gc,metaspace] GC(642) Metaspace: 14593K(14976K)->14593K(14976K) NonClass: 12916K(13120K)->12916K(13120K) Class: 1676K(1856K)->1676K(1856K)
[2026-01-16T09:16:37.474+0000][gc          ] GC(642) Pause Young (Normal) (G1 Evacuation Pause) 465M->417M(1024M) 842.586ms
[2026-01-16T09:16:37.480+0000][gc,cpu      ] GC(642) User=0.56s Sys=0.07s Real=0.85s
[2026-01-16T09:16:45.377+0000][gc,start    ] GC(643) Pause Young (Normal) (G1 Evacuation Pause)
[2026-01-16T09:16:45.399+0000][gc,task     ] GC(643) Using 8 workers of 8 for evacuation
[2026-01-16T09:16:45.938+0000][gc,mmu      ] GC(643) MMU target violated: 201.0ms (200.0ms/201.0ms)
[2026-01-16T09:16:45.939+0000][gc,phases   ] GC(643)   Pre Evacuate Collection Set: 85.4ms
[2026-01-16T09:16:45.941+0000][gc,phases   ] GC(643)   Merge Heap Roots: 4.3ms
[2026-01-16T09:16:45.942+0000][gc,phases   ] GC(643)   Evacuate Collection Set: 417.2ms
[2026-01-16T09:16:45.942+0000][gc,phases   ] GC(643)   Post Evacuate Collection Set: 5.2ms
[2026-01-16T09:16:45.943+0000][gc,phases   ] GC(643)   Other: 37.6ms
[2026-01-16T09:16:45.943+0000][gc,heap     ] GC(643) Eden regions: 48->0(46)
[2026-01-16T09:16:45.944+0000][gc,heap     ] GC(643) Survivor regions: 3->5(7)
[2026-01-16T09:16:45.944+0000][gc,heap     ] GC(643) Old regions: 266->266
[2026-01-16T09:16:45.945+0000][gc,heap     ] GC(643) Humongous regions: 149->149
[2026-01-16T09:16:45.947+0000][gc,metaspace] GC(643) Metaspace: 14921K(15296K)->14921K(15296K) NonClass: 13191K(13376K)->13191K(13376K) Class: 1730K(1920K)->1730K(1920K)
[2026-01-16T09:16:45.948+0000][gc          ] GC(643) Pause Young (Normal) (G1 Evacuation Pause) 465M->419M(1024M) 570.513ms
[2026-01-16T09:16:45.949+0000][gc,cpu      ] GC(643) User=0.37s Sys=0.02s Real=0.57s
[2026-01-16T09:16:47.952+0000][gc,start    ] GC(644) Pause Young (Normal) (G1 Evacuation Pause)
[2026-01-16T09:16:47.953+0000][gc,task     ] GC(644) Using 8 workers of 8 for evacuation
[2026-01-16T09:16:48.778+0000][gc,mmu      ] GC(644) MMU target violated: 201.0ms (200.0ms/201.0ms)
[2026-01-16T09:16:48.780+0000][gc,phases   ] GC(644)   Pre Evacuate Collection Set: 44.6ms
[2026-01-16T09:16:48.781+0000][gc,phases   ] GC(644)   Merge Heap Roots: 6.1ms
[2026-01-16T09:16:48.784+0000][gc,phases   ] GC(644)   Evacuate Collection Set: 726.9ms
[2026-01-16T09:16:48.785+0000][gc,phases   ] GC(644)   Post Evacuate Collection Set: 46.0ms
[2026-01-16T09:16:48.786+0000][gc,phases   ] GC(644)   Other: 3.5ms
[2026-01-16T09:16:48.787+0000][gc,heap     ] GC(644) Eden regions: 46->0(46)
[2026-01-16T09:16:48.787+0000][gc,heap     ] GC(644) Survivor regions: 5->5(7)
[2026-01-16T09:16:48.788+0000][gc,heap     ] GC(644) Old regions: 266->268
[2026-01-16T09:16:48.788+0000][gc,heap     ] GC(644) Humongous regions: 149->149
[2026-01-16T09:16:48.789+0000][gc,metaspace] GC(644) Metaspace: 14924K(15296K)->14924K(15296K) NonClass: 13194K(13376K)->13194K(13376K) Class: 1730K(1920K)->1730K(1920K)
[2026-01-16T09:16:48.790+0000][gc          ] GC(644) Pause Young (Normal) (G1 Evacuation Pause) 465M->420M(1024M) 837.448ms
[2026-01-16T09:16:48.793+0000][gc,cpu      ] GC(644) User=0.41s Sys=0.05s Real=0.84s
[2026-01-16T09:16:51.412+0000][gc,start    ] GC(645) Pause Young (Normal) (G1 Evacuation Pause)
[2026-01-16T09:16:51.413+0000][gc,task     ] GC(645) Using 8 workers of 8 for evacuation
[2026-01-16T09:16:52.142+0000][gc,mmu      ] GC(645) MMU target violated: 201.0ms (200.0ms/201.0ms)
[2026-01-16T09:16:52.145+0000][gc,phases   ] GC(645)   Pre Evacuate Collection Set: 21.4ms
[2026-01-16T09:16:52.145+0000][gc,phases   ] GC(645)   Merge Heap Roots: 7.7ms
[2026-01-16T09:16:52.145+0000][gc,phases   ] GC(645)   Evacuate Collection Set: 644.3ms
[2026-01-16T09:16:52.146+0000][gc,phases   ] GC(645)   Post Evacuate Collection Set: 55.2ms
[2026-01-16T09:16:52.147+0000][gc,phases   ] GC(645)   Other: 3.4ms
[2026-01-16T09:16:52.148+0000][gc,heap     ] GC(645) Eden regions: 46->0(46)
[2026-01-16T09:16:52.149+0000][gc,heap     ] GC(645) Survivor regions: 5->5(7)
[2026-01-16T09:16:52.149+0000][gc,heap     ] GC(645) Old regions: 268->268
[2026-01-16T09:16:52.151+0000][gc,heap     ] GC(645) Humongous regions: 149->149
[2026-01-16T09:16:52.151+0000][gc,metaspace] GC(645) Metaspace: 14934K(15296K)->14934K(15296K) NonClass: 13203K(13376K)->13203K(13376K) Class: 1730K(1920K)->1730K(1920K)
[2026-01-16T09:16:52.154+0000][gc          ] GC(645) Pause Young (Normal) (G1 Evacuation Pause) 466M->421M(1024M) 739.268ms
[2026-01-16T09:16:52.155+0000][gc,cpu      ] GC(645) User=0.43s Sys=0.03s Real=0.74s
[2026-01-16T09:16:55.910+0000][gc,start    ] GC(646) Pause Young (Normal) (G1 Evacuation Pause)
[2026-01-16T09:16:55.928+0000][gc,task     ] GC(646) Using 8 workers of 8 for evacuation
[2026-01-16T09:16:56.829+0000][gc,mmu      ] GC(646) MMU target violated: 201.0ms (200.0ms/201.0ms)
[2026-01-16T09:16:56.830+0000][gc,phases   ] GC(646)   Pre Evacuate Collection Set: 106.3ms
[2026-01-16T09:16:56.831+0000][gc,phases   ] GC(646)   Merge Heap Roots: 50.0ms
[2026-01-16T09:16:56.831+0000][gc,phases   ] GC(646)   Evacuate Collection Set: 631.2ms
[2026-01-16T09:16:56.831+0000][gc,phases   ] GC(646)   Post Evacuate Collection Set: 99.8ms
[2026-01-16T09:16:56.831+0000][gc,phases   ] GC(646)   Other: 17.8ms
[2026-01-16T09:16:56.832+0000][gc,heap     ] GC(646) Eden regions: 46->0(46)
[2026-01-16T09:16:56.832+0000][gc,heap     ] GC(646) Survivor regions: 5->5(7)
[2026-01-16T09:16:56.832+0000][gc,heap     ] GC(646) Old regions: 268->269
[2026-01-16T09:16:56.833+0000][gc,heap     ] GC(646) Humongous regions: 149->149
[2026-01-16T09:16:56.834+0000][gc,metaspace] GC(646) Metaspace: 14934K(15296K)->14934K(15296K) NonClass: 13203K(13376K)->13203K(13376K) Class: 1730K(1920K)->1730K(1920K)
[2026-01-16T09:16:56.834+0000][gc          ] GC(646) Pause Young (Normal) (G1 Evacuation Pause) 467M->422M(1024M) 924.015ms
[2026-01-16T09:16:56.835+0000][gc,cpu      ] GC(646) User=0.69s Sys=0.06s Real=0.92s
[2026-01-16T09:16:58.916+0000][gc,start    ] GC(647) Pause Young (Normal) (G1 Evacuation Pause)
[2026-01-16T09:16:58.924+0000][gc,task     ] GC(647) Using 8 workers of 8 for evacuation
[2026-01-16T09:16:59.445+0000][gc,mmu      ] GC(647) MMU target violated: 201.0ms (200.0ms/201.0ms)
[2026-01-16T09:16:59.446+0000][gc,phases   ] GC(647)   Pre Evacuate Collection Set: 64.2ms
[2026-01-16T09:16:59.446+0000][gc,phases   ] GC(647)   Merge Heap Roots: 12.5ms
[2026-01-16T09:16:59.447+0000][gc,phases   ] GC(647)   Evacuate Collection Set: 432.0ms
[2026-01-16T09:16:59.448+0000][gc,phases   ] GC(647)   Post Evacuate Collection Set: 11.0ms
[2026-01-16T09:16:59.454+0000][gc,phases   ] GC(647)   Other: 1.8ms
[2026-01-16T09:16:59.454+0000][gc,heap     ] GC(647) Eden regions: 46->0(47)
[2026-01-16T09:16:59.455+0000][gc,heap     ] GC(647) Survivor regions: 5->4(7)
[2026-01-16T09:16:59.455+0000][gc,heap     ] GC(647) Old regions: 269->271
[2026-01-16T09:16:59.455+0000][gc,heap     ] GC(647) Humongous regions: 149->149
[2026-01-16T09:16:59.455+0000][gc,metaspace] GC(647) Metaspace: 14942K(15296K)->14942K(15296K) NonClass: 13212K(13376K)->13212K(13376K) Class: 1730K(1920K)->1730K(1920K)
[2026-01-16T09:16:59.456+0000][gc          ] GC(647) Pause Young (Normal) (G1 Evacuation Pause) 468M->422M(1024M) 539.819ms
[2026-01-16T09:16:59.456+0000][gc,cpu      ] GC(647) User=0.24s Sys=0.03s Real=0.54s
[2026-01-16T09:17:01.914+0000][gc,start    ] GC(648) Pause Young (Normal) (G1 Evacuation Pause)
[2026-01-16T09:17:01.935+0000][gc,task     ] GC(648) Using 8 workers of 8 for evacuation
[2026-01-16T09:17:02.662+0000][gc,mmu      ] GC(648) MMU target violated: 201.0ms (200.0ms/201.0ms)
[2026-01-16T09:17:02.664+0000][gc,phases   ] GC(648)   Pre Evacuate Collection Set: 152.0ms
[2026-01-16T09:17:02.664+0000][gc,phases   ] GC(648)   Merge Heap Roots: 14.7ms
[2026-01-16T09:17:02.665+0000][gc,phases   ] GC(648)   Evacuate Collection Set: 525.7ms
[2026-01-16T09:17:02.665+0000][gc,phases   ] GC(648)   Post Evacuate Collection Set: 34.1ms
[2026-01-16T09:17:02.668+0000][gc,phases   ] GC(648)   Other: 3.0ms
[2026-01-16T09:17:02.670+0000][gc,heap     ] GC(648) Eden regions: 47->0(47)
[2026-01-16T09:17:02.676+0000][gc,heap     ] GC(648) Survivor regions: 4->4(7)
[2026-01-16T09:17:02.678+0000][gc,heap     ] GC(648) Old regions: 271->271
[2026-01-16T09:17:02.678+0000][gc,heap     ] GC(648) Humongous regions: 149->149
[2026-01-16T09:17:02.679+0000][gc,metaspace] GC(648) Metaspace: 14943K(15296K)->14943K(15296K) NonClass: 13213K(13376K)->13213K(13376K) Class: 1730K(1920K)->1730K(1920K)
[2026-01-16T09:17:02.680+0000][gc          ] GC(648) Pause Young (Normal) (G1 Evacuation Pause) 469M->423M(1024M) 766.675ms
[2026-01-16T09:17:02.681+0000][gc,cpu      ] GC(648) User=0.33s Sys=0.05s Real=0.77s
[2026-01-16T09:17:04.694+0000][gc,start    ] GC(649) Pause Young (Normal) (G1 Evacuation Pause)
[2026-01-16T09:17:04.696+0000][gc,task     ] GC(649) Using 8 workers of 8 for evacuation
[2026-01-16T09:17:05.451+0000][gc,mmu      ] GC(649) MMU target violated: 201.0ms (200.0ms/201.0ms)
[2026-01-16T09:17:05.456+0000][gc,phases   ] GC(649)   Pre Evacuate Collection Set: 28.4ms
[2026-01-16T09:17:05.459+0000][gc,phases   ] GC(649)   Merge Heap Roots: 22.2ms
[2026-01-16T09:17:05.463+0000][gc,phases   ] GC(649)   Evacuate Collection Set: 641.6ms
[2026-01-16T09:17:05.469+0000][gc,phases   ] GC(649)   Post Evacuate Collection Set: 59.7ms
[2026-01-16T09:17:05.469+0000][gc,phases   ] GC(649)   Other: 7.4ms
[2026-01-16T09:17:05.475+0000][gc,heap     ] GC(649) Eden regions: 47->0(46)
[2026-01-16T09:17:05.479+0000][gc,heap     ] GC(649) Survivor regions: 4->5(7)
[2026-01-16T09:17:05.483+0000][gc,heap     ] GC(649) Old regions: 271->272
[2026-01-16T09:17:05.485+0000][gc,heap     ] GC(649) Humongous regions: 149->149
[2026-01-16T09:17:05.490+0000][gc,metaspace] GC(649) Metaspace: 14948K(15360K)->14948K(15360K) NonClass: 13216K(13440K)->13216K(13440K) Class: 1731K(1920K)->1731K(1920K)
[2026-01-16T09:17:06.545+0000][gc          ] GC(649) Pause Young (Normal) (G1 Evacuation Pause) 470M->424M(1024M) 1844.103ms
[2026-01-16T09:17:06.546+0000][gc,cpu      ] GC(649) User=0.38s Sys=0.02s Real=1.85s
[2026-01-16T09:17:08.205+0000][gc,start    ] GC(650) Pause Young (Normal) (G1 Evacuation Pause)
[2026-01-16T09:17:08.224+0000][gc,task     ] GC(650) Using 8 workers of 8 for evacuation
[2026-01-16T09:17:08.485+0000][gc,mmu      ] GC(650) MMU target violated: 201.0ms (200.0ms/201.0ms)
[2026-01-16T09:17:08.486+0000][gc,phases   ] GC(650)   Pre Evacuate Collection Set: 19.7ms
[2026-01-16T09:17:08.486+0000][gc,phases   ] GC(650)   Merge Heap Roots: 8.9ms
[2026-01-16T09:17:08.486+0000][gc,phases   ] GC(650)   Evacuate Collection Set: 211.7ms
[2026-01-16T09:17:08.487+0000][gc,phases   ] GC(650)   Post Evacuate Collection Set: 19.7ms
[2026-01-16T09:17:08.488+0000][gc,phases   ] GC(650)   Other: 5.2ms
[2026-01-16T09:17:08.489+0000][gc,heap     ] GC(650) Eden regions: 46->0(46)
[2026-01-16T09:17:08.490+0000][gc,heap     ] GC(650) Survivor regions: 5->5(7)
[2026-01-16T09:17:08.492+0000][gc,heap     ] GC(650) Old regions: 272->273
[2026-01-16T09:17:08.493+0000][gc,heap     ] GC(650) Humongous regions: 149->149
[2026-01-16T09:17:08.493+0000][gc,metaspace] GC(650) Metaspace: 14948K(15360K)->14948K(15360K) NonClass: 13216K(13440K)->13216K(13440K) Class: 1731K(1920K)->1731K(1920K)
[2026-01-16T09:17:08.494+0000][gc          ] GC(650) Pause Young (Normal) (G1 Evacuation Pause) 470M->425M(1024M) 289.550ms
[2026-01-16T09:17:08.494+0000][gc,cpu      ] GC(650) User=0.31s Sys=0.02s Real=0.31s
[2026-01-16T09:17:09.885+0000][gc,start    ] GC(651) Pause Young (Normal) (G1 Evacuation Pause)
[2026-01-16T09:17:09.892+0000][gc,task     ] GC(651) Using 8 workers of 8 for evacuation
[2026-01-16T09:17:10.190+0000][gc,mmu      ] GC(651) MMU target violated: 201.0ms (200.0ms/201.0ms)
[2026-01-16T09:17:10.191+0000][gc,phases   ] GC(651)   Pre Evacuate Collection Set: 43.6ms
[2026-01-16T09:17:10.192+0000][gc,phases   ] GC(651)   Merge Heap Roots: 8.2ms
[2026-01-16T09:17:10.193+0000][gc,phases   ] GC(651)   Evacuate Collection Set: 232.5ms
[2026-01-16T09:17:10.194+0000][gc,phases   ] GC(651)   Post Evacuate Collection Set: 5.4ms
[2026-01-16T09:17:10.195+0000][gc,phases   ] GC(651)   Other: 11.1ms
[2026-01-16T09:17:10.195+0000][gc,heap     ] GC(651) Eden regions: 46->0(46)
[2026-01-16T09:17:10.197+0000][gc,heap     ] GC(651) Survivor regions: 5->5(7)
[2026-01-16T09:17:10.197+0000][gc,heap     ] GC(651) Old regions: 273->273
[2026-01-16T09:17:10.197+0000][gc,heap     ] GC(651) Humongous regions: 149->149
[2026-01-16T09:17:10.199+0000][gc,metaspace] GC(651) Metaspace: 14948K(15360K)->14948K(15360K) NonClass: 13217K(13440K)->13217K(13440K) Class: 1731K(1920K)->1731K(1920K)
[2026-01-16T09:17:10.200+0000][gc          ] GC(651) Pause Young (Normal) (G1 Evacuation Pause) 471M->425M(1024M) 315.860ms
[2026-01-16T09:17:10.201+0000][gc,cpu      ] GC(651) User=0.16s Sys=0.01s Real=0.31s
[2026-01-16T09:17:11.712+0000][gc,start    ] GC(652) Pause Young (Normal) (G1 Evacuation Pause)
[2026-01-16T09:17:11.714+0000][gc,task     ] GC(652) Using 8 workers of 8 for evacuation
[2026-01-16T09:17:11.902+0000][gc,phases   ] GC(652)   Pre Evacuate Collection Set: 9.1ms
[2026-01-16T09:17:11.903+0000][gc,phases   ] GC(652)   Merge Heap Roots: 5.6ms
[2026-01-16T09:17:11.903+0000][gc,phases   ] GC(652)   Evacuate Collection Set: 165.4ms
[2026-01-16T09:17:11.904+0000][gc,phases   ] GC(652)   Post Evacuate Collection Set: 6.1ms
[2026-01-16T09:17:11.904+0000][gc,phases   ] GC(652)   Other: 2.9ms
[2026-01-16T09:17:11.904+0000][gc,heap     ] GC(652) Eden regions: 46->0(46)
[2026-01-16T09:17:11.904+0000][gc,heap     ] GC(652) Survivor regions: 5->5(7)
[2026-01-16T09:17:11.905+0000][gc,heap     ] GC(652) Old regions: 273->273
[2026-01-16T09:17:11.905+0000][gc,heap     ] GC(652) Humongous regions: 149->149
[2026-01-16T09:17:11.905+0000][gc,metaspace] GC(652) Metaspace: 14948K(15360K)->14948K(15360K) NonClass: 13217K(13440K)->13217K(13440K) Class: 1731K(1920K)->1731K(1920K)
[2026-01-16T09:17:11.905+0000][gc          ] GC(652) Pause Young (Normal) (G1 Evacuation Pause) 471M->426M(1024M) 193.679ms
[2026-01-16T09:17:11.906+0000][gc,cpu      ] GC(652) User=0.18s Sys=0.01s Real=0.20s
[2026-01-16T09:17:12.523+0000][gc,start    ] GC(653) Pause Young (Normal) (G1 Evacuation Pause)
[2026-01-16T09:17:12.523+0000][gc,task     ] GC(653) Using 8 workers of 8 for evacuation
[2026-01-16T09:17:12.698+0000][gc,phases   ] GC(653)   Pre Evacuate Collection Set: 3.8ms
[2026-01-16T09:17:12.699+0000][gc,phases   ] GC(653)   Merge Heap Roots: 0.4ms
[2026-01-16T09:17:12.700+0000][gc,phases   ] GC(653)   Evacuate Collection Set: 165.4ms
[2026-01-16T09:17:12.700+0000][gc,phases   ] GC(653)   Post Evacuate Collection Set: 3.7ms
[2026-01-16T09:17:12.701+0000][gc,phases   ] GC(653)   Other: 0.6ms
[2026-01-16T09:17:12.701+0000][gc,heap     ] GC(653) Eden regions: 46->0(46)
[2026-01-16T09:17:12.702+0000][gc,heap     ] GC(653) Survivor regions: 5->5(7)
[2026-01-16T09:17:12.702+0000][gc,heap     ] GC(653) Old regions: 273->274
[2026-01-16T09:17:12.704+0000][gc,heap     ] GC(653) Humongous regions: 149->149
[2026-01-16T09:17:12.704+0000][gc,metaspace] GC(653) Metaspace: 14948K(15360K)->14948K(15360K) NonClass: 13217K(13440K)->13217K(13440K) Class: 1731K(1920K)->1731K(1920K)
[2026-01-16T09:17:12.705+0000][gc          ] GC(653) Pause Young (Normal) (G1 Evacuation Pause) 472M->427M(1024M) 182.066ms
[2026-01-16T09:17:12.707+0000][gc,cpu      ] GC(653) User=0.17s Sys=0.02s Real=0.19s
[2026-01-16T09:17:13.652+0000][gc,start    ] GC(654) Pause Young (Normal) (G1 Evacuation Pause)
[2026-01-16T09:17:13.654+0000][gc,task     ] GC(654) Using 8 workers of 8 for evacuation
[2026-01-16T09:17:13.900+0000][gc,mmu      ] GC(654) MMU target violated: 201.0ms (200.0ms/201.0ms)
[2026-01-16T09:17:13.901+0000][gc,phases   ] GC(654)   Pre Evacuate Collection Set: 21.1ms
[2026-01-16T09:17:13.901+0000][gc,phases   ] GC(654)   Merge Heap Roots: 3.8ms
[2026-01-16T09:17:13.901+0000][gc,phases   ] GC(654)   Evacuate Collection Set: 211.8ms
[2026-01-16T09:17:13.902+0000][gc,phases   ] GC(654)   Post Evacuate Collection Set: 6.3ms
[2026-01-16T09:17:13.903+0000][gc,phases   ] GC(654)   Other: 3.7ms
[2026-01-16T09:17:13.903+0000][gc,heap     ] GC(654) Eden regions: 46->0(46)
[2026-01-16T09:17:13.903+0000][gc,heap     ] GC(654) Survivor regions: 5->5(7)
[2026-01-16T09:17:13.903+0000][gc,heap     ] GC(654) Old regions: 274->275
[2026-01-16T09:17:13.904+0000][gc,heap     ] GC(654) Humongous regions: 149->149
[2026-01-16T09:17:13.904+0000][gc,metaspace] GC(654) Metaspace: 14949K(15360K)->14949K(15360K) NonClass: 13217K(13440K)->13217K(13440K) Class: 1731K(1920K)->1731K(1920K)
[2026-01-16T09:17:13.905+0000][gc          ] GC(654) Pause Young (Normal) (G1 Evacuation Pause) 473M->427M(1024M) 253.383ms
[2026-01-16T09:17:13.905+0000][gc,cpu      ] GC(654) User=0.18s Sys=0.01s Real=0.26s
[2026-01-16T09:17:15.205+0000][gc,start    ] GC(655) Pause Young (Normal) (G1 Evacuation Pause)
[2026-01-16T09:17:15.207+0000][gc,task     ] GC(655) Using 8 workers of 8 for evacuation
[2026-01-16T09:17:15.845+0000][gc,mmu      ] GC(655) MMU target violated: 201.0ms (200.0ms/201.0ms)
[2026-01-16T09:17:15.845+0000][gc,phases   ] GC(655)   Pre Evacuate Collection Set: 16.1ms
[2026-01-16T09:17:15.846+0000][gc,phases   ] GC(655)   Merge Heap Roots: 4.2ms
[2026-01-16T09:17:15.846+0000][gc,phases   ] GC(655)   Evacuate Collection Set: 604.0ms
[2026-01-16T09:17:15.847+0000][gc,phases   ] GC(655)   Post Evacuate Collection Set: 10.8ms
[2026-01-16T09:17:15.849+0000][gc,phases   ] GC(655)   Other: 3.2ms
[2026-01-16T09:17:15.850+0000][gc,heap     ] GC(655) Eden regions: 46->0(46)
[2026-01-16T09:17:15.850+0000][gc,heap     ] GC(655) Survivor regions: 5->5(7)
[2026-01-16T09:17:15.850+0000][gc,heap     ] GC(655) Old regions: 275->276
[2026-01-16T09:17:15.851+0000][gc,heap     ] GC(655) Humongous regions: 149->149
[2026-01-16T09:17:15.851+0000][gc,metaspace] GC(655) Metaspace: 14949K(15360K)->14949K(15360K) NonClass: 13218K(13440K)->13218K(13440K) Class: 1731K(1920K)->1731K(1920K)
[2026-01-16T09:17:15.852+0000][gc          ] GC(655) Pause Young (Normal) (G1 Evacuation Pause) 473M->428M(1024M) 646.519ms
[2026-01-16T09:17:15.853+0000][gc,cpu      ] GC(655) User=0.22s Sys=0.01s Real=0.64s
[2026-01-16T09:17:16.727+0000][gc,start    ] GC(656) Pause Young (Normal) (G1 Evacuation Pause)
[2026-01-16T09:17:16.730+0000][gc,task     ] GC(656) Using 8 workers of 8 for evacuation
[2026-01-16T09:17:16.874+0000][gc,phases   ] GC(656)   Pre Evacuate Collection Set: 20.0ms
[2026-01-16T09:17:16.876+0000][gc,phases   ] GC(656)   Merge Heap Roots: 17.0ms
[2026-01-16T09:17:16.881+0000][gc,phases   ] GC(656)   Evacuate Collection Set: 104.8ms
[2026-01-16T09:17:16.882+0000][gc,phases   ] GC(656)   Post Evacuate Collection Set: 1.8ms
[2026-01-16T09:17:16.884+0000][gc,phases   ] GC(656)   Other: 0.7ms
[2026-01-16T09:17:16.884+0000][gc,heap     ] GC(656) Eden regions: 46->0(46)
[2026-01-16T09:17:16.897+0000][gc,heap     ] GC(656) Survivor regions: 5->5(7)
[2026-01-16T09:17:16.898+0000][gc,heap     ] GC(656) Old regions: 276->276
[2026-01-16T09:17:16.899+0000][gc,heap     ] GC(656) Humongous regions: 149->149
[2026-01-16T09:17:16.902+0000][gc,metaspace] GC(656) Metaspace: 14949K(15360K)->14949K(15360K) NonClass: 13218K(13440K)->13218K(13440K) Class: 1731K(1920K)->1731K(1920K)
[2026-01-16T09:17:16.903+0000][gc          ] GC(656) Pause Young (Normal) (G1 Evacuation Pause) 474M->429M(1024M) 175.957ms
[2026-01-16T09:17:16.909+0000][gc,cpu      ] GC(656) User=0.12s Sys=0.02s Real=0.18s
[2026-01-16T09:17:18.173+0000][gc,start    ] GC(657) Pause Young (Normal) (G1 Evacuation Pause)
[2026-01-16T09:17:18.180+0000][gc,task     ] GC(657) Using 8 workers of 8 for evacuation
[2026-01-16T09:17:18.599+0000][gc,mmu      ] GC(657) MMU target violated: 201.0ms (200.0ms/201.0ms)
[2026-01-16T09:17:18.599+0000][gc,phases   ] GC(657)   Pre Evacuate Collection Set: 28.6ms
[2026-01-16T09:17:18.600+0000][gc,phases   ] GC(657)   Merge Heap Roots: 8.5ms
[2026-01-16T09:17:18.600+0000][gc,phases   ] GC(657)   Evacuate Collection Set: 340.7ms
[2026-01-16T09:17:18.600+0000][gc,phases   ] GC(657)   Post Evacuate Collection Set: 39.8ms
[2026-01-16T09:17:18.601+0000][gc,phases   ] GC(657)   Other: 2.5ms
[2026-01-16T09:17:18.601+0000][gc,heap     ] GC(657) Eden regions: 46->0(46)
[2026-01-16T09:17:18.602+0000][gc,heap     ] GC(657) Survivor regions: 5->5(7)
[2026-01-16T09:17:18.602+0000][gc,heap     ] GC(657) Old regions: 276->277
[2026-01-16T09:17:18.603+0000][gc,heap     ] GC(657) Humongous regions: 149->149
[2026-01-16T09:17:18.604+0000][gc,metaspace] GC(657) Metaspace: 14950K(15360K)->14950K(15360K) NonClass: 13218K(13440K)->13218K(13440K) Class: 1731K(1920K)->1731K(1920K)
[2026-01-16T09:17:18.605+0000][gc          ] GC(657) Pause Young (Normal) (G1 Evacuation Pause) 475M->429M(1024M) 431.253ms
[2026-01-16T09:17:18.606+0000][gc,cpu      ] GC(657) User=0.24s Sys=0.03s Real=0.43s
[2026-01-16T09:17:20.791+0000][gc,start    ] GC(658) Pause Young (Normal) (G1 Evacuation Pause)
[2026-01-16T09:17:20.793+0000][gc,task     ] GC(658) Using 8 workers of 8 for evacuation
[2026-01-16T09:17:21.097+0000][gc,mmu      ] GC(658) MMU target violated: 201.0ms (200.0ms/201.0ms)
[2026-01-16T09:17:21.098+0000][gc,phases   ] GC(658)   Pre Evacuate Collection Set: 19.5ms
[2026-01-16T09:17:21.098+0000][gc,phases   ] GC(658)   Merge Heap Roots: 3.0ms
[2026-01-16T09:17:21.099+0000][gc,phases   ] GC(658)   Evacuate Collection Set: 270.8ms
[2026-01-16T09:17:21.099+0000][gc,phases   ] GC(658)   Post Evacuate Collection Set: 8.7ms
[2026-01-16T09:17:21.100+0000][gc,phases   ] GC(658)   Other: 3.3ms
[2026-01-16T09:17:21.100+0000][gc,heap     ] GC(658) Eden regions: 46->0(46)
[2026-01-16T09:17:21.100+0000][gc,heap     ] GC(658) Survivor regions: 5->5(7)
[2026-01-16T09:17:21.101+0000][gc,heap     ] GC(658) Old regions: 277->278
[2026-01-16T09:17:21.101+0000][gc,heap     ] GC(658) Humongous regions: 149->149
[2026-01-16T09:17:21.101+0000][gc,metaspace] GC(658) Metaspace: 14950K(15360K)->14950K(15360K) NonClass: 13218K(13440K)->13218K(13440K) Class: 1731K(1920K)->1731K(1920K)
[2026-01-16T09:17:21.102+0000][gc          ] GC(658) Pause Young (Normal) (G1 Evacuation Pause) 475M->430M(1024M) 310.711ms
[2026-01-16T09:17:21.102+0000][gc,cpu      ] GC(658) User=0.24s Sys=0.01s Real=0.31s
[2026-01-16T09:17:22.945+0000][gc,start    ] GC(659) Pause Young (Normal) (G1 Evacuation Pause)
[2026-01-16T09:17:22.946+0000][gc,task     ] GC(659) Using 8 workers of 8 for evacuation
[2026-01-16T09:17:23.191+0000][gc,mmu      ] GC(659) MMU target violated: 201.0ms (200.0ms/201.0ms)
[2026-01-16T09:17:23.195+0000][gc,phases   ] GC(659)   Pre Evacuate Collection Set: 11.7ms
[2026-01-16T09:17:23.199+0000][gc,phases   ] GC(659)   Merge Heap Roots: 3.6ms
[2026-01-16T09:17:23.202+0000][gc,phases   ] GC(659)   Evacuate Collection Set: 197.0ms
[2026-01-16T09:17:23.207+0000][gc,phases   ] GC(659)   Post Evacuate Collection Set: 31.5ms
[2026-01-16T09:17:23.207+0000][gc,phases   ] GC(659)   Other: 4.9ms
[2026-01-16T09:17:23.208+0000][gc,heap     ] GC(659) Eden regions: 46->0(46)
[2026-01-16T09:17:23.208+0000][gc,heap     ] GC(659) Survivor regions: 5->5(7)
[2026-01-16T09:17:23.209+0000][gc,heap     ] GC(659) Old regions: 278->278
[2026-01-16T09:17:23.210+0000][gc,heap     ] GC(659) Humongous regions: 149->149
[2026-01-16T09:17:23.210+0000][gc,metaspace] GC(659) Metaspace: 14950K(15360K)->14950K(15360K) NonClass: 13218K(13440K)->13218K(13440K) Class: 1731K(1920K)->1731K(1920K)
[2026-01-16T09:17:23.215+0000][gc          ] GC(659) Pause Young (Normal) (G1 Evacuation Pause) 476M->431M(1024M) 270.320ms
[2026-01-16T09:17:23.217+0000][gc,cpu      ] GC(659) User=0.17s Sys=0.00s Real=0.27s
[2026-01-16T09:17:23.791+0000][gc,start    ] GC(660) Pause Young (Normal) (G1 Evacuation Pause)
[2026-01-16T09:17:23.792+0000][gc,task     ] GC(660) Using 8 workers of 8 for evacuation
[2026-01-16T09:17:23.924+0000][gc,phases   ] GC(660)   Pre Evacuate Collection Set: 3.1ms
[2026-01-16T09:17:23.925+0000][gc,phases   ] GC(660)   Merge Heap Roots: 8.6ms
[2026-01-16T09:17:23.928+0000][gc,phases   ] GC(660)   Evacuate Collection Set: 111.8ms
[2026-01-16T09:17:23.928+0000][gc,phases   ] GC(660)   Post Evacuate Collection Set: 7.9ms
[2026-01-16T09:17:23.930+0000][gc,phases   ] GC(660)   Other: 0.5ms
[2026-01-16T09:17:23.933+0000][gc,heap     ] GC(660) Eden regions: 46->0(46)
[2026-01-16T09:17:23.934+0000][gc,heap     ] GC(660) Survivor regions: 5->5(7)
[2026-01-16T09:17:23.934+0000][gc,heap     ] GC(660) Old regions: 278->279
[2026-01-16T09:17:23.934+0000][gc,heap     ] GC(660) Humongous regions: 149->149
[2026-01-16T09:17:23.934+0000][gc,metaspace] GC(660) Metaspace: 14950K(15360K)->14950K(15360K) NonClass: 13218K(13440K)->13218K(13440K) Class: 1731K(1920K)->1731K(1920K)
[2026-01-16T09:17:23.934+0000][gc          ] GC(660) Pause Young (Normal) (G1 Evacuation Pause) 477M->431M(1024M) 142.472ms
[2026-01-16T09:17:23.934+0000][gc,cpu      ] GC(660) User=0.08s Sys=0.01s Real=0.15s
[2026-01-16T09:17:24.953+0000][gc,start    ] GC(661) Pause Young (Normal) (G1 Evacuation Pause)
[2026-01-16T09:17:24.955+0000][gc,task     ] GC(661) Using 8 workers of 8 for evacuation
[2026-01-16T09:17:25.261+0000][gc,mmu      ] GC(661) MMU target violated: 201.0ms (200.0ms/201.0ms)
[2026-01-16T09:17:25.261+0000][gc,phases   ] GC(661)   Pre Evacuate Collection Set: 6.0ms
[2026-01-16T09:17:25.261+0000][gc,phases   ] GC(661)   Merge Heap Roots: 1.5ms
[2026-01-16T09:17:25.261+0000][gc,phases   ] GC(661)   Evacuate Collection Set: 276.1ms
[2026-01-16T09:17:25.261+0000][gc,phases   ] GC(661)   Post Evacuate Collection Set: 21.2ms
[2026-01-16T09:17:25.261+0000][gc,phases   ] GC(661)   Other: 1.3ms
[2026-01-16T09:17:25.261+0000][gc,heap     ] GC(661) Eden regions: 46->0(46)
[2026-01-16T09:17:25.261+0000][gc,heap     ] GC(661) Survivor regions: 5->5(7)
[2026-01-16T09:17:25.261+0000][gc,heap     ] GC(661) Old regions: 279->280
[2026-01-16T09:17:25.261+0000][gc,heap     ] GC(661) Humongous regions: 149->149
[2026-01-16T09:17:25.261+0000][gc,metaspace] GC(661) Metaspace: 14950K(15360K)->14950K(15360K) NonClass: 13218K(13440K)->13218K(13440K) Class: 1731K(1920K)->1731K(1920K)
[2026-01-16T09:17:25.261+0000][gc          ] GC(661) Pause Young (Normal) (G1 Evacuation Pause) 477M->432M(1024M) 307.918ms
[2026-01-16T09:17:25.261+0000][gc,cpu      ] GC(661) User=0.19s Sys=0.01s Real=0.30s
[2026-01-16T09:17:26.706+0000][gc,start    ] GC(662) Pause Young (Normal) (G1 Evacuation Pause)
[2026-01-16T09:17:26.707+0000][gc,task     ] GC(662) Using 8 workers of 8 for evacuation
[2026-01-16T09:17:26.907+0000][gc,mmu      ] GC(662) MMU target violated: 200.3ms (200.0ms/201.0ms)
[2026-01-16T09:17:26.908+0000][gc,phases   ] GC(662)   Pre Evacuate Collection Set: 15.5ms
[2026-01-16T09:17:26.912+0000][gc,phases   ] GC(662)   Merge Heap Roots: 5.9ms
[2026-01-16T09:17:26.912+0000][gc,phases   ] GC(662)   Evacuate Collection Set: 166.5ms
[2026-01-16T09:17:26.916+0000][gc,phases   ] GC(662)   Post Evacuate Collection Set: 11.7ms
[2026-01-16T09:17:26.917+0000][gc,phases   ] GC(662)   Other: 1.5ms
[2026-01-16T09:17:26.917+0000][gc,heap     ] GC(662) Eden regions: 46->0(46)
[2026-01-16T09:17:26.917+0000][gc,heap     ] GC(662) Survivor regions: 5->5(7)
[2026-01-16T09:17:26.917+0000][gc,heap     ] GC(662) Old regions: 280->280
[2026-01-16T09:17:26.917+0000][gc,heap     ] GC(662) Humongous regions: 149->149
[2026-01-16T09:17:26.917+0000][gc,metaspace] GC(662) Metaspace: 14952K(15360K)->14952K(15360K) NonClass: 13220K(13440K)->13220K(13440K) Class: 1731K(1920K)->1731K(1920K)
[2026-01-16T09:17:26.919+0000][gc          ] GC(662) Pause Young (Normal) (G1 Evacuation Pause) 478M->433M(1024M) 212.718ms
[2026-01-16T09:17:26.919+0000][gc,cpu      ] GC(662) User=0.15s Sys=0.01s Real=0.21s
[2026-01-16T09:17:27.886+0000][gc,start    ] GC(663) Pause Young (Normal) (G1 Evacuation Pause)
[2026-01-16T09:17:27.887+0000][gc,task     ] GC(663) Using 8 workers of 8 for evacuation
[2026-01-16T09:17:28.016+0000][gc,phases   ] GC(663)   Pre Evacuate Collection Set: 6.8ms
[2026-01-16T09:17:28.017+0000][gc,phases   ] GC(663)   Merge Heap Roots: 1.0ms
[2026-01-16T09:17:28.017+0000][gc,phases   ] GC(663)   Evacuate Collection Set: 115.9ms
[2026-01-16T09:17:28.017+0000][gc,phases   ] GC(663)   Post Evacuate Collection Set: 4.7ms
[2026-01-16T09:17:28.019+0000][gc,phases   ] GC(663)   Other: 1.3ms
[2026-01-16T09:17:28.020+0000][gc,heap     ] GC(663) Eden regions: 46->0(46)
[2026-01-16T09:17:28.020+0000][gc,heap     ] GC(663) Survivor regions: 5->5(7)
[2026-01-16T09:17:28.020+0000][gc,heap     ] GC(663) Old regions: 280->281
[2026-01-16T09:17:28.020+0000][gc,heap     ] GC(663) Humongous regions: 149->149
[2026-01-16T09:17:28.021+0000][gc,metaspace] GC(663) Metaspace: 14952K(15360K)->14952K(15360K) NonClass: 13220K(13440K)->13220K(13440K) Class: 1731K(1920K)->1731K(1920K)
[2026-01-16T09:17:28.021+0000][gc          ] GC(663) Pause Young (Normal) (G1 Evacuation Pause) 479M->433M(1024M) 135.488ms
[2026-01-16T09:17:28.022+0000][gc,cpu      ] GC(663) User=0.11s Sys=0.02s Real=0.13s
[2026-01-16T09:17:30.170+0000][gc,start    ] GC(664) Pause Young (Normal) (G1 Evacuation Pause)
[2026-01-16T09:17:30.173+0000][gc,task     ] GC(664) Using 8 workers of 8 for evacuation
[2026-01-16T09:17:30.661+0000][gc,mmu      ] GC(664) MMU target violated: 201.0ms (200.0ms/201.0ms)
[2026-01-16T09:17:30.664+0000][gc,phases   ] GC(664)   Pre Evacuate Collection Set: 26.5ms
[2026-01-16T09:17:30.668+0000][gc,phases   ] GC(664)   Merge Heap Roots: 1.8ms
[2026-01-16T09:17:30.669+0000][gc,phases   ] GC(664)   Evacuate Collection Set: 387.4ms
[2026-01-16T09:17:30.670+0000][gc,phases   ] GC(664)   Post Evacuate Collection Set: 65.6ms
[2026-01-16T09:17:30.671+0000][gc,phases   ] GC(664)   Other: 10.0ms
[2026-01-16T09:17:30.672+0000][gc,heap     ] GC(664) Eden regions: 46->0(46)
[2026-01-16T09:17:30.673+0000][gc,heap     ] GC(664) Survivor regions: 5->5(7)
[2026-01-16T09:17:30.674+0000][gc,heap     ] GC(664) Old regions: 281->282
[2026-01-16T09:17:30.677+0000][gc,heap     ] GC(664) Humongous regions: 149->149
[2026-01-16T09:17:30.681+0000][gc,metaspace] GC(664) Metaspace: 14962K(15360K)->14962K(15360K) NonClass: 13230K(13440K)->13230K(13440K) Class: 1731K(1920K)->1731K(1920K)
[2026-01-16T09:17:30.689+0000][gc          ] GC(664) Pause Young (Normal) (G1 Evacuation Pause) 479M->435M(1024M) 518.180ms
[2026-01-16T09:17:30.694+0000][gc,cpu      ] GC(664) User=0.29s Sys=0.01s Real=0.53s
[2026-01-16T09:17:34.116+0000][gc,start    ] GC(665) Pause Young (Normal) (G1 Evacuation Pause)
[2026-01-16T09:17:34.122+0000][gc,task     ] GC(665) Using 8 workers of 8 for evacuation
[2026-01-16T09:17:34.537+0000][gc,mmu      ] GC(665) MMU target violated: 201.0ms (200.0ms/201.0ms)
[2026-01-16T09:17:34.538+0000][gc,phases   ] GC(665)   Pre Evacuate Collection Set: 37.2ms
[2026-01-16T09:17:34.538+0000][gc,phases   ] GC(665)   Merge Heap Roots: 10.2ms
[2026-01-16T09:17:34.538+0000][gc,phases   ] GC(665)   Evacuate Collection Set: 344.1ms
[2026-01-16T09:17:34.538+0000][gc,phases   ] GC(665)   Post Evacuate Collection Set: 22.9ms
[2026-01-16T09:17:34.538+0000][gc,phases   ] GC(665)   Other: 1.2ms
[2026-01-16T09:17:34.539+0000][gc,heap     ] GC(665) Eden regions: 46->0(46)
[2026-01-16T09:17:34.550+0000][gc,heap     ] GC(665) Survivor regions: 5->5(7)
[2026-01-16T09:17:34.551+0000][gc,heap     ] GC(665) Old regions: 282->283
[2026-01-16T09:17:34.553+0000][gc,heap     ] GC(665) Humongous regions: 149->149
[2026-01-16T09:17:34.553+0000][gc,metaspace] GC(665) Metaspace: 14963K(15360K)->14963K(15360K) NonClass: 13231K(13440K)->13231K(13440K) Class: 1731K(1920K)->1731K(1920K)
[2026-01-16T09:17:34.554+0000][gc          ] GC(665) Pause Young (Normal) (G1 Evacuation Pause) 481M->435M(1024M) 437.962ms
[2026-01-16T09:17:34.557+0000][gc,cpu      ] GC(665) User=0.26s Sys=0.01s Real=0.44s
[2026-01-16T09:17:36.533+0000][gc,start    ] GC(666) Pause Young (Normal) (G1 Evacuation Pause)
[2026-01-16T09:17:36.535+0000][gc,task     ] GC(666) Using 8 workers of 8 for evacuation
[2026-01-16T09:17:36.854+0000][gc,mmu      ] GC(666) MMU target violated: 201.0ms (200.0ms/201.0ms)
[2026-01-16T09:17:36.855+0000][gc,phases   ] GC(666)   Pre Evacuate Collection Set: 19.8ms
[2026-01-16T09:17:36.855+0000][gc,phases   ] GC(666)   Merge Heap Roots: 0.7ms
[2026-01-16T09:17:36.856+0000][gc,phases   ] GC(666)   Evacuate Collection Set: 275.0ms
[2026-01-16T09:17:36.856+0000][gc,phases   ] GC(666)   Post Evacuate Collection Set: 19.2ms
[2026-01-16T09:17:36.856+0000][gc,phases   ] GC(666)   Other: 5.5ms
[2026-01-16T09:17:36.857+0000][gc,heap     ] GC(666) Eden regions: 46->0(46)
[2026-01-16T09:17:36.858+0000][gc,heap     ] GC(666) Survivor regions: 5->5(7)
[2026-01-16T09:17:36.858+0000][gc,heap     ] GC(666) Old regions: 283->283
[2026-01-16T09:17:36.859+0000][gc,heap     ] GC(666) Humongous regions: 149->149
[2026-01-16T09:17:36.859+0000][gc,metaspace] GC(666) Metaspace: 14964K(15360K)->14964K(15360K) NonClass: 13232K(13440K)->13232K(13440K) Class: 1731K(1920K)->1731K(1920K)
[2026-01-16T09:17:36.859+0000][gc          ] GC(666) Pause Young (Normal) (G1 Evacuation Pause) 481M->436M(1024M) 326.627ms
[2026-01-16T09:17:36.860+0000][gc,cpu      ] GC(666) User=0.15s Sys=0.02s Real=0.33s
[2026-01-16T09:17:38.706+0000][gc,start    ] GC(667) Pause Young (Normal) (G1 Evacuation Pause)
[2026-01-16T09:17:38.707+0000][gc,task     ] GC(667) Using 8 workers of 8 for evacuation
[2026-01-16T09:17:38.995+0000][gc,mmu      ] GC(667) MMU target violated: 201.0ms (200.0ms/201.0ms)
[2026-01-16T09:17:38.997+0000][gc,phases   ] GC(667)   Pre Evacuate Collection Set: 40.0ms
[2026-01-16T09:17:38.999+0000][gc,phases   ] GC(667)   Merge Heap Roots: 1.2ms
[2026-01-16T09:17:39.000+0000][gc,phases   ] GC(667)   Evacuate Collection Set: 235.2ms
[2026-01-16T09:17:39.000+0000][gc,phases   ] GC(667)   Post Evacuate Collection Set: 9.4ms
[2026-01-16T09:17:39.000+0000][gc,phases   ] GC(667)   Other: 4.7ms
[2026-01-16T09:17:39.001+0000][gc,heap     ] GC(667) Eden regions: 46->0(46)
[2026-01-16T09:17:39.001+0000][gc,heap     ] GC(667) Survivor regions: 5->5(7)
[2026-01-16T09:17:39.002+0000][gc,heap     ] GC(667) Old regions: 283->284
[2026-01-16T09:17:39.002+0000][gc,heap     ] GC(667) Humongous regions: 149->149
[2026-01-16T09:17:39.004+0000][gc,metaspace] GC(667) Metaspace: 14964K(15360K)->14964K(15360K) NonClass: 13232K(13440K)->13232K(13440K) Class: 1731K(1920K)->1731K(1920K)
[2026-01-16T09:17:39.004+0000][gc          ] GC(667) Pause Young (Normal) (G1 Evacuation Pause) 482M->436M(1024M) 298.764ms
[2026-01-16T09:17:39.005+0000][gc,cpu      ] GC(667) User=0.20s Sys=0.00s Real=0.30s
[2026-01-16T09:17:40.348+0000][gc,start    ] GC(668) Pause Young (Normal) (G1 Evacuation Pause)
[2026-01-16T09:17:40.350+0000][gc,task     ] GC(668) Using 8 workers of 8 for evacuation
[2026-01-16T09:17:40.524+0000][gc,phases   ] GC(668)   Pre Evacuate Collection Set: 17.9ms
[2026-01-16T09:17:40.525+0000][gc,phases   ] GC(668)   Merge Heap Roots: 3.0ms
[2026-01-16T09:17:40.525+0000][gc,phases   ] GC(668)   Evacuate Collection Set: 143.5ms
[2026-01-16T09:17:40.526+0000][gc,phases   ] GC(668)   Post Evacuate Collection Set: 9.1ms
[2026-01-16T09:17:40.526+0000][gc,phases   ] GC(668)   Other: 1.0ms
[2026-01-16T09:17:40.527+0000][gc,heap     ] GC(668) Eden regions: 46->0(46)
[2026-01-16T09:17:40.528+0000][gc,heap     ] GC(668) Survivor regions: 5->5(7)
[2026-01-16T09:17:40.528+0000][gc,heap     ] GC(668) Old regions: 284->285
[2026-01-16T09:17:40.528+0000][gc,heap     ] GC(668) Humongous regions: 149->149
[2026-01-16T09:17:40.529+0000][gc,metaspace] GC(668) Metaspace: 14964K(15360K)->14964K(15360K) NonClass: 13232K(13440K)->13232K(13440K) Class: 1731K(1920K)->1731K(1920K)
[2026-01-16T09:17:40.529+0000][gc          ] GC(668) Pause Young (Normal) (G1 Evacuation Pause) 482M->437M(1024M) 181.251ms
[2026-01-16T09:17:40.530+0000][gc,cpu      ] GC(668) User=0.20s Sys=0.00s Real=0.18s
[2026-01-16T09:17:41.240+0000][gc,start    ] GC(669) Pause Young (Normal) (G1 Evacuation Pause)
[2026-01-16T09:17:41.242+0000][gc,task     ] GC(669) Using 8 workers of 8 for evacuation
[2026-01-16T09:17:41.529+0000][gc,mmu      ] GC(669) MMU target violated: 201.0ms (200.0ms/201.0ms)
[2026-01-16T09:17:41.543+0000][gc,phases   ] GC(669)   Pre Evacuate Collection Set: 8.6ms
[2026-01-16T09:17:41.544+0000][gc,phases   ] GC(669)   Merge Heap Roots: 4.1ms
[2026-01-16T09:17:41.544+0000][gc,phases   ] GC(669)   Evacuate Collection Set: 262.1ms
[2026-01-16T09:17:41.545+0000][gc,phases   ] GC(669)   Post Evacuate Collection Set: 8.0ms
[2026-01-16T09:17:41.546+0000][gc,phases   ] GC(669)   Other: 18.0ms
[2026-01-16T09:17:41.552+0000][gc,heap     ] GC(669) Eden regions: 46->0(46)
[2026-01-16T09:17:41.554+0000][gc,heap     ] GC(669) Survivor regions: 5->5(7)
[2026-01-16T09:17:41.557+0000][gc,heap     ] GC(669) Old regions: 285->285
[2026-01-16T09:17:41.558+0000][gc,heap     ] GC(669) Humongous regions: 149->149
[2026-01-16T09:17:41.565+0000][gc,metaspace] GC(669) Metaspace: 14964K(15360K)->14964K(15360K) NonClass: 13232K(13440K)->13232K(13440K) Class: 1731K(1920K)->1731K(1920K)
[2026-01-16T09:17:41.566+0000][gc          ] GC(669) Pause Young (Normal) (G1 Evacuation Pause) 483M->438M(1024M) 325.672ms
[2026-01-16T09:17:41.568+0000][gc,cpu      ] GC(669) User=0.17s Sys=0.00s Real=0.33s
[2026-01-16T09:17:43.172+0000][gc,start    ] GC(670) Pause Young (Normal) (G1 Evacuation Pause)
[2026-01-16T09:17:43.173+0000][gc,task     ] GC(670) Using 8 workers of 8 for evacuation
[2026-01-16T09:17:43.617+0000][gc,mmu      ] GC(670) MMU target violated: 201.0ms (200.0ms/201.0ms)
[2026-01-16T09:17:43.621+0000][gc,phases   ] GC(670)   Pre Evacuate Collection Set: 14.4ms
[2026-01-16T09:17:43.624+0000][gc,phases   ] GC(670)   Merge Heap Roots: 4.9ms
[2026-01-16T09:17:43.625+0000][gc,phases   ] GC(670)   Evacuate Collection Set: 402.7ms
[2026-01-16T09:17:43.625+0000][gc,phases   ] GC(670)   Post Evacuate Collection Set: 21.9ms
[2026-01-16T09:17:43.626+0000][gc,phases   ] GC(670)   Other: 4.2ms
[2026-01-16T09:17:43.628+0000][gc,heap     ] GC(670) Eden regions: 46->0(48)
[2026-01-16T09:17:43.628+0000][gc,heap     ] GC(670) Survivor regions: 5->3(7)
[2026-01-16T09:17:43.631+0000][gc,heap     ] GC(670) Old regions: 285->286
[2026-01-16T09:17:43.632+0000][gc,heap     ] GC(670) Humongous regions: 149->149
[2026-01-16T09:17:43.632+0000][gc,metaspace] GC(670) Metaspace: 14964K(15360K)->14964K(15360K) NonClass: 13232K(13440K)->13232K(13440K) Class: 1731K(1920K)->1731K(1920K)
[2026-01-16T09:17:43.634+0000][gc          ] GC(670) Pause Young (Normal) (G1 Evacuation Pause) 484M->436M(1024M) 462.079ms
[2026-01-16T09:17:43.635+0000][gc,cpu      ] GC(670) User=0.25s Sys=0.02s Real=0.47s
[2026-01-16T09:17:46.319+0000][gc,start    ] GC(671) Pause Young (Normal) (G1 Evacuation Pause)
[2026-01-16T09:17:46.321+0000][gc,task     ] GC(671) Using 8 workers of 8 for evacuation
[2026-01-16T09:17:46.694+0000][gc,mmu      ] GC(671) MMU target violated: 201.0ms (200.0ms/201.0ms)
[2026-01-16T09:17:46.695+0000][gc,phases   ] GC(671)   Pre Evacuate Collection Set: 8.4ms
[2026-01-16T09:17:46.699+0000][gc,phases   ] GC(671)   Merge Heap Roots: 5.3ms
[2026-01-16T09:17:46.699+0000][gc,phases   ] GC(671)   Evacuate Collection Set: 345.4ms
[2026-01-16T09:17:46.701+0000][gc,phases   ] GC(671)   Post Evacuate Collection Set: 13.1ms
[2026-01-16T09:17:46.701+0000][gc,phases   ] GC(671)   Other: 2.1ms
[2026-01-16T09:17:46.701+0000][gc,heap     ] GC(671) Eden regions: 48->0(48)
[2026-01-16T09:17:46.701+0000][gc,heap     ] GC(671) Survivor regions: 3->3(7)
[2026-01-16T09:17:46.702+0000][gc,heap     ] GC(671) Old regions: 286->286
[2026-01-16T09:17:46.702+0000][gc,heap     ] GC(671) Humongous regions: 149->149
[2026-01-16T09:17:46.702+0000][gc,metaspace] GC(671) Metaspace: 14964K(15360K)->14964K(15360K) NonClass: 13233K(13440K)->13233K(13440K) Class: 1731K(1920K)->1731K(1920K)
[2026-01-16T09:17:46.703+0000][gc          ] GC(671) Pause Young (Normal) (G1 Evacuation Pause) 484M->437M(1024M) 384.426ms
[2026-01-16T09:17:46.704+0000][gc,cpu      ] GC(671) User=0.14s Sys=0.01s Real=0.39s
[2026-01-16T09:17:48.214+0000][gc,start    ] GC(672) Pause Young (Normal) (G1 Evacuation Pause)
[2026-01-16T09:17:48.220+0000][gc,task     ] GC(672) Using 8 workers of 8 for evacuation
[2026-01-16T09:17:48.407+0000][gc,phases   ] GC(672)   Pre Evacuate Collection Set: 31.0ms
[2026-01-16T09:17:48.408+0000][gc,phases   ] GC(672)   Merge Heap Roots: 1.3ms
[2026-01-16T09:17:48.408+0000][gc,phases   ] GC(672)   Evacuate Collection Set: 139.6ms
[2026-01-16T09:17:48.409+0000][gc,phases   ] GC(672)   Post Evacuate Collection Set: 13.9ms
[2026-01-16T09:17:48.409+0000][gc,phases   ] GC(672)   Other: 1.2ms
[2026-01-16T09:17:48.409+0000][gc,heap     ] GC(672) Eden regions: 48->0(47)
[2026-01-16T09:17:48.410+0000][gc,heap     ] GC(672) Survivor regions: 3->4(7)
[2026-01-16T09:17:48.410+0000][gc,heap     ] GC(672) Old regions: 286->286
[2026-01-16T09:17:48.411+0000][gc,heap     ] GC(672) Humongous regions: 149->149
[2026-01-16T09:17:48.411+0000][gc,metaspace] GC(672) Metaspace: 14966K(15360K)->14966K(15360K) NonClass: 13234K(13440K)->13234K(13440K) Class: 1731K(1920K)->1731K(1920K)
[2026-01-16T09:17:48.417+0000][gc          ] GC(672) Pause Young (Normal) (G1 Evacuation Pause) 485M->437M(1024M) 202.841ms
[2026-01-16T09:17:48.417+0000][gc,cpu      ] GC(672) User=0.12s Sys=0.02s Real=0.21s
[2026-01-16T09:17:51.260+0000][gc,start    ] GC(673) Pause Young (Normal) (G1 Evacuation Pause)
[2026-01-16T09:17:51.263+0000][gc,task     ] GC(673) Using 8 workers of 8 for evacuation
[2026-01-16T09:17:51.673+0000][gc,mmu      ] GC(673) MMU target violated: 201.0ms (200.0ms/201.0ms)
[2026-01-16T09:17:51.675+0000][gc,phases   ] GC(673)   Pre Evacuate Collection Set: 52.4ms
[2026-01-16T09:17:51.677+0000][gc,phases   ] GC(673)   Merge Heap Roots: 32.4ms
[2026-01-16T09:17:51.678+0000][gc,phases   ] GC(673)   Evacuate Collection Set: 311.7ms
[2026-01-16T09:17:51.679+0000][gc,phases   ] GC(673)   Post Evacuate Collection Set: 12.7ms
[2026-01-16T09:17:51.680+0000][gc,phases   ] GC(673)   Other: 2.8ms
[2026-01-16T09:17:51.683+0000][gc,heap     ] GC(673) Eden regions: 47->0(49)
[2026-01-16T09:17:51.685+0000][gc,heap     ] GC(673) Survivor regions: 4->2(7)
[2026-01-16T09:17:51.686+0000][gc,heap     ] GC(673) Old regions: 286->286
[2026-01-16T09:17:51.687+0000][gc,heap     ] GC(673) Humongous regions: 149->149
[2026-01-16T09:17:51.688+0000][gc,metaspace] GC(673) Metaspace: 14970K(15360K)->14970K(15360K) NonClass: 13238K(13440K)->13238K(13440K) Class: 1731K(1920K)->1731K(1920K)
[2026-01-16T09:17:51.688+0000][gc          ] GC(673) Pause Young (Normal) (G1 Evacuation Pause) 484M->436M(1024M) 428.043ms
[2026-01-16T09:17:51.689+0000][gc,cpu      ] GC(673) User=0.20s Sys=0.01s Real=0.43s
[2026-01-16T09:18:00.387+0000][gc,start    ] GC(674) Pause Young (Normal) (G1 Evacuation Pause)
[2026-01-16T09:18:00.390+0000][gc,task     ] GC(674) Using 8 workers of 8 for evacuation
[2026-01-16T09:18:00.940+0000][gc,mmu      ] GC(674) MMU target violated: 201.0ms (200.0ms/201.0ms)
[2026-01-16T09:18:00.941+0000][gc,phases   ] GC(674)   Pre Evacuate Collection Set: 75.2ms
[2026-01-16T09:18:00.942+0000][gc,phases   ] GC(674)   Merge Heap Roots: 16.6ms
[2026-01-16T09:18:00.945+0000][gc,phases   ] GC(674)   Evacuate Collection Set: 419.6ms
[2026-01-16T09:18:00.947+0000][gc,phases   ] GC(674)   Post Evacuate Collection Set: 33.5ms
[2026-01-16T09:18:00.958+0000][gc,phases   ] GC(674)   Other: 6.4ms
[2026-01-16T09:18:00.963+0000][gc,heap     ] GC(674) Eden regions: 49->0(48)
[2026-01-16T09:18:00.964+0000][gc,heap     ] GC(674) Survivor regions: 2->3(7)
[2026-01-16T09:18:00.964+0000][gc,heap     ] GC(674) Old regions: 286->286
[2026-01-16T09:18:00.964+0000][gc,heap     ] GC(674) Humongous regions: 149->149
[2026-01-16T09:18:00.965+0000][gc,metaspace] GC(674) Metaspace: 14971K(15360K)->14971K(15360K) NonClass: 13239K(13440K)->13239K(13440K) Class: 1731K(1920K)->1731K(1920K)
[2026-01-16T09:18:00.966+0000][gc          ] GC(674) Pause Young (Normal) (G1 Evacuation Pause) 485M->437M(1024M) 579.645ms
[2026-01-16T09:18:00.968+0000][gc,cpu      ] GC(674) User=0.30s Sys=0.01s Real=0.58s
[2026-01-16T09:18:03.995+0000][gc,start    ] GC(675) Pause Young (Normal) (G1 Evacuation Pause)
[2026-01-16T09:18:03.995+0000][gc,task     ] GC(675) Using 8 workers of 8 for evacuation
[2026-01-16T09:18:04.411+0000][gc,mmu      ] GC(675) MMU target violated: 201.0ms (200.0ms/201.0ms)
[2026-01-16T09:18:04.413+0000][gc,phases   ] GC(675)   Pre Evacuate Collection Set: 46.0ms
[2026-01-16T09:18:04.414+0000][gc,phases   ] GC(675)   Merge Heap Roots: 8.5ms
[2026-01-16T09:18:04.414+0000][gc,phases   ] GC(675)   Evacuate Collection Set: 348.3ms
[2026-01-16T09:18:04.414+0000][gc,phases   ] GC(675)   Post Evacuate Collection Set: 10.6ms
[2026-01-16T09:18:04.414+0000][gc,phases   ] GC(675)   Other: 4.4ms
[2026-01-16T09:18:04.415+0000][gc,heap     ] GC(675) Eden regions: 48->0(47)
[2026-01-16T09:18:04.415+0000][gc,heap     ] GC(675) Survivor regions: 3->4(7)
[2026-01-16T09:18:04.415+0000][gc,heap     ] GC(675) Old regions: 286->286
[2026-01-16T09:18:04.415+0000][gc,heap     ] GC(675) Humongous regions: 149->149
[2026-01-16T09:18:04.416+0000][gc,metaspace] GC(675) Metaspace: 14971K(15360K)->14971K(15360K) NonClass: 13239K(13440K)->13239K(13440K) Class: 1731K(1920K)->1731K(1920K)
[2026-01-16T09:18:04.417+0000][gc          ] GC(675) Pause Young (Normal) (G1 Evacuation Pause) 485M->437M(1024M) 421.885ms
[2026-01-16T09:18:04.417+0000][gc,cpu      ] GC(675) User=0.27s Sys=0.02s Real=0.43s
[2026-01-16T09:18:05.808+0000][gc,start    ] GC(676) Pause Young (Normal) (G1 Evacuation Pause)
[2026-01-16T09:18:05.809+0000][gc,task     ] GC(676) Using 8 workers of 8 for evacuation
[2026-01-16T09:18:05.970+0000][gc,phases   ] GC(676)   Pre Evacuate Collection Set: 13.3ms
[2026-01-16T09:18:05.970+0000][gc,phases   ] GC(676)   Merge Heap Roots: 0.6ms
[2026-01-16T09:18:05.970+0000][gc,phases   ] GC(676)   Evacuate Collection Set: 136.7ms
[2026-01-16T09:18:05.970+0000][gc,phases   ] GC(676)   Post Evacuate Collection Set: 5.3ms
[2026-01-16T09:18:05.970+0000][gc,phases   ] GC(676)   Other: 4.5ms
[2026-01-16T09:18:05.970+0000][gc,heap     ] GC(676) Eden regions: 47->0(47)
[2026-01-16T09:18:05.970+0000][gc,heap     ] GC(676) Survivor regions: 4->4(7)
[2026-01-16T09:18:05.970+0000][gc,heap     ] GC(676) Old regions: 286->286
[2026-01-16T09:18:05.972+0000][gc,heap     ] GC(676) Humongous regions: 149->149
[2026-01-16T09:18:05.973+0000][gc,metaspace] GC(676) Metaspace: 14971K(15360K)->14971K(15360K) NonClass: 13240K(13440K)->13240K(13440K) Class: 1731K(1920K)->1731K(1920K)
[2026-01-16T09:18:05.973+0000][gc          ] GC(676) Pause Young (Normal) (G1 Evacuation Pause) 484M->438M(1024M) 164.710ms
[2026-01-16T09:18:05.973+0000][gc,cpu      ] GC(676) User=0.15s Sys=0.01s Real=0.17s
[2026-01-16T09:18:08.107+0000][gc,start    ] GC(677) Pause Young (Normal) (G1 Evacuation Pause)
[2026-01-16T09:18:08.111+0000][gc,task     ] GC(677) Using 8 workers of 8 for evacuation
[2026-01-16T09:18:09.155+0000][gc,mmu      ] GC(677) MMU target violated: 201.0ms (200.0ms/201.0ms)
[2026-01-16T09:18:09.156+0000][gc,phases   ] GC(677)   Pre Evacuate Collection Set: 7.4ms
[2026-01-16T09:18:09.156+0000][gc,phases   ] GC(677)   Merge Heap Roots: 7.2ms
[2026-01-16T09:18:09.157+0000][gc,phases   ] GC(677)   Evacuate Collection Set: 854.3ms
[2026-01-16T09:18:09.157+0000][gc,phases   ] GC(677)   Post Evacuate Collection Set: 165.0ms
[2026-01-16T09:18:09.157+0000][gc,phases   ] GC(677)   Other: 11.0ms
[2026-01-16T09:18:09.161+0000][gc,heap     ] GC(677) Eden regions: 47->0(46)
[2026-01-16T09:18:09.162+0000][gc,heap     ] GC(677) Survivor regions: 4->5(7)
[2026-01-16T09:18:09.162+0000][gc,heap     ] GC(677) Old regions: 286->286
[2026-01-16T09:18:09.162+0000][gc,heap     ] GC(677) Humongous regions: 149->149
[2026-01-16T09:18:09.162+0000][gc,metaspace] GC(677) Metaspace: 14973K(15360K)->14973K(15360K) NonClass: 13241K(13440K)->13241K(13440K) Class: 1731K(1920K)->1731K(1920K)
[2026-01-16T09:18:09.163+0000][gc          ] GC(677) Pause Young (Normal) (G1 Evacuation Pause) 485M->439M(1024M) 1055.910ms
[2026-01-16T09:18:09.169+0000][gc,cpu      ] GC(677) User=0.49s Sys=0.06s Real=1.06s
[2026-01-16T09:18:11.160+0000][gc,start    ] GC(678) Pause Young (Normal) (G1 Evacuation Pause)
[2026-01-16T09:18:11.162+0000][gc,task     ] GC(678) Using 8 workers of 8 for evacuation
[2026-01-16T09:18:11.609+0000][gc,mmu      ] GC(678) MMU target violated: 201.0ms (200.0ms/201.0ms)
[2026-01-16T09:18:11.610+0000][gc,phases   ] GC(678)   Pre Evacuate Collection Set: 67.7ms
[2026-01-16T09:18:11.610+0000][gc,phases   ] GC(678)   Merge Heap Roots: 2.8ms
[2026-01-16T09:18:11.611+0000][gc,phases   ] GC(678)   Evacuate Collection Set: 368.0ms
[2026-01-16T09:18:11.613+0000][gc,phases   ] GC(678)   Post Evacuate Collection Set: 8.0ms
[2026-01-16T09:18:11.613+0000][gc,phases   ] GC(678)   Other: 1.9ms
[2026-01-16T09:18:11.613+0000][gc,heap     ] GC(678) Eden regions: 46->0(46)
[2026-01-16T09:18:11.614+0000][gc,heap     ] GC(678) Survivor regions: 5->5(7)
[2026-01-16T09:18:11.614+0000][gc,heap     ] GC(678) Old regions: 286->287
[2026-01-16T09:18:11.614+0000][gc,heap     ] GC(678) Humongous regions: 149->149
[2026-01-16T09:18:11.615+0000][gc,metaspace] GC(678) Metaspace: 14980K(15360K)->14980K(15360K) NonClass: 13249K(13440K)->13249K(13440K) Class: 1731K(1920K)->1731K(1920K)
[2026-01-16T09:18:11.616+0000][gc          ] GC(678) Pause Young (Normal) (G1 Evacuation Pause) 485M->439M(1024M) 455.741ms
[2026-01-16T09:18:11.616+0000][gc,cpu      ] GC(678) User=0.27s Sys=0.02s Real=0.46s
[2026-01-16T09:18:12.928+0000][gc,start    ] GC(679) Pause Young (Normal) (G1 Evacuation Pause)
[2026-01-16T09:18:12.940+0000][gc,task     ] GC(679) Using 8 workers of 8 for evacuation
[2026-01-16T09:18:13.231+0000][gc,mmu      ] GC(679) MMU target violated: 201.0ms (200.0ms/201.0ms)
[2026-01-16T09:18:13.234+0000][gc,phases   ] GC(679)   Pre Evacuate Collection Set: 35.0ms
[2026-01-16T09:18:13.234+0000][gc,phases   ] GC(679)   Merge Heap Roots: 6.0ms
[2026-01-16T09:18:13.235+0000][gc,phases   ] GC(679)   Evacuate Collection Set: 237.9ms
[2026-01-16T09:18:13.235+0000][gc,phases   ] GC(679)   Post Evacuate Collection Set: 11.3ms
[2026-01-16T09:18:13.235+0000][gc,phases   ] GC(679)   Other: 11.3ms
[2026-01-16T09:18:13.235+0000][gc,heap     ] GC(679) Eden regions: 46->0(47)
[2026-01-16T09:18:13.235+0000][gc,heap     ] GC(679) Survivor regions: 5->4(7)
[2026-01-16T09:18:13.235+0000][gc,heap     ] GC(679) Old regions: 287->288
[2026-01-16T09:18:13.236+0000][gc,heap     ] GC(679) Humongous regions: 149->149
[2026-01-16T09:18:13.236+0000][gc,metaspace] GC(679) Metaspace: 14996K(15360K)->14996K(15360K) NonClass: 13264K(13440K)->13264K(13440K) Class: 1731K(1920K)->1731K(1920K)
[2026-01-16T09:18:13.236+0000][gc          ] GC(679) Pause Young (Normal) (G1 Evacuation Pause) 485M->440M(1024M) 308.373ms
[2026-01-16T09:18:13.237+0000][gc,cpu      ] GC(679) User=0.15s Sys=0.01s Real=0.31s
[2026-01-16T09:18:14.195+0000][gc,start    ] GC(680) Pause Young (Normal) (G1 Evacuation Pause)
[2026-01-16T09:18:14.202+0000][gc,task     ] GC(680) Using 8 workers of 8 for evacuation
[2026-01-16T09:18:14.560+0000][gc,mmu      ] GC(680) MMU target violated: 201.0ms (200.0ms/201.0ms)
[2026-01-16T09:18:14.564+0000][gc,phases   ] GC(680)   Pre Evacuate Collection Set: 32.6ms
[2026-01-16T09:18:14.564+0000][gc,phases   ] GC(680)   Merge Heap Roots: 6.7ms
[2026-01-16T09:18:14.566+0000][gc,phases   ] GC(680)   Evacuate Collection Set: 295.0ms
[2026-01-16T09:18:14.567+0000][gc,phases   ] GC(680)   Post Evacuate Collection Set: 15.9ms
[2026-01-16T09:18:14.568+0000][gc,phases   ] GC(680)   Other: 15.2ms
[2026-01-16T09:18:14.573+0000][gc,heap     ] GC(680) Eden regions: 47->0(46)
[2026-01-16T09:18:14.574+0000][gc,heap     ] GC(680) Survivor regions: 4->5(7)
[2026-01-16T09:18:14.575+0000][gc,heap     ] GC(680) Old regions: 288->288
[2026-01-16T09:18:14.575+0000][gc,heap     ] GC(680) Humongous regions: 149->149
[2026-01-16T09:18:14.577+0000][gc,metaspace] GC(680) Metaspace: 14996K(15360K)->14996K(15360K) NonClass: 13264K(13440K)->13264K(13440K) Class: 1731K(1920K)->1731K(1920K)
[2026-01-16T09:18:14.578+0000][gc          ] GC(680) Pause Young (Normal) (G1 Evacuation Pause) 487M->440M(1024M) 382.878ms
[2026-01-16T09:18:14.580+0000][gc,cpu      ] GC(680) User=0.20s Sys=0.00s Real=0.38s
[2026-01-16T09:18:16.232+0000][gc,start    ] GC(681) Pause Young (Normal) (G1 Evacuation Pause)
[2026-01-16T09:18:16.241+0000][gc,task     ] GC(681) Using 8 workers of 8 for evacuation
[2026-01-16T09:18:16.413+0000][gc,phases   ] GC(681)   Pre Evacuate Collection Set: 53.1ms
[2026-01-16T09:18:16.413+0000][gc,phases   ] GC(681)   Merge Heap Roots: 0.8ms
[2026-01-16T09:18:16.413+0000][gc,phases   ] GC(681)   Evacuate Collection Set: 105.2ms
[2026-01-16T09:18:16.414+0000][gc,phases   ] GC(681)   Post Evacuate Collection Set: 10.4ms
[2026-01-16T09:18:16.416+0000][gc,phases   ] GC(681)   Other: 3.0ms
[2026-01-16T09:18:16.416+0000][gc,heap     ] GC(681) Eden regions: 46->0(46)
[2026-01-16T09:18:16.417+0000][gc,heap     ] GC(681) Survivor regions: 5->5(7)
[2026-01-16T09:18:16.417+0000][gc,heap     ] GC(681) Old regions: 288->289
[2026-01-16T09:18:16.417+0000][gc,heap     ] GC(681) Humongous regions: 149->149
[2026-01-16T09:18:16.419+0000][gc,metaspace] GC(681) Metaspace: 14999K(15360K)->14999K(15360K) NonClass: 13267K(13440K)->13267K(13440K) Class: 1731K(1920K)->1731K(1920K)
[2026-01-16T09:18:16.419+0000][gc          ] GC(681) Pause Young (Normal) (G1 Evacuation Pause) 486M->442M(1024M) 186.763ms
[2026-01-16T09:18:16.419+0000][gc,cpu      ] GC(681) User=0.17s Sys=0.01s Real=0.19s
[2026-01-16T09:18:17.322+0000][gc,start    ] GC(682) Pause Young (Normal) (G1 Evacuation Pause)
[2026-01-16T09:18:17.326+0000][gc,task     ] GC(682) Using 8 workers of 8 for evacuation
[2026-01-16T09:18:17.541+0000][gc,mmu      ] GC(682) MMU target violated: 201.0ms (200.0ms/201.0ms)
[2026-01-16T09:18:17.552+0000][gc,phases   ] GC(682)   Pre Evacuate Collection Set: 26.2ms
[2026-01-16T09:18:17.584+0000][gc,phases   ] GC(682)   Merge Heap Roots: 7.8ms
[2026-01-16T09:18:17.584+0000][gc,phases   ] GC(682)   Evacuate Collection Set: 176.9ms
[2026-01-16T09:18:17.585+0000][gc,phases   ] GC(682)   Post Evacuate Collection Set: 2.3ms
[2026-01-16T09:18:17.587+0000][gc,phases   ] GC(682)   Other: 15.6ms
[2026-01-16T09:18:17.588+0000][gc,heap     ] GC(682) Eden regions: 46->0(46)
[2026-01-16T09:18:17.589+0000][gc,heap     ] GC(682) Survivor regions: 5->5(7)
[2026-01-16T09:18:17.589+0000][gc,heap     ] GC(682) Old regions: 289->290
[2026-01-16T09:18:17.589+0000][gc,heap     ] GC(682) Humongous regions: 149->149
[2026-01-16T09:18:17.591+0000][gc,metaspace] GC(682) Metaspace: 14999K(15360K)->14999K(15360K) NonClass: 13267K(13440K)->13267K(13440K) Class: 1731K(1920K)->1731K(1920K)
[2026-01-16T09:18:17.592+0000][gc          ] GC(682) Pause Young (Normal) (G1 Evacuation Pause) 488M->442M(1024M) 270.186ms
[2026-01-16T09:18:17.603+0000][gc,cpu      ] GC(682) User=0.10s Sys=0.01s Real=0.28s
[2026-01-16T09:18:18.172+0000][gc,start    ] GC(683) Pause Young (Normal) (G1 Evacuation Pause)
[2026-01-16T09:18:18.173+0000][gc,task     ] GC(683) Using 8 workers of 8 for evacuation
[2026-01-16T09:18:18.274+0000][gc,phases   ] GC(683)   Pre Evacuate Collection Set: 2.9ms
[2026-01-16T09:18:18.275+0000][gc,phases   ] GC(683)   Merge Heap Roots: 3.3ms
[2026-01-16T09:18:18.276+0000][gc,phases   ] GC(683)   Evacuate Collection Set: 91.8ms
[2026-01-16T09:18:18.277+0000][gc,phases   ] GC(683)   Post Evacuate Collection Set: 1.7ms
[2026-01-16T09:18:18.278+0000][gc,phases   ] GC(683)   Other: 1.1ms
[2026-01-16T09:18:18.280+0000][gc,heap     ] GC(683) Eden regions: 46->0(46)
[2026-01-16T09:18:18.281+0000][gc,heap     ] GC(683) Survivor regions: 5->5(7)
[2026-01-16T09:18:18.281+0000][gc,heap     ] GC(683) Old regions: 290->290
[2026-01-16T09:18:18.282+0000][gc,heap     ] GC(683) Humongous regions: 149->149
[2026-01-16T09:18:18.283+0000][gc,metaspace] GC(683) Metaspace: 14999K(15360K)->14999K(15360K) NonClass: 13267K(13440K)->13267K(13440K) Class: 1731K(1920K)->1731K(1920K)
[2026-01-16T09:18:18.284+0000][gc          ] GC(683) Pause Young (Normal) (G1 Evacuation Pause) 488M->443M(1024M) 111.269ms
[2026-01-16T09:18:18.285+0000][gc,cpu      ] GC(683) User=0.07s Sys=0.00s Real=0.12s
[2026-01-16T09:18:19.963+0000][gc,start    ] GC(684) Pause Young (Normal) (G1 Evacuation Pause)
[2026-01-16T09:18:19.967+0000][gc,task     ] GC(684) Using 8 workers of 8 for evacuation
[2026-01-16T09:18:20.167+0000][gc,phases   ] GC(684)   Pre Evacuate Collection Set: 12.3ms
[2026-01-16T09:18:20.169+0000][gc,phases   ] GC(684)   Merge Heap Roots: 1.2ms
[2026-01-16T09:18:20.170+0000][gc,phases   ] GC(684)   Evacuate Collection Set: 182.7ms
[2026-01-16T09:18:20.171+0000][gc,phases   ] GC(684)   Post Evacuate Collection Set: 3.0ms
[2026-01-16T09:18:20.171+0000][gc,phases   ] GC(684)   Other: 3.4ms
[2026-01-16T09:18:20.172+0000][gc,heap     ] GC(684) Eden regions: 46->0(47)
[2026-01-16T09:18:20.173+0000][gc,heap     ] GC(684) Survivor regions: 5->4(7)
[2026-01-16T09:18:20.174+0000][gc,heap     ] GC(684) Old regions: 290->291
[2026-01-16T09:18:20.174+0000][gc,heap     ] GC(684) Humongous regions: 149->149
[2026-01-16T09:18:20.174+0000][gc,metaspace] GC(684) Metaspace: 14999K(15360K)->14999K(15360K) NonClass: 13267K(13440K)->13267K(13440K) Class: 1731K(1920K)->1731K(1920K)
[2026-01-16T09:18:20.175+0000][gc          ] GC(684) Pause Young (Normal) (G1 Evacuation Pause) 489M->443M(1024M) 212.728ms
[2026-01-16T09:18:20.176+0000][gc,cpu      ] GC(684) User=0.19s Sys=0.02s Real=0.22s
[2026-01-16T09:18:21.690+0000][gc,start    ] GC(685) Pause Young (Normal) (G1 Evacuation Pause)
[2026-01-16T09:18:21.692+0000][gc,task     ] GC(685) Using 8 workers of 8 for evacuation
[2026-01-16T09:18:21.853+0000][gc,phases   ] GC(685)   Pre Evacuate Collection Set: 18.6ms
[2026-01-16T09:18:21.856+0000][gc,phases   ] GC(685)   Merge Heap Roots: 2.7ms
[2026-01-16T09:18:21.856+0000][gc,phases   ] GC(685)   Evacuate Collection Set: 116.2ms
[2026-01-16T09:18:21.857+0000][gc,phases   ] GC(685)   Post Evacuate Collection Set: 19.9ms
[2026-01-16T09:18:21.858+0000][gc,phases   ] GC(685)   Other: 3.6ms
[2026-01-16T09:18:21.859+0000][gc,heap     ] GC(685) Eden regions: 47->0(47)
[2026-01-16T09:18:21.859+0000][gc,heap     ] GC(685) Survivor regions: 4->4(7)
[2026-01-16T09:18:21.860+0000][gc,heap     ] GC(685) Old regions: 291->292
[2026-01-16T09:18:21.860+0000][gc,heap     ] GC(685) Humongous regions: 149->149
[2026-01-16T09:18:21.861+0000][gc,metaspace] GC(685) Metaspace: 14999K(15360K)->14999K(15360K) NonClass: 13267K(13440K)->13267K(13440K) Class: 1731K(1920K)->1731K(1920K)
[2026-01-16T09:18:21.862+0000][gc          ] GC(685) Pause Young (Normal) (G1 Evacuation Pause) 490M->444M(1024M) 171.990ms
[2026-01-16T09:18:21.862+0000][gc,cpu      ] GC(685) User=0.18s Sys=0.02s Real=0.17s
[2026-01-16T09:18:23.874+0000][gc,start    ] GC(686) Pause Young (Normal) (G1 Evacuation Pause)
[2026-01-16T09:18:23.878+0000][gc,task     ] GC(686) Using 8 workers of 8 for evacuation
[2026-01-16T09:18:24.061+0000][gc,phases   ] GC(686)   Pre Evacuate Collection Set: 10.0ms
[2026-01-16T09:18:24.062+0000][gc,phases   ] GC(686)   Merge Heap Roots: 4.4ms
[2026-01-16T09:18:24.063+0000][gc,phases   ] GC(686)   Evacuate Collection Set: 167.0ms
[2026-01-16T09:18:24.063+0000][gc,phases   ] GC(686)   Post Evacuate Collection Set: 1.4ms
[2026-01-16T09:18:24.063+0000][gc,phases   ] GC(686)   Other: 1.2ms
[2026-01-16T09:18:24.063+0000][gc,heap     ] GC(686) Eden regions: 47->0(46)
[2026-01-16T09:18:24.065+0000][gc,heap     ] GC(686) Survivor regions: 4->5(7)
[2026-01-16T09:18:24.066+0000][gc,heap     ] GC(686) Old regions: 292->292
[2026-01-16T09:18:24.066+0000][gc,heap     ] GC(686) Humongous regions: 149->149
[2026-01-16T09:18:24.066+0000][gc,metaspace] GC(686) Metaspace: 14999K(15360K)->14999K(15360K) NonClass: 13267K(13440K)->13267K(13440K) Class: 1731K(1920K)->1731K(1920K)
[2026-01-16T09:18:24.067+0000][gc          ] GC(686) Pause Young (Normal) (G1 Evacuation Pause) 491M->444M(1024M) 192.354ms
[2026-01-16T09:18:24.067+0000][gc,cpu      ] GC(686) User=0.13s Sys=0.00s Real=0.19s
[2026-01-16T09:18:26.096+0000][gc,start    ] GC(687) Pause Young (Normal) (G1 Evacuation Pause)
[2026-01-16T09:18:26.104+0000][gc,task     ] GC(687) Using 8 workers of 8 for evacuation
[2026-01-16T09:18:26.398+0000][gc,mmu      ] GC(687) MMU target violated: 201.0ms (200.0ms/201.0ms)
[2026-01-16T09:18:26.402+0000][gc,phases   ] GC(687)   Pre Evacuate Collection Set: 13.3ms
[2026-01-16T09:18:26.403+0000][gc,phases   ] GC(687)   Merge Heap Roots: 0.7ms
[2026-01-16T09:18:26.403+0000][gc,phases   ] GC(687)   Evacuate Collection Set: 274.6ms
[2026-01-16T09:18:26.403+0000][gc,phases   ] GC(687)   Post Evacuate Collection Set: 5.3ms
[2026-01-16T09:18:26.404+0000][gc,phases   ] GC(687)   Other: 4.5ms
[2026-01-16T09:18:26.404+0000][gc,heap     ] GC(687) Eden regions: 46->0(47)
[2026-01-16T09:18:26.404+0000][gc,heap     ] GC(687) Survivor regions: 5->4(7)
[2026-01-16T09:18:26.405+0000][gc,heap     ] GC(687) Old regions: 292->293
[2026-01-16T09:18:26.408+0000][gc,heap     ] GC(687) Humongous regions: 149->149
[2026-01-16T09:18:26.408+0000][gc,metaspace] GC(687) Metaspace: 14999K(15360K)->14999K(15360K) NonClass: 13267K(13440K)->13267K(13440K) Class: 1731K(1920K)->1731K(1920K)
[2026-01-16T09:18:26.409+0000][gc          ] GC(687) Pause Young (Normal) (G1 Evacuation Pause) 490M->445M(1024M) 312.417ms
[2026-01-16T09:18:26.409+0000][gc,cpu      ] GC(687) User=0.22s Sys=0.01s Real=0.31s
[2026-01-16T09:18:28.811+0000][gc,start    ] GC(688) Pause Young (Normal) (G1 Evacuation Pause)
[2026-01-16T09:18:28.832+0000][gc,task     ] GC(688) Using 8 workers of 8 for evacuation
[2026-01-16T09:18:29.066+0000][gc,mmu      ] GC(688) MMU target violated: 201.0ms (200.0ms/201.0ms)
[2026-01-16T09:18:29.066+0000][gc,phases   ] GC(688)   Pre Evacuate Collection Set: 10.7ms
[2026-01-16T09:18:29.068+0000][gc,phases   ] GC(688)   Merge Heap Roots: 2.0ms
[2026-01-16T09:18:29.069+0000][gc,phases   ] GC(688)   Evacuate Collection Set: 204.7ms
[2026-01-16T09:18:29.070+0000][gc,phases   ] GC(688)   Post Evacuate Collection Set: 12.1ms
[2026-01-16T09:18:29.071+0000][gc,phases   ] GC(688)   Other: 5.0ms
[2026-01-16T09:18:29.071+0000][gc,heap     ] GC(688) Eden regions: 47->0(109)
[2026-01-16T09:18:29.074+0000][gc,heap     ] GC(688) Survivor regions: 4->2(7)
[2026-01-16T09:18:29.081+0000][gc,heap     ] GC(688) Old regions: 293->293
[2026-01-16T09:18:29.086+0000][gc,heap     ] GC(688) Humongous regions: 149->149
[2026-01-16T09:18:29.088+0000][gc,metaspace] GC(688) Metaspace: 15005K(15424K)->15005K(15424K) NonClass: 13273K(13504K)->13273K(13504K) Class: 1731K(1920K)->1731K(1920K)
[2026-01-16T09:18:29.089+0000][gc          ] GC(688) Pause Young (Normal) (G1 Evacuation Pause) 492M->443M(1024M) 277.849ms
[2026-01-16T09:18:29.117+0000][gc,cpu      ] GC(688) User=0.16s Sys=0.03s Real=0.31s
[2026-01-16T09:18:36.782+0000][gc,start    ] GC(689) Pause Young (Normal) (G1 Evacuation Pause)
[2026-01-16T09:18:36.786+0000][gc,task     ] GC(689) Using 8 workers of 8 for evacuation
[2026-01-16T09:18:37.469+0000][gc,mmu      ] GC(689) MMU target violated: 201.0ms (200.0ms/201.0ms)
[2026-01-16T09:18:37.469+0000][gc,phases   ] GC(689)   Pre Evacuate Collection Set: 63.6ms
[2026-01-16T09:18:37.469+0000][gc,phases   ] GC(689)   Merge Heap Roots: 17.0ms
[2026-01-16T09:18:37.469+0000][gc,phases   ] GC(689)   Evacuate Collection Set: 512.7ms
[2026-01-16T09:18:37.469+0000][gc,phases   ] GC(689)   Post Evacuate Collection Set: 50.6ms
[2026-01-16T09:18:37.469+0000][gc,phases   ] GC(689)   Other: 39.4ms
[2026-01-16T09:18:37.469+0000][gc,heap     ] GC(689) Eden regions: 96->0(48)
[2026-01-16T09:18:37.471+0000][gc,heap     ] GC(689) Survivor regions: 2->3(13)
[2026-01-16T09:18:37.471+0000][gc,heap     ] GC(689) Old regions: 293->293
[2026-01-16T09:18:37.471+0000][gc,heap     ] GC(689) Humongous regions: 149->149
[2026-01-16T09:18:37.471+0000][gc,metaspace] GC(689) Metaspace: 15005K(15424K)->15005K(15424K) NonClass: 13273K(13504K)->13273K(13504K) Class: 1731K(1920K)->1731K(1920K)
[2026-01-16T09:18:37.472+0000][gc          ] GC(689) Pause Young (Normal) (G1 Evacuation Pause) 539M->444M(1024M) 690.057ms
[2026-01-16T09:18:37.472+0000][gc,cpu      ] GC(689) User=0.45s Sys=0.14s Real=0.69s
[2026-01-16T09:18:40.300+0000][gc,start    ] GC(690) Pause Young (Normal) (G1 Evacuation Pause)
[2026-01-16T09:18:40.301+0000][gc,task     ] GC(690) Using 8 workers of 8 for evacuation
[2026-01-16T09:18:40.519+0000][gc,mmu      ] GC(690) MMU target violated: 201.0ms (200.0ms/201.0ms)
[2026-01-16T09:18:40.520+0000][gc,phases   ] GC(690)   Pre Evacuate Collection Set: 15.2ms
[2026-01-16T09:18:40.520+0000][gc,phases   ] GC(690)   Merge Heap Roots: 7.6ms
[2026-01-16T09:18:40.521+0000][gc,phases   ] GC(690)   Evacuate Collection Set: 188.2ms
[2026-01-16T09:18:40.521+0000][gc,phases   ] GC(690)   Post Evacuate Collection Set: 7.5ms
[2026-01-16T09:18:40.521+0000][gc,phases   ] GC(690)   Other: 1.2ms
[2026-01-16T09:18:40.522+0000][gc,heap     ] GC(690) Eden regions: 48->0(47)
[2026-01-16T09:18:40.522+0000][gc,heap     ] GC(690) Survivor regions: 3->4(7)
[2026-01-16T09:18:40.522+0000][gc,heap     ] GC(690) Old regions: 293->293
[2026-01-16T09:18:40.523+0000][gc,heap     ] GC(690) Humongous regions: 149->149
[2026-01-16T09:18:40.523+0000][gc,metaspace] GC(690) Metaspace: 15005K(15424K)->15005K(15424K) NonClass: 13273K(13504K)->13273K(13504K) Class: 1731K(1920K)->1731K(1920K)
[2026-01-16T09:18:40.524+0000][gc          ] GC(690) Pause Young (Normal) (G1 Evacuation Pause) 492M->445M(1024M) 223.851ms
[2026-01-16T09:18:40.524+0000][gc,cpu      ] GC(690) User=0.22s Sys=0.01s Real=0.23s
[2026-01-16T09:18:41.242+0000][gc,start    ] GC(691) Pause Young (Normal) (G1 Evacuation Pause)
[2026-01-16T09:18:41.243+0000][gc,task     ] GC(691) Using 8 workers of 8 for evacuation
[2026-01-16T09:18:41.441+0000][gc,phases   ] GC(691)   Pre Evacuate Collection Set: 2.5ms
[2026-01-16T09:18:41.443+0000][gc,phases   ] GC(691)   Merge Heap Roots: 3.1ms
[2026-01-16T09:18:41.444+0000][gc,phases   ] GC(691)   Evacuate Collection Set: 184.2ms
[2026-01-16T09:18:41.445+0000][gc,phases   ] GC(691)   Post Evacuate Collection Set: 7.5ms
[2026-01-16T09:18:41.447+0000][gc,phases   ] GC(691)   Other: 0.5ms
[2026-01-16T09:18:41.449+0000][gc,heap     ] GC(691) Eden regions: 47->0(46)
[2026-01-16T09:18:41.449+0000][gc,heap     ] GC(691) Survivor regions: 4->5(7)
[2026-01-16T09:18:41.450+0000][gc,heap     ] GC(691) Old regions: 293->293
[2026-01-16T09:18:41.452+0000][gc,heap     ] GC(691) Humongous regions: 149->149
[2026-01-16T09:18:41.453+0000][gc,metaspace] GC(691) Metaspace: 15005K(15424K)->15005K(15424K) NonClass: 13273K(13504K)->13273K(13504K) Class: 1731K(1920K)->1731K(1920K)
[2026-01-16T09:18:41.453+0000][gc          ] GC(691) Pause Young (Normal) (G1 Evacuation Pause) 492M->446M(1024M) 210.814ms
[2026-01-16T09:18:41.455+0000][gc,cpu      ] GC(691) User=0.13s Sys=0.01s Real=0.22s
[2026-01-16T09:18:42.414+0000][gc,start    ] GC(692) Pause Young (Normal) (G1 Evacuation Pause)
[2026-01-16T09:18:42.416+0000][gc,task     ] GC(692) Using 8 workers of 8 for evacuation
[2026-01-16T09:18:42.563+0000][gc,phases   ] GC(692)   Pre Evacuate Collection Set: 5.5ms
[2026-01-16T09:18:42.565+0000][gc,phases   ] GC(692)   Merge Heap Roots: 5.7ms
[2026-01-16T09:18:42.566+0000][gc,phases   ] GC(692)   Evacuate Collection Set: 129.9ms
[2026-01-16T09:18:42.566+0000][gc,phases   ] GC(692)   Post Evacuate Collection Set: 5.4ms
[2026-01-16T09:18:42.567+0000][gc,phases   ] GC(692)   Other: 0.6ms
[2026-01-16T09:18:42.570+0000][gc,heap     ] GC(692) Eden regions: 46->0(49)
[2026-01-16T09:18:42.576+0000][gc,heap     ] GC(692) Survivor regions: 5->2(7)
[2026-01-16T09:18:42.577+0000][gc,heap     ] GC(692) Old regions: 293->294
[2026-01-16T09:18:42.577+0000][gc,heap     ] GC(692) Humongous regions: 149->149
[2026-01-16T09:18:42.578+0000][gc,metaspace] GC(692) Metaspace: 15005K(15424K)->15005K(15424K) NonClass: 13274K(13504K)->13274K(13504K) Class: 1731K(1920K)->1731K(1920K)
[2026-01-16T09:18:42.579+0000][gc          ] GC(692) Pause Young (Normal) (G1 Evacuation Pause) 492M->444M(1024M) 164.219ms
[2026-01-16T09:18:42.580+0000][gc,cpu      ] GC(692) User=0.13s Sys=0.00s Real=0.16s
[2026-01-16T09:18:44.330+0000][gc,start    ] GC(693) Pause Young (Normal) (G1 Evacuation Pause)
[2026-01-16T09:18:44.332+0000][gc,task     ] GC(693) Using 8 workers of 8 for evacuation
[2026-01-16T09:18:44.506+0000][gc,phases   ] GC(693)   Pre Evacuate Collection Set: 18.6ms
[2026-01-16T09:18:44.521+0000][gc,phases   ] GC(693)   Merge Heap Roots: 20.0ms
[2026-01-16T09:18:44.524+0000][gc,phases   ] GC(693)   Evacuate Collection Set: 130.8ms
[2026-01-16T09:18:44.564+0000][gc,phases   ] GC(693)   Post Evacuate Collection Set: 3.4ms
[2026-01-16T09:18:44.574+0000][gc,phases   ] GC(693)   Other: 2.0ms
[2026-01-16T09:18:44.575+0000][gc,heap     ] GC(693) Eden regions: 49->0(48)
[2026-01-16T09:18:44.575+0000][gc,heap     ] GC(693) Survivor regions: 2->3(7)
[2026-01-16T09:18:44.575+0000][gc,heap     ] GC(693) Old regions: 294->294
[2026-01-16T09:18:44.576+0000][gc,heap     ] GC(693) Humongous regions: 149->149
[2026-01-16T09:18:44.576+0000][gc,metaspace] GC(693) Metaspace: 15005K(15424K)->15005K(15424K) NonClass: 13274K(13504K)->13274K(13504K) Class: 1731K(1920K)->1731K(1920K)
[2026-01-16T09:18:44.577+0000][gc          ] GC(693) Pause Young (Normal) (G1 Evacuation Pause) 493M->445M(1024M) 246.817ms
[2026-01-16T09:18:44.577+0000][gc,cpu      ] GC(693) User=0.15s Sys=0.01s Real=0.25s
[2026-01-16T09:18:47.637+0000][gc,start    ] GC(694) Pause Young (Normal) (G1 Evacuation Pause)
[2026-01-16T09:18:47.641+0000][gc,task     ] GC(694) Using 8 workers of 8 for evacuation
[2026-01-16T09:18:47.997+0000][gc,mmu      ] GC(694) MMU target violated: 201.0ms (200.0ms/201.0ms)
[2026-01-16T09:18:48.002+0000][gc,phases   ] GC(694)   Pre Evacuate Collection Set: 28.0ms
[2026-01-16T09:18:48.004+0000][gc,phases   ] GC(694)   Merge Heap Roots: 4.8ms
[2026-01-16T09:18:48.004+0000][gc,phases   ] GC(694)   Evacuate Collection Set: 298.8ms
[2026-01-16T09:18:48.005+0000][gc,phases   ] GC(694)   Post Evacuate Collection Set: 14.2ms
[2026-01-16T09:18:48.006+0000][gc,phases   ] GC(694)   Other: 15.3ms
[2026-01-16T09:18:48.006+0000][gc,heap     ] GC(694) Eden regions: 48->0(47)
[2026-01-16T09:18:48.006+0000][gc,heap     ] GC(694) Survivor regions: 3->4(7)
[2026-01-16T09:18:48.008+0000][gc,heap     ] GC(694) Old regions: 294->294
[2026-01-16T09:18:48.010+0000][gc,heap     ] GC(694) Humongous regions: 149->149
[2026-01-16T09:18:48.012+0000][gc,metaspace] GC(694) Metaspace: 15006K(15424K)->15006K(15424K) NonClass: 13274K(13504K)->13274K(13504K) Class: 1731K(1920K)->1731K(1920K)
[2026-01-16T09:18:48.013+0000][gc          ] GC(694) Pause Young (Normal) (G1 Evacuation Pause) 493M->446M(1024M) 376.149ms
[2026-01-16T09:18:48.014+0000][gc,cpu      ] GC(694) User=0.19s Sys=0.00s Real=0.38s
[2026-01-16T09:18:50.745+0000][gc,start    ] GC(695) Pause Young (Normal) (G1 Evacuation Pause)
[2026-01-16T09:18:50.745+0000][gc,task     ] GC(695) Using 8 workers of 8 for evacuation
[2026-01-16T09:18:50.874+0000][gc,phases   ] GC(695)   Pre Evacuate Collection Set: 13.2ms
[2026-01-16T09:18:50.874+0000][gc,phases   ] GC(695)   Merge Heap Roots: 6.7ms
[2026-01-16T09:18:50.875+0000][gc,phases   ] GC(695)   Evacuate Collection Set: 99.7ms
[2026-01-16T09:18:50.875+0000][gc,phases   ] GC(695)   Post Evacuate Collection Set: 7.9ms
[2026-01-16T09:18:50.876+0000][gc,phases   ] GC(695)   Other: 1.4ms
[2026-01-16T09:18:50.876+0000][gc,heap     ] GC(695) Eden regions: 47->0(58)
[2026-01-16T09:18:50.876+0000][gc,heap     ] GC(695) Survivor regions: 4->2(7)
[2026-01-16T09:18:50.876+0000][gc,heap     ] GC(695) Old regions: 294->294
[2026-01-16T09:18:50.877+0000][gc,heap     ] GC(695) Humongous regions: 149->149
[2026-01-16T09:18:50.878+0000][gc,metaspace] GC(695) Metaspace: 15015K(15424K)->15015K(15424K) NonClass: 13283K(13504K)->13283K(13504K) Class: 1731K(1920K)->1731K(1920K)
[2026-01-16T09:18:50.878+0000][gc          ] GC(695) Pause Young (Normal) (G1 Evacuation Pause) 493M->444M(1024M) 133.397ms
[2026-01-16T09:18:50.878+0000][gc,cpu      ] GC(695) User=0.12s Sys=0.00s Real=0.13s
[2026-01-16T09:18:52.275+0000][gc,start    ] GC(696) Pause Young (Normal) (G1 Evacuation Pause)
[2026-01-16T09:18:52.277+0000][gc,task     ] GC(696) Using 8 workers of 8 for evacuation
[2026-01-16T09:18:52.437+0000][gc,phases   ] GC(696)   Pre Evacuate Collection Set: 17.4ms
[2026-01-16T09:18:52.438+0000][gc,phases   ] GC(696)   Merge Heap Roots: 1.3ms
[2026-01-16T09:18:52.438+0000][gc,phases   ] GC(696)   Evacuate Collection Set: 101.9ms
[2026-01-16T09:18:52.439+0000][gc,phases   ] GC(696)   Post Evacuate Collection Set: 38.8ms
[2026-01-16T09:18:52.439+0000][gc,phases   ] GC(696)   Other: 1.0ms
[2026-01-16T09:18:52.440+0000][gc,heap     ] GC(696) Eden regions: 52->0(48)
[2026-01-16T09:18:52.440+0000][gc,heap     ] GC(696) Survivor regions: 2->3(7)
[2026-01-16T09:18:52.441+0000][gc,heap     ] GC(696) Old regions: 294->294
[2026-01-16T09:18:52.444+0000][gc,heap     ] GC(696) Humongous regions: 149->149
[2026-01-16T09:18:52.444+0000][gc,metaspace] GC(696) Metaspace: 15015K(15424K)->15015K(15424K) NonClass: 13283K(13504K)->13283K(13504K) Class: 1731K(1920K)->1731K(1920K)
[2026-01-16T09:18:52.447+0000][gc          ] GC(696) Pause Young (Normal) (G1 Evacuation Pause) 496M->444M(1024M) 171.611ms
[2026-01-16T09:18:52.449+0000][gc,cpu      ] GC(696) User=0.14s Sys=0.01s Real=0.17s
[2026-01-16T09:18:53.969+0000][gc,start    ] GC(697) Pause Young (Normal) (G1 Evacuation Pause)
[2026-01-16T09:18:53.971+0000][gc,task     ] GC(697) Using 8 workers of 8 for evacuation
[2026-01-16T09:18:54.363+0000][gc,mmu      ] GC(697) MMU target violated: 201.0ms (200.0ms/201.0ms)
[2026-01-16T09:18:54.365+0000][gc,phases   ] GC(697)   Pre Evacuate Collection Set: 8.3ms
[2026-01-16T09:18:54.369+0000][gc,phases   ] GC(697)   Merge Heap Roots: 2.3ms
[2026-01-16T09:18:54.370+0000][gc,phases   ] GC(697)   Evacuate Collection Set: 374.9ms
[2026-01-16T09:18:54.371+0000][gc,phases   ] GC(697)   Post Evacuate Collection Set: 4.0ms
[2026-01-16T09:18:54.375+0000][gc,phases   ] GC(697)   Other: 4.8ms
[2026-01-16T09:18:54.379+0000][gc,heap     ] GC(697) Eden regions: 48->0(48)
[2026-01-16T09:18:54.380+0000][gc,heap     ] GC(697) Survivor regions: 3->3(7)
[2026-01-16T09:18:54.380+0000][gc,heap     ] GC(697) Old regions: 294->294
[2026-01-16T09:18:54.380+0000][gc,heap     ] GC(697) Humongous regions: 149->149
[2026-01-16T09:18:54.381+0000][gc,metaspace] GC(697) Metaspace: 15015K(15424K)->15015K(15424K) NonClass: 13283K(13504K)->13283K(13504K) Class: 1731K(1920K)->1731K(1920K)
[2026-01-16T09:18:54.381+0000][gc          ] GC(697) Pause Young (Normal) (G1 Evacuation Pause) 492M->445M(1024M) 411.814ms
[2026-01-16T09:18:54.384+0000][gc,cpu      ] GC(697) User=0.22s Sys=0.00s Real=0.42s
[2026-01-16T09:18:56.025+0000][gc,start    ] GC(698) Pause Young (Normal) (G1 Evacuation Pause)
[2026-01-16T09:18:56.030+0000][gc,task     ] GC(698) Using 8 workers of 8 for evacuation
[2026-01-16T09:18:56.210+0000][gc,phases   ] GC(698)   Pre Evacuate Collection Set: 13.4ms
[2026-01-16T09:18:56.212+0000][gc,phases   ] GC(698)   Merge Heap Roots: 1.8ms
[2026-01-16T09:18:56.213+0000][gc,phases   ] GC(698)   Evacuate Collection Set: 142.4ms
[2026-01-16T09:18:56.215+0000][gc,phases   ] GC(698)   Post Evacuate Collection Set: 20.3ms
[2026-01-16T09:18:56.216+0000][gc,phases   ] GC(698)   Other: 1.8ms
[2026-01-16T09:18:56.217+0000][gc,heap     ] GC(698) Eden regions: 48->0(47)
[2026-01-16T09:18:56.217+0000][gc,heap     ] GC(698) Survivor regions: 3->4(7)
[2026-01-16T09:18:56.219+0000][gc,heap     ] GC(698) Old regions: 294->294
[2026-01-16T09:18:56.222+0000][gc,heap     ] GC(698) Humongous regions: 149->149
[2026-01-16T09:18:56.224+0000][gc,metaspace] GC(698) Metaspace: 15015K(15424K)->15015K(15424K) NonClass: 13283K(13504K)->13283K(13504K) Class: 1731K(1920K)->1731K(1920K)
[2026-01-16T09:18:56.227+0000][gc          ] GC(698) Pause Young (Normal) (G1 Evacuation Pause) 493M->446M(1024M) 202.072ms
[2026-01-16T09:18:56.229+0000][gc,cpu      ] GC(698) User=0.20s Sys=0.02s Real=0.20s
[2026-01-16T09:19:02.450+0000][gc,start    ] GC(699) Pause Young (Normal) (G1 Evacuation Pause)
[2026-01-16T09:19:02.459+0000][gc,task     ] GC(699) Using 8 workers of 8 for evacuation
[2026-01-16T09:19:02.918+0000][gc,mmu      ] GC(699) MMU target violated: 201.0ms (200.0ms/201.0ms)
[2026-01-16T09:19:02.918+0000][gc,phases   ] GC(699)   Pre Evacuate Collection Set: 56.6ms
[2026-01-16T09:19:02.920+0000][gc,phases   ] GC(699)   Merge Heap Roots: 34.0ms
[2026-01-16T09:19:02.920+0000][gc,phases   ] GC(699)   Evacuate Collection Set: 342.0ms
[2026-01-16T09:19:02.920+0000][gc,phases   ] GC(699)   Post Evacuate Collection Set: 17.5ms
[2026-01-16T09:19:02.922+0000][gc,phases   ] GC(699)   Other: 9.8ms
[2026-01-16T09:19:02.924+0000][gc,heap     ] GC(699) Eden regions: 47->0(49)
[2026-01-16T09:19:02.925+0000][gc,heap     ] GC(699) Survivor regions: 4->2(7)
[2026-01-16T09:19:02.926+0000][gc,heap     ] GC(699) Old regions: 294->294
[2026-01-16T09:19:02.926+0000][gc,heap     ] GC(699) Humongous regions: 149->149
[2026-01-16T09:19:02.927+0000][gc,metaspace] GC(699) Metaspace: 15021K(15424K)->15021K(15424K) NonClass: 13289K(13504K)->13289K(13504K) Class: 1731K(1920K)->1731K(1920K)
[2026-01-16T09:19:02.929+0000][gc          ] GC(699) Pause Young (Normal) (G1 Evacuation Pause) 493M->444M(1024M) 479.572ms
[2026-01-16T09:19:02.937+0000][gc,cpu      ] GC(699) User=0.31s Sys=0.03s Real=0.49s
[2026-01-16T09:19:06.134+0000][gc,start    ] GC(700) Pause Young (Normal) (G1 Evacuation Pause)
[2026-01-16T09:19:06.136+0000][gc,task     ] GC(700) Using 8 workers of 8 for evacuation
[2026-01-16T09:19:06.612+0000][gc,mmu      ] GC(700) MMU target violated: 201.0ms (200.0ms/201.0ms)
[2026-01-16T09:19:06.617+0000][gc,phases   ] GC(700)   Pre Evacuate Collection Set: 64.7ms
[2026-01-16T09:19:06.617+0000][gc,phases   ] GC(700)   Merge Heap Roots: 26.4ms
[2026-01-16T09:19:06.617+0000][gc,phases   ] GC(700)   Evacuate Collection Set: 357.5ms
[2026-01-16T09:19:06.618+0000][gc,phases   ] GC(700)   Post Evacuate Collection Set: 26.3ms
[2026-01-16T09:19:06.619+0000][gc,phases   ] GC(700)   Other: 6.3ms
[2026-01-16T09:19:06.619+0000][gc,heap     ] GC(700) Eden regions: 49->0(48)
[2026-01-16T09:19:06.620+0000][gc,heap     ] GC(700) Survivor regions: 2->3(7)
[2026-01-16T09:19:06.620+0000][gc,heap     ] GC(700) Old regions: 294->294
[2026-01-16T09:19:06.621+0000][gc,heap     ] GC(700) Humongous regions: 149->149
[2026-01-16T09:19:06.621+0000][gc,metaspace] GC(700) Metaspace: 15026K(15424K)->15026K(15424K) NonClass: 13294K(13504K)->13294K(13504K) Class: 1731K(1920K)->1731K(1920K)
[2026-01-16T09:19:06.624+0000][gc          ] GC(700) Pause Young (Normal) (G1 Evacuation Pause) 493M->445M(1024M) 490.089ms
[2026-01-16T09:19:06.627+0000][gc,cpu      ] GC(700) User=0.32s Sys=0.02s Real=0.49s
[2026-01-16T09:19:10.294+0000][gc,start    ] GC(701) Pause Young (Normal) (G1 Evacuation Pause)
[2026-01-16T09:19:10.298+0000][gc,task     ] GC(701) Using 8 workers of 8 for evacuation
[2026-01-16T09:19:10.611+0000][gc,mmu      ] GC(701) MMU target violated: 201.0ms (200.0ms/201.0ms)
[2026-01-16T09:19:10.613+0000][gc,phases   ] GC(701)   Pre Evacuate Collection Set: 15.1ms
[2026-01-16T09:19:10.615+0000][gc,phases   ] GC(701)   Merge Heap Roots: 3.4ms
[2026-01-16T09:19:10.615+0000][gc,phases   ] GC(701)   Evacuate Collection Set: 287.7ms
[2026-01-16T09:19:10.615+0000][gc,phases   ] GC(701)   Post Evacuate Collection Set: 5.0ms
[2026-01-16T09:19:10.616+0000][gc,phases   ] GC(701)   Other: 4.0ms
[2026-01-16T09:19:10.618+0000][gc,heap     ] GC(701) Eden regions: 48->0(47)
[2026-01-16T09:19:10.619+0000][gc,heap     ] GC(701) Survivor regions: 3->4(7)
[2026-01-16T09:19:10.619+0000][gc,heap     ] GC(701) Old regions: 294->294
[2026-01-16T09:19:10.622+0000][gc,heap     ] GC(701) Humongous regions: 149->149
[2026-01-16T09:19:10.623+0000][gc,metaspace] GC(701) Metaspace: 15033K(15424K)->15033K(15424K) NonClass: 13301K(13504K)->13301K(13504K) Class: 1731K(1920K)->1731K(1920K)
[2026-01-16T09:19:10.625+0000][gc          ] GC(701) Pause Young (Normal) (G1 Evacuation Pause) 493M->446M(1024M) 331.613ms
[2026-01-16T09:19:10.632+0000][gc,cpu      ] GC(701) User=0.25s Sys=0.00s Real=0.34s
[2026-01-16T09:19:12.211+0000][gc,start    ] GC(702) Pause Young (Normal) (G1 Evacuation Pause)
[2026-01-16T09:19:12.213+0000][gc,task     ] GC(702) Using 8 workers of 8 for evacuation
[2026-01-16T09:19:12.304+0000][gc,phases   ] GC(702)   Pre Evacuate Collection Set: 4.7ms
[2026-01-16T09:19:12.305+0000][gc,phases   ] GC(702)   Merge Heap Roots: 0.5ms
[2026-01-16T09:19:12.305+0000][gc,phases   ] GC(702)   Evacuate Collection Set: 82.0ms
[2026-01-16T09:19:12.306+0000][gc,phases   ] GC(702)   Post Evacuate Collection Set: 2.5ms
[2026-01-16T09:19:12.306+0000][gc,phases   ] GC(702)   Other: 1.6ms
[2026-01-16T09:19:12.307+0000][gc,heap     ] GC(702) Eden regions: 47->0(47)
[2026-01-16T09:19:12.307+0000][gc,heap     ] GC(702) Survivor regions: 4->4(7)
[2026-01-16T09:19:12.308+0000][gc,heap     ] GC(702) Old regions: 294->295
[2026-01-16T09:19:12.308+0000][gc,heap     ] GC(702) Humongous regions: 149->149
[2026-01-16T09:19:12.308+0000][gc,metaspace] GC(702) Metaspace: 15034K(15424K)->15034K(15424K) NonClass: 13302K(13504K)->13302K(13504K) Class: 1731K(1920K)->1731K(1920K)
[2026-01-16T09:19:12.309+0000][gc          ] GC(702) Pause Young (Normal) (G1 Evacuation Pause) 493M->446M(1024M) 97.830ms
[2026-01-16T09:19:12.310+0000][gc,cpu      ] GC(702) User=0.12s Sys=0.00s Real=0.10s
[2026-01-16T09:19:13.312+0000][gc,start    ] GC(703) Pause Young (Normal) (G1 Evacuation Pause)
[2026-01-16T09:19:13.315+0000][gc,task     ] GC(703) Using 8 workers of 8 for evacuation
[2026-01-16T09:19:13.582+0000][gc,mmu      ] GC(703) MMU target violated: 201.0ms (200.0ms/201.0ms)
[2026-01-16T09:19:13.584+0000][gc,phases   ] GC(703)   Pre Evacuate Collection Set: 6.7ms
[2026-01-16T09:19:13.584+0000][gc,phases   ] GC(703)   Merge Heap Roots: 3.6ms
[2026-01-16T09:19:13.584+0000][gc,phases   ] GC(703)   Evacuate Collection Set: 229.6ms
[2026-01-16T09:19:13.584+0000][gc,phases   ] GC(703)   Post Evacuate Collection Set: 26.0ms
[2026-01-16T09:19:13.584+0000][gc,phases   ] GC(703)   Other: 2.5ms
[2026-01-16T09:19:13.584+0000][gc,heap     ] GC(703) Eden regions: 47->0(46)
[2026-01-16T09:19:13.584+0000][gc,heap     ] GC(703) Survivor regions: 4->5(7)
[2026-01-16T09:19:13.584+0000][gc,heap     ] GC(703) Old regions: 295->295
[2026-01-16T09:19:13.585+0000][gc,heap     ] GC(703) Humongous regions: 149->149
[2026-01-16T09:19:13.585+0000][gc,metaspace] GC(703) Metaspace: 15034K(15424K)->15034K(15424K) NonClass: 13302K(13504K)->13302K(13504K) Class: 1731K(1920K)->1731K(1920K)
[2026-01-16T09:19:13.585+0000][gc          ] GC(703) Pause Young (Normal) (G1 Evacuation Pause) 493M->447M(1024M) 272.417ms
[2026-01-16T09:19:13.585+0000][gc,cpu      ] GC(703) User=0.17s Sys=0.01s Real=0.27s
[2026-01-16T09:19:14.340+0000][gc,start    ] GC(704) Pause Young (Normal) (G1 Evacuation Pause)
[2026-01-16T09:19:14.341+0000][gc,task     ] GC(704) Using 8 workers of 8 for evacuation
[2026-01-16T09:19:14.466+0000][gc,phases   ] GC(704)   Pre Evacuate Collection Set: 8.3ms
[2026-01-16T09:19:14.466+0000][gc,phases   ] GC(704)   Merge Heap Roots: 2.5ms
[2026-01-16T09:19:14.471+0000][gc,phases   ] GC(704)   Evacuate Collection Set: 109.0ms
[2026-01-16T09:19:14.472+0000][gc,phases   ] GC(704)   Post Evacuate Collection Set: 4.9ms
[2026-01-16T09:19:14.473+0000][gc,phases   ] GC(704)   Other: 0.6ms
[2026-01-16T09:19:14.473+0000][gc,heap     ] GC(704) Eden regions: 46->0(48)
[2026-01-16T09:19:14.474+0000][gc,heap     ] GC(704) Survivor regions: 5->3(7)
[2026-01-16T09:19:14.474+0000][gc,heap     ] GC(704) Old regions: 295->295
[2026-01-16T09:19:14.482+0000][gc,heap     ] GC(704) Humongous regions: 149->149
[2026-01-16T09:19:14.483+0000][gc,metaspace] GC(704) Metaspace: 15036K(15424K)->15036K(15424K) NonClass: 13304K(13504K)->13304K(13504K) Class: 1731K(1920K)->1731K(1920K)
[2026-01-16T09:19:14.484+0000][gc          ] GC(704) Pause Young (Normal) (G1 Evacuation Pause) 493M->446M(1024M) 144.534ms
[2026-01-16T09:19:14.485+0000][gc,cpu      ] GC(704) User=0.08s Sys=0.01s Real=0.14s
[2026-01-16T09:19:17.841+0000][gc,start    ] GC(705) Pause Young (Normal) (G1 Evacuation Pause)
[2026-01-16T09:19:17.847+0000][gc,task     ] GC(705) Using 8 workers of 8 for evacuation
[2026-01-16T09:19:18.195+0000][gc,mmu      ] GC(705) MMU target violated: 201.0ms (200.0ms/201.0ms)
[2026-01-16T09:19:18.198+0000][gc,phases   ] GC(705)   Pre Evacuate Collection Set: 76.6ms
[2026-01-16T09:19:18.200+0000][gc,phases   ] GC(705)   Merge Heap Roots: 16.5ms
[2026-01-16T09:19:18.206+0000][gc,phases   ] GC(705)   Evacuate Collection Set: 212.6ms
[2026-01-16T09:19:18.206+0000][gc,phases   ] GC(705)   Post Evacuate Collection Set: 41.3ms
[2026-01-16T09:19:18.207+0000][gc,phases   ] GC(705)   Other: 4.1ms
[2026-01-16T09:19:18.207+0000][gc,heap     ] GC(705) Eden regions: 75->0(47)
[2026-01-16T09:19:18.208+0000][gc,heap     ] GC(705) Survivor regions: 3->4(10)
[2026-01-16T09:19:18.209+0000][gc,heap     ] GC(705) Old regions: 295->295
[2026-01-16T09:19:18.210+0000][gc,heap     ] GC(705) Humongous regions: 149->149
[2026-01-16T09:19:18.211+0000][gc,metaspace] GC(705) Metaspace: 15039K(15424K)->15039K(15424K) NonClass: 13308K(13504K)->13308K(13504K) Class: 1731K(1920K)->1731K(1920K)
[2026-01-16T09:19:18.212+0000][gc          ] GC(705) Pause Young (Normal) (G1 Evacuation Pause) 521M->446M(1024M) 370.532ms
[2026-01-16T09:19:18.214+0000][gc,cpu      ] GC(705) User=0.29s Sys=0.01s Real=0.37s
[2026-01-16T09:19:21.046+0000][gc,start    ] GC(706) Pause Young (Normal) (G1 Evacuation Pause)
[2026-01-16T09:19:21.053+0000][gc,task     ] GC(706) Using 8 workers of 8 for evacuation
[2026-01-16T09:19:21.329+0000][gc,mmu      ] GC(706) MMU target violated: 201.0ms (200.0ms/201.0ms)
[2026-01-16T09:19:21.330+0000][gc,phases   ] GC(706)   Pre Evacuate Collection Set: 35.4ms
[2026-01-16T09:19:21.330+0000][gc,phases   ] GC(706)   Merge Heap Roots: 11.5ms
[2026-01-16T09:19:21.330+0000][gc,phases   ] GC(706)   Evacuate Collection Set: 161.8ms
[2026-01-16T09:19:21.332+0000][gc,phases   ] GC(706)   Post Evacuate Collection Set: 57.3ms
[2026-01-16T09:19:21.333+0000][gc,phases   ] GC(706)   Other: 11.6ms
[2026-01-16T09:19:21.336+0000][gc,heap     ] GC(706) Eden regions: 47->0(50)
[2026-01-16T09:19:21.337+0000][gc,heap     ] GC(706) Survivor regions: 4->1(7)
[2026-01-16T09:19:21.337+0000][gc,heap     ] GC(706) Old regions: 295->295
[2026-01-16T09:19:21.338+0000][gc,heap     ] GC(706) Humongous regions: 149->149
[2026-01-16T09:19:21.341+0000][gc,metaspace] GC(706) Metaspace: 15043K(15424K)->15043K(15424K) NonClass: 13312K(13504K)->13312K(13504K) Class: 1731K(1920K)->1731K(1920K)
[2026-01-16T09:19:21.345+0000][gc          ] GC(706) Pause Young (Normal) (G1 Evacuation Pause) 493M->444M(1024M) 299.574ms
[2026-01-16T09:19:21.346+0000][gc,cpu      ] GC(706) User=0.17s Sys=0.01s Real=0.30s
[2026-01-16T09:19:23.335+0000][gc,start    ] GC(707) Pause Young (Normal) (G1 Evacuation Pause)
[2026-01-16T09:19:23.338+0000][gc,task     ] GC(707) Using 8 workers of 8 for evacuation
[2026-01-16T09:19:23.479+0000][gc,phases   ] GC(707)   Pre Evacuate Collection Set: 11.6ms
[2026-01-16T09:19:23.481+0000][gc,phases   ] GC(707)   Merge Heap Roots: 3.5ms
[2026-01-16T09:19:23.482+0000][gc,phases   ] GC(707)   Evacuate Collection Set: 116.6ms
[2026-01-16T09:19:23.483+0000][gc,phases   ] GC(707)   Post Evacuate Collection Set: 8.7ms
[2026-01-16T09:19:23.483+0000][gc,phases   ] GC(707)   Other: 0.4ms
[2026-01-16T09:19:23.483+0000][gc,heap     ] GC(707) Eden regions: 50->0(49)
[2026-01-16T09:19:23.484+0000][gc,heap     ] GC(707) Survivor regions: 1->2(7)
[2026-01-16T09:19:23.484+0000][gc,heap     ] GC(707) Old regions: 295->295
[2026-01-16T09:19:23.485+0000][gc,heap     ] GC(707) Humongous regions: 149->149
[2026-01-16T09:19:23.485+0000][gc,metaspace] GC(707) Metaspace: 15044K(15424K)->15044K(15424K) NonClass: 13313K(13504K)->13313K(13504K) Class: 1731K(1920K)->1731K(1920K)
[2026-01-16T09:19:23.486+0000][gc          ] GC(707) Pause Young (Normal) (G1 Evacuation Pause) 494M->445M(1024M) 151.306ms
[2026-01-16T09:19:23.487+0000][gc,cpu      ] GC(707) User=0.10s Sys=0.01s Real=0.15s
[2026-01-16T09:19:24.534+0000][gc,start    ] GC(708) Pause Young (Normal) (G1 Evacuation Pause)
[2026-01-16T09:19:24.541+0000][gc,task     ] GC(708) Using 8 workers of 8 for evacuation
[2026-01-16T09:19:24.620+0000][gc,phases   ] GC(708)   Pre Evacuate Collection Set: 4.8ms
[2026-01-16T09:19:24.620+0000][gc,phases   ] GC(708)   Merge Heap Roots: 3.0ms
[2026-01-16T09:19:24.620+0000][gc,phases   ] GC(708)   Evacuate Collection Set: 64.6ms
[2026-01-16T09:19:24.621+0000][gc,phases   ] GC(708)   Post Evacuate Collection Set: 1.6ms
[2026-01-16T09:19:24.621+0000][gc,phases   ] GC(708)   Other: 5.1ms
[2026-01-16T09:19:24.621+0000][gc,heap     ] GC(708) Eden regions: 49->0(48)
[2026-01-16T09:19:24.622+0000][gc,heap     ] GC(708) Survivor regions: 2->3(7)
[2026-01-16T09:19:24.622+0000][gc,heap     ] GC(708) Old regions: 295->295
[2026-01-16T09:19:24.622+0000][gc,heap     ] GC(708) Humongous regions: 149->149
[2026-01-16T09:19:24.622+0000][gc,metaspace] GC(708) Metaspace: 15044K(15424K)->15044K(15424K) NonClass: 13313K(13504K)->13313K(13504K) Class: 1731K(1920K)->1731K(1920K)
[2026-01-16T09:19:24.623+0000][gc          ] GC(708) Pause Young (Normal) (G1 Evacuation Pause) 494M->446M(1024M) 89.183ms
[2026-01-16T09:19:24.623+0000][gc,cpu      ] GC(708) User=0.08s Sys=0.00s Real=0.09s
[2026-01-16T09:19:26.411+0000][gc,start    ] GC(709) Pause Young (Normal) (G1 Evacuation Pause)
[2026-01-16T09:19:26.413+0000][gc,task     ] GC(709) Using 8 workers of 8 for evacuation
[2026-01-16T09:19:26.668+0000][gc,mmu      ] GC(709) MMU target violated: 201.0ms (200.0ms/201.0ms)
[2026-01-16T09:19:26.668+0000][gc,phases   ] GC(709)   Pre Evacuate Collection Set: 24.5ms
[2026-01-16T09:19:26.669+0000][gc,phases   ] GC(709)   Merge Heap Roots: 11.0ms
[2026-01-16T09:19:26.670+0000][gc,phases   ] GC(709)   Evacuate Collection Set: 208.3ms
[2026-01-16T09:19:26.670+0000][gc,phases   ] GC(709)   Post Evacuate Collection Set: 11.1ms
[2026-01-16T09:19:26.680+0000][gc,phases   ] GC(709)   Other: 1.3ms
[2026-01-16T09:19:26.681+0000][gc,heap     ] GC(709) Eden regions: 51->0(50)
[2026-01-16T09:19:26.681+0000][gc,heap     ] GC(709) Survivor regions: 3->1(7)
[2026-01-16T09:19:26.681+0000][gc,heap     ] GC(709) Old regions: 295->295
[2026-01-16T09:19:26.682+0000][gc,heap     ] GC(709) Humongous regions: 149->149
[2026-01-16T09:19:26.682+0000][gc,metaspace] GC(709) Metaspace: 15044K(15424K)->15044K(15424K) NonClass: 13313K(13504K)->13313K(13504K) Class: 1731K(1920K)->1731K(1920K)
[2026-01-16T09:19:26.683+0000][gc          ] GC(709) Pause Young (Normal) (G1 Evacuation Pause) 497M->444M(1024M) 272.100ms
[2026-01-16T09:19:26.683+0000][gc,cpu      ] GC(709) User=0.10s Sys=0.02s Real=0.27s
[2026-01-16T09:19:29.163+0000][gc,start    ] GC(710) Pause Young (Normal) (G1 Evacuation Pause)
[2026-01-16T09:19:29.164+0000][gc,task     ] GC(710) Using 8 workers of 8 for evacuation
[2026-01-16T09:19:29.402+0000][gc,mmu      ] GC(710) MMU target violated: 201.0ms (200.0ms/201.0ms)
[2026-01-16T09:19:29.405+0000][gc,phases   ] GC(710)   Pre Evacuate Collection Set: 14.3ms
[2026-01-16T09:19:29.406+0000][gc,phases   ] GC(710)   Merge Heap Roots: 7.8ms
[2026-01-16T09:19:29.407+0000][gc,phases   ] GC(710)   Evacuate Collection Set: 207.3ms
[2026-01-16T09:19:29.410+0000][gc,phases   ] GC(710)   Post Evacuate Collection Set: 7.0ms
[2026-01-16T09:19:29.413+0000][gc,phases   ] GC(710)   Other: 4.8ms
[2026-01-16T09:19:29.414+0000][gc,heap     ] GC(710) Eden regions: 50->0(49)
[2026-01-16T09:19:29.414+0000][gc,heap     ] GC(710) Survivor regions: 1->2(7)
[2026-01-16T09:19:29.414+0000][gc,heap     ] GC(710) Old regions: 295->295
[2026-01-16T09:19:29.414+0000][gc,heap     ] GC(710) Humongous regions: 149->149
[2026-01-16T09:19:29.415+0000][gc,metaspace] GC(710) Metaspace: 15071K(15424K)->15071K(15424K) NonClass: 13340K(13504K)->13340K(13504K) Class: 1731K(1920K)->1731K(1920K)
[2026-01-16T09:19:29.416+0000][gc          ] GC(710) Pause Young (Normal) (G1 Evacuation Pause) 494M->445M(1024M) 252.671ms
[2026-01-16T09:19:29.422+0000][gc,cpu      ] GC(710) User=0.15s Sys=0.00s Real=0.26s
[2026-01-16T09:19:32.008+0000][gc,start    ] GC(711) Pause Young (Normal) (G1 Evacuation Pause)
[2026-01-16T09:19:32.013+0000][gc,task     ] GC(711) Using 8 workers of 8 for evacuation
[2026-01-16T09:19:32.469+0000][gc,mmu      ] GC(711) MMU target violated: 201.0ms (200.0ms/201.0ms)
[2026-01-16T09:19:32.473+0000][gc,phases   ] GC(711)   Pre Evacuate Collection Set: 15.6ms
[2026-01-16T09:19:32.474+0000][gc,phases   ] GC(711)   Merge Heap Roots: 4.6ms
[2026-01-16T09:19:32.524+0000][gc,phases   ] GC(711)   Evacuate Collection Set: 431.0ms
[2026-01-16T09:19:32.527+0000][gc,phases   ] GC(711)   Post Evacuate Collection Set: 2.0ms
[2026-01-16T09:19:32.572+0000][gc,phases   ] GC(711)   Other: 7.2ms
[2026-01-16T09:19:32.573+0000][gc,heap     ] GC(711) Eden regions: 49->0(48)
[2026-01-16T09:19:32.573+0000][gc,heap     ] GC(711) Survivor regions: 2->3(7)
[2026-01-16T09:19:32.588+0000][gc,heap     ] GC(711) Old regions: 295->295
[2026-01-16T09:19:32.598+0000][gc,heap     ] GC(711) Humongous regions: 149->149
[2026-01-16T09:19:32.602+0000][gc,metaspace] GC(711) Metaspace: 15073K(15424K)->15073K(15424K) NonClass: 13341K(13504K)->13341K(13504K) Class: 1731K(1920K)->1731K(1920K)
[2026-01-16T09:19:32.634+0000][gc          ] GC(711) Pause Young (Normal) (G1 Evacuation Pause) 494M->446M(1024M) 626.327ms
[2026-01-16T09:19:32.635+0000][gc,cpu      ] GC(711) User=0.25s Sys=0.03s Real=0.63s
[2026-01-16T09:19:34.528+0000][gc,start    ] GC(712) Pause Young (Normal) (G1 Evacuation Pause)
[2026-01-16T09:19:34.531+0000][gc,task     ] GC(712) Using 8 workers of 8 for evacuation
[2026-01-16T09:19:34.687+0000][gc,phases   ] GC(712)   Pre Evacuate Collection Set: 18.6ms
[2026-01-16T09:19:34.688+0000][gc,phases   ] GC(712)   Merge Heap Roots: 9.1ms
[2026-01-16T09:19:34.688+0000][gc,phases   ] GC(712)   Evacuate Collection Set: 126.8ms
[2026-01-16T09:19:34.689+0000][gc,phases   ] GC(712)   Post Evacuate Collection Set: 1.3ms
[2026-01-16T09:19:34.690+0000][gc,phases   ] GC(712)   Other: 2.9ms
[2026-01-16T09:19:34.690+0000][gc,heap     ] GC(712) Eden regions: 48->0(48)
[2026-01-16T09:19:34.690+0000][gc,heap     ] GC(712) Survivor regions: 3->3(7)
[2026-01-16T09:19:34.690+0000][gc,heap     ] GC(712) Old regions: 295->295
[2026-01-16T09:19:34.690+0000][gc,heap     ] GC(712) Humongous regions: 149->149
[2026-01-16T09:19:34.691+0000][gc,metaspace] GC(712) Metaspace: 15073K(15424K)->15073K(15424K) NonClass: 13341K(13504K)->13341K(13504K) Class: 1731K(1920K)->1731K(1920K)
[2026-01-16T09:19:34.691+0000][gc          ] GC(712) Pause Young (Normal) (G1 Evacuation Pause) 494M->446M(1024M) 163.291ms
[2026-01-16T09:19:34.693+0000][gc,cpu      ] GC(712) User=0.11s Sys=0.01s Real=0.17s
[2026-01-16T09:19:37.423+0000][gc,start    ] GC(713) Pause Young (Normal) (G1 Evacuation Pause)
[2026-01-16T09:19:37.435+0000][gc,task     ] GC(713) Using 8 workers of 8 for evacuation
[2026-01-16T09:19:37.573+0000][gc,phases   ] GC(713)   Pre Evacuate Collection Set: 5.2ms
[2026-01-16T09:19:37.575+0000][gc,phases   ] GC(713)   Merge Heap Roots: 9.6ms
[2026-01-16T09:19:37.576+0000][gc,phases   ] GC(713)   Evacuate Collection Set: 111.2ms
[2026-01-16T09:19:37.576+0000][gc,phases   ] GC(713)   Post Evacuate Collection Set: 7.0ms
[2026-01-16T09:19:37.577+0000][gc,phases   ] GC(713)   Other: 5.5ms
[2026-01-16T09:19:37.577+0000][gc,heap     ] GC(713) Eden regions: 48->0(49)
[2026-01-16T09:19:37.578+0000][gc,heap     ] GC(713) Survivor regions: 3->2(7)
[2026-01-16T09:19:37.578+0000][gc,heap     ] GC(713) Old regions: 295->295
[2026-01-16T09:19:37.578+0000][gc,heap     ] GC(713) Humongous regions: 149->149
[2026-01-16T09:19:37.579+0000][gc,metaspace] GC(713) Metaspace: 15073K(15424K)->15073K(15424K) NonClass: 13341K(13504K)->13341K(13504K) Class: 1731K(1920K)->1731K(1920K)
[2026-01-16T09:19:37.579+0000][gc          ] GC(713) Pause Young (Normal) (G1 Evacuation Pause) 494M->445M(1024M) 156.158ms
[2026-01-16T09:19:37.582+0000][gc,cpu      ] GC(713) User=0.11s Sys=0.00s Real=0.17s
[2026-01-16T09:19:40.061+0000][gc,start    ] GC(714) Pause Young (Normal) (G1 Evacuation Pause)
[2026-01-16T09:19:40.062+0000][gc,task     ] GC(714) Using 8 workers of 8 for evacuation
[2026-01-16T09:19:40.426+0000][gc,mmu      ] GC(714) MMU target violated: 201.0ms (200.0ms/201.0ms)
[2026-01-16T09:19:40.427+0000][gc,phases   ] GC(714)   Pre Evacuate Collection Set: 13.6ms
[2026-01-16T09:19:40.428+0000][gc,phases   ] GC(714)   Merge Heap Roots: 8.9ms
[2026-01-16T09:19:40.430+0000][gc,phases   ] GC(714)   Evacuate Collection Set: 332.2ms
[2026-01-16T09:19:40.434+0000][gc,phases   ] GC(714)   Post Evacuate Collection Set: 9.1ms
[2026-01-16T09:19:40.435+0000][gc,phases   ] GC(714)   Other: 1.2ms
[2026-01-16T09:19:40.435+0000][gc,heap     ] GC(714) Eden regions: 49->0(49)
[2026-01-16T09:19:40.436+0000][gc,heap     ] GC(714) Survivor regions: 2->2(7)
[2026-01-16T09:19:40.436+0000][gc,heap     ] GC(714) Old regions: 295->295
[2026-01-16T09:19:40.437+0000][gc,heap     ] GC(714) Humongous regions: 149->149
[2026-01-16T09:19:40.437+0000][gc,metaspace] GC(714) Metaspace: 15073K(15424K)->15073K(15424K) NonClass: 13341K(13504K)->13341K(13504K) Class: 1731K(1920K)->1731K(1920K)
[2026-01-16T09:19:40.439+0000][gc          ] GC(714) Pause Young (Normal) (G1 Evacuation Pause) 494M->445M(1024M) 377.937ms
[2026-01-16T09:19:40.441+0000][gc,cpu      ] GC(714) User=0.20s Sys=0.01s Real=0.39s
[2026-01-16T09:19:44.306+0000][gc,start    ] GC(715) Pause Young (Normal) (G1 Evacuation Pause)
[2026-01-16T09:19:44.307+0000][gc,task     ] GC(715) Using 8 workers of 8 for evacuation
[2026-01-16T09:19:44.691+0000][gc,mmu      ] GC(715) MMU target violated: 201.0ms (200.0ms/201.0ms)
[2026-01-16T09:19:44.692+0000][gc,phases   ] GC(715)   Pre Evacuate Collection Set: 31.3ms
[2026-01-16T09:19:44.692+0000][gc,phases   ] GC(715)   Merge Heap Roots: 4.7ms
[2026-01-16T09:19:44.693+0000][gc,phases   ] GC(715)   Evacuate Collection Set: 302.9ms
[2026-01-16T09:19:44.693+0000][gc,phases   ] GC(715)   Post Evacuate Collection Set: 43.2ms
[2026-01-16T09:19:44.694+0000][gc,phases   ] GC(715)   Other: 2.5ms
[2026-01-16T09:19:44.694+0000][gc,heap     ] GC(715) Eden regions: 49->0(48)
[2026-01-16T09:19:44.695+0000][gc,heap     ] GC(715) Survivor regions: 2->3(7)
[2026-01-16T09:19:44.695+0000][gc,heap     ] GC(715) Old regions: 295->296
[2026-01-16T09:19:44.696+0000][gc,heap     ] GC(715) Humongous regions: 149->149
[2026-01-16T09:19:44.698+0000][gc,metaspace] GC(715) Metaspace: 15075K(15424K)->15075K(15424K) NonClass: 13343K(13504K)->13343K(13504K) Class: 1731K(1920K)->1731K(1920K)
[2026-01-16T09:19:44.701+0000][gc          ] GC(715) Pause Young (Normal) (G1 Evacuation Pause) 494M->446M(1024M) 394.844ms
[2026-01-16T09:19:44.701+0000][gc,cpu      ] GC(715) User=0.43s Sys=0.03s Real=0.40s
[2026-01-16T09:19:47.897+0000][gc,start    ] GC(716) Pause Young (Normal) (G1 Evacuation Pause)
[2026-01-16T09:19:47.903+0000][gc,task     ] GC(716) Using 8 workers of 8 for evacuation
[2026-01-16T09:19:48.274+0000][gc,mmu      ] GC(716) MMU target violated: 201.0ms (200.0ms/201.0ms)
[2026-01-16T09:19:48.280+0000][gc,phases   ] GC(716)   Pre Evacuate Collection Set: 32.6ms
[2026-01-16T09:19:48.280+0000][gc,phases   ] GC(716)   Merge Heap Roots: 0.7ms
[2026-01-16T09:19:48.280+0000][gc,phases   ] GC(716)   Evacuate Collection Set: 305.3ms
[2026-01-16T09:19:48.281+0000][gc,phases   ] GC(716)   Post Evacuate Collection Set: 26.3ms
[2026-01-16T09:19:48.281+0000][gc,phases   ] GC(716)   Other: 11.6ms
[2026-01-16T09:19:48.282+0000][gc,heap     ] GC(716) Eden regions: 48->0(47)
[2026-01-16T09:19:48.283+0000][gc,heap     ] GC(716) Survivor regions: 3->4(7)
[2026-01-16T09:19:48.283+0000][gc,heap     ] GC(716) Old regions: 296->296
[2026-01-16T09:19:48.283+0000][gc,heap     ] GC(716) Humongous regions: 149->149
[2026-01-16T09:19:48.284+0000][gc,metaspace] GC(716) Metaspace: 15076K(15424K)->15076K(15424K) NonClass: 13344K(13504K)->13344K(13504K) Class: 1731K(1920K)->1731K(1920K)
[2026-01-16T09:19:48.285+0000][gc          ] GC(716) Pause Young (Normal) (G1 Evacuation Pause) 494M->447M(1024M) 387.990ms
[2026-01-16T09:19:48.286+0000][gc,cpu      ] GC(716) User=0.35s Sys=0.02s Real=0.39s
[2026-01-16T09:19:49.644+0000][gc,start    ] GC(717) Pause Young (Normal) (G1 Evacuation Pause)
[2026-01-16T09:19:49.647+0000][gc,task     ] GC(717) Using 8 workers of 8 for evacuation
[2026-01-16T09:19:49.895+0000][gc,mmu      ] GC(717) MMU target violated: 201.0ms (200.0ms/201.0ms)
[2026-01-16T09:19:49.915+0000][gc,phases   ] GC(717)   Pre Evacuate Collection Set: 30.5ms
[2026-01-16T09:19:49.915+0000][gc,phases   ] GC(717)   Merge Heap Roots: 2.7ms
[2026-01-16T09:19:49.915+0000][gc,phases   ] GC(717)   Evacuate Collection Set: 210.2ms
[2026-01-16T09:19:49.921+0000][gc,phases   ] GC(717)   Post Evacuate Collection Set: 4.0ms
[2026-01-16T09:19:49.921+0000][gc,phases   ] GC(717)   Other: 21.6ms
[2026-01-16T09:19:49.924+0000][gc,heap     ] GC(717) Eden regions: 47->0(46)
[2026-01-16T09:19:49.924+0000][gc,heap     ] GC(717) Survivor regions: 4->5(7)
[2026-01-16T09:19:49.925+0000][gc,heap     ] GC(717) Old regions: 296->296
[2026-01-16T09:19:49.925+0000][gc,heap     ] GC(717) Humongous regions: 149->149
[2026-01-16T09:19:49.934+0000][gc,metaspace] GC(717) Metaspace: 15076K(15424K)->15076K(15424K) NonClass: 13345K(13504K)->13345K(13504K) Class: 1731K(1920K)->1731K(1920K)
[2026-01-16T09:19:49.935+0000][gc          ] GC(717) Pause Young (Normal) (G1 Evacuation Pause) 494M->448M(1024M) 291.346ms
[2026-01-16T09:19:49.937+0000][gc,cpu      ] GC(717) User=0.15s Sys=0.00s Real=0.29s
[2026-01-16T09:19:51.931+0000][gc,start    ] GC(718) Pause Young (Normal) (G1 Evacuation Pause)
[2026-01-16T09:19:51.932+0000][gc,task     ] GC(718) Using 8 workers of 8 for evacuation
[2026-01-16T09:19:52.119+0000][gc,phases   ] GC(718)   Pre Evacuate Collection Set: 21.9ms
[2026-01-16T09:19:52.121+0000][gc,phases   ] GC(718)   Merge Heap Roots: 1.0ms
[2026-01-16T09:19:52.123+0000][gc,phases   ] GC(718)   Evacuate Collection Set: 151.2ms
[2026-01-16T09:19:52.124+0000][gc,phases   ] GC(718)   Post Evacuate Collection Set: 11.1ms
[2026-01-16T09:19:52.126+0000][gc,phases   ] GC(718)   Other: 2.3ms
[2026-01-16T09:19:52.126+0000][gc,heap     ] GC(718) Eden regions: 46->0(49)
[2026-01-16T09:19:52.126+0000][gc,heap     ] GC(718) Survivor regions: 5->2(7)
[2026-01-16T09:19:52.126+0000][gc,heap     ] GC(718) Old regions: 296->296
[2026-01-16T09:19:52.127+0000][gc,heap     ] GC(718) Humongous regions: 149->149
[2026-01-16T09:19:52.127+0000][gc,metaspace] GC(718) Metaspace: 15077K(15424K)->15077K(15424K) NonClass: 13345K(13504K)->13345K(13504K) Class: 1731K(1920K)->1731K(1920K)
[2026-01-16T09:19:52.128+0000][gc          ] GC(718) Pause Young (Normal) (G1 Evacuation Pause) 494M->446M(1024M) 197.049ms
[2026-01-16T09:19:52.129+0000][gc,cpu      ] GC(718) User=0.17s Sys=0.01s Real=0.20s
[2026-01-16T09:19:54.265+0000][gc,start    ] GC(719) Pause Young (Normal) (G1 Evacuation Pause)
[2026-01-16T09:19:54.293+0000][gc,task     ] GC(719) Using 8 workers of 8 for evacuation
[2026-01-16T09:19:54.721+0000][gc,mmu      ] GC(719) MMU target violated: 201.0ms (200.0ms/201.0ms)
[2026-01-16T09:19:54.726+0000][gc,phases   ] GC(719)   Pre Evacuate Collection Set: 53.4ms
[2026-01-16T09:19:54.726+0000][gc,phases   ] GC(719)   Merge Heap Roots: 5.1ms
[2026-01-16T09:19:54.756+0000][gc,phases   ] GC(719)   Evacuate Collection Set: 340.4ms
[2026-01-16T09:19:54.756+0000][gc,phases   ] GC(719)   Post Evacuate Collection Set: 28.6ms
[2026-01-16T09:19:54.757+0000][gc,phases   ] GC(719)   Other: 5.2ms
[2026-01-16T09:19:54.758+0000][gc,heap     ] GC(719) Eden regions: 49->0(48)
[2026-01-16T09:19:54.761+0000][gc,heap     ] GC(719) Survivor regions: 2->3(7)
[2026-01-16T09:19:54.776+0000][gc,heap     ] GC(719) Old regions: 296->296
[2026-01-16T09:19:54.776+0000][gc,heap     ] GC(719) Humongous regions: 149->149
[2026-01-16T09:19:54.777+0000][gc,metaspace] GC(719) Metaspace: 15077K(15424K)->15077K(15424K) NonClass: 13345K(13504K)->13345K(13504K) Class: 1731K(1920K)->1731K(1920K)
[2026-01-16T09:19:54.779+0000][gc          ] GC(719) Pause Young (Normal) (G1 Evacuation Pause) 495M->447M(1024M) 513.648ms
[2026-01-16T09:19:54.784+0000][gc,cpu      ] GC(719) User=0.21s Sys=0.01s Real=0.52s
[2026-01-16T09:19:58.465+0000][gc,start    ] GC(720) Pause Young (Normal) (G1 Evacuation Pause)
[2026-01-16T09:19:58.474+0000][gc,task     ] GC(720) Using 8 workers of 8 for evacuation
[2026-01-16T09:19:58.942+0000][gc,mmu      ] GC(720) MMU target violated: 201.0ms (200.0ms/201.0ms)
[2026-01-16T09:19:58.942+0000][gc,phases   ] GC(720)   Pre Evacuate Collection Set: 35.8ms
[2026-01-16T09:19:58.943+0000][gc,phases   ] GC(720)   Merge Heap Roots: 2.8ms
[2026-01-16T09:19:58.943+0000][gc,phases   ] GC(720)   Evacuate Collection Set: 413.3ms
[2026-01-16T09:19:58.943+0000][gc,phases   ] GC(720)   Post Evacuate Collection Set: 9.0ms
[2026-01-16T09:19:58.944+0000][gc,phases   ] GC(720)   Other: 7.7ms
[2026-01-16T09:19:58.948+0000][gc,heap     ] GC(720) Eden regions: 48->0(47)
[2026-01-16T09:19:58.949+0000][gc,heap     ] GC(720) Survivor regions: 3->4(7)
[2026-01-16T09:19:58.956+0000][gc,heap     ] GC(720) Old regions: 296->296
[2026-01-16T09:19:58.957+0000][gc,heap     ] GC(720) Humongous regions: 149->149
[2026-01-16T09:19:58.957+0000][gc,metaspace] GC(720) Metaspace: 15077K(15424K)->15077K(15424K) NonClass: 13345K(13504K)->13345K(13504K) Class: 1731K(1920K)->1731K(1920K)
[2026-01-16T09:19:58.958+0000][gc          ] GC(720) Pause Young (Normal) (G1 Evacuation Pause) 495M->447M(1024M) 493.330ms
[2026-01-16T09:19:58.959+0000][gc,cpu      ] GC(720) User=0.25s Sys=0.05s Real=0.49s
[2026-01-16T09:20:00.463+0000][gc,start    ] GC(721) Pause Young (Normal) (G1 Evacuation Pause)
[2026-01-16T09:20:00.465+0000][gc,task     ] GC(721) Using 8 workers of 8 for evacuation
[2026-01-16T09:20:00.531+0000][gc,phases   ] GC(721)   Pre Evacuate Collection Set: 5.3ms
[2026-01-16T09:20:00.532+0000][gc,phases   ] GC(721)   Merge Heap Roots: 0.8ms
[2026-01-16T09:20:00.532+0000][gc,phases   ] GC(721)   Evacuate Collection Set: 49.7ms
[2026-01-16T09:20:00.532+0000][gc,phases   ] GC(721)   Post Evacuate Collection Set: 10.0ms
[2026-01-16T09:20:00.536+0000][gc,phases   ] GC(721)   Other: 0.9ms
[2026-01-16T09:20:00.537+0000][gc,heap     ] GC(721) Eden regions: 47->0(49)
[2026-01-16T09:20:00.538+0000][gc,heap     ] GC(721) Survivor regions: 4->2(7)
[2026-01-16T09:20:00.541+0000][gc,heap     ] GC(721) Old regions: 296->296
[2026-01-16T09:20:00.544+0000][gc,heap     ] GC(721) Humongous regions: 149->149
[2026-01-16T09:20:00.544+0000][gc,metaspace] GC(721) Metaspace: 15078K(15424K)->15078K(15424K) NonClass: 13347K(13504K)->13347K(13504K) Class: 1731K(1920K)->1731K(1920K)
[2026-01-16T09:20:00.544+0000][gc          ] GC(721) Pause Young (Normal) (G1 Evacuation Pause) 494M->446M(1024M) 81.286ms
[2026-01-16T09:20:00.544+0000][gc,cpu      ] GC(721) User=0.08s Sys=0.00s Real=0.08s
[2026-01-16T09:20:02.038+0000][gc,start    ] GC(722) Pause Young (Normal) (G1 Evacuation Pause)
[2026-01-16T09:20:02.041+0000][gc,task     ] GC(722) Using 8 workers of 8 for evacuation
[2026-01-16T09:20:02.137+0000][gc,phases   ] GC(722)   Pre Evacuate Collection Set: 8.8ms
[2026-01-16T09:20:02.139+0000][gc,phases   ] GC(722)   Merge Heap Roots: 2.6ms
[2026-01-16T09:20:02.139+0000][gc,phases   ] GC(722)   Evacuate Collection Set: 81.6ms
[2026-01-16T09:20:02.140+0000][gc,phases   ] GC(722)   Post Evacuate Collection Set: 1.5ms
[2026-01-16T09:20:02.140+0000][gc,phases   ] GC(722)   Other: 0.8ms
[2026-01-16T09:20:02.141+0000][gc,heap     ] GC(722) Eden regions: 49->0(48)
[2026-01-16T09:20:02.141+0000][gc,heap     ] GC(722) Survivor regions: 2->3(7)
[2026-01-16T09:20:02.142+0000][gc,heap     ] GC(722) Old regions: 296->296
[2026-01-16T09:20:02.143+0000][gc,heap     ] GC(722) Humongous regions: 149->149
[2026-01-16T09:20:02.143+0000][gc,metaspace] GC(722) Metaspace: 15080K(15424K)->15080K(15424K) NonClass: 13348K(13504K)->13348K(13504K) Class: 1731K(1920K)->1731K(1920K)
[2026-01-16T09:20:02.146+0000][gc          ] GC(722) Pause Young (Normal) (G1 Evacuation Pause) 495M->446M(1024M) 107.693ms
[2026-01-16T09:20:02.147+0000][gc,cpu      ] GC(722) User=0.14s Sys=0.00s Real=0.11s
[2026-01-16T09:20:03.640+0000][gc,start    ] GC(723) Pause Young (Normal) (G1 Evacuation Pause)
[2026-01-16T09:20:03.641+0000][gc,task     ] GC(723) Using 8 workers of 8 for evacuation
[2026-01-16T09:20:03.747+0000][gc,phases   ] GC(723)   Pre Evacuate Collection Set: 7.9ms
[2026-01-16T09:20:03.747+0000][gc,phases   ] GC(723)   Merge Heap Roots: 3.3ms
[2026-01-16T09:20:03.748+0000][gc,phases   ] GC(723)   Evacuate Collection Set: 90.0ms
[2026-01-16T09:20:03.749+0000][gc,phases   ] GC(723)   Post Evacuate Collection Set: 3.8ms
[2026-01-16T09:20:03.749+0000][gc,phases   ] GC(723)   Other: 0.7ms
[2026-01-16T09:20:03.749+0000][gc,heap     ] GC(723) Eden regions: 48->0(48)
[2026-01-16T09:20:03.750+0000][gc,heap     ] GC(723) Survivor regions: 3->3(7)
[2026-01-16T09:20:03.750+0000][gc,heap     ] GC(723) Old regions: 296->296
[2026-01-16T09:20:03.750+0000][gc,heap     ] GC(723) Humongous regions: 149->149
[2026-01-16T09:20:03.750+0000][gc,metaspace] GC(723) Metaspace: 15080K(15424K)->15080K(15424K) NonClass: 13348K(13504K)->13348K(13504K) Class: 1731K(1920K)->1731K(1920K)
[2026-01-16T09:20:03.750+0000][gc          ] GC(723) Pause Young (Normal) (G1 Evacuation Pause) 494M->447M(1024M) 109.724ms
[2026-01-16T09:20:03.750+0000][gc,cpu      ] GC(723) User=0.14s Sys=0.00s Real=0.11s
[2026-01-16T09:20:04.441+0000][gc,start    ] GC(724) Pause Young (Normal) (G1 Evacuation Pause)
[2026-01-16T09:20:04.443+0000][gc,task     ] GC(724) Using 8 workers of 8 for evacuation
[2026-01-16T09:20:04.489+0000][gc,phases   ] GC(724)   Pre Evacuate Collection Set: 1.3ms
[2026-01-16T09:20:04.490+0000][gc,phases   ] GC(724)   Merge Heap Roots: 0.4ms
[2026-01-16T09:20:04.491+0000][gc,phases   ] GC(724)   Evacuate Collection Set: 40.5ms
[2026-01-16T09:20:04.492+0000][gc,phases   ] GC(724)   Post Evacuate Collection Set: 3.5ms
[2026-01-16T09:20:04.494+0000][gc,phases   ] GC(724)   Other: 0.5ms
[2026-01-16T09:20:04.494+0000][gc,heap     ] GC(724) Eden regions: 48->0(47)
[2026-01-16T09:20:04.495+0000][gc,heap     ] GC(724) Survivor regions: 3->4(7)
[2026-01-16T09:20:04.500+0000][gc,heap     ] GC(724) Old regions: 296->296
[2026-01-16T09:20:04.501+0000][gc,heap     ] GC(724) Humongous regions: 149->149
[2026-01-16T09:20:04.501+0000][gc,metaspace] GC(724) Metaspace: 15080K(15424K)->15080K(15424K) NonClass: 13348K(13504K)->13348K(13504K) Class: 1731K(1920K)->1731K(1920K)
[2026-01-16T09:20:04.511+0000][gc          ] GC(724) Pause Young (Normal) (G1 Evacuation Pause) 495M->447M(1024M) 70.728ms
[2026-01-16T09:20:04.515+0000][gc,cpu      ] GC(724) User=0.06s Sys=0.00s Real=0.08s
[2026-01-16T09:20:07.946+0000][gc,start    ] GC(725) Pause Young (Normal) (G1 Evacuation Pause)
[2026-01-16T09:20:07.951+0000][gc,task     ] GC(725) Using 8 workers of 8 for evacuation
[2026-01-16T09:20:08.192+0000][gc,mmu      ] GC(725) MMU target violated: 201.0ms (200.0ms/201.0ms)
[2026-01-16T09:20:08.193+0000][gc,phases   ] GC(725)   Pre Evacuate Collection Set: 30.3ms
[2026-01-16T09:20:08.194+0000][gc,phases   ] GC(725)   Merge Heap Roots: 1.0ms
[2026-01-16T09:20:08.194+0000][gc,phases   ] GC(725)   Evacuate Collection Set: 189.1ms
[2026-01-16T09:20:08.195+0000][gc,phases   ] GC(725)   Post Evacuate Collection Set: 15.6ms
[2026-01-16T09:20:08.196+0000][gc,phases   ] GC(725)   Other: 6.2ms
[2026-01-16T09:20:08.197+0000][gc,heap     ] GC(725) Eden regions: 47->0(74)
[2026-01-16T09:20:08.197+0000][gc,heap     ] GC(725) Survivor regions: 4->2(7)
[2026-01-16T09:20:08.198+0000][gc,heap     ] GC(725) Old regions: 296->296
[2026-01-16T09:20:08.198+0000][gc,heap     ] GC(725) Humongous regions: 149->149
[2026-01-16T09:20:08.199+0000][gc,metaspace] GC(725) Metaspace: 15089K(15424K)->15089K(15424K) NonClass: 13357K(13504K)->13357K(13504K) Class: 1731K(1920K)->1731K(1920K)
[2026-01-16T09:20:08.200+0000][gc          ] GC(725) Pause Young (Normal) (G1 Evacuation Pause) 494M->446M(1024M) 253.792ms
[2026-01-16T09:20:08.202+0000][gc,cpu      ] GC(725) User=0.22s Sys=0.01s Real=0.26s
[2026-01-16T09:20:11.392+0000][gc,start    ] GC(726) Pause Young (Normal) (G1 Evacuation Pause)
[2026-01-16T09:20:11.393+0000][gc,task     ] GC(726) Using 8 workers of 8 for evacuation
[2026-01-16T09:20:11.682+0000][gc,mmu      ] GC(726) MMU target violated: 201.0ms (200.0ms/201.0ms)
[2026-01-16T09:20:11.683+0000][gc,phases   ] GC(726)   Pre Evacuate Collection Set: 16.7ms
[2026-01-16T09:20:11.683+0000][gc,phases   ] GC(726)   Merge Heap Roots: 8.3ms
[2026-01-16T09:20:11.683+0000][gc,phases   ] GC(726)   Evacuate Collection Set: 251.2ms
[2026-01-16T09:20:11.683+0000][gc,phases   ] GC(726)   Post Evacuate Collection Set: 10.3ms
[2026-01-16T09:20:11.683+0000][gc,phases   ] GC(726)   Other: 3.2ms
[2026-01-16T09:20:11.683+0000][gc,heap     ] GC(726) Eden regions: 79->0(47)
[2026-01-16T09:20:11.684+0000][gc,heap     ] GC(726) Survivor regions: 2->4(11)
[2026-01-16T09:20:11.684+0000][gc,heap     ] GC(726) Old regions: 296->296
[2026-01-16T09:20:11.684+0000][gc,heap     ] GC(726) Humongous regions: 149->149
[2026-01-16T09:20:11.684+0000][gc,metaspace] GC(726) Metaspace: 15089K(15424K)->15089K(15424K) NonClass: 13357K(13504K)->13357K(13504K) Class: 1731K(1920K)->1731K(1920K)
[2026-01-16T09:20:11.685+0000][gc          ] GC(726) Pause Young (Normal) (G1 Evacuation Pause) 525M->447M(1024M) 291.800ms
[2026-01-16T09:20:11.686+0000][gc,cpu      ] GC(726) User=0.27s Sys=0.02s Real=0.29s
[2026-01-16T09:20:13.316+0000][gc,start    ] GC(727) Pause Young (Normal) (G1 Evacuation Pause)
[2026-01-16T09:20:13.317+0000][gc,task     ] GC(727) Using 8 workers of 8 for evacuation
[2026-01-16T09:20:13.509+0000][gc,phases   ] GC(727)   Pre Evacuate Collection Set: 16.0ms
[2026-01-16T09:20:13.509+0000][gc,phases   ] GC(727)   Merge Heap Roots: 1.9ms
[2026-01-16T09:20:13.509+0000][gc,phases   ] GC(727)   Evacuate Collection Set: 171.3ms
[2026-01-16T09:20:13.510+0000][gc,phases   ] GC(727)   Post Evacuate Collection Set: 1.7ms
[2026-01-16T09:20:13.510+0000][gc,phases   ] GC(727)   Other: 1.1ms
[2026-01-16T09:20:13.510+0000][gc,heap     ] GC(727) Eden regions: 47->0(47)
[2026-01-16T09:20:13.510+0000][gc,heap     ] GC(727) Survivor regions: 4->4(7)
[2026-01-16T09:20:13.510+0000][gc,heap     ] GC(727) Old regions: 296->296
[2026-01-16T09:20:13.511+0000][gc,heap     ] GC(727) Humongous regions: 149->149
[2026-01-16T09:20:13.511+0000][gc,metaspace] GC(727) Metaspace: 15089K(15424K)->15089K(15424K) NonClass: 13357K(13504K)->13357K(13504K) Class: 1731K(1920K)->1731K(1920K)
[2026-01-16T09:20:13.511+0000][gc          ] GC(727) Pause Young (Normal) (G1 Evacuation Pause) 494M->448M(1024M) 195.188ms
[2026-01-16T09:20:13.512+0000][gc,cpu      ] GC(727) User=0.14s Sys=0.01s Real=0.20s
[2026-01-16T09:20:15.904+0000][gc,start    ] GC(728) Pause Young (Normal) (G1 Evacuation Pause)
[2026-01-16T09:20:15.905+0000][gc,task     ] GC(728) Using 8 workers of 8 for evacuation
[2026-01-16T09:20:16.338+0000][gc,mmu      ] GC(728) MMU target violated: 201.0ms (200.0ms/201.0ms)
[2026-01-16T09:20:16.344+0000][gc,phases   ] GC(728)   Pre Evacuate Collection Set: 10.8ms
[2026-01-16T09:20:16.346+0000][gc,phases   ] GC(728)   Merge Heap Roots: 1.5ms
[2026-01-16T09:20:16.347+0000][gc,phases   ] GC(728)   Evacuate Collection Set: 375.6ms
[2026-01-16T09:20:16.347+0000][gc,phases   ] GC(728)   Post Evacuate Collection Set: 42.5ms
[2026-01-16T09:20:16.347+0000][gc,phases   ] GC(728)   Other: 9.2ms
[2026-01-16T09:20:16.347+0000][gc,heap     ] GC(728) Eden regions: 47->0(49)
[2026-01-16T09:20:16.348+0000][gc,heap     ] GC(728) Survivor regions: 4->2(7)
[2026-01-16T09:20:16.348+0000][gc,heap     ] GC(728) Old regions: 296->296
[2026-01-16T09:20:16.348+0000][gc,heap     ] GC(728) Humongous regions: 149->149
[2026-01-16T09:20:16.349+0000][gc,metaspace] GC(728) Metaspace: 15089K(15424K)->15089K(15424K) NonClass: 13357K(13504K)->13357K(13504K) Class: 1731K(1920K)->1731K(1920K)
[2026-01-16T09:20:16.349+0000][gc          ] GC(728) Pause Young (Normal) (G1 Evacuation Pause) 495M->446M(1024M) 445.136ms
[2026-01-16T09:20:16.351+0000][gc,cpu      ] GC(728) User=0.24s Sys=0.02s Real=0.44s
[2026-01-16T09:20:18.018+0000][gc,start    ] GC(729) Pause Young (Normal) (G1 Evacuation Pause)
[2026-01-16T09:20:18.029+0000][gc,task     ] GC(729) Using 8 workers of 8 for evacuation
[2026-01-16T09:20:18.348+0000][gc,mmu      ] GC(729) MMU target violated: 201.0ms (200.0ms/201.0ms)
[2026-01-16T09:20:18.350+0000][gc,phases   ] GC(729)   Pre Evacuate Collection Set: 15.8ms
[2026-01-16T09:20:18.351+0000][gc,phases   ] GC(729)   Merge Heap Roots: 5.9ms
[2026-01-16T09:20:18.351+0000][gc,phases   ] GC(729)   Evacuate Collection Set: 266.5ms
[2026-01-16T09:20:18.351+0000][gc,phases   ] GC(729)   Post Evacuate Collection Set: 25.5ms
[2026-01-16T09:20:18.351+0000][gc,phases   ] GC(729)   Other: 15.2ms
[2026-01-16T09:20:18.351+0000][gc,heap     ] GC(729) Eden regions: 49->0(48)
[2026-01-16T09:20:18.352+0000][gc,heap     ] GC(729) Survivor regions: 2->3(7)
[2026-01-16T09:20:18.352+0000][gc,heap     ] GC(729) Old regions: 296->296
[2026-01-16T09:20:18.352+0000][gc,heap     ] GC(729) Humongous regions: 149->149
[2026-01-16T09:20:18.352+0000][gc,metaspace] GC(729) Metaspace: 15089K(15424K)->15089K(15424K) NonClass: 13357K(13504K)->13357K(13504K) Class: 1731K(1920K)->1731K(1920K)
[2026-01-16T09:20:18.352+0000][gc          ] GC(729) Pause Young (Normal) (G1 Evacuation Pause) 495M->447M(1024M) 333.662ms
[2026-01-16T09:20:18.352+0000][gc,cpu      ] GC(729) User=0.23s Sys=0.02s Real=0.34s
[2026-01-16T09:20:22.502+0000][gc,start    ] GC(730) Pause Young (Normal) (G1 Evacuation Pause)
[2026-01-16T09:20:22.503+0000][gc,task     ] GC(730) Using 8 workers of 8 for evacuation
[2026-01-16T09:20:23.137+0000][gc,mmu      ] GC(730) MMU target violated: 201.0ms (200.0ms/201.0ms)
[2026-01-16T09:20:23.145+0000][gc,phases   ] GC(730)   Pre Evacuate Collection Set: 55.2ms
[2026-01-16T09:20:23.145+0000][gc,phases   ] GC(730)   Merge Heap Roots: 27.6ms
[2026-01-16T09:20:23.146+0000][gc,phases   ] GC(730)   Evacuate Collection Set: 481.3ms
[2026-01-16T09:20:23.150+0000][gc,phases   ] GC(730)   Post Evacuate Collection Set: 56.5ms
[2026-01-16T09:20:23.153+0000][gc,phases   ] GC(730)   Other: 21.9ms
[2026-01-16T09:20:23.154+0000][gc,heap     ] GC(730) Eden regions: 48->0(47)
[2026-01-16T09:20:23.157+0000][gc,heap     ] GC(730) Survivor regions: 3->4(7)
[2026-01-16T09:20:23.158+0000][gc,heap     ] GC(730) Old regions: 296->296
[2026-01-16T09:20:23.160+0000][gc,heap     ] GC(730) Humongous regions: 149->149
[2026-01-16T09:20:23.166+0000][gc,metaspace] GC(730) Metaspace: 15089K(15424K)->15089K(15424K) NonClass: 13357K(13504K)->13357K(13504K) Class: 1731K(1920K)->1731K(1920K)
[2026-01-16T09:20:23.171+0000][gc          ] GC(730) Pause Young (Normal) (G1 Evacuation Pause) 495M->447M(1024M) 669.081ms
[2026-01-16T09:20:23.174+0000][gc,cpu      ] GC(730) User=0.41s Sys=0.02s Real=0.67s
[2026-01-16T09:20:27.142+0000][gc,start    ] GC(731) Pause Young (Normal) (G1 Evacuation Pause)
[2026-01-16T09:20:27.151+0000][gc,task     ] GC(731) Using 8 workers of 8 for evacuation
[2026-01-16T09:20:28.067+0000][gc,mmu      ] GC(731) MMU target violated: 201.0ms (200.0ms/201.0ms)
[2026-01-16T09:20:28.072+0000][gc,phases   ] GC(731)   Pre Evacuate Collection Set: 153.8ms
[2026-01-16T09:20:28.073+0000][gc,phases   ] GC(731)   Merge Heap Roots: 14.3ms
[2026-01-16T09:20:28.073+0000][gc,phases   ] GC(731)   Evacuate Collection Set: 684.3ms
[2026-01-16T09:20:28.073+0000][gc,phases   ] GC(731)   Post Evacuate Collection Set: 57.2ms
[2026-01-16T09:20:28.073+0000][gc,phases   ] GC(731)   Other: 11.9ms
[2026-01-16T09:20:28.074+0000][gc,heap     ] GC(731) Eden regions: 47->0(47)
[2026-01-16T09:20:28.077+0000][gc,heap     ] GC(731) Survivor regions: 4->4(7)
[2026-01-16T09:20:28.077+0000][gc,heap     ] GC(731) Old regions: 296->296
[2026-01-16T09:20:28.078+0000][gc,heap     ] GC(731) Humongous regions: 149->149
[2026-01-16T09:20:28.078+0000][gc,metaspace] GC(731) Metaspace: 15089K(15424K)->15089K(15424K) NonClass: 13357K(13504K)->13357K(13504K) Class: 1731K(1920K)->1731K(1920K)
[2026-01-16T09:20:28.082+0000][gc          ] GC(731) Pause Young (Normal) (G1 Evacuation Pause) 494M->448M(1024M) 944.296ms
[2026-01-16T09:20:28.083+0000][gc,cpu      ] GC(731) User=0.46s Sys=0.03s Real=0.95s
[2026-01-16T09:20:34.583+0000][gc,start    ] GC(732) Pause Young (Normal) (G1 Evacuation Pause)
[2026-01-16T09:20:34.594+0000][gc,task     ] GC(732) Using 8 workers of 8 for evacuation
[2026-01-16T09:20:35.682+0000][gc,mmu      ] GC(732) MMU target violated: 201.0ms (200.0ms/201.0ms)
[2026-01-16T09:20:35.690+0000][gc,phases   ] GC(732)   Pre Evacuate Collection Set: 53.5ms
[2026-01-16T09:20:35.693+0000][gc,phases   ] GC(732)   Merge Heap Roots: 1.9ms
[2026-01-16T09:20:35.696+0000][gc,phases   ] GC(732)   Evacuate Collection Set: 794.9ms
[2026-01-16T09:20:35.696+0000][gc,phases   ] GC(732)   Post Evacuate Collection Set: 228.9ms
[2026-01-16T09:20:35.697+0000][gc,phases   ] GC(732)   Other: 18.0ms
[2026-01-16T09:20:35.702+0000][gc,heap     ] GC(732) Eden regions: 47->0(48)
[2026-01-16T09:20:35.705+0000][gc,heap     ] GC(732) Survivor regions: 4->3(7)
[2026-01-16T09:20:35.705+0000][gc,heap     ] GC(732) Old regions: 296->296
[2026-01-16T09:20:35.705+0000][gc,heap     ] GC(732) Humongous regions: 149->149
[2026-01-16T09:20:35.706+0000][gc,metaspace] GC(732) Metaspace: 15090K(15424K)->15090K(15424K) NonClass: 13358K(13504K)->13358K(13504K) Class: 1731K(1920K)->1731K(1920K)
[2026-01-16T09:20:35.706+0000][gc          ] GC(732) Pause Young (Normal) (G1 Evacuation Pause) 495M->447M(1024M) 1123.395ms
[2026-01-16T09:20:35.707+0000][gc,cpu      ] GC(732) User=0.45s Sys=0.08s Real=1.12s
[2026-01-16T09:20:40.502+0000][gc,start    ] GC(733) Pause Young (Normal) (G1 Evacuation Pause)
[2026-01-16T09:20:40.541+0000][gc,task     ] GC(733) Using 8 workers of 8 for evacuation
[2026-01-16T09:20:41.255+0000][gc,mmu      ] GC(733) MMU target violated: 201.0ms (200.0ms/201.0ms)
[2026-01-16T09:20:41.256+0000][gc,phases   ] GC(733)   Pre Evacuate Collection Set: 64.4ms
[2026-01-16T09:20:41.257+0000][gc,phases   ] GC(733)   Merge Heap Roots: 9.0ms
[2026-01-16T09:20:41.257+0000][gc,phases   ] GC(733)   Evacuate Collection Set: 613.9ms
[2026-01-16T09:20:41.258+0000][gc,phases   ] GC(733)   Post Evacuate Collection Set: 26.6ms
[2026-01-16T09:20:41.258+0000][gc,phases   ] GC(733)   Other: 1.7ms
[2026-01-16T09:20:41.259+0000][gc,heap     ] GC(733) Eden regions: 48->0(48)
[2026-01-16T09:20:41.259+0000][gc,heap     ] GC(733) Survivor regions: 3->3(7)
[2026-01-16T09:20:41.260+0000][gc,heap     ] GC(733) Old regions: 296->297
[2026-01-16T09:20:41.262+0000][gc,heap     ] GC(733) Humongous regions: 149->149
[2026-01-16T09:20:41.267+0000][gc,metaspace] GC(733) Metaspace: 15091K(15424K)->15091K(15424K) NonClass: 13359K(13504K)->13359K(13504K) Class: 1731K(1920K)->1731K(1920K)
[2026-01-16T09:20:41.268+0000][gc          ] GC(733) Pause Young (Normal) (G1 Evacuation Pause) 495M->447M(1024M) 766.146ms
[2026-01-16T09:20:41.268+0000][gc,cpu      ] GC(733) User=0.41s Sys=0.02s Real=0.77s
[2026-01-16T09:20:43.957+0000][gc,start    ] GC(734) Pause Young (Normal) (G1 Evacuation Pause)
[2026-01-16T09:20:43.959+0000][gc,task     ] GC(734) Using 8 workers of 8 for evacuation
[2026-01-16T09:20:44.856+0000][gc,mmu      ] GC(734) MMU target violated: 201.0ms (200.0ms/201.0ms)
[2026-01-16T09:20:44.860+0000][gc,phases   ] GC(734)   Pre Evacuate Collection Set: 84.9ms
[2026-01-16T09:20:44.863+0000][gc,phases   ] GC(734)   Merge Heap Roots: 50.2ms
[2026-01-16T09:20:44.865+0000][gc,phases   ] GC(734)   Evacuate Collection Set: 726.8ms
[2026-01-16T09:20:44.867+0000][gc,phases   ] GC(734)   Post Evacuate Collection Set: 30.5ms
[2026-01-16T09:20:44.870+0000][gc,phases   ] GC(734)   Other: 8.9ms
[2026-01-16T09:20:44.870+0000][gc,heap     ] GC(734) Eden regions: 48->0(47)
[2026-01-16T09:20:44.870+0000][gc,heap     ] GC(734) Survivor regions: 3->4(7)
[2026-01-16T09:20:44.870+0000][gc,heap     ] GC(734) Old regions: 297->297
[2026-01-16T09:20:44.870+0000][gc,heap     ] GC(734) Humongous regions: 149->149
[2026-01-16T09:20:44.870+0000][gc,metaspace] GC(734) Metaspace: 15091K(15424K)->15091K(15424K) NonClass: 13359K(13504K)->13359K(13504K) Class: 1731K(1920K)->1731K(1920K)
[2026-01-16T09:20:44.871+0000][gc          ] GC(734) Pause Young (Normal) (G1 Evacuation Pause) 495M->448M(1024M) 913.413ms
[2026-01-16T09:20:44.871+0000][gc,cpu      ] GC(734) User=0.45s Sys=0.03s Real=0.91s
[2026-01-16T09:20:47.480+0000][gc,start    ] GC(735) Pause Young (Normal) (G1 Evacuation Pause)
[2026-01-16T09:20:47.483+0000][gc,task     ] GC(735) Using 8 workers of 8 for evacuation
[2026-01-16T09:20:48.064+0000][gc,mmu      ] GC(735) MMU target violated: 201.0ms (200.0ms/201.0ms)
[2026-01-16T09:20:48.076+0000][gc,phases   ] GC(735)   Pre Evacuate Collection Set: 74.4ms
[2026-01-16T09:20:48.076+0000][gc,phases   ] GC(735)   Merge Heap Roots: 7.9ms
[2026-01-16T09:20:48.076+0000][gc,phases   ] GC(735)   Evacuate Collection Set: 455.7ms
[2026-01-16T09:20:48.077+0000][gc,phases   ] GC(735)   Post Evacuate Collection Set: 39.2ms
[2026-01-16T09:20:48.078+0000][gc,phases   ] GC(735)   Other: 15.5ms
[2026-01-16T09:20:48.078+0000][gc,heap     ] GC(735) Eden regions: 47->0(46)
[2026-01-16T09:20:48.078+0000][gc,heap     ] GC(735) Survivor regions: 4->5(7)
[2026-01-16T09:20:48.080+0000][gc,heap     ] GC(735) Old regions: 297->297
[2026-01-16T09:20:48.081+0000][gc,heap     ] GC(735) Humongous regions: 149->149
[2026-01-16T09:20:48.081+0000][gc,metaspace] GC(735) Metaspace: 15091K(15424K)->15091K(15424K) NonClass: 13359K(13504K)->13359K(13504K) Class: 1731K(1920K)->1731K(1920K)
[2026-01-16T09:20:48.081+0000][gc          ] GC(735) Pause Young (Normal) (G1 Evacuation Pause) 495M->449M(1024M) 600.597ms
[2026-01-16T09:20:48.081+0000][gc,cpu      ] GC(735) User=0.47s Sys=0.05s Real=0.60s
[2026-01-16T09:20:51.909+0000][gc,start    ] GC(736) Pause Young (Normal) (G1 Evacuation Pause)
[2026-01-16T09:20:51.938+0000][gc,task     ] GC(736) Using 8 workers of 8 for evacuation
[2026-01-16T09:20:52.704+0000][gc,mmu      ] GC(736) MMU target violated: 201.0ms (200.0ms/201.0ms)
[2026-01-16T09:20:52.705+0000][gc,phases   ] GC(736)   Pre Evacuate Collection Set: 103.7ms
[2026-01-16T09:20:52.705+0000][gc,phases   ] GC(736)   Merge Heap Roots: 8.9ms
[2026-01-16T09:20:52.705+0000][gc,phases   ] GC(736)   Evacuate Collection Set: 621.9ms
[2026-01-16T09:20:52.710+0000][gc,phases   ] GC(736)   Post Evacuate Collection Set: 19.2ms
[2026-01-16T09:20:52.711+0000][gc,phases   ] GC(736)   Other: 13.2ms
[2026-01-16T09:20:52.719+0000][gc,heap     ] GC(736) Eden regions: 46->0(46)
[2026-01-16T09:20:52.719+0000][gc,heap     ] GC(736) Survivor regions: 5->5(7)
[2026-01-16T09:20:52.720+0000][gc,heap     ] GC(736) Old regions: 297->297
[2026-01-16T09:20:52.720+0000][gc,heap     ] GC(736) Humongous regions: 149->149
[2026-01-16T09:20:52.720+0000][gc,metaspace] GC(736) Metaspace: 15091K(15424K)->15091K(15424K) NonClass: 13360K(13504K)->13360K(13504K) Class: 1731K(1920K)->1731K(1920K)
[2026-01-16T09:20:52.721+0000][gc          ] GC(736) Pause Young (Normal) (G1 Evacuation Pause) 495M->450M(1024M) 811.572ms
[2026-01-16T09:20:52.721+0000][gc,cpu      ] GC(736) User=0.59s Sys=0.04s Real=0.82s
[2026-01-16T09:20:55.680+0000][gc,start    ] GC(737) Pause Young (Normal) (G1 Evacuation Pause)
[2026-01-16T09:20:55.687+0000][gc,task     ] GC(737) Using 8 workers of 8 for evacuation
[2026-01-16T09:20:56.073+0000][gc,mmu      ] GC(737) MMU target violated: 201.0ms (200.0ms/201.0ms)
[2026-01-16T09:20:56.075+0000][gc,phases   ] GC(737)   Pre Evacuate Collection Set: 61.5ms
[2026-01-16T09:20:56.075+0000][gc,phases   ] GC(737)   Merge Heap Roots: 28.2ms
[2026-01-16T09:20:56.075+0000][gc,phases   ] GC(737)   Evacuate Collection Set: 274.9ms
[2026-01-16T09:20:56.076+0000][gc,phases   ] GC(737)   Post Evacuate Collection Set: 19.0ms
[2026-01-16T09:20:56.076+0000][gc,phases   ] GC(737)   Other: 4.7ms
[2026-01-16T09:20:56.077+0000][gc,heap     ] GC(737) Eden regions: 46->0(46)
[2026-01-16T09:20:56.077+0000][gc,heap     ] GC(737) Survivor regions: 5->5(7)
[2026-01-16T09:20:56.078+0000][gc,heap     ] GC(737) Old regions: 297->298
[2026-01-16T09:20:56.081+0000][gc,heap     ] GC(737) Humongous regions: 149->149
[2026-01-16T09:20:56.081+0000][gc,metaspace] GC(737) Metaspace: 15091K(15424K)->15091K(15424K) NonClass: 13360K(13504K)->13360K(13504K) Class: 1731K(1920K)->1731K(1920K)
[2026-01-16T09:20:56.083+0000][gc          ] GC(737) Pause Young (Normal) (G1 Evacuation Pause) 496M->451M(1024M) 403.128ms
[2026-01-16T09:20:56.084+0000][gc,cpu      ] GC(737) User=0.32s Sys=0.02s Real=0.40s
[2026-01-16T09:20:57.484+0000][gc,start    ] GC(738) Pause Young (Normal) (G1 Evacuation Pause)
[2026-01-16T09:20:57.486+0000][gc,task     ] GC(738) Using 8 workers of 8 for evacuation
[2026-01-16T09:20:57.811+0000][gc,mmu      ] GC(738) MMU target violated: 201.0ms (200.0ms/201.0ms)
[2026-01-16T09:20:57.812+0000][gc,phases   ] GC(738)   Pre Evacuate Collection Set: 21.0ms
[2026-01-16T09:20:57.812+0000][gc,phases   ] GC(738)   Merge Heap Roots: 10.5ms
[2026-01-16T09:20:57.813+0000][gc,phases   ] GC(738)   Evacuate Collection Set: 287.3ms
[2026-01-16T09:20:57.814+0000][gc,phases   ] GC(738)   Post Evacuate Collection Set: 2.7ms
[2026-01-16T09:20:57.814+0000][gc,phases   ] GC(738)   Other: 5.0ms
[2026-01-16T09:20:57.814+0000][gc,heap     ] GC(738) Eden regions: 46->0(47)
[2026-01-16T09:20:57.815+0000][gc,heap     ] GC(738) Survivor regions: 5->4(7)
[2026-01-16T09:20:57.815+0000][gc,heap     ] GC(738) Old regions: 298->299
[2026-01-16T09:20:57.815+0000][gc,heap     ] GC(738) Humongous regions: 149->149
[2026-01-16T09:20:57.816+0000][gc,metaspace] GC(738) Metaspace: 15091K(15424K)->15091K(15424K) NonClass: 13360K(13504K)->13360K(13504K) Class: 1731K(1920K)->1731K(1920K)
[2026-01-16T09:20:57.817+0000][gc          ] GC(738) Pause Young (Normal) (G1 Evacuation Pause) 497M->451M(1024M) 332.784ms
[2026-01-16T09:20:57.817+0000][gc,cpu      ] GC(738) User=0.25s Sys=0.01s Real=0.34s
[2026-01-16T09:20:59.568+0000][gc,start    ] GC(739) Pause Young (Normal) (G1 Evacuation Pause)
[2026-01-16T09:20:59.588+0000][gc,task     ] GC(739) Using 8 workers of 8 for evacuation
[2026-01-16T09:21:00.363+0000][gc,mmu      ] GC(739) MMU target violated: 201.0ms (200.0ms/201.0ms)
[2026-01-16T09:21:00.365+0000][gc,phases   ] GC(739)   Pre Evacuate Collection Set: 39.1ms
[2026-01-16T09:21:00.365+0000][gc,phases   ] GC(739)   Merge Heap Roots: 18.1ms
[2026-01-16T09:21:00.366+0000][gc,phases   ] GC(739)   Evacuate Collection Set: 659.6ms
[2026-01-16T09:21:00.367+0000][gc,phases   ] GC(739)   Post Evacuate Collection Set: 47.2ms
[2026-01-16T09:21:00.368+0000][gc,phases   ] GC(739)   Other: 13.1ms
[2026-01-16T09:21:00.369+0000][gc,heap     ] GC(739) Eden regions: 47->0(47)
[2026-01-16T09:21:00.375+0000][gc,heap     ] GC(739) Survivor regions: 4->4(7)
[2026-01-16T09:21:00.376+0000][gc,heap     ] GC(739) Old regions: 299->300
[2026-01-16T09:21:00.376+0000][gc,heap     ] GC(739) Humongous regions: 149->149
[2026-01-16T09:21:00.377+0000][gc,metaspace] GC(739) Metaspace: 15091K(15424K)->15091K(15424K) NonClass: 13360K(13504K)->13360K(13504K) Class: 1731K(1920K)->1731K(1920K)
[2026-01-16T09:21:00.379+0000][gc          ] GC(739) Pause Young (Normal) (G1 Evacuation Pause) 498M->452M(1024M) 809.778ms
[2026-01-16T09:21:00.385+0000][gc,cpu      ] GC(739) User=0.35s Sys=0.04s Real=0.82s
[2026-01-16T09:21:01.968+0000][gc,start    ] GC(740) Pause Young (Normal) (G1 Evacuation Pause)
[2026-01-16T09:21:01.970+0000][gc,task     ] GC(740) Using 8 workers of 8 for evacuation
[2026-01-16T09:21:02.334+0000][gc,mmu      ] GC(740) MMU target violated: 201.0ms (200.0ms/201.0ms)
[2026-01-16T09:21:02.334+0000][gc,phases   ] GC(740)   Pre Evacuate Collection Set: 23.0ms
[2026-01-16T09:21:02.334+0000][gc,phases   ] GC(740)   Merge Heap Roots: 9.8ms
[2026-01-16T09:21:02.334+0000][gc,phases   ] GC(740)   Evacuate Collection Set: 315.0ms
[2026-01-16T09:21:02.335+0000][gc,phases   ] GC(740)   Post Evacuate Collection Set: 11.1ms
[2026-01-16T09:21:02.335+0000][gc,phases   ] GC(740)   Other: 5.4ms
[2026-01-16T09:21:02.335+0000][gc,heap     ] GC(740) Eden regions: 47->0(46)
[2026-01-16T09:21:02.335+0000][gc,heap     ] GC(740) Survivor regions: 4->5(7)
[2026-01-16T09:21:02.335+0000][gc,heap     ] GC(740) Old regions: 300->300
[2026-01-16T09:21:02.335+0000][gc,heap     ] GC(740) Humongous regions: 149->149
[2026-01-16T09:21:02.335+0000][gc,metaspace] GC(740) Metaspace: 15091K(15424K)->15091K(15424K) NonClass: 13360K(13504K)->13360K(13504K) Class: 1731K(1920K)->1731K(1920K)
[2026-01-16T09:21:02.335+0000][gc          ] GC(740) Pause Young (Normal) (G1 Evacuation Pause) 499M->453M(1024M) 371.787ms
[2026-01-16T09:21:02.335+0000][gc,cpu      ] GC(740) User=0.27s Sys=0.02s Real=0.37s
[2026-01-16T09:21:03.422+0000][gc,start    ] GC(741) Pause Young (Normal) (G1 Evacuation Pause)
[2026-01-16T09:21:03.423+0000][gc,task     ] GC(741) Using 8 workers of 8 for evacuation
[2026-01-16T09:21:03.549+0000][gc,phases   ] GC(741)   Pre Evacuate Collection Set: 5.7ms
[2026-01-16T09:21:03.549+0000][gc,phases   ] GC(741)   Merge Heap Roots: 0.5ms
[2026-01-16T09:21:03.550+0000][gc,phases   ] GC(741)   Evacuate Collection Set: 115.3ms
[2026-01-16T09:21:03.552+0000][gc,phases   ] GC(741)   Post Evacuate Collection Set: 2.8ms
[2026-01-16T09:21:03.553+0000][gc,phases   ] GC(741)   Other: 1.0ms
[2026-01-16T09:21:03.555+0000][gc,heap     ] GC(741) Eden regions: 46->0(46)
[2026-01-16T09:21:03.557+0000][gc,heap     ] GC(741) Survivor regions: 5->5(7)
[2026-01-16T09:21:03.558+0000][gc,heap     ] GC(741) Old regions: 300->301
[2026-01-16T09:21:03.558+0000][gc,heap     ] GC(741) Humongous regions: 149->149
[2026-01-16T09:21:03.558+0000][gc,metaspace] GC(741) Metaspace: 15091K(15424K)->15091K(15424K) NonClass: 13360K(13504K)->13360K(13504K) Class: 1731K(1920K)->1731K(1920K)
[2026-01-16T09:21:03.558+0000][gc          ] GC(741) Pause Young (Normal) (G1 Evacuation Pause) 499M->454M(1024M) 136.135ms
[2026-01-16T09:21:03.559+0000][gc,cpu      ] GC(741) User=0.13s Sys=0.01s Real=0.14s
[2026-01-16T09:21:04.052+0000][gc,start    ] GC(742) Pause Young (Normal) (G1 Evacuation Pause)
[2026-01-16T09:21:04.052+0000][gc,task     ] GC(742) Using 8 workers of 8 for evacuation
[2026-01-16T09:21:04.313+0000][gc,mmu      ] GC(742) MMU target violated: 201.0ms (200.0ms/201.0ms)
[2026-01-16T09:21:04.313+0000][gc,phases   ] GC(742)   Pre Evacuate Collection Set: 0.4ms
[2026-01-16T09:21:04.313+0000][gc,phases   ] GC(742)   Merge Heap Roots: 0.7ms
[2026-01-16T09:21:04.313+0000][gc,phases   ] GC(742)   Evacuate Collection Set: 251.3ms
[2026-01-16T09:21:04.314+0000][gc,phases   ] GC(742)   Post Evacuate Collection Set: 7.6ms
[2026-01-16T09:21:04.314+0000][gc,phases   ] GC(742)   Other: 0.7ms
[2026-01-16T09:21:04.314+0000][gc,heap     ] GC(742) Eden regions: 46->0(46)
[2026-01-16T09:21:04.318+0000][gc,heap     ] GC(742) Survivor regions: 5->5(7)
[2026-01-16T09:21:04.318+0000][gc,heap     ] GC(742) Old regions: 301->302
[2026-01-16T09:21:04.318+0000][gc,heap     ] GC(742) Humongous regions: 149->149
[2026-01-16T09:21:04.318+0000][gc,metaspace] GC(742) Metaspace: 15091K(15424K)->15091K(15424K) NonClass: 13360K(13504K)->13360K(13504K) Class: 1731K(1920K)->1731K(1920K)
[2026-01-16T09:21:04.319+0000][gc          ] GC(742) Pause Young (Normal) (G1 Evacuation Pause) 500M->454M(1024M) 266.588ms
[2026-01-16T09:21:04.319+0000][gc,cpu      ] GC(742) User=0.25s Sys=0.04s Real=0.27s
[2026-01-16T09:21:04.871+0000][gc,start    ] GC(743) Pause Young (Normal) (G1 Evacuation Pause)
[2026-01-16T09:21:04.872+0000][gc,task     ] GC(743) Using 8 workers of 8 for evacuation
[2026-01-16T09:21:05.024+0000][gc,phases   ] GC(743)   Pre Evacuate Collection Set: 5.4ms
[2026-01-16T09:21:05.024+0000][gc,phases   ] GC(743)   Merge Heap Roots: 1.1ms
[2026-01-16T09:21:05.024+0000][gc,phases   ] GC(743)   Evacuate Collection Set: 144.3ms
[2026-01-16T09:21:05.025+0000][gc,phases   ] GC(743)   Post Evacuate Collection Set: 1.1ms
[2026-01-16T09:21:05.025+0000][gc,phases   ] GC(743)   Other: 0.4ms
[2026-01-16T09:21:05.027+0000][gc,heap     ] GC(743) Eden regions: 46->0(46)
[2026-01-16T09:21:05.027+0000][gc,heap     ] GC(743) Survivor regions: 5->5(7)
[2026-01-16T09:21:05.027+0000][gc,heap     ] GC(743) Old regions: 302->302
[2026-01-16T09:21:05.027+0000][gc,heap     ] GC(743) Humongous regions: 149->149
[2026-01-16T09:21:05.027+0000][gc,metaspace] GC(743) Metaspace: 15091K(15424K)->15091K(15424K) NonClass: 13360K(13504K)->13360K(13504K) Class: 1731K(1920K)->1731K(1920K)
[2026-01-16T09:21:05.028+0000][gc          ] GC(743) Pause Young (Normal) (G1 Evacuation Pause) 500M->455M(1024M) 157.047ms
[2026-01-16T09:21:05.028+0000][gc,cpu      ] GC(743) User=0.08s Sys=0.01s Real=0.16s
[2026-01-16T09:21:05.843+0000][gc,start    ] GC(744) Pause Young (Normal) (G1 Evacuation Pause)
[2026-01-16T09:21:05.852+0000][gc,task     ] GC(744) Using 8 workers of 8 for evacuation
[2026-01-16T09:21:06.031+0000][gc,phases   ] GC(744)   Pre Evacuate Collection Set: 0.9ms
[2026-01-16T09:21:06.033+0000][gc,phases   ] GC(744)   Merge Heap Roots: 0.3ms
[2026-01-16T09:21:06.035+0000][gc,phases   ] GC(744)   Evacuate Collection Set: 159.0ms
[2026-01-16T09:21:06.037+0000][gc,phases   ] GC(744)   Post Evacuate Collection Set: 8.1ms
[2026-01-16T09:21:06.038+0000][gc,phases   ] GC(744)   Other: 10.5ms
[2026-01-16T09:21:06.038+0000][gc,heap     ] GC(744) Eden regions: 46->0(46)
[2026-01-16T09:21:06.039+0000][gc,heap     ] GC(744) Survivor regions: 5->5(7)
[2026-01-16T09:21:06.044+0000][gc,heap     ] GC(744) Old regions: 302->303
[2026-01-16T09:21:06.045+0000][gc,heap     ] GC(744) Humongous regions: 149->149
[2026-01-16T09:21:06.046+0000][gc,metaspace] GC(744) Metaspace: 15091K(15424K)->15091K(15424K) NonClass: 13360K(13504K)->13360K(13504K) Class: 1731K(1920K)->1731K(1920K)
[2026-01-16T09:21:06.048+0000][gc          ] GC(744) Pause Young (Normal) (G1 Evacuation Pause) 501M->456M(1024M) 204.949ms
[2026-01-16T09:21:06.049+0000][gc,cpu      ] GC(744) User=0.11s Sys=0.02s Real=0.21s
[2026-01-16T09:21:06.697+0000][gc,start    ] GC(745) Pause Young (Normal) (G1 Evacuation Pause)
[2026-01-16T09:21:06.699+0000][gc,task     ] GC(745) Using 8 workers of 8 for evacuation
[2026-01-16T09:21:06.804+0000][gc,phases   ] GC(745)   Pre Evacuate Collection Set: 3.3ms
[2026-01-16T09:21:06.806+0000][gc,phases   ] GC(745)   Merge Heap Roots: 0.5ms
[2026-01-16T09:21:06.806+0000][gc,phases   ] GC(745)   Evacuate Collection Set: 93.7ms
[2026-01-16T09:21:06.806+0000][gc,phases   ] GC(745)   Post Evacuate Collection Set: 5.3ms
[2026-01-16T09:21:06.807+0000][gc,phases   ] GC(745)   Other: 2.7ms
[2026-01-16T09:21:06.807+0000][gc,heap     ] GC(745) Eden regions: 46->0(46)
[2026-01-16T09:21:06.808+0000][gc,heap     ] GC(745) Survivor regions: 5->5(7)
[2026-01-16T09:21:06.808+0000][gc,heap     ] GC(745) Old regions: 303->304
[2026-01-16T09:21:06.810+0000][gc,heap     ] GC(745) Humongous regions: 149->149
[2026-01-16T09:21:06.811+0000][gc,metaspace] GC(745) Metaspace: 15091K(15424K)->15091K(15424K) NonClass: 13360K(13504K)->13360K(13504K) Class: 1731K(1920K)->1731K(1920K)
[2026-01-16T09:21:06.812+0000][gc          ] GC(745) Pause Young (Normal) (G1 Evacuation Pause) 502M->456M(1024M) 115.108ms
[2026-01-16T09:21:06.813+0000][gc,cpu      ] GC(745) User=0.10s Sys=0.00s Real=0.12s
[2026-01-16T09:21:07.551+0000][gc,start    ] GC(746) Pause Young (Normal) (G1 Evacuation Pause)
[2026-01-16T09:21:07.553+0000][gc,task     ] GC(746) Using 8 workers of 8 for evacuation
[2026-01-16T09:21:07.711+0000][gc,phases   ] GC(746)   Pre Evacuate Collection Set: 6.1ms
[2026-01-16T09:21:07.711+0000][gc,phases   ] GC(746)   Merge Heap Roots: 0.9ms
[2026-01-16T09:21:07.712+0000][gc,phases   ] GC(746)   Evacuate Collection Set: 148.3ms
[2026-01-16T09:21:07.712+0000][gc,phases   ] GC(746)   Post Evacuate Collection Set: 1.7ms
[2026-01-16T09:21:07.713+0000][gc,phases   ] GC(746)   Other: 0.9ms
[2026-01-16T09:21:07.713+0000][gc,heap     ] GC(746) Eden regions: 46->0(46)
[2026-01-16T09:21:07.714+0000][gc,heap     ] GC(746) Survivor regions: 5->5(7)
[2026-01-16T09:21:07.715+0000][gc,heap     ] GC(746) Old regions: 304->305
[2026-01-16T09:21:07.717+0000][gc,heap     ] GC(746) Humongous regions: 149->149
[2026-01-16T09:21:07.719+0000][gc,metaspace] GC(746) Metaspace: 15091K(15424K)->15091K(15424K) NonClass: 13360K(13504K)->13360K(13504K) Class: 1731K(1920K)->1731K(1920K)
[2026-01-16T09:21:07.719+0000][gc          ] GC(746) Pause Young (Normal) (G1 Evacuation Pause) 502M->457M(1024M) 167.929ms
[2026-01-16T09:21:07.720+0000][gc,cpu      ] GC(746) User=0.14s Sys=0.01s Real=0.17s
[2026-01-16T09:21:08.558+0000][gc,start    ] GC(747) Pause Young (Normal) (G1 Evacuation Pause)
[2026-01-16T09:21:08.558+0000][gc,task     ] GC(747) Using 8 workers of 8 for evacuation
[2026-01-16T09:21:08.799+0000][gc,mmu      ] GC(747) MMU target violated: 201.0ms (200.0ms/201.0ms)
[2026-01-16T09:21:08.799+0000][gc,phases   ] GC(747)   Pre Evacuate Collection Set: 4.8ms
[2026-01-16T09:21:08.800+0000][gc,phases   ] GC(747)   Merge Heap Roots: 3.7ms
[2026-01-16T09:21:08.800+0000][gc,phases   ] GC(747)   Evacuate Collection Set: 221.4ms
[2026-01-16T09:21:08.800+0000][gc,phases   ] GC(747)   Post Evacuate Collection Set: 10.8ms
[2026-01-16T09:21:08.801+0000][gc,phases   ] GC(747)   Other: 0.6ms
[2026-01-16T09:21:08.801+0000][gc,heap     ] GC(747) Eden regions: 46->0(46)
[2026-01-16T09:21:08.801+0000][gc,heap     ] GC(747) Survivor regions: 5->5(7)
[2026-01-16T09:21:08.801+0000][gc,heap     ] GC(747) Old regions: 305->305
[2026-01-16T09:21:08.801+0000][gc,heap     ] GC(747) Humongous regions: 149->149
[2026-01-16T09:21:08.802+0000][gc,metaspace] GC(747) Metaspace: 15091K(15424K)->15091K(15424K) NonClass: 13360K(13504K)->13360K(13504K) Class: 1731K(1920K)->1731K(1920K)
[2026-01-16T09:21:08.802+0000][gc          ] GC(747) Pause Young (Normal) (G1 Evacuation Pause) 503M->458M(1024M) 244.104ms
[2026-01-16T09:21:08.802+0000][gc,cpu      ] GC(747) User=0.13s Sys=0.02s Real=0.25s
[2026-01-16T09:21:09.554+0000][gc,start    ] GC(748) Pause Young (Normal) (G1 Evacuation Pause)
[2026-01-16T09:21:09.555+0000][gc,task     ] GC(748) Using 8 workers of 8 for evacuation
[2026-01-16T09:21:09.663+0000][gc,phases   ] GC(748)   Pre Evacuate Collection Set: 1.6ms
[2026-01-16T09:21:09.665+0000][gc,phases   ] GC(748)   Merge Heap Roots: 1.0ms
[2026-01-16T09:21:09.667+0000][gc,phases   ] GC(748)   Evacuate Collection Set: 98.4ms
[2026-01-16T09:21:09.668+0000][gc,phases   ] GC(748)   Post Evacuate Collection Set: 5.8ms
[2026-01-16T09:21:09.668+0000][gc,phases   ] GC(748)   Other: 0.7ms
[2026-01-16T09:21:09.668+0000][gc,heap     ] GC(748) Eden regions: 46->0(46)
[2026-01-16T09:21:09.668+0000][gc,heap     ] GC(748) Survivor regions: 5->5(7)
[2026-01-16T09:21:09.668+0000][gc,heap     ] GC(748) Old regions: 305->306
[2026-01-16T09:21:09.668+0000][gc,heap     ] GC(748) Humongous regions: 149->149
[2026-01-16T09:21:09.668+0000][gc,metaspace] GC(748) Metaspace: 15091K(15424K)->15091K(15424K) NonClass: 13360K(13504K)->13360K(13504K) Class: 1731K(1920K)->1731K(1920K)
[2026-01-16T09:21:09.668+0000][gc          ] GC(748) Pause Young (Normal) (G1 Evacuation Pause) 504M->458M(1024M) 114.137ms
[2026-01-16T09:21:09.668+0000][gc,cpu      ] GC(748) User=0.09s Sys=0.00s Real=0.11s
[2026-01-16T09:21:10.261+0000][gc,start    ] GC(749) Pause Young (Normal) (G1 Evacuation Pause)
[2026-01-16T09:21:10.265+0000][gc,task     ] GC(749) Using 8 workers of 8 for evacuation
[2026-01-16T09:21:10.368+0000][gc,phases   ] GC(749)   Pre Evacuate Collection Set: 9.8ms
[2026-01-16T09:21:10.368+0000][gc,phases   ] GC(749)   Merge Heap Roots: 5.4ms
[2026-01-16T09:21:10.368+0000][gc,phases   ] GC(749)   Evacuate Collection Set: 85.5ms
[2026-01-16T09:21:10.368+0000][gc,phases   ] GC(749)   Post Evacuate Collection Set: 1.0ms
[2026-01-16T09:21:10.368+0000][gc,phases   ] GC(749)   Other: 1.0ms
[2026-01-16T09:21:10.368+0000][gc,heap     ] GC(749) Eden regions: 49->0(95)
[2026-01-16T09:21:10.368+0000][gc,heap     ] GC(749) Survivor regions: 5->5(7)
[2026-01-16T09:21:10.368+0000][gc,heap     ] GC(749) Old regions: 306->307
[2026-01-16T09:21:10.368+0000][gc,heap     ] GC(749) Humongous regions: 149->149
[2026-01-16T09:21:10.368+0000][gc,metaspace] GC(749) Metaspace: 15092K(15424K)->15092K(15424K) NonClass: 13361K(13504K)->13361K(13504K) Class: 1731K(1920K)->1731K(1920K)
[2026-01-16T09:21:10.368+0000][gc          ] GC(749) Pause Young (Normal) (G1 Evacuation Pause) 507M->459M(1024M) 107.100ms
[2026-01-16T09:21:10.368+0000][gc,cpu      ] GC(749) User=0.13s Sys=0.01s Real=0.11s
[2026-01-16T09:21:14.367+0000][gc,start    ] GC(750) Pause Young (Normal) (G1 Evacuation Pause)
[2026-01-16T09:21:14.369+0000][gc,task     ] GC(750) Using 8 workers of 8 for evacuation
[2026-01-16T09:21:14.498+0000][gc,phases   ] GC(750)   Pre Evacuate Collection Set: 15.0ms
[2026-01-16T09:21:14.500+0000][gc,phases   ] GC(750)   Merge Heap Roots: 10.3ms
[2026-01-16T09:21:14.500+0000][gc,phases   ] GC(750)   Evacuate Collection Set: 88.0ms
[2026-01-16T09:21:14.500+0000][gc,phases   ] GC(750)   Post Evacuate Collection Set: 14.6ms
[2026-01-16T09:21:14.501+0000][gc,phases   ] GC(750)   Other: 0.7ms
[2026-01-16T09:21:14.501+0000][gc,heap     ] GC(750) Eden regions: 101->0(227)
[2026-01-16T09:21:14.501+0000][gc,heap     ] GC(750) Survivor regions: 5->4(14)
[2026-01-16T09:21:14.501+0000][gc,heap     ] GC(750) Old regions: 307->307
[2026-01-16T09:21:14.502+0000][gc,heap     ] GC(750) Humongous regions: 149->149
[2026-01-16T09:21:14.502+0000][gc,metaspace] GC(750) Metaspace: 15118K(15424K)->15118K(15424K) NonClass: 13386K(13504K)->13386K(13504K) Class: 1731K(1920K)->1731K(1920K)
[2026-01-16T09:21:14.503+0000][gc          ] GC(750) Pause Young (Normal) (G1 Evacuation Pause) 560M->458M(1024M) 136.010ms
[2026-01-16T09:21:14.504+0000][gc,cpu      ] GC(750) User=0.13s Sys=0.02s Real=0.14s
[2026-01-16T09:21:25.782+0000][gc,start    ] GC(751) Pause Young (Normal) (G1 Evacuation Pause)
[2026-01-16T09:21:25.787+0000][gc,task     ] GC(751) Using 8 workers of 8 for evacuation
[2026-01-16T09:21:26.569+0000][gc,mmu      ] GC(751) MMU target violated: 201.0ms (200.0ms/201.0ms)
[2026-01-16T09:21:26.572+0000][gc,phases   ] GC(751)   Pre Evacuate Collection Set: 154.5ms
[2026-01-16T09:21:26.572+0000][gc,phases   ] GC(751)   Merge Heap Roots: 57.8ms
[2026-01-16T09:21:26.573+0000][gc,phases   ] GC(751)   Evacuate Collection Set: 490.4ms
[2026-01-16T09:21:26.573+0000][gc,phases   ] GC(751)   Post Evacuate Collection Set: 73.5ms
[2026-01-16T09:21:26.573+0000][gc,phases   ] GC(751)   Other: 10.5ms
[2026-01-16T09:21:26.574+0000][gc,heap     ] GC(751) Eden regions: 202->0(47)
[2026-01-16T09:21:26.574+0000][gc,heap     ] GC(751) Survivor regions: 4->4(26)
[2026-01-16T09:21:26.575+0000][gc,heap     ] GC(751) Old regions: 307->307
[2026-01-16T09:21:26.578+0000][gc,heap     ] GC(751) Humongous regions: 149->149
[2026-01-16T09:21:26.578+0000][gc,metaspace] GC(751) Metaspace: 15118K(15424K)->15118K(15424K) NonClass: 13386K(13504K)->13386K(13504K) Class: 1731K(1920K)->1731K(1920K)
[2026-01-16T09:21:26.579+0000][gc          ] GC(751) Pause Young (Normal) (G1 Evacuation Pause) 660M->458M(1024M) 796.700ms
[2026-01-16T09:21:26.580+0000][gc,cpu      ] GC(751) User=0.44s Sys=0.10s Real=0.79s
[2026-01-16T09:21:29.326+0000][gc,start    ] GC(752) Pause Young (Normal) (G1 Evacuation Pause)
[2026-01-16T09:21:29.328+0000][gc,task     ] GC(752) Using 8 workers of 8 for evacuation
[2026-01-16T09:21:29.634+0000][gc,mmu      ] GC(752) MMU target violated: 201.0ms (200.0ms/201.0ms)
[2026-01-16T09:21:29.636+0000][gc,phases   ] GC(752)   Pre Evacuate Collection Set: 30.8ms
[2026-01-16T09:21:29.637+0000][gc,phases   ] GC(752)   Merge Heap Roots: 9.9ms
[2026-01-16T09:21:29.638+0000][gc,phases   ] GC(752)   Evacuate Collection Set: 246.5ms
[2026-01-16T09:21:29.640+0000][gc,phases   ] GC(752)   Post Evacuate Collection Set: 16.2ms
[2026-01-16T09:21:29.641+0000][gc,phases   ] GC(752)   Other: 4.4ms
[2026-01-16T09:21:29.641+0000][gc,heap     ] GC(752) Eden regions: 47->0(46)
[2026-01-16T09:21:29.642+0000][gc,heap     ] GC(752) Survivor regions: 4->5(7)
[2026-01-16T09:21:29.643+0000][gc,heap     ] GC(752) Old regions: 307->307
[2026-01-16T09:21:29.645+0000][gc,heap     ] GC(752) Humongous regions: 149->149
[2026-01-16T09:21:29.649+0000][gc,metaspace] GC(752) Metaspace: 15119K(15424K)->15119K(15424K) NonClass: 13387K(13504K)->13387K(13504K) Class: 1731K(1920K)->1731K(1920K)
[2026-01-16T09:21:29.652+0000][gc          ] GC(752) Pause Young (Normal) (G1 Evacuation Pause) 505M->459M(1024M) 326.388ms
[2026-01-16T09:21:29.653+0000][gc,cpu      ] GC(752) User=0.31s Sys=0.02s Real=0.33s
[2026-01-16T09:21:31.475+0000][gc,start    ] GC(753) Pause Young (Normal) (G1 Evacuation Pause)
[2026-01-16T09:21:31.478+0000][gc,task     ] GC(753) Using 8 workers of 8 for evacuation
[2026-01-16T09:21:31.908+0000][gc,mmu      ] GC(753) MMU target violated: 201.0ms (200.0ms/201.0ms)
[2026-01-16T09:21:31.909+0000][gc,phases   ] GC(753)   Pre Evacuate Collection Set: 32.9ms
[2026-01-16T09:21:31.922+0000][gc,phases   ] GC(753)   Merge Heap Roots: 16.8ms
[2026-01-16T09:21:31.922+0000][gc,phases   ] GC(753)   Evacuate Collection Set: 370.5ms
[2026-01-16T09:21:31.925+0000][gc,phases   ] GC(753)   Post Evacuate Collection Set: 4.4ms
[2026-01-16T09:21:31.928+0000][gc,phases   ] GC(753)   Other: 6.5ms
[2026-01-16T09:21:31.951+0000][gc,heap     ] GC(753) Eden regions: 46->0(46)
[2026-01-16T09:21:31.953+0000][gc,heap     ] GC(753) Survivor regions: 5->5(7)
[2026-01-16T09:21:31.955+0000][gc,heap     ] GC(753) Old regions: 307->308
[2026-01-16T09:21:31.956+0000][gc,heap     ] GC(753) Humongous regions: 149->149
[2026-01-16T09:21:31.956+0000][gc,metaspace] GC(753) Metaspace: 15119K(15424K)->15119K(15424K) NonClass: 13387K(13504K)->13387K(13504K) Class: 1731K(1920K)->1731K(1920K)
[2026-01-16T09:21:31.958+0000][gc          ] GC(753) Pause Young (Normal) (G1 Evacuation Pause) 505M->460M(1024M) 482.779ms
[2026-01-16T09:21:31.958+0000][gc,cpu      ] GC(753) User=0.29s Sys=0.02s Real=0.48s
[2026-01-16T09:21:35.569+0000][gc,start    ] GC(754) Pause Young (Normal) (G1 Evacuation Pause)
[2026-01-16T09:21:35.613+0000][gc,task     ] GC(754) Using 8 workers of 8 for evacuation
[2026-01-16T09:21:36.331+0000][gc,mmu      ] GC(754) MMU target violated: 201.0ms (200.0ms/201.0ms)
[2026-01-16T09:21:36.331+0000][gc,phases   ] GC(754)   Pre Evacuate Collection Set: 235.1ms
[2026-01-16T09:21:36.332+0000][gc,phases   ] GC(754)   Merge Heap Roots: 42.5ms
[2026-01-16T09:21:36.332+0000][gc,phases   ] GC(754)   Evacuate Collection Set: 416.7ms
[2026-01-16T09:21:36.332+0000][gc,phases   ] GC(754)   Post Evacuate Collection Set: 15.8ms
[2026-01-16T09:21:36.333+0000][gc,phases   ] GC(754)   Other: 26.9ms
[2026-01-16T09:21:36.335+0000][gc,heap     ] GC(754) Eden regions: 46->0(46)
[2026-01-16T09:21:36.336+0000][gc,heap     ] GC(754) Survivor regions: 5->5(7)
[2026-01-16T09:21:36.337+0000][gc,heap     ] GC(754) Old regions: 308->308
[2026-01-16T09:21:36.337+0000][gc,heap     ] GC(754) Humongous regions: 149->149
[2026-01-16T09:21:36.338+0000][gc,metaspace] GC(754) Metaspace: 15128K(15488K)->15128K(15488K) NonClass: 13397K(13568K)->13397K(13568K) Class: 1731K(1920K)->1731K(1920K)
[2026-01-16T09:21:36.340+0000][gc          ] GC(754) Pause Young (Normal) (G1 Evacuation Pause) 506M->460M(1024M) 772.067ms
[2026-01-16T09:21:36.341+0000][gc,cpu      ] GC(754) User=0.35s Sys=0.03s Real=0.77s
[2026-01-16T09:21:40.099+0000][gc,start    ] GC(755) Pause Young (Normal) (G1 Evacuation Pause)
[2026-01-16T09:21:40.103+0000][gc,task     ] GC(755) Using 8 workers of 8 for evacuation
[2026-01-16T09:21:40.539+0000][gc,mmu      ] GC(755) MMU target violated: 201.0ms (200.0ms/201.0ms)
[2026-01-16T09:21:40.540+0000][gc,phases   ] GC(755)   Pre Evacuate Collection Set: 72.2ms
[2026-01-16T09:21:40.541+0000][gc,phases   ] GC(755)   Merge Heap Roots: 5.5ms
[2026-01-16T09:21:40.542+0000][gc,phases   ] GC(755)   Evacuate Collection Set: 340.8ms
[2026-01-16T09:21:40.544+0000][gc,phases   ] GC(755)   Post Evacuate Collection Set: 15.3ms
[2026-01-16T09:21:40.545+0000][gc,phases   ] GC(755)   Other: 4.0ms
[2026-01-16T09:21:40.546+0000][gc,heap     ] GC(755) Eden regions: 46->0(48)
[2026-01-16T09:21:40.546+0000][gc,heap     ] GC(755) Survivor regions: 5->3(7)
[2026-01-16T09:21:40.546+0000][gc,heap     ] GC(755) Old regions: 308->309
[2026-01-16T09:21:40.547+0000][gc,heap     ] GC(755) Humongous regions: 149->149
[2026-01-16T09:21:40.547+0000][gc,metaspace] GC(755) Metaspace: 15128K(15488K)->15128K(15488K) NonClass: 13397K(13568K)->13397K(13568K) Class: 1731K(1920K)->1731K(1920K)
[2026-01-16T09:21:40.547+0000][gc          ] GC(755) Pause Young (Normal) (G1 Evacuation Pause) 506M->459M(1024M) 448.246ms
[2026-01-16T09:21:40.548+0000][gc,cpu      ] GC(755) User=0.27s Sys=0.02s Real=0.45s
[2026-01-16T09:21:44.296+0000][gc,start    ] GC(756) Pause Young (Normal) (G1 Evacuation Pause)
[2026-01-16T09:21:44.302+0000][gc,task     ] GC(756) Using 8 workers of 8 for evacuation
[2026-01-16T09:21:44.434+0000][gc,phases   ] GC(756)   Pre Evacuate Collection Set: 7.8ms
[2026-01-16T09:21:44.436+0000][gc,phases   ] GC(756)   Merge Heap Roots: 4.0ms
[2026-01-16T09:21:44.437+0000][gc,phases   ] GC(756)   Evacuate Collection Set: 111.4ms
[2026-01-16T09:21:44.437+0000][gc,phases   ] GC(756)   Post Evacuate Collection Set: 5.1ms
[2026-01-16T09:21:44.438+0000][gc,phases   ] GC(756)   Other: 4.9ms
[2026-01-16T09:21:44.440+0000][gc,heap     ] GC(756) Eden regions: 48->0(48)
[2026-01-16T09:21:44.442+0000][gc,heap     ] GC(756) Survivor regions: 3->3(7)
[2026-01-16T09:21:44.444+0000][gc,heap     ] GC(756) Old regions: 309->309
[2026-01-16T09:21:44.446+0000][gc,heap     ] GC(756) Humongous regions: 149->149
[2026-01-16T09:21:44.447+0000][gc,metaspace] GC(756) Metaspace: 15130K(15488K)->15130K(15488K) NonClass: 13398K(13568K)->13398K(13568K) Class: 1731K(1920K)->1731K(1920K)
[2026-01-16T09:21:44.447+0000][gc          ] GC(756) Pause Young (Normal) (G1 Evacuation Pause) 507M->460M(1024M) 150.888ms
[2026-01-16T09:21:44.448+0000][gc,cpu      ] GC(756) User=0.25s Sys=0.00s Real=0.15s
[2026-01-16T09:21:45.698+0000][gc,start    ] GC(757) Pause Young (Normal) (G1 Evacuation Pause)
[2026-01-16T09:21:45.756+0000][gc,task     ] GC(757) Using 8 workers of 8 for evacuation
[2026-01-16T09:21:46.208+0000][gc,mmu      ] GC(757) MMU target violated: 201.0ms (200.0ms/201.0ms)
[2026-01-16T09:21:46.208+0000][gc,phases   ] GC(757)   Pre Evacuate Collection Set: 26.6ms
[2026-01-16T09:21:46.209+0000][gc,phases   ] GC(757)   Merge Heap Roots: 3.5ms
[2026-01-16T09:21:46.209+0000][gc,phases   ] GC(757)   Evacuate Collection Set: 383.4ms
[2026-01-16T09:21:46.209+0000][gc,phases   ] GC(757)   Post Evacuate Collection Set: 4.9ms
[2026-01-16T09:21:46.209+0000][gc,phases   ] GC(757)   Other: 34.1ms
[2026-01-16T09:21:46.209+0000][gc,heap     ] GC(757) Eden regions: 48->0(47)
[2026-01-16T09:21:46.216+0000][gc,heap     ] GC(757) Survivor regions: 3->4(7)
[2026-01-16T09:21:46.216+0000][gc,heap     ] GC(757) Old regions: 309->309
[2026-01-16T09:21:46.217+0000][gc,heap     ] GC(757) Humongous regions: 149->149
[2026-01-16T09:21:46.217+0000][gc,metaspace] GC(757) Metaspace: 15130K(15488K)->15130K(15488K) NonClass: 13398K(13568K)->13398K(13568K) Class: 1731K(1920K)->1731K(1920K)
[2026-01-16T09:21:46.217+0000][gc          ] GC(757) Pause Young (Normal) (G1 Evacuation Pause) 508M->460M(1024M) 518.835ms
[2026-01-16T09:21:46.217+0000][gc,cpu      ] GC(757) User=0.23s Sys=0.02s Real=0.52s
[2026-01-16T09:21:47.181+0000][gc,start    ] GC(758) Pause Young (Normal) (G1 Evacuation Pause)
[2026-01-16T09:21:47.182+0000][gc,task     ] GC(758) Using 8 workers of 8 for evacuation
[2026-01-16T09:21:47.307+0000][gc,phases   ] GC(758)   Pre Evacuate Collection Set: 18.3ms
[2026-01-16T09:21:47.308+0000][gc,phases   ] GC(758)   Merge Heap Roots: 2.4ms
[2026-01-16T09:21:47.313+0000][gc,phases   ] GC(758)   Evacuate Collection Set: 94.9ms
[2026-01-16T09:21:47.314+0000][gc,phases   ] GC(758)   Post Evacuate Collection Set: 4.3ms
[2026-01-16T09:21:47.315+0000][gc,phases   ] GC(758)   Other: 2.2ms
[2026-01-16T09:21:47.319+0000][gc,heap     ] GC(758) Eden regions: 47->0(46)
[2026-01-16T09:21:47.325+0000][gc,heap     ] GC(758) Survivor regions: 4->5(7)
[2026-01-16T09:21:47.325+0000][gc,heap     ] GC(758) Old regions: 309->309
[2026-01-16T09:21:47.326+0000][gc,heap     ] GC(758) Humongous regions: 149->149
[2026-01-16T09:21:47.327+0000][gc,metaspace] GC(758) Metaspace: 15130K(15488K)->15130K(15488K) NonClass: 13398K(13568K)->13398K(13568K) Class: 1731K(1920K)->1731K(1920K)
[2026-01-16T09:21:47.334+0000][gc          ] GC(758) Pause Young (Normal) (G1 Evacuation Pause) 507M->461M(1024M) 152.818ms
[2026-01-16T09:21:47.334+0000][gc,cpu      ] GC(758) User=0.12s Sys=0.01s Real=0.16s
[2026-01-16T09:21:48.456+0000][gc,start    ] GC(759) Pause Young (Normal) (G1 Evacuation Pause)
[2026-01-16T09:21:48.456+0000][gc,task     ] GC(759) Using 8 workers of 8 for evacuation
[2026-01-16T09:21:48.543+0000][gc,phases   ] GC(759)   Pre Evacuate Collection Set: 1.7ms
[2026-01-16T09:21:48.544+0000][gc,phases   ] GC(759)   Merge Heap Roots: 1.0ms
[2026-01-16T09:21:48.545+0000][gc,phases   ] GC(759)   Evacuate Collection Set: 79.7ms
[2026-01-16T09:21:48.545+0000][gc,phases   ] GC(759)   Post Evacuate Collection Set: 3.7ms
[2026-01-16T09:21:48.545+0000][gc,phases   ] GC(759)   Other: 0.8ms
[2026-01-16T09:21:48.546+0000][gc,heap     ] GC(759) Eden regions: 46->0(46)
[2026-01-16T09:21:48.546+0000][gc,heap     ] GC(759) Survivor regions: 5->5(7)
[2026-01-16T09:21:48.547+0000][gc,heap     ] GC(759) Old regions: 309->310
[2026-01-16T09:21:48.547+0000][gc,heap     ] GC(759) Humongous regions: 149->149
[2026-01-16T09:21:48.548+0000][gc,metaspace] GC(759) Metaspace: 15130K(15488K)->15130K(15488K) NonClass: 13398K(13568K)->13398K(13568K) Class: 1731K(1920K)->1731K(1920K)
[2026-01-16T09:21:48.549+0000][gc          ] GC(759) Pause Young (Normal) (G1 Evacuation Pause) 507M->462M(1024M) 92.756ms
[2026-01-16T09:21:48.549+0000][gc,cpu      ] GC(759) User=0.12s Sys=0.01s Real=0.09s
[2026-01-16T09:21:49.179+0000][gc,start    ] GC(760) Pause Young (Normal) (G1 Evacuation Pause)
[2026-01-16T09:21:49.187+0000][gc,task     ] GC(760) Using 8 workers of 8 for evacuation
[2026-01-16T09:21:49.271+0000][gc,phases   ] GC(760)   Pre Evacuate Collection Set: 2.4ms
[2026-01-16T09:21:49.272+0000][gc,phases   ] GC(760)   Merge Heap Roots: 0.8ms
[2026-01-16T09:21:49.272+0000][gc,phases   ] GC(760)   Evacuate Collection Set: 69.9ms
[2026-01-16T09:21:49.273+0000][gc,phases   ] GC(760)   Post Evacuate Collection Set: 7.6ms
[2026-01-16T09:21:49.279+0000][gc,phases   ] GC(760)   Other: 3.5ms
[2026-01-16T09:21:49.281+0000][gc,heap     ] GC(760) Eden regions: 46->0(46)
[2026-01-16T09:21:49.281+0000][gc,heap     ] GC(760) Survivor regions: 5->5(7)
[2026-01-16T09:21:49.281+0000][gc,heap     ] GC(760) Old regions: 310->310
[2026-01-16T09:21:49.281+0000][gc,heap     ] GC(760) Humongous regions: 149->149
[2026-01-16T09:21:49.281+0000][gc,metaspace] GC(760) Metaspace: 15130K(15488K)->15130K(15488K) NonClass: 13398K(13568K)->13398K(13568K) Class: 1731K(1920K)->1731K(1920K)
[2026-01-16T09:21:49.281+0000][gc          ] GC(760) Pause Young (Normal) (G1 Evacuation Pause) 508M->463M(1024M) 101.848ms
[2026-01-16T09:21:49.281+0000][gc,cpu      ] GC(760) User=0.06s Sys=0.01s Real=0.10s
[2026-01-16T09:21:49.678+0000][gc,start    ] GC(761) Pause Young (Normal) (G1 Evacuation Pause)
[2026-01-16T09:21:49.681+0000][gc,task     ] GC(761) Using 8 workers of 8 for evacuation
[2026-01-16T09:21:49.844+0000][gc,phases   ] GC(761)   Pre Evacuate Collection Set: 3.8ms
[2026-01-16T09:21:49.845+0000][gc,phases   ] GC(761)   Merge Heap Roots: 1.5ms
[2026-01-16T09:21:49.845+0000][gc,phases   ] GC(761)   Evacuate Collection Set: 152.4ms
[2026-01-16T09:21:49.845+0000][gc,phases   ] GC(761)   Post Evacuate Collection Set: 4.3ms
[2026-01-16T09:21:49.846+0000][gc,phases   ] GC(761)   Other: 0.3ms
[2026-01-16T09:21:49.846+0000][gc,heap     ] GC(761) Eden regions: 46->0(59)
[2026-01-16T09:21:49.846+0000][gc,heap     ] GC(761) Survivor regions: 5->4(7)
[2026-01-16T09:21:49.846+0000][gc,heap     ] GC(761) Old regions: 310->311
[2026-01-16T09:21:49.846+0000][gc,heap     ] GC(761) Humongous regions: 149->149
[2026-01-16T09:21:49.846+0000][gc,metaspace] GC(761) Metaspace: 15130K(15488K)->15130K(15488K) NonClass: 13398K(13568K)->13398K(13568K) Class: 1731K(1920K)->1731K(1920K)
[2026-01-16T09:21:49.846+0000][gc          ] GC(761) Pause Young (Normal) (G1 Evacuation Pause) 509M->463M(1024M) 168.721ms
[2026-01-16T09:21:49.848+0000][gc,cpu      ] GC(761) User=0.12s Sys=0.01s Real=0.17s
[2026-01-16T09:21:55.313+0000][gc,start    ] GC(762) Pause Young (Normal) (G1 Evacuation Pause)
[2026-01-16T09:21:55.314+0000][gc,task     ] GC(762) Using 8 workers of 8 for evacuation
[2026-01-16T09:21:55.731+0000][gc,mmu      ] GC(762) MMU target violated: 201.0ms (200.0ms/201.0ms)
[2026-01-16T09:21:55.731+0000][gc,phases   ] GC(762)   Pre Evacuate Collection Set: 40.7ms
[2026-01-16T09:21:55.732+0000][gc,phases   ] GC(762)   Merge Heap Roots: 8.4ms
[2026-01-16T09:21:55.732+0000][gc,phases   ] GC(762)   Evacuate Collection Set: 325.0ms
[2026-01-16T09:21:55.732+0000][gc,phases   ] GC(762)   Post Evacuate Collection Set: 33.9ms
[2026-01-16T09:21:55.732+0000][gc,phases   ] GC(762)   Other: 9.0ms
[2026-01-16T09:21:55.733+0000][gc,heap     ] GC(762) Eden regions: 84->0(45)
[2026-01-16T09:21:55.733+0000][gc,heap     ] GC(762) Survivor regions: 4->6(11)
[2026-01-16T09:21:55.733+0000][gc,heap     ] GC(762) Old regions: 311->311
[2026-01-16T09:21:55.733+0000][gc,heap     ] GC(762) Humongous regions: 149->149
[2026-01-16T09:21:55.733+0000][gc,metaspace] GC(762) Metaspace: 15130K(15488K)->15130K(15488K) NonClass: 13398K(13568K)->13398K(13568K) Class: 1731K(1920K)->1731K(1920K)
[2026-01-16T09:21:55.734+0000][gc          ] GC(762) Pause Young (Normal) (G1 Evacuation Pause) 547M->465M(1024M) 421.004ms
[2026-01-16T09:21:55.734+0000][gc,cpu      ] GC(762) User=0.37s Sys=0.05s Real=0.43s
[2026-01-16T09:21:57.255+0000][gc,start    ] GC(763) Pause Young (Normal) (G1 Evacuation Pause)
[2026-01-16T09:21:57.257+0000][gc,task     ] GC(763) Using 8 workers of 8 for evacuation
[2026-01-16T09:21:57.442+0000][gc,phases   ] GC(763)   Pre Evacuate Collection Set: 18.0ms
[2026-01-16T09:21:57.443+0000][gc,phases   ] GC(763)   Merge Heap Roots: 1.2ms
[2026-01-16T09:21:57.446+0000][gc,phases   ] GC(763)   Evacuate Collection Set: 151.4ms
[2026-01-16T09:21:57.446+0000][gc,phases   ] GC(763)   Post Evacuate Collection Set: 11.6ms
[2026-01-16T09:21:57.448+0000][gc,phases   ] GC(763)   Other: 2.7ms
[2026-01-16T09:21:57.448+0000][gc,heap     ] GC(763) Eden regions: 45->0(46)
[2026-01-16T09:21:57.449+0000][gc,heap     ] GC(763) Survivor regions: 6->5(7)
[2026-01-16T09:21:57.449+0000][gc,heap     ] GC(763) Old regions: 311->313
[2026-01-16T09:21:57.450+0000][gc,heap     ] GC(763) Humongous regions: 149->149
[2026-01-16T09:21:57.450+0000][gc,metaspace] GC(763) Metaspace: 15130K(15488K)->15130K(15488K) NonClass: 13398K(13568K)->13398K(13568K) Class: 1731K(1920K)->1731K(1920K)
[2026-01-16T09:21:57.453+0000][gc          ] GC(763) Pause Young (Normal) (G1 Evacuation Pause) 510M->465M(1024M) 198.623ms
[2026-01-16T09:21:57.459+0000][gc,cpu      ] GC(763) User=0.24s Sys=0.01s Real=0.20s
[2026-01-16T09:21:59.520+0000][gc,start    ] GC(764) Pause Young (Concurrent Start) (G1 Evacuation Pause)
[2026-01-16T09:21:59.523+0000][gc,task     ] GC(764) Using 8 workers of 8 for evacuation
[2026-01-16T09:21:59.886+0000][gc,mmu      ] GC(764) MMU target violated: 201.0ms (200.0ms/201.0ms)
[2026-01-16T09:21:59.886+0000][gc,phases   ] GC(764)   Pre Evacuate Collection Set: 46.3ms
[2026-01-16T09:21:59.887+0000][gc,phases   ] GC(764)   Merge Heap Roots: 5.4ms
[2026-01-16T09:21:59.888+0000][gc,phases   ] GC(764)   Evacuate Collection Set: 301.6ms
[2026-01-16T09:21:59.888+0000][gc,phases   ] GC(764)   Post Evacuate Collection Set: 7.4ms
[2026-01-16T09:21:59.888+0000][gc,phases   ] GC(764)   Other: 3.3ms
[2026-01-16T09:21:59.888+0000][gc,heap     ] GC(764) Eden regions: 46->0(46)
[2026-01-16T09:21:59.888+0000][gc,heap     ] GC(764) Survivor regions: 5->5(7)
[2026-01-16T09:21:59.889+0000][gc,heap     ] GC(764) Old regions: 313->314
[2026-01-16T09:21:59.889+0000][gc,heap     ] GC(764) Humongous regions: 149->149
[2026-01-16T09:21:59.889+0000][gc,metaspace] GC(764) Metaspace: 15130K(15488K)->15130K(15488K) NonClass: 13398K(13568K)->13398K(13568K) Class: 1731K(1920K)->1731K(1920K)
[2026-01-16T09:21:59.890+0000][gc          ] GC(764) Pause Young (Concurrent Start) (G1 Evacuation Pause) 511M->466M(1024M) 369.327ms
[2026-01-16T09:21:59.890+0000][gc          ] GC(765) Concurrent Mark Cycle
[2026-01-16T09:21:59.890+0000][gc,marking  ] GC(765) Concurrent Scan Root Regions
[2026-01-16T09:21:59.890+0000][gc,cpu      ] GC(764) User=0.32s Sys=0.01s Real=0.37s
[2026-01-16T09:22:00.085+0000][gc,marking  ] GC(765) Concurrent Scan Root Regions 194.251ms
[2026-01-16T09:22:00.087+0000][gc,marking  ] GC(765) Concurrent Mark
[2026-01-16T09:22:00.087+0000][gc,marking  ] GC(765) Concurrent Mark From Roots
[2026-01-16T09:22:00.088+0000][gc,task     ] GC(765) Using 2 workers of 2 for marking
[2026-01-16T09:22:00.808+0000][gc,marking  ] GC(765) Concurrent Mark From Roots 720.934ms
[2026-01-16T09:22:00.810+0000][gc,marking  ] GC(765) Concurrent Preclean
[2026-01-16T09:22:00.813+0000][gc,marking  ] GC(765) Concurrent Preclean 3.559ms
[2026-01-16T09:22:00.813+0000][gc,start    ] GC(765) Pause Remark
[2026-01-16T09:22:01.569+0000][gc,mmu      ] GC(765) MMU target violated: 201.0ms (200.0ms/201.0ms)
[2026-01-16T09:22:01.570+0000][gc          ] GC(765) Pause Remark 483M->483M(1024M) 756.558ms
[2026-01-16T09:22:01.572+0000][gc,cpu      ] GC(765) User=1.34s Sys=0.09s Real=0.75s
[2026-01-16T09:22:01.577+0000][gc,marking  ] GC(765) Concurrent Mark 1490.145ms
[2026-01-16T09:22:01.577+0000][gc,marking  ] GC(765) Concurrent Rebuild Remembered Sets and Scrub Regions
[2026-01-16T09:22:02.024+0000][gc,marking  ] GC(765) Concurrent Rebuild Remembered Sets and Scrub Regions 446.119ms
[2026-01-16T09:22:02.042+0000][gc,start    ] GC(765) Pause Cleanup
[2026-01-16T09:22:02.045+0000][gc          ] GC(765) Pause Cleanup 504M->504M(1024M) 3.371ms
[2026-01-16T09:22:02.047+0000][gc,cpu      ] GC(765) User=0.00s Sys=0.00s Real=0.01s
[2026-01-16T09:22:02.048+0000][gc,marking  ] GC(765) Concurrent Clear Claimed Marks
[2026-01-16T09:22:02.049+0000][gc,marking  ] GC(765) Concurrent Clear Claimed Marks 1.418ms
[2026-01-16T09:22:02.051+0000][gc,marking  ] GC(765) Concurrent Cleanup for Next Mark
[2026-01-16T09:22:02.258+0000][gc,marking  ] GC(765) Concurrent Cleanup for Next Mark 207.090ms
[2026-01-16T09:22:02.258+0000][gc          ] GC(765) Concurrent Mark Cycle 2368.122ms
[2026-01-16T09:22:02.649+0000][gc,start    ] GC(766) Pause Young (Prepare Mixed) (G1 Evacuation Pause)
[2026-01-16T09:22:02.650+0000][gc,task     ] GC(766) Using 8 workers of 8 for evacuation
[2026-01-16T09:22:02.723+0000][gc,phases   ] GC(766)   Pre Evacuate Collection Set: 5.9ms
[2026-01-16T09:22:02.725+0000][gc,phases   ] GC(766)   Merge Heap Roots: 0.8ms
[2026-01-16T09:22:02.726+0000][gc,phases   ] GC(766)   Evacuate Collection Set: 49.0ms
[2026-01-16T09:22:02.726+0000][gc,phases   ] GC(766)   Post Evacuate Collection Set: 17.1ms
[2026-01-16T09:22:02.727+0000][gc,phases   ] GC(766)   Other: 0.7ms
[2026-01-16T09:22:02.727+0000][gc,heap     ] GC(766) Eden regions: 46->0(49)
[2026-01-16T09:22:02.728+0000][gc,heap     ] GC(766) Survivor regions: 5->2(7)
[2026-01-16T09:22:02.729+0000][gc,heap     ] GC(766) Old regions: 314->314
[2026-01-16T09:22:02.729+0000][gc,heap     ] GC(766) Humongous regions: 149->149
[2026-01-16T09:22:02.729+0000][gc,metaspace] GC(766) Metaspace: 15130K(15488K)->15130K(15488K) NonClass: 13399K(13568K)->13399K(13568K) Class: 1731K(1920K)->1731K(1920K)
[2026-01-16T09:22:02.729+0000][gc          ] GC(766) Pause Young (Prepare Mixed) (G1 Evacuation Pause) 512M->464M(1024M) 79.729ms
[2026-01-16T09:22:02.729+0000][gc,cpu      ] GC(766) User=0.11s Sys=0.01s Real=0.08s
[2026-01-16T09:22:03.169+0000][gc,start    ] GC(767) Pause Young (Mixed) (G1 Evacuation Pause)
[2026-01-16T09:22:03.170+0000][gc,task     ] GC(767) Using 8 workers of 8 for evacuation
[2026-01-16T09:22:03.196+0000][gc,phases   ] GC(767)   Pre Evacuate Collection Set: 7.5ms
[2026-01-16T09:22:03.197+0000][gc,phases   ] GC(767)   Merge Heap Roots: 3.7ms
[2026-01-16T09:22:03.197+0000][gc,phases   ] GC(767)   Evacuate Collection Set: 11.8ms
[2026-01-16T09:22:03.197+0000][gc,phases   ] GC(767)   Post Evacuate Collection Set: 2.1ms
[2026-01-16T09:22:03.198+0000][gc,phases   ] GC(767)   Other: 1.1ms
[2026-01-16T09:22:03.198+0000][gc,heap     ] GC(767) Eden regions: 49->0(48)
[2026-01-16T09:22:03.198+0000][gc,heap     ] GC(767) Survivor regions: 2->3(7)
[2026-01-16T09:22:03.199+0000][gc,heap     ] GC(767) Old regions: 314->285
[2026-01-16T09:22:03.199+0000][gc,heap     ] GC(767) Humongous regions: 149->149
[2026-01-16T09:22:03.199+0000][gc,metaspace] GC(767) Metaspace: 15130K(15488K)->15130K(15488K) NonClass: 13399K(13568K)->13399K(13568K) Class: 1731K(1920K)->1731K(1920K)
[2026-01-16T09:22:03.200+0000][gc          ] GC(767) Pause Young (Mixed) (G1 Evacuation Pause) 513M->435M(1024M) 31.398ms
[2026-01-16T09:22:03.201+0000][gc,cpu      ] GC(767) User=0.04s Sys=0.01s Real=0.03s
[2026-01-16T09:22:03.618+0000][gc,start    ] GC(768) Pause Young (Mixed) (G1 Evacuation Pause)
[2026-01-16T09:22:03.619+0000][gc,task     ] GC(768) Using 8 workers of 8 for evacuation
[2026-01-16T09:22:03.647+0000][gc,phases   ] GC(768)   Pre Evacuate Collection Set: 0.7ms
[2026-01-16T09:22:03.650+0000][gc,phases   ] GC(768)   Merge Heap Roots: 0.8ms
[2026-01-16T09:22:03.650+0000][gc,phases   ] GC(768)   Evacuate Collection Set: 22.6ms
[2026-01-16T09:22:03.652+0000][gc,phases   ] GC(768)   Post Evacuate Collection Set: 3.8ms
[2026-01-16T09:22:03.652+0000][gc,phases   ] GC(768)   Other: 0.2ms
[2026-01-16T09:22:03.653+0000][gc,heap     ] GC(768) Eden regions: 48->0(48)
[2026-01-16T09:22:03.653+0000][gc,heap     ] GC(768) Survivor regions: 3->3(7)
[2026-01-16T09:22:03.654+0000][gc,heap     ] GC(768) Old regions: 285->255
[2026-01-16T09:22:03.654+0000][gc,heap     ] GC(768) Humongous regions: 149->149
[2026-01-16T09:22:03.654+0000][gc,metaspace] GC(768) Metaspace: 15130K(15488K)->15130K(15488K) NonClass: 13399K(13568K)->13399K(13568K) Class: 1731K(1920K)->1731K(1920K)
[2026-01-16T09:22:03.655+0000][gc          ] GC(768) Pause Young (Mixed) (G1 Evacuation Pause) 483M->405M(1024M) 36.776ms
[2026-01-16T09:22:03.656+0000][gc,cpu      ] GC(768) User=0.05s Sys=0.00s Real=0.04s
[2026-01-16T09:22:04.102+0000][gc,start    ] GC(769) Pause Young (Mixed) (G1 Evacuation Pause)
[2026-01-16T09:22:04.104+0000][gc,task     ] GC(769) Using 8 workers of 8 for evacuation
[2026-01-16T09:22:04.226+0000][gc,phases   ] GC(769)   Pre Evacuate Collection Set: 32.0ms
[2026-01-16T09:22:04.226+0000][gc,phases   ] GC(769)   Merge Heap Roots: 0.7ms
[2026-01-16T09:22:04.227+0000][gc,phases   ] GC(769)   Evacuate Collection Set: 78.2ms
[2026-01-16T09:22:04.227+0000][gc,phases   ] GC(769)   Post Evacuate Collection Set: 8.6ms
[2026-01-16T09:22:04.228+0000][gc,phases   ] GC(769)   Other: 2.0ms
[2026-01-16T09:22:04.228+0000][gc,heap     ] GC(769) Eden regions: 48->0(47)
[2026-01-16T09:22:04.228+0000][gc,heap     ] GC(769) Survivor regions: 3->4(7)
[2026-01-16T09:22:04.229+0000][gc,heap     ] GC(769) Old regions: 255->225
[2026-01-16T09:22:04.229+0000][gc,heap     ] GC(769) Humongous regions: 149->149
[2026-01-16T09:22:04.230+0000][gc,metaspace] GC(769) Metaspace: 15130K(15488K)->15130K(15488K) NonClass: 13399K(13568K)->13399K(13568K) Class: 1731K(1920K)->1731K(1920K)
[2026-01-16T09:22:04.230+0000][gc          ] GC(769) Pause Young (Mixed) (G1 Evacuation Pause) 453M->376M(1024M) 127.810ms
[2026-01-16T09:22:04.230+0000][gc,cpu      ] GC(769) User=0.07s Sys=0.00s Real=0.12s
[2026-01-16T09:22:13.120+0000][gc,start    ] GC(770) Pause Young (Mixed) (G1 Evacuation Pause)
[2026-01-16T09:22:13.121+0000][gc,task     ] GC(770) Using 8 workers of 8 for evacuation
[2026-01-16T09:22:13.225+0000][gc,phases   ] GC(770)   Pre Evacuate Collection Set: 14.4ms
[2026-01-16T09:22:13.225+0000][gc,phases   ] GC(770)   Merge Heap Roots: 2.9ms
[2026-01-16T09:22:13.225+0000][gc,phases   ] GC(770)   Evacuate Collection Set: 77.4ms
[2026-01-16T09:22:13.226+0000][gc,phases   ] GC(770)   Post Evacuate Collection Set: 7.9ms
[2026-01-16T09:22:13.226+0000][gc,phases   ] GC(770)   Other: 1.1ms
[2026-01-16T09:22:13.226+0000][gc,heap     ] GC(770) Eden regions: 47->0(49)
[2026-01-16T09:22:13.226+0000][gc,heap     ] GC(770) Survivor regions: 4->3(7)
[2026-01-16T09:22:13.226+0000][gc,heap     ] GC(770) Old regions: 225->195
[2026-01-16T09:22:13.226+0000][gc,heap     ] GC(770) Humongous regions: 149->149
[2026-01-16T09:22:13.226+0000][gc,metaspace] GC(770) Metaspace: 15130K(15488K)->15130K(15488K) NonClass: 13399K(13568K)->13399K(13568K) Class: 1731K(1920K)->1731K(1920K)
[2026-01-16T09:22:13.227+0000][gc          ] GC(770) Pause Young (Mixed) (G1 Evacuation Pause) 423M->345M(1024M) 106.728ms
[2026-01-16T09:22:13.227+0000][gc,cpu      ] GC(770) User=0.23s Sys=0.02s Real=0.11s
[2026-01-16T09:22:13.884+0000][gc,start    ] GC(771) Pause Young (Mixed) (G1 Evacuation Pause)
[2026-01-16T09:22:13.884+0000][gc,task     ] GC(771) Using 8 workers of 8 for evacuation
[2026-01-16T09:22:13.921+0000][gc,phases   ] GC(771)   Pre Evacuate Collection Set: 0.8ms
[2026-01-16T09:22:13.922+0000][gc,phases   ] GC(771)   Merge Heap Roots: 0.6ms
[2026-01-16T09:22:13.922+0000][gc,phases   ] GC(771)   Evacuate Collection Set: 31.2ms
[2026-01-16T09:22:13.922+0000][gc,phases   ] GC(771)   Post Evacuate Collection Set: 3.5ms
[2026-01-16T09:22:13.922+0000][gc,phases   ] GC(771)   Other: 0.4ms
[2026-01-16T09:22:13.922+0000][gc,heap     ] GC(771) Eden regions: 48->0(96)
[2026-01-16T09:22:13.923+0000][gc,heap     ] GC(771) Survivor regions: 3->3(7)
[2026-01-16T09:22:13.923+0000][gc,heap     ] GC(771) Old regions: 195->165
[2026-01-16T09:22:13.923+0000][gc,heap     ] GC(771) Humongous regions: 149->149
[2026-01-16T09:22:13.923+0000][gc,metaspace] GC(771) Metaspace: 15131K(15488K)->15131K(15488K) NonClass: 13399K(13568K)->13399K(13568K) Class: 1731K(1920K)->1731K(1920K)
[2026-01-16T09:22:13.925+0000][gc          ] GC(771) Pause Young (Mixed) (G1 Evacuation Pause) 393M->315M(1024M) 40.916ms
[2026-01-16T09:22:13.925+0000][gc,cpu      ] GC(771) User=0.08s Sys=0.01s Real=0.04s
[2026-01-16T09:22:16.047+0000][gc,start    ] GC(772) Pause Young (Mixed) (G1 Evacuation Pause)
[2026-01-16T09:22:16.048+0000][gc,task     ] GC(772) Using 8 workers of 8 for evacuation
[2026-01-16T09:22:16.482+0000][gc,mmu      ] GC(772) MMU target violated: 201.0ms (200.0ms/201.0ms)
[2026-01-16T09:22:16.484+0000][gc,phases   ] GC(772)   Pre Evacuate Collection Set: 18.3ms
[2026-01-16T09:22:16.485+0000][gc,phases   ] GC(772)   Merge Heap Roots: 12.2ms
[2026-01-16T09:22:16.488+0000][gc,phases   ] GC(772)   Evacuate Collection Set: 341.8ms
[2026-01-16T09:22:16.489+0000][gc,phases   ] GC(772)   Post Evacuate Collection Set: 60.1ms
[2026-01-16T09:22:16.490+0000][gc,phases   ] GC(772)   Other: 3.8ms
[2026-01-16T09:22:16.491+0000][gc,heap     ] GC(772) Eden regions: 89->0(47)
[2026-01-16T09:22:16.494+0000][gc,heap     ] GC(772) Survivor regions: 3->4(12)
[2026-01-16T09:22:16.495+0000][gc,heap     ] GC(772) Old regions: 165->135
[2026-01-16T09:22:16.495+0000][gc,heap     ] GC(772) Humongous regions: 149->149
[2026-01-16T09:22:16.497+0000][gc,metaspace] GC(772) Metaspace: 15131K(15488K)->15131K(15488K) NonClass: 13399K(13568K)->13399K(13568K) Class: 1731K(1920K)->1731K(1920K)
[2026-01-16T09:22:16.498+0000][gc          ] GC(772) Pause Young (Mixed) (G1 Evacuation Pause) 404M->287M(1024M) 451.354ms
[2026-01-16T09:22:16.505+0000][gc,cpu      ] GC(772) User=0.31s Sys=0.01s Real=0.45s
[2026-01-16T09:22:23.872+0000][gc,start    ] GC(773) Pause Young (Mixed) (G1 Evacuation Pause)
[2026-01-16T09:22:23.874+0000][gc,task     ] GC(773) Using 8 workers of 8 for evacuation
[2026-01-16T09:22:24.230+0000][gc,mmu      ] GC(773) MMU target violated: 201.0ms (200.0ms/201.0ms)
[2026-01-16T09:22:24.231+0000][gc,phases   ] GC(773)   Pre Evacuate Collection Set: 40.1ms
[2026-01-16T09:22:24.231+0000][gc,phases   ] GC(773)   Merge Heap Roots: 19.5ms
[2026-01-16T09:22:24.231+0000][gc,phases   ] GC(773)   Evacuate Collection Set: 274.7ms
[2026-01-16T09:22:24.232+0000][gc,phases   ] GC(773)   Post Evacuate Collection Set: 17.3ms
[2026-01-16T09:22:24.232+0000][gc,phases   ] GC(773)   Other: 4.8ms
[2026-01-16T09:22:24.233+0000][gc,heap     ] GC(773) Eden regions: 47->0(49)
[2026-01-16T09:22:24.233+0000][gc,heap     ] GC(773) Survivor regions: 4->2(7)
[2026-01-16T09:22:24.234+0000][gc,heap     ] GC(773) Old regions: 135->106
[2026-01-16T09:22:24.237+0000][gc,heap     ] GC(773) Humongous regions: 149->149
[2026-01-16T09:22:24.237+0000][gc,metaspace] GC(773) Metaspace: 15131K(15488K)->15131K(15488K) NonClass: 13400K(13568K)->13400K(13568K) Class: 1731K(1920K)->1731K(1920K)
[2026-01-16T09:22:24.238+0000][gc          ] GC(773) Pause Young (Mixed) (G1 Evacuation Pause) 334M->255M(1024M) 365.858ms
[2026-01-16T09:22:24.268+0000][gc,cpu      ] GC(773) User=0.37s Sys=0.02s Real=0.40s
[2026-01-16T09:22:28.845+0000][gc,start    ] GC(774) Pause Young (Mixed) (G1 Evacuation Pause)
[2026-01-16T09:22:28.877+0000][gc,task     ] GC(774) Using 8 workers of 8 for evacuation
[2026-01-16T09:22:29.332+0000][gc,mmu      ] GC(774) MMU target violated: 201.0ms (200.0ms/201.0ms)
[2026-01-16T09:22:29.376+0000][gc,phases   ] GC(774)   Pre Evacuate Collection Set: 98.0ms
[2026-01-16T09:22:29.379+0000][gc,phases   ] GC(774)   Merge Heap Roots: 29.9ms
[2026-01-16T09:22:29.381+0000][gc,phases   ] GC(774)   Evacuate Collection Set: 313.6ms
[2026-01-16T09:22:29.382+0000][gc,phases   ] GC(774)   Post Evacuate Collection Set: 11.7ms
[2026-01-16T09:22:29.382+0000][gc,phases   ] GC(774)   Other: 59.0ms
[2026-01-16T09:22:29.383+0000][gc,heap     ] GC(774) Eden regions: 49->0(57)
[2026-01-16T09:22:29.383+0000][gc,heap     ] GC(774) Survivor regions: 2->3(7)
[2026-01-16T09:22:29.383+0000][gc,heap     ] GC(774) Old regions: 106->81
[2026-01-16T09:22:29.383+0000][gc,heap     ] GC(774) Humongous regions: 149->149
[2026-01-16T09:22:29.384+0000][gc,metaspace] GC(774) Metaspace: 15131K(15488K)->15131K(15488K) NonClass: 13400K(13568K)->13400K(13568K) Class: 1731K(1920K)->1731K(1920K)
[2026-01-16T09:22:29.387+0000][gc          ] GC(774) Pause Young (Mixed) (G1 Evacuation Pause) 304M->232M(1024M) 542.336ms
[2026-01-16T09:22:29.388+0000][gc,cpu      ] GC(774) User=0.32s Sys=0.03s Real=0.55s
[2026-01-16T09:22:31.315+0000][gc,start    ] GC(775) Pause Young (Normal) (G1 Evacuation Pause)
[2026-01-16T09:22:31.316+0000][gc,task     ] GC(775) Using 8 workers of 8 for evacuation
[2026-01-16T09:22:31.619+0000][gc,mmu      ] GC(775) MMU target violated: 201.0ms (200.0ms/201.0ms)
[2026-01-16T09:22:31.620+0000][gc,phases   ] GC(775)   Pre Evacuate Collection Set: 38.0ms
[2026-01-16T09:22:31.622+0000][gc,phases   ] GC(775)   Merge Heap Roots: 1.3ms
[2026-01-16T09:22:31.622+0000][gc,phases   ] GC(775)   Evacuate Collection Set: 259.2ms
[2026-01-16T09:22:31.623+0000][gc,phases   ] GC(775)   Post Evacuate Collection Set: 4.2ms
[2026-01-16T09:22:31.623+0000][gc,phases   ] GC(775)   Other: 1.5ms
[2026-01-16T09:22:31.624+0000][gc,heap     ] GC(775) Eden regions: 56->0(47)
[2026-01-16T09:22:31.624+0000][gc,heap     ] GC(775) Survivor regions: 3->4(8)
[2026-01-16T09:22:31.625+0000][gc,heap     ] GC(775) Old regions: 81->81
[2026-01-16T09:22:31.625+0000][gc,heap     ] GC(775) Humongous regions: 149->149
[2026-01-16T09:22:31.626+0000][gc,metaspace] GC(775) Metaspace: 15131K(15488K)->15131K(15488K) NonClass: 13400K(13568K)->13400K(13568K) Class: 1731K(1920K)->1731K(1920K)
[2026-01-16T09:22:31.627+0000][gc          ] GC(775) Pause Young (Normal) (G1 Evacuation Pause) 288M->233M(1024M) 311.804ms
[2026-01-16T09:22:31.629+0000][gc,cpu      ] GC(775) User=0.27s Sys=0.02s Real=0.32s
[2026-01-16T09:22:32.946+0000][gc,start    ] GC(776) Pause Young (Normal) (G1 Evacuation Pause)
[2026-01-16T09:22:32.950+0000][gc,task     ] GC(776) Using 8 workers of 8 for evacuation
[2026-01-16T09:22:33.045+0000][gc,phases   ] GC(776)   Pre Evacuate Collection Set: 11.8ms
[2026-01-16T09:22:33.046+0000][gc,phases   ] GC(776)   Merge Heap Roots: 0.7ms
[2026-01-16T09:22:33.047+0000][gc,phases   ] GC(776)   Evacuate Collection Set: 74.2ms
[2026-01-16T09:22:33.050+0000][gc,phases   ] GC(776)   Post Evacuate Collection Set: 5.0ms
[2026-01-16T09:22:33.050+0000][gc,phases   ] GC(776)   Other: 2.7ms
[2026-01-16T09:22:33.054+0000][gc,heap     ] GC(776) Eden regions: 47->0(47)
[2026-01-16T09:22:33.054+0000][gc,heap     ] GC(776) Survivor regions: 4->4(7)
[2026-01-16T09:22:33.056+0000][gc,heap     ] GC(776) Old regions: 81->81
[2026-01-16T09:22:33.059+0000][gc,heap     ] GC(776) Humongous regions: 149->149
[2026-01-16T09:22:33.059+0000][gc,metaspace] GC(776) Metaspace: 15131K(15488K)->15131K(15488K) NonClass: 13400K(13568K)->13400K(13568K) Class: 1731K(1920K)->1731K(1920K)
[2026-01-16T09:22:33.059+0000][gc          ] GC(776) Pause Young (Normal) (G1 Evacuation Pause) 280M->233M(1024M) 113.129ms
[2026-01-16T09:22:33.059+0000][gc,cpu      ] GC(776) User=0.09s Sys=0.01s Real=0.12s
[2026-01-16T09:22:33.746+0000][gc,start    ] GC(777) Pause Young (Normal) (G1 Evacuation Pause)
[2026-01-16T09:22:33.747+0000][gc,task     ] GC(777) Using 8 workers of 8 for evacuation
[2026-01-16T09:22:33.787+0000][gc,phases   ] GC(777)   Pre Evacuate Collection Set: 0.4ms
[2026-01-16T09:22:33.788+0000][gc,phases   ] GC(777)   Merge Heap Roots: 0.2ms
[2026-01-16T09:22:33.789+0000][gc,phases   ] GC(777)   Evacuate Collection Set: 33.7ms
[2026-01-16T09:22:33.789+0000][gc,phases   ] GC(777)   Post Evacuate Collection Set: 5.4ms
[2026-01-16T09:22:33.791+0000][gc,phases   ] GC(777)   Other: 0.2ms
[2026-01-16T09:22:33.792+0000][gc,heap     ] GC(777) Eden regions: 47->0(141)
[2026-01-16T09:22:33.793+0000][gc,heap     ] GC(777) Survivor regions: 4->3(7)
[2026-01-16T09:22:33.796+0000][gc,heap     ] GC(777) Old regions: 81->81
[2026-01-16T09:22:33.797+0000][gc,heap     ] GC(777) Humongous regions: 149->149
[2026-01-16T09:22:33.797+0000][gc,metaspace] GC(777) Metaspace: 15131K(15488K)->15131K(15488K) NonClass: 13400K(13568K)->13400K(13568K) Class: 1731K(1920K)->1731K(1920K)
[2026-01-16T09:22:33.800+0000][gc          ] GC(777) Pause Young (Normal) (G1 Evacuation Pause) 280M->231M(1024M) 53.202ms
[2026-01-16T09:22:33.801+0000][gc,cpu      ] GC(777) User=0.05s Sys=0.00s Real=0.05s
[2026-01-16T09:22:48.637+0000][gc,start    ] GC(778) Pause Young (Normal) (G1 Evacuation Pause)
[2026-01-16T09:22:48.642+0000][gc,task     ] GC(778) Using 8 workers of 8 for evacuation
[2026-01-16T09:22:49.726+0000][gc,mmu      ] GC(778) MMU target violated: 201.0ms (200.0ms/201.0ms)
[2026-01-16T09:22:49.726+0000][gc,phases   ] GC(778)   Pre Evacuate Collection Set: 71.0ms
[2026-01-16T09:22:49.726+0000][gc,phases   ] GC(778)   Merge Heap Roots: 2.0ms
[2026-01-16T09:22:49.726+0000][gc,phases   ] GC(778)   Evacuate Collection Set: 954.7ms
[2026-01-16T09:22:49.726+0000][gc,phases   ] GC(778)   Post Evacuate Collection Set: 37.9ms
[2026-01-16T09:22:49.726+0000][gc,phases   ] GC(778)   Other: 19.3ms
[2026-01-16T09:22:49.726+0000][gc,heap     ] GC(778) Eden regions: 138->0(46)
[2026-01-16T09:22:49.727+0000][gc,heap     ] GC(778) Survivor regions: 3->5(18)
[2026-01-16T09:22:49.728+0000][gc,heap     ] GC(778) Old regions: 81->82
[2026-01-16T09:22:49.728+0000][gc,heap     ] GC(778) Humongous regions: 149->149
[2026-01-16T09:22:49.728+0000][gc,metaspace] GC(778) Metaspace: 15138K(15552K)->15138K(15552K) NonClass: 13406K(13632K)->13406K(13632K) Class: 1731K(1920K)->1731K(1920K)
[2026-01-16T09:22:49.728+0000][gc          ] GC(778) Pause Young (Normal) (G1 Evacuation Pause) 369M->234M(1024M) 1090.793ms
[2026-01-16T09:22:49.729+0000][gc,cpu      ] GC(778) User=0.78s Sys=0.15s Real=1.11s
[2026-01-16T09:22:53.813+0000][gc,start    ] GC(779) Pause Young (Normal) (G1 Evacuation Pause)
[2026-01-16T09:22:53.814+0000][gc,task     ] GC(779) Using 8 workers of 8 for evacuation
[2026-01-16T09:22:54.939+0000][gc,mmu      ] GC(779) MMU target violated: 201.0ms (200.0ms/201.0ms)
[2026-01-16T09:22:54.942+0000][gc,phases   ] GC(779)   Pre Evacuate Collection Set: 134.1ms
[2026-01-16T09:22:54.947+0000][gc,phases   ] GC(779)   Merge Heap Roots: 20.0ms
[2026-01-16T09:22:54.949+0000][gc,phases   ] GC(779)   Evacuate Collection Set: 868.2ms
[2026-01-16T09:22:54.952+0000][gc,phases   ] GC(779)   Post Evacuate Collection Set: 87.8ms
[2026-01-16T09:22:54.954+0000][gc,phases   ] GC(779)   Other: 18.3ms
[2026-01-16T09:22:54.954+0000][gc,heap     ] GC(779) Eden regions: 46->0(49)
[2026-01-16T09:22:54.959+0000][gc,heap     ] GC(779) Survivor regions: 5->2(7)
[2026-01-16T09:22:54.983+0000][gc,heap     ] GC(779) Old regions: 82->82
[2026-01-16T09:22:54.996+0000][gc,heap     ] GC(779) Humongous regions: 149->149
[2026-01-16T09:22:54.999+0000][gc,metaspace] GC(779) Metaspace: 15150K(15552K)->15150K(15552K) NonClass: 13418K(13632K)->13418K(13632K) Class: 1731K(1920K)->1731K(1920K)
[2026-01-16T09:22:55.000+0000][gc          ] GC(779) Pause Young (Normal) (G1 Evacuation Pause) 280M->231M(1024M) 1187.266ms
[2026-01-16T09:22:55.002+0000][gc,cpu      ] GC(779) User=0.54s Sys=0.06s Real=1.19s
[2026-01-16T09:22:57.495+0000][gc,start    ] GC(780) Pause Young (Normal) (G1 Evacuation Pause)
[2026-01-16T09:22:57.497+0000][gc,task     ] GC(780) Using 8 workers of 8 for evacuation
[2026-01-16T09:22:57.858+0000][gc,mmu      ] GC(780) MMU target violated: 201.0ms (200.0ms/201.0ms)
[2026-01-16T09:22:57.862+0000][gc,phases   ] GC(780)   Pre Evacuate Collection Set: 61.6ms
[2026-01-16T09:22:57.865+0000][gc,phases   ] GC(780)   Merge Heap Roots: 6.5ms
[2026-01-16T09:22:57.865+0000][gc,phases   ] GC(780)   Evacuate Collection Set: 271.1ms
[2026-01-16T09:22:57.865+0000][gc,phases   ] GC(780)   Post Evacuate Collection Set: 21.2ms
[2026-01-16T09:22:57.866+0000][gc,phases   ] GC(780)   Other: 4.8ms
[2026-01-16T09:22:57.866+0000][gc,heap     ] GC(780) Eden regions: 49->0(49)
[2026-01-16T09:22:57.870+0000][gc,heap     ] GC(780) Survivor regions: 2->2(7)
[2026-01-16T09:22:57.870+0000][gc,heap     ] GC(780) Old regions: 82->82
[2026-01-16T09:22:57.871+0000][gc,heap     ] GC(780) Humongous regions: 149->149
[2026-01-16T09:22:57.872+0000][gc,metaspace] GC(780) Metaspace: 15150K(15552K)->15150K(15552K) NonClass: 13419K(13632K)->13419K(13632K) Class: 1731K(1920K)->1731K(1920K)
[2026-01-16T09:22:57.872+0000][gc          ] GC(780) Pause Young (Normal) (G1 Evacuation Pause) 280M->232M(1024M) 377.258ms
[2026-01-16T09:22:57.873+0000][gc,cpu      ] GC(780) User=0.25s Sys=0.01s Real=0.38s
[2026-01-16T09:22:59.538+0000][gc,start    ] GC(781) Pause Young (Normal) (G1 Evacuation Pause)
[2026-01-16T09:22:59.549+0000][gc,task     ] GC(781) Using 8 workers of 8 for evacuation
[2026-01-16T09:22:59.865+0000][gc,mmu      ] GC(781) MMU target violated: 201.0ms (200.0ms/201.0ms)
[2026-01-16T09:22:59.865+0000][gc,phases   ] GC(781)   Pre Evacuate Collection Set: 25.7ms
[2026-01-16T09:22:59.874+0000][gc,phases   ] GC(781)   Merge Heap Roots: 20.8ms
[2026-01-16T09:22:59.874+0000][gc,phases   ] GC(781)   Evacuate Collection Set: 239.2ms
[2026-01-16T09:22:59.875+0000][gc,phases   ] GC(781)   Post Evacuate Collection Set: 29.0ms
[2026-01-16T09:22:59.876+0000][gc,phases   ] GC(781)   Other: 4.4ms
[2026-01-16T09:22:59.876+0000][gc,heap     ] GC(781) Eden regions: 49->0(48)
[2026-01-16T09:22:59.876+0000][gc,heap     ] GC(781) Survivor regions: 2->3(7)
[2026-01-16T09:22:59.876+0000][gc,heap     ] GC(781) Old regions: 82->82
[2026-01-16T09:22:59.877+0000][gc,heap     ] GC(781) Humongous regions: 149->149
[2026-01-16T09:22:59.878+0000][gc,metaspace] GC(781) Metaspace: 15150K(15552K)->15150K(15552K) NonClass: 13419K(13632K)->13419K(13632K) Class: 1731K(1920K)->1731K(1920K)
[2026-01-16T09:22:59.879+0000][gc          ] GC(781) Pause Young (Normal) (G1 Evacuation Pause) 281M->233M(1024M) 340.433ms
[2026-01-16T09:22:59.879+0000][gc,cpu      ] GC(781) User=0.19s Sys=0.01s Real=0.34s
[2026-01-16T09:23:00.573+0000][gc,start    ] GC(782) Pause Young (Normal) (G1 Evacuation Pause)
[2026-01-16T09:23:00.578+0000][gc,task     ] GC(782) Using 8 workers of 8 for evacuation
[2026-01-16T09:23:00.665+0000][gc,phases   ] GC(782)   Pre Evacuate Collection Set: 7.2ms
[2026-01-16T09:23:00.672+0000][gc,phases   ] GC(782)   Merge Heap Roots: 0.5ms
[2026-01-16T09:23:00.672+0000][gc,phases   ] GC(782)   Evacuate Collection Set: 75.5ms
[2026-01-16T09:23:00.672+0000][gc,phases   ] GC(782)   Post Evacuate Collection Set: 2.7ms
[2026-01-16T09:23:00.673+0000][gc,phases   ] GC(782)   Other: 1.2ms
[2026-01-16T09:23:00.673+0000][gc,heap     ] GC(782) Eden regions: 48->0(47)
[2026-01-16T09:23:00.673+0000][gc,heap     ] GC(782) Survivor regions: 3->4(7)
[2026-01-16T09:23:00.674+0000][gc,heap     ] GC(782) Old regions: 82->82
[2026-01-16T09:23:00.674+0000][gc,heap     ] GC(782) Humongous regions: 149->149
[2026-01-16T09:23:00.677+0000][gc,metaspace] GC(782) Metaspace: 15150K(15552K)->15150K(15552K) NonClass: 13419K(13632K)->13419K(13632K) Class: 1731K(1920K)->1731K(1920K)
[2026-01-16T09:23:00.677+0000][gc          ] GC(782) Pause Young (Normal) (G1 Evacuation Pause) 281M->233M(1024M) 103.844ms
[2026-01-16T09:23:00.677+0000][gc,cpu      ] GC(782) User=0.06s Sys=0.00s Real=0.11s
[2026-01-16T09:23:01.135+0000][gc,start    ] GC(783) Pause Young (Normal) (G1 Evacuation Pause)
[2026-01-16T09:23:01.184+0000][gc,task     ] GC(783) Using 8 workers of 8 for evacuation
[2026-01-16T09:23:01.337+0000][gc,phases   ] GC(783)   Pre Evacuate Collection Set: 1.9ms
[2026-01-16T09:23:01.341+0000][gc,phases   ] GC(783)   Merge Heap Roots: 39.1ms
[2026-01-16T09:23:01.341+0000][gc,phases   ] GC(783)   Evacuate Collection Set: 77.9ms
[2026-01-16T09:23:01.342+0000][gc,phases   ] GC(783)   Post Evacuate Collection Set: 33.3ms
[2026-01-16T09:23:01.342+0000][gc,phases   ] GC(783)   Other: 0.9ms
[2026-01-16T09:23:01.344+0000][gc,heap     ] GC(783) Eden regions: 47->0(46)
[2026-01-16T09:23:01.346+0000][gc,heap     ] GC(783) Survivor regions: 4->5(7)
[2026-01-16T09:23:01.347+0000][gc,heap     ] GC(783) Old regions: 82->82
[2026-01-16T09:23:01.347+0000][gc,heap     ] GC(783) Humongous regions: 149->149
[2026-01-16T09:23:01.347+0000][gc,metaspace] GC(783) Metaspace: 15150K(15552K)->15150K(15552K) NonClass: 13419K(13632K)->13419K(13632K) Class: 1731K(1920K)->1731K(1920K)
[2026-01-16T09:23:01.348+0000][gc          ] GC(783) Pause Young (Normal) (G1 Evacuation Pause) 280M->234M(1024M) 213.232ms
[2026-01-16T09:23:01.348+0000][gc,cpu      ] GC(783) User=0.11s Sys=0.01s Real=0.22s
[2026-01-16T09:23:02.088+0000][gc,start    ] GC(784) Pause Young (Normal) (G1 Evacuation Pause)
[2026-01-16T09:23:02.089+0000][gc,task     ] GC(784) Using 8 workers of 8 for evacuation
[2026-01-16T09:23:02.252+0000][gc,phases   ] GC(784)   Pre Evacuate Collection Set: 8.0ms
[2026-01-16T09:23:02.254+0000][gc,phases   ] GC(784)   Merge Heap Roots: 4.1ms
[2026-01-16T09:23:02.254+0000][gc,phases   ] GC(784)   Evacuate Collection Set: 143.3ms
[2026-01-16T09:23:02.254+0000][gc,phases   ] GC(784)   Post Evacuate Collection Set: 3.2ms
[2026-01-16T09:23:02.255+0000][gc,phases   ] GC(784)   Other: 3.5ms
[2026-01-16T09:23:02.255+0000][gc,heap     ] GC(784) Eden regions: 46->0(46)
[2026-01-16T09:23:02.255+0000][gc,heap     ] GC(784) Survivor regions: 5->5(7)
[2026-01-16T09:23:02.256+0000][gc,heap     ] GC(784) Old regions: 82->82
[2026-01-16T09:23:02.256+0000][gc,heap     ] GC(784) Humongous regions: 149->149
[2026-01-16T09:23:02.256+0000][gc,metaspace] GC(784) Metaspace: 15150K(15552K)->15150K(15552K) NonClass: 13419K(13632K)->13419K(13632K) Class: 1731K(1920K)->1731K(1920K)
[2026-01-16T09:23:02.257+0000][gc          ] GC(784) Pause Young (Normal) (G1 Evacuation Pause) 280M->235M(1024M) 168.495ms
[2026-01-16T09:23:02.257+0000][gc,cpu      ] GC(784) User=0.09s Sys=0.01s Real=0.17s
[2026-01-16T09:23:02.811+0000][gc,start    ] GC(785) Pause Young (Normal) (G1 Evacuation Pause)
[2026-01-16T09:23:02.811+0000][gc,task     ] GC(785) Using 8 workers of 8 for evacuation
[2026-01-16T09:23:03.116+0000][gc,mmu      ] GC(785) MMU target violated: 201.0ms (200.0ms/201.0ms)
[2026-01-16T09:23:03.123+0000][gc,phases   ] GC(785)   Pre Evacuate Collection Set: 5.9ms
[2026-01-16T09:23:03.126+0000][gc,phases   ] GC(785)   Merge Heap Roots: 0.4ms
[2026-01-16T09:23:03.126+0000][gc,phases   ] GC(785)   Evacuate Collection Set: 293.4ms
[2026-01-16T09:23:03.138+0000][gc,phases   ] GC(785)   Post Evacuate Collection Set: 1.2ms
[2026-01-16T09:23:03.138+0000][gc,phases   ] GC(785)   Other: 11.4ms
[2026-01-16T09:23:03.141+0000][gc,heap     ] GC(785) Eden regions: 46->0(46)
[2026-01-16T09:23:03.142+0000][gc,heap     ] GC(785) Survivor regions: 5->5(7)
[2026-01-16T09:23:03.142+0000][gc,heap     ] GC(785) Old regions: 82->83
[2026-01-16T09:23:03.142+0000][gc,heap     ] GC(785) Humongous regions: 149->149
[2026-01-16T09:23:03.143+0000][gc,metaspace] GC(785) Metaspace: 15150K(15552K)->15150K(15552K) NonClass: 13419K(13632K)->13419K(13632K) Class: 1731K(1920K)->1731K(1920K)
[2026-01-16T09:23:03.201+0000][gc          ] GC(785) Pause Young (Normal) (G1 Evacuation Pause) 281M->235M(1024M) 379.980ms
[2026-01-16T09:23:03.201+0000][gc,cpu      ] GC(785) User=0.15s Sys=0.02s Real=0.39s
[2026-01-16T09:23:04.201+0000][gc,start    ] GC(786) Pause Young (Normal) (G1 Evacuation Pause)
[2026-01-16T09:23:04.206+0000][gc,task     ] GC(786) Using 8 workers of 8 for evacuation
[2026-01-16T09:23:04.623+0000][gc,mmu      ] GC(786) MMU target violated: 201.0ms (200.0ms/201.0ms)
[2026-01-16T09:23:04.629+0000][gc,phases   ] GC(786)   Pre Evacuate Collection Set: 2.8ms
[2026-01-16T09:23:04.645+0000][gc,phases   ] GC(786)   Merge Heap Roots: 0.2ms
[2026-01-16T09:23:04.646+0000][gc,phases   ] GC(786)   Evacuate Collection Set: 399.8ms
[2026-01-16T09:23:04.646+0000][gc,phases   ] GC(786)   Post Evacuate Collection Set: 9.0ms
[2026-01-16T09:23:04.653+0000][gc,phases   ] GC(786)   Other: 11.8ms
[2026-01-16T09:23:04.653+0000][gc,heap     ] GC(786) Eden regions: 46->0(46)
[2026-01-16T09:23:04.653+0000][gc,heap     ] GC(786) Survivor regions: 5->5(7)
[2026-01-16T09:23:04.653+0000][gc,heap     ] GC(786) Old regions: 83->84
[2026-01-16T09:23:04.653+0000][gc,heap     ] GC(786) Humongous regions: 149->149
[2026-01-16T09:23:04.654+0000][gc,metaspace] GC(786) Metaspace: 15150K(15552K)->15150K(15552K) NonClass: 13419K(13632K)->13419K(13632K) Class: 1731K(1920K)->1731K(1920K)
[2026-01-16T09:23:04.654+0000][gc          ] GC(786) Pause Young (Normal) (G1 Evacuation Pause) 281M->236M(1024M) 452.413ms
[2026-01-16T09:23:04.654+0000][gc,cpu      ] GC(786) User=0.24s Sys=0.03s Real=0.45s
[2026-01-16T09:23:06.244+0000][gc,start    ] GC(787) Pause Young (Normal) (G1 Evacuation Pause)
[2026-01-16T09:23:06.244+0000][gc,task     ] GC(787) Using 8 workers of 8 for evacuation
[2026-01-16T09:23:06.502+0000][gc,mmu      ] GC(787) MMU target violated: 201.0ms (200.0ms/201.0ms)
[2026-01-16T09:23:06.505+0000][gc,phases   ] GC(787)   Pre Evacuate Collection Set: 13.0ms
[2026-01-16T09:23:06.511+0000][gc,phases   ] GC(787)   Merge Heap Roots: 0.7ms
[2026-01-16T09:23:06.518+0000][gc,phases   ] GC(787)   Evacuate Collection Set: 240.4ms
[2026-01-16T09:23:06.520+0000][gc,phases   ] GC(787)   Post Evacuate Collection Set: 3.6ms
[2026-01-16T09:23:06.520+0000][gc,phases   ] GC(787)   Other: 3.7ms
[2026-01-16T09:23:06.524+0000][gc,heap     ] GC(787) Eden regions: 46->0(46)
[2026-01-16T09:23:06.537+0000][gc,heap     ] GC(787) Survivor regions: 5->5(7)
[2026-01-16T09:23:06.538+0000][gc,heap     ] GC(787) Old regions: 84->84
[2026-01-16T09:23:06.542+0000][gc,heap     ] GC(787) Humongous regions: 149->149
[2026-01-16T09:23:06.544+0000][gc,metaspace] GC(787) Metaspace: 15150K(15552K)->15150K(15552K) NonClass: 13419K(13632K)->13419K(13632K) Class: 1731K(1920K)->1731K(1920K)
[2026-01-16T09:23:06.548+0000][gc          ] GC(787) Pause Young (Normal) (G1 Evacuation Pause) 282M->237M(1024M) 305.146ms
[2026-01-16T09:23:06.549+0000][gc,cpu      ] GC(787) User=0.22s Sys=0.03s Real=0.31s
[2026-01-16T09:23:07.257+0000][gc,start    ] GC(788) Pause Young (Normal) (G1 Evacuation Pause)
[2026-01-16T09:23:07.258+0000][gc,task     ] GC(788) Using 8 workers of 8 for evacuation
[2026-01-16T09:23:07.550+0000][gc,mmu      ] GC(788) MMU target violated: 201.0ms (200.0ms/201.0ms)
[2026-01-16T09:23:07.552+0000][gc,phases   ] GC(788)   Pre Evacuate Collection Set: 2.5ms
[2026-01-16T09:23:07.554+0000][gc,phases   ] GC(788)   Merge Heap Roots: 0.1ms
[2026-01-16T09:23:07.554+0000][gc,phases   ] GC(788)   Evacuate Collection Set: 287.9ms
[2026-01-16T09:23:07.555+0000][gc,phases   ] GC(788)   Post Evacuate Collection Set: 1.4ms
[2026-01-16T09:23:07.555+0000][gc,phases   ] GC(788)   Other: 2.8ms
[2026-01-16T09:23:07.555+0000][gc,heap     ] GC(788) Eden regions: 46->0(47)
[2026-01-16T09:23:07.555+0000][gc,heap     ] GC(788) Survivor regions: 5->4(7)
[2026-01-16T09:23:07.556+0000][gc,heap     ] GC(788) Old regions: 84->86
[2026-01-16T09:23:07.556+0000][gc,heap     ] GC(788) Humongous regions: 149->149
[2026-01-16T09:23:07.557+0000][gc,metaspace] GC(788) Metaspace: 15150K(15552K)->15150K(15552K) NonClass: 13419K(13632K)->13419K(13632K) Class: 1731K(1920K)->1731K(1920K)
[2026-01-16T09:23:07.561+0000][gc          ] GC(788) Pause Young (Normal) (G1 Evacuation Pause) 283M->237M(1024M) 303.635ms
[2026-01-16T09:23:07.561+0000][gc,cpu      ] GC(788) User=0.27s Sys=0.06s Real=0.30s
[2026-01-16T09:23:08.438+0000][gc,start    ] GC(789) Pause Young (Normal) (G1 Evacuation Pause)
[2026-01-16T09:23:08.440+0000][gc,task     ] GC(789) Using 8 workers of 8 for evacuation
[2026-01-16T09:23:08.595+0000][gc,phases   ] GC(789)   Pre Evacuate Collection Set: 3.8ms
[2026-01-16T09:23:08.597+0000][gc,phases   ] GC(789)   Merge Heap Roots: 0.2ms
[2026-01-16T09:23:08.597+0000][gc,phases   ] GC(789)   Evacuate Collection Set: 145.2ms
[2026-01-16T09:23:08.598+0000][gc,phases   ] GC(789)   Post Evacuate Collection Set: 3.1ms
[2026-01-16T09:23:08.598+0000][gc,phases   ] GC(789)   Other: 2.6ms
[2026-01-16T09:23:08.599+0000][gc,heap     ] GC(789) Eden regions: 47->0(46)
[2026-01-16T09:23:08.599+0000][gc,heap     ] GC(789) Survivor regions: 4->5(7)
[2026-01-16T09:23:08.600+0000][gc,heap     ] GC(789) Old regions: 86->86
[2026-01-16T09:23:08.601+0000][gc,heap     ] GC(789) Humongous regions: 149->149
[2026-01-16T09:23:08.601+0000][gc,metaspace] GC(789) Metaspace: 15150K(15552K)->15150K(15552K) NonClass: 13419K(13632K)->13419K(13632K) Class: 1731K(1920K)->1731K(1920K)
[2026-01-16T09:23:08.601+0000][gc          ] GC(789) Pause Young (Normal) (G1 Evacuation Pause) 284M->238M(1024M) 163.469ms
[2026-01-16T09:23:08.602+0000][gc,cpu      ] GC(789) User=0.09s Sys=0.00s Real=0.16s
[2026-01-16T09:23:12.683+0000][gc,start    ] GC(790) Pause Young (Normal) (G1 Evacuation Pause)
[2026-01-16T09:23:12.684+0000][gc,task     ] GC(790) Using 8 workers of 8 for evacuation
[2026-01-16T09:23:12.721+0000][gc,phases   ] GC(790)   Pre Evacuate Collection Set: 3.1ms
[2026-01-16T09:23:12.722+0000][gc,phases   ] GC(790)   Merge Heap Roots: 1.1ms
[2026-01-16T09:23:12.722+0000][gc,phases   ] GC(790)   Evacuate Collection Set: 29.2ms
[2026-01-16T09:23:12.722+0000][gc,phases   ] GC(790)   Post Evacuate Collection Set: 3.6ms
[2026-01-16T09:23:12.722+0000][gc,phases   ] GC(790)   Other: 0.7ms
[2026-01-16T09:23:12.722+0000][gc,heap     ] GC(790) Eden regions: 46->0(114)
[2026-01-16T09:23:12.722+0000][gc,heap     ] GC(790) Survivor regions: 5->2(7)
[2026-01-16T09:23:12.722+0000][gc,heap     ] GC(790) Old regions: 86->87
[2026-01-16T09:23:12.722+0000][gc,heap     ] GC(790) Humongous regions: 149->149
[2026-01-16T09:23:12.722+0000][gc,metaspace] GC(790) Metaspace: 15150K(15552K)->15150K(15552K) NonClass: 13419K(13632K)->13419K(13632K) Class: 1731K(1920K)->1731K(1920K)
[2026-01-16T09:23:12.725+0000][gc          ] GC(790) Pause Young (Normal) (G1 Evacuation Pause) 284M->236M(1024M) 42.282ms
[2026-01-16T09:23:12.726+0000][gc,cpu      ] GC(790) User=0.13s Sys=0.01s Real=0.04s
[2026-01-16T09:23:14.385+0000][gc,start    ] GC(791) Pause Young (Normal) (G1 Evacuation Pause)
[2026-01-16T09:23:14.387+0000][gc,task     ] GC(791) Using 8 workers of 8 for evacuation
[2026-01-16T09:23:14.483+0000][gc,phases   ] GC(791)   Pre Evacuate Collection Set: 10.5ms
[2026-01-16T09:23:14.483+0000][gc,phases   ] GC(791)   Merge Heap Roots: 0.5ms
[2026-01-16T09:23:14.484+0000][gc,phases   ] GC(791)   Evacuate Collection Set: 80.2ms
[2026-01-16T09:23:14.485+0000][gc,phases   ] GC(791)   Post Evacuate Collection Set: 2.9ms
[2026-01-16T09:23:14.487+0000][gc,phases   ] GC(791)   Other: 1.7ms
[2026-01-16T09:23:14.488+0000][gc,heap     ] GC(791) Eden regions: 104->0(65)
[2026-01-16T09:23:14.489+0000][gc,heap     ] GC(791) Survivor regions: 2->4(14)
[2026-01-16T09:23:14.491+0000][gc,heap     ] GC(791) Old regions: 87->87
[2026-01-16T09:23:14.494+0000][gc,heap     ] GC(791) Humongous regions: 149->149
[2026-01-16T09:23:14.496+0000][gc,metaspace] GC(791) Metaspace: 15150K(15552K)->15150K(15552K) NonClass: 13419K(13632K)->13419K(13632K) Class: 1731K(1920K)->1731K(1920K)
[2026-01-16T09:23:14.497+0000][gc          ] GC(791) Pause Young (Normal) (G1 Evacuation Pause) 340M->238M(1024M) 111.317ms
[2026-01-16T09:23:14.497+0000][gc,cpu      ] GC(791) User=0.16s Sys=0.02s Real=0.12s
[2026-01-16T09:23:15.072+0000][gc,start    ] GC(792) Pause Young (Normal) (G1 Evacuation Pause)
[2026-01-16T09:23:15.073+0000][gc,task     ] GC(792) Using 8 workers of 8 for evacuation
[2026-01-16T09:23:15.092+0000][gc,phases   ] GC(792)   Pre Evacuate Collection Set: 0.9ms
[2026-01-16T09:23:15.093+0000][gc,phases   ] GC(792)   Merge Heap Roots: 0.1ms
[2026-01-16T09:23:15.098+0000][gc,phases   ] GC(792)   Evacuate Collection Set: 17.0ms
[2026-01-16T09:23:15.099+0000][gc,phases   ] GC(792)   Post Evacuate Collection Set: 0.5ms
[2026-01-16T09:23:15.099+0000][gc,phases   ] GC(792)   Other: 0.2ms
[2026-01-16T09:23:15.099+0000][gc,heap     ] GC(792) Eden regions: 63->0(123)
[2026-01-16T09:23:15.099+0000][gc,heap     ] GC(792) Survivor regions: 4->4(9)
[2026-01-16T09:23:15.099+0000][gc,heap     ] GC(792) Old regions: 87->87
[2026-01-16T09:23:15.099+0000][gc,heap     ] GC(792) Humongous regions: 149->149
[2026-01-16T09:23:15.099+0000][gc,metaspace] GC(792) Metaspace: 15150K(15552K)->15150K(15552K) NonClass: 13419K(13632K)->13419K(13632K) Class: 1731K(1920K)->1731K(1920K)
[2026-01-16T09:23:15.099+0000][gc          ] GC(792) Pause Young (Normal) (G1 Evacuation Pause) 301M->238M(1024M) 26.731ms
[2026-01-16T09:23:15.099+0000][gc,cpu      ] GC(792) User=0.04s Sys=0.01s Real=0.03s
[2026-01-16T09:23:27.840+0000][gc,start    ] GC(793) Pause Young (Normal) (G1 Evacuation Pause)
[2026-01-16T09:23:27.846+0000][gc,task     ] GC(793) Using 8 workers of 8 for evacuation
[2026-01-16T09:23:28.188+0000][gc,mmu      ] GC(793) MMU target violated: 201.0ms (200.0ms/201.0ms)
[2026-01-16T09:23:28.189+0000][gc,phases   ] GC(793)   Pre Evacuate Collection Set: 45.3ms
[2026-01-16T09:23:28.189+0000][gc,phases   ] GC(793)   Merge Heap Roots: 6.2ms
[2026-01-16T09:23:28.190+0000][gc,phases   ] GC(793)   Evacuate Collection Set: 268.8ms
[2026-01-16T09:23:28.190+0000][gc,phases   ] GC(793)   Post Evacuate Collection Set: 15.2ms
[2026-01-16T09:23:28.191+0000][gc,phases   ] GC(793)   Other: 8.2ms
[2026-01-16T09:23:28.191+0000][gc,heap     ] GC(793) Eden regions: 107->0(47)
[2026-01-16T09:23:28.192+0000][gc,heap     ] GC(793) Survivor regions: 4->4(14)
[2026-01-16T09:23:28.192+0000][gc,heap     ] GC(793) Old regions: 87->87
[2026-01-16T09:23:28.192+0000][gc,heap     ] GC(793) Humongous regions: 149->149
[2026-01-16T09:23:28.195+0000][gc,metaspace] GC(793) Metaspace: 15153K(15552K)->15153K(15552K) NonClass: 13421K(13632K)->13421K(13632K) Class: 1731K(1920K)->1731K(1920K)
[2026-01-16T09:23:28.210+0000][gc          ] GC(793) Pause Young (Normal) (G1 Evacuation Pause) 345M->238M(1024M) 369.655ms
[2026-01-16T09:23:28.212+0000][gc,cpu      ] GC(793) User=0.39s Sys=0.05s Real=0.37s
[2026-01-16T09:23:31.576+0000][gc,start    ] GC(794) Pause Young (Normal) (G1 Evacuation Pause)
[2026-01-16T09:23:31.577+0000][gc,task     ] GC(794) Using 8 workers of 8 for evacuation
[2026-01-16T09:23:32.005+0000][gc,mmu      ] GC(794) MMU target violated: 201.0ms (200.0ms/201.0ms)
[2026-01-16T09:23:32.007+0000][gc,phases   ] GC(794)   Pre Evacuate Collection Set: 97.0ms
[2026-01-16T09:23:32.007+0000][gc,phases   ] GC(794)   Merge Heap Roots: 1.3ms
[2026-01-16T09:23:32.007+0000][gc,phases   ] GC(794)   Evacuate Collection Set: 289.9ms
[2026-01-16T09:23:32.007+0000][gc,phases   ] GC(794)   Post Evacuate Collection Set: 17.5ms
[2026-01-16T09:23:32.008+0000][gc,phases   ] GC(794)   Other: 23.9ms
[2026-01-16T09:23:32.011+0000][gc,heap     ] GC(794) Eden regions: 47->0(46)
[2026-01-16T09:23:32.011+0000][gc,heap     ] GC(794) Survivor regions: 4->5(7)
[2026-01-16T09:23:32.011+0000][gc,heap     ] GC(794) Old regions: 87->87
[2026-01-16T09:23:32.011+0000][gc,heap     ] GC(794) Humongous regions: 149->149
[2026-01-16T09:23:32.012+0000][gc,metaspace] GC(794) Metaspace: 15153K(15552K)->15153K(15552K) NonClass: 13421K(13632K)->13421K(13632K) Class: 1731K(1920K)->1731K(1920K)
[2026-01-16T09:23:32.013+0000][gc          ] GC(794) Pause Young (Normal) (G1 Evacuation Pause) 285M->239M(1024M) 437.199ms
[2026-01-16T09:23:32.013+0000][gc,cpu      ] GC(794) User=0.32s Sys=0.02s Real=0.44s
[2026-01-16T09:23:33.408+0000][gc,start    ] GC(795) Pause Young (Normal) (G1 Evacuation Pause)
[2026-01-16T09:23:33.411+0000][gc,task     ] GC(795) Using 8 workers of 8 for evacuation
[2026-01-16T09:23:33.639+0000][gc,mmu      ] GC(795) MMU target violated: 201.0ms (200.0ms/201.0ms)
[2026-01-16T09:23:33.641+0000][gc,phases   ] GC(795)   Pre Evacuate Collection Set: 14.1ms
[2026-01-16T09:23:33.696+0000][gc,phases   ] GC(795)   Merge Heap Roots: 2.8ms
[2026-01-16T09:23:33.696+0000][gc,phases   ] GC(795)   Evacuate Collection Set: 203.4ms
[2026-01-16T09:23:33.696+0000][gc,phases   ] GC(795)   Post Evacuate Collection Set: 4.9ms
[2026-01-16T09:23:33.696+0000][gc,phases   ] GC(795)   Other: 5.3ms
[2026-01-16T09:23:33.697+0000][gc,heap     ] GC(795) Eden regions: 46->0(49)
[2026-01-16T09:23:33.699+0000][gc,heap     ] GC(795) Survivor regions: 5->2(7)
[2026-01-16T09:23:33.700+0000][gc,heap     ] GC(795) Old regions: 87->87
[2026-01-16T09:23:33.700+0000][gc,heap     ] GC(795) Humongous regions: 149->149
[2026-01-16T09:23:33.700+0000][gc,metaspace] GC(795) Metaspace: 15153K(15552K)->15153K(15552K) NonClass: 13421K(13632K)->13421K(13632K) Class: 1731K(1920K)->1731K(1920K)
[2026-01-16T09:23:33.700+0000][gc          ] GC(795) Pause Young (Normal) (G1 Evacuation Pause) 285M->237M(1024M) 292.532ms
[2026-01-16T09:23:33.701+0000][gc,cpu      ] GC(795) User=0.17s Sys=0.01s Real=0.29s
[2026-01-16T09:23:34.634+0000][gc,start    ] GC(796) Pause Young (Normal) (G1 Evacuation Pause)
[2026-01-16T09:23:34.634+0000][gc,task     ] GC(796) Using 8 workers of 8 for evacuation
[2026-01-16T09:23:34.778+0000][gc,phases   ] GC(796)   Pre Evacuate Collection Set: 1.9ms
[2026-01-16T09:23:34.779+0000][gc,phases   ] GC(796)   Merge Heap Roots: 0.5ms
[2026-01-16T09:23:34.779+0000][gc,phases   ] GC(796)   Evacuate Collection Set: 136.6ms
[2026-01-16T09:23:34.779+0000][gc,phases   ] GC(796)   Post Evacuate Collection Set: 4.5ms
[2026-01-16T09:23:34.780+0000][gc,phases   ] GC(796)   Other: 0.5ms
[2026-01-16T09:23:34.780+0000][gc,heap     ] GC(796) Eden regions: 49->0(48)
[2026-01-16T09:23:34.780+0000][gc,heap     ] GC(796) Survivor regions: 2->3(7)
[2026-01-16T09:23:34.781+0000][gc,heap     ] GC(796) Old regions: 87->87
[2026-01-16T09:23:34.782+0000][gc,heap     ] GC(796) Humongous regions: 149->149
[2026-01-16T09:23:34.782+0000][gc,metaspace] GC(796) Metaspace: 15153K(15552K)->15153K(15552K) NonClass: 13421K(13632K)->13421K(13632K) Class: 1731K(1920K)->1731K(1920K)
[2026-01-16T09:23:34.782+0000][gc          ] GC(796) Pause Young (Normal) (G1 Evacuation Pause) 286M->238M(1024M) 148.451ms
[2026-01-16T09:23:34.783+0000][gc,cpu      ] GC(796) User=0.08s Sys=0.01s Real=0.15s
[2026-01-16T09:23:35.539+0000][gc,start    ] GC(797) Pause Young (Normal) (G1 Evacuation Pause)
[2026-01-16T09:23:35.542+0000][gc,task     ] GC(797) Using 8 workers of 8 for evacuation
[2026-01-16T09:23:35.706+0000][gc,phases   ] GC(797)   Pre Evacuate Collection Set: 55.8ms
[2026-01-16T09:23:35.709+0000][gc,phases   ] GC(797)   Merge Heap Roots: 0.8ms
[2026-01-16T09:23:35.710+0000][gc,phases   ] GC(797)   Evacuate Collection Set: 96.7ms
[2026-01-16T09:23:35.711+0000][gc,phases   ] GC(797)   Post Evacuate Collection Set: 9.8ms
[2026-01-16T09:23:35.712+0000][gc,phases   ] GC(797)   Other: 0.5ms
[2026-01-16T09:23:35.712+0000][gc,heap     ] GC(797) Eden regions: 48->0(47)
[2026-01-16T09:23:35.714+0000][gc,heap     ] GC(797) Survivor regions: 3->4(7)
[2026-01-16T09:23:35.717+0000][gc,heap     ] GC(797) Old regions: 87->87
[2026-01-16T09:23:35.735+0000][gc,heap     ] GC(797) Humongous regions: 149->149
[2026-01-16T09:23:35.735+0000][gc,metaspace] GC(797) Metaspace: 15153K(15552K)->15153K(15552K) NonClass: 13421K(13632K)->13421K(13632K) Class: 1731K(1920K)->1731K(1920K)
[2026-01-16T09:23:35.736+0000][gc          ] GC(797) Pause Young (Normal) (G1 Evacuation Pause) 286M->238M(1024M) 196.719ms
[2026-01-16T09:23:35.736+0000][gc,cpu      ] GC(797) User=0.05s Sys=0.01s Real=0.20s
[2026-01-16T09:23:37.837+0000][gc,start    ] GC(798) Pause Young (Normal) (G1 Evacuation Pause)
[2026-01-16T09:23:37.839+0000][gc,task     ] GC(798) Using 8 workers of 8 for evacuation
[2026-01-16T09:23:38.250+0000][gc,mmu      ] GC(798) MMU target violated: 201.0ms (200.0ms/201.0ms)
[2026-01-16T09:23:38.250+0000][gc,phases   ] GC(798)   Pre Evacuate Collection Set: 16.4ms
[2026-01-16T09:23:38.250+0000][gc,phases   ] GC(798)   Merge Heap Roots: 1.4ms
[2026-01-16T09:23:38.250+0000][gc,phases   ] GC(798)   Evacuate Collection Set: 383.3ms
[2026-01-16T09:23:38.250+0000][gc,phases   ] GC(798)   Post Evacuate Collection Set: 7.0ms
[2026-01-16T09:23:38.250+0000][gc,phases   ] GC(798)   Other: 3.2ms
[2026-01-16T09:23:38.251+0000][gc,heap     ] GC(798) Eden regions: 47->0(47)
[2026-01-16T09:23:38.251+0000][gc,heap     ] GC(798) Survivor regions: 4->4(7)
[2026-01-16T09:23:38.251+0000][gc,heap     ] GC(798) Old regions: 87->87
[2026-01-16T09:23:38.251+0000][gc,heap     ] GC(798) Humongous regions: 149->149
[2026-01-16T09:23:38.251+0000][gc,metaspace] GC(798) Metaspace: 15153K(15552K)->15153K(15552K) NonClass: 13421K(13632K)->13421K(13632K) Class: 1731K(1920K)->1731K(1920K)
[2026-01-16T09:23:38.253+0000][gc          ] GC(798) Pause Young (Normal) (G1 Evacuation Pause) 285M->239M(1024M) 414.049ms
[2026-01-16T09:23:38.253+0000][gc,cpu      ] GC(798) User=0.16s Sys=0.01s Real=0.42s
[2026-01-16T09:23:43.268+0000][gc,start    ] GC(799) Pause Young (Normal) (G1 Evacuation Pause)
[2026-01-16T09:23:43.268+0000][gc,task     ] GC(799) Using 8 workers of 8 for evacuation
[2026-01-16T09:23:43.421+0000][gc,phases   ] GC(799)   Pre Evacuate Collection Set: 19.2ms
[2026-01-16T09:23:43.422+0000][gc,phases   ] GC(799)   Merge Heap Roots: 6.4ms
[2026-01-16T09:23:43.429+0000][gc,phases   ] GC(799)   Evacuate Collection Set: 112.4ms
[2026-01-16T09:23:43.429+0000][gc,phases   ] GC(799)   Post Evacuate Collection Set: 12.5ms
[2026-01-16T09:23:43.430+0000][gc,phases   ] GC(799)   Other: 2.2ms
[2026-01-16T09:23:43.431+0000][gc,heap     ] GC(799) Eden regions: 47->0(48)
[2026-01-16T09:23:43.432+0000][gc,heap     ] GC(799) Survivor regions: 4->3(7)
[2026-01-16T09:23:43.433+0000][gc,heap     ] GC(799) Old regions: 87->87
[2026-01-16T09:23:43.434+0000][gc,heap     ] GC(799) Humongous regions: 149->149
[2026-01-16T09:23:43.443+0000][gc,metaspace] GC(799) Metaspace: 15153K(15552K)->15153K(15552K) NonClass: 13421K(13632K)->13421K(13632K) Class: 1731K(1920K)->1731K(1920K)
[2026-01-16T09:23:43.444+0000][gc          ] GC(799) Pause Young (Normal) (G1 Evacuation Pause) 286M->238M(1024M) 176.522ms
[2026-01-16T09:23:43.445+0000][gc,cpu      ] GC(799) User=0.15s Sys=0.01s Real=0.18s
[2026-01-16T09:23:44.522+0000][gc,start    ] GC(800) Pause Young (Normal) (G1 Evacuation Pause)
[2026-01-16T09:23:44.525+0000][gc,task     ] GC(800) Using 8 workers of 8 for evacuation
[2026-01-16T09:23:44.657+0000][gc,phases   ] GC(800)   Pre Evacuate Collection Set: 15.4ms
[2026-01-16T09:23:44.665+0000][gc,phases   ] GC(800)   Merge Heap Roots: 0.3ms
[2026-01-16T09:23:44.665+0000][gc,phases   ] GC(800)   Evacuate Collection Set: 88.6ms
[2026-01-16T09:23:44.665+0000][gc,phases   ] GC(800)   Post Evacuate Collection Set: 27.1ms
[2026-01-16T09:23:44.666+0000][gc,phases   ] GC(800)   Other: 1.2ms
[2026-01-16T09:23:44.666+0000][gc,heap     ] GC(800) Eden regions: 48->0(48)
[2026-01-16T09:23:44.666+0000][gc,heap     ] GC(800) Survivor regions: 3->3(7)
[2026-01-16T09:23:44.673+0000][gc,heap     ] GC(800) Old regions: 87->87
[2026-01-16T09:23:44.673+0000][gc,heap     ] GC(800) Humongous regions: 149->149
[2026-01-16T09:23:44.674+0000][gc,metaspace] GC(800) Metaspace: 15153K(15552K)->15153K(15552K) NonClass: 13421K(13632K)->13421K(13632K) Class: 1731K(1920K)->1731K(1920K)
[2026-01-16T09:23:44.675+0000][gc          ] GC(800) Pause Young (Normal) (G1 Evacuation Pause) 286M->238M(1024M) 152.169ms
[2026-01-16T09:23:44.675+0000][gc,cpu      ] GC(800) User=0.08s Sys=0.01s Real=0.15s
[2026-01-16T09:23:45.288+0000][gc,start    ] GC(801) Pause Young (Normal) (G1 Evacuation Pause)
[2026-01-16T09:23:45.290+0000][gc,task     ] GC(801) Using 8 workers of 8 for evacuation
[2026-01-16T09:23:45.391+0000][gc,phases   ] GC(801)   Pre Evacuate Collection Set: 5.0ms
[2026-01-16T09:23:45.422+0000][gc,phases   ] GC(801)   Merge Heap Roots: 4.9ms
[2026-01-16T09:23:45.422+0000][gc,phases   ] GC(801)   Evacuate Collection Set: 90.0ms
[2026-01-16T09:23:45.422+0000][gc,phases   ] GC(801)   Post Evacuate Collection Set: 0.7ms
[2026-01-16T09:23:45.422+0000][gc,phases   ] GC(801)   Other: 0.4ms
[2026-01-16T09:23:45.423+0000][gc,heap     ] GC(801) Eden regions: 48->0(47)
[2026-01-16T09:23:45.425+0000][gc,heap     ] GC(801) Survivor regions: 3->4(7)
[2026-01-16T09:23:45.428+0000][gc,heap     ] GC(801) Old regions: 87->88
[2026-01-16T09:23:45.429+0000][gc,heap     ] GC(801) Humongous regions: 149->149
[2026-01-16T09:23:45.433+0000][gc,metaspace] GC(801) Metaspace: 15159K(15552K)->15159K(15552K) NonClass: 13428K(13632K)->13428K(13632K) Class: 1731K(1920K)->1731K(1920K)
[2026-01-16T09:23:45.433+0000][gc          ] GC(801) Pause Young (Normal) (G1 Evacuation Pause) 286M->239M(1024M) 145.028ms
[2026-01-16T09:23:45.433+0000][gc,cpu      ] GC(801) User=0.12s Sys=0.01s Real=0.15s
[2026-01-16T09:23:46.249+0000][gc,start    ] GC(802) Pause Young (Normal) (G1 Evacuation Pause)
[2026-01-16T09:23:46.252+0000][gc,task     ] GC(802) Using 8 workers of 8 for evacuation
[2026-01-16T09:23:46.365+0000][gc,phases   ] GC(802)   Pre Evacuate Collection Set: 13.2ms
[2026-01-16T09:23:46.366+0000][gc,phases   ] GC(802)   Merge Heap Roots: 0.7ms
[2026-01-16T09:23:46.367+0000][gc,phases   ] GC(802)   Evacuate Collection Set: 96.6ms
[2026-01-16T09:23:46.367+0000][gc,phases   ] GC(802)   Post Evacuate Collection Set: 2.2ms
[2026-01-16T09:23:46.367+0000][gc,phases   ] GC(802)   Other: 0.6ms
[2026-01-16T09:23:46.368+0000][gc,heap     ] GC(802) Eden regions: 47->0(62)
[2026-01-16T09:23:46.368+0000][gc,heap     ] GC(802) Survivor regions: 4->4(7)
[2026-01-16T09:23:46.368+0000][gc,heap     ] GC(802) Old regions: 88->88
[2026-01-16T09:23:46.368+0000][gc,heap     ] GC(802) Humongous regions: 149->149
[2026-01-16T09:23:46.369+0000][gc,metaspace] GC(802) Metaspace: 15159K(15552K)->15159K(15552K) NonClass: 13428K(13632K)->13428K(13632K) Class: 1731K(1920K)->1731K(1920K)
[2026-01-16T09:23:46.370+0000][gc          ] GC(802) Pause Young (Normal) (G1 Evacuation Pause) 286M->240M(1024M) 121.134ms
[2026-01-16T09:23:46.370+0000][gc,cpu      ] GC(802) User=0.08s Sys=0.01s Real=0.12s
[2026-01-16T09:23:55.481+0000][gc,start    ] GC(803) Pause Young (Normal) (G1 Evacuation Pause)
[2026-01-16T09:23:55.494+0000][gc,task     ] GC(803) Using 8 workers of 8 for evacuation
[2026-01-16T09:23:56.082+0000][gc,mmu      ] GC(803) MMU target violated: 201.0ms (200.0ms/201.0ms)
[2026-01-16T09:23:56.084+0000][gc,phases   ] GC(803)   Pre Evacuate Collection Set: 56.6ms
[2026-01-16T09:23:56.084+0000][gc,phases   ] GC(803)   Merge Heap Roots: 11.9ms
[2026-01-16T09:23:56.084+0000][gc,phases   ] GC(803)   Evacuate Collection Set: 500.0ms
[2026-01-16T09:23:56.084+0000][gc,phases   ] GC(803)   Post Evacuate Collection Set: 16.1ms
[2026-01-16T09:23:56.085+0000][gc,phases   ] GC(803)   Other: 4.8ms
[2026-01-16T09:23:56.085+0000][gc,heap     ] GC(803) Eden regions: 64->0(48)
[2026-01-16T09:23:56.085+0000][gc,heap     ] GC(803) Survivor regions: 4->3(9)
[2026-01-16T09:23:56.086+0000][gc,heap     ] GC(803) Old regions: 88->88
[2026-01-16T09:23:56.086+0000][gc,heap     ] GC(803) Humongous regions: 149->149
[2026-01-16T09:23:56.086+0000][gc,metaspace] GC(803) Metaspace: 15159K(15552K)->15159K(15552K) NonClass: 13428K(13632K)->13428K(13632K) Class: 1731K(1920K)->1731K(1920K)
[2026-01-16T09:23:56.090+0000][gc          ] GC(803) Pause Young (Normal) (G1 Evacuation Pause) 304M->238M(1024M) 609.277ms
[2026-01-16T09:23:56.099+0000][gc,cpu      ] GC(803) User=0.25s Sys=0.03s Real=0.62s
[2026-01-16T09:23:58.564+0000][gc,start    ] GC(804) Pause Young (Normal) (G1 Evacuation Pause)
[2026-01-16T09:23:58.565+0000][gc,task     ] GC(804) Using 8 workers of 8 for evacuation
[2026-01-16T09:23:58.698+0000][gc,phases   ] GC(804)   Pre Evacuate Collection Set: 19.1ms
[2026-01-16T09:23:58.699+0000][gc,phases   ] GC(804)   Merge Heap Roots: 5.0ms
[2026-01-16T09:23:58.699+0000][gc,phases   ] GC(804)   Evacuate Collection Set: 102.7ms
[2026-01-16T09:23:58.699+0000][gc,phases   ] GC(804)   Post Evacuate Collection Set: 5.6ms
[2026-01-16T09:23:58.699+0000][gc,phases   ] GC(804)   Other: 0.9ms
[2026-01-16T09:23:58.699+0000][gc,heap     ] GC(804) Eden regions: 48->0(48)
[2026-01-16T09:23:58.700+0000][gc,heap     ] GC(804) Survivor regions: 3->3(7)
[2026-01-16T09:23:58.700+0000][gc,heap     ] GC(804) Old regions: 88->88
[2026-01-16T09:23:58.700+0000][gc,heap     ] GC(804) Humongous regions: 149->149
[2026-01-16T09:23:58.700+0000][gc,metaspace] GC(804) Metaspace: 15159K(15552K)->15159K(15552K) NonClass: 13428K(13632K)->13428K(13632K) Class: 1731K(1920K)->1731K(1920K)
[2026-01-16T09:23:58.700+0000][gc          ] GC(804) Pause Young (Normal) (G1 Evacuation Pause) 286M->239M(1024M) 135.577ms
[2026-01-16T09:23:58.700+0000][gc,cpu      ] GC(804) User=0.18s Sys=0.01s Real=0.15s
[2026-01-16T09:23:59.543+0000][gc,start    ] GC(805) Pause Young (Normal) (G1 Evacuation Pause)
[2026-01-16T09:23:59.543+0000][gc,task     ] GC(805) Using 8 workers of 8 for evacuation
[2026-01-16T09:23:59.687+0000][gc,phases   ] GC(805)   Pre Evacuate Collection Set: 0.6ms
[2026-01-16T09:23:59.688+0000][gc,phases   ] GC(805)   Merge Heap Roots: 0.1ms
[2026-01-16T09:23:59.689+0000][gc,phases   ] GC(805)   Evacuate Collection Set: 139.1ms
[2026-01-16T09:23:59.690+0000][gc,phases   ] GC(805)   Post Evacuate Collection Set: 3.5ms
[2026-01-16T09:23:59.692+0000][gc,phases   ] GC(805)   Other: 0.5ms
[2026-01-16T09:23:59.692+0000][gc,heap     ] GC(805) Eden regions: 48->0(47)
[2026-01-16T09:23:59.692+0000][gc,heap     ] GC(805) Survivor regions: 3->4(7)
[2026-01-16T09:23:59.692+0000][gc,heap     ] GC(805) Old regions: 88->88
[2026-01-16T09:23:59.693+0000][gc,heap     ] GC(805) Humongous regions: 149->149
[2026-01-16T09:23:59.693+0000][gc,metaspace] GC(805) Metaspace: 15159K(15552K)->15159K(15552K) NonClass: 13428K(13632K)->13428K(13632K) Class: 1731K(1920K)->1731K(1920K)
[2026-01-16T09:23:59.693+0000][gc          ] GC(805) Pause Young (Normal) (G1 Evacuation Pause) 287M->240M(1024M) 149.915ms
[2026-01-16T09:23:59.693+0000][gc,cpu      ] GC(805) User=0.10s Sys=0.00s Real=0.15s
[2026-01-16T09:24:02.813+0000][gc,start    ] GC(806) Pause Young (Normal) (G1 Evacuation Pause)
[2026-01-16T09:24:02.815+0000][gc,task     ] GC(806) Using 8 workers of 8 for evacuation
[2026-01-16T09:24:02.908+0000][gc,phases   ] GC(806)   Pre Evacuate Collection Set: 11.2ms
[2026-01-16T09:24:02.910+0000][gc,phases   ] GC(806)   Merge Heap Roots: 3.6ms
[2026-01-16T09:24:02.911+0000][gc,phases   ] GC(806)   Evacuate Collection Set: 59.6ms
[2026-01-16T09:24:02.911+0000][gc,phases   ] GC(806)   Post Evacuate Collection Set: 12.7ms
[2026-01-16T09:24:02.912+0000][gc,phases   ] GC(806)   Other: 5.6ms
[2026-01-16T09:24:02.912+0000][gc,heap     ] GC(806) Eden regions: 47->0(114)
[2026-01-16T09:24:02.912+0000][gc,heap     ] GC(806) Survivor regions: 4->2(7)
[2026-01-16T09:24:02.913+0000][gc,heap     ] GC(806) Old regions: 88->88
[2026-01-16T09:24:02.913+0000][gc,heap     ] GC(806) Humongous regions: 149->149
[2026-01-16T09:24:02.913+0000][gc,metaspace] GC(806) Metaspace: 15159K(15552K)->15159K(15552K) NonClass: 13428K(13632K)->13428K(13632K) Class: 1731K(1920K)->1731K(1920K)
[2026-01-16T09:24:02.914+0000][gc          ] GC(806) Pause Young (Normal) (G1 Evacuation Pause) 287M->238M(1024M) 102.112ms
[2026-01-16T09:24:02.915+0000][gc,cpu      ] GC(806) User=0.13s Sys=0.01s Real=0.10s
[2026-01-16T09:24:04.835+0000][gc,start    ] GC(807) Pause Young (Normal) (G1 Evacuation Pause)
[2026-01-16T09:24:04.835+0000][gc,task     ] GC(807) Using 8 workers of 8 for evacuation
[2026-01-16T09:24:04.903+0000][gc,phases   ] GC(807)   Pre Evacuate Collection Set: 3.9ms
[2026-01-16T09:24:04.903+0000][gc,phases   ] GC(807)   Merge Heap Roots: 0.3ms
[2026-01-16T09:24:04.904+0000][gc,phases   ] GC(807)   Evacuate Collection Set: 58.1ms
[2026-01-16T09:24:04.904+0000][gc,phases   ] GC(807)   Post Evacuate Collection Set: 5.2ms
[2026-01-16T09:24:04.904+0000][gc,phases   ] GC(807)   Other: 0.4ms
[2026-01-16T09:24:04.907+0000][gc,heap     ] GC(807) Eden regions: 110->0(78)
[2026-01-16T09:24:04.907+0000][gc,heap     ] GC(807) Survivor regions: 2->4(14)
[2026-01-16T09:24:04.907+0000][gc,heap     ] GC(807) Old regions: 88->88
[2026-01-16T09:24:04.907+0000][gc,heap     ] GC(807) Humongous regions: 149->149
[2026-01-16T09:24:04.907+0000][gc,metaspace] GC(807) Metaspace: 15165K(15552K)->15165K(15552K) NonClass: 13434K(13632K)->13434K(13632K) Class: 1731K(1920K)->1731K(1920K)
[2026-01-16T09:24:04.908+0000][gc          ] GC(807) Pause Young (Normal) (G1 Evacuation Pause) 348M->239M(1024M) 72.696ms
[2026-01-16T09:24:04.908+0000][gc,cpu      ] GC(807) User=0.22s Sys=0.01s Real=0.07s
[2026-01-16T09:24:13.091+0000][gc,start    ] GC(808) Pause Young (Normal) (G1 Evacuation Pause)
[2026-01-16T09:24:13.093+0000][gc,task     ] GC(808) Using 8 workers of 8 for evacuation
[2026-01-16T09:24:13.212+0000][gc,phases   ] GC(808)   Pre Evacuate Collection Set: 20.7ms
[2026-01-16T09:24:13.212+0000][gc,phases   ] GC(808)   Merge Heap Roots: 4.2ms
[2026-01-16T09:24:13.212+0000][gc,phases   ] GC(808)   Evacuate Collection Set: 90.1ms
[2026-01-16T09:24:13.213+0000][gc,phases   ] GC(808)   Post Evacuate Collection Set: 3.0ms
[2026-01-16T09:24:13.213+0000][gc,phases   ] GC(808)   Other: 1.9ms
[2026-01-16T09:24:13.213+0000][gc,heap     ] GC(808) Eden regions: 80->0(235)
[2026-01-16T09:24:13.213+0000][gc,heap     ] GC(808) Survivor regions: 4->2(11)
[2026-01-16T09:24:13.213+0000][gc,heap     ] GC(808) Old regions: 88->88
[2026-01-16T09:24:13.214+0000][gc,heap     ] GC(808) Humongous regions: 149->149
[2026-01-16T09:24:13.214+0000][gc,metaspace] GC(808) Metaspace: 15165K(15552K)->15165K(15552K) NonClass: 13434K(13632K)->13434K(13632K) Class: 1731K(1920K)->1731K(1920K)
[2026-01-16T09:24:13.214+0000][gc          ] GC(808) Pause Young (Normal) (G1 Evacuation Pause) 319M->238M(1024M) 123.273ms
[2026-01-16T09:24:13.214+0000][gc,cpu      ] GC(808) User=0.30s Sys=0.01s Real=0.12s
[2026-01-16T09:24:24.924+0000][gc,start    ] GC(809) Pause Young (Normal) (G1 Evacuation Pause)
[2026-01-16T09:24:24.927+0000][gc,task     ] GC(809) Using 8 workers of 8 for evacuation
[2026-01-16T09:24:25.041+0000][gc,phases   ] GC(809)   Pre Evacuate Collection Set: 17.0ms
[2026-01-16T09:24:25.042+0000][gc,phases   ] GC(809)   Merge Heap Roots: 1.4ms
[2026-01-16T09:24:25.042+0000][gc,phases   ] GC(809)   Evacuate Collection Set: 79.6ms
[2026-01-16T09:24:25.042+0000][gc,phases   ] GC(809)   Post Evacuate Collection Set: 16.2ms
[2026-01-16T09:24:25.042+0000][gc,phases   ] GC(809)   Other: 0.9ms
[2026-01-16T09:24:25.042+0000][gc,heap     ] GC(809) Eden regions: 226->0(394)
[2026-01-16T09:24:25.042+0000][gc,heap     ] GC(809) Survivor regions: 2->3(29)
[2026-01-16T09:24:25.042+0000][gc,heap     ] GC(809) Old regions: 88->89
[2026-01-16T09:24:25.042+0000][gc,heap     ] GC(809) Humongous regions: 149->149
[2026-01-16T09:24:25.042+0000][gc,metaspace] GC(809) Metaspace: 15168K(15552K)->15168K(15552K) NonClass: 13437K(13632K)->13437K(13632K) Class: 1731K(1920K)->1731K(1920K)
[2026-01-16T09:24:25.043+0000][gc          ] GC(809) Pause Young (Normal) (G1 Evacuation Pause) 464M->239M(1024M) 118.555ms
[2026-01-16T09:24:25.043+0000][gc,cpu      ] GC(809) User=0.23s Sys=0.04s Real=0.12s
[2026-01-16T09:24:46.294+0000][gc,start    ] GC(810) Pause Young (Normal) (G1 Evacuation Pause)
[2026-01-16T09:24:46.304+0000][gc,task     ] GC(810) Using 8 workers of 8 for evacuation
[2026-01-16T09:24:46.819+0000][gc,mmu      ] GC(810) MMU target violated: 201.0ms (200.0ms/201.0ms)
[2026-01-16T09:24:46.821+0000][gc,phases   ] GC(810)   Pre Evacuate Collection Set: 179.4ms
[2026-01-16T09:24:46.824+0000][gc,phases   ] GC(810)   Merge Heap Roots: 16.9ms
[2026-01-16T09:24:46.826+0000][gc,phases   ] GC(810)   Evacuate Collection Set: 197.6ms
[2026-01-16T09:24:46.828+0000][gc,phases   ] GC(810)   Post Evacuate Collection Set: 43.7ms
[2026-01-16T09:24:46.831+0000][gc,phases   ] GC(810)   Other: 80.4ms
[2026-01-16T09:24:46.831+0000][gc,heap     ] GC(810) Eden regions: 348->0(48)
[2026-01-16T09:24:46.833+0000][gc,heap     ] GC(810) Survivor regions: 3->3(44)
[2026-01-16T09:24:46.835+0000][gc,heap     ] GC(810) Old regions: 89->89
[2026-01-16T09:24:46.835+0000][gc,heap     ] GC(810) Humongous regions: 149->149
[2026-01-16T09:24:46.836+0000][gc,metaspace] GC(810) Metaspace: 15171K(15552K)->15171K(15552K) NonClass: 13439K(13632K)->13439K(13632K) Class: 1731K(1920K)->1731K(1920K)
[2026-01-16T09:24:46.838+0000][gc          ] GC(810) Pause Young (Normal) (G1 Evacuation Pause) 587M->240M(1024M) 542.790ms
[2026-01-16T09:24:46.838+0000][gc,cpu      ] GC(810) User=0.35s Sys=0.06s Real=0.54s
[2026-01-16T09:24:51.201+0000][gc,start    ] GC(811) Pause Young (Normal) (G1 Evacuation Pause)
[2026-01-16T09:24:51.209+0000][gc,task     ] GC(811) Using 8 workers of 8 for evacuation
[2026-01-16T09:24:51.702+0000][gc,mmu      ] GC(811) MMU target violated: 201.0ms (200.0ms/201.0ms)
[2026-01-16T09:24:51.704+0000][gc,phases   ] GC(811)   Pre Evacuate Collection Set: 43.0ms
[2026-01-16T09:24:51.705+0000][gc,phases   ] GC(811)   Merge Heap Roots: 2.9ms
[2026-01-16T09:24:51.706+0000][gc,phases   ] GC(811)   Evacuate Collection Set: 379.5ms
[2026-01-16T09:24:51.708+0000][gc,phases   ] GC(811)   Post Evacuate Collection Set: 68.1ms
[2026-01-16T09:24:51.709+0000][gc,phases   ] GC(811)   Other: 1.9ms
[2026-01-16T09:24:51.710+0000][gc,heap     ] GC(811) Eden regions: 48->0(47)
[2026-01-16T09:24:51.710+0000][gc,heap     ] GC(811) Survivor regions: 3->4(7)
[2026-01-16T09:24:51.710+0000][gc,heap     ] GC(811) Old regions: 89->89
[2026-01-16T09:24:51.711+0000][gc,heap     ] GC(811) Humongous regions: 149->149
[2026-01-16T09:24:51.711+0000][gc,metaspace] GC(811) Metaspace: 15171K(15552K)->15171K(15552K) NonClass: 13439K(13632K)->13439K(13632K) Class: 1731K(1920K)->1731K(1920K)
[2026-01-16T09:24:51.711+0000][gc          ] GC(811) Pause Young (Normal) (G1 Evacuation Pause) 288M->240M(1024M) 510.531ms
[2026-01-16T09:24:51.712+0000][gc,cpu      ] GC(811) User=0.35s Sys=0.04s Real=0.51s
[2026-01-16T09:24:52.953+0000][gc,start    ] GC(812) Pause Young (Normal) (G1 Evacuation Pause)
[2026-01-16T09:24:52.967+0000][gc,task     ] GC(812) Using 8 workers of 8 for evacuation
[2026-01-16T09:24:53.117+0000][gc,phases   ] GC(812)   Pre Evacuate Collection Set: 12.2ms
[2026-01-16T09:24:53.119+0000][gc,phases   ] GC(812)   Merge Heap Roots: 4.0ms
[2026-01-16T09:24:53.123+0000][gc,phases   ] GC(812)   Evacuate Collection Set: 125.8ms
[2026-01-16T09:24:53.126+0000][gc,phases   ] GC(812)   Post Evacuate Collection Set: 6.2ms
[2026-01-16T09:24:53.127+0000][gc,phases   ] GC(812)   Other: 1.9ms
[2026-01-16T09:24:53.128+0000][gc,heap     ] GC(812) Eden regions: 47->0(46)
[2026-01-16T09:24:53.129+0000][gc,heap     ] GC(812) Survivor regions: 4->5(7)
[2026-01-16T09:24:53.130+0000][gc,heap     ] GC(812) Old regions: 89->89
[2026-01-16T09:24:53.132+0000][gc,heap     ] GC(812) Humongous regions: 149->149
[2026-01-16T09:24:53.133+0000][gc,metaspace] GC(812) Metaspace: 15171K(15552K)->15171K(15552K) NonClass: 13439K(13632K)->13439K(13632K) Class: 1731K(1920K)->1731K(1920K)
[2026-01-16T09:24:53.138+0000][gc          ] GC(812) Pause Young (Normal) (G1 Evacuation Pause) 287M->241M(1024M) 184.832ms
[2026-01-16T09:24:53.139+0000][gc,cpu      ] GC(812) User=0.14s Sys=0.01s Real=0.19s
[2026-01-16T09:24:53.515+0000][gc,start    ] GC(813) Pause Young (Normal) (G1 Evacuation Pause)
[2026-01-16T09:24:53.515+0000][gc,task     ] GC(813) Using 8 workers of 8 for evacuation
[2026-01-16T09:24:53.658+0000][gc,phases   ] GC(813)   Pre Evacuate Collection Set: 2.9ms
[2026-01-16T09:24:53.659+0000][gc,phases   ] GC(813)   Merge Heap Roots: 0.3ms
[2026-01-16T09:24:53.660+0000][gc,phases   ] GC(813)   Evacuate Collection Set: 134.8ms
[2026-01-16T09:24:53.666+0000][gc,phases   ] GC(813)   Post Evacuate Collection Set: 4.8ms
[2026-01-16T09:24:53.668+0000][gc,phases   ] GC(813)   Other: 0.3ms
[2026-01-16T09:24:53.668+0000][gc,heap     ] GC(813) Eden regions: 46->0(46)
[2026-01-16T09:24:53.669+0000][gc,heap     ] GC(813) Survivor regions: 5->5(7)
[2026-01-16T09:24:53.670+0000][gc,heap     ] GC(813) Old regions: 89->89
[2026-01-16T09:24:53.670+0000][gc,heap     ] GC(813) Humongous regions: 149->149
[2026-01-16T09:24:53.671+0000][gc,metaspace] GC(813) Metaspace: 15175K(15552K)->15175K(15552K) NonClass: 13444K(13632K)->13444K(13632K) Class: 1731K(1920K)->1731K(1920K)
[2026-01-16T09:24:53.672+0000][gc          ] GC(813) Pause Young (Normal) (G1 Evacuation Pause) 287M->242M(1024M) 156.992ms
[2026-01-16T09:24:53.672+0000][gc,cpu      ] GC(813) User=0.10s Sys=0.01s Real=0.15s
[2026-01-16T09:24:54.383+0000][gc,start    ] GC(814) Pause Young (Normal) (G1 Evacuation Pause)
[2026-01-16T09:24:54.389+0000][gc,task     ] GC(814) Using 8 workers of 8 for evacuation
[2026-01-16T09:24:54.883+0000][gc,mmu      ] GC(814) MMU target violated: 201.0ms (200.0ms/201.0ms)
[2026-01-16T09:24:54.886+0000][gc,phases   ] GC(814)   Pre Evacuate Collection Set: 30.4ms
[2026-01-16T09:24:54.886+0000][gc,phases   ] GC(814)   Merge Heap Roots: 0.8ms
[2026-01-16T09:24:54.887+0000][gc,phases   ] GC(814)   Evacuate Collection Set: 436.2ms
[2026-01-16T09:24:54.887+0000][gc,phases   ] GC(814)   Post Evacuate Collection Set: 23.1ms
[2026-01-16T09:24:54.889+0000][gc,phases   ] GC(814)   Other: 8.7ms
[2026-01-16T09:24:54.889+0000][gc,heap     ] GC(814) Eden regions: 46->0(49)
[2026-01-16T09:24:54.891+0000][gc,heap     ] GC(814) Survivor regions: 5->2(7)
[2026-01-16T09:24:54.892+0000][gc,heap     ] GC(814) Old regions: 89->90
[2026-01-16T09:24:54.894+0000][gc,heap     ] GC(814) Humongous regions: 149->149
[2026-01-16T09:24:54.894+0000][gc,metaspace] GC(814) Metaspace: 15175K(15552K)->15175K(15552K) NonClass: 13444K(13632K)->13444K(13632K) Class: 1731K(1920K)->1731K(1920K)
[2026-01-16T09:24:54.896+0000][gc          ] GC(814) Pause Young (Normal) (G1 Evacuation Pause) 288M->240M(1024M) 512.708ms
[2026-01-16T09:24:54.896+0000][gc,cpu      ] GC(814) User=0.18s Sys=0.01s Real=0.52s
[2026-01-16T09:24:56.336+0000][gc,start    ] GC(815) Pause Young (Normal) (G1 Evacuation Pause)
[2026-01-16T09:24:56.336+0000][gc,task     ] GC(815) Using 8 workers of 8 for evacuation
[2026-01-16T09:24:56.494+0000][gc,phases   ] GC(815)   Pre Evacuate Collection Set: 12.1ms
[2026-01-16T09:24:56.494+0000][gc,phases   ] GC(815)   Merge Heap Roots: 0.8ms
[2026-01-16T09:24:56.494+0000][gc,phases   ] GC(815)   Evacuate Collection Set: 131.8ms
[2026-01-16T09:24:56.495+0000][gc,phases   ] GC(815)   Post Evacuate Collection Set: 12.4ms
[2026-01-16T09:24:56.495+0000][gc,phases   ] GC(815)   Other: 0.7ms
[2026-01-16T09:24:56.495+0000][gc,heap     ] GC(815) Eden regions: 49->0(48)
[2026-01-16T09:24:56.496+0000][gc,heap     ] GC(815) Survivor regions: 2->3(7)
[2026-01-16T09:24:56.496+0000][gc,heap     ] GC(815) Old regions: 90->90
[2026-01-16T09:24:56.496+0000][gc,heap     ] GC(815) Humongous regions: 149->149
[2026-01-16T09:24:56.497+0000][gc,metaspace] GC(815) Metaspace: 15175K(15552K)->15175K(15552K) NonClass: 13444K(13632K)->13444K(13632K) Class: 1731K(1920K)->1731K(1920K)
[2026-01-16T09:24:56.497+0000][gc          ] GC(815) Pause Young (Normal) (G1 Evacuation Pause) 289M->241M(1024M) 161.657ms
[2026-01-16T09:24:56.498+0000][gc,cpu      ] GC(815) User=0.12s Sys=0.00s Real=0.16s
[2026-01-16T09:24:57.478+0000][gc,start    ] GC(816) Pause Young (Normal) (G1 Evacuation Pause)
[2026-01-16T09:24:57.478+0000][gc,task     ] GC(816) Using 8 workers of 8 for evacuation
[2026-01-16T09:24:57.604+0000][gc,phases   ] GC(816)   Pre Evacuate Collection Set: 10.5ms
[2026-01-16T09:24:57.605+0000][gc,phases   ] GC(816)   Merge Heap Roots: 0.5ms
[2026-01-16T09:24:57.605+0000][gc,phases   ] GC(816)   Evacuate Collection Set: 107.2ms
[2026-01-16T09:24:57.606+0000][gc,phases   ] GC(816)   Post Evacuate Collection Set: 6.9ms
[2026-01-16T09:24:57.606+0000][gc,phases   ] GC(816)   Other: 0.6ms
[2026-01-16T09:24:57.607+0000][gc,heap     ] GC(816) Eden regions: 48->0(47)
[2026-01-16T09:24:57.607+0000][gc,heap     ] GC(816) Survivor regions: 3->4(7)
[2026-01-16T09:24:57.608+0000][gc,heap     ] GC(816) Old regions: 90->90
[2026-01-16T09:24:57.608+0000][gc,heap     ] GC(816) Humongous regions: 149->149
[2026-01-16T09:24:57.609+0000][gc,metaspace] GC(816) Metaspace: 15175K(15552K)->15175K(15552K) NonClass: 13444K(13632K)->13444K(13632K) Class: 1731K(1920K)->1731K(1920K)
[2026-01-16T09:24:57.609+0000][gc          ] GC(816) Pause Young (Normal) (G1 Evacuation Pause) 289M->241M(1024M) 131.617ms
[2026-01-16T09:24:57.610+0000][gc,cpu      ] GC(816) User=0.07s Sys=0.00s Real=0.13s
[2026-01-16T09:25:03.091+0000][gc,start    ] GC(817) Pause Young (Normal) (G1 Evacuation Pause)
[2026-01-16T09:25:03.093+0000][gc,task     ] GC(817) Using 8 workers of 8 for evacuation
[2026-01-16T09:25:03.196+0000][gc,phases   ] GC(817)   Pre Evacuate Collection Set: 27.6ms
[2026-01-16T09:25:03.197+0000][gc,phases   ] GC(817)   Merge Heap Roots: 1.4ms
[2026-01-16T09:25:03.197+0000][gc,phases   ] GC(817)   Evacuate Collection Set: 57.4ms
[2026-01-16T09:25:03.198+0000][gc,phases   ] GC(817)   Post Evacuate Collection Set: 15.3ms
[2026-01-16T09:25:03.199+0000][gc,phases   ] GC(817)   Other: 1.3ms
[2026-01-16T09:25:03.199+0000][gc,heap     ] GC(817) Eden regions: 47->0(50)
[2026-01-16T09:25:03.200+0000][gc,heap     ] GC(817) Survivor regions: 4->2(7)
[2026-01-16T09:25:03.200+0000][gc,heap     ] GC(817) Old regions: 90->90
[2026-01-16T09:25:03.200+0000][gc,heap     ] GC(817) Humongous regions: 149->149
[2026-01-16T09:25:03.200+0000][gc,metaspace] GC(817) Metaspace: 15181K(15552K)->15181K(15552K) NonClass: 13449K(13632K)->13449K(13632K) Class: 1731K(1920K)->1731K(1920K)
[2026-01-16T09:25:03.201+0000][gc          ] GC(817) Pause Young (Normal) (G1 Evacuation Pause) 288M->240M(1024M) 109.817ms
[2026-01-16T09:25:03.201+0000][gc,cpu      ] GC(817) User=0.13s Sys=0.02s Real=0.11s
[2026-01-16T09:25:04.387+0000][gc,start    ] GC(818) Pause Young (Normal) (G1 Evacuation Pause)
[2026-01-16T09:25:04.390+0000][gc,task     ] GC(818) Using 8 workers of 8 for evacuation
[2026-01-16T09:25:04.526+0000][gc,phases   ] GC(818)   Pre Evacuate Collection Set: 4.2ms
[2026-01-16T09:25:04.526+0000][gc,phases   ] GC(818)   Merge Heap Roots: 0.6ms
[2026-01-16T09:25:04.531+0000][gc,phases   ] GC(818)   Evacuate Collection Set: 125.5ms
[2026-01-16T09:25:04.533+0000][gc,phases   ] GC(818)   Post Evacuate Collection Set: 4.5ms
[2026-01-16T09:25:04.533+0000][gc,phases   ] GC(818)   Other: 1.9ms
[2026-01-16T09:25:04.534+0000][gc,heap     ] GC(818) Eden regions: 54->0(48)
[2026-01-16T09:25:04.534+0000][gc,heap     ] GC(818) Survivor regions: 2->3(7)
[2026-01-16T09:25:04.534+0000][gc,heap     ] GC(818) Old regions: 90->90
[2026-01-16T09:25:04.535+0000][gc,heap     ] GC(818) Humongous regions: 149->149
[2026-01-16T09:25:04.535+0000][gc,metaspace] GC(818) Metaspace: 15181K(15552K)->15181K(15552K) NonClass: 13449K(13632K)->13449K(13632K) Class: 1731K(1920K)->1731K(1920K)
[2026-01-16T09:25:04.535+0000][gc          ] GC(818) Pause Young (Normal) (G1 Evacuation Pause) 294M->240M(1024M) 148.478ms
[2026-01-16T09:25:04.536+0000][gc,cpu      ] GC(818) User=0.12s Sys=0.00s Real=0.15s
[2026-01-16T09:25:05.081+0000][gc,start    ] GC(819) Pause Young (Normal) (G1 Evacuation Pause)
[2026-01-16T09:25:05.084+0000][gc,task     ] GC(819) Using 8 workers of 8 for evacuation
[2026-01-16T09:25:05.135+0000][gc,phases   ] GC(819)   Pre Evacuate Collection Set: 2.5ms
[2026-01-16T09:25:05.135+0000][gc,phases   ] GC(819)   Merge Heap Roots: 4.1ms
[2026-01-16T09:25:05.136+0000][gc,phases   ] GC(819)   Evacuate Collection Set: 43.0ms
[2026-01-16T09:25:05.137+0000][gc,phases   ] GC(819)   Post Evacuate Collection Set: 0.6ms
[2026-01-16T09:25:05.138+0000][gc,phases   ] GC(819)   Other: 1.0ms
[2026-01-16T09:25:05.138+0000][gc,heap     ] GC(819) Eden regions: 48->0(47)
[2026-01-16T09:25:05.138+0000][gc,heap     ] GC(819) Survivor regions: 3->4(7)
[2026-01-16T09:25:05.139+0000][gc,heap     ] GC(819) Old regions: 90->90
[2026-01-16T09:25:05.139+0000][gc,heap     ] GC(819) Humongous regions: 149->149
[2026-01-16T09:25:05.139+0000][gc,metaspace] GC(819) Metaspace: 15181K(15552K)->15181K(15552K) NonClass: 13449K(13632K)->13449K(13632K) Class: 1731K(1920K)->1731K(1920K)
[2026-01-16T09:25:05.140+0000][gc          ] GC(819) Pause Young (Normal) (G1 Evacuation Pause) 288M->241M(1024M) 58.426ms
[2026-01-16T09:25:05.141+0000][gc,cpu      ] GC(819) User=0.04s Sys=0.01s Real=0.06s
[2026-01-16T09:25:06.159+0000][gc,start    ] GC(820) Pause Young (Normal) (G1 Evacuation Pause)
[2026-01-16T09:25:06.160+0000][gc,task     ] GC(820) Using 8 workers of 8 for evacuation
[2026-01-16T09:25:06.291+0000][gc,phases   ] GC(820)   Pre Evacuate Collection Set: 17.1ms
[2026-01-16T09:25:06.292+0000][gc,phases   ] GC(820)   Merge Heap Roots: 0.4ms
[2026-01-16T09:25:06.295+0000][gc,phases   ] GC(820)   Evacuate Collection Set: 97.7ms
[2026-01-16T09:25:06.296+0000][gc,phases   ] GC(820)   Post Evacuate Collection Set: 12.6ms
[2026-01-16T09:25:06.298+0000][gc,phases   ] GC(820)   Other: 3.0ms
[2026-01-16T09:25:06.299+0000][gc,heap     ] GC(820) Eden regions: 47->0(51)
[2026-01-16T09:25:06.299+0000][gc,heap     ] GC(820) Survivor regions: 4->4(7)
[2026-01-16T09:25:06.300+0000][gc,heap     ] GC(820) Old regions: 90->90
[2026-01-16T09:25:06.300+0000][gc,heap     ] GC(820) Humongous regions: 149->149
[2026-01-16T09:25:06.300+0000][gc,metaspace] GC(820) Metaspace: 15181K(15552K)->15181K(15552K) NonClass: 13449K(13632K)->13449K(13632K) Class: 1731K(1920K)->1731K(1920K)
[2026-01-16T09:25:06.301+0000][gc          ] GC(820) Pause Young (Normal) (G1 Evacuation Pause) 288M->242M(1024M) 142.022ms
[2026-01-16T09:25:06.302+0000][gc,cpu      ] GC(820) User=0.08s Sys=0.00s Real=0.14s
[2026-01-16T09:25:13.671+0000][gc,start    ] GC(821) Pause Young (Normal) (G1 Evacuation Pause)
[2026-01-16T09:25:13.672+0000][gc,task     ] GC(821) Using 8 workers of 8 for evacuation
[2026-01-16T09:25:13.757+0000][gc,phases   ] GC(821)   Pre Evacuate Collection Set: 14.9ms
[2026-01-16T09:25:13.757+0000][gc,phases   ] GC(821)   Merge Heap Roots: 1.9ms
[2026-01-16T09:25:13.758+0000][gc,phases   ] GC(821)   Evacuate Collection Set: 61.9ms
[2026-01-16T09:25:13.758+0000][gc,phases   ] GC(821)   Post Evacuate Collection Set: 4.9ms
[2026-01-16T09:25:13.759+0000][gc,phases   ] GC(821)   Other: 0.9ms
[2026-01-16T09:25:13.759+0000][gc,heap     ] GC(821) Eden regions: 52->0(189)
[2026-01-16T09:25:13.760+0000][gc,heap     ] GC(821) Survivor regions: 4->3(7)
[2026-01-16T09:25:13.760+0000][gc,heap     ] GC(821) Old regions: 90->90
[2026-01-16T09:25:13.760+0000][gc,heap     ] GC(821) Humongous regions: 149->149
[2026-01-16T09:25:13.760+0000][gc,metaspace] GC(821) Metaspace: 15181K(15552K)->15181K(15552K) NonClass: 13449K(13632K)->13449K(13632K) Class: 1731K(1920K)->1731K(1920K)
[2026-01-16T09:25:13.761+0000][gc          ] GC(821) Pause Young (Normal) (G1 Evacuation Pause) 294M->240M(1024M) 89.654ms
[2026-01-16T09:25:13.761+0000][gc,cpu      ] GC(821) User=0.18s Sys=0.01s Real=0.09s
[2026-01-16T09:25:24.024+0000][gc,start    ] GC(822) Pause Young (Normal) (G1 Evacuation Pause)
[2026-01-16T09:25:24.026+0000][gc,task     ] GC(822) Using 8 workers of 8 for evacuation
[2026-01-16T09:25:24.169+0000][gc,phases   ] GC(822)   Pre Evacuate Collection Set: 20.6ms
[2026-01-16T09:25:24.171+0000][gc,phases   ] GC(822)   Merge Heap Roots: 6.1ms
[2026-01-16T09:25:24.172+0000][gc,phases   ] GC(822)   Evacuate Collection Set: 103.7ms
[2026-01-16T09:25:24.172+0000][gc,phases   ] GC(822)   Post Evacuate Collection Set: 11.6ms
[2026-01-16T09:25:24.173+0000][gc,phases   ] GC(822)   Other: 1.1ms
[2026-01-16T09:25:24.176+0000][gc,heap     ] GC(822) Eden regions: 183->0(220)
[2026-01-16T09:25:24.176+0000][gc,heap     ] GC(822) Survivor regions: 3->3(24)
[2026-01-16T09:25:24.177+0000][gc,heap     ] GC(822) Old regions: 90->90
[2026-01-16T09:25:24.177+0000][gc,heap     ] GC(822) Humongous regions: 149->149
[2026-01-16T09:25:24.178+0000][gc,metaspace] GC(822) Metaspace: 15183K(15552K)->15183K(15552K) NonClass: 13451K(13632K)->13451K(13632K) Class: 1731K(1920K)->1731K(1920K)
[2026-01-16T09:25:24.178+0000][gc          ] GC(822) Pause Young (Normal) (G1 Evacuation Pause) 423M->241M(1024M) 155.409ms
[2026-01-16T09:25:24.179+0000][gc,cpu      ] GC(822) User=0.25s Sys=0.02s Real=0.16s
[2026-01-16T09:25:34.196+0000][gc,start    ] GC(823) Pause Young (Normal) (G1 Evacuation Pause)
[2026-01-16T09:25:34.199+0000][gc,task     ] GC(823) Using 8 workers of 8 for evacuation
[2026-01-16T09:25:34.349+0000][gc,phases   ] GC(823)   Pre Evacuate Collection Set: 22.3ms
[2026-01-16T09:25:34.350+0000][gc,phases   ] GC(823)   Merge Heap Roots: 2.1ms
[2026-01-16T09:25:34.350+0000][gc,phases   ] GC(823)   Evacuate Collection Set: 108.9ms
[2026-01-16T09:25:34.350+0000][gc,phases   ] GC(823)   Post Evacuate Collection Set: 14.9ms
[2026-01-16T09:25:34.351+0000][gc,phases   ] GC(823)   Other: 2.7ms
[2026-01-16T09:25:34.352+0000][gc,heap     ] GC(823) Eden regions: 211->0(227)
[2026-01-16T09:25:34.353+0000][gc,heap     ] GC(823) Survivor regions: 3->4(27)
[2026-01-16T09:25:34.354+0000][gc,heap     ] GC(823) Old regions: 90->90
[2026-01-16T09:25:34.355+0000][gc,heap     ] GC(823) Humongous regions: 149->149
[2026-01-16T09:25:34.356+0000][gc,metaspace] GC(823) Metaspace: 15189K(15552K)->15189K(15552K) NonClass: 13457K(13632K)->13457K(13632K) Class: 1731K(1920K)->1731K(1920K)
[2026-01-16T09:25:34.356+0000][gc          ] GC(823) Pause Young (Normal) (G1 Evacuation Pause) 452M->241M(1024M) 160.473ms
[2026-01-16T09:25:34.359+0000][gc,cpu      ] GC(823) User=0.31s Sys=0.03s Real=0.17s
[2026-01-16T09:25:50.234+0000][gc,start    ] GC(824) Pause Young (Normal) (G1 Evacuation Pause)
[2026-01-16T09:25:50.235+0000][gc,task     ] GC(824) Using 8 workers of 8 for evacuation
[2026-01-16T09:25:51.411+0000][gc,mmu      ] GC(824) MMU target violated: 201.0ms (200.0ms/201.0ms)
[2026-01-16T09:25:51.411+0000][gc,phases   ] GC(824)   Pre Evacuate Collection Set: 105.3ms
[2026-01-16T09:25:51.412+0000][gc,phases   ] GC(824)   Merge Heap Roots: 9.8ms
[2026-01-16T09:25:51.413+0000][gc,phases   ] GC(824)   Evacuate Collection Set: 981.8ms
[2026-01-16T09:25:51.417+0000][gc,phases   ] GC(824)   Post Evacuate Collection Set: 68.0ms
[2026-01-16T09:25:51.420+0000][gc,phases   ] GC(824)   Other: 11.8ms
[2026-01-16T09:25:51.420+0000][gc,heap     ] GC(824) Eden regions: 217->0(46)
[2026-01-16T09:25:51.420+0000][gc,heap     ] GC(824) Survivor regions: 4->5(28)
[2026-01-16T09:25:51.421+0000][gc,heap     ] GC(824) Old regions: 90->90
[2026-01-16T09:25:51.421+0000][gc,heap     ] GC(824) Humongous regions: 149->149
[2026-01-16T09:25:51.421+0000][gc,metaspace] GC(824) Metaspace: 15193K(15552K)->15193K(15552K) NonClass: 13461K(13632K)->13461K(13632K) Class: 1731K(1920K)->1731K(1920K)
[2026-01-16T09:25:51.422+0000][gc          ] GC(824) Pause Young (Normal) (G1 Evacuation Pause) 458M->242M(1024M) 1187.616ms
[2026-01-16T09:25:51.422+0000][gc,cpu      ] GC(824) User=0.75s Sys=0.04s Real=1.19s
[2026-01-16T09:25:54.351+0000][gc,start    ] GC(825) Pause Young (Normal) (G1 Evacuation Pause)
[2026-01-16T09:25:54.353+0000][gc,task     ] GC(825) Using 8 workers of 8 for evacuation
[2026-01-16T09:25:55.027+0000][gc,mmu      ] GC(825) MMU target violated: 201.0ms (200.0ms/201.0ms)
[2026-01-16T09:25:55.034+0000][gc,phases   ] GC(825)   Pre Evacuate Collection Set: 53.3ms
[2026-01-16T09:25:55.034+0000][gc,phases   ] GC(825)   Merge Heap Roots: 9.5ms
[2026-01-16T09:25:55.035+0000][gc,phases   ] GC(825)   Evacuate Collection Set: 501.5ms
[2026-01-16T09:25:55.035+0000][gc,phases   ] GC(825)   Post Evacuate Collection Set: 109.3ms
[2026-01-16T09:25:55.036+0000][gc,phases   ] GC(825)   Other: 7.6ms
[2026-01-16T09:25:55.036+0000][gc,heap     ] GC(825) Eden regions: 46->0(46)
[2026-01-16T09:25:55.036+0000][gc,heap     ] GC(825) Survivor regions: 5->5(7)
[2026-01-16T09:25:55.037+0000][gc,heap     ] GC(825) Old regions: 90->91
[2026-01-16T09:25:55.039+0000][gc,heap     ] GC(825) Humongous regions: 149->149
[2026-01-16T09:25:55.041+0000][gc,metaspace] GC(825) Metaspace: 15193K(15552K)->15193K(15552K) NonClass: 13462K(13632K)->13462K(13632K) Class: 1731K(1920K)->1731K(1920K)
[2026-01-16T09:25:55.041+0000][gc          ] GC(825) Pause Young (Normal) (G1 Evacuation Pause) 288M->243M(1024M) 689.783ms
[2026-01-16T09:25:55.045+0000][gc,cpu      ] GC(825) User=0.33s Sys=0.03s Real=0.70s
[2026-01-16T09:25:58.860+0000][gc,start    ] GC(826) Pause Young (Normal) (G1 Evacuation Pause)
[2026-01-16T09:25:58.862+0000][gc,task     ] GC(826) Using 8 workers of 8 for evacuation
[2026-01-16T09:26:00.001+0000][gc,mmu      ] GC(826) MMU target violated: 201.0ms (200.0ms/201.0ms)
[2026-01-16T09:26:00.008+0000][gc,phases   ] GC(826)   Pre Evacuate Collection Set: 102.0ms
[2026-01-16T09:26:00.010+0000][gc,phases   ] GC(826)   Merge Heap Roots: 19.1ms
[2026-01-16T09:26:00.010+0000][gc,phases   ] GC(826)   Evacuate Collection Set: 877.5ms
[2026-01-16T09:26:00.013+0000][gc,phases   ] GC(826)   Post Evacuate Collection Set: 125.5ms
[2026-01-16T09:26:00.018+0000][gc,phases   ] GC(826)   Other: 22.0ms
[2026-01-16T09:26:00.021+0000][gc,heap     ] GC(826) Eden regions: 46->0(47)
[2026-01-16T09:26:00.024+0000][gc,heap     ] GC(826) Survivor regions: 5->4(7)
[2026-01-16T09:26:00.027+0000][gc,heap     ] GC(826) Old regions: 91->91
[2026-01-16T09:26:00.028+0000][gc,heap     ] GC(826) Humongous regions: 149->149
[2026-01-16T09:26:00.029+0000][gc,metaspace] GC(826) Metaspace: 15193K(15552K)->15193K(15552K) NonClass: 13462K(13632K)->13462K(13632K) Class: 1731K(1920K)->1731K(1920K)
[2026-01-16T09:26:00.036+0000][gc          ] GC(826) Pause Young (Normal) (G1 Evacuation Pause) 289M->243M(1024M) 1180.604ms
[2026-01-16T09:26:00.042+0000][gc,cpu      ] GC(826) User=0.50s Sys=0.09s Real=1.18s
[2026-01-16T09:26:02.891+0000][gc,start    ] GC(827) Pause Young (Normal) (G1 Evacuation Pause)
[2026-01-16T09:26:02.901+0000][gc,task     ] GC(827) Using 8 workers of 8 for evacuation
[2026-01-16T09:26:03.377+0000][gc,mmu      ] GC(827) MMU target violated: 201.0ms (200.0ms/201.0ms)
[2026-01-16T09:26:03.378+0000][gc,phases   ] GC(827)   Pre Evacuate Collection Set: 65.6ms
[2026-01-16T09:26:03.380+0000][gc,phases   ] GC(827)   Merge Heap Roots: 2.8ms
[2026-01-16T09:26:03.381+0000][gc,phases   ] GC(827)   Evacuate Collection Set: 370.7ms
[2026-01-16T09:26:03.382+0000][gc,phases   ] GC(827)   Post Evacuate Collection Set: 34.7ms
[2026-01-16T09:26:03.384+0000][gc,phases   ] GC(827)   Other: 3.2ms
[2026-01-16T09:26:03.384+0000][gc,heap     ] GC(827) Eden regions: 47->0(46)
[2026-01-16T09:26:03.385+0000][gc,heap     ] GC(827) Survivor regions: 4->5(7)
[2026-01-16T09:26:03.385+0000][gc,heap     ] GC(827) Old regions: 91->91
[2026-01-16T09:26:03.385+0000][gc,heap     ] GC(827) Humongous regions: 149->149
[2026-01-16T09:26:03.385+0000][gc,metaspace] GC(827) Metaspace: 15193K(15552K)->15193K(15552K) NonClass: 13462K(13632K)->13462K(13632K) Class: 1731K(1920K)->1731K(1920K)
[2026-01-16T09:26:03.386+0000][gc          ] GC(827) Pause Young (Normal) (G1 Evacuation Pause) 290M->243M(1024M) 494.899ms
[2026-01-16T09:26:03.386+0000][gc,cpu      ] GC(827) User=0.32s Sys=0.03s Real=0.50s
[2026-01-16T09:26:05.388+0000][gc,start    ] GC(828) Pause Young (Normal) (G1 Evacuation Pause)
[2026-01-16T09:26:05.403+0000][gc,task     ] GC(828) Using 8 workers of 8 for evacuation
[2026-01-16T09:26:06.114+0000][gc,mmu      ] GC(828) MMU target violated: 201.0ms (200.0ms/201.0ms)
[2026-01-16T09:26:06.116+0000][gc,phases   ] GC(828)   Pre Evacuate Collection Set: 181.0ms
[2026-01-16T09:26:06.117+0000][gc,phases   ] GC(828)   Merge Heap Roots: 40.4ms
[2026-01-16T09:26:06.117+0000][gc,phases   ] GC(828)   Evacuate Collection Set: 338.8ms
[2026-01-16T09:26:06.117+0000][gc,phases   ] GC(828)   Post Evacuate Collection Set: 140.4ms
[2026-01-16T09:26:06.118+0000][gc,phases   ] GC(828)   Other: 13.3ms
[2026-01-16T09:26:06.120+0000][gc,heap     ] GC(828) Eden regions: 46->0(48)
[2026-01-16T09:26:06.121+0000][gc,heap     ] GC(828) Survivor regions: 5->3(7)
[2026-01-16T09:26:06.124+0000][gc,heap     ] GC(828) Old regions: 91->91
[2026-01-16T09:26:06.133+0000][gc,heap     ] GC(828) Humongous regions: 149->149
[2026-01-16T09:26:06.133+0000][gc,metaspace] GC(828) Metaspace: 15194K(15552K)->15194K(15552K) NonClass: 13462K(13632K)->13462K(13632K) Class: 1731K(1920K)->1731K(1920K)
[2026-01-16T09:26:06.135+0000][gc          ] GC(828) Pause Young (Normal) (G1 Evacuation Pause) 289M->242M(1024M) 748.068ms
[2026-01-16T09:26:06.137+0000][gc,cpu      ] GC(828) User=0.31s Sys=0.06s Real=0.76s
[2026-01-16T09:26:09.072+0000][gc,start    ] GC(829) Pause Young (Normal) (G1 Evacuation Pause)
[2026-01-16T09:26:09.109+0000][gc,task     ] GC(829) Using 8 workers of 8 for evacuation
[2026-01-16T09:26:09.665+0000][gc,mmu      ] GC(829) MMU target violated: 201.0ms (200.0ms/201.0ms)
[2026-01-16T09:26:09.666+0000][gc,phases   ] GC(829)   Pre Evacuate Collection Set: 63.9ms
[2026-01-16T09:26:09.667+0000][gc,phases   ] GC(829)   Merge Heap Roots: 4.1ms
[2026-01-16T09:26:09.668+0000][gc,phases   ] GC(829)   Evacuate Collection Set: 443.5ms
[2026-01-16T09:26:09.669+0000][gc,phases   ] GC(829)   Post Evacuate Collection Set: 23.7ms
[2026-01-16T09:26:09.669+0000][gc,phases   ] GC(829)   Other: 28.3ms
[2026-01-16T09:26:09.672+0000][gc,heap     ] GC(829) Eden regions: 48->0(47)
[2026-01-16T09:26:09.672+0000][gc,heap     ] GC(829) Survivor regions: 3->4(7)
[2026-01-16T09:26:09.673+0000][gc,heap     ] GC(829) Old regions: 91->91
[2026-01-16T09:26:09.673+0000][gc,heap     ] GC(829) Humongous regions: 149->149
[2026-01-16T09:26:09.674+0000][gc,metaspace] GC(829) Metaspace: 15194K(15552K)->15194K(15552K) NonClass: 13462K(13632K)->13462K(13632K) Class: 1731K(1920K)->1731K(1920K)
[2026-01-16T09:26:09.675+0000][gc          ] GC(829) Pause Young (Normal) (G1 Evacuation Pause) 290M->242M(1024M) 602.814ms
[2026-01-16T09:26:09.675+0000][gc,cpu      ] GC(829) User=0.25s Sys=0.03s Real=0.60s
[2026-01-16T09:26:14.210+0000][gc,start    ] GC(830) Pause Young (Normal) (G1 Evacuation Pause)
[2026-01-16T09:26:14.235+0000][gc,task     ] GC(830) Using 8 workers of 8 for evacuation
[2026-01-16T09:26:14.848+0000][gc,mmu      ] GC(830) MMU target violated: 201.0ms (200.0ms/201.0ms)
[2026-01-16T09:26:14.849+0000][gc,phases   ] GC(830)   Pre Evacuate Collection Set: 84.3ms
[2026-01-16T09:26:14.854+0000][gc,phases   ] GC(830)   Merge Heap Roots: 26.9ms
[2026-01-16T09:26:14.857+0000][gc,phases   ] GC(830)   Evacuate Collection Set: 486.3ms
[2026-01-16T09:26:14.857+0000][gc,phases   ] GC(830)   Post Evacuate Collection Set: 12.7ms
[2026-01-16T09:26:14.857+0000][gc,phases   ] GC(830)   Other: 4.2ms
[2026-01-16T09:26:14.857+0000][gc,heap     ] GC(830) Eden regions: 47->0(47)
[2026-01-16T09:26:14.857+0000][gc,heap     ] GC(830) Survivor regions: 4->4(7)
[2026-01-16T09:26:14.857+0000][gc,heap     ] GC(830) Old regions: 91->91
[2026-01-16T09:26:14.857+0000][gc,heap     ] GC(830) Humongous regions: 149->149
[2026-01-16T09:26:14.857+0000][gc,metaspace] GC(830) Metaspace: 15200K(15552K)->15200K(15552K) NonClass: 13468K(13632K)->13468K(13632K) Class: 1731K(1920K)->1731K(1920K)
[2026-01-16T09:26:14.857+0000][gc          ] GC(830) Pause Young (Normal) (G1 Evacuation Pause) 289M->243M(1024M) 647.027ms
[2026-01-16T09:26:14.857+0000][gc,cpu      ] GC(830) User=0.29s Sys=0.02s Real=0.65s
[2026-01-16T09:26:17.134+0000][gc,start    ] GC(831) Pause Young (Normal) (G1 Evacuation Pause)
[2026-01-16T09:26:17.151+0000][gc,task     ] GC(831) Using 8 workers of 8 for evacuation
[2026-01-16T09:26:17.702+0000][gc,mmu      ] GC(831) MMU target violated: 201.0ms (200.0ms/201.0ms)
[2026-01-16T09:26:17.707+0000][gc,phases   ] GC(831)   Pre Evacuate Collection Set: 81.0ms
[2026-01-16T09:26:17.708+0000][gc,phases   ] GC(831)   Merge Heap Roots: 17.8ms
[2026-01-16T09:26:17.710+0000][gc,phases   ] GC(831)   Evacuate Collection Set: 365.2ms
[2026-01-16T09:26:17.712+0000][gc,phases   ] GC(831)   Post Evacuate Collection Set: 78.7ms
[2026-01-16T09:26:17.713+0000][gc,phases   ] GC(831)   Other: 26.7ms
[2026-01-16T09:26:17.715+0000][gc,heap     ] GC(831) Eden regions: 47->0(46)
[2026-01-16T09:26:17.715+0000][gc,heap     ] GC(831) Survivor regions: 4->5(7)
[2026-01-16T09:26:17.715+0000][gc,heap     ] GC(831) Old regions: 91->91
[2026-01-16T09:26:17.715+0000][gc,heap     ] GC(831) Humongous regions: 149->149
[2026-01-16T09:26:17.717+0000][gc,metaspace] GC(831) Metaspace: 15200K(15552K)->15200K(15552K) NonClass: 13468K(13632K)->13468K(13632K) Class: 1731K(1920K)->1731K(1920K)
[2026-01-16T09:26:17.718+0000][gc          ] GC(831) Pause Young (Normal) (G1 Evacuation Pause) 290M->244M(1024M) 584.317ms
[2026-01-16T09:26:17.719+0000][gc,cpu      ] GC(831) User=0.39s Sys=0.03s Real=0.58s
[2026-01-16T09:26:20.039+0000][gc,start    ] GC(832) Pause Young (Normal) (G1 Evacuation Pause)
[2026-01-16T09:26:20.044+0000][gc,task     ] GC(832) Using 8 workers of 8 for evacuation
[2026-01-16T09:26:20.568+0000][gc,mmu      ] GC(832) MMU target violated: 201.0ms (200.0ms/201.0ms)
[2026-01-16T09:26:20.569+0000][gc,phases   ] GC(832)   Pre Evacuate Collection Set: 42.7ms
[2026-01-16T09:26:20.570+0000][gc,phases   ] GC(832)   Merge Heap Roots: 11.5ms
[2026-01-16T09:26:20.570+0000][gc,phases   ] GC(832)   Evacuate Collection Set: 335.3ms
[2026-01-16T09:26:20.570+0000][gc,phases   ] GC(832)   Post Evacuate Collection Set: 121.4ms
[2026-01-16T09:26:20.571+0000][gc,phases   ] GC(832)   Other: 13.6ms
[2026-01-16T09:26:20.574+0000][gc,heap     ] GC(832) Eden regions: 46->0(46)
[2026-01-16T09:26:20.574+0000][gc,heap     ] GC(832) Survivor regions: 5->5(7)
[2026-01-16T09:26:20.574+0000][gc,heap     ] GC(832) Old regions: 91->92
[2026-01-16T09:26:20.574+0000][gc,heap     ] GC(832) Humongous regions: 149->149
[2026-01-16T09:26:20.574+0000][gc,metaspace] GC(832) Metaspace: 15200K(15552K)->15200K(15552K) NonClass: 13468K(13632K)->13468K(13632K) Class: 1731K(1920K)->1731K(1920K)
[2026-01-16T09:26:20.574+0000][gc          ] GC(832) Pause Young (Normal) (G1 Evacuation Pause) 290M->245M(1024M) 535.318ms
[2026-01-16T09:26:20.575+0000][gc,cpu      ] GC(832) User=0.31s Sys=0.02s Real=0.54s
[2026-01-16T09:26:22.215+0000][gc,start    ] GC(833) Pause Young (Normal) (G1 Evacuation Pause)
[2026-01-16T09:26:22.218+0000][gc,task     ] GC(833) Using 8 workers of 8 for evacuation
[2026-01-16T09:26:23.095+0000][gc,mmu      ] GC(833) MMU target violated: 201.0ms (200.0ms/201.0ms)
[2026-01-16T09:26:23.099+0000][gc,phases   ] GC(833)   Pre Evacuate Collection Set: 30.6ms
[2026-01-16T09:26:23.099+0000][gc,phases   ] GC(833)   Merge Heap Roots: 16.3ms
[2026-01-16T09:26:23.100+0000][gc,phases   ] GC(833)   Evacuate Collection Set: 680.5ms
[2026-01-16T09:26:23.100+0000][gc,phases   ] GC(833)   Post Evacuate Collection Set: 144.1ms
[2026-01-16T09:26:23.100+0000][gc,phases   ] GC(833)   Other: 10.8ms
[2026-01-16T09:26:23.100+0000][gc,heap     ] GC(833) Eden regions: 46->0(46)
[2026-01-16T09:26:23.101+0000][gc,heap     ] GC(833) Survivor regions: 5->5(7)
[2026-01-16T09:26:23.101+0000][gc,heap     ] GC(833) Old regions: 92->93
[2026-01-16T09:26:23.101+0000][gc,heap     ] GC(833) Humongous regions: 149->149
[2026-01-16T09:26:23.101+0000][gc,metaspace] GC(833) Metaspace: 15200K(15552K)->15200K(15552K) NonClass: 13468K(13632K)->13468K(13632K) Class: 1731K(1920K)->1731K(1920K)
[2026-01-16T09:26:23.102+0000][gc          ] GC(833) Pause Young (Normal) (G1 Evacuation Pause) 291M->245M(1024M) 886.722ms
[2026-01-16T09:26:23.102+0000][gc,cpu      ] GC(833) User=0.45s Sys=0.05s Real=0.89s
[2026-01-16T09:26:24.412+0000][gc,start    ] GC(834) Pause Young (Normal) (G1 Evacuation Pause)
[2026-01-16T09:26:24.414+0000][gc,task     ] GC(834) Using 8 workers of 8 for evacuation
[2026-01-16T09:26:24.788+0000][gc,mmu      ] GC(834) MMU target violated: 201.0ms (200.0ms/201.0ms)
[2026-01-16T09:26:24.788+0000][gc,phases   ] GC(834)   Pre Evacuate Collection Set: 44.5ms
[2026-01-16T09:26:24.789+0000][gc,phases   ] GC(834)   Merge Heap Roots: 4.4ms
[2026-01-16T09:26:24.789+0000][gc,phases   ] GC(834)   Evacuate Collection Set: 311.1ms
[2026-01-16T09:26:24.789+0000][gc,phases   ] GC(834)   Post Evacuate Collection Set: 7.4ms
[2026-01-16T09:26:24.790+0000][gc,phases   ] GC(834)   Other: 6.8ms
[2026-01-16T09:26:24.790+0000][gc,heap     ] GC(834) Eden regions: 46->0(47)
[2026-01-16T09:26:24.791+0000][gc,heap     ] GC(834) Survivor regions: 5->4(7)
[2026-01-16T09:26:24.791+0000][gc,heap     ] GC(834) Old regions: 93->94
[2026-01-16T09:26:24.791+0000][gc,heap     ] GC(834) Humongous regions: 149->149
[2026-01-16T09:26:24.791+0000][gc,metaspace] GC(834) Metaspace: 15200K(15552K)->15200K(15552K) NonClass: 13468K(13632K)->13468K(13632K) Class: 1731K(1920K)->1731K(1920K)
[2026-01-16T09:26:24.792+0000][gc          ] GC(834) Pause Young (Normal) (G1 Evacuation Pause) 291M->246M(1024M) 379.958ms
[2026-01-16T09:26:24.792+0000][gc,cpu      ] GC(834) User=0.25s Sys=0.02s Real=0.38s
[2026-01-16T09:26:27.064+0000][gc,start    ] GC(835) Pause Young (Normal) (G1 Evacuation Pause)
[2026-01-16T09:26:27.067+0000][gc,task     ] GC(835) Using 8 workers of 8 for evacuation
[2026-01-16T09:26:27.520+0000][gc,mmu      ] GC(835) MMU target violated: 201.0ms (200.0ms/201.0ms)
[2026-01-16T09:26:27.521+0000][gc,phases   ] GC(835)   Pre Evacuate Collection Set: 105.5ms
[2026-01-16T09:26:27.521+0000][gc,phases   ] GC(835)   Merge Heap Roots: 4.5ms
[2026-01-16T09:26:27.521+0000][gc,phases   ] GC(835)   Evacuate Collection Set: 323.5ms
[2026-01-16T09:26:27.522+0000][gc,phases   ] GC(835)   Post Evacuate Collection Set: 17.1ms
[2026-01-16T09:26:27.523+0000][gc,phases   ] GC(835)   Other: 3.1ms
[2026-01-16T09:26:27.524+0000][gc,heap     ] GC(835) Eden regions: 47->0(47)
[2026-01-16T09:26:27.526+0000][gc,heap     ] GC(835) Survivor regions: 4->4(7)
[2026-01-16T09:26:27.528+0000][gc,heap     ] GC(835) Old regions: 94->95
[2026-01-16T09:26:27.528+0000][gc,heap     ] GC(835) Humongous regions: 149->149
[2026-01-16T09:26:27.528+0000][gc,metaspace] GC(835) Metaspace: 15209K(15552K)->15209K(15552K) NonClass: 13477K(13632K)->13477K(13632K) Class: 1731K(1920K)->1731K(1920K)
[2026-01-16T09:26:27.529+0000][gc          ] GC(835) Pause Young (Normal) (G1 Evacuation Pause) 293M->247M(1024M) 465.075ms
[2026-01-16T09:26:27.529+0000][gc,cpu      ] GC(835) User=0.30s Sys=0.02s Real=0.46s
[2026-01-16T09:26:29.656+0000][gc,start    ] GC(836) Pause Young (Normal) (G1 Evacuation Pause)
[2026-01-16T09:26:29.659+0000][gc,task     ] GC(836) Using 8 workers of 8 for evacuation
[2026-01-16T09:26:30.498+0000][gc,mmu      ] GC(836) MMU target violated: 201.0ms (200.0ms/201.0ms)
[2026-01-16T09:26:30.501+0000][gc,phases   ] GC(836)   Pre Evacuate Collection Set: 76.7ms
[2026-01-16T09:26:30.508+0000][gc,phases   ] GC(836)   Merge Heap Roots: 15.8ms
[2026-01-16T09:26:30.511+0000][gc,phases   ] GC(836)   Evacuate Collection Set: 656.1ms
[2026-01-16T09:26:30.513+0000][gc,phases   ] GC(836)   Post Evacuate Collection Set: 83.3ms
[2026-01-16T09:26:30.513+0000][gc,phases   ] GC(836)   Other: 11.1ms
[2026-01-16T09:26:30.516+0000][gc,heap     ] GC(836) Eden regions: 47->0(46)
[2026-01-16T09:26:30.519+0000][gc,heap     ] GC(836) Survivor regions: 4->5(7)
[2026-01-16T09:26:30.522+0000][gc,heap     ] GC(836) Old regions: 95->95
[2026-01-16T09:26:30.523+0000][gc,heap     ] GC(836) Humongous regions: 149->149
[2026-01-16T09:26:30.526+0000][gc,metaspace] GC(836) Metaspace: 15209K(15552K)->15209K(15552K) NonClass: 13477K(13632K)->13477K(13632K) Class: 1731K(1920K)->1731K(1920K)
[2026-01-16T09:26:30.559+0000][gc          ] GC(836) Pause Young (Normal) (G1 Evacuation Pause) 294M->247M(1024M) 902.139ms
[2026-01-16T09:26:30.559+0000][gc,cpu      ] GC(836) User=0.45s Sys=0.03s Real=0.90s
[2026-01-16T09:26:36.073+0000][gc,start    ] GC(837) Pause Young (Normal) (G1 Evacuation Pause)
[2026-01-16T09:26:36.079+0000][gc,task     ] GC(837) Using 8 workers of 8 for evacuation
[2026-01-16T09:26:37.197+0000][gc,mmu      ] GC(837) MMU target violated: 201.0ms (200.0ms/201.0ms)
[2026-01-16T09:26:37.200+0000][gc,phases   ] GC(837)   Pre Evacuate Collection Set: 67.6ms
[2026-01-16T09:26:37.200+0000][gc,phases   ] GC(837)   Merge Heap Roots: 50.3ms
[2026-01-16T09:26:37.201+0000][gc,phases   ] GC(837)   Evacuate Collection Set: 922.7ms
[2026-01-16T09:26:37.204+0000][gc,phases   ] GC(837)   Post Evacuate Collection Set: 69.8ms
[2026-01-16T09:26:37.205+0000][gc,phases   ] GC(837)   Other: 11.0ms
[2026-01-16T09:26:37.208+0000][gc,heap     ] GC(837) Eden regions: 46->0(45)
[2026-01-16T09:26:37.211+0000][gc,heap     ] GC(837) Survivor regions: 5->6(7)
[2026-01-16T09:26:37.213+0000][gc,heap     ] GC(837) Old regions: 95->96
[2026-01-16T09:26:37.213+0000][gc,heap     ] GC(837) Humongous regions: 149->149
[2026-01-16T09:26:37.213+0000][gc,metaspace] GC(837) Metaspace: 15209K(15552K)->15209K(15552K) NonClass: 13477K(13632K)->13477K(13632K) Class: 1731K(1920K)->1731K(1920K)
[2026-01-16T09:26:37.214+0000][gc          ] GC(837) Pause Young (Normal) (G1 Evacuation Pause) 293M->249M(1024M) 1142.227ms
[2026-01-16T09:26:37.215+0000][gc,cpu      ] GC(837) User=0.60s Sys=0.03s Real=1.14s
[2026-01-16T09:26:39.919+0000][gc,start    ] GC(838) Pause Young (Normal) (G1 Evacuation Pause)
[2026-01-16T09:26:39.922+0000][gc,task     ] GC(838) Using 8 workers of 8 for evacuation
[2026-01-16T09:26:40.994+0000][gc,mmu      ] GC(838) MMU target violated: 201.0ms (200.0ms/201.0ms)
[2026-01-16T09:26:40.997+0000][gc,phases   ] GC(838)   Pre Evacuate Collection Set: 69.9ms
[2026-01-16T09:26:41.000+0000][gc,phases   ] GC(838)   Merge Heap Roots: 3.4ms
[2026-01-16T09:26:41.004+0000][gc,phases   ] GC(838)   Evacuate Collection Set: 871.7ms
[2026-01-16T09:26:41.008+0000][gc,phases   ] GC(838)   Post Evacuate Collection Set: 113.4ms
[2026-01-16T09:26:41.009+0000][gc,phases   ] GC(838)   Other: 17.5ms
[2026-01-16T09:26:41.011+0000][gc,heap     ] GC(838) Eden regions: 45->0(47)
[2026-01-16T09:26:41.011+0000][gc,heap     ] GC(838) Survivor regions: 6->4(7)
[2026-01-16T09:26:41.011+0000][gc,heap     ] GC(838) Old regions: 96->98
[2026-01-16T09:26:41.013+0000][gc,heap     ] GC(838) Humongous regions: 149->149
[2026-01-16T09:26:41.018+0000][gc,metaspace] GC(838) Metaspace: 15209K(15552K)->15209K(15552K) NonClass: 13477K(13632K)->13477K(13632K) Class: 1731K(1920K)->1731K(1920K)
[2026-01-16T09:26:41.019+0000][gc          ] GC(838) Pause Young (Normal) (G1 Evacuation Pause) 294M->249M(1024M) 1115.522ms
[2026-01-16T09:26:41.023+0000][gc,cpu      ] GC(838) User=0.48s Sys=0.06s Real=1.12s
[2026-01-16T09:26:45.857+0000][gc,start    ] GC(839) Pause Young (Normal) (G1 Evacuation Pause)
[2026-01-16T09:26:45.884+0000][gc,task     ] GC(839) Using 8 workers of 8 for evacuation
[2026-01-16T09:26:47.635+0000][gc,mmu      ] GC(839) MMU target violated: 201.0ms (200.0ms/201.0ms)
[2026-01-16T09:26:47.636+0000][gc,phases   ] GC(839)   Pre Evacuate Collection Set: 80.1ms
[2026-01-16T09:26:47.641+0000][gc,phases   ] GC(839)   Merge Heap Roots: 1218.2ms
[2026-01-16T09:26:47.643+0000][gc,phases   ] GC(839)   Evacuate Collection Set: 415.3ms
[2026-01-16T09:26:47.643+0000][gc,phases   ] GC(839)   Post Evacuate Collection Set: 29.0ms
[2026-01-16T09:26:47.644+0000][gc,phases   ] GC(839)   Other: 33.4ms
[2026-01-16T09:26:47.644+0000][gc,heap     ] GC(839) Eden regions: 47->0(46)
[2026-01-16T09:26:47.648+0000][gc,heap     ] GC(839) Survivor regions: 4->5(7)
[2026-01-16T09:26:47.656+0000][gc,heap     ] GC(839) Old regions: 98->98
[2026-01-16T09:26:47.656+0000][gc,heap     ] GC(839) Humongous regions: 149->149
[2026-01-16T09:26:47.657+0000][gc,metaspace] GC(839) Metaspace: 15212K(15552K)->15212K(15552K) NonClass: 13481K(13632K)->13481K(13632K) Class: 1731K(1920K)->1731K(1920K)
[2026-01-16T09:26:47.657+0000][gc          ] GC(839) Pause Young (Normal) (G1 Evacuation Pause) 296M->250M(1024M) 1800.311ms
[2026-01-16T09:26:47.658+0000][gc,cpu      ] GC(839) User=0.48s Sys=0.04s Real=1.80s
[2026-01-16T09:26:50.110+0000][gc,start    ] GC(840) Pause Young (Normal) (G1 Evacuation Pause)
[2026-01-16T09:26:50.116+0000][gc,task     ] GC(840) Using 8 workers of 8 for evacuation
[2026-01-16T09:26:50.360+0000][gc,mmu      ] GC(840) MMU target violated: 201.0ms (200.0ms/201.0ms)
[2026-01-16T09:26:50.360+0000][gc,phases   ] GC(840)   Pre Evacuate Collection Set: 45.7ms
[2026-01-16T09:26:50.361+0000][gc,phases   ] GC(840)   Merge Heap Roots: 4.8ms
[2026-01-16T09:26:50.361+0000][gc,phases   ] GC(840)   Evacuate Collection Set: 182.7ms
[2026-01-16T09:26:50.361+0000][gc,phases   ] GC(840)   Post Evacuate Collection Set: 9.9ms
[2026-01-16T09:26:50.362+0000][gc,phases   ] GC(840)   Other: 1.4ms
[2026-01-16T09:26:50.365+0000][gc,heap     ] GC(840) Eden regions: 46->0(47)
[2026-01-16T09:26:50.367+0000][gc,heap     ] GC(840) Survivor regions: 5->4(7)
[2026-01-16T09:26:50.368+0000][gc,heap     ] GC(840) Old regions: 98->99
[2026-01-16T09:26:50.373+0000][gc,heap     ] GC(840) Humongous regions: 149->149
[2026-01-16T09:26:50.373+0000][gc,metaspace] GC(840) Metaspace: 15212K(15552K)->15212K(15552K) NonClass: 13481K(13632K)->13481K(13632K) Class: 1731K(1920K)->1731K(1920K)
[2026-01-16T09:26:50.373+0000][gc          ] GC(840) Pause Young (Normal) (G1 Evacuation Pause) 296M->250M(1024M) 262.990ms
[2026-01-16T09:26:50.374+0000][gc,cpu      ] GC(840) User=0.24s Sys=0.01s Real=0.27s
[2026-01-16T09:26:51.321+0000][gc,start    ] GC(841) Pause Young (Normal) (G1 Evacuation Pause)
[2026-01-16T09:26:51.323+0000][gc,task     ] GC(841) Using 8 workers of 8 for evacuation
[2026-01-16T09:26:51.465+0000][gc,phases   ] GC(841)   Pre Evacuate Collection Set: 14.1ms
[2026-01-16T09:26:51.467+0000][gc,phases   ] GC(841)   Merge Heap Roots: 1.5ms
[2026-01-16T09:26:51.467+0000][gc,phases   ] GC(841)   Evacuate Collection Set: 117.9ms
[2026-01-16T09:26:51.468+0000][gc,phases   ] GC(841)   Post Evacuate Collection Set: 7.5ms
[2026-01-16T09:26:51.468+0000][gc,phases   ] GC(841)   Other: 1.1ms
[2026-01-16T09:26:51.468+0000][gc,heap     ] GC(841) Eden regions: 47->0(46)
[2026-01-16T09:26:51.468+0000][gc,heap     ] GC(841) Survivor regions: 4->5(7)
[2026-01-16T09:26:51.469+0000][gc,heap     ] GC(841) Old regions: 99->99
[2026-01-16T09:26:51.469+0000][gc,heap     ] GC(841) Humongous regions: 149->149
[2026-01-16T09:26:51.469+0000][gc,metaspace] GC(841) Metaspace: 15212K(15552K)->15212K(15552K) NonClass: 13481K(13632K)->13481K(13632K) Class: 1731K(1920K)->1731K(1920K)
[2026-01-16T09:26:51.470+0000][gc          ] GC(841) Pause Young (Normal) (G1 Evacuation Pause) 297M->251M(1024M) 148.597ms
[2026-01-16T09:26:51.470+0000][gc,cpu      ] GC(841) User=0.11s Sys=0.01s Real=0.15s
[2026-01-16T09:26:51.993+0000][gc,start    ] GC(842) Pause Young (Normal) (G1 Evacuation Pause)
[2026-01-16T09:26:51.993+0000][gc,task     ] GC(842) Using 8 workers of 8 for evacuation
[2026-01-16T09:26:52.466+0000][gc,mmu      ] GC(842) MMU target violated: 201.0ms (200.0ms/201.0ms)
[2026-01-16T09:26:52.467+0000][gc,phases   ] GC(842)   Pre Evacuate Collection Set: 35.2ms
[2026-01-16T09:26:52.467+0000][gc,phases   ] GC(842)   Merge Heap Roots: 4.4ms
[2026-01-16T09:26:52.469+0000][gc,phases   ] GC(842)   Evacuate Collection Set: 421.8ms
[2026-01-16T09:26:52.472+0000][gc,phases   ] GC(842)   Post Evacuate Collection Set: 7.9ms
[2026-01-16T09:26:52.474+0000][gc,phases   ] GC(842)   Other: 4.5ms
[2026-01-16T09:26:52.477+0000][gc,heap     ] GC(842) Eden regions: 46->0(47)
[2026-01-16T09:26:52.478+0000][gc,heap     ] GC(842) Survivor regions: 5->4(7)
[2026-01-16T09:26:52.478+0000][gc,heap     ] GC(842) Old regions: 99->100
[2026-01-16T09:26:52.479+0000][gc,heap     ] GC(842) Humongous regions: 149->149
[2026-01-16T09:26:52.479+0000][gc,metaspace] GC(842) Metaspace: 15212K(15552K)->15212K(15552K) NonClass: 13481K(13632K)->13481K(13632K) Class: 1731K(1920K)->1731K(1920K)
[2026-01-16T09:26:52.480+0000][gc          ] GC(842) Pause Young (Normal) (G1 Evacuation Pause) 297M->252M(1024M) 487.486ms
[2026-01-16T09:26:52.482+0000][gc,cpu      ] GC(842) User=0.30s Sys=0.03s Real=0.49s
[2026-01-16T09:26:54.682+0000][gc,start    ] GC(843) Pause Young (Normal) (G1 Evacuation Pause)
[2026-01-16T09:26:54.685+0000][gc,task     ] GC(843) Using 8 workers of 8 for evacuation
[2026-01-16T09:26:55.311+0000][gc,mmu      ] GC(843) MMU target violated: 201.0ms (200.0ms/201.0ms)
[2026-01-16T09:26:55.312+0000][gc,phases   ] GC(843)   Pre Evacuate Collection Set: 199.4ms
[2026-01-16T09:26:55.312+0000][gc,phases   ] GC(843)   Merge Heap Roots: 1.3ms
[2026-01-16T09:26:55.312+0000][gc,phases   ] GC(843)   Evacuate Collection Set: 387.3ms
[2026-01-16T09:26:55.313+0000][gc,phases   ] GC(843)   Post Evacuate Collection Set: 37.1ms
[2026-01-16T09:26:55.313+0000][gc,phases   ] GC(843)   Other: 2.5ms
[2026-01-16T09:26:55.313+0000][gc,heap     ] GC(843) Eden regions: 47->0(46)
[2026-01-16T09:26:55.313+0000][gc,heap     ] GC(843) Survivor regions: 4->5(7)
[2026-01-16T09:26:55.315+0000][gc,heap     ] GC(843) Old regions: 100->101
[2026-01-16T09:26:55.315+0000][gc,heap     ] GC(843) Humongous regions: 149->149
[2026-01-16T09:26:55.315+0000][gc,metaspace] GC(843) Metaspace: 15212K(15552K)->15212K(15552K) NonClass: 13481K(13632K)->13481K(13632K) Class: 1731K(1920K)->1731K(1920K)
[2026-01-16T09:26:55.317+0000][gc          ] GC(843) Pause Young (Normal) (G1 Evacuation Pause) 299M->253M(1024M) 634.550ms
[2026-01-16T09:26:55.320+0000][gc,cpu      ] GC(843) User=0.41s Sys=0.06s Real=0.63s
[2026-01-16T09:26:57.377+0000][gc,start    ] GC(844) Pause Young (Normal) (G1 Evacuation Pause)
[2026-01-16T09:26:57.390+0000][gc,task     ] GC(844) Using 8 workers of 8 for evacuation
[2026-01-16T09:26:58.009+0000][gc,mmu      ] GC(844) MMU target violated: 201.0ms (200.0ms/201.0ms)
[2026-01-16T09:26:58.010+0000][gc,phases   ] GC(844)   Pre Evacuate Collection Set: 30.4ms
[2026-01-16T09:26:58.010+0000][gc,phases   ] GC(844)   Merge Heap Roots: 12.2ms
[2026-01-16T09:26:58.011+0000][gc,phases   ] GC(844)   Evacuate Collection Set: 518.1ms
[2026-01-16T09:26:58.011+0000][gc,phases   ] GC(844)   Post Evacuate Collection Set: 50.2ms
[2026-01-16T09:26:58.011+0000][gc,phases   ] GC(844)   Other: 9.5ms
[2026-01-16T09:26:58.012+0000][gc,heap     ] GC(844) Eden regions: 46->0(47)
[2026-01-16T09:26:58.014+0000][gc,heap     ] GC(844) Survivor regions: 5->4(7)
[2026-01-16T09:26:58.015+0000][gc,heap     ] GC(844) Old regions: 101->101
[2026-01-16T09:26:58.016+0000][gc,heap     ] GC(844) Humongous regions: 149->149
[2026-01-16T09:26:58.018+0000][gc,metaspace] GC(844) Metaspace: 15212K(15552K)->15212K(15552K) NonClass: 13481K(13632K)->13481K(13632K) Class: 1731K(1920K)->1731K(1920K)
[2026-01-16T09:26:58.019+0000][gc          ] GC(844) Pause Young (Normal) (G1 Evacuation Pause) 299M->253M(1024M) 642.086ms
[2026-01-16T09:26:58.019+0000][gc,cpu      ] GC(844) User=0.31s Sys=0.02s Real=0.64s
[2026-01-16T09:26:59.633+0000][gc,start    ] GC(845) Pause Young (Normal) (G1 Evacuation Pause)
[2026-01-16T09:26:59.649+0000][gc,task     ] GC(845) Using 8 workers of 8 for evacuation
[2026-01-16T09:26:59.947+0000][gc,mmu      ] GC(845) MMU target violated: 201.0ms (200.0ms/201.0ms)
[2026-01-16T09:26:59.949+0000][gc,phases   ] GC(845)   Pre Evacuate Collection Set: 70.9ms
[2026-01-16T09:26:59.949+0000][gc,phases   ] GC(845)   Merge Heap Roots: 3.9ms
[2026-01-16T09:26:59.949+0000][gc,phases   ] GC(845)   Evacuate Collection Set: 213.4ms
[2026-01-16T09:26:59.949+0000][gc,phases   ] GC(845)   Post Evacuate Collection Set: 9.1ms
[2026-01-16T09:26:59.951+0000][gc,phases   ] GC(845)   Other: 2.7ms
[2026-01-16T09:26:59.951+0000][gc,heap     ] GC(845) Eden regions: 47->0(46)
[2026-01-16T09:26:59.951+0000][gc,heap     ] GC(845) Survivor regions: 4->5(7)
[2026-01-16T09:26:59.952+0000][gc,heap     ] GC(845) Old regions: 101->101
[2026-01-16T09:26:59.952+0000][gc,heap     ] GC(845) Humongous regions: 149->149
[2026-01-16T09:26:59.952+0000][gc,metaspace] GC(845) Metaspace: 15212K(15552K)->15212K(15552K) NonClass: 13481K(13632K)->13481K(13632K) Class: 1731K(1920K)->1731K(1920K)
[2026-01-16T09:26:59.952+0000][gc          ] GC(845) Pause Young (Normal) (G1 Evacuation Pause) 300M->254M(1024M) 319.006ms
[2026-01-16T09:26:59.952+0000][gc,cpu      ] GC(845) User=0.21s Sys=0.01s Real=0.32s
[2026-01-16T09:27:02.194+0000][gc,start    ] GC(846) Pause Young (Normal) (G1 Evacuation Pause)
[2026-01-16T09:27:02.195+0000][gc,task     ] GC(846) Using 8 workers of 8 for evacuation
[2026-01-16T09:27:03.319+0000][gc,mmu      ] GC(846) MMU target violated: 201.0ms (200.0ms/201.0ms)
[2026-01-16T09:27:03.320+0000][gc,phases   ] GC(846)   Pre Evacuate Collection Set: 235.8ms
[2026-01-16T09:27:03.321+0000][gc,phases   ] GC(846)   Merge Heap Roots: 26.9ms
[2026-01-16T09:27:03.321+0000][gc,phases   ] GC(846)   Evacuate Collection Set: 837.3ms
[2026-01-16T09:27:03.322+0000][gc,phases   ] GC(846)   Post Evacuate Collection Set: 18.1ms
[2026-01-16T09:27:03.324+0000][gc,phases   ] GC(846)   Other: 7.3ms
[2026-01-16T09:27:03.326+0000][gc,heap     ] GC(846) Eden regions: 46->0(46)
[2026-01-16T09:27:03.329+0000][gc,heap     ] GC(846) Survivor regions: 5->5(7)
[2026-01-16T09:27:03.331+0000][gc,heap     ] GC(846) Old regions: 101->102
[2026-01-16T09:27:03.331+0000][gc,heap     ] GC(846) Humongous regions: 149->149
[2026-01-16T09:27:03.331+0000][gc,metaspace] GC(846) Metaspace: 15212K(15552K)->15212K(15552K) NonClass: 13481K(13632K)->13481K(13632K) Class: 1731K(1920K)->1731K(1920K)
[2026-01-16T09:27:03.332+0000][gc          ] GC(846) Pause Young (Normal) (G1 Evacuation Pause) 300M->255M(1024M) 1137.628ms
[2026-01-16T09:27:03.332+0000][gc,cpu      ] GC(846) User=0.47s Sys=0.04s Real=1.14s
[2026-01-16T09:27:05.606+0000][gc,start    ] GC(847) Pause Young (Normal) (G1 Evacuation Pause)
[2026-01-16T09:27:05.609+0000][gc,task     ] GC(847) Using 8 workers of 8 for evacuation
[2026-01-16T09:27:05.911+0000][gc,mmu      ] GC(847) MMU target violated: 201.0ms (200.0ms/201.0ms)
[2026-01-16T09:27:05.911+0000][gc,phases   ] GC(847)   Pre Evacuate Collection Set: 69.1ms
[2026-01-16T09:27:05.911+0000][gc,phases   ] GC(847)   Merge Heap Roots: 7.0ms
[2026-01-16T09:27:05.912+0000][gc,phases   ] GC(847)   Evacuate Collection Set: 173.7ms
[2026-01-16T09:27:05.914+0000][gc,phases   ] GC(847)   Post Evacuate Collection Set: 45.3ms
[2026-01-16T09:27:05.914+0000][gc,phases   ] GC(847)   Other: 7.3ms
[2026-01-16T09:27:05.914+0000][gc,heap     ] GC(847) Eden regions: 46->0(46)
[2026-01-16T09:27:05.914+0000][gc,heap     ] GC(847) Survivor regions: 5->5(7)
[2026-01-16T09:27:05.915+0000][gc,heap     ] GC(847) Old regions: 102->103
[2026-01-16T09:27:05.915+0000][gc,heap     ] GC(847) Humongous regions: 149->149
[2026-01-16T09:27:05.915+0000][gc,metaspace] GC(847) Metaspace: 15212K(15552K)->15212K(15552K) NonClass: 13481K(13632K)->13481K(13632K) Class: 1731K(1920K)->1731K(1920K)
[2026-01-16T09:27:05.916+0000][gc          ] GC(847) Pause Young (Normal) (G1 Evacuation Pause) 301M->255M(1024M) 310.110ms
[2026-01-16T09:27:05.916+0000][gc,cpu      ] GC(847) User=0.25s Sys=0.02s Real=0.31s
[2026-01-16T09:27:07.187+0000][gc,start    ] GC(848) Pause Young (Normal) (G1 Evacuation Pause)
[2026-01-16T09:27:07.189+0000][gc,task     ] GC(848) Using 8 workers of 8 for evacuation
[2026-01-16T09:27:07.859+0000][gc,mmu      ] GC(848) MMU target violated: 201.0ms (200.0ms/201.0ms)
[2026-01-16T09:27:07.860+0000][gc,phases   ] GC(848)   Pre Evacuate Collection Set: 9.3ms
[2026-01-16T09:27:07.860+0000][gc,phases   ] GC(848)   Merge Heap Roots: 2.3ms
[2026-01-16T09:27:07.864+0000][gc,phases   ] GC(848)   Evacuate Collection Set: 631.8ms
[2026-01-16T09:27:07.866+0000][gc,phases   ] GC(848)   Post Evacuate Collection Set: 25.4ms
[2026-01-16T09:27:07.866+0000][gc,phases   ] GC(848)   Other: 2.2ms
[2026-01-16T09:27:07.867+0000][gc,heap     ] GC(848) Eden regions: 46->0(46)
[2026-01-16T09:27:07.877+0000][gc,heap     ] GC(848) Survivor regions: 5->5(7)
[2026-01-16T09:27:07.880+0000][gc,heap     ] GC(848) Old regions: 103->104
[2026-01-16T09:27:07.894+0000][gc,heap     ] GC(848) Humongous regions: 149->149
[2026-01-16T09:27:07.897+0000][gc,metaspace] GC(848) Metaspace: 15212K(15552K)->15212K(15552K) NonClass: 13481K(13632K)->13481K(13632K) Class: 1731K(1920K)->1731K(1920K)
[2026-01-16T09:27:07.897+0000][gc          ] GC(848) Pause Young (Normal) (G1 Evacuation Pause) 301M->256M(1024M) 710.031ms
[2026-01-16T09:27:07.897+0000][gc,cpu      ] GC(848) User=0.32s Sys=0.04s Real=0.71s
[2026-01-16T09:27:08.736+0000][gc,start    ] GC(849) Pause Young (Normal) (G1 Evacuation Pause)
[2026-01-16T09:27:08.743+0000][gc,task     ] GC(849) Using 8 workers of 8 for evacuation
[2026-01-16T09:27:08.898+0000][gc,phases   ] GC(849)   Pre Evacuate Collection Set: 10.8ms
[2026-01-16T09:27:08.900+0000][gc,phases   ] GC(849)   Merge Heap Roots: 11.8ms
[2026-01-16T09:27:08.900+0000][gc,phases   ] GC(849)   Evacuate Collection Set: 127.2ms
[2026-01-16T09:27:08.901+0000][gc,phases   ] GC(849)   Post Evacuate Collection Set: 3.7ms
[2026-01-16T09:27:08.901+0000][gc,phases   ] GC(849)   Other: 0.8ms
[2026-01-16T09:27:08.904+0000][gc,heap     ] GC(849) Eden regions: 46->0(46)
[2026-01-16T09:27:08.906+0000][gc,heap     ] GC(849) Survivor regions: 5->5(7)
[2026-01-16T09:27:08.909+0000][gc,heap     ] GC(849) Old regions: 104->104
[2026-01-16T09:27:08.913+0000][gc,heap     ] GC(849) Humongous regions: 149->149
[2026-01-16T09:27:08.916+0000][gc,metaspace] GC(849) Metaspace: 15212K(15552K)->15212K(15552K) NonClass: 13481K(13632K)->13481K(13632K) Class: 1731K(1920K)->1731K(1920K)
[2026-01-16T09:27:08.916+0000][gc          ] GC(849) Pause Young (Normal) (G1 Evacuation Pause) 302M->257M(1024M) 180.379ms
[2026-01-16T09:27:08.917+0000][gc,cpu      ] GC(849) User=0.10s Sys=0.01s Real=0.18s
[2026-01-16T09:27:09.383+0000][gc,start    ] GC(850) Pause Young (Normal) (G1 Evacuation Pause)
[2026-01-16T09:27:09.384+0000][gc,task     ] GC(850) Using 8 workers of 8 for evacuation
[2026-01-16T09:27:09.637+0000][gc,mmu      ] GC(850) MMU target violated: 201.0ms (200.0ms/201.0ms)
[2026-01-16T09:27:09.643+0000][gc,phases   ] GC(850)   Pre Evacuate Collection Set: 8.0ms
[2026-01-16T09:27:09.645+0000][gc,phases   ] GC(850)   Merge Heap Roots: 0.9ms
[2026-01-16T09:27:09.648+0000][gc,phases   ] GC(850)   Evacuate Collection Set: 222.1ms
[2026-01-16T09:27:09.648+0000][gc,phases   ] GC(850)   Post Evacuate Collection Set: 20.2ms
[2026-01-16T09:27:09.649+0000][gc,phases   ] GC(850)   Other: 8.8ms
[2026-01-16T09:27:09.650+0000][gc,heap     ] GC(850) Eden regions: 46->0(46)
[2026-01-16T09:27:09.650+0000][gc,heap     ] GC(850) Survivor regions: 5->5(7)
[2026-01-16T09:27:09.652+0000][gc,heap     ] GC(850) Old regions: 104->105
[2026-01-16T09:27:09.654+0000][gc,heap     ] GC(850) Humongous regions: 149->149
[2026-01-16T09:27:09.654+0000][gc,metaspace] GC(850) Metaspace: 15212K(15552K)->15212K(15552K) NonClass: 13481K(13632K)->13481K(13632K) Class: 1731K(1920K)->1731K(1920K)
[2026-01-16T09:27:09.655+0000][gc          ] GC(850) Pause Young (Normal) (G1 Evacuation Pause) 303M->258M(1024M) 271.900ms
[2026-01-16T09:27:09.656+0000][gc,cpu      ] GC(850) User=0.12s Sys=0.01s Real=0.27s
[2026-01-16T09:27:10.478+0000][gc,start    ] GC(851) Pause Young (Normal) (GCLocker Initiated GC)
[2026-01-16T09:27:10.479+0000][gc,task     ] GC(851) Using 8 workers of 8 for evacuation
[2026-01-16T09:27:10.993+0000][gc,mmu      ] GC(851) MMU target violated: 201.0ms (200.0ms/201.0ms)
[2026-01-16T09:27:10.994+0000][gc,phases   ] GC(851)   Pre Evacuate Collection Set: 17.2ms
[2026-01-16T09:27:10.998+0000][gc,phases   ] GC(851)   Merge Heap Roots: 0.3ms
[2026-01-16T09:27:11.000+0000][gc,phases   ] GC(851)   Evacuate Collection Set: 359.5ms
[2026-01-16T09:27:11.004+0000][gc,phases   ] GC(851)   Post Evacuate Collection Set: 134.0ms
[2026-01-16T09:27:11.004+0000][gc,phases   ] GC(851)   Other: 4.5ms
[2026-01-16T09:27:11.004+0000][gc,heap     ] GC(851) Eden regions: 46->0(46)
[2026-01-16T09:27:11.011+0000][gc,heap     ] GC(851) Survivor regions: 5->5(7)
[2026-01-16T09:27:11.015+0000][gc,heap     ] GC(851) Old regions: 105->106
[2026-01-16T09:27:11.018+0000][gc,heap     ] GC(851) Humongous regions: 149->149
[2026-01-16T09:27:11.018+0000][gc,metaspace] GC(851) Metaspace: 15212K(15552K)->15212K(15552K) NonClass: 13481K(13632K)->13481K(13632K) Class: 1731K(1920K)->1731K(1920K)
[2026-01-16T09:27:11.021+0000][gc          ] GC(851) Pause Young (Normal) (GCLocker Initiated GC) 304M->258M(1024M) 541.188ms
[2026-01-16T09:27:11.023+0000][gc,cpu      ] GC(851) User=0.25s Sys=0.02s Real=0.54s
[2026-01-16T09:27:11.438+0000][gc,start    ] GC(852) Pause Young (Normal) (G1 Evacuation Pause)
[2026-01-16T09:27:11.438+0000][gc,task     ] GC(852) Using 8 workers of 8 for evacuation
[2026-01-16T09:27:11.620+0000][gc,phases   ] GC(852)   Pre Evacuate Collection Set: 4.6ms
[2026-01-16T09:27:11.621+0000][gc,phases   ] GC(852)   Merge Heap Roots: 5.4ms
[2026-01-16T09:27:11.621+0000][gc,phases   ] GC(852)   Evacuate Collection Set: 141.0ms
[2026-01-16T09:27:11.623+0000][gc,phases   ] GC(852)   Post Evacuate Collection Set: 26.7ms
[2026-01-16T09:27:11.623+0000][gc,phases   ] GC(852)   Other: 4.3ms
[2026-01-16T09:27:11.623+0000][gc,heap     ] GC(852) Eden regions: 46->0(46)
[2026-01-16T09:27:11.623+0000][gc,heap     ] GC(852) Survivor regions: 5->5(7)
[2026-01-16T09:27:11.623+0000][gc,heap     ] GC(852) Old regions: 106->107
[2026-01-16T09:27:11.623+0000][gc,heap     ] GC(852) Humongous regions: 149->149
[2026-01-16T09:27:11.623+0000][gc,metaspace] GC(852) Metaspace: 15212K(15552K)->15212K(15552K) NonClass: 13481K(13632K)->13481K(13632K) Class: 1731K(1920K)->1731K(1920K)
[2026-01-16T09:27:11.623+0000][gc          ] GC(852) Pause Young (Normal) (G1 Evacuation Pause) 304M->259M(1024M) 185.593ms
[2026-01-16T09:27:11.623+0000][gc,cpu      ] GC(852) User=0.10s Sys=0.01s Real=0.19s
[2026-01-16T09:27:12.149+0000][gc,start    ] GC(853) Pause Young (Normal) (G1 Evacuation Pause)
[2026-01-16T09:27:12.151+0000][gc,task     ] GC(853) Using 8 workers of 8 for evacuation
[2026-01-16T09:27:12.478+0000][gc,mmu      ] GC(853) MMU target violated: 201.0ms (200.0ms/201.0ms)
[2026-01-16T09:27:12.480+0000][gc,phases   ] GC(853)   Pre Evacuate Collection Set: 28.8ms
[2026-01-16T09:27:12.482+0000][gc,phases   ] GC(853)   Merge Heap Roots: 26.0ms
[2026-01-16T09:27:12.484+0000][gc,phases   ] GC(853)   Evacuate Collection Set: 253.7ms
[2026-01-16T09:27:12.484+0000][gc,phases   ] GC(853)   Post Evacuate Collection Set: 16.6ms
[2026-01-16T09:27:12.487+0000][gc,phases   ] GC(853)   Other: 4.6ms
[2026-01-16T09:27:12.491+0000][gc,heap     ] GC(853) Eden regions: 46->0(46)
[2026-01-16T09:27:12.491+0000][gc,heap     ] GC(853) Survivor regions: 5->5(7)
[2026-01-16T09:27:12.492+0000][gc,heap     ] GC(853) Old regions: 107->107
[2026-01-16T09:27:12.494+0000][gc,heap     ] GC(853) Humongous regions: 149->149
[2026-01-16T09:27:12.495+0000][gc,metaspace] GC(853) Metaspace: 15212K(15552K)->15212K(15552K) NonClass: 13481K(13632K)->13481K(13632K) Class: 1731K(1920K)->1731K(1920K)
[2026-01-16T09:27:12.496+0000][gc          ] GC(853) Pause Young (Normal) (G1 Evacuation Pause) 305M->260M(1024M) 347.150ms
[2026-01-16T09:27:12.500+0000][gc,cpu      ] GC(853) User=0.14s Sys=0.01s Real=0.35s
[2026-01-16T09:27:12.950+0000][gc,start    ] GC(854) Pause Young (Normal) (G1 Evacuation Pause)
[2026-01-16T09:27:12.951+0000][gc,task     ] GC(854) Using 8 workers of 8 for evacuation
[2026-01-16T09:27:13.111+0000][gc,phases   ] GC(854)   Pre Evacuate Collection Set: 1.6ms
[2026-01-16T09:27:13.112+0000][gc,phases   ] GC(854)   Merge Heap Roots: 0.2ms
[2026-01-16T09:27:13.114+0000][gc,phases   ] GC(854)   Evacuate Collection Set: 155.0ms
[2026-01-16T09:27:13.119+0000][gc,phases   ] GC(854)   Post Evacuate Collection Set: 2.1ms
[2026-01-16T09:27:13.120+0000][gc,phases   ] GC(854)   Other: 1.1ms
[2026-01-16T09:27:13.121+0000][gc,heap     ] GC(854) Eden regions: 46->0(46)
[2026-01-16T09:27:13.122+0000][gc,heap     ] GC(854) Survivor regions: 5->5(7)
[2026-01-16T09:27:13.123+0000][gc,heap     ] GC(854) Old regions: 107->108
[2026-01-16T09:27:13.131+0000][gc,heap     ] GC(854) Humongous regions: 149->149
[2026-01-16T09:27:13.132+0000][gc,metaspace] GC(854) Metaspace: 15212K(15552K)->15212K(15552K) NonClass: 13481K(13632K)->13481K(13632K) Class: 1731K(1920K)->1731K(1920K)
[2026-01-16T09:27:13.132+0000][gc          ] GC(854) Pause Young (Normal) (G1 Evacuation Pause) 306M->260M(1024M) 182.423ms
[2026-01-16T09:27:13.138+0000][gc,cpu      ] GC(854) User=0.10s Sys=0.00s Real=0.19s
[2026-01-16T09:27:13.701+0000][gc,start    ] GC(855) Pause Young (Normal) (G1 Evacuation Pause)
[2026-01-16T09:27:13.702+0000][gc,task     ] GC(855) Using 8 workers of 8 for evacuation
[2026-01-16T09:27:13.827+0000][gc,phases   ] GC(855)   Pre Evacuate Collection Set: 13.1ms
[2026-01-16T09:27:13.829+0000][gc,phases   ] GC(855)   Merge Heap Roots: 1.4ms
[2026-01-16T09:27:13.830+0000][gc,phases   ] GC(855)   Evacuate Collection Set: 104.4ms
[2026-01-16T09:27:13.831+0000][gc,phases   ] GC(855)   Post Evacuate Collection Set: 2.4ms
[2026-01-16T09:27:13.831+0000][gc,phases   ] GC(855)   Other: 3.3ms
[2026-01-16T09:27:13.832+0000][gc,heap     ] GC(855) Eden regions: 46->0(46)
[2026-01-16T09:27:13.833+0000][gc,heap     ] GC(855) Survivor regions: 5->5(7)
[2026-01-16T09:27:13.834+0000][gc,heap     ] GC(855) Old regions: 108->109
[2026-01-16T09:27:13.834+0000][gc,heap     ] GC(855) Humongous regions: 149->149
[2026-01-16T09:27:13.834+0000][gc,metaspace] GC(855) Metaspace: 15212K(15552K)->15212K(15552K) NonClass: 13481K(13632K)->13481K(13632K) Class: 1731K(1920K)->1731K(1920K)
[2026-01-16T09:27:13.835+0000][gc          ] GC(855) Pause Young (Normal) (G1 Evacuation Pause) 306M->261M(1024M) 133.277ms
[2026-01-16T09:27:13.835+0000][gc,cpu      ] GC(855) User=0.12s Sys=0.00s Real=0.14s
[2026-01-16T09:27:15.043+0000][gc,start    ] GC(856) Pause Young (Normal) (GCLocker Initiated GC)
[2026-01-16T09:27:15.044+0000][gc,task     ] GC(856) Using 8 workers of 8 for evacuation
[2026-01-16T09:27:15.145+0000][gc,phases   ] GC(856)   Pre Evacuate Collection Set: 3.1ms
[2026-01-16T09:27:15.146+0000][gc,phases   ] GC(856)   Merge Heap Roots: 0.2ms
[2026-01-16T09:27:15.147+0000][gc,phases   ] GC(856)   Evacuate Collection Set: 89.2ms
[2026-01-16T09:27:15.147+0000][gc,phases   ] GC(856)   Post Evacuate Collection Set: 7.2ms
[2026-01-16T09:27:15.148+0000][gc,phases   ] GC(856)   Other: 1.1ms
[2026-01-16T09:27:15.149+0000][gc,heap     ] GC(856) Eden regions: 46->0(46)
[2026-01-16T09:27:15.149+0000][gc,heap     ] GC(856) Survivor regions: 5->5(7)
[2026-01-16T09:27:15.151+0000][gc,heap     ] GC(856) Old regions: 109->109
[2026-01-16T09:27:15.152+0000][gc,heap     ] GC(856) Humongous regions: 149->149
[2026-01-16T09:27:15.153+0000][gc,metaspace] GC(856) Metaspace: 15212K(15552K)->15212K(15552K) NonClass: 13481K(13632K)->13481K(13632K) Class: 1731K(1920K)->1731K(1920K)
[2026-01-16T09:27:15.153+0000][gc          ] GC(856) Pause Young (Normal) (GCLocker Initiated GC) 307M->262M(1024M) 110.265ms
[2026-01-16T09:27:15.154+0000][gc,cpu      ] GC(856) User=0.11s Sys=0.01s Real=0.12s
[2026-01-16T09:27:15.495+0000][gc,start    ] GC(857) Pause Young (Normal) (G1 Evacuation Pause)
[2026-01-16T09:27:15.497+0000][gc,task     ] GC(857) Using 8 workers of 8 for evacuation
[2026-01-16T09:27:15.713+0000][gc,mmu      ] GC(857) MMU target violated: 201.0ms (200.0ms/201.0ms)
[2026-01-16T09:27:15.713+0000][gc,phases   ] GC(857)   Pre Evacuate Collection Set: 1.1ms
[2026-01-16T09:27:15.714+0000][gc,phases   ] GC(857)   Merge Heap Roots: 0.2ms
[2026-01-16T09:27:15.715+0000][gc,phases   ] GC(857)   Evacuate Collection Set: 208.2ms
[2026-01-16T09:27:15.716+0000][gc,phases   ] GC(857)   Post Evacuate Collection Set: 6.0ms
[2026-01-16T09:27:15.716+0000][gc,phases   ] GC(857)   Other: 1.2ms
[2026-01-16T09:27:15.717+0000][gc,heap     ] GC(857) Eden regions: 46->0(55)
[2026-01-16T09:27:15.717+0000][gc,heap     ] GC(857) Survivor regions: 5->5(7)
[2026-01-16T09:27:15.718+0000][gc,heap     ] GC(857) Old regions: 109->110
[2026-01-16T09:27:15.720+0000][gc,heap     ] GC(857) Humongous regions: 149->149
[2026-01-16T09:27:15.722+0000][gc,metaspace] GC(857) Metaspace: 15212K(15552K)->15212K(15552K) NonClass: 13481K(13632K)->13481K(13632K) Class: 1731K(1920K)->1731K(1920K)
[2026-01-16T09:27:15.725+0000][gc          ] GC(857) Pause Young (Normal) (G1 Evacuation Pause) 308M->262M(1024M) 229.701ms
[2026-01-16T09:27:15.727+0000][gc,cpu      ] GC(857) User=0.12s Sys=0.01s Real=0.23s
[2026-01-16T09:27:16.778+0000][gc,start    ] GC(858) Pause Young (Normal) (G1 Evacuation Pause)
[2026-01-16T09:27:16.782+0000][gc,task     ] GC(858) Using 8 workers of 8 for evacuation
[2026-01-16T09:27:17.072+0000][gc,mmu      ] GC(858) MMU target violated: 201.0ms (200.0ms/201.0ms)
[2026-01-16T09:27:17.072+0000][gc,phases   ] GC(858)   Pre Evacuate Collection Set: 10.8ms
[2026-01-16T09:27:17.073+0000][gc,phases   ] GC(858)   Merge Heap Roots: 0.4ms
[2026-01-16T09:27:17.073+0000][gc,phases   ] GC(858)   Evacuate Collection Set: 264.0ms
[2026-01-16T09:27:17.074+0000][gc,phases   ] GC(858)   Post Evacuate Collection Set: 8.0ms
[2026-01-16T09:27:17.074+0000][gc,phases   ] GC(858)   Other: 8.0ms
[2026-01-16T09:27:17.075+0000][gc,heap     ] GC(858) Eden regions: 63->0(46)
[2026-01-16T09:27:17.075+0000][gc,heap     ] GC(858) Survivor regions: 5->5(9)
[2026-01-16T09:27:17.075+0000][gc,heap     ] GC(858) Old regions: 110->110
[2026-01-16T09:27:17.076+0000][gc,heap     ] GC(858) Humongous regions: 149->149
[2026-01-16T09:27:17.078+0000][gc,metaspace] GC(858) Metaspace: 15212K(15552K)->15212K(15552K) NonClass: 13481K(13632K)->13481K(13632K) Class: 1731K(1920K)->1731K(1920K)
[2026-01-16T09:27:17.081+0000][gc          ] GC(858) Pause Young (Normal) (G1 Evacuation Pause) 325M->263M(1024M) 303.798ms
[2026-01-16T09:27:17.099+0000][gc,cpu      ] GC(858) User=0.21s Sys=0.01s Real=0.32s
[2026-01-16T09:27:17.913+0000][gc,start    ] GC(859) Pause Young (Normal) (G1 Evacuation Pause)
[2026-01-16T09:27:17.914+0000][gc,task     ] GC(859) Using 8 workers of 8 for evacuation
[2026-01-16T09:27:18.122+0000][gc,mmu      ] GC(859) MMU target violated: 201.0ms (200.0ms/201.0ms)
[2026-01-16T09:27:18.123+0000][gc,phases   ] GC(859)   Pre Evacuate Collection Set: 5.0ms
[2026-01-16T09:27:18.123+0000][gc,phases   ] GC(859)   Merge Heap Roots: 0.7ms
[2026-01-16T09:27:18.123+0000][gc,phases   ] GC(859)   Evacuate Collection Set: 198.9ms
[2026-01-16T09:27:18.125+0000][gc,phases   ] GC(859)   Post Evacuate Collection Set: 3.5ms
[2026-01-16T09:27:18.125+0000][gc,phases   ] GC(859)   Other: 1.1ms
[2026-01-16T09:27:18.126+0000][gc,heap     ] GC(859) Eden regions: 46->0(46)
[2026-01-16T09:27:18.126+0000][gc,heap     ] GC(859) Survivor regions: 5->5(7)
[2026-01-16T09:27:18.127+0000][gc,heap     ] GC(859) Old regions: 110->111
[2026-01-16T09:27:18.127+0000][gc,heap     ] GC(859) Humongous regions: 149->149
[2026-01-16T09:27:18.127+0000][gc,metaspace] GC(859) Metaspace: 15212K(15552K)->15212K(15552K) NonClass: 13481K(13632K)->13481K(13632K) Class: 1731K(1920K)->1731K(1920K)
[2026-01-16T09:27:18.128+0000][gc          ] GC(859) Pause Young (Normal) (G1 Evacuation Pause) 309M->264M(1024M) 214.407ms
[2026-01-16T09:27:18.128+0000][gc,cpu      ] GC(859) User=0.16s Sys=0.00s Real=0.22s
[2026-01-16T09:27:18.788+0000][gc,start    ] GC(860) Pause Young (Normal) (G1 Evacuation Pause)
[2026-01-16T09:27:18.792+0000][gc,task     ] GC(860) Using 8 workers of 8 for evacuation
[2026-01-16T09:27:18.885+0000][gc,phases   ] GC(860)   Pre Evacuate Collection Set: 0.9ms
[2026-01-16T09:27:18.885+0000][gc,phases   ] GC(860)   Merge Heap Roots: 0.2ms
[2026-01-16T09:27:18.885+0000][gc,phases   ] GC(860)   Evacuate Collection Set: 82.1ms
[2026-01-16T09:27:18.886+0000][gc,phases   ] GC(860)   Post Evacuate Collection Set: 5.8ms
[2026-01-16T09:27:18.886+0000][gc,phases   ] GC(860)   Other: 3.3ms
[2026-01-16T09:27:18.886+0000][gc,heap     ] GC(860) Eden regions: 46->0(51)
[2026-01-16T09:27:18.887+0000][gc,heap     ] GC(860) Survivor regions: 5->5(7)
[2026-01-16T09:27:18.887+0000][gc,heap     ] GC(860) Old regions: 111->112
[2026-01-16T09:27:18.887+0000][gc,heap     ] GC(860) Humongous regions: 149->149
[2026-01-16T09:27:18.888+0000][gc,metaspace] GC(860) Metaspace: 15212K(15552K)->15212K(15552K) NonClass: 13481K(13632K)->13481K(13632K) Class: 1731K(1920K)->1731K(1920K)
[2026-01-16T09:27:18.888+0000][gc          ] GC(860) Pause Young (Normal) (G1 Evacuation Pause) 310M->265M(1024M) 101.016ms
[2026-01-16T09:27:18.889+0000][gc,cpu      ] GC(860) User=0.11s Sys=0.00s Real=0.10s
[2026-01-16T09:27:22.964+0000][gc,start    ] GC(861) Pause Young (Normal) (G1 Evacuation Pause)
[2026-01-16T09:27:22.966+0000][gc,task     ] GC(861) Using 8 workers of 8 for evacuation
[2026-01-16T09:27:23.084+0000][gc,phases   ] GC(861)   Pre Evacuate Collection Set: 16.8ms
[2026-01-16T09:27:23.084+0000][gc,phases   ] GC(861)   Merge Heap Roots: 4.1ms
[2026-01-16T09:27:23.086+0000][gc,phases   ] GC(861)   Evacuate Collection Set: 85.0ms
[2026-01-16T09:27:23.089+0000][gc,phases   ] GC(861)   Post Evacuate Collection Set: 11.6ms
[2026-01-16T09:27:23.090+0000][gc,phases   ] GC(861)   Other: 0.5ms
[2026-01-16T09:27:23.090+0000][gc,heap     ] GC(861) Eden regions: 49->0(221)
[2026-01-16T09:27:23.091+0000][gc,heap     ] GC(861) Survivor regions: 5->2(7)
[2026-01-16T09:27:23.091+0000][gc,heap     ] GC(861) Old regions: 112->113
[2026-01-16T09:27:23.092+0000][gc,heap     ] GC(861) Humongous regions: 149->149
[2026-01-16T09:27:23.092+0000][gc,metaspace] GC(861) Metaspace: 15217K(15552K)->15217K(15552K) NonClass: 13486K(13632K)->13486K(13632K) Class: 1731K(1920K)->1731K(1920K)
[2026-01-16T09:27:23.095+0000][gc          ] GC(861) Pause Young (Normal) (G1 Evacuation Pause) 314M->263M(1024M) 130.885ms
[2026-01-16T09:27:23.095+0000][gc,cpu      ] GC(861) User=0.14s Sys=0.00s Real=0.13s
[2026-01-16T09:27:35.127+0000][gc,start    ] GC(862) Pause Young (Normal) (G1 Evacuation Pause)
[2026-01-16T09:27:35.129+0000][gc,task     ] GC(862) Using 8 workers of 8 for evacuation
[2026-01-16T09:27:35.457+0000][gc,mmu      ] GC(862) MMU target violated: 201.0ms (200.0ms/201.0ms)
[2026-01-16T09:27:35.458+0000][gc,phases   ] GC(862)   Pre Evacuate Collection Set: 59.0ms
[2026-01-16T09:27:35.458+0000][gc,phases   ] GC(862)   Merge Heap Roots: 9.1ms
[2026-01-16T09:27:35.459+0000][gc,phases   ] GC(862)   Evacuate Collection Set: 235.3ms
[2026-01-16T09:27:35.459+0000][gc,phases   ] GC(862)   Post Evacuate Collection Set: 20.4ms
[2026-01-16T09:27:35.459+0000][gc,phases   ] GC(862)   Other: 6.3ms
[2026-01-16T09:27:35.460+0000][gc,heap     ] GC(862) Eden regions: 192->0(69)
[2026-01-16T09:27:35.460+0000][gc,heap     ] GC(862) Survivor regions: 2->3(25)
[2026-01-16T09:27:35.460+0000][gc,heap     ] GC(862) Old regions: 113->113
[2026-01-16T09:27:35.460+0000][gc,heap     ] GC(862) Humongous regions: 149->149
[2026-01-16T09:27:35.460+0000][gc,metaspace] GC(862) Metaspace: 15218K(15552K)->15218K(15552K) NonClass: 13486K(13632K)->13486K(13632K) Class: 1731K(1920K)->1731K(1920K)
[2026-01-16T09:27:35.461+0000][gc          ] GC(862) Pause Young (Normal) (G1 Evacuation Pause) 455M->263M(1024M) 334.078ms
[2026-01-16T09:27:35.461+0000][gc,cpu      ] GC(862) User=0.32s Sys=0.02s Real=0.33s
[2026-01-16T09:27:38.245+0000][gc,start    ] GC(863) Pause Young (Normal) (G1 Evacuation Pause)
[2026-01-16T09:27:38.246+0000][gc,task     ] GC(863) Using 8 workers of 8 for evacuation
[2026-01-16T09:27:38.402+0000][gc,phases   ] GC(863)   Pre Evacuate Collection Set: 11.5ms
[2026-01-16T09:27:38.404+0000][gc,phases   ] GC(863)   Merge Heap Roots: 3.8ms
[2026-01-16T09:27:38.404+0000][gc,phases   ] GC(863)   Evacuate Collection Set: 120.1ms
[2026-01-16T09:27:38.404+0000][gc,phases   ] GC(863)   Post Evacuate Collection Set: 19.3ms
[2026-01-16T09:27:38.405+0000][gc,phases   ] GC(863)   Other: 0.7ms
[2026-01-16T09:27:38.405+0000][gc,heap     ] GC(863) Eden regions: 90->0(47)
[2026-01-16T09:27:38.405+0000][gc,heap     ] GC(863) Survivor regions: 3->4(12)
[2026-01-16T09:27:38.405+0000][gc,heap     ] GC(863) Old regions: 113->113
[2026-01-16T09:27:38.405+0000][gc,heap     ] GC(863) Humongous regions: 149->149
[2026-01-16T09:27:38.405+0000][gc,metaspace] GC(863) Metaspace: 15222K(15552K)->15222K(15552K) NonClass: 13490K(13632K)->13490K(13632K) Class: 1731K(1920K)->1731K(1920K)
[2026-01-16T09:27:38.405+0000][gc          ] GC(863) Pause Young (Normal) (G1 Evacuation Pause) 353M->265M(1024M) 159.892ms
[2026-01-16T09:27:38.406+0000][gc,cpu      ] GC(863) User=0.14s Sys=0.01s Real=0.16s
[2026-01-16T09:27:39.553+0000][gc,start    ] GC(864) Pause Young (Normal) (G1 Evacuation Pause)
[2026-01-16T09:27:39.554+0000][gc,task     ] GC(864) Using 8 workers of 8 for evacuation
[2026-01-16T09:27:39.655+0000][gc,phases   ] GC(864)   Pre Evacuate Collection Set: 9.7ms
[2026-01-16T09:27:39.656+0000][gc,phases   ] GC(864)   Merge Heap Roots: 5.6ms
[2026-01-16T09:27:39.656+0000][gc,phases   ] GC(864)   Evacuate Collection Set: 82.1ms
[2026-01-16T09:27:39.656+0000][gc,phases   ] GC(864)   Post Evacuate Collection Set: 2.4ms
[2026-01-16T09:27:39.656+0000][gc,phases   ] GC(864)   Other: 1.0ms
[2026-01-16T09:27:39.657+0000][gc,heap     ] GC(864) Eden regions: 47->0(46)
[2026-01-16T09:27:39.657+0000][gc,heap     ] GC(864) Survivor regions: 4->5(7)
[2026-01-16T09:27:39.657+0000][gc,heap     ] GC(864) Old regions: 113->113
[2026-01-16T09:27:39.658+0000][gc,heap     ] GC(864) Humongous regions: 149->149
[2026-01-16T09:27:39.658+0000][gc,metaspace] GC(864) Metaspace: 15222K(15552K)->15222K(15552K) NonClass: 13490K(13632K)->13490K(13632K) Class: 1731K(1920K)->1731K(1920K)
[2026-01-16T09:27:39.658+0000][gc          ] GC(864) Pause Young (Normal) (G1 Evacuation Pause) 312M->265M(1024M) 105.235ms
[2026-01-16T09:27:39.659+0000][gc,cpu      ] GC(864) User=0.07s Sys=0.01s Real=0.10s
[2026-01-16T09:27:43.630+0000][gc,start    ] GC(865) Pause Young (Normal) (G1 Evacuation Pause)
[2026-01-16T09:27:43.632+0000][gc,task     ] GC(865) Using 8 workers of 8 for evacuation
[2026-01-16T09:27:43.958+0000][gc,mmu      ] GC(865) MMU target violated: 201.0ms (200.0ms/201.0ms)
[2026-01-16T09:27:43.959+0000][gc,phases   ] GC(865)   Pre Evacuate Collection Set: 87.0ms
[2026-01-16T09:27:43.962+0000][gc,phases   ] GC(865)   Merge Heap Roots: 8.8ms
[2026-01-16T09:27:43.963+0000][gc,phases   ] GC(865)   Evacuate Collection Set: 217.5ms
[2026-01-16T09:27:43.964+0000][gc,phases   ] GC(865)   Post Evacuate Collection Set: 12.3ms
[2026-01-16T09:27:43.964+0000][gc,phases   ] GC(865)   Other: 2.0ms
[2026-01-16T09:27:43.964+0000][gc,heap     ] GC(865) Eden regions: 46->0(65)
[2026-01-16T09:27:43.965+0000][gc,heap     ] GC(865) Survivor regions: 5->3(7)
[2026-01-16T09:27:43.966+0000][gc,heap     ] GC(865) Old regions: 113->114
[2026-01-16T09:27:43.966+0000][gc,heap     ] GC(865) Humongous regions: 149->149
[2026-01-16T09:27:43.970+0000][gc,metaspace] GC(865) Metaspace: 15222K(15552K)->15222K(15552K) NonClass: 13491K(13632K)->13491K(13632K) Class: 1731K(1920K)->1731K(1920K)
[2026-01-16T09:27:43.972+0000][gc          ] GC(865) Pause Young (Normal) (G1 Evacuation Pause) 311M->264M(1024M) 341.840ms
[2026-01-16T09:27:43.973+0000][gc,cpu      ] GC(865) User=0.26s Sys=0.09s Real=0.34s
[2026-01-16T09:27:46.651+0000][gc,start    ] GC(866) Pause Young (Normal) (G1 Evacuation Pause)
[2026-01-16T09:27:46.654+0000][gc,task     ] GC(866) Using 8 workers of 8 for evacuation
[2026-01-16T09:27:46.853+0000][gc,phases   ] GC(866)   Pre Evacuate Collection Set: 16.7ms
[2026-01-16T09:27:46.854+0000][gc,phases   ] GC(866)   Merge Heap Roots: 5.2ms
[2026-01-16T09:27:46.854+0000][gc,phases   ] GC(866)   Evacuate Collection Set: 157.3ms
[2026-01-16T09:27:46.857+0000][gc,phases   ] GC(866)   Post Evacuate Collection Set: 17.8ms
[2026-01-16T09:27:46.858+0000][gc,phases   ] GC(866)   Other: 2.4ms
[2026-01-16T09:27:46.858+0000][gc,heap     ] GC(866) Eden regions: 76->0(47)
[2026-01-16T09:27:46.860+0000][gc,heap     ] GC(866) Survivor regions: 3->4(10)
[2026-01-16T09:27:46.862+0000][gc,heap     ] GC(866) Old regions: 114->114
[2026-01-16T09:27:46.862+0000][gc,heap     ] GC(866) Humongous regions: 149->149
[2026-01-16T09:27:46.863+0000][gc,metaspace] GC(866) Metaspace: 15222K(15552K)->15222K(15552K) NonClass: 13491K(13632K)->13491K(13632K) Class: 1731K(1920K)->1731K(1920K)
[2026-01-16T09:27:46.865+0000][gc          ] GC(866) Pause Young (Normal) (G1 Evacuation Pause) 340M->265M(1024M) 213.353ms
[2026-01-16T09:27:46.866+0000][gc,cpu      ] GC(866) User=0.17s Sys=0.01s Real=0.21s
[2026-01-16T09:27:48.130+0000][gc,start    ] GC(867) Pause Young (Normal) (G1 Evacuation Pause)
[2026-01-16T09:27:48.131+0000][gc,task     ] GC(867) Using 8 workers of 8 for evacuation
[2026-01-16T09:27:48.305+0000][gc,phases   ] GC(867)   Pre Evacuate Collection Set: 16.0ms
[2026-01-16T09:27:48.307+0000][gc,phases   ] GC(867)   Merge Heap Roots: 3.7ms
[2026-01-16T09:27:48.327+0000][gc,phases   ] GC(867)   Evacuate Collection Set: 142.0ms
[2026-01-16T09:27:48.329+0000][gc,phases   ] GC(867)   Post Evacuate Collection Set: 11.6ms
[2026-01-16T09:27:48.332+0000][gc,phases   ] GC(867)   Other: 1.0ms
[2026-01-16T09:27:48.334+0000][gc,heap     ] GC(867) Eden regions: 47->0(47)
[2026-01-16T09:27:48.334+0000][gc,heap     ] GC(867) Survivor regions: 4->4(7)
[2026-01-16T09:27:48.335+0000][gc,heap     ] GC(867) Old regions: 114->114
[2026-01-16T09:27:48.335+0000][gc,heap     ] GC(867) Humongous regions: 149->149
[2026-01-16T09:27:48.336+0000][gc,metaspace] GC(867) Metaspace: 15222K(15552K)->15222K(15552K) NonClass: 13491K(13632K)->13491K(13632K) Class: 1731K(1920K)->1731K(1920K)
[2026-01-16T09:27:48.336+0000][gc          ] GC(867) Pause Young (Normal) (G1 Evacuation Pause) 312M->265M(1024M) 206.321ms
[2026-01-16T09:27:48.337+0000][gc,cpu      ] GC(867) User=0.14s Sys=0.00s Real=0.20s
[2026-01-16T09:27:53.699+0000][gc,start    ] GC(868) Pause Young (Normal) (G1 Evacuation Pause)
[2026-01-16T09:27:53.704+0000][gc,task     ] GC(868) Using 8 workers of 8 for evacuation
[2026-01-16T09:27:54.095+0000][gc,mmu      ] GC(868) MMU target violated: 201.0ms (200.0ms/201.0ms)
[2026-01-16T09:27:54.099+0000][gc,phases   ] GC(868)   Pre Evacuate Collection Set: 53.1ms
[2026-01-16T09:27:54.102+0000][gc,phases   ] GC(868)   Merge Heap Roots: 9.5ms
[2026-01-16T09:27:54.103+0000][gc,phases   ] GC(868)   Evacuate Collection Set: 311.0ms
[2026-01-16T09:27:54.109+0000][gc,phases   ] GC(868)   Post Evacuate Collection Set: 13.6ms
[2026-01-16T09:27:54.109+0000][gc,phases   ] GC(868)   Other: 8.9ms
[2026-01-16T09:27:54.124+0000][gc,heap     ] GC(868) Eden regions: 47->0(63)
[2026-01-16T09:27:54.129+0000][gc,heap     ] GC(868) Survivor regions: 4->2(7)
[2026-01-16T09:27:54.129+0000][gc,heap     ] GC(868) Old regions: 114->114
[2026-01-16T09:27:54.129+0000][gc,heap     ] GC(868) Humongous regions: 149->149
[2026-01-16T09:27:54.147+0000][gc,metaspace] GC(868) Metaspace: 15223K(15552K)->15223K(15552K) NonClass: 13491K(13632K)->13491K(13632K) Class: 1731K(1920K)->1731K(1920K)
[2026-01-16T09:27:54.148+0000][gc          ] GC(868) Pause Young (Normal) (G1 Evacuation Pause) 312M->264M(1024M) 449.465ms
[2026-01-16T09:27:54.153+0000][gc,cpu      ] GC(868) User=0.22s Sys=0.09s Real=0.46s
[2026-01-16T09:27:56.121+0000][gc,start    ] GC(869) Pause Young (Normal) (G1 Evacuation Pause)
[2026-01-16T09:27:56.124+0000][gc,task     ] GC(869) Using 8 workers of 8 for evacuation
[2026-01-16T09:27:56.287+0000][gc,phases   ] GC(869)   Pre Evacuate Collection Set: 13.0ms
[2026-01-16T09:27:56.287+0000][gc,phases   ] GC(869)   Merge Heap Roots: 10.2ms
[2026-01-16T09:27:56.289+0000][gc,phases   ] GC(869)   Evacuate Collection Set: 128.9ms
[2026-01-16T09:27:56.290+0000][gc,phases   ] GC(869)   Post Evacuate Collection Set: 9.3ms
[2026-01-16T09:27:56.291+0000][gc,phases   ] GC(869)   Other: 1.6ms
[2026-01-16T09:27:56.307+0000][gc,heap     ] GC(869) Eden regions: 65->0(48)
[2026-01-16T09:27:56.307+0000][gc,heap     ] GC(869) Survivor regions: 2->3(9)
[2026-01-16T09:27:56.308+0000][gc,heap     ] GC(869) Old regions: 114->114
[2026-01-16T09:27:56.308+0000][gc,heap     ] GC(869) Humongous regions: 149->149
[2026-01-16T09:27:56.309+0000][gc,metaspace] GC(869) Metaspace: 15223K(15552K)->15223K(15552K) NonClass: 13491K(13632K)->13491K(13632K) Class: 1731K(1920K)->1731K(1920K)
[2026-01-16T09:27:56.310+0000][gc          ] GC(869) Pause Young (Normal) (G1 Evacuation Pause) 329M->265M(1024M) 188.892ms
[2026-01-16T09:27:56.313+0000][gc,cpu      ] GC(869) User=0.18s Sys=0.01s Real=0.20s
[2026-01-16T09:27:57.232+0000][gc,start    ] GC(870) Pause Young (Normal) (G1 Evacuation Pause)
[2026-01-16T09:27:57.233+0000][gc,task     ] GC(870) Using 8 workers of 8 for evacuation
[2026-01-16T09:27:57.434+0000][gc,mmu      ] GC(870) MMU target violated: 200.6ms (200.0ms/201.0ms)
[2026-01-16T09:27:57.436+0000][gc,phases   ] GC(870)   Pre Evacuate Collection Set: 12.2ms
[2026-01-16T09:27:57.437+0000][gc,phases   ] GC(870)   Merge Heap Roots: 3.9ms
[2026-01-16T09:27:57.440+0000][gc,phases   ] GC(870)   Evacuate Collection Set: 180.0ms
[2026-01-16T09:27:57.440+0000][gc,phases   ] GC(870)   Post Evacuate Collection Set: 4.2ms
[2026-01-16T09:27:57.440+0000][gc,phases   ] GC(870)   Other: 2.9ms
[2026-01-16T09:27:57.441+0000][gc,heap     ] GC(870) Eden regions: 48->0(47)
[2026-01-16T09:27:57.441+0000][gc,heap     ] GC(870) Survivor regions: 3->4(7)
[2026-01-16T09:27:57.441+0000][gc,heap     ] GC(870) Old regions: 114->114
[2026-01-16T09:27:57.441+0000][gc,heap     ] GC(870) Humongous regions: 149->149
[2026-01-16T09:27:57.442+0000][gc,metaspace] GC(870) Metaspace: 15223K(15552K)->15223K(15552K) NonClass: 13492K(13632K)->13492K(13632K) Class: 1731K(1920K)->1731K(1920K)
[2026-01-16T09:27:57.443+0000][gc          ] GC(870) Pause Young (Normal) (G1 Evacuation Pause) 313M->265M(1024M) 210.370ms
[2026-01-16T09:27:57.444+0000][gc,cpu      ] GC(870) User=0.09s Sys=0.00s Real=0.21s
[2026-01-16T09:27:57.978+0000][gc,start    ] GC(871) Pause Young (Normal) (G1 Evacuation Pause)
[2026-01-16T09:27:57.981+0000][gc,task     ] GC(871) Using 8 workers of 8 for evacuation
[2026-01-16T09:27:58.016+0000][gc,phases   ] GC(871)   Pre Evacuate Collection Set: 1.2ms
[2026-01-16T09:27:58.018+0000][gc,phases   ] GC(871)   Merge Heap Roots: 0.4ms
[2026-01-16T09:27:58.020+0000][gc,phases   ] GC(871)   Evacuate Collection Set: 30.5ms
[2026-01-16T09:27:58.020+0000][gc,phases   ] GC(871)   Post Evacuate Collection Set: 1.6ms
[2026-01-16T09:27:58.021+0000][gc,phases   ] GC(871)   Other: 0.9ms
[2026-01-16T09:27:58.022+0000][gc,heap     ] GC(871) Eden regions: 47->0(58)
[2026-01-16T09:27:58.022+0000][gc,heap     ] GC(871) Survivor regions: 4->4(7)
[2026-01-16T09:27:58.028+0000][gc,heap     ] GC(871) Old regions: 114->114
[2026-01-16T09:27:58.028+0000][gc,heap     ] GC(871) Humongous regions: 149->149
[2026-01-16T09:27:58.029+0000][gc,metaspace] GC(871) Metaspace: 15223K(15552K)->15223K(15552K) NonClass: 13492K(13632K)->13492K(13632K) Class: 1731K(1920K)->1731K(1920K)
[2026-01-16T09:27:58.031+0000][gc          ] GC(871) Pause Young (Normal) (G1 Evacuation Pause) 312M->266M(1024M) 52.848ms
[2026-01-16T09:27:58.031+0000][gc,cpu      ] GC(871) User=0.04s Sys=0.00s Real=0.06s
[2026-01-16T09:28:03.604+0000][gc,start    ] GC(872) Pause Young (Normal) (G1 Evacuation Pause)
[2026-01-16T09:28:03.611+0000][gc,task     ] GC(872) Using 8 workers of 8 for evacuation
[2026-01-16T09:28:03.722+0000][gc,phases   ] GC(872)   Pre Evacuate Collection Set: 24.8ms
[2026-01-16T09:28:03.724+0000][gc,phases   ] GC(872)   Merge Heap Roots: 1.1ms
[2026-01-16T09:28:03.725+0000][gc,phases   ] GC(872)   Evacuate Collection Set: 59.7ms
[2026-01-16T09:28:03.731+0000][gc,phases   ] GC(872)   Post Evacuate Collection Set: 22.1ms
[2026-01-16T09:28:03.731+0000][gc,phases   ] GC(872)   Other: 3.3ms
[2026-01-16T09:28:03.732+0000][gc,heap     ] GC(872) Eden regions: 59->0(132)
[2026-01-16T09:28:03.732+0000][gc,heap     ] GC(872) Survivor regions: 4->4(8)
[2026-01-16T09:28:03.732+0000][gc,heap     ] GC(872) Old regions: 114->114
[2026-01-16T09:28:03.732+0000][gc,heap     ] GC(872) Humongous regions: 149->149
[2026-01-16T09:28:03.734+0000][gc,metaspace] GC(872) Metaspace: 15224K(15552K)->15224K(15552K) NonClass: 13492K(13632K)->13492K(13632K) Class: 1731K(1920K)->1731K(1920K)
[2026-01-16T09:28:03.739+0000][gc          ] GC(872) Pause Young (Normal) (G1 Evacuation Pause) 325M->265M(1024M) 135.091ms
[2026-01-16T09:28:03.739+0000][gc,cpu      ] GC(872) User=0.14s Sys=0.03s Real=0.14s
[2026-01-16T09:28:09.445+0000][gc,start    ] GC(873) Pause Young (Normal) (G1 Evacuation Pause)
[2026-01-16T09:28:09.447+0000][gc,task     ] GC(873) Using 8 workers of 8 for evacuation
[2026-01-16T09:28:09.715+0000][gc,mmu      ] GC(873) MMU target violated: 201.0ms (200.0ms/201.0ms)
[2026-01-16T09:28:09.716+0000][gc,phases   ] GC(873)   Pre Evacuate Collection Set: 39.7ms
[2026-01-16T09:28:09.716+0000][gc,phases   ] GC(873)   Merge Heap Roots: 2.8ms
[2026-01-16T09:28:09.716+0000][gc,phases   ] GC(873)   Evacuate Collection Set: 166.0ms
[2026-01-16T09:28:09.716+0000][gc,phases   ] GC(873)   Post Evacuate Collection Set: 53.2ms
[2026-01-16T09:28:09.716+0000][gc,phases   ] GC(873)   Other: 7.2ms
[2026-01-16T09:28:09.717+0000][gc,heap     ] GC(873) Eden regions: 130->0(98)
[2026-01-16T09:28:09.717+0000][gc,heap     ] GC(873) Survivor regions: 4->2(17)
[2026-01-16T09:28:09.717+0000][gc,heap     ] GC(873) Old regions: 114->114
[2026-01-16T09:28:09.717+0000][gc,heap     ] GC(873) Humongous regions: 149->149
[2026-01-16T09:28:09.717+0000][gc,metaspace] GC(873) Metaspace: 15224K(15552K)->15224K(15552K) NonClass: 13492K(13632K)->13492K(13632K) Class: 1731K(1920K)->1731K(1920K)
[2026-01-16T09:28:09.717+0000][gc          ] GC(873) Pause Young (Normal) (G1 Evacuation Pause) 395M->264M(1024M) 278.567ms
[2026-01-16T09:28:09.720+0000][gc,cpu      ] GC(873) User=0.22s Sys=0.01s Real=0.28s
[2026-01-16T09:28:15.645+0000][gc,start    ] GC(874) Pause Young (Normal) (G1 Evacuation Pause)
[2026-01-16T09:28:15.649+0000][gc,task     ] GC(874) Using 8 workers of 8 for evacuation
[2026-01-16T09:28:16.038+0000][gc,mmu      ] GC(874) MMU target violated: 201.0ms (200.0ms/201.0ms)
[2026-01-16T09:28:16.039+0000][gc,phases   ] GC(874)   Pre Evacuate Collection Set: 15.1ms
[2026-01-16T09:28:16.044+0000][gc,phases   ] GC(874)   Merge Heap Roots: 8.1ms
[2026-01-16T09:28:16.044+0000][gc,phases   ] GC(874)   Evacuate Collection Set: 356.3ms
[2026-01-16T09:28:16.044+0000][gc,phases   ] GC(874)   Post Evacuate Collection Set: 7.0ms
[2026-01-16T09:28:16.045+0000][gc,phases   ] GC(874)   Other: 4.7ms
[2026-01-16T09:28:16.045+0000][gc,heap     ] GC(874) Eden regions: 101->0(47)
[2026-01-16T09:28:16.054+0000][gc,heap     ] GC(874) Survivor regions: 2->4(13)
[2026-01-16T09:28:16.054+0000][gc,heap     ] GC(874) Old regions: 114->114
[2026-01-16T09:28:16.055+0000][gc,heap     ] GC(874) Humongous regions: 149->149
[2026-01-16T09:28:16.055+0000][gc,metaspace] GC(874) Metaspace: 15224K(15552K)->15224K(15552K) NonClass: 13492K(13632K)->13492K(13632K) Class: 1731K(1920K)->1731K(1920K)
[2026-01-16T09:28:16.056+0000][gc          ] GC(874) Pause Young (Normal) (G1 Evacuation Pause) 365M->266M(1024M) 410.288ms
[2026-01-16T09:28:16.056+0000][gc,cpu      ] GC(874) User=0.29s Sys=0.01s Real=0.41s
[2026-01-16T09:28:17.484+0000][gc,start    ] GC(875) Pause Young (Normal) (G1 Evacuation Pause)
[2026-01-16T09:28:17.488+0000][gc,task     ] GC(875) Using 8 workers of 8 for evacuation
[2026-01-16T09:28:17.611+0000][gc,phases   ] GC(875)   Pre Evacuate Collection Set: 8.3ms
[2026-01-16T09:28:17.613+0000][gc,phases   ] GC(875)   Merge Heap Roots: 6.1ms
[2026-01-16T09:28:17.614+0000][gc,phases   ] GC(875)   Evacuate Collection Set: 90.2ms
[2026-01-16T09:28:17.616+0000][gc,phases   ] GC(875)   Post Evacuate Collection Set: 17.1ms
[2026-01-16T09:28:17.617+0000][gc,phases   ] GC(875)   Other: 1.5ms
[2026-01-16T09:28:17.619+0000][gc,heap     ] GC(875) Eden regions: 47->0(46)
[2026-01-16T09:28:17.621+0000][gc,heap     ] GC(875) Survivor regions: 4->5(7)
[2026-01-16T09:28:17.622+0000][gc,heap     ] GC(875) Old regions: 114->114
[2026-01-16T09:28:17.624+0000][gc,heap     ] GC(875) Humongous regions: 149->149
[2026-01-16T09:28:17.624+0000][gc,metaspace] GC(875) Metaspace: 15224K(15552K)->15224K(15552K) NonClass: 13492K(13632K)->13492K(13632K) Class: 1731K(1920K)->1731K(1920K)
[2026-01-16T09:28:17.624+0000][gc          ] GC(875) Pause Young (Normal) (G1 Evacuation Pause) 313M->266M(1024M) 140.048ms
[2026-01-16T09:28:17.625+0000][gc,cpu      ] GC(875) User=0.14s Sys=0.01s Real=0.14s
[2026-01-16T09:28:23.199+0000][gc,start    ] GC(876) Pause Young (Normal) (G1 Evacuation Pause)
[2026-01-16T09:28:23.203+0000][gc,task     ] GC(876) Using 8 workers of 8 for evacuation
[2026-01-16T09:28:23.451+0000][gc,mmu      ] GC(876) MMU target violated: 201.0ms (200.0ms/201.0ms)
[2026-01-16T09:28:23.452+0000][gc,phases   ] GC(876)   Pre Evacuate Collection Set: 25.3ms
[2026-01-16T09:28:23.452+0000][gc,phases   ] GC(876)   Merge Heap Roots: 5.9ms
[2026-01-16T09:28:23.452+0000][gc,phases   ] GC(876)   Evacuate Collection Set: 197.5ms
[2026-01-16T09:28:23.453+0000][gc,phases   ] GC(876)   Post Evacuate Collection Set: 18.7ms
[2026-01-16T09:28:23.453+0000][gc,phases   ] GC(876)   Other: 0.9ms
[2026-01-16T09:28:23.455+0000][gc,heap     ] GC(876) Eden regions: 46->0(90)
[2026-01-16T09:28:23.456+0000][gc,heap     ] GC(876) Survivor regions: 5->2(7)
[2026-01-16T09:28:23.457+0000][gc,heap     ] GC(876) Old regions: 114->115
[2026-01-16T09:28:23.458+0000][gc,heap     ] GC(876) Humongous regions: 149->149
[2026-01-16T09:28:23.459+0000][gc,metaspace] GC(876) Metaspace: 15224K(15552K)->15224K(15552K) NonClass: 13492K(13632K)->13492K(13632K) Class: 1731K(1920K)->1731K(1920K)
[2026-01-16T09:28:23.460+0000][gc          ] GC(876) Pause Young (Normal) (G1 Evacuation Pause) 312M->265M(1024M) 260.831ms
[2026-01-16T09:28:23.462+0000][gc,cpu      ] GC(876) User=0.24s Sys=0.01s Real=0.26s
[2026-01-16T09:28:27.201+0000][gc,start    ] GC(877) Pause Young (Normal) (G1 Evacuation Pause)
[2026-01-16T09:28:27.205+0000][gc,task     ] GC(877) Using 8 workers of 8 for evacuation
[2026-01-16T09:28:27.697+0000][gc,mmu      ] GC(877) MMU target violated: 201.0ms (200.0ms/201.0ms)
[2026-01-16T09:28:27.699+0000][gc,phases   ] GC(877)   Pre Evacuate Collection Set: 30.3ms
[2026-01-16T09:28:27.700+0000][gc,phases   ] GC(877)   Merge Heap Roots: 10.1ms
[2026-01-16T09:28:27.700+0000][gc,phases   ] GC(877)   Evacuate Collection Set: 427.8ms
[2026-01-16T09:28:27.701+0000][gc,phases   ] GC(877)   Post Evacuate Collection Set: 22.8ms
[2026-01-16T09:28:27.702+0000][gc,phases   ] GC(877)   Other: 4.3ms
[2026-01-16T09:28:27.705+0000][gc,heap     ] GC(877) Eden regions: 100->0(47)
[2026-01-16T09:28:27.707+0000][gc,heap     ] GC(877) Survivor regions: 2->4(13)
[2026-01-16T09:28:27.713+0000][gc,heap     ] GC(877) Old regions: 115->115
[2026-01-16T09:28:27.713+0000][gc,heap     ] GC(877) Humongous regions: 149->149
[2026-01-16T09:28:27.715+0000][gc,metaspace] GC(877) Metaspace: 15224K(15552K)->15224K(15552K) NonClass: 13492K(13632K)->13492K(13632K) Class: 1731K(1920K)->1731K(1920K)
[2026-01-16T09:28:27.717+0000][gc          ] GC(877) Pause Young (Normal) (G1 Evacuation Pause) 365M->266M(1024M) 516.782ms
[2026-01-16T09:28:27.718+0000][gc,cpu      ] GC(877) User=0.30s Sys=0.01s Real=0.52s
[2026-01-16T09:28:30.373+0000][gc,start    ] GC(878) Pause Young (Normal) (G1 Evacuation Pause)
[2026-01-16T09:28:30.385+0000][gc,task     ] GC(878) Using 8 workers of 8 for evacuation
[2026-01-16T09:28:31.633+0000][gc,mmu      ] GC(878) MMU target violated: 201.0ms (200.0ms/201.0ms)
[2026-01-16T09:28:31.634+0000][gc,phases   ] GC(878)   Pre Evacuate Collection Set: 60.4ms
[2026-01-16T09:28:31.634+0000][gc,phases   ] GC(878)   Merge Heap Roots: 20.8ms
[2026-01-16T09:28:31.635+0000][gc,phases   ] GC(878)   Evacuate Collection Set: 1008.6ms
[2026-01-16T09:28:31.635+0000][gc,phases   ] GC(878)   Post Evacuate Collection Set: 153.7ms
[2026-01-16T09:28:31.636+0000][gc,phases   ] GC(878)   Other: 5.8ms
[2026-01-16T09:28:31.637+0000][gc,heap     ] GC(878) Eden regions: 47->0(47)
[2026-01-16T09:28:31.637+0000][gc,heap     ] GC(878) Survivor regions: 4->4(7)
[2026-01-16T09:28:31.637+0000][gc,heap     ] GC(878) Old regions: 115->115
[2026-01-16T09:28:31.637+0000][gc,heap     ] GC(878) Humongous regions: 149->149
[2026-01-16T09:28:31.637+0000][gc,metaspace] GC(878) Metaspace: 15224K(15552K)->15224K(15552K) NonClass: 13492K(13632K)->13492K(13632K) Class: 1731K(1920K)->1731K(1920K)
[2026-01-16T09:28:31.638+0000][gc          ] GC(878) Pause Young (Normal) (G1 Evacuation Pause) 313M->267M(1024M) 1265.253ms
[2026-01-16T09:28:31.638+0000][gc,cpu      ] GC(878) User=0.51s Sys=0.06s Real=1.27s
[2026-01-16T09:28:37.027+0000][gc,start    ] GC(879) Pause Young (Normal) (G1 Evacuation Pause)
[2026-01-16T09:28:37.061+0000][gc,task     ] GC(879) Using 8 workers of 8 for evacuation
[2026-01-16T09:28:37.436+0000][gc,mmu      ] GC(879) MMU target violated: 201.0ms (200.0ms/201.0ms)
[2026-01-16T09:28:37.438+0000][gc,phases   ] GC(879)   Pre Evacuate Collection Set: 51.6ms
[2026-01-16T09:28:37.439+0000][gc,phases   ] GC(879)   Merge Heap Roots: 21.1ms
[2026-01-16T09:28:37.439+0000][gc,phases   ] GC(879)   Evacuate Collection Set: 239.8ms
[2026-01-16T09:28:37.439+0000][gc,phases   ] GC(879)   Post Evacuate Collection Set: 46.1ms
[2026-01-16T09:28:37.439+0000][gc,phases   ] GC(879)   Other: 47.6ms
[2026-01-16T09:28:37.439+0000][gc,heap     ] GC(879) Eden regions: 47->0(48)
[2026-01-16T09:28:37.440+0000][gc,heap     ] GC(879) Survivor regions: 4->3(7)
[2026-01-16T09:28:37.440+0000][gc,heap     ] GC(879) Old regions: 115->115
[2026-01-16T09:28:37.440+0000][gc,heap     ] GC(879) Humongous regions: 149->149
[2026-01-16T09:28:37.440+0000][gc,metaspace] GC(879) Metaspace: 15225K(15552K)->15225K(15552K) NonClass: 13493K(13632K)->13493K(13632K) Class: 1731K(1920K)->1731K(1920K)
[2026-01-16T09:28:37.442+0000][gc          ] GC(879) Pause Young (Normal) (G1 Evacuation Pause) 314M->265M(1024M) 414.741ms
[2026-01-16T09:28:37.450+0000][gc,cpu      ] GC(879) User=0.25s Sys=0.03s Real=0.42s
[2026-01-16T09:28:41.980+0000][gc,start    ] GC(880) Pause Young (Normal) (G1 Evacuation Pause)
[2026-01-16T09:28:41.982+0000][gc,task     ] GC(880) Using 8 workers of 8 for evacuation
[2026-01-16T09:28:42.544+0000][gc,mmu      ] GC(880) MMU target violated: 201.0ms (200.0ms/201.0ms)
[2026-01-16T09:28:42.550+0000][gc,phases   ] GC(880)   Pre Evacuate Collection Set: 27.5ms
[2026-01-16T09:28:42.553+0000][gc,phases   ] GC(880)   Merge Heap Roots: 7.0ms
[2026-01-16T09:28:42.554+0000][gc,phases   ] GC(880)   Evacuate Collection Set: 482.1ms
[2026-01-16T09:28:42.554+0000][gc,phases   ] GC(880)   Post Evacuate Collection Set: 42.8ms
[2026-01-16T09:28:42.563+0000][gc,phases   ] GC(880)   Other: 9.3ms
[2026-01-16T09:28:42.563+0000][gc,heap     ] GC(880) Eden regions: 48->0(48)
[2026-01-16T09:28:42.564+0000][gc,heap     ] GC(880) Survivor regions: 3->3(7)
[2026-01-16T09:28:42.565+0000][gc,heap     ] GC(880) Old regions: 115->115
[2026-01-16T09:28:42.566+0000][gc,heap     ] GC(880) Humongous regions: 149->149
[2026-01-16T09:28:42.566+0000][gc,metaspace] GC(880) Metaspace: 15225K(15552K)->15225K(15552K) NonClass: 13493K(13632K)->13493K(13632K) Class: 1731K(1920K)->1731K(1920K)
[2026-01-16T09:28:42.568+0000][gc          ] GC(880) Pause Young (Normal) (G1 Evacuation Pause) 313M->266M(1024M) 587.856ms
[2026-01-16T09:28:42.569+0000][gc,cpu      ] GC(880) User=0.34s Sys=0.03s Real=0.59s
[2026-01-16T09:28:44.771+0000][gc,start    ] GC(881) Pause Young (Normal) (G1 Evacuation Pause)
[2026-01-16T09:28:44.809+0000][gc,task     ] GC(881) Using 8 workers of 8 for evacuation
[2026-01-16T09:28:46.324+0000][gc,mmu      ] GC(881) MMU target violated: 201.0ms (200.0ms/201.0ms)
[2026-01-16T09:28:46.326+0000][gc,phases   ] GC(881)   Pre Evacuate Collection Set: 145.7ms
[2026-01-16T09:28:46.331+0000][gc,phases   ] GC(881)   Merge Heap Roots: 3.5ms
[2026-01-16T09:28:46.342+0000][gc,phases   ] GC(881)   Evacuate Collection Set: 1248.2ms
[2026-01-16T09:28:46.345+0000][gc,phases   ] GC(881)   Post Evacuate Collection Set: 110.6ms
[2026-01-16T09:28:46.346+0000][gc,phases   ] GC(881)   Other: 10.8ms
[2026-01-16T09:28:46.346+0000][gc,heap     ] GC(881) Eden regions: 48->0(47)
[2026-01-16T09:28:46.347+0000][gc,heap     ] GC(881) Survivor regions: 3->4(7)
[2026-01-16T09:28:46.347+0000][gc,heap     ] GC(881) Old regions: 115->115
[2026-01-16T09:28:46.349+0000][gc,heap     ] GC(881) Humongous regions: 149->149
[2026-01-16T09:28:46.350+0000][gc,metaspace] GC(881) Metaspace: 15225K(15552K)->15225K(15552K) NonClass: 13494K(13632K)->13494K(13632K) Class: 1731K(1920K)->1731K(1920K)
[2026-01-16T09:28:46.353+0000][gc          ] GC(881) Pause Young (Normal) (G1 Evacuation Pause) 314M->267M(1024M) 1584.104ms
[2026-01-16T09:28:46.366+0000][gc,cpu      ] GC(881) User=0.76s Sys=0.08s Real=1.59s
[2026-01-16T09:28:48.490+0000][gc,start    ] GC(882) Pause Young (Normal) (G1 Evacuation Pause)
[2026-01-16T09:28:48.505+0000][gc,task     ] GC(882) Using 8 workers of 8 for evacuation
[2026-01-16T09:28:48.814+0000][gc,mmu      ] GC(882) MMU target violated: 201.0ms (200.0ms/201.0ms)
[2026-01-16T09:28:48.815+0000][gc,phases   ] GC(882)   Pre Evacuate Collection Set: 42.9ms
[2026-01-16T09:28:48.816+0000][gc,phases   ] GC(882)   Merge Heap Roots: 2.2ms
[2026-01-16T09:28:48.816+0000][gc,phases   ] GC(882)   Evacuate Collection Set: 249.3ms
[2026-01-16T09:28:48.817+0000][gc,phases   ] GC(882)   Post Evacuate Collection Set: 12.3ms
[2026-01-16T09:28:48.817+0000][gc,phases   ] GC(882)   Other: 12.8ms
[2026-01-16T09:28:48.817+0000][gc,heap     ] GC(882) Eden regions: 47->0(46)
[2026-01-16T09:28:48.817+0000][gc,heap     ] GC(882) Survivor regions: 4->5(7)
[2026-01-16T09:28:48.818+0000][gc,heap     ] GC(882) Old regions: 115->115
[2026-01-16T09:28:48.819+0000][gc,heap     ] GC(882) Humongous regions: 149->149
[2026-01-16T09:28:48.819+0000][gc,metaspace] GC(882) Metaspace: 15225K(15552K)->15225K(15552K) NonClass: 13494K(13632K)->13494K(13632K) Class: 1731K(1920K)->1731K(1920K)
[2026-01-16T09:28:48.822+0000][gc          ] GC(882) Pause Young (Normal) (G1 Evacuation Pause) 314M->267M(1024M) 332.621ms
[2026-01-16T09:28:48.823+0000][gc,cpu      ] GC(882) User=0.32s Sys=0.03s Real=0.33s
[2026-01-16T09:28:51.799+0000][gc,start    ] GC(883) Pause Young (Normal) (G1 Evacuation Pause)
[2026-01-16T09:28:51.803+0000][gc,task     ] GC(883) Using 8 workers of 8 for evacuation
[2026-01-16T09:28:52.337+0000][gc,mmu      ] GC(883) MMU target violated: 201.0ms (200.0ms/201.0ms)
[2026-01-16T09:28:52.342+0000][gc,phases   ] GC(883)   Pre Evacuate Collection Set: 44.1ms
[2026-01-16T09:28:52.344+0000][gc,phases   ] GC(883)   Merge Heap Roots: 0.7ms
[2026-01-16T09:28:52.349+0000][gc,phases   ] GC(883)   Evacuate Collection Set: 456.3ms
[2026-01-16T09:28:52.353+0000][gc,phases   ] GC(883)   Post Evacuate Collection Set: 31.9ms
[2026-01-16T09:28:52.356+0000][gc,phases   ] GC(883)   Other: 6.3ms
[2026-01-16T09:28:52.360+0000][gc,heap     ] GC(883) Eden regions: 46->0(46)
[2026-01-16T09:28:52.361+0000][gc,heap     ] GC(883) Survivor regions: 5->5(7)
[2026-01-16T09:28:52.363+0000][gc,heap     ] GC(883) Old regions: 115->116
[2026-01-16T09:28:52.364+0000][gc,heap     ] GC(883) Humongous regions: 149->149
[2026-01-16T09:28:52.366+0000][gc,metaspace] GC(883) Metaspace: 15225K(15552K)->15225K(15552K) NonClass: 13494K(13632K)->13494K(13632K) Class: 1731K(1920K)->1731K(1920K)
[2026-01-16T09:28:52.366+0000][gc          ] GC(883) Pause Young (Normal) (G1 Evacuation Pause) 313M->268M(1024M) 566.820ms
[2026-01-16T09:28:52.375+0000][gc,cpu      ] GC(883) User=0.38s Sys=0.03s Real=0.57s
[2026-01-16T09:28:54.304+0000][gc,start    ] GC(884) Pause Young (Normal) (G1 Evacuation Pause)
[2026-01-16T09:28:54.342+0000][gc,task     ] GC(884) Using 8 workers of 8 for evacuation
[2026-01-16T09:28:55.638+0000][gc,mmu      ] GC(884) MMU target violated: 201.0ms (200.0ms/201.0ms)
[2026-01-16T09:28:55.640+0000][gc,phases   ] GC(884)   Pre Evacuate Collection Set: 143.8ms
[2026-01-16T09:28:55.642+0000][gc,phases   ] GC(884)   Merge Heap Roots: 4.3ms
[2026-01-16T09:28:55.643+0000][gc,phases   ] GC(884)   Evacuate Collection Set: 1093.0ms
[2026-01-16T09:28:55.643+0000][gc,phases   ] GC(884)   Post Evacuate Collection Set: 52.3ms
[2026-01-16T09:28:55.643+0000][gc,phases   ] GC(884)   Other: 10.0ms
[2026-01-16T09:28:55.644+0000][gc,heap     ] GC(884) Eden regions: 46->0(46)
[2026-01-16T09:28:55.644+0000][gc,heap     ] GC(884) Survivor regions: 5->5(7)
[2026-01-16T09:28:55.646+0000][gc,heap     ] GC(884) Old regions: 116->116
[2026-01-16T09:28:55.649+0000][gc,heap     ] GC(884) Humongous regions: 149->149
[2026-01-16T09:28:55.651+0000][gc,metaspace] GC(884) Metaspace: 15225K(15552K)->15225K(15552K) NonClass: 13494K(13632K)->13494K(13632K) Class: 1731K(1920K)->1731K(1920K)
[2026-01-16T09:28:55.651+0000][gc          ] GC(884) Pause Young (Normal) (G1 Evacuation Pause) 314M->269M(1024M) 1352.310ms
[2026-01-16T09:28:55.651+0000][gc,cpu      ] GC(884) User=0.51s Sys=0.02s Real=1.35s
[2026-01-16T09:28:56.954+0000][gc,start    ] GC(885) Pause Young (Normal) (G1 Evacuation Pause)
[2026-01-16T09:28:56.955+0000][gc,task     ] GC(885) Using 8 workers of 8 for evacuation
[2026-01-16T09:28:57.208+0000][gc,mmu      ] GC(885) MMU target violated: 201.0ms (200.0ms/201.0ms)
[2026-01-16T09:28:57.211+0000][gc,phases   ] GC(885)   Pre Evacuate Collection Set: 60.5ms
[2026-01-16T09:28:57.211+0000][gc,phases   ] GC(885)   Merge Heap Roots: 16.8ms
[2026-01-16T09:28:57.211+0000][gc,phases   ] GC(885)   Evacuate Collection Set: 169.2ms
[2026-01-16T09:28:57.212+0000][gc,phases   ] GC(885)   Post Evacuate Collection Set: 5.8ms
[2026-01-16T09:28:57.212+0000][gc,phases   ] GC(885)   Other: 3.3ms
[2026-01-16T09:28:57.212+0000][gc,heap     ] GC(885) Eden regions: 46->0(48)
[2026-01-16T09:28:57.213+0000][gc,heap     ] GC(885) Survivor regions: 5->3(7)
[2026-01-16T09:28:57.213+0000][gc,heap     ] GC(885) Old regions: 116->117
[2026-01-16T09:28:57.213+0000][gc,heap     ] GC(885) Humongous regions: 149->149
[2026-01-16T09:28:57.213+0000][gc,metaspace] GC(885) Metaspace: 15225K(15552K)->15225K(15552K) NonClass: 13494K(13632K)->13494K(13632K) Class: 1731K(1920K)->1731K(1920K)
[2026-01-16T09:28:57.214+0000][gc          ] GC(885) Pause Young (Normal) (G1 Evacuation Pause) 315M->267M(1024M) 260.377ms
[2026-01-16T09:28:57.214+0000][gc,cpu      ] GC(885) User=0.15s Sys=0.01s Real=0.26s
[2026-01-16T09:28:58.613+0000][gc,start    ] GC(886) Pause Young (Normal) (G1 Evacuation Pause)
[2026-01-16T09:28:58.617+0000][gc,task     ] GC(886) Using 8 workers of 8 for evacuation
[2026-01-16T09:28:58.924+0000][gc,mmu      ] GC(886) MMU target violated: 201.0ms (200.0ms/201.0ms)
[2026-01-16T09:28:58.925+0000][gc,phases   ] GC(886)   Pre Evacuate Collection Set: 79.1ms
[2026-01-16T09:28:58.926+0000][gc,phases   ] GC(886)   Merge Heap Roots: 2.9ms
[2026-01-16T09:28:58.926+0000][gc,phases   ] GC(886)   Evacuate Collection Set: 208.3ms
[2026-01-16T09:28:58.926+0000][gc,phases   ] GC(886)   Post Evacuate Collection Set: 15.6ms
[2026-01-16T09:28:58.926+0000][gc,phases   ] GC(886)   Other: 2.6ms
[2026-01-16T09:28:58.926+0000][gc,heap     ] GC(886) Eden regions: 48->0(47)
[2026-01-16T09:28:58.928+0000][gc,heap     ] GC(886) Survivor regions: 3->4(7)
[2026-01-16T09:28:58.930+0000][gc,heap     ] GC(886) Old regions: 117->117
[2026-01-16T09:28:58.930+0000][gc,heap     ] GC(886) Humongous regions: 149->149
[2026-01-16T09:28:58.932+0000][gc,metaspace] GC(886) Metaspace: 15225K(15552K)->15225K(15552K) NonClass: 13494K(13632K)->13494K(13632K) Class: 1731K(1920K)->1731K(1920K)
[2026-01-16T09:28:58.933+0000][gc          ] GC(886) Pause Young (Normal) (G1 Evacuation Pause) 315M->268M(1024M) 319.110ms
[2026-01-16T09:28:58.933+0000][gc,cpu      ] GC(886) User=0.11s Sys=0.01s Real=0.32s
[2026-01-16T09:29:01.028+0000][gc,start    ] GC(887) Pause Young (Normal) (G1 Evacuation Pause)
[2026-01-16T09:29:01.052+0000][gc,task     ] GC(887) Using 8 workers of 8 for evacuation
[2026-01-16T09:29:01.621+0000][gc,mmu      ] GC(887) MMU target violated: 201.0ms (200.0ms/201.0ms)
[2026-01-16T09:29:01.623+0000][gc,phases   ] GC(887)   Pre Evacuate Collection Set: 74.7ms
[2026-01-16T09:29:01.623+0000][gc,phases   ] GC(887)   Merge Heap Roots: 30.1ms
[2026-01-16T09:29:01.623+0000][gc,phases   ] GC(887)   Evacuate Collection Set: 402.7ms
[2026-01-16T09:29:01.625+0000][gc,phases   ] GC(887)   Post Evacuate Collection Set: 24.7ms
[2026-01-16T09:29:01.628+0000][gc,phases   ] GC(887)   Other: 39.0ms
[2026-01-16T09:29:01.630+0000][gc,heap     ] GC(887) Eden regions: 47->0(47)
[2026-01-16T09:29:01.633+0000][gc,heap     ] GC(887) Survivor regions: 4->4(7)
[2026-01-16T09:29:01.633+0000][gc,heap     ] GC(887) Old regions: 117->117
[2026-01-16T09:29:01.635+0000][gc,heap     ] GC(887) Humongous regions: 149->149
[2026-01-16T09:29:01.638+0000][gc,metaspace] GC(887) Metaspace: 15225K(15552K)->15225K(15552K) NonClass: 13494K(13632K)->13494K(13632K) Class: 1731K(1920K)->1731K(1920K)
[2026-01-16T09:29:01.641+0000][gc          ] GC(887) Pause Young (Normal) (G1 Evacuation Pause) 315M->269M(1024M) 612.085ms
[2026-01-16T09:29:01.641+0000][gc,cpu      ] GC(887) User=0.28s Sys=0.03s Real=0.61s
[2026-01-16T09:29:03.615+0000][gc,start    ] GC(888) Pause Young (Normal) (G1 Evacuation Pause)
[2026-01-16T09:29:03.623+0000][gc,task     ] GC(888) Using 8 workers of 8 for evacuation
[2026-01-16T09:29:03.966+0000][gc,mmu      ] GC(888) MMU target violated: 201.0ms (200.0ms/201.0ms)
[2026-01-16T09:29:03.967+0000][gc,phases   ] GC(888)   Pre Evacuate Collection Set: 26.4ms
[2026-01-16T09:29:03.971+0000][gc,phases   ] GC(888)   Merge Heap Roots: 4.5ms
[2026-01-16T09:29:03.974+0000][gc,phases   ] GC(888)   Evacuate Collection Set: 218.5ms
[2026-01-16T09:29:03.976+0000][gc,phases   ] GC(888)   Post Evacuate Collection Set: 85.6ms
[2026-01-16T09:29:03.978+0000][gc,phases   ] GC(888)   Other: 10.3ms
[2026-01-16T09:29:03.984+0000][gc,heap     ] GC(888) Eden regions: 47->0(46)
[2026-01-16T09:29:03.986+0000][gc,heap     ] GC(888) Survivor regions: 4->5(7)
[2026-01-16T09:29:03.988+0000][gc,heap     ] GC(888) Old regions: 117->117
[2026-01-16T09:29:03.988+0000][gc,heap     ] GC(888) Humongous regions: 149->149
[2026-01-16T09:29:03.989+0000][gc,metaspace] GC(888) Metaspace: 15225K(15552K)->15225K(15552K) NonClass: 13494K(13632K)->13494K(13632K) Class: 1731K(1920K)->1731K(1920K)
[2026-01-16T09:29:03.991+0000][gc          ] GC(888) Pause Young (Normal) (G1 Evacuation Pause) 316M->269M(1024M) 375.542ms
[2026-01-16T09:29:03.992+0000][gc,cpu      ] GC(888) User=0.21s Sys=0.02s Real=0.38s
[2026-01-16T09:29:04.804+0000][gc,start    ] GC(889) Pause Young (Normal) (G1 Evacuation Pause)
[2026-01-16T09:29:04.806+0000][gc,task     ] GC(889) Using 8 workers of 8 for evacuation
[2026-01-16T09:29:05.207+0000][gc,mmu      ] GC(889) MMU target violated: 201.0ms (200.0ms/201.0ms)
[2026-01-16T09:29:05.213+0000][gc,phases   ] GC(889)   Pre Evacuate Collection Set: 10.3ms
[2026-01-16T09:29:05.215+0000][gc,phases   ] GC(889)   Merge Heap Roots: 3.9ms
[2026-01-16T09:29:05.218+0000][gc,phases   ] GC(889)   Evacuate Collection Set: 371.1ms
[2026-01-16T09:29:05.220+0000][gc,phases   ] GC(889)   Post Evacuate Collection Set: 11.4ms
[2026-01-16T09:29:05.222+0000][gc,phases   ] GC(889)   Other: 10.8ms
[2026-01-16T09:29:05.224+0000][gc,heap     ] GC(889) Eden regions: 46->0(48)
[2026-01-16T09:29:05.226+0000][gc,heap     ] GC(889) Survivor regions: 5->3(7)
[2026-01-16T09:29:05.226+0000][gc,heap     ] GC(889) Old regions: 117->117
[2026-01-16T09:29:05.227+0000][gc,heap     ] GC(889) Humongous regions: 149->149
[2026-01-16T09:29:05.227+0000][gc,metaspace] GC(889) Metaspace: 15227K(15552K)->15227K(15552K) NonClass: 13495K(13632K)->13495K(13632K) Class: 1731K(1920K)->1731K(1920K)
[2026-01-16T09:29:05.228+0000][gc          ] GC(889) Pause Young (Normal) (G1 Evacuation Pause) 315M->268M(1024M) 423.843ms
[2026-01-16T09:29:05.228+0000][gc,cpu      ] GC(889) User=0.11s Sys=0.01s Real=0.43s
[2026-01-16T09:29:06.058+0000][gc,start    ] GC(890) Pause Young (Normal) (G1 Evacuation Pause)
[2026-01-16T09:29:06.060+0000][gc,task     ] GC(890) Using 8 workers of 8 for evacuation
[2026-01-16T09:29:06.172+0000][gc,phases   ] GC(890)   Pre Evacuate Collection Set: 2.2ms
[2026-01-16T09:29:06.173+0000][gc,phases   ] GC(890)   Merge Heap Roots: 0.5ms
[2026-01-16T09:29:06.174+0000][gc,phases   ] GC(890)   Evacuate Collection Set: 104.5ms
[2026-01-16T09:29:06.174+0000][gc,phases   ] GC(890)   Post Evacuate Collection Set: 4.0ms
[2026-01-16T09:29:06.174+0000][gc,phases   ] GC(890)   Other: 0.7ms
[2026-01-16T09:29:06.175+0000][gc,heap     ] GC(890) Eden regions: 48->0(47)
[2026-01-16T09:29:06.175+0000][gc,heap     ] GC(890) Survivor regions: 3->4(7)
[2026-01-16T09:29:06.176+0000][gc,heap     ] GC(890) Old regions: 117->117
[2026-01-16T09:29:06.177+0000][gc,heap     ] GC(890) Humongous regions: 149->149
[2026-01-16T09:29:06.178+0000][gc,metaspace] GC(890) Metaspace: 15227K(15552K)->15227K(15552K) NonClass: 13496K(13632K)->13496K(13632K) Class: 1731K(1920K)->1731K(1920K)
[2026-01-16T09:29:06.183+0000][gc          ] GC(890) Pause Young (Normal) (G1 Evacuation Pause) 316M->268M(1024M) 124.431ms
[2026-01-16T09:29:06.183+0000][gc,cpu      ] GC(890) User=0.07s Sys=0.01s Real=0.12s
[2026-01-16T09:29:06.586+0000][gc,start    ] GC(891) Pause Young (Normal) (G1 Evacuation Pause)
[2026-01-16T09:29:06.588+0000][gc,task     ] GC(891) Using 8 workers of 8 for evacuation
[2026-01-16T09:29:06.673+0000][gc,phases   ] GC(891)   Pre Evacuate Collection Set: 14.6ms
[2026-01-16T09:29:06.674+0000][gc,phases   ] GC(891)   Merge Heap Roots: 0.4ms
[2026-01-16T09:29:06.674+0000][gc,phases   ] GC(891)   Evacuate Collection Set: 64.8ms
[2026-01-16T09:29:06.674+0000][gc,phases   ] GC(891)   Post Evacuate Collection Set: 4.6ms
[2026-01-16T09:29:06.675+0000][gc,phases   ] GC(891)   Other: 0.7ms
[2026-01-16T09:29:06.675+0000][gc,heap     ] GC(891) Eden regions: 47->0(47)
[2026-01-16T09:29:06.675+0000][gc,heap     ] GC(891) Survivor regions: 4->4(7)
[2026-01-16T09:29:06.675+0000][gc,heap     ] GC(891) Old regions: 117->117
[2026-01-16T09:29:06.677+0000][gc,heap     ] GC(891) Humongous regions: 149->149
[2026-01-16T09:29:06.677+0000][gc,metaspace] GC(891) Metaspace: 15227K(15552K)->15227K(15552K) NonClass: 13496K(13632K)->13496K(13632K) Class: 1731K(1920K)->1731K(1920K)
[2026-01-16T09:29:06.678+0000][gc          ] GC(891) Pause Young (Normal) (G1 Evacuation Pause) 315M->269M(1024M) 92.220ms
[2026-01-16T09:29:06.680+0000][gc,cpu      ] GC(891) User=0.07s Sys=0.01s Real=0.09s
[2026-01-16T09:29:07.187+0000][gc,start    ] GC(892) Pause Young (Normal) (G1 Evacuation Pause)
[2026-01-16T09:29:07.187+0000][gc,task     ] GC(892) Using 8 workers of 8 for evacuation
[2026-01-16T09:29:07.222+0000][gc,phases   ] GC(892)   Pre Evacuate Collection Set: 0.7ms
[2026-01-16T09:29:07.222+0000][gc,phases   ] GC(892)   Merge Heap Roots: 0.7ms
[2026-01-16T09:29:07.223+0000][gc,phases   ] GC(892)   Evacuate Collection Set: 31.7ms
[2026-01-16T09:29:07.227+0000][gc,phases   ] GC(892)   Post Evacuate Collection Set: 1.2ms
[2026-01-16T09:29:07.227+0000][gc,phases   ] GC(892)   Other: 0.3ms
[2026-01-16T09:29:07.227+0000][gc,heap     ] GC(892) Eden regions: 47->0(87)
[2026-01-16T09:29:07.228+0000][gc,heap     ] GC(892) Survivor regions: 4->2(7)
[2026-01-16T09:29:07.228+0000][gc,heap     ] GC(892) Old regions: 117->117
[2026-01-16T09:29:07.228+0000][gc,heap     ] GC(892) Humongous regions: 149->149
[2026-01-16T09:29:07.228+0000][gc,metaspace] GC(892) Metaspace: 15227K(15552K)->15227K(15552K) NonClass: 13496K(13632K)->13496K(13632K) Class: 1731K(1920K)->1731K(1920K)
[2026-01-16T09:29:07.228+0000][gc          ] GC(892) Pause Young (Normal) (G1 Evacuation Pause) 316M->267M(1024M) 41.375ms
[2026-01-16T09:29:07.228+0000][gc,cpu      ] GC(892) User=0.03s Sys=0.01s Real=0.04s
[2026-01-16T09:29:12.879+0000][gc,start    ] GC(893) Pause Young (Normal) (G1 Evacuation Pause)
[2026-01-16T09:29:12.883+0000][gc,task     ] GC(893) Using 8 workers of 8 for evacuation
[2026-01-16T09:29:13.203+0000][gc,mmu      ] GC(893) MMU target violated: 201.0ms (200.0ms/201.0ms)
[2026-01-16T09:29:13.207+0000][gc,phases   ] GC(893)   Pre Evacuate Collection Set: 60.1ms
[2026-01-16T09:29:13.207+0000][gc,phases   ] GC(893)   Merge Heap Roots: 1.7ms
[2026-01-16T09:29:13.207+0000][gc,phases   ] GC(893)   Evacuate Collection Set: 225.5ms
[2026-01-16T09:29:13.208+0000][gc,phases   ] GC(893)   Post Evacuate Collection Set: 32.0ms
[2026-01-16T09:29:13.208+0000][gc,phases   ] GC(893)   Other: 4.8ms
[2026-01-16T09:29:13.208+0000][gc,heap     ] GC(893) Eden regions: 94->0(52)
[2026-01-16T09:29:13.208+0000][gc,heap     ] GC(893) Survivor regions: 2->1(12)
[2026-01-16T09:29:13.209+0000][gc,heap     ] GC(893) Old regions: 117->117
[2026-01-16T09:29:13.209+0000][gc,heap     ] GC(893) Humongous regions: 149->149
[2026-01-16T09:29:13.209+0000][gc,metaspace] GC(893) Metaspace: 15230K(15552K)->15230K(15552K) NonClass: 13498K(13632K)->13498K(13632K) Class: 1731K(1920K)->1731K(1920K)
[2026-01-16T09:29:13.209+0000][gc          ] GC(893) Pause Young (Normal) (G1 Evacuation Pause) 361M->266M(1024M) 330.288ms
[2026-01-16T09:29:13.209+0000][gc,cpu      ] GC(893) User=0.26s Sys=0.02s Real=0.33s
[2026-01-16T09:29:14.608+0000][gc,start    ] GC(894) Pause Young (Normal) (G1 Evacuation Pause)
[2026-01-16T09:29:14.609+0000][gc,task     ] GC(894) Using 8 workers of 8 for evacuation
[2026-01-16T09:29:14.717+0000][gc,phases   ] GC(894)   Pre Evacuate Collection Set: 9.7ms
[2026-01-16T09:29:14.725+0000][gc,phases   ] GC(894)   Merge Heap Roots: 2.0ms
[2026-01-16T09:29:14.725+0000][gc,phases   ] GC(894)   Evacuate Collection Set: 87.0ms
[2026-01-16T09:29:14.725+0000][gc,phases   ] GC(894)   Post Evacuate Collection Set: 7.4ms
[2026-01-16T09:29:14.725+0000][gc,phases   ] GC(894)   Other: 2.4ms
[2026-01-16T09:29:14.727+0000][gc,heap     ] GC(894) Eden regions: 50->0(49)
[2026-01-16T09:29:14.728+0000][gc,heap     ] GC(894) Survivor regions: 1->2(7)
[2026-01-16T09:29:14.729+0000][gc,heap     ] GC(894) Old regions: 117->117
[2026-01-16T09:29:14.729+0000][gc,heap     ] GC(894) Humongous regions: 149->149
[2026-01-16T09:29:14.729+0000][gc,metaspace] GC(894) Metaspace: 15230K(15552K)->15230K(15552K) NonClass: 13498K(13632K)->13498K(13632K) Class: 1731K(1920K)->1731K(1920K)
[2026-01-16T09:29:14.730+0000][gc          ] GC(894) Pause Young (Normal) (G1 Evacuation Pause) 316M->267M(1024M) 121.784ms
[2026-01-16T09:29:14.730+0000][gc,cpu      ] GC(894) User=0.09s Sys=0.00s Real=0.12s
[2026-01-16T09:29:15.379+0000][gc,start    ] GC(895) Pause Young (Normal) (G1 Evacuation Pause)
[2026-01-16T09:29:15.382+0000][gc,task     ] GC(895) Using 8 workers of 8 for evacuation
[2026-01-16T09:29:15.457+0000][gc,phases   ] GC(895)   Pre Evacuate Collection Set: 1.0ms
[2026-01-16T09:29:15.459+0000][gc,phases   ] GC(895)   Merge Heap Roots: 0.3ms
[2026-01-16T09:29:15.460+0000][gc,phases   ] GC(895)   Evacuate Collection Set: 65.3ms
[2026-01-16T09:29:15.461+0000][gc,phases   ] GC(895)   Post Evacuate Collection Set: 2.3ms
[2026-01-16T09:29:15.463+0000][gc,phases   ] GC(895)   Other: 1.9ms
[2026-01-16T09:29:15.465+0000][gc,heap     ] GC(895) Eden regions: 49->0(59)
[2026-01-16T09:29:15.467+0000][gc,heap     ] GC(895) Survivor regions: 2->3(7)
[2026-01-16T09:29:15.468+0000][gc,heap     ] GC(895) Old regions: 117->117
[2026-01-16T09:29:15.469+0000][gc,heap     ] GC(895) Humongous regions: 149->149
[2026-01-16T09:29:15.470+0000][gc,metaspace] GC(895) Metaspace: 15230K(15552K)->15230K(15552K) NonClass: 13498K(13632K)->13498K(13632K) Class: 1731K(1920K)->1731K(1920K)
[2026-01-16T09:29:15.470+0000][gc          ] GC(895) Pause Young (Normal) (G1 Evacuation Pause) 316M->267M(1024M) 90.992ms
[2026-01-16T09:29:15.470+0000][gc,cpu      ] GC(895) User=0.04s Sys=0.01s Real=0.09s
[2026-01-16T09:29:16.400+0000][gc,start    ] GC(896) Pause Young (Normal) (G1 Evacuation Pause)
[2026-01-16T09:29:16.404+0000][gc,task     ] GC(896) Using 8 workers of 8 for evacuation
[2026-01-16T09:29:16.529+0000][gc,phases   ] GC(896)   Pre Evacuate Collection Set: 10.0ms
[2026-01-16T09:29:16.529+0000][gc,phases   ] GC(896)   Merge Heap Roots: 0.4ms
[2026-01-16T09:29:16.529+0000][gc,phases   ] GC(896)   Evacuate Collection Set: 108.8ms
[2026-01-16T09:29:16.530+0000][gc,phases   ] GC(896)   Post Evacuate Collection Set: 3.1ms
[2026-01-16T09:29:16.531+0000][gc,phases   ] GC(896)   Other: 2.2ms
[2026-01-16T09:29:16.532+0000][gc,heap     ] GC(896) Eden regions: 49->0(48)
[2026-01-16T09:29:16.533+0000][gc,heap     ] GC(896) Survivor regions: 3->4(7)
[2026-01-16T09:29:16.533+0000][gc,heap     ] GC(896) Old regions: 117->117
[2026-01-16T09:29:16.533+0000][gc,heap     ] GC(896) Humongous regions: 149->149
[2026-01-16T09:29:16.533+0000][gc,metaspace] GC(896) Metaspace: 15230K(15552K)->15230K(15552K) NonClass: 13498K(13632K)->13498K(13632K) Class: 1731K(1920K)->1731K(1920K)
[2026-01-16T09:29:16.533+0000][gc          ] GC(896) Pause Young (Normal) (G1 Evacuation Pause) 316M->268M(1024M) 133.203ms
[2026-01-16T09:29:16.533+0000][gc,cpu      ] GC(896) User=0.09s Sys=0.01s Real=0.13s
[2026-01-16T09:29:23.241+0000][gc,start    ] GC(897) Pause Young (Normal) (G1 Evacuation Pause)
[2026-01-16T09:29:23.244+0000][gc,task     ] GC(897) Using 8 workers of 8 for evacuation
[2026-01-16T09:29:23.368+0000][gc,phases   ] GC(897)   Pre Evacuate Collection Set: 14.1ms
[2026-01-16T09:29:23.369+0000][gc,phases   ] GC(897)   Merge Heap Roots: 1.1ms
[2026-01-16T09:29:23.369+0000][gc,phases   ] GC(897)   Evacuate Collection Set: 94.8ms
[2026-01-16T09:29:23.370+0000][gc,phases   ] GC(897)   Post Evacuate Collection Set: 12.1ms
[2026-01-16T09:29:23.370+0000][gc,phases   ] GC(897)   Other: 2.4ms
[2026-01-16T09:29:23.370+0000][gc,heap     ] GC(897) Eden regions: 47->0(163)
[2026-01-16T09:29:23.371+0000][gc,heap     ] GC(897) Survivor regions: 4->2(7)
[2026-01-16T09:29:23.371+0000][gc,heap     ] GC(897) Old regions: 117->117
[2026-01-16T09:29:23.371+0000][gc,heap     ] GC(897) Humongous regions: 149->149
[2026-01-16T09:29:23.371+0000][gc,metaspace] GC(897) Metaspace: 15230K(15552K)->15230K(15552K) NonClass: 13499K(13632K)->13499K(13632K) Class: 1731K(1920K)->1731K(1920K)
[2026-01-16T09:29:23.372+0000][gc          ] GC(897) Pause Young (Normal) (G1 Evacuation Pause) 315M->266M(1024M) 130.941ms
[2026-01-16T09:29:23.372+0000][gc,cpu      ] GC(897) User=0.16s Sys=0.01s Real=0.13s
[2026-01-16T09:29:30.315+0000][gc,start    ] GC(898) Pause Young (Normal) (G1 Evacuation Pause)
[2026-01-16T09:29:30.335+0000][gc,task     ] GC(898) Using 8 workers of 8 for evacuation
[2026-01-16T09:29:31.079+0000][gc,mmu      ] GC(898) MMU target violated: 201.0ms (200.0ms/201.0ms)
[2026-01-16T09:29:31.084+0000][gc,phases   ] GC(898)   Pre Evacuate Collection Set: 58.7ms
[2026-01-16T09:29:31.088+0000][gc,phases   ] GC(898)   Merge Heap Roots: 14.3ms
[2026-01-16T09:29:31.090+0000][gc,phases   ] GC(898)   Evacuate Collection Set: 527.0ms
[2026-01-16T09:29:31.090+0000][gc,phases   ] GC(898)   Post Evacuate Collection Set: 135.4ms
[2026-01-16T09:29:31.091+0000][gc,phases   ] GC(898)   Other: 15.3ms
[2026-01-16T09:29:31.092+0000][gc,heap     ] GC(898) Eden regions: 163->0(47)
[2026-01-16T09:29:31.092+0000][gc,heap     ] GC(898) Survivor regions: 2->4(21)
[2026-01-16T09:29:31.093+0000][gc,heap     ] GC(898) Old regions: 117->117
[2026-01-16T09:29:31.093+0000][gc,heap     ] GC(898) Humongous regions: 149->149
[2026-01-16T09:29:31.093+0000][gc,metaspace] GC(898) Metaspace: 15232K(15552K)->15232K(15552K) NonClass: 13501K(13632K)->13501K(13632K) Class: 1731K(1920K)->1731K(1920K)
[2026-01-16T09:29:31.097+0000][gc          ] GC(898) Pause Young (Normal) (G1 Evacuation Pause) 429M->268M(1024M) 785.780ms
[2026-01-16T09:29:31.101+0000][gc,cpu      ] GC(898) User=0.77s Sys=0.13s Real=0.79s
[2026-01-16T09:29:35.381+0000][gc,start    ] GC(899) Pause Young (Normal) (G1 Evacuation Pause)
[2026-01-16T09:29:35.389+0000][gc,task     ] GC(899) Using 8 workers of 8 for evacuation
[2026-01-16T09:29:35.626+0000][gc,mmu      ] GC(899) MMU target violated: 201.0ms (200.0ms/201.0ms)
[2026-01-16T09:29:35.635+0000][gc,phases   ] GC(899)   Pre Evacuate Collection Set: 62.2ms
[2026-01-16T09:29:35.636+0000][gc,phases   ] GC(899)   Merge Heap Roots: 7.5ms
[2026-01-16T09:29:35.636+0000][gc,phases   ] GC(899)   Evacuate Collection Set: 148.0ms
[2026-01-16T09:29:35.639+0000][gc,phases   ] GC(899)   Post Evacuate Collection Set: 13.1ms
[2026-01-16T09:29:35.640+0000][gc,phases   ] GC(899)   Other: 18.5ms
[2026-01-16T09:29:35.641+0000][gc,heap     ] GC(899) Eden regions: 47->0(49)
[2026-01-16T09:29:35.641+0000][gc,heap     ] GC(899) Survivor regions: 4->2(7)
[2026-01-16T09:29:35.641+0000][gc,heap     ] GC(899) Old regions: 117->117
[2026-01-16T09:29:35.642+0000][gc,heap     ] GC(899) Humongous regions: 149->149
[2026-01-16T09:29:35.642+0000][gc,metaspace] GC(899) Metaspace: 15240K(15552K)->15240K(15552K) NonClass: 13508K(13632K)->13508K(13632K) Class: 1731K(1920K)->1731K(1920K)
[2026-01-16T09:29:35.643+0000][gc          ] GC(899) Pause Young (Normal) (G1 Evacuation Pause) 315M->266M(1024M) 261.694ms
[2026-01-16T09:29:35.643+0000][gc,cpu      ] GC(899) User=0.20s Sys=0.01s Real=0.26s
[2026-01-16T09:29:38.778+0000][gc,start    ] GC(900) Pause Young (Normal) (G1 Evacuation Pause)
[2026-01-16T09:29:38.782+0000][gc,task     ] GC(900) Using 8 workers of 8 for evacuation
[2026-01-16T09:29:38.970+0000][gc,phases   ] GC(900)   Pre Evacuate Collection Set: 39.6ms
[2026-01-16T09:29:38.970+0000][gc,phases   ] GC(900)   Merge Heap Roots: 1.2ms
[2026-01-16T09:29:38.971+0000][gc,phases   ] GC(900)   Evacuate Collection Set: 123.1ms
[2026-01-16T09:29:38.971+0000][gc,phases   ] GC(900)   Post Evacuate Collection Set: 21.6ms
[2026-01-16T09:29:38.971+0000][gc,phases   ] GC(900)   Other: 2.8ms
[2026-01-16T09:29:38.971+0000][gc,heap     ] GC(900) Eden regions: 49->0(48)
[2026-01-16T09:29:38.971+0000][gc,heap     ] GC(900) Survivor regions: 2->3(7)
[2026-01-16T09:29:38.971+0000][gc,heap     ] GC(900) Old regions: 117->117
[2026-01-16T09:29:38.971+0000][gc,heap     ] GC(900) Humongous regions: 149->149
[2026-01-16T09:29:38.972+0000][gc,metaspace] GC(900) Metaspace: 15241K(15616K)->15241K(15616K) NonClass: 13509K(13696K)->13509K(13696K) Class: 1731K(1920K)->1731K(1920K)
[2026-01-16T09:29:38.972+0000][gc          ] GC(900) Pause Young (Normal) (G1 Evacuation Pause) 315M->267M(1024M) 194.150ms
[2026-01-16T09:29:38.972+0000][gc,cpu      ] GC(900) User=0.18s Sys=0.02s Real=0.20s
[2026-01-16T09:29:40.696+0000][gc,start    ] GC(901) Pause Young (Normal) (G1 Evacuation Pause)
[2026-01-16T09:29:40.697+0000][gc,task     ] GC(901) Using 8 workers of 8 for evacuation
[2026-01-16T09:29:41.056+0000][gc,mmu      ] GC(901) MMU target violated: 201.0ms (200.0ms/201.0ms)
[2026-01-16T09:29:41.072+0000][gc,phases   ] GC(901)   Pre Evacuate Collection Set: 17.6ms
[2026-01-16T09:29:41.083+0000][gc,phases   ] GC(901)   Merge Heap Roots: 1.1ms
[2026-01-16T09:29:41.088+0000][gc,phases   ] GC(901)   Evacuate Collection Set: 304.8ms
[2026-01-16T09:29:41.089+0000][gc,phases   ] GC(901)   Post Evacuate Collection Set: 34.4ms
[2026-01-16T09:29:41.093+0000][gc,phases   ] GC(901)   Other: 16.8ms
[2026-01-16T09:29:41.101+0000][gc,heap     ] GC(901) Eden regions: 48->0(48)
[2026-01-16T09:29:41.113+0000][gc,heap     ] GC(901) Survivor regions: 3->3(7)
[2026-01-16T09:29:41.117+0000][gc,heap     ] GC(901) Old regions: 117->117
[2026-01-16T09:29:41.118+0000][gc,heap     ] GC(901) Humongous regions: 149->149
[2026-01-16T09:29:41.119+0000][gc,metaspace] GC(901) Metaspace: 15245K(15616K)->15245K(15616K) NonClass: 13513K(13696K)->13513K(13696K) Class: 1731K(1920K)->1731K(1920K)
[2026-01-16T09:29:41.120+0000][gc          ] GC(901) Pause Young (Normal) (G1 Evacuation Pause) 315M->268M(1024M) 424.709ms
[2026-01-16T09:29:41.121+0000][gc,cpu      ] GC(901) User=0.17s Sys=0.01s Real=0.43s
[2026-01-16T09:29:43.774+0000][gc,start    ] GC(902) Pause Young (Normal) (G1 Evacuation Pause)
[2026-01-16T09:29:43.785+0000][gc,task     ] GC(902) Using 8 workers of 8 for evacuation
[2026-01-16T09:29:44.016+0000][gc,mmu      ] GC(902) MMU target violated: 201.0ms (200.0ms/201.0ms)
[2026-01-16T09:29:44.017+0000][gc,phases   ] GC(902)   Pre Evacuate Collection Set: 34.6ms
[2026-01-16T09:29:44.018+0000][gc,phases   ] GC(902)   Merge Heap Roots: 10.4ms
[2026-01-16T09:29:44.018+0000][gc,phases   ] GC(902)   Evacuate Collection Set: 145.6ms
[2026-01-16T09:29:44.019+0000][gc,phases   ] GC(902)   Post Evacuate Collection Set: 39.1ms
[2026-01-16T09:29:44.019+0000][gc,phases   ] GC(902)   Other: 2.8ms
[2026-01-16T09:29:44.019+0000][gc,heap     ] GC(902) Eden regions: 48->0(49)
[2026-01-16T09:29:44.019+0000][gc,heap     ] GC(902) Survivor regions: 3->2(7)
[2026-01-16T09:29:44.021+0000][gc,heap     ] GC(902) Old regions: 117->117
[2026-01-16T09:29:44.023+0000][gc,heap     ] GC(902) Humongous regions: 149->149
[2026-01-16T09:29:44.023+0000][gc,metaspace] GC(902) Metaspace: 15275K(15616K)->15275K(15616K) NonClass: 13543K(13696K)->13543K(13696K) Class: 1731K(1920K)->1731K(1920K)
[2026-01-16T09:29:44.025+0000][gc          ] GC(902) Pause Young (Normal) (G1 Evacuation Pause) 316M->266M(1024M) 250.599ms
[2026-01-16T09:29:44.026+0000][gc,cpu      ] GC(902) User=0.19s Sys=0.02s Real=0.25s
[2026-01-16T09:29:47.209+0000][gc,start    ] GC(903) Pause Young (Normal) (G1 Evacuation Pause)
[2026-01-16T09:29:47.212+0000][gc,task     ] GC(903) Using 8 workers of 8 for evacuation
[2026-01-16T09:29:47.884+0000][gc,mmu      ] GC(903) MMU target violated: 201.0ms (200.0ms/201.0ms)
[2026-01-16T09:29:47.889+0000][gc,phases   ] GC(903)   Pre Evacuate Collection Set: 31.1ms
[2026-01-16T09:29:47.892+0000][gc,phases   ] GC(903)   Merge Heap Roots: 1.6ms
[2026-01-16T09:29:47.893+0000][gc,phases   ] GC(903)   Evacuate Collection Set: 527.9ms
[2026-01-16T09:29:47.893+0000][gc,phases   ] GC(903)   Post Evacuate Collection Set: 109.0ms
[2026-01-16T09:29:47.894+0000][gc,phases   ] GC(903)   Other: 8.5ms
[2026-01-16T09:29:47.894+0000][gc,heap     ] GC(903) Eden regions: 49->0(49)
[2026-01-16T09:29:47.894+0000][gc,heap     ] GC(903) Survivor regions: 2->2(7)
[2026-01-16T09:29:47.895+0000][gc,heap     ] GC(903) Old regions: 117->117
[2026-01-16T09:29:47.895+0000][gc,heap     ] GC(903) Humongous regions: 149->149
[2026-01-16T09:29:47.896+0000][gc,metaspace] GC(903) Metaspace: 15284K(15680K)->15284K(15680K) NonClass: 13553K(13760K)->13553K(13760K) Class: 1731K(1920K)->1731K(1920K)
[2026-01-16T09:29:47.896+0000][gc          ] GC(903) Pause Young (Normal) (G1 Evacuation Pause) 315M->267M(1024M) 687.288ms
[2026-01-16T09:29:47.897+0000][gc,cpu      ] GC(903) User=0.41s Sys=0.03s Real=0.68s
[2026-01-16T09:29:52.847+0000][gc,start    ] GC(904) Pause Young (Normal) (G1 Evacuation Pause)
[2026-01-16T09:29:52.858+0000][gc,task     ] GC(904) Using 8 workers of 8 for evacuation
[2026-01-16T09:29:53.442+0000][gc,mmu      ] GC(904) MMU target violated: 201.0ms (200.0ms/201.0ms)
[2026-01-16T09:29:53.445+0000][gc,phases   ] GC(904)   Pre Evacuate Collection Set: 76.2ms
[2026-01-16T09:29:53.445+0000][gc,phases   ] GC(904)   Merge Heap Roots: 9.4ms
[2026-01-16T09:29:53.446+0000][gc,phases   ] GC(904)   Evacuate Collection Set: 446.7ms
[2026-01-16T09:29:53.446+0000][gc,phases   ] GC(904)   Post Evacuate Collection Set: 43.4ms
[2026-01-16T09:29:53.447+0000][gc,phases   ] GC(904)   Other: 18.0ms
[2026-01-16T09:29:53.447+0000][gc,heap     ] GC(904) Eden regions: 49->0(48)
[2026-01-16T09:29:53.448+0000][gc,heap     ] GC(904) Survivor regions: 2->3(7)
[2026-01-16T09:29:53.448+0000][gc,heap     ] GC(904) Old regions: 117->117
[2026-01-16T09:29:53.450+0000][gc,heap     ] GC(904) Humongous regions: 149->149
[2026-01-16T09:29:53.451+0000][gc,metaspace] GC(904) Metaspace: 15290K(15680K)->15290K(15680K) NonClass: 13559K(13760K)->13559K(13760K) Class: 1731K(1920K)->1731K(1920K)
[2026-01-16T09:29:53.452+0000][gc          ] GC(904) Pause Young (Normal) (G1 Evacuation Pause) 316M->268M(1024M) 604.813ms
[2026-01-16T09:29:53.454+0000][gc,cpu      ] GC(904) User=0.42s Sys=0.03s Real=0.61s
[2026-01-16T09:29:57.569+0000][gc,start    ] GC(905) Pause Young (Normal) (G1 Evacuation Pause)
[2026-01-16T09:29:57.572+0000][gc,task     ] GC(905) Using 8 workers of 8 for evacuation
[2026-01-16T09:29:57.939+0000][gc,mmu      ] GC(905) MMU target violated: 201.0ms (200.0ms/201.0ms)
[2026-01-16T09:29:57.941+0000][gc,phases   ] GC(905)   Pre Evacuate Collection Set: 97.1ms
[2026-01-16T09:29:57.941+0000][gc,phases   ] GC(905)   Merge Heap Roots: 1.6ms
[2026-01-16T09:29:57.941+0000][gc,phases   ] GC(905)   Evacuate Collection Set: 248.7ms
[2026-01-16T09:29:57.942+0000][gc,phases   ] GC(905)   Post Evacuate Collection Set: 18.4ms
[2026-01-16T09:29:57.942+0000][gc,phases   ] GC(905)   Other: 3.5ms
[2026-01-16T09:29:57.942+0000][gc,heap     ] GC(905) Eden regions: 48->0(47)
[2026-01-16T09:29:57.943+0000][gc,heap     ] GC(905) Survivor regions: 3->4(7)
[2026-01-16T09:29:57.943+0000][gc,heap     ] GC(905) Old regions: 117->117
[2026-01-16T09:29:57.943+0000][gc,heap     ] GC(905) Humongous regions: 149->149
[2026-01-16T09:29:57.946+0000][gc,metaspace] GC(905) Metaspace: 15298K(15680K)->15298K(15680K) NonClass: 13566K(13760K)->13566K(13760K) Class: 1731K(1920K)->1731K(1920K)
[2026-01-16T09:29:57.947+0000][gc          ] GC(905) Pause Young (Normal) (G1 Evacuation Pause) 316M->269M(1024M) 378.446ms
[2026-01-16T09:29:57.953+0000][gc,cpu      ] GC(905) User=0.28s Sys=0.01s Real=0.38s
[2026-01-16T09:30:02.416+0000][gc,start    ] GC(906) Pause Young (Normal) (G1 Evacuation Pause)
[2026-01-16T09:30:02.419+0000][gc,task     ] GC(906) Using 8 workers of 8 for evacuation
[2026-01-16T09:30:03.651+0000][gc,mmu      ] GC(906) MMU target violated: 201.0ms (200.0ms/201.0ms)
[2026-01-16T09:30:03.652+0000][gc,phases   ] GC(906)   Pre Evacuate Collection Set: 204.4ms
[2026-01-16T09:30:03.655+0000][gc,phases   ] GC(906)   Merge Heap Roots: 28.1ms
[2026-01-16T09:30:03.658+0000][gc,phases   ] GC(906)   Evacuate Collection Set: 945.2ms
[2026-01-16T09:30:03.660+0000][gc,phases   ] GC(906)   Post Evacuate Collection Set: 33.2ms
[2026-01-16T09:30:03.660+0000][gc,phases   ] GC(906)   Other: 22.6ms
[2026-01-16T09:30:03.661+0000][gc,heap     ] GC(906) Eden regions: 47->0(46)
[2026-01-16T09:30:03.661+0000][gc,heap     ] GC(906) Survivor regions: 4->5(7)
[2026-01-16T09:30:03.661+0000][gc,heap     ] GC(906) Old regions: 117->117
[2026-01-16T09:30:03.662+0000][gc,heap     ] GC(906) Humongous regions: 149->149
[2026-01-16T09:30:03.662+0000][gc,metaspace] GC(906) Metaspace: 15301K(15680K)->15301K(15680K) NonClass: 13569K(13760K)->13569K(13760K) Class: 1731K(1920K)->1731K(1920K)
[2026-01-16T09:30:03.662+0000][gc          ] GC(906) Pause Young (Normal) (G1 Evacuation Pause) 316M->269M(1024M) 1246.481ms
[2026-01-16T09:30:03.664+0000][gc,cpu      ] GC(906) User=0.51s Sys=0.04s Real=1.26s
[2026-01-16T09:30:06.972+0000][gc,start    ] GC(907) Pause Young (Normal) (G1 Evacuation Pause)
[2026-01-16T09:30:06.974+0000][gc,task     ] GC(907) Using 8 workers of 8 for evacuation
[2026-01-16T09:30:08.594+0000][gc,mmu      ] GC(907) MMU target violated: 201.0ms (200.0ms/201.0ms)
[2026-01-16T09:30:08.600+0000][gc,phases   ] GC(907)   Pre Evacuate Collection Set: 32.3ms
[2026-01-16T09:30:08.605+0000][gc,phases   ] GC(907)   Merge Heap Roots: 2.7ms
[2026-01-16T09:30:08.608+0000][gc,phases   ] GC(907)   Evacuate Collection Set: 1184.9ms
[2026-01-16T09:30:08.612+0000][gc,phases   ] GC(907)   Post Evacuate Collection Set: 399.6ms
[2026-01-16T09:30:08.620+0000][gc,phases   ] GC(907)   Other: 7.1ms
[2026-01-16T09:30:08.626+0000][gc,heap     ] GC(907) Eden regions: 46->0(46)
[2026-01-16T09:30:08.629+0000][gc,heap     ] GC(907) Survivor regions: 5->5(7)
[2026-01-16T09:30:08.630+0000][gc,heap     ] GC(907) Old regions: 117->118
[2026-01-16T09:30:08.631+0000][gc,heap     ] GC(907) Humongous regions: 149->149
[2026-01-16T09:30:08.635+0000][gc,metaspace] GC(907) Metaspace: 15306K(15680K)->15306K(15680K) NonClass: 13574K(13760K)->13574K(13760K) Class: 1731K(1920K)->1731K(1920K)
[2026-01-16T09:30:08.645+0000][gc          ] GC(907) Pause Young (Normal) (G1 Evacuation Pause) 315M->270M(1024M) 1672.641ms
[2026-01-16T09:30:08.658+0000][gc,cpu      ] GC(907) User=0.80s Sys=0.08s Real=1.69s
[2026-01-16T09:30:13.288+0000][gc,start    ] GC(908) Pause Young (Normal) (G1 Evacuation Pause)
[2026-01-16T09:30:13.290+0000][gc,task     ] GC(908) Using 8 workers of 8 for evacuation
[2026-01-16T09:30:13.632+0000][gc,mmu      ] GC(908) MMU target violated: 201.0ms (200.0ms/201.0ms)
[2026-01-16T09:30:13.633+0000][gc,phases   ] GC(908)   Pre Evacuate Collection Set: 32.5ms
[2026-01-16T09:30:13.633+0000][gc,phases   ] GC(908)   Merge Heap Roots: 4.0ms
[2026-01-16T09:30:13.633+0000][gc,phases   ] GC(908)   Evacuate Collection Set: 275.1ms
[2026-01-16T09:30:13.634+0000][gc,phases   ] GC(908)   Post Evacuate Collection Set: 30.0ms
[2026-01-16T09:30:13.634+0000][gc,phases   ] GC(908)   Other: 1.2ms
[2026-01-16T09:30:13.634+0000][gc,heap     ] GC(908) Eden regions: 46->0(48)
[2026-01-16T09:30:13.635+0000][gc,heap     ] GC(908) Survivor regions: 5->3(7)
[2026-01-16T09:30:13.635+0000][gc,heap     ] GC(908) Old regions: 118->118
[2026-01-16T09:30:13.635+0000][gc,heap     ] GC(908) Humongous regions: 149->149
[2026-01-16T09:30:13.635+0000][gc,metaspace] GC(908) Metaspace: 15325K(15680K)->15325K(15680K) NonClass: 13594K(13760K)->13594K(13760K) Class: 1731K(1920K)->1731K(1920K)
[2026-01-16T09:30:13.636+0000][gc          ] GC(908) Pause Young (Normal) (G1 Evacuation Pause) 316M->269M(1024M) 347.934ms
[2026-01-16T09:30:13.637+0000][gc,cpu      ] GC(908) User=0.28s Sys=0.03s Real=0.36s
[2026-01-16T09:30:15.907+0000][gc,start    ] GC(909) Pause Young (Normal) (G1 Evacuation Pause)
[2026-01-16T09:30:15.916+0000][gc,task     ] GC(909) Using 8 workers of 8 for evacuation
[2026-01-16T09:30:16.117+0000][gc,phases   ] GC(909)   Pre Evacuate Collection Set: 34.8ms
[2026-01-16T09:30:16.118+0000][gc,phases   ] GC(909)   Merge Heap Roots: 8.0ms
[2026-01-16T09:30:16.119+0000][gc,phases   ] GC(909)   Evacuate Collection Set: 130.0ms
[2026-01-16T09:30:16.119+0000][gc,phases   ] GC(909)   Post Evacuate Collection Set: 13.1ms
[2026-01-16T09:30:16.121+0000][gc,phases   ] GC(909)   Other: 14.6ms
[2026-01-16T09:30:16.122+0000][gc,heap     ] GC(909) Eden regions: 48->0(47)
[2026-01-16T09:30:16.123+0000][gc,heap     ] GC(909) Survivor regions: 3->4(7)
[2026-01-16T09:30:16.124+0000][gc,heap     ] GC(909) Old regions: 118->118
[2026-01-16T09:30:16.124+0000][gc,heap     ] GC(909) Humongous regions: 149->149
[2026-01-16T09:30:16.124+0000][gc,metaspace] GC(909) Metaspace: 15327K(15680K)->15327K(15680K) NonClass: 13595K(13760K)->13595K(13760K) Class: 1731K(1920K)->1731K(1920K)
[2026-01-16T09:30:16.125+0000][gc          ] GC(909) Pause Young (Normal) (G1 Evacuation Pause) 317M->269M(1024M) 217.486ms
[2026-01-16T09:30:16.125+0000][gc,cpu      ] GC(909) User=0.15s Sys=0.00s Real=0.21s
[2026-01-16T09:30:17.173+0000][gc,start    ] GC(910) Pause Young (Normal) (G1 Evacuation Pause)
[2026-01-16T09:30:17.174+0000][gc,task     ] GC(910) Using 8 workers of 8 for evacuation
[2026-01-16T09:30:17.310+0000][gc,phases   ] GC(910)   Pre Evacuate Collection Set: 5.0ms
[2026-01-16T09:30:17.315+0000][gc,phases   ] GC(910)   Merge Heap Roots: 1.5ms
[2026-01-16T09:30:17.316+0000][gc,phases   ] GC(910)   Evacuate Collection Set: 115.8ms
[2026-01-16T09:30:17.316+0000][gc,phases   ] GC(910)   Post Evacuate Collection Set: 11.4ms
[2026-01-16T09:30:17.316+0000][gc,phases   ] GC(910)   Other: 3.0ms
[2026-01-16T09:30:17.317+0000][gc,heap     ] GC(910) Eden regions: 47->0(47)
[2026-01-16T09:30:17.317+0000][gc,heap     ] GC(910) Survivor regions: 4->4(7)
[2026-01-16T09:30:17.318+0000][gc,heap     ] GC(910) Old regions: 118->118
[2026-01-16T09:30:17.318+0000][gc,heap     ] GC(910) Humongous regions: 149->149
[2026-01-16T09:30:17.319+0000][gc,metaspace] GC(910) Metaspace: 15328K(15680K)->15328K(15680K) NonClass: 13596K(13760K)->13596K(13760K) Class: 1731K(1920K)->1731K(1920K)
[2026-01-16T09:30:17.319+0000][gc          ] GC(910) Pause Young (Normal) (G1 Evacuation Pause) 316M->270M(1024M) 146.448ms
[2026-01-16T09:30:17.319+0000][gc,cpu      ] GC(910) User=0.07s Sys=0.01s Real=0.15s
[2026-01-16T09:30:17.897+0000][gc,start    ] GC(911) Pause Young (Normal) (G1 Evacuation Pause)
[2026-01-16T09:30:17.908+0000][gc,task     ] GC(911) Using 8 workers of 8 for evacuation
[2026-01-16T09:30:18.084+0000][gc,phases   ] GC(911)   Pre Evacuate Collection Set: 6.0ms
[2026-01-16T09:30:18.088+0000][gc,phases   ] GC(911)   Merge Heap Roots: 1.3ms
[2026-01-16T09:30:18.091+0000][gc,phases   ] GC(911)   Evacuate Collection Set: 156.9ms
[2026-01-16T09:30:18.094+0000][gc,phases   ] GC(911)   Post Evacuate Collection Set: 9.1ms
[2026-01-16T09:30:18.096+0000][gc,phases   ] GC(911)   Other: 2.3ms
[2026-01-16T09:30:18.099+0000][gc,heap     ] GC(911) Eden regions: 47->0(46)
[2026-01-16T09:30:18.102+0000][gc,heap     ] GC(911) Survivor regions: 4->5(7)
[2026-01-16T09:30:18.104+0000][gc,heap     ] GC(911) Old regions: 118->118
[2026-01-16T09:30:18.105+0000][gc,heap     ] GC(911) Humongous regions: 149->149
[2026-01-16T09:30:18.106+0000][gc,metaspace] GC(911) Metaspace: 15328K(15680K)->15328K(15680K) NonClass: 13596K(13760K)->13596K(13760K) Class: 1731K(1920K)->1731K(1920K)
[2026-01-16T09:30:18.106+0000][gc          ] GC(911) Pause Young (Normal) (G1 Evacuation Pause) 317M->271M(1024M) 209.555ms
[2026-01-16T09:30:18.107+0000][gc,cpu      ] GC(911) User=0.09s Sys=0.01s Real=0.22s
[2026-01-16T09:30:18.665+0000][gc,start    ] GC(912) Pause Young (Normal) (G1 Evacuation Pause)
[2026-01-16T09:30:18.666+0000][gc,task     ] GC(912) Using 8 workers of 8 for evacuation
[2026-01-16T09:30:18.813+0000][gc,phases   ] GC(912)   Pre Evacuate Collection Set: 6.4ms
[2026-01-16T09:30:18.814+0000][gc,phases   ] GC(912)   Merge Heap Roots: 0.5ms
[2026-01-16T09:30:18.814+0000][gc,phases   ] GC(912)   Evacuate Collection Set: 135.0ms
[2026-01-16T09:30:18.814+0000][gc,phases   ] GC(912)   Post Evacuate Collection Set: 3.7ms
[2026-01-16T09:30:18.816+0000][gc,phases   ] GC(912)   Other: 2.1ms
[2026-01-16T09:30:18.816+0000][gc,heap     ] GC(912) Eden regions: 46->0(46)
[2026-01-16T09:30:18.816+0000][gc,heap     ] GC(912) Survivor regions: 5->5(7)
[2026-01-16T09:30:18.819+0000][gc,heap     ] GC(912) Old regions: 118->119
[2026-01-16T09:30:18.821+0000][gc,heap     ] GC(912) Humongous regions: 149->149
[2026-01-16T09:30:18.822+0000][gc,metaspace] GC(912) Metaspace: 15329K(15680K)->15329K(15680K) NonClass: 13597K(13760K)->13597K(13760K) Class: 1731K(1920K)->1731K(1920K)
[2026-01-16T09:30:18.822+0000][gc          ] GC(912) Pause Young (Normal) (G1 Evacuation Pause) 317M->271M(1024M) 156.913ms
[2026-01-16T09:30:18.824+0000][gc,cpu      ] GC(912) User=0.13s Sys=0.01s Real=0.16s
[2026-01-16T09:30:19.229+0000][gc,start    ] GC(913) Pause Young (Normal) (G1 Evacuation Pause)
[2026-01-16T09:30:19.230+0000][gc,task     ] GC(913) Using 8 workers of 8 for evacuation
[2026-01-16T09:30:19.270+0000][gc,phases   ] GC(913)   Pre Evacuate Collection Set: 1.2ms
[2026-01-16T09:30:19.270+0000][gc,phases   ] GC(913)   Merge Heap Roots: 0.6ms
[2026-01-16T09:30:19.270+0000][gc,phases   ] GC(913)   Evacuate Collection Set: 35.8ms
[2026-01-16T09:30:19.270+0000][gc,phases   ] GC(913)   Post Evacuate Collection Set: 1.8ms
[2026-01-16T09:30:19.271+0000][gc,phases   ] GC(913)   Other: 0.2ms
[2026-01-16T09:30:19.271+0000][gc,heap     ] GC(913) Eden regions: 46->0(46)
[2026-01-16T09:30:19.271+0000][gc,heap     ] GC(913) Survivor regions: 5->5(7)
[2026-01-16T09:30:19.272+0000][gc,heap     ] GC(913) Old regions: 119->120
[2026-01-16T09:30:19.272+0000][gc,heap     ] GC(913) Humongous regions: 149->149
[2026-01-16T09:30:19.272+0000][gc,metaspace] GC(913) Metaspace: 15332K(15680K)->15332K(15680K) NonClass: 13600K(13760K)->13600K(13760K) Class: 1731K(1920K)->1731K(1920K)
[2026-01-16T09:30:19.273+0000][gc          ] GC(913) Pause Young (Normal) (G1 Evacuation Pause) 317M->272M(1024M) 43.525ms
[2026-01-16T09:30:19.273+0000][gc,cpu      ] GC(913) User=0.07s Sys=0.00s Real=0.04s
[2026-01-16T09:30:19.490+0000][gc,start    ] GC(914) Pause Young (Normal) (G1 Evacuation Pause)
[2026-01-16T09:30:19.490+0000][gc,task     ] GC(914) Using 8 workers of 8 for evacuation
[2026-01-16T09:30:19.591+0000][gc,phases   ] GC(914)   Pre Evacuate Collection Set: 3.1ms
[2026-01-16T09:30:19.593+0000][gc,phases   ] GC(914)   Merge Heap Roots: 0.3ms
[2026-01-16T09:30:19.595+0000][gc,phases   ] GC(914)   Evacuate Collection Set: 92.1ms
[2026-01-16T09:30:19.596+0000][gc,phases   ] GC(914)   Post Evacuate Collection Set: 4.9ms
[2026-01-16T09:30:19.597+0000][gc,phases   ] GC(914)   Other: 0.3ms
[2026-01-16T09:30:19.605+0000][gc,heap     ] GC(914) Eden regions: 46->0(46)
[2026-01-16T09:30:19.606+0000][gc,heap     ] GC(914) Survivor regions: 5->5(7)
[2026-01-16T09:30:19.606+0000][gc,heap     ] GC(914) Old regions: 120->120
[2026-01-16T09:30:19.608+0000][gc,heap     ] GC(914) Humongous regions: 149->149
[2026-01-16T09:30:19.608+0000][gc,metaspace] GC(914) Metaspace: 15333K(15680K)->15333K(15680K) NonClass: 13602K(13760K)->13602K(13760K) Class: 1731K(1920K)->1731K(1920K)
[2026-01-16T09:30:19.611+0000][gc          ] GC(914) Pause Young (Normal) (G1 Evacuation Pause) 318M->273M(1024M) 120.464ms
[2026-01-16T09:30:19.613+0000][gc,cpu      ] GC(914) User=0.10s Sys=0.02s Real=0.12s
[2026-01-16T09:30:19.981+0000][gc,start    ] GC(915) Pause Young (Normal) (G1 Evacuation Pause)
[2026-01-16T09:30:19.982+0000][gc,task     ] GC(915) Using 8 workers of 8 for evacuation
[2026-01-16T09:30:20.131+0000][gc,phases   ] GC(915)   Pre Evacuate Collection Set: 0.6ms
[2026-01-16T09:30:20.132+0000][gc,phases   ] GC(915)   Merge Heap Roots: 0.6ms
[2026-01-16T09:30:20.134+0000][gc,phases   ] GC(915)   Evacuate Collection Set: 143.0ms
[2026-01-16T09:30:20.135+0000][gc,phases   ] GC(915)   Post Evacuate Collection Set: 4.4ms
[2026-01-16T09:30:20.135+0000][gc,phases   ] GC(915)   Other: 0.5ms
[2026-01-16T09:30:20.135+0000][gc,heap     ] GC(915) Eden regions: 46->0(46)
[2026-01-16T09:30:20.136+0000][gc,heap     ] GC(915) Survivor regions: 5->5(7)
[2026-01-16T09:30:20.136+0000][gc,heap     ] GC(915) Old regions: 120->121
[2026-01-16T09:30:20.136+0000][gc,heap     ] GC(915) Humongous regions: 149->149
[2026-01-16T09:30:20.136+0000][gc,metaspace] GC(915) Metaspace: 15340K(15680K)->15340K(15680K) NonClass: 13609K(13760K)->13609K(13760K) Class: 1731K(1920K)->1731K(1920K)
[2026-01-16T09:30:20.137+0000][gc          ] GC(915) Pause Young (Normal) (G1 Evacuation Pause) 319M->273M(1024M) 155.800ms
[2026-01-16T09:30:20.138+0000][gc,cpu      ] GC(915) User=0.07s Sys=0.01s Real=0.16s
[2026-01-16T09:30:20.384+0000][gc,start    ] GC(916) Pause Young (Normal) (G1 Evacuation Pause)
[2026-01-16T09:30:20.388+0000][gc,task     ] GC(916) Using 8 workers of 8 for evacuation
[2026-01-16T09:30:20.475+0000][gc,phases   ] GC(916)   Pre Evacuate Collection Set: 6.4ms
[2026-01-16T09:30:20.478+0000][gc,phases   ] GC(916)   Merge Heap Roots: 0.3ms
[2026-01-16T09:30:20.479+0000][gc,phases   ] GC(916)   Evacuate Collection Set: 76.8ms
[2026-01-16T09:30:20.480+0000][gc,phases   ] GC(916)   Post Evacuate Collection Set: 2.6ms
[2026-01-16T09:30:20.483+0000][gc,phases   ] GC(916)   Other: 1.2ms
[2026-01-16T09:30:20.485+0000][gc,heap     ] GC(916) Eden regions: 46->0(46)
[2026-01-16T09:30:20.485+0000][gc,heap     ] GC(916) Survivor regions: 5->5(7)
[2026-01-16T09:30:20.485+0000][gc,heap     ] GC(916) Old regions: 121->122
[2026-01-16T09:30:20.485+0000][gc,heap     ] GC(916) Humongous regions: 149->149
[2026-01-16T09:30:20.485+0000][gc,metaspace] GC(916) Metaspace: 15340K(15680K)->15340K(15680K) NonClass: 13609K(13760K)->13609K(13760K) Class: 1731K(1920K)->1731K(1920K)
[2026-01-16T09:30:20.486+0000][gc          ] GC(916) Pause Young (Normal) (G1 Evacuation Pause) 319M->274M(1024M) 101.789ms
[2026-01-16T09:30:20.486+0000][gc,cpu      ] GC(916) User=0.09s Sys=0.00s Real=0.10s
[2026-01-16T09:30:21.028+0000][gc,start    ] GC(917) Pause Young (Normal) (G1 Evacuation Pause)
[2026-01-16T09:30:21.030+0000][gc,task     ] GC(917) Using 8 workers of 8 for evacuation
[2026-01-16T09:30:21.252+0000][gc,mmu      ] GC(917) MMU target violated: 201.0ms (200.0ms/201.0ms)
[2026-01-16T09:30:21.253+0000][gc,phases   ] GC(917)   Pre Evacuate Collection Set: 0.9ms
[2026-01-16T09:30:21.253+0000][gc,phases   ] GC(917)   Merge Heap Roots: 0.2ms
[2026-01-16T09:30:21.253+0000][gc,phases   ] GC(917)   Evacuate Collection Set: 203.3ms
[2026-01-16T09:30:21.253+0000][gc,phases   ] GC(917)   Post Evacuate Collection Set: 15.9ms
[2026-01-16T09:30:21.253+0000][gc,phases   ] GC(917)   Other: 2.5ms
[2026-01-16T09:30:21.253+0000][gc,heap     ] GC(917) Eden regions: 52->0(46)
[2026-01-16T09:30:21.253+0000][gc,heap     ] GC(917) Survivor regions: 5->5(8)
[2026-01-16T09:30:21.253+0000][gc,heap     ] GC(917) Old regions: 122->122
[2026-01-16T09:30:21.254+0000][gc,heap     ] GC(917) Humongous regions: 149->149
[2026-01-16T09:30:21.255+0000][gc,metaspace] GC(917) Metaspace: 15342K(15680K)->15342K(15680K) NonClass: 13610K(13760K)->13610K(13760K) Class: 1731K(1920K)->1731K(1920K)
[2026-01-16T09:30:21.258+0000][gc          ] GC(917) Pause Young (Normal) (G1 Evacuation Pause) 326M->275M(1024M) 229.986ms
[2026-01-16T09:30:21.258+0000][gc,cpu      ] GC(917) User=0.17s Sys=0.03s Real=0.24s
[2026-01-16T09:30:23.500+0000][gc,start    ] GC(918) Pause Young (Normal) (G1 Evacuation Pause)
[2026-01-16T09:30:23.504+0000][gc,task     ] GC(918) Using 8 workers of 8 for evacuation
[2026-01-16T09:30:23.886+0000][gc,mmu      ] GC(918) MMU target violated: 201.0ms (200.0ms/201.0ms)
[2026-01-16T09:30:23.886+0000][gc,phases   ] GC(918)   Pre Evacuate Collection Set: 18.2ms
[2026-01-16T09:30:23.886+0000][gc,phases   ] GC(918)   Merge Heap Roots: 0.4ms
[2026-01-16T09:30:23.886+0000][gc,phases   ] GC(918)   Evacuate Collection Set: 337.7ms
[2026-01-16T09:30:23.886+0000][gc,phases   ] GC(918)   Post Evacuate Collection Set: 24.4ms
[2026-01-16T09:30:23.886+0000][gc,phases   ] GC(918)   Other: 1.2ms
[2026-01-16T09:30:23.886+0000][gc,heap     ] GC(918) Eden regions: 46->0(46)
[2026-01-16T09:30:23.886+0000][gc,heap     ] GC(918) Survivor regions: 5->5(7)
[2026-01-16T09:30:23.888+0000][gc,heap     ] GC(918) Old regions: 122->123
[2026-01-16T09:30:23.889+0000][gc,heap     ] GC(918) Humongous regions: 149->149
[2026-01-16T09:30:23.889+0000][gc,metaspace] GC(918) Metaspace: 15346K(15680K)->15346K(15680K) NonClass: 13615K(13760K)->13615K(13760K) Class: 1731K(1920K)->1731K(1920K)
[2026-01-16T09:30:23.891+0000][gc          ] GC(918) Pause Young (Normal) (G1 Evacuation Pause) 321M->275M(1024M) 390.683ms
[2026-01-16T09:30:23.892+0000][gc,cpu      ] GC(918) User=0.24s Sys=0.01s Real=0.39s
[2026-01-16T09:30:25.239+0000][gc,start    ] GC(919) Pause Young (Normal) (G1 Evacuation Pause)
[2026-01-16T09:30:25.240+0000][gc,task     ] GC(919) Using 8 workers of 8 for evacuation
[2026-01-16T09:30:25.405+0000][gc,phases   ] GC(919)   Pre Evacuate Collection Set: 15.8ms
[2026-01-16T09:30:25.416+0000][gc,phases   ] GC(919)   Merge Heap Roots: 8.8ms
[2026-01-16T09:30:25.416+0000][gc,phases   ] GC(919)   Evacuate Collection Set: 131.6ms
[2026-01-16T09:30:25.416+0000][gc,phases   ] GC(919)   Post Evacuate Collection Set: 7.8ms
[2026-01-16T09:30:25.416+0000][gc,phases   ] GC(919)   Other: 0.8ms
[2026-01-16T09:30:25.416+0000][gc,heap     ] GC(919) Eden regions: 46->0(46)
[2026-01-16T09:30:25.416+0000][gc,heap     ] GC(919) Survivor regions: 5->5(7)
[2026-01-16T09:30:25.417+0000][gc,heap     ] GC(919) Old regions: 123->124
[2026-01-16T09:30:25.417+0000][gc,heap     ] GC(919) Humongous regions: 149->149
[2026-01-16T09:30:25.417+0000][gc,metaspace] GC(919) Metaspace: 15362K(15680K)->15362K(15680K) NonClass: 13631K(13760K)->13631K(13760K) Class: 1731K(1920K)->1731K(1920K)
[2026-01-16T09:30:25.418+0000][gc          ] GC(919) Pause Young (Normal) (G1 Evacuation Pause) 321M->276M(1024M) 178.813ms
[2026-01-16T09:30:25.420+0000][gc,cpu      ] GC(919) User=0.20s Sys=0.01s Real=0.17s
[2026-01-16T09:30:26.081+0000][gc,start    ] GC(920) Pause Young (Normal) (G1 Evacuation Pause)
[2026-01-16T09:30:26.082+0000][gc,task     ] GC(920) Using 8 workers of 8 for evacuation
[2026-01-16T09:30:26.188+0000][gc,phases   ] GC(920)   Pre Evacuate Collection Set: 9.0ms
[2026-01-16T09:30:26.188+0000][gc,phases   ] GC(920)   Merge Heap Roots: 0.1ms
[2026-01-16T09:30:26.188+0000][gc,phases   ] GC(920)   Evacuate Collection Set: 90.1ms
[2026-01-16T09:30:26.188+0000][gc,phases   ] GC(920)   Post Evacuate Collection Set: 6.2ms
[2026-01-16T09:30:26.189+0000][gc,phases   ] GC(920)   Other: 0.6ms
[2026-01-16T09:30:26.189+0000][gc,heap     ] GC(920) Eden regions: 46->0(46)
[2026-01-16T09:30:26.189+0000][gc,heap     ] GC(920) Survivor regions: 5->5(7)
[2026-01-16T09:30:26.190+0000][gc,heap     ] GC(920) Old regions: 124->125
[2026-01-16T09:30:26.190+0000][gc,heap     ] GC(920) Humongous regions: 149->149
[2026-01-16T09:30:26.190+0000][gc,metaspace] GC(920) Metaspace: 15379K(15744K)->15379K(15744K) NonClass: 13648K(13824K)->13648K(13824K) Class: 1731K(1920K)->1731K(1920K)
[2026-01-16T09:30:26.190+0000][gc          ] GC(920) Pause Young (Normal) (G1 Evacuation Pause) 322M->277M(1024M) 109.044ms
[2026-01-16T09:30:26.192+0000][gc,cpu      ] GC(920) User=0.08s Sys=0.01s Real=0.11s
[2026-01-16T09:30:26.811+0000][gc,start    ] GC(921) Pause Young (Normal) (G1 Evacuation Pause)
[2026-01-16T09:30:26.812+0000][gc,task     ] GC(921) Using 8 workers of 8 for evacuation
[2026-01-16T09:30:26.893+0000][gc,phases   ] GC(921)   Pre Evacuate Collection Set: 5.9ms
[2026-01-16T09:30:26.894+0000][gc,phases   ] GC(921)   Merge Heap Roots: 0.4ms
[2026-01-16T09:30:26.894+0000][gc,phases   ] GC(921)   Evacuate Collection Set: 72.0ms
[2026-01-16T09:30:26.895+0000][gc,phases   ] GC(921)   Post Evacuate Collection Set: 2.1ms
[2026-01-16T09:30:26.895+0000][gc,phases   ] GC(921)   Other: 0.7ms
[2026-01-16T09:30:26.895+0000][gc,heap     ] GC(921) Eden regions: 46->0(133)
[2026-01-16T09:30:26.896+0000][gc,heap     ] GC(921) Survivor regions: 5->4(7)
[2026-01-16T09:30:26.897+0000][gc,heap     ] GC(921) Old regions: 125->126
[2026-01-16T09:30:26.899+0000][gc,heap     ] GC(921) Humongous regions: 149->149
[2026-01-16T09:30:26.901+0000][gc,metaspace] GC(921) Metaspace: 15387K(15744K)->15387K(15744K) NonClass: 13656K(13824K)->13656K(13824K) Class: 1731K(1920K)->1731K(1920K)
[2026-01-16T09:30:26.902+0000][gc          ] GC(921) Pause Young (Normal) (G1 Evacuation Pause) 323M->277M(1024M) 91.162ms
[2026-01-16T09:30:26.905+0000][gc,cpu      ] GC(921) User=0.10s Sys=0.00s Real=0.09s
[2026-01-16T09:30:38.461+0000][gc,start    ] GC(922) Pause Young (Normal) (G1 Evacuation Pause)
[2026-01-16T09:30:38.466+0000][gc,task     ] GC(922) Using 8 workers of 8 for evacuation
[2026-01-16T09:30:38.682+0000][gc,mmu      ] GC(922) MMU target violated: 201.0ms (200.0ms/201.0ms)
[2026-01-16T09:30:38.682+0000][gc,phases   ] GC(922)   Pre Evacuate Collection Set: 24.8ms
[2026-01-16T09:30:38.685+0000][gc,phases   ] GC(922)   Merge Heap Roots: 6.1ms
[2026-01-16T09:30:38.687+0000][gc,phases   ] GC(922)   Evacuate Collection Set: 170.5ms
[2026-01-16T09:30:38.689+0000][gc,phases   ] GC(922)   Post Evacuate Collection Set: 13.4ms
[2026-01-16T09:30:38.689+0000][gc,phases   ] GC(922)   Other: 1.5ms
[2026-01-16T09:30:38.690+0000][gc,heap     ] GC(922) Eden regions: 120->0(98)
[2026-01-16T09:30:38.690+0000][gc,heap     ] GC(922) Survivor regions: 4->4(16)
[2026-01-16T09:30:38.690+0000][gc,heap     ] GC(922) Old regions: 126->126
[2026-01-16T09:30:38.691+0000][gc,heap     ] GC(922) Humongous regions: 149->149
[2026-01-16T09:30:38.691+0000][gc,metaspace] GC(922) Metaspace: 15387K(15744K)->15387K(15744K) NonClass: 13656K(13824K)->13656K(13824K) Class: 1731K(1920K)->1731K(1920K)
[2026-01-16T09:30:38.691+0000][gc          ] GC(922) Pause Young (Normal) (G1 Evacuation Pause) 397M->277M(1024M) 230.460ms
[2026-01-16T09:30:38.692+0000][gc,cpu      ] GC(922) User=0.34s Sys=0.01s Real=0.23s
[2026-01-16T09:30:43.147+0000][gc,start    ] GC(923) Pause Young (Normal) (G1 Evacuation Pause)
[2026-01-16T09:30:43.148+0000][gc,task     ] GC(923) Using 8 workers of 8 for evacuation
[2026-01-16T09:30:43.320+0000][gc,phases   ] GC(923)   Pre Evacuate Collection Set: 37.3ms
[2026-01-16T09:30:43.320+0000][gc,phases   ] GC(923)   Merge Heap Roots: 7.1ms
[2026-01-16T09:30:43.321+0000][gc,phases   ] GC(923)   Evacuate Collection Set: 117.7ms
[2026-01-16T09:30:43.321+0000][gc,phases   ] GC(923)   Post Evacuate Collection Set: 8.3ms
[2026-01-16T09:30:43.321+0000][gc,phases   ] GC(923)   Other: 1.8ms
[2026-01-16T09:30:43.321+0000][gc,heap     ] GC(923) Eden regions: 90->0(177)
[2026-01-16T09:30:43.322+0000][gc,heap     ] GC(923) Survivor regions: 4->3(12)
[2026-01-16T09:30:43.322+0000][gc,heap     ] GC(923) Old regions: 126->126
[2026-01-16T09:30:43.322+0000][gc,heap     ] GC(923) Humongous regions: 149->149
[2026-01-16T09:30:43.323+0000][gc,metaspace] GC(923) Metaspace: 15388K(15744K)->15388K(15744K) NonClass: 13656K(13824K)->13656K(13824K) Class: 1731K(1920K)->1731K(1920K)
[2026-01-16T09:30:43.323+0000][gc          ] GC(923) Pause Young (Normal) (G1 Evacuation Pause) 367M->276M(1024M) 176.326ms
[2026-01-16T09:30:43.323+0000][gc,cpu      ] GC(923) User=0.17s Sys=0.02s Real=0.17s
[2026-01-16T09:30:53.748+0000][gc,start    ] GC(924) Pause Young (Normal) (G1 Evacuation Pause)
[2026-01-16T09:30:53.753+0000][gc,task     ] GC(924) Using 8 workers of 8 for evacuation
[2026-01-16T09:30:54.183+0000][gc,mmu      ] GC(924) MMU target violated: 201.0ms (200.0ms/201.0ms)
[2026-01-16T09:30:54.183+0000][gc,phases   ] GC(924)   Pre Evacuate Collection Set: 65.2ms
[2026-01-16T09:30:54.183+0000][gc,phases   ] GC(924)   Merge Heap Roots: 14.2ms
[2026-01-16T09:30:54.183+0000][gc,phases   ] GC(924)   Evacuate Collection Set: 267.8ms
[2026-01-16T09:30:54.183+0000][gc,phases   ] GC(924)   Post Evacuate Collection Set: 82.0ms
[2026-01-16T09:30:54.184+0000][gc,phases   ] GC(924)   Other: 3.2ms
[2026-01-16T09:30:54.185+0000][gc,heap     ] GC(924) Eden regions: 175->0(48)
[2026-01-16T09:30:54.185+0000][gc,heap     ] GC(924) Survivor regions: 3->3(23)
[2026-01-16T09:30:54.186+0000][gc,heap     ] GC(924) Old regions: 126->126
[2026-01-16T09:30:54.187+0000][gc,heap     ] GC(924) Humongous regions: 149->149
[2026-01-16T09:30:54.187+0000][gc,metaspace] GC(924) Metaspace: 15388K(15744K)->15388K(15744K) NonClass: 13656K(13824K)->13656K(13824K) Class: 1731K(1920K)->1731K(1920K)
[2026-01-16T09:30:54.189+0000][gc          ] GC(924) Pause Young (Normal) (G1 Evacuation Pause) 451M->276M(1024M) 441.552ms
[2026-01-16T09:30:54.190+0000][gc,cpu      ] GC(924) User=0.32s Sys=0.14s Real=0.44s
[2026-01-16T09:30:55.989+0000][gc,start    ] GC(925) Pause Young (Normal) (G1 Evacuation Pause)
[2026-01-16T09:30:55.992+0000][gc,task     ] GC(925) Using 8 workers of 8 for evacuation
[2026-01-16T09:30:56.123+0000][gc,phases   ] GC(925)   Pre Evacuate Collection Set: 17.9ms
[2026-01-16T09:30:56.125+0000][gc,phases   ] GC(925)   Merge Heap Roots: 0.6ms
[2026-01-16T09:30:56.126+0000][gc,phases   ] GC(925)   Evacuate Collection Set: 105.9ms
[2026-01-16T09:30:56.129+0000][gc,phases   ] GC(925)   Post Evacuate Collection Set: 6.0ms
[2026-01-16T09:30:56.130+0000][gc,phases   ] GC(925)   Other: 0.5ms
[2026-01-16T09:30:56.130+0000][gc,heap     ] GC(925) Eden regions: 48->0(47)
[2026-01-16T09:30:56.131+0000][gc,heap     ] GC(925) Survivor regions: 3->4(7)
[2026-01-16T09:30:56.131+0000][gc,heap     ] GC(925) Old regions: 126->126
[2026-01-16T09:30:56.131+0000][gc,heap     ] GC(925) Humongous regions: 149->149
[2026-01-16T09:30:56.132+0000][gc,metaspace] GC(925) Metaspace: 15388K(15744K)->15388K(15744K) NonClass: 13656K(13824K)->13656K(13824K) Class: 1731K(1920K)->1731K(1920K)
[2026-01-16T09:30:56.132+0000][gc          ] GC(925) Pause Young (Normal) (G1 Evacuation Pause) 324M->277M(1024M) 143.382ms
[2026-01-16T09:30:56.133+0000][gc,cpu      ] GC(925) User=0.13s Sys=0.01s Real=0.14s
[2026-01-16T09:30:57.365+0000][gc,start    ] GC(926) Pause Young (Normal) (G1 Evacuation Pause)
[2026-01-16T09:30:57.367+0000][gc,task     ] GC(926) Using 8 workers of 8 for evacuation
[2026-01-16T09:30:57.559+0000][gc,phases   ] GC(926)   Pre Evacuate Collection Set: 11.5ms
[2026-01-16T09:30:57.564+0000][gc,phases   ] GC(926)   Merge Heap Roots: 8.0ms
[2026-01-16T09:30:57.564+0000][gc,phases   ] GC(926)   Evacuate Collection Set: 149.6ms
[2026-01-16T09:30:57.565+0000][gc,phases   ] GC(926)   Post Evacuate Collection Set: 21.3ms
[2026-01-16T09:30:57.565+0000][gc,phases   ] GC(926)   Other: 1.4ms
[2026-01-16T09:30:57.566+0000][gc,heap     ] GC(926) Eden regions: 47->0(47)
[2026-01-16T09:30:57.566+0000][gc,heap     ] GC(926) Survivor regions: 4->4(7)
[2026-01-16T09:30:57.567+0000][gc,heap     ] GC(926) Old regions: 126->126
[2026-01-16T09:30:57.568+0000][gc,heap     ] GC(926) Humongous regions: 149->149
[2026-01-16T09:30:57.569+0000][gc,metaspace] GC(926) Metaspace: 15388K(15744K)->15388K(15744K) NonClass: 13656K(13824K)->13656K(13824K) Class: 1731K(1920K)->1731K(1920K)
[2026-01-16T09:30:57.570+0000][gc          ] GC(926) Pause Young (Normal) (G1 Evacuation Pause) 324M->277M(1024M) 204.098ms
[2026-01-16T09:30:57.570+0000][gc,cpu      ] GC(926) User=0.14s Sys=0.00s Real=0.20s
[2026-01-16T09:30:58.667+0000][gc,start    ] GC(927) Pause Young (Normal) (G1 Evacuation Pause)
[2026-01-16T09:30:58.668+0000][gc,task     ] GC(927) Using 8 workers of 8 for evacuation
[2026-01-16T09:30:58.768+0000][gc,phases   ] GC(927)   Pre Evacuate Collection Set: 10.9ms
[2026-01-16T09:30:58.771+0000][gc,phases   ] GC(927)   Merge Heap Roots: 0.3ms
[2026-01-16T09:30:58.772+0000][gc,phases   ] GC(927)   Evacuate Collection Set: 78.8ms
[2026-01-16T09:30:58.772+0000][gc,phases   ] GC(927)   Post Evacuate Collection Set: 10.0ms
[2026-01-16T09:30:58.774+0000][gc,phases   ] GC(927)   Other: 0.7ms
[2026-01-16T09:30:58.775+0000][gc,heap     ] GC(927) Eden regions: 47->0(46)
[2026-01-16T09:30:58.775+0000][gc,heap     ] GC(927) Survivor regions: 4->5(7)
[2026-01-16T09:30:58.776+0000][gc,heap     ] GC(927) Old regions: 126->126
[2026-01-16T09:30:58.776+0000][gc,heap     ] GC(927) Humongous regions: 149->149
[2026-01-16T09:30:58.776+0000][gc,metaspace] GC(927) Metaspace: 15388K(15744K)->15388K(15744K) NonClass: 13656K(13824K)->13656K(13824K) Class: 1731K(1920K)->1731K(1920K)
[2026-01-16T09:30:58.779+0000][gc          ] GC(927) Pause Young (Normal) (G1 Evacuation Pause) 324M->278M(1024M) 111.940ms
[2026-01-16T09:30:58.781+0000][gc,cpu      ] GC(927) User=0.12s Sys=0.01s Real=0.11s
[2026-01-16T09:31:03.887+0000][gc,start    ] GC(928) Pause Young (Normal) (G1 Evacuation Pause)
[2026-01-16T09:31:03.891+0000][gc,task     ] GC(928) Using 8 workers of 8 for evacuation
[2026-01-16T09:31:04.056+0000][gc,phases   ] GC(928)   Pre Evacuate Collection Set: 15.7ms
[2026-01-16T09:31:04.058+0000][gc,phases   ] GC(928)   Merge Heap Roots: 5.7ms
[2026-01-16T09:31:04.059+0000][gc,phases   ] GC(928)   Evacuate Collection Set: 128.2ms
[2026-01-16T09:31:04.060+0000][gc,phases   ] GC(928)   Post Evacuate Collection Set: 11.4ms
[2026-01-16T09:31:04.060+0000][gc,phases   ] GC(928)   Other: 4.6ms
[2026-01-16T09:31:04.060+0000][gc,heap     ] GC(928) Eden regions: 46->0(153)
[2026-01-16T09:31:04.061+0000][gc,heap     ] GC(928) Survivor regions: 5->2(7)
[2026-01-16T09:31:04.061+0000][gc,heap     ] GC(928) Old regions: 126->127
[2026-01-16T09:31:04.061+0000][gc,heap     ] GC(928) Humongous regions: 149->149
[2026-01-16T09:31:04.061+0000][gc,metaspace] GC(928) Metaspace: 15388K(15744K)->15388K(15744K) NonClass: 13656K(13824K)->13656K(13824K) Class: 1731K(1920K)->1731K(1920K)
[2026-01-16T09:31:04.062+0000][gc          ] GC(928) Pause Young (Normal) (G1 Evacuation Pause) 324M->277M(1024M) 175.433ms
[2026-01-16T09:31:04.063+0000][gc,cpu      ] GC(928) User=0.19s Sys=0.02s Real=0.17s
[2026-01-16T09:31:12.607+0000][gc,start    ] GC(929) Pause Young (Normal) (G1 Evacuation Pause)
[2026-01-16T09:31:12.618+0000][gc,task     ] GC(929) Using 8 workers of 8 for evacuation
[2026-01-16T09:31:12.859+0000][gc,mmu      ] GC(929) MMU target violated: 201.0ms (200.0ms/201.0ms)
[2026-01-16T09:31:12.861+0000][gc,phases   ] GC(929)   Pre Evacuate Collection Set: 28.0ms
[2026-01-16T09:31:12.862+0000][gc,phases   ] GC(929)   Merge Heap Roots: 5.1ms
[2026-01-16T09:31:12.862+0000][gc,phases   ] GC(929)   Evacuate Collection Set: 159.0ms
[2026-01-16T09:31:12.862+0000][gc,phases   ] GC(929)   Post Evacuate Collection Set: 36.0ms
[2026-01-16T09:31:12.862+0000][gc,phases   ] GC(929)   Other: 15.4ms
[2026-01-16T09:31:12.863+0000][gc,heap     ] GC(929) Eden regions: 164->0(153)
[2026-01-16T09:31:12.863+0000][gc,heap     ] GC(929) Survivor regions: 2->2(21)
[2026-01-16T09:31:12.864+0000][gc,heap     ] GC(929) Old regions: 127->127
[2026-01-16T09:31:12.865+0000][gc,heap     ] GC(929) Humongous regions: 149->149
[2026-01-16T09:31:12.869+0000][gc,metaspace] GC(929) Metaspace: 15388K(15744K)->15388K(15744K) NonClass: 13657K(13824K)->13657K(13824K) Class: 1731K(1920K)->1731K(1920K)
[2026-01-16T09:31:12.872+0000][gc          ] GC(929) Pause Young (Normal) (G1 Evacuation Pause) 441M->276M(1024M) 264.396ms
[2026-01-16T09:31:12.875+0000][gc,cpu      ] GC(929) User=0.31s Sys=0.04s Real=0.27s
[2026-01-16T09:31:17.740+0000][gc,start    ] GC(930) Pause Young (Normal) (G1 Evacuation Pause)
[2026-01-16T09:31:17.743+0000][gc,task     ] GC(930) Using 8 workers of 8 for evacuation
[2026-01-16T09:31:17.875+0000][gc,phases   ] GC(930)   Pre Evacuate Collection Set: 8.8ms
[2026-01-16T09:31:17.875+0000][gc,phases   ] GC(930)   Merge Heap Roots: 2.2ms
[2026-01-16T09:31:17.876+0000][gc,phases   ] GC(930)   Evacuate Collection Set: 113.4ms
[2026-01-16T09:31:17.876+0000][gc,phases   ] GC(930)   Post Evacuate Collection Set: 6.1ms
[2026-01-16T09:31:17.876+0000][gc,phases   ] GC(930)   Other: 1.9ms
[2026-01-16T09:31:17.877+0000][gc,heap     ] GC(930) Eden regions: 170->0(79)
[2026-01-16T09:31:17.877+0000][gc,heap     ] GC(930) Survivor regions: 2->4(22)
[2026-01-16T09:31:17.877+0000][gc,heap     ] GC(930) Old regions: 127->127
[2026-01-16T09:31:17.877+0000][gc,heap     ] GC(930) Humongous regions: 149->149
[2026-01-16T09:31:17.878+0000][gc,metaspace] GC(930) Metaspace: 15388K(15744K)->15388K(15744K) NonClass: 13657K(13824K)->13657K(13824K) Class: 1731K(1920K)->1731K(1920K)
[2026-01-16T09:31:17.879+0000][gc          ] GC(930) Pause Young (Normal) (G1 Evacuation Pause) 446M->279M(1024M) 139.582ms
[2026-01-16T09:31:17.881+0000][gc,cpu      ] GC(930) User=0.22s Sys=0.01s Real=0.14s
[2026-01-16T09:31:24.361+0000][gc,start    ] GC(931) Pause Young (Normal) (G1 Evacuation Pause)
[2026-01-16T09:31:24.362+0000][gc,task     ] GC(931) Using 8 workers of 8 for evacuation
[2026-01-16T09:31:24.544+0000][gc,phases   ] GC(931)   Pre Evacuate Collection Set: 5.6ms
[2026-01-16T09:31:24.545+0000][gc,phases   ] GC(931)   Merge Heap Roots: 1.1ms
[2026-01-16T09:31:24.545+0000][gc,phases   ] GC(931)   Evacuate Collection Set: 162.2ms
[2026-01-16T09:31:24.546+0000][gc,phases   ] GC(931)   Post Evacuate Collection Set: 12.3ms
[2026-01-16T09:31:24.546+0000][gc,phases   ] GC(931)   Other: 0.6ms
[2026-01-16T09:31:24.546+0000][gc,heap     ] GC(931) Eden regions: 92->0(137)
[2026-01-16T09:31:24.547+0000][gc,heap     ] GC(931) Survivor regions: 4->4(12)
[2026-01-16T09:31:24.547+0000][gc,heap     ] GC(931) Old regions: 127->127
[2026-01-16T09:31:24.547+0000][gc,heap     ] GC(931) Humongous regions: 149->149
[2026-01-16T09:31:24.548+0000][gc,metaspace] GC(931) Metaspace: 15388K(15744K)->15388K(15744K) NonClass: 13657K(13824K)->13657K(13824K) Class: 1731K(1920K)->1731K(1920K)
[2026-01-16T09:31:24.549+0000][gc          ] GC(931) Pause Young (Normal) (G1 Evacuation Pause) 371M->278M(1024M) 188.030ms
[2026-01-16T09:31:24.550+0000][gc,cpu      ] GC(931) User=0.18s Sys=0.02s Real=0.19s
[2026-01-16T09:31:33.749+0000][gc,start    ] GC(932) Pause Young (Normal) (G1 Evacuation Pause)
[2026-01-16T09:31:33.751+0000][gc,task     ] GC(932) Using 8 workers of 8 for evacuation
[2026-01-16T09:31:34.103+0000][gc,mmu      ] GC(932) MMU target violated: 201.0ms (200.0ms/201.0ms)
[2026-01-16T09:31:34.108+0000][gc,phases   ] GC(932)   Pre Evacuate Collection Set: 11.3ms
[2026-01-16T09:31:34.111+0000][gc,phases   ] GC(932)   Merge Heap Roots: 0.7ms
[2026-01-16T09:31:34.113+0000][gc,phases   ] GC(932)   Evacuate Collection Set: 203.0ms
[2026-01-16T09:31:34.115+0000][gc,phases   ] GC(932)   Post Evacuate Collection Set: 131.3ms
[2026-01-16T09:31:34.116+0000][gc,phases   ] GC(932)   Other: 11.0ms
[2026-01-16T09:31:34.116+0000][gc,heap     ] GC(932) Eden regions: 136->0(48)
[2026-01-16T09:31:34.119+0000][gc,heap     ] GC(932) Survivor regions: 4->3(18)
[2026-01-16T09:31:34.133+0000][gc,heap     ] GC(932) Old regions: 127->127
[2026-01-16T09:31:34.135+0000][gc,heap     ] GC(932) Humongous regions: 149->149
[2026-01-16T09:31:34.137+0000][gc,metaspace] GC(932) Metaspace: 15388K(15744K)->15388K(15744K) NonClass: 13657K(13824K)->13657K(13824K) Class: 1731K(1920K)->1731K(1920K)
[2026-01-16T09:31:34.140+0000][gc          ] GC(932) Pause Young (Normal) (G1 Evacuation Pause) 414M->278M(1024M) 390.368ms
[2026-01-16T09:31:34.142+0000][gc,cpu      ] GC(932) User=0.26s Sys=0.04s Real=0.39s
[2026-01-16T09:31:36.762+0000][gc,start    ] GC(933) Pause Young (Normal) (G1 Evacuation Pause)
[2026-01-16T09:31:36.764+0000][gc,task     ] GC(933) Using 8 workers of 8 for evacuation
[2026-01-16T09:31:36.948+0000][gc,phases   ] GC(933)   Pre Evacuate Collection Set: 13.3ms
[2026-01-16T09:31:36.948+0000][gc,phases   ] GC(933)   Merge Heap Roots: 0.8ms
[2026-01-16T09:31:36.949+0000][gc,phases   ] GC(933)   Evacuate Collection Set: 164.2ms
[2026-01-16T09:31:36.949+0000][gc,phases   ] GC(933)   Post Evacuate Collection Set: 11.2ms
[2026-01-16T09:31:36.950+0000][gc,phases   ] GC(933)   Other: 0.8ms
[2026-01-16T09:31:36.951+0000][gc,heap     ] GC(933) Eden regions: 48->0(47)
[2026-01-16T09:31:36.951+0000][gc,heap     ] GC(933) Survivor regions: 3->4(7)
[2026-01-16T09:31:36.952+0000][gc,heap     ] GC(933) Old regions: 127->127
[2026-01-16T09:31:36.952+0000][gc,heap     ] GC(933) Humongous regions: 149->149
[2026-01-16T09:31:36.953+0000][gc,metaspace] GC(933) Metaspace: 15388K(15744K)->15388K(15744K) NonClass: 13657K(13824K)->13657K(13824K) Class: 1731K(1920K)->1731K(1920K)
[2026-01-16T09:31:36.954+0000][gc          ] GC(933) Pause Young (Normal) (G1 Evacuation Pause) 326M->278M(1024M) 197.991ms
[2026-01-16T09:31:36.955+0000][gc,cpu      ] GC(933) User=0.18s Sys=0.02s Real=0.20s
[2026-01-16T09:31:37.759+0000][gc,start    ] GC(934) Pause Young (Normal) (G1 Evacuation Pause)
[2026-01-16T09:31:37.760+0000][gc,task     ] GC(934) Using 8 workers of 8 for evacuation
[2026-01-16T09:31:37.853+0000][gc,phases   ] GC(934)   Pre Evacuate Collection Set: 0.8ms
[2026-01-16T09:31:37.853+0000][gc,phases   ] GC(934)   Merge Heap Roots: 0.3ms
[2026-01-16T09:31:37.853+0000][gc,phases   ] GC(934)   Evacuate Collection Set: 87.0ms
[2026-01-16T09:31:37.857+0000][gc,phases   ] GC(934)   Post Evacuate Collection Set: 1.7ms
[2026-01-16T09:31:37.859+0000][gc,phases   ] GC(934)   Other: 2.9ms
[2026-01-16T09:31:37.859+0000][gc,heap     ] GC(934) Eden regions: 47->0(46)
[2026-01-16T09:31:37.859+0000][gc,heap     ] GC(934) Survivor regions: 4->5(7)
[2026-01-16T09:31:37.859+0000][gc,heap     ] GC(934) Old regions: 127->127
[2026-01-16T09:31:37.859+0000][gc,heap     ] GC(934) Humongous regions: 149->149
[2026-01-16T09:31:37.862+0000][gc,metaspace] GC(934) Metaspace: 15388K(15744K)->15388K(15744K) NonClass: 13657K(13824K)->13657K(13824K) Class: 1731K(1920K)->1731K(1920K)
[2026-01-16T09:31:37.864+0000][gc          ] GC(934) Pause Young (Normal) (G1 Evacuation Pause) 325M->279M(1024M) 104.701ms
[2026-01-16T09:31:37.864+0000][gc,cpu      ] GC(934) User=0.08s Sys=0.00s Real=0.11s
[2026-01-16T09:31:38.594+0000][gc,start    ] GC(935) Pause Young (Normal) (G1 Evacuation Pause)
[2026-01-16T09:31:38.598+0000][gc,task     ] GC(935) Using 8 workers of 8 for evacuation
[2026-01-16T09:31:38.761+0000][gc,phases   ] GC(935)   Pre Evacuate Collection Set: 8.1ms
[2026-01-16T09:31:38.763+0000][gc,phases   ] GC(935)   Merge Heap Roots: 0.8ms
[2026-01-16T09:31:38.765+0000][gc,phases   ] GC(935)   Evacuate Collection Set: 140.7ms
[2026-01-16T09:31:38.766+0000][gc,phases   ] GC(935)   Post Evacuate Collection Set: 8.8ms
[2026-01-16T09:31:38.766+0000][gc,phases   ] GC(935)   Other: 4.1ms
[2026-01-16T09:31:38.766+0000][gc,heap     ] GC(935) Eden regions: 46->0(46)
[2026-01-16T09:31:38.766+0000][gc,heap     ] GC(935) Survivor regions: 5->5(7)
[2026-01-16T09:31:38.767+0000][gc,heap     ] GC(935) Old regions: 127->127
[2026-01-16T09:31:38.767+0000][gc,heap     ] GC(935) Humongous regions: 149->149
[2026-01-16T09:31:38.767+0000][gc,metaspace] GC(935) Metaspace: 15388K(15744K)->15388K(15744K) NonClass: 13657K(13824K)->13657K(13824K) Class: 1731K(1920K)->1731K(1920K)
[2026-01-16T09:31:38.769+0000][gc          ] GC(935) Pause Young (Normal) (G1 Evacuation Pause) 325M->279M(1024M) 175.164ms
[2026-01-16T09:31:38.769+0000][gc,cpu      ] GC(935) User=0.11s Sys=0.01s Real=0.17s
[2026-01-16T09:31:45.067+0000][gc,start    ] GC(936) Pause Young (Normal) (G1 Evacuation Pause)
[2026-01-16T09:31:45.078+0000][gc,task     ] GC(936) Using 8 workers of 8 for evacuation
[2026-01-16T09:31:45.913+0000][gc,mmu      ] GC(936) MMU target violated: 201.0ms (200.0ms/201.0ms)
[2026-01-16T09:31:45.916+0000][gc,phases   ] GC(936)   Pre Evacuate Collection Set: 203.0ms
[2026-01-16T09:31:45.917+0000][gc,phases   ] GC(936)   Merge Heap Roots: 12.5ms
[2026-01-16T09:31:45.917+0000][gc,phases   ] GC(936)   Evacuate Collection Set: 580.2ms
[2026-01-16T09:31:45.918+0000][gc,phases   ] GC(936)   Post Evacuate Collection Set: 36.3ms
[2026-01-16T09:31:45.929+0000][gc,phases   ] GC(936)   Other: 5.6ms
[2026-01-16T09:31:45.936+0000][gc,heap     ] GC(936) Eden regions: 46->0(48)
[2026-01-16T09:31:45.936+0000][gc,heap     ] GC(936) Survivor regions: 5->3(7)
[2026-01-16T09:31:45.936+0000][gc,heap     ] GC(936) Old regions: 127->128
[2026-01-16T09:31:45.937+0000][gc,heap     ] GC(936) Humongous regions: 149->149
[2026-01-16T09:31:45.938+0000][gc,metaspace] GC(936) Metaspace: 15388K(15744K)->15388K(15744K) NonClass: 13657K(13824K)->13657K(13824K) Class: 1731K(1920K)->1731K(1920K)
[2026-01-16T09:31:45.938+0000][gc          ] GC(936) Pause Young (Normal) (G1 Evacuation Pause) 325M->278M(1024M) 870.931ms
[2026-01-16T09:31:45.944+0000][gc,cpu      ] GC(936) User=0.34s Sys=0.04s Real=0.88s
[2026-01-16T09:31:47.101+0000][gc,start    ] GC(937) Pause Young (Normal) (G1 Evacuation Pause)
[2026-01-16T09:31:47.104+0000][gc,task     ] GC(937) Using 8 workers of 8 for evacuation
[2026-01-16T09:31:47.217+0000][gc,phases   ] GC(937)   Pre Evacuate Collection Set: 19.4ms
[2026-01-16T09:31:47.217+0000][gc,phases   ] GC(937)   Merge Heap Roots: 1.5ms
[2026-01-16T09:31:47.219+0000][gc,phases   ] GC(937)   Evacuate Collection Set: 89.1ms
[2026-01-16T09:31:47.219+0000][gc,phases   ] GC(937)   Post Evacuate Collection Set: 2.3ms
[2026-01-16T09:31:47.220+0000][gc,phases   ] GC(937)   Other: 0.7ms
[2026-01-16T09:31:47.220+0000][gc,heap     ] GC(937) Eden regions: 48->0(47)
[2026-01-16T09:31:47.221+0000][gc,heap     ] GC(937) Survivor regions: 3->4(7)
[2026-01-16T09:31:47.221+0000][gc,heap     ] GC(937) Old regions: 128->128
[2026-01-16T09:31:47.222+0000][gc,heap     ] GC(937) Humongous regions: 149->149
[2026-01-16T09:31:47.222+0000][gc,metaspace] GC(937) Metaspace: 15388K(15744K)->15388K(15744K) NonClass: 13657K(13824K)->13657K(13824K) Class: 1731K(1920K)->1731K(1920K)
[2026-01-16T09:31:47.225+0000][gc          ] GC(937) Pause Young (Normal) (G1 Evacuation Pause) 326M->279M(1024M) 124.125ms
[2026-01-16T09:31:47.226+0000][gc,cpu      ] GC(937) User=0.13s Sys=0.00s Real=0.13s
[2026-01-16T09:31:48.800+0000][gc,start    ] GC(938) Pause Young (Normal) (G1 Evacuation Pause)
[2026-01-16T09:31:48.808+0000][gc,task     ] GC(938) Using 8 workers of 8 for evacuation
[2026-01-16T09:31:49.123+0000][gc,mmu      ] GC(938) MMU target violated: 201.0ms (200.0ms/201.0ms)
[2026-01-16T09:31:49.125+0000][gc,phases   ] GC(938)   Pre Evacuate Collection Set: 38.5ms
[2026-01-16T09:31:49.127+0000][gc,phases   ] GC(938)   Merge Heap Roots: 0.7ms
[2026-01-16T09:31:49.127+0000][gc,phases   ] GC(938)   Evacuate Collection Set: 266.3ms
[2026-01-16T09:31:49.128+0000][gc,phases   ] GC(938)   Post Evacuate Collection Set: 5.0ms
[2026-01-16T09:31:49.129+0000][gc,phases   ] GC(938)   Other: 6.3ms
[2026-01-16T09:31:49.129+0000][gc,heap     ] GC(938) Eden regions: 47->0(47)
[2026-01-16T09:31:49.129+0000][gc,heap     ] GC(938) Survivor regions: 4->4(7)
[2026-01-16T09:31:49.132+0000][gc,heap     ] GC(938) Old regions: 128->128
[2026-01-16T09:31:49.132+0000][gc,heap     ] GC(938) Humongous regions: 149->149
[2026-01-16T09:31:49.132+0000][gc,metaspace] GC(938) Metaspace: 15388K(15744K)->15388K(15744K) NonClass: 13657K(13824K)->13657K(13824K) Class: 1731K(1920K)->1731K(1920K)
[2026-01-16T09:31:49.132+0000][gc          ] GC(938) Pause Young (Normal) (G1 Evacuation Pause) 326M->279M(1024M) 332.171ms
[2026-01-16T09:31:49.134+0000][gc,cpu      ] GC(938) User=0.14s Sys=0.02s Real=0.34s
[2026-01-16T09:31:53.171+0000][gc,start    ] GC(939) Pause Young (Normal) (G1 Evacuation Pause)
[2026-01-16T09:31:53.180+0000][gc,task     ] GC(939) Using 8 workers of 8 for evacuation
[2026-01-16T09:31:53.620+0000][gc,mmu      ] GC(939) MMU target violated: 201.0ms (200.0ms/201.0ms)
[2026-01-16T09:31:53.623+0000][gc,phases   ] GC(939)   Pre Evacuate Collection Set: 47.1ms
[2026-01-16T09:31:53.623+0000][gc,phases   ] GC(939)   Merge Heap Roots: 33.9ms
[2026-01-16T09:31:53.624+0000][gc,phases   ] GC(939)   Evacuate Collection Set: 346.2ms
[2026-01-16T09:31:53.624+0000][gc,phases   ] GC(939)   Post Evacuate Collection Set: 12.1ms
[2026-01-16T09:31:53.624+0000][gc,phases   ] GC(939)   Other: 5.2ms
[2026-01-16T09:31:53.625+0000][gc,heap     ] GC(939) Eden regions: 47->0(49)
[2026-01-16T09:31:53.625+0000][gc,heap     ] GC(939) Survivor regions: 4->2(7)
[2026-01-16T09:31:53.626+0000][gc,heap     ] GC(939) Old regions: 128->128
[2026-01-16T09:31:53.626+0000][gc,heap     ] GC(939) Humongous regions: 149->149
[2026-01-16T09:31:53.626+0000][gc,metaspace] GC(939) Metaspace: 15388K(15744K)->15388K(15744K) NonClass: 13657K(13824K)->13657K(13824K) Class: 1731K(1920K)->1731K(1920K)
[2026-01-16T09:31:53.627+0000][gc          ] GC(939) Pause Young (Normal) (G1 Evacuation Pause) 326M->278M(1024M) 455.875ms
[2026-01-16T09:31:53.627+0000][gc,cpu      ] GC(939) User=0.29s Sys=0.01s Real=0.46s
[2026-01-16T09:31:56.236+0000][gc,start    ] GC(940) Pause Young (Normal) (G1 Evacuation Pause)
[2026-01-16T09:31:56.240+0000][gc,task     ] GC(940) Using 8 workers of 8 for evacuation
[2026-01-16T09:31:56.791+0000][gc,mmu      ] GC(940) MMU target violated: 201.0ms (200.0ms/201.0ms)
[2026-01-16T09:31:56.794+0000][gc,phases   ] GC(940)   Pre Evacuate Collection Set: 34.7ms
[2026-01-16T09:31:56.794+0000][gc,phases   ] GC(940)   Merge Heap Roots: 6.9ms
[2026-01-16T09:31:56.794+0000][gc,phases   ] GC(940)   Evacuate Collection Set: 480.5ms
[2026-01-16T09:31:56.798+0000][gc,phases   ] GC(940)   Post Evacuate Collection Set: 18.9ms
[2026-01-16T09:31:56.800+0000][gc,phases   ] GC(940)   Other: 12.5ms
[2026-01-16T09:31:56.803+0000][gc,heap     ] GC(940) Eden regions: 49->0(48)
[2026-01-16T09:31:56.804+0000][gc,heap     ] GC(940) Survivor regions: 2->3(7)
[2026-01-16T09:31:56.805+0000][gc,heap     ] GC(940) Old regions: 128->128
[2026-01-16T09:31:56.807+0000][gc,heap     ] GC(940) Humongous regions: 149->149
[2026-01-16T09:31:56.807+0000][gc,metaspace] GC(940) Metaspace: 15388K(15744K)->15388K(15744K) NonClass: 13657K(13824K)->13657K(13824K) Class: 1731K(1920K)->1731K(1920K)
[2026-01-16T09:31:56.810+0000][gc          ] GC(940) Pause Young (Normal) (G1 Evacuation Pause) 327M->278M(1024M) 574.025ms
[2026-01-16T09:31:56.811+0000][gc,cpu      ] GC(940) User=0.31s Sys=0.04s Real=0.57s
[2026-01-16T09:32:00.082+0000][gc,start    ] GC(941) Pause Young (Normal) (G1 Evacuation Pause)
[2026-01-16T09:32:00.095+0000][gc,task     ] GC(941) Using 8 workers of 8 for evacuation
[2026-01-16T09:32:00.727+0000][gc,mmu      ] GC(941) MMU target violated: 201.0ms (200.0ms/201.0ms)
[2026-01-16T09:32:00.730+0000][gc,phases   ] GC(941)   Pre Evacuate Collection Set: 75.9ms
[2026-01-16T09:32:00.734+0000][gc,phases   ] GC(941)   Merge Heap Roots: 10.1ms
[2026-01-16T09:32:00.734+0000][gc,phases   ] GC(941)   Evacuate Collection Set: 468.3ms
[2026-01-16T09:32:00.735+0000][gc,phases   ] GC(941)   Post Evacuate Collection Set: 75.5ms
[2026-01-16T09:32:00.735+0000][gc,phases   ] GC(941)   Other: 7.6ms
[2026-01-16T09:32:00.736+0000][gc,heap     ] GC(941) Eden regions: 48->0(47)
[2026-01-16T09:32:00.759+0000][gc,heap     ] GC(941) Survivor regions: 3->4(7)
[2026-01-16T09:32:00.760+0000][gc,heap     ] GC(941) Old regions: 128->128
[2026-01-16T09:32:00.761+0000][gc,heap     ] GC(941) Humongous regions: 149->149
[2026-01-16T09:32:00.763+0000][gc,metaspace] GC(941) Metaspace: 15388K(15744K)->15388K(15744K) NonClass: 13657K(13824K)->13657K(13824K) Class: 1731K(1920K)->1731K(1920K)
[2026-01-16T09:32:00.766+0000][gc          ] GC(941) Pause Young (Normal) (G1 Evacuation Pause) 326M->279M(1024M) 683.592ms
[2026-01-16T09:32:00.767+0000][gc,cpu      ] GC(941) User=0.40s Sys=0.04s Real=0.69s
[2026-01-16T09:32:03.792+0000][gc,start    ] GC(942) Pause Young (Normal) (G1 Evacuation Pause)
[2026-01-16T09:32:03.797+0000][gc,task     ] GC(942) Using 8 workers of 8 for evacuation
[2026-01-16T09:32:04.125+0000][gc,mmu      ] GC(942) MMU target violated: 201.0ms (200.0ms/201.0ms)
[2026-01-16T09:32:04.127+0000][gc,phases   ] GC(942)   Pre Evacuate Collection Set: 94.5ms
[2026-01-16T09:32:04.127+0000][gc,phases   ] GC(942)   Merge Heap Roots: 1.4ms
[2026-01-16T09:32:04.128+0000][gc,phases   ] GC(942)   Evacuate Collection Set: 195.2ms
[2026-01-16T09:32:04.130+0000][gc,phases   ] GC(942)   Post Evacuate Collection Set: 30.9ms
[2026-01-16T09:32:04.133+0000][gc,phases   ] GC(942)   Other: 7.7ms
[2026-01-16T09:32:04.134+0000][gc,heap     ] GC(942) Eden regions: 47->0(46)
[2026-01-16T09:32:04.136+0000][gc,heap     ] GC(942) Survivor regions: 4->5(7)
[2026-01-16T09:32:04.136+0000][gc,heap     ] GC(942) Old regions: 128->128
[2026-01-16T09:32:04.138+0000][gc,heap     ] GC(942) Humongous regions: 149->149
[2026-01-16T09:32:04.140+0000][gc,metaspace] GC(942) Metaspace: 15388K(15744K)->15388K(15744K) NonClass: 13657K(13824K)->13657K(13824K) Class: 1731K(1920K)->1731K(1920K)
[2026-01-16T09:32:04.141+0000][gc          ] GC(942) Pause Young (Normal) (G1 Evacuation Pause) 326M->280M(1024M) 349.871ms
[2026-01-16T09:32:04.142+0000][gc,cpu      ] GC(942) User=0.26s Sys=0.03s Real=0.35s
[2026-01-16T09:32:04.962+0000][gc,start    ] GC(943) Pause Young (Normal) (G1 Evacuation Pause)
[2026-01-16T09:32:04.964+0000][gc,task     ] GC(943) Using 8 workers of 8 for evacuation
[2026-01-16T09:32:05.100+0000][gc,phases   ] GC(943)   Pre Evacuate Collection Set: 4.1ms
[2026-01-16T09:32:05.105+0000][gc,phases   ] GC(943)   Merge Heap Roots: 0.4ms
[2026-01-16T09:32:05.121+0000][gc,phases   ] GC(943)   Evacuate Collection Set: 123.7ms
[2026-01-16T09:32:05.122+0000][gc,phases   ] GC(943)   Post Evacuate Collection Set: 6.2ms
[2026-01-16T09:32:05.125+0000][gc,phases   ] GC(943)   Other: 1.5ms
[2026-01-16T09:32:05.126+0000][gc,heap     ] GC(943) Eden regions: 46->0(46)
[2026-01-16T09:32:05.126+0000][gc,heap     ] GC(943) Survivor regions: 5->5(7)
[2026-01-16T09:32:05.127+0000][gc,heap     ] GC(943) Old regions: 128->128
[2026-01-16T09:32:05.127+0000][gc,heap     ] GC(943) Humongous regions: 149->149
[2026-01-16T09:32:05.127+0000][gc,metaspace] GC(943) Metaspace: 15391K(15744K)->15391K(15744K) NonClass: 13660K(13824K)->13660K(13824K) Class: 1731K(1920K)->1731K(1920K)
[2026-01-16T09:32:05.128+0000][gc          ] GC(943) Pause Young (Normal) (G1 Evacuation Pause) 326M->281M(1024M) 166.209ms
[2026-01-16T09:32:05.129+0000][gc,cpu      ] GC(943) User=0.10s Sys=0.00s Real=0.16s
[2026-01-16T09:32:06.379+0000][gc,start    ] GC(944) Pause Young (Normal) (G1 Evacuation Pause)
[2026-01-16T09:32:06.382+0000][gc,task     ] GC(944) Using 8 workers of 8 for evacuation
[2026-01-16T09:32:06.536+0000][gc,phases   ] GC(944)   Pre Evacuate Collection Set: 12.5ms
[2026-01-16T09:32:06.537+0000][gc,phases   ] GC(944)   Merge Heap Roots: 8.3ms
[2026-01-16T09:32:06.537+0000][gc,phases   ] GC(944)   Evacuate Collection Set: 114.4ms
[2026-01-16T09:32:06.539+0000][gc,phases   ] GC(944)   Post Evacuate Collection Set: 13.6ms
[2026-01-16T09:32:06.540+0000][gc,phases   ] GC(944)   Other: 5.2ms
[2026-01-16T09:32:06.542+0000][gc,heap     ] GC(944) Eden regions: 46->0(49)
[2026-01-16T09:32:06.542+0000][gc,heap     ] GC(944) Survivor regions: 5->2(7)
[2026-01-16T09:32:06.543+0000][gc,heap     ] GC(944) Old regions: 128->129
[2026-01-16T09:32:06.543+0000][gc,heap     ] GC(944) Humongous regions: 149->149
[2026-01-16T09:32:06.543+0000][gc,metaspace] GC(944) Metaspace: 15393K(15744K)->15393K(15744K) NonClass: 13662K(13824K)->13662K(13824K) Class: 1731K(1920K)->1731K(1920K)
[2026-01-16T09:32:06.544+0000][gc          ] GC(944) Pause Young (Normal) (G1 Evacuation Pause) 327M->279M(1024M) 164.401ms
[2026-01-16T09:32:06.545+0000][gc,cpu      ] GC(944) User=0.15s Sys=0.01s Real=0.17s
[2026-01-16T09:32:08.028+0000][gc,start    ] GC(945) Pause Young (Normal) (G1 Evacuation Pause)
[2026-01-16T09:32:08.029+0000][gc,task     ] GC(945) Using 8 workers of 8 for evacuation
[2026-01-16T09:32:08.228+0000][gc,phases   ] GC(945)   Pre Evacuate Collection Set: 21.2ms
[2026-01-16T09:32:08.229+0000][gc,phases   ] GC(945)   Merge Heap Roots: 2.4ms
[2026-01-16T09:32:08.230+0000][gc,phases   ] GC(945)   Evacuate Collection Set: 162.2ms
[2026-01-16T09:32:08.231+0000][gc,phases   ] GC(945)   Post Evacuate Collection Set: 13.0ms
[2026-01-16T09:32:08.233+0000][gc,phases   ] GC(945)   Other: 0.7ms
[2026-01-16T09:32:08.233+0000][gc,heap     ] GC(945) Eden regions: 49->0(48)
[2026-01-16T09:32:08.236+0000][gc,heap     ] GC(945) Survivor regions: 2->3(7)
[2026-01-16T09:32:08.236+0000][gc,heap     ] GC(945) Old regions: 129->129
[2026-01-16T09:32:08.236+0000][gc,heap     ] GC(945) Humongous regions: 149->149
[2026-01-16T09:32:08.238+0000][gc,metaspace] GC(945) Metaspace: 15395K(15744K)->15395K(15744K) NonClass: 13663K(13824K)->13663K(13824K) Class: 1731K(1920K)->1731K(1920K)
[2026-01-16T09:32:08.239+0000][gc          ] GC(945) Pause Young (Normal) (G1 Evacuation Pause) 328M->279M(1024M) 211.069ms
[2026-01-16T09:32:08.239+0000][gc,cpu      ] GC(945) User=0.14s Sys=0.01s Real=0.21s
[2026-01-16T09:32:09.705+0000][gc,start    ] GC(946) Pause Young (Normal) (G1 Evacuation Pause)
[2026-01-16T09:32:09.709+0000][gc,task     ] GC(946) Using 8 workers of 8 for evacuation
[2026-01-16T09:32:09.911+0000][gc,mmu      ] GC(946) MMU target violated: 200.5ms (200.0ms/201.0ms)
[2026-01-16T09:32:09.912+0000][gc,phases   ] GC(946)   Pre Evacuate Collection Set: 14.5ms
[2026-01-16T09:32:09.914+0000][gc,phases   ] GC(946)   Merge Heap Roots: 5.3ms
[2026-01-16T09:32:09.914+0000][gc,phases   ] GC(946)   Evacuate Collection Set: 173.0ms
[2026-01-16T09:32:09.915+0000][gc,phases   ] GC(946)   Post Evacuate Collection Set: 4.3ms
[2026-01-16T09:32:09.915+0000][gc,phases   ] GC(946)   Other: 5.4ms
[2026-01-16T09:32:09.916+0000][gc,heap     ] GC(946) Eden regions: 48->0(47)
[2026-01-16T09:32:09.916+0000][gc,heap     ] GC(946) Survivor regions: 3->4(7)
[2026-01-16T09:32:09.916+0000][gc,heap     ] GC(946) Old regions: 129->129
[2026-01-16T09:32:09.917+0000][gc,heap     ] GC(946) Humongous regions: 149->149
[2026-01-16T09:32:09.917+0000][gc,metaspace] GC(946) Metaspace: 15401K(15744K)->15401K(15744K) NonClass: 13669K(13824K)->13669K(13824K) Class: 1731K(1920K)->1731K(1920K)
[2026-01-16T09:32:09.918+0000][gc          ] GC(946) Pause Young (Normal) (G1 Evacuation Pause) 327M->280M(1024M) 212.962ms
[2026-01-16T09:32:09.918+0000][gc,cpu      ] GC(946) User=0.13s Sys=0.01s Real=0.21s
[2026-01-16T09:32:13.181+0000][gc,start    ] GC(947) Pause Young (Normal) (G1 Evacuation Pause)
[2026-01-16T09:32:13.182+0000][gc,task     ] GC(947) Using 8 workers of 8 for evacuation
[2026-01-16T09:32:13.231+0000][gc,phases   ] GC(947)   Pre Evacuate Collection Set: 9.9ms
[2026-01-16T09:32:13.232+0000][gc,phases   ] GC(947)   Merge Heap Roots: 0.6ms
[2026-01-16T09:32:13.232+0000][gc,phases   ] GC(947)   Evacuate Collection Set: 27.4ms
[2026-01-16T09:32:13.232+0000][gc,phases   ] GC(947)   Post Evacuate Collection Set: 10.9ms
[2026-01-16T09:32:13.232+0000][gc,phases   ] GC(947)   Other: 0.6ms
[2026-01-16T09:32:13.232+0000][gc,heap     ] GC(947) Eden regions: 47->0(85)
[2026-01-16T09:32:13.232+0000][gc,heap     ] GC(947) Survivor regions: 4->2(7)
[2026-01-16T09:32:13.233+0000][gc,heap     ] GC(947) Old regions: 129->129
[2026-01-16T09:32:13.233+0000][gc,heap     ] GC(947) Humongous regions: 149->149
[2026-01-16T09:32:13.233+0000][gc,metaspace] GC(947) Metaspace: 15402K(15744K)->15402K(15744K) NonClass: 13671K(13824K)->13671K(13824K) Class: 1731K(1920K)->1731K(1920K)
[2026-01-16T09:32:13.233+0000][gc          ] GC(947) Pause Young (Normal) (G1 Evacuation Pause) 327M->279M(1024M) 51.439ms
[2026-01-16T09:32:13.233+0000][gc,cpu      ] GC(947) User=0.11s Sys=0.00s Real=0.06s
[2026-01-16T09:32:14.581+0000][gc,start    ] GC(948) Pause Young (Normal) (G1 Evacuation Pause)
[2026-01-16T09:32:14.581+0000][gc,task     ] GC(948) Using 8 workers of 8 for evacuation
[2026-01-16T09:32:14.632+0000][gc,phases   ] GC(948)   Pre Evacuate Collection Set: 4.1ms
[2026-01-16T09:32:14.633+0000][gc,phases   ] GC(948)   Merge Heap Roots: 0.5ms
[2026-01-16T09:32:14.633+0000][gc,phases   ] GC(948)   Evacuate Collection Set: 43.5ms
[2026-01-16T09:32:14.634+0000][gc,phases   ] GC(948)   Post Evacuate Collection Set: 2.5ms
[2026-01-16T09:32:14.634+0000][gc,phases   ] GC(948)   Other: 0.8ms
[2026-01-16T09:32:14.635+0000][gc,heap     ] GC(948) Eden regions: 93->0(96)
[2026-01-16T09:32:14.635+0000][gc,heap     ] GC(948) Survivor regions: 2->3(12)
[2026-01-16T09:32:14.638+0000][gc,heap     ] GC(948) Old regions: 129->129
[2026-01-16T09:32:14.638+0000][gc,heap     ] GC(948) Humongous regions: 149->149
[2026-01-16T09:32:14.639+0000][gc,metaspace] GC(948) Metaspace: 15402K(15744K)->15402K(15744K) NonClass: 13671K(13824K)->13671K(13824K) Class: 1731K(1920K)->1731K(1920K)
[2026-01-16T09:32:14.639+0000][gc          ] GC(948) Pause Young (Normal) (G1 Evacuation Pause) 372M->280M(1024M) 58.464ms
[2026-01-16T09:32:14.639+0000][gc,cpu      ] GC(948) User=0.11s Sys=0.01s Real=0.06s
[2026-01-16T09:32:23.434+0000][gc,start    ] GC(949) Pause Young (Normal) (G1 Evacuation Pause)
[2026-01-16T09:32:23.435+0000][gc,task     ] GC(949) Using 8 workers of 8 for evacuation
[2026-01-16T09:32:23.561+0000][gc,phases   ] GC(949)   Pre Evacuate Collection Set: 31.5ms
[2026-01-16T09:32:23.562+0000][gc,phases   ] GC(949)   Merge Heap Roots: 7.4ms
[2026-01-16T09:32:23.562+0000][gc,phases   ] GC(949)   Evacuate Collection Set: 74.5ms
[2026-01-16T09:32:23.562+0000][gc,phases   ] GC(949)   Post Evacuate Collection Set: 12.2ms
[2026-01-16T09:32:23.563+0000][gc,phases   ] GC(949)   Other: 1.3ms
[2026-01-16T09:32:23.566+0000][gc,heap     ] GC(949) Eden regions: 105->0(197)
[2026-01-16T09:32:23.566+0000][gc,heap     ] GC(949) Survivor regions: 3->2(14)
[2026-01-16T09:32:23.568+0000][gc,heap     ] GC(949) Old regions: 129->129
[2026-01-16T09:32:23.568+0000][gc,heap     ] GC(949) Humongous regions: 149->149
[2026-01-16T09:32:23.568+0000][gc,metaspace] GC(949) Metaspace: 15402K(15744K)->15402K(15744K) NonClass: 13671K(13824K)->13671K(13824K) Class: 1731K(1920K)->1731K(1920K)
[2026-01-16T09:32:23.570+0000][gc          ] GC(949) Pause Young (Normal) (G1 Evacuation Pause) 385M->279M(1024M) 136.048ms
[2026-01-16T09:32:23.571+0000][gc,cpu      ] GC(949) User=0.18s Sys=0.03s Real=0.13s
[2026-01-16T09:32:34.819+0000][gc,start    ] GC(950) Pause Young (Normal) (G1 Evacuation Pause)
[2026-01-16T09:32:34.820+0000][gc,task     ] GC(950) Using 8 workers of 8 for evacuation
[2026-01-16T09:32:35.015+0000][gc,phases   ] GC(950)   Pre Evacuate Collection Set: 34.4ms
[2026-01-16T09:32:35.015+0000][gc,phases   ] GC(950)   Merge Heap Roots: 3.5ms
[2026-01-16T09:32:35.016+0000][gc,phases   ] GC(950)   Evacuate Collection Set: 143.7ms
[2026-01-16T09:32:35.016+0000][gc,phases   ] GC(950)   Post Evacuate Collection Set: 12.7ms
[2026-01-16T09:32:35.016+0000][gc,phases   ] GC(950)   Other: 1.1ms
[2026-01-16T09:32:35.016+0000][gc,heap     ] GC(950) Eden regions: 191->0(135)
[2026-01-16T09:32:35.017+0000][gc,heap     ] GC(950) Survivor regions: 2->3(25)
[2026-01-16T09:32:35.017+0000][gc,heap     ] GC(950) Old regions: 129->129
[2026-01-16T09:32:35.017+0000][gc,heap     ] GC(950) Humongous regions: 149->149
[2026-01-16T09:32:35.018+0000][gc,metaspace] GC(950) Metaspace: 15402K(15744K)->15402K(15744K) NonClass: 13671K(13824K)->13671K(13824K) Class: 1731K(1920K)->1731K(1920K)
[2026-01-16T09:32:35.018+0000][gc          ] GC(950) Pause Young (Normal) (G1 Evacuation Pause) 470M->279M(1024M) 200.922ms
[2026-01-16T09:32:35.019+0000][gc,cpu      ] GC(950) User=0.29s Sys=0.03s Real=0.20s
[2026-01-16T09:32:38.797+0000][gc,start    ] GC(951) Pause Young (Normal) (G1 Evacuation Pause)
[2026-01-16T09:32:38.798+0000][gc,task     ] GC(951) Using 8 workers of 8 for evacuation
[2026-01-16T09:32:39.038+0000][gc,mmu      ] GC(951) MMU target violated: 201.0ms (200.0ms/201.0ms)
[2026-01-16T09:32:39.039+0000][gc,phases   ] GC(951)   Pre Evacuate Collection Set: 8.2ms
[2026-01-16T09:32:39.039+0000][gc,phases   ] GC(951)   Merge Heap Roots: 0.6ms
[2026-01-16T09:32:39.039+0000][gc,phases   ] GC(951)   Evacuate Collection Set: 215.9ms
[2026-01-16T09:32:39.039+0000][gc,phases   ] GC(951)   Post Evacuate Collection Set: 15.0ms
[2026-01-16T09:32:39.040+0000][gc,phases   ] GC(951)   Other: 1.3ms
[2026-01-16T09:32:39.041+0000][gc,heap     ] GC(951) Eden regions: 133->0(47)
[2026-01-16T09:32:39.042+0000][gc,heap     ] GC(951) Survivor regions: 3->4(17)
[2026-01-16T09:32:39.043+0000][gc,heap     ] GC(951) Old regions: 129->129
[2026-01-16T09:32:39.044+0000][gc,heap     ] GC(951) Humongous regions: 149->149
[2026-01-16T09:32:39.045+0000][gc,metaspace] GC(951) Metaspace: 15404K(15744K)->15404K(15744K) NonClass: 13672K(13824K)->13672K(13824K) Class: 1731K(1920K)->1731K(1920K)
[2026-01-16T09:32:39.045+0000][gc          ] GC(951) Pause Young (Normal) (G1 Evacuation Pause) 412M->281M(1024M) 247.992ms
[2026-01-16T09:32:39.045+0000][gc,cpu      ] GC(951) User=0.21s Sys=0.04s Real=0.25s
[2026-01-16T09:32:44.855+0000][gc,start    ] GC(952) Pause Young (Normal) (G1 Evacuation Pause)
[2026-01-16T09:32:44.858+0000][gc,task     ] GC(952) Using 8 workers of 8 for evacuation
[2026-01-16T09:32:45.086+0000][gc,mmu      ] GC(952) MMU target violated: 201.0ms (200.0ms/201.0ms)
[2026-01-16T09:32:45.088+0000][gc,phases   ] GC(952)   Pre Evacuate Collection Set: 21.5ms
[2026-01-16T09:32:45.088+0000][gc,phases   ] GC(952)   Merge Heap Roots: 1.9ms
[2026-01-16T09:32:45.089+0000][gc,phases   ] GC(952)   Evacuate Collection Set: 157.6ms
[2026-01-16T09:32:45.089+0000][gc,phases   ] GC(952)   Post Evacuate Collection Set: 43.8ms
[2026-01-16T09:32:45.095+0000][gc,phases   ] GC(952)   Other: 5.5ms
[2026-01-16T09:32:45.097+0000][gc,heap     ] GC(952) Eden regions: 50->0(129)
[2026-01-16T09:32:45.097+0000][gc,heap     ] GC(952) Survivor regions: 4->2(7)
[2026-01-16T09:32:45.097+0000][gc,heap     ] GC(952) Old regions: 129->129
[2026-01-16T09:32:45.098+0000][gc,heap     ] GC(952) Humongous regions: 149->149
[2026-01-16T09:32:45.098+0000][gc,metaspace] GC(952) Metaspace: 15404K(15744K)->15404K(15744K) NonClass: 13672K(13824K)->13672K(13824K) Class: 1731K(1920K)->1731K(1920K)
[2026-01-16T09:32:45.098+0000][gc          ] GC(952) Pause Young (Normal) (G1 Evacuation Pause) 331M->279M(1024M) 243.386ms
[2026-01-16T09:32:45.098+0000][gc,cpu      ] GC(952) User=0.19s Sys=0.01s Real=0.25s
[2026-01-16T09:32:52.886+0000][gc,start    ] GC(953) Pause Young (Normal) (G1 Evacuation Pause)
[2026-01-16T09:32:52.896+0000][gc,task     ] GC(953) Using 8 workers of 8 for evacuation
[2026-01-16T09:32:53.056+0000][gc,phases   ] GC(953)   Pre Evacuate Collection Set: 21.6ms
[2026-01-16T09:32:53.057+0000][gc,phases   ] GC(953)   Merge Heap Roots: 4.6ms
[2026-01-16T09:32:53.057+0000][gc,phases   ] GC(953)   Evacuate Collection Set: 118.0ms
[2026-01-16T09:32:53.058+0000][gc,phases   ] GC(953)   Post Evacuate Collection Set: 12.8ms
[2026-01-16T09:32:53.058+0000][gc,phases   ] GC(953)   Other: 3.5ms
[2026-01-16T09:32:53.059+0000][gc,heap     ] GC(953) Eden regions: 145->0(185)
[2026-01-16T09:32:53.059+0000][gc,heap     ] GC(953) Survivor regions: 2->2(19)
[2026-01-16T09:32:53.059+0000][gc,heap     ] GC(953) Old regions: 129->129
[2026-01-16T09:32:53.062+0000][gc,heap     ] GC(953) Humongous regions: 149->149
[2026-01-16T09:32:53.062+0000][gc,metaspace] GC(953) Metaspace: 15404K(15744K)->15404K(15744K) NonClass: 13672K(13824K)->13672K(13824K) Class: 1731K(1920K)->1731K(1920K)
[2026-01-16T09:32:53.063+0000][gc          ] GC(953) Pause Young (Normal) (G1 Evacuation Pause) 424M->279M(1024M) 176.886ms
[2026-01-16T09:32:53.064+0000][gc,cpu      ] GC(953) User=0.23s Sys=0.02s Real=0.18s
[2026-01-16T09:33:03.563+0000][gc,start    ] GC(954) Pause Young (Normal) (G1 Evacuation Pause)
[2026-01-16T09:33:03.564+0000][gc,task     ] GC(954) Using 8 workers of 8 for evacuation
[2026-01-16T09:33:03.707+0000][gc,phases   ] GC(954)   Pre Evacuate Collection Set: 7.1ms
[2026-01-16T09:33:03.708+0000][gc,phases   ] GC(954)   Merge Heap Roots: 1.7ms
[2026-01-16T09:33:03.708+0000][gc,phases   ] GC(954)   Evacuate Collection Set: 110.6ms
[2026-01-16T09:33:03.709+0000][gc,phases   ] GC(954)   Post Evacuate Collection Set: 23.3ms
[2026-01-16T09:33:03.709+0000][gc,phases   ] GC(954)   Other: 0.8ms
[2026-01-16T09:33:03.710+0000][gc,heap     ] GC(954) Eden regions: 199->0(190)
[2026-01-16T09:33:03.710+0000][gc,heap     ] GC(954) Survivor regions: 2->2(26)
[2026-01-16T09:33:03.711+0000][gc,heap     ] GC(954) Old regions: 129->129
[2026-01-16T09:33:03.711+0000][gc,heap     ] GC(954) Humongous regions: 149->149
[2026-01-16T09:33:03.712+0000][gc,metaspace] GC(954) Metaspace: 15404K(15744K)->15404K(15744K) NonClass: 13672K(13824K)->13672K(13824K) Class: 1731K(1920K)->1731K(1920K)
[2026-01-16T09:33:03.713+0000][gc          ] GC(954) Pause Young (Normal) (G1 Evacuation Pause) 478M->279M(1024M) 150.251ms
[2026-01-16T09:33:03.713+0000][gc,cpu      ] GC(954) User=0.20s Sys=0.03s Real=0.15s
[2026-01-16T09:33:13.220+0000][gc,start    ] GC(955) Pause Young (Normal) (G1 Evacuation Pause)
[2026-01-16T09:33:13.222+0000][gc,task     ] GC(955) Using 8 workers of 8 for evacuation
[2026-01-16T09:33:13.315+0000][gc,phases   ] GC(955)   Pre Evacuate Collection Set: 8.1ms
[2026-01-16T09:33:13.317+0000][gc,phases   ] GC(955)   Merge Heap Roots: 1.8ms
[2026-01-16T09:33:13.318+0000][gc,phases   ] GC(955)   Evacuate Collection Set: 35.1ms
[2026-01-16T09:33:13.319+0000][gc,phases   ] GC(955)   Post Evacuate Collection Set: 46.7ms
[2026-01-16T09:33:13.320+0000][gc,phases   ] GC(955)   Other: 1.4ms
[2026-01-16T09:33:13.322+0000][gc,heap     ] GC(955) Eden regions: 190->0(192)
[2026-01-16T09:33:13.322+0000][gc,heap     ] GC(955) Survivor regions: 2->3(24)
[2026-01-16T09:33:13.322+0000][gc,heap     ] GC(955) Old regions: 129->129
[2026-01-16T09:33:13.323+0000][gc,heap     ] GC(955) Humongous regions: 149->149
[2026-01-16T09:33:13.323+0000][gc,metaspace] GC(955) Metaspace: 15404K(15744K)->15404K(15744K) NonClass: 13672K(13824K)->13672K(13824K) Class: 1731K(1920K)->1731K(1920K)
[2026-01-16T09:33:13.323+0000][gc          ] GC(955) Pause Young (Normal) (G1 Evacuation Pause) 469M->280M(1024M) 103.803ms
[2026-01-16T09:33:13.324+0000][gc,cpu      ] GC(955) User=0.17s Sys=0.00s Real=0.11s
[2026-01-16T09:33:23.412+0000][gc,start    ] GC(956) Pause Young (Normal) (G1 Evacuation Pause)
[2026-01-16T09:33:23.414+0000][gc,task     ] GC(956) Using 8 workers of 8 for evacuation
[2026-01-16T09:33:23.626+0000][gc,mmu      ] GC(956) MMU target violated: 201.0ms (200.0ms/201.0ms)
[2026-01-16T09:33:23.626+0000][gc,phases   ] GC(956)   Pre Evacuate Collection Set: 41.5ms
[2026-01-16T09:33:23.627+0000][gc,phases   ] GC(956)   Merge Heap Roots: 5.2ms
[2026-01-16T09:33:23.627+0000][gc,phases   ] GC(956)   Evacuate Collection Set: 146.8ms
[2026-01-16T09:33:23.627+0000][gc,phases   ] GC(956)   Post Evacuate Collection Set: 17.8ms
[2026-01-16T09:33:23.627+0000][gc,phases   ] GC(956)   Other: 1.9ms
[2026-01-16T09:33:23.628+0000][gc,heap     ] GC(956) Eden regions: 182->0(173)
[2026-01-16T09:33:23.628+0000][gc,heap     ] GC(956) Survivor regions: 3->3(24)
[2026-01-16T09:33:23.629+0000][gc,heap     ] GC(956) Old regions: 129->129
[2026-01-16T09:33:23.629+0000][gc,heap     ] GC(956) Humongous regions: 149->149
[2026-01-16T09:33:23.629+0000][gc,metaspace] GC(956) Metaspace: 15404K(15744K)->15404K(15744K) NonClass: 13672K(13824K)->13672K(13824K) Class: 1731K(1920K)->1731K(1920K)
[2026-01-16T09:33:23.633+0000][gc          ] GC(956) Pause Young (Normal) (G1 Evacuation Pause) 462M->280M(1024M) 221.998ms
[2026-01-16T09:33:23.640+0000][gc,cpu      ] GC(956) User=0.21s Sys=0.01s Real=0.23s
[2026-01-16T09:33:33.173+0000][gc,start    ] GC(957) Pause Young (Normal) (G1 Evacuation Pause)
[2026-01-16T09:33:33.176+0000][gc,task     ] GC(957) Using 8 workers of 8 for evacuation
[2026-01-16T09:33:33.234+0000][gc,phases   ] GC(957)   Pre Evacuate Collection Set: 11.3ms
[2026-01-16T09:33:33.235+0000][gc,phases   ] GC(957)   Merge Heap Roots: 1.5ms
[2026-01-16T09:33:33.235+0000][gc,phases   ] GC(957)   Evacuate Collection Set: 37.0ms
[2026-01-16T09:33:33.235+0000][gc,phases   ] GC(957)   Post Evacuate Collection Set: 7.8ms
[2026-01-16T09:33:33.235+0000][gc,phases   ] GC(957)   Other: 2.5ms
[2026-01-16T09:33:33.236+0000][gc,heap     ] GC(957) Eden regions: 179->0(268)
[2026-01-16T09:33:33.236+0000][gc,heap     ] GC(957) Survivor regions: 3->3(23)
[2026-01-16T09:33:33.236+0000][gc,heap     ] GC(957) Old regions: 129->130
[2026-01-16T09:33:33.236+0000][gc,heap     ] GC(957) Humongous regions: 149->149
[2026-01-16T09:33:33.237+0000][gc,metaspace] GC(957) Metaspace: 15404K(15744K)->15404K(15744K) NonClass: 13672K(13824K)->13672K(13824K) Class: 1731K(1920K)->1731K(1920K)
[2026-01-16T09:33:33.237+0000][gc          ] GC(957) Pause Young (Normal) (G1 Evacuation Pause) 459M->280M(1024M) 63.800ms
[2026-01-16T09:33:33.237+0000][gc,cpu      ] GC(957) User=0.16s Sys=0.01s Real=0.07s
[2026-01-16T09:33:45.823+0000][gc,start    ] GC(958) Pause Young (Normal) (G1 Evacuation Pause)
[2026-01-16T09:33:45.872+0000][gc,task     ] GC(958) Using 8 workers of 8 for evacuation
[2026-01-16T09:33:46.404+0000][gc,mmu      ] GC(958) MMU target violated: 201.0ms (200.0ms/201.0ms)
[2026-01-16T09:33:46.407+0000][gc,phases   ] GC(958)   Pre Evacuate Collection Set: 92.9ms
[2026-01-16T09:33:46.407+0000][gc,phases   ] GC(958)   Merge Heap Roots: 19.7ms
[2026-01-16T09:33:46.408+0000][gc,phases   ] GC(958)   Evacuate Collection Set: 365.1ms
[2026-01-16T09:33:46.408+0000][gc,phases   ] GC(958)   Post Evacuate Collection Set: 49.6ms
[2026-01-16T09:33:46.409+0000][gc,phases   ] GC(958)   Other: 38.2ms
[2026-01-16T09:33:46.409+0000][gc,heap     ] GC(958) Eden regions: 265->0(46)
[2026-01-16T09:33:46.410+0000][gc,heap     ] GC(958) Survivor regions: 3->5(34)
[2026-01-16T09:33:46.410+0000][gc,heap     ] GC(958) Old regions: 130->130
[2026-01-16T09:33:46.410+0000][gc,heap     ] GC(958) Humongous regions: 149->149
[2026-01-16T09:33:46.410+0000][gc,metaspace] GC(958) Metaspace: 15404K(15744K)->15404K(15744K) NonClass: 13672K(13824K)->13672K(13824K) Class: 1731K(1920K)->1731K(1920K)
[2026-01-16T09:33:46.411+0000][gc          ] GC(958) Pause Young (Normal) (G1 Evacuation Pause) 545M->282M(1024M) 587.837ms
[2026-01-16T09:33:46.411+0000][gc,cpu      ] GC(958) User=0.57s Sys=0.07s Real=0.59s
[2026-01-16T09:33:48.044+0000][gc,start    ] GC(959) Pause Young (Normal) (G1 Evacuation Pause)
[2026-01-16T09:33:48.049+0000][gc,task     ] GC(959) Using 8 workers of 8 for evacuation
[2026-01-16T09:33:48.185+0000][gc,phases   ] GC(959)   Pre Evacuate Collection Set: 4.1ms
[2026-01-16T09:33:48.185+0000][gc,phases   ] GC(959)   Merge Heap Roots: 3.1ms
[2026-01-16T09:33:48.185+0000][gc,phases   ] GC(959)   Evacuate Collection Set: 113.1ms
[2026-01-16T09:33:48.186+0000][gc,phases   ] GC(959)   Post Evacuate Collection Set: 13.4ms
[2026-01-16T09:33:48.186+0000][gc,phases   ] GC(959)   Other: 5.2ms
[2026-01-16T09:33:48.186+0000][gc,heap     ] GC(959) Eden regions: 46->0(46)
[2026-01-16T09:33:48.186+0000][gc,heap     ] GC(959) Survivor regions: 5->5(7)
[2026-01-16T09:33:48.187+0000][gc,heap     ] GC(959) Old regions: 130->130
[2026-01-16T09:33:48.187+0000][gc,heap     ] GC(959) Humongous regions: 149->149
[2026-01-16T09:33:48.188+0000][gc,metaspace] GC(959) Metaspace: 15404K(15744K)->15404K(15744K) NonClass: 13672K(13824K)->13672K(13824K) Class: 1731K(1920K)->1731K(1920K)
[2026-01-16T09:33:48.191+0000][gc          ] GC(959) Pause Young (Normal) (G1 Evacuation Pause) 328M->282M(1024M) 147.237ms
[2026-01-16T09:33:48.192+0000][gc,cpu      ] GC(959) User=0.21s Sys=0.00s Real=0.15s
[2026-01-16T09:33:54.091+0000][gc,start    ] GC(960) Pause Young (Normal) (G1 Evacuation Pause)
[2026-01-16T09:33:54.107+0000][gc,task     ] GC(960) Using 8 workers of 8 for evacuation
[2026-01-16T09:33:54.318+0000][gc,mmu      ] GC(960) MMU target violated: 201.0ms (200.0ms/201.0ms)
[2026-01-16T09:33:54.321+0000][gc,phases   ] GC(960)   Pre Evacuate Collection Set: 42.3ms
[2026-01-16T09:33:54.322+0000][gc,phases   ] GC(960)   Merge Heap Roots: 5.9ms
[2026-01-16T09:33:54.322+0000][gc,phases   ] GC(960)   Evacuate Collection Set: 141.2ms
[2026-01-16T09:33:54.323+0000][gc,phases   ] GC(960)   Post Evacuate Collection Set: 20.9ms
[2026-01-16T09:33:54.323+0000][gc,phases   ] GC(960)   Other: 5.0ms
[2026-01-16T09:33:54.324+0000][gc,heap     ] GC(960) Eden regions: 46->0(80)
[2026-01-16T09:33:54.325+0000][gc,heap     ] GC(960) Survivor regions: 5->2(7)
[2026-01-16T09:33:54.325+0000][gc,heap     ] GC(960) Old regions: 130->131
[2026-01-16T09:33:54.325+0000][gc,heap     ] GC(960) Humongous regions: 149->149
[2026-01-16T09:33:54.325+0000][gc,metaspace] GC(960) Metaspace: 15404K(15744K)->15404K(15744K) NonClass: 13673K(13824K)->13673K(13824K) Class: 1731K(1920K)->1731K(1920K)
[2026-01-16T09:33:54.327+0000][gc          ] GC(960) Pause Young (Normal) (G1 Evacuation Pause) 328M->281M(1024M) 235.803ms
[2026-01-16T09:33:54.328+0000][gc,cpu      ] GC(960) User=0.26s Sys=0.05s Real=0.24s
[2026-01-16T09:34:00.382+0000][gc,start    ] GC(961) Pause Young (Normal) (G1 Evacuation Pause)
[2026-01-16T09:34:00.387+0000][gc,task     ] GC(961) Using 8 workers of 8 for evacuation
[2026-01-16T09:34:00.835+0000][gc,mmu      ] GC(961) MMU target violated: 201.0ms (200.0ms/201.0ms)
[2026-01-16T09:34:00.837+0000][gc,phases   ] GC(961)   Pre Evacuate Collection Set: 108.7ms
[2026-01-16T09:34:00.838+0000][gc,phases   ] GC(961)   Merge Heap Roots: 1.0ms
[2026-01-16T09:34:00.843+0000][gc,phases   ] GC(961)   Evacuate Collection Set: 328.2ms
[2026-01-16T09:34:00.845+0000][gc,phases   ] GC(961)   Post Evacuate Collection Set: 8.9ms
[2026-01-16T09:34:00.845+0000][gc,phases   ] GC(961)   Other: 3.5ms
[2026-01-16T09:34:00.846+0000][gc,heap     ] GC(961) Eden regions: 109->0(47)
[2026-01-16T09:34:00.846+0000][gc,heap     ] GC(961) Survivor regions: 2->4(14)
[2026-01-16T09:34:00.846+0000][gc,heap     ] GC(961) Old regions: 131->131
[2026-01-16T09:34:00.846+0000][gc,heap     ] GC(961) Humongous regions: 149->149
[2026-01-16T09:34:00.846+0000][gc,metaspace] GC(961) Metaspace: 15404K(15744K)->15404K(15744K) NonClass: 13673K(13824K)->13673K(13824K) Class: 1731K(1920K)->1731K(1920K)
[2026-01-16T09:34:00.848+0000][gc          ] GC(961) Pause Young (Normal) (G1 Evacuation Pause) 390M->282M(1024M) 466.460ms
[2026-01-16T09:34:00.849+0000][gc,cpu      ] GC(961) User=0.33s Sys=0.03s Real=0.47s
[2026-01-16T09:34:02.937+0000][gc,start    ] GC(962) Pause Young (Normal) (G1 Evacuation Pause)
[2026-01-16T09:34:02.943+0000][gc,task     ] GC(962) Using 8 workers of 8 for evacuation
[2026-01-16T09:34:03.321+0000][gc,mmu      ] GC(962) MMU target violated: 201.0ms (200.0ms/201.0ms)
[2026-01-16T09:34:03.321+0000][gc,phases   ] GC(962)   Pre Evacuate Collection Set: 14.4ms
[2026-01-16T09:34:03.323+0000][gc,phases   ] GC(962)   Merge Heap Roots: 1.6ms
[2026-01-16T09:34:03.324+0000][gc,phases   ] GC(962)   Evacuate Collection Set: 342.9ms
[2026-01-16T09:34:03.324+0000][gc,phases   ] GC(962)   Post Evacuate Collection Set: 16.2ms
[2026-01-16T09:34:03.324+0000][gc,phases   ] GC(962)   Other: 3.0ms
[2026-01-16T09:34:03.324+0000][gc,heap     ] GC(962) Eden regions: 47->0(47)
[2026-01-16T09:34:03.325+0000][gc,heap     ] GC(962) Survivor regions: 4->4(7)
[2026-01-16T09:34:03.325+0000][gc,heap     ] GC(962) Old regions: 131->131
[2026-01-16T09:34:03.326+0000][gc,heap     ] GC(962) Humongous regions: 149->149
[2026-01-16T09:34:03.326+0000][gc,metaspace] GC(962) Metaspace: 15404K(15744K)->15404K(15744K) NonClass: 13673K(13824K)->13673K(13824K) Class: 1731K(1920K)->1731K(1920K)
[2026-01-16T09:34:03.327+0000][gc          ] GC(962) Pause Young (Normal) (G1 Evacuation Pause) 329M->283M(1024M) 389.862ms
[2026-01-16T09:34:03.327+0000][gc,cpu      ] GC(962) User=0.23s Sys=0.01s Real=0.39s
[2026-01-16T09:34:04.682+0000][gc,start    ] GC(963) Pause Young (Normal) (G1 Evacuation Pause)
[2026-01-16T09:34:04.683+0000][gc,task     ] GC(963) Using 8 workers of 8 for evacuation
[2026-01-16T09:34:04.790+0000][gc,phases   ] GC(963)   Pre Evacuate Collection Set: 12.4ms
[2026-01-16T09:34:04.790+0000][gc,phases   ] GC(963)   Merge Heap Roots: 1.7ms
[2026-01-16T09:34:04.791+0000][gc,phases   ] GC(963)   Evacuate Collection Set: 81.4ms
[2026-01-16T09:34:04.791+0000][gc,phases   ] GC(963)   Post Evacuate Collection Set: 6.3ms
[2026-01-16T09:34:04.792+0000][gc,phases   ] GC(963)   Other: 4.9ms
[2026-01-16T09:34:04.792+0000][gc,heap     ] GC(963) Eden regions: 47->0(48)
[2026-01-16T09:34:04.793+0000][gc,heap     ] GC(963) Survivor regions: 4->3(7)
[2026-01-16T09:34:04.795+0000][gc,heap     ] GC(963) Old regions: 131->131
[2026-01-16T09:34:04.796+0000][gc,heap     ] GC(963) Humongous regions: 149->149
[2026-01-16T09:34:04.797+0000][gc,metaspace] GC(963) Metaspace: 15410K(15744K)->15410K(15744K) NonClass: 13678K(13824K)->13678K(13824K) Class: 1731K(1920K)->1731K(1920K)
[2026-01-16T09:34:04.797+0000][gc          ] GC(963) Pause Young (Normal) (G1 Evacuation Pause) 330M->281M(1024M) 115.529ms
[2026-01-16T09:34:04.797+0000][gc,cpu      ] GC(963) User=0.10s Sys=0.00s Real=0.12s
[2026-01-16T09:34:05.335+0000][gc,start    ] GC(964) Pause Young (Normal) (G1 Evacuation Pause)
[2026-01-16T09:34:05.339+0000][gc,task     ] GC(964) Using 8 workers of 8 for evacuation
[2026-01-16T09:34:05.401+0000][gc,phases   ] GC(964)   Pre Evacuate Collection Set: 3.7ms
[2026-01-16T09:34:05.402+0000][gc,phases   ] GC(964)   Merge Heap Roots: 0.4ms
[2026-01-16T09:34:05.402+0000][gc,phases   ] GC(964)   Evacuate Collection Set: 48.0ms
[2026-01-16T09:34:05.405+0000][gc,phases   ] GC(964)   Post Evacuate Collection Set: 5.1ms
[2026-01-16T09:34:05.405+0000][gc,phases   ] GC(964)   Other: 5.3ms
[2026-01-16T09:34:05.405+0000][gc,heap     ] GC(964) Eden regions: 48->0(48)
[2026-01-16T09:34:05.405+0000][gc,heap     ] GC(964) Survivor regions: 3->4(7)
[2026-01-16T09:34:05.405+0000][gc,heap     ] GC(964) Old regions: 131->131
[2026-01-16T09:34:05.405+0000][gc,heap     ] GC(964) Humongous regions: 149->149
[2026-01-16T09:34:05.405+0000][gc,metaspace] GC(964) Metaspace: 15410K(15744K)->15410K(15744K) NonClass: 13678K(13824K)->13678K(13824K) Class: 1731K(1920K)->1731K(1920K)
[2026-01-16T09:34:05.405+0000][gc          ] GC(964) Pause Young (Normal) (G1 Evacuation Pause) 329M->282M(1024M) 70.200ms
[2026-01-16T09:34:05.406+0000][gc,cpu      ] GC(964) User=0.04s Sys=0.00s Real=0.07s
[2026-01-16T09:34:06.221+0000][gc,start    ] GC(965) Pause Young (Normal) (G1 Evacuation Pause)
[2026-01-16T09:34:06.224+0000][gc,task     ] GC(965) Using 8 workers of 8 for evacuation
[2026-01-16T09:34:06.513+0000][gc,mmu      ] GC(965) MMU target violated: 201.0ms (200.0ms/201.0ms)
[2026-01-16T09:34:06.516+0000][gc,phases   ] GC(965)   Pre Evacuate Collection Set: 2.9ms
[2026-01-16T09:34:06.518+0000][gc,phases   ] GC(965)   Merge Heap Roots: 0.4ms
[2026-01-16T09:34:06.520+0000][gc,phases   ] GC(965)   Evacuate Collection Set: 243.4ms
[2026-01-16T09:34:06.522+0000][gc,phases   ] GC(965)   Post Evacuate Collection Set: 37.4ms
[2026-01-16T09:34:06.523+0000][gc,phases   ] GC(965)   Other: 7.6ms
[2026-01-16T09:34:06.527+0000][gc,heap     ] GC(965) Eden regions: 54->0(47)
[2026-01-16T09:34:06.527+0000][gc,heap     ] GC(965) Survivor regions: 4->4(8)
[2026-01-16T09:34:06.528+0000][gc,heap     ] GC(965) Old regions: 131->131
[2026-01-16T09:34:06.531+0000][gc,heap     ] GC(965) Humongous regions: 149->149
[2026-01-16T09:34:06.533+0000][gc,metaspace] GC(965) Metaspace: 15410K(15744K)->15410K(15744K) NonClass: 13678K(13824K)->13678K(13824K) Class: 1731K(1920K)->1731K(1920K)
[2026-01-16T09:34:06.535+0000][gc          ] GC(965) Pause Young (Normal) (G1 Evacuation Pause) 336M->283M(1024M) 314.736ms
[2026-01-16T09:34:06.536+0000][gc,cpu      ] GC(965) User=0.17s Sys=0.00s Real=0.32s
[2026-01-16T09:34:14.087+0000][gc,start    ] GC(966) Pause Young (Normal) (G1 Evacuation Pause)
[2026-01-16T09:34:14.096+0000][gc,task     ] GC(966) Using 8 workers of 8 for evacuation
[2026-01-16T09:34:14.562+0000][gc,mmu      ] GC(966) MMU target violated: 201.0ms (200.0ms/201.0ms)
[2026-01-16T09:34:14.565+0000][gc,phases   ] GC(966)   Pre Evacuate Collection Set: 89.4ms
[2026-01-16T09:34:14.567+0000][gc,phases   ] GC(966)   Merge Heap Roots: 37.1ms
[2026-01-16T09:34:14.568+0000][gc,phases   ] GC(966)   Evacuate Collection Set: 211.9ms
[2026-01-16T09:34:14.568+0000][gc,phases   ] GC(966)   Post Evacuate Collection Set: 126.0ms
[2026-01-16T09:34:14.568+0000][gc,phases   ] GC(966)   Other: 4.6ms
[2026-01-16T09:34:14.568+0000][gc,heap     ] GC(966) Eden regions: 47->0(48)
[2026-01-16T09:34:14.570+0000][gc,heap     ] GC(966) Survivor regions: 4->3(7)
[2026-01-16T09:34:14.570+0000][gc,heap     ] GC(966) Old regions: 131->131
[2026-01-16T09:34:14.570+0000][gc,heap     ] GC(966) Humongous regions: 149->149
[2026-01-16T09:34:14.571+0000][gc,metaspace] GC(966) Metaspace: 15410K(15744K)->15410K(15744K) NonClass: 13678K(13824K)->13678K(13824K) Class: 1731K(1920K)->1731K(1920K)
[2026-01-16T09:34:14.571+0000][gc          ] GC(966) Pause Young (Normal) (G1 Evacuation Pause) 330M->281M(1024M) 484.200ms
[2026-01-16T09:34:14.572+0000][gc,cpu      ] GC(966) User=0.25s Sys=0.01s Real=0.49s
[2026-01-16T09:34:16.976+0000][gc,start    ] GC(967) Pause Young (Normal) (G1 Evacuation Pause)
[2026-01-16T09:34:16.978+0000][gc,task     ] GC(967) Using 8 workers of 8 for evacuation
[2026-01-16T09:34:17.308+0000][gc,mmu      ] GC(967) MMU target violated: 201.0ms (200.0ms/201.0ms)
[2026-01-16T09:34:17.308+0000][gc,phases   ] GC(967)   Pre Evacuate Collection Set: 19.8ms
[2026-01-16T09:34:17.309+0000][gc,phases   ] GC(967)   Merge Heap Roots: 6.8ms
[2026-01-16T09:34:17.311+0000][gc,phases   ] GC(967)   Evacuate Collection Set: 249.8ms
[2026-01-16T09:34:17.312+0000][gc,phases   ] GC(967)   Post Evacuate Collection Set: 50.4ms
[2026-01-16T09:34:17.312+0000][gc,phases   ] GC(967)   Other: 3.8ms
[2026-01-16T09:34:17.313+0000][gc,heap     ] GC(967) Eden regions: 48->0(48)
[2026-01-16T09:34:17.313+0000][gc,heap     ] GC(967) Survivor regions: 3->3(7)
[2026-01-16T09:34:17.313+0000][gc,heap     ] GC(967) Old regions: 131->131
[2026-01-16T09:34:17.314+0000][gc,heap     ] GC(967) Humongous regions: 149->149
[2026-01-16T09:34:17.314+0000][gc,metaspace] GC(967) Metaspace: 15410K(15744K)->15410K(15744K) NonClass: 13678K(13824K)->13678K(13824K) Class: 1731K(1920K)->1731K(1920K)
[2026-01-16T09:34:17.315+0000][gc          ] GC(967) Pause Young (Normal) (G1 Evacuation Pause) 329M->282M(1024M) 339.602ms
[2026-01-16T09:34:17.316+0000][gc,cpu      ] GC(967) User=0.17s Sys=0.01s Real=0.34s
[2026-01-16T09:34:18.260+0000][gc,start    ] GC(968) Pause Young (Normal) (G1 Evacuation Pause)
[2026-01-16T09:34:18.298+0000][gc,task     ] GC(968) Using 8 workers of 8 for evacuation
[2026-01-16T09:34:18.390+0000][gc,phases   ] GC(968)   Pre Evacuate Collection Set: 3.8ms
[2026-01-16T09:34:18.391+0000][gc,phases   ] GC(968)   Merge Heap Roots: 0.4ms
[2026-01-16T09:34:18.393+0000][gc,phases   ] GC(968)   Evacuate Collection Set: 79.8ms
[2026-01-16T09:34:18.395+0000][gc,phases   ] GC(968)   Post Evacuate Collection Set: 7.0ms
[2026-01-16T09:34:18.396+0000][gc,phases   ] GC(968)   Other: 1.1ms
[2026-01-16T09:34:18.400+0000][gc,heap     ] GC(968) Eden regions: 48->0(47)
[2026-01-16T09:34:18.400+0000][gc,heap     ] GC(968) Survivor regions: 3->4(7)
[2026-01-16T09:34:18.404+0000][gc,heap     ] GC(968) Old regions: 131->131
[2026-01-16T09:34:18.405+0000][gc,heap     ] GC(968) Humongous regions: 149->149
[2026-01-16T09:34:18.405+0000][gc,metaspace] GC(968) Metaspace: 15410K(15744K)->15410K(15744K) NonClass: 13678K(13824K)->13678K(13824K) Class: 1731K(1920K)->1731K(1920K)
[2026-01-16T09:34:18.409+0000][gc          ] GC(968) Pause Young (Normal) (G1 Evacuation Pause) 330M->282M(1024M) 149.294ms
[2026-01-16T09:34:18.411+0000][gc,cpu      ] GC(968) User=0.07s Sys=0.01s Real=0.15s
[2026-01-16T09:34:19.993+0000][gc,start    ] GC(969) Pause Young (Normal) (G1 Evacuation Pause)
[2026-01-16T09:34:19.997+0000][gc,task     ] GC(969) Using 8 workers of 8 for evacuation
[2026-01-16T09:34:20.216+0000][gc,mmu      ] GC(969) MMU target violated: 201.0ms (200.0ms/201.0ms)
[2026-01-16T09:34:20.217+0000][gc,phases   ] GC(969)   Pre Evacuate Collection Set: 39.8ms
[2026-01-16T09:34:20.219+0000][gc,phases   ] GC(969)   Merge Heap Roots: 1.7ms
[2026-01-16T09:34:20.220+0000][gc,phases   ] GC(969)   Evacuate Collection Set: 154.7ms
[2026-01-16T09:34:20.220+0000][gc,phases   ] GC(969)   Post Evacuate Collection Set: 16.7ms
[2026-01-16T09:34:20.221+0000][gc,phases   ] GC(969)   Other: 7.8ms
[2026-01-16T09:34:20.222+0000][gc,heap     ] GC(969) Eden regions: 47->0(46)
[2026-01-16T09:34:20.223+0000][gc,heap     ] GC(969) Survivor regions: 4->5(7)
[2026-01-16T09:34:20.223+0000][gc,heap     ] GC(969) Old regions: 131->131
[2026-01-16T09:34:20.223+0000][gc,heap     ] GC(969) Humongous regions: 149->149
[2026-01-16T09:34:20.224+0000][gc,metaspace] GC(969) Metaspace: 15410K(15744K)->15410K(15744K) NonClass: 13678K(13824K)->13678K(13824K) Class: 1731K(1920K)->1731K(1920K)
[2026-01-16T09:34:20.225+0000][gc          ] GC(969) Pause Young (Normal) (G1 Evacuation Pause) 329M->283M(1024M) 232.124ms
[2026-01-16T09:34:20.225+0000][gc,cpu      ] GC(969) User=0.15s Sys=0.00s Real=0.23s
[2026-01-16T09:34:23.260+0000][gc,start    ] GC(970) Pause Young (Normal) (G1 Evacuation Pause)
[2026-01-16T09:34:23.260+0000][gc,task     ] GC(970) Using 8 workers of 8 for evacuation
[2026-01-16T09:34:23.336+0000][gc,phases   ] GC(970)   Pre Evacuate Collection Set: 6.0ms
[2026-01-16T09:34:23.336+0000][gc,phases   ] GC(970)   Merge Heap Roots: 2.4ms
[2026-01-16T09:34:23.337+0000][gc,phases   ] GC(970)   Evacuate Collection Set: 52.4ms
[2026-01-16T09:34:23.338+0000][gc,phases   ] GC(970)   Post Evacuate Collection Set: 13.2ms
[2026-01-16T09:34:23.338+0000][gc,phases   ] GC(970)   Other: 1.3ms
[2026-01-16T09:34:23.340+0000][gc,heap     ] GC(970) Eden regions: 46->0(66)
[2026-01-16T09:34:23.341+0000][gc,heap     ] GC(970) Survivor regions: 5->3(7)
[2026-01-16T09:34:23.342+0000][gc,heap     ] GC(970) Old regions: 131->131
[2026-01-16T09:34:23.343+0000][gc,heap     ] GC(970) Humongous regions: 149->149
[2026-01-16T09:34:23.343+0000][gc,metaspace] GC(970) Metaspace: 15411K(15744K)->15411K(15744K) NonClass: 13680K(13824K)->13680K(13824K) Class: 1731K(1920K)->1731K(1920K)
[2026-01-16T09:34:23.343+0000][gc          ] GC(970) Pause Young (Normal) (G1 Evacuation Pause) 329M->282M(1024M) 83.607ms
[2026-01-16T09:34:23.344+0000][gc,cpu      ] GC(970) User=0.13s Sys=0.01s Real=0.08s
[2026-01-16T09:34:24.714+0000][gc,start    ] GC(971) Pause Young (Normal) (G1 Evacuation Pause)
[2026-01-16T09:34:24.715+0000][gc,task     ] GC(971) Using 8 workers of 8 for evacuation
[2026-01-16T09:34:24.863+0000][gc,phases   ] GC(971)   Pre Evacuate Collection Set: 12.7ms
[2026-01-16T09:34:24.865+0000][gc,phases   ] GC(971)   Merge Heap Roots: 0.8ms
[2026-01-16T09:34:24.865+0000][gc,phases   ] GC(971)   Evacuate Collection Set: 107.2ms
[2026-01-16T09:34:24.865+0000][gc,phases   ] GC(971)   Post Evacuate Collection Set: 21.6ms
[2026-01-16T09:34:24.866+0000][gc,phases   ] GC(971)   Other: 5.0ms
[2026-01-16T09:34:24.866+0000][gc,heap     ] GC(971) Eden regions: 75->0(55)
[2026-01-16T09:34:24.866+0000][gc,heap     ] GC(971) Survivor regions: 3->4(10)
[2026-01-16T09:34:24.867+0000][gc,heap     ] GC(971) Old regions: 131->131
[2026-01-16T09:34:24.867+0000][gc,heap     ] GC(971) Humongous regions: 149->149
[2026-01-16T09:34:24.867+0000][gc,metaspace] GC(971) Metaspace: 15411K(15744K)->15411K(15744K) NonClass: 13680K(13824K)->13680K(13824K) Class: 1731K(1920K)->1731K(1920K)
[2026-01-16T09:34:24.868+0000][gc          ] GC(971) Pause Young (Normal) (G1 Evacuation Pause) 357M->282M(1024M) 154.500ms
[2026-01-16T09:34:24.871+0000][gc,cpu      ] GC(971) User=0.16s Sys=0.01s Real=0.16s
[2026-01-16T09:34:26.610+0000][gc,start    ] GC(972) Pause Young (Normal) (G1 Evacuation Pause)
[2026-01-16T09:34:26.614+0000][gc,task     ] GC(972) Using 8 workers of 8 for evacuation
[2026-01-16T09:34:26.738+0000][gc,phases   ] GC(972)   Pre Evacuate Collection Set: 16.2ms
[2026-01-16T09:34:26.738+0000][gc,phases   ] GC(972)   Merge Heap Roots: 6.3ms
[2026-01-16T09:34:26.739+0000][gc,phases   ] GC(972)   Evacuate Collection Set: 80.4ms
[2026-01-16T09:34:26.739+0000][gc,phases   ] GC(972)   Post Evacuate Collection Set: 19.2ms
[2026-01-16T09:34:26.740+0000][gc,phases   ] GC(972)   Other: 1.7ms
[2026-01-16T09:34:26.740+0000][gc,heap     ] GC(972) Eden regions: 71->0(97)
[2026-01-16T09:34:26.740+0000][gc,heap     ] GC(972) Survivor regions: 4->4(10)
[2026-01-16T09:34:26.741+0000][gc,heap     ] GC(972) Old regions: 131->131
[2026-01-16T09:34:26.741+0000][gc,heap     ] GC(972) Humongous regions: 149->149
[2026-01-16T09:34:26.742+0000][gc,metaspace] GC(972) Metaspace: 15411K(15744K)->15411K(15744K) NonClass: 13680K(13824K)->13680K(13824K) Class: 1731K(1920K)->1731K(1920K)
[2026-01-16T09:34:26.743+0000][gc          ] GC(972) Pause Young (Normal) (G1 Evacuation Pause) 353M->283M(1024M) 132.813ms
[2026-01-16T09:34:26.743+0000][gc,cpu      ] GC(972) User=0.14s Sys=0.01s Real=0.14s
[2026-01-16T09:34:35.368+0000][gc,start    ] GC(973) Pause Young (Normal) (G1 Evacuation Pause)
[2026-01-16T09:34:35.370+0000][gc,task     ] GC(973) Using 8 workers of 8 for evacuation
[2026-01-16T09:34:35.474+0000][gc,phases   ] GC(973)   Pre Evacuate Collection Set: 19.6ms
[2026-01-16T09:34:35.474+0000][gc,phases   ] GC(973)   Merge Heap Roots: 0.9ms
[2026-01-16T09:34:35.474+0000][gc,phases   ] GC(973)   Evacuate Collection Set: 77.8ms
[2026-01-16T09:34:35.474+0000][gc,phases   ] GC(973)   Post Evacuate Collection Set: 5.2ms
[2026-01-16T09:34:35.475+0000][gc,phases   ] GC(973)   Other: 1.1ms
[2026-01-16T09:34:35.475+0000][gc,heap     ] GC(973) Eden regions: 106->0(193)
[2026-01-16T09:34:35.475+0000][gc,heap     ] GC(973) Survivor regions: 4->3(14)
[2026-01-16T09:34:35.476+0000][gc,heap     ] GC(973) Old regions: 131->132
[2026-01-16T09:34:35.476+0000][gc,heap     ] GC(973) Humongous regions: 149->149
[2026-01-16T09:34:35.476+0000][gc,metaspace] GC(973) Metaspace: 15411K(15744K)->15411K(15744K) NonClass: 13680K(13824K)->13680K(13824K) Class: 1731K(1920K)->1731K(1920K)
[2026-01-16T09:34:35.477+0000][gc          ] GC(973) Pause Young (Normal) (G1 Evacuation Pause) 389M->283M(1024M) 108.680ms
[2026-01-16T09:34:35.477+0000][gc,cpu      ] GC(973) User=0.36s Sys=0.03s Real=0.11s
[2026-01-16T09:34:44.392+0000][gc,start    ] GC(974) Pause Young (Normal) (G1 Evacuation Pause)
[2026-01-16T09:34:44.393+0000][gc,task     ] GC(974) Using 8 workers of 8 for evacuation
[2026-01-16T09:34:44.448+0000][gc,phases   ] GC(974)   Pre Evacuate Collection Set: 3.6ms
[2026-01-16T09:34:44.448+0000][gc,phases   ] GC(974)   Merge Heap Roots: 2.5ms
[2026-01-16T09:34:44.448+0000][gc,phases   ] GC(974)   Evacuate Collection Set: 42.8ms
[2026-01-16T09:34:44.448+0000][gc,phases   ] GC(974)   Post Evacuate Collection Set: 5.3ms
[2026-01-16T09:34:44.448+0000][gc,phases   ] GC(974)   Other: 0.9ms
[2026-01-16T09:34:44.448+0000][gc,heap     ] GC(974) Eden regions: 195->0(274)
[2026-01-16T09:34:44.449+0000][gc,heap     ] GC(974) Survivor regions: 3->4(25)
[2026-01-16T09:34:44.449+0000][gc,heap     ] GC(974) Old regions: 132->132
[2026-01-16T09:34:44.449+0000][gc,heap     ] GC(974) Humongous regions: 149->149
[2026-01-16T09:34:44.449+0000][gc,metaspace] GC(974) Metaspace: 15411K(15744K)->15411K(15744K) NonClass: 13680K(13824K)->13680K(13824K) Class: 1731K(1920K)->1731K(1920K)
[2026-01-16T09:34:44.449+0000][gc          ] GC(974) Pause Young (Normal) (G1 Evacuation Pause) 478M->283M(1024M) 56.321ms
[2026-01-16T09:34:44.449+0000][gc,cpu      ] GC(974) User=0.21s Sys=0.02s Real=0.06s
[2026-01-16T09:35:02.764+0000][gc,start    ] GC(975) Pause Young (Normal) (G1 Evacuation Pause)
[2026-01-16T09:35:02.768+0000][gc,task     ] GC(975) Using 8 workers of 8 for evacuation
[2026-01-16T09:35:02.841+0000][gc,phases   ] GC(975)   Pre Evacuate Collection Set: 12.9ms
[2026-01-16T09:35:02.842+0000][gc,phases   ] GC(975)   Merge Heap Roots: 0.4ms
[2026-01-16T09:35:02.842+0000][gc,phases   ] GC(975)   Evacuate Collection Set: 42.9ms
[2026-01-16T09:35:02.842+0000][gc,phases   ] GC(975)   Post Evacuate Collection Set: 16.9ms
[2026-01-16T09:35:02.842+0000][gc,phases   ] GC(975)   Other: 3.6ms
[2026-01-16T09:35:02.842+0000][gc,heap     ] GC(975) Eden regions: 269->0(466)
[2026-01-16T09:35:02.842+0000][gc,heap     ] GC(975) Survivor regions: 4->3(35)
[2026-01-16T09:35:02.842+0000][gc,heap     ] GC(975) Old regions: 132->132
[2026-01-16T09:35:02.842+0000][gc,heap     ] GC(975) Humongous regions: 149->149
[2026-01-16T09:35:02.842+0000][gc,metaspace] GC(975) Metaspace: 15411K(15744K)->15411K(15744K) NonClass: 13680K(13824K)->13680K(13824K) Class: 1731K(1920K)->1731K(1920K)
[2026-01-16T09:35:02.843+0000][gc          ] GC(975) Pause Young (Normal) (G1 Evacuation Pause) 552M->283M(1024M) 78.130ms
[2026-01-16T09:35:02.843+0000][gc,cpu      ] GC(975) User=0.34s Sys=0.02s Real=0.07s
[2026-01-16T09:35:24.600+0000][gc,start    ] GC(976) Pause Young (Normal) (G1 Evacuation Pause)
[2026-01-16T09:35:24.602+0000][gc,task     ] GC(976) Using 8 workers of 8 for evacuation
[2026-01-16T09:35:24.809+0000][gc,mmu      ] GC(976) MMU target violated: 201.0ms (200.0ms/201.0ms)
[2026-01-16T09:35:24.809+0000][gc,phases   ] GC(976)   Pre Evacuate Collection Set: 69.1ms
[2026-01-16T09:35:24.810+0000][gc,phases   ] GC(976)   Merge Heap Roots: 2.3ms
[2026-01-16T09:35:24.810+0000][gc,phases   ] GC(976)   Evacuate Collection Set: 113.5ms
[2026-01-16T09:35:24.810+0000][gc,phases   ] GC(976)   Post Evacuate Collection Set: 20.2ms
[2026-01-16T09:35:24.810+0000][gc,phases   ] GC(976)   Other: 2.5ms
[2026-01-16T09:35:24.810+0000][gc,heap     ] GC(976) Eden regions: 449->0(352)
[2026-01-16T09:35:24.811+0000][gc,heap     ] GC(976) Survivor regions: 3->4(57)
[2026-01-16T09:35:24.811+0000][gc,heap     ] GC(976) Old regions: 132->132
[2026-01-16T09:35:24.811+0000][gc,heap     ] GC(976) Humongous regions: 149->149
[2026-01-16T09:35:24.811+0000][gc,metaspace] GC(976) Metaspace: 15415K(15808K)->15415K(15808K) NonClass: 13683K(13888K)->13683K(13888K) Class: 1731K(1920K)->1731K(1920K)
[2026-01-16T09:35:24.812+0000][gc          ] GC(976) Pause Young (Normal) (G1 Evacuation Pause) 732M->284M(1024M) 211.301ms
[2026-01-16T09:35:24.812+0000][gc,cpu      ] GC(976) User=0.37s Sys=0.08s Real=0.21s
[2026-01-16T09:35:51.990+0000][gc,start    ] GC(977) Pause Young (Normal) (G1 Evacuation Pause)
[2026-01-16T09:35:52.008+0000][gc,task     ] GC(977) Using 8 workers of 8 for evacuation
[2026-01-16T09:35:53.963+0000][gc,mmu      ] GC(977) MMU target violated: 201.0ms (200.0ms/201.0ms)
[2026-01-16T09:35:53.965+0000][gc,phases   ] GC(977)   Pre Evacuate Collection Set: 172.1ms
[2026-01-16T09:35:53.965+0000][gc,phases   ] GC(977)   Merge Heap Roots: 74.9ms
[2026-01-16T09:35:53.966+0000][gc,phases   ] GC(977)   Evacuate Collection Set: 1486.9ms
[2026-01-16T09:35:53.966+0000][gc,phases   ] GC(977)   Post Evacuate Collection Set: 209.1ms
[2026-01-16T09:35:53.967+0000][gc,phases   ] GC(977)   Other: 13.8ms
[2026-01-16T09:35:53.967+0000][gc,heap     ] GC(977) Eden regions: 320->0(48)
[2026-01-16T09:35:53.967+0000][gc,heap     ] GC(977) Survivor regions: 4->3(41)
[2026-01-16T09:35:53.968+0000][gc,heap     ] GC(977) Old regions: 132->132
[2026-01-16T09:35:53.971+0000][gc,heap     ] GC(977) Humongous regions: 149->149
[2026-01-16T09:35:53.971+0000][gc,metaspace] GC(977) Metaspace: 15416K(15808K)->15416K(15808K) NonClass: 13685K(13888K)->13685K(13888K) Class: 1731K(1920K)->1731K(1920K)
[2026-01-16T09:35:53.975+0000][gc          ] GC(977) Pause Young (Normal) (G1 Evacuation Pause) 604M->283M(1024M) 1985.024ms
[2026-01-16T09:35:53.983+0000][gc,cpu      ] GC(977) User=0.96s Sys=0.09s Real=1.99s
[2026-01-16T09:35:58.874+0000][gc,start    ] GC(978) Pause Young (Normal) (G1 Evacuation Pause)
[2026-01-16T09:35:58.876+0000][gc,task     ] GC(978) Using 8 workers of 8 for evacuation
[2026-01-16T09:35:59.659+0000][gc,mmu      ] GC(978) MMU target violated: 201.0ms (200.0ms/201.0ms)
[2026-01-16T09:35:59.664+0000][gc,phases   ] GC(978)   Pre Evacuate Collection Set: 69.0ms
[2026-01-16T09:35:59.666+0000][gc,phases   ] GC(978)   Merge Heap Roots: 27.6ms
[2026-01-16T09:35:59.666+0000][gc,phases   ] GC(978)   Evacuate Collection Set: 660.5ms
[2026-01-16T09:35:59.666+0000][gc,phases   ] GC(978)   Post Evacuate Collection Set: 20.5ms
[2026-01-16T09:35:59.667+0000][gc,phases   ] GC(978)   Other: 10.4ms
[2026-01-16T09:35:59.667+0000][gc,heap     ] GC(978) Eden regions: 48->0(47)
[2026-01-16T09:35:59.667+0000][gc,heap     ] GC(978) Survivor regions: 3->4(7)
[2026-01-16T09:35:59.668+0000][gc,heap     ] GC(978) Old regions: 132->132
[2026-01-16T09:35:59.668+0000][gc,heap     ] GC(978) Humongous regions: 149->149
[2026-01-16T09:35:59.669+0000][gc,metaspace] GC(978) Metaspace: 15416K(15808K)->15416K(15808K) NonClass: 13685K(13888K)->13685K(13888K) Class: 1731K(1920K)->1731K(1920K)
[2026-01-16T09:35:59.669+0000][gc          ] GC(978) Pause Young (Normal) (G1 Evacuation Pause) 331M->284M(1024M) 795.241ms
[2026-01-16T09:35:59.669+0000][gc,cpu      ] GC(978) User=0.40s Sys=0.06s Real=0.80s
[2026-01-16T09:36:00.739+0000][gc,start    ] GC(979) Pause Young (Normal) (G1 Evacuation Pause)
[2026-01-16T09:36:00.743+0000][gc,task     ] GC(979) Using 8 workers of 8 for evacuation
[2026-01-16T09:36:01.003+0000][gc,mmu      ] GC(979) MMU target violated: 201.0ms (200.0ms/201.0ms)
[2026-01-16T09:36:01.004+0000][gc,phases   ] GC(979)   Pre Evacuate Collection Set: 32.7ms
[2026-01-16T09:36:01.004+0000][gc,phases   ] GC(979)   Merge Heap Roots: 10.1ms
[2026-01-16T09:36:01.004+0000][gc,phases   ] GC(979)   Evacuate Collection Set: 202.0ms
[2026-01-16T09:36:01.004+0000][gc,phases   ] GC(979)   Post Evacuate Collection Set: 5.3ms
[2026-01-16T09:36:01.005+0000][gc,phases   ] GC(979)   Other: 12.8ms
[2026-01-16T09:36:01.005+0000][gc,heap     ] GC(979) Eden regions: 47->0(47)
[2026-01-16T09:36:01.005+0000][gc,heap     ] GC(979) Survivor regions: 4->4(7)
[2026-01-16T09:36:01.006+0000][gc,heap     ] GC(979) Old regions: 132->132
[2026-01-16T09:36:01.010+0000][gc,heap     ] GC(979) Humongous regions: 149->149
[2026-01-16T09:36:01.011+0000][gc,metaspace] GC(979) Metaspace: 15417K(15808K)->15417K(15808K) NonClass: 13685K(13888K)->13685K(13888K) Class: 1731K(1920K)->1731K(1920K)
[2026-01-16T09:36:01.011+0000][gc          ] GC(979) Pause Young (Normal) (G1 Evacuation Pause) 331M->284M(1024M) 271.464ms
[2026-01-16T09:36:01.011+0000][gc,cpu      ] GC(979) User=0.17s Sys=0.01s Real=0.27s
[2026-01-16T09:36:01.825+0000][gc,start    ] GC(980) Pause Young (Normal) (G1 Evacuation Pause)
[2026-01-16T09:36:01.827+0000][gc,task     ] GC(980) Using 8 workers of 8 for evacuation
[2026-01-16T09:36:01.991+0000][gc,phases   ] GC(980)   Pre Evacuate Collection Set: 5.1ms
[2026-01-16T09:36:01.993+0000][gc,phases   ] GC(980)   Merge Heap Roots: 1.5ms
[2026-01-16T09:36:01.999+0000][gc,phases   ] GC(980)   Evacuate Collection Set: 148.1ms
[2026-01-16T09:36:02.001+0000][gc,phases   ] GC(980)   Post Evacuate Collection Set: 3.9ms
[2026-01-16T09:36:02.002+0000][gc,phases   ] GC(980)   Other: 5.1ms
[2026-01-16T09:36:02.002+0000][gc,heap     ] GC(980) Eden regions: 47->0(46)
[2026-01-16T09:36:02.003+0000][gc,heap     ] GC(980) Survivor regions: 4->5(7)
[2026-01-16T09:36:02.003+0000][gc,heap     ] GC(980) Old regions: 132->133
[2026-01-16T09:36:02.003+0000][gc,heap     ] GC(980) Humongous regions: 149->149
[2026-01-16T09:36:02.004+0000][gc,metaspace] GC(980) Metaspace: 15417K(15808K)->15417K(15808K) NonClass: 13685K(13888K)->13685K(13888K) Class: 1731K(1920K)->1731K(1920K)
[2026-01-16T09:36:02.005+0000][gc          ] GC(980) Pause Young (Normal) (G1 Evacuation Pause) 331M->285M(1024M) 179.016ms
[2026-01-16T09:36:02.005+0000][gc,cpu      ] GC(980) User=0.12s Sys=0.00s Real=0.18s
[2026-01-16T09:36:02.418+0000][gc,start    ] GC(981) Pause Young (Normal) (G1 Evacuation Pause)
[2026-01-16T09:36:02.418+0000][gc,task     ] GC(981) Using 8 workers of 8 for evacuation
[2026-01-16T09:36:02.798+0000][gc,mmu      ] GC(981) MMU target violated: 201.0ms (200.0ms/201.0ms)
[2026-01-16T09:36:02.802+0000][gc,phases   ] GC(981)   Pre Evacuate Collection Set: 27.5ms
[2026-01-16T09:36:02.803+0000][gc,phases   ] GC(981)   Merge Heap Roots: 4.5ms
[2026-01-16T09:36:02.809+0000][gc,phases   ] GC(981)   Evacuate Collection Set: 312.5ms
[2026-01-16T09:36:02.810+0000][gc,phases   ] GC(981)   Post Evacuate Collection Set: 29.0ms
[2026-01-16T09:36:02.810+0000][gc,phases   ] GC(981)   Other: 10.7ms
[2026-01-16T09:36:02.812+0000][gc,heap     ] GC(981) Eden regions: 46->0(46)
[2026-01-16T09:36:02.814+0000][gc,heap     ] GC(981) Survivor regions: 5->5(7)
[2026-01-16T09:36:02.814+0000][gc,heap     ] GC(981) Old regions: 133->133
[2026-01-16T09:36:02.835+0000][gc,heap     ] GC(981) Humongous regions: 149->149
[2026-01-16T09:36:02.836+0000][gc,metaspace] GC(981) Metaspace: 15417K(15808K)->15417K(15808K) NonClass: 13685K(13888K)->13685K(13888K) Class: 1731K(1920K)->1731K(1920K)
[2026-01-16T09:36:02.836+0000][gc          ] GC(981) Pause Young (Normal) (G1 Evacuation Pause) 331M->286M(1024M) 418.370ms
[2026-01-16T09:36:02.837+0000][gc,cpu      ] GC(981) User=0.15s Sys=0.02s Real=0.42s
[2026-01-16T09:36:03.485+0000][gc,start    ] GC(982) Pause Young (Normal) (G1 Evacuation Pause)
[2026-01-16T09:36:03.489+0000][gc,task     ] GC(982) Using 8 workers of 8 for evacuation
[2026-01-16T09:36:03.638+0000][gc,phases   ] GC(982)   Pre Evacuate Collection Set: 1.2ms
[2026-01-16T09:36:03.638+0000][gc,phases   ] GC(982)   Merge Heap Roots: 0.4ms
[2026-01-16T09:36:03.639+0000][gc,phases   ] GC(982)   Evacuate Collection Set: 128.5ms
[2026-01-16T09:36:03.642+0000][gc,phases   ] GC(982)   Post Evacuate Collection Set: 8.3ms
[2026-01-16T09:36:03.643+0000][gc,phases   ] GC(982)   Other: 10.3ms
[2026-01-16T09:36:03.646+0000][gc,heap     ] GC(982) Eden regions: 46->0(47)
[2026-01-16T09:36:03.647+0000][gc,heap     ] GC(982) Survivor regions: 5->4(7)
[2026-01-16T09:36:03.648+0000][gc,heap     ] GC(982) Old regions: 133->135
[2026-01-16T09:36:03.648+0000][gc,heap     ] GC(982) Humongous regions: 149->149
[2026-01-16T09:36:03.648+0000][gc,metaspace] GC(982) Metaspace: 15417K(15808K)->15417K(15808K) NonClass: 13685K(13888K)->13685K(13888K) Class: 1731K(1920K)->1731K(1920K)
[2026-01-16T09:36:03.649+0000][gc          ] GC(982) Pause Young (Normal) (G1 Evacuation Pause) 332M->287M(1024M) 163.680ms
[2026-01-16T09:36:03.649+0000][gc,cpu      ] GC(982) User=0.13s Sys=0.02s Real=0.16s
[2026-01-16T09:36:04.155+0000][gc,start    ] GC(983) Pause Young (Normal) (G1 Evacuation Pause)
[2026-01-16T09:36:04.159+0000][gc,task     ] GC(983) Using 8 workers of 8 for evacuation
[2026-01-16T09:36:04.275+0000][gc,phases   ] GC(983)   Pre Evacuate Collection Set: 23.3ms
[2026-01-16T09:36:04.275+0000][gc,phases   ] GC(983)   Merge Heap Roots: 0.2ms
[2026-01-16T09:36:04.277+0000][gc,phases   ] GC(983)   Evacuate Collection Set: 88.2ms
[2026-01-16T09:36:04.278+0000][gc,phases   ] GC(983)   Post Evacuate Collection Set: 2.5ms
[2026-01-16T09:36:04.278+0000][gc,phases   ] GC(983)   Other: 1.3ms
[2026-01-16T09:36:04.279+0000][gc,heap     ] GC(983) Eden regions: 47->0(47)
[2026-01-16T09:36:04.279+0000][gc,heap     ] GC(983) Survivor regions: 4->4(7)
[2026-01-16T09:36:04.280+0000][gc,heap     ] GC(983) Old regions: 135->136
[2026-01-16T09:36:04.280+0000][gc,heap     ] GC(983) Humongous regions: 149->149
[2026-01-16T09:36:04.280+0000][gc,metaspace] GC(983) Metaspace: 15424K(15808K)->15424K(15808K) NonClass: 13693K(13888K)->13693K(13888K) Class: 1731K(1920K)->1731K(1920K)
[2026-01-16T09:36:04.281+0000][gc          ] GC(983) Pause Young (Normal) (G1 Evacuation Pause) 334M->287M(1024M) 125.675ms
[2026-01-16T09:36:04.282+0000][gc,cpu      ] GC(983) User=0.12s Sys=0.02s Real=0.12s
[2026-01-16T09:36:04.695+0000][gc,start    ] GC(984) Pause Young (Normal) (G1 Evacuation Pause)
[2026-01-16T09:36:04.696+0000][gc,task     ] GC(984) Using 8 workers of 8 for evacuation
[2026-01-16T09:36:04.763+0000][gc,phases   ] GC(984)   Pre Evacuate Collection Set: 13.1ms
[2026-01-16T09:36:04.765+0000][gc,phases   ] GC(984)   Merge Heap Roots: 0.4ms
[2026-01-16T09:36:04.769+0000][gc,phases   ] GC(984)   Evacuate Collection Set: 49.9ms
[2026-01-16T09:36:04.769+0000][gc,phases   ] GC(984)   Post Evacuate Collection Set: 1.9ms
[2026-01-16T09:36:04.770+0000][gc,phases   ] GC(984)   Other: 1.1ms
[2026-01-16T09:36:04.770+0000][gc,heap     ] GC(984) Eden regions: 47->0(46)
[2026-01-16T09:36:04.771+0000][gc,heap     ] GC(984) Survivor regions: 4->5(7)
[2026-01-16T09:36:04.771+0000][gc,heap     ] GC(984) Old regions: 136->136
[2026-01-16T09:36:04.771+0000][gc,heap     ] GC(984) Humongous regions: 149->149
[2026-01-16T09:36:04.771+0000][gc,metaspace] GC(984) Metaspace: 15424K(15808K)->15424K(15808K) NonClass: 13693K(13888K)->13693K(13888K) Class: 1731K(1920K)->1731K(1920K)
[2026-01-16T09:36:04.772+0000][gc          ] GC(984) Pause Young (Normal) (G1 Evacuation Pause) 334M->288M(1024M) 77.783ms
[2026-01-16T09:36:04.773+0000][gc,cpu      ] GC(984) User=0.03s Sys=0.01s Real=0.07s
[2026-01-16T09:36:05.205+0000][gc,start    ] GC(985) Pause Young (Normal) (G1 Evacuation Pause)
[2026-01-16T09:36:05.205+0000][gc,task     ] GC(985) Using 8 workers of 8 for evacuation
[2026-01-16T09:36:05.259+0000][gc,phases   ] GC(985)   Pre Evacuate Collection Set: 2.2ms
[2026-01-16T09:36:05.261+0000][gc,phases   ] GC(985)   Merge Heap Roots: 0.2ms
[2026-01-16T09:36:05.262+0000][gc,phases   ] GC(985)   Evacuate Collection Set: 47.0ms
[2026-01-16T09:36:05.263+0000][gc,phases   ] GC(985)   Post Evacuate Collection Set: 2.9ms
[2026-01-16T09:36:05.263+0000][gc,phases   ] GC(985)   Other: 1.8ms
[2026-01-16T09:36:05.263+0000][gc,heap     ] GC(985) Eden regions: 46->0(46)
[2026-01-16T09:36:05.263+0000][gc,heap     ] GC(985) Survivor regions: 5->5(7)
[2026-01-16T09:36:05.264+0000][gc,heap     ] GC(985) Old regions: 136->136
[2026-01-16T09:36:05.264+0000][gc,heap     ] GC(985) Humongous regions: 149->149
[2026-01-16T09:36:05.265+0000][gc,metaspace] GC(985) Metaspace: 15428K(15808K)->15428K(15808K) NonClass: 13696K(13888K)->13696K(13888K) Class: 1731K(1920K)->1731K(1920K)
[2026-01-16T09:36:05.265+0000][gc          ] GC(985) Pause Young (Normal) (G1 Evacuation Pause) 334M->289M(1024M) 60.041ms
[2026-01-16T09:36:05.265+0000][gc,cpu      ] GC(985) User=0.08s Sys=0.01s Real=0.06s
[2026-01-16T09:36:05.827+0000][gc,start    ] GC(986) Pause Young (Normal) (G1 Evacuation Pause)
[2026-01-16T09:36:05.828+0000][gc,task     ] GC(986) Using 8 workers of 8 for evacuation
[2026-01-16T09:36:05.902+0000][gc,phases   ] GC(986)   Pre Evacuate Collection Set: 3.6ms
[2026-01-16T09:36:05.903+0000][gc,phases   ] GC(986)   Merge Heap Roots: 0.2ms
[2026-01-16T09:36:05.904+0000][gc,phases   ] GC(986)   Evacuate Collection Set: 66.1ms
[2026-01-16T09:36:05.907+0000][gc,phases   ] GC(986)   Post Evacuate Collection Set: 4.4ms
[2026-01-16T09:36:05.908+0000][gc,phases   ] GC(986)   Other: 0.3ms
[2026-01-16T09:36:05.930+0000][gc,heap     ] GC(986) Eden regions: 46->0(46)
[2026-01-16T09:36:05.930+0000][gc,heap     ] GC(986) Survivor regions: 5->5(7)
[2026-01-16T09:36:05.930+0000][gc,heap     ] GC(986) Old regions: 136->137
[2026-01-16T09:36:05.930+0000][gc,heap     ] GC(986) Humongous regions: 149->149
[2026-01-16T09:36:05.930+0000][gc,metaspace] GC(986) Metaspace: 15428K(15808K)->15428K(15808K) NonClass: 13696K(13888K)->13696K(13888K) Class: 1731K(1920K)->1731K(1920K)
[2026-01-16T09:36:05.931+0000][gc          ] GC(986) Pause Young (Normal) (G1 Evacuation Pause) 335M->289M(1024M) 103.108ms
[2026-01-16T09:36:05.931+0000][gc,cpu      ] GC(986) User=0.12s Sys=0.01s Real=0.10s
[2026-01-16T09:36:06.659+0000][gc,start    ] GC(987) Pause Young (Normal) (G1 Evacuation Pause)
[2026-01-16T09:36:06.659+0000][gc,task     ] GC(987) Using 8 workers of 8 for evacuation
[2026-01-16T09:36:06.755+0000][gc,phases   ] GC(987)   Pre Evacuate Collection Set: 5.0ms
[2026-01-16T09:36:06.756+0000][gc,phases   ] GC(987)   Merge Heap Roots: 0.2ms
[2026-01-16T09:36:06.756+0000][gc,phases   ] GC(987)   Evacuate Collection Set: 88.3ms
[2026-01-16T09:36:06.756+0000][gc,phases   ] GC(987)   Post Evacuate Collection Set: 2.0ms
[2026-01-16T09:36:06.757+0000][gc,phases   ] GC(987)   Other: 0.3ms
[2026-01-16T09:36:06.757+0000][gc,heap     ] GC(987) Eden regions: 46->0(52)
[2026-01-16T09:36:06.758+0000][gc,heap     ] GC(987) Survivor regions: 5->5(7)
[2026-01-16T09:36:06.759+0000][gc,heap     ] GC(987) Old regions: 137->138
[2026-01-16T09:36:06.759+0000][gc,heap     ] GC(987) Humongous regions: 149->149
[2026-01-16T09:36:06.760+0000][gc,metaspace] GC(987) Metaspace: 15428K(15808K)->15428K(15808K) NonClass: 13696K(13888K)->13696K(13888K) Class: 1731K(1920K)->1731K(1920K)
[2026-01-16T09:36:06.760+0000][gc          ] GC(987) Pause Young (Normal) (G1 Evacuation Pause) 335M->290M(1024M) 101.507ms
[2026-01-16T09:36:06.763+0000][gc,cpu      ] GC(987) User=0.11s Sys=0.00s Real=0.10s
[2026-01-16T09:36:13.437+0000][gc,start    ] GC(988) Pause Young (Normal) (G1 Evacuation Pause)
[2026-01-16T09:36:13.439+0000][gc,task     ] GC(988) Using 8 workers of 8 for evacuation
[2026-01-16T09:36:13.806+0000][gc,mmu      ] GC(988) MMU target violated: 201.0ms (200.0ms/201.0ms)
[2026-01-16T09:36:13.806+0000][gc,phases   ] GC(988)   Pre Evacuate Collection Set: 21.1ms
[2026-01-16T09:36:13.809+0000][gc,phases   ] GC(988)   Merge Heap Roots: 2.0ms
[2026-01-16T09:36:13.809+0000][gc,phases   ] GC(988)   Evacuate Collection Set: 285.4ms
[2026-01-16T09:36:13.811+0000][gc,phases   ] GC(988)   Post Evacuate Collection Set: 57.4ms
[2026-01-16T09:36:13.811+0000][gc,phases   ] GC(988)   Other: 1.5ms
[2026-01-16T09:36:13.816+0000][gc,heap     ] GC(988) Eden regions: 55->0(48)
[2026-01-16T09:36:13.820+0000][gc,heap     ] GC(988) Survivor regions: 5->3(8)
[2026-01-16T09:36:13.822+0000][gc,heap     ] GC(988) Old regions: 138->138
[2026-01-16T09:36:13.822+0000][gc,heap     ] GC(988) Humongous regions: 149->149
[2026-01-16T09:36:13.823+0000][gc,metaspace] GC(988) Metaspace: 15430K(15808K)->15430K(15808K) NonClass: 13698K(13888K)->13698K(13888K) Class: 1731K(1920K)->1731K(1920K)
[2026-01-16T09:36:13.823+0000][gc          ] GC(988) Pause Young (Normal) (G1 Evacuation Pause) 345M->289M(1024M) 386.681ms
[2026-01-16T09:36:13.824+0000][gc,cpu      ] GC(988) User=0.35s Sys=0.06s Real=0.39s
[2026-01-16T09:36:15.158+0000][gc,start    ] GC(989) Pause Young (Normal) (G1 Evacuation Pause)
[2026-01-16T09:36:15.162+0000][gc,task     ] GC(989) Using 8 workers of 8 for evacuation
[2026-01-16T09:36:15.228+0000][gc,phases   ] GC(989)   Pre Evacuate Collection Set: 4.2ms
[2026-01-16T09:36:15.228+0000][gc,phases   ] GC(989)   Merge Heap Roots: 0.9ms
[2026-01-16T09:36:15.228+0000][gc,phases   ] GC(989)   Evacuate Collection Set: 52.7ms
[2026-01-16T09:36:15.229+0000][gc,phases   ] GC(989)   Post Evacuate Collection Set: 7.8ms
[2026-01-16T09:36:15.229+0000][gc,phases   ] GC(989)   Other: 0.5ms
[2026-01-16T09:36:15.230+0000][gc,heap     ] GC(989) Eden regions: 48->0(47)
[2026-01-16T09:36:15.230+0000][gc,heap     ] GC(989) Survivor regions: 3->4(7)
[2026-01-16T09:36:15.231+0000][gc,heap     ] GC(989) Old regions: 138->138
[2026-01-16T09:36:15.231+0000][gc,heap     ] GC(989) Humongous regions: 149->149
[2026-01-16T09:36:15.231+0000][gc,metaspace] GC(989) Metaspace: 15430K(15808K)->15430K(15808K) NonClass: 13698K(13888K)->13698K(13888K) Class: 1731K(1920K)->1731K(1920K)
[2026-01-16T09:36:15.232+0000][gc          ] GC(989) Pause Young (Normal) (G1 Evacuation Pause) 337M->289M(1024M) 74.217ms
[2026-01-16T09:36:15.232+0000][gc,cpu      ] GC(989) User=0.11s Sys=0.01s Real=0.08s
[2026-01-16T09:36:15.675+0000][gc,start    ] GC(990) Pause Young (Normal) (G1 Evacuation Pause)
[2026-01-16T09:36:15.677+0000][gc,task     ] GC(990) Using 8 workers of 8 for evacuation
[2026-01-16T09:36:15.697+0000][gc,phases   ] GC(990)   Pre Evacuate Collection Set: 2.4ms
[2026-01-16T09:36:15.697+0000][gc,phases   ] GC(990)   Merge Heap Roots: 0.7ms
[2026-01-16T09:36:15.697+0000][gc,phases   ] GC(990)   Evacuate Collection Set: 14.9ms
[2026-01-16T09:36:15.697+0000][gc,phases   ] GC(990)   Post Evacuate Collection Set: 1.7ms
[2026-01-16T09:36:15.697+0000][gc,phases   ] GC(990)   Other: 0.4ms
[2026-01-16T09:36:15.697+0000][gc,heap     ] GC(990) Eden regions: 47->0(60)
[2026-01-16T09:36:15.697+0000][gc,heap     ] GC(990) Survivor regions: 4->4(7)
[2026-01-16T09:36:15.698+0000][gc,heap     ] GC(990) Old regions: 138->138
[2026-01-16T09:36:15.698+0000][gc,heap     ] GC(990) Humongous regions: 149->149
[2026-01-16T09:36:15.698+0000][gc,metaspace] GC(990) Metaspace: 15430K(15808K)->15430K(15808K) NonClass: 13698K(13888K)->13698K(13888K) Class: 1731K(1920K)->1731K(1920K)
[2026-01-16T09:36:15.698+0000][gc          ] GC(990) Pause Young (Normal) (G1 Evacuation Pause) 336M->290M(1024M) 22.580ms
[2026-01-16T09:36:15.698+0000][gc,cpu      ] GC(990) User=0.04s Sys=0.00s Real=0.02s
[2026-01-16T09:36:22.876+0000][gc,start    ] GC(991) Pause Young (Normal) (G1 Evacuation Pause)
[2026-01-16T09:36:22.877+0000][gc,task     ] GC(991) Using 8 workers of 8 for evacuation
[2026-01-16T09:36:22.946+0000][gc,phases   ] GC(991)   Pre Evacuate Collection Set: 6.4ms
[2026-01-16T09:36:22.946+0000][gc,phases   ] GC(991)   Merge Heap Roots: 0.9ms
[2026-01-16T09:36:22.946+0000][gc,phases   ] GC(991)   Evacuate Collection Set: 51.9ms
[2026-01-16T09:36:22.946+0000][gc,phases   ] GC(991)   Post Evacuate Collection Set: 8.4ms
[2026-01-16T09:36:22.947+0000][gc,phases   ] GC(991)   Other: 1.7ms
[2026-01-16T09:36:22.947+0000][gc,heap     ] GC(991) Eden regions: 61->0(187)
[2026-01-16T09:36:22.948+0000][gc,heap     ] GC(991) Survivor regions: 4->3(9)
[2026-01-16T09:36:22.948+0000][gc,heap     ] GC(991) Old regions: 138->138
[2026-01-16T09:36:22.948+0000][gc,heap     ] GC(991) Humongous regions: 149->149
[2026-01-16T09:36:22.948+0000][gc,metaspace] GC(991) Metaspace: 15430K(15808K)->15430K(15808K) NonClass: 13698K(13888K)->13698K(13888K) Class: 1731K(1920K)->1731K(1920K)
[2026-01-16T09:36:22.948+0000][gc          ] GC(991) Pause Young (Normal) (G1 Evacuation Pause) 351M->289M(1024M) 72.565ms
[2026-01-16T09:36:22.949+0000][gc,cpu      ] GC(991) User=0.23s Sys=0.01s Real=0.07s
[2026-01-16T09:36:27.812+0000][gc,start    ] GC(992) Pause Young (Normal) (G1 Evacuation Pause)
[2026-01-16T09:36:27.816+0000][gc,task     ] GC(992) Using 8 workers of 8 for evacuation
[2026-01-16T09:36:27.937+0000][gc,phases   ] GC(992)   Pre Evacuate Collection Set: 8.1ms
[2026-01-16T09:36:27.937+0000][gc,phases   ] GC(992)   Merge Heap Roots: 3.6ms
[2026-01-16T09:36:27.937+0000][gc,phases   ] GC(992)   Evacuate Collection Set: 100.2ms
[2026-01-16T09:36:27.937+0000][gc,phases   ] GC(992)   Post Evacuate Collection Set: 8.0ms
[2026-01-16T09:36:27.937+0000][gc,phases   ] GC(992)   Other: 1.4ms
[2026-01-16T09:36:27.937+0000][gc,heap     ] GC(992) Eden regions: 169->0(101)
[2026-01-16T09:36:27.938+0000][gc,heap     ] GC(992) Survivor regions: 3->5(22)
[2026-01-16T09:36:27.938+0000][gc,heap     ] GC(992) Old regions: 138->138
[2026-01-16T09:36:27.938+0000][gc,heap     ] GC(992) Humongous regions: 149->149
[2026-01-16T09:36:27.938+0000][gc,metaspace] GC(992) Metaspace: 15430K(15808K)->15430K(15808K) NonClass: 13698K(13888K)->13698K(13888K) Class: 1731K(1920K)->1731K(1920K)
[2026-01-16T09:36:27.938+0000][gc          ] GC(992) Pause Young (Normal) (G1 Evacuation Pause) 458M->291M(1024M) 126.660ms
[2026-01-16T09:36:27.939+0000][gc,cpu      ] GC(992) User=0.31s Sys=0.01s Real=0.12s
[2026-01-16T09:36:35.092+0000][gc,start    ] GC(993) Pause Young (Normal) (G1 Evacuation Pause)
[2026-01-16T09:36:35.095+0000][gc,task     ] GC(993) Using 8 workers of 8 for evacuation
[2026-01-16T09:36:35.335+0000][gc,mmu      ] GC(993) MMU target violated: 201.0ms (200.0ms/201.0ms)
[2026-01-16T09:36:35.336+0000][gc,phases   ] GC(993)   Pre Evacuate Collection Set: 36.6ms
[2026-01-16T09:36:35.337+0000][gc,phases   ] GC(993)   Merge Heap Roots: 3.4ms
[2026-01-16T09:36:35.338+0000][gc,phases   ] GC(993)   Evacuate Collection Set: 186.4ms
[2026-01-16T09:36:35.340+0000][gc,phases   ] GC(993)   Post Evacuate Collection Set: 9.5ms
[2026-01-16T09:36:35.341+0000][gc,phases   ] GC(993)   Other: 5.4ms
[2026-01-16T09:36:35.344+0000][gc,heap     ] GC(993) Eden regions: 91->0(165)
[2026-01-16T09:36:35.344+0000][gc,heap     ] GC(993) Survivor regions: 5->4(12)
[2026-01-16T09:36:35.346+0000][gc,heap     ] GC(993) Old regions: 138->138
[2026-01-16T09:36:35.348+0000][gc,heap     ] GC(993) Humongous regions: 149->149
[2026-01-16T09:36:35.350+0000][gc,metaspace] GC(993) Metaspace: 15430K(15808K)->15430K(15808K) NonClass: 13698K(13888K)->13698K(13888K) Class: 1731K(1920K)->1731K(1920K)
[2026-01-16T09:36:35.355+0000][gc          ] GC(993) Pause Young (Normal) (G1 Evacuation Pause) 382M->290M(1024M) 262.903ms
[2026-01-16T09:36:35.355+0000][gc,cpu      ] GC(993) User=0.32s Sys=0.03s Real=0.26s
[2026-01-16T09:36:43.607+0000][gc,start    ] GC(994) Pause Young (Normal) (G1 Evacuation Pause)
[2026-01-16T09:36:43.609+0000][gc,task     ] GC(994) Using 8 workers of 8 for evacuation
[2026-01-16T09:36:43.721+0000][gc,phases   ] GC(994)   Pre Evacuate Collection Set: 7.8ms
[2026-01-16T09:36:43.721+0000][gc,phases   ] GC(994)   Merge Heap Roots: 1.7ms
[2026-01-16T09:36:43.722+0000][gc,phases   ] GC(994)   Evacuate Collection Set: 89.8ms
[2026-01-16T09:36:43.722+0000][gc,phases   ] GC(994)   Post Evacuate Collection Set: 11.9ms
[2026-01-16T09:36:43.722+0000][gc,phases   ] GC(994)   Other: 1.2ms
[2026-01-16T09:36:43.723+0000][gc,heap     ] GC(994) Eden regions: 137->0(246)
[2026-01-16T09:36:43.723+0000][gc,heap     ] GC(994) Survivor regions: 4->4(18)
[2026-01-16T09:36:43.724+0000][gc,heap     ] GC(994) Old regions: 138->138
[2026-01-16T09:36:43.724+0000][gc,heap     ] GC(994) Humongous regions: 149->149
[2026-01-16T09:36:43.725+0000][gc,metaspace] GC(994) Metaspace: 15430K(15808K)->15430K(15808K) NonClass: 13698K(13888K)->13698K(13888K) Class: 1731K(1920K)->1731K(1920K)
[2026-01-16T09:36:43.725+0000][gc          ] GC(994) Pause Young (Normal) (G1 Evacuation Pause) 427M->290M(1024M) 118.033ms
[2026-01-16T09:36:43.725+0000][gc,cpu      ] GC(994) User=0.20s Sys=0.04s Real=0.12s
[2026-01-16T09:36:55.087+0000][gc,start    ] GC(995) Pause Young (Normal) (G1 Evacuation Pause)
[2026-01-16T09:36:55.089+0000][gc,task     ] GC(995) Using 8 workers of 8 for evacuation
[2026-01-16T09:36:55.336+0000][gc,mmu      ] GC(995) MMU target violated: 201.0ms (200.0ms/201.0ms)
[2026-01-16T09:36:55.337+0000][gc,phases   ] GC(995)   Pre Evacuate Collection Set: 20.0ms
[2026-01-16T09:36:55.337+0000][gc,phases   ] GC(995)   Merge Heap Roots: 1.6ms
[2026-01-16T09:36:55.337+0000][gc,phases   ] GC(995)   Evacuate Collection Set: 210.8ms
[2026-01-16T09:36:55.337+0000][gc,phases   ] GC(995)   Post Evacuate Collection Set: 14.1ms
[2026-01-16T09:36:55.338+0000][gc,phases   ] GC(995)   Other: 1.7ms
[2026-01-16T09:36:55.338+0000][gc,heap     ] GC(995) Eden regions: 225->0(64)
[2026-01-16T09:36:55.339+0000][gc,heap     ] GC(995) Survivor regions: 4->5(29)
[2026-01-16T09:36:55.339+0000][gc,heap     ] GC(995) Old regions: 138->138
[2026-01-16T09:36:55.340+0000][gc,heap     ] GC(995) Humongous regions: 149->149
[2026-01-16T09:36:55.341+0000][gc,metaspace] GC(995) Metaspace: 15432K(15808K)->15432K(15808K) NonClass: 13700K(13888K)->13700K(13888K) Class: 1731K(1920K)->1731K(1920K)
[2026-01-16T09:36:55.342+0000][gc          ] GC(995) Pause Young (Normal) (G1 Evacuation Pause) 515M->290M(1024M) 254.061ms
[2026-01-16T09:36:55.343+0000][gc,cpu      ] GC(995) User=0.42s Sys=0.03s Real=0.25s
[2026-01-16T09:36:57.155+0000][gc,start    ] GC(996) Pause Young (Normal) (G1 Evacuation Pause)
[2026-01-16T09:36:57.160+0000][gc,task     ] GC(996) Using 8 workers of 8 for evacuation
[2026-01-16T09:36:57.469+0000][gc,mmu      ] GC(996) MMU target violated: 201.0ms (200.0ms/201.0ms)
[2026-01-16T09:36:57.469+0000][gc,phases   ] GC(996)   Pre Evacuate Collection Set: 4.2ms
[2026-01-16T09:36:57.469+0000][gc,phases   ] GC(996)   Merge Heap Roots: 1.1ms
[2026-01-16T09:36:57.469+0000][gc,phases   ] GC(996)   Evacuate Collection Set: 280.2ms
[2026-01-16T09:36:57.470+0000][gc,phases   ] GC(996)   Post Evacuate Collection Set: 21.8ms
[2026-01-16T09:36:57.470+0000][gc,phases   ] GC(996)   Other: 2.3ms
[2026-01-16T09:36:57.471+0000][gc,heap     ] GC(996) Eden regions: 47->0(45)
[2026-01-16T09:36:57.471+0000][gc,heap     ] GC(996) Survivor regions: 5->6(7)
[2026-01-16T09:36:57.471+0000][gc,heap     ] GC(996) Old regions: 138->139
[2026-01-16T09:36:57.473+0000][gc,heap     ] GC(996) Humongous regions: 149->149
[2026-01-16T09:36:57.474+0000][gc,metaspace] GC(996) Metaspace: 15432K(15808K)->15432K(15808K) NonClass: 13700K(13888K)->13700K(13888K) Class: 1731K(1920K)->1731K(1920K)
[2026-01-16T09:36:57.476+0000][gc          ] GC(996) Pause Young (Normal) (G1 Evacuation Pause) 337M->292M(1024M) 321.654ms
[2026-01-16T09:36:57.477+0000][gc,cpu      ] GC(996) User=0.28s Sys=0.03s Real=0.32s
[2026-01-16T09:36:58.303+0000][gc,start    ] GC(997) Pause Young (Normal) (G1 Evacuation Pause)
[2026-01-16T09:36:58.310+0000][gc,task     ] GC(997) Using 8 workers of 8 for evacuation
[2026-01-16T09:36:58.425+0000][gc,phases   ] GC(997)   Pre Evacuate Collection Set: 5.5ms
[2026-01-16T09:36:58.428+0000][gc,phases   ] GC(997)   Merge Heap Roots: 0.6ms
[2026-01-16T09:36:58.428+0000][gc,phases   ] GC(997)   Evacuate Collection Set: 104.9ms
[2026-01-16T09:36:58.429+0000][gc,phases   ] GC(997)   Post Evacuate Collection Set: 1.8ms
[2026-01-16T09:36:58.429+0000][gc,phases   ] GC(997)   Other: 2.4ms
[2026-01-16T09:36:58.430+0000][gc,heap     ] GC(997) Eden regions: 45->0(46)
[2026-01-16T09:36:58.430+0000][gc,heap     ] GC(997) Survivor regions: 6->5(7)
[2026-01-16T09:36:58.431+0000][gc,heap     ] GC(997) Old regions: 139->140
[2026-01-16T09:36:58.431+0000][gc,heap     ] GC(997) Humongous regions: 149->149
[2026-01-16T09:36:58.432+0000][gc,metaspace] GC(997) Metaspace: 15432K(15808K)->15432K(15808K) NonClass: 13700K(13888K)->13700K(13888K) Class: 1731K(1920K)->1731K(1920K)
[2026-01-16T09:36:58.432+0000][gc          ] GC(997) Pause Young (Normal) (G1 Evacuation Pause) 337M->293M(1024M) 129.359ms
[2026-01-16T09:36:58.435+0000][gc,cpu      ] GC(997) User=0.16s Sys=0.01s Real=0.14s
[2026-01-16T09:37:03.317+0000][gc,start    ] GC(998) Pause Young (Normal) (G1 Evacuation Pause)
[2026-01-16T09:37:03.318+0000][gc,task     ] GC(998) Using 8 workers of 8 for evacuation
[2026-01-16T09:37:03.416+0000][gc,phases   ] GC(998)   Pre Evacuate Collection Set: 9.0ms
[2026-01-16T09:37:03.418+0000][gc,phases   ] GC(998)   Merge Heap Roots: 0.7ms
[2026-01-16T09:37:03.419+0000][gc,phases   ] GC(998)   Evacuate Collection Set: 74.8ms
[2026-01-16T09:37:03.419+0000][gc,phases   ] GC(998)   Post Evacuate Collection Set: 11.4ms
[2026-01-16T09:37:03.420+0000][gc,phases   ] GC(998)   Other: 0.9ms
[2026-01-16T09:37:03.420+0000][gc,heap     ] GC(998) Eden regions: 46->0(114)
[2026-01-16T09:37:03.421+0000][gc,heap     ] GC(998) Survivor regions: 5->4(7)
[2026-01-16T09:37:03.421+0000][gc,heap     ] GC(998) Old regions: 140->141
[2026-01-16T09:37:03.422+0000][gc,heap     ] GC(998) Humongous regions: 149->149
[2026-01-16T09:37:03.422+0000][gc,metaspace] GC(998) Metaspace: 15432K(15808K)->15432K(15808K) NonClass: 13700K(13888K)->13700K(13888K) Class: 1731K(1920K)->1731K(1920K)
[2026-01-16T09:37:03.423+0000][gc          ] GC(998) Pause Young (Normal) (G1 Evacuation Pause) 339M->293M(1024M) 105.388ms
[2026-01-16T09:37:03.423+0000][gc,cpu      ] GC(998) User=0.20s Sys=0.01s Real=0.11s
[2026-01-16T09:37:04.770+0000][gc,start    ] GC(999) Pause Young (Normal) (G1 Evacuation Pause)
[2026-01-16T09:37:04.771+0000][gc,task     ] GC(999) Using 8 workers of 8 for evacuation
[2026-01-16T09:37:04.818+0000][gc,phases   ] GC(999)   Pre Evacuate Collection Set: 2.4ms
[2026-01-16T09:37:04.818+0000][gc,phases   ] GC(999)   Merge Heap Roots: 0.8ms
[2026-01-16T09:37:04.818+0000][gc,phases   ] GC(999)   Evacuate Collection Set: 41.9ms
[2026-01-16T09:37:04.819+0000][gc,phases   ] GC(999)   Post Evacuate Collection Set: 1.7ms
[2026-01-16T09:37:04.819+0000][gc,phases   ] GC(999)   Other: 0.6ms
[2026-01-16T09:37:04.819+0000][gc,heap     ] GC(999) Eden regions: 100->0(147)
[2026-01-16T09:37:04.820+0000][gc,heap     ] GC(999) Survivor regions: 4->5(13)
[2026-01-16T09:37:04.820+0000][gc,heap     ] GC(999) Old regions: 141->141
[2026-01-16T09:37:04.820+0000][gc,heap     ] GC(999) Humongous regions: 149->149
[2026-01-16T09:37:04.821+0000][gc,metaspace] GC(999) Metaspace: 15432K(15808K)->15432K(15808K) NonClass: 13701K(13888K)->13701K(13888K) Class: 1731K(1920K)->1731K(1920K)
[2026-01-16T09:37:04.821+0000][gc          ] GC(999) Pause Young (Normal) (G1 Evacuation Pause) 393M->294M(1024M) 51.740ms
[2026-01-16T09:37:04.822+0000][gc,cpu      ] GC(999) User=0.13s Sys=0.01s Real=0.05s
[2026-01-16T09:37:17.743+0000][gc,start    ] GC(1000) Pause Young (Normal) (G1 Evacuation Pause)
[2026-01-16T09:37:17.744+0000][gc,task     ] GC(1000) Using 8 workers of 8 for evacuation
[2026-01-16T09:37:18.420+0000][gc,mmu      ] GC(1000) MMU target violated: 201.0ms (200.0ms/201.0ms)
[2026-01-16T09:37:18.421+0000][gc,phases   ] GC(1000)   Pre Evacuate Collection Set: 60.3ms
[2026-01-16T09:37:18.421+0000][gc,phases   ] GC(1000)   Merge Heap Roots: 45.1ms
[2026-01-16T09:37:18.425+0000][gc,phases   ] GC(1000)   Evacuate Collection Set: 497.9ms
[2026-01-16T09:37:18.425+0000][gc,phases   ] GC(1000)   Post Evacuate Collection Set: 71.6ms
[2026-01-16T09:37:18.426+0000][gc,phases   ] GC(1000)   Other: 2.0ms
[2026-01-16T09:37:18.430+0000][gc,heap     ] GC(1000) Eden regions: 158->0(46)
[2026-01-16T09:37:18.430+0000][gc,heap     ] GC(1000) Survivor regions: 5->5(21)
[2026-01-16T09:37:18.431+0000][gc,heap     ] GC(1000) Old regions: 141->141
[2026-01-16T09:37:18.431+0000][gc,heap     ] GC(1000) Humongous regions: 167->167
[2026-01-16T09:37:18.431+0000][gc,metaspace] GC(1000) Metaspace: 15524K(15872K)->15524K(15872K) NonClass: 13781K(13952K)->13781K(13952K) Class: 1743K(1920K)->1743K(1920K)
[2026-01-16T09:37:18.444+0000][gc          ] GC(1000) Pause Young (Normal) (G1 Evacuation Pause) 470M->312M(1024M) 700.847ms
[2026-01-16T09:37:18.450+0000][gc,cpu      ] GC(1000) User=0.57s Sys=0.06s Real=0.70s
[2026-01-16T09:37:22.940+0000][gc,start    ] GC(1001) Pause Young (Normal) (G1 Evacuation Pause)
[2026-01-16T09:37:22.941+0000][gc,task     ] GC(1001) Using 8 workers of 8 for evacuation
[2026-01-16T09:37:23.745+0000][gc,mmu      ] GC(1001) MMU target violated: 201.0ms (200.0ms/201.0ms)
[2026-01-16T09:37:23.745+0000][gc,phases   ] GC(1001)   Pre Evacuate Collection Set: 102.9ms
[2026-01-16T09:37:23.745+0000][gc,phases   ] GC(1001)   Merge Heap Roots: 18.0ms
[2026-01-16T09:37:23.746+0000][gc,phases   ] GC(1001)   Evacuate Collection Set: 565.3ms
[2026-01-16T09:37:23.746+0000][gc,phases   ] GC(1001)   Post Evacuate Collection Set: 114.7ms
[2026-01-16T09:37:23.747+0000][gc,phases   ] GC(1001)   Other: 3.2ms
[2026-01-16T09:37:23.747+0000][gc,heap     ] GC(1001) Eden regions: 46->0(46)
[2026-01-16T09:37:23.747+0000][gc,heap     ] GC(1001) Survivor regions: 5->5(7)
[2026-01-16T09:37:23.747+0000][gc,heap     ] GC(1001) Old regions: 141->142
[2026-01-16T09:37:23.748+0000][gc,heap     ] GC(1001) Humongous regions: 167->167
[2026-01-16T09:37:23.748+0000][gc,metaspace] GC(1001) Metaspace: 15538K(15872K)->15538K(15872K) NonClass: 13788K(13952K)->13788K(13952K) Class: 1749K(1920K)->1749K(1920K)
[2026-01-16T09:37:23.753+0000][gc          ] GC(1001) Pause Young (Normal) (G1 Evacuation Pause) 358M->313M(1024M) 812.923ms
[2026-01-16T09:37:23.753+0000][gc,cpu      ] GC(1001) User=0.46s Sys=0.03s Real=0.82s
[2026-01-16T09:37:24.913+0000][gc,start    ] GC(1002) Pause Young (Normal) (G1 Evacuation Pause)
[2026-01-16T09:37:24.916+0000][gc,task     ] GC(1002) Using 8 workers of 8 for evacuation
[2026-01-16T09:37:25.166+0000][gc,mmu      ] GC(1002) MMU target violated: 201.0ms (200.0ms/201.0ms)
[2026-01-16T09:37:25.167+0000][gc,phases   ] GC(1002)   Pre Evacuate Collection Set: 14.7ms
[2026-01-16T09:37:25.167+0000][gc,phases   ] GC(1002)   Merge Heap Roots: 1.9ms
[2026-01-16T09:37:25.168+0000][gc,phases   ] GC(1002)   Evacuate Collection Set: 217.4ms
[2026-01-16T09:37:25.168+0000][gc,phases   ] GC(1002)   Post Evacuate Collection Set: 6.1ms
[2026-01-16T09:37:25.170+0000][gc,phases   ] GC(1002)   Other: 11.2ms
[2026-01-16T09:37:25.173+0000][gc,heap     ] GC(1002) Eden regions: 46->0(49)
[2026-01-16T09:37:25.174+0000][gc,heap     ] GC(1002) Survivor regions: 5->2(7)
[2026-01-16T09:37:25.174+0000][gc,heap     ] GC(1002) Old regions: 142->144
[2026-01-16T09:37:25.175+0000][gc,heap     ] GC(1002) Humongous regions: 167->167
[2026-01-16T09:37:25.182+0000][gc,metaspace] GC(1002) Metaspace: 15538K(15872K)->15538K(15872K) NonClass: 13788K(13952K)->13788K(13952K) Class: 1749K(1920K)->1749K(1920K)
[2026-01-16T09:37:25.182+0000][gc          ] GC(1002) Pause Young (Normal) (G1 Evacuation Pause) 359M->311M(1024M) 269.108ms
[2026-01-16T09:37:25.184+0000][gc,cpu      ] GC(1002) User=0.22s Sys=0.01s Real=0.28s
[2026-01-16T09:37:25.987+0000][gc,start    ] GC(1003) Pause Young (Normal) (G1 Evacuation Pause)
[2026-01-16T09:37:25.988+0000][gc,task     ] GC(1003) Using 8 workers of 8 for evacuation
[2026-01-16T09:37:26.185+0000][gc,phases   ] GC(1003)   Pre Evacuate Collection Set: 5.8ms
[2026-01-16T09:37:26.194+0000][gc,phases   ] GC(1003)   Merge Heap Roots: 10.3ms
[2026-01-16T09:37:26.195+0000][gc,phases   ] GC(1003)   Evacuate Collection Set: 160.9ms
[2026-01-16T09:37:26.195+0000][gc,phases   ] GC(1003)   Post Evacuate Collection Set: 9.9ms
[2026-01-16T09:37:26.195+0000][gc,phases   ] GC(1003)   Other: 10.8ms
[2026-01-16T09:37:26.195+0000][gc,heap     ] GC(1003) Eden regions: 49->0(49)
[2026-01-16T09:37:26.196+0000][gc,heap     ] GC(1003) Survivor regions: 2->2(7)
[2026-01-16T09:37:26.196+0000][gc,heap     ] GC(1003) Old regions: 144->144
[2026-01-16T09:37:26.196+0000][gc,heap     ] GC(1003) Humongous regions: 167->167
[2026-01-16T09:37:26.196+0000][gc,metaspace] GC(1003) Metaspace: 15538K(15872K)->15538K(15872K) NonClass: 13788K(13952K)->13788K(13952K) Class: 1749K(1920K)->1749K(1920K)
[2026-01-16T09:37:26.198+0000][gc          ] GC(1003) Pause Young (Normal) (G1 Evacuation Pause) 360M->312M(1024M) 211.226ms
[2026-01-16T09:37:26.205+0000][gc,cpu      ] GC(1003) User=0.06s Sys=0.01s Real=0.22s
[2026-01-16T09:37:27.972+0000][gc,start    ] GC(1004) Pause Young (Normal) (G1 Evacuation Pause)
[2026-01-16T09:37:27.974+0000][gc,task     ] GC(1004) Using 8 workers of 8 for evacuation
[2026-01-16T09:37:28.218+0000][gc,mmu      ] GC(1004) MMU target violated: 201.0ms (200.0ms/201.0ms)
[2026-01-16T09:37:28.219+0000][gc,phases   ] GC(1004)   Pre Evacuate Collection Set: 36.2ms
[2026-01-16T09:37:28.221+0000][gc,phases   ] GC(1004)   Merge Heap Roots: 0.4ms
[2026-01-16T09:37:28.222+0000][gc,phases   ] GC(1004)   Evacuate Collection Set: 175.5ms
[2026-01-16T09:37:28.227+0000][gc,phases   ] GC(1004)   Post Evacuate Collection Set: 30.9ms
[2026-01-16T09:37:28.228+0000][gc,phases   ] GC(1004)   Other: 2.4ms
[2026-01-16T09:37:28.228+0000][gc,heap     ] GC(1004) Eden regions: 49->0(48)
[2026-01-16T09:37:28.229+0000][gc,heap     ] GC(1004) Survivor regions: 2->3(7)
[2026-01-16T09:37:28.229+0000][gc,heap     ] GC(1004) Old regions: 144->144
[2026-01-16T09:37:28.229+0000][gc,heap     ] GC(1004) Humongous regions: 167->167
[2026-01-16T09:37:28.230+0000][gc,metaspace] GC(1004) Metaspace: 15538K(15872K)->15538K(15872K) NonClass: 13788K(13952K)->13788K(13952K) Class: 1749K(1920K)->1749K(1920K)
[2026-01-16T09:37:28.240+0000][gc          ] GC(1004) Pause Young (Normal) (G1 Evacuation Pause) 361M->312M(1024M) 267.963ms
[2026-01-16T09:37:28.241+0000][gc,cpu      ] GC(1004) User=0.15s Sys=0.02s Real=0.27s
[2026-01-16T09:37:29.631+0000][gc,start    ] GC(1005) Pause Young (Normal) (G1 Evacuation Pause)
[2026-01-16T09:37:29.633+0000][gc,task     ] GC(1005) Using 8 workers of 8 for evacuation
[2026-01-16T09:37:29.902+0000][gc,mmu      ] GC(1005) MMU target violated: 201.0ms (200.0ms/201.0ms)
[2026-01-16T09:37:29.903+0000][gc,phases   ] GC(1005)   Pre Evacuate Collection Set: 73.2ms
[2026-01-16T09:37:29.904+0000][gc,phases   ] GC(1005)   Merge Heap Roots: 0.3ms
[2026-01-16T09:37:29.905+0000][gc,phases   ] GC(1005)   Evacuate Collection Set: 171.5ms
[2026-01-16T09:37:29.905+0000][gc,phases   ] GC(1005)   Post Evacuate Collection Set: 19.4ms
[2026-01-16T09:37:29.905+0000][gc,phases   ] GC(1005)   Other: 5.6ms
[2026-01-16T09:37:29.905+0000][gc,heap     ] GC(1005) Eden regions: 48->0(47)
[2026-01-16T09:37:29.906+0000][gc,heap     ] GC(1005) Survivor regions: 3->4(7)
[2026-01-16T09:37:29.906+0000][gc,heap     ] GC(1005) Old regions: 144->144
[2026-01-16T09:37:29.907+0000][gc,heap     ] GC(1005) Humongous regions: 167->167
[2026-01-16T09:37:29.908+0000][gc,metaspace] GC(1005) Metaspace: 15538K(15872K)->15538K(15872K) NonClass: 13788K(13952K)->13788K(13952K) Class: 1749K(1920K)->1749K(1920K)
[2026-01-16T09:37:29.912+0000][gc          ] GC(1005) Pause Young (Normal) (G1 Evacuation Pause) 360M->313M(1024M) 281.170ms
[2026-01-16T09:37:29.915+0000][gc,cpu      ] GC(1005) User=0.09s Sys=0.01s Real=0.29s
[2026-01-16T09:37:34.280+0000][gc,start    ] GC(1006) Pause Young (Normal) (G1 Evacuation Pause)
[2026-01-16T09:37:34.283+0000][gc,task     ] GC(1006) Using 8 workers of 8 for evacuation
[2026-01-16T09:37:34.419+0000][gc,phases   ] GC(1006)   Pre Evacuate Collection Set: 31.5ms
[2026-01-16T09:37:34.423+0000][gc,phases   ] GC(1006)   Merge Heap Roots: 0.4ms
[2026-01-16T09:37:34.425+0000][gc,phases   ] GC(1006)   Evacuate Collection Set: 76.8ms
[2026-01-16T09:37:34.425+0000][gc,phases   ] GC(1006)   Post Evacuate Collection Set: 24.4ms
[2026-01-16T09:37:34.428+0000][gc,phases   ] GC(1006)   Other: 4.6ms
[2026-01-16T09:37:34.430+0000][gc,heap     ] GC(1006) Eden regions: 47->0(49)
[2026-01-16T09:37:34.431+0000][gc,heap     ] GC(1006) Survivor regions: 4->2(7)
[2026-01-16T09:37:34.432+0000][gc,heap     ] GC(1006) Old regions: 144->144
[2026-01-16T09:37:34.433+0000][gc,heap     ] GC(1006) Humongous regions: 167->167
[2026-01-16T09:37:34.433+0000][gc,metaspace] GC(1006) Metaspace: 15538K(15872K)->15538K(15872K) NonClass: 13788K(13952K)->13788K(13952K) Class: 1749K(1920K)->1749K(1920K)
[2026-01-16T09:37:34.433+0000][gc          ] GC(1006) Pause Young (Normal) (G1 Evacuation Pause) 360M->311M(1024M) 156.884ms
[2026-01-16T09:37:34.434+0000][gc,cpu      ] GC(1006) User=0.19s Sys=0.02s Real=0.17s
[2026-01-16T09:37:36.793+0000][gc,start    ] GC(1007) Pause Young (Normal) (G1 Evacuation Pause)
[2026-01-16T09:37:36.797+0000][gc,task     ] GC(1007) Using 8 workers of 8 for evacuation
[2026-01-16T09:37:37.063+0000][gc,mmu      ] GC(1007) MMU target violated: 201.0ms (200.0ms/201.0ms)
[2026-01-16T09:37:37.065+0000][gc,phases   ] GC(1007)   Pre Evacuate Collection Set: 17.4ms
[2026-01-16T09:37:37.066+0000][gc,phases   ] GC(1007)   Merge Heap Roots: 2.4ms
[2026-01-16T09:37:37.067+0000][gc,phases   ] GC(1007)   Evacuate Collection Set: 221.3ms
[2026-01-16T09:37:37.072+0000][gc,phases   ] GC(1007)   Post Evacuate Collection Set: 24.1ms
[2026-01-16T09:37:37.073+0000][gc,phases   ] GC(1007)   Other: 3.0ms
[2026-01-16T09:37:37.077+0000][gc,heap     ] GC(1007) Eden regions: 70->0(48)
[2026-01-16T09:37:37.078+0000][gc,heap     ] GC(1007) Survivor regions: 2->3(9)
[2026-01-16T09:37:37.078+0000][gc,heap     ] GC(1007) Old regions: 144->144
[2026-01-16T09:37:37.078+0000][gc,heap     ] GC(1007) Humongous regions: 167->167
[2026-01-16T09:37:37.078+0000][gc,metaspace] GC(1007) Metaspace: 15538K(15872K)->15538K(15872K) NonClass: 13788K(13952K)->13788K(13952K) Class: 1749K(1920K)->1749K(1920K)
[2026-01-16T09:37:37.079+0000][gc          ] GC(1007) Pause Young (Normal) (G1 Evacuation Pause) 381M->312M(1024M) 285.839ms
[2026-01-16T09:37:37.079+0000][gc,cpu      ] GC(1007) User=0.20s Sys=0.01s Real=0.28s
[2026-01-16T09:37:38.891+0000][gc,start    ] GC(1008) Pause Young (Normal) (G1 Evacuation Pause)
[2026-01-16T09:37:38.894+0000][gc,task     ] GC(1008) Using 8 workers of 8 for evacuation
[2026-01-16T09:37:39.065+0000][gc,phases   ] GC(1008)   Pre Evacuate Collection Set: 26.5ms
[2026-01-16T09:37:39.068+0000][gc,phases   ] GC(1008)   Merge Heap Roots: 0.4ms
[2026-01-16T09:37:39.081+0000][gc,phases   ] GC(1008)   Evacuate Collection Set: 111.5ms
[2026-01-16T09:37:39.082+0000][gc,phases   ] GC(1008)   Post Evacuate Collection Set: 30.8ms
[2026-01-16T09:37:39.085+0000][gc,phases   ] GC(1008)   Other: 2.4ms
[2026-01-16T09:37:39.085+0000][gc,heap     ] GC(1008) Eden regions: 48->0(47)
[2026-01-16T09:37:39.094+0000][gc,heap     ] GC(1008) Survivor regions: 3->4(7)
[2026-01-16T09:37:39.094+0000][gc,heap     ] GC(1008) Old regions: 144->144
[2026-01-16T09:37:39.095+0000][gc,heap     ] GC(1008) Humongous regions: 167->167
[2026-01-16T09:37:39.095+0000][gc,metaspace] GC(1008) Metaspace: 15538K(15872K)->15538K(15872K) NonClass: 13788K(13952K)->13788K(13952K) Class: 1749K(1920K)->1749K(1920K)
[2026-01-16T09:37:39.095+0000][gc          ] GC(1008) Pause Young (Normal) (G1 Evacuation Pause) 360M->313M(1024M) 203.486ms
[2026-01-16T09:37:39.098+0000][gc,cpu      ] GC(1008) User=0.09s Sys=0.00s Real=0.21s
[2026-01-16T09:37:44.020+0000][gc,start    ] GC(1009) Pause Young (Normal) (G1 Evacuation Pause)
[2026-01-16T09:37:44.027+0000][gc,task     ] GC(1009) Using 8 workers of 8 for evacuation
[2026-01-16T09:37:44.331+0000][gc,mmu      ] GC(1009) MMU target violated: 201.0ms (200.0ms/201.0ms)
[2026-01-16T09:37:44.332+0000][gc,phases   ] GC(1009)   Pre Evacuate Collection Set: 87.0ms
[2026-01-16T09:37:44.339+0000][gc,phases   ] GC(1009)   Merge Heap Roots: 3.2ms
[2026-01-16T09:37:44.340+0000][gc,phases   ] GC(1009)   Evacuate Collection Set: 159.7ms
[2026-01-16T09:37:44.340+0000][gc,phases   ] GC(1009)   Post Evacuate Collection Set: 52.8ms
[2026-01-16T09:37:44.340+0000][gc,phases   ] GC(1009)   Other: 2.5ms
[2026-01-16T09:37:44.340+0000][gc,heap     ] GC(1009) Eden regions: 47->0(49)
[2026-01-16T09:37:44.340+0000][gc,heap     ] GC(1009) Survivor regions: 4->2(7)
[2026-01-16T09:37:44.341+0000][gc,heap     ] GC(1009) Old regions: 144->144
[2026-01-16T09:37:44.341+0000][gc,heap     ] GC(1009) Humongous regions: 167->167
[2026-01-16T09:37:44.341+0000][gc,metaspace] GC(1009) Metaspace: 15541K(15872K)->15541K(15872K) NonClass: 13791K(13952K)->13791K(13952K) Class: 1749K(1920K)->1749K(1920K)
[2026-01-16T09:37:44.341+0000][gc          ] GC(1009) Pause Young (Normal) (G1 Evacuation Pause) 360M->311M(1024M) 322.412ms
[2026-01-16T09:37:44.342+0000][gc,cpu      ] GC(1009) User=0.17s Sys=0.01s Real=0.32s
[2026-01-16T09:37:46.109+0000][gc,start    ] GC(1010) Pause Young (Normal) (G1 Evacuation Pause)
[2026-01-16T09:37:46.112+0000][gc,task     ] GC(1010) Using 8 workers of 8 for evacuation
[2026-01-16T09:37:46.411+0000][gc,mmu      ] GC(1010) MMU target violated: 201.0ms (200.0ms/201.0ms)
[2026-01-16T09:37:46.413+0000][gc,phases   ] GC(1010)   Pre Evacuate Collection Set: 24.7ms
[2026-01-16T09:37:46.413+0000][gc,phases   ] GC(1010)   Merge Heap Roots: 0.6ms
[2026-01-16T09:37:46.418+0000][gc,phases   ] GC(1010)   Evacuate Collection Set: 255.4ms
[2026-01-16T09:37:46.422+0000][gc,phases   ] GC(1010)   Post Evacuate Collection Set: 16.6ms
[2026-01-16T09:37:46.422+0000][gc,phases   ] GC(1010)   Other: 3.6ms
[2026-01-16T09:37:46.422+0000][gc,heap     ] GC(1010) Eden regions: 49->0(48)
[2026-01-16T09:37:46.423+0000][gc,heap     ] GC(1010) Survivor regions: 2->3(7)
[2026-01-16T09:37:46.423+0000][gc,heap     ] GC(1010) Old regions: 144->144
[2026-01-16T09:37:46.423+0000][gc,heap     ] GC(1010) Humongous regions: 167->167
[2026-01-16T09:37:46.424+0000][gc,metaspace] GC(1010) Metaspace: 15545K(15872K)->15545K(15872K) NonClass: 13795K(13952K)->13795K(13952K) Class: 1749K(1920K)->1749K(1920K)
[2026-01-16T09:37:46.424+0000][gc          ] GC(1010) Pause Young (Normal) (G1 Evacuation Pause) 360M->312M(1024M) 315.408ms
[2026-01-16T09:37:46.425+0000][gc,cpu      ] GC(1010) User=0.11s Sys=0.02s Real=0.32s
[2026-01-16T09:37:47.694+0000][gc,start    ] GC(1011) Pause Young (Normal) (G1 Evacuation Pause)
[2026-01-16T09:37:47.700+0000][gc,task     ] GC(1011) Using 8 workers of 8 for evacuation
[2026-01-16T09:37:47.965+0000][gc,mmu      ] GC(1011) MMU target violated: 201.0ms (200.0ms/201.0ms)
[2026-01-16T09:37:47.966+0000][gc,phases   ] GC(1011)   Pre Evacuate Collection Set: 13.4ms
[2026-01-16T09:37:47.966+0000][gc,phases   ] GC(1011)   Merge Heap Roots: 0.5ms
[2026-01-16T09:37:47.967+0000][gc,phases   ] GC(1011)   Evacuate Collection Set: 228.5ms
[2026-01-16T09:37:47.967+0000][gc,phases   ] GC(1011)   Post Evacuate Collection Set: 21.5ms
[2026-01-16T09:37:47.968+0000][gc,phases   ] GC(1011)   Other: 1.8ms
[2026-01-16T09:37:47.968+0000][gc,heap     ] GC(1011) Eden regions: 48->0(47)
[2026-01-16T09:37:47.969+0000][gc,heap     ] GC(1011) Survivor regions: 3->4(7)
[2026-01-16T09:37:47.971+0000][gc,heap     ] GC(1011) Old regions: 144->144
[2026-01-16T09:37:47.972+0000][gc,heap     ] GC(1011) Humongous regions: 167->167
[2026-01-16T09:37:47.974+0000][gc,metaspace] GC(1011) Metaspace: 15545K(15872K)->15545K(15872K) NonClass: 13795K(13952K)->13795K(13952K) Class: 1749K(1920K)->1749K(1920K)
[2026-01-16T09:37:47.977+0000][gc          ] GC(1011) Pause Young (Normal) (G1 Evacuation Pause) 360M->313M(1024M) 283.095ms
[2026-01-16T09:37:47.982+0000][gc,cpu      ] GC(1011) User=0.09s Sys=0.01s Real=0.28s
[2026-01-16T09:37:48.696+0000][gc,start    ] GC(1012) Pause Young (Normal) (G1 Evacuation Pause)
[2026-01-16T09:37:48.697+0000][gc,task     ] GC(1012) Using 8 workers of 8 for evacuation
[2026-01-16T09:37:48.772+0000][gc,phases   ] GC(1012)   Pre Evacuate Collection Set: 4.5ms
[2026-01-16T09:37:48.773+0000][gc,phases   ] GC(1012)   Merge Heap Roots: 0.2ms
[2026-01-16T09:37:48.774+0000][gc,phases   ] GC(1012)   Evacuate Collection Set: 68.2ms
[2026-01-16T09:37:48.774+0000][gc,phases   ] GC(1012)   Post Evacuate Collection Set: 1.1ms
[2026-01-16T09:37:48.774+0000][gc,phases   ] GC(1012)   Other: 0.8ms
[2026-01-16T09:37:48.776+0000][gc,heap     ] GC(1012) Eden regions: 47->0(47)
[2026-01-16T09:37:48.776+0000][gc,heap     ] GC(1012) Survivor regions: 4->4(7)
[2026-01-16T09:37:48.777+0000][gc,heap     ] GC(1012) Old regions: 144->144
[2026-01-16T09:37:48.777+0000][gc,heap     ] GC(1012) Humongous regions: 167->167
[2026-01-16T09:37:48.778+0000][gc,metaspace] GC(1012) Metaspace: 15545K(15872K)->15545K(15872K) NonClass: 13795K(13952K)->13795K(13952K) Class: 1749K(1920K)->1749K(1920K)
[2026-01-16T09:37:48.778+0000][gc          ] GC(1012) Pause Young (Normal) (G1 Evacuation Pause) 360M->314M(1024M) 81.667ms
[2026-01-16T09:37:48.779+0000][gc,cpu      ] GC(1012) User=0.05s Sys=0.00s Real=0.08s
[2026-01-16T09:37:55.392+0000][gc,start    ] GC(1013) Pause Young (Normal) (G1 Evacuation Pause)
[2026-01-16T09:37:55.396+0000][gc,task     ] GC(1013) Using 8 workers of 8 for evacuation
[2026-01-16T09:37:55.723+0000][gc,mmu      ] GC(1013) MMU target violated: 201.0ms (200.0ms/201.0ms)
[2026-01-16T09:37:55.725+0000][gc,phases   ] GC(1013)   Pre Evacuate Collection Set: 41.7ms
[2026-01-16T09:37:55.725+0000][gc,phases   ] GC(1013)   Merge Heap Roots: 3.6ms
[2026-01-16T09:37:55.725+0000][gc,phases   ] GC(1013)   Evacuate Collection Set: 229.3ms
[2026-01-16T09:37:55.726+0000][gc,phases   ] GC(1013)   Post Evacuate Collection Set: 50.3ms
[2026-01-16T09:37:55.726+0000][gc,phases   ] GC(1013)   Other: 4.4ms
[2026-01-16T09:37:55.726+0000][gc,heap     ] GC(1013) Eden regions: 47->0(48)
[2026-01-16T09:37:55.727+0000][gc,heap     ] GC(1013) Survivor regions: 4->3(7)
[2026-01-16T09:37:55.727+0000][gc,heap     ] GC(1013) Old regions: 144->144
[2026-01-16T09:37:55.727+0000][gc,heap     ] GC(1013) Humongous regions: 167->167
[2026-01-16T09:37:55.728+0000][gc,metaspace] GC(1013) Metaspace: 15546K(15872K)->15546K(15872K) NonClass: 13796K(13952K)->13796K(13952K) Class: 1749K(1920K)->1749K(1920K)
[2026-01-16T09:37:55.731+0000][gc          ] GC(1013) Pause Young (Normal) (G1 Evacuation Pause) 361M->312M(1024M) 339.356ms
[2026-01-16T09:37:55.732+0000][gc,cpu      ] GC(1013) User=0.16s Sys=0.01s Real=0.34s
[2026-01-16T09:37:58.705+0000][gc,start    ] GC(1014) Pause Young (Normal) (G1 Evacuation Pause)
[2026-01-16T09:37:58.710+0000][gc,task     ] GC(1014) Using 8 workers of 8 for evacuation
[2026-01-16T09:37:59.203+0000][gc,mmu      ] GC(1014) MMU target violated: 201.0ms (200.0ms/201.0ms)
[2026-01-16T09:37:59.204+0000][gc,phases   ] GC(1014)   Pre Evacuate Collection Set: 44.4ms
[2026-01-16T09:37:59.205+0000][gc,phases   ] GC(1014)   Merge Heap Roots: 7.0ms
[2026-01-16T09:37:59.205+0000][gc,phases   ] GC(1014)   Evacuate Collection Set: 387.5ms
[2026-01-16T09:37:59.206+0000][gc,phases   ] GC(1014)   Post Evacuate Collection Set: 52.7ms
[2026-01-16T09:37:59.208+0000][gc,phases   ] GC(1014)   Other: 3.5ms
[2026-01-16T09:37:59.211+0000][gc,heap     ] GC(1014) Eden regions: 48->0(47)
[2026-01-16T09:37:59.212+0000][gc,heap     ] GC(1014) Survivor regions: 3->4(7)
[2026-01-16T09:37:59.213+0000][gc,heap     ] GC(1014) Old regions: 144->144
[2026-01-16T09:37:59.214+0000][gc,heap     ] GC(1014) Humongous regions: 167->167
[2026-01-16T09:37:59.214+0000][gc,metaspace] GC(1014) Metaspace: 15550K(15872K)->15550K(15872K) NonClass: 13800K(13952K)->13800K(13952K) Class: 1749K(1920K)->1749K(1920K)
[2026-01-16T09:37:59.214+0000][gc          ] GC(1014) Pause Young (Normal) (G1 Evacuation Pause) 360M->313M(1024M) 509.356ms
[2026-01-16T09:37:59.215+0000][gc,cpu      ] GC(1014) User=0.25s Sys=0.06s Real=0.52s
[2026-01-16T09:38:00.829+0000][gc,start    ] GC(1015) Pause Young (Normal) (G1 Evacuation Pause)
[2026-01-16T09:38:00.830+0000][gc,task     ] GC(1015) Using 8 workers of 8 for evacuation
[2026-01-16T09:38:01.218+0000][gc,mmu      ] GC(1015) MMU target violated: 201.0ms (200.0ms/201.0ms)
[2026-01-16T09:38:01.219+0000][gc,phases   ] GC(1015)   Pre Evacuate Collection Set: 26.0ms
[2026-01-16T09:38:01.222+0000][gc,phases   ] GC(1015)   Merge Heap Roots: 8.3ms
[2026-01-16T09:38:01.223+0000][gc,phases   ] GC(1015)   Evacuate Collection Set: 337.0ms
[2026-01-16T09:38:01.226+0000][gc,phases   ] GC(1015)   Post Evacuate Collection Set: 14.8ms
[2026-01-16T09:38:01.227+0000][gc,phases   ] GC(1015)   Other: 4.0ms
[2026-01-16T09:38:01.228+0000][gc,heap     ] GC(1015) Eden regions: 47->0(47)
[2026-01-16T09:38:01.229+0000][gc,heap     ] GC(1015) Survivor regions: 4->4(7)
[2026-01-16T09:38:01.230+0000][gc,heap     ] GC(1015) Old regions: 144->144
[2026-01-16T09:38:01.231+0000][gc,heap     ] GC(1015) Humongous regions: 167->167
[2026-01-16T09:38:01.232+0000][gc,metaspace] GC(1015) Metaspace: 15550K(15872K)->15550K(15872K) NonClass: 13800K(13952K)->13800K(13952K) Class: 1749K(1920K)->1749K(1920K)
[2026-01-16T09:38:01.234+0000][gc          ] GC(1015) Pause Young (Normal) (G1 Evacuation Pause) 360M->313M(1024M) 404.866ms
[2026-01-16T09:38:01.237+0000][gc,cpu      ] GC(1015) User=0.16s Sys=0.01s Real=0.41s
[2026-01-16T09:38:02.760+0000][gc,start    ] GC(1016) Pause Young (Normal) (G1 Evacuation Pause)
[2026-01-16T09:38:02.761+0000][gc,task     ] GC(1016) Using 8 workers of 8 for evacuation
[2026-01-16T09:38:03.001+0000][gc,mmu      ] GC(1016) MMU target violated: 201.0ms (200.0ms/201.0ms)
[2026-01-16T09:38:03.003+0000][gc,phases   ] GC(1016)   Pre Evacuate Collection Set: 27.2ms
[2026-01-16T09:38:03.005+0000][gc,phases   ] GC(1016)   Merge Heap Roots: 8.8ms
[2026-01-16T09:38:03.006+0000][gc,phases   ] GC(1016)   Evacuate Collection Set: 193.2ms
[2026-01-16T09:38:03.008+0000][gc,phases   ] GC(1016)   Post Evacuate Collection Set: 10.7ms
[2026-01-16T09:38:03.011+0000][gc,phases   ] GC(1016)   Other: 2.2ms
[2026-01-16T09:38:03.011+0000][gc,heap     ] GC(1016) Eden regions: 47->0(47)
[2026-01-16T09:38:03.012+0000][gc,heap     ] GC(1016) Survivor regions: 4->4(7)
[2026-01-16T09:38:03.012+0000][gc,heap     ] GC(1016) Old regions: 144->144
[2026-01-16T09:38:03.012+0000][gc,heap     ] GC(1016) Humongous regions: 167->167
[2026-01-16T09:38:03.013+0000][gc,metaspace] GC(1016) Metaspace: 15550K(15872K)->15550K(15872K) NonClass: 13800K(13952K)->13800K(13952K) Class: 1749K(1920K)->1749K(1920K)
[2026-01-16T09:38:03.015+0000][gc          ] GC(1016) Pause Young (Normal) (G1 Evacuation Pause) 360M->314M(1024M) 255.499ms
[2026-01-16T09:38:03.018+0000][gc,cpu      ] GC(1016) User=0.17s Sys=0.00s Real=0.26s
[2026-01-16T09:38:04.420+0000][gc,start    ] GC(1017) Pause Young (Normal) (G1 Evacuation Pause)
[2026-01-16T09:38:04.424+0000][gc,task     ] GC(1017) Using 8 workers of 8 for evacuation
[2026-01-16T09:38:04.632+0000][gc,mmu      ] GC(1017) MMU target violated: 201.0ms (200.0ms/201.0ms)
[2026-01-16T09:38:04.633+0000][gc,phases   ] GC(1017)   Pre Evacuate Collection Set: 52.9ms
[2026-01-16T09:38:04.637+0000][gc,phases   ] GC(1017)   Merge Heap Roots: 7.7ms
[2026-01-16T09:38:04.638+0000][gc,phases   ] GC(1017)   Evacuate Collection Set: 111.0ms
[2026-01-16T09:38:04.639+0000][gc,phases   ] GC(1017)   Post Evacuate Collection Set: 31.7ms
[2026-01-16T09:38:04.639+0000][gc,phases   ] GC(1017)   Other: 6.2ms
[2026-01-16T09:38:04.640+0000][gc,heap     ] GC(1017) Eden regions: 47->0(49)
[2026-01-16T09:38:04.642+0000][gc,heap     ] GC(1017) Survivor regions: 4->2(7)
[2026-01-16T09:38:04.647+0000][gc,heap     ] GC(1017) Old regions: 144->144
[2026-01-16T09:38:04.648+0000][gc,heap     ] GC(1017) Humongous regions: 167->167
[2026-01-16T09:38:04.649+0000][gc,metaspace] GC(1017) Metaspace: 15550K(15872K)->15550K(15872K) NonClass: 13800K(13952K)->13800K(13952K) Class: 1749K(1920K)->1749K(1920K)
[2026-01-16T09:38:04.650+0000][gc          ] GC(1017) Pause Young (Normal) (G1 Evacuation Pause) 361M->312M(1024M) 230.172ms
[2026-01-16T09:38:04.651+0000][gc,cpu      ] GC(1017) User=0.08s Sys=0.01s Real=0.23s
[2026-01-16T09:38:05.810+0000][gc,start    ] GC(1018) Pause Young (Normal) (G1 Evacuation Pause)
[2026-01-16T09:38:05.811+0000][gc,task     ] GC(1018) Using 8 workers of 8 for evacuation
[2026-01-16T09:38:05.904+0000][gc,phases   ] GC(1018)   Pre Evacuate Collection Set: 16.2ms
[2026-01-16T09:38:05.904+0000][gc,phases   ] GC(1018)   Merge Heap Roots: 2.3ms
[2026-01-16T09:38:05.905+0000][gc,phases   ] GC(1018)   Evacuate Collection Set: 69.8ms
[2026-01-16T09:38:05.905+0000][gc,phases   ] GC(1018)   Post Evacuate Collection Set: 3.7ms
[2026-01-16T09:38:05.906+0000][gc,phases   ] GC(1018)   Other: 1.2ms
[2026-01-16T09:38:05.907+0000][gc,heap     ] GC(1018) Eden regions: 49->0(48)
[2026-01-16T09:38:05.907+0000][gc,heap     ] GC(1018) Survivor regions: 2->3(7)
[2026-01-16T09:38:05.907+0000][gc,heap     ] GC(1018) Old regions: 144->144
[2026-01-16T09:38:05.908+0000][gc,heap     ] GC(1018) Humongous regions: 167->167
[2026-01-16T09:38:05.908+0000][gc,metaspace] GC(1018) Metaspace: 15550K(15872K)->15550K(15872K) NonClass: 13800K(13952K)->13800K(13952K) Class: 1749K(1920K)->1749K(1920K)
[2026-01-16T09:38:05.911+0000][gc          ] GC(1018) Pause Young (Normal) (G1 Evacuation Pause) 361M->313M(1024M) 101.214ms
[2026-01-16T09:38:05.913+0000][gc,cpu      ] GC(1018) User=0.08s Sys=0.00s Real=0.10s
[2026-01-16T09:38:06.918+0000][gc,start    ] GC(1019) Pause Young (Normal) (G1 Evacuation Pause)
[2026-01-16T09:38:06.918+0000][gc,task     ] GC(1019) Using 8 workers of 8 for evacuation
[2026-01-16T09:38:06.974+0000][gc,phases   ] GC(1019)   Pre Evacuate Collection Set: 7.1ms
[2026-01-16T09:38:06.974+0000][gc,phases   ] GC(1019)   Merge Heap Roots: 0.4ms
[2026-01-16T09:38:06.975+0000][gc,phases   ] GC(1019)   Evacuate Collection Set: 41.6ms
[2026-01-16T09:38:06.975+0000][gc,phases   ] GC(1019)   Post Evacuate Collection Set: 4.6ms
[2026-01-16T09:38:06.976+0000][gc,phases   ] GC(1019)   Other: 2.0ms
[2026-01-16T09:38:06.976+0000][gc,heap     ] GC(1019) Eden regions: 48->0(47)
[2026-01-16T09:38:06.977+0000][gc,heap     ] GC(1019) Survivor regions: 3->4(7)
[2026-01-16T09:38:06.977+0000][gc,heap     ] GC(1019) Old regions: 144->145
[2026-01-16T09:38:06.979+0000][gc,heap     ] GC(1019) Humongous regions: 167->167
[2026-01-16T09:38:06.979+0000][gc,metaspace] GC(1019) Metaspace: 15550K(15872K)->15550K(15872K) NonClass: 13800K(13952K)->13800K(13952K) Class: 1749K(1920K)->1749K(1920K)
[2026-01-16T09:38:06.980+0000][gc          ] GC(1019) Pause Young (Normal) (G1 Evacuation Pause) 361M->314M(1024M) 61.856ms
[2026-01-16T09:38:06.980+0000][gc,cpu      ] GC(1019) User=0.05s Sys=0.00s Real=0.06s
[2026-01-16T09:38:07.677+0000][gc,start    ] GC(1020) Pause Young (Normal) (G1 Evacuation Pause)
[2026-01-16T09:38:07.679+0000][gc,task     ] GC(1020) Using 8 workers of 8 for evacuation
[2026-01-16T09:38:07.821+0000][gc,phases   ] GC(1020)   Pre Evacuate Collection Set: 1.0ms
[2026-01-16T09:38:07.823+0000][gc,phases   ] GC(1020)   Merge Heap Roots: 0.4ms
[2026-01-16T09:38:07.824+0000][gc,phases   ] GC(1020)   Evacuate Collection Set: 135.1ms
[2026-01-16T09:38:07.824+0000][gc,phases   ] GC(1020)   Post Evacuate Collection Set: 4.7ms
[2026-01-16T09:38:07.824+0000][gc,phases   ] GC(1020)   Other: 1.0ms
[2026-01-16T09:38:07.825+0000][gc,heap     ] GC(1020) Eden regions: 47->0(52)
[2026-01-16T09:38:07.825+0000][gc,heap     ] GC(1020) Survivor regions: 4->4(7)
[2026-01-16T09:38:07.825+0000][gc,heap     ] GC(1020) Old regions: 145->145
[2026-01-16T09:38:07.826+0000][gc,heap     ] GC(1020) Humongous regions: 167->167
[2026-01-16T09:38:07.826+0000][gc,metaspace] GC(1020) Metaspace: 15551K(15872K)->15551K(15872K) NonClass: 13801K(13952K)->13801K(13952K) Class: 1749K(1920K)->1749K(1920K)
[2026-01-16T09:38:07.827+0000][gc          ] GC(1020) Pause Young (Normal) (G1 Evacuation Pause) 361M->314M(1024M) 149.893ms
[2026-01-16T09:38:07.827+0000][gc,cpu      ] GC(1020) User=0.05s Sys=0.00s Real=0.15s
[2026-01-16T09:38:14.292+0000][gc,start    ] GC(1021) Pause Young (Normal) (G1 Evacuation Pause)
[2026-01-16T09:38:14.296+0000][gc,task     ] GC(1021) Using 8 workers of 8 for evacuation
[2026-01-16T09:38:14.567+0000][gc,mmu      ] GC(1021) MMU target violated: 201.0ms (200.0ms/201.0ms)
[2026-01-16T09:38:14.570+0000][gc,phases   ] GC(1021)   Pre Evacuate Collection Set: 76.0ms
[2026-01-16T09:38:14.570+0000][gc,phases   ] GC(1021)   Merge Heap Roots: 8.1ms
[2026-01-16T09:38:14.570+0000][gc,phases   ] GC(1021)   Evacuate Collection Set: 157.3ms
[2026-01-16T09:38:14.570+0000][gc,phases   ] GC(1021)   Post Evacuate Collection Set: 25.1ms
[2026-01-16T09:38:14.572+0000][gc,phases   ] GC(1021)   Other: 7.7ms
[2026-01-16T09:38:14.572+0000][gc,heap     ] GC(1021) Eden regions: 55->0(69)
[2026-01-16T09:38:14.572+0000][gc,heap     ] GC(1021) Survivor regions: 4->3(8)
[2026-01-16T09:38:14.572+0000][gc,heap     ] GC(1021) Old regions: 145->145
[2026-01-16T09:38:14.572+0000][gc,heap     ] GC(1021) Humongous regions: 167->167
[2026-01-16T09:38:14.572+0000][gc,metaspace] GC(1021) Metaspace: 15551K(15872K)->15551K(15872K) NonClass: 13801K(13952K)->13801K(13952K) Class: 1749K(1920K)->1749K(1920K)
[2026-01-16T09:38:14.572+0000][gc          ] GC(1021) Pause Young (Normal) (G1 Evacuation Pause) 369M->313M(1024M) 279.750ms
[2026-01-16T09:38:14.572+0000][gc,cpu      ] GC(1021) User=0.17s Sys=0.03s Real=0.28s
[2026-01-16T09:38:16.509+0000][gc,start    ] GC(1022) Pause Young (Normal) (G1 Evacuation Pause)
[2026-01-16T09:38:16.511+0000][gc,task     ] GC(1022) Using 8 workers of 8 for evacuation
[2026-01-16T09:38:16.911+0000][gc,mmu      ] GC(1022) MMU target violated: 201.0ms (200.0ms/201.0ms)
[2026-01-16T09:38:16.911+0000][gc,phases   ] GC(1022)   Pre Evacuate Collection Set: 22.4ms
[2026-01-16T09:38:16.912+0000][gc,phases   ] GC(1022)   Merge Heap Roots: 1.4ms
[2026-01-16T09:38:16.912+0000][gc,phases   ] GC(1022)   Evacuate Collection Set: 367.5ms
[2026-01-16T09:38:16.913+0000][gc,phases   ] GC(1022)   Post Evacuate Collection Set: 7.6ms
[2026-01-16T09:38:16.914+0000][gc,phases   ] GC(1022)   Other: 1.3ms
[2026-01-16T09:38:16.914+0000][gc,heap     ] GC(1022) Eden regions: 68->0(47)
[2026-01-16T09:38:16.914+0000][gc,heap     ] GC(1022) Survivor regions: 3->4(9)
[2026-01-16T09:38:16.915+0000][gc,heap     ] GC(1022) Old regions: 145->145
[2026-01-16T09:38:16.916+0000][gc,heap     ] GC(1022) Humongous regions: 167->167
[2026-01-16T09:38:16.918+0000][gc,metaspace] GC(1022) Metaspace: 15551K(15872K)->15551K(15872K) NonClass: 13801K(13952K)->13801K(13952K) Class: 1749K(1920K)->1749K(1920K)
[2026-01-16T09:38:16.919+0000][gc          ] GC(1022) Pause Young (Normal) (G1 Evacuation Pause) 381M->314M(1024M) 410.069ms
[2026-01-16T09:38:16.919+0000][gc,cpu      ] GC(1022) User=0.19s Sys=0.01s Real=0.41s
[2026-01-16T09:38:18.125+0000][gc,start    ] GC(1023) Pause Young (Normal) (G1 Evacuation Pause)
[2026-01-16T09:38:18.127+0000][gc,task     ] GC(1023) Using 8 workers of 8 for evacuation
[2026-01-16T09:38:18.314+0000][gc,phases   ] GC(1023)   Pre Evacuate Collection Set: 29.3ms
[2026-01-16T09:38:18.314+0000][gc,phases   ] GC(1023)   Merge Heap Roots: 5.6ms
[2026-01-16T09:38:18.314+0000][gc,phases   ] GC(1023)   Evacuate Collection Set: 129.3ms
[2026-01-16T09:38:18.314+0000][gc,phases   ] GC(1023)   Post Evacuate Collection Set: 21.1ms
[2026-01-16T09:38:18.315+0000][gc,phases   ] GC(1023)   Other: 1.3ms
[2026-01-16T09:38:18.315+0000][gc,heap     ] GC(1023) Eden regions: 47->0(47)
[2026-01-16T09:38:18.315+0000][gc,heap     ] GC(1023) Survivor regions: 4->4(7)
[2026-01-16T09:38:18.315+0000][gc,heap     ] GC(1023) Old regions: 145->145
[2026-01-16T09:38:18.315+0000][gc,heap     ] GC(1023) Humongous regions: 167->167
[2026-01-16T09:38:18.317+0000][gc,metaspace] GC(1023) Metaspace: 15551K(15872K)->15551K(15872K) NonClass: 13801K(13952K)->13801K(13952K) Class: 1749K(1920K)->1749K(1920K)
[2026-01-16T09:38:18.318+0000][gc          ] GC(1023) Pause Young (Normal) (G1 Evacuation Pause) 361M->315M(1024M) 193.413ms
[2026-01-16T09:38:18.318+0000][gc,cpu      ] GC(1023) User=0.11s Sys=0.00s Real=0.19s
[2026-01-16T09:38:24.473+0000][gc,start    ] GC(1024) Pause Young (Normal) (G1 Evacuation Pause)
[2026-01-16T09:38:24.479+0000][gc,task     ] GC(1024) Using 8 workers of 8 for evacuation
[2026-01-16T09:38:24.580+0000][gc,phases   ] GC(1024)   Pre Evacuate Collection Set: 18.7ms
[2026-01-16T09:38:24.580+0000][gc,phases   ] GC(1024)   Merge Heap Roots: 1.4ms
[2026-01-16T09:38:24.581+0000][gc,phases   ] GC(1024)   Evacuate Collection Set: 51.4ms
[2026-01-16T09:38:24.581+0000][gc,phases   ] GC(1024)   Post Evacuate Collection Set: 28.7ms
[2026-01-16T09:38:24.581+0000][gc,phases   ] GC(1024)   Other: 2.3ms
[2026-01-16T09:38:24.581+0000][gc,heap     ] GC(1024) Eden regions: 47->0(108)
[2026-01-16T09:38:24.581+0000][gc,heap     ] GC(1024) Survivor regions: 4->2(7)
[2026-01-16T09:38:24.582+0000][gc,heap     ] GC(1024) Old regions: 145->145
[2026-01-16T09:38:24.582+0000][gc,heap     ] GC(1024) Humongous regions: 167->167
[2026-01-16T09:38:24.582+0000][gc,metaspace] GC(1024) Metaspace: 15552K(15872K)->15552K(15872K) NonClass: 13802K(13952K)->13802K(13952K) Class: 1749K(1920K)->1749K(1920K)
[2026-01-16T09:38:24.582+0000][gc          ] GC(1024) Pause Young (Normal) (G1 Evacuation Pause) 362M->313M(1024M) 108.737ms
[2026-01-16T09:38:24.583+0000][gc,cpu      ] GC(1024) User=0.17s Sys=0.01s Real=0.10s
[2026-01-16T09:38:28.415+0000][gc,start    ] GC(1025) Pause Young (Normal) (G1 Evacuation Pause)
[2026-01-16T09:38:28.417+0000][gc,task     ] GC(1025) Using 8 workers of 8 for evacuation
[2026-01-16T09:38:28.577+0000][gc,phases   ] GC(1025)   Pre Evacuate Collection Set: 30.9ms
[2026-01-16T09:38:28.578+0000][gc,phases   ] GC(1025)   Merge Heap Roots: 2.9ms
[2026-01-16T09:38:28.578+0000][gc,phases   ] GC(1025)   Evacuate Collection Set: 118.6ms
[2026-01-16T09:38:28.579+0000][gc,phases   ] GC(1025)   Post Evacuate Collection Set: 3.8ms
[2026-01-16T09:38:28.579+0000][gc,phases   ] GC(1025)   Other: 4.1ms
[2026-01-16T09:38:28.580+0000][gc,heap     ] GC(1025) Eden regions: 102->0(47)
[2026-01-16T09:38:28.580+0000][gc,heap     ] GC(1025) Survivor regions: 2->4(13)
[2026-01-16T09:38:28.581+0000][gc,heap     ] GC(1025) Old regions: 145->145
[2026-01-16T09:38:28.581+0000][gc,heap     ] GC(1025) Humongous regions: 167->167
[2026-01-16T09:38:28.581+0000][gc,metaspace] GC(1025) Metaspace: 15552K(15872K)->15552K(15872K) NonClass: 13802K(13952K)->13802K(13952K) Class: 1749K(1920K)->1749K(1920K)
[2026-01-16T09:38:28.582+0000][gc          ] GC(1025) Pause Young (Normal) (G1 Evacuation Pause) 415M->314M(1024M) 167.590ms
[2026-01-16T09:38:28.583+0000][gc,cpu      ] GC(1025) User=0.25s Sys=0.02s Real=0.16s
[2026-01-16T09:38:30.233+0000][gc,start    ] GC(1026) Pause Young (Normal) (G1 Evacuation Pause)
[2026-01-16T09:38:30.235+0000][gc,task     ] GC(1026) Using 8 workers of 8 for evacuation
[2026-01-16T09:38:30.382+0000][gc,phases   ] GC(1026)   Pre Evacuate Collection Set: 13.9ms
[2026-01-16T09:38:30.384+0000][gc,phases   ] GC(1026)   Merge Heap Roots: 0.5ms
[2026-01-16T09:38:30.386+0000][gc,phases   ] GC(1026)   Evacuate Collection Set: 119.6ms
[2026-01-16T09:38:30.386+0000][gc,phases   ] GC(1026)   Post Evacuate Collection Set: 10.7ms
[2026-01-16T09:38:30.386+0000][gc,phases   ] GC(1026)   Other: 2.1ms
[2026-01-16T09:38:30.387+0000][gc,heap     ] GC(1026) Eden regions: 47->0(51)
[2026-01-16T09:38:30.387+0000][gc,heap     ] GC(1026) Survivor regions: 4->4(7)
[2026-01-16T09:38:30.387+0000][gc,heap     ] GC(1026) Old regions: 145->145
[2026-01-16T09:38:30.388+0000][gc,heap     ] GC(1026) Humongous regions: 167->167
[2026-01-16T09:38:30.388+0000][gc,metaspace] GC(1026) Metaspace: 15552K(15872K)->15552K(15872K) NonClass: 13802K(13952K)->13802K(13952K) Class: 1749K(1920K)->1749K(1920K)
[2026-01-16T09:38:30.388+0000][gc          ] GC(1026) Pause Young (Normal) (G1 Evacuation Pause) 361M->315M(1024M) 155.991ms
[2026-01-16T09:38:30.389+0000][gc,cpu      ] GC(1026) User=0.12s Sys=0.00s Real=0.16s
[2026-01-16T09:38:33.732+0000][gc,start    ] GC(1027) Pause Young (Normal) (G1 Evacuation Pause)
[2026-01-16T09:38:33.734+0000][gc,task     ] GC(1027) Using 8 workers of 8 for evacuation
[2026-01-16T09:38:33.796+0000][gc,phases   ] GC(1027)   Pre Evacuate Collection Set: 6.9ms
[2026-01-16T09:38:33.796+0000][gc,phases   ] GC(1027)   Merge Heap Roots: 3.1ms
[2026-01-16T09:38:33.796+0000][gc,phases   ] GC(1027)   Evacuate Collection Set: 46.7ms
[2026-01-16T09:38:33.796+0000][gc,phases   ] GC(1027)   Post Evacuate Collection Set: 4.7ms
[2026-01-16T09:38:33.797+0000][gc,phases   ] GC(1027)   Other: 0.5ms
[2026-01-16T09:38:33.797+0000][gc,heap     ] GC(1027) Eden regions: 52->0(164)
[2026-01-16T09:38:33.797+0000][gc,heap     ] GC(1027) Survivor regions: 4->3(7)
[2026-01-16T09:38:33.798+0000][gc,heap     ] GC(1027) Old regions: 145->145
[2026-01-16T09:38:33.798+0000][gc,heap     ] GC(1027) Humongous regions: 167->167
[2026-01-16T09:38:33.798+0000][gc,metaspace] GC(1027) Metaspace: 15552K(15872K)->15552K(15872K) NonClass: 13802K(13952K)->13802K(13952K) Class: 1749K(1920K)->1749K(1920K)
[2026-01-16T09:38:33.799+0000][gc          ] GC(1027) Pause Young (Normal) (G1 Evacuation Pause) 367M->314M(1024M) 66.468ms
[2026-01-16T09:38:33.800+0000][gc,cpu      ] GC(1027) User=0.09s Sys=0.01s Real=0.07s
[2026-01-16T09:38:44.386+0000][gc,start    ] GC(1028) Pause Young (Normal) (G1 Evacuation Pause)
[2026-01-16T09:38:44.388+0000][gc,task     ] GC(1028) Using 8 workers of 8 for evacuation
[2026-01-16T09:38:44.554+0000][gc,phases   ] GC(1028)   Pre Evacuate Collection Set: 39.7ms
[2026-01-16T09:38:44.555+0000][gc,phases   ] GC(1028)   Merge Heap Roots: 1.2ms
[2026-01-16T09:38:44.555+0000][gc,phases   ] GC(1028)   Evacuate Collection Set: 96.1ms
[2026-01-16T09:38:44.556+0000][gc,phases   ] GC(1028)   Post Evacuate Collection Set: 23.2ms
[2026-01-16T09:38:44.557+0000][gc,phases   ] GC(1028)   Other: 4.9ms
[2026-01-16T09:38:44.557+0000][gc,heap     ] GC(1028) Eden regions: 159->0(228)
[2026-01-16T09:38:44.558+0000][gc,heap     ] GC(1028) Survivor regions: 3->2(21)
[2026-01-16T09:38:44.558+0000][gc,heap     ] GC(1028) Old regions: 145->145
[2026-01-16T09:38:44.558+0000][gc,heap     ] GC(1028) Humongous regions: 167->167
[2026-01-16T09:38:44.558+0000][gc,metaspace] GC(1028) Metaspace: 15552K(15872K)->15552K(15872K) NonClass: 13802K(13952K)->13802K(13952K) Class: 1749K(1920K)->1749K(1920K)
[2026-01-16T09:38:44.559+0000][gc          ] GC(1028) Pause Young (Normal) (G1 Evacuation Pause) 473M->312M(1024M) 173.284ms
[2026-01-16T09:38:44.559+0000][gc,cpu      ] GC(1028) User=0.14s Sys=0.02s Real=0.17s
[2026-01-16T09:38:55.853+0000][gc,start    ] GC(1029) Pause Young (Normal) (G1 Evacuation Pause)
[2026-01-16T09:38:55.855+0000][gc,task     ] GC(1029) Using 8 workers of 8 for evacuation
[2026-01-16T09:38:56.815+0000][gc,mmu      ] GC(1029) MMU target violated: 201.0ms (200.0ms/201.0ms)
[2026-01-16T09:38:56.816+0000][gc,phases   ] GC(1029)   Pre Evacuate Collection Set: 119.4ms
[2026-01-16T09:38:56.818+0000][gc,phases   ] GC(1029)   Merge Heap Roots: 0.9ms
[2026-01-16T09:38:56.820+0000][gc,phases   ] GC(1029)   Evacuate Collection Set: 739.2ms
[2026-01-16T09:38:56.821+0000][gc,phases   ] GC(1029)   Post Evacuate Collection Set: 97.4ms
[2026-01-16T09:38:56.821+0000][gc,phases   ] GC(1029)   Other: 4.6ms
[2026-01-16T09:38:56.821+0000][gc,heap     ] GC(1029) Eden regions: 223->0(48)
[2026-01-16T09:38:56.822+0000][gc,heap     ] GC(1029) Survivor regions: 2->3(29)
[2026-01-16T09:38:56.822+0000][gc,heap     ] GC(1029) Old regions: 145->145
[2026-01-16T09:38:56.823+0000][gc,heap     ] GC(1029) Humongous regions: 167->167
[2026-01-16T09:38:56.823+0000][gc,metaspace] GC(1029) Metaspace: 15552K(15872K)->15552K(15872K) NonClass: 13802K(13952K)->13802K(13952K) Class: 1749K(1920K)->1749K(1920K)
[2026-01-16T09:38:56.823+0000][gc          ] GC(1029) Pause Young (Normal) (G1 Evacuation Pause) 535M->313M(1024M) 985.462ms
[2026-01-16T09:38:56.824+0000][gc,cpu      ] GC(1029) User=0.29s Sys=0.04s Real=0.99s
[2026-01-16T09:38:59.269+0000][gc,start    ] GC(1030) Pause Young (Normal) (G1 Evacuation Pause)
[2026-01-16T09:38:59.270+0000][gc,task     ] GC(1030) Using 8 workers of 8 for evacuation
[2026-01-16T09:38:59.522+0000][gc,mmu      ] GC(1030) MMU target violated: 201.0ms (200.0ms/201.0ms)
[2026-01-16T09:38:59.523+0000][gc,phases   ] GC(1030)   Pre Evacuate Collection Set: 28.4ms
[2026-01-16T09:38:59.523+0000][gc,phases   ] GC(1030)   Merge Heap Roots: 3.9ms
[2026-01-16T09:38:59.523+0000][gc,phases   ] GC(1030)   Evacuate Collection Set: 198.1ms
[2026-01-16T09:38:59.527+0000][gc,phases   ] GC(1030)   Post Evacuate Collection Set: 20.3ms
[2026-01-16T09:38:59.528+0000][gc,phases   ] GC(1030)   Other: 2.6ms
[2026-01-16T09:38:59.528+0000][gc,heap     ] GC(1030) Eden regions: 48->0(48)
[2026-01-16T09:38:59.529+0000][gc,heap     ] GC(1030) Survivor regions: 3->3(7)
[2026-01-16T09:38:59.529+0000][gc,heap     ] GC(1030) Old regions: 145->145
[2026-01-16T09:38:59.529+0000][gc,heap     ] GC(1030) Humongous regions: 167->167
[2026-01-16T09:38:59.530+0000][gc,metaspace] GC(1030) Metaspace: 15552K(15872K)->15552K(15872K) NonClass: 13802K(13952K)->13802K(13952K) Class: 1749K(1920K)->1749K(1920K)
[2026-01-16T09:38:59.530+0000][gc          ] GC(1030) Pause Young (Normal) (G1 Evacuation Pause) 361M->314M(1024M) 261.500ms
[2026-01-16T09:38:59.530+0000][gc,cpu      ] GC(1030) User=0.16s Sys=0.01s Real=0.26s
[2026-01-16T09:39:00.434+0000][gc,start    ] GC(1031) Pause Young (Normal) (G1 Evacuation Pause)
[2026-01-16T09:39:00.437+0000][gc,task     ] GC(1031) Using 8 workers of 8 for evacuation
[2026-01-16T09:39:00.527+0000][gc,phases   ] GC(1031)   Pre Evacuate Collection Set: 5.2ms
[2026-01-16T09:39:00.529+0000][gc,phases   ] GC(1031)   Merge Heap Roots: 1.5ms
[2026-01-16T09:39:00.530+0000][gc,phases   ] GC(1031)   Evacuate Collection Set: 77.9ms
[2026-01-16T09:39:00.530+0000][gc,phases   ] GC(1031)   Post Evacuate Collection Set: 4.1ms
[2026-01-16T09:39:00.530+0000][gc,phases   ] GC(1031)   Other: 1.4ms
[2026-01-16T09:39:00.531+0000][gc,heap     ] GC(1031) Eden regions: 48->0(47)
[2026-01-16T09:39:00.531+0000][gc,heap     ] GC(1031) Survivor regions: 3->4(7)
[2026-01-16T09:39:00.531+0000][gc,heap     ] GC(1031) Old regions: 145->145
[2026-01-16T09:39:00.532+0000][gc,heap     ] GC(1031) Humongous regions: 167->167
[2026-01-16T09:39:00.532+0000][gc,metaspace] GC(1031) Metaspace: 15552K(15872K)->15552K(15872K) NonClass: 13802K(13952K)->13802K(13952K) Class: 1749K(1920K)->1749K(1920K)
[2026-01-16T09:39:00.533+0000][gc          ] GC(1031) Pause Young (Normal) (G1 Evacuation Pause) 362M->315M(1024M) 98.713ms
[2026-01-16T09:39:00.533+0000][gc,cpu      ] GC(1031) User=0.08s Sys=0.00s Real=0.10s
[2026-01-16T09:39:03.523+0000][gc,start    ] GC(1032) Pause Young (Normal) (G1 Evacuation Pause)
[2026-01-16T09:39:03.545+0000][gc,task     ] GC(1032) Using 8 workers of 8 for evacuation
[2026-01-16T09:39:03.787+0000][gc,mmu      ] GC(1032) MMU target violated: 201.0ms (200.0ms/201.0ms)
[2026-01-16T09:39:03.787+0000][gc,phases   ] GC(1032)   Pre Evacuate Collection Set: 15.5ms
[2026-01-16T09:39:03.789+0000][gc,phases   ] GC(1032)   Merge Heap Roots: 2.0ms
[2026-01-16T09:39:03.791+0000][gc,phases   ] GC(1032)   Evacuate Collection Set: 197.4ms
[2026-01-16T09:39:03.793+0000][gc,phases   ] GC(1032)   Post Evacuate Collection Set: 16.0ms
[2026-01-16T09:39:03.799+0000][gc,phases   ] GC(1032)   Other: 21.9ms
[2026-01-16T09:39:03.802+0000][gc,heap     ] GC(1032) Eden regions: 47->0(49)
[2026-01-16T09:39:03.805+0000][gc,heap     ] GC(1032) Survivor regions: 4->2(7)
[2026-01-16T09:39:03.805+0000][gc,heap     ] GC(1032) Old regions: 145->145
[2026-01-16T09:39:03.805+0000][gc,heap     ] GC(1032) Humongous regions: 167->167
[2026-01-16T09:39:03.806+0000][gc,metaspace] GC(1032) Metaspace: 15552K(15872K)->15552K(15872K) NonClass: 13802K(13952K)->13802K(13952K) Class: 1749K(1920K)->1749K(1920K)
[2026-01-16T09:39:03.806+0000][gc          ] GC(1032) Pause Young (Normal) (G1 Evacuation Pause) 362M->313M(1024M) 283.066ms
[2026-01-16T09:39:03.807+0000][gc,cpu      ] GC(1032) User=0.16s Sys=0.01s Real=0.28s
[2026-01-16T09:39:05.114+0000][gc,start    ] GC(1033) Pause Young (Normal) (G1 Evacuation Pause)
[2026-01-16T09:39:05.128+0000][gc,task     ] GC(1033) Using 8 workers of 8 for evacuation
[2026-01-16T09:39:05.273+0000][gc,phases   ] GC(1033)   Pre Evacuate Collection Set: 46.7ms
[2026-01-16T09:39:05.275+0000][gc,phases   ] GC(1033)   Merge Heap Roots: 0.9ms
[2026-01-16T09:39:05.277+0000][gc,phases   ] GC(1033)   Evacuate Collection Set: 79.5ms
[2026-01-16T09:39:05.278+0000][gc,phases   ] GC(1033)   Post Evacuate Collection Set: 16.9ms
[2026-01-16T09:39:05.278+0000][gc,phases   ] GC(1033)   Other: 1.1ms
[2026-01-16T09:39:05.279+0000][gc,heap     ] GC(1033) Eden regions: 49->0(48)
[2026-01-16T09:39:05.280+0000][gc,heap     ] GC(1033) Survivor regions: 2->3(7)
[2026-01-16T09:39:05.280+0000][gc,heap     ] GC(1033) Old regions: 145->145
[2026-01-16T09:39:05.281+0000][gc,heap     ] GC(1033) Humongous regions: 167->167
[2026-01-16T09:39:05.281+0000][gc,metaspace] GC(1033) Metaspace: 15552K(15872K)->15552K(15872K) NonClass: 13802K(13952K)->13802K(13952K) Class: 1749K(1920K)->1749K(1920K)
[2026-01-16T09:39:05.282+0000][gc          ] GC(1033) Pause Young (Normal) (G1 Evacuation Pause) 362M->314M(1024M) 167.566ms
[2026-01-16T09:39:05.282+0000][gc,cpu      ] GC(1033) User=0.08s Sys=0.00s Real=0.16s
[2026-01-16T09:39:06.497+0000][gc,start    ] GC(1034) Pause Young (Normal) (G1 Evacuation Pause)
[2026-01-16T09:39:06.498+0000][gc,task     ] GC(1034) Using 8 workers of 8 for evacuation
[2026-01-16T09:39:06.564+0000][gc,phases   ] GC(1034)   Pre Evacuate Collection Set: 7.2ms
[2026-01-16T09:39:06.564+0000][gc,phases   ] GC(1034)   Merge Heap Roots: 1.6ms
[2026-01-16T09:39:06.564+0000][gc,phases   ] GC(1034)   Evacuate Collection Set: 54.0ms
[2026-01-16T09:39:06.565+0000][gc,phases   ] GC(1034)   Post Evacuate Collection Set: 1.6ms
[2026-01-16T09:39:06.565+0000][gc,phases   ] GC(1034)   Other: 1.2ms
[2026-01-16T09:39:06.566+0000][gc,heap     ] GC(1034) Eden regions: 48->0(47)
[2026-01-16T09:39:06.566+0000][gc,heap     ] GC(1034) Survivor regions: 3->4(7)
[2026-01-16T09:39:06.566+0000][gc,heap     ] GC(1034) Old regions: 145->145
[2026-01-16T09:39:06.567+0000][gc,heap     ] GC(1034) Humongous regions: 167->167
[2026-01-16T09:39:06.567+0000][gc,metaspace] GC(1034) Metaspace: 15552K(15872K)->15552K(15872K) NonClass: 13802K(13952K)->13802K(13952K) Class: 1749K(1920K)->1749K(1920K)
[2026-01-16T09:39:06.568+0000][gc          ] GC(1034) Pause Young (Normal) (G1 Evacuation Pause) 362M->314M(1024M) 70.835ms
[2026-01-16T09:39:06.573+0000][gc,cpu      ] GC(1034) User=0.06s Sys=0.00s Real=0.08s
[2026-01-16T09:39:07.108+0000][gc,start    ] GC(1035) Pause Young (Normal) (G1 Evacuation Pause)
[2026-01-16T09:39:07.117+0000][gc,task     ] GC(1035) Using 8 workers of 8 for evacuation
[2026-01-16T09:39:07.201+0000][gc,phases   ] GC(1035)   Pre Evacuate Collection Set: 1.1ms
[2026-01-16T09:39:07.204+0000][gc,phases   ] GC(1035)   Merge Heap Roots: 0.3ms
[2026-01-16T09:39:07.206+0000][gc,phases   ] GC(1035)   Evacuate Collection Set: 76.3ms
[2026-01-16T09:39:07.206+0000][gc,phases   ] GC(1035)   Post Evacuate Collection Set: 3.4ms
[2026-01-16T09:39:07.206+0000][gc,phases   ] GC(1035)   Other: 0.7ms
[2026-01-16T09:39:07.206+0000][gc,heap     ] GC(1035) Eden regions: 47->0(47)
[2026-01-16T09:39:07.206+0000][gc,heap     ] GC(1035) Survivor regions: 4->4(7)
[2026-01-16T09:39:07.206+0000][gc,heap     ] GC(1035) Old regions: 145->145
[2026-01-16T09:39:07.210+0000][gc,heap     ] GC(1035) Humongous regions: 167->167
[2026-01-16T09:39:07.211+0000][gc,metaspace] GC(1035) Metaspace: 15552K(15872K)->15552K(15872K) NonClass: 13802K(13952K)->13802K(13952K) Class: 1749K(1920K)->1749K(1920K)
[2026-01-16T09:39:07.214+0000][gc          ] GC(1035) Pause Young (Normal) (G1 Evacuation Pause) 361M->315M(1024M) 103.370ms
[2026-01-16T09:39:07.218+0000][gc,cpu      ] GC(1035) User=0.06s Sys=0.00s Real=0.11s
[2026-01-16T09:39:13.572+0000][gc,start    ] GC(1036) Pause Young (Normal) (G1 Evacuation Pause)
[2026-01-16T09:39:13.574+0000][gc,task     ] GC(1036) Using 8 workers of 8 for evacuation
[2026-01-16T09:39:13.643+0000][gc,phases   ] GC(1036)   Pre Evacuate Collection Set: 11.1ms
[2026-01-16T09:39:13.644+0000][gc,phases   ] GC(1036)   Merge Heap Roots: 0.9ms
[2026-01-16T09:39:13.644+0000][gc,phases   ] GC(1036)   Evacuate Collection Set: 49.2ms
[2026-01-16T09:39:13.645+0000][gc,phases   ] GC(1036)   Post Evacuate Collection Set: 5.0ms
[2026-01-16T09:39:13.645+0000][gc,phases   ] GC(1036)   Other: 3.8ms
[2026-01-16T09:39:13.646+0000][gc,heap     ] GC(1036) Eden regions: 47->0(164)
[2026-01-16T09:39:13.646+0000][gc,heap     ] GC(1036) Survivor regions: 4->3(7)
[2026-01-16T09:39:13.647+0000][gc,heap     ] GC(1036) Old regions: 145->146
[2026-01-16T09:39:13.647+0000][gc,heap     ] GC(1036) Humongous regions: 167->167
[2026-01-16T09:39:13.647+0000][gc,metaspace] GC(1036) Metaspace: 15552K(15872K)->15552K(15872K) NonClass: 13802K(13952K)->13802K(13952K) Class: 1749K(1920K)->1749K(1920K)
[2026-01-16T09:39:13.647+0000][gc          ] GC(1036) Pause Young (Normal) (G1 Evacuation Pause) 362M->314M(1024M) 74.938ms
[2026-01-16T09:39:13.648+0000][gc,cpu      ] GC(1036) User=0.16s Sys=0.02s Real=0.08s
[2026-01-16T09:39:22.611+0000][gc,start    ] GC(1037) Pause Young (Normal) (G1 Evacuation Pause)
[2026-01-16T09:39:22.615+0000][gc,task     ] GC(1037) Using 8 workers of 8 for evacuation
[2026-01-16T09:39:22.699+0000][gc,phases   ] GC(1037)   Pre Evacuate Collection Set: 18.2ms
[2026-01-16T09:39:22.699+0000][gc,phases   ] GC(1037)   Merge Heap Roots: 0.9ms
[2026-01-16T09:39:22.700+0000][gc,phases   ] GC(1037)   Evacuate Collection Set: 46.3ms
[2026-01-16T09:39:22.700+0000][gc,phases   ] GC(1037)   Post Evacuate Collection Set: 16.9ms
[2026-01-16T09:39:22.701+0000][gc,phases   ] GC(1037)   Other: 1.8ms
[2026-01-16T09:39:22.701+0000][gc,heap     ] GC(1037) Eden regions: 142->0(295)
[2026-01-16T09:39:22.701+0000][gc,heap     ] GC(1037) Survivor regions: 3->2(19)
[2026-01-16T09:39:22.701+0000][gc,heap     ] GC(1037) Old regions: 146->146
[2026-01-16T09:39:22.702+0000][gc,heap     ] GC(1037) Humongous regions: 167->167
[2026-01-16T09:39:22.702+0000][gc,metaspace] GC(1037) Metaspace: 15555K(15872K)->15555K(15872K) NonClass: 13805K(13952K)->13805K(13952K) Class: 1749K(1920K)->1749K(1920K)
[2026-01-16T09:39:22.702+0000][gc          ] GC(1037) Pause Young (Normal) (G1 Evacuation Pause) 456M->313M(1024M) 90.811ms
[2026-01-16T09:39:22.703+0000][gc,cpu      ] GC(1037) User=0.21s Sys=0.01s Real=0.09s
[2026-01-16T09:39:40.361+0000][gc,start    ] GC(1038) Pause Young (Normal) (G1 Evacuation Pause)
[2026-01-16T09:39:40.369+0000][gc,task     ] GC(1038) Using 8 workers of 8 for evacuation
[2026-01-16T09:39:40.926+0000][gc,mmu      ] GC(1038) MMU target violated: 201.0ms (200.0ms/201.0ms)
[2026-01-16T09:39:40.928+0000][gc,phases   ] GC(1038)   Pre Evacuate Collection Set: 80.4ms
[2026-01-16T09:39:40.928+0000][gc,phases   ] GC(1038)   Merge Heap Roots: 8.4ms
[2026-01-16T09:39:40.929+0000][gc,phases   ] GC(1038)   Evacuate Collection Set: 428.9ms
[2026-01-16T09:39:40.931+0000][gc,phases   ] GC(1038)   Post Evacuate Collection Set: 35.8ms
[2026-01-16T09:39:40.931+0000][gc,phases   ] GC(1038)   Other: 8.7ms
[2026-01-16T09:39:40.932+0000][gc,heap     ] GC(1038) Eden regions: 288->0(47)
[2026-01-16T09:39:40.934+0000][gc,heap     ] GC(1038) Survivor regions: 2->4(37)
[2026-01-16T09:39:40.936+0000][gc,heap     ] GC(1038) Old regions: 146->146
[2026-01-16T09:39:40.936+0000][gc,heap     ] GC(1038) Humongous regions: 167->167
[2026-01-16T09:39:40.936+0000][gc,metaspace] GC(1038) Metaspace: 15555K(15872K)->15555K(15872K) NonClass: 13805K(13952K)->13805K(13952K) Class: 1749K(1920K)->1749K(1920K)
[2026-01-16T09:39:40.940+0000][gc          ] GC(1038) Pause Young (Normal) (G1 Evacuation Pause) 601M->315M(1024M) 578.509ms
[2026-01-16T09:39:40.947+0000][gc,cpu      ] GC(1038) User=0.63s Sys=0.06s Real=0.59s
[2026-01-16T09:39:43.282+0000][gc,start    ] GC(1039) Pause Young (Normal) (G1 Evacuation Pause)
[2026-01-16T09:39:43.287+0000][gc,task     ] GC(1039) Using 8 workers of 8 for evacuation
[2026-01-16T09:39:43.379+0000][gc,phases   ] GC(1039)   Pre Evacuate Collection Set: 8.7ms
[2026-01-16T09:39:43.380+0000][gc,phases   ] GC(1039)   Merge Heap Roots: 1.9ms
[2026-01-16T09:39:43.380+0000][gc,phases   ] GC(1039)   Evacuate Collection Set: 71.5ms
[2026-01-16T09:39:43.381+0000][gc,phases   ] GC(1039)   Post Evacuate Collection Set: 9.1ms
[2026-01-16T09:39:43.382+0000][gc,phases   ] GC(1039)   Other: 0.8ms
[2026-01-16T09:39:43.382+0000][gc,heap     ] GC(1039) Eden regions: 47->0(46)
[2026-01-16T09:39:43.384+0000][gc,heap     ] GC(1039) Survivor regions: 4->5(7)
[2026-01-16T09:39:43.384+0000][gc,heap     ] GC(1039) Old regions: 146->146
[2026-01-16T09:39:43.385+0000][gc,heap     ] GC(1039) Humongous regions: 167->167
[2026-01-16T09:39:43.386+0000][gc,metaspace] GC(1039) Metaspace: 15555K(15872K)->15555K(15872K) NonClass: 13805K(13952K)->13805K(13952K) Class: 1749K(1920K)->1749K(1920K)
[2026-01-16T09:39:43.387+0000][gc          ] GC(1039) Pause Young (Normal) (G1 Evacuation Pause) 362M->316M(1024M) 105.048ms
[2026-01-16T09:39:43.387+0000][gc,cpu      ] GC(1039) User=0.21s Sys=0.01s Real=0.11s
[2026-01-16T09:39:43.859+0000][gc,start    ] GC(1040) Pause Young (Normal) (G1 Evacuation Pause)
[2026-01-16T09:39:43.860+0000][gc,task     ] GC(1040) Using 8 workers of 8 for evacuation
[2026-01-16T09:39:43.908+0000][gc,phases   ] GC(1040)   Pre Evacuate Collection Set: 5.1ms
[2026-01-16T09:39:43.908+0000][gc,phases   ] GC(1040)   Merge Heap Roots: 0.1ms
[2026-01-16T09:39:43.909+0000][gc,phases   ] GC(1040)   Evacuate Collection Set: 40.4ms
[2026-01-16T09:39:43.909+0000][gc,phases   ] GC(1040)   Post Evacuate Collection Set: 1.1ms
[2026-01-16T09:39:43.910+0000][gc,phases   ] GC(1040)   Other: 1.2ms
[2026-01-16T09:39:43.910+0000][gc,heap     ] GC(1040) Eden regions: 46->0(46)
[2026-01-16T09:39:43.911+0000][gc,heap     ] GC(1040) Survivor regions: 5->5(7)
[2026-01-16T09:39:43.912+0000][gc,heap     ] GC(1040) Old regions: 146->146
[2026-01-16T09:39:43.912+0000][gc,heap     ] GC(1040) Humongous regions: 167->167
[2026-01-16T09:39:43.912+0000][gc,metaspace] GC(1040) Metaspace: 15555K(15872K)->15555K(15872K) NonClass: 13805K(13952K)->13805K(13952K) Class: 1749K(1920K)->1749K(1920K)
[2026-01-16T09:39:43.914+0000][gc          ] GC(1040) Pause Young (Normal) (G1 Evacuation Pause) 362M->317M(1024M) 54.321ms
[2026-01-16T09:39:43.914+0000][gc,cpu      ] GC(1040) User=0.11s Sys=0.01s Real=0.05s
[2026-01-16T09:39:44.464+0000][gc,start    ] GC(1041) Pause Young (Normal) (G1 Evacuation Pause)
[2026-01-16T09:39:44.465+0000][gc,task     ] GC(1041) Using 8 workers of 8 for evacuation
[2026-01-16T09:39:44.552+0000][gc,phases   ] GC(1041)   Pre Evacuate Collection Set: 1.3ms
[2026-01-16T09:39:44.554+0000][gc,phases   ] GC(1041)   Merge Heap Roots: 0.3ms
[2026-01-16T09:39:44.556+0000][gc,phases   ] GC(1041)   Evacuate Collection Set: 80.9ms
[2026-01-16T09:39:44.557+0000][gc,phases   ] GC(1041)   Post Evacuate Collection Set: 4.0ms
[2026-01-16T09:39:44.557+0000][gc,phases   ] GC(1041)   Other: 0.8ms
[2026-01-16T09:39:44.558+0000][gc,heap     ] GC(1041) Eden regions: 46->0(121)
[2026-01-16T09:39:44.558+0000][gc,heap     ] GC(1041) Survivor regions: 5->3(7)
[2026-01-16T09:39:44.559+0000][gc,heap     ] GC(1041) Old regions: 146->147
[2026-01-16T09:39:44.560+0000][gc,heap     ] GC(1041) Humongous regions: 167->167
[2026-01-16T09:39:44.560+0000][gc,metaspace] GC(1041) Metaspace: 15555K(15872K)->15555K(15872K) NonClass: 13805K(13952K)->13805K(13952K) Class: 1749K(1920K)->1749K(1920K)
[2026-01-16T09:39:44.561+0000][gc          ] GC(1041) Pause Young (Normal) (G1 Evacuation Pause) 363M->315M(1024M) 97.088ms
[2026-01-16T09:39:44.562+0000][gc,cpu      ] GC(1041) User=0.07s Sys=0.01s Real=0.10s
[2026-01-16T09:39:54.404+0000][gc,start    ] GC(1042) Pause Young (Normal) (G1 Evacuation Pause)
[2026-01-16T09:39:54.419+0000][gc,task     ] GC(1042) Using 8 workers of 8 for evacuation
[2026-01-16T09:39:55.295+0000][gc,mmu      ] GC(1042) MMU target violated: 201.0ms (200.0ms/201.0ms)
[2026-01-16T09:39:55.301+0000][gc,phases   ] GC(1042)   Pre Evacuate Collection Set: 192.7ms
[2026-01-16T09:39:55.308+0000][gc,phases   ] GC(1042)   Merge Heap Roots: 87.6ms
[2026-01-16T09:39:55.310+0000][gc,phases   ] GC(1042)   Evacuate Collection Set: 407.4ms
[2026-01-16T09:39:55.313+0000][gc,phases   ] GC(1042)   Post Evacuate Collection Set: 178.2ms
[2026-01-16T09:39:55.321+0000][gc,phases   ] GC(1042)   Other: 26.6ms
[2026-01-16T09:39:55.324+0000][gc,heap     ] GC(1042) Eden regions: 122->0(49)
[2026-01-16T09:39:55.345+0000][gc,heap     ] GC(1042) Survivor regions: 3->2(16)
[2026-01-16T09:39:55.354+0000][gc,heap     ] GC(1042) Old regions: 147->147
[2026-01-16T09:39:55.355+0000][gc,heap     ] GC(1042) Humongous regions: 167->167
[2026-01-16T09:39:55.355+0000][gc,metaspace] GC(1042) Metaspace: 15555K(15872K)->15555K(15872K) NonClass: 13805K(13952K)->13805K(13952K) Class: 1749K(1920K)->1749K(1920K)
[2026-01-16T09:39:55.356+0000][gc          ] GC(1042) Pause Young (Normal) (G1 Evacuation Pause) 437M->314M(1024M) 952.081ms
[2026-01-16T09:39:55.356+0000][gc,cpu      ] GC(1042) User=0.60s Sys=0.11s Real=0.96s
[2026-01-16T09:40:02.604+0000][gc,start    ] GC(1043) Pause Young (Normal) (G1 Evacuation Pause)
[2026-01-16T09:40:02.609+0000][gc,task     ] GC(1043) Using 8 workers of 8 for evacuation
[2026-01-16T09:40:03.402+0000][gc,mmu      ] GC(1043) MMU target violated: 201.0ms (200.0ms/201.0ms)
[2026-01-16T09:40:03.406+0000][gc,phases   ] GC(1043)   Pre Evacuate Collection Set: 79.9ms
[2026-01-16T09:40:03.407+0000][gc,phases   ] GC(1043)   Merge Heap Roots: 46.6ms
[2026-01-16T09:40:03.410+0000][gc,phases   ] GC(1043)   Evacuate Collection Set: 520.0ms
[2026-01-16T09:40:03.410+0000][gc,phases   ] GC(1043)   Post Evacuate Collection Set: 146.0ms
[2026-01-16T09:40:03.414+0000][gc,phases   ] GC(1043)   Other: 4.9ms
[2026-01-16T09:40:03.416+0000][gc,heap     ] GC(1043) Eden regions: 49->0(48)
[2026-01-16T09:40:03.420+0000][gc,heap     ] GC(1043) Survivor regions: 2->3(7)
[2026-01-16T09:40:03.421+0000][gc,heap     ] GC(1043) Old regions: 147->147
[2026-01-16T09:40:03.423+0000][gc,heap     ] GC(1043) Humongous regions: 167->167
[2026-01-16T09:40:03.424+0000][gc,metaspace] GC(1043) Metaspace: 15555K(15872K)->15555K(15872K) NonClass: 13805K(13952K)->13805K(13952K) Class: 1749K(1920K)->1749K(1920K)
[2026-01-16T09:40:03.435+0000][gc          ] GC(1043) Pause Young (Normal) (G1 Evacuation Pause) 363M->316M(1024M) 825.889ms
[2026-01-16T09:40:03.435+0000][gc,cpu      ] GC(1043) User=0.36s Sys=0.03s Real=0.84s
[2026-01-16T09:40:05.512+0000][gc,start    ] GC(1044) Pause Young (Normal) (G1 Evacuation Pause)
[2026-01-16T09:40:05.512+0000][gc,task     ] GC(1044) Using 8 workers of 8 for evacuation
[2026-01-16T09:40:05.849+0000][gc,mmu      ] GC(1044) MMU target violated: 201.0ms (200.0ms/201.0ms)
[2026-01-16T09:40:05.852+0000][gc,phases   ] GC(1044)   Pre Evacuate Collection Set: 77.9ms
[2026-01-16T09:40:05.854+0000][gc,phases   ] GC(1044)   Merge Heap Roots: 7.1ms
[2026-01-16T09:40:05.854+0000][gc,phases   ] GC(1044)   Evacuate Collection Set: 223.2ms
[2026-01-16T09:40:05.854+0000][gc,phases   ] GC(1044)   Post Evacuate Collection Set: 28.1ms
[2026-01-16T09:40:05.855+0000][gc,phases   ] GC(1044)   Other: 3.3ms
[2026-01-16T09:40:05.855+0000][gc,heap     ] GC(1044) Eden regions: 48->0(47)
[2026-01-16T09:40:05.855+0000][gc,heap     ] GC(1044) Survivor regions: 3->4(7)
[2026-01-16T09:40:05.855+0000][gc,heap     ] GC(1044) Old regions: 147->147
[2026-01-16T09:40:05.859+0000][gc,heap     ] GC(1044) Humongous regions: 167->167
[2026-01-16T09:40:05.860+0000][gc,metaspace] GC(1044) Metaspace: 15555K(15872K)->15555K(15872K) NonClass: 13805K(13952K)->13805K(13952K) Class: 1749K(1920K)->1749K(1920K)
[2026-01-16T09:40:05.860+0000][gc          ] GC(1044) Pause Young (Normal) (G1 Evacuation Pause) 364M->316M(1024M) 348.092ms
[2026-01-16T09:40:05.860+0000][gc,cpu      ] GC(1044) User=0.24s Sys=0.02s Real=0.35s
[2026-01-16T09:40:07.959+0000][gc,start    ] GC(1045) Pause Young (Normal) (G1 Evacuation Pause)
[2026-01-16T09:40:07.965+0000][gc,task     ] GC(1045) Using 8 workers of 8 for evacuation
[2026-01-16T09:40:08.414+0000][gc,mmu      ] GC(1045) MMU target violated: 201.0ms (200.0ms/201.0ms)
[2026-01-16T09:40:08.418+0000][gc,phases   ] GC(1045)   Pre Evacuate Collection Set: 75.3ms
[2026-01-16T09:40:08.420+0000][gc,phases   ] GC(1045)   Merge Heap Roots: 0.6ms
[2026-01-16T09:40:08.421+0000][gc,phases   ] GC(1045)   Evacuate Collection Set: 345.4ms
[2026-01-16T09:40:08.425+0000][gc,phases   ] GC(1045)   Post Evacuate Collection Set: 25.1ms
[2026-01-16T09:40:08.427+0000][gc,phases   ] GC(1045)   Other: 7.6ms
[2026-01-16T09:40:08.431+0000][gc,heap     ] GC(1045) Eden regions: 47->0(47)
[2026-01-16T09:40:08.431+0000][gc,heap     ] GC(1045) Survivor regions: 4->4(7)
[2026-01-16T09:40:08.431+0000][gc,heap     ] GC(1045) Old regions: 147->147
[2026-01-16T09:40:08.432+0000][gc,heap     ] GC(1045) Humongous regions: 167->167
[2026-01-16T09:40:08.432+0000][gc,metaspace] GC(1045) Metaspace: 15555K(15872K)->15555K(15872K) NonClass: 13805K(13952K)->13805K(13952K) Class: 1749K(1920K)->1749K(1920K)
[2026-01-16T09:40:08.433+0000][gc          ] GC(1045) Pause Young (Normal) (G1 Evacuation Pause) 363M->317M(1024M) 474.050ms
[2026-01-16T09:40:08.433+0000][gc,cpu      ] GC(1045) User=0.22s Sys=0.02s Real=0.47s
[2026-01-16T09:40:10.219+0000][gc,start    ] GC(1046) Pause Young (Normal) (G1 Evacuation Pause)
[2026-01-16T09:40:10.224+0000][gc,task     ] GC(1046) Using 8 workers of 8 for evacuation
[2026-01-16T09:40:10.801+0000][gc,mmu      ] GC(1046) MMU target violated: 201.0ms (200.0ms/201.0ms)
[2026-01-16T09:40:10.804+0000][gc,phases   ] GC(1046)   Pre Evacuate Collection Set: 38.7ms
[2026-01-16T09:40:10.804+0000][gc,phases   ] GC(1046)   Merge Heap Roots: 6.2ms
[2026-01-16T09:40:10.805+0000][gc,phases   ] GC(1046)   Evacuate Collection Set: 492.0ms
[2026-01-16T09:40:10.805+0000][gc,phases   ] GC(1046)   Post Evacuate Collection Set: 25.7ms
[2026-01-16T09:40:10.805+0000][gc,phases   ] GC(1046)   Other: 17.0ms
[2026-01-16T09:40:10.805+0000][gc,heap     ] GC(1046) Eden regions: 47->0(46)
[2026-01-16T09:40:10.807+0000][gc,heap     ] GC(1046) Survivor regions: 4->5(7)
[2026-01-16T09:40:10.807+0000][gc,heap     ] GC(1046) Old regions: 147->147
[2026-01-16T09:40:10.807+0000][gc,heap     ] GC(1046) Humongous regions: 167->167
[2026-01-16T09:40:10.808+0000][gc,metaspace] GC(1046) Metaspace: 15555K(15872K)->15555K(15872K) NonClass: 13805K(13952K)->13805K(13952K) Class: 1749K(1920K)->1749K(1920K)
[2026-01-16T09:40:10.809+0000][gc          ] GC(1046) Pause Young (Normal) (G1 Evacuation Pause) 364M->318M(1024M) 590.376ms
[2026-01-16T09:40:10.810+0000][gc,cpu      ] GC(1046) User=0.31s Sys=0.02s Real=0.59s
[2026-01-16T09:40:12.605+0000][gc,start    ] GC(1047) Pause Young (Normal) (G1 Evacuation Pause)
[2026-01-16T09:40:12.606+0000][gc,task     ] GC(1047) Using 8 workers of 8 for evacuation
[2026-01-16T09:40:13.108+0000][gc,mmu      ] GC(1047) MMU target violated: 201.0ms (200.0ms/201.0ms)
[2026-01-16T09:40:13.108+0000][gc,phases   ] GC(1047)   Pre Evacuate Collection Set: 22.4ms
[2026-01-16T09:40:13.109+0000][gc,phases   ] GC(1047)   Merge Heap Roots: 14.1ms
[2026-01-16T09:40:13.115+0000][gc,phases   ] GC(1047)   Evacuate Collection Set: 420.4ms
[2026-01-16T09:40:13.116+0000][gc,phases   ] GC(1047)   Post Evacuate Collection Set: 42.3ms
[2026-01-16T09:40:13.116+0000][gc,phases   ] GC(1047)   Other: 3.5ms
[2026-01-16T09:40:13.118+0000][gc,heap     ] GC(1047) Eden regions: 46->0(46)
[2026-01-16T09:40:13.119+0000][gc,heap     ] GC(1047) Survivor regions: 5->5(7)
[2026-01-16T09:40:13.119+0000][gc,heap     ] GC(1047) Old regions: 147->148
[2026-01-16T09:40:13.119+0000][gc,heap     ] GC(1047) Humongous regions: 167->167
[2026-01-16T09:40:13.120+0000][gc,metaspace] GC(1047) Metaspace: 15555K(15872K)->15555K(15872K) NonClass: 13805K(13952K)->13805K(13952K) Class: 1749K(1920K)->1749K(1920K)
[2026-01-16T09:40:13.120+0000][gc          ] GC(1047) Pause Young (Normal) (G1 Evacuation Pause) 364M->318M(1024M) 523.915ms
[2026-01-16T09:40:13.121+0000][gc,cpu      ] GC(1047) User=0.27s Sys=0.02s Real=0.53s
[2026-01-16T09:40:13.779+0000][gc,start    ] GC(1048) Pause Young (Normal) (G1 Evacuation Pause)
[2026-01-16T09:40:13.780+0000][gc,task     ] GC(1048) Using 8 workers of 8 for evacuation
[2026-01-16T09:40:13.888+0000][gc,phases   ] GC(1048)   Pre Evacuate Collection Set: 8.4ms
[2026-01-16T09:40:13.889+0000][gc,phases   ] GC(1048)   Merge Heap Roots: 3.0ms
[2026-01-16T09:40:13.890+0000][gc,phases   ] GC(1048)   Evacuate Collection Set: 94.4ms
[2026-01-16T09:40:13.890+0000][gc,phases   ] GC(1048)   Post Evacuate Collection Set: 1.6ms
[2026-01-16T09:40:13.891+0000][gc,phases   ] GC(1048)   Other: 1.1ms
[2026-01-16T09:40:13.893+0000][gc,heap     ] GC(1048) Eden regions: 46->0(46)
[2026-01-16T09:40:13.894+0000][gc,heap     ] GC(1048) Survivor regions: 5->5(7)
[2026-01-16T09:40:13.895+0000][gc,heap     ] GC(1048) Old regions: 148->149
[2026-01-16T09:40:13.895+0000][gc,heap     ] GC(1048) Humongous regions: 167->167
[2026-01-16T09:40:13.895+0000][gc,metaspace] GC(1048) Metaspace: 15555K(15872K)->15555K(15872K) NonClass: 13805K(13952K)->13805K(13952K) Class: 1749K(1920K)->1749K(1920K)
[2026-01-16T09:40:13.896+0000][gc          ] GC(1048) Pause Young (Normal) (G1 Evacuation Pause) 364M->319M(1024M) 116.853ms
[2026-01-16T09:40:13.896+0000][gc,cpu      ] GC(1048) User=0.12s Sys=0.01s Real=0.11s
[2026-01-16T09:40:14.347+0000][gc,start    ] GC(1049) Pause Young (Normal) (G1 Evacuation Pause)
[2026-01-16T09:40:14.349+0000][gc,task     ] GC(1049) Using 8 workers of 8 for evacuation
[2026-01-16T09:40:14.437+0000][gc,phases   ] GC(1049)   Pre Evacuate Collection Set: 1.3ms
[2026-01-16T09:40:14.438+0000][gc,phases   ] GC(1049)   Merge Heap Roots: 0.4ms
[2026-01-16T09:40:14.439+0000][gc,phases   ] GC(1049)   Evacuate Collection Set: 72.0ms
[2026-01-16T09:40:14.440+0000][gc,phases   ] GC(1049)   Post Evacuate Collection Set: 11.7ms
[2026-01-16T09:40:14.440+0000][gc,phases   ] GC(1049)   Other: 2.4ms
[2026-01-16T09:40:14.457+0000][gc,heap     ] GC(1049) Eden regions: 46->0(47)
[2026-01-16T09:40:14.460+0000][gc,heap     ] GC(1049) Survivor regions: 5->4(7)
[2026-01-16T09:40:14.462+0000][gc,heap     ] GC(1049) Old regions: 149->150
[2026-01-16T09:40:14.464+0000][gc,heap     ] GC(1049) Humongous regions: 167->167
[2026-01-16T09:40:14.466+0000][gc,metaspace] GC(1049) Metaspace: 15555K(15872K)->15555K(15872K) NonClass: 13805K(13952K)->13805K(13952K) Class: 1749K(1920K)->1749K(1920K)
[2026-01-16T09:40:14.470+0000][gc          ] GC(1049) Pause Young (Normal) (G1 Evacuation Pause) 365M->320M(1024M) 123.328ms
[2026-01-16T09:40:14.472+0000][gc,cpu      ] GC(1049) User=0.12s Sys=0.02s Real=0.13s
[2026-01-16T09:40:14.788+0000][gc,start    ] GC(1050) Pause Young (Normal) (G1 Evacuation Pause)
[2026-01-16T09:40:14.790+0000][gc,task     ] GC(1050) Using 8 workers of 8 for evacuation
[2026-01-16T09:40:14.828+0000][gc,phases   ] GC(1050)   Pre Evacuate Collection Set: 0.5ms
[2026-01-16T09:40:14.830+0000][gc,phases   ] GC(1050)   Merge Heap Roots: 0.1ms
[2026-01-16T09:40:14.841+0000][gc,phases   ] GC(1050)   Evacuate Collection Set: 34.4ms
[2026-01-16T09:40:14.842+0000][gc,phases   ] GC(1050)   Post Evacuate Collection Set: 0.7ms
[2026-01-16T09:40:14.842+0000][gc,phases   ] GC(1050)   Other: 2.5ms
[2026-01-16T09:40:14.842+0000][gc,heap     ] GC(1050) Eden regions: 47->0(46)
[2026-01-16T09:40:14.842+0000][gc,heap     ] GC(1050) Survivor regions: 4->5(7)
[2026-01-16T09:40:14.842+0000][gc,heap     ] GC(1050) Old regions: 150->150
[2026-01-16T09:40:14.843+0000][gc,heap     ] GC(1050) Humongous regions: 167->167
[2026-01-16T09:40:14.843+0000][gc,metaspace] GC(1050) Metaspace: 15555K(15872K)->15555K(15872K) NonClass: 13805K(13952K)->13805K(13952K) Class: 1749K(1920K)->1749K(1920K)
[2026-01-16T09:40:14.843+0000][gc          ] GC(1050) Pause Young (Normal) (G1 Evacuation Pause) 367M->320M(1024M) 55.146ms
[2026-01-16T09:40:14.844+0000][gc,cpu      ] GC(1050) User=0.05s Sys=0.00s Real=0.05s
[2026-01-16T09:40:15.441+0000][gc,start    ] GC(1051) Pause Young (Normal) (G1 Evacuation Pause)
[2026-01-16T09:40:15.443+0000][gc,task     ] GC(1051) Using 8 workers of 8 for evacuation
[2026-01-16T09:40:15.574+0000][gc,phases   ] GC(1051)   Pre Evacuate Collection Set: 27.8ms
[2026-01-16T09:40:15.574+0000][gc,phases   ] GC(1051)   Merge Heap Roots: 13.3ms
[2026-01-16T09:40:15.574+0000][gc,phases   ] GC(1051)   Evacuate Collection Set: 78.4ms
[2026-01-16T09:40:15.574+0000][gc,phases   ] GC(1051)   Post Evacuate Collection Set: 5.1ms
[2026-01-16T09:40:15.574+0000][gc,phases   ] GC(1051)   Other: 7.0ms
[2026-01-16T09:40:15.574+0000][gc,heap     ] GC(1051) Eden regions: 46->0(46)
[2026-01-16T09:40:15.574+0000][gc,heap     ] GC(1051) Survivor regions: 5->5(7)
[2026-01-16T09:40:15.575+0000][gc,heap     ] GC(1051) Old regions: 150->151
[2026-01-16T09:40:15.575+0000][gc,heap     ] GC(1051) Humongous regions: 167->167
[2026-01-16T09:40:15.575+0000][gc,metaspace] GC(1051) Metaspace: 15555K(15872K)->15555K(15872K) NonClass: 13805K(13952K)->13805K(13952K) Class: 1749K(1920K)->1749K(1920K)
[2026-01-16T09:40:15.576+0000][gc          ] GC(1051) Pause Young (Normal) (G1 Evacuation Pause) 366M->321M(1024M) 134.384ms
[2026-01-16T09:40:15.576+0000][gc,cpu      ] GC(1051) User=0.12s Sys=0.01s Real=0.13s
[2026-01-16T09:40:16.175+0000][gc,start    ] GC(1052) Pause Young (Normal) (G1 Evacuation Pause)
[2026-01-16T09:40:16.177+0000][gc,task     ] GC(1052) Using 8 workers of 8 for evacuation
[2026-01-16T09:40:16.418+0000][gc,mmu      ] GC(1052) MMU target violated: 201.0ms (200.0ms/201.0ms)
[2026-01-16T09:40:16.420+0000][gc,phases   ] GC(1052)   Pre Evacuate Collection Set: 2.3ms
[2026-01-16T09:40:16.420+0000][gc,phases   ] GC(1052)   Merge Heap Roots: 0.3ms
[2026-01-16T09:40:16.420+0000][gc,phases   ] GC(1052)   Evacuate Collection Set: 234.2ms
[2026-01-16T09:40:16.420+0000][gc,phases   ] GC(1052)   Post Evacuate Collection Set: 3.7ms
[2026-01-16T09:40:16.421+0000][gc,phases   ] GC(1052)   Other: 2.6ms
[2026-01-16T09:40:16.421+0000][gc,heap     ] GC(1052) Eden regions: 46->0(46)
[2026-01-16T09:40:16.421+0000][gc,heap     ] GC(1052) Survivor regions: 5->5(7)
[2026-01-16T09:40:16.421+0000][gc,heap     ] GC(1052) Old regions: 151->151
[2026-01-16T09:40:16.421+0000][gc,heap     ] GC(1052) Humongous regions: 167->167
[2026-01-16T09:40:16.421+0000][gc,metaspace] GC(1052) Metaspace: 15555K(15872K)->15555K(15872K) NonClass: 13805K(13952K)->13805K(13952K) Class: 1749K(1920K)->1749K(1920K)
[2026-01-16T09:40:16.422+0000][gc          ] GC(1052) Pause Young (Normal) (G1 Evacuation Pause) 367M->322M(1024M) 246.487ms
[2026-01-16T09:40:16.422+0000][gc,cpu      ] GC(1052) User=0.12s Sys=0.02s Real=0.25s
[2026-01-16T09:40:17.439+0000][gc,start    ] GC(1053) Pause Young (Normal) (G1 Evacuation Pause)
[2026-01-16T09:40:17.442+0000][gc,task     ] GC(1053) Using 8 workers of 8 for evacuation
[2026-01-16T09:40:17.629+0000][gc,phases   ] GC(1053)   Pre Evacuate Collection Set: 9.0ms
[2026-01-16T09:40:17.630+0000][gc,phases   ] GC(1053)   Merge Heap Roots: 0.9ms
[2026-01-16T09:40:17.631+0000][gc,phases   ] GC(1053)   Evacuate Collection Set: 173.6ms
[2026-01-16T09:40:17.631+0000][gc,phases   ] GC(1053)   Post Evacuate Collection Set: 2.8ms
[2026-01-16T09:40:17.631+0000][gc,phases   ] GC(1053)   Other: 1.6ms
[2026-01-16T09:40:17.632+0000][gc,heap     ] GC(1053) Eden regions: 46->0(46)
[2026-01-16T09:40:17.632+0000][gc,heap     ] GC(1053) Survivor regions: 5->5(7)
[2026-01-16T09:40:17.632+0000][gc,heap     ] GC(1053) Old regions: 151->152
[2026-01-16T09:40:17.632+0000][gc,heap     ] GC(1053) Humongous regions: 167->167
[2026-01-16T09:40:17.633+0000][gc,metaspace] GC(1053) Metaspace: 15555K(15872K)->15555K(15872K) NonClass: 13805K(13952K)->13805K(13952K) Class: 1749K(1920K)->1749K(1920K)
[2026-01-16T09:40:17.634+0000][gc          ] GC(1053) Pause Young (Normal) (G1 Evacuation Pause) 368M->322M(1024M) 194.906ms
[2026-01-16T09:40:17.635+0000][gc,cpu      ] GC(1053) User=0.16s Sys=0.02s Real=0.19s
[2026-01-16T09:40:23.385+0000][gc,start    ] GC(1054) Pause Young (Normal) (G1 Evacuation Pause)
[2026-01-16T09:40:23.390+0000][gc,task     ] GC(1054) Using 8 workers of 8 for evacuation
[2026-01-16T09:40:23.547+0000][gc,phases   ] GC(1054)   Pre Evacuate Collection Set: 34.6ms
[2026-01-16T09:40:23.548+0000][gc,phases   ] GC(1054)   Merge Heap Roots: 3.2ms
[2026-01-16T09:40:23.548+0000][gc,phases   ] GC(1054)   Evacuate Collection Set: 101.0ms
[2026-01-16T09:40:23.548+0000][gc,phases   ] GC(1054)   Post Evacuate Collection Set: 17.0ms
[2026-01-16T09:40:23.549+0000][gc,phases   ] GC(1054)   Other: 0.8ms
[2026-01-16T09:40:23.552+0000][gc,heap     ] GC(1054) Eden regions: 46->0(204)
[2026-01-16T09:40:23.553+0000][gc,heap     ] GC(1054) Survivor regions: 5->2(7)
[2026-01-16T09:40:23.558+0000][gc,heap     ] GC(1054) Old regions: 152->153
[2026-01-16T09:40:23.559+0000][gc,heap     ] GC(1054) Humongous regions: 167->167
[2026-01-16T09:40:23.559+0000][gc,metaspace] GC(1054) Metaspace: 15556K(15872K)->15556K(15872K) NonClass: 13806K(13952K)->13806K(13952K) Class: 1749K(1920K)->1749K(1920K)
[2026-01-16T09:40:23.560+0000][gc          ] GC(1054) Pause Young (Normal) (G1 Evacuation Pause) 368M->321M(1024M) 174.719ms
[2026-01-16T09:40:23.560+0000][gc,cpu      ] GC(1054) User=0.20s Sys=0.02s Real=0.18s
[2026-01-16T09:40:33.763+0000][gc,start    ] GC(1055) Pause Young (Normal) (G1 Evacuation Pause)
[2026-01-16T09:40:33.765+0000][gc,task     ] GC(1055) Using 8 workers of 8 for evacuation
[2026-01-16T09:40:34.058+0000][gc,mmu      ] GC(1055) MMU target violated: 201.0ms (200.0ms/201.0ms)
[2026-01-16T09:40:34.059+0000][gc,phases   ] GC(1055)   Pre Evacuate Collection Set: 41.7ms
[2026-01-16T09:40:34.061+0000][gc,phases   ] GC(1055)   Merge Heap Roots: 7.6ms
[2026-01-16T09:40:34.062+0000][gc,phases   ] GC(1055)   Evacuate Collection Set: 120.2ms
[2026-01-16T09:40:34.062+0000][gc,phases   ] GC(1055)   Post Evacuate Collection Set: 118.4ms
[2026-01-16T09:40:34.069+0000][gc,phases   ] GC(1055)   Other: 6.6ms
[2026-01-16T09:40:34.072+0000][gc,heap     ] GC(1055) Eden regions: 181->0(48)
[2026-01-16T09:40:34.075+0000][gc,heap     ] GC(1055) Survivor regions: 2->3(23)
[2026-01-16T09:40:34.076+0000][gc,heap     ] GC(1055) Old regions: 153->153
[2026-01-16T09:40:34.077+0000][gc,heap     ] GC(1055) Humongous regions: 167->167
[2026-01-16T09:40:34.077+0000][gc,metaspace] GC(1055) Metaspace: 15566K(15936K)->15566K(15936K) NonClass: 13816K(14016K)->13816K(14016K) Class: 1749K(1920K)->1749K(1920K)
[2026-01-16T09:40:34.078+0000][gc          ] GC(1055) Pause Young (Normal) (G1 Evacuation Pause) 502M->321M(1024M) 314.880ms
[2026-01-16T09:40:34.078+0000][gc,cpu      ] GC(1055) User=0.27s Sys=0.02s Real=0.32s
[2026-01-16T09:40:35.810+0000][gc,start    ] GC(1056) Pause Young (Normal) (G1 Evacuation Pause)
[2026-01-16T09:40:35.814+0000][gc,task     ] GC(1056) Using 8 workers of 8 for evacuation
[2026-01-16T09:40:35.917+0000][gc,phases   ] GC(1056)   Pre Evacuate Collection Set: 37.6ms
[2026-01-16T09:40:35.917+0000][gc,phases   ] GC(1056)   Merge Heap Roots: 3.7ms
[2026-01-16T09:40:35.917+0000][gc,phases   ] GC(1056)   Evacuate Collection Set: 51.7ms
[2026-01-16T09:40:35.917+0000][gc,phases   ] GC(1056)   Post Evacuate Collection Set: 8.7ms
[2026-01-16T09:40:35.917+0000][gc,phases   ] GC(1056)   Other: 2.0ms
[2026-01-16T09:40:35.917+0000][gc,heap     ] GC(1056) Eden regions: 48->0(93)
[2026-01-16T09:40:35.917+0000][gc,heap     ] GC(1056) Survivor regions: 3->3(7)
[2026-01-16T09:40:35.918+0000][gc,heap     ] GC(1056) Old regions: 153->153
[2026-01-16T09:40:35.918+0000][gc,heap     ] GC(1056) Humongous regions: 167->167
[2026-01-16T09:40:35.919+0000][gc,metaspace] GC(1056) Metaspace: 15566K(15936K)->15566K(15936K) NonClass: 13816K(14016K)->13816K(14016K) Class: 1749K(1920K)->1749K(1920K)
[2026-01-16T09:40:35.919+0000][gc          ] GC(1056) Pause Young (Normal) (G1 Evacuation Pause) 369M->322M(1024M) 109.069ms
[2026-01-16T09:40:35.919+0000][gc,cpu      ] GC(1056) User=0.13s Sys=0.00s Real=0.11s
[2026-01-16T09:40:38.358+0000][gc,start    ] GC(1057) Pause Young (Normal) (G1 Evacuation Pause)
[2026-01-16T09:40:38.361+0000][gc,task     ] GC(1057) Using 8 workers of 8 for evacuation
[2026-01-16T09:40:38.478+0000][gc,phases   ] GC(1057)   Pre Evacuate Collection Set: 14.5ms
[2026-01-16T09:40:38.478+0000][gc,phases   ] GC(1057)   Merge Heap Roots: 2.2ms
[2026-01-16T09:40:38.479+0000][gc,phases   ] GC(1057)   Evacuate Collection Set: 95.9ms
[2026-01-16T09:40:38.479+0000][gc,phases   ] GC(1057)   Post Evacuate Collection Set: 4.0ms
[2026-01-16T09:40:38.482+0000][gc,phases   ] GC(1057)   Other: 0.8ms
[2026-01-16T09:40:38.483+0000][gc,heap     ] GC(1057) Eden regions: 78->0(73)
[2026-01-16T09:40:38.484+0000][gc,heap     ] GC(1057) Survivor regions: 3->5(11)
[2026-01-16T09:40:38.485+0000][gc,heap     ] GC(1057) Old regions: 153->153
[2026-01-16T09:40:38.487+0000][gc,heap     ] GC(1057) Humongous regions: 167->167
[2026-01-16T09:40:38.488+0000][gc,metaspace] GC(1057) Metaspace: 15566K(15936K)->15566K(15936K) NonClass: 13816K(14016K)->13816K(14016K) Class: 1749K(1920K)->1749K(1920K)
[2026-01-16T09:40:38.489+0000][gc          ] GC(1057) Pause Young (Normal) (G1 Evacuation Pause) 400M->323M(1024M) 132.219ms
[2026-01-16T09:40:38.491+0000][gc,cpu      ] GC(1057) User=0.18s Sys=0.00s Real=0.14s
[2026-01-16T09:40:43.806+0000][gc,start    ] GC(1058) Pause Young (Normal) (G1 Evacuation Pause)
[2026-01-16T09:40:43.807+0000][gc,task     ] GC(1058) Using 8 workers of 8 for evacuation
[2026-01-16T09:40:43.953+0000][gc,phases   ] GC(1058)   Pre Evacuate Collection Set: 17.4ms
[2026-01-16T09:40:43.953+0000][gc,phases   ] GC(1058)   Merge Heap Roots: 8.9ms
[2026-01-16T09:40:43.954+0000][gc,phases   ] GC(1058)   Evacuate Collection Set: 100.2ms
[2026-01-16T09:40:43.954+0000][gc,phases   ] GC(1058)   Post Evacuate Collection Set: 17.9ms
[2026-01-16T09:40:43.955+0000][gc,phases   ] GC(1058)   Other: 1.0ms
[2026-01-16T09:40:43.956+0000][gc,heap     ] GC(1058) Eden regions: 62->0(197)
[2026-01-16T09:40:43.957+0000][gc,heap     ] GC(1058) Survivor regions: 5->3(9)
[2026-01-16T09:40:44.028+0000][gc,heap     ] GC(1058) Old regions: 153->153
[2026-01-16T09:40:44.028+0000][gc,heap     ] GC(1058) Humongous regions: 167->167
[2026-01-16T09:40:44.029+0000][gc,metaspace] GC(1058) Metaspace: 15566K(15936K)->15566K(15936K) NonClass: 13816K(14016K)->13816K(14016K) Class: 1749K(1920K)->1749K(1920K)
[2026-01-16T09:40:44.029+0000][gc          ] GC(1058) Pause Young (Normal) (G1 Evacuation Pause) 385M->321M(1024M) 223.408ms
[2026-01-16T09:40:44.029+0000][gc,cpu      ] GC(1058) User=0.22s Sys=0.03s Real=0.22s
[2026-01-16T09:40:54.298+0000][gc,start    ] GC(1059) Pause Young (Normal) (G1 Evacuation Pause)
[2026-01-16T09:40:54.300+0000][gc,task     ] GC(1059) Using 8 workers of 8 for evacuation
[2026-01-16T09:40:54.534+0000][gc,mmu      ] GC(1059) MMU target violated: 201.0ms (200.0ms/201.0ms)
[2026-01-16T09:40:54.535+0000][gc,phases   ] GC(1059)   Pre Evacuate Collection Set: 36.5ms
[2026-01-16T09:40:54.535+0000][gc,phases   ] GC(1059)   Merge Heap Roots: 3.2ms
[2026-01-16T09:40:54.535+0000][gc,phases   ] GC(1059)   Evacuate Collection Set: 173.9ms
[2026-01-16T09:40:54.536+0000][gc,phases   ] GC(1059)   Post Evacuate Collection Set: 18.7ms
[2026-01-16T09:40:54.537+0000][gc,phases   ] GC(1059)   Other: 3.1ms
[2026-01-16T09:40:54.538+0000][gc,heap     ] GC(1059) Eden regions: 198->0(100)
[2026-01-16T09:40:54.539+0000][gc,heap     ] GC(1059) Survivor regions: 3->4(26)
[2026-01-16T09:40:54.539+0000][gc,heap     ] GC(1059) Old regions: 153->153
[2026-01-16T09:40:54.540+0000][gc,heap     ] GC(1059) Humongous regions: 167->167
[2026-01-16T09:40:54.540+0000][gc,metaspace] GC(1059) Metaspace: 15570K(15936K)->15570K(15936K) NonClass: 13820K(14016K)->13820K(14016K) Class: 1749K(1920K)->1749K(1920K)
[2026-01-16T09:40:54.540+0000][gc          ] GC(1059) Pause Young (Normal) (G1 Evacuation Pause) 519M->322M(1024M) 242.896ms
[2026-01-16T09:40:54.541+0000][gc,cpu      ] GC(1059) User=0.31s Sys=0.01s Real=0.24s
[2026-01-16T09:40:56.864+0000][gc,start    ] GC(1060) Pause Young (Normal) (G1 Evacuation Pause)
[2026-01-16T09:40:56.870+0000][gc,task     ] GC(1060) Using 8 workers of 8 for evacuation
[2026-01-16T09:40:56.953+0000][gc,phases   ] GC(1060)   Pre Evacuate Collection Set: 4.0ms
[2026-01-16T09:40:56.953+0000][gc,phases   ] GC(1060)   Merge Heap Roots: 0.7ms
[2026-01-16T09:40:56.953+0000][gc,phases   ] GC(1060)   Evacuate Collection Set: 70.1ms
[2026-01-16T09:40:56.953+0000][gc,phases   ] GC(1060)   Post Evacuate Collection Set: 6.2ms
[2026-01-16T09:40:56.954+0000][gc,phases   ] GC(1060)   Other: 1.3ms
[2026-01-16T09:40:56.955+0000][gc,heap     ] GC(1060) Eden regions: 87->0(117)
[2026-01-16T09:40:56.955+0000][gc,heap     ] GC(1060) Survivor regions: 4->5(12)
[2026-01-16T09:40:56.955+0000][gc,heap     ] GC(1060) Old regions: 153->153
[2026-01-16T09:40:56.956+0000][gc,heap     ] GC(1060) Humongous regions: 167->167
[2026-01-16T09:40:56.958+0000][gc,metaspace] GC(1060) Metaspace: 15570K(15936K)->15570K(15936K) NonClass: 13820K(14016K)->13820K(14016K) Class: 1749K(1920K)->1749K(1920K)
[2026-01-16T09:40:56.961+0000][gc          ] GC(1060) Pause Young (Normal) (G1 Evacuation Pause) 409M->323M(1024M) 96.710ms
[2026-01-16T09:40:56.963+0000][gc,cpu      ] GC(1060) User=0.17s Sys=0.01s Real=0.10s
[2026-01-16T09:41:04.918+0000][gc,start    ] GC(1061) Pause Young (Normal) (G1 Evacuation Pause)
[2026-01-16T09:41:04.921+0000][gc,task     ] GC(1061) Using 8 workers of 8 for evacuation
[2026-01-16T09:41:05.132+0000][gc,mmu      ] GC(1061) MMU target violated: 201.0ms (200.0ms/201.0ms)
[2026-01-16T09:41:05.132+0000][gc,phases   ] GC(1061)   Pre Evacuate Collection Set: 41.3ms
[2026-01-16T09:41:05.132+0000][gc,phases   ] GC(1061)   Merge Heap Roots: 3.0ms
[2026-01-16T09:41:05.132+0000][gc,phases   ] GC(1061)   Evacuate Collection Set: 136.7ms
[2026-01-16T09:41:05.132+0000][gc,phases   ] GC(1061)   Post Evacuate Collection Set: 21.2ms
[2026-01-16T09:41:05.133+0000][gc,phases   ] GC(1061)   Other: 10.2ms
[2026-01-16T09:41:05.133+0000][gc,heap     ] GC(1061) Eden regions: 112->0(137)
[2026-01-16T09:41:05.133+0000][gc,heap     ] GC(1061) Survivor regions: 5->4(15)
[2026-01-16T09:41:05.133+0000][gc,heap     ] GC(1061) Old regions: 153->153
[2026-01-16T09:41:05.133+0000][gc,heap     ] GC(1061) Humongous regions: 167->167
[2026-01-16T09:41:05.133+0000][gc,metaspace] GC(1061) Metaspace: 15570K(15936K)->15570K(15936K) NonClass: 13820K(14016K)->13820K(14016K) Class: 1749K(1920K)->1749K(1920K)
[2026-01-16T09:41:05.133+0000][gc          ] GC(1061) Pause Young (Normal) (G1 Evacuation Pause) 435M->322M(1024M) 214.972ms
[2026-01-16T09:41:05.133+0000][gc,cpu      ] GC(1061) User=0.31s Sys=0.01s Real=0.22s
[2026-01-16T09:41:12.691+0000][gc,start    ] GC(1062) Pause Young (Normal) (G1 Evacuation Pause)
[2026-01-16T09:41:12.695+0000][gc,task     ] GC(1062) Using 8 workers of 8 for evacuation
[2026-01-16T09:41:12.823+0000][gc,phases   ] GC(1062)   Pre Evacuate Collection Set: 23.8ms
[2026-01-16T09:41:12.824+0000][gc,phases   ] GC(1062)   Merge Heap Roots: 6.0ms
[2026-01-16T09:41:12.824+0000][gc,phases   ] GC(1062)   Evacuate Collection Set: 83.8ms
[2026-01-16T09:41:12.824+0000][gc,phases   ] GC(1062)   Post Evacuate Collection Set: 13.1ms
[2026-01-16T09:41:12.825+0000][gc,phases   ] GC(1062)   Other: 0.9ms
[2026-01-16T09:41:12.827+0000][gc,heap     ] GC(1062) Eden regions: 125->0(197)
[2026-01-16T09:41:12.827+0000][gc,heap     ] GC(1062) Survivor regions: 4->4(17)
[2026-01-16T09:41:12.828+0000][gc,heap     ] GC(1062) Old regions: 153->153
[2026-01-16T09:41:12.828+0000][gc,heap     ] GC(1062) Humongous regions: 167->167
[2026-01-16T09:41:12.829+0000][gc,metaspace] GC(1062) Metaspace: 15584K(15936K)->15584K(15936K) NonClass: 13831K(14016K)->13831K(14016K) Class: 1753K(1920K)->1753K(1920K)
[2026-01-16T09:41:12.831+0000][gc          ] GC(1062) Pause Young (Normal) (G1 Evacuation Pause) 447M->322M(1024M) 139.897ms
[2026-01-16T09:41:12.837+0000][gc,cpu      ] GC(1062) User=0.32s Sys=0.02s Real=0.15s
[2026-01-16T09:41:23.008+0000][gc,start    ] GC(1063) Pause Young (Normal) (G1 Evacuation Pause)
[2026-01-16T09:41:23.012+0000][gc,task     ] GC(1063) Using 8 workers of 8 for evacuation
[2026-01-16T09:41:23.151+0000][gc,phases   ] GC(1063)   Pre Evacuate Collection Set: 14.6ms
[2026-01-16T09:41:23.151+0000][gc,phases   ] GC(1063)   Merge Heap Roots: 0.4ms
[2026-01-16T09:41:23.151+0000][gc,phases   ] GC(1063)   Evacuate Collection Set: 80.9ms
[2026-01-16T09:41:23.151+0000][gc,phases   ] GC(1063)   Post Evacuate Collection Set: 36.7ms
[2026-01-16T09:41:23.152+0000][gc,phases   ] GC(1063)   Other: 6.4ms
[2026-01-16T09:41:23.152+0000][gc,heap     ] GC(1063) Eden regions: 188->0(245)
[2026-01-16T09:41:23.152+0000][gc,heap     ] GC(1063) Survivor regions: 4->4(24)
[2026-01-16T09:41:23.153+0000][gc,heap     ] GC(1063) Old regions: 153->153
[2026-01-16T09:41:23.153+0000][gc,heap     ] GC(1063) Humongous regions: 167->167
[2026-01-16T09:41:23.153+0000][gc,metaspace] GC(1063) Metaspace: 15584K(15936K)->15584K(15936K) NonClass: 13831K(14016K)->13831K(14016K) Class: 1753K(1920K)->1753K(1920K)
[2026-01-16T09:41:23.154+0000][gc          ] GC(1063) Pause Young (Normal) (G1 Evacuation Pause) 510M->322M(1024M) 145.963ms
[2026-01-16T09:41:23.154+0000][gc,cpu      ] GC(1063) User=0.25s Sys=0.02s Real=0.15s
[2026-01-16T09:41:36.118+0000][gc,start    ] GC(1064) Pause Young (Normal) (G1 Evacuation Pause)
[2026-01-16T09:41:36.135+0000][gc,task     ] GC(1064) Using 8 workers of 8 for evacuation
[2026-01-16T09:41:36.564+0000][gc,mmu      ] GC(1064) MMU target violated: 201.0ms (200.0ms/201.0ms)
[2026-01-16T09:41:36.564+0000][gc,phases   ] GC(1064)   Pre Evacuate Collection Set: 24.7ms
[2026-01-16T09:41:36.565+0000][gc,phases   ] GC(1064)   Merge Heap Roots: 13.2ms
[2026-01-16T09:41:36.565+0000][gc,phases   ] GC(1064)   Evacuate Collection Set: 363.9ms
[2026-01-16T09:41:36.565+0000][gc,phases   ] GC(1064)   Post Evacuate Collection Set: 20.6ms
[2026-01-16T09:41:36.566+0000][gc,phases   ] GC(1064)   Other: 20.6ms
[2026-01-16T09:41:36.566+0000][gc,heap     ] GC(1064) Eden regions: 238->0(46)
[2026-01-16T09:41:36.567+0000][gc,heap     ] GC(1064) Survivor regions: 4->5(31)
[2026-01-16T09:41:36.567+0000][gc,heap     ] GC(1064) Old regions: 153->153
[2026-01-16T09:41:36.567+0000][gc,heap     ] GC(1064) Humongous regions: 167->167
[2026-01-16T09:41:36.568+0000][gc,metaspace] GC(1064) Metaspace: 15584K(15936K)->15584K(15936K) NonClass: 13831K(14016K)->13831K(14016K) Class: 1753K(1920K)->1753K(1920K)
[2026-01-16T09:41:36.568+0000][gc          ] GC(1064) Pause Young (Normal) (G1 Evacuation Pause) 560M->323M(1024M) 450.487ms
[2026-01-16T09:41:36.568+0000][gc,cpu      ] GC(1064) User=0.35s Sys=0.05s Real=0.45s
[2026-01-16T09:41:38.907+0000][gc,start    ] GC(1065) Pause Young (Normal) (G1 Evacuation Pause)
[2026-01-16T09:41:38.909+0000][gc,task     ] GC(1065) Using 8 workers of 8 for evacuation
[2026-01-16T09:41:39.061+0000][gc,phases   ] GC(1065)   Pre Evacuate Collection Set: 10.3ms
[2026-01-16T09:41:39.063+0000][gc,phases   ] GC(1065)   Merge Heap Roots: 0.3ms
[2026-01-16T09:41:39.068+0000][gc,phases   ] GC(1065)   Evacuate Collection Set: 119.9ms
[2026-01-16T09:41:39.069+0000][gc,phases   ] GC(1065)   Post Evacuate Collection Set: 20.4ms
[2026-01-16T09:41:39.069+0000][gc,phases   ] GC(1065)   Other: 1.2ms
[2026-01-16T09:41:39.070+0000][gc,heap     ] GC(1065) Eden regions: 59->0(45)
[2026-01-16T09:41:39.071+0000][gc,heap     ] GC(1065) Survivor regions: 5->6(8)
[2026-01-16T09:41:39.072+0000][gc,heap     ] GC(1065) Old regions: 153->153
[2026-01-16T09:41:39.073+0000][gc,heap     ] GC(1065) Humongous regions: 167->167
[2026-01-16T09:41:39.076+0000][gc,metaspace] GC(1065) Metaspace: 15584K(15936K)->15584K(15936K) NonClass: 13831K(14016K)->13831K(14016K) Class: 1753K(1920K)->1753K(1920K)
[2026-01-16T09:41:39.081+0000][gc          ] GC(1065) Pause Young (Normal) (G1 Evacuation Pause) 382M->324M(1024M) 173.784ms
[2026-01-16T09:41:39.082+0000][gc,cpu      ] GC(1065) User=0.18s Sys=0.02s Real=0.18s
[2026-01-16T09:41:40.172+0000][gc,start    ] GC(1066) Pause Young (Normal) (G1 Evacuation Pause)
[2026-01-16T09:41:40.172+0000][gc,task     ] GC(1066) Using 8 workers of 8 for evacuation
[2026-01-16T09:41:40.282+0000][gc,phases   ] GC(1066)   Pre Evacuate Collection Set: 3.3ms
[2026-01-16T09:41:40.284+0000][gc,phases   ] GC(1066)   Merge Heap Roots: 0.3ms
[2026-01-16T09:41:40.285+0000][gc,phases   ] GC(1066)   Evacuate Collection Set: 93.8ms
[2026-01-16T09:41:40.285+0000][gc,phases   ] GC(1066)   Post Evacuate Collection Set: 11.6ms
[2026-01-16T09:41:40.285+0000][gc,phases   ] GC(1066)   Other: 0.8ms
[2026-01-16T09:41:40.285+0000][gc,heap     ] GC(1066) Eden regions: 45->0(125)
[2026-01-16T09:41:40.285+0000][gc,heap     ] GC(1066) Survivor regions: 6->5(7)
[2026-01-16T09:41:40.285+0000][gc,heap     ] GC(1066) Old regions: 153->154
[2026-01-16T09:41:40.286+0000][gc,heap     ] GC(1066) Humongous regions: 167->167
[2026-01-16T09:41:40.287+0000][gc,metaspace] GC(1066) Metaspace: 15584K(15936K)->15584K(15936K) NonClass: 13831K(14016K)->13831K(14016K) Class: 1753K(1920K)->1753K(1920K)
[2026-01-16T09:41:40.287+0000][gc          ] GC(1066) Pause Young (Normal) (G1 Evacuation Pause) 369M->325M(1024M) 115.386ms
[2026-01-16T09:41:40.287+0000][gc,cpu      ] GC(1066) User=0.13s Sys=0.01s Real=0.11s
[2026-01-16T09:41:45.658+0000][gc,start    ] GC(1067) Pause Young (Normal) (G1 Evacuation Pause)
[2026-01-16T09:41:45.659+0000][gc,task     ] GC(1067) Using 8 workers of 8 for evacuation
[2026-01-16T09:41:45.858+0000][gc,phases   ] GC(1067)   Pre Evacuate Collection Set: 16.4ms
[2026-01-16T09:41:45.859+0000][gc,phases   ] GC(1067)   Merge Heap Roots: 1.9ms
[2026-01-16T09:41:45.859+0000][gc,phases   ] GC(1067)   Evacuate Collection Set: 135.5ms
[2026-01-16T09:41:45.859+0000][gc,phases   ] GC(1067)   Post Evacuate Collection Set: 44.1ms
[2026-01-16T09:41:45.859+0000][gc,phases   ] GC(1067)   Other: 1.4ms
[2026-01-16T09:41:45.860+0000][gc,heap     ] GC(1067) Eden regions: 118->0(178)
[2026-01-16T09:41:45.860+0000][gc,heap     ] GC(1067) Survivor regions: 5->3(16)
[2026-01-16T09:41:45.861+0000][gc,heap     ] GC(1067) Old regions: 154->154
[2026-01-16T09:41:45.861+0000][gc,heap     ] GC(1067) Humongous regions: 167->167
[2026-01-16T09:41:45.862+0000][gc,metaspace] GC(1067) Metaspace: 15584K(15936K)->15584K(15936K) NonClass: 13831K(14016K)->13831K(14016K) Class: 1753K(1920K)->1753K(1920K)
[2026-01-16T09:41:45.862+0000][gc          ] GC(1067) Pause Young (Normal) (G1 Evacuation Pause) 443M->323M(1024M) 203.928ms
[2026-01-16T09:41:45.865+0000][gc,cpu      ] GC(1067) User=0.24s Sys=0.02s Real=0.20s
[2026-01-16T09:41:57.025+0000][gc,start    ] GC(1068) Pause Young (Normal) (G1 Evacuation Pause)
[2026-01-16T09:41:57.028+0000][gc,task     ] GC(1068) Using 8 workers of 8 for evacuation
[2026-01-16T09:41:57.178+0000][gc,phases   ] GC(1068)   Pre Evacuate Collection Set: 22.8ms
[2026-01-16T09:41:57.178+0000][gc,phases   ] GC(1068)   Merge Heap Roots: 1.5ms
[2026-01-16T09:41:57.178+0000][gc,phases   ] GC(1068)   Evacuate Collection Set: 103.6ms
[2026-01-16T09:41:57.179+0000][gc,phases   ] GC(1068)   Post Evacuate Collection Set: 20.6ms
[2026-01-16T09:41:57.179+0000][gc,phases   ] GC(1068)   Other: 2.2ms
[2026-01-16T09:41:57.179+0000][gc,heap     ] GC(1068) Eden regions: 186->0(226)
[2026-01-16T09:41:57.179+0000][gc,heap     ] GC(1068) Survivor regions: 3->3(24)
[2026-01-16T09:41:57.180+0000][gc,heap     ] GC(1068) Old regions: 154->154
[2026-01-16T09:41:57.180+0000][gc,heap     ] GC(1068) Humongous regions: 167->167
[2026-01-16T09:41:57.180+0000][gc,metaspace] GC(1068) Metaspace: 15584K(15936K)->15584K(15936K) NonClass: 13831K(14016K)->13831K(14016K) Class: 1753K(1920K)->1753K(1920K)
[2026-01-16T09:41:57.180+0000][gc          ] GC(1068) Pause Young (Normal) (G1 Evacuation Pause) 509M->323M(1024M) 154.966ms
[2026-01-16T09:41:57.181+0000][gc,cpu      ] GC(1068) User=0.27s Sys=0.00s Real=0.16s
[2026-01-16T09:42:09.122+0000][gc,start    ] GC(1069) Pause Young (Normal) (G1 Evacuation Pause)
[2026-01-16T09:42:09.127+0000][gc,task     ] GC(1069) Using 8 workers of 8 for evacuation
[2026-01-16T09:42:09.653+0000][gc,mmu      ] GC(1069) MMU target violated: 201.0ms (200.0ms/201.0ms)
[2026-01-16T09:42:09.657+0000][gc,phases   ] GC(1069)   Pre Evacuate Collection Set: 103.5ms
[2026-01-16T09:42:09.659+0000][gc,phases   ] GC(1069)   Merge Heap Roots: 1.1ms
[2026-01-16T09:42:09.659+0000][gc,phases   ] GC(1069)   Evacuate Collection Set: 352.6ms
[2026-01-16T09:42:09.660+0000][gc,phases   ] GC(1069)   Post Evacuate Collection Set: 57.5ms
[2026-01-16T09:42:09.660+0000][gc,phases   ] GC(1069)   Other: 14.7ms
[2026-01-16T09:42:09.660+0000][gc,heap     ] GC(1069) Eden regions: 229->0(47)
[2026-01-16T09:42:09.660+0000][gc,heap     ] GC(1069) Survivor regions: 3->4(29)
[2026-01-16T09:42:09.660+0000][gc,heap     ] GC(1069) Old regions: 154->154
[2026-01-16T09:42:09.660+0000][gc,heap     ] GC(1069) Humongous regions: 167->167
[2026-01-16T09:42:09.661+0000][gc,metaspace] GC(1069) Metaspace: 15588K(15936K)->15588K(15936K) NonClass: 13834K(14016K)->13834K(14016K) Class: 1753K(1920K)->1753K(1920K)
[2026-01-16T09:42:09.661+0000][gc          ] GC(1069) Pause Young (Normal) (G1 Evacuation Pause) 552M->324M(1024M) 538.881ms
[2026-01-16T09:42:09.662+0000][gc,cpu      ] GC(1069) User=0.49s Sys=0.10s Real=0.54s
[2026-01-16T09:42:12.950+0000][gc,start    ] GC(1070) Pause Young (Normal) (G1 Evacuation Pause)
[2026-01-16T09:42:12.950+0000][gc,task     ] GC(1070) Using 8 workers of 8 for evacuation
[2026-01-16T09:42:13.008+0000][gc,phases   ] GC(1070)   Pre Evacuate Collection Set: 21.2ms
[2026-01-16T09:42:13.008+0000][gc,phases   ] GC(1070)   Merge Heap Roots: 7.0ms
[2026-01-16T09:42:13.009+0000][gc,phases   ] GC(1070)   Evacuate Collection Set: 21.3ms
[2026-01-16T09:42:13.009+0000][gc,phases   ] GC(1070)   Post Evacuate Collection Set: 8.1ms
[2026-01-16T09:42:13.010+0000][gc,phases   ] GC(1070)   Other: 0.3ms
[2026-01-16T09:42:13.011+0000][gc,heap     ] GC(1070) Eden regions: 47->0(96)
[2026-01-16T09:42:13.011+0000][gc,heap     ] GC(1070) Survivor regions: 4->2(7)
[2026-01-16T09:42:13.011+0000][gc,heap     ] GC(1070) Old regions: 154->155
[2026-01-16T09:42:13.012+0000][gc,heap     ] GC(1070) Humongous regions: 167->167
[2026-01-16T09:42:13.013+0000][gc,metaspace] GC(1070) Metaspace: 15588K(15936K)->15588K(15936K) NonClass: 13834K(14016K)->13834K(14016K) Class: 1753K(1920K)->1753K(1920K)
[2026-01-16T09:42:13.014+0000][gc          ] GC(1070) Pause Young (Normal) (G1 Evacuation Pause) 371M->323M(1024M) 64.670ms
[2026-01-16T09:42:13.015+0000][gc,cpu      ] GC(1070) User=0.15s Sys=0.00s Real=0.06s
[2026-01-16T09:42:14.008+0000][gc,start    ] GC(1071) Pause Young (Normal) (G1 Evacuation Pause)
[2026-01-16T09:42:14.008+0000][gc,task     ] GC(1071) Using 8 workers of 8 for evacuation
[2026-01-16T09:42:14.043+0000][gc,phases   ] GC(1071)   Pre Evacuate Collection Set: 4.9ms
[2026-01-16T09:42:14.043+0000][gc,phases   ] GC(1071)   Merge Heap Roots: 4.0ms
[2026-01-16T09:42:14.044+0000][gc,phases   ] GC(1071)   Evacuate Collection Set: 23.4ms
[2026-01-16T09:42:14.044+0000][gc,phases   ] GC(1071)   Post Evacuate Collection Set: 2.5ms
[2026-01-16T09:42:14.045+0000][gc,phases   ] GC(1071)   Other: 0.3ms
[2026-01-16T09:42:14.045+0000][gc,heap     ] GC(1071) Eden regions: 89->0(64)
[2026-01-16T09:42:14.045+0000][gc,heap     ] GC(1071) Survivor regions: 2->4(12)
[2026-01-16T09:42:14.045+0000][gc,heap     ] GC(1071) Old regions: 155->155
[2026-01-16T09:42:14.046+0000][gc,heap     ] GC(1071) Humongous regions: 167->167
[2026-01-16T09:42:14.046+0000][gc,metaspace] GC(1071) Metaspace: 15588K(15936K)->15588K(15936K) NonClass: 13834K(14016K)->13834K(14016K) Class: 1753K(1920K)->1753K(1920K)
[2026-01-16T09:42:14.046+0000][gc          ] GC(1071) Pause Young (Normal) (G1 Evacuation Pause) 412M->324M(1024M) 38.837ms
[2026-01-16T09:42:14.047+0000][gc,cpu      ] GC(1071) User=0.07s Sys=0.01s Real=0.04s
[2026-01-16T09:42:22.639+0000][gc,start    ] GC(1072) Pause Young (Normal) (G1 Evacuation Pause)
[2026-01-16T09:42:22.640+0000][gc,task     ] GC(1072) Using 8 workers of 8 for evacuation
[2026-01-16T09:42:22.705+0000][gc,phases   ] GC(1072)   Pre Evacuate Collection Set: 9.8ms
[2026-01-16T09:42:22.705+0000][gc,phases   ] GC(1072)   Merge Heap Roots: 0.5ms
[2026-01-16T09:42:22.705+0000][gc,phases   ] GC(1072)   Evacuate Collection Set: 34.5ms
[2026-01-16T09:42:22.705+0000][gc,phases   ] GC(1072)   Post Evacuate Collection Set: 19.4ms
[2026-01-16T09:42:22.706+0000][gc,phases   ] GC(1072)   Other: 0.8ms
[2026-01-16T09:42:22.706+0000][gc,heap     ] GC(1072) Eden regions: 69->0(212)
[2026-01-16T09:42:22.706+0000][gc,heap     ] GC(1072) Survivor regions: 4->3(10)
[2026-01-16T09:42:22.706+0000][gc,heap     ] GC(1072) Old regions: 155->155
[2026-01-16T09:42:22.706+0000][gc,heap     ] GC(1072) Humongous regions: 167->167
[2026-01-16T09:42:22.706+0000][gc,metaspace] GC(1072) Metaspace: 15588K(15936K)->15588K(15936K) NonClass: 13834K(14016K)->13834K(14016K) Class: 1753K(1920K)->1753K(1920K)
[2026-01-16T09:42:22.707+0000][gc          ] GC(1072) Pause Young (Normal) (G1 Evacuation Pause) 393M->323M(1024M) 67.768ms
[2026-01-16T09:42:22.707+0000][gc,cpu      ] GC(1072) User=0.19s Sys=0.01s Real=0.07s
[2026-01-16T09:42:33.382+0000][gc,start    ] GC(1073) Pause Young (Normal) (G1 Evacuation Pause)
[2026-01-16T09:42:33.384+0000][gc,task     ] GC(1073) Using 8 workers of 8 for evacuation
[2026-01-16T09:42:33.476+0000][gc,phases   ] GC(1073)   Pre Evacuate Collection Set: 10.8ms
[2026-01-16T09:42:33.477+0000][gc,phases   ] GC(1073)   Merge Heap Roots: 0.8ms
[2026-01-16T09:42:33.477+0000][gc,phases   ] GC(1073)   Evacuate Collection Set: 57.7ms
[2026-01-16T09:42:33.477+0000][gc,phases   ] GC(1073)   Post Evacuate Collection Set: 22.5ms
[2026-01-16T09:42:33.478+0000][gc,phases   ] GC(1073)   Other: 0.9ms
[2026-01-16T09:42:33.478+0000][gc,heap     ] GC(1073) Eden regions: 213->0(300)
[2026-01-16T09:42:33.478+0000][gc,heap     ] GC(1073) Survivor regions: 3->3(27)
[2026-01-16T09:42:33.479+0000][gc,heap     ] GC(1073) Old regions: 155->155
[2026-01-16T09:42:33.480+0000][gc,heap     ] GC(1073) Humongous regions: 167->167
[2026-01-16T09:42:33.487+0000][gc,metaspace] GC(1073) Metaspace: 15589K(15936K)->15589K(15936K) NonClass: 13836K(14016K)->13836K(14016K) Class: 1753K(1920K)->1753K(1920K)
[2026-01-16T09:42:33.487+0000][gc          ] GC(1073) Pause Young (Normal) (G1 Evacuation Pause) 536M->323M(1024M) 105.241ms
[2026-01-16T09:42:33.488+0000][gc,cpu      ] GC(1073) User=0.30s Sys=0.03s Real=0.10s
[2026-01-16T09:42:46.001+0000][gc,start    ] GC(1074) Pause Young (Normal) (G1 Evacuation Pause)
[2026-01-16T09:42:46.003+0000][gc,task     ] GC(1074) Using 8 workers of 8 for evacuation
[2026-01-16T09:42:46.095+0000][gc,phases   ] GC(1074)   Pre Evacuate Collection Set: 12.1ms
[2026-01-16T09:42:46.095+0000][gc,phases   ] GC(1074)   Merge Heap Roots: 0.4ms
[2026-01-16T09:42:46.095+0000][gc,phases   ] GC(1074)   Evacuate Collection Set: 72.6ms
[2026-01-16T09:42:46.095+0000][gc,phases   ] GC(1074)   Post Evacuate Collection Set: 6.4ms
[2026-01-16T09:42:46.095+0000][gc,phases   ] GC(1074)   Other: 2.0ms
[2026-01-16T09:42:46.095+0000][gc,heap     ] GC(1074) Eden regions: 299->0(227)
[2026-01-16T09:42:46.095+0000][gc,heap     ] GC(1074) Survivor regions: 3->5(38)
[2026-01-16T09:42:46.095+0000][gc,heap     ] GC(1074) Old regions: 155->155
[2026-01-16T09:42:46.095+0000][gc,heap     ] GC(1074) Humongous regions: 167->167
[2026-01-16T09:42:46.096+0000][gc,metaspace] GC(1074) Metaspace: 15590K(15936K)->15590K(15936K) NonClass: 13836K(14016K)->13836K(14016K) Class: 1753K(1920K)->1753K(1920K)
[2026-01-16T09:42:46.096+0000][gc          ] GC(1074) Pause Young (Normal) (G1 Evacuation Pause) 622M->325M(1024M) 94.794ms
[2026-01-16T09:42:46.096+0000][gc,cpu      ] GC(1074) User=0.42s Sys=0.04s Real=0.09s
[2026-01-16T09:43:03.762+0000][gc,start    ] GC(1075) Pause Young (Normal) (G1 Evacuation Pause)
[2026-01-16T09:43:03.764+0000][gc,task     ] GC(1075) Using 8 workers of 8 for evacuation
[2026-01-16T09:43:04.162+0000][gc,mmu      ] GC(1075) MMU target violated: 201.0ms (200.0ms/201.0ms)
[2026-01-16T09:43:04.166+0000][gc,phases   ] GC(1075)   Pre Evacuate Collection Set: 69.8ms
[2026-01-16T09:43:04.170+0000][gc,phases   ] GC(1075)   Merge Heap Roots: 19.2ms
[2026-01-16T09:43:04.172+0000][gc,phases   ] GC(1075)   Evacuate Collection Set: 259.4ms
[2026-01-16T09:43:04.174+0000][gc,phases   ] GC(1075)   Post Evacuate Collection Set: 43.4ms
[2026-01-16T09:43:04.175+0000][gc,phases   ] GC(1075)   Other: 11.3ms
[2026-01-16T09:43:04.177+0000][gc,heap     ] GC(1075) Eden regions: 225->0(47)
[2026-01-16T09:43:04.179+0000][gc,heap     ] GC(1075) Survivor regions: 5->4(29)
[2026-01-16T09:43:04.180+0000][gc,heap     ] GC(1075) Old regions: 155->155
[2026-01-16T09:43:04.182+0000][gc,heap     ] GC(1075) Humongous regions: 167->167
[2026-01-16T09:43:04.187+0000][gc,metaspace] GC(1075) Metaspace: 15590K(15936K)->15590K(15936K) NonClass: 13836K(14016K)->13836K(14016K) Class: 1753K(1920K)->1753K(1920K)
[2026-01-16T09:43:04.190+0000][gc          ] GC(1075) Pause Young (Normal) (G1 Evacuation Pause) 550M->324M(1024M) 427.527ms
[2026-01-16T09:43:04.190+0000][gc,cpu      ] GC(1075) User=0.40s Sys=0.04s Real=0.43s
[2026-01-16T09:43:06.953+0000][gc,start    ] GC(1076) Pause Young (Normal) (G1 Evacuation Pause)
[2026-01-16T09:43:06.955+0000][gc,task     ] GC(1076) Using 8 workers of 8 for evacuation
[2026-01-16T09:43:07.066+0000][gc,phases   ] GC(1076)   Pre Evacuate Collection Set: 7.9ms
[2026-01-16T09:43:07.070+0000][gc,phases   ] GC(1076)   Merge Heap Roots: 1.4ms
[2026-01-16T09:43:07.071+0000][gc,phases   ] GC(1076)   Evacuate Collection Set: 90.0ms
[2026-01-16T09:43:07.071+0000][gc,phases   ] GC(1076)   Post Evacuate Collection Set: 10.8ms
[2026-01-16T09:43:07.072+0000][gc,phases   ] GC(1076)   Other: 1.6ms
[2026-01-16T09:43:07.072+0000][gc,heap     ] GC(1076) Eden regions: 47->0(46)
[2026-01-16T09:43:07.073+0000][gc,heap     ] GC(1076) Survivor regions: 4->5(7)
[2026-01-16T09:43:07.073+0000][gc,heap     ] GC(1076) Old regions: 155->155
[2026-01-16T09:43:07.073+0000][gc,heap     ] GC(1076) Humongous regions: 167->167
[2026-01-16T09:43:07.073+0000][gc,metaspace] GC(1076) Metaspace: 15590K(15936K)->15590K(15936K) NonClass: 13836K(14016K)->13836K(14016K) Class: 1753K(1920K)->1753K(1920K)
[2026-01-16T09:43:07.074+0000][gc          ] GC(1076) Pause Young (Normal) (G1 Evacuation Pause) 371M->325M(1024M) 120.078ms
[2026-01-16T09:43:07.074+0000][gc,cpu      ] GC(1076) User=0.19s Sys=0.02s Real=0.12s
[2026-01-16T09:43:07.606+0000][gc,start    ] GC(1077) Pause Young (Normal) (G1 Evacuation Pause)
[2026-01-16T09:43:07.607+0000][gc,task     ] GC(1077) Using 8 workers of 8 for evacuation
[2026-01-16T09:43:07.786+0000][gc,phases   ] GC(1077)   Pre Evacuate Collection Set: 8.4ms
[2026-01-16T09:43:07.793+0000][gc,phases   ] GC(1077)   Merge Heap Roots: 0.2ms
[2026-01-16T09:43:07.793+0000][gc,phases   ] GC(1077)   Evacuate Collection Set: 167.2ms
[2026-01-16T09:43:07.793+0000][gc,phases   ] GC(1077)   Post Evacuate Collection Set: 2.2ms
[2026-01-16T09:43:07.793+0000][gc,phases   ] GC(1077)   Other: 0.6ms
[2026-01-16T09:43:07.795+0000][gc,heap     ] GC(1077) Eden regions: 46->0(46)
[2026-01-16T09:43:07.803+0000][gc,heap     ] GC(1077) Survivor regions: 5->5(7)
[2026-01-16T09:43:07.810+0000][gc,heap     ] GC(1077) Old regions: 155->155
[2026-01-16T09:43:07.811+0000][gc,heap     ] GC(1077) Humongous regions: 167->167
[2026-01-16T09:43:07.811+0000][gc,metaspace] GC(1077) Metaspace: 15590K(15936K)->15590K(15936K) NonClass: 13836K(14016K)->13836K(14016K) Class: 1753K(1920K)->1753K(1920K)
[2026-01-16T09:43:07.812+0000][gc          ] GC(1077) Pause Young (Normal) (G1 Evacuation Pause) 371M->326M(1024M) 205.810ms
[2026-01-16T09:43:07.812+0000][gc,cpu      ] GC(1077) User=0.11s Sys=0.02s Real=0.20s
[2026-01-16T09:43:08.677+0000][gc,start    ] GC(1078) Pause Young (Normal) (G1 Evacuation Pause)
[2026-01-16T09:43:08.678+0000][gc,task     ] GC(1078) Using 8 workers of 8 for evacuation
[2026-01-16T09:43:08.903+0000][gc,mmu      ] GC(1078) MMU target violated: 201.0ms (200.0ms/201.0ms)
[2026-01-16T09:43:08.904+0000][gc,phases   ] GC(1078)   Pre Evacuate Collection Set: 10.8ms
[2026-01-16T09:43:08.904+0000][gc,phases   ] GC(1078)   Merge Heap Roots: 1.0ms
[2026-01-16T09:43:08.904+0000][gc,phases   ] GC(1078)   Evacuate Collection Set: 203.5ms
[2026-01-16T09:43:08.904+0000][gc,phases   ] GC(1078)   Post Evacuate Collection Set: 8.5ms
[2026-01-16T09:43:08.905+0000][gc,phases   ] GC(1078)   Other: 1.6ms
[2026-01-16T09:43:08.905+0000][gc,heap     ] GC(1078) Eden regions: 46->0(46)
[2026-01-16T09:43:08.905+0000][gc,heap     ] GC(1078) Survivor regions: 5->5(7)
[2026-01-16T09:43:08.907+0000][gc,heap     ] GC(1078) Old regions: 155->156
[2026-01-16T09:43:08.907+0000][gc,heap     ] GC(1078) Humongous regions: 167->167
[2026-01-16T09:43:08.908+0000][gc,metaspace] GC(1078) Metaspace: 15590K(15936K)->15590K(15936K) NonClass: 13836K(14016K)->13836K(14016K) Class: 1753K(1920K)->1753K(1920K)
[2026-01-16T09:43:08.909+0000][gc          ] GC(1078) Pause Young (Normal) (G1 Evacuation Pause) 372M->326M(1024M) 231.888ms
[2026-01-16T09:43:08.909+0000][gc,cpu      ] GC(1078) User=0.15s Sys=0.00s Real=0.23s
[2026-01-16T09:43:15.123+0000][gc,start    ] GC(1079) Pause Young (Normal) (G1 Evacuation Pause)
[2026-01-16T09:43:15.131+0000][gc,task     ] GC(1079) Using 8 workers of 8 for evacuation
[2026-01-16T09:43:15.518+0000][gc,mmu      ] GC(1079) MMU target violated: 201.0ms (200.0ms/201.0ms)
[2026-01-16T09:43:15.519+0000][gc,phases   ] GC(1079)   Pre Evacuate Collection Set: 78.6ms
[2026-01-16T09:43:15.520+0000][gc,phases   ] GC(1079)   Merge Heap Roots: 12.8ms
[2026-01-16T09:43:15.526+0000][gc,phases   ] GC(1079)   Evacuate Collection Set: 267.8ms
[2026-01-16T09:43:15.527+0000][gc,phases   ] GC(1079)   Post Evacuate Collection Set: 22.0ms
[2026-01-16T09:43:15.530+0000][gc,phases   ] GC(1079)   Other: 7.3ms
[2026-01-16T09:43:15.530+0000][gc,heap     ] GC(1079) Eden regions: 46->0(67)
[2026-01-16T09:43:15.531+0000][gc,heap     ] GC(1079) Survivor regions: 5->2(7)
[2026-01-16T09:43:15.531+0000][gc,heap     ] GC(1079) Old regions: 156->156
[2026-01-16T09:43:15.531+0000][gc,heap     ] GC(1079) Humongous regions: 167->167
[2026-01-16T09:43:15.532+0000][gc,metaspace] GC(1079) Metaspace: 15591K(15936K)->15591K(15936K) NonClass: 13837K(14016K)->13837K(14016K) Class: 1753K(1920K)->1753K(1920K)
[2026-01-16T09:43:15.534+0000][gc          ] GC(1079) Pause Young (Normal) (G1 Evacuation Pause) 372M->324M(1024M) 411.097ms
[2026-01-16T09:43:15.536+0000][gc,cpu      ] GC(1079) User=0.31s Sys=0.02s Real=0.42s
[2026-01-16T09:43:19.015+0000][gc,start    ] GC(1080) Pause Young (Normal) (G1 Evacuation Pause)
[2026-01-16T09:43:19.030+0000][gc,task     ] GC(1080) Using 8 workers of 8 for evacuation
[2026-01-16T09:43:19.614+0000][gc,mmu      ] GC(1080) MMU target violated: 201.0ms (200.0ms/201.0ms)
[2026-01-16T09:43:19.620+0000][gc,phases   ] GC(1080)   Pre Evacuate Collection Set: 78.6ms
[2026-01-16T09:43:19.622+0000][gc,phases   ] GC(1080)   Merge Heap Roots: 5.6ms
[2026-01-16T09:43:19.622+0000][gc,phases   ] GC(1080)   Evacuate Collection Set: 365.2ms
[2026-01-16T09:43:19.625+0000][gc,phases   ] GC(1080)   Post Evacuate Collection Set: 131.4ms
[2026-01-16T09:43:19.631+0000][gc,phases   ] GC(1080)   Other: 10.4ms
[2026-01-16T09:43:19.632+0000][gc,heap     ] GC(1080) Eden regions: 70->0(47)
[2026-01-16T09:43:19.633+0000][gc,heap     ] GC(1080) Survivor regions: 2->4(9)
[2026-01-16T09:43:19.633+0000][gc,heap     ] GC(1080) Old regions: 156->156
[2026-01-16T09:43:19.633+0000][gc,heap     ] GC(1080) Humongous regions: 167->167
[2026-01-16T09:43:19.634+0000][gc,metaspace] GC(1080) Metaspace: 15591K(15936K)->15591K(15936K) NonClass: 13837K(14016K)->13837K(14016K) Class: 1753K(1920K)->1753K(1920K)
[2026-01-16T09:43:19.634+0000][gc          ] GC(1080) Pause Young (Normal) (G1 Evacuation Pause) 394M->326M(1024M) 619.325ms
[2026-01-16T09:43:19.637+0000][gc,cpu      ] GC(1080) User=0.36s Sys=0.04s Real=0.62s
[2026-01-16T09:43:22.951+0000][gc,start    ] GC(1081) Pause Young (Normal) (G1 Evacuation Pause)
[2026-01-16T09:43:22.954+0000][gc,task     ] GC(1081) Using 8 workers of 8 for evacuation
[2026-01-16T09:43:23.227+0000][gc,mmu      ] GC(1081) MMU target violated: 201.0ms (200.0ms/201.0ms)
[2026-01-16T09:43:23.232+0000][gc,phases   ] GC(1081)   Pre Evacuate Collection Set: 24.4ms
[2026-01-16T09:43:23.234+0000][gc,phases   ] GC(1081)   Merge Heap Roots: 6.1ms
[2026-01-16T09:43:23.234+0000][gc,phases   ] GC(1081)   Evacuate Collection Set: 221.6ms
[2026-01-16T09:43:23.235+0000][gc,phases   ] GC(1081)   Post Evacuate Collection Set: 18.3ms
[2026-01-16T09:43:23.235+0000][gc,phases   ] GC(1081)   Other: 6.8ms
[2026-01-16T09:43:23.237+0000][gc,heap     ] GC(1081) Eden regions: 47->0(46)
[2026-01-16T09:43:23.238+0000][gc,heap     ] GC(1081) Survivor regions: 4->5(7)
[2026-01-16T09:43:23.240+0000][gc,heap     ] GC(1081) Old regions: 156->156
[2026-01-16T09:43:23.241+0000][gc,heap     ] GC(1081) Humongous regions: 167->167
[2026-01-16T09:43:23.243+0000][gc,metaspace] GC(1081) Metaspace: 15591K(15936K)->15591K(15936K) NonClass: 13837K(14016K)->13837K(14016K) Class: 1753K(1920K)->1753K(1920K)
[2026-01-16T09:43:23.244+0000][gc          ] GC(1081) Pause Young (Normal) (G1 Evacuation Pause) 373M->327M(1024M) 292.983ms
[2026-01-16T09:43:23.245+0000][gc,cpu      ] GC(1081) User=0.21s Sys=0.02s Real=0.30s
[2026-01-16T09:43:24.222+0000][gc,start    ] GC(1082) Pause Young (Normal) (G1 Evacuation Pause)
[2026-01-16T09:43:24.223+0000][gc,task     ] GC(1082) Using 8 workers of 8 for evacuation
[2026-01-16T09:43:24.416+0000][gc,phases   ] GC(1082)   Pre Evacuate Collection Set: 18.4ms
[2026-01-16T09:43:24.421+0000][gc,phases   ] GC(1082)   Merge Heap Roots: 2.8ms
[2026-01-16T09:43:24.428+0000][gc,phases   ] GC(1082)   Evacuate Collection Set: 150.6ms
[2026-01-16T09:43:24.431+0000][gc,phases   ] GC(1082)   Post Evacuate Collection Set: 18.6ms
[2026-01-16T09:43:24.433+0000][gc,phases   ] GC(1082)   Other: 2.6ms
[2026-01-16T09:43:24.450+0000][gc,heap     ] GC(1082) Eden regions: 46->0(46)
[2026-01-16T09:43:24.451+0000][gc,heap     ] GC(1082) Survivor regions: 5->5(7)
[2026-01-16T09:43:24.453+0000][gc,heap     ] GC(1082) Old regions: 156->157
[2026-01-16T09:43:24.457+0000][gc,heap     ] GC(1082) Humongous regions: 167->167
[2026-01-16T09:43:24.457+0000][gc,metaspace] GC(1082) Metaspace: 15591K(15936K)->15591K(15936K) NonClass: 13837K(14016K)->13837K(14016K) Class: 1753K(1920K)->1753K(1920K)
[2026-01-16T09:43:24.459+0000][gc          ] GC(1082) Pause Young (Normal) (G1 Evacuation Pause) 373M->327M(1024M) 236.536ms
[2026-01-16T09:43:24.460+0000][gc,cpu      ] GC(1082) User=0.14s Sys=0.03s Real=0.24s
[2026-01-16T09:43:25.089+0000][gc,start    ] GC(1083) Pause Young (Normal) (G1 Evacuation Pause)
[2026-01-16T09:43:25.089+0000][gc,task     ] GC(1083) Using 8 workers of 8 for evacuation
[2026-01-16T09:43:25.240+0000][gc,phases   ] GC(1083)   Pre Evacuate Collection Set: 4.6ms
[2026-01-16T09:43:25.241+0000][gc,phases   ] GC(1083)   Merge Heap Roots: 0.2ms
[2026-01-16T09:43:25.248+0000][gc,phases   ] GC(1083)   Evacuate Collection Set: 137.1ms
[2026-01-16T09:43:25.251+0000][gc,phases   ] GC(1083)   Post Evacuate Collection Set: 7.6ms
[2026-01-16T09:43:25.254+0000][gc,phases   ] GC(1083)   Other: 0.9ms
[2026-01-16T09:43:25.254+0000][gc,heap     ] GC(1083) Eden regions: 46->0(49)
[2026-01-16T09:43:25.255+0000][gc,heap     ] GC(1083) Survivor regions: 5->2(7)
[2026-01-16T09:43:25.255+0000][gc,heap     ] GC(1083) Old regions: 157->158
[2026-01-16T09:43:25.255+0000][gc,heap     ] GC(1083) Humongous regions: 167->167
[2026-01-16T09:43:25.256+0000][gc,metaspace] GC(1083) Metaspace: 15591K(15936K)->15591K(15936K) NonClass: 13837K(14016K)->13837K(14016K) Class: 1753K(1920K)->1753K(1920K)
[2026-01-16T09:43:25.256+0000][gc          ] GC(1083) Pause Young (Normal) (G1 Evacuation Pause) 373M->325M(1024M) 167.334ms
[2026-01-16T09:43:25.256+0000][gc,cpu      ] GC(1083) User=0.11s Sys=0.01s Real=0.17s
[2026-01-16T09:43:26.791+0000][gc,start    ] GC(1084) Pause Young (Normal) (G1 Evacuation Pause)
[2026-01-16T09:43:26.824+0000][gc,task     ] GC(1084) Using 8 workers of 8 for evacuation
[2026-01-16T09:43:27.079+0000][gc,mmu      ] GC(1084) MMU target violated: 201.0ms (200.0ms/201.0ms)
[2026-01-16T09:43:27.081+0000][gc,phases   ] GC(1084)   Pre Evacuate Collection Set: 17.9ms
[2026-01-16T09:43:27.087+0000][gc,phases   ] GC(1084)   Merge Heap Roots: 0.4ms
[2026-01-16T09:43:27.088+0000][gc,phases   ] GC(1084)   Evacuate Collection Set: 210.3ms
[2026-01-16T09:43:27.089+0000][gc,phases   ] GC(1084)   Post Evacuate Collection Set: 13.7ms
[2026-01-16T09:43:27.090+0000][gc,phases   ] GC(1084)   Other: 14.7ms
[2026-01-16T09:43:27.092+0000][gc,heap     ] GC(1084) Eden regions: 58->0(48)
[2026-01-16T09:43:27.096+0000][gc,heap     ] GC(1084) Survivor regions: 2->3(8)
[2026-01-16T09:43:27.099+0000][gc,heap     ] GC(1084) Old regions: 158->158
[2026-01-16T09:43:27.101+0000][gc,heap     ] GC(1084) Humongous regions: 167->167
[2026-01-16T09:43:27.102+0000][gc,metaspace] GC(1084) Metaspace: 15591K(15936K)->15591K(15936K) NonClass: 13837K(14016K)->13837K(14016K) Class: 1753K(1920K)->1753K(1920K)
[2026-01-16T09:43:27.103+0000][gc          ] GC(1084) Pause Young (Normal) (G1 Evacuation Pause) 383M->326M(1024M) 311.819ms
[2026-01-16T09:43:27.105+0000][gc,cpu      ] GC(1084) User=0.17s Sys=0.01s Real=0.32s
[2026-01-16T09:43:28.414+0000][gc,start    ] GC(1085) Pause Young (Normal) (G1 Evacuation Pause)
[2026-01-16T09:43:28.417+0000][gc,task     ] GC(1085) Using 8 workers of 8 for evacuation
[2026-01-16T09:43:28.476+0000][gc,phases   ] GC(1085)   Pre Evacuate Collection Set: 2.4ms
[2026-01-16T09:43:28.477+0000][gc,phases   ] GC(1085)   Merge Heap Roots: 0.5ms
[2026-01-16T09:43:28.477+0000][gc,phases   ] GC(1085)   Evacuate Collection Set: 48.9ms
[2026-01-16T09:43:28.477+0000][gc,phases   ] GC(1085)   Post Evacuate Collection Set: 6.7ms
[2026-01-16T09:43:28.477+0000][gc,phases   ] GC(1085)   Other: 0.5ms
[2026-01-16T09:43:28.477+0000][gc,heap     ] GC(1085) Eden regions: 48->0(47)
[2026-01-16T09:43:28.477+0000][gc,heap     ] GC(1085) Survivor regions: 3->4(7)
[2026-01-16T09:43:28.478+0000][gc,heap     ] GC(1085) Old regions: 158->158
[2026-01-16T09:43:28.478+0000][gc,heap     ] GC(1085) Humongous regions: 167->167
[2026-01-16T09:43:28.478+0000][gc,metaspace] GC(1085) Metaspace: 15591K(15936K)->15591K(15936K) NonClass: 13837K(14016K)->13837K(14016K) Class: 1753K(1920K)->1753K(1920K)
[2026-01-16T09:43:28.479+0000][gc          ] GC(1085) Pause Young (Normal) (G1 Evacuation Pause) 374M->327M(1024M) 64.536ms
[2026-01-16T09:43:28.479+0000][gc,cpu      ] GC(1085) User=0.06s Sys=0.00s Real=0.07s
[2026-01-16T09:43:33.804+0000][gc,start    ] GC(1086) Pause Young (Normal) (G1 Evacuation Pause)
[2026-01-16T09:43:33.807+0000][gc,task     ] GC(1086) Using 8 workers of 8 for evacuation
[2026-01-16T09:43:34.408+0000][gc,mmu      ] GC(1086) MMU target violated: 201.0ms (200.0ms/201.0ms)
[2026-01-16T09:43:34.410+0000][gc,phases   ] GC(1086)   Pre Evacuate Collection Set: 26.8ms
[2026-01-16T09:43:34.411+0000][gc,phases   ] GC(1086)   Merge Heap Roots: 8.8ms
[2026-01-16T09:43:34.411+0000][gc,phases   ] GC(1086)   Evacuate Collection Set: 282.0ms
[2026-01-16T09:43:34.413+0000][gc,phases   ] GC(1086)   Post Evacuate Collection Set: 280.5ms
[2026-01-16T09:43:34.416+0000][gc,phases   ] GC(1086)   Other: 5.4ms
[2026-01-16T09:43:34.417+0000][gc,heap     ] GC(1086) Eden regions: 47->0(49)
[2026-01-16T09:43:34.417+0000][gc,heap     ] GC(1086) Survivor regions: 4->2(7)
[2026-01-16T09:43:34.417+0000][gc,heap     ] GC(1086) Old regions: 158->158
[2026-01-16T09:43:34.417+0000][gc,heap     ] GC(1086) Humongous regions: 167->167
[2026-01-16T09:43:34.417+0000][gc,metaspace] GC(1086) Metaspace: 15591K(15936K)->15591K(15936K) NonClass: 13837K(14016K)->13837K(14016K) Class: 1753K(1920K)->1753K(1920K)
[2026-01-16T09:43:34.418+0000][gc          ] GC(1086) Pause Young (Normal) (G1 Evacuation Pause) 374M->325M(1024M) 613.642ms
[2026-01-16T09:43:34.420+0000][gc,cpu      ] GC(1086) User=0.19s Sys=0.01s Real=0.61s
[2026-01-16T09:43:38.010+0000][gc,start    ] GC(1087) Pause Young (Normal) (G1 Evacuation Pause)
[2026-01-16T09:43:38.013+0000][gc,task     ] GC(1087) Using 8 workers of 8 for evacuation
[2026-01-16T09:43:38.447+0000][gc,mmu      ] GC(1087) MMU target violated: 201.0ms (200.0ms/201.0ms)
[2026-01-16T09:43:38.447+0000][gc,phases   ] GC(1087)   Pre Evacuate Collection Set: 61.6ms
[2026-01-16T09:43:38.448+0000][gc,phases   ] GC(1087)   Merge Heap Roots: 13.9ms
[2026-01-16T09:43:38.448+0000][gc,phases   ] GC(1087)   Evacuate Collection Set: 296.7ms
[2026-01-16T09:43:38.448+0000][gc,phases   ] GC(1087)   Post Evacuate Collection Set: 55.9ms
[2026-01-16T09:43:38.449+0000][gc,phases   ] GC(1087)   Other: 5.7ms
[2026-01-16T09:43:38.449+0000][gc,heap     ] GC(1087) Eden regions: 49->0(49)
[2026-01-16T09:43:38.450+0000][gc,heap     ] GC(1087) Survivor regions: 2->2(7)
[2026-01-16T09:43:38.450+0000][gc,heap     ] GC(1087) Old regions: 158->158
[2026-01-16T09:43:38.450+0000][gc,heap     ] GC(1087) Humongous regions: 167->167
[2026-01-16T09:43:38.451+0000][gc,metaspace] GC(1087) Metaspace: 15591K(15936K)->15591K(15936K) NonClass: 13837K(14016K)->13837K(14016K) Class: 1753K(1920K)->1753K(1920K)
[2026-01-16T09:43:38.452+0000][gc          ] GC(1087) Pause Young (Normal) (G1 Evacuation Pause) 374M->326M(1024M) 441.564ms
[2026-01-16T09:43:38.456+0000][gc,cpu      ] GC(1087) User=0.16s Sys=0.01s Real=0.44s
[2026-01-16T09:43:41.534+0000][gc,start    ] GC(1088) Pause Young (Normal) (G1 Evacuation Pause)
[2026-01-16T09:43:41.540+0000][gc,task     ] GC(1088) Using 8 workers of 8 for evacuation
[2026-01-16T09:43:41.994+0000][gc,mmu      ] GC(1088) MMU target violated: 201.0ms (200.0ms/201.0ms)
[2026-01-16T09:43:41.996+0000][gc,phases   ] GC(1088)   Pre Evacuate Collection Set: 30.8ms
[2026-01-16T09:43:41.997+0000][gc,phases   ] GC(1088)   Merge Heap Roots: 13.1ms
[2026-01-16T09:43:41.998+0000][gc,phases   ] GC(1088)   Evacuate Collection Set: 322.5ms
[2026-01-16T09:43:41.999+0000][gc,phases   ] GC(1088)   Post Evacuate Collection Set: 85.0ms
[2026-01-16T09:43:42.000+0000][gc,phases   ] GC(1088)   Other: 7.9ms
[2026-01-16T09:43:42.001+0000][gc,heap     ] GC(1088) Eden regions: 49->0(48)
[2026-01-16T09:43:42.001+0000][gc,heap     ] GC(1088) Survivor regions: 2->3(7)
[2026-01-16T09:43:42.003+0000][gc,heap     ] GC(1088) Old regions: 158->158
[2026-01-16T09:43:42.003+0000][gc,heap     ] GC(1088) Humongous regions: 167->167
[2026-01-16T09:43:42.004+0000][gc,metaspace] GC(1088) Metaspace: 15591K(15936K)->15591K(15936K) NonClass: 13837K(14016K)->13837K(14016K) Class: 1753K(1920K)->1753K(1920K)
[2026-01-16T09:43:42.007+0000][gc          ] GC(1088) Pause Young (Normal) (G1 Evacuation Pause) 375M->326M(1024M) 473.434ms
[2026-01-16T09:43:42.009+0000][gc,cpu      ] GC(1088) User=0.31s Sys=0.02s Real=0.48s
[2026-01-16T09:43:43.549+0000][gc,start    ] GC(1089) Pause Young (Normal) (G1 Evacuation Pause)
[2026-01-16T09:43:43.550+0000][gc,task     ] GC(1089) Using 8 workers of 8 for evacuation
[2026-01-16T09:43:43.691+0000][gc,phases   ] GC(1089)   Pre Evacuate Collection Set: 12.2ms
[2026-01-16T09:43:43.693+0000][gc,phases   ] GC(1089)   Merge Heap Roots: 5.7ms
[2026-01-16T09:43:43.694+0000][gc,phases   ] GC(1089)   Evacuate Collection Set: 115.4ms
[2026-01-16T09:43:43.694+0000][gc,phases   ] GC(1089)   Post Evacuate Collection Set: 7.1ms
[2026-01-16T09:43:43.695+0000][gc,phases   ] GC(1089)   Other: 0.6ms
[2026-01-16T09:43:43.695+0000][gc,heap     ] GC(1089) Eden regions: 48->0(47)
[2026-01-16T09:43:43.695+0000][gc,heap     ] GC(1089) Survivor regions: 3->4(7)
[2026-01-16T09:43:43.695+0000][gc,heap     ] GC(1089) Old regions: 158->158
[2026-01-16T09:43:43.696+0000][gc,heap     ] GC(1089) Humongous regions: 167->167
[2026-01-16T09:43:43.696+0000][gc,metaspace] GC(1089) Metaspace: 15591K(15936K)->15591K(15936K) NonClass: 13837K(14016K)->13837K(14016K) Class: 1753K(1920K)->1753K(1920K)
[2026-01-16T09:43:43.699+0000][gc          ] GC(1089) Pause Young (Normal) (G1 Evacuation Pause) 374M->327M(1024M) 148.093ms
[2026-01-16T09:43:43.699+0000][gc,cpu      ] GC(1089) User=0.09s Sys=0.01s Real=0.16s
[2026-01-16T09:43:44.308+0000][gc,start    ] GC(1090) Pause Young (Normal) (G1 Evacuation Pause)
[2026-01-16T09:43:44.309+0000][gc,task     ] GC(1090) Using 8 workers of 8 for evacuation
[2026-01-16T09:43:44.549+0000][gc,mmu      ] GC(1090) MMU target violated: 201.0ms (200.0ms/201.0ms)
[2026-01-16T09:43:44.572+0000][gc,phases   ] GC(1090)   Pre Evacuate Collection Set: 0.5ms
[2026-01-16T09:43:44.572+0000][gc,phases   ] GC(1090)   Merge Heap Roots: 0.1ms
[2026-01-16T09:43:44.581+0000][gc,phases   ] GC(1090)   Evacuate Collection Set: 226.1ms
[2026-01-16T09:43:44.581+0000][gc,phases   ] GC(1090)   Post Evacuate Collection Set: 9.2ms
[2026-01-16T09:43:44.581+0000][gc,phases   ] GC(1090)   Other: 27.4ms
[2026-01-16T09:43:44.582+0000][gc,heap     ] GC(1090) Eden regions: 47->0(47)
[2026-01-16T09:43:44.582+0000][gc,heap     ] GC(1090) Survivor regions: 4->4(7)
[2026-01-16T09:43:44.582+0000][gc,heap     ] GC(1090) Old regions: 158->158
[2026-01-16T09:43:44.582+0000][gc,heap     ] GC(1090) Humongous regions: 167->167
[2026-01-16T09:43:44.582+0000][gc,metaspace] GC(1090) Metaspace: 15591K(15936K)->15591K(15936K) NonClass: 13837K(14016K)->13837K(14016K) Class: 1753K(1920K)->1753K(1920K)
[2026-01-16T09:43:44.582+0000][gc          ] GC(1090) Pause Young (Normal) (G1 Evacuation Pause) 374M->328M(1024M) 273.755ms
[2026-01-16T09:43:44.583+0000][gc,cpu      ] GC(1090) User=0.05s Sys=0.00s Real=0.28s
[2026-01-16T09:43:45.703+0000][gc,start    ] GC(1091) Pause Young (Normal) (G1 Evacuation Pause)
[2026-01-16T09:43:45.704+0000][gc,task     ] GC(1091) Using 8 workers of 8 for evacuation
[2026-01-16T09:43:45.832+0000][gc,phases   ] GC(1091)   Pre Evacuate Collection Set: 4.1ms
[2026-01-16T09:43:45.833+0000][gc,phases   ] GC(1091)   Merge Heap Roots: 1.9ms
[2026-01-16T09:43:45.833+0000][gc,phases   ] GC(1091)   Evacuate Collection Set: 95.9ms
[2026-01-16T09:43:45.833+0000][gc,phases   ] GC(1091)   Post Evacuate Collection Set: 26.1ms
[2026-01-16T09:43:45.833+0000][gc,phases   ] GC(1091)   Other: 0.5ms
[2026-01-16T09:43:45.833+0000][gc,heap     ] GC(1091) Eden regions: 47->0(48)
[2026-01-16T09:43:45.834+0000][gc,heap     ] GC(1091) Survivor regions: 4->3(7)
[2026-01-16T09:43:45.834+0000][gc,heap     ] GC(1091) Old regions: 158->158
[2026-01-16T09:43:45.835+0000][gc,heap     ] GC(1091) Humongous regions: 167->167
[2026-01-16T09:43:45.836+0000][gc,metaspace] GC(1091) Metaspace: 15591K(15936K)->15591K(15936K) NonClass: 13837K(14016K)->13837K(14016K) Class: 1753K(1920K)->1753K(1920K)
[2026-01-16T09:43:45.836+0000][gc          ] GC(1091) Pause Young (Normal) (G1 Evacuation Pause) 375M->326M(1024M) 133.245ms
[2026-01-16T09:43:45.837+0000][gc,cpu      ] GC(1091) User=0.10s Sys=0.00s Real=0.13s
[2026-01-16T09:43:46.741+0000][gc,start    ] GC(1092) Pause Young (Normal) (G1 Evacuation Pause)
[2026-01-16T09:43:46.743+0000][gc,task     ] GC(1092) Using 8 workers of 8 for evacuation
[2026-01-16T09:43:46.787+0000][gc,phases   ] GC(1092)   Pre Evacuate Collection Set: 1.8ms
[2026-01-16T09:43:46.789+0000][gc,phases   ] GC(1092)   Merge Heap Roots: 2.0ms
[2026-01-16T09:43:46.790+0000][gc,phases   ] GC(1092)   Evacuate Collection Set: 35.2ms
[2026-01-16T09:43:46.790+0000][gc,phases   ] GC(1092)   Post Evacuate Collection Set: 5.0ms
[2026-01-16T09:43:46.790+0000][gc,phases   ] GC(1092)   Other: 0.3ms
[2026-01-16T09:43:46.790+0000][gc,heap     ] GC(1092) Eden regions: 48->0(48)
[2026-01-16T09:43:46.791+0000][gc,heap     ] GC(1092) Survivor regions: 3->3(7)
[2026-01-16T09:43:46.791+0000][gc,heap     ] GC(1092) Old regions: 158->158
[2026-01-16T09:43:46.791+0000][gc,heap     ] GC(1092) Humongous regions: 167->167
[2026-01-16T09:43:46.791+0000][gc,metaspace] GC(1092) Metaspace: 15591K(15936K)->15591K(15936K) NonClass: 13837K(14016K)->13837K(14016K) Class: 1753K(1920K)->1753K(1920K)
[2026-01-16T09:43:46.792+0000][gc          ] GC(1092) Pause Young (Normal) (G1 Evacuation Pause) 374M->327M(1024M) 50.695ms
[2026-01-16T09:43:46.792+0000][gc,cpu      ] GC(1092) User=0.05s Sys=0.00s Real=0.05s
[2026-01-16T09:43:47.633+0000][gc,start    ] GC(1093) Pause Young (Normal) (G1 Evacuation Pause)
[2026-01-16T09:43:47.635+0000][gc,task     ] GC(1093) Using 8 workers of 8 for evacuation
[2026-01-16T09:43:47.764+0000][gc,phases   ] GC(1093)   Pre Evacuate Collection Set: 9.8ms
[2026-01-16T09:43:47.766+0000][gc,phases   ] GC(1093)   Merge Heap Roots: 0.8ms
[2026-01-16T09:43:47.766+0000][gc,phases   ] GC(1093)   Evacuate Collection Set: 78.6ms
[2026-01-16T09:43:47.767+0000][gc,phases   ] GC(1093)   Post Evacuate Collection Set: 39.2ms
[2026-01-16T09:43:47.767+0000][gc,phases   ] GC(1093)   Other: 0.3ms
[2026-01-16T09:43:47.767+0000][gc,heap     ] GC(1093) Eden regions: 48->0(47)
[2026-01-16T09:43:47.769+0000][gc,heap     ] GC(1093) Survivor regions: 3->4(7)
[2026-01-16T09:43:47.770+0000][gc,heap     ] GC(1093) Old regions: 158->158
[2026-01-16T09:43:47.770+0000][gc,heap     ] GC(1093) Humongous regions: 167->167
[2026-01-16T09:43:47.771+0000][gc,metaspace] GC(1093) Metaspace: 15591K(15936K)->15591K(15936K) NonClass: 13838K(14016K)->13838K(14016K) Class: 1753K(1920K)->1753K(1920K)
[2026-01-16T09:43:47.771+0000][gc          ] GC(1093) Pause Young (Normal) (G1 Evacuation Pause) 375M->327M(1024M) 137.660ms
[2026-01-16T09:43:47.773+0000][gc,cpu      ] GC(1093) User=0.08s Sys=0.01s Real=0.14s
[2026-01-16T09:43:54.184+0000][gc,start    ] GC(1094) Pause Young (Normal) (G1 Evacuation Pause)
[2026-01-16T09:43:54.186+0000][gc,task     ] GC(1094) Using 8 workers of 8 for evacuation
[2026-01-16T09:43:54.513+0000][gc,mmu      ] GC(1094) MMU target violated: 201.0ms (200.0ms/201.0ms)
[2026-01-16T09:43:54.515+0000][gc,phases   ] GC(1094)   Pre Evacuate Collection Set: 51.3ms
[2026-01-16T09:43:54.516+0000][gc,phases   ] GC(1094)   Merge Heap Roots: 8.7ms
[2026-01-16T09:43:54.517+0000][gc,phases   ] GC(1094)   Evacuate Collection Set: 205.4ms
[2026-01-16T09:43:54.517+0000][gc,phases   ] GC(1094)   Post Evacuate Collection Set: 59.6ms
[2026-01-16T09:43:54.518+0000][gc,phases   ] GC(1094)   Other: 4.4ms
[2026-01-16T09:43:54.518+0000][gc,heap     ] GC(1094) Eden regions: 47->0(72)
[2026-01-16T09:43:54.520+0000][gc,heap     ] GC(1094) Survivor regions: 4->2(7)
[2026-01-16T09:43:54.521+0000][gc,heap     ] GC(1094) Old regions: 158->158
[2026-01-16T09:43:54.522+0000][gc,heap     ] GC(1094) Humongous regions: 167->167
[2026-01-16T09:43:54.524+0000][gc,metaspace] GC(1094) Metaspace: 15591K(15936K)->15591K(15936K) NonClass: 13838K(14016K)->13838K(14016K) Class: 1753K(1920K)->1753K(1920K)
[2026-01-16T09:43:54.529+0000][gc          ] GC(1094) Pause Young (Normal) (G1 Evacuation Pause) 374M->326M(1024M) 343.910ms
[2026-01-16T09:43:54.532+0000][gc,cpu      ] GC(1094) User=0.21s Sys=0.03s Real=0.35s
[2026-01-16T09:43:57.202+0000][gc,start    ] GC(1095) Pause Young (Normal) (G1 Evacuation Pause)
[2026-01-16T09:43:57.212+0000][gc,task     ] GC(1095) Using 8 workers of 8 for evacuation
[2026-01-16T09:43:57.463+0000][gc,mmu      ] GC(1095) MMU target violated: 201.0ms (200.0ms/201.0ms)
[2026-01-16T09:43:57.468+0000][gc,phases   ] GC(1095)   Pre Evacuate Collection Set: 16.6ms
[2026-01-16T09:43:57.469+0000][gc,phases   ] GC(1095)   Merge Heap Roots: 4.0ms
[2026-01-16T09:43:57.470+0000][gc,phases   ] GC(1095)   Evacuate Collection Set: 209.3ms
[2026-01-16T09:43:57.471+0000][gc,phases   ] GC(1095)   Post Evacuate Collection Set: 18.8ms
[2026-01-16T09:43:57.472+0000][gc,phases   ] GC(1095)   Other: 7.3ms
[2026-01-16T09:43:57.474+0000][gc,heap     ] GC(1095) Eden regions: 70->0(48)
[2026-01-16T09:43:57.474+0000][gc,heap     ] GC(1095) Survivor regions: 2->3(9)
[2026-01-16T09:43:57.475+0000][gc,heap     ] GC(1095) Old regions: 158->158
[2026-01-16T09:43:57.475+0000][gc,heap     ] GC(1095) Humongous regions: 167->167
[2026-01-16T09:43:57.476+0000][gc,metaspace] GC(1095) Metaspace: 15591K(15936K)->15591K(15936K) NonClass: 13838K(14016K)->13838K(14016K) Class: 1753K(1920K)->1753K(1920K)
[2026-01-16T09:43:57.476+0000][gc          ] GC(1095) Pause Young (Normal) (G1 Evacuation Pause) 396M->327M(1024M) 274.292ms
[2026-01-16T09:43:57.477+0000][gc,cpu      ] GC(1095) User=0.24s Sys=0.01s Real=0.27s
[2026-01-16T09:43:58.386+0000][gc,start    ] GC(1096) Pause Young (Normal) (G1 Evacuation Pause)
[2026-01-16T09:43:58.387+0000][gc,task     ] GC(1096) Using 8 workers of 8 for evacuation
[2026-01-16T09:43:58.415+0000][gc,phases   ] GC(1096)   Pre Evacuate Collection Set: 1.5ms
[2026-01-16T09:43:58.415+0000][gc,phases   ] GC(1096)   Merge Heap Roots: 1.2ms
[2026-01-16T09:43:58.416+0000][gc,phases   ] GC(1096)   Evacuate Collection Set: 22.4ms
[2026-01-16T09:43:58.416+0000][gc,phases   ] GC(1096)   Post Evacuate Collection Set: 2.2ms
[2026-01-16T09:43:58.416+0000][gc,phases   ] GC(1096)   Other: 0.6ms
[2026-01-16T09:43:58.416+0000][gc,heap     ] GC(1096) Eden regions: 48->0(55)
[2026-01-16T09:43:58.417+0000][gc,heap     ] GC(1096) Survivor regions: 3->4(7)
[2026-01-16T09:43:58.417+0000][gc,heap     ] GC(1096) Old regions: 158->158
[2026-01-16T09:43:58.418+0000][gc,heap     ] GC(1096) Humongous regions: 167->167
[2026-01-16T09:43:58.418+0000][gc,metaspace] GC(1096) Metaspace: 15591K(15936K)->15591K(15936K) NonClass: 13838K(14016K)->13838K(14016K) Class: 1753K(1920K)->1753K(1920K)
[2026-01-16T09:43:58.418+0000][gc          ] GC(1096) Pause Young (Normal) (G1 Evacuation Pause) 375M->328M(1024M) 31.733ms
[2026-01-16T09:43:58.418+0000][gc,cpu      ] GC(1096) User=0.05s Sys=0.01s Real=0.03s
[2026-01-16T09:44:03.664+0000][gc,start    ] GC(1097) Pause Young (Normal) (G1 Evacuation Pause)
[2026-01-16T09:44:03.665+0000][gc,task     ] GC(1097) Using 8 workers of 8 for evacuation
[2026-01-16T09:44:03.728+0000][gc,phases   ] GC(1097)   Pre Evacuate Collection Set: 6.0ms
[2026-01-16T09:44:03.729+0000][gc,phases   ] GC(1097)   Merge Heap Roots: 2.1ms
[2026-01-16T09:44:03.729+0000][gc,phases   ] GC(1097)   Evacuate Collection Set: 47.8ms
[2026-01-16T09:44:03.731+0000][gc,phases   ] GC(1097)   Post Evacuate Collection Set: 6.8ms
[2026-01-16T09:44:03.731+0000][gc,phases   ] GC(1097)   Other: 0.8ms
[2026-01-16T09:44:03.731+0000][gc,heap     ] GC(1097) Eden regions: 57->0(183)
[2026-01-16T09:44:03.731+0000][gc,heap     ] GC(1097) Survivor regions: 4->2(8)
[2026-01-16T09:44:03.732+0000][gc,heap     ] GC(1097) Old regions: 158->158
[2026-01-16T09:44:03.732+0000][gc,heap     ] GC(1097) Humongous regions: 167->167
[2026-01-16T09:44:03.733+0000][gc,metaspace] GC(1097) Metaspace: 15595K(15936K)->15595K(15936K) NonClass: 13842K(14016K)->13842K(14016K) Class: 1753K(1920K)->1753K(1920K)
[2026-01-16T09:44:03.733+0000][gc          ] GC(1097) Pause Young (Normal) (G1 Evacuation Pause) 385M->326M(1024M) 68.991ms
[2026-01-16T09:44:03.733+0000][gc,cpu      ] GC(1097) User=0.21s Sys=0.02s Real=0.07s
[2026-01-16T09:44:14.648+0000][gc,start    ] GC(1098) Pause Young (Normal) (G1 Evacuation Pause)
[2026-01-16T09:44:14.660+0000][gc,task     ] GC(1098) Using 8 workers of 8 for evacuation
[2026-01-16T09:44:15.402+0000][gc,mmu      ] GC(1098) MMU target violated: 201.0ms (200.0ms/201.0ms)
[2026-01-16T09:44:15.407+0000][gc,phases   ] GC(1098)   Pre Evacuate Collection Set: 141.4ms
[2026-01-16T09:44:15.407+0000][gc,phases   ] GC(1098)   Merge Heap Roots: 49.5ms
[2026-01-16T09:44:15.407+0000][gc,phases   ] GC(1098)   Evacuate Collection Set: 426.9ms
[2026-01-16T09:44:15.407+0000][gc,phases   ] GC(1098)   Post Evacuate Collection Set: 119.2ms
[2026-01-16T09:44:15.407+0000][gc,phases   ] GC(1098)   Other: 12.5ms
[2026-01-16T09:44:15.407+0000][gc,heap     ] GC(1098) Eden regions: 181->0(49)
[2026-01-16T09:44:15.407+0000][gc,heap     ] GC(1098) Survivor regions: 2->2(23)
[2026-01-16T09:44:15.408+0000][gc,heap     ] GC(1098) Old regions: 158->158
[2026-01-16T09:44:15.409+0000][gc,heap     ] GC(1098) Humongous regions: 167->167
[2026-01-16T09:44:15.409+0000][gc,metaspace] GC(1098) Metaspace: 15595K(15936K)->15595K(15936K) NonClass: 13842K(14016K)->13842K(14016K) Class: 1753K(1920K)->1753K(1920K)
[2026-01-16T09:44:15.411+0000][gc          ] GC(1098) Pause Young (Normal) (G1 Evacuation Pause) 507M->326M(1024M) 762.749ms
[2026-01-16T09:44:15.414+0000][gc,cpu      ] GC(1098) User=0.33s Sys=0.05s Real=0.76s
[2026-01-16T09:44:20.248+0000][gc,start    ] GC(1099) Pause Young (Normal) (G1 Evacuation Pause)
[2026-01-16T09:44:20.249+0000][gc,task     ] GC(1099) Using 8 workers of 8 for evacuation
[2026-01-16T09:44:20.499+0000][gc,mmu      ] GC(1099) MMU target violated: 201.0ms (200.0ms/201.0ms)
[2026-01-16T09:44:20.501+0000][gc,phases   ] GC(1099)   Pre Evacuate Collection Set: 48.5ms
[2026-01-16T09:44:20.502+0000][gc,phases   ] GC(1099)   Merge Heap Roots: 0.5ms
[2026-01-16T09:44:20.503+0000][gc,phases   ] GC(1099)   Evacuate Collection Set: 172.6ms
[2026-01-16T09:44:20.504+0000][gc,phases   ] GC(1099)   Post Evacuate Collection Set: 25.1ms
[2026-01-16T09:44:20.505+0000][gc,phases   ] GC(1099)   Other: 6.4ms
[2026-01-16T09:44:20.506+0000][gc,heap     ] GC(1099) Eden regions: 49->0(48)
[2026-01-16T09:44:20.507+0000][gc,heap     ] GC(1099) Survivor regions: 2->3(7)
[2026-01-16T09:44:20.507+0000][gc,heap     ] GC(1099) Old regions: 158->158
[2026-01-16T09:44:20.508+0000][gc,heap     ] GC(1099) Humongous regions: 167->167
[2026-01-16T09:44:20.512+0000][gc,metaspace] GC(1099) Metaspace: 15595K(15936K)->15595K(15936K) NonClass: 13842K(14016K)->13842K(14016K) Class: 1753K(1920K)->1753K(1920K)
[2026-01-16T09:44:20.515+0000][gc          ] GC(1099) Pause Young (Normal) (G1 Evacuation Pause) 375M->327M(1024M) 267.272ms
[2026-01-16T09:44:20.516+0000][gc,cpu      ] GC(1099) User=0.32s Sys=0.03s Real=0.27s
[2026-01-16T09:44:21.966+0000][gc,start    ] GC(1100) Pause Young (Normal) (G1 Evacuation Pause)
[2026-01-16T09:44:21.966+0000][gc,task     ] GC(1100) Using 8 workers of 8 for evacuation
[2026-01-16T09:44:22.073+0000][gc,phases   ] GC(1100)   Pre Evacuate Collection Set: 14.4ms
[2026-01-16T09:44:22.075+0000][gc,phases   ] GC(1100)   Merge Heap Roots: 0.5ms
[2026-01-16T09:44:22.076+0000][gc,phases   ] GC(1100)   Evacuate Collection Set: 81.5ms
[2026-01-16T09:44:22.076+0000][gc,phases   ] GC(1100)   Post Evacuate Collection Set: 9.6ms
[2026-01-16T09:44:22.076+0000][gc,phases   ] GC(1100)   Other: 1.2ms
[2026-01-16T09:44:22.076+0000][gc,heap     ] GC(1100) Eden regions: 48->0(47)
[2026-01-16T09:44:22.076+0000][gc,heap     ] GC(1100) Survivor regions: 3->4(7)
[2026-01-16T09:44:22.076+0000][gc,heap     ] GC(1100) Old regions: 158->158
[2026-01-16T09:44:22.076+0000][gc,heap     ] GC(1100) Humongous regions: 167->167
[2026-01-16T09:44:22.078+0000][gc,metaspace] GC(1100) Metaspace: 15595K(15936K)->15595K(15936K) NonClass: 13842K(14016K)->13842K(14016K) Class: 1753K(1920K)->1753K(1920K)
[2026-01-16T09:44:22.081+0000][gc          ] GC(1100) Pause Young (Normal) (G1 Evacuation Pause) 375M->328M(1024M) 115.623ms
[2026-01-16T09:44:22.082+0000][gc,cpu      ] GC(1100) User=0.16s Sys=0.00s Real=0.11s
[2026-01-16T09:44:23.166+0000][gc,start    ] GC(1101) Pause Young (Normal) (G1 Evacuation Pause)
[2026-01-16T09:44:23.168+0000][gc,task     ] GC(1101) Using 8 workers of 8 for evacuation
[2026-01-16T09:44:23.294+0000][gc,phases   ] GC(1101)   Pre Evacuate Collection Set: 3.5ms
[2026-01-16T09:44:23.306+0000][gc,phases   ] GC(1101)   Merge Heap Roots: 0.4ms
[2026-01-16T09:44:23.319+0000][gc,phases   ] GC(1101)   Evacuate Collection Set: 111.1ms
[2026-01-16T09:44:23.320+0000][gc,phases   ] GC(1101)   Post Evacuate Collection Set: 9.4ms
[2026-01-16T09:44:23.324+0000][gc,phases   ] GC(1101)   Other: 2.0ms
[2026-01-16T09:44:23.325+0000][gc,heap     ] GC(1101) Eden regions: 47->0(46)
[2026-01-16T09:44:23.326+0000][gc,heap     ] GC(1101) Survivor regions: 4->5(7)
[2026-01-16T09:44:23.327+0000][gc,heap     ] GC(1101) Old regions: 158->159
[2026-01-16T09:44:23.327+0000][gc,heap     ] GC(1101) Humongous regions: 167->167
[2026-01-16T09:44:23.327+0000][gc,metaspace] GC(1101) Metaspace: 15595K(15936K)->15595K(15936K) NonClass: 13842K(14016K)->13842K(14016K) Class: 1753K(1920K)->1753K(1920K)
[2026-01-16T09:44:23.328+0000][gc          ] GC(1101) Pause Young (Normal) (G1 Evacuation Pause) 375M->329M(1024M) 161.639ms
[2026-01-16T09:44:23.328+0000][gc,cpu      ] GC(1101) User=0.09s Sys=0.00s Real=0.16s
[2026-01-16T09:44:23.922+0000][gc,start    ] GC(1102) Pause Young (Normal) (G1 Evacuation Pause)
[2026-01-16T09:44:23.924+0000][gc,task     ] GC(1102) Using 8 workers of 8 for evacuation
[2026-01-16T09:44:23.959+0000][gc,phases   ] GC(1102)   Pre Evacuate Collection Set: 0.9ms
[2026-01-16T09:44:23.960+0000][gc,phases   ] GC(1102)   Merge Heap Roots: 0.2ms
[2026-01-16T09:44:23.961+0000][gc,phases   ] GC(1102)   Evacuate Collection Set: 30.6ms
[2026-01-16T09:44:23.961+0000][gc,phases   ] GC(1102)   Post Evacuate Collection Set: 3.3ms
[2026-01-16T09:44:23.961+0000][gc,phases   ] GC(1102)   Other: 0.4ms
[2026-01-16T09:44:23.961+0000][gc,heap     ] GC(1102) Eden regions: 46->0(108)
[2026-01-16T09:44:23.962+0000][gc,heap     ] GC(1102) Survivor regions: 5->3(7)
[2026-01-16T09:44:23.962+0000][gc,heap     ] GC(1102) Old regions: 159->159
[2026-01-16T09:44:23.963+0000][gc,heap     ] GC(1102) Humongous regions: 167->167
[2026-01-16T09:44:23.963+0000][gc,metaspace] GC(1102) Metaspace: 15596K(15936K)->15596K(15936K) NonClass: 13842K(14016K)->13842K(14016K) Class: 1753K(1920K)->1753K(1920K)
[2026-01-16T09:44:23.963+0000][gc          ] GC(1102) Pause Young (Normal) (G1 Evacuation Pause) 375M->327M(1024M) 41.529ms
[2026-01-16T09:44:23.964+0000][gc,cpu      ] GC(1102) User=0.05s Sys=0.01s Real=0.05s
[2026-01-16T09:44:27.076+0000][gc,start    ] GC(1103) Pause Young (Normal) (G1 Evacuation Pause)
[2026-01-16T09:44:27.085+0000][gc,task     ] GC(1103) Using 8 workers of 8 for evacuation
[2026-01-16T09:44:27.292+0000][gc,mmu      ] GC(1103) MMU target violated: 201.0ms (200.0ms/201.0ms)
[2026-01-16T09:44:27.293+0000][gc,phases   ] GC(1103)   Pre Evacuate Collection Set: 18.9ms
[2026-01-16T09:44:27.293+0000][gc,phases   ] GC(1103)   Merge Heap Roots: 2.5ms
[2026-01-16T09:44:27.293+0000][gc,phases   ] GC(1103)   Evacuate Collection Set: 173.2ms
[2026-01-16T09:44:27.293+0000][gc,phases   ] GC(1103)   Post Evacuate Collection Set: 10.0ms
[2026-01-16T09:44:27.293+0000][gc,phases   ] GC(1103)   Other: 3.7ms
[2026-01-16T09:44:27.293+0000][gc,heap     ] GC(1103) Eden regions: 103->0(47)
[2026-01-16T09:44:27.293+0000][gc,heap     ] GC(1103) Survivor regions: 3->4(14)
[2026-01-16T09:44:27.293+0000][gc,heap     ] GC(1103) Old regions: 159->159
[2026-01-16T09:44:27.293+0000][gc,heap     ] GC(1103) Humongous regions: 167->167
[2026-01-16T09:44:27.294+0000][gc,metaspace] GC(1103) Metaspace: 15596K(15936K)->15596K(15936K) NonClass: 13842K(14016K)->13842K(14016K) Class: 1753K(1920K)->1753K(1920K)
[2026-01-16T09:44:27.294+0000][gc          ] GC(1103) Pause Young (Normal) (G1 Evacuation Pause) 430M->328M(1024M) 218.536ms
[2026-01-16T09:44:27.294+0000][gc,cpu      ] GC(1103) User=0.23s Sys=0.01s Real=0.22s
[2026-01-16T09:44:32.944+0000][gc,start    ] GC(1104) Pause Young (Normal) (G1 Evacuation Pause)
[2026-01-16T09:44:32.946+0000][gc,task     ] GC(1104) Using 8 workers of 8 for evacuation
[2026-01-16T09:44:33.125+0000][gc,phases   ] GC(1104)   Pre Evacuate Collection Set: 20.2ms
[2026-01-16T09:44:33.126+0000][gc,phases   ] GC(1104)   Merge Heap Roots: 1.2ms
[2026-01-16T09:44:33.126+0000][gc,phases   ] GC(1104)   Evacuate Collection Set: 141.2ms
[2026-01-16T09:44:33.128+0000][gc,phases   ] GC(1104)   Post Evacuate Collection Set: 11.8ms
[2026-01-16T09:44:33.129+0000][gc,phases   ] GC(1104)   Other: 4.4ms
[2026-01-16T09:44:33.129+0000][gc,heap     ] GC(1104) Eden regions: 47->0(136)
[2026-01-16T09:44:33.129+0000][gc,heap     ] GC(1104) Survivor regions: 4->2(7)
[2026-01-16T09:44:33.130+0000][gc,heap     ] GC(1104) Old regions: 159->159
[2026-01-16T09:44:33.130+0000][gc,heap     ] GC(1104) Humongous regions: 167->167
[2026-01-16T09:44:33.130+0000][gc,metaspace] GC(1104) Metaspace: 15596K(15936K)->15596K(15936K) NonClass: 13842K(14016K)->13842K(14016K) Class: 1753K(1920K)->1753K(1920K)
[2026-01-16T09:44:33.132+0000][gc          ] GC(1104) Pause Young (Normal) (G1 Evacuation Pause) 375M->327M(1024M) 187.765ms
[2026-01-16T09:44:33.133+0000][gc,cpu      ] GC(1104) User=0.32s Sys=0.03s Real=0.18s
[2026-01-16T09:44:39.238+0000][gc,start    ] GC(1105) Pause Young (Normal) (G1 Evacuation Pause)
[2026-01-16T09:44:39.243+0000][gc,task     ] GC(1105) Using 8 workers of 8 for evacuation
[2026-01-16T09:44:39.864+0000][gc,mmu      ] GC(1105) MMU target violated: 201.0ms (200.0ms/201.0ms)
[2026-01-16T09:44:39.865+0000][gc,phases   ] GC(1105)   Pre Evacuate Collection Set: 74.1ms
[2026-01-16T09:44:39.866+0000][gc,phases   ] GC(1105)   Merge Heap Roots: 11.0ms
[2026-01-16T09:44:39.866+0000][gc,phases   ] GC(1105)   Evacuate Collection Set: 431.4ms
[2026-01-16T09:44:39.867+0000][gc,phases   ] GC(1105)   Post Evacuate Collection Set: 102.9ms
[2026-01-16T09:44:39.867+0000][gc,phases   ] GC(1105)   Other: 2.7ms
[2026-01-16T09:44:39.868+0000][gc,heap     ] GC(1105) Eden regions: 130->0(47)
[2026-01-16T09:44:39.869+0000][gc,heap     ] GC(1105) Survivor regions: 2->4(17)
[2026-01-16T09:44:39.869+0000][gc,heap     ] GC(1105) Old regions: 159->159
[2026-01-16T09:44:39.870+0000][gc,heap     ] GC(1105) Humongous regions: 167->167
[2026-01-16T09:44:39.870+0000][gc,metaspace] GC(1105) Metaspace: 15596K(15936K)->15596K(15936K) NonClass: 13842K(14016K)->13842K(14016K) Class: 1753K(1920K)->1753K(1920K)
[2026-01-16T09:44:39.875+0000][gc          ] GC(1105) Pause Young (Normal) (G1 Evacuation Pause) 457M->329M(1024M) 636.997ms
[2026-01-16T09:44:39.876+0000][gc,cpu      ] GC(1105) User=0.45s Sys=0.10s Real=0.63s
[2026-01-16T09:44:41.352+0000][gc,start    ] GC(1106) Pause Young (Normal) (G1 Evacuation Pause)
[2026-01-16T09:44:41.364+0000][gc,task     ] GC(1106) Using 8 workers of 8 for evacuation
[2026-01-16T09:44:41.590+0000][gc,mmu      ] GC(1106) MMU target violated: 201.0ms (200.0ms/201.0ms)
[2026-01-16T09:44:41.590+0000][gc,phases   ] GC(1106)   Pre Evacuate Collection Set: 72.7ms
[2026-01-16T09:44:41.590+0000][gc,phases   ] GC(1106)   Merge Heap Roots: 5.2ms
[2026-01-16T09:44:41.590+0000][gc,phases   ] GC(1106)   Evacuate Collection Set: 109.0ms
[2026-01-16T09:44:41.590+0000][gc,phases   ] GC(1106)   Post Evacuate Collection Set: 30.9ms
[2026-01-16T09:44:41.592+0000][gc,phases   ] GC(1106)   Other: 7.9ms
[2026-01-16T09:44:41.593+0000][gc,heap     ] GC(1106) Eden regions: 47->0(49)
[2026-01-16T09:44:41.593+0000][gc,heap     ] GC(1106) Survivor regions: 4->2(7)
[2026-01-16T09:44:41.593+0000][gc,heap     ] GC(1106) Old regions: 159->159
[2026-01-16T09:44:41.593+0000][gc,heap     ] GC(1106) Humongous regions: 167->167
[2026-01-16T09:44:41.593+0000][gc,metaspace] GC(1106) Metaspace: 15596K(15936K)->15596K(15936K) NonClass: 13843K(14016K)->13843K(14016K) Class: 1753K(1920K)->1753K(1920K)
[2026-01-16T09:44:41.594+0000][gc          ] GC(1106) Pause Young (Normal) (G1 Evacuation Pause) 376M->327M(1024M) 241.722ms
[2026-01-16T09:44:41.595+0000][gc,cpu      ] GC(1106) User=0.11s Sys=0.01s Real=0.24s
[2026-01-16T09:44:43.740+0000][gc,start    ] GC(1107) Pause Young (Normal) (G1 Evacuation Pause)
[2026-01-16T09:44:43.742+0000][gc,task     ] GC(1107) Using 8 workers of 8 for evacuation
[2026-01-16T09:44:43.827+0000][gc,phases   ] GC(1107)   Pre Evacuate Collection Set: 13.7ms
[2026-01-16T09:44:43.827+0000][gc,phases   ] GC(1107)   Merge Heap Roots: 0.9ms
[2026-01-16T09:44:43.828+0000][gc,phases   ] GC(1107)   Evacuate Collection Set: 60.0ms
[2026-01-16T09:44:43.829+0000][gc,phases   ] GC(1107)   Post Evacuate Collection Set: 9.9ms
[2026-01-16T09:44:43.830+0000][gc,phases   ] GC(1107)   Other: 0.5ms
[2026-01-16T09:44:43.830+0000][gc,heap     ] GC(1107) Eden regions: 49->0(48)
[2026-01-16T09:44:43.830+0000][gc,heap     ] GC(1107) Survivor regions: 2->3(7)
[2026-01-16T09:44:43.831+0000][gc,heap     ] GC(1107) Old regions: 159->159
[2026-01-16T09:44:43.832+0000][gc,heap     ] GC(1107) Humongous regions: 167->167
[2026-01-16T09:44:43.833+0000][gc,metaspace] GC(1107) Metaspace: 15598K(15936K)->15598K(15936K) NonClass: 13844K(14016K)->13844K(14016K) Class: 1753K(1920K)->1753K(1920K)
[2026-01-16T09:44:43.833+0000][gc          ] GC(1107) Pause Young (Normal) (G1 Evacuation Pause) 376M->328M(1024M) 93.248ms
[2026-01-16T09:44:43.833+0000][gc,cpu      ] GC(1107) User=0.14s Sys=0.01s Real=0.09s
[2026-01-16T09:44:44.368+0000][gc,start    ] GC(1108) Pause Young (Normal) (G1 Evacuation Pause)
[2026-01-16T09:44:44.368+0000][gc,task     ] GC(1108) Using 8 workers of 8 for evacuation
[2026-01-16T09:44:44.440+0000][gc,phases   ] GC(1108)   Pre Evacuate Collection Set: 3.3ms
[2026-01-16T09:44:44.444+0000][gc,phases   ] GC(1108)   Merge Heap Roots: 5.4ms
[2026-01-16T09:44:44.445+0000][gc,phases   ] GC(1108)   Evacuate Collection Set: 58.4ms
[2026-01-16T09:44:44.446+0000][gc,phases   ] GC(1108)   Post Evacuate Collection Set: 2.4ms
[2026-01-16T09:44:44.447+0000][gc,phases   ] GC(1108)   Other: 2.3ms
[2026-01-16T09:44:44.449+0000][gc,heap     ] GC(1108) Eden regions: 48->0(47)
[2026-01-16T09:44:44.449+0000][gc,heap     ] GC(1108) Survivor regions: 3->4(7)
[2026-01-16T09:44:44.450+0000][gc,heap     ] GC(1108) Old regions: 159->159
[2026-01-16T09:44:44.450+0000][gc,heap     ] GC(1108) Humongous regions: 167->167
[2026-01-16T09:44:44.451+0000][gc,metaspace] GC(1108) Metaspace: 15598K(15936K)->15598K(15936K) NonClass: 13844K(14016K)->13844K(14016K) Class: 1753K(1920K)->1753K(1920K)
[2026-01-16T09:44:44.467+0000][gc          ] GC(1108) Pause Young (Normal) (G1 Evacuation Pause) 376M->328M(1024M) 99.588ms
[2026-01-16T09:44:44.469+0000][gc,cpu      ] GC(1108) User=0.04s Sys=0.02s Real=0.10s
[2026-01-16T09:44:45.188+0000][gc,start    ] GC(1109) Pause Young (Normal) (G1 Evacuation Pause)
[2026-01-16T09:44:45.190+0000][gc,task     ] GC(1109) Using 8 workers of 8 for evacuation
[2026-01-16T09:44:45.221+0000][gc,phases   ] GC(1109)   Pre Evacuate Collection Set: 2.1ms
[2026-01-16T09:44:45.222+0000][gc,phases   ] GC(1109)   Merge Heap Roots: 0.2ms
[2026-01-16T09:44:45.223+0000][gc,phases   ] GC(1109)   Evacuate Collection Set: 26.3ms
[2026-01-16T09:44:45.223+0000][gc,phases   ] GC(1109)   Post Evacuate Collection Set: 1.8ms
[2026-01-16T09:44:45.223+0000][gc,phases   ] GC(1109)   Other: 0.7ms
[2026-01-16T09:44:45.223+0000][gc,heap     ] GC(1109) Eden regions: 47->0(101)
[2026-01-16T09:44:45.223+0000][gc,heap     ] GC(1109) Survivor regions: 4->3(7)
[2026-01-16T09:44:45.223+0000][gc,heap     ] GC(1109) Old regions: 159->159
[2026-01-16T09:44:45.223+0000][gc,heap     ] GC(1109) Humongous regions: 167->167
[2026-01-16T09:44:45.224+0000][gc,metaspace] GC(1109) Metaspace: 15598K(15936K)->15598K(15936K) NonClass: 13844K(14016K)->13844K(14016K) Class: 1753K(1920K)->1753K(1920K)
[2026-01-16T09:44:45.224+0000][gc          ] GC(1109) Pause Young (Normal) (G1 Evacuation Pause) 375M->328M(1024M) 36.387ms
[2026-01-16T09:44:45.224+0000][gc,cpu      ] GC(1109) User=0.07s Sys=0.01s Real=0.03s
[2026-01-16T09:44:56.350+0000][gc,start    ] GC(1110) Pause Young (Normal) (G1 Evacuation Pause)
[2026-01-16T09:44:56.368+0000][gc,task     ] GC(1110) Using 8 workers of 8 for evacuation
[2026-01-16T09:44:57.488+0000][gc,mmu      ] GC(1110) MMU target violated: 201.0ms (200.0ms/201.0ms)
[2026-01-16T09:44:57.490+0000][gc,phases   ] GC(1110)   Pre Evacuate Collection Set: 122.7ms
[2026-01-16T09:44:57.492+0000][gc,phases   ] GC(1110)   Merge Heap Roots: 55.4ms
[2026-01-16T09:44:57.493+0000][gc,phases   ] GC(1110)   Evacuate Collection Set: 865.4ms
[2026-01-16T09:44:57.494+0000][gc,phases   ] GC(1110)   Post Evacuate Collection Set: 62.0ms
[2026-01-16T09:44:57.494+0000][gc,phases   ] GC(1110)   Other: 19.1ms
[2026-01-16T09:44:57.495+0000][gc,heap     ] GC(1110) Eden regions: 101->0(49)
[2026-01-16T09:44:57.495+0000][gc,heap     ] GC(1110) Survivor regions: 3->2(13)
[2026-01-16T09:44:57.495+0000][gc,heap     ] GC(1110) Old regions: 159->159
[2026-01-16T09:44:57.495+0000][gc,heap     ] GC(1110) Humongous regions: 167->167
[2026-01-16T09:44:57.496+0000][gc,metaspace] GC(1110) Metaspace: 15598K(15936K)->15598K(15936K) NonClass: 13844K(14016K)->13844K(14016K) Class: 1753K(1920K)->1753K(1920K)
[2026-01-16T09:44:57.497+0000][gc          ] GC(1110) Pause Young (Normal) (G1 Evacuation Pause) 429M->327M(1024M) 1147.059ms
[2026-01-16T09:44:57.499+0000][gc,cpu      ] GC(1110) User=0.46s Sys=0.05s Real=1.15s
[2026-01-16T09:44:59.564+0000][gc,start    ] GC(1111) Pause Young (Normal) (G1 Evacuation Pause)
[2026-01-16T09:44:59.566+0000][gc,task     ] GC(1111) Using 8 workers of 8 for evacuation
[2026-01-16T09:44:59.776+0000][gc,mmu      ] GC(1111) MMU target violated: 201.0ms (200.0ms/201.0ms)
[2026-01-16T09:44:59.778+0000][gc,phases   ] GC(1111)   Pre Evacuate Collection Set: 21.2ms
[2026-01-16T09:44:59.778+0000][gc,phases   ] GC(1111)   Merge Heap Roots: 0.4ms
[2026-01-16T09:44:59.778+0000][gc,phases   ] GC(1111)   Evacuate Collection Set: 176.7ms
[2026-01-16T09:44:59.779+0000][gc,phases   ] GC(1111)   Post Evacuate Collection Set: 9.6ms
[2026-01-16T09:44:59.779+0000][gc,phases   ] GC(1111)   Other: 4.2ms
[2026-01-16T09:44:59.782+0000][gc,heap     ] GC(1111) Eden regions: 49->0(48)
[2026-01-16T09:44:59.785+0000][gc,heap     ] GC(1111) Survivor regions: 2->3(7)
[2026-01-16T09:44:59.786+0000][gc,heap     ] GC(1111) Old regions: 159->159
[2026-01-16T09:44:59.786+0000][gc,heap     ] GC(1111) Humongous regions: 167->167
[2026-01-16T09:44:59.786+0000][gc,metaspace] GC(1111) Metaspace: 15598K(15936K)->15598K(15936K) NonClass: 13844K(14016K)->13844K(14016K) Class: 1753K(1920K)->1753K(1920K)
[2026-01-16T09:44:59.787+0000][gc          ] GC(1111) Pause Young (Normal) (G1 Evacuation Pause) 376M->328M(1024M) 222.767ms
[2026-01-16T09:44:59.787+0000][gc,cpu      ] GC(1111) User=0.14s Sys=0.00s Real=0.23s
[2026-01-16T09:45:00.828+0000][gc,start    ] GC(1112) Pause Young (Normal) (G1 Evacuation Pause)
[2026-01-16T09:45:00.829+0000][gc,task     ] GC(1112) Using 8 workers of 8 for evacuation
[2026-01-16T09:45:00.987+0000][gc,phases   ] GC(1112)   Pre Evacuate Collection Set: 2.2ms
[2026-01-16T09:45:00.988+0000][gc,phases   ] GC(1112)   Merge Heap Roots: 0.2ms
[2026-01-16T09:45:00.989+0000][gc,phases   ] GC(1112)   Evacuate Collection Set: 151.3ms
[2026-01-16T09:45:00.989+0000][gc,phases   ] GC(1112)   Post Evacuate Collection Set: 3.1ms
[2026-01-16T09:45:00.990+0000][gc,phases   ] GC(1112)   Other: 0.8ms
[2026-01-16T09:45:00.990+0000][gc,heap     ] GC(1112) Eden regions: 48->0(47)
[2026-01-16T09:45:00.990+0000][gc,heap     ] GC(1112) Survivor regions: 3->4(7)
[2026-01-16T09:45:00.991+0000][gc,heap     ] GC(1112) Old regions: 159->159
[2026-01-16T09:45:00.992+0000][gc,heap     ] GC(1112) Humongous regions: 167->167
[2026-01-16T09:45:00.992+0000][gc,metaspace] GC(1112) Metaspace: 15598K(15936K)->15598K(15936K) NonClass: 13844K(14016K)->13844K(14016K) Class: 1753K(1920K)->1753K(1920K)
[2026-01-16T09:45:00.993+0000][gc          ] GC(1112) Pause Young (Normal) (G1 Evacuation Pause) 376M->329M(1024M) 164.312ms
[2026-01-16T09:45:01.004+0000][gc,cpu      ] GC(1112) User=0.09s Sys=0.00s Real=0.17s
[2026-01-16T09:45:03.378+0000][gc,start    ] GC(1113) Pause Young (Normal) (G1 Evacuation Pause)
[2026-01-16T09:45:03.402+0000][gc,task     ] GC(1113) Using 8 workers of 8 for evacuation
[2026-01-16T09:45:03.511+0000][gc,phases   ] GC(1113)   Pre Evacuate Collection Set: 3.7ms
[2026-01-16T09:45:03.511+0000][gc,phases   ] GC(1113)   Merge Heap Roots: 4.5ms
[2026-01-16T09:45:03.511+0000][gc,phases   ] GC(1113)   Evacuate Collection Set: 80.3ms
[2026-01-16T09:45:03.511+0000][gc,phases   ] GC(1113)   Post Evacuate Collection Set: 9.4ms
[2026-01-16T09:45:03.511+0000][gc,phases   ] GC(1113)   Other: 11.4ms
[2026-01-16T09:45:03.512+0000][gc,heap     ] GC(1113) Eden regions: 47->0(49)
[2026-01-16T09:45:03.512+0000][gc,heap     ] GC(1113) Survivor regions: 4->2(7)
[2026-01-16T09:45:03.512+0000][gc,heap     ] GC(1113) Old regions: 159->159
[2026-01-16T09:45:03.512+0000][gc,heap     ] GC(1113) Humongous regions: 167->167
[2026-01-16T09:45:03.512+0000][gc,metaspace] GC(1113) Metaspace: 15598K(15936K)->15598K(15936K) NonClass: 13844K(14016K)->13844K(14016K) Class: 1753K(1920K)->1753K(1920K)
[2026-01-16T09:45:03.512+0000][gc          ] GC(1113) Pause Young (Normal) (G1 Evacuation Pause) 376M->327M(1024M) 134.100ms
[2026-01-16T09:45:03.512+0000][gc,cpu      ] GC(1113) User=0.10s Sys=0.01s Real=0.13s
[2026-01-16T09:45:04.667+0000][gc,start    ] GC(1114) Pause Young (Normal) (G1 Evacuation Pause)
[2026-01-16T09:45:04.677+0000][gc,task     ] GC(1114) Using 8 workers of 8 for evacuation
[2026-01-16T09:45:04.796+0000][gc,phases   ] GC(1114)   Pre Evacuate Collection Set: 11.2ms
[2026-01-16T09:45:04.797+0000][gc,phases   ] GC(1114)   Merge Heap Roots: 5.6ms
[2026-01-16T09:45:04.797+0000][gc,phases   ] GC(1114)   Evacuate Collection Set: 93.7ms
[2026-01-16T09:45:04.797+0000][gc,phases   ] GC(1114)   Post Evacuate Collection Set: 6.7ms
[2026-01-16T09:45:04.797+0000][gc,phases   ] GC(1114)   Other: 2.1ms
[2026-01-16T09:45:04.798+0000][gc,heap     ] GC(1114) Eden regions: 49->0(48)
[2026-01-16T09:45:04.798+0000][gc,heap     ] GC(1114) Survivor regions: 2->3(7)
[2026-01-16T09:45:04.798+0000][gc,heap     ] GC(1114) Old regions: 159->159
[2026-01-16T09:45:04.798+0000][gc,heap     ] GC(1114) Humongous regions: 167->167
[2026-01-16T09:45:04.798+0000][gc,metaspace] GC(1114) Metaspace: 15598K(15936K)->15598K(15936K) NonClass: 13844K(14016K)->13844K(14016K) Class: 1753K(1920K)->1753K(1920K)
[2026-01-16T09:45:04.798+0000][gc          ] GC(1114) Pause Young (Normal) (G1 Evacuation Pause) 376M->327M(1024M) 131.255ms
[2026-01-16T09:45:04.798+0000][gc,cpu      ] GC(1114) User=0.11s Sys=0.03s Real=0.14s
[2026-01-16T09:45:06.646+0000][gc,start    ] GC(1115) Pause Young (Normal) (G1 Evacuation Pause)
[2026-01-16T09:45:06.648+0000][gc,task     ] GC(1115) Using 8 workers of 8 for evacuation
[2026-01-16T09:45:06.741+0000][gc,phases   ] GC(1115)   Pre Evacuate Collection Set: 8.0ms
[2026-01-16T09:45:06.741+0000][gc,phases   ] GC(1115)   Merge Heap Roots: 0.8ms
[2026-01-16T09:45:06.741+0000][gc,phases   ] GC(1115)   Evacuate Collection Set: 80.5ms
[2026-01-16T09:45:06.742+0000][gc,phases   ] GC(1115)   Post Evacuate Collection Set: 2.2ms
[2026-01-16T09:45:06.742+0000][gc,phases   ] GC(1115)   Other: 1.1ms
[2026-01-16T09:45:06.743+0000][gc,heap     ] GC(1115) Eden regions: 48->0(48)
[2026-01-16T09:45:06.743+0000][gc,heap     ] GC(1115) Survivor regions: 3->3(7)
[2026-01-16T09:45:06.745+0000][gc,heap     ] GC(1115) Old regions: 159->159
[2026-01-16T09:45:06.746+0000][gc,heap     ] GC(1115) Humongous regions: 167->167
[2026-01-16T09:45:06.746+0000][gc,metaspace] GC(1115) Metaspace: 15598K(15936K)->15598K(15936K) NonClass: 13845K(14016K)->13845K(14016K) Class: 1753K(1920K)->1753K(1920K)
[2026-01-16T09:45:06.749+0000][gc          ] GC(1115) Pause Young (Normal) (G1 Evacuation Pause) 375M->328M(1024M) 103.091ms
[2026-01-16T09:45:06.749+0000][gc,cpu      ] GC(1115) User=0.10s Sys=0.01s Real=0.11s
[2026-01-16T09:45:07.829+0000][gc,start    ] GC(1116) Pause Young (Normal) (G1 Evacuation Pause)
[2026-01-16T09:45:07.831+0000][gc,task     ] GC(1116) Using 8 workers of 8 for evacuation
[2026-01-16T09:45:07.917+0000][gc,phases   ] GC(1116)   Pre Evacuate Collection Set: 1.0ms
[2026-01-16T09:45:07.917+0000][gc,phases   ] GC(1116)   Merge Heap Roots: 2.2ms
[2026-01-16T09:45:07.917+0000][gc,phases   ] GC(1116)   Evacuate Collection Set: 77.6ms
[2026-01-16T09:45:07.918+0000][gc,phases   ] GC(1116)   Post Evacuate Collection Set: 4.2ms
[2026-01-16T09:45:07.918+0000][gc,phases   ] GC(1116)   Other: 1.0ms
[2026-01-16T09:45:07.918+0000][gc,heap     ] GC(1116) Eden regions: 48->0(47)
[2026-01-16T09:45:07.918+0000][gc,heap     ] GC(1116) Survivor regions: 3->4(7)
[2026-01-16T09:45:07.918+0000][gc,heap     ] GC(1116) Old regions: 159->159
[2026-01-16T09:45:07.918+0000][gc,heap     ] GC(1116) Humongous regions: 167->167
[2026-01-16T09:45:07.918+0000][gc,metaspace] GC(1116) Metaspace: 15598K(15936K)->15598K(15936K) NonClass: 13845K(14016K)->13845K(14016K) Class: 1753K(1920K)->1753K(1920K)
[2026-01-16T09:45:07.918+0000][gc          ] GC(1116) Pause Young (Normal) (G1 Evacuation Pause) 376M->329M(1024M) 88.589ms
[2026-01-16T09:45:07.918+0000][gc,cpu      ] GC(1116) User=0.07s Sys=0.01s Real=0.09s
[2026-01-16T09:45:15.473+0000][gc,start    ] GC(1117) Pause Young (Normal) (G1 Evacuation Pause)
[2026-01-16T09:45:15.475+0000][gc,task     ] GC(1117) Using 8 workers of 8 for evacuation
[2026-01-16T09:45:15.874+0000][gc,mmu      ] GC(1117) MMU target violated: 201.0ms (200.0ms/201.0ms)
[2026-01-16T09:45:15.875+0000][gc,phases   ] GC(1117)   Pre Evacuate Collection Set: 27.9ms
[2026-01-16T09:45:15.875+0000][gc,phases   ] GC(1117)   Merge Heap Roots: 1.1ms
[2026-01-16T09:45:15.875+0000][gc,phases   ] GC(1117)   Evacuate Collection Set: 351.3ms
[2026-01-16T09:45:15.875+0000][gc,phases   ] GC(1117)   Post Evacuate Collection Set: 18.4ms
[2026-01-16T09:45:15.877+0000][gc,phases   ] GC(1117)   Other: 1.8ms
[2026-01-16T09:45:15.878+0000][gc,heap     ] GC(1117) Eden regions: 47->0(49)
[2026-01-16T09:45:15.878+0000][gc,heap     ] GC(1117) Survivor regions: 4->2(7)
[2026-01-16T09:45:15.879+0000][gc,heap     ] GC(1117) Old regions: 159->159
[2026-01-16T09:45:15.879+0000][gc,heap     ] GC(1117) Humongous regions: 167->167
[2026-01-16T09:45:15.880+0000][gc,metaspace] GC(1117) Metaspace: 15599K(15936K)->15599K(15936K) NonClass: 13846K(14016K)->13846K(14016K) Class: 1753K(1920K)->1753K(1920K)
[2026-01-16T09:45:15.881+0000][gc          ] GC(1117) Pause Young (Normal) (G1 Evacuation Pause) 376M->327M(1024M) 408.330ms
[2026-01-16T09:45:15.881+0000][gc,cpu      ] GC(1117) User=0.13s Sys=0.00s Real=0.40s
[2026-01-16T09:45:17.283+0000][gc,start    ] GC(1118) Pause Young (Normal) (G1 Evacuation Pause)
[2026-01-16T09:45:17.288+0000][gc,task     ] GC(1118) Using 8 workers of 8 for evacuation
[2026-01-16T09:45:17.375+0000][gc,phases   ] GC(1118)   Pre Evacuate Collection Set: 10.9ms
[2026-01-16T09:45:17.377+0000][gc,phases   ] GC(1118)   Merge Heap Roots: 0.7ms
[2026-01-16T09:45:17.377+0000][gc,phases   ] GC(1118)   Evacuate Collection Set: 54.3ms
[2026-01-16T09:45:17.377+0000][gc,phases   ] GC(1118)   Post Evacuate Collection Set: 20.4ms
[2026-01-16T09:45:17.378+0000][gc,phases   ] GC(1118)   Other: 0.7ms
[2026-01-16T09:45:17.378+0000][gc,heap     ] GC(1118) Eden regions: 49->0(48)
[2026-01-16T09:45:17.378+0000][gc,heap     ] GC(1118) Survivor regions: 2->3(7)
[2026-01-16T09:45:17.378+0000][gc,heap     ] GC(1118) Old regions: 159->160
[2026-01-16T09:45:17.378+0000][gc,heap     ] GC(1118) Humongous regions: 167->167
[2026-01-16T09:45:17.378+0000][gc,metaspace] GC(1118) Metaspace: 15599K(15936K)->15599K(15936K) NonClass: 13846K(14016K)->13846K(14016K) Class: 1753K(1920K)->1753K(1920K)
[2026-01-16T09:45:17.378+0000][gc          ] GC(1118) Pause Young (Normal) (G1 Evacuation Pause) 376M->328M(1024M) 95.424ms
[2026-01-16T09:45:17.378+0000][gc,cpu      ] GC(1118) User=0.13s Sys=0.00s Real=0.09s
[2026-01-16T09:45:19.002+0000][gc,start    ] GC(1119) Pause Young (Normal) (G1 Evacuation Pause)
[2026-01-16T09:45:19.006+0000][gc,task     ] GC(1119) Using 8 workers of 8 for evacuation
[2026-01-16T09:45:19.327+0000][gc,mmu      ] GC(1119) MMU target violated: 201.0ms (200.0ms/201.0ms)
[2026-01-16T09:45:19.331+0000][gc,phases   ] GC(1119)   Pre Evacuate Collection Set: 23.4ms
[2026-01-16T09:45:19.332+0000][gc,phases   ] GC(1119)   Merge Heap Roots: 92.9ms
[2026-01-16T09:45:19.333+0000][gc,phases   ] GC(1119)   Evacuate Collection Set: 190.6ms
[2026-01-16T09:45:19.336+0000][gc,phases   ] GC(1119)   Post Evacuate Collection Set: 9.3ms
[2026-01-16T09:45:19.336+0000][gc,phases   ] GC(1119)   Other: 8.9ms
[2026-01-16T09:45:19.347+0000][gc,heap     ] GC(1119) Eden regions: 48->0(47)
[2026-01-16T09:45:19.347+0000][gc,heap     ] GC(1119) Survivor regions: 3->4(7)
[2026-01-16T09:45:19.347+0000][gc,heap     ] GC(1119) Old regions: 160->160
[2026-01-16T09:45:19.350+0000][gc,heap     ] GC(1119) Humongous regions: 167->167
[2026-01-16T09:45:19.354+0000][gc,metaspace] GC(1119) Metaspace: 15599K(15936K)->15599K(15936K) NonClass: 13846K(14016K)->13846K(14016K) Class: 1753K(1920K)->1753K(1920K)
[2026-01-16T09:45:19.355+0000][gc          ] GC(1119) Pause Young (Normal) (G1 Evacuation Pause) 376M->329M(1024M) 353.590ms
[2026-01-16T09:45:19.360+0000][gc,cpu      ] GC(1119) User=0.11s Sys=0.01s Real=0.36s
[2026-01-16T09:45:20.069+0000][gc,start    ] GC(1120) Pause Young (Normal) (G1 Evacuation Pause)
[2026-01-16T09:45:20.069+0000][gc,task     ] GC(1120) Using 8 workers of 8 for evacuation
[2026-01-16T09:45:20.162+0000][gc,phases   ] GC(1120)   Pre Evacuate Collection Set: 5.8ms
[2026-01-16T09:45:20.162+0000][gc,phases   ] GC(1120)   Merge Heap Roots: 0.6ms
[2026-01-16T09:45:20.162+0000][gc,phases   ] GC(1120)   Evacuate Collection Set: 84.9ms
[2026-01-16T09:45:20.162+0000][gc,phases   ] GC(1120)   Post Evacuate Collection Set: 0.9ms
[2026-01-16T09:45:20.162+0000][gc,phases   ] GC(1120)   Other: 0.7ms
[2026-01-16T09:45:20.162+0000][gc,heap     ] GC(1120) Eden regions: 47->0(47)
[2026-01-16T09:45:20.162+0000][gc,heap     ] GC(1120) Survivor regions: 4->4(7)
[2026-01-16T09:45:20.162+0000][gc,heap     ] GC(1120) Old regions: 160->160
[2026-01-16T09:45:20.162+0000][gc,heap     ] GC(1120) Humongous regions: 167->167
[2026-01-16T09:45:20.162+0000][gc,metaspace] GC(1120) Metaspace: 15599K(15936K)->15599K(15936K) NonClass: 13846K(14016K)->13846K(14016K) Class: 1753K(1920K)->1753K(1920K)
[2026-01-16T09:45:20.163+0000][gc          ] GC(1120) Pause Young (Normal) (G1 Evacuation Pause) 376M->329M(1024M) 93.960ms
[2026-01-16T09:45:20.163+0000][gc,cpu      ] GC(1120) User=0.09s Sys=0.01s Real=0.10s
[2026-01-16T09:45:23.775+0000][gc,start    ] GC(1121) Pause Young (Normal) (G1 Evacuation Pause)
[2026-01-16T09:45:23.777+0000][gc,task     ] GC(1121) Using 8 workers of 8 for evacuation
[2026-01-16T09:45:23.840+0000][gc,phases   ] GC(1121)   Pre Evacuate Collection Set: 15.1ms
[2026-01-16T09:45:23.841+0000][gc,phases   ] GC(1121)   Merge Heap Roots: 3.0ms
[2026-01-16T09:45:23.843+0000][gc,phases   ] GC(1121)   Evacuate Collection Set: 35.5ms
[2026-01-16T09:45:23.843+0000][gc,phases   ] GC(1121)   Post Evacuate Collection Set: 4.9ms
[2026-01-16T09:45:23.843+0000][gc,phases   ] GC(1121)   Other: 5.1ms
[2026-01-16T09:45:23.844+0000][gc,heap     ] GC(1121) Eden regions: 47->0(95)
[2026-01-16T09:45:23.846+0000][gc,heap     ] GC(1121) Survivor regions: 4->2(7)
[2026-01-16T09:45:23.848+0000][gc,heap     ] GC(1121) Old regions: 160->160
[2026-01-16T09:45:23.848+0000][gc,heap     ] GC(1121) Humongous regions: 167->167
[2026-01-16T09:45:23.849+0000][gc,metaspace] GC(1121) Metaspace: 15599K(15936K)->15599K(15936K) NonClass: 13846K(14016K)->13846K(14016K) Class: 1753K(1920K)->1753K(1920K)
[2026-01-16T09:45:23.850+0000][gc          ] GC(1121) Pause Young (Normal) (G1 Evacuation Pause) 376M->328M(1024M) 75.078ms
[2026-01-16T09:45:23.850+0000][gc,cpu      ] GC(1121) User=0.10s Sys=0.01s Real=0.08s
[2026-01-16T09:45:26.545+0000][gc,start    ] GC(1122) Pause Young (Normal) (G1 Evacuation Pause)
[2026-01-16T09:45:26.573+0000][gc,task     ] GC(1122) Using 8 workers of 8 for evacuation
[2026-01-16T09:45:26.795+0000][gc,phases   ] GC(1122)   Pre Evacuate Collection Set: 31.0ms
[2026-01-16T09:45:26.797+0000][gc,phases   ] GC(1122)   Merge Heap Roots: 3.7ms
[2026-01-16T09:45:26.798+0000][gc,phases   ] GC(1122)   Evacuate Collection Set: 150.7ms
[2026-01-16T09:45:26.799+0000][gc,phases   ] GC(1122)   Post Evacuate Collection Set: 13.4ms
[2026-01-16T09:45:26.799+0000][gc,phases   ] GC(1122)   Other: 23.3ms
[2026-01-16T09:45:26.799+0000][gc,heap     ] GC(1122) Eden regions: 95->0(47)
[2026-01-16T09:45:26.800+0000][gc,heap     ] GC(1122) Survivor regions: 2->4(13)
[2026-01-16T09:45:26.801+0000][gc,heap     ] GC(1122) Old regions: 160->160
[2026-01-16T09:45:26.804+0000][gc,heap     ] GC(1122) Humongous regions: 167->167
[2026-01-16T09:45:26.804+0000][gc,metaspace] GC(1122) Metaspace: 15599K(15936K)->15599K(15936K) NonClass: 13846K(14016K)->13846K(14016K) Class: 1753K(1920K)->1753K(1920K)
[2026-01-16T09:45:26.805+0000][gc          ] GC(1122) Pause Young (Normal) (G1 Evacuation Pause) 423M->329M(1024M) 267.561ms
[2026-01-16T09:45:26.808+0000][gc,cpu      ] GC(1122) User=0.20s Sys=0.01s Real=0.27s
[2026-01-16T09:45:32.934+0000][gc,start    ] GC(1123) Pause Young (Normal) (G1 Evacuation Pause)
[2026-01-16T09:45:32.936+0000][gc,task     ] GC(1123) Using 8 workers of 8 for evacuation
[2026-01-16T09:45:33.072+0000][gc,phases   ] GC(1123)   Pre Evacuate Collection Set: 11.2ms
[2026-01-16T09:45:33.072+0000][gc,phases   ] GC(1123)   Merge Heap Roots: 8.6ms
[2026-01-16T09:45:33.072+0000][gc,phases   ] GC(1123)   Evacuate Collection Set: 96.8ms
[2026-01-16T09:45:33.072+0000][gc,phases   ] GC(1123)   Post Evacuate Collection Set: 18.6ms
[2026-01-16T09:45:33.072+0000][gc,phases   ] GC(1123)   Other: 1.1ms
[2026-01-16T09:45:33.073+0000][gc,heap     ] GC(1123) Eden regions: 47->0(122)
[2026-01-16T09:45:33.073+0000][gc,heap     ] GC(1123) Survivor regions: 4->2(7)
[2026-01-16T09:45:33.073+0000][gc,heap     ] GC(1123) Old regions: 160->160
[2026-01-16T09:45:33.073+0000][gc,heap     ] GC(1123) Humongous regions: 167->167
[2026-01-16T09:45:33.073+0000][gc,metaspace] GC(1123) Metaspace: 15599K(15936K)->15599K(15936K) NonClass: 13846K(14016K)->13846K(14016K) Class: 1753K(1920K)->1753K(1920K)
[2026-01-16T09:45:33.073+0000][gc          ] GC(1123) Pause Young (Normal) (G1 Evacuation Pause) 376M->327M(1024M) 139.138ms
[2026-01-16T09:45:33.074+0000][gc,cpu      ] GC(1123) User=0.25s Sys=0.03s Real=0.14s
[2026-01-16T09:45:36.830+0000][gc,start    ] GC(1124) Pause Young (Normal) (G1 Evacuation Pause)
[2026-01-16T09:45:36.833+0000][gc,task     ] GC(1124) Using 8 workers of 8 for evacuation
[2026-01-16T09:45:37.070+0000][gc,mmu      ] GC(1124) MMU target violated: 201.0ms (200.0ms/201.0ms)
[2026-01-16T09:45:37.071+0000][gc,phases   ] GC(1124)   Pre Evacuate Collection Set: 22.4ms
[2026-01-16T09:45:37.071+0000][gc,phases   ] GC(1124)   Merge Heap Roots: 1.0ms
[2026-01-16T09:45:37.072+0000][gc,phases   ] GC(1124)   Evacuate Collection Set: 200.6ms
[2026-01-16T09:45:37.072+0000][gc,phases   ] GC(1124)   Post Evacuate Collection Set: 8.4ms
[2026-01-16T09:45:37.073+0000][gc,phases   ] GC(1124)   Other: 6.0ms
[2026-01-16T09:45:37.073+0000][gc,heap     ] GC(1124) Eden regions: 115->0(47)
[2026-01-16T09:45:37.074+0000][gc,heap     ] GC(1124) Survivor regions: 2->4(15)
[2026-01-16T09:45:37.075+0000][gc,heap     ] GC(1124) Old regions: 160->160
[2026-01-16T09:45:37.075+0000][gc,heap     ] GC(1124) Humongous regions: 167->167
[2026-01-16T09:45:37.076+0000][gc,metaspace] GC(1124) Metaspace: 15601K(15936K)->15601K(15936K) NonClass: 13847K(14016K)->13847K(14016K) Class: 1753K(1920K)->1753K(1920K)
[2026-01-16T09:45:37.076+0000][gc          ] GC(1124) Pause Young (Normal) (G1 Evacuation Pause) 442M->329M(1024M) 246.128ms
[2026-01-16T09:45:37.078+0000][gc,cpu      ] GC(1124) User=0.38s Sys=0.01s Real=0.25s
[2026-01-16T09:45:37.914+0000][gc,start    ] GC(1125) Pause Young (Normal) (G1 Evacuation Pause)
[2026-01-16T09:45:37.917+0000][gc,task     ] GC(1125) Using 8 workers of 8 for evacuation
[2026-01-16T09:45:37.950+0000][gc,phases   ] GC(1125)   Pre Evacuate Collection Set: 0.9ms
[2026-01-16T09:45:37.951+0000][gc,phases   ] GC(1125)   Merge Heap Roots: 0.3ms
[2026-01-16T09:45:37.952+0000][gc,phases   ] GC(1125)   Evacuate Collection Set: 29.2ms
[2026-01-16T09:45:37.952+0000][gc,phases   ] GC(1125)   Post Evacuate Collection Set: 2.9ms
[2026-01-16T09:45:37.954+0000][gc,phases   ] GC(1125)   Other: 0.4ms
[2026-01-16T09:45:37.954+0000][gc,heap     ] GC(1125) Eden regions: 47->0(68)
[2026-01-16T09:45:37.955+0000][gc,heap     ] GC(1125) Survivor regions: 4->4(7)
[2026-01-16T09:45:37.956+0000][gc,heap     ] GC(1125) Old regions: 160->160
[2026-01-16T09:45:37.956+0000][gc,heap     ] GC(1125) Humongous regions: 167->167
[2026-01-16T09:45:37.956+0000][gc,metaspace] GC(1125) Metaspace: 15601K(15936K)->15601K(15936K) NonClass: 13847K(14016K)->13847K(14016K) Class: 1753K(1920K)->1753K(1920K)
[2026-01-16T09:45:37.957+0000][gc          ] GC(1125) Pause Young (Normal) (G1 Evacuation Pause) 376M->330M(1024M) 42.622ms
[2026-01-16T09:45:37.963+0000][gc,cpu      ] GC(1125) User=0.06s Sys=0.02s Real=0.05s
[2026-01-16T09:45:43.468+0000][gc,start    ] GC(1126) Pause Young (Normal) (G1 Evacuation Pause)
[2026-01-16T09:45:43.469+0000][gc,task     ] GC(1126) Using 8 workers of 8 for evacuation
[2026-01-16T09:45:43.513+0000][gc,phases   ] GC(1126)   Pre Evacuate Collection Set: 7.0ms
[2026-01-16T09:45:43.514+0000][gc,phases   ] GC(1126)   Merge Heap Roots: 0.6ms
[2026-01-16T09:45:43.514+0000][gc,phases   ] GC(1126)   Evacuate Collection Set: 30.6ms
[2026-01-16T09:45:43.514+0000][gc,phases   ] GC(1126)   Post Evacuate Collection Set: 5.9ms
[2026-01-16T09:45:43.515+0000][gc,phases   ] GC(1126)   Other: 0.7ms
[2026-01-16T09:45:43.515+0000][gc,heap     ] GC(1126) Eden regions: 67->0(209)
[2026-01-16T09:45:43.515+0000][gc,heap     ] GC(1126) Survivor regions: 4->3(9)
[2026-01-16T09:45:43.515+0000][gc,heap     ] GC(1126) Old regions: 160->160
[2026-01-16T09:45:43.515+0000][gc,heap     ] GC(1126) Humongous regions: 167->167
[2026-01-16T09:45:43.515+0000][gc,metaspace] GC(1126) Metaspace: 15601K(15936K)->15601K(15936K) NonClass: 13848K(14016K)->13848K(14016K) Class: 1753K(1920K)->1753K(1920K)
[2026-01-16T09:45:43.516+0000][gc          ] GC(1126) Pause Young (Normal) (G1 Evacuation Pause) 397M->328M(1024M) 47.749ms
[2026-01-16T09:45:43.516+0000][gc,cpu      ] GC(1126) User=0.15s Sys=0.01s Real=0.05s
[2026-01-16T09:45:59.638+0000][gc,start    ] GC(1127) Pause Young (Normal) (G1 Evacuation Pause)
[2026-01-16T09:45:59.642+0000][gc,task     ] GC(1127) Using 8 workers of 8 for evacuation
[2026-01-16T09:46:00.157+0000][gc,mmu      ] GC(1127) MMU target violated: 201.0ms (200.0ms/201.0ms)
[2026-01-16T09:46:00.166+0000][gc,phases   ] GC(1127)   Pre Evacuate Collection Set: 48.6ms
[2026-01-16T09:46:00.168+0000][gc,phases   ] GC(1127)   Merge Heap Roots: 8.8ms
[2026-01-16T09:46:00.168+0000][gc,phases   ] GC(1127)   Evacuate Collection Set: 407.9ms
[2026-01-16T09:46:00.171+0000][gc,phases   ] GC(1127)   Post Evacuate Collection Set: 47.2ms
[2026-01-16T09:46:00.171+0000][gc,phases   ] GC(1127)   Other: 12.0ms
[2026-01-16T09:46:00.173+0000][gc,heap     ] GC(1127) Eden regions: 206->0(47)
[2026-01-16T09:46:00.174+0000][gc,heap     ] GC(1127) Survivor regions: 3->4(27)
[2026-01-16T09:46:00.177+0000][gc,heap     ] GC(1127) Old regions: 160->160
[2026-01-16T09:46:00.177+0000][gc,heap     ] GC(1127) Humongous regions: 167->167
[2026-01-16T09:46:00.180+0000][gc,metaspace] GC(1127) Metaspace: 15602K(15936K)->15602K(15936K) NonClass: 13848K(14016K)->13848K(14016K) Class: 1753K(1920K)->1753K(1920K)
[2026-01-16T09:46:00.180+0000][gc          ] GC(1127) Pause Young (Normal) (G1 Evacuation Pause) 534M->329M(1024M) 542.083ms
[2026-01-16T09:46:00.184+0000][gc,cpu      ] GC(1127) User=0.52s Sys=0.05s Real=0.54s
[2026-01-16T09:46:02.511+0000][gc,start    ] GC(1128) Pause Young (Normal) (G1 Evacuation Pause)
[2026-01-16T09:46:02.512+0000][gc,task     ] GC(1128) Using 8 workers of 8 for evacuation
[2026-01-16T09:46:02.755+0000][gc,mmu      ] GC(1128) MMU target violated: 201.0ms (200.0ms/201.0ms)
[2026-01-16T09:46:02.756+0000][gc,phases   ] GC(1128)   Pre Evacuate Collection Set: 32.6ms
[2026-01-16T09:46:02.756+0000][gc,phases   ] GC(1128)   Merge Heap Roots: 0.6ms
[2026-01-16T09:46:02.759+0000][gc,phases   ] GC(1128)   Evacuate Collection Set: 185.3ms
[2026-01-16T09:46:02.775+0000][gc,phases   ] GC(1128)   Post Evacuate Collection Set: 19.9ms
[2026-01-16T09:46:02.777+0000][gc,phases   ] GC(1128)   Other: 5.1ms
[2026-01-16T09:46:02.780+0000][gc,heap     ] GC(1128) Eden regions: 47->0(47)
[2026-01-16T09:46:02.780+0000][gc,heap     ] GC(1128) Survivor regions: 4->4(7)
[2026-01-16T09:46:02.780+0000][gc,heap     ] GC(1128) Old regions: 160->160
[2026-01-16T09:46:02.781+0000][gc,heap     ] GC(1128) Humongous regions: 167->167
[2026-01-16T09:46:02.781+0000][gc,metaspace] GC(1128) Metaspace: 15602K(15936K)->15602K(15936K) NonClass: 13848K(14016K)->13848K(14016K) Class: 1753K(1920K)->1753K(1920K)
[2026-01-16T09:46:02.782+0000][gc          ] GC(1128) Pause Young (Normal) (G1 Evacuation Pause) 376M->330M(1024M) 270.775ms
[2026-01-16T09:46:02.783+0000][gc,cpu      ] GC(1128) User=0.15s Sys=0.01s Real=0.27s
[2026-01-16T09:46:03.646+0000][gc,start    ] GC(1129) Pause Young (Normal) (G1 Evacuation Pause)
[2026-01-16T09:46:03.648+0000][gc,task     ] GC(1129) Using 8 workers of 8 for evacuation
[2026-01-16T09:46:03.715+0000][gc,phases   ] GC(1129)   Pre Evacuate Collection Set: 5.2ms
[2026-01-16T09:46:03.716+0000][gc,phases   ] GC(1129)   Merge Heap Roots: 0.1ms
[2026-01-16T09:46:03.719+0000][gc,phases   ] GC(1129)   Evacuate Collection Set: 52.2ms
[2026-01-16T09:46:03.720+0000][gc,phases   ] GC(1129)   Post Evacuate Collection Set: 1.6ms
[2026-01-16T09:46:03.720+0000][gc,phases   ] GC(1129)   Other: 8.1ms
[2026-01-16T09:46:03.720+0000][gc,heap     ] GC(1129) Eden regions: 47->0(46)
[2026-01-16T09:46:03.720+0000][gc,heap     ] GC(1129) Survivor regions: 4->5(7)
[2026-01-16T09:46:03.721+0000][gc,heap     ] GC(1129) Old regions: 160->160
[2026-01-16T09:46:03.721+0000][gc,heap     ] GC(1129) Humongous regions: 167->167
[2026-01-16T09:46:03.721+0000][gc,metaspace] GC(1129) Metaspace: 15602K(15936K)->15602K(15936K) NonClass: 13848K(14016K)->13848K(14016K) Class: 1753K(1920K)->1753K(1920K)
[2026-01-16T09:46:03.721+0000][gc          ] GC(1129) Pause Young (Normal) (G1 Evacuation Pause) 377M->331M(1024M) 75.642ms
[2026-01-16T09:46:03.722+0000][gc,cpu      ] GC(1129) User=0.10s Sys=0.01s Real=0.08s
[2026-01-16T09:46:03.929+0000][gc,start    ] GC(1130) Pause Young (Normal) (G1 Evacuation Pause)
[2026-01-16T09:46:03.930+0000][gc,task     ] GC(1130) Using 8 workers of 8 for evacuation
[2026-01-16T09:46:04.003+0000][gc,phases   ] GC(1130)   Pre Evacuate Collection Set: 3.8ms
[2026-01-16T09:46:04.003+0000][gc,phases   ] GC(1130)   Merge Heap Roots: 0.5ms
[2026-01-16T09:46:04.003+0000][gc,phases   ] GC(1130)   Evacuate Collection Set: 67.1ms
[2026-01-16T09:46:04.004+0000][gc,phases   ] GC(1130)   Post Evacuate Collection Set: 1.2ms
[2026-01-16T09:46:04.004+0000][gc,phases   ] GC(1130)   Other: 0.7ms
[2026-01-16T09:46:04.004+0000][gc,heap     ] GC(1130) Eden regions: 46->0(46)
[2026-01-16T09:46:04.005+0000][gc,heap     ] GC(1130) Survivor regions: 5->5(7)
[2026-01-16T09:46:04.005+0000][gc,heap     ] GC(1130) Old regions: 160->161
[2026-01-16T09:46:04.005+0000][gc,heap     ] GC(1130) Humongous regions: 167->167
[2026-01-16T09:46:04.005+0000][gc,metaspace] GC(1130) Metaspace: 15602K(15936K)->15602K(15936K) NonClass: 13848K(14016K)->13848K(14016K) Class: 1753K(1920K)->1753K(1920K)
[2026-01-16T09:46:04.006+0000][gc          ] GC(1130) Pause Young (Normal) (G1 Evacuation Pause) 377M->331M(1024M) 77.029ms
[2026-01-16T09:46:04.006+0000][gc,cpu      ] GC(1130) User=0.11s Sys=0.02s Real=0.07s
[2026-01-16T09:46:04.435+0000][gc,start    ] GC(1131) Pause Young (Normal) (G1 Evacuation Pause)
[2026-01-16T09:46:04.438+0000][gc,task     ] GC(1131) Using 8 workers of 8 for evacuation
[2026-01-16T09:46:04.511+0000][gc,phases   ] GC(1131)   Pre Evacuate Collection Set: 2.5ms
[2026-01-16T09:46:04.511+0000][gc,phases   ] GC(1131)   Merge Heap Roots: 0.3ms
[2026-01-16T09:46:04.512+0000][gc,phases   ] GC(1131)   Evacuate Collection Set: 61.5ms
[2026-01-16T09:46:04.512+0000][gc,phases   ] GC(1131)   Post Evacuate Collection Set: 7.7ms
[2026-01-16T09:46:04.512+0000][gc,phases   ] GC(1131)   Other: 0.6ms
[2026-01-16T09:46:04.514+0000][gc,heap     ] GC(1131) Eden regions: 46->0(158)
[2026-01-16T09:46:04.516+0000][gc,heap     ] GC(1131) Survivor regions: 5->3(7)
[2026-01-16T09:46:04.516+0000][gc,heap     ] GC(1131) Old regions: 161->161
[2026-01-16T09:46:04.519+0000][gc,heap     ] GC(1131) Humongous regions: 167->167
[2026-01-16T09:46:04.520+0000][gc,metaspace] GC(1131) Metaspace: 15602K(15936K)->15602K(15936K) NonClass: 13848K(14016K)->13848K(14016K) Class: 1753K(1920K)->1753K(1920K)
[2026-01-16T09:46:04.523+0000][gc          ] GC(1131) Pause Young (Normal) (G1 Evacuation Pause) 377M->330M(1024M) 87.912ms
[2026-01-16T09:46:04.524+0000][gc,cpu      ] GC(1131) User=0.05s Sys=0.00s Real=0.09s
[2026-01-16T09:46:13.845+0000][gc,start    ] GC(1132) Pause Young (Normal) (G1 Evacuation Pause)
[2026-01-16T09:46:13.849+0000][gc,task     ] GC(1132) Using 8 workers of 8 for evacuation
[2026-01-16T09:46:13.946+0000][gc,phases   ] GC(1132)   Pre Evacuate Collection Set: 12.4ms
[2026-01-16T09:46:13.946+0000][gc,phases   ] GC(1132)   Merge Heap Roots: 2.1ms
[2026-01-16T09:46:13.946+0000][gc,phases   ] GC(1132)   Evacuate Collection Set: 72.5ms
[2026-01-16T09:46:13.946+0000][gc,phases   ] GC(1132)   Post Evacuate Collection Set: 9.3ms
[2026-01-16T09:46:13.947+0000][gc,phases   ] GC(1132)   Other: 3.4ms
[2026-01-16T09:46:13.947+0000][gc,heap     ] GC(1132) Eden regions: 162->0(254)
[2026-01-16T09:46:13.947+0000][gc,heap     ] GC(1132) Survivor regions: 3->3(21)
[2026-01-16T09:46:13.948+0000][gc,heap     ] GC(1132) Old regions: 161->161
[2026-01-16T09:46:13.948+0000][gc,heap     ] GC(1132) Humongous regions: 167->167
[2026-01-16T09:46:13.948+0000][gc,metaspace] GC(1132) Metaspace: 15602K(15936K)->15602K(15936K) NonClass: 13848K(14016K)->13848K(14016K) Class: 1753K(1920K)->1753K(1920K)
[2026-01-16T09:46:13.949+0000][gc          ] GC(1132) Pause Young (Normal) (G1 Evacuation Pause) 492M->330M(1024M) 103.642ms
[2026-01-16T09:46:13.954+0000][gc,cpu      ] GC(1132) User=0.17s Sys=0.02s Real=0.11s
[2026-01-16T09:46:30.058+0000][gc,start    ] GC(1133) Pause Young (Normal) (G1 Evacuation Pause)
[2026-01-16T09:46:30.082+0000][gc,task     ] GC(1133) Using 8 workers of 8 for evacuation
[2026-01-16T09:46:30.800+0000][gc,mmu      ] GC(1133) MMU target violated: 201.0ms (200.0ms/201.0ms)
[2026-01-16T09:46:30.814+0000][gc,phases   ] GC(1133)   Pre Evacuate Collection Set: 83.9ms
[2026-01-16T09:46:30.816+0000][gc,phases   ] GC(1133)   Merge Heap Roots: 10.2ms
[2026-01-16T09:46:30.817+0000][gc,phases   ] GC(1133)   Evacuate Collection Set: 470.5ms
[2026-01-16T09:46:30.819+0000][gc,phases   ] GC(1133)   Post Evacuate Collection Set: 147.1ms
[2026-01-16T09:46:30.822+0000][gc,phases   ] GC(1133)   Other: 23.8ms
[2026-01-16T09:46:30.823+0000][gc,heap     ] GC(1133) Eden regions: 254->0(47)
[2026-01-16T09:46:30.824+0000][gc,heap     ] GC(1133) Survivor regions: 3->4(33)
[2026-01-16T09:46:30.825+0000][gc,heap     ] GC(1133) Old regions: 161->161
[2026-01-16T09:46:30.826+0000][gc,heap     ] GC(1133) Humongous regions: 167->167
[2026-01-16T09:46:30.827+0000][gc,metaspace] GC(1133) Metaspace: 15602K(15936K)->15602K(15936K) NonClass: 13848K(14016K)->13848K(14016K) Class: 1753K(1920K)->1753K(1920K)
[2026-01-16T09:46:30.828+0000][gc          ] GC(1133) Pause Young (Normal) (G1 Evacuation Pause) 584M->331M(1024M) 769.629ms
[2026-01-16T09:46:30.829+0000][gc,cpu      ] GC(1133) User=0.68s Sys=0.06s Real=0.79s
[2026-01-16T09:46:35.392+0000][gc,start    ] GC(1134) Pause Young (Normal) (G1 Evacuation Pause)
[2026-01-16T09:46:35.405+0000][gc,task     ] GC(1134) Using 8 workers of 8 for evacuation
[2026-01-16T09:46:35.866+0000][gc,mmu      ] GC(1134) MMU target violated: 201.0ms (200.0ms/201.0ms)
[2026-01-16T09:46:35.875+0000][gc,phases   ] GC(1134)   Pre Evacuate Collection Set: 58.1ms
[2026-01-16T09:46:35.880+0000][gc,phases   ] GC(1134)   Merge Heap Roots: 10.7ms
[2026-01-16T09:46:35.881+0000][gc,phases   ] GC(1134)   Evacuate Collection Set: 350.7ms
[2026-01-16T09:46:35.884+0000][gc,phases   ] GC(1134)   Post Evacuate Collection Set: 32.5ms
[2026-01-16T09:46:35.886+0000][gc,phases   ] GC(1134)   Other: 18.1ms
[2026-01-16T09:46:35.888+0000][gc,heap     ] GC(1134) Eden regions: 47->0(46)
[2026-01-16T09:46:35.889+0000][gc,heap     ] GC(1134) Survivor regions: 4->5(7)
[2026-01-16T09:46:35.889+0000][gc,heap     ] GC(1134) Old regions: 161->161
[2026-01-16T09:46:35.892+0000][gc,heap     ] GC(1134) Humongous regions: 167->167
[2026-01-16T09:46:35.894+0000][gc,metaspace] GC(1134) Metaspace: 15602K(15936K)->15602K(15936K) NonClass: 13848K(14016K)->13848K(14016K) Class: 1753K(1920K)->1753K(1920K)
[2026-01-16T09:46:35.895+0000][gc          ] GC(1134) Pause Young (Normal) (G1 Evacuation Pause) 378M->332M(1024M) 504.988ms
[2026-01-16T09:46:35.898+0000][gc,cpu      ] GC(1134) User=0.47s Sys=0.02s Real=0.51s
[2026-01-16T09:46:37.583+0000][gc,start    ] GC(1135) Pause Young (Normal) (G1 Evacuation Pause)
[2026-01-16T09:46:37.595+0000][gc,task     ] GC(1135) Using 8 workers of 8 for evacuation
[2026-01-16T09:46:38.691+0000][gc,mmu      ] GC(1135) MMU target violated: 201.0ms (200.0ms/201.0ms)
[2026-01-16T09:46:38.694+0000][gc,phases   ] GC(1135)   Pre Evacuate Collection Set: 63.3ms
[2026-01-16T09:46:38.698+0000][gc,phases   ] GC(1135)   Merge Heap Roots: 12.7ms
[2026-01-16T09:46:38.698+0000][gc,phases   ] GC(1135)   Evacuate Collection Set: 989.6ms
[2026-01-16T09:46:38.699+0000][gc,phases   ] GC(1135)   Post Evacuate Collection Set: 32.5ms
[2026-01-16T09:46:38.700+0000][gc,phases   ] GC(1135)   Other: 15.7ms
[2026-01-16T09:46:38.700+0000][gc,heap     ] GC(1135) Eden regions: 46->0(48)
[2026-01-16T09:46:38.700+0000][gc,heap     ] GC(1135) Survivor regions: 5->3(7)
[2026-01-16T09:46:38.701+0000][gc,heap     ] GC(1135) Old regions: 161->162
[2026-01-16T09:46:38.701+0000][gc,heap     ] GC(1135) Humongous regions: 167->167
[2026-01-16T09:46:38.701+0000][gc,metaspace] GC(1135) Metaspace: 15602K(15936K)->15602K(15936K) NonClass: 13848K(14016K)->13848K(14016K) Class: 1753K(1920K)->1753K(1920K)
[2026-01-16T09:46:38.701+0000][gc          ] GC(1135) Pause Young (Normal) (G1 Evacuation Pause) 378M->330M(1024M) 1133.287ms
[2026-01-16T09:46:38.702+0000][gc,cpu      ] GC(1135) User=0.37s Sys=0.06s Real=1.14s
[2026-01-16T09:46:41.063+0000][gc,start    ] GC(1136) Pause Young (Normal) (G1 Evacuation Pause)
[2026-01-16T09:46:41.065+0000][gc,task     ] GC(1136) Using 8 workers of 8 for evacuation
[2026-01-16T09:46:41.381+0000][gc,mmu      ] GC(1136) MMU target violated: 201.0ms (200.0ms/201.0ms)
[2026-01-16T09:46:41.384+0000][gc,phases   ] GC(1136)   Pre Evacuate Collection Set: 31.6ms
[2026-01-16T09:46:41.385+0000][gc,phases   ] GC(1136)   Merge Heap Roots: 3.0ms
[2026-01-16T09:46:41.386+0000][gc,phases   ] GC(1136)   Evacuate Collection Set: 248.9ms
[2026-01-16T09:46:41.387+0000][gc,phases   ] GC(1136)   Post Evacuate Collection Set: 26.3ms
[2026-01-16T09:46:41.388+0000][gc,phases   ] GC(1136)   Other: 9.5ms
[2026-01-16T09:46:41.388+0000][gc,heap     ] GC(1136) Eden regions: 48->0(48)
[2026-01-16T09:46:41.388+0000][gc,heap     ] GC(1136) Survivor regions: 3->3(7)
[2026-01-16T09:46:41.389+0000][gc,heap     ] GC(1136) Old regions: 162->162
[2026-01-16T09:46:41.392+0000][gc,heap     ] GC(1136) Humongous regions: 167->167
[2026-01-16T09:46:41.393+0000][gc,metaspace] GC(1136) Metaspace: 15602K(15936K)->15602K(15936K) NonClass: 13848K(14016K)->13848K(14016K) Class: 1753K(1920K)->1753K(1920K)
[2026-01-16T09:46:41.399+0000][gc          ] GC(1136) Pause Young (Normal) (G1 Evacuation Pause) 378M->331M(1024M) 336.811ms
[2026-01-16T09:46:41.400+0000][gc,cpu      ] GC(1136) User=0.19s Sys=0.01s Real=0.34s
[2026-01-16T09:46:44.916+0000][gc,start    ] GC(1137) Pause Young (Normal) (G1 Evacuation Pause)
[2026-01-16T09:46:44.925+0000][gc,task     ] GC(1137) Using 8 workers of 8 for evacuation
[2026-01-16T09:46:45.304+0000][gc,mmu      ] GC(1137) MMU target violated: 201.0ms (200.0ms/201.0ms)
[2026-01-16T09:46:45.304+0000][gc,phases   ] GC(1137)   Pre Evacuate Collection Set: 58.4ms
[2026-01-16T09:46:45.305+0000][gc,phases   ] GC(1137)   Merge Heap Roots: 18.1ms
[2026-01-16T09:46:45.305+0000][gc,phases   ] GC(1137)   Evacuate Collection Set: 271.4ms
[2026-01-16T09:46:45.306+0000][gc,phases   ] GC(1137)   Post Evacuate Collection Set: 14.9ms
[2026-01-16T09:46:45.306+0000][gc,phases   ] GC(1137)   Other: 16.7ms
[2026-01-16T09:46:45.307+0000][gc,heap     ] GC(1137) Eden regions: 48->0(47)
[2026-01-16T09:46:45.307+0000][gc,heap     ] GC(1137) Survivor regions: 3->4(7)
[2026-01-16T09:46:45.308+0000][gc,heap     ] GC(1137) Old regions: 162->162
[2026-01-16T09:46:45.308+0000][gc,heap     ] GC(1137) Humongous regions: 167->167
[2026-01-16T09:46:45.308+0000][gc,metaspace] GC(1137) Metaspace: 15602K(15936K)->15602K(15936K) NonClass: 13848K(14016K)->13848K(14016K) Class: 1753K(1920K)->1753K(1920K)
[2026-01-16T09:46:45.309+0000][gc          ] GC(1137) Pause Young (Normal) (G1 Evacuation Pause) 379M->331M(1024M) 392.315ms
[2026-01-16T09:46:45.309+0000][gc,cpu      ] GC(1137) User=0.23s Sys=0.01s Real=0.39s
[2026-01-16T09:46:46.715+0000][gc,start    ] GC(1138) Pause Young (Normal) (G1 Evacuation Pause)
[2026-01-16T09:46:46.717+0000][gc,task     ] GC(1138) Using 8 workers of 8 for evacuation
[2026-01-16T09:46:47.029+0000][gc,mmu      ] GC(1138) MMU target violated: 201.0ms (200.0ms/201.0ms)
[2026-01-16T09:46:47.032+0000][gc,phases   ] GC(1138)   Pre Evacuate Collection Set: 23.7ms
[2026-01-16T09:46:47.034+0000][gc,phases   ] GC(1138)   Merge Heap Roots: 17.4ms
[2026-01-16T09:46:47.038+0000][gc,phases   ] GC(1138)   Evacuate Collection Set: 252.5ms
[2026-01-16T09:46:47.041+0000][gc,phases   ] GC(1138)   Post Evacuate Collection Set: 15.6ms
[2026-01-16T09:46:47.042+0000][gc,phases   ] GC(1138)   Other: 5.6ms
[2026-01-16T09:46:47.042+0000][gc,heap     ] GC(1138) Eden regions: 47->0(46)
[2026-01-16T09:46:47.046+0000][gc,heap     ] GC(1138) Survivor regions: 4->5(7)
[2026-01-16T09:46:47.047+0000][gc,heap     ] GC(1138) Old regions: 162->162
[2026-01-16T09:46:47.049+0000][gc,heap     ] GC(1138) Humongous regions: 167->167
[2026-01-16T09:46:47.049+0000][gc,metaspace] GC(1138) Metaspace: 15602K(15936K)->15602K(15936K) NonClass: 13848K(14016K)->13848K(14016K) Class: 1753K(1920K)->1753K(1920K)
[2026-01-16T09:46:47.051+0000][gc          ] GC(1138) Pause Young (Normal) (G1 Evacuation Pause) 378M->332M(1024M) 336.679ms
[2026-01-16T09:46:47.053+0000][gc,cpu      ] GC(1138) User=0.18s Sys=0.03s Real=0.34s
[2026-01-16T09:46:51.101+0000][gc,start    ] GC(1139) Pause Young (Normal) (G1 Evacuation Pause)
[2026-01-16T09:46:51.116+0000][gc,task     ] GC(1139) Using 8 workers of 8 for evacuation
[2026-01-16T09:46:52.092+0000][gc,mmu      ] GC(1139) MMU target violated: 201.0ms (200.0ms/201.0ms)
[2026-01-16T09:46:52.095+0000][gc,phases   ] GC(1139)   Pre Evacuate Collection Set: 51.3ms
[2026-01-16T09:46:52.096+0000][gc,phases   ] GC(1139)   Merge Heap Roots: 10.5ms
[2026-01-16T09:46:52.097+0000][gc,phases   ] GC(1139)   Evacuate Collection Set: 837.8ms
[2026-01-16T09:46:52.099+0000][gc,phases   ] GC(1139)   Post Evacuate Collection Set: 73.1ms
[2026-01-16T09:46:52.099+0000][gc,phases   ] GC(1139)   Other: 6.2ms
[2026-01-16T09:46:52.100+0000][gc,heap     ] GC(1139) Eden regions: 46->0(49)
[2026-01-16T09:46:52.102+0000][gc,heap     ] GC(1139) Survivor regions: 5->2(7)
[2026-01-16T09:46:52.103+0000][gc,heap     ] GC(1139) Old regions: 162->163
[2026-01-16T09:46:52.104+0000][gc,heap     ] GC(1139) Humongous regions: 167->167
[2026-01-16T09:46:52.104+0000][gc,metaspace] GC(1139) Metaspace: 15602K(15936K)->15602K(15936K) NonClass: 13848K(14016K)->13848K(14016K) Class: 1753K(1920K)->1753K(1920K)
[2026-01-16T09:46:52.106+0000][gc          ] GC(1139) Pause Young (Normal) (G1 Evacuation Pause) 378M->331M(1024M) 1005.080ms
[2026-01-16T09:46:52.111+0000][gc,cpu      ] GC(1139) User=0.40s Sys=0.07s Real=1.01s
[2026-01-16T09:46:56.897+0000][gc,start    ] GC(1140) Pause Young (Normal) (G1 Evacuation Pause)
[2026-01-16T09:46:56.901+0000][gc,task     ] GC(1140) Using 8 workers of 8 for evacuation
[2026-01-16T09:46:57.252+0000][gc,mmu      ] GC(1140) MMU target violated: 201.0ms (200.0ms/201.0ms)
[2026-01-16T09:46:57.257+0000][gc,phases   ] GC(1140)   Pre Evacuate Collection Set: 69.8ms
[2026-01-16T09:46:57.257+0000][gc,phases   ] GC(1140)   Merge Heap Roots: 0.9ms
[2026-01-16T09:46:57.259+0000][gc,phases   ] GC(1140)   Evacuate Collection Set: 252.3ms
[2026-01-16T09:46:57.260+0000][gc,phases   ] GC(1140)   Post Evacuate Collection Set: 23.5ms
[2026-01-16T09:46:57.260+0000][gc,phases   ] GC(1140)   Other: 11.9ms
[2026-01-16T09:46:57.261+0000][gc,heap     ] GC(1140) Eden regions: 49->0(48)
[2026-01-16T09:46:57.262+0000][gc,heap     ] GC(1140) Survivor regions: 2->3(7)
[2026-01-16T09:46:57.263+0000][gc,heap     ] GC(1140) Old regions: 163->163
[2026-01-16T09:46:57.267+0000][gc,heap     ] GC(1140) Humongous regions: 167->167
[2026-01-16T09:46:57.268+0000][gc,metaspace] GC(1140) Metaspace: 15602K(15936K)->15602K(15936K) NonClass: 13848K(14016K)->13848K(14016K) Class: 1753K(1920K)->1753K(1920K)
[2026-01-16T09:46:57.270+0000][gc          ] GC(1140) Pause Young (Normal) (G1 Evacuation Pause) 380M->331M(1024M) 373.162ms
[2026-01-16T09:46:57.273+0000][gc,cpu      ] GC(1140) User=0.23s Sys=0.02s Real=0.38s
[2026-01-16T09:46:59.781+0000][gc,start    ] GC(1141) Pause Young (Normal) (G1 Evacuation Pause)
[2026-01-16T09:46:59.783+0000][gc,task     ] GC(1141) Using 8 workers of 8 for evacuation
[2026-01-16T09:47:00.123+0000][gc,mmu      ] GC(1141) MMU target violated: 201.0ms (200.0ms/201.0ms)
[2026-01-16T09:47:00.123+0000][gc,phases   ] GC(1141)   Pre Evacuate Collection Set: 59.4ms
[2026-01-16T09:47:00.124+0000][gc,phases   ] GC(1141)   Merge Heap Roots: 17.0ms
[2026-01-16T09:47:00.125+0000][gc,phases   ] GC(1141)   Evacuate Collection Set: 232.6ms
[2026-01-16T09:47:00.126+0000][gc,phases   ] GC(1141)   Post Evacuate Collection Set: 10.6ms
[2026-01-16T09:47:00.126+0000][gc,phases   ] GC(1141)   Other: 20.5ms
[2026-01-16T09:47:00.126+0000][gc,heap     ] GC(1141) Eden regions: 48->0(47)
[2026-01-16T09:47:00.127+0000][gc,heap     ] GC(1141) Survivor regions: 3->4(7)
[2026-01-16T09:47:00.127+0000][gc,heap     ] GC(1141) Old regions: 163->163
[2026-01-16T09:47:00.127+0000][gc,heap     ] GC(1141) Humongous regions: 167->167
[2026-01-16T09:47:00.128+0000][gc,metaspace] GC(1141) Metaspace: 15602K(15936K)->15602K(15936K) NonClass: 13848K(14016K)->13848K(14016K) Class: 1753K(1920K)->1753K(1920K)
[2026-01-16T09:47:00.129+0000][gc          ] GC(1141) Pause Young (Normal) (G1 Evacuation Pause) 379M->332M(1024M) 348.087ms
[2026-01-16T09:47:00.129+0000][gc,cpu      ] GC(1141) User=0.21s Sys=0.02s Real=0.35s
[2026-01-16T09:47:02.665+0000][gc,start    ] GC(1142) Pause Young (Normal) (G1 Evacuation Pause)
[2026-01-16T09:47:02.671+0000][gc,task     ] GC(1142) Using 8 workers of 8 for evacuation
[2026-01-16T09:47:03.253+0000][gc,mmu      ] GC(1142) MMU target violated: 201.0ms (200.0ms/201.0ms)
[2026-01-16T09:47:03.256+0000][gc,phases   ] GC(1142)   Pre Evacuate Collection Set: 104.7ms
[2026-01-16T09:47:03.256+0000][gc,phases   ] GC(1142)   Merge Heap Roots: 6.4ms
[2026-01-16T09:47:03.257+0000][gc,phases   ] GC(1142)   Evacuate Collection Set: 443.4ms
[2026-01-16T09:47:03.258+0000][gc,phases   ] GC(1142)   Post Evacuate Collection Set: 8.0ms
[2026-01-16T09:47:03.259+0000][gc,phases   ] GC(1142)   Other: 22.5ms
[2026-01-16T09:47:03.260+0000][gc,heap     ] GC(1142) Eden regions: 47->0(46)
[2026-01-16T09:47:03.261+0000][gc,heap     ] GC(1142) Survivor regions: 4->5(7)
[2026-01-16T09:47:03.261+0000][gc,heap     ] GC(1142) Old regions: 163->163
[2026-01-16T09:47:03.262+0000][gc,heap     ] GC(1142) Humongous regions: 167->167
[2026-01-16T09:47:03.263+0000][gc,metaspace] GC(1142) Metaspace: 15602K(15936K)->15602K(15936K) NonClass: 13848K(14016K)->13848K(14016K) Class: 1753K(1920K)->1753K(1920K)
[2026-01-16T09:47:03.264+0000][gc          ] GC(1142) Pause Young (Normal) (G1 Evacuation Pause) 379M->333M(1024M) 604.939ms
[2026-01-16T09:47:03.265+0000][gc,cpu      ] GC(1142) User=0.25s Sys=0.02s Real=0.61s
[2026-01-16T09:47:06.164+0000][gc,start    ] GC(1143) Pause Young (Normal) (G1 Evacuation Pause)
[2026-01-16T09:47:06.167+0000][gc,task     ] GC(1143) Using 8 workers of 8 for evacuation
[2026-01-16T09:47:06.545+0000][gc,mmu      ] GC(1143) MMU target violated: 201.0ms (200.0ms/201.0ms)
[2026-01-16T09:47:06.548+0000][gc,phases   ] GC(1143)   Pre Evacuate Collection Set: 46.4ms
[2026-01-16T09:47:06.553+0000][gc,phases   ] GC(1143)   Merge Heap Roots: 5.6ms
[2026-01-16T09:47:06.572+0000][gc,phases   ] GC(1143)   Evacuate Collection Set: 311.9ms
[2026-01-16T09:47:06.573+0000][gc,phases   ] GC(1143)   Post Evacuate Collection Set: 8.8ms
[2026-01-16T09:47:06.573+0000][gc,phases   ] GC(1143)   Other: 8.8ms
[2026-01-16T09:47:06.578+0000][gc,heap     ] GC(1143) Eden regions: 46->0(46)
[2026-01-16T09:47:06.578+0000][gc,heap     ] GC(1143) Survivor regions: 5->5(7)
[2026-01-16T09:47:06.579+0000][gc,heap     ] GC(1143) Old regions: 163->163
[2026-01-16T09:47:06.582+0000][gc,heap     ] GC(1143) Humongous regions: 167->167
[2026-01-16T09:47:06.583+0000][gc,metaspace] GC(1143) Metaspace: 15603K(15936K)->15603K(15936K) NonClass: 13850K(14016K)->13850K(14016K) Class: 1753K(1920K)->1753K(1920K)
[2026-01-16T09:47:06.583+0000][gc          ] GC(1143) Pause Young (Normal) (G1 Evacuation Pause) 379M->334M(1024M) 419.267ms
[2026-01-16T09:47:06.591+0000][gc,cpu      ] GC(1143) User=0.21s Sys=0.01s Real=0.42s
[2026-01-16T09:47:08.094+0000][gc,start    ] GC(1144) Pause Young (Normal) (G1 Evacuation Pause)
[2026-01-16T09:47:08.095+0000][gc,task     ] GC(1144) Using 8 workers of 8 for evacuation
[2026-01-16T09:47:08.422+0000][gc,mmu      ] GC(1144) MMU target violated: 201.0ms (200.0ms/201.0ms)
[2026-01-16T09:47:08.423+0000][gc,phases   ] GC(1144)   Pre Evacuate Collection Set: 19.4ms
[2026-01-16T09:47:08.424+0000][gc,phases   ] GC(1144)   Merge Heap Roots: 5.0ms
[2026-01-16T09:47:08.425+0000][gc,phases   ] GC(1144)   Evacuate Collection Set: 272.1ms
[2026-01-16T09:47:08.425+0000][gc,phases   ] GC(1144)   Post Evacuate Collection Set: 29.7ms
[2026-01-16T09:47:08.428+0000][gc,phases   ] GC(1144)   Other: 2.2ms
[2026-01-16T09:47:08.428+0000][gc,heap     ] GC(1144) Eden regions: 46->0(46)
[2026-01-16T09:47:08.434+0000][gc,heap     ] GC(1144) Survivor regions: 5->5(7)
[2026-01-16T09:47:08.436+0000][gc,heap     ] GC(1144) Old regions: 163->164
[2026-01-16T09:47:08.437+0000][gc,heap     ] GC(1144) Humongous regions: 167->167
[2026-01-16T09:47:08.437+0000][gc,metaspace] GC(1144) Metaspace: 15603K(15936K)->15603K(15936K) NonClass: 13850K(14016K)->13850K(14016K) Class: 1753K(1920K)->1753K(1920K)
[2026-01-16T09:47:08.441+0000][gc          ] GC(1144) Pause Young (Normal) (G1 Evacuation Pause) 380M->335M(1024M) 345.730ms
[2026-01-16T09:47:08.446+0000][gc,cpu      ] GC(1144) User=0.28s Sys=0.01s Real=0.35s
[2026-01-16T09:47:10.410+0000][gc,start    ] GC(1145) Pause Young (Normal) (G1 Evacuation Pause)
[2026-01-16T09:47:10.422+0000][gc,task     ] GC(1145) Using 8 workers of 8 for evacuation
[2026-01-16T09:47:10.969+0000][gc,mmu      ] GC(1145) MMU target violated: 201.0ms (200.0ms/201.0ms)
[2026-01-16T09:47:10.971+0000][gc,phases   ] GC(1145)   Pre Evacuate Collection Set: 39.8ms
[2026-01-16T09:47:10.971+0000][gc,phases   ] GC(1145)   Merge Heap Roots: 5.5ms
[2026-01-16T09:47:10.972+0000][gc,phases   ] GC(1145)   Evacuate Collection Set: 480.0ms
[2026-01-16T09:47:10.972+0000][gc,phases   ] GC(1145)   Post Evacuate Collection Set: 11.5ms
[2026-01-16T09:47:10.973+0000][gc,phases   ] GC(1145)   Other: 21.2ms
[2026-01-16T09:47:10.975+0000][gc,heap     ] GC(1145) Eden regions: 46->0(47)
[2026-01-16T09:47:10.975+0000][gc,heap     ] GC(1145) Survivor regions: 5->4(7)
[2026-01-16T09:47:10.976+0000][gc,heap     ] GC(1145) Old regions: 164->165
[2026-01-16T09:47:10.977+0000][gc,heap     ] GC(1145) Humongous regions: 167->167
[2026-01-16T09:47:10.978+0000][gc,metaspace] GC(1145) Metaspace: 15603K(15936K)->15603K(15936K) NonClass: 13850K(14016K)->13850K(14016K) Class: 1753K(1920K)->1753K(1920K)
[2026-01-16T09:47:10.980+0000][gc          ] GC(1145) Pause Young (Normal) (G1 Evacuation Pause) 381M->335M(1024M) 569.662ms
[2026-01-16T09:47:10.981+0000][gc,cpu      ] GC(1145) User=0.31s Sys=0.02s Real=0.57s
[2026-01-16T09:47:12.141+0000][gc,start    ] GC(1146) Pause Young (Normal) (G1 Evacuation Pause)
[2026-01-16T09:47:12.146+0000][gc,task     ] GC(1146) Using 8 workers of 8 for evacuation
[2026-01-16T09:47:12.279+0000][gc,phases   ] GC(1146)   Pre Evacuate Collection Set: 9.9ms
[2026-01-16T09:47:12.282+0000][gc,phases   ] GC(1146)   Merge Heap Roots: 2.7ms
[2026-01-16T09:47:12.283+0000][gc,phases   ] GC(1146)   Evacuate Collection Set: 108.9ms
[2026-01-16T09:47:12.283+0000][gc,phases   ] GC(1146)   Post Evacuate Collection Set: 4.3ms
[2026-01-16T09:47:12.283+0000][gc,phases   ] GC(1146)   Other: 7.4ms
[2026-01-16T09:47:12.284+0000][gc,heap     ] GC(1146) Eden regions: 47->0(47)
[2026-01-16T09:47:12.284+0000][gc,heap     ] GC(1146) Survivor regions: 4->4(7)
[2026-01-16T09:47:12.285+0000][gc,heap     ] GC(1146) Old regions: 165->166
[2026-01-16T09:47:12.285+0000][gc,heap     ] GC(1146) Humongous regions: 167->167
[2026-01-16T09:47:12.286+0000][gc,metaspace] GC(1146) Metaspace: 15603K(15936K)->15603K(15936K) NonClass: 13850K(14016K)->13850K(14016K) Class: 1753K(1920K)->1753K(1920K)
[2026-01-16T09:47:12.286+0000][gc          ] GC(1146) Pause Young (Normal) (G1 Evacuation Pause) 382M->336M(1024M) 149.777ms
[2026-01-16T09:47:12.286+0000][gc,cpu      ] GC(1146) User=0.16s Sys=0.01s Real=0.15s
[2026-01-16T09:47:12.925+0000][gc,start    ] GC(1147) Pause Young (Normal) (G1 Evacuation Pause)
[2026-01-16T09:47:12.926+0000][gc,task     ] GC(1147) Using 8 workers of 8 for evacuation
[2026-01-16T09:47:13.023+0000][gc,phases   ] GC(1147)   Pre Evacuate Collection Set: 3.8ms
[2026-01-16T09:47:13.024+0000][gc,phases   ] GC(1147)   Merge Heap Roots: 0.5ms
[2026-01-16T09:47:13.028+0000][gc,phases   ] GC(1147)   Evacuate Collection Set: 64.4ms
[2026-01-16T09:47:13.029+0000][gc,phases   ] GC(1147)   Post Evacuate Collection Set: 27.6ms
[2026-01-16T09:47:13.029+0000][gc,phases   ] GC(1147)   Other: 1.3ms
[2026-01-16T09:47:13.030+0000][gc,heap     ] GC(1147) Eden regions: 47->0(46)
[2026-01-16T09:47:13.033+0000][gc,heap     ] GC(1147) Survivor regions: 4->5(7)
[2026-01-16T09:47:13.037+0000][gc,heap     ] GC(1147) Old regions: 166->166
[2026-01-16T09:47:13.037+0000][gc,heap     ] GC(1147) Humongous regions: 167->167
[2026-01-16T09:47:13.037+0000][gc,metaspace] GC(1147) Metaspace: 15603K(15936K)->15603K(15936K) NonClass: 13850K(14016K)->13850K(14016K) Class: 1753K(1920K)->1753K(1920K)
[2026-01-16T09:47:13.038+0000][gc          ] GC(1147) Pause Young (Normal) (G1 Evacuation Pause) 383M->336M(1024M) 112.389ms
[2026-01-16T09:47:13.038+0000][gc,cpu      ] GC(1147) User=0.04s Sys=0.00s Real=0.12s
[2026-01-16T09:47:13.823+0000][gc,start    ] GC(1148) Pause Young (Normal) (G1 Evacuation Pause)
[2026-01-16T09:47:13.825+0000][gc,task     ] GC(1148) Using 8 workers of 8 for evacuation
[2026-01-16T09:47:13.986+0000][gc,phases   ] GC(1148)   Pre Evacuate Collection Set: 13.9ms
[2026-01-16T09:47:13.986+0000][gc,phases   ] GC(1148)   Merge Heap Roots: 3.7ms
[2026-01-16T09:47:13.987+0000][gc,phases   ] GC(1148)   Evacuate Collection Set: 123.8ms
[2026-01-16T09:47:13.988+0000][gc,phases   ] GC(1148)   Post Evacuate Collection Set: 18.4ms
[2026-01-16T09:47:13.988+0000][gc,phases   ] GC(1148)   Other: 0.7ms
[2026-01-16T09:47:13.989+0000][gc,heap     ] GC(1148) Eden regions: 46->0(46)
[2026-01-16T09:47:13.990+0000][gc,heap     ] GC(1148) Survivor regions: 5->5(7)
[2026-01-16T09:47:13.990+0000][gc,heap     ] GC(1148) Old regions: 166->167
[2026-01-16T09:47:13.991+0000][gc,heap     ] GC(1148) Humongous regions: 167->167
[2026-01-16T09:47:13.991+0000][gc,metaspace] GC(1148) Metaspace: 15603K(15936K)->15603K(15936K) NonClass: 13850K(14016K)->13850K(14016K) Class: 1753K(1920K)->1753K(1920K)
[2026-01-16T09:47:13.992+0000][gc          ] GC(1148) Pause Young (Normal) (G1 Evacuation Pause) 382M->337M(1024M) 169.133ms
[2026-01-16T09:47:13.992+0000][gc,cpu      ] GC(1148) User=0.18s Sys=0.02s Real=0.17s
[2026-01-16T09:47:14.431+0000][gc,start    ] GC(1149) Pause Young (Normal) (G1 Evacuation Pause)
[2026-01-16T09:47:14.431+0000][gc,task     ] GC(1149) Using 8 workers of 8 for evacuation
[2026-01-16T09:47:14.547+0000][gc,phases   ] GC(1149)   Pre Evacuate Collection Set: 0.5ms
[2026-01-16T09:47:14.548+0000][gc,phases   ] GC(1149)   Merge Heap Roots: 0.1ms
[2026-01-16T09:47:14.553+0000][gc,phases   ] GC(1149)   Evacuate Collection Set: 107.7ms
[2026-01-16T09:47:14.553+0000][gc,phases   ] GC(1149)   Post Evacuate Collection Set: 7.1ms
[2026-01-16T09:47:14.553+0000][gc,phases   ] GC(1149)   Other: 0.2ms
[2026-01-16T09:47:14.557+0000][gc,heap     ] GC(1149) Eden regions: 46->0(46)
[2026-01-16T09:47:14.557+0000][gc,heap     ] GC(1149) Survivor regions: 5->5(7)
[2026-01-16T09:47:14.557+0000][gc,heap     ] GC(1149) Old regions: 167->167
[2026-01-16T09:47:14.557+0000][gc,heap     ] GC(1149) Humongous regions: 167->167
[2026-01-16T09:47:14.557+0000][gc,metaspace] GC(1149) Metaspace: 15603K(15936K)->15603K(15936K) NonClass: 13850K(14016K)->13850K(14016K) Class: 1753K(1920K)->1753K(1920K)
[2026-01-16T09:47:14.558+0000][gc          ] GC(1149) Pause Young (Normal) (G1 Evacuation Pause) 383M->338M(1024M) 127.180ms
[2026-01-16T09:47:14.558+0000][gc,cpu      ] GC(1149) User=0.07s Sys=0.01s Real=0.13s
[2026-01-16T09:47:15.440+0000][gc,start    ] GC(1150) Pause Young (Normal) (G1 Evacuation Pause)
[2026-01-16T09:47:15.442+0000][gc,task     ] GC(1150) Using 8 workers of 8 for evacuation
[2026-01-16T09:47:15.653+0000][gc,mmu      ] GC(1150) MMU target violated: 201.0ms (200.0ms/201.0ms)
[2026-01-16T09:47:15.654+0000][gc,phases   ] GC(1150)   Pre Evacuate Collection Set: 23.4ms
[2026-01-16T09:47:15.654+0000][gc,phases   ] GC(1150)   Merge Heap Roots: 1.0ms
[2026-01-16T09:47:15.655+0000][gc,phases   ] GC(1150)   Evacuate Collection Set: 180.0ms
[2026-01-16T09:47:15.659+0000][gc,phases   ] GC(1150)   Post Evacuate Collection Set: 6.0ms
[2026-01-16T09:47:15.660+0000][gc,phases   ] GC(1150)   Other: 1.1ms
[2026-01-16T09:47:15.660+0000][gc,heap     ] GC(1150) Eden regions: 46->0(46)
[2026-01-16T09:47:15.660+0000][gc,heap     ] GC(1150) Survivor regions: 5->5(7)
[2026-01-16T09:47:15.661+0000][gc,heap     ] GC(1150) Old regions: 167->168
[2026-01-16T09:47:15.661+0000][gc,heap     ] GC(1150) Humongous regions: 167->167
[2026-01-16T09:47:15.661+0000][gc,metaspace] GC(1150) Metaspace: 15603K(15936K)->15603K(15936K) NonClass: 13850K(14016K)->13850K(14016K) Class: 1753K(1920K)->1753K(1920K)
[2026-01-16T09:47:15.661+0000][gc          ] GC(1150) Pause Young (Normal) (G1 Evacuation Pause) 384M->338M(1024M) 220.769ms
[2026-01-16T09:47:15.662+0000][gc,cpu      ] GC(1150) User=0.19s Sys=0.01s Real=0.22s
[2026-01-16T09:47:16.040+0000][gc,start    ] GC(1151) Pause Young (Normal) (G1 Evacuation Pause)
[2026-01-16T09:47:16.041+0000][gc,task     ] GC(1151) Using 8 workers of 8 for evacuation
[2026-01-16T09:47:16.150+0000][gc,phases   ] GC(1151)   Pre Evacuate Collection Set: 0.8ms
[2026-01-16T09:47:16.150+0000][gc,phases   ] GC(1151)   Merge Heap Roots: 0.4ms
[2026-01-16T09:47:16.150+0000][gc,phases   ] GC(1151)   Evacuate Collection Set: 104.2ms
[2026-01-16T09:47:16.150+0000][gc,phases   ] GC(1151)   Post Evacuate Collection Set: 3.1ms
[2026-01-16T09:47:16.150+0000][gc,phases   ] GC(1151)   Other: 0.3ms
[2026-01-16T09:47:16.150+0000][gc,heap     ] GC(1151) Eden regions: 46->0(46)
[2026-01-16T09:47:16.150+0000][gc,heap     ] GC(1151) Survivor regions: 5->5(7)
[2026-01-16T09:47:16.150+0000][gc,heap     ] GC(1151) Old regions: 168->169
[2026-01-16T09:47:16.150+0000][gc,heap     ] GC(1151) Humongous regions: 167->167
[2026-01-16T09:47:16.150+0000][gc,metaspace] GC(1151) Metaspace: 15603K(15936K)->15603K(15936K) NonClass: 13850K(14016K)->13850K(14016K) Class: 1753K(1920K)->1753K(1920K)
[2026-01-16T09:47:16.151+0000][gc          ] GC(1151) Pause Young (Normal) (G1 Evacuation Pause) 384M->339M(1024M) 111.829ms
[2026-01-16T09:47:16.152+0000][gc,cpu      ] GC(1151) User=0.10s Sys=0.02s Real=0.11s
[2026-01-16T09:47:17.137+0000][gc,start    ] GC(1152) Pause Young (Normal) (G1 Evacuation Pause)
[2026-01-16T09:47:17.151+0000][gc,task     ] GC(1152) Using 8 workers of 8 for evacuation
[2026-01-16T09:47:17.379+0000][gc,mmu      ] GC(1152) MMU target violated: 201.0ms (200.0ms/201.0ms)
[2026-01-16T09:47:17.380+0000][gc,phases   ] GC(1152)   Pre Evacuate Collection Set: 35.6ms
[2026-01-16T09:47:17.380+0000][gc,phases   ] GC(1152)   Merge Heap Roots: 0.3ms
[2026-01-16T09:47:17.381+0000][gc,phases   ] GC(1152)   Evacuate Collection Set: 165.6ms
[2026-01-16T09:47:17.381+0000][gc,phases   ] GC(1152)   Post Evacuate Collection Set: 22.7ms
[2026-01-16T09:47:17.381+0000][gc,phases   ] GC(1152)   Other: 4.4ms
[2026-01-16T09:47:17.381+0000][gc,heap     ] GC(1152) Eden regions: 46->0(60)
[2026-01-16T09:47:17.382+0000][gc,heap     ] GC(1152) Survivor regions: 5->4(7)
[2026-01-16T09:47:17.382+0000][gc,heap     ] GC(1152) Old regions: 169->170
[2026-01-16T09:47:17.382+0000][gc,heap     ] GC(1152) Humongous regions: 167->167
[2026-01-16T09:47:17.382+0000][gc,metaspace] GC(1152) Metaspace: 15603K(15936K)->15603K(15936K) NonClass: 13850K(14016K)->13850K(14016K) Class: 1753K(1920K)->1753K(1920K)
[2026-01-16T09:47:17.382+0000][gc          ] GC(1152) Pause Young (Normal) (G1 Evacuation Pause) 385M->340M(1024M) 245.004ms
[2026-01-16T09:47:17.382+0000][gc,cpu      ] GC(1152) User=0.19s Sys=0.01s Real=0.24s
[2026-01-16T09:47:22.038+0000][gc,start    ] GC(1153) Pause Young (Normal) (G1 Evacuation Pause)
[2026-01-16T09:47:22.038+0000][gc,task     ] GC(1153) Using 8 workers of 8 for evacuation
[2026-01-16T09:47:22.071+0000][gc,phases   ] GC(1153)   Pre Evacuate Collection Set: 5.2ms
[2026-01-16T09:47:22.071+0000][gc,phases   ] GC(1153)   Merge Heap Roots: 0.7ms
[2026-01-16T09:47:22.072+0000][gc,phases   ] GC(1153)   Evacuate Collection Set: 22.8ms
[2026-01-16T09:47:22.072+0000][gc,phases   ] GC(1153)   Post Evacuate Collection Set: 4.3ms
[2026-01-16T09:47:22.072+0000][gc,phases   ] GC(1153)   Other: 0.5ms
[2026-01-16T09:47:22.072+0000][gc,heap     ] GC(1153) Eden regions: 69->0(194)
[2026-01-16T09:47:22.072+0000][gc,heap     ] GC(1153) Survivor regions: 4->3(10)
[2026-01-16T09:47:22.072+0000][gc,heap     ] GC(1153) Old regions: 170->170
[2026-01-16T09:47:22.072+0000][gc,heap     ] GC(1153) Humongous regions: 167->167
[2026-01-16T09:47:22.072+0000][gc,metaspace] GC(1153) Metaspace: 15603K(15936K)->15603K(15936K) NonClass: 13850K(14016K)->13850K(14016K) Class: 1753K(1920K)->1753K(1920K)
[2026-01-16T09:47:22.072+0000][gc          ] GC(1153) Pause Young (Normal) (G1 Evacuation Pause) 409M->338M(1024M) 34.791ms
[2026-01-16T09:47:22.073+0000][gc,cpu      ] GC(1153) User=0.13s Sys=0.01s Real=0.03s
[2026-01-16T09:47:28.515+0000][gc,start    ] GC(1154) Pause Young (Normal) (G1 Evacuation Pause)
[2026-01-16T09:47:28.516+0000][gc,task     ] GC(1154) Using 8 workers of 8 for evacuation
[2026-01-16T09:47:28.567+0000][gc,phases   ] GC(1154)   Pre Evacuate Collection Set: 10.2ms
[2026-01-16T09:47:28.567+0000][gc,phases   ] GC(1154)   Merge Heap Roots: 0.3ms
[2026-01-16T09:47:28.568+0000][gc,phases   ] GC(1154)   Evacuate Collection Set: 32.8ms
[2026-01-16T09:47:28.568+0000][gc,phases   ] GC(1154)   Post Evacuate Collection Set: 6.9ms
[2026-01-16T09:47:28.568+0000][gc,phases   ] GC(1154)   Other: 0.8ms
[2026-01-16T09:47:28.568+0000][gc,heap     ] GC(1154) Eden regions: 180->0(257)
[2026-01-16T09:47:28.569+0000][gc,heap     ] GC(1154) Survivor regions: 3->3(23)
[2026-01-16T09:47:28.569+0000][gc,heap     ] GC(1154) Old regions: 170->170
[2026-01-16T09:47:28.569+0000][gc,heap     ] GC(1154) Humongous regions: 167->167
[2026-01-16T09:47:28.569+0000][gc,metaspace] GC(1154) Metaspace: 15603K(15936K)->15603K(15936K) NonClass: 13850K(14016K)->13850K(14016K) Class: 1753K(1920K)->1753K(1920K)
[2026-01-16T09:47:28.570+0000][gc          ] GC(1154) Pause Young (Normal) (G1 Evacuation Pause) 518M->339M(1024M) 55.095ms
[2026-01-16T09:47:28.570+0000][gc,cpu      ] GC(1154) User=0.17s Sys=0.01s Real=0.06s
[2026-01-16T09:47:51.201+0000][gc,start    ] GC(1155) Pause Young (Normal) (G1 Evacuation Pause)
[2026-01-16T09:47:51.203+0000][gc,task     ] GC(1155) Using 8 workers of 8 for evacuation
[2026-01-16T09:47:53.113+0000][gc,mmu      ] GC(1155) MMU target violated: 201.0ms (200.0ms/201.0ms)
[2026-01-16T09:47:53.138+0000][gc,phases   ] GC(1155)   Pre Evacuate Collection Set: 113.2ms
[2026-01-16T09:47:53.139+0000][gc,phases   ] GC(1155)   Merge Heap Roots: 48.1ms
[2026-01-16T09:47:53.140+0000][gc,phases   ] GC(1155)   Evacuate Collection Set: 1484.5ms
[2026-01-16T09:47:53.145+0000][gc,phases   ] GC(1155)   Post Evacuate Collection Set: 261.1ms
[2026-01-16T09:47:53.155+0000][gc,phases   ] GC(1155)   Other: 24.4ms
[2026-01-16T09:47:53.157+0000][gc,heap     ] GC(1155) Eden regions: 235->0(44)
[2026-01-16T09:47:53.157+0000][gc,heap     ] GC(1155) Survivor regions: 3->7(30)
[2026-01-16T09:47:53.158+0000][gc,heap     ] GC(1155) Old regions: 170->170
[2026-01-16T09:47:53.158+0000][gc,heap     ] GC(1155) Humongous regions: 167->167
[2026-01-16T09:47:53.159+0000][gc,metaspace] GC(1155) Metaspace: 15603K(15936K)->15603K(15936K) NonClass: 13850K(14016K)->13850K(14016K) Class: 1753K(1920K)->1753K(1920K)
[2026-01-16T09:47:53.170+0000][gc          ] GC(1155) Pause Young (Normal) (G1 Evacuation Pause) 574M->342M(1024M) 1970.346ms
[2026-01-16T09:47:53.171+0000][gc,cpu      ] GC(1155) User=1.62s Sys=0.21s Real=1.97s
[2026-01-16T09:47:57.444+0000][gc,start    ] GC(1156) Pause Young (Normal) (G1 Evacuation Pause)
[2026-01-16T09:47:57.452+0000][gc,task     ] GC(1156) Using 8 workers of 8 for evacuation
[2026-01-16T09:47:58.075+0000][gc,mmu      ] GC(1156) MMU target violated: 201.0ms (200.0ms/201.0ms)
[2026-01-16T09:47:58.076+0000][gc,phases   ] GC(1156)   Pre Evacuate Collection Set: 31.6ms
[2026-01-16T09:47:58.077+0000][gc,phases   ] GC(1156)   Merge Heap Roots: 6.0ms
[2026-01-16T09:47:58.078+0000][gc,phases   ] GC(1156)   Evacuate Collection Set: 557.8ms
[2026-01-16T09:47:58.078+0000][gc,phases   ] GC(1156)   Post Evacuate Collection Set: 25.6ms
[2026-01-16T09:47:58.079+0000][gc,phases   ] GC(1156)   Other: 6.4ms
[2026-01-16T09:47:58.079+0000][gc,heap     ] GC(1156) Eden regions: 44->0(49)
[2026-01-16T09:47:58.080+0000][gc,heap     ] GC(1156) Survivor regions: 7->2(7)
[2026-01-16T09:47:58.080+0000][gc,heap     ] GC(1156) Old regions: 170->173
[2026-01-16T09:47:58.081+0000][gc,heap     ] GC(1156) Humongous regions: 167->167
[2026-01-16T09:47:58.081+0000][gc,metaspace] GC(1156) Metaspace: 15603K(15936K)->15603K(15936K) NonClass: 13850K(14016K)->13850K(14016K) Class: 1753K(1920K)->1753K(1920K)
[2026-01-16T09:47:58.082+0000][gc          ] GC(1156) Pause Young (Normal) (G1 Evacuation Pause) 386M->340M(1024M) 638.470ms
[2026-01-16T09:47:58.084+0000][gc,cpu      ] GC(1156) User=0.46s Sys=0.04s Real=0.64s
[2026-01-16T09:48:00.474+0000][gc,start    ] GC(1157) Pause Young (Normal) (G1 Evacuation Pause)
[2026-01-16T09:48:00.478+0000][gc,task     ] GC(1157) Using 8 workers of 8 for evacuation
[2026-01-16T09:48:00.857+0000][gc,mmu      ] GC(1157) MMU target violated: 201.0ms (200.0ms/201.0ms)
[2026-01-16T09:48:00.858+0000][gc,phases   ] GC(1157)   Pre Evacuate Collection Set: 31.4ms
[2026-01-16T09:48:00.858+0000][gc,phases   ] GC(1157)   Merge Heap Roots: 1.1ms
[2026-01-16T09:48:00.859+0000][gc,phases   ] GC(1157)   Evacuate Collection Set: 329.9ms
[2026-01-16T09:48:00.861+0000][gc,phases   ] GC(1157)   Post Evacuate Collection Set: 16.1ms
[2026-01-16T09:48:00.862+0000][gc,phases   ] GC(1157)   Other: 1.9ms
[2026-01-16T09:48:00.863+0000][gc,heap     ] GC(1157) Eden regions: 49->0(49)
[2026-01-16T09:48:00.864+0000][gc,heap     ] GC(1157) Survivor regions: 2->2(7)
[2026-01-16T09:48:00.865+0000][gc,heap     ] GC(1157) Old regions: 173->173
[2026-01-16T09:48:00.867+0000][gc,heap     ] GC(1157) Humongous regions: 167->167
[2026-01-16T09:48:00.867+0000][gc,metaspace] GC(1157) Metaspace: 15603K(15936K)->15603K(15936K) NonClass: 13850K(14016K)->13850K(14016K) Class: 1753K(1920K)->1753K(1920K)
[2026-01-16T09:48:00.868+0000][gc          ] GC(1157) Pause Young (Normal) (G1 Evacuation Pause) 389M->341M(1024M) 394.276ms
[2026-01-16T09:48:00.869+0000][gc,cpu      ] GC(1157) User=0.23s Sys=0.01s Real=0.40s
[2026-01-16T09:48:03.117+0000][gc,start    ] GC(1158) Pause Young (Normal) (G1 Evacuation Pause)
[2026-01-16T09:48:03.118+0000][gc,task     ] GC(1158) Using 8 workers of 8 for evacuation
[2026-01-16T09:48:03.468+0000][gc,mmu      ] GC(1158) MMU target violated: 201.0ms (200.0ms/201.0ms)
[2026-01-16T09:48:03.470+0000][gc,phases   ] GC(1158)   Pre Evacuate Collection Set: 58.1ms
[2026-01-16T09:48:03.471+0000][gc,phases   ] GC(1158)   Merge Heap Roots: 11.1ms
[2026-01-16T09:48:03.474+0000][gc,phases   ] GC(1158)   Evacuate Collection Set: 249.0ms
[2026-01-16T09:48:03.477+0000][gc,phases   ] GC(1158)   Post Evacuate Collection Set: 16.1ms
[2026-01-16T09:48:03.478+0000][gc,phases   ] GC(1158)   Other: 18.0ms
[2026-01-16T09:48:03.492+0000][gc,heap     ] GC(1158) Eden regions: 49->0(48)
[2026-01-16T09:48:03.493+0000][gc,heap     ] GC(1158) Survivor regions: 2->3(7)
[2026-01-16T09:48:03.493+0000][gc,heap     ] GC(1158) Old regions: 173->173
[2026-01-16T09:48:03.494+0000][gc,heap     ] GC(1158) Humongous regions: 167->167
[2026-01-16T09:48:03.495+0000][gc,metaspace] GC(1158) Metaspace: 15603K(15936K)->15603K(15936K) NonClass: 13850K(14016K)->13850K(14016K) Class: 1753K(1920K)->1753K(1920K)
[2026-01-16T09:48:03.496+0000][gc          ] GC(1158) Pause Young (Normal) (G1 Evacuation Pause) 390M->341M(1024M) 379.376ms
[2026-01-16T09:48:03.497+0000][gc,cpu      ] GC(1158) User=0.19s Sys=0.02s Real=0.38s
[2026-01-16T09:48:06.717+0000][gc,start    ] GC(1159) Pause Young (Normal) (G1 Evacuation Pause)
[2026-01-16T09:48:06.721+0000][gc,task     ] GC(1159) Using 8 workers of 8 for evacuation
[2026-01-16T09:48:07.112+0000][gc,mmu      ] GC(1159) MMU target violated: 201.0ms (200.0ms/201.0ms)
[2026-01-16T09:48:07.113+0000][gc,phases   ] GC(1159)   Pre Evacuate Collection Set: 77.8ms
[2026-01-16T09:48:07.114+0000][gc,phases   ] GC(1159)   Merge Heap Roots: 13.4ms
[2026-01-16T09:48:07.119+0000][gc,phases   ] GC(1159)   Evacuate Collection Set: 257.7ms
[2026-01-16T09:48:07.122+0000][gc,phases   ] GC(1159)   Post Evacuate Collection Set: 37.3ms
[2026-01-16T09:48:07.124+0000][gc,phases   ] GC(1159)   Other: 6.8ms
[2026-01-16T09:48:07.125+0000][gc,heap     ] GC(1159) Eden regions: 48->0(47)
[2026-01-16T09:48:07.129+0000][gc,heap     ] GC(1159) Survivor regions: 3->4(7)
[2026-01-16T09:48:07.131+0000][gc,heap     ] GC(1159) Old regions: 173->173
[2026-01-16T09:48:07.132+0000][gc,heap     ] GC(1159) Humongous regions: 167->167
[2026-01-16T09:48:07.133+0000][gc,metaspace] GC(1159) Metaspace: 15603K(15936K)->15603K(15936K) NonClass: 13850K(14016K)->13850K(14016K) Class: 1753K(1920K)->1753K(1920K)
[2026-01-16T09:48:07.135+0000][gc          ] GC(1159) Pause Young (Normal) (G1 Evacuation Pause) 389M->342M(1024M) 417.492ms
[2026-01-16T09:48:07.135+0000][gc,cpu      ] GC(1159) User=0.22s Sys=0.00s Real=0.42s
[2026-01-16T09:48:09.198+0000][gc,start    ] GC(1160) Pause Young (Normal) (G1 Evacuation Pause)
[2026-01-16T09:48:09.223+0000][gc,task     ] GC(1160) Using 8 workers of 8 for evacuation
[2026-01-16T09:48:09.848+0000][gc,mmu      ] GC(1160) MMU target violated: 201.0ms (200.0ms/201.0ms)
[2026-01-16T09:48:09.852+0000][gc,phases   ] GC(1160)   Pre Evacuate Collection Set: 52.3ms
[2026-01-16T09:48:09.856+0000][gc,phases   ] GC(1160)   Merge Heap Roots: 7.1ms
[2026-01-16T09:48:09.859+0000][gc,phases   ] GC(1160)   Evacuate Collection Set: 446.3ms
[2026-01-16T09:48:09.863+0000][gc,phases   ] GC(1160)   Post Evacuate Collection Set: 117.8ms
[2026-01-16T09:48:09.864+0000][gc,phases   ] GC(1160)   Other: 5.3ms
[2026-01-16T09:48:09.866+0000][gc,heap     ] GC(1160) Eden regions: 47->0(47)
[2026-01-16T09:48:09.867+0000][gc,heap     ] GC(1160) Survivor regions: 4->4(7)
[2026-01-16T09:48:09.868+0000][gc,heap     ] GC(1160) Old regions: 173->173
[2026-01-16T09:48:09.869+0000][gc,heap     ] GC(1160) Humongous regions: 167->167
[2026-01-16T09:48:09.869+0000][gc,metaspace] GC(1160) Metaspace: 15603K(15936K)->15603K(15936K) NonClass: 13850K(14016K)->13850K(14016K) Class: 1753K(1920K)->1753K(1920K)
[2026-01-16T09:48:09.870+0000][gc          ] GC(1160) Pause Young (Normal) (G1 Evacuation Pause) 389M->343M(1024M) 672.318ms
[2026-01-16T09:48:09.870+0000][gc,cpu      ] GC(1160) User=0.26s Sys=0.03s Real=0.68s
[2026-01-16T09:48:11.268+0000][gc,start    ] GC(1161) Pause Young (Normal) (G1 Evacuation Pause)
[2026-01-16T09:48:11.273+0000][gc,task     ] GC(1161) Using 8 workers of 8 for evacuation
[2026-01-16T09:48:12.028+0000][gc,mmu      ] GC(1161) MMU target violated: 201.0ms (200.0ms/201.0ms)
[2026-01-16T09:48:12.029+0000][gc,phases   ] GC(1161)   Pre Evacuate Collection Set: 17.2ms
[2026-01-16T09:48:12.029+0000][gc,phases   ] GC(1161)   Merge Heap Roots: 11.1ms
[2026-01-16T09:48:12.031+0000][gc,phases   ] GC(1161)   Evacuate Collection Set: 652.6ms
[2026-01-16T09:48:12.032+0000][gc,phases   ] GC(1161)   Post Evacuate Collection Set: 71.7ms
[2026-01-16T09:48:12.033+0000][gc,phases   ] GC(1161)   Other: 4.0ms
[2026-01-16T09:48:12.034+0000][gc,heap     ] GC(1161) Eden regions: 47->0(47)
[2026-01-16T09:48:12.035+0000][gc,heap     ] GC(1161) Survivor regions: 4->4(7)
[2026-01-16T09:48:12.036+0000][gc,heap     ] GC(1161) Old regions: 173->174
[2026-01-16T09:48:12.036+0000][gc,heap     ] GC(1161) Humongous regions: 167->167
[2026-01-16T09:48:12.036+0000][gc,metaspace] GC(1161) Metaspace: 15603K(15936K)->15603K(15936K) NonClass: 13850K(14016K)->13850K(14016K) Class: 1753K(1920K)->1753K(1920K)
[2026-01-16T09:48:12.037+0000][gc          ] GC(1161) Pause Young (Normal) (G1 Evacuation Pause) 390M->344M(1024M) 768.704ms
[2026-01-16T09:48:12.038+0000][gc,cpu      ] GC(1161) User=0.35s Sys=0.08s Real=0.77s
[2026-01-16T09:48:13.637+0000][gc,start    ] GC(1162) Pause Young (Normal) (G1 Evacuation Pause)
[2026-01-16T09:48:13.638+0000][gc,task     ] GC(1162) Using 8 workers of 8 for evacuation
[2026-01-16T09:48:13.943+0000][gc,mmu      ] GC(1162) MMU target violated: 201.0ms (200.0ms/201.0ms)
[2026-01-16T09:48:13.944+0000][gc,phases   ] GC(1162)   Pre Evacuate Collection Set: 20.7ms
[2026-01-16T09:48:13.945+0000][gc,phases   ] GC(1162)   Merge Heap Roots: 0.8ms
[2026-01-16T09:48:13.945+0000][gc,phases   ] GC(1162)   Evacuate Collection Set: 260.6ms
[2026-01-16T09:48:13.946+0000][gc,phases   ] GC(1162)   Post Evacuate Collection Set: 22.2ms
[2026-01-16T09:48:13.946+0000][gc,phases   ] GC(1162)   Other: 1.4ms
[2026-01-16T09:48:13.947+0000][gc,heap     ] GC(1162) Eden regions: 47->0(46)
[2026-01-16T09:48:13.947+0000][gc,heap     ] GC(1162) Survivor regions: 4->5(7)
[2026-01-16T09:48:13.947+0000][gc,heap     ] GC(1162) Old regions: 174->174
[2026-01-16T09:48:13.947+0000][gc,heap     ] GC(1162) Humongous regions: 167->167
[2026-01-16T09:48:13.947+0000][gc,metaspace] GC(1162) Metaspace: 15603K(15936K)->15603K(15936K) NonClass: 13850K(14016K)->13850K(14016K) Class: 1753K(1920K)->1753K(1920K)
[2026-01-16T09:48:13.948+0000][gc          ] GC(1162) Pause Young (Normal) (G1 Evacuation Pause) 391M->345M(1024M) 310.274ms
[2026-01-16T09:48:13.949+0000][gc,cpu      ] GC(1162) User=0.18s Sys=0.01s Real=0.31s
[2026-01-16T09:48:15.267+0000][gc,start    ] GC(1163) Pause Young (Normal) (G1 Evacuation Pause)
[2026-01-16T09:48:15.290+0000][gc,task     ] GC(1163) Using 8 workers of 8 for evacuation
[2026-01-16T09:48:15.618+0000][gc,mmu      ] GC(1163) MMU target violated: 201.0ms (200.0ms/201.0ms)
[2026-01-16T09:48:15.619+0000][gc,phases   ] GC(1163)   Pre Evacuate Collection Set: 25.9ms
[2026-01-16T09:48:15.622+0000][gc,phases   ] GC(1163)   Merge Heap Roots: 6.8ms
[2026-01-16T09:48:15.623+0000][gc,phases   ] GC(1163)   Evacuate Collection Set: 270.5ms
[2026-01-16T09:48:15.624+0000][gc,phases   ] GC(1163)   Post Evacuate Collection Set: 23.6ms
[2026-01-16T09:48:15.624+0000][gc,phases   ] GC(1163)   Other: 2.3ms
[2026-01-16T09:48:15.624+0000][gc,heap     ] GC(1163) Eden regions: 46->0(47)
[2026-01-16T09:48:15.624+0000][gc,heap     ] GC(1163) Survivor regions: 5->4(7)
[2026-01-16T09:48:15.625+0000][gc,heap     ] GC(1163) Old regions: 174->175
[2026-01-16T09:48:15.625+0000][gc,heap     ] GC(1163) Humongous regions: 167->167
[2026-01-16T09:48:15.627+0000][gc,metaspace] GC(1163) Metaspace: 15603K(15936K)->15603K(15936K) NonClass: 13850K(14016K)->13850K(14016K) Class: 1753K(1920K)->1753K(1920K)
[2026-01-16T09:48:15.629+0000][gc          ] GC(1163) Pause Young (Normal) (G1 Evacuation Pause) 391M->345M(1024M) 369.494ms
[2026-01-16T09:48:15.630+0000][gc,cpu      ] GC(1163) User=0.17s Sys=0.00s Real=0.37s
[2026-01-16T09:48:16.782+0000][gc,start    ] GC(1164) Pause Young (Normal) (G1 Evacuation Pause)
[2026-01-16T09:48:16.785+0000][gc,task     ] GC(1164) Using 8 workers of 8 for evacuation
[2026-01-16T09:48:17.047+0000][gc,mmu      ] GC(1164) MMU target violated: 201.0ms (200.0ms/201.0ms)
[2026-01-16T09:48:17.050+0000][gc,phases   ] GC(1164)   Pre Evacuate Collection Set: 47.9ms
[2026-01-16T09:48:17.050+0000][gc,phases   ] GC(1164)   Merge Heap Roots: 5.7ms
[2026-01-16T09:48:17.051+0000][gc,phases   ] GC(1164)   Evacuate Collection Set: 185.4ms
[2026-01-16T09:48:17.051+0000][gc,phases   ] GC(1164)   Post Evacuate Collection Set: 22.4ms
[2026-01-16T09:48:17.051+0000][gc,phases   ] GC(1164)   Other: 3.5ms
[2026-01-16T09:48:17.051+0000][gc,heap     ] GC(1164) Eden regions: 47->0(47)
[2026-01-16T09:48:17.052+0000][gc,heap     ] GC(1164) Survivor regions: 4->4(7)
[2026-01-16T09:48:17.053+0000][gc,heap     ] GC(1164) Old regions: 175->176
[2026-01-16T09:48:17.053+0000][gc,heap     ] GC(1164) Humongous regions: 167->167
[2026-01-16T09:48:17.054+0000][gc,metaspace] GC(1164) Metaspace: 15603K(15936K)->15603K(15936K) NonClass: 13850K(14016K)->13850K(14016K) Class: 1753K(1920K)->1753K(1920K)
[2026-01-16T09:48:17.058+0000][gc          ] GC(1164) Pause Young (Normal) (G1 Evacuation Pause) 392M->346M(1024M) 274.838ms
[2026-01-16T09:48:17.060+0000][gc,cpu      ] GC(1164) User=0.16s Sys=0.01s Real=0.28s
[2026-01-16T09:48:17.538+0000][gc,start    ] GC(1165) Pause Young (Normal) (G1 Evacuation Pause)
[2026-01-16T09:48:17.538+0000][gc,task     ] GC(1165) Using 8 workers of 8 for evacuation
[2026-01-16T09:48:17.598+0000][gc,phases   ] GC(1165)   Pre Evacuate Collection Set: 2.0ms
[2026-01-16T09:48:17.602+0000][gc,phases   ] GC(1165)   Merge Heap Roots: 0.5ms
[2026-01-16T09:48:17.604+0000][gc,phases   ] GC(1165)   Evacuate Collection Set: 53.3ms
[2026-01-16T09:48:17.604+0000][gc,phases   ] GC(1165)   Post Evacuate Collection Set: 3.9ms
[2026-01-16T09:48:17.605+0000][gc,phases   ] GC(1165)   Other: 0.4ms
[2026-01-16T09:48:17.605+0000][gc,heap     ] GC(1165) Eden regions: 47->0(46)
[2026-01-16T09:48:17.606+0000][gc,heap     ] GC(1165) Survivor regions: 4->5(7)
[2026-01-16T09:48:17.606+0000][gc,heap     ] GC(1165) Old regions: 176->176
[2026-01-16T09:48:17.606+0000][gc,heap     ] GC(1165) Humongous regions: 167->167
[2026-01-16T09:48:17.607+0000][gc,metaspace] GC(1165) Metaspace: 15603K(15936K)->15603K(15936K) NonClass: 13850K(14016K)->13850K(14016K) Class: 1753K(1920K)->1753K(1920K)
[2026-01-16T09:48:17.607+0000][gc          ] GC(1165) Pause Young (Normal) (G1 Evacuation Pause) 393M->346M(1024M) 69.174ms
[2026-01-16T09:48:17.608+0000][gc,cpu      ] GC(1165) User=0.03s Sys=0.00s Real=0.07s
[2026-01-16T09:48:18.273+0000][gc,start    ] GC(1166) Pause Young (Normal) (G1 Evacuation Pause)
[2026-01-16T09:48:18.275+0000][gc,task     ] GC(1166) Using 8 workers of 8 for evacuation
[2026-01-16T09:48:18.427+0000][gc,phases   ] GC(1166)   Pre Evacuate Collection Set: 13.6ms
[2026-01-16T09:48:18.427+0000][gc,phases   ] GC(1166)   Merge Heap Roots: 0.8ms
[2026-01-16T09:48:18.427+0000][gc,phases   ] GC(1166)   Evacuate Collection Set: 131.3ms
[2026-01-16T09:48:18.427+0000][gc,phases   ] GC(1166)   Post Evacuate Collection Set: 4.9ms
[2026-01-16T09:48:18.427+0000][gc,phases   ] GC(1166)   Other: 1.7ms
[2026-01-16T09:48:18.427+0000][gc,heap     ] GC(1166) Eden regions: 46->0(46)
[2026-01-16T09:48:18.428+0000][gc,heap     ] GC(1166) Survivor regions: 5->5(7)
[2026-01-16T09:48:18.428+0000][gc,heap     ] GC(1166) Old regions: 176->177
[2026-01-16T09:48:18.428+0000][gc,heap     ] GC(1166) Humongous regions: 167->167
[2026-01-16T09:48:18.428+0000][gc,metaspace] GC(1166) Metaspace: 15603K(15936K)->15603K(15936K) NonClass: 13850K(14016K)->13850K(14016K) Class: 1753K(1920K)->1753K(1920K)
[2026-01-16T09:48:18.428+0000][gc          ] GC(1166) Pause Young (Normal) (G1 Evacuation Pause) 392M->347M(1024M) 155.139ms
[2026-01-16T09:48:18.429+0000][gc,cpu      ] GC(1166) User=0.14s Sys=0.01s Real=0.16s
[2026-01-16T09:48:19.151+0000][gc,start    ] GC(1167) Pause Young (Normal) (G1 Evacuation Pause)
[2026-01-16T09:48:19.154+0000][gc,task     ] GC(1167) Using 8 workers of 8 for evacuation
[2026-01-16T09:48:19.266+0000][gc,phases   ] GC(1167)   Pre Evacuate Collection Set: 4.5ms
[2026-01-16T09:48:19.267+0000][gc,phases   ] GC(1167)   Merge Heap Roots: 0.4ms
[2026-01-16T09:48:19.268+0000][gc,phases   ] GC(1167)   Evacuate Collection Set: 95.7ms
[2026-01-16T09:48:19.268+0000][gc,phases   ] GC(1167)   Post Evacuate Collection Set: 9.0ms
[2026-01-16T09:48:19.272+0000][gc,phases   ] GC(1167)   Other: 2.2ms
[2026-01-16T09:48:19.273+0000][gc,heap     ] GC(1167) Eden regions: 46->0(46)
[2026-01-16T09:48:19.273+0000][gc,heap     ] GC(1167) Survivor regions: 5->5(7)
[2026-01-16T09:48:19.273+0000][gc,heap     ] GC(1167) Old regions: 177->178
[2026-01-16T09:48:19.274+0000][gc,heap     ] GC(1167) Humongous regions: 167->167
[2026-01-16T09:48:19.281+0000][gc,metaspace] GC(1167) Metaspace: 15603K(15936K)->15603K(15936K) NonClass: 13850K(14016K)->13850K(14016K) Class: 1753K(1920K)->1753K(1920K)
[2026-01-16T09:48:19.283+0000][gc          ] GC(1167) Pause Young (Normal) (G1 Evacuation Pause) 393M->348M(1024M) 132.093ms
[2026-01-16T09:48:19.284+0000][gc,cpu      ] GC(1167) User=0.08s Sys=0.00s Real=0.13s
[2026-01-16T09:48:19.880+0000][gc,start    ] GC(1168) Pause Young (Normal) (G1 Evacuation Pause)
[2026-01-16T09:48:19.883+0000][gc,task     ] GC(1168) Using 8 workers of 8 for evacuation
[2026-01-16T09:48:20.073+0000][gc,phases   ] GC(1168)   Pre Evacuate Collection Set: 20.7ms
[2026-01-16T09:48:20.074+0000][gc,phases   ] GC(1168)   Merge Heap Roots: 0.5ms
[2026-01-16T09:48:20.078+0000][gc,phases   ] GC(1168)   Evacuate Collection Set: 151.9ms
[2026-01-16T09:48:20.079+0000][gc,phases   ] GC(1168)   Post Evacuate Collection Set: 11.2ms
[2026-01-16T09:48:20.079+0000][gc,phases   ] GC(1168)   Other: 6.2ms
[2026-01-16T09:48:20.083+0000][gc,heap     ] GC(1168) Eden regions: 46->0(46)
[2026-01-16T09:48:20.084+0000][gc,heap     ] GC(1168) Survivor regions: 5->5(7)
[2026-01-16T09:48:20.084+0000][gc,heap     ] GC(1168) Old regions: 178->178
[2026-01-16T09:48:20.085+0000][gc,heap     ] GC(1168) Humongous regions: 167->167
[2026-01-16T09:48:20.085+0000][gc,metaspace] GC(1168) Metaspace: 15603K(15936K)->15603K(15936K) NonClass: 13850K(14016K)->13850K(14016K) Class: 1753K(1920K)->1753K(1920K)
[2026-01-16T09:48:20.086+0000][gc          ] GC(1168) Pause Young (Normal) (G1 Evacuation Pause) 394M->348M(1024M) 205.529ms
[2026-01-16T09:48:20.087+0000][gc,cpu      ] GC(1168) User=0.17s Sys=0.02s Real=0.20s
[2026-01-16T09:48:20.726+0000][gc,start    ] GC(1169) Pause Young (Normal) (G1 Evacuation Pause)
[2026-01-16T09:48:20.728+0000][gc,task     ] GC(1169) Using 8 workers of 8 for evacuation
[2026-01-16T09:48:20.768+0000][gc,phases   ] GC(1169)   Pre Evacuate Collection Set: 0.8ms
[2026-01-16T09:48:20.769+0000][gc,phases   ] GC(1169)   Merge Heap Roots: 0.2ms
[2026-01-16T09:48:20.770+0000][gc,phases   ] GC(1169)   Evacuate Collection Set: 33.8ms
[2026-01-16T09:48:20.773+0000][gc,phases   ] GC(1169)   Post Evacuate Collection Set: 4.8ms
[2026-01-16T09:48:20.773+0000][gc,phases   ] GC(1169)   Other: 0.9ms
[2026-01-16T09:48:20.773+0000][gc,heap     ] GC(1169) Eden regions: 46->0(46)
[2026-01-16T09:48:20.775+0000][gc,heap     ] GC(1169) Survivor regions: 5->5(7)
[2026-01-16T09:48:20.775+0000][gc,heap     ] GC(1169) Old regions: 178->179
[2026-01-16T09:48:20.776+0000][gc,heap     ] GC(1169) Humongous regions: 167->167
[2026-01-16T09:48:20.776+0000][gc,metaspace] GC(1169) Metaspace: 15604K(15936K)->15604K(15936K) NonClass: 13850K(14016K)->13850K(14016K) Class: 1753K(1920K)->1753K(1920K)
[2026-01-16T09:48:20.777+0000][gc          ] GC(1169) Pause Young (Normal) (G1 Evacuation Pause) 394M->349M(1024M) 51.499ms
[2026-01-16T09:48:20.778+0000][gc,cpu      ] GC(1169) User=0.06s Sys=0.01s Real=0.06s
[2026-01-16T09:48:23.417+0000][gc,start    ] GC(1170) Pause Young (Normal) (G1 Evacuation Pause)
[2026-01-16T09:48:23.418+0000][gc,task     ] GC(1170) Using 8 workers of 8 for evacuation
[2026-01-16T09:48:23.666+0000][gc,mmu      ] GC(1170) MMU target violated: 201.0ms (200.0ms/201.0ms)
[2026-01-16T09:48:23.666+0000][gc,phases   ] GC(1170)   Pre Evacuate Collection Set: 8.5ms
[2026-01-16T09:48:23.667+0000][gc,phases   ] GC(1170)   Merge Heap Roots: 1.3ms
[2026-01-16T09:48:23.667+0000][gc,phases   ] GC(1170)   Evacuate Collection Set: 225.0ms
[2026-01-16T09:48:23.668+0000][gc,phases   ] GC(1170)   Post Evacuate Collection Set: 12.4ms
[2026-01-16T09:48:23.668+0000][gc,phases   ] GC(1170)   Other: 1.0ms
[2026-01-16T09:48:23.668+0000][gc,heap     ] GC(1170) Eden regions: 53->0(46)
[2026-01-16T09:48:23.669+0000][gc,heap     ] GC(1170) Survivor regions: 5->5(8)
[2026-01-16T09:48:23.670+0000][gc,heap     ] GC(1170) Old regions: 179->179
[2026-01-16T09:48:23.670+0000][gc,heap     ] GC(1170) Humongous regions: 167->167
[2026-01-16T09:48:23.670+0000][gc,metaspace] GC(1170) Metaspace: 15604K(15936K)->15604K(15936K) NonClass: 13851K(14016K)->13851K(14016K) Class: 1753K(1920K)->1753K(1920K)
[2026-01-16T09:48:23.673+0000][gc          ] GC(1170) Pause Young (Normal) (G1 Evacuation Pause) 402M->350M(1024M) 255.230ms
[2026-01-16T09:48:23.675+0000][gc,cpu      ] GC(1170) User=0.22s Sys=0.01s Real=0.25s
[2026-01-16T09:48:24.315+0000][gc,start    ] GC(1171) Pause Young (Normal) (G1 Evacuation Pause)
[2026-01-16T09:48:24.316+0000][gc,task     ] GC(1171) Using 8 workers of 8 for evacuation
[2026-01-16T09:48:24.389+0000][gc,phases   ] GC(1171)   Pre Evacuate Collection Set: 4.7ms
[2026-01-16T09:48:24.390+0000][gc,phases   ] GC(1171)   Merge Heap Roots: 0.4ms
[2026-01-16T09:48:24.391+0000][gc,phases   ] GC(1171)   Evacuate Collection Set: 66.2ms
[2026-01-16T09:48:24.391+0000][gc,phases   ] GC(1171)   Post Evacuate Collection Set: 1.9ms
[2026-01-16T09:48:24.391+0000][gc,phases   ] GC(1171)   Other: 0.4ms
[2026-01-16T09:48:24.391+0000][gc,heap     ] GC(1171) Eden regions: 46->0(65)
[2026-01-16T09:48:24.391+0000][gc,heap     ] GC(1171) Survivor regions: 5->5(7)
[2026-01-16T09:48:24.391+0000][gc,heap     ] GC(1171) Old regions: 179->180
[2026-01-16T09:48:24.391+0000][gc,heap     ] GC(1171) Humongous regions: 167->167
[2026-01-16T09:48:24.392+0000][gc,metaspace] GC(1171) Metaspace: 15605K(15936K)->15605K(15936K) NonClass: 13851K(14016K)->13851K(14016K) Class: 1753K(1920K)->1753K(1920K)
[2026-01-16T09:48:24.392+0000][gc          ] GC(1171) Pause Young (Normal) (G1 Evacuation Pause) 396M->351M(1024M) 76.364ms
[2026-01-16T09:48:24.392+0000][gc,cpu      ] GC(1171) User=0.10s Sys=0.02s Real=0.08s
[2026-01-16T09:48:25.644+0000][gc,start    ] GC(1172) Pause Young (Normal) (G1 Evacuation Pause)
[2026-01-16T09:48:25.647+0000][gc,task     ] GC(1172) Using 8 workers of 8 for evacuation
[2026-01-16T09:48:25.810+0000][gc,phases   ] GC(1172)   Pre Evacuate Collection Set: 16.6ms
[2026-01-16T09:48:25.810+0000][gc,phases   ] GC(1172)   Merge Heap Roots: 1.2ms
[2026-01-16T09:48:25.813+0000][gc,phases   ] GC(1172)   Evacuate Collection Set: 137.5ms
[2026-01-16T09:48:25.816+0000][gc,phases   ] GC(1172)   Post Evacuate Collection Set: 5.8ms
[2026-01-16T09:48:25.816+0000][gc,phases   ] GC(1172)   Other: 1.6ms
[2026-01-16T09:48:25.816+0000][gc,heap     ] GC(1172) Eden regions: 64->0(45)
[2026-01-16T09:48:25.817+0000][gc,heap     ] GC(1172) Survivor regions: 5->6(9)
[2026-01-16T09:48:25.817+0000][gc,heap     ] GC(1172) Old regions: 180->180
[2026-01-16T09:48:25.817+0000][gc,heap     ] GC(1172) Humongous regions: 167->167
[2026-01-16T09:48:25.818+0000][gc,metaspace] GC(1172) Metaspace: 15605K(15936K)->15605K(15936K) NonClass: 13851K(14016K)->13851K(14016K) Class: 1753K(1920K)->1753K(1920K)
[2026-01-16T09:48:25.819+0000][gc          ] GC(1172) Pause Young (Normal) (G1 Evacuation Pause) 415M->352M(1024M) 174.556ms
[2026-01-16T09:48:25.819+0000][gc,cpu      ] GC(1172) User=0.18s Sys=0.01s Real=0.18s
[2026-01-16T09:48:32.895+0000][gc,start    ] GC(1173) Pause Young (Normal) (G1 Evacuation Pause)
[2026-01-16T09:48:32.895+0000][gc,task     ] GC(1173) Using 8 workers of 8 for evacuation
[2026-01-16T09:48:33.054+0000][gc,phases   ] GC(1173)   Pre Evacuate Collection Set: 28.9ms
[2026-01-16T09:48:33.055+0000][gc,phases   ] GC(1173)   Merge Heap Roots: 4.3ms
[2026-01-16T09:48:33.055+0000][gc,phases   ] GC(1173)   Evacuate Collection Set: 108.3ms
[2026-01-16T09:48:33.057+0000][gc,phases   ] GC(1173)   Post Evacuate Collection Set: 16.1ms
[2026-01-16T09:48:33.057+0000][gc,phases   ] GC(1173)   Other: 1.0ms
[2026-01-16T09:48:33.059+0000][gc,heap     ] GC(1173) Eden regions: 45->0(240)
[2026-01-16T09:48:33.060+0000][gc,heap     ] GC(1173) Survivor regions: 6->2(7)
[2026-01-16T09:48:33.060+0000][gc,heap     ] GC(1173) Old regions: 180->182
[2026-01-16T09:48:33.060+0000][gc,heap     ] GC(1173) Humongous regions: 167->167
[2026-01-16T09:48:33.061+0000][gc,metaspace] GC(1173) Metaspace: 15609K(15936K)->15609K(15936K) NonClass: 13856K(14016K)->13856K(14016K) Class: 1753K(1920K)->1753K(1920K)
[2026-01-16T09:48:33.061+0000][gc          ] GC(1173) Pause Young (Normal) (G1 Evacuation Pause) 397M->350M(1024M) 166.715ms
[2026-01-16T09:48:33.062+0000][gc,cpu      ] GC(1173) User=0.39s Sys=0.04s Real=0.17s
[2026-01-16T09:48:45.705+0000][gc,start    ] GC(1174) Pause Young (Normal) (G1 Evacuation Pause)
[2026-01-16T09:48:45.706+0000][gc,task     ] GC(1174) Using 8 workers of 8 for evacuation
[2026-01-16T09:48:45.979+0000][gc,mmu      ] GC(1174) MMU target violated: 201.0ms (200.0ms/201.0ms)
[2026-01-16T09:48:45.983+0000][gc,phases   ] GC(1174)   Pre Evacuate Collection Set: 52.8ms
[2026-01-16T09:48:45.985+0000][gc,phases   ] GC(1174)   Merge Heap Roots: 4.0ms
[2026-01-16T09:48:45.985+0000][gc,phases   ] GC(1174)   Evacuate Collection Set: 164.1ms
[2026-01-16T09:48:45.985+0000][gc,phases   ] GC(1174)   Post Evacuate Collection Set: 51.4ms
[2026-01-16T09:48:45.986+0000][gc,phases   ] GC(1174)   Other: 4.7ms
[2026-01-16T09:48:45.987+0000][gc,heap     ] GC(1174) Eden regions: 223->0(91)
[2026-01-16T09:48:45.987+0000][gc,heap     ] GC(1174) Survivor regions: 2->3(29)
[2026-01-16T09:48:45.988+0000][gc,heap     ] GC(1174) Old regions: 182->182
[2026-01-16T09:48:45.988+0000][gc,heap     ] GC(1174) Humongous regions: 167->167
[2026-01-16T09:48:45.988+0000][gc,metaspace] GC(1174) Metaspace: 15610K(15936K)->15610K(15936K) NonClass: 13856K(14016K)->13856K(14016K) Class: 1753K(1920K)->1753K(1920K)
[2026-01-16T09:48:45.988+0000][gc          ] GC(1174) Pause Young (Normal) (G1 Evacuation Pause) 573M->351M(1024M) 284.082ms
[2026-01-16T09:48:45.989+0000][gc,cpu      ] GC(1174) User=0.30s Sys=0.01s Real=0.28s
[2026-01-16T09:48:50.305+0000][gc,start    ] GC(1175) Pause Young (Normal) (G1 Evacuation Pause)
[2026-01-16T09:48:50.310+0000][gc,task     ] GC(1175) Using 8 workers of 8 for evacuation
[2026-01-16T09:48:50.519+0000][gc,mmu      ] GC(1175) MMU target violated: 201.0ms (200.0ms/201.0ms)
[2026-01-16T09:48:50.520+0000][gc,phases   ] GC(1175)   Pre Evacuate Collection Set: 15.5ms
[2026-01-16T09:48:50.521+0000][gc,phases   ] GC(1175)   Merge Heap Roots: 5.2ms
[2026-01-16T09:48:50.521+0000][gc,phases   ] GC(1175)   Evacuate Collection Set: 167.9ms
[2026-01-16T09:48:50.521+0000][gc,phases   ] GC(1175)   Post Evacuate Collection Set: 17.3ms
[2026-01-16T09:48:50.521+0000][gc,phases   ] GC(1175)   Other: 5.8ms
[2026-01-16T09:48:50.521+0000][gc,heap     ] GC(1175) Eden regions: 84->0(47)
[2026-01-16T09:48:50.522+0000][gc,heap     ] GC(1175) Survivor regions: 3->4(11)
[2026-01-16T09:48:50.522+0000][gc,heap     ] GC(1175) Old regions: 182->182
[2026-01-16T09:48:50.522+0000][gc,heap     ] GC(1175) Humongous regions: 167->167
[2026-01-16T09:48:50.522+0000][gc,metaspace] GC(1175) Metaspace: 15610K(15936K)->15610K(15936K) NonClass: 13856K(14016K)->13856K(14016K) Class: 1753K(1920K)->1753K(1920K)
[2026-01-16T09:48:50.522+0000][gc          ] GC(1175) Pause Young (Normal) (G1 Evacuation Pause) 435M->352M(1024M) 217.306ms
[2026-01-16T09:48:50.522+0000][gc,cpu      ] GC(1175) User=0.26s Sys=0.01s Real=0.21s
[2026-01-16T09:48:51.402+0000][gc,start    ] GC(1176) Pause Young (Normal) (G1 Evacuation Pause)
[2026-01-16T09:48:51.403+0000][gc,task     ] GC(1176) Using 8 workers of 8 for evacuation
[2026-01-16T09:48:51.472+0000][gc,phases   ] GC(1176)   Pre Evacuate Collection Set: 6.6ms
[2026-01-16T09:48:51.473+0000][gc,phases   ] GC(1176)   Merge Heap Roots: 1.8ms
[2026-01-16T09:48:51.474+0000][gc,phases   ] GC(1176)   Evacuate Collection Set: 49.9ms
[2026-01-16T09:48:51.475+0000][gc,phases   ] GC(1176)   Post Evacuate Collection Set: 11.2ms
[2026-01-16T09:48:51.475+0000][gc,phases   ] GC(1176)   Other: 0.4ms
[2026-01-16T09:48:51.476+0000][gc,heap     ] GC(1176) Eden regions: 48->0(61)
[2026-01-16T09:48:51.476+0000][gc,heap     ] GC(1176) Survivor regions: 4->5(7)
[2026-01-16T09:48:51.477+0000][gc,heap     ] GC(1176) Old regions: 182->182
[2026-01-16T09:48:51.477+0000][gc,heap     ] GC(1176) Humongous regions: 167->167
[2026-01-16T09:48:51.478+0000][gc,metaspace] GC(1176) Metaspace: 15610K(15936K)->15610K(15936K) NonClass: 13856K(14016K)->13856K(14016K) Class: 1753K(1920K)->1753K(1920K)
[2026-01-16T09:48:51.478+0000][gc          ] GC(1176) Pause Young (Normal) (G1 Evacuation Pause) 400M->353M(1024M) 76.081ms
[2026-01-16T09:48:51.479+0000][gc,cpu      ] GC(1176) User=0.06s Sys=0.00s Real=0.08s
[2026-01-16T09:48:55.490+0000][gc,start    ] GC(1177) Pause Young (Normal) (G1 Evacuation Pause)
[2026-01-16T09:48:55.494+0000][gc,task     ] GC(1177) Using 8 workers of 8 for evacuation
[2026-01-16T09:48:55.761+0000][gc,mmu      ] GC(1177) MMU target violated: 201.0ms (200.0ms/201.0ms)
[2026-01-16T09:48:55.762+0000][gc,phases   ] GC(1177)   Pre Evacuate Collection Set: 44.5ms
[2026-01-16T09:48:55.762+0000][gc,phases   ] GC(1177)   Merge Heap Roots: 4.6ms
[2026-01-16T09:48:55.764+0000][gc,phases   ] GC(1177)   Evacuate Collection Set: 202.5ms
[2026-01-16T09:48:55.766+0000][gc,phases   ] GC(1177)   Post Evacuate Collection Set: 14.4ms
[2026-01-16T09:48:55.767+0000][gc,phases   ] GC(1177)   Other: 2.4ms
[2026-01-16T09:48:55.769+0000][gc,heap     ] GC(1177) Eden regions: 52->0(90)
[2026-01-16T09:48:55.771+0000][gc,heap     ] GC(1177) Survivor regions: 5->3(8)
[2026-01-16T09:48:55.773+0000][gc,heap     ] GC(1177) Old regions: 182->182
[2026-01-16T09:48:55.775+0000][gc,heap     ] GC(1177) Humongous regions: 167->167
[2026-01-16T09:48:55.776+0000][gc,metaspace] GC(1177) Metaspace: 15610K(15936K)->15610K(15936K) NonClass: 13856K(14016K)->13856K(14016K) Class: 1753K(1920K)->1753K(1920K)
[2026-01-16T09:48:55.788+0000][gc          ] GC(1177) Pause Young (Normal) (G1 Evacuation Pause) 405M->351M(1024M) 297.907ms
[2026-01-16T09:48:55.788+0000][gc,cpu      ] GC(1177) User=0.23s Sys=0.01s Real=0.30s
[2026-01-16T09:48:58.782+0000][gc,start    ] GC(1178) Pause Young (Normal) (G1 Evacuation Pause)
[2026-01-16T09:48:58.784+0000][gc,task     ] GC(1178) Using 8 workers of 8 for evacuation
[2026-01-16T09:48:59.163+0000][gc,mmu      ] GC(1178) MMU target violated: 201.0ms (200.0ms/201.0ms)
[2026-01-16T09:48:59.165+0000][gc,phases   ] GC(1178)   Pre Evacuate Collection Set: 49.8ms
[2026-01-16T09:48:59.166+0000][gc,phases   ] GC(1178)   Merge Heap Roots: 5.1ms
[2026-01-16T09:48:59.166+0000][gc,phases   ] GC(1178)   Evacuate Collection Set: 309.3ms
[2026-01-16T09:48:59.167+0000][gc,phases   ] GC(1178)   Post Evacuate Collection Set: 11.3ms
[2026-01-16T09:48:59.167+0000][gc,phases   ] GC(1178)   Other: 6.2ms
[2026-01-16T09:48:59.168+0000][gc,heap     ] GC(1178) Eden regions: 99->0(46)
[2026-01-16T09:48:59.169+0000][gc,heap     ] GC(1178) Survivor regions: 3->5(13)
[2026-01-16T09:48:59.170+0000][gc,heap     ] GC(1178) Old regions: 182->182
[2026-01-16T09:48:59.171+0000][gc,heap     ] GC(1178) Humongous regions: 167->167
[2026-01-16T09:48:59.172+0000][gc,metaspace] GC(1178) Metaspace: 15610K(15936K)->15610K(15936K) NonClass: 13856K(14016K)->13856K(14016K) Class: 1753K(1920K)->1753K(1920K)
[2026-01-16T09:48:59.173+0000][gc          ] GC(1178) Pause Young (Normal) (G1 Evacuation Pause) 450M->353M(1024M) 390.835ms
[2026-01-16T09:48:59.173+0000][gc,cpu      ] GC(1178) User=0.35s Sys=0.02s Real=0.39s
[2026-01-16T09:49:03.240+0000][gc,start    ] GC(1179) Pause Young (Normal) (G1 Evacuation Pause)
[2026-01-16T09:49:03.241+0000][gc,task     ] GC(1179) Using 8 workers of 8 for evacuation
[2026-01-16T09:49:03.398+0000][gc,phases   ] GC(1179)   Pre Evacuate Collection Set: 14.4ms
[2026-01-16T09:49:03.398+0000][gc,phases   ] GC(1179)   Merge Heap Roots: 1.2ms
[2026-01-16T09:49:03.399+0000][gc,phases   ] GC(1179)   Evacuate Collection Set: 117.1ms
[2026-01-16T09:49:03.399+0000][gc,phases   ] GC(1179)   Post Evacuate Collection Set: 22.1ms
[2026-01-16T09:49:03.400+0000][gc,phases   ] GC(1179)   Other: 2.0ms
[2026-01-16T09:49:03.400+0000][gc,heap     ] GC(1179) Eden regions: 46->0(59)
[2026-01-16T09:49:03.401+0000][gc,heap     ] GC(1179) Survivor regions: 5->2(7)
[2026-01-16T09:49:03.401+0000][gc,heap     ] GC(1179) Old regions: 182->183
[2026-01-16T09:49:03.401+0000][gc,heap     ] GC(1179) Humongous regions: 167->167
[2026-01-16T09:49:03.402+0000][gc,metaspace] GC(1179) Metaspace: 15610K(15936K)->15610K(15936K) NonClass: 13856K(14016K)->13856K(14016K) Class: 1753K(1920K)->1753K(1920K)
[2026-01-16T09:49:03.403+0000][gc          ] GC(1179) Pause Young (Normal) (G1 Evacuation Pause) 399M->351M(1024M) 162.676ms
[2026-01-16T09:49:03.403+0000][gc,cpu      ] GC(1179) User=0.23s Sys=0.01s Real=0.16s
[2026-01-16T09:49:05.076+0000][gc,start    ] GC(1180) Pause Young (Normal) (G1 Evacuation Pause)
[2026-01-16T09:49:05.078+0000][gc,task     ] GC(1180) Using 8 workers of 8 for evacuation
[2026-01-16T09:49:05.169+0000][gc,phases   ] GC(1180)   Pre Evacuate Collection Set: 3.5ms
[2026-01-16T09:49:05.170+0000][gc,phases   ] GC(1180)   Merge Heap Roots: 0.6ms
[2026-01-16T09:49:05.171+0000][gc,phases   ] GC(1180)   Evacuate Collection Set: 76.3ms
[2026-01-16T09:49:05.171+0000][gc,phases   ] GC(1180)   Post Evacuate Collection Set: 9.0ms
[2026-01-16T09:49:05.172+0000][gc,phases   ] GC(1180)   Other: 2.4ms
[2026-01-16T09:49:05.172+0000][gc,heap     ] GC(1180) Eden regions: 70->0(56)
[2026-01-16T09:49:05.173+0000][gc,heap     ] GC(1180) Survivor regions: 2->3(9)
[2026-01-16T09:49:05.174+0000][gc,heap     ] GC(1180) Old regions: 183->183
[2026-01-16T09:49:05.174+0000][gc,heap     ] GC(1180) Humongous regions: 167->167
[2026-01-16T09:49:05.174+0000][gc,metaspace] GC(1180) Metaspace: 15610K(15936K)->15610K(15936K) NonClass: 13856K(14016K)->13856K(14016K) Class: 1753K(1920K)->1753K(1920K)
[2026-01-16T09:49:05.175+0000][gc          ] GC(1180) Pause Young (Normal) (G1 Evacuation Pause) 421M->352M(1024M) 98.783ms
[2026-01-16T09:49:05.177+0000][gc,cpu      ] GC(1180) User=0.14s Sys=0.01s Real=0.10s
[2026-01-16T09:49:06.008+0000][gc,start    ] GC(1181) Pause Young (Normal) (G1 Evacuation Pause)
[2026-01-16T09:49:06.010+0000][gc,task     ] GC(1181) Using 8 workers of 8 for evacuation
[2026-01-16T09:49:06.069+0000][gc,phases   ] GC(1181)   Pre Evacuate Collection Set: 14.1ms
[2026-01-16T09:49:06.070+0000][gc,phases   ] GC(1181)   Merge Heap Roots: 3.4ms
[2026-01-16T09:49:06.071+0000][gc,phases   ] GC(1181)   Evacuate Collection Set: 38.2ms
[2026-01-16T09:49:06.071+0000][gc,phases   ] GC(1181)   Post Evacuate Collection Set: 1.2ms
[2026-01-16T09:49:06.072+0000][gc,phases   ] GC(1181)   Other: 2.6ms
[2026-01-16T09:49:06.073+0000][gc,heap     ] GC(1181) Eden regions: 58->0(67)
[2026-01-16T09:49:06.074+0000][gc,heap     ] GC(1181) Survivor regions: 3->4(8)
[2026-01-16T09:49:06.074+0000][gc,heap     ] GC(1181) Old regions: 183->183
[2026-01-16T09:49:06.075+0000][gc,heap     ] GC(1181) Humongous regions: 167->167
[2026-01-16T09:49:06.076+0000][gc,metaspace] GC(1181) Metaspace: 15610K(15936K)->15610K(15936K) NonClass: 13856K(14016K)->13856K(14016K) Class: 1753K(1920K)->1753K(1920K)
[2026-01-16T09:49:06.077+0000][gc          ] GC(1181) Pause Young (Normal) (G1 Evacuation Pause) 410M->353M(1024M) 68.347ms
[2026-01-16T09:49:06.078+0000][gc,cpu      ] GC(1181) User=0.06s Sys=0.00s Real=0.07s
[2026-01-16T09:49:13.595+0000][gc,start    ] GC(1182) Pause Young (Normal) (G1 Evacuation Pause)
[2026-01-16T09:49:13.598+0000][gc,task     ] GC(1182) Using 8 workers of 8 for evacuation
[2026-01-16T09:49:13.829+0000][gc,mmu      ] GC(1182) MMU target violated: 201.0ms (200.0ms/201.0ms)
[2026-01-16T09:49:13.830+0000][gc,phases   ] GC(1182)   Pre Evacuate Collection Set: 62.4ms
[2026-01-16T09:49:13.834+0000][gc,phases   ] GC(1182)   Merge Heap Roots: 9.4ms
[2026-01-16T09:49:13.843+0000][gc,phases   ] GC(1182)   Evacuate Collection Set: 132.1ms
[2026-01-16T09:49:13.847+0000][gc,phases   ] GC(1182)   Post Evacuate Collection Set: 25.4ms
[2026-01-16T09:49:13.848+0000][gc,phases   ] GC(1182)   Other: 4.7ms
[2026-01-16T09:49:13.853+0000][gc,heap     ] GC(1182) Eden regions: 69->0(93)
[2026-01-16T09:49:13.853+0000][gc,heap     ] GC(1182) Survivor regions: 4->3(10)
[2026-01-16T09:49:13.854+0000][gc,heap     ] GC(1182) Old regions: 183->183
[2026-01-16T09:49:13.855+0000][gc,heap     ] GC(1182) Humongous regions: 167->167
[2026-01-16T09:49:13.855+0000][gc,metaspace] GC(1182) Metaspace: 15610K(15936K)->15610K(15936K) NonClass: 13856K(14016K)->13856K(14016K) Class: 1753K(1920K)->1753K(1920K)
[2026-01-16T09:49:13.855+0000][gc          ] GC(1182) Pause Young (Normal) (G1 Evacuation Pause) 422M->351M(1024M) 260.602ms
[2026-01-16T09:49:13.856+0000][gc,cpu      ] GC(1182) User=0.40s Sys=0.06s Real=0.26s
[2026-01-16T09:49:16.849+0000][gc,start    ] GC(1183) Pause Young (Normal) (G1 Evacuation Pause)
[2026-01-16T09:49:16.853+0000][gc,task     ] GC(1183) Using 8 workers of 8 for evacuation
[2026-01-16T09:49:16.976+0000][gc,phases   ] GC(1183)   Pre Evacuate Collection Set: 8.2ms
[2026-01-16T09:49:16.977+0000][gc,phases   ] GC(1183)   Merge Heap Roots: 2.1ms
[2026-01-16T09:49:16.979+0000][gc,phases   ] GC(1183)   Evacuate Collection Set: 83.5ms
[2026-01-16T09:49:16.979+0000][gc,phases   ] GC(1183)   Post Evacuate Collection Set: 25.6ms
[2026-01-16T09:49:16.980+0000][gc,phases   ] GC(1183)   Other: 3.9ms
[2026-01-16T09:49:16.980+0000][gc,heap     ] GC(1183) Eden regions: 97->0(87)
[2026-01-16T09:49:16.980+0000][gc,heap     ] GC(1183) Survivor regions: 3->4(13)
[2026-01-16T09:49:16.981+0000][gc,heap     ] GC(1183) Old regions: 183->183
[2026-01-16T09:49:16.981+0000][gc,heap     ] GC(1183) Humongous regions: 167->167
[2026-01-16T09:49:16.981+0000][gc,metaspace] GC(1183) Metaspace: 15610K(15936K)->15610K(15936K) NonClass: 13856K(14016K)->13856K(14016K) Class: 1753K(1920K)->1753K(1920K)
[2026-01-16T09:49:16.982+0000][gc          ] GC(1183) Pause Young (Normal) (G1 Evacuation Pause) 448M->353M(1024M) 133.563ms
[2026-01-16T09:49:16.982+0000][gc,cpu      ] GC(1183) User=0.18s Sys=0.02s Real=0.14s
[2026-01-16T09:49:23.505+0000][gc,start    ] GC(1184) Pause Young (Normal) (G1 Evacuation Pause)
[2026-01-16T09:49:23.507+0000][gc,task     ] GC(1184) Using 8 workers of 8 for evacuation
[2026-01-16T09:49:23.607+0000][gc,phases   ] GC(1184)   Pre Evacuate Collection Set: 5.5ms
[2026-01-16T09:49:23.607+0000][gc,phases   ] GC(1184)   Merge Heap Roots: 5.4ms
[2026-01-16T09:49:23.610+0000][gc,phases   ] GC(1184)   Evacuate Collection Set: 66.3ms
[2026-01-16T09:49:23.612+0000][gc,phases   ] GC(1184)   Post Evacuate Collection Set: 20.6ms
[2026-01-16T09:49:23.615+0000][gc,phases   ] GC(1184)   Other: 3.1ms
[2026-01-16T09:49:23.620+0000][gc,heap     ] GC(1184) Eden regions: 86->0(188)
[2026-01-16T09:49:23.622+0000][gc,heap     ] GC(1184) Survivor regions: 4->3(12)
[2026-01-16T09:49:23.624+0000][gc,heap     ] GC(1184) Old regions: 183->183
[2026-01-16T09:49:23.624+0000][gc,heap     ] GC(1184) Humongous regions: 167->167
[2026-01-16T09:49:23.625+0000][gc,metaspace] GC(1184) Metaspace: 15610K(15936K)->15610K(15936K) NonClass: 13856K(14016K)->13856K(14016K) Class: 1753K(1920K)->1753K(1920K)
[2026-01-16T09:49:23.625+0000][gc          ] GC(1184) Pause Young (Normal) (G1 Evacuation Pause) 439M->352M(1024M) 120.293ms
[2026-01-16T09:49:23.626+0000][gc,cpu      ] GC(1184) User=0.18s Sys=0.02s Real=0.12s
[2026-01-16T09:49:34.065+0000][gc,start    ] GC(1185) Pause Young (Normal) (G1 Evacuation Pause)
[2026-01-16T09:49:34.067+0000][gc,task     ] GC(1185) Using 8 workers of 8 for evacuation
[2026-01-16T09:49:34.359+0000][gc,mmu      ] GC(1185) MMU target violated: 201.0ms (200.0ms/201.0ms)
[2026-01-16T09:49:34.360+0000][gc,phases   ] GC(1185)   Pre Evacuate Collection Set: 23.7ms
[2026-01-16T09:49:34.360+0000][gc,phases   ] GC(1185)   Merge Heap Roots: 1.8ms
[2026-01-16T09:49:34.363+0000][gc,phases   ] GC(1185)   Evacuate Collection Set: 191.8ms
[2026-01-16T09:49:34.363+0000][gc,phases   ] GC(1185)   Post Evacuate Collection Set: 73.4ms
[2026-01-16T09:49:34.365+0000][gc,phases   ] GC(1185)   Other: 2.3ms
[2026-01-16T09:49:34.366+0000][gc,heap     ] GC(1185) Eden regions: 182->0(81)
[2026-01-16T09:49:34.366+0000][gc,heap     ] GC(1185) Survivor regions: 3->3(24)
[2026-01-16T09:49:34.366+0000][gc,heap     ] GC(1185) Old regions: 183->183
[2026-01-16T09:49:34.367+0000][gc,heap     ] GC(1185) Humongous regions: 167->167
[2026-01-16T09:49:34.367+0000][gc,metaspace] GC(1185) Metaspace: 15610K(15936K)->15610K(15936K) NonClass: 13856K(14016K)->13856K(14016K) Class: 1753K(1920K)->1753K(1920K)
[2026-01-16T09:49:34.368+0000][gc          ] GC(1185) Pause Young (Normal) (G1 Evacuation Pause) 534M->352M(1024M) 303.396ms
[2026-01-16T09:49:34.369+0000][gc,cpu      ] GC(1185) User=0.41s Sys=0.03s Real=0.31s
[2026-01-16T09:49:39.614+0000][gc,start    ] GC(1186) Pause Young (Normal) (G1 Evacuation Pause)
[2026-01-16T09:49:39.617+0000][gc,task     ] GC(1186) Using 8 workers of 8 for evacuation
[2026-01-16T09:49:39.967+0000][gc,mmu      ] GC(1186) MMU target violated: 201.0ms (200.0ms/201.0ms)
[2026-01-16T09:49:39.968+0000][gc,phases   ] GC(1186)   Pre Evacuate Collection Set: 34.2ms
[2026-01-16T09:49:39.968+0000][gc,phases   ] GC(1186)   Merge Heap Roots: 5.6ms
[2026-01-16T09:49:39.969+0000][gc,phases   ] GC(1186)   Evacuate Collection Set: 280.9ms
[2026-01-16T09:49:39.970+0000][gc,phases   ] GC(1186)   Post Evacuate Collection Set: 28.8ms
[2026-01-16T09:49:39.970+0000][gc,phases   ] GC(1186)   Other: 1.9ms
[2026-01-16T09:49:39.971+0000][gc,heap     ] GC(1186) Eden regions: 112->0(46)
[2026-01-16T09:49:39.971+0000][gc,heap     ] GC(1186) Survivor regions: 3->5(15)
[2026-01-16T09:49:39.972+0000][gc,heap     ] GC(1186) Old regions: 183->183
[2026-01-16T09:49:39.973+0000][gc,heap     ] GC(1186) Humongous regions: 167->167
[2026-01-16T09:49:39.974+0000][gc,metaspace] GC(1186) Metaspace: 15610K(15936K)->15610K(15936K) NonClass: 13856K(14016K)->13856K(14016K) Class: 1753K(1920K)->1753K(1920K)
[2026-01-16T09:49:39.976+0000][gc          ] GC(1186) Pause Young (Normal) (G1 Evacuation Pause) 464M->354M(1024M) 363.025ms
[2026-01-16T09:49:39.978+0000][gc,cpu      ] GC(1186) User=0.32s Sys=0.05s Real=0.37s
[2026-01-16T09:49:43.219+0000][gc,start    ] GC(1187) Pause Young (Normal) (G1 Evacuation Pause)
[2026-01-16T09:49:43.232+0000][gc,task     ] GC(1187) Using 8 workers of 8 for evacuation
[2026-01-16T09:49:43.463+0000][gc,mmu      ] GC(1187) MMU target violated: 201.0ms (200.0ms/201.0ms)
[2026-01-16T09:49:43.464+0000][gc,phases   ] GC(1187)   Pre Evacuate Collection Set: 37.9ms
[2026-01-16T09:49:43.464+0000][gc,phases   ] GC(1187)   Merge Heap Roots: 5.1ms
[2026-01-16T09:49:43.464+0000][gc,phases   ] GC(1187)   Evacuate Collection Set: 149.3ms
[2026-01-16T09:49:43.464+0000][gc,phases   ] GC(1187)   Post Evacuate Collection Set: 29.8ms
[2026-01-16T09:49:43.464+0000][gc,phases   ] GC(1187)   Other: 9.8ms
[2026-01-16T09:49:43.464+0000][gc,heap     ] GC(1187) Eden regions: 46->0(48)
[2026-01-16T09:49:43.464+0000][gc,heap     ] GC(1187) Survivor regions: 5->3(7)
[2026-01-16T09:49:43.464+0000][gc,heap     ] GC(1187) Old regions: 183->184
[2026-01-16T09:49:43.464+0000][gc,heap     ] GC(1187) Humongous regions: 167->167
[2026-01-16T09:49:43.465+0000][gc,metaspace] GC(1187) Metaspace: 15610K(15936K)->15610K(15936K) NonClass: 13856K(14016K)->13856K(14016K) Class: 1753K(1920K)->1753K(1920K)
[2026-01-16T09:49:43.465+0000][gc          ] GC(1187) Pause Young (Normal) (G1 Evacuation Pause) 400M->352M(1024M) 246.480ms
[2026-01-16T09:49:43.466+0000][gc,cpu      ] GC(1187) User=0.20s Sys=0.02s Real=0.25s
[2026-01-16T09:49:48.118+0000][gc,start    ] GC(1188) Pause Young (Normal) (G1 Evacuation Pause)
[2026-01-16T09:49:48.124+0000][gc,task     ] GC(1188) Using 8 workers of 8 for evacuation
[2026-01-16T09:49:48.361+0000][gc,mmu      ] GC(1188) MMU target violated: 201.0ms (200.0ms/201.0ms)
[2026-01-16T09:49:48.362+0000][gc,phases   ] GC(1188)   Pre Evacuate Collection Set: 33.0ms
[2026-01-16T09:49:48.363+0000][gc,phases   ] GC(1188)   Merge Heap Roots: 7.7ms
[2026-01-16T09:49:48.363+0000][gc,phases   ] GC(1188)   Evacuate Collection Set: 161.2ms
[2026-01-16T09:49:48.363+0000][gc,phases   ] GC(1188)   Post Evacuate Collection Set: 33.6ms
[2026-01-16T09:49:48.364+0000][gc,phases   ] GC(1188)   Other: 4.0ms
[2026-01-16T09:49:48.365+0000][gc,heap     ] GC(1188) Eden regions: 87->0(47)
[2026-01-16T09:49:48.367+0000][gc,heap     ] GC(1188) Survivor regions: 3->4(12)
[2026-01-16T09:49:48.367+0000][gc,heap     ] GC(1188) Old regions: 184->184
[2026-01-16T09:49:48.368+0000][gc,heap     ] GC(1188) Humongous regions: 167->167
[2026-01-16T09:49:48.369+0000][gc,metaspace] GC(1188) Metaspace: 15610K(15936K)->15610K(15936K) NonClass: 13856K(14016K)->13856K(14016K) Class: 1753K(1920K)->1753K(1920K)
[2026-01-16T09:49:48.372+0000][gc          ] GC(1188) Pause Young (Normal) (G1 Evacuation Pause) 439M->353M(1024M) 253.997ms
[2026-01-16T09:49:48.372+0000][gc,cpu      ] GC(1188) User=0.31s Sys=0.03s Real=0.25s
[2026-01-16T09:49:50.915+0000][gc,start    ] GC(1189) Pause Young (Normal) (G1 Evacuation Pause)
[2026-01-16T09:49:50.916+0000][gc,task     ] GC(1189) Using 8 workers of 8 for evacuation
[2026-01-16T09:49:51.163+0000][gc,mmu      ] GC(1189) MMU target violated: 201.0ms (200.0ms/201.0ms)
[2026-01-16T09:49:51.166+0000][gc,phases   ] GC(1189)   Pre Evacuate Collection Set: 24.6ms
[2026-01-16T09:49:51.167+0000][gc,phases   ] GC(1189)   Merge Heap Roots: 3.2ms
[2026-01-16T09:49:51.167+0000][gc,phases   ] GC(1189)   Evacuate Collection Set: 212.4ms
[2026-01-16T09:49:51.168+0000][gc,phases   ] GC(1189)   Post Evacuate Collection Set: 5.5ms
[2026-01-16T09:49:51.168+0000][gc,phases   ] GC(1189)   Other: 3.9ms
[2026-01-16T09:49:51.168+0000][gc,heap     ] GC(1189) Eden regions: 47->0(46)
[2026-01-16T09:49:51.169+0000][gc,heap     ] GC(1189) Survivor regions: 4->5(7)
[2026-01-16T09:49:51.169+0000][gc,heap     ] GC(1189) Old regions: 184->184
[2026-01-16T09:49:51.169+0000][gc,heap     ] GC(1189) Humongous regions: 167->167
[2026-01-16T09:49:51.170+0000][gc,metaspace] GC(1189) Metaspace: 15610K(15936K)->15610K(15936K) NonClass: 13856K(14016K)->13856K(14016K) Class: 1753K(1920K)->1753K(1920K)
[2026-01-16T09:49:51.170+0000][gc          ] GC(1189) Pause Young (Normal) (G1 Evacuation Pause) 400M->354M(1024M) 255.235ms
[2026-01-16T09:49:51.171+0000][gc,cpu      ] GC(1189) User=0.17s Sys=0.01s Real=0.25s
[2026-01-16T09:49:54.523+0000][gc,start    ] GC(1190) Pause Young (Normal) (G1 Evacuation Pause)
[2026-01-16T09:49:54.525+0000][gc,task     ] GC(1190) Using 8 workers of 8 for evacuation
[2026-01-16T09:49:55.108+0000][gc,mmu      ] GC(1190) MMU target violated: 201.0ms (200.0ms/201.0ms)
[2026-01-16T09:49:55.109+0000][gc,phases   ] GC(1190)   Pre Evacuate Collection Set: 53.4ms
[2026-01-16T09:49:55.110+0000][gc,phases   ] GC(1190)   Merge Heap Roots: 11.8ms
[2026-01-16T09:49:55.111+0000][gc,phases   ] GC(1190)   Evacuate Collection Set: 486.4ms
[2026-01-16T09:49:55.115+0000][gc,phases   ] GC(1190)   Post Evacuate Collection Set: 27.7ms
[2026-01-16T09:49:55.117+0000][gc,phases   ] GC(1190)   Other: 5.2ms
[2026-01-16T09:49:55.117+0000][gc,heap     ] GC(1190) Eden regions: 46->0(49)
[2026-01-16T09:49:55.118+0000][gc,heap     ] GC(1190) Survivor regions: 5->2(7)
[2026-01-16T09:49:55.119+0000][gc,heap     ] GC(1190) Old regions: 184->184
[2026-01-16T09:49:55.119+0000][gc,heap     ] GC(1190) Humongous regions: 167->167
[2026-01-16T09:49:55.121+0000][gc,metaspace] GC(1190) Metaspace: 15611K(15936K)->15611K(15936K) NonClass: 13858K(14016K)->13858K(14016K) Class: 1753K(1920K)->1753K(1920K)
[2026-01-16T09:49:55.123+0000][gc          ] GC(1190) Pause Young (Normal) (G1 Evacuation Pause) 400M->352M(1024M) 599.209ms
[2026-01-16T09:49:55.127+0000][gc,cpu      ] GC(1190) User=0.42s Sys=0.06s Real=0.61s
[2026-01-16T09:50:00.752+0000][gc,start    ] GC(1191) Pause Young (Normal) (G1 Evacuation Pause)
[2026-01-16T09:50:00.760+0000][gc,task     ] GC(1191) Using 8 workers of 8 for evacuation
[2026-01-16T09:50:01.981+0000][gc,mmu      ] GC(1191) MMU target violated: 201.0ms (200.0ms/201.0ms)
[2026-01-16T09:50:01.982+0000][gc,phases   ] GC(1191)   Pre Evacuate Collection Set: 83.3ms
[2026-01-16T09:50:01.984+0000][gc,phases   ] GC(1191)   Merge Heap Roots: 10.5ms
[2026-01-16T09:50:01.984+0000][gc,phases   ] GC(1191)   Evacuate Collection Set: 1066.7ms
[2026-01-16T09:50:01.985+0000][gc,phases   ] GC(1191)   Post Evacuate Collection Set: 58.2ms
[2026-01-16T09:50:01.985+0000][gc,phases   ] GC(1191)   Other: 3.5ms
[2026-01-16T09:50:01.986+0000][gc,heap     ] GC(1191) Eden regions: 49->0(48)
[2026-01-16T09:50:01.986+0000][gc,heap     ] GC(1191) Survivor regions: 2->3(7)
[2026-01-16T09:50:01.987+0000][gc,heap     ] GC(1191) Old regions: 184->184
[2026-01-16T09:50:01.988+0000][gc,heap     ] GC(1191) Humongous regions: 167->167
[2026-01-16T09:50:01.988+0000][gc,metaspace] GC(1191) Metaspace: 15611K(15936K)->15611K(15936K) NonClass: 13858K(14016K)->13858K(14016K) Class: 1753K(1920K)->1753K(1920K)
[2026-01-16T09:50:01.989+0000][gc          ] GC(1191) Pause Young (Normal) (G1 Evacuation Pause) 401M->353M(1024M) 1237.639ms
[2026-01-16T09:50:01.991+0000][gc,cpu      ] GC(1191) User=0.48s Sys=0.04s Real=1.24s
[2026-01-16T09:50:08.128+0000][gc,start    ] GC(1192) Pause Young (Normal) (G1 Evacuation Pause)
[2026-01-16T09:50:08.137+0000][gc,task     ] GC(1192) Using 8 workers of 8 for evacuation
[2026-01-16T09:50:08.863+0000][gc,mmu      ] GC(1192) MMU target violated: 201.0ms (200.0ms/201.0ms)
[2026-01-16T09:50:08.878+0000][gc,phases   ] GC(1192)   Pre Evacuate Collection Set: 129.7ms
[2026-01-16T09:50:08.879+0000][gc,phases   ] GC(1192)   Merge Heap Roots: 6.9ms
[2026-01-16T09:50:08.883+0000][gc,phases   ] GC(1192)   Evacuate Collection Set: 537.9ms
[2026-01-16T09:50:08.884+0000][gc,phases   ] GC(1192)   Post Evacuate Collection Set: 50.2ms
[2026-01-16T09:50:08.884+0000][gc,phases   ] GC(1192)   Other: 16.3ms
[2026-01-16T09:50:08.884+0000][gc,heap     ] GC(1192) Eden regions: 48->0(47)
[2026-01-16T09:50:08.888+0000][gc,heap     ] GC(1192) Survivor regions: 3->4(7)
[2026-01-16T09:50:08.894+0000][gc,heap     ] GC(1192) Old regions: 184->184
[2026-01-16T09:50:08.894+0000][gc,heap     ] GC(1192) Humongous regions: 167->167
[2026-01-16T09:50:08.897+0000][gc,metaspace] GC(1192) Metaspace: 15611K(15936K)->15611K(15936K) NonClass: 13858K(14016K)->13858K(14016K) Class: 1753K(1920K)->1753K(1920K)
[2026-01-16T09:50:08.897+0000][gc          ] GC(1192) Pause Young (Normal) (G1 Evacuation Pause) 401M->354M(1024M) 769.317ms
[2026-01-16T09:50:08.897+0000][gc,cpu      ] GC(1192) User=0.43s Sys=0.03s Real=0.77s
[2026-01-16T09:50:11.258+0000][gc,start    ] GC(1193) Pause Young (Normal) (G1 Evacuation Pause)
[2026-01-16T09:50:11.259+0000][gc,task     ] GC(1193) Using 8 workers of 8 for evacuation
[2026-01-16T09:50:12.115+0000][gc,mmu      ] GC(1193) MMU target violated: 201.0ms (200.0ms/201.0ms)
[2026-01-16T09:50:12.120+0000][gc,phases   ] GC(1193)   Pre Evacuate Collection Set: 96.3ms
[2026-01-16T09:50:12.120+0000][gc,phases   ] GC(1193)   Merge Heap Roots: 17.9ms
[2026-01-16T09:50:12.122+0000][gc,phases   ] GC(1193)   Evacuate Collection Set: 590.0ms
[2026-01-16T09:50:12.123+0000][gc,phases   ] GC(1193)   Post Evacuate Collection Set: 144.8ms
[2026-01-16T09:50:12.124+0000][gc,phases   ] GC(1193)   Other: 11.7ms
[2026-01-16T09:50:12.130+0000][gc,heap     ] GC(1193) Eden regions: 47->0(46)
[2026-01-16T09:50:12.133+0000][gc,heap     ] GC(1193) Survivor regions: 4->5(7)
[2026-01-16T09:50:12.135+0000][gc,heap     ] GC(1193) Old regions: 184->184
[2026-01-16T09:50:12.135+0000][gc,heap     ] GC(1193) Humongous regions: 167->167
[2026-01-16T09:50:12.136+0000][gc,metaspace] GC(1193) Metaspace: 15612K(15936K)->15612K(15936K) NonClass: 13859K(14016K)->13859K(14016K) Class: 1753K(1920K)->1753K(1920K)
[2026-01-16T09:50:12.138+0000][gc          ] GC(1193) Pause Young (Normal) (G1 Evacuation Pause) 401M->355M(1024M) 879.769ms
[2026-01-16T09:50:12.138+0000][gc,cpu      ] GC(1193) User=0.37s Sys=0.01s Real=0.88s
[2026-01-16T09:50:13.565+0000][gc,start    ] GC(1194) Pause Young (Normal) (G1 Evacuation Pause)
[2026-01-16T09:50:13.568+0000][gc,task     ] GC(1194) Using 8 workers of 8 for evacuation
[2026-01-16T09:50:14.008+0000][gc,mmu      ] GC(1194) MMU target violated: 201.0ms (200.0ms/201.0ms)
[2026-01-16T09:50:14.009+0000][gc,phases   ] GC(1194)   Pre Evacuate Collection Set: 51.0ms
[2026-01-16T09:50:14.010+0000][gc,phases   ] GC(1194)   Merge Heap Roots: 1.7ms
[2026-01-16T09:50:14.011+0000][gc,phases   ] GC(1194)   Evacuate Collection Set: 367.1ms
[2026-01-16T09:50:14.011+0000][gc,phases   ] GC(1194)   Post Evacuate Collection Set: 18.9ms
[2026-01-16T09:50:14.011+0000][gc,phases   ] GC(1194)   Other: 2.6ms
[2026-01-16T09:50:14.012+0000][gc,heap     ] GC(1194) Eden regions: 46->0(46)
[2026-01-16T09:50:14.012+0000][gc,heap     ] GC(1194) Survivor regions: 5->5(7)
[2026-01-16T09:50:14.012+0000][gc,heap     ] GC(1194) Old regions: 184->185
[2026-01-16T09:50:14.012+0000][gc,heap     ] GC(1194) Humongous regions: 167->167
[2026-01-16T09:50:14.012+0000][gc,metaspace] GC(1194) Metaspace: 15612K(15936K)->15612K(15936K) NonClass: 13859K(14016K)->13859K(14016K) Class: 1753K(1920K)->1753K(1920K)
[2026-01-16T09:50:14.014+0000][gc          ] GC(1194) Pause Young (Normal) (G1 Evacuation Pause) 401M->356M(1024M) 448.711ms
[2026-01-16T09:50:14.016+0000][gc,cpu      ] GC(1194) User=0.41s Sys=0.04s Real=0.45s
[2026-01-16T09:50:15.092+0000][gc,start    ] GC(1195) Pause Young (Normal) (G1 Evacuation Pause)
[2026-01-16T09:50:15.092+0000][gc,task     ] GC(1195) Using 8 workers of 8 for evacuation
[2026-01-16T09:50:15.442+0000][gc,mmu      ] GC(1195) MMU target violated: 201.0ms (200.0ms/201.0ms)
[2026-01-16T09:50:15.443+0000][gc,phases   ] GC(1195)   Pre Evacuate Collection Set: 10.5ms
[2026-01-16T09:50:15.443+0000][gc,phases   ] GC(1195)   Merge Heap Roots: 1.9ms
[2026-01-16T09:50:15.444+0000][gc,phases   ] GC(1195)   Evacuate Collection Set: 276.1ms
[2026-01-16T09:50:15.444+0000][gc,phases   ] GC(1195)   Post Evacuate Collection Set: 61.0ms
[2026-01-16T09:50:15.445+0000][gc,phases   ] GC(1195)   Other: 1.3ms
[2026-01-16T09:50:15.446+0000][gc,heap     ] GC(1195) Eden regions: 46->0(46)
[2026-01-16T09:50:15.447+0000][gc,heap     ] GC(1195) Survivor regions: 5->5(7)
[2026-01-16T09:50:15.450+0000][gc,heap     ] GC(1195) Old regions: 185->186
[2026-01-16T09:50:15.452+0000][gc,heap     ] GC(1195) Humongous regions: 167->167
[2026-01-16T09:50:15.452+0000][gc,metaspace] GC(1195) Metaspace: 15612K(15936K)->15612K(15936K) NonClass: 13859K(14016K)->13859K(14016K) Class: 1753K(1920K)->1753K(1920K)
[2026-01-16T09:50:15.455+0000][gc          ] GC(1195) Pause Young (Normal) (G1 Evacuation Pause) 402M->356M(1024M) 363.082ms
[2026-01-16T09:50:15.456+0000][gc,cpu      ] GC(1195) User=0.22s Sys=0.02s Real=0.37s
[2026-01-16T09:50:16.144+0000][gc,start    ] GC(1196) Pause Young (Normal) (G1 Evacuation Pause)
[2026-01-16T09:50:16.146+0000][gc,task     ] GC(1196) Using 8 workers of 8 for evacuation
[2026-01-16T09:50:16.464+0000][gc,mmu      ] GC(1196) MMU target violated: 201.0ms (200.0ms/201.0ms)
[2026-01-16T09:50:16.465+0000][gc,phases   ] GC(1196)   Pre Evacuate Collection Set: 2.0ms
[2026-01-16T09:50:16.465+0000][gc,phases   ] GC(1196)   Merge Heap Roots: 4.3ms
[2026-01-16T09:50:16.465+0000][gc,phases   ] GC(1196)   Evacuate Collection Set: 309.8ms
[2026-01-16T09:50:16.466+0000][gc,phases   ] GC(1196)   Post Evacuate Collection Set: 1.3ms
[2026-01-16T09:50:16.466+0000][gc,phases   ] GC(1196)   Other: 0.9ms
[2026-01-16T09:50:16.466+0000][gc,heap     ] GC(1196) Eden regions: 46->0(46)
[2026-01-16T09:50:16.467+0000][gc,heap     ] GC(1196) Survivor regions: 5->5(7)
[2026-01-16T09:50:16.467+0000][gc,heap     ] GC(1196) Old regions: 186->187
[2026-01-16T09:50:16.467+0000][gc,heap     ] GC(1196) Humongous regions: 167->167
[2026-01-16T09:50:16.467+0000][gc,metaspace] GC(1196) Metaspace: 15612K(15936K)->15612K(15936K) NonClass: 13859K(14016K)->13859K(14016K) Class: 1753K(1920K)->1753K(1920K)
[2026-01-16T09:50:16.467+0000][gc          ] GC(1196) Pause Young (Normal) (G1 Evacuation Pause) 402M->357M(1024M) 323.415ms
[2026-01-16T09:50:16.468+0000][gc,cpu      ] GC(1196) User=0.19s Sys=0.01s Real=0.32s
[2026-01-16T09:50:17.414+0000][gc,start    ] GC(1197) Pause Young (Normal) (G1 Evacuation Pause)
[2026-01-16T09:50:17.429+0000][gc,task     ] GC(1197) Using 8 workers of 8 for evacuation
[2026-01-16T09:50:17.730+0000][gc,mmu      ] GC(1197) MMU target violated: 201.0ms (200.0ms/201.0ms)
[2026-01-16T09:50:17.734+0000][gc,phases   ] GC(1197)   Pre Evacuate Collection Set: 18.3ms
[2026-01-16T09:50:17.735+0000][gc,phases   ] GC(1197)   Merge Heap Roots: 1.4ms
[2026-01-16T09:50:17.735+0000][gc,phases   ] GC(1197)   Evacuate Collection Set: 275.6ms
[2026-01-16T09:50:17.735+0000][gc,phases   ] GC(1197)   Post Evacuate Collection Set: 6.0ms
[2026-01-16T09:50:17.736+0000][gc,phases   ] GC(1197)   Other: 4.3ms
[2026-01-16T09:50:17.738+0000][gc,heap     ] GC(1197) Eden regions: 46->0(47)
[2026-01-16T09:50:17.738+0000][gc,heap     ] GC(1197) Survivor regions: 5->4(7)
[2026-01-16T09:50:17.739+0000][gc,heap     ] GC(1197) Old regions: 187->188
[2026-01-16T09:50:17.739+0000][gc,heap     ] GC(1197) Humongous regions: 167->167
[2026-01-16T09:50:17.741+0000][gc,metaspace] GC(1197) Metaspace: 15612K(15936K)->15612K(15936K) NonClass: 13859K(14016K)->13859K(14016K) Class: 1753K(1920K)->1753K(1920K)
[2026-01-16T09:50:17.743+0000][gc          ] GC(1197) Pause Young (Normal) (G1 Evacuation Pause) 403M->358M(1024M) 329.645ms
[2026-01-16T09:50:17.744+0000][gc,cpu      ] GC(1197) User=0.22s Sys=0.01s Real=0.33s
[2026-01-16T09:50:18.716+0000][gc,start    ] GC(1198) Pause Young (Normal) (G1 Evacuation Pause)
[2026-01-16T09:50:18.719+0000][gc,task     ] GC(1198) Using 8 workers of 8 for evacuation
[2026-01-16T09:50:19.140+0000][gc,mmu      ] GC(1198) MMU target violated: 201.0ms (200.0ms/201.0ms)
[2026-01-16T09:50:19.140+0000][gc,phases   ] GC(1198)   Pre Evacuate Collection Set: 0.8ms
[2026-01-16T09:50:19.141+0000][gc,phases   ] GC(1198)   Merge Heap Roots: 0.1ms
[2026-01-16T09:50:19.141+0000][gc,phases   ] GC(1198)   Evacuate Collection Set: 411.2ms
[2026-01-16T09:50:19.142+0000][gc,phases   ] GC(1198)   Post Evacuate Collection Set: 4.0ms
[2026-01-16T09:50:19.142+0000][gc,phases   ] GC(1198)   Other: 5.3ms
[2026-01-16T09:50:19.143+0000][gc,heap     ] GC(1198) Eden regions: 47->0(47)
[2026-01-16T09:50:19.143+0000][gc,heap     ] GC(1198) Survivor regions: 4->4(7)
[2026-01-16T09:50:19.144+0000][gc,heap     ] GC(1198) Old regions: 188->189
[2026-01-16T09:50:19.145+0000][gc,heap     ] GC(1198) Humongous regions: 167->167
[2026-01-16T09:50:19.146+0000][gc,metaspace] GC(1198) Metaspace: 15612K(15936K)->15612K(15936K) NonClass: 13859K(14016K)->13859K(14016K) Class: 1753K(1920K)->1753K(1920K)
[2026-01-16T09:50:19.146+0000][gc          ] GC(1198) Pause Young (Normal) (G1 Evacuation Pause) 405M->359M(1024M) 430.491ms
[2026-01-16T09:50:19.151+0000][gc,cpu      ] GC(1198) User=0.17s Sys=0.02s Real=0.44s
[2026-01-16T09:50:21.215+0000][gc,start    ] GC(1199) Pause Young (Normal) (G1 Evacuation Pause)
[2026-01-16T09:50:21.225+0000][gc,task     ] GC(1199) Using 8 workers of 8 for evacuation
[2026-01-16T09:50:21.590+0000][gc,mmu      ] GC(1199) MMU target violated: 201.0ms (200.0ms/201.0ms)
[2026-01-16T09:50:21.590+0000][gc,phases   ] GC(1199)   Pre Evacuate Collection Set: 40.4ms
[2026-01-16T09:50:21.593+0000][gc,phases   ] GC(1199)   Merge Heap Roots: 8.6ms
[2026-01-16T09:50:21.593+0000][gc,phases   ] GC(1199)   Evacuate Collection Set: 303.6ms
[2026-01-16T09:50:21.593+0000][gc,phases   ] GC(1199)   Post Evacuate Collection Set: 8.5ms
[2026-01-16T09:50:21.601+0000][gc,phases   ] GC(1199)   Other: 4.5ms
[2026-01-16T09:50:21.604+0000][gc,heap     ] GC(1199) Eden regions: 47->0(47)
[2026-01-16T09:50:21.606+0000][gc,heap     ] GC(1199) Survivor regions: 4->4(7)
[2026-01-16T09:50:21.608+0000][gc,heap     ] GC(1199) Old regions: 189->189
[2026-01-16T09:50:21.608+0000][gc,heap     ] GC(1199) Humongous regions: 167->167
[2026-01-16T09:50:21.609+0000][gc,metaspace] GC(1199) Metaspace: 15612K(15936K)->15612K(15936K) NonClass: 13859K(14016K)->13859K(14016K) Class: 1753K(1920K)->1753K(1920K)
[2026-01-16T09:50:21.610+0000][gc          ] GC(1199) Pause Young (Normal) (G1 Evacuation Pause) 406M->359M(1024M) 395.046ms
[2026-01-16T09:50:21.612+0000][gc,cpu      ] GC(1199) User=0.29s Sys=0.03s Real=0.40s
[2026-01-16T09:50:24.292+0000][gc,start    ] GC(1200) Pause Young (Normal) (G1 Evacuation Pause)
[2026-01-16T09:50:24.295+0000][gc,task     ] GC(1200) Using 8 workers of 8 for evacuation
[2026-01-16T09:50:24.919+0000][gc,mmu      ] GC(1200) MMU target violated: 201.0ms (200.0ms/201.0ms)
[2026-01-16T09:50:24.922+0000][gc,phases   ] GC(1200)   Pre Evacuate Collection Set: 72.6ms
[2026-01-16T09:50:24.923+0000][gc,phases   ] GC(1200)   Merge Heap Roots: 8.8ms
[2026-01-16T09:50:24.923+0000][gc,phases   ] GC(1200)   Evacuate Collection Set: 514.5ms
[2026-01-16T09:50:24.924+0000][gc,phases   ] GC(1200)   Post Evacuate Collection Set: 25.1ms
[2026-01-16T09:50:24.924+0000][gc,phases   ] GC(1200)   Other: 7.6ms
[2026-01-16T09:50:24.925+0000][gc,heap     ] GC(1200) Eden regions: 47->0(46)
[2026-01-16T09:50:24.925+0000][gc,heap     ] GC(1200) Survivor regions: 4->5(7)
[2026-01-16T09:50:24.926+0000][gc,heap     ] GC(1200) Old regions: 189->189
[2026-01-16T09:50:24.926+0000][gc,heap     ] GC(1200) Humongous regions: 167->167
[2026-01-16T09:50:24.926+0000][gc,metaspace] GC(1200) Metaspace: 15613K(15936K)->15613K(15936K) NonClass: 13859K(14016K)->13859K(14016K) Class: 1753K(1920K)->1753K(1920K)
[2026-01-16T09:50:24.927+0000][gc          ] GC(1200) Pause Young (Normal) (G1 Evacuation Pause) 406M->360M(1024M) 635.400ms
[2026-01-16T09:50:24.927+0000][gc,cpu      ] GC(1200) User=0.33s Sys=0.03s Real=0.63s
[2026-01-16T09:50:26.096+0000][gc,start    ] GC(1201) Pause Young (Normal) (G1 Evacuation Pause)
[2026-01-16T09:50:26.097+0000][gc,task     ] GC(1201) Using 8 workers of 8 for evacuation
[2026-01-16T09:50:26.268+0000][gc,phases   ] GC(1201)   Pre Evacuate Collection Set: 26.2ms
[2026-01-16T09:50:26.269+0000][gc,phases   ] GC(1201)   Merge Heap Roots: 0.6ms
[2026-01-16T09:50:26.271+0000][gc,phases   ] GC(1201)   Evacuate Collection Set: 142.6ms
[2026-01-16T09:50:26.271+0000][gc,phases   ] GC(1201)   Post Evacuate Collection Set: 1.5ms
[2026-01-16T09:50:26.272+0000][gc,phases   ] GC(1201)   Other: 1.0ms
[2026-01-16T09:50:26.272+0000][gc,heap     ] GC(1201) Eden regions: 46->0(47)
[2026-01-16T09:50:26.272+0000][gc,heap     ] GC(1201) Survivor regions: 5->4(7)
[2026-01-16T09:50:26.272+0000][gc,heap     ] GC(1201) Old regions: 189->191
[2026-01-16T09:50:26.273+0000][gc,heap     ] GC(1201) Humongous regions: 167->167
[2026-01-16T09:50:26.273+0000][gc,metaspace] GC(1201) Metaspace: 15613K(15936K)->15613K(15936K) NonClass: 13859K(14016K)->13859K(14016K) Class: 1753K(1920K)->1753K(1920K)
[2026-01-16T09:50:26.273+0000][gc          ] GC(1201) Pause Young (Normal) (G1 Evacuation Pause) 406M->361M(1024M) 177.304ms
[2026-01-16T09:50:26.273+0000][gc,cpu      ] GC(1201) User=0.19s Sys=0.02s Real=0.18s
[2026-01-16T09:50:27.169+0000][gc,start    ] GC(1202) Pause Young (Normal) (G1 Evacuation Pause)
[2026-01-16T09:50:27.170+0000][gc,task     ] GC(1202) Using 8 workers of 8 for evacuation
[2026-01-16T09:50:27.625+0000][gc,mmu      ] GC(1202) MMU target violated: 201.0ms (200.0ms/201.0ms)
[2026-01-16T09:50:27.627+0000][gc,phases   ] GC(1202)   Pre Evacuate Collection Set: 7.8ms
[2026-01-16T09:50:27.629+0000][gc,phases   ] GC(1202)   Merge Heap Roots: 0.2ms
[2026-01-16T09:50:27.630+0000][gc,phases   ] GC(1202)   Evacuate Collection Set: 425.7ms
[2026-01-16T09:50:27.632+0000][gc,phases   ] GC(1202)   Post Evacuate Collection Set: 19.7ms
[2026-01-16T09:50:27.633+0000][gc,phases   ] GC(1202)   Other: 3.5ms
[2026-01-16T09:50:27.633+0000][gc,heap     ] GC(1202) Eden regions: 47->0(46)
[2026-01-16T09:50:27.633+0000][gc,heap     ] GC(1202) Survivor regions: 4->5(7)
[2026-01-16T09:50:27.633+0000][gc,heap     ] GC(1202) Old regions: 191->191
[2026-01-16T09:50:27.633+0000][gc,heap     ] GC(1202) Humongous regions: 167->167
[2026-01-16T09:50:27.633+0000][gc,metaspace] GC(1202) Metaspace: 15613K(15936K)->15613K(15936K) NonClass: 13859K(14016K)->13859K(14016K) Class: 1753K(1920K)->1753K(1920K)
[2026-01-16T09:50:27.633+0000][gc          ] GC(1202) Pause Young (Normal) (G1 Evacuation Pause) 408M->361M(1024M) 464.069ms
[2026-01-16T09:50:27.634+0000][gc,cpu      ] GC(1202) User=0.18s Sys=0.02s Real=0.47s
[2026-01-16T09:50:28.838+0000][gc,start    ] GC(1203) Pause Young (Normal) (G1 Evacuation Pause)
[2026-01-16T09:50:28.843+0000][gc,task     ] GC(1203) Using 8 workers of 8 for evacuation
[2026-01-16T09:50:29.109+0000][gc,mmu      ] GC(1203) MMU target violated: 201.0ms (200.0ms/201.0ms)
[2026-01-16T09:50:29.109+0000][gc,phases   ] GC(1203)   Pre Evacuate Collection Set: 7.1ms
[2026-01-16T09:50:29.110+0000][gc,phases   ] GC(1203)   Merge Heap Roots: 1.0ms
[2026-01-16T09:50:29.111+0000][gc,phases   ] GC(1203)   Evacuate Collection Set: 240.1ms
[2026-01-16T09:50:29.113+0000][gc,phases   ] GC(1203)   Post Evacuate Collection Set: 13.9ms
[2026-01-16T09:50:29.114+0000][gc,phases   ] GC(1203)   Other: 6.5ms
[2026-01-16T09:50:29.114+0000][gc,heap     ] GC(1203) Eden regions: 46->0(46)
[2026-01-16T09:50:29.114+0000][gc,heap     ] GC(1203) Survivor regions: 5->5(7)
[2026-01-16T09:50:29.115+0000][gc,heap     ] GC(1203) Old regions: 191->192
[2026-01-16T09:50:29.115+0000][gc,heap     ] GC(1203) Humongous regions: 167->167
[2026-01-16T09:50:29.115+0000][gc,metaspace] GC(1203) Metaspace: 15613K(15936K)->15613K(15936K) NonClass: 13859K(14016K)->13859K(14016K) Class: 1753K(1920K)->1753K(1920K)
[2026-01-16T09:50:29.119+0000][gc          ] GC(1203) Pause Young (Normal) (G1 Evacuation Pause) 407M->362M(1024M) 280.490ms
[2026-01-16T09:50:29.119+0000][gc,cpu      ] GC(1203) User=0.18s Sys=0.01s Real=0.28s
[2026-01-16T09:50:31.643+0000][gc,start    ] GC(1204) Pause Young (Normal) (G1 Evacuation Pause)
[2026-01-16T09:50:31.647+0000][gc,task     ] GC(1204) Using 8 workers of 8 for evacuation
[2026-01-16T09:50:31.945+0000][gc,mmu      ] GC(1204) MMU target violated: 201.0ms (200.0ms/201.0ms)
[2026-01-16T09:50:31.947+0000][gc,phases   ] GC(1204)   Pre Evacuate Collection Set: 21.9ms
[2026-01-16T09:50:31.948+0000][gc,phases   ] GC(1204)   Merge Heap Roots: 7.3ms
[2026-01-16T09:50:31.948+0000][gc,phases   ] GC(1204)   Evacuate Collection Set: 254.4ms
[2026-01-16T09:50:31.949+0000][gc,phases   ] GC(1204)   Post Evacuate Collection Set: 13.9ms
[2026-01-16T09:50:31.950+0000][gc,phases   ] GC(1204)   Other: 1.5ms
[2026-01-16T09:50:31.951+0000][gc,heap     ] GC(1204) Eden regions: 46->0(46)
[2026-01-16T09:50:31.955+0000][gc,heap     ] GC(1204) Survivor regions: 5->5(7)
[2026-01-16T09:50:31.957+0000][gc,heap     ] GC(1204) Old regions: 192->192
[2026-01-16T09:50:31.957+0000][gc,heap     ] GC(1204) Humongous regions: 167->167
[2026-01-16T09:50:31.958+0000][gc,metaspace] GC(1204) Metaspace: 15613K(15936K)->15613K(15936K) NonClass: 13859K(14016K)->13859K(14016K) Class: 1753K(1920K)->1753K(1920K)
[2026-01-16T09:50:31.958+0000][gc          ] GC(1204) Pause Young (Normal) (G1 Evacuation Pause) 408M->363M(1024M) 315.093ms
[2026-01-16T09:50:31.959+0000][gc,cpu      ] GC(1204) User=0.29s Sys=0.02s Real=0.31s
[2026-01-16T09:50:33.026+0000][gc,start    ] GC(1205) Pause Young (Normal) (G1 Evacuation Pause)
[2026-01-16T09:50:33.029+0000][gc,task     ] GC(1205) Using 8 workers of 8 for evacuation
[2026-01-16T09:50:33.176+0000][gc,phases   ] GC(1205)   Pre Evacuate Collection Set: 11.9ms
[2026-01-16T09:50:33.177+0000][gc,phases   ] GC(1205)   Merge Heap Roots: 0.3ms
[2026-01-16T09:50:33.177+0000][gc,phases   ] GC(1205)   Evacuate Collection Set: 130.5ms
[2026-01-16T09:50:33.178+0000][gc,phases   ] GC(1205)   Post Evacuate Collection Set: 1.1ms
[2026-01-16T09:50:33.178+0000][gc,phases   ] GC(1205)   Other: 3.5ms
[2026-01-16T09:50:33.179+0000][gc,heap     ] GC(1205) Eden regions: 46->0(46)
[2026-01-16T09:50:33.179+0000][gc,heap     ] GC(1205) Survivor regions: 5->5(7)
[2026-01-16T09:50:33.179+0000][gc,heap     ] GC(1205) Old regions: 192->193
[2026-01-16T09:50:33.180+0000][gc,heap     ] GC(1205) Humongous regions: 167->167
[2026-01-16T09:50:33.181+0000][gc,metaspace] GC(1205) Metaspace: 15613K(15936K)->15613K(15936K) NonClass: 13859K(14016K)->13859K(14016K) Class: 1753K(1920K)->1753K(1920K)
[2026-01-16T09:50:33.183+0000][gc          ] GC(1205) Pause Young (Normal) (G1 Evacuation Pause) 409M->363M(1024M) 156.915ms
[2026-01-16T09:50:33.187+0000][gc,cpu      ] GC(1205) User=0.13s Sys=0.01s Real=0.16s
[2026-01-16T09:50:34.176+0000][gc,start    ] GC(1206) Pause Young (Normal) (G1 Evacuation Pause)
[2026-01-16T09:50:34.176+0000][gc,task     ] GC(1206) Using 8 workers of 8 for evacuation
[2026-01-16T09:50:34.224+0000][gc,phases   ] GC(1206)   Pre Evacuate Collection Set: 4.1ms
[2026-01-16T09:50:34.224+0000][gc,phases   ] GC(1206)   Merge Heap Roots: 0.8ms
[2026-01-16T09:50:34.224+0000][gc,phases   ] GC(1206)   Evacuate Collection Set: 31.4ms
[2026-01-16T09:50:34.224+0000][gc,phases   ] GC(1206)   Post Evacuate Collection Set: 7.5ms
[2026-01-16T09:50:34.224+0000][gc,phases   ] GC(1206)   Other: 3.6ms
[2026-01-16T09:50:34.224+0000][gc,heap     ] GC(1206) Eden regions: 46->0(99)
[2026-01-16T09:50:34.224+0000][gc,heap     ] GC(1206) Survivor regions: 5->3(7)
[2026-01-16T09:50:34.224+0000][gc,heap     ] GC(1206) Old regions: 193->194
[2026-01-16T09:50:34.224+0000][gc,heap     ] GC(1206) Humongous regions: 167->167
[2026-01-16T09:50:34.224+0000][gc,metaspace] GC(1206) Metaspace: 15616K(15936K)->15616K(15936K) NonClass: 13863K(14016K)->13863K(14016K) Class: 1753K(1920K)->1753K(1920K)
[2026-01-16T09:50:34.224+0000][gc          ] GC(1206) Pause Young (Normal) (G1 Evacuation Pause) 409M->362M(1024M) 48.101ms
[2026-01-16T09:50:34.224+0000][gc,cpu      ] GC(1206) User=0.08s Sys=0.00s Real=0.05s
[2026-01-16T09:50:38.459+0000][gc,start    ] GC(1207) Pause Young (Normal) (G1 Evacuation Pause)
[2026-01-16T09:50:38.463+0000][gc,task     ] GC(1207) Using 8 workers of 8 for evacuation
[2026-01-16T09:50:38.780+0000][gc,mmu      ] GC(1207) MMU target violated: 201.0ms (200.0ms/201.0ms)
[2026-01-16T09:50:38.781+0000][gc,phases   ] GC(1207)   Pre Evacuate Collection Set: 21.9ms
[2026-01-16T09:50:38.781+0000][gc,phases   ] GC(1207)   Merge Heap Roots: 0.8ms
[2026-01-16T09:50:38.782+0000][gc,phases   ] GC(1207)   Evacuate Collection Set: 272.8ms
[2026-01-16T09:50:38.782+0000][gc,phases   ] GC(1207)   Post Evacuate Collection Set: 15.1ms
[2026-01-16T09:50:38.783+0000][gc,phases   ] GC(1207)   Other: 7.2ms
[2026-01-16T09:50:38.784+0000][gc,heap     ] GC(1207) Eden regions: 106->0(47)
[2026-01-16T09:50:38.787+0000][gc,heap     ] GC(1207) Survivor regions: 3->4(14)
[2026-01-16T09:50:38.789+0000][gc,heap     ] GC(1207) Old regions: 194->194
[2026-01-16T09:50:38.791+0000][gc,heap     ] GC(1207) Humongous regions: 167->167
[2026-01-16T09:50:38.791+0000][gc,metaspace] GC(1207) Metaspace: 15616K(15936K)->15616K(15936K) NonClass: 13863K(14016K)->13863K(14016K) Class: 1753K(1920K)->1753K(1920K)
[2026-01-16T09:50:38.792+0000][gc          ] GC(1207) Pause Young (Normal) (G1 Evacuation Pause) 468M->363M(1024M) 333.392ms
[2026-01-16T09:50:38.792+0000][gc,cpu      ] GC(1207) User=0.26s Sys=0.02s Real=0.33s
[2026-01-16T09:50:41.045+0000][gc,start    ] GC(1208) Pause Young (Normal) (G1 Evacuation Pause)
[2026-01-16T09:50:41.046+0000][gc,task     ] GC(1208) Using 8 workers of 8 for evacuation
[2026-01-16T09:50:41.158+0000][gc,phases   ] GC(1208)   Pre Evacuate Collection Set: 12.0ms
[2026-01-16T09:50:41.158+0000][gc,phases   ] GC(1208)   Merge Heap Roots: 1.5ms
[2026-01-16T09:50:41.159+0000][gc,phases   ] GC(1208)   Evacuate Collection Set: 79.2ms
[2026-01-16T09:50:41.159+0000][gc,phases   ] GC(1208)   Post Evacuate Collection Set: 4.9ms
[2026-01-16T09:50:41.167+0000][gc,phases   ] GC(1208)   Other: 13.8ms
[2026-01-16T09:50:41.168+0000][gc,heap     ] GC(1208) Eden regions: 47->0(47)
[2026-01-16T09:50:41.169+0000][gc,heap     ] GC(1208) Survivor regions: 4->4(7)
[2026-01-16T09:50:41.169+0000][gc,heap     ] GC(1208) Old regions: 194->194
[2026-01-16T09:50:41.170+0000][gc,heap     ] GC(1208) Humongous regions: 167->167
[2026-01-16T09:50:41.170+0000][gc,metaspace] GC(1208) Metaspace: 15616K(15936K)->15616K(15936K) NonClass: 13863K(14016K)->13863K(14016K) Class: 1753K(1920K)->1753K(1920K)
[2026-01-16T09:50:41.170+0000][gc          ] GC(1208) Pause Young (Normal) (G1 Evacuation Pause) 410M->363M(1024M) 125.026ms
[2026-01-16T09:50:41.171+0000][gc,cpu      ] GC(1208) User=0.17s Sys=0.01s Real=0.12s
[2026-01-16T09:50:43.677+0000][gc,start    ] GC(1209) Pause Young (Normal) (G1 Evacuation Pause)
[2026-01-16T09:50:43.678+0000][gc,task     ] GC(1209) Using 8 workers of 8 for evacuation
[2026-01-16T09:50:43.735+0000][gc,phases   ] GC(1209)   Pre Evacuate Collection Set: 10.2ms
[2026-01-16T09:50:43.737+0000][gc,phases   ] GC(1209)   Merge Heap Roots: 1.2ms
[2026-01-16T09:50:43.737+0000][gc,phases   ] GC(1209)   Evacuate Collection Set: 34.0ms
[2026-01-16T09:50:43.738+0000][gc,phases   ] GC(1209)   Post Evacuate Collection Set: 5.6ms
[2026-01-16T09:50:43.738+0000][gc,phases   ] GC(1209)   Other: 6.2ms
[2026-01-16T09:50:43.738+0000][gc,heap     ] GC(1209) Eden regions: 47->0(179)
[2026-01-16T09:50:43.738+0000][gc,heap     ] GC(1209) Survivor regions: 4->3(7)
[2026-01-16T09:50:43.738+0000][gc,heap     ] GC(1209) Old regions: 194->194
[2026-01-16T09:50:43.738+0000][gc,heap     ] GC(1209) Humongous regions: 167->167
[2026-01-16T09:50:43.739+0000][gc,metaspace] GC(1209) Metaspace: 15617K(15936K)->15617K(15936K) NonClass: 13864K(14016K)->13864K(14016K) Class: 1753K(1920K)->1753K(1920K)
[2026-01-16T09:50:43.739+0000][gc          ] GC(1209) Pause Young (Normal) (G1 Evacuation Pause) 410M->362M(1024M) 62.392ms
[2026-01-16T09:50:43.740+0000][gc,cpu      ] GC(1209) User=0.11s Sys=0.01s Real=0.06s
[2026-01-16T09:50:52.885+0000][gc,start    ] GC(1210) Pause Young (Normal) (G1 Evacuation Pause)
[2026-01-16T09:50:52.890+0000][gc,task     ] GC(1210) Using 8 workers of 8 for evacuation
[2026-01-16T09:50:53.189+0000][gc,mmu      ] GC(1210) MMU target violated: 201.0ms (200.0ms/201.0ms)
[2026-01-16T09:50:53.190+0000][gc,phases   ] GC(1210)   Pre Evacuate Collection Set: 30.5ms
[2026-01-16T09:50:53.190+0000][gc,phases   ] GC(1210)   Merge Heap Roots: 16.1ms
[2026-01-16T09:50:53.190+0000][gc,phases   ] GC(1210)   Evacuate Collection Set: 222.3ms
[2026-01-16T09:50:53.190+0000][gc,phases   ] GC(1210)   Post Evacuate Collection Set: 26.8ms
[2026-01-16T09:50:53.192+0000][gc,phases   ] GC(1210)   Other: 6.5ms
[2026-01-16T09:50:53.192+0000][gc,heap     ] GC(1210) Eden regions: 140->0(72)
[2026-01-16T09:50:53.192+0000][gc,heap     ] GC(1210) Survivor regions: 3->3(18)
[2026-01-16T09:50:53.193+0000][gc,heap     ] GC(1210) Old regions: 194->194
[2026-01-16T09:50:53.193+0000][gc,heap     ] GC(1210) Humongous regions: 167->167
[2026-01-16T09:50:53.193+0000][gc,metaspace] GC(1210) Metaspace: 15622K(15936K)->15622K(15936K) NonClass: 13869K(14016K)->13869K(14016K) Class: 1753K(1920K)->1753K(1920K)
[2026-01-16T09:50:53.194+0000][gc          ] GC(1210) Pause Young (Normal) (G1 Evacuation Pause) 502M->362M(1024M) 308.613ms
[2026-01-16T09:50:53.195+0000][gc,cpu      ] GC(1210) User=0.28s Sys=0.03s Real=0.32s
[2026-01-16T09:50:55.804+0000][gc,start    ] GC(1211) Pause Young (Normal) (G1 Evacuation Pause)
[2026-01-16T09:50:55.806+0000][gc,task     ] GC(1211) Using 8 workers of 8 for evacuation
[2026-01-16T09:50:56.010+0000][gc,mmu      ] GC(1211) MMU target violated: 201.0ms (200.0ms/201.0ms)
[2026-01-16T09:50:56.012+0000][gc,phases   ] GC(1211)   Pre Evacuate Collection Set: 6.8ms
[2026-01-16T09:50:56.012+0000][gc,phases   ] GC(1211)   Merge Heap Roots: 0.6ms
[2026-01-16T09:50:56.012+0000][gc,phases   ] GC(1211)   Evacuate Collection Set: 182.2ms
[2026-01-16T09:50:56.012+0000][gc,phases   ] GC(1211)   Post Evacuate Collection Set: 12.7ms
[2026-01-16T09:50:56.013+0000][gc,phases   ] GC(1211)   Other: 3.1ms
[2026-01-16T09:50:56.014+0000][gc,heap     ] GC(1211) Eden regions: 57->0(62)
[2026-01-16T09:50:56.015+0000][gc,heap     ] GC(1211) Survivor regions: 3->3(8)
[2026-01-16T09:50:56.016+0000][gc,heap     ] GC(1211) Old regions: 194->194
[2026-01-16T09:50:56.016+0000][gc,heap     ] GC(1211) Humongous regions: 167->167
[2026-01-16T09:50:56.018+0000][gc,metaspace] GC(1211) Metaspace: 15637K(15936K)->15637K(15936K) NonClass: 13884K(14016K)->13884K(14016K) Class: 1753K(1920K)->1753K(1920K)
[2026-01-16T09:50:56.019+0000][gc          ] GC(1211) Pause Young (Normal) (G1 Evacuation Pause) 419M->362M(1024M) 215.313ms
[2026-01-16T09:50:56.019+0000][gc,cpu      ] GC(1211) User=0.22s Sys=0.01s Real=0.22s
[2026-01-16T09:50:59.598+0000][gc,start    ] GC(1212) Pause Young (Normal) (G1 Evacuation Pause)
[2026-01-16T09:50:59.609+0000][gc,task     ] GC(1212) Using 8 workers of 8 for evacuation
[2026-01-16T09:51:00.000+0000][gc,mmu      ] GC(1212) MMU target violated: 201.0ms (200.0ms/201.0ms)
[2026-01-16T09:51:00.001+0000][gc,phases   ] GC(1212)   Pre Evacuate Collection Set: 94.8ms
[2026-01-16T09:51:00.001+0000][gc,phases   ] GC(1212)   Merge Heap Roots: 22.5ms
[2026-01-16T09:51:00.002+0000][gc,phases   ] GC(1212)   Evacuate Collection Set: 261.0ms
[2026-01-16T09:51:00.002+0000][gc,phases   ] GC(1212)   Post Evacuate Collection Set: 9.7ms
[2026-01-16T09:51:00.003+0000][gc,phases   ] GC(1212)   Other: 4.6ms
[2026-01-16T09:51:00.003+0000][gc,heap     ] GC(1212) Eden regions: 69->0(47)
[2026-01-16T09:51:00.004+0000][gc,heap     ] GC(1212) Survivor regions: 3->4(9)
[2026-01-16T09:51:00.004+0000][gc,heap     ] GC(1212) Old regions: 194->194
[2026-01-16T09:51:00.005+0000][gc,heap     ] GC(1212) Humongous regions: 167->167
[2026-01-16T09:51:00.005+0000][gc,metaspace] GC(1212) Metaspace: 15654K(16000K)->15654K(16000K) NonClass: 13901K(14080K)->13901K(14080K) Class: 1753K(1920K)->1753K(1920K)
[2026-01-16T09:51:00.005+0000][gc          ] GC(1212) Pause Young (Normal) (G1 Evacuation Pause) 431M->363M(1024M) 406.724ms
[2026-01-16T09:51:00.005+0000][gc,cpu      ] GC(1212) User=0.33s Sys=0.04s Real=0.40s
[2026-01-16T09:51:02.823+0000][gc,start    ] GC(1213) Pause Young (Normal) (G1 Evacuation Pause)
[2026-01-16T09:51:02.827+0000][gc,task     ] GC(1213) Using 8 workers of 8 for evacuation
[2026-01-16T09:51:03.085+0000][gc,mmu      ] GC(1213) MMU target violated: 201.0ms (200.0ms/201.0ms)
[2026-01-16T09:51:03.086+0000][gc,phases   ] GC(1213)   Pre Evacuate Collection Set: 27.2ms
[2026-01-16T09:51:03.087+0000][gc,phases   ] GC(1213)   Merge Heap Roots: 14.0ms
[2026-01-16T09:51:03.087+0000][gc,phases   ] GC(1213)   Evacuate Collection Set: 196.2ms
[2026-01-16T09:51:03.088+0000][gc,phases   ] GC(1213)   Post Evacuate Collection Set: 19.3ms
[2026-01-16T09:51:03.089+0000][gc,phases   ] GC(1213)   Other: 3.5ms
[2026-01-16T09:51:03.092+0000][gc,heap     ] GC(1213) Eden regions: 47->0(47)
[2026-01-16T09:51:03.094+0000][gc,heap     ] GC(1213) Survivor regions: 4->4(7)
[2026-01-16T09:51:03.096+0000][gc,heap     ] GC(1213) Old regions: 194->194
[2026-01-16T09:51:03.096+0000][gc,heap     ] GC(1213) Humongous regions: 167->167
[2026-01-16T09:51:03.098+0000][gc,metaspace] GC(1213) Metaspace: 15658K(16000K)->15658K(16000K) NonClass: 13905K(14080K)->13905K(14080K) Class: 1753K(1920K)->1753K(1920K)
[2026-01-16T09:51:03.099+0000][gc          ] GC(1213) Pause Young (Normal) (G1 Evacuation Pause) 410M->364M(1024M) 276.360ms
[2026-01-16T09:51:03.101+0000][gc,cpu      ] GC(1213) User=0.26s Sys=0.03s Real=0.28s
[2026-01-16T09:51:04.399+0000][gc,start    ] GC(1214) Pause Young (Normal) (G1 Evacuation Pause)
[2026-01-16T09:51:04.403+0000][gc,task     ] GC(1214) Using 8 workers of 8 for evacuation
[2026-01-16T09:51:04.700+0000][gc,mmu      ] GC(1214) MMU target violated: 201.0ms (200.0ms/201.0ms)
[2026-01-16T09:51:04.703+0000][gc,phases   ] GC(1214)   Pre Evacuate Collection Set: 25.2ms
[2026-01-16T09:51:04.703+0000][gc,phases   ] GC(1214)   Merge Heap Roots: 2.2ms
[2026-01-16T09:51:04.703+0000][gc,phases   ] GC(1214)   Evacuate Collection Set: 258.3ms
[2026-01-16T09:51:04.704+0000][gc,phases   ] GC(1214)   Post Evacuate Collection Set: 10.9ms
[2026-01-16T09:51:04.704+0000][gc,phases   ] GC(1214)   Other: 3.3ms
[2026-01-16T09:51:04.704+0000][gc,heap     ] GC(1214) Eden regions: 47->0(48)
[2026-01-16T09:51:04.705+0000][gc,heap     ] GC(1214) Survivor regions: 4->3(7)
[2026-01-16T09:51:04.706+0000][gc,heap     ] GC(1214) Old regions: 194->194
[2026-01-16T09:51:04.706+0000][gc,heap     ] GC(1214) Humongous regions: 167->167
[2026-01-16T09:51:04.707+0000][gc,metaspace] GC(1214) Metaspace: 15671K(16000K)->15671K(16000K) NonClass: 13917K(14080K)->13917K(14080K) Class: 1753K(1920K)->1753K(1920K)
[2026-01-16T09:51:04.708+0000][gc          ] GC(1214) Pause Young (Normal) (G1 Evacuation Pause) 411M->362M(1024M) 308.448ms
[2026-01-16T09:51:04.709+0000][gc,cpu      ] GC(1214) User=0.21s Sys=0.01s Real=0.31s
[2026-01-16T09:51:05.499+0000][gc,start    ] GC(1215) Pause Young (Normal) (G1 Evacuation Pause)
[2026-01-16T09:51:05.501+0000][gc,task     ] GC(1215) Using 8 workers of 8 for evacuation
[2026-01-16T09:51:05.553+0000][gc,phases   ] GC(1215)   Pre Evacuate Collection Set: 1.9ms
[2026-01-16T09:51:05.554+0000][gc,phases   ] GC(1215)   Merge Heap Roots: 1.7ms
[2026-01-16T09:51:05.555+0000][gc,phases   ] GC(1215)   Evacuate Collection Set: 42.7ms
[2026-01-16T09:51:05.555+0000][gc,phases   ] GC(1215)   Post Evacuate Collection Set: 4.8ms
[2026-01-16T09:51:05.556+0000][gc,phases   ] GC(1215)   Other: 0.5ms
[2026-01-16T09:51:05.556+0000][gc,heap     ] GC(1215) Eden regions: 48->0(48)
[2026-01-16T09:51:05.557+0000][gc,heap     ] GC(1215) Survivor regions: 3->3(7)
[2026-01-16T09:51:05.557+0000][gc,heap     ] GC(1215) Old regions: 194->194
[2026-01-16T09:51:05.557+0000][gc,heap     ] GC(1215) Humongous regions: 167->167
[2026-01-16T09:51:05.558+0000][gc,metaspace] GC(1215) Metaspace: 15674K(16000K)->15674K(16000K) NonClass: 13921K(14080K)->13921K(14080K) Class: 1753K(1920K)->1753K(1920K)
[2026-01-16T09:51:05.558+0000][gc          ] GC(1215) Pause Young (Normal) (G1 Evacuation Pause) 410M->363M(1024M) 58.615ms
[2026-01-16T09:51:05.559+0000][gc,cpu      ] GC(1215) User=0.07s Sys=0.01s Real=0.06s
[2026-01-16T09:51:06.178+0000][gc,start    ] GC(1216) Pause Young (Normal) (G1 Evacuation Pause)
[2026-01-16T09:51:06.180+0000][gc,task     ] GC(1216) Using 8 workers of 8 for evacuation
[2026-01-16T09:51:06.255+0000][gc,phases   ] GC(1216)   Pre Evacuate Collection Set: 12.0ms
[2026-01-16T09:51:06.257+0000][gc,phases   ] GC(1216)   Merge Heap Roots: 1.9ms
[2026-01-16T09:51:06.257+0000][gc,phases   ] GC(1216)   Evacuate Collection Set: 51.5ms
[2026-01-16T09:51:06.258+0000][gc,phases   ] GC(1216)   Post Evacuate Collection Set: 6.3ms
[2026-01-16T09:51:06.259+0000][gc,phases   ] GC(1216)   Other: 4.0ms
[2026-01-16T09:51:06.259+0000][gc,heap     ] GC(1216) Eden regions: 48->0(47)
[2026-01-16T09:51:06.259+0000][gc,heap     ] GC(1216) Survivor regions: 3->4(7)
[2026-01-16T09:51:06.260+0000][gc,heap     ] GC(1216) Old regions: 194->194
[2026-01-16T09:51:06.260+0000][gc,heap     ] GC(1216) Humongous regions: 167->167
[2026-01-16T09:51:06.260+0000][gc,metaspace] GC(1216) Metaspace: 15682K(16000K)->15682K(16000K) NonClass: 13928K(14080K)->13928K(14080K) Class: 1753K(1920K)->1753K(1920K)
[2026-01-16T09:51:06.261+0000][gc          ] GC(1216) Pause Young (Normal) (G1 Evacuation Pause) 411M->364M(1024M) 82.726ms
[2026-01-16T09:51:06.261+0000][gc,cpu      ] GC(1216) User=0.09s Sys=0.01s Real=0.08s
[2026-01-16T09:51:12.805+0000][gc,start    ] GC(1217) Pause Young (Normal) (G1 Evacuation Pause)
[2026-01-16T09:51:12.808+0000][gc,task     ] GC(1217) Using 8 workers of 8 for evacuation
[2026-01-16T09:51:12.984+0000][gc,phases   ] GC(1217)   Pre Evacuate Collection Set: 20.0ms
[2026-01-16T09:51:12.987+0000][gc,phases   ] GC(1217)   Merge Heap Roots: 5.0ms
[2026-01-16T09:51:12.987+0000][gc,phases   ] GC(1217)   Evacuate Collection Set: 132.0ms
[2026-01-16T09:51:12.988+0000][gc,phases   ] GC(1217)   Post Evacuate Collection Set: 18.5ms
[2026-01-16T09:51:12.988+0000][gc,phases   ] GC(1217)   Other: 2.1ms
[2026-01-16T09:51:12.989+0000][gc,heap     ] GC(1217) Eden regions: 47->0(144)
[2026-01-16T09:51:12.989+0000][gc,heap     ] GC(1217) Survivor regions: 4->2(7)
[2026-01-16T09:51:12.990+0000][gc,heap     ] GC(1217) Old regions: 194->194
[2026-01-16T09:51:12.990+0000][gc,heap     ] GC(1217) Humongous regions: 167->167
[2026-01-16T09:51:12.990+0000][gc,metaspace] GC(1217) Metaspace: 15693K(16000K)->15693K(16000K) NonClass: 13939K(14080K)->13939K(14080K) Class: 1753K(1920K)->1753K(1920K)
[2026-01-16T09:51:12.990+0000][gc          ] GC(1217) Pause Young (Normal) (G1 Evacuation Pause) 411M->362M(1024M) 185.511ms
[2026-01-16T09:51:12.990+0000][gc,cpu      ] GC(1217) User=0.22s Sys=0.01s Real=0.19s
[2026-01-16T09:51:17.649+0000][gc,start    ] GC(1218) Pause Young (Normal) (G1 Evacuation Pause)
[2026-01-16T09:51:17.650+0000][gc,task     ] GC(1218) Using 8 workers of 8 for evacuation
[2026-01-16T09:51:17.926+0000][gc,mmu      ] GC(1218) MMU target violated: 201.0ms (200.0ms/201.0ms)
[2026-01-16T09:51:17.927+0000][gc,phases   ] GC(1218)   Pre Evacuate Collection Set: 25.1ms
[2026-01-16T09:51:17.929+0000][gc,phases   ] GC(1218)   Merge Heap Roots: 4.0ms
[2026-01-16T09:51:17.929+0000][gc,phases   ] GC(1218)   Evacuate Collection Set: 204.7ms
[2026-01-16T09:51:17.930+0000][gc,phases   ] GC(1218)   Post Evacuate Collection Set: 41.1ms
[2026-01-16T09:51:17.966+0000][gc,phases   ] GC(1218)   Other: 2.4ms
[2026-01-16T09:51:17.966+0000][gc,heap     ] GC(1218) Eden regions: 134->0(48)
[2026-01-16T09:51:17.966+0000][gc,heap     ] GC(1218) Survivor regions: 2->3(17)
[2026-01-16T09:51:17.967+0000][gc,heap     ] GC(1218) Old regions: 194->195
[2026-01-16T09:51:17.967+0000][gc,heap     ] GC(1218) Humongous regions: 167->167
[2026-01-16T09:51:17.967+0000][gc,metaspace] GC(1218) Metaspace: 15700K(16000K)->15700K(16000K) NonClass: 13946K(14080K)->13946K(14080K) Class: 1753K(1920K)->1753K(1920K)
[2026-01-16T09:51:17.967+0000][gc          ] GC(1218) Pause Young (Normal) (G1 Evacuation Pause) 496M->364M(1024M) 318.254ms
[2026-01-16T09:51:17.967+0000][gc,cpu      ] GC(1218) User=0.37s Sys=0.04s Real=0.32s
[2026-01-16T09:51:22.731+0000][gc,start    ] GC(1219) Pause Young (Normal) (G1 Evacuation Pause)
[2026-01-16T09:51:22.735+0000][gc,task     ] GC(1219) Using 8 workers of 8 for evacuation
[2026-01-16T09:51:22.889+0000][gc,phases   ] GC(1219)   Pre Evacuate Collection Set: 26.3ms
[2026-01-16T09:51:22.890+0000][gc,phases   ] GC(1219)   Merge Heap Roots: 5.9ms
[2026-01-16T09:51:22.891+0000][gc,phases   ] GC(1219)   Evacuate Collection Set: 112.3ms
[2026-01-16T09:51:22.892+0000][gc,phases   ] GC(1219)   Post Evacuate Collection Set: 7.9ms
[2026-01-16T09:51:22.892+0000][gc,phases   ] GC(1219)   Other: 2.1ms
[2026-01-16T09:51:22.892+0000][gc,heap     ] GC(1219) Eden regions: 48->0(139)
[2026-01-16T09:51:22.892+0000][gc,heap     ] GC(1219) Survivor regions: 3->2(7)
[2026-01-16T09:51:22.893+0000][gc,heap     ] GC(1219) Old regions: 195->195
[2026-01-16T09:51:22.893+0000][gc,heap     ] GC(1219) Humongous regions: 167->167
[2026-01-16T09:51:22.894+0000][gc,metaspace] GC(1219) Metaspace: 15700K(16000K)->15700K(16000K) NonClass: 13947K(14080K)->13947K(14080K) Class: 1753K(1920K)->1753K(1920K)
[2026-01-16T09:51:22.894+0000][gc          ] GC(1219) Pause Young (Normal) (G1 Evacuation Pause) 412M->362M(1024M) 162.405ms
[2026-01-16T09:51:22.895+0000][gc,cpu      ] GC(1219) User=0.17s Sys=0.01s Real=0.16s
[2026-01-16T09:51:26.327+0000][gc,start    ] GC(1220) Pause Young (Normal) (G1 Evacuation Pause)
[2026-01-16T09:51:26.328+0000][gc,task     ] GC(1220) Using 8 workers of 8 for evacuation
[2026-01-16T09:51:26.428+0000][gc,phases   ] GC(1220)   Pre Evacuate Collection Set: 14.7ms
[2026-01-16T09:51:26.429+0000][gc,phases   ] GC(1220)   Merge Heap Roots: 3.8ms
[2026-01-16T09:51:26.430+0000][gc,phases   ] GC(1220)   Evacuate Collection Set: 77.1ms
[2026-01-16T09:51:26.434+0000][gc,phases   ] GC(1220)   Post Evacuate Collection Set: 3.9ms
[2026-01-16T09:51:26.436+0000][gc,phases   ] GC(1220)   Other: 1.2ms
[2026-01-16T09:51:26.438+0000][gc,heap     ] GC(1220) Eden regions: 150->0(90)
[2026-01-16T09:51:26.438+0000][gc,heap     ] GC(1220) Survivor regions: 2->4(19)
[2026-01-16T09:51:26.440+0000][gc,heap     ] GC(1220) Old regions: 195->195
[2026-01-16T09:51:26.441+0000][gc,heap     ] GC(1220) Humongous regions: 167->167
[2026-01-16T09:51:26.443+0000][gc,metaspace] GC(1220) Metaspace: 15700K(16000K)->15700K(16000K) NonClass: 13947K(14080K)->13947K(14080K) Class: 1753K(1920K)->1753K(1920K)
[2026-01-16T09:51:26.444+0000][gc          ] GC(1220) Pause Young (Normal) (G1 Evacuation Pause) 512M->364M(1024M) 116.703ms
[2026-01-16T09:51:26.445+0000][gc,cpu      ] GC(1220) User=0.23s Sys=0.01s Real=0.11s
[2026-01-16T09:51:33.823+0000][gc,start    ] GC(1221) Pause Young (Normal) (G1 Evacuation Pause)
[2026-01-16T09:51:33.825+0000][gc,task     ] GC(1221) Using 8 workers of 8 for evacuation
[2026-01-16T09:51:33.908+0000][gc,phases   ] GC(1221)   Pre Evacuate Collection Set: 8.8ms
[2026-01-16T09:51:33.908+0000][gc,phases   ] GC(1221)   Merge Heap Roots: 3.6ms
[2026-01-16T09:51:33.909+0000][gc,phases   ] GC(1221)   Evacuate Collection Set: 57.0ms
[2026-01-16T09:51:33.909+0000][gc,phases   ] GC(1221)   Post Evacuate Collection Set: 12.3ms
[2026-01-16T09:51:33.910+0000][gc,phases   ] GC(1221)   Other: 1.1ms
[2026-01-16T09:51:33.911+0000][gc,heap     ] GC(1221) Eden regions: 92->0(244)
[2026-01-16T09:51:33.912+0000][gc,heap     ] GC(1221) Survivor regions: 4->3(12)
[2026-01-16T09:51:33.913+0000][gc,heap     ] GC(1221) Old regions: 195->195
[2026-01-16T09:51:33.913+0000][gc,heap     ] GC(1221) Humongous regions: 167->167
[2026-01-16T09:51:33.913+0000][gc,metaspace] GC(1221) Metaspace: 15700K(16000K)->15700K(16000K) NonClass: 13947K(14080K)->13947K(14080K) Class: 1753K(1920K)->1753K(1920K)
[2026-01-16T09:51:33.915+0000][gc          ] GC(1221) Pause Young (Normal) (G1 Evacuation Pause) 456M->363M(1024M) 92.758ms
[2026-01-16T09:51:33.917+0000][gc,cpu      ] GC(1221) User=0.14s Sys=0.02s Real=0.10s
[2026-01-16T09:51:49.394+0000][gc,start    ] GC(1222) Pause Young (Normal) (G1 Evacuation Pause)
[2026-01-16T09:51:49.397+0000][gc,task     ] GC(1222) Using 8 workers of 8 for evacuation
[2026-01-16T09:51:50.312+0000][gc,mmu      ] GC(1222) MMU target violated: 201.0ms (200.0ms/201.0ms)
[2026-01-16T09:51:50.313+0000][gc,phases   ] GC(1222)   Pre Evacuate Collection Set: 38.6ms
[2026-01-16T09:51:50.313+0000][gc,phases   ] GC(1222)   Merge Heap Roots: 16.0ms
[2026-01-16T09:51:50.313+0000][gc,phases   ] GC(1222)   Evacuate Collection Set: 757.0ms
[2026-01-16T09:51:50.314+0000][gc,phases   ] GC(1222)   Post Evacuate Collection Set: 99.9ms
[2026-01-16T09:51:50.314+0000][gc,phases   ] GC(1222)   Other: 5.5ms
[2026-01-16T09:51:50.315+0000][gc,heap     ] GC(1222) Eden regions: 237->0(47)
[2026-01-16T09:51:50.315+0000][gc,heap     ] GC(1222) Survivor regions: 3->4(30)
[2026-01-16T09:51:50.315+0000][gc,heap     ] GC(1222) Old regions: 195->195
[2026-01-16T09:51:50.315+0000][gc,heap     ] GC(1222) Humongous regions: 167->167
[2026-01-16T09:51:50.315+0000][gc,metaspace] GC(1222) Metaspace: 15714K(16064K)->15714K(16064K) NonClass: 13960K(14144K)->13960K(14144K) Class: 1753K(1920K)->1753K(1920K)
[2026-01-16T09:51:50.317+0000][gc          ] GC(1222) Pause Young (Normal) (G1 Evacuation Pause) 600M->364M(1024M) 922.377ms
[2026-01-16T09:51:50.317+0000][gc,cpu      ] GC(1222) User=0.52s Sys=0.06s Real=0.92s
[2026-01-16T09:51:52.348+0000][gc,start    ] GC(1223) Pause Young (Normal) (G1 Evacuation Pause)
[2026-01-16T09:51:52.350+0000][gc,task     ] GC(1223) Using 8 workers of 8 for evacuation
[2026-01-16T09:51:52.668+0000][gc,mmu      ] GC(1223) MMU target violated: 201.0ms (200.0ms/201.0ms)
[2026-01-16T09:51:52.669+0000][gc,phases   ] GC(1223)   Pre Evacuate Collection Set: 24.0ms
[2026-01-16T09:51:52.670+0000][gc,phases   ] GC(1223)   Merge Heap Roots: 4.4ms
[2026-01-16T09:51:52.671+0000][gc,phases   ] GC(1223)   Evacuate Collection Set: 266.7ms
[2026-01-16T09:51:52.672+0000][gc,phases   ] GC(1223)   Post Evacuate Collection Set: 7.5ms
[2026-01-16T09:51:52.676+0000][gc,phases   ] GC(1223)   Other: 16.5ms
[2026-01-16T09:51:52.679+0000][gc,heap     ] GC(1223) Eden regions: 47->0(46)
[2026-01-16T09:51:52.680+0000][gc,heap     ] GC(1223) Survivor regions: 4->5(7)
[2026-01-16T09:51:52.683+0000][gc,heap     ] GC(1223) Old regions: 195->195
[2026-01-16T09:51:52.687+0000][gc,heap     ] GC(1223) Humongous regions: 167->167
[2026-01-16T09:51:52.691+0000][gc,metaspace] GC(1223) Metaspace: 15717K(16064K)->15717K(16064K) NonClass: 13963K(14144K)->13963K(14144K) Class: 1753K(1920K)->1753K(1920K)
[2026-01-16T09:51:52.692+0000][gc          ] GC(1223) Pause Young (Normal) (G1 Evacuation Pause) 411M->365M(1024M) 344.296ms
[2026-01-16T09:51:52.692+0000][gc,cpu      ] GC(1223) User=0.26s Sys=0.03s Real=0.34s
[2026-01-16T09:51:54.352+0000][gc,start    ] GC(1224) Pause Young (Normal) (G1 Evacuation Pause)
[2026-01-16T09:51:54.353+0000][gc,task     ] GC(1224) Using 8 workers of 8 for evacuation
[2026-01-16T09:51:54.604+0000][gc,mmu      ] GC(1224) MMU target violated: 201.0ms (200.0ms/201.0ms)
[2026-01-16T09:51:54.605+0000][gc,phases   ] GC(1224)   Pre Evacuate Collection Set: 16.2ms
[2026-01-16T09:51:54.606+0000][gc,phases   ] GC(1224)   Merge Heap Roots: 4.9ms
[2026-01-16T09:51:54.606+0000][gc,phases   ] GC(1224)   Evacuate Collection Set: 221.3ms
[2026-01-16T09:51:54.606+0000][gc,phases   ] GC(1224)   Post Evacuate Collection Set: 6.3ms
[2026-01-16T09:51:54.606+0000][gc,phases   ] GC(1224)   Other: 3.5ms
[2026-01-16T09:51:54.607+0000][gc,heap     ] GC(1224) Eden regions: 46->0(49)
[2026-01-16T09:51:54.607+0000][gc,heap     ] GC(1224) Survivor regions: 5->2(7)
[2026-01-16T09:51:54.608+0000][gc,heap     ] GC(1224) Old regions: 195->195
[2026-01-16T09:51:54.608+0000][gc,heap     ] GC(1224) Humongous regions: 167->167
[2026-01-16T09:51:54.608+0000][gc,metaspace] GC(1224) Metaspace: 15718K(16064K)->15718K(16064K) NonClass: 13965K(14144K)->13965K(14144K) Class: 1753K(1920K)->1753K(1920K)
[2026-01-16T09:51:54.609+0000][gc          ] GC(1224) Pause Young (Normal) (G1 Evacuation Pause) 411M->363M(1024M) 256.184ms
[2026-01-16T09:51:54.609+0000][gc,cpu      ] GC(1224) User=0.17s Sys=0.01s Real=0.26s
[2026-01-16T09:51:55.865+0000][gc,start    ] GC(1225) Pause Young (Normal) (G1 Evacuation Pause)
[2026-01-16T09:51:55.866+0000][gc,task     ] GC(1225) Using 8 workers of 8 for evacuation
[2026-01-16T09:51:56.006+0000][gc,phases   ] GC(1225)   Pre Evacuate Collection Set: 22.0ms
[2026-01-16T09:51:56.011+0000][gc,phases   ] GC(1225)   Merge Heap Roots: 1.3ms
[2026-01-16T09:51:56.013+0000][gc,phases   ] GC(1225)   Evacuate Collection Set: 108.9ms
[2026-01-16T09:51:56.013+0000][gc,phases   ] GC(1225)   Post Evacuate Collection Set: 6.2ms
[2026-01-16T09:51:56.013+0000][gc,phases   ] GC(1225)   Other: 1.5ms
[2026-01-16T09:51:56.015+0000][gc,heap     ] GC(1225) Eden regions: 49->0(48)
[2026-01-16T09:51:56.017+0000][gc,heap     ] GC(1225) Survivor regions: 2->3(7)
[2026-01-16T09:51:56.018+0000][gc,heap     ] GC(1225) Old regions: 195->195
[2026-01-16T09:51:56.018+0000][gc,heap     ] GC(1225) Humongous regions: 167->167
[2026-01-16T09:51:56.018+0000][gc,metaspace] GC(1225) Metaspace: 15718K(16064K)->15718K(16064K) NonClass: 13965K(14144K)->13965K(14144K) Class: 1753K(1920K)->1753K(1920K)
[2026-01-16T09:51:56.019+0000][gc          ] GC(1225) Pause Young (Normal) (G1 Evacuation Pause) 412M->364M(1024M) 153.275ms
[2026-01-16T09:51:56.021+0000][gc,cpu      ] GC(1225) User=0.09s Sys=0.01s Real=0.15s
[2026-01-16T09:51:57.243+0000][gc,start    ] GC(1226) Pause Young (Normal) (G1 Evacuation Pause)
[2026-01-16T09:51:57.244+0000][gc,task     ] GC(1226) Using 8 workers of 8 for evacuation
[2026-01-16T09:51:57.328+0000][gc,phases   ] GC(1226)   Pre Evacuate Collection Set: 4.8ms
[2026-01-16T09:51:57.330+0000][gc,phases   ] GC(1226)   Merge Heap Roots: 0.9ms
[2026-01-16T09:51:57.331+0000][gc,phases   ] GC(1226)   Evacuate Collection Set: 72.8ms
[2026-01-16T09:51:57.331+0000][gc,phases   ] GC(1226)   Post Evacuate Collection Set: 1.8ms
[2026-01-16T09:51:57.332+0000][gc,phases   ] GC(1226)   Other: 3.4ms
[2026-01-16T09:51:57.332+0000][gc,heap     ] GC(1226) Eden regions: 48->0(47)
[2026-01-16T09:51:57.333+0000][gc,heap     ] GC(1226) Survivor regions: 3->4(7)
[2026-01-16T09:51:57.335+0000][gc,heap     ] GC(1226) Old regions: 195->195
[2026-01-16T09:51:57.338+0000][gc,heap     ] GC(1226) Humongous regions: 167->167
[2026-01-16T09:51:57.338+0000][gc,metaspace] GC(1226) Metaspace: 15718K(16064K)->15718K(16064K) NonClass: 13965K(14144K)->13965K(14144K) Class: 1753K(1920K)->1753K(1920K)
[2026-01-16T09:51:57.338+0000][gc          ] GC(1226) Pause Young (Normal) (G1 Evacuation Pause) 412M->364M(1024M) 95.302ms
[2026-01-16T09:51:57.339+0000][gc,cpu      ] GC(1226) User=0.07s Sys=0.00s Real=0.09s
[2026-01-16T09:51:57.990+0000][gc,start    ] GC(1227) Pause Young (Normal) (G1 Evacuation Pause)
[2026-01-16T09:51:57.990+0000][gc,task     ] GC(1227) Using 8 workers of 8 for evacuation
[2026-01-16T09:51:58.036+0000][gc,phases   ] GC(1227)   Pre Evacuate Collection Set: 0.5ms
[2026-01-16T09:51:58.037+0000][gc,phases   ] GC(1227)   Merge Heap Roots: 0.5ms
[2026-01-16T09:51:58.039+0000][gc,phases   ] GC(1227)   Evacuate Collection Set: 33.0ms
[2026-01-16T09:51:58.044+0000][gc,phases   ] GC(1227)   Post Evacuate Collection Set: 9.4ms
[2026-01-16T09:51:58.045+0000][gc,phases   ] GC(1227)   Other: 2.2ms
[2026-01-16T09:51:58.046+0000][gc,heap     ] GC(1227) Eden regions: 47->0(47)
[2026-01-16T09:51:58.046+0000][gc,heap     ] GC(1227) Survivor regions: 4->4(7)
[2026-01-16T09:51:58.046+0000][gc,heap     ] GC(1227) Old regions: 195->195
[2026-01-16T09:51:58.047+0000][gc,heap     ] GC(1227) Humongous regions: 167->167
[2026-01-16T09:51:58.047+0000][gc,metaspace] GC(1227) Metaspace: 15718K(16064K)->15718K(16064K) NonClass: 13965K(14144K)->13965K(14144K) Class: 1753K(1920K)->1753K(1920K)
[2026-01-16T09:51:58.054+0000][gc          ] GC(1227) Pause Young (Normal) (G1 Evacuation Pause) 411M->365M(1024M) 63.820ms
[2026-01-16T09:51:58.055+0000][gc,cpu      ] GC(1227) User=0.06s Sys=0.00s Real=0.07s
[2026-01-16T09:52:04.730+0000][gc,start    ] GC(1228) Pause Young (Normal) (G1 Evacuation Pause)
[2026-01-16T09:52:04.739+0000][gc,task     ] GC(1228) Using 8 workers of 8 for evacuation
[2026-01-16T09:52:04.983+0000][gc,mmu      ] GC(1228) MMU target violated: 201.0ms (200.0ms/201.0ms)
[2026-01-16T09:52:04.984+0000][gc,phases   ] GC(1228)   Pre Evacuate Collection Set: 29.7ms
[2026-01-16T09:52:04.985+0000][gc,phases   ] GC(1228)   Merge Heap Roots: 10.6ms
[2026-01-16T09:52:04.987+0000][gc,phases   ] GC(1228)   Evacuate Collection Set: 180.7ms
[2026-01-16T09:52:04.991+0000][gc,phases   ] GC(1228)   Post Evacuate Collection Set: 21.1ms
[2026-01-16T09:52:04.992+0000][gc,phases   ] GC(1228)   Other: 9.3ms
[2026-01-16T09:52:04.993+0000][gc,heap     ] GC(1228) Eden regions: 47->0(48)
[2026-01-16T09:52:04.993+0000][gc,heap     ] GC(1228) Survivor regions: 4->3(7)
[2026-01-16T09:52:04.993+0000][gc,heap     ] GC(1228) Old regions: 195->195
[2026-01-16T09:52:04.994+0000][gc,heap     ] GC(1228) Humongous regions: 167->167
[2026-01-16T09:52:04.995+0000][gc,metaspace] GC(1228) Metaspace: 15718K(16064K)->15718K(16064K) NonClass: 13965K(14144K)->13965K(14144K) Class: 1753K(1920K)->1753K(1920K)
[2026-01-16T09:52:05.004+0000][gc          ] GC(1228) Pause Young (Normal) (G1 Evacuation Pause) 412M->364M(1024M) 273.484ms
[2026-01-16T09:52:05.005+0000][gc,cpu      ] GC(1228) User=0.27s Sys=0.01s Real=0.28s
[2026-01-16T09:52:05.784+0000][gc,start    ] GC(1229) Pause Young (Normal) (G1 Evacuation Pause)
[2026-01-16T09:52:05.785+0000][gc,task     ] GC(1229) Using 8 workers of 8 for evacuation
[2026-01-16T09:52:05.825+0000][gc,phases   ] GC(1229)   Pre Evacuate Collection Set: 0.7ms
[2026-01-16T09:52:05.826+0000][gc,phases   ] GC(1229)   Merge Heap Roots: 0.3ms
[2026-01-16T09:52:05.826+0000][gc,phases   ] GC(1229)   Evacuate Collection Set: 35.6ms
[2026-01-16T09:52:05.827+0000][gc,phases   ] GC(1229)   Post Evacuate Collection Set: 3.6ms
[2026-01-16T09:52:05.828+0000][gc,phases   ] GC(1229)   Other: 0.3ms
[2026-01-16T09:52:05.830+0000][gc,heap     ] GC(1229) Eden regions: 48->0(82)
[2026-01-16T09:52:05.832+0000][gc,heap     ] GC(1229) Survivor regions: 3->3(7)
[2026-01-16T09:52:05.833+0000][gc,heap     ] GC(1229) Old regions: 195->195
[2026-01-16T09:52:05.833+0000][gc,heap     ] GC(1229) Humongous regions: 167->167
[2026-01-16T09:52:05.834+0000][gc,metaspace] GC(1229) Metaspace: 15718K(16064K)->15718K(16064K) NonClass: 13965K(14144K)->13965K(14144K) Class: 1753K(1920K)->1753K(1920K)
[2026-01-16T09:52:05.834+0000][gc          ] GC(1229) Pause Young (Normal) (G1 Evacuation Pause) 412M->364M(1024M) 50.080ms
[2026-01-16T09:52:05.835+0000][gc,cpu      ] GC(1229) User=0.07s Sys=0.00s Real=0.05s
[2026-01-16T09:52:07.434+0000][gc,start    ] GC(1230) Pause Young (Normal) (G1 Evacuation Pause)
[2026-01-16T09:52:07.436+0000][gc,task     ] GC(1230) Using 8 workers of 8 for evacuation
[2026-01-16T09:52:07.559+0000][gc,phases   ] GC(1230)   Pre Evacuate Collection Set: 12.1ms
[2026-01-16T09:52:07.560+0000][gc,phases   ] GC(1230)   Merge Heap Roots: 2.4ms
[2026-01-16T09:52:07.560+0000][gc,phases   ] GC(1230)   Evacuate Collection Set: 97.5ms
[2026-01-16T09:52:07.561+0000][gc,phases   ] GC(1230)   Post Evacuate Collection Set: 10.2ms
[2026-01-16T09:52:07.561+0000][gc,phases   ] GC(1230)   Other: 0.9ms
[2026-01-16T09:52:07.561+0000][gc,heap     ] GC(1230) Eden regions: 84->0(52)
[2026-01-16T09:52:07.562+0000][gc,heap     ] GC(1230) Survivor regions: 3->4(11)
[2026-01-16T09:52:07.562+0000][gc,heap     ] GC(1230) Old regions: 195->195
[2026-01-16T09:52:07.562+0000][gc,heap     ] GC(1230) Humongous regions: 167->167
[2026-01-16T09:52:07.562+0000][gc,metaspace] GC(1230) Metaspace: 15718K(16064K)->15718K(16064K) NonClass: 13965K(14144K)->13965K(14144K) Class: 1753K(1920K)->1753K(1920K)
[2026-01-16T09:52:07.563+0000][gc          ] GC(1230) Pause Young (Normal) (G1 Evacuation Pause) 448M->365M(1024M) 129.406ms
[2026-01-16T09:52:07.564+0000][gc,cpu      ] GC(1230) User=0.18s Sys=0.01s Real=0.13s
[2026-01-16T09:52:14.025+0000][gc,start    ] GC(1231) Pause Young (Normal) (G1 Evacuation Pause)
[2026-01-16T09:52:14.028+0000][gc,task     ] GC(1231) Using 8 workers of 8 for evacuation
[2026-01-16T09:52:14.138+0000][gc,phases   ] GC(1231)   Pre Evacuate Collection Set: 19.6ms
[2026-01-16T09:52:14.139+0000][gc,phases   ] GC(1231)   Merge Heap Roots: 3.8ms
[2026-01-16T09:52:14.139+0000][gc,phases   ] GC(1231)   Evacuate Collection Set: 80.4ms
[2026-01-16T09:52:14.139+0000][gc,phases   ] GC(1231)   Post Evacuate Collection Set: 5.5ms
[2026-01-16T09:52:14.140+0000][gc,phases   ] GC(1231)   Other: 1.3ms
[2026-01-16T09:52:14.141+0000][gc,heap     ] GC(1231) Eden regions: 54->0(172)
[2026-01-16T09:52:14.141+0000][gc,heap     ] GC(1231) Survivor regions: 4->3(8)
[2026-01-16T09:52:14.141+0000][gc,heap     ] GC(1231) Old regions: 195->195
[2026-01-16T09:52:14.141+0000][gc,heap     ] GC(1231) Humongous regions: 167->167
[2026-01-16T09:52:14.141+0000][gc,metaspace] GC(1231) Metaspace: 15718K(16064K)->15718K(16064K) NonClass: 13965K(14144K)->13965K(14144K) Class: 1753K(1920K)->1753K(1920K)
[2026-01-16T09:52:14.141+0000][gc          ] GC(1231) Pause Young (Normal) (G1 Evacuation Pause) 419M->364M(1024M) 116.111ms
[2026-01-16T09:52:14.142+0000][gc,cpu      ] GC(1231) User=0.22s Sys=0.02s Real=0.12s
[2026-01-16T09:52:23.673+0000][gc,start    ] GC(1232) Pause Young (Normal) (G1 Evacuation Pause)
[2026-01-16T09:52:23.674+0000][gc,task     ] GC(1232) Using 8 workers of 8 for evacuation
[2026-01-16T09:52:23.862+0000][gc,phases   ] GC(1232)   Pre Evacuate Collection Set: 30.7ms
[2026-01-16T09:52:23.863+0000][gc,phases   ] GC(1232)   Merge Heap Roots: 1.8ms
[2026-01-16T09:52:23.863+0000][gc,phases   ] GC(1232)   Evacuate Collection Set: 135.2ms
[2026-01-16T09:52:23.863+0000][gc,phases   ] GC(1232)   Post Evacuate Collection Set: 18.2ms
[2026-01-16T09:52:23.863+0000][gc,phases   ] GC(1232)   Other: 1.9ms
[2026-01-16T09:52:23.863+0000][gc,heap     ] GC(1232) Eden regions: 166->0(186)
[2026-01-16T09:52:23.864+0000][gc,heap     ] GC(1232) Survivor regions: 3->3(22)
[2026-01-16T09:52:23.864+0000][gc,heap     ] GC(1232) Old regions: 195->195
[2026-01-16T09:52:23.864+0000][gc,heap     ] GC(1232) Humongous regions: 167->167
[2026-01-16T09:52:23.864+0000][gc,metaspace] GC(1232) Metaspace: 15718K(16064K)->15718K(16064K) NonClass: 13965K(14144K)->13965K(14144K) Class: 1753K(1920K)->1753K(1920K)
[2026-01-16T09:52:23.865+0000][gc          ] GC(1232) Pause Young (Normal) (G1 Evacuation Pause) 530M->364M(1024M) 191.972ms
[2026-01-16T09:52:23.865+0000][gc,cpu      ] GC(1232) User=0.30s Sys=0.01s Real=0.19s
[2026-01-16T09:52:33.916+0000][gc,start    ] GC(1233) Pause Young (Normal) (G1 Evacuation Pause)
[2026-01-16T09:52:33.919+0000][gc,task     ] GC(1233) Using 8 workers of 8 for evacuation
[2026-01-16T09:52:34.012+0000][gc,phases   ] GC(1233)   Pre Evacuate Collection Set: 6.2ms
[2026-01-16T09:52:34.013+0000][gc,phases   ] GC(1233)   Merge Heap Roots: 1.1ms
[2026-01-16T09:52:34.013+0000][gc,phases   ] GC(1233)   Evacuate Collection Set: 74.6ms
[2026-01-16T09:52:34.013+0000][gc,phases   ] GC(1233)   Post Evacuate Collection Set: 10.0ms
[2026-01-16T09:52:34.013+0000][gc,phases   ] GC(1233)   Other: 1.4ms
[2026-01-16T09:52:34.013+0000][gc,heap     ] GC(1233) Eden regions: 192->0(267)
[2026-01-16T09:52:34.013+0000][gc,heap     ] GC(1233) Survivor regions: 3->3(25)
[2026-01-16T09:52:34.014+0000][gc,heap     ] GC(1233) Old regions: 195->195
[2026-01-16T09:52:34.014+0000][gc,heap     ] GC(1233) Humongous regions: 167->167
[2026-01-16T09:52:34.014+0000][gc,metaspace] GC(1233) Metaspace: 15718K(16064K)->15718K(16064K) NonClass: 13965K(14144K)->13965K(14144K) Class: 1753K(1920K)->1753K(1920K)
[2026-01-16T09:52:34.014+0000][gc          ] GC(1233) Pause Young (Normal) (G1 Evacuation Pause) 556M->364M(1024M) 98.112ms
[2026-01-16T09:52:34.014+0000][gc,cpu      ] GC(1233) User=0.28s Sys=0.02s Real=0.10s
[2026-01-16T09:52:45.419+0000][gc,start    ] GC(1234) Pause Young (Normal) (G1 Evacuation Pause)
[2026-01-16T09:52:45.420+0000][gc,task     ] GC(1234) Using 8 workers of 8 for evacuation
[2026-01-16T09:52:45.580+0000][gc,phases   ] GC(1234)   Pre Evacuate Collection Set: 15.7ms
[2026-01-16T09:52:45.581+0000][gc,phases   ] GC(1234)   Merge Heap Roots: 8.6ms
[2026-01-16T09:52:45.581+0000][gc,phases   ] GC(1234)   Evacuate Collection Set: 119.0ms
[2026-01-16T09:52:45.581+0000][gc,phases   ] GC(1234)   Post Evacuate Collection Set: 11.1ms
[2026-01-16T09:52:45.581+0000][gc,phases   ] GC(1234)   Other: 5.4ms
[2026-01-16T09:52:45.582+0000][gc,heap     ] GC(1234) Eden regions: 253->0(169)
[2026-01-16T09:52:45.582+0000][gc,heap     ] GC(1234) Survivor regions: 3->5(32)
[2026-01-16T09:52:45.582+0000][gc,heap     ] GC(1234) Old regions: 195->196
[2026-01-16T09:52:45.582+0000][gc,heap     ] GC(1234) Humongous regions: 167->167
[2026-01-16T09:52:45.582+0000][gc,metaspace] GC(1234) Metaspace: 15718K(16064K)->15718K(16064K) NonClass: 13965K(14144K)->13965K(14144K) Class: 1753K(1920K)->1753K(1920K)
[2026-01-16T09:52:45.583+0000][gc          ] GC(1234) Pause Young (Normal) (G1 Evacuation Pause) 617M->366M(1024M) 163.894ms
[2026-01-16T09:52:45.583+0000][gc,cpu      ] GC(1234) User=0.32s Sys=0.02s Real=0.17s
[2026-01-16T09:52:55.074+0000][gc,start    ] GC(1235) Pause Young (Normal) (G1 Evacuation Pause)
[2026-01-16T09:52:55.083+0000][gc,task     ] GC(1235) Using 8 workers of 8 for evacuation
[2026-01-16T09:52:55.269+0000][gc,phases   ] GC(1235)   Pre Evacuate Collection Set: 32.6ms
[2026-01-16T09:52:55.270+0000][gc,phases   ] GC(1235)   Merge Heap Roots: 2.5ms
[2026-01-16T09:52:55.270+0000][gc,phases   ] GC(1235)   Evacuate Collection Set: 120.1ms
[2026-01-16T09:52:55.271+0000][gc,phases   ] GC(1235)   Post Evacuate Collection Set: 26.4ms
[2026-01-16T09:52:55.271+0000][gc,phases   ] GC(1235)   Other: 6.0ms
[2026-01-16T09:52:55.271+0000][gc,heap     ] GC(1235) Eden regions: 163->0(164)
[2026-01-16T09:52:55.273+0000][gc,heap     ] GC(1235) Survivor regions: 5->5(21)
[2026-01-16T09:52:55.273+0000][gc,heap     ] GC(1235) Old regions: 196->196
[2026-01-16T09:52:55.273+0000][gc,heap     ] GC(1235) Humongous regions: 167->167
[2026-01-16T09:52:55.274+0000][gc,metaspace] GC(1235) Metaspace: 15718K(16064K)->15718K(16064K) NonClass: 13965K(14144K)->13965K(14144K) Class: 1753K(1920K)->1753K(1920K)
[2026-01-16T09:52:55.275+0000][gc          ] GC(1235) Pause Young (Normal) (G1 Evacuation Pause) 529M->366M(1024M) 201.504ms
[2026-01-16T09:52:55.276+0000][gc,cpu      ] GC(1235) User=0.32s Sys=0.03s Real=0.20s
[2026-01-16T09:53:09.460+0000][gc,start    ] GC(1236) Pause Young (Normal) (G1 Evacuation Pause)
[2026-01-16T09:53:09.464+0000][gc,task     ] GC(1236) Using 8 workers of 8 for evacuation
[2026-01-16T09:53:10.122+0000][gc,mmu      ] GC(1236) MMU target violated: 201.0ms (200.0ms/201.0ms)
[2026-01-16T09:53:10.126+0000][gc,phases   ] GC(1236)   Pre Evacuate Collection Set: 23.6ms
[2026-01-16T09:53:10.129+0000][gc,phases   ] GC(1236)   Merge Heap Roots: 4.4ms
[2026-01-16T09:53:10.130+0000][gc,phases   ] GC(1236)   Evacuate Collection Set: 545.7ms
[2026-01-16T09:53:10.131+0000][gc,phases   ] GC(1236)   Post Evacuate Collection Set: 80.8ms
[2026-01-16T09:53:10.131+0000][gc,phases   ] GC(1236)   Other: 10.0ms
[2026-01-16T09:53:10.131+0000][gc,heap     ] GC(1236) Eden regions: 186->0(46)
[2026-01-16T09:53:10.132+0000][gc,heap     ] GC(1236) Survivor regions: 5->5(24)
[2026-01-16T09:53:10.133+0000][gc,heap     ] GC(1236) Old regions: 196->196
[2026-01-16T09:53:10.133+0000][gc,heap     ] GC(1236) Humongous regions: 167->167
[2026-01-16T09:53:10.134+0000][gc,metaspace] GC(1236) Metaspace: 15718K(16064K)->15718K(16064K) NonClass: 13965K(14144K)->13965K(14144K) Class: 1753K(1920K)->1753K(1920K)
[2026-01-16T09:53:10.135+0000][gc          ] GC(1236) Pause Young (Normal) (G1 Evacuation Pause) 552M->366M(1024M) 675.765ms
[2026-01-16T09:53:10.137+0000][gc,cpu      ] GC(1236) User=0.49s Sys=0.08s Real=0.68s
[2026-01-16T09:53:12.364+0000][gc,start    ] GC(1237) Pause Young (Normal) (G1 Evacuation Pause)
[2026-01-16T09:53:12.366+0000][gc,task     ] GC(1237) Using 8 workers of 8 for evacuation
[2026-01-16T09:53:12.574+0000][gc,mmu      ] GC(1237) MMU target violated: 201.0ms (200.0ms/201.0ms)
[2026-01-16T09:53:12.576+0000][gc,phases   ] GC(1237)   Pre Evacuate Collection Set: 26.8ms
[2026-01-16T09:53:12.576+0000][gc,phases   ] GC(1237)   Merge Heap Roots: 5.8ms
[2026-01-16T09:53:12.576+0000][gc,phases   ] GC(1237)   Evacuate Collection Set: 137.4ms
[2026-01-16T09:53:12.577+0000][gc,phases   ] GC(1237)   Post Evacuate Collection Set: 37.3ms
[2026-01-16T09:53:12.577+0000][gc,phases   ] GC(1237)   Other: 2.9ms
[2026-01-16T09:53:12.577+0000][gc,heap     ] GC(1237) Eden regions: 46->0(46)
[2026-01-16T09:53:12.578+0000][gc,heap     ] GC(1237) Survivor regions: 5->5(7)
[2026-01-16T09:53:12.579+0000][gc,heap     ] GC(1237) Old regions: 196->196
[2026-01-16T09:53:12.579+0000][gc,heap     ] GC(1237) Humongous regions: 167->167
[2026-01-16T09:53:12.579+0000][gc,metaspace] GC(1237) Metaspace: 15718K(16064K)->15718K(16064K) NonClass: 13965K(14144K)->13965K(14144K) Class: 1753K(1920K)->1753K(1920K)
[2026-01-16T09:53:12.580+0000][gc          ] GC(1237) Pause Young (Normal) (G1 Evacuation Pause) 412M->367M(1024M) 215.470ms
[2026-01-16T09:53:12.580+0000][gc,cpu      ] GC(1237) User=0.21s Sys=0.02s Real=0.22s
[2026-01-16T09:53:13.454+0000][gc,start    ] GC(1238) Pause Young (Normal) (G1 Evacuation Pause)
[2026-01-16T09:53:13.454+0000][gc,task     ] GC(1238) Using 8 workers of 8 for evacuation
[2026-01-16T09:53:13.552+0000][gc,phases   ] GC(1238)   Pre Evacuate Collection Set: 10.4ms
[2026-01-16T09:53:13.553+0000][gc,phases   ] GC(1238)   Merge Heap Roots: 0.9ms
[2026-01-16T09:53:13.554+0000][gc,phases   ] GC(1238)   Evacuate Collection Set: 77.8ms
[2026-01-16T09:53:13.554+0000][gc,phases   ] GC(1238)   Post Evacuate Collection Set: 7.9ms
[2026-01-16T09:53:13.555+0000][gc,phases   ] GC(1238)   Other: 0.9ms
[2026-01-16T09:53:13.555+0000][gc,heap     ] GC(1238) Eden regions: 46->0(46)
[2026-01-16T09:53:13.557+0000][gc,heap     ] GC(1238) Survivor regions: 5->5(7)
[2026-01-16T09:53:13.557+0000][gc,heap     ] GC(1238) Old regions: 196->197
[2026-01-16T09:53:13.558+0000][gc,heap     ] GC(1238) Humongous regions: 167->167
[2026-01-16T09:53:13.558+0000][gc,metaspace] GC(1238) Metaspace: 15718K(16064K)->15718K(16064K) NonClass: 13965K(14144K)->13965K(14144K) Class: 1753K(1920K)->1753K(1920K)
[2026-01-16T09:53:13.559+0000][gc          ] GC(1238) Pause Young (Normal) (G1 Evacuation Pause) 413M->368M(1024M) 104.822ms
[2026-01-16T09:53:13.560+0000][gc,cpu      ] GC(1238) User=0.13s Sys=0.01s Real=0.10s
[2026-01-16T09:53:14.034+0000][gc,start    ] GC(1239) Pause Young (Normal) (G1 Evacuation Pause)
[2026-01-16T09:53:14.034+0000][gc,task     ] GC(1239) Using 8 workers of 8 for evacuation
[2026-01-16T09:53:14.127+0000][gc,phases   ] GC(1239)   Pre Evacuate Collection Set: 5.4ms
[2026-01-16T09:53:14.128+0000][gc,phases   ] GC(1239)   Merge Heap Roots: 1.2ms
[2026-01-16T09:53:14.128+0000][gc,phases   ] GC(1239)   Evacuate Collection Set: 78.3ms
[2026-01-16T09:53:14.129+0000][gc,phases   ] GC(1239)   Post Evacuate Collection Set: 7.4ms
[2026-01-16T09:53:14.130+0000][gc,phases   ] GC(1239)   Other: 0.6ms
[2026-01-16T09:53:14.130+0000][gc,heap     ] GC(1239) Eden regions: 46->0(73)
[2026-01-16T09:53:14.130+0000][gc,heap     ] GC(1239) Survivor regions: 5->3(7)
[2026-01-16T09:53:14.130+0000][gc,heap     ] GC(1239) Old regions: 197->198
[2026-01-16T09:53:14.131+0000][gc,heap     ] GC(1239) Humongous regions: 167->167
[2026-01-16T09:53:14.131+0000][gc,metaspace] GC(1239) Metaspace: 15718K(16064K)->15718K(16064K) NonClass: 13965K(14144K)->13965K(14144K) Class: 1753K(1920K)->1753K(1920K)
[2026-01-16T09:53:14.132+0000][gc          ] GC(1239) Pause Young (Normal) (G1 Evacuation Pause) 414M->366M(1024M) 98.115ms
[2026-01-16T09:53:14.132+0000][gc,cpu      ] GC(1239) User=0.09s Sys=0.00s Real=0.10s
[2026-01-16T09:53:15.688+0000][gc,start    ] GC(1240) Pause Young (Normal) (G1 Evacuation Pause)
[2026-01-16T09:53:15.690+0000][gc,task     ] GC(1240) Using 8 workers of 8 for evacuation
[2026-01-16T09:53:15.821+0000][gc,phases   ] GC(1240)   Pre Evacuate Collection Set: 14.4ms
[2026-01-16T09:53:15.823+0000][gc,phases   ] GC(1240)   Merge Heap Roots: 1.9ms
[2026-01-16T09:53:15.823+0000][gc,phases   ] GC(1240)   Evacuate Collection Set: 91.1ms
[2026-01-16T09:53:15.823+0000][gc,phases   ] GC(1240)   Post Evacuate Collection Set: 22.4ms
[2026-01-16T09:53:15.824+0000][gc,phases   ] GC(1240)   Other: 0.9ms
[2026-01-16T09:53:15.824+0000][gc,heap     ] GC(1240) Eden regions: 86->0(61)
[2026-01-16T09:53:15.825+0000][gc,heap     ] GC(1240) Survivor regions: 3->4(12)
[2026-01-16T09:53:15.826+0000][gc,heap     ] GC(1240) Old regions: 198->198
[2026-01-16T09:53:15.826+0000][gc,heap     ] GC(1240) Humongous regions: 167->167
[2026-01-16T09:53:15.826+0000][gc,metaspace] GC(1240) Metaspace: 15718K(16064K)->15718K(16064K) NonClass: 13965K(14144K)->13965K(14144K) Class: 1753K(1920K)->1753K(1920K)
[2026-01-16T09:53:15.829+0000][gc          ] GC(1240) Pause Young (Normal) (G1 Evacuation Pause) 452M->367M(1024M) 140.514ms
[2026-01-16T09:53:15.830+0000][gc,cpu      ] GC(1240) User=0.14s Sys=0.01s Real=0.15s
[2026-01-16T09:53:23.355+0000][gc,start    ] GC(1241) Pause Young (Normal) (G1 Evacuation Pause)
[2026-01-16T09:53:23.364+0000][gc,task     ] GC(1241) Using 8 workers of 8 for evacuation
[2026-01-16T09:53:23.494+0000][gc,phases   ] GC(1241)   Pre Evacuate Collection Set: 20.3ms
[2026-01-16T09:53:23.495+0000][gc,phases   ] GC(1241)   Merge Heap Roots: 2.3ms
[2026-01-16T09:53:23.495+0000][gc,phases   ] GC(1241)   Evacuate Collection Set: 92.1ms
[2026-01-16T09:53:23.497+0000][gc,phases   ] GC(1241)   Post Evacuate Collection Set: 14.2ms
[2026-01-16T09:53:23.497+0000][gc,phases   ] GC(1241)   Other: 1.2ms
[2026-01-16T09:53:23.499+0000][gc,heap     ] GC(1241) Eden regions: 76->0(146)
[2026-01-16T09:53:23.501+0000][gc,heap     ] GC(1241) Survivor regions: 4->3(10)
[2026-01-16T09:53:23.502+0000][gc,heap     ] GC(1241) Old regions: 198->198
[2026-01-16T09:53:23.502+0000][gc,heap     ] GC(1241) Humongous regions: 167->167
[2026-01-16T09:53:23.502+0000][gc,metaspace] GC(1241) Metaspace: 15722K(16064K)->15722K(16064K) NonClass: 13968K(14144K)->13968K(14144K) Class: 1753K(1920K)->1753K(1920K)
[2026-01-16T09:53:23.502+0000][gc          ] GC(1241) Pause Young (Normal) (G1 Evacuation Pause) 443M->366M(1024M) 147.360ms
[2026-01-16T09:53:23.504+0000][gc,cpu      ] GC(1241) User=0.18s Sys=0.02s Real=0.15s
[2026-01-16T09:53:32.883+0000][gc,start    ] GC(1242) Pause Young (Normal) (G1 Evacuation Pause)
[2026-01-16T09:53:32.885+0000][gc,task     ] GC(1242) Using 8 workers of 8 for evacuation
[2026-01-16T09:53:33.066+0000][gc,phases   ] GC(1242)   Pre Evacuate Collection Set: 27.2ms
[2026-01-16T09:53:33.067+0000][gc,phases   ] GC(1242)   Merge Heap Roots: 1.1ms
[2026-01-16T09:53:33.067+0000][gc,phases   ] GC(1242)   Evacuate Collection Set: 118.4ms
[2026-01-16T09:53:33.067+0000][gc,phases   ] GC(1242)   Post Evacuate Collection Set: 32.8ms
[2026-01-16T09:53:33.067+0000][gc,phases   ] GC(1242)   Other: 1.7ms
[2026-01-16T09:53:33.068+0000][gc,heap     ] GC(1242) Eden regions: 151->0(179)
[2026-01-16T09:53:33.068+0000][gc,heap     ] GC(1242) Survivor regions: 3->2(20)
[2026-01-16T09:53:33.068+0000][gc,heap     ] GC(1242) Old regions: 198->198
[2026-01-16T09:53:33.068+0000][gc,heap     ] GC(1242) Humongous regions: 167->167
[2026-01-16T09:53:33.068+0000][gc,metaspace] GC(1242) Metaspace: 15732K(16128K)->15732K(16128K) NonClass: 13978K(14208K)->13978K(14208K) Class: 1753K(1920K)->1753K(1920K)
[2026-01-16T09:53:33.069+0000][gc          ] GC(1242) Pause Young (Normal) (G1 Evacuation Pause) 517M->366M(1024M) 185.382ms
[2026-01-16T09:53:33.069+0000][gc,cpu      ] GC(1242) User=0.41s Sys=0.04s Real=0.18s
[2026-01-16T09:53:43.964+0000][gc,start    ] GC(1243) Pause Young (Normal) (G1 Evacuation Pause)
[2026-01-16T09:53:43.965+0000][gc,task     ] GC(1243) Using 8 workers of 8 for evacuation
[2026-01-16T09:53:44.089+0000][gc,phases   ] GC(1243)   Pre Evacuate Collection Set: 12.9ms
[2026-01-16T09:53:44.090+0000][gc,phases   ] GC(1243)   Merge Heap Roots: 3.1ms
[2026-01-16T09:53:44.092+0000][gc,phases   ] GC(1243)   Evacuate Collection Set: 87.7ms
[2026-01-16T09:53:44.093+0000][gc,phases   ] GC(1243)   Post Evacuate Collection Set: 18.2ms
[2026-01-16T09:53:44.094+0000][gc,phases   ] GC(1243)   Other: 1.7ms
[2026-01-16T09:53:44.094+0000][gc,heap     ] GC(1243) Eden regions: 212->0(194)
[2026-01-16T09:53:44.094+0000][gc,heap     ] GC(1243) Survivor regions: 2->3(27)
[2026-01-16T09:53:44.095+0000][gc,heap     ] GC(1243) Old regions: 198->198
[2026-01-16T09:53:44.095+0000][gc,heap     ] GC(1243) Humongous regions: 167->167
[2026-01-16T09:53:44.095+0000][gc,metaspace] GC(1243) Metaspace: 15732K(16128K)->15732K(16128K) NonClass: 13978K(14208K)->13978K(14208K) Class: 1753K(1920K)->1753K(1920K)
[2026-01-16T09:53:44.095+0000][gc          ] GC(1243) Pause Young (Normal) (G1 Evacuation Pause) 578M->366M(1024M) 130.696ms
[2026-01-16T09:53:44.095+0000][gc,cpu      ] GC(1243) User=0.26s Sys=0.01s Real=0.13s
[2026-01-16T09:53:53.169+0000][gc,start    ] GC(1244) Pause Young (Normal) (G1 Evacuation Pause)
[2026-01-16T09:53:53.172+0000][gc,task     ] GC(1244) Using 8 workers of 8 for evacuation
[2026-01-16T09:53:53.220+0000][gc,phases   ] GC(1244)   Pre Evacuate Collection Set: 12.4ms
[2026-01-16T09:53:53.220+0000][gc,phases   ] GC(1244)   Merge Heap Roots: 1.7ms
[2026-01-16T09:53:53.220+0000][gc,phases   ] GC(1244)   Evacuate Collection Set: 23.7ms
[2026-01-16T09:53:53.220+0000][gc,phases   ] GC(1244)   Post Evacuate Collection Set: 9.4ms
[2026-01-16T09:53:53.220+0000][gc,phases   ] GC(1244)   Other: 1.6ms
[2026-01-16T09:53:53.220+0000][gc,heap     ] GC(1244) Eden regions: 193->0(262)
[2026-01-16T09:53:53.220+0000][gc,heap     ] GC(1244) Survivor regions: 3->4(25)
[2026-01-16T09:53:53.221+0000][gc,heap     ] GC(1244) Old regions: 198->198
[2026-01-16T09:53:53.221+0000][gc,heap     ] GC(1244) Humongous regions: 167->167
[2026-01-16T09:53:53.221+0000][gc,metaspace] GC(1244) Metaspace: 15732K(16128K)->15732K(16128K) NonClass: 13978K(14208K)->13978K(14208K) Class: 1753K(1920K)->1753K(1920K)
[2026-01-16T09:53:53.221+0000][gc          ] GC(1244) Pause Young (Normal) (G1 Evacuation Pause) 559M->367M(1024M) 52.128ms
[2026-01-16T09:53:53.221+0000][gc,cpu      ] GC(1244) User=0.17s Sys=0.02s Real=0.05s
[2026-01-16T09:54:04.531+0000][gc,start    ] GC(1245) Pause Young (Normal) (G1 Evacuation Pause)
[2026-01-16T09:54:04.537+0000][gc,task     ] GC(1245) Using 8 workers of 8 for evacuation
[2026-01-16T09:54:04.620+0000][gc,phases   ] GC(1245)   Pre Evacuate Collection Set: 17.2ms
[2026-01-16T09:54:04.621+0000][gc,phases   ] GC(1245)   Merge Heap Roots: 4.5ms
[2026-01-16T09:54:04.621+0000][gc,phases   ] GC(1245)   Evacuate Collection Set: 54.1ms
[2026-01-16T09:54:04.621+0000][gc,phases   ] GC(1245)   Post Evacuate Collection Set: 6.5ms
[2026-01-16T09:54:04.621+0000][gc,phases   ] GC(1245)   Other: 2.7ms
[2026-01-16T09:54:04.621+0000][gc,heap     ] GC(1245) Eden regions: 257->0(357)
[2026-01-16T09:54:04.622+0000][gc,heap     ] GC(1245) Survivor regions: 4->4(33)
[2026-01-16T09:54:04.622+0000][gc,heap     ] GC(1245) Old regions: 198->198
[2026-01-16T09:54:04.622+0000][gc,heap     ] GC(1245) Humongous regions: 167->167
[2026-01-16T09:54:04.622+0000][gc,metaspace] GC(1245) Metaspace: 15732K(16128K)->15732K(16128K) NonClass: 13978K(14208K)->13978K(14208K) Class: 1753K(1920K)->1753K(1920K)
[2026-01-16T09:54:04.622+0000][gc          ] GC(1245) Pause Young (Normal) (G1 Evacuation Pause) 624M->367M(1024M) 90.933ms
[2026-01-16T09:54:04.622+0000][gc,cpu      ] GC(1245) User=0.28s Sys=0.02s Real=0.10s
[2026-01-16T09:54:32.188+0000][gc,start    ] GC(1246) Pause Young (Normal) (G1 Evacuation Pause)
[2026-01-16T09:54:32.193+0000][gc,task     ] GC(1246) Using 8 workers of 8 for evacuation
[2026-01-16T09:54:33.487+0000][gc,mmu      ] GC(1246) MMU target violated: 201.0ms (200.0ms/201.0ms)
[2026-01-16T09:54:33.488+0000][gc,phases   ] GC(1246)   Pre Evacuate Collection Set: 66.1ms
[2026-01-16T09:54:33.488+0000][gc,phases   ] GC(1246)   Merge Heap Roots: 48.7ms
[2026-01-16T09:54:33.489+0000][gc,phases   ] GC(1246)   Evacuate Collection Set: 980.2ms
[2026-01-16T09:54:33.493+0000][gc,phases   ] GC(1246)   Post Evacuate Collection Set: 181.9ms
[2026-01-16T09:54:33.494+0000][gc,phases   ] GC(1246)   Other: 20.0ms
[2026-01-16T09:54:33.497+0000][gc,heap     ] GC(1246) Eden regions: 346->0(47)
[2026-01-16T09:54:33.497+0000][gc,heap     ] GC(1246) Survivor regions: 4->4(44)
[2026-01-16T09:54:33.498+0000][gc,heap     ] GC(1246) Old regions: 198->198
[2026-01-16T09:54:33.498+0000][gc,heap     ] GC(1246) Humongous regions: 167->167
[2026-01-16T09:54:33.500+0000][gc,metaspace] GC(1246) Metaspace: 15732K(16128K)->15732K(16128K) NonClass: 13978K(14208K)->13978K(14208K) Class: 1753K(1920K)->1753K(1920K)
[2026-01-16T09:54:33.511+0000][gc          ] GC(1246) Pause Young (Normal) (G1 Evacuation Pause) 713M->367M(1024M) 1323.259ms
[2026-01-16T09:54:33.511+0000][gc,cpu      ] GC(1246) User=1.24s Sys=0.08s Real=1.32s
[2026-01-16T09:54:35.676+0000][gc,start    ] GC(1247) Pause Young (Normal) (G1 Evacuation Pause)
[2026-01-16T09:54:35.678+0000][gc,task     ] GC(1247) Using 8 workers of 8 for evacuation
[2026-01-16T09:54:35.892+0000][gc,mmu      ] GC(1247) MMU target violated: 201.0ms (200.0ms/201.0ms)
[2026-01-16T09:54:35.892+0000][gc,phases   ] GC(1247)   Pre Evacuate Collection Set: 8.3ms
[2026-01-16T09:54:35.893+0000][gc,phases   ] GC(1247)   Merge Heap Roots: 1.4ms
[2026-01-16T09:54:35.893+0000][gc,phases   ] GC(1247)   Evacuate Collection Set: 179.9ms
[2026-01-16T09:54:35.893+0000][gc,phases   ] GC(1247)   Post Evacuate Collection Set: 23.2ms
[2026-01-16T09:54:35.893+0000][gc,phases   ] GC(1247)   Other: 1.4ms
[2026-01-16T09:54:35.894+0000][gc,heap     ] GC(1247) Eden regions: 47->0(46)
[2026-01-16T09:54:35.894+0000][gc,heap     ] GC(1247) Survivor regions: 4->5(7)
[2026-01-16T09:54:35.894+0000][gc,heap     ] GC(1247) Old regions: 198->198
[2026-01-16T09:54:35.895+0000][gc,heap     ] GC(1247) Humongous regions: 167->167
[2026-01-16T09:54:35.896+0000][gc,metaspace] GC(1247) Metaspace: 15732K(16128K)->15732K(16128K) NonClass: 13978K(14208K)->13978K(14208K) Class: 1753K(1920K)->1753K(1920K)
[2026-01-16T09:54:35.897+0000][gc          ] GC(1247) Pause Young (Normal) (G1 Evacuation Pause) 414M->368M(1024M) 220.648ms
[2026-01-16T09:54:35.899+0000][gc,cpu      ] GC(1247) User=0.21s Sys=0.02s Real=0.22s
[2026-01-16T09:54:36.334+0000][gc,start    ] GC(1248) Pause Young (Normal) (G1 Evacuation Pause)
[2026-01-16T09:54:36.336+0000][gc,task     ] GC(1248) Using 8 workers of 8 for evacuation
[2026-01-16T09:54:36.507+0000][gc,phases   ] GC(1248)   Pre Evacuate Collection Set: 1.2ms
[2026-01-16T09:54:36.509+0000][gc,phases   ] GC(1248)   Merge Heap Roots: 0.3ms
[2026-01-16T09:54:36.512+0000][gc,phases   ] GC(1248)   Evacuate Collection Set: 167.1ms
[2026-01-16T09:54:36.514+0000][gc,phases   ] GC(1248)   Post Evacuate Collection Set: 1.9ms
[2026-01-16T09:54:36.514+0000][gc,phases   ] GC(1248)   Other: 1.2ms
[2026-01-16T09:54:36.515+0000][gc,heap     ] GC(1248) Eden regions: 46->0(46)
[2026-01-16T09:54:36.515+0000][gc,heap     ] GC(1248) Survivor regions: 5->5(7)
[2026-01-16T09:54:36.515+0000][gc,heap     ] GC(1248) Old regions: 198->198
[2026-01-16T09:54:36.516+0000][gc,heap     ] GC(1248) Humongous regions: 167->167
[2026-01-16T09:54:36.516+0000][gc,metaspace] GC(1248) Metaspace: 15732K(16128K)->15732K(16128K) NonClass: 13978K(14208K)->13978K(14208K) Class: 1753K(1920K)->1753K(1920K)
[2026-01-16T09:54:36.519+0000][gc          ] GC(1248) Pause Young (Normal) (G1 Evacuation Pause) 414M->369M(1024M) 184.754ms
[2026-01-16T09:54:36.519+0000][gc,cpu      ] GC(1248) User=0.16s Sys=0.02s Real=0.19s
[2026-01-16T09:54:37.261+0000][gc,start    ] GC(1249) Pause Young (Normal) (G1 Evacuation Pause)
[2026-01-16T09:54:37.263+0000][gc,task     ] GC(1249) Using 8 workers of 8 for evacuation
[2026-01-16T09:54:37.471+0000][gc,mmu      ] GC(1249) MMU target violated: 201.0ms (200.0ms/201.0ms)
[2026-01-16T09:54:37.472+0000][gc,phases   ] GC(1249)   Pre Evacuate Collection Set: 7.8ms
[2026-01-16T09:54:37.477+0000][gc,phases   ] GC(1249)   Merge Heap Roots: 0.3ms
[2026-01-16T09:54:37.481+0000][gc,phases   ] GC(1249)   Evacuate Collection Set: 186.3ms
[2026-01-16T09:54:37.485+0000][gc,phases   ] GC(1249)   Post Evacuate Collection Set: 13.0ms
[2026-01-16T09:54:37.487+0000][gc,phases   ] GC(1249)   Other: 1.8ms
[2026-01-16T09:54:37.488+0000][gc,heap     ] GC(1249) Eden regions: 46->0(49)
[2026-01-16T09:54:37.488+0000][gc,heap     ] GC(1249) Survivor regions: 5->2(7)
[2026-01-16T09:54:37.489+0000][gc,heap     ] GC(1249) Old regions: 198->200
[2026-01-16T09:54:37.489+0000][gc,heap     ] GC(1249) Humongous regions: 167->167
[2026-01-16T09:54:37.490+0000][gc,metaspace] GC(1249) Metaspace: 15732K(16128K)->15732K(16128K) NonClass: 13978K(14208K)->13978K(14208K) Class: 1753K(1920K)->1753K(1920K)
[2026-01-16T09:54:37.491+0000][gc          ] GC(1249) Pause Young (Normal) (G1 Evacuation Pause) 415M->367M(1024M) 229.224ms
[2026-01-16T09:54:37.491+0000][gc,cpu      ] GC(1249) User=0.13s Sys=0.01s Real=0.23s
[2026-01-16T09:54:37.942+0000][gc,start    ] GC(1250) Pause Young (Normal) (G1 Evacuation Pause)
[2026-01-16T09:54:37.943+0000][gc,task     ] GC(1250) Using 8 workers of 8 for evacuation
[2026-01-16T09:54:38.007+0000][gc,phases   ] GC(1250)   Pre Evacuate Collection Set: 0.9ms
[2026-01-16T09:54:38.007+0000][gc,phases   ] GC(1250)   Merge Heap Roots: 0.3ms
[2026-01-16T09:54:38.008+0000][gc,phases   ] GC(1250)   Evacuate Collection Set: 55.9ms
[2026-01-16T09:54:38.008+0000][gc,phases   ] GC(1250)   Post Evacuate Collection Set: 6.0ms
[2026-01-16T09:54:38.008+0000][gc,phases   ] GC(1250)   Other: 0.9ms
[2026-01-16T09:54:38.010+0000][gc,heap     ] GC(1250) Eden regions: 49->0(49)
[2026-01-16T09:54:38.011+0000][gc,heap     ] GC(1250) Survivor regions: 2->2(7)
[2026-01-16T09:54:38.012+0000][gc,heap     ] GC(1250) Old regions: 200->200
[2026-01-16T09:54:38.012+0000][gc,heap     ] GC(1250) Humongous regions: 167->167
[2026-01-16T09:54:38.013+0000][gc,metaspace] GC(1250) Metaspace: 15732K(16128K)->15732K(16128K) NonClass: 13978K(14208K)->13978K(14208K) Class: 1753K(1920K)->1753K(1920K)
[2026-01-16T09:54:38.015+0000][gc          ] GC(1250) Pause Young (Normal) (G1 Evacuation Pause) 416M->368M(1024M) 72.541ms
[2026-01-16T09:54:38.031+0000][gc,cpu      ] GC(1250) User=0.06s Sys=0.01s Real=0.09s
[2026-01-16T09:54:39.631+0000][gc,start    ] GC(1251) Pause Young (Normal) (G1 Evacuation Pause)
[2026-01-16T09:54:39.633+0000][gc,task     ] GC(1251) Using 8 workers of 8 for evacuation
[2026-01-16T09:54:39.776+0000][gc,phases   ] GC(1251)   Pre Evacuate Collection Set: 9.5ms
[2026-01-16T09:54:39.777+0000][gc,phases   ] GC(1251)   Merge Heap Roots: 0.4ms
[2026-01-16T09:54:39.777+0000][gc,phases   ] GC(1251)   Evacuate Collection Set: 116.3ms
[2026-01-16T09:54:39.777+0000][gc,phases   ] GC(1251)   Post Evacuate Collection Set: 16.3ms
[2026-01-16T09:54:39.779+0000][gc,phases   ] GC(1251)   Other: 1.0ms
[2026-01-16T09:54:39.779+0000][gc,heap     ] GC(1251) Eden regions: 65->0(48)
[2026-01-16T09:54:39.780+0000][gc,heap     ] GC(1251) Survivor regions: 2->3(9)
[2026-01-16T09:54:39.780+0000][gc,heap     ] GC(1251) Old regions: 200->200
[2026-01-16T09:54:39.780+0000][gc,heap     ] GC(1251) Humongous regions: 167->167
[2026-01-16T09:54:39.780+0000][gc,metaspace] GC(1251) Metaspace: 15732K(16128K)->15732K(16128K) NonClass: 13978K(14208K)->13978K(14208K) Class: 1753K(1920K)->1753K(1920K)
[2026-01-16T09:54:39.780+0000][gc          ] GC(1251) Pause Young (Normal) (G1 Evacuation Pause) 433M->368M(1024M) 149.582ms
[2026-01-16T09:54:39.780+0000][gc,cpu      ] GC(1251) User=0.14s Sys=0.01s Real=0.15s
[2026-01-16T09:54:44.462+0000][gc,start    ] GC(1252) Pause Young (Normal) (G1 Evacuation Pause)
[2026-01-16T09:54:44.463+0000][gc,task     ] GC(1252) Using 8 workers of 8 for evacuation
[2026-01-16T09:54:44.942+0000][gc,mmu      ] GC(1252) MMU target violated: 201.0ms (200.0ms/201.0ms)
[2026-01-16T09:54:44.942+0000][gc,phases   ] GC(1252)   Pre Evacuate Collection Set: 110.9ms
[2026-01-16T09:54:44.944+0000][gc,phases   ] GC(1252)   Merge Heap Roots: 12.1ms
[2026-01-16T09:54:44.946+0000][gc,phases   ] GC(1252)   Evacuate Collection Set: 291.3ms
[2026-01-16T09:54:44.948+0000][gc,phases   ] GC(1252)   Post Evacuate Collection Set: 47.1ms
[2026-01-16T09:54:44.950+0000][gc,phases   ] GC(1252)   Other: 17.4ms
[2026-01-16T09:54:44.951+0000][gc,heap     ] GC(1252) Eden regions: 48->0(49)
[2026-01-16T09:54:44.952+0000][gc,heap     ] GC(1252) Survivor regions: 3->2(7)
[2026-01-16T09:54:44.953+0000][gc,heap     ] GC(1252) Old regions: 200->200
[2026-01-16T09:54:44.954+0000][gc,heap     ] GC(1252) Humongous regions: 167->167
[2026-01-16T09:54:44.957+0000][gc,metaspace] GC(1252) Metaspace: 15732K(16128K)->15732K(16128K) NonClass: 13978K(14208K)->13978K(14208K) Class: 1753K(1920K)->1753K(1920K)
[2026-01-16T09:54:44.960+0000][gc          ] GC(1252) Pause Young (Normal) (G1 Evacuation Pause) 416M->367M(1024M) 498.314ms
[2026-01-16T09:54:44.962+0000][gc,cpu      ] GC(1252) User=0.26s Sys=0.02s Real=0.50s
[2026-01-16T09:54:46.111+0000][gc,start    ] GC(1253) Pause Young (Normal) (G1 Evacuation Pause)
[2026-01-16T09:54:46.114+0000][gc,task     ] GC(1253) Using 8 workers of 8 for evacuation
[2026-01-16T09:54:46.187+0000][gc,phases   ] GC(1253)   Pre Evacuate Collection Set: 9.9ms
[2026-01-16T09:54:46.189+0000][gc,phases   ] GC(1253)   Merge Heap Roots: 0.9ms
[2026-01-16T09:54:46.190+0000][gc,phases   ] GC(1253)   Evacuate Collection Set: 57.2ms
[2026-01-16T09:54:46.195+0000][gc,phases   ] GC(1253)   Post Evacuate Collection Set: 3.4ms
[2026-01-16T09:54:46.195+0000][gc,phases   ] GC(1253)   Other: 1.5ms
[2026-01-16T09:54:46.195+0000][gc,heap     ] GC(1253) Eden regions: 49->0(49)
[2026-01-16T09:54:46.196+0000][gc,heap     ] GC(1253) Survivor regions: 2->2(7)
[2026-01-16T09:54:46.197+0000][gc,heap     ] GC(1253) Old regions: 200->200
[2026-01-16T09:54:46.197+0000][gc,heap     ] GC(1253) Humongous regions: 167->167
[2026-01-16T09:54:46.197+0000][gc,metaspace] GC(1253) Metaspace: 15732K(16128K)->15732K(16128K) NonClass: 13978K(14208K)->13978K(14208K) Class: 1753K(1920K)->1753K(1920K)
[2026-01-16T09:54:46.198+0000][gc          ] GC(1253) Pause Young (Normal) (G1 Evacuation Pause) 416M->368M(1024M) 86.402ms
[2026-01-16T09:54:46.198+0000][gc,cpu      ] GC(1253) User=0.08s Sys=0.02s Real=0.09s
[2026-01-16T09:54:46.800+0000][gc,start    ] GC(1254) Pause Young (Normal) (G1 Evacuation Pause)
[2026-01-16T09:54:46.804+0000][gc,task     ] GC(1254) Using 8 workers of 8 for evacuation
[2026-01-16T09:54:47.184+0000][gc,mmu      ] GC(1254) MMU target violated: 201.0ms (200.0ms/201.0ms)
[2026-01-16T09:54:47.186+0000][gc,phases   ] GC(1254)   Pre Evacuate Collection Set: 5.5ms
[2026-01-16T09:54:47.187+0000][gc,phases   ] GC(1254)   Merge Heap Roots: 0.2ms
[2026-01-16T09:54:47.188+0000][gc,phases   ] GC(1254)   Evacuate Collection Set: 166.8ms
[2026-01-16T09:54:47.189+0000][gc,phases   ] GC(1254)   Post Evacuate Collection Set: 206.8ms
[2026-01-16T09:54:47.189+0000][gc,phases   ] GC(1254)   Other: 3.1ms
[2026-01-16T09:54:47.191+0000][gc,heap     ] GC(1254) Eden regions: 49->0(48)
[2026-01-16T09:54:47.194+0000][gc,heap     ] GC(1254) Survivor regions: 2->3(7)
[2026-01-16T09:54:47.203+0000][gc,heap     ] GC(1254) Old regions: 200->200
[2026-01-16T09:54:47.213+0000][gc,heap     ] GC(1254) Humongous regions: 167->167
[2026-01-16T09:54:47.221+0000][gc,metaspace] GC(1254) Metaspace: 15732K(16128K)->15732K(16128K) NonClass: 13978K(14208K)->13978K(14208K) Class: 1753K(1920K)->1753K(1920K)
[2026-01-16T09:54:47.222+0000][gc          ] GC(1254) Pause Young (Normal) (G1 Evacuation Pause) 417M->368M(1024M) 421.720ms
[2026-01-16T09:54:47.226+0000][gc,cpu      ] GC(1254) User=0.13s Sys=0.03s Real=0.43s
[2026-01-16T09:54:53.626+0000][gc,start    ] GC(1255) Pause Young (Normal) (G1 Evacuation Pause)
[2026-01-16T09:54:53.634+0000][gc,task     ] GC(1255) Using 8 workers of 8 for evacuation
[2026-01-16T09:54:53.911+0000][gc,mmu      ] GC(1255) MMU target violated: 201.0ms (200.0ms/201.0ms)
[2026-01-16T09:54:53.911+0000][gc,phases   ] GC(1255)   Pre Evacuate Collection Set: 50.7ms
[2026-01-16T09:54:53.913+0000][gc,phases   ] GC(1255)   Merge Heap Roots: 17.6ms
[2026-01-16T09:54:53.913+0000][gc,phases   ] GC(1255)   Evacuate Collection Set: 154.1ms
[2026-01-16T09:54:53.914+0000][gc,phases   ] GC(1255)   Post Evacuate Collection Set: 53.1ms
[2026-01-16T09:54:53.914+0000][gc,phases   ] GC(1255)   Other: 2.0ms
[2026-01-16T09:54:53.914+0000][gc,heap     ] GC(1255) Eden regions: 48->0(50)
[2026-01-16T09:54:53.916+0000][gc,heap     ] GC(1255) Survivor regions: 3->1(7)
[2026-01-16T09:54:53.918+0000][gc,heap     ] GC(1255) Old regions: 200->200
[2026-01-16T09:54:53.922+0000][gc,heap     ] GC(1255) Humongous regions: 167->167
[2026-01-16T09:54:53.924+0000][gc,metaspace] GC(1255) Metaspace: 15732K(16128K)->15732K(16128K) NonClass: 13978K(14208K)->13978K(14208K) Class: 1753K(1920K)->1753K(1920K)
[2026-01-16T09:54:53.931+0000][gc          ] GC(1255) Pause Young (Normal) (G1 Evacuation Pause) 416M->367M(1024M) 304.603ms
[2026-01-16T09:54:53.933+0000][gc,cpu      ] GC(1255) User=0.35s Sys=0.03s Real=0.30s
[2026-01-16T09:54:56.537+0000][gc,start    ] GC(1256) Pause Young (Normal) (G1 Evacuation Pause)
[2026-01-16T09:54:56.540+0000][gc,task     ] GC(1256) Using 8 workers of 8 for evacuation
[2026-01-16T09:54:56.808+0000][gc,mmu      ] GC(1256) MMU target violated: 201.0ms (200.0ms/201.0ms)
[2026-01-16T09:54:56.809+0000][gc,phases   ] GC(1256)   Pre Evacuate Collection Set: 18.4ms
[2026-01-16T09:54:56.809+0000][gc,phases   ] GC(1256)   Merge Heap Roots: 5.3ms
[2026-01-16T09:54:56.809+0000][gc,phases   ] GC(1256)   Evacuate Collection Set: 239.8ms
[2026-01-16T09:54:56.810+0000][gc,phases   ] GC(1256)   Post Evacuate Collection Set: 2.9ms
[2026-01-16T09:54:56.810+0000][gc,phases   ] GC(1256)   Other: 2.4ms
[2026-01-16T09:54:56.811+0000][gc,heap     ] GC(1256) Eden regions: 50->0(49)
[2026-01-16T09:54:56.811+0000][gc,heap     ] GC(1256) Survivor regions: 1->2(7)
[2026-01-16T09:54:56.811+0000][gc,heap     ] GC(1256) Old regions: 200->200
[2026-01-16T09:54:56.811+0000][gc,heap     ] GC(1256) Humongous regions: 167->167
[2026-01-16T09:54:56.813+0000][gc,metaspace] GC(1256) Metaspace: 15732K(16128K)->15732K(16128K) NonClass: 13978K(14208K)->13978K(14208K) Class: 1753K(1920K)->1753K(1920K)
[2026-01-16T09:54:56.813+0000][gc          ] GC(1256) Pause Young (Normal) (G1 Evacuation Pause) 417M->367M(1024M) 276.356ms
[2026-01-16T09:54:56.818+0000][gc,cpu      ] GC(1256) User=0.17s Sys=0.02s Real=0.28s
[2026-01-16T09:54:58.807+0000][gc,start    ] GC(1257) Pause Young (Normal) (G1 Evacuation Pause)
[2026-01-16T09:54:58.812+0000][gc,task     ] GC(1257) Using 8 workers of 8 for evacuation
[2026-01-16T09:54:59.193+0000][gc,mmu      ] GC(1257) MMU target violated: 201.0ms (200.0ms/201.0ms)
[2026-01-16T09:54:59.201+0000][gc,phases   ] GC(1257)   Pre Evacuate Collection Set: 33.1ms
[2026-01-16T09:54:59.201+0000][gc,phases   ] GC(1257)   Merge Heap Roots: 13.9ms
[2026-01-16T09:54:59.201+0000][gc,phases   ] GC(1257)   Evacuate Collection Set: 308.0ms
[2026-01-16T09:54:59.226+0000][gc,phases   ] GC(1257)   Post Evacuate Collection Set: 23.1ms
[2026-01-16T09:54:59.226+0000][gc,phases   ] GC(1257)   Other: 13.4ms
[2026-01-16T09:54:59.228+0000][gc,heap     ] GC(1257) Eden regions: 49->0(48)
[2026-01-16T09:54:59.228+0000][gc,heap     ] GC(1257) Survivor regions: 2->3(7)
[2026-01-16T09:54:59.228+0000][gc,heap     ] GC(1257) Old regions: 200->200
[2026-01-16T09:54:59.228+0000][gc,heap     ] GC(1257) Humongous regions: 167->167
[2026-01-16T09:54:59.228+0000][gc,metaspace] GC(1257) Metaspace: 15732K(16128K)->15732K(16128K) NonClass: 13978K(14208K)->13978K(14208K) Class: 1753K(1920K)->1753K(1920K)
[2026-01-16T09:54:59.228+0000][gc          ] GC(1257) Pause Young (Normal) (G1 Evacuation Pause) 416M->368M(1024M) 421.348ms
[2026-01-16T09:54:59.228+0000][gc,cpu      ] GC(1257) User=0.14s Sys=0.01s Real=0.42s
[2026-01-16T09:55:01.260+0000][gc,start    ] GC(1258) Pause Young (Normal) (G1 Evacuation Pause)
[2026-01-16T09:55:01.261+0000][gc,task     ] GC(1258) Using 8 workers of 8 for evacuation
[2026-01-16T09:55:01.632+0000][gc,mmu      ] GC(1258) MMU target violated: 201.0ms (200.0ms/201.0ms)
[2026-01-16T09:55:01.636+0000][gc,phases   ] GC(1258)   Pre Evacuate Collection Set: 84.9ms
[2026-01-16T09:55:01.636+0000][gc,phases   ] GC(1258)   Merge Heap Roots: 2.6ms
[2026-01-16T09:55:01.636+0000][gc,phases   ] GC(1258)   Evacuate Collection Set: 266.0ms
[2026-01-16T09:55:01.637+0000][gc,phases   ] GC(1258)   Post Evacuate Collection Set: 7.6ms
[2026-01-16T09:55:01.637+0000][gc,phases   ] GC(1258)   Other: 13.2ms
[2026-01-16T09:55:01.637+0000][gc,heap     ] GC(1258) Eden regions: 48->0(47)
[2026-01-16T09:55:01.637+0000][gc,heap     ] GC(1258) Survivor regions: 3->4(7)
[2026-01-16T09:55:01.638+0000][gc,heap     ] GC(1258) Old regions: 200->200
[2026-01-16T09:55:01.638+0000][gc,heap     ] GC(1258) Humongous regions: 167->167
[2026-01-16T09:55:01.638+0000][gc,metaspace] GC(1258) Metaspace: 15732K(16128K)->15732K(16128K) NonClass: 13978K(14208K)->13978K(14208K) Class: 1753K(1920K)->1753K(1920K)
[2026-01-16T09:55:01.638+0000][gc          ] GC(1258) Pause Young (Normal) (G1 Evacuation Pause) 416M->369M(1024M) 377.866ms
[2026-01-16T09:55:01.639+0000][gc,cpu      ] GC(1258) User=0.24s Sys=0.02s Real=0.38s
[2026-01-16T09:55:03.498+0000][gc,start    ] GC(1259) Pause Young (Normal) (G1 Evacuation Pause)
[2026-01-16T09:55:03.516+0000][gc,task     ] GC(1259) Using 8 workers of 8 for evacuation
[2026-01-16T09:55:03.783+0000][gc,mmu      ] GC(1259) MMU target violated: 201.0ms (200.0ms/201.0ms)
[2026-01-16T09:55:03.784+0000][gc,phases   ] GC(1259)   Pre Evacuate Collection Set: 19.6ms
[2026-01-16T09:55:03.785+0000][gc,phases   ] GC(1259)   Merge Heap Roots: 18.1ms
[2026-01-16T09:55:03.787+0000][gc,phases   ] GC(1259)   Evacuate Collection Set: 186.4ms
[2026-01-16T09:55:03.787+0000][gc,phases   ] GC(1259)   Post Evacuate Collection Set: 39.9ms
[2026-01-16T09:55:03.787+0000][gc,phases   ] GC(1259)   Other: 4.2ms
[2026-01-16T09:55:03.788+0000][gc,heap     ] GC(1259) Eden regions: 47->0(49)
[2026-01-16T09:55:03.789+0000][gc,heap     ] GC(1259) Survivor regions: 4->2(7)
[2026-01-16T09:55:03.789+0000][gc,heap     ] GC(1259) Old regions: 200->200
[2026-01-16T09:55:03.794+0000][gc,heap     ] GC(1259) Humongous regions: 167->167
[2026-01-16T09:55:03.798+0000][gc,metaspace] GC(1259) Metaspace: 15732K(16128K)->15732K(16128K) NonClass: 13978K(14208K)->13978K(14208K) Class: 1753K(1920K)->1753K(1920K)
[2026-01-16T09:55:03.798+0000][gc          ] GC(1259) Pause Young (Normal) (G1 Evacuation Pause) 416M->367M(1024M) 300.436ms
[2026-01-16T09:55:03.799+0000][gc,cpu      ] GC(1259) User=0.11s Sys=0.00s Real=0.30s
[2026-01-16T09:55:05.448+0000][gc,start    ] GC(1260) Pause Young (Normal) (G1 Evacuation Pause)
[2026-01-16T09:55:05.456+0000][gc,task     ] GC(1260) Using 8 workers of 8 for evacuation
[2026-01-16T09:55:05.605+0000][gc,phases   ] GC(1260)   Pre Evacuate Collection Set: 13.5ms
[2026-01-16T09:55:05.608+0000][gc,phases   ] GC(1260)   Merge Heap Roots: 1.3ms
[2026-01-16T09:55:05.608+0000][gc,phases   ] GC(1260)   Evacuate Collection Set: 129.9ms
[2026-01-16T09:55:05.608+0000][gc,phases   ] GC(1260)   Post Evacuate Collection Set: 3.8ms
[2026-01-16T09:55:05.609+0000][gc,phases   ] GC(1260)   Other: 5.7ms
[2026-01-16T09:55:05.609+0000][gc,heap     ] GC(1260) Eden regions: 49->0(48)
[2026-01-16T09:55:05.609+0000][gc,heap     ] GC(1260) Survivor regions: 2->3(7)
[2026-01-16T09:55:05.609+0000][gc,heap     ] GC(1260) Old regions: 200->200
[2026-01-16T09:55:05.609+0000][gc,heap     ] GC(1260) Humongous regions: 167->167
[2026-01-16T09:55:05.610+0000][gc,metaspace] GC(1260) Metaspace: 15732K(16128K)->15732K(16128K) NonClass: 13978K(14208K)->13978K(14208K) Class: 1753K(1920K)->1753K(1920K)
[2026-01-16T09:55:05.610+0000][gc          ] GC(1260) Pause Young (Normal) (G1 Evacuation Pause) 416M->368M(1024M) 161.571ms
[2026-01-16T09:55:05.611+0000][gc,cpu      ] GC(1260) User=0.16s Sys=0.00s Real=0.16s
[2026-01-16T09:55:07.080+0000][gc,start    ] GC(1261) Pause Young (Normal) (G1 Evacuation Pause)
[2026-01-16T09:55:07.137+0000][gc,task     ] GC(1261) Using 8 workers of 8 for evacuation
[2026-01-16T09:55:07.496+0000][gc,mmu      ] GC(1261) MMU target violated: 201.0ms (200.0ms/201.0ms)
[2026-01-16T09:55:07.500+0000][gc,phases   ] GC(1261)   Pre Evacuate Collection Set: 16.7ms
[2026-01-16T09:55:07.501+0000][gc,phases   ] GC(1261)   Merge Heap Roots: 0.6ms
[2026-01-16T09:55:07.504+0000][gc,phases   ] GC(1261)   Evacuate Collection Set: 311.9ms
[2026-01-16T09:55:07.512+0000][gc,phases   ] GC(1261)   Post Evacuate Collection Set: 23.7ms
[2026-01-16T09:55:07.513+0000][gc,phases   ] GC(1261)   Other: 9.5ms
[2026-01-16T09:55:07.514+0000][gc,heap     ] GC(1261) Eden regions: 48->0(48)
[2026-01-16T09:55:07.517+0000][gc,heap     ] GC(1261) Survivor regions: 3->3(7)
[2026-01-16T09:55:07.518+0000][gc,heap     ] GC(1261) Old regions: 200->200
[2026-01-16T09:55:07.518+0000][gc,heap     ] GC(1261) Humongous regions: 167->167
[2026-01-16T09:55:07.518+0000][gc,metaspace] GC(1261) Metaspace: 15732K(16128K)->15732K(16128K) NonClass: 13978K(14208K)->13978K(14208K) Class: 1753K(1920K)->1753K(1920K)
[2026-01-16T09:55:07.520+0000][gc          ] GC(1261) Pause Young (Normal) (G1 Evacuation Pause) 416M->368M(1024M) 440.416ms
[2026-01-16T09:55:07.520+0000][gc,cpu      ] GC(1261) User=0.12s Sys=0.01s Real=0.44s
[2026-01-16T09:55:08.746+0000][gc,start    ] GC(1262) Pause Young (Normal) (G1 Evacuation Pause)
[2026-01-16T09:55:08.749+0000][gc,task     ] GC(1262) Using 8 workers of 8 for evacuation
[2026-01-16T09:55:09.036+0000][gc,mmu      ] GC(1262) MMU target violated: 201.0ms (200.0ms/201.0ms)
[2026-01-16T09:55:09.037+0000][gc,phases   ] GC(1262)   Pre Evacuate Collection Set: 14.6ms
[2026-01-16T09:55:09.038+0000][gc,phases   ] GC(1262)   Merge Heap Roots: 5.6ms
[2026-01-16T09:55:09.038+0000][gc,phases   ] GC(1262)   Evacuate Collection Set: 260.1ms
[2026-01-16T09:55:09.039+0000][gc,phases   ] GC(1262)   Post Evacuate Collection Set: 5.7ms
[2026-01-16T09:55:09.039+0000][gc,phases   ] GC(1262)   Other: 2.0ms
[2026-01-16T09:55:09.040+0000][gc,heap     ] GC(1262) Eden regions: 48->0(47)
[2026-01-16T09:55:09.040+0000][gc,heap     ] GC(1262) Survivor regions: 3->4(7)
[2026-01-16T09:55:09.041+0000][gc,heap     ] GC(1262) Old regions: 200->200
[2026-01-16T09:55:09.041+0000][gc,heap     ] GC(1262) Humongous regions: 167->167
[2026-01-16T09:55:09.041+0000][gc,metaspace] GC(1262) Metaspace: 15732K(16128K)->15732K(16128K) NonClass: 13978K(14208K)->13978K(14208K) Class: 1753K(1920K)->1753K(1920K)
[2026-01-16T09:55:09.042+0000][gc          ] GC(1262) Pause Young (Normal) (G1 Evacuation Pause) 416M->369M(1024M) 296.349ms
[2026-01-16T09:55:09.043+0000][gc,cpu      ] GC(1262) User=0.20s Sys=0.02s Real=0.30s
[2026-01-16T09:55:13.253+0000][gc,start    ] GC(1263) Pause Young (Normal) (G1 Evacuation Pause)
[2026-01-16T09:55:13.255+0000][gc,task     ] GC(1263) Using 8 workers of 8 for evacuation
[2026-01-16T09:55:13.294+0000][gc,phases   ] GC(1263)   Pre Evacuate Collection Set: 4.5ms
[2026-01-16T09:55:13.294+0000][gc,phases   ] GC(1263)   Merge Heap Roots: 0.7ms
[2026-01-16T09:55:13.294+0000][gc,phases   ] GC(1263)   Evacuate Collection Set: 26.3ms
[2026-01-16T09:55:13.299+0000][gc,phases   ] GC(1263)   Post Evacuate Collection Set: 7.1ms
[2026-01-16T09:55:13.300+0000][gc,phases   ] GC(1263)   Other: 0.7ms
[2026-01-16T09:55:13.300+0000][gc,heap     ] GC(1263) Eden regions: 47->0(60)
[2026-01-16T09:55:13.300+0000][gc,heap     ] GC(1263) Survivor regions: 4->2(7)
[2026-01-16T09:55:13.301+0000][gc,heap     ] GC(1263) Old regions: 200->200
[2026-01-16T09:55:13.301+0000][gc,heap     ] GC(1263) Humongous regions: 167->167
[2026-01-16T09:55:13.302+0000][gc,metaspace] GC(1263) Metaspace: 15732K(16128K)->15732K(16128K) NonClass: 13978K(14208K)->13978K(14208K) Class: 1753K(1920K)->1753K(1920K)
[2026-01-16T09:55:13.302+0000][gc          ] GC(1263) Pause Young (Normal) (G1 Evacuation Pause) 416M->367M(1024M) 49.176ms
[2026-01-16T09:55:13.303+0000][gc,cpu      ] GC(1263) User=0.14s Sys=0.01s Real=0.05s
[2026-01-16T09:55:13.862+0000][gc,start    ] GC(1264) Pause Young (Normal) (G1 Evacuation Pause)
[2026-01-16T09:55:13.862+0000][gc,task     ] GC(1264) Using 8 workers of 8 for evacuation
[2026-01-16T09:55:13.881+0000][gc,phases   ] GC(1264)   Pre Evacuate Collection Set: 0.6ms
[2026-01-16T09:55:13.881+0000][gc,phases   ] GC(1264)   Merge Heap Roots: 0.2ms
[2026-01-16T09:55:13.881+0000][gc,phases   ] GC(1264)   Evacuate Collection Set: 16.8ms
[2026-01-16T09:55:13.881+0000][gc,phases   ] GC(1264)   Post Evacuate Collection Set: 0.7ms
[2026-01-16T09:55:13.881+0000][gc,phases   ] GC(1264)   Other: 0.4ms
[2026-01-16T09:55:13.882+0000][gc,heap     ] GC(1264) Eden regions: 57->0(64)
[2026-01-16T09:55:13.882+0000][gc,heap     ] GC(1264) Survivor regions: 2->3(8)
[2026-01-16T09:55:13.882+0000][gc,heap     ] GC(1264) Old regions: 200->200
[2026-01-16T09:55:13.882+0000][gc,heap     ] GC(1264) Humongous regions: 167->167
[2026-01-16T09:55:13.882+0000][gc,metaspace] GC(1264) Metaspace: 15732K(16128K)->15732K(16128K) NonClass: 13978K(14208K)->13978K(14208K) Class: 1753K(1920K)->1753K(1920K)
[2026-01-16T09:55:13.882+0000][gc          ] GC(1264) Pause Young (Normal) (G1 Evacuation Pause) 424M->368M(1024M) 19.683ms
[2026-01-16T09:55:13.882+0000][gc,cpu      ] GC(1264) User=0.05s Sys=0.00s Real=0.02s
[2026-01-16T09:55:14.475+0000][gc,start    ] GC(1265) Pause Young (Normal) (G1 Evacuation Pause)
[2026-01-16T09:55:14.476+0000][gc,task     ] GC(1265) Using 8 workers of 8 for evacuation
[2026-01-16T09:55:14.504+0000][gc,phases   ] GC(1265)   Pre Evacuate Collection Set: 1.5ms
[2026-01-16T09:55:14.505+0000][gc,phases   ] GC(1265)   Merge Heap Roots: 0.7ms
[2026-01-16T09:55:14.505+0000][gc,phases   ] GC(1265)   Evacuate Collection Set: 24.4ms
[2026-01-16T09:55:14.505+0000][gc,phases   ] GC(1265)   Post Evacuate Collection Set: 0.9ms
[2026-01-16T09:55:14.505+0000][gc,phases   ] GC(1265)   Other: 0.9ms
[2026-01-16T09:55:14.505+0000][gc,heap     ] GC(1265) Eden regions: 64->0(74)
[2026-01-16T09:55:14.505+0000][gc,heap     ] GC(1265) Survivor regions: 3->4(9)
[2026-01-16T09:55:14.505+0000][gc,heap     ] GC(1265) Old regions: 200->200
[2026-01-16T09:55:14.505+0000][gc,heap     ] GC(1265) Humongous regions: 167->167
[2026-01-16T09:55:14.505+0000][gc,metaspace] GC(1265) Metaspace: 15732K(16128K)->15732K(16128K) NonClass: 13978K(14208K)->13978K(14208K) Class: 1753K(1920K)->1753K(1920K)
[2026-01-16T09:55:14.505+0000][gc          ] GC(1265) Pause Young (Normal) (G1 Evacuation Pause) 432M->369M(1024M) 30.055ms
[2026-01-16T09:55:14.505+0000][gc,cpu      ] GC(1265) User=0.09s Sys=0.01s Real=0.03s
[2026-01-16T09:55:23.585+0000][gc,start    ] GC(1266) Pause Young (Normal) (G1 Evacuation Pause)
[2026-01-16T09:55:23.586+0000][gc,task     ] GC(1266) Using 8 workers of 8 for evacuation
[2026-01-16T09:55:23.656+0000][gc,phases   ] GC(1266)   Pre Evacuate Collection Set: 11.6ms
[2026-01-16T09:55:23.661+0000][gc,phases   ] GC(1266)   Merge Heap Roots: 4.6ms
[2026-01-16T09:55:23.661+0000][gc,phases   ] GC(1266)   Evacuate Collection Set: 49.2ms
[2026-01-16T09:55:23.661+0000][gc,phases   ] GC(1266)   Post Evacuate Collection Set: 3.5ms
[2026-01-16T09:55:23.661+0000][gc,phases   ] GC(1266)   Other: 0.9ms
[2026-01-16T09:55:23.661+0000][gc,heap     ] GC(1266) Eden regions: 75->0(183)
[2026-01-16T09:55:23.667+0000][gc,heap     ] GC(1266) Survivor regions: 4->3(10)
[2026-01-16T09:55:23.667+0000][gc,heap     ] GC(1266) Old regions: 200->200
[2026-01-16T09:55:23.667+0000][gc,heap     ] GC(1266) Humongous regions: 167->167
[2026-01-16T09:55:23.668+0000][gc,metaspace] GC(1266) Metaspace: 15732K(16128K)->15732K(16128K) NonClass: 13978K(14208K)->13978K(14208K) Class: 1753K(1920K)->1753K(1920K)
[2026-01-16T09:55:23.668+0000][gc          ] GC(1266) Pause Young (Normal) (G1 Evacuation Pause) 444M->368M(1024M) 82.727ms
[2026-01-16T09:55:23.668+0000][gc,cpu      ] GC(1266) User=0.23s Sys=0.03s Real=0.08s
[2026-01-16T09:55:33.366+0000][gc,start    ] GC(1267) Pause Young (Normal) (G1 Evacuation Pause)
[2026-01-16T09:55:33.367+0000][gc,task     ] GC(1267) Using 8 workers of 8 for evacuation
[2026-01-16T09:55:33.442+0000][gc,phases   ] GC(1267)   Pre Evacuate Collection Set: 8.1ms
[2026-01-16T09:55:33.443+0000][gc,phases   ] GC(1267)   Merge Heap Roots: 1.7ms
[2026-01-16T09:55:33.443+0000][gc,phases   ] GC(1267)   Evacuate Collection Set: 44.8ms
[2026-01-16T09:55:33.443+0000][gc,phases   ] GC(1267)   Post Evacuate Collection Set: 16.5ms
[2026-01-16T09:55:33.444+0000][gc,phases   ] GC(1267)   Other: 3.0ms
[2026-01-16T09:55:33.444+0000][gc,heap     ] GC(1267) Eden regions: 175->0(265)
[2026-01-16T09:55:33.444+0000][gc,heap     ] GC(1267) Survivor regions: 3->3(23)
[2026-01-16T09:55:33.444+0000][gc,heap     ] GC(1267) Old regions: 200->200
[2026-01-16T09:55:33.444+0000][gc,heap     ] GC(1267) Humongous regions: 167->167
[2026-01-16T09:55:33.445+0000][gc,metaspace] GC(1267) Metaspace: 15732K(16128K)->15732K(16128K) NonClass: 13978K(14208K)->13978K(14208K) Class: 1753K(1920K)->1753K(1920K)
[2026-01-16T09:55:33.447+0000][gc          ] GC(1267) Pause Young (Normal) (G1 Evacuation Pause) 543M->368M(1024M) 81.235ms
[2026-01-16T09:55:33.447+0000][gc,cpu      ] GC(1267) User=0.24s Sys=0.03s Real=0.08s
[2026-01-16T09:55:44.751+0000][gc,start    ] GC(1268) Pause Young (Normal) (G1 Evacuation Pause)
[2026-01-16T09:55:44.752+0000][gc,task     ] GC(1268) Using 8 workers of 8 for evacuation
[2026-01-16T09:55:44.824+0000][gc,phases   ] GC(1268)   Pre Evacuate Collection Set: 15.3ms
[2026-01-16T09:55:44.824+0000][gc,phases   ] GC(1268)   Merge Heap Roots: 2.8ms
[2026-01-16T09:55:44.824+0000][gc,phases   ] GC(1268)   Evacuate Collection Set: 44.2ms
[2026-01-16T09:55:44.824+0000][gc,phases   ] GC(1268)   Post Evacuate Collection Set: 8.3ms
[2026-01-16T09:55:44.824+0000][gc,phases   ] GC(1268)   Other: 1.1ms
[2026-01-16T09:55:44.824+0000][gc,heap     ] GC(1268) Eden regions: 255->0(310)
[2026-01-16T09:55:44.824+0000][gc,heap     ] GC(1268) Survivor regions: 3->4(33)
[2026-01-16T09:55:44.824+0000][gc,heap     ] GC(1268) Old regions: 200->200
[2026-01-16T09:55:44.825+0000][gc,heap     ] GC(1268) Humongous regions: 167->167
[2026-01-16T09:55:44.825+0000][gc,metaspace] GC(1268) Metaspace: 15732K(16128K)->15732K(16128K) NonClass: 13978K(14208K)->13978K(14208K) Class: 1753K(1920K)->1753K(1920K)
[2026-01-16T09:55:44.825+0000][gc          ] GC(1268) Pause Young (Normal) (G1 Evacuation Pause) 623M->370M(1024M) 73.495ms
[2026-01-16T09:55:44.825+0000][gc,cpu      ] GC(1268) User=0.30s Sys=0.02s Real=0.08s
[2026-01-16T09:56:04.008+0000][gc,start    ] GC(1269) Pause Young (Normal) (G1 Evacuation Pause)
[2026-01-16T09:56:04.008+0000][gc,task     ] GC(1269) Using 8 workers of 8 for evacuation
[2026-01-16T09:56:04.097+0000][gc,phases   ] GC(1269)   Pre Evacuate Collection Set: 10.8ms
[2026-01-16T09:56:04.097+0000][gc,phases   ] GC(1269)   Merge Heap Roots: 1.1ms
[2026-01-16T09:56:04.097+0000][gc,phases   ] GC(1269)   Evacuate Collection Set: 59.4ms
[2026-01-16T09:56:04.097+0000][gc,phases   ] GC(1269)   Post Evacuate Collection Set: 16.5ms
[2026-01-16T09:56:04.097+0000][gc,phases   ] GC(1269)   Other: 0.5ms
[2026-01-16T09:56:04.097+0000][gc,heap     ] GC(1269) Eden regions: 296->0(431)
[2026-01-16T09:56:04.097+0000][gc,heap     ] GC(1269) Survivor regions: 4->4(38)
[2026-01-16T09:56:04.097+0000][gc,heap     ] GC(1269) Old regions: 200->200
[2026-01-16T09:56:04.097+0000][gc,heap     ] GC(1269) Humongous regions: 167->167
[2026-01-16T09:56:04.097+0000][gc,metaspace] GC(1269) Metaspace: 15732K(16128K)->15732K(16128K) NonClass: 13978K(14208K)->13978K(14208K) Class: 1753K(1920K)->1753K(1920K)
[2026-01-16T09:56:04.097+0000][gc          ] GC(1269) Pause Young (Normal) (G1 Evacuation Pause) 666M->369M(1024M) 89.549ms
[2026-01-16T09:56:04.097+0000][gc,cpu      ] GC(1269) User=0.38s Sys=0.02s Real=0.09s
[2026-01-16T09:56:25.314+0000][gc,start    ] GC(1270) Pause Young (Normal) (G1 Evacuation Pause)
[2026-01-16T09:56:25.315+0000][gc,task     ] GC(1270) Using 8 workers of 8 for evacuation
[2026-01-16T09:56:25.485+0000][gc,phases   ] GC(1270)   Pre Evacuate Collection Set: 16.5ms
[2026-01-16T09:56:25.486+0000][gc,phases   ] GC(1270)   Merge Heap Roots: 0.5ms
[2026-01-16T09:56:25.486+0000][gc,phases   ] GC(1270)   Evacuate Collection Set: 129.0ms
[2026-01-16T09:56:25.489+0000][gc,phases   ] GC(1270)   Post Evacuate Collection Set: 20.0ms
[2026-01-16T09:56:25.489+0000][gc,phases   ] GC(1270)   Other: 3.9ms
[2026-01-16T09:56:25.489+0000][gc,heap     ] GC(1270) Eden regions: 412->0(273)
[2026-01-16T09:56:25.489+0000][gc,heap     ] GC(1270) Survivor regions: 4->5(52)
[2026-01-16T09:56:25.490+0000][gc,heap     ] GC(1270) Old regions: 200->200
[2026-01-16T09:56:25.490+0000][gc,heap     ] GC(1270) Humongous regions: 167->167
[2026-01-16T09:56:25.490+0000][gc,metaspace] GC(1270) Metaspace: 15732K(16128K)->15732K(16128K) NonClass: 13978K(14208K)->13978K(14208K) Class: 1753K(1920K)->1753K(1920K)
[2026-01-16T09:56:25.490+0000][gc          ] GC(1270) Pause Young (Normal) (G1 Evacuation Pause) 781M->371M(1024M) 176.611ms
[2026-01-16T09:56:25.491+0000][gc,cpu      ] GC(1270) User=0.56s Sys=0.06s Real=0.18s
[2026-01-16T09:56:34.234+0000][gc,start    ] GC(1271) Pause Young (Normal) (G1 Evacuation Pause)
[2026-01-16T09:56:34.237+0000][gc,task     ] GC(1271) Using 8 workers of 8 for evacuation
[2026-01-16T09:56:34.286+0000][gc,phases   ] GC(1271)   Pre Evacuate Collection Set: 19.3ms
[2026-01-16T09:56:34.287+0000][gc,phases   ] GC(1271)   Merge Heap Roots: 0.7ms
[2026-01-16T09:56:34.287+0000][gc,phases   ] GC(1271)   Evacuate Collection Set: 23.1ms
[2026-01-16T09:56:34.287+0000][gc,phases   ] GC(1271)   Post Evacuate Collection Set: 6.0ms
[2026-01-16T09:56:34.287+0000][gc,phases   ] GC(1271)   Other: 0.3ms
[2026-01-16T09:56:34.287+0000][gc,heap     ] GC(1271) Eden regions: 260->0(326)
[2026-01-16T09:56:34.287+0000][gc,heap     ] GC(1271) Survivor regions: 5->6(34)
[2026-01-16T09:56:34.287+0000][gc,heap     ] GC(1271) Old regions: 200->200
[2026-01-16T09:56:34.287+0000][gc,heap     ] GC(1271) Humongous regions: 167->167
[2026-01-16T09:56:34.287+0000][gc,metaspace] GC(1271) Metaspace: 15732K(16128K)->15732K(16128K) NonClass: 13978K(14208K)->13978K(14208K) Class: 1753K(1920K)->1753K(1920K)
[2026-01-16T09:56:34.287+0000][gc          ] GC(1271) Pause Young (Normal) (G1 Evacuation Pause) 631M->372M(1024M) 54.935ms
[2026-01-16T09:56:34.288+0000][gc,cpu      ] GC(1271) User=0.18s Sys=0.00s Real=0.06s
[2026-01-16T09:56:54.771+0000][gc,start    ] GC(1272) Pause Young (Normal) (G1 Evacuation Pause)
[2026-01-16T09:56:54.772+0000][gc,task     ] GC(1272) Using 8 workers of 8 for evacuation
[2026-01-16T09:56:54.892+0000][gc,phases   ] GC(1272)   Pre Evacuate Collection Set: 10.8ms
[2026-01-16T09:56:54.893+0000][gc,phases   ] GC(1272)   Merge Heap Roots: 0.8ms
[2026-01-16T09:56:54.893+0000][gc,phases   ] GC(1272)   Evacuate Collection Set: 84.8ms
[2026-01-16T09:56:54.893+0000][gc,phases   ] GC(1272)   Post Evacuate Collection Set: 23.7ms
[2026-01-16T09:56:54.893+0000][gc,phases   ] GC(1272)   Other: 1.0ms
[2026-01-16T09:56:54.893+0000][gc,heap     ] GC(1272) Eden regions: 316->0(388)
[2026-01-16T09:56:54.893+0000][gc,heap     ] GC(1272) Survivor regions: 6->6(41)
[2026-01-16T09:56:54.893+0000][gc,heap     ] GC(1272) Old regions: 200->200
[2026-01-16T09:56:54.893+0000][gc,heap     ] GC(1272) Humongous regions: 167->167
[2026-01-16T09:56:54.893+0000][gc,metaspace] GC(1272) Metaspace: 15732K(16128K)->15732K(16128K) NonClass: 13978K(14208K)->13978K(14208K) Class: 1753K(1920K)->1753K(1920K)
[2026-01-16T09:56:54.894+0000][gc          ] GC(1272) Pause Young (Normal) (G1 Evacuation Pause) 688M->372M(1024M) 123.287ms
[2026-01-16T09:56:54.894+0000][gc,cpu      ] GC(1272) User=0.52s Sys=0.04s Real=0.12s
[2026-01-16T09:57:15.742+0000][gc,start    ] GC(1273) Pause Young (Normal) (G1 Evacuation Pause)
[2026-01-16T09:57:15.744+0000][gc,task     ] GC(1273) Using 8 workers of 8 for evacuation
[2026-01-16T09:57:15.921+0000][gc,phases   ] GC(1273)   Pre Evacuate Collection Set: 17.8ms
[2026-01-16T09:57:15.921+0000][gc,phases   ] GC(1273)   Merge Heap Roots: 7.3ms
[2026-01-16T09:57:15.921+0000][gc,phases   ] GC(1273)   Evacuate Collection Set: 122.9ms
[2026-01-16T09:57:15.921+0000][gc,phases   ] GC(1273)   Post Evacuate Collection Set: 28.0ms
[2026-01-16T09:57:15.921+0000][gc,phases   ] GC(1273)   Other: 1.2ms
[2026-01-16T09:57:15.921+0000][gc,heap     ] GC(1273) Eden regions: 379->0(446)
[2026-01-16T09:57:15.922+0000][gc,heap     ] GC(1273) Survivor regions: 6->5(49)
[2026-01-16T09:57:15.922+0000][gc,heap     ] GC(1273) Old regions: 200->200
[2026-01-16T09:57:15.922+0000][gc,heap     ] GC(1273) Humongous regions: 167->167
[2026-01-16T09:57:15.922+0000][gc,metaspace] GC(1273) Metaspace: 15732K(16128K)->15732K(16128K) NonClass: 13978K(14208K)->13978K(14208K) Class: 1753K(1920K)->1753K(1920K)
[2026-01-16T09:57:15.922+0000][gc          ] GC(1273) Pause Young (Normal) (G1 Evacuation Pause) 751M->371M(1024M) 180.690ms
[2026-01-16T09:57:15.923+0000][gc,cpu      ] GC(1273) User=0.41s Sys=0.03s Real=0.18s
[2026-01-16T09:57:45.787+0000][gc,start    ] GC(1274) Pause Young (Normal) (G1 Evacuation Pause)
[2026-01-16T09:57:45.800+0000][gc,task     ] GC(1274) Using 8 workers of 8 for evacuation
[2026-01-16T09:57:46.467+0000][gc,mmu      ] GC(1274) MMU target violated: 201.0ms (200.0ms/201.0ms)
[2026-01-16T09:57:46.467+0000][gc,phases   ] GC(1274)   Pre Evacuate Collection Set: 68.5ms
[2026-01-16T09:57:46.468+0000][gc,phases   ] GC(1274)   Merge Heap Roots: 13.5ms
[2026-01-16T09:57:46.468+0000][gc,phases   ] GC(1274)   Evacuate Collection Set: 457.4ms
[2026-01-16T09:57:46.468+0000][gc,phases   ] GC(1274)   Post Evacuate Collection Set: 106.9ms
[2026-01-16T09:57:46.468+0000][gc,phases   ] GC(1274)   Other: 21.6ms
[2026-01-16T09:57:46.468+0000][gc,heap     ] GC(1274) Eden regions: 428->0(47)
[2026-01-16T09:57:46.468+0000][gc,heap     ] GC(1274) Survivor regions: 5->4(55)
[2026-01-16T09:57:46.469+0000][gc,heap     ] GC(1274) Old regions: 200->201
[2026-01-16T09:57:46.469+0000][gc,heap     ] GC(1274) Humongous regions: 167->167
[2026-01-16T09:57:46.469+0000][gc,metaspace] GC(1274) Metaspace: 15732K(16128K)->15732K(16128K) NonClass: 13979K(14208K)->13979K(14208K) Class: 1753K(1920K)->1753K(1920K)
[2026-01-16T09:57:46.470+0000][gc          ] GC(1274) Pause Young (Normal) (G1 Evacuation Pause) 799M->370M(1024M) 682.505ms
[2026-01-16T09:57:46.471+0000][gc,cpu      ] GC(1274) User=0.52s Sys=0.03s Real=0.68s
[2026-01-16T09:57:50.202+0000][gc,start    ] GC(1275) Pause Young (Normal) (G1 Evacuation Pause)
[2026-01-16T09:57:50.216+0000][gc,task     ] GC(1275) Using 8 workers of 8 for evacuation
[2026-01-16T09:57:51.170+0000][gc,mmu      ] GC(1275) MMU target violated: 201.0ms (200.0ms/201.0ms)
[2026-01-16T09:57:51.180+0000][gc,phases   ] GC(1275)   Pre Evacuate Collection Set: 34.4ms
[2026-01-16T09:57:51.181+0000][gc,phases   ] GC(1275)   Merge Heap Roots: 28.4ms
[2026-01-16T09:57:51.181+0000][gc,phases   ] GC(1275)   Evacuate Collection Set: 856.3ms
[2026-01-16T09:57:51.182+0000][gc,phases   ] GC(1275)   Post Evacuate Collection Set: 34.7ms
[2026-01-16T09:57:51.183+0000][gc,phases   ] GC(1275)   Other: 10.6ms
[2026-01-16T09:57:51.183+0000][gc,heap     ] GC(1275) Eden regions: 47->0(46)
[2026-01-16T09:57:51.183+0000][gc,heap     ] GC(1275) Survivor regions: 4->5(7)
[2026-01-16T09:57:51.184+0000][gc,heap     ] GC(1275) Old regions: 201->201
[2026-01-16T09:57:51.184+0000][gc,heap     ] GC(1275) Humongous regions: 167->167
[2026-01-16T09:57:51.184+0000][gc,metaspace] GC(1275) Metaspace: 15732K(16128K)->15732K(16128K) NonClass: 13979K(14208K)->13979K(14208K) Class: 1753K(1920K)->1753K(1920K)
[2026-01-16T09:57:51.184+0000][gc          ] GC(1275) Pause Young (Normal) (G1 Evacuation Pause) 417M->371M(1024M) 981.993ms
[2026-01-16T09:57:51.184+0000][gc,cpu      ] GC(1275) User=0.33s Sys=0.05s Real=0.98s
[2026-01-16T09:57:53.231+0000][gc,start    ] GC(1276) Pause Young (Normal) (G1 Evacuation Pause)
[2026-01-16T09:57:53.233+0000][gc,task     ] GC(1276) Using 8 workers of 8 for evacuation
[2026-01-16T09:57:53.603+0000][gc,mmu      ] GC(1276) MMU target violated: 201.0ms (200.0ms/201.0ms)
[2026-01-16T09:57:53.606+0000][gc,phases   ] GC(1276)   Pre Evacuate Collection Set: 45.2ms
[2026-01-16T09:57:53.609+0000][gc,phases   ] GC(1276)   Merge Heap Roots: 7.5ms
[2026-01-16T09:57:53.611+0000][gc,phases   ] GC(1276)   Evacuate Collection Set: 290.2ms
[2026-01-16T09:57:53.611+0000][gc,phases   ] GC(1276)   Post Evacuate Collection Set: 26.7ms
[2026-01-16T09:57:53.611+0000][gc,phases   ] GC(1276)   Other: 3.4ms
[2026-01-16T09:57:53.611+0000][gc,heap     ] GC(1276) Eden regions: 46->0(46)
[2026-01-16T09:57:53.611+0000][gc,heap     ] GC(1276) Survivor regions: 5->5(7)
[2026-01-16T09:57:53.611+0000][gc,heap     ] GC(1276) Old regions: 201->201
[2026-01-16T09:57:53.611+0000][gc,heap     ] GC(1276) Humongous regions: 167->167
[2026-01-16T09:57:53.611+0000][gc,metaspace] GC(1276) Metaspace: 15732K(16128K)->15732K(16128K) NonClass: 13979K(14208K)->13979K(14208K) Class: 1753K(1920K)->1753K(1920K)
[2026-01-16T09:57:53.612+0000][gc          ] GC(1276) Pause Young (Normal) (G1 Evacuation Pause) 417M->371M(1024M) 380.436ms
[2026-01-16T09:57:53.612+0000][gc,cpu      ] GC(1276) User=0.36s Sys=0.04s Real=0.38s
[2026-01-16T09:57:54.488+0000][gc,start    ] GC(1277) Pause Young (Normal) (G1 Evacuation Pause)
[2026-01-16T09:57:54.491+0000][gc,task     ] GC(1277) Using 8 workers of 8 for evacuation
[2026-01-16T09:57:54.559+0000][gc,phases   ] GC(1277)   Pre Evacuate Collection Set: 1.0ms
[2026-01-16T09:57:54.565+0000][gc,phases   ] GC(1277)   Merge Heap Roots: 0.6ms
[2026-01-16T09:57:54.565+0000][gc,phases   ] GC(1277)   Evacuate Collection Set: 63.9ms
[2026-01-16T09:57:54.566+0000][gc,phases   ] GC(1277)   Post Evacuate Collection Set: 2.4ms
[2026-01-16T09:57:54.566+0000][gc,phases   ] GC(1277)   Other: 0.3ms
[2026-01-16T09:57:54.566+0000][gc,heap     ] GC(1277) Eden regions: 46->0(46)
[2026-01-16T09:57:54.567+0000][gc,heap     ] GC(1277) Survivor regions: 5->5(7)
[2026-01-16T09:57:54.568+0000][gc,heap     ] GC(1277) Old regions: 201->202
[2026-01-16T09:57:54.568+0000][gc,heap     ] GC(1277) Humongous regions: 167->167
[2026-01-16T09:57:54.569+0000][gc,metaspace] GC(1277) Metaspace: 15732K(16128K)->15732K(16128K) NonClass: 13979K(14208K)->13979K(14208K) Class: 1753K(1920K)->1753K(1920K)
[2026-01-16T09:57:54.572+0000][gc          ] GC(1277) Pause Young (Normal) (G1 Evacuation Pause) 417M->372M(1024M) 83.100ms
[2026-01-16T09:57:54.576+0000][gc,cpu      ] GC(1277) User=0.07s Sys=0.01s Real=0.08s
[2026-01-16T09:57:54.859+0000][gc,start    ] GC(1278) Pause Young (Normal) (G1 Evacuation Pause)
[2026-01-16T09:57:54.859+0000][gc,task     ] GC(1278) Using 8 workers of 8 for evacuation
[2026-01-16T09:57:54.979+0000][gc,phases   ] GC(1278)   Pre Evacuate Collection Set: 2.9ms
[2026-01-16T09:57:54.980+0000][gc,phases   ] GC(1278)   Merge Heap Roots: 0.4ms
[2026-01-16T09:57:54.981+0000][gc,phases   ] GC(1278)   Evacuate Collection Set: 113.8ms
[2026-01-16T09:57:54.983+0000][gc,phases   ] GC(1278)   Post Evacuate Collection Set: 2.2ms
[2026-01-16T09:57:54.984+0000][gc,phases   ] GC(1278)   Other: 0.9ms
[2026-01-16T09:57:54.988+0000][gc,heap     ] GC(1278) Eden regions: 46->0(45)
[2026-01-16T09:57:54.988+0000][gc,heap     ] GC(1278) Survivor regions: 5->6(7)
[2026-01-16T09:57:54.988+0000][gc,heap     ] GC(1278) Old regions: 202->202
[2026-01-16T09:57:54.990+0000][gc,heap     ] GC(1278) Humongous regions: 167->167
[2026-01-16T09:57:54.991+0000][gc,metaspace] GC(1278) Metaspace: 15732K(16128K)->15732K(16128K) NonClass: 13979K(14208K)->13979K(14208K) Class: 1753K(1920K)->1753K(1920K)
[2026-01-16T09:57:54.991+0000][gc          ] GC(1278) Pause Young (Normal) (G1 Evacuation Pause) 418M->374M(1024M) 132.783ms
[2026-01-16T09:57:54.992+0000][gc,cpu      ] GC(1278) User=0.10s Sys=0.01s Real=0.13s
[2026-01-16T09:57:55.354+0000][gc,start    ] GC(1279) Pause Young (Normal) (G1 Evacuation Pause)
[2026-01-16T09:57:55.360+0000][gc,task     ] GC(1279) Using 8 workers of 8 for evacuation
[2026-01-16T09:57:55.691+0000][gc,mmu      ] GC(1279) MMU target violated: 201.0ms (200.0ms/201.0ms)
[2026-01-16T09:57:55.702+0000][gc,phases   ] GC(1279)   Pre Evacuate Collection Set: 6.2ms
[2026-01-16T09:57:55.709+0000][gc,phases   ] GC(1279)   Merge Heap Roots: 0.5ms
[2026-01-16T09:57:55.711+0000][gc,phases   ] GC(1279)   Evacuate Collection Set: 318.7ms
[2026-01-16T09:57:55.714+0000][gc,phases   ] GC(1279)   Post Evacuate Collection Set: 1.2ms
[2026-01-16T09:57:55.732+0000][gc,phases   ] GC(1279)   Other: 15.6ms
[2026-01-16T09:57:55.739+0000][gc,heap     ] GC(1279) Eden regions: 45->0(47)
[2026-01-16T09:57:55.743+0000][gc,heap     ] GC(1279) Survivor regions: 6->4(7)
[2026-01-16T09:57:55.743+0000][gc,heap     ] GC(1279) Old regions: 202->204
[2026-01-16T09:57:55.743+0000][gc,heap     ] GC(1279) Humongous regions: 167->167
[2026-01-16T09:57:55.749+0000][gc,metaspace] GC(1279) Metaspace: 15732K(16128K)->15732K(16128K) NonClass: 13979K(14208K)->13979K(14208K) Class: 1753K(1920K)->1753K(1920K)
[2026-01-16T09:57:55.754+0000][gc          ] GC(1279) Pause Young (Normal) (G1 Evacuation Pause) 419M->374M(1024M) 400.593ms
[2026-01-16T09:57:55.755+0000][gc,cpu      ] GC(1279) User=0.37s Sys=0.05s Real=0.40s
[2026-01-16T09:57:56.409+0000][gc,start    ] GC(1280) Pause Young (Normal) (G1 Evacuation Pause)
[2026-01-16T09:57:56.420+0000][gc,task     ] GC(1280) Using 8 workers of 8 for evacuation
[2026-01-16T09:57:56.566+0000][gc,phases   ] GC(1280)   Pre Evacuate Collection Set: 0.5ms
[2026-01-16T09:57:56.571+0000][gc,phases   ] GC(1280)   Merge Heap Roots: 0.1ms
[2026-01-16T09:57:56.573+0000][gc,phases   ] GC(1280)   Evacuate Collection Set: 136.1ms
[2026-01-16T09:57:56.574+0000][gc,phases   ] GC(1280)   Post Evacuate Collection Set: 9.0ms
[2026-01-16T09:57:56.575+0000][gc,phases   ] GC(1280)   Other: 0.4ms
[2026-01-16T09:57:56.577+0000][gc,heap     ] GC(1280) Eden regions: 47->0(46)
[2026-01-16T09:57:56.581+0000][gc,heap     ] GC(1280) Survivor regions: 4->5(7)
[2026-01-16T09:57:56.582+0000][gc,heap     ] GC(1280) Old regions: 204->204
[2026-01-16T09:57:56.582+0000][gc,heap     ] GC(1280) Humongous regions: 167->167
[2026-01-16T09:57:56.582+0000][gc,metaspace] GC(1280) Metaspace: 15732K(16128K)->15732K(16128K) NonClass: 13979K(14208K)->13979K(14208K) Class: 1753K(1920K)->1753K(1920K)
[2026-01-16T09:57:56.583+0000][gc          ] GC(1280) Pause Young (Normal) (G1 Evacuation Pause) 421M->374M(1024M) 174.011ms
[2026-01-16T09:57:56.583+0000][gc,cpu      ] GC(1280) User=0.10s Sys=0.01s Real=0.17s
[2026-01-16T09:57:57.242+0000][gc,start    ] GC(1281) Pause Young (Normal) (G1 Evacuation Pause)
[2026-01-16T09:57:57.243+0000][gc,task     ] GC(1281) Using 8 workers of 8 for evacuation
[2026-01-16T09:57:57.712+0000][gc,mmu      ] GC(1281) MMU target violated: 201.0ms (200.0ms/201.0ms)
[2026-01-16T09:57:57.715+0000][gc,phases   ] GC(1281)   Pre Evacuate Collection Set: 1.9ms
[2026-01-16T09:57:57.715+0000][gc,phases   ] GC(1281)   Merge Heap Roots: 0.2ms
[2026-01-16T09:57:57.720+0000][gc,phases   ] GC(1281)   Evacuate Collection Set: 460.1ms
[2026-01-16T09:57:57.720+0000][gc,phases   ] GC(1281)   Post Evacuate Collection Set: 1.5ms
[2026-01-16T09:57:57.722+0000][gc,phases   ] GC(1281)   Other: 8.4ms
[2026-01-16T09:57:57.726+0000][gc,heap     ] GC(1281) Eden regions: 46->0(47)
[2026-01-16T09:57:57.761+0000][gc,heap     ] GC(1281) Survivor regions: 5->4(7)
[2026-01-16T09:57:57.770+0000][gc,heap     ] GC(1281) Old regions: 204->204
[2026-01-16T09:57:57.772+0000][gc,heap     ] GC(1281) Humongous regions: 167->167
[2026-01-16T09:57:57.772+0000][gc,metaspace] GC(1281) Metaspace: 15732K(16128K)->15732K(16128K) NonClass: 13979K(14208K)->13979K(14208K) Class: 1753K(1920K)->1753K(1920K)
[2026-01-16T09:57:57.776+0000][gc          ] GC(1281) Pause Young (Normal) (G1 Evacuation Pause) 420M->374M(1024M) 533.985ms
[2026-01-16T09:57:57.778+0000][gc,cpu      ] GC(1281) User=0.24s Sys=0.05s Real=0.54s
[2026-01-16T09:58:04.129+0000][gc,start    ] GC(1282) Pause Young (Normal) (G1 Evacuation Pause)
[2026-01-16T09:58:04.131+0000][gc,task     ] GC(1282) Using 8 workers of 8 for evacuation
[2026-01-16T09:58:04.308+0000][gc,phases   ] GC(1282)   Pre Evacuate Collection Set: 16.4ms
[2026-01-16T09:58:04.309+0000][gc,phases   ] GC(1282)   Merge Heap Roots: 3.2ms
[2026-01-16T09:58:04.309+0000][gc,phases   ] GC(1282)   Evacuate Collection Set: 140.4ms
[2026-01-16T09:58:04.309+0000][gc,phases   ] GC(1282)   Post Evacuate Collection Set: 16.1ms
[2026-01-16T09:58:04.310+0000][gc,phases   ] GC(1282)   Other: 1.6ms
[2026-01-16T09:58:04.310+0000][gc,heap     ] GC(1282) Eden regions: 47->0(48)
[2026-01-16T09:58:04.310+0000][gc,heap     ] GC(1282) Survivor regions: 4->3(7)
[2026-01-16T09:58:04.311+0000][gc,heap     ] GC(1282) Old regions: 204->204
[2026-01-16T09:58:04.312+0000][gc,heap     ] GC(1282) Humongous regions: 167->167
[2026-01-16T09:58:04.313+0000][gc,metaspace] GC(1282) Metaspace: 15732K(16128K)->15732K(16128K) NonClass: 13979K(14208K)->13979K(14208K) Class: 1753K(1920K)->1753K(1920K)
[2026-01-16T09:58:04.315+0000][gc          ] GC(1282) Pause Young (Normal) (G1 Evacuation Pause) 421M->373M(1024M) 185.431ms
[2026-01-16T09:58:04.315+0000][gc,cpu      ] GC(1282) User=0.10s Sys=0.01s Real=0.18s
[2026-01-16T09:58:05.062+0000][gc,start    ] GC(1283) Pause Young (Normal) (G1 Evacuation Pause)
[2026-01-16T09:58:05.062+0000][gc,task     ] GC(1283) Using 8 workers of 8 for evacuation
[2026-01-16T09:58:05.114+0000][gc,phases   ] GC(1283)   Pre Evacuate Collection Set: 6.7ms
[2026-01-16T09:58:05.114+0000][gc,phases   ] GC(1283)   Merge Heap Roots: 1.2ms
[2026-01-16T09:58:05.114+0000][gc,phases   ] GC(1283)   Evacuate Collection Set: 41.0ms
[2026-01-16T09:58:05.115+0000][gc,phases   ] GC(1283)   Post Evacuate Collection Set: 2.0ms
[2026-01-16T09:58:05.115+0000][gc,phases   ] GC(1283)   Other: 0.5ms
[2026-01-16T09:58:05.115+0000][gc,heap     ] GC(1283) Eden regions: 48->0(58)
[2026-01-16T09:58:05.116+0000][gc,heap     ] GC(1283) Survivor regions: 3->3(7)
[2026-01-16T09:58:05.117+0000][gc,heap     ] GC(1283) Old regions: 204->204
[2026-01-16T09:58:05.117+0000][gc,heap     ] GC(1283) Humongous regions: 167->167
[2026-01-16T09:58:05.118+0000][gc,metaspace] GC(1283) Metaspace: 15732K(16128K)->15732K(16128K) NonClass: 13979K(14208K)->13979K(14208K) Class: 1753K(1920K)->1753K(1920K)
[2026-01-16T09:58:05.118+0000][gc          ] GC(1283) Pause Young (Normal) (G1 Evacuation Pause) 421M->373M(1024M) 56.165ms
[2026-01-16T09:58:05.118+0000][gc,cpu      ] GC(1283) User=0.05s Sys=0.00s Real=0.06s
[2026-01-16T09:58:06.477+0000][gc,start    ] GC(1284) Pause Young (Normal) (G1 Evacuation Pause)
[2026-01-16T09:58:06.479+0000][gc,task     ] GC(1284) Using 8 workers of 8 for evacuation
[2026-01-16T09:58:06.580+0000][gc,phases   ] GC(1284)   Pre Evacuate Collection Set: 5.7ms
[2026-01-16T09:58:06.582+0000][gc,phases   ] GC(1284)   Merge Heap Roots: 2.3ms
[2026-01-16T09:58:06.582+0000][gc,phases   ] GC(1284)   Evacuate Collection Set: 74.9ms
[2026-01-16T09:58:06.582+0000][gc,phases   ] GC(1284)   Post Evacuate Collection Set: 12.5ms
[2026-01-16T09:58:06.582+0000][gc,phases   ] GC(1284)   Other: 3.6ms
[2026-01-16T09:58:06.583+0000][gc,heap     ] GC(1284) Eden regions: 79->0(46)
[2026-01-16T09:58:06.583+0000][gc,heap     ] GC(1284) Survivor regions: 3->5(11)
[2026-01-16T09:58:06.583+0000][gc,heap     ] GC(1284) Old regions: 204->204
[2026-01-16T09:58:06.583+0000][gc,heap     ] GC(1284) Humongous regions: 167->167
[2026-01-16T09:58:06.583+0000][gc,metaspace] GC(1284) Metaspace: 15732K(16128K)->15732K(16128K) NonClass: 13979K(14208K)->13979K(14208K) Class: 1753K(1920K)->1753K(1920K)
[2026-01-16T09:58:06.584+0000][gc          ] GC(1284) Pause Young (Normal) (G1 Evacuation Pause) 452M->375M(1024M) 107.419ms
[2026-01-16T09:58:06.584+0000][gc,cpu      ] GC(1284) User=0.19s Sys=0.02s Real=0.10s
[2026-01-16T09:58:13.070+0000][gc,start    ] GC(1285) Pause Young (Normal) (G1 Evacuation Pause)
[2026-01-16T09:58:13.071+0000][gc,task     ] GC(1285) Using 8 workers of 8 for evacuation
[2026-01-16T09:58:13.137+0000][gc,phases   ] GC(1285)   Pre Evacuate Collection Set: 6.8ms
[2026-01-16T09:58:13.137+0000][gc,phases   ] GC(1285)   Merge Heap Roots: 1.1ms
[2026-01-16T09:58:13.137+0000][gc,phases   ] GC(1285)   Evacuate Collection Set: 38.7ms
[2026-01-16T09:58:13.137+0000][gc,phases   ] GC(1285)   Post Evacuate Collection Set: 18.6ms
[2026-01-16T09:58:13.138+0000][gc,phases   ] GC(1285)   Other: 0.6ms
[2026-01-16T09:58:13.138+0000][gc,heap     ] GC(1285) Eden regions: 46->0(237)
[2026-01-16T09:58:13.138+0000][gc,heap     ] GC(1285) Survivor regions: 5->2(7)
[2026-01-16T09:58:13.138+0000][gc,heap     ] GC(1285) Old regions: 204->205
[2026-01-16T09:58:13.139+0000][gc,heap     ] GC(1285) Humongous regions: 167->167
[2026-01-16T09:58:13.139+0000][gc,metaspace] GC(1285) Metaspace: 15732K(16128K)->15732K(16128K) NonClass: 13979K(14208K)->13979K(14208K) Class: 1753K(1920K)->1753K(1920K)
[2026-01-16T09:58:13.140+0000][gc          ] GC(1285) Pause Young (Normal) (G1 Evacuation Pause) 421M->373M(1024M) 69.853ms
[2026-01-16T09:58:13.141+0000][gc,cpu      ] GC(1285) User=0.14s Sys=0.01s Real=0.07s
[2026-01-16T09:58:29.887+0000][gc,start    ] GC(1286) Pause Young (Normal) (G1 Evacuation Pause)
[2026-01-16T09:58:29.914+0000][gc,task     ] GC(1286) Using 8 workers of 8 for evacuation
[2026-01-16T09:58:31.181+0000][gc,mmu      ] GC(1286) MMU target violated: 201.0ms (200.0ms/201.0ms)
[2026-01-16T09:58:31.193+0000][gc,phases   ] GC(1286)   Pre Evacuate Collection Set: 125.6ms
[2026-01-16T09:58:31.194+0000][gc,phases   ] GC(1286)   Merge Heap Roots: 44.1ms
[2026-01-16T09:58:31.196+0000][gc,phases   ] GC(1286)   Evacuate Collection Set: 934.3ms
[2026-01-16T09:58:31.196+0000][gc,phases   ] GC(1286)   Post Evacuate Collection Set: 152.1ms
[2026-01-16T09:58:31.196+0000][gc,phases   ] GC(1286)   Other: 35.0ms
[2026-01-16T09:58:31.196+0000][gc,heap     ] GC(1286) Eden regions: 224->0(48)
[2026-01-16T09:58:31.198+0000][gc,heap     ] GC(1286) Survivor regions: 2->3(29)
[2026-01-16T09:58:31.198+0000][gc,heap     ] GC(1286) Old regions: 205->205
[2026-01-16T09:58:31.199+0000][gc,heap     ] GC(1286) Humongous regions: 167->167
[2026-01-16T09:58:31.200+0000][gc,metaspace] GC(1286) Metaspace: 15732K(16128K)->15732K(16128K) NonClass: 13979K(14208K)->13979K(14208K) Class: 1753K(1920K)->1753K(1920K)
[2026-01-16T09:58:31.202+0000][gc          ] GC(1286) Pause Young (Normal) (G1 Evacuation Pause) 597M->374M(1024M) 1315.671ms
[2026-01-16T09:58:31.208+0000][gc,cpu      ] GC(1286) User=0.79s Sys=0.15s Real=1.32s
[2026-01-16T09:58:34.977+0000][gc,start    ] GC(1287) Pause Young (Normal) (G1 Evacuation Pause)
[2026-01-16T09:58:34.994+0000][gc,task     ] GC(1287) Using 8 workers of 8 for evacuation
[2026-01-16T09:58:35.396+0000][gc,mmu      ] GC(1287) MMU target violated: 201.0ms (200.0ms/201.0ms)
[2026-01-16T09:58:35.397+0000][gc,phases   ] GC(1287)   Pre Evacuate Collection Set: 56.6ms
[2026-01-16T09:58:35.397+0000][gc,phases   ] GC(1287)   Merge Heap Roots: 7.9ms
[2026-01-16T09:58:35.398+0000][gc,phases   ] GC(1287)   Evacuate Collection Set: 291.0ms
[2026-01-16T09:58:35.398+0000][gc,phases   ] GC(1287)   Post Evacuate Collection Set: 43.9ms
[2026-01-16T09:58:35.399+0000][gc,phases   ] GC(1287)   Other: 15.2ms
[2026-01-16T09:58:35.401+0000][gc,heap     ] GC(1287) Eden regions: 48->0(47)
[2026-01-16T09:58:35.401+0000][gc,heap     ] GC(1287) Survivor regions: 3->4(7)
[2026-01-16T09:58:35.402+0000][gc,heap     ] GC(1287) Old regions: 205->205
[2026-01-16T09:58:35.403+0000][gc,heap     ] GC(1287) Humongous regions: 167->167
[2026-01-16T09:58:35.404+0000][gc,metaspace] GC(1287) Metaspace: 15732K(16128K)->15732K(16128K) NonClass: 13979K(14208K)->13979K(14208K) Class: 1753K(1920K)->1753K(1920K)
[2026-01-16T09:58:35.408+0000][gc          ] GC(1287) Pause Young (Normal) (G1 Evacuation Pause) 422M->375M(1024M) 431.446ms
[2026-01-16T09:58:35.410+0000][gc,cpu      ] GC(1287) User=0.42s Sys=0.02s Real=0.44s
[2026-01-16T09:58:38.132+0000][gc,start    ] GC(1288) Pause Young (Normal) (G1 Evacuation Pause)
[2026-01-16T09:58:38.134+0000][gc,task     ] GC(1288) Using 8 workers of 8 for evacuation
[2026-01-16T09:58:38.503+0000][gc,mmu      ] GC(1288) MMU target violated: 201.0ms (200.0ms/201.0ms)
[2026-01-16T09:58:38.504+0000][gc,phases   ] GC(1288)   Pre Evacuate Collection Set: 19.5ms
[2026-01-16T09:58:38.504+0000][gc,phases   ] GC(1288)   Merge Heap Roots: 0.4ms
[2026-01-16T09:58:38.504+0000][gc,phases   ] GC(1288)   Evacuate Collection Set: 325.1ms
[2026-01-16T09:58:38.504+0000][gc,phases   ] GC(1288)   Post Evacuate Collection Set: 21.0ms
[2026-01-16T09:58:38.505+0000][gc,phases   ] GC(1288)   Other: 2.3ms
[2026-01-16T09:58:38.506+0000][gc,heap     ] GC(1288) Eden regions: 47->0(46)
[2026-01-16T09:58:38.506+0000][gc,heap     ] GC(1288) Survivor regions: 4->5(7)
[2026-01-16T09:58:38.507+0000][gc,heap     ] GC(1288) Old regions: 205->205
[2026-01-16T09:58:38.511+0000][gc,heap     ] GC(1288) Humongous regions: 167->167
[2026-01-16T09:58:38.511+0000][gc,metaspace] GC(1288) Metaspace: 15732K(16128K)->15732K(16128K) NonClass: 13979K(14208K)->13979K(14208K) Class: 1753K(1920K)->1753K(1920K)
[2026-01-16T09:58:38.511+0000][gc          ] GC(1288) Pause Young (Normal) (G1 Evacuation Pause) 422M->376M(1024M) 377.083ms
[2026-01-16T09:58:38.512+0000][gc,cpu      ] GC(1288) User=0.20s Sys=0.01s Real=0.38s
[2026-01-16T09:58:39.365+0000][gc,start    ] GC(1289) Pause Young (Normal) (G1 Evacuation Pause)
[2026-01-16T09:58:39.366+0000][gc,task     ] GC(1289) Using 8 workers of 8 for evacuation
[2026-01-16T09:58:39.544+0000][gc,phases   ] GC(1289)   Pre Evacuate Collection Set: 3.1ms
[2026-01-16T09:58:39.546+0000][gc,phases   ] GC(1289)   Merge Heap Roots: 0.2ms
[2026-01-16T09:58:39.547+0000][gc,phases   ] GC(1289)   Evacuate Collection Set: 163.7ms
[2026-01-16T09:58:39.549+0000][gc,phases   ] GC(1289)   Post Evacuate Collection Set: 8.8ms
[2026-01-16T09:58:39.552+0000][gc,phases   ] GC(1289)   Other: 2.5ms
[2026-01-16T09:58:39.555+0000][gc,heap     ] GC(1289) Eden regions: 46->0(46)
[2026-01-16T09:58:39.558+0000][gc,heap     ] GC(1289) Survivor regions: 5->5(7)
[2026-01-16T09:58:39.558+0000][gc,heap     ] GC(1289) Old regions: 205->206
[2026-01-16T09:58:39.561+0000][gc,heap     ] GC(1289) Humongous regions: 167->167
[2026-01-16T09:58:39.563+0000][gc,metaspace] GC(1289) Metaspace: 15732K(16128K)->15732K(16128K) NonClass: 13979K(14208K)->13979K(14208K) Class: 1753K(1920K)->1753K(1920K)
[2026-01-16T09:58:39.564+0000][gc          ] GC(1289) Pause Young (Normal) (G1 Evacuation Pause) 422M->377M(1024M) 198.383ms
[2026-01-16T09:58:39.564+0000][gc,cpu      ] GC(1289) User=0.11s Sys=0.00s Real=0.20s
[2026-01-16T09:58:40.113+0000][gc,start    ] GC(1290) Pause Young (Normal) (G1 Evacuation Pause)
[2026-01-16T09:58:40.114+0000][gc,task     ] GC(1290) Using 8 workers of 8 for evacuation
[2026-01-16T09:58:40.310+0000][gc,phases   ] GC(1290)   Pre Evacuate Collection Set: 16.8ms
[2026-01-16T09:58:40.310+0000][gc,phases   ] GC(1290)   Merge Heap Roots: 0.2ms
[2026-01-16T09:58:40.311+0000][gc,phases   ] GC(1290)   Evacuate Collection Set: 170.7ms
[2026-01-16T09:58:40.311+0000][gc,phases   ] GC(1290)   Post Evacuate Collection Set: 7.1ms
[2026-01-16T09:58:40.312+0000][gc,phases   ] GC(1290)   Other: 1.0ms
[2026-01-16T09:58:40.314+0000][gc,heap     ] GC(1290) Eden regions: 46->0(48)
[2026-01-16T09:58:40.314+0000][gc,heap     ] GC(1290) Survivor regions: 5->3(7)
[2026-01-16T09:58:40.315+0000][gc,heap     ] GC(1290) Old regions: 206->208
[2026-01-16T09:58:40.316+0000][gc,heap     ] GC(1290) Humongous regions: 167->167
[2026-01-16T09:58:40.316+0000][gc,metaspace] GC(1290) Metaspace: 15732K(16128K)->15732K(16128K) NonClass: 13979K(14208K)->13979K(14208K) Class: 1753K(1920K)->1753K(1920K)
[2026-01-16T09:58:40.317+0000][gc          ] GC(1290) Pause Young (Normal) (G1 Evacuation Pause) 423M->377M(1024M) 204.516ms
[2026-01-16T09:58:40.319+0000][gc,cpu      ] GC(1290) User=0.18s Sys=0.01s Real=0.20s
[2026-01-16T09:58:41.205+0000][gc,start    ] GC(1291) Pause Young (Normal) (G1 Evacuation Pause)
[2026-01-16T09:58:41.207+0000][gc,task     ] GC(1291) Using 8 workers of 8 for evacuation
[2026-01-16T09:58:41.244+0000][gc,phases   ] GC(1291)   Pre Evacuate Collection Set: 1.9ms
[2026-01-16T09:58:41.245+0000][gc,phases   ] GC(1291)   Merge Heap Roots: 0.3ms
[2026-01-16T09:58:41.253+0000][gc,phases   ] GC(1291)   Evacuate Collection Set: 31.0ms
[2026-01-16T09:58:41.256+0000][gc,phases   ] GC(1291)   Post Evacuate Collection Set: 3.2ms
[2026-01-16T09:58:41.257+0000][gc,phases   ] GC(1291)   Other: 0.7ms
[2026-01-16T09:58:41.257+0000][gc,heap     ] GC(1291) Eden regions: 48->0(47)
[2026-01-16T09:58:41.258+0000][gc,heap     ] GC(1291) Survivor regions: 3->4(7)
[2026-01-16T09:58:41.258+0000][gc,heap     ] GC(1291) Old regions: 208->208
[2026-01-16T09:58:41.258+0000][gc,heap     ] GC(1291) Humongous regions: 167->167
[2026-01-16T09:58:41.258+0000][gc,metaspace] GC(1291) Metaspace: 15734K(16128K)->15734K(16128K) NonClass: 13980K(14208K)->13980K(14208K) Class: 1753K(1920K)->1753K(1920K)
[2026-01-16T09:58:41.259+0000][gc          ] GC(1291) Pause Young (Normal) (G1 Evacuation Pause) 425M->377M(1024M) 53.328ms
[2026-01-16T09:58:41.259+0000][gc,cpu      ] GC(1291) User=0.05s Sys=0.00s Real=0.05s
[2026-01-16T09:58:42.104+0000][gc,start    ] GC(1292) Pause Young (Normal) (G1 Evacuation Pause)
[2026-01-16T09:58:42.106+0000][gc,task     ] GC(1292) Using 8 workers of 8 for evacuation
[2026-01-16T09:58:42.223+0000][gc,phases   ] GC(1292)   Pre Evacuate Collection Set: 13.2ms
[2026-01-16T09:58:42.223+0000][gc,phases   ] GC(1292)   Merge Heap Roots: 0.3ms
[2026-01-16T09:58:42.225+0000][gc,phases   ] GC(1292)   Evacuate Collection Set: 89.4ms
[2026-01-16T09:58:42.226+0000][gc,phases   ] GC(1292)   Post Evacuate Collection Set: 9.9ms
[2026-01-16T09:58:42.226+0000][gc,phases   ] GC(1292)   Other: 4.7ms
[2026-01-16T09:58:42.227+0000][gc,heap     ] GC(1292) Eden regions: 47->0(46)
[2026-01-16T09:58:42.228+0000][gc,heap     ] GC(1292) Survivor regions: 4->5(7)
[2026-01-16T09:58:42.230+0000][gc,heap     ] GC(1292) Old regions: 208->208
[2026-01-16T09:58:42.230+0000][gc,heap     ] GC(1292) Humongous regions: 167->167
[2026-01-16T09:58:42.231+0000][gc,metaspace] GC(1292) Metaspace: 15734K(16128K)->15734K(16128K) NonClass: 13980K(14208K)->13980K(14208K) Class: 1753K(1920K)->1753K(1920K)
[2026-01-16T09:58:42.232+0000][gc          ] GC(1292) Pause Young (Normal) (G1 Evacuation Pause) 424M->378M(1024M) 128.336ms
[2026-01-16T09:58:42.232+0000][gc,cpu      ] GC(1292) User=0.09s Sys=0.01s Real=0.13s
[2026-01-16T09:58:43.828+0000][gc,start    ] GC(1293) Pause Young (Normal) (G1 Evacuation Pause)
[2026-01-16T09:58:43.829+0000][gc,task     ] GC(1293) Using 8 workers of 8 for evacuation
[2026-01-16T09:58:44.080+0000][gc,mmu      ] GC(1293) MMU target violated: 201.0ms (200.0ms/201.0ms)
[2026-01-16T09:58:44.081+0000][gc,phases   ] GC(1293)   Pre Evacuate Collection Set: 12.4ms
[2026-01-16T09:58:44.081+0000][gc,phases   ] GC(1293)   Merge Heap Roots: 1.6ms
[2026-01-16T09:58:44.081+0000][gc,phases   ] GC(1293)   Evacuate Collection Set: 223.4ms
[2026-01-16T09:58:44.084+0000][gc,phases   ] GC(1293)   Post Evacuate Collection Set: 13.2ms
[2026-01-16T09:58:44.085+0000][gc,phases   ] GC(1293)   Other: 1.4ms
[2026-01-16T09:58:44.086+0000][gc,heap     ] GC(1293) Eden regions: 46->0(49)
[2026-01-16T09:58:44.087+0000][gc,heap     ] GC(1293) Survivor regions: 5->2(7)
[2026-01-16T09:58:44.091+0000][gc,heap     ] GC(1293) Old regions: 208->208
[2026-01-16T09:58:44.092+0000][gc,heap     ] GC(1293) Humongous regions: 167->167
[2026-01-16T09:58:44.092+0000][gc,metaspace] GC(1293) Metaspace: 15734K(16128K)->15734K(16128K) NonClass: 13980K(14208K)->13980K(14208K) Class: 1753K(1920K)->1753K(1920K)
[2026-01-16T09:58:44.094+0000][gc          ] GC(1293) Pause Young (Normal) (G1 Evacuation Pause) 424M->376M(1024M) 265.185ms
[2026-01-16T09:58:44.096+0000][gc,cpu      ] GC(1293) User=0.15s Sys=0.02s Real=0.27s
[2026-01-16T09:58:44.729+0000][gc,start    ] GC(1294) Pause Young (Normal) (G1 Evacuation Pause)
[2026-01-16T09:58:44.731+0000][gc,task     ] GC(1294) Using 8 workers of 8 for evacuation
[2026-01-16T09:58:44.776+0000][gc,phases   ] GC(1294)   Pre Evacuate Collection Set: 1.8ms
[2026-01-16T09:58:44.776+0000][gc,phases   ] GC(1294)   Merge Heap Roots: 0.2ms
[2026-01-16T09:58:44.777+0000][gc,phases   ] GC(1294)   Evacuate Collection Set: 37.5ms
[2026-01-16T09:58:44.777+0000][gc,phases   ] GC(1294)   Post Evacuate Collection Set: 2.1ms
[2026-01-16T09:58:44.778+0000][gc,phases   ] GC(1294)   Other: 3.5ms
[2026-01-16T09:58:44.778+0000][gc,heap     ] GC(1294) Eden regions: 54->0(52)
[2026-01-16T09:58:44.779+0000][gc,heap     ] GC(1294) Survivor regions: 2->3(7)
[2026-01-16T09:58:44.779+0000][gc,heap     ] GC(1294) Old regions: 208->208
[2026-01-16T09:58:44.779+0000][gc,heap     ] GC(1294) Humongous regions: 167->167
[2026-01-16T09:58:44.780+0000][gc,metaspace] GC(1294) Metaspace: 15734K(16128K)->15734K(16128K) NonClass: 13980K(14208K)->13980K(14208K) Class: 1753K(1920K)->1753K(1920K)
[2026-01-16T09:58:44.780+0000][gc          ] GC(1294) Pause Young (Normal) (G1 Evacuation Pause) 430M->377M(1024M) 51.461ms
[2026-01-16T09:58:44.780+0000][gc,cpu      ] GC(1294) User=0.07s Sys=0.01s Real=0.05s
[2026-01-16T09:58:45.485+0000][gc,start    ] GC(1295) Pause Young (Normal) (G1 Evacuation Pause)
[2026-01-16T09:58:45.486+0000][gc,task     ] GC(1295) Using 8 workers of 8 for evacuation
[2026-01-16T09:58:45.605+0000][gc,phases   ] GC(1295)   Pre Evacuate Collection Set: 4.6ms
[2026-01-16T09:58:45.606+0000][gc,phases   ] GC(1295)   Merge Heap Roots: 0.2ms
[2026-01-16T09:58:45.606+0000][gc,phases   ] GC(1295)   Evacuate Collection Set: 109.1ms
[2026-01-16T09:58:45.609+0000][gc,phases   ] GC(1295)   Post Evacuate Collection Set: 3.9ms
[2026-01-16T09:58:45.610+0000][gc,phases   ] GC(1295)   Other: 1.8ms
[2026-01-16T09:58:45.611+0000][gc,heap     ] GC(1295) Eden regions: 58->0(47)
[2026-01-16T09:58:45.611+0000][gc,heap     ] GC(1295) Survivor regions: 3->4(8)
[2026-01-16T09:58:45.611+0000][gc,heap     ] GC(1295) Old regions: 208->208
[2026-01-16T09:58:45.611+0000][gc,heap     ] GC(1295) Humongous regions: 167->167
[2026-01-16T09:58:45.611+0000][gc,metaspace] GC(1295) Metaspace: 15734K(16128K)->15734K(16128K) NonClass: 13980K(14208K)->13980K(14208K) Class: 1753K(1920K)->1753K(1920K)
[2026-01-16T09:58:45.612+0000][gc          ] GC(1295) Pause Young (Normal) (G1 Evacuation Pause) 435M->378M(1024M) 126.532ms
[2026-01-16T09:58:45.612+0000][gc,cpu      ] GC(1295) User=0.12s Sys=0.00s Real=0.13s
[2026-01-16T09:58:53.419+0000][gc,start    ] GC(1296) Pause Young (Normal) (G1 Evacuation Pause)
[2026-01-16T09:58:53.421+0000][gc,task     ] GC(1296) Using 8 workers of 8 for evacuation
[2026-01-16T09:58:53.779+0000][gc,mmu      ] GC(1296) MMU target violated: 201.0ms (200.0ms/201.0ms)
[2026-01-16T09:58:53.780+0000][gc,phases   ] GC(1296)   Pre Evacuate Collection Set: 27.6ms
[2026-01-16T09:58:53.781+0000][gc,phases   ] GC(1296)   Merge Heap Roots: 8.4ms
[2026-01-16T09:58:53.782+0000][gc,phases   ] GC(1296)   Evacuate Collection Set: 279.7ms
[2026-01-16T09:58:53.783+0000][gc,phases   ] GC(1296)   Post Evacuate Collection Set: 36.7ms
[2026-01-16T09:58:53.786+0000][gc,phases   ] GC(1296)   Other: 7.8ms
[2026-01-16T09:58:53.787+0000][gc,heap     ] GC(1296) Eden regions: 47->0(49)
[2026-01-16T09:58:53.788+0000][gc,heap     ] GC(1296) Survivor regions: 4->2(7)
[2026-01-16T09:58:53.789+0000][gc,heap     ] GC(1296) Old regions: 208->208
[2026-01-16T09:58:53.789+0000][gc,heap     ] GC(1296) Humongous regions: 167->167
[2026-01-16T09:58:53.789+0000][gc,metaspace] GC(1296) Metaspace: 15734K(16128K)->15734K(16128K) NonClass: 13980K(14208K)->13980K(14208K) Class: 1753K(1920K)->1753K(1920K)
[2026-01-16T09:58:53.789+0000][gc          ] GC(1296) Pause Young (Normal) (G1 Evacuation Pause) 425M->376M(1024M) 370.101ms
[2026-01-16T09:58:53.789+0000][gc,cpu      ] GC(1296) User=0.28s Sys=0.02s Real=0.37s
[2026-01-16T09:58:56.843+0000][gc,start    ] GC(1297) Pause Young (Normal) (G1 Evacuation Pause)
[2026-01-16T09:58:56.847+0000][gc,task     ] GC(1297) Using 8 workers of 8 for evacuation
[2026-01-16T09:58:57.315+0000][gc,mmu      ] GC(1297) MMU target violated: 201.0ms (200.0ms/201.0ms)
[2026-01-16T09:58:57.322+0000][gc,phases   ] GC(1297)   Pre Evacuate Collection Set: 70.8ms
[2026-01-16T09:58:57.325+0000][gc,phases   ] GC(1297)   Merge Heap Roots: 4.3ms
[2026-01-16T09:58:57.326+0000][gc,phases   ] GC(1297)   Evacuate Collection Set: 378.2ms
[2026-01-16T09:58:57.327+0000][gc,phases   ] GC(1297)   Post Evacuate Collection Set: 9.9ms
[2026-01-16T09:58:57.328+0000][gc,phases   ] GC(1297)   Other: 11.2ms
[2026-01-16T09:58:57.329+0000][gc,heap     ] GC(1297) Eden regions: 49->0(48)
[2026-01-16T09:58:57.329+0000][gc,heap     ] GC(1297) Survivor regions: 2->3(7)
[2026-01-16T09:58:57.331+0000][gc,heap     ] GC(1297) Old regions: 208->208
[2026-01-16T09:58:57.333+0000][gc,heap     ] GC(1297) Humongous regions: 167->167
[2026-01-16T09:58:57.338+0000][gc,metaspace] GC(1297) Metaspace: 15734K(16128K)->15734K(16128K) NonClass: 13980K(14208K)->13980K(14208K) Class: 1753K(1920K)->1753K(1920K)
[2026-01-16T09:58:57.339+0000][gc          ] GC(1297) Pause Young (Normal) (G1 Evacuation Pause) 425M->377M(1024M) 495.317ms
[2026-01-16T09:58:57.339+0000][gc,cpu      ] GC(1297) User=0.17s Sys=0.02s Real=0.49s
[2026-01-16T09:58:58.233+0000][gc,start    ] GC(1298) Pause Young (Normal) (G1 Evacuation Pause)
[2026-01-16T09:58:58.247+0000][gc,task     ] GC(1298) Using 8 workers of 8 for evacuation
[2026-01-16T09:58:58.416+0000][gc,phases   ] GC(1298)   Pre Evacuate Collection Set: 17.4ms
[2026-01-16T09:58:58.418+0000][gc,phases   ] GC(1298)   Merge Heap Roots: 0.4ms
[2026-01-16T09:58:58.419+0000][gc,phases   ] GC(1298)   Evacuate Collection Set: 144.0ms
[2026-01-16T09:58:58.419+0000][gc,phases   ] GC(1298)   Post Evacuate Collection Set: 5.2ms
[2026-01-16T09:58:58.420+0000][gc,phases   ] GC(1298)   Other: 1.0ms
[2026-01-16T09:58:58.421+0000][gc,heap     ] GC(1298) Eden regions: 48->0(47)
[2026-01-16T09:58:58.421+0000][gc,heap     ] GC(1298) Survivor regions: 3->4(7)
[2026-01-16T09:58:58.421+0000][gc,heap     ] GC(1298) Old regions: 208->208
[2026-01-16T09:58:58.422+0000][gc,heap     ] GC(1298) Humongous regions: 167->167
[2026-01-16T09:58:58.423+0000][gc,metaspace] GC(1298) Metaspace: 15734K(16128K)->15734K(16128K) NonClass: 13980K(14208K)->13980K(14208K) Class: 1753K(1920K)->1753K(1920K)
[2026-01-16T09:58:58.423+0000][gc          ] GC(1298) Pause Young (Normal) (G1 Evacuation Pause) 425M->378M(1024M) 189.807ms
[2026-01-16T09:58:58.424+0000][gc,cpu      ] GC(1298) User=0.08s Sys=0.01s Real=0.19s
[2026-01-16T09:58:59.351+0000][gc,start    ] GC(1299) Pause Young (Normal) (G1 Evacuation Pause)
[2026-01-16T09:58:59.355+0000][gc,task     ] GC(1299) Using 8 workers of 8 for evacuation
[2026-01-16T09:58:59.432+0000][gc,phases   ] GC(1299)   Pre Evacuate Collection Set: 6.1ms
[2026-01-16T09:58:59.436+0000][gc,phases   ] GC(1299)   Merge Heap Roots: 1.8ms
[2026-01-16T09:58:59.447+0000][gc,phases   ] GC(1299)   Evacuate Collection Set: 55.9ms
[2026-01-16T09:58:59.448+0000][gc,phases   ] GC(1299)   Post Evacuate Collection Set: 4.5ms
[2026-01-16T09:58:59.449+0000][gc,phases   ] GC(1299)   Other: 8.8ms
[2026-01-16T09:58:59.450+0000][gc,heap     ] GC(1299) Eden regions: 47->0(46)
[2026-01-16T09:58:59.450+0000][gc,heap     ] GC(1299) Survivor regions: 4->5(7)
[2026-01-16T09:58:59.450+0000][gc,heap     ] GC(1299) Old regions: 208->208
[2026-01-16T09:58:59.451+0000][gc,heap     ] GC(1299) Humongous regions: 167->167
[2026-01-16T09:58:59.451+0000][gc,metaspace] GC(1299) Metaspace: 15734K(16128K)->15734K(16128K) NonClass: 13980K(14208K)->13980K(14208K) Class: 1753K(1920K)->1753K(1920K)
[2026-01-16T09:58:59.451+0000][gc          ] GC(1299) Pause Young (Normal) (G1 Evacuation Pause) 425M->378M(1024M) 100.007ms
[2026-01-16T09:58:59.455+0000][gc,cpu      ] GC(1299) User=0.04s Sys=0.01s Real=0.10s
[2026-01-16T09:59:03.514+0000][gc,start    ] GC(1300) Pause Young (Normal) (G1 Evacuation Pause)
[2026-01-16T09:59:03.521+0000][gc,task     ] GC(1300) Using 8 workers of 8 for evacuation
[2026-01-16T09:59:03.721+0000][gc,phases   ] GC(1300)   Pre Evacuate Collection Set: 24.9ms
[2026-01-16T09:59:03.721+0000][gc,phases   ] GC(1300)   Merge Heap Roots: 5.0ms
[2026-01-16T09:59:03.722+0000][gc,phases   ] GC(1300)   Evacuate Collection Set: 150.1ms
[2026-01-16T09:59:03.722+0000][gc,phases   ] GC(1300)   Post Evacuate Collection Set: 15.7ms
[2026-01-16T09:59:03.725+0000][gc,phases   ] GC(1300)   Other: 5.1ms
[2026-01-16T09:59:03.725+0000][gc,heap     ] GC(1300) Eden regions: 46->0(49)
[2026-01-16T09:59:03.725+0000][gc,heap     ] GC(1300) Survivor regions: 5->2(7)
[2026-01-16T09:59:03.727+0000][gc,heap     ] GC(1300) Old regions: 208->209
[2026-01-16T09:59:03.727+0000][gc,heap     ] GC(1300) Humongous regions: 167->167
[2026-01-16T09:59:03.728+0000][gc,metaspace] GC(1300) Metaspace: 15734K(16128K)->15734K(16128K) NonClass: 13980K(14208K)->13980K(14208K) Class: 1753K(1920K)->1753K(1920K)
[2026-01-16T09:59:03.729+0000][gc          ] GC(1300) Pause Young (Normal) (G1 Evacuation Pause) 424M->377M(1024M) 215.086ms
[2026-01-16T09:59:03.731+0000][gc,cpu      ] GC(1300) User=0.19s Sys=0.01s Real=0.22s
[2026-01-16T09:59:05.964+0000][gc,start    ] GC(1301) Pause Young (Normal) (G1 Evacuation Pause)
[2026-01-16T09:59:05.969+0000][gc,task     ] GC(1301) Using 8 workers of 8 for evacuation
[2026-01-16T09:59:06.088+0000][gc,phases   ] GC(1301)   Pre Evacuate Collection Set: 9.2ms
[2026-01-16T09:59:06.091+0000][gc,phases   ] GC(1301)   Merge Heap Roots: 1.5ms
[2026-01-16T09:59:06.091+0000][gc,phases   ] GC(1301)   Evacuate Collection Set: 97.0ms
[2026-01-16T09:59:06.093+0000][gc,phases   ] GC(1301)   Post Evacuate Collection Set: 7.3ms
[2026-01-16T09:59:06.093+0000][gc,phases   ] GC(1301)   Other: 4.5ms
[2026-01-16T09:59:06.094+0000][gc,heap     ] GC(1301) Eden regions: 49->0(48)
[2026-01-16T09:59:06.094+0000][gc,heap     ] GC(1301) Survivor regions: 2->3(7)
[2026-01-16T09:59:06.096+0000][gc,heap     ] GC(1301) Old regions: 209->209
[2026-01-16T09:59:06.098+0000][gc,heap     ] GC(1301) Humongous regions: 167->167
[2026-01-16T09:59:06.098+0000][gc,metaspace] GC(1301) Metaspace: 15734K(16128K)->15734K(16128K) NonClass: 13980K(14208K)->13980K(14208K) Class: 1753K(1920K)->1753K(1920K)
[2026-01-16T09:59:06.099+0000][gc          ] GC(1301) Pause Young (Normal) (G1 Evacuation Pause) 426M->377M(1024M) 134.528ms
[2026-01-16T09:59:06.099+0000][gc,cpu      ] GC(1301) User=0.14s Sys=0.00s Real=0.13s
[2026-01-16T09:59:07.129+0000][gc,start    ] GC(1302) Pause Young (Normal) (G1 Evacuation Pause)
[2026-01-16T09:59:07.163+0000][gc,task     ] GC(1302) Using 8 workers of 8 for evacuation
[2026-01-16T09:59:07.323+0000][gc,phases   ] GC(1302)   Pre Evacuate Collection Set: 14.0ms
[2026-01-16T09:59:07.324+0000][gc,phases   ] GC(1302)   Merge Heap Roots: 0.4ms
[2026-01-16T09:59:07.328+0000][gc,phases   ] GC(1302)   Evacuate Collection Set: 130.0ms
[2026-01-16T09:59:07.328+0000][gc,phases   ] GC(1302)   Post Evacuate Collection Set: 9.4ms
[2026-01-16T09:59:07.328+0000][gc,phases   ] GC(1302)   Other: 6.0ms
[2026-01-16T09:59:07.328+0000][gc,heap     ] GC(1302) Eden regions: 48->0(47)
[2026-01-16T09:59:07.328+0000][gc,heap     ] GC(1302) Survivor regions: 3->4(7)
[2026-01-16T09:59:07.328+0000][gc,heap     ] GC(1302) Old regions: 209->209
[2026-01-16T09:59:07.328+0000][gc,heap     ] GC(1302) Humongous regions: 167->167
[2026-01-16T09:59:07.328+0000][gc,metaspace] GC(1302) Metaspace: 15734K(16128K)->15734K(16128K) NonClass: 13980K(14208K)->13980K(14208K) Class: 1753K(1920K)->1753K(1920K)
[2026-01-16T09:59:07.329+0000][gc          ] GC(1302) Pause Young (Normal) (G1 Evacuation Pause) 425M->378M(1024M) 199.939ms
[2026-01-16T09:59:07.329+0000][gc,cpu      ] GC(1302) User=0.07s Sys=0.00s Real=0.21s
[2026-01-16T09:59:08.083+0000][gc,start    ] GC(1303) Pause Young (Normal) (G1 Evacuation Pause)
[2026-01-16T09:59:08.085+0000][gc,task     ] GC(1303) Using 8 workers of 8 for evacuation
[2026-01-16T09:59:08.108+0000][gc,phases   ] GC(1303)   Pre Evacuate Collection Set: 2.4ms
[2026-01-16T09:59:08.108+0000][gc,phases   ] GC(1303)   Merge Heap Roots: 0.2ms
[2026-01-16T09:59:08.109+0000][gc,phases   ] GC(1303)   Evacuate Collection Set: 17.7ms
[2026-01-16T09:59:08.109+0000][gc,phases   ] GC(1303)   Post Evacuate Collection Set: 2.1ms
[2026-01-16T09:59:08.109+0000][gc,phases   ] GC(1303)   Other: 0.7ms
[2026-01-16T09:59:08.109+0000][gc,heap     ] GC(1303) Eden regions: 47->0(59)
[2026-01-16T09:59:08.110+0000][gc,heap     ] GC(1303) Survivor regions: 4->4(7)
[2026-01-16T09:59:08.110+0000][gc,heap     ] GC(1303) Old regions: 209->209
[2026-01-16T09:59:08.111+0000][gc,heap     ] GC(1303) Humongous regions: 167->167
[2026-01-16T09:59:08.112+0000][gc,metaspace] GC(1303) Metaspace: 15734K(16128K)->15734K(16128K) NonClass: 13980K(14208K)->13980K(14208K) Class: 1753K(1920K)->1753K(1920K)
[2026-01-16T09:59:08.114+0000][gc          ] GC(1303) Pause Young (Normal) (G1 Evacuation Pause) 425M->379M(1024M) 30.742ms
[2026-01-16T09:59:08.114+0000][gc,cpu      ] GC(1303) User=0.04s Sys=0.00s Real=0.03s
[2026-01-16T09:59:13.774+0000][gc,start    ] GC(1304) Pause Young (Normal) (G1 Evacuation Pause)
[2026-01-16T09:59:13.775+0000][gc,task     ] GC(1304) Using 8 workers of 8 for evacuation
[2026-01-16T09:59:13.935+0000][gc,phases   ] GC(1304)   Pre Evacuate Collection Set: 10.3ms
[2026-01-16T09:59:13.935+0000][gc,phases   ] GC(1304)   Merge Heap Roots: 1.5ms
[2026-01-16T09:59:13.936+0000][gc,phases   ] GC(1304)   Evacuate Collection Set: 127.2ms
[2026-01-16T09:59:13.936+0000][gc,phases   ] GC(1304)   Post Evacuate Collection Set: 18.6ms
[2026-01-16T09:59:13.936+0000][gc,phases   ] GC(1304)   Other: 2.8ms
[2026-01-16T09:59:13.936+0000][gc,heap     ] GC(1304) Eden regions: 57->0(129)
[2026-01-16T09:59:13.936+0000][gc,heap     ] GC(1304) Survivor regions: 4->3(8)
[2026-01-16T09:59:13.936+0000][gc,heap     ] GC(1304) Old regions: 209->209
[2026-01-16T09:59:13.936+0000][gc,heap     ] GC(1304) Humongous regions: 167->167
[2026-01-16T09:59:13.936+0000][gc,metaspace] GC(1304) Metaspace: 15734K(16128K)->15734K(16128K) NonClass: 13980K(14208K)->13980K(14208K) Class: 1753K(1920K)->1753K(1920K)
[2026-01-16T09:59:13.936+0000][gc          ] GC(1304) Pause Young (Normal) (G1 Evacuation Pause) 436M->377M(1024M) 162.708ms
[2026-01-16T09:59:13.937+0000][gc,cpu      ] GC(1304) User=0.16s Sys=0.01s Real=0.16s
[2026-01-16T09:59:18.233+0000][gc,start    ] GC(1305) Pause Young (Normal) (G1 Evacuation Pause)
[2026-01-16T09:59:18.234+0000][gc,task     ] GC(1305) Using 8 workers of 8 for evacuation
[2026-01-16T09:59:18.510+0000][gc,mmu      ] GC(1305) MMU target violated: 201.0ms (200.0ms/201.0ms)
[2026-01-16T09:59:18.510+0000][gc,phases   ] GC(1305)   Pre Evacuate Collection Set: 30.9ms
[2026-01-16T09:59:18.510+0000][gc,phases   ] GC(1305)   Merge Heap Roots: 7.7ms
[2026-01-16T09:59:18.510+0000][gc,phases   ] GC(1305)   Evacuate Collection Set: 221.2ms
[2026-01-16T09:59:18.511+0000][gc,phases   ] GC(1305)   Post Evacuate Collection Set: 16.1ms
[2026-01-16T09:59:18.511+0000][gc,phases   ] GC(1305)   Other: 0.8ms
[2026-01-16T09:59:18.511+0000][gc,heap     ] GC(1305) Eden regions: 119->0(47)
[2026-01-16T09:59:18.512+0000][gc,heap     ] GC(1305) Survivor regions: 3->4(16)
[2026-01-16T09:59:18.513+0000][gc,heap     ] GC(1305) Old regions: 209->209
[2026-01-16T09:59:18.514+0000][gc,heap     ] GC(1305) Humongous regions: 167->167
[2026-01-16T09:59:18.515+0000][gc,metaspace] GC(1305) Metaspace: 15734K(16128K)->15734K(16128K) NonClass: 13980K(14208K)->13980K(14208K) Class: 1753K(1920K)->1753K(1920K)
[2026-01-16T09:59:18.516+0000][gc          ] GC(1305) Pause Young (Normal) (G1 Evacuation Pause) 496M->379M(1024M) 282.816ms
[2026-01-16T09:59:18.517+0000][gc,cpu      ] GC(1305) User=0.57s Sys=0.07s Real=0.29s
[2026-01-16T09:59:23.396+0000][gc,start    ] GC(1306) Pause Young (Normal) (G1 Evacuation Pause)
[2026-01-16T09:59:23.396+0000][gc,task     ] GC(1306) Using 8 workers of 8 for evacuation
[2026-01-16T09:59:23.488+0000][gc,phases   ] GC(1306)   Pre Evacuate Collection Set: 9.5ms
[2026-01-16T09:59:23.489+0000][gc,phases   ] GC(1306)   Merge Heap Roots: 6.0ms
[2026-01-16T09:59:23.489+0000][gc,phases   ] GC(1306)   Evacuate Collection Set: 63.9ms
[2026-01-16T09:59:23.489+0000][gc,phases   ] GC(1306)   Post Evacuate Collection Set: 11.4ms
[2026-01-16T09:59:23.489+0000][gc,phases   ] GC(1306)   Other: 0.6ms
[2026-01-16T09:59:23.489+0000][gc,heap     ] GC(1306) Eden regions: 47->0(166)
[2026-01-16T09:59:23.490+0000][gc,heap     ] GC(1306) Survivor regions: 4->2(7)
[2026-01-16T09:59:23.490+0000][gc,heap     ] GC(1306) Old regions: 209->209
[2026-01-16T09:59:23.490+0000][gc,heap     ] GC(1306) Humongous regions: 167->167
[2026-01-16T09:59:23.490+0000][gc,metaspace] GC(1306) Metaspace: 15734K(16128K)->15734K(16128K) NonClass: 13980K(14208K)->13980K(14208K) Class: 1753K(1920K)->1753K(1920K)
[2026-01-16T09:59:23.490+0000][gc          ] GC(1306) Pause Young (Normal) (G1 Evacuation Pause) 426M->377M(1024M) 94.719ms
[2026-01-16T09:59:23.490+0000][gc,cpu      ] GC(1306) User=0.13s Sys=0.00s Real=0.10s
[2026-01-16T09:59:29.993+0000][gc,start    ] GC(1307) Pause Young (Normal) (G1 Evacuation Pause)
[2026-01-16T09:59:29.995+0000][gc,task     ] GC(1307) Using 8 workers of 8 for evacuation
[2026-01-16T09:59:30.578+0000][gc,mmu      ] GC(1307) MMU target violated: 201.0ms (200.0ms/201.0ms)
[2026-01-16T09:59:30.583+0000][gc,phases   ] GC(1307)   Pre Evacuate Collection Set: 156.5ms
[2026-01-16T09:59:30.586+0000][gc,phases   ] GC(1307)   Merge Heap Roots: 13.8ms
[2026-01-16T09:59:30.587+0000][gc,phases   ] GC(1307)   Evacuate Collection Set: 370.8ms
[2026-01-16T09:59:30.587+0000][gc,phases   ] GC(1307)   Post Evacuate Collection Set: 39.8ms
[2026-01-16T09:59:30.588+0000][gc,phases   ] GC(1307)   Other: 8.0ms
[2026-01-16T09:59:30.591+0000][gc,heap     ] GC(1307) Eden regions: 159->0(49)
[2026-01-16T09:59:30.592+0000][gc,heap     ] GC(1307) Survivor regions: 2->2(21)
[2026-01-16T09:59:30.594+0000][gc,heap     ] GC(1307) Old regions: 209->209
[2026-01-16T09:59:30.594+0000][gc,heap     ] GC(1307) Humongous regions: 167->167
[2026-01-16T09:59:30.595+0000][gc,metaspace] GC(1307) Metaspace: 15734K(16128K)->15734K(16128K) NonClass: 13980K(14208K)->13980K(14208K) Class: 1753K(1920K)->1753K(1920K)
[2026-01-16T09:59:30.596+0000][gc          ] GC(1307) Pause Young (Normal) (G1 Evacuation Pause) 536M->377M(1024M) 604.137ms
[2026-01-16T09:59:30.598+0000][gc,cpu      ] GC(1307) User=0.42s Sys=0.11s Real=0.61s
[2026-01-16T09:59:34.555+0000][gc,start    ] GC(1308) Pause Young (Normal) (G1 Evacuation Pause)
[2026-01-16T09:59:34.563+0000][gc,task     ] GC(1308) Using 8 workers of 8 for evacuation
[2026-01-16T09:59:34.778+0000][gc,mmu      ] GC(1308) MMU target violated: 201.0ms (200.0ms/201.0ms)
[2026-01-16T09:59:34.780+0000][gc,phases   ] GC(1308)   Pre Evacuate Collection Set: 22.6ms
[2026-01-16T09:59:34.781+0000][gc,phases   ] GC(1308)   Merge Heap Roots: 2.2ms
[2026-01-16T09:59:34.782+0000][gc,phases   ] GC(1308)   Evacuate Collection Set: 148.3ms
[2026-01-16T09:59:34.784+0000][gc,phases   ] GC(1308)   Post Evacuate Collection Set: 41.4ms
[2026-01-16T09:59:34.786+0000][gc,phases   ] GC(1308)   Other: 2.7ms
[2026-01-16T09:59:34.789+0000][gc,heap     ] GC(1308) Eden regions: 49->0(48)
[2026-01-16T09:59:34.789+0000][gc,heap     ] GC(1308) Survivor regions: 2->3(7)
[2026-01-16T09:59:34.789+0000][gc,heap     ] GC(1308) Old regions: 209->209
[2026-01-16T09:59:34.789+0000][gc,heap     ] GC(1308) Humongous regions: 167->167
[2026-01-16T09:59:34.789+0000][gc,metaspace] GC(1308) Metaspace: 15734K(16128K)->15734K(16128K) NonClass: 13980K(14208K)->13980K(14208K) Class: 1753K(1920K)->1753K(1920K)
[2026-01-16T09:59:34.789+0000][gc          ] GC(1308) Pause Young (Normal) (G1 Evacuation Pause) 426M->378M(1024M) 238.248ms
[2026-01-16T09:59:34.789+0000][gc,cpu      ] GC(1308) User=0.21s Sys=0.03s Real=0.24s
[2026-01-16T09:59:35.588+0000][gc,start    ] GC(1309) Pause Young (Normal) (G1 Evacuation Pause)
[2026-01-16T09:59:35.591+0000][gc,task     ] GC(1309) Using 8 workers of 8 for evacuation
[2026-01-16T09:59:35.664+0000][gc,phases   ] GC(1309)   Pre Evacuate Collection Set: 3.7ms
[2026-01-16T09:59:35.664+0000][gc,phases   ] GC(1309)   Merge Heap Roots: 0.4ms
[2026-01-16T09:59:35.664+0000][gc,phases   ] GC(1309)   Evacuate Collection Set: 60.7ms
[2026-01-16T09:59:35.664+0000][gc,phases   ] GC(1309)   Post Evacuate Collection Set: 7.5ms
[2026-01-16T09:59:35.665+0000][gc,phases   ] GC(1309)   Other: 0.4ms
[2026-01-16T09:59:35.665+0000][gc,heap     ] GC(1309) Eden regions: 48->0(48)
[2026-01-16T09:59:35.665+0000][gc,heap     ] GC(1309) Survivor regions: 3->3(7)
[2026-01-16T09:59:35.666+0000][gc,heap     ] GC(1309) Old regions: 209->210
[2026-01-16T09:59:35.666+0000][gc,heap     ] GC(1309) Humongous regions: 167->167
[2026-01-16T09:59:35.667+0000][gc,metaspace] GC(1309) Metaspace: 15734K(16128K)->15734K(16128K) NonClass: 13980K(14208K)->13980K(14208K) Class: 1753K(1920K)->1753K(1920K)
[2026-01-16T09:59:35.667+0000][gc          ] GC(1309) Pause Young (Normal) (G1 Evacuation Pause) 426M->378M(1024M) 79.132ms
[2026-01-16T09:59:35.667+0000][gc,cpu      ] GC(1309) User=0.05s Sys=0.00s Real=0.08s
[2026-01-16T09:59:36.397+0000][gc,start    ] GC(1310) Pause Young (Normal) (G1 Evacuation Pause)
[2026-01-16T09:59:36.400+0000][gc,task     ] GC(1310) Using 8 workers of 8 for evacuation
[2026-01-16T09:59:36.546+0000][gc,phases   ] GC(1310)   Pre Evacuate Collection Set: 9.8ms
[2026-01-16T09:59:36.547+0000][gc,phases   ] GC(1310)   Merge Heap Roots: 1.4ms
[2026-01-16T09:59:36.550+0000][gc,phases   ] GC(1310)   Evacuate Collection Set: 114.1ms
[2026-01-16T09:59:36.551+0000][gc,phases   ] GC(1310)   Post Evacuate Collection Set: 19.7ms
[2026-01-16T09:59:36.551+0000][gc,phases   ] GC(1310)   Other: 1.2ms
[2026-01-16T09:59:36.552+0000][gc,heap     ] GC(1310) Eden regions: 48->0(47)
[2026-01-16T09:59:36.552+0000][gc,heap     ] GC(1310) Survivor regions: 3->4(7)
[2026-01-16T09:59:36.553+0000][gc,heap     ] GC(1310) Old regions: 210->210
[2026-01-16T09:59:36.553+0000][gc,heap     ] GC(1310) Humongous regions: 167->167
[2026-01-16T09:59:36.553+0000][gc,metaspace] GC(1310) Metaspace: 15734K(16128K)->15734K(16128K) NonClass: 13980K(14208K)->13980K(14208K) Class: 1753K(1920K)->1753K(1920K)
[2026-01-16T09:59:36.553+0000][gc          ] GC(1310) Pause Young (Normal) (G1 Evacuation Pause) 426M->379M(1024M) 155.943ms
[2026-01-16T09:59:36.553+0000][gc,cpu      ] GC(1310) User=0.10s Sys=0.01s Real=0.16s
[2026-01-16T09:59:42.937+0000][gc,start    ] GC(1311) Pause Young (Normal) (G1 Evacuation Pause)
[2026-01-16T09:59:42.939+0000][gc,task     ] GC(1311) Using 8 workers of 8 for evacuation
[2026-01-16T09:59:43.071+0000][gc,phases   ] GC(1311)   Pre Evacuate Collection Set: 21.3ms
[2026-01-16T09:59:43.071+0000][gc,phases   ] GC(1311)   Merge Heap Roots: 2.0ms
[2026-01-16T09:59:43.072+0000][gc,phases   ] GC(1311)   Evacuate Collection Set: 92.7ms
[2026-01-16T09:59:43.072+0000][gc,phases   ] GC(1311)   Post Evacuate Collection Set: 12.3ms
[2026-01-16T09:59:43.072+0000][gc,phases   ] GC(1311)   Other: 4.2ms
[2026-01-16T09:59:43.072+0000][gc,heap     ] GC(1311) Eden regions: 47->0(73)
[2026-01-16T09:59:43.073+0000][gc,heap     ] GC(1311) Survivor regions: 4->2(7)
[2026-01-16T09:59:43.073+0000][gc,heap     ] GC(1311) Old regions: 210->210
[2026-01-16T09:59:43.073+0000][gc,heap     ] GC(1311) Humongous regions: 167->167
[2026-01-16T09:59:43.073+0000][gc,metaspace] GC(1311) Metaspace: 15734K(16128K)->15734K(16128K) NonClass: 13980K(14208K)->13980K(14208K) Class: 1753K(1920K)->1753K(1920K)
[2026-01-16T09:59:43.073+0000][gc          ] GC(1311) Pause Young (Normal) (G1 Evacuation Pause) 426M->378M(1024M) 136.795ms
[2026-01-16T09:59:43.074+0000][gc,cpu      ] GC(1311) User=0.26s Sys=0.01s Real=0.14s
[2026-01-16T09:59:44.334+0000][gc,start    ] GC(1312) Pause Young (Normal) (G1 Evacuation Pause)
[2026-01-16T09:59:44.336+0000][gc,task     ] GC(1312) Using 8 workers of 8 for evacuation
[2026-01-16T09:59:44.390+0000][gc,phases   ] GC(1312)   Pre Evacuate Collection Set: 2.3ms
[2026-01-16T09:59:44.391+0000][gc,phases   ] GC(1312)   Merge Heap Roots: 0.7ms
[2026-01-16T09:59:44.391+0000][gc,phases   ] GC(1312)   Evacuate Collection Set: 46.9ms
[2026-01-16T09:59:44.391+0000][gc,phases   ] GC(1312)   Post Evacuate Collection Set: 2.7ms
[2026-01-16T09:59:44.391+0000][gc,phases   ] GC(1312)   Other: 0.7ms
[2026-01-16T09:59:44.392+0000][gc,heap     ] GC(1312) Eden regions: 73->0(94)
[2026-01-16T09:59:44.392+0000][gc,heap     ] GC(1312) Survivor regions: 2->3(10)
[2026-01-16T09:59:44.392+0000][gc,heap     ] GC(1312) Old regions: 210->210
[2026-01-16T09:59:44.392+0000][gc,heap     ] GC(1312) Humongous regions: 167->167
[2026-01-16T09:59:44.392+0000][gc,metaspace] GC(1312) Metaspace: 15734K(16128K)->15734K(16128K) NonClass: 13980K(14208K)->13980K(14208K) Class: 1753K(1920K)->1753K(1920K)
[2026-01-16T09:59:44.393+0000][gc          ] GC(1312) Pause Young (Normal) (G1 Evacuation Pause) 451M->379M(1024M) 59.127ms
[2026-01-16T09:59:44.393+0000][gc,cpu      ] GC(1312) User=0.09s Sys=0.00s Real=0.06s
[2026-01-16T09:59:45.398+0000][gc,start    ] GC(1313) Pause Young (Normal) (G1 Evacuation Pause)
[2026-01-16T09:59:45.399+0000][gc,task     ] GC(1313) Using 8 workers of 8 for evacuation
[2026-01-16T09:59:45.450+0000][gc,phases   ] GC(1313)   Pre Evacuate Collection Set: 1.3ms
[2026-01-16T09:59:45.454+0000][gc,phases   ] GC(1313)   Merge Heap Roots: 0.7ms
[2026-01-16T09:59:45.456+0000][gc,phases   ] GC(1313)   Evacuate Collection Set: 34.3ms
[2026-01-16T09:59:45.458+0000][gc,phases   ] GC(1313)   Post Evacuate Collection Set: 14.6ms
[2026-01-16T09:59:45.459+0000][gc,phases   ] GC(1313)   Other: 1.0ms
[2026-01-16T09:59:45.459+0000][gc,heap     ] GC(1313) Eden regions: 91->0(121)
[2026-01-16T09:59:45.461+0000][gc,heap     ] GC(1313) Survivor regions: 3->4(12)
[2026-01-16T09:59:45.463+0000][gc,heap     ] GC(1313) Old regions: 210->210
[2026-01-16T09:59:45.464+0000][gc,heap     ] GC(1313) Humongous regions: 167->167
[2026-01-16T09:59:45.466+0000][gc,metaspace] GC(1313) Metaspace: 15734K(16128K)->15734K(16128K) NonClass: 13980K(14208K)->13980K(14208K) Class: 1753K(1920K)->1753K(1920K)
[2026-01-16T09:59:45.466+0000][gc          ] GC(1313) Pause Young (Normal) (G1 Evacuation Pause) 470M->380M(1024M) 67.960ms
[2026-01-16T09:59:45.466+0000][gc,cpu      ] GC(1313) User=0.08s Sys=0.00s Real=0.07s
[2026-01-16T10:00:01.166+0000][gc,start    ] GC(1314) Pause Young (Normal) (G1 Evacuation Pause)
[2026-01-16T10:00:01.169+0000][gc,task     ] GC(1314) Using 8 workers of 8 for evacuation
[2026-01-16T10:00:01.661+0000][gc,mmu      ] GC(1314) MMU target violated: 201.0ms (200.0ms/201.0ms)
[2026-01-16T10:00:01.661+0000][gc,phases   ] GC(1314)   Pre Evacuate Collection Set: 56.0ms
[2026-01-16T10:00:01.662+0000][gc,phases   ] GC(1314)   Merge Heap Roots: 23.2ms
[2026-01-16T10:00:01.663+0000][gc,phases   ] GC(1314)   Evacuate Collection Set: 380.4ms
[2026-01-16T10:00:01.663+0000][gc,phases   ] GC(1314)   Post Evacuate Collection Set: 29.4ms
[2026-01-16T10:00:01.665+0000][gc,phases   ] GC(1314)   Other: 3.4ms
[2026-01-16T10:00:01.665+0000][gc,heap     ] GC(1314) Eden regions: 120->0(48)
[2026-01-16T10:00:01.666+0000][gc,heap     ] GC(1314) Survivor regions: 4->3(16)
[2026-01-16T10:00:01.669+0000][gc,heap     ] GC(1314) Old regions: 210->210
[2026-01-16T10:00:01.671+0000][gc,heap     ] GC(1314) Humongous regions: 167->167
[2026-01-16T10:00:01.672+0000][gc,metaspace] GC(1314) Metaspace: 15734K(16128K)->15734K(16128K) NonClass: 13980K(14208K)->13980K(14208K) Class: 1753K(1920K)->1753K(1920K)
[2026-01-16T10:00:01.673+0000][gc          ] GC(1314) Pause Young (Normal) (G1 Evacuation Pause) 500M->379M(1024M) 507.031ms
[2026-01-16T10:00:01.675+0000][gc,cpu      ] GC(1314) User=0.65s Sys=0.06s Real=0.51s
[2026-01-16T10:00:04.405+0000][gc,start    ] GC(1315) Pause Young (Normal) (G1 Evacuation Pause)
[2026-01-16T10:00:04.413+0000][gc,task     ] GC(1315) Using 8 workers of 8 for evacuation
[2026-01-16T10:00:04.685+0000][gc,mmu      ] GC(1315) MMU target violated: 201.0ms (200.0ms/201.0ms)
[2026-01-16T10:00:04.688+0000][gc,phases   ] GC(1315)   Pre Evacuate Collection Set: 23.0ms
[2026-01-16T10:00:04.690+0000][gc,phases   ] GC(1315)   Merge Heap Roots: 1.5ms
[2026-01-16T10:00:04.690+0000][gc,phases   ] GC(1315)   Evacuate Collection Set: 208.9ms
[2026-01-16T10:00:04.690+0000][gc,phases   ] GC(1315)   Post Evacuate Collection Set: 37.1ms
[2026-01-16T10:00:04.690+0000][gc,phases   ] GC(1315)   Other: 6.6ms
[2026-01-16T10:00:04.691+0000][gc,heap     ] GC(1315) Eden regions: 48->0(47)
[2026-01-16T10:00:04.691+0000][gc,heap     ] GC(1315) Survivor regions: 3->4(7)
[2026-01-16T10:00:04.691+0000][gc,heap     ] GC(1315) Old regions: 210->210
[2026-01-16T10:00:04.692+0000][gc,heap     ] GC(1315) Humongous regions: 167->167
[2026-01-16T10:00:04.693+0000][gc,metaspace] GC(1315) Metaspace: 15734K(16128K)->15734K(16128K) NonClass: 13980K(14208K)->13980K(14208K) Class: 1753K(1920K)->1753K(1920K)
[2026-01-16T10:00:04.693+0000][gc          ] GC(1315) Pause Young (Normal) (G1 Evacuation Pause) 427M->379M(1024M) 288.665ms
[2026-01-16T10:00:04.693+0000][gc,cpu      ] GC(1315) User=0.23s Sys=0.00s Real=0.29s
[2026-01-16T10:00:05.362+0000][gc,start    ] GC(1316) Pause Young (Normal) (G1 Evacuation Pause)
[2026-01-16T10:00:05.363+0000][gc,task     ] GC(1316) Using 8 workers of 8 for evacuation
[2026-01-16T10:00:05.449+0000][gc,phases   ] GC(1316)   Pre Evacuate Collection Set: 1.4ms
[2026-01-16T10:00:05.450+0000][gc,phases   ] GC(1316)   Merge Heap Roots: 1.6ms
[2026-01-16T10:00:05.450+0000][gc,phases   ] GC(1316)   Evacuate Collection Set: 80.9ms
[2026-01-16T10:00:05.450+0000][gc,phases   ] GC(1316)   Post Evacuate Collection Set: 1.8ms
[2026-01-16T10:00:05.451+0000][gc,phases   ] GC(1316)   Other: 0.4ms
[2026-01-16T10:00:05.451+0000][gc,heap     ] GC(1316) Eden regions: 47->0(47)
[2026-01-16T10:00:05.453+0000][gc,heap     ] GC(1316) Survivor regions: 4->4(7)
[2026-01-16T10:00:05.454+0000][gc,heap     ] GC(1316) Old regions: 210->210
[2026-01-16T10:00:05.454+0000][gc,heap     ] GC(1316) Humongous regions: 167->167
[2026-01-16T10:00:05.454+0000][gc,metaspace] GC(1316) Metaspace: 15734K(16128K)->15734K(16128K) NonClass: 13980K(14208K)->13980K(14208K) Class: 1753K(1920K)->1753K(1920K)
[2026-01-16T10:00:05.456+0000][gc          ] GC(1316) Pause Young (Normal) (G1 Evacuation Pause) 426M->380M(1024M) 94.313ms
[2026-01-16T10:00:05.461+0000][gc,cpu      ] GC(1316) User=0.06s Sys=0.00s Real=0.10s
[2026-01-16T10:00:06.065+0000][gc,start    ] GC(1317) Pause Young (Normal) (G1 Evacuation Pause)
[2026-01-16T10:00:06.065+0000][gc,task     ] GC(1317) Using 8 workers of 8 for evacuation
[2026-01-16T10:00:06.128+0000][gc,phases   ] GC(1317)   Pre Evacuate Collection Set: 6.5ms
[2026-01-16T10:00:06.128+0000][gc,phases   ] GC(1317)   Merge Heap Roots: 2.4ms
[2026-01-16T10:00:06.128+0000][gc,phases   ] GC(1317)   Evacuate Collection Set: 49.9ms
[2026-01-16T10:00:06.129+0000][gc,phases   ] GC(1317)   Post Evacuate Collection Set: 2.8ms
[2026-01-16T10:00:06.129+0000][gc,phases   ] GC(1317)   Other: 0.9ms
[2026-01-16T10:00:06.129+0000][gc,heap     ] GC(1317) Eden regions: 47->0(88)
[2026-01-16T10:00:06.129+0000][gc,heap     ] GC(1317) Survivor regions: 4->3(7)
[2026-01-16T10:00:06.129+0000][gc,heap     ] GC(1317) Old regions: 210->210
[2026-01-16T10:00:06.129+0000][gc,heap     ] GC(1317) Humongous regions: 167->167
[2026-01-16T10:00:06.129+0000][gc,metaspace] GC(1317) Metaspace: 15734K(16128K)->15734K(16128K) NonClass: 13981K(14208K)->13981K(14208K) Class: 1753K(1920K)->1753K(1920K)
[2026-01-16T10:00:06.129+0000][gc          ] GC(1317) Pause Young (Normal) (G1 Evacuation Pause) 427M->378M(1024M) 64.664ms
[2026-01-16T10:00:06.129+0000][gc,cpu      ] GC(1317) User=0.07s Sys=0.00s Real=0.06s
[2026-01-16T10:00:07.995+0000][gc,start    ] GC(1318) Pause Young (Normal) (G1 Evacuation Pause)
[2026-01-16T10:00:07.996+0000][gc,task     ] GC(1318) Using 8 workers of 8 for evacuation
[2026-01-16T10:00:08.141+0000][gc,phases   ] GC(1318)   Pre Evacuate Collection Set: 13.4ms
[2026-01-16T10:00:08.142+0000][gc,phases   ] GC(1318)   Merge Heap Roots: 1.7ms
[2026-01-16T10:00:08.142+0000][gc,phases   ] GC(1318)   Evacuate Collection Set: 120.0ms
[2026-01-16T10:00:08.143+0000][gc,phases   ] GC(1318)   Post Evacuate Collection Set: 8.1ms
[2026-01-16T10:00:08.144+0000][gc,phases   ] GC(1318)   Other: 1.3ms
[2026-01-16T10:00:08.145+0000][gc,heap     ] GC(1318) Eden regions: 86->0(62)
[2026-01-16T10:00:08.146+0000][gc,heap     ] GC(1318) Survivor regions: 3->4(12)
[2026-01-16T10:00:08.147+0000][gc,heap     ] GC(1318) Old regions: 210->210
[2026-01-16T10:00:08.147+0000][gc,heap     ] GC(1318) Humongous regions: 167->167
[2026-01-16T10:00:08.147+0000][gc,metaspace] GC(1318) Metaspace: 15734K(16128K)->15734K(16128K) NonClass: 13981K(14208K)->13981K(14208K) Class: 1753K(1920K)->1753K(1920K)
[2026-01-16T10:00:08.148+0000][gc          ] GC(1318) Pause Young (Normal) (G1 Evacuation Pause) 464M->379M(1024M) 153.000ms
[2026-01-16T10:00:08.149+0000][gc,cpu      ] GC(1318) User=0.17s Sys=0.01s Real=0.16s
[2026-01-16T10:00:13.713+0000][gc,start    ] GC(1319) Pause Young (Normal) (G1 Evacuation Pause)
[2026-01-16T10:00:13.714+0000][gc,task     ] GC(1319) Using 8 workers of 8 for evacuation
[2026-01-16T10:00:13.826+0000][gc,phases   ] GC(1319)   Pre Evacuate Collection Set: 18.1ms
[2026-01-16T10:00:13.828+0000][gc,phases   ] GC(1319)   Merge Heap Roots: 4.5ms
[2026-01-16T10:00:13.828+0000][gc,phases   ] GC(1319)   Evacuate Collection Set: 71.1ms
[2026-01-16T10:00:13.828+0000][gc,phases   ] GC(1319)   Post Evacuate Collection Set: 17.9ms
[2026-01-16T10:00:13.828+0000][gc,phases   ] GC(1319)   Other: 1.1ms
[2026-01-16T10:00:13.828+0000][gc,heap     ] GC(1319) Eden regions: 64->0(190)
[2026-01-16T10:00:13.828+0000][gc,heap     ] GC(1319) Survivor regions: 4->2(9)
[2026-01-16T10:00:13.829+0000][gc,heap     ] GC(1319) Old regions: 210->210
[2026-01-16T10:00:13.829+0000][gc,heap     ] GC(1319) Humongous regions: 167->167
[2026-01-16T10:00:13.833+0000][gc,metaspace] GC(1319) Metaspace: 15734K(16128K)->15734K(16128K) NonClass: 13981K(14208K)->13981K(14208K) Class: 1753K(1920K)->1753K(1920K)
[2026-01-16T10:00:13.833+0000][gc          ] GC(1319) Pause Young (Normal) (G1 Evacuation Pause) 443M->378M(1024M) 119.804ms
[2026-01-16T10:00:13.833+0000][gc,cpu      ] GC(1319) User=0.17s Sys=0.01s Real=0.12s
[2026-01-16T10:00:24.785+0000][gc,start    ] GC(1320) Pause Young (Normal) (G1 Evacuation Pause)
[2026-01-16T10:00:24.786+0000][gc,task     ] GC(1320) Using 8 workers of 8 for evacuation
[2026-01-16T10:00:24.888+0000][gc,phases   ] GC(1320)   Pre Evacuate Collection Set: 23.6ms
[2026-01-16T10:00:24.890+0000][gc,phases   ] GC(1320)   Merge Heap Roots: 2.3ms
[2026-01-16T10:00:24.891+0000][gc,phases   ] GC(1320)   Evacuate Collection Set: 58.4ms
[2026-01-16T10:00:24.891+0000][gc,phases   ] GC(1320)   Post Evacuate Collection Set: 16.3ms
[2026-01-16T10:00:24.891+0000][gc,phases   ] GC(1320)   Other: 1.2ms
[2026-01-16T10:00:24.891+0000][gc,heap     ] GC(1320) Eden regions: 189->0(216)
[2026-01-16T10:00:24.891+0000][gc,heap     ] GC(1320) Survivor regions: 2->3(24)
[2026-01-16T10:00:24.891+0000][gc,heap     ] GC(1320) Old regions: 210->210
[2026-01-16T10:00:24.891+0000][gc,heap     ] GC(1320) Humongous regions: 167->167
[2026-01-16T10:00:24.891+0000][gc,metaspace] GC(1320) Metaspace: 15735K(16128K)->15735K(16128K) NonClass: 13982K(14208K)->13982K(14208K) Class: 1753K(1920K)->1753K(1920K)
[2026-01-16T10:00:24.895+0000][gc          ] GC(1320) Pause Young (Normal) (G1 Evacuation Pause) 567M->378M(1024M) 109.630ms
[2026-01-16T10:00:24.895+0000][gc,cpu      ] GC(1320) User=0.26s Sys=0.02s Real=0.11s
[2026-01-16T10:00:40.547+0000][gc,start    ] GC(1321) Pause Young (Normal) (G1 Evacuation Pause)
[2026-01-16T10:00:40.587+0000][gc,task     ] GC(1321) Using 8 workers of 8 for evacuation
[2026-01-16T10:00:41.202+0000][gc,mmu      ] GC(1321) MMU target violated: 201.0ms (200.0ms/201.0ms)
[2026-01-16T10:00:41.205+0000][gc,phases   ] GC(1321)   Pre Evacuate Collection Set: 156.0ms
[2026-01-16T10:00:41.225+0000][gc,phases   ] GC(1321)   Merge Heap Roots: 3.6ms
[2026-01-16T10:00:41.226+0000][gc,phases   ] GC(1321)   Evacuate Collection Set: 389.3ms
[2026-01-16T10:00:41.230+0000][gc,phases   ] GC(1321)   Post Evacuate Collection Set: 62.8ms
[2026-01-16T10:00:41.232+0000][gc,phases   ] GC(1321)   Other: 35.9ms
[2026-01-16T10:00:41.235+0000][gc,heap     ] GC(1321) Eden regions: 220->0(48)
[2026-01-16T10:00:41.235+0000][gc,heap     ] GC(1321) Survivor regions: 3->3(28)
[2026-01-16T10:00:41.235+0000][gc,heap     ] GC(1321) Old regions: 210->210
[2026-01-16T10:00:41.239+0000][gc,heap     ] GC(1321) Humongous regions: 167->167
[2026-01-16T10:00:41.240+0000][gc,metaspace] GC(1321) Metaspace: 15735K(16128K)->15735K(16128K) NonClass: 13982K(14208K)->13982K(14208K) Class: 1753K(1920K)->1753K(1920K)
[2026-01-16T10:00:41.240+0000][gc          ] GC(1321) Pause Young (Normal) (G1 Evacuation Pause) 598M->379M(1024M) 693.194ms
[2026-01-16T10:00:41.244+0000][gc,cpu      ] GC(1321) User=0.54s Sys=0.05s Real=0.70s
[2026-01-16T10:00:43.328+0000][gc,start    ] GC(1322) Pause Young (Normal) (G1 Evacuation Pause)
[2026-01-16T10:00:43.328+0000][gc,task     ] GC(1322) Using 8 workers of 8 for evacuation
[2026-01-16T10:00:43.459+0000][gc,phases   ] GC(1322)   Pre Evacuate Collection Set: 28.1ms
[2026-01-16T10:00:43.460+0000][gc,phases   ] GC(1322)   Merge Heap Roots: 6.4ms
[2026-01-16T10:00:43.460+0000][gc,phases   ] GC(1322)   Evacuate Collection Set: 85.1ms
[2026-01-16T10:00:43.460+0000][gc,phases   ] GC(1322)   Post Evacuate Collection Set: 10.4ms
[2026-01-16T10:00:43.467+0000][gc,phases   ] GC(1322)   Other: 0.6ms
[2026-01-16T10:00:43.468+0000][gc,heap     ] GC(1322) Eden regions: 48->0(47)
[2026-01-16T10:00:43.473+0000][gc,heap     ] GC(1322) Survivor regions: 3->4(7)
[2026-01-16T10:00:43.473+0000][gc,heap     ] GC(1322) Old regions: 210->210
[2026-01-16T10:00:43.473+0000][gc,heap     ] GC(1322) Humongous regions: 167->167
[2026-01-16T10:00:43.473+0000][gc,metaspace] GC(1322) Metaspace: 15735K(16128K)->15735K(16128K) NonClass: 13982K(14208K)->13982K(14208K) Class: 1753K(1920K)->1753K(1920K)
[2026-01-16T10:00:43.474+0000][gc          ] GC(1322) Pause Young (Normal) (G1 Evacuation Pause) 427M->380M(1024M) 145.904ms
[2026-01-16T10:00:43.474+0000][gc,cpu      ] GC(1322) User=0.15s Sys=0.01s Real=0.15s
[2026-01-16T10:00:44.014+0000][gc,start    ] GC(1323) Pause Young (Normal) (G1 Evacuation Pause)
[2026-01-16T10:00:44.014+0000][gc,task     ] GC(1323) Using 8 workers of 8 for evacuation
[2026-01-16T10:00:44.176+0000][gc,phases   ] GC(1323)   Pre Evacuate Collection Set: 0.5ms
[2026-01-16T10:00:44.178+0000][gc,phases   ] GC(1323)   Merge Heap Roots: 0.2ms
[2026-01-16T10:00:44.178+0000][gc,phases   ] GC(1323)   Evacuate Collection Set: 153.5ms
[2026-01-16T10:00:44.179+0000][gc,phases   ] GC(1323)   Post Evacuate Collection Set: 6.8ms
[2026-01-16T10:00:44.179+0000][gc,phases   ] GC(1323)   Other: 0.3ms
[2026-01-16T10:00:44.179+0000][gc,heap     ] GC(1323) Eden regions: 47->0(46)
[2026-01-16T10:00:44.179+0000][gc,heap     ] GC(1323) Survivor regions: 4->5(7)
[2026-01-16T10:00:44.179+0000][gc,heap     ] GC(1323) Old regions: 210->210
[2026-01-16T10:00:44.180+0000][gc,heap     ] GC(1323) Humongous regions: 167->167
[2026-01-16T10:00:44.180+0000][gc,metaspace] GC(1323) Metaspace: 15735K(16128K)->15735K(16128K) NonClass: 13982K(14208K)->13982K(14208K) Class: 1753K(1920K)->1753K(1920K)
[2026-01-16T10:00:44.180+0000][gc          ] GC(1323) Pause Young (Normal) (G1 Evacuation Pause) 427M->381M(1024M) 165.903ms
[2026-01-16T10:00:44.180+0000][gc,cpu      ] GC(1323) User=0.09s Sys=0.00s Real=0.16s
[2026-01-16T10:00:44.718+0000][gc,start    ] GC(1324) Pause Young (Normal) (G1 Evacuation Pause)
[2026-01-16T10:00:44.721+0000][gc,task     ] GC(1324) Using 8 workers of 8 for evacuation
[2026-01-16T10:00:44.891+0000][gc,phases   ] GC(1324)   Pre Evacuate Collection Set: 10.3ms
[2026-01-16T10:00:44.893+0000][gc,phases   ] GC(1324)   Merge Heap Roots: 2.4ms
[2026-01-16T10:00:44.896+0000][gc,phases   ] GC(1324)   Evacuate Collection Set: 152.2ms
[2026-01-16T10:00:44.896+0000][gc,phases   ] GC(1324)   Post Evacuate Collection Set: 2.3ms
[2026-01-16T10:00:44.896+0000][gc,phases   ] GC(1324)   Other: 3.2ms
[2026-01-16T10:00:44.897+0000][gc,heap     ] GC(1324) Eden regions: 46->0(50)
[2026-01-16T10:00:44.897+0000][gc,heap     ] GC(1324) Survivor regions: 5->3(7)
[2026-01-16T10:00:44.897+0000][gc,heap     ] GC(1324) Old regions: 210->211
[2026-01-16T10:00:44.898+0000][gc,heap     ] GC(1324) Humongous regions: 167->167
[2026-01-16T10:00:44.899+0000][gc,metaspace] GC(1324) Metaspace: 15735K(16128K)->15735K(16128K) NonClass: 13982K(14208K)->13982K(14208K) Class: 1753K(1920K)->1753K(1920K)
[2026-01-16T10:00:44.900+0000][gc          ] GC(1324) Pause Young (Normal) (G1 Evacuation Pause) 427M->379M(1024M) 181.754ms
[2026-01-16T10:00:44.904+0000][gc,cpu      ] GC(1324) User=0.12s Sys=0.01s Real=0.19s
[2026-01-16T10:00:46.129+0000][gc,start    ] GC(1325) Pause Young (Normal) (G1 Evacuation Pause)
[2026-01-16T10:00:46.130+0000][gc,task     ] GC(1325) Using 8 workers of 8 for evacuation
[2026-01-16T10:00:46.224+0000][gc,phases   ] GC(1325)   Pre Evacuate Collection Set: 6.4ms
[2026-01-16T10:00:46.225+0000][gc,phases   ] GC(1325)   Merge Heap Roots: 2.8ms
[2026-01-16T10:00:46.227+0000][gc,phases   ] GC(1325)   Evacuate Collection Set: 71.8ms
[2026-01-16T10:00:46.228+0000][gc,phases   ] GC(1325)   Post Evacuate Collection Set: 12.7ms
[2026-01-16T10:00:46.228+0000][gc,phases   ] GC(1325)   Other: 0.8ms
[2026-01-16T10:00:46.228+0000][gc,heap     ] GC(1325) Eden regions: 63->0(82)
[2026-01-16T10:00:46.230+0000][gc,heap     ] GC(1325) Survivor regions: 3->3(9)
[2026-01-16T10:00:46.232+0000][gc,heap     ] GC(1325) Old regions: 211->211
[2026-01-16T10:00:46.233+0000][gc,heap     ] GC(1325) Humongous regions: 167->167
[2026-01-16T10:00:46.233+0000][gc,metaspace] GC(1325) Metaspace: 15735K(16128K)->15735K(16128K) NonClass: 13982K(14208K)->13982K(14208K) Class: 1753K(1920K)->1753K(1920K)
[2026-01-16T10:00:46.233+0000][gc          ] GC(1325) Pause Young (Normal) (G1 Evacuation Pause) 442M->380M(1024M) 104.439ms
[2026-01-16T10:00:46.233+0000][gc,cpu      ] GC(1325) User=0.09s Sys=0.00s Real=0.11s
[2026-01-16T10:00:54.010+0000][gc,start    ] GC(1326) Pause Young (Normal) (G1 Evacuation Pause)
[2026-01-16T10:00:54.017+0000][gc,task     ] GC(1326) Using 8 workers of 8 for evacuation
[2026-01-16T10:00:54.380+0000][gc,mmu      ] GC(1326) MMU target violated: 201.0ms (200.0ms/201.0ms)
[2026-01-16T10:00:54.385+0000][gc,phases   ] GC(1326)   Pre Evacuate Collection Set: 60.4ms
[2026-01-16T10:00:54.388+0000][gc,phases   ] GC(1326)   Merge Heap Roots: 1.0ms
[2026-01-16T10:00:54.393+0000][gc,phases   ] GC(1326)   Evacuate Collection Set: 255.4ms
[2026-01-16T10:00:54.395+0000][gc,phases   ] GC(1326)   Post Evacuate Collection Set: 38.6ms
[2026-01-16T10:00:54.395+0000][gc,phases   ] GC(1326)   Other: 9.8ms
[2026-01-16T10:00:54.398+0000][gc,heap     ] GC(1326) Eden regions: 99->0(49)
[2026-01-16T10:00:54.398+0000][gc,heap     ] GC(1326) Survivor regions: 3->2(13)
[2026-01-16T10:00:54.398+0000][gc,heap     ] GC(1326) Old regions: 211->211
[2026-01-16T10:00:54.400+0000][gc,heap     ] GC(1326) Humongous regions: 167->167
[2026-01-16T10:00:54.400+0000][gc,metaspace] GC(1326) Metaspace: 15735K(16128K)->15735K(16128K) NonClass: 13982K(14208K)->13982K(14208K) Class: 1753K(1920K)->1753K(1920K)
[2026-01-16T10:00:54.401+0000][gc          ] GC(1326) Pause Young (Normal) (G1 Evacuation Pause) 479M->379M(1024M) 390.477ms
[2026-01-16T10:00:54.401+0000][gc,cpu      ] GC(1326) User=0.31s Sys=0.02s Real=0.39s
[2026-01-16T10:00:58.241+0000][gc,start    ] GC(1327) Pause Young (Normal) (G1 Evacuation Pause)
[2026-01-16T10:00:58.249+0000][gc,task     ] GC(1327) Using 8 workers of 8 for evacuation
[2026-01-16T10:00:58.585+0000][gc,mmu      ] GC(1327) MMU target violated: 201.0ms (200.0ms/201.0ms)
[2026-01-16T10:00:58.588+0000][gc,phases   ] GC(1327)   Pre Evacuate Collection Set: 63.7ms
[2026-01-16T10:00:58.593+0000][gc,phases   ] GC(1327)   Merge Heap Roots: 11.1ms
[2026-01-16T10:00:58.593+0000][gc,phases   ] GC(1327)   Evacuate Collection Set: 243.9ms
[2026-01-16T10:00:58.594+0000][gc,phases   ] GC(1327)   Post Evacuate Collection Set: 14.9ms
[2026-01-16T10:00:58.594+0000][gc,phases   ] GC(1327)   Other: 5.6ms
[2026-01-16T10:00:58.594+0000][gc,heap     ] GC(1327) Eden regions: 49->0(48)
[2026-01-16T10:00:58.594+0000][gc,heap     ] GC(1327) Survivor regions: 2->3(7)
[2026-01-16T10:00:58.595+0000][gc,heap     ] GC(1327) Old regions: 211->211
[2026-01-16T10:00:58.595+0000][gc,heap     ] GC(1327) Humongous regions: 167->167
[2026-01-16T10:00:58.595+0000][gc,metaspace] GC(1327) Metaspace: 15735K(16128K)->15735K(16128K) NonClass: 13982K(14208K)->13982K(14208K) Class: 1753K(1920K)->1753K(1920K)
[2026-01-16T10:00:58.596+0000][gc          ] GC(1327) Pause Young (Normal) (G1 Evacuation Pause) 428M->380M(1024M) 354.627ms
[2026-01-16T10:00:58.596+0000][gc,cpu      ] GC(1327) User=0.23s Sys=0.01s Real=0.36s
[2026-01-16T10:01:00.042+0000][gc,start    ] GC(1328) Pause Young (Normal) (G1 Evacuation Pause)
[2026-01-16T10:01:00.045+0000][gc,task     ] GC(1328) Using 8 workers of 8 for evacuation
[2026-01-16T10:01:00.300+0000][gc,mmu      ] GC(1328) MMU target violated: 201.0ms (200.0ms/201.0ms)
[2026-01-16T10:01:00.301+0000][gc,phases   ] GC(1328)   Pre Evacuate Collection Set: 3.1ms
[2026-01-16T10:01:00.302+0000][gc,phases   ] GC(1328)   Merge Heap Roots: 4.7ms
[2026-01-16T10:01:00.302+0000][gc,phases   ] GC(1328)   Evacuate Collection Set: 209.4ms
[2026-01-16T10:01:00.302+0000][gc,phases   ] GC(1328)   Post Evacuate Collection Set: 29.2ms
[2026-01-16T10:01:00.302+0000][gc,phases   ] GC(1328)   Other: 9.9ms
[2026-01-16T10:01:00.302+0000][gc,heap     ] GC(1328) Eden regions: 48->0(47)
[2026-01-16T10:01:00.302+0000][gc,heap     ] GC(1328) Survivor regions: 3->4(7)
[2026-01-16T10:01:00.302+0000][gc,heap     ] GC(1328) Old regions: 211->211
[2026-01-16T10:01:00.302+0000][gc,heap     ] GC(1328) Humongous regions: 167->167
[2026-01-16T10:01:00.302+0000][gc,metaspace] GC(1328) Metaspace: 15735K(16128K)->15735K(16128K) NonClass: 13982K(14208K)->13982K(14208K) Class: 1753K(1920K)->1753K(1920K)
[2026-01-16T10:01:00.302+0000][gc          ] GC(1328) Pause Young (Normal) (G1 Evacuation Pause) 428M->380M(1024M) 260.714ms
[2026-01-16T10:01:00.302+0000][gc,cpu      ] GC(1328) User=0.11s Sys=0.01s Real=0.26s
[2026-01-16T10:01:02.194+0000][gc,start    ] GC(1329) Pause Young (Normal) (G1 Evacuation Pause)
[2026-01-16T10:01:02.195+0000][gc,task     ] GC(1329) Using 8 workers of 8 for evacuation
[2026-01-16T10:01:02.360+0000][gc,phases   ] GC(1329)   Pre Evacuate Collection Set: 9.8ms
[2026-01-16T10:01:02.361+0000][gc,phases   ] GC(1329)   Merge Heap Roots: 4.1ms
[2026-01-16T10:01:02.362+0000][gc,phases   ] GC(1329)   Evacuate Collection Set: 137.8ms
[2026-01-16T10:01:02.363+0000][gc,phases   ] GC(1329)   Post Evacuate Collection Set: 11.0ms
[2026-01-16T10:01:02.364+0000][gc,phases   ] GC(1329)   Other: 2.6ms
[2026-01-16T10:01:02.365+0000][gc,heap     ] GC(1329) Eden regions: 47->0(47)
[2026-01-16T10:01:02.366+0000][gc,heap     ] GC(1329) Survivor regions: 4->4(7)
[2026-01-16T10:01:02.366+0000][gc,heap     ] GC(1329) Old regions: 211->211
[2026-01-16T10:01:02.367+0000][gc,heap     ] GC(1329) Humongous regions: 167->167
[2026-01-16T10:01:02.367+0000][gc,metaspace] GC(1329) Metaspace: 15735K(16128K)->15735K(16128K) NonClass: 13982K(14208K)->13982K(14208K) Class: 1753K(1920K)->1753K(1920K)
[2026-01-16T10:01:02.368+0000][gc          ] GC(1329) Pause Young (Normal) (G1 Evacuation Pause) 427M->381M(1024M) 173.661ms
[2026-01-16T10:01:02.369+0000][gc,cpu      ] GC(1329) User=0.12s Sys=0.01s Real=0.17s
[2026-01-16T10:01:03.896+0000][gc,start    ] GC(1330) Pause Young (Normal) (G1 Evacuation Pause)
[2026-01-16T10:01:03.901+0000][gc,task     ] GC(1330) Using 8 workers of 8 for evacuation
[2026-01-16T10:01:04.005+0000][gc,phases   ] GC(1330)   Pre Evacuate Collection Set: 13.9ms
[2026-01-16T10:01:04.005+0000][gc,phases   ] GC(1330)   Merge Heap Roots: 1.3ms
[2026-01-16T10:01:04.005+0000][gc,phases   ] GC(1330)   Evacuate Collection Set: 76.1ms
[2026-01-16T10:01:04.005+0000][gc,phases   ] GC(1330)   Post Evacuate Collection Set: 7.9ms
[2026-01-16T10:01:04.005+0000][gc,phases   ] GC(1330)   Other: 4.6ms
[2026-01-16T10:01:04.005+0000][gc,heap     ] GC(1330) Eden regions: 47->0(49)
[2026-01-16T10:01:04.005+0000][gc,heap     ] GC(1330) Survivor regions: 4->3(7)
[2026-01-16T10:01:04.005+0000][gc,heap     ] GC(1330) Old regions: 211->211
[2026-01-16T10:01:04.005+0000][gc,heap     ] GC(1330) Humongous regions: 167->167
[2026-01-16T10:01:04.005+0000][gc,metaspace] GC(1330) Metaspace: 15736K(16128K)->15736K(16128K) NonClass: 13983K(14208K)->13983K(14208K) Class: 1753K(1920K)->1753K(1920K)
[2026-01-16T10:01:04.005+0000][gc          ] GC(1330) Pause Young (Normal) (G1 Evacuation Pause) 428M->379M(1024M) 109.352ms
[2026-01-16T10:01:04.006+0000][gc,cpu      ] GC(1330) User=0.09s Sys=0.00s Real=0.11s
[2026-01-16T10:01:05.402+0000][gc,start    ] GC(1331) Pause Young (Normal) (G1 Evacuation Pause)
[2026-01-16T10:01:05.407+0000][gc,task     ] GC(1331) Using 8 workers of 8 for evacuation
[2026-01-16T10:01:05.592+0000][gc,phases   ] GC(1331)   Pre Evacuate Collection Set: 10.1ms
[2026-01-16T10:01:05.593+0000][gc,phases   ] GC(1331)   Merge Heap Roots: 0.4ms
[2026-01-16T10:01:05.598+0000][gc,phases   ] GC(1331)   Evacuate Collection Set: 164.1ms
[2026-01-16T10:01:05.609+0000][gc,phases   ] GC(1331)   Post Evacuate Collection Set: 7.2ms
[2026-01-16T10:01:05.611+0000][gc,phases   ] GC(1331)   Other: 4.1ms
[2026-01-16T10:01:05.614+0000][gc,heap     ] GC(1331) Eden regions: 54->0(49)
[2026-01-16T10:01:05.617+0000][gc,heap     ] GC(1331) Survivor regions: 3->3(8)
[2026-01-16T10:01:05.617+0000][gc,heap     ] GC(1331) Old regions: 211->211
[2026-01-16T10:01:05.621+0000][gc,heap     ] GC(1331) Humongous regions: 167->167
[2026-01-16T10:01:05.624+0000][gc,metaspace] GC(1331) Metaspace: 15736K(16128K)->15736K(16128K) NonClass: 13983K(14208K)->13983K(14208K) Class: 1753K(1920K)->1753K(1920K)
[2026-01-16T10:01:05.630+0000][gc          ] GC(1331) Pause Young (Normal) (G1 Evacuation Pause) 433M->380M(1024M) 227.812ms
[2026-01-16T10:01:05.632+0000][gc,cpu      ] GC(1331) User=0.17s Sys=0.01s Real=0.23s
[2026-01-16T10:01:07.460+0000][gc,start    ] GC(1332) Pause Young (Normal) (G1 Evacuation Pause)
[2026-01-16T10:01:07.461+0000][gc,task     ] GC(1332) Using 8 workers of 8 for evacuation
[2026-01-16T10:01:07.624+0000][gc,phases   ] GC(1332)   Pre Evacuate Collection Set: 15.5ms
[2026-01-16T10:01:07.625+0000][gc,phases   ] GC(1332)   Merge Heap Roots: 9.4ms
[2026-01-16T10:01:07.626+0000][gc,phases   ] GC(1332)   Evacuate Collection Set: 128.4ms
[2026-01-16T10:01:07.627+0000][gc,phases   ] GC(1332)   Post Evacuate Collection Set: 6.7ms
[2026-01-16T10:01:07.629+0000][gc,phases   ] GC(1332)   Other: 3.0ms
[2026-01-16T10:01:07.632+0000][gc,heap     ] GC(1332) Eden regions: 58->0(47)
[2026-01-16T10:01:07.633+0000][gc,heap     ] GC(1332) Survivor regions: 3->4(8)
[2026-01-16T10:01:07.636+0000][gc,heap     ] GC(1332) Old regions: 211->211
[2026-01-16T10:01:07.639+0000][gc,heap     ] GC(1332) Humongous regions: 167->167
[2026-01-16T10:01:07.640+0000][gc,metaspace] GC(1332) Metaspace: 15736K(16128K)->15736K(16128K) NonClass: 13983K(14208K)->13983K(14208K) Class: 1753K(1920K)->1753K(1920K)
[2026-01-16T10:01:07.641+0000][gc          ] GC(1332) Pause Young (Normal) (G1 Evacuation Pause) 438M->381M(1024M) 180.401ms
[2026-01-16T10:01:07.644+0000][gc,cpu      ] GC(1332) User=0.18s Sys=0.01s Real=0.19s
[2026-01-16T10:01:13.255+0000][gc,start    ] GC(1333) Pause Young (Normal) (G1 Evacuation Pause)
[2026-01-16T10:01:13.257+0000][gc,task     ] GC(1333) Using 8 workers of 8 for evacuation
[2026-01-16T10:01:13.444+0000][gc,phases   ] GC(1333)   Pre Evacuate Collection Set: 29.8ms
[2026-01-16T10:01:13.451+0000][gc,phases   ] GC(1333)   Merge Heap Roots: 9.5ms
[2026-01-16T10:01:13.453+0000][gc,phases   ] GC(1333)   Evacuate Collection Set: 104.8ms
[2026-01-16T10:01:13.456+0000][gc,phases   ] GC(1333)   Post Evacuate Collection Set: 42.3ms
[2026-01-16T10:01:13.459+0000][gc,phases   ] GC(1333)   Other: 1.3ms
[2026-01-16T10:01:13.461+0000][gc,heap     ] GC(1333) Eden regions: 47->0(89)
[2026-01-16T10:01:13.464+0000][gc,heap     ] GC(1333) Survivor regions: 4->2(7)
[2026-01-16T10:01:13.467+0000][gc,heap     ] GC(1333) Old regions: 211->211
[2026-01-16T10:01:13.471+0000][gc,heap     ] GC(1333) Humongous regions: 167->167
[2026-01-16T10:01:13.473+0000][gc,metaspace] GC(1333) Metaspace: 15736K(16128K)->15736K(16128K) NonClass: 13983K(14208K)->13983K(14208K) Class: 1753K(1920K)->1753K(1920K)
[2026-01-16T10:01:13.477+0000][gc          ] GC(1333) Pause Young (Normal) (G1 Evacuation Pause) 428M->379M(1024M) 222.351ms
[2026-01-16T10:01:13.480+0000][gc,cpu      ] GC(1333) User=0.36s Sys=0.05s Real=0.23s
[2026-01-16T10:01:16.690+0000][gc,start    ] GC(1334) Pause Young (Normal) (G1 Evacuation Pause)
[2026-01-16T10:01:16.691+0000][gc,task     ] GC(1334) Using 8 workers of 8 for evacuation
[2026-01-16T10:01:16.923+0000][gc,mmu      ] GC(1334) MMU target violated: 201.0ms (200.0ms/201.0ms)
[2026-01-16T10:01:16.925+0000][gc,phases   ] GC(1334)   Pre Evacuate Collection Set: 26.6ms
[2026-01-16T10:01:16.925+0000][gc,phases   ] GC(1334)   Merge Heap Roots: 6.3ms
[2026-01-16T10:01:16.925+0000][gc,phases   ] GC(1334)   Evacuate Collection Set: 192.6ms
[2026-01-16T10:01:16.925+0000][gc,phases   ] GC(1334)   Post Evacuate Collection Set: 5.4ms
[2026-01-16T10:01:16.925+0000][gc,phases   ] GC(1334)   Other: 3.0ms
[2026-01-16T10:01:16.926+0000][gc,heap     ] GC(1334) Eden regions: 90->0(47)
[2026-01-16T10:01:16.927+0000][gc,heap     ] GC(1334) Survivor regions: 2->4(12)
[2026-01-16T10:01:16.927+0000][gc,heap     ] GC(1334) Old regions: 211->211
[2026-01-16T10:01:16.928+0000][gc,heap     ] GC(1334) Humongous regions: 167->167
[2026-01-16T10:01:16.928+0000][gc,metaspace] GC(1334) Metaspace: 15736K(16128K)->15736K(16128K) NonClass: 13983K(14208K)->13983K(14208K) Class: 1753K(1920K)->1753K(1920K)
[2026-01-16T10:01:16.929+0000][gc          ] GC(1334) Pause Young (Normal) (G1 Evacuation Pause) 469M->381M(1024M) 238.859ms
[2026-01-16T10:01:16.929+0000][gc,cpu      ] GC(1334) User=0.24s Sys=0.03s Real=0.24s
[2026-01-16T10:01:17.956+0000][gc,start    ] GC(1335) Pause Young (Normal) (G1 Evacuation Pause)
[2026-01-16T10:01:17.957+0000][gc,task     ] GC(1335) Using 8 workers of 8 for evacuation
[2026-01-16T10:01:18.011+0000][gc,phases   ] GC(1335)   Pre Evacuate Collection Set: 11.3ms
[2026-01-16T10:01:18.011+0000][gc,phases   ] GC(1335)   Merge Heap Roots: 0.9ms
[2026-01-16T10:01:18.011+0000][gc,phases   ] GC(1335)   Evacuate Collection Set: 37.4ms
[2026-01-16T10:01:18.011+0000][gc,phases   ] GC(1335)   Post Evacuate Collection Set: 3.5ms
[2026-01-16T10:01:18.011+0000][gc,phases   ] GC(1335)   Other: 1.5ms
[2026-01-16T10:01:18.011+0000][gc,heap     ] GC(1335) Eden regions: 47->0(47)
[2026-01-16T10:01:18.012+0000][gc,heap     ] GC(1335) Survivor regions: 4->4(7)
[2026-01-16T10:01:18.012+0000][gc,heap     ] GC(1335) Old regions: 211->211
[2026-01-16T10:01:18.012+0000][gc,heap     ] GC(1335) Humongous regions: 167->167
[2026-01-16T10:01:18.014+0000][gc,metaspace] GC(1335) Metaspace: 15736K(16128K)->15736K(16128K) NonClass: 13983K(14208K)->13983K(14208K) Class: 1753K(1920K)->1753K(1920K)
[2026-01-16T10:01:18.015+0000][gc          ] GC(1335) Pause Young (Normal) (G1 Evacuation Pause) 428M->381M(1024M) 59.506ms
[2026-01-16T10:01:18.015+0000][gc,cpu      ] GC(1335) User=0.05s Sys=0.00s Real=0.05s
[2026-01-16T10:01:23.165+0000][gc,start    ] GC(1336) Pause Young (Normal) (G1 Evacuation Pause)
[2026-01-16T10:01:23.169+0000][gc,task     ] GC(1336) Using 8 workers of 8 for evacuation
[2026-01-16T10:01:23.274+0000][gc,phases   ] GC(1336)   Pre Evacuate Collection Set: 15.7ms
[2026-01-16T10:01:23.278+0000][gc,phases   ] GC(1336)   Merge Heap Roots: 1.4ms
[2026-01-16T10:01:23.280+0000][gc,phases   ] GC(1336)   Evacuate Collection Set: 65.7ms
[2026-01-16T10:01:23.281+0000][gc,phases   ] GC(1336)   Post Evacuate Collection Set: 20.3ms
[2026-01-16T10:01:23.281+0000][gc,phases   ] GC(1336)   Other: 2.5ms
[2026-01-16T10:01:23.282+0000][gc,heap     ] GC(1336) Eden regions: 47->0(201)
[2026-01-16T10:01:23.283+0000][gc,heap     ] GC(1336) Survivor regions: 4->2(7)
[2026-01-16T10:01:23.283+0000][gc,heap     ] GC(1336) Old regions: 211->212
[2026-01-16T10:01:23.284+0000][gc,heap     ] GC(1336) Humongous regions: 167->167
[2026-01-16T10:01:23.285+0000][gc,metaspace] GC(1336) Metaspace: 15736K(16128K)->15736K(16128K) NonClass: 13983K(14208K)->13983K(14208K) Class: 1753K(1920K)->1753K(1920K)
[2026-01-16T10:01:23.290+0000][gc          ] GC(1336) Pause Young (Normal) (G1 Evacuation Pause) 428M->380M(1024M) 125.155ms
[2026-01-16T10:01:23.291+0000][gc,cpu      ] GC(1336) User=0.20s Sys=0.02s Real=0.13s
[2026-01-16T10:01:35.077+0000][gc,start    ] GC(1337) Pause Young (Normal) (G1 Evacuation Pause)
[2026-01-16T10:01:35.080+0000][gc,task     ] GC(1337) Using 8 workers of 8 for evacuation
[2026-01-16T10:01:35.600+0000][gc,mmu      ] GC(1337) MMU target violated: 201.0ms (200.0ms/201.0ms)
[2026-01-16T10:01:35.601+0000][gc,phases   ] GC(1337)   Pre Evacuate Collection Set: 58.2ms
[2026-01-16T10:01:35.601+0000][gc,phases   ] GC(1337)   Merge Heap Roots: 4.7ms
[2026-01-16T10:01:35.602+0000][gc,phases   ] GC(1337)   Evacuate Collection Set: 429.9ms
[2026-01-16T10:01:35.602+0000][gc,phases   ] GC(1337)   Post Evacuate Collection Set: 24.8ms
[2026-01-16T10:01:35.602+0000][gc,phases   ] GC(1337)   Other: 4.0ms
[2026-01-16T10:01:35.603+0000][gc,heap     ] GC(1337) Eden regions: 199->0(48)
[2026-01-16T10:01:35.604+0000][gc,heap     ] GC(1337) Survivor regions: 2->3(26)
[2026-01-16T10:01:35.605+0000][gc,heap     ] GC(1337) Old regions: 212->212
[2026-01-16T10:01:35.606+0000][gc,heap     ] GC(1337) Humongous regions: 167->167
[2026-01-16T10:01:35.607+0000][gc,metaspace] GC(1337) Metaspace: 15739K(16128K)->15739K(16128K) NonClass: 13985K(14208K)->13985K(14208K) Class: 1753K(1920K)->1753K(1920K)
[2026-01-16T10:01:35.608+0000][gc          ] GC(1337) Pause Young (Normal) (G1 Evacuation Pause) 579M->380M(1024M) 530.266ms
[2026-01-16T10:01:35.609+0000][gc,cpu      ] GC(1337) User=0.30s Sys=0.01s Real=0.53s
[2026-01-16T10:01:37.847+0000][gc,start    ] GC(1338) Pause Young (Normal) (G1 Evacuation Pause)
[2026-01-16T10:01:37.851+0000][gc,task     ] GC(1338) Using 8 workers of 8 for evacuation
[2026-01-16T10:01:38.248+0000][gc,mmu      ] GC(1338) MMU target violated: 201.0ms (200.0ms/201.0ms)
[2026-01-16T10:01:38.253+0000][gc,phases   ] GC(1338)   Pre Evacuate Collection Set: 64.8ms
[2026-01-16T10:01:38.253+0000][gc,phases   ] GC(1338)   Merge Heap Roots: 5.3ms
[2026-01-16T10:01:38.253+0000][gc,phases   ] GC(1338)   Evacuate Collection Set: 298.8ms
[2026-01-16T10:01:38.254+0000][gc,phases   ] GC(1338)   Post Evacuate Collection Set: 20.4ms
[2026-01-16T10:01:38.254+0000][gc,phases   ] GC(1338)   Other: 13.5ms
[2026-01-16T10:01:38.255+0000][gc,heap     ] GC(1338) Eden regions: 48->0(48)
[2026-01-16T10:01:38.255+0000][gc,heap     ] GC(1338) Survivor regions: 3->3(7)
[2026-01-16T10:01:38.257+0000][gc,heap     ] GC(1338) Old regions: 212->212
[2026-01-16T10:01:38.259+0000][gc,heap     ] GC(1338) Humongous regions: 167->167
[2026-01-16T10:01:38.259+0000][gc,metaspace] GC(1338) Metaspace: 15739K(16128K)->15739K(16128K) NonClass: 13985K(14208K)->13985K(14208K) Class: 1753K(1920K)->1753K(1920K)
[2026-01-16T10:01:38.260+0000][gc          ] GC(1338) Pause Young (Normal) (G1 Evacuation Pause) 428M->381M(1024M) 421.831ms
[2026-01-16T10:01:38.260+0000][gc,cpu      ] GC(1338) User=0.24s Sys=0.01s Real=0.43s
[2026-01-16T10:01:41.322+0000][gc,start    ] GC(1339) Pause Young (Normal) (G1 Evacuation Pause)
[2026-01-16T10:01:41.324+0000][gc,task     ] GC(1339) Using 8 workers of 8 for evacuation
[2026-01-16T10:01:41.805+0000][gc,mmu      ] GC(1339) MMU target violated: 201.0ms (200.0ms/201.0ms)
[2026-01-16T10:01:41.805+0000][gc,phases   ] GC(1339)   Pre Evacuate Collection Set: 33.4ms
[2026-01-16T10:01:41.806+0000][gc,phases   ] GC(1339)   Merge Heap Roots: 6.1ms
[2026-01-16T10:01:41.806+0000][gc,phases   ] GC(1339)   Evacuate Collection Set: 395.6ms
[2026-01-16T10:01:41.807+0000][gc,phases   ] GC(1339)   Post Evacuate Collection Set: 41.3ms
[2026-01-16T10:01:41.807+0000][gc,phases   ] GC(1339)   Other: 5.5ms
[2026-01-16T10:01:41.808+0000][gc,heap     ] GC(1339) Eden regions: 48->0(47)
[2026-01-16T10:01:41.808+0000][gc,heap     ] GC(1339) Survivor regions: 3->4(7)
[2026-01-16T10:01:41.809+0000][gc,heap     ] GC(1339) Old regions: 212->212
[2026-01-16T10:01:41.809+0000][gc,heap     ] GC(1339) Humongous regions: 167->167
[2026-01-16T10:01:41.810+0000][gc,metaspace] GC(1339) Metaspace: 15739K(16128K)->15739K(16128K) NonClass: 13985K(14208K)->13985K(14208K) Class: 1753K(1920K)->1753K(1920K)
[2026-01-16T10:01:41.811+0000][gc          ] GC(1339) Pause Young (Normal) (G1 Evacuation Pause) 429M->382M(1024M) 489.945ms
[2026-01-16T10:01:41.812+0000][gc,cpu      ] GC(1339) User=0.32s Sys=0.01s Real=0.50s
[2026-01-16T10:01:42.885+0000][gc,start    ] GC(1340) Pause Young (Normal) (G1 Evacuation Pause)
[2026-01-16T10:01:42.886+0000][gc,task     ] GC(1340) Using 8 workers of 8 for evacuation
[2026-01-16T10:01:42.964+0000][gc,phases   ] GC(1340)   Pre Evacuate Collection Set: 9.5ms
[2026-01-16T10:01:42.965+0000][gc,phases   ] GC(1340)   Merge Heap Roots: 3.1ms
[2026-01-16T10:01:42.965+0000][gc,phases   ] GC(1340)   Evacuate Collection Set: 60.2ms
[2026-01-16T10:01:42.966+0000][gc,phases   ] GC(1340)   Post Evacuate Collection Set: 4.3ms
[2026-01-16T10:01:42.966+0000][gc,phases   ] GC(1340)   Other: 0.7ms
[2026-01-16T10:01:42.967+0000][gc,heap     ] GC(1340) Eden regions: 47->0(47)
[2026-01-16T10:01:42.967+0000][gc,heap     ] GC(1340) Survivor regions: 4->4(7)
[2026-01-16T10:01:42.968+0000][gc,heap     ] GC(1340) Old regions: 212->212
[2026-01-16T10:01:42.968+0000][gc,heap     ] GC(1340) Humongous regions: 167->167
[2026-01-16T10:01:42.969+0000][gc,metaspace] GC(1340) Metaspace: 15739K(16128K)->15739K(16128K) NonClass: 13985K(14208K)->13985K(14208K) Class: 1753K(1920K)->1753K(1920K)
[2026-01-16T10:01:42.969+0000][gc          ] GC(1340) Pause Young (Normal) (G1 Evacuation Pause) 429M->382M(1024M) 84.361ms
[2026-01-16T10:01:42.969+0000][gc,cpu      ] GC(1340) User=0.06s Sys=0.01s Real=0.08s
[2026-01-16T10:01:44.043+0000][gc,start    ] GC(1341) Pause Young (Normal) (G1 Evacuation Pause)
[2026-01-16T10:01:44.044+0000][gc,task     ] GC(1341) Using 8 workers of 8 for evacuation
[2026-01-16T10:01:44.194+0000][gc,phases   ] GC(1341)   Pre Evacuate Collection Set: 1.7ms
[2026-01-16T10:01:44.195+0000][gc,phases   ] GC(1341)   Merge Heap Roots: 0.3ms
[2026-01-16T10:01:44.196+0000][gc,phases   ] GC(1341)   Evacuate Collection Set: 114.1ms
[2026-01-16T10:01:44.197+0000][gc,phases   ] GC(1341)   Post Evacuate Collection Set: 32.7ms
[2026-01-16T10:01:44.198+0000][gc,phases   ] GC(1341)   Other: 1.1ms
[2026-01-16T10:01:44.199+0000][gc,heap     ] GC(1341) Eden regions: 47->0(48)
[2026-01-16T10:01:44.200+0000][gc,heap     ] GC(1341) Survivor regions: 4->3(7)
[2026-01-16T10:01:44.202+0000][gc,heap     ] GC(1341) Old regions: 212->212
[2026-01-16T10:01:44.206+0000][gc,heap     ] GC(1341) Humongous regions: 167->167
[2026-01-16T10:01:44.207+0000][gc,metaspace] GC(1341) Metaspace: 15739K(16128K)->15739K(16128K) NonClass: 13985K(14208K)->13985K(14208K) Class: 1753K(1920K)->1753K(1920K)
[2026-01-16T10:01:44.207+0000][gc          ] GC(1341) Pause Young (Normal) (G1 Evacuation Pause) 429M->381M(1024M) 163.976ms
[2026-01-16T10:01:44.207+0000][gc,cpu      ] GC(1341) User=0.07s Sys=0.01s Real=0.16s
[2026-01-16T10:01:44.944+0000][gc,start    ] GC(1342) Pause Young (Normal) (G1 Evacuation Pause)
[2026-01-16T10:01:44.946+0000][gc,task     ] GC(1342) Using 8 workers of 8 for evacuation
[2026-01-16T10:01:45.031+0000][gc,phases   ] GC(1342)   Pre Evacuate Collection Set: 2.3ms
[2026-01-16T10:01:45.032+0000][gc,phases   ] GC(1342)   Merge Heap Roots: 0.3ms
[2026-01-16T10:01:45.033+0000][gc,phases   ] GC(1342)   Evacuate Collection Set: 72.9ms
[2026-01-16T10:01:45.033+0000][gc,phases   ] GC(1342)   Post Evacuate Collection Set: 5.0ms
[2026-01-16T10:01:45.033+0000][gc,phases   ] GC(1342)   Other: 4.3ms
[2026-01-16T10:01:45.034+0000][gc,heap     ] GC(1342) Eden regions: 48->0(48)
[2026-01-16T10:01:45.035+0000][gc,heap     ] GC(1342) Survivor regions: 3->3(7)
[2026-01-16T10:01:45.037+0000][gc,heap     ] GC(1342) Old regions: 212->212
[2026-01-16T10:01:45.038+0000][gc,heap     ] GC(1342) Humongous regions: 167->167
[2026-01-16T10:01:45.041+0000][gc,metaspace] GC(1342) Metaspace: 15739K(16128K)->15739K(16128K) NonClass: 13985K(14208K)->13985K(14208K) Class: 1753K(1920K)->1753K(1920K)
[2026-01-16T10:01:45.042+0000][gc          ] GC(1342) Pause Young (Normal) (G1 Evacuation Pause) 429M->381M(1024M) 98.077ms
[2026-01-16T10:01:45.046+0000][gc,cpu      ] GC(1342) User=0.14s Sys=0.01s Real=0.10s
[2026-01-16T10:01:45.616+0000][gc,start    ] GC(1343) Pause Young (Normal) (G1 Evacuation Pause)
[2026-01-16T10:01:45.618+0000][gc,task     ] GC(1343) Using 8 workers of 8 for evacuation
[2026-01-16T10:01:45.684+0000][gc,phases   ] GC(1343)   Pre Evacuate Collection Set: 2.3ms
[2026-01-16T10:01:45.684+0000][gc,phases   ] GC(1343)   Merge Heap Roots: 0.7ms
[2026-01-16T10:01:45.686+0000][gc,phases   ] GC(1343)   Evacuate Collection Set: 56.4ms
[2026-01-16T10:01:45.687+0000][gc,phases   ] GC(1343)   Post Evacuate Collection Set: 5.7ms
[2026-01-16T10:01:45.689+0000][gc,phases   ] GC(1343)   Other: 0.7ms
[2026-01-16T10:01:45.692+0000][gc,heap     ] GC(1343) Eden regions: 48->0(47)
[2026-01-16T10:01:45.692+0000][gc,heap     ] GC(1343) Survivor regions: 3->4(7)
[2026-01-16T10:01:45.692+0000][gc,heap     ] GC(1343) Old regions: 212->213
[2026-01-16T10:01:45.692+0000][gc,heap     ] GC(1343) Humongous regions: 167->167
[2026-01-16T10:01:45.693+0000][gc,metaspace] GC(1343) Metaspace: 15739K(16128K)->15739K(16128K) NonClass: 13985K(14208K)->13985K(14208K) Class: 1753K(1920K)->1753K(1920K)
[2026-01-16T10:01:45.696+0000][gc          ] GC(1343) Pause Young (Normal) (G1 Evacuation Pause) 429M->382M(1024M) 80.392ms
[2026-01-16T10:01:45.697+0000][gc,cpu      ] GC(1343) User=0.09s Sys=0.00s Real=0.08s
[2026-01-16T10:01:52.702+0000][gc,start    ] GC(1344) Pause Young (Normal) (G1 Evacuation Pause)
[2026-01-16T10:01:52.706+0000][gc,task     ] GC(1344) Using 8 workers of 8 for evacuation
[2026-01-16T10:01:52.833+0000][gc,phases   ] GC(1344)   Pre Evacuate Collection Set: 13.7ms
[2026-01-16T10:01:52.834+0000][gc,phases   ] GC(1344)   Merge Heap Roots: 3.0ms
[2026-01-16T10:01:52.834+0000][gc,phases   ] GC(1344)   Evacuate Collection Set: 76.2ms
[2026-01-16T10:01:52.835+0000][gc,phases   ] GC(1344)   Post Evacuate Collection Set: 33.7ms
[2026-01-16T10:01:52.835+0000][gc,phases   ] GC(1344)   Other: 3.8ms
[2026-01-16T10:01:52.836+0000][gc,heap     ] GC(1344) Eden regions: 47->0(96)
[2026-01-16T10:01:52.837+0000][gc,heap     ] GC(1344) Survivor regions: 4->2(7)
[2026-01-16T10:01:52.838+0000][gc,heap     ] GC(1344) Old regions: 213->213
[2026-01-16T10:01:52.839+0000][gc,heap     ] GC(1344) Humongous regions: 167->167
[2026-01-16T10:01:52.842+0000][gc,metaspace] GC(1344) Metaspace: 15739K(16128K)->15739K(16128K) NonClass: 13985K(14208K)->13985K(14208K) Class: 1753K(1920K)->1753K(1920K)
[2026-01-16T10:01:52.846+0000][gc          ] GC(1344) Pause Young (Normal) (G1 Evacuation Pause) 429M->381M(1024M) 144.315ms
[2026-01-16T10:01:52.848+0000][gc,cpu      ] GC(1344) User=0.21s Sys=0.01s Real=0.15s
[2026-01-16T10:01:55.059+0000][gc,start    ] GC(1345) Pause Young (Normal) (G1 Evacuation Pause)
[2026-01-16T10:01:55.062+0000][gc,task     ] GC(1345) Using 8 workers of 8 for evacuation
[2026-01-16T10:01:55.172+0000][gc,phases   ] GC(1345)   Pre Evacuate Collection Set: 14.9ms
[2026-01-16T10:01:55.173+0000][gc,phases   ] GC(1345)   Merge Heap Roots: 2.2ms
[2026-01-16T10:01:55.173+0000][gc,phases   ] GC(1345)   Evacuate Collection Set: 82.0ms
[2026-01-16T10:01:55.173+0000][gc,phases   ] GC(1345)   Post Evacuate Collection Set: 6.8ms
[2026-01-16T10:01:55.173+0000][gc,phases   ] GC(1345)   Other: 4.3ms
[2026-01-16T10:01:55.173+0000][gc,heap     ] GC(1345) Eden regions: 95->0(83)
[2026-01-16T10:01:55.173+0000][gc,heap     ] GC(1345) Survivor regions: 2->4(13)
[2026-01-16T10:01:55.174+0000][gc,heap     ] GC(1345) Old regions: 213->213
[2026-01-16T10:01:55.174+0000][gc,heap     ] GC(1345) Humongous regions: 167->167
[2026-01-16T10:01:55.174+0000][gc,metaspace] GC(1345) Metaspace: 15739K(16128K)->15739K(16128K) NonClass: 13985K(14208K)->13985K(14208K) Class: 1753K(1920K)->1753K(1920K)
[2026-01-16T10:01:55.174+0000][gc          ] GC(1345) Pause Young (Normal) (G1 Evacuation Pause) 476M->382M(1024M) 116.166ms
[2026-01-16T10:01:55.174+0000][gc,cpu      ] GC(1345) User=0.18s Sys=0.01s Real=0.11s
[2026-01-16T10:02:02.742+0000][gc,start    ] GC(1346) Pause Young (Normal) (G1 Evacuation Pause)
[2026-01-16T10:02:02.746+0000][gc,task     ] GC(1346) Using 8 workers of 8 for evacuation
[2026-01-16T10:02:02.847+0000][gc,phases   ] GC(1346)   Pre Evacuate Collection Set: 20.1ms
[2026-01-16T10:02:02.847+0000][gc,phases   ] GC(1346)   Merge Heap Roots: 2.0ms
[2026-01-16T10:02:02.850+0000][gc,phases   ] GC(1346)   Evacuate Collection Set: 65.9ms
[2026-01-16T10:02:02.850+0000][gc,phases   ] GC(1346)   Post Evacuate Collection Set: 11.3ms
[2026-01-16T10:02:02.851+0000][gc,phases   ] GC(1346)   Other: 2.0ms
[2026-01-16T10:02:02.851+0000][gc,heap     ] GC(1346) Eden regions: 85->0(175)
[2026-01-16T10:02:02.851+0000][gc,heap     ] GC(1346) Survivor regions: 4->3(12)
[2026-01-16T10:02:02.852+0000][gc,heap     ] GC(1346) Old regions: 213->213
[2026-01-16T10:02:02.852+0000][gc,heap     ] GC(1346) Humongous regions: 167->167
[2026-01-16T10:02:02.852+0000][gc,metaspace] GC(1346) Metaspace: 15739K(16128K)->15739K(16128K) NonClass: 13985K(14208K)->13985K(14208K) Class: 1753K(1920K)->1753K(1920K)
[2026-01-16T10:02:02.852+0000][gc          ] GC(1346) Pause Young (Normal) (G1 Evacuation Pause) 467M->381M(1024M) 110.646ms
[2026-01-16T10:02:02.853+0000][gc,cpu      ] GC(1346) User=0.24s Sys=0.02s Real=0.12s
[2026-01-16T10:02:06.667+0000][gc,start    ] GC(1347) Pause Young (Normal) (G1 Evacuation Pause)
[2026-01-16T10:02:06.670+0000][gc,task     ] GC(1347) Using 8 workers of 8 for evacuation
[2026-01-16T10:02:06.798+0000][gc,phases   ] GC(1347)   Pre Evacuate Collection Set: 6.0ms
[2026-01-16T10:02:06.805+0000][gc,phases   ] GC(1347)   Merge Heap Roots: 2.3ms
[2026-01-16T10:02:06.806+0000][gc,phases   ] GC(1347)   Evacuate Collection Set: 106.3ms
[2026-01-16T10:02:06.809+0000][gc,phases   ] GC(1347)   Post Evacuate Collection Set: 10.7ms
[2026-01-16T10:02:06.811+0000][gc,phases   ] GC(1347)   Other: 2.4ms
[2026-01-16T10:02:06.817+0000][gc,heap     ] GC(1347) Eden regions: 171->0(115)
[2026-01-16T10:02:06.819+0000][gc,heap     ] GC(1347) Survivor regions: 3->5(22)
[2026-01-16T10:02:06.822+0000][gc,heap     ] GC(1347) Old regions: 213->213
[2026-01-16T10:02:06.823+0000][gc,heap     ] GC(1347) Humongous regions: 167->167
[2026-01-16T10:02:06.827+0000][gc,metaspace] GC(1347) Metaspace: 15739K(16128K)->15739K(16128K) NonClass: 13985K(14208K)->13985K(14208K) Class: 1753K(1920K)->1753K(1920K)
[2026-01-16T10:02:06.828+0000][gc          ] GC(1347) Pause Young (Normal) (G1 Evacuation Pause) 552M->383M(1024M) 161.119ms
[2026-01-16T10:02:06.829+0000][gc,cpu      ] GC(1347) User=0.28s Sys=0.03s Real=0.16s
[2026-01-16T10:02:13.947+0000][gc,start    ] GC(1348) Pause Young (Normal) (G1 Evacuation Pause)
[2026-01-16T10:02:13.950+0000][gc,task     ] GC(1348) Using 8 workers of 8 for evacuation
[2026-01-16T10:02:14.032+0000][gc,phases   ] GC(1348)   Pre Evacuate Collection Set: 11.8ms
[2026-01-16T10:02:14.032+0000][gc,phases   ] GC(1348)   Merge Heap Roots: 1.4ms
[2026-01-16T10:02:14.032+0000][gc,phases   ] GC(1348)   Evacuate Collection Set: 61.4ms
[2026-01-16T10:02:14.033+0000][gc,phases   ] GC(1348)   Post Evacuate Collection Set: 4.7ms
[2026-01-16T10:02:14.034+0000][gc,phases   ] GC(1348)   Other: 2.8ms
[2026-01-16T10:02:14.036+0000][gc,heap     ] GC(1348) Eden regions: 112->0(236)
[2026-01-16T10:02:14.037+0000][gc,heap     ] GC(1348) Survivor regions: 5->4(15)
[2026-01-16T10:02:14.037+0000][gc,heap     ] GC(1348) Old regions: 213->213
[2026-01-16T10:02:14.037+0000][gc,heap     ] GC(1348) Humongous regions: 167->167
[2026-01-16T10:02:14.037+0000][gc,metaspace] GC(1348) Metaspace: 15739K(16128K)->15739K(16128K) NonClass: 13985K(14208K)->13985K(14208K) Class: 1753K(1920K)->1753K(1920K)
[2026-01-16T10:02:14.038+0000][gc          ] GC(1348) Pause Young (Normal) (G1 Evacuation Pause) 495M->383M(1024M) 91.417ms
[2026-01-16T10:02:14.039+0000][gc,cpu      ] GC(1348) User=0.18s Sys=0.02s Real=0.10s
[2026-01-16T10:02:26.451+0000][gc,start    ] GC(1349) Pause Young (Normal) (G1 Evacuation Pause)
[2026-01-16T10:02:26.452+0000][gc,task     ] GC(1349) Using 8 workers of 8 for evacuation
[2026-01-16T10:02:26.587+0000][gc,phases   ] GC(1349)   Pre Evacuate Collection Set: 28.0ms
[2026-01-16T10:02:26.587+0000][gc,phases   ] GC(1349)   Merge Heap Roots: 1.6ms
[2026-01-16T10:02:26.587+0000][gc,phases   ] GC(1349)   Evacuate Collection Set: 88.3ms
[2026-01-16T10:02:26.587+0000][gc,phases   ] GC(1349)   Post Evacuate Collection Set: 12.4ms
[2026-01-16T10:02:26.587+0000][gc,phases   ] GC(1349)   Other: 4.2ms
[2026-01-16T10:02:26.588+0000][gc,heap     ] GC(1349) Eden regions: 231->0(201)
[2026-01-16T10:02:26.588+0000][gc,heap     ] GC(1349) Survivor regions: 4->5(30)
[2026-01-16T10:02:26.588+0000][gc,heap     ] GC(1349) Old regions: 213->213
[2026-01-16T10:02:26.588+0000][gc,heap     ] GC(1349) Humongous regions: 167->167
[2026-01-16T10:02:26.589+0000][gc,metaspace] GC(1349) Metaspace: 15739K(16128K)->15739K(16128K) NonClass: 13986K(14208K)->13986K(14208K) Class: 1753K(1920K)->1753K(1920K)
[2026-01-16T10:02:26.590+0000][gc          ] GC(1349) Pause Young (Normal) (G1 Evacuation Pause) 614M->384M(1024M) 138.358ms
[2026-01-16T10:02:26.595+0000][gc,cpu      ] GC(1349) User=0.32s Sys=0.01s Real=0.14s
[2026-01-16T10:02:38.729+0000][gc,start    ] GC(1350) Pause Young (Normal) (G1 Evacuation Pause)
[2026-01-16T10:02:38.730+0000][gc,task     ] GC(1350) Using 8 workers of 8 for evacuation
[2026-01-16T10:02:39.197+0000][gc,mmu      ] GC(1350) MMU target violated: 201.0ms (200.0ms/201.0ms)
[2026-01-16T10:02:39.198+0000][gc,phases   ] GC(1350)   Pre Evacuate Collection Set: 72.9ms
[2026-01-16T10:02:39.200+0000][gc,phases   ] GC(1350)   Merge Heap Roots: 12.2ms
[2026-01-16T10:02:39.201+0000][gc,phases   ] GC(1350)   Evacuate Collection Set: 375.7ms
[2026-01-16T10:02:39.202+0000][gc,phases   ] GC(1350)   Post Evacuate Collection Set: 25.6ms
[2026-01-16T10:02:39.202+0000][gc,phases   ] GC(1350)   Other: 2.7ms
[2026-01-16T10:02:39.203+0000][gc,heap     ] GC(1350) Eden regions: 195->0(45)
[2026-01-16T10:02:39.203+0000][gc,heap     ] GC(1350) Survivor regions: 5->6(25)
[2026-01-16T10:02:39.203+0000][gc,heap     ] GC(1350) Old regions: 213->213
[2026-01-16T10:02:39.203+0000][gc,heap     ] GC(1350) Humongous regions: 167->167
[2026-01-16T10:02:39.204+0000][gc,metaspace] GC(1350) Metaspace: 15739K(16128K)->15739K(16128K) NonClass: 13986K(14208K)->13986K(14208K) Class: 1753K(1920K)->1753K(1920K)
[2026-01-16T10:02:39.205+0000][gc          ] GC(1350) Pause Young (Normal) (G1 Evacuation Pause) 579M->384M(1024M) 496.322ms
[2026-01-16T10:02:39.205+0000][gc,cpu      ] GC(1350) User=0.41s Sys=0.02s Real=0.49s
[2026-01-16T10:02:43.177+0000][gc,start    ] GC(1351) Pause Young (Normal) (G1 Evacuation Pause)
[2026-01-16T10:02:43.179+0000][gc,task     ] GC(1351) Using 8 workers of 8 for evacuation
[2026-01-16T10:02:43.242+0000][gc,phases   ] GC(1351)   Pre Evacuate Collection Set: 3.7ms
[2026-01-16T10:02:43.242+0000][gc,phases   ] GC(1351)   Merge Heap Roots: 0.4ms
[2026-01-16T10:02:43.242+0000][gc,phases   ] GC(1351)   Evacuate Collection Set: 50.7ms
[2026-01-16T10:02:43.242+0000][gc,phases   ] GC(1351)   Post Evacuate Collection Set: 8.0ms
[2026-01-16T10:02:43.243+0000][gc,phases   ] GC(1351)   Other: 0.6ms
[2026-01-16T10:02:43.243+0000][gc,heap     ] GC(1351) Eden regions: 45->0(175)
[2026-01-16T10:02:43.243+0000][gc,heap     ] GC(1351) Survivor regions: 6->3(7)
[2026-01-16T10:02:43.243+0000][gc,heap     ] GC(1351) Old regions: 213->214
[2026-01-16T10:02:43.244+0000][gc,heap     ] GC(1351) Humongous regions: 167->167
[2026-01-16T10:02:43.245+0000][gc,metaspace] GC(1351) Metaspace: 15739K(16128K)->15739K(16128K) NonClass: 13986K(14208K)->13986K(14208K) Class: 1753K(1920K)->1753K(1920K)
[2026-01-16T10:02:43.245+0000][gc          ] GC(1351) Pause Young (Normal) (G1 Evacuation Pause) 429M->383M(1024M) 68.128ms
[2026-01-16T10:02:43.245+0000][gc,cpu      ] GC(1351) User=0.16s Sys=0.04s Real=0.06s
[2026-01-16T10:02:53.938+0000][gc,start    ] GC(1352) Pause Young (Normal) (G1 Evacuation Pause)
[2026-01-16T10:02:53.940+0000][gc,task     ] GC(1352) Using 8 workers of 8 for evacuation
[2026-01-16T10:02:54.356+0000][gc,mmu      ] GC(1352) MMU target violated: 201.0ms (200.0ms/201.0ms)
[2026-01-16T10:02:54.360+0000][gc,phases   ] GC(1352)   Pre Evacuate Collection Set: 33.2ms
[2026-01-16T10:02:54.367+0000][gc,phases   ] GC(1352)   Merge Heap Roots: 7.3ms
[2026-01-16T10:02:54.369+0000][gc,phases   ] GC(1352)   Evacuate Collection Set: 192.4ms
[2026-01-16T10:02:54.370+0000][gc,phases   ] GC(1352)   Post Evacuate Collection Set: 180.7ms
[2026-01-16T10:02:54.374+0000][gc,phases   ] GC(1352)   Other: 7.3ms
[2026-01-16T10:02:54.376+0000][gc,heap     ] GC(1352) Eden regions: 181->0(48)
[2026-01-16T10:02:54.383+0000][gc,heap     ] GC(1352) Survivor regions: 3->3(23)
[2026-01-16T10:02:54.385+0000][gc,heap     ] GC(1352) Old regions: 214->214
[2026-01-16T10:02:54.387+0000][gc,heap     ] GC(1352) Humongous regions: 167->167
[2026-01-16T10:02:54.387+0000][gc,metaspace] GC(1352) Metaspace: 15739K(16128K)->15739K(16128K) NonClass: 13986K(14208K)->13986K(14208K) Class: 1753K(1920K)->1753K(1920K)
[2026-01-16T10:02:54.395+0000][gc          ] GC(1352) Pause Young (Normal) (G1 Evacuation Pause) 564M->383M(1024M) 457.676ms
[2026-01-16T10:02:54.409+0000][gc,cpu      ] GC(1352) User=0.31s Sys=0.03s Real=0.46s
[2026-01-16T10:02:56.382+0000][gc,start    ] GC(1353) Pause Young (Normal) (G1 Evacuation Pause)
[2026-01-16T10:02:56.386+0000][gc,task     ] GC(1353) Using 8 workers of 8 for evacuation
[2026-01-16T10:02:56.578+0000][gc,phases   ] GC(1353)   Pre Evacuate Collection Set: 18.1ms
[2026-01-16T10:02:56.578+0000][gc,phases   ] GC(1353)   Merge Heap Roots: 0.3ms
[2026-01-16T10:02:56.578+0000][gc,phases   ] GC(1353)   Evacuate Collection Set: 155.1ms
[2026-01-16T10:02:56.578+0000][gc,phases   ] GC(1353)   Post Evacuate Collection Set: 16.1ms
[2026-01-16T10:02:56.579+0000][gc,phases   ] GC(1353)   Other: 1.7ms
[2026-01-16T10:02:56.579+0000][gc,heap     ] GC(1353) Eden regions: 48->0(48)
[2026-01-16T10:02:56.579+0000][gc,heap     ] GC(1353) Survivor regions: 3->3(7)
[2026-01-16T10:02:56.579+0000][gc,heap     ] GC(1353) Old regions: 214->214
[2026-01-16T10:02:56.580+0000][gc,heap     ] GC(1353) Humongous regions: 167->167
[2026-01-16T10:02:56.580+0000][gc,metaspace] GC(1353) Metaspace: 15739K(16128K)->15739K(16128K) NonClass: 13986K(14208K)->13986K(14208K) Class: 1753K(1920K)->1753K(1920K)
[2026-01-16T10:02:56.581+0000][gc          ] GC(1353) Pause Young (Normal) (G1 Evacuation Pause) 431M->383M(1024M) 198.396ms
[2026-01-16T10:02:56.581+0000][gc,cpu      ] GC(1353) User=0.15s Sys=0.01s Real=0.20s
[2026-01-16T10:02:58.631+0000][gc,start    ] GC(1354) Pause Young (Normal) (G1 Evacuation Pause)
[2026-01-16T10:02:58.637+0000][gc,task     ] GC(1354) Using 8 workers of 8 for evacuation
[2026-01-16T10:02:58.938+0000][gc,mmu      ] GC(1354) MMU target violated: 201.0ms (200.0ms/201.0ms)
[2026-01-16T10:02:58.938+0000][gc,phases   ] GC(1354)   Pre Evacuate Collection Set: 17.1ms
[2026-01-16T10:02:58.938+0000][gc,phases   ] GC(1354)   Merge Heap Roots: 1.7ms
[2026-01-16T10:02:58.938+0000][gc,phases   ] GC(1354)   Evacuate Collection Set: 263.8ms
[2026-01-16T10:02:58.938+0000][gc,phases   ] GC(1354)   Post Evacuate Collection Set: 17.1ms
[2026-01-16T10:02:58.938+0000][gc,phases   ] GC(1354)   Other: 1.4ms
[2026-01-16T10:02:58.941+0000][gc,heap     ] GC(1354) Eden regions: 48->0(47)
[2026-01-16T10:02:58.942+0000][gc,heap     ] GC(1354) Survivor regions: 3->4(7)
[2026-01-16T10:02:58.943+0000][gc,heap     ] GC(1354) Old regions: 214->214
[2026-01-16T10:02:58.944+0000][gc,heap     ] GC(1354) Humongous regions: 167->167
[2026-01-16T10:02:58.945+0000][gc,metaspace] GC(1354) Metaspace: 15739K(16128K)->15739K(16128K) NonClass: 13986K(14208K)->13986K(14208K) Class: 1753K(1920K)->1753K(1920K)
[2026-01-16T10:02:58.947+0000][gc          ] GC(1354) Pause Young (Normal) (G1 Evacuation Pause) 431M->384M(1024M) 316.335ms
[2026-01-16T10:02:58.947+0000][gc,cpu      ] GC(1354) User=0.16s Sys=0.01s Real=0.32s
[2026-01-16T10:02:59.724+0000][gc,start    ] GC(1355) Pause Young (Normal) (G1 Evacuation Pause)
[2026-01-16T10:02:59.725+0000][gc,task     ] GC(1355) Using 8 workers of 8 for evacuation
[2026-01-16T10:02:59.780+0000][gc,phases   ] GC(1355)   Pre Evacuate Collection Set: 2.6ms
[2026-01-16T10:02:59.780+0000][gc,phases   ] GC(1355)   Merge Heap Roots: 0.2ms
[2026-01-16T10:02:59.780+0000][gc,phases   ] GC(1355)   Evacuate Collection Set: 47.2ms
[2026-01-16T10:02:59.781+0000][gc,phases   ] GC(1355)   Post Evacuate Collection Set: 2.7ms
[2026-01-16T10:02:59.781+0000][gc,phases   ] GC(1355)   Other: 2.5ms
[2026-01-16T10:02:59.781+0000][gc,heap     ] GC(1355) Eden regions: 47->0(47)
[2026-01-16T10:02:59.782+0000][gc,heap     ] GC(1355) Survivor regions: 4->4(7)
[2026-01-16T10:02:59.782+0000][gc,heap     ] GC(1355) Old regions: 214->214
[2026-01-16T10:02:59.782+0000][gc,heap     ] GC(1355) Humongous regions: 167->167
[2026-01-16T10:02:59.783+0000][gc,metaspace] GC(1355) Metaspace: 15739K(16128K)->15739K(16128K) NonClass: 13986K(14208K)->13986K(14208K) Class: 1753K(1920K)->1753K(1920K)
[2026-01-16T10:02:59.783+0000][gc          ] GC(1355) Pause Young (Normal) (G1 Evacuation Pause) 431M->384M(1024M) 59.264ms
[2026-01-16T10:02:59.783+0000][gc,cpu      ] GC(1355) User=0.04s Sys=0.00s Real=0.06s
[2026-01-16T10:03:03.967+0000][gc,start    ] GC(1356) Pause Young (Normal) (G1 Evacuation Pause)
[2026-01-16T10:03:03.970+0000][gc,task     ] GC(1356) Using 8 workers of 8 for evacuation
[2026-01-16T10:03:04.109+0000][gc,phases   ] GC(1356)   Pre Evacuate Collection Set: 18.6ms
[2026-01-16T10:03:04.110+0000][gc,phases   ] GC(1356)   Merge Heap Roots: 4.1ms
[2026-01-16T10:03:04.112+0000][gc,phases   ] GC(1356)   Evacuate Collection Set: 95.7ms
[2026-01-16T10:03:04.112+0000][gc,phases   ] GC(1356)   Post Evacuate Collection Set: 14.8ms
[2026-01-16T10:03:04.112+0000][gc,phases   ] GC(1356)   Other: 6.9ms
[2026-01-16T10:03:04.113+0000][gc,heap     ] GC(1356) Eden regions: 47->0(94)
[2026-01-16T10:03:04.113+0000][gc,heap     ] GC(1356) Survivor regions: 4->2(7)
[2026-01-16T10:03:04.113+0000][gc,heap     ] GC(1356) Old regions: 214->214
[2026-01-16T10:03:04.114+0000][gc,heap     ] GC(1356) Humongous regions: 167->167
[2026-01-16T10:03:04.114+0000][gc,metaspace] GC(1356) Metaspace: 15739K(16128K)->15739K(16128K) NonClass: 13986K(14208K)->13986K(14208K) Class: 1753K(1920K)->1753K(1920K)
[2026-01-16T10:03:04.116+0000][gc          ] GC(1356) Pause Young (Normal) (G1 Evacuation Pause) 431M->382M(1024M) 148.938ms
[2026-01-16T10:03:04.118+0000][gc,cpu      ] GC(1356) User=0.16s Sys=0.01s Real=0.15s
[2026-01-16T10:03:06.304+0000][gc,start    ] GC(1357) Pause Young (Normal) (G1 Evacuation Pause)
[2026-01-16T10:03:06.305+0000][gc,task     ] GC(1357) Using 8 workers of 8 for evacuation
[2026-01-16T10:03:06.434+0000][gc,phases   ] GC(1357)   Pre Evacuate Collection Set: 10.9ms
[2026-01-16T10:03:06.435+0000][gc,phases   ] GC(1357)   Merge Heap Roots: 0.6ms
[2026-01-16T10:03:06.436+0000][gc,phases   ] GC(1357)   Evacuate Collection Set: 104.9ms
[2026-01-16T10:03:06.436+0000][gc,phases   ] GC(1357)   Post Evacuate Collection Set: 12.7ms
[2026-01-16T10:03:06.436+0000][gc,phases   ] GC(1357)   Other: 0.6ms
[2026-01-16T10:03:06.438+0000][gc,heap     ] GC(1357) Eden regions: 102->0(53)
[2026-01-16T10:03:06.438+0000][gc,heap     ] GC(1357) Survivor regions: 2->4(13)
[2026-01-16T10:03:06.438+0000][gc,heap     ] GC(1357) Old regions: 214->214
[2026-01-16T10:03:06.439+0000][gc,heap     ] GC(1357) Humongous regions: 167->167
[2026-01-16T10:03:06.439+0000][gc,metaspace] GC(1357) Metaspace: 15739K(16128K)->15739K(16128K) NonClass: 13986K(14208K)->13986K(14208K) Class: 1753K(1920K)->1753K(1920K)
[2026-01-16T10:03:06.439+0000][gc          ] GC(1357) Pause Young (Normal) (G1 Evacuation Pause) 484M->384M(1024M) 135.216ms
[2026-01-16T10:03:06.440+0000][gc,cpu      ] GC(1357) User=0.18s Sys=0.01s Real=0.14s
[2026-01-16T10:03:13.549+0000][gc,start    ] GC(1358) Pause Young (Normal) (G1 Evacuation Pause)
[2026-01-16T10:03:13.550+0000][gc,task     ] GC(1358) Using 8 workers of 8 for evacuation
[2026-01-16T10:03:13.943+0000][gc,mmu      ] GC(1358) MMU target violated: 201.0ms (200.0ms/201.0ms)
[2026-01-16T10:03:13.944+0000][gc,phases   ] GC(1358)   Pre Evacuate Collection Set: 37.7ms
[2026-01-16T10:03:13.947+0000][gc,phases   ] GC(1358)   Merge Heap Roots: 3.9ms
[2026-01-16T10:03:13.947+0000][gc,phases   ] GC(1358)   Evacuate Collection Set: 258.8ms
[2026-01-16T10:03:13.949+0000][gc,phases   ] GC(1358)   Post Evacuate Collection Set: 92.0ms
[2026-01-16T10:03:13.950+0000][gc,phases   ] GC(1358)   Other: 2.5ms
[2026-01-16T10:03:13.950+0000][gc,heap     ] GC(1358) Eden regions: 56->0(49)
[2026-01-16T10:03:13.951+0000][gc,heap     ] GC(1358) Survivor regions: 4->2(8)
[2026-01-16T10:03:13.951+0000][gc,heap     ] GC(1358) Old regions: 214->214
[2026-01-16T10:03:13.952+0000][gc,heap     ] GC(1358) Humongous regions: 167->167
[2026-01-16T10:03:13.952+0000][gc,metaspace] GC(1358) Metaspace: 15739K(16128K)->15739K(16128K) NonClass: 13986K(14208K)->13986K(14208K) Class: 1753K(1920K)->1753K(1920K)
[2026-01-16T10:03:13.953+0000][gc          ] GC(1358) Pause Young (Normal) (G1 Evacuation Pause) 440M->382M(1024M) 404.891ms
[2026-01-16T10:03:13.954+0000][gc,cpu      ] GC(1358) User=0.39s Sys=0.03s Real=0.41s
[2026-01-16T10:03:16.058+0000][gc,start    ] GC(1359) Pause Young (Normal) (G1 Evacuation Pause)
[2026-01-16T10:03:16.059+0000][gc,task     ] GC(1359) Using 8 workers of 8 for evacuation
[2026-01-16T10:03:16.189+0000][gc,phases   ] GC(1359)   Pre Evacuate Collection Set: 12.6ms
[2026-01-16T10:03:16.190+0000][gc,phases   ] GC(1359)   Merge Heap Roots: 5.6ms
[2026-01-16T10:03:16.190+0000][gc,phases   ] GC(1359)   Evacuate Collection Set: 105.1ms
[2026-01-16T10:03:16.191+0000][gc,phases   ] GC(1359)   Post Evacuate Collection Set: 3.5ms
[2026-01-16T10:03:16.191+0000][gc,phases   ] GC(1359)   Other: 2.9ms
[2026-01-16T10:03:16.192+0000][gc,heap     ] GC(1359) Eden regions: 49->0(48)
[2026-01-16T10:03:16.193+0000][gc,heap     ] GC(1359) Survivor regions: 2->3(7)
[2026-01-16T10:03:16.195+0000][gc,heap     ] GC(1359) Old regions: 214->214
[2026-01-16T10:03:16.196+0000][gc,heap     ] GC(1359) Humongous regions: 167->167
[2026-01-16T10:03:16.198+0000][gc,metaspace] GC(1359) Metaspace: 15739K(16128K)->15739K(16128K) NonClass: 13986K(14208K)->13986K(14208K) Class: 1753K(1920K)->1753K(1920K)
[2026-01-16T10:03:16.198+0000][gc          ] GC(1359) Pause Young (Normal) (G1 Evacuation Pause) 431M->383M(1024M) 140.011ms
[2026-01-16T10:03:16.199+0000][gc,cpu      ] GC(1359) User=0.08s Sys=0.01s Real=0.14s
[2026-01-16T10:03:16.886+0000][gc,start    ] GC(1360) Pause Young (Normal) (G1 Evacuation Pause)
[2026-01-16T10:03:16.887+0000][gc,task     ] GC(1360) Using 8 workers of 8 for evacuation
[2026-01-16T10:03:16.965+0000][gc,phases   ] GC(1360)   Pre Evacuate Collection Set: 0.8ms
[2026-01-16T10:03:16.966+0000][gc,phases   ] GC(1360)   Merge Heap Roots: 1.7ms
[2026-01-16T10:03:16.968+0000][gc,phases   ] GC(1360)   Evacuate Collection Set: 67.3ms
[2026-01-16T10:03:16.973+0000][gc,phases   ] GC(1360)   Post Evacuate Collection Set: 4.4ms
[2026-01-16T10:03:16.975+0000][gc,phases   ] GC(1360)   Other: 3.9ms
[2026-01-16T10:03:16.975+0000][gc,heap     ] GC(1360) Eden regions: 48->0(94)
[2026-01-16T10:03:16.976+0000][gc,heap     ] GC(1360) Survivor regions: 3->3(7)
[2026-01-16T10:03:16.976+0000][gc,heap     ] GC(1360) Old regions: 214->214
[2026-01-16T10:03:16.976+0000][gc,heap     ] GC(1360) Humongous regions: 167->167
[2026-01-16T10:03:16.976+0000][gc,metaspace] GC(1360) Metaspace: 15739K(16128K)->15739K(16128K) NonClass: 13986K(14208K)->13986K(14208K) Class: 1753K(1920K)->1753K(1920K)
[2026-01-16T10:03:16.977+0000][gc          ] GC(1360) Pause Young (Normal) (G1 Evacuation Pause) 431M->383M(1024M) 90.999ms
[2026-01-16T10:03:16.977+0000][gc,cpu      ] GC(1360) User=0.05s Sys=0.01s Real=0.09s
[2026-01-16T10:03:23.496+0000][gc,start    ] GC(1361) Pause Young (Normal) (G1 Evacuation Pause)
[2026-01-16T10:03:23.496+0000][gc,task     ] GC(1361) Using 8 workers of 8 for evacuation
[2026-01-16T10:03:23.582+0000][gc,phases   ] GC(1361)   Pre Evacuate Collection Set: 6.3ms
[2026-01-16T10:03:23.584+0000][gc,phases   ] GC(1361)   Merge Heap Roots: 1.7ms
[2026-01-16T10:03:23.592+0000][gc,phases   ] GC(1361)   Evacuate Collection Set: 59.0ms
[2026-01-16T10:03:23.593+0000][gc,phases   ] GC(1361)   Post Evacuate Collection Set: 18.0ms
[2026-01-16T10:03:23.593+0000][gc,phases   ] GC(1361)   Other: 0.6ms
[2026-01-16T10:03:23.593+0000][gc,heap     ] GC(1361) Eden regions: 97->0(215)
[2026-01-16T10:03:23.594+0000][gc,heap     ] GC(1361) Survivor regions: 3->2(13)
[2026-01-16T10:03:23.594+0000][gc,heap     ] GC(1361) Old regions: 214->214
[2026-01-16T10:03:23.594+0000][gc,heap     ] GC(1361) Humongous regions: 167->167
[2026-01-16T10:03:23.595+0000][gc,metaspace] GC(1361) Metaspace: 15739K(16128K)->15739K(16128K) NonClass: 13986K(14208K)->13986K(14208K) Class: 1753K(1920K)->1753K(1920K)
[2026-01-16T10:03:23.595+0000][gc          ] GC(1361) Pause Young (Normal) (G1 Evacuation Pause) 480M->382M(1024M) 99.522ms
[2026-01-16T10:03:23.595+0000][gc,cpu      ] GC(1361) User=0.24s Sys=0.02s Real=0.10s
[2026-01-16T10:03:33.662+0000][gc,start    ] GC(1362) Pause Young (Normal) (G1 Evacuation Pause)
[2026-01-16T10:03:33.663+0000][gc,task     ] GC(1362) Using 8 workers of 8 for evacuation
[2026-01-16T10:03:33.719+0000][gc,phases   ] GC(1362)   Pre Evacuate Collection Set: 15.3ms
[2026-01-16T10:03:33.719+0000][gc,phases   ] GC(1362)   Merge Heap Roots: 4.8ms
[2026-01-16T10:03:33.719+0000][gc,phases   ] GC(1362)   Evacuate Collection Set: 28.1ms
[2026-01-16T10:03:33.719+0000][gc,phases   ] GC(1362)   Post Evacuate Collection Set: 7.4ms
[2026-01-16T10:03:33.719+0000][gc,phases   ] GC(1362)   Other: 0.6ms
[2026-01-16T10:03:33.719+0000][gc,heap     ] GC(1362) Eden regions: 210->0(290)
[2026-01-16T10:03:33.719+0000][gc,heap     ] GC(1362) Survivor regions: 2->3(27)
[2026-01-16T10:03:33.719+0000][gc,heap     ] GC(1362) Old regions: 214->214
[2026-01-16T10:03:33.719+0000][gc,heap     ] GC(1362) Humongous regions: 167->167
[2026-01-16T10:03:33.719+0000][gc,metaspace] GC(1362) Metaspace: 15739K(16128K)->15739K(16128K) NonClass: 13986K(14208K)->13986K(14208K) Class: 1753K(1920K)->1753K(1920K)
[2026-01-16T10:03:33.720+0000][gc          ] GC(1362) Pause Young (Normal) (G1 Evacuation Pause) 592M->383M(1024M) 58.042ms
[2026-01-16T10:03:33.720+0000][gc,cpu      ] GC(1362) User=0.22s Sys=0.01s Real=0.05s
[2026-01-16T10:03:45.425+0000][gc,start    ] GC(1363) Pause Young (Normal) (G1 Evacuation Pause)
[2026-01-16T10:03:45.425+0000][gc,task     ] GC(1363) Using 8 workers of 8 for evacuation
[2026-01-16T10:03:45.540+0000][gc,phases   ] GC(1363)   Pre Evacuate Collection Set: 4.5ms
[2026-01-16T10:03:45.541+0000][gc,phases   ] GC(1363)   Merge Heap Roots: 0.5ms
[2026-01-16T10:03:45.541+0000][gc,phases   ] GC(1363)   Evacuate Collection Set: 102.8ms
[2026-01-16T10:03:45.541+0000][gc,phases   ] GC(1363)   Post Evacuate Collection Set: 6.5ms
[2026-01-16T10:03:45.541+0000][gc,phases   ] GC(1363)   Other: 0.7ms
[2026-01-16T10:03:45.541+0000][gc,heap     ] GC(1363) Eden regions: 277->0(155)
[2026-01-16T10:03:45.542+0000][gc,heap     ] GC(1363) Survivor regions: 3->5(35)
[2026-01-16T10:03:45.542+0000][gc,heap     ] GC(1363) Old regions: 214->215
[2026-01-16T10:03:45.542+0000][gc,heap     ] GC(1363) Humongous regions: 167->167
[2026-01-16T10:03:45.542+0000][gc,metaspace] GC(1363) Metaspace: 15739K(16128K)->15739K(16128K) NonClass: 13986K(14208K)->13986K(14208K) Class: 1753K(1920K)->1753K(1920K)
[2026-01-16T10:03:45.543+0000][gc          ] GC(1363) Pause Young (Normal) (G1 Evacuation Pause) 660M->385M(1024M) 118.194ms
[2026-01-16T10:03:45.543+0000][gc,cpu      ] GC(1363) User=0.43s Sys=0.03s Real=0.12s
[2026-01-16T10:03:55.020+0000][gc,start    ] GC(1364) Pause Young (Normal) (G1 Evacuation Pause)
[2026-01-16T10:03:55.022+0000][gc,task     ] GC(1364) Using 8 workers of 8 for evacuation
[2026-01-16T10:03:55.089+0000][gc,phases   ] GC(1364)   Pre Evacuate Collection Set: 17.0ms
[2026-01-16T10:03:55.089+0000][gc,phases   ] GC(1364)   Merge Heap Roots: 1.3ms
[2026-01-16T10:03:55.089+0000][gc,phases   ] GC(1364)   Evacuate Collection Set: 39.4ms
[2026-01-16T10:03:55.089+0000][gc,phases   ] GC(1364)   Post Evacuate Collection Set: 7.5ms
[2026-01-16T10:03:55.089+0000][gc,phases   ] GC(1364)   Other: 2.2ms
[2026-01-16T10:03:55.090+0000][gc,heap     ] GC(1364) Eden regions: 150->0(297)
[2026-01-16T10:03:55.090+0000][gc,heap     ] GC(1364) Survivor regions: 5->5(20)
[2026-01-16T10:03:55.090+0000][gc,heap     ] GC(1364) Old regions: 215->215
[2026-01-16T10:03:55.090+0000][gc,heap     ] GC(1364) Humongous regions: 167->167
[2026-01-16T10:03:55.090+0000][gc,metaspace] GC(1364) Metaspace: 15741K(16128K)->15741K(16128K) NonClass: 13988K(14208K)->13988K(14208K) Class: 1753K(1920K)->1753K(1920K)
[2026-01-16T10:03:55.091+0000][gc          ] GC(1364) Pause Young (Normal) (G1 Evacuation Pause) 535M->385M(1024M) 70.816ms
[2026-01-16T10:03:55.091+0000][gc,cpu      ] GC(1364) User=0.21s Sys=0.02s Real=0.07s
[2026-01-16T10:04:13.513+0000][gc,start    ] GC(1365) Pause Young (Normal) (G1 Evacuation Pause)
[2026-01-16T10:04:13.513+0000][gc,task     ] GC(1365) Using 8 workers of 8 for evacuation
[2026-01-16T10:04:13.601+0000][gc,phases   ] GC(1365)   Pre Evacuate Collection Set: 11.5ms
[2026-01-16T10:04:13.601+0000][gc,phases   ] GC(1365)   Merge Heap Roots: 1.7ms
[2026-01-16T10:04:13.601+0000][gc,phases   ] GC(1365)   Evacuate Collection Set: 61.8ms
[2026-01-16T10:04:13.601+0000][gc,phases   ] GC(1365)   Post Evacuate Collection Set: 11.7ms
[2026-01-16T10:04:13.601+0000][gc,phases   ] GC(1365)   Other: 0.5ms
[2026-01-16T10:04:13.601+0000][gc,heap     ] GC(1365) Eden regions: 285->0(445)
[2026-01-16T10:04:13.602+0000][gc,heap     ] GC(1365) Survivor regions: 5->4(37)
[2026-01-16T10:04:13.602+0000][gc,heap     ] GC(1365) Old regions: 215->215
[2026-01-16T10:04:13.602+0000][gc,heap     ] GC(1365) Humongous regions: 167->167
[2026-01-16T10:04:13.602+0000][gc,metaspace] GC(1365) Metaspace: 15741K(16128K)->15741K(16128K) NonClass: 13988K(14208K)->13988K(14208K) Class: 1753K(1920K)->1753K(1920K)
[2026-01-16T10:04:13.604+0000][gc          ] GC(1365) Pause Young (Normal) (G1 Evacuation Pause) 670M->384M(1024M) 90.649ms
[2026-01-16T10:04:13.604+0000][gc,cpu      ] GC(1365) User=0.38s Sys=0.04s Real=0.09s
[2026-01-16T10:04:36.717+0000][gc,start    ] GC(1366) Pause Young (Normal) (G1 Evacuation Pause)
[2026-01-16T10:04:36.721+0000][gc,task     ] GC(1366) Using 8 workers of 8 for evacuation
[2026-01-16T10:04:37.256+0000][gc,mmu      ] GC(1366) MMU target violated: 201.0ms (200.0ms/201.0ms)
[2026-01-16T10:04:37.263+0000][gc,phases   ] GC(1366)   Pre Evacuate Collection Set: 39.5ms
[2026-01-16T10:04:37.263+0000][gc,phases   ] GC(1366)   Merge Heap Roots: 9.7ms
[2026-01-16T10:04:37.263+0000][gc,phases   ] GC(1366)   Evacuate Collection Set: 308.8ms
[2026-01-16T10:04:37.263+0000][gc,phases   ] GC(1366)   Post Evacuate Collection Set: 150.9ms
[2026-01-16T10:04:37.279+0000][gc,phases   ] GC(1366)   Other: 35.1ms
[2026-01-16T10:04:37.290+0000][gc,heap     ] GC(1366) Eden regions: 439->0(45)
[2026-01-16T10:04:37.291+0000][gc,heap     ] GC(1366) Survivor regions: 4->6(56)
[2026-01-16T10:04:37.291+0000][gc,heap     ] GC(1366) Old regions: 215->215
[2026-01-16T10:04:37.291+0000][gc,heap     ] GC(1366) Humongous regions: 167->167
[2026-01-16T10:04:37.291+0000][gc,metaspace] GC(1366) Metaspace: 15741K(16128K)->15741K(16128K) NonClass: 13988K(14208K)->13988K(14208K) Class: 1753K(1920K)->1753K(1920K)
[2026-01-16T10:04:37.293+0000][gc          ] GC(1366) Pause Young (Normal) (G1 Evacuation Pause) 823M->386M(1024M) 576.103ms
[2026-01-16T10:04:37.293+0000][gc,cpu      ] GC(1366) User=0.73s Sys=0.11s Real=0.58s
[2026-01-16T10:04:38.611+0000][gc,start    ] GC(1367) Pause Young (Normal) (G1 Evacuation Pause)
[2026-01-16T10:04:38.613+0000][gc,task     ] GC(1367) Using 8 workers of 8 for evacuation
[2026-01-16T10:04:38.724+0000][gc,phases   ] GC(1367)   Pre Evacuate Collection Set: 4.2ms
[2026-01-16T10:04:38.725+0000][gc,phases   ] GC(1367)   Merge Heap Roots: 0.7ms
[2026-01-16T10:04:38.726+0000][gc,phases   ] GC(1367)   Evacuate Collection Set: 97.3ms
[2026-01-16T10:04:38.726+0000][gc,phases   ] GC(1367)   Post Evacuate Collection Set: 7.2ms
[2026-01-16T10:04:38.726+0000][gc,phases   ] GC(1367)   Other: 2.3ms
[2026-01-16T10:04:38.727+0000][gc,heap     ] GC(1367) Eden regions: 45->0(46)
[2026-01-16T10:04:38.727+0000][gc,heap     ] GC(1367) Survivor regions: 6->5(7)
[2026-01-16T10:04:38.727+0000][gc,heap     ] GC(1367) Old regions: 215->216
[2026-01-16T10:04:38.728+0000][gc,heap     ] GC(1367) Humongous regions: 167->167
[2026-01-16T10:04:38.728+0000][gc,metaspace] GC(1367) Metaspace: 15741K(16128K)->15741K(16128K) NonClass: 13988K(14208K)->13988K(14208K) Class: 1753K(1920K)->1753K(1920K)
[2026-01-16T10:04:38.729+0000][gc          ] GC(1367) Pause Young (Normal) (G1 Evacuation Pause) 431M->387M(1024M) 118.484ms
[2026-01-16T10:04:38.729+0000][gc,cpu      ] GC(1367) User=0.19s Sys=0.03s Real=0.12s
[2026-01-16T10:04:43.420+0000][gc,start    ] GC(1368) Pause Young (Normal) (G1 Evacuation Pause)
[2026-01-16T10:04:43.422+0000][gc,task     ] GC(1368) Using 8 workers of 8 for evacuation
[2026-01-16T10:04:43.514+0000][gc,phases   ] GC(1368)   Pre Evacuate Collection Set: 8.2ms
[2026-01-16T10:04:43.515+0000][gc,phases   ] GC(1368)   Merge Heap Roots: 2.2ms
[2026-01-16T10:04:43.516+0000][gc,phases   ] GC(1368)   Evacuate Collection Set: 72.7ms
[2026-01-16T10:04:43.517+0000][gc,phases   ] GC(1368)   Post Evacuate Collection Set: 7.2ms
[2026-01-16T10:04:43.519+0000][gc,phases   ] GC(1368)   Other: 0.8ms
[2026-01-16T10:04:43.522+0000][gc,heap     ] GC(1368) Eden regions: 46->0(128)
[2026-01-16T10:04:43.523+0000][gc,heap     ] GC(1368) Survivor regions: 5->2(7)
[2026-01-16T10:04:43.524+0000][gc,heap     ] GC(1368) Old regions: 216->217
[2026-01-16T10:04:43.525+0000][gc,heap     ] GC(1368) Humongous regions: 167->167
[2026-01-16T10:04:43.526+0000][gc,metaspace] GC(1368) Metaspace: 15741K(16128K)->15741K(16128K) NonClass: 13988K(14208K)->13988K(14208K) Class: 1753K(1920K)->1753K(1920K)
[2026-01-16T10:04:43.527+0000][gc          ] GC(1368) Pause Young (Normal) (G1 Evacuation Pause) 433M->385M(1024M) 106.967ms
[2026-01-16T10:04:43.527+0000][gc,cpu      ] GC(1368) User=0.23s Sys=0.03s Real=0.11s
[2026-01-16T10:04:47.188+0000][gc,start    ] GC(1369) Pause Young (Normal) (G1 Evacuation Pause)
[2026-01-16T10:04:47.189+0000][gc,task     ] GC(1369) Using 8 workers of 8 for evacuation
[2026-01-16T10:04:47.449+0000][gc,mmu      ] GC(1369) MMU target violated: 201.0ms (200.0ms/201.0ms)
[2026-01-16T10:04:47.450+0000][gc,phases   ] GC(1369)   Pre Evacuate Collection Set: 29.3ms
[2026-01-16T10:04:47.450+0000][gc,phases   ] GC(1369)   Merge Heap Roots: 5.9ms
[2026-01-16T10:04:47.452+0000][gc,phases   ] GC(1369)   Evacuate Collection Set: 220.0ms
[2026-01-16T10:04:47.452+0000][gc,phases   ] GC(1369)   Post Evacuate Collection Set: 4.2ms
[2026-01-16T10:04:47.454+0000][gc,phases   ] GC(1369)   Other: 1.8ms
[2026-01-16T10:04:47.455+0000][gc,heap     ] GC(1369) Eden regions: 144->0(98)
[2026-01-16T10:04:47.455+0000][gc,heap     ] GC(1369) Survivor regions: 2->4(19)
[2026-01-16T10:04:47.456+0000][gc,heap     ] GC(1369) Old regions: 217->217
[2026-01-16T10:04:47.456+0000][gc,heap     ] GC(1369) Humongous regions: 167->167
[2026-01-16T10:04:47.456+0000][gc,metaspace] GC(1369) Metaspace: 15741K(16128K)->15741K(16128K) NonClass: 13988K(14208K)->13988K(14208K) Class: 1753K(1920K)->1753K(1920K)
[2026-01-16T10:04:47.457+0000][gc          ] GC(1369) Pause Young (Normal) (G1 Evacuation Pause) 529M->387M(1024M) 268.983ms
[2026-01-16T10:04:47.457+0000][gc,cpu      ] GC(1369) User=0.21s Sys=0.03s Real=0.27s
[2026-01-16T10:04:54.128+0000][gc,start    ] GC(1370) Pause Young (Normal) (G1 Evacuation Pause)
[2026-01-16T10:04:54.129+0000][gc,task     ] GC(1370) Using 8 workers of 8 for evacuation
[2026-01-16T10:04:54.166+0000][gc,phases   ] GC(1370)   Pre Evacuate Collection Set: 10.5ms
[2026-01-16T10:04:54.167+0000][gc,phases   ] GC(1370)   Merge Heap Roots: 0.5ms
[2026-01-16T10:04:54.168+0000][gc,phases   ] GC(1370)   Evacuate Collection Set: 20.8ms
[2026-01-16T10:04:54.168+0000][gc,phases   ] GC(1370)   Post Evacuate Collection Set: 5.4ms
[2026-01-16T10:04:54.170+0000][gc,phases   ] GC(1370)   Other: 0.3ms
[2026-01-16T10:04:54.171+0000][gc,heap     ] GC(1370) Eden regions: 116->0(194)
[2026-01-16T10:04:54.171+0000][gc,heap     ] GC(1370) Survivor regions: 4->4(15)
[2026-01-16T10:04:54.172+0000][gc,heap     ] GC(1370) Old regions: 217->217
[2026-01-16T10:04:54.172+0000][gc,heap     ] GC(1370) Humongous regions: 167->167
[2026-01-16T10:04:54.172+0000][gc,metaspace] GC(1370) Metaspace: 15741K(16128K)->15741K(16128K) NonClass: 13988K(14208K)->13988K(14208K) Class: 1753K(1920K)->1753K(1920K)
[2026-01-16T10:04:54.172+0000][gc          ] GC(1370) Pause Young (Normal) (G1 Evacuation Pause) 503M->386M(1024M) 44.527ms
[2026-01-16T10:04:54.172+0000][gc,cpu      ] GC(1370) User=0.15s Sys=0.01s Real=0.05s
[2026-01-16T10:05:05.479+0000][gc,start    ] GC(1371) Pause Young (Normal) (G1 Evacuation Pause)
[2026-01-16T10:05:05.485+0000][gc,task     ] GC(1371) Using 8 workers of 8 for evacuation
[2026-01-16T10:05:05.572+0000][gc,phases   ] GC(1371)   Pre Evacuate Collection Set: 17.4ms
[2026-01-16T10:05:05.572+0000][gc,phases   ] GC(1371)   Merge Heap Roots: 0.7ms
[2026-01-16T10:05:05.572+0000][gc,phases   ] GC(1371)   Evacuate Collection Set: 54.2ms
[2026-01-16T10:05:05.572+0000][gc,phases   ] GC(1371)   Post Evacuate Collection Set: 13.4ms
[2026-01-16T10:05:05.572+0000][gc,phases   ] GC(1371)   Other: 3.1ms
[2026-01-16T10:05:05.573+0000][gc,heap     ] GC(1371) Eden regions: 209->0(289)
[2026-01-16T10:05:05.573+0000][gc,heap     ] GC(1371) Survivor regions: 4->4(27)
[2026-01-16T10:05:05.573+0000][gc,heap     ] GC(1371) Old regions: 217->217
[2026-01-16T10:05:05.573+0000][gc,heap     ] GC(1371) Humongous regions: 167->167
[2026-01-16T10:05:05.573+0000][gc,metaspace] GC(1371) Metaspace: 15741K(16128K)->15741K(16128K) NonClass: 13988K(14208K)->13988K(14208K) Class: 1753K(1920K)->1753K(1920K)
[2026-01-16T10:05:05.574+0000][gc          ] GC(1371) Pause Young (Normal) (G1 Evacuation Pause) 595M->387M(1024M) 94.579ms
[2026-01-16T10:05:05.574+0000][gc,cpu      ] GC(1371) User=0.32s Sys=0.02s Real=0.10s
[2026-01-16T10:05:25.047+0000][gc,start    ] GC(1372) Pause Young (Normal) (G1 Evacuation Pause)
[2026-01-16T10:05:25.048+0000][gc,task     ] GC(1372) Using 8 workers of 8 for evacuation
[2026-01-16T10:05:25.145+0000][gc,phases   ] GC(1372)   Pre Evacuate Collection Set: 6.1ms
[2026-01-16T10:05:25.146+0000][gc,phases   ] GC(1372)   Merge Heap Roots: 1.0ms
[2026-01-16T10:05:25.146+0000][gc,phases   ] GC(1372)   Evacuate Collection Set: 69.5ms
[2026-01-16T10:05:25.146+0000][gc,phases   ] GC(1372)   Post Evacuate Collection Set: 20.3ms
[2026-01-16T10:05:25.147+0000][gc,phases   ] GC(1372)   Other: 0.4ms
[2026-01-16T10:05:25.147+0000][gc,heap     ] GC(1372) Eden regions: 295->0(378)
[2026-01-16T10:05:25.147+0000][gc,heap     ] GC(1372) Survivor regions: 4->4(38)
[2026-01-16T10:05:25.148+0000][gc,heap     ] GC(1372) Old regions: 217->217
[2026-01-16T10:05:25.148+0000][gc,heap     ] GC(1372) Humongous regions: 167->167
[2026-01-16T10:05:25.149+0000][gc,metaspace] GC(1372) Metaspace: 15743K(16128K)->15743K(16128K) NonClass: 13990K(14208K)->13990K(14208K) Class: 1753K(1920K)->1753K(1920K)
[2026-01-16T10:05:25.149+0000][gc          ] GC(1372) Pause Young (Normal) (G1 Evacuation Pause) 682M->387M(1024M) 101.945ms
[2026-01-16T10:05:25.150+0000][gc,cpu      ] GC(1372) User=0.26s Sys=0.02s Real=0.10s
[2026-01-16T10:05:44.906+0000][gc,start    ] GC(1373) Pause Young (Normal) (G1 Evacuation Pause)
[2026-01-16T10:05:44.907+0000][gc,task     ] GC(1373) Using 8 workers of 8 for evacuation
[2026-01-16T10:05:44.989+0000][gc,phases   ] GC(1373)   Pre Evacuate Collection Set: 15.0ms
[2026-01-16T10:05:44.989+0000][gc,phases   ] GC(1373)   Merge Heap Roots: 1.6ms
[2026-01-16T10:05:44.989+0000][gc,phases   ] GC(1373)   Evacuate Collection Set: 54.7ms
[2026-01-16T10:05:44.989+0000][gc,phases   ] GC(1373)   Post Evacuate Collection Set: 8.8ms
[2026-01-16T10:05:44.989+0000][gc,phases   ] GC(1373)   Other: 1.4ms
[2026-01-16T10:05:44.989+0000][gc,heap     ] GC(1373) Eden regions: 373->0(461)
[2026-01-16T10:05:44.989+0000][gc,heap     ] GC(1373) Survivor regions: 4->5(48)
[2026-01-16T10:05:44.989+0000][gc,heap     ] GC(1373) Old regions: 217->217
[2026-01-16T10:05:44.989+0000][gc,heap     ] GC(1373) Humongous regions: 167->167
[2026-01-16T10:05:44.989+0000][gc,metaspace] GC(1373) Metaspace: 15744K(16128K)->15744K(16128K) NonClass: 13990K(14208K)->13990K(14208K) Class: 1753K(1920K)->1753K(1920K)
[2026-01-16T10:05:44.990+0000][gc          ] GC(1373) Pause Young (Normal) (G1 Evacuation Pause) 760M->387M(1024M) 83.207ms
[2026-01-16T10:05:44.990+0000][gc,cpu      ] GC(1373) User=0.28s Sys=0.03s Real=0.08s
[2026-01-16T10:06:05.965+0000][gc,start    ] GC(1374) Pause Young (Normal) (G1 Evacuation Pause)
[2026-01-16T10:06:05.966+0000][gc,task     ] GC(1374) Using 8 workers of 8 for evacuation
[2026-01-16T10:06:06.112+0000][gc,phases   ] GC(1374)   Pre Evacuate Collection Set: 21.5ms
[2026-01-16T10:06:06.114+0000][gc,phases   ] GC(1374)   Merge Heap Roots: 5.3ms
[2026-01-16T10:06:06.115+0000][gc,phases   ] GC(1374)   Evacuate Collection Set: 89.5ms
[2026-01-16T10:06:06.115+0000][gc,phases   ] GC(1374)   Post Evacuate Collection Set: 26.3ms
[2026-01-16T10:06:06.117+0000][gc,phases   ] GC(1374)   Other: 3.2ms
[2026-01-16T10:06:06.120+0000][gc,heap     ] GC(1374) Eden regions: 451->0(509)
[2026-01-16T10:06:06.120+0000][gc,heap     ] GC(1374) Survivor regions: 5->4(57)
[2026-01-16T10:06:06.120+0000][gc,heap     ] GC(1374) Old regions: 217->217
[2026-01-16T10:06:06.120+0000][gc,heap     ] GC(1374) Humongous regions: 167->167
[2026-01-16T10:06:06.120+0000][gc,metaspace] GC(1374) Metaspace: 15744K(16128K)->15744K(16128K) NonClass: 13990K(14208K)->13990K(14208K) Class: 1753K(1920K)->1753K(1920K)
[2026-01-16T10:06:06.122+0000][gc          ] GC(1374) Pause Young (Normal) (G1 Evacuation Pause) 838M->387M(1024M) 156.884ms
[2026-01-16T10:06:06.122+0000][gc,cpu      ] GC(1374) User=0.38s Sys=0.03s Real=0.15s
[2026-01-16T10:06:35.894+0000][gc,start    ] GC(1375) Pause Young (Normal) (G1 Evacuation Pause)
[2026-01-16T10:06:35.901+0000][gc,task     ] GC(1375) Using 8 workers of 8 for evacuation
[2026-01-16T10:06:36.156+0000][gc,mmu      ] GC(1375) MMU target violated: 201.0ms (200.0ms/201.0ms)
[2026-01-16T10:06:36.156+0000][gc,phases   ] GC(1375)   Pre Evacuate Collection Set: 45.9ms
[2026-01-16T10:06:36.157+0000][gc,phases   ] GC(1375)   Merge Heap Roots: 9.3ms
[2026-01-16T10:06:36.157+0000][gc,phases   ] GC(1375)   Evacuate Collection Set: 156.4ms
[2026-01-16T10:06:36.157+0000][gc,phases   ] GC(1375)   Post Evacuate Collection Set: 38.5ms
[2026-01-16T10:06:36.158+0000][gc,phases   ] GC(1375)   Other: 6.9ms
[2026-01-16T10:06:36.159+0000][gc,heap     ] GC(1375) Eden regions: 495->0(315)
[2026-01-16T10:06:36.159+0000][gc,heap     ] GC(1375) Survivor regions: 4->5(63)
[2026-01-16T10:06:36.159+0000][gc,heap     ] GC(1375) Old regions: 217->217
[2026-01-16T10:06:36.160+0000][gc,heap     ] GC(1375) Humongous regions: 167->167
[2026-01-16T10:06:36.161+0000][gc,metaspace] GC(1375) Metaspace: 15744K(16128K)->15744K(16128K) NonClass: 13991K(14208K)->13991K(14208K) Class: 1753K(1920K)->1753K(1920K)
[2026-01-16T10:06:36.163+0000][gc          ] GC(1375) Pause Young (Normal) (G1 Evacuation Pause) 882M->388M(1024M) 269.476ms
[2026-01-16T10:06:36.163+0000][gc,cpu      ] GC(1375) User=0.31s Sys=0.11s Real=0.27s
[2026-01-16T10:06:55.813+0000][gc,start    ] GC(1376) Pause Young (Normal) (G1 Evacuation Pause)
[2026-01-16T10:06:55.819+0000][gc,task     ] GC(1376) Using 8 workers of 8 for evacuation
[2026-01-16T10:06:56.002+0000][gc,phases   ] GC(1376)   Pre Evacuate Collection Set: 19.6ms
[2026-01-16T10:06:56.003+0000][gc,phases   ] GC(1376)   Merge Heap Roots: 2.8ms
[2026-01-16T10:06:56.003+0000][gc,phases   ] GC(1376)   Evacuate Collection Set: 132.1ms
[2026-01-16T10:06:56.003+0000][gc,phases   ] GC(1376)   Post Evacuate Collection Set: 26.8ms
[2026-01-16T10:06:56.003+0000][gc,phases   ] GC(1376)   Other: 2.5ms
[2026-01-16T10:06:56.003+0000][gc,heap     ] GC(1376) Eden regions: 354->0(350)
[2026-01-16T10:06:56.004+0000][gc,heap     ] GC(1376) Survivor regions: 5->5(45)
[2026-01-16T10:06:56.004+0000][gc,heap     ] GC(1376) Old regions: 217->217
[2026-01-16T10:06:56.004+0000][gc,heap     ] GC(1376) Humongous regions: 167->167
[2026-01-16T10:06:56.005+0000][gc,metaspace] GC(1376) Metaspace: 15744K(16128K)->15744K(16128K) NonClass: 13991K(14208K)->13991K(14208K) Class: 1753K(1920K)->1753K(1920K)
[2026-01-16T10:06:56.010+0000][gc          ] GC(1376) Pause Young (Normal) (G1 Evacuation Pause) 742M->388M(1024M) 196.967ms
[2026-01-16T10:06:56.011+0000][gc,cpu      ] GC(1376) User=0.35s Sys=0.03s Real=0.20s
[2026-01-16T10:07:14.784+0000][gc,start    ] GC(1377) Pause Young (Normal) (G1 Evacuation Pause)
[2026-01-16T10:07:14.785+0000][gc,task     ] GC(1377) Using 8 workers of 8 for evacuation
[2026-01-16T10:07:15.011+0000][gc,mmu      ] GC(1377) MMU target violated: 201.0ms (200.0ms/201.0ms)
[2026-01-16T10:07:15.011+0000][gc,phases   ] GC(1377)   Pre Evacuate Collection Set: 10.7ms
[2026-01-16T10:07:15.012+0000][gc,phases   ] GC(1377)   Merge Heap Roots: 0.7ms
[2026-01-16T10:07:15.012+0000][gc,phases   ] GC(1377)   Evacuate Collection Set: 181.4ms
[2026-01-16T10:07:15.012+0000][gc,phases   ] GC(1377)   Post Evacuate Collection Set: 32.2ms
[2026-01-16T10:07:15.012+0000][gc,phases   ] GC(1377)   Other: 1.7ms
[2026-01-16T10:07:15.012+0000][gc,heap     ] GC(1377) Eden regions: 342->0(120)
[2026-01-16T10:07:15.012+0000][gc,heap     ] GC(1377) Survivor regions: 5->6(44)
[2026-01-16T10:07:15.012+0000][gc,heap     ] GC(1377) Old regions: 217->217
[2026-01-16T10:07:15.012+0000][gc,heap     ] GC(1377) Humongous regions: 167->167
[2026-01-16T10:07:15.013+0000][gc,metaspace] GC(1377) Metaspace: 15744K(16128K)->15744K(16128K) NonClass: 13991K(14208K)->13991K(14208K) Class: 1753K(1920K)->1753K(1920K)
[2026-01-16T10:07:15.014+0000][gc          ] GC(1377) Pause Young (Normal) (G1 Evacuation Pause) 730M->388M(1024M) 229.912ms
[2026-01-16T10:07:15.014+0000][gc,cpu      ] GC(1377) User=0.51s Sys=0.04s Real=0.23s
[2026-01-16T10:07:24.367+0000][gc,start    ] GC(1378) Pause Young (Normal) (G1 Evacuation Pause)
[2026-01-16T10:07:24.371+0000][gc,task     ] GC(1378) Using 8 workers of 8 for evacuation
[2026-01-16T10:07:24.463+0000][gc,phases   ] GC(1378)   Pre Evacuate Collection Set: 10.1ms
[2026-01-16T10:07:24.466+0000][gc,phases   ] GC(1378)   Merge Heap Roots: 1.0ms
[2026-01-16T10:07:24.467+0000][gc,phases   ] GC(1378)   Evacuate Collection Set: 65.8ms
[2026-01-16T10:07:24.468+0000][gc,phases   ] GC(1378)   Post Evacuate Collection Set: 14.4ms
[2026-01-16T10:07:24.478+0000][gc,phases   ] GC(1378)   Other: 1.1ms
[2026-01-16T10:07:24.478+0000][gc,heap     ] GC(1378) Eden regions: 162->0(226)
[2026-01-16T10:07:24.478+0000][gc,heap     ] GC(1378) Survivor regions: 6->6(21)
[2026-01-16T10:07:24.479+0000][gc,heap     ] GC(1378) Old regions: 217->217
[2026-01-16T10:07:24.479+0000][gc,heap     ] GC(1378) Humongous regions: 167->167
[2026-01-16T10:07:24.479+0000][gc,metaspace] GC(1378) Metaspace: 15744K(16128K)->15744K(16128K) NonClass: 13991K(14208K)->13991K(14208K) Class: 1753K(1920K)->1753K(1920K)
[2026-01-16T10:07:24.479+0000][gc          ] GC(1378) Pause Young (Normal) (G1 Evacuation Pause) 550M->388M(1024M) 111.926ms
[2026-01-16T10:07:24.480+0000][gc,cpu      ] GC(1378) User=0.24s Sys=0.01s Real=0.11s
[2026-01-16T10:07:36.279+0000][gc,start    ] GC(1379) Pause Young (Normal) (G1 Evacuation Pause)
[2026-01-16T10:07:36.280+0000][gc,task     ] GC(1379) Using 8 workers of 8 for evacuation
[2026-01-16T10:07:36.591+0000][gc,mmu      ] GC(1379) MMU target violated: 201.0ms (200.0ms/201.0ms)
[2026-01-16T10:07:36.592+0000][gc,phases   ] GC(1379)   Pre Evacuate Collection Set: 18.1ms
[2026-01-16T10:07:36.592+0000][gc,phases   ] GC(1379)   Merge Heap Roots: 5.2ms
[2026-01-16T10:07:36.592+0000][gc,phases   ] GC(1379)   Evacuate Collection Set: 272.3ms
[2026-01-16T10:07:36.592+0000][gc,phases   ] GC(1379)   Post Evacuate Collection Set: 13.1ms
[2026-01-16T10:07:36.592+0000][gc,phases   ] GC(1379)   Other: 3.0ms
[2026-01-16T10:07:36.592+0000][gc,heap     ] GC(1379) Eden regions: 226->0(44)
[2026-01-16T10:07:36.592+0000][gc,heap     ] GC(1379) Survivor regions: 6->7(29)
[2026-01-16T10:07:36.592+0000][gc,heap     ] GC(1379) Old regions: 217->217
[2026-01-16T10:07:36.592+0000][gc,heap     ] GC(1379) Humongous regions: 167->167
[2026-01-16T10:07:36.593+0000][gc,metaspace] GC(1379) Metaspace: 15744K(16128K)->15744K(16128K) NonClass: 13991K(14208K)->13991K(14208K) Class: 1753K(1920K)->1753K(1920K)
[2026-01-16T10:07:36.593+0000][gc          ] GC(1379) Pause Young (Normal) (G1 Evacuation Pause) 614M->390M(1024M) 313.881ms
[2026-01-16T10:07:36.593+0000][gc,cpu      ] GC(1379) User=0.41s Sys=0.01s Real=0.31s
[2026-01-16T10:07:38.326+0000][gc,start    ] GC(1380) Pause Young (Normal) (G1 Evacuation Pause)
[2026-01-16T10:07:38.327+0000][gc,task     ] GC(1380) Using 8 workers of 8 for evacuation
[2026-01-16T10:07:38.708+0000][gc,mmu      ] GC(1380) MMU target violated: 201.0ms (200.0ms/201.0ms)
[2026-01-16T10:07:38.709+0000][gc,phases   ] GC(1380)   Pre Evacuate Collection Set: 11.5ms
[2026-01-16T10:07:38.709+0000][gc,phases   ] GC(1380)   Merge Heap Roots: 7.1ms
[2026-01-16T10:07:38.709+0000][gc,phases   ] GC(1380)   Evacuate Collection Set: 342.6ms
[2026-01-16T10:07:38.711+0000][gc,phases   ] GC(1380)   Post Evacuate Collection Set: 16.9ms
[2026-01-16T10:07:38.713+0000][gc,phases   ] GC(1380)   Other: 3.8ms
[2026-01-16T10:07:38.713+0000][gc,heap     ] GC(1380) Eden regions: 44->0(46)
[2026-01-16T10:07:38.713+0000][gc,heap     ] GC(1380) Survivor regions: 7->5(7)
[2026-01-16T10:07:38.713+0000][gc,heap     ] GC(1380) Old regions: 217->220
[2026-01-16T10:07:38.713+0000][gc,heap     ] GC(1380) Humongous regions: 167->167
[2026-01-16T10:07:38.714+0000][gc,metaspace] GC(1380) Metaspace: 15744K(16128K)->15744K(16128K) NonClass: 13991K(14208K)->13991K(14208K) Class: 1753K(1920K)->1753K(1920K)
[2026-01-16T10:07:38.714+0000][gc          ] GC(1380) Pause Young (Normal) (G1 Evacuation Pause) 434M->390M(1024M) 388.305ms
[2026-01-16T10:07:38.714+0000][gc,cpu      ] GC(1380) User=0.32s Sys=0.02s Real=0.39s
[2026-01-16T10:07:43.264+0000][gc,start    ] GC(1381) Pause Young (Normal) (G1 Evacuation Pause)
[2026-01-16T10:07:43.265+0000][gc,task     ] GC(1381) Using 8 workers of 8 for evacuation
[2026-01-16T10:07:43.313+0000][gc,phases   ] GC(1381)   Pre Evacuate Collection Set: 5.2ms
[2026-01-16T10:07:43.314+0000][gc,phases   ] GC(1381)   Merge Heap Roots: 0.3ms
[2026-01-16T10:07:43.316+0000][gc,phases   ] GC(1381)   Evacuate Collection Set: 36.5ms
[2026-01-16T10:07:43.316+0000][gc,phases   ] GC(1381)   Post Evacuate Collection Set: 5.8ms
[2026-01-16T10:07:43.317+0000][gc,phases   ] GC(1381)   Other: 0.8ms
[2026-01-16T10:07:43.317+0000][gc,heap     ] GC(1381) Eden regions: 46->0(249)
[2026-01-16T10:07:43.317+0000][gc,heap     ] GC(1381) Survivor regions: 5->2(7)
[2026-01-16T10:07:43.317+0000][gc,heap     ] GC(1381) Old regions: 220->221
[2026-01-16T10:07:43.318+0000][gc,heap     ] GC(1381) Humongous regions: 167->167
[2026-01-16T10:07:43.318+0000][gc,metaspace] GC(1381) Metaspace: 15744K(16128K)->15744K(16128K) NonClass: 13991K(14208K)->13991K(14208K) Class: 1753K(1920K)->1753K(1920K)
[2026-01-16T10:07:43.318+0000][gc          ] GC(1381) Pause Young (Normal) (G1 Evacuation Pause) 436M->389M(1024M) 54.083ms
[2026-01-16T10:07:43.319+0000][gc,cpu      ] GC(1381) User=0.20s Sys=0.01s Real=0.06s
[2026-01-16T10:07:55.244+0000][gc,start    ] GC(1382) Pause Young (Normal) (G1 Evacuation Pause)
[2026-01-16T10:07:55.245+0000][gc,task     ] GC(1382) Using 8 workers of 8 for evacuation
[2026-01-16T10:07:55.281+0000][gc,phases   ] GC(1382)   Pre Evacuate Collection Set: 3.6ms
[2026-01-16T10:07:55.281+0000][gc,phases   ] GC(1382)   Merge Heap Roots: 0.6ms
[2026-01-16T10:07:55.281+0000][gc,phases   ] GC(1382)   Evacuate Collection Set: 27.2ms
[2026-01-16T10:07:55.281+0000][gc,phases   ] GC(1382)   Post Evacuate Collection Set: 4.6ms
[2026-01-16T10:07:55.282+0000][gc,phases   ] GC(1382)   Other: 0.7ms
[2026-01-16T10:07:55.282+0000][gc,heap     ] GC(1382) Eden regions: 277->0(260)
[2026-01-16T10:07:55.282+0000][gc,heap     ] GC(1382) Survivor regions: 2->4(35)
[2026-01-16T10:07:55.282+0000][gc,heap     ] GC(1382) Old regions: 221->221
[2026-01-16T10:07:55.282+0000][gc,heap     ] GC(1382) Humongous regions: 167->167
[2026-01-16T10:07:55.282+0000][gc,metaspace] GC(1382) Metaspace: 15744K(16128K)->15744K(16128K) NonClass: 13991K(14208K)->13991K(14208K) Class: 1753K(1920K)->1753K(1920K)
[2026-01-16T10:07:55.282+0000][gc          ] GC(1382) Pause Young (Normal) (G1 Evacuation Pause) 666M->390M(1024M) 37.961ms
[2026-01-16T10:07:55.282+0000][gc,cpu      ] GC(1382) User=0.19s Sys=0.00s Real=0.04s
[2026-01-16T10:08:13.236+0000][gc,start    ] GC(1383) Pause Young (Normal) (G1 Evacuation Pause)
[2026-01-16T10:08:13.239+0000][gc,task     ] GC(1383) Using 8 workers of 8 for evacuation
[2026-01-16T10:08:13.325+0000][gc,phases   ] GC(1383)   Pre Evacuate Collection Set: 16.2ms
[2026-01-16T10:08:13.326+0000][gc,phases   ] GC(1383)   Merge Heap Roots: 5.5ms
[2026-01-16T10:08:13.329+0000][gc,phases   ] GC(1383)   Evacuate Collection Set: 39.0ms
[2026-01-16T10:08:13.329+0000][gc,phases   ] GC(1383)   Post Evacuate Collection Set: 23.5ms
[2026-01-16T10:08:13.332+0000][gc,phases   ] GC(1383)   Other: 3.2ms
[2026-01-16T10:08:13.334+0000][gc,heap     ] GC(1383) Eden regions: 282->0(448)
[2026-01-16T10:08:13.337+0000][gc,heap     ] GC(1383) Survivor regions: 4->3(36)
[2026-01-16T10:08:13.340+0000][gc,heap     ] GC(1383) Old regions: 221->221
[2026-01-16T10:08:13.342+0000][gc,heap     ] GC(1383) Humongous regions: 167->167
[2026-01-16T10:08:13.342+0000][gc,metaspace] GC(1383) Metaspace: 15744K(16128K)->15744K(16128K) NonClass: 13991K(14208K)->13991K(14208K) Class: 1753K(1920K)->1753K(1920K)
[2026-01-16T10:08:13.343+0000][gc          ] GC(1383) Pause Young (Normal) (G1 Evacuation Pause) 672M->390M(1024M) 106.378ms
[2026-01-16T10:08:13.345+0000][gc,cpu      ] GC(1383) User=0.24s Sys=0.02s Real=0.10s
[2026-01-16T10:08:38.877+0000][gc,start    ] GC(1384) Pause Young (Normal) (G1 Evacuation Pause)
[2026-01-16T10:08:38.896+0000][gc,task     ] GC(1384) Using 8 workers of 8 for evacuation
[2026-01-16T10:08:39.508+0000][gc,mmu      ] GC(1384) MMU target violated: 201.0ms (200.0ms/201.0ms)
[2026-01-16T10:08:39.508+0000][gc,phases   ] GC(1384)   Pre Evacuate Collection Set: 130.3ms
[2026-01-16T10:08:39.509+0000][gc,phases   ] GC(1384)   Merge Heap Roots: 7.8ms
[2026-01-16T10:08:39.509+0000][gc,phases   ] GC(1384)   Evacuate Collection Set: 437.9ms
[2026-01-16T10:08:39.509+0000][gc,phases   ] GC(1384)   Post Evacuate Collection Set: 46.6ms
[2026-01-16T10:08:39.509+0000][gc,phases   ] GC(1384)   Other: 7.2ms
[2026-01-16T10:08:39.509+0000][gc,heap     ] GC(1384) Eden regions: 459->0(46)
[2026-01-16T10:08:39.510+0000][gc,heap     ] GC(1384) Survivor regions: 3->5(58)
[2026-01-16T10:08:39.510+0000][gc,heap     ] GC(1384) Old regions: 221->221
[2026-01-16T10:08:39.510+0000][gc,heap     ] GC(1384) Humongous regions: 167->167
[2026-01-16T10:08:39.511+0000][gc,metaspace] GC(1384) Metaspace: 15744K(16128K)->15744K(16128K) NonClass: 13991K(14208K)->13991K(14208K) Class: 1753K(1920K)->1753K(1920K)
[2026-01-16T10:08:39.513+0000][gc          ] GC(1384) Pause Young (Normal) (G1 Evacuation Pause) 849M->392M(1024M) 661.097ms
[2026-01-16T10:08:39.516+0000][gc,cpu      ] GC(1384) User=0.58s Sys=0.08s Real=0.67s
[2026-01-16T10:08:42.851+0000][gc,start    ] GC(1385) Pause Young (Normal) (G1 Evacuation Pause)
[2026-01-16T10:08:42.852+0000][gc,task     ] GC(1385) Using 8 workers of 8 for evacuation
[2026-01-16T10:08:42.929+0000][gc,phases   ] GC(1385)   Pre Evacuate Collection Set: 4.2ms
[2026-01-16T10:08:42.931+0000][gc,phases   ] GC(1385)   Merge Heap Roots: 1.0ms
[2026-01-16T10:08:42.931+0000][gc,phases   ] GC(1385)   Evacuate Collection Set: 63.5ms
[2026-01-16T10:08:42.932+0000][gc,phases   ] GC(1385)   Post Evacuate Collection Set: 5.7ms
[2026-01-16T10:08:42.933+0000][gc,phases   ] GC(1385)   Other: 2.6ms
[2026-01-16T10:08:42.934+0000][gc,heap     ] GC(1385) Eden regions: 46->0(84)
[2026-01-16T10:08:42.934+0000][gc,heap     ] GC(1385) Survivor regions: 5->2(7)
[2026-01-16T10:08:42.935+0000][gc,heap     ] GC(1385) Old regions: 221->222
[2026-01-16T10:08:42.935+0000][gc,heap     ] GC(1385) Humongous regions: 167->167
[2026-01-16T10:08:42.936+0000][gc,metaspace] GC(1385) Metaspace: 15744K(16128K)->15744K(16128K) NonClass: 13991K(14208K)->13991K(14208K) Class: 1753K(1920K)->1753K(1920K)
[2026-01-16T10:08:42.936+0000][gc          ] GC(1385) Pause Young (Normal) (G1 Evacuation Pause) 438M->389M(1024M) 84.935ms
[2026-01-16T10:08:42.936+0000][gc,cpu      ] GC(1385) User=0.14s Sys=0.02s Real=0.08s
[2026-01-16T10:08:45.332+0000][gc,start    ] GC(1386) Pause Young (Normal) (G1 Evacuation Pause)
[2026-01-16T10:08:45.338+0000][gc,task     ] GC(1386) Using 8 workers of 8 for evacuation
[2026-01-16T10:08:45.447+0000][gc,phases   ] GC(1386)   Pre Evacuate Collection Set: 9.3ms
[2026-01-16T10:08:45.448+0000][gc,phases   ] GC(1386)   Merge Heap Roots: 0.6ms
[2026-01-16T10:08:45.448+0000][gc,phases   ] GC(1386)   Evacuate Collection Set: 93.9ms
[2026-01-16T10:08:45.449+0000][gc,phases   ] GC(1386)   Post Evacuate Collection Set: 3.4ms
[2026-01-16T10:08:45.450+0000][gc,phases   ] GC(1386)   Other: 2.4ms
[2026-01-16T10:08:45.455+0000][gc,heap     ] GC(1386) Eden regions: 90->0(90)
[2026-01-16T10:08:45.457+0000][gc,heap     ] GC(1386) Survivor regions: 2->3(12)
[2026-01-16T10:08:45.459+0000][gc,heap     ] GC(1386) Old regions: 222->222
[2026-01-16T10:08:45.459+0000][gc,heap     ] GC(1386) Humongous regions: 167->167
[2026-01-16T10:08:45.460+0000][gc,metaspace] GC(1386) Metaspace: 15744K(16128K)->15744K(16128K) NonClass: 13991K(14208K)->13991K(14208K) Class: 1753K(1920K)->1753K(1920K)
[2026-01-16T10:08:45.460+0000][gc          ] GC(1386) Pause Young (Normal) (G1 Evacuation Pause) 479M->390M(1024M) 128.757ms
[2026-01-16T10:08:45.461+0000][gc,cpu      ] GC(1386) User=0.14s Sys=0.00s Real=0.13s
[2026-01-16T10:08:53.259+0000][gc,start    ] GC(1387) Pause Young (Normal) (G1 Evacuation Pause)
[2026-01-16T10:08:53.268+0000][gc,task     ] GC(1387) Using 8 workers of 8 for evacuation
[2026-01-16T10:08:53.439+0000][gc,phases   ] GC(1387)   Pre Evacuate Collection Set: 24.5ms
[2026-01-16T10:08:53.439+0000][gc,phases   ] GC(1387)   Merge Heap Roots: 2.6ms
[2026-01-16T10:08:53.440+0000][gc,phases   ] GC(1387)   Evacuate Collection Set: 110.3ms
[2026-01-16T10:08:53.440+0000][gc,phases   ] GC(1387)   Post Evacuate Collection Set: 31.6ms
[2026-01-16T10:08:53.441+0000][gc,phases   ] GC(1387)   Other: 4.2ms
[2026-01-16T10:08:53.441+0000][gc,heap     ] GC(1387) Eden regions: 103->0(138)
[2026-01-16T10:08:53.441+0000][gc,heap     ] GC(1387) Survivor regions: 3->2(14)
[2026-01-16T10:08:53.442+0000][gc,heap     ] GC(1387) Old regions: 222->222
[2026-01-16T10:08:53.443+0000][gc,heap     ] GC(1387) Humongous regions: 167->167
[2026-01-16T10:08:53.443+0000][gc,metaspace] GC(1387) Metaspace: 15744K(16128K)->15744K(16128K) NonClass: 13991K(14208K)->13991K(14208K) Class: 1753K(1920K)->1753K(1920K)
[2026-01-16T10:08:53.445+0000][gc          ] GC(1387) Pause Young (Normal) (G1 Evacuation Pause) 493M->389M(1024M) 186.113ms
[2026-01-16T10:08:53.446+0000][gc,cpu      ] GC(1387) User=0.20s Sys=0.02s Real=0.18s
[2026-01-16T10:08:58.628+0000][gc,start    ] GC(1388) Pause Young (Normal) (G1 Evacuation Pause)
[2026-01-16T10:08:58.638+0000][gc,task     ] GC(1388) Using 8 workers of 8 for evacuation
[2026-01-16T10:08:59.151+0000][gc,mmu      ] GC(1388) MMU target violated: 201.0ms (200.0ms/201.0ms)
[2026-01-16T10:08:59.151+0000][gc,phases   ] GC(1388)   Pre Evacuate Collection Set: 122.5ms
[2026-01-16T10:08:59.152+0000][gc,phases   ] GC(1388)   Merge Heap Roots: 4.6ms
[2026-01-16T10:08:59.153+0000][gc,phases   ] GC(1388)   Evacuate Collection Set: 340.5ms
[2026-01-16T10:08:59.153+0000][gc,phases   ] GC(1388)   Post Evacuate Collection Set: 41.4ms
[2026-01-16T10:08:59.154+0000][gc,phases   ] GC(1388)   Other: 6.3ms
[2026-01-16T10:08:59.155+0000][gc,heap     ] GC(1388) Eden regions: 144->0(47)
[2026-01-16T10:08:59.155+0000][gc,heap     ] GC(1388) Survivor regions: 2->4(19)
[2026-01-16T10:08:59.155+0000][gc,heap     ] GC(1388) Old regions: 222->222
[2026-01-16T10:08:59.156+0000][gc,heap     ] GC(1388) Humongous regions: 167->167
[2026-01-16T10:08:59.157+0000][gc,metaspace] GC(1388) Metaspace: 15744K(16128K)->15744K(16128K) NonClass: 13991K(14208K)->13991K(14208K) Class: 1753K(1920K)->1753K(1920K)
[2026-01-16T10:08:59.163+0000][gc          ] GC(1388) Pause Young (Normal) (G1 Evacuation Pause) 533M->391M(1024M) 534.435ms
[2026-01-16T10:08:59.163+0000][gc,cpu      ] GC(1388) User=0.49s Sys=0.06s Real=0.54s
[2026-01-16T10:09:03.947+0000][gc,start    ] GC(1389) Pause Young (Normal) (G1 Evacuation Pause)
[2026-01-16T10:09:03.954+0000][gc,task     ] GC(1389) Using 8 workers of 8 for evacuation
[2026-01-16T10:09:04.149+0000][gc,phases   ] GC(1389)   Pre Evacuate Collection Set: 45.3ms
[2026-01-16T10:09:04.151+0000][gc,phases   ] GC(1389)   Merge Heap Roots: 3.6ms
[2026-01-16T10:09:04.152+0000][gc,phases   ] GC(1389)   Evacuate Collection Set: 123.7ms
[2026-01-16T10:09:04.152+0000][gc,phases   ] GC(1389)   Post Evacuate Collection Set: 18.6ms
[2026-01-16T10:09:04.153+0000][gc,phases   ] GC(1389)   Other: 3.9ms
[2026-01-16T10:09:04.153+0000][gc,heap     ] GC(1389) Eden regions: 47->0(49)
[2026-01-16T10:09:04.153+0000][gc,heap     ] GC(1389) Survivor regions: 4->2(7)
[2026-01-16T10:09:04.156+0000][gc,heap     ] GC(1389) Old regions: 222->222
[2026-01-16T10:09:04.156+0000][gc,heap     ] GC(1389) Humongous regions: 167->167
[2026-01-16T10:09:04.157+0000][gc,metaspace] GC(1389) Metaspace: 15744K(16128K)->15744K(16128K) NonClass: 13991K(14208K)->13991K(14208K) Class: 1753K(1920K)->1753K(1920K)
[2026-01-16T10:09:04.159+0000][gc          ] GC(1389) Pause Young (Normal) (G1 Evacuation Pause) 438M->389M(1024M) 211.842ms
[2026-01-16T10:09:04.159+0000][gc,cpu      ] GC(1389) User=0.24s Sys=0.03s Real=0.22s
[2026-01-16T10:09:05.098+0000][gc,start    ] GC(1390) Pause Young (Normal) (G1 Evacuation Pause)
[2026-01-16T10:09:05.098+0000][gc,task     ] GC(1390) Using 8 workers of 8 for evacuation
[2026-01-16T10:09:05.305+0000][gc,mmu      ] GC(1390) MMU target violated: 201.0ms (200.0ms/201.0ms)
[2026-01-16T10:09:05.307+0000][gc,phases   ] GC(1390)   Pre Evacuate Collection Set: 0.5ms
[2026-01-16T10:09:05.308+0000][gc,phases   ] GC(1390)   Merge Heap Roots: 4.3ms
[2026-01-16T10:09:05.308+0000][gc,phases   ] GC(1390)   Evacuate Collection Set: 195.4ms
[2026-01-16T10:09:05.310+0000][gc,phases   ] GC(1390)   Post Evacuate Collection Set: 5.6ms
[2026-01-16T10:09:05.311+0000][gc,phases   ] GC(1390)   Other: 2.8ms
[2026-01-16T10:09:05.314+0000][gc,heap     ] GC(1390) Eden regions: 49->0(48)
[2026-01-16T10:09:05.315+0000][gc,heap     ] GC(1390) Survivor regions: 2->3(7)
[2026-01-16T10:09:05.319+0000][gc,heap     ] GC(1390) Old regions: 222->222
[2026-01-16T10:09:05.319+0000][gc,heap     ] GC(1390) Humongous regions: 167->167
[2026-01-16T10:09:05.320+0000][gc,metaspace] GC(1390) Metaspace: 15744K(16128K)->15744K(16128K) NonClass: 13991K(14208K)->13991K(14208K) Class: 1753K(1920K)->1753K(1920K)
[2026-01-16T10:09:05.320+0000][gc          ] GC(1390) Pause Young (Normal) (G1 Evacuation Pause) 438M->390M(1024M) 222.037ms
[2026-01-16T10:09:05.320+0000][gc,cpu      ] GC(1390) User=0.19s Sys=0.03s Real=0.22s
[2026-01-16T10:09:05.932+0000][gc,start    ] GC(1391) Pause Young (Normal) (G1 Evacuation Pause)
[2026-01-16T10:09:05.935+0000][gc,task     ] GC(1391) Using 8 workers of 8 for evacuation
[2026-01-16T10:09:05.988+0000][gc,phases   ] GC(1391)   Pre Evacuate Collection Set: 4.8ms
[2026-01-16T10:09:05.991+0000][gc,phases   ] GC(1391)   Merge Heap Roots: 2.2ms
[2026-01-16T10:09:05.995+0000][gc,phases   ] GC(1391)   Evacuate Collection Set: 40.6ms
[2026-01-16T10:09:05.997+0000][gc,phases   ] GC(1391)   Post Evacuate Collection Set: 4.6ms
[2026-01-16T10:09:05.999+0000][gc,phases   ] GC(1391)   Other: 0.8ms
[2026-01-16T10:09:05.999+0000][gc,heap     ] GC(1391) Eden regions: 48->0(47)
[2026-01-16T10:09:06.000+0000][gc,heap     ] GC(1391) Survivor regions: 3->4(7)
[2026-01-16T10:09:06.000+0000][gc,heap     ] GC(1391) Old regions: 222->222
[2026-01-16T10:09:06.000+0000][gc,heap     ] GC(1391) Humongous regions: 167->167
[2026-01-16T10:09:06.000+0000][gc,metaspace] GC(1391) Metaspace: 15744K(16128K)->15744K(16128K) NonClass: 13991K(14208K)->13991K(14208K) Class: 1753K(1920K)->1753K(1920K)
[2026-01-16T10:09:06.000+0000][gc          ] GC(1391) Pause Young (Normal) (G1 Evacuation Pause) 438M->391M(1024M) 67.992ms
[2026-01-16T10:09:06.001+0000][gc,cpu      ] GC(1391) User=0.08s Sys=0.00s Real=0.07s
[2026-01-16T10:09:06.559+0000][gc,start    ] GC(1392) Pause Young (Normal) (G1 Evacuation Pause)
[2026-01-16T10:09:06.561+0000][gc,task     ] GC(1392) Using 8 workers of 8 for evacuation
[2026-01-16T10:09:06.592+0000][gc,phases   ] GC(1392)   Pre Evacuate Collection Set: 2.0ms
[2026-01-16T10:09:06.592+0000][gc,phases   ] GC(1392)   Merge Heap Roots: 0.5ms
[2026-01-16T10:09:06.592+0000][gc,phases   ] GC(1392)   Evacuate Collection Set: 24.6ms
[2026-01-16T10:09:06.592+0000][gc,phases   ] GC(1392)   Post Evacuate Collection Set: 0.6ms
[2026-01-16T10:09:06.592+0000][gc,phases   ] GC(1392)   Other: 2.6ms
[2026-01-16T10:09:06.592+0000][gc,heap     ] GC(1392) Eden regions: 47->0(47)
[2026-01-16T10:09:06.592+0000][gc,heap     ] GC(1392) Survivor regions: 4->4(7)
[2026-01-16T10:09:06.592+0000][gc,heap     ] GC(1392) Old regions: 222->222
[2026-01-16T10:09:06.592+0000][gc,heap     ] GC(1392) Humongous regions: 167->167
[2026-01-16T10:09:06.592+0000][gc,metaspace] GC(1392) Metaspace: 15744K(16128K)->15744K(16128K) NonClass: 13991K(14208K)->13991K(14208K) Class: 1753K(1920K)->1753K(1920K)
[2026-01-16T10:09:06.592+0000][gc          ] GC(1392) Pause Young (Normal) (G1 Evacuation Pause) 438M->391M(1024M) 33.037ms
[2026-01-16T10:09:06.593+0000][gc,cpu      ] GC(1392) User=0.03s Sys=0.01s Real=0.03s
[2026-01-16T10:09:13.612+0000][gc,start    ] GC(1393) Pause Young (Normal) (G1 Evacuation Pause)
[2026-01-16T10:09:13.613+0000][gc,task     ] GC(1393) Using 8 workers of 8 for evacuation
[2026-01-16T10:09:13.648+0000][gc,phases   ] GC(1393)   Pre Evacuate Collection Set: 5.2ms
[2026-01-16T10:09:13.650+0000][gc,phases   ] GC(1393)   Merge Heap Roots: 1.6ms
[2026-01-16T10:09:13.650+0000][gc,phases   ] GC(1393)   Evacuate Collection Set: 22.8ms
[2026-01-16T10:09:13.650+0000][gc,phases   ] GC(1393)   Post Evacuate Collection Set: 4.8ms
[2026-01-16T10:09:13.651+0000][gc,phases   ] GC(1393)   Other: 0.7ms
[2026-01-16T10:09:13.653+0000][gc,heap     ] GC(1393) Eden regions: 47->0(173)
[2026-01-16T10:09:13.653+0000][gc,heap     ] GC(1393) Survivor regions: 4->3(7)
[2026-01-16T10:09:13.654+0000][gc,heap     ] GC(1393) Old regions: 222->222
[2026-01-16T10:09:13.654+0000][gc,heap     ] GC(1393) Humongous regions: 167->167
[2026-01-16T10:09:13.654+0000][gc,metaspace] GC(1393) Metaspace: 15744K(16128K)->15744K(16128K) NonClass: 13991K(14208K)->13991K(14208K) Class: 1753K(1920K)->1753K(1920K)
[2026-01-16T10:09:13.659+0000][gc          ] GC(1393) Pause Young (Normal) (G1 Evacuation Pause) 438M->390M(1024M) 46.551ms
[2026-01-16T10:09:13.659+0000][gc,cpu      ] GC(1393) User=0.13s Sys=0.01s Real=0.05s
[2026-01-16T10:09:23.927+0000][gc,start    ] GC(1394) Pause Young (Normal) (G1 Evacuation Pause)
[2026-01-16T10:09:23.945+0000][gc,task     ] GC(1394) Using 8 workers of 8 for evacuation
[2026-01-16T10:09:24.166+0000][gc,mmu      ] GC(1394) MMU target violated: 201.0ms (200.0ms/201.0ms)
[2026-01-16T10:09:24.166+0000][gc,phases   ] GC(1394)   Pre Evacuate Collection Set: 17.6ms
[2026-01-16T10:09:24.168+0000][gc,phases   ] GC(1394)   Merge Heap Roots: 2.8ms
[2026-01-16T10:09:24.169+0000][gc,phases   ] GC(1394)   Evacuate Collection Set: 162.0ms
[2026-01-16T10:09:24.169+0000][gc,phases   ] GC(1394)   Post Evacuate Collection Set: 34.1ms
[2026-01-16T10:09:24.170+0000][gc,phases   ] GC(1394)   Other: 17.3ms
[2026-01-16T10:09:24.170+0000][gc,heap     ] GC(1394) Eden regions: 170->0(135)
[2026-01-16T10:09:24.171+0000][gc,heap     ] GC(1394) Survivor regions: 3->3(22)
[2026-01-16T10:09:24.171+0000][gc,heap     ] GC(1394) Old regions: 222->222
[2026-01-16T10:09:24.172+0000][gc,heap     ] GC(1394) Humongous regions: 167->167
[2026-01-16T10:09:24.172+0000][gc,metaspace] GC(1394) Metaspace: 15744K(16128K)->15744K(16128K) NonClass: 13991K(14208K)->13991K(14208K) Class: 1753K(1920K)->1753K(1920K)
[2026-01-16T10:09:24.172+0000][gc          ] GC(1394) Pause Young (Normal) (G1 Evacuation Pause) 560M->390M(1024M) 245.653ms
[2026-01-16T10:09:24.173+0000][gc,cpu      ] GC(1394) User=0.30s Sys=0.02s Real=0.25s
[2026-01-16T10:09:27.311+0000][gc,start    ] GC(1395) Pause Young (Normal) (G1 Evacuation Pause)
[2026-01-16T10:09:27.316+0000][gc,task     ] GC(1395) Using 8 workers of 8 for evacuation
[2026-01-16T10:09:27.587+0000][gc,mmu      ] GC(1395) MMU target violated: 201.0ms (200.0ms/201.0ms)
[2026-01-16T10:09:27.588+0000][gc,phases   ] GC(1395)   Pre Evacuate Collection Set: 48.4ms
[2026-01-16T10:09:27.590+0000][gc,phases   ] GC(1395)   Merge Heap Roots: 1.4ms
[2026-01-16T10:09:27.595+0000][gc,phases   ] GC(1395)   Evacuate Collection Set: 204.8ms
[2026-01-16T10:09:27.595+0000][gc,phases   ] GC(1395)   Post Evacuate Collection Set: 13.3ms
[2026-01-16T10:09:27.596+0000][gc,phases   ] GC(1395)   Other: 3.6ms
[2026-01-16T10:09:27.598+0000][gc,heap     ] GC(1395) Eden regions: 127->0(46)
[2026-01-16T10:09:27.599+0000][gc,heap     ] GC(1395) Survivor regions: 3->5(17)
[2026-01-16T10:09:27.601+0000][gc,heap     ] GC(1395) Old regions: 222->222
[2026-01-16T10:09:27.603+0000][gc,heap     ] GC(1395) Humongous regions: 167->167
[2026-01-16T10:09:27.605+0000][gc,metaspace] GC(1395) Metaspace: 15744K(16128K)->15744K(16128K) NonClass: 13991K(14208K)->13991K(14208K) Class: 1753K(1920K)->1753K(1920K)
[2026-01-16T10:09:27.610+0000][gc          ] GC(1395) Pause Young (Normal) (G1 Evacuation Pause) 517M->392M(1024M) 298.586ms
[2026-01-16T10:09:27.612+0000][gc,cpu      ] GC(1395) User=0.19s Sys=0.02s Real=0.30s
[2026-01-16T10:09:33.084+0000][gc,start    ] GC(1396) Pause Young (Normal) (G1 Evacuation Pause)
[2026-01-16T10:09:33.086+0000][gc,task     ] GC(1396) Using 8 workers of 8 for evacuation
[2026-01-16T10:09:33.181+0000][gc,phases   ] GC(1396)   Pre Evacuate Collection Set: 11.7ms
[2026-01-16T10:09:33.181+0000][gc,phases   ] GC(1396)   Merge Heap Roots: 0.7ms
[2026-01-16T10:09:33.181+0000][gc,phases   ] GC(1396)   Evacuate Collection Set: 71.4ms
[2026-01-16T10:09:33.182+0000][gc,phases   ] GC(1396)   Post Evacuate Collection Set: 10.4ms
[2026-01-16T10:09:33.182+0000][gc,phases   ] GC(1396)   Other: 1.3ms
[2026-01-16T10:09:33.182+0000][gc,heap     ] GC(1396) Eden regions: 46->0(146)
[2026-01-16T10:09:33.183+0000][gc,heap     ] GC(1396) Survivor regions: 5->3(7)
[2026-01-16T10:09:33.183+0000][gc,heap     ] GC(1396) Old regions: 222->222
[2026-01-16T10:09:33.183+0000][gc,heap     ] GC(1396) Humongous regions: 167->167
[2026-01-16T10:09:33.183+0000][gc,metaspace] GC(1396) Metaspace: 15744K(16128K)->15744K(16128K) NonClass: 13991K(14208K)->13991K(14208K) Class: 1753K(1920K)->1753K(1920K)
[2026-01-16T10:09:33.184+0000][gc          ] GC(1396) Pause Young (Normal) (G1 Evacuation Pause) 438M->390M(1024M) 99.296ms
[2026-01-16T10:09:33.185+0000][gc,cpu      ] GC(1396) User=0.17s Sys=0.02s Real=0.10s
[2026-01-16T10:09:36.891+0000][gc,start    ] GC(1397) Pause Young (Normal) (G1 Evacuation Pause)
[2026-01-16T10:09:36.892+0000][gc,task     ] GC(1397) Using 8 workers of 8 for evacuation
[2026-01-16T10:09:37.327+0000][gc,mmu      ] GC(1397) MMU target violated: 201.0ms (200.0ms/201.0ms)
[2026-01-16T10:09:37.329+0000][gc,phases   ] GC(1397)   Pre Evacuate Collection Set: 11.3ms
[2026-01-16T10:09:37.357+0000][gc,phases   ] GC(1397)   Merge Heap Roots: 5.1ms
[2026-01-16T10:09:37.360+0000][gc,phases   ] GC(1397)   Evacuate Collection Set: 345.9ms
[2026-01-16T10:09:37.363+0000][gc,phases   ] GC(1397)   Post Evacuate Collection Set: 69.8ms
[2026-01-16T10:09:37.367+0000][gc,phases   ] GC(1397)   Other: 3.8ms
[2026-01-16T10:09:37.371+0000][gc,heap     ] GC(1397) Eden regions: 148->0(46)
[2026-01-16T10:09:37.373+0000][gc,heap     ] GC(1397) Survivor regions: 3->5(19)
[2026-01-16T10:09:37.376+0000][gc,heap     ] GC(1397) Old regions: 222->222
[2026-01-16T10:09:37.376+0000][gc,heap     ] GC(1397) Humongous regions: 167->167
[2026-01-16T10:09:37.379+0000][gc,metaspace] GC(1397) Metaspace: 15744K(16128K)->15744K(16128K) NonClass: 13991K(14208K)->13991K(14208K) Class: 1753K(1920K)->1753K(1920K)
[2026-01-16T10:09:37.381+0000][gc          ] GC(1397) Pause Young (Normal) (G1 Evacuation Pause) 538M->393M(1024M) 490.577ms
[2026-01-16T10:09:37.391+0000][gc,cpu      ] GC(1397) User=0.22s Sys=0.02s Real=0.50s
[2026-01-16T10:09:43.323+0000][gc,start    ] GC(1398) Pause Young (Normal) (G1 Evacuation Pause)
[2026-01-16T10:09:43.327+0000][gc,task     ] GC(1398) Using 8 workers of 8 for evacuation
[2026-01-16T10:09:43.461+0000][gc,phases   ] GC(1398)   Pre Evacuate Collection Set: 32.9ms
[2026-01-16T10:09:43.461+0000][gc,phases   ] GC(1398)   Merge Heap Roots: 2.9ms
[2026-01-16T10:09:43.462+0000][gc,phases   ] GC(1398)   Evacuate Collection Set: 83.9ms
[2026-01-16T10:09:43.462+0000][gc,phases   ] GC(1398)   Post Evacuate Collection Set: 11.5ms
[2026-01-16T10:09:43.463+0000][gc,phases   ] GC(1398)   Other: 3.1ms
[2026-01-16T10:09:43.463+0000][gc,heap     ] GC(1398) Eden regions: 46->0(112)
[2026-01-16T10:09:43.463+0000][gc,heap     ] GC(1398) Survivor regions: 5->2(7)
[2026-01-16T10:09:43.464+0000][gc,heap     ] GC(1398) Old regions: 222->223
[2026-01-16T10:09:43.464+0000][gc,heap     ] GC(1398) Humongous regions: 167->167
[2026-01-16T10:09:43.464+0000][gc,metaspace] GC(1398) Metaspace: 15744K(16128K)->15744K(16128K) NonClass: 13991K(14208K)->13991K(14208K) Class: 1753K(1920K)->1753K(1920K)
[2026-01-16T10:09:43.466+0000][gc          ] GC(1398) Pause Young (Normal) (G1 Evacuation Pause) 439M->391M(1024M) 142.502ms
[2026-01-16T10:09:43.468+0000][gc,cpu      ] GC(1398) User=0.21s Sys=0.01s Real=0.15s
[2026-01-16T10:09:45.754+0000][gc,start    ] GC(1399) Pause Young (Normal) (G1 Evacuation Pause)
[2026-01-16T10:09:45.756+0000][gc,task     ] GC(1399) Using 8 workers of 8 for evacuation
[2026-01-16T10:09:45.877+0000][gc,phases   ] GC(1399)   Pre Evacuate Collection Set: 17.5ms
[2026-01-16T10:09:45.879+0000][gc,phases   ] GC(1399)   Merge Heap Roots: 1.9ms
[2026-01-16T10:09:45.880+0000][gc,phases   ] GC(1399)   Evacuate Collection Set: 90.1ms
[2026-01-16T10:09:45.881+0000][gc,phases   ] GC(1399)   Post Evacuate Collection Set: 8.3ms
[2026-01-16T10:09:45.881+0000][gc,phases   ] GC(1399)   Other: 3.3ms
[2026-01-16T10:09:45.881+0000][gc,heap     ] GC(1399) Eden regions: 115->0(47)
[2026-01-16T10:09:45.882+0000][gc,heap     ] GC(1399) Survivor regions: 2->4(15)
[2026-01-16T10:09:45.883+0000][gc,heap     ] GC(1399) Old regions: 223->223
[2026-01-16T10:09:45.883+0000][gc,heap     ] GC(1399) Humongous regions: 167->167
[2026-01-16T10:09:45.883+0000][gc,metaspace] GC(1399) Metaspace: 15744K(16128K)->15744K(16128K) NonClass: 13991K(14208K)->13991K(14208K) Class: 1753K(1920K)->1753K(1920K)
[2026-01-16T10:09:45.884+0000][gc          ] GC(1399) Pause Young (Normal) (G1 Evacuation Pause) 506M->392M(1024M) 131.856ms
[2026-01-16T10:09:45.885+0000][gc,cpu      ] GC(1399) User=0.17s Sys=0.00s Real=0.13s
[2026-01-16T10:09:53.023+0000][gc,start    ] GC(1400) Pause Young (Normal) (G1 Evacuation Pause)
[2026-01-16T10:09:53.024+0000][gc,task     ] GC(1400) Using 8 workers of 8 for evacuation
[2026-01-16T10:09:53.130+0000][gc,phases   ] GC(1400)   Pre Evacuate Collection Set: 24.1ms
[2026-01-16T10:09:53.132+0000][gc,phases   ] GC(1400)   Merge Heap Roots: 2.1ms
[2026-01-16T10:09:53.132+0000][gc,phases   ] GC(1400)   Evacuate Collection Set: 68.5ms
[2026-01-16T10:09:53.132+0000][gc,phases   ] GC(1400)   Post Evacuate Collection Set: 9.6ms
[2026-01-16T10:09:53.133+0000][gc,phases   ] GC(1400)   Other: 1.2ms
[2026-01-16T10:09:53.133+0000][gc,heap     ] GC(1400) Eden regions: 47->0(197)
[2026-01-16T10:09:53.133+0000][gc,heap     ] GC(1400) Survivor regions: 4->2(7)
[2026-01-16T10:09:53.133+0000][gc,heap     ] GC(1400) Old regions: 223->223
[2026-01-16T10:09:53.133+0000][gc,heap     ] GC(1400) Humongous regions: 167->167
[2026-01-16T10:09:53.133+0000][gc,metaspace] GC(1400) Metaspace: 15744K(16128K)->15744K(16128K) NonClass: 13991K(14208K)->13991K(14208K) Class: 1753K(1920K)->1753K(1920K)
[2026-01-16T10:09:53.134+0000][gc          ] GC(1400) Pause Young (Normal) (G1 Evacuation Pause) 439M->391M(1024M) 110.843ms
[2026-01-16T10:09:53.134+0000][gc,cpu      ] GC(1400) User=0.16s Sys=0.01s Real=0.11s
[2026-01-16T10:10:03.350+0000][gc,start    ] GC(1401) Pause Young (Normal) (G1 Evacuation Pause)
[2026-01-16T10:10:03.352+0000][gc,task     ] GC(1401) Using 8 workers of 8 for evacuation
[2026-01-16T10:10:03.452+0000][gc,phases   ] GC(1401)   Pre Evacuate Collection Set: 15.6ms
[2026-01-16T10:10:03.452+0000][gc,phases   ] GC(1401)   Merge Heap Roots: 1.2ms
[2026-01-16T10:10:03.453+0000][gc,phases   ] GC(1401)   Evacuate Collection Set: 60.6ms
[2026-01-16T10:10:03.453+0000][gc,phases   ] GC(1401)   Post Evacuate Collection Set: 21.7ms
[2026-01-16T10:10:03.453+0000][gc,phases   ] GC(1401)   Other: 1.5ms
[2026-01-16T10:10:03.453+0000][gc,heap     ] GC(1401) Eden regions: 200->0(227)
[2026-01-16T10:10:03.453+0000][gc,heap     ] GC(1401) Survivor regions: 2->3(26)
[2026-01-16T10:10:03.453+0000][gc,heap     ] GC(1401) Old regions: 223->223
[2026-01-16T10:10:03.454+0000][gc,heap     ] GC(1401) Humongous regions: 167->167
[2026-01-16T10:10:03.454+0000][gc,metaspace] GC(1401) Metaspace: 15747K(16128K)->15747K(16128K) NonClass: 13994K(14208K)->13994K(14208K) Class: 1753K(1920K)->1753K(1920K)
[2026-01-16T10:10:03.455+0000][gc          ] GC(1401) Pause Young (Normal) (G1 Evacuation Pause) 591M->391M(1024M) 104.540ms
[2026-01-16T10:10:03.455+0000][gc,cpu      ] GC(1401) User=0.25s Sys=0.01s Real=0.10s
[2026-01-16T10:10:13.794+0000][gc,start    ] GC(1402) Pause Young (Normal) (G1 Evacuation Pause)
[2026-01-16T10:10:13.795+0000][gc,task     ] GC(1402) Using 8 workers of 8 for evacuation
[2026-01-16T10:10:13.861+0000][gc,phases   ] GC(1402)   Pre Evacuate Collection Set: 12.5ms
[2026-01-16T10:10:13.862+0000][gc,phases   ] GC(1402)   Merge Heap Roots: 0.6ms
[2026-01-16T10:10:13.864+0000][gc,phases   ] GC(1402)   Evacuate Collection Set: 45.9ms
[2026-01-16T10:10:13.864+0000][gc,phases   ] GC(1402)   Post Evacuate Collection Set: 6.8ms
[2026-01-16T10:10:13.864+0000][gc,phases   ] GC(1402)   Other: 0.7ms
[2026-01-16T10:10:13.864+0000][gc,heap     ] GC(1402) Eden regions: 226->0(256)
[2026-01-16T10:10:13.865+0000][gc,heap     ] GC(1402) Survivor regions: 3->4(29)
[2026-01-16T10:10:13.865+0000][gc,heap     ] GC(1402) Old regions: 223->223
[2026-01-16T10:10:13.865+0000][gc,heap     ] GC(1402) Humongous regions: 167->167
[2026-01-16T10:10:13.865+0000][gc,metaspace] GC(1402) Metaspace: 15747K(16128K)->15747K(16128K) NonClass: 13994K(14208K)->13994K(14208K) Class: 1753K(1920K)->1753K(1920K)
[2026-01-16T10:10:13.865+0000][gc          ] GC(1402) Pause Young (Normal) (G1 Evacuation Pause) 617M->392M(1024M) 71.550ms
[2026-01-16T10:10:13.866+0000][gc,cpu      ] GC(1402) User=0.21s Sys=0.02s Real=0.07s
[2026-01-16T10:10:24.996+0000][gc,start    ] GC(1403) Pause Young (Normal) (G1 Evacuation Pause)
[2026-01-16T10:10:24.997+0000][gc,task     ] GC(1403) Using 8 workers of 8 for evacuation
[2026-01-16T10:10:25.081+0000][gc,phases   ] GC(1403)   Pre Evacuate Collection Set: 9.8ms
[2026-01-16T10:10:25.083+0000][gc,phases   ] GC(1403)   Merge Heap Roots: 1.1ms
[2026-01-16T10:10:25.083+0000][gc,phases   ] GC(1403)   Evacuate Collection Set: 65.1ms
[2026-01-16T10:10:25.083+0000][gc,phases   ] GC(1403)   Post Evacuate Collection Set: 6.9ms
[2026-01-16T10:10:25.084+0000][gc,phases   ] GC(1403)   Other: 1.7ms
[2026-01-16T10:10:25.085+0000][gc,heap     ] GC(1403) Eden regions: 251->0(282)
[2026-01-16T10:10:25.085+0000][gc,heap     ] GC(1403) Survivor regions: 4->5(32)
[2026-01-16T10:10:25.086+0000][gc,heap     ] GC(1403) Old regions: 223->223
[2026-01-16T10:10:25.086+0000][gc,heap     ] GC(1403) Humongous regions: 167->167
[2026-01-16T10:10:25.086+0000][gc,metaspace] GC(1403) Metaspace: 15747K(16128K)->15747K(16128K) NonClass: 13994K(14208K)->13994K(14208K) Class: 1753K(1920K)->1753K(1920K)
[2026-01-16T10:10:25.089+0000][gc          ] GC(1403) Pause Young (Normal) (G1 Evacuation Pause) 643M->393M(1024M) 93.532ms
[2026-01-16T10:10:25.090+0000][gc,cpu      ] GC(1403) User=0.26s Sys=0.01s Real=0.09s
[2026-01-16T10:10:44.328+0000][gc,start    ] GC(1404) Pause Young (Normal) (G1 Evacuation Pause)
[2026-01-16T10:10:44.329+0000][gc,task     ] GC(1404) Using 8 workers of 8 for evacuation
[2026-01-16T10:10:44.604+0000][gc,mmu      ] GC(1404) MMU target violated: 201.0ms (200.0ms/201.0ms)
[2026-01-16T10:10:44.605+0000][gc,phases   ] GC(1404)   Pre Evacuate Collection Set: 23.0ms
[2026-01-16T10:10:44.605+0000][gc,phases   ] GC(1404)   Merge Heap Roots: 9.7ms
[2026-01-16T10:10:44.605+0000][gc,phases   ] GC(1404)   Evacuate Collection Set: 214.8ms
[2026-01-16T10:10:44.605+0000][gc,phases   ] GC(1404)   Post Evacuate Collection Set: 26.1ms
[2026-01-16T10:10:44.606+0000][gc,phases   ] GC(1404)   Other: 2.2ms
[2026-01-16T10:10:44.607+0000][gc,heap     ] GC(1404) Eden regions: 269->0(138)
[2026-01-16T10:10:44.607+0000][gc,heap     ] GC(1404) Survivor regions: 5->4(35)
[2026-01-16T10:10:44.608+0000][gc,heap     ] GC(1404) Old regions: 223->223
[2026-01-16T10:10:44.609+0000][gc,heap     ] GC(1404) Humongous regions: 167->167
[2026-01-16T10:10:44.609+0000][gc,metaspace] GC(1404) Metaspace: 15747K(16128K)->15747K(16128K) NonClass: 13994K(14208K)->13994K(14208K) Class: 1753K(1920K)->1753K(1920K)
[2026-01-16T10:10:44.610+0000][gc          ] GC(1404) Pause Young (Normal) (G1 Evacuation Pause) 662M->393M(1024M) 282.111ms
[2026-01-16T10:10:44.611+0000][gc,cpu      ] GC(1404) User=0.39s Sys=0.02s Real=0.28s
[2026-01-16T10:10:52.743+0000][gc,start    ] GC(1405) Pause Young (Normal) (G1 Evacuation Pause)
[2026-01-16T10:10:52.744+0000][gc,task     ] GC(1405) Using 8 workers of 8 for evacuation
[2026-01-16T10:10:52.804+0000][gc,phases   ] GC(1405)   Pre Evacuate Collection Set: 6.2ms
[2026-01-16T10:10:52.804+0000][gc,phases   ] GC(1405)   Merge Heap Roots: 1.3ms
[2026-01-16T10:10:52.804+0000][gc,phases   ] GC(1405)   Evacuate Collection Set: 47.9ms
[2026-01-16T10:10:52.804+0000][gc,phases   ] GC(1405)   Post Evacuate Collection Set: 4.0ms
[2026-01-16T10:10:52.804+0000][gc,phases   ] GC(1405)   Other: 0.5ms
[2026-01-16T10:10:52.804+0000][gc,heap     ] GC(1405) Eden regions: 140->0(254)
[2026-01-16T10:10:52.804+0000][gc,heap     ] GC(1405) Survivor regions: 4->4(18)
[2026-01-16T10:10:52.804+0000][gc,heap     ] GC(1405) Old regions: 223->223
[2026-01-16T10:10:52.804+0000][gc,heap     ] GC(1405) Humongous regions: 167->167
[2026-01-16T10:10:52.805+0000][gc,metaspace] GC(1405) Metaspace: 15747K(16128K)->15747K(16128K) NonClass: 13994K(14208K)->13994K(14208K) Class: 1753K(1920K)->1753K(1920K)
[2026-01-16T10:10:52.805+0000][gc          ] GC(1405) Pause Young (Normal) (G1 Evacuation Pause) 533M->392M(1024M) 61.307ms
[2026-01-16T10:10:52.805+0000][gc,cpu      ] GC(1405) User=0.31s Sys=0.01s Real=0.07s
[2026-01-16T10:11:03.462+0000][gc,start    ] GC(1406) Pause Young (Normal) (G1 Evacuation Pause)
[2026-01-16T10:11:03.463+0000][gc,task     ] GC(1406) Using 8 workers of 8 for evacuation
[2026-01-16T10:11:03.520+0000][gc,phases   ] GC(1406)   Pre Evacuate Collection Set: 8.6ms
[2026-01-16T10:11:03.520+0000][gc,phases   ] GC(1406)   Merge Heap Roots: 1.8ms
[2026-01-16T10:11:03.520+0000][gc,phases   ] GC(1406)   Evacuate Collection Set: 43.4ms
[2026-01-16T10:11:03.520+0000][gc,phases   ] GC(1406)   Post Evacuate Collection Set: 3.0ms
[2026-01-16T10:11:03.521+0000][gc,phases   ] GC(1406)   Other: 0.9ms
[2026-01-16T10:11:03.521+0000][gc,heap     ] GC(1406) Eden regions: 240->0(314)
[2026-01-16T10:11:03.521+0000][gc,heap     ] GC(1406) Survivor regions: 4->5(31)
[2026-01-16T10:11:03.521+0000][gc,heap     ] GC(1406) Old regions: 223->223
[2026-01-16T10:11:03.521+0000][gc,heap     ] GC(1406) Humongous regions: 167->167
[2026-01-16T10:11:03.521+0000][gc,metaspace] GC(1406) Metaspace: 15747K(16128K)->15747K(16128K) NonClass: 13994K(14208K)->13994K(14208K) Class: 1753K(1920K)->1753K(1920K)
[2026-01-16T10:11:03.521+0000][gc          ] GC(1406) Pause Young (Normal) (G1 Evacuation Pause) 632M->394M(1024M) 59.543ms
[2026-01-16T10:11:03.522+0000][gc,cpu      ] GC(1406) User=0.21s Sys=0.01s Real=0.06s
[2026-01-16T10:11:22.700+0000][gc,start    ] GC(1407) Pause Young (Normal) (G1 Evacuation Pause)
[2026-01-16T10:11:22.701+0000][gc,task     ] GC(1407) Using 8 workers of 8 for evacuation
[2026-01-16T10:11:22.769+0000][gc,phases   ] GC(1407)   Pre Evacuate Collection Set: 14.3ms
[2026-01-16T10:11:22.769+0000][gc,phases   ] GC(1407)   Merge Heap Roots: 0.3ms
[2026-01-16T10:11:22.769+0000][gc,phases   ] GC(1407)   Evacuate Collection Set: 45.6ms
[2026-01-16T10:11:22.769+0000][gc,phases   ] GC(1407)   Post Evacuate Collection Set: 6.0ms
[2026-01-16T10:11:22.769+0000][gc,phases   ] GC(1407)   Other: 1.1ms
[2026-01-16T10:11:22.769+0000][gc,heap     ] GC(1407) Eden regions: 301->0(545)
[2026-01-16T10:11:22.769+0000][gc,heap     ] GC(1407) Survivor regions: 5->5(39)
[2026-01-16T10:11:22.769+0000][gc,heap     ] GC(1407) Old regions: 223->223
[2026-01-16T10:11:22.769+0000][gc,heap     ] GC(1407) Humongous regions: 167->167
[2026-01-16T10:11:22.769+0000][gc,metaspace] GC(1407) Metaspace: 15747K(16128K)->15747K(16128K) NonClass: 13994K(14208K)->13994K(14208K) Class: 1753K(1920K)->1753K(1920K)
[2026-01-16T10:11:22.770+0000][gc          ] GC(1407) Pause Young (Normal) (G1 Evacuation Pause) 695M->393M(1024M) 70.099ms
[2026-01-16T10:11:22.770+0000][gc,cpu      ] GC(1407) User=0.33s Sys=0.02s Real=0.07s
[2026-01-16T10:11:46.687+0000][gc,start    ] GC(1408) Pause Young (Normal) (G1 Evacuation Pause)
[2026-01-16T10:11:46.687+0000][gc,task     ] GC(1408) Using 8 workers of 8 for evacuation
[2026-01-16T10:11:46.778+0000][gc,phases   ] GC(1408)   Pre Evacuate Collection Set: 15.1ms
[2026-01-16T10:11:46.778+0000][gc,phases   ] GC(1408)   Merge Heap Roots: 6.7ms
[2026-01-16T10:11:46.779+0000][gc,phases   ] GC(1408)   Evacuate Collection Set: 58.7ms
[2026-01-16T10:11:46.779+0000][gc,phases   ] GC(1408)   Post Evacuate Collection Set: 9.9ms
[2026-01-16T10:11:46.779+0000][gc,phases   ] GC(1408)   Other: 0.6ms
[2026-01-16T10:11:46.779+0000][gc,heap     ] GC(1408) Eden regions: 533->0(572)
[2026-01-16T10:11:46.779+0000][gc,heap     ] GC(1408) Survivor regions: 5->5(68)
[2026-01-16T10:11:46.779+0000][gc,heap     ] GC(1408) Old regions: 223->223
[2026-01-16T10:11:46.779+0000][gc,heap     ] GC(1408) Humongous regions: 167->167
[2026-01-16T10:11:46.779+0000][gc,metaspace] GC(1408) Metaspace: 15749K(16128K)->15749K(16128K) NonClass: 13996K(14208K)->13996K(14208K) Class: 1753K(1920K)->1753K(1920K)
[2026-01-16T10:11:46.780+0000][gc          ] GC(1408) Pause Young (Normal) (G1 Evacuation Pause) 926M->393M(1024M) 92.905ms
[2026-01-16T10:11:46.780+0000][gc,cpu      ] GC(1408) User=0.28s Sys=0.07s Real=0.09s
[2026-01-16T10:12:23.600+0000][gc,start    ] GC(1409) Pause Young (Normal) (G1 Evacuation Pause)
[2026-01-16T10:12:23.603+0000][gc,task     ] GC(1409) Using 8 workers of 8 for evacuation
[2026-01-16T10:12:23.764+0000][gc,phases   ] GC(1409)   Pre Evacuate Collection Set: 20.1ms
[2026-01-16T10:12:23.765+0000][gc,phases   ] GC(1409)   Merge Heap Roots: 2.1ms
[2026-01-16T10:12:23.766+0000][gc,phases   ] GC(1409)   Evacuate Collection Set: 110.2ms
[2026-01-16T10:12:23.766+0000][gc,phases   ] GC(1409)   Post Evacuate Collection Set: 27.5ms
[2026-01-16T10:12:23.766+0000][gc,phases   ] GC(1409)   Other: 1.8ms
[2026-01-16T10:12:23.766+0000][gc,heap     ] GC(1409) Eden regions: 572->0(574)
[2026-01-16T10:12:23.766+0000][gc,heap     ] GC(1409) Survivor regions: 5->4(57)
[2026-01-16T10:12:23.766+0000][gc,heap     ] GC(1409) Old regions: 223->223
[2026-01-16T10:12:23.766+0000][gc,heap     ] GC(1409) Humongous regions: 167->167
[2026-01-16T10:12:23.767+0000][gc,metaspace] GC(1409) Metaspace: 15825K(16128K)->15825K(16128K) NonClass: 14072K(14208K)->14072K(14208K) Class: 1753K(1920K)->1753K(1920K)
[2026-01-16T10:12:23.767+0000][gc          ] GC(1409) Pause Young (Normal) (G1 Evacuation Pause) 965M->393M(1024M) 166.842ms
[2026-01-16T10:12:23.767+0000][gc,cpu      ] GC(1409) User=0.54s Sys=0.04s Real=0.17s
[2026-01-16T10:12:53.364+0000][gc,start    ] GC(1410) Pause Young (Normal) (G1 Evacuation Pause)
[2026-01-16T10:12:53.364+0000][gc,task     ] GC(1410) Using 8 workers of 8 for evacuation
[2026-01-16T10:12:53.638+0000][gc,mmu      ] GC(1410) MMU target violated: 201.0ms (200.0ms/201.0ms)
[2026-01-16T10:12:53.639+0000][gc,phases   ] GC(1410)   Pre Evacuate Collection Set: 14.3ms
[2026-01-16T10:12:53.640+0000][gc,phases   ] GC(1410)   Merge Heap Roots: 6.5ms
[2026-01-16T10:12:53.640+0000][gc,phases   ] GC(1410)   Evacuate Collection Set: 190.2ms
[2026-01-16T10:12:53.641+0000][gc,phases   ] GC(1410)   Post Evacuate Collection Set: 61.7ms
[2026-01-16T10:12:53.641+0000][gc,phases   ] GC(1410)   Other: 2.6ms
[2026-01-16T10:12:53.641+0000][gc,heap     ] GC(1410) Eden regions: 574->0(63)
[2026-01-16T10:12:53.642+0000][gc,heap     ] GC(1410) Survivor regions: 4->5(56)
[2026-01-16T10:12:53.642+0000][gc,heap     ] GC(1410) Old regions: 223->223
[2026-01-16T10:12:53.643+0000][gc,heap     ] GC(1410) Humongous regions: 167->167
[2026-01-16T10:12:53.643+0000][gc,metaspace] GC(1410) Metaspace: 15868K(16128K)->15868K(16128K) NonClass: 14115K(14208K)->14115K(14208K) Class: 1753K(1920K)->1753K(1920K)
[2026-01-16T10:12:53.644+0000][gc          ] GC(1410) Pause Young (Normal) (G1 Evacuation Pause) 967M->394M(1024M) 280.280ms
[2026-01-16T10:12:53.645+0000][gc,cpu      ] GC(1410) User=0.68s Sys=0.09s Real=0.28s
[2026-01-16T10:12:55.613+0000][gc,start    ] GC(1411) Pause Young (Normal) (G1 Evacuation Pause)
[2026-01-16T10:12:55.613+0000][gc,task     ] GC(1411) Using 8 workers of 8 for evacuation
[2026-01-16T10:12:55.662+0000][gc,phases   ] GC(1411)   Pre Evacuate Collection Set: 3.2ms
[2026-01-16T10:12:55.662+0000][gc,phases   ] GC(1411)   Merge Heap Roots: 0.3ms
[2026-01-16T10:12:55.662+0000][gc,phases   ] GC(1411)   Evacuate Collection Set: 42.8ms
[2026-01-16T10:12:55.662+0000][gc,phases   ] GC(1411)   Post Evacuate Collection Set: 2.1ms
[2026-01-16T10:12:55.662+0000][gc,phases   ] GC(1411)   Other: 0.3ms
[2026-01-16T10:12:55.663+0000][gc,heap     ] GC(1411) Eden regions: 91->0(44)
[2026-01-16T10:12:55.663+0000][gc,heap     ] GC(1411) Survivor regions: 5->7(12)
[2026-01-16T10:12:55.663+0000][gc,heap     ] GC(1411) Old regions: 223->223
[2026-01-16T10:12:55.663+0000][gc,heap     ] GC(1411) Humongous regions: 167->167
[2026-01-16T10:12:55.663+0000][gc,metaspace] GC(1411) Metaspace: 15871K(16128K)->15871K(16128K) NonClass: 14117K(14208K)->14117K(14208K) Class: 1753K(1920K)->1753K(1920K)
[2026-01-16T10:12:55.664+0000][gc          ] GC(1411) Pause Young (Normal) (G1 Evacuation Pause) 485M->395M(1024M) 50.802ms
[2026-01-16T10:12:55.664+0000][gc,cpu      ] GC(1411) User=0.19s Sys=0.01s Real=0.06s
[2026-01-16T10:13:02.907+0000][gc,start    ] GC(1412) Pause Young (Normal) (G1 Evacuation Pause)
[2026-01-16T10:13:02.908+0000][gc,task     ] GC(1412) Using 8 workers of 8 for evacuation
[2026-01-16T10:13:03.017+0000][gc,phases   ] GC(1412)   Pre Evacuate Collection Set: 15.7ms
[2026-01-16T10:13:03.017+0000][gc,phases   ] GC(1412)   Merge Heap Roots: 2.5ms
[2026-01-16T10:13:03.018+0000][gc,phases   ] GC(1412)   Evacuate Collection Set: 82.4ms
[2026-01-16T10:13:03.018+0000][gc,phases   ] GC(1412)   Post Evacuate Collection Set: 6.6ms
[2026-01-16T10:13:03.018+0000][gc,phases   ] GC(1412)   Other: 2.3ms
[2026-01-16T10:13:03.018+0000][gc,heap     ] GC(1412) Eden regions: 44->0(382)
[2026-01-16T10:13:03.018+0000][gc,heap     ] GC(1412) Survivor regions: 7->2(7)
[2026-01-16T10:13:03.018+0000][gc,heap     ] GC(1412) Old regions: 223->226
[2026-01-16T10:13:03.018+0000][gc,heap     ] GC(1412) Humongous regions: 167->167
[2026-01-16T10:13:03.018+0000][gc,metaspace] GC(1412) Metaspace: 15871K(16128K)->15871K(16128K) NonClass: 14117K(14208K)->14117K(14208K) Class: 1753K(1920K)->1753K(1920K)
[2026-01-16T10:13:03.018+0000][gc          ] GC(1412) Pause Young (Normal) (G1 Evacuation Pause) 439M->394M(1024M) 111.765ms
[2026-01-16T10:13:03.019+0000][gc,cpu      ] GC(1412) User=0.36s Sys=0.04s Real=0.11s
[2026-01-16T10:13:23.556+0000][gc,start    ] GC(1413) Pause Young (Normal) (G1 Evacuation Pause)
[2026-01-16T10:13:23.561+0000][gc,task     ] GC(1413) Using 8 workers of 8 for evacuation
[2026-01-16T10:13:23.721+0000][gc,phases   ] GC(1413)   Pre Evacuate Collection Set: 25.8ms
[2026-01-16T10:13:23.721+0000][gc,phases   ] GC(1413)   Merge Heap Roots: 1.9ms
[2026-01-16T10:13:23.722+0000][gc,phases   ] GC(1413)   Evacuate Collection Set: 98.5ms
[2026-01-16T10:13:23.722+0000][gc,phases   ] GC(1413)   Post Evacuate Collection Set: 27.0ms
[2026-01-16T10:13:23.722+0000][gc,phases   ] GC(1413)   Other: 7.2ms
[2026-01-16T10:13:23.722+0000][gc,heap     ] GC(1413) Eden regions: 414->0(344)
[2026-01-16T10:13:23.722+0000][gc,heap     ] GC(1413) Survivor regions: 2->3(52)
[2026-01-16T10:13:23.722+0000][gc,heap     ] GC(1413) Old regions: 226->226
[2026-01-16T10:13:23.723+0000][gc,heap     ] GC(1413) Humongous regions: 167->167
[2026-01-16T10:13:23.723+0000][gc,metaspace] GC(1413) Metaspace: 15877K(16192K)->15877K(16192K) NonClass: 14123K(14272K)->14123K(14272K) Class: 1753K(1920K)->1753K(1920K)
[2026-01-16T10:13:23.724+0000][gc          ] GC(1413) Pause Young (Normal) (G1 Evacuation Pause) 808M->395M(1024M) 168.682ms
[2026-01-16T10:13:23.724+0000][gc,cpu      ] GC(1413) User=0.32s Sys=0.02s Real=0.17s
[2026-01-16T10:13:44.203+0000][gc,start    ] GC(1414) Pause Young (Normal) (G1 Evacuation Pause)
[2026-01-16T10:13:44.205+0000][gc,task     ] GC(1414) Using 8 workers of 8 for evacuation
[2026-01-16T10:13:44.277+0000][gc,phases   ] GC(1414)   Pre Evacuate Collection Set: 11.8ms
[2026-01-16T10:13:44.278+0000][gc,phases   ] GC(1414)   Merge Heap Roots: 1.3ms
[2026-01-16T10:13:44.278+0000][gc,phases   ] GC(1414)   Evacuate Collection Set: 50.3ms
[2026-01-16T10:13:44.278+0000][gc,phases   ] GC(1414)   Post Evacuate Collection Set: 6.2ms
[2026-01-16T10:13:44.279+0000][gc,phases   ] GC(1414)   Other: 3.2ms
[2026-01-16T10:13:44.279+0000][gc,heap     ] GC(1414) Eden regions: 392->0(427)
[2026-01-16T10:13:44.279+0000][gc,heap     ] GC(1414) Survivor regions: 3->4(50)
[2026-01-16T10:13:44.280+0000][gc,heap     ] GC(1414) Old regions: 226->226
[2026-01-16T10:13:44.280+0000][gc,heap     ] GC(1414) Humongous regions: 167->167
[2026-01-16T10:13:44.281+0000][gc,metaspace] GC(1414) Metaspace: 15877K(16192K)->15877K(16192K) NonClass: 14123K(14272K)->14123K(14272K) Class: 1753K(1920K)->1753K(1920K)
[2026-01-16T10:13:44.281+0000][gc          ] GC(1414) Pause Young (Normal) (G1 Evacuation Pause) 787M->396M(1024M) 78.019ms
[2026-01-16T10:13:44.283+0000][gc,cpu      ] GC(1414) User=0.25s Sys=0.02s Real=0.08s
[2026-01-16T10:14:05.594+0000][gc,start    ] GC(1415) Pause Young (Normal) (G1 Evacuation Pause)
[2026-01-16T10:14:05.596+0000][gc,task     ] GC(1415) Using 8 workers of 8 for evacuation
[2026-01-16T10:14:05.697+0000][gc,phases   ] GC(1415)   Pre Evacuate Collection Set: 17.2ms
[2026-01-16T10:14:05.698+0000][gc,phases   ] GC(1415)   Merge Heap Roots: 1.1ms
[2026-01-16T10:14:05.698+0000][gc,phases   ] GC(1415)   Evacuate Collection Set: 67.9ms
[2026-01-16T10:14:05.698+0000][gc,phases   ] GC(1415)   Post Evacuate Collection Set: 13.1ms
[2026-01-16T10:14:05.699+0000][gc,phases   ] GC(1415)   Other: 1.7ms
[2026-01-16T10:14:05.701+0000][gc,heap     ] GC(1415) Eden regions: 450->0(417)
[2026-01-16T10:14:05.703+0000][gc,heap     ] GC(1415) Survivor regions: 4->6(57)
[2026-01-16T10:14:05.704+0000][gc,heap     ] GC(1415) Old regions: 226->226
[2026-01-16T10:14:05.707+0000][gc,heap     ] GC(1415) Humongous regions: 167->167
[2026-01-16T10:14:05.707+0000][gc,metaspace] GC(1415) Metaspace: 15877K(16192K)->15877K(16192K) NonClass: 14123K(14272K)->14123K(14272K) Class: 1753K(1920K)->1753K(1920K)
[2026-01-16T10:14:05.707+0000][gc          ] GC(1415) Pause Young (Normal) (G1 Evacuation Pause) 846M->397M(1024M) 114.087ms
[2026-01-16T10:14:05.708+0000][gc,cpu      ] GC(1415) User=0.36s Sys=0.03s Real=0.12s
[2026-01-16T10:14:33.708+0000][gc,start    ] GC(1416) Pause Young (Normal) (G1 Evacuation Pause)
[2026-01-16T10:14:33.709+0000][gc,task     ] GC(1416) Using 8 workers of 8 for evacuation
[2026-01-16T10:14:33.785+0000][gc,phases   ] GC(1416)   Pre Evacuate Collection Set: 13.2ms
[2026-01-16T10:14:33.785+0000][gc,phases   ] GC(1416)   Merge Heap Roots: 0.8ms
[2026-01-16T10:14:33.786+0000][gc,phases   ] GC(1416)   Evacuate Collection Set: 39.8ms
[2026-01-16T10:14:33.786+0000][gc,phases   ] GC(1416)   Post Evacuate Collection Set: 21.1ms
[2026-01-16T10:14:33.786+0000][gc,phases   ] GC(1416)   Other: 1.7ms
[2026-01-16T10:14:33.786+0000][gc,heap     ] GC(1416) Eden regions: 426->0(573)
[2026-01-16T10:14:33.786+0000][gc,heap     ] GC(1416) Survivor regions: 6->3(54)
[2026-01-16T10:14:33.786+0000][gc,heap     ] GC(1416) Old regions: 226->226
[2026-01-16T10:14:33.786+0000][gc,heap     ] GC(1416) Humongous regions: 167->167
[2026-01-16T10:14:33.786+0000][gc,metaspace] GC(1416) Metaspace: 15877K(16192K)->15877K(16192K) NonClass: 14123K(14272K)->14123K(14272K) Class: 1753K(1920K)->1753K(1920K)
[2026-01-16T10:14:33.786+0000][gc          ] GC(1416) Pause Young (Normal) (G1 Evacuation Pause) 823M->395M(1024M) 78.082ms
[2026-01-16T10:14:33.786+0000][gc,cpu      ] GC(1416) User=0.28s Sys=0.03s Real=0.08s
[2026-01-16T10:15:06.821+0000][gc,start    ] GC(1417) Pause Young (Normal) (G1 Evacuation Pause)
[2026-01-16T10:15:06.832+0000][gc,task     ] GC(1417) Using 8 workers of 8 for evacuation
[2026-01-16T10:15:07.221+0000][gc,mmu      ] GC(1417) MMU target violated: 201.0ms (200.0ms/201.0ms)
[2026-01-16T10:15:07.223+0000][gc,phases   ] GC(1417)   Pre Evacuate Collection Set: 41.4ms
[2026-01-16T10:15:07.223+0000][gc,phases   ] GC(1417)   Merge Heap Roots: 10.0ms
[2026-01-16T10:15:07.225+0000][gc,phases   ] GC(1417)   Evacuate Collection Set: 221.2ms
[2026-01-16T10:15:07.226+0000][gc,phases   ] GC(1417)   Post Evacuate Collection Set: 113.1ms
[2026-01-16T10:15:07.226+0000][gc,phases   ] GC(1417)   Other: 5.0ms
[2026-01-16T10:15:07.226+0000][gc,heap     ] GC(1417) Eden regions: 573->0(47)
[2026-01-16T10:15:07.227+0000][gc,heap     ] GC(1417) Survivor regions: 3->5(55)
[2026-01-16T10:15:07.227+0000][gc,heap     ] GC(1417) Old regions: 226->226
[2026-01-16T10:15:07.228+0000][gc,heap     ] GC(1417) Humongous regions: 167->167
[2026-01-16T10:15:07.228+0000][gc,metaspace] GC(1417) Metaspace: 15879K(16192K)->15879K(16192K) NonClass: 14126K(14272K)->14126K(14272K) Class: 1753K(1920K)->1753K(1920K)
[2026-01-16T10:15:07.228+0000][gc          ] GC(1417) Pause Young (Normal) (G1 Evacuation Pause) 968M->396M(1024M) 406.865ms
[2026-01-16T10:15:07.228+0000][gc,cpu      ] GC(1417) User=0.57s Sys=0.04s Real=0.41s
[2026-01-16T10:15:09.445+0000][gc,start    ] GC(1418) Pause Young (Normal) (G1 Evacuation Pause)
[2026-01-16T10:15:09.447+0000][gc,task     ] GC(1418) Using 8 workers of 8 for evacuation
[2026-01-16T10:15:09.541+0000][gc,phases   ] GC(1418)   Pre Evacuate Collection Set: 12.4ms
[2026-01-16T10:15:09.543+0000][gc,phases   ] GC(1418)   Merge Heap Roots: 0.7ms
[2026-01-16T10:15:09.543+0000][gc,phases   ] GC(1418)   Evacuate Collection Set: 73.7ms
[2026-01-16T10:15:09.543+0000][gc,phases   ] GC(1418)   Post Evacuate Collection Set: 6.1ms
[2026-01-16T10:15:09.544+0000][gc,phases   ] GC(1418)   Other: 1.6ms
[2026-01-16T10:15:09.544+0000][gc,heap     ] GC(1418) Eden regions: 54->0(58)
[2026-01-16T10:15:09.544+0000][gc,heap     ] GC(1418) Survivor regions: 5->6(8)
[2026-01-16T10:15:09.544+0000][gc,heap     ] GC(1418) Old regions: 226->226
[2026-01-16T10:15:09.544+0000][gc,heap     ] GC(1418) Humongous regions: 167->167
[2026-01-16T10:15:09.544+0000][gc,metaspace] GC(1418) Metaspace: 15879K(16192K)->15879K(16192K) NonClass: 14126K(14272K)->14126K(14272K) Class: 1753K(1920K)->1753K(1920K)
[2026-01-16T10:15:09.544+0000][gc          ] GC(1418) Pause Young (Normal) (G1 Evacuation Pause) 450M->397M(1024M) 99.070ms
[2026-01-16T10:15:09.544+0000][gc,cpu      ] GC(1418) User=0.19s Sys=0.01s Real=0.09s
[2026-01-16T10:15:13.010+0000][gc,start    ] GC(1419) Pause Young (Normal) (G1 Evacuation Pause)
[2026-01-16T10:15:13.011+0000][gc,task     ] GC(1419) Using 8 workers of 8 for evacuation
[2026-01-16T10:15:13.075+0000][gc,phases   ] GC(1419)   Pre Evacuate Collection Set: 8.7ms
[2026-01-16T10:15:13.075+0000][gc,phases   ] GC(1419)   Merge Heap Roots: 0.4ms
[2026-01-16T10:15:13.075+0000][gc,phases   ] GC(1419)   Evacuate Collection Set: 50.0ms
[2026-01-16T10:15:13.075+0000][gc,phases   ] GC(1419)   Post Evacuate Collection Set: 4.4ms
[2026-01-16T10:15:13.076+0000][gc,phases   ] GC(1419)   Other: 0.5ms
[2026-01-16T10:15:13.076+0000][gc,heap     ] GC(1419) Eden regions: 57->0(288)
[2026-01-16T10:15:13.076+0000][gc,heap     ] GC(1419) Survivor regions: 6->3(8)
[2026-01-16T10:15:13.076+0000][gc,heap     ] GC(1419) Old regions: 226->227
[2026-01-16T10:15:13.076+0000][gc,heap     ] GC(1419) Humongous regions: 167->167
[2026-01-16T10:15:13.076+0000][gc,metaspace] GC(1419) Metaspace: 15879K(16192K)->15879K(16192K) NonClass: 14126K(14272K)->14126K(14272K) Class: 1753K(1920K)->1753K(1920K)
[2026-01-16T10:15:13.077+0000][gc          ] GC(1419) Pause Young (Normal) (G1 Evacuation Pause) 454M->396M(1024M) 66.656ms
[2026-01-16T10:15:13.077+0000][gc,cpu      ] GC(1419) User=0.26s Sys=0.02s Real=0.07s
[2026-01-16T10:15:25.322+0000][gc,start    ] GC(1420) Pause Young (Normal) (G1 Evacuation Pause)
[2026-01-16T10:15:25.325+0000][gc,task     ] GC(1420) Using 8 workers of 8 for evacuation
[2026-01-16T10:15:25.397+0000][gc,phases   ] GC(1420)   Pre Evacuate Collection Set: 13.4ms
[2026-01-16T10:15:25.397+0000][gc,phases   ] GC(1420)   Merge Heap Roots: 2.2ms
[2026-01-16T10:15:25.397+0000][gc,phases   ] GC(1420)   Evacuate Collection Set: 51.1ms
[2026-01-16T10:15:25.397+0000][gc,phases   ] GC(1420)   Post Evacuate Collection Set: 4.6ms
[2026-01-16T10:15:25.397+0000][gc,phases   ] GC(1420)   Other: 0.5ms
[2026-01-16T10:15:25.397+0000][gc,heap     ] GC(1420) Eden regions: 276->0(282)
[2026-01-16T10:15:25.397+0000][gc,heap     ] GC(1420) Survivor regions: 3->5(35)
[2026-01-16T10:15:25.398+0000][gc,heap     ] GC(1420) Old regions: 227->227
[2026-01-16T10:15:25.398+0000][gc,heap     ] GC(1420) Humongous regions: 167->167
[2026-01-16T10:15:25.398+0000][gc,metaspace] GC(1420) Metaspace: 15886K(16192K)->15886K(16192K) NonClass: 14133K(14272K)->14133K(14272K) Class: 1753K(1920K)->1753K(1920K)
[2026-01-16T10:15:25.398+0000][gc          ] GC(1420) Pause Young (Normal) (G1 Evacuation Pause) 672M->397M(1024M) 76.306ms
[2026-01-16T10:15:25.398+0000][gc,cpu      ] GC(1420) User=0.32s Sys=0.00s Real=0.08s
[2026-01-16T10:15:43.767+0000][gc,start    ] GC(1421) Pause Young (Normal) (G1 Evacuation Pause)
[2026-01-16T10:15:43.768+0000][gc,task     ] GC(1421) Using 8 workers of 8 for evacuation
[2026-01-16T10:15:43.872+0000][gc,phases   ] GC(1421)   Pre Evacuate Collection Set: 18.0ms
[2026-01-16T10:15:43.873+0000][gc,phases   ] GC(1421)   Merge Heap Roots: 3.7ms
[2026-01-16T10:15:43.874+0000][gc,phases   ] GC(1421)   Evacuate Collection Set: 65.2ms
[2026-01-16T10:15:43.874+0000][gc,phases   ] GC(1421)   Post Evacuate Collection Set: 16.2ms
[2026-01-16T10:15:43.874+0000][gc,phases   ] GC(1421)   Other: 1.2ms
[2026-01-16T10:15:43.875+0000][gc,heap     ] GC(1421) Eden regions: 300->0(385)
[2026-01-16T10:15:43.876+0000][gc,heap     ] GC(1421) Survivor regions: 5->5(39)
[2026-01-16T10:15:43.876+0000][gc,heap     ] GC(1421) Old regions: 227->227
[2026-01-16T10:15:43.877+0000][gc,heap     ] GC(1421) Humongous regions: 167->167
[2026-01-16T10:15:43.877+0000][gc,metaspace] GC(1421) Metaspace: 15886K(16192K)->15886K(16192K) NonClass: 14133K(14272K)->14133K(14272K) Class: 1753K(1920K)->1753K(1920K)
[2026-01-16T10:15:43.878+0000][gc          ] GC(1421) Pause Young (Normal) (G1 Evacuation Pause) 697M->397M(1024M) 111.018ms
[2026-01-16T10:15:43.878+0000][gc,cpu      ] GC(1421) User=0.28s Sys=0.03s Real=0.11s
[2026-01-16T10:16:04.600+0000][gc,start    ] GC(1422) Pause Young (Normal) (G1 Evacuation Pause)
[2026-01-16T10:16:04.600+0000][gc,task     ] GC(1422) Using 8 workers of 8 for evacuation
[2026-01-16T10:16:04.713+0000][gc,phases   ] GC(1422)   Pre Evacuate Collection Set: 14.0ms
[2026-01-16T10:16:04.713+0000][gc,phases   ] GC(1422)   Merge Heap Roots: 5.3ms
[2026-01-16T10:16:04.713+0000][gc,phases   ] GC(1422)   Evacuate Collection Set: 76.0ms
[2026-01-16T10:16:04.713+0000][gc,phases   ] GC(1422)   Post Evacuate Collection Set: 16.3ms
[2026-01-16T10:16:04.714+0000][gc,phases   ] GC(1422)   Other: 0.6ms
[2026-01-16T10:16:04.714+0000][gc,heap     ] GC(1422) Eden regions: 393->0(423)
[2026-01-16T10:16:04.714+0000][gc,heap     ] GC(1422) Survivor regions: 5->6(50)
[2026-01-16T10:16:04.714+0000][gc,heap     ] GC(1422) Old regions: 227->227
[2026-01-16T10:16:04.715+0000][gc,heap     ] GC(1422) Humongous regions: 167->167
[2026-01-16T10:16:04.715+0000][gc,metaspace] GC(1422) Metaspace: 15886K(16192K)->15886K(16192K) NonClass: 14133K(14272K)->14133K(14272K) Class: 1753K(1920K)->1753K(1920K)
[2026-01-16T10:16:04.716+0000][gc          ] GC(1422) Pause Young (Normal) (G1 Evacuation Pause) 790M->398M(1024M) 116.739ms
[2026-01-16T10:16:04.717+0000][gc,cpu      ] GC(1422) User=0.34s Sys=0.02s Real=0.12s
[2026-01-16T10:16:28.213+0000][gc,start    ] GC(1423) Pause Young (Normal) (G1 Evacuation Pause)
[2026-01-16T10:16:28.219+0000][gc,task     ] GC(1423) Using 8 workers of 8 for evacuation
[2026-01-16T10:16:28.601+0000][gc,mmu      ] GC(1423) MMU target violated: 201.0ms (200.0ms/201.0ms)
[2026-01-16T10:16:28.601+0000][gc,phases   ] GC(1423)   Pre Evacuate Collection Set: 56.4ms
[2026-01-16T10:16:28.602+0000][gc,phases   ] GC(1423)   Merge Heap Roots: 16.9ms
[2026-01-16T10:16:28.602+0000][gc,phases   ] GC(1423)   Evacuate Collection Set: 261.8ms
[2026-01-16T10:16:28.603+0000][gc,phases   ] GC(1423)   Post Evacuate Collection Set: 43.7ms
[2026-01-16T10:16:28.603+0000][gc,phases   ] GC(1423)   Other: 7.5ms
[2026-01-16T10:16:28.605+0000][gc,heap     ] GC(1423) Eden regions: 426->0(44)
[2026-01-16T10:16:28.606+0000][gc,heap     ] GC(1423) Survivor regions: 6->7(54)
[2026-01-16T10:16:28.606+0000][gc,heap     ] GC(1423) Old regions: 227->227
[2026-01-16T10:16:28.606+0000][gc,heap     ] GC(1423) Humongous regions: 167->167
[2026-01-16T10:16:28.607+0000][gc,metaspace] GC(1423) Metaspace: 15886K(16192K)->15886K(16192K) NonClass: 14133K(14272K)->14133K(14272K) Class: 1753K(1920K)->1753K(1920K)
[2026-01-16T10:16:28.612+0000][gc          ] GC(1423) Pause Young (Normal) (G1 Evacuation Pause) 824M->400M(1024M) 398.648ms
[2026-01-16T10:16:28.612+0000][gc,cpu      ] GC(1423) User=0.63s Sys=0.05s Real=0.40s
[2026-01-16T10:16:34.357+0000][gc,start    ] GC(1424) Pause Young (Normal) (G1 Evacuation Pause)
[2026-01-16T10:16:34.395+0000][gc,task     ] GC(1424) Using 8 workers of 8 for evacuation
[2026-01-16T10:16:35.297+0000][gc,mmu      ] GC(1424) MMU target violated: 201.0ms (200.0ms/201.0ms)
[2026-01-16T10:16:35.298+0000][gc,phases   ] GC(1424)   Pre Evacuate Collection Set: 144.1ms
[2026-01-16T10:16:35.302+0000][gc,phases   ] GC(1424)   Merge Heap Roots: 21.8ms
[2026-01-16T10:16:35.304+0000][gc,phases   ] GC(1424)   Evacuate Collection Set: 612.3ms
[2026-01-16T10:16:35.307+0000][gc,phases   ] GC(1424)   Post Evacuate Collection Set: 95.3ms
[2026-01-16T10:16:35.313+0000][gc,phases   ] GC(1424)   Other: 48.0ms
[2026-01-16T10:16:35.316+0000][gc,heap     ] GC(1424) Eden regions: 44->0(48)
[2026-01-16T10:16:35.318+0000][gc,heap     ] GC(1424) Survivor regions: 7->3(7)
[2026-01-16T10:16:35.321+0000][gc,heap     ] GC(1424) Old regions: 227->230
[2026-01-16T10:16:35.327+0000][gc,heap     ] GC(1424) Humongous regions: 167->167
[2026-01-16T10:16:35.330+0000][gc,metaspace] GC(1424) Metaspace: 15886K(16192K)->15886K(16192K) NonClass: 14133K(14272K)->14133K(14272K) Class: 1753K(1920K)->1753K(1920K)
[2026-01-16T10:16:35.333+0000][gc          ] GC(1424) Pause Young (Normal) (G1 Evacuation Pause) 444M->398M(1024M) 975.995ms
[2026-01-16T10:16:35.338+0000][gc,cpu      ] GC(1424) User=0.67s Sys=0.06s Real=0.99s
[2026-01-16T10:16:40.570+0000][gc,start    ] GC(1425) Pause Young (Normal) (G1 Evacuation Pause)
[2026-01-16T10:16:40.585+0000][gc,task     ] GC(1425) Using 8 workers of 8 for evacuation
[2026-01-16T10:16:42.937+0000][gc,mmu      ] GC(1425) MMU target violated: 201.0ms (200.0ms/201.0ms)
[2026-01-16T10:16:42.945+0000][gc,phases   ] GC(1425)   Pre Evacuate Collection Set: 69.8ms
[2026-01-16T10:16:42.945+0000][gc,phases   ] GC(1425)   Merge Heap Roots: 9.5ms
[2026-01-16T10:16:42.945+0000][gc,phases   ] GC(1425)   Evacuate Collection Set: 2009.5ms
[2026-01-16T10:16:42.946+0000][gc,phases   ] GC(1425)   Post Evacuate Collection Set: 254.8ms
[2026-01-16T10:16:42.946+0000][gc,phases   ] GC(1425)   Other: 28.8ms
[2026-01-16T10:16:42.946+0000][gc,heap     ] GC(1425) Eden regions: 48->0(48)
[2026-01-16T10:16:42.947+0000][gc,heap     ] GC(1425) Survivor regions: 3->3(7)
[2026-01-16T10:16:42.947+0000][gc,heap     ] GC(1425) Old regions: 230->230
[2026-01-16T10:16:42.953+0000][gc,heap     ] GC(1425) Humongous regions: 167->167
[2026-01-16T10:16:42.953+0000][gc,metaspace] GC(1425) Metaspace: 15886K(16192K)->15886K(16192K) NonClass: 14133K(14272K)->14133K(14272K) Class: 1753K(1920K)->1753K(1920K)
[2026-01-16T10:16:42.956+0000][gc          ] GC(1425) Pause Young (Normal) (G1 Evacuation Pause) 446M->399M(1024M) 2386.757ms
[2026-01-16T10:16:42.958+0000][gc,cpu      ] GC(1425) User=1.02s Sys=0.15s Real=2.39s
[2026-01-16T10:16:47.348+0000][gc,start    ] GC(1426) Pause Young (Normal) (G1 Evacuation Pause)
[2026-01-16T10:16:47.363+0000][gc,task     ] GC(1426) Using 8 workers of 8 for evacuation
[2026-01-16T10:16:47.975+0000][gc,mmu      ] GC(1426) MMU target violated: 201.0ms (200.0ms/201.0ms)
[2026-01-16T10:16:47.980+0000][gc,phases   ] GC(1426)   Pre Evacuate Collection Set: 29.1ms
[2026-01-16T10:16:47.983+0000][gc,phases   ] GC(1426)   Merge Heap Roots: 2.0ms
[2026-01-16T10:16:47.985+0000][gc,phases   ] GC(1426)   Evacuate Collection Set: 533.1ms
[2026-01-16T10:16:47.985+0000][gc,phases   ] GC(1426)   Post Evacuate Collection Set: 26.3ms
[2026-01-16T10:16:47.986+0000][gc,phases   ] GC(1426)   Other: 26.6ms
[2026-01-16T10:16:47.986+0000][gc,heap     ] GC(1426) Eden regions: 48->0(47)
[2026-01-16T10:16:47.986+0000][gc,heap     ] GC(1426) Survivor regions: 3->4(7)
[2026-01-16T10:16:47.986+0000][gc,heap     ] GC(1426) Old regions: 230->230
[2026-01-16T10:16:47.987+0000][gc,heap     ] GC(1426) Humongous regions: 167->167
[2026-01-16T10:16:47.987+0000][gc,metaspace] GC(1426) Metaspace: 15889K(16192K)->15889K(16192K) NonClass: 14135K(14272K)->14135K(14272K) Class: 1753K(1920K)->1753K(1920K)
[2026-01-16T10:16:47.988+0000][gc          ] GC(1426) Pause Young (Normal) (G1 Evacuation Pause) 447M->399M(1024M) 640.388ms
[2026-01-16T10:16:47.989+0000][gc,cpu      ] GC(1426) User=0.36s Sys=0.02s Real=0.64s
[2026-01-16T10:16:51.522+0000][gc,start    ] GC(1427) Pause Young (Normal) (G1 Evacuation Pause)
[2026-01-16T10:16:51.523+0000][gc,task     ] GC(1427) Using 8 workers of 8 for evacuation
[2026-01-16T10:16:51.796+0000][gc,mmu      ] GC(1427) MMU target violated: 201.0ms (200.0ms/201.0ms)
[2026-01-16T10:16:51.799+0000][gc,phases   ] GC(1427)   Pre Evacuate Collection Set: 66.0ms
[2026-01-16T10:16:51.802+0000][gc,phases   ] GC(1427)   Merge Heap Roots: 11.8ms
[2026-01-16T10:16:51.802+0000][gc,phases   ] GC(1427)   Evacuate Collection Set: 174.4ms
[2026-01-16T10:16:51.804+0000][gc,phases   ] GC(1427)   Post Evacuate Collection Set: 20.4ms
[2026-01-16T10:16:51.804+0000][gc,phases   ] GC(1427)   Other: 3.7ms
[2026-01-16T10:16:51.805+0000][gc,heap     ] GC(1427) Eden regions: 47->0(46)
[2026-01-16T10:16:51.805+0000][gc,heap     ] GC(1427) Survivor regions: 4->5(7)
[2026-01-16T10:16:51.806+0000][gc,heap     ] GC(1427) Old regions: 230->230
[2026-01-16T10:16:51.806+0000][gc,heap     ] GC(1427) Humongous regions: 167->167
[2026-01-16T10:16:51.806+0000][gc,metaspace] GC(1427) Metaspace: 15889K(16192K)->15889K(16192K) NonClass: 14135K(14272K)->14135K(14272K) Class: 1753K(1920K)->1753K(1920K)
[2026-01-16T10:16:51.806+0000][gc          ] GC(1427) Pause Young (Normal) (G1 Evacuation Pause) 446M->400M(1024M) 284.330ms
[2026-01-16T10:16:51.807+0000][gc,cpu      ] GC(1427) User=0.29s Sys=0.03s Real=0.29s
[2026-01-16T10:16:55.285+0000][gc,start    ] GC(1428) Pause Young (Normal) (G1 Evacuation Pause)
[2026-01-16T10:16:55.288+0000][gc,task     ] GC(1428) Using 8 workers of 8 for evacuation
[2026-01-16T10:16:55.823+0000][gc,mmu      ] GC(1428) MMU target violated: 201.0ms (200.0ms/201.0ms)
[2026-01-16T10:16:55.824+0000][gc,phases   ] GC(1428)   Pre Evacuate Collection Set: 50.2ms
[2026-01-16T10:16:55.824+0000][gc,phases   ] GC(1428)   Merge Heap Roots: 3.1ms
[2026-01-16T10:16:55.825+0000][gc,phases   ] GC(1428)   Evacuate Collection Set: 461.1ms
[2026-01-16T10:16:55.825+0000][gc,phases   ] GC(1428)   Post Evacuate Collection Set: 15.0ms
[2026-01-16T10:16:55.825+0000][gc,phases   ] GC(1428)   Other: 6.5ms
[2026-01-16T10:16:55.825+0000][gc,heap     ] GC(1428) Eden regions: 46->0(46)
[2026-01-16T10:16:55.826+0000][gc,heap     ] GC(1428) Survivor regions: 5->5(7)
[2026-01-16T10:16:55.827+0000][gc,heap     ] GC(1428) Old regions: 230->231
[2026-01-16T10:16:55.827+0000][gc,heap     ] GC(1428) Humongous regions: 167->167
[2026-01-16T10:16:55.828+0000][gc,metaspace] GC(1428) Metaspace: 15889K(16192K)->15889K(16192K) NonClass: 14135K(14272K)->14135K(14272K) Class: 1753K(1920K)->1753K(1920K)
[2026-01-16T10:16:55.829+0000][gc          ] GC(1428) Pause Young (Normal) (G1 Evacuation Pause) 446M->401M(1024M) 544.534ms
[2026-01-16T10:16:55.831+0000][gc,cpu      ] GC(1428) User=0.41s Sys=0.03s Real=0.54s
[2026-01-16T10:16:57.348+0000][gc,start    ] GC(1429) Pause Young (Normal) (G1 Evacuation Pause)
[2026-01-16T10:16:57.351+0000][gc,task     ] GC(1429) Using 8 workers of 8 for evacuation
[2026-01-16T10:16:57.898+0000][gc,mmu      ] GC(1429) MMU target violated: 201.0ms (200.0ms/201.0ms)
[2026-01-16T10:16:57.899+0000][gc,phases   ] GC(1429)   Pre Evacuate Collection Set: 44.0ms
[2026-01-16T10:16:57.899+0000][gc,phases   ] GC(1429)   Merge Heap Roots: 4.4ms
[2026-01-16T10:16:57.899+0000][gc,phases   ] GC(1429)   Evacuate Collection Set: 458.4ms
[2026-01-16T10:16:57.899+0000][gc,phases   ] GC(1429)   Post Evacuate Collection Set: 27.6ms
[2026-01-16T10:16:57.900+0000][gc,phases   ] GC(1429)   Other: 13.7ms
[2026-01-16T10:16:57.900+0000][gc,heap     ] GC(1429) Eden regions: 46->0(45)
[2026-01-16T10:16:57.901+0000][gc,heap     ] GC(1429) Survivor regions: 5->6(7)
[2026-01-16T10:16:57.901+0000][gc,heap     ] GC(1429) Old regions: 231->231
[2026-01-16T10:16:57.901+0000][gc,heap     ] GC(1429) Humongous regions: 167->167
[2026-01-16T10:16:57.901+0000][gc,metaspace] GC(1429) Metaspace: 15889K(16192K)->15889K(16192K) NonClass: 14135K(14272K)->14135K(14272K) Class: 1753K(1920K)->1753K(1920K)
[2026-01-16T10:16:57.903+0000][gc          ] GC(1429) Pause Young (Normal) (G1 Evacuation Pause) 447M->402M(1024M) 554.766ms
[2026-01-16T10:16:57.903+0000][gc,cpu      ] GC(1429) User=0.32s Sys=0.01s Real=0.55s
[2026-01-16T10:16:58.818+0000][gc,start    ] GC(1430) Pause Young (Normal) (G1 Evacuation Pause)
[2026-01-16T10:16:58.822+0000][gc,task     ] GC(1430) Using 8 workers of 8 for evacuation
[2026-01-16T10:16:58.998+0000][gc,phases   ] GC(1430)   Pre Evacuate Collection Set: 1.5ms
[2026-01-16T10:16:58.998+0000][gc,phases   ] GC(1430)   Merge Heap Roots: 0.5ms
[2026-01-16T10:16:58.999+0000][gc,phases   ] GC(1430)   Evacuate Collection Set: 160.9ms
[2026-01-16T10:16:58.999+0000][gc,phases   ] GC(1430)   Post Evacuate Collection Set: 12.9ms
[2026-01-16T10:16:58.999+0000][gc,phases   ] GC(1430)   Other: 0.5ms
[2026-01-16T10:16:59.000+0000][gc,heap     ] GC(1430) Eden regions: 45->0(46)
[2026-01-16T10:16:59.001+0000][gc,heap     ] GC(1430) Survivor regions: 6->5(7)
[2026-01-16T10:16:59.001+0000][gc,heap     ] GC(1430) Old regions: 231->232
[2026-01-16T10:16:59.001+0000][gc,heap     ] GC(1430) Humongous regions: 167->167
[2026-01-16T10:16:59.001+0000][gc,metaspace] GC(1430) Metaspace: 15889K(16192K)->15889K(16192K) NonClass: 14135K(14272K)->14135K(14272K) Class: 1753K(1920K)->1753K(1920K)
[2026-01-16T10:16:59.001+0000][gc          ] GC(1430) Pause Young (Normal) (G1 Evacuation Pause) 447M->403M(1024M) 182.853ms
[2026-01-16T10:16:59.001+0000][gc,cpu      ] GC(1430) User=0.09s Sys=0.00s Real=0.18s
[2026-01-16T10:16:59.668+0000][gc,start    ] GC(1431) Pause Young (Normal) (G1 Evacuation Pause)
[2026-01-16T10:16:59.668+0000][gc,task     ] GC(1431) Using 8 workers of 8 for evacuation
[2026-01-16T10:17:00.963+0000][gc,mmu      ] GC(1431) MMU target violated: 201.0ms (200.0ms/201.0ms)
[2026-01-16T10:17:00.964+0000][gc,phases   ] GC(1431)   Pre Evacuate Collection Set: 86.8ms
[2026-01-16T10:17:00.965+0000][gc,phases   ] GC(1431)   Merge Heap Roots: 1.2ms
[2026-01-16T10:17:00.969+0000][gc,phases   ] GC(1431)   Evacuate Collection Set: 1132.7ms
[2026-01-16T10:17:00.969+0000][gc,phases   ] GC(1431)   Post Evacuate Collection Set: 73.2ms
[2026-01-16T10:17:00.970+0000][gc,phases   ] GC(1431)   Other: 2.1ms
[2026-01-16T10:17:00.970+0000][gc,heap     ] GC(1431) Eden regions: 46->0(47)
[2026-01-16T10:17:00.970+0000][gc,heap     ] GC(1431) Survivor regions: 5->4(7)
[2026-01-16T10:17:00.970+0000][gc,heap     ] GC(1431) Old regions: 232->233
[2026-01-16T10:17:00.970+0000][gc,heap     ] GC(1431) Humongous regions: 167->167
[2026-01-16T10:17:00.970+0000][gc,metaspace] GC(1431) Metaspace: 15889K(16192K)->15889K(16192K) NonClass: 14135K(14272K)->14135K(14272K) Class: 1753K(1920K)->1753K(1920K)
[2026-01-16T10:17:00.970+0000][gc          ] GC(1431) Pause Young (Normal) (G1 Evacuation Pause) 449M->403M(1024M) 1302.904ms
[2026-01-16T10:17:00.971+0000][gc,cpu      ] GC(1431) User=0.54s Sys=0.06s Real=1.30s
[2026-01-16T10:17:03.767+0000][gc,start    ] GC(1432) Pause Young (Normal) (G1 Evacuation Pause)
[2026-01-16T10:17:03.771+0000][gc,task     ] GC(1432) Using 8 workers of 8 for evacuation
[2026-01-16T10:17:04.274+0000][gc,mmu      ] GC(1432) MMU target violated: 201.0ms (200.0ms/201.0ms)
[2026-01-16T10:17:04.276+0000][gc,phases   ] GC(1432)   Pre Evacuate Collection Set: 46.7ms
[2026-01-16T10:17:04.276+0000][gc,phases   ] GC(1432)   Merge Heap Roots: 11.4ms
[2026-01-16T10:17:04.276+0000][gc,phases   ] GC(1432)   Evacuate Collection Set: 396.4ms
[2026-01-16T10:17:04.278+0000][gc,phases   ] GC(1432)   Post Evacuate Collection Set: 45.4ms
[2026-01-16T10:17:04.279+0000][gc,phases   ] GC(1432)   Other: 5.4ms
[2026-01-16T10:17:04.279+0000][gc,heap     ] GC(1432) Eden regions: 47->0(46)
[2026-01-16T10:17:04.281+0000][gc,heap     ] GC(1432) Survivor regions: 4->5(7)
[2026-01-16T10:17:04.281+0000][gc,heap     ] GC(1432) Old regions: 233->233
[2026-01-16T10:17:04.281+0000][gc,heap     ] GC(1432) Humongous regions: 167->167
[2026-01-16T10:17:04.284+0000][gc,metaspace] GC(1432) Metaspace: 15889K(16192K)->15889K(16192K) NonClass: 14135K(14272K)->14135K(14272K) Class: 1753K(1920K)->1753K(1920K)
[2026-01-16T10:17:04.284+0000][gc          ] GC(1432) Pause Young (Normal) (G1 Evacuation Pause) 450M->404M(1024M) 516.499ms
[2026-01-16T10:17:04.286+0000][gc,cpu      ] GC(1432) User=0.29s Sys=0.03s Real=0.52s
[2026-01-16T10:17:05.685+0000][gc,start    ] GC(1433) Pause Young (Normal) (G1 Evacuation Pause)
[2026-01-16T10:17:05.686+0000][gc,task     ] GC(1433) Using 8 workers of 8 for evacuation
[2026-01-16T10:17:06.113+0000][gc,mmu      ] GC(1433) MMU target violated: 201.0ms (200.0ms/201.0ms)
[2026-01-16T10:17:06.133+0000][gc,phases   ] GC(1433)   Pre Evacuate Collection Set: 12.8ms
[2026-01-16T10:17:06.134+0000][gc,phases   ] GC(1433)   Merge Heap Roots: 9.3ms
[2026-01-16T10:17:06.136+0000][gc,phases   ] GC(1433)   Evacuate Collection Set: 378.8ms
[2026-01-16T10:17:06.136+0000][gc,phases   ] GC(1433)   Post Evacuate Collection Set: 24.6ms
[2026-01-16T10:17:06.139+0000][gc,phases   ] GC(1433)   Other: 21.5ms
[2026-01-16T10:17:06.139+0000][gc,heap     ] GC(1433) Eden regions: 46->0(46)
[2026-01-16T10:17:06.141+0000][gc,heap     ] GC(1433) Survivor regions: 5->5(7)
[2026-01-16T10:17:06.142+0000][gc,heap     ] GC(1433) Old regions: 233->234
[2026-01-16T10:17:06.142+0000][gc,heap     ] GC(1433) Humongous regions: 167->167
[2026-01-16T10:17:06.143+0000][gc,metaspace] GC(1433) Metaspace: 15889K(16192K)->15889K(16192K) NonClass: 14135K(14272K)->14135K(14272K) Class: 1753K(1920K)->1753K(1920K)
[2026-01-16T10:17:06.152+0000][gc          ] GC(1433) Pause Young (Normal) (G1 Evacuation Pause) 450M->405M(1024M) 466.686ms
[2026-01-16T10:17:06.155+0000][gc,cpu      ] GC(1433) User=0.14s Sys=0.02s Real=0.47s
[2026-01-16T10:17:06.749+0000][gc,start    ] GC(1434) Pause Young (Normal) (G1 Evacuation Pause)
[2026-01-16T10:17:06.749+0000][gc,task     ] GC(1434) Using 8 workers of 8 for evacuation
[2026-01-16T10:17:06.957+0000][gc,mmu      ] GC(1434) MMU target violated: 201.0ms (200.0ms/201.0ms)
[2026-01-16T10:17:06.962+0000][gc,phases   ] GC(1434)   Pre Evacuate Collection Set: 1.2ms
[2026-01-16T10:17:06.971+0000][gc,phases   ] GC(1434)   Merge Heap Roots: 0.4ms
[2026-01-16T10:17:06.971+0000][gc,phases   ] GC(1434)   Evacuate Collection Set: 197.1ms
[2026-01-16T10:17:06.973+0000][gc,phases   ] GC(1434)   Post Evacuate Collection Set: 8.5ms
[2026-01-16T10:17:06.973+0000][gc,phases   ] GC(1434)   Other: 5.1ms
[2026-01-16T10:17:06.973+0000][gc,heap     ] GC(1434) Eden regions: 46->0(46)
[2026-01-16T10:17:06.974+0000][gc,heap     ] GC(1434) Survivor regions: 5->5(7)
[2026-01-16T10:17:06.976+0000][gc,heap     ] GC(1434) Old regions: 234->235
[2026-01-16T10:17:06.982+0000][gc,heap     ] GC(1434) Humongous regions: 167->167
[2026-01-16T10:17:06.982+0000][gc,metaspace] GC(1434) Metaspace: 15889K(16192K)->15889K(16192K) NonClass: 14135K(14272K)->14135K(14272K) Class: 1753K(1920K)->1753K(1920K)
[2026-01-16T10:17:06.983+0000][gc          ] GC(1434) Pause Young (Normal) (G1 Evacuation Pause) 451M->405M(1024M) 233.909ms
[2026-01-16T10:17:06.983+0000][gc,cpu      ] GC(1434) User=0.10s Sys=0.02s Real=0.23s
[2026-01-16T10:17:07.915+0000][gc,start    ] GC(1435) Pause Young (Normal) (G1 Evacuation Pause)
[2026-01-16T10:17:07.917+0000][gc,task     ] GC(1435) Using 8 workers of 8 for evacuation
[2026-01-16T10:17:08.121+0000][gc,phases   ] GC(1435)   Pre Evacuate Collection Set: 41.7ms
[2026-01-16T10:17:08.122+0000][gc,phases   ] GC(1435)   Merge Heap Roots: 0.5ms
[2026-01-16T10:17:08.124+0000][gc,phases   ] GC(1435)   Evacuate Collection Set: 146.4ms
[2026-01-16T10:17:08.124+0000][gc,phases   ] GC(1435)   Post Evacuate Collection Set: 9.2ms
[2026-01-16T10:17:08.126+0000][gc,phases   ] GC(1435)   Other: 6.0ms
[2026-01-16T10:17:08.127+0000][gc,heap     ] GC(1435) Eden regions: 46->0(46)
[2026-01-16T10:17:08.127+0000][gc,heap     ] GC(1435) Survivor regions: 5->5(7)
[2026-01-16T10:17:08.127+0000][gc,heap     ] GC(1435) Old regions: 235->236
[2026-01-16T10:17:08.127+0000][gc,heap     ] GC(1435) Humongous regions: 167->167
[2026-01-16T10:17:08.127+0000][gc,metaspace] GC(1435) Metaspace: 15889K(16192K)->15889K(16192K) NonClass: 14135K(14272K)->14135K(14272K) Class: 1753K(1920K)->1753K(1920K)
[2026-01-16T10:17:08.128+0000][gc          ] GC(1435) Pause Young (Normal) (G1 Evacuation Pause) 451M->406M(1024M) 212.802ms
[2026-01-16T10:17:08.128+0000][gc,cpu      ] GC(1435) User=0.20s Sys=0.01s Real=0.22s
[2026-01-16T10:17:09.089+0000][gc,start    ] GC(1436) Pause Young (Normal) (G1 Evacuation Pause)
[2026-01-16T10:17:09.089+0000][gc,task     ] GC(1436) Using 8 workers of 8 for evacuation
[2026-01-16T10:17:09.169+0000][gc,phases   ] GC(1436)   Pre Evacuate Collection Set: 0.8ms
[2026-01-16T10:17:09.169+0000][gc,phases   ] GC(1436)   Merge Heap Roots: 0.2ms
[2026-01-16T10:17:09.169+0000][gc,phases   ] GC(1436)   Evacuate Collection Set: 74.6ms
[2026-01-16T10:17:09.169+0000][gc,phases   ] GC(1436)   Post Evacuate Collection Set: 2.3ms
[2026-01-16T10:17:09.169+0000][gc,phases   ] GC(1436)   Other: 1.3ms
[2026-01-16T10:17:09.170+0000][gc,heap     ] GC(1436) Eden regions: 46->0(46)
[2026-01-16T10:17:09.170+0000][gc,heap     ] GC(1436) Survivor regions: 5->5(7)
[2026-01-16T10:17:09.171+0000][gc,heap     ] GC(1436) Old regions: 236->236
[2026-01-16T10:17:09.171+0000][gc,heap     ] GC(1436) Humongous regions: 167->167
[2026-01-16T10:17:09.175+0000][gc,metaspace] GC(1436) Metaspace: 15889K(16192K)->15889K(16192K) NonClass: 14135K(14272K)->14135K(14272K) Class: 1753K(1920K)->1753K(1920K)
[2026-01-16T10:17:09.177+0000][gc          ] GC(1436) Pause Young (Normal) (G1 Evacuation Pause) 452M->407M(1024M) 87.848ms
[2026-01-16T10:17:09.177+0000][gc,cpu      ] GC(1436) User=0.09s Sys=0.01s Real=0.09s
[2026-01-16T10:17:10.189+0000][gc,start    ] GC(1437) Pause Young (Normal) (G1 Evacuation Pause)
[2026-01-16T10:17:10.191+0000][gc,task     ] GC(1437) Using 8 workers of 8 for evacuation
[2026-01-16T10:17:10.506+0000][gc,mmu      ] GC(1437) MMU target violated: 201.0ms (200.0ms/201.0ms)
[2026-01-16T10:17:10.506+0000][gc,phases   ] GC(1437)   Pre Evacuate Collection Set: 7.3ms
[2026-01-16T10:17:10.506+0000][gc,phases   ] GC(1437)   Merge Heap Roots: 0.2ms
[2026-01-16T10:17:10.514+0000][gc,phases   ] GC(1437)   Evacuate Collection Set: 228.8ms
[2026-01-16T10:17:10.514+0000][gc,phases   ] GC(1437)   Post Evacuate Collection Set: 77.7ms
[2026-01-16T10:17:10.514+0000][gc,phases   ] GC(1437)   Other: 1.9ms
[2026-01-16T10:17:10.515+0000][gc,heap     ] GC(1437) Eden regions: 46->0(46)
[2026-01-16T10:17:10.515+0000][gc,heap     ] GC(1437) Survivor regions: 5->5(7)
[2026-01-16T10:17:10.515+0000][gc,heap     ] GC(1437) Old regions: 236->237
[2026-01-16T10:17:10.515+0000][gc,heap     ] GC(1437) Humongous regions: 167->167
[2026-01-16T10:17:10.515+0000][gc,metaspace] GC(1437) Metaspace: 15889K(16192K)->15889K(16192K) NonClass: 14135K(14272K)->14135K(14272K) Class: 1753K(1920K)->1753K(1920K)
[2026-01-16T10:17:10.515+0000][gc          ] GC(1437) Pause Young (Normal) (G1 Evacuation Pause) 453M->407M(1024M) 325.613ms
[2026-01-16T10:17:10.515+0000][gc,cpu      ] GC(1437) User=0.28s Sys=0.03s Real=0.33s
[2026-01-16T10:17:12.296+0000][gc,start    ] GC(1438) Pause Young (Normal) (G1 Evacuation Pause)
[2026-01-16T10:17:12.301+0000][gc,task     ] GC(1438) Using 8 workers of 8 for evacuation
[2026-01-16T10:17:12.771+0000][gc,mmu      ] GC(1438) MMU target violated: 201.0ms (200.0ms/201.0ms)
[2026-01-16T10:17:12.773+0000][gc,phases   ] GC(1438)   Pre Evacuate Collection Set: 22.4ms
[2026-01-16T10:17:12.774+0000][gc,phases   ] GC(1438)   Merge Heap Roots: 8.5ms
[2026-01-16T10:17:12.780+0000][gc,phases   ] GC(1438)   Evacuate Collection Set: 424.0ms
[2026-01-16T10:17:12.782+0000][gc,phases   ] GC(1438)   Post Evacuate Collection Set: 12.1ms
[2026-01-16T10:17:12.812+0000][gc,phases   ] GC(1438)   Other: 5.6ms
[2026-01-16T10:17:12.812+0000][gc,heap     ] GC(1438) Eden regions: 46->0(47)
[2026-01-16T10:17:12.815+0000][gc,heap     ] GC(1438) Survivor regions: 5->4(7)
[2026-01-16T10:17:12.816+0000][gc,heap     ] GC(1438) Old regions: 237->238
[2026-01-16T10:17:12.821+0000][gc,heap     ] GC(1438) Humongous regions: 167->167
[2026-01-16T10:17:12.824+0000][gc,metaspace] GC(1438) Metaspace: 15889K(16192K)->15889K(16192K) NonClass: 14135K(14272K)->14135K(14272K) Class: 1753K(1920K)->1753K(1920K)
[2026-01-16T10:17:12.835+0000][gc          ] GC(1438) Pause Young (Normal) (G1 Evacuation Pause) 453M->408M(1024M) 532.996ms
[2026-01-16T10:17:12.842+0000][gc,cpu      ] GC(1438) User=0.23s Sys=0.02s Real=0.54s
[2026-01-16T10:17:13.851+0000][gc,start    ] GC(1439) Pause Young (Normal) (G1 Evacuation Pause)
[2026-01-16T10:17:13.852+0000][gc,task     ] GC(1439) Using 8 workers of 8 for evacuation
[2026-01-16T10:17:14.063+0000][gc,mmu      ] GC(1439) MMU target violated: 201.0ms (200.0ms/201.0ms)
[2026-01-16T10:17:14.082+0000][gc,phases   ] GC(1439)   Pre Evacuate Collection Set: 17.7ms
[2026-01-16T10:17:14.086+0000][gc,phases   ] GC(1439)   Merge Heap Roots: 0.3ms
[2026-01-16T10:17:14.086+0000][gc,phases   ] GC(1439)   Evacuate Collection Set: 184.0ms
[2026-01-16T10:17:14.086+0000][gc,phases   ] GC(1439)   Post Evacuate Collection Set: 5.7ms
[2026-01-16T10:17:14.086+0000][gc,phases   ] GC(1439)   Other: 22.9ms
[2026-01-16T10:17:14.087+0000][gc,heap     ] GC(1439) Eden regions: 47->0(46)
[2026-01-16T10:17:14.089+0000][gc,heap     ] GC(1439) Survivor regions: 4->5(7)
[2026-01-16T10:17:14.089+0000][gc,heap     ] GC(1439) Old regions: 238->239
[2026-01-16T10:17:14.089+0000][gc,heap     ] GC(1439) Humongous regions: 167->167
[2026-01-16T10:17:14.089+0000][gc,metaspace] GC(1439) Metaspace: 15889K(16192K)->15889K(16192K) NonClass: 14135K(14272K)->14135K(14272K) Class: 1753K(1920K)->1753K(1920K)
[2026-01-16T10:17:14.103+0000][gc          ] GC(1439) Pause Young (Normal) (G1 Evacuation Pause) 455M->409M(1024M) 252.571ms
[2026-01-16T10:17:14.113+0000][gc,cpu      ] GC(1439) User=0.16s Sys=0.01s Real=0.27s
[2026-01-16T10:17:14.813+0000][gc,start    ] GC(1440) Pause Young (Normal) (GCLocker Initiated GC)
[2026-01-16T10:17:14.817+0000][gc,task     ] GC(1440) Using 8 workers of 8 for evacuation
[2026-01-16T10:17:14.969+0000][gc,phases   ] GC(1440)   Pre Evacuate Collection Set: 0.4ms
[2026-01-16T10:17:14.972+0000][gc,phases   ] GC(1440)   Merge Heap Roots: 2.4ms
[2026-01-16T10:17:14.972+0000][gc,phases   ] GC(1440)   Evacuate Collection Set: 143.2ms
[2026-01-16T10:17:14.975+0000][gc,phases   ] GC(1440)   Post Evacuate Collection Set: 2.9ms
[2026-01-16T10:17:14.975+0000][gc,phases   ] GC(1440)   Other: 2.4ms
[2026-01-16T10:17:14.975+0000][gc,heap     ] GC(1440) Eden regions: 48->0(46)
[2026-01-16T10:17:14.975+0000][gc,heap     ] GC(1440) Survivor regions: 5->5(7)
[2026-01-16T10:17:14.976+0000][gc,heap     ] GC(1440) Old regions: 239->239
[2026-01-16T10:17:14.976+0000][gc,heap     ] GC(1440) Humongous regions: 167->167
[2026-01-16T10:17:14.976+0000][gc,metaspace] GC(1440) Metaspace: 15889K(16192K)->15889K(16192K) NonClass: 14135K(14272K)->14135K(14272K) Class: 1753K(1920K)->1753K(1920K)
[2026-01-16T10:17:14.977+0000][gc          ] GC(1440) Pause Young (Normal) (GCLocker Initiated GC) 457M->409M(1024M) 164.095ms
[2026-01-16T10:17:14.978+0000][gc,cpu      ] GC(1440) User=0.11s Sys=0.00s Real=0.16s
[2026-01-16T10:17:16.776+0000][gc,start    ] GC(1441) Pause Young (Normal) (G1 Evacuation Pause)
[2026-01-16T10:17:16.781+0000][gc,task     ] GC(1441) Using 8 workers of 8 for evacuation
[2026-01-16T10:17:17.117+0000][gc,mmu      ] GC(1441) MMU target violated: 201.0ms (200.0ms/201.0ms)
[2026-01-16T10:17:17.117+0000][gc,phases   ] GC(1441)   Pre Evacuate Collection Set: 13.1ms
[2026-01-16T10:17:17.118+0000][gc,phases   ] GC(1441)   Merge Heap Roots: 0.8ms
[2026-01-16T10:17:17.118+0000][gc,phases   ] GC(1441)   Evacuate Collection Set: 311.4ms
[2026-01-16T10:17:17.118+0000][gc,phases   ] GC(1441)   Post Evacuate Collection Set: 9.3ms
[2026-01-16T10:17:17.118+0000][gc,phases   ] GC(1441)   Other: 1.9ms
[2026-01-16T10:17:17.118+0000][gc,heap     ] GC(1441) Eden regions: 46->0(46)
[2026-01-16T10:17:17.118+0000][gc,heap     ] GC(1441) Survivor regions: 5->5(7)
[2026-01-16T10:17:17.119+0000][gc,heap     ] GC(1441) Old regions: 239->240
[2026-01-16T10:17:17.119+0000][gc,heap     ] GC(1441) Humongous regions: 167->167
[2026-01-16T10:17:17.119+0000][gc,metaspace] GC(1441) Metaspace: 15889K(16192K)->15889K(16192K) NonClass: 14135K(14272K)->14135K(14272K) Class: 1753K(1920K)->1753K(1920K)
[2026-01-16T10:17:17.119+0000][gc          ] GC(1441) Pause Young (Normal) (G1 Evacuation Pause) 455M->410M(1024M) 343.096ms
[2026-01-16T10:17:17.120+0000][gc,cpu      ] GC(1441) User=0.23s Sys=0.01s Real=0.34s
[2026-01-16T10:17:18.285+0000][gc,start    ] GC(1442) Pause Young (Normal) (G1 Evacuation Pause)
[2026-01-16T10:17:18.288+0000][gc,task     ] GC(1442) Using 8 workers of 8 for evacuation
[2026-01-16T10:17:18.433+0000][gc,phases   ] GC(1442)   Pre Evacuate Collection Set: 15.9ms
[2026-01-16T10:17:18.434+0000][gc,phases   ] GC(1442)   Merge Heap Roots: 1.9ms
[2026-01-16T10:17:18.436+0000][gc,phases   ] GC(1442)   Evacuate Collection Set: 115.1ms
[2026-01-16T10:17:18.436+0000][gc,phases   ] GC(1442)   Post Evacuate Collection Set: 9.2ms
[2026-01-16T10:17:18.439+0000][gc,phases   ] GC(1442)   Other: 3.1ms
[2026-01-16T10:17:18.439+0000][gc,heap     ] GC(1442) Eden regions: 46->0(46)
[2026-01-16T10:17:18.440+0000][gc,heap     ] GC(1442) Survivor regions: 5->5(7)
[2026-01-16T10:17:18.441+0000][gc,heap     ] GC(1442) Old regions: 240->241
[2026-01-16T10:17:18.441+0000][gc,heap     ] GC(1442) Humongous regions: 167->167
[2026-01-16T10:17:18.442+0000][gc,metaspace] GC(1442) Metaspace: 15889K(16192K)->15889K(16192K) NonClass: 14135K(14272K)->14135K(14272K) Class: 1753K(1920K)->1753K(1920K)
[2026-01-16T10:17:18.445+0000][gc          ] GC(1442) Pause Young (Normal) (G1 Evacuation Pause) 456M->411M(1024M) 159.538ms
[2026-01-16T10:17:18.445+0000][gc,cpu      ] GC(1442) User=0.12s Sys=0.01s Real=0.16s
[2026-01-16T10:17:19.507+0000][gc,start    ] GC(1443) Pause Young (Normal) (G1 Evacuation Pause)
[2026-01-16T10:17:19.508+0000][gc,task     ] GC(1443) Using 8 workers of 8 for evacuation
[2026-01-16T10:17:19.668+0000][gc,phases   ] GC(1443)   Pre Evacuate Collection Set: 6.0ms
[2026-01-16T10:17:19.668+0000][gc,phases   ] GC(1443)   Merge Heap Roots: 2.0ms
[2026-01-16T10:17:19.669+0000][gc,phases   ] GC(1443)   Evacuate Collection Set: 144.6ms
[2026-01-16T10:17:19.671+0000][gc,phases   ] GC(1443)   Post Evacuate Collection Set: 6.2ms
[2026-01-16T10:17:19.671+0000][gc,phases   ] GC(1443)   Other: 1.6ms
[2026-01-16T10:17:19.671+0000][gc,heap     ] GC(1443) Eden regions: 46->0(46)
[2026-01-16T10:17:19.672+0000][gc,heap     ] GC(1443) Survivor regions: 5->5(7)
[2026-01-16T10:17:19.672+0000][gc,heap     ] GC(1443) Old regions: 241->241
[2026-01-16T10:17:19.672+0000][gc,heap     ] GC(1443) Humongous regions: 167->167
[2026-01-16T10:17:19.672+0000][gc,metaspace] GC(1443) Metaspace: 15889K(16192K)->15889K(16192K) NonClass: 14135K(14272K)->14135K(14272K) Class: 1753K(1920K)->1753K(1920K)
[2026-01-16T10:17:19.673+0000][gc          ] GC(1443) Pause Young (Normal) (G1 Evacuation Pause) 457M->412M(1024M) 165.971ms
[2026-01-16T10:17:19.673+0000][gc,cpu      ] GC(1443) User=0.09s Sys=0.01s Real=0.17s
[2026-01-16T10:17:23.866+0000][gc,start    ] GC(1444) Pause Young (Normal) (G1 Evacuation Pause)
[2026-01-16T10:17:23.876+0000][gc,task     ] GC(1444) Using 8 workers of 8 for evacuation
[2026-01-16T10:17:24.004+0000][gc,phases   ] GC(1444)   Pre Evacuate Collection Set: 13.4ms
[2026-01-16T10:17:24.005+0000][gc,phases   ] GC(1444)   Merge Heap Roots: 3.9ms
[2026-01-16T10:17:24.005+0000][gc,phases   ] GC(1444)   Evacuate Collection Set: 102.2ms
[2026-01-16T10:17:24.006+0000][gc,phases   ] GC(1444)   Post Evacuate Collection Set: 7.7ms
[2026-01-16T10:17:24.007+0000][gc,phases   ] GC(1444)   Other: 1.9ms
[2026-01-16T10:17:24.008+0000][gc,heap     ] GC(1444) Eden regions: 46->0(108)
[2026-01-16T10:17:24.010+0000][gc,heap     ] GC(1444) Survivor regions: 5->3(7)
[2026-01-16T10:17:24.012+0000][gc,heap     ] GC(1444) Old regions: 241->242
[2026-01-16T10:17:24.013+0000][gc,heap     ] GC(1444) Humongous regions: 167->167
[2026-01-16T10:17:24.014+0000][gc,metaspace] GC(1444) Metaspace: 15889K(16192K)->15889K(16192K) NonClass: 14135K(14272K)->14135K(14272K) Class: 1753K(1920K)->1753K(1920K)
[2026-01-16T10:17:24.015+0000][gc          ] GC(1444) Pause Young (Normal) (G1 Evacuation Pause) 458M->410M(1024M) 150.583ms
[2026-01-16T10:17:24.016+0000][gc,cpu      ] GC(1444) User=0.17s Sys=0.01s Real=0.15s
[2026-01-16T10:17:29.626+0000][gc,start    ] GC(1445) Pause Young (Normal) (G1 Evacuation Pause)
[2026-01-16T10:17:29.651+0000][gc,task     ] GC(1445) Using 8 workers of 8 for evacuation
[2026-01-16T10:17:30.232+0000][gc,mmu      ] GC(1445) MMU target violated: 201.0ms (200.0ms/201.0ms)
[2026-01-16T10:17:30.234+0000][gc,phases   ] GC(1445)   Pre Evacuate Collection Set: 80.7ms
[2026-01-16T10:17:30.234+0000][gc,phases   ] GC(1445)   Merge Heap Roots: 6.6ms
[2026-01-16T10:17:30.234+0000][gc,phases   ] GC(1445)   Evacuate Collection Set: 433.3ms
[2026-01-16T10:17:30.234+0000][gc,phases   ] GC(1445)   Post Evacuate Collection Set: 52.3ms
[2026-01-16T10:17:30.236+0000][gc,phases   ] GC(1445)   Other: 27.2ms
[2026-01-16T10:17:30.239+0000][gc,heap     ] GC(1445) Eden regions: 103->0(47)
[2026-01-16T10:17:30.239+0000][gc,heap     ] GC(1445) Survivor regions: 3->4(14)
[2026-01-16T10:17:30.239+0000][gc,heap     ] GC(1445) Old regions: 242->242
[2026-01-16T10:17:30.239+0000][gc,heap     ] GC(1445) Humongous regions: 167->167
[2026-01-16T10:17:30.239+0000][gc,metaspace] GC(1445) Metaspace: 15889K(16192K)->15889K(16192K) NonClass: 14135K(14272K)->14135K(14272K) Class: 1753K(1920K)->1753K(1920K)
[2026-01-16T10:17:30.239+0000][gc          ] GC(1445) Pause Young (Normal) (G1 Evacuation Pause) 513M->411M(1024M) 613.403ms
[2026-01-16T10:17:30.240+0000][gc,cpu      ] GC(1445) User=0.53s Sys=0.05s Real=0.61s
[2026-01-16T10:17:32.912+0000][gc,start    ] GC(1446) Pause Young (Normal) (G1 Evacuation Pause)
[2026-01-16T10:17:32.913+0000][gc,task     ] GC(1446) Using 8 workers of 8 for evacuation
[2026-01-16T10:17:33.101+0000][gc,phases   ] GC(1446)   Pre Evacuate Collection Set: 9.3ms
[2026-01-16T10:17:33.102+0000][gc,phases   ] GC(1446)   Merge Heap Roots: 11.6ms
[2026-01-16T10:17:33.103+0000][gc,phases   ] GC(1446)   Evacuate Collection Set: 158.9ms
[2026-01-16T10:17:33.103+0000][gc,phases   ] GC(1446)   Post Evacuate Collection Set: 4.8ms
[2026-01-16T10:17:33.104+0000][gc,phases   ] GC(1446)   Other: 3.4ms
[2026-01-16T10:17:33.104+0000][gc,heap     ] GC(1446) Eden regions: 47->0(47)
[2026-01-16T10:17:33.105+0000][gc,heap     ] GC(1446) Survivor regions: 4->4(7)
[2026-01-16T10:17:33.105+0000][gc,heap     ] GC(1446) Old regions: 242->242
[2026-01-16T10:17:33.106+0000][gc,heap     ] GC(1446) Humongous regions: 167->167
[2026-01-16T10:17:33.110+0000][gc,metaspace] GC(1446) Metaspace: 15889K(16192K)->15889K(16192K) NonClass: 14135K(14272K)->14135K(14272K) Class: 1753K(1920K)->1753K(1920K)
[2026-01-16T10:17:33.110+0000][gc          ] GC(1446) Pause Young (Normal) (G1 Evacuation Pause) 458M->412M(1024M) 198.247ms
[2026-01-16T10:17:33.125+0000][gc,cpu      ] GC(1446) User=0.15s Sys=0.01s Real=0.22s
[2026-01-16T10:17:34.573+0000][gc,start    ] GC(1447) Pause Young (Normal) (G1 Evacuation Pause)
[2026-01-16T10:17:34.586+0000][gc,task     ] GC(1447) Using 8 workers of 8 for evacuation
[2026-01-16T10:17:34.718+0000][gc,phases   ] GC(1447)   Pre Evacuate Collection Set: 15.8ms
[2026-01-16T10:17:34.721+0000][gc,phases   ] GC(1447)   Merge Heap Roots: 4.3ms
[2026-01-16T10:17:34.722+0000][gc,phases   ] GC(1447)   Evacuate Collection Set: 97.5ms
[2026-01-16T10:17:34.722+0000][gc,phases   ] GC(1447)   Post Evacuate Collection Set: 14.4ms
[2026-01-16T10:17:34.723+0000][gc,phases   ] GC(1447)   Other: 6.6ms
[2026-01-16T10:17:34.723+0000][gc,heap     ] GC(1447) Eden regions: 47->0(48)
[2026-01-16T10:17:34.723+0000][gc,heap     ] GC(1447) Survivor regions: 4->3(7)
[2026-01-16T10:17:34.723+0000][gc,heap     ] GC(1447) Old regions: 242->242
[2026-01-16T10:17:34.723+0000][gc,heap     ] GC(1447) Humongous regions: 167->167
[2026-01-16T10:17:34.723+0000][gc,metaspace] GC(1447) Metaspace: 15889K(16192K)->15889K(16192K) NonClass: 14135K(14272K)->14135K(14272K) Class: 1753K(1920K)->1753K(1920K)
[2026-01-16T10:17:34.724+0000][gc          ] GC(1447) Pause Young (Normal) (G1 Evacuation Pause) 459M->410M(1024M) 150.952ms
[2026-01-16T10:17:34.731+0000][gc,cpu      ] GC(1447) User=0.12s Sys=0.00s Real=0.15s
[2026-01-16T10:17:35.565+0000][gc,start    ] GC(1448) Pause Young (Normal) (G1 Evacuation Pause)
[2026-01-16T10:17:35.569+0000][gc,task     ] GC(1448) Using 8 workers of 8 for evacuation
[2026-01-16T10:17:35.662+0000][gc,phases   ] GC(1448)   Pre Evacuate Collection Set: 1.5ms
[2026-01-16T10:17:35.663+0000][gc,phases   ] GC(1448)   Merge Heap Roots: 3.7ms
[2026-01-16T10:17:35.663+0000][gc,phases   ] GC(1448)   Evacuate Collection Set: 53.2ms
[2026-01-16T10:17:35.664+0000][gc,phases   ] GC(1448)   Post Evacuate Collection Set: 32.0ms
[2026-01-16T10:17:35.665+0000][gc,phases   ] GC(1448)   Other: 2.6ms
[2026-01-16T10:17:35.670+0000][gc,heap     ] GC(1448) Eden regions: 48->0(52)
[2026-01-16T10:17:35.671+0000][gc,heap     ] GC(1448) Survivor regions: 3->3(7)
[2026-01-16T10:17:35.673+0000][gc,heap     ] GC(1448) Old regions: 242->242
[2026-01-16T10:17:35.674+0000][gc,heap     ] GC(1448) Humongous regions: 167->167
[2026-01-16T10:17:35.675+0000][gc,metaspace] GC(1448) Metaspace: 15889K(16192K)->15889K(16192K) NonClass: 14135K(14272K)->14135K(14272K) Class: 1753K(1920K)->1753K(1920K)
[2026-01-16T10:17:35.677+0000][gc          ] GC(1448) Pause Young (Normal) (G1 Evacuation Pause) 458M->411M(1024M) 111.970ms
[2026-01-16T10:17:35.681+0000][gc,cpu      ] GC(1448) User=0.05s Sys=0.01s Real=0.11s
[2026-01-16T10:17:36.530+0000][gc,start    ] GC(1449) Pause Young (Normal) (G1 Evacuation Pause)
[2026-01-16T10:17:36.530+0000][gc,task     ] GC(1449) Using 8 workers of 8 for evacuation
[2026-01-16T10:17:36.721+0000][gc,phases   ] GC(1449)   Pre Evacuate Collection Set: 11.2ms
[2026-01-16T10:17:36.723+0000][gc,phases   ] GC(1449)   Merge Heap Roots: 0.2ms
[2026-01-16T10:17:36.724+0000][gc,phases   ] GC(1449)   Evacuate Collection Set: 171.6ms
[2026-01-16T10:17:36.724+0000][gc,phases   ] GC(1449)   Post Evacuate Collection Set: 7.3ms
[2026-01-16T10:17:36.725+0000][gc,phases   ] GC(1449)   Other: 0.5ms
[2026-01-16T10:17:36.725+0000][gc,heap     ] GC(1449) Eden regions: 48->0(47)
[2026-01-16T10:17:36.728+0000][gc,heap     ] GC(1449) Survivor regions: 3->4(7)
[2026-01-16T10:17:36.728+0000][gc,heap     ] GC(1449) Old regions: 242->242
[2026-01-16T10:17:36.728+0000][gc,heap     ] GC(1449) Humongous regions: 167->167
[2026-01-16T10:17:36.728+0000][gc,metaspace] GC(1449) Metaspace: 15889K(16192K)->15889K(16192K) NonClass: 14135K(14272K)->14135K(14272K) Class: 1753K(1920K)->1753K(1920K)
[2026-01-16T10:17:36.728+0000][gc          ] GC(1449) Pause Young (Normal) (G1 Evacuation Pause) 459M->412M(1024M) 198.817ms
[2026-01-16T10:17:36.729+0000][gc,cpu      ] GC(1449) User=0.12s Sys=0.01s Real=0.20s
[2026-01-16T10:17:43.213+0000][gc,start    ] GC(1450) Pause Young (Normal) (G1 Evacuation Pause)
[2026-01-16T10:17:43.216+0000][gc,task     ] GC(1450) Using 8 workers of 8 for evacuation
[2026-01-16T10:17:43.293+0000][gc,phases   ] GC(1450)   Pre Evacuate Collection Set: 29.1ms
[2026-01-16T10:17:43.293+0000][gc,phases   ] GC(1450)   Merge Heap Roots: 3.4ms
[2026-01-16T10:17:43.294+0000][gc,phases   ] GC(1450)   Evacuate Collection Set: 31.7ms
[2026-01-16T10:17:43.294+0000][gc,phases   ] GC(1450)   Post Evacuate Collection Set: 4.8ms
[2026-01-16T10:17:43.295+0000][gc,phases   ] GC(1450)   Other: 8.2ms
[2026-01-16T10:17:43.295+0000][gc,heap     ] GC(1450) Eden regions: 47->0(139)
[2026-01-16T10:17:43.295+0000][gc,heap     ] GC(1450) Survivor regions: 4->3(7)
[2026-01-16T10:17:43.296+0000][gc,heap     ] GC(1450) Old regions: 242->242
[2026-01-16T10:17:43.297+0000][gc,heap     ] GC(1450) Humongous regions: 167->167
[2026-01-16T10:17:43.297+0000][gc,metaspace] GC(1450) Metaspace: 15889K(16192K)->15889K(16192K) NonClass: 14135K(14272K)->14135K(14272K) Class: 1753K(1920K)->1753K(1920K)
[2026-01-16T10:17:43.298+0000][gc          ] GC(1450) Pause Young (Normal) (G1 Evacuation Pause) 459M->410M(1024M) 86.433ms
[2026-01-16T10:17:43.299+0000][gc,cpu      ] GC(1450) User=0.14s Sys=0.01s Real=0.09s
[2026-01-16T10:17:47.129+0000][gc,start    ] GC(1451) Pause Young (Normal) (G1 Evacuation Pause)
[2026-01-16T10:17:47.130+0000][gc,task     ] GC(1451) Using 8 workers of 8 for evacuation
[2026-01-16T10:17:47.326+0000][gc,phases   ] GC(1451)   Pre Evacuate Collection Set: 8.3ms
[2026-01-16T10:17:47.327+0000][gc,phases   ] GC(1451)   Merge Heap Roots: 2.7ms
[2026-01-16T10:17:47.327+0000][gc,phases   ] GC(1451)   Evacuate Collection Set: 163.6ms
[2026-01-16T10:17:47.327+0000][gc,phases   ] GC(1451)   Post Evacuate Collection Set: 20.5ms
[2026-01-16T10:17:47.327+0000][gc,phases   ] GC(1451)   Other: 1.3ms
[2026-01-16T10:17:47.328+0000][gc,heap     ] GC(1451) Eden regions: 125->0(62)
[2026-01-16T10:17:47.329+0000][gc,heap     ] GC(1451) Survivor regions: 3->4(16)
[2026-01-16T10:17:47.335+0000][gc,heap     ] GC(1451) Old regions: 242->242
[2026-01-16T10:17:47.335+0000][gc,heap     ] GC(1451) Humongous regions: 167->167
[2026-01-16T10:17:47.336+0000][gc,metaspace] GC(1451) Metaspace: 15889K(16192K)->15889K(16192K) NonClass: 14135K(14272K)->14135K(14272K) Class: 1753K(1920K)->1753K(1920K)
[2026-01-16T10:17:47.336+0000][gc          ] GC(1451) Pause Young (Normal) (G1 Evacuation Pause) 535M->412M(1024M) 207.837ms
[2026-01-16T10:17:47.337+0000][gc,cpu      ] GC(1451) User=0.26s Sys=0.01s Real=0.20s
[2026-01-16T10:17:53.501+0000][gc,start    ] GC(1452) Pause Young (Normal) (G1 Evacuation Pause)
[2026-01-16T10:17:53.509+0000][gc,task     ] GC(1452) Using 8 workers of 8 for evacuation
[2026-01-16T10:17:53.851+0000][gc,mmu      ] GC(1452) MMU target violated: 201.0ms (200.0ms/201.0ms)
[2026-01-16T10:17:53.853+0000][gc,phases   ] GC(1452)   Pre Evacuate Collection Set: 48.8ms
[2026-01-16T10:17:53.853+0000][gc,phases   ] GC(1452)   Merge Heap Roots: 9.6ms
[2026-01-16T10:17:53.853+0000][gc,phases   ] GC(1452)   Evacuate Collection Set: 257.5ms
[2026-01-16T10:17:53.853+0000][gc,phases   ] GC(1452)   Post Evacuate Collection Set: 23.0ms
[2026-01-16T10:17:53.855+0000][gc,phases   ] GC(1452)   Other: 8.2ms
[2026-01-16T10:17:53.855+0000][gc,heap     ] GC(1452) Eden regions: 58->0(59)
[2026-01-16T10:17:53.856+0000][gc,heap     ] GC(1452) Survivor regions: 4->3(8)
[2026-01-16T10:17:53.856+0000][gc,heap     ] GC(1452) Old regions: 242->242
[2026-01-16T10:17:53.857+0000][gc,heap     ] GC(1452) Humongous regions: 167->167
[2026-01-16T10:17:53.857+0000][gc,metaspace] GC(1452) Metaspace: 15889K(16192K)->15889K(16192K) NonClass: 14135K(14272K)->14135K(14272K) Class: 1753K(1920K)->1753K(1920K)
[2026-01-16T10:17:53.860+0000][gc          ] GC(1452) Pause Young (Normal) (G1 Evacuation Pause) 470M->410M(1024M) 358.347ms
[2026-01-16T10:17:53.861+0000][gc,cpu      ] GC(1452) User=0.39s Sys=0.02s Real=0.36s
[2026-01-16T10:17:57.817+0000][gc,start    ] GC(1453) Pause Young (Normal) (G1 Evacuation Pause)
[2026-01-16T10:17:57.821+0000][gc,task     ] GC(1453) Using 8 workers of 8 for evacuation
[2026-01-16T10:17:58.073+0000][gc,mmu      ] GC(1453) MMU target violated: 201.0ms (200.0ms/201.0ms)
[2026-01-16T10:17:58.074+0000][gc,phases   ] GC(1453)   Pre Evacuate Collection Set: 11.9ms
[2026-01-16T10:17:58.074+0000][gc,phases   ] GC(1453)   Merge Heap Roots: 4.2ms
[2026-01-16T10:17:58.079+0000][gc,phases   ] GC(1453)   Evacuate Collection Set: 203.9ms
[2026-01-16T10:17:58.083+0000][gc,phases   ] GC(1453)   Post Evacuate Collection Set: 30.6ms
[2026-01-16T10:17:58.083+0000][gc,phases   ] GC(1453)   Other: 3.0ms
[2026-01-16T10:17:58.084+0000][gc,heap     ] GC(1453) Eden regions: 81->0(47)
[2026-01-16T10:17:58.087+0000][gc,heap     ] GC(1453) Survivor regions: 3->4(11)
[2026-01-16T10:17:58.087+0000][gc,heap     ] GC(1453) Old regions: 242->242
[2026-01-16T10:17:58.087+0000][gc,heap     ] GC(1453) Humongous regions: 167->167
[2026-01-16T10:17:58.088+0000][gc,metaspace] GC(1453) Metaspace: 15889K(16192K)->15889K(16192K) NonClass: 14135K(14272K)->14135K(14272K) Class: 1753K(1920K)->1753K(1920K)
[2026-01-16T10:17:58.093+0000][gc          ] GC(1453) Pause Young (Normal) (G1 Evacuation Pause) 491M->411M(1024M) 275.759ms
[2026-01-16T10:17:58.093+0000][gc,cpu      ] GC(1453) User=0.20s Sys=0.01s Real=0.28s
[2026-01-16T10:17:59.000+0000][gc,start    ] GC(1454) Pause Young (Normal) (G1 Evacuation Pause)
[2026-01-16T10:17:59.001+0000][gc,task     ] GC(1454) Using 8 workers of 8 for evacuation
[2026-01-16T10:17:59.174+0000][gc,phases   ] GC(1454)   Pre Evacuate Collection Set: 7.1ms
[2026-01-16T10:17:59.175+0000][gc,phases   ] GC(1454)   Merge Heap Roots: 1.4ms
[2026-01-16T10:17:59.175+0000][gc,phases   ] GC(1454)   Evacuate Collection Set: 150.8ms
[2026-01-16T10:17:59.176+0000][gc,phases   ] GC(1454)   Post Evacuate Collection Set: 13.4ms
[2026-01-16T10:17:59.176+0000][gc,phases   ] GC(1454)   Other: 0.8ms
[2026-01-16T10:17:59.176+0000][gc,heap     ] GC(1454) Eden regions: 47->0(47)
[2026-01-16T10:17:59.177+0000][gc,heap     ] GC(1454) Survivor regions: 4->4(7)
[2026-01-16T10:17:59.177+0000][gc,heap     ] GC(1454) Old regions: 242->243
[2026-01-16T10:17:59.177+0000][gc,heap     ] GC(1454) Humongous regions: 167->167
[2026-01-16T10:17:59.178+0000][gc,metaspace] GC(1454) Metaspace: 15889K(16192K)->15889K(16192K) NonClass: 14135K(14272K)->14135K(14272K) Class: 1753K(1920K)->1753K(1920K)
[2026-01-16T10:17:59.178+0000][gc          ] GC(1454) Pause Young (Normal) (G1 Evacuation Pause) 458M->412M(1024M) 177.861ms
[2026-01-16T10:17:59.179+0000][gc,cpu      ] GC(1454) User=0.11s Sys=0.00s Real=0.18s
[2026-01-16T10:17:59.903+0000][gc,start    ] GC(1455) Pause Young (Normal) (G1 Evacuation Pause)
[2026-01-16T10:17:59.904+0000][gc,task     ] GC(1455) Using 8 workers of 8 for evacuation
[2026-01-16T10:18:00.077+0000][gc,phases   ] GC(1455)   Pre Evacuate Collection Set: 10.9ms
[2026-01-16T10:18:00.079+0000][gc,phases   ] GC(1455)   Merge Heap Roots: 3.4ms
[2026-01-16T10:18:00.087+0000][gc,phases   ] GC(1455)   Evacuate Collection Set: 154.9ms
[2026-01-16T10:18:00.091+0000][gc,phases   ] GC(1455)   Post Evacuate Collection Set: 2.6ms
[2026-01-16T10:18:00.093+0000][gc,phases   ] GC(1455)   Other: 1.0ms
[2026-01-16T10:18:00.094+0000][gc,heap     ] GC(1455) Eden regions: 47->0(100)
[2026-01-16T10:18:00.094+0000][gc,heap     ] GC(1455) Survivor regions: 4->2(7)
[2026-01-16T10:18:00.095+0000][gc,heap     ] GC(1455) Old regions: 243->243
[2026-01-16T10:18:00.095+0000][gc,heap     ] GC(1455) Humongous regions: 167->167
[2026-01-16T10:18:00.096+0000][gc,metaspace] GC(1455) Metaspace: 15889K(16192K)->15889K(16192K) NonClass: 14135K(14272K)->14135K(14272K) Class: 1753K(1920K)->1753K(1920K)
[2026-01-16T10:18:00.097+0000][gc          ] GC(1455) Pause Young (Normal) (G1 Evacuation Pause) 459M->410M(1024M) 193.531ms
[2026-01-16T10:18:00.104+0000][gc,cpu      ] GC(1455) User=0.13s Sys=0.01s Real=0.20s
[2026-01-16T10:18:06.175+0000][gc,start    ] GC(1456) Pause Young (Normal) (G1 Evacuation Pause)
[2026-01-16T10:18:06.186+0000][gc,task     ] GC(1456) Using 8 workers of 8 for evacuation
[2026-01-16T10:18:06.507+0000][gc,mmu      ] GC(1456) MMU target violated: 201.0ms (200.0ms/201.0ms)
[2026-01-16T10:18:06.508+0000][gc,phases   ] GC(1456)   Pre Evacuate Collection Set: 70.7ms
[2026-01-16T10:18:06.508+0000][gc,phases   ] GC(1456)   Merge Heap Roots: 0.7ms
[2026-01-16T10:18:06.508+0000][gc,phases   ] GC(1456)   Evacuate Collection Set: 229.0ms
[2026-01-16T10:18:06.509+0000][gc,phases   ] GC(1456)   Post Evacuate Collection Set: 19.1ms
[2026-01-16T10:18:06.509+0000][gc,phases   ] GC(1456)   Other: 3.1ms
[2026-01-16T10:18:06.509+0000][gc,heap     ] GC(1456) Eden regions: 99->0(48)
[2026-01-16T10:18:06.509+0000][gc,heap     ] GC(1456) Survivor regions: 2->3(13)
[2026-01-16T10:18:06.510+0000][gc,heap     ] GC(1456) Old regions: 243->243
[2026-01-16T10:18:06.510+0000][gc,heap     ] GC(1456) Humongous regions: 167->167
[2026-01-16T10:18:06.510+0000][gc,metaspace] GC(1456) Metaspace: 15889K(16192K)->15889K(16192K) NonClass: 14135K(14272K)->14135K(14272K) Class: 1753K(1920K)->1753K(1920K)
[2026-01-16T10:18:06.512+0000][gc          ] GC(1456) Pause Young (Normal) (G1 Evacuation Pause) 509M->412M(1024M) 336.106ms
[2026-01-16T10:18:06.513+0000][gc,cpu      ] GC(1456) User=0.29s Sys=0.02s Real=0.34s
[2026-01-16T10:18:07.329+0000][gc,start    ] GC(1457) Pause Young (Normal) (G1 Evacuation Pause)
[2026-01-16T10:18:07.330+0000][gc,task     ] GC(1457) Using 8 workers of 8 for evacuation
[2026-01-16T10:18:07.352+0000][gc,phases   ] GC(1457)   Pre Evacuate Collection Set: 2.0ms
[2026-01-16T10:18:07.353+0000][gc,phases   ] GC(1457)   Merge Heap Roots: 1.4ms
[2026-01-16T10:18:07.354+0000][gc,phases   ] GC(1457)   Evacuate Collection Set: 16.3ms
[2026-01-16T10:18:07.355+0000][gc,phases   ] GC(1457)   Post Evacuate Collection Set: 1.7ms
[2026-01-16T10:18:07.355+0000][gc,phases   ] GC(1457)   Other: 0.5ms
[2026-01-16T10:18:07.358+0000][gc,heap     ] GC(1457) Eden regions: 48->0(47)
[2026-01-16T10:18:07.359+0000][gc,heap     ] GC(1457) Survivor regions: 3->4(7)
[2026-01-16T10:18:07.360+0000][gc,heap     ] GC(1457) Old regions: 243->243
[2026-01-16T10:18:07.360+0000][gc,heap     ] GC(1457) Humongous regions: 167->167
[2026-01-16T10:18:07.360+0000][gc,metaspace] GC(1457) Metaspace: 15889K(16192K)->15889K(16192K) NonClass: 14135K(14272K)->14135K(14272K) Class: 1753K(1920K)->1753K(1920K)
[2026-01-16T10:18:07.361+0000][gc          ] GC(1457) Pause Young (Normal) (G1 Evacuation Pause) 460M->413M(1024M) 31.804ms
[2026-01-16T10:18:07.361+0000][gc,cpu      ] GC(1457) User=0.05s Sys=0.01s Real=0.03s
[2026-01-16T10:18:13.210+0000][gc,start    ] GC(1458) Pause Young (Normal) (G1 Evacuation Pause)
[2026-01-16T10:18:13.211+0000][gc,task     ] GC(1458) Using 8 workers of 8 for evacuation
[2026-01-16T10:18:13.278+0000][gc,phases   ] GC(1458)   Pre Evacuate Collection Set: 9.2ms
[2026-01-16T10:18:13.278+0000][gc,phases   ] GC(1458)   Merge Heap Roots: 0.6ms
[2026-01-16T10:18:13.279+0000][gc,phases   ] GC(1458)   Evacuate Collection Set: 51.3ms
[2026-01-16T10:18:13.279+0000][gc,phases   ] GC(1458)   Post Evacuate Collection Set: 5.1ms
[2026-01-16T10:18:13.279+0000][gc,phases   ] GC(1458)   Other: 0.9ms
[2026-01-16T10:18:13.280+0000][gc,heap     ] GC(1458) Eden regions: 47->0(160)
[2026-01-16T10:18:13.280+0000][gc,heap     ] GC(1458) Survivor regions: 4->2(7)
[2026-01-16T10:18:13.280+0000][gc,heap     ] GC(1458) Old regions: 243->243
[2026-01-16T10:18:13.280+0000][gc,heap     ] GC(1458) Humongous regions: 167->167
[2026-01-16T10:18:13.281+0000][gc,metaspace] GC(1458) Metaspace: 15889K(16192K)->15889K(16192K) NonClass: 14135K(14272K)->14135K(14272K) Class: 1753K(1920K)->1753K(1920K)
[2026-01-16T10:18:13.281+0000][gc          ] GC(1458) Pause Young (Normal) (G1 Evacuation Pause) 460M->411M(1024M) 71.378ms
[2026-01-16T10:18:13.282+0000][gc,cpu      ] GC(1458) User=0.15s Sys=0.02s Real=0.07s
[2026-01-16T10:18:19.447+0000][gc,start    ] GC(1459) Pause Young (Normal) (G1 Evacuation Pause)
[2026-01-16T10:18:19.449+0000][gc,task     ] GC(1459) Using 8 workers of 8 for evacuation
[2026-01-16T10:18:19.838+0000][gc,mmu      ] GC(1459) MMU target violated: 201.0ms (200.0ms/201.0ms)
[2026-01-16T10:18:19.839+0000][gc,phases   ] GC(1459)   Pre Evacuate Collection Set: 56.6ms
[2026-01-16T10:18:19.839+0000][gc,phases   ] GC(1459)   Merge Heap Roots: 8.4ms
[2026-01-16T10:18:19.839+0000][gc,phases   ] GC(1459)   Evacuate Collection Set: 294.5ms
[2026-01-16T10:18:19.840+0000][gc,phases   ] GC(1459)   Post Evacuate Collection Set: 24.4ms
[2026-01-16T10:18:19.840+0000][gc,phases   ] GC(1459)   Other: 6.1ms
[2026-01-16T10:18:19.840+0000][gc,heap     ] GC(1459) Eden regions: 156->0(46)
[2026-01-16T10:18:19.840+0000][gc,heap     ] GC(1459) Survivor regions: 2->5(20)
[2026-01-16T10:18:19.841+0000][gc,heap     ] GC(1459) Old regions: 243->243
[2026-01-16T10:18:19.842+0000][gc,heap     ] GC(1459) Humongous regions: 167->167
[2026-01-16T10:18:19.842+0000][gc,metaspace] GC(1459) Metaspace: 15889K(16192K)->15889K(16192K) NonClass: 14135K(14272K)->14135K(14272K) Class: 1753K(1920K)->1753K(1920K)
[2026-01-16T10:18:19.843+0000][gc          ] GC(1459) Pause Young (Normal) (G1 Evacuation Pause) 567M->413M(1024M) 396.913ms
[2026-01-16T10:18:19.844+0000][gc,cpu      ] GC(1459) User=0.49s Sys=0.03s Real=0.40s
[2026-01-16T10:18:24.015+0000][gc,start    ] GC(1460) Pause Young (Normal) (G1 Evacuation Pause)
[2026-01-16T10:18:24.019+0000][gc,task     ] GC(1460) Using 8 workers of 8 for evacuation
[2026-01-16T10:18:24.192+0000][gc,phases   ] GC(1460)   Pre Evacuate Collection Set: 10.8ms
[2026-01-16T10:18:24.192+0000][gc,phases   ] GC(1460)   Merge Heap Roots: 0.6ms
[2026-01-16T10:18:24.193+0000][gc,phases   ] GC(1460)   Evacuate Collection Set: 155.0ms
[2026-01-16T10:18:24.194+0000][gc,phases   ] GC(1460)   Post Evacuate Collection Set: 5.2ms
[2026-01-16T10:18:24.194+0000][gc,phases   ] GC(1460)   Other: 1.7ms
[2026-01-16T10:18:24.195+0000][gc,heap     ] GC(1460) Eden regions: 46->0(84)
[2026-01-16T10:18:24.196+0000][gc,heap     ] GC(1460) Survivor regions: 5->2(7)
[2026-01-16T10:18:24.196+0000][gc,heap     ] GC(1460) Old regions: 243->244
[2026-01-16T10:18:24.196+0000][gc,heap     ] GC(1460) Humongous regions: 167->167
[2026-01-16T10:18:24.197+0000][gc,metaspace] GC(1460) Metaspace: 15889K(16192K)->15889K(16192K) NonClass: 14135K(14272K)->14135K(14272K) Class: 1753K(1920K)->1753K(1920K)
[2026-01-16T10:18:24.198+0000][gc          ] GC(1460) Pause Young (Normal) (G1 Evacuation Pause) 459M->412M(1024M) 183.304ms
[2026-01-16T10:18:24.200+0000][gc,cpu      ] GC(1460) User=0.15s Sys=0.01s Real=0.19s
[2026-01-16T10:18:27.930+0000][gc,start    ] GC(1461) Pause Young (Normal) (G1 Evacuation Pause)
[2026-01-16T10:18:27.934+0000][gc,task     ] GC(1461) Using 8 workers of 8 for evacuation
[2026-01-16T10:18:28.079+0000][gc,phases   ] GC(1461)   Pre Evacuate Collection Set: 16.3ms
[2026-01-16T10:18:28.080+0000][gc,phases   ] GC(1461)   Merge Heap Roots: 1.3ms
[2026-01-16T10:18:28.081+0000][gc,phases   ] GC(1461)   Evacuate Collection Set: 112.1ms
[2026-01-16T10:18:28.081+0000][gc,phases   ] GC(1461)   Post Evacuate Collection Set: 13.9ms
[2026-01-16T10:18:28.082+0000][gc,phases   ] GC(1461)   Other: 2.4ms
[2026-01-16T10:18:28.082+0000][gc,heap     ] GC(1461) Eden regions: 83->0(47)
[2026-01-16T10:18:28.083+0000][gc,heap     ] GC(1461) Survivor regions: 2->4(11)
[2026-01-16T10:18:28.083+0000][gc,heap     ] GC(1461) Old regions: 244->244
[2026-01-16T10:18:28.083+0000][gc,heap     ] GC(1461) Humongous regions: 167->167
[2026-01-16T10:18:28.084+0000][gc,metaspace] GC(1461) Metaspace: 15889K(16192K)->15889K(16192K) NonClass: 14135K(14272K)->14135K(14272K) Class: 1753K(1920K)->1753K(1920K)
[2026-01-16T10:18:28.089+0000][gc          ] GC(1461) Pause Young (Normal) (G1 Evacuation Pause) 495M->413M(1024M) 158.915ms
[2026-01-16T10:18:28.091+0000][gc,cpu      ] GC(1461) User=0.23s Sys=0.02s Real=0.17s
[2026-01-16T10:18:29.443+0000][gc,start    ] GC(1462) Pause Young (Normal) (G1 Evacuation Pause)
[2026-01-16T10:18:29.446+0000][gc,task     ] GC(1462) Using 8 workers of 8 for evacuation
[2026-01-16T10:18:29.596+0000][gc,phases   ] GC(1462)   Pre Evacuate Collection Set: 6.5ms
[2026-01-16T10:18:29.597+0000][gc,phases   ] GC(1462)   Merge Heap Roots: 2.3ms
[2026-01-16T10:18:29.599+0000][gc,phases   ] GC(1462)   Evacuate Collection Set: 98.8ms
[2026-01-16T10:18:29.599+0000][gc,phases   ] GC(1462)   Post Evacuate Collection Set: 42.0ms
[2026-01-16T10:18:29.599+0000][gc,phases   ] GC(1462)   Other: 1.1ms
[2026-01-16T10:18:29.600+0000][gc,heap     ] GC(1462) Eden regions: 47->0(47)
[2026-01-16T10:18:29.600+0000][gc,heap     ] GC(1462) Survivor regions: 4->4(7)
[2026-01-16T10:18:29.601+0000][gc,heap     ] GC(1462) Old regions: 244->244
[2026-01-16T10:18:29.601+0000][gc,heap     ] GC(1462) Humongous regions: 167->167
[2026-01-16T10:18:29.601+0000][gc,metaspace] GC(1462) Metaspace: 15889K(16192K)->15889K(16192K) NonClass: 14135K(14272K)->14135K(14272K) Class: 1753K(1920K)->1753K(1920K)
[2026-01-16T10:18:29.602+0000][gc          ] GC(1462) Pause Young (Normal) (G1 Evacuation Pause) 460M->414M(1024M) 158.477ms
[2026-01-16T10:18:29.603+0000][gc,cpu      ] GC(1462) User=0.10s Sys=0.00s Real=0.16s
[2026-01-16T10:18:34.752+0000][gc,start    ] GC(1463) Pause Young (Normal) (G1 Evacuation Pause)
[2026-01-16T10:18:34.754+0000][gc,task     ] GC(1463) Using 8 workers of 8 for evacuation
[2026-01-16T10:18:34.955+0000][gc,mmu      ] GC(1463) MMU target violated: 200.5ms (200.0ms/201.0ms)
[2026-01-16T10:18:34.956+0000][gc,phases   ] GC(1463)   Pre Evacuate Collection Set: 34.1ms
[2026-01-16T10:18:34.957+0000][gc,phases   ] GC(1463)   Merge Heap Roots: 2.6ms
[2026-01-16T10:18:34.957+0000][gc,phases   ] GC(1463)   Evacuate Collection Set: 120.9ms
[2026-01-16T10:18:34.959+0000][gc,phases   ] GC(1463)   Post Evacuate Collection Set: 41.0ms
[2026-01-16T10:18:34.960+0000][gc,phases   ] GC(1463)   Other: 4.1ms
[2026-01-16T10:18:34.960+0000][gc,heap     ] GC(1463) Eden regions: 47->0(88)
[2026-01-16T10:18:34.961+0000][gc,heap     ] GC(1463) Survivor regions: 4->3(7)
[2026-01-16T10:18:34.961+0000][gc,heap     ] GC(1463) Old regions: 244->244
[2026-01-16T10:18:34.962+0000][gc,heap     ] GC(1463) Humongous regions: 167->167
[2026-01-16T10:18:34.962+0000][gc,metaspace] GC(1463) Metaspace: 15889K(16192K)->15889K(16192K) NonClass: 14135K(14272K)->14135K(14272K) Class: 1753K(1920K)->1753K(1920K)
[2026-01-16T10:18:34.963+0000][gc          ] GC(1463) Pause Young (Normal) (G1 Evacuation Pause) 461M->412M(1024M) 210.325ms
[2026-01-16T10:18:34.964+0000][gc,cpu      ] GC(1463) User=0.21s Sys=0.02s Real=0.21s
[2026-01-16T10:18:39.395+0000][gc,start    ] GC(1464) Pause Young (Normal) (G1 Evacuation Pause)
[2026-01-16T10:18:39.400+0000][gc,task     ] GC(1464) Using 8 workers of 8 for evacuation
[2026-01-16T10:18:40.157+0000][gc,mmu      ] GC(1464) MMU target violated: 201.0ms (200.0ms/201.0ms)
[2026-01-16T10:18:40.160+0000][gc,phases   ] GC(1464)   Pre Evacuate Collection Set: 56.4ms
[2026-01-16T10:18:40.160+0000][gc,phases   ] GC(1464)   Merge Heap Roots: 6.5ms
[2026-01-16T10:18:40.160+0000][gc,phases   ] GC(1464)   Evacuate Collection Set: 657.6ms
[2026-01-16T10:18:40.161+0000][gc,phases   ] GC(1464)   Post Evacuate Collection Set: 33.0ms
[2026-01-16T10:18:40.161+0000][gc,phases   ] GC(1464)   Other: 7.7ms
[2026-01-16T10:18:40.164+0000][gc,heap     ] GC(1464) Eden regions: 90->0(47)
[2026-01-16T10:18:40.166+0000][gc,heap     ] GC(1464) Survivor regions: 3->4(12)
[2026-01-16T10:18:40.167+0000][gc,heap     ] GC(1464) Old regions: 244->244
