[2026-01-16T08:12:35.584+0000][gc,init] CardTable entry size: 512
[2026-01-16T08:12:35.747+0000][gc     ] Using G1
[2026-01-16T08:12:35.926+0000][gc,init] Version: 21.0.4+7-LTS (release)
[2026-01-16T08:12:35.928+0000][gc,init] CPUs: 8 total, 8 available
[2026-01-16T08:12:35.930+0000][gc,init] Memory: 15972M
[2026-01-16T08:12:35.930+0000][gc,init] Large Page Support: Disabled
[2026-01-16T08:12:35.930+0000][gc,init] NUMA Support: Disabled
[2026-01-16T08:12:35.930+0000][gc,init] Compressed Oops: Enabled (32-bit)
[2026-01-16T08:12:35.930+0000][gc,init] Heap Region Size: 1M
[2026-01-16T08:12:35.930+0000][gc,init] Heap Min Capacity: 1G
[2026-01-16T08:12:35.930+0000][gc,init] Heap Initial Capacity: 1G
[2026-01-16T08:12:35.931+0000][gc,init] Heap Max Capacity: 1G
[2026-01-16T08:12:35.931+0000][gc,init] Pre-touch: Disabled
[2026-01-16T08:12:35.931+0000][gc,init] Parallel Workers: 8
[2026-01-16T08:12:35.931+0000][gc,init] Concurrent Workers: 2
[2026-01-16T08:12:35.931+0000][gc,init] Concurrent Refinement Workers: 8
[2026-01-16T08:12:35.931+0000][gc,init] Periodic GC: Disabled
[2026-01-16T08:12:38.893+0000][gc,metaspace] CDS archive(s) mapped at: [0x000000c800000000-0x000000c800bd0000-0x000000c8036b0000), size 57344000, SharedBaseAddress: 0x000000c800000000, ArchiveRelocationMode: 1.
[2026-01-16T08:12:38.896+0000][gc,metaspace] Compressed class space mapped at: 0x000000c804000000-0x000000c844000000, reserved size: 1073741824
[2026-01-16T08:12:38.897+0000][gc,metaspace] Narrow klass base: 0x000000c800000000, Narrow klass shift: 0, Narrow klass range: 0x100000000
[2026-01-16T08:13:02.942+0000][gc,start    ] GC(0) Pause Young (Normal) (G1 Evacuation Pause)
[2026-01-16T08:13:03.017+0000][gc,task     ] GC(0) Using 8 workers of 8 for evacuation
[2026-01-16T08:13:04.314+0000][gc,mmu      ] GC(0) MMU target violated: 201.0ms (200.0ms/201.0ms)
[2026-01-16T08:13:04.315+0000][gc,phases   ] GC(0)   Pre Evacuate Collection Set: 66.8ms
[2026-01-16T08:13:04.315+0000][gc,phases   ] GC(0)   Merge Heap Roots: 11.7ms
[2026-01-16T08:13:04.315+0000][gc,phases   ] GC(0)   Evacuate Collection Set: 1150.8ms
[2026-01-16T08:13:04.317+0000][gc,phases   ] GC(0)   Post Evacuate Collection Set: 27.3ms
[2026-01-16T08:13:04.318+0000][gc,phases   ] GC(0)   Other: 112.8ms
[2026-01-16T08:13:04.321+0000][gc,heap     ] GC(0) Eden regions: 51->0(44)
[2026-01-16T08:13:04.321+0000][gc,heap     ] GC(0) Survivor regions: 0->7(7)
[2026-01-16T08:13:04.321+0000][gc,heap     ] GC(0) Old regions: 1->3
[2026-01-16T08:13:04.322+0000][gc,heap     ] GC(0) Humongous regions: 4->4
[2026-01-16T08:13:04.323+0000][gc,metaspace] GC(0) Metaspace: 4992K(5248K)->4992K(5248K) NonClass: 4466K(4608K)->4466K(4608K) Class: 525K(640K)->525K(640K)
[2026-01-16T08:13:04.324+0000][gc          ] GC(0) Pause Young (Normal) (G1 Evacuation Pause) 55M->13M(1024M) 1381.784ms
[2026-01-16T08:13:04.324+0000][gc,cpu      ] GC(0) User=0.32s Sys=0.33s Real=1.38s
[2026-01-16T08:13:15.130+0000][gc,start    ] GC(1) Pause Young (Normal) (G1 Evacuation Pause)
[2026-01-16T08:13:15.131+0000][gc,task     ] GC(1) Using 8 workers of 8 for evacuation
[2026-01-16T08:13:15.982+0000][gc,mmu      ] GC(1) MMU target violated: 201.0ms (200.0ms/201.0ms)
[2026-01-16T08:13:15.987+0000][gc,phases   ] GC(1)   Pre Evacuate Collection Set: 15.7ms
[2026-01-16T08:13:15.991+0000][gc,phases   ] GC(1)   Merge Heap Roots: 1.6ms
[2026-01-16T08:13:15.994+0000][gc,phases   ] GC(1)   Evacuate Collection Set: 795.7ms
[2026-01-16T08:13:15.994+0000][gc,phases   ] GC(1)   Post Evacuate Collection Set: 37.1ms
[2026-01-16T08:13:15.994+0000][gc,phases   ] GC(1)   Other: 6.0ms
[2026-01-16T08:13:15.994+0000][gc,heap     ] GC(1) Eden regions: 44->0(46)
[2026-01-16T08:13:15.994+0000][gc,heap     ] GC(1) Survivor regions: 7->5(7)
[2026-01-16T08:13:15.994+0000][gc,heap     ] GC(1) Old regions: 3->10
[2026-01-16T08:13:15.994+0000][gc,heap     ] GC(1) Humongous regions: 4->4
[2026-01-16T08:13:15.995+0000][gc,metaspace] GC(1) Metaspace: 7241K(7552K)->7241K(7552K) NonClass: 6422K(6592K)->6422K(6592K) Class: 818K(960K)->818K(960K)
[2026-01-16T08:13:16.000+0000][gc          ] GC(1) Pause Young (Normal) (G1 Evacuation Pause) 57M->17M(1024M) 869.969ms
[2026-01-16T08:13:16.007+0000][gc,cpu      ] GC(1) User=0.30s Sys=0.12s Real=0.87s
[2026-01-16T08:13:21.786+0000][gc,start    ] GC(2) Pause Young (Normal) (G1 Evacuation Pause)
[2026-01-16T08:13:21.800+0000][gc,task     ] GC(2) Using 8 workers of 8 for evacuation
[2026-01-16T08:13:22.150+0000][gc,mmu      ] GC(2) MMU target violated: 201.0ms (200.0ms/201.0ms)
[2026-01-16T08:13:22.151+0000][gc,phases   ] GC(2)   Pre Evacuate Collection Set: 10.0ms
[2026-01-16T08:13:22.151+0000][gc,phases   ] GC(2)   Merge Heap Roots: 2.5ms
[2026-01-16T08:13:22.152+0000][gc,phases   ] GC(2)   Evacuate Collection Set: 325.8ms
[2026-01-16T08:13:22.153+0000][gc,phases   ] GC(2)   Post Evacuate Collection Set: 9.8ms
[2026-01-16T08:13:22.154+0000][gc,phases   ] GC(2)   Other: 2.3ms
[2026-01-16T08:13:22.155+0000][gc,heap     ] GC(2) Eden regions: 46->0(46)
[2026-01-16T08:13:22.155+0000][gc,heap     ] GC(2) Survivor regions: 5->5(7)
[2026-01-16T08:13:22.158+0000][gc,heap     ] GC(2) Old regions: 10->14
[2026-01-16T08:13:22.161+0000][gc,heap     ] GC(2) Humongous regions: 4->4
[2026-01-16T08:13:22.163+0000][gc,metaspace] GC(2) Metaspace: 7995K(8256K)->7995K(8256K) NonClass: 7076K(7232K)->7076K(7232K) Class: 919K(1024K)->919K(1024K)
[2026-01-16T08:13:22.165+0000][gc          ] GC(2) Pause Young (Normal) (G1 Evacuation Pause) 63M->21M(1024M) 379.373ms
[2026-01-16T08:13:22.165+0000][gc,cpu      ] GC(2) User=0.23s Sys=0.06s Real=0.38s
[2026-01-16T08:13:31.931+0000][gc,start    ] GC(3) Pause Young (Normal) (G1 Evacuation Pause)
[2026-01-16T08:13:31.932+0000][gc,task     ] GC(3) Using 8 workers of 8 for evacuation
[2026-01-16T08:13:32.054+0000][gc,phases   ] GC(3)   Pre Evacuate Collection Set: 13.7ms
[2026-01-16T08:13:32.056+0000][gc,phases   ] GC(3)   Merge Heap Roots: 0.4ms
[2026-01-16T08:13:32.056+0000][gc,phases   ] GC(3)   Evacuate Collection Set: 106.5ms
[2026-01-16T08:13:32.056+0000][gc,phases   ] GC(3)   Post Evacuate Collection Set: 1.5ms
[2026-01-16T08:13:32.056+0000][gc,phases   ] GC(3)   Other: 0.4ms
[2026-01-16T08:13:32.057+0000][gc,heap     ] GC(3) Eden regions: 46->0(48)
[2026-01-16T08:13:32.057+0000][gc,heap     ] GC(3) Survivor regions: 5->3(7)
[2026-01-16T08:13:32.057+0000][gc,heap     ] GC(3) Old regions: 14->18
[2026-01-16T08:13:32.057+0000][gc,heap     ] GC(3) Humongous regions: 133->133
[2026-01-16T08:13:32.057+0000][gc,metaspace] GC(3) Metaspace: 8576K(8896K)->8576K(8896K) NonClass: 7543K(7744K)->7543K(7744K) Class: 1033K(1152K)->1033K(1152K)
[2026-01-16T08:13:32.066+0000][gc          ] GC(3) Pause Young (Normal) (G1 Evacuation Pause) 196M->152M(1024M) 135.033ms
[2026-01-16T08:13:32.090+0000][gc,cpu      ] GC(3) User=0.11s Sys=0.04s Real=0.14s
[2026-01-16T08:13:34.172+0000][gc,start    ] GC(4) Pause Young (Normal) (G1 Evacuation Pause)
[2026-01-16T08:13:34.180+0000][gc,task     ] GC(4) Using 8 workers of 8 for evacuation
[2026-01-16T08:13:34.430+0000][gc,mmu      ] GC(4) MMU target violated: 201.0ms (200.0ms/201.0ms)
[2026-01-16T08:13:34.465+0000][gc,phases   ] GC(4)   Pre Evacuate Collection Set: 11.1ms
[2026-01-16T08:13:34.469+0000][gc,phases   ] GC(4)   Merge Heap Roots: 0.8ms
[2026-01-16T08:13:34.473+0000][gc,phases   ] GC(4)   Evacuate Collection Set: 200.0ms
[2026-01-16T08:13:34.475+0000][gc,phases   ] GC(4)   Post Evacuate Collection Set: 19.2ms
[2026-01-16T08:13:34.476+0000][gc,phases   ] GC(4)   Other: 56.5ms
[2026-01-16T08:13:34.477+0000][gc,heap     ] GC(4) Eden regions: 48->0(47)
[2026-01-16T08:13:34.478+0000][gc,heap     ] GC(4) Survivor regions: 3->4(7)
[2026-01-16T08:13:34.480+0000][gc,heap     ] GC(4) Old regions: 18->18
[2026-01-16T08:13:34.481+0000][gc,heap     ] GC(4) Humongous regions: 133->133
[2026-01-16T08:13:34.482+0000][gc,metaspace] GC(4) Metaspace: 8804K(9088K)->8804K(9088K) NonClass: 7723K(7872K)->7723K(7872K) Class: 1080K(1216K)->1080K(1216K)
[2026-01-16T08:13:34.486+0000][gc          ] GC(4) Pause Young (Normal) (G1 Evacuation Pause) 200M->153M(1024M) 314.015ms
[2026-01-16T08:13:34.489+0000][gc,cpu      ] GC(4) User=0.10s Sys=0.00s Real=0.31s
[2026-01-16T08:13:36.549+0000][gc,start    ] GC(5) Pause Young (Normal) (G1 Evacuation Pause)
[2026-01-16T08:13:36.554+0000][gc,task     ] GC(5) Using 8 workers of 8 for evacuation
[2026-01-16T08:13:36.698+0000][gc,phases   ] GC(5)   Pre Evacuate Collection Set: 23.6ms
[2026-01-16T08:13:36.699+0000][gc,phases   ] GC(5)   Merge Heap Roots: 0.5ms
[2026-01-16T08:13:36.699+0000][gc,phases   ] GC(5)   Evacuate Collection Set: 112.0ms
[2026-01-16T08:13:36.701+0000][gc,phases   ] GC(5)   Post Evacuate Collection Set: 2.0ms
[2026-01-16T08:13:36.701+0000][gc,phases   ] GC(5)   Other: 7.9ms
[2026-01-16T08:13:36.702+0000][gc,heap     ] GC(5) Eden regions: 47->0(47)
[2026-01-16T08:13:36.702+0000][gc,heap     ] GC(5) Survivor regions: 4->4(7)
[2026-01-16T08:13:36.703+0000][gc,heap     ] GC(5) Old regions: 18->18
[2026-01-16T08:13:36.703+0000][gc,heap     ] GC(5) Humongous regions: 133->133
[2026-01-16T08:13:36.703+0000][gc,metaspace] GC(5) Metaspace: 8856K(9088K)->8856K(9088K) NonClass: 7768K(7872K)->7768K(7872K) Class: 1088K(1216K)->1088K(1216K)
[2026-01-16T08:13:36.705+0000][gc          ] GC(5) Pause Young (Normal) (G1 Evacuation Pause) 200M->154M(1024M) 155.899ms
[2026-01-16T08:13:36.705+0000][gc,cpu      ] GC(5) User=0.09s Sys=0.00s Real=0.15s
[2026-01-16T08:13:38.476+0000][gc,start    ] GC(6) Pause Young (Normal) (G1 Evacuation Pause)
[2026-01-16T08:13:38.480+0000][gc,task     ] GC(6) Using 8 workers of 8 for evacuation
[2026-01-16T08:13:38.679+0000][gc,phases   ] GC(6)   Pre Evacuate Collection Set: 30.3ms
[2026-01-16T08:13:38.680+0000][gc,phases   ] GC(6)   Merge Heap Roots: 2.2ms
[2026-01-16T08:13:38.680+0000][gc,phases   ] GC(6)   Evacuate Collection Set: 158.2ms
[2026-01-16T08:13:38.680+0000][gc,phases   ] GC(6)   Post Evacuate Collection Set: 3.5ms
[2026-01-16T08:13:38.683+0000][gc,phases   ] GC(6)   Other: 5.2ms
[2026-01-16T08:13:38.684+0000][gc,heap     ] GC(6) Eden regions: 47->0(48)
[2026-01-16T08:13:38.684+0000][gc,heap     ] GC(6) Survivor regions: 4->3(7)
[2026-01-16T08:13:38.685+0000][gc,heap     ] GC(6) Old regions: 18->20
[2026-01-16T08:13:38.686+0000][gc,heap     ] GC(6) Humongous regions: 133->133
[2026-01-16T08:13:38.687+0000][gc,metaspace] GC(6) Metaspace: 8929K(9216K)->8929K(9216K) NonClass: 7832K(8000K)->7832K(8000K) Class: 1097K(1216K)->1097K(1216K)
[2026-01-16T08:13:38.690+0000][gc          ] GC(6) Pause Young (Normal) (G1 Evacuation Pause) 201M->155M(1024M) 213.787ms
[2026-01-16T08:13:38.692+0000][gc,cpu      ] GC(6) User=0.11s Sys=0.01s Real=0.22s
[2026-01-16T08:13:39.574+0000][gc,start    ] GC(7) Pause Young (Normal) (G1 Evacuation Pause)
[2026-01-16T08:13:39.575+0000][gc,task     ] GC(7) Using 8 workers of 8 for evacuation
[2026-01-16T08:13:39.664+0000][gc,phases   ] GC(7)   Pre Evacuate Collection Set: 4.6ms
[2026-01-16T08:13:39.666+0000][gc,phases   ] GC(7)   Merge Heap Roots: 4.5ms
[2026-01-16T08:13:39.667+0000][gc,phases   ] GC(7)   Evacuate Collection Set: 76.8ms
[2026-01-16T08:13:39.670+0000][gc,phases   ] GC(7)   Post Evacuate Collection Set: 2.4ms
[2026-01-16T08:13:39.681+0000][gc,phases   ] GC(7)   Other: 0.9ms
[2026-01-16T08:13:39.681+0000][gc,heap     ] GC(7) Eden regions: 48->0(47)
[2026-01-16T08:13:39.681+0000][gc,heap     ] GC(7) Survivor regions: 3->4(7)
[2026-01-16T08:13:39.681+0000][gc,heap     ] GC(7) Old regions: 20->20
[2026-01-16T08:13:39.684+0000][gc,heap     ] GC(7) Humongous regions: 135->135
[2026-01-16T08:13:39.684+0000][gc,metaspace] GC(7) Metaspace: 8986K(9216K)->8986K(9216K) NonClass: 7881K(8000K)->7881K(8000K) Class: 1104K(1216K)->1104K(1216K)
[2026-01-16T08:13:39.685+0000][gc          ] GC(7) Pause Young (Normal) (G1 Evacuation Pause) 205M->157M(1024M) 110.630ms
[2026-01-16T08:13:39.685+0000][gc,cpu      ] GC(7) User=0.05s Sys=0.00s Real=0.11s
[2026-01-16T08:13:42.131+0000][gc,start    ] GC(8) Pause Young (Normal) (G1 Evacuation Pause)
[2026-01-16T08:13:42.133+0000][gc,task     ] GC(8) Using 8 workers of 8 for evacuation
[2026-01-16T08:13:42.505+0000][gc,mmu      ] GC(8) MMU target violated: 201.0ms (200.0ms/201.0ms)
[2026-01-16T08:13:42.507+0000][gc,phases   ] GC(8)   Pre Evacuate Collection Set: 23.7ms
[2026-01-16T08:13:42.517+0000][gc,phases   ] GC(8)   Merge Heap Roots: 7.4ms
[2026-01-16T08:13:42.517+0000][gc,phases   ] GC(8)   Evacuate Collection Set: 266.8ms
[2026-01-16T08:13:42.518+0000][gc,phases   ] GC(8)   Post Evacuate Collection Set: 2.2ms
[2026-01-16T08:13:42.518+0000][gc,phases   ] GC(8)   Other: 73.7ms
[2026-01-16T08:13:42.518+0000][gc,heap     ] GC(8) Eden regions: 47->0(46)
[2026-01-16T08:13:42.519+0000][gc,heap     ] GC(8) Survivor regions: 4->5(7)
[2026-01-16T08:13:42.519+0000][gc,heap     ] GC(8) Old regions: 20->20
[2026-01-16T08:13:42.521+0000][gc,heap     ] GC(8) Humongous regions: 135->135
[2026-01-16T08:13:42.522+0000][gc,metaspace] GC(8) Metaspace: 9014K(9280K)->9014K(9280K) NonClass: 7907K(8064K)->7907K(8064K) Class: 1106K(1216K)->1106K(1216K)
[2026-01-16T08:13:42.523+0000][gc          ] GC(8) Pause Young (Normal) (G1 Evacuation Pause) 204M->158M(1024M) 392.223ms
[2026-01-16T08:13:42.523+0000][gc,cpu      ] GC(8) User=0.14s Sys=0.03s Real=0.41s
[2026-01-16T08:13:45.060+0000][gc,start    ] GC(9) Pause Young (Normal) (G1 Evacuation Pause)
[2026-01-16T08:13:45.069+0000][gc,task     ] GC(9) Using 8 workers of 8 for evacuation
[2026-01-16T08:13:45.309+0000][gc,mmu      ] GC(9) MMU target violated: 201.0ms (200.0ms/201.0ms)
[2026-01-16T08:13:45.311+0000][gc,phases   ] GC(9)   Pre Evacuate Collection Set: 25.2ms
[2026-01-16T08:13:45.312+0000][gc,phases   ] GC(9)   Merge Heap Roots: 13.3ms
[2026-01-16T08:13:45.312+0000][gc,phases   ] GC(9)   Evacuate Collection Set: 190.8ms
[2026-01-16T08:13:45.313+0000][gc,phases   ] GC(9)   Post Evacuate Collection Set: 10.0ms
[2026-01-16T08:13:45.314+0000][gc,phases   ] GC(9)   Other: 3.4ms
[2026-01-16T08:13:45.315+0000][gc,heap     ] GC(9) Eden regions: 46->0(47)
[2026-01-16T08:13:45.315+0000][gc,heap     ] GC(9) Survivor regions: 5->4(7)
[2026-01-16T08:13:45.316+0000][gc,heap     ] GC(9) Old regions: 20->21
[2026-01-16T08:13:45.317+0000][gc,heap     ] GC(9) Humongous regions: 135->135
[2026-01-16T08:13:45.319+0000][gc,metaspace] GC(9) Metaspace: 9095K(9408K)->9095K(9408K) NonClass: 7980K(8192K)->7980K(8192K) Class: 1115K(1216K)->1115K(1216K)
[2026-01-16T08:13:45.319+0000][gc          ] GC(9) Pause Young (Normal) (G1 Evacuation Pause) 204M->159M(1024M) 259.260ms
[2026-01-16T08:13:45.320+0000][gc,cpu      ] GC(9) User=0.09s Sys=0.01s Real=0.26s
[2026-01-16T08:13:47.066+0000][gc,start    ] GC(10) Pause Young (Normal) (G1 Evacuation Pause)
[2026-01-16T08:13:47.069+0000][gc,task     ] GC(10) Using 8 workers of 8 for evacuation
[2026-01-16T08:13:47.377+0000][gc,mmu      ] GC(10) MMU target violated: 201.0ms (200.0ms/201.0ms)
[2026-01-16T08:13:47.382+0000][gc,phases   ] GC(10)   Pre Evacuate Collection Set: 77.5ms
[2026-01-16T08:13:47.386+0000][gc,phases   ] GC(10)   Merge Heap Roots: 41.8ms
[2026-01-16T08:13:47.414+0000][gc,phases   ] GC(10)   Evacuate Collection Set: 186.0ms
[2026-01-16T08:13:47.414+0000][gc,phases   ] GC(10)   Post Evacuate Collection Set: 1.6ms
[2026-01-16T08:13:47.414+0000][gc,phases   ] GC(10)   Other: 6.9ms
[2026-01-16T08:13:47.418+0000][gc,heap     ] GC(10) Eden regions: 47->0(47)
[2026-01-16T08:13:47.419+0000][gc,heap     ] GC(10) Survivor regions: 4->4(7)
[2026-01-16T08:13:47.419+0000][gc,heap     ] GC(10) Old regions: 21->22
[2026-01-16T08:13:47.419+0000][gc,heap     ] GC(10) Humongous regions: 135->135
[2026-01-16T08:13:47.419+0000][gc,metaspace] GC(10) Metaspace: 9135K(9408K)->9135K(9408K) NonClass: 8016K(8192K)->8016K(8192K) Class: 1118K(1216K)->1118K(1216K)
[2026-01-16T08:13:47.420+0000][gc          ] GC(10) Pause Young (Normal) (G1 Evacuation Pause) 206M->160M(1024M) 354.360ms
[2026-01-16T08:13:47.421+0000][gc,cpu      ] GC(10) User=0.10s Sys=0.02s Real=0.36s
[2026-01-16T08:13:49.164+0000][gc,start    ] GC(11) Pause Young (Normal) (G1 Evacuation Pause)
[2026-01-16T08:13:49.180+0000][gc,task     ] GC(11) Using 8 workers of 8 for evacuation
[2026-01-16T08:13:49.343+0000][gc,phases   ] GC(11)   Pre Evacuate Collection Set: 26.0ms
[2026-01-16T08:13:49.346+0000][gc,phases   ] GC(11)   Merge Heap Roots: 7.7ms
[2026-01-16T08:13:49.349+0000][gc,phases   ] GC(11)   Evacuate Collection Set: 127.3ms
[2026-01-16T08:13:49.350+0000][gc,phases   ] GC(11)   Post Evacuate Collection Set: 1.2ms
[2026-01-16T08:13:49.353+0000][gc,phases   ] GC(11)   Other: 1.3ms
[2026-01-16T08:13:49.355+0000][gc,heap     ] GC(11) Eden regions: 47->0(46)
[2026-01-16T08:13:49.364+0000][gc,heap     ] GC(11) Survivor regions: 4->5(7)
[2026-01-16T08:13:49.368+0000][gc,heap     ] GC(11) Old regions: 22->22
[2026-01-16T08:13:49.370+0000][gc,heap     ] GC(11) Humongous regions: 135->135
[2026-01-16T08:13:49.372+0000][gc,metaspace] GC(11) Metaspace: 9148K(9408K)->9148K(9408K) NonClass: 8029K(8192K)->8029K(8192K) Class: 1118K(1216K)->1118K(1216K)
[2026-01-16T08:13:49.377+0000][gc          ] GC(11) Pause Young (Normal) (G1 Evacuation Pause) 207M->160M(1024M) 211.798ms
[2026-01-16T08:13:49.378+0000][gc,cpu      ] GC(11) User=0.12s Sys=0.02s Real=0.21s
[2026-01-16T08:13:50.290+0000][gc,start    ] GC(12) Pause Young (Normal) (G1 Evacuation Pause)
[2026-01-16T08:13:50.340+0000][gc,task     ] GC(12) Using 8 workers of 8 for evacuation
[2026-01-16T08:13:50.761+0000][gc,mmu      ] GC(12) MMU target violated: 201.0ms (200.0ms/201.0ms)
[2026-01-16T08:13:50.772+0000][gc,phases   ] GC(12)   Pre Evacuate Collection Set: 36.6ms
[2026-01-16T08:13:50.772+0000][gc,phases   ] GC(12)   Merge Heap Roots: 3.9ms
[2026-01-16T08:13:50.775+0000][gc,phases   ] GC(12)   Evacuate Collection Set: 325.8ms
[2026-01-16T08:13:50.776+0000][gc,phases   ] GC(12)   Post Evacuate Collection Set: 30.9ms
[2026-01-16T08:13:50.779+0000][gc,phases   ] GC(12)   Other: 35.2ms
[2026-01-16T08:13:50.780+0000][gc,heap     ] GC(12) Eden regions: 46->0(46)
[2026-01-16T08:13:50.780+0000][gc,heap     ] GC(12) Survivor regions: 5->5(7)
[2026-01-16T08:13:50.780+0000][gc,heap     ] GC(12) Old regions: 22->23
[2026-01-16T08:13:50.780+0000][gc,heap     ] GC(12) Humongous regions: 135->135
[2026-01-16T08:13:50.786+0000][gc,metaspace] GC(12) Metaspace: 9168K(9472K)->9168K(9472K) NonClass: 8048K(8192K)->8048K(8192K) Class: 1120K(1280K)->1120K(1280K)
[2026-01-16T08:13:50.799+0000][gc          ] GC(12) Pause Young (Normal) (G1 Evacuation Pause) 206M->161M(1024M) 509.688ms
[2026-01-16T08:13:50.802+0000][gc,cpu      ] GC(12) User=0.08s Sys=0.03s Real=0.51s
[2026-01-16T08:13:52.592+0000][gc,start    ] GC(13) Pause Young (Normal) (G1 Evacuation Pause)
[2026-01-16T08:13:52.598+0000][gc,task     ] GC(13) Using 8 workers of 8 for evacuation
[2026-01-16T08:13:52.667+0000][gc,phases   ] GC(13)   Pre Evacuate Collection Set: 5.9ms
[2026-01-16T08:13:52.669+0000][gc,phases   ] GC(13)   Merge Heap Roots: 2.2ms
[2026-01-16T08:13:52.670+0000][gc,phases   ] GC(13)   Evacuate Collection Set: 56.7ms
[2026-01-16T08:13:52.670+0000][gc,phases   ] GC(13)   Post Evacuate Collection Set: 3.5ms
[2026-01-16T08:13:52.671+0000][gc,phases   ] GC(13)   Other: 1.1ms
[2026-01-16T08:13:52.672+0000][gc,heap     ] GC(13) Eden regions: 46->0(106)
[2026-01-16T08:13:52.675+0000][gc,heap     ] GC(13) Survivor regions: 5->3(7)
[2026-01-16T08:13:52.676+0000][gc,heap     ] GC(13) Old regions: 23->23
[2026-01-16T08:13:52.677+0000][gc,heap     ] GC(13) Humongous regions: 135->135
[2026-01-16T08:13:52.677+0000][gc,metaspace] GC(13) Metaspace: 9256K(9536K)->9256K(9536K) NonClass: 8115K(8256K)->8115K(8256K) Class: 1140K(1280K)->1140K(1280K)
[2026-01-16T08:13:52.683+0000][gc          ] GC(13) Pause Young (Normal) (G1 Evacuation Pause) 207M->159M(1024M) 90.724ms
[2026-01-16T08:13:52.688+0000][gc,cpu      ] GC(13) User=0.07s Sys=0.00s Real=0.09s
[2026-01-16T08:14:04.261+0000][gc,start    ] GC(14) Pause Young (Normal) (G1 Evacuation Pause)
[2026-01-16T08:14:04.262+0000][gc,task     ] GC(14) Using 8 workers of 8 for evacuation
[2026-01-16T08:14:04.385+0000][gc,phases   ] GC(14)   Pre Evacuate Collection Set: 28.7ms
[2026-01-16T08:14:04.386+0000][gc,phases   ] GC(14)   Merge Heap Roots: 3.4ms
[2026-01-16T08:14:04.386+0000][gc,phases   ] GC(14)   Evacuate Collection Set: 82.8ms
[2026-01-16T08:14:04.386+0000][gc,phases   ] GC(14)   Post Evacuate Collection Set: 2.2ms
[2026-01-16T08:14:04.386+0000][gc,phases   ] GC(14)   Other: 6.3ms
[2026-01-16T08:14:04.387+0000][gc,heap     ] GC(14) Eden regions: 113->0(612)
[2026-01-16T08:14:04.387+0000][gc,heap     ] GC(14) Survivor regions: 3->2(15)
[2026-01-16T08:14:04.390+0000][gc,heap     ] GC(14) Old regions: 23->23
[2026-01-16T08:14:04.390+0000][gc,heap     ] GC(14) Humongous regions: 135->135
[2026-01-16T08:14:04.391+0000][gc,metaspace] GC(14) Metaspace: 9358K(9664K)->9358K(9664K) NonClass: 8217K(8384K)->8217K(8384K) Class: 1141K(1280K)->1141K(1280K)
[2026-01-16T08:14:04.392+0000][gc          ] GC(14) Pause Young (Normal) (G1 Evacuation Pause) 272M->159M(1024M) 130.531ms
[2026-01-16T08:14:04.392+0000][gc,cpu      ] GC(14) User=0.07s Sys=0.02s Real=0.13s
[2026-01-16T08:14:50.378+0000][gc,start    ] GC(15) Pause Young (Normal) (G1 Evacuation Pause)
[2026-01-16T08:14:50.383+0000][gc,task     ] GC(15) Using 8 workers of 8 for evacuation
[2026-01-16T08:14:52.377+0000][gc,mmu      ] GC(15) MMU target violated: 201.0ms (200.0ms/201.0ms)
[2026-01-16T08:14:52.379+0000][gc,phases   ] GC(15)   Pre Evacuate Collection Set: 80.1ms
[2026-01-16T08:14:52.379+0000][gc,phases   ] GC(15)   Merge Heap Roots: 17.5ms
[2026-01-16T08:14:52.379+0000][gc,phases   ] GC(15)   Evacuate Collection Set: 1800.9ms
[2026-01-16T08:14:52.380+0000][gc,phases   ] GC(15)   Post Evacuate Collection Set: 56.0ms
[2026-01-16T08:14:52.380+0000][gc,phases   ] GC(15)   Other: 43.0ms
[2026-01-16T08:14:52.381+0000][gc,heap     ] GC(15) Eden regions: 612->0(46)
[2026-01-16T08:14:52.381+0000][gc,heap     ] GC(15) Survivor regions: 2->5(77)
[2026-01-16T08:14:52.381+0000][gc,heap     ] GC(15) Old regions: 23->23
[2026-01-16T08:14:52.381+0000][gc,heap     ] GC(15) Humongous regions: 135->135
[2026-01-16T08:14:52.381+0000][gc,metaspace] GC(15) Metaspace: 10030K(10368K)->10030K(10368K) NonClass: 8788K(8960K)->8788K(8960K) Class: 1241K(1408K)->1241K(1408K)
[2026-01-16T08:14:52.382+0000][gc          ] GC(15) Pause Young (Normal) (G1 Evacuation Pause) 771M->161M(1024M) 2004.349ms
[2026-01-16T08:14:52.383+0000][gc,cpu      ] GC(15) User=0.89s Sys=0.22s Real=2.00s
[2026-01-16T08:14:55.690+0000][gc,start    ] GC(16) Pause Young (Normal) (G1 Evacuation Pause)
[2026-01-16T08:14:55.691+0000][gc,task     ] GC(16) Using 8 workers of 8 for evacuation
[2026-01-16T08:14:56.036+0000][gc,mmu      ] GC(16) MMU target violated: 201.0ms (200.0ms/201.0ms)
[2026-01-16T08:14:56.037+0000][gc,phases   ] GC(16)   Pre Evacuate Collection Set: 67.8ms
[2026-01-16T08:14:56.046+0000][gc,phases   ] GC(16)   Merge Heap Roots: 14.4ms
[2026-01-16T08:14:56.047+0000][gc,phases   ] GC(16)   Evacuate Collection Set: 236.4ms
[2026-01-16T08:14:56.054+0000][gc,phases   ] GC(16)   Post Evacuate Collection Set: 24.8ms
[2026-01-16T08:14:56.065+0000][gc,phases   ] GC(16)   Other: 3.1ms
[2026-01-16T08:14:56.066+0000][gc,heap     ] GC(16) Eden regions: 46->0(46)
[2026-01-16T08:14:56.066+0000][gc,heap     ] GC(16) Survivor regions: 5->5(7)
[2026-01-16T08:14:56.067+0000][gc,heap     ] GC(16) Old regions: 23->24
[2026-01-16T08:14:56.068+0000][gc,heap     ] GC(16) Humongous regions: 135->135
[2026-01-16T08:14:56.068+0000][gc,metaspace] GC(16) Metaspace: 10166K(10496K)->10166K(10496K) NonClass: 8898K(9088K)->8898K(9088K) Class: 1267K(1408K)->1267K(1408K)
[2026-01-16T08:14:56.069+0000][gc          ] GC(16) Pause Young (Normal) (G1 Evacuation Pause) 207M->162M(1024M) 378.946ms
[2026-01-16T08:14:56.073+0000][gc,cpu      ] GC(16) User=0.19s Sys=0.03s Real=0.38s
[2026-01-16T08:14:58.113+0000][gc,start    ] GC(17) Pause Young (Normal) (G1 Evacuation Pause)
[2026-01-16T08:14:58.115+0000][gc,task     ] GC(17) Using 8 workers of 8 for evacuation
[2026-01-16T08:14:58.442+0000][gc,mmu      ] GC(17) MMU target violated: 201.0ms (200.0ms/201.0ms)
[2026-01-16T08:14:58.443+0000][gc,phases   ] GC(17)   Pre Evacuate Collection Set: 16.8ms
[2026-01-16T08:14:58.448+0000][gc,phases   ] GC(17)   Merge Heap Roots: 0.8ms
[2026-01-16T08:14:58.449+0000][gc,phases   ] GC(17)   Evacuate Collection Set: 294.8ms
[2026-01-16T08:14:58.449+0000][gc,phases   ] GC(17)   Post Evacuate Collection Set: 14.0ms
[2026-01-16T08:14:58.450+0000][gc,phases   ] GC(17)   Other: 1.6ms
[2026-01-16T08:14:58.450+0000][gc,heap     ] GC(17) Eden regions: 46->0(49)
[2026-01-16T08:14:58.450+0000][gc,heap     ] GC(17) Survivor regions: 5->2(7)
[2026-01-16T08:14:58.451+0000][gc,heap     ] GC(17) Old regions: 24->27
[2026-01-16T08:14:58.451+0000][gc,heap     ] GC(17) Humongous regions: 135->135
[2026-01-16T08:14:58.454+0000][gc,metaspace] GC(17) Metaspace: 10444K(10752K)->10444K(10752K) NonClass: 9106K(9280K)->9106K(9280K) Class: 1338K(1472K)->1338K(1472K)
[2026-01-16T08:14:58.455+0000][gc          ] GC(17) Pause Young (Normal) (G1 Evacuation Pause) 208M->163M(1024M) 342.096ms
[2026-01-16T08:14:58.457+0000][gc,cpu      ] GC(17) User=0.14s Sys=0.03s Real=0.35s
[2026-01-16T08:14:59.821+0000][gc,start    ] GC(18) Pause Young (Normal) (G1 Evacuation Pause)
[2026-01-16T08:14:59.822+0000][gc,task     ] GC(18) Using 8 workers of 8 for evacuation
[2026-01-16T08:14:59.892+0000][gc,phases   ] GC(18)   Pre Evacuate Collection Set: 20.5ms
[2026-01-16T08:14:59.893+0000][gc,phases   ] GC(18)   Merge Heap Roots: 0.4ms
[2026-01-16T08:14:59.893+0000][gc,phases   ] GC(18)   Evacuate Collection Set: 40.3ms
[2026-01-16T08:14:59.893+0000][gc,phases   ] GC(18)   Post Evacuate Collection Set: 1.8ms
[2026-01-16T08:14:59.893+0000][gc,phases   ] GC(18)   Other: 2.2ms
[2026-01-16T08:14:59.894+0000][gc,heap     ] GC(18) Eden regions: 49->0(48)
[2026-01-16T08:14:59.894+0000][gc,heap     ] GC(18) Survivor regions: 2->3(7)
[2026-01-16T08:14:59.895+0000][gc,heap     ] GC(18) Old regions: 27->27
[2026-01-16T08:14:59.895+0000][gc,heap     ] GC(18) Humongous regions: 137->137
[2026-01-16T08:14:59.895+0000][gc,metaspace] GC(18) Metaspace: 10533K(10816K)->10533K(10816K) NonClass: 9172K(9344K)->9172K(9344K) Class: 1360K(1472K)->1360K(1472K)
[2026-01-16T08:14:59.896+0000][gc          ] GC(18) Pause Young (Normal) (G1 Evacuation Pause) 214M->165M(1024M) 70.239ms
[2026-01-16T08:14:59.896+0000][gc,cpu      ] GC(18) User=0.07s Sys=0.01s Real=0.07s
[2026-01-16T08:15:00.800+0000][gc,start    ] GC(19) Pause Young (Normal) (G1 Evacuation Pause)
[2026-01-16T08:15:00.801+0000][gc,task     ] GC(19) Using 8 workers of 8 for evacuation
[2026-01-16T08:15:00.984+0000][gc,phases   ] GC(19)   Pre Evacuate Collection Set: 0.4ms
[2026-01-16T08:15:00.986+0000][gc,phases   ] GC(19)   Merge Heap Roots: 0.4ms
[2026-01-16T08:15:00.986+0000][gc,phases   ] GC(19)   Evacuate Collection Set: 168.9ms
[2026-01-16T08:15:00.986+0000][gc,phases   ] GC(19)   Post Evacuate Collection Set: 13.3ms
[2026-01-16T08:15:00.986+0000][gc,phases   ] GC(19)   Other: 0.3ms
[2026-01-16T08:15:00.987+0000][gc,heap     ] GC(19) Eden regions: 48->0(47)
[2026-01-16T08:15:01.053+0000][gc,heap     ] GC(19) Survivor regions: 3->4(7)
[2026-01-16T08:15:01.056+0000][gc,heap     ] GC(19) Old regions: 27->27
[2026-01-16T08:15:01.057+0000][gc,heap     ] GC(19) Humongous regions: 137->137
[2026-01-16T08:15:01.057+0000][gc,metaspace] GC(19) Metaspace: 10585K(10880K)->10585K(10880K) NonClass: 9215K(9344K)->9215K(9344K) Class: 1369K(1536K)->1369K(1536K)
[2026-01-16T08:15:01.058+0000][gc          ] GC(19) Pause Young (Normal) (G1 Evacuation Pause) 213M->166M(1024M) 258.080ms
[2026-01-16T08:15:01.058+0000][gc,cpu      ] GC(19) User=0.06s Sys=0.01s Real=0.26s
[2026-01-16T08:15:01.443+0000][gc,start    ] GC(20) Pause Young (Normal) (G1 Evacuation Pause)
[2026-01-16T08:15:01.443+0000][gc,task     ] GC(20) Using 8 workers of 8 for evacuation
[2026-01-16T08:15:01.630+0000][gc,phases   ] GC(20)   Pre Evacuate Collection Set: 3.1ms
[2026-01-16T08:15:01.632+0000][gc,phases   ] GC(20)   Merge Heap Roots: 0.3ms
[2026-01-16T08:15:01.632+0000][gc,phases   ] GC(20)   Evacuate Collection Set: 168.7ms
[2026-01-16T08:15:01.634+0000][gc,phases   ] GC(20)   Post Evacuate Collection Set: 1.0ms
[2026-01-16T08:15:01.635+0000][gc,phases   ] GC(20)   Other: 14.2ms
[2026-01-16T08:15:01.638+0000][gc,heap     ] GC(20) Eden regions: 47->0(46)
[2026-01-16T08:15:01.638+0000][gc,heap     ] GC(20) Survivor regions: 4->5(7)
[2026-01-16T08:15:01.639+0000][gc,heap     ] GC(20) Old regions: 27->27
[2026-01-16T08:15:01.643+0000][gc,heap     ] GC(20) Humongous regions: 137->137
[2026-01-16T08:15:01.645+0000][gc,metaspace] GC(20) Metaspace: 10596K(10880K)->10596K(10880K) NonClass: 9226K(9344K)->9226K(9344K) Class: 1369K(1536K)->1369K(1536K)
[2026-01-16T08:15:01.645+0000][gc          ] GC(20) Pause Young (Normal) (G1 Evacuation Pause) 213M->167M(1024M) 202.483ms
[2026-01-16T08:15:01.646+0000][gc,cpu      ] GC(20) User=0.11s Sys=0.01s Real=0.20s
[2026-01-16T08:15:03.467+0000][gc,start    ] GC(21) Pause Young (Normal) (G1 Evacuation Pause)
[2026-01-16T08:15:03.513+0000][gc,task     ] GC(21) Using 8 workers of 8 for evacuation
[2026-01-16T08:15:03.760+0000][gc,mmu      ] GC(21) MMU target violated: 201.0ms (200.0ms/201.0ms)
[2026-01-16T08:15:03.766+0000][gc,phases   ] GC(21)   Pre Evacuate Collection Set: 39.1ms
[2026-01-16T08:15:03.768+0000][gc,phases   ] GC(21)   Merge Heap Roots: 11.1ms
[2026-01-16T08:15:03.768+0000][gc,phases   ] GC(21)   Evacuate Collection Set: 186.9ms
[2026-01-16T08:15:03.768+0000][gc,phases   ] GC(21)   Post Evacuate Collection Set: 4.6ms
[2026-01-16T08:15:03.769+0000][gc,phases   ] GC(21)   Other: 35.9ms
[2026-01-16T08:15:03.769+0000][gc,heap     ] GC(21) Eden regions: 46->0(47)
[2026-01-16T08:15:03.769+0000][gc,heap     ] GC(21) Survivor regions: 5->4(7)
[2026-01-16T08:15:03.769+0000][gc,heap     ] GC(21) Old regions: 27->28
[2026-01-16T08:15:03.769+0000][gc,heap     ] GC(21) Humongous regions: 137->137
[2026-01-16T08:15:03.769+0000][gc,metaspace] GC(21) Metaspace: 10655K(10944K)->10655K(10944K) NonClass: 9273K(9408K)->9273K(9408K) Class: 1382K(1536K)->1382K(1536K)
[2026-01-16T08:15:03.769+0000][gc          ] GC(21) Pause Young (Normal) (G1 Evacuation Pause) 213M->167M(1024M) 301.650ms
[2026-01-16T08:15:03.769+0000][gc,cpu      ] GC(21) User=0.16s Sys=0.03s Real=0.30s
[2026-01-16T08:15:05.566+0000][gc,start    ] GC(22) Pause Young (Normal) (G1 Evacuation Pause)
[2026-01-16T08:15:05.569+0000][gc,task     ] GC(22) Using 8 workers of 8 for evacuation
[2026-01-16T08:15:05.751+0000][gc,phases   ] GC(22)   Pre Evacuate Collection Set: 19.6ms
[2026-01-16T08:15:05.753+0000][gc,phases   ] GC(22)   Merge Heap Roots: 0.2ms
[2026-01-16T08:15:05.753+0000][gc,phases   ] GC(22)   Evacuate Collection Set: 160.0ms
[2026-01-16T08:15:05.753+0000][gc,phases   ] GC(22)   Post Evacuate Collection Set: 2.1ms
[2026-01-16T08:15:05.754+0000][gc,phases   ] GC(22)   Other: 0.5ms
[2026-01-16T08:15:05.754+0000][gc,heap     ] GC(22) Eden regions: 47->0(46)
[2026-01-16T08:15:05.754+0000][gc,heap     ] GC(22) Survivor regions: 4->5(7)
[2026-01-16T08:15:05.755+0000][gc,heap     ] GC(22) Old regions: 28->28
[2026-01-16T08:15:05.756+0000][gc,heap     ] GC(22) Humongous regions: 137->137
[2026-01-16T08:15:05.757+0000][gc,metaspace] GC(22) Metaspace: 10708K(11072K)->10708K(11072K) NonClass: 9322K(9536K)->9322K(9536K) Class: 1385K(1536K)->1385K(1536K)
[2026-01-16T08:15:05.760+0000][gc          ] GC(22) Pause Young (Normal) (G1 Evacuation Pause) 214M->168M(1024M) 193.852ms
[2026-01-16T08:15:05.761+0000][gc,cpu      ] GC(22) User=0.11s Sys=0.02s Real=0.19s
[2026-01-16T08:15:07.480+0000][gc,start    ] GC(23) Pause Young (Normal) (G1 Evacuation Pause)
[2026-01-16T08:15:07.481+0000][gc,task     ] GC(23) Using 8 workers of 8 for evacuation
[2026-01-16T08:15:07.663+0000][gc,phases   ] GC(23)   Pre Evacuate Collection Set: 47.6ms
[2026-01-16T08:15:07.663+0000][gc,phases   ] GC(23)   Merge Heap Roots: 0.8ms
[2026-01-16T08:15:07.665+0000][gc,phases   ] GC(23)   Evacuate Collection Set: 107.2ms
[2026-01-16T08:15:07.672+0000][gc,phases   ] GC(23)   Post Evacuate Collection Set: 25.0ms
[2026-01-16T08:15:07.672+0000][gc,phases   ] GC(23)   Other: 0.9ms
[2026-01-16T08:15:07.673+0000][gc,heap     ] GC(23) Eden regions: 46->0(46)
[2026-01-16T08:15:07.674+0000][gc,heap     ] GC(23) Survivor regions: 5->5(7)
[2026-01-16T08:15:07.683+0000][gc,heap     ] GC(23) Old regions: 28->28
[2026-01-16T08:15:07.687+0000][gc,heap     ] GC(23) Humongous regions: 137->137
[2026-01-16T08:15:07.704+0000][gc,metaspace] GC(23) Metaspace: 10771K(11072K)->10771K(11072K) NonClass: 9382K(9536K)->9382K(9536K) Class: 1389K(1536K)->1389K(1536K)
[2026-01-16T08:15:07.706+0000][gc          ] GC(23) Pause Young (Normal) (G1 Evacuation Pause) 214M->169M(1024M) 226.281ms
[2026-01-16T08:15:07.706+0000][gc,cpu      ] GC(23) User=0.10s Sys=0.02s Real=0.23s
[2026-01-16T08:15:08.413+0000][gc,start    ] GC(24) Pause Young (Normal) (G1 Evacuation Pause)
[2026-01-16T08:15:08.414+0000][gc,task     ] GC(24) Using 8 workers of 8 for evacuation
[2026-01-16T08:15:08.517+0000][gc,phases   ] GC(24)   Pre Evacuate Collection Set: 2.9ms
[2026-01-16T08:15:08.518+0000][gc,phases   ] GC(24)   Merge Heap Roots: 0.3ms
[2026-01-16T08:15:08.518+0000][gc,phases   ] GC(24)   Evacuate Collection Set: 93.9ms
[2026-01-16T08:15:08.518+0000][gc,phases   ] GC(24)   Post Evacuate Collection Set: 5.5ms
[2026-01-16T08:15:08.518+0000][gc,phases   ] GC(24)   Other: 0.4ms
[2026-01-16T08:15:08.518+0000][gc,heap     ] GC(24) Eden regions: 46->0(47)
[2026-01-16T08:15:08.519+0000][gc,heap     ] GC(24) Survivor regions: 5->4(7)
[2026-01-16T08:15:08.520+0000][gc,heap     ] GC(24) Old regions: 28->30
[2026-01-16T08:15:08.520+0000][gc,heap     ] GC(24) Humongous regions: 137->137
[2026-01-16T08:15:08.524+0000][gc,metaspace] GC(24) Metaspace: 10806K(11136K)->10806K(11136K) NonClass: 9415K(9600K)->9415K(9600K) Class: 1390K(1536K)->1390K(1536K)
[2026-01-16T08:15:08.525+0000][gc          ] GC(24) Pause Young (Normal) (G1 Evacuation Pause) 215M->170M(1024M) 111.801ms
[2026-01-16T08:15:08.528+0000][gc,cpu      ] GC(24) User=0.03s Sys=0.01s Real=0.11s
[2026-01-16T08:15:10.335+0000][gc,start    ] GC(25) Pause Young (Normal) (G1 Evacuation Pause)
[2026-01-16T08:15:10.337+0000][gc,task     ] GC(25) Using 8 workers of 8 for evacuation
[2026-01-16T08:15:10.543+0000][gc,mmu      ] GC(25) MMU target violated: 201.0ms (200.0ms/201.0ms)
[2026-01-16T08:15:10.546+0000][gc,phases   ] GC(25)   Pre Evacuate Collection Set: 31.0ms
[2026-01-16T08:15:10.547+0000][gc,phases   ] GC(25)   Merge Heap Roots: 11.3ms
[2026-01-16T08:15:10.547+0000][gc,phases   ] GC(25)   Evacuate Collection Set: 152.0ms
[2026-01-16T08:15:10.547+0000][gc,phases   ] GC(25)   Post Evacuate Collection Set: 7.6ms
[2026-01-16T08:15:10.558+0000][gc,phases   ] GC(25)   Other: 7.9ms
[2026-01-16T08:15:10.560+0000][gc,heap     ] GC(25) Eden regions: 47->0(46)
[2026-01-16T08:15:10.561+0000][gc,heap     ] GC(25) Survivor regions: 4->5(7)
[2026-01-16T08:15:10.561+0000][gc,heap     ] GC(25) Old regions: 30->30
[2026-01-16T08:15:10.561+0000][gc,heap     ] GC(25) Humongous regions: 137->137
[2026-01-16T08:15:10.562+0000][gc,metaspace] GC(25) Metaspace: 10926K(11264K)->10926K(11264K) NonClass: 9525K(9728K)->9525K(9728K) Class: 1400K(1536K)->1400K(1536K)
[2026-01-16T08:15:10.562+0000][gc          ] GC(25) Pause Young (Normal) (G1 Evacuation Pause) 217M->171M(1024M) 227.049ms
[2026-01-16T08:15:10.562+0000][gc,cpu      ] GC(25) User=0.14s Sys=0.01s Real=0.22s
[2026-01-16T08:15:13.750+0000][gc,start    ] GC(26) Pause Young (Normal) (G1 Evacuation Pause)
[2026-01-16T08:15:13.752+0000][gc,task     ] GC(26) Using 8 workers of 8 for evacuation
[2026-01-16T08:15:14.047+0000][gc,mmu      ] GC(26) MMU target violated: 201.0ms (200.0ms/201.0ms)
[2026-01-16T08:15:14.047+0000][gc,phases   ] GC(26)   Pre Evacuate Collection Set: 19.8ms
[2026-01-16T08:15:14.048+0000][gc,phases   ] GC(26)   Merge Heap Roots: 2.3ms
[2026-01-16T08:15:14.048+0000][gc,phases   ] GC(26)   Evacuate Collection Set: 266.8ms
[2026-01-16T08:15:14.048+0000][gc,phases   ] GC(26)   Post Evacuate Collection Set: 1.9ms
[2026-01-16T08:15:14.049+0000][gc,phases   ] GC(26)   Other: 4.5ms
[2026-01-16T08:15:14.050+0000][gc,heap     ] GC(26) Eden regions: 46->0(46)
[2026-01-16T08:15:14.051+0000][gc,heap     ] GC(26) Survivor regions: 5->5(7)
[2026-01-16T08:15:14.053+0000][gc,heap     ] GC(26) Old regions: 30->31
[2026-01-16T08:15:14.054+0000][gc,heap     ] GC(26) Humongous regions: 137->137
[2026-01-16T08:15:14.055+0000][gc,metaspace] GC(26) Metaspace: 11063K(11392K)->11063K(11392K) NonClass: 9655K(9856K)->9655K(9856K) Class: 1407K(1536K)->1407K(1536K)
[2026-01-16T08:15:14.055+0000][gc          ] GC(26) Pause Young (Normal) (G1 Evacuation Pause) 217M->172M(1024M) 305.690ms
[2026-01-16T08:15:14.055+0000][gc,cpu      ] GC(26) User=0.11s Sys=0.01s Real=0.31s
[2026-01-16T08:15:15.574+0000][gc,start    ] GC(27) Pause Young (Normal) (G1 Evacuation Pause)
[2026-01-16T08:15:15.576+0000][gc,task     ] GC(27) Using 8 workers of 8 for evacuation
[2026-01-16T08:15:15.744+0000][gc,phases   ] GC(27)   Pre Evacuate Collection Set: 10.7ms
[2026-01-16T08:15:15.747+0000][gc,phases   ] GC(27)   Merge Heap Roots: 0.8ms
[2026-01-16T08:15:15.750+0000][gc,phases   ] GC(27)   Evacuate Collection Set: 153.9ms
[2026-01-16T08:15:15.752+0000][gc,phases   ] GC(27)   Post Evacuate Collection Set: 1.7ms
[2026-01-16T08:15:15.755+0000][gc,phases   ] GC(27)   Other: 1.4ms
[2026-01-16T08:15:15.755+0000][gc,heap     ] GC(27) Eden regions: 46->0(47)
[2026-01-16T08:15:15.755+0000][gc,heap     ] GC(27) Survivor regions: 5->4(7)
[2026-01-16T08:15:15.759+0000][gc,heap     ] GC(27) Old regions: 31->33
[2026-01-16T08:15:15.759+0000][gc,heap     ] GC(27) Humongous regions: 137->137
[2026-01-16T08:15:15.759+0000][gc,metaspace] GC(27) Metaspace: 11551K(11904K)->11551K(11904K) NonClass: 10055K(10240K)->10055K(10240K) Class: 1496K(1664K)->1496K(1664K)
[2026-01-16T08:15:15.760+0000][gc          ] GC(27) Pause Young (Normal) (G1 Evacuation Pause) 218M->172M(1024M) 185.962ms
[2026-01-16T08:15:15.760+0000][gc,cpu      ] GC(27) User=0.08s Sys=0.01s Real=0.18s
[2026-01-16T08:15:16.554+0000][gc,start    ] GC(28) Pause Young (Normal) (G1 Evacuation Pause)
[2026-01-16T08:15:16.555+0000][gc,task     ] GC(28) Using 8 workers of 8 for evacuation
[2026-01-16T08:15:16.592+0000][gc,phases   ] GC(28)   Pre Evacuate Collection Set: 2.9ms
[2026-01-16T08:15:16.593+0000][gc,phases   ] GC(28)   Merge Heap Roots: 0.4ms
[2026-01-16T08:15:16.594+0000][gc,phases   ] GC(28)   Evacuate Collection Set: 31.1ms
[2026-01-16T08:15:16.595+0000][gc,phases   ] GC(28)   Post Evacuate Collection Set: 2.3ms
[2026-01-16T08:15:16.596+0000][gc,phases   ] GC(28)   Other: 0.8ms
[2026-01-16T08:15:16.596+0000][gc,heap     ] GC(28) Eden regions: 47->0(46)
[2026-01-16T08:15:16.597+0000][gc,heap     ] GC(28) Survivor regions: 4->5(7)
[2026-01-16T08:15:16.598+0000][gc,heap     ] GC(28) Old regions: 33->33
[2026-01-16T08:15:16.599+0000][gc,heap     ] GC(28) Humongous regions: 137->137
[2026-01-16T08:15:16.599+0000][gc,metaspace] GC(28) Metaspace: 11629K(11968K)->11629K(11968K) NonClass: 10119K(10304K)->10119K(10304K) Class: 1509K(1664K)->1509K(1664K)
[2026-01-16T08:15:16.600+0000][gc          ] GC(28) Pause Young (Normal) (G1 Evacuation Pause) 219M->173M(1024M) 45.387ms
[2026-01-16T08:15:16.600+0000][gc,cpu      ] GC(28) User=0.04s Sys=0.00s Real=0.04s
[2026-01-16T08:15:18.983+0000][gc,start    ] GC(29) Pause Young (Normal) (G1 Evacuation Pause)
[2026-01-16T08:15:18.992+0000][gc,task     ] GC(29) Using 8 workers of 8 for evacuation
[2026-01-16T08:15:19.245+0000][gc,mmu      ] GC(29) MMU target violated: 201.0ms (200.0ms/201.0ms)
[2026-01-16T08:15:19.291+0000][gc,phases   ] GC(29)   Pre Evacuate Collection Set: 38.0ms
[2026-01-16T08:15:19.299+0000][gc,phases   ] GC(29)   Merge Heap Roots: 7.1ms
[2026-01-16T08:15:19.302+0000][gc,phases   ] GC(29)   Evacuate Collection Set: 150.0ms
[2026-01-16T08:15:19.308+0000][gc,phases   ] GC(29)   Post Evacuate Collection Set: 55.0ms
[2026-01-16T08:15:19.311+0000][gc,phases   ] GC(29)   Other: 49.2ms
[2026-01-16T08:15:19.315+0000][gc,heap     ] GC(29) Eden regions: 46->0(94)
[2026-01-16T08:15:19.315+0000][gc,heap     ] GC(29) Survivor regions: 5->2(7)
[2026-01-16T08:15:19.315+0000][gc,heap     ] GC(29) Old regions: 33->34
[2026-01-16T08:15:19.315+0000][gc,heap     ] GC(29) Humongous regions: 137->137
[2026-01-16T08:15:19.316+0000][gc,metaspace] GC(29) Metaspace: 11752K(12096K)->11752K(12096K) NonClass: 10243K(10432K)->10243K(10432K) Class: 1509K(1664K)->1509K(1664K)
[2026-01-16T08:15:19.317+0000][gc          ] GC(29) Pause Young (Normal) (G1 Evacuation Pause) 219M->172M(1024M) 333.642ms
[2026-01-16T08:15:19.322+0000][gc,cpu      ] GC(29) User=0.10s Sys=0.06s Real=0.33s
[2026-01-16T08:15:25.584+0000][gc,start    ] GC(30) Pause Young (Normal) (G1 Evacuation Pause)
[2026-01-16T08:15:25.597+0000][gc,task     ] GC(30) Using 8 workers of 8 for evacuation
[2026-01-16T08:15:25.900+0000][gc,mmu      ] GC(30) MMU target violated: 201.0ms (200.0ms/201.0ms)
[2026-01-16T08:15:25.901+0000][gc,phases   ] GC(30)   Pre Evacuate Collection Set: 49.3ms
[2026-01-16T08:15:25.901+0000][gc,phases   ] GC(30)   Merge Heap Roots: 17.0ms
[2026-01-16T08:15:25.903+0000][gc,phases   ] GC(30)   Evacuate Collection Set: 222.9ms
[2026-01-16T08:15:25.903+0000][gc,phases   ] GC(30)   Post Evacuate Collection Set: 9.0ms
[2026-01-16T08:15:25.903+0000][gc,phases   ] GC(30)   Other: 6.4ms
[2026-01-16T08:15:25.904+0000][gc,heap     ] GC(30) Eden regions: 92->0(47)
[2026-01-16T08:15:25.905+0000][gc,heap     ] GC(30) Survivor regions: 2->4(12)
[2026-01-16T08:15:25.905+0000][gc,heap     ] GC(30) Old regions: 34->34
[2026-01-16T08:15:25.905+0000][gc,heap     ] GC(30) Humongous regions: 137->137
[2026-01-16T08:15:25.905+0000][gc,metaspace] GC(30) Metaspace: 11947K(12288K)->11947K(12288K) NonClass: 10437K(10624K)->10437K(10624K) Class: 1510K(1664K)->1510K(1664K)
[2026-01-16T08:15:25.911+0000][gc          ] GC(30) Pause Young (Normal) (G1 Evacuation Pause) 264M->173M(1024M) 327.021ms
[2026-01-16T08:15:25.916+0000][gc,cpu      ] GC(30) User=0.19s Sys=0.01s Real=0.33s
[2026-01-16T08:15:28.752+0000][gc,start    ] GC(31) Pause Young (Normal) (G1 Evacuation Pause)
[2026-01-16T08:15:28.754+0000][gc,task     ] GC(31) Using 8 workers of 8 for evacuation
[2026-01-16T08:15:29.109+0000][gc,mmu      ] GC(31) MMU target violated: 201.0ms (200.0ms/201.0ms)
[2026-01-16T08:15:29.114+0000][gc,phases   ] GC(31)   Pre Evacuate Collection Set: 56.8ms
[2026-01-16T08:15:29.114+0000][gc,phases   ] GC(31)   Merge Heap Roots: 0.3ms
[2026-01-16T08:15:29.114+0000][gc,phases   ] GC(31)   Evacuate Collection Set: 265.2ms
[2026-01-16T08:15:29.114+0000][gc,phases   ] GC(31)   Post Evacuate Collection Set: 32.4ms
[2026-01-16T08:15:29.114+0000][gc,phases   ] GC(31)   Other: 5.3ms
[2026-01-16T08:15:29.114+0000][gc,heap     ] GC(31) Eden regions: 47->0(47)
[2026-01-16T08:15:29.114+0000][gc,heap     ] GC(31) Survivor regions: 4->4(7)
[2026-01-16T08:15:29.114+0000][gc,heap     ] GC(31) Old regions: 34->34
[2026-01-16T08:15:29.114+0000][gc,heap     ] GC(31) Humongous regions: 137->137
[2026-01-16T08:15:29.114+0000][gc,metaspace] GC(31) Metaspace: 12048K(12352K)->12048K(12352K) NonClass: 10531K(10688K)->10531K(10688K) Class: 1517K(1664K)->1517K(1664K)
[2026-01-16T08:15:29.114+0000][gc          ] GC(31) Pause Young (Normal) (G1 Evacuation Pause) 220M->174M(1024M) 362.418ms
[2026-01-16T08:15:29.115+0000][gc,cpu      ] GC(31) User=0.16s Sys=0.02s Real=0.36s
[2026-01-16T08:15:30.930+0000][gc,start    ] GC(32) Pause Young (Normal) (G1 Evacuation Pause)
[2026-01-16T08:15:30.935+0000][gc,task     ] GC(32) Using 8 workers of 8 for evacuation
[2026-01-16T08:15:31.104+0000][gc,phases   ] GC(32)   Pre Evacuate Collection Set: 8.6ms
[2026-01-16T08:15:31.106+0000][gc,phases   ] GC(32)   Merge Heap Roots: 0.2ms
[2026-01-16T08:15:31.106+0000][gc,phases   ] GC(32)   Evacuate Collection Set: 156.7ms
[2026-01-16T08:15:31.106+0000][gc,phases   ] GC(32)   Post Evacuate Collection Set: 1.6ms
[2026-01-16T08:15:31.107+0000][gc,phases   ] GC(32)   Other: 1.6ms
[2026-01-16T08:15:31.107+0000][gc,heap     ] GC(32) Eden regions: 47->0(48)
[2026-01-16T08:15:31.107+0000][gc,heap     ] GC(32) Survivor regions: 4->3(7)
[2026-01-16T08:15:31.108+0000][gc,heap     ] GC(32) Old regions: 34->34
[2026-01-16T08:15:31.108+0000][gc,heap     ] GC(32) Humongous regions: 137->137
[2026-01-16T08:15:31.109+0000][gc,metaspace] GC(32) Metaspace: 12082K(12352K)->12082K(12352K) NonClass: 10564K(10688K)->10564K(10688K) Class: 1517K(1664K)->1517K(1664K)
[2026-01-16T08:15:31.115+0000][gc          ] GC(32) Pause Young (Normal) (G1 Evacuation Pause) 221M->172M(1024M) 184.604ms
[2026-01-16T08:15:31.116+0000][gc,cpu      ] GC(32) User=0.08s Sys=0.02s Real=0.19s
[2026-01-16T08:15:33.371+0000][gc,start    ] GC(33) Pause Young (Normal) (G1 Evacuation Pause)
[2026-01-16T08:15:33.375+0000][gc,task     ] GC(33) Using 8 workers of 8 for evacuation
[2026-01-16T08:15:33.464+0000][gc,phases   ] GC(33)   Pre Evacuate Collection Set: 17.5ms
[2026-01-16T08:15:33.464+0000][gc,phases   ] GC(33)   Merge Heap Roots: 0.3ms
[2026-01-16T08:15:33.464+0000][gc,phases   ] GC(33)   Evacuate Collection Set: 65.2ms
[2026-01-16T08:15:33.465+0000][gc,phases   ] GC(33)   Post Evacuate Collection Set: 5.4ms
[2026-01-16T08:15:33.465+0000][gc,phases   ] GC(33)   Other: 2.6ms
[2026-01-16T08:15:33.465+0000][gc,heap     ] GC(33) Eden regions: 48->0(56)
[2026-01-16T08:15:33.466+0000][gc,heap     ] GC(33) Survivor regions: 3->3(7)
[2026-01-16T08:15:33.467+0000][gc,heap     ] GC(33) Old regions: 34->34
[2026-01-16T08:15:33.467+0000][gc,heap     ] GC(33) Humongous regions: 137->137
[2026-01-16T08:15:33.468+0000][gc,metaspace] GC(33) Metaspace: 12106K(12416K)->12106K(12416K) NonClass: 10588K(10752K)->10588K(10752K) Class: 1517K(1664K)->1517K(1664K)
[2026-01-16T08:15:33.470+0000][gc          ] GC(33) Pause Young (Normal) (G1 Evacuation Pause) 220M->173M(1024M) 99.462ms
[2026-01-16T08:15:33.476+0000][gc,cpu      ] GC(33) User=0.11s Sys=0.00s Real=0.11s
[2026-01-16T08:15:36.052+0000][gc,start    ] GC(34) Pause Young (Normal) (G1 Evacuation Pause)
[2026-01-16T08:15:36.053+0000][gc,task     ] GC(34) Using 8 workers of 8 for evacuation
[2026-01-16T08:15:36.199+0000][gc,phases   ] GC(34)   Pre Evacuate Collection Set: 5.4ms
[2026-01-16T08:15:36.202+0000][gc,phases   ] GC(34)   Merge Heap Roots: 4.1ms
[2026-01-16T08:15:36.203+0000][gc,phases   ] GC(34)   Evacuate Collection Set: 125.7ms
[2026-01-16T08:15:36.204+0000][gc,phases   ] GC(34)   Post Evacuate Collection Set: 10.2ms
[2026-01-16T08:15:36.204+0000][gc,phases   ] GC(34)   Other: 0.6ms
[2026-01-16T08:15:36.207+0000][gc,heap     ] GC(34) Eden regions: 58->0(47)
[2026-01-16T08:15:36.221+0000][gc,heap     ] GC(34) Survivor regions: 3->4(8)
[2026-01-16T08:15:36.222+0000][gc,heap     ] GC(34) Old regions: 34->34
[2026-01-16T08:15:36.224+0000][gc,heap     ] GC(34) Humongous regions: 137->137
[2026-01-16T08:15:36.226+0000][gc,metaspace] GC(34) Metaspace: 12121K(12416K)->12121K(12416K) NonClass: 10604K(10752K)->10604K(10752K) Class: 1517K(1664K)->1517K(1664K)
[2026-01-16T08:15:36.226+0000][gc          ] GC(34) Pause Young (Normal) (G1 Evacuation Pause) 231M->174M(1024M) 174.611ms
[2026-01-16T08:15:36.227+0000][gc,cpu      ] GC(34) User=0.07s Sys=0.00s Real=0.18s
[2026-01-16T08:15:39.905+0000][gc,start    ] GC(35) Pause Young (Normal) (G1 Evacuation Pause)
[2026-01-16T08:15:39.908+0000][gc,task     ] GC(35) Using 8 workers of 8 for evacuation
[2026-01-16T08:15:40.041+0000][gc,phases   ] GC(35)   Pre Evacuate Collection Set: 27.3ms
[2026-01-16T08:15:40.041+0000][gc,phases   ] GC(35)   Merge Heap Roots: 0.3ms
[2026-01-16T08:15:40.041+0000][gc,phases   ] GC(35)   Evacuate Collection Set: 89.7ms
[2026-01-16T08:15:40.041+0000][gc,phases   ] GC(35)   Post Evacuate Collection Set: 12.3ms
[2026-01-16T08:15:40.042+0000][gc,phases   ] GC(35)   Other: 3.7ms
[2026-01-16T08:15:40.042+0000][gc,heap     ] GC(35) Eden regions: 47->0(97)
[2026-01-16T08:15:40.042+0000][gc,heap     ] GC(35) Survivor regions: 4->3(7)
[2026-01-16T08:15:40.042+0000][gc,heap     ] GC(35) Old regions: 34->34
[2026-01-16T08:15:40.043+0000][gc,heap     ] GC(35) Humongous regions: 137->137
[2026-01-16T08:15:40.043+0000][gc,metaspace] GC(35) Metaspace: 12190K(12544K)->12190K(12544K) NonClass: 10672K(10880K)->10672K(10880K) Class: 1517K(1664K)->1517K(1664K)
[2026-01-16T08:15:40.044+0000][gc          ] GC(35) Pause Young (Normal) (G1 Evacuation Pause) 221M->172M(1024M) 139.206ms
[2026-01-16T08:15:40.044+0000][gc,cpu      ] GC(35) User=0.07s Sys=0.00s Real=0.14s
[2026-01-16T08:15:46.442+0000][gc,start    ] GC(36) Pause Young (Normal) (G1 Evacuation Pause)
[2026-01-16T08:15:46.451+0000][gc,task     ] GC(36) Using 8 workers of 8 for evacuation
[2026-01-16T08:15:46.746+0000][gc,mmu      ] GC(36) MMU target violated: 201.0ms (200.0ms/201.0ms)
[2026-01-16T08:15:46.752+0000][gc,phases   ] GC(36)   Pre Evacuate Collection Set: 12.7ms
[2026-01-16T08:15:46.753+0000][gc,phases   ] GC(36)   Merge Heap Roots: 0.9ms
[2026-01-16T08:15:46.753+0000][gc,phases   ] GC(36)   Evacuate Collection Set: 266.9ms
[2026-01-16T08:15:46.755+0000][gc,phases   ] GC(36)   Post Evacuate Collection Set: 13.6ms
[2026-01-16T08:15:46.757+0000][gc,phases   ] GC(36)   Other: 7.2ms
[2026-01-16T08:15:46.758+0000][gc,heap     ] GC(36) Eden regions: 96->0(47)
[2026-01-16T08:15:46.760+0000][gc,heap     ] GC(36) Survivor regions: 3->4(13)
[2026-01-16T08:15:46.761+0000][gc,heap     ] GC(36) Old regions: 34->34
[2026-01-16T08:15:46.762+0000][gc,heap     ] GC(36) Humongous regions: 137->137
[2026-01-16T08:15:46.762+0000][gc,metaspace] GC(36) Metaspace: 12271K(12608K)->12271K(12608K) NonClass: 10754K(10944K)->10754K(10944K) Class: 1517K(1664K)->1517K(1664K)
[2026-01-16T08:15:46.762+0000][gc          ] GC(36) Pause Young (Normal) (G1 Evacuation Pause) 268M->174M(1024M) 320.155ms
[2026-01-16T08:15:46.762+0000][gc,cpu      ] GC(36) User=0.19s Sys=0.01s Real=0.32s
[2026-01-16T08:15:49.206+0000][gc,start    ] GC(37) Pause Young (Normal) (G1 Evacuation Pause)
[2026-01-16T08:15:49.207+0000][gc,task     ] GC(37) Using 8 workers of 8 for evacuation
[2026-01-16T08:15:49.523+0000][gc,mmu      ] GC(37) MMU target violated: 201.0ms (200.0ms/201.0ms)
[2026-01-16T08:15:49.524+0000][gc,phases   ] GC(37)   Pre Evacuate Collection Set: 9.3ms
[2026-01-16T08:15:49.524+0000][gc,phases   ] GC(37)   Merge Heap Roots: 0.3ms
[2026-01-16T08:15:49.525+0000][gc,phases   ] GC(37)   Evacuate Collection Set: 298.5ms
[2026-01-16T08:15:49.526+0000][gc,phases   ] GC(37)   Post Evacuate Collection Set: 7.2ms
[2026-01-16T08:15:49.527+0000][gc,phases   ] GC(37)   Other: 1.6ms
[2026-01-16T08:15:49.529+0000][gc,heap     ] GC(37) Eden regions: 47->0(47)
[2026-01-16T08:15:49.530+0000][gc,heap     ] GC(37) Survivor regions: 4->4(7)
[2026-01-16T08:15:49.531+0000][gc,heap     ] GC(37) Old regions: 34->34
[2026-01-16T08:15:49.535+0000][gc,heap     ] GC(37) Humongous regions: 137->137
[2026-01-16T08:15:49.537+0000][gc,metaspace] GC(37) Metaspace: 12277K(12608K)->12277K(12608K) NonClass: 10759K(10944K)->10759K(10944K) Class: 1517K(1664K)->1517K(1664K)
[2026-01-16T08:15:49.542+0000][gc          ] GC(37) Pause Young (Normal) (G1 Evacuation Pause) 221M->174M(1024M) 336.148ms
[2026-01-16T08:15:49.544+0000][gc,cpu      ] GC(37) User=0.11s Sys=0.02s Real=0.34s
[2026-01-16T08:15:53.253+0000][gc,start    ] GC(38) Pause Young (Normal) (G1 Evacuation Pause)
[2026-01-16T08:15:53.262+0000][gc,task     ] GC(38) Using 8 workers of 8 for evacuation
[2026-01-16T08:15:53.441+0000][gc,phases   ] GC(38)   Pre Evacuate Collection Set: 13.5ms
[2026-01-16T08:15:53.442+0000][gc,phases   ] GC(38)   Merge Heap Roots: 0.2ms
[2026-01-16T08:15:53.444+0000][gc,phases   ] GC(38)   Evacuate Collection Set: 159.4ms
[2026-01-16T08:15:53.444+0000][gc,phases   ] GC(38)   Post Evacuate Collection Set: 5.6ms
[2026-01-16T08:15:53.445+0000][gc,phases   ] GC(38)   Other: 7.7ms
[2026-01-16T08:15:53.445+0000][gc,heap     ] GC(38) Eden regions: 47->0(71)
[2026-01-16T08:15:53.445+0000][gc,heap     ] GC(38) Survivor regions: 4->3(7)
[2026-01-16T08:15:53.446+0000][gc,heap     ] GC(38) Old regions: 34->35
[2026-01-16T08:15:53.446+0000][gc,heap     ] GC(38) Humongous regions: 137->137
[2026-01-16T08:15:53.446+0000][gc,metaspace] GC(38) Metaspace: 12293K(12608K)->12293K(12608K) NonClass: 10775K(10944K)->10775K(10944K) Class: 1517K(1664K)->1517K(1664K)
[2026-01-16T08:15:53.449+0000][gc          ] GC(38) Pause Young (Normal) (G1 Evacuation Pause) 221M->173M(1024M) 195.900ms
[2026-01-16T08:15:53.449+0000][gc,cpu      ] GC(38) User=0.14s Sys=0.01s Real=0.19s
[2026-01-16T08:15:58.553+0000][gc,start    ] GC(39) Pause Young (Normal) (G1 Evacuation Pause)
[2026-01-16T08:15:58.566+0000][gc,task     ] GC(39) Using 8 workers of 8 for evacuation
[2026-01-16T08:15:58.926+0000][gc,mmu      ] GC(39) MMU target violated: 201.0ms (200.0ms/201.0ms)
[2026-01-16T08:15:58.927+0000][gc,phases   ] GC(39)   Pre Evacuate Collection Set: 31.9ms
[2026-01-16T08:15:58.931+0000][gc,phases   ] GC(39)   Merge Heap Roots: 1.5ms
[2026-01-16T08:15:58.934+0000][gc,phases   ] GC(39)   Evacuate Collection Set: 314.6ms
[2026-01-16T08:15:58.936+0000][gc,phases   ] GC(39)   Post Evacuate Collection Set: 7.4ms
[2026-01-16T08:15:58.936+0000][gc,phases   ] GC(39)   Other: 5.5ms
[2026-01-16T08:15:58.936+0000][gc,heap     ] GC(39) Eden regions: 75->0(47)
[2026-01-16T08:15:58.936+0000][gc,heap     ] GC(39) Survivor regions: 3->4(10)
[2026-01-16T08:15:58.937+0000][gc,heap     ] GC(39) Old regions: 35->35
[2026-01-16T08:15:58.937+0000][gc,heap     ] GC(39) Humongous regions: 137->137
[2026-01-16T08:15:58.937+0000][gc,metaspace] GC(39) Metaspace: 12353K(12672K)->12353K(12672K) NonClass: 10836K(11008K)->10836K(11008K) Class: 1517K(1664K)->1517K(1664K)
[2026-01-16T08:15:58.938+0000][gc          ] GC(39) Pause Young (Normal) (G1 Evacuation Pause) 248M->174M(1024M) 385.371ms
[2026-01-16T08:15:58.938+0000][gc,cpu      ] GC(39) User=0.22s Sys=0.01s Real=0.38s
[2026-01-16T08:16:00.299+0000][gc,start    ] GC(40) Pause Young (Normal) (G1 Evacuation Pause)
[2026-01-16T08:16:00.301+0000][gc,task     ] GC(40) Using 8 workers of 8 for evacuation
[2026-01-16T08:16:00.408+0000][gc,phases   ] GC(40)   Pre Evacuate Collection Set: 18.8ms
[2026-01-16T08:16:00.409+0000][gc,phases   ] GC(40)   Merge Heap Roots: 4.3ms
[2026-01-16T08:16:00.409+0000][gc,phases   ] GC(40)   Evacuate Collection Set: 80.6ms
[2026-01-16T08:16:00.409+0000][gc,phases   ] GC(40)   Post Evacuate Collection Set: 3.1ms
[2026-01-16T08:16:00.410+0000][gc,phases   ] GC(40)   Other: 0.8ms
[2026-01-16T08:16:00.411+0000][gc,heap     ] GC(40) Eden regions: 47->0(46)
[2026-01-16T08:16:00.411+0000][gc,heap     ] GC(40) Survivor regions: 4->5(7)
[2026-01-16T08:16:00.414+0000][gc,heap     ] GC(40) Old regions: 35->35
[2026-01-16T08:16:00.414+0000][gc,heap     ] GC(40) Humongous regions: 137->137
[2026-01-16T08:16:00.414+0000][gc,metaspace] GC(40) Metaspace: 12376K(12672K)->12376K(12672K) NonClass: 10859K(11008K)->10859K(11008K) Class: 1517K(1664K)->1517K(1664K)
[2026-01-16T08:16:00.415+0000][gc          ] GC(40) Pause Young (Normal) (G1 Evacuation Pause) 221M->175M(1024M) 115.612ms
[2026-01-16T08:16:00.415+0000][gc,cpu      ] GC(40) User=0.05s Sys=0.00s Real=0.11s
[2026-01-16T08:16:00.907+0000][gc,start    ] GC(41) Pause Young (Normal) (G1 Evacuation Pause)
[2026-01-16T08:16:00.908+0000][gc,task     ] GC(41) Using 8 workers of 8 for evacuation
[2026-01-16T08:16:01.048+0000][gc,phases   ] GC(41)   Pre Evacuate Collection Set: 0.5ms
[2026-01-16T08:16:01.048+0000][gc,phases   ] GC(41)   Merge Heap Roots: 0.1ms
[2026-01-16T08:16:01.048+0000][gc,phases   ] GC(41)   Evacuate Collection Set: 129.1ms
[2026-01-16T08:16:01.048+0000][gc,phases   ] GC(41)   Post Evacuate Collection Set: 6.5ms
[2026-01-16T08:16:01.049+0000][gc,phases   ] GC(41)   Other: 3.9ms
[2026-01-16T08:16:01.049+0000][gc,heap     ] GC(41) Eden regions: 46->0(46)
[2026-01-16T08:16:01.049+0000][gc,heap     ] GC(41) Survivor regions: 5->5(7)
[2026-01-16T08:16:01.049+0000][gc,heap     ] GC(41) Old regions: 35->35
[2026-01-16T08:16:01.050+0000][gc,heap     ] GC(41) Humongous regions: 137->137
[2026-01-16T08:16:01.050+0000][gc,metaspace] GC(41) Metaspace: 12377K(12672K)->12377K(12672K) NonClass: 10860K(11008K)->10860K(11008K) Class: 1517K(1664K)->1517K(1664K)
[2026-01-16T08:16:01.051+0000][gc          ] GC(41) Pause Young (Normal) (G1 Evacuation Pause) 221M->175M(1024M) 143.518ms
[2026-01-16T08:16:01.051+0000][gc,cpu      ] GC(41) User=0.06s Sys=0.02s Real=0.14s
[2026-01-16T08:16:02.704+0000][gc,start    ] GC(42) Pause Young (Normal) (G1 Evacuation Pause)
[2026-01-16T08:16:02.705+0000][gc,task     ] GC(42) Using 8 workers of 8 for evacuation
[2026-01-16T08:16:02.754+0000][gc,phases   ] GC(42)   Pre Evacuate Collection Set: 4.4ms
[2026-01-16T08:16:02.760+0000][gc,phases   ] GC(42)   Merge Heap Roots: 3.0ms
[2026-01-16T08:16:02.760+0000][gc,phases   ] GC(42)   Evacuate Collection Set: 35.1ms
[2026-01-16T08:16:02.761+0000][gc,phases   ] GC(42)   Post Evacuate Collection Set: 5.1ms
[2026-01-16T08:16:02.765+0000][gc,phases   ] GC(42)   Other: 0.6ms
[2026-01-16T08:16:02.781+0000][gc,heap     ] GC(42) Eden regions: 46->0(187)
[2026-01-16T08:16:02.782+0000][gc,heap     ] GC(42) Survivor regions: 5->2(7)
[2026-01-16T08:16:02.782+0000][gc,heap     ] GC(42) Old regions: 35->36
[2026-01-16T08:16:02.782+0000][gc,heap     ] GC(42) Humongous regions: 137->137
[2026-01-16T08:16:02.782+0000][gc,metaspace] GC(42) Metaspace: 12389K(12672K)->12389K(12672K) NonClass: 10872K(11008K)->10872K(11008K) Class: 1517K(1664K)->1517K(1664K)
[2026-01-16T08:16:02.782+0000][gc          ] GC(42) Pause Young (Normal) (G1 Evacuation Pause) 221M->174M(1024M) 77.834ms
[2026-01-16T08:16:02.782+0000][gc,cpu      ] GC(42) User=0.04s Sys=0.00s Real=0.08s
[2026-01-16T08:16:18.564+0000][gc,start    ] GC(43) Pause Young (Normal) (G1 Evacuation Pause)
[2026-01-16T08:16:18.567+0000][gc,task     ] GC(43) Using 8 workers of 8 for evacuation
[2026-01-16T08:16:18.992+0000][gc,mmu      ] GC(43) MMU target violated: 201.0ms (200.0ms/201.0ms)
[2026-01-16T08:16:18.995+0000][gc,phases   ] GC(43)   Pre Evacuate Collection Set: 17.9ms
[2026-01-16T08:16:18.999+0000][gc,phases   ] GC(43)   Merge Heap Roots: 1.2ms
[2026-01-16T08:16:19.000+0000][gc,phases   ] GC(43)   Evacuate Collection Set: 387.3ms
[2026-01-16T08:16:19.001+0000][gc,phases   ] GC(43)   Post Evacuate Collection Set: 17.4ms
[2026-01-16T08:16:19.005+0000][gc,phases   ] GC(43)   Other: 6.5ms
[2026-01-16T08:16:19.005+0000][gc,heap     ] GC(43) Eden regions: 185->0(48)
[2026-01-16T08:16:19.006+0000][gc,heap     ] GC(43) Survivor regions: 2->3(24)
[2026-01-16T08:16:19.006+0000][gc,heap     ] GC(43) Old regions: 36->36
[2026-01-16T08:16:19.007+0000][gc,heap     ] GC(43) Humongous regions: 137->137
[2026-01-16T08:16:19.007+0000][gc,metaspace] GC(43) Metaspace: 12549K(12864K)->12549K(12864K) NonClass: 11031K(11200K)->11031K(11200K) Class: 1517K(1664K)->1517K(1664K)
[2026-01-16T08:16:19.008+0000][gc          ] GC(43) Pause Young (Normal) (G1 Evacuation Pause) 359M->174M(1024M) 444.260ms
[2026-01-16T08:16:19.009+0000][gc,cpu      ] GC(43) User=0.33s Sys=0.00s Real=0.45s
[2026-01-16T08:16:20.170+0000][gc,start    ] GC(44) Pause Young (Normal) (G1 Evacuation Pause)
[2026-01-16T08:16:20.177+0000][gc,task     ] GC(44) Using 8 workers of 8 for evacuation
[2026-01-16T08:16:20.399+0000][gc,mmu      ] GC(44) MMU target violated: 201.0ms (200.0ms/201.0ms)
[2026-01-16T08:16:20.402+0000][gc,phases   ] GC(44)   Pre Evacuate Collection Set: 15.4ms
[2026-01-16T08:16:20.403+0000][gc,phases   ] GC(44)   Merge Heap Roots: 3.0ms
[2026-01-16T08:16:20.403+0000][gc,phases   ] GC(44)   Evacuate Collection Set: 191.3ms
[2026-01-16T08:16:20.403+0000][gc,phases   ] GC(44)   Post Evacuate Collection Set: 3.0ms
[2026-01-16T08:16:20.403+0000][gc,phases   ] GC(44)   Other: 13.2ms
[2026-01-16T08:16:20.403+0000][gc,heap     ] GC(44) Eden regions: 48->0(47)
[2026-01-16T08:16:20.404+0000][gc,heap     ] GC(44) Survivor regions: 3->4(7)
[2026-01-16T08:16:20.404+0000][gc,heap     ] GC(44) Old regions: 36->36
[2026-01-16T08:16:20.404+0000][gc,heap     ] GC(44) Humongous regions: 137->137
[2026-01-16T08:16:20.404+0000][gc,metaspace] GC(44) Metaspace: 12555K(12928K)->12555K(12928K) NonClass: 11038K(11264K)->11038K(11264K) Class: 1517K(1664K)->1517K(1664K)
[2026-01-16T08:16:20.404+0000][gc          ] GC(44) Pause Young (Normal) (G1 Evacuation Pause) 222M->175M(1024M) 234.317ms
[2026-01-16T08:16:20.404+0000][gc,cpu      ] GC(44) User=0.13s Sys=0.03s Real=0.23s
[2026-01-16T08:16:20.935+0000][gc,start    ] GC(45) Pause Young (Normal) (G1 Evacuation Pause)
[2026-01-16T08:16:20.936+0000][gc,task     ] GC(45) Using 8 workers of 8 for evacuation
[2026-01-16T08:16:21.046+0000][gc,phases   ] GC(45)   Pre Evacuate Collection Set: 0.6ms
[2026-01-16T08:16:21.063+0000][gc,phases   ] GC(45)   Merge Heap Roots: 0.3ms
[2026-01-16T08:16:21.066+0000][gc,phases   ] GC(45)   Evacuate Collection Set: 106.9ms
[2026-01-16T08:16:21.066+0000][gc,phases   ] GC(45)   Post Evacuate Collection Set: 2.3ms
[2026-01-16T08:16:21.066+0000][gc,phases   ] GC(45)   Other: 0.4ms
[2026-01-16T08:16:21.067+0000][gc,heap     ] GC(45) Eden regions: 47->0(47)
[2026-01-16T08:16:21.067+0000][gc,heap     ] GC(45) Survivor regions: 4->4(7)
[2026-01-16T08:16:21.067+0000][gc,heap     ] GC(45) Old regions: 36->36
[2026-01-16T08:16:21.067+0000][gc,heap     ] GC(45) Humongous regions: 137->137
[2026-01-16T08:16:21.068+0000][gc,metaspace] GC(45) Metaspace: 12573K(12928K)->12573K(12928K) NonClass: 11056K(11264K)->11056K(11264K) Class: 1517K(1664K)->1517K(1664K)
[2026-01-16T08:16:21.069+0000][gc          ] GC(45) Pause Young (Normal) (G1 Evacuation Pause) 222M->176M(1024M) 133.212ms
[2026-01-16T08:16:21.070+0000][gc,cpu      ] GC(45) User=0.08s Sys=0.01s Real=0.14s
[2026-01-16T08:16:21.833+0000][gc,start    ] GC(46) Pause Young (Normal) (G1 Evacuation Pause)
[2026-01-16T08:16:21.837+0000][gc,task     ] GC(46) Using 8 workers of 8 for evacuation
[2026-01-16T08:16:21.881+0000][gc,phases   ] GC(46)   Pre Evacuate Collection Set: 3.0ms
[2026-01-16T08:16:21.884+0000][gc,phases   ] GC(46)   Merge Heap Roots: 1.6ms
[2026-01-16T08:16:21.884+0000][gc,phases   ] GC(46)   Evacuate Collection Set: 31.9ms
[2026-01-16T08:16:21.885+0000][gc,phases   ] GC(46)   Post Evacuate Collection Set: 7.4ms
[2026-01-16T08:16:21.885+0000][gc,phases   ] GC(46)   Other: 0.6ms
[2026-01-16T08:16:21.885+0000][gc,heap     ] GC(46) Eden regions: 47->0(81)
[2026-01-16T08:16:21.887+0000][gc,heap     ] GC(46) Survivor regions: 4->2(7)
[2026-01-16T08:16:21.894+0000][gc,heap     ] GC(46) Old regions: 36->36
[2026-01-16T08:16:21.895+0000][gc,heap     ] GC(46) Humongous regions: 137->137
[2026-01-16T08:16:21.895+0000][gc,metaspace] GC(46) Metaspace: 12597K(12928K)->12597K(12928K) NonClass: 11078K(11264K)->11078K(11264K) Class: 1519K(1664K)->1519K(1664K)
[2026-01-16T08:16:21.895+0000][gc          ] GC(46) Pause Young (Normal) (G1 Evacuation Pause) 223M->174M(1024M) 61.715ms
[2026-01-16T08:16:21.895+0000][gc,cpu      ] GC(46) User=0.04s Sys=0.01s Real=0.06s
[2026-01-16T08:16:26.809+0000][gc,start    ] GC(47) Pause Young (Normal) (G1 Evacuation Pause)
[2026-01-16T08:16:26.813+0000][gc,task     ] GC(47) Using 8 workers of 8 for evacuation
[2026-01-16T08:16:27.013+0000][gc,phases   ] GC(47)   Pre Evacuate Collection Set: 14.9ms
[2026-01-16T08:16:27.013+0000][gc,phases   ] GC(47)   Merge Heap Roots: 4.1ms
[2026-01-16T08:16:27.013+0000][gc,phases   ] GC(47)   Evacuate Collection Set: 132.8ms
[2026-01-16T08:16:27.013+0000][gc,phases   ] GC(47)   Post Evacuate Collection Set: 45.2ms
[2026-01-16T08:16:27.014+0000][gc,phases   ] GC(47)   Other: 2.2ms
[2026-01-16T08:16:27.019+0000][gc,heap     ] GC(47) Eden regions: 81->0(47)
[2026-01-16T08:16:27.021+0000][gc,heap     ] GC(47) Survivor regions: 2->4(11)
[2026-01-16T08:16:27.021+0000][gc,heap     ] GC(47) Old regions: 36->36
[2026-01-16T08:16:27.021+0000][gc,heap     ] GC(47) Humongous regions: 137->137
[2026-01-16T08:16:27.021+0000][gc,metaspace] GC(47) Metaspace: 12628K(12928K)->12628K(12928K) NonClass: 11108K(11264K)->11108K(11264K) Class: 1519K(1664K)->1519K(1664K)
[2026-01-16T08:16:27.023+0000][gc          ] GC(47) Pause Young (Normal) (G1 Evacuation Pause) 255M->175M(1024M) 213.421ms
[2026-01-16T08:16:27.023+0000][gc,cpu      ] GC(47) User=0.14s Sys=0.00s Real=0.21s
[2026-01-16T08:16:29.178+0000][gc,start    ] GC(48) Pause Young (Normal) (G1 Evacuation Pause)
[2026-01-16T08:16:29.180+0000][gc,task     ] GC(48) Using 8 workers of 8 for evacuation
[2026-01-16T08:16:29.244+0000][gc,phases   ] GC(48)   Pre Evacuate Collection Set: 12.0ms
[2026-01-16T08:16:29.244+0000][gc,phases   ] GC(48)   Merge Heap Roots: 0.4ms
[2026-01-16T08:16:29.245+0000][gc,phases   ] GC(48)   Evacuate Collection Set: 41.8ms
[2026-01-16T08:16:29.245+0000][gc,phases   ] GC(48)   Post Evacuate Collection Set: 7.4ms
[2026-01-16T08:16:29.245+0000][gc,phases   ] GC(48)   Other: 2.5ms
[2026-01-16T08:16:29.246+0000][gc,heap     ] GC(48) Eden regions: 47->0(109)
[2026-01-16T08:16:29.247+0000][gc,heap     ] GC(48) Survivor regions: 4->2(7)
[2026-01-16T08:16:29.247+0000][gc,heap     ] GC(48) Old regions: 36->36
[2026-01-16T08:16:29.247+0000][gc,heap     ] GC(48) Humongous regions: 137->137
[2026-01-16T08:16:29.248+0000][gc,metaspace] GC(48) Metaspace: 12631K(12992K)->12631K(12992K) NonClass: 11112K(11328K)->11112K(11328K) Class: 1519K(1664K)->1519K(1664K)
[2026-01-16T08:16:29.248+0000][gc          ] GC(48) Pause Young (Normal) (G1 Evacuation Pause) 222M->173M(1024M) 69.402ms
[2026-01-16T08:16:29.248+0000][gc,cpu      ] GC(48) User=0.04s Sys=0.00s Real=0.07s
[2026-01-16T08:16:33.315+0000][gc,start    ] GC(49) Pause Young (Normal) (G1 Evacuation Pause)
[2026-01-16T08:16:33.316+0000][gc,task     ] GC(49) Using 8 workers of 8 for evacuation
[2026-01-16T08:16:33.539+0000][gc,mmu      ] GC(49) MMU target violated: 201.0ms (200.0ms/201.0ms)
[2026-01-16T08:16:33.546+0000][gc,phases   ] GC(49)   Pre Evacuate Collection Set: 26.6ms
[2026-01-16T08:16:33.546+0000][gc,phases   ] GC(49)   Merge Heap Roots: 0.9ms
[2026-01-16T08:16:33.546+0000][gc,phases   ] GC(49)   Evacuate Collection Set: 182.6ms
[2026-01-16T08:16:33.546+0000][gc,phases   ] GC(49)   Post Evacuate Collection Set: 11.0ms
[2026-01-16T08:16:33.546+0000][gc,phases   ] GC(49)   Other: 8.8ms
[2026-01-16T08:16:33.546+0000][gc,heap     ] GC(49) Eden regions: 108->0(47)
[2026-01-16T08:16:33.548+0000][gc,heap     ] GC(49) Survivor regions: 2->4(14)
[2026-01-16T08:16:33.548+0000][gc,heap     ] GC(49) Old regions: 36->36
[2026-01-16T08:16:33.548+0000][gc,heap     ] GC(49) Humongous regions: 137->137
[2026-01-16T08:16:33.548+0000][gc,metaspace] GC(49) Metaspace: 12687K(12992K)->12687K(12992K) NonClass: 11168K(11328K)->11168K(11328K) Class: 1519K(1664K)->1519K(1664K)
[2026-01-16T08:16:33.548+0000][gc          ] GC(49) Pause Young (Normal) (G1 Evacuation Pause) 281M->175M(1024M) 233.261ms
[2026-01-16T08:16:33.548+0000][gc,cpu      ] GC(49) User=0.17s Sys=0.00s Real=0.23s
[2026-01-16T08:16:36.827+0000][gc,start    ] GC(50) Pause Young (Normal) (G1 Evacuation Pause)
[2026-01-16T08:16:36.829+0000][gc,task     ] GC(50) Using 8 workers of 8 for evacuation
[2026-01-16T08:16:36.880+0000][gc,phases   ] GC(50)   Pre Evacuate Collection Set: 8.4ms
[2026-01-16T08:16:36.885+0000][gc,phases   ] GC(50)   Merge Heap Roots: 5.0ms
[2026-01-16T08:16:36.885+0000][gc,phases   ] GC(50)   Evacuate Collection Set: 31.0ms
[2026-01-16T08:16:36.885+0000][gc,phases   ] GC(50)   Post Evacuate Collection Set: 5.9ms
[2026-01-16T08:16:36.886+0000][gc,phases   ] GC(50)   Other: 1.1ms
[2026-01-16T08:16:36.886+0000][gc,heap     ] GC(50) Eden regions: 47->0(155)
[2026-01-16T08:16:36.886+0000][gc,heap     ] GC(50) Survivor regions: 4->2(7)
[2026-01-16T08:16:36.886+0000][gc,heap     ] GC(50) Old regions: 36->36
[2026-01-16T08:16:36.886+0000][gc,heap     ] GC(50) Humongous regions: 137->137
[2026-01-16T08:16:36.886+0000][gc,metaspace] GC(50) Metaspace: 12726K(13056K)->12726K(13056K) NonClass: 11207K(11392K)->11207K(11392K) Class: 1519K(1664K)->1519K(1664K)
[2026-01-16T08:16:36.886+0000][gc          ] GC(50) Pause Young (Normal) (G1 Evacuation Pause) 222M->173M(1024M) 59.385ms
[2026-01-16T08:16:36.886+0000][gc,cpu      ] GC(50) User=0.04s Sys=0.00s Real=0.06s
[2026-01-16T08:16:47.873+0000][gc,start    ] GC(51) Pause Young (Normal) (G1 Evacuation Pause)
[2026-01-16T08:16:47.901+0000][gc,task     ] GC(51) Using 8 workers of 8 for evacuation
[2026-01-16T08:16:49.281+0000][gc,mmu      ] GC(51) MMU target violated: 201.0ms (200.0ms/201.0ms)
[2026-01-16T08:16:49.282+0000][gc,phases   ] GC(51)   Pre Evacuate Collection Set: 52.4ms
[2026-01-16T08:16:49.285+0000][gc,phases   ] GC(51)   Merge Heap Roots: 12.5ms
[2026-01-16T08:16:49.287+0000][gc,phases   ] GC(51)   Evacuate Collection Set: 1295.3ms
[2026-01-16T08:16:49.289+0000][gc,phases   ] GC(51)   Post Evacuate Collection Set: 16.0ms
[2026-01-16T08:16:49.293+0000][gc,phases   ] GC(51)   Other: 15.9ms
[2026-01-16T08:16:49.294+0000][gc,heap     ] GC(51) Eden regions: 153->0(47)
[2026-01-16T08:16:49.297+0000][gc,heap     ] GC(51) Survivor regions: 2->4(20)
[2026-01-16T08:16:49.301+0000][gc,heap     ] GC(51) Old regions: 36->36
[2026-01-16T08:16:49.304+0000][gc,heap     ] GC(51) Humongous regions: 137->137
[2026-01-16T08:16:49.306+0000][gc,metaspace] GC(51) Metaspace: 12824K(13120K)->12824K(13120K) NonClass: 11305K(11456K)->11305K(11456K) Class: 1519K(1664K)->1519K(1664K)
[2026-01-16T08:16:49.307+0000][gc          ] GC(51) Pause Young (Normal) (G1 Evacuation Pause) 326M->176M(1024M) 1433.855ms
[2026-01-16T08:16:49.318+0000][gc,cpu      ] GC(51) User=1.10s Sys=0.16s Real=1.43s
[2026-01-16T08:16:51.956+0000][gc,start    ] GC(52) Pause Young (Normal) (G1 Evacuation Pause)
[2026-01-16T08:16:51.959+0000][gc,task     ] GC(52) Using 8 workers of 8 for evacuation
[2026-01-16T08:16:52.146+0000][gc,phases   ] GC(52)   Pre Evacuate Collection Set: 25.3ms
[2026-01-16T08:16:52.147+0000][gc,phases   ] GC(52)   Merge Heap Roots: 0.7ms
[2026-01-16T08:16:52.148+0000][gc,phases   ] GC(52)   Evacuate Collection Set: 149.2ms
[2026-01-16T08:16:52.148+0000][gc,phases   ] GC(52)   Post Evacuate Collection Set: 9.4ms
[2026-01-16T08:16:52.148+0000][gc,phases   ] GC(52)   Other: 2.1ms
[2026-01-16T08:16:52.149+0000][gc,heap     ] GC(52) Eden regions: 47->0(48)
[2026-01-16T08:16:52.149+0000][gc,heap     ] GC(52) Survivor regions: 4->3(7)
[2026-01-16T08:16:52.149+0000][gc,heap     ] GC(52) Old regions: 36->36
[2026-01-16T08:16:52.150+0000][gc,heap     ] GC(52) Humongous regions: 137->137
[2026-01-16T08:16:52.150+0000][gc,metaspace] GC(52) Metaspace: 12832K(13120K)->12832K(13120K) NonClass: 11313K(11456K)->11313K(11456K) Class: 1519K(1664K)->1519K(1664K)
[2026-01-16T08:16:52.150+0000][gc          ] GC(52) Pause Young (Normal) (G1 Evacuation Pause) 223M->174M(1024M) 194.180ms
[2026-01-16T08:16:52.151+0000][gc,cpu      ] GC(52) User=0.13s Sys=0.01s Real=0.20s
[2026-01-16T08:16:53.425+0000][gc,start    ] GC(53) Pause Young (Normal) (G1 Evacuation Pause)
[2026-01-16T08:16:53.432+0000][gc,task     ] GC(53) Using 8 workers of 8 for evacuation
[2026-01-16T08:16:53.542+0000][gc,phases   ] GC(53)   Pre Evacuate Collection Set: 4.4ms
[2026-01-16T08:16:53.542+0000][gc,phases   ] GC(53)   Merge Heap Roots: 2.5ms
[2026-01-16T08:16:53.542+0000][gc,phases   ] GC(53)   Evacuate Collection Set: 94.1ms
[2026-01-16T08:16:53.543+0000][gc,phases   ] GC(53)   Post Evacuate Collection Set: 4.1ms
[2026-01-16T08:16:53.543+0000][gc,phases   ] GC(53)   Other: 4.4ms
[2026-01-16T08:16:53.544+0000][gc,heap     ] GC(53) Eden regions: 48->0(48)
[2026-01-16T08:16:53.544+0000][gc,heap     ] GC(53) Survivor regions: 3->3(7)
[2026-01-16T08:16:53.544+0000][gc,heap     ] GC(53) Old regions: 36->36
[2026-01-16T08:16:53.544+0000][gc,heap     ] GC(53) Humongous regions: 137->137
[2026-01-16T08:16:53.545+0000][gc,metaspace] GC(53) Metaspace: 12840K(13120K)->12840K(13120K) NonClass: 11321K(11456K)->11321K(11456K) Class: 1519K(1664K)->1519K(1664K)
[2026-01-16T08:16:53.545+0000][gc          ] GC(53) Pause Young (Normal) (G1 Evacuation Pause) 222M->175M(1024M) 119.501ms
[2026-01-16T08:16:53.545+0000][gc,cpu      ] GC(53) User=0.07s Sys=0.02s Real=0.12s
[2026-01-16T08:16:55.212+0000][gc,start    ] GC(54) Pause Young (Normal) (G1 Evacuation Pause)
[2026-01-16T08:16:55.215+0000][gc,task     ] GC(54) Using 8 workers of 8 for evacuation
[2026-01-16T08:16:55.412+0000][gc,phases   ] GC(54)   Pre Evacuate Collection Set: 37.1ms
[2026-01-16T08:16:55.414+0000][gc,phases   ] GC(54)   Merge Heap Roots: 0.3ms
[2026-01-16T08:16:55.414+0000][gc,phases   ] GC(54)   Evacuate Collection Set: 150.1ms
[2026-01-16T08:16:55.415+0000][gc,phases   ] GC(54)   Post Evacuate Collection Set: 8.2ms
[2026-01-16T08:16:55.415+0000][gc,phases   ] GC(54)   Other: 1.5ms
[2026-01-16T08:16:55.415+0000][gc,heap     ] GC(54) Eden regions: 48->0(47)
[2026-01-16T08:16:55.416+0000][gc,heap     ] GC(54) Survivor regions: 3->4(7)
[2026-01-16T08:16:55.416+0000][gc,heap     ] GC(54) Old regions: 36->36
[2026-01-16T08:16:55.420+0000][gc,heap     ] GC(54) Humongous regions: 137->137
[2026-01-16T08:16:55.421+0000][gc,metaspace] GC(54) Metaspace: 12851K(13120K)->12851K(13120K) NonClass: 11332K(11456K)->11332K(11456K) Class: 1519K(1664K)->1519K(1664K)
[2026-01-16T08:16:55.421+0000][gc          ] GC(54) Pause Young (Normal) (G1 Evacuation Pause) 223M->175M(1024M) 209.085ms
[2026-01-16T08:16:55.421+0000][gc,cpu      ] GC(54) User=0.14s Sys=0.00s Real=0.21s
[2026-01-16T08:16:56.699+0000][gc,start    ] GC(55) Pause Young (Normal) (G1 Evacuation Pause)
[2026-01-16T08:16:56.703+0000][gc,task     ] GC(55) Using 8 workers of 8 for evacuation
[2026-01-16T08:16:56.825+0000][gc,phases   ] GC(55)   Pre Evacuate Collection Set: 45.9ms
[2026-01-16T08:16:56.825+0000][gc,phases   ] GC(55)   Merge Heap Roots: 5.7ms
[2026-01-16T08:16:56.828+0000][gc,phases   ] GC(55)   Evacuate Collection Set: 60.7ms
[2026-01-16T08:16:56.829+0000][gc,phases   ] GC(55)   Post Evacuate Collection Set: 6.4ms
[2026-01-16T08:16:56.832+0000][gc,phases   ] GC(55)   Other: 3.2ms
[2026-01-16T08:16:56.832+0000][gc,heap     ] GC(55) Eden regions: 47->0(47)
[2026-01-16T08:16:56.833+0000][gc,heap     ] GC(55) Survivor regions: 4->4(7)
[2026-01-16T08:16:56.834+0000][gc,heap     ] GC(55) Old regions: 36->36
[2026-01-16T08:16:56.835+0000][gc,heap     ] GC(55) Humongous regions: 137->137
[2026-01-16T08:16:56.835+0000][gc,metaspace] GC(55) Metaspace: 12855K(13120K)->12855K(13120K) NonClass: 11336K(11456K)->11336K(11456K) Class: 1519K(1664K)->1519K(1664K)
[2026-01-16T08:16:56.836+0000][gc          ] GC(55) Pause Young (Normal) (G1 Evacuation Pause) 222M->176M(1024M) 136.855ms
[2026-01-16T08:16:56.838+0000][gc,cpu      ] GC(55) User=0.09s Sys=0.01s Real=0.14s
[2026-01-16T08:16:59.461+0000][gc,start    ] GC(56) Pause Young (Normal) (G1 Evacuation Pause)
[2026-01-16T08:16:59.462+0000][gc,task     ] GC(56) Using 8 workers of 8 for evacuation
[2026-01-16T08:16:59.554+0000][gc,phases   ] GC(56)   Pre Evacuate Collection Set: 14.4ms
[2026-01-16T08:16:59.562+0000][gc,phases   ] GC(56)   Merge Heap Roots: 0.5ms
[2026-01-16T08:16:59.563+0000][gc,phases   ] GC(56)   Evacuate Collection Set: 71.9ms
[2026-01-16T08:16:59.564+0000][gc,phases   ] GC(56)   Post Evacuate Collection Set: 3.6ms
[2026-01-16T08:16:59.565+0000][gc,phases   ] GC(56)   Other: 1.1ms
[2026-01-16T08:16:59.565+0000][gc,heap     ] GC(56) Eden regions: 47->0(48)
[2026-01-16T08:16:59.566+0000][gc,heap     ] GC(56) Survivor regions: 4->3(7)
[2026-01-16T08:16:59.567+0000][gc,heap     ] GC(56) Old regions: 36->36
[2026-01-16T08:16:59.567+0000][gc,heap     ] GC(56) Humongous regions: 137->137
[2026-01-16T08:16:59.568+0000][gc,metaspace] GC(56) Metaspace: 12880K(13184K)->12880K(13184K) NonClass: 11361K(11520K)->11361K(11520K) Class: 1519K(1664K)->1519K(1664K)
[2026-01-16T08:16:59.569+0000][gc          ] GC(56) Pause Young (Normal) (G1 Evacuation Pause) 223M->175M(1024M) 107.887ms
[2026-01-16T08:16:59.569+0000][gc,cpu      ] GC(56) User=0.06s Sys=0.01s Real=0.10s
[2026-01-16T08:17:00.609+0000][gc,start    ] GC(57) Pause Young (Normal) (G1 Evacuation Pause)
[2026-01-16T08:17:00.610+0000][gc,task     ] GC(57) Using 8 workers of 8 for evacuation
[2026-01-16T08:17:00.721+0000][gc,phases   ] GC(57)   Pre Evacuate Collection Set: 7.4ms
[2026-01-16T08:17:00.723+0000][gc,phases   ] GC(57)   Merge Heap Roots: 0.6ms
[2026-01-16T08:17:00.723+0000][gc,phases   ] GC(57)   Evacuate Collection Set: 100.2ms
[2026-01-16T08:17:00.725+0000][gc,phases   ] GC(57)   Post Evacuate Collection Set: 1.6ms
[2026-01-16T08:17:00.726+0000][gc,phases   ] GC(57)   Other: 1.3ms
[2026-01-16T08:17:00.729+0000][gc,heap     ] GC(57) Eden regions: 48->0(49)
[2026-01-16T08:17:00.730+0000][gc,heap     ] GC(57) Survivor regions: 3->3(7)
[2026-01-16T08:17:00.730+0000][gc,heap     ] GC(57) Old regions: 36->36
[2026-01-16T08:17:00.730+0000][gc,heap     ] GC(57) Humongous regions: 137->137
[2026-01-16T08:17:00.730+0000][gc,metaspace] GC(57) Metaspace: 12887K(13184K)->12887K(13184K) NonClass: 11367K(11520K)->11367K(11520K) Class: 1520K(1664K)->1520K(1664K)
[2026-01-16T08:17:00.734+0000][gc          ] GC(57) Pause Young (Normal) (G1 Evacuation Pause) 223M->175M(1024M) 124.666ms
[2026-01-16T08:17:00.736+0000][gc,cpu      ] GC(57) User=0.07s Sys=0.01s Real=0.12s
[2026-01-16T08:17:01.749+0000][gc,start    ] GC(58) Pause Young (Normal) (G1 Evacuation Pause)
[2026-01-16T08:17:01.762+0000][gc,task     ] GC(58) Using 8 workers of 8 for evacuation
[2026-01-16T08:17:01.878+0000][gc,phases   ] GC(58)   Pre Evacuate Collection Set: 1.1ms
[2026-01-16T08:17:01.878+0000][gc,phases   ] GC(58)   Merge Heap Roots: 3.9ms
[2026-01-16T08:17:01.879+0000][gc,phases   ] GC(58)   Evacuate Collection Set: 104.5ms
[2026-01-16T08:17:01.879+0000][gc,phases   ] GC(58)   Post Evacuate Collection Set: 4.3ms
[2026-01-16T08:17:01.880+0000][gc,phases   ] GC(58)   Other: 2.3ms
[2026-01-16T08:17:01.881+0000][gc,heap     ] GC(58) Eden regions: 48->0(47)
[2026-01-16T08:17:01.883+0000][gc,heap     ] GC(58) Survivor regions: 3->4(7)
[2026-01-16T08:17:01.884+0000][gc,heap     ] GC(58) Old regions: 36->37
[2026-01-16T08:17:01.884+0000][gc,heap     ] GC(58) Humongous regions: 137->137
[2026-01-16T08:17:01.885+0000][gc,metaspace] GC(58) Metaspace: 12904K(13184K)->12904K(13184K) NonClass: 11384K(11520K)->11384K(11520K) Class: 1520K(1664K)->1520K(1664K)
[2026-01-16T08:17:01.885+0000][gc          ] GC(58) Pause Young (Normal) (G1 Evacuation Pause) 223M->176M(1024M) 136.271ms
[2026-01-16T08:17:01.885+0000][gc,cpu      ] GC(58) User=0.06s Sys=0.01s Real=0.13s
[2026-01-16T08:17:08.995+0000][gc,start    ] GC(59) Pause Young (Normal) (G1 Evacuation Pause)
[2026-01-16T08:17:08.997+0000][gc,task     ] GC(59) Using 8 workers of 8 for evacuation
[2026-01-16T08:17:09.063+0000][gc,phases   ] GC(59)   Pre Evacuate Collection Set: 9.5ms
[2026-01-16T08:17:09.064+0000][gc,phases   ] GC(59)   Merge Heap Roots: 9.0ms
[2026-01-16T08:17:09.065+0000][gc,phases   ] GC(59)   Evacuate Collection Set: 37.5ms
[2026-01-16T08:17:09.065+0000][gc,phases   ] GC(59)   Post Evacuate Collection Set: 9.7ms
[2026-01-16T08:17:09.069+0000][gc,phases   ] GC(59)   Other: 1.1ms
[2026-01-16T08:17:09.069+0000][gc,heap     ] GC(59) Eden regions: 47->0(179)
[2026-01-16T08:17:09.069+0000][gc,heap     ] GC(59) Survivor regions: 4->2(7)
[2026-01-16T08:17:09.069+0000][gc,heap     ] GC(59) Old regions: 37->37
[2026-01-16T08:17:09.069+0000][gc,heap     ] GC(59) Humongous regions: 137->137
[2026-01-16T08:17:09.069+0000][gc,metaspace] GC(59) Metaspace: 12910K(13248K)->12910K(13248K) NonClass: 11390K(11584K)->11390K(11584K) Class: 1520K(1664K)->1520K(1664K)
[2026-01-16T08:17:09.069+0000][gc          ] GC(59) Pause Young (Normal) (G1 Evacuation Pause) 223M->174M(1024M) 74.335ms
[2026-01-16T08:17:09.070+0000][gc,cpu      ] GC(59) User=0.06s Sys=0.01s Real=0.08s
[2026-01-16T08:17:19.749+0000][gc,start    ] GC(60) Pause Young (Normal) (G1 Evacuation Pause)
[2026-01-16T08:17:19.750+0000][gc,task     ] GC(60) Using 8 workers of 8 for evacuation
[2026-01-16T08:17:19.899+0000][gc,phases   ] GC(60)   Pre Evacuate Collection Set: 13.0ms
[2026-01-16T08:17:19.900+0000][gc,phases   ] GC(60)   Merge Heap Roots: 1.2ms
[2026-01-16T08:17:19.900+0000][gc,phases   ] GC(60)   Evacuate Collection Set: 129.4ms
[2026-01-16T08:17:19.901+0000][gc,phases   ] GC(60)   Post Evacuate Collection Set: 4.9ms
[2026-01-16T08:17:19.901+0000][gc,phases   ] GC(60)   Other: 0.4ms
[2026-01-16T08:17:19.902+0000][gc,heap     ] GC(60) Eden regions: 178->0(213)
[2026-01-16T08:17:19.903+0000][gc,heap     ] GC(60) Survivor regions: 2->2(23)
[2026-01-16T08:17:19.905+0000][gc,heap     ] GC(60) Old regions: 37->37
[2026-01-16T08:17:19.907+0000][gc,heap     ] GC(60) Humongous regions: 137->137
[2026-01-16T08:17:19.907+0000][gc,metaspace] GC(60) Metaspace: 12935K(13248K)->12935K(13248K) NonClass: 11415K(11584K)->11415K(11584K) Class: 1520K(1664K)->1520K(1664K)
[2026-01-16T08:17:19.908+0000][gc          ] GC(60) Pause Young (Normal) (G1 Evacuation Pause) 352M->175M(1024M) 158.325ms
[2026-01-16T08:17:19.908+0000][gc,cpu      ] GC(60) User=0.09s Sys=0.01s Real=0.16s
[2026-01-16T08:17:31.493+0000][gc,start    ] GC(61) Pause Young (Normal) (G1 Evacuation Pause)
[2026-01-16T08:17:31.494+0000][gc,task     ] GC(61) Using 8 workers of 8 for evacuation
[2026-01-16T08:17:31.753+0000][gc,mmu      ] GC(61) MMU target violated: 201.0ms (200.0ms/201.0ms)
[2026-01-16T08:17:31.757+0000][gc,phases   ] GC(61)   Pre Evacuate Collection Set: 29.6ms
[2026-01-16T08:17:31.757+0000][gc,phases   ] GC(61)   Merge Heap Roots: 3.6ms
[2026-01-16T08:17:31.758+0000][gc,phases   ] GC(61)   Evacuate Collection Set: 193.1ms
[2026-01-16T08:17:31.758+0000][gc,phases   ] GC(61)   Post Evacuate Collection Set: 24.1ms
[2026-01-16T08:17:31.758+0000][gc,phases   ] GC(61)   Other: 12.2ms
[2026-01-16T08:17:31.759+0000][gc,heap     ] GC(61) Eden regions: 213->0(57)
[2026-01-16T08:17:31.759+0000][gc,heap     ] GC(61) Survivor regions: 2->3(27)
[2026-01-16T08:17:31.759+0000][gc,heap     ] GC(61) Old regions: 37->37
[2026-01-16T08:17:31.760+0000][gc,heap     ] GC(61) Humongous regions: 137->137
[2026-01-16T08:17:31.760+0000][gc,metaspace] GC(61) Metaspace: 13097K(13440K)->13097K(13440K) NonClass: 11576K(11776K)->11576K(11776K) Class: 1520K(1664K)->1520K(1664K)
[2026-01-16T08:17:31.760+0000][gc          ] GC(61) Pause Young (Normal) (G1 Evacuation Pause) 388M->176M(1024M) 267.357ms
[2026-01-16T08:17:31.762+0000][gc,cpu      ] GC(61) User=0.18s Sys=0.01s Real=0.27s
[2026-01-16T08:17:34.030+0000][gc,start    ] GC(62) Pause Young (Normal) (G1 Evacuation Pause)
[2026-01-16T08:17:34.033+0000][gc,task     ] GC(62) Using 8 workers of 8 for evacuation
[2026-01-16T08:17:34.161+0000][gc,phases   ] GC(62)   Pre Evacuate Collection Set: 7.2ms
[2026-01-16T08:17:34.162+0000][gc,phases   ] GC(62)   Merge Heap Roots: 0.5ms
[2026-01-16T08:17:34.162+0000][gc,phases   ] GC(62)   Evacuate Collection Set: 111.9ms
[2026-01-16T08:17:34.162+0000][gc,phases   ] GC(62)   Post Evacuate Collection Set: 1.3ms
[2026-01-16T08:17:34.162+0000][gc,phases   ] GC(62)   Other: 7.5ms
[2026-01-16T08:17:34.162+0000][gc,heap     ] GC(62) Eden regions: 61->0(50)
[2026-01-16T08:17:34.162+0000][gc,heap     ] GC(62) Survivor regions: 3->4(8)
[2026-01-16T08:17:34.162+0000][gc,heap     ] GC(62) Old regions: 37->37
[2026-01-16T08:17:34.162+0000][gc,heap     ] GC(62) Humongous regions: 137->137
[2026-01-16T08:17:34.163+0000][gc,metaspace] GC(62) Metaspace: 13111K(13440K)->13111K(13440K) NonClass: 11591K(11776K)->11591K(11776K) Class: 1520K(1664K)->1520K(1664K)
[2026-01-16T08:17:34.165+0000][gc          ] GC(62) Pause Young (Normal) (G1 Evacuation Pause) 237M->176M(1024M) 134.377ms
[2026-01-16T08:17:34.165+0000][gc,cpu      ] GC(62) User=0.08s Sys=0.00s Real=0.13s
[2026-01-16T08:17:35.491+0000][gc,start    ] GC(63) Pause Young (Normal) (G1 Evacuation Pause)
[2026-01-16T08:17:35.492+0000][gc,task     ] GC(63) Using 8 workers of 8 for evacuation
[2026-01-16T08:17:35.529+0000][gc,phases   ] GC(63)   Pre Evacuate Collection Set: 3.3ms
[2026-01-16T08:17:35.536+0000][gc,phases   ] GC(63)   Merge Heap Roots: 1.1ms
[2026-01-16T08:17:35.546+0000][gc,phases   ] GC(63)   Evacuate Collection Set: 29.1ms
[2026-01-16T08:17:35.547+0000][gc,phases   ] GC(63)   Post Evacuate Collection Set: 2.4ms
[2026-01-16T08:17:35.548+0000][gc,phases   ] GC(63)   Other: 0.8ms
[2026-01-16T08:17:35.551+0000][gc,heap     ] GC(63) Eden regions: 47->0(121)
[2026-01-16T08:17:35.551+0000][gc,heap     ] GC(63) Survivor regions: 4->4(7)
[2026-01-16T08:17:35.551+0000][gc,heap     ] GC(63) Old regions: 37->37
[2026-01-16T08:17:35.552+0000][gc,heap     ] GC(63) Humongous regions: 137->137
[2026-01-16T08:17:35.552+0000][gc,metaspace] GC(63) Metaspace: 13113K(13440K)->13113K(13440K) NonClass: 11593K(11776K)->11593K(11776K) Class: 1520K(1664K)->1520K(1664K)
[2026-01-16T08:17:35.552+0000][gc          ] GC(63) Pause Young (Normal) (G1 Evacuation Pause) 223M->177M(1024M) 60.590ms
[2026-01-16T08:17:35.552+0000][gc,cpu      ] GC(63) User=0.03s Sys=0.01s Real=0.06s
[2026-01-16T08:17:41.593+0000][gc,start    ] GC(64) Pause Young (Normal) (G1 Evacuation Pause)
[2026-01-16T08:17:41.597+0000][gc,task     ] GC(64) Using 8 workers of 8 for evacuation
[2026-01-16T08:17:41.976+0000][gc,mmu      ] GC(64) MMU target violated: 201.0ms (200.0ms/201.0ms)
[2026-01-16T08:17:41.977+0000][gc,phases   ] GC(64)   Pre Evacuate Collection Set: 16.9ms
[2026-01-16T08:17:41.978+0000][gc,phases   ] GC(64)   Merge Heap Roots: 2.5ms
[2026-01-16T08:17:41.979+0000][gc,phases   ] GC(64)   Evacuate Collection Set: 337.5ms
[2026-01-16T08:17:41.984+0000][gc,phases   ] GC(64)   Post Evacuate Collection Set: 9.8ms
[2026-01-16T08:17:41.987+0000][gc,phases   ] GC(64)   Other: 14.2ms
[2026-01-16T08:17:41.990+0000][gc,heap     ] GC(64) Eden regions: 115->0(47)
[2026-01-16T08:17:41.992+0000][gc,heap     ] GC(64) Survivor regions: 4->4(15)
[2026-01-16T08:17:41.995+0000][gc,heap     ] GC(64) Old regions: 37->37
[2026-01-16T08:17:41.998+0000][gc,heap     ] GC(64) Humongous regions: 137->137
[2026-01-16T08:17:42.003+0000][gc,metaspace] GC(64) Metaspace: 13129K(13440K)->13129K(13440K) NonClass: 11608K(11776K)->11608K(11776K) Class: 1521K(1664K)->1521K(1664K)
[2026-01-16T08:17:42.006+0000][gc          ] GC(64) Pause Young (Normal) (G1 Evacuation Pause) 292M->176M(1024M) 413.024ms
[2026-01-16T08:17:42.007+0000][gc,cpu      ] GC(64) User=0.30s Sys=0.04s Real=0.41s
[2026-01-16T08:17:43.904+0000][gc,start    ] GC(65) Pause Young (Normal) (G1 Evacuation Pause)
[2026-01-16T08:17:43.905+0000][gc,task     ] GC(65) Using 8 workers of 8 for evacuation
[2026-01-16T08:17:44.052+0000][gc,phases   ] GC(65)   Pre Evacuate Collection Set: 17.2ms
[2026-01-16T08:17:44.053+0000][gc,phases   ] GC(65)   Merge Heap Roots: 0.3ms
[2026-01-16T08:17:44.053+0000][gc,phases   ] GC(65)   Evacuate Collection Set: 117.0ms
[2026-01-16T08:17:44.053+0000][gc,phases   ] GC(65)   Post Evacuate Collection Set: 8.0ms
[2026-01-16T08:17:44.053+0000][gc,phases   ] GC(65)   Other: 3.8ms
[2026-01-16T08:17:44.054+0000][gc,heap     ] GC(65) Eden regions: 47->0(46)
[2026-01-16T08:17:44.054+0000][gc,heap     ] GC(65) Survivor regions: 4->5(7)
[2026-01-16T08:17:44.054+0000][gc,heap     ] GC(65) Old regions: 37->37
[2026-01-16T08:17:44.054+0000][gc,heap     ] GC(65) Humongous regions: 137->137
[2026-01-16T08:17:44.054+0000][gc,metaspace] GC(65) Metaspace: 13132K(13440K)->13132K(13440K) NonClass: 11611K(11776K)->11611K(11776K) Class: 1521K(1664K)->1521K(1664K)
[2026-01-16T08:17:44.055+0000][gc          ] GC(65) Pause Young (Normal) (G1 Evacuation Pause) 223M->177M(1024M) 150.433ms
[2026-01-16T08:17:44.056+0000][gc,cpu      ] GC(65) User=0.12s Sys=0.01s Real=0.15s
[2026-01-16T08:17:50.070+0000][gc,start    ] GC(66) Pause Young (Normal) (G1 Evacuation Pause)
[2026-01-16T08:17:50.079+0000][gc,task     ] GC(66) Using 8 workers of 8 for evacuation
[2026-01-16T08:17:50.291+0000][gc,mmu      ] GC(66) MMU target violated: 201.0ms (200.0ms/201.0ms)
[2026-01-16T08:17:50.293+0000][gc,phases   ] GC(66)   Pre Evacuate Collection Set: 36.8ms
[2026-01-16T08:17:50.296+0000][gc,phases   ] GC(66)   Merge Heap Roots: 6.9ms
[2026-01-16T08:17:50.296+0000][gc,phases   ] GC(66)   Evacuate Collection Set: 146.5ms
[2026-01-16T08:17:50.296+0000][gc,phases   ] GC(66)   Post Evacuate Collection Set: 15.7ms
[2026-01-16T08:17:50.296+0000][gc,phases   ] GC(66)   Other: 9.0ms
[2026-01-16T08:17:50.297+0000][gc,heap     ] GC(66) Eden regions: 46->0(99)
[2026-01-16T08:17:50.300+0000][gc,heap     ] GC(66) Survivor regions: 5->3(7)
[2026-01-16T08:17:50.300+0000][gc,heap     ] GC(66) Old regions: 37->38
[2026-01-16T08:17:50.300+0000][gc,heap     ] GC(66) Humongous regions: 137->137
[2026-01-16T08:17:50.302+0000][gc,metaspace] GC(66) Metaspace: 13196K(13504K)->13196K(13504K) NonClass: 11675K(11840K)->11675K(11840K) Class: 1521K(1664K)->1521K(1664K)
[2026-01-16T08:17:50.302+0000][gc          ] GC(66) Pause Young (Normal) (G1 Evacuation Pause) 223M->176M(1024M) 232.401ms
[2026-01-16T08:17:50.302+0000][gc,cpu      ] GC(66) User=0.11s Sys=0.01s Real=0.24s
[2026-01-16T08:17:53.164+0000][gc,start    ] GC(67) Pause Young (Normal) (G1 Evacuation Pause)
[2026-01-16T08:17:53.165+0000][gc,task     ] GC(67) Using 8 workers of 8 for evacuation
[2026-01-16T08:17:53.466+0000][gc,mmu      ] GC(67) MMU target violated: 201.0ms (200.0ms/201.0ms)
[2026-01-16T08:17:53.495+0000][gc,phases   ] GC(67)   Pre Evacuate Collection Set: 22.9ms
[2026-01-16T08:17:53.495+0000][gc,phases   ] GC(67)   Merge Heap Roots: 0.3ms
[2026-01-16T08:17:53.495+0000][gc,phases   ] GC(67)   Evacuate Collection Set: 269.1ms
[2026-01-16T08:17:53.495+0000][gc,phases   ] GC(67)   Post Evacuate Collection Set: 9.0ms
[2026-01-16T08:17:53.495+0000][gc,phases   ] GC(67)   Other: 29.1ms
[2026-01-16T08:17:53.495+0000][gc,heap     ] GC(67) Eden regions: 87->0(47)
[2026-01-16T08:17:53.495+0000][gc,heap     ] GC(67) Survivor regions: 3->4(12)
[2026-01-16T08:17:53.503+0000][gc,heap     ] GC(67) Old regions: 38->38
[2026-01-16T08:17:53.504+0000][gc,heap     ] GC(67) Humongous regions: 137->137
[2026-01-16T08:17:53.504+0000][gc,metaspace] GC(67) Metaspace: 13210K(13504K)->13210K(13504K) NonClass: 11689K(11840K)->11689K(11840K) Class: 1521K(1664K)->1521K(1664K)
[2026-01-16T08:17:53.505+0000][gc          ] GC(67) Pause Young (Normal) (G1 Evacuation Pause) 263M->177M(1024M) 340.823ms
[2026-01-16T08:17:53.505+0000][gc,cpu      ] GC(67) User=0.29s Sys=0.06s Real=0.34s
[2026-01-16T08:18:00.962+0000][gc,start    ] GC(68) Pause Young (Normal) (G1 Evacuation Pause)
[2026-01-16T08:18:00.972+0000][gc,task     ] GC(68) Using 8 workers of 8 for evacuation
[2026-01-16T08:18:01.898+0000][gc,mmu      ] GC(68) MMU target violated: 201.0ms (200.0ms/201.0ms)
[2026-01-16T08:18:01.899+0000][gc,phases   ] GC(68)   Pre Evacuate Collection Set: 34.4ms
[2026-01-16T08:18:01.899+0000][gc,phases   ] GC(68)   Merge Heap Roots: 27.4ms
[2026-01-16T08:18:01.899+0000][gc,phases   ] GC(68)   Evacuate Collection Set: 750.6ms
[2026-01-16T08:18:01.900+0000][gc,phases   ] GC(68)   Post Evacuate Collection Set: 89.6ms
[2026-01-16T08:18:01.900+0000][gc,phases   ] GC(68)   Other: 31.9ms
[2026-01-16T08:18:01.900+0000][gc,heap     ] GC(68) Eden regions: 47->0(46)
[2026-01-16T08:18:01.901+0000][gc,heap     ] GC(68) Survivor regions: 4->5(7)
[2026-01-16T08:18:01.901+0000][gc,heap     ] GC(68) Old regions: 38->38
[2026-01-16T08:18:01.901+0000][gc,heap     ] GC(68) Humongous regions: 137->137
[2026-01-16T08:18:01.901+0000][gc,metaspace] GC(68) Metaspace: 13245K(13568K)->13245K(13568K) NonClass: 11724K(11904K)->11724K(11904K) Class: 1521K(1664K)->1521K(1664K)
[2026-01-16T08:18:01.902+0000][gc          ] GC(68) Pause Young (Normal) (G1 Evacuation Pause) 224M->178M(1024M) 941.476ms
[2026-01-16T08:18:01.903+0000][gc,cpu      ] GC(68) User=0.44s Sys=0.05s Real=0.94s
[2026-01-16T08:18:05.052+0000][gc,start    ] GC(69) Pause Young (Normal) (G1 Evacuation Pause)
[2026-01-16T08:18:05.156+0000][gc,task     ] GC(69) Using 8 workers of 8 for evacuation
[2026-01-16T08:18:06.056+0000][gc,mmu      ] GC(69) MMU target violated: 201.0ms (200.0ms/201.0ms)
[2026-01-16T08:18:06.063+0000][gc,phases   ] GC(69)   Pre Evacuate Collection Set: 248.1ms
[2026-01-16T08:18:06.065+0000][gc,phases   ] GC(69)   Merge Heap Roots: 44.2ms
[2026-01-16T08:18:06.066+0000][gc,phases   ] GC(69)   Evacuate Collection Set: 567.3ms
[2026-01-16T08:18:06.066+0000][gc,phases   ] GC(69)   Post Evacuate Collection Set: 27.5ms
[2026-01-16T08:18:06.066+0000][gc,phases   ] GC(69)   Other: 86.6ms
[2026-01-16T08:18:06.066+0000][gc,heap     ] GC(69) Eden regions: 46->0(49)
[2026-01-16T08:18:06.066+0000][gc,heap     ] GC(69) Survivor regions: 5->2(7)
[2026-01-16T08:18:06.066+0000][gc,heap     ] GC(69) Old regions: 38->38
[2026-01-16T08:18:06.066+0000][gc,heap     ] GC(69) Humongous regions: 137->137
[2026-01-16T08:18:06.066+0000][gc,metaspace] GC(69) Metaspace: 13258K(13568K)->13258K(13568K) NonClass: 11735K(11904K)->11735K(11904K) Class: 1523K(1664K)->1523K(1664K)
[2026-01-16T08:18:06.066+0000][gc          ] GC(69) Pause Young (Normal) (G1 Evacuation Pause) 224M->176M(1024M) 1014.351ms
[2026-01-16T08:18:06.078+0000][gc,cpu      ] GC(69) User=0.32s Sys=0.07s Real=1.02s
[2026-01-16T08:18:07.806+0000][gc,start    ] GC(70) Pause Young (Normal) (G1 Evacuation Pause)
[2026-01-16T08:18:07.809+0000][gc,task     ] GC(70) Using 8 workers of 8 for evacuation
[2026-01-16T08:18:08.089+0000][gc,mmu      ] GC(70) MMU target violated: 201.0ms (200.0ms/201.0ms)
[2026-01-16T08:18:08.099+0000][gc,phases   ] GC(70)   Pre Evacuate Collection Set: 1.8ms
[2026-01-16T08:18:08.121+0000][gc,phases   ] GC(70)   Merge Heap Roots: 0.2ms
[2026-01-16T08:18:08.155+0000][gc,phases   ] GC(70)   Evacuate Collection Set: 269.9ms
[2026-01-16T08:18:08.155+0000][gc,phases   ] GC(70)   Post Evacuate Collection Set: 0.7ms
[2026-01-16T08:18:08.159+0000][gc,phases   ] GC(70)   Other: 17.7ms
[2026-01-16T08:18:08.166+0000][gc,heap     ] GC(70) Eden regions: 49->0(48)
[2026-01-16T08:18:08.167+0000][gc,heap     ] GC(70) Survivor regions: 2->3(7)
[2026-01-16T08:18:08.169+0000][gc,heap     ] GC(70) Old regions: 38->38
[2026-01-16T08:18:08.170+0000][gc,heap     ] GC(70) Humongous regions: 137->137
[2026-01-16T08:18:08.170+0000][gc,metaspace] GC(70) Metaspace: 13264K(13568K)->13264K(13568K) NonClass: 11741K(11904K)->11741K(11904K) Class: 1523K(1664K)->1523K(1664K)
[2026-01-16T08:18:08.170+0000][gc          ] GC(70) Pause Young (Normal) (G1 Evacuation Pause) 225M->177M(1024M) 364.689ms
[2026-01-16T08:18:08.171+0000][gc,cpu      ] GC(70) User=0.14s Sys=0.02s Real=0.37s
[2026-01-16T08:18:09.120+0000][gc,start    ] GC(71) Pause Young (Normal) (G1 Evacuation Pause)
[2026-01-16T08:18:09.121+0000][gc,task     ] GC(71) Using 8 workers of 8 for evacuation
[2026-01-16T08:18:09.171+0000][gc,phases   ] GC(71)   Pre Evacuate Collection Set: 1.7ms
[2026-01-16T08:18:09.175+0000][gc,phases   ] GC(71)   Merge Heap Roots: 0.7ms
[2026-01-16T08:18:09.176+0000][gc,phases   ] GC(71)   Evacuate Collection Set: 37.0ms
[2026-01-16T08:18:09.176+0000][gc,phases   ] GC(71)   Post Evacuate Collection Set: 6.8ms
[2026-01-16T08:18:09.177+0000][gc,phases   ] GC(71)   Other: 3.2ms
[2026-01-16T08:18:09.177+0000][gc,heap     ] GC(71) Eden regions: 48->0(47)
[2026-01-16T08:18:09.177+0000][gc,heap     ] GC(71) Survivor regions: 3->4(7)
[2026-01-16T08:18:09.178+0000][gc,heap     ] GC(71) Old regions: 38->38
[2026-01-16T08:18:09.178+0000][gc,heap     ] GC(71) Humongous regions: 137->137
[2026-01-16T08:18:09.179+0000][gc,metaspace] GC(71) Metaspace: 13265K(13568K)->13265K(13568K) NonClass: 11742K(11904K)->11742K(11904K) Class: 1523K(1664K)->1523K(1664K)
[2026-01-16T08:18:09.179+0000][gc          ] GC(71) Pause Young (Normal) (G1 Evacuation Pause) 225M->177M(1024M) 59.180ms
[2026-01-16T08:18:09.180+0000][gc,cpu      ] GC(71) User=0.04s Sys=0.00s Real=0.06s
[2026-01-16T08:18:09.962+0000][gc,start    ] GC(72) Pause Young (Normal) (G1 Evacuation Pause)
[2026-01-16T08:18:09.964+0000][gc,task     ] GC(72) Using 8 workers of 8 for evacuation
[2026-01-16T08:18:10.569+0000][gc,mmu      ] GC(72) MMU target violated: 201.0ms (200.0ms/201.0ms)
[2026-01-16T08:18:10.579+0000][gc,phases   ] GC(72)   Pre Evacuate Collection Set: 14.7ms
[2026-01-16T08:18:10.580+0000][gc,phases   ] GC(72)   Merge Heap Roots: 2.5ms
[2026-01-16T08:18:10.583+0000][gc,phases   ] GC(72)   Evacuate Collection Set: 565.7ms
[2026-01-16T08:18:10.624+0000][gc,phases   ] GC(72)   Post Evacuate Collection Set: 21.2ms
[2026-01-16T08:18:10.625+0000][gc,phases   ] GC(72)   Other: 10.6ms
[2026-01-16T08:18:10.625+0000][gc,heap     ] GC(72) Eden regions: 47->0(46)
[2026-01-16T08:18:10.626+0000][gc,heap     ] GC(72) Survivor regions: 4->5(7)
[2026-01-16T08:18:10.628+0000][gc,heap     ] GC(72) Old regions: 38->38
[2026-01-16T08:18:10.629+0000][gc,heap     ] GC(72) Humongous regions: 137->137
[2026-01-16T08:18:10.629+0000][gc,metaspace] GC(72) Metaspace: 13272K(13568K)->13272K(13568K) NonClass: 11749K(11904K)->11749K(11904K) Class: 1523K(1664K)->1523K(1664K)
[2026-01-16T08:18:10.630+0000][gc          ] GC(72) Pause Young (Normal) (G1 Evacuation Pause) 224M->179M(1024M) 667.766ms
[2026-01-16T08:18:10.634+0000][gc,cpu      ] GC(72) User=0.08s Sys=0.00s Real=0.67s
[2026-01-16T08:18:12.491+0000][gc,start    ] GC(73) Pause Young (Normal) (G1 Evacuation Pause)
[2026-01-16T08:18:12.492+0000][gc,task     ] GC(73) Using 8 workers of 8 for evacuation
[2026-01-16T08:18:12.619+0000][gc,phases   ] GC(73)   Pre Evacuate Collection Set: 16.8ms
[2026-01-16T08:18:12.620+0000][gc,phases   ] GC(73)   Merge Heap Roots: 0.5ms
[2026-01-16T08:18:12.625+0000][gc,phases   ] GC(73)   Evacuate Collection Set: 105.1ms
[2026-01-16T08:18:12.625+0000][gc,phases   ] GC(73)   Post Evacuate Collection Set: 4.9ms
[2026-01-16T08:18:12.625+0000][gc,phases   ] GC(73)   Other: 0.5ms
[2026-01-16T08:18:12.625+0000][gc,heap     ] GC(73) Eden regions: 46->0(48)
[2026-01-16T08:18:12.626+0000][gc,heap     ] GC(73) Survivor regions: 5->3(7)
[2026-01-16T08:18:12.626+0000][gc,heap     ] GC(73) Old regions: 38->39
[2026-01-16T08:18:12.626+0000][gc,heap     ] GC(73) Humongous regions: 137->137
[2026-01-16T08:18:12.626+0000][gc,metaspace] GC(73) Metaspace: 13275K(13568K)->13275K(13568K) NonClass: 11752K(11904K)->11752K(11904K) Class: 1523K(1664K)->1523K(1664K)
[2026-01-16T08:18:12.627+0000][gc          ] GC(73) Pause Young (Normal) (G1 Evacuation Pause) 225M->177M(1024M) 136.331ms
[2026-01-16T08:18:12.627+0000][gc,cpu      ] GC(73) User=0.05s Sys=0.01s Real=0.13s
[2026-01-16T08:18:14.158+0000][gc,start    ] GC(74) Pause Young (Normal) (G1 Evacuation Pause)
[2026-01-16T08:18:14.159+0000][gc,task     ] GC(74) Using 8 workers of 8 for evacuation
[2026-01-16T08:18:14.339+0000][gc,phases   ] GC(74)   Pre Evacuate Collection Set: 4.8ms
[2026-01-16T08:18:14.339+0000][gc,phases   ] GC(74)   Merge Heap Roots: 8.9ms
[2026-01-16T08:18:14.339+0000][gc,phases   ] GC(74)   Evacuate Collection Set: 146.8ms
[2026-01-16T08:18:14.339+0000][gc,phases   ] GC(74)   Post Evacuate Collection Set: 18.1ms
[2026-01-16T08:18:14.339+0000][gc,phases   ] GC(74)   Other: 0.7ms
[2026-01-16T08:18:14.339+0000][gc,heap     ] GC(74) Eden regions: 48->0(48)
[2026-01-16T08:18:14.340+0000][gc,heap     ] GC(74) Survivor regions: 3->3(7)
[2026-01-16T08:18:14.340+0000][gc,heap     ] GC(74) Old regions: 39->39
[2026-01-16T08:18:14.340+0000][gc,heap     ] GC(74) Humongous regions: 137->137
[2026-01-16T08:18:14.340+0000][gc,metaspace] GC(74) Metaspace: 13275K(13568K)->13275K(13568K) NonClass: 11752K(11904K)->11752K(11904K) Class: 1523K(1664K)->1523K(1664K)
[2026-01-16T08:18:14.340+0000][gc          ] GC(74) Pause Young (Normal) (G1 Evacuation Pause) 225M->177M(1024M) 182.482ms
[2026-01-16T08:18:14.341+0000][gc,cpu      ] GC(74) User=0.08s Sys=0.00s Real=0.19s
[2026-01-16T08:18:15.285+0000][gc,start    ] GC(75) Pause Young (Normal) (G1 Evacuation Pause)
[2026-01-16T08:18:15.285+0000][gc,task     ] GC(75) Using 8 workers of 8 for evacuation
[2026-01-16T08:18:15.385+0000][gc,phases   ] GC(75)   Pre Evacuate Collection Set: 0.2ms
[2026-01-16T08:18:15.386+0000][gc,phases   ] GC(75)   Merge Heap Roots: 0.1ms
[2026-01-16T08:18:15.387+0000][gc,phases   ] GC(75)   Evacuate Collection Set: 96.8ms
[2026-01-16T08:18:15.387+0000][gc,phases   ] GC(75)   Post Evacuate Collection Set: 2.4ms
[2026-01-16T08:18:15.387+0000][gc,phases   ] GC(75)   Other: 0.5ms
[2026-01-16T08:18:15.387+0000][gc,heap     ] GC(75) Eden regions: 48->0(47)
[2026-01-16T08:18:15.387+0000][gc,heap     ] GC(75) Survivor regions: 3->4(7)
[2026-01-16T08:18:15.387+0000][gc,heap     ] GC(75) Old regions: 39->39
[2026-01-16T08:18:15.388+0000][gc,heap     ] GC(75) Humongous regions: 137->137
[2026-01-16T08:18:15.388+0000][gc,metaspace] GC(75) Metaspace: 13275K(13568K)->13275K(13568K) NonClass: 11752K(11904K)->11752K(11904K) Class: 1523K(1664K)->1523K(1664K)
[2026-01-16T08:18:15.388+0000][gc          ] GC(75) Pause Young (Normal) (G1 Evacuation Pause) 225M->178M(1024M) 103.173ms
[2026-01-16T08:18:15.393+0000][gc,cpu      ] GC(75) User=0.04s Sys=0.00s Real=0.11s
[2026-01-16T08:18:19.077+0000][gc,start    ] GC(76) Pause Young (Normal) (G1 Evacuation Pause)
[2026-01-16T08:18:19.079+0000][gc,task     ] GC(76) Using 8 workers of 8 for evacuation
[2026-01-16T08:18:19.139+0000][gc,phases   ] GC(76)   Pre Evacuate Collection Set: 3.2ms
[2026-01-16T08:18:19.140+0000][gc,phases   ] GC(76)   Merge Heap Roots: 1.9ms
[2026-01-16T08:18:19.140+0000][gc,phases   ] GC(76)   Evacuate Collection Set: 43.4ms
[2026-01-16T08:18:19.141+0000][gc,phases   ] GC(76)   Post Evacuate Collection Set: 10.6ms
[2026-01-16T08:18:19.141+0000][gc,phases   ] GC(76)   Other: 1.3ms
[2026-01-16T08:18:19.142+0000][gc,heap     ] GC(76) Eden regions: 47->0(82)
[2026-01-16T08:18:19.142+0000][gc,heap     ] GC(76) Survivor regions: 4->2(7)
[2026-01-16T08:18:19.142+0000][gc,heap     ] GC(76) Old regions: 39->39
[2026-01-16T08:18:19.142+0000][gc,heap     ] GC(76) Humongous regions: 137->137
[2026-01-16T08:18:19.143+0000][gc,metaspace] GC(76) Metaspace: 13278K(13568K)->13278K(13568K) NonClass: 11755K(11904K)->11755K(11904K) Class: 1523K(1664K)->1523K(1664K)
[2026-01-16T08:18:19.143+0000][gc          ] GC(76) Pause Young (Normal) (G1 Evacuation Pause) 225M->176M(1024M) 66.935ms
[2026-01-16T08:18:19.144+0000][gc,cpu      ] GC(76) User=0.04s Sys=0.00s Real=0.07s
[2026-01-16T08:18:23.831+0000][gc,start    ] GC(77) Pause Young (Normal) (G1 Evacuation Pause)
[2026-01-16T08:18:23.834+0000][gc,task     ] GC(77) Using 8 workers of 8 for evacuation
[2026-01-16T08:18:24.000+0000][gc,phases   ] GC(77)   Pre Evacuate Collection Set: 10.5ms
[2026-01-16T08:18:24.001+0000][gc,phases   ] GC(77)   Merge Heap Roots: 1.2ms
[2026-01-16T08:18:24.001+0000][gc,phases   ] GC(77)   Evacuate Collection Set: 139.7ms
[2026-01-16T08:18:24.001+0000][gc,phases   ] GC(77)   Post Evacuate Collection Set: 9.1ms
[2026-01-16T08:18:24.001+0000][gc,phases   ] GC(77)   Other: 6.6ms
[2026-01-16T08:18:24.001+0000][gc,heap     ] GC(77) Eden regions: 84->0(48)
[2026-01-16T08:18:24.001+0000][gc,heap     ] GC(77) Survivor regions: 2->3(11)
[2026-01-16T08:18:24.001+0000][gc,heap     ] GC(77) Old regions: 39->39
[2026-01-16T08:18:24.001+0000][gc,heap     ] GC(77) Humongous regions: 137->137
[2026-01-16T08:18:24.001+0000][gc,metaspace] GC(77) Metaspace: 13287K(13568K)->13287K(13568K) NonClass: 11762K(11904K)->11762K(11904K) Class: 1525K(1664K)->1525K(1664K)
[2026-01-16T08:18:24.002+0000][gc          ] GC(77) Pause Young (Normal) (G1 Evacuation Pause) 260M->177M(1024M) 170.208ms
[2026-01-16T08:18:24.002+0000][gc,cpu      ] GC(77) User=0.14s Sys=0.00s Real=0.17s
[2026-01-16T08:18:25.131+0000][gc,start    ] GC(78) Pause Young (Normal) (G1 Evacuation Pause)
[2026-01-16T08:18:25.132+0000][gc,task     ] GC(78) Using 8 workers of 8 for evacuation
[2026-01-16T08:18:25.214+0000][gc,phases   ] GC(78)   Pre Evacuate Collection Set: 5.2ms
[2026-01-16T08:18:25.214+0000][gc,phases   ] GC(78)   Merge Heap Roots: 1.9ms
[2026-01-16T08:18:25.214+0000][gc,phases   ] GC(78)   Evacuate Collection Set: 71.7ms
[2026-01-16T08:18:25.214+0000][gc,phases   ] GC(78)   Post Evacuate Collection Set: 2.0ms
[2026-01-16T08:18:25.214+0000][gc,phases   ] GC(78)   Other: 0.6ms
[2026-01-16T08:18:25.215+0000][gc,heap     ] GC(78) Eden regions: 48->0(63)
[2026-01-16T08:18:25.216+0000][gc,heap     ] GC(78) Survivor regions: 3->3(7)
[2026-01-16T08:18:25.216+0000][gc,heap     ] GC(78) Old regions: 39->39
[2026-01-16T08:18:25.216+0000][gc,heap     ] GC(78) Humongous regions: 137->137
[2026-01-16T08:18:25.216+0000][gc,metaspace] GC(78) Metaspace: 13287K(13568K)->13287K(13568K) NonClass: 11762K(11904K)->11762K(11904K) Class: 1525K(1664K)->1525K(1664K)
[2026-01-16T08:18:25.217+0000][gc          ] GC(78) Pause Young (Normal) (G1 Evacuation Pause) 225M->177M(1024M) 85.270ms
[2026-01-16T08:18:25.217+0000][gc,cpu      ] GC(78) User=0.04s Sys=0.01s Real=0.08s
[2026-01-16T08:18:29.434+0000][gc,start    ] GC(79) Pause Young (Normal) (G1 Evacuation Pause)
[2026-01-16T08:18:29.438+0000][gc,task     ] GC(79) Using 8 workers of 8 for evacuation
[2026-01-16T08:18:29.673+0000][gc,mmu      ] GC(79) MMU target violated: 201.0ms (200.0ms/201.0ms)
[2026-01-16T08:18:29.675+0000][gc,phases   ] GC(79)   Pre Evacuate Collection Set: 29.1ms
[2026-01-16T08:18:29.675+0000][gc,phases   ] GC(79)   Merge Heap Roots: 3.5ms
[2026-01-16T08:18:29.675+0000][gc,phases   ] GC(79)   Evacuate Collection Set: 159.5ms
[2026-01-16T08:18:29.676+0000][gc,phases   ] GC(79)   Post Evacuate Collection Set: 42.0ms
[2026-01-16T08:18:29.676+0000][gc,phases   ] GC(79)   Other: 2.9ms
[2026-01-16T08:18:29.676+0000][gc,heap     ] GC(79) Eden regions: 62->0(134)
[2026-01-16T08:18:29.677+0000][gc,heap     ] GC(79) Survivor regions: 3->2(9)
[2026-01-16T08:18:29.679+0000][gc,heap     ] GC(79) Old regions: 39->39
[2026-01-16T08:18:29.679+0000][gc,heap     ] GC(79) Humongous regions: 137->137
[2026-01-16T08:18:29.679+0000][gc,metaspace] GC(79) Metaspace: 13288K(13568K)->13288K(13568K) NonClass: 11763K(11904K)->11763K(11904K) Class: 1525K(1664K)->1525K(1664K)
[2026-01-16T08:18:29.680+0000][gc          ] GC(79) Pause Young (Normal) (G1 Evacuation Pause) 239M->176M(1024M) 245.384ms
[2026-01-16T08:18:29.680+0000][gc,cpu      ] GC(79) User=0.12s Sys=0.02s Real=0.25s
[2026-01-16T08:18:37.348+0000][gc,start    ] GC(80) Pause Young (Normal) (G1 Evacuation Pause)
[2026-01-16T08:18:37.354+0000][gc,task     ] GC(80) Using 8 workers of 8 for evacuation
[2026-01-16T08:18:37.646+0000][gc,mmu      ] GC(80) MMU target violated: 201.0ms (200.0ms/201.0ms)
[2026-01-16T08:18:37.650+0000][gc,phases   ] GC(80)   Pre Evacuate Collection Set: 10.7ms
[2026-01-16T08:18:37.650+0000][gc,phases   ] GC(80)   Merge Heap Roots: 5.5ms
[2026-01-16T08:18:37.650+0000][gc,phases   ] GC(80)   Evacuate Collection Set: 242.8ms
[2026-01-16T08:18:37.651+0000][gc,phases   ] GC(80)   Post Evacuate Collection Set: 32.5ms
[2026-01-16T08:18:37.651+0000][gc,phases   ] GC(80)   Other: 6.5ms
[2026-01-16T08:18:37.652+0000][gc,heap     ] GC(80) Eden regions: 115->0(47)
[2026-01-16T08:18:37.653+0000][gc,heap     ] GC(80) Survivor regions: 2->4(15)
[2026-01-16T08:18:37.653+0000][gc,heap     ] GC(80) Old regions: 39->39
[2026-01-16T08:18:37.653+0000][gc,heap     ] GC(80) Humongous regions: 137->137
[2026-01-16T08:18:37.654+0000][gc,metaspace] GC(80) Metaspace: 13320K(13632K)->13320K(13632K) NonClass: 11795K(11968K)->11795K(11968K) Class: 1525K(1664K)->1525K(1664K)
[2026-01-16T08:18:37.654+0000][gc          ] GC(80) Pause Young (Normal) (G1 Evacuation Pause) 291M->178M(1024M) 306.362ms
[2026-01-16T08:18:37.654+0000][gc,cpu      ] GC(80) User=0.32s Sys=0.02s Real=0.31s
[2026-01-16T08:18:39.402+0000][gc,start    ] GC(81) Pause Young (Normal) (G1 Evacuation Pause)
[2026-01-16T08:18:39.404+0000][gc,task     ] GC(81) Using 8 workers of 8 for evacuation
[2026-01-16T08:18:39.493+0000][gc,phases   ] GC(81)   Pre Evacuate Collection Set: 6.8ms
[2026-01-16T08:18:39.495+0000][gc,phases   ] GC(81)   Merge Heap Roots: 2.1ms
[2026-01-16T08:18:39.496+0000][gc,phases   ] GC(81)   Evacuate Collection Set: 77.4ms
[2026-01-16T08:18:39.496+0000][gc,phases   ] GC(81)   Post Evacuate Collection Set: 2.2ms
[2026-01-16T08:18:39.497+0000][gc,phases   ] GC(81)   Other: 0.4ms
[2026-01-16T08:18:39.497+0000][gc,heap     ] GC(81) Eden regions: 47->0(124)
[2026-01-16T08:18:39.499+0000][gc,heap     ] GC(81) Survivor regions: 4->2(7)
[2026-01-16T08:18:39.500+0000][gc,heap     ] GC(81) Old regions: 39->39
[2026-01-16T08:18:39.500+0000][gc,heap     ] GC(81) Humongous regions: 137->137
[2026-01-16T08:18:39.501+0000][gc,metaspace] GC(81) Metaspace: 13322K(13632K)->13322K(13632K) NonClass: 11797K(11968K)->11797K(11968K) Class: 1525K(1664K)->1525K(1664K)
[2026-01-16T08:18:39.502+0000][gc          ] GC(81) Pause Young (Normal) (G1 Evacuation Pause) 225M->176M(1024M) 100.013ms
[2026-01-16T08:18:39.502+0000][gc,cpu      ] GC(81) User=0.08s Sys=0.00s Real=0.10s
[2026-01-16T08:18:44.471+0000][gc,start    ] GC(82) Pause Young (Normal) (G1 Evacuation Pause)
[2026-01-16T08:18:44.478+0000][gc,task     ] GC(82) Using 8 workers of 8 for evacuation
[2026-01-16T08:18:45.222+0000][gc,mmu      ] GC(82) MMU target violated: 201.0ms (200.0ms/201.0ms)
[2026-01-16T08:18:45.223+0000][gc,phases   ] GC(82)   Pre Evacuate Collection Set: 31.3ms
[2026-01-16T08:18:45.224+0000][gc,phases   ] GC(82)   Merge Heap Roots: 1.7ms
[2026-01-16T08:18:45.228+0000][gc,phases   ] GC(82)   Evacuate Collection Set: 690.9ms
[2026-01-16T08:18:45.234+0000][gc,phases   ] GC(82)   Post Evacuate Collection Set: 14.0ms
[2026-01-16T08:18:45.236+0000][gc,phases   ] GC(82)   Other: 8.1ms
[2026-01-16T08:18:45.236+0000][gc,heap     ] GC(82) Eden regions: 114->0(48)
[2026-01-16T08:18:45.237+0000][gc,heap     ] GC(82) Survivor regions: 2->3(15)
[2026-01-16T08:18:45.237+0000][gc,heap     ] GC(82) Old regions: 39->39
[2026-01-16T08:18:45.237+0000][gc,heap     ] GC(82) Humongous regions: 137->137
[2026-01-16T08:18:45.237+0000][gc,metaspace] GC(82) Metaspace: 13333K(13632K)->13333K(13632K) NonClass: 11808K(11968K)->11808K(11968K) Class: 1525K(1664K)->1525K(1664K)
[2026-01-16T08:18:45.238+0000][gc          ] GC(82) Pause Young (Normal) (G1 Evacuation Pause) 290M->178M(1024M) 767.879ms
[2026-01-16T08:18:45.246+0000][gc,cpu      ] GC(82) User=0.32s Sys=0.03s Real=0.77s
[2026-01-16T08:18:49.024+0000][gc,start    ] GC(83) Pause Young (Normal) (G1 Evacuation Pause)
[2026-01-16T08:18:49.029+0000][gc,task     ] GC(83) Using 8 workers of 8 for evacuation
[2026-01-16T08:18:49.178+0000][gc,phases   ] GC(83)   Pre Evacuate Collection Set: 13.7ms
[2026-01-16T08:18:49.179+0000][gc,phases   ] GC(83)   Merge Heap Roots: 1.8ms
[2026-01-16T08:18:49.180+0000][gc,phases   ] GC(83)   Evacuate Collection Set: 119.0ms
[2026-01-16T08:18:49.180+0000][gc,phases   ] GC(83)   Post Evacuate Collection Set: 13.4ms
[2026-01-16T08:18:49.180+0000][gc,phases   ] GC(83)   Other: 0.4ms
[2026-01-16T08:18:49.181+0000][gc,heap     ] GC(83) Eden regions: 48->0(49)
[2026-01-16T08:18:49.181+0000][gc,heap     ] GC(83) Survivor regions: 3->2(7)
[2026-01-16T08:18:49.181+0000][gc,heap     ] GC(83) Old regions: 39->39
[2026-01-16T08:18:49.182+0000][gc,heap     ] GC(83) Humongous regions: 137->137
[2026-01-16T08:18:49.182+0000][gc,metaspace] GC(83) Metaspace: 13335K(13632K)->13335K(13632K) NonClass: 11810K(11968K)->11810K(11968K) Class: 1525K(1664K)->1525K(1664K)
[2026-01-16T08:18:49.182+0000][gc          ] GC(83) Pause Young (Normal) (G1 Evacuation Pause) 226M->176M(1024M) 157.801ms
[2026-01-16T08:18:49.182+0000][gc,cpu      ] GC(83) User=0.12s Sys=0.02s Real=0.16s
[2026-01-16T08:18:51.418+0000][gc,start    ] GC(84) Pause Young (Normal) (G1 Evacuation Pause)
[2026-01-16T08:18:51.420+0000][gc,task     ] GC(84) Using 8 workers of 8 for evacuation
[2026-01-16T08:18:51.573+0000][gc,phases   ] GC(84)   Pre Evacuate Collection Set: 5.5ms
[2026-01-16T08:18:51.575+0000][gc,phases   ] GC(84)   Merge Heap Roots: 0.4ms
[2026-01-16T08:18:51.581+0000][gc,phases   ] GC(84)   Evacuate Collection Set: 123.2ms
[2026-01-16T08:18:51.582+0000][gc,phases   ] GC(84)   Post Evacuate Collection Set: 23.0ms
[2026-01-16T08:18:51.583+0000][gc,phases   ] GC(84)   Other: 1.9ms
[2026-01-16T08:18:51.583+0000][gc,heap     ] GC(84) Eden regions: 49->0(49)
[2026-01-16T08:18:51.583+0000][gc,heap     ] GC(84) Survivor regions: 2->2(7)
[2026-01-16T08:18:51.584+0000][gc,heap     ] GC(84) Old regions: 39->39
[2026-01-16T08:18:51.584+0000][gc,heap     ] GC(84) Humongous regions: 137->137
[2026-01-16T08:18:51.584+0000][gc,metaspace] GC(84) Metaspace: 13337K(13632K)->13337K(13632K) NonClass: 11812K(11968K)->11812K(11968K) Class: 1525K(1664K)->1525K(1664K)
[2026-01-16T08:18:51.589+0000][gc          ] GC(84) Pause Young (Normal) (G1 Evacuation Pause) 225M->177M(1024M) 171.218ms
[2026-01-16T08:18:51.590+0000][gc,cpu      ] GC(84) User=0.10s Sys=0.00s Real=0.17s
[2026-01-16T08:18:53.287+0000][gc,start    ] GC(85) Pause Young (Normal) (G1 Evacuation Pause)
[2026-01-16T08:18:53.291+0000][gc,task     ] GC(85) Using 8 workers of 8 for evacuation
[2026-01-16T08:18:53.538+0000][gc,mmu      ] GC(85) MMU target violated: 201.0ms (200.0ms/201.0ms)
[2026-01-16T08:18:53.538+0000][gc,phases   ] GC(85)   Pre Evacuate Collection Set: 14.6ms
[2026-01-16T08:18:53.539+0000][gc,phases   ] GC(85)   Merge Heap Roots: 0.2ms
[2026-01-16T08:18:53.540+0000][gc,phases   ] GC(85)   Evacuate Collection Set: 227.4ms
[2026-01-16T08:18:53.540+0000][gc,phases   ] GC(85)   Post Evacuate Collection Set: 3.3ms
[2026-01-16T08:18:53.542+0000][gc,phases   ] GC(85)   Other: 1.7ms
[2026-01-16T08:18:53.543+0000][gc,heap     ] GC(85) Eden regions: 49->0(48)
[2026-01-16T08:18:53.544+0000][gc,heap     ] GC(85) Survivor regions: 2->3(7)
[2026-01-16T08:18:53.544+0000][gc,heap     ] GC(85) Old regions: 39->39
[2026-01-16T08:18:53.545+0000][gc,heap     ] GC(85) Humongous regions: 137->137
[2026-01-16T08:18:53.545+0000][gc,metaspace] GC(85) Metaspace: 13341K(13632K)->13341K(13632K) NonClass: 11815K(11968K)->11815K(11968K) Class: 1525K(1664K)->1525K(1664K)
[2026-01-16T08:18:53.546+0000][gc          ] GC(85) Pause Young (Normal) (G1 Evacuation Pause) 226M->178M(1024M) 258.391ms
[2026-01-16T08:18:53.546+0000][gc,cpu      ] GC(85) User=0.08s Sys=0.00s Real=0.26s
[2026-01-16T08:18:55.489+0000][gc,start    ] GC(86) Pause Young (Normal) (G1 Evacuation Pause)
[2026-01-16T08:18:55.493+0000][gc,task     ] GC(86) Using 8 workers of 8 for evacuation
[2026-01-16T08:18:55.606+0000][gc,phases   ] GC(86)   Pre Evacuate Collection Set: 10.8ms
[2026-01-16T08:18:55.606+0000][gc,phases   ] GC(86)   Merge Heap Roots: 0.6ms
[2026-01-16T08:18:55.607+0000][gc,phases   ] GC(86)   Evacuate Collection Set: 89.2ms
[2026-01-16T08:18:55.607+0000][gc,phases   ] GC(86)   Post Evacuate Collection Set: 10.6ms
[2026-01-16T08:18:55.608+0000][gc,phases   ] GC(86)   Other: 2.2ms
[2026-01-16T08:18:55.608+0000][gc,heap     ] GC(86) Eden regions: 48->0(47)
[2026-01-16T08:18:55.608+0000][gc,heap     ] GC(86) Survivor regions: 3->4(7)
[2026-01-16T08:18:55.608+0000][gc,heap     ] GC(86) Old regions: 39->39
[2026-01-16T08:18:55.609+0000][gc,heap     ] GC(86) Humongous regions: 137->137
[2026-01-16T08:18:55.610+0000][gc,metaspace] GC(86) Metaspace: 13350K(13696K)->13350K(13696K) NonClass: 11825K(12032K)->11825K(12032K) Class: 1525K(1664K)->1525K(1664K)
[2026-01-16T08:18:55.611+0000][gc          ] GC(86) Pause Young (Normal) (G1 Evacuation Pause) 226M->178M(1024M) 122.051ms
[2026-01-16T08:18:55.611+0000][gc,cpu      ] GC(86) User=0.10s Sys=0.00s Real=0.13s
[2026-01-16T08:19:01.597+0000][gc,start    ] GC(87) Pause Young (Normal) (G1 Evacuation Pause)
[2026-01-16T08:19:01.604+0000][gc,task     ] GC(87) Using 8 workers of 8 for evacuation
[2026-01-16T08:19:01.795+0000][gc,phases   ] GC(87)   Pre Evacuate Collection Set: 36.0ms
[2026-01-16T08:19:01.798+0000][gc,phases   ] GC(87)   Merge Heap Roots: 2.5ms
[2026-01-16T08:19:01.799+0000][gc,phases   ] GC(87)   Evacuate Collection Set: 130.0ms
[2026-01-16T08:19:01.800+0000][gc,phases   ] GC(87)   Post Evacuate Collection Set: 13.0ms
[2026-01-16T08:19:01.801+0000][gc,phases   ] GC(87)   Other: 10.1ms
[2026-01-16T08:19:01.802+0000][gc,heap     ] GC(87) Eden regions: 47->0(62)
[2026-01-16T08:19:01.803+0000][gc,heap     ] GC(87) Survivor regions: 4->2(7)
[2026-01-16T08:19:01.804+0000][gc,heap     ] GC(87) Old regions: 39->39
[2026-01-16T08:19:01.805+0000][gc,heap     ] GC(87) Humongous regions: 137->137
[2026-01-16T08:19:01.805+0000][gc,metaspace] GC(87) Metaspace: 13356K(13696K)->13356K(13696K) NonClass: 11831K(12032K)->11831K(12032K) Class: 1525K(1664K)->1525K(1664K)
[2026-01-16T08:19:01.806+0000][gc          ] GC(87) Pause Young (Normal) (G1 Evacuation Pause) 225M->177M(1024M) 209.533ms
[2026-01-16T08:19:01.809+0000][gc,cpu      ] GC(87) User=0.10s Sys=0.01s Real=0.21s
[2026-01-16T08:19:03.777+0000][gc,start    ] GC(88) Pause Young (Normal) (G1 Evacuation Pause)
[2026-01-16T08:19:03.780+0000][gc,task     ] GC(88) Using 8 workers of 8 for evacuation
[2026-01-16T08:19:03.995+0000][gc,mmu      ] GC(88) MMU target violated: 201.0ms (200.0ms/201.0ms)
[2026-01-16T08:19:04.000+0000][gc,phases   ] GC(88)   Pre Evacuate Collection Set: 23.1ms
[2026-01-16T08:19:04.001+0000][gc,phases   ] GC(88)   Merge Heap Roots: 7.5ms
[2026-01-16T08:19:04.001+0000][gc,phases   ] GC(88)   Evacuate Collection Set: 153.1ms
[2026-01-16T08:19:04.001+0000][gc,phases   ] GC(88)   Post Evacuate Collection Set: 30.2ms
[2026-01-16T08:19:04.008+0000][gc,phases   ] GC(88)   Other: 6.3ms
[2026-01-16T08:19:04.014+0000][gc,heap     ] GC(88) Eden regions: 63->0(48)
[2026-01-16T08:19:04.014+0000][gc,heap     ] GC(88) Survivor regions: 2->3(9)
[2026-01-16T08:19:04.014+0000][gc,heap     ] GC(88) Old regions: 39->39
[2026-01-16T08:19:04.014+0000][gc,heap     ] GC(88) Humongous regions: 137->137
[2026-01-16T08:19:04.017+0000][gc,metaspace] GC(88) Metaspace: 13363K(13696K)->13363K(13696K) NonClass: 11837K(12032K)->11837K(12032K) Class: 1525K(1664K)->1525K(1664K)
[2026-01-16T08:19:04.017+0000][gc          ] GC(88) Pause Young (Normal) (G1 Evacuation Pause) 240M->177M(1024M) 239.775ms
[2026-01-16T08:19:04.017+0000][gc,cpu      ] GC(88) User=0.09s Sys=0.01s Real=0.24s
[2026-01-16T08:19:04.728+0000][gc,start    ] GC(89) Pause Young (Normal) (G1 Evacuation Pause)
[2026-01-16T08:19:04.734+0000][gc,task     ] GC(89) Using 8 workers of 8 for evacuation
[2026-01-16T08:19:04.770+0000][gc,phases   ] GC(89)   Pre Evacuate Collection Set: 2.4ms
[2026-01-16T08:19:04.771+0000][gc,phases   ] GC(89)   Merge Heap Roots: 0.4ms
[2026-01-16T08:19:04.771+0000][gc,phases   ] GC(89)   Evacuate Collection Set: 29.9ms
[2026-01-16T08:19:04.772+0000][gc,phases   ] GC(89)   Post Evacuate Collection Set: 2.1ms
[2026-01-16T08:19:04.772+0000][gc,phases   ] GC(89)   Other: 1.4ms
[2026-01-16T08:19:04.772+0000][gc,heap     ] GC(89) Eden regions: 48->0(47)
[2026-01-16T08:19:04.772+0000][gc,heap     ] GC(89) Survivor regions: 3->4(7)
[2026-01-16T08:19:04.772+0000][gc,heap     ] GC(89) Old regions: 39->39
[2026-01-16T08:19:04.773+0000][gc,heap     ] GC(89) Humongous regions: 137->137
[2026-01-16T08:19:04.774+0000][gc,metaspace] GC(89) Metaspace: 13363K(13696K)->13363K(13696K) NonClass: 11837K(12032K)->11837K(12032K) Class: 1525K(1664K)->1525K(1664K)
[2026-01-16T08:19:04.774+0000][gc          ] GC(89) Pause Young (Normal) (G1 Evacuation Pause) 225M->178M(1024M) 46.700ms
[2026-01-16T08:19:04.775+0000][gc,cpu      ] GC(89) User=0.04s Sys=0.00s Real=0.04s
[2026-01-16T08:19:08.747+0000][gc,start    ] GC(90) Pause Young (Normal) (G1 Evacuation Pause)
[2026-01-16T08:19:08.748+0000][gc,task     ] GC(90) Using 8 workers of 8 for evacuation
[2026-01-16T08:19:08.818+0000][gc,phases   ] GC(90)   Pre Evacuate Collection Set: 9.9ms
[2026-01-16T08:19:08.819+0000][gc,phases   ] GC(90)   Merge Heap Roots: 0.4ms
[2026-01-16T08:19:08.819+0000][gc,phases   ] GC(90)   Evacuate Collection Set: 50.7ms
[2026-01-16T08:19:08.820+0000][gc,phases   ] GC(90)   Post Evacuate Collection Set: 8.2ms
[2026-01-16T08:19:08.820+0000][gc,phases   ] GC(90)   Other: 0.5ms
[2026-01-16T08:19:08.821+0000][gc,heap     ] GC(90) Eden regions: 47->0(179)
[2026-01-16T08:19:08.821+0000][gc,heap     ] GC(90) Survivor regions: 4->2(7)
[2026-01-16T08:19:08.824+0000][gc,heap     ] GC(90) Old regions: 39->39
[2026-01-16T08:19:08.825+0000][gc,heap     ] GC(90) Humongous regions: 137->137
[2026-01-16T08:19:08.828+0000][gc,metaspace] GC(90) Metaspace: 13363K(13696K)->13363K(13696K) NonClass: 11838K(12032K)->11838K(12032K) Class: 1525K(1664K)->1525K(1664K)
[2026-01-16T08:19:08.829+0000][gc          ] GC(90) Pause Young (Normal) (G1 Evacuation Pause) 225M->177M(1024M) 82.185ms
[2026-01-16T08:19:08.830+0000][gc,cpu      ] GC(90) User=0.04s Sys=0.01s Real=0.08s
[2026-01-16T08:19:20.263+0000][gc,start    ] GC(91) Pause Young (Normal) (G1 Evacuation Pause)
[2026-01-16T08:19:20.270+0000][gc,task     ] GC(91) Using 8 workers of 8 for evacuation
[2026-01-16T08:19:20.398+0000][gc,phases   ] GC(91)   Pre Evacuate Collection Set: 28.7ms
[2026-01-16T08:19:20.399+0000][gc,phases   ] GC(91)   Merge Heap Roots: 2.9ms
[2026-01-16T08:19:20.399+0000][gc,phases   ] GC(91)   Evacuate Collection Set: 90.0ms
[2026-01-16T08:19:20.399+0000][gc,phases   ] GC(91)   Post Evacuate Collection Set: 2.8ms
[2026-01-16T08:19:20.400+0000][gc,phases   ] GC(91)   Other: 4.3ms
[2026-01-16T08:19:20.400+0000][gc,heap     ] GC(91) Eden regions: 173->0(230)
[2026-01-16T08:19:20.401+0000][gc,heap     ] GC(91) Survivor regions: 2->2(22)
[2026-01-16T08:19:20.401+0000][gc,heap     ] GC(91) Old regions: 39->39
[2026-01-16T08:19:20.402+0000][gc,heap     ] GC(91) Humongous regions: 137->137
[2026-01-16T08:19:20.403+0000][gc,metaspace] GC(91) Metaspace: 13376K(13696K)->13376K(13696K) NonClass: 11850K(12032K)->11850K(12032K) Class: 1525K(1664K)->1525K(1664K)
[2026-01-16T08:19:20.403+0000][gc          ] GC(91) Pause Young (Normal) (G1 Evacuation Pause) 350M->177M(1024M) 139.928ms
[2026-01-16T08:19:20.404+0000][gc,cpu      ] GC(91) User=0.14s Sys=0.00s Real=0.14s
[2026-01-16T08:20:11.803+0000][gc,start    ] GC(92) Pause Young (Normal) (G1 Evacuation Pause)
[2026-01-16T08:20:11.846+0000][gc,task     ] GC(92) Using 8 workers of 8 for evacuation
[2026-01-16T08:20:17.363+0000][gc,mmu      ] GC(92) MMU target violated: 201.0ms (200.0ms/201.0ms)
[2026-01-16T08:20:17.380+0000][gc,phases   ] GC(92)   Pre Evacuate Collection Set: 398.7ms
[2026-01-16T08:20:17.381+0000][gc,phases   ] GC(92)   Merge Heap Roots: 83.7ms
[2026-01-16T08:20:17.382+0000][gc,phases   ] GC(92)   Evacuate Collection Set: 4738.0ms
[2026-01-16T08:20:17.382+0000][gc,phases   ] GC(92)   Post Evacuate Collection Set: 266.2ms
[2026-01-16T08:20:17.382+0000][gc,phases   ] GC(92)   Other: 60.1ms
[2026-01-16T08:20:17.384+0000][gc,heap     ] GC(92) Eden regions: 221->0(45)
[2026-01-16T08:20:17.390+0000][gc,heap     ] GC(92) Survivor regions: 2->6(28)
[2026-01-16T08:20:17.393+0000][gc,heap     ] GC(92) Old regions: 39->39
[2026-01-16T08:20:17.394+0000][gc,heap     ] GC(92) Humongous regions: 139->139
[2026-01-16T08:20:17.401+0000][gc,metaspace] GC(92) Metaspace: 13416K(13760K)->13416K(13760K) NonClass: 11890K(12096K)->11890K(12096K) Class: 1526K(1664K)->1526K(1664K)
[2026-01-16T08:20:17.415+0000][gc          ] GC(92) Pause Young (Normal) (G1 Evacuation Pause) 400M->183M(1024M) 5612.315ms
[2026-01-16T08:20:17.420+0000][gc,cpu      ] GC(92) User=2.80s Sys=0.33s Real=5.62s
[2026-01-16T08:20:38.129+0000][gc,start    ] GC(93) Pause Young (Normal) (G1 Evacuation Pause)
[2026-01-16T08:20:38.169+0000][gc,task     ] GC(93) Using 8 workers of 8 for evacuation
[2026-01-16T08:20:40.059+0000][gc,mmu      ] GC(93) MMU target violated: 201.0ms (200.0ms/201.0ms)
[2026-01-16T08:20:40.127+0000][gc,phases   ] GC(93)   Pre Evacuate Collection Set: 224.5ms
[2026-01-16T08:20:40.149+0000][gc,phases   ] GC(93)   Merge Heap Roots: 13.2ms
[2026-01-16T08:20:40.153+0000][gc,phases   ] GC(93)   Evacuate Collection Set: 1542.1ms
[2026-01-16T08:20:40.157+0000][gc,phases   ] GC(93)   Post Evacuate Collection Set: 94.8ms
[2026-01-16T08:20:40.168+0000][gc,phases   ] GC(93)   Other: 32.3ms
[2026-01-16T08:20:40.176+0000][gc,heap     ] GC(93) Eden regions: 45->0(49)
[2026-01-16T08:20:40.194+0000][gc,heap     ] GC(93) Survivor regions: 6->2(7)
[2026-01-16T08:20:40.195+0000][gc,heap     ] GC(93) Old regions: 39->45
[2026-01-16T08:20:40.195+0000][gc,heap     ] GC(93) Humongous regions: 145->145
[2026-01-16T08:20:40.195+0000][gc,metaspace] GC(93) Metaspace: 13431K(13760K)->13431K(13760K) NonClass: 11905K(12096K)->11905K(12096K) Class: 1526K(1664K)->1526K(1664K)
[2026-01-16T08:20:40.212+0000][gc          ] GC(93) Pause Young (Normal) (G1 Evacuation Pause) 234M->190M(1024M) 2082.814ms
[2026-01-16T08:20:40.252+0000][gc,cpu      ] GC(93) User=0.78s Sys=0.19s Real=2.09s
[2026-01-16T08:20:47.372+0000][gc,start    ] GC(94) Pause Young (Normal) (G1 Evacuation Pause)
[2026-01-16T08:20:47.399+0000][gc,task     ] GC(94) Using 8 workers of 8 for evacuation
[2026-01-16T08:20:48.660+0000][gc,mmu      ] GC(94) MMU target violated: 201.0ms (200.0ms/201.0ms)
[2026-01-16T08:20:48.663+0000][gc,phases   ] GC(94)   Pre Evacuate Collection Set: 108.3ms
[2026-01-16T08:20:48.664+0000][gc,phases   ] GC(94)   Merge Heap Roots: 5.4ms
[2026-01-16T08:20:48.664+0000][gc,phases   ] GC(94)   Evacuate Collection Set: 1073.7ms
[2026-01-16T08:20:48.664+0000][gc,phases   ] GC(94)   Post Evacuate Collection Set: 65.4ms
[2026-01-16T08:20:48.664+0000][gc,phases   ] GC(94)   Other: 11.2ms
[2026-01-16T08:20:48.664+0000][gc,heap     ] GC(94) Eden regions: 49->0(48)
[2026-01-16T08:20:48.665+0000][gc,heap     ] GC(94) Survivor regions: 2->3(7)
[2026-01-16T08:20:48.665+0000][gc,heap     ] GC(94) Old regions: 45->45
[2026-01-16T08:20:48.665+0000][gc,heap     ] GC(94) Humongous regions: 147->147
[2026-01-16T08:20:48.666+0000][gc,metaspace] GC(94) Metaspace: 13432K(13760K)->13432K(13760K) NonClass: 11906K(12096K)->11906K(12096K) Class: 1526K(1664K)->1526K(1664K)
[2026-01-16T08:20:48.668+0000][gc          ] GC(94) Pause Young (Normal) (G1 Evacuation Pause) 241M->194M(1024M) 1295.738ms
[2026-01-16T08:20:48.671+0000][gc,cpu      ] GC(94) User=0.42s Sys=0.06s Real=1.30s
[2026-01-16T08:20:55.936+0000][gc,start    ] GC(95) Pause Young (Normal) (G1 Evacuation Pause)
[2026-01-16T08:20:55.956+0000][gc,task     ] GC(95) Using 8 workers of 8 for evacuation
[2026-01-16T08:20:57.938+0000][gc,mmu      ] GC(95) MMU target violated: 201.0ms (200.0ms/201.0ms)
[2026-01-16T08:20:57.939+0000][gc,phases   ] GC(95)   Pre Evacuate Collection Set: 23.0ms
[2026-01-16T08:20:57.939+0000][gc,phases   ] GC(95)   Merge Heap Roots: 3.6ms
[2026-01-16T08:20:57.949+0000][gc,phases   ] GC(95)   Evacuate Collection Set: 1804.2ms
[2026-01-16T08:20:57.950+0000][gc,phases   ] GC(95)   Post Evacuate Collection Set: 148.3ms
[2026-01-16T08:20:57.950+0000][gc,phases   ] GC(95)   Other: 14.8ms
[2026-01-16T08:20:57.950+0000][gc,heap     ] GC(95) Eden regions: 48->0(47)
[2026-01-16T08:20:57.956+0000][gc,heap     ] GC(95) Survivor regions: 3->4(7)
[2026-01-16T08:20:57.973+0000][gc,heap     ] GC(95) Old regions: 45->45
[2026-01-16T08:20:57.973+0000][gc,heap     ] GC(95) Humongous regions: 149->149
[2026-01-16T08:20:57.974+0000][gc,metaspace] GC(95) Metaspace: 13434K(13760K)->13434K(13760K) NonClass: 11908K(12096K)->11908K(12096K) Class: 1526K(1664K)->1526K(1664K)
[2026-01-16T08:20:57.975+0000][gc          ] GC(95) Pause Young (Normal) (G1 Evacuation Pause) 244M->196M(1024M) 2038.605ms
[2026-01-16T08:20:57.976+0000][gc,cpu      ] GC(95) User=0.56s Sys=0.06s Real=2.04s
[2026-01-16T08:21:02.041+0000][gc,start    ] GC(96) Pause Young (Normal) (G1 Evacuation Pause)
[2026-01-16T08:21:02.097+0000][gc,task     ] GC(96) Using 8 workers of 8 for evacuation
[2026-01-16T08:21:03.040+0000][gc,mmu      ] GC(96) MMU target violated: 201.0ms (200.0ms/201.0ms)
[2026-01-16T08:21:03.045+0000][gc,phases   ] GC(96)   Pre Evacuate Collection Set: 58.0ms
[2026-01-16T08:21:03.045+0000][gc,phases   ] GC(96)   Merge Heap Roots: 7.4ms
[2026-01-16T08:21:03.054+0000][gc,phases   ] GC(96)   Evacuate Collection Set: 754.5ms
[2026-01-16T08:21:03.061+0000][gc,phases   ] GC(96)   Post Evacuate Collection Set: 119.5ms
[2026-01-16T08:21:03.063+0000][gc,phases   ] GC(96)   Other: 31.3ms
[2026-01-16T08:21:03.066+0000][gc,heap     ] GC(96) Eden regions: 47->0(47)
[2026-01-16T08:21:03.070+0000][gc,heap     ] GC(96) Survivor regions: 4->4(7)
[2026-01-16T08:21:03.073+0000][gc,heap     ] GC(96) Old regions: 45->45
[2026-01-16T08:21:03.079+0000][gc,heap     ] GC(96) Humongous regions: 149->149
[2026-01-16T08:21:03.084+0000][gc,metaspace] GC(96) Metaspace: 13434K(13760K)->13434K(13760K) NonClass: 11908K(12096K)->11908K(12096K) Class: 1526K(1664K)->1526K(1664K)
[2026-01-16T08:21:03.090+0000][gc          ] GC(96) Pause Young (Normal) (G1 Evacuation Pause) 243M->197M(1024M) 1048.286ms
[2026-01-16T08:21:03.092+0000][gc,cpu      ] GC(96) User=0.55s Sys=0.09s Real=1.05s
[2026-01-16T08:21:08.869+0000][gc,start    ] GC(97) Pause Young (Normal) (G1 Evacuation Pause)
[2026-01-16T08:21:08.873+0000][gc,task     ] GC(97) Using 8 workers of 8 for evacuation
[2026-01-16T08:21:09.269+0000][gc,mmu      ] GC(97) MMU target violated: 201.0ms (200.0ms/201.0ms)
[2026-01-16T08:21:09.272+0000][gc,phases   ] GC(97)   Pre Evacuate Collection Set: 5.0ms
[2026-01-16T08:21:09.274+0000][gc,phases   ] GC(97)   Merge Heap Roots: 3.1ms
[2026-01-16T08:21:09.275+0000][gc,phases   ] GC(97)   Evacuate Collection Set: 343.3ms
[2026-01-16T08:21:09.276+0000][gc,phases   ] GC(97)   Post Evacuate Collection Set: 24.1ms
[2026-01-16T08:21:09.276+0000][gc,phases   ] GC(97)   Other: 24.3ms
[2026-01-16T08:21:09.280+0000][gc,heap     ] GC(97) Eden regions: 47->0(46)
[2026-01-16T08:21:09.284+0000][gc,heap     ] GC(97) Survivor regions: 4->5(7)
[2026-01-16T08:21:09.287+0000][gc,heap     ] GC(97) Old regions: 45->45
[2026-01-16T08:21:09.305+0000][gc,heap     ] GC(97) Humongous regions: 149->149
[2026-01-16T08:21:09.308+0000][gc,metaspace] GC(97) Metaspace: 13435K(13760K)->13435K(13760K) NonClass: 11909K(12096K)->11909K(12096K) Class: 1526K(1664K)->1526K(1664K)
[2026-01-16T08:21:09.311+0000][gc          ] GC(97) Pause Young (Normal) (G1 Evacuation Pause) 244M->197M(1024M) 441.555ms
[2026-01-16T08:21:09.316+0000][gc,cpu      ] GC(97) User=0.18s Sys=0.02s Real=0.45s
[2026-01-16T08:21:12.987+0000][gc,start    ] GC(98) Pause Young (Normal) (G1 Evacuation Pause)
[2026-01-16T08:21:12.990+0000][gc,task     ] GC(98) Using 8 workers of 8 for evacuation
[2026-01-16T08:21:14.373+0000][gc,mmu      ] GC(98) MMU target violated: 201.0ms (200.0ms/201.0ms)
[2026-01-16T08:21:14.376+0000][gc,phases   ] GC(98)   Pre Evacuate Collection Set: 141.1ms
[2026-01-16T08:21:14.377+0000][gc,phases   ] GC(98)   Merge Heap Roots: 25.4ms
[2026-01-16T08:21:14.379+0000][gc,phases   ] GC(98)   Evacuate Collection Set: 1122.1ms
[2026-01-16T08:21:14.380+0000][gc,phases   ] GC(98)   Post Evacuate Collection Set: 78.7ms
[2026-01-16T08:21:14.383+0000][gc,phases   ] GC(98)   Other: 19.2ms
[2026-01-16T08:21:14.385+0000][gc,heap     ] GC(98) Eden regions: 46->0(46)
[2026-01-16T08:21:14.386+0000][gc,heap     ] GC(98) Survivor regions: 5->5(7)
[2026-01-16T08:21:14.388+0000][gc,heap     ] GC(98) Old regions: 45->46
[2026-01-16T08:21:14.388+0000][gc,heap     ] GC(98) Humongous regions: 149->149
[2026-01-16T08:21:14.390+0000][gc,metaspace] GC(98) Metaspace: 13442K(13760K)->13442K(13760K) NonClass: 11914K(12096K)->11914K(12096K) Class: 1527K(1664K)->1527K(1664K)
[2026-01-16T08:21:14.390+0000][gc          ] GC(98) Pause Young (Normal) (G1 Evacuation Pause) 243M->198M(1024M) 1403.202ms
[2026-01-16T08:21:14.396+0000][gc,cpu      ] GC(98) User=0.57s Sys=0.06s Real=1.41s
[2026-01-16T08:21:19.428+0000][gc,start    ] GC(99) Pause Young (Normal) (G1 Evacuation Pause)
[2026-01-16T08:21:19.429+0000][gc,task     ] GC(99) Using 8 workers of 8 for evacuation
[2026-01-16T08:21:20.908+0000][gc,mmu      ] GC(99) MMU target violated: 201.0ms (200.0ms/201.0ms)
[2026-01-16T08:21:20.910+0000][gc,phases   ] GC(99)   Pre Evacuate Collection Set: 77.1ms
[2026-01-16T08:21:20.921+0000][gc,phases   ] GC(99)   Merge Heap Roots: 0.8ms
[2026-01-16T08:21:20.923+0000][gc,phases   ] GC(99)   Evacuate Collection Set: 1258.9ms
[2026-01-16T08:21:20.924+0000][gc,phases   ] GC(99)   Post Evacuate Collection Set: 141.5ms
[2026-01-16T08:21:20.926+0000][gc,phases   ] GC(99)   Other: 2.7ms
[2026-01-16T08:21:20.926+0000][gc,heap     ] GC(99) Eden regions: 46->0(46)
[2026-01-16T08:21:20.927+0000][gc,heap     ] GC(99) Survivor regions: 5->5(7)
[2026-01-16T08:21:20.927+0000][gc,heap     ] GC(99) Old regions: 46->46
[2026-01-16T08:21:20.927+0000][gc,heap     ] GC(99) Humongous regions: 149->149
[2026-01-16T08:21:20.928+0000][gc,metaspace] GC(99) Metaspace: 13448K(13760K)->13448K(13760K) NonClass: 11921K(12096K)->11921K(12096K) Class: 1527K(1664K)->1527K(1664K)
[2026-01-16T08:21:20.930+0000][gc          ] GC(99) Pause Young (Normal) (G1 Evacuation Pause) 244M->199M(1024M) 1502.514ms
[2026-01-16T08:21:20.935+0000][gc,cpu      ] GC(99) User=0.52s Sys=0.12s Real=1.51s
[2026-01-16T08:21:24.154+0000][gc,start    ] GC(100) Pause Young (Normal) (G1 Evacuation Pause)
[2026-01-16T08:21:24.176+0000][gc,task     ] GC(100) Using 8 workers of 8 for evacuation
[2026-01-16T08:21:24.608+0000][gc,mmu      ] GC(100) MMU target violated: 201.0ms (200.0ms/201.0ms)
[2026-01-16T08:21:24.611+0000][gc,phases   ] GC(100)   Pre Evacuate Collection Set: 21.9ms
[2026-01-16T08:21:24.636+0000][gc,phases   ] GC(100)   Merge Heap Roots: 0.8ms
[2026-01-16T08:21:24.642+0000][gc,phases   ] GC(100)   Evacuate Collection Set: 368.1ms
[2026-01-16T08:21:24.642+0000][gc,phases   ] GC(100)   Post Evacuate Collection Set: 37.7ms
[2026-01-16T08:21:24.643+0000][gc,phases   ] GC(100)   Other: 6.4ms
[2026-01-16T08:21:24.645+0000][gc,heap     ] GC(100) Eden regions: 46->0(46)
[2026-01-16T08:21:24.656+0000][gc,heap     ] GC(100) Survivor regions: 5->5(7)
[2026-01-16T08:21:24.657+0000][gc,heap     ] GC(100) Old regions: 46->47
[2026-01-16T08:21:24.657+0000][gc,heap     ] GC(100) Humongous regions: 149->149
[2026-01-16T08:21:24.658+0000][gc,metaspace] GC(100) Metaspace: 13449K(13760K)->13449K(13760K) NonClass: 11922K(12096K)->11922K(12096K) Class: 1527K(1664K)->1527K(1664K)
[2026-01-16T08:21:24.658+0000][gc          ] GC(100) Pause Young (Normal) (G1 Evacuation Pause) 245M->200M(1024M) 503.769ms
[2026-01-16T08:21:24.658+0000][gc,cpu      ] GC(100) User=0.34s Sys=0.10s Real=0.50s
[2026-01-16T08:21:26.959+0000][gc,start    ] GC(101) Pause Young (Normal) (G1 Evacuation Pause)
[2026-01-16T08:21:26.965+0000][gc,task     ] GC(101) Using 8 workers of 8 for evacuation
[2026-01-16T08:21:28.853+0000][gc,mmu      ] GC(101) MMU target violated: 201.0ms (200.0ms/201.0ms)
[2026-01-16T08:21:28.853+0000][gc,phases   ] GC(101)   Pre Evacuate Collection Set: 27.2ms
[2026-01-16T08:21:28.854+0000][gc,phases   ] GC(101)   Merge Heap Roots: 0.3ms
[2026-01-16T08:21:28.854+0000][gc,phases   ] GC(101)   Evacuate Collection Set: 1759.3ms
[2026-01-16T08:21:28.855+0000][gc,phases   ] GC(101)   Post Evacuate Collection Set: 91.1ms
[2026-01-16T08:21:28.857+0000][gc,phases   ] GC(101)   Other: 10.7ms
[2026-01-16T08:21:28.858+0000][gc,heap     ] GC(101) Eden regions: 46->0(47)
[2026-01-16T08:21:28.858+0000][gc,heap     ] GC(101) Survivor regions: 5->4(7)
[2026-01-16T08:21:28.873+0000][gc,heap     ] GC(101) Old regions: 47->48
[2026-01-16T08:21:28.874+0000][gc,heap     ] GC(101) Humongous regions: 149->149
[2026-01-16T08:21:28.875+0000][gc,metaspace] GC(101) Metaspace: 13449K(13760K)->13449K(13760K) NonClass: 11922K(12096K)->11922K(12096K) Class: 1527K(1664K)->1527K(1664K)
[2026-01-16T08:21:28.877+0000][gc          ] GC(101) Pause Young (Normal) (G1 Evacuation Pause) 246M->200M(1024M) 1917.991ms
[2026-01-16T08:21:28.881+0000][gc,cpu      ] GC(101) User=0.72s Sys=0.12s Real=1.92s
[2026-01-16T08:21:32.261+0000][gc,start    ] GC(102) Pause Young (Normal) (G1 Evacuation Pause)
[2026-01-16T08:21:32.263+0000][gc,task     ] GC(102) Using 8 workers of 8 for evacuation
[2026-01-16T08:21:33.361+0000][gc,mmu      ] GC(102) MMU target violated: 201.0ms (200.0ms/201.0ms)
[2026-01-16T08:21:33.366+0000][gc,phases   ] GC(102)   Pre Evacuate Collection Set: 67.3ms
[2026-01-16T08:21:33.369+0000][gc,phases   ] GC(102)   Merge Heap Roots: 8.4ms
[2026-01-16T08:21:33.369+0000][gc,phases   ] GC(102)   Evacuate Collection Set: 987.0ms
[2026-01-16T08:21:33.370+0000][gc,phases   ] GC(102)   Post Evacuate Collection Set: 32.0ms
[2026-01-16T08:21:33.370+0000][gc,phases   ] GC(102)   Other: 8.6ms
[2026-01-16T08:21:33.370+0000][gc,heap     ] GC(102) Eden regions: 47->0(47)
[2026-01-16T08:21:33.371+0000][gc,heap     ] GC(102) Survivor regions: 4->4(7)
[2026-01-16T08:21:33.373+0000][gc,heap     ] GC(102) Old regions: 48->49
[2026-01-16T08:21:33.373+0000][gc,heap     ] GC(102) Humongous regions: 149->149
[2026-01-16T08:21:33.374+0000][gc,metaspace] GC(102) Metaspace: 13452K(13760K)->13452K(13760K) NonClass: 11925K(12096K)->11925K(12096K) Class: 1527K(1664K)->1527K(1664K)
[2026-01-16T08:21:33.375+0000][gc          ] GC(102) Pause Young (Normal) (G1 Evacuation Pause) 247M->201M(1024M) 1114.016ms
[2026-01-16T08:21:33.375+0000][gc,cpu      ] GC(102) User=0.45s Sys=0.07s Real=1.12s
[2026-01-16T08:21:35.871+0000][gc,start    ] GC(103) Pause Young (Normal) (G1 Evacuation Pause)
[2026-01-16T08:21:35.878+0000][gc,task     ] GC(103) Using 8 workers of 8 for evacuation
[2026-01-16T08:21:36.662+0000][gc,mmu      ] GC(103) MMU target violated: 201.0ms (200.0ms/201.0ms)
[2026-01-16T08:21:36.665+0000][gc,phases   ] GC(103)   Pre Evacuate Collection Set: 151.3ms
[2026-01-16T08:21:36.665+0000][gc,phases   ] GC(103)   Merge Heap Roots: 26.2ms
[2026-01-16T08:21:36.666+0000][gc,phases   ] GC(103)   Evacuate Collection Set: 516.8ms
[2026-01-16T08:21:36.668+0000][gc,phases   ] GC(103)   Post Evacuate Collection Set: 65.6ms
[2026-01-16T08:21:36.670+0000][gc,phases   ] GC(103)   Other: 27.3ms
[2026-01-16T08:21:36.671+0000][gc,heap     ] GC(103) Eden regions: 47->0(46)
[2026-01-16T08:21:36.672+0000][gc,heap     ] GC(103) Survivor regions: 4->5(7)
[2026-01-16T08:21:36.673+0000][gc,heap     ] GC(103) Old regions: 49->50
[2026-01-16T08:21:36.674+0000][gc,heap     ] GC(103) Humongous regions: 149->149
[2026-01-16T08:21:36.675+0000][gc,metaspace] GC(103) Metaspace: 13458K(13760K)->13458K(13760K) NonClass: 11930K(12096K)->11930K(12096K) Class: 1527K(1664K)->1527K(1664K)
[2026-01-16T08:21:36.677+0000][gc          ] GC(103) Pause Young (Normal) (G1 Evacuation Pause) 248M->202M(1024M) 805.403ms
[2026-01-16T08:21:36.678+0000][gc,cpu      ] GC(103) User=0.36s Sys=0.04s Real=0.80s
[2026-01-16T08:21:42.086+0000][gc,start    ] GC(104) Pause Young (Normal) (G1 Evacuation Pause)
[2026-01-16T08:21:42.105+0000][gc,task     ] GC(104) Using 8 workers of 8 for evacuation
[2026-01-16T08:21:42.839+0000][gc,mmu      ] GC(104) MMU target violated: 201.0ms (200.0ms/201.0ms)
[2026-01-16T08:21:42.843+0000][gc,phases   ] GC(104)   Pre Evacuate Collection Set: 75.5ms
[2026-01-16T08:21:42.843+0000][gc,phases   ] GC(104)   Merge Heap Roots: 28.0ms
[2026-01-16T08:21:42.843+0000][gc,phases   ] GC(104)   Evacuate Collection Set: 577.8ms
[2026-01-16T08:21:42.844+0000][gc,phases   ] GC(104)   Post Evacuate Collection Set: 21.3ms
[2026-01-16T08:21:42.846+0000][gc,phases   ] GC(104)   Other: 35.1ms
[2026-01-16T08:21:42.846+0000][gc,heap     ] GC(104) Eden regions: 46->0(46)
[2026-01-16T08:21:42.854+0000][gc,heap     ] GC(104) Survivor regions: 5->5(7)
[2026-01-16T08:21:42.855+0000][gc,heap     ] GC(104) Old regions: 50->50
[2026-01-16T08:21:42.855+0000][gc,heap     ] GC(104) Humongous regions: 149->149
[2026-01-16T08:21:42.856+0000][gc,metaspace] GC(104) Metaspace: 13459K(13760K)->13459K(13760K) NonClass: 11932K(12096K)->11932K(12096K) Class: 1527K(1664K)->1527K(1664K)
[2026-01-16T08:21:42.858+0000][gc          ] GC(104) Pause Young (Normal) (G1 Evacuation Pause) 248M->203M(1024M) 772.076ms
[2026-01-16T08:21:42.860+0000][gc,cpu      ] GC(104) User=0.43s Sys=0.07s Real=0.78s
[2026-01-16T08:21:46.977+0000][gc,start    ] GC(105) Pause Young (Normal) (G1 Evacuation Pause)
[2026-01-16T08:21:46.978+0000][gc,task     ] GC(105) Using 8 workers of 8 for evacuation
[2026-01-16T08:21:50.856+0000][gc,mmu      ] GC(105) MMU target violated: 201.0ms (200.0ms/201.0ms)
[2026-01-16T08:21:50.859+0000][gc,phases   ] GC(105)   Pre Evacuate Collection Set: 61.9ms
[2026-01-16T08:21:50.859+0000][gc,phases   ] GC(105)   Merge Heap Roots: 0.4ms
[2026-01-16T08:21:50.859+0000][gc,phases   ] GC(105)   Evacuate Collection Set: 3291.6ms
[2026-01-16T08:21:50.859+0000][gc,phases   ] GC(105)   Post Evacuate Collection Set: 522.8ms
[2026-01-16T08:21:50.859+0000][gc,phases   ] GC(105)   Other: 4.4ms
[2026-01-16T08:21:50.860+0000][gc,heap     ] GC(105) Eden regions: 46->0(46)
[2026-01-16T08:21:50.860+0000][gc,heap     ] GC(105) Survivor regions: 5->5(7)
[2026-01-16T08:21:50.860+0000][gc,heap     ] GC(105) Old regions: 50->51
[2026-01-16T08:21:50.861+0000][gc,heap     ] GC(105) Humongous regions: 149->149
[2026-01-16T08:21:50.861+0000][gc,metaspace] GC(105) Metaspace: 13461K(13760K)->13461K(13760K) NonClass: 11933K(12096K)->11933K(12096K) Class: 1527K(1664K)->1527K(1664K)
[2026-01-16T08:21:50.867+0000][gc          ] GC(105) Pause Young (Normal) (G1 Evacuation Pause) 249M->203M(1024M) 3889.963ms
[2026-01-16T08:21:50.869+0000][gc,cpu      ] GC(105) User=1.46s Sys=0.20s Real=3.89s
[2026-01-16T08:21:54.674+0000][gc,start    ] GC(106) Pause Young (Normal) (G1 Evacuation Pause)
[2026-01-16T08:21:54.675+0000][gc,task     ] GC(106) Using 8 workers of 8 for evacuation
[2026-01-16T08:21:55.379+0000][gc,mmu      ] GC(106) MMU target violated: 201.0ms (200.0ms/201.0ms)
[2026-01-16T08:21:55.384+0000][gc,phases   ] GC(106)   Pre Evacuate Collection Set: 59.4ms
[2026-01-16T08:21:55.385+0000][gc,phases   ] GC(106)   Merge Heap Roots: 3.4ms
[2026-01-16T08:21:55.387+0000][gc,phases   ] GC(106)   Evacuate Collection Set: 632.4ms
[2026-01-16T08:21:55.391+0000][gc,phases   ] GC(106)   Post Evacuate Collection Set: 8.1ms
[2026-01-16T08:21:55.391+0000][gc,phases   ] GC(106)   Other: 5.9ms
[2026-01-16T08:21:55.393+0000][gc,heap     ] GC(106) Eden regions: 46->0(46)
[2026-01-16T08:21:55.394+0000][gc,heap     ] GC(106) Survivor regions: 5->5(7)
[2026-01-16T08:21:55.397+0000][gc,heap     ] GC(106) Old regions: 51->52
[2026-01-16T08:21:55.399+0000][gc,heap     ] GC(106) Humongous regions: 149->149
[2026-01-16T08:21:55.399+0000][gc,metaspace] GC(106) Metaspace: 13462K(13760K)->13462K(13760K) NonClass: 11935K(12096K)->11935K(12096K) Class: 1527K(1664K)->1527K(1664K)
[2026-01-16T08:21:55.400+0000][gc          ] GC(106) Pause Young (Normal) (G1 Evacuation Pause) 249M->204M(1024M) 725.177ms
[2026-01-16T08:21:55.407+0000][gc,cpu      ] GC(106) User=0.34s Sys=0.03s Real=0.73s
[2026-01-16T08:21:57.165+0000][gc,start    ] GC(107) Pause Young (Normal) (G1 Evacuation Pause)
[2026-01-16T08:21:57.171+0000][gc,task     ] GC(107) Using 8 workers of 8 for evacuation
[2026-01-16T08:21:57.409+0000][gc,mmu      ] GC(107) MMU target violated: 201.0ms (200.0ms/201.0ms)
[2026-01-16T08:21:57.410+0000][gc,phases   ] GC(107)   Pre Evacuate Collection Set: 10.7ms
[2026-01-16T08:21:57.410+0000][gc,phases   ] GC(107)   Merge Heap Roots: 0.3ms
[2026-01-16T08:21:57.411+0000][gc,phases   ] GC(107)   Evacuate Collection Set: 223.7ms
[2026-01-16T08:21:57.411+0000][gc,phases   ] GC(107)   Post Evacuate Collection Set: 2.0ms
[2026-01-16T08:21:57.411+0000][gc,phases   ] GC(107)   Other: 2.4ms
[2026-01-16T08:21:57.412+0000][gc,heap     ] GC(107) Eden regions: 46->0(46)
[2026-01-16T08:21:57.412+0000][gc,heap     ] GC(107) Survivor regions: 5->5(7)
[2026-01-16T08:21:57.412+0000][gc,heap     ] GC(107) Old regions: 52->53
[2026-01-16T08:21:57.412+0000][gc,heap     ] GC(107) Humongous regions: 149->149
[2026-01-16T08:21:57.413+0000][gc,metaspace] GC(107) Metaspace: 13466K(13760K)->13466K(13760K) NonClass: 11939K(12096K)->11939K(12096K) Class: 1527K(1664K)->1527K(1664K)
[2026-01-16T08:21:57.414+0000][gc          ] GC(107) Pause Young (Normal) (G1 Evacuation Pause) 250M->205M(1024M) 248.790ms
[2026-01-16T08:21:57.424+0000][gc,cpu      ] GC(107) User=0.20s Sys=0.05s Real=0.26s
[2026-01-16T08:21:57.876+0000][gc,start    ] GC(108) Pause Young (Normal) (G1 Evacuation Pause)
[2026-01-16T08:21:57.881+0000][gc,task     ] GC(108) Using 8 workers of 8 for evacuation
[2026-01-16T08:21:57.975+0000][gc,phases   ] GC(108)   Pre Evacuate Collection Set: 1.0ms
[2026-01-16T08:21:57.979+0000][gc,phases   ] GC(108)   Merge Heap Roots: 0.2ms
[2026-01-16T08:21:57.980+0000][gc,phases   ] GC(108)   Evacuate Collection Set: 81.2ms
[2026-01-16T08:21:57.981+0000][gc,phases   ] GC(108)   Post Evacuate Collection Set: 5.8ms
[2026-01-16T08:21:57.981+0000][gc,phases   ] GC(108)   Other: 6.6ms
[2026-01-16T08:21:57.981+0000][gc,heap     ] GC(108) Eden regions: 46->0(46)
[2026-01-16T08:21:57.981+0000][gc,heap     ] GC(108) Survivor regions: 5->5(7)
[2026-01-16T08:21:57.982+0000][gc,heap     ] GC(108) Old regions: 53->53
[2026-01-16T08:21:57.982+0000][gc,heap     ] GC(108) Humongous regions: 149->149
[2026-01-16T08:21:57.982+0000][gc,metaspace] GC(108) Metaspace: 13468K(13760K)->13468K(13760K) NonClass: 11941K(12096K)->11941K(12096K) Class: 1527K(1664K)->1527K(1664K)
[2026-01-16T08:21:57.982+0000][gc          ] GC(108) Pause Young (Normal) (G1 Evacuation Pause) 251M->205M(1024M) 106.797ms
[2026-01-16T08:21:57.983+0000][gc,cpu      ] GC(108) User=0.03s Sys=0.00s Real=0.11s
[2026-01-16T08:21:58.547+0000][gc,start    ] GC(109) Pause Young (Normal) (G1 Evacuation Pause)
[2026-01-16T08:21:58.550+0000][gc,task     ] GC(109) Using 8 workers of 8 for evacuation
[2026-01-16T08:21:58.818+0000][gc,mmu      ] GC(109) MMU target violated: 201.0ms (200.0ms/201.0ms)
[2026-01-16T08:21:58.819+0000][gc,phases   ] GC(109)   Pre Evacuate Collection Set: 0.4ms
[2026-01-16T08:21:58.819+0000][gc,phases   ] GC(109)   Merge Heap Roots: 0.1ms
[2026-01-16T08:21:58.819+0000][gc,phases   ] GC(109)   Evacuate Collection Set: 264.1ms
[2026-01-16T08:21:58.820+0000][gc,phases   ] GC(109)   Post Evacuate Collection Set: 3.2ms
[2026-01-16T08:21:58.820+0000][gc,phases   ] GC(109)   Other: 1.2ms
[2026-01-16T08:21:58.820+0000][gc,heap     ] GC(109) Eden regions: 46->0(46)
[2026-01-16T08:21:58.820+0000][gc,heap     ] GC(109) Survivor regions: 5->5(7)
[2026-01-16T08:21:58.820+0000][gc,heap     ] GC(109) Old regions: 53->53
[2026-01-16T08:21:58.821+0000][gc,heap     ] GC(109) Humongous regions: 149->149
[2026-01-16T08:21:58.821+0000][gc,metaspace] GC(109) Metaspace: 13468K(13760K)->13468K(13760K) NonClass: 11941K(12096K)->11941K(12096K) Class: 1527K(1664K)->1527K(1664K)
[2026-01-16T08:21:58.821+0000][gc          ] GC(109) Pause Young (Normal) (G1 Evacuation Pause) 251M->206M(1024M) 273.732ms
[2026-01-16T08:21:58.821+0000][gc,cpu      ] GC(109) User=0.06s Sys=0.02s Real=0.27s
[2026-01-16T08:21:59.834+0000][gc,start    ] GC(110) Pause Young (Normal) (G1 Evacuation Pause)
[2026-01-16T08:21:59.836+0000][gc,task     ] GC(110) Using 8 workers of 8 for evacuation
[2026-01-16T08:22:00.377+0000][gc,mmu      ] GC(110) MMU target violated: 201.0ms (200.0ms/201.0ms)
[2026-01-16T08:22:00.378+0000][gc,phases   ] GC(110)   Pre Evacuate Collection Set: 8.1ms
[2026-01-16T08:22:00.381+0000][gc,phases   ] GC(110)   Merge Heap Roots: 2.2ms
[2026-01-16T08:22:00.381+0000][gc,phases   ] GC(110)   Evacuate Collection Set: 523.9ms
[2026-01-16T08:22:00.382+0000][gc,phases   ] GC(110)   Post Evacuate Collection Set: 6.3ms
[2026-01-16T08:22:00.382+0000][gc,phases   ] GC(110)   Other: 1.9ms
[2026-01-16T08:22:00.382+0000][gc,heap     ] GC(110) Eden regions: 46->0(46)
[2026-01-16T08:22:00.382+0000][gc,heap     ] GC(110) Survivor regions: 5->5(7)
[2026-01-16T08:22:00.382+0000][gc,heap     ] GC(110) Old regions: 53->54
[2026-01-16T08:22:00.382+0000][gc,heap     ] GC(110) Humongous regions: 149->149
[2026-01-16T08:22:00.383+0000][gc,metaspace] GC(110) Metaspace: 13468K(13760K)->13468K(13760K) NonClass: 11941K(12096K)->11941K(12096K) Class: 1527K(1664K)->1527K(1664K)
[2026-01-16T08:22:00.383+0000][gc          ] GC(110) Pause Young (Normal) (G1 Evacuation Pause) 252M->207M(1024M) 549.051ms
[2026-01-16T08:22:00.385+0000][gc,cpu      ] GC(110) User=0.26s Sys=0.03s Real=0.55s
[2026-01-16T08:22:03.025+0000][gc,start    ] GC(111) Pause Young (Normal) (G1 Evacuation Pause)
[2026-01-16T08:22:03.026+0000][gc,task     ] GC(111) Using 8 workers of 8 for evacuation
[2026-01-16T08:22:04.976+0000][gc,mmu      ] GC(111) MMU target violated: 201.0ms (200.0ms/201.0ms)
[2026-01-16T08:22:04.978+0000][gc,phases   ] GC(111)   Pre Evacuate Collection Set: 48.6ms
[2026-01-16T08:22:04.979+0000][gc,phases   ] GC(111)   Merge Heap Roots: 9.7ms
[2026-01-16T08:22:04.980+0000][gc,phases   ] GC(111)   Evacuate Collection Set: 1717.8ms
[2026-01-16T08:22:04.980+0000][gc,phases   ] GC(111)   Post Evacuate Collection Set: 172.5ms
[2026-01-16T08:22:04.980+0000][gc,phases   ] GC(111)   Other: 3.3ms
[2026-01-16T08:22:04.982+0000][gc,heap     ] GC(111) Eden regions: 46->0(46)
[2026-01-16T08:22:04.984+0000][gc,heap     ] GC(111) Survivor regions: 5->5(7)
[2026-01-16T08:22:04.984+0000][gc,heap     ] GC(111) Old regions: 54->55
[2026-01-16T08:22:04.985+0000][gc,heap     ] GC(111) Humongous regions: 149->149
[2026-01-16T08:22:04.986+0000][gc,metaspace] GC(111) Metaspace: 13468K(13760K)->13468K(13760K) NonClass: 11941K(12096K)->11941K(12096K) Class: 1527K(1664K)->1527K(1664K)
[2026-01-16T08:22:04.986+0000][gc          ] GC(111) Pause Young (Normal) (G1 Evacuation Pause) 253M->207M(1024M) 1960.831ms
[2026-01-16T08:22:04.987+0000][gc,cpu      ] GC(111) User=0.59s Sys=0.23s Real=1.97s
[2026-01-16T08:22:08.334+0000][gc,start    ] GC(112) Pause Young (Normal) (G1 Evacuation Pause)
[2026-01-16T08:22:08.379+0000][gc,task     ] GC(112) Using 8 workers of 8 for evacuation
[2026-01-16T08:22:09.030+0000][gc,mmu      ] GC(112) MMU target violated: 201.0ms (200.0ms/201.0ms)
[2026-01-16T08:22:09.030+0000][gc,phases   ] GC(112)   Pre Evacuate Collection Set: 81.3ms
[2026-01-16T08:22:09.031+0000][gc,phases   ] GC(112)   Merge Heap Roots: 23.4ms
[2026-01-16T08:22:09.031+0000][gc,phases   ] GC(112)   Evacuate Collection Set: 503.4ms
[2026-01-16T08:22:09.034+0000][gc,phases   ] GC(112)   Post Evacuate Collection Set: 30.4ms
[2026-01-16T08:22:09.041+0000][gc,phases   ] GC(112)   Other: 13.3ms
[2026-01-16T08:22:09.042+0000][gc,heap     ] GC(112) Eden regions: 46->0(47)
[2026-01-16T08:22:09.043+0000][gc,heap     ] GC(112) Survivor regions: 5->4(7)
[2026-01-16T08:22:09.044+0000][gc,heap     ] GC(112) Old regions: 55->56
[2026-01-16T08:22:09.044+0000][gc,heap     ] GC(112) Humongous regions: 149->149
[2026-01-16T08:22:09.045+0000][gc,metaspace] GC(112) Metaspace: 13469K(13760K)->13469K(13760K) NonClass: 11941K(12096K)->11941K(12096K) Class: 1527K(1664K)->1527K(1664K)
[2026-01-16T08:22:09.045+0000][gc          ] GC(112) Pause Young (Normal) (G1 Evacuation Pause) 253M->208M(1024M) 710.683ms
[2026-01-16T08:22:09.045+0000][gc,cpu      ] GC(112) User=0.39s Sys=0.03s Real=0.71s
[2026-01-16T08:22:11.740+0000][gc,start    ] GC(113) Pause Young (Normal) (G1 Evacuation Pause)
[2026-01-16T08:22:11.741+0000][gc,task     ] GC(113) Using 8 workers of 8 for evacuation
[2026-01-16T08:22:13.009+0000][gc,mmu      ] GC(113) MMU target violated: 201.0ms (200.0ms/201.0ms)
[2026-01-16T08:22:13.014+0000][gc,phases   ] GC(113)   Pre Evacuate Collection Set: 162.3ms
[2026-01-16T08:22:13.014+0000][gc,phases   ] GC(113)   Merge Heap Roots: 2.0ms
[2026-01-16T08:22:13.014+0000][gc,phases   ] GC(113)   Evacuate Collection Set: 1058.1ms
[2026-01-16T08:22:13.021+0000][gc,phases   ] GC(113)   Post Evacuate Collection Set: 44.0ms
[2026-01-16T08:22:13.022+0000][gc,phases   ] GC(113)   Other: 6.4ms
[2026-01-16T08:22:13.022+0000][gc,heap     ] GC(113) Eden regions: 47->0(46)
[2026-01-16T08:22:13.022+0000][gc,heap     ] GC(113) Survivor regions: 4->5(7)
[2026-01-16T08:22:13.022+0000][gc,heap     ] GC(113) Old regions: 56->56
[2026-01-16T08:22:13.023+0000][gc,heap     ] GC(113) Humongous regions: 149->149
[2026-01-16T08:22:13.023+0000][gc,metaspace] GC(113) Metaspace: 13471K(13760K)->13471K(13760K) NonClass: 11943K(12096K)->11943K(12096K) Class: 1527K(1664K)->1527K(1664K)
[2026-01-16T08:22:13.023+0000][gc          ] GC(113) Pause Young (Normal) (G1 Evacuation Pause) 255M->209M(1024M) 1283.316ms
[2026-01-16T08:22:13.024+0000][gc,cpu      ] GC(113) User=0.60s Sys=0.06s Real=1.29s
[2026-01-16T08:22:14.833+0000][gc,start    ] GC(114) Pause Young (Normal) (G1 Evacuation Pause)
[2026-01-16T08:22:14.862+0000][gc,task     ] GC(114) Using 8 workers of 8 for evacuation
[2026-01-16T08:22:16.000+0000][gc,mmu      ] GC(114) MMU target violated: 201.0ms (200.0ms/201.0ms)
[2026-01-16T08:22:16.001+0000][gc,phases   ] GC(114)   Pre Evacuate Collection Set: 35.9ms
[2026-01-16T08:22:16.001+0000][gc,phases   ] GC(114)   Merge Heap Roots: 13.8ms
[2026-01-16T08:22:16.002+0000][gc,phases   ] GC(114)   Evacuate Collection Set: 1036.0ms
[2026-01-16T08:22:16.002+0000][gc,phases   ] GC(114)   Post Evacuate Collection Set: 42.9ms
[2026-01-16T08:22:16.002+0000][gc,phases   ] GC(114)   Other: 33.3ms
[2026-01-16T08:22:16.003+0000][gc,heap     ] GC(114) Eden regions: 46->0(46)
[2026-01-16T08:22:16.003+0000][gc,heap     ] GC(114) Survivor regions: 5->5(7)
[2026-01-16T08:22:16.003+0000][gc,heap     ] GC(114) Old regions: 56->57
[2026-01-16T08:22:16.004+0000][gc,heap     ] GC(114) Humongous regions: 149->149
[2026-01-16T08:22:16.004+0000][gc,metaspace] GC(114) Metaspace: 13475K(13760K)->13475K(13760K) NonClass: 11948K(12096K)->11948K(12096K) Class: 1527K(1664K)->1527K(1664K)
[2026-01-16T08:22:16.006+0000][gc          ] GC(114) Pause Young (Normal) (G1 Evacuation Pause) 255M->210M(1024M) 1173.419ms
[2026-01-16T08:22:16.008+0000][gc,cpu      ] GC(114) User=0.34s Sys=0.19s Real=1.17s
[2026-01-16T08:22:18.899+0000][gc,start    ] GC(115) Pause Young (Normal) (G1 Evacuation Pause)
[2026-01-16T08:22:18.917+0000][gc,task     ] GC(115) Using 8 workers of 8 for evacuation
[2026-01-16T08:22:19.395+0000][gc,mmu      ] GC(115) MMU target violated: 201.0ms (200.0ms/201.0ms)
[2026-01-16T08:22:19.399+0000][gc,phases   ] GC(115)   Pre Evacuate Collection Set: 104.0ms
[2026-01-16T08:22:19.399+0000][gc,phases   ] GC(115)   Merge Heap Roots: 4.0ms
[2026-01-16T08:22:19.400+0000][gc,phases   ] GC(115)   Evacuate Collection Set: 301.0ms
[2026-01-16T08:22:19.400+0000][gc,phases   ] GC(115)   Post Evacuate Collection Set: 15.1ms
[2026-01-16T08:22:19.400+0000][gc,phases   ] GC(115)   Other: 58.4ms
[2026-01-16T08:22:19.400+0000][gc,heap     ] GC(115) Eden regions: 46->0(46)
[2026-01-16T08:22:19.401+0000][gc,heap     ] GC(115) Survivor regions: 5->5(7)
[2026-01-16T08:22:19.403+0000][gc,heap     ] GC(115) Old regions: 57->58
[2026-01-16T08:22:19.407+0000][gc,heap     ] GC(115) Humongous regions: 149->149
[2026-01-16T08:22:19.408+0000][gc,metaspace] GC(115) Metaspace: 13476K(13760K)->13476K(13760K) NonClass: 11949K(12096K)->11949K(12096K) Class: 1527K(1664K)->1527K(1664K)
[2026-01-16T08:22:19.408+0000][gc          ] GC(115) Pause Young (Normal) (G1 Evacuation Pause) 256M->211M(1024M) 508.800ms
[2026-01-16T08:22:19.409+0000][gc,cpu      ] GC(115) User=0.32s Sys=0.03s Real=0.51s
[2026-01-16T08:22:24.112+0000][gc,start    ] GC(116) Pause Young (Normal) (G1 Evacuation Pause)
[2026-01-16T08:22:24.147+0000][gc,task     ] GC(116) Using 8 workers of 8 for evacuation
[2026-01-16T08:22:25.384+0000][gc,mmu      ] GC(116) MMU target violated: 201.0ms (200.0ms/201.0ms)
[2026-01-16T08:22:25.385+0000][gc,phases   ] GC(116)   Pre Evacuate Collection Set: 47.5ms
[2026-01-16T08:22:25.385+0000][gc,phases   ] GC(116)   Merge Heap Roots: 35.3ms
[2026-01-16T08:22:25.388+0000][gc,phases   ] GC(116)   Evacuate Collection Set: 1065.6ms
[2026-01-16T08:22:25.421+0000][gc,phases   ] GC(116)   Post Evacuate Collection Set: 35.7ms
[2026-01-16T08:22:25.422+0000][gc,phases   ] GC(116)   Other: 54.0ms
[2026-01-16T08:22:25.422+0000][gc,heap     ] GC(116) Eden regions: 46->0(47)
[2026-01-16T08:22:25.423+0000][gc,heap     ] GC(116) Survivor regions: 5->4(7)
[2026-01-16T08:22:25.423+0000][gc,heap     ] GC(116) Old regions: 58->59
[2026-01-16T08:22:25.423+0000][gc,heap     ] GC(116) Humongous regions: 149->149
[2026-01-16T08:22:25.423+0000][gc,metaspace] GC(116) Metaspace: 13476K(13760K)->13476K(13760K) NonClass: 11949K(12096K)->11949K(12096K) Class: 1527K(1664K)->1527K(1664K)
[2026-01-16T08:22:25.451+0000][gc          ] GC(116) Pause Young (Normal) (G1 Evacuation Pause) 257M->211M(1024M) 1339.590ms
[2026-01-16T08:22:25.506+0000][gc,cpu      ] GC(116) User=0.68s Sys=0.09s Real=1.40s
[2026-01-16T08:22:29.266+0000][gc,start    ] GC(117) Pause Young (Normal) (G1 Evacuation Pause)
[2026-01-16T08:22:29.279+0000][gc,task     ] GC(117) Using 8 workers of 8 for evacuation
[2026-01-16T08:22:30.009+0000][gc,mmu      ] GC(117) MMU target violated: 201.0ms (200.0ms/201.0ms)
[2026-01-16T08:22:30.010+0000][gc,phases   ] GC(117)   Pre Evacuate Collection Set: 88.2ms
[2026-01-16T08:22:30.011+0000][gc,phases   ] GC(117)   Merge Heap Roots: 8.5ms
[2026-01-16T08:22:30.011+0000][gc,phases   ] GC(117)   Evacuate Collection Set: 587.2ms
[2026-01-16T08:22:30.011+0000][gc,phases   ] GC(117)   Post Evacuate Collection Set: 23.4ms
[2026-01-16T08:22:30.012+0000][gc,phases   ] GC(117)   Other: 24.6ms
[2026-01-16T08:22:30.013+0000][gc,heap     ] GC(117) Eden regions: 47->0(46)
[2026-01-16T08:22:30.013+0000][gc,heap     ] GC(117) Survivor regions: 4->5(7)
[2026-01-16T08:22:30.014+0000][gc,heap     ] GC(117) Old regions: 59->60
[2026-01-16T08:22:30.014+0000][gc,heap     ] GC(117) Humongous regions: 149->149
[2026-01-16T08:22:30.015+0000][gc,metaspace] GC(117) Metaspace: 13493K(13824K)->13493K(13824K) NonClass: 11966K(12160K)->11966K(12160K) Class: 1527K(1664K)->1527K(1664K)
[2026-01-16T08:22:30.016+0000][gc          ] GC(117) Pause Young (Normal) (G1 Evacuation Pause) 258M->212M(1024M) 750.478ms
[2026-01-16T08:22:30.018+0000][gc,cpu      ] GC(117) User=0.50s Sys=0.05s Real=0.75s
[2026-01-16T08:22:35.322+0000][gc,start    ] GC(118) Pause Young (Normal) (G1 Evacuation Pause)
[2026-01-16T08:22:35.329+0000][gc,task     ] GC(118) Using 8 workers of 8 for evacuation
[2026-01-16T08:22:37.202+0000][gc,mmu      ] GC(118) MMU target violated: 201.0ms (200.0ms/201.0ms)
[2026-01-16T08:22:37.205+0000][gc,phases   ] GC(118)   Pre Evacuate Collection Set: 37.8ms
[2026-01-16T08:22:37.205+0000][gc,phases   ] GC(118)   Merge Heap Roots: 13.7ms
[2026-01-16T08:22:37.205+0000][gc,phases   ] GC(118)   Evacuate Collection Set: 1745.3ms
[2026-01-16T08:22:37.205+0000][gc,phases   ] GC(118)   Post Evacuate Collection Set: 65.6ms
[2026-01-16T08:22:37.205+0000][gc,phases   ] GC(118)   Other: 18.7ms
[2026-01-16T08:22:37.206+0000][gc,heap     ] GC(118) Eden regions: 46->0(46)
[2026-01-16T08:22:37.206+0000][gc,heap     ] GC(118) Survivor regions: 5->5(7)
[2026-01-16T08:22:37.206+0000][gc,heap     ] GC(118) Old regions: 60->61
[2026-01-16T08:22:37.206+0000][gc,heap     ] GC(118) Humongous regions: 149->149
[2026-01-16T08:22:37.206+0000][gc,metaspace] GC(118) Metaspace: 13498K(13824K)->13498K(13824K) NonClass: 11969K(12160K)->11969K(12160K) Class: 1528K(1664K)->1528K(1664K)
[2026-01-16T08:22:37.206+0000][gc          ] GC(118) Pause Young (Normal) (G1 Evacuation Pause) 258M->213M(1024M) 1883.824ms
[2026-01-16T08:22:37.207+0000][gc,cpu      ] GC(118) User=0.98s Sys=0.27s Real=1.88s
[2026-01-16T08:22:41.016+0000][gc,start    ] GC(119) Pause Young (Normal) (G1 Evacuation Pause)
[2026-01-16T08:22:41.021+0000][gc,task     ] GC(119) Using 8 workers of 8 for evacuation
[2026-01-16T08:22:41.807+0000][gc,mmu      ] GC(119) MMU target violated: 201.0ms (200.0ms/201.0ms)
[2026-01-16T08:22:41.808+0000][gc,phases   ] GC(119)   Pre Evacuate Collection Set: 38.5ms
[2026-01-16T08:22:41.808+0000][gc,phases   ] GC(119)   Merge Heap Roots: 52.4ms
[2026-01-16T08:22:41.808+0000][gc,phases   ] GC(119)   Evacuate Collection Set: 643.1ms
[2026-01-16T08:22:41.809+0000][gc,phases   ] GC(119)   Post Evacuate Collection Set: 48.5ms
[2026-01-16T08:22:41.809+0000][gc,phases   ] GC(119)   Other: 4.4ms
[2026-01-16T08:22:41.809+0000][gc,heap     ] GC(119) Eden regions: 46->0(47)
[2026-01-16T08:22:41.809+0000][gc,heap     ] GC(119) Survivor regions: 5->4(7)
[2026-01-16T08:22:41.810+0000][gc,heap     ] GC(119) Old regions: 61->62
[2026-01-16T08:22:41.811+0000][gc,heap     ] GC(119) Humongous regions: 149->149
[2026-01-16T08:22:41.812+0000][gc,metaspace] GC(119) Metaspace: 13498K(13824K)->13498K(13824K) NonClass: 11969K(12160K)->11969K(12160K) Class: 1528K(1664K)->1528K(1664K)
[2026-01-16T08:22:41.816+0000][gc          ] GC(119) Pause Young (Normal) (G1 Evacuation Pause) 259M->214M(1024M) 799.967ms
[2026-01-16T08:22:41.818+0000][gc,cpu      ] GC(119) User=0.49s Sys=0.04s Real=0.80s
[2026-01-16T08:22:44.385+0000][gc,start    ] GC(120) Pause Young (Normal) (G1 Evacuation Pause)
[2026-01-16T08:22:44.388+0000][gc,task     ] GC(120) Using 8 workers of 8 for evacuation
[2026-01-16T08:22:44.785+0000][gc,mmu      ] GC(120) MMU target violated: 201.0ms (200.0ms/201.0ms)
[2026-01-16T08:22:44.787+0000][gc,phases   ] GC(120)   Pre Evacuate Collection Set: 72.5ms
[2026-01-16T08:22:44.787+0000][gc,phases   ] GC(120)   Merge Heap Roots: 3.7ms
[2026-01-16T08:22:44.788+0000][gc,phases   ] GC(120)   Evacuate Collection Set: 312.3ms
[2026-01-16T08:22:44.789+0000][gc,phases   ] GC(120)   Post Evacuate Collection Set: 6.9ms
[2026-01-16T08:22:44.791+0000][gc,phases   ] GC(120)   Other: 3.5ms
[2026-01-16T08:22:44.793+0000][gc,heap     ] GC(120) Eden regions: 47->0(46)
[2026-01-16T08:22:44.795+0000][gc,heap     ] GC(120) Survivor regions: 4->5(7)
[2026-01-16T08:22:44.795+0000][gc,heap     ] GC(120) Old regions: 62->62
[2026-01-16T08:22:44.797+0000][gc,heap     ] GC(120) Humongous regions: 149->149
[2026-01-16T08:22:44.800+0000][gc,metaspace] GC(120) Metaspace: 13500K(13824K)->13500K(13824K) NonClass: 11972K(12160K)->11972K(12160K) Class: 1528K(1664K)->1528K(1664K)
[2026-01-16T08:22:44.800+0000][gc          ] GC(120) Pause Young (Normal) (G1 Evacuation Pause) 261M->214M(1024M) 415.693ms
[2026-01-16T08:22:44.801+0000][gc,cpu      ] GC(120) User=0.43s Sys=0.03s Real=0.42s
[2026-01-16T08:22:46.309+0000][gc,start    ] GC(121) Pause Young (Normal) (G1 Evacuation Pause)
[2026-01-16T08:22:46.345+0000][gc,task     ] GC(121) Using 8 workers of 8 for evacuation
[2026-01-16T08:22:47.280+0000][gc,mmu      ] GC(121) MMU target violated: 201.0ms (200.0ms/201.0ms)
[2026-01-16T08:22:47.309+0000][gc,phases   ] GC(121)   Pre Evacuate Collection Set: 8.1ms
[2026-01-16T08:22:47.313+0000][gc,phases   ] GC(121)   Merge Heap Roots: 2.6ms
[2026-01-16T08:22:47.313+0000][gc,phases   ] GC(121)   Evacuate Collection Set: 758.9ms
[2026-01-16T08:22:47.314+0000][gc,phases   ] GC(121)   Post Evacuate Collection Set: 160.9ms
[2026-01-16T08:22:47.314+0000][gc,phases   ] GC(121)   Other: 34.1ms
[2026-01-16T08:22:47.314+0000][gc,heap     ] GC(121) Eden regions: 46->0(46)
[2026-01-16T08:22:47.314+0000][gc,heap     ] GC(121) Survivor regions: 5->5(7)
[2026-01-16T08:22:47.315+0000][gc,heap     ] GC(121) Old regions: 62->63
[2026-01-16T08:22:47.315+0000][gc,heap     ] GC(121) Humongous regions: 149->149
[2026-01-16T08:22:47.315+0000][gc,metaspace] GC(121) Metaspace: 13501K(13824K)->13501K(13824K) NonClass: 11973K(12160K)->11973K(12160K) Class: 1528K(1664K)->1528K(1664K)
[2026-01-16T08:22:47.315+0000][gc          ] GC(121) Pause Young (Normal) (G1 Evacuation Pause) 260M->215M(1024M) 1006.385ms
[2026-01-16T08:22:47.315+0000][gc,cpu      ] GC(121) User=0.32s Sys=0.05s Real=1.00s
[2026-01-16T08:22:49.631+0000][gc,start    ] GC(122) Pause Young (Normal) (G1 Evacuation Pause)
[2026-01-16T08:22:49.674+0000][gc,task     ] GC(122) Using 8 workers of 8 for evacuation
[2026-01-16T08:22:50.663+0000][gc,mmu      ] GC(122) MMU target violated: 201.0ms (200.0ms/201.0ms)
[2026-01-16T08:22:50.670+0000][gc,phases   ] GC(122)   Pre Evacuate Collection Set: 89.4ms
[2026-01-16T08:22:50.671+0000][gc,phases   ] GC(122)   Merge Heap Roots: 17.9ms
[2026-01-16T08:22:50.681+0000][gc,phases   ] GC(122)   Evacuate Collection Set: 766.5ms
[2026-01-16T08:22:50.686+0000][gc,phases   ] GC(122)   Post Evacuate Collection Set: 88.2ms
[2026-01-16T08:22:50.689+0000][gc,phases   ] GC(122)   Other: 36.1ms
[2026-01-16T08:22:50.689+0000][gc,heap     ] GC(122) Eden regions: 46->0(46)
[2026-01-16T08:22:50.689+0000][gc,heap     ] GC(122) Survivor regions: 5->5(7)
[2026-01-16T08:22:50.690+0000][gc,heap     ] GC(122) Old regions: 63->63
[2026-01-16T08:22:50.690+0000][gc,heap     ] GC(122) Humongous regions: 149->149
[2026-01-16T08:22:50.691+0000][gc,metaspace] GC(122) Metaspace: 13503K(13824K)->13503K(13824K) NonClass: 11974K(12160K)->11974K(12160K) Class: 1528K(1664K)->1528K(1664K)
[2026-01-16T08:22:50.694+0000][gc          ] GC(122) Pause Young (Normal) (G1 Evacuation Pause) 261M->216M(1024M) 1062.618ms
[2026-01-16T08:22:50.695+0000][gc,cpu      ] GC(122) User=0.34s Sys=0.05s Real=1.06s
[2026-01-16T08:22:53.973+0000][gc,start    ] GC(123) Pause Young (Normal) (G1 Evacuation Pause)
[2026-01-16T08:22:53.993+0000][gc,task     ] GC(123) Using 8 workers of 8 for evacuation
[2026-01-16T08:22:55.370+0000][gc,mmu      ] GC(123) MMU target violated: 201.0ms (200.0ms/201.0ms)
[2026-01-16T08:22:55.372+0000][gc,phases   ] GC(123)   Pre Evacuate Collection Set: 125.0ms
[2026-01-16T08:22:55.374+0000][gc,phases   ] GC(123)   Merge Heap Roots: 58.0ms
[2026-01-16T08:22:55.375+0000][gc,phases   ] GC(123)   Evacuate Collection Set: 1143.2ms
[2026-01-16T08:22:55.377+0000][gc,phases   ] GC(123)   Post Evacuate Collection Set: 27.5ms
[2026-01-16T08:22:55.378+0000][gc,phases   ] GC(123)   Other: 41.9ms
[2026-01-16T08:22:55.384+0000][gc,heap     ] GC(123) Eden regions: 46->0(47)
[2026-01-16T08:22:55.386+0000][gc,heap     ] GC(123) Survivor regions: 5->4(7)
[2026-01-16T08:22:55.387+0000][gc,heap     ] GC(123) Old regions: 63->65
[2026-01-16T08:22:55.388+0000][gc,heap     ] GC(123) Humongous regions: 149->149
[2026-01-16T08:22:55.389+0000][gc,metaspace] GC(123) Metaspace: 13505K(13824K)->13505K(13824K) NonClass: 11977K(12160K)->11977K(12160K) Class: 1528K(1664K)->1528K(1664K)
[2026-01-16T08:22:55.391+0000][gc          ] GC(123) Pause Young (Normal) (G1 Evacuation Pause) 262M->217M(1024M) 1417.862ms
[2026-01-16T08:22:55.410+0000][gc,cpu      ] GC(123) User=0.55s Sys=0.10s Real=1.53s
[2026-01-16T08:22:58.428+0000][gc,start    ] GC(124) Pause Young (Normal) (G1 Evacuation Pause)
[2026-01-16T08:22:58.429+0000][gc,task     ] GC(124) Using 8 workers of 8 for evacuation
[2026-01-16T08:23:00.320+0000][gc,mmu      ] GC(124) MMU target violated: 201.0ms (200.0ms/201.0ms)
[2026-01-16T08:23:00.330+0000][gc,phases   ] GC(124)   Pre Evacuate Collection Set: 174.9ms
[2026-01-16T08:23:00.333+0000][gc,phases   ] GC(124)   Merge Heap Roots: 30.5ms
[2026-01-16T08:23:00.335+0000][gc,phases   ] GC(124)   Evacuate Collection Set: 1606.7ms
[2026-01-16T08:23:00.340+0000][gc,phases   ] GC(124)   Post Evacuate Collection Set: 72.7ms
[2026-01-16T08:23:00.340+0000][gc,phases   ] GC(124)   Other: 16.5ms
[2026-01-16T08:23:00.340+0000][gc,heap     ] GC(124) Eden regions: 47->0(47)
[2026-01-16T08:23:00.340+0000][gc,heap     ] GC(124) Survivor regions: 4->4(7)
[2026-01-16T08:23:00.341+0000][gc,heap     ] GC(124) Old regions: 65->65
[2026-01-16T08:23:00.341+0000][gc,heap     ] GC(124) Humongous regions: 149->149
[2026-01-16T08:23:00.341+0000][gc,metaspace] GC(124) Metaspace: 13508K(13824K)->13508K(13824K) NonClass: 11979K(12160K)->11979K(12160K) Class: 1528K(1664K)->1528K(1664K)
[2026-01-16T08:23:00.342+0000][gc          ] GC(124) Pause Young (Normal) (G1 Evacuation Pause) 264M->217M(1024M) 1913.759ms
[2026-01-16T08:23:00.342+0000][gc,cpu      ] GC(124) User=0.79s Sys=0.12s Real=1.92s
[2026-01-16T08:23:04.862+0000][gc,start    ] GC(125) Pause Young (Normal) (GCLocker Initiated GC)
[2026-01-16T08:23:04.870+0000][gc,task     ] GC(125) Using 8 workers of 8 for evacuation
[2026-01-16T08:23:05.813+0000][gc,mmu      ] GC(125) MMU target violated: 201.0ms (200.0ms/201.0ms)
[2026-01-16T08:23:05.822+0000][gc,phases   ] GC(125)   Pre Evacuate Collection Set: 24.2ms
[2026-01-16T08:23:05.822+0000][gc,phases   ] GC(125)   Merge Heap Roots: 4.4ms
[2026-01-16T08:23:05.823+0000][gc,phases   ] GC(125)   Evacuate Collection Set: 891.0ms
[2026-01-16T08:23:05.823+0000][gc,phases   ] GC(125)   Post Evacuate Collection Set: 14.7ms
[2026-01-16T08:23:05.824+0000][gc,phases   ] GC(125)   Other: 17.9ms
[2026-01-16T08:23:05.825+0000][gc,heap     ] GC(125) Eden regions: 53->0(47)
[2026-01-16T08:23:05.826+0000][gc,heap     ] GC(125) Survivor regions: 4->4(7)
[2026-01-16T08:23:05.827+0000][gc,heap     ] GC(125) Old regions: 65->66
[2026-01-16T08:23:05.831+0000][gc,heap     ] GC(125) Humongous regions: 149->149
[2026-01-16T08:23:05.832+0000][gc,metaspace] GC(125) Metaspace: 13512K(13824K)->13512K(13824K) NonClass: 11984K(12160K)->11984K(12160K) Class: 1528K(1664K)->1528K(1664K)
[2026-01-16T08:23:05.833+0000][gc          ] GC(125) Pause Young (Normal) (GCLocker Initiated GC) 270M->218M(1024M) 970.586ms
[2026-01-16T08:23:05.835+0000][gc,cpu      ] GC(125) User=0.50s Sys=0.09s Real=0.97s
[2026-01-16T08:23:07.874+0000][gc,start    ] GC(126) Pause Young (Normal) (G1 Evacuation Pause)
[2026-01-16T08:23:07.874+0000][gc,task     ] GC(126) Using 8 workers of 8 for evacuation
[2026-01-16T08:23:08.397+0000][gc,mmu      ] GC(126) MMU target violated: 201.0ms (200.0ms/201.0ms)
[2026-01-16T08:23:08.399+0000][gc,phases   ] GC(126)   Pre Evacuate Collection Set: 41.7ms
[2026-01-16T08:23:08.402+0000][gc,phases   ] GC(126)   Merge Heap Roots: 6.5ms
[2026-01-16T08:23:08.402+0000][gc,phases   ] GC(126)   Evacuate Collection Set: 431.8ms
[2026-01-16T08:23:08.405+0000][gc,phases   ] GC(126)   Post Evacuate Collection Set: 39.1ms
[2026-01-16T08:23:08.405+0000][gc,phases   ] GC(126)   Other: 5.7ms
[2026-01-16T08:23:08.405+0000][gc,heap     ] GC(126) Eden regions: 47->0(46)
[2026-01-16T08:23:08.405+0000][gc,heap     ] GC(126) Survivor regions: 4->5(7)
[2026-01-16T08:23:08.406+0000][gc,heap     ] GC(126) Old regions: 66->66
[2026-01-16T08:23:08.406+0000][gc,heap     ] GC(126) Humongous regions: 149->149
[2026-01-16T08:23:08.408+0000][gc,metaspace] GC(126) Metaspace: 13516K(13824K)->13516K(13824K) NonClass: 11987K(12160K)->11987K(12160K) Class: 1528K(1664K)->1528K(1664K)
[2026-01-16T08:23:08.408+0000][gc          ] GC(126) Pause Young (Normal) (G1 Evacuation Pause) 265M->219M(1024M) 534.701ms
[2026-01-16T08:23:08.409+0000][gc,cpu      ] GC(126) User=0.25s Sys=0.02s Real=0.53s
[2026-01-16T08:23:09.389+0000][gc,start    ] GC(127) Pause Young (Normal) (G1 Evacuation Pause)
[2026-01-16T08:23:09.392+0000][gc,task     ] GC(127) Using 8 workers of 8 for evacuation
[2026-01-16T08:23:09.732+0000][gc,mmu      ] GC(127) MMU target violated: 201.0ms (200.0ms/201.0ms)
[2026-01-16T08:23:09.733+0000][gc,phases   ] GC(127)   Pre Evacuate Collection Set: 5.4ms
[2026-01-16T08:23:09.736+0000][gc,phases   ] GC(127)   Merge Heap Roots: 1.1ms
[2026-01-16T08:23:09.736+0000][gc,phases   ] GC(127)   Evacuate Collection Set: 322.3ms
[2026-01-16T08:23:09.739+0000][gc,phases   ] GC(127)   Post Evacuate Collection Set: 11.0ms
[2026-01-16T08:23:09.741+0000][gc,phases   ] GC(127)   Other: 1.6ms
[2026-01-16T08:23:09.744+0000][gc,heap     ] GC(127) Eden regions: 46->0(47)
[2026-01-16T08:23:09.745+0000][gc,heap     ] GC(127) Survivor regions: 5->4(7)
[2026-01-16T08:23:09.745+0000][gc,heap     ] GC(127) Old regions: 66->68
[2026-01-16T08:23:09.745+0000][gc,heap     ] GC(127) Humongous regions: 149->149
[2026-01-16T08:23:09.745+0000][gc,metaspace] GC(127) Metaspace: 13516K(13824K)->13516K(13824K) NonClass: 11988K(12160K)->11988K(12160K) Class: 1528K(1664K)->1528K(1664K)
[2026-01-16T08:23:09.746+0000][gc          ] GC(127) Pause Young (Normal) (G1 Evacuation Pause) 265M->220M(1024M) 356.530ms
[2026-01-16T08:23:09.747+0000][gc,cpu      ] GC(127) User=0.14s Sys=0.04s Real=0.36s
[2026-01-16T08:23:14.319+0000][gc,start    ] GC(128) Pause Young (Normal) (G1 Evacuation Pause)
[2026-01-16T08:23:14.320+0000][gc,task     ] GC(128) Using 8 workers of 8 for evacuation
[2026-01-16T08:23:15.550+0000][gc,mmu      ] GC(128) MMU target violated: 201.0ms (200.0ms/201.0ms)
[2026-01-16T08:23:15.563+0000][gc,phases   ] GC(128)   Pre Evacuate Collection Set: 47.7ms
[2026-01-16T08:23:15.563+0000][gc,phases   ] GC(128)   Merge Heap Roots: 26.6ms
[2026-01-16T08:23:15.563+0000][gc,phases   ] GC(128)   Evacuate Collection Set: 1078.9ms
[2026-01-16T08:23:15.563+0000][gc,phases   ] GC(128)   Post Evacuate Collection Set: 65.6ms
[2026-01-16T08:23:15.563+0000][gc,phases   ] GC(128)   Other: 24.4ms
[2026-01-16T08:23:15.564+0000][gc,heap     ] GC(128) Eden regions: 47->0(46)
[2026-01-16T08:23:15.564+0000][gc,heap     ] GC(128) Survivor regions: 4->5(7)
[2026-01-16T08:23:15.564+0000][gc,heap     ] GC(128) Old regions: 68->68
[2026-01-16T08:23:15.564+0000][gc,heap     ] GC(128) Humongous regions: 149->149
[2026-01-16T08:23:15.564+0000][gc,metaspace] GC(128) Metaspace: 13524K(13824K)->13524K(13824K) NonClass: 11995K(12160K)->11995K(12160K) Class: 1528K(1664K)->1528K(1664K)
[2026-01-16T08:23:15.564+0000][gc          ] GC(128) Pause Young (Normal) (G1 Evacuation Pause) 267M->221M(1024M) 1244.679ms
[2026-01-16T08:23:15.564+0000][gc,cpu      ] GC(128) User=0.39s Sys=0.05s Real=1.25s
[2026-01-16T08:23:17.385+0000][gc,start    ] GC(129) Pause Young (Normal) (G1 Evacuation Pause)
[2026-01-16T08:23:17.386+0000][gc,task     ] GC(129) Using 8 workers of 8 for evacuation
[2026-01-16T08:23:18.280+0000][gc,mmu      ] GC(129) MMU target violated: 201.0ms (200.0ms/201.0ms)
[2026-01-16T08:23:18.283+0000][gc,phases   ] GC(129)   Pre Evacuate Collection Set: 65.0ms
[2026-01-16T08:23:18.285+0000][gc,phases   ] GC(129)   Merge Heap Roots: 10.9ms
[2026-01-16T08:23:18.285+0000][gc,phases   ] GC(129)   Evacuate Collection Set: 734.1ms
[2026-01-16T08:23:18.285+0000][gc,phases   ] GC(129)   Post Evacuate Collection Set: 82.9ms
[2026-01-16T08:23:18.286+0000][gc,phases   ] GC(129)   Other: 3.6ms
[2026-01-16T08:23:18.286+0000][gc,heap     ] GC(129) Eden regions: 46->0(47)
[2026-01-16T08:23:18.286+0000][gc,heap     ] GC(129) Survivor regions: 5->4(7)
[2026-01-16T08:23:18.287+0000][gc,heap     ] GC(129) Old regions: 68->69
[2026-01-16T08:23:18.287+0000][gc,heap     ] GC(129) Humongous regions: 149->149
[2026-01-16T08:23:18.288+0000][gc,metaspace] GC(129) Metaspace: 13528K(13824K)->13528K(13824K) NonClass: 11999K(12160K)->11999K(12160K) Class: 1528K(1664K)->1528K(1664K)
[2026-01-16T08:23:18.291+0000][gc          ] GC(129) Pause Young (Normal) (G1 Evacuation Pause) 267M->221M(1024M) 905.414ms
[2026-01-16T08:23:18.293+0000][gc,cpu      ] GC(129) User=0.34s Sys=0.04s Real=0.91s
[2026-01-16T08:23:20.791+0000][gc,start    ] GC(130) Pause Young (Normal) (G1 Evacuation Pause)
[2026-01-16T08:23:20.795+0000][gc,task     ] GC(130) Using 8 workers of 8 for evacuation
[2026-01-16T08:23:22.960+0000][gc,mmu      ] GC(130) MMU target violated: 201.0ms (200.0ms/201.0ms)
[2026-01-16T08:23:22.963+0000][gc,phases   ] GC(130)   Pre Evacuate Collection Set: 171.1ms
[2026-01-16T08:23:22.964+0000][gc,phases   ] GC(130)   Merge Heap Roots: 1.9ms
[2026-01-16T08:23:22.966+0000][gc,phases   ] GC(130)   Evacuate Collection Set: 1911.1ms
[2026-01-16T08:23:22.967+0000][gc,phases   ] GC(130)   Post Evacuate Collection Set: 78.0ms
[2026-01-16T08:23:22.967+0000][gc,phases   ] GC(130)   Other: 5.8ms
[2026-01-16T08:23:22.969+0000][gc,heap     ] GC(130) Eden regions: 47->0(47)
[2026-01-16T08:23:22.972+0000][gc,heap     ] GC(130) Survivor regions: 4->4(7)
[2026-01-16T08:23:22.973+0000][gc,heap     ] GC(130) Old regions: 69->70
[2026-01-16T08:23:22.975+0000][gc,heap     ] GC(130) Humongous regions: 149->149
[2026-01-16T08:23:22.977+0000][gc,metaspace] GC(130) Metaspace: 13528K(13824K)->13528K(13824K) NonClass: 11999K(12160K)->11999K(12160K) Class: 1528K(1664K)->1528K(1664K)
[2026-01-16T08:23:22.978+0000][gc          ] GC(130) Pause Young (Normal) (G1 Evacuation Pause) 268M->222M(1024M) 2186.883ms
[2026-01-16T08:23:22.979+0000][gc,cpu      ] GC(130) User=0.66s Sys=0.09s Real=2.19s
[2026-01-16T08:23:27.968+0000][gc,start    ] GC(131) Pause Young (Normal) (G1 Evacuation Pause)
[2026-01-16T08:23:27.973+0000][gc,task     ] GC(131) Using 8 workers of 8 for evacuation
[2026-01-16T08:23:28.399+0000][gc,mmu      ] GC(131) MMU target violated: 201.0ms (200.0ms/201.0ms)
[2026-01-16T08:23:28.401+0000][gc,phases   ] GC(131)   Pre Evacuate Collection Set: 27.8ms
[2026-01-16T08:23:28.401+0000][gc,phases   ] GC(131)   Merge Heap Roots: 0.5ms
[2026-01-16T08:23:28.402+0000][gc,phases   ] GC(131)   Evacuate Collection Set: 386.0ms
[2026-01-16T08:23:28.402+0000][gc,phases   ] GC(131)   Post Evacuate Collection Set: 8.0ms
[2026-01-16T08:23:28.404+0000][gc,phases   ] GC(131)   Other: 7.7ms
[2026-01-16T08:23:28.405+0000][gc,heap     ] GC(131) Eden regions: 47->0(46)
[2026-01-16T08:23:28.407+0000][gc,heap     ] GC(131) Survivor regions: 4->5(7)
[2026-01-16T08:23:28.408+0000][gc,heap     ] GC(131) Old regions: 70->71
[2026-01-16T08:23:28.410+0000][gc,heap     ] GC(131) Humongous regions: 149->149
[2026-01-16T08:23:28.410+0000][gc,metaspace] GC(131) Metaspace: 13528K(13824K)->13528K(13824K) NonClass: 11999K(12160K)->11999K(12160K) Class: 1528K(1664K)->1528K(1664K)
[2026-01-16T08:23:28.411+0000][gc          ] GC(131) Pause Young (Normal) (G1 Evacuation Pause) 269M->223M(1024M) 442.632ms
[2026-01-16T08:23:28.411+0000][gc,cpu      ] GC(131) User=0.28s Sys=0.02s Real=0.44s
[2026-01-16T08:23:30.636+0000][gc,start    ] GC(132) Pause Young (Normal) (GCLocker Initiated GC)
[2026-01-16T08:23:30.638+0000][gc,task     ] GC(132) Using 8 workers of 8 for evacuation
[2026-01-16T08:23:31.035+0000][gc,mmu      ] GC(132) MMU target violated: 201.0ms (200.0ms/201.0ms)
[2026-01-16T08:23:31.037+0000][gc,phases   ] GC(132)   Pre Evacuate Collection Set: 20.7ms
[2026-01-16T08:23:31.037+0000][gc,phases   ] GC(132)   Merge Heap Roots: 10.7ms
[2026-01-16T08:23:31.037+0000][gc,phases   ] GC(132)   Evacuate Collection Set: 342.5ms
[2026-01-16T08:23:31.042+0000][gc,phases   ] GC(132)   Post Evacuate Collection Set: 21.3ms
[2026-01-16T08:23:31.042+0000][gc,phases   ] GC(132)   Other: 3.6ms
[2026-01-16T08:23:31.042+0000][gc,heap     ] GC(132) Eden regions: 51->0(47)
[2026-01-16T08:23:31.042+0000][gc,heap     ] GC(132) Survivor regions: 5->4(7)
[2026-01-16T08:23:31.042+0000][gc,heap     ] GC(132) Old regions: 71->71
[2026-01-16T08:23:31.042+0000][gc,heap     ] GC(132) Humongous regions: 149->149
[2026-01-16T08:23:31.043+0000][gc,metaspace] GC(132) Metaspace: 13530K(13824K)->13530K(13824K) NonClass: 12002K(12160K)->12002K(12160K) Class: 1528K(1664K)->1528K(1664K)
[2026-01-16T08:23:31.043+0000][gc          ] GC(132) Pause Young (Normal) (GCLocker Initiated GC) 273M->223M(1024M) 407.140ms
[2026-01-16T08:23:31.043+0000][gc,cpu      ] GC(132) User=0.27s Sys=0.02s Real=0.41s
[2026-01-16T08:23:33.072+0000][gc,start    ] GC(133) Pause Young (Normal) (G1 Evacuation Pause)
[2026-01-16T08:23:33.078+0000][gc,task     ] GC(133) Using 8 workers of 8 for evacuation
[2026-01-16T08:23:33.721+0000][gc,mmu      ] GC(133) MMU target violated: 201.0ms (200.0ms/201.0ms)
[2026-01-16T08:23:33.723+0000][gc,phases   ] GC(133)   Pre Evacuate Collection Set: 16.0ms
[2026-01-16T08:23:33.724+0000][gc,phases   ] GC(133)   Merge Heap Roots: 1.5ms
[2026-01-16T08:23:33.724+0000][gc,phases   ] GC(133)   Evacuate Collection Set: 585.1ms
[2026-01-16T08:23:33.725+0000][gc,phases   ] GC(133)   Post Evacuate Collection Set: 31.5ms
[2026-01-16T08:23:33.725+0000][gc,phases   ] GC(133)   Other: 12.5ms
[2026-01-16T08:23:33.725+0000][gc,heap     ] GC(133) Eden regions: 47->0(47)
[2026-01-16T08:23:33.726+0000][gc,heap     ] GC(133) Survivor regions: 4->4(7)
[2026-01-16T08:23:33.727+0000][gc,heap     ] GC(133) Old regions: 71->72
[2026-01-16T08:23:33.727+0000][gc,heap     ] GC(133) Humongous regions: 149->149
[2026-01-16T08:23:33.729+0000][gc,metaspace] GC(133) Metaspace: 13536K(13824K)->13536K(13824K) NonClass: 12007K(12160K)->12007K(12160K) Class: 1528K(1664K)->1528K(1664K)
[2026-01-16T08:23:33.730+0000][gc          ] GC(133) Pause Young (Normal) (G1 Evacuation Pause) 270M->224M(1024M) 658.868ms
[2026-01-16T08:23:33.731+0000][gc,cpu      ] GC(133) User=0.24s Sys=0.03s Real=0.66s
[2026-01-16T08:23:36.989+0000][gc,start    ] GC(134) Pause Young (Normal) (GCLocker Initiated GC)
[2026-01-16T08:23:36.999+0000][gc,task     ] GC(134) Using 8 workers of 8 for evacuation
[2026-01-16T08:23:37.450+0000][gc,mmu      ] GC(134) MMU target violated: 201.0ms (200.0ms/201.0ms)
[2026-01-16T08:23:37.452+0000][gc,phases   ] GC(134)   Pre Evacuate Collection Set: 41.1ms
[2026-01-16T08:23:37.453+0000][gc,phases   ] GC(134)   Merge Heap Roots: 10.7ms
[2026-01-16T08:23:37.453+0000][gc,phases   ] GC(134)   Evacuate Collection Set: 356.5ms
[2026-01-16T08:23:37.454+0000][gc,phases   ] GC(134)   Post Evacuate Collection Set: 34.6ms
[2026-01-16T08:23:37.454+0000][gc,phases   ] GC(134)   Other: 10.7ms
[2026-01-16T08:23:37.457+0000][gc,heap     ] GC(134) Eden regions: 48->0(46)
[2026-01-16T08:23:37.458+0000][gc,heap     ] GC(134) Survivor regions: 4->5(7)
[2026-01-16T08:23:37.464+0000][gc,heap     ] GC(134) Old regions: 72->72
[2026-01-16T08:23:37.465+0000][gc,heap     ] GC(134) Humongous regions: 149->149
[2026-01-16T08:23:37.465+0000][gc,metaspace] GC(134) Metaspace: 13537K(13824K)->13537K(13824K) NonClass: 12008K(12160K)->12008K(12160K) Class: 1528K(1664K)->1528K(1664K)
[2026-01-16T08:23:37.465+0000][gc          ] GC(134) Pause Young (Normal) (GCLocker Initiated GC) 272M->225M(1024M) 476.349ms
[2026-01-16T08:23:37.465+0000][gc,cpu      ] GC(134) User=0.28s Sys=0.02s Real=0.48s
[2026-01-16T08:23:39.470+0000][gc,start    ] GC(135) Pause Young (Normal) (G1 Evacuation Pause)
[2026-01-16T08:23:39.472+0000][gc,task     ] GC(135) Using 8 workers of 8 for evacuation
[2026-01-16T08:23:40.532+0000][gc,mmu      ] GC(135) MMU target violated: 201.0ms (200.0ms/201.0ms)
[2026-01-16T08:23:40.534+0000][gc,phases   ] GC(135)   Pre Evacuate Collection Set: 75.6ms
[2026-01-16T08:23:40.534+0000][gc,phases   ] GC(135)   Merge Heap Roots: 32.8ms
[2026-01-16T08:23:40.534+0000][gc,phases   ] GC(135)   Evacuate Collection Set: 899.2ms
[2026-01-16T08:23:40.534+0000][gc,phases   ] GC(135)   Post Evacuate Collection Set: 48.9ms
[2026-01-16T08:23:40.535+0000][gc,phases   ] GC(135)   Other: 5.0ms
[2026-01-16T08:23:40.535+0000][gc,heap     ] GC(135) Eden regions: 46->0(47)
[2026-01-16T08:23:40.535+0000][gc,heap     ] GC(135) Survivor regions: 5->4(7)
[2026-01-16T08:23:40.536+0000][gc,heap     ] GC(135) Old regions: 72->74
[2026-01-16T08:23:40.536+0000][gc,heap     ] GC(135) Humongous regions: 149->149
[2026-01-16T08:23:40.536+0000][gc,metaspace] GC(135) Metaspace: 13537K(13824K)->13537K(13824K) NonClass: 12008K(12160K)->12008K(12160K) Class: 1528K(1664K)->1528K(1664K)
[2026-01-16T08:23:40.538+0000][gc          ] GC(135) Pause Young (Normal) (G1 Evacuation Pause) 271M->226M(1024M) 1068.172ms
[2026-01-16T08:23:40.539+0000][gc,cpu      ] GC(135) User=0.47s Sys=0.07s Real=1.07s
[2026-01-16T08:23:43.333+0000][gc,start    ] GC(136) Pause Young (Normal) (G1 Evacuation Pause)
[2026-01-16T08:23:43.338+0000][gc,task     ] GC(136) Using 8 workers of 8 for evacuation
[2026-01-16T08:23:43.829+0000][gc,mmu      ] GC(136) MMU target violated: 201.0ms (200.0ms/201.0ms)
[2026-01-16T08:23:43.829+0000][gc,phases   ] GC(136)   Pre Evacuate Collection Set: 65.6ms
[2026-01-16T08:23:43.829+0000][gc,phases   ] GC(136)   Merge Heap Roots: 8.9ms
[2026-01-16T08:23:43.829+0000][gc,phases   ] GC(136)   Evacuate Collection Set: 362.6ms
[2026-01-16T08:23:43.829+0000][gc,phases   ] GC(136)   Post Evacuate Collection Set: 43.3ms
[2026-01-16T08:23:43.829+0000][gc,phases   ] GC(136)   Other: 10.6ms
[2026-01-16T08:23:43.829+0000][gc,heap     ] GC(136) Eden regions: 47->0(46)
[2026-01-16T08:23:43.834+0000][gc,heap     ] GC(136) Survivor regions: 4->5(7)
[2026-01-16T08:23:43.834+0000][gc,heap     ] GC(136) Old regions: 74->74
[2026-01-16T08:23:43.834+0000][gc,heap     ] GC(136) Humongous regions: 149->149
[2026-01-16T08:23:43.834+0000][gc,metaspace] GC(136) Metaspace: 13537K(13824K)->13537K(13824K) NonClass: 12008K(12160K)->12008K(12160K) Class: 1528K(1664K)->1528K(1664K)
[2026-01-16T08:23:43.836+0000][gc          ] GC(136) Pause Young (Normal) (G1 Evacuation Pause) 273M->226M(1024M) 502.614ms
[2026-01-16T08:23:43.840+0000][gc,cpu      ] GC(136) User=0.29s Sys=0.02s Real=0.50s
[2026-01-16T08:23:44.839+0000][gc,start    ] GC(137) Pause Young (Normal) (G1 Evacuation Pause)
[2026-01-16T08:23:44.844+0000][gc,task     ] GC(137) Using 8 workers of 8 for evacuation
[2026-01-16T08:23:45.293+0000][gc,mmu      ] GC(137) MMU target violated: 201.0ms (200.0ms/201.0ms)
[2026-01-16T08:23:45.298+0000][gc,phases   ] GC(137)   Pre Evacuate Collection Set: 56.1ms
[2026-01-16T08:23:45.298+0000][gc,phases   ] GC(137)   Merge Heap Roots: 84.8ms
[2026-01-16T08:23:45.303+0000][gc,phases   ] GC(137)   Evacuate Collection Set: 275.5ms
[2026-01-16T08:23:45.306+0000][gc,phases   ] GC(137)   Post Evacuate Collection Set: 6.0ms
[2026-01-16T08:23:45.308+0000][gc,phases   ] GC(137)   Other: 31.0ms
[2026-01-16T08:23:45.313+0000][gc,heap     ] GC(137) Eden regions: 46->0(46)
[2026-01-16T08:23:45.315+0000][gc,heap     ] GC(137) Survivor regions: 5->5(7)
[2026-01-16T08:23:45.321+0000][gc,heap     ] GC(137) Old regions: 74->74
[2026-01-16T08:23:45.324+0000][gc,heap     ] GC(137) Humongous regions: 149->149
[2026-01-16T08:23:45.326+0000][gc,metaspace] GC(137) Metaspace: 13537K(13824K)->13537K(13824K) NonClass: 12008K(12160K)->12008K(12160K) Class: 1528K(1664K)->1528K(1664K)
[2026-01-16T08:23:45.346+0000][gc          ] GC(137) Pause Young (Normal) (G1 Evacuation Pause) 272M->227M(1024M) 507.292ms
[2026-01-16T08:23:45.347+0000][gc,cpu      ] GC(137) User=0.17s Sys=0.04s Real=0.51s
[2026-01-16T08:23:46.103+0000][gc,start    ] GC(138) Pause Young (Normal) (G1 Evacuation Pause)
[2026-01-16T08:23:46.103+0000][gc,task     ] GC(138) Using 8 workers of 8 for evacuation
[2026-01-16T08:23:46.295+0000][gc,phases   ] GC(138)   Pre Evacuate Collection Set: 9.6ms
[2026-01-16T08:23:46.295+0000][gc,phases   ] GC(138)   Merge Heap Roots: 11.1ms
[2026-01-16T08:23:46.296+0000][gc,phases   ] GC(138)   Evacuate Collection Set: 168.1ms
[2026-01-16T08:23:46.299+0000][gc,phases   ] GC(138)   Post Evacuate Collection Set: 1.2ms
[2026-01-16T08:23:46.301+0000][gc,phases   ] GC(138)   Other: 1.4ms
[2026-01-16T08:23:46.302+0000][gc,heap     ] GC(138) Eden regions: 46->0(47)
[2026-01-16T08:23:46.303+0000][gc,heap     ] GC(138) Survivor regions: 5->4(7)
[2026-01-16T08:23:46.303+0000][gc,heap     ] GC(138) Old regions: 74->76
[2026-01-16T08:23:46.303+0000][gc,heap     ] GC(138) Humongous regions: 149->149
[2026-01-16T08:23:46.304+0000][gc,metaspace] GC(138) Metaspace: 13537K(13824K)->13537K(13824K) NonClass: 12008K(12160K)->12008K(12160K) Class: 1528K(1664K)->1528K(1664K)
[2026-01-16T08:23:46.304+0000][gc          ] GC(138) Pause Young (Normal) (G1 Evacuation Pause) 273M->228M(1024M) 201.436ms
[2026-01-16T08:23:46.304+0000][gc,cpu      ] GC(138) User=0.08s Sys=0.02s Real=0.20s
[2026-01-16T08:23:47.146+0000][gc,start    ] GC(139) Pause Young (Normal) (G1 Evacuation Pause)
[2026-01-16T08:23:47.148+0000][gc,task     ] GC(139) Using 8 workers of 8 for evacuation
[2026-01-16T08:23:47.741+0000][gc,mmu      ] GC(139) MMU target violated: 201.0ms (200.0ms/201.0ms)
[2026-01-16T08:23:47.741+0000][gc,phases   ] GC(139)   Pre Evacuate Collection Set: 12.4ms
[2026-01-16T08:23:47.741+0000][gc,phases   ] GC(139)   Merge Heap Roots: 0.4ms
[2026-01-16T08:23:47.742+0000][gc,phases   ] GC(139)   Evacuate Collection Set: 537.6ms
[2026-01-16T08:23:47.742+0000][gc,phases   ] GC(139)   Post Evacuate Collection Set: 40.1ms
[2026-01-16T08:23:47.742+0000][gc,phases   ] GC(139)   Other: 2.5ms
[2026-01-16T08:23:47.743+0000][gc,heap     ] GC(139) Eden regions: 47->0(46)
[2026-01-16T08:23:47.743+0000][gc,heap     ] GC(139) Survivor regions: 4->5(7)
[2026-01-16T08:23:47.744+0000][gc,heap     ] GC(139) Old regions: 76->76
[2026-01-16T08:23:47.744+0000][gc,heap     ] GC(139) Humongous regions: 149->149
[2026-01-16T08:23:47.746+0000][gc,metaspace] GC(139) Metaspace: 13537K(13824K)->13537K(13824K) NonClass: 12009K(12160K)->12009K(12160K) Class: 1528K(1664K)->1528K(1664K)
[2026-01-16T08:23:47.749+0000][gc          ] GC(139) Pause Young (Normal) (G1 Evacuation Pause) 275M->228M(1024M) 602.789ms
[2026-01-16T08:23:47.749+0000][gc,cpu      ] GC(139) User=0.25s Sys=0.06s Real=0.60s
[2026-01-16T08:23:50.280+0000][gc,start    ] GC(140) Pause Young (Normal) (G1 Evacuation Pause)
[2026-01-16T08:23:50.284+0000][gc,task     ] GC(140) Using 8 workers of 8 for evacuation
[2026-01-16T08:23:57.072+0000][gc,mmu      ] GC(140) MMU target violated: 201.0ms (200.0ms/201.0ms)
[2026-01-16T08:23:57.075+0000][gc,phases   ] GC(140)   Pre Evacuate Collection Set: 90.3ms
[2026-01-16T08:23:57.075+0000][gc,phases   ] GC(140)   Merge Heap Roots: 57.1ms
[2026-01-16T08:23:57.075+0000][gc,phases   ] GC(140)   Evacuate Collection Set: 6529.5ms
[2026-01-16T08:23:57.075+0000][gc,phases   ] GC(140)   Post Evacuate Collection Set: 105.1ms
[2026-01-16T08:23:57.075+0000][gc,phases   ] GC(140)   Other: 8.2ms
[2026-01-16T08:23:57.076+0000][gc,heap     ] GC(140) Eden regions: 46->0(47)
[2026-01-16T08:23:57.076+0000][gc,heap     ] GC(140) Survivor regions: 5->4(7)
[2026-01-16T08:23:57.076+0000][gc,heap     ] GC(140) Old regions: 76->77
[2026-01-16T08:23:57.076+0000][gc,heap     ] GC(140) Humongous regions: 149->149
[2026-01-16T08:23:57.076+0000][gc,metaspace] GC(140) Metaspace: 13539K(13824K)->13539K(13824K) NonClass: 12010K(12160K)->12010K(12160K) Class: 1528K(1664K)->1528K(1664K)
[2026-01-16T08:23:57.077+0000][gc          ] GC(140) Pause Young (Normal) (G1 Evacuation Pause) 274M->229M(1024M) 6796.450ms
[2026-01-16T08:23:57.077+0000][gc,cpu      ] GC(140) User=1.81s Sys=0.32s Real=6.80s
[2026-01-16T08:24:03.699+0000][gc,start    ] GC(141) Pause Young (Normal) (G1 Evacuation Pause)
[2026-01-16T08:24:03.722+0000][gc,task     ] GC(141) Using 8 workers of 8 for evacuation
[2026-01-16T08:24:05.268+0000][gc,mmu      ] GC(141) MMU target violated: 201.0ms (200.0ms/201.0ms)
[2026-01-16T08:24:05.275+0000][gc,phases   ] GC(141)   Pre Evacuate Collection Set: 233.3ms
[2026-01-16T08:24:05.275+0000][gc,phases   ] GC(141)   Merge Heap Roots: 84.1ms
[2026-01-16T08:24:05.276+0000][gc,phases   ] GC(141)   Evacuate Collection Set: 1177.1ms
[2026-01-16T08:24:05.279+0000][gc,phases   ] GC(141)   Post Evacuate Collection Set: 23.6ms
[2026-01-16T08:24:05.281+0000][gc,phases   ] GC(141)   Other: 34.5ms
[2026-01-16T08:24:05.285+0000][gc,heap     ] GC(141) Eden regions: 47->0(46)
[2026-01-16T08:24:05.288+0000][gc,heap     ] GC(141) Survivor regions: 4->5(7)
[2026-01-16T08:24:05.288+0000][gc,heap     ] GC(141) Old regions: 77->78
[2026-01-16T08:24:05.289+0000][gc,heap     ] GC(141) Humongous regions: 149->149
[2026-01-16T08:24:05.290+0000][gc,metaspace] GC(141) Metaspace: 13542K(13824K)->13542K(13824K) NonClass: 12013K(12160K)->12013K(12160K) Class: 1528K(1664K)->1528K(1664K)
[2026-01-16T08:24:05.292+0000][gc          ] GC(141) Pause Young (Normal) (G1 Evacuation Pause) 276M->230M(1024M) 1592.837ms
[2026-01-16T08:24:05.309+0000][gc,cpu      ] GC(141) User=0.74s Sys=0.10s Real=1.61s
[2026-01-16T08:24:08.113+0000][gc,start    ] GC(142) Pause Young (Normal) (G1 Evacuation Pause)
[2026-01-16T08:24:08.114+0000][gc,task     ] GC(142) Using 8 workers of 8 for evacuation
[2026-01-16T08:24:08.924+0000][gc,mmu      ] GC(142) MMU target violated: 201.0ms (200.0ms/201.0ms)
[2026-01-16T08:24:08.926+0000][gc,phases   ] GC(142)   Pre Evacuate Collection Set: 53.0ms
[2026-01-16T08:24:08.926+0000][gc,phases   ] GC(142)   Merge Heap Roots: 13.7ms
[2026-01-16T08:24:08.928+0000][gc,phases   ] GC(142)   Evacuate Collection Set: 625.1ms
[2026-01-16T08:24:08.934+0000][gc,phases   ] GC(142)   Post Evacuate Collection Set: 113.4ms
[2026-01-16T08:24:08.936+0000][gc,phases   ] GC(142)   Other: 6.4ms
[2026-01-16T08:24:08.938+0000][gc,heap     ] GC(142) Eden regions: 46->0(47)
[2026-01-16T08:24:08.938+0000][gc,heap     ] GC(142) Survivor regions: 5->4(7)
[2026-01-16T08:24:08.938+0000][gc,heap     ] GC(142) Old regions: 78->79
[2026-01-16T08:24:08.943+0000][gc,heap     ] GC(142) Humongous regions: 149->149
[2026-01-16T08:24:08.950+0000][gc,metaspace] GC(142) Metaspace: 13542K(13824K)->13542K(13824K) NonClass: 12013K(12160K)->12013K(12160K) Class: 1528K(1664K)->1528K(1664K)
[2026-01-16T08:24:08.950+0000][gc          ] GC(142) Pause Young (Normal) (G1 Evacuation Pause) 276M->231M(1024M) 837.949ms
[2026-01-16T08:24:08.951+0000][gc,cpu      ] GC(142) User=0.40s Sys=0.08s Real=0.84s
[2026-01-16T08:24:13.550+0000][gc,start    ] GC(143) Pause Young (Normal) (G1 Evacuation Pause)
[2026-01-16T08:24:13.574+0000][gc,task     ] GC(143) Using 8 workers of 8 for evacuation
[2026-01-16T08:24:14.472+0000][gc,mmu      ] GC(143) MMU target violated: 201.0ms (200.0ms/201.0ms)
[2026-01-16T08:24:14.473+0000][gc,phases   ] GC(143)   Pre Evacuate Collection Set: 78.2ms
[2026-01-16T08:24:14.473+0000][gc,phases   ] GC(143)   Merge Heap Roots: 3.5ms
[2026-01-16T08:24:14.474+0000][gc,phases   ] GC(143)   Evacuate Collection Set: 782.4ms
[2026-01-16T08:24:14.474+0000][gc,phases   ] GC(143)   Post Evacuate Collection Set: 19.2ms
[2026-01-16T08:24:14.474+0000][gc,phases   ] GC(143)   Other: 34.7ms
[2026-01-16T08:24:14.474+0000][gc,heap     ] GC(143) Eden regions: 47->0(46)
[2026-01-16T08:24:14.474+0000][gc,heap     ] GC(143) Survivor regions: 4->5(7)
[2026-01-16T08:24:14.474+0000][gc,heap     ] GC(143) Old regions: 79->79
[2026-01-16T08:24:14.474+0000][gc,heap     ] GC(143) Humongous regions: 149->149
[2026-01-16T08:24:14.474+0000][gc,metaspace] GC(143) Metaspace: 13542K(13824K)->13542K(13824K) NonClass: 12013K(12160K)->12013K(12160K) Class: 1528K(1664K)->1528K(1664K)
[2026-01-16T08:24:14.474+0000][gc          ] GC(143) Pause Young (Normal) (G1 Evacuation Pause) 278M->231M(1024M) 924.562ms
[2026-01-16T08:24:14.474+0000][gc,cpu      ] GC(143) User=0.46s Sys=0.04s Real=0.92s
[2026-01-16T08:24:16.208+0000][gc,start    ] GC(144) Pause Young (Normal) (G1 Evacuation Pause)
[2026-01-16T08:24:16.211+0000][gc,task     ] GC(144) Using 8 workers of 8 for evacuation
[2026-01-16T08:24:17.105+0000][gc,mmu      ] GC(144) MMU target violated: 201.0ms (200.0ms/201.0ms)
[2026-01-16T08:24:17.111+0000][gc,phases   ] GC(144)   Pre Evacuate Collection Set: 50.4ms
[2026-01-16T08:24:17.111+0000][gc,phases   ] GC(144)   Merge Heap Roots: 49.2ms
[2026-01-16T08:24:17.112+0000][gc,phases   ] GC(144)   Evacuate Collection Set: 756.3ms
[2026-01-16T08:24:17.113+0000][gc,phases   ] GC(144)   Post Evacuate Collection Set: 28.3ms
[2026-01-16T08:24:17.113+0000][gc,phases   ] GC(144)   Other: 16.4ms
[2026-01-16T08:24:17.114+0000][gc,heap     ] GC(144) Eden regions: 46->0(46)
[2026-01-16T08:24:17.114+0000][gc,heap     ] GC(144) Survivor regions: 5->5(7)
[2026-01-16T08:24:17.114+0000][gc,heap     ] GC(144) Old regions: 79->80
[2026-01-16T08:24:17.114+0000][gc,heap     ] GC(144) Humongous regions: 149->149
[2026-01-16T08:24:17.114+0000][gc,metaspace] GC(144) Metaspace: 13543K(13824K)->13543K(13824K) NonClass: 12014K(12160K)->12014K(12160K) Class: 1528K(1664K)->1528K(1664K)
[2026-01-16T08:24:17.115+0000][gc          ] GC(144) Pause Young (Normal) (G1 Evacuation Pause) 277M->232M(1024M) 906.691ms
[2026-01-16T08:24:17.117+0000][gc,cpu      ] GC(144) User=0.34s Sys=0.04s Real=0.91s
[2026-01-16T08:24:18.481+0000][gc,start    ] GC(145) Pause Young (Normal) (G1 Evacuation Pause)
[2026-01-16T08:24:18.484+0000][gc,task     ] GC(145) Using 8 workers of 8 for evacuation
[2026-01-16T08:24:19.129+0000][gc,mmu      ] GC(145) MMU target violated: 201.0ms (200.0ms/201.0ms)
[2026-01-16T08:24:19.130+0000][gc,phases   ] GC(145)   Pre Evacuate Collection Set: 73.6ms
[2026-01-16T08:24:19.130+0000][gc,phases   ] GC(145)   Merge Heap Roots: 6.7ms
[2026-01-16T08:24:19.131+0000][gc,phases   ] GC(145)   Evacuate Collection Set: 509.5ms
[2026-01-16T08:24:19.132+0000][gc,phases   ] GC(145)   Post Evacuate Collection Set: 17.6ms
[2026-01-16T08:24:19.140+0000][gc,phases   ] GC(145)   Other: 38.6ms
[2026-01-16T08:24:19.140+0000][gc,heap     ] GC(145) Eden regions: 46->0(46)
[2026-01-16T08:24:19.140+0000][gc,heap     ] GC(145) Survivor regions: 5->5(7)
[2026-01-16T08:24:19.140+0000][gc,heap     ] GC(145) Old regions: 80->80
[2026-01-16T08:24:19.140+0000][gc,heap     ] GC(145) Humongous regions: 149->149
[2026-01-16T08:24:19.145+0000][gc,metaspace] GC(145) Metaspace: 13543K(13824K)->13543K(13824K) NonClass: 12014K(12160K)->12014K(12160K) Class: 1528K(1664K)->1528K(1664K)
[2026-01-16T08:24:19.146+0000][gc          ] GC(145) Pause Young (Normal) (G1 Evacuation Pause) 278M->233M(1024M) 664.519ms
[2026-01-16T08:24:19.146+0000][gc,cpu      ] GC(145) User=0.27s Sys=0.05s Real=0.67s
[2026-01-16T08:24:20.668+0000][gc,start    ] GC(146) Pause Young (Normal) (G1 Evacuation Pause)
[2026-01-16T08:24:20.707+0000][gc,task     ] GC(146) Using 8 workers of 8 for evacuation
[2026-01-16T08:24:21.343+0000][gc,mmu      ] GC(146) MMU target violated: 201.0ms (200.0ms/201.0ms)
[2026-01-16T08:24:21.368+0000][gc,phases   ] GC(146)   Pre Evacuate Collection Set: 25.0ms
[2026-01-16T08:24:21.369+0000][gc,phases   ] GC(146)   Merge Heap Roots: 4.6ms
[2026-01-16T08:24:21.375+0000][gc,phases   ] GC(146)   Evacuate Collection Set: 567.2ms
[2026-01-16T08:24:21.375+0000][gc,phases   ] GC(146)   Post Evacuate Collection Set: 34.9ms
[2026-01-16T08:24:21.375+0000][gc,phases   ] GC(146)   Other: 28.6ms
[2026-01-16T08:24:21.376+0000][gc,heap     ] GC(146) Eden regions: 46->0(46)
[2026-01-16T08:24:21.376+0000][gc,heap     ] GC(146) Survivor regions: 5->5(7)
[2026-01-16T08:24:21.376+0000][gc,heap     ] GC(146) Old regions: 80->81
[2026-01-16T08:24:21.377+0000][gc,heap     ] GC(146) Humongous regions: 149->149
[2026-01-16T08:24:21.377+0000][gc,metaspace] GC(146) Metaspace: 13544K(13824K)->13544K(13824K) NonClass: 12015K(12160K)->12015K(12160K) Class: 1528K(1664K)->1528K(1664K)
[2026-01-16T08:24:21.377+0000][gc          ] GC(146) Pause Young (Normal) (G1 Evacuation Pause) 279M->234M(1024M) 709.329ms
[2026-01-16T08:24:21.380+0000][gc,cpu      ] GC(146) User=0.32s Sys=0.04s Real=0.71s
[2026-01-16T08:24:24.048+0000][gc,start    ] GC(147) Pause Young (Normal) (G1 Evacuation Pause)
[2026-01-16T08:24:24.054+0000][gc,task     ] GC(147) Using 8 workers of 8 for evacuation
[2026-01-16T08:24:26.003+0000][gc,mmu      ] GC(147) MMU target violated: 201.0ms (200.0ms/201.0ms)
[2026-01-16T08:24:26.010+0000][gc,phases   ] GC(147)   Pre Evacuate Collection Set: 85.8ms
[2026-01-16T08:24:26.014+0000][gc,phases   ] GC(147)   Merge Heap Roots: 10.2ms
[2026-01-16T08:24:26.014+0000][gc,phases   ] GC(147)   Evacuate Collection Set: 1667.2ms
[2026-01-16T08:24:26.016+0000][gc,phases   ] GC(147)   Post Evacuate Collection Set: 166.9ms
[2026-01-16T08:24:26.018+0000][gc,phases   ] GC(147)   Other: 26.4ms
[2026-01-16T08:24:26.020+0000][gc,heap     ] GC(147) Eden regions: 46->0(46)
[2026-01-16T08:24:26.028+0000][gc,heap     ] GC(147) Survivor regions: 5->5(7)
[2026-01-16T08:24:26.032+0000][gc,heap     ] GC(147) Old regions: 81->82
[2026-01-16T08:24:26.033+0000][gc,heap     ] GC(147) Humongous regions: 149->149
[2026-01-16T08:24:26.033+0000][gc,metaspace] GC(147) Metaspace: 13544K(13824K)->13544K(13824K) NonClass: 12015K(12160K)->12015K(12160K) Class: 1529K(1664K)->1529K(1664K)
[2026-01-16T08:24:26.035+0000][gc          ] GC(147) Pause Young (Normal) (G1 Evacuation Pause) 280M->234M(1024M) 1986.489ms
[2026-01-16T08:24:26.070+0000][gc,cpu      ] GC(147) User=0.59s Sys=0.09s Real=2.00s
[2026-01-16T08:24:30.347+0000][gc,start    ] GC(148) Pause Young (Normal) (G1 Evacuation Pause)
[2026-01-16T08:24:30.364+0000][gc,task     ] GC(148) Using 8 workers of 8 for evacuation
[2026-01-16T08:24:31.551+0000][gc,mmu      ] GC(148) MMU target violated: 201.0ms (200.0ms/201.0ms)
[2026-01-16T08:24:31.557+0000][gc,phases   ] GC(148)   Pre Evacuate Collection Set: 86.0ms
[2026-01-16T08:24:31.560+0000][gc,phases   ] GC(148)   Merge Heap Roots: 33.3ms
[2026-01-16T08:24:31.561+0000][gc,phases   ] GC(148)   Evacuate Collection Set: 1000.8ms
[2026-01-16T08:24:31.561+0000][gc,phases   ] GC(148)   Post Evacuate Collection Set: 27.9ms
[2026-01-16T08:24:31.565+0000][gc,phases   ] GC(148)   Other: 53.2ms
[2026-01-16T08:24:31.568+0000][gc,heap     ] GC(148) Eden regions: 46->0(46)
[2026-01-16T08:24:31.572+0000][gc,heap     ] GC(148) Survivor regions: 5->5(7)
[2026-01-16T08:24:31.574+0000][gc,heap     ] GC(148) Old regions: 82->82
[2026-01-16T08:24:31.575+0000][gc,heap     ] GC(148) Humongous regions: 149->149
[2026-01-16T08:24:31.576+0000][gc,metaspace] GC(148) Metaspace: 13551K(13824K)->13551K(13824K) NonClass: 12020K(12160K)->12020K(12160K) Class: 1531K(1664K)->1531K(1664K)
[2026-01-16T08:24:31.577+0000][gc          ] GC(148) Pause Young (Normal) (G1 Evacuation Pause) 280M->235M(1024M) 1229.373ms
[2026-01-16T08:24:31.578+0000][gc,cpu      ] GC(148) User=0.64s Sys=0.08s Real=1.23s
[2026-01-16T08:24:33.646+0000][gc,start    ] GC(149) Pause Young (Normal) (G1 Evacuation Pause)
[2026-01-16T08:24:33.653+0000][gc,task     ] GC(149) Using 8 workers of 8 for evacuation
[2026-01-16T08:24:34.673+0000][gc,mmu      ] GC(149) MMU target violated: 201.0ms (200.0ms/201.0ms)
[2026-01-16T08:24:34.677+0000][gc,phases   ] GC(149)   Pre Evacuate Collection Set: 88.1ms
[2026-01-16T08:24:34.678+0000][gc,phases   ] GC(149)   Merge Heap Roots: 0.6ms
[2026-01-16T08:24:34.679+0000][gc,phases   ] GC(149)   Evacuate Collection Set: 888.8ms
[2026-01-16T08:24:34.679+0000][gc,phases   ] GC(149)   Post Evacuate Collection Set: 20.0ms
[2026-01-16T08:24:34.679+0000][gc,phases   ] GC(149)   Other: 25.7ms
[2026-01-16T08:24:34.680+0000][gc,heap     ] GC(149) Eden regions: 46->0(46)
[2026-01-16T08:24:34.681+0000][gc,heap     ] GC(149) Survivor regions: 5->5(7)
[2026-01-16T08:24:34.683+0000][gc,heap     ] GC(149) Old regions: 82->83
[2026-01-16T08:24:34.686+0000][gc,heap     ] GC(149) Humongous regions: 149->149
[2026-01-16T08:24:34.686+0000][gc,metaspace] GC(149) Metaspace: 13551K(13824K)->13551K(13824K) NonClass: 12020K(12160K)->12020K(12160K) Class: 1531K(1664K)->1531K(1664K)
[2026-01-16T08:24:34.689+0000][gc          ] GC(149) Pause Young (Normal) (G1 Evacuation Pause) 281M->236M(1024M) 1043.618ms
[2026-01-16T08:24:34.691+0000][gc,cpu      ] GC(149) User=0.43s Sys=0.03s Real=1.04s
[2026-01-16T08:24:36.105+0000][gc,start    ] GC(150) Pause Young (Normal) (G1 Evacuation Pause)
[2026-01-16T08:24:36.108+0000][gc,task     ] GC(150) Using 8 workers of 8 for evacuation
[2026-01-16T08:24:36.579+0000][gc,mmu      ] GC(150) MMU target violated: 201.0ms (200.0ms/201.0ms)
[2026-01-16T08:24:36.581+0000][gc,phases   ] GC(150)   Pre Evacuate Collection Set: 62.5ms
[2026-01-16T08:24:36.582+0000][gc,phases   ] GC(150)   Merge Heap Roots: 61.7ms
[2026-01-16T08:24:36.582+0000][gc,phases   ] GC(150)   Evacuate Collection Set: 324.3ms
[2026-01-16T08:24:36.582+0000][gc,phases   ] GC(150)   Post Evacuate Collection Set: 20.9ms
[2026-01-16T08:24:36.583+0000][gc,phases   ] GC(150)   Other: 3.9ms
[2026-01-16T08:24:36.597+0000][gc,heap     ] GC(150) Eden regions: 46->0(46)
[2026-01-16T08:24:36.598+0000][gc,heap     ] GC(150) Survivor regions: 5->5(7)
[2026-01-16T08:24:36.598+0000][gc,heap     ] GC(150) Old regions: 83->84
[2026-01-16T08:24:36.598+0000][gc,heap     ] GC(150) Humongous regions: 149->149
[2026-01-16T08:24:36.598+0000][gc,metaspace] GC(150) Metaspace: 13561K(13824K)->13561K(13824K) NonClass: 12029K(12160K)->12029K(12160K) Class: 1532K(1664K)->1532K(1664K)
[2026-01-16T08:24:36.599+0000][gc          ] GC(150) Pause Young (Normal) (G1 Evacuation Pause) 282M->237M(1024M) 493.218ms
[2026-01-16T08:24:36.599+0000][gc,cpu      ] GC(150) User=0.20s Sys=0.05s Real=0.50s
[2026-01-16T08:24:38.757+0000][gc,start    ] GC(151) Pause Young (Normal) (G1 Evacuation Pause)
[2026-01-16T08:24:38.767+0000][gc,task     ] GC(151) Using 8 workers of 8 for evacuation
[2026-01-16T08:24:39.273+0000][gc,mmu      ] GC(151) MMU target violated: 201.0ms (200.0ms/201.0ms)
[2026-01-16T08:24:39.275+0000][gc,phases   ] GC(151)   Pre Evacuate Collection Set: 31.5ms
[2026-01-16T08:24:39.282+0000][gc,phases   ] GC(151)   Merge Heap Roots: 2.4ms
[2026-01-16T08:24:39.285+0000][gc,phases   ] GC(151)   Evacuate Collection Set: 450.5ms
[2026-01-16T08:24:39.286+0000][gc,phases   ] GC(151)   Post Evacuate Collection Set: 15.6ms
[2026-01-16T08:24:39.286+0000][gc,phases   ] GC(151)   Other: 8.0ms
[2026-01-16T08:24:39.288+0000][gc,heap     ] GC(151) Eden regions: 46->0(46)
[2026-01-16T08:24:39.290+0000][gc,heap     ] GC(151) Survivor regions: 5->5(7)
[2026-01-16T08:24:39.291+0000][gc,heap     ] GC(151) Old regions: 84->85
[2026-01-16T08:24:39.291+0000][gc,heap     ] GC(151) Humongous regions: 149->149
[2026-01-16T08:24:39.292+0000][gc,metaspace] GC(151) Metaspace: 13577K(13888K)->13577K(13888K) NonClass: 12041K(12224K)->12041K(12224K) Class: 1536K(1664K)->1536K(1664K)
[2026-01-16T08:24:39.300+0000][gc          ] GC(151) Pause Young (Normal) (G1 Evacuation Pause) 283M->237M(1024M) 540.305ms
[2026-01-16T08:24:39.312+0000][gc,cpu      ] GC(151) User=0.23s Sys=0.04s Real=0.55s
[2026-01-16T08:24:40.197+0000][gc,start    ] GC(152) Pause Young (Normal) (G1 Evacuation Pause)
[2026-01-16T08:24:40.200+0000][gc,task     ] GC(152) Using 8 workers of 8 for evacuation
[2026-01-16T08:24:40.675+0000][gc,mmu      ] GC(152) MMU target violated: 201.0ms (200.0ms/201.0ms)
[2026-01-16T08:24:40.677+0000][gc,phases   ] GC(152)   Pre Evacuate Collection Set: 1.3ms
[2026-01-16T08:24:40.678+0000][gc,phases   ] GC(152)   Merge Heap Roots: 0.2ms
[2026-01-16T08:24:40.678+0000][gc,phases   ] GC(152)   Evacuate Collection Set: 450.8ms
[2026-01-16T08:24:40.679+0000][gc,phases   ] GC(152)   Post Evacuate Collection Set: 22.2ms
[2026-01-16T08:24:40.680+0000][gc,phases   ] GC(152)   Other: 2.7ms
[2026-01-16T08:24:40.682+0000][gc,heap     ] GC(152) Eden regions: 46->0(46)
[2026-01-16T08:24:40.684+0000][gc,heap     ] GC(152) Survivor regions: 5->5(7)
[2026-01-16T08:24:40.684+0000][gc,heap     ] GC(152) Old regions: 85->85
[2026-01-16T08:24:40.684+0000][gc,heap     ] GC(152) Humongous regions: 149->149
[2026-01-16T08:24:40.697+0000][gc,metaspace] GC(152) Metaspace: 13590K(13888K)->13590K(13888K) NonClass: 12050K(12224K)->12050K(12224K) Class: 1540K(1664K)->1540K(1664K)
[2026-01-16T08:24:40.708+0000][gc          ] GC(152) Pause Young (Normal) (G1 Evacuation Pause) 283M->238M(1024M) 510.807ms
[2026-01-16T08:24:40.721+0000][gc,cpu      ] GC(152) User=0.13s Sys=0.04s Real=0.52s
[2026-01-16T08:24:43.079+0000][gc,start    ] GC(153) Pause Young (Normal) (G1 Evacuation Pause)
[2026-01-16T08:24:43.090+0000][gc,task     ] GC(153) Using 8 workers of 8 for evacuation
[2026-01-16T08:24:44.138+0000][gc,mmu      ] GC(153) MMU target violated: 201.0ms (200.0ms/201.0ms)
[2026-01-16T08:24:44.140+0000][gc,phases   ] GC(153)   Pre Evacuate Collection Set: 110.4ms
[2026-01-16T08:24:44.141+0000][gc,phases   ] GC(153)   Merge Heap Roots: 3.3ms
[2026-01-16T08:24:44.141+0000][gc,phases   ] GC(153)   Evacuate Collection Set: 825.9ms
[2026-01-16T08:24:44.141+0000][gc,phases   ] GC(153)   Post Evacuate Collection Set: 105.8ms
[2026-01-16T08:24:44.141+0000][gc,phases   ] GC(153)   Other: 4.0ms
[2026-01-16T08:24:44.142+0000][gc,heap     ] GC(153) Eden regions: 46->0(46)
[2026-01-16T08:24:44.143+0000][gc,heap     ] GC(153) Survivor regions: 5->5(7)
[2026-01-16T08:24:44.143+0000][gc,heap     ] GC(153) Old regions: 85->86
[2026-01-16T08:24:44.147+0000][gc,heap     ] GC(153) Humongous regions: 149->149
[2026-01-16T08:24:44.147+0000][gc,metaspace] GC(153) Metaspace: 13592K(13888K)->13592K(13888K) NonClass: 12052K(12224K)->12052K(12224K) Class: 1540K(1664K)->1540K(1664K)
[2026-01-16T08:24:44.147+0000][gc          ] GC(153) Pause Young (Normal) (G1 Evacuation Pause) 284M->239M(1024M) 1068.230ms
[2026-01-16T08:24:44.148+0000][gc,cpu      ] GC(153) User=0.57s Sys=0.09s Real=1.07s
[2026-01-16T08:24:47.546+0000][gc,start    ] GC(154) Pause Young (Normal) (G1 Evacuation Pause)
[2026-01-16T08:24:47.560+0000][gc,task     ] GC(154) Using 8 workers of 8 for evacuation
[2026-01-16T08:24:48.490+0000][gc,mmu      ] GC(154) MMU target violated: 201.0ms (200.0ms/201.0ms)
[2026-01-16T08:24:48.495+0000][gc,phases   ] GC(154)   Pre Evacuate Collection Set: 63.0ms
[2026-01-16T08:24:48.500+0000][gc,phases   ] GC(154)   Merge Heap Roots: 10.5ms
[2026-01-16T08:24:48.502+0000][gc,phases   ] GC(154)   Evacuate Collection Set: 815.0ms
[2026-01-16T08:24:48.505+0000][gc,phases   ] GC(154)   Post Evacuate Collection Set: 38.6ms
[2026-01-16T08:24:48.508+0000][gc,phases   ] GC(154)   Other: 7.8ms
[2026-01-16T08:24:48.510+0000][gc,heap     ] GC(154) Eden regions: 46->0(46)
[2026-01-16T08:24:48.510+0000][gc,heap     ] GC(154) Survivor regions: 5->5(7)
[2026-01-16T08:24:48.510+0000][gc,heap     ] GC(154) Old regions: 86->87
[2026-01-16T08:24:48.511+0000][gc,heap     ] GC(154) Humongous regions: 149->149
[2026-01-16T08:24:48.511+0000][gc,metaspace] GC(154) Metaspace: 13594K(13888K)->13594K(13888K) NonClass: 12054K(12224K)->12054K(12224K) Class: 1540K(1664K)->1540K(1664K)
[2026-01-16T08:24:48.511+0000][gc          ] GC(154) Pause Young (Normal) (G1 Evacuation Pause) 285M->240M(1024M) 964.708ms
[2026-01-16T08:24:48.512+0000][gc,cpu      ] GC(154) User=0.57s Sys=0.12s Real=0.96s
[2026-01-16T08:24:55.468+0000][gc,start    ] GC(155) Pause Young (Normal) (G1 Evacuation Pause)
[2026-01-16T08:24:55.477+0000][gc,task     ] GC(155) Using 8 workers of 8 for evacuation
[2026-01-16T08:24:56.231+0000][gc,mmu      ] GC(155) MMU target violated: 201.0ms (200.0ms/201.0ms)
[2026-01-16T08:24:56.246+0000][gc,phases   ] GC(155)   Pre Evacuate Collection Set: 67.7ms
[2026-01-16T08:24:56.246+0000][gc,phases   ] GC(155)   Merge Heap Roots: 24.3ms
[2026-01-16T08:24:56.247+0000][gc,phases   ] GC(155)   Evacuate Collection Set: 627.3ms
[2026-01-16T08:24:56.248+0000][gc,phases   ] GC(155)   Post Evacuate Collection Set: 33.0ms
[2026-01-16T08:24:56.249+0000][gc,phases   ] GC(155)   Other: 16.7ms
[2026-01-16T08:24:56.249+0000][gc,heap     ] GC(155) Eden regions: 46->0(47)
[2026-01-16T08:24:56.249+0000][gc,heap     ] GC(155) Survivor regions: 5->4(7)
[2026-01-16T08:24:56.249+0000][gc,heap     ] GC(155) Old regions: 87->88
[2026-01-16T08:24:56.250+0000][gc,heap     ] GC(155) Humongous regions: 149->149
[2026-01-16T08:24:56.250+0000][gc,metaspace] GC(155) Metaspace: 13598K(13888K)->13598K(13888K) NonClass: 12057K(12224K)->12057K(12224K) Class: 1541K(1664K)->1541K(1664K)
[2026-01-16T08:24:56.272+0000][gc          ] GC(155) Pause Young (Normal) (G1 Evacuation Pause) 286M->240M(1024M) 804.377ms
[2026-01-16T08:24:56.273+0000][gc,cpu      ] GC(155) User=0.49s Sys=0.06s Real=0.80s
[2026-01-16T08:24:59.971+0000][gc,start    ] GC(156) Pause Young (Normal) (G1 Evacuation Pause)
[2026-01-16T08:24:59.982+0000][gc,task     ] GC(156) Using 8 workers of 8 for evacuation
[2026-01-16T08:25:00.566+0000][gc,mmu      ] GC(156) MMU target violated: 201.0ms (200.0ms/201.0ms)
[2026-01-16T08:25:00.567+0000][gc,phases   ] GC(156)   Pre Evacuate Collection Set: 85.3ms
[2026-01-16T08:25:00.569+0000][gc,phases   ] GC(156)   Merge Heap Roots: 24.7ms
[2026-01-16T08:25:00.569+0000][gc,phases   ] GC(156)   Evacuate Collection Set: 456.8ms
[2026-01-16T08:25:00.571+0000][gc,phases   ] GC(156)   Post Evacuate Collection Set: 13.9ms
[2026-01-16T08:25:00.571+0000][gc,phases   ] GC(156)   Other: 11.9ms
[2026-01-16T08:25:00.572+0000][gc,heap     ] GC(156) Eden regions: 47->0(46)
[2026-01-16T08:25:00.572+0000][gc,heap     ] GC(156) Survivor regions: 4->5(7)
[2026-01-16T08:25:00.572+0000][gc,heap     ] GC(156) Old regions: 88->89
[2026-01-16T08:25:00.572+0000][gc,heap     ] GC(156) Humongous regions: 149->149
[2026-01-16T08:25:00.576+0000][gc,metaspace] GC(156) Metaspace: 13602K(13888K)->13602K(13888K) NonClass: 12061K(12224K)->12061K(12224K) Class: 1541K(1664K)->1541K(1664K)
[2026-01-16T08:25:00.576+0000][gc          ] GC(156) Pause Young (Normal) (G1 Evacuation Pause) 287M->241M(1024M) 605.319ms
[2026-01-16T08:25:00.577+0000][gc,cpu      ] GC(156) User=0.36s Sys=0.06s Real=0.61s
[2026-01-16T08:25:05.880+0000][gc,start    ] GC(157) Pause Young (Normal) (G1 Evacuation Pause)
[2026-01-16T08:25:05.882+0000][gc,task     ] GC(157) Using 8 workers of 8 for evacuation
[2026-01-16T08:25:07.372+0000][gc,mmu      ] GC(157) MMU target violated: 201.0ms (200.0ms/201.0ms)
[2026-01-16T08:25:07.379+0000][gc,phases   ] GC(157)   Pre Evacuate Collection Set: 97.2ms
[2026-01-16T08:25:07.381+0000][gc,phases   ] GC(157)   Merge Heap Roots: 37.9ms
[2026-01-16T08:25:07.381+0000][gc,phases   ] GC(157)   Evacuate Collection Set: 1188.0ms
[2026-01-16T08:25:07.382+0000][gc,phases   ] GC(157)   Post Evacuate Collection Set: 122.9ms
[2026-01-16T08:25:07.382+0000][gc,phases   ] GC(157)   Other: 51.3ms
[2026-01-16T08:25:07.382+0000][gc,heap     ] GC(157) Eden regions: 46->0(46)
[2026-01-16T08:25:07.382+0000][gc,heap     ] GC(157) Survivor regions: 5->5(7)
[2026-01-16T08:25:07.382+0000][gc,heap     ] GC(157) Old regions: 89->90
[2026-01-16T08:25:07.382+0000][gc,heap     ] GC(157) Humongous regions: 149->149
[2026-01-16T08:25:07.382+0000][gc,metaspace] GC(157) Metaspace: 13606K(13888K)->13606K(13888K) NonClass: 12065K(12224K)->12065K(12224K) Class: 1541K(1664K)->1541K(1664K)
[2026-01-16T08:25:07.384+0000][gc          ] GC(157) Pause Young (Normal) (G1 Evacuation Pause) 287M->242M(1024M) 1503.332ms
[2026-01-16T08:25:07.386+0000][gc,cpu      ] GC(157) User=0.85s Sys=0.13s Real=1.51s
[2026-01-16T08:25:10.914+0000][gc,start    ] GC(158) Pause Young (Normal) (G1 Evacuation Pause)
[2026-01-16T08:25:10.954+0000][gc,task     ] GC(158) Using 8 workers of 8 for evacuation
[2026-01-16T08:25:11.651+0000][gc,mmu      ] GC(158) MMU target violated: 201.0ms (200.0ms/201.0ms)
[2026-01-16T08:25:11.663+0000][gc,phases   ] GC(158)   Pre Evacuate Collection Set: 64.1ms
[2026-01-16T08:25:11.670+0000][gc,phases   ] GC(158)   Merge Heap Roots: 5.6ms
[2026-01-16T08:25:11.698+0000][gc,phases   ] GC(158)   Evacuate Collection Set: 578.6ms
[2026-01-16T08:25:11.699+0000][gc,phases   ] GC(158)   Post Evacuate Collection Set: 43.8ms
[2026-01-16T08:25:11.699+0000][gc,phases   ] GC(158)   Other: 34.1ms
[2026-01-16T08:25:11.700+0000][gc,heap     ] GC(158) Eden regions: 46->0(46)
[2026-01-16T08:25:11.702+0000][gc,heap     ] GC(158) Survivor regions: 5->5(7)
[2026-01-16T08:25:11.702+0000][gc,heap     ] GC(158) Old regions: 90->91
[2026-01-16T08:25:11.708+0000][gc,heap     ] GC(158) Humongous regions: 149->149
[2026-01-16T08:25:11.708+0000][gc,metaspace] GC(158) Metaspace: 13610K(13888K)->13610K(13888K) NonClass: 12068K(12224K)->12068K(12224K) Class: 1541K(1664K)->1541K(1664K)
[2026-01-16T08:25:11.708+0000][gc          ] GC(158) Pause Young (Normal) (G1 Evacuation Pause) 288M->243M(1024M) 794.170ms
[2026-01-16T08:25:11.709+0000][gc,cpu      ] GC(158) User=0.40s Sys=0.04s Real=0.80s
[2026-01-16T08:25:14.829+0000][gc,start    ] GC(159) Pause Young (Normal) (G1 Evacuation Pause)
[2026-01-16T08:25:14.835+0000][gc,task     ] GC(159) Using 8 workers of 8 for evacuation
[2026-01-16T08:25:15.502+0000][gc,mmu      ] GC(159) MMU target violated: 201.0ms (200.0ms/201.0ms)
[2026-01-16T08:25:15.502+0000][gc,phases   ] GC(159)   Pre Evacuate Collection Set: 126.3ms
[2026-01-16T08:25:15.502+0000][gc,phases   ] GC(159)   Merge Heap Roots: 15.0ms
[2026-01-16T08:25:15.502+0000][gc,phases   ] GC(159)   Evacuate Collection Set: 491.0ms
[2026-01-16T08:25:15.503+0000][gc,phases   ] GC(159)   Post Evacuate Collection Set: 25.0ms
[2026-01-16T08:25:15.503+0000][gc,phases   ] GC(159)   Other: 12.1ms
[2026-01-16T08:25:15.503+0000][gc,heap     ] GC(159) Eden regions: 46->0(46)
[2026-01-16T08:25:15.503+0000][gc,heap     ] GC(159) Survivor regions: 5->5(7)
[2026-01-16T08:25:15.503+0000][gc,heap     ] GC(159) Old regions: 91->91
[2026-01-16T08:25:15.503+0000][gc,heap     ] GC(159) Humongous regions: 149->149
[2026-01-16T08:25:15.504+0000][gc,metaspace] GC(159) Metaspace: 13610K(13888K)->13610K(13888K) NonClass: 12068K(12224K)->12068K(12224K) Class: 1541K(1664K)->1541K(1664K)
[2026-01-16T08:25:15.504+0000][gc          ] GC(159) Pause Young (Normal) (G1 Evacuation Pause) 289M->243M(1024M) 675.269ms
[2026-01-16T08:25:15.504+0000][gc,cpu      ] GC(159) User=0.38s Sys=0.04s Real=0.67s
[2026-01-16T08:25:18.324+0000][gc,start    ] GC(160) Pause Young (Normal) (G1 Evacuation Pause)
[2026-01-16T08:25:18.325+0000][gc,task     ] GC(160) Using 8 workers of 8 for evacuation
[2026-01-16T08:25:18.946+0000][gc,mmu      ] GC(160) MMU target violated: 201.0ms (200.0ms/201.0ms)
[2026-01-16T08:25:18.947+0000][gc,phases   ] GC(160)   Pre Evacuate Collection Set: 93.3ms
[2026-01-16T08:25:18.947+0000][gc,phases   ] GC(160)   Merge Heap Roots: 20.1ms
[2026-01-16T08:25:18.948+0000][gc,phases   ] GC(160)   Evacuate Collection Set: 486.6ms
[2026-01-16T08:25:18.948+0000][gc,phases   ] GC(160)   Post Evacuate Collection Set: 13.7ms
[2026-01-16T08:25:18.948+0000][gc,phases   ] GC(160)   Other: 8.1ms
[2026-01-16T08:25:18.949+0000][gc,heap     ] GC(160) Eden regions: 46->0(47)
[2026-01-16T08:25:18.949+0000][gc,heap     ] GC(160) Survivor regions: 5->4(7)
[2026-01-16T08:25:18.949+0000][gc,heap     ] GC(160) Old regions: 91->92
[2026-01-16T08:25:18.950+0000][gc,heap     ] GC(160) Humongous regions: 149->149
[2026-01-16T08:25:18.950+0000][gc,metaspace] GC(160) Metaspace: 13610K(13888K)->13610K(13888K) NonClass: 12068K(12224K)->12068K(12224K) Class: 1541K(1664K)->1541K(1664K)
[2026-01-16T08:25:18.950+0000][gc          ] GC(160) Pause Young (Normal) (G1 Evacuation Pause) 289M->244M(1024M) 626.619ms
[2026-01-16T08:25:18.951+0000][gc,cpu      ] GC(160) User=0.45s Sys=0.06s Real=0.63s
[2026-01-16T08:25:21.132+0000][gc,start    ] GC(161) Pause Young (Normal) (G1 Evacuation Pause)
[2026-01-16T08:25:21.142+0000][gc,task     ] GC(161) Using 8 workers of 8 for evacuation
[2026-01-16T08:25:23.322+0000][gc,mmu      ] GC(161) MMU target violated: 201.0ms (200.0ms/201.0ms)
[2026-01-16T08:25:23.326+0000][gc,phases   ] GC(161)   Pre Evacuate Collection Set: 17.7ms
[2026-01-16T08:25:23.327+0000][gc,phases   ] GC(161)   Merge Heap Roots: 13.0ms
[2026-01-16T08:25:23.328+0000][gc,phases   ] GC(161)   Evacuate Collection Set: 2122.0ms
[2026-01-16T08:25:23.330+0000][gc,phases   ] GC(161)   Post Evacuate Collection Set: 21.7ms
[2026-01-16T08:25:23.330+0000][gc,phases   ] GC(161)   Other: 12.9ms
[2026-01-16T08:25:23.331+0000][gc,heap     ] GC(161) Eden regions: 47->0(47)
[2026-01-16T08:25:23.332+0000][gc,heap     ] GC(161) Survivor regions: 4->4(7)
[2026-01-16T08:25:23.333+0000][gc,heap     ] GC(161) Old regions: 92->93
[2026-01-16T08:25:23.333+0000][gc,heap     ] GC(161) Humongous regions: 149->149
[2026-01-16T08:25:23.336+0000][gc,metaspace] GC(161) Metaspace: 13610K(13888K)->13610K(13888K) NonClass: 12068K(12224K)->12068K(12224K) Class: 1541K(1664K)->1541K(1664K)
[2026-01-16T08:25:23.337+0000][gc          ] GC(161) Pause Young (Normal) (G1 Evacuation Pause) 291M->245M(1024M) 2204.727ms
[2026-01-16T08:25:23.338+0000][gc,cpu      ] GC(161) User=1.05s Sys=0.19s Real=2.21s
[2026-01-16T08:25:25.805+0000][gc,start    ] GC(162) Pause Young (Normal) (G1 Evacuation Pause)
[2026-01-16T08:25:25.806+0000][gc,task     ] GC(162) Using 8 workers of 8 for evacuation
[2026-01-16T08:25:26.239+0000][gc,mmu      ] GC(162) MMU target violated: 201.0ms (200.0ms/201.0ms)
[2026-01-16T08:25:26.241+0000][gc,phases   ] GC(162)   Pre Evacuate Collection Set: 26.5ms
[2026-01-16T08:25:26.245+0000][gc,phases   ] GC(162)   Merge Heap Roots: 13.3ms
[2026-01-16T08:25:26.245+0000][gc,phases   ] GC(162)   Evacuate Collection Set: 347.5ms
[2026-01-16T08:25:26.248+0000][gc,phases   ] GC(162)   Post Evacuate Collection Set: 33.5ms
[2026-01-16T08:25:26.248+0000][gc,phases   ] GC(162)   Other: 14.3ms
[2026-01-16T08:25:26.251+0000][gc,heap     ] GC(162) Eden regions: 47->0(46)
[2026-01-16T08:25:26.255+0000][gc,heap     ] GC(162) Survivor regions: 4->5(7)
[2026-01-16T08:25:26.256+0000][gc,heap     ] GC(162) Old regions: 93->93
[2026-01-16T08:25:26.256+0000][gc,heap     ] GC(162) Humongous regions: 149->149
[2026-01-16T08:25:26.256+0000][gc,metaspace] GC(162) Metaspace: 13618K(13888K)->13618K(13888K) NonClass: 12076K(12224K)->12076K(12224K) Class: 1541K(1664K)->1541K(1664K)
[2026-01-16T08:25:26.256+0000][gc          ] GC(162) Pause Young (Normal) (G1 Evacuation Pause) 292M->245M(1024M) 450.960ms
[2026-01-16T08:25:26.257+0000][gc,cpu      ] GC(162) User=0.34s Sys=0.04s Real=0.45s
[2026-01-16T08:25:30.382+0000][gc,start    ] GC(163) Pause Young (Normal) (G1 Evacuation Pause)
[2026-01-16T08:25:30.390+0000][gc,task     ] GC(163) Using 8 workers of 8 for evacuation
[2026-01-16T08:25:31.190+0000][gc,mmu      ] GC(163) MMU target violated: 201.0ms (200.0ms/201.0ms)
[2026-01-16T08:25:31.192+0000][gc,phases   ] GC(163)   Pre Evacuate Collection Set: 36.1ms
[2026-01-16T08:25:31.192+0000][gc,phases   ] GC(163)   Merge Heap Roots: 9.3ms
[2026-01-16T08:25:31.194+0000][gc,phases   ] GC(163)   Evacuate Collection Set: 715.3ms
[2026-01-16T08:25:31.194+0000][gc,phases   ] GC(163)   Post Evacuate Collection Set: 23.4ms
[2026-01-16T08:25:31.205+0000][gc,phases   ] GC(163)   Other: 17.6ms
[2026-01-16T08:25:31.206+0000][gc,heap     ] GC(163) Eden regions: 46->0(45)
[2026-01-16T08:25:31.209+0000][gc,heap     ] GC(163) Survivor regions: 5->6(7)
[2026-01-16T08:25:31.209+0000][gc,heap     ] GC(163) Old regions: 93->94
[2026-01-16T08:25:31.212+0000][gc,heap     ] GC(163) Humongous regions: 149->149
[2026-01-16T08:25:31.213+0000][gc,metaspace] GC(163) Metaspace: 13625K(13952K)->13625K(13952K) NonClass: 12084K(12288K)->12084K(12288K) Class: 1541K(1664K)->1541K(1664K)
[2026-01-16T08:25:31.223+0000][gc          ] GC(163) Pause Young (Normal) (G1 Evacuation Pause) 291M->247M(1024M) 841.353ms
[2026-01-16T08:25:31.227+0000][gc,cpu      ] GC(163) User=0.51s Sys=0.09s Real=0.85s
[2026-01-16T08:25:32.915+0000][gc,start    ] GC(164) Pause Young (Normal) (G1 Evacuation Pause)
[2026-01-16T08:25:32.923+0000][gc,task     ] GC(164) Using 8 workers of 8 for evacuation
[2026-01-16T08:25:33.455+0000][gc,mmu      ] GC(164) MMU target violated: 201.0ms (200.0ms/201.0ms)
[2026-01-16T08:25:33.461+0000][gc,phases   ] GC(164)   Pre Evacuate Collection Set: 62.4ms
[2026-01-16T08:25:33.461+0000][gc,phases   ] GC(164)   Merge Heap Roots: 12.5ms
[2026-01-16T08:25:33.461+0000][gc,phases   ] GC(164)   Evacuate Collection Set: 428.2ms
[2026-01-16T08:25:33.463+0000][gc,phases   ] GC(164)   Post Evacuate Collection Set: 17.6ms
[2026-01-16T08:25:33.464+0000][gc,phases   ] GC(164)   Other: 17.7ms
[2026-01-16T08:25:33.470+0000][gc,heap     ] GC(164) Eden regions: 45->0(47)
[2026-01-16T08:25:33.471+0000][gc,heap     ] GC(164) Survivor regions: 6->4(7)
[2026-01-16T08:25:33.471+0000][gc,heap     ] GC(164) Old regions: 94->95
[2026-01-16T08:25:33.471+0000][gc,heap     ] GC(164) Humongous regions: 149->149
[2026-01-16T08:25:33.471+0000][gc,metaspace] GC(164) Metaspace: 13629K(13952K)->13629K(13952K) NonClass: 12087K(12288K)->12087K(12288K) Class: 1541K(1664K)->1541K(1664K)
[2026-01-16T08:25:33.474+0000][gc          ] GC(164) Pause Young (Normal) (G1 Evacuation Pause) 292M->247M(1024M) 558.756ms
[2026-01-16T08:25:33.474+0000][gc,cpu      ] GC(164) User=0.26s Sys=0.07s Real=0.56s
[2026-01-16T08:25:35.975+0000][gc,start    ] GC(165) Pause Young (Normal) (G1 Evacuation Pause)
[2026-01-16T08:25:35.978+0000][gc,task     ] GC(165) Using 8 workers of 8 for evacuation
[2026-01-16T08:25:36.527+0000][gc,mmu      ] GC(165) MMU target violated: 201.0ms (200.0ms/201.0ms)
[2026-01-16T08:25:36.529+0000][gc,phases   ] GC(165)   Pre Evacuate Collection Set: 16.5ms
[2026-01-16T08:25:36.530+0000][gc,phases   ] GC(165)   Merge Heap Roots: 10.7ms
[2026-01-16T08:25:36.530+0000][gc,phases   ] GC(165)   Evacuate Collection Set: 492.5ms
[2026-01-16T08:25:36.531+0000][gc,phases   ] GC(165)   Post Evacuate Collection Set: 28.2ms
[2026-01-16T08:25:36.533+0000][gc,phases   ] GC(165)   Other: 4.3ms
[2026-01-16T08:25:36.537+0000][gc,heap     ] GC(165) Eden regions: 47->0(46)
[2026-01-16T08:25:36.538+0000][gc,heap     ] GC(165) Survivor regions: 4->5(7)
[2026-01-16T08:25:36.538+0000][gc,heap     ] GC(165) Old regions: 95->95
[2026-01-16T08:25:36.540+0000][gc,heap     ] GC(165) Humongous regions: 149->149
[2026-01-16T08:25:36.542+0000][gc,metaspace] GC(165) Metaspace: 13635K(13952K)->13635K(13952K) NonClass: 12093K(12288K)->12093K(12288K) Class: 1541K(1664K)->1541K(1664K)
[2026-01-16T08:25:36.544+0000][gc          ] GC(165) Pause Young (Normal) (G1 Evacuation Pause) 294M->248M(1024M) 568.764ms
[2026-01-16T08:25:36.545+0000][gc,cpu      ] GC(165) User=0.31s Sys=0.04s Real=0.57s
[2026-01-16T08:25:38.499+0000][gc,start    ] GC(166) Pause Young (Normal) (G1 Evacuation Pause)
[2026-01-16T08:25:38.501+0000][gc,task     ] GC(166) Using 8 workers of 8 for evacuation
[2026-01-16T08:25:39.109+0000][gc,mmu      ] GC(166) MMU target violated: 201.0ms (200.0ms/201.0ms)
[2026-01-16T08:25:39.110+0000][gc,phases   ] GC(166)   Pre Evacuate Collection Set: 52.6ms
[2026-01-16T08:25:39.111+0000][gc,phases   ] GC(166)   Merge Heap Roots: 27.2ms
[2026-01-16T08:25:39.113+0000][gc,phases   ] GC(166)   Evacuate Collection Set: 504.5ms
[2026-01-16T08:25:39.116+0000][gc,phases   ] GC(166)   Post Evacuate Collection Set: 21.9ms
[2026-01-16T08:25:39.116+0000][gc,phases   ] GC(166)   Other: 2.9ms
[2026-01-16T08:25:39.117+0000][gc,heap     ] GC(166) Eden regions: 46->0(46)
[2026-01-16T08:25:39.117+0000][gc,heap     ] GC(166) Survivor regions: 5->5(7)
[2026-01-16T08:25:39.120+0000][gc,heap     ] GC(166) Old regions: 95->96
[2026-01-16T08:25:39.120+0000][gc,heap     ] GC(166) Humongous regions: 149->149
[2026-01-16T08:25:39.120+0000][gc,metaspace] GC(166) Metaspace: 13637K(13952K)->13637K(13952K) NonClass: 12095K(12288K)->12095K(12288K) Class: 1541K(1664K)->1541K(1664K)
[2026-01-16T08:25:39.121+0000][gc          ] GC(166) Pause Young (Normal) (G1 Evacuation Pause) 294M->248M(1024M) 621.515ms
[2026-01-16T08:25:39.122+0000][gc,cpu      ] GC(166) User=0.36s Sys=0.03s Real=0.62s
[2026-01-16T08:25:40.920+0000][gc,start    ] GC(167) Pause Young (Normal) (G1 Evacuation Pause)
[2026-01-16T08:25:40.968+0000][gc,task     ] GC(167) Using 8 workers of 8 for evacuation
[2026-01-16T08:25:41.515+0000][gc,mmu      ] GC(167) MMU target violated: 201.0ms (200.0ms/201.0ms)
[2026-01-16T08:25:41.515+0000][gc,phases   ] GC(167)   Pre Evacuate Collection Set: 65.1ms
[2026-01-16T08:25:41.516+0000][gc,phases   ] GC(167)   Merge Heap Roots: 45.0ms
[2026-01-16T08:25:41.516+0000][gc,phases   ] GC(167)   Evacuate Collection Set: 415.4ms
[2026-01-16T08:25:41.521+0000][gc,phases   ] GC(167)   Post Evacuate Collection Set: 1.4ms
[2026-01-16T08:25:41.522+0000][gc,phases   ] GC(167)   Other: 20.7ms
[2026-01-16T08:25:41.522+0000][gc,heap     ] GC(167) Eden regions: 46->0(46)
[2026-01-16T08:25:41.523+0000][gc,heap     ] GC(167) Survivor regions: 5->5(7)
[2026-01-16T08:25:41.524+0000][gc,heap     ] GC(167) Old regions: 96->97
[2026-01-16T08:25:41.526+0000][gc,heap     ] GC(167) Humongous regions: 149->149
[2026-01-16T08:25:41.529+0000][gc,metaspace] GC(167) Metaspace: 13642K(13952K)->13642K(13952K) NonClass: 12100K(12288K)->12100K(12288K) Class: 1542K(1664K)->1542K(1664K)
[2026-01-16T08:25:41.534+0000][gc          ] GC(167) Pause Young (Normal) (G1 Evacuation Pause) 294M->249M(1024M) 614.129ms
[2026-01-16T08:25:41.537+0000][gc,cpu      ] GC(167) User=0.32s Sys=0.06s Real=0.61s
[2026-01-16T08:25:42.692+0000][gc,start    ] GC(168) Pause Young (Normal) (G1 Evacuation Pause)
[2026-01-16T08:25:42.693+0000][gc,task     ] GC(168) Using 8 workers of 8 for evacuation
[2026-01-16T08:25:42.967+0000][gc,mmu      ] GC(168) MMU target violated: 201.0ms (200.0ms/201.0ms)
[2026-01-16T08:25:42.967+0000][gc,phases   ] GC(168)   Pre Evacuate Collection Set: 25.1ms
[2026-01-16T08:25:42.969+0000][gc,phases   ] GC(168)   Merge Heap Roots: 1.0ms
[2026-01-16T08:25:42.969+0000][gc,phases   ] GC(168)   Evacuate Collection Set: 232.2ms
[2026-01-16T08:25:42.970+0000][gc,phases   ] GC(168)   Post Evacuate Collection Set: 5.5ms
[2026-01-16T08:25:42.972+0000][gc,phases   ] GC(168)   Other: 10.0ms
[2026-01-16T08:25:42.972+0000][gc,heap     ] GC(168) Eden regions: 46->0(45)
[2026-01-16T08:25:42.973+0000][gc,heap     ] GC(168) Survivor regions: 5->6(7)
[2026-01-16T08:25:42.973+0000][gc,heap     ] GC(168) Old regions: 97->97
[2026-01-16T08:25:42.974+0000][gc,heap     ] GC(168) Humongous regions: 149->149
[2026-01-16T08:25:42.974+0000][gc,metaspace] GC(168) Metaspace: 13647K(13952K)->13647K(13952K) NonClass: 12103K(12288K)->12103K(12288K) Class: 1543K(1664K)->1543K(1664K)
[2026-01-16T08:25:42.974+0000][gc          ] GC(168) Pause Young (Normal) (G1 Evacuation Pause) 295M->251M(1024M) 282.168ms
[2026-01-16T08:25:42.975+0000][gc,cpu      ] GC(168) User=0.14s Sys=0.01s Real=0.28s
[2026-01-16T08:25:43.734+0000][gc,start    ] GC(169) Pause Young (Normal) (G1 Evacuation Pause)
[2026-01-16T08:25:43.738+0000][gc,task     ] GC(169) Using 8 workers of 8 for evacuation
[2026-01-16T08:25:43.935+0000][gc,phases   ] GC(169)   Pre Evacuate Collection Set: 1.1ms
[2026-01-16T08:25:43.935+0000][gc,phases   ] GC(169)   Merge Heap Roots: 2.3ms
[2026-01-16T08:25:43.935+0000][gc,phases   ] GC(169)   Evacuate Collection Set: 186.0ms
[2026-01-16T08:25:43.936+0000][gc,phases   ] GC(169)   Post Evacuate Collection Set: 4.5ms
[2026-01-16T08:25:43.936+0000][gc,phases   ] GC(169)   Other: 3.4ms
[2026-01-16T08:25:43.936+0000][gc,heap     ] GC(169) Eden regions: 45->0(47)
[2026-01-16T08:25:43.936+0000][gc,heap     ] GC(169) Survivor regions: 6->4(7)
[2026-01-16T08:25:43.936+0000][gc,heap     ] GC(169) Old regions: 97->99
[2026-01-16T08:25:43.937+0000][gc,heap     ] GC(169) Humongous regions: 149->149
[2026-01-16T08:25:43.938+0000][gc,metaspace] GC(169) Metaspace: 13649K(13952K)->13649K(13952K) NonClass: 12105K(12288K)->12105K(12288K) Class: 1543K(1664K)->1543K(1664K)
[2026-01-16T08:25:43.939+0000][gc          ] GC(169) Pause Young (Normal) (G1 Evacuation Pause) 296M->251M(1024M) 205.130ms
[2026-01-16T08:25:43.939+0000][gc,cpu      ] GC(169) User=0.12s Sys=0.03s Real=0.21s
[2026-01-16T08:25:44.865+0000][gc,start    ] GC(170) Pause Young (Normal) (G1 Evacuation Pause)
[2026-01-16T08:25:44.868+0000][gc,task     ] GC(170) Using 8 workers of 8 for evacuation
[2026-01-16T08:25:45.038+0000][gc,phases   ] GC(170)   Pre Evacuate Collection Set: 37.9ms
[2026-01-16T08:25:45.042+0000][gc,phases   ] GC(170)   Merge Heap Roots: 1.2ms
[2026-01-16T08:25:45.045+0000][gc,phases   ] GC(170)   Evacuate Collection Set: 122.8ms
[2026-01-16T08:25:45.046+0000][gc,phases   ] GC(170)   Post Evacuate Collection Set: 6.3ms
[2026-01-16T08:25:45.058+0000][gc,phases   ] GC(170)   Other: 1.8ms
[2026-01-16T08:25:45.058+0000][gc,heap     ] GC(170) Eden regions: 47->0(47)
[2026-01-16T08:25:45.058+0000][gc,heap     ] GC(170) Survivor regions: 4->4(7)
[2026-01-16T08:25:45.058+0000][gc,heap     ] GC(170) Old regions: 99->100
[2026-01-16T08:25:45.058+0000][gc,heap     ] GC(170) Humongous regions: 149->149
[2026-01-16T08:25:45.058+0000][gc,metaspace] GC(170) Metaspace: 13654K(13952K)->13654K(13952K) NonClass: 12109K(12288K)->12109K(12288K) Class: 1544K(1664K)->1544K(1664K)
[2026-01-16T08:25:45.058+0000][gc          ] GC(170) Pause Young (Normal) (G1 Evacuation Pause) 298M->251M(1024M) 192.805ms
[2026-01-16T08:25:45.058+0000][gc,cpu      ] GC(170) User=0.10s Sys=0.01s Real=0.19s
[2026-01-16T08:25:46.550+0000][gc,start    ] GC(171) Pause Young (Normal) (G1 Evacuation Pause)
[2026-01-16T08:25:46.565+0000][gc,task     ] GC(171) Using 8 workers of 8 for evacuation
[2026-01-16T08:25:46.792+0000][gc,mmu      ] GC(171) MMU target violated: 201.0ms (200.0ms/201.0ms)
[2026-01-16T08:25:46.793+0000][gc,phases   ] GC(171)   Pre Evacuate Collection Set: 17.1ms
[2026-01-16T08:25:46.793+0000][gc,phases   ] GC(171)   Merge Heap Roots: 1.9ms
[2026-01-16T08:25:46.794+0000][gc,phases   ] GC(171)   Evacuate Collection Set: 199.6ms
[2026-01-16T08:25:46.794+0000][gc,phases   ] GC(171)   Post Evacuate Collection Set: 6.4ms
[2026-01-16T08:25:46.795+0000][gc,phases   ] GC(171)   Other: 12.6ms
[2026-01-16T08:25:46.795+0000][gc,heap     ] GC(171) Eden regions: 47->0(45)
[2026-01-16T08:25:46.795+0000][gc,heap     ] GC(171) Survivor regions: 4->6(7)
[2026-01-16T08:25:46.795+0000][gc,heap     ] GC(171) Old regions: 100->100
[2026-01-16T08:25:46.796+0000][gc,heap     ] GC(171) Humongous regions: 149->149
[2026-01-16T08:25:46.797+0000][gc,metaspace] GC(171) Metaspace: 13680K(14016K)->13680K(14016K) NonClass: 12134K(12288K)->12134K(12288K) Class: 1545K(1728K)->1545K(1728K)
[2026-01-16T08:25:46.798+0000][gc          ] GC(171) Pause Young (Normal) (G1 Evacuation Pause) 298M->253M(1024M) 248.344ms
[2026-01-16T08:25:46.798+0000][gc,cpu      ] GC(171) User=0.13s Sys=0.01s Real=0.25s
[2026-01-16T08:25:48.299+0000][gc,start    ] GC(172) Pause Young (Normal) (G1 Evacuation Pause)
[2026-01-16T08:25:48.301+0000][gc,task     ] GC(172) Using 8 workers of 8 for evacuation
[2026-01-16T08:25:48.569+0000][gc,mmu      ] GC(172) MMU target violated: 201.0ms (200.0ms/201.0ms)
[2026-01-16T08:25:48.570+0000][gc,phases   ] GC(172)   Pre Evacuate Collection Set: 29.4ms
[2026-01-16T08:25:48.570+0000][gc,phases   ] GC(172)   Merge Heap Roots: 6.5ms
[2026-01-16T08:25:48.571+0000][gc,phases   ] GC(172)   Evacuate Collection Set: 212.0ms
[2026-01-16T08:25:48.571+0000][gc,phases   ] GC(172)   Post Evacuate Collection Set: 18.7ms
[2026-01-16T08:25:48.571+0000][gc,phases   ] GC(172)   Other: 2.3ms
[2026-01-16T08:25:48.571+0000][gc,heap     ] GC(172) Eden regions: 45->0(48)
[2026-01-16T08:25:48.571+0000][gc,heap     ] GC(172) Survivor regions: 6->3(7)
[2026-01-16T08:25:48.573+0000][gc,heap     ] GC(172) Old regions: 100->102
[2026-01-16T08:25:48.573+0000][gc,heap     ] GC(172) Humongous regions: 149->149
[2026-01-16T08:25:48.573+0000][gc,metaspace] GC(172) Metaspace: 13797K(14144K)->13797K(14144K) NonClass: 12233K(12416K)->12233K(12416K) Class: 1563K(1728K)->1563K(1728K)
[2026-01-16T08:25:48.573+0000][gc          ] GC(172) Pause Young (Normal) (G1 Evacuation Pause) 298M->253M(1024M) 273.973ms
[2026-01-16T08:25:48.573+0000][gc,cpu      ] GC(172) User=0.12s Sys=0.04s Real=0.27s
[2026-01-16T08:25:49.362+0000][gc,start    ] GC(173) Pause Young (Normal) (G1 Evacuation Pause)
[2026-01-16T08:25:49.368+0000][gc,task     ] GC(173) Using 8 workers of 8 for evacuation
[2026-01-16T08:25:49.590+0000][gc,mmu      ] GC(173) MMU target violated: 201.0ms (200.0ms/201.0ms)
[2026-01-16T08:25:49.591+0000][gc,phases   ] GC(173)   Pre Evacuate Collection Set: 12.2ms
[2026-01-16T08:25:49.591+0000][gc,phases   ] GC(173)   Merge Heap Roots: 1.2ms
[2026-01-16T08:25:49.591+0000][gc,phases   ] GC(173)   Evacuate Collection Set: 200.0ms
[2026-01-16T08:25:49.591+0000][gc,phases   ] GC(173)   Post Evacuate Collection Set: 5.0ms
[2026-01-16T08:25:49.592+0000][gc,phases   ] GC(173)   Other: 4.5ms
[2026-01-16T08:25:49.592+0000][gc,heap     ] GC(173) Eden regions: 48->0(47)
[2026-01-16T08:25:49.592+0000][gc,heap     ] GC(173) Survivor regions: 3->4(7)
[2026-01-16T08:25:49.592+0000][gc,heap     ] GC(173) Old regions: 102->102
[2026-01-16T08:25:49.592+0000][gc,heap     ] GC(173) Humongous regions: 149->149
[2026-01-16T08:25:49.592+0000][gc,metaspace] GC(173) Metaspace: 13815K(14144K)->13815K(14144K) NonClass: 12249K(12416K)->12249K(12416K) Class: 1566K(1728K)->1566K(1728K)
[2026-01-16T08:25:49.592+0000][gc          ] GC(173) Pause Young (Normal) (G1 Evacuation Pause) 301M->253M(1024M) 230.213ms
[2026-01-16T08:25:49.592+0000][gc,cpu      ] GC(173) User=0.07s Sys=0.01s Real=0.23s
[2026-01-16T08:25:50.205+0000][gc,start    ] GC(174) Pause Young (Normal) (G1 Evacuation Pause)
[2026-01-16T08:25:50.205+0000][gc,task     ] GC(174) Using 8 workers of 8 for evacuation
[2026-01-16T08:25:50.320+0000][gc,phases   ] GC(174)   Pre Evacuate Collection Set: 10.1ms
[2026-01-16T08:25:50.322+0000][gc,phases   ] GC(174)   Merge Heap Roots: 0.4ms
[2026-01-16T08:25:50.323+0000][gc,phases   ] GC(174)   Evacuate Collection Set: 102.1ms
[2026-01-16T08:25:50.324+0000][gc,phases   ] GC(174)   Post Evacuate Collection Set: 2.4ms
[2026-01-16T08:25:50.324+0000][gc,phases   ] GC(174)   Other: 0.3ms
[2026-01-16T08:25:50.325+0000][gc,heap     ] GC(174) Eden regions: 47->0(46)
[2026-01-16T08:25:50.325+0000][gc,heap     ] GC(174) Survivor regions: 4->5(7)
[2026-01-16T08:25:50.325+0000][gc,heap     ] GC(174) Old regions: 102->102
[2026-01-16T08:25:50.326+0000][gc,heap     ] GC(174) Humongous regions: 149->149
[2026-01-16T08:25:50.326+0000][gc,metaspace] GC(174) Metaspace: 13816K(14144K)->13816K(14144K) NonClass: 12249K(12416K)->12249K(12416K) Class: 1566K(1728K)->1566K(1728K)
[2026-01-16T08:25:50.326+0000][gc          ] GC(174) Pause Young (Normal) (G1 Evacuation Pause) 300M->254M(1024M) 121.689ms
[2026-01-16T08:25:50.327+0000][gc,cpu      ] GC(174) User=0.06s Sys=0.00s Real=0.12s
[2026-01-16T08:25:52.402+0000][gc,start    ] GC(175) Pause Young (Normal) (G1 Evacuation Pause)
[2026-01-16T08:25:52.432+0000][gc,task     ] GC(175) Using 8 workers of 8 for evacuation
[2026-01-16T08:25:52.688+0000][gc,mmu      ] GC(175) MMU target violated: 201.0ms (200.0ms/201.0ms)
[2026-01-16T08:25:52.692+0000][gc,phases   ] GC(175)   Pre Evacuate Collection Set: 18.6ms
[2026-01-16T08:25:52.692+0000][gc,phases   ] GC(175)   Merge Heap Roots: 11.6ms
[2026-01-16T08:25:52.693+0000][gc,phases   ] GC(175)   Evacuate Collection Set: 222.3ms
[2026-01-16T08:25:52.696+0000][gc,phases   ] GC(175)   Post Evacuate Collection Set: 1.4ms
[2026-01-16T08:25:52.707+0000][gc,phases   ] GC(175)   Other: 5.3ms
[2026-01-16T08:25:52.708+0000][gc,heap     ] GC(175) Eden regions: 46->0(46)
[2026-01-16T08:25:52.709+0000][gc,heap     ] GC(175) Survivor regions: 5->5(7)
[2026-01-16T08:25:52.712+0000][gc,heap     ] GC(175) Old regions: 102->102
[2026-01-16T08:25:52.715+0000][gc,heap     ] GC(175) Humongous regions: 149->149
[2026-01-16T08:25:52.719+0000][gc,metaspace] GC(175) Metaspace: 13824K(14144K)->13824K(14144K) NonClass: 12255K(12416K)->12255K(12416K) Class: 1568K(1728K)->1568K(1728K)
[2026-01-16T08:25:52.727+0000][gc          ] GC(175) Pause Young (Normal) (G1 Evacuation Pause) 300M->255M(1024M) 324.287ms
[2026-01-16T08:25:52.737+0000][gc,cpu      ] GC(175) User=0.17s Sys=0.01s Real=0.33s
[2026-01-16T08:25:53.955+0000][gc,start    ] GC(176) Pause Young (Normal) (G1 Evacuation Pause)
[2026-01-16T08:25:53.957+0000][gc,task     ] GC(176) Using 8 workers of 8 for evacuation
[2026-01-16T08:25:54.175+0000][gc,mmu      ] GC(176) MMU target violated: 201.0ms (200.0ms/201.0ms)
[2026-01-16T08:25:54.176+0000][gc,phases   ] GC(176)   Pre Evacuate Collection Set: 12.4ms
[2026-01-16T08:25:54.176+0000][gc,phases   ] GC(176)   Merge Heap Roots: 2.9ms
[2026-01-16T08:25:54.180+0000][gc,phases   ] GC(176)   Evacuate Collection Set: 196.1ms
[2026-01-16T08:25:54.180+0000][gc,phases   ] GC(176)   Post Evacuate Collection Set: 2.9ms
[2026-01-16T08:25:54.180+0000][gc,phases   ] GC(176)   Other: 4.7ms
[2026-01-16T08:25:54.180+0000][gc,heap     ] GC(176) Eden regions: 46->0(46)
[2026-01-16T08:25:54.182+0000][gc,heap     ] GC(176) Survivor regions: 5->5(7)
[2026-01-16T08:25:54.182+0000][gc,heap     ] GC(176) Old regions: 102->103
[2026-01-16T08:25:54.183+0000][gc,heap     ] GC(176) Humongous regions: 149->149
[2026-01-16T08:25:54.183+0000][gc,metaspace] GC(176) Metaspace: 13834K(14208K)->13834K(14208K) NonClass: 12263K(12480K)->12263K(12480K) Class: 1570K(1728K)->1570K(1728K)
[2026-01-16T08:25:54.183+0000][gc          ] GC(176) Pause Young (Normal) (G1 Evacuation Pause) 301M->256M(1024M) 228.232ms
[2026-01-16T08:25:54.183+0000][gc,cpu      ] GC(176) User=0.08s Sys=0.04s Real=0.23s
[2026-01-16T08:25:55.449+0000][gc,start    ] GC(177) Pause Young (Normal) (G1 Evacuation Pause)
[2026-01-16T08:25:55.450+0000][gc,task     ] GC(177) Using 8 workers of 8 for evacuation
[2026-01-16T08:25:55.610+0000][gc,phases   ] GC(177)   Pre Evacuate Collection Set: 27.9ms
[2026-01-16T08:25:55.610+0000][gc,phases   ] GC(177)   Merge Heap Roots: 3.3ms
[2026-01-16T08:25:55.610+0000][gc,phases   ] GC(177)   Evacuate Collection Set: 120.5ms
[2026-01-16T08:25:55.610+0000][gc,phases   ] GC(177)   Post Evacuate Collection Set: 6.8ms
[2026-01-16T08:25:55.611+0000][gc,phases   ] GC(177)   Other: 1.3ms
[2026-01-16T08:25:55.611+0000][gc,heap     ] GC(177) Eden regions: 46->0(86)
[2026-01-16T08:25:55.614+0000][gc,heap     ] GC(177) Survivor regions: 5->5(7)
[2026-01-16T08:25:55.615+0000][gc,heap     ] GC(177) Old regions: 103->104
[2026-01-16T08:25:55.616+0000][gc,heap     ] GC(177) Humongous regions: 149->149
[2026-01-16T08:25:55.617+0000][gc,metaspace] GC(177) Metaspace: 13847K(14208K)->13847K(14208K) NonClass: 12273K(12480K)->12273K(12480K) Class: 1574K(1728K)->1574K(1728K)
[2026-01-16T08:25:55.619+0000][gc          ] GC(177) Pause Young (Normal) (G1 Evacuation Pause) 302M->257M(1024M) 170.145ms
[2026-01-16T08:25:55.621+0000][gc,cpu      ] GC(177) User=0.10s Sys=0.04s Real=0.17s
[2026-01-16T08:26:02.518+0000][gc,start    ] GC(178) Pause Young (Normal) (G1 Evacuation Pause)
[2026-01-16T08:26:02.521+0000][gc,task     ] GC(178) Using 8 workers of 8 for evacuation
[2026-01-16T08:26:03.073+0000][gc,mmu      ] GC(178) MMU target violated: 201.0ms (200.0ms/201.0ms)
[2026-01-16T08:26:03.074+0000][gc,phases   ] GC(178)   Pre Evacuate Collection Set: 58.8ms
[2026-01-16T08:26:03.074+0000][gc,phases   ] GC(178)   Merge Heap Roots: 3.7ms
[2026-01-16T08:26:03.075+0000][gc,phases   ] GC(178)   Evacuate Collection Set: 484.0ms
[2026-01-16T08:26:03.075+0000][gc,phases   ] GC(178)   Post Evacuate Collection Set: 4.8ms
[2026-01-16T08:26:03.076+0000][gc,phases   ] GC(178)   Other: 1.1ms
[2026-01-16T08:26:03.076+0000][gc,heap     ] GC(178) Eden regions: 96->0(45)
[2026-01-16T08:26:03.076+0000][gc,heap     ] GC(178) Survivor regions: 5->6(13)
[2026-01-16T08:26:03.076+0000][gc,heap     ] GC(178) Old regions: 104->104
[2026-01-16T08:26:03.077+0000][gc,heap     ] GC(178) Humongous regions: 149->149
[2026-01-16T08:26:03.077+0000][gc,metaspace] GC(178) Metaspace: 13926K(14272K)->13926K(14272K) NonClass: 12335K(12544K)->12335K(12544K) Class: 1590K(1728K)->1590K(1728K)
[2026-01-16T08:26:03.078+0000][gc          ] GC(178) Pause Young (Normal) (G1 Evacuation Pause) 353M->257M(1024M) 559.833ms
[2026-01-16T08:26:03.078+0000][gc,cpu      ] GC(178) User=0.49s Sys=0.02s Real=0.56s
[2026-01-16T08:26:03.986+0000][gc,start    ] GC(179) Pause Young (Normal) (GCLocker Initiated GC)
[2026-01-16T08:26:03.987+0000][gc,task     ] GC(179) Using 8 workers of 8 for evacuation
[2026-01-16T08:26:04.433+0000][gc,mmu      ] GC(179) MMU target violated: 201.0ms (200.0ms/201.0ms)
[2026-01-16T08:26:04.434+0000][gc,phases   ] GC(179)   Pre Evacuate Collection Set: 2.0ms
[2026-01-16T08:26:04.434+0000][gc,phases   ] GC(179)   Merge Heap Roots: 1.0ms
[2026-01-16T08:26:04.436+0000][gc,phases   ] GC(179)   Evacuate Collection Set: 413.8ms
[2026-01-16T08:26:04.436+0000][gc,phases   ] GC(179)   Post Evacuate Collection Set: 28.7ms
[2026-01-16T08:26:04.438+0000][gc,phases   ] GC(179)   Other: 1.6ms
[2026-01-16T08:26:04.443+0000][gc,heap     ] GC(179) Eden regions: 45->0(46)
[2026-01-16T08:26:04.443+0000][gc,heap     ] GC(179) Survivor regions: 6->5(7)
[2026-01-16T08:26:04.444+0000][gc,heap     ] GC(179) Old regions: 104->106
[2026-01-16T08:26:04.444+0000][gc,heap     ] GC(179) Humongous regions: 149->149
[2026-01-16T08:26:04.444+0000][gc,metaspace] GC(179) Metaspace: 13948K(14272K)->13948K(14272K) NonClass: 12355K(12544K)->12355K(12544K) Class: 1593K(1728K)->1593K(1728K)
[2026-01-16T08:26:04.445+0000][gc          ] GC(179) Pause Young (Normal) (GCLocker Initiated GC) 302M->258M(1024M) 458.455ms
[2026-01-16T08:26:04.447+0000][gc,cpu      ] GC(179) User=0.15s Sys=0.06s Real=0.46s
[2026-01-16T08:26:07.467+0000][gc,start    ] GC(180) Pause Young (Normal) (G1 Evacuation Pause)
[2026-01-16T08:26:07.472+0000][gc,task     ] GC(180) Using 8 workers of 8 for evacuation
[2026-01-16T08:26:08.182+0000][gc,mmu      ] GC(180) MMU target violated: 201.0ms (200.0ms/201.0ms)
[2026-01-16T08:26:08.183+0000][gc,phases   ] GC(180)   Pre Evacuate Collection Set: 26.6ms
[2026-01-16T08:26:08.183+0000][gc,phases   ] GC(180)   Merge Heap Roots: 47.1ms
[2026-01-16T08:26:08.183+0000][gc,phases   ] GC(180)   Evacuate Collection Set: 628.2ms
[2026-01-16T08:26:08.184+0000][gc,phases   ] GC(180)   Post Evacuate Collection Set: 7.4ms
[2026-01-16T08:26:08.184+0000][gc,phases   ] GC(180)   Other: 2.0ms
[2026-01-16T08:26:08.186+0000][gc,heap     ] GC(180) Eden regions: 46->0(46)
[2026-01-16T08:26:08.186+0000][gc,heap     ] GC(180) Survivor regions: 5->5(7)
[2026-01-16T08:26:08.188+0000][gc,heap     ] GC(180) Old regions: 106->107
[2026-01-16T08:26:08.191+0000][gc,heap     ] GC(180) Humongous regions: 149->149
[2026-01-16T08:26:08.191+0000][gc,metaspace] GC(180) Metaspace: 14009K(14400K)->14009K(14400K) NonClass: 12401K(12608K)->12401K(12608K) Class: 1607K(1792K)->1607K(1792K)
[2026-01-16T08:26:08.192+0000][gc          ] GC(180) Pause Young (Normal) (G1 Evacuation Pause) 304M->259M(1024M) 724.594ms
[2026-01-16T08:26:08.192+0000][gc,cpu      ] GC(180) User=0.28s Sys=0.04s Real=0.73s
[2026-01-16T08:26:09.236+0000][gc,start    ] GC(181) Pause Young (Normal) (G1 Evacuation Pause)
[2026-01-16T08:26:09.239+0000][gc,task     ] GC(181) Using 8 workers of 8 for evacuation
[2026-01-16T08:26:09.437+0000][gc,phases   ] GC(181)   Pre Evacuate Collection Set: 42.8ms
[2026-01-16T08:26:09.439+0000][gc,phases   ] GC(181)   Merge Heap Roots: 12.2ms
[2026-01-16T08:26:09.445+0000][gc,phases   ] GC(181)   Evacuate Collection Set: 133.2ms
[2026-01-16T08:26:09.446+0000][gc,phases   ] GC(181)   Post Evacuate Collection Set: 5.2ms
[2026-01-16T08:26:09.447+0000][gc,phases   ] GC(181)   Other: 4.6ms
[2026-01-16T08:26:09.448+0000][gc,heap     ] GC(181) Eden regions: 46->0(46)
[2026-01-16T08:26:09.448+0000][gc,heap     ] GC(181) Survivor regions: 5->5(7)
[2026-01-16T08:26:09.448+0000][gc,heap     ] GC(181) Old regions: 107->107
[2026-01-16T08:26:09.450+0000][gc,heap     ] GC(181) Humongous regions: 149->149
[2026-01-16T08:26:09.451+0000][gc,metaspace] GC(181) Metaspace: 14011K(14400K)->14011K(14400K) NonClass: 12403K(12608K)->12403K(12608K) Class: 1607K(1792K)->1607K(1792K)
[2026-01-16T08:26:09.453+0000][gc          ] GC(181) Pause Young (Normal) (G1 Evacuation Pause) 305M->260M(1024M) 217.530ms
[2026-01-16T08:26:09.457+0000][gc,cpu      ] GC(181) User=0.16s Sys=0.05s Real=0.24s
[2026-01-16T08:26:09.780+0000][gc,start    ] GC(182) Pause Young (Normal) (G1 Evacuation Pause)
[2026-01-16T08:26:09.781+0000][gc,task     ] GC(182) Using 8 workers of 8 for evacuation
[2026-01-16T08:26:09.885+0000][gc,phases   ] GC(182)   Pre Evacuate Collection Set: 1.0ms
[2026-01-16T08:26:09.886+0000][gc,phases   ] GC(182)   Merge Heap Roots: 0.1ms
[2026-01-16T08:26:09.886+0000][gc,phases   ] GC(182)   Evacuate Collection Set: 94.1ms
[2026-01-16T08:26:09.887+0000][gc,phases   ] GC(182)   Post Evacuate Collection Set: 8.2ms
[2026-01-16T08:26:09.887+0000][gc,phases   ] GC(182)   Other: 1.0ms
[2026-01-16T08:26:09.887+0000][gc,heap     ] GC(182) Eden regions: 46->0(46)
[2026-01-16T08:26:09.888+0000][gc,heap     ] GC(182) Survivor regions: 5->5(7)
[2026-01-16T08:26:09.888+0000][gc,heap     ] GC(182) Old regions: 107->108
[2026-01-16T08:26:09.888+0000][gc,heap     ] GC(182) Humongous regions: 149->149
[2026-01-16T08:26:09.890+0000][gc,metaspace] GC(182) Metaspace: 14011K(14400K)->14011K(14400K) NonClass: 12403K(12608K)->12403K(12608K) Class: 1607K(1792K)->1607K(1792K)
[2026-01-16T08:26:09.892+0000][gc          ] GC(182) Pause Young (Normal) (G1 Evacuation Pause) 306M->261M(1024M) 111.978ms
[2026-01-16T08:26:09.892+0000][gc,cpu      ] GC(182) User=0.06s Sys=0.03s Real=0.12s
[2026-01-16T08:26:10.481+0000][gc,start    ] GC(183) Pause Young (Normal) (G1 Evacuation Pause)
[2026-01-16T08:26:10.485+0000][gc,task     ] GC(183) Using 8 workers of 8 for evacuation
[2026-01-16T08:26:10.824+0000][gc,mmu      ] GC(183) MMU target violated: 201.0ms (200.0ms/201.0ms)
[2026-01-16T08:26:10.824+0000][gc,phases   ] GC(183)   Pre Evacuate Collection Set: 33.0ms
[2026-01-16T08:26:10.825+0000][gc,phases   ] GC(183)   Merge Heap Roots: 4.5ms
[2026-01-16T08:26:10.827+0000][gc,phases   ] GC(183)   Evacuate Collection Set: 296.5ms
[2026-01-16T08:26:10.827+0000][gc,phases   ] GC(183)   Post Evacuate Collection Set: 4.3ms
[2026-01-16T08:26:10.827+0000][gc,phases   ] GC(183)   Other: 1.2ms
[2026-01-16T08:26:10.827+0000][gc,heap     ] GC(183) Eden regions: 46->0(47)
[2026-01-16T08:26:10.827+0000][gc,heap     ] GC(183) Survivor regions: 5->4(7)
[2026-01-16T08:26:10.827+0000][gc,heap     ] GC(183) Old regions: 108->110
[2026-01-16T08:26:10.827+0000][gc,heap     ] GC(183) Humongous regions: 149->149
[2026-01-16T08:26:10.828+0000][gc,metaspace] GC(183) Metaspace: 14017K(14400K)->14017K(14400K) NonClass: 12409K(12608K)->12409K(12608K) Class: 1607K(1792K)->1607K(1792K)
[2026-01-16T08:26:10.828+0000][gc          ] GC(183) Pause Young (Normal) (G1 Evacuation Pause) 307M->261M(1024M) 347.086ms
[2026-01-16T08:26:10.828+0000][gc,cpu      ] GC(183) User=0.12s Sys=0.16s Real=0.35s
[2026-01-16T08:26:11.773+0000][gc,start    ] GC(184) Pause Young (Normal) (G1 Evacuation Pause)
[2026-01-16T08:26:11.774+0000][gc,task     ] GC(184) Using 8 workers of 8 for evacuation
[2026-01-16T08:26:11.991+0000][gc,mmu      ] GC(184) MMU target violated: 201.0ms (200.0ms/201.0ms)
[2026-01-16T08:26:11.992+0000][gc,phases   ] GC(184)   Pre Evacuate Collection Set: 14.0ms
[2026-01-16T08:26:11.992+0000][gc,phases   ] GC(184)   Merge Heap Roots: 0.8ms
[2026-01-16T08:26:11.992+0000][gc,phases   ] GC(184)   Evacuate Collection Set: 194.2ms
[2026-01-16T08:26:11.992+0000][gc,phases   ] GC(184)   Post Evacuate Collection Set: 1.2ms
[2026-01-16T08:26:11.993+0000][gc,phases   ] GC(184)   Other: 7.6ms
[2026-01-16T08:26:11.993+0000][gc,heap     ] GC(184) Eden regions: 47->0(46)
[2026-01-16T08:26:11.993+0000][gc,heap     ] GC(184) Survivor regions: 4->5(7)
[2026-01-16T08:26:11.993+0000][gc,heap     ] GC(184) Old regions: 110->110
[2026-01-16T08:26:11.994+0000][gc,heap     ] GC(184) Humongous regions: 149->149
[2026-01-16T08:26:11.994+0000][gc,metaspace] GC(184) Metaspace: 14017K(14400K)->14017K(14400K) NonClass: 12409K(12608K)->12409K(12608K) Class: 1607K(1792K)->1607K(1792K)
[2026-01-16T08:26:11.994+0000][gc          ] GC(184) Pause Young (Normal) (G1 Evacuation Pause) 308M->262M(1024M) 221.378ms
[2026-01-16T08:26:11.995+0000][gc,cpu      ] GC(184) User=0.09s Sys=0.00s Real=0.22s
[2026-01-16T08:26:12.957+0000][gc,start    ] GC(185) Pause Young (Normal) (G1 Evacuation Pause)
[2026-01-16T08:26:12.958+0000][gc,task     ] GC(185) Using 8 workers of 8 for evacuation
[2026-01-16T08:26:13.226+0000][gc,mmu      ] GC(185) MMU target violated: 201.0ms (200.0ms/201.0ms)
[2026-01-16T08:26:13.228+0000][gc,phases   ] GC(185)   Pre Evacuate Collection Set: 97.8ms
[2026-01-16T08:26:13.228+0000][gc,phases   ] GC(185)   Merge Heap Roots: 1.8ms
[2026-01-16T08:26:13.231+0000][gc,phases   ] GC(185)   Evacuate Collection Set: 155.9ms
[2026-01-16T08:26:13.231+0000][gc,phases   ] GC(185)   Post Evacuate Collection Set: 4.6ms
[2026-01-16T08:26:13.231+0000][gc,phases   ] GC(185)   Other: 9.9ms
[2026-01-16T08:26:13.231+0000][gc,heap     ] GC(185) Eden regions: 46->0(46)
[2026-01-16T08:26:13.232+0000][gc,heap     ] GC(185) Survivor regions: 5->5(7)
[2026-01-16T08:26:13.232+0000][gc,heap     ] GC(185) Old regions: 110->111
[2026-01-16T08:26:13.233+0000][gc,heap     ] GC(185) Humongous regions: 149->149
[2026-01-16T08:26:13.233+0000][gc,metaspace] GC(185) Metaspace: 14022K(14400K)->14022K(14400K) NonClass: 12414K(12608K)->12414K(12608K) Class: 1607K(1792K)->1607K(1792K)
[2026-01-16T08:26:13.234+0000][gc          ] GC(185) Pause Young (Normal) (G1 Evacuation Pause) 308M->263M(1024M) 277.157ms
[2026-01-16T08:26:13.235+0000][gc,cpu      ] GC(185) User=0.10s Sys=0.02s Real=0.28s
[2026-01-16T08:26:14.463+0000][gc,start    ] GC(186) Pause Young (Normal) (G1 Evacuation Pause)
[2026-01-16T08:26:14.464+0000][gc,task     ] GC(186) Using 8 workers of 8 for evacuation
[2026-01-16T08:26:14.724+0000][gc,mmu      ] GC(186) MMU target violated: 201.0ms (200.0ms/201.0ms)
[2026-01-16T08:26:14.726+0000][gc,phases   ] GC(186)   Pre Evacuate Collection Set: 16.0ms
[2026-01-16T08:26:14.726+0000][gc,phases   ] GC(186)   Merge Heap Roots: 0.4ms
[2026-01-16T08:26:14.730+0000][gc,phases   ] GC(186)   Evacuate Collection Set: 202.2ms
[2026-01-16T08:26:14.730+0000][gc,phases   ] GC(186)   Post Evacuate Collection Set: 28.5ms
[2026-01-16T08:26:14.730+0000][gc,phases   ] GC(186)   Other: 15.2ms
[2026-01-16T08:26:14.731+0000][gc,heap     ] GC(186) Eden regions: 46->0(47)
[2026-01-16T08:26:14.739+0000][gc,heap     ] GC(186) Survivor regions: 5->4(7)
[2026-01-16T08:26:14.740+0000][gc,heap     ] GC(186) Old regions: 111->112
[2026-01-16T08:26:14.740+0000][gc,heap     ] GC(186) Humongous regions: 149->149
[2026-01-16T08:26:14.740+0000][gc,metaspace] GC(186) Metaspace: 14026K(14400K)->14026K(14400K) NonClass: 12418K(12608K)->12418K(12608K) Class: 1607K(1792K)->1607K(1792K)
[2026-01-16T08:26:14.741+0000][gc          ] GC(186) Pause Young (Normal) (G1 Evacuation Pause) 309M->264M(1024M) 277.744ms
[2026-01-16T08:26:14.743+0000][gc,cpu      ] GC(186) User=0.14s Sys=0.05s Real=0.28s
[2026-01-16T08:26:15.570+0000][gc,start    ] GC(187) Pause Young (Normal) (G1 Evacuation Pause)
[2026-01-16T08:26:15.571+0000][gc,task     ] GC(187) Using 8 workers of 8 for evacuation
[2026-01-16T08:26:15.736+0000][gc,phases   ] GC(187)   Pre Evacuate Collection Set: 6.3ms
[2026-01-16T08:26:15.738+0000][gc,phases   ] GC(187)   Merge Heap Roots: 0.2ms
[2026-01-16T08:26:15.740+0000][gc,phases   ] GC(187)   Evacuate Collection Set: 147.4ms
[2026-01-16T08:26:15.744+0000][gc,phases   ] GC(187)   Post Evacuate Collection Set: 8.3ms
[2026-01-16T08:26:15.747+0000][gc,phases   ] GC(187)   Other: 2.5ms
[2026-01-16T08:26:15.747+0000][gc,heap     ] GC(187) Eden regions: 47->0(46)
[2026-01-16T08:26:15.751+0000][gc,heap     ] GC(187) Survivor regions: 4->5(7)
[2026-01-16T08:26:15.752+0000][gc,heap     ] GC(187) Old regions: 112->112
[2026-01-16T08:26:15.752+0000][gc,heap     ] GC(187) Humongous regions: 149->149
[2026-01-16T08:26:15.752+0000][gc,metaspace] GC(187) Metaspace: 14033K(14400K)->14033K(14400K) NonClass: 12425K(12608K)->12425K(12608K) Class: 1607K(1792K)->1607K(1792K)
[2026-01-16T08:26:15.752+0000][gc          ] GC(187) Pause Young (Normal) (G1 Evacuation Pause) 311M->264M(1024M) 181.643ms
[2026-01-16T08:26:15.753+0000][gc,cpu      ] GC(187) User=0.13s Sys=0.04s Real=0.19s
[2026-01-16T08:26:16.245+0000][gc,start    ] GC(188) Pause Young (Normal) (G1 Evacuation Pause)
[2026-01-16T08:26:16.246+0000][gc,task     ] GC(188) Using 8 workers of 8 for evacuation
[2026-01-16T08:26:16.341+0000][gc,phases   ] GC(188)   Pre Evacuate Collection Set: 23.0ms
[2026-01-16T08:26:16.342+0000][gc,phases   ] GC(188)   Merge Heap Roots: 0.2ms
[2026-01-16T08:26:16.342+0000][gc,phases   ] GC(188)   Evacuate Collection Set: 69.9ms
[2026-01-16T08:26:16.342+0000][gc,phases   ] GC(188)   Post Evacuate Collection Set: 1.3ms
[2026-01-16T08:26:16.342+0000][gc,phases   ] GC(188)   Other: 0.8ms
[2026-01-16T08:26:16.342+0000][gc,heap     ] GC(188) Eden regions: 46->0(54)
[2026-01-16T08:26:16.342+0000][gc,heap     ] GC(188) Survivor regions: 5->4(7)
[2026-01-16T08:26:16.343+0000][gc,heap     ] GC(188) Old regions: 112->113
[2026-01-16T08:26:16.343+0000][gc,heap     ] GC(188) Humongous regions: 149->149
[2026-01-16T08:26:16.343+0000][gc,metaspace] GC(188) Metaspace: 14036K(14400K)->14036K(14400K) NonClass: 12428K(12608K)->12428K(12608K) Class: 1607K(1792K)->1607K(1792K)
[2026-01-16T08:26:16.344+0000][gc          ] GC(188) Pause Young (Normal) (G1 Evacuation Pause) 310M->265M(1024M) 98.652ms
[2026-01-16T08:26:16.344+0000][gc,cpu      ] GC(188) User=0.05s Sys=0.02s Real=0.10s
[2026-01-16T08:26:17.610+0000][gc,start    ] GC(189) Pause Young (Normal) (G1 Evacuation Pause)
[2026-01-16T08:26:17.613+0000][gc,task     ] GC(189) Using 8 workers of 8 for evacuation
[2026-01-16T08:26:17.902+0000][gc,mmu      ] GC(189) MMU target violated: 201.0ms (200.0ms/201.0ms)
[2026-01-16T08:26:17.904+0000][gc,phases   ] GC(189)   Pre Evacuate Collection Set: 8.8ms
[2026-01-16T08:26:17.906+0000][gc,phases   ] GC(189)   Merge Heap Roots: 0.6ms
[2026-01-16T08:26:17.906+0000][gc,phases   ] GC(189)   Evacuate Collection Set: 263.4ms
[2026-01-16T08:26:17.910+0000][gc,phases   ] GC(189)   Post Evacuate Collection Set: 15.1ms
[2026-01-16T08:26:17.914+0000][gc,phases   ] GC(189)   Other: 2.5ms
[2026-01-16T08:26:17.914+0000][gc,heap     ] GC(189) Eden regions: 56->0(46)
[2026-01-16T08:26:17.915+0000][gc,heap     ] GC(189) Survivor regions: 4->5(8)
[2026-01-16T08:26:17.915+0000][gc,heap     ] GC(189) Old regions: 113->113
[2026-01-16T08:26:17.919+0000][gc,heap     ] GC(189) Humongous regions: 149->149
[2026-01-16T08:26:17.920+0000][gc,metaspace] GC(189) Metaspace: 14037K(14400K)->14037K(14400K) NonClass: 12429K(12608K)->12429K(12608K) Class: 1607K(1792K)->1607K(1792K)
[2026-01-16T08:26:17.921+0000][gc          ] GC(189) Pause Young (Normal) (G1 Evacuation Pause) 321M->266M(1024M) 310.994ms
[2026-01-16T08:26:17.921+0000][gc,cpu      ] GC(189) User=0.13s Sys=0.02s Real=0.32s
[2026-01-16T08:26:18.651+0000][gc,start    ] GC(190) Pause Young (Normal) (G1 Evacuation Pause)
[2026-01-16T08:26:18.652+0000][gc,task     ] GC(190) Using 8 workers of 8 for evacuation
[2026-01-16T08:26:18.827+0000][gc,phases   ] GC(190)   Pre Evacuate Collection Set: 1.0ms
[2026-01-16T08:26:18.828+0000][gc,phases   ] GC(190)   Merge Heap Roots: 1.7ms
[2026-01-16T08:26:18.828+0000][gc,phases   ] GC(190)   Evacuate Collection Set: 166.9ms
[2026-01-16T08:26:18.833+0000][gc,phases   ] GC(190)   Post Evacuate Collection Set: 5.4ms
[2026-01-16T08:26:18.834+0000][gc,phases   ] GC(190)   Other: 0.5ms
[2026-01-16T08:26:18.835+0000][gc,heap     ] GC(190) Eden regions: 46->0(48)
[2026-01-16T08:26:18.836+0000][gc,heap     ] GC(190) Survivor regions: 5->4(7)
[2026-01-16T08:26:18.836+0000][gc,heap     ] GC(190) Old regions: 113->115
[2026-01-16T08:26:18.836+0000][gc,heap     ] GC(190) Humongous regions: 149->149
[2026-01-16T08:26:18.837+0000][gc,metaspace] GC(190) Metaspace: 14040K(14400K)->14040K(14400K) NonClass: 12432K(12608K)->12432K(12608K) Class: 1607K(1792K)->1607K(1792K)
[2026-01-16T08:26:18.837+0000][gc          ] GC(190) Pause Young (Normal) (G1 Evacuation Pause) 312M->267M(1024M) 186.188ms
[2026-01-16T08:26:18.837+0000][gc,cpu      ] GC(190) User=0.06s Sys=0.01s Real=0.18s
[2026-01-16T08:26:19.250+0000][gc,start    ] GC(191) Pause Young (Normal) (G1 Evacuation Pause)
[2026-01-16T08:26:19.256+0000][gc,task     ] GC(191) Using 8 workers of 8 for evacuation
[2026-01-16T08:26:19.496+0000][gc,mmu      ] GC(191) MMU target violated: 201.0ms (200.0ms/201.0ms)
[2026-01-16T08:26:19.497+0000][gc,phases   ] GC(191)   Pre Evacuate Collection Set: 10.2ms
[2026-01-16T08:26:19.500+0000][gc,phases   ] GC(191)   Merge Heap Roots: 0.2ms
[2026-01-16T08:26:19.505+0000][gc,phases   ] GC(191)   Evacuate Collection Set: 205.6ms
[2026-01-16T08:26:19.505+0000][gc,phases   ] GC(191)   Post Evacuate Collection Set: 20.4ms
[2026-01-16T08:26:19.506+0000][gc,phases   ] GC(191)   Other: 4.8ms
[2026-01-16T08:26:19.509+0000][gc,heap     ] GC(191) Eden regions: 47->0(46)
[2026-01-16T08:26:19.512+0000][gc,heap     ] GC(191) Survivor regions: 4->5(7)
[2026-01-16T08:26:19.512+0000][gc,heap     ] GC(191) Old regions: 115->115
[2026-01-16T08:26:19.513+0000][gc,heap     ] GC(191) Humongous regions: 149->149
[2026-01-16T08:26:19.514+0000][gc,metaspace] GC(191) Metaspace: 14042K(14400K)->14042K(14400K) NonClass: 12434K(12608K)->12434K(12608K) Class: 1607K(1792K)->1607K(1792K)
[2026-01-16T08:26:19.515+0000][gc          ] GC(191) Pause Young (Normal) (G1 Evacuation Pause) 314M->268M(1024M) 264.625ms
[2026-01-16T08:26:19.515+0000][gc,cpu      ] GC(191) User=0.09s Sys=0.01s Real=0.27s
[2026-01-16T08:26:20.091+0000][gc,start    ] GC(192) Pause Young (Normal) (G1 Evacuation Pause)
[2026-01-16T08:26:20.092+0000][gc,task     ] GC(192) Using 8 workers of 8 for evacuation
[2026-01-16T08:26:20.215+0000][gc,phases   ] GC(192)   Pre Evacuate Collection Set: 8.0ms
[2026-01-16T08:26:20.215+0000][gc,phases   ] GC(192)   Merge Heap Roots: 1.6ms
[2026-01-16T08:26:20.217+0000][gc,phases   ] GC(192)   Evacuate Collection Set: 111.1ms
[2026-01-16T08:26:20.217+0000][gc,phases   ] GC(192)   Post Evacuate Collection Set: 2.2ms
[2026-01-16T08:26:20.217+0000][gc,phases   ] GC(192)   Other: 0.4ms
[2026-01-16T08:26:20.217+0000][gc,heap     ] GC(192) Eden regions: 46->0(70)
[2026-01-16T08:26:20.218+0000][gc,heap     ] GC(192) Survivor regions: 5->5(7)
[2026-01-16T08:26:20.218+0000][gc,heap     ] GC(192) Old regions: 115->116
[2026-01-16T08:26:20.219+0000][gc,heap     ] GC(192) Humongous regions: 149->149
[2026-01-16T08:26:20.219+0000][gc,metaspace] GC(192) Metaspace: 14047K(14400K)->14047K(14400K) NonClass: 12439K(12608K)->12439K(12608K) Class: 1607K(1792K)->1607K(1792K)
[2026-01-16T08:26:20.219+0000][gc          ] GC(192) Pause Young (Normal) (G1 Evacuation Pause) 314M->268M(1024M) 128.178ms
[2026-01-16T08:26:20.219+0000][gc,cpu      ] GC(192) User=0.07s Sys=0.00s Real=0.13s
[2026-01-16T08:26:21.507+0000][gc,start    ] GC(193) Pause Young (Normal) (GCLocker Initiated GC)
[2026-01-16T08:26:21.508+0000][gc,task     ] GC(193) Using 8 workers of 8 for evacuation
[2026-01-16T08:26:21.774+0000][gc,mmu      ] GC(193) MMU target violated: 201.0ms (200.0ms/201.0ms)
[2026-01-16T08:26:21.787+0000][gc,phases   ] GC(193)   Pre Evacuate Collection Set: 15.9ms
[2026-01-16T08:26:21.787+0000][gc,phases   ] GC(193)   Merge Heap Roots: 1.2ms
[2026-01-16T08:26:21.803+0000][gc,phases   ] GC(193)   Evacuate Collection Set: 247.8ms
[2026-01-16T08:26:21.804+0000][gc,phases   ] GC(193)   Post Evacuate Collection Set: 1.5ms
[2026-01-16T08:26:21.804+0000][gc,phases   ] GC(193)   Other: 12.8ms
[2026-01-16T08:26:21.808+0000][gc,heap     ] GC(193) Eden regions: 80->0(46)
[2026-01-16T08:26:21.809+0000][gc,heap     ] GC(193) Survivor regions: 5->5(11)
[2026-01-16T08:26:21.809+0000][gc,heap     ] GC(193) Old regions: 116->116
[2026-01-16T08:26:21.810+0000][gc,heap     ] GC(193) Humongous regions: 149->149
[2026-01-16T08:26:21.810+0000][gc,metaspace] GC(193) Metaspace: 14050K(14400K)->14050K(14400K) NonClass: 12442K(12608K)->12442K(12608K) Class: 1607K(1792K)->1607K(1792K)
[2026-01-16T08:26:21.810+0000][gc          ] GC(193) Pause Young (Normal) (GCLocker Initiated GC) 348M->269M(1024M) 303.647ms
[2026-01-16T08:26:21.811+0000][gc,cpu      ] GC(193) User=0.21s Sys=0.00s Real=0.30s
[2026-01-16T08:26:22.948+0000][gc,start    ] GC(194) Pause Young (Normal) (G1 Evacuation Pause)
[2026-01-16T08:26:22.955+0000][gc,task     ] GC(194) Using 8 workers of 8 for evacuation
[2026-01-16T08:26:23.126+0000][gc,phases   ] GC(194)   Pre Evacuate Collection Set: 23.0ms
[2026-01-16T08:26:23.126+0000][gc,phases   ] GC(194)   Merge Heap Roots: 1.2ms
[2026-01-16T08:26:23.126+0000][gc,phases   ] GC(194)   Evacuate Collection Set: 133.9ms
[2026-01-16T08:26:23.127+0000][gc,phases   ] GC(194)   Post Evacuate Collection Set: 6.9ms
[2026-01-16T08:26:23.128+0000][gc,phases   ] GC(194)   Other: 6.0ms
[2026-01-16T08:26:23.128+0000][gc,heap     ] GC(194) Eden regions: 46->0(46)
[2026-01-16T08:26:23.129+0000][gc,heap     ] GC(194) Survivor regions: 5->5(7)
[2026-01-16T08:26:23.130+0000][gc,heap     ] GC(194) Old regions: 116->118
[2026-01-16T08:26:23.130+0000][gc,heap     ] GC(194) Humongous regions: 149->149
[2026-01-16T08:26:23.130+0000][gc,metaspace] GC(194) Metaspace: 14052K(14400K)->14052K(14400K) NonClass: 12444K(12608K)->12444K(12608K) Class: 1607K(1792K)->1607K(1792K)
[2026-01-16T08:26:23.136+0000][gc          ] GC(194) Pause Young (Normal) (G1 Evacuation Pause) 315M->270M(1024M) 188.093ms
[2026-01-16T08:26:23.137+0000][gc,cpu      ] GC(194) User=0.14s Sys=0.03s Real=0.19s
[2026-01-16T08:26:23.951+0000][gc,start    ] GC(195) Pause Young (Normal) (G1 Evacuation Pause)
[2026-01-16T08:26:23.951+0000][gc,task     ] GC(195) Using 8 workers of 8 for evacuation
[2026-01-16T08:26:24.150+0000][gc,phases   ] GC(195)   Pre Evacuate Collection Set: 2.8ms
[2026-01-16T08:26:24.151+0000][gc,phases   ] GC(195)   Merge Heap Roots: 1.6ms
[2026-01-16T08:26:24.152+0000][gc,phases   ] GC(195)   Evacuate Collection Set: 190.4ms
[2026-01-16T08:26:24.152+0000][gc,phases   ] GC(195)   Post Evacuate Collection Set: 3.4ms
[2026-01-16T08:26:24.152+0000][gc,phases   ] GC(195)   Other: 0.4ms
[2026-01-16T08:26:24.154+0000][gc,heap     ] GC(195) Eden regions: 46->0(46)
[2026-01-16T08:26:24.154+0000][gc,heap     ] GC(195) Survivor regions: 5->5(7)
[2026-01-16T08:26:24.154+0000][gc,heap     ] GC(195) Old regions: 118->119
[2026-01-16T08:26:24.155+0000][gc,heap     ] GC(195) Humongous regions: 149->149
[2026-01-16T08:26:24.155+0000][gc,metaspace] GC(195) Metaspace: 14056K(14400K)->14056K(14400K) NonClass: 12448K(12608K)->12448K(12608K) Class: 1607K(1792K)->1607K(1792K)
[2026-01-16T08:26:24.156+0000][gc          ] GC(195) Pause Young (Normal) (G1 Evacuation Pause) 316M->271M(1024M) 204.924ms
[2026-01-16T08:26:24.156+0000][gc,cpu      ] GC(195) User=0.11s Sys=0.03s Real=0.20s
[2026-01-16T08:26:24.681+0000][gc,start    ] GC(196) Pause Young (Normal) (G1 Evacuation Pause)
[2026-01-16T08:26:24.682+0000][gc,task     ] GC(196) Using 8 workers of 8 for evacuation
[2026-01-16T08:26:24.844+0000][gc,phases   ] GC(196)   Pre Evacuate Collection Set: 12.9ms
[2026-01-16T08:26:24.844+0000][gc,phases   ] GC(196)   Merge Heap Roots: 0.4ms
[2026-01-16T08:26:24.845+0000][gc,phases   ] GC(196)   Evacuate Collection Set: 145.5ms
[2026-01-16T08:26:24.845+0000][gc,phases   ] GC(196)   Post Evacuate Collection Set: 2.1ms
[2026-01-16T08:26:24.845+0000][gc,phases   ] GC(196)   Other: 0.4ms
[2026-01-16T08:26:24.845+0000][gc,heap     ] GC(196) Eden regions: 46->0(71)
[2026-01-16T08:26:24.845+0000][gc,heap     ] GC(196) Survivor regions: 5->5(7)
[2026-01-16T08:26:24.846+0000][gc,heap     ] GC(196) Old regions: 119->119
[2026-01-16T08:26:24.846+0000][gc,heap     ] GC(196) Humongous regions: 149->149
[2026-01-16T08:26:24.846+0000][gc,metaspace] GC(196) Metaspace: 14056K(14400K)->14056K(14400K) NonClass: 12448K(12608K)->12448K(12608K) Class: 1607K(1792K)->1607K(1792K)
[2026-01-16T08:26:24.847+0000][gc          ] GC(196) Pause Young (Normal) (G1 Evacuation Pause) 317M->272M(1024M) 165.355ms
[2026-01-16T08:26:24.847+0000][gc,cpu      ] GC(196) User=0.06s Sys=0.01s Real=0.16s
[2026-01-16T08:26:27.342+0000][gc,start    ] GC(197) Pause Young (Normal) (G1 Evacuation Pause)
[2026-01-16T08:26:27.363+0000][gc,task     ] GC(197) Using 8 workers of 8 for evacuation
[2026-01-16T08:26:28.311+0000][gc,mmu      ] GC(197) MMU target violated: 201.0ms (200.0ms/201.0ms)
[2026-01-16T08:26:28.315+0000][gc,phases   ] GC(197)   Pre Evacuate Collection Set: 111.9ms
[2026-01-16T08:26:28.317+0000][gc,phases   ] GC(197)   Merge Heap Roots: 8.3ms
[2026-01-16T08:26:28.324+0000][gc,phases   ] GC(197)   Evacuate Collection Set: 757.1ms
[2026-01-16T08:26:28.327+0000][gc,phases   ] GC(197)   Post Evacuate Collection Set: 66.0ms
[2026-01-16T08:26:28.328+0000][gc,phases   ] GC(197)   Other: 9.6ms
[2026-01-16T08:26:28.328+0000][gc,heap     ] GC(197) Eden regions: 77->0(45)
[2026-01-16T08:26:28.328+0000][gc,heap     ] GC(197) Survivor regions: 5->6(11)
[2026-01-16T08:26:28.330+0000][gc,heap     ] GC(197) Old regions: 119->119
[2026-01-16T08:26:28.331+0000][gc,heap     ] GC(197) Humongous regions: 149->149
[2026-01-16T08:26:28.331+0000][gc,metaspace] GC(197) Metaspace: 14058K(14400K)->14058K(14400K) NonClass: 12450K(12608K)->12450K(12608K) Class: 1607K(1792K)->1607K(1792K)
[2026-01-16T08:26:28.332+0000][gc          ] GC(197) Pause Young (Normal) (G1 Evacuation Pause) 349M->273M(1024M) 989.943ms
[2026-01-16T08:26:28.334+0000][gc,cpu      ] GC(197) User=0.38s Sys=0.07s Real=0.99s
[2026-01-16T08:26:29.477+0000][gc,start    ] GC(198) Pause Young (Normal) (G1 Evacuation Pause)
[2026-01-16T08:26:29.481+0000][gc,task     ] GC(198) Using 8 workers of 8 for evacuation
[2026-01-16T08:26:29.942+0000][gc,mmu      ] GC(198) MMU target violated: 201.0ms (200.0ms/201.0ms)
[2026-01-16T08:26:29.947+0000][gc,phases   ] GC(198)   Pre Evacuate Collection Set: 60.2ms
[2026-01-16T08:26:29.958+0000][gc,phases   ] GC(198)   Merge Heap Roots: 5.3ms
[2026-01-16T08:26:29.970+0000][gc,phases   ] GC(198)   Evacuate Collection Set: 385.2ms
[2026-01-16T08:26:29.988+0000][gc,phases   ] GC(198)   Post Evacuate Collection Set: 3.3ms
[2026-01-16T08:26:29.992+0000][gc,phases   ] GC(198)   Other: 11.9ms
[2026-01-16T08:26:29.994+0000][gc,heap     ] GC(198) Eden regions: 45->0(46)
[2026-01-16T08:26:29.997+0000][gc,heap     ] GC(198) Survivor regions: 6->5(7)
[2026-01-16T08:26:29.997+0000][gc,heap     ] GC(198) Old regions: 119->121
[2026-01-16T08:26:29.997+0000][gc,heap     ] GC(198) Humongous regions: 149->149
[2026-01-16T08:26:29.997+0000][gc,metaspace] GC(198) Metaspace: 14059K(14400K)->14059K(14400K) NonClass: 12451K(12608K)->12451K(12608K) Class: 1607K(1792K)->1607K(1792K)
[2026-01-16T08:26:29.997+0000][gc          ] GC(198) Pause Young (Normal) (G1 Evacuation Pause) 318M->273M(1024M) 520.544ms
[2026-01-16T08:26:30.022+0000][gc,cpu      ] GC(198) User=0.17s Sys=0.06s Real=0.55s
[2026-01-16T08:26:30.767+0000][gc,start    ] GC(199) Pause Young (Normal) (G1 Evacuation Pause)
[2026-01-16T08:26:30.769+0000][gc,task     ] GC(199) Using 8 workers of 8 for evacuation
[2026-01-16T08:26:31.324+0000][gc,mmu      ] GC(199) MMU target violated: 201.0ms (200.0ms/201.0ms)
[2026-01-16T08:26:31.326+0000][gc,phases   ] GC(199)   Pre Evacuate Collection Set: 17.5ms
[2026-01-16T08:26:31.328+0000][gc,phases   ] GC(199)   Merge Heap Roots: 5.9ms
[2026-01-16T08:26:31.331+0000][gc,phases   ] GC(199)   Evacuate Collection Set: 494.2ms
[2026-01-16T08:26:31.331+0000][gc,phases   ] GC(199)   Post Evacuate Collection Set: 25.9ms
[2026-01-16T08:26:31.331+0000][gc,phases   ] GC(199)   Other: 14.0ms
[2026-01-16T08:26:31.332+0000][gc,heap     ] GC(199) Eden regions: 46->0(46)
[2026-01-16T08:26:31.332+0000][gc,heap     ] GC(199) Survivor regions: 5->5(7)
[2026-01-16T08:26:31.332+0000][gc,heap     ] GC(199) Old regions: 121->122
[2026-01-16T08:26:31.332+0000][gc,heap     ] GC(199) Humongous regions: 149->149
[2026-01-16T08:26:31.332+0000][gc,metaspace] GC(199) Metaspace: 14059K(14400K)->14059K(14400K) NonClass: 12451K(12608K)->12451K(12608K) Class: 1607K(1792K)->1607K(1792K)
[2026-01-16T08:26:31.333+0000][gc          ] GC(199) Pause Young (Normal) (G1 Evacuation Pause) 319M->274M(1024M) 566.236ms
[2026-01-16T08:26:31.334+0000][gc,cpu      ] GC(199) User=0.19s Sys=0.06s Real=0.57s
[2026-01-16T08:26:32.835+0000][gc,start    ] GC(200) Pause Young (Normal) (G1 Evacuation Pause)
[2026-01-16T08:26:32.853+0000][gc,task     ] GC(200) Using 8 workers of 8 for evacuation
[2026-01-16T08:26:33.205+0000][gc,mmu      ] GC(200) MMU target violated: 201.0ms (200.0ms/201.0ms)
[2026-01-16T08:26:33.206+0000][gc,phases   ] GC(200)   Pre Evacuate Collection Set: 34.1ms
[2026-01-16T08:26:33.209+0000][gc,phases   ] GC(200)   Merge Heap Roots: 6.0ms
[2026-01-16T08:26:33.210+0000][gc,phases   ] GC(200)   Evacuate Collection Set: 269.6ms
[2026-01-16T08:26:33.213+0000][gc,phases   ] GC(200)   Post Evacuate Collection Set: 23.3ms
[2026-01-16T08:26:33.214+0000][gc,phases   ] GC(200)   Other: 21.3ms
[2026-01-16T08:26:33.214+0000][gc,heap     ] GC(200) Eden regions: 46->0(46)
[2026-01-16T08:26:33.214+0000][gc,heap     ] GC(200) Survivor regions: 5->5(7)
[2026-01-16T08:26:33.215+0000][gc,heap     ] GC(200) Old regions: 122->123
[2026-01-16T08:26:33.215+0000][gc,heap     ] GC(200) Humongous regions: 149->149
[2026-01-16T08:26:33.215+0000][gc,metaspace] GC(200) Metaspace: 14060K(14400K)->14060K(14400K) NonClass: 12452K(12608K)->12452K(12608K) Class: 1607K(1792K)->1607K(1792K)
[2026-01-16T08:26:33.216+0000][gc          ] GC(200) Pause Young (Normal) (G1 Evacuation Pause) 320M->275M(1024M) 380.724ms
[2026-01-16T08:26:33.216+0000][gc,cpu      ] GC(200) User=0.15s Sys=0.01s Real=0.38s
[2026-01-16T08:26:34.132+0000][gc,start    ] GC(201) Pause Young (Normal) (G1 Evacuation Pause)
[2026-01-16T08:26:34.136+0000][gc,task     ] GC(201) Using 8 workers of 8 for evacuation
[2026-01-16T08:26:34.310+0000][gc,phases   ] GC(201)   Pre Evacuate Collection Set: 19.3ms
[2026-01-16T08:26:34.311+0000][gc,phases   ] GC(201)   Merge Heap Roots: 6.0ms
[2026-01-16T08:26:34.312+0000][gc,phases   ] GC(201)   Evacuate Collection Set: 132.5ms
[2026-01-16T08:26:34.313+0000][gc,phases   ] GC(201)   Post Evacuate Collection Set: 14.9ms
[2026-01-16T08:26:34.314+0000][gc,phases   ] GC(201)   Other: 2.2ms
[2026-01-16T08:26:34.314+0000][gc,heap     ] GC(201) Eden regions: 46->0(46)
[2026-01-16T08:26:34.315+0000][gc,heap     ] GC(201) Survivor regions: 5->5(7)
[2026-01-16T08:26:34.317+0000][gc,heap     ] GC(201) Old regions: 123->123
[2026-01-16T08:26:34.318+0000][gc,heap     ] GC(201) Humongous regions: 149->149
[2026-01-16T08:26:34.318+0000][gc,metaspace] GC(201) Metaspace: 14060K(14400K)->14060K(14400K) NonClass: 12452K(12608K)->12452K(12608K) Class: 1607K(1792K)->1607K(1792K)
[2026-01-16T08:26:34.321+0000][gc          ] GC(201) Pause Young (Normal) (G1 Evacuation Pause) 321M->276M(1024M) 188.360ms
[2026-01-16T08:26:34.321+0000][gc,cpu      ] GC(201) User=0.10s Sys=0.01s Real=0.18s
[2026-01-16T08:26:35.481+0000][gc,start    ] GC(202) Pause Young (Normal) (GCLocker Initiated GC)
[2026-01-16T08:26:35.481+0000][gc,task     ] GC(202) Using 8 workers of 8 for evacuation
[2026-01-16T08:26:35.715+0000][gc,mmu      ] GC(202) MMU target violated: 201.0ms (200.0ms/201.0ms)
[2026-01-16T08:26:35.719+0000][gc,phases   ] GC(202)   Pre Evacuate Collection Set: 16.7ms
[2026-01-16T08:26:35.723+0000][gc,phases   ] GC(202)   Merge Heap Roots: 0.6ms
[2026-01-16T08:26:35.738+0000][gc,phases   ] GC(202)   Evacuate Collection Set: 207.1ms
[2026-01-16T08:26:35.739+0000][gc,phases   ] GC(202)   Post Evacuate Collection Set: 8.7ms
[2026-01-16T08:26:35.740+0000][gc,phases   ] GC(202)   Other: 4.7ms
[2026-01-16T08:26:35.741+0000][gc,heap     ] GC(202) Eden regions: 52->0(47)
[2026-01-16T08:26:35.741+0000][gc,heap     ] GC(202) Survivor regions: 5->4(7)
[2026-01-16T08:26:35.742+0000][gc,heap     ] GC(202) Old regions: 123->125
[2026-01-16T08:26:35.743+0000][gc,heap     ] GC(202) Humongous regions: 149->149
[2026-01-16T08:26:35.743+0000][gc,metaspace] GC(202) Metaspace: 14060K(14400K)->14060K(14400K) NonClass: 12452K(12608K)->12452K(12608K) Class: 1607K(1792K)->1607K(1792K)
[2026-01-16T08:26:35.747+0000][gc          ] GC(202) Pause Young (Normal) (GCLocker Initiated GC) 327M->276M(1024M) 266.046ms
[2026-01-16T08:26:35.755+0000][gc,cpu      ] GC(202) User=0.11s Sys=0.03s Real=0.28s
[2026-01-16T08:26:36.350+0000][gc,start    ] GC(203) Pause Young (Normal) (G1 Evacuation Pause)
[2026-01-16T08:26:36.351+0000][gc,task     ] GC(203) Using 8 workers of 8 for evacuation
[2026-01-16T08:26:36.432+0000][gc,phases   ] GC(203)   Pre Evacuate Collection Set: 4.2ms
[2026-01-16T08:26:36.433+0000][gc,phases   ] GC(203)   Merge Heap Roots: 0.2ms
[2026-01-16T08:26:36.434+0000][gc,phases   ] GC(203)   Evacuate Collection Set: 61.8ms
[2026-01-16T08:26:36.448+0000][gc,phases   ] GC(203)   Post Evacuate Collection Set: 14.7ms
[2026-01-16T08:26:36.448+0000][gc,phases   ] GC(203)   Other: 0.7ms
[2026-01-16T08:26:36.450+0000][gc,heap     ] GC(203) Eden regions: 47->0(46)
[2026-01-16T08:26:36.450+0000][gc,heap     ] GC(203) Survivor regions: 4->5(7)
[2026-01-16T08:26:36.451+0000][gc,heap     ] GC(203) Old regions: 125->125
[2026-01-16T08:26:36.455+0000][gc,heap     ] GC(203) Humongous regions: 149->149
[2026-01-16T08:26:36.456+0000][gc,metaspace] GC(203) Metaspace: 14062K(14400K)->14062K(14400K) NonClass: 12454K(12608K)->12454K(12608K) Class: 1607K(1792K)->1607K(1792K)
[2026-01-16T08:26:36.456+0000][gc          ] GC(203) Pause Young (Normal) (G1 Evacuation Pause) 323M->277M(1024M) 106.135ms
[2026-01-16T08:26:36.457+0000][gc,cpu      ] GC(203) User=0.03s Sys=0.00s Real=0.11s
[2026-01-16T08:26:36.832+0000][gc,start    ] GC(204) Pause Young (Normal) (G1 Evacuation Pause)
[2026-01-16T08:26:36.835+0000][gc,task     ] GC(204) Using 8 workers of 8 for evacuation
[2026-01-16T08:26:36.999+0000][gc,phases   ] GC(204)   Pre Evacuate Collection Set: 14.1ms
[2026-01-16T08:26:37.008+0000][gc,phases   ] GC(204)   Merge Heap Roots: 0.3ms
[2026-01-16T08:26:37.008+0000][gc,phases   ] GC(204)   Evacuate Collection Set: 133.8ms
[2026-01-16T08:26:37.009+0000][gc,phases   ] GC(204)   Post Evacuate Collection Set: 14.3ms
[2026-01-16T08:26:37.019+0000][gc,phases   ] GC(204)   Other: 1.2ms
[2026-01-16T08:26:37.021+0000][gc,heap     ] GC(204) Eden regions: 46->0(46)
[2026-01-16T08:26:37.027+0000][gc,heap     ] GC(204) Survivor regions: 5->5(7)
[2026-01-16T08:26:37.031+0000][gc,heap     ] GC(204) Old regions: 125->125
[2026-01-16T08:26:37.033+0000][gc,heap     ] GC(204) Humongous regions: 149->149
[2026-01-16T08:26:37.042+0000][gc,metaspace] GC(204) Metaspace: 14062K(14400K)->14062K(14400K) NonClass: 12454K(12608K)->12454K(12608K) Class: 1607K(1792K)->1607K(1792K)
[2026-01-16T08:26:37.051+0000][gc          ] GC(204) Pause Young (Normal) (G1 Evacuation Pause) 323M->278M(1024M) 219.464ms
[2026-01-16T08:26:37.051+0000][gc,cpu      ] GC(204) User=0.08s Sys=0.03s Real=0.22s
[2026-01-16T08:26:37.377+0000][gc,start    ] GC(205) Pause Young (Normal) (G1 Evacuation Pause)
[2026-01-16T08:26:37.380+0000][gc,task     ] GC(205) Using 8 workers of 8 for evacuation
[2026-01-16T08:26:37.623+0000][gc,mmu      ] GC(205) MMU target violated: 201.0ms (200.0ms/201.0ms)
[2026-01-16T08:26:37.625+0000][gc,phases   ] GC(205)   Pre Evacuate Collection Set: 43.3ms
[2026-01-16T08:26:37.632+0000][gc,phases   ] GC(205)   Merge Heap Roots: 8.1ms
[2026-01-16T08:26:37.635+0000][gc,phases   ] GC(205)   Evacuate Collection Set: 177.7ms
[2026-01-16T08:26:37.643+0000][gc,phases   ] GC(205)   Post Evacuate Collection Set: 7.7ms
[2026-01-16T08:26:37.644+0000][gc,phases   ] GC(205)   Other: 7.9ms
[2026-01-16T08:26:37.645+0000][gc,heap     ] GC(205) Eden regions: 46->0(47)
[2026-01-16T08:26:37.646+0000][gc,heap     ] GC(205) Survivor regions: 5->4(7)
[2026-01-16T08:26:37.647+0000][gc,heap     ] GC(205) Old regions: 125->127
[2026-01-16T08:26:37.653+0000][gc,heap     ] GC(205) Humongous regions: 149->149
[2026-01-16T08:26:37.653+0000][gc,metaspace] GC(205) Metaspace: 14062K(14400K)->14062K(14400K) NonClass: 12454K(12608K)->12454K(12608K) Class: 1607K(1792K)->1607K(1792K)
[2026-01-16T08:26:37.655+0000][gc          ] GC(205) Pause Young (Normal) (G1 Evacuation Pause) 324M->279M(1024M) 277.677ms
[2026-01-16T08:26:37.662+0000][gc,cpu      ] GC(205) User=0.08s Sys=0.03s Real=0.29s
[2026-01-16T08:26:38.501+0000][gc,start    ] GC(206) Pause Young (Normal) (G1 Evacuation Pause)
[2026-01-16T08:26:38.502+0000][gc,task     ] GC(206) Using 8 workers of 8 for evacuation
[2026-01-16T08:26:38.730+0000][gc,mmu      ] GC(206) MMU target violated: 201.0ms (200.0ms/201.0ms)
[2026-01-16T08:26:38.730+0000][gc,phases   ] GC(206)   Pre Evacuate Collection Set: 34.0ms
[2026-01-16T08:26:38.731+0000][gc,phases   ] GC(206)   Merge Heap Roots: 17.9ms
[2026-01-16T08:26:38.732+0000][gc,phases   ] GC(206)   Evacuate Collection Set: 170.6ms
[2026-01-16T08:26:38.734+0000][gc,phases   ] GC(206)   Post Evacuate Collection Set: 3.7ms
[2026-01-16T08:26:38.735+0000][gc,phases   ] GC(206)   Other: 1.9ms
[2026-01-16T08:26:38.736+0000][gc,heap     ] GC(206) Eden regions: 47->0(46)
[2026-01-16T08:26:38.737+0000][gc,heap     ] GC(206) Survivor regions: 4->5(7)
[2026-01-16T08:26:38.738+0000][gc,heap     ] GC(206) Old regions: 127->127
[2026-01-16T08:26:38.740+0000][gc,heap     ] GC(206) Humongous regions: 149->149
[2026-01-16T08:26:38.741+0000][gc,metaspace] GC(206) Metaspace: 14062K(14400K)->14062K(14400K) NonClass: 12454K(12608K)->12454K(12608K) Class: 1607K(1792K)->1607K(1792K)
[2026-01-16T08:26:38.742+0000][gc          ] GC(206) Pause Young (Normal) (G1 Evacuation Pause) 326M->279M(1024M) 240.392ms
[2026-01-16T08:26:38.742+0000][gc,cpu      ] GC(206) User=0.12s Sys=0.02s Real=0.25s
[2026-01-16T08:26:39.713+0000][gc,start    ] GC(207) Pause Young (Normal) (GCLocker Initiated GC)
[2026-01-16T08:26:39.714+0000][gc,task     ] GC(207) Using 8 workers of 8 for evacuation
[2026-01-16T08:26:39.870+0000][gc,phases   ] GC(207)   Pre Evacuate Collection Set: 6.9ms
[2026-01-16T08:26:39.872+0000][gc,phases   ] GC(207)   Merge Heap Roots: 0.4ms
[2026-01-16T08:26:39.874+0000][gc,phases   ] GC(207)   Evacuate Collection Set: 128.9ms
[2026-01-16T08:26:39.875+0000][gc,phases   ] GC(207)   Post Evacuate Collection Set: 16.3ms
[2026-01-16T08:26:39.876+0000][gc,phases   ] GC(207)   Other: 4.0ms
[2026-01-16T08:26:39.876+0000][gc,heap     ] GC(207) Eden regions: 48->0(59)
[2026-01-16T08:26:39.878+0000][gc,heap     ] GC(207) Survivor regions: 5->4(7)
[2026-01-16T08:26:39.878+0000][gc,heap     ] GC(207) Old regions: 127->128
[2026-01-16T08:26:39.878+0000][gc,heap     ] GC(207) Humongous regions: 149->149
[2026-01-16T08:26:39.879+0000][gc,metaspace] GC(207) Metaspace: 14062K(14400K)->14062K(14400K) NonClass: 12454K(12608K)->12454K(12608K) Class: 1607K(1792K)->1607K(1792K)
[2026-01-16T08:26:39.879+0000][gc          ] GC(207) Pause Young (Normal) (GCLocker Initiated GC) 327M->280M(1024M) 166.057ms
[2026-01-16T08:26:39.882+0000][gc,cpu      ] GC(207) User=0.11s Sys=0.05s Real=0.16s
[2026-01-16T08:26:41.168+0000][gc,start    ] GC(208) Pause Young (Normal) (G1 Evacuation Pause)
[2026-01-16T08:26:41.173+0000][gc,task     ] GC(208) Using 8 workers of 8 for evacuation
[2026-01-16T08:26:41.538+0000][gc,mmu      ] GC(208) MMU target violated: 201.0ms (200.0ms/201.0ms)
[2026-01-16T08:26:41.538+0000][gc,phases   ] GC(208)   Pre Evacuate Collection Set: 21.7ms
[2026-01-16T08:26:41.539+0000][gc,phases   ] GC(208)   Merge Heap Roots: 0.4ms
[2026-01-16T08:26:41.539+0000][gc,phases   ] GC(208)   Evacuate Collection Set: 331.9ms
[2026-01-16T08:26:41.541+0000][gc,phases   ] GC(208)   Post Evacuate Collection Set: 9.7ms
[2026-01-16T08:26:41.541+0000][gc,phases   ] GC(208)   Other: 1.4ms
[2026-01-16T08:26:41.541+0000][gc,heap     ] GC(208) Eden regions: 68->0(46)
[2026-01-16T08:26:41.542+0000][gc,heap     ] GC(208) Survivor regions: 4->5(9)
[2026-01-16T08:26:41.543+0000][gc,heap     ] GC(208) Old regions: 128->128
[2026-01-16T08:26:41.543+0000][gc,heap     ] GC(208) Humongous regions: 149->149
[2026-01-16T08:26:41.544+0000][gc,metaspace] GC(208) Metaspace: 14062K(14400K)->14062K(14400K) NonClass: 12454K(12608K)->12454K(12608K) Class: 1607K(1792K)->1607K(1792K)
[2026-01-16T08:26:41.546+0000][gc          ] GC(208) Pause Young (Normal) (G1 Evacuation Pause) 348M->281M(1024M) 377.926ms
[2026-01-16T08:26:41.546+0000][gc,cpu      ] GC(208) User=0.20s Sys=0.02s Real=0.38s
[2026-01-16T08:26:42.581+0000][gc,start    ] GC(209) Pause Young (Normal) (G1 Evacuation Pause)
[2026-01-16T08:26:42.604+0000][gc,task     ] GC(209) Using 8 workers of 8 for evacuation
[2026-01-16T08:26:42.757+0000][gc,phases   ] GC(209)   Pre Evacuate Collection Set: 10.3ms
[2026-01-16T08:26:42.758+0000][gc,phases   ] GC(209)   Merge Heap Roots: 8.9ms
[2026-01-16T08:26:42.762+0000][gc,phases   ] GC(209)   Evacuate Collection Set: 124.9ms
[2026-01-16T08:26:42.763+0000][gc,phases   ] GC(209)   Post Evacuate Collection Set: 7.5ms
[2026-01-16T08:26:42.763+0000][gc,phases   ] GC(209)   Other: 0.7ms
[2026-01-16T08:26:42.766+0000][gc,heap     ] GC(209) Eden regions: 46->0(47)
[2026-01-16T08:26:42.768+0000][gc,heap     ] GC(209) Survivor regions: 5->4(7)
[2026-01-16T08:26:42.768+0000][gc,heap     ] GC(209) Old regions: 128->130
[2026-01-16T08:26:42.768+0000][gc,heap     ] GC(209) Humongous regions: 149->149
[2026-01-16T08:26:42.768+0000][gc,metaspace] GC(209) Metaspace: 14074K(14400K)->14074K(14400K) NonClass: 12466K(12608K)->12466K(12608K) Class: 1607K(1792K)->1607K(1792K)
[2026-01-16T08:26:42.770+0000][gc          ] GC(209) Pause Young (Normal) (G1 Evacuation Pause) 327M->281M(1024M) 188.547ms
[2026-01-16T08:26:42.770+0000][gc,cpu      ] GC(209) User=0.12s Sys=0.01s Real=0.19s
[2026-01-16T08:26:43.519+0000][gc,start    ] GC(210) Pause Young (Normal) (G1 Evacuation Pause)
[2026-01-16T08:26:43.527+0000][gc,task     ] GC(210) Using 8 workers of 8 for evacuation
[2026-01-16T08:26:43.690+0000][gc,phases   ] GC(210)   Pre Evacuate Collection Set: 1.3ms
[2026-01-16T08:26:43.691+0000][gc,phases   ] GC(210)   Merge Heap Roots: 0.4ms
[2026-01-16T08:26:43.692+0000][gc,phases   ] GC(210)   Evacuate Collection Set: 150.0ms
[2026-01-16T08:26:43.693+0000][gc,phases   ] GC(210)   Post Evacuate Collection Set: 7.6ms
[2026-01-16T08:26:43.693+0000][gc,phases   ] GC(210)   Other: 3.4ms
[2026-01-16T08:26:43.693+0000][gc,heap     ] GC(210) Eden regions: 47->0(46)
[2026-01-16T08:26:43.694+0000][gc,heap     ] GC(210) Survivor regions: 4->5(7)
[2026-01-16T08:26:43.694+0000][gc,heap     ] GC(210) Old regions: 130->130
[2026-01-16T08:26:43.695+0000][gc,heap     ] GC(210) Humongous regions: 149->149
[2026-01-16T08:26:43.695+0000][gc,metaspace] GC(210) Metaspace: 14078K(14400K)->14078K(14400K) NonClass: 12470K(12608K)->12470K(12608K) Class: 1607K(1792K)->1607K(1792K)
[2026-01-16T08:26:43.696+0000][gc          ] GC(210) Pause Young (Normal) (G1 Evacuation Pause) 328M->282M(1024M) 176.642ms
[2026-01-16T08:26:43.696+0000][gc,cpu      ] GC(210) User=0.10s Sys=0.01s Real=0.18s
[2026-01-16T08:26:44.142+0000][gc,start    ] GC(211) Pause Young (Normal) (GCLocker Initiated GC)
[2026-01-16T08:26:44.144+0000][gc,task     ] GC(211) Using 8 workers of 8 for evacuation
[2026-01-16T08:26:44.218+0000][gc,phases   ] GC(211)   Pre Evacuate Collection Set: 8.7ms
[2026-01-16T08:26:44.219+0000][gc,phases   ] GC(211)   Merge Heap Roots: 0.3ms
[2026-01-16T08:26:44.219+0000][gc,phases   ] GC(211)   Evacuate Collection Set: 61.1ms
[2026-01-16T08:26:44.219+0000][gc,phases   ] GC(211)   Post Evacuate Collection Set: 3.8ms
[2026-01-16T08:26:44.220+0000][gc,phases   ] GC(211)   Other: 1.0ms
[2026-01-16T08:26:44.221+0000][gc,heap     ] GC(211) Eden regions: 47->0(74)
[2026-01-16T08:26:44.221+0000][gc,heap     ] GC(211) Survivor regions: 5->5(7)
[2026-01-16T08:26:44.223+0000][gc,heap     ] GC(211) Old regions: 130->131
[2026-01-16T08:26:44.223+0000][gc,heap     ] GC(211) Humongous regions: 149->149
[2026-01-16T08:26:44.223+0000][gc,metaspace] GC(211) Metaspace: 14081K(14400K)->14081K(14400K) NonClass: 12473K(12608K)->12473K(12608K) Class: 1607K(1792K)->1607K(1792K)
[2026-01-16T08:26:44.224+0000][gc          ] GC(211) Pause Young (Normal) (GCLocker Initiated GC) 329M->283M(1024M) 81.242ms
[2026-01-16T08:26:44.224+0000][gc,cpu      ] GC(211) User=0.08s Sys=0.01s Real=0.08s
[2026-01-16T08:26:44.941+0000][gc,start    ] GC(212) Pause Young (Normal) (G1 Evacuation Pause)
[2026-01-16T08:26:44.944+0000][gc,task     ] GC(212) Using 8 workers of 8 for evacuation
[2026-01-16T08:26:44.992+0000][gc,phases   ] GC(212)   Pre Evacuate Collection Set: 4.2ms
[2026-01-16T08:26:44.993+0000][gc,phases   ] GC(212)   Merge Heap Roots: 1.5ms
[2026-01-16T08:26:44.993+0000][gc,phases   ] GC(212)   Evacuate Collection Set: 37.4ms
[2026-01-16T08:26:44.994+0000][gc,phases   ] GC(212)   Post Evacuate Collection Set: 1.9ms
[2026-01-16T08:26:44.994+0000][gc,phases   ] GC(212)   Other: 2.7ms
[2026-01-16T08:26:44.995+0000][gc,heap     ] GC(212) Eden regions: 70->0(99)
[2026-01-16T08:26:44.995+0000][gc,heap     ] GC(212) Survivor regions: 5->6(10)
[2026-01-16T08:26:44.996+0000][gc,heap     ] GC(212) Old regions: 131->131
[2026-01-16T08:26:44.996+0000][gc,heap     ] GC(212) Humongous regions: 149->149
[2026-01-16T08:26:44.996+0000][gc,metaspace] GC(212) Metaspace: 14081K(14400K)->14081K(14400K) NonClass: 12473K(12608K)->12473K(12608K) Class: 1607K(1792K)->1607K(1792K)
[2026-01-16T08:26:44.997+0000][gc          ] GC(212) Pause Young (Normal) (G1 Evacuation Pause) 353M->284M(1024M) 55.736ms
[2026-01-16T08:26:44.998+0000][gc,cpu      ] GC(212) User=0.07s Sys=0.00s Real=0.06s
[2026-01-16T08:26:47.490+0000][gc,start    ] GC(213) Pause Young (Normal) (G1 Evacuation Pause)
[2026-01-16T08:26:47.494+0000][gc,task     ] GC(213) Using 8 workers of 8 for evacuation
[2026-01-16T08:26:48.215+0000][gc,mmu      ] GC(213) MMU target violated: 201.0ms (200.0ms/201.0ms)
[2026-01-16T08:26:48.221+0000][gc,phases   ] GC(213)   Pre Evacuate Collection Set: 12.9ms
[2026-01-16T08:26:48.223+0000][gc,phases   ] GC(213)   Merge Heap Roots: 7.0ms
[2026-01-16T08:26:48.227+0000][gc,phases   ] GC(213)   Evacuate Collection Set: 641.2ms
[2026-01-16T08:26:48.230+0000][gc,phases   ] GC(213)   Post Evacuate Collection Set: 24.4ms
[2026-01-16T08:26:48.231+0000][gc,phases   ] GC(213)   Other: 41.8ms
[2026-01-16T08:26:48.232+0000][gc,heap     ] GC(213) Eden regions: 100->0(44)
[2026-01-16T08:26:48.234+0000][gc,heap     ] GC(213) Survivor regions: 6->7(14)
[2026-01-16T08:26:48.234+0000][gc,heap     ] GC(213) Old regions: 131->131
[2026-01-16T08:26:48.234+0000][gc,heap     ] GC(213) Humongous regions: 149->149
[2026-01-16T08:26:48.235+0000][gc,metaspace] GC(213) Metaspace: 14084K(14464K)->14084K(14464K) NonClass: 12476K(12672K)->12476K(12672K) Class: 1607K(1792K)->1607K(1792K)
[2026-01-16T08:26:48.236+0000][gc          ] GC(213) Pause Young (Normal) (G1 Evacuation Pause) 384M->286M(1024M) 745.285ms
[2026-01-16T08:26:48.236+0000][gc,cpu      ] GC(213) User=0.39s Sys=0.04s Real=0.75s
[2026-01-16T08:26:49.508+0000][gc,start    ] GC(214) Pause Young (Normal) (G1 Evacuation Pause)
[2026-01-16T08:26:49.509+0000][gc,task     ] GC(214) Using 8 workers of 8 for evacuation
[2026-01-16T08:26:49.634+0000][gc,phases   ] GC(214)   Pre Evacuate Collection Set: 8.9ms
[2026-01-16T08:26:49.638+0000][gc,phases   ] GC(214)   Merge Heap Roots: 0.9ms
[2026-01-16T08:26:49.639+0000][gc,phases   ] GC(214)   Evacuate Collection Set: 111.6ms
[2026-01-16T08:26:49.639+0000][gc,phases   ] GC(214)   Post Evacuate Collection Set: 3.2ms
[2026-01-16T08:26:49.639+0000][gc,phases   ] GC(214)   Other: 0.8ms
[2026-01-16T08:26:49.639+0000][gc,heap     ] GC(214) Eden regions: 44->0(47)
[2026-01-16T08:26:49.639+0000][gc,heap     ] GC(214) Survivor regions: 7->4(7)
[2026-01-16T08:26:49.639+0000][gc,heap     ] GC(214) Old regions: 131->134
[2026-01-16T08:26:49.639+0000][gc,heap     ] GC(214) Humongous regions: 149->149
[2026-01-16T08:26:49.639+0000][gc,metaspace] GC(214) Metaspace: 14084K(14464K)->14084K(14464K) NonClass: 12476K(12672K)->12476K(12672K) Class: 1607K(1792K)->1607K(1792K)
[2026-01-16T08:26:49.640+0000][gc          ] GC(214) Pause Young (Normal) (G1 Evacuation Pause) 330M->286M(1024M) 131.482ms
[2026-01-16T08:26:49.640+0000][gc,cpu      ] GC(214) User=0.11s Sys=0.04s Real=0.13s
[2026-01-16T08:26:50.125+0000][gc,start    ] GC(215) Pause Young (Normal) (G1 Evacuation Pause)
[2026-01-16T08:26:50.126+0000][gc,task     ] GC(215) Using 8 workers of 8 for evacuation
[2026-01-16T08:26:50.215+0000][gc,phases   ] GC(215)   Pre Evacuate Collection Set: 2.6ms
[2026-01-16T08:26:50.216+0000][gc,phases   ] GC(215)   Merge Heap Roots: 0.2ms
[2026-01-16T08:26:50.219+0000][gc,phases   ] GC(215)   Evacuate Collection Set: 83.9ms
[2026-01-16T08:26:50.220+0000][gc,phases   ] GC(215)   Post Evacuate Collection Set: 1.8ms
[2026-01-16T08:26:50.226+0000][gc,phases   ] GC(215)   Other: 0.8ms
[2026-01-16T08:26:50.228+0000][gc,heap     ] GC(215) Eden regions: 47->0(47)
[2026-01-16T08:26:50.234+0000][gc,heap     ] GC(215) Survivor regions: 4->4(7)
[2026-01-16T08:26:50.240+0000][gc,heap     ] GC(215) Old regions: 134->135
[2026-01-16T08:26:50.245+0000][gc,heap     ] GC(215) Humongous regions: 149->149
[2026-01-16T08:26:50.249+0000][gc,metaspace] GC(215) Metaspace: 14084K(14464K)->14084K(14464K) NonClass: 12476K(12672K)->12476K(12672K) Class: 1607K(1792K)->1607K(1792K)
[2026-01-16T08:26:50.255+0000][gc          ] GC(215) Pause Young (Normal) (G1 Evacuation Pause) 333M->287M(1024M) 129.903ms
[2026-01-16T08:26:50.258+0000][gc,cpu      ] GC(215) User=0.08s Sys=0.01s Real=0.13s
[2026-01-16T08:26:51.380+0000][gc,start    ] GC(216) Pause Young (Normal) (GCLocker Initiated GC)
[2026-01-16T08:26:51.400+0000][gc,task     ] GC(216) Using 8 workers of 8 for evacuation
[2026-01-16T08:26:51.668+0000][gc,mmu      ] GC(216) MMU target violated: 201.0ms (200.0ms/201.0ms)
[2026-01-16T08:26:51.681+0000][gc,phases   ] GC(216)   Pre Evacuate Collection Set: 19.2ms
[2026-01-16T08:26:51.682+0000][gc,phases   ] GC(216)   Merge Heap Roots: 12.8ms
[2026-01-16T08:26:51.683+0000][gc,phases   ] GC(216)   Evacuate Collection Set: 231.0ms
[2026-01-16T08:26:51.683+0000][gc,phases   ] GC(216)   Post Evacuate Collection Set: 3.7ms
[2026-01-16T08:26:51.683+0000][gc,phases   ] GC(216)   Other: 14.4ms
[2026-01-16T08:26:51.683+0000][gc,heap     ] GC(216) Eden regions: 48->0(47)
[2026-01-16T08:26:51.684+0000][gc,heap     ] GC(216) Survivor regions: 4->4(7)
[2026-01-16T08:26:51.684+0000][gc,heap     ] GC(216) Old regions: 135->136
[2026-01-16T08:26:51.686+0000][gc,heap     ] GC(216) Humongous regions: 149->149
[2026-01-16T08:26:51.687+0000][gc,metaspace] GC(216) Metaspace: 14084K(14464K)->14084K(14464K) NonClass: 12476K(12672K)->12476K(12672K) Class: 1607K(1792K)->1607K(1792K)
[2026-01-16T08:26:51.687+0000][gc          ] GC(216) Pause Young (Normal) (GCLocker Initiated GC) 334M->288M(1024M) 306.315ms
[2026-01-16T08:26:51.687+0000][gc,cpu      ] GC(216) User=0.13s Sys=0.07s Real=0.31s
[2026-01-16T08:26:53.013+0000][gc,start    ] GC(217) Pause Young (Normal) (G1 Evacuation Pause)
[2026-01-16T08:26:53.016+0000][gc,task     ] GC(217) Using 8 workers of 8 for evacuation
[2026-01-16T08:26:53.251+0000][gc,mmu      ] GC(217) MMU target violated: 201.0ms (200.0ms/201.0ms)
[2026-01-16T08:26:53.258+0000][gc,phases   ] GC(217)   Pre Evacuate Collection Set: 2.2ms
[2026-01-16T08:26:53.259+0000][gc,phases   ] GC(217)   Merge Heap Roots: 2.0ms
[2026-01-16T08:26:53.262+0000][gc,phases   ] GC(217)   Evacuate Collection Set: 223.4ms
[2026-01-16T08:26:53.267+0000][gc,phases   ] GC(217)   Post Evacuate Collection Set: 8.1ms
[2026-01-16T08:26:53.268+0000][gc,phases   ] GC(217)   Other: 7.3ms
[2026-01-16T08:26:53.268+0000][gc,heap     ] GC(217) Eden regions: 47->0(46)
[2026-01-16T08:26:53.268+0000][gc,heap     ] GC(217) Survivor regions: 4->5(7)
[2026-01-16T08:26:53.271+0000][gc,heap     ] GC(217) Old regions: 136->136
[2026-01-16T08:26:53.273+0000][gc,heap     ] GC(217) Humongous regions: 149->149
[2026-01-16T08:26:53.277+0000][gc,metaspace] GC(217) Metaspace: 14084K(14464K)->14084K(14464K) NonClass: 12476K(12672K)->12476K(12672K) Class: 1607K(1792K)->1607K(1792K)
[2026-01-16T08:26:53.277+0000][gc          ] GC(217) Pause Young (Normal) (G1 Evacuation Pause) 335M->288M(1024M) 264.696ms
[2026-01-16T08:26:53.278+0000][gc,cpu      ] GC(217) User=0.15s Sys=0.01s Real=0.26s
[2026-01-16T08:26:54.695+0000][gc,start    ] GC(218) Pause Young (Normal) (G1 Evacuation Pause)
[2026-01-16T08:26:54.699+0000][gc,task     ] GC(218) Using 8 workers of 8 for evacuation
[2026-01-16T08:26:55.381+0000][gc,mmu      ] GC(218) MMU target violated: 201.0ms (200.0ms/201.0ms)
[2026-01-16T08:26:55.383+0000][gc,phases   ] GC(218)   Pre Evacuate Collection Set: 2.2ms
[2026-01-16T08:26:55.391+0000][gc,phases   ] GC(218)   Merge Heap Roots: 0.6ms
[2026-01-16T08:26:55.393+0000][gc,phases   ] GC(218)   Evacuate Collection Set: 673.8ms
[2026-01-16T08:26:55.394+0000][gc,phases   ] GC(218)   Post Evacuate Collection Set: 3.4ms
[2026-01-16T08:26:55.394+0000][gc,phases   ] GC(218)   Other: 4.2ms
[2026-01-16T08:26:55.395+0000][gc,heap     ] GC(218) Eden regions: 46->0(47)
[2026-01-16T08:26:55.396+0000][gc,heap     ] GC(218) Survivor regions: 5->4(7)
[2026-01-16T08:26:55.396+0000][gc,heap     ] GC(218) Old regions: 136->138
[2026-01-16T08:26:55.396+0000][gc,heap     ] GC(218) Humongous regions: 149->149
[2026-01-16T08:26:55.396+0000][gc,metaspace] GC(218) Metaspace: 14084K(14464K)->14084K(14464K) NonClass: 12476K(12672K)->12476K(12672K) Class: 1607K(1792K)->1607K(1792K)
[2026-01-16T08:26:55.397+0000][gc          ] GC(218) Pause Young (Normal) (G1 Evacuation Pause) 334M->289M(1024M) 701.598ms
[2026-01-16T08:26:55.398+0000][gc,cpu      ] GC(218) User=0.13s Sys=0.01s Real=0.70s
[2026-01-16T08:26:57.549+0000][gc,start    ] GC(219) Pause Young (Normal) (G1 Evacuation Pause)
[2026-01-16T08:26:57.552+0000][gc,task     ] GC(219) Using 8 workers of 8 for evacuation
[2026-01-16T08:26:58.255+0000][gc,mmu      ] GC(219) MMU target violated: 201.0ms (200.0ms/201.0ms)
[2026-01-16T08:26:58.258+0000][gc,phases   ] GC(219)   Pre Evacuate Collection Set: 25.6ms
[2026-01-16T08:26:58.274+0000][gc,phases   ] GC(219)   Merge Heap Roots: 11.7ms
[2026-01-16T08:26:58.274+0000][gc,phases   ] GC(219)   Evacuate Collection Set: 586.3ms
[2026-01-16T08:26:58.275+0000][gc,phases   ] GC(219)   Post Evacuate Collection Set: 72.2ms
[2026-01-16T08:26:58.275+0000][gc,phases   ] GC(219)   Other: 11.2ms
[2026-01-16T08:26:58.275+0000][gc,heap     ] GC(219) Eden regions: 47->0(46)
[2026-01-16T08:26:58.275+0000][gc,heap     ] GC(219) Survivor regions: 4->5(7)
[2026-01-16T08:26:58.275+0000][gc,heap     ] GC(219) Old regions: 138->138
[2026-01-16T08:26:58.275+0000][gc,heap     ] GC(219) Humongous regions: 149->149
[2026-01-16T08:26:58.275+0000][gc,metaspace] GC(219) Metaspace: 14086K(14464K)->14086K(14464K) NonClass: 12478K(12672K)->12478K(12672K) Class: 1607K(1792K)->1607K(1792K)
[2026-01-16T08:26:58.275+0000][gc          ] GC(219) Pause Young (Normal) (G1 Evacuation Pause) 336M->290M(1024M) 725.752ms
[2026-01-16T08:26:58.275+0000][gc,cpu      ] GC(219) User=0.11s Sys=0.01s Real=0.73s
[2026-01-16T08:27:01.549+0000][gc,start    ] GC(220) Pause Young (Normal) (G1 Evacuation Pause)
[2026-01-16T08:27:01.555+0000][gc,task     ] GC(220) Using 8 workers of 8 for evacuation
[2026-01-16T08:27:01.903+0000][gc,mmu      ] GC(220) MMU target violated: 201.0ms (200.0ms/201.0ms)
[2026-01-16T08:27:01.905+0000][gc,phases   ] GC(220)   Pre Evacuate Collection Set: 27.0ms
[2026-01-16T08:27:01.907+0000][gc,phases   ] GC(220)   Merge Heap Roots: 0.9ms
[2026-01-16T08:27:01.907+0000][gc,phases   ] GC(220)   Evacuate Collection Set: 299.6ms
[2026-01-16T08:27:01.908+0000][gc,phases   ] GC(220)   Post Evacuate Collection Set: 11.5ms
[2026-01-16T08:27:01.908+0000][gc,phases   ] GC(220)   Other: 4.3ms
[2026-01-16T08:27:01.909+0000][gc,heap     ] GC(220) Eden regions: 46->0(46)
[2026-01-16T08:27:01.909+0000][gc,heap     ] GC(220) Survivor regions: 5->5(7)
[2026-01-16T08:27:01.910+0000][gc,heap     ] GC(220) Old regions: 138->138
[2026-01-16T08:27:01.911+0000][gc,heap     ] GC(220) Humongous regions: 149->149
[2026-01-16T08:27:01.911+0000][gc,metaspace] GC(220) Metaspace: 14086K(14464K)->14086K(14464K) NonClass: 12478K(12672K)->12478K(12672K) Class: 1607K(1792K)->1607K(1792K)
[2026-01-16T08:27:01.912+0000][gc          ] GC(220) Pause Young (Normal) (G1 Evacuation Pause) 336M->291M(1024M) 354.897ms
[2026-01-16T08:27:01.913+0000][gc,cpu      ] GC(220) User=0.21s Sys=0.01s Real=0.36s
[2026-01-16T08:27:03.393+0000][gc,start    ] GC(221) Pause Young (Normal) (G1 Evacuation Pause)
[2026-01-16T08:27:03.394+0000][gc,task     ] GC(221) Using 8 workers of 8 for evacuation
[2026-01-16T08:27:03.519+0000][gc,phases   ] GC(221)   Pre Evacuate Collection Set: 11.4ms
[2026-01-16T08:27:03.519+0000][gc,phases   ] GC(221)   Merge Heap Roots: 0.7ms
[2026-01-16T08:27:03.520+0000][gc,phases   ] GC(221)   Evacuate Collection Set: 104.6ms
[2026-01-16T08:27:03.520+0000][gc,phases   ] GC(221)   Post Evacuate Collection Set: 5.2ms
[2026-01-16T08:27:03.521+0000][gc,phases   ] GC(221)   Other: 2.7ms
[2026-01-16T08:27:03.521+0000][gc,heap     ] GC(221) Eden regions: 46->0(46)
[2026-01-16T08:27:03.523+0000][gc,heap     ] GC(221) Survivor regions: 5->5(7)
[2026-01-16T08:27:03.525+0000][gc,heap     ] GC(221) Old regions: 138->139
[2026-01-16T08:27:03.527+0000][gc,heap     ] GC(221) Humongous regions: 149->149
[2026-01-16T08:27:03.530+0000][gc,metaspace] GC(221) Metaspace: 14086K(14464K)->14086K(14464K) NonClass: 12478K(12672K)->12478K(12672K) Class: 1607K(1792K)->1607K(1792K)
[2026-01-16T08:27:03.531+0000][gc          ] GC(221) Pause Young (Normal) (G1 Evacuation Pause) 337M->292M(1024M) 138.017ms
[2026-01-16T08:27:03.532+0000][gc,cpu      ] GC(221) User=0.09s Sys=0.00s Real=0.14s
[2026-01-16T08:27:05.228+0000][gc,start    ] GC(222) Pause Young (Normal) (G1 Evacuation Pause)
[2026-01-16T08:27:05.235+0000][gc,task     ] GC(222) Using 8 workers of 8 for evacuation
[2026-01-16T08:27:05.414+0000][gc,phases   ] GC(222)   Pre Evacuate Collection Set: 36.4ms
[2026-01-16T08:27:05.414+0000][gc,phases   ] GC(222)   Merge Heap Roots: 3.7ms
[2026-01-16T08:27:05.415+0000][gc,phases   ] GC(222)   Evacuate Collection Set: 132.8ms
[2026-01-16T08:27:05.416+0000][gc,phases   ] GC(222)   Post Evacuate Collection Set: 5.2ms
[2026-01-16T08:27:05.418+0000][gc,phases   ] GC(222)   Other: 1.1ms
[2026-01-16T08:27:05.419+0000][gc,heap     ] GC(222) Eden regions: 46->0(46)
[2026-01-16T08:27:05.419+0000][gc,heap     ] GC(222) Survivor regions: 5->5(7)
[2026-01-16T08:27:05.425+0000][gc,heap     ] GC(222) Old regions: 139->140
[2026-01-16T08:27:05.426+0000][gc,heap     ] GC(222) Humongous regions: 149->149
[2026-01-16T08:27:05.427+0000][gc,metaspace] GC(222) Metaspace: 14086K(14464K)->14086K(14464K) NonClass: 12478K(12672K)->12478K(12672K) Class: 1607K(1792K)->1607K(1792K)
[2026-01-16T08:27:05.427+0000][gc          ] GC(222) Pause Young (Normal) (G1 Evacuation Pause) 338M->293M(1024M) 199.129ms
[2026-01-16T08:27:05.428+0000][gc,cpu      ] GC(222) User=0.14s Sys=0.02s Real=0.20s
[2026-01-16T08:27:06.384+0000][gc,start    ] GC(223) Pause Young (Normal) (G1 Evacuation Pause)
[2026-01-16T08:27:06.387+0000][gc,task     ] GC(223) Using 8 workers of 8 for evacuation
[2026-01-16T08:27:06.558+0000][gc,phases   ] GC(223)   Pre Evacuate Collection Set: 10.9ms
[2026-01-16T08:27:06.559+0000][gc,phases   ] GC(223)   Merge Heap Roots: 2.6ms
[2026-01-16T08:27:06.560+0000][gc,phases   ] GC(223)   Evacuate Collection Set: 141.2ms
[2026-01-16T08:27:06.560+0000][gc,phases   ] GC(223)   Post Evacuate Collection Set: 14.6ms
[2026-01-16T08:27:06.560+0000][gc,phases   ] GC(223)   Other: 1.6ms
[2026-01-16T08:27:06.561+0000][gc,heap     ] GC(223) Eden regions: 46->0(47)
[2026-01-16T08:27:06.561+0000][gc,heap     ] GC(223) Survivor regions: 5->4(7)
[2026-01-16T08:27:06.561+0000][gc,heap     ] GC(223) Old regions: 140->141
[2026-01-16T08:27:06.561+0000][gc,heap     ] GC(223) Humongous regions: 149->149
[2026-01-16T08:27:06.561+0000][gc,metaspace] GC(223) Metaspace: 14090K(14464K)->14090K(14464K) NonClass: 12482K(12672K)->12482K(12672K) Class: 1607K(1792K)->1607K(1792K)
[2026-01-16T08:27:06.561+0000][gc          ] GC(223) Pause Young (Normal) (G1 Evacuation Pause) 339M->293M(1024M) 177.368ms
[2026-01-16T08:27:06.561+0000][gc,cpu      ] GC(223) User=0.08s Sys=0.03s Real=0.18s
[2026-01-16T08:27:07.980+0000][gc,start    ] GC(224) Pause Young (Normal) (G1 Evacuation Pause)
[2026-01-16T08:27:07.980+0000][gc,task     ] GC(224) Using 8 workers of 8 for evacuation
[2026-01-16T08:27:08.210+0000][gc,mmu      ] GC(224) MMU target violated: 201.0ms (200.0ms/201.0ms)
[2026-01-16T08:27:08.214+0000][gc,phases   ] GC(224)   Pre Evacuate Collection Set: 9.8ms
[2026-01-16T08:27:08.216+0000][gc,phases   ] GC(224)   Merge Heap Roots: 3.4ms
[2026-01-16T08:27:08.216+0000][gc,phases   ] GC(224)   Evacuate Collection Set: 199.8ms
[2026-01-16T08:27:08.217+0000][gc,phases   ] GC(224)   Post Evacuate Collection Set: 15.0ms
[2026-01-16T08:27:08.219+0000][gc,phases   ] GC(224)   Other: 5.5ms
[2026-01-16T08:27:08.219+0000][gc,heap     ] GC(224) Eden regions: 47->0(46)
[2026-01-16T08:27:08.220+0000][gc,heap     ] GC(224) Survivor regions: 4->5(7)
[2026-01-16T08:27:08.222+0000][gc,heap     ] GC(224) Old regions: 141->141
[2026-01-16T08:27:08.222+0000][gc,heap     ] GC(224) Humongous regions: 149->149
[2026-01-16T08:27:08.222+0000][gc,metaspace] GC(224) Metaspace: 14090K(14464K)->14090K(14464K) NonClass: 12482K(12672K)->12482K(12672K) Class: 1607K(1792K)->1607K(1792K)
[2026-01-16T08:27:08.224+0000][gc          ] GC(224) Pause Young (Normal) (G1 Evacuation Pause) 340M->294M(1024M) 244.126ms
[2026-01-16T08:27:08.224+0000][gc,cpu      ] GC(224) User=0.13s Sys=0.00s Real=0.25s
[2026-01-16T08:27:08.952+0000][gc,start    ] GC(225) Pause Young (Normal) (G1 Evacuation Pause)
[2026-01-16T08:27:08.953+0000][gc,task     ] GC(225) Using 8 workers of 8 for evacuation
[2026-01-16T08:27:09.039+0000][gc,phases   ] GC(225)   Pre Evacuate Collection Set: 4.1ms
[2026-01-16T08:27:09.041+0000][gc,phases   ] GC(225)   Merge Heap Roots: 1.3ms
[2026-01-16T08:27:09.041+0000][gc,phases   ] GC(225)   Evacuate Collection Set: 72.8ms
[2026-01-16T08:27:09.042+0000][gc,phases   ] GC(225)   Post Evacuate Collection Set: 5.6ms
[2026-01-16T08:27:09.049+0000][gc,phases   ] GC(225)   Other: 2.8ms
[2026-01-16T08:27:09.050+0000][gc,heap     ] GC(225) Eden regions: 46->0(46)
[2026-01-16T08:27:09.052+0000][gc,heap     ] GC(225) Survivor regions: 5->5(7)
[2026-01-16T08:27:09.053+0000][gc,heap     ] GC(225) Old regions: 141->142
[2026-01-16T08:27:09.054+0000][gc,heap     ] GC(225) Humongous regions: 149->149
[2026-01-16T08:27:09.056+0000][gc,metaspace] GC(225) Metaspace: 14096K(14464K)->14096K(14464K) NonClass: 12488K(12672K)->12488K(12672K) Class: 1607K(1792K)->1607K(1792K)
[2026-01-16T08:27:09.056+0000][gc          ] GC(225) Pause Young (Normal) (G1 Evacuation Pause) 340M->295M(1024M) 104.288ms
[2026-01-16T08:27:09.057+0000][gc,cpu      ] GC(225) User=0.06s Sys=0.02s Real=0.10s
[2026-01-16T08:27:10.785+0000][gc,start    ] GC(226) Pause Young (Normal) (G1 Evacuation Pause)
[2026-01-16T08:27:10.824+0000][gc,task     ] GC(226) Using 8 workers of 8 for evacuation
[2026-01-16T08:27:11.097+0000][gc,mmu      ] GC(226) MMU target violated: 201.0ms (200.0ms/201.0ms)
[2026-01-16T08:27:11.107+0000][gc,phases   ] GC(226)   Pre Evacuate Collection Set: 15.1ms
[2026-01-16T08:27:11.109+0000][gc,phases   ] GC(226)   Merge Heap Roots: 0.8ms
[2026-01-16T08:27:11.109+0000][gc,phases   ] GC(226)   Evacuate Collection Set: 236.0ms
[2026-01-16T08:27:11.109+0000][gc,phases   ] GC(226)   Post Evacuate Collection Set: 19.3ms
[2026-01-16T08:27:11.110+0000][gc,phases   ] GC(226)   Other: 47.6ms
[2026-01-16T08:27:11.111+0000][gc,heap     ] GC(226) Eden regions: 46->0(46)
[2026-01-16T08:27:11.111+0000][gc,heap     ] GC(226) Survivor regions: 5->5(7)
[2026-01-16T08:27:11.111+0000][gc,heap     ] GC(226) Old regions: 142->143
[2026-01-16T08:27:11.112+0000][gc,heap     ] GC(226) Humongous regions: 149->149
[2026-01-16T08:27:11.112+0000][gc,metaspace] GC(226) Metaspace: 14096K(14464K)->14096K(14464K) NonClass: 12488K(12672K)->12488K(12672K) Class: 1607K(1792K)->1607K(1792K)
[2026-01-16T08:27:11.112+0000][gc          ] GC(226) Pause Young (Normal) (G1 Evacuation Pause) 341M->295M(1024M) 326.774ms
[2026-01-16T08:27:11.112+0000][gc,cpu      ] GC(226) User=0.21s Sys=0.06s Real=0.33s
[2026-01-16T08:27:12.280+0000][gc,start    ] GC(227) Pause Young (Normal) (G1 Evacuation Pause)
[2026-01-16T08:27:12.281+0000][gc,task     ] GC(227) Using 8 workers of 8 for evacuation
[2026-01-16T08:27:13.415+0000][gc,mmu      ] GC(227) MMU target violated: 201.0ms (200.0ms/201.0ms)
[2026-01-16T08:27:13.418+0000][gc,phases   ] GC(227)   Pre Evacuate Collection Set: 3.6ms
[2026-01-16T08:27:13.421+0000][gc,phases   ] GC(227)   Merge Heap Roots: 8.7ms
[2026-01-16T08:27:13.421+0000][gc,phases   ] GC(227)   Evacuate Collection Set: 1102.7ms
[2026-01-16T08:27:13.422+0000][gc,phases   ] GC(227)   Post Evacuate Collection Set: 12.8ms
[2026-01-16T08:27:13.423+0000][gc,phases   ] GC(227)   Other: 8.8ms
[2026-01-16T08:27:13.424+0000][gc,heap     ] GC(227) Eden regions: 46->0(46)
[2026-01-16T08:27:13.425+0000][gc,heap     ] GC(227) Survivor regions: 5->5(7)
[2026-01-16T08:27:13.426+0000][gc,heap     ] GC(227) Old regions: 143->144
[2026-01-16T08:27:13.428+0000][gc,heap     ] GC(227) Humongous regions: 149->149
[2026-01-16T08:27:13.429+0000][gc,metaspace] GC(227) Metaspace: 14096K(14464K)->14096K(14464K) NonClass: 12488K(12672K)->12488K(12672K) Class: 1607K(1792K)->1607K(1792K)
[2026-01-16T08:27:13.432+0000][gc          ] GC(227) Pause Young (Normal) (G1 Evacuation Pause) 341M->296M(1024M) 1151.331ms
[2026-01-16T08:27:13.432+0000][gc,cpu      ] GC(227) User=0.43s Sys=0.04s Real=1.15s
[2026-01-16T08:27:14.788+0000][gc,start    ] GC(228) Pause Young (Normal) (G1 Evacuation Pause)
[2026-01-16T08:27:14.790+0000][gc,task     ] GC(228) Using 8 workers of 8 for evacuation
[2026-01-16T08:27:14.953+0000][gc,phases   ] GC(228)   Pre Evacuate Collection Set: 3.5ms
[2026-01-16T08:27:14.956+0000][gc,phases   ] GC(228)   Merge Heap Roots: 3.6ms
[2026-01-16T08:27:14.956+0000][gc,phases   ] GC(228)   Evacuate Collection Set: 151.2ms
[2026-01-16T08:27:14.957+0000][gc,phases   ] GC(228)   Post Evacuate Collection Set: 3.9ms
[2026-01-16T08:27:14.958+0000][gc,phases   ] GC(228)   Other: 0.9ms
[2026-01-16T08:27:14.958+0000][gc,heap     ] GC(228) Eden regions: 46->0(47)
[2026-01-16T08:27:14.958+0000][gc,heap     ] GC(228) Survivor regions: 5->4(7)
[2026-01-16T08:27:14.959+0000][gc,heap     ] GC(228) Old regions: 144->145
[2026-01-16T08:27:14.959+0000][gc,heap     ] GC(228) Humongous regions: 149->149
[2026-01-16T08:27:14.959+0000][gc,metaspace] GC(228) Metaspace: 14096K(14464K)->14096K(14464K) NonClass: 12488K(12672K)->12488K(12672K) Class: 1607K(1792K)->1607K(1792K)
[2026-01-16T08:27:14.960+0000][gc          ] GC(228) Pause Young (Normal) (G1 Evacuation Pause) 342M->296M(1024M) 171.244ms
[2026-01-16T08:27:14.960+0000][gc,cpu      ] GC(228) User=0.10s Sys=0.01s Real=0.18s
[2026-01-16T08:27:16.785+0000][gc,start    ] GC(229) Pause Young (Normal) (G1 Evacuation Pause)
[2026-01-16T08:27:16.787+0000][gc,task     ] GC(229) Using 8 workers of 8 for evacuation
[2026-01-16T08:27:16.924+0000][gc,phases   ] GC(229)   Pre Evacuate Collection Set: 26.0ms
[2026-01-16T08:27:16.925+0000][gc,phases   ] GC(229)   Merge Heap Roots: 0.3ms
[2026-01-16T08:27:16.925+0000][gc,phases   ] GC(229)   Evacuate Collection Set: 99.0ms
[2026-01-16T08:27:16.926+0000][gc,phases   ] GC(229)   Post Evacuate Collection Set: 11.2ms
[2026-01-16T08:27:16.928+0000][gc,phases   ] GC(229)   Other: 1.4ms
[2026-01-16T08:27:16.928+0000][gc,heap     ] GC(229) Eden regions: 47->0(46)
[2026-01-16T08:27:16.928+0000][gc,heap     ] GC(229) Survivor regions: 4->5(7)
[2026-01-16T08:27:16.929+0000][gc,heap     ] GC(229) Old regions: 145->145
[2026-01-16T08:27:16.931+0000][gc,heap     ] GC(229) Humongous regions: 149->149
[2026-01-16T08:27:16.932+0000][gc,metaspace] GC(229) Metaspace: 14096K(14464K)->14096K(14464K) NonClass: 12488K(12672K)->12488K(12672K) Class: 1607K(1792K)->1607K(1792K)
[2026-01-16T08:27:16.937+0000][gc          ] GC(229) Pause Young (Normal) (G1 Evacuation Pause) 343M->297M(1024M) 151.531ms
[2026-01-16T08:27:16.937+0000][gc,cpu      ] GC(229) User=0.13s Sys=0.01s Real=0.15s
[2026-01-16T08:27:18.131+0000][gc,start    ] GC(230) Pause Young (Normal) (G1 Evacuation Pause)
[2026-01-16T08:27:18.134+0000][gc,task     ] GC(230) Using 8 workers of 8 for evacuation
[2026-01-16T08:27:18.280+0000][gc,phases   ] GC(230)   Pre Evacuate Collection Set: 13.1ms
[2026-01-16T08:27:18.281+0000][gc,phases   ] GC(230)   Merge Heap Roots: 0.5ms
[2026-01-16T08:27:18.283+0000][gc,phases   ] GC(230)   Evacuate Collection Set: 116.8ms
[2026-01-16T08:27:18.285+0000][gc,phases   ] GC(230)   Post Evacuate Collection Set: 5.2ms
[2026-01-16T08:27:18.285+0000][gc,phases   ] GC(230)   Other: 10.6ms
[2026-01-16T08:27:18.285+0000][gc,heap     ] GC(230) Eden regions: 46->0(46)
[2026-01-16T08:27:18.285+0000][gc,heap     ] GC(230) Survivor regions: 5->5(7)
[2026-01-16T08:27:18.288+0000][gc,heap     ] GC(230) Old regions: 145->146
[2026-01-16T08:27:18.288+0000][gc,heap     ] GC(230) Humongous regions: 149->149
[2026-01-16T08:27:18.289+0000][gc,metaspace] GC(230) Metaspace: 14096K(14464K)->14096K(14464K) NonClass: 12488K(12672K)->12488K(12672K) Class: 1607K(1792K)->1607K(1792K)
[2026-01-16T08:27:18.290+0000][gc          ] GC(230) Pause Young (Normal) (G1 Evacuation Pause) 343M->298M(1024M) 159.768ms
[2026-01-16T08:27:18.291+0000][gc,cpu      ] GC(230) User=0.13s Sys=0.03s Real=0.16s
[2026-01-16T08:27:18.955+0000][gc,start    ] GC(231) Pause Young (Normal) (G1 Evacuation Pause)
[2026-01-16T08:27:18.957+0000][gc,task     ] GC(231) Using 8 workers of 8 for evacuation
[2026-01-16T08:27:18.990+0000][gc,phases   ] GC(231)   Pre Evacuate Collection Set: 0.8ms
[2026-01-16T08:27:18.992+0000][gc,phases   ] GC(231)   Merge Heap Roots: 0.5ms
[2026-01-16T08:27:18.994+0000][gc,phases   ] GC(231)   Evacuate Collection Set: 28.2ms
[2026-01-16T08:27:18.996+0000][gc,phases   ] GC(231)   Post Evacuate Collection Set: 2.6ms
[2026-01-16T08:27:18.996+0000][gc,phases   ] GC(231)   Other: 1.5ms
[2026-01-16T08:27:18.996+0000][gc,heap     ] GC(231) Eden regions: 46->0(97)
[2026-01-16T08:27:18.997+0000][gc,heap     ] GC(231) Survivor regions: 5->4(7)
[2026-01-16T08:27:18.997+0000][gc,heap     ] GC(231) Old regions: 146->147
[2026-01-16T08:27:18.997+0000][gc,heap     ] GC(231) Humongous regions: 149->149
[2026-01-16T08:27:18.997+0000][gc,metaspace] GC(231) Metaspace: 14097K(14464K)->14097K(14464K) NonClass: 12489K(12672K)->12489K(12672K) Class: 1607K(1792K)->1607K(1792K)
[2026-01-16T08:27:18.998+0000][gc          ] GC(231) Pause Young (Normal) (G1 Evacuation Pause) 344M->299M(1024M) 42.493ms
[2026-01-16T08:27:18.998+0000][gc,cpu      ] GC(231) User=0.03s Sys=0.02s Real=0.04s
[2026-01-16T08:27:23.272+0000][gc,start    ] GC(232) Pause Young (Normal) (G1 Evacuation Pause)
[2026-01-16T08:27:23.273+0000][gc,task     ] GC(232) Using 8 workers of 8 for evacuation
[2026-01-16T08:27:23.582+0000][gc,mmu      ] GC(232) MMU target violated: 201.0ms (200.0ms/201.0ms)
[2026-01-16T08:27:23.592+0000][gc,phases   ] GC(232)   Pre Evacuate Collection Set: 25.0ms
[2026-01-16T08:27:23.593+0000][gc,phases   ] GC(232)   Merge Heap Roots: 1.8ms
[2026-01-16T08:27:23.593+0000][gc,phases   ] GC(232)   Evacuate Collection Set: 220.8ms
[2026-01-16T08:27:23.595+0000][gc,phases   ] GC(232)   Post Evacuate Collection Set: 60.6ms
[2026-01-16T08:27:23.596+0000][gc,phases   ] GC(232)   Other: 11.4ms
[2026-01-16T08:27:23.609+0000][gc,heap     ] GC(232) Eden regions: 92->0(60)
[2026-01-16T08:27:23.613+0000][gc,heap     ] GC(232) Survivor regions: 4->3(12)
[2026-01-16T08:27:23.614+0000][gc,heap     ] GC(232) Old regions: 147->147
[2026-01-16T08:27:23.614+0000][gc,heap     ] GC(232) Humongous regions: 149->149
[2026-01-16T08:27:23.614+0000][gc,metaspace] GC(232) Metaspace: 14101K(14464K)->14101K(14464K) NonClass: 12493K(12672K)->12493K(12672K) Class: 1607K(1792K)->1607K(1792K)
[2026-01-16T08:27:23.615+0000][gc          ] GC(232) Pause Young (Normal) (G1 Evacuation Pause) 391M->298M(1024M) 343.580ms
[2026-01-16T08:27:23.617+0000][gc,cpu      ] GC(232) User=0.18s Sys=0.01s Real=0.34s
[2026-01-16T08:27:28.960+0000][gc,start    ] GC(233) Pause Young (Normal) (G1 Evacuation Pause)
[2026-01-16T08:27:28.962+0000][gc,task     ] GC(233) Using 8 workers of 8 for evacuation
[2026-01-16T08:27:29.451+0000][gc,mmu      ] GC(233) MMU target violated: 201.0ms (200.0ms/201.0ms)
[2026-01-16T08:27:29.451+0000][gc,phases   ] GC(233)   Pre Evacuate Collection Set: 18.6ms
[2026-01-16T08:27:29.453+0000][gc,phases   ] GC(233)   Merge Heap Roots: 9.2ms
[2026-01-16T08:27:29.453+0000][gc,phases   ] GC(233)   Evacuate Collection Set: 291.0ms
[2026-01-16T08:27:29.461+0000][gc,phases   ] GC(233)   Post Evacuate Collection Set: 164.4ms
[2026-01-16T08:27:29.462+0000][gc,phases   ] GC(233)   Other: 6.0ms
[2026-01-16T08:27:29.465+0000][gc,heap     ] GC(233) Eden regions: 55->0(47)
[2026-01-16T08:27:29.466+0000][gc,heap     ] GC(233) Survivor regions: 3->4(8)
[2026-01-16T08:27:29.467+0000][gc,heap     ] GC(233) Old regions: 147->147
[2026-01-16T08:27:29.468+0000][gc,heap     ] GC(233) Humongous regions: 149->149
[2026-01-16T08:27:29.472+0000][gc,metaspace] GC(233) Metaspace: 14103K(14464K)->14103K(14464K) NonClass: 12495K(12672K)->12495K(12672K) Class: 1607K(1792K)->1607K(1792K)
[2026-01-16T08:27:29.475+0000][gc          ] GC(233) Pause Young (Normal) (G1 Evacuation Pause) 353M->299M(1024M) 514.661ms
[2026-01-16T08:27:29.476+0000][gc,cpu      ] GC(233) User=0.28s Sys=0.06s Real=0.52s
[2026-01-16T08:27:30.953+0000][gc,start    ] GC(234) Pause Young (Normal) (G1 Evacuation Pause)
[2026-01-16T08:27:30.974+0000][gc,task     ] GC(234) Using 8 workers of 8 for evacuation
[2026-01-16T08:27:31.123+0000][gc,phases   ] GC(234)   Pre Evacuate Collection Set: 7.6ms
[2026-01-16T08:27:31.126+0000][gc,phases   ] GC(234)   Merge Heap Roots: 7.5ms
[2026-01-16T08:27:31.130+0000][gc,phases   ] GC(234)   Evacuate Collection Set: 118.6ms
[2026-01-16T08:27:31.130+0000][gc,phases   ] GC(234)   Post Evacuate Collection Set: 14.5ms
[2026-01-16T08:27:31.131+0000][gc,phases   ] GC(234)   Other: 2.3ms
[2026-01-16T08:27:31.132+0000][gc,heap     ] GC(234) Eden regions: 47->0(46)
[2026-01-16T08:27:31.133+0000][gc,heap     ] GC(234) Survivor regions: 4->5(7)
[2026-01-16T08:27:31.137+0000][gc,heap     ] GC(234) Old regions: 147->147
[2026-01-16T08:27:31.138+0000][gc,heap     ] GC(234) Humongous regions: 149->149
[2026-01-16T08:27:31.140+0000][gc,metaspace] GC(234) Metaspace: 14103K(14464K)->14103K(14464K) NonClass: 12495K(12672K)->12495K(12672K) Class: 1607K(1792K)->1607K(1792K)
[2026-01-16T08:27:31.141+0000][gc          ] GC(234) Pause Young (Normal) (G1 Evacuation Pause) 346M->300M(1024M) 187.756ms
[2026-01-16T08:27:31.141+0000][gc,cpu      ] GC(234) User=0.10s Sys=0.03s Real=0.19s
[2026-01-16T08:27:32.673+0000][gc,start    ] GC(235) Pause Young (Normal) (G1 Evacuation Pause)
[2026-01-16T08:27:32.674+0000][gc,task     ] GC(235) Using 8 workers of 8 for evacuation
[2026-01-16T08:27:32.777+0000][gc,phases   ] GC(235)   Pre Evacuate Collection Set: 8.4ms
[2026-01-16T08:27:32.777+0000][gc,phases   ] GC(235)   Merge Heap Roots: 0.9ms
[2026-01-16T08:27:32.779+0000][gc,phases   ] GC(235)   Evacuate Collection Set: 89.5ms
[2026-01-16T08:27:32.780+0000][gc,phases   ] GC(235)   Post Evacuate Collection Set: 3.4ms
[2026-01-16T08:27:32.781+0000][gc,phases   ] GC(235)   Other: 0.7ms
[2026-01-16T08:27:32.781+0000][gc,heap     ] GC(235) Eden regions: 46->0(46)
[2026-01-16T08:27:32.782+0000][gc,heap     ] GC(235) Survivor regions: 5->5(7)
[2026-01-16T08:27:32.784+0000][gc,heap     ] GC(235) Old regions: 147->148
[2026-01-16T08:27:32.784+0000][gc,heap     ] GC(235) Humongous regions: 149->149
[2026-01-16T08:27:32.785+0000][gc,metaspace] GC(235) Metaspace: 14124K(14528K)->14124K(14528K) NonClass: 12516K(12736K)->12516K(12736K) Class: 1607K(1792K)->1607K(1792K)
[2026-01-16T08:27:32.787+0000][gc          ] GC(235) Pause Young (Normal) (G1 Evacuation Pause) 346M->300M(1024M) 113.734ms
[2026-01-16T08:27:32.789+0000][gc,cpu      ] GC(235) User=0.11s Sys=0.02s Real=0.12s
[2026-01-16T08:27:33.882+0000][gc,start    ] GC(236) Pause Young (Normal) (G1 Evacuation Pause)
[2026-01-16T08:27:33.882+0000][gc,task     ] GC(236) Using 8 workers of 8 for evacuation
[2026-01-16T08:27:34.028+0000][gc,phases   ] GC(236)   Pre Evacuate Collection Set: 11.7ms
[2026-01-16T08:27:34.030+0000][gc,phases   ] GC(236)   Merge Heap Roots: 9.8ms
[2026-01-16T08:27:34.031+0000][gc,phases   ] GC(236)   Evacuate Collection Set: 109.5ms
[2026-01-16T08:27:34.031+0000][gc,phases   ] GC(236)   Post Evacuate Collection Set: 13.7ms
[2026-01-16T08:27:34.032+0000][gc,phases   ] GC(236)   Other: 1.2ms
[2026-01-16T08:27:34.033+0000][gc,heap     ] GC(236) Eden regions: 46->0(110)
[2026-01-16T08:27:34.037+0000][gc,heap     ] GC(236) Survivor regions: 5->2(7)
[2026-01-16T08:27:34.037+0000][gc,heap     ] GC(236) Old regions: 148->148
[2026-01-16T08:27:34.039+0000][gc,heap     ] GC(236) Humongous regions: 149->149
[2026-01-16T08:27:34.040+0000][gc,metaspace] GC(236) Metaspace: 14124K(14528K)->14124K(14528K) NonClass: 12516K(12736K)->12516K(12736K) Class: 1607K(1792K)->1607K(1792K)
[2026-01-16T08:27:34.041+0000][gc          ] GC(236) Pause Young (Normal) (G1 Evacuation Pause) 346M->298M(1024M) 158.999ms
[2026-01-16T08:27:34.043+0000][gc,cpu      ] GC(236) User=0.06s Sys=0.01s Real=0.16s
[2026-01-16T08:27:38.042+0000][gc,start    ] GC(237) Pause Young (Normal) (G1 Evacuation Pause)
[2026-01-16T08:27:38.049+0000][gc,task     ] GC(237) Using 8 workers of 8 for evacuation
[2026-01-16T08:27:38.508+0000][gc,mmu      ] GC(237) MMU target violated: 201.0ms (200.0ms/201.0ms)
[2026-01-16T08:27:38.508+0000][gc,phases   ] GC(237)   Pre Evacuate Collection Set: 74.1ms
[2026-01-16T08:27:38.509+0000][gc,phases   ] GC(237)   Merge Heap Roots: 0.5ms
[2026-01-16T08:27:38.509+0000][gc,phases   ] GC(237)   Evacuate Collection Set: 336.5ms
[2026-01-16T08:27:38.509+0000][gc,phases   ] GC(237)   Post Evacuate Collection Set: 45.6ms
[2026-01-16T08:27:38.510+0000][gc,phases   ] GC(237)   Other: 2.4ms
[2026-01-16T08:27:38.511+0000][gc,heap     ] GC(237) Eden regions: 101->0(47)
[2026-01-16T08:27:38.511+0000][gc,heap     ] GC(237) Survivor regions: 2->4(13)
[2026-01-16T08:27:38.512+0000][gc,heap     ] GC(237) Old regions: 148->148
[2026-01-16T08:27:38.512+0000][gc,heap     ] GC(237) Humongous regions: 149->149
[2026-01-16T08:27:38.513+0000][gc,metaspace] GC(237) Metaspace: 14125K(14528K)->14125K(14528K) NonClass: 12517K(12736K)->12517K(12736K) Class: 1607K(1792K)->1607K(1792K)
[2026-01-16T08:27:38.514+0000][gc          ] GC(237) Pause Young (Normal) (G1 Evacuation Pause) 399M->300M(1024M) 472.054ms
[2026-01-16T08:27:38.516+0000][gc,cpu      ] GC(237) User=0.25s Sys=0.01s Real=0.47s
[2026-01-16T08:27:40.138+0000][gc,start    ] GC(238) Pause Young (Normal) (G1 Evacuation Pause)
[2026-01-16T08:27:40.142+0000][gc,task     ] GC(238) Using 8 workers of 8 for evacuation
[2026-01-16T08:27:40.302+0000][gc,phases   ] GC(238)   Pre Evacuate Collection Set: 10.5ms
[2026-01-16T08:27:40.305+0000][gc,phases   ] GC(238)   Merge Heap Roots: 2.6ms
[2026-01-16T08:27:40.306+0000][gc,phases   ] GC(238)   Evacuate Collection Set: 132.0ms
[2026-01-16T08:27:40.306+0000][gc,phases   ] GC(238)   Post Evacuate Collection Set: 13.8ms
[2026-01-16T08:27:40.306+0000][gc,phases   ] GC(238)   Other: 1.4ms
[2026-01-16T08:27:40.306+0000][gc,heap     ] GC(238) Eden regions: 47->0(47)
[2026-01-16T08:27:40.307+0000][gc,heap     ] GC(238) Survivor regions: 4->4(7)
[2026-01-16T08:27:40.313+0000][gc,heap     ] GC(238) Old regions: 148->148
[2026-01-16T08:27:40.315+0000][gc,heap     ] GC(238) Humongous regions: 149->149
[2026-01-16T08:27:40.317+0000][gc,metaspace] GC(238) Metaspace: 14127K(14528K)->14127K(14528K) NonClass: 12519K(12736K)->12519K(12736K) Class: 1607K(1792K)->1607K(1792K)
[2026-01-16T08:27:40.318+0000][gc          ] GC(238) Pause Young (Normal) (G1 Evacuation Pause) 347M->300M(1024M) 179.759ms
[2026-01-16T08:27:40.318+0000][gc,cpu      ] GC(238) User=0.10s Sys=0.00s Real=0.18s
[2026-01-16T08:27:42.691+0000][gc,start    ] GC(239) Pause Young (Normal) (G1 Evacuation Pause)
[2026-01-16T08:27:42.695+0000][gc,task     ] GC(239) Using 8 workers of 8 for evacuation
[2026-01-16T08:27:42.914+0000][gc,mmu      ] GC(239) MMU target violated: 201.0ms (200.0ms/201.0ms)
[2026-01-16T08:27:42.916+0000][gc,phases   ] GC(239)   Pre Evacuate Collection Set: 13.6ms
[2026-01-16T08:27:42.917+0000][gc,phases   ] GC(239)   Merge Heap Roots: 4.3ms
[2026-01-16T08:27:42.918+0000][gc,phases   ] GC(239)   Evacuate Collection Set: 191.5ms
[2026-01-16T08:27:42.918+0000][gc,phases   ] GC(239)   Post Evacuate Collection Set: 8.7ms
[2026-01-16T08:27:42.918+0000][gc,phases   ] GC(239)   Other: 2.8ms
[2026-01-16T08:27:42.919+0000][gc,heap     ] GC(239) Eden regions: 47->0(48)
[2026-01-16T08:27:42.920+0000][gc,heap     ] GC(239) Survivor regions: 4->3(7)
[2026-01-16T08:27:42.920+0000][gc,heap     ] GC(239) Old regions: 148->149
[2026-01-16T08:27:42.920+0000][gc,heap     ] GC(239) Humongous regions: 149->149
[2026-01-16T08:27:42.921+0000][gc,metaspace] GC(239) Metaspace: 14127K(14528K)->14127K(14528K) NonClass: 12519K(12736K)->12519K(12736K) Class: 1607K(1792K)->1607K(1792K)
[2026-01-16T08:27:42.923+0000][gc          ] GC(239) Pause Young (Normal) (G1 Evacuation Pause) 347M->299M(1024M) 231.302ms
[2026-01-16T08:27:42.926+0000][gc,cpu      ] GC(239) User=0.08s Sys=0.02s Real=0.23s
[2026-01-16T08:27:43.685+0000][gc,start    ] GC(240) Pause Young (Normal) (G1 Evacuation Pause)
[2026-01-16T08:27:43.686+0000][gc,task     ] GC(240) Using 8 workers of 8 for evacuation
[2026-01-16T08:27:43.730+0000][gc,phases   ] GC(240)   Pre Evacuate Collection Set: 1.1ms
[2026-01-16T08:27:43.731+0000][gc,phases   ] GC(240)   Merge Heap Roots: 1.5ms
[2026-01-16T08:27:43.731+0000][gc,phases   ] GC(240)   Evacuate Collection Set: 40.4ms
[2026-01-16T08:27:43.731+0000][gc,phases   ] GC(240)   Post Evacuate Collection Set: 0.8ms
[2026-01-16T08:27:43.731+0000][gc,phases   ] GC(240)   Other: 0.9ms
[2026-01-16T08:27:43.731+0000][gc,heap     ] GC(240) Eden regions: 48->0(64)
[2026-01-16T08:27:43.731+0000][gc,heap     ] GC(240) Survivor regions: 3->3(7)
[2026-01-16T08:27:43.731+0000][gc,heap     ] GC(240) Old regions: 149->149
[2026-01-16T08:27:43.731+0000][gc,heap     ] GC(240) Humongous regions: 149->149
[2026-01-16T08:27:43.731+0000][gc,metaspace] GC(240) Metaspace: 14127K(14528K)->14127K(14528K) NonClass: 12519K(12736K)->12519K(12736K) Class: 1607K(1792K)->1607K(1792K)
[2026-01-16T08:27:43.731+0000][gc          ] GC(240) Pause Young (Normal) (G1 Evacuation Pause) 347M->299M(1024M) 45.917ms
[2026-01-16T08:27:43.731+0000][gc,cpu      ] GC(240) User=0.04s Sys=0.00s Real=0.05s
[2026-01-16T08:27:45.613+0000][gc,start    ] GC(241) Pause Young (Normal) (G1 Evacuation Pause)
[2026-01-16T08:27:45.614+0000][gc,task     ] GC(241) Using 8 workers of 8 for evacuation
[2026-01-16T08:27:45.711+0000][gc,phases   ] GC(241)   Pre Evacuate Collection Set: 6.6ms
[2026-01-16T08:27:45.712+0000][gc,phases   ] GC(241)   Merge Heap Roots: 1.2ms
[2026-01-16T08:27:45.715+0000][gc,phases   ] GC(241)   Evacuate Collection Set: 78.3ms
[2026-01-16T08:27:45.716+0000][gc,phases   ] GC(241)   Post Evacuate Collection Set: 7.2ms
[2026-01-16T08:27:45.716+0000][gc,phases   ] GC(241)   Other: 3.4ms
[2026-01-16T08:27:45.716+0000][gc,heap     ] GC(241) Eden regions: 64->0(52)
[2026-01-16T08:27:45.717+0000][gc,heap     ] GC(241) Survivor regions: 3->4(9)
[2026-01-16T08:27:45.717+0000][gc,heap     ] GC(241) Old regions: 149->149
[2026-01-16T08:27:45.718+0000][gc,heap     ] GC(241) Humongous regions: 149->149
[2026-01-16T08:27:45.718+0000][gc,metaspace] GC(241) Metaspace: 14131K(14528K)->14131K(14528K) NonClass: 12523K(12736K)->12523K(12736K) Class: 1607K(1792K)->1607K(1792K)
[2026-01-16T08:27:45.718+0000][gc          ] GC(241) Pause Young (Normal) (G1 Evacuation Pause) 363M->301M(1024M) 105.439ms
[2026-01-16T08:27:45.719+0000][gc,cpu      ] GC(241) User=0.13s Sys=0.01s Real=0.10s
[2026-01-16T08:27:50.164+0000][gc,start    ] GC(242) Pause Young (Normal) (G1 Evacuation Pause)
[2026-01-16T08:27:50.166+0000][gc,task     ] GC(242) Using 8 workers of 8 for evacuation
[2026-01-16T08:27:50.293+0000][gc,phases   ] GC(242)   Pre Evacuate Collection Set: 10.9ms
[2026-01-16T08:27:50.295+0000][gc,phases   ] GC(242)   Merge Heap Roots: 2.5ms
[2026-01-16T08:27:50.295+0000][gc,phases   ] GC(242)   Evacuate Collection Set: 99.6ms
[2026-01-16T08:27:50.296+0000][gc,phases   ] GC(242)   Post Evacuate Collection Set: 11.7ms
[2026-01-16T08:27:50.296+0000][gc,phases   ] GC(242)   Other: 2.0ms
[2026-01-16T08:27:50.297+0000][gc,heap     ] GC(242) Eden regions: 50->0(199)
[2026-01-16T08:27:50.297+0000][gc,heap     ] GC(242) Survivor regions: 4->2(7)
[2026-01-16T08:27:50.299+0000][gc,heap     ] GC(242) Old regions: 149->149
[2026-01-16T08:27:50.299+0000][gc,heap     ] GC(242) Humongous regions: 149->149
[2026-01-16T08:27:50.300+0000][gc,metaspace] GC(242) Metaspace: 14136K(14528K)->14136K(14528K) NonClass: 12528K(12736K)->12528K(12736K) Class: 1607K(1792K)->1607K(1792K)
[2026-01-16T08:27:50.301+0000][gc          ] GC(242) Pause Young (Normal) (G1 Evacuation Pause) 351M->299M(1024M) 137.466ms
[2026-01-16T08:27:50.302+0000][gc,cpu      ] GC(242) User=0.12s Sys=0.00s Real=0.14s
[2026-01-16T08:28:10.280+0000][gc,start    ] GC(243) Pause Young (Normal) (G1 Evacuation Pause)
[2026-01-16T08:28:10.299+0000][gc,task     ] GC(243) Using 8 workers of 8 for evacuation
[2026-01-16T08:28:11.640+0000][gc,mmu      ] GC(243) MMU target violated: 201.0ms (200.0ms/201.0ms)
[2026-01-16T08:28:11.641+0000][gc,phases   ] GC(243)   Pre Evacuate Collection Set: 30.5ms
[2026-01-16T08:28:11.645+0000][gc,phases   ] GC(243)   Merge Heap Roots: 9.3ms
[2026-01-16T08:28:11.645+0000][gc,phases   ] GC(243)   Evacuate Collection Set: 1225.0ms
[2026-01-16T08:28:11.645+0000][gc,phases   ] GC(243)   Post Evacuate Collection Set: 75.6ms
[2026-01-16T08:28:11.646+0000][gc,phases   ] GC(243)   Other: 15.3ms
[2026-01-16T08:28:11.655+0000][gc,heap     ] GC(243) Eden regions: 181->0(45)
[2026-01-16T08:28:11.655+0000][gc,heap     ] GC(243) Survivor regions: 2->6(23)
[2026-01-16T08:28:11.657+0000][gc,heap     ] GC(243) Old regions: 149->149
[2026-01-16T08:28:11.657+0000][gc,heap     ] GC(243) Humongous regions: 149->149
[2026-01-16T08:28:11.657+0000][gc,metaspace] GC(243) Metaspace: 14168K(14528K)->14168K(14528K) NonClass: 12560K(12736K)->12560K(12736K) Class: 1607K(1792K)->1607K(1792K)
[2026-01-16T08:28:11.674+0000][gc          ] GC(243) Pause Young (Normal) (G1 Evacuation Pause) 480M->302M(1024M) 1394.506ms
[2026-01-16T08:28:11.675+0000][gc,cpu      ] GC(243) User=0.91s Sys=0.13s Real=1.40s
[2026-01-16T08:28:14.655+0000][gc,start    ] GC(244) Pause Young (Normal) (G1 Evacuation Pause)
[2026-01-16T08:28:14.656+0000][gc,task     ] GC(244) Using 8 workers of 8 for evacuation
[2026-01-16T08:28:14.951+0000][gc,mmu      ] GC(244) MMU target violated: 201.0ms (200.0ms/201.0ms)
[2026-01-16T08:28:14.954+0000][gc,phases   ] GC(244)   Pre Evacuate Collection Set: 17.8ms
[2026-01-16T08:28:14.964+0000][gc,phases   ] GC(244)   Merge Heap Roots: 11.6ms
[2026-01-16T08:28:14.964+0000][gc,phases   ] GC(244)   Evacuate Collection Set: 211.8ms
[2026-01-16T08:28:14.965+0000][gc,phases   ] GC(244)   Post Evacuate Collection Set: 53.5ms
[2026-01-16T08:28:14.966+0000][gc,phases   ] GC(244)   Other: 4.1ms
[2026-01-16T08:28:14.966+0000][gc,heap     ] GC(244) Eden regions: 45->0(48)
[2026-01-16T08:28:14.967+0000][gc,heap     ] GC(244) Survivor regions: 6->3(7)
[2026-01-16T08:28:14.967+0000][gc,heap     ] GC(244) Old regions: 149->150
[2026-01-16T08:28:14.967+0000][gc,heap     ] GC(244) Humongous regions: 149->149
[2026-01-16T08:28:14.971+0000][gc,metaspace] GC(244) Metaspace: 14176K(14528K)->14176K(14528K) NonClass: 12568K(12736K)->12568K(12736K) Class: 1607K(1792K)->1607K(1792K)
[2026-01-16T08:28:14.972+0000][gc          ] GC(244) Pause Young (Normal) (G1 Evacuation Pause) 347M->301M(1024M) 316.872ms
[2026-01-16T08:28:14.972+0000][gc,cpu      ] GC(244) User=0.19s Sys=0.02s Real=0.32s
[2026-01-16T08:28:16.618+0000][gc,start    ] GC(245) Pause Young (Normal) (G1 Evacuation Pause)
[2026-01-16T08:28:16.619+0000][gc,task     ] GC(245) Using 8 workers of 8 for evacuation
[2026-01-16T08:28:16.837+0000][gc,mmu      ] GC(245) MMU target violated: 201.0ms (200.0ms/201.0ms)
[2026-01-16T08:28:16.843+0000][gc,phases   ] GC(245)   Pre Evacuate Collection Set: 20.0ms
[2026-01-16T08:28:16.843+0000][gc,phases   ] GC(245)   Merge Heap Roots: 6.6ms
[2026-01-16T08:28:16.843+0000][gc,phases   ] GC(245)   Evacuate Collection Set: 166.2ms
[2026-01-16T08:28:16.843+0000][gc,phases   ] GC(245)   Post Evacuate Collection Set: 19.1ms
[2026-01-16T08:28:16.843+0000][gc,phases   ] GC(245)   Other: 12.4ms
[2026-01-16T08:28:16.846+0000][gc,heap     ] GC(245) Eden regions: 48->0(48)
[2026-01-16T08:28:16.846+0000][gc,heap     ] GC(245) Survivor regions: 3->3(7)
[2026-01-16T08:28:16.846+0000][gc,heap     ] GC(245) Old regions: 150->150
[2026-01-16T08:28:16.846+0000][gc,heap     ] GC(245) Humongous regions: 149->149
[2026-01-16T08:28:16.847+0000][gc,metaspace] GC(245) Metaspace: 14176K(14528K)->14176K(14528K) NonClass: 12568K(12736K)->12568K(12736K) Class: 1607K(1792K)->1607K(1792K)
[2026-01-16T08:28:16.848+0000][gc          ] GC(245) Pause Young (Normal) (G1 Evacuation Pause) 349M->301M(1024M) 230.377ms
[2026-01-16T08:28:16.848+0000][gc,cpu      ] GC(245) User=0.12s Sys=0.02s Real=0.23s
[2026-01-16T08:28:18.382+0000][gc,start    ] GC(246) Pause Young (Normal) (G1 Evacuation Pause)
[2026-01-16T08:28:18.383+0000][gc,task     ] GC(246) Using 8 workers of 8 for evacuation
[2026-01-16T08:28:18.509+0000][gc,phases   ] GC(246)   Pre Evacuate Collection Set: 21.0ms
[2026-01-16T08:28:18.510+0000][gc,phases   ] GC(246)   Merge Heap Roots: 5.7ms
[2026-01-16T08:28:18.510+0000][gc,phases   ] GC(246)   Evacuate Collection Set: 91.4ms
[2026-01-16T08:28:18.511+0000][gc,phases   ] GC(246)   Post Evacuate Collection Set: 7.3ms
[2026-01-16T08:28:18.512+0000][gc,phases   ] GC(246)   Other: 1.5ms
[2026-01-16T08:28:18.512+0000][gc,heap     ] GC(246) Eden regions: 48->0(47)
[2026-01-16T08:28:18.512+0000][gc,heap     ] GC(246) Survivor regions: 3->4(7)
[2026-01-16T08:28:18.513+0000][gc,heap     ] GC(246) Old regions: 150->150
[2026-01-16T08:28:18.513+0000][gc,heap     ] GC(246) Humongous regions: 149->149
[2026-01-16T08:28:18.514+0000][gc,metaspace] GC(246) Metaspace: 14181K(14528K)->14181K(14528K) NonClass: 12573K(12736K)->12573K(12736K) Class: 1607K(1792K)->1607K(1792K)
[2026-01-16T08:28:18.515+0000][gc          ] GC(246) Pause Young (Normal) (G1 Evacuation Pause) 349M->302M(1024M) 132.922ms
[2026-01-16T08:28:18.516+0000][gc,cpu      ] GC(246) User=0.08s Sys=0.00s Real=0.13s
[2026-01-16T08:28:19.162+0000][gc,start    ] GC(247) Pause Young (Normal) (G1 Evacuation Pause)
[2026-01-16T08:28:19.162+0000][gc,task     ] GC(247) Using 8 workers of 8 for evacuation
[2026-01-16T08:28:19.247+0000][gc,phases   ] GC(247)   Pre Evacuate Collection Set: 0.4ms
[2026-01-16T08:28:19.248+0000][gc,phases   ] GC(247)   Merge Heap Roots: 0.1ms
[2026-01-16T08:28:19.249+0000][gc,phases   ] GC(247)   Evacuate Collection Set: 81.9ms
[2026-01-16T08:28:19.249+0000][gc,phases   ] GC(247)   Post Evacuate Collection Set: 2.2ms
[2026-01-16T08:28:19.250+0000][gc,phases   ] GC(247)   Other: 0.4ms
[2026-01-16T08:28:19.251+0000][gc,heap     ] GC(247) Eden regions: 47->0(46)
[2026-01-16T08:28:19.251+0000][gc,heap     ] GC(247) Survivor regions: 4->5(7)
[2026-01-16T08:28:19.251+0000][gc,heap     ] GC(247) Old regions: 150->150
[2026-01-16T08:28:19.251+0000][gc,heap     ] GC(247) Humongous regions: 149->149
[2026-01-16T08:28:19.252+0000][gc,metaspace] GC(247) Metaspace: 14181K(14528K)->14181K(14528K) NonClass: 12573K(12736K)->12573K(12736K) Class: 1607K(1792K)->1607K(1792K)
[2026-01-16T08:28:19.252+0000][gc          ] GC(247) Pause Young (Normal) (G1 Evacuation Pause) 349M->303M(1024M) 90.524ms
[2026-01-16T08:28:19.253+0000][gc,cpu      ] GC(247) User=0.04s Sys=0.01s Real=0.09s
[2026-01-16T08:28:19.861+0000][gc,start    ] GC(248) Pause Young (Normal) (G1 Evacuation Pause)
[2026-01-16T08:28:19.861+0000][gc,task     ] GC(248) Using 8 workers of 8 for evacuation
[2026-01-16T08:28:19.976+0000][gc,phases   ] GC(248)   Pre Evacuate Collection Set: 8.1ms
[2026-01-16T08:28:19.976+0000][gc,phases   ] GC(248)   Merge Heap Roots: 1.6ms
[2026-01-16T08:28:19.980+0000][gc,phases   ] GC(248)   Evacuate Collection Set: 98.3ms
[2026-01-16T08:28:19.984+0000][gc,phases   ] GC(248)   Post Evacuate Collection Set: 5.3ms
[2026-01-16T08:28:19.984+0000][gc,phases   ] GC(248)   Other: 1.2ms
[2026-01-16T08:28:19.985+0000][gc,heap     ] GC(248) Eden regions: 46->0(47)
[2026-01-16T08:28:19.986+0000][gc,heap     ] GC(248) Survivor regions: 5->4(7)
[2026-01-16T08:28:19.986+0000][gc,heap     ] GC(248) Old regions: 150->152
[2026-01-16T08:28:19.986+0000][gc,heap     ] GC(248) Humongous regions: 149->149
[2026-01-16T08:28:19.988+0000][gc,metaspace] GC(248) Metaspace: 14191K(14528K)->14191K(14528K) NonClass: 12583K(12736K)->12583K(12736K) Class: 1607K(1792K)->1607K(1792K)
[2026-01-16T08:28:19.990+0000][gc          ] GC(248) Pause Young (Normal) (G1 Evacuation Pause) 349M->303M(1024M) 128.943ms
[2026-01-16T08:28:19.991+0000][gc,cpu      ] GC(248) User=0.07s Sys=0.01s Real=0.12s
[2026-01-16T08:28:20.498+0000][gc,start    ] GC(249) Pause Young (Normal) (G1 Evacuation Pause)
[2026-01-16T08:28:20.498+0000][gc,task     ] GC(249) Using 8 workers of 8 for evacuation
[2026-01-16T08:28:20.692+0000][gc,phases   ] GC(249)   Pre Evacuate Collection Set: 19.9ms
[2026-01-16T08:28:20.698+0000][gc,phases   ] GC(249)   Merge Heap Roots: 3.8ms
[2026-01-16T08:28:20.701+0000][gc,phases   ] GC(249)   Evacuate Collection Set: 160.5ms
[2026-01-16T08:28:20.702+0000][gc,phases   ] GC(249)   Post Evacuate Collection Set: 8.6ms
[2026-01-16T08:28:20.704+0000][gc,phases   ] GC(249)   Other: 0.3ms
[2026-01-16T08:28:20.705+0000][gc,heap     ] GC(249) Eden regions: 47->0(46)
[2026-01-16T08:28:20.705+0000][gc,heap     ] GC(249) Survivor regions: 4->5(7)
[2026-01-16T08:28:20.705+0000][gc,heap     ] GC(249) Old regions: 152->152
[2026-01-16T08:28:20.706+0000][gc,heap     ] GC(249) Humongous regions: 149->149
[2026-01-16T08:28:20.706+0000][gc,metaspace] GC(249) Metaspace: 14191K(14528K)->14191K(14528K) NonClass: 12583K(12736K)->12583K(12736K) Class: 1607K(1792K)->1607K(1792K)
[2026-01-16T08:28:20.707+0000][gc          ] GC(249) Pause Young (Normal) (G1 Evacuation Pause) 350M->304M(1024M) 208.510ms
[2026-01-16T08:28:20.709+0000][gc,cpu      ] GC(249) User=0.06s Sys=0.01s Real=0.21s
[2026-01-16T08:28:21.410+0000][gc,start    ] GC(250) Pause Young (Normal) (G1 Evacuation Pause)
[2026-01-16T08:28:21.458+0000][gc,task     ] GC(250) Using 8 workers of 8 for evacuation
[2026-01-16T08:28:21.666+0000][gc,mmu      ] GC(250) MMU target violated: 201.0ms (200.0ms/201.0ms)
[2026-01-16T08:28:21.683+0000][gc,phases   ] GC(250)   Pre Evacuate Collection Set: 17.7ms
[2026-01-16T08:28:21.684+0000][gc,phases   ] GC(250)   Merge Heap Roots: 3.5ms
[2026-01-16T08:28:21.685+0000][gc,phases   ] GC(250)   Evacuate Collection Set: 183.2ms
[2026-01-16T08:28:21.685+0000][gc,phases   ] GC(250)   Post Evacuate Collection Set: 2.5ms
[2026-01-16T08:28:21.685+0000][gc,phases   ] GC(250)   Other: 17.5ms
[2026-01-16T08:28:21.686+0000][gc,heap     ] GC(250) Eden regions: 46->0(46)
[2026-01-16T08:28:21.686+0000][gc,heap     ] GC(250) Survivor regions: 5->5(7)
[2026-01-16T08:28:21.686+0000][gc,heap     ] GC(250) Old regions: 152->153
[2026-01-16T08:28:21.686+0000][gc,heap     ] GC(250) Humongous regions: 149->149
[2026-01-16T08:28:21.687+0000][gc,metaspace] GC(250) Metaspace: 14194K(14528K)->14194K(14528K) NonClass: 12586K(12736K)->12586K(12736K) Class: 1607K(1792K)->1607K(1792K)
[2026-01-16T08:28:21.687+0000][gc          ] GC(250) Pause Young (Normal) (G1 Evacuation Pause) 350M->305M(1024M) 277.535ms
[2026-01-16T08:28:21.688+0000][gc,cpu      ] GC(250) User=0.09s Sys=0.02s Real=0.28s
[2026-01-16T08:28:22.598+0000][gc,start    ] GC(251) Pause Young (Normal) (G1 Evacuation Pause)
[2026-01-16T08:28:22.598+0000][gc,task     ] GC(251) Using 8 workers of 8 for evacuation
[2026-01-16T08:28:22.677+0000][gc,phases   ] GC(251)   Pre Evacuate Collection Set: 4.6ms
[2026-01-16T08:28:22.677+0000][gc,phases   ] GC(251)   Merge Heap Roots: 1.5ms
[2026-01-16T08:28:22.677+0000][gc,phases   ] GC(251)   Evacuate Collection Set: 65.2ms
[2026-01-16T08:28:22.678+0000][gc,phases   ] GC(251)   Post Evacuate Collection Set: 4.9ms
[2026-01-16T08:28:22.678+0000][gc,phases   ] GC(251)   Other: 1.7ms
[2026-01-16T08:28:22.679+0000][gc,heap     ] GC(251) Eden regions: 46->0(76)
[2026-01-16T08:28:22.680+0000][gc,heap     ] GC(251) Survivor regions: 5->4(7)
[2026-01-16T08:28:22.681+0000][gc,heap     ] GC(251) Old regions: 153->154
[2026-01-16T08:28:22.681+0000][gc,heap     ] GC(251) Humongous regions: 149->149
[2026-01-16T08:28:22.681+0000][gc,metaspace] GC(251) Metaspace: 14202K(14528K)->14202K(14528K) NonClass: 12594K(12736K)->12594K(12736K) Class: 1607K(1792K)->1607K(1792K)
[2026-01-16T08:28:22.682+0000][gc          ] GC(251) Pause Young (Normal) (G1 Evacuation Pause) 351M->305M(1024M) 84.177ms
[2026-01-16T08:28:22.682+0000][gc,cpu      ] GC(251) User=0.06s Sys=0.01s Real=0.09s
[2026-01-16T08:28:27.699+0000][gc,start    ] GC(252) Pause Young (Normal) (G1 Evacuation Pause)
[2026-01-16T08:28:27.704+0000][gc,task     ] GC(252) Using 8 workers of 8 for evacuation
[2026-01-16T08:28:29.781+0000][gc,mmu      ] GC(252) MMU target violated: 201.0ms (200.0ms/201.0ms)
[2026-01-16T08:28:29.788+0000][gc,phases   ] GC(252)   Pre Evacuate Collection Set: 68.4ms
[2026-01-16T08:28:29.796+0000][gc,phases   ] GC(252)   Merge Heap Roots: 55.2ms
[2026-01-16T08:28:29.796+0000][gc,phases   ] GC(252)   Evacuate Collection Set: 1872.6ms
[2026-01-16T08:28:29.797+0000][gc,phases   ] GC(252)   Post Evacuate Collection Set: 76.1ms
[2026-01-16T08:28:29.799+0000][gc,phases   ] GC(252)   Other: 11.6ms
[2026-01-16T08:28:29.799+0000][gc,heap     ] GC(252) Eden regions: 82->0(46)
[2026-01-16T08:28:29.817+0000][gc,heap     ] GC(252) Survivor regions: 4->5(11)
[2026-01-16T08:28:29.819+0000][gc,heap     ] GC(252) Old regions: 154->154
[2026-01-16T08:28:29.819+0000][gc,heap     ] GC(252) Humongous regions: 149->149
[2026-01-16T08:28:29.819+0000][gc,metaspace] GC(252) Metaspace: 14215K(14528K)->14215K(14528K) NonClass: 12607K(12736K)->12607K(12736K) Class: 1607K(1792K)->1607K(1792K)
[2026-01-16T08:28:29.820+0000][gc          ] GC(252) Pause Young (Normal) (G1 Evacuation Pause) 387M->306M(1024M) 2121.028ms
[2026-01-16T08:28:29.820+0000][gc,cpu      ] GC(252) User=0.66s Sys=0.08s Real=2.12s
[2026-01-16T08:28:33.326+0000][gc,start    ] GC(253) Pause Young (Normal) (G1 Evacuation Pause)
[2026-01-16T08:28:33.329+0000][gc,task     ] GC(253) Using 8 workers of 8 for evacuation
[2026-01-16T08:28:34.254+0000][gc,mmu      ] GC(253) MMU target violated: 201.0ms (200.0ms/201.0ms)
[2026-01-16T08:28:34.256+0000][gc,phases   ] GC(253)   Pre Evacuate Collection Set: 43.0ms
[2026-01-16T08:28:34.258+0000][gc,phases   ] GC(253)   Merge Heap Roots: 10.0ms
[2026-01-16T08:28:34.258+0000][gc,phases   ] GC(253)   Evacuate Collection Set: 792.7ms
[2026-01-16T08:28:34.259+0000][gc,phases   ] GC(253)   Post Evacuate Collection Set: 75.3ms
[2026-01-16T08:28:34.259+0000][gc,phases   ] GC(253)   Other: 5.4ms
[2026-01-16T08:28:34.259+0000][gc,heap     ] GC(253) Eden regions: 46->0(46)
[2026-01-16T08:28:34.259+0000][gc,heap     ] GC(253) Survivor regions: 5->5(7)
[2026-01-16T08:28:34.259+0000][gc,heap     ] GC(253) Old regions: 154->155
[2026-01-16T08:28:34.261+0000][gc,heap     ] GC(253) Humongous regions: 149->149
[2026-01-16T08:28:34.263+0000][gc,metaspace] GC(253) Metaspace: 14216K(14528K)->14216K(14528K) NonClass: 12608K(12736K)->12608K(12736K) Class: 1607K(1792K)->1607K(1792K)
[2026-01-16T08:28:34.264+0000][gc          ] GC(253) Pause Young (Normal) (G1 Evacuation Pause) 352M->308M(1024M) 937.572ms
[2026-01-16T08:28:34.265+0000][gc,cpu      ] GC(253) User=0.42s Sys=0.06s Real=0.95s
[2026-01-16T08:28:37.931+0000][gc,start    ] GC(254) Pause Young (Normal) (G1 Evacuation Pause)
[2026-01-16T08:28:37.933+0000][gc,task     ] GC(254) Using 8 workers of 8 for evacuation
[2026-01-16T08:28:38.812+0000][gc,mmu      ] GC(254) MMU target violated: 201.0ms (200.0ms/201.0ms)
[2026-01-16T08:28:38.814+0000][gc,phases   ] GC(254)   Pre Evacuate Collection Set: 98.3ms
[2026-01-16T08:28:38.815+0000][gc,phases   ] GC(254)   Merge Heap Roots: 0.8ms
[2026-01-16T08:28:38.815+0000][gc,phases   ] GC(254)   Evacuate Collection Set: 729.1ms
[2026-01-16T08:28:38.816+0000][gc,phases   ] GC(254)   Post Evacuate Collection Set: 36.1ms
[2026-01-16T08:28:38.827+0000][gc,phases   ] GC(254)   Other: 17.2ms
[2026-01-16T08:28:38.827+0000][gc,heap     ] GC(254) Eden regions: 46->0(46)
[2026-01-16T08:28:38.828+0000][gc,heap     ] GC(254) Survivor regions: 5->5(7)
[2026-01-16T08:28:38.830+0000][gc,heap     ] GC(254) Old regions: 155->156
[2026-01-16T08:28:38.832+0000][gc,heap     ] GC(254) Humongous regions: 149->149
[2026-01-16T08:28:38.833+0000][gc,metaspace] GC(254) Metaspace: 14222K(14592K)->14222K(14592K) NonClass: 12614K(12800K)->12614K(12800K) Class: 1607K(1792K)->1607K(1792K)
[2026-01-16T08:28:38.834+0000][gc          ] GC(254) Pause Young (Normal) (G1 Evacuation Pause) 354M->309M(1024M) 902.490ms
[2026-01-16T08:28:38.837+0000][gc,cpu      ] GC(254) User=0.43s Sys=0.07s Real=0.90s
[2026-01-16T08:28:43.726+0000][gc,start    ] GC(255) Pause Young (Normal) (G1 Evacuation Pause)
[2026-01-16T08:28:43.728+0000][gc,task     ] GC(255) Using 8 workers of 8 for evacuation
[2026-01-16T08:28:44.889+0000][gc,mmu      ] GC(255) MMU target violated: 201.0ms (200.0ms/201.0ms)
[2026-01-16T08:28:44.892+0000][gc,phases   ] GC(255)   Pre Evacuate Collection Set: 44.6ms
[2026-01-16T08:28:44.903+0000][gc,phases   ] GC(255)   Merge Heap Roots: 5.7ms
[2026-01-16T08:28:44.905+0000][gc,phases   ] GC(255)   Evacuate Collection Set: 1052.8ms
[2026-01-16T08:28:44.909+0000][gc,phases   ] GC(255)   Post Evacuate Collection Set: 56.0ms
[2026-01-16T08:28:44.915+0000][gc,phases   ] GC(255)   Other: 5.1ms
[2026-01-16T08:28:44.926+0000][gc,heap     ] GC(255) Eden regions: 46->0(46)
[2026-01-16T08:28:44.929+0000][gc,heap     ] GC(255) Survivor regions: 5->5(7)
[2026-01-16T08:28:44.932+0000][gc,heap     ] GC(255) Old regions: 156->157
[2026-01-16T08:28:44.934+0000][gc,heap     ] GC(255) Humongous regions: 149->149
[2026-01-16T08:28:44.943+0000][gc,metaspace] GC(255) Metaspace: 14225K(14592K)->14225K(14592K) NonClass: 12617K(12800K)->12617K(12800K) Class: 1607K(1792K)->1607K(1792K)
[2026-01-16T08:28:44.943+0000][gc          ] GC(255) Pause Young (Normal) (G1 Evacuation Pause) 355M->309M(1024M) 1217.299ms
[2026-01-16T08:28:44.943+0000][gc,cpu      ] GC(255) User=0.52s Sys=0.03s Real=1.22s
[2026-01-16T08:28:48.187+0000][gc,start    ] GC(256) Pause Young (Normal) (G1 Evacuation Pause)
[2026-01-16T08:28:48.195+0000][gc,task     ] GC(256) Using 8 workers of 8 for evacuation
[2026-01-16T08:28:48.728+0000][gc,mmu      ] GC(256) MMU target violated: 201.0ms (200.0ms/201.0ms)
[2026-01-16T08:28:48.732+0000][gc,phases   ] GC(256)   Pre Evacuate Collection Set: 15.7ms
[2026-01-16T08:28:48.732+0000][gc,phases   ] GC(256)   Merge Heap Roots: 10.2ms
[2026-01-16T08:28:48.732+0000][gc,phases   ] GC(256)   Evacuate Collection Set: 485.4ms
[2026-01-16T08:28:48.732+0000][gc,phases   ] GC(256)   Post Evacuate Collection Set: 19.9ms
[2026-01-16T08:28:48.732+0000][gc,phases   ] GC(256)   Other: 5.7ms
[2026-01-16T08:28:48.732+0000][gc,heap     ] GC(256) Eden regions: 46->0(46)
[2026-01-16T08:28:48.733+0000][gc,heap     ] GC(256) Survivor regions: 5->5(7)
[2026-01-16T08:28:48.733+0000][gc,heap     ] GC(256) Old regions: 157->157
[2026-01-16T08:28:48.733+0000][gc,heap     ] GC(256) Humongous regions: 149->149
[2026-01-16T08:28:48.733+0000][gc,metaspace] GC(256) Metaspace: 14229K(14592K)->14229K(14592K) NonClass: 12621K(12800K)->12621K(12800K) Class: 1607K(1792K)->1607K(1792K)
[2026-01-16T08:28:48.733+0000][gc          ] GC(256) Pause Young (Normal) (G1 Evacuation Pause) 355M->310M(1024M) 545.716ms
[2026-01-16T08:28:48.739+0000][gc,cpu      ] GC(256) User=0.31s Sys=0.02s Real=0.56s
[2026-01-16T08:28:51.009+0000][gc,start    ] GC(257) Pause Young (Normal) (G1 Evacuation Pause)
[2026-01-16T08:28:51.016+0000][gc,task     ] GC(257) Using 8 workers of 8 for evacuation
[2026-01-16T08:28:51.513+0000][gc,mmu      ] GC(257) MMU target violated: 201.0ms (200.0ms/201.0ms)
[2026-01-16T08:28:51.514+0000][gc,phases   ] GC(257)   Pre Evacuate Collection Set: 23.4ms
[2026-01-16T08:28:51.514+0000][gc,phases   ] GC(257)   Merge Heap Roots: 6.8ms
[2026-01-16T08:28:51.516+0000][gc,phases   ] GC(257)   Evacuate Collection Set: 451.8ms
[2026-01-16T08:28:51.520+0000][gc,phases   ] GC(257)   Post Evacuate Collection Set: 13.9ms
[2026-01-16T08:28:51.521+0000][gc,phases   ] GC(257)   Other: 1.9ms
[2026-01-16T08:28:51.521+0000][gc,heap     ] GC(257) Eden regions: 46->0(46)
[2026-01-16T08:28:51.522+0000][gc,heap     ] GC(257) Survivor regions: 5->5(7)
[2026-01-16T08:28:51.523+0000][gc,heap     ] GC(257) Old regions: 157->159
[2026-01-16T08:28:51.524+0000][gc,heap     ] GC(257) Humongous regions: 149->149
[2026-01-16T08:28:51.525+0000][gc,metaspace] GC(257) Metaspace: 14230K(14592K)->14230K(14592K) NonClass: 12622K(12800K)->12622K(12800K) Class: 1607K(1792K)->1607K(1792K)
[2026-01-16T08:28:51.526+0000][gc          ] GC(257) Pause Young (Normal) (G1 Evacuation Pause) 356M->311M(1024M) 516.434ms
[2026-01-16T08:28:51.527+0000][gc,cpu      ] GC(257) User=0.24s Sys=0.06s Real=0.51s
[2026-01-16T08:28:53.188+0000][gc,start    ] GC(258) Pause Young (Normal) (G1 Evacuation Pause)
[2026-01-16T08:28:53.198+0000][gc,task     ] GC(258) Using 8 workers of 8 for evacuation
[2026-01-16T08:28:53.697+0000][gc,mmu      ] GC(258) MMU target violated: 201.0ms (200.0ms/201.0ms)
[2026-01-16T08:28:53.698+0000][gc,phases   ] GC(258)   Pre Evacuate Collection Set: 77.4ms
[2026-01-16T08:28:53.698+0000][gc,phases   ] GC(258)   Merge Heap Roots: 12.1ms
[2026-01-16T08:28:53.698+0000][gc,phases   ] GC(258)   Evacuate Collection Set: 390.4ms
[2026-01-16T08:28:53.700+0000][gc,phases   ] GC(258)   Post Evacuate Collection Set: 8.9ms
[2026-01-16T08:28:53.700+0000][gc,phases   ] GC(258)   Other: 10.8ms
[2026-01-16T08:28:53.700+0000][gc,heap     ] GC(258) Eden regions: 46->0(47)
[2026-01-16T08:28:53.700+0000][gc,heap     ] GC(258) Survivor regions: 5->4(7)
[2026-01-16T08:28:53.700+0000][gc,heap     ] GC(258) Old regions: 159->160
[2026-01-16T08:28:53.700+0000][gc,heap     ] GC(258) Humongous regions: 149->149
[2026-01-16T08:28:53.700+0000][gc,metaspace] GC(258) Metaspace: 14230K(14592K)->14230K(14592K) NonClass: 12622K(12800K)->12622K(12800K) Class: 1607K(1792K)->1607K(1792K)
[2026-01-16T08:28:53.701+0000][gc          ] GC(258) Pause Young (Normal) (G1 Evacuation Pause) 357M->311M(1024M) 513.078ms
[2026-01-16T08:28:53.701+0000][gc,cpu      ] GC(258) User=0.25s Sys=0.03s Real=0.52s
[2026-01-16T08:28:54.520+0000][gc,start    ] GC(259) Pause Young (Normal) (G1 Evacuation Pause)
[2026-01-16T08:28:54.522+0000][gc,task     ] GC(259) Using 8 workers of 8 for evacuation
[2026-01-16T08:28:54.676+0000][gc,phases   ] GC(259)   Pre Evacuate Collection Set: 18.6ms
[2026-01-16T08:28:54.676+0000][gc,phases   ] GC(259)   Merge Heap Roots: 0.3ms
[2026-01-16T08:28:54.676+0000][gc,phases   ] GC(259)   Evacuate Collection Set: 127.6ms
[2026-01-16T08:28:54.676+0000][gc,phases   ] GC(259)   Post Evacuate Collection Set: 3.2ms
[2026-01-16T08:28:54.677+0000][gc,phases   ] GC(259)   Other: 3.8ms
[2026-01-16T08:28:54.677+0000][gc,heap     ] GC(259) Eden regions: 47->0(47)
[2026-01-16T08:28:54.678+0000][gc,heap     ] GC(259) Survivor regions: 4->4(7)
[2026-01-16T08:28:54.678+0000][gc,heap     ] GC(259) Old regions: 160->160
[2026-01-16T08:28:54.678+0000][gc,heap     ] GC(259) Humongous regions: 149->149
[2026-01-16T08:28:54.679+0000][gc,metaspace] GC(259) Metaspace: 14230K(14592K)->14230K(14592K) NonClass: 12622K(12800K)->12622K(12800K) Class: 1607K(1792K)->1607K(1792K)
[2026-01-16T08:28:54.679+0000][gc          ] GC(259) Pause Young (Normal) (G1 Evacuation Pause) 358M->312M(1024M) 158.657ms
[2026-01-16T08:28:54.680+0000][gc,cpu      ] GC(259) User=0.08s Sys=0.01s Real=0.16s
[2026-01-16T08:28:56.285+0000][gc,start    ] GC(260) Pause Young (Normal) (G1 Evacuation Pause)
[2026-01-16T08:28:56.286+0000][gc,task     ] GC(260) Using 8 workers of 8 for evacuation
[2026-01-16T08:28:56.979+0000][gc,mmu      ] GC(260) MMU target violated: 201.0ms (200.0ms/201.0ms)
[2026-01-16T08:28:56.982+0000][gc,phases   ] GC(260)   Pre Evacuate Collection Set: 26.6ms
[2026-01-16T08:28:56.984+0000][gc,phases   ] GC(260)   Merge Heap Roots: 5.1ms
[2026-01-16T08:28:56.986+0000][gc,phases   ] GC(260)   Evacuate Collection Set: 427.8ms
[2026-01-16T08:28:56.986+0000][gc,phases   ] GC(260)   Post Evacuate Collection Set: 233.4ms
[2026-01-16T08:28:56.987+0000][gc,phases   ] GC(260)   Other: 3.7ms
[2026-01-16T08:28:56.988+0000][gc,heap     ] GC(260) Eden regions: 47->0(46)
[2026-01-16T08:28:56.989+0000][gc,heap     ] GC(260) Survivor regions: 4->5(7)
[2026-01-16T08:28:56.994+0000][gc,heap     ] GC(260) Old regions: 160->161
[2026-01-16T08:28:56.995+0000][gc,heap     ] GC(260) Humongous regions: 149->149
[2026-01-16T08:28:56.997+0000][gc,metaspace] GC(260) Metaspace: 14231K(14592K)->14231K(14592K) NonClass: 12623K(12800K)->12623K(12800K) Class: 1607K(1792K)->1607K(1792K)
[2026-01-16T08:28:56.999+0000][gc          ] GC(260) Pause Young (Normal) (G1 Evacuation Pause) 359M->313M(1024M) 714.171ms
[2026-01-16T08:28:57.000+0000][gc,cpu      ] GC(260) User=0.32s Sys=0.10s Real=0.72s
[2026-01-16T08:29:01.829+0000][gc,start    ] GC(261) Pause Young (Normal) (G1 Evacuation Pause)
[2026-01-16T08:29:01.849+0000][gc,task     ] GC(261) Using 8 workers of 8 for evacuation
[2026-01-16T08:29:02.572+0000][gc,mmu      ] GC(261) MMU target violated: 201.0ms (200.0ms/201.0ms)
[2026-01-16T08:29:02.573+0000][gc,phases   ] GC(261)   Pre Evacuate Collection Set: 44.2ms
[2026-01-16T08:29:02.574+0000][gc,phases   ] GC(261)   Merge Heap Roots: 0.6ms
[2026-01-16T08:29:02.580+0000][gc,phases   ] GC(261)   Evacuate Collection Set: 644.9ms
[2026-01-16T08:29:02.582+0000][gc,phases   ] GC(261)   Post Evacuate Collection Set: 27.5ms
[2026-01-16T08:29:02.599+0000][gc,phases   ] GC(261)   Other: 2.4ms
[2026-01-16T08:29:02.599+0000][gc,heap     ] GC(261) Eden regions: 46->0(46)
[2026-01-16T08:29:02.605+0000][gc,heap     ] GC(261) Survivor regions: 5->5(7)
[2026-01-16T08:29:02.606+0000][gc,heap     ] GC(261) Old regions: 161->162
[2026-01-16T08:29:02.607+0000][gc,heap     ] GC(261) Humongous regions: 149->149
[2026-01-16T08:29:02.608+0000][gc,metaspace] GC(261) Metaspace: 14233K(14592K)->14233K(14592K) NonClass: 12624K(12800K)->12624K(12800K) Class: 1608K(1792K)->1608K(1792K)
[2026-01-16T08:29:02.609+0000][gc          ] GC(261) Pause Young (Normal) (G1 Evacuation Pause) 359M->314M(1024M) 774.332ms
[2026-01-16T08:29:02.610+0000][gc,cpu      ] GC(261) User=0.38s Sys=0.05s Real=0.77s
[2026-01-16T08:29:04.559+0000][gc,start    ] GC(262) Pause Young (Normal) (G1 Evacuation Pause)
[2026-01-16T08:29:04.566+0000][gc,task     ] GC(262) Using 8 workers of 8 for evacuation
[2026-01-16T08:29:04.878+0000][gc,mmu      ] GC(262) MMU target violated: 201.0ms (200.0ms/201.0ms)
[2026-01-16T08:29:04.879+0000][gc,phases   ] GC(262)   Pre Evacuate Collection Set: 30.5ms
[2026-01-16T08:29:04.879+0000][gc,phases   ] GC(262)   Merge Heap Roots: 5.3ms
[2026-01-16T08:29:04.879+0000][gc,phases   ] GC(262)   Evacuate Collection Set: 264.9ms
[2026-01-16T08:29:04.880+0000][gc,phases   ] GC(262)   Post Evacuate Collection Set: 6.2ms
[2026-01-16T08:29:04.880+0000][gc,phases   ] GC(262)   Other: 6.1ms
[2026-01-16T08:29:04.880+0000][gc,heap     ] GC(262) Eden regions: 46->0(47)
[2026-01-16T08:29:04.881+0000][gc,heap     ] GC(262) Survivor regions: 5->4(7)
[2026-01-16T08:29:04.881+0000][gc,heap     ] GC(262) Old regions: 162->163
[2026-01-16T08:29:04.881+0000][gc,heap     ] GC(262) Humongous regions: 149->149
[2026-01-16T08:29:04.882+0000][gc,metaspace] GC(262) Metaspace: 14240K(14592K)->14240K(14592K) NonClass: 12632K(12800K)->12632K(12800K) Class: 1608K(1792K)->1608K(1792K)
[2026-01-16T08:29:04.887+0000][gc          ] GC(262) Pause Young (Normal) (G1 Evacuation Pause) 360M->315M(1024M) 327.910ms
[2026-01-16T08:29:04.887+0000][gc,cpu      ] GC(262) User=0.28s Sys=0.04s Real=0.33s
[2026-01-16T08:29:06.408+0000][gc,start    ] GC(263) Pause Young (Normal) (G1 Evacuation Pause)
[2026-01-16T08:29:06.421+0000][gc,task     ] GC(263) Using 8 workers of 8 for evacuation
[2026-01-16T08:29:06.876+0000][gc,mmu      ] GC(263) MMU target violated: 201.0ms (200.0ms/201.0ms)
[2026-01-16T08:29:06.877+0000][gc,phases   ] GC(263)   Pre Evacuate Collection Set: 20.9ms
[2026-01-16T08:29:06.880+0000][gc,phases   ] GC(263)   Merge Heap Roots: 5.4ms
[2026-01-16T08:29:06.880+0000][gc,phases   ] GC(263)   Evacuate Collection Set: 420.4ms
[2026-01-16T08:29:06.880+0000][gc,phases   ] GC(263)   Post Evacuate Collection Set: 7.7ms
[2026-01-16T08:29:06.880+0000][gc,phases   ] GC(263)   Other: 9.3ms
[2026-01-16T08:29:06.881+0000][gc,heap     ] GC(263) Eden regions: 47->0(47)
[2026-01-16T08:29:06.881+0000][gc,heap     ] GC(263) Survivor regions: 4->4(7)
[2026-01-16T08:29:06.881+0000][gc,heap     ] GC(263) Old regions: 163->164
[2026-01-16T08:29:06.882+0000][gc,heap     ] GC(263) Humongous regions: 149->149
[2026-01-16T08:29:06.882+0000][gc,metaspace] GC(263) Metaspace: 14244K(14592K)->14244K(14592K) NonClass: 12636K(12800K)->12636K(12800K) Class: 1608K(1792K)->1608K(1792K)
[2026-01-16T08:29:06.883+0000][gc          ] GC(263) Pause Young (Normal) (G1 Evacuation Pause) 362M->315M(1024M) 475.774ms
[2026-01-16T08:29:06.884+0000][gc,cpu      ] GC(263) User=0.20s Sys=0.02s Real=0.50s
[2026-01-16T08:29:08.615+0000][gc,start    ] GC(264) Pause Young (Normal) (G1 Evacuation Pause)
[2026-01-16T08:29:08.620+0000][gc,task     ] GC(264) Using 8 workers of 8 for evacuation
[2026-01-16T08:29:09.092+0000][gc,mmu      ] GC(264) MMU target violated: 201.0ms (200.0ms/201.0ms)
[2026-01-16T08:29:09.092+0000][gc,phases   ] GC(264)   Pre Evacuate Collection Set: 36.3ms
[2026-01-16T08:29:09.093+0000][gc,phases   ] GC(264)   Merge Heap Roots: 12.3ms
[2026-01-16T08:29:09.093+0000][gc,phases   ] GC(264)   Evacuate Collection Set: 416.8ms
[2026-01-16T08:29:09.093+0000][gc,phases   ] GC(264)   Post Evacuate Collection Set: 6.1ms
[2026-01-16T08:29:09.094+0000][gc,phases   ] GC(264)   Other: 1.2ms
[2026-01-16T08:29:09.095+0000][gc,heap     ] GC(264) Eden regions: 47->0(46)
[2026-01-16T08:29:09.100+0000][gc,heap     ] GC(264) Survivor regions: 4->5(7)
[2026-01-16T08:29:09.101+0000][gc,heap     ] GC(264) Old regions: 164->164
[2026-01-16T08:29:09.101+0000][gc,heap     ] GC(264) Humongous regions: 149->149
[2026-01-16T08:29:09.101+0000][gc,metaspace] GC(264) Metaspace: 14253K(14592K)->14253K(14592K) NonClass: 12644K(12800K)->12644K(12800K) Class: 1608K(1792K)->1608K(1792K)
[2026-01-16T08:29:09.102+0000][gc          ] GC(264) Pause Young (Normal) (G1 Evacuation Pause) 362M->316M(1024M) 487.054ms
[2026-01-16T08:29:09.102+0000][gc,cpu      ] GC(264) User=0.28s Sys=0.03s Real=0.48s
[2026-01-16T08:29:10.218+0000][gc,start    ] GC(265) Pause Young (Normal) (G1 Evacuation Pause)
[2026-01-16T08:29:10.222+0000][gc,task     ] GC(265) Using 8 workers of 8 for evacuation
[2026-01-16T08:29:10.559+0000][gc,mmu      ] GC(265) MMU target violated: 201.0ms (200.0ms/201.0ms)
[2026-01-16T08:29:10.559+0000][gc,phases   ] GC(265)   Pre Evacuate Collection Set: 12.0ms
[2026-01-16T08:29:10.560+0000][gc,phases   ] GC(265)   Merge Heap Roots: 5.5ms
[2026-01-16T08:29:10.560+0000][gc,phases   ] GC(265)   Evacuate Collection Set: 309.3ms
[2026-01-16T08:29:10.560+0000][gc,phases   ] GC(265)   Post Evacuate Collection Set: 7.0ms
[2026-01-16T08:29:10.561+0000][gc,phases   ] GC(265)   Other: 3.4ms
[2026-01-16T08:29:10.561+0000][gc,heap     ] GC(265) Eden regions: 46->0(46)
[2026-01-16T08:29:10.561+0000][gc,heap     ] GC(265) Survivor regions: 5->5(7)
[2026-01-16T08:29:10.562+0000][gc,heap     ] GC(265) Old regions: 164->165
[2026-01-16T08:29:10.563+0000][gc,heap     ] GC(265) Humongous regions: 149->149
[2026-01-16T08:29:10.564+0000][gc,metaspace] GC(265) Metaspace: 14254K(14592K)->14254K(14592K) NonClass: 12646K(12800K)->12646K(12800K) Class: 1608K(1792K)->1608K(1792K)
[2026-01-16T08:29:10.565+0000][gc          ] GC(265) Pause Young (Normal) (G1 Evacuation Pause) 362M->317M(1024M) 346.605ms
[2026-01-16T08:29:10.565+0000][gc,cpu      ] GC(265) User=0.23s Sys=0.03s Real=0.35s
[2026-01-16T08:29:11.497+0000][gc,start    ] GC(266) Pause Young (Normal) (G1 Evacuation Pause)
[2026-01-16T08:29:11.497+0000][gc,task     ] GC(266) Using 8 workers of 8 for evacuation
[2026-01-16T08:29:11.665+0000][gc,phases   ] GC(266)   Pre Evacuate Collection Set: 2.0ms
[2026-01-16T08:29:11.667+0000][gc,phases   ] GC(266)   Merge Heap Roots: 0.7ms
[2026-01-16T08:29:11.669+0000][gc,phases   ] GC(266)   Evacuate Collection Set: 144.4ms
[2026-01-16T08:29:11.670+0000][gc,phases   ] GC(266)   Post Evacuate Collection Set: 20.2ms
[2026-01-16T08:29:11.674+0000][gc,phases   ] GC(266)   Other: 0.4ms
[2026-01-16T08:29:11.674+0000][gc,heap     ] GC(266) Eden regions: 46->0(47)
[2026-01-16T08:29:11.676+0000][gc,heap     ] GC(266) Survivor regions: 5->4(7)
[2026-01-16T08:29:11.677+0000][gc,heap     ] GC(266) Old regions: 165->166
[2026-01-16T08:29:11.678+0000][gc,heap     ] GC(266) Humongous regions: 149->149
[2026-01-16T08:29:11.679+0000][gc,metaspace] GC(266) Metaspace: 14255K(14592K)->14255K(14592K) NonClass: 12646K(12800K)->12646K(12800K) Class: 1608K(1792K)->1608K(1792K)
[2026-01-16T08:29:11.679+0000][gc          ] GC(266) Pause Young (Normal) (G1 Evacuation Pause) 363M->318M(1024M) 182.592ms
[2026-01-16T08:29:11.681+0000][gc,cpu      ] GC(266) User=0.07s Sys=0.02s Real=0.18s
[2026-01-16T08:29:12.584+0000][gc,start    ] GC(267) Pause Young (Normal) (G1 Evacuation Pause)
[2026-01-16T08:29:12.586+0000][gc,task     ] GC(267) Using 8 workers of 8 for evacuation
[2026-01-16T08:29:12.820+0000][gc,mmu      ] GC(267) MMU target violated: 201.0ms (200.0ms/201.0ms)
[2026-01-16T08:29:12.821+0000][gc,phases   ] GC(267)   Pre Evacuate Collection Set: 8.3ms
[2026-01-16T08:29:12.822+0000][gc,phases   ] GC(267)   Merge Heap Roots: 1.3ms
[2026-01-16T08:29:12.822+0000][gc,phases   ] GC(267)   Evacuate Collection Set: 186.0ms
[2026-01-16T08:29:12.823+0000][gc,phases   ] GC(267)   Post Evacuate Collection Set: 23.2ms
[2026-01-16T08:29:12.825+0000][gc,phases   ] GC(267)   Other: 16.1ms
[2026-01-16T08:29:12.830+0000][gc,heap     ] GC(267) Eden regions: 47->0(46)
[2026-01-16T08:29:12.836+0000][gc,heap     ] GC(267) Survivor regions: 4->5(7)
[2026-01-16T08:29:12.840+0000][gc,heap     ] GC(267) Old regions: 166->166
[2026-01-16T08:29:12.840+0000][gc,heap     ] GC(267) Humongous regions: 149->149
[2026-01-16T08:29:12.840+0000][gc,metaspace] GC(267) Metaspace: 14259K(14656K)->14259K(14656K) NonClass: 12650K(12864K)->12650K(12864K) Class: 1608K(1792K)->1608K(1792K)
[2026-01-16T08:29:12.841+0000][gc          ] GC(267) Pause Young (Normal) (G1 Evacuation Pause) 365M->319M(1024M) 256.880ms
[2026-01-16T08:29:12.841+0000][gc,cpu      ] GC(267) User=0.10s Sys=0.01s Real=0.25s
[2026-01-16T08:29:14.704+0000][gc,start    ] GC(268) Pause Young (Normal) (G1 Evacuation Pause)
[2026-01-16T08:29:14.704+0000][gc,task     ] GC(268) Using 8 workers of 8 for evacuation
[2026-01-16T08:29:14.938+0000][gc,mmu      ] GC(268) MMU target violated: 201.0ms (200.0ms/201.0ms)
[2026-01-16T08:29:14.938+0000][gc,phases   ] GC(268)   Pre Evacuate Collection Set: 12.8ms
[2026-01-16T08:29:14.938+0000][gc,phases   ] GC(268)   Merge Heap Roots: 0.5ms
[2026-01-16T08:29:14.939+0000][gc,phases   ] GC(268)   Evacuate Collection Set: 200.0ms
[2026-01-16T08:29:14.941+0000][gc,phases   ] GC(268)   Post Evacuate Collection Set: 19.9ms
[2026-01-16T08:29:14.941+0000][gc,phases   ] GC(268)   Other: 1.0ms
[2026-01-16T08:29:14.941+0000][gc,heap     ] GC(268) Eden regions: 46->0(46)
[2026-01-16T08:29:14.942+0000][gc,heap     ] GC(268) Survivor regions: 5->5(7)
[2026-01-16T08:29:14.943+0000][gc,heap     ] GC(268) Old regions: 166->167
[2026-01-16T08:29:14.943+0000][gc,heap     ] GC(268) Humongous regions: 149->149
[2026-01-16T08:29:14.944+0000][gc,metaspace] GC(268) Metaspace: 14260K(14656K)->14260K(14656K) NonClass: 12651K(12864K)->12651K(12864K) Class: 1608K(1792K)->1608K(1792K)
[2026-01-16T08:29:14.945+0000][gc          ] GC(268) Pause Young (Normal) (G1 Evacuation Pause) 365M->319M(1024M) 240.972ms
[2026-01-16T08:29:14.946+0000][gc,cpu      ] GC(268) User=0.16s Sys=0.02s Real=0.24s
[2026-01-16T08:29:16.552+0000][gc,start    ] GC(269) Pause Young (Normal) (G1 Evacuation Pause)
[2026-01-16T08:29:16.552+0000][gc,task     ] GC(269) Using 8 workers of 8 for evacuation
[2026-01-16T08:29:17.015+0000][gc,mmu      ] GC(269) MMU target violated: 201.0ms (200.0ms/201.0ms)
[2026-01-16T08:29:17.017+0000][gc,phases   ] GC(269)   Pre Evacuate Collection Set: 5.1ms
[2026-01-16T08:29:17.017+0000][gc,phases   ] GC(269)   Merge Heap Roots: 0.6ms
[2026-01-16T08:29:17.017+0000][gc,phases   ] GC(269)   Evacuate Collection Set: 448.3ms
[2026-01-16T08:29:17.017+0000][gc,phases   ] GC(269)   Post Evacuate Collection Set: 8.5ms
[2026-01-16T08:29:17.017+0000][gc,phases   ] GC(269)   Other: 1.9ms
[2026-01-16T08:29:17.018+0000][gc,heap     ] GC(269) Eden regions: 46->0(46)
[2026-01-16T08:29:17.018+0000][gc,heap     ] GC(269) Survivor regions: 5->5(7)
[2026-01-16T08:29:17.019+0000][gc,heap     ] GC(269) Old regions: 167->167
[2026-01-16T08:29:17.019+0000][gc,heap     ] GC(269) Humongous regions: 149->149
[2026-01-16T08:29:17.019+0000][gc,metaspace] GC(269) Metaspace: 14263K(14656K)->14263K(14656K) NonClass: 12654K(12864K)->12654K(12864K) Class: 1608K(1792K)->1608K(1792K)
[2026-01-16T08:29:17.022+0000][gc          ] GC(269) Pause Young (Normal) (G1 Evacuation Pause) 365M->320M(1024M) 470.695ms
[2026-01-16T08:29:17.023+0000][gc,cpu      ] GC(269) User=0.12s Sys=0.02s Real=0.47s
[2026-01-16T08:29:18.576+0000][gc,start    ] GC(270) Pause Young (Normal) (G1 Evacuation Pause)
[2026-01-16T08:29:18.583+0000][gc,task     ] GC(270) Using 8 workers of 8 for evacuation
[2026-01-16T08:29:18.850+0000][gc,mmu      ] GC(270) MMU target violated: 201.0ms (200.0ms/201.0ms)
[2026-01-16T08:29:18.854+0000][gc,phases   ] GC(270)   Pre Evacuate Collection Set: 17.0ms
[2026-01-16T08:29:18.856+0000][gc,phases   ] GC(270)   Merge Heap Roots: 0.6ms
[2026-01-16T08:29:18.858+0000][gc,phases   ] GC(270)   Evacuate Collection Set: 225.4ms
[2026-01-16T08:29:18.858+0000][gc,phases   ] GC(270)   Post Evacuate Collection Set: 17.2ms
[2026-01-16T08:29:18.859+0000][gc,phases   ] GC(270)   Other: 11.0ms
[2026-01-16T08:29:18.860+0000][gc,heap     ] GC(270) Eden regions: 46->0(46)
[2026-01-16T08:29:18.866+0000][gc,heap     ] GC(270) Survivor regions: 5->5(7)
[2026-01-16T08:29:18.878+0000][gc,heap     ] GC(270) Old regions: 167->168
[2026-01-16T08:29:18.879+0000][gc,heap     ] GC(270) Humongous regions: 149->149
[2026-01-16T08:29:18.880+0000][gc,metaspace] GC(270) Metaspace: 14265K(14656K)->14265K(14656K) NonClass: 12656K(12864K)->12656K(12864K) Class: 1608K(1792K)->1608K(1792K)
[2026-01-16T08:29:18.880+0000][gc          ] GC(270) Pause Young (Normal) (G1 Evacuation Pause) 366M->321M(1024M) 304.151ms
[2026-01-16T08:29:18.881+0000][gc,cpu      ] GC(270) User=0.14s Sys=0.03s Real=0.30s
[2026-01-16T08:29:19.829+0000][gc,start    ] GC(271) Pause Young (Normal) (G1 Evacuation Pause)
[2026-01-16T08:29:19.830+0000][gc,task     ] GC(271) Using 8 workers of 8 for evacuation
[2026-01-16T08:29:19.918+0000][gc,phases   ] GC(271)   Pre Evacuate Collection Set: 1.7ms
[2026-01-16T08:29:19.918+0000][gc,phases   ] GC(271)   Merge Heap Roots: 0.5ms
[2026-01-16T08:29:19.918+0000][gc,phases   ] GC(271)   Evacuate Collection Set: 83.6ms
[2026-01-16T08:29:19.919+0000][gc,phases   ] GC(271)   Post Evacuate Collection Set: 1.4ms
[2026-01-16T08:29:19.919+0000][gc,phases   ] GC(271)   Other: 0.4ms
[2026-01-16T08:29:19.919+0000][gc,heap     ] GC(271) Eden regions: 46->0(46)
[2026-01-16T08:29:19.925+0000][gc,heap     ] GC(271) Survivor regions: 5->5(7)
[2026-01-16T08:29:19.925+0000][gc,heap     ] GC(271) Old regions: 168->169
[2026-01-16T08:29:19.925+0000][gc,heap     ] GC(271) Humongous regions: 149->149
[2026-01-16T08:29:19.925+0000][gc,metaspace] GC(271) Metaspace: 14266K(14656K)->14266K(14656K) NonClass: 12657K(12864K)->12657K(12864K) Class: 1608K(1792K)->1608K(1792K)
[2026-01-16T08:29:19.925+0000][gc          ] GC(271) Pause Young (Normal) (G1 Evacuation Pause) 367M->321M(1024M) 95.893ms
[2026-01-16T08:29:19.926+0000][gc,cpu      ] GC(271) User=0.05s Sys=0.02s Real=0.10s
[2026-01-16T08:29:20.636+0000][gc,start    ] GC(272) Pause Young (Normal) (G1 Evacuation Pause)
[2026-01-16T08:29:20.636+0000][gc,task     ] GC(272) Using 8 workers of 8 for evacuation
[2026-01-16T08:29:20.720+0000][gc,phases   ] GC(272)   Pre Evacuate Collection Set: 5.9ms
[2026-01-16T08:29:20.722+0000][gc,phases   ] GC(272)   Merge Heap Roots: 0.5ms
[2026-01-16T08:29:20.722+0000][gc,phases   ] GC(272)   Evacuate Collection Set: 75.6ms
[2026-01-16T08:29:20.722+0000][gc,phases   ] GC(272)   Post Evacuate Collection Set: 1.3ms
[2026-01-16T08:29:20.722+0000][gc,phases   ] GC(272)   Other: 0.4ms
[2026-01-16T08:29:20.723+0000][gc,heap     ] GC(272) Eden regions: 46->0(46)
[2026-01-16T08:29:20.723+0000][gc,heap     ] GC(272) Survivor regions: 5->5(7)
[2026-01-16T08:29:20.724+0000][gc,heap     ] GC(272) Old regions: 169->170
[2026-01-16T08:29:20.725+0000][gc,heap     ] GC(272) Humongous regions: 149->149
[2026-01-16T08:29:20.727+0000][gc,metaspace] GC(272) Metaspace: 14267K(14656K)->14267K(14656K) NonClass: 12658K(12864K)->12658K(12864K) Class: 1608K(1792K)->1608K(1792K)
[2026-01-16T08:29:20.736+0000][gc          ] GC(272) Pause Young (Normal) (G1 Evacuation Pause) 367M->322M(1024M) 99.882ms
[2026-01-16T08:29:20.737+0000][gc,cpu      ] GC(272) User=0.10s Sys=0.00s Real=0.10s
[2026-01-16T08:29:21.428+0000][gc,start    ] GC(273) Pause Young (Normal) (G1 Evacuation Pause)
[2026-01-16T08:29:21.431+0000][gc,task     ] GC(273) Using 8 workers of 8 for evacuation
[2026-01-16T08:29:21.485+0000][gc,phases   ] GC(273)   Pre Evacuate Collection Set: 1.1ms
[2026-01-16T08:29:21.487+0000][gc,phases   ] GC(273)   Merge Heap Roots: 1.6ms
[2026-01-16T08:29:21.487+0000][gc,phases   ] GC(273)   Evacuate Collection Set: 45.8ms
[2026-01-16T08:29:21.489+0000][gc,phases   ] GC(273)   Post Evacuate Collection Set: 5.2ms
[2026-01-16T08:29:21.489+0000][gc,phases   ] GC(273)   Other: 0.5ms
[2026-01-16T08:29:21.492+0000][gc,heap     ] GC(273) Eden regions: 46->0(108)
[2026-01-16T08:29:21.493+0000][gc,heap     ] GC(273) Survivor regions: 5->4(7)
[2026-01-16T08:29:21.494+0000][gc,heap     ] GC(273) Old regions: 170->171
[2026-01-16T08:29:21.494+0000][gc,heap     ] GC(273) Humongous regions: 149->149
[2026-01-16T08:29:21.495+0000][gc,metaspace] GC(273) Metaspace: 14267K(14656K)->14267K(14656K) NonClass: 12658K(12864K)->12658K(12864K) Class: 1608K(1792K)->1608K(1792K)
[2026-01-16T08:29:21.496+0000][gc          ] GC(273) Pause Young (Normal) (G1 Evacuation Pause) 368M->323M(1024M) 68.178ms
[2026-01-16T08:29:21.497+0000][gc,cpu      ] GC(273) User=0.06s Sys=0.02s Real=0.07s
[2026-01-16T08:29:25.894+0000][gc,start    ] GC(274) Pause Young (Normal) (G1 Evacuation Pause)
[2026-01-16T08:29:25.978+0000][gc,task     ] GC(274) Using 8 workers of 8 for evacuation
[2026-01-16T08:29:30.005+0000][gc,mmu      ] GC(274) MMU target violated: 201.0ms (200.0ms/201.0ms)
[2026-01-16T08:29:30.009+0000][gc,phases   ] GC(274)   Pre Evacuate Collection Set: 112.4ms
[2026-01-16T08:29:30.009+0000][gc,phases   ] GC(274)   Merge Heap Roots: 25.3ms
[2026-01-16T08:29:30.009+0000][gc,phases   ] GC(274)   Evacuate Collection Set: 3693.0ms
[2026-01-16T08:29:30.009+0000][gc,phases   ] GC(274)   Post Evacuate Collection Set: 187.0ms
[2026-01-16T08:29:30.009+0000][gc,phases   ] GC(274)   Other: 13.1ms
[2026-01-16T08:29:30.009+0000][gc,heap     ] GC(274) Eden regions: 95->0(45)
[2026-01-16T08:29:30.010+0000][gc,heap     ] GC(274) Survivor regions: 4->6(13)
[2026-01-16T08:29:30.010+0000][gc,heap     ] GC(274) Old regions: 171->171
[2026-01-16T08:29:30.010+0000][gc,heap     ] GC(274) Humongous regions: 149->149
[2026-01-16T08:29:30.012+0000][gc,metaspace] GC(274) Metaspace: 14269K(14656K)->14269K(14656K) NonClass: 12660K(12864K)->12660K(12864K) Class: 1608K(1792K)->1608K(1792K)
[2026-01-16T08:29:30.018+0000][gc          ] GC(274) Pause Young (Normal) (G1 Evacuation Pause) 418M->324M(1024M) 4124.312ms
[2026-01-16T08:29:30.042+0000][gc,cpu      ] GC(274) User=1.78s Sys=0.27s Real=4.14s
[2026-01-16T08:29:33.969+0000][gc,start    ] GC(275) Pause Young (Normal) (G1 Evacuation Pause)
[2026-01-16T08:29:33.971+0000][gc,task     ] GC(275) Using 8 workers of 8 for evacuation
[2026-01-16T08:29:34.391+0000][gc,mmu      ] GC(275) MMU target violated: 201.0ms (200.0ms/201.0ms)
[2026-01-16T08:29:34.393+0000][gc,phases   ] GC(275)   Pre Evacuate Collection Set: 2.7ms
[2026-01-16T08:29:34.398+0000][gc,phases   ] GC(275)   Merge Heap Roots: 0.4ms
[2026-01-16T08:29:34.399+0000][gc,phases   ] GC(275)   Evacuate Collection Set: 410.0ms
[2026-01-16T08:29:34.399+0000][gc,phases   ] GC(275)   Post Evacuate Collection Set: 6.2ms
[2026-01-16T08:29:34.400+0000][gc,phases   ] GC(275)   Other: 2.4ms
[2026-01-16T08:29:34.400+0000][gc,heap     ] GC(275) Eden regions: 45->0(49)
[2026-01-16T08:29:34.400+0000][gc,heap     ] GC(275) Survivor regions: 6->2(7)
[2026-01-16T08:29:34.400+0000][gc,heap     ] GC(275) Old regions: 171->173
[2026-01-16T08:29:34.400+0000][gc,heap     ] GC(275) Humongous regions: 149->149
[2026-01-16T08:29:34.403+0000][gc,metaspace] GC(275) Metaspace: 14270K(14656K)->14270K(14656K) NonClass: 12661K(12864K)->12661K(12864K) Class: 1608K(1792K)->1608K(1792K)
[2026-01-16T08:29:34.404+0000][gc          ] GC(275) Pause Young (Normal) (G1 Evacuation Pause) 369M->323M(1024M) 435.120ms
[2026-01-16T08:29:34.405+0000][gc,cpu      ] GC(275) User=0.24s Sys=0.03s Real=0.44s
[2026-01-16T08:29:37.264+0000][gc,start    ] GC(276) Pause Young (Normal) (G1 Evacuation Pause)
[2026-01-16T08:29:37.265+0000][gc,task     ] GC(276) Using 8 workers of 8 for evacuation
[2026-01-16T08:29:37.454+0000][gc,phases   ] GC(276)   Pre Evacuate Collection Set: 6.0ms
[2026-01-16T08:29:37.455+0000][gc,phases   ] GC(276)   Merge Heap Roots: 0.8ms
[2026-01-16T08:29:37.455+0000][gc,phases   ] GC(276)   Evacuate Collection Set: 176.4ms
[2026-01-16T08:29:37.455+0000][gc,phases   ] GC(276)   Post Evacuate Collection Set: 4.9ms
[2026-01-16T08:29:37.455+0000][gc,phases   ] GC(276)   Other: 0.4ms
[2026-01-16T08:29:37.455+0000][gc,heap     ] GC(276) Eden regions: 49->0(48)
[2026-01-16T08:29:37.455+0000][gc,heap     ] GC(276) Survivor regions: 2->3(7)
[2026-01-16T08:29:37.456+0000][gc,heap     ] GC(276) Old regions: 173->173
[2026-01-16T08:29:37.456+0000][gc,heap     ] GC(276) Humongous regions: 149->149
[2026-01-16T08:29:37.456+0000][gc,metaspace] GC(276) Metaspace: 14270K(14656K)->14270K(14656K) NonClass: 12661K(12864K)->12661K(12864K) Class: 1608K(1792K)->1608K(1792K)
[2026-01-16T08:29:37.456+0000][gc          ] GC(276) Pause Young (Normal) (G1 Evacuation Pause) 372M->323M(1024M) 191.774ms
[2026-01-16T08:29:37.456+0000][gc,cpu      ] GC(276) User=0.12s Sys=0.01s Real=0.20s
[2026-01-16T08:29:39.362+0000][gc,start    ] GC(277) Pause Young (Normal) (G1 Evacuation Pause)
[2026-01-16T08:29:39.368+0000][gc,task     ] GC(277) Using 8 workers of 8 for evacuation
[2026-01-16T08:29:39.560+0000][gc,phases   ] GC(277)   Pre Evacuate Collection Set: 21.8ms
[2026-01-16T08:29:39.561+0000][gc,phases   ] GC(277)   Merge Heap Roots: 6.4ms
[2026-01-16T08:29:39.567+0000][gc,phases   ] GC(277)   Evacuate Collection Set: 157.6ms
[2026-01-16T08:29:39.568+0000][gc,phases   ] GC(277)   Post Evacuate Collection Set: 5.2ms
[2026-01-16T08:29:39.568+0000][gc,phases   ] GC(277)   Other: 1.3ms
[2026-01-16T08:29:39.569+0000][gc,heap     ] GC(277) Eden regions: 48->0(48)
[2026-01-16T08:29:39.569+0000][gc,heap     ] GC(277) Survivor regions: 3->3(7)
[2026-01-16T08:29:39.571+0000][gc,heap     ] GC(277) Old regions: 173->173
[2026-01-16T08:29:39.571+0000][gc,heap     ] GC(277) Humongous regions: 149->149
[2026-01-16T08:29:39.572+0000][gc,metaspace] GC(277) Metaspace: 14270K(14656K)->14270K(14656K) NonClass: 12661K(12864K)->12661K(12864K) Class: 1608K(1792K)->1608K(1792K)
[2026-01-16T08:29:39.576+0000][gc          ] GC(277) Pause Young (Normal) (G1 Evacuation Pause) 371M->324M(1024M) 214.185ms
[2026-01-16T08:29:39.581+0000][gc,cpu      ] GC(277) User=0.13s Sys=0.03s Real=0.22s
[2026-01-16T08:29:40.850+0000][gc,start    ] GC(278) Pause Young (Normal) (G1 Evacuation Pause)
[2026-01-16T08:29:40.850+0000][gc,task     ] GC(278) Using 8 workers of 8 for evacuation
[2026-01-16T08:29:41.052+0000][gc,mmu      ] GC(278) MMU target violated: 200.9ms (200.0ms/201.0ms)
[2026-01-16T08:29:41.052+0000][gc,phases   ] GC(278)   Pre Evacuate Collection Set: 26.1ms
[2026-01-16T08:29:41.054+0000][gc,phases   ] GC(278)   Merge Heap Roots: 4.3ms
[2026-01-16T08:29:41.054+0000][gc,phases   ] GC(278)   Evacuate Collection Set: 166.9ms
[2026-01-16T08:29:41.056+0000][gc,phases   ] GC(278)   Post Evacuate Collection Set: 3.5ms
[2026-01-16T08:29:41.058+0000][gc,phases   ] GC(278)   Other: 1.2ms
[2026-01-16T08:29:41.058+0000][gc,heap     ] GC(278) Eden regions: 48->0(47)
[2026-01-16T08:29:41.059+0000][gc,heap     ] GC(278) Survivor regions: 3->4(7)
[2026-01-16T08:29:41.060+0000][gc,heap     ] GC(278) Old regions: 173->173
[2026-01-16T08:29:41.061+0000][gc,heap     ] GC(278) Humongous regions: 149->149
[2026-01-16T08:29:41.062+0000][gc,metaspace] GC(278) Metaspace: 14270K(14656K)->14270K(14656K) NonClass: 12661K(12864K)->12661K(12864K) Class: 1608K(1792K)->1608K(1792K)
[2026-01-16T08:29:41.062+0000][gc          ] GC(278) Pause Young (Normal) (G1 Evacuation Pause) 372M->325M(1024M) 211.688ms
[2026-01-16T08:29:41.064+0000][gc,cpu      ] GC(278) User=0.16s Sys=0.00s Real=0.22s
[2026-01-16T08:29:42.736+0000][gc,start    ] GC(279) Pause Young (Normal) (G1 Evacuation Pause)
[2026-01-16T08:29:42.737+0000][gc,task     ] GC(279) Using 8 workers of 8 for evacuation
[2026-01-16T08:29:42.852+0000][gc,phases   ] GC(279)   Pre Evacuate Collection Set: 18.1ms
[2026-01-16T08:29:42.858+0000][gc,phases   ] GC(279)   Merge Heap Roots: 0.8ms
[2026-01-16T08:29:42.858+0000][gc,phases   ] GC(279)   Evacuate Collection Set: 75.8ms
[2026-01-16T08:29:42.859+0000][gc,phases   ] GC(279)   Post Evacuate Collection Set: 19.5ms
[2026-01-16T08:29:42.859+0000][gc,phases   ] GC(279)   Other: 1.1ms
[2026-01-16T08:29:42.859+0000][gc,heap     ] GC(279) Eden regions: 47->0(49)
[2026-01-16T08:29:42.859+0000][gc,heap     ] GC(279) Survivor regions: 4->2(7)
[2026-01-16T08:29:42.860+0000][gc,heap     ] GC(279) Old regions: 173->173
[2026-01-16T08:29:42.862+0000][gc,heap     ] GC(279) Humongous regions: 149->149
[2026-01-16T08:29:42.862+0000][gc,metaspace] GC(279) Metaspace: 14270K(14656K)->14270K(14656K) NonClass: 12661K(12864K)->12661K(12864K) Class: 1608K(1792K)->1608K(1792K)
[2026-01-16T08:29:42.863+0000][gc          ] GC(279) Pause Young (Normal) (G1 Evacuation Pause) 372M->323M(1024M) 126.941ms
[2026-01-16T08:29:42.863+0000][gc,cpu      ] GC(279) User=0.11s Sys=0.01s Real=0.13s
[2026-01-16T08:29:44.004+0000][gc,start    ] GC(280) Pause Young (Normal) (G1 Evacuation Pause)
[2026-01-16T08:29:44.005+0000][gc,task     ] GC(280) Using 8 workers of 8 for evacuation
[2026-01-16T08:29:44.108+0000][gc,phases   ] GC(280)   Pre Evacuate Collection Set: 7.1ms
[2026-01-16T08:29:44.112+0000][gc,phases   ] GC(280)   Merge Heap Roots: 0.7ms
[2026-01-16T08:29:44.114+0000][gc,phases   ] GC(280)   Evacuate Collection Set: 86.8ms
[2026-01-16T08:29:44.117+0000][gc,phases   ] GC(280)   Post Evacuate Collection Set: 6.0ms
[2026-01-16T08:29:44.118+0000][gc,phases   ] GC(280)   Other: 2.0ms
[2026-01-16T08:29:44.120+0000][gc,heap     ] GC(280) Eden regions: 49->0(48)
[2026-01-16T08:29:44.121+0000][gc,heap     ] GC(280) Survivor regions: 2->3(7)
[2026-01-16T08:29:44.122+0000][gc,heap     ] GC(280) Old regions: 173->173
[2026-01-16T08:29:44.124+0000][gc,heap     ] GC(280) Humongous regions: 149->149
[2026-01-16T08:29:44.125+0000][gc,metaspace] GC(280) Metaspace: 14270K(14656K)->14270K(14656K) NonClass: 12661K(12864K)->12661K(12864K) Class: 1608K(1792K)->1608K(1792K)
[2026-01-16T08:29:44.128+0000][gc          ] GC(280) Pause Young (Normal) (G1 Evacuation Pause) 372M->324M(1024M) 124.393ms
[2026-01-16T08:29:44.129+0000][gc,cpu      ] GC(280) User=0.08s Sys=0.00s Real=0.12s
[2026-01-16T08:29:44.972+0000][gc,start    ] GC(281) Pause Young (Normal) (G1 Evacuation Pause)
[2026-01-16T08:29:44.974+0000][gc,task     ] GC(281) Using 8 workers of 8 for evacuation
[2026-01-16T08:29:45.067+0000][gc,phases   ] GC(281)   Pre Evacuate Collection Set: 1.9ms
[2026-01-16T08:29:45.067+0000][gc,phases   ] GC(281)   Merge Heap Roots: 2.2ms
[2026-01-16T08:29:45.069+0000][gc,phases   ] GC(281)   Evacuate Collection Set: 82.1ms
[2026-01-16T08:29:45.069+0000][gc,phases   ] GC(281)   Post Evacuate Collection Set: 4.3ms
[2026-01-16T08:29:45.069+0000][gc,phases   ] GC(281)   Other: 0.5ms
[2026-01-16T08:29:45.071+0000][gc,heap     ] GC(281) Eden regions: 48->0(47)
[2026-01-16T08:29:45.073+0000][gc,heap     ] GC(281) Survivor regions: 3->4(7)
[2026-01-16T08:29:45.074+0000][gc,heap     ] GC(281) Old regions: 173->173
[2026-01-16T08:29:45.074+0000][gc,heap     ] GC(281) Humongous regions: 149->149
[2026-01-16T08:29:45.074+0000][gc,metaspace] GC(281) Metaspace: 14270K(14656K)->14270K(14656K) NonClass: 12661K(12864K)->12661K(12864K) Class: 1608K(1792K)->1608K(1792K)
[2026-01-16T08:29:45.075+0000][gc          ] GC(281) Pause Young (Normal) (G1 Evacuation Pause) 372M->324M(1024M) 102.645ms
[2026-01-16T08:29:45.075+0000][gc,cpu      ] GC(281) User=0.05s Sys=0.00s Real=0.11s
[2026-01-16T08:29:49.334+0000][gc,start    ] GC(282) Pause Young (Normal) (G1 Evacuation Pause)
[2026-01-16T08:29:49.336+0000][gc,task     ] GC(282) Using 8 workers of 8 for evacuation
[2026-01-16T08:29:49.486+0000][gc,phases   ] GC(282)   Pre Evacuate Collection Set: 29.2ms
[2026-01-16T08:29:49.487+0000][gc,phases   ] GC(282)   Merge Heap Roots: 1.7ms
[2026-01-16T08:29:49.488+0000][gc,phases   ] GC(282)   Evacuate Collection Set: 94.6ms
[2026-01-16T08:29:49.493+0000][gc,phases   ] GC(282)   Post Evacuate Collection Set: 22.5ms
[2026-01-16T08:29:49.495+0000][gc,phases   ] GC(282)   Other: 2.2ms
[2026-01-16T08:29:49.499+0000][gc,heap     ] GC(282) Eden regions: 47->0(49)
[2026-01-16T08:29:49.499+0000][gc,heap     ] GC(282) Survivor regions: 4->2(7)
[2026-01-16T08:29:49.508+0000][gc,heap     ] GC(282) Old regions: 173->173
[2026-01-16T08:29:49.509+0000][gc,heap     ] GC(282) Humongous regions: 149->149
[2026-01-16T08:29:49.509+0000][gc,metaspace] GC(282) Metaspace: 14273K(14656K)->14273K(14656K) NonClass: 12664K(12864K)->12664K(12864K) Class: 1608K(1792K)->1608K(1792K)
[2026-01-16T08:29:49.510+0000][gc          ] GC(282) Pause Young (Normal) (G1 Evacuation Pause) 371M->323M(1024M) 175.485ms
[2026-01-16T08:29:49.511+0000][gc,cpu      ] GC(282) User=0.10s Sys=0.01s Real=0.17s
[2026-01-16T08:29:51.037+0000][gc,start    ] GC(283) Pause Young (Normal) (G1 Evacuation Pause)
[2026-01-16T08:29:51.056+0000][gc,task     ] GC(283) Using 8 workers of 8 for evacuation
[2026-01-16T08:29:51.183+0000][gc,phases   ] GC(283)   Pre Evacuate Collection Set: 19.9ms
[2026-01-16T08:29:51.190+0000][gc,phases   ] GC(283)   Merge Heap Roots: 1.7ms
[2026-01-16T08:29:51.194+0000][gc,phases   ] GC(283)   Evacuate Collection Set: 77.4ms
[2026-01-16T08:29:51.195+0000][gc,phases   ] GC(283)   Post Evacuate Collection Set: 23.9ms
[2026-01-16T08:29:51.211+0000][gc,phases   ] GC(283)   Other: 4.2ms
[2026-01-16T08:29:51.235+0000][gc,heap     ] GC(283) Eden regions: 49->0(48)
[2026-01-16T08:29:51.235+0000][gc,heap     ] GC(283) Survivor regions: 2->3(7)
[2026-01-16T08:29:51.238+0000][gc,heap     ] GC(283) Old regions: 173->173
[2026-01-16T08:29:51.280+0000][gc,heap     ] GC(283) Humongous regions: 149->149
[2026-01-16T08:29:51.283+0000][gc,metaspace] GC(283) Metaspace: 14289K(14656K)->14289K(14656K) NonClass: 12680K(12864K)->12680K(12864K) Class: 1608K(1792K)->1608K(1792K)
[2026-01-16T08:29:51.292+0000][gc          ] GC(283) Pause Young (Normal) (G1 Evacuation Pause) 372M->323M(1024M) 255.330ms
[2026-01-16T08:29:51.293+0000][gc,cpu      ] GC(283) User=0.08s Sys=0.03s Real=0.25s
[2026-01-16T08:29:52.444+0000][gc,start    ] GC(284) Pause Young (Normal) (G1 Evacuation Pause)
[2026-01-16T08:29:52.445+0000][gc,task     ] GC(284) Using 8 workers of 8 for evacuation
[2026-01-16T08:29:52.668+0000][gc,mmu      ] GC(284) MMU target violated: 201.0ms (200.0ms/201.0ms)
[2026-01-16T08:29:52.669+0000][gc,phases   ] GC(284)   Pre Evacuate Collection Set: 3.8ms
[2026-01-16T08:29:52.669+0000][gc,phases   ] GC(284)   Merge Heap Roots: 1.0ms
[2026-01-16T08:29:52.669+0000][gc,phases   ] GC(284)   Evacuate Collection Set: 193.8ms
[2026-01-16T08:29:52.669+0000][gc,phases   ] GC(284)   Post Evacuate Collection Set: 22.2ms
[2026-01-16T08:29:52.669+0000][gc,phases   ] GC(284)   Other: 2.6ms
[2026-01-16T08:29:52.669+0000][gc,heap     ] GC(284) Eden regions: 48->0(48)
[2026-01-16T08:29:52.669+0000][gc,heap     ] GC(284) Survivor regions: 3->3(7)
[2026-01-16T08:29:52.673+0000][gc,heap     ] GC(284) Old regions: 173->173
[2026-01-16T08:29:52.674+0000][gc,heap     ] GC(284) Humongous regions: 149->149
[2026-01-16T08:29:52.677+0000][gc,metaspace] GC(284) Metaspace: 14289K(14656K)->14289K(14656K) NonClass: 12680K(12864K)->12680K(12864K) Class: 1608K(1792K)->1608K(1792K)
[2026-01-16T08:29:52.679+0000][gc          ] GC(284) Pause Young (Normal) (G1 Evacuation Pause) 371M->324M(1024M) 234.704ms
[2026-01-16T08:29:52.681+0000][gc,cpu      ] GC(284) User=0.10s Sys=0.00s Real=0.23s
[2026-01-16T08:29:53.425+0000][gc,start    ] GC(285) Pause Young (Normal) (G1 Evacuation Pause)
[2026-01-16T08:29:53.426+0000][gc,task     ] GC(285) Using 8 workers of 8 for evacuation
[2026-01-16T08:29:53.663+0000][gc,mmu      ] GC(285) MMU target violated: 201.0ms (200.0ms/201.0ms)
[2026-01-16T08:29:53.665+0000][gc,phases   ] GC(285)   Pre Evacuate Collection Set: 2.4ms
[2026-01-16T08:29:53.666+0000][gc,phases   ] GC(285)   Merge Heap Roots: 0.9ms
[2026-01-16T08:29:53.666+0000][gc,phases   ] GC(285)   Evacuate Collection Set: 216.7ms
[2026-01-16T08:29:53.667+0000][gc,phases   ] GC(285)   Post Evacuate Collection Set: 11.8ms
[2026-01-16T08:29:53.667+0000][gc,phases   ] GC(285)   Other: 7.9ms
[2026-01-16T08:29:53.667+0000][gc,heap     ] GC(285) Eden regions: 48->0(47)
[2026-01-16T08:29:53.667+0000][gc,heap     ] GC(285) Survivor regions: 3->4(7)
[2026-01-16T08:29:53.667+0000][gc,heap     ] GC(285) Old regions: 173->173
[2026-01-16T08:29:53.667+0000][gc,heap     ] GC(285) Humongous regions: 149->149
[2026-01-16T08:29:53.671+0000][gc,metaspace] GC(285) Metaspace: 14290K(14656K)->14290K(14656K) NonClass: 12681K(12864K)->12681K(12864K) Class: 1608K(1792K)->1608K(1792K)
[2026-01-16T08:29:53.676+0000][gc          ] GC(285) Pause Young (Normal) (G1 Evacuation Pause) 372M->325M(1024M) 250.869ms
[2026-01-16T08:29:53.682+0000][gc,cpu      ] GC(285) User=0.14s Sys=0.02s Real=0.25s
[2026-01-16T08:30:03.319+0000][gc,start    ] GC(286) Pause Young (Normal) (G1 Evacuation Pause)
[2026-01-16T08:30:03.321+0000][gc,task     ] GC(286) Using 8 workers of 8 for evacuation
[2026-01-16T08:30:04.074+0000][gc,mmu      ] GC(286) MMU target violated: 201.0ms (200.0ms/201.0ms)
[2026-01-16T08:30:04.077+0000][gc,phases   ] GC(286)   Pre Evacuate Collection Set: 38.6ms
[2026-01-16T08:30:04.077+0000][gc,phases   ] GC(286)   Merge Heap Roots: 5.6ms
[2026-01-16T08:30:04.077+0000][gc,phases   ] GC(286)   Evacuate Collection Set: 675.4ms
[2026-01-16T08:30:04.077+0000][gc,phases   ] GC(286)   Post Evacuate Collection Set: 31.4ms
[2026-01-16T08:30:04.077+0000][gc,phases   ] GC(286)   Other: 5.0ms
[2026-01-16T08:30:04.077+0000][gc,heap     ] GC(286) Eden regions: 47->0(48)
[2026-01-16T08:30:04.078+0000][gc,heap     ] GC(286) Survivor regions: 4->3(7)
[2026-01-16T08:30:04.078+0000][gc,heap     ] GC(286) Old regions: 173->173
[2026-01-16T08:30:04.079+0000][gc,heap     ] GC(286) Humongous regions: 149->149
[2026-01-16T08:30:04.079+0000][gc,metaspace] GC(286) Metaspace: 14296K(14656K)->14296K(14656K) NonClass: 12688K(12864K)->12688K(12864K) Class: 1608K(1792K)->1608K(1792K)
[2026-01-16T08:30:04.082+0000][gc          ] GC(286) Pause Young (Normal) (G1 Evacuation Pause) 372M->324M(1024M) 763.624ms
[2026-01-16T08:30:04.091+0000][gc,cpu      ] GC(286) User=0.34s Sys=0.03s Real=0.77s
[2026-01-16T08:30:07.690+0000][gc,start    ] GC(287) Pause Young (Normal) (G1 Evacuation Pause)
[2026-01-16T08:30:07.691+0000][gc,task     ] GC(287) Using 8 workers of 8 for evacuation
[2026-01-16T08:30:08.745+0000][gc,mmu      ] GC(287) MMU target violated: 201.0ms (200.0ms/201.0ms)
[2026-01-16T08:30:08.751+0000][gc,phases   ] GC(287)   Pre Evacuate Collection Set: 45.8ms
[2026-01-16T08:30:08.754+0000][gc,phases   ] GC(287)   Merge Heap Roots: 1.9ms
[2026-01-16T08:30:08.755+0000][gc,phases   ] GC(287)   Evacuate Collection Set: 945.3ms
[2026-01-16T08:30:08.756+0000][gc,phases   ] GC(287)   Post Evacuate Collection Set: 60.1ms
[2026-01-16T08:30:08.762+0000][gc,phases   ] GC(287)   Other: 6.7ms
[2026-01-16T08:30:08.765+0000][gc,heap     ] GC(287) Eden regions: 48->0(48)
[2026-01-16T08:30:08.773+0000][gc,heap     ] GC(287) Survivor regions: 3->3(7)
[2026-01-16T08:30:08.798+0000][gc,heap     ] GC(287) Old regions: 173->173
[2026-01-16T08:30:08.801+0000][gc,heap     ] GC(287) Humongous regions: 149->149
[2026-01-16T08:30:08.805+0000][gc,metaspace] GC(287) Metaspace: 14296K(14656K)->14296K(14656K) NonClass: 12688K(12864K)->12688K(12864K) Class: 1608K(1792K)->1608K(1792K)
[2026-01-16T08:30:08.806+0000][gc          ] GC(287) Pause Young (Normal) (G1 Evacuation Pause) 372M->324M(1024M) 1115.706ms
[2026-01-16T08:30:08.806+0000][gc,cpu      ] GC(287) User=0.43s Sys=0.10s Real=1.12s
[2026-01-16T08:30:13.728+0000][gc,start    ] GC(288) Pause Young (Normal) (G1 Evacuation Pause)
[2026-01-16T08:30:13.732+0000][gc,task     ] GC(288) Using 8 workers of 8 for evacuation
[2026-01-16T08:30:14.170+0000][gc,mmu      ] GC(288) MMU target violated: 201.0ms (200.0ms/201.0ms)
[2026-01-16T08:30:14.170+0000][gc,phases   ] GC(288)   Pre Evacuate Collection Set: 26.0ms
[2026-01-16T08:30:14.171+0000][gc,phases   ] GC(288)   Merge Heap Roots: 32.3ms
[2026-01-16T08:30:14.172+0000][gc,phases   ] GC(288)   Evacuate Collection Set: 368.7ms
[2026-01-16T08:30:14.172+0000][gc,phases   ] GC(288)   Post Evacuate Collection Set: 6.2ms
[2026-01-16T08:30:14.173+0000][gc,phases   ] GC(288)   Other: 5.6ms
[2026-01-16T08:30:14.173+0000][gc,heap     ] GC(288) Eden regions: 48->0(48)
[2026-01-16T08:30:14.173+0000][gc,heap     ] GC(288) Survivor regions: 3->3(7)
[2026-01-16T08:30:14.173+0000][gc,heap     ] GC(288) Old regions: 173->174
[2026-01-16T08:30:14.176+0000][gc,heap     ] GC(288) Humongous regions: 149->149
[2026-01-16T08:30:14.179+0000][gc,metaspace] GC(288) Metaspace: 14297K(14656K)->14297K(14656K) NonClass: 12688K(12864K)->12688K(12864K) Class: 1608K(1792K)->1608K(1792K)
[2026-01-16T08:30:14.181+0000][gc          ] GC(288) Pause Young (Normal) (G1 Evacuation Pause) 372M->324M(1024M) 452.616ms
[2026-01-16T08:30:14.182+0000][gc,cpu      ] GC(288) User=0.35s Sys=0.02s Real=0.45s
[2026-01-16T08:30:16.065+0000][gc,start    ] GC(289) Pause Young (Normal) (G1 Evacuation Pause)
[2026-01-16T08:30:16.073+0000][gc,task     ] GC(289) Using 8 workers of 8 for evacuation
[2026-01-16T08:30:16.412+0000][gc,mmu      ] GC(289) MMU target violated: 201.0ms (200.0ms/201.0ms)
[2026-01-16T08:30:16.414+0000][gc,phases   ] GC(289)   Pre Evacuate Collection Set: 25.5ms
[2026-01-16T08:30:16.417+0000][gc,phases   ] GC(289)   Merge Heap Roots: 1.2ms
[2026-01-16T08:30:16.417+0000][gc,phases   ] GC(289)   Evacuate Collection Set: 303.8ms
[2026-01-16T08:30:16.417+0000][gc,phases   ] GC(289)   Post Evacuate Collection Set: 7.3ms
[2026-01-16T08:30:16.418+0000][gc,phases   ] GC(289)   Other: 9.6ms
[2026-01-16T08:30:16.419+0000][gc,heap     ] GC(289) Eden regions: 48->0(47)
[2026-01-16T08:30:16.422+0000][gc,heap     ] GC(289) Survivor regions: 3->4(7)
[2026-01-16T08:30:16.423+0000][gc,heap     ] GC(289) Old regions: 174->174
[2026-01-16T08:30:16.424+0000][gc,heap     ] GC(289) Humongous regions: 149->149
[2026-01-16T08:30:16.424+0000][gc,metaspace] GC(289) Metaspace: 14303K(14656K)->14303K(14656K) NonClass: 12694K(12864K)->12694K(12864K) Class: 1608K(1792K)->1608K(1792K)
[2026-01-16T08:30:16.425+0000][gc          ] GC(289) Pause Young (Normal) (G1 Evacuation Pause) 372M->325M(1024M) 359.856ms
[2026-01-16T08:30:16.425+0000][gc,cpu      ] GC(289) User=0.27s Sys=0.02s Real=0.36s
[2026-01-16T08:30:17.422+0000][gc,start    ] GC(290) Pause Young (Normal) (G1 Evacuation Pause)
[2026-01-16T08:30:17.422+0000][gc,task     ] GC(290) Using 8 workers of 8 for evacuation
[2026-01-16T08:30:17.557+0000][gc,phases   ] GC(290)   Pre Evacuate Collection Set: 3.2ms
[2026-01-16T08:30:17.559+0000][gc,phases   ] GC(290)   Merge Heap Roots: 0.8ms
[2026-01-16T08:30:17.559+0000][gc,phases   ] GC(290)   Evacuate Collection Set: 122.9ms
[2026-01-16T08:30:17.560+0000][gc,phases   ] GC(290)   Post Evacuate Collection Set: 7.5ms
[2026-01-16T08:30:17.560+0000][gc,phases   ] GC(290)   Other: 0.4ms
[2026-01-16T08:30:17.561+0000][gc,heap     ] GC(290) Eden regions: 47->0(46)
[2026-01-16T08:30:17.563+0000][gc,heap     ] GC(290) Survivor regions: 4->5(7)
[2026-01-16T08:30:17.564+0000][gc,heap     ] GC(290) Old regions: 174->174
[2026-01-16T08:30:17.564+0000][gc,heap     ] GC(290) Humongous regions: 149->149
[2026-01-16T08:30:17.566+0000][gc,metaspace] GC(290) Metaspace: 14306K(14656K)->14306K(14656K) NonClass: 12697K(12864K)->12697K(12864K) Class: 1608K(1792K)->1608K(1792K)
[2026-01-16T08:30:17.568+0000][gc          ] GC(290) Pause Young (Normal) (G1 Evacuation Pause) 372M->326M(1024M) 145.472ms
[2026-01-16T08:30:17.568+0000][gc,cpu      ] GC(290) User=0.11s Sys=0.01s Real=0.15s
[2026-01-16T08:30:19.301+0000][gc,start    ] GC(291) Pause Young (Normal) (G1 Evacuation Pause)
[2026-01-16T08:30:19.305+0000][gc,task     ] GC(291) Using 8 workers of 8 for evacuation
[2026-01-16T08:30:20.171+0000][gc,mmu      ] GC(291) MMU target violated: 201.0ms (200.0ms/201.0ms)
[2026-01-16T08:30:20.173+0000][gc,phases   ] GC(291)   Pre Evacuate Collection Set: 84.4ms
[2026-01-16T08:30:20.179+0000][gc,phases   ] GC(291)   Merge Heap Roots: 88.7ms
[2026-01-16T08:30:20.180+0000][gc,phases   ] GC(291)   Evacuate Collection Set: 667.7ms
[2026-01-16T08:30:20.184+0000][gc,phases   ] GC(291)   Post Evacuate Collection Set: 4.5ms
[2026-01-16T08:30:20.186+0000][gc,phases   ] GC(291)   Other: 22.8ms
[2026-01-16T08:30:20.187+0000][gc,heap     ] GC(291) Eden regions: 46->0(47)
[2026-01-16T08:30:20.188+0000][gc,heap     ] GC(291) Survivor regions: 5->4(7)
[2026-01-16T08:30:20.188+0000][gc,heap     ] GC(291) Old regions: 174->174
[2026-01-16T08:30:20.190+0000][gc,heap     ] GC(291) Humongous regions: 149->149
[2026-01-16T08:30:20.190+0000][gc,metaspace] GC(291) Metaspace: 14306K(14656K)->14306K(14656K) NonClass: 12697K(12864K)->12697K(12864K) Class: 1608K(1792K)->1608K(1792K)
[2026-01-16T08:30:20.193+0000][gc          ] GC(291) Pause Young (Normal) (G1 Evacuation Pause) 372M->326M(1024M) 891.817ms
[2026-01-16T08:30:20.194+0000][gc,cpu      ] GC(291) User=0.31s Sys=0.04s Real=0.90s
[2026-01-16T08:30:24.669+0000][gc,start    ] GC(292) Pause Young (Normal) (G1 Evacuation Pause)
[2026-01-16T08:30:24.670+0000][gc,task     ] GC(292) Using 8 workers of 8 for evacuation
[2026-01-16T08:30:25.080+0000][gc,mmu      ] GC(292) MMU target violated: 201.0ms (200.0ms/201.0ms)
[2026-01-16T08:30:25.082+0000][gc,phases   ] GC(292)   Pre Evacuate Collection Set: 28.9ms
[2026-01-16T08:30:25.084+0000][gc,phases   ] GC(292)   Merge Heap Roots: 2.0ms
[2026-01-16T08:30:25.089+0000][gc,phases   ] GC(292)   Evacuate Collection Set: 362.9ms
[2026-01-16T08:30:25.089+0000][gc,phases   ] GC(292)   Post Evacuate Collection Set: 13.1ms
[2026-01-16T08:30:25.090+0000][gc,phases   ] GC(292)   Other: 4.8ms
[2026-01-16T08:30:25.091+0000][gc,heap     ] GC(292) Eden regions: 47->0(46)
[2026-01-16T08:30:25.091+0000][gc,heap     ] GC(292) Survivor regions: 4->5(7)
[2026-01-16T08:30:25.091+0000][gc,heap     ] GC(292) Old regions: 174->174
[2026-01-16T08:30:25.091+0000][gc,heap     ] GC(292) Humongous regions: 149->149
[2026-01-16T08:30:25.092+0000][gc,metaspace] GC(292) Metaspace: 14308K(14656K)->14308K(14656K) NonClass: 12699K(12864K)->12699K(12864K) Class: 1608K(1792K)->1608K(1792K)
[2026-01-16T08:30:25.092+0000][gc          ] GC(292) Pause Young (Normal) (G1 Evacuation Pause) 373M->327M(1024M) 423.807ms
[2026-01-16T08:30:25.093+0000][gc,cpu      ] GC(292) User=0.21s Sys=0.01s Real=0.42s
[2026-01-16T08:30:26.815+0000][gc,start    ] GC(293) Pause Young (Normal) (G1 Evacuation Pause)
[2026-01-16T08:30:26.817+0000][gc,task     ] GC(293) Using 8 workers of 8 for evacuation
[2026-01-16T08:30:27.225+0000][gc,mmu      ] GC(293) MMU target violated: 201.0ms (200.0ms/201.0ms)
[2026-01-16T08:30:27.226+0000][gc,phases   ] GC(293)   Pre Evacuate Collection Set: 9.2ms
[2026-01-16T08:30:27.226+0000][gc,phases   ] GC(293)   Merge Heap Roots: 0.4ms
[2026-01-16T08:30:27.227+0000][gc,phases   ] GC(293)   Evacuate Collection Set: 395.2ms
[2026-01-16T08:30:27.227+0000][gc,phases   ] GC(293)   Post Evacuate Collection Set: 1.7ms
[2026-01-16T08:30:27.227+0000][gc,phases   ] GC(293)   Other: 2.4ms
[2026-01-16T08:30:27.227+0000][gc,heap     ] GC(293) Eden regions: 46->0(46)
[2026-01-16T08:30:27.227+0000][gc,heap     ] GC(293) Survivor regions: 5->5(7)
[2026-01-16T08:30:27.227+0000][gc,heap     ] GC(293) Old regions: 174->175
[2026-01-16T08:30:27.227+0000][gc,heap     ] GC(293) Humongous regions: 149->149
[2026-01-16T08:30:27.227+0000][gc,metaspace] GC(293) Metaspace: 14308K(14656K)->14308K(14656K) NonClass: 12699K(12864K)->12699K(12864K) Class: 1608K(1792K)->1608K(1792K)
[2026-01-16T08:30:27.228+0000][gc          ] GC(293) Pause Young (Normal) (G1 Evacuation Pause) 373M->328M(1024M) 413.368ms
[2026-01-16T08:30:27.231+0000][gc,cpu      ] GC(293) User=0.20s Sys=0.03s Real=0.41s
[2026-01-16T08:30:29.606+0000][gc,start    ] GC(294) Pause Young (Normal) (G1 Evacuation Pause)
[2026-01-16T08:30:29.655+0000][gc,task     ] GC(294) Using 8 workers of 8 for evacuation
[2026-01-16T08:30:30.558+0000][gc,mmu      ] GC(294) MMU target violated: 201.0ms (200.0ms/201.0ms)
[2026-01-16T08:30:30.561+0000][gc,phases   ] GC(294)   Pre Evacuate Collection Set: 149.0ms
[2026-01-16T08:30:30.563+0000][gc,phases   ] GC(294)   Merge Heap Roots: 30.9ms
[2026-01-16T08:30:30.563+0000][gc,phases   ] GC(294)   Evacuate Collection Set: 695.4ms
[2026-01-16T08:30:30.566+0000][gc,phases   ] GC(294)   Post Evacuate Collection Set: 1.9ms
[2026-01-16T08:30:30.567+0000][gc,phases   ] GC(294)   Other: 28.2ms
[2026-01-16T08:30:30.569+0000][gc,heap     ] GC(294) Eden regions: 46->0(46)
[2026-01-16T08:30:30.569+0000][gc,heap     ] GC(294) Survivor regions: 5->5(7)
[2026-01-16T08:30:30.569+0000][gc,heap     ] GC(294) Old regions: 175->176
[2026-01-16T08:30:30.570+0000][gc,heap     ] GC(294) Humongous regions: 149->149
[2026-01-16T08:30:30.570+0000][gc,metaspace] GC(294) Metaspace: 14308K(14656K)->14308K(14656K) NonClass: 12699K(12864K)->12699K(12864K) Class: 1608K(1792K)->1608K(1792K)
[2026-01-16T08:30:30.571+0000][gc          ] GC(294) Pause Young (Normal) (G1 Evacuation Pause) 374M->328M(1024M) 965.199ms
[2026-01-16T08:30:30.573+0000][gc,cpu      ] GC(294) User=0.38s Sys=0.04s Real=0.98s
[2026-01-16T08:30:33.170+0000][gc,start    ] GC(295) Pause Young (Normal) (G1 Evacuation Pause)
[2026-01-16T08:30:33.172+0000][gc,task     ] GC(295) Using 8 workers of 8 for evacuation
[2026-01-16T08:30:34.022+0000][gc,mmu      ] GC(295) MMU target violated: 201.0ms (200.0ms/201.0ms)
[2026-01-16T08:30:34.024+0000][gc,phases   ] GC(295)   Pre Evacuate Collection Set: 72.6ms
[2026-01-16T08:30:34.026+0000][gc,phases   ] GC(295)   Merge Heap Roots: 4.6ms
[2026-01-16T08:30:34.027+0000][gc,phases   ] GC(295)   Evacuate Collection Set: 745.3ms
[2026-01-16T08:30:34.029+0000][gc,phases   ] GC(295)   Post Evacuate Collection Set: 26.8ms
[2026-01-16T08:30:34.031+0000][gc,phases   ] GC(295)   Other: 2.4ms
[2026-01-16T08:30:34.031+0000][gc,heap     ] GC(295) Eden regions: 46->0(47)
[2026-01-16T08:30:34.031+0000][gc,heap     ] GC(295) Survivor regions: 5->4(7)
[2026-01-16T08:30:34.032+0000][gc,heap     ] GC(295) Old regions: 176->177
[2026-01-16T08:30:34.032+0000][gc,heap     ] GC(295) Humongous regions: 149->149
[2026-01-16T08:30:34.032+0000][gc,metaspace] GC(295) Metaspace: 14308K(14656K)->14308K(14656K) NonClass: 12700K(12864K)->12700K(12864K) Class: 1608K(1792K)->1608K(1792K)
[2026-01-16T08:30:34.032+0000][gc          ] GC(295) Pause Young (Normal) (G1 Evacuation Pause) 374M->329M(1024M) 862.246ms
[2026-01-16T08:30:34.033+0000][gc,cpu      ] GC(295) User=0.26s Sys=0.06s Real=0.86s
[2026-01-16T08:30:35.408+0000][gc,start    ] GC(296) Pause Young (Normal) (G1 Evacuation Pause)
[2026-01-16T08:30:35.409+0000][gc,task     ] GC(296) Using 8 workers of 8 for evacuation
[2026-01-16T08:30:35.572+0000][gc,phases   ] GC(296)   Pre Evacuate Collection Set: 3.9ms
[2026-01-16T08:30:35.573+0000][gc,phases   ] GC(296)   Merge Heap Roots: 0.6ms
[2026-01-16T08:30:35.573+0000][gc,phases   ] GC(296)   Evacuate Collection Set: 145.9ms
[2026-01-16T08:30:35.573+0000][gc,phases   ] GC(296)   Post Evacuate Collection Set: 8.6ms
[2026-01-16T08:30:35.575+0000][gc,phases   ] GC(296)   Other: 4.8ms
[2026-01-16T08:30:35.576+0000][gc,heap     ] GC(296) Eden regions: 47->0(46)
[2026-01-16T08:30:35.576+0000][gc,heap     ] GC(296) Survivor regions: 4->5(7)
[2026-01-16T08:30:35.576+0000][gc,heap     ] GC(296) Old regions: 177->177
[2026-01-16T08:30:35.577+0000][gc,heap     ] GC(296) Humongous regions: 149->149
[2026-01-16T08:30:35.577+0000][gc,metaspace] GC(296) Metaspace: 14309K(14656K)->14309K(14656K) NonClass: 12700K(12864K)->12700K(12864K) Class: 1608K(1792K)->1608K(1792K)
[2026-01-16T08:30:35.579+0000][gc          ] GC(296) Pause Young (Normal) (G1 Evacuation Pause) 376M->330M(1024M) 170.868ms
[2026-01-16T08:30:35.581+0000][gc,cpu      ] GC(296) User=0.12s Sys=0.00s Real=0.17s
[2026-01-16T08:30:37.550+0000][gc,start    ] GC(297) Pause Young (Normal) (G1 Evacuation Pause)
[2026-01-16T08:30:37.554+0000][gc,task     ] GC(297) Using 8 workers of 8 for evacuation
[2026-01-16T08:30:37.815+0000][gc,mmu      ] GC(297) MMU target violated: 201.0ms (200.0ms/201.0ms)
[2026-01-16T08:30:37.817+0000][gc,phases   ] GC(297)   Pre Evacuate Collection Set: 3.3ms
[2026-01-16T08:30:37.818+0000][gc,phases   ] GC(297)   Merge Heap Roots: 5.4ms
[2026-01-16T08:30:37.819+0000][gc,phases   ] GC(297)   Evacuate Collection Set: 247.2ms
[2026-01-16T08:30:37.820+0000][gc,phases   ] GC(297)   Post Evacuate Collection Set: 4.0ms
[2026-01-16T08:30:37.820+0000][gc,phases   ] GC(297)   Other: 2.9ms
[2026-01-16T08:30:37.821+0000][gc,heap     ] GC(297) Eden regions: 46->0(46)
[2026-01-16T08:30:37.824+0000][gc,heap     ] GC(297) Survivor regions: 5->5(7)
[2026-01-16T08:30:37.824+0000][gc,heap     ] GC(297) Old regions: 177->179
[2026-01-16T08:30:37.825+0000][gc,heap     ] GC(297) Humongous regions: 149->149
[2026-01-16T08:30:37.825+0000][gc,metaspace] GC(297) Metaspace: 14309K(14656K)->14309K(14656K) NonClass: 12700K(12864K)->12700K(12864K) Class: 1608K(1792K)->1608K(1792K)
[2026-01-16T08:30:37.827+0000][gc          ] GC(297) Pause Young (Normal) (G1 Evacuation Pause) 376M->331M(1024M) 276.755ms
[2026-01-16T08:30:37.828+0000][gc,cpu      ] GC(297) User=0.16s Sys=0.01s Real=0.28s
[2026-01-16T08:30:38.627+0000][gc,start    ] GC(298) Pause Young (Normal) (G1 Evacuation Pause)
[2026-01-16T08:30:38.627+0000][gc,task     ] GC(298) Using 8 workers of 8 for evacuation
[2026-01-16T08:30:38.713+0000][gc,phases   ] GC(298)   Pre Evacuate Collection Set: 9.5ms
[2026-01-16T08:30:38.713+0000][gc,phases   ] GC(298)   Merge Heap Roots: 0.3ms
[2026-01-16T08:30:38.714+0000][gc,phases   ] GC(298)   Evacuate Collection Set: 71.7ms
[2026-01-16T08:30:38.715+0000][gc,phases   ] GC(298)   Post Evacuate Collection Set: 3.2ms
[2026-01-16T08:30:38.716+0000][gc,phases   ] GC(298)   Other: 1.2ms
[2026-01-16T08:30:38.716+0000][gc,heap     ] GC(298) Eden regions: 46->0(47)
[2026-01-16T08:30:38.717+0000][gc,heap     ] GC(298) Survivor regions: 5->4(7)
[2026-01-16T08:30:38.717+0000][gc,heap     ] GC(298) Old regions: 179->179
[2026-01-16T08:30:38.720+0000][gc,heap     ] GC(298) Humongous regions: 149->149
[2026-01-16T08:30:38.721+0000][gc,metaspace] GC(298) Metaspace: 14309K(14656K)->14309K(14656K) NonClass: 12700K(12864K)->12700K(12864K) Class: 1608K(1792K)->1608K(1792K)
[2026-01-16T08:30:38.722+0000][gc          ] GC(298) Pause Young (Normal) (G1 Evacuation Pause) 377M->331M(1024M) 95.134ms
[2026-01-16T08:30:38.722+0000][gc,cpu      ] GC(298) User=0.05s Sys=0.01s Real=0.09s
[2026-01-16T08:30:39.197+0000][gc,start    ] GC(299) Pause Young (Normal) (G1 Evacuation Pause)
[2026-01-16T08:30:39.199+0000][gc,task     ] GC(299) Using 8 workers of 8 for evacuation
[2026-01-16T08:30:39.304+0000][gc,phases   ] GC(299)   Pre Evacuate Collection Set: 1.4ms
[2026-01-16T08:30:39.304+0000][gc,phases   ] GC(299)   Merge Heap Roots: 0.3ms
[2026-01-16T08:30:39.306+0000][gc,phases   ] GC(299)   Evacuate Collection Set: 92.1ms
[2026-01-16T08:30:39.307+0000][gc,phases   ] GC(299)   Post Evacuate Collection Set: 10.2ms
[2026-01-16T08:30:39.310+0000][gc,phases   ] GC(299)   Other: 0.9ms
[2026-01-16T08:30:39.310+0000][gc,heap     ] GC(299) Eden regions: 47->0(47)
[2026-01-16T08:30:39.310+0000][gc,heap     ] GC(299) Survivor regions: 4->4(7)
[2026-01-16T08:30:39.311+0000][gc,heap     ] GC(299) Old regions: 179->180
[2026-01-16T08:30:39.311+0000][gc,heap     ] GC(299) Humongous regions: 149->149
[2026-01-16T08:30:39.311+0000][gc,metaspace] GC(299) Metaspace: 14309K(14656K)->14309K(14656K) NonClass: 12700K(12864K)->12700K(12864K) Class: 1608K(1792K)->1608K(1792K)
[2026-01-16T08:30:39.311+0000][gc          ] GC(299) Pause Young (Normal) (G1 Evacuation Pause) 378M->332M(1024M) 114.277ms
[2026-01-16T08:30:39.311+0000][gc,cpu      ] GC(299) User=0.07s Sys=0.03s Real=0.11s
[2026-01-16T08:30:42.539+0000][gc,start    ] GC(300) Pause Young (Normal) (G1 Evacuation Pause)
[2026-01-16T08:30:42.545+0000][gc,task     ] GC(300) Using 8 workers of 8 for evacuation
[2026-01-16T08:30:42.938+0000][gc,mmu      ] GC(300) MMU target violated: 201.0ms (200.0ms/201.0ms)
[2026-01-16T08:30:42.940+0000][gc,phases   ] GC(300)   Pre Evacuate Collection Set: 33.0ms
[2026-01-16T08:30:42.942+0000][gc,phases   ] GC(300)   Merge Heap Roots: 26.4ms
[2026-01-16T08:30:42.943+0000][gc,phases   ] GC(300)   Evacuate Collection Set: 273.6ms
[2026-01-16T08:30:42.945+0000][gc,phases   ] GC(300)   Post Evacuate Collection Set: 52.7ms
[2026-01-16T08:30:42.948+0000][gc,phases   ] GC(300)   Other: 9.4ms
[2026-01-16T08:30:42.948+0000][gc,heap     ] GC(300) Eden regions: 47->0(46)
[2026-01-16T08:30:42.950+0000][gc,heap     ] GC(300) Survivor regions: 4->5(7)
[2026-01-16T08:30:42.953+0000][gc,heap     ] GC(300) Old regions: 180->180
[2026-01-16T08:30:42.956+0000][gc,heap     ] GC(300) Humongous regions: 149->149
[2026-01-16T08:30:42.957+0000][gc,metaspace] GC(300) Metaspace: 14313K(14656K)->14313K(14656K) NonClass: 12704K(12864K)->12704K(12864K) Class: 1608K(1792K)->1608K(1792K)
[2026-01-16T08:30:42.959+0000][gc          ] GC(300) Pause Young (Normal) (G1 Evacuation Pause) 379M->333M(1024M) 420.321ms
[2026-01-16T08:30:42.961+0000][gc,cpu      ] GC(300) User=0.18s Sys=0.01s Real=0.42s
[2026-01-16T08:30:44.513+0000][gc,start    ] GC(301) Pause Young (Normal) (G1 Evacuation Pause)
[2026-01-16T08:30:44.522+0000][gc,task     ] GC(301) Using 8 workers of 8 for evacuation
[2026-01-16T08:30:44.637+0000][gc,phases   ] GC(301)   Pre Evacuate Collection Set: 6.9ms
[2026-01-16T08:30:44.637+0000][gc,phases   ] GC(301)   Merge Heap Roots: 1.1ms
[2026-01-16T08:30:44.638+0000][gc,phases   ] GC(301)   Evacuate Collection Set: 79.9ms
[2026-01-16T08:30:44.638+0000][gc,phases   ] GC(301)   Post Evacuate Collection Set: 20.4ms
[2026-01-16T08:30:44.638+0000][gc,phases   ] GC(301)   Other: 10.0ms
[2026-01-16T08:30:44.638+0000][gc,heap     ] GC(301) Eden regions: 46->0(47)
[2026-01-16T08:30:44.638+0000][gc,heap     ] GC(301) Survivor regions: 5->4(7)
[2026-01-16T08:30:44.639+0000][gc,heap     ] GC(301) Old regions: 180->182
[2026-01-16T08:30:44.639+0000][gc,heap     ] GC(301) Humongous regions: 149->149
[2026-01-16T08:30:44.639+0000][gc,metaspace] GC(301) Metaspace: 14313K(14656K)->14313K(14656K) NonClass: 12704K(12864K)->12704K(12864K) Class: 1608K(1792K)->1608K(1792K)
[2026-01-16T08:30:44.639+0000][gc          ] GC(301) Pause Young (Normal) (G1 Evacuation Pause) 379M->333M(1024M) 126.406ms
[2026-01-16T08:30:44.646+0000][gc,cpu      ] GC(301) User=0.12s Sys=0.02s Real=0.14s
[2026-01-16T08:30:46.287+0000][gc,start    ] GC(302) Pause Young (Normal) (G1 Evacuation Pause)
[2026-01-16T08:30:46.292+0000][gc,task     ] GC(302) Using 8 workers of 8 for evacuation
[2026-01-16T08:30:46.792+0000][gc,mmu      ] GC(302) MMU target violated: 201.0ms (200.0ms/201.0ms)
[2026-01-16T08:30:46.804+0000][gc,phases   ] GC(302)   Pre Evacuate Collection Set: 46.3ms
[2026-01-16T08:30:46.805+0000][gc,phases   ] GC(302)   Merge Heap Roots: 6.4ms
[2026-01-16T08:30:46.806+0000][gc,phases   ] GC(302)   Evacuate Collection Set: 433.5ms
[2026-01-16T08:30:46.806+0000][gc,phases   ] GC(302)   Post Evacuate Collection Set: 13.5ms
[2026-01-16T08:30:46.807+0000][gc,phases   ] GC(302)   Other: 12.9ms
[2026-01-16T08:30:46.807+0000][gc,heap     ] GC(302) Eden regions: 47->0(46)
[2026-01-16T08:30:46.807+0000][gc,heap     ] GC(302) Survivor regions: 4->5(7)
[2026-01-16T08:30:46.810+0000][gc,heap     ] GC(302) Old regions: 182->182
[2026-01-16T08:30:46.810+0000][gc,heap     ] GC(302) Humongous regions: 149->149
[2026-01-16T08:30:46.818+0000][gc,metaspace] GC(302) Metaspace: 14313K(14656K)->14313K(14656K) NonClass: 12704K(12864K)->12704K(12864K) Class: 1608K(1792K)->1608K(1792K)
[2026-01-16T08:30:46.821+0000][gc          ] GC(302) Pause Young (Normal) (G1 Evacuation Pause) 380M->334M(1024M) 534.000ms
[2026-01-16T08:30:46.822+0000][gc,cpu      ] GC(302) User=0.18s Sys=0.02s Real=0.53s
[2026-01-16T08:30:48.532+0000][gc,start    ] GC(303) Pause Young (Normal) (G1 Evacuation Pause)
[2026-01-16T08:30:48.564+0000][gc,task     ] GC(303) Using 8 workers of 8 for evacuation
[2026-01-16T08:30:48.781+0000][gc,phases   ] GC(303)   Pre Evacuate Collection Set: 20.0ms
[2026-01-16T08:30:48.782+0000][gc,phases   ] GC(303)   Merge Heap Roots: 7.2ms
[2026-01-16T08:30:48.783+0000][gc,phases   ] GC(303)   Evacuate Collection Set: 152.3ms
[2026-01-16T08:30:48.783+0000][gc,phases   ] GC(303)   Post Evacuate Collection Set: 14.6ms
[2026-01-16T08:30:48.784+0000][gc,phases   ] GC(303)   Other: 23.1ms
[2026-01-16T08:30:48.786+0000][gc,heap     ] GC(303) Eden regions: 46->0(46)
[2026-01-16T08:30:48.788+0000][gc,heap     ] GC(303) Survivor regions: 5->5(7)
[2026-01-16T08:30:48.789+0000][gc,heap     ] GC(303) Old regions: 182->182
[2026-01-16T08:30:48.791+0000][gc,heap     ] GC(303) Humongous regions: 149->149
[2026-01-16T08:30:48.792+0000][gc,metaspace] GC(303) Metaspace: 14313K(14656K)->14313K(14656K) NonClass: 12705K(12864K)->12705K(12864K) Class: 1608K(1792K)->1608K(1792K)
[2026-01-16T08:30:48.792+0000][gc          ] GC(303) Pause Young (Normal) (G1 Evacuation Pause) 380M->335M(1024M) 260.381ms
[2026-01-16T08:30:48.793+0000][gc,cpu      ] GC(303) User=0.14s Sys=0.03s Real=0.27s
[2026-01-16T08:30:50.415+0000][gc,start    ] GC(304) Pause Young (Normal) (G1 Evacuation Pause)
[2026-01-16T08:30:50.416+0000][gc,task     ] GC(304) Using 8 workers of 8 for evacuation
[2026-01-16T08:30:50.726+0000][gc,mmu      ] GC(304) MMU target violated: 201.0ms (200.0ms/201.0ms)
[2026-01-16T08:30:50.726+0000][gc,phases   ] GC(304)   Pre Evacuate Collection Set: 15.7ms
[2026-01-16T08:30:50.726+0000][gc,phases   ] GC(304)   Merge Heap Roots: 4.0ms
[2026-01-16T08:30:50.727+0000][gc,phases   ] GC(304)   Evacuate Collection Set: 261.0ms
[2026-01-16T08:30:50.727+0000][gc,phases   ] GC(304)   Post Evacuate Collection Set: 27.7ms
[2026-01-16T08:30:50.727+0000][gc,phases   ] GC(304)   Other: 2.1ms
[2026-01-16T08:30:50.727+0000][gc,heap     ] GC(304) Eden regions: 46->0(46)
[2026-01-16T08:30:50.728+0000][gc,heap     ] GC(304) Survivor regions: 5->5(7)
[2026-01-16T08:30:50.730+0000][gc,heap     ] GC(304) Old regions: 182->183
[2026-01-16T08:30:50.730+0000][gc,heap     ] GC(304) Humongous regions: 149->149
[2026-01-16T08:30:50.732+0000][gc,metaspace] GC(304) Metaspace: 14314K(14656K)->14314K(14656K) NonClass: 12705K(12864K)->12705K(12864K) Class: 1608K(1792K)->1608K(1792K)
[2026-01-16T08:30:50.732+0000][gc          ] GC(304) Pause Young (Normal) (G1 Evacuation Pause) 381M->335M(1024M) 317.649ms
[2026-01-16T08:30:50.734+0000][gc,cpu      ] GC(304) User=0.13s Sys=0.04s Real=0.32s
[2026-01-16T08:30:54.008+0000][gc,start    ] GC(305) Pause Young (Normal) (G1 Evacuation Pause)
[2026-01-16T08:30:54.012+0000][gc,task     ] GC(305) Using 8 workers of 8 for evacuation
[2026-01-16T08:30:54.236+0000][gc,mmu      ] GC(305) MMU target violated: 201.0ms (200.0ms/201.0ms)
[2026-01-16T08:30:54.239+0000][gc,phases   ] GC(305)   Pre Evacuate Collection Set: 32.8ms
[2026-01-16T08:30:54.239+0000][gc,phases   ] GC(305)   Merge Heap Roots: 4.8ms
[2026-01-16T08:30:54.243+0000][gc,phases   ] GC(305)   Evacuate Collection Set: 168.6ms
[2026-01-16T08:30:54.244+0000][gc,phases   ] GC(305)   Post Evacuate Collection Set: 8.4ms
[2026-01-16T08:30:54.244+0000][gc,phases   ] GC(305)   Other: 12.9ms
[2026-01-16T08:30:54.244+0000][gc,heap     ] GC(305) Eden regions: 46->0(49)
[2026-01-16T08:30:54.244+0000][gc,heap     ] GC(305) Survivor regions: 5->2(7)
[2026-01-16T08:30:54.245+0000][gc,heap     ] GC(305) Old regions: 183->184
[2026-01-16T08:30:54.245+0000][gc,heap     ] GC(305) Humongous regions: 149->149
[2026-01-16T08:30:54.245+0000][gc,metaspace] GC(305) Metaspace: 14314K(14656K)->14314K(14656K) NonClass: 12706K(12864K)->12706K(12864K) Class: 1608K(1792K)->1608K(1792K)
[2026-01-16T08:30:54.246+0000][gc          ] GC(305) Pause Young (Normal) (G1 Evacuation Pause) 381M->334M(1024M) 238.324ms
[2026-01-16T08:30:54.246+0000][gc,cpu      ] GC(305) User=0.18s Sys=0.03s Real=0.24s
[2026-01-16T08:30:57.371+0000][gc,start    ] GC(306) Pause Young (Normal) (G1 Evacuation Pause)
[2026-01-16T08:30:57.374+0000][gc,task     ] GC(306) Using 8 workers of 8 for evacuation
[2026-01-16T08:30:57.698+0000][gc,mmu      ] GC(306) MMU target violated: 201.0ms (200.0ms/201.0ms)
[2026-01-16T08:30:57.700+0000][gc,phases   ] GC(306)   Pre Evacuate Collection Set: 32.4ms
[2026-01-16T08:30:57.701+0000][gc,phases   ] GC(306)   Merge Heap Roots: 5.9ms
[2026-01-16T08:30:57.701+0000][gc,phases   ] GC(306)   Evacuate Collection Set: 267.0ms
[2026-01-16T08:30:57.701+0000][gc,phases   ] GC(306)   Post Evacuate Collection Set: 11.6ms
[2026-01-16T08:30:57.701+0000][gc,phases   ] GC(306)   Other: 9.7ms
[2026-01-16T08:30:57.702+0000][gc,heap     ] GC(306) Eden regions: 50->0(48)
[2026-01-16T08:30:57.702+0000][gc,heap     ] GC(306) Survivor regions: 2->3(7)
[2026-01-16T08:30:57.702+0000][gc,heap     ] GC(306) Old regions: 184->184
[2026-01-16T08:30:57.702+0000][gc,heap     ] GC(306) Humongous regions: 149->149
[2026-01-16T08:30:57.702+0000][gc,metaspace] GC(306) Metaspace: 14316K(14656K)->14316K(14656K) NonClass: 12707K(12864K)->12707K(12864K) Class: 1608K(1792K)->1608K(1792K)
[2026-01-16T08:30:57.703+0000][gc          ] GC(306) Pause Young (Normal) (G1 Evacuation Pause) 384M->334M(1024M) 331.596ms
[2026-01-16T08:30:57.703+0000][gc,cpu      ] GC(306) User=0.18s Sys=0.01s Real=0.33s
[2026-01-16T08:31:00.844+0000][gc,start    ] GC(307) Pause Young (Normal) (G1 Evacuation Pause)
[2026-01-16T08:31:00.864+0000][gc,task     ] GC(307) Using 8 workers of 8 for evacuation
[2026-01-16T08:31:01.145+0000][gc,mmu      ] GC(307) MMU target violated: 201.0ms (200.0ms/201.0ms)
[2026-01-16T08:31:01.146+0000][gc,phases   ] GC(307)   Pre Evacuate Collection Set: 47.2ms
[2026-01-16T08:31:01.146+0000][gc,phases   ] GC(307)   Merge Heap Roots: 23.8ms
[2026-01-16T08:31:01.146+0000][gc,phases   ] GC(307)   Evacuate Collection Set: 203.2ms
[2026-01-16T08:31:01.147+0000][gc,phases   ] GC(307)   Post Evacuate Collection Set: 3.8ms
[2026-01-16T08:31:01.147+0000][gc,phases   ] GC(307)   Other: 21.8ms
[2026-01-16T08:31:01.148+0000][gc,heap     ] GC(307) Eden regions: 48->0(47)
[2026-01-16T08:31:01.148+0000][gc,heap     ] GC(307) Survivor regions: 3->4(7)
[2026-01-16T08:31:01.148+0000][gc,heap     ] GC(307) Old regions: 184->184
[2026-01-16T08:31:01.148+0000][gc,heap     ] GC(307) Humongous regions: 149->149
[2026-01-16T08:31:01.151+0000][gc,metaspace] GC(307) Metaspace: 14321K(14720K)->14321K(14720K) NonClass: 12712K(12928K)->12712K(12928K) Class: 1608K(1792K)->1608K(1792K)
[2026-01-16T08:31:01.152+0000][gc          ] GC(307) Pause Young (Normal) (G1 Evacuation Pause) 382M->335M(1024M) 308.210ms
[2026-01-16T08:31:01.153+0000][gc,cpu      ] GC(307) User=0.22s Sys=0.04s Real=0.30s
[2026-01-16T08:31:03.273+0000][gc,start    ] GC(308) Pause Young (Normal) (G1 Evacuation Pause)
[2026-01-16T08:31:03.277+0000][gc,task     ] GC(308) Using 8 workers of 8 for evacuation
[2026-01-16T08:31:04.467+0000][gc,mmu      ] GC(308) MMU target violated: 201.0ms (200.0ms/201.0ms)
[2026-01-16T08:31:04.475+0000][gc,phases   ] GC(308)   Pre Evacuate Collection Set: 133.8ms
[2026-01-16T08:31:04.478+0000][gc,phases   ] GC(308)   Merge Heap Roots: 18.9ms
[2026-01-16T08:31:04.478+0000][gc,phases   ] GC(308)   Evacuate Collection Set: 906.1ms
[2026-01-16T08:31:04.479+0000][gc,phases   ] GC(308)   Post Evacuate Collection Set: 120.6ms
[2026-01-16T08:31:04.479+0000][gc,phases   ] GC(308)   Other: 19.5ms
[2026-01-16T08:31:04.479+0000][gc,heap     ] GC(308) Eden regions: 47->0(47)
[2026-01-16T08:31:04.480+0000][gc,heap     ] GC(308) Survivor regions: 4->4(7)
[2026-01-16T08:31:04.481+0000][gc,heap     ] GC(308) Old regions: 184->184
[2026-01-16T08:31:04.481+0000][gc,heap     ] GC(308) Humongous regions: 149->149
[2026-01-16T08:31:04.481+0000][gc,metaspace] GC(308) Metaspace: 14321K(14720K)->14321K(14720K) NonClass: 12712K(12928K)->12712K(12928K) Class: 1608K(1792K)->1608K(1792K)
[2026-01-16T08:31:04.482+0000][gc          ] GC(308) Pause Young (Normal) (G1 Evacuation Pause) 382M->336M(1024M) 1208.970ms
[2026-01-16T08:31:04.484+0000][gc,cpu      ] GC(308) User=0.37s Sys=0.05s Real=1.21s
[2026-01-16T08:31:07.972+0000][gc,start    ] GC(309) Pause Young (Normal) (G1 Evacuation Pause)
[2026-01-16T08:31:07.982+0000][gc,task     ] GC(309) Using 8 workers of 8 for evacuation
[2026-01-16T08:31:08.379+0000][gc,mmu      ] GC(309) MMU target violated: 201.0ms (200.0ms/201.0ms)
[2026-01-16T08:31:08.381+0000][gc,phases   ] GC(309)   Pre Evacuate Collection Set: 57.7ms
[2026-01-16T08:31:08.383+0000][gc,phases   ] GC(309)   Merge Heap Roots: 0.5ms
[2026-01-16T08:31:08.383+0000][gc,phases   ] GC(309)   Evacuate Collection Set: 327.7ms
[2026-01-16T08:31:08.385+0000][gc,phases   ] GC(309)   Post Evacuate Collection Set: 10.1ms
[2026-01-16T08:31:08.385+0000][gc,phases   ] GC(309)   Other: 5.0ms
[2026-01-16T08:31:08.386+0000][gc,heap     ] GC(309) Eden regions: 47->0(48)
[2026-01-16T08:31:08.386+0000][gc,heap     ] GC(309) Survivor regions: 4->3(7)
[2026-01-16T08:31:08.387+0000][gc,heap     ] GC(309) Old regions: 184->184
[2026-01-16T08:31:08.387+0000][gc,heap     ] GC(309) Humongous regions: 149->149
[2026-01-16T08:31:08.388+0000][gc,metaspace] GC(309) Metaspace: 14321K(14720K)->14321K(14720K) NonClass: 12713K(12928K)->12713K(12928K) Class: 1608K(1792K)->1608K(1792K)
[2026-01-16T08:31:08.388+0000][gc          ] GC(309) Pause Young (Normal) (G1 Evacuation Pause) 383M->334M(1024M) 416.070ms
[2026-01-16T08:31:08.390+0000][gc,cpu      ] GC(309) User=0.24s Sys=0.03s Real=0.42s
[2026-01-16T08:31:10.357+0000][gc,start    ] GC(310) Pause Young (Normal) (G1 Evacuation Pause)
[2026-01-16T08:31:10.362+0000][gc,task     ] GC(310) Using 8 workers of 8 for evacuation
[2026-01-16T08:31:10.926+0000][gc,mmu      ] GC(310) MMU target violated: 201.0ms (200.0ms/201.0ms)
[2026-01-16T08:31:10.927+0000][gc,phases   ] GC(310)   Pre Evacuate Collection Set: 9.8ms
[2026-01-16T08:31:10.931+0000][gc,phases   ] GC(310)   Merge Heap Roots: 1.4ms
[2026-01-16T08:31:10.934+0000][gc,phases   ] GC(310)   Evacuate Collection Set: 412.8ms
[2026-01-16T08:31:10.934+0000][gc,phases   ] GC(310)   Post Evacuate Collection Set: 138.4ms
[2026-01-16T08:31:10.934+0000][gc,phases   ] GC(310)   Other: 2.6ms
[2026-01-16T08:31:10.935+0000][gc,heap     ] GC(310) Eden regions: 48->0(48)
[2026-01-16T08:31:10.936+0000][gc,heap     ] GC(310) Survivor regions: 3->3(7)
[2026-01-16T08:31:10.938+0000][gc,heap     ] GC(310) Old regions: 184->184
[2026-01-16T08:31:10.939+0000][gc,heap     ] GC(310) Humongous regions: 149->149
[2026-01-16T08:31:10.939+0000][gc,metaspace] GC(310) Metaspace: 14325K(14720K)->14325K(14720K) NonClass: 12717K(12928K)->12717K(12928K) Class: 1608K(1792K)->1608K(1792K)
[2026-01-16T08:31:10.940+0000][gc          ] GC(310) Pause Young (Normal) (G1 Evacuation Pause) 382M->335M(1024M) 582.997ms
[2026-01-16T08:31:10.943+0000][gc,cpu      ] GC(310) User=0.25s Sys=0.01s Real=0.59s
[2026-01-16T08:31:12.912+0000][gc,start    ] GC(311) Pause Young (Normal) (G1 Evacuation Pause)
[2026-01-16T08:31:12.914+0000][gc,task     ] GC(311) Using 8 workers of 8 for evacuation
[2026-01-16T08:31:13.568+0000][gc,mmu      ] GC(311) MMU target violated: 201.0ms (200.0ms/201.0ms)
[2026-01-16T08:31:13.573+0000][gc,phases   ] GC(311)   Pre Evacuate Collection Set: 32.4ms
[2026-01-16T08:31:13.573+0000][gc,phases   ] GC(311)   Merge Heap Roots: 0.5ms
[2026-01-16T08:31:13.573+0000][gc,phases   ] GC(311)   Evacuate Collection Set: 598.6ms
[2026-01-16T08:31:13.575+0000][gc,phases   ] GC(311)   Post Evacuate Collection Set: 21.2ms
[2026-01-16T08:31:13.575+0000][gc,phases   ] GC(311)   Other: 5.9ms
[2026-01-16T08:31:13.576+0000][gc,heap     ] GC(311) Eden regions: 48->0(47)
[2026-01-16T08:31:13.576+0000][gc,heap     ] GC(311) Survivor regions: 3->4(7)
[2026-01-16T08:31:13.576+0000][gc,heap     ] GC(311) Old regions: 184->184
[2026-01-16T08:31:13.577+0000][gc,heap     ] GC(311) Humongous regions: 149->149
[2026-01-16T08:31:13.577+0000][gc,metaspace] GC(311) Metaspace: 14326K(14720K)->14326K(14720K) NonClass: 12717K(12928K)->12717K(12928K) Class: 1608K(1792K)->1608K(1792K)
[2026-01-16T08:31:13.577+0000][gc          ] GC(311) Pause Young (Normal) (G1 Evacuation Pause) 383M->336M(1024M) 665.339ms
[2026-01-16T08:31:13.580+0000][gc,cpu      ] GC(311) User=0.33s Sys=0.06s Real=0.67s
[2026-01-16T08:31:14.661+0000][gc,start    ] GC(312) Pause Young (Normal) (G1 Evacuation Pause)
[2026-01-16T08:31:14.662+0000][gc,task     ] GC(312) Using 8 workers of 8 for evacuation
[2026-01-16T08:31:15.069+0000][gc,mmu      ] GC(312) MMU target violated: 201.0ms (200.0ms/201.0ms)
[2026-01-16T08:31:15.072+0000][gc,phases   ] GC(312)   Pre Evacuate Collection Set: 8.7ms
[2026-01-16T08:31:15.073+0000][gc,phases   ] GC(312)   Merge Heap Roots: 0.4ms
[2026-01-16T08:31:15.073+0000][gc,phases   ] GC(312)   Evacuate Collection Set: 351.0ms
[2026-01-16T08:31:15.073+0000][gc,phases   ] GC(312)   Post Evacuate Collection Set: 44.1ms
[2026-01-16T08:31:15.074+0000][gc,phases   ] GC(312)   Other: 5.9ms
[2026-01-16T08:31:15.074+0000][gc,heap     ] GC(312) Eden regions: 47->0(46)
[2026-01-16T08:31:15.075+0000][gc,heap     ] GC(312) Survivor regions: 4->5(7)
[2026-01-16T08:31:15.075+0000][gc,heap     ] GC(312) Old regions: 184->184
[2026-01-16T08:31:15.076+0000][gc,heap     ] GC(312) Humongous regions: 149->149
[2026-01-16T08:31:15.076+0000][gc,metaspace] GC(312) Metaspace: 14326K(14720K)->14326K(14720K) NonClass: 12717K(12928K)->12717K(12928K) Class: 1608K(1792K)->1608K(1792K)
[2026-01-16T08:31:15.076+0000][gc          ] GC(312) Pause Young (Normal) (G1 Evacuation Pause) 383M->336M(1024M) 415.405ms
[2026-01-16T08:31:15.077+0000][gc,cpu      ] GC(312) User=0.14s Sys=0.01s Real=0.42s
[2026-01-16T08:31:16.619+0000][gc,start    ] GC(313) Pause Young (Normal) (G1 Evacuation Pause)
[2026-01-16T08:31:16.628+0000][gc,task     ] GC(313) Using 8 workers of 8 for evacuation
[2026-01-16T08:31:17.096+0000][gc,mmu      ] GC(313) MMU target violated: 201.0ms (200.0ms/201.0ms)
[2026-01-16T08:31:17.097+0000][gc,phases   ] GC(313)   Pre Evacuate Collection Set: 27.0ms
[2026-01-16T08:31:17.098+0000][gc,phases   ] GC(313)   Merge Heap Roots: 7.3ms
[2026-01-16T08:31:17.099+0000][gc,phases   ] GC(313)   Evacuate Collection Set: 405.9ms
[2026-01-16T08:31:17.100+0000][gc,phases   ] GC(313)   Post Evacuate Collection Set: 27.3ms
[2026-01-16T08:31:17.100+0000][gc,phases   ] GC(313)   Other: 2.3ms
[2026-01-16T08:31:17.100+0000][gc,heap     ] GC(313) Eden regions: 46->0(46)
[2026-01-16T08:31:17.101+0000][gc,heap     ] GC(313) Survivor regions: 5->5(7)
[2026-01-16T08:31:17.101+0000][gc,heap     ] GC(313) Old regions: 184->185
[2026-01-16T08:31:17.101+0000][gc,heap     ] GC(313) Humongous regions: 149->149
[2026-01-16T08:31:17.101+0000][gc,metaspace] GC(313) Metaspace: 14326K(14720K)->14326K(14720K) NonClass: 12717K(12928K)->12717K(12928K) Class: 1608K(1792K)->1608K(1792K)
[2026-01-16T08:31:17.102+0000][gc          ] GC(313) Pause Young (Normal) (G1 Evacuation Pause) 382M->337M(1024M) 482.799ms
[2026-01-16T08:31:17.102+0000][gc,cpu      ] GC(313) User=0.20s Sys=0.02s Real=0.48s
[2026-01-16T08:31:17.977+0000][gc,start    ] GC(314) Pause Young (Normal) (G1 Evacuation Pause)
[2026-01-16T08:31:17.978+0000][gc,task     ] GC(314) Using 8 workers of 8 for evacuation
[2026-01-16T08:31:18.050+0000][gc,phases   ] GC(314)   Pre Evacuate Collection Set: 6.9ms
[2026-01-16T08:31:18.050+0000][gc,phases   ] GC(314)   Merge Heap Roots: 1.9ms
[2026-01-16T08:31:18.051+0000][gc,phases   ] GC(314)   Evacuate Collection Set: 54.2ms
[2026-01-16T08:31:18.051+0000][gc,phases   ] GC(314)   Post Evacuate Collection Set: 6.5ms
[2026-01-16T08:31:18.052+0000][gc,phases   ] GC(314)   Other: 2.3ms
[2026-01-16T08:31:18.053+0000][gc,heap     ] GC(314) Eden regions: 46->0(48)
[2026-01-16T08:31:18.053+0000][gc,heap     ] GC(314) Survivor regions: 5->3(7)
[2026-01-16T08:31:18.053+0000][gc,heap     ] GC(314) Old regions: 185->185
[2026-01-16T08:31:18.053+0000][gc,heap     ] GC(314) Humongous regions: 149->149
[2026-01-16T08:31:18.053+0000][gc,metaspace] GC(314) Metaspace: 14326K(14720K)->14326K(14720K) NonClass: 12717K(12928K)->12717K(12928K) Class: 1608K(1792K)->1608K(1792K)
[2026-01-16T08:31:18.054+0000][gc          ] GC(314) Pause Young (Normal) (G1 Evacuation Pause) 383M->336M(1024M) 76.783ms
[2026-01-16T08:31:18.054+0000][gc,cpu      ] GC(314) User=0.04s Sys=0.01s Real=0.08s
[2026-01-16T08:31:18.891+0000][gc,start    ] GC(315) Pause Young (Normal) (G1 Evacuation Pause)
[2026-01-16T08:31:18.891+0000][gc,task     ] GC(315) Using 8 workers of 8 for evacuation
[2026-01-16T08:31:18.998+0000][gc,phases   ] GC(315)   Pre Evacuate Collection Set: 2.1ms
[2026-01-16T08:31:19.000+0000][gc,phases   ] GC(315)   Merge Heap Roots: 0.8ms
[2026-01-16T08:31:19.000+0000][gc,phases   ] GC(315)   Evacuate Collection Set: 90.1ms
[2026-01-16T08:31:19.001+0000][gc,phases   ] GC(315)   Post Evacuate Collection Set: 13.2ms
[2026-01-16T08:31:19.002+0000][gc,phases   ] GC(315)   Other: 0.8ms
[2026-01-16T08:31:19.007+0000][gc,heap     ] GC(315) Eden regions: 48->0(48)
[2026-01-16T08:31:19.009+0000][gc,heap     ] GC(315) Survivor regions: 3->3(7)
[2026-01-16T08:31:19.009+0000][gc,heap     ] GC(315) Old regions: 185->185
[2026-01-16T08:31:19.010+0000][gc,heap     ] GC(315) Humongous regions: 149->149
[2026-01-16T08:31:19.010+0000][gc,metaspace] GC(315) Metaspace: 14330K(14720K)->14330K(14720K) NonClass: 12722K(12928K)->12722K(12928K) Class: 1608K(1792K)->1608K(1792K)
[2026-01-16T08:31:19.011+0000][gc          ] GC(315) Pause Young (Normal) (G1 Evacuation Pause) 384M->336M(1024M) 120.041ms
[2026-01-16T08:31:19.012+0000][gc,cpu      ] GC(315) User=0.07s Sys=0.01s Real=0.12s
[2026-01-16T08:31:21.053+0000][gc,start    ] GC(316) Pause Young (Normal) (G1 Evacuation Pause)
[2026-01-16T08:31:21.057+0000][gc,task     ] GC(316) Using 8 workers of 8 for evacuation
[2026-01-16T08:31:21.205+0000][gc,phases   ] GC(316)   Pre Evacuate Collection Set: 30.3ms
[2026-01-16T08:31:21.207+0000][gc,phases   ] GC(316)   Merge Heap Roots: 3.2ms
[2026-01-16T08:31:21.207+0000][gc,phases   ] GC(316)   Evacuate Collection Set: 108.5ms
[2026-01-16T08:31:21.207+0000][gc,phases   ] GC(316)   Post Evacuate Collection Set: 5.2ms
[2026-01-16T08:31:21.208+0000][gc,phases   ] GC(316)   Other: 1.9ms
[2026-01-16T08:31:21.208+0000][gc,heap     ] GC(316) Eden regions: 48->0(49)
[2026-01-16T08:31:21.209+0000][gc,heap     ] GC(316) Survivor regions: 3->2(7)
[2026-01-16T08:31:21.209+0000][gc,heap     ] GC(316) Old regions: 185->185
[2026-01-16T08:31:21.210+0000][gc,heap     ] GC(316) Humongous regions: 149->149
[2026-01-16T08:31:21.210+0000][gc,metaspace] GC(316) Metaspace: 14339K(14720K)->14339K(14720K) NonClass: 12730K(12928K)->12730K(12928K) Class: 1608K(1792K)->1608K(1792K)
[2026-01-16T08:31:21.212+0000][gc          ] GC(316) Pause Young (Normal) (G1 Evacuation Pause) 384M->334M(1024M) 159.190ms
[2026-01-16T08:31:21.212+0000][gc,cpu      ] GC(316) User=0.09s Sys=0.01s Real=0.16s
[2026-01-16T08:31:22.049+0000][gc,start    ] GC(317) Pause Young (Normal) (G1 Evacuation Pause)
[2026-01-16T08:31:22.054+0000][gc,task     ] GC(317) Using 8 workers of 8 for evacuation
[2026-01-16T08:31:22.103+0000][gc,phases   ] GC(317)   Pre Evacuate Collection Set: 1.2ms
[2026-01-16T08:31:22.105+0000][gc,phases   ] GC(317)   Merge Heap Roots: 0.3ms
[2026-01-16T08:31:22.105+0000][gc,phases   ] GC(317)   Evacuate Collection Set: 38.1ms
[2026-01-16T08:31:22.105+0000][gc,phases   ] GC(317)   Post Evacuate Collection Set: 6.4ms
[2026-01-16T08:31:22.106+0000][gc,phases   ] GC(317)   Other: 3.9ms
[2026-01-16T08:31:22.107+0000][gc,heap     ] GC(317) Eden regions: 49->0(71)
[2026-01-16T08:31:22.107+0000][gc,heap     ] GC(317) Survivor regions: 2->2(7)
[2026-01-16T08:31:22.108+0000][gc,heap     ] GC(317) Old regions: 185->185
[2026-01-16T08:31:22.111+0000][gc,heap     ] GC(317) Humongous regions: 149->149
[2026-01-16T08:31:22.113+0000][gc,metaspace] GC(317) Metaspace: 14343K(14720K)->14343K(14720K) NonClass: 12734K(12928K)->12734K(12928K) Class: 1609K(1792K)->1609K(1792K)
[2026-01-16T08:31:22.114+0000][gc          ] GC(317) Pause Young (Normal) (G1 Evacuation Pause) 383M->335M(1024M) 65.268ms
[2026-01-16T08:31:22.115+0000][gc,cpu      ] GC(317) User=0.04s Sys=0.00s Real=0.07s
[2026-01-16T08:31:25.755+0000][gc,start    ] GC(318) Pause Young (Normal) (G1 Evacuation Pause)
[2026-01-16T08:31:25.759+0000][gc,task     ] GC(318) Using 8 workers of 8 for evacuation
[2026-01-16T08:31:26.200+0000][gc,mmu      ] GC(318) MMU target violated: 201.0ms (200.0ms/201.0ms)
[2026-01-16T08:31:26.223+0000][gc,phases   ] GC(318)   Pre Evacuate Collection Set: 20.2ms
[2026-01-16T08:31:26.223+0000][gc,phases   ] GC(318)   Merge Heap Roots: 3.4ms
[2026-01-16T08:31:26.224+0000][gc,phases   ] GC(318)   Evacuate Collection Set: 399.4ms
[2026-01-16T08:31:26.224+0000][gc,phases   ] GC(318)   Post Evacuate Collection Set: 17.0ms
[2026-01-16T08:31:26.225+0000][gc,phases   ] GC(318)   Other: 24.8ms
[2026-01-16T08:31:26.250+0000][gc,heap     ] GC(318) Eden regions: 67->0(47)
[2026-01-16T08:31:26.255+0000][gc,heap     ] GC(318) Survivor regions: 2->4(9)
[2026-01-16T08:31:26.258+0000][gc,heap     ] GC(318) Old regions: 185->185
[2026-01-16T08:31:26.260+0000][gc,heap     ] GC(318) Humongous regions: 149->149
[2026-01-16T08:31:26.260+0000][gc,metaspace] GC(318) Metaspace: 14343K(14720K)->14343K(14720K) NonClass: 12734K(12928K)->12734K(12928K) Class: 1609K(1792K)->1609K(1792K)
[2026-01-16T08:31:26.261+0000][gc          ] GC(318) Pause Young (Normal) (G1 Evacuation Pause) 402M->336M(1024M) 506.136ms
[2026-01-16T08:31:26.262+0000][gc,cpu      ] GC(318) User=0.25s Sys=0.01s Real=0.50s
[2026-01-16T08:31:30.137+0000][gc,start    ] GC(319) Pause Young (Normal) (G1 Evacuation Pause)
[2026-01-16T08:31:30.138+0000][gc,task     ] GC(319) Using 8 workers of 8 for evacuation
[2026-01-16T08:31:30.258+0000][gc,phases   ] GC(319)   Pre Evacuate Collection Set: 14.9ms
[2026-01-16T08:31:30.258+0000][gc,phases   ] GC(319)   Merge Heap Roots: 3.6ms
[2026-01-16T08:31:30.258+0000][gc,phases   ] GC(319)   Evacuate Collection Set: 99.0ms
[2026-01-16T08:31:30.260+0000][gc,phases   ] GC(319)   Post Evacuate Collection Set: 1.8ms
[2026-01-16T08:31:30.260+0000][gc,phases   ] GC(319)   Other: 0.6ms
[2026-01-16T08:31:30.260+0000][gc,heap     ] GC(319) Eden regions: 47->0(49)
[2026-01-16T08:31:30.261+0000][gc,heap     ] GC(319) Survivor regions: 4->2(7)
[2026-01-16T08:31:30.261+0000][gc,heap     ] GC(319) Old regions: 185->185
[2026-01-16T08:31:30.261+0000][gc,heap     ] GC(319) Humongous regions: 149->149
[2026-01-16T08:31:30.262+0000][gc,metaspace] GC(319) Metaspace: 14346K(14720K)->14346K(14720K) NonClass: 12736K(12928K)->12736K(12928K) Class: 1609K(1792K)->1609K(1792K)
[2026-01-16T08:31:30.262+0000][gc          ] GC(319) Pause Young (Normal) (G1 Evacuation Pause) 383M->335M(1024M) 125.378ms
[2026-01-16T08:31:30.266+0000][gc,cpu      ] GC(319) User=0.11s Sys=0.01s Real=0.13s
[2026-01-16T08:31:31.501+0000][gc,start    ] GC(320) Pause Young (Normal) (G1 Evacuation Pause)
[2026-01-16T08:31:31.504+0000][gc,task     ] GC(320) Using 8 workers of 8 for evacuation
[2026-01-16T08:31:31.602+0000][gc,phases   ] GC(320)   Pre Evacuate Collection Set: 3.8ms
[2026-01-16T08:31:31.604+0000][gc,phases   ] GC(320)   Merge Heap Roots: 1.1ms
[2026-01-16T08:31:31.605+0000][gc,phases   ] GC(320)   Evacuate Collection Set: 89.4ms
[2026-01-16T08:31:31.605+0000][gc,phases   ] GC(320)   Post Evacuate Collection Set: 3.0ms
[2026-01-16T08:31:31.605+0000][gc,phases   ] GC(320)   Other: 0.8ms
[2026-01-16T08:31:31.605+0000][gc,heap     ] GC(320) Eden regions: 49->0(49)
[2026-01-16T08:31:31.606+0000][gc,heap     ] GC(320) Survivor regions: 2->2(7)
[2026-01-16T08:31:31.606+0000][gc,heap     ] GC(320) Old regions: 185->185
[2026-01-16T08:31:31.607+0000][gc,heap     ] GC(320) Humongous regions: 149->149
[2026-01-16T08:31:31.607+0000][gc,metaspace] GC(320) Metaspace: 14348K(14720K)->14348K(14720K) NonClass: 12738K(12928K)->12738K(12928K) Class: 1609K(1792K)->1609K(1792K)
[2026-01-16T08:31:31.607+0000][gc          ] GC(320) Pause Young (Normal) (G1 Evacuation Pause) 384M->335M(1024M) 105.953ms
[2026-01-16T08:31:31.608+0000][gc,cpu      ] GC(320) User=0.08s Sys=0.00s Real=0.11s
[2026-01-16T08:31:32.424+0000][gc,start    ] GC(321) Pause Young (Normal) (G1 Evacuation Pause)
[2026-01-16T08:31:32.426+0000][gc,task     ] GC(321) Using 8 workers of 8 for evacuation
[2026-01-16T08:31:32.565+0000][gc,phases   ] GC(321)   Pre Evacuate Collection Set: 17.2ms
[2026-01-16T08:31:32.566+0000][gc,phases   ] GC(321)   Merge Heap Roots: 0.1ms
[2026-01-16T08:31:32.566+0000][gc,phases   ] GC(321)   Evacuate Collection Set: 111.6ms
[2026-01-16T08:31:32.567+0000][gc,phases   ] GC(321)   Post Evacuate Collection Set: 1.4ms
[2026-01-16T08:31:32.567+0000][gc,phases   ] GC(321)   Other: 8.9ms
[2026-01-16T08:31:32.568+0000][gc,heap     ] GC(321) Eden regions: 52->0(48)
[2026-01-16T08:31:32.568+0000][gc,heap     ] GC(321) Survivor regions: 2->3(7)
[2026-01-16T08:31:32.568+0000][gc,heap     ] GC(321) Old regions: 185->185
[2026-01-16T08:31:32.570+0000][gc,heap     ] GC(321) Humongous regions: 149->149
[2026-01-16T08:31:32.571+0000][gc,metaspace] GC(321) Metaspace: 14348K(14720K)->14348K(14720K) NonClass: 12738K(12928K)->12738K(12928K) Class: 1609K(1792K)->1609K(1792K)
[2026-01-16T08:31:32.573+0000][gc          ] GC(321) Pause Young (Normal) (G1 Evacuation Pause) 387M->336M(1024M) 149.215ms
[2026-01-16T08:31:32.574+0000][gc,cpu      ] GC(321) User=0.11s Sys=0.01s Real=0.16s
[2026-01-16T08:31:35.687+0000][gc,start    ] GC(322) Pause Young (Normal) (G1 Evacuation Pause)
[2026-01-16T08:31:35.690+0000][gc,task     ] GC(322) Using 8 workers of 8 for evacuation
[2026-01-16T08:31:36.718+0000][gc,mmu      ] GC(322) MMU target violated: 201.0ms (200.0ms/201.0ms)
[2026-01-16T08:31:36.719+0000][gc,phases   ] GC(322)   Pre Evacuate Collection Set: 23.3ms
[2026-01-16T08:31:36.719+0000][gc,phases   ] GC(322)   Merge Heap Roots: 0.8ms
[2026-01-16T08:31:36.720+0000][gc,phases   ] GC(322)   Evacuate Collection Set: 938.0ms
[2026-01-16T08:31:36.720+0000][gc,phases   ] GC(322)   Post Evacuate Collection Set: 64.0ms
[2026-01-16T08:31:36.722+0000][gc,phases   ] GC(322)   Other: 2.3ms
[2026-01-16T08:31:36.723+0000][gc,heap     ] GC(322) Eden regions: 48->0(49)
[2026-01-16T08:31:36.723+0000][gc,heap     ] GC(322) Survivor regions: 3->2(7)
[2026-01-16T08:31:36.726+0000][gc,heap     ] GC(322) Old regions: 185->185
[2026-01-16T08:31:36.726+0000][gc,heap     ] GC(322) Humongous regions: 149->149
[2026-01-16T08:31:36.726+0000][gc,metaspace] GC(322) Metaspace: 14350K(14720K)->14350K(14720K) NonClass: 12740K(12928K)->12740K(12928K) Class: 1609K(1792K)->1609K(1792K)
[2026-01-16T08:31:36.733+0000][gc          ] GC(322) Pause Young (Normal) (G1 Evacuation Pause) 384M->334M(1024M) 1049.459ms
[2026-01-16T08:31:36.734+0000][gc,cpu      ] GC(322) User=0.33s Sys=0.03s Real=1.06s
[2026-01-16T08:31:43.153+0000][gc,start    ] GC(323) Pause Young (Normal) (G1 Evacuation Pause)
[2026-01-16T08:31:43.163+0000][gc,task     ] GC(323) Using 8 workers of 8 for evacuation
[2026-01-16T08:31:43.620+0000][gc,mmu      ] GC(323) MMU target violated: 201.0ms (200.0ms/201.0ms)
[2026-01-16T08:31:43.627+0000][gc,phases   ] GC(323)   Pre Evacuate Collection Set: 31.3ms
[2026-01-16T08:31:43.630+0000][gc,phases   ] GC(323)   Merge Heap Roots: 12.0ms
[2026-01-16T08:31:43.633+0000][gc,phases   ] GC(323)   Evacuate Collection Set: 341.8ms
[2026-01-16T08:31:43.637+0000][gc,phases   ] GC(323)   Post Evacuate Collection Set: 70.6ms
[2026-01-16T08:31:43.637+0000][gc,phases   ] GC(323)   Other: 15.7ms
[2026-01-16T08:31:43.640+0000][gc,heap     ] GC(323) Eden regions: 49->0(48)
[2026-01-16T08:31:43.640+0000][gc,heap     ] GC(323) Survivor regions: 2->3(7)
[2026-01-16T08:31:43.641+0000][gc,heap     ] GC(323) Old regions: 185->185
[2026-01-16T08:31:43.644+0000][gc,heap     ] GC(323) Humongous regions: 149->149
[2026-01-16T08:31:43.645+0000][gc,metaspace] GC(323) Metaspace: 14353K(14720K)->14353K(14720K) NonClass: 12744K(12928K)->12744K(12928K) Class: 1609K(1792K)->1609K(1792K)
[2026-01-16T08:31:43.651+0000][gc          ] GC(323) Pause Young (Normal) (G1 Evacuation Pause) 383M->335M(1024M) 498.188ms
[2026-01-16T08:31:43.653+0000][gc,cpu      ] GC(323) User=0.39s Sys=0.03s Real=0.50s
[2026-01-16T08:31:51.899+0000][gc,start    ] GC(324) Pause Young (Normal) (G1 Evacuation Pause)
[2026-01-16T08:31:51.906+0000][gc,task     ] GC(324) Using 8 workers of 8 for evacuation
[2026-01-16T08:31:55.520+0000][gc,mmu      ] GC(324) MMU target violated: 201.0ms (200.0ms/201.0ms)
[2026-01-16T08:31:55.547+0000][gc,phases   ] GC(324)   Pre Evacuate Collection Set: 58.7ms
[2026-01-16T08:31:55.550+0000][gc,phases   ] GC(324)   Merge Heap Roots: 35.4ms
[2026-01-16T08:31:55.556+0000][gc,phases   ] GC(324)   Evacuate Collection Set: 3169.0ms
[2026-01-16T08:31:55.562+0000][gc,phases   ] GC(324)   Post Evacuate Collection Set: 264.9ms
[2026-01-16T08:31:55.562+0000][gc,phases   ] GC(324)   Other: 113.0ms
[2026-01-16T08:31:55.563+0000][gc,heap     ] GC(324) Eden regions: 48->0(48)
[2026-01-16T08:31:55.563+0000][gc,heap     ] GC(324) Survivor regions: 3->3(7)
[2026-01-16T08:31:55.565+0000][gc,heap     ] GC(324) Old regions: 185->185
[2026-01-16T08:31:55.568+0000][gc,heap     ] GC(324) Humongous regions: 149->149
[2026-01-16T08:31:55.568+0000][gc,metaspace] GC(324) Metaspace: 14353K(14720K)->14353K(14720K) NonClass: 12744K(12928K)->12744K(12928K) Class: 1609K(1792K)->1609K(1792K)
[2026-01-16T08:31:55.587+0000][gc          ] GC(324) Pause Young (Normal) (G1 Evacuation Pause) 383M->336M(1024M) 3688.786ms
[2026-01-16T08:31:55.607+0000][gc,cpu      ] GC(324) User=1.29s Sys=0.17s Real=3.70s
[2026-01-16T08:32:05.145+0000][gc,start    ] GC(325) Pause Young (Normal) (G1 Evacuation Pause)
[2026-01-16T08:32:05.184+0000][gc,task     ] GC(325) Using 8 workers of 8 for evacuation
[2026-01-16T08:32:07.996+0000][gc,mmu      ] GC(325) MMU target violated: 201.0ms (200.0ms/201.0ms)
[2026-01-16T08:32:08.019+0000][gc,phases   ] GC(325)   Pre Evacuate Collection Set: 115.5ms
[2026-01-16T08:32:08.020+0000][gc,phases   ] GC(325)   Merge Heap Roots: 31.6ms
[2026-01-16T08:32:08.021+0000][gc,phases   ] GC(325)   Evacuate Collection Set: 2218.9ms
[2026-01-16T08:32:08.026+0000][gc,phases   ] GC(325)   Post Evacuate Collection Set: 431.9ms
[2026-01-16T08:32:08.029+0000][gc,phases   ] GC(325)   Other: 56.7ms
[2026-01-16T08:32:08.034+0000][gc,heap     ] GC(325) Eden regions: 48->0(47)
[2026-01-16T08:32:08.037+0000][gc,heap     ] GC(325) Survivor regions: 3->4(7)
[2026-01-16T08:32:08.040+0000][gc,heap     ] GC(325) Old regions: 185->185
[2026-01-16T08:32:08.040+0000][gc,heap     ] GC(325) Humongous regions: 149->149
[2026-01-16T08:32:08.042+0000][gc,metaspace] GC(325) Metaspace: 14355K(14720K)->14355K(14720K) NonClass: 12746K(12928K)->12746K(12928K) Class: 1609K(1792K)->1609K(1792K)
[2026-01-16T08:32:08.066+0000][gc          ] GC(325) Pause Young (Normal) (G1 Evacuation Pause) 384M->337M(1024M) 2920.859ms
[2026-01-16T08:32:08.068+0000][gc,cpu      ] GC(325) User=1.40s Sys=0.19s Real=2.95s
[2026-01-16T08:32:15.388+0000][gc,start    ] GC(326) Pause Young (Normal) (G1 Evacuation Pause)
[2026-01-16T08:32:15.426+0000][gc,task     ] GC(326) Using 8 workers of 8 for evacuation
[2026-01-16T08:32:16.593+0000][gc,mmu      ] GC(326) MMU target violated: 201.0ms (200.0ms/201.0ms)
[2026-01-16T08:32:16.595+0000][gc,phases   ] GC(326)   Pre Evacuate Collection Set: 64.3ms
[2026-01-16T08:32:16.595+0000][gc,phases   ] GC(326)   Merge Heap Roots: 2.6ms
[2026-01-16T08:32:16.595+0000][gc,phases   ] GC(326)   Evacuate Collection Set: 994.4ms
[2026-01-16T08:32:16.596+0000][gc,phases   ] GC(326)   Post Evacuate Collection Set: 101.8ms
[2026-01-16T08:32:16.597+0000][gc,phases   ] GC(326)   Other: 32.7ms
[2026-01-16T08:32:16.597+0000][gc,heap     ] GC(326) Eden regions: 47->0(46)
[2026-01-16T08:32:16.598+0000][gc,heap     ] GC(326) Survivor regions: 4->5(7)
[2026-01-16T08:32:16.601+0000][gc,heap     ] GC(326) Old regions: 185->185
[2026-01-16T08:32:16.602+0000][gc,heap     ] GC(326) Humongous regions: 149->149
[2026-01-16T08:32:16.602+0000][gc,metaspace] GC(326) Metaspace: 14356K(14720K)->14356K(14720K) NonClass: 12746K(12928K)->12746K(12928K) Class: 1609K(1792K)->1609K(1792K)
[2026-01-16T08:32:16.619+0000][gc          ] GC(326) Pause Young (Normal) (G1 Evacuation Pause) 384M->338M(1024M) 1231.010ms
[2026-01-16T08:32:16.622+0000][gc,cpu      ] GC(326) User=0.56s Sys=0.04s Real=1.23s
[2026-01-16T08:32:19.704+0000][gc,start    ] GC(327) Pause Young (Normal) (G1 Evacuation Pause)
[2026-01-16T08:32:19.729+0000][gc,task     ] GC(327) Using 8 workers of 8 for evacuation
[2026-01-16T08:32:21.053+0000][gc,mmu      ] GC(327) MMU target violated: 201.0ms (200.0ms/201.0ms)
[2026-01-16T08:32:21.072+0000][gc,phases   ] GC(327)   Pre Evacuate Collection Set: 68.0ms
[2026-01-16T08:32:21.073+0000][gc,phases   ] GC(327)   Merge Heap Roots: 32.7ms
[2026-01-16T08:32:21.076+0000][gc,phases   ] GC(327)   Evacuate Collection Set: 1019.4ms
[2026-01-16T08:32:21.084+0000][gc,phases   ] GC(327)   Post Evacuate Collection Set: 199.9ms
[2026-01-16T08:32:21.089+0000][gc,phases   ] GC(327)   Other: 40.4ms
[2026-01-16T08:32:21.093+0000][gc,heap     ] GC(327) Eden regions: 46->0(47)
[2026-01-16T08:32:21.102+0000][gc,heap     ] GC(327) Survivor regions: 5->4(7)
[2026-01-16T08:32:21.102+0000][gc,heap     ] GC(327) Old regions: 185->187
[2026-01-16T08:32:21.103+0000][gc,heap     ] GC(327) Humongous regions: 149->149
[2026-01-16T08:32:21.103+0000][gc,metaspace] GC(327) Metaspace: 14356K(14720K)->14356K(14720K) NonClass: 12746K(12928K)->12746K(12928K) Class: 1609K(1792K)->1609K(1792K)
[2026-01-16T08:32:21.110+0000][gc          ] GC(327) Pause Young (Normal) (G1 Evacuation Pause) 384M->339M(1024M) 1406.059ms
[2026-01-16T08:32:21.117+0000][gc,cpu      ] GC(327) User=0.63s Sys=0.08s Real=1.41s
[2026-01-16T08:32:26.836+0000][gc,start    ] GC(328) Pause Young (Normal) (G1 Evacuation Pause)
[2026-01-16T08:32:26.901+0000][gc,task     ] GC(328) Using 8 workers of 8 for evacuation
[2026-01-16T08:32:27.885+0000][gc,mmu      ] GC(328) MMU target violated: 201.0ms (200.0ms/201.0ms)
[2026-01-16T08:32:27.888+0000][gc,phases   ] GC(328)   Pre Evacuate Collection Set: 112.8ms
[2026-01-16T08:32:27.891+0000][gc,phases   ] GC(328)   Merge Heap Roots: 3.6ms
[2026-01-16T08:32:27.892+0000][gc,phases   ] GC(328)   Evacuate Collection Set: 802.9ms
[2026-01-16T08:32:27.894+0000][gc,phases   ] GC(328)   Post Evacuate Collection Set: 61.7ms
[2026-01-16T08:32:27.896+0000][gc,phases   ] GC(328)   Other: 6.1ms
[2026-01-16T08:32:27.899+0000][gc,heap     ] GC(328) Eden regions: 47->0(46)
[2026-01-16T08:32:27.901+0000][gc,heap     ] GC(328) Survivor regions: 4->5(7)
[2026-01-16T08:32:27.904+0000][gc,heap     ] GC(328) Old regions: 187->187
[2026-01-16T08:32:27.904+0000][gc,heap     ] GC(328) Humongous regions: 149->149
[2026-01-16T08:32:27.906+0000][gc,metaspace] GC(328) Metaspace: 14358K(14720K)->14358K(14720K) NonClass: 12748K(12928K)->12748K(12928K) Class: 1609K(1792K)->1609K(1792K)
[2026-01-16T08:32:27.907+0000][gc          ] GC(328) Pause Young (Normal) (G1 Evacuation Pause) 386M->340M(1024M) 1071.074ms
[2026-01-16T08:32:27.907+0000][gc,cpu      ] GC(328) User=0.67s Sys=0.09s Real=1.07s
[2026-01-16T08:32:33.050+0000][gc,start    ] GC(329) Pause Young (Normal) (G1 Evacuation Pause)
[2026-01-16T08:32:33.053+0000][gc,task     ] GC(329) Using 8 workers of 8 for evacuation
[2026-01-16T08:32:33.932+0000][gc,mmu      ] GC(329) MMU target violated: 201.0ms (200.0ms/201.0ms)
[2026-01-16T08:32:33.937+0000][gc,phases   ] GC(329)   Pre Evacuate Collection Set: 59.0ms
[2026-01-16T08:32:33.941+0000][gc,phases   ] GC(329)   Merge Heap Roots: 17.4ms
[2026-01-16T08:32:33.942+0000][gc,phases   ] GC(329)   Evacuate Collection Set: 722.4ms
[2026-01-16T08:32:33.944+0000][gc,phases   ] GC(329)   Post Evacuate Collection Set: 73.5ms
[2026-01-16T08:32:33.946+0000][gc,phases   ] GC(329)   Other: 12.5ms
[2026-01-16T08:32:33.948+0000][gc,heap     ] GC(329) Eden regions: 46->0(46)
[2026-01-16T08:32:33.950+0000][gc,heap     ] GC(329) Survivor regions: 5->5(7)
[2026-01-16T08:32:33.962+0000][gc,heap     ] GC(329) Old regions: 187->188
[2026-01-16T08:32:33.963+0000][gc,heap     ] GC(329) Humongous regions: 149->149
[2026-01-16T08:32:33.965+0000][gc,metaspace] GC(329) Metaspace: 14358K(14720K)->14358K(14720K) NonClass: 12748K(12928K)->12748K(12928K) Class: 1609K(1792K)->1609K(1792K)
[2026-01-16T08:32:33.968+0000][gc          ] GC(329) Pause Young (Normal) (G1 Evacuation Pause) 386M->340M(1024M) 918.425ms
[2026-01-16T08:32:33.971+0000][gc,cpu      ] GC(329) User=0.57s Sys=0.06s Real=0.92s
[2026-01-16T08:32:39.269+0000][gc,start    ] GC(330) Pause Young (Normal) (G1 Evacuation Pause)
[2026-01-16T08:32:39.293+0000][gc,task     ] GC(330) Using 8 workers of 8 for evacuation
[2026-01-16T08:32:40.023+0000][gc,mmu      ] GC(330) MMU target violated: 201.0ms (200.0ms/201.0ms)
[2026-01-16T08:32:40.023+0000][gc,phases   ] GC(330)   Pre Evacuate Collection Set: 119.0ms
[2026-01-16T08:32:40.024+0000][gc,phases   ] GC(330)   Merge Heap Roots: 28.3ms
[2026-01-16T08:32:40.024+0000][gc,phases   ] GC(330)   Evacuate Collection Set: 563.2ms
[2026-01-16T08:32:40.025+0000][gc,phases   ] GC(330)   Post Evacuate Collection Set: 14.6ms
[2026-01-16T08:32:40.025+0000][gc,phases   ] GC(330)   Other: 4.8ms
[2026-01-16T08:32:40.025+0000][gc,heap     ] GC(330) Eden regions: 46->0(46)
[2026-01-16T08:32:40.026+0000][gc,heap     ] GC(330) Survivor regions: 5->5(7)
[2026-01-16T08:32:40.027+0000][gc,heap     ] GC(330) Old regions: 188->189
[2026-01-16T08:32:40.028+0000][gc,heap     ] GC(330) Humongous regions: 149->149
[2026-01-16T08:32:40.028+0000][gc,metaspace] GC(330) Metaspace: 14358K(14720K)->14358K(14720K) NonClass: 12748K(12928K)->12748K(12928K) Class: 1609K(1792K)->1609K(1792K)
[2026-01-16T08:32:40.030+0000][gc          ] GC(330) Pause Young (Normal) (G1 Evacuation Pause) 386M->341M(1024M) 762.057ms
[2026-01-16T08:32:40.031+0000][gc,cpu      ] GC(330) User=0.33s Sys=0.07s Real=0.77s
[2026-01-16T08:32:42.132+0000][gc,start    ] GC(331) Pause Young (Normal) (G1 Evacuation Pause)
[2026-01-16T08:32:42.133+0000][gc,task     ] GC(331) Using 8 workers of 8 for evacuation
[2026-01-16T08:32:42.715+0000][gc,mmu      ] GC(331) MMU target violated: 201.0ms (200.0ms/201.0ms)
[2026-01-16T08:32:42.717+0000][gc,phases   ] GC(331)   Pre Evacuate Collection Set: 32.8ms
[2026-01-16T08:32:42.726+0000][gc,phases   ] GC(331)   Merge Heap Roots: 13.4ms
[2026-01-16T08:32:42.726+0000][gc,phases   ] GC(331)   Evacuate Collection Set: 496.4ms
[2026-01-16T08:32:42.726+0000][gc,phases   ] GC(331)   Post Evacuate Collection Set: 32.0ms
[2026-01-16T08:32:42.728+0000][gc,phases   ] GC(331)   Other: 10.1ms
[2026-01-16T08:32:42.728+0000][gc,heap     ] GC(331) Eden regions: 46->0(46)
[2026-01-16T08:32:42.729+0000][gc,heap     ] GC(331) Survivor regions: 5->5(7)
[2026-01-16T08:32:42.731+0000][gc,heap     ] GC(331) Old regions: 189->190
[2026-01-16T08:32:42.732+0000][gc,heap     ] GC(331) Humongous regions: 149->149
[2026-01-16T08:32:42.737+0000][gc,metaspace] GC(331) Metaspace: 14358K(14720K)->14358K(14720K) NonClass: 12748K(12928K)->12748K(12928K) Class: 1609K(1792K)->1609K(1792K)
[2026-01-16T08:32:42.740+0000][gc          ] GC(331) Pause Young (Normal) (G1 Evacuation Pause) 387M->342M(1024M) 607.802ms
[2026-01-16T08:32:42.741+0000][gc,cpu      ] GC(331) User=0.30s Sys=0.07s Real=0.61s
[2026-01-16T08:32:47.137+0000][gc,start    ] GC(332) Pause Young (Normal) (G1 Evacuation Pause)
[2026-01-16T08:32:47.139+0000][gc,task     ] GC(332) Using 8 workers of 8 for evacuation
[2026-01-16T08:32:47.655+0000][gc,mmu      ] GC(332) MMU target violated: 201.0ms (200.0ms/201.0ms)
[2026-01-16T08:32:47.656+0000][gc,phases   ] GC(332)   Pre Evacuate Collection Set: 65.6ms
[2026-01-16T08:32:47.657+0000][gc,phases   ] GC(332)   Merge Heap Roots: 5.0ms
[2026-01-16T08:32:47.657+0000][gc,phases   ] GC(332)   Evacuate Collection Set: 433.9ms
[2026-01-16T08:32:47.657+0000][gc,phases   ] GC(332)   Post Evacuate Collection Set: 11.3ms
[2026-01-16T08:32:47.658+0000][gc,phases   ] GC(332)   Other: 1.9ms
[2026-01-16T08:32:47.660+0000][gc,heap     ] GC(332) Eden regions: 46->0(46)
[2026-01-16T08:32:47.661+0000][gc,heap     ] GC(332) Survivor regions: 5->5(7)
[2026-01-16T08:32:47.661+0000][gc,heap     ] GC(332) Old regions: 190->190
[2026-01-16T08:32:47.662+0000][gc,heap     ] GC(332) Humongous regions: 149->149
[2026-01-16T08:32:47.663+0000][gc,metaspace] GC(332) Metaspace: 14358K(14720K)->14358K(14720K) NonClass: 12748K(12928K)->12748K(12928K) Class: 1609K(1792K)->1609K(1792K)
[2026-01-16T08:32:47.664+0000][gc          ] GC(332) Pause Young (Normal) (G1 Evacuation Pause) 388M->343M(1024M) 526.875ms
[2026-01-16T08:32:47.666+0000][gc,cpu      ] GC(332) User=0.23s Sys=0.03s Real=0.52s
[2026-01-16T08:32:54.753+0000][gc,start    ] GC(333) Pause Young (Normal) (G1 Evacuation Pause)
[2026-01-16T08:32:54.758+0000][gc,task     ] GC(333) Using 8 workers of 8 for evacuation
[2026-01-16T08:32:55.257+0000][gc,mmu      ] GC(333) MMU target violated: 201.0ms (200.0ms/201.0ms)
[2026-01-16T08:32:55.261+0000][gc,phases   ] GC(333)   Pre Evacuate Collection Set: 36.1ms
[2026-01-16T08:32:55.262+0000][gc,phases   ] GC(333)   Merge Heap Roots: 9.5ms
[2026-01-16T08:32:55.271+0000][gc,phases   ] GC(333)   Evacuate Collection Set: 437.6ms
[2026-01-16T08:32:55.281+0000][gc,phases   ] GC(333)   Post Evacuate Collection Set: 9.0ms
[2026-01-16T08:32:55.281+0000][gc,phases   ] GC(333)   Other: 11.2ms
[2026-01-16T08:32:55.290+0000][gc,heap     ] GC(333) Eden regions: 46->0(46)
[2026-01-16T08:32:55.313+0000][gc,heap     ] GC(333) Survivor regions: 5->5(7)
[2026-01-16T08:32:55.313+0000][gc,heap     ] GC(333) Old regions: 190->191
[2026-01-16T08:32:55.313+0000][gc,heap     ] GC(333) Humongous regions: 149->149
[2026-01-16T08:32:55.313+0000][gc,metaspace] GC(333) Metaspace: 14361K(14720K)->14361K(14720K) NonClass: 12751K(12928K)->12751K(12928K) Class: 1609K(1792K)->1609K(1792K)
[2026-01-16T08:32:55.314+0000][gc          ] GC(333) Pause Young (Normal) (G1 Evacuation Pause) 389M->343M(1024M) 560.707ms
[2026-01-16T08:32:55.324+0000][gc,cpu      ] GC(333) User=0.31s Sys=0.04s Real=0.57s
[2026-01-16T08:32:57.157+0000][gc,start    ] GC(334) Pause Young (Normal) (G1 Evacuation Pause)
[2026-01-16T08:32:57.161+0000][gc,task     ] GC(334) Using 8 workers of 8 for evacuation
[2026-01-16T08:32:57.491+0000][gc,mmu      ] GC(334) MMU target violated: 201.0ms (200.0ms/201.0ms)
[2026-01-16T08:32:57.504+0000][gc,phases   ] GC(334)   Pre Evacuate Collection Set: 43.6ms
[2026-01-16T08:32:57.512+0000][gc,phases   ] GC(334)   Merge Heap Roots: 12.4ms
[2026-01-16T08:32:57.513+0000][gc,phases   ] GC(334)   Evacuate Collection Set: 266.8ms
[2026-01-16T08:32:57.513+0000][gc,phases   ] GC(334)   Post Evacuate Collection Set: 2.9ms
[2026-01-16T08:32:57.513+0000][gc,phases   ] GC(334)   Other: 17.3ms
[2026-01-16T08:32:57.513+0000][gc,heap     ] GC(334) Eden regions: 46->0(47)
[2026-01-16T08:32:57.513+0000][gc,heap     ] GC(334) Survivor regions: 5->4(7)
[2026-01-16T08:32:57.516+0000][gc,heap     ] GC(334) Old regions: 191->192
[2026-01-16T08:32:57.517+0000][gc,heap     ] GC(334) Humongous regions: 149->149
[2026-01-16T08:32:57.518+0000][gc,metaspace] GC(334) Metaspace: 14364K(14720K)->14364K(14720K) NonClass: 12755K(12928K)->12755K(12928K) Class: 1609K(1792K)->1609K(1792K)
[2026-01-16T08:32:57.522+0000][gc          ] GC(334) Pause Young (Normal) (G1 Evacuation Pause) 389M->344M(1024M) 364.253ms
[2026-01-16T08:32:57.522+0000][gc,cpu      ] GC(334) User=0.20s Sys=0.03s Real=0.36s
[2026-01-16T08:33:00.672+0000][gc,start    ] GC(335) Pause Young (Normal) (G1 Evacuation Pause)
[2026-01-16T08:33:00.682+0000][gc,task     ] GC(335) Using 8 workers of 8 for evacuation
[2026-01-16T08:33:01.073+0000][gc,mmu      ] GC(335) MMU target violated: 201.0ms (200.0ms/201.0ms)
[2026-01-16T08:33:01.074+0000][gc,phases   ] GC(335)   Pre Evacuate Collection Set: 15.3ms
[2026-01-16T08:33:01.075+0000][gc,phases   ] GC(335)   Merge Heap Roots: 34.9ms
[2026-01-16T08:33:01.075+0000][gc,phases   ] GC(335)   Evacuate Collection Set: 313.4ms
[2026-01-16T08:33:01.081+0000][gc,phases   ] GC(335)   Post Evacuate Collection Set: 15.5ms
[2026-01-16T08:33:01.083+0000][gc,phases   ] GC(335)   Other: 20.2ms
[2026-01-16T08:33:01.085+0000][gc,heap     ] GC(335) Eden regions: 47->0(47)
[2026-01-16T08:33:01.089+0000][gc,heap     ] GC(335) Survivor regions: 4->4(7)
[2026-01-16T08:33:01.091+0000][gc,heap     ] GC(335) Old regions: 192->193
[2026-01-16T08:33:01.093+0000][gc,heap     ] GC(335) Humongous regions: 149->149
[2026-01-16T08:33:01.093+0000][gc,metaspace] GC(335) Metaspace: 14364K(14720K)->14364K(14720K) NonClass: 12755K(12928K)->12755K(12928K) Class: 1609K(1792K)->1609K(1792K)
[2026-01-16T08:33:01.199+0000][gc          ] GC(335) Pause Young (Normal) (G1 Evacuation Pause) 391M->345M(1024M) 527.941ms
[2026-01-16T08:33:01.200+0000][gc,cpu      ] GC(335) User=0.29s Sys=0.05s Real=0.53s
[2026-01-16T08:33:04.216+0000][gc,start    ] GC(336) Pause Young (Normal) (G1 Evacuation Pause)
[2026-01-16T08:33:04.228+0000][gc,task     ] GC(336) Using 8 workers of 8 for evacuation
[2026-01-16T08:33:05.197+0000][gc,mmu      ] GC(336) MMU target violated: 201.0ms (200.0ms/201.0ms)
[2026-01-16T08:33:05.200+0000][gc,phases   ] GC(336)   Pre Evacuate Collection Set: 27.5ms
[2026-01-16T08:33:05.205+0000][gc,phases   ] GC(336)   Merge Heap Roots: 10.9ms
[2026-01-16T08:33:05.206+0000][gc,phases   ] GC(336)   Evacuate Collection Set: 905.6ms
[2026-01-16T08:33:05.211+0000][gc,phases   ] GC(336)   Post Evacuate Collection Set: 13.8ms
[2026-01-16T08:33:05.213+0000][gc,phases   ] GC(336)   Other: 14.4ms
[2026-01-16T08:33:05.215+0000][gc,heap     ] GC(336) Eden regions: 47->0(46)
[2026-01-16T08:33:05.216+0000][gc,heap     ] GC(336) Survivor regions: 4->5(7)
[2026-01-16T08:33:05.218+0000][gc,heap     ] GC(336) Old regions: 193->194
[2026-01-16T08:33:05.219+0000][gc,heap     ] GC(336) Humongous regions: 149->149
[2026-01-16T08:33:05.224+0000][gc,metaspace] GC(336) Metaspace: 14364K(14720K)->14364K(14720K) NonClass: 12755K(12928K)->12755K(12928K) Class: 1609K(1792K)->1609K(1792K)
[2026-01-16T08:33:05.228+0000][gc          ] GC(336) Pause Young (Normal) (G1 Evacuation Pause) 392M->346M(1024M) 1011.475ms
[2026-01-16T08:33:05.230+0000][gc,cpu      ] GC(336) User=0.23s Sys=0.05s Real=1.02s
[2026-01-16T08:33:07.410+0000][gc,start    ] GC(337) Pause Young (Normal) (G1 Evacuation Pause)
[2026-01-16T08:33:07.411+0000][gc,task     ] GC(337) Using 8 workers of 8 for evacuation
[2026-01-16T08:33:08.690+0000][gc,mmu      ] GC(337) MMU target violated: 201.0ms (200.0ms/201.0ms)
[2026-01-16T08:33:08.695+0000][gc,phases   ] GC(337)   Pre Evacuate Collection Set: 92.4ms
[2026-01-16T08:33:08.706+0000][gc,phases   ] GC(337)   Merge Heap Roots: 46.6ms
[2026-01-16T08:33:08.710+0000][gc,phases   ] GC(337)   Evacuate Collection Set: 1028.0ms
[2026-01-16T08:33:08.715+0000][gc,phases   ] GC(337)   Post Evacuate Collection Set: 109.8ms
[2026-01-16T08:33:08.719+0000][gc,phases   ] GC(337)   Other: 7.0ms
[2026-01-16T08:33:08.720+0000][gc,heap     ] GC(337) Eden regions: 46->0(46)
[2026-01-16T08:33:08.720+0000][gc,heap     ] GC(337) Survivor regions: 5->5(7)
[2026-01-16T08:33:08.720+0000][gc,heap     ] GC(337) Old regions: 194->194
[2026-01-16T08:33:08.720+0000][gc,heap     ] GC(337) Humongous regions: 149->149
[2026-01-16T08:33:08.725+0000][gc,metaspace] GC(337) Metaspace: 14365K(14720K)->14365K(14720K) NonClass: 12756K(12928K)->12756K(12928K) Class: 1609K(1792K)->1609K(1792K)
[2026-01-16T08:33:08.731+0000][gc          ] GC(337) Pause Young (Normal) (G1 Evacuation Pause) 392M->347M(1024M) 1320.730ms
[2026-01-16T08:33:08.764+0000][gc,cpu      ] GC(337) User=0.34s Sys=0.10s Real=1.35s
[2026-01-16T08:33:15.080+0000][gc,start    ] GC(338) Pause Young (Normal) (G1 Evacuation Pause)
[2026-01-16T08:33:15.093+0000][gc,task     ] GC(338) Using 8 workers of 8 for evacuation
[2026-01-16T08:33:16.633+0000][gc,mmu      ] GC(338) MMU target violated: 201.0ms (200.0ms/201.0ms)
[2026-01-16T08:33:16.636+0000][gc,phases   ] GC(338)   Pre Evacuate Collection Set: 167.3ms
[2026-01-16T08:33:16.681+0000][gc,phases   ] GC(338)   Merge Heap Roots: 8.3ms
[2026-01-16T08:33:16.682+0000][gc,phases   ] GC(338)   Evacuate Collection Set: 994.9ms
[2026-01-16T08:33:16.689+0000][gc,phases   ] GC(338)   Post Evacuate Collection Set: 347.7ms
[2026-01-16T08:33:16.695+0000][gc,phases   ] GC(338)   Other: 24.6ms
[2026-01-16T08:33:16.711+0000][gc,heap     ] GC(338) Eden regions: 46->0(46)
[2026-01-16T08:33:16.721+0000][gc,heap     ] GC(338) Survivor regions: 5->5(7)
[2026-01-16T08:33:16.723+0000][gc,heap     ] GC(338) Old regions: 194->195
[2026-01-16T08:33:16.724+0000][gc,heap     ] GC(338) Humongous regions: 149->149
[2026-01-16T08:33:16.725+0000][gc,metaspace] GC(338) Metaspace: 14366K(14720K)->14366K(14720K) NonClass: 12756K(12928K)->12756K(12928K) Class: 1609K(1792K)->1609K(1792K)
[2026-01-16T08:33:16.729+0000][gc          ] GC(338) Pause Young (Normal) (G1 Evacuation Pause) 393M->347M(1024M) 1648.780ms
[2026-01-16T08:33:16.729+0000][gc,cpu      ] GC(338) User=0.67s Sys=0.14s Real=1.65s
[2026-01-16T08:33:21.932+0000][gc,start    ] GC(339) Pause Young (Normal) (G1 Evacuation Pause)
[2026-01-16T08:33:21.943+0000][gc,task     ] GC(339) Using 8 workers of 8 for evacuation
[2026-01-16T08:33:22.352+0000][gc,mmu      ] GC(339) MMU target violated: 201.0ms (200.0ms/201.0ms)
[2026-01-16T08:33:22.353+0000][gc,phases   ] GC(339)   Pre Evacuate Collection Set: 20.6ms
[2026-01-16T08:33:22.353+0000][gc,phases   ] GC(339)   Merge Heap Roots: 14.0ms
[2026-01-16T08:33:22.353+0000][gc,phases   ] GC(339)   Evacuate Collection Set: 366.2ms
[2026-01-16T08:33:22.353+0000][gc,phases   ] GC(339)   Post Evacuate Collection Set: 7.4ms
[2026-01-16T08:33:22.357+0000][gc,phases   ] GC(339)   Other: 1.6ms
[2026-01-16T08:33:22.358+0000][gc,heap     ] GC(339) Eden regions: 46->0(46)
[2026-01-16T08:33:22.360+0000][gc,heap     ] GC(339) Survivor regions: 5->5(7)
[2026-01-16T08:33:22.360+0000][gc,heap     ] GC(339) Old regions: 195->196
[2026-01-16T08:33:22.361+0000][gc,heap     ] GC(339) Humongous regions: 149->149
[2026-01-16T08:33:22.363+0000][gc,metaspace] GC(339) Metaspace: 14367K(14720K)->14367K(14720K) NonClass: 12757K(12928K)->12757K(12928K) Class: 1609K(1792K)->1609K(1792K)
[2026-01-16T08:33:22.366+0000][gc          ] GC(339) Pause Young (Normal) (G1 Evacuation Pause) 393M->349M(1024M) 433.434ms
[2026-01-16T08:33:22.369+0000][gc,cpu      ] GC(339) User=0.25s Sys=0.03s Real=0.44s
[2026-01-16T08:33:23.642+0000][gc,start    ] GC(340) Pause Young (Normal) (G1 Evacuation Pause)
[2026-01-16T08:33:23.645+0000][gc,task     ] GC(340) Using 8 workers of 8 for evacuation
[2026-01-16T08:33:24.114+0000][gc,mmu      ] GC(340) MMU target violated: 201.0ms (200.0ms/201.0ms)
[2026-01-16T08:33:24.114+0000][gc,phases   ] GC(340)   Pre Evacuate Collection Set: 30.7ms
[2026-01-16T08:33:24.115+0000][gc,phases   ] GC(340)   Merge Heap Roots: 21.9ms
[2026-01-16T08:33:24.115+0000][gc,phases   ] GC(340)   Evacuate Collection Set: 387.1ms
[2026-01-16T08:33:24.115+0000][gc,phases   ] GC(340)   Post Evacuate Collection Set: 25.0ms
[2026-01-16T08:33:24.116+0000][gc,phases   ] GC(340)   Other: 5.4ms
[2026-01-16T08:33:24.119+0000][gc,heap     ] GC(340) Eden regions: 46->0(46)
[2026-01-16T08:33:24.119+0000][gc,heap     ] GC(340) Survivor regions: 5->5(7)
[2026-01-16T08:33:24.119+0000][gc,heap     ] GC(340) Old regions: 196->197
[2026-01-16T08:33:24.133+0000][gc,heap     ] GC(340) Humongous regions: 149->149
[2026-01-16T08:33:24.135+0000][gc,metaspace] GC(340) Metaspace: 14367K(14720K)->14367K(14720K) NonClass: 12757K(12928K)->12757K(12928K) Class: 1609K(1792K)->1609K(1792K)
[2026-01-16T08:33:24.138+0000][gc          ] GC(340) Pause Young (Normal) (G1 Evacuation Pause) 395M->349M(1024M) 496.552ms
[2026-01-16T08:33:24.142+0000][gc,cpu      ] GC(340) User=0.22s Sys=0.03s Real=0.50s
[2026-01-16T08:33:25.030+0000][gc,start    ] GC(341) Pause Young (Normal) (G1 Evacuation Pause)
[2026-01-16T08:33:25.031+0000][gc,task     ] GC(341) Using 8 workers of 8 for evacuation
[2026-01-16T08:33:25.140+0000][gc,phases   ] GC(341)   Pre Evacuate Collection Set: 3.3ms
[2026-01-16T08:33:25.141+0000][gc,phases   ] GC(341)   Merge Heap Roots: 2.5ms
[2026-01-16T08:33:25.143+0000][gc,phases   ] GC(341)   Evacuate Collection Set: 94.3ms
[2026-01-16T08:33:25.144+0000][gc,phases   ] GC(341)   Post Evacuate Collection Set: 7.2ms
[2026-01-16T08:33:25.146+0000][gc,phases   ] GC(341)   Other: 1.8ms
[2026-01-16T08:33:25.149+0000][gc,heap     ] GC(341) Eden regions: 46->0(47)
[2026-01-16T08:33:25.150+0000][gc,heap     ] GC(341) Survivor regions: 5->4(7)
[2026-01-16T08:33:25.151+0000][gc,heap     ] GC(341) Old regions: 197->198
[2026-01-16T08:33:25.151+0000][gc,heap     ] GC(341) Humongous regions: 149->149
[2026-01-16T08:33:25.152+0000][gc,metaspace] GC(341) Metaspace: 14367K(14720K)->14367K(14720K) NonClass: 12757K(12928K)->12757K(12928K) Class: 1609K(1792K)->1609K(1792K)
[2026-01-16T08:33:25.154+0000][gc          ] GC(341) Pause Young (Normal) (G1 Evacuation Pause) 395M->350M(1024M) 123.629ms
[2026-01-16T08:33:25.157+0000][gc,cpu      ] GC(341) User=0.05s Sys=0.04s Real=0.12s
[2026-01-16T08:33:26.079+0000][gc,start    ] GC(342) Pause Young (Normal) (G1 Evacuation Pause)
[2026-01-16T08:33:26.083+0000][gc,task     ] GC(342) Using 8 workers of 8 for evacuation
[2026-01-16T08:33:26.242+0000][gc,phases   ] GC(342)   Pre Evacuate Collection Set: 1.7ms
[2026-01-16T08:33:26.243+0000][gc,phases   ] GC(342)   Merge Heap Roots: 0.5ms
[2026-01-16T08:33:26.244+0000][gc,phases   ] GC(342)   Evacuate Collection Set: 146.3ms
[2026-01-16T08:33:26.246+0000][gc,phases   ] GC(342)   Post Evacuate Collection Set: 9.8ms
[2026-01-16T08:33:26.246+0000][gc,phases   ] GC(342)   Other: 1.0ms
[2026-01-16T08:33:26.246+0000][gc,heap     ] GC(342) Eden regions: 47->0(47)
[2026-01-16T08:33:26.247+0000][gc,heap     ] GC(342) Survivor regions: 4->4(7)
[2026-01-16T08:33:26.248+0000][gc,heap     ] GC(342) Old regions: 198->199
[2026-01-16T08:33:26.248+0000][gc,heap     ] GC(342) Humongous regions: 149->149
[2026-01-16T08:33:26.249+0000][gc,metaspace] GC(342) Metaspace: 14367K(14720K)->14367K(14720K) NonClass: 12758K(12928K)->12758K(12928K) Class: 1609K(1792K)->1609K(1792K)
[2026-01-16T08:33:26.250+0000][gc          ] GC(342) Pause Young (Normal) (G1 Evacuation Pause) 397M->350M(1024M) 170.678ms
[2026-01-16T08:33:26.250+0000][gc,cpu      ] GC(342) User=0.10s Sys=0.02s Real=0.17s
[2026-01-16T08:33:28.296+0000][gc,start    ] GC(343) Pause Young (Normal) (G1 Evacuation Pause)
[2026-01-16T08:33:28.298+0000][gc,task     ] GC(343) Using 8 workers of 8 for evacuation
[2026-01-16T08:33:31.251+0000][gc,mmu      ] GC(343) MMU target violated: 201.0ms (200.0ms/201.0ms)
[2026-01-16T08:33:31.252+0000][gc,phases   ] GC(343)   Pre Evacuate Collection Set: 99.9ms
[2026-01-16T08:33:31.252+0000][gc,phases   ] GC(343)   Merge Heap Roots: 23.0ms
[2026-01-16T08:33:31.254+0000][gc,phases   ] GC(343)   Evacuate Collection Set: 2591.7ms
[2026-01-16T08:33:31.256+0000][gc,phases   ] GC(343)   Post Evacuate Collection Set: 223.2ms
[2026-01-16T08:33:31.257+0000][gc,phases   ] GC(343)   Other: 16.3ms
[2026-01-16T08:33:31.257+0000][gc,heap     ] GC(343) Eden regions: 47->0(46)
[2026-01-16T08:33:31.257+0000][gc,heap     ] GC(343) Survivor regions: 4->5(7)
[2026-01-16T08:33:31.258+0000][gc,heap     ] GC(343) Old regions: 199->199
[2026-01-16T08:33:31.258+0000][gc,heap     ] GC(343) Humongous regions: 149->149
[2026-01-16T08:33:31.258+0000][gc,metaspace] GC(343) Metaspace: 14367K(14720K)->14367K(14720K) NonClass: 12758K(12928K)->12758K(12928K) Class: 1609K(1792K)->1609K(1792K)
[2026-01-16T08:33:31.258+0000][gc          ] GC(343) Pause Young (Normal) (G1 Evacuation Pause) 397M->351M(1024M) 2962.355ms
[2026-01-16T08:33:31.259+0000][gc,cpu      ] GC(343) User=0.47s Sys=0.08s Real=2.96s
[2026-01-16T08:33:35.354+0000][gc,start    ] GC(344) Pause Young (Normal) (G1 Evacuation Pause)
[2026-01-16T08:33:35.371+0000][gc,task     ] GC(344) Using 8 workers of 8 for evacuation
[2026-01-16T08:33:35.758+0000][gc,mmu      ] GC(344) MMU target violated: 201.0ms (200.0ms/201.0ms)
[2026-01-16T08:33:35.760+0000][gc,phases   ] GC(344)   Pre Evacuate Collection Set: 18.3ms
[2026-01-16T08:33:35.763+0000][gc,phases   ] GC(344)   Merge Heap Roots: 1.5ms
[2026-01-16T08:33:35.764+0000][gc,phases   ] GC(344)   Evacuate Collection Set: 353.9ms
[2026-01-16T08:33:35.766+0000][gc,phases   ] GC(344)   Post Evacuate Collection Set: 13.0ms
[2026-01-16T08:33:35.772+0000][gc,phases   ] GC(344)   Other: 7.1ms
[2026-01-16T08:33:35.775+0000][gc,heap     ] GC(344) Eden regions: 46->0(47)
[2026-01-16T08:33:35.776+0000][gc,heap     ] GC(344) Survivor regions: 5->4(7)
[2026-01-16T08:33:35.776+0000][gc,heap     ] GC(344) Old regions: 199->200
[2026-01-16T08:33:35.776+0000][gc,heap     ] GC(344) Humongous regions: 149->149
[2026-01-16T08:33:35.780+0000][gc,metaspace] GC(344) Metaspace: 14367K(14720K)->14367K(14720K) NonClass: 12758K(12928K)->12758K(12928K) Class: 1609K(1792K)->1609K(1792K)
[2026-01-16T08:33:35.782+0000][gc          ] GC(344) Pause Young (Normal) (G1 Evacuation Pause) 397M->352M(1024M) 428.088ms
[2026-01-16T08:33:35.783+0000][gc,cpu      ] GC(344) User=0.24s Sys=0.04s Real=0.43s
[2026-01-16T08:33:37.234+0000][gc,start    ] GC(345) Pause Young (Normal) (G1 Evacuation Pause)
[2026-01-16T08:33:37.262+0000][gc,task     ] GC(345) Using 8 workers of 8 for evacuation
[2026-01-16T08:33:37.797+0000][gc,mmu      ] GC(345) MMU target violated: 201.0ms (200.0ms/201.0ms)
[2026-01-16T08:33:37.799+0000][gc,phases   ] GC(345)   Pre Evacuate Collection Set: 45.7ms
[2026-01-16T08:33:37.802+0000][gc,phases   ] GC(345)   Merge Heap Roots: 3.0ms
[2026-01-16T08:33:37.802+0000][gc,phases   ] GC(345)   Evacuate Collection Set: 463.4ms
[2026-01-16T08:33:37.802+0000][gc,phases   ] GC(345)   Post Evacuate Collection Set: 19.4ms
[2026-01-16T08:33:37.802+0000][gc,phases   ] GC(345)   Other: 5.7ms
[2026-01-16T08:33:37.802+0000][gc,heap     ] GC(345) Eden regions: 47->0(46)
[2026-01-16T08:33:37.802+0000][gc,heap     ] GC(345) Survivor regions: 4->5(7)
[2026-01-16T08:33:37.802+0000][gc,heap     ] GC(345) Old regions: 200->201
[2026-01-16T08:33:37.802+0000][gc,heap     ] GC(345) Humongous regions: 149->149
[2026-01-16T08:33:37.802+0000][gc,metaspace] GC(345) Metaspace: 14368K(14720K)->14368K(14720K) NonClass: 12758K(12928K)->12758K(12928K) Class: 1609K(1792K)->1609K(1792K)
[2026-01-16T08:33:37.803+0000][gc          ] GC(345) Pause Young (Normal) (G1 Evacuation Pause) 399M->353M(1024M) 568.885ms
[2026-01-16T08:33:37.805+0000][gc,cpu      ] GC(345) User=0.33s Sys=0.06s Real=0.57s
[2026-01-16T08:33:39.244+0000][gc,start    ] GC(346) Pause Young (Normal) (G1 Evacuation Pause)
[2026-01-16T08:33:39.250+0000][gc,task     ] GC(346) Using 8 workers of 8 for evacuation
[2026-01-16T08:33:39.823+0000][gc,mmu      ] GC(346) MMU target violated: 201.0ms (200.0ms/201.0ms)
[2026-01-16T08:33:39.825+0000][gc,phases   ] GC(346)   Pre Evacuate Collection Set: 112.8ms
[2026-01-16T08:33:39.825+0000][gc,phases   ] GC(346)   Merge Heap Roots: 0.6ms
[2026-01-16T08:33:39.826+0000][gc,phases   ] GC(346)   Evacuate Collection Set: 445.0ms
[2026-01-16T08:33:39.826+0000][gc,phases   ] GC(346)   Post Evacuate Collection Set: 9.6ms
[2026-01-16T08:33:39.827+0000][gc,phases   ] GC(346)   Other: 7.0ms
[2026-01-16T08:33:39.828+0000][gc,heap     ] GC(346) Eden regions: 46->0(47)
[2026-01-16T08:33:39.829+0000][gc,heap     ] GC(346) Survivor regions: 5->4(7)
[2026-01-16T08:33:39.833+0000][gc,heap     ] GC(346) Old regions: 201->202
[2026-01-16T08:33:39.834+0000][gc,heap     ] GC(346) Humongous regions: 149->149
[2026-01-16T08:33:39.834+0000][gc,metaspace] GC(346) Metaspace: 14368K(14720K)->14368K(14720K) NonClass: 12758K(12928K)->12758K(12928K) Class: 1609K(1792K)->1609K(1792K)
[2026-01-16T08:33:39.835+0000][gc          ] GC(346) Pause Young (Normal) (G1 Evacuation Pause) 399M->354M(1024M) 590.971ms
[2026-01-16T08:33:39.835+0000][gc,cpu      ] GC(346) User=0.20s Sys=0.04s Real=0.59s
[2026-01-16T08:33:41.051+0000][gc,start    ] GC(347) Pause Young (Normal) (G1 Evacuation Pause)
[2026-01-16T08:33:41.057+0000][gc,task     ] GC(347) Using 8 workers of 8 for evacuation
[2026-01-16T08:33:41.643+0000][gc,mmu      ] GC(347) MMU target violated: 201.0ms (200.0ms/201.0ms)
[2026-01-16T08:33:41.646+0000][gc,phases   ] GC(347)   Pre Evacuate Collection Set: 21.3ms
[2026-01-16T08:33:41.646+0000][gc,phases   ] GC(347)   Merge Heap Roots: 25.0ms
[2026-01-16T08:33:41.647+0000][gc,phases   ] GC(347)   Evacuate Collection Set: 459.4ms
[2026-01-16T08:33:41.648+0000][gc,phases   ] GC(347)   Post Evacuate Collection Set: 9.6ms
[2026-01-16T08:33:41.648+0000][gc,phases   ] GC(347)   Other: 73.6ms
[2026-01-16T08:33:41.648+0000][gc,heap     ] GC(347) Eden regions: 47->0(47)
[2026-01-16T08:33:41.650+0000][gc,heap     ] GC(347) Survivor regions: 4->4(7)
[2026-01-16T08:33:41.650+0000][gc,heap     ] GC(347) Old regions: 202->203
[2026-01-16T08:33:41.651+0000][gc,heap     ] GC(347) Humongous regions: 149->149
[2026-01-16T08:33:41.651+0000][gc,metaspace] GC(347) Metaspace: 14369K(14720K)->14369K(14720K) NonClass: 12759K(12928K)->12759K(12928K) Class: 1609K(1792K)->1609K(1792K)
[2026-01-16T08:33:41.652+0000][gc          ] GC(347) Pause Young (Normal) (G1 Evacuation Pause) 401M->355M(1024M) 601.490ms
[2026-01-16T08:33:41.653+0000][gc,cpu      ] GC(347) User=0.22s Sys=0.05s Real=0.61s
[2026-01-16T08:33:42.649+0000][gc,start    ] GC(348) Pause Young (Normal) (G1 Evacuation Pause)
[2026-01-16T08:33:42.658+0000][gc,task     ] GC(348) Using 8 workers of 8 for evacuation
[2026-01-16T08:33:43.040+0000][gc,mmu      ] GC(348) MMU target violated: 201.0ms (200.0ms/201.0ms)
[2026-01-16T08:33:43.041+0000][gc,phases   ] GC(348)   Pre Evacuate Collection Set: 54.6ms
[2026-01-16T08:33:43.041+0000][gc,phases   ] GC(348)   Merge Heap Roots: 13.5ms
[2026-01-16T08:33:43.044+0000][gc,phases   ] GC(348)   Evacuate Collection Set: 281.8ms
[2026-01-16T08:33:43.045+0000][gc,phases   ] GC(348)   Post Evacuate Collection Set: 14.1ms
[2026-01-16T08:33:43.048+0000][gc,phases   ] GC(348)   Other: 18.9ms
[2026-01-16T08:33:43.048+0000][gc,heap     ] GC(348) Eden regions: 47->0(46)
[2026-01-16T08:33:43.048+0000][gc,heap     ] GC(348) Survivor regions: 4->5(7)
[2026-01-16T08:33:43.051+0000][gc,heap     ] GC(348) Old regions: 203->203
[2026-01-16T08:33:43.051+0000][gc,heap     ] GC(348) Humongous regions: 149->149
[2026-01-16T08:33:43.052+0000][gc,metaspace] GC(348) Metaspace: 14369K(14720K)->14369K(14720K) NonClass: 12759K(12928K)->12759K(12928K) Class: 1609K(1792K)->1609K(1792K)
[2026-01-16T08:33:43.054+0000][gc          ] GC(348) Pause Young (Normal) (G1 Evacuation Pause) 402M->355M(1024M) 404.680ms
[2026-01-16T08:33:43.056+0000][gc,cpu      ] GC(348) User=0.15s Sys=0.02s Real=0.41s
[2026-01-16T08:33:43.940+0000][gc,start    ] GC(349) Pause Young (Normal) (G1 Evacuation Pause)
[2026-01-16T08:33:43.941+0000][gc,task     ] GC(349) Using 8 workers of 8 for evacuation
[2026-01-16T08:33:44.214+0000][gc,mmu      ] GC(349) MMU target violated: 201.0ms (200.0ms/201.0ms)
[2026-01-16T08:33:44.218+0000][gc,phases   ] GC(349)   Pre Evacuate Collection Set: 39.3ms
[2026-01-16T08:33:44.222+0000][gc,phases   ] GC(349)   Merge Heap Roots: 16.5ms
[2026-01-16T08:33:44.223+0000][gc,phases   ] GC(349)   Evacuate Collection Set: 192.9ms
[2026-01-16T08:33:44.223+0000][gc,phases   ] GC(349)   Post Evacuate Collection Set: 23.9ms
[2026-01-16T08:33:44.226+0000][gc,phases   ] GC(349)   Other: 4.7ms
[2026-01-16T08:33:44.228+0000][gc,heap     ] GC(349) Eden regions: 46->0(47)
[2026-01-16T08:33:44.229+0000][gc,heap     ] GC(349) Survivor regions: 5->4(7)
[2026-01-16T08:33:44.230+0000][gc,heap     ] GC(349) Old regions: 203->204
[2026-01-16T08:33:44.231+0000][gc,heap     ] GC(349) Humongous regions: 149->149
[2026-01-16T08:33:44.232+0000][gc,metaspace] GC(349) Metaspace: 14369K(14720K)->14369K(14720K) NonClass: 12759K(12928K)->12759K(12928K) Class: 1609K(1792K)->1609K(1792K)
[2026-01-16T08:33:44.234+0000][gc          ] GC(349) Pause Young (Normal) (G1 Evacuation Pause) 401M->356M(1024M) 294.589ms
[2026-01-16T08:33:44.235+0000][gc,cpu      ] GC(349) User=0.18s Sys=0.03s Real=0.30s
[2026-01-16T08:33:46.349+0000][gc,start    ] GC(350) Pause Young (Normal) (G1 Evacuation Pause)
[2026-01-16T08:33:46.358+0000][gc,task     ] GC(350) Using 8 workers of 8 for evacuation
[2026-01-16T08:33:46.874+0000][gc,mmu      ] GC(350) MMU target violated: 201.0ms (200.0ms/201.0ms)
[2026-01-16T08:33:46.875+0000][gc,phases   ] GC(350)   Pre Evacuate Collection Set: 104.3ms
[2026-01-16T08:33:46.876+0000][gc,phases   ] GC(350)   Merge Heap Roots: 20.6ms
[2026-01-16T08:33:46.878+0000][gc,phases   ] GC(350)   Evacuate Collection Set: 314.7ms
[2026-01-16T08:33:46.879+0000][gc,phases   ] GC(350)   Post Evacuate Collection Set: 75.6ms
[2026-01-16T08:33:46.881+0000][gc,phases   ] GC(350)   Other: 2.2ms
[2026-01-16T08:33:46.883+0000][gc,heap     ] GC(350) Eden regions: 47->0(46)
[2026-01-16T08:33:46.883+0000][gc,heap     ] GC(350) Survivor regions: 4->5(7)
[2026-01-16T08:33:46.884+0000][gc,heap     ] GC(350) Old regions: 204->204
[2026-01-16T08:33:46.884+0000][gc,heap     ] GC(350) Humongous regions: 149->149
[2026-01-16T08:33:46.885+0000][gc,metaspace] GC(350) Metaspace: 14371K(14720K)->14371K(14720K) NonClass: 12761K(12928K)->12761K(12928K) Class: 1609K(1792K)->1609K(1792K)
[2026-01-16T08:33:46.885+0000][gc          ] GC(350) Pause Young (Normal) (G1 Evacuation Pause) 403M->357M(1024M) 536.478ms
[2026-01-16T08:33:46.886+0000][gc,cpu      ] GC(350) User=0.23s Sys=0.01s Real=0.54s
[2026-01-16T08:33:48.374+0000][gc,start    ] GC(351) Pause Young (Normal) (G1 Evacuation Pause)
[2026-01-16T08:33:48.389+0000][gc,task     ] GC(351) Using 8 workers of 8 for evacuation
[2026-01-16T08:33:48.790+0000][gc,mmu      ] GC(351) MMU target violated: 201.0ms (200.0ms/201.0ms)
[2026-01-16T08:33:48.791+0000][gc,phases   ] GC(351)   Pre Evacuate Collection Set: 10.1ms
[2026-01-16T08:33:48.792+0000][gc,phases   ] GC(351)   Merge Heap Roots: 4.8ms
[2026-01-16T08:33:48.792+0000][gc,phases   ] GC(351)   Evacuate Collection Set: 362.5ms
[2026-01-16T08:33:48.792+0000][gc,phases   ] GC(351)   Post Evacuate Collection Set: 19.0ms
[2026-01-16T08:33:48.792+0000][gc,phases   ] GC(351)   Other: 6.5ms
[2026-01-16T08:33:48.792+0000][gc,heap     ] GC(351) Eden regions: 46->0(47)
[2026-01-16T08:33:48.796+0000][gc,heap     ] GC(351) Survivor regions: 5->4(7)
[2026-01-16T08:33:48.797+0000][gc,heap     ] GC(351) Old regions: 204->206
[2026-01-16T08:33:48.798+0000][gc,heap     ] GC(351) Humongous regions: 149->149
[2026-01-16T08:33:48.799+0000][gc,metaspace] GC(351) Metaspace: 14371K(14720K)->14371K(14720K) NonClass: 12762K(12928K)->12762K(12928K) Class: 1609K(1792K)->1609K(1792K)
[2026-01-16T08:33:48.802+0000][gc          ] GC(351) Pause Young (Normal) (G1 Evacuation Pause) 403M->357M(1024M) 428.457ms
[2026-01-16T08:33:48.804+0000][gc,cpu      ] GC(351) User=0.17s Sys=0.02s Real=0.44s
[2026-01-16T08:33:50.282+0000][gc,start    ] GC(352) Pause Young (Normal) (G1 Evacuation Pause)
[2026-01-16T08:33:50.293+0000][gc,task     ] GC(352) Using 8 workers of 8 for evacuation
[2026-01-16T08:33:50.587+0000][gc,mmu      ] GC(352) MMU target violated: 201.0ms (200.0ms/201.0ms)
[2026-01-16T08:33:50.587+0000][gc,phases   ] GC(352)   Pre Evacuate Collection Set: 13.7ms
[2026-01-16T08:33:50.588+0000][gc,phases   ] GC(352)   Merge Heap Roots: 9.1ms
[2026-01-16T08:33:50.588+0000][gc,phases   ] GC(352)   Evacuate Collection Set: 257.8ms
[2026-01-16T08:33:50.588+0000][gc,phases   ] GC(352)   Post Evacuate Collection Set: 12.2ms
[2026-01-16T08:33:50.589+0000][gc,phases   ] GC(352)   Other: 1.6ms
[2026-01-16T08:33:50.589+0000][gc,heap     ] GC(352) Eden regions: 47->0(46)
[2026-01-16T08:33:50.590+0000][gc,heap     ] GC(352) Survivor regions: 4->5(7)
[2026-01-16T08:33:50.592+0000][gc,heap     ] GC(352) Old regions: 206->206
[2026-01-16T08:33:50.592+0000][gc,heap     ] GC(352) Humongous regions: 149->149
[2026-01-16T08:33:50.593+0000][gc,metaspace] GC(352) Metaspace: 14372K(14720K)->14372K(14720K) NonClass: 12762K(12928K)->12762K(12928K) Class: 1609K(1792K)->1609K(1792K)
[2026-01-16T08:33:50.595+0000][gc          ] GC(352) Pause Young (Normal) (G1 Evacuation Pause) 404M->358M(1024M) 313.237ms
[2026-01-16T08:33:50.597+0000][gc,cpu      ] GC(352) User=0.13s Sys=0.01s Real=0.31s
[2026-01-16T08:33:52.150+0000][gc,start    ] GC(353) Pause Young (Normal) (G1 Evacuation Pause)
[2026-01-16T08:33:52.165+0000][gc,task     ] GC(353) Using 8 workers of 8 for evacuation
[2026-01-16T08:33:52.444+0000][gc,mmu      ] GC(353) MMU target violated: 201.0ms (200.0ms/201.0ms)
[2026-01-16T08:33:52.447+0000][gc,phases   ] GC(353)   Pre Evacuate Collection Set: 41.8ms
[2026-01-16T08:33:52.448+0000][gc,phases   ] GC(353)   Merge Heap Roots: 22.9ms
[2026-01-16T08:33:52.451+0000][gc,phases   ] GC(353)   Evacuate Collection Set: 198.2ms
[2026-01-16T08:33:52.452+0000][gc,phases   ] GC(353)   Post Evacuate Collection Set: 5.0ms
[2026-01-16T08:33:52.452+0000][gc,phases   ] GC(353)   Other: 13.8ms
[2026-01-16T08:33:52.452+0000][gc,heap     ] GC(353) Eden regions: 46->0(46)
[2026-01-16T08:33:52.455+0000][gc,heap     ] GC(353) Survivor regions: 5->5(7)
[2026-01-16T08:33:52.455+0000][gc,heap     ] GC(353) Old regions: 206->206
[2026-01-16T08:33:52.455+0000][gc,heap     ] GC(353) Humongous regions: 149->149
[2026-01-16T08:33:52.455+0000][gc,metaspace] GC(353) Metaspace: 14376K(14720K)->14376K(14720K) NonClass: 12767K(12928K)->12767K(12928K) Class: 1609K(1792K)->1609K(1792K)
[2026-01-16T08:33:52.456+0000][gc          ] GC(353) Pause Young (Normal) (G1 Evacuation Pause) 404M->359M(1024M) 305.730ms
[2026-01-16T08:33:52.457+0000][gc,cpu      ] GC(353) User=0.16s Sys=0.01s Real=0.31s
[2026-01-16T08:33:53.435+0000][gc,start    ] GC(354) Pause Young (Normal) (G1 Evacuation Pause)
[2026-01-16T08:33:53.437+0000][gc,task     ] GC(354) Using 8 workers of 8 for evacuation
[2026-01-16T08:33:53.538+0000][gc,phases   ] GC(354)   Pre Evacuate Collection Set: 3.3ms
[2026-01-16T08:33:53.538+0000][gc,phases   ] GC(354)   Merge Heap Roots: 1.4ms
[2026-01-16T08:33:53.539+0000][gc,phases   ] GC(354)   Evacuate Collection Set: 92.5ms
[2026-01-16T08:33:53.540+0000][gc,phases   ] GC(354)   Post Evacuate Collection Set: 2.5ms
[2026-01-16T08:33:53.540+0000][gc,phases   ] GC(354)   Other: 1.6ms
[2026-01-16T08:33:53.541+0000][gc,heap     ] GC(354) Eden regions: 46->0(46)
[2026-01-16T08:33:53.541+0000][gc,heap     ] GC(354) Survivor regions: 5->5(7)
[2026-01-16T08:33:53.541+0000][gc,heap     ] GC(354) Old regions: 206->207
[2026-01-16T08:33:53.542+0000][gc,heap     ] GC(354) Humongous regions: 149->149
[2026-01-16T08:33:53.542+0000][gc,metaspace] GC(354) Metaspace: 14380K(14720K)->14380K(14720K) NonClass: 12770K(12928K)->12770K(12928K) Class: 1609K(1792K)->1609K(1792K)
[2026-01-16T08:33:53.543+0000][gc          ] GC(354) Pause Young (Normal) (G1 Evacuation Pause) 405M->360M(1024M) 107.265ms
[2026-01-16T08:33:53.543+0000][gc,cpu      ] GC(354) User=0.08s Sys=0.01s Real=0.11s
[2026-01-16T08:33:54.542+0000][gc,start    ] GC(355) Pause Young (Normal) (G1 Evacuation Pause)
[2026-01-16T08:33:54.545+0000][gc,task     ] GC(355) Using 8 workers of 8 for evacuation
[2026-01-16T08:33:54.642+0000][gc,phases   ] GC(355)   Pre Evacuate Collection Set: 2.9ms
[2026-01-16T08:33:54.642+0000][gc,phases   ] GC(355)   Merge Heap Roots: 1.3ms
[2026-01-16T08:33:54.643+0000][gc,phases   ] GC(355)   Evacuate Collection Set: 75.4ms
[2026-01-16T08:33:54.644+0000][gc,phases   ] GC(355)   Post Evacuate Collection Set: 16.0ms
[2026-01-16T08:33:54.645+0000][gc,phases   ] GC(355)   Other: 1.4ms
[2026-01-16T08:33:54.645+0000][gc,heap     ] GC(355) Eden regions: 46->0(47)
[2026-01-16T08:33:54.646+0000][gc,heap     ] GC(355) Survivor regions: 5->4(7)
[2026-01-16T08:33:54.647+0000][gc,heap     ] GC(355) Old regions: 207->208
[2026-01-16T08:33:54.647+0000][gc,heap     ] GC(355) Humongous regions: 149->149
[2026-01-16T08:33:54.648+0000][gc,metaspace] GC(355) Metaspace: 14382K(14720K)->14382K(14720K) NonClass: 12772K(12928K)->12772K(12928K) Class: 1609K(1792K)->1609K(1792K)
[2026-01-16T08:33:54.650+0000][gc          ] GC(355) Pause Young (Normal) (G1 Evacuation Pause) 406M->360M(1024M) 107.969ms
[2026-01-16T08:33:54.650+0000][gc,cpu      ] GC(355) User=0.08s Sys=0.02s Real=0.11s
[2026-01-16T08:33:56.157+0000][gc,start    ] GC(356) Pause Young (Normal) (G1 Evacuation Pause)
[2026-01-16T08:33:56.159+0000][gc,task     ] GC(356) Using 8 workers of 8 for evacuation
[2026-01-16T08:33:56.483+0000][gc,mmu      ] GC(356) MMU target violated: 201.0ms (200.0ms/201.0ms)
[2026-01-16T08:33:56.483+0000][gc,phases   ] GC(356)   Pre Evacuate Collection Set: 35.4ms
[2026-01-16T08:33:56.484+0000][gc,phases   ] GC(356)   Merge Heap Roots: 21.6ms
[2026-01-16T08:33:56.485+0000][gc,phases   ] GC(356)   Evacuate Collection Set: 255.0ms
[2026-01-16T08:33:56.485+0000][gc,phases   ] GC(356)   Post Evacuate Collection Set: 9.8ms
[2026-01-16T08:33:56.486+0000][gc,phases   ] GC(356)   Other: 2.8ms
[2026-01-16T08:33:56.486+0000][gc,heap     ] GC(356) Eden regions: 47->0(47)
[2026-01-16T08:33:56.489+0000][gc,heap     ] GC(356) Survivor regions: 4->4(7)
[2026-01-16T08:33:56.489+0000][gc,heap     ] GC(356) Old regions: 208->209
[2026-01-16T08:33:56.490+0000][gc,heap     ] GC(356) Humongous regions: 149->149
[2026-01-16T08:33:56.490+0000][gc,metaspace] GC(356) Metaspace: 14385K(14720K)->14385K(14720K) NonClass: 12776K(12928K)->12776K(12928K) Class: 1609K(1792K)->1609K(1792K)
[2026-01-16T08:33:56.490+0000][gc          ] GC(356) Pause Young (Normal) (G1 Evacuation Pause) 407M->361M(1024M) 333.300ms
[2026-01-16T08:33:56.491+0000][gc,cpu      ] GC(356) User=0.21s Sys=0.01s Real=0.33s
[2026-01-16T08:33:58.088+0000][gc,start    ] GC(357) Pause Young (Normal) (G1 Evacuation Pause)
[2026-01-16T08:33:58.092+0000][gc,task     ] GC(357) Using 8 workers of 8 for evacuation
[2026-01-16T08:33:58.357+0000][gc,mmu      ] GC(357) MMU target violated: 201.0ms (200.0ms/201.0ms)
[2026-01-16T08:33:58.358+0000][gc,phases   ] GC(357)   Pre Evacuate Collection Set: 38.7ms
[2026-01-16T08:33:58.361+0000][gc,phases   ] GC(357)   Merge Heap Roots: 5.9ms
[2026-01-16T08:33:58.363+0000][gc,phases   ] GC(357)   Evacuate Collection Set: 188.1ms
[2026-01-16T08:33:58.364+0000][gc,phases   ] GC(357)   Post Evacuate Collection Set: 28.1ms
[2026-01-16T08:33:58.371+0000][gc,phases   ] GC(357)   Other: 5.7ms
[2026-01-16T08:33:58.371+0000][gc,heap     ] GC(357) Eden regions: 47->0(46)
[2026-01-16T08:33:58.374+0000][gc,heap     ] GC(357) Survivor regions: 4->5(7)
[2026-01-16T08:33:58.376+0000][gc,heap     ] GC(357) Old regions: 209->210
[2026-01-16T08:33:58.379+0000][gc,heap     ] GC(357) Humongous regions: 149->149
[2026-01-16T08:33:58.384+0000][gc,metaspace] GC(357) Metaspace: 14385K(14720K)->14385K(14720K) NonClass: 12776K(12928K)->12776K(12928K) Class: 1609K(1792K)->1609K(1792K)
[2026-01-16T08:33:58.398+0000][gc          ] GC(357) Pause Young (Normal) (G1 Evacuation Pause) 408M->362M(1024M) 310.351ms
[2026-01-16T08:33:58.400+0000][gc,cpu      ] GC(357) User=0.25s Sys=0.05s Real=0.31s
[2026-01-16T08:34:00.037+0000][gc,start    ] GC(358) Pause Young (Normal) (G1 Evacuation Pause)
[2026-01-16T08:34:00.039+0000][gc,task     ] GC(358) Using 8 workers of 8 for evacuation
[2026-01-16T08:34:00.230+0000][gc,phases   ] GC(358)   Pre Evacuate Collection Set: 19.5ms
[2026-01-16T08:34:00.230+0000][gc,phases   ] GC(358)   Merge Heap Roots: 2.7ms
[2026-01-16T08:34:00.231+0000][gc,phases   ] GC(358)   Evacuate Collection Set: 151.1ms
[2026-01-16T08:34:00.231+0000][gc,phases   ] GC(358)   Post Evacuate Collection Set: 16.8ms
[2026-01-16T08:34:00.232+0000][gc,phases   ] GC(358)   Other: 0.7ms
[2026-01-16T08:34:00.237+0000][gc,heap     ] GC(358) Eden regions: 46->0(47)
[2026-01-16T08:34:00.239+0000][gc,heap     ] GC(358) Survivor regions: 5->4(7)
[2026-01-16T08:34:00.239+0000][gc,heap     ] GC(358) Old regions: 210->211
[2026-01-16T08:34:00.240+0000][gc,heap     ] GC(358) Humongous regions: 149->149
[2026-01-16T08:34:00.241+0000][gc,metaspace] GC(358) Metaspace: 14389K(14720K)->14389K(14720K) NonClass: 12779K(12928K)->12779K(12928K) Class: 1609K(1792K)->1609K(1792K)
[2026-01-16T08:34:00.242+0000][gc          ] GC(358) Pause Young (Normal) (G1 Evacuation Pause) 408M->363M(1024M) 204.832ms
[2026-01-16T08:34:00.243+0000][gc,cpu      ] GC(358) User=0.12s Sys=0.01s Real=0.21s
[2026-01-16T08:34:00.755+0000][gc,start    ] GC(359) Pause Young (Normal) (G1 Evacuation Pause)
[2026-01-16T08:34:00.755+0000][gc,task     ] GC(359) Using 8 workers of 8 for evacuation
[2026-01-16T08:34:00.879+0000][gc,phases   ] GC(359)   Pre Evacuate Collection Set: 10.1ms
[2026-01-16T08:34:00.880+0000][gc,phases   ] GC(359)   Merge Heap Roots: 0.5ms
[2026-01-16T08:34:00.881+0000][gc,phases   ] GC(359)   Evacuate Collection Set: 112.5ms
[2026-01-16T08:34:00.881+0000][gc,phases   ] GC(359)   Post Evacuate Collection Set: 1.0ms
[2026-01-16T08:34:00.881+0000][gc,phases   ] GC(359)   Other: 0.2ms
[2026-01-16T08:34:00.881+0000][gc,heap     ] GC(359) Eden regions: 47->0(46)
[2026-01-16T08:34:00.881+0000][gc,heap     ] GC(359) Survivor regions: 4->5(7)
[2026-01-16T08:34:00.881+0000][gc,heap     ] GC(359) Old regions: 211->211
[2026-01-16T08:34:00.881+0000][gc,heap     ] GC(359) Humongous regions: 149->149
[2026-01-16T08:34:00.881+0000][gc,metaspace] GC(359) Metaspace: 14396K(14720K)->14396K(14720K) NonClass: 12786K(12928K)->12786K(12928K) Class: 1609K(1792K)->1609K(1792K)
[2026-01-16T08:34:00.882+0000][gc          ] GC(359) Pause Young (Normal) (G1 Evacuation Pause) 410M->363M(1024M) 126.584ms
[2026-01-16T08:34:00.882+0000][gc,cpu      ] GC(359) User=0.06s Sys=0.00s Real=0.12s
[2026-01-16T08:34:01.497+0000][gc,start    ] GC(360) Pause Young (Normal) (G1 Evacuation Pause)
[2026-01-16T08:34:01.497+0000][gc,task     ] GC(360) Using 8 workers of 8 for evacuation
[2026-01-16T08:34:01.731+0000][gc,mmu      ] GC(360) MMU target violated: 201.0ms (200.0ms/201.0ms)
[2026-01-16T08:34:01.731+0000][gc,phases   ] GC(360)   Pre Evacuate Collection Set: 13.2ms
[2026-01-16T08:34:01.732+0000][gc,phases   ] GC(360)   Merge Heap Roots: 15.4ms
[2026-01-16T08:34:01.733+0000][gc,phases   ] GC(360)   Evacuate Collection Set: 200.0ms
[2026-01-16T08:34:01.733+0000][gc,phases   ] GC(360)   Post Evacuate Collection Set: 4.7ms
[2026-01-16T08:34:01.733+0000][gc,phases   ] GC(360)   Other: 0.8ms
[2026-01-16T08:34:01.733+0000][gc,heap     ] GC(360) Eden regions: 46->0(45)
[2026-01-16T08:34:01.733+0000][gc,heap     ] GC(360) Survivor regions: 5->6(7)
[2026-01-16T08:34:01.733+0000][gc,heap     ] GC(360) Old regions: 211->212
[2026-01-16T08:34:01.733+0000][gc,heap     ] GC(360) Humongous regions: 149->149
[2026-01-16T08:34:01.733+0000][gc,metaspace] GC(360) Metaspace: 14403K(14720K)->14403K(14720K) NonClass: 12793K(12928K)->12793K(12928K) Class: 1609K(1792K)->1609K(1792K)
[2026-01-16T08:34:01.733+0000][gc          ] GC(360) Pause Young (Normal) (G1 Evacuation Pause) 409M->365M(1024M) 236.684ms
[2026-01-16T08:34:01.734+0000][gc,cpu      ] GC(360) User=0.11s Sys=0.01s Real=0.24s
[2026-01-16T08:34:02.686+0000][gc,start    ] GC(361) Pause Young (Normal) (G1 Evacuation Pause)
[2026-01-16T08:34:02.687+0000][gc,task     ] GC(361) Using 8 workers of 8 for evacuation
[2026-01-16T08:34:02.875+0000][gc,phases   ] GC(361)   Pre Evacuate Collection Set: 19.3ms
[2026-01-16T08:34:02.876+0000][gc,phases   ] GC(361)   Merge Heap Roots: 2.1ms
[2026-01-16T08:34:02.887+0000][gc,phases   ] GC(361)   Evacuate Collection Set: 158.0ms
[2026-01-16T08:34:02.888+0000][gc,phases   ] GC(361)   Post Evacuate Collection Set: 8.8ms
[2026-01-16T08:34:02.889+0000][gc,phases   ] GC(361)   Other: 6.5ms
[2026-01-16T08:34:02.893+0000][gc,heap     ] GC(361) Eden regions: 45->0(115)
[2026-01-16T08:34:02.894+0000][gc,heap     ] GC(361) Survivor regions: 6->4(7)
[2026-01-16T08:34:02.896+0000][gc,heap     ] GC(361) Old regions: 212->214
[2026-01-16T08:34:02.896+0000][gc,heap     ] GC(361) Humongous regions: 149->149
[2026-01-16T08:34:02.898+0000][gc,metaspace] GC(361) Metaspace: 14406K(14720K)->14406K(14720K) NonClass: 12796K(12928K)->12796K(12928K) Class: 1609K(1792K)->1609K(1792K)
[2026-01-16T08:34:02.899+0000][gc          ] GC(361) Pause Young (Normal) (G1 Evacuation Pause) 410M->365M(1024M) 218.805ms
[2026-01-16T08:34:02.899+0000][gc,cpu      ] GC(361) User=0.09s Sys=0.02s Real=0.22s
[2026-01-16T08:34:16.446+0000][gc,start    ] GC(362) Pause Young (Normal) (G1 Evacuation Pause)
[2026-01-16T08:34:16.517+0000][gc,task     ] GC(362) Using 8 workers of 8 for evacuation
[2026-01-16T08:34:17.734+0000][gc,mmu      ] GC(362) MMU target violated: 201.0ms (200.0ms/201.0ms)
[2026-01-16T08:34:17.735+0000][gc,phases   ] GC(362)   Pre Evacuate Collection Set: 38.6ms
[2026-01-16T08:34:17.735+0000][gc,phases   ] GC(362)   Merge Heap Roots: 15.9ms
[2026-01-16T08:34:17.735+0000][gc,phases   ] GC(362)   Evacuate Collection Set: 1130.7ms
[2026-01-16T08:34:17.735+0000][gc,phases   ] GC(362)   Post Evacuate Collection Set: 30.8ms
[2026-01-16T08:34:17.735+0000][gc,phases   ] GC(362)   Other: 57.8ms
[2026-01-16T08:34:17.735+0000][gc,heap     ] GC(362) Eden regions: 124->0(45)
[2026-01-16T08:34:17.735+0000][gc,heap     ] GC(362) Survivor regions: 4->6(16)
[2026-01-16T08:34:17.735+0000][gc,heap     ] GC(362) Old regions: 214->214
[2026-01-16T08:34:17.735+0000][gc,heap     ] GC(362) Humongous regions: 155->155
[2026-01-16T08:34:17.735+0000][gc,metaspace] GC(362) Metaspace: 14452K(14784K)->14452K(14784K) NonClass: 12839K(12992K)->12839K(12992K) Class: 1612K(1792K)->1612K(1792K)
[2026-01-16T08:34:17.735+0000][gc          ] GC(362) Pause Young (Normal) (G1 Evacuation Pause) 495M->373M(1024M) 1289.332ms
[2026-01-16T08:34:17.735+0000][gc,cpu      ] GC(362) User=0.76s Sys=0.06s Real=1.29s
[2026-01-16T08:34:20.323+0000][gc,start    ] GC(363) Pause Young (Normal) (G1 Evacuation Pause)
[2026-01-16T08:34:20.325+0000][gc,task     ] GC(363) Using 8 workers of 8 for evacuation
[2026-01-16T08:34:21.312+0000][gc,mmu      ] GC(363) MMU target violated: 201.0ms (200.0ms/201.0ms)
[2026-01-16T08:34:21.313+0000][gc,phases   ] GC(363)   Pre Evacuate Collection Set: 165.5ms
[2026-01-16T08:34:21.314+0000][gc,phases   ] GC(363)   Merge Heap Roots: 15.1ms
[2026-01-16T08:34:21.314+0000][gc,phases   ] GC(363)   Evacuate Collection Set: 766.5ms
[2026-01-16T08:34:21.318+0000][gc,phases   ] GC(363)   Post Evacuate Collection Set: 30.9ms
[2026-01-16T08:34:21.320+0000][gc,phases   ] GC(363)   Other: 9.7ms
[2026-01-16T08:34:21.326+0000][gc,heap     ] GC(363) Eden regions: 45->0(47)
[2026-01-16T08:34:21.327+0000][gc,heap     ] GC(363) Survivor regions: 6->4(7)
[2026-01-16T08:34:21.327+0000][gc,heap     ] GC(363) Old regions: 214->216
[2026-01-16T08:34:21.328+0000][gc,heap     ] GC(363) Humongous regions: 155->155
[2026-01-16T08:34:21.329+0000][gc,metaspace] GC(363) Metaspace: 14482K(14784K)->14482K(14784K) NonClass: 12863K(12992K)->12863K(12992K) Class: 1618K(1792K)->1618K(1792K)
[2026-01-16T08:34:21.329+0000][gc          ] GC(363) Pause Young (Normal) (G1 Evacuation Pause) 418M->374M(1024M) 1006.155ms
[2026-01-16T08:34:21.340+0000][gc,cpu      ] GC(363) User=0.42s Sys=0.09s Real=1.01s
[2026-01-16T08:34:23.814+0000][gc,start    ] GC(364) Pause Young (Normal) (G1 Evacuation Pause)
[2026-01-16T08:34:23.818+0000][gc,task     ] GC(364) Using 8 workers of 8 for evacuation
[2026-01-16T08:34:24.971+0000][gc,mmu      ] GC(364) MMU target violated: 201.0ms (200.0ms/201.0ms)
[2026-01-16T08:34:24.972+0000][gc,phases   ] GC(364)   Pre Evacuate Collection Set: 15.6ms
[2026-01-16T08:34:24.973+0000][gc,phases   ] GC(364)   Merge Heap Roots: 21.9ms
[2026-01-16T08:34:24.973+0000][gc,phases   ] GC(364)   Evacuate Collection Set: 973.5ms
[2026-01-16T08:34:24.974+0000][gc,phases   ] GC(364)   Post Evacuate Collection Set: 139.0ms
[2026-01-16T08:34:24.974+0000][gc,phases   ] GC(364)   Other: 6.7ms
[2026-01-16T08:34:24.975+0000][gc,heap     ] GC(364) Eden regions: 47->0(47)
[2026-01-16T08:34:24.977+0000][gc,heap     ] GC(364) Survivor regions: 4->4(7)
[2026-01-16T08:34:24.983+0000][gc,heap     ] GC(364) Old regions: 216->217
[2026-01-16T08:34:24.984+0000][gc,heap     ] GC(364) Humongous regions: 155->155
[2026-01-16T08:34:24.985+0000][gc,metaspace] GC(364) Metaspace: 14516K(14912K)->14516K(14912K) NonClass: 12892K(13056K)->12892K(13056K) Class: 1624K(1856K)->1624K(1856K)
[2026-01-16T08:34:24.986+0000][gc          ] GC(364) Pause Young (Normal) (G1 Evacuation Pause) 421M->375M(1024M) 1171.841ms
[2026-01-16T08:34:24.988+0000][gc,cpu      ] GC(364) User=0.45s Sys=0.08s Real=1.18s
[2026-01-16T08:34:26.690+0000][gc,heap,exit] Heap
[2026-01-16T08:34:26.787+0000][gc,heap,exit]  garbage-first heap   total 1048576K, used 397547K [0x00000000c0000000, 0x0000000100000000)
[2026-01-16T08:34:26.807+0000][gc,heap,exit]   region size 1024K, 17 young (17408K), 4 survivors (4096K)
[2026-01-16T08:34:26.810+0000][gc,heap,exit]  Metaspace       used 14522K, committed 14912K, reserved 1114112K
[2026-01-16T08:34:26.811+0000][gc,heap,exit]   class space    used 1624K, committed 1856K, reserved 1048576K
